buffer_size: 40960000
rdma_init_ctx 1: buffer addr: 8919520
rdma_init_ctx 2: buffer addr: 8919520
rdma_init_ctx 3: buffer addr: 1117638672
rdma_init_ctx: QP (#1 out of 1) state set to INIT
rdma_prepare: buffer addr: 8919520
(RDMA_RECEIVER) local RDMA metadata: 0000:00016f:880504:00000000000000000000ffffc0a80c9b
main: Connected to the server.
(RDMA_RECEIVER) [SECOND] remote RDMA metadata: 0000:00008c:0fe53d:0003bf7d:00007ff2989c3010:00000000000000000000ffffc0a80c99
rdma_connect_ctx: QP (#1 out of 1) state set to RTR
rdma_connect_ctx: QP (#1 out of 1) state set to RTS
(RDMA_RECEIVER_CHECK) Starting integrity-checked streaming RDMA READ operations...
(RDMA_READ_CONSUME_CHECK) Starting with 4 worker threads
(RDMA_READ_CONSUME_CHECK) Buffer: 40960000 bytes, Messages: 20000 x 2048 bytes
(RDMA_READ_CONSUME_CHECK) Backpressure thresholds: up=90%, down=75%
(RDMA_READ_CONSUME_CHECK) Starting stream+check mode: 20000 messages, 3 batches per cycle
(RDMA_READ_CONSUME_CHECK) Starting cycle 0
(RDMA_READ_CONSUME_CHECK) Cycle 0, Batch 0: CRC32 OK (0xbeaa30f3), 8192 messages verified
(RDMA_READ_CONSUME_CHECK_CONSUMER) timestamp=0 ms, used_size=16775168 bytes (41.0%)
(RDMA_READ_CONSUME_CHECK_CONSUMER) timestamp=356 ms, used_size=16773120 bytes (41.0%)
(RDMA_READ_CONSUME_CHECK_CONSUMER) timestamp=356 ms, used_size=16771072 bytes (40.9%)
(RDMA_READ_CONSUME_CHECK_CONSUMER) timestamp=356 ms, used_size=16769024 bytes (40.9%)
(RDMA_READ_CONSUME_CHECK_CONSUMER) timestamp=356 ms, used_size=16766976 bytes (40.9%)
(RDMA_READ_CONSUME_CHECK_CONSUMER) timestamp=356 ms, used_size=16764928 bytes (40.9%)
(RDMA_READ_CONSUME_CHECK_CONSUMER) timestamp=356 ms, used_size=16762880 bytes (40.9%)
(RDMA_READ_CONSUME_CHECK_CONSUMER) timestamp=356 ms, used_size=16760832 bytes (40.9%)
(RDMA_READ_CONSUME_CHECK_CONSUMER) timestamp=356 ms, used_size=16758784 bytes (40.9%)
(RDMA_READ_CONSUME_CHECK_CONSUMER) timestamp=356 ms, used_size=16756736 bytes (40.9%)
(RDMA_READ_CONSUME_CHECK_CONSUMER) timestamp=356 ms, used_size=16754688 bytes (40.9%)
(RDMA_READ_CONSUME_CHECK_CONSUMER) timestamp=357 ms, used_size=16752640 bytes (40.9%)
(RDMA_READ_CONSUME_CHECK_CONSUMER) timestamp=357 ms, used_size=16750592 bytes (40.9%)
(RDMA_READ_CONSUME_CHECK_CONSUMER) timestamp=357 ms, used_size=16748544 bytes (40.9%)
(RDMA_READ_CONSUME_CHECK_CONSUMER) timestamp=357 ms, used_size=16746496 bytes (40.9%)
(RDMA_READ_CONSUME_CHECK_CONSUMER) timestamp=357 ms, used_size=16744448 bytes (40.9%)
(RDMA_READ_CONSUME_CHECK_CONSUMER) timestamp=357 ms, used_size=16742400 bytes (40.9%)
(RDMA_READ_CONSUME_CHECK_CONSUMER) timestamp=357 ms, used_size=16740352 bytes (40.9%)
(RDMA_READ_CONSUME_CHECK_CONSUMER) timestamp=357 ms, used_size=16738304 bytes (40.9%)
(RDMA_READ_CONSUME_CHECK_CONSUMER) timestamp=357 ms, used_size=16736256 bytes (40.9%)
(RDMA_READ_CONSUME_CHECK_CONSUMER) timestamp=357 ms, used_size=16734208 bytes (40.9%)
(RDMA_READ_CONSUME_CHECK_CONSUMER) timestamp=357 ms, used_size=16732160 bytes (40.9%)
(RDMA_READ_CONSUME_CHECK_CONSUMER) timestamp=357 ms, used_size=16730112 bytes (40.8%)
(RDMA_READ_CONSUME_CHECK_CONSUMER) timestamp=357 ms, used_size=16728064 bytes (40.8%)
(RDMA_READ_CONSUME_CHECK_CONSUMER) timestamp=357 ms, used_size=16726016 bytes (40.8%)
(RDMA_READ_CONSUME_CHECK_CONSUMER) timestamp=357 ms, used_size=16723968 bytes (40.8%)
(RDMA_READ_CONSUME_CHECK_CONSUMER) timestamp=357 ms, used_size=16721920 bytes (40.8%)
(RDMA_READ_CONSUME_CHECK_CONSUMER) timestamp=357 ms, used_size=16719872 bytes (40.8%)
(RDMA_READ_CONSUME_CHECK_CONSUMER) timestamp=357 ms, used_size=16717824 bytes (40.8%)
(RDMA_READ_CONSUME_CHECK_CONSUMER) timestamp=357 ms, used_size=16715776 bytes (40.8%)
(RDMA_READ_CONSUME_CHECK_CONSUMER) timestamp=357 ms, used_size=16713728 bytes (40.8%)
(RDMA_READ_CONSUME_CHECK_CONSUMER) timestamp=357 ms, used_size=16711680 bytes (40.8%)
(RDMA_READ_CONSUME_CHECK_CONSUMER) timestamp=357 ms, used_size=16709632 bytes (40.8%)
(RDMA_READ_CONSUME_CHECK_CONSUMER) timestamp=357 ms, used_size=16707584 bytes (40.8%)
(RDMA_READ_CONSUME_CHECK_CONSUMER) timestamp=357 ms, used_size=16705536 bytes (40.8%)
(RDMA_READ_CONSUME_CHECK_CONSUMER) timestamp=357 ms, used_size=16703488 bytes (40.8%)
(RDMA_READ_CONSUME_CHECK_CONSUMER) timestamp=357 ms, used_size=16701440 bytes (40.8%)
(RDMA_READ_CONSUME_CHECK_CONSUMER) timestamp=357 ms, used_size=16699392 bytes (40.8%)
(RDMA_READ_CONSUME_CHECK_CONSUMER) timestamp=357 ms, used_size=16697344 bytes (40.8%)
(RDMA_READ_CONSUME_CHECK_CONSUMER) timestamp=357 ms, used_size=16695296 bytes (40.8%)
(RDMA_READ_CONSUME_CHECK_CONSUMER) timestamp=357 ms, used_size=16693248 bytes (40.8%)
(RDMA_READ_CONSUME_CHECK_CONSUMER) timestamp=357 ms, used_size=16691200 bytes (40.8%)
(RDMA_READ_CONSUME_CHECK_CONSUMER) timestamp=357 ms, used_size=16689152 bytes (40.7%)
(RDMA_READ_CONSUME_CHECK_CONSUMER) timestamp=357 ms, used_size=16687104 bytes (40.7%)
(RDMA_READ_CONSUME_CHECK_CONSUMER) timestamp=357 ms, used_size=16685056 bytes (40.7%)
(RDMA_READ_CONSUME_CHECK_CONSUMER) timestamp=357 ms, used_size=16683008 bytes (40.7%)
(RDMA_READ_CONSUME_CHECK_CONSUMER) timestamp=357 ms, used_size=16680960 bytes (40.7%)
(RDMA_READ_CONSUME_CHECK_CONSUMER) timestamp=357 ms, used_size=16678912 bytes (40.7%)
(RDMA_READ_CONSUME_CHECK_CONSUMER) timestamp=357 ms, used_size=16676864 bytes (40.7%)
(RDMA_READ_CONSUME_CHECK_CONSUMER) timestamp=357 ms, used_size=16674816 bytes (40.7%)
(RDMA_READ_CONSUME_CHECK_CONSUMER) timestamp=357 ms, used_size=16672768 bytes (40.7%)
(RDMA_READ_CONSUME_CHECK_CONSUMER) timestamp=357 ms, used_size=16670720 bytes (40.7%)
(RDMA_READ_CONSUME_CHECK_CONSUMER) timestamp=357 ms, used_size=16668672 bytes (40.7%)
(RDMA_READ_CONSUME_CHECK_CONSUMER) timestamp=357 ms, used_size=16666624 bytes (40.7%)
(RDMA_READ_CONSUME_CHECK_CONSUMER) timestamp=357 ms, used_size=16664576 bytes (40.7%)
(RDMA_READ_CONSUME_CHECK_CONSUMER) timestamp=357 ms, used_size=16662528 bytes (40.7%)
(RDMA_READ_CONSUME_CHECK_CONSUMER) timestamp=357 ms, used_size=16660480 bytes (40.7%)
(RDMA_READ_CONSUME_CHECK_CONSUMER) timestamp=357 ms, used_size=16658432 bytes (40.7%)
(RDMA_READ_CONSUME_CHECK_CONSUMER) timestamp=357 ms, used_size=16656384 bytes (40.7%)
(RDMA_READ_CONSUME_CHECK_CONSUMER) timestamp=357 ms, used_size=16654336 bytes (40.7%)
(RDMA_READ_CONSUME_CHECK_CONSUMER) timestamp=357 ms, used_size=16652288 bytes (40.7%)
(RDMA_READ_CONSUME_CHECK_CONSUMER) timestamp=357 ms, used_size=16650240 bytes (40.6%)
(RDMA_READ_CONSUME_CHECK_CONSUMER) timestamp=357 ms, used_size=16648192 bytes (40.6%)
(RDMA_READ_CONSUME_CHECK_CONSUMER) timestamp=357 ms, used_size=16646144 bytes (40.6%)
(RDMA_READ_CONSUME_CHECK_CONSUMER) timestamp=357 ms, used_size=16644096 bytes (40.6%)
(RDMA_READ_CONSUME_CHECK_CONSUMER) timestamp=357 ms, used_size=16642048 bytes (40.6%)
(RDMA_READ_CONSUME_CHECK_CONSUMER) timestamp=357 ms, used_size=16640000 bytes (40.6%)
(RDMA_READ_CONSUME_CHECK_CONSUMER) timestamp=357 ms, used_size=16637952 bytes (40.6%)
(RDMA_READ_CONSUME_CHECK_CONSUMER) timestamp=357 ms, used_size=16635904 bytes (40.6%)
(RDMA_READ_CONSUME_CHECK_CONSUMER) timestamp=357 ms, used_size=16633856 bytes (40.6%)
(RDMA_READ_CONSUME_CHECK_CONSUMER) timestamp=357 ms, used_size=16631808 bytes (40.6%)
(RDMA_READ_CONSUME_CHECK_CONSUMER) timestamp=357 ms, used_size=16629760 bytes (40.6%)
(RDMA_READ_CONSUME_CHECK_CONSUMER) timestamp=357 ms, used_size=16627712 bytes (40.6%)
(RDMA_READ_CONSUME_CHECK_CONSUMER) timestamp=357 ms, used_size=16625664 bytes (40.6%)
(RDMA_READ_CONSUME_CHECK_CONSUMER) timestamp=357 ms, used_size=16623616 bytes (40.6%)
(RDMA_READ_CONSUME_CHECK_CONSUMER) timestamp=357 ms, used_size=16621568 bytes (40.6%)
(RDMA_READ_CONSUME_CHECK_CONSUMER) timestamp=357 ms, used_size=16619520 bytes (40.6%)
(RDMA_READ_CONSUME_CHECK_CONSUMER) timestamp=357 ms, used_size=16617472 bytes (40.6%)
(RDMA_READ_CONSUME_CHECK_CONSUMER) timestamp=357 ms, used_size=16615424 bytes (40.6%)
(RDMA_READ_CONSUME_CHECK_CONSUMER) timestamp=357 ms, used_size=16613376 bytes (40.6%)
(RDMA_READ_CONSUME_CHECK_CONSUMER) timestamp=357 ms, used_size=16611328 bytes (40.6%)
(RDMA_READ_CONSUME_CHECK_CONSUMER) timestamp=357 ms, used_size=16609280 bytes (40.5%)
(RDMA_READ_CONSUME_CHECK_CONSUMER) timestamp=357 ms, used_size=16607232 bytes (40.5%)
(RDMA_READ_CONSUME_CHECK_CONSUMER) timestamp=357 ms, used_size=16605184 bytes (40.5%)
(RDMA_READ_CONSUME_CHECK_CONSUMER) timestamp=357 ms, used_size=16603136 bytes (40.5%)
(RDMA_READ_CONSUME_CHECK_CONSUMER) timestamp=357 ms, used_size=16601088 bytes (40.5%)
(RDMA_READ_CONSUME_CHECK_CONSUMER) timestamp=357 ms, used_size=16599040 bytes (40.5%)
(RDMA_READ_CONSUME_CHECK_CONSUMER) timestamp=357 ms, used_size=16596992 bytes (40.5%)
(RDMA_READ_CONSUME_CHECK_CONSUMER) timestamp=357 ms, used_size=16594944 bytes (40.5%)
(RDMA_READ_CONSUME_CHECK_CONSUMER) timestamp=357 ms, used_size=16592896 bytes (40.5%)
(RDMA_READ_CONSUME_CHECK_CONSUMER) timestamp=357 ms, used_size=16590848 bytes (40.5%)
(RDMA_READ_CONSUME_CHECK_CONSUMER) timestamp=357 ms, used_size=16588800 bytes (40.5%)
(RDMA_READ_CONSUME_CHECK_CONSUMER) timestamp=357 ms, used_size=16586752 bytes (40.5%)
(RDMA_READ_CONSUME_CHECK_CONSUMER) timestamp=357 ms, used_size=16584704 bytes (40.5%)
(RDMA_READ_CONSUME_CHECK_CONSUMER) timestamp=357 ms, used_size=16582656 bytes (40.5%)
(RDMA_READ_CONSUME_CHECK_CONSUMER) timestamp=357 ms, used_size=16580608 bytes (40.5%)
(RDMA_READ_CONSUME_CHECK_CONSUMER) timestamp=357 ms, used_size=16578560 bytes (40.5%)
(RDMA_READ_CONSUME_CHECK_CONSUMER) timestamp=357 ms, used_size=16576512 bytes (40.5%)
(RDMA_READ_CONSUME_CHECK_CONSUMER) timestamp=357 ms, used_size=16574464 bytes (40.5%)
(RDMA_READ_CONSUME_CHECK_CONSUMER) timestamp=357 ms, used_size=16572416 bytes (40.5%)
(RDMA_READ_CONSUME_CHECK_CONSUMER) timestamp=357 ms, used_size=16570368 bytes (40.5%)
(RDMA_READ_CONSUME_CHECK_CONSUMER) timestamp=357 ms, used_size=16568320 bytes (40.5%)
(RDMA_READ_CONSUME_CHECK_CONSUMER) timestamp=357 ms, used_size=16566272 bytes (40.4%)
(RDMA_READ_CONSUME_CHECK_CONSUMER) timestamp=357 ms, used_size=16564224 bytes (40.4%)
(RDMA_READ_CONSUME_CHECK_CONSUMER) timestamp=357 ms, used_size=16562176 bytes (40.4%)
(RDMA_READ_CONSUME_CHECK_CONSUMER) timestamp=357 ms, used_size=16560128 bytes (40.4%)
(RDMA_READ_CONSUME_CHECK_CONSUMER) timestamp=357 ms, used_size=16558080 bytes (40.4%)
(RDMA_READ_CONSUME_CHECK_CONSUMER) timestamp=357 ms, used_size=16556032 bytes (40.4%)
(RDMA_READ_CONSUME_CHECK_CONSUMER) timestamp=357 ms, used_size=16553984 bytes (40.4%)
(RDMA_READ_CONSUME_CHECK_CONSUMER) timestamp=357 ms, used_size=16551936 bytes (40.4%)
(RDMA_READ_CONSUME_CHECK_CONSUMER) timestamp=357 ms, used_size=16549888 bytes (40.4%)
(RDMA_READ_CONSUME_CHECK_CONSUMER) timestamp=357 ms, used_size=16547840 bytes (40.4%)
(RDMA_READ_CONSUME_CHECK_CONSUMER) timestamp=357 ms, used_size=16545792 bytes (40.4%)
(RDMA_READ_CONSUME_CHECK_CONSUMER) timestamp=357 ms, used_size=16543744 bytes (40.4%)
(RDMA_READ_CONSUME_CHECK_CONSUMER) timestamp=357 ms, used_size=16541696 bytes (40.4%)
(RDMA_READ_CONSUME_CHECK_CONSUMER) timestamp=357 ms, used_size=16539648 bytes (40.4%)
(RDMA_READ_CONSUME_CHECK_CONSUMER) timestamp=357 ms, used_size=16537600 bytes (40.4%)
(RDMA_READ_CONSUME_CHECK_CONSUMER) timestamp=357 ms, used_size=16535552 bytes (40.4%)
(RDMA_READ_CONSUME_CHECK_CONSUMER) timestamp=357 ms, used_size=16533504 bytes (40.4%)
(RDMA_READ_CONSUME_CHECK_CONSUMER) timestamp=357 ms, used_size=16531456 bytes (40.4%)
(RDMA_READ_CONSUME_CHECK_CONSUMER) timestamp=357 ms, used_size=16529408 bytes (40.4%)
(RDMA_READ_CONSUME_CHECK_CONSUMER) timestamp=357 ms, used_size=16527360 bytes (40.4%)
(RDMA_READ_CONSUME_CHECK_CONSUMER) timestamp=357 ms, used_size=16525312 bytes (40.3%)
(RDMA_READ_CONSUME_CHECK_CONSUMER) timestamp=357 ms, used_size=16523264 bytes (40.3%)
(RDMA_READ_CONSUME_CHECK_CONSUMER) timestamp=357 ms, used_size=16521216 bytes (40.3%)
(RDMA_READ_CONSUME_CHECK_CONSUMER) timestamp=357 ms, used_size=16519168 bytes (40.3%)
(RDMA_READ_CONSUME_CHECK_CONSUMER) timestamp=357 ms, used_size=16517120 bytes (40.3%)
(RDMA_READ_CONSUME_CHECK_CONSUMER) timestamp=357 ms, used_size=16515072 bytes (40.3%)
(RDMA_READ_CONSUME_CHECK_CONSUMER) timestamp=357 ms, used_size=16513024 bytes (40.3%)
(RDMA_READ_CONSUME_CHECK_CONSUMER) timestamp=357 ms, used_size=16510976 bytes (40.3%)
(RDMA_READ_CONSUME_CHECK_CONSUMER) timestamp=357 ms, used_size=16508928 bytes (40.3%)
(RDMA_READ_CONSUME_CHECK_CONSUMER) timestamp=357 ms, used_size=16506880 bytes (40.3%)
(RDMA_READ_CONSUME_CHECK_CONSUMER) timestamp=357 ms, used_size=16504832 bytes (40.3%)
(RDMA_READ_CONSUME_CHECK_CONSUMER) timestamp=357 ms, used_size=16502784 bytes (40.3%)
(RDMA_READ_CONSUME_CHECK_CONSUMER) timestamp=357 ms, used_size=16500736 bytes (40.3%)
(RDMA_READ_CONSUME_CHECK_CONSUMER) timestamp=357 ms, used_size=16498688 bytes (40.3%)
(RDMA_READ_CONSUME_CHECK_CONSUMER) timestamp=357 ms, used_size=16496640 bytes (40.3%)
(RDMA_READ_CONSUME_CHECK_CONSUMER) timestamp=357 ms, used_size=16494592 bytes (40.3%)
(RDMA_READ_CONSUME_CHECK_CONSUMER) timestamp=357 ms, used_size=16492544 bytes (40.3%)
(RDMA_READ_CONSUME_CHECK_CONSUMER) timestamp=357 ms, used_size=16490496 bytes (40.3%)
(RDMA_READ_CONSUME_CHECK_CONSUMER) timestamp=357 ms, used_size=16488448 bytes (40.3%)
(RDMA_READ_CONSUME_CHECK_CONSUMER) timestamp=357 ms, used_size=16486400 bytes (40.2%)
(RDMA_READ_CONSUME_CHECK_CONSUMER) timestamp=357 ms, used_size=16484352 bytes (40.2%)
(RDMA_READ_CONSUME_CHECK_CONSUMER) timestamp=357 ms, used_size=16482304 bytes (40.2%)
(RDMA_READ_CONSUME_CHECK_CONSUMER) timestamp=357 ms, used_size=16480256 bytes (40.2%)
(RDMA_READ_CONSUME_CHECK_CONSUMER) timestamp=357 ms, used_size=16478208 bytes (40.2%)
(RDMA_READ_CONSUME_CHECK_CONSUMER) timestamp=357 ms, used_size=16476160 bytes (40.2%)
(RDMA_READ_CONSUME_CHECK_CONSUMER) timestamp=357 ms, used_size=16474112 bytes (40.2%)
(RDMA_READ_CONSUME_CHECK_CONSUMER) timestamp=357 ms, used_size=16472064 bytes (40.2%)
(RDMA_READ_CONSUME_CHECK_CONSUMER) timestamp=357 ms, used_size=16470016 bytes (40.2%)
(RDMA_READ_CONSUME_CHECK_CONSUMER) timestamp=357 ms, used_size=16467968 bytes (40.2%)
(RDMA_READ_CONSUME_CHECK_CONSUMER) timestamp=357 ms, used_size=16465920 bytes (40.2%)
(RDMA_READ_CONSUME_CHECK_CONSUMER) timestamp=357 ms, used_size=16463872 bytes (40.2%)
(RDMA_READ_CONSUME_CHECK_CONSUMER) timestamp=357 ms, used_size=16461824 bytes (40.2%)
(RDMA_READ_CONSUME_CHECK_CONSUMER) timestamp=357 ms, used_size=16459776 bytes (40.2%)
(RDMA_READ_CONSUME_CHECK_CONSUMER) timestamp=357 ms, used_size=16457728 bytes (40.2%)
(RDMA_READ_CONSUME_CHECK_CONSUMER) timestamp=357 ms, used_size=16455680 bytes (40.2%)
(RDMA_READ_CONSUME_CHECK_CONSUMER) timestamp=357 ms, used_size=16453632 bytes (40.2%)
(RDMA_READ_CONSUME_CHECK_CONSUMER) timestamp=357 ms, used_size=16451584 bytes (40.2%)
(RDMA_READ_CONSUME_CHECK_CONSUMER) timestamp=357 ms, used_size=16449536 bytes (40.2%)
(RDMA_READ_CONSUME_CHECK_CONSUMER) timestamp=357 ms, used_size=16447488 bytes (40.2%)
(RDMA_READ_CONSUME_CHECK_CONSUMER) timestamp=357 ms, used_size=16445440 bytes (40.1%)
(RDMA_READ_CONSUME_CHECK_CONSUMER) timestamp=357 ms, used_size=16443392 bytes (40.1%)
(RDMA_READ_CONSUME_CHECK_CONSUMER) timestamp=357 ms, used_size=16441344 bytes (40.1%)
(RDMA_READ_CONSUME_CHECK_CONSUMER) timestamp=357 ms, used_size=16439296 bytes (40.1%)
(RDMA_READ_CONSUME_CHECK_CONSUMER) timestamp=357 ms, used_size=16437248 bytes (40.1%)
(RDMA_READ_CONSUME_CHECK_CONSUMER) timestamp=358 ms, used_size=16435200 bytes (40.1%)
(RDMA_READ_CONSUME_CHECK_CONSUMER) timestamp=358 ms, used_size=16433152 bytes (40.1%)
(RDMA_READ_CONSUME_CHECK_CONSUMER) timestamp=358 ms, used_size=16431104 bytes (40.1%)
(RDMA_READ_CONSUME_CHECK_CONSUMER) timestamp=358 ms, used_size=16429056 bytes (40.1%)
(RDMA_READ_CONSUME_CHECK_CONSUMER) timestamp=358 ms, used_size=16427008 bytes (40.1%)
(RDMA_READ_CONSUME_CHECK_CONSUMER) timestamp=358 ms, used_size=16424960 bytes (40.1%)
(RDMA_READ_CONSUME_CHECK_CONSUMER) timestamp=358 ms, used_size=16422912 bytes (40.1%)
(RDMA_READ_CONSUME_CHECK_CONSUMER) timestamp=358 ms, used_size=16420864 bytes (40.1%)
(RDMA_READ_CONSUME_CHECK_CONSUMER) timestamp=358 ms, used_size=16418816 bytes (40.1%)
(RDMA_READ_CONSUME_CHECK_CONSUMER) timestamp=358 ms, used_size=16416768 bytes (40.1%)
(RDMA_READ_CONSUME_CHECK_CONSUMER) timestamp=358 ms, used_size=16414720 bytes (40.1%)
(RDMA_READ_CONSUME_CHECK_CONSUMER) timestamp=358 ms, used_size=16412672 bytes (40.1%)
(RDMA_READ_CONSUME_CHECK_CONSUMER) timestamp=358 ms, used_size=16410624 bytes (40.1%)
(RDMA_READ_CONSUME_CHECK_CONSUMER) timestamp=358 ms, used_size=16408576 bytes (40.1%)
(RDMA_READ_CONSUME_CHECK_CONSUMER) timestamp=358 ms, used_size=16406528 bytes (40.1%)
(RDMA_READ_CONSUME_CHECK_CONSUMER) timestamp=358 ms, used_size=16404480 bytes (40.0%)
(RDMA_READ_CONSUME_CHECK_CONSUMER) timestamp=358 ms, used_size=16402432 bytes (40.0%)
(RDMA_READ_CONSUME_CHECK_CONSUMER) timestamp=358 ms, used_size=16400384 bytes (40.0%)
(RDMA_READ_CONSUME_CHECK_CONSUMER) timestamp=358 ms, used_size=16398336 bytes (40.0%)
(RDMA_READ_CONSUME_CHECK_CONSUMER) timestamp=358 ms, used_size=16396288 bytes (40.0%)
(RDMA_READ_CONSUME_CHECK_CONSUMER) timestamp=358 ms, used_size=16394240 bytes (40.0%)
(RDMA_READ_CONSUME_CHECK_CONSUMER) timestamp=358 ms, used_size=16392192 bytes (40.0%)
(RDMA_READ_CONSUME_CHECK_CONSUMER) timestamp=358 ms, used_size=16390144 bytes (40.0%)
(RDMA_READ_CONSUME_CHECK_CONSUMER) timestamp=358 ms, used_size=16388096 bytes (40.0%)
(RDMA_READ_CONSUME_CHECK_CONSUMER) timestamp=358 ms, used_size=16386048 bytes (40.0%)
(RDMA_READ_CONSUME_CHECK_CONSUMER) timestamp=358 ms, used_size=16384000 bytes (40.0%)
(RDMA_READ_CONSUME_CHECK_CONSUMER) timestamp=358 ms, used_size=16381952 bytes (40.0%)
(RDMA_READ_CONSUME_CHECK_CONSUMER) timestamp=358 ms, used_size=16379904 bytes (40.0%)
(RDMA_READ_CONSUME_CHECK_CONSUMER) timestamp=358 ms, used_size=16377856 bytes (40.0%)
(RDMA_READ_CONSUME_CHECK_CONSUMER) timestamp=358 ms, used_size=16375808 bytes (40.0%)
(RDMA_READ_CONSUME_CHECK_CONSUMER) timestamp=358 ms, used_size=16373760 bytes (40.0%)
(RDMA_READ_CONSUME_CHECK_CONSUMER) timestamp=358 ms, used_size=16371712 bytes (40.0%)
(RDMA_READ_CONSUME_CHECK_CONSUMER) timestamp=358 ms, used_size=16369664 bytes (40.0%)
(RDMA_READ_CONSUME_CHECK_CONSUMER) timestamp=358 ms, used_size=16367616 bytes (40.0%)
(RDMA_READ_CONSUME_CHECK_CONSUMER) timestamp=358 ms, used_size=16365568 bytes (40.0%)
(RDMA_READ_CONSUME_CHECK_CONSUMER) timestamp=358 ms, used_size=16363520 bytes (40.0%)
(RDMA_READ_CONSUME_CHECK_CONSUMER) timestamp=358 ms, used_size=16361472 bytes (39.9%)
(RDMA_READ_CONSUME_CHECK_CONSUMER) timestamp=358 ms, used_size=16359424 bytes (39.9%)
(RDMA_READ_CONSUME_CHECK_CONSUMER) timestamp=358 ms, used_size=16357376 bytes (39.9%)
(RDMA_READ_CONSUME_CHECK_CONSUMER) timestamp=358 ms, used_size=16355328 bytes (39.9%)
(RDMA_READ_CONSUME_CHECK_CONSUMER) timestamp=358 ms, used_size=16353280 bytes (39.9%)
(RDMA_READ_CONSUME_CHECK_CONSUMER) timestamp=358 ms, used_size=16351232 bytes (39.9%)
(RDMA_READ_CONSUME_CHECK_CONSUMER) timestamp=358 ms, used_size=16349184 bytes (39.9%)
(RDMA_READ_CONSUME_CHECK_CONSUMER) timestamp=358 ms, used_size=16347136 bytes (39.9%)
(RDMA_READ_CONSUME_CHECK_CONSUMER) timestamp=358 ms, used_size=16345088 bytes (39.9%)
(RDMA_READ_CONSUME_CHECK_CONSUMER) timestamp=358 ms, used_size=16343040 bytes (39.9%)
(RDMA_READ_CONSUME_CHECK_CONSUMER) timestamp=358 ms, used_size=16340992 bytes (39.9%)
(RDMA_READ_CONSUME_CHECK_CONSUMER) timestamp=358 ms, used_size=16338944 bytes (39.9%)
(RDMA_READ_CONSUME_CHECK_CONSUMER) timestamp=358 ms, used_size=16336896 bytes (39.9%)
(RDMA_READ_CONSUME_CHECK_CONSUMER) timestamp=358 ms, used_size=16334848 bytes (39.9%)
(RDMA_READ_CONSUME_CHECK_CONSUMER) timestamp=358 ms, used_size=16332800 bytes (39.9%)
(RDMA_READ_CONSUME_CHECK_CONSUMER) timestamp=358 ms, used_size=16330752 bytes (39.9%)
(RDMA_READ_CONSUME_CHECK_CONSUMER) timestamp=358 ms, used_size=16328704 bytes (39.9%)
(RDMA_READ_CONSUME_CHECK_CONSUMER) timestamp=358 ms, used_size=16326656 bytes (39.9%)
(RDMA_READ_CONSUME_CHECK_CONSUMER) timestamp=358 ms, used_size=16324608 bytes (39.9%)
(RDMA_READ_CONSUME_CHECK_CONSUMER) timestamp=358 ms, used_size=16322560 bytes (39.9%)
(RDMA_READ_CONSUME_CHECK_CONSUMER) timestamp=358 ms, used_size=16320512 bytes (39.8%)
(RDMA_READ_CONSUME_CHECK_CONSUMER) timestamp=358 ms, used_size=16318464 bytes (39.8%)
(RDMA_READ_CONSUME_CHECK_CONSUMER) timestamp=358 ms, used_size=16316416 bytes (39.8%)
(RDMA_READ_CONSUME_CHECK_CONSUMER) timestamp=358 ms, used_size=16314368 bytes (39.8%)
(RDMA_READ_CONSUME_CHECK_CONSUMER) timestamp=358 ms, used_size=16312320 bytes (39.8%)
(RDMA_READ_CONSUME_CHECK_CONSUMER) timestamp=358 ms, used_size=16310272 bytes (39.8%)
(RDMA_READ_CONSUME_CHECK_CONSUMER) timestamp=358 ms, used_size=16308224 bytes (39.8%)
(RDMA_READ_CONSUME_CHECK_CONSUMER) timestamp=358 ms, used_size=16306176 bytes (39.8%)
(RDMA_READ_CONSUME_CHECK_CONSUMER) timestamp=358 ms, used_size=16304128 bytes (39.8%)
(RDMA_READ_CONSUME_CHECK_CONSUMER) timestamp=358 ms, used_size=16302080 bytes (39.8%)
(RDMA_READ_CONSUME_CHECK_CONSUMER) timestamp=358 ms, used_size=16300032 bytes (39.8%)
(RDMA_READ_CONSUME_CHECK_CONSUMER) timestamp=358 ms, used_size=16297984 bytes (39.8%)
(RDMA_READ_CONSUME_CHECK_CONSUMER) timestamp=358 ms, used_size=16295936 bytes (39.8%)
(RDMA_READ_CONSUME_CHECK_CONSUMER) timestamp=358 ms, used_size=16293888 bytes (39.8%)
(RDMA_READ_CONSUME_CHECK_CONSUMER) timestamp=358 ms, used_size=16291840 bytes (39.8%)
(RDMA_READ_CONSUME_CHECK_CONSUMER) timestamp=358 ms, used_size=16289792 bytes (39.8%)
(RDMA_READ_CONSUME_CHECK_CONSUMER) timestamp=358 ms, used_size=16287744 bytes (39.8%)
(RDMA_READ_CONSUME_CHECK_CONSUMER) timestamp=358 ms, used_size=16285696 bytes (39.8%)
(RDMA_READ_CONSUME_CHECK_CONSUMER) timestamp=358 ms, used_size=16283648 bytes (39.8%)
(RDMA_READ_CONSUME_CHECK_CONSUMER) timestamp=358 ms, used_size=16281600 bytes (39.8%)
(RDMA_READ_CONSUME_CHECK_CONSUMER) timestamp=358 ms, used_size=16279552 bytes (39.7%)
(RDMA_READ_CONSUME_CHECK_CONSUMER) timestamp=358 ms, used_size=16277504 bytes (39.7%)
(RDMA_READ_CONSUME_CHECK_CONSUMER) timestamp=358 ms, used_size=16275456 bytes (39.7%)
(RDMA_READ_CONSUME_CHECK_CONSUMER) timestamp=358 ms, used_size=16273408 bytes (39.7%)
(RDMA_READ_CONSUME_CHECK_CONSUMER) timestamp=358 ms, used_size=16271360 bytes (39.7%)
(RDMA_READ_CONSUME_CHECK_CONSUMER) timestamp=358 ms, used_size=16269312 bytes (39.7%)
(RDMA_READ_CONSUME_CHECK_CONSUMER) timestamp=358 ms, used_size=16267264 bytes (39.7%)
(RDMA_READ_CONSUME_CHECK_CONSUMER) timestamp=358 ms, used_size=16265216 bytes (39.7%)
(RDMA_READ_CONSUME_CHECK_CONSUMER) timestamp=358 ms, used_size=16263168 bytes (39.7%)
(RDMA_READ_CONSUME_CHECK_CONSUMER) timestamp=358 ms, used_size=16261120 bytes (39.7%)
(RDMA_READ_CONSUME_CHECK_CONSUMER) timestamp=358 ms, used_size=16259072 bytes (39.7%)
(RDMA_READ_CONSUME_CHECK_CONSUMER) timestamp=358 ms, used_size=16257024 bytes (39.7%)
(RDMA_READ_CONSUME_CHECK_CONSUMER) timestamp=358 ms, used_size=16254976 bytes (39.7%)
(RDMA_READ_CONSUME_CHECK_CONSUMER) timestamp=358 ms, used_size=16252928 bytes (39.7%)
(RDMA_READ_CONSUME_CHECK_CONSUMER) timestamp=358 ms, used_size=16250880 bytes (39.7%)
(RDMA_READ_CONSUME_CHECK_CONSUMER) timestamp=358 ms, used_size=16248832 bytes (39.7%)
(RDMA_READ_CONSUME_CHECK_CONSUMER) timestamp=358 ms, used_size=16246784 bytes (39.7%)
(RDMA_READ_CONSUME_CHECK_CONSUMER) timestamp=358 ms, used_size=16244736 bytes (39.7%)
(RDMA_READ_CONSUME_CHECK_CONSUMER) timestamp=358 ms, used_size=16242688 bytes (39.7%)
(RDMA_READ_CONSUME_CHECK_CONSUMER) timestamp=358 ms, used_size=16240640 bytes (39.6%)
(RDMA_READ_CONSUME_CHECK_CONSUMER) timestamp=358 ms, used_size=16238592 bytes (39.6%)
(RDMA_READ_CONSUME_CHECK_CONSUMER) timestamp=358 ms, used_size=16236544 bytes (39.6%)
(RDMA_READ_CONSUME_CHECK_CONSUMER) timestamp=358 ms, used_size=16234496 bytes (39.6%)
(RDMA_READ_CONSUME_CHECK_CONSUMER) timestamp=358 ms, used_size=16232448 bytes (39.6%)
(RDMA_READ_CONSUME_CHECK_CONSUMER) timestamp=358 ms, used_size=16230400 bytes (39.6%)
(RDMA_READ_CONSUME_CHECK_CONSUMER) timestamp=358 ms, used_size=16228352 bytes (39.6%)
(RDMA_READ_CONSUME_CHECK_CONSUMER) timestamp=358 ms, used_size=16226304 bytes (39.6%)
(RDMA_READ_CONSUME_CHECK_CONSUMER) timestamp=358 ms, used_size=16224256 bytes (39.6%)
(RDMA_READ_CONSUME_CHECK_CONSUMER) timestamp=358 ms, used_size=16222208 bytes (39.6%)
(RDMA_READ_CONSUME_CHECK_CONSUMER) timestamp=358 ms, used_size=16220160 bytes (39.6%)
(RDMA_READ_CONSUME_CHECK_CONSUMER) timestamp=358 ms, used_size=16218112 bytes (39.6%)
(RDMA_READ_CONSUME_CHECK_CONSUMER) timestamp=358 ms, used_size=16216064 bytes (39.6%)
(RDMA_READ_CONSUME_CHECK_CONSUMER) timestamp=358 ms, used_size=16214016 bytes (39.6%)
(RDMA_READ_CONSUME_CHECK_CONSUMER) timestamp=358 ms, used_size=16211968 bytes (39.6%)
(RDMA_READ_CONSUME_CHECK_CONSUMER) timestamp=358 ms, used_size=16209920 bytes (39.6%)
(RDMA_READ_CONSUME_CHECK_CONSUMER) timestamp=358 ms, used_size=16207872 bytes (39.6%)
(RDMA_READ_CONSUME_CHECK_CONSUMER) timestamp=358 ms, used_size=16205824 bytes (39.6%)
(RDMA_READ_CONSUME_CHECK_CONSUMER) timestamp=358 ms, used_size=16203776 bytes (39.6%)
(RDMA_READ_CONSUME_CHECK_CONSUMER) timestamp=358 ms, used_size=16201728 bytes (39.6%)
(RDMA_READ_CONSUME_CHECK_CONSUMER) timestamp=358 ms, used_size=16199680 bytes (39.5%)
(RDMA_READ_CONSUME_CHECK_CONSUMER) timestamp=358 ms, used_size=16197632 bytes (39.5%)
(RDMA_READ_CONSUME_CHECK_CONSUMER) timestamp=358 ms, used_size=16195584 bytes (39.5%)
(RDMA_READ_CONSUME_CHECK_CONSUMER) timestamp=358 ms, used_size=16193536 bytes (39.5%)
(RDMA_READ_CONSUME_CHECK_CONSUMER) timestamp=358 ms, used_size=16191488 bytes (39.5%)
(RDMA_READ_CONSUME_CHECK_CONSUMER) timestamp=358 ms, used_size=16189440 bytes (39.5%)
(RDMA_READ_CONSUME_CHECK_CONSUMER) timestamp=358 ms, used_size=16187392 bytes (39.5%)
(RDMA_READ_CONSUME_CHECK_CONSUMER) timestamp=358 ms, used_size=16185344 bytes (39.5%)
(RDMA_READ_CONSUME_CHECK_CONSUMER) timestamp=358 ms, used_size=16183296 bytes (39.5%)
(RDMA_READ_CONSUME_CHECK_CONSUMER) timestamp=358 ms, used_size=16181248 bytes (39.5%)
(RDMA_READ_CONSUME_CHECK_CONSUMER) timestamp=358 ms, used_size=16179200 bytes (39.5%)
(RDMA_READ_CONSUME_CHECK_CONSUMER) timestamp=358 ms, used_size=16177152 bytes (39.5%)
(RDMA_READ_CONSUME_CHECK_CONSUMER) timestamp=358 ms, used_size=16175104 bytes (39.5%)
(RDMA_READ_CONSUME_CHECK_CONSUMER) timestamp=358 ms, used_size=16173056 bytes (39.5%)
(RDMA_READ_CONSUME_CHECK_CONSUMER) timestamp=358 ms, used_size=16171008 bytes (39.5%)
(RDMA_READ_CONSUME_CHECK_CONSUMER) timestamp=358 ms, used_size=16168960 bytes (39.5%)
(RDMA_READ_CONSUME_CHECK_CONSUMER) timestamp=358 ms, used_size=16166912 bytes (39.5%)
(RDMA_READ_CONSUME_CHECK_CONSUMER) timestamp=358 ms, used_size=16164864 bytes (39.5%)
(RDMA_READ_CONSUME_CHECK_CONSUMER) timestamp=358 ms, used_size=16162816 bytes (39.5%)
(RDMA_READ_CONSUME_CHECK_CONSUMER) timestamp=358 ms, used_size=16160768 bytes (39.5%)
(RDMA_READ_CONSUME_CHECK_CONSUMER) timestamp=358 ms, used_size=16158720 bytes (39.5%)
(RDMA_READ_CONSUME_CHECK_CONSUMER) timestamp=358 ms, used_size=16156672 bytes (39.4%)
(RDMA_READ_CONSUME_CHECK_CONSUMER) timestamp=358 ms, used_size=16154624 bytes (39.4%)
(RDMA_READ_CONSUME_CHECK_CONSUMER) timestamp=358 ms, used_size=16152576 bytes (39.4%)
(RDMA_READ_CONSUME_CHECK_CONSUMER) timestamp=358 ms, used_size=16150528 bytes (39.4%)
(RDMA_READ_CONSUME_CHECK_CONSUMER) timestamp=358 ms, used_size=16148480 bytes (39.4%)
(RDMA_READ_CONSUME_CHECK_CONSUMER) timestamp=358 ms, used_size=16146432 bytes (39.4%)
(RDMA_READ_CONSUME_CHECK_CONSUMER) timestamp=358 ms, used_size=16144384 bytes (39.4%)
(RDMA_READ_CONSUME_CHECK_CONSUMER) timestamp=358 ms, used_size=16142336 bytes (39.4%)
(RDMA_READ_CONSUME_CHECK_CONSUMER) timestamp=358 ms, used_size=16140288 bytes (39.4%)
(RDMA_READ_CONSUME_CHECK_CONSUMER) timestamp=358 ms, used_size=16138240 bytes (39.4%)
(RDMA_READ_CONSUME_CHECK_CONSUMER) timestamp=358 ms, used_size=16136192 bytes (39.4%)
(RDMA_READ_CONSUME_CHECK_CONSUMER) timestamp=358 ms, used_size=16134144 bytes (39.4%)
(RDMA_READ_CONSUME_CHECK_CONSUMER) timestamp=358 ms, used_size=16132096 bytes (39.4%)
(RDMA_READ_CONSUME_CHECK_CONSUMER) timestamp=358 ms, used_size=16130048 bytes (39.4%)
(RDMA_READ_CONSUME_CHECK_CONSUMER) timestamp=358 ms, used_size=16128000 bytes (39.4%)
(RDMA_READ_CONSUME_CHECK_CONSUMER) timestamp=358 ms, used_size=16125952 bytes (39.4%)
(RDMA_READ_CONSUME_CHECK_CONSUMER) timestamp=358 ms, used_size=16123904 bytes (39.4%)
(RDMA_READ_CONSUME_CHECK_CONSUMER) timestamp=358 ms, used_size=16121856 bytes (39.4%)
(RDMA_READ_CONSUME_CHECK_CONSUMER) timestamp=358 ms, used_size=16119808 bytes (39.4%)
(RDMA_READ_CONSUME_CHECK_CONSUMER) timestamp=358 ms, used_size=16117760 bytes (39.4%)
(RDMA_READ_CONSUME_CHECK_CONSUMER) timestamp=358 ms, used_size=16115712 bytes (39.3%)
(RDMA_READ_CONSUME_CHECK_CONSUMER) timestamp=358 ms, used_size=16113664 bytes (39.3%)
(RDMA_READ_CONSUME_CHECK_CONSUMER) timestamp=358 ms, used_size=16111616 bytes (39.3%)
(RDMA_READ_CONSUME_CHECK_CONSUMER) timestamp=358 ms, used_size=16109568 bytes (39.3%)
(RDMA_READ_CONSUME_CHECK_CONSUMER) timestamp=358 ms, used_size=16107520 bytes (39.3%)
(RDMA_READ_CONSUME_CHECK_CONSUMER) timestamp=358 ms, used_size=16105472 bytes (39.3%)
(RDMA_READ_CONSUME_CHECK_CONSUMER) timestamp=358 ms, used_size=16103424 bytes (39.3%)
(RDMA_READ_CONSUME_CHECK_CONSUMER) timestamp=358 ms, used_size=16101376 bytes (39.3%)
(RDMA_READ_CONSUME_CHECK_CONSUMER) timestamp=358 ms, used_size=16099328 bytes (39.3%)
(RDMA_READ_CONSUME_CHECK_CONSUMER) timestamp=358 ms, used_size=16097280 bytes (39.3%)
(RDMA_READ_CONSUME_CHECK_CONSUMER) timestamp=358 ms, used_size=16095232 bytes (39.3%)
(RDMA_READ_CONSUME_CHECK_CONSUMER) timestamp=358 ms, used_size=16093184 bytes (39.3%)
(RDMA_READ_CONSUME_CHECK_CONSUMER) timestamp=358 ms, used_size=16091136 bytes (39.3%)
(RDMA_READ_CONSUME_CHECK_CONSUMER) timestamp=358 ms, used_size=16089088 bytes (39.3%)
(RDMA_READ_CONSUME_CHECK_CONSUMER) timestamp=358 ms, used_size=16087040 bytes (39.3%)
(RDMA_READ_CONSUME_CHECK_CONSUMER) timestamp=358 ms, used_size=16084992 bytes (39.3%)
(RDMA_READ_CONSUME_CHECK_CONSUMER) timestamp=358 ms, used_size=16082944 bytes (39.3%)
(RDMA_READ_CONSUME_CHECK_CONSUMER) timestamp=358 ms, used_size=16080896 bytes (39.3%)
(RDMA_READ_CONSUME_CHECK_CONSUMER) timestamp=358 ms, used_size=16078848 bytes (39.3%)
(RDMA_READ_CONSUME_CHECK_CONSUMER) timestamp=358 ms, used_size=16076800 bytes (39.2%)
(RDMA_READ_CONSUME_CHECK_CONSUMER) timestamp=358 ms, used_size=16074752 bytes (39.2%)
(RDMA_READ_CONSUME_CHECK_CONSUMER) timestamp=358 ms, used_size=16072704 bytes (39.2%)
(RDMA_READ_CONSUME_CHECK_CONSUMER) timestamp=358 ms, used_size=16070656 bytes (39.2%)
(RDMA_READ_CONSUME_CHECK_CONSUMER) timestamp=359 ms, used_size=16068608 bytes (39.2%)
(RDMA_READ_CONSUME_CHECK_CONSUMER) timestamp=359 ms, used_size=16066560 bytes (39.2%)
(RDMA_READ_CONSUME_CHECK_CONSUMER) timestamp=359 ms, used_size=16064512 bytes (39.2%)
(RDMA_READ_CONSUME_CHECK_CONSUMER) timestamp=359 ms, used_size=16062464 bytes (39.2%)
(RDMA_READ_CONSUME_CHECK_CONSUMER) timestamp=359 ms, used_size=16060416 bytes (39.2%)
(RDMA_READ_CONSUME_CHECK_CONSUMER) timestamp=359 ms, used_size=16058368 bytes (39.2%)
(RDMA_READ_CONSUME_CHECK_CONSUMER) timestamp=359 ms, used_size=16056320 bytes (39.2%)
(RDMA_READ_CONSUME_CHECK_CONSUMER) timestamp=359 ms, used_size=16054272 bytes (39.2%)
(RDMA_READ_CONSUME_CHECK_CONSUMER) timestamp=359 ms, used_size=16052224 bytes (39.2%)
(RDMA_READ_CONSUME_CHECK_CONSUMER) timestamp=359 ms, used_size=16050176 bytes (39.2%)
(RDMA_READ_CONSUME_CHECK_CONSUMER) timestamp=359 ms, used_size=16048128 bytes (39.2%)
(RDMA_READ_CONSUME_CHECK_CONSUMER) timestamp=359 ms, used_size=16046080 bytes (39.2%)
(RDMA_READ_CONSUME_CHECK_CONSUMER) timestamp=359 ms, used_size=16044032 bytes (39.2%)
(RDMA_READ_CONSUME_CHECK_CONSUMER) timestamp=359 ms, used_size=16041984 bytes (39.2%)
(RDMA_READ_CONSUME_CHECK_CONSUMER) timestamp=359 ms, used_size=16039936 bytes (39.2%)
(RDMA_READ_CONSUME_CHECK_CONSUMER) timestamp=359 ms, used_size=16037888 bytes (39.2%)
(RDMA_READ_CONSUME_CHECK_CONSUMER) timestamp=359 ms, used_size=16035840 bytes (39.1%)
(RDMA_READ_CONSUME_CHECK_CONSUMER) timestamp=359 ms, used_size=16033792 bytes (39.1%)
(RDMA_READ_CONSUME_CHECK_CONSUMER) timestamp=359 ms, used_size=16031744 bytes (39.1%)
(RDMA_READ_CONSUME_CHECK_CONSUMER) timestamp=359 ms, used_size=16029696 bytes (39.1%)
(RDMA_READ_CONSUME_CHECK_CONSUMER) timestamp=359 ms, used_size=16027648 bytes (39.1%)
(RDMA_READ_CONSUME_CHECK_CONSUMER) timestamp=359 ms, used_size=16025600 bytes (39.1%)
(RDMA_READ_CONSUME_CHECK_CONSUMER) timestamp=359 ms, used_size=16023552 bytes (39.1%)
(RDMA_READ_CONSUME_CHECK_CONSUMER) timestamp=359 ms, used_size=16021504 bytes (39.1%)
(RDMA_READ_CONSUME_CHECK_CONSUMER) timestamp=359 ms, used_size=16019456 bytes (39.1%)
(RDMA_READ_CONSUME_CHECK_CONSUMER) timestamp=359 ms, used_size=16017408 bytes (39.1%)
(RDMA_READ_CONSUME_CHECK_CONSUMER) timestamp=359 ms, used_size=16015360 bytes (39.1%)
(RDMA_READ_CONSUME_CHECK_CONSUMER) timestamp=359 ms, used_size=16013312 bytes (39.1%)
(RDMA_READ_CONSUME_CHECK_CONSUMER) timestamp=359 ms, used_size=16011264 bytes (39.1%)
(RDMA_READ_CONSUME_CHECK_CONSUMER) timestamp=359 ms, used_size=16009216 bytes (39.1%)
(RDMA_READ_CONSUME_CHECK_CONSUMER) timestamp=359 ms, used_size=16007168 bytes (39.1%)
(RDMA_READ_CONSUME_CHECK_CONSUMER) timestamp=359 ms, used_size=16005120 bytes (39.1%)
(RDMA_READ_CONSUME_CHECK_CONSUMER) timestamp=359 ms, used_size=16003072 bytes (39.1%)
(RDMA_READ_CONSUME_CHECK_CONSUMER) timestamp=359 ms, used_size=16001024 bytes (39.1%)
(RDMA_READ_CONSUME_CHECK_CONSUMER) timestamp=359 ms, used_size=15998976 bytes (39.1%)
(RDMA_READ_CONSUME_CHECK_CONSUMER) timestamp=359 ms, used_size=15996928 bytes (39.1%)
(RDMA_READ_CONSUME_CHECK_CONSUMER) timestamp=359 ms, used_size=15994880 bytes (39.0%)
(RDMA_READ_CONSUME_CHECK_CONSUMER) timestamp=359 ms, used_size=15992832 bytes (39.0%)
(RDMA_READ_CONSUME_CHECK_CONSUMER) timestamp=359 ms, used_size=15990784 bytes (39.0%)
(RDMA_READ_CONSUME_CHECK_CONSUMER) timestamp=359 ms, used_size=15988736 bytes (39.0%)
(RDMA_READ_CONSUME_CHECK_CONSUMER) timestamp=359 ms, used_size=15986688 bytes (39.0%)
(RDMA_READ_CONSUME_CHECK_CONSUMER) timestamp=359 ms, used_size=15984640 bytes (39.0%)
(RDMA_READ_CONSUME_CHECK_CONSUMER) timestamp=359 ms, used_size=15982592 bytes (39.0%)
(RDMA_READ_CONSUME_CHECK_CONSUMER) timestamp=359 ms, used_size=15980544 bytes (39.0%)
(RDMA_READ_CONSUME_CHECK_CONSUMER) timestamp=359 ms, used_size=15978496 bytes (39.0%)
(RDMA_READ_CONSUME_CHECK_CONSUMER) timestamp=359 ms, used_size=15976448 bytes (39.0%)
(RDMA_READ_CONSUME_CHECK_CONSUMER) timestamp=359 ms, used_size=15974400 bytes (39.0%)
(RDMA_READ_CONSUME_CHECK_CONSUMER) timestamp=359 ms, used_size=15972352 bytes (39.0%)
(RDMA_READ_CONSUME_CHECK_CONSUMER) timestamp=359 ms, used_size=15970304 bytes (39.0%)
(RDMA_READ_CONSUME_CHECK_CONSUMER) timestamp=359 ms, used_size=15968256 bytes (39.0%)
(RDMA_READ_CONSUME_CHECK_CONSUMER) timestamp=359 ms, used_size=15966208 bytes (39.0%)
(RDMA_READ_CONSUME_CHECK_CONSUMER) timestamp=359 ms, used_size=15964160 bytes (39.0%)
(RDMA_READ_CONSUME_CHECK_CONSUMER) timestamp=359 ms, used_size=15962112 bytes (39.0%)
(RDMA_READ_CONSUME_CHECK_CONSUMER) timestamp=359 ms, used_size=15960064 bytes (39.0%)
(RDMA_READ_CONSUME_CHECK_CONSUMER) timestamp=359 ms, used_size=15958016 bytes (39.0%)
(RDMA_READ_CONSUME_CHECK_CONSUMER) timestamp=359 ms, used_size=15955968 bytes (39.0%)
(RDMA_READ_CONSUME_CHECK_CONSUMER) timestamp=359 ms, used_size=15953920 bytes (39.0%)
(RDMA_READ_CONSUME_CHECK_CONSUMER) timestamp=359 ms, used_size=15951872 bytes (38.9%)
(RDMA_READ_CONSUME_CHECK_CONSUMER) timestamp=359 ms, used_size=15949824 bytes (38.9%)
(RDMA_READ_CONSUME_CHECK_CONSUMER) timestamp=359 ms, used_size=15947776 bytes (38.9%)
(RDMA_READ_CONSUME_CHECK_CONSUMER) timestamp=359 ms, used_size=15945728 bytes (38.9%)
(RDMA_READ_CONSUME_CHECK_CONSUMER) timestamp=359 ms, used_size=15943680 bytes (38.9%)
(RDMA_READ_CONSUME_CHECK_CONSUMER) timestamp=359 ms, used_size=15941632 bytes (38.9%)
(RDMA_READ_CONSUME_CHECK_CONSUMER) timestamp=359 ms, used_size=15939584 bytes (38.9%)
(RDMA_READ_CONSUME_CHECK_CONSUMER) timestamp=359 ms, used_size=15937536 bytes (38.9%)
(RDMA_READ_CONSUME_CHECK_CONSUMER) timestamp=359 ms, used_size=15935488 bytes (38.9%)
(RDMA_READ_CONSUME_CHECK_CONSUMER) timestamp=359 ms, used_size=15933440 bytes (38.9%)
(RDMA_READ_CONSUME_CHECK_CONSUMER) timestamp=359 ms, used_size=15931392 bytes (38.9%)
(RDMA_READ_CONSUME_CHECK_CONSUMER) timestamp=359 ms, used_size=15929344 bytes (38.9%)
(RDMA_READ_CONSUME_CHECK_CONSUMER) timestamp=359 ms, used_size=15927296 bytes (38.9%)
(RDMA_READ_CONSUME_CHECK_CONSUMER) timestamp=359 ms, used_size=15925248 bytes (38.9%)
(RDMA_READ_CONSUME_CHECK_CONSUMER) timestamp=359 ms, used_size=15923200 bytes (38.9%)
(RDMA_READ_CONSUME_CHECK_CONSUMER) timestamp=359 ms, used_size=15921152 bytes (38.9%)
(RDMA_READ_CONSUME_CHECK_CONSUMER) timestamp=359 ms, used_size=15919104 bytes (38.9%)
(RDMA_READ_CONSUME_CHECK_CONSUMER) timestamp=359 ms, used_size=15917056 bytes (38.9%)
(RDMA_READ_CONSUME_CHECK_CONSUMER) timestamp=359 ms, used_size=15915008 bytes (38.9%)
(RDMA_READ_CONSUME_CHECK_CONSUMER) timestamp=359 ms, used_size=15912960 bytes (38.9%)
(RDMA_READ_CONSUME_CHECK_CONSUMER) timestamp=359 ms, used_size=15910912 bytes (38.8%)
(RDMA_READ_CONSUME_CHECK_CONSUMER) timestamp=359 ms, used_size=15908864 bytes (38.8%)
(RDMA_READ_CONSUME_CHECK_CONSUMER) timestamp=359 ms, used_size=15906816 bytes (38.8%)
(RDMA_READ_CONSUME_CHECK_CONSUMER) timestamp=359 ms, used_size=15904768 bytes (38.8%)
(RDMA_READ_CONSUME_CHECK_CONSUMER) timestamp=359 ms, used_size=15902720 bytes (38.8%)
(RDMA_READ_CONSUME_CHECK_CONSUMER) timestamp=359 ms, used_size=15900672 bytes (38.8%)
(RDMA_READ_CONSUME_CHECK_CONSUMER) timestamp=359 ms, used_size=15898624 bytes (38.8%)
(RDMA_READ_CONSUME_CHECK_CONSUMER) timestamp=359 ms, used_size=15896576 bytes (38.8%)
(RDMA_READ_CONSUME_CHECK_CONSUMER) timestamp=359 ms, used_size=15894528 bytes (38.8%)
(RDMA_READ_CONSUME_CHECK_CONSUMER) timestamp=359 ms, used_size=15892480 bytes (38.8%)
(RDMA_READ_CONSUME_CHECK_CONSUMER) timestamp=359 ms, used_size=15890432 bytes (38.8%)
(RDMA_READ_CONSUME_CHECK_CONSUMER) timestamp=359 ms, used_size=15888384 bytes (38.8%)
(RDMA_READ_CONSUME_CHECK_CONSUMER) timestamp=359 ms, used_size=15886336 bytes (38.8%)
(RDMA_READ_CONSUME_CHECK_CONSUMER) timestamp=359 ms, used_size=15884288 bytes (38.8%)
(RDMA_READ_CONSUME_CHECK_CONSUMER) timestamp=359 ms, used_size=15882240 bytes (38.8%)
(RDMA_READ_CONSUME_CHECK_CONSUMER) timestamp=359 ms, used_size=15880192 bytes (38.8%)
(RDMA_READ_CONSUME_CHECK_CONSUMER) timestamp=359 ms, used_size=15878144 bytes (38.8%)
(RDMA_READ_CONSUME_CHECK_CONSUMER) timestamp=359 ms, used_size=15876096 bytes (38.8%)
(RDMA_READ_CONSUME_CHECK_CONSUMER) timestamp=359 ms, used_size=15874048 bytes (38.8%)
(RDMA_READ_CONSUME_CHECK_CONSUMER) timestamp=359 ms, used_size=15872000 bytes (38.8%)
(RDMA_READ_CONSUME_CHECK_CONSUMER) timestamp=359 ms, used_size=15869952 bytes (38.7%)
(RDMA_READ_CONSUME_CHECK_CONSUMER) timestamp=359 ms, used_size=15867904 bytes (38.7%)
(RDMA_READ_CONSUME_CHECK_CONSUMER) timestamp=359 ms, used_size=15865856 bytes (38.7%)
(RDMA_READ_CONSUME_CHECK_CONSUMER) timestamp=359 ms, used_size=15863808 bytes (38.7%)
(RDMA_READ_CONSUME_CHECK_CONSUMER) timestamp=359 ms, used_size=15861760 bytes (38.7%)
(RDMA_READ_CONSUME_CHECK_CONSUMER) timestamp=359 ms, used_size=15859712 bytes (38.7%)
(RDMA_READ_CONSUME_CHECK_CONSUMER) timestamp=359 ms, used_size=15857664 bytes (38.7%)
(RDMA_READ_CONSUME_CHECK_CONSUMER) timestamp=359 ms, used_size=15855616 bytes (38.7%)
(RDMA_READ_CONSUME_CHECK_CONSUMER) timestamp=359 ms, used_size=15853568 bytes (38.7%)
(RDMA_READ_CONSUME_CHECK_CONSUMER) timestamp=359 ms, used_size=15851520 bytes (38.7%)
(RDMA_READ_CONSUME_CHECK_CONSUMER) timestamp=359 ms, used_size=15849472 bytes (38.7%)
(RDMA_READ_CONSUME_CHECK_CONSUMER) timestamp=359 ms, used_size=15847424 bytes (38.7%)
(RDMA_READ_CONSUME_CHECK_CONSUMER) timestamp=359 ms, used_size=15845376 bytes (38.7%)
(RDMA_READ_CONSUME_CHECK_CONSUMER) timestamp=359 ms, used_size=15843328 bytes (38.7%)
(RDMA_READ_CONSUME_CHECK_CONSUMER) timestamp=359 ms, used_size=15841280 bytes (38.7%)
(RDMA_READ_CONSUME_CHECK_CONSUMER) timestamp=359 ms, used_size=15839232 bytes (38.7%)
(RDMA_READ_CONSUME_CHECK_CONSUMER) timestamp=359 ms, used_size=15837184 bytes (38.7%)
(RDMA_READ_CONSUME_CHECK_CONSUMER) timestamp=359 ms, used_size=15835136 bytes (38.7%)
(RDMA_READ_CONSUME_CHECK_CONSUMER) timestamp=359 ms, used_size=15833088 bytes (38.7%)
(RDMA_READ_CONSUME_CHECK_CONSUMER) timestamp=359 ms, used_size=15831040 bytes (38.6%)
(RDMA_READ_CONSUME_CHECK_CONSUMER) timestamp=359 ms, used_size=15828992 bytes (38.6%)
(RDMA_READ_CONSUME_CHECK_CONSUMER) timestamp=359 ms, used_size=15826944 bytes (38.6%)
(RDMA_READ_CONSUME_CHECK_CONSUMER) timestamp=359 ms, used_size=15824896 bytes (38.6%)
(RDMA_READ_CONSUME_CHECK_CONSUMER) timestamp=359 ms, used_size=15822848 bytes (38.6%)
(RDMA_READ_CONSUME_CHECK_CONSUMER) timestamp=359 ms, used_size=15820800 bytes (38.6%)
(RDMA_READ_CONSUME_CHECK_CONSUMER) timestamp=359 ms, used_size=15818752 bytes (38.6%)
(RDMA_READ_CONSUME_CHECK_CONSUMER) timestamp=359 ms, used_size=15816704 bytes (38.6%)
(RDMA_READ_CONSUME_CHECK_CONSUMER) timestamp=359 ms, used_size=15814656 bytes (38.6%)
(RDMA_READ_CONSUME_CHECK_CONSUMER) timestamp=359 ms, used_size=15812608 bytes (38.6%)
(RDMA_READ_CONSUME_CHECK_CONSUMER) timestamp=359 ms, used_size=15810560 bytes (38.6%)
(RDMA_READ_CONSUME_CHECK_CONSUMER) timestamp=359 ms, used_size=15808512 bytes (38.6%)
(RDMA_READ_CONSUME_CHECK_CONSUMER) timestamp=359 ms, used_size=15806464 bytes (38.6%)
(RDMA_READ_CONSUME_CHECK_CONSUMER) timestamp=359 ms, used_size=15804416 bytes (38.6%)
(RDMA_READ_CONSUME_CHECK_CONSUMER) timestamp=359 ms, used_size=15802368 bytes (38.6%)
(RDMA_READ_CONSUME_CHECK_CONSUMER) timestamp=359 ms, used_size=15800320 bytes (38.6%)
(RDMA_READ_CONSUME_CHECK_CONSUMER) timestamp=359 ms, used_size=15798272 bytes (38.6%)
(RDMA_READ_CONSUME_CHECK_CONSUMER) timestamp=359 ms, used_size=15796224 bytes (38.6%)
(RDMA_READ_CONSUME_CHECK_CONSUMER) timestamp=359 ms, used_size=15794176 bytes (38.6%)
(RDMA_READ_CONSUME_CHECK_CONSUMER) timestamp=359 ms, used_size=15792128 bytes (38.6%)
(RDMA_READ_CONSUME_CHECK_CONSUMER) timestamp=359 ms, used_size=15790080 bytes (38.5%)
(RDMA_READ_CONSUME_CHECK_CONSUMER) timestamp=359 ms, used_size=15788032 bytes (38.5%)
(RDMA_READ_CONSUME_CHECK_CONSUMER) timestamp=359 ms, used_size=15785984 bytes (38.5%)
(RDMA_READ_CONSUME_CHECK_CONSUMER) timestamp=359 ms, used_size=15783936 bytes (38.5%)
(RDMA_READ_CONSUME_CHECK_CONSUMER) timestamp=359 ms, used_size=15781888 bytes (38.5%)
(RDMA_READ_CONSUME_CHECK_CONSUMER) timestamp=359 ms, used_size=15779840 bytes (38.5%)
(RDMA_READ_CONSUME_CHECK_CONSUMER) timestamp=359 ms, used_size=15777792 bytes (38.5%)
(RDMA_READ_CONSUME_CHECK_CONSUMER) timestamp=359 ms, used_size=15775744 bytes (38.5%)
(RDMA_READ_CONSUME_CHECK_CONSUMER) timestamp=359 ms, used_size=15773696 bytes (38.5%)
(RDMA_READ_CONSUME_CHECK_CONSUMER) timestamp=359 ms, used_size=15771648 bytes (38.5%)
(RDMA_READ_CONSUME_CHECK_CONSUMER) timestamp=359 ms, used_size=15769600 bytes (38.5%)
(RDMA_READ_CONSUME_CHECK_CONSUMER) timestamp=359 ms, used_size=15767552 bytes (38.5%)
(RDMA_READ_CONSUME_CHECK_CONSUMER) timestamp=359 ms, used_size=15765504 bytes (38.5%)
(RDMA_READ_CONSUME_CHECK_CONSUMER) timestamp=359 ms, used_size=15763456 bytes (38.5%)
(RDMA_READ_CONSUME_CHECK_CONSUMER) timestamp=359 ms, used_size=15761408 bytes (38.5%)
(RDMA_READ_CONSUME_CHECK_CONSUMER) timestamp=359 ms, used_size=15759360 bytes (38.5%)
(RDMA_READ_CONSUME_CHECK_CONSUMER) timestamp=359 ms, used_size=15757312 bytes (38.5%)
(RDMA_READ_CONSUME_CHECK_CONSUMER) timestamp=359 ms, used_size=15755264 bytes (38.5%)
(RDMA_READ_CONSUME_CHECK_CONSUMER) timestamp=359 ms, used_size=15753216 bytes (38.5%)
(RDMA_READ_CONSUME_CHECK_CONSUMER) timestamp=359 ms, used_size=15751168 bytes (38.5%)
(RDMA_READ_CONSUME_CHECK_CONSUMER) timestamp=359 ms, used_size=15749120 bytes (38.5%)
(RDMA_READ_CONSUME_CHECK_CONSUMER) timestamp=359 ms, used_size=15747072 bytes (38.4%)
(RDMA_READ_CONSUME_CHECK_CONSUMER) timestamp=359 ms, used_size=15745024 bytes (38.4%)
(RDMA_READ_CONSUME_CHECK_CONSUMER) timestamp=359 ms, used_size=15742976 bytes (38.4%)
(RDMA_READ_CONSUME_CHECK_CONSUMER) timestamp=359 ms, used_size=15740928 bytes (38.4%)
(RDMA_READ_CONSUME_CHECK_CONSUMER) timestamp=359 ms, used_size=15738880 bytes (38.4%)
(RDMA_READ_CONSUME_CHECK_CONSUMER) timestamp=359 ms, used_size=15736832 bytes (38.4%)
(RDMA_READ_CONSUME_CHECK_CONSUMER) timestamp=359 ms, used_size=15734784 bytes (38.4%)
(RDMA_READ_CONSUME_CHECK_CONSUMER) timestamp=359 ms, used_size=15732736 bytes (38.4%)
(RDMA_READ_CONSUME_CHECK_CONSUMER) timestamp=359 ms, used_size=15730688 bytes (38.4%)
(RDMA_READ_CONSUME_CHECK_CONSUMER) timestamp=359 ms, used_size=15728640 bytes (38.4%)
(RDMA_READ_CONSUME_CHECK_CONSUMER) timestamp=359 ms, used_size=15726592 bytes (38.4%)
(RDMA_READ_CONSUME_CHECK_CONSUMER) timestamp=359 ms, used_size=15724544 bytes (38.4%)
(RDMA_READ_CONSUME_CHECK_CONSUMER) timestamp=359 ms, used_size=15722496 bytes (38.4%)
(RDMA_READ_CONSUME_CHECK_CONSUMER) timestamp=359 ms, used_size=15720448 bytes (38.4%)
(RDMA_READ_CONSUME_CHECK_CONSUMER) timestamp=359 ms, used_size=15718400 bytes (38.4%)
(RDMA_READ_CONSUME_CHECK_CONSUMER) timestamp=359 ms, used_size=15716352 bytes (38.4%)
(RDMA_READ_CONSUME_CHECK_CONSUMER) timestamp=359 ms, used_size=15714304 bytes (38.4%)
(RDMA_READ_CONSUME_CHECK_CONSUMER) timestamp=359 ms, used_size=15712256 bytes (38.4%)
(RDMA_READ_CONSUME_CHECK_CONSUMER) timestamp=359 ms, used_size=15710208 bytes (38.4%)
(RDMA_READ_CONSUME_CHECK_CONSUMER) timestamp=359 ms, used_size=15708160 bytes (38.4%)
(RDMA_READ_CONSUME_CHECK_CONSUMER) timestamp=359 ms, used_size=15706112 bytes (38.3%)
(RDMA_READ_CONSUME_CHECK_CONSUMER) timestamp=360 ms, used_size=15704064 bytes (38.3%)
(RDMA_READ_CONSUME_CHECK_CONSUMER) timestamp=360 ms, used_size=15702016 bytes (38.3%)
(RDMA_READ_CONSUME_CHECK_CONSUMER) timestamp=360 ms, used_size=15699968 bytes (38.3%)
(RDMA_READ_CONSUME_CHECK_CONSUMER) timestamp=360 ms, used_size=15697920 bytes (38.3%)
(RDMA_READ_CONSUME_CHECK_CONSUMER) timestamp=360 ms, used_size=15695872 bytes (38.3%)
(RDMA_READ_CONSUME_CHECK_CONSUMER) timestamp=360 ms, used_size=15693824 bytes (38.3%)
(RDMA_READ_CONSUME_CHECK_CONSUMER) timestamp=360 ms, used_size=15691776 bytes (38.3%)
(RDMA_READ_CONSUME_CHECK_CONSUMER) timestamp=360 ms, used_size=15689728 bytes (38.3%)
(RDMA_READ_CONSUME_CHECK_CONSUMER) timestamp=360 ms, used_size=15687680 bytes (38.3%)
(RDMA_READ_CONSUME_CHECK_CONSUMER) timestamp=360 ms, used_size=15685632 bytes (38.3%)
(RDMA_READ_CONSUME_CHECK_CONSUMER) timestamp=360 ms, used_size=15683584 bytes (38.3%)
(RDMA_READ_CONSUME_CHECK_CONSUMER) timestamp=360 ms, used_size=15681536 bytes (38.3%)
(RDMA_READ_CONSUME_CHECK_CONSUMER) timestamp=360 ms, used_size=15679488 bytes (38.3%)
(RDMA_READ_CONSUME_CHECK_CONSUMER) timestamp=360 ms, used_size=15677440 bytes (38.3%)
(RDMA_READ_CONSUME_CHECK_CONSUMER) timestamp=360 ms, used_size=15675392 bytes (38.3%)
(RDMA_READ_CONSUME_CHECK_CONSUMER) timestamp=360 ms, used_size=15673344 bytes (38.3%)
(RDMA_READ_CONSUME_CHECK_CONSUMER) timestamp=360 ms, used_size=15671296 bytes (38.3%)
(RDMA_READ_CONSUME_CHECK_CONSUMER) timestamp=360 ms, used_size=15669248 bytes (38.3%)
(RDMA_READ_CONSUME_CHECK_CONSUMER) timestamp=360 ms, used_size=15667200 bytes (38.2%)
(RDMA_READ_CONSUME_CHECK_CONSUMER) timestamp=360 ms, used_size=15665152 bytes (38.2%)
(RDMA_READ_CONSUME_CHECK_CONSUMER) timestamp=360 ms, used_size=15663104 bytes (38.2%)
(RDMA_READ_CONSUME_CHECK_CONSUMER) timestamp=360 ms, used_size=15661056 bytes (38.2%)
(RDMA_READ_CONSUME_CHECK_CONSUMER) timestamp=360 ms, used_size=15659008 bytes (38.2%)
(RDMA_READ_CONSUME_CHECK_CONSUMER) timestamp=360 ms, used_size=15656960 bytes (38.2%)
(RDMA_READ_CONSUME_CHECK_CONSUMER) timestamp=360 ms, used_size=15654912 bytes (38.2%)
(RDMA_READ_CONSUME_CHECK_CONSUMER) timestamp=360 ms, used_size=15652864 bytes (38.2%)
(RDMA_READ_CONSUME_CHECK_CONSUMER) timestamp=360 ms, used_size=15650816 bytes (38.2%)
(RDMA_READ_CONSUME_CHECK_CONSUMER) timestamp=360 ms, used_size=15648768 bytes (38.2%)
(RDMA_READ_CONSUME_CHECK_CONSUMER) timestamp=360 ms, used_size=15646720 bytes (38.2%)
(RDMA_READ_CONSUME_CHECK_CONSUMER) timestamp=360 ms, used_size=15644672 bytes (38.2%)
(RDMA_READ_CONSUME_CHECK_CONSUMER) timestamp=360 ms, used_size=15642624 bytes (38.2%)
(RDMA_READ_CONSUME_CHECK_CONSUMER) timestamp=360 ms, used_size=15640576 bytes (38.2%)
(RDMA_READ_CONSUME_CHECK_CONSUMER) timestamp=360 ms, used_size=15638528 bytes (38.2%)
(RDMA_READ_CONSUME_CHECK_CONSUMER) timestamp=360 ms, used_size=15636480 bytes (38.2%)
(RDMA_READ_CONSUME_CHECK_CONSUMER) timestamp=360 ms, used_size=15634432 bytes (38.2%)
(RDMA_READ_CONSUME_CHECK_CONSUMER) timestamp=360 ms, used_size=15632384 bytes (38.2%)
(RDMA_READ_CONSUME_CHECK_CONSUMER) timestamp=360 ms, used_size=15630336 bytes (38.2%)
(RDMA_READ_CONSUME_CHECK_CONSUMER) timestamp=360 ms, used_size=15628288 bytes (38.2%)
(RDMA_READ_CONSUME_CHECK_CONSUMER) timestamp=360 ms, used_size=15626240 bytes (38.1%)
(RDMA_READ_CONSUME_CHECK_CONSUMER) timestamp=360 ms, used_size=15624192 bytes (38.1%)
(RDMA_READ_CONSUME_CHECK_CONSUMER) timestamp=360 ms, used_size=15622144 bytes (38.1%)
(RDMA_READ_CONSUME_CHECK_CONSUMER) timestamp=360 ms, used_size=15620096 bytes (38.1%)
(RDMA_READ_CONSUME_CHECK_CONSUMER) timestamp=360 ms, used_size=15618048 bytes (38.1%)
(RDMA_READ_CONSUME_CHECK_CONSUMER) timestamp=360 ms, used_size=15616000 bytes (38.1%)
(RDMA_READ_CONSUME_CHECK_CONSUMER) timestamp=360 ms, used_size=15613952 bytes (38.1%)
(RDMA_READ_CONSUME_CHECK_CONSUMER) timestamp=360 ms, used_size=15611904 bytes (38.1%)
(RDMA_READ_CONSUME_CHECK_CONSUMER) timestamp=360 ms, used_size=15609856 bytes (38.1%)
(RDMA_READ_CONSUME_CHECK_CONSUMER) timestamp=360 ms, used_size=15607808 bytes (38.1%)
(RDMA_READ_CONSUME_CHECK_CONSUMER) timestamp=360 ms, used_size=15605760 bytes (38.1%)
(RDMA_READ_CONSUME_CHECK_CONSUMER) timestamp=360 ms, used_size=15603712 bytes (38.1%)
(RDMA_READ_CONSUME_CHECK_CONSUMER) timestamp=360 ms, used_size=15601664 bytes (38.1%)
(RDMA_READ_CONSUME_CHECK_CONSUMER) timestamp=360 ms, used_size=15599616 bytes (38.1%)
(RDMA_READ_CONSUME_CHECK_CONSUMER) timestamp=360 ms, used_size=15597568 bytes (38.1%)
(RDMA_READ_CONSUME_CHECK_CONSUMER) timestamp=360 ms, used_size=15595520 bytes (38.1%)
(RDMA_READ_CONSUME_CHECK_CONSUMER) timestamp=360 ms, used_size=15593472 bytes (38.1%)
(RDMA_READ_CONSUME_CHECK_CONSUMER) timestamp=360 ms, used_size=15591424 bytes (38.1%)
(RDMA_READ_CONSUME_CHECK_CONSUMER) timestamp=360 ms, used_size=15589376 bytes (38.1%)
(RDMA_READ_CONSUME_CHECK_CONSUMER) timestamp=360 ms, used_size=15587328 bytes (38.1%)
(RDMA_READ_CONSUME_CHECK_CONSUMER) timestamp=360 ms, used_size=15585280 bytes (38.0%)
(RDMA_READ_CONSUME_CHECK_CONSUMER) timestamp=360 ms, used_size=15583232 bytes (38.0%)
(RDMA_READ_CONSUME_CHECK_CONSUMER) timestamp=360 ms, used_size=15581184 bytes (38.0%)
(RDMA_READ_CONSUME_CHECK_CONSUMER) timestamp=360 ms, used_size=15579136 bytes (38.0%)
(RDMA_READ_CONSUME_CHECK_CONSUMER) timestamp=360 ms, used_size=15577088 bytes (38.0%)
(RDMA_READ_CONSUME_CHECK_CONSUMER) timestamp=360 ms, used_size=15575040 bytes (38.0%)
(RDMA_READ_CONSUME_CHECK_CONSUMER) timestamp=360 ms, used_size=15572992 bytes (38.0%)
(RDMA_READ_CONSUME_CHECK_CONSUMER) timestamp=360 ms, used_size=15570944 bytes (38.0%)
(RDMA_READ_CONSUME_CHECK_CONSUMER) timestamp=360 ms, used_size=15568896 bytes (38.0%)
(RDMA_READ_CONSUME_CHECK_CONSUMER) timestamp=360 ms, used_size=15566848 bytes (38.0%)
(RDMA_READ_CONSUME_CHECK_CONSUMER) timestamp=360 ms, used_size=15564800 bytes (38.0%)
(RDMA_READ_CONSUME_CHECK_CONSUMER) timestamp=360 ms, used_size=15562752 bytes (38.0%)
(RDMA_READ_CONSUME_CHECK_CONSUMER) timestamp=360 ms, used_size=15560704 bytes (38.0%)
(RDMA_READ_CONSUME_CHECK_CONSUMER) timestamp=360 ms, used_size=15558656 bytes (38.0%)
(RDMA_READ_CONSUME_CHECK_CONSUMER) timestamp=360 ms, used_size=15556608 bytes (38.0%)
(RDMA_READ_CONSUME_CHECK_CONSUMER) timestamp=360 ms, used_size=15554560 bytes (38.0%)
(RDMA_READ_CONSUME_CHECK_CONSUMER) timestamp=360 ms, used_size=15552512 bytes (38.0%)
(RDMA_READ_CONSUME_CHECK_CONSUMER) timestamp=360 ms, used_size=15550464 bytes (38.0%)
(RDMA_READ_CONSUME_CHECK_CONSUMER) timestamp=360 ms, used_size=15548416 bytes (38.0%)
(RDMA_READ_CONSUME_CHECK_CONSUMER) timestamp=360 ms, used_size=15546368 bytes (38.0%)
(RDMA_READ_CONSUME_CHECK_CONSUMER) timestamp=360 ms, used_size=15544320 bytes (38.0%)
(RDMA_READ_CONSUME_CHECK_CONSUMER) timestamp=360 ms, used_size=15542272 bytes (37.9%)
(RDMA_READ_CONSUME_CHECK_CONSUMER) timestamp=360 ms, used_size=15540224 bytes (37.9%)
(RDMA_READ_CONSUME_CHECK_CONSUMER) timestamp=360 ms, used_size=15538176 bytes (37.9%)
(RDMA_READ_CONSUME_CHECK_CONSUMER) timestamp=360 ms, used_size=15536128 bytes (37.9%)
(RDMA_READ_CONSUME_CHECK_CONSUMER) timestamp=360 ms, used_size=15534080 bytes (37.9%)
(RDMA_READ_CONSUME_CHECK_CONSUMER) timestamp=360 ms, used_size=15532032 bytes (37.9%)
(RDMA_READ_CONSUME_CHECK_CONSUMER) timestamp=360 ms, used_size=15529984 bytes (37.9%)
(RDMA_READ_CONSUME_CHECK_CONSUMER) timestamp=360 ms, used_size=15527936 bytes (37.9%)
(RDMA_READ_CONSUME_CHECK_CONSUMER) timestamp=360 ms, used_size=15525888 bytes (37.9%)
(RDMA_READ_CONSUME_CHECK_CONSUMER) timestamp=360 ms, used_size=15523840 bytes (37.9%)
(RDMA_READ_CONSUME_CHECK_CONSUMER) timestamp=360 ms, used_size=15521792 bytes (37.9%)
(RDMA_READ_CONSUME_CHECK_CONSUMER) timestamp=360 ms, used_size=15519744 bytes (37.9%)
(RDMA_READ_CONSUME_CHECK_CONSUMER) timestamp=360 ms, used_size=15517696 bytes (37.9%)
(RDMA_READ_CONSUME_CHECK_CONSUMER) timestamp=360 ms, used_size=15515648 bytes (37.9%)
(RDMA_READ_CONSUME_CHECK_CONSUMER) timestamp=360 ms, used_size=15513600 bytes (37.9%)
(RDMA_READ_CONSUME_CHECK_CONSUMER) timestamp=360 ms, used_size=15511552 bytes (37.9%)
(RDMA_READ_CONSUME_CHECK_CONSUMER) timestamp=360 ms, used_size=15509504 bytes (37.9%)
(RDMA_READ_CONSUME_CHECK_CONSUMER) timestamp=360 ms, used_size=15507456 bytes (37.9%)
(RDMA_READ_CONSUME_CHECK_CONSUMER) timestamp=360 ms, used_size=15505408 bytes (37.9%)
(RDMA_READ_CONSUME_CHECK_CONSUMER) timestamp=360 ms, used_size=15503360 bytes (37.9%)
(RDMA_READ_CONSUME_CHECK_CONSUMER) timestamp=360 ms, used_size=15501312 bytes (37.8%)
(RDMA_READ_CONSUME_CHECK_CONSUMER) timestamp=360 ms, used_size=15499264 bytes (37.8%)
(RDMA_READ_CONSUME_CHECK_CONSUMER) timestamp=360 ms, used_size=15497216 bytes (37.8%)
(RDMA_READ_CONSUME_CHECK_CONSUMER) timestamp=360 ms, used_size=15495168 bytes (37.8%)
(RDMA_READ_CONSUME_CHECK_CONSUMER) timestamp=360 ms, used_size=15493120 bytes (37.8%)
(RDMA_READ_CONSUME_CHECK_CONSUMER) timestamp=360 ms, used_size=15491072 bytes (37.8%)
(RDMA_READ_CONSUME_CHECK_CONSUMER) timestamp=360 ms, used_size=15489024 bytes (37.8%)
(RDMA_READ_CONSUME_CHECK_CONSUMER) timestamp=360 ms, used_size=15486976 bytes (37.8%)
(RDMA_READ_CONSUME_CHECK_CONSUMER) timestamp=360 ms, used_size=15484928 bytes (37.8%)
(RDMA_READ_CONSUME_CHECK_CONSUMER) timestamp=360 ms, used_size=15482880 bytes (37.8%)
(RDMA_READ_CONSUME_CHECK_CONSUMER) timestamp=360 ms, used_size=15480832 bytes (37.8%)
(RDMA_READ_CONSUME_CHECK_CONSUMER) timestamp=360 ms, used_size=15478784 bytes (37.8%)
(RDMA_READ_CONSUME_CHECK_CONSUMER) timestamp=360 ms, used_size=15476736 bytes (37.8%)
(RDMA_READ_CONSUME_CHECK_CONSUMER) timestamp=360 ms, used_size=15474688 bytes (37.8%)
(RDMA_READ_CONSUME_CHECK_CONSUMER) timestamp=360 ms, used_size=15472640 bytes (37.8%)
(RDMA_READ_CONSUME_CHECK_CONSUMER) timestamp=360 ms, used_size=15470592 bytes (37.8%)
(RDMA_READ_CONSUME_CHECK_CONSUMER) timestamp=360 ms, used_size=15468544 bytes (37.8%)
(RDMA_READ_CONSUME_CHECK_CONSUMER) timestamp=360 ms, used_size=15466496 bytes (37.8%)
(RDMA_READ_CONSUME_CHECK_CONSUMER) timestamp=360 ms, used_size=15464448 bytes (37.8%)
(RDMA_READ_CONSUME_CHECK_CONSUMER) timestamp=360 ms, used_size=15462400 bytes (37.8%)
(RDMA_READ_CONSUME_CHECK_CONSUMER) timestamp=360 ms, used_size=15460352 bytes (37.7%)
(RDMA_READ_CONSUME_CHECK_CONSUMER) timestamp=360 ms, used_size=15458304 bytes (37.7%)
(RDMA_READ_CONSUME_CHECK_CONSUMER) timestamp=360 ms, used_size=15456256 bytes (37.7%)
(RDMA_READ_CONSUME_CHECK_CONSUMER) timestamp=360 ms, used_size=15454208 bytes (37.7%)
(RDMA_READ_CONSUME_CHECK_CONSUMER) timestamp=360 ms, used_size=15452160 bytes (37.7%)
(RDMA_READ_CONSUME_CHECK_CONSUMER) timestamp=360 ms, used_size=15450112 bytes (37.7%)
(RDMA_READ_CONSUME_CHECK_CONSUMER) timestamp=360 ms, used_size=15448064 bytes (37.7%)
(RDMA_READ_CONSUME_CHECK_CONSUMER) timestamp=360 ms, used_size=15446016 bytes (37.7%)
(RDMA_READ_CONSUME_CHECK_CONSUMER) timestamp=360 ms, used_size=15443968 bytes (37.7%)
(RDMA_READ_CONSUME_CHECK_CONSUMER) timestamp=360 ms, used_size=15441920 bytes (37.7%)
(RDMA_READ_CONSUME_CHECK_CONSUMER) timestamp=360 ms, used_size=15439872 bytes (37.7%)
(RDMA_READ_CONSUME_CHECK_CONSUMER) timestamp=360 ms, used_size=15437824 bytes (37.7%)
(RDMA_READ_CONSUME_CHECK_CONSUMER) timestamp=360 ms, used_size=15435776 bytes (37.7%)
(RDMA_READ_CONSUME_CHECK_CONSUMER) timestamp=360 ms, used_size=15433728 bytes (37.7%)
(RDMA_READ_CONSUME_CHECK_CONSUMER) timestamp=360 ms, used_size=15431680 bytes (37.7%)
(RDMA_READ_CONSUME_CHECK_CONSUMER) timestamp=360 ms, used_size=15429632 bytes (37.7%)
(RDMA_READ_CONSUME_CHECK_CONSUMER) timestamp=360 ms, used_size=15427584 bytes (37.7%)
(RDMA_READ_CONSUME_CHECK_CONSUMER) timestamp=360 ms, used_size=15425536 bytes (37.7%)
(RDMA_READ_CONSUME_CHECK_CONSUMER) timestamp=360 ms, used_size=15423488 bytes (37.7%)
(RDMA_READ_CONSUME_CHECK_CONSUMER) timestamp=360 ms, used_size=15421440 bytes (37.6%)
(RDMA_READ_CONSUME_CHECK_CONSUMER) timestamp=360 ms, used_size=15419392 bytes (37.6%)
(RDMA_READ_CONSUME_CHECK_CONSUMER) timestamp=360 ms, used_size=15417344 bytes (37.6%)
(RDMA_READ_CONSUME_CHECK_CONSUMER) timestamp=360 ms, used_size=15415296 bytes (37.6%)
(RDMA_READ_CONSUME_CHECK_CONSUMER) timestamp=360 ms, used_size=15413248 bytes (37.6%)
(RDMA_READ_CONSUME_CHECK_CONSUMER) timestamp=360 ms, used_size=15411200 bytes (37.6%)
(RDMA_READ_CONSUME_CHECK_CONSUMER) timestamp=360 ms, used_size=15409152 bytes (37.6%)
(RDMA_READ_CONSUME_CHECK_CONSUMER) timestamp=360 ms, used_size=15407104 bytes (37.6%)
(RDMA_READ_CONSUME_CHECK_CONSUMER) timestamp=360 ms, used_size=15405056 bytes (37.6%)
(RDMA_READ_CONSUME_CHECK_CONSUMER) timestamp=360 ms, used_size=15403008 bytes (37.6%)
(RDMA_READ_CONSUME_CHECK_CONSUMER) timestamp=360 ms, used_size=15400960 bytes (37.6%)
(RDMA_READ_CONSUME_CHECK_CONSUMER) timestamp=360 ms, used_size=15398912 bytes (37.6%)
(RDMA_READ_CONSUME_CHECK_CONSUMER) timestamp=360 ms, used_size=15396864 bytes (37.6%)
(RDMA_READ_CONSUME_CHECK_CONSUMER) timestamp=360 ms, used_size=15394816 bytes (37.6%)
(RDMA_READ_CONSUME_CHECK_CONSUMER) timestamp=360 ms, used_size=15392768 bytes (37.6%)
(RDMA_READ_CONSUME_CHECK_CONSUMER) timestamp=360 ms, used_size=15390720 bytes (37.6%)
(RDMA_READ_CONSUME_CHECK_CONSUMER) timestamp=360 ms, used_size=15388672 bytes (37.6%)
(RDMA_READ_CONSUME_CHECK_CONSUMER) timestamp=360 ms, used_size=15386624 bytes (37.6%)
(RDMA_READ_CONSUME_CHECK_CONSUMER) timestamp=360 ms, used_size=15384576 bytes (37.6%)
(RDMA_READ_CONSUME_CHECK_CONSUMER) timestamp=360 ms, used_size=15382528 bytes (37.6%)
(RDMA_READ_CONSUME_CHECK_CONSUMER) timestamp=360 ms, used_size=15380480 bytes (37.5%)
(RDMA_READ_CONSUME_CHECK_CONSUMER) timestamp=360 ms, used_size=15378432 bytes (37.5%)
(RDMA_READ_CONSUME_CHECK_CONSUMER) timestamp=360 ms, used_size=15376384 bytes (37.5%)
(RDMA_READ_CONSUME_CHECK_CONSUMER) timestamp=360 ms, used_size=15374336 bytes (37.5%)
(RDMA_READ_CONSUME_CHECK_CONSUMER) timestamp=360 ms, used_size=15372288 bytes (37.5%)
(RDMA_READ_CONSUME_CHECK_CONSUMER) timestamp=360 ms, used_size=15370240 bytes (37.5%)
(RDMA_READ_CONSUME_CHECK_CONSUMER) timestamp=360 ms, used_size=15368192 bytes (37.5%)
(RDMA_READ_CONSUME_CHECK_CONSUMER) timestamp=360 ms, used_size=15366144 bytes (37.5%)
(RDMA_READ_CONSUME_CHECK_CONSUMER) timestamp=360 ms, used_size=15364096 bytes (37.5%)
(RDMA_READ_CONSUME_CHECK_CONSUMER) timestamp=360 ms, used_size=15362048 bytes (37.5%)
(RDMA_READ_CONSUME_CHECK_CONSUMER) timestamp=360 ms, used_size=15360000 bytes (37.5%)
(RDMA_READ_CONSUME_CHECK_CONSUMER) timestamp=360 ms, used_size=15357952 bytes (37.5%)
(RDMA_READ_CONSUME_CHECK_CONSUMER) timestamp=360 ms, used_size=15355904 bytes (37.5%)
(RDMA_READ_CONSUME_CHECK_CONSUMER) timestamp=360 ms, used_size=15353856 bytes (37.5%)
(RDMA_READ_CONSUME_CHECK_CONSUMER) timestamp=360 ms, used_size=15351808 bytes (37.5%)
(RDMA_READ_CONSUME_CHECK_CONSUMER) timestamp=360 ms, used_size=15349760 bytes (37.5%)
(RDMA_READ_CONSUME_CHECK_CONSUMER) timestamp=360 ms, used_size=15347712 bytes (37.5%)
(RDMA_READ_CONSUME_CHECK_CONSUMER) timestamp=360 ms, used_size=15345664 bytes (37.5%)
(RDMA_READ_CONSUME_CHECK_CONSUMER) timestamp=360 ms, used_size=15343616 bytes (37.5%)
(RDMA_READ_CONSUME_CHECK_CONSUMER) timestamp=360 ms, used_size=15341568 bytes (37.5%)
(RDMA_READ_CONSUME_CHECK_CONSUMER) timestamp=360 ms, used_size=15339520 bytes (37.5%)
(RDMA_READ_CONSUME_CHECK_CONSUMER) timestamp=360 ms, used_size=15337472 bytes (37.4%)
(RDMA_READ_CONSUME_CHECK_CONSUMER) timestamp=360 ms, used_size=15335424 bytes (37.4%)
(RDMA_READ_CONSUME_CHECK_CONSUMER) timestamp=360 ms, used_size=15333376 bytes (37.4%)
(RDMA_READ_CONSUME_CHECK_CONSUMER) timestamp=361 ms, used_size=15331328 bytes (37.4%)
(RDMA_READ_CONSUME_CHECK_CONSUMER) timestamp=361 ms, used_size=15329280 bytes (37.4%)
(RDMA_READ_CONSUME_CHECK_CONSUMER) timestamp=361 ms, used_size=15327232 bytes (37.4%)
(RDMA_READ_CONSUME_CHECK_CONSUMER) timestamp=361 ms, used_size=15325184 bytes (37.4%)
(RDMA_READ_CONSUME_CHECK_CONSUMER) timestamp=361 ms, used_size=15323136 bytes (37.4%)
(RDMA_READ_CONSUME_CHECK_CONSUMER) timestamp=361 ms, used_size=15321088 bytes (37.4%)
(RDMA_READ_CONSUME_CHECK_CONSUMER) timestamp=361 ms, used_size=15319040 bytes (37.4%)
(RDMA_READ_CONSUME_CHECK_CONSUMER) timestamp=361 ms, used_size=15316992 bytes (37.4%)
(RDMA_READ_CONSUME_CHECK_CONSUMER) timestamp=361 ms, used_size=15314944 bytes (37.4%)
(RDMA_READ_CONSUME_CHECK_CONSUMER) timestamp=361 ms, used_size=15312896 bytes (37.4%)
(RDMA_READ_CONSUME_CHECK_CONSUMER) timestamp=361 ms, used_size=15310848 bytes (37.4%)
(RDMA_READ_CONSUME_CHECK_CONSUMER) timestamp=361 ms, used_size=15308800 bytes (37.4%)
(RDMA_READ_CONSUME_CHECK_CONSUMER) timestamp=361 ms, used_size=15306752 bytes (37.4%)
(RDMA_READ_CONSUME_CHECK_CONSUMER) timestamp=361 ms, used_size=15304704 bytes (37.4%)
(RDMA_READ_CONSUME_CHECK_CONSUMER) timestamp=361 ms, used_size=15302656 bytes (37.4%)
(RDMA_READ_CONSUME_CHECK_CONSUMER) timestamp=361 ms, used_size=15300608 bytes (37.4%)
(RDMA_READ_CONSUME_CHECK_CONSUMER) timestamp=361 ms, used_size=15298560 bytes (37.4%)
(RDMA_READ_CONSUME_CHECK_CONSUMER) timestamp=361 ms, used_size=15296512 bytes (37.3%)
(RDMA_READ_CONSUME_CHECK_CONSUMER) timestamp=361 ms, used_size=15294464 bytes (37.3%)
(RDMA_READ_CONSUME_CHECK_CONSUMER) timestamp=361 ms, used_size=15292416 bytes (37.3%)
(RDMA_READ_CONSUME_CHECK_CONSUMER) timestamp=361 ms, used_size=15290368 bytes (37.3%)
(RDMA_READ_CONSUME_CHECK_CONSUMER) timestamp=361 ms, used_size=15288320 bytes (37.3%)
(RDMA_READ_CONSUME_CHECK_CONSUMER) timestamp=361 ms, used_size=15286272 bytes (37.3%)
(RDMA_READ_CONSUME_CHECK_CONSUMER) timestamp=361 ms, used_size=15284224 bytes (37.3%)
(RDMA_READ_CONSUME_CHECK_CONSUMER) timestamp=361 ms, used_size=15282176 bytes (37.3%)
(RDMA_READ_CONSUME_CHECK_CONSUMER) timestamp=361 ms, used_size=15280128 bytes (37.3%)
(RDMA_READ_CONSUME_CHECK_CONSUMER) timestamp=361 ms, used_size=15278080 bytes (37.3%)
(RDMA_READ_CONSUME_CHECK_CONSUMER) timestamp=361 ms, used_size=15276032 bytes (37.3%)
(RDMA_READ_CONSUME_CHECK_CONSUMER) timestamp=361 ms, used_size=15273984 bytes (37.3%)
(RDMA_READ_CONSUME_CHECK_CONSUMER) timestamp=361 ms, used_size=15271936 bytes (37.3%)
(RDMA_READ_CONSUME_CHECK_CONSUMER) timestamp=361 ms, used_size=15269888 bytes (37.3%)
(RDMA_READ_CONSUME_CHECK_CONSUMER) timestamp=361 ms, used_size=15267840 bytes (37.3%)
(RDMA_READ_CONSUME_CHECK_CONSUMER) timestamp=361 ms, used_size=15265792 bytes (37.3%)
(RDMA_READ_CONSUME_CHECK_CONSUMER) timestamp=361 ms, used_size=15263744 bytes (37.3%)
(RDMA_READ_CONSUME_CHECK_CONSUMER) timestamp=361 ms, used_size=15261696 bytes (37.3%)
(RDMA_READ_CONSUME_CHECK_CONSUMER) timestamp=361 ms, used_size=15259648 bytes (37.3%)
(RDMA_READ_CONSUME_CHECK_CONSUMER) timestamp=361 ms, used_size=15257600 bytes (37.2%)
(RDMA_READ_CONSUME_CHECK_CONSUMER) timestamp=361 ms, used_size=15255552 bytes (37.2%)
(RDMA_READ_CONSUME_CHECK_CONSUMER) timestamp=361 ms, used_size=15253504 bytes (37.2%)
(RDMA_READ_CONSUME_CHECK_CONSUMER) timestamp=361 ms, used_size=15251456 bytes (37.2%)
(RDMA_READ_CONSUME_CHECK_CONSUMER) timestamp=361 ms, used_size=15249408 bytes (37.2%)
(RDMA_READ_CONSUME_CHECK_CONSUMER) timestamp=361 ms, used_size=15247360 bytes (37.2%)
(RDMA_READ_CONSUME_CHECK_CONSUMER) timestamp=361 ms, used_size=15245312 bytes (37.2%)
(RDMA_READ_CONSUME_CHECK_CONSUMER) timestamp=361 ms, used_size=15243264 bytes (37.2%)
(RDMA_READ_CONSUME_CHECK_CONSUMER) timestamp=361 ms, used_size=15241216 bytes (37.2%)
(RDMA_READ_CONSUME_CHECK_CONSUMER) timestamp=361 ms, used_size=15239168 bytes (37.2%)
(RDMA_READ_CONSUME_CHECK_CONSUMER) timestamp=361 ms, used_size=15237120 bytes (37.2%)
(RDMA_READ_CONSUME_CHECK_CONSUMER) timestamp=361 ms, used_size=15235072 bytes (37.2%)
(RDMA_READ_CONSUME_CHECK_CONSUMER) timestamp=361 ms, used_size=15233024 bytes (37.2%)
(RDMA_READ_CONSUME_CHECK_CONSUMER) timestamp=361 ms, used_size=15230976 bytes (37.2%)
(RDMA_READ_CONSUME_CHECK_CONSUMER) timestamp=361 ms, used_size=15228928 bytes (37.2%)
(RDMA_READ_CONSUME_CHECK_CONSUMER) timestamp=361 ms, used_size=15226880 bytes (37.2%)
(RDMA_READ_CONSUME_CHECK_CONSUMER) timestamp=361 ms, used_size=15224832 bytes (37.2%)
(RDMA_READ_CONSUME_CHECK_CONSUMER) timestamp=361 ms, used_size=15222784 bytes (37.2%)
(RDMA_READ_CONSUME_CHECK_CONSUMER) timestamp=361 ms, used_size=15220736 bytes (37.2%)
(RDMA_READ_CONSUME_CHECK_CONSUMER) timestamp=361 ms, used_size=15218688 bytes (37.2%)
(RDMA_READ_CONSUME_CHECK_CONSUMER) timestamp=361 ms, used_size=15216640 bytes (37.1%)
(RDMA_READ_CONSUME_CHECK_CONSUMER) timestamp=361 ms, used_size=15214592 bytes (37.1%)
(RDMA_READ_CONSUME_CHECK_CONSUMER) timestamp=361 ms, used_size=15212544 bytes (37.1%)
(RDMA_READ_CONSUME_CHECK_CONSUMER) timestamp=361 ms, used_size=15210496 bytes (37.1%)
(RDMA_READ_CONSUME_CHECK_CONSUMER) timestamp=361 ms, used_size=15208448 bytes (37.1%)
(RDMA_READ_CONSUME_CHECK_CONSUMER) timestamp=361 ms, used_size=15206400 bytes (37.1%)
(RDMA_READ_CONSUME_CHECK_CONSUMER) timestamp=361 ms, used_size=15204352 bytes (37.1%)
(RDMA_READ_CONSUME_CHECK_CONSUMER) timestamp=361 ms, used_size=15202304 bytes (37.1%)
(RDMA_READ_CONSUME_CHECK_CONSUMER) timestamp=361 ms, used_size=15200256 bytes (37.1%)
(RDMA_READ_CONSUME_CHECK_CONSUMER) timestamp=361 ms, used_size=15198208 bytes (37.1%)
(RDMA_READ_CONSUME_CHECK_CONSUMER) timestamp=361 ms, used_size=15196160 bytes (37.1%)
(RDMA_READ_CONSUME_CHECK_CONSUMER) timestamp=361 ms, used_size=15194112 bytes (37.1%)
(RDMA_READ_CONSUME_CHECK_CONSUMER) timestamp=361 ms, used_size=15192064 bytes (37.1%)
(RDMA_READ_CONSUME_CHECK_CONSUMER) timestamp=361 ms, used_size=15190016 bytes (37.1%)
(RDMA_READ_CONSUME_CHECK_CONSUMER) timestamp=361 ms, used_size=15187968 bytes (37.1%)
(RDMA_READ_CONSUME_CHECK_CONSUMER) timestamp=361 ms, used_size=15185920 bytes (37.1%)
(RDMA_READ_CONSUME_CHECK_CONSUMER) timestamp=361 ms, used_size=15183872 bytes (37.1%)
(RDMA_READ_CONSUME_CHECK_CONSUMER) timestamp=361 ms, used_size=15181824 bytes (37.1%)
(RDMA_READ_CONSUME_CHECK_CONSUMER) timestamp=361 ms, used_size=15179776 bytes (37.1%)
(RDMA_READ_CONSUME_CHECK_CONSUMER) timestamp=361 ms, used_size=15177728 bytes (37.1%)
(RDMA_READ_CONSUME_CHECK_CONSUMER) timestamp=361 ms, used_size=15175680 bytes (37.0%)
(RDMA_READ_CONSUME_CHECK_CONSUMER) timestamp=361 ms, used_size=15173632 bytes (37.0%)
(RDMA_READ_CONSUME_CHECK_CONSUMER) timestamp=361 ms, used_size=15171584 bytes (37.0%)
(RDMA_READ_CONSUME_CHECK_CONSUMER) timestamp=361 ms, used_size=15169536 bytes (37.0%)
(RDMA_READ_CONSUME_CHECK_CONSUMER) timestamp=361 ms, used_size=15167488 bytes (37.0%)
(RDMA_READ_CONSUME_CHECK_CONSUMER) timestamp=361 ms, used_size=15165440 bytes (37.0%)
(RDMA_READ_CONSUME_CHECK_CONSUMER) timestamp=361 ms, used_size=15163392 bytes (37.0%)
(RDMA_READ_CONSUME_CHECK_CONSUMER) timestamp=361 ms, used_size=15161344 bytes (37.0%)
(RDMA_READ_CONSUME_CHECK_CONSUMER) timestamp=361 ms, used_size=15159296 bytes (37.0%)
(RDMA_READ_CONSUME_CHECK_CONSUMER) timestamp=361 ms, used_size=15157248 bytes (37.0%)
(RDMA_READ_CONSUME_CHECK_CONSUMER) timestamp=361 ms, used_size=15155200 bytes (37.0%)
(RDMA_READ_CONSUME_CHECK_CONSUMER) timestamp=361 ms, used_size=15153152 bytes (37.0%)
(RDMA_READ_CONSUME_CHECK_CONSUMER) timestamp=361 ms, used_size=15151104 bytes (37.0%)
(RDMA_READ_CONSUME_CHECK_CONSUMER) timestamp=361 ms, used_size=15149056 bytes (37.0%)
(RDMA_READ_CONSUME_CHECK_CONSUMER) timestamp=361 ms, used_size=15147008 bytes (37.0%)
(RDMA_READ_CONSUME_CHECK_CONSUMER) timestamp=361 ms, used_size=15144960 bytes (37.0%)
(RDMA_READ_CONSUME_CHECK_CONSUMER) timestamp=361 ms, used_size=15142912 bytes (37.0%)
(RDMA_READ_CONSUME_CHECK_CONSUMER) timestamp=361 ms, used_size=15140864 bytes (37.0%)
(RDMA_READ_CONSUME_CHECK_CONSUMER) timestamp=361 ms, used_size=15138816 bytes (37.0%)
(RDMA_READ_CONSUME_CHECK_CONSUMER) timestamp=361 ms, used_size=15136768 bytes (37.0%)
(RDMA_READ_CONSUME_CHECK_CONSUMER) timestamp=361 ms, used_size=15134720 bytes (37.0%)
(RDMA_READ_CONSUME_CHECK_CONSUMER) timestamp=361 ms, used_size=15132672 bytes (36.9%)
(RDMA_READ_CONSUME_CHECK_CONSUMER) timestamp=361 ms, used_size=15130624 bytes (36.9%)
(RDMA_READ_CONSUME_CHECK_CONSUMER) timestamp=361 ms, used_size=15128576 bytes (36.9%)
(RDMA_READ_CONSUME_CHECK_CONSUMER) timestamp=361 ms, used_size=15126528 bytes (36.9%)
(RDMA_READ_CONSUME_CHECK_CONSUMER) timestamp=361 ms, used_size=15124480 bytes (36.9%)
(RDMA_READ_CONSUME_CHECK_CONSUMER) timestamp=361 ms, used_size=15122432 bytes (36.9%)
(RDMA_READ_CONSUME_CHECK_CONSUMER) timestamp=361 ms, used_size=15120384 bytes (36.9%)
(RDMA_READ_CONSUME_CHECK_CONSUMER) timestamp=361 ms, used_size=15118336 bytes (36.9%)
(RDMA_READ_CONSUME_CHECK_CONSUMER) timestamp=361 ms, used_size=15116288 bytes (36.9%)
(RDMA_READ_CONSUME_CHECK_CONSUMER) timestamp=361 ms, used_size=15114240 bytes (36.9%)
(RDMA_READ_CONSUME_CHECK_CONSUMER) timestamp=361 ms, used_size=15112192 bytes (36.9%)
(RDMA_READ_CONSUME_CHECK_CONSUMER) timestamp=361 ms, used_size=15110144 bytes (36.9%)
(RDMA_READ_CONSUME_CHECK_CONSUMER) timestamp=361 ms, used_size=15108096 bytes (36.9%)
(RDMA_READ_CONSUME_CHECK_CONSUMER) timestamp=361 ms, used_size=15106048 bytes (36.9%)
(RDMA_READ_CONSUME_CHECK_CONSUMER) timestamp=361 ms, used_size=15104000 bytes (36.9%)
(RDMA_READ_CONSUME_CHECK_CONSUMER) timestamp=361 ms, used_size=15101952 bytes (36.9%)
(RDMA_READ_CONSUME_CHECK_CONSUMER) timestamp=361 ms, used_size=15099904 bytes (36.9%)
(RDMA_READ_CONSUME_CHECK_CONSUMER) timestamp=361 ms, used_size=15097856 bytes (36.9%)
(RDMA_READ_CONSUME_CHECK_CONSUMER) timestamp=361 ms, used_size=15095808 bytes (36.9%)
(RDMA_READ_CONSUME_CHECK_CONSUMER) timestamp=361 ms, used_size=15093760 bytes (36.9%)
(RDMA_READ_CONSUME_CHECK_CONSUMER) timestamp=361 ms, used_size=15091712 bytes (36.8%)
(RDMA_READ_CONSUME_CHECK_CONSUMER) timestamp=361 ms, used_size=15089664 bytes (36.8%)
(RDMA_READ_CONSUME_CHECK_CONSUMER) timestamp=361 ms, used_size=15087616 bytes (36.8%)
(RDMA_READ_CONSUME_CHECK_CONSUMER) timestamp=361 ms, used_size=15085568 bytes (36.8%)
(RDMA_READ_CONSUME_CHECK_CONSUMER) timestamp=361 ms, used_size=15083520 bytes (36.8%)
(RDMA_READ_CONSUME_CHECK_CONSUMER) timestamp=361 ms, used_size=15081472 bytes (36.8%)
(RDMA_READ_CONSUME_CHECK_CONSUMER) timestamp=361 ms, used_size=15079424 bytes (36.8%)
(RDMA_READ_CONSUME_CHECK_CONSUMER) timestamp=361 ms, used_size=15077376 bytes (36.8%)
(RDMA_READ_CONSUME_CHECK_CONSUMER) timestamp=361 ms, used_size=15075328 bytes (36.8%)
(RDMA_READ_CONSUME_CHECK_CONSUMER) timestamp=361 ms, used_size=15073280 bytes (36.8%)
(RDMA_READ_CONSUME_CHECK_CONSUMER) timestamp=361 ms, used_size=15071232 bytes (36.8%)
(RDMA_READ_CONSUME_CHECK_CONSUMER) timestamp=361 ms, used_size=15069184 bytes (36.8%)
(RDMA_READ_CONSUME_CHECK_CONSUMER) timestamp=361 ms, used_size=15067136 bytes (36.8%)
(RDMA_READ_CONSUME_CHECK_CONSUMER) timestamp=361 ms, used_size=15065088 bytes (36.8%)
(RDMA_READ_CONSUME_CHECK_CONSUMER) timestamp=361 ms, used_size=15063040 bytes (36.8%)
(RDMA_READ_CONSUME_CHECK_CONSUMER) timestamp=361 ms, used_size=15060992 bytes (36.8%)
(RDMA_READ_CONSUME_CHECK_CONSUMER) timestamp=361 ms, used_size=15058944 bytes (36.8%)
(RDMA_READ_CONSUME_CHECK_CONSUMER) timestamp=361 ms, used_size=15056896 bytes (36.8%)
(RDMA_READ_CONSUME_CHECK_CONSUMER) timestamp=361 ms, used_size=15054848 bytes (36.8%)
(RDMA_READ_CONSUME_CHECK_CONSUMER) timestamp=361 ms, used_size=15052800 bytes (36.8%)
(RDMA_READ_CONSUME_CHECK_CONSUMER) timestamp=361 ms, used_size=15050752 bytes (36.7%)
(RDMA_READ_CONSUME_CHECK_CONSUMER) timestamp=361 ms, used_size=15048704 bytes (36.7%)
(RDMA_READ_CONSUME_CHECK_CONSUMER) timestamp=361 ms, used_size=15046656 bytes (36.7%)
(RDMA_READ_CONSUME_CHECK_CONSUMER) timestamp=361 ms, used_size=15044608 bytes (36.7%)
(RDMA_READ_CONSUME_CHECK_CONSUMER) timestamp=361 ms, used_size=15042560 bytes (36.7%)
(RDMA_READ_CONSUME_CHECK_CONSUMER) timestamp=361 ms, used_size=15040512 bytes (36.7%)
(RDMA_READ_CONSUME_CHECK_CONSUMER) timestamp=361 ms, used_size=15038464 bytes (36.7%)
(RDMA_READ_CONSUME_CHECK_CONSUMER) timestamp=361 ms, used_size=15036416 bytes (36.7%)
(RDMA_READ_CONSUME_CHECK_CONSUMER) timestamp=361 ms, used_size=15034368 bytes (36.7%)
(RDMA_READ_CONSUME_CHECK_CONSUMER) timestamp=361 ms, used_size=15032320 bytes (36.7%)
(RDMA_READ_CONSUME_CHECK_CONSUMER) timestamp=361 ms, used_size=15030272 bytes (36.7%)
(RDMA_READ_CONSUME_CHECK_CONSUMER) timestamp=361 ms, used_size=15028224 bytes (36.7%)
(RDMA_READ_CONSUME_CHECK_CONSUMER) timestamp=361 ms, used_size=15026176 bytes (36.7%)
(RDMA_READ_CONSUME_CHECK_CONSUMER) timestamp=361 ms, used_size=15024128 bytes (36.7%)
(RDMA_READ_CONSUME_CHECK_CONSUMER) timestamp=361 ms, used_size=15022080 bytes (36.7%)
(RDMA_READ_CONSUME_CHECK_CONSUMER) timestamp=361 ms, used_size=15020032 bytes (36.7%)
(RDMA_READ_CONSUME_CHECK_CONSUMER) timestamp=361 ms, used_size=15017984 bytes (36.7%)
(RDMA_READ_CONSUME_CHECK_CONSUMER) timestamp=361 ms, used_size=15015936 bytes (36.7%)
(RDMA_READ_CONSUME_CHECK_CONSUMER) timestamp=361 ms, used_size=15013888 bytes (36.7%)
(RDMA_READ_CONSUME_CHECK_CONSUMER) timestamp=361 ms, used_size=15011840 bytes (36.6%)
(RDMA_READ_CONSUME_CHECK_CONSUMER) timestamp=361 ms, used_size=15009792 bytes (36.6%)
(RDMA_READ_CONSUME_CHECK_CONSUMER) timestamp=361 ms, used_size=15007744 bytes (36.6%)
(RDMA_READ_CONSUME_CHECK_CONSUMER) timestamp=361 ms, used_size=15005696 bytes (36.6%)
(RDMA_READ_CONSUME_CHECK_CONSUMER) timestamp=361 ms, used_size=15003648 bytes (36.6%)
(RDMA_READ_CONSUME_CHECK_CONSUMER) timestamp=361 ms, used_size=15001600 bytes (36.6%)
(RDMA_READ_CONSUME_CHECK_CONSUMER) timestamp=361 ms, used_size=14999552 bytes (36.6%)
(RDMA_READ_CONSUME_CHECK_CONSUMER) timestamp=361 ms, used_size=14997504 bytes (36.6%)
(RDMA_READ_CONSUME_CHECK_CONSUMER) timestamp=361 ms, used_size=14995456 bytes (36.6%)
(RDMA_READ_CONSUME_CHECK_CONSUMER) timestamp=361 ms, used_size=14993408 bytes (36.6%)
(RDMA_READ_CONSUME_CHECK_CONSUMER) timestamp=361 ms, used_size=14991360 bytes (36.6%)
(RDMA_READ_CONSUME_CHECK_CONSUMER) timestamp=361 ms, used_size=14989312 bytes (36.6%)
(RDMA_READ_CONSUME_CHECK_CONSUMER) timestamp=361 ms, used_size=14987264 bytes (36.6%)
(RDMA_READ_CONSUME_CHECK_CONSUMER) timestamp=361 ms, used_size=14985216 bytes (36.6%)
(RDMA_READ_CONSUME_CHECK_CONSUMER) timestamp=361 ms, used_size=14983168 bytes (36.6%)
(RDMA_READ_CONSUME_CHECK_CONSUMER) timestamp=361 ms, used_size=14981120 bytes (36.6%)
(RDMA_READ_CONSUME_CHECK_CONSUMER) timestamp=361 ms, used_size=14979072 bytes (36.6%)
(RDMA_READ_CONSUME_CHECK_CONSUMER) timestamp=361 ms, used_size=14977024 bytes (36.6%)
(RDMA_READ_CONSUME_CHECK_CONSUMER) timestamp=361 ms, used_size=14974976 bytes (36.6%)
(RDMA_READ_CONSUME_CHECK_CONSUMER) timestamp=361 ms, used_size=14972928 bytes (36.6%)
(RDMA_READ_CONSUME_CHECK_CONSUMER) timestamp=361 ms, used_size=14970880 bytes (36.5%)
(RDMA_READ_CONSUME_CHECK_CONSUMER) timestamp=361 ms, used_size=14968832 bytes (36.5%)
(RDMA_READ_CONSUME_CHECK_CONSUMER) timestamp=361 ms, used_size=14966784 bytes (36.5%)
(RDMA_READ_CONSUME_CHECK_CONSUMER) timestamp=361 ms, used_size=14964736 bytes (36.5%)
(RDMA_READ_CONSUME_CHECK_CONSUMER) timestamp=361 ms, used_size=14962688 bytes (36.5%)
(RDMA_READ_CONSUME_CHECK_CONSUMER) timestamp=362 ms, used_size=14960640 bytes (36.5%)
(RDMA_READ_CONSUME_CHECK_CONSUMER) timestamp=362 ms, used_size=14958592 bytes (36.5%)
(RDMA_READ_CONSUME_CHECK_CONSUMER) timestamp=362 ms, used_size=14956544 bytes (36.5%)
(RDMA_READ_CONSUME_CHECK_CONSUMER) timestamp=362 ms, used_size=14954496 bytes (36.5%)
(RDMA_READ_CONSUME_CHECK_CONSUMER) timestamp=362 ms, used_size=14952448 bytes (36.5%)
(RDMA_READ_CONSUME_CHECK_CONSUMER) timestamp=362 ms, used_size=14950400 bytes (36.5%)
(RDMA_READ_CONSUME_CHECK_CONSUMER) timestamp=362 ms, used_size=14948352 bytes (36.5%)
(RDMA_READ_CONSUME_CHECK_CONSUMER) timestamp=362 ms, used_size=14946304 bytes (36.5%)
(RDMA_READ_CONSUME_CHECK_CONSUMER) timestamp=362 ms, used_size=14944256 bytes (36.5%)
(RDMA_READ_CONSUME_CHECK_CONSUMER) timestamp=362 ms, used_size=14942208 bytes (36.5%)
(RDMA_READ_CONSUME_CHECK_CONSUMER) timestamp=362 ms, used_size=14940160 bytes (36.5%)
(RDMA_READ_CONSUME_CHECK_CONSUMER) timestamp=362 ms, used_size=14938112 bytes (36.5%)
(RDMA_READ_CONSUME_CHECK_CONSUMER) timestamp=362 ms, used_size=14936064 bytes (36.5%)
(RDMA_READ_CONSUME_CHECK_CONSUMER) timestamp=362 ms, used_size=14934016 bytes (36.5%)
(RDMA_READ_CONSUME_CHECK_CONSUMER) timestamp=362 ms, used_size=14931968 bytes (36.5%)
(RDMA_READ_CONSUME_CHECK_CONSUMER) timestamp=362 ms, used_size=14929920 bytes (36.5%)
(RDMA_READ_CONSUME_CHECK_CONSUMER) timestamp=362 ms, used_size=14927872 bytes (36.4%)
(RDMA_READ_CONSUME_CHECK_CONSUMER) timestamp=362 ms, used_size=14925824 bytes (36.4%)
(RDMA_READ_CONSUME_CHECK_CONSUMER) timestamp=362 ms, used_size=14923776 bytes (36.4%)
(RDMA_READ_CONSUME_CHECK_CONSUMER) timestamp=362 ms, used_size=14921728 bytes (36.4%)
(RDMA_READ_CONSUME_CHECK_CONSUMER) timestamp=362 ms, used_size=14919680 bytes (36.4%)
(RDMA_READ_CONSUME_CHECK_CONSUMER) timestamp=362 ms, used_size=14917632 bytes (36.4%)
(RDMA_READ_CONSUME_CHECK_CONSUMER) timestamp=362 ms, used_size=14915584 bytes (36.4%)
(RDMA_READ_CONSUME_CHECK_CONSUMER) timestamp=362 ms, used_size=14913536 bytes (36.4%)
(RDMA_READ_CONSUME_CHECK_CONSUMER) timestamp=362 ms, used_size=14911488 bytes (36.4%)
(RDMA_READ_CONSUME_CHECK_CONSUMER) timestamp=362 ms, used_size=14909440 bytes (36.4%)
(RDMA_READ_CONSUME_CHECK_CONSUMER) timestamp=362 ms, used_size=14907392 bytes (36.4%)
(RDMA_READ_CONSUME_CHECK_CONSUMER) timestamp=362 ms, used_size=14905344 bytes (36.4%)
(RDMA_READ_CONSUME_CHECK_CONSUMER) timestamp=362 ms, used_size=14903296 bytes (36.4%)
(RDMA_READ_CONSUME_CHECK_CONSUMER) timestamp=362 ms, used_size=14901248 bytes (36.4%)
(RDMA_READ_CONSUME_CHECK_CONSUMER) timestamp=362 ms, used_size=14899200 bytes (36.4%)
(RDMA_READ_CONSUME_CHECK_CONSUMER) timestamp=362 ms, used_size=14897152 bytes (36.4%)
(RDMA_READ_CONSUME_CHECK_CONSUMER) timestamp=362 ms, used_size=14895104 bytes (36.4%)
(RDMA_READ_CONSUME_CHECK_CONSUMER) timestamp=362 ms, used_size=14893056 bytes (36.4%)
(RDMA_READ_CONSUME_CHECK_CONSUMER) timestamp=362 ms, used_size=14891008 bytes (36.4%)
(RDMA_READ_CONSUME_CHECK_CONSUMER) timestamp=362 ms, used_size=14888960 bytes (36.4%)
(RDMA_READ_CONSUME_CHECK_CONSUMER) timestamp=362 ms, used_size=14886912 bytes (36.3%)
(RDMA_READ_CONSUME_CHECK_CONSUMER) timestamp=362 ms, used_size=14884864 bytes (36.3%)
(RDMA_READ_CONSUME_CHECK_CONSUMER) timestamp=362 ms, used_size=14882816 bytes (36.3%)
(RDMA_READ_CONSUME_CHECK_CONSUMER) timestamp=362 ms, used_size=14880768 bytes (36.3%)
(RDMA_READ_CONSUME_CHECK_CONSUMER) timestamp=362 ms, used_size=14878720 bytes (36.3%)
(RDMA_READ_CONSUME_CHECK_CONSUMER) timestamp=362 ms, used_size=14876672 bytes (36.3%)
(RDMA_READ_CONSUME_CHECK_CONSUMER) timestamp=362 ms, used_size=14874624 bytes (36.3%)
(RDMA_READ_CONSUME_CHECK_CONSUMER) timestamp=362 ms, used_size=14872576 bytes (36.3%)
(RDMA_READ_CONSUME_CHECK_CONSUMER) timestamp=362 ms, used_size=14870528 bytes (36.3%)
(RDMA_READ_CONSUME_CHECK_CONSUMER) timestamp=362 ms, used_size=14868480 bytes (36.3%)
(RDMA_READ_CONSUME_CHECK_CONSUMER) timestamp=362 ms, used_size=14866432 bytes (36.3%)
(RDMA_READ_CONSUME_CHECK_CONSUMER) timestamp=362 ms, used_size=14864384 bytes (36.3%)
(RDMA_READ_CONSUME_CHECK_CONSUMER) timestamp=362 ms, used_size=14862336 bytes (36.3%)
(RDMA_READ_CONSUME_CHECK_CONSUMER) timestamp=362 ms, used_size=14860288 bytes (36.3%)
(RDMA_READ_CONSUME_CHECK_CONSUMER) timestamp=362 ms, used_size=14858240 bytes (36.3%)
(RDMA_READ_CONSUME_CHECK_CONSUMER) timestamp=362 ms, used_size=14856192 bytes (36.3%)
(RDMA_READ_CONSUME_CHECK_CONSUMER) timestamp=362 ms, used_size=14854144 bytes (36.3%)
(RDMA_READ_CONSUME_CHECK_CONSUMER) timestamp=362 ms, used_size=14852096 bytes (36.3%)
(RDMA_READ_CONSUME_CHECK_CONSUMER) timestamp=362 ms, used_size=14850048 bytes (36.3%)
(RDMA_READ_CONSUME_CHECK_CONSUMER) timestamp=362 ms, used_size=14848000 bytes (36.2%)
(RDMA_READ_CONSUME_CHECK_CONSUMER) timestamp=362 ms, used_size=14845952 bytes (36.2%)
(RDMA_READ_CONSUME_CHECK_CONSUMER) timestamp=362 ms, used_size=14843904 bytes (36.2%)
(RDMA_READ_CONSUME_CHECK_CONSUMER) timestamp=362 ms, used_size=14841856 bytes (36.2%)
(RDMA_READ_CONSUME_CHECK_CONSUMER) timestamp=362 ms, used_size=14839808 bytes (36.2%)
(RDMA_READ_CONSUME_CHECK_CONSUMER) timestamp=362 ms, used_size=14837760 bytes (36.2%)
(RDMA_READ_CONSUME_CHECK_CONSUMER) timestamp=362 ms, used_size=14835712 bytes (36.2%)
(RDMA_READ_CONSUME_CHECK_CONSUMER) timestamp=362 ms, used_size=14833664 bytes (36.2%)
(RDMA_READ_CONSUME_CHECK_CONSUMER) timestamp=362 ms, used_size=14831616 bytes (36.2%)
(RDMA_READ_CONSUME_CHECK_CONSUMER) timestamp=362 ms, used_size=14829568 bytes (36.2%)
(RDMA_READ_CONSUME_CHECK_CONSUMER) timestamp=362 ms, used_size=14827520 bytes (36.2%)
(RDMA_READ_CONSUME_CHECK_CONSUMER) timestamp=362 ms, used_size=14825472 bytes (36.2%)
(RDMA_READ_CONSUME_CHECK_CONSUMER) timestamp=362 ms, used_size=14823424 bytes (36.2%)
(RDMA_READ_CONSUME_CHECK_CONSUMER) timestamp=362 ms, used_size=14821376 bytes (36.2%)
(RDMA_READ_CONSUME_CHECK_CONSUMER) timestamp=362 ms, used_size=14819328 bytes (36.2%)
(RDMA_READ_CONSUME_CHECK_CONSUMER) timestamp=362 ms, used_size=14817280 bytes (36.2%)
(RDMA_READ_CONSUME_CHECK_CONSUMER) timestamp=362 ms, used_size=14815232 bytes (36.2%)
(RDMA_READ_CONSUME_CHECK_CONSUMER) timestamp=362 ms, used_size=14813184 bytes (36.2%)
(RDMA_READ_CONSUME_CHECK_CONSUMER) timestamp=362 ms, used_size=14811136 bytes (36.2%)
(RDMA_READ_CONSUME_CHECK_CONSUMER) timestamp=362 ms, used_size=14809088 bytes (36.2%)
(RDMA_READ_CONSUME_CHECK_CONSUMER) timestamp=362 ms, used_size=14807040 bytes (36.1%)
(RDMA_READ_CONSUME_CHECK_CONSUMER) timestamp=362 ms, used_size=14804992 bytes (36.1%)
(RDMA_READ_CONSUME_CHECK_CONSUMER) timestamp=362 ms, used_size=14802944 bytes (36.1%)
(RDMA_READ_CONSUME_CHECK_CONSUMER) timestamp=362 ms, used_size=14800896 bytes (36.1%)
(RDMA_READ_CONSUME_CHECK_CONSUMER) timestamp=362 ms, used_size=14798848 bytes (36.1%)
(RDMA_READ_CONSUME_CHECK_CONSUMER) timestamp=362 ms, used_size=14796800 bytes (36.1%)
(RDMA_READ_CONSUME_CHECK_CONSUMER) timestamp=362 ms, used_size=14794752 bytes (36.1%)
(RDMA_READ_CONSUME_CHECK_CONSUMER) timestamp=362 ms, used_size=14792704 bytes (36.1%)
(RDMA_READ_CONSUME_CHECK_CONSUMER) timestamp=362 ms, used_size=14790656 bytes (36.1%)
(RDMA_READ_CONSUME_CHECK_CONSUMER) timestamp=362 ms, used_size=14788608 bytes (36.1%)
(RDMA_READ_CONSUME_CHECK_CONSUMER) timestamp=362 ms, used_size=14786560 bytes (36.1%)
(RDMA_READ_CONSUME_CHECK_CONSUMER) timestamp=362 ms, used_size=14784512 bytes (36.1%)
(RDMA_READ_CONSUME_CHECK_CONSUMER) timestamp=362 ms, used_size=14782464 bytes (36.1%)
(RDMA_READ_CONSUME_CHECK_CONSUMER) timestamp=362 ms, used_size=14780416 bytes (36.1%)
(RDMA_READ_CONSUME_CHECK_CONSUMER) timestamp=362 ms, used_size=14778368 bytes (36.1%)
(RDMA_READ_CONSUME_CHECK_CONSUMER) timestamp=362 ms, used_size=14776320 bytes (36.1%)
(RDMA_READ_CONSUME_CHECK_CONSUMER) timestamp=362 ms, used_size=14774272 bytes (36.1%)
(RDMA_READ_CONSUME_CHECK_CONSUMER) timestamp=362 ms, used_size=14772224 bytes (36.1%)
(RDMA_READ_CONSUME_CHECK_CONSUMER) timestamp=362 ms, used_size=14770176 bytes (36.1%)
(RDMA_READ_CONSUME_CHECK_CONSUMER) timestamp=362 ms, used_size=14768128 bytes (36.1%)
(RDMA_READ_CONSUME_CHECK_CONSUMER) timestamp=362 ms, used_size=14766080 bytes (36.0%)
(RDMA_READ_CONSUME_CHECK_CONSUMER) timestamp=362 ms, used_size=14764032 bytes (36.0%)
(RDMA_READ_CONSUME_CHECK_CONSUMER) timestamp=362 ms, used_size=14761984 bytes (36.0%)
(RDMA_READ_CONSUME_CHECK_CONSUMER) timestamp=362 ms, used_size=14759936 bytes (36.0%)
(RDMA_READ_CONSUME_CHECK_CONSUMER) timestamp=362 ms, used_size=14757888 bytes (36.0%)
(RDMA_READ_CONSUME_CHECK_CONSUMER) timestamp=362 ms, used_size=14755840 bytes (36.0%)
(RDMA_READ_CONSUME_CHECK_CONSUMER) timestamp=362 ms, used_size=14753792 bytes (36.0%)
(RDMA_READ_CONSUME_CHECK_CONSUMER) timestamp=362 ms, used_size=14751744 bytes (36.0%)
(RDMA_READ_CONSUME_CHECK_CONSUMER) timestamp=362 ms, used_size=14749696 bytes (36.0%)
(RDMA_READ_CONSUME_CHECK_CONSUMER) timestamp=362 ms, used_size=14747648 bytes (36.0%)
(RDMA_READ_CONSUME_CHECK_CONSUMER) timestamp=362 ms, used_size=14745600 bytes (36.0%)
(RDMA_READ_CONSUME_CHECK_CONSUMER) timestamp=362 ms, used_size=14743552 bytes (36.0%)
(RDMA_READ_CONSUME_CHECK_CONSUMER) timestamp=362 ms, used_size=14741504 bytes (36.0%)
(RDMA_READ_CONSUME_CHECK_CONSUMER) timestamp=362 ms, used_size=14739456 bytes (36.0%)
(RDMA_READ_CONSUME_CHECK_CONSUMER) timestamp=362 ms, used_size=14737408 bytes (36.0%)
(RDMA_READ_CONSUME_CHECK_CONSUMER) timestamp=362 ms, used_size=14735360 bytes (36.0%)
(RDMA_READ_CONSUME_CHECK_CONSUMER) timestamp=362 ms, used_size=14733312 bytes (36.0%)
(RDMA_READ_CONSUME_CHECK_CONSUMER) timestamp=362 ms, used_size=14731264 bytes (36.0%)
(RDMA_READ_CONSUME_CHECK_CONSUMER) timestamp=362 ms, used_size=14729216 bytes (36.0%)
(RDMA_READ_CONSUME_CHECK_CONSUMER) timestamp=362 ms, used_size=14727168 bytes (36.0%)
(RDMA_READ_CONSUME_CHECK_CONSUMER) timestamp=362 ms, used_size=14725120 bytes (36.0%)
(RDMA_READ_CONSUME_CHECK_CONSUMER) timestamp=362 ms, used_size=14723072 bytes (35.9%)
(RDMA_READ_CONSUME_CHECK_CONSUMER) timestamp=362 ms, used_size=14721024 bytes (35.9%)
(RDMA_READ_CONSUME_CHECK_CONSUMER) timestamp=362 ms, used_size=14718976 bytes (35.9%)
(RDMA_READ_CONSUME_CHECK_CONSUMER) timestamp=362 ms, used_size=14716928 bytes (35.9%)
(RDMA_READ_CONSUME_CHECK_CONSUMER) timestamp=362 ms, used_size=14714880 bytes (35.9%)
(RDMA_READ_CONSUME_CHECK_CONSUMER) timestamp=362 ms, used_size=14712832 bytes (35.9%)
(RDMA_READ_CONSUME_CHECK_CONSUMER) timestamp=362 ms, used_size=14710784 bytes (35.9%)
(RDMA_READ_CONSUME_CHECK_CONSUMER) timestamp=362 ms, used_size=14708736 bytes (35.9%)
(RDMA_READ_CONSUME_CHECK_CONSUMER) timestamp=362 ms, used_size=14706688 bytes (35.9%)
(RDMA_READ_CONSUME_CHECK_CONSUMER) timestamp=362 ms, used_size=14704640 bytes (35.9%)
(RDMA_READ_CONSUME_CHECK_CONSUMER) timestamp=362 ms, used_size=14702592 bytes (35.9%)
(RDMA_READ_CONSUME_CHECK_CONSUMER) timestamp=362 ms, used_size=14700544 bytes (35.9%)
(RDMA_READ_CONSUME_CHECK_CONSUMER) timestamp=362 ms, used_size=14698496 bytes (35.9%)
(RDMA_READ_CONSUME_CHECK_CONSUMER) timestamp=362 ms, used_size=14696448 bytes (35.9%)
(RDMA_READ_CONSUME_CHECK_CONSUMER) timestamp=362 ms, used_size=14694400 bytes (35.9%)
(RDMA_READ_CONSUME_CHECK_CONSUMER) timestamp=362 ms, used_size=14692352 bytes (35.9%)
(RDMA_READ_CONSUME_CHECK_CONSUMER) timestamp=362 ms, used_size=14690304 bytes (35.9%)
(RDMA_READ_CONSUME_CHECK_CONSUMER) timestamp=362 ms, used_size=14688256 bytes (35.9%)
(RDMA_READ_CONSUME_CHECK_CONSUMER) timestamp=362 ms, used_size=14686208 bytes (35.9%)
(RDMA_READ_CONSUME_CHECK_CONSUMER) timestamp=362 ms, used_size=14684160 bytes (35.9%)
(RDMA_READ_CONSUME_CHECK_CONSUMER) timestamp=362 ms, used_size=14682112 bytes (35.8%)
(RDMA_READ_CONSUME_CHECK_CONSUMER) timestamp=362 ms, used_size=14680064 bytes (35.8%)
(RDMA_READ_CONSUME_CHECK_CONSUMER) timestamp=362 ms, used_size=14678016 bytes (35.8%)
(RDMA_READ_CONSUME_CHECK_CONSUMER) timestamp=362 ms, used_size=14675968 bytes (35.8%)
(RDMA_READ_CONSUME_CHECK_CONSUMER) timestamp=362 ms, used_size=14673920 bytes (35.8%)
(RDMA_READ_CONSUME_CHECK_CONSUMER) timestamp=362 ms, used_size=14671872 bytes (35.8%)
(RDMA_READ_CONSUME_CHECK_CONSUMER) timestamp=362 ms, used_size=14669824 bytes (35.8%)
(RDMA_READ_CONSUME_CHECK_CONSUMER) timestamp=362 ms, used_size=14667776 bytes (35.8%)
(RDMA_READ_CONSUME_CHECK_CONSUMER) timestamp=362 ms, used_size=14665728 bytes (35.8%)
(RDMA_READ_CONSUME_CHECK_CONSUMER) timestamp=362 ms, used_size=14663680 bytes (35.8%)
(RDMA_READ_CONSUME_CHECK_CONSUMER) timestamp=362 ms, used_size=14661632 bytes (35.8%)
(RDMA_READ_CONSUME_CHECK_CONSUMER) timestamp=362 ms, used_size=14659584 bytes (35.8%)
(RDMA_READ_CONSUME_CHECK_CONSUMER) timestamp=362 ms, used_size=14657536 bytes (35.8%)
(RDMA_READ_CONSUME_CHECK_CONSUMER) timestamp=362 ms, used_size=14655488 bytes (35.8%)
(RDMA_READ_CONSUME_CHECK_CONSUMER) timestamp=362 ms, used_size=14653440 bytes (35.8%)
(RDMA_READ_CONSUME_CHECK_CONSUMER) timestamp=362 ms, used_size=14651392 bytes (35.8%)
(RDMA_READ_CONSUME_CHECK_CONSUMER) timestamp=362 ms, used_size=14649344 bytes (35.8%)
(RDMA_READ_CONSUME_CHECK_CONSUMER) timestamp=362 ms, used_size=14647296 bytes (35.8%)
(RDMA_READ_CONSUME_CHECK_CONSUMER) timestamp=362 ms, used_size=14645248 bytes (35.8%)
(RDMA_READ_CONSUME_CHECK_CONSUMER) timestamp=362 ms, used_size=14643200 bytes (35.8%)
(RDMA_READ_CONSUME_CHECK_CONSUMER) timestamp=362 ms, used_size=14641152 bytes (35.7%)
(RDMA_READ_CONSUME_CHECK_CONSUMER) timestamp=362 ms, used_size=14639104 bytes (35.7%)
(RDMA_READ_CONSUME_CHECK_CONSUMER) timestamp=362 ms, used_size=14637056 bytes (35.7%)
(RDMA_READ_CONSUME_CHECK_CONSUMER) timestamp=362 ms, used_size=14635008 bytes (35.7%)
(RDMA_READ_CONSUME_CHECK_CONSUMER) timestamp=362 ms, used_size=14632960 bytes (35.7%)
(RDMA_READ_CONSUME_CHECK_CONSUMER) timestamp=362 ms, used_size=14630912 bytes (35.7%)
(RDMA_READ_CONSUME_CHECK_CONSUMER) timestamp=362 ms, used_size=14628864 bytes (35.7%)
(RDMA_READ_CONSUME_CHECK_CONSUMER) timestamp=362 ms, used_size=14626816 bytes (35.7%)
(RDMA_READ_CONSUME_CHECK_CONSUMER) timestamp=362 ms, used_size=14624768 bytes (35.7%)
(RDMA_READ_CONSUME_CHECK_CONSUMER) timestamp=362 ms, used_size=14622720 bytes (35.7%)
(RDMA_READ_CONSUME_CHECK_CONSUMER) timestamp=362 ms, used_size=14620672 bytes (35.7%)
(RDMA_READ_CONSUME_CHECK_CONSUMER) timestamp=362 ms, used_size=14618624 bytes (35.7%)
(RDMA_READ_CONSUME_CHECK_CONSUMER) timestamp=362 ms, used_size=14616576 bytes (35.7%)
(RDMA_READ_CONSUME_CHECK_CONSUMER) timestamp=362 ms, used_size=14614528 bytes (35.7%)
(RDMA_READ_CONSUME_CHECK_CONSUMER) timestamp=362 ms, used_size=14612480 bytes (35.7%)
(RDMA_READ_CONSUME_CHECK_CONSUMER) timestamp=362 ms, used_size=14610432 bytes (35.7%)
(RDMA_READ_CONSUME_CHECK_CONSUMER) timestamp=362 ms, used_size=14608384 bytes (35.7%)
(RDMA_READ_CONSUME_CHECK_CONSUMER) timestamp=362 ms, used_size=14606336 bytes (35.7%)
(RDMA_READ_CONSUME_CHECK_CONSUMER) timestamp=362 ms, used_size=14604288 bytes (35.7%)
(RDMA_READ_CONSUME_CHECK_CONSUMER) timestamp=362 ms, used_size=14602240 bytes (35.6%)
(RDMA_READ_CONSUME_CHECK_CONSUMER) timestamp=362 ms, used_size=14600192 bytes (35.6%)
(RDMA_READ_CONSUME_CHECK_CONSUMER) timestamp=362 ms, used_size=14598144 bytes (35.6%)
(RDMA_READ_CONSUME_CHECK_CONSUMER) timestamp=362 ms, used_size=14596096 bytes (35.6%)
(RDMA_READ_CONSUME_CHECK_CONSUMER) timestamp=362 ms, used_size=14594048 bytes (35.6%)
(RDMA_READ_CONSUME_CHECK_CONSUMER) timestamp=362 ms, used_size=14592000 bytes (35.6%)
(RDMA_READ_CONSUME_CHECK_CONSUMER) timestamp=363 ms, used_size=14589952 bytes (35.6%)
(RDMA_READ_CONSUME_CHECK_CONSUMER) timestamp=363 ms, used_size=14587904 bytes (35.6%)
(RDMA_READ_CONSUME_CHECK_CONSUMER) timestamp=363 ms, used_size=14585856 bytes (35.6%)
(RDMA_READ_CONSUME_CHECK_CONSUMER) timestamp=363 ms, used_size=14583808 bytes (35.6%)
(RDMA_READ_CONSUME_CHECK_CONSUMER) timestamp=363 ms, used_size=14581760 bytes (35.6%)
(RDMA_READ_CONSUME_CHECK_CONSUMER) timestamp=363 ms, used_size=14579712 bytes (35.6%)
(RDMA_READ_CONSUME_CHECK_CONSUMER) timestamp=363 ms, used_size=14577664 bytes (35.6%)
(RDMA_READ_CONSUME_CHECK_CONSUMER) timestamp=363 ms, used_size=14575616 bytes (35.6%)
(RDMA_READ_CONSUME_CHECK_CONSUMER) timestamp=363 ms, used_size=14573568 bytes (35.6%)
(RDMA_READ_CONSUME_CHECK_CONSUMER) timestamp=363 ms, used_size=14571520 bytes (35.6%)
(RDMA_READ_CONSUME_CHECK_CONSUMER) timestamp=363 ms, used_size=14569472 bytes (35.6%)
(RDMA_READ_CONSUME_CHECK_CONSUMER) timestamp=363 ms, used_size=14567424 bytes (35.6%)
(RDMA_READ_CONSUME_CHECK_CONSUMER) timestamp=363 ms, used_size=14565376 bytes (35.6%)
(RDMA_READ_CONSUME_CHECK_CONSUMER) timestamp=363 ms, used_size=14563328 bytes (35.6%)
(RDMA_READ_CONSUME_CHECK_CONSUMER) timestamp=363 ms, used_size=14561280 bytes (35.5%)
(RDMA_READ_CONSUME_CHECK_CONSUMER) timestamp=363 ms, used_size=14559232 bytes (35.5%)
(RDMA_READ_CONSUME_CHECK_CONSUMER) timestamp=363 ms, used_size=14557184 bytes (35.5%)
(RDMA_READ_CONSUME_CHECK_CONSUMER) timestamp=363 ms, used_size=14555136 bytes (35.5%)
(RDMA_READ_CONSUME_CHECK_CONSUMER) timestamp=363 ms, used_size=14553088 bytes (35.5%)
(RDMA_READ_CONSUME_CHECK_CONSUMER) timestamp=363 ms, used_size=14551040 bytes (35.5%)
(RDMA_READ_CONSUME_CHECK_CONSUMER) timestamp=363 ms, used_size=14548992 bytes (35.5%)
(RDMA_READ_CONSUME_CHECK_CONSUMER) timestamp=363 ms, used_size=14546944 bytes (35.5%)
(RDMA_READ_CONSUME_CHECK_CONSUMER) timestamp=363 ms, used_size=14544896 bytes (35.5%)
(RDMA_READ_CONSUME_CHECK_CONSUMER) timestamp=363 ms, used_size=14542848 bytes (35.5%)
(RDMA_READ_CONSUME_CHECK_CONSUMER) timestamp=363 ms, used_size=14540800 bytes (35.5%)
(RDMA_READ_CONSUME_CHECK_CONSUMER) timestamp=363 ms, used_size=14538752 bytes (35.5%)
(RDMA_READ_CONSUME_CHECK_CONSUMER) timestamp=363 ms, used_size=14536704 bytes (35.5%)
(RDMA_READ_CONSUME_CHECK_CONSUMER) timestamp=363 ms, used_size=14534656 bytes (35.5%)
(RDMA_READ_CONSUME_CHECK_CONSUMER) timestamp=363 ms, used_size=14532608 bytes (35.5%)
(RDMA_READ_CONSUME_CHECK_CONSUMER) timestamp=363 ms, used_size=14530560 bytes (35.5%)
(RDMA_READ_CONSUME_CHECK_CONSUMER) timestamp=363 ms, used_size=14528512 bytes (35.5%)
(RDMA_READ_CONSUME_CHECK_CONSUMER) timestamp=363 ms, used_size=14526464 bytes (35.5%)
(RDMA_READ_CONSUME_CHECK_CONSUMER) timestamp=363 ms, used_size=14524416 bytes (35.5%)
(RDMA_READ_CONSUME_CHECK_CONSUMER) timestamp=363 ms, used_size=14522368 bytes (35.5%)
(RDMA_READ_CONSUME_CHECK_CONSUMER) timestamp=363 ms, used_size=14520320 bytes (35.5%)
(RDMA_READ_CONSUME_CHECK_CONSUMER) timestamp=363 ms, used_size=14518272 bytes (35.4%)
(RDMA_READ_CONSUME_CHECK_CONSUMER) timestamp=363 ms, used_size=14516224 bytes (35.4%)
(RDMA_READ_CONSUME_CHECK_CONSUMER) timestamp=363 ms, used_size=14514176 bytes (35.4%)
(RDMA_READ_CONSUME_CHECK_CONSUMER) timestamp=363 ms, used_size=14512128 bytes (35.4%)
(RDMA_READ_CONSUME_CHECK_CONSUMER) timestamp=363 ms, used_size=14510080 bytes (35.4%)
(RDMA_READ_CONSUME_CHECK_CONSUMER) timestamp=363 ms, used_size=14508032 bytes (35.4%)
(RDMA_READ_CONSUME_CHECK_CONSUMER) timestamp=363 ms, used_size=14505984 bytes (35.4%)
(RDMA_READ_CONSUME_CHECK_CONSUMER) timestamp=363 ms, used_size=14503936 bytes (35.4%)
(RDMA_READ_CONSUME_CHECK_CONSUMER) timestamp=363 ms, used_size=14501888 bytes (35.4%)
(RDMA_READ_CONSUME_CHECK_CONSUMER) timestamp=363 ms, used_size=14499840 bytes (35.4%)
(RDMA_READ_CONSUME_CHECK_CONSUMER) timestamp=363 ms, used_size=14497792 bytes (35.4%)
(RDMA_READ_CONSUME_CHECK_CONSUMER) timestamp=363 ms, used_size=14495744 bytes (35.4%)
(RDMA_READ_CONSUME_CHECK_CONSUMER) timestamp=363 ms, used_size=14493696 bytes (35.4%)
(RDMA_READ_CONSUME_CHECK_CONSUMER) timestamp=363 ms, used_size=14491648 bytes (35.4%)
(RDMA_READ_CONSUME_CHECK_CONSUMER) timestamp=363 ms, used_size=14489600 bytes (35.4%)
(RDMA_READ_CONSUME_CHECK_CONSUMER) timestamp=363 ms, used_size=14487552 bytes (35.4%)
(RDMA_READ_CONSUME_CHECK_CONSUMER) timestamp=363 ms, used_size=14485504 bytes (35.4%)
(RDMA_READ_CONSUME_CHECK_CONSUMER) timestamp=363 ms, used_size=14483456 bytes (35.4%)
(RDMA_READ_CONSUME_CHECK_CONSUMER) timestamp=363 ms, used_size=14481408 bytes (35.4%)
(RDMA_READ_CONSUME_CHECK_CONSUMER) timestamp=363 ms, used_size=14479360 bytes (35.4%)
(RDMA_READ_CONSUME_CHECK_CONSUMER) timestamp=363 ms, used_size=14477312 bytes (35.3%)
(RDMA_READ_CONSUME_CHECK_CONSUMER) timestamp=363 ms, used_size=14475264 bytes (35.3%)
(RDMA_READ_CONSUME_CHECK_CONSUMER) timestamp=363 ms, used_size=14473216 bytes (35.3%)
(RDMA_READ_CONSUME_CHECK_CONSUMER) timestamp=363 ms, used_size=14471168 bytes (35.3%)
(RDMA_READ_CONSUME_CHECK_CONSUMER) timestamp=363 ms, used_size=14469120 bytes (35.3%)
(RDMA_READ_CONSUME_CHECK_CONSUMER) timestamp=363 ms, used_size=14467072 bytes (35.3%)
(RDMA_READ_CONSUME_CHECK_CONSUMER) timestamp=363 ms, used_size=14465024 bytes (35.3%)
(RDMA_READ_CONSUME_CHECK_CONSUMER) timestamp=363 ms, used_size=14462976 bytes (35.3%)
(RDMA_READ_CONSUME_CHECK_CONSUMER) timestamp=363 ms, used_size=14460928 bytes (35.3%)
(RDMA_READ_CONSUME_CHECK_CONSUMER) timestamp=363 ms, used_size=14458880 bytes (35.3%)
(RDMA_READ_CONSUME_CHECK_CONSUMER) timestamp=363 ms, used_size=14456832 bytes (35.3%)
(RDMA_READ_CONSUME_CHECK_CONSUMER) timestamp=363 ms, used_size=14454784 bytes (35.3%)
(RDMA_READ_CONSUME_CHECK_CONSUMER) timestamp=363 ms, used_size=14452736 bytes (35.3%)
(RDMA_READ_CONSUME_CHECK_CONSUMER) timestamp=363 ms, used_size=14450688 bytes (35.3%)
(RDMA_READ_CONSUME_CHECK_CONSUMER) timestamp=363 ms, used_size=14448640 bytes (35.3%)
(RDMA_READ_CONSUME_CHECK_CONSUMER) timestamp=363 ms, used_size=14446592 bytes (35.3%)
(RDMA_READ_CONSUME_CHECK_CONSUMER) timestamp=363 ms, used_size=14444544 bytes (35.3%)
(RDMA_READ_CONSUME_CHECK_CONSUMER) timestamp=363 ms, used_size=14442496 bytes (35.3%)
(RDMA_READ_CONSUME_CHECK_CONSUMER) timestamp=363 ms, used_size=14440448 bytes (35.3%)
(RDMA_READ_CONSUME_CHECK_CONSUMER) timestamp=363 ms, used_size=14438400 bytes (35.2%)
(RDMA_READ_CONSUME_CHECK_CONSUMER) timestamp=363 ms, used_size=14436352 bytes (35.2%)
(RDMA_READ_CONSUME_CHECK_CONSUMER) timestamp=363 ms, used_size=14434304 bytes (35.2%)
(RDMA_READ_CONSUME_CHECK_CONSUMER) timestamp=363 ms, used_size=14432256 bytes (35.2%)
(RDMA_READ_CONSUME_CHECK_CONSUMER) timestamp=363 ms, used_size=14430208 bytes (35.2%)
(RDMA_READ_CONSUME_CHECK_CONSUMER) timestamp=363 ms, used_size=14428160 bytes (35.2%)
(RDMA_READ_CONSUME_CHECK_CONSUMER) timestamp=363 ms, used_size=14426112 bytes (35.2%)
(RDMA_READ_CONSUME_CHECK_CONSUMER) timestamp=363 ms, used_size=14424064 bytes (35.2%)
(RDMA_READ_CONSUME_CHECK_CONSUMER) timestamp=363 ms, used_size=14422016 bytes (35.2%)
(RDMA_READ_CONSUME_CHECK_CONSUMER) timestamp=363 ms, used_size=14419968 bytes (35.2%)
(RDMA_READ_CONSUME_CHECK_CONSUMER) timestamp=363 ms, used_size=14417920 bytes (35.2%)
(RDMA_READ_CONSUME_CHECK_CONSUMER) timestamp=363 ms, used_size=14415872 bytes (35.2%)
(RDMA_READ_CONSUME_CHECK_CONSUMER) timestamp=363 ms, used_size=14413824 bytes (35.2%)
(RDMA_READ_CONSUME_CHECK_CONSUMER) timestamp=363 ms, used_size=14411776 bytes (35.2%)
(RDMA_READ_CONSUME_CHECK_CONSUMER) timestamp=363 ms, used_size=14409728 bytes (35.2%)
(RDMA_READ_CONSUME_CHECK_CONSUMER) timestamp=363 ms, used_size=14407680 bytes (35.2%)
(RDMA_READ_CONSUME_CHECK_CONSUMER) timestamp=363 ms, used_size=14405632 bytes (35.2%)
(RDMA_READ_CONSUME_CHECK_CONSUMER) timestamp=363 ms, used_size=14403584 bytes (35.2%)
(RDMA_READ_CONSUME_CHECK_CONSUMER) timestamp=363 ms, used_size=14401536 bytes (35.2%)
(RDMA_READ_CONSUME_CHECK_CONSUMER) timestamp=363 ms, used_size=14399488 bytes (35.2%)
(RDMA_READ_CONSUME_CHECK_CONSUMER) timestamp=363 ms, used_size=14397440 bytes (35.1%)
(RDMA_READ_CONSUME_CHECK_CONSUMER) timestamp=363 ms, used_size=14395392 bytes (35.1%)
(RDMA_READ_CONSUME_CHECK_CONSUMER) timestamp=363 ms, used_size=14393344 bytes (35.1%)
(RDMA_READ_CONSUME_CHECK_CONSUMER) timestamp=363 ms, used_size=14391296 bytes (35.1%)
(RDMA_READ_CONSUME_CHECK_CONSUMER) timestamp=363 ms, used_size=14389248 bytes (35.1%)
(RDMA_READ_CONSUME_CHECK_CONSUMER) timestamp=363 ms, used_size=14387200 bytes (35.1%)
(RDMA_READ_CONSUME_CHECK_CONSUMER) timestamp=363 ms, used_size=14385152 bytes (35.1%)
(RDMA_READ_CONSUME_CHECK_CONSUMER) timestamp=363 ms, used_size=14383104 bytes (35.1%)
(RDMA_READ_CONSUME_CHECK_CONSUMER) timestamp=363 ms, used_size=14381056 bytes (35.1%)
(RDMA_READ_CONSUME_CHECK_CONSUMER) timestamp=363 ms, used_size=14379008 bytes (35.1%)
(RDMA_READ_CONSUME_CHECK_CONSUMER) timestamp=363 ms, used_size=14376960 bytes (35.1%)
(RDMA_READ_CONSUME_CHECK_CONSUMER) timestamp=363 ms, used_size=14374912 bytes (35.1%)
(RDMA_READ_CONSUME_CHECK_CONSUMER) timestamp=363 ms, used_size=14372864 bytes (35.1%)
(RDMA_READ_CONSUME_CHECK_CONSUMER) timestamp=363 ms, used_size=14370816 bytes (35.1%)
(RDMA_READ_CONSUME_CHECK_CONSUMER) timestamp=363 ms, used_size=14368768 bytes (35.1%)
(RDMA_READ_CONSUME_CHECK_CONSUMER) timestamp=363 ms, used_size=14366720 bytes (35.1%)
(RDMA_READ_CONSUME_CHECK_CONSUMER) timestamp=363 ms, used_size=14364672 bytes (35.1%)
(RDMA_READ_CONSUME_CHECK_CONSUMER) timestamp=363 ms, used_size=14362624 bytes (35.1%)
(RDMA_READ_CONSUME_CHECK_CONSUMER) timestamp=363 ms, used_size=14360576 bytes (35.1%)
(RDMA_READ_CONSUME_CHECK_CONSUMER) timestamp=363 ms, used_size=14358528 bytes (35.1%)
(RDMA_READ_CONSUME_CHECK_CONSUMER) timestamp=363 ms, used_size=14356480 bytes (35.0%)
(RDMA_READ_CONSUME_CHECK_CONSUMER) timestamp=363 ms, used_size=14354432 bytes (35.0%)
(RDMA_READ_CONSUME_CHECK_CONSUMER) timestamp=363 ms, used_size=14352384 bytes (35.0%)
(RDMA_READ_CONSUME_CHECK_CONSUMER) timestamp=363 ms, used_size=14350336 bytes (35.0%)
(RDMA_READ_CONSUME_CHECK_CONSUMER) timestamp=363 ms, used_size=14348288 bytes (35.0%)
(RDMA_READ_CONSUME_CHECK_CONSUMER) timestamp=363 ms, used_size=14346240 bytes (35.0%)
(RDMA_READ_CONSUME_CHECK_CONSUMER) timestamp=363 ms, used_size=14344192 bytes (35.0%)
(RDMA_READ_CONSUME_CHECK_CONSUMER) timestamp=363 ms, used_size=14342144 bytes (35.0%)
(RDMA_READ_CONSUME_CHECK_CONSUMER) timestamp=363 ms, used_size=14340096 bytes (35.0%)
(RDMA_READ_CONSUME_CHECK_CONSUMER) timestamp=363 ms, used_size=14338048 bytes (35.0%)
(RDMA_READ_CONSUME_CHECK_CONSUMER) timestamp=363 ms, used_size=14336000 bytes (35.0%)
(RDMA_READ_CONSUME_CHECK_CONSUMER) timestamp=363 ms, used_size=14333952 bytes (35.0%)
(RDMA_READ_CONSUME_CHECK_CONSUMER) timestamp=363 ms, used_size=14331904 bytes (35.0%)
(RDMA_READ_CONSUME_CHECK_CONSUMER) timestamp=363 ms, used_size=14329856 bytes (35.0%)
(RDMA_READ_CONSUME_CHECK_CONSUMER) timestamp=363 ms, used_size=14327808 bytes (35.0%)
(RDMA_READ_CONSUME_CHECK_CONSUMER) timestamp=363 ms, used_size=14325760 bytes (35.0%)
(RDMA_READ_CONSUME_CHECK_CONSUMER) timestamp=363 ms, used_size=14323712 bytes (35.0%)
(RDMA_READ_CONSUME_CHECK_CONSUMER) timestamp=363 ms, used_size=14321664 bytes (35.0%)
(RDMA_READ_CONSUME_CHECK_CONSUMER) timestamp=363 ms, used_size=14319616 bytes (35.0%)
(RDMA_READ_CONSUME_CHECK_CONSUMER) timestamp=363 ms, used_size=14317568 bytes (35.0%)
(RDMA_READ_CONSUME_CHECK_CONSUMER) timestamp=363 ms, used_size=14315520 bytes (35.0%)
(RDMA_READ_CONSUME_CHECK_CONSUMER) timestamp=363 ms, used_size=14313472 bytes (34.9%)
(RDMA_READ_CONSUME_CHECK_CONSUMER) timestamp=363 ms, used_size=14311424 bytes (34.9%)
(RDMA_READ_CONSUME_CHECK_CONSUMER) timestamp=363 ms, used_size=14309376 bytes (34.9%)
(RDMA_READ_CONSUME_CHECK_CONSUMER) timestamp=363 ms, used_size=14307328 bytes (34.9%)
(RDMA_READ_CONSUME_CHECK_CONSUMER) timestamp=363 ms, used_size=14305280 bytes (34.9%)
(RDMA_READ_CONSUME_CHECK_CONSUMER) timestamp=363 ms, used_size=14303232 bytes (34.9%)
(RDMA_READ_CONSUME_CHECK_CONSUMER) timestamp=363 ms, used_size=14301184 bytes (34.9%)
(RDMA_READ_CONSUME_CHECK_CONSUMER) timestamp=363 ms, used_size=14299136 bytes (34.9%)
(RDMA_READ_CONSUME_CHECK_CONSUMER) timestamp=363 ms, used_size=14297088 bytes (34.9%)
(RDMA_READ_CONSUME_CHECK_CONSUMER) timestamp=363 ms, used_size=14295040 bytes (34.9%)
(RDMA_READ_CONSUME_CHECK_CONSUMER) timestamp=363 ms, used_size=14292992 bytes (34.9%)
(RDMA_READ_CONSUME_CHECK_CONSUMER) timestamp=363 ms, used_size=14290944 bytes (34.9%)
(RDMA_READ_CONSUME_CHECK_CONSUMER) timestamp=363 ms, used_size=14288896 bytes (34.9%)
(RDMA_READ_CONSUME_CHECK_CONSUMER) timestamp=363 ms, used_size=14286848 bytes (34.9%)
(RDMA_READ_CONSUME_CHECK_CONSUMER) timestamp=363 ms, used_size=14284800 bytes (34.9%)
(RDMA_READ_CONSUME_CHECK_CONSUMER) timestamp=363 ms, used_size=14282752 bytes (34.9%)
(RDMA_READ_CONSUME_CHECK_CONSUMER) timestamp=363 ms, used_size=14280704 bytes (34.9%)
(RDMA_READ_CONSUME_CHECK_CONSUMER) timestamp=363 ms, used_size=14278656 bytes (34.9%)
(RDMA_READ_CONSUME_CHECK_CONSUMER) timestamp=363 ms, used_size=14276608 bytes (34.9%)
(RDMA_READ_CONSUME_CHECK_CONSUMER) timestamp=363 ms, used_size=14274560 bytes (34.9%)
(RDMA_READ_CONSUME_CHECK_CONSUMER) timestamp=363 ms, used_size=14272512 bytes (34.8%)
(RDMA_READ_CONSUME_CHECK_CONSUMER) timestamp=363 ms, used_size=14270464 bytes (34.8%)
(RDMA_READ_CONSUME_CHECK_CONSUMER) timestamp=363 ms, used_size=14268416 bytes (34.8%)
(RDMA_READ_CONSUME_CHECK_CONSUMER) timestamp=363 ms, used_size=14266368 bytes (34.8%)
(RDMA_READ_CONSUME_CHECK_CONSUMER) timestamp=363 ms, used_size=14264320 bytes (34.8%)
(RDMA_READ_CONSUME_CHECK_CONSUMER) timestamp=363 ms, used_size=14262272 bytes (34.8%)
(RDMA_READ_CONSUME_CHECK_CONSUMER) timestamp=363 ms, used_size=14260224 bytes (34.8%)
(RDMA_READ_CONSUME_CHECK_CONSUMER) timestamp=363 ms, used_size=14258176 bytes (34.8%)
(RDMA_READ_CONSUME_CHECK_CONSUMER) timestamp=363 ms, used_size=14256128 bytes (34.8%)
(RDMA_READ_CONSUME_CHECK_CONSUMER) timestamp=363 ms, used_size=14254080 bytes (34.8%)
(RDMA_READ_CONSUME_CHECK_CONSUMER) timestamp=363 ms, used_size=14252032 bytes (34.8%)
(RDMA_READ_CONSUME_CHECK_CONSUMER) timestamp=363 ms, used_size=14249984 bytes (34.8%)
(RDMA_READ_CONSUME_CHECK_CONSUMER) timestamp=363 ms, used_size=14247936 bytes (34.8%)
(RDMA_READ_CONSUME_CHECK_CONSUMER) timestamp=363 ms, used_size=14245888 bytes (34.8%)
(RDMA_READ_CONSUME_CHECK_CONSUMER) timestamp=363 ms, used_size=14243840 bytes (34.8%)
(RDMA_READ_CONSUME_CHECK_CONSUMER) timestamp=363 ms, used_size=14241792 bytes (34.8%)
(RDMA_READ_CONSUME_CHECK_CONSUMER) timestamp=363 ms, used_size=14239744 bytes (34.8%)
(RDMA_READ_CONSUME_CHECK_CONSUMER) timestamp=363 ms, used_size=14237696 bytes (34.8%)
(RDMA_READ_CONSUME_CHECK_CONSUMER) timestamp=363 ms, used_size=14235648 bytes (34.8%)
(RDMA_READ_CONSUME_CHECK_CONSUMER) timestamp=363 ms, used_size=14233600 bytes (34.8%)
(RDMA_READ_CONSUME_CHECK_CONSUMER) timestamp=363 ms, used_size=14231552 bytes (34.7%)
(RDMA_READ_CONSUME_CHECK_CONSUMER) timestamp=363 ms, used_size=14229504 bytes (34.7%)
(RDMA_READ_CONSUME_CHECK_CONSUMER) timestamp=363 ms, used_size=14227456 bytes (34.7%)
(RDMA_READ_CONSUME_CHECK_CONSUMER) timestamp=363 ms, used_size=14225408 bytes (34.7%)
(RDMA_READ_CONSUME_CHECK_CONSUMER) timestamp=364 ms, used_size=14223360 bytes (34.7%)
(RDMA_READ_CONSUME_CHECK_CONSUMER) timestamp=364 ms, used_size=14221312 bytes (34.7%)
(RDMA_READ_CONSUME_CHECK_CONSUMER) timestamp=364 ms, used_size=14219264 bytes (34.7%)
(RDMA_READ_CONSUME_CHECK_CONSUMER) timestamp=364 ms, used_size=14217216 bytes (34.7%)
(RDMA_READ_CONSUME_CHECK_CONSUMER) timestamp=364 ms, used_size=14215168 bytes (34.7%)
(RDMA_READ_CONSUME_CHECK_CONSUMER) timestamp=364 ms, used_size=14213120 bytes (34.7%)
(RDMA_READ_CONSUME_CHECK_CONSUMER) timestamp=364 ms, used_size=14211072 bytes (34.7%)
(RDMA_READ_CONSUME_CHECK_CONSUMER) timestamp=364 ms, used_size=14209024 bytes (34.7%)
(RDMA_READ_CONSUME_CHECK_CONSUMER) timestamp=364 ms, used_size=14206976 bytes (34.7%)
(RDMA_READ_CONSUME_CHECK_CONSUMER) timestamp=364 ms, used_size=14204928 bytes (34.7%)
(RDMA_READ_CONSUME_CHECK_CONSUMER) timestamp=364 ms, used_size=14202880 bytes (34.7%)
(RDMA_READ_CONSUME_CHECK_CONSUMER) timestamp=364 ms, used_size=14200832 bytes (34.7%)
(RDMA_READ_CONSUME_CHECK_CONSUMER) timestamp=364 ms, used_size=14198784 bytes (34.7%)
(RDMA_READ_CONSUME_CHECK_CONSUMER) timestamp=364 ms, used_size=14196736 bytes (34.7%)
(RDMA_READ_CONSUME_CHECK_CONSUMER) timestamp=364 ms, used_size=14194688 bytes (34.7%)
(RDMA_READ_CONSUME_CHECK_CONSUMER) timestamp=364 ms, used_size=14192640 bytes (34.6%)
(RDMA_READ_CONSUME_CHECK_CONSUMER) timestamp=364 ms, used_size=14190592 bytes (34.6%)
(RDMA_READ_CONSUME_CHECK_CONSUMER) timestamp=364 ms, used_size=14188544 bytes (34.6%)
(RDMA_READ_CONSUME_CHECK_CONSUMER) timestamp=364 ms, used_size=14186496 bytes (34.6%)
(RDMA_READ_CONSUME_CHECK_CONSUMER) timestamp=364 ms, used_size=14184448 bytes (34.6%)
(RDMA_READ_CONSUME_CHECK_CONSUMER) timestamp=364 ms, used_size=14182400 bytes (34.6%)
(RDMA_READ_CONSUME_CHECK_CONSUMER) timestamp=364 ms, used_size=14180352 bytes (34.6%)
(RDMA_READ_CONSUME_CHECK_CONSUMER) timestamp=364 ms, used_size=14178304 bytes (34.6%)
(RDMA_READ_CONSUME_CHECK_CONSUMER) timestamp=364 ms, used_size=14176256 bytes (34.6%)
(RDMA_READ_CONSUME_CHECK_CONSUMER) timestamp=364 ms, used_size=14174208 bytes (34.6%)
(RDMA_READ_CONSUME_CHECK_CONSUMER) timestamp=364 ms, used_size=14172160 bytes (34.6%)
(RDMA_READ_CONSUME_CHECK_CONSUMER) timestamp=364 ms, used_size=14170112 bytes (34.6%)
(RDMA_READ_CONSUME_CHECK_CONSUMER) timestamp=364 ms, used_size=14168064 bytes (34.6%)
(RDMA_READ_CONSUME_CHECK_CONSUMER) timestamp=364 ms, used_size=14166016 bytes (34.6%)
(RDMA_READ_CONSUME_CHECK_CONSUMER) timestamp=364 ms, used_size=14163968 bytes (34.6%)
(RDMA_READ_CONSUME_CHECK_CONSUMER) timestamp=364 ms, used_size=14161920 bytes (34.6%)
(RDMA_READ_CONSUME_CHECK_CONSUMER) timestamp=364 ms, used_size=14159872 bytes (34.6%)
(RDMA_READ_CONSUME_CHECK_CONSUMER) timestamp=364 ms, used_size=14157824 bytes (34.6%)
(RDMA_READ_CONSUME_CHECK_CONSUMER) timestamp=364 ms, used_size=14155776 bytes (34.6%)
(RDMA_READ_CONSUME_CHECK_CONSUMER) timestamp=364 ms, used_size=14153728 bytes (34.6%)
(RDMA_READ_CONSUME_CHECK_CONSUMER) timestamp=364 ms, used_size=14151680 bytes (34.5%)
(RDMA_READ_CONSUME_CHECK_CONSUMER) timestamp=364 ms, used_size=14149632 bytes (34.5%)
(RDMA_READ_CONSUME_CHECK_CONSUMER) timestamp=364 ms, used_size=14147584 bytes (34.5%)
(RDMA_READ_CONSUME_CHECK_CONSUMER) timestamp=364 ms, used_size=14145536 bytes (34.5%)
(RDMA_READ_CONSUME_CHECK_CONSUMER) timestamp=364 ms, used_size=14143488 bytes (34.5%)
(RDMA_READ_CONSUME_CHECK_CONSUMER) timestamp=364 ms, used_size=14141440 bytes (34.5%)
(RDMA_READ_CONSUME_CHECK_CONSUMER) timestamp=364 ms, used_size=14139392 bytes (34.5%)
(RDMA_READ_CONSUME_CHECK_CONSUMER) timestamp=364 ms, used_size=14137344 bytes (34.5%)
(RDMA_READ_CONSUME_CHECK_CONSUMER) timestamp=364 ms, used_size=14135296 bytes (34.5%)
(RDMA_READ_CONSUME_CHECK_CONSUMER) timestamp=364 ms, used_size=14133248 bytes (34.5%)
(RDMA_READ_CONSUME_CHECK_CONSUMER) timestamp=364 ms, used_size=14131200 bytes (34.5%)
(RDMA_READ_CONSUME_CHECK_CONSUMER) timestamp=364 ms, used_size=14129152 bytes (34.5%)
(RDMA_READ_CONSUME_CHECK_CONSUMER) timestamp=364 ms, used_size=14127104 bytes (34.5%)
(RDMA_READ_CONSUME_CHECK_CONSUMER) timestamp=364 ms, used_size=14125056 bytes (34.5%)
(RDMA_READ_CONSUME_CHECK_CONSUMER) timestamp=364 ms, used_size=14123008 bytes (34.5%)
(RDMA_READ_CONSUME_CHECK_CONSUMER) timestamp=364 ms, used_size=14120960 bytes (34.5%)
(RDMA_READ_CONSUME_CHECK_CONSUMER) timestamp=364 ms, used_size=14118912 bytes (34.5%)
(RDMA_READ_CONSUME_CHECK_CONSUMER) timestamp=364 ms, used_size=14116864 bytes (34.5%)
(RDMA_READ_CONSUME_CHECK_CONSUMER) timestamp=364 ms, used_size=14114816 bytes (34.5%)
(RDMA_READ_CONSUME_CHECK_CONSUMER) timestamp=364 ms, used_size=14112768 bytes (34.5%)
(RDMA_READ_CONSUME_CHECK_CONSUMER) timestamp=364 ms, used_size=14110720 bytes (34.5%)
(RDMA_READ_CONSUME_CHECK_CONSUMER) timestamp=364 ms, used_size=14108672 bytes (34.4%)
(RDMA_READ_CONSUME_CHECK_CONSUMER) timestamp=364 ms, used_size=14106624 bytes (34.4%)
(RDMA_READ_CONSUME_CHECK_CONSUMER) timestamp=364 ms, used_size=14104576 bytes (34.4%)
(RDMA_READ_CONSUME_CHECK_CONSUMER) timestamp=364 ms, used_size=14102528 bytes (34.4%)
(RDMA_READ_CONSUME_CHECK_CONSUMER) timestamp=364 ms, used_size=14100480 bytes (34.4%)
(RDMA_READ_CONSUME_CHECK_CONSUMER) timestamp=364 ms, used_size=14098432 bytes (34.4%)
(RDMA_READ_CONSUME_CHECK_CONSUMER) timestamp=364 ms, used_size=14096384 bytes (34.4%)
(RDMA_READ_CONSUME_CHECK_CONSUMER) timestamp=364 ms, used_size=14094336 bytes (34.4%)
(RDMA_READ_CONSUME_CHECK_CONSUMER) timestamp=364 ms, used_size=14092288 bytes (34.4%)
(RDMA_READ_CONSUME_CHECK_CONSUMER) timestamp=364 ms, used_size=14090240 bytes (34.4%)
(RDMA_READ_CONSUME_CHECK_CONSUMER) timestamp=364 ms, used_size=14088192 bytes (34.4%)
(RDMA_READ_CONSUME_CHECK_CONSUMER) timestamp=364 ms, used_size=14086144 bytes (34.4%)
(RDMA_READ_CONSUME_CHECK_CONSUMER) timestamp=364 ms, used_size=14084096 bytes (34.4%)
(RDMA_READ_CONSUME_CHECK_CONSUMER) timestamp=364 ms, used_size=14082048 bytes (34.4%)
(RDMA_READ_CONSUME_CHECK_CONSUMER) timestamp=364 ms, used_size=14080000 bytes (34.4%)
(RDMA_READ_CONSUME_CHECK_CONSUMER) timestamp=364 ms, used_size=14077952 bytes (34.4%)
(RDMA_READ_CONSUME_CHECK_CONSUMER) timestamp=364 ms, used_size=14075904 bytes (34.4%)
(RDMA_READ_CONSUME_CHECK_CONSUMER) timestamp=364 ms, used_size=14073856 bytes (34.4%)
(RDMA_READ_CONSUME_CHECK_CONSUMER) timestamp=364 ms, used_size=14071808 bytes (34.4%)
(RDMA_READ_CONSUME_CHECK_CONSUMER) timestamp=364 ms, used_size=14069760 bytes (34.4%)
(RDMA_READ_CONSUME_CHECK_CONSUMER) timestamp=364 ms, used_size=14067712 bytes (34.3%)
(RDMA_READ_CONSUME_CHECK_CONSUMER) timestamp=364 ms, used_size=14065664 bytes (34.3%)
(RDMA_READ_CONSUME_CHECK_CONSUMER) timestamp=364 ms, used_size=14063616 bytes (34.3%)
(RDMA_READ_CONSUME_CHECK_CONSUMER) timestamp=364 ms, used_size=14061568 bytes (34.3%)
(RDMA_READ_CONSUME_CHECK_CONSUMER) timestamp=364 ms, used_size=14059520 bytes (34.3%)
(RDMA_READ_CONSUME_CHECK_CONSUMER) timestamp=364 ms, used_size=14057472 bytes (34.3%)
(RDMA_READ_CONSUME_CHECK_CONSUMER) timestamp=364 ms, used_size=14055424 bytes (34.3%)
(RDMA_READ_CONSUME_CHECK_CONSUMER) timestamp=364 ms, used_size=14053376 bytes (34.3%)
(RDMA_READ_CONSUME_CHECK_CONSUMER) timestamp=364 ms, used_size=14051328 bytes (34.3%)
(RDMA_READ_CONSUME_CHECK_CONSUMER) timestamp=364 ms, used_size=14049280 bytes (34.3%)
(RDMA_READ_CONSUME_CHECK_CONSUMER) timestamp=364 ms, used_size=14047232 bytes (34.3%)
(RDMA_READ_CONSUME_CHECK_CONSUMER) timestamp=364 ms, used_size=14045184 bytes (34.3%)
(RDMA_READ_CONSUME_CHECK_CONSUMER) timestamp=364 ms, used_size=14043136 bytes (34.3%)
(RDMA_READ_CONSUME_CHECK_CONSUMER) timestamp=364 ms, used_size=14041088 bytes (34.3%)
(RDMA_READ_CONSUME_CHECK_CONSUMER) timestamp=364 ms, used_size=14039040 bytes (34.3%)
(RDMA_READ_CONSUME_CHECK_CONSUMER) timestamp=364 ms, used_size=14036992 bytes (34.3%)
(RDMA_READ_CONSUME_CHECK_CONSUMER) timestamp=364 ms, used_size=14034944 bytes (34.3%)
(RDMA_READ_CONSUME_CHECK_CONSUMER) timestamp=364 ms, used_size=14032896 bytes (34.3%)
(RDMA_READ_CONSUME_CHECK_CONSUMER) timestamp=364 ms, used_size=14030848 bytes (34.3%)
(RDMA_READ_CONSUME_CHECK_CONSUMER) timestamp=364 ms, used_size=14028800 bytes (34.2%)
(RDMA_READ_CONSUME_CHECK_CONSUMER) timestamp=364 ms, used_size=14026752 bytes (34.2%)
(RDMA_READ_CONSUME_CHECK_CONSUMER) timestamp=364 ms, used_size=14024704 bytes (34.2%)
(RDMA_READ_CONSUME_CHECK_CONSUMER) timestamp=364 ms, used_size=14022656 bytes (34.2%)
(RDMA_READ_CONSUME_CHECK_CONSUMER) timestamp=364 ms, used_size=14020608 bytes (34.2%)
(RDMA_READ_CONSUME_CHECK_CONSUMER) timestamp=364 ms, used_size=14018560 bytes (34.2%)
(RDMA_READ_CONSUME_CHECK_CONSUMER) timestamp=364 ms, used_size=14016512 bytes (34.2%)
(RDMA_READ_CONSUME_CHECK_CONSUMER) timestamp=364 ms, used_size=14014464 bytes (34.2%)
(RDMA_READ_CONSUME_CHECK_CONSUMER) timestamp=364 ms, used_size=14012416 bytes (34.2%)
(RDMA_READ_CONSUME_CHECK_CONSUMER) timestamp=364 ms, used_size=14010368 bytes (34.2%)
(RDMA_READ_CONSUME_CHECK_CONSUMER) timestamp=364 ms, used_size=14008320 bytes (34.2%)
(RDMA_READ_CONSUME_CHECK_CONSUMER) timestamp=364 ms, used_size=14006272 bytes (34.2%)
(RDMA_READ_CONSUME_CHECK_CONSUMER) timestamp=364 ms, used_size=14004224 bytes (34.2%)
(RDMA_READ_CONSUME_CHECK_CONSUMER) timestamp=364 ms, used_size=14002176 bytes (34.2%)
(RDMA_READ_CONSUME_CHECK_CONSUMER) timestamp=364 ms, used_size=14000128 bytes (34.2%)
(RDMA_READ_CONSUME_CHECK_CONSUMER) timestamp=364 ms, used_size=13998080 bytes (34.2%)
(RDMA_READ_CONSUME_CHECK_CONSUMER) timestamp=364 ms, used_size=13996032 bytes (34.2%)
(RDMA_READ_CONSUME_CHECK_CONSUMER) timestamp=364 ms, used_size=13993984 bytes (34.2%)
(RDMA_READ_CONSUME_CHECK_CONSUMER) timestamp=364 ms, used_size=13991936 bytes (34.2%)
(RDMA_READ_CONSUME_CHECK_CONSUMER) timestamp=364 ms, used_size=13989888 bytes (34.2%)
(RDMA_READ_CONSUME_CHECK_CONSUMER) timestamp=364 ms, used_size=13987840 bytes (34.1%)
(RDMA_READ_CONSUME_CHECK_CONSUMER) timestamp=364 ms, used_size=13985792 bytes (34.1%)
(RDMA_READ_CONSUME_CHECK_CONSUMER) timestamp=364 ms, used_size=13983744 bytes (34.1%)
(RDMA_READ_CONSUME_CHECK_CONSUMER) timestamp=364 ms, used_size=13981696 bytes (34.1%)
(RDMA_READ_CONSUME_CHECK_CONSUMER) timestamp=364 ms, used_size=13979648 bytes (34.1%)
(RDMA_READ_CONSUME_CHECK_CONSUMER) timestamp=364 ms, used_size=13977600 bytes (34.1%)
(RDMA_READ_CONSUME_CHECK_CONSUMER) timestamp=364 ms, used_size=13975552 bytes (34.1%)
(RDMA_READ_CONSUME_CHECK_CONSUMER) timestamp=364 ms, used_size=13973504 bytes (34.1%)
(RDMA_READ_CONSUME_CHECK_CONSUMER) timestamp=364 ms, used_size=13971456 bytes (34.1%)
(RDMA_READ_CONSUME_CHECK_CONSUMER) timestamp=364 ms, used_size=13969408 bytes (34.1%)
(RDMA_READ_CONSUME_CHECK_CONSUMER) timestamp=364 ms, used_size=13967360 bytes (34.1%)
(RDMA_READ_CONSUME_CHECK_CONSUMER) timestamp=364 ms, used_size=13965312 bytes (34.1%)
(RDMA_READ_CONSUME_CHECK_CONSUMER) timestamp=364 ms, used_size=13963264 bytes (34.1%)
(RDMA_READ_CONSUME_CHECK_CONSUMER) timestamp=364 ms, used_size=13961216 bytes (34.1%)
(RDMA_READ_CONSUME_CHECK_CONSUMER) timestamp=364 ms, used_size=13959168 bytes (34.1%)
(RDMA_READ_CONSUME_CHECK_CONSUMER) timestamp=364 ms, used_size=13957120 bytes (34.1%)
(RDMA_READ_CONSUME_CHECK_CONSUMER) timestamp=364 ms, used_size=13955072 bytes (34.1%)
(RDMA_READ_CONSUME_CHECK_CONSUMER) timestamp=364 ms, used_size=13953024 bytes (34.1%)
(RDMA_READ_CONSUME_CHECK_CONSUMER) timestamp=364 ms, used_size=13950976 bytes (34.1%)
(RDMA_READ_CONSUME_CHECK_CONSUMER) timestamp=364 ms, used_size=13948928 bytes (34.1%)
(RDMA_READ_CONSUME_CHECK_CONSUMER) timestamp=364 ms, used_size=13946880 bytes (34.0%)
(RDMA_READ_CONSUME_CHECK_CONSUMER) timestamp=364 ms, used_size=13944832 bytes (34.0%)
(RDMA_READ_CONSUME_CHECK_CONSUMER) timestamp=364 ms, used_size=13942784 bytes (34.0%)
(RDMA_READ_CONSUME_CHECK_CONSUMER) timestamp=364 ms, used_size=13940736 bytes (34.0%)
(RDMA_READ_CONSUME_CHECK_CONSUMER) timestamp=364 ms, used_size=13938688 bytes (34.0%)
(RDMA_READ_CONSUME_CHECK_CONSUMER) timestamp=364 ms, used_size=13936640 bytes (34.0%)
(RDMA_READ_CONSUME_CHECK_CONSUMER) timestamp=364 ms, used_size=13934592 bytes (34.0%)
(RDMA_READ_CONSUME_CHECK_CONSUMER) timestamp=364 ms, used_size=13932544 bytes (34.0%)
(RDMA_READ_CONSUME_CHECK_CONSUMER) timestamp=364 ms, used_size=13930496 bytes (34.0%)
(RDMA_READ_CONSUME_CHECK_CONSUMER) timestamp=364 ms, used_size=13928448 bytes (34.0%)
(RDMA_READ_CONSUME_CHECK_CONSUMER) timestamp=364 ms, used_size=13926400 bytes (34.0%)
(RDMA_READ_CONSUME_CHECK_CONSUMER) timestamp=364 ms, used_size=13924352 bytes (34.0%)
(RDMA_READ_CONSUME_CHECK_CONSUMER) timestamp=364 ms, used_size=13922304 bytes (34.0%)
(RDMA_READ_CONSUME_CHECK_CONSUMER) timestamp=364 ms, used_size=13920256 bytes (34.0%)
(RDMA_READ_CONSUME_CHECK_CONSUMER) timestamp=364 ms, used_size=13918208 bytes (34.0%)
(RDMA_READ_CONSUME_CHECK_CONSUMER) timestamp=364 ms, used_size=13916160 bytes (34.0%)
(RDMA_READ_CONSUME_CHECK_CONSUMER) timestamp=364 ms, used_size=13914112 bytes (34.0%)
(RDMA_READ_CONSUME_CHECK_CONSUMER) timestamp=364 ms, used_size=13912064 bytes (34.0%)
(RDMA_READ_CONSUME_CHECK_CONSUMER) timestamp=364 ms, used_size=13910016 bytes (34.0%)
(RDMA_READ_CONSUME_CHECK_CONSUMER) timestamp=364 ms, used_size=13907968 bytes (34.0%)
(RDMA_READ_CONSUME_CHECK_CONSUMER) timestamp=364 ms, used_size=13905920 bytes (34.0%)
(RDMA_READ_CONSUME_CHECK_CONSUMER) timestamp=364 ms, used_size=13903872 bytes (33.9%)
(RDMA_READ_CONSUME_CHECK_CONSUMER) timestamp=364 ms, used_size=13901824 bytes (33.9%)
(RDMA_READ_CONSUME_CHECK_CONSUMER) timestamp=364 ms, used_size=13899776 bytes (33.9%)
(RDMA_READ_CONSUME_CHECK_CONSUMER) timestamp=364 ms, used_size=13897728 bytes (33.9%)
(RDMA_READ_CONSUME_CHECK_CONSUMER) timestamp=364 ms, used_size=13895680 bytes (33.9%)
(RDMA_READ_CONSUME_CHECK_CONSUMER) timestamp=364 ms, used_size=13893632 bytes (33.9%)
(RDMA_READ_CONSUME_CHECK_CONSUMER) timestamp=364 ms, used_size=13891584 bytes (33.9%)
(RDMA_READ_CONSUME_CHECK_CONSUMER) timestamp=364 ms, used_size=13889536 bytes (33.9%)
(RDMA_READ_CONSUME_CHECK_CONSUMER) timestamp=364 ms, used_size=13887488 bytes (33.9%)
(RDMA_READ_CONSUME_CHECK_CONSUMER) timestamp=364 ms, used_size=13885440 bytes (33.9%)
(RDMA_READ_CONSUME_CHECK_CONSUMER) timestamp=364 ms, used_size=13883392 bytes (33.9%)
(RDMA_READ_CONSUME_CHECK_CONSUMER) timestamp=364 ms, used_size=13881344 bytes (33.9%)
(RDMA_READ_CONSUME_CHECK_CONSUMER) timestamp=364 ms, used_size=13879296 bytes (33.9%)
(RDMA_READ_CONSUME_CHECK_CONSUMER) timestamp=364 ms, used_size=13877248 bytes (33.9%)
(RDMA_READ_CONSUME_CHECK_CONSUMER) timestamp=364 ms, used_size=13875200 bytes (33.9%)
(RDMA_READ_CONSUME_CHECK_CONSUMER) timestamp=364 ms, used_size=13873152 bytes (33.9%)
(RDMA_READ_CONSUME_CHECK_CONSUMER) timestamp=364 ms, used_size=13871104 bytes (33.9%)
(RDMA_READ_CONSUME_CHECK_CONSUMER) timestamp=364 ms, used_size=13869056 bytes (33.9%)
(RDMA_READ_CONSUME_CHECK_CONSUMER) timestamp=364 ms, used_size=13867008 bytes (33.9%)
(RDMA_READ_CONSUME_CHECK_CONSUMER) timestamp=364 ms, used_size=13864960 bytes (33.9%)
(RDMA_READ_CONSUME_CHECK_CONSUMER) timestamp=364 ms, used_size=13862912 bytes (33.8%)
(RDMA_READ_CONSUME_CHECK_CONSUMER) timestamp=364 ms, used_size=13860864 bytes (33.8%)
(RDMA_READ_CONSUME_CHECK_CONSUMER) timestamp=364 ms, used_size=13858816 bytes (33.8%)
(RDMA_READ_CONSUME_CHECK_CONSUMER) timestamp=365 ms, used_size=13856768 bytes (33.8%)
(RDMA_READ_CONSUME_CHECK_CONSUMER) timestamp=365 ms, used_size=13854720 bytes (33.8%)
(RDMA_READ_CONSUME_CHECK_CONSUMER) timestamp=365 ms, used_size=13852672 bytes (33.8%)
(RDMA_READ_CONSUME_CHECK_CONSUMER) timestamp=365 ms, used_size=13850624 bytes (33.8%)
(RDMA_READ_CONSUME_CHECK_CONSUMER) timestamp=365 ms, used_size=13848576 bytes (33.8%)
(RDMA_READ_CONSUME_CHECK_CONSUMER) timestamp=365 ms, used_size=13846528 bytes (33.8%)
(RDMA_READ_CONSUME_CHECK_CONSUMER) timestamp=365 ms, used_size=13844480 bytes (33.8%)
(RDMA_READ_CONSUME_CHECK_CONSUMER) timestamp=365 ms, used_size=13842432 bytes (33.8%)
(RDMA_READ_CONSUME_CHECK_CONSUMER) timestamp=365 ms, used_size=13840384 bytes (33.8%)
(RDMA_READ_CONSUME_CHECK_CONSUMER) timestamp=365 ms, used_size=13838336 bytes (33.8%)
(RDMA_READ_CONSUME_CHECK_CONSUMER) timestamp=365 ms, used_size=13836288 bytes (33.8%)
(RDMA_READ_CONSUME_CHECK_CONSUMER) timestamp=365 ms, used_size=13834240 bytes (33.8%)
(RDMA_READ_CONSUME_CHECK_CONSUMER) timestamp=365 ms, used_size=13832192 bytes (33.8%)
(RDMA_READ_CONSUME_CHECK_CONSUMER) timestamp=365 ms, used_size=13830144 bytes (33.8%)
(RDMA_READ_CONSUME_CHECK_CONSUMER) timestamp=365 ms, used_size=13828096 bytes (33.8%)
(RDMA_READ_CONSUME_CHECK_CONSUMER) timestamp=365 ms, used_size=13826048 bytes (33.8%)
(RDMA_READ_CONSUME_CHECK_CONSUMER) timestamp=365 ms, used_size=13824000 bytes (33.8%)
(RDMA_READ_CONSUME_CHECK_CONSUMER) timestamp=365 ms, used_size=13821952 bytes (33.7%)
(RDMA_READ_CONSUME_CHECK_CONSUMER) timestamp=365 ms, used_size=13819904 bytes (33.7%)
(RDMA_READ_CONSUME_CHECK_CONSUMER) timestamp=365 ms, used_size=13817856 bytes (33.7%)
(RDMA_READ_CONSUME_CHECK_CONSUMER) timestamp=365 ms, used_size=13815808 bytes (33.7%)
(RDMA_READ_CONSUME_CHECK_CONSUMER) timestamp=365 ms, used_size=13813760 bytes (33.7%)
(RDMA_READ_CONSUME_CHECK_CONSUMER) timestamp=365 ms, used_size=13811712 bytes (33.7%)
(RDMA_READ_CONSUME_CHECK_CONSUMER) timestamp=365 ms, used_size=13809664 bytes (33.7%)
(RDMA_READ_CONSUME_CHECK_CONSUMER) timestamp=365 ms, used_size=13807616 bytes (33.7%)
(RDMA_READ_CONSUME_CHECK_CONSUMER) timestamp=365 ms, used_size=13805568 bytes (33.7%)
(RDMA_READ_CONSUME_CHECK_CONSUMER) timestamp=365 ms, used_size=13803520 bytes (33.7%)
(RDMA_READ_CONSUME_CHECK_CONSUMER) timestamp=365 ms, used_size=13801472 bytes (33.7%)
(RDMA_READ_CONSUME_CHECK_CONSUMER) timestamp=365 ms, used_size=13799424 bytes (33.7%)
(RDMA_READ_CONSUME_CHECK_CONSUMER) timestamp=365 ms, used_size=13797376 bytes (33.7%)
(RDMA_READ_CONSUME_CHECK_CONSUMER) timestamp=365 ms, used_size=13795328 bytes (33.7%)
(RDMA_READ_CONSUME_CHECK_CONSUMER) timestamp=365 ms, used_size=13793280 bytes (33.7%)
(RDMA_READ_CONSUME_CHECK_CONSUMER) timestamp=365 ms, used_size=13791232 bytes (33.7%)
(RDMA_READ_CONSUME_CHECK_CONSUMER) timestamp=365 ms, used_size=13789184 bytes (33.7%)
(RDMA_READ_CONSUME_CHECK_CONSUMER) timestamp=365 ms, used_size=13787136 bytes (33.7%)
(RDMA_READ_CONSUME_CHECK_CONSUMER) timestamp=365 ms, used_size=13785088 bytes (33.7%)
(RDMA_READ_CONSUME_CHECK_CONSUMER) timestamp=365 ms, used_size=13783040 bytes (33.6%)
(RDMA_READ_CONSUME_CHECK_CONSUMER) timestamp=365 ms, used_size=13780992 bytes (33.6%)
(RDMA_READ_CONSUME_CHECK_CONSUMER) timestamp=365 ms, used_size=13778944 bytes (33.6%)
(RDMA_READ_CONSUME_CHECK_CONSUMER) timestamp=365 ms, used_size=13776896 bytes (33.6%)
(RDMA_READ_CONSUME_CHECK_CONSUMER) timestamp=365 ms, used_size=13774848 bytes (33.6%)
(RDMA_READ_CONSUME_CHECK_CONSUMER) timestamp=365 ms, used_size=13772800 bytes (33.6%)
(RDMA_READ_CONSUME_CHECK_CONSUMER) timestamp=365 ms, used_size=13770752 bytes (33.6%)
(RDMA_READ_CONSUME_CHECK_CONSUMER) timestamp=365 ms, used_size=13768704 bytes (33.6%)
(RDMA_READ_CONSUME_CHECK_CONSUMER) timestamp=365 ms, used_size=13766656 bytes (33.6%)
(RDMA_READ_CONSUME_CHECK_CONSUMER) timestamp=365 ms, used_size=13764608 bytes (33.6%)
(RDMA_READ_CONSUME_CHECK_CONSUMER) timestamp=365 ms, used_size=13762560 bytes (33.6%)
(RDMA_READ_CONSUME_CHECK_CONSUMER) timestamp=365 ms, used_size=13760512 bytes (33.6%)
(RDMA_READ_CONSUME_CHECK_CONSUMER) timestamp=365 ms, used_size=13758464 bytes (33.6%)
(RDMA_READ_CONSUME_CHECK_CONSUMER) timestamp=365 ms, used_size=13756416 bytes (33.6%)
(RDMA_READ_CONSUME_CHECK_CONSUMER) timestamp=365 ms, used_size=13754368 bytes (33.6%)
(RDMA_READ_CONSUME_CHECK_CONSUMER) timestamp=365 ms, used_size=13752320 bytes (33.6%)
(RDMA_READ_CONSUME_CHECK_CONSUMER) timestamp=365 ms, used_size=13750272 bytes (33.6%)
(RDMA_READ_CONSUME_CHECK_CONSUMER) timestamp=365 ms, used_size=13748224 bytes (33.6%)
(RDMA_READ_CONSUME_CHECK_CONSUMER) timestamp=365 ms, used_size=13746176 bytes (33.6%)
(RDMA_READ_CONSUME_CHECK_CONSUMER) timestamp=365 ms, used_size=13744128 bytes (33.6%)
(RDMA_READ_CONSUME_CHECK_CONSUMER) timestamp=365 ms, used_size=13742080 bytes (33.5%)
(RDMA_READ_CONSUME_CHECK_CONSUMER) timestamp=365 ms, used_size=13740032 bytes (33.5%)
(RDMA_READ_CONSUME_CHECK_CONSUMER) timestamp=365 ms, used_size=13737984 bytes (33.5%)
(RDMA_READ_CONSUME_CHECK_CONSUMER) timestamp=365 ms, used_size=13735936 bytes (33.5%)
(RDMA_READ_CONSUME_CHECK_CONSUMER) timestamp=365 ms, used_size=13733888 bytes (33.5%)
(RDMA_READ_CONSUME_CHECK_CONSUMER) timestamp=365 ms, used_size=13731840 bytes (33.5%)
(RDMA_READ_CONSUME_CHECK_CONSUMER) timestamp=365 ms, used_size=13729792 bytes (33.5%)
(RDMA_READ_CONSUME_CHECK_CONSUMER) timestamp=365 ms, used_size=13727744 bytes (33.5%)
(RDMA_READ_CONSUME_CHECK_CONSUMER) timestamp=365 ms, used_size=13725696 bytes (33.5%)
(RDMA_READ_CONSUME_CHECK_CONSUMER) timestamp=365 ms, used_size=13723648 bytes (33.5%)
(RDMA_READ_CONSUME_CHECK_CONSUMER) timestamp=365 ms, used_size=13721600 bytes (33.5%)
(RDMA_READ_CONSUME_CHECK_CONSUMER) timestamp=365 ms, used_size=13719552 bytes (33.5%)
(RDMA_READ_CONSUME_CHECK_CONSUMER) timestamp=365 ms, used_size=13717504 bytes (33.5%)
(RDMA_READ_CONSUME_CHECK_CONSUMER) timestamp=365 ms, used_size=13715456 bytes (33.5%)
(RDMA_READ_CONSUME_CHECK_CONSUMER) timestamp=365 ms, used_size=13713408 bytes (33.5%)
(RDMA_READ_CONSUME_CHECK_CONSUMER) timestamp=365 ms, used_size=13711360 bytes (33.5%)
(RDMA_READ_CONSUME_CHECK_CONSUMER) timestamp=365 ms, used_size=13709312 bytes (33.5%)
(RDMA_READ_CONSUME_CHECK_CONSUMER) timestamp=365 ms, used_size=13707264 bytes (33.5%)
(RDMA_READ_CONSUME_CHECK_CONSUMER) timestamp=365 ms, used_size=13705216 bytes (33.5%)
(RDMA_READ_CONSUME_CHECK_CONSUMER) timestamp=365 ms, used_size=13703168 bytes (33.5%)
(RDMA_READ_CONSUME_CHECK_CONSUMER) timestamp=365 ms, used_size=13701120 bytes (33.5%)
(RDMA_READ_CONSUME_CHECK_CONSUMER) timestamp=365 ms, used_size=13699072 bytes (33.4%)
(RDMA_READ_CONSUME_CHECK_CONSUMER) timestamp=365 ms, used_size=13697024 bytes (33.4%)
(RDMA_READ_CONSUME_CHECK_CONSUMER) timestamp=365 ms, used_size=13694976 bytes (33.4%)
(RDMA_READ_CONSUME_CHECK_CONSUMER) timestamp=365 ms, used_size=13692928 bytes (33.4%)
(RDMA_READ_CONSUME_CHECK_CONSUMER) timestamp=365 ms, used_size=13690880 bytes (33.4%)
(RDMA_READ_CONSUME_CHECK_CONSUMER) timestamp=365 ms, used_size=13688832 bytes (33.4%)
(RDMA_READ_CONSUME_CHECK_CONSUMER) timestamp=365 ms, used_size=13686784 bytes (33.4%)
(RDMA_READ_CONSUME_CHECK_CONSUMER) timestamp=365 ms, used_size=13684736 bytes (33.4%)
(RDMA_READ_CONSUME_CHECK_CONSUMER) timestamp=365 ms, used_size=13682688 bytes (33.4%)
(RDMA_READ_CONSUME_CHECK_CONSUMER) timestamp=365 ms, used_size=13680640 bytes (33.4%)
(RDMA_READ_CONSUME_CHECK_CONSUMER) timestamp=365 ms, used_size=13678592 bytes (33.4%)
(RDMA_READ_CONSUME_CHECK_CONSUMER) timestamp=365 ms, used_size=13676544 bytes (33.4%)
(RDMA_READ_CONSUME_CHECK_CONSUMER) timestamp=365 ms, used_size=13674496 bytes (33.4%)
(RDMA_READ_CONSUME_CHECK_CONSUMER) timestamp=365 ms, used_size=13672448 bytes (33.4%)
(RDMA_READ_CONSUME_CHECK_CONSUMER) timestamp=365 ms, used_size=13670400 bytes (33.4%)
(RDMA_READ_CONSUME_CHECK_CONSUMER) timestamp=365 ms, used_size=13668352 bytes (33.4%)
(RDMA_READ_CONSUME_CHECK_CONSUMER) timestamp=365 ms, used_size=13666304 bytes (33.4%)
(RDMA_READ_CONSUME_CHECK_CONSUMER) timestamp=365 ms, used_size=13664256 bytes (33.4%)
(RDMA_READ_CONSUME_CHECK_CONSUMER) timestamp=365 ms, used_size=13662208 bytes (33.4%)
(RDMA_READ_CONSUME_CHECK_CONSUMER) timestamp=365 ms, used_size=13660160 bytes (33.4%)
(RDMA_READ_CONSUME_CHECK_CONSUMER) timestamp=365 ms, used_size=13658112 bytes (33.3%)
(RDMA_READ_CONSUME_CHECK_CONSUMER) timestamp=365 ms, used_size=13656064 bytes (33.3%)
(RDMA_READ_CONSUME_CHECK_CONSUMER) timestamp=365 ms, used_size=13654016 bytes (33.3%)
(RDMA_READ_CONSUME_CHECK_CONSUMER) timestamp=365 ms, used_size=13651968 bytes (33.3%)
(RDMA_READ_CONSUME_CHECK_CONSUMER) timestamp=365 ms, used_size=13649920 bytes (33.3%)
(RDMA_READ_CONSUME_CHECK_CONSUMER) timestamp=365 ms, used_size=13647872 bytes (33.3%)
(RDMA_READ_CONSUME_CHECK_CONSUMER) timestamp=365 ms, used_size=13645824 bytes (33.3%)
(RDMA_READ_CONSUME_CHECK_CONSUMER) timestamp=365 ms, used_size=13643776 bytes (33.3%)
(RDMA_READ_CONSUME_CHECK_CONSUMER) timestamp=365 ms, used_size=13641728 bytes (33.3%)
(RDMA_READ_CONSUME_CHECK_CONSUMER) timestamp=365 ms, used_size=13639680 bytes (33.3%)
(RDMA_READ_CONSUME_CHECK_CONSUMER) timestamp=365 ms, used_size=13637632 bytes (33.3%)
(RDMA_READ_CONSUME_CHECK_CONSUMER) timestamp=365 ms, used_size=13635584 bytes (33.3%)
(RDMA_READ_CONSUME_CHECK_CONSUMER) timestamp=365 ms, used_size=13633536 bytes (33.3%)
(RDMA_READ_CONSUME_CHECK_CONSUMER) timestamp=365 ms, used_size=13631488 bytes (33.3%)
(RDMA_READ_CONSUME_CHECK_CONSUMER) timestamp=365 ms, used_size=13629440 bytes (33.3%)
(RDMA_READ_CONSUME_CHECK_CONSUMER) timestamp=365 ms, used_size=13627392 bytes (33.3%)
(RDMA_READ_CONSUME_CHECK_CONSUMER) timestamp=365 ms, used_size=13625344 bytes (33.3%)
(RDMA_READ_CONSUME_CHECK_CONSUMER) timestamp=365 ms, used_size=13623296 bytes (33.3%)
(RDMA_READ_CONSUME_CHECK_CONSUMER) timestamp=365 ms, used_size=13621248 bytes (33.3%)
(RDMA_READ_CONSUME_CHECK_CONSUMER) timestamp=365 ms, used_size=13619200 bytes (33.2%)
(RDMA_READ_CONSUME_CHECK_CONSUMER) timestamp=365 ms, used_size=13617152 bytes (33.2%)
(RDMA_READ_CONSUME_CHECK_CONSUMER) timestamp=365 ms, used_size=13615104 bytes (33.2%)
(RDMA_READ_CONSUME_CHECK_CONSUMER) timestamp=365 ms, used_size=13613056 bytes (33.2%)
(RDMA_READ_CONSUME_CHECK_CONSUMER) timestamp=365 ms, used_size=13611008 bytes (33.2%)
(RDMA_READ_CONSUME_CHECK_CONSUMER) timestamp=365 ms, used_size=13608960 bytes (33.2%)
(RDMA_READ_CONSUME_CHECK_CONSUMER) timestamp=365 ms, used_size=13606912 bytes (33.2%)
(RDMA_READ_CONSUME_CHECK_CONSUMER) timestamp=365 ms, used_size=13604864 bytes (33.2%)
(RDMA_READ_CONSUME_CHECK_CONSUMER) timestamp=365 ms, used_size=13602816 bytes (33.2%)
(RDMA_READ_CONSUME_CHECK_CONSUMER) timestamp=365 ms, used_size=13600768 bytes (33.2%)
(RDMA_READ_CONSUME_CHECK_CONSUMER) timestamp=365 ms, used_size=13598720 bytes (33.2%)
(RDMA_READ_CONSUME_CHECK_CONSUMER) timestamp=365 ms, used_size=13596672 bytes (33.2%)
(RDMA_READ_CONSUME_CHECK_CONSUMER) timestamp=365 ms, used_size=13594624 bytes (33.2%)
(RDMA_READ_CONSUME_CHECK_CONSUMER) timestamp=365 ms, used_size=13592576 bytes (33.2%)
(RDMA_READ_CONSUME_CHECK_CONSUMER) timestamp=365 ms, used_size=13590528 bytes (33.2%)
(RDMA_READ_CONSUME_CHECK_CONSUMER) timestamp=365 ms, used_size=13588480 bytes (33.2%)
(RDMA_READ_CONSUME_CHECK_CONSUMER) timestamp=365 ms, used_size=13586432 bytes (33.2%)
(RDMA_READ_CONSUME_CHECK_CONSUMER) timestamp=365 ms, used_size=13584384 bytes (33.2%)
(RDMA_READ_CONSUME_CHECK_CONSUMER) timestamp=365 ms, used_size=13582336 bytes (33.2%)
(RDMA_READ_CONSUME_CHECK_CONSUMER) timestamp=365 ms, used_size=13580288 bytes (33.2%)
(RDMA_READ_CONSUME_CHECK_CONSUMER) timestamp=365 ms, used_size=13578240 bytes (33.1%)
(RDMA_READ_CONSUME_CHECK_CONSUMER) timestamp=365 ms, used_size=13576192 bytes (33.1%)
(RDMA_READ_CONSUME_CHECK_CONSUMER) timestamp=365 ms, used_size=13574144 bytes (33.1%)
(RDMA_READ_CONSUME_CHECK_CONSUMER) timestamp=365 ms, used_size=13572096 bytes (33.1%)
(RDMA_READ_CONSUME_CHECK_CONSUMER) timestamp=365 ms, used_size=13570048 bytes (33.1%)
(RDMA_READ_CONSUME_CHECK_CONSUMER) timestamp=365 ms, used_size=13568000 bytes (33.1%)
(RDMA_READ_CONSUME_CHECK_CONSUMER) timestamp=365 ms, used_size=13565952 bytes (33.1%)
(RDMA_READ_CONSUME_CHECK_CONSUMER) timestamp=365 ms, used_size=13563904 bytes (33.1%)
(RDMA_READ_CONSUME_CHECK_CONSUMER) timestamp=365 ms, used_size=13561856 bytes (33.1%)
(RDMA_READ_CONSUME_CHECK_CONSUMER) timestamp=365 ms, used_size=13559808 bytes (33.1%)
(RDMA_READ_CONSUME_CHECK_CONSUMER) timestamp=365 ms, used_size=13557760 bytes (33.1%)
(RDMA_READ_CONSUME_CHECK_CONSUMER) timestamp=365 ms, used_size=13555712 bytes (33.1%)
(RDMA_READ_CONSUME_CHECK_CONSUMER) timestamp=365 ms, used_size=13553664 bytes (33.1%)
(RDMA_READ_CONSUME_CHECK_CONSUMER) timestamp=365 ms, used_size=13551616 bytes (33.1%)
(RDMA_READ_CONSUME_CHECK_CONSUMER) timestamp=365 ms, used_size=13549568 bytes (33.1%)
(RDMA_READ_CONSUME_CHECK_CONSUMER) timestamp=365 ms, used_size=13547520 bytes (33.1%)
(RDMA_READ_CONSUME_CHECK_CONSUMER) timestamp=365 ms, used_size=13545472 bytes (33.1%)
(RDMA_READ_CONSUME_CHECK_CONSUMER) timestamp=365 ms, used_size=13543424 bytes (33.1%)
(RDMA_READ_CONSUME_CHECK_CONSUMER) timestamp=365 ms, used_size=13541376 bytes (33.1%)
(RDMA_READ_CONSUME_CHECK_CONSUMER) timestamp=365 ms, used_size=13539328 bytes (33.1%)
(RDMA_READ_CONSUME_CHECK_CONSUMER) timestamp=365 ms, used_size=13537280 bytes (33.0%)
(RDMA_READ_CONSUME_CHECK_CONSUMER) timestamp=365 ms, used_size=13535232 bytes (33.0%)
(RDMA_READ_CONSUME_CHECK_CONSUMER) timestamp=365 ms, used_size=13533184 bytes (33.0%)
(RDMA_READ_CONSUME_CHECK_CONSUMER) timestamp=365 ms, used_size=13531136 bytes (33.0%)
(RDMA_READ_CONSUME_CHECK_CONSUMER) timestamp=365 ms, used_size=13529088 bytes (33.0%)
(RDMA_READ_CONSUME_CHECK_CONSUMER) timestamp=365 ms, used_size=13527040 bytes (33.0%)
(RDMA_READ_CONSUME_CHECK_CONSUMER) timestamp=365 ms, used_size=13524992 bytes (33.0%)
(RDMA_READ_CONSUME_CHECK_CONSUMER) timestamp=365 ms, used_size=13522944 bytes (33.0%)
(RDMA_READ_CONSUME_CHECK_CONSUMER) timestamp=365 ms, used_size=13520896 bytes (33.0%)
(RDMA_READ_CONSUME_CHECK_CONSUMER) timestamp=366 ms, used_size=13518848 bytes (33.0%)
(RDMA_READ_CONSUME_CHECK_CONSUMER) timestamp=366 ms, used_size=13516800 bytes (33.0%)
(RDMA_READ_CONSUME_CHECK_CONSUMER) timestamp=366 ms, used_size=13514752 bytes (33.0%)
(RDMA_READ_CONSUME_CHECK_CONSUMER) timestamp=366 ms, used_size=13512704 bytes (33.0%)
(RDMA_READ_CONSUME_CHECK_CONSUMER) timestamp=366 ms, used_size=13510656 bytes (33.0%)
(RDMA_READ_CONSUME_CHECK_CONSUMER) timestamp=366 ms, used_size=13508608 bytes (33.0%)
(RDMA_READ_CONSUME_CHECK_CONSUMER) timestamp=366 ms, used_size=13506560 bytes (33.0%)
(RDMA_READ_CONSUME_CHECK_CONSUMER) timestamp=366 ms, used_size=13504512 bytes (33.0%)
(RDMA_READ_CONSUME_CHECK_CONSUMER) timestamp=366 ms, used_size=13502464 bytes (33.0%)
(RDMA_READ_CONSUME_CHECK_CONSUMER) timestamp=366 ms, used_size=13500416 bytes (33.0%)
(RDMA_READ_CONSUME_CHECK_CONSUMER) timestamp=366 ms, used_size=13498368 bytes (33.0%)
(RDMA_READ_CONSUME_CHECK_CONSUMER) timestamp=366 ms, used_size=13496320 bytes (33.0%)
(RDMA_READ_CONSUME_CHECK_CONSUMER) timestamp=366 ms, used_size=13494272 bytes (32.9%)
(RDMA_READ_CONSUME_CHECK_CONSUMER) timestamp=366 ms, used_size=13492224 bytes (32.9%)
(RDMA_READ_CONSUME_CHECK_CONSUMER) timestamp=366 ms, used_size=13490176 bytes (32.9%)
(RDMA_READ_CONSUME_CHECK_CONSUMER) timestamp=366 ms, used_size=13488128 bytes (32.9%)
(RDMA_READ_CONSUME_CHECK_CONSUMER) timestamp=366 ms, used_size=13486080 bytes (32.9%)
(RDMA_READ_CONSUME_CHECK_CONSUMER) timestamp=366 ms, used_size=13484032 bytes (32.9%)
(RDMA_READ_CONSUME_CHECK_CONSUMER) timestamp=366 ms, used_size=13481984 bytes (32.9%)
(RDMA_READ_CONSUME_CHECK_CONSUMER) timestamp=366 ms, used_size=13479936 bytes (32.9%)
(RDMA_READ_CONSUME_CHECK_CONSUMER) timestamp=366 ms, used_size=13477888 bytes (32.9%)
(RDMA_READ_CONSUME_CHECK_CONSUMER) timestamp=366 ms, used_size=13475840 bytes (32.9%)
(RDMA_READ_CONSUME_CHECK_CONSUMER) timestamp=366 ms, used_size=13473792 bytes (32.9%)
(RDMA_READ_CONSUME_CHECK_CONSUMER) timestamp=366 ms, used_size=13471744 bytes (32.9%)
(RDMA_READ_CONSUME_CHECK_CONSUMER) timestamp=366 ms, used_size=13469696 bytes (32.9%)
(RDMA_READ_CONSUME_CHECK_CONSUMER) timestamp=366 ms, used_size=13467648 bytes (32.9%)
(RDMA_READ_CONSUME_CHECK_CONSUMER) timestamp=366 ms, used_size=13465600 bytes (32.9%)
(RDMA_READ_CONSUME_CHECK_CONSUMER) timestamp=366 ms, used_size=13463552 bytes (32.9%)
(RDMA_READ_CONSUME_CHECK_CONSUMER) timestamp=366 ms, used_size=13461504 bytes (32.9%)
(RDMA_READ_CONSUME_CHECK_CONSUMER) timestamp=366 ms, used_size=13459456 bytes (32.9%)
(RDMA_READ_CONSUME_CHECK_CONSUMER) timestamp=366 ms, used_size=13457408 bytes (32.9%)
(RDMA_READ_CONSUME_CHECK_CONSUMER) timestamp=366 ms, used_size=13455360 bytes (32.9%)
(RDMA_READ_CONSUME_CHECK_CONSUMER) timestamp=366 ms, used_size=13453312 bytes (32.8%)
(RDMA_READ_CONSUME_CHECK_CONSUMER) timestamp=366 ms, used_size=13451264 bytes (32.8%)
(RDMA_READ_CONSUME_CHECK_CONSUMER) timestamp=366 ms, used_size=13449216 bytes (32.8%)
(RDMA_READ_CONSUME_CHECK_CONSUMER) timestamp=366 ms, used_size=13447168 bytes (32.8%)
(RDMA_READ_CONSUME_CHECK_CONSUMER) timestamp=366 ms, used_size=13445120 bytes (32.8%)
(RDMA_READ_CONSUME_CHECK_CONSUMER) timestamp=366 ms, used_size=13443072 bytes (32.8%)
(RDMA_READ_CONSUME_CHECK_CONSUMER) timestamp=366 ms, used_size=13441024 bytes (32.8%)
(RDMA_READ_CONSUME_CHECK_CONSUMER) timestamp=366 ms, used_size=13438976 bytes (32.8%)
(RDMA_READ_CONSUME_CHECK_CONSUMER) timestamp=366 ms, used_size=13436928 bytes (32.8%)
(RDMA_READ_CONSUME_CHECK_CONSUMER) timestamp=366 ms, used_size=13434880 bytes (32.8%)
(RDMA_READ_CONSUME_CHECK_CONSUMER) timestamp=366 ms, used_size=13432832 bytes (32.8%)
(RDMA_READ_CONSUME_CHECK_CONSUMER) timestamp=366 ms, used_size=13430784 bytes (32.8%)
(RDMA_READ_CONSUME_CHECK_CONSUMER) timestamp=366 ms, used_size=13428736 bytes (32.8%)
(RDMA_READ_CONSUME_CHECK_CONSUMER) timestamp=366 ms, used_size=13426688 bytes (32.8%)
(RDMA_READ_CONSUME_CHECK_CONSUMER) timestamp=366 ms, used_size=13424640 bytes (32.8%)
(RDMA_READ_CONSUME_CHECK_CONSUMER) timestamp=366 ms, used_size=13422592 bytes (32.8%)
(RDMA_READ_CONSUME_CHECK_CONSUMER) timestamp=366 ms, used_size=13420544 bytes (32.8%)
(RDMA_READ_CONSUME_CHECK_CONSUMER) timestamp=366 ms, used_size=13418496 bytes (32.8%)
(RDMA_READ_CONSUME_CHECK_CONSUMER) timestamp=366 ms, used_size=13416448 bytes (32.8%)
(RDMA_READ_CONSUME_CHECK_CONSUMER) timestamp=366 ms, used_size=13414400 bytes (32.8%)
(RDMA_READ_CONSUME_CHECK_CONSUMER) timestamp=366 ms, used_size=13412352 bytes (32.7%)
(RDMA_READ_CONSUME_CHECK_CONSUMER) timestamp=366 ms, used_size=13410304 bytes (32.7%)
(RDMA_READ_CONSUME_CHECK_CONSUMER) timestamp=366 ms, used_size=13408256 bytes (32.7%)
(RDMA_READ_CONSUME_CHECK_CONSUMER) timestamp=366 ms, used_size=13406208 bytes (32.7%)
(RDMA_READ_CONSUME_CHECK_CONSUMER) timestamp=366 ms, used_size=13404160 bytes (32.7%)
(RDMA_READ_CONSUME_CHECK_CONSUMER) timestamp=366 ms, used_size=13402112 bytes (32.7%)
(RDMA_READ_CONSUME_CHECK_CONSUMER) timestamp=366 ms, used_size=13400064 bytes (32.7%)
(RDMA_READ_CONSUME_CHECK_CONSUMER) timestamp=366 ms, used_size=13398016 bytes (32.7%)
(RDMA_READ_CONSUME_CHECK_CONSUMER) timestamp=366 ms, used_size=13395968 bytes (32.7%)
(RDMA_READ_CONSUME_CHECK_CONSUMER) timestamp=366 ms, used_size=13393920 bytes (32.7%)
(RDMA_READ_CONSUME_CHECK_CONSUMER) timestamp=366 ms, used_size=13391872 bytes (32.7%)
(RDMA_READ_CONSUME_CHECK_CONSUMER) timestamp=366 ms, used_size=13389824 bytes (32.7%)
(RDMA_READ_CONSUME_CHECK_CONSUMER) timestamp=366 ms, used_size=13387776 bytes (32.7%)
(RDMA_READ_CONSUME_CHECK_CONSUMER) timestamp=366 ms, used_size=13385728 bytes (32.7%)
(RDMA_READ_CONSUME_CHECK_CONSUMER) timestamp=366 ms, used_size=13383680 bytes (32.7%)
(RDMA_READ_CONSUME_CHECK_CONSUMER) timestamp=366 ms, used_size=13381632 bytes (32.7%)
(RDMA_READ_CONSUME_CHECK_CONSUMER) timestamp=366 ms, used_size=13379584 bytes (32.7%)
(RDMA_READ_CONSUME_CHECK_CONSUMER) timestamp=366 ms, used_size=13377536 bytes (32.7%)
(RDMA_READ_CONSUME_CHECK_CONSUMER) timestamp=366 ms, used_size=13375488 bytes (32.7%)
(RDMA_READ_CONSUME_CHECK_CONSUMER) timestamp=366 ms, used_size=13373440 bytes (32.6%)
(RDMA_READ_CONSUME_CHECK_CONSUMER) timestamp=366 ms, used_size=13371392 bytes (32.6%)
(RDMA_READ_CONSUME_CHECK_CONSUMER) timestamp=366 ms, used_size=13369344 bytes (32.6%)
(RDMA_READ_CONSUME_CHECK_CONSUMER) timestamp=366 ms, used_size=13367296 bytes (32.6%)
(RDMA_READ_CONSUME_CHECK_CONSUMER) timestamp=366 ms, used_size=13365248 bytes (32.6%)
(RDMA_READ_CONSUME_CHECK_CONSUMER) timestamp=366 ms, used_size=13363200 bytes (32.6%)
(RDMA_READ_CONSUME_CHECK_CONSUMER) timestamp=366 ms, used_size=13361152 bytes (32.6%)
(RDMA_READ_CONSUME_CHECK_CONSUMER) timestamp=366 ms, used_size=13359104 bytes (32.6%)
(RDMA_READ_CONSUME_CHECK_CONSUMER) timestamp=366 ms, used_size=13357056 bytes (32.6%)
(RDMA_READ_CONSUME_CHECK_CONSUMER) timestamp=366 ms, used_size=13355008 bytes (32.6%)
(RDMA_READ_CONSUME_CHECK_CONSUMER) timestamp=366 ms, used_size=13352960 bytes (32.6%)
(RDMA_READ_CONSUME_CHECK_CONSUMER) timestamp=366 ms, used_size=13350912 bytes (32.6%)
(RDMA_READ_CONSUME_CHECK_CONSUMER) timestamp=366 ms, used_size=13348864 bytes (32.6%)
(RDMA_READ_CONSUME_CHECK_CONSUMER) timestamp=366 ms, used_size=13346816 bytes (32.6%)
(RDMA_READ_CONSUME_CHECK_CONSUMER) timestamp=366 ms, used_size=13344768 bytes (32.6%)
(RDMA_READ_CONSUME_CHECK_CONSUMER) timestamp=366 ms, used_size=13342720 bytes (32.6%)
(RDMA_READ_CONSUME_CHECK_CONSUMER) timestamp=366 ms, used_size=13340672 bytes (32.6%)
(RDMA_READ_CONSUME_CHECK_CONSUMER) timestamp=366 ms, used_size=13338624 bytes (32.6%)
(RDMA_READ_CONSUME_CHECK_CONSUMER) timestamp=366 ms, used_size=13336576 bytes (32.6%)
(RDMA_READ_CONSUME_CHECK_CONSUMER) timestamp=366 ms, used_size=13334528 bytes (32.6%)
(RDMA_READ_CONSUME_CHECK_CONSUMER) timestamp=366 ms, used_size=13332480 bytes (32.5%)
(RDMA_READ_CONSUME_CHECK_CONSUMER) timestamp=366 ms, used_size=13330432 bytes (32.5%)
(RDMA_READ_CONSUME_CHECK_CONSUMER) timestamp=366 ms, used_size=13328384 bytes (32.5%)
(RDMA_READ_CONSUME_CHECK_CONSUMER) timestamp=366 ms, used_size=13326336 bytes (32.5%)
(RDMA_READ_CONSUME_CHECK_CONSUMER) timestamp=366 ms, used_size=13324288 bytes (32.5%)
(RDMA_READ_CONSUME_CHECK_CONSUMER) timestamp=366 ms, used_size=13322240 bytes (32.5%)
(RDMA_READ_CONSUME_CHECK_CONSUMER) timestamp=366 ms, used_size=13320192 bytes (32.5%)
(RDMA_READ_CONSUME_CHECK_CONSUMER) timestamp=366 ms, used_size=13318144 bytes (32.5%)
(RDMA_READ_CONSUME_CHECK_CONSUMER) timestamp=366 ms, used_size=13316096 bytes (32.5%)
(RDMA_READ_CONSUME_CHECK_CONSUMER) timestamp=366 ms, used_size=13314048 bytes (32.5%)
(RDMA_READ_CONSUME_CHECK_CONSUMER) timestamp=366 ms, used_size=13312000 bytes (32.5%)
(RDMA_READ_CONSUME_CHECK_CONSUMER) timestamp=366 ms, used_size=13309952 bytes (32.5%)
(RDMA_READ_CONSUME_CHECK_CONSUMER) timestamp=366 ms, used_size=13307904 bytes (32.5%)
(RDMA_READ_CONSUME_CHECK_CONSUMER) timestamp=366 ms, used_size=13305856 bytes (32.5%)
(RDMA_READ_CONSUME_CHECK_CONSUMER) timestamp=366 ms, used_size=13303808 bytes (32.5%)
(RDMA_READ_CONSUME_CHECK_CONSUMER) timestamp=366 ms, used_size=13301760 bytes (32.5%)
(RDMA_READ_CONSUME_CHECK_CONSUMER) timestamp=366 ms, used_size=13299712 bytes (32.5%)
(RDMA_READ_CONSUME_CHECK_CONSUMER) timestamp=366 ms, used_size=13297664 bytes (32.5%)
(RDMA_READ_CONSUME_CHECK_CONSUMER) timestamp=366 ms, used_size=13295616 bytes (32.5%)
(RDMA_READ_CONSUME_CHECK_CONSUMER) timestamp=366 ms, used_size=13293568 bytes (32.5%)
(RDMA_READ_CONSUME_CHECK_CONSUMER) timestamp=366 ms, used_size=13291520 bytes (32.5%)
(RDMA_READ_CONSUME_CHECK_CONSUMER) timestamp=366 ms, used_size=13289472 bytes (32.4%)
(RDMA_READ_CONSUME_CHECK_CONSUMER) timestamp=366 ms, used_size=13287424 bytes (32.4%)
(RDMA_READ_CONSUME_CHECK_CONSUMER) timestamp=366 ms, used_size=13285376 bytes (32.4%)
(RDMA_READ_CONSUME_CHECK_CONSUMER) timestamp=366 ms, used_size=13283328 bytes (32.4%)
(RDMA_READ_CONSUME_CHECK_CONSUMER) timestamp=366 ms, used_size=13281280 bytes (32.4%)
(RDMA_READ_CONSUME_CHECK_CONSUMER) timestamp=366 ms, used_size=13279232 bytes (32.4%)
(RDMA_READ_CONSUME_CHECK_CONSUMER) timestamp=366 ms, used_size=13277184 bytes (32.4%)
(RDMA_READ_CONSUME_CHECK_CONSUMER) timestamp=366 ms, used_size=13275136 bytes (32.4%)
(RDMA_READ_CONSUME_CHECK_CONSUMER) timestamp=366 ms, used_size=13273088 bytes (32.4%)
(RDMA_READ_CONSUME_CHECK_CONSUMER) timestamp=366 ms, used_size=13271040 bytes (32.4%)
(RDMA_READ_CONSUME_CHECK_CONSUMER) timestamp=366 ms, used_size=13268992 bytes (32.4%)
(RDMA_READ_CONSUME_CHECK_CONSUMER) timestamp=366 ms, used_size=13266944 bytes (32.4%)
(RDMA_READ_CONSUME_CHECK_CONSUMER) timestamp=366 ms, used_size=13264896 bytes (32.4%)
(RDMA_READ_CONSUME_CHECK_CONSUMER) timestamp=366 ms, used_size=13262848 bytes (32.4%)
(RDMA_READ_CONSUME_CHECK_CONSUMER) timestamp=366 ms, used_size=13260800 bytes (32.4%)
(RDMA_READ_CONSUME_CHECK_CONSUMER) timestamp=366 ms, used_size=13258752 bytes (32.4%)
(RDMA_READ_CONSUME_CHECK_CONSUMER) timestamp=366 ms, used_size=13256704 bytes (32.4%)
(RDMA_READ_CONSUME_CHECK_CONSUMER) timestamp=366 ms, used_size=13254656 bytes (32.4%)
(RDMA_READ_CONSUME_CHECK_CONSUMER) timestamp=366 ms, used_size=13252608 bytes (32.4%)
(RDMA_READ_CONSUME_CHECK_CONSUMER) timestamp=366 ms, used_size=13250560 bytes (32.4%)
(RDMA_READ_CONSUME_CHECK_CONSUMER) timestamp=366 ms, used_size=13248512 bytes (32.3%)
(RDMA_READ_CONSUME_CHECK_CONSUMER) timestamp=366 ms, used_size=13246464 bytes (32.3%)
(RDMA_READ_CONSUME_CHECK_CONSUMER) timestamp=366 ms, used_size=13244416 bytes (32.3%)
(RDMA_READ_CONSUME_CHECK_CONSUMER) timestamp=366 ms, used_size=13242368 bytes (32.3%)
(RDMA_READ_CONSUME_CHECK_CONSUMER) timestamp=366 ms, used_size=13240320 bytes (32.3%)
(RDMA_READ_CONSUME_CHECK_CONSUMER) timestamp=366 ms, used_size=13238272 bytes (32.3%)
(RDMA_READ_CONSUME_CHECK_CONSUMER) timestamp=366 ms, used_size=13236224 bytes (32.3%)
(RDMA_READ_CONSUME_CHECK_CONSUMER) timestamp=366 ms, used_size=13234176 bytes (32.3%)
(RDMA_READ_CONSUME_CHECK_CONSUMER) timestamp=366 ms, used_size=13232128 bytes (32.3%)
(RDMA_READ_CONSUME_CHECK_CONSUMER) timestamp=366 ms, used_size=13230080 bytes (32.3%)
(RDMA_READ_CONSUME_CHECK_CONSUMER) timestamp=366 ms, used_size=13228032 bytes (32.3%)
(RDMA_READ_CONSUME_CHECK_CONSUMER) timestamp=366 ms, used_size=13225984 bytes (32.3%)
(RDMA_READ_CONSUME_CHECK_CONSUMER) timestamp=366 ms, used_size=13223936 bytes (32.3%)
(RDMA_READ_CONSUME_CHECK_CONSUMER) timestamp=366 ms, used_size=13221888 bytes (32.3%)
(RDMA_READ_CONSUME_CHECK_CONSUMER) timestamp=366 ms, used_size=13219840 bytes (32.3%)
(RDMA_READ_CONSUME_CHECK_CONSUMER) timestamp=366 ms, used_size=13217792 bytes (32.3%)
(RDMA_READ_CONSUME_CHECK_CONSUMER) timestamp=366 ms, used_size=13215744 bytes (32.3%)
(RDMA_READ_CONSUME_CHECK_CONSUMER) timestamp=366 ms, used_size=13213696 bytes (32.3%)
(RDMA_READ_CONSUME_CHECK_CONSUMER) timestamp=366 ms, used_size=13211648 bytes (32.3%)
(RDMA_READ_CONSUME_CHECK_CONSUMER) timestamp=366 ms, used_size=13209600 bytes (32.2%)
(RDMA_READ_CONSUME_CHECK_CONSUMER) timestamp=366 ms, used_size=13207552 bytes (32.2%)
(RDMA_READ_CONSUME_CHECK_CONSUMER) timestamp=366 ms, used_size=13205504 bytes (32.2%)
(RDMA_READ_CONSUME_CHECK_CONSUMER) timestamp=366 ms, used_size=13203456 bytes (32.2%)
(RDMA_READ_CONSUME_CHECK_CONSUMER) timestamp=366 ms, used_size=13201408 bytes (32.2%)
(RDMA_READ_CONSUME_CHECK_CONSUMER) timestamp=366 ms, used_size=13199360 bytes (32.2%)
(RDMA_READ_CONSUME_CHECK_CONSUMER) timestamp=366 ms, used_size=13197312 bytes (32.2%)
(RDMA_READ_CONSUME_CHECK_CONSUMER) timestamp=366 ms, used_size=13195264 bytes (32.2%)
(RDMA_READ_CONSUME_CHECK_CONSUMER) timestamp=366 ms, used_size=13193216 bytes (32.2%)
(RDMA_READ_CONSUME_CHECK_CONSUMER) timestamp=366 ms, used_size=13191168 bytes (32.2%)
(RDMA_READ_CONSUME_CHECK_CONSUMER) timestamp=366 ms, used_size=13189120 bytes (32.2%)
(RDMA_READ_CONSUME_CHECK_CONSUMER) timestamp=366 ms, used_size=13187072 bytes (32.2%)
(RDMA_READ_CONSUME_CHECK_CONSUMER) timestamp=366 ms, used_size=13185024 bytes (32.2%)
(RDMA_READ_CONSUME_CHECK_CONSUMER) timestamp=366 ms, used_size=13182976 bytes (32.2%)
(RDMA_READ_CONSUME_CHECK_CONSUMER) timestamp=366 ms, used_size=13180928 bytes (32.2%)
(RDMA_READ_CONSUME_CHECK_CONSUMER) timestamp=366 ms, used_size=13178880 bytes (32.2%)
(RDMA_READ_CONSUME_CHECK_CONSUMER) timestamp=366 ms, used_size=13176832 bytes (32.2%)
(RDMA_READ_CONSUME_CHECK_CONSUMER) timestamp=366 ms, used_size=13174784 bytes (32.2%)
(RDMA_READ_CONSUME_CHECK_CONSUMER) timestamp=366 ms, used_size=13172736 bytes (32.2%)
(RDMA_READ_CONSUME_CHECK_CONSUMER) timestamp=366 ms, used_size=13170688 bytes (32.2%)
(RDMA_READ_CONSUME_CHECK_CONSUMER) timestamp=366 ms, used_size=13168640 bytes (32.1%)
(RDMA_READ_CONSUME_CHECK_CONSUMER) timestamp=366 ms, used_size=13166592 bytes (32.1%)
(RDMA_READ_CONSUME_CHECK_CONSUMER) timestamp=366 ms, used_size=13164544 bytes (32.1%)
(RDMA_READ_CONSUME_CHECK_CONSUMER) timestamp=366 ms, used_size=13162496 bytes (32.1%)
(RDMA_READ_CONSUME_CHECK_CONSUMER) timestamp=366 ms, used_size=13160448 bytes (32.1%)
(RDMA_READ_CONSUME_CHECK_CONSUMER) timestamp=366 ms, used_size=13158400 bytes (32.1%)
(RDMA_READ_CONSUME_CHECK_CONSUMER) timestamp=366 ms, used_size=13156352 bytes (32.1%)
(RDMA_READ_CONSUME_CHECK_CONSUMER) timestamp=366 ms, used_size=13154304 bytes (32.1%)
(RDMA_READ_CONSUME_CHECK_CONSUMER) timestamp=366 ms, used_size=13152256 bytes (32.1%)
(RDMA_READ_CONSUME_CHECK_CONSUMER) timestamp=366 ms, used_size=13150208 bytes (32.1%)
(RDMA_READ_CONSUME_CHECK_CONSUMER) timestamp=367 ms, used_size=13148160 bytes (32.1%)
(RDMA_READ_CONSUME_CHECK_CONSUMER) timestamp=367 ms, used_size=13146112 bytes (32.1%)
(RDMA_READ_CONSUME_CHECK_CONSUMER) timestamp=367 ms, used_size=13144064 bytes (32.1%)
(RDMA_READ_CONSUME_CHECK_CONSUMER) timestamp=367 ms, used_size=13142016 bytes (32.1%)
(RDMA_READ_CONSUME_CHECK_CONSUMER) timestamp=367 ms, used_size=13139968 bytes (32.1%)
(RDMA_READ_CONSUME_CHECK_CONSUMER) timestamp=367 ms, used_size=13137920 bytes (32.1%)
(RDMA_READ_CONSUME_CHECK_CONSUMER) timestamp=367 ms, used_size=13135872 bytes (32.1%)
(RDMA_READ_CONSUME_CHECK_CONSUMER) timestamp=367 ms, used_size=13133824 bytes (32.1%)
(RDMA_READ_CONSUME_CHECK_CONSUMER) timestamp=367 ms, used_size=13131776 bytes (32.1%)
(RDMA_READ_CONSUME_CHECK_CONSUMER) timestamp=367 ms, used_size=13129728 bytes (32.1%)
(RDMA_READ_CONSUME_CHECK_CONSUMER) timestamp=367 ms, used_size=13127680 bytes (32.0%)
(RDMA_READ_CONSUME_CHECK_CONSUMER) timestamp=367 ms, used_size=13125632 bytes (32.0%)
(RDMA_READ_CONSUME_CHECK_CONSUMER) timestamp=367 ms, used_size=13123584 bytes (32.0%)
(RDMA_READ_CONSUME_CHECK_CONSUMER) timestamp=367 ms, used_size=13121536 bytes (32.0%)
(RDMA_READ_CONSUME_CHECK_CONSUMER) timestamp=367 ms, used_size=13119488 bytes (32.0%)
(RDMA_READ_CONSUME_CHECK_CONSUMER) timestamp=367 ms, used_size=13117440 bytes (32.0%)
(RDMA_READ_CONSUME_CHECK_CONSUMER) timestamp=367 ms, used_size=13115392 bytes (32.0%)
(RDMA_READ_CONSUME_CHECK_CONSUMER) timestamp=367 ms, used_size=13113344 bytes (32.0%)
(RDMA_READ_CONSUME_CHECK_CONSUMER) timestamp=367 ms, used_size=13111296 bytes (32.0%)
(RDMA_READ_CONSUME_CHECK_CONSUMER) timestamp=367 ms, used_size=13109248 bytes (32.0%)
(RDMA_READ_CONSUME_CHECK_CONSUMER) timestamp=367 ms, used_size=13107200 bytes (32.0%)
(RDMA_READ_CONSUME_CHECK_CONSUMER) timestamp=367 ms, used_size=13105152 bytes (32.0%)
(RDMA_READ_CONSUME_CHECK_CONSUMER) timestamp=367 ms, used_size=13103104 bytes (32.0%)
(RDMA_READ_CONSUME_CHECK_CONSUMER) timestamp=367 ms, used_size=13101056 bytes (32.0%)
(RDMA_READ_CONSUME_CHECK_CONSUMER) timestamp=367 ms, used_size=13099008 bytes (32.0%)
(RDMA_READ_CONSUME_CHECK_CONSUMER) timestamp=367 ms, used_size=13096960 bytes (32.0%)
(RDMA_READ_CONSUME_CHECK_CONSUMER) timestamp=367 ms, used_size=13094912 bytes (32.0%)
(RDMA_READ_CONSUME_CHECK_CONSUMER) timestamp=367 ms, used_size=13092864 bytes (32.0%)
(RDMA_READ_CONSUME_CHECK_CONSUMER) timestamp=367 ms, used_size=13090816 bytes (32.0%)
(RDMA_READ_CONSUME_CHECK_CONSUMER) timestamp=367 ms, used_size=13088768 bytes (32.0%)
(RDMA_READ_CONSUME_CHECK_CONSUMER) timestamp=367 ms, used_size=13086720 bytes (31.9%)
(RDMA_READ_CONSUME_CHECK_CONSUMER) timestamp=367 ms, used_size=13084672 bytes (31.9%)
(RDMA_READ_CONSUME_CHECK_CONSUMER) timestamp=367 ms, used_size=13082624 bytes (31.9%)
(RDMA_READ_CONSUME_CHECK_CONSUMER) timestamp=367 ms, used_size=13080576 bytes (31.9%)
(RDMA_READ_CONSUME_CHECK_CONSUMER) timestamp=367 ms, used_size=13078528 bytes (31.9%)
(RDMA_READ_CONSUME_CHECK_CONSUMER) timestamp=367 ms, used_size=13076480 bytes (31.9%)
(RDMA_READ_CONSUME_CHECK_CONSUMER) timestamp=367 ms, used_size=13074432 bytes (31.9%)
(RDMA_READ_CONSUME_CHECK_CONSUMER) timestamp=367 ms, used_size=13072384 bytes (31.9%)
(RDMA_READ_CONSUME_CHECK_CONSUMER) timestamp=367 ms, used_size=13070336 bytes (31.9%)
(RDMA_READ_CONSUME_CHECK_CONSUMER) timestamp=367 ms, used_size=13068288 bytes (31.9%)
(RDMA_READ_CONSUME_CHECK_CONSUMER) timestamp=367 ms, used_size=13066240 bytes (31.9%)
(RDMA_READ_CONSUME_CHECK_CONSUMER) timestamp=367 ms, used_size=13064192 bytes (31.9%)
(RDMA_READ_CONSUME_CHECK_CONSUMER) timestamp=367 ms, used_size=13062144 bytes (31.9%)
(RDMA_READ_CONSUME_CHECK_CONSUMER) timestamp=367 ms, used_size=13060096 bytes (31.9%)
(RDMA_READ_CONSUME_CHECK_CONSUMER) timestamp=367 ms, used_size=13058048 bytes (31.9%)
(RDMA_READ_CONSUME_CHECK_CONSUMER) timestamp=367 ms, used_size=13056000 bytes (31.9%)
(RDMA_READ_CONSUME_CHECK_CONSUMER) timestamp=367 ms, used_size=13053952 bytes (31.9%)
(RDMA_READ_CONSUME_CHECK_CONSUMER) timestamp=367 ms, used_size=13051904 bytes (31.9%)
(RDMA_READ_CONSUME_CHECK_CONSUMER) timestamp=367 ms, used_size=13049856 bytes (31.9%)
(RDMA_READ_CONSUME_CHECK_CONSUMER) timestamp=367 ms, used_size=13047808 bytes (31.9%)
(RDMA_READ_CONSUME_CHECK_CONSUMER) timestamp=367 ms, used_size=13045760 bytes (31.9%)
(RDMA_READ_CONSUME_CHECK_CONSUMER) timestamp=367 ms, used_size=13043712 bytes (31.8%)
(RDMA_READ_CONSUME_CHECK_CONSUMER) timestamp=367 ms, used_size=13041664 bytes (31.8%)
(RDMA_READ_CONSUME_CHECK_CONSUMER) timestamp=367 ms, used_size=13039616 bytes (31.8%)
(RDMA_READ_CONSUME_CHECK_CONSUMER) timestamp=367 ms, used_size=13037568 bytes (31.8%)
(RDMA_READ_CONSUME_CHECK_CONSUMER) timestamp=367 ms, used_size=13035520 bytes (31.8%)
(RDMA_READ_CONSUME_CHECK_CONSUMER) timestamp=367 ms, used_size=13033472 bytes (31.8%)
(RDMA_READ_CONSUME_CHECK_CONSUMER) timestamp=367 ms, used_size=13031424 bytes (31.8%)
(RDMA_READ_CONSUME_CHECK_CONSUMER) timestamp=367 ms, used_size=13029376 bytes (31.8%)
(RDMA_READ_CONSUME_CHECK_CONSUMER) timestamp=367 ms, used_size=13027328 bytes (31.8%)
(RDMA_READ_CONSUME_CHECK_CONSUMER) timestamp=367 ms, used_size=13025280 bytes (31.8%)
(RDMA_READ_CONSUME_CHECK_CONSUMER) timestamp=367 ms, used_size=13023232 bytes (31.8%)
(RDMA_READ_CONSUME_CHECK_CONSUMER) timestamp=367 ms, used_size=13021184 bytes (31.8%)
(RDMA_READ_CONSUME_CHECK_CONSUMER) timestamp=367 ms, used_size=13019136 bytes (31.8%)
(RDMA_READ_CONSUME_CHECK_CONSUMER) timestamp=367 ms, used_size=13017088 bytes (31.8%)
(RDMA_READ_CONSUME_CHECK_CONSUMER) timestamp=367 ms, used_size=13015040 bytes (31.8%)
(RDMA_READ_CONSUME_CHECK_CONSUMER) timestamp=367 ms, used_size=13012992 bytes (31.8%)
(RDMA_READ_CONSUME_CHECK_CONSUMER) timestamp=367 ms, used_size=13010944 bytes (31.8%)
(RDMA_READ_CONSUME_CHECK_CONSUMER) timestamp=367 ms, used_size=13008896 bytes (31.8%)
(RDMA_READ_CONSUME_CHECK_CONSUMER) timestamp=367 ms, used_size=13006848 bytes (31.8%)
(RDMA_READ_CONSUME_CHECK_CONSUMER) timestamp=367 ms, used_size=13004800 bytes (31.8%)
(RDMA_READ_CONSUME_CHECK_CONSUMER) timestamp=367 ms, used_size=13002752 bytes (31.7%)
(RDMA_READ_CONSUME_CHECK_CONSUMER) timestamp=367 ms, used_size=13000704 bytes (31.7%)
(RDMA_READ_CONSUME_CHECK_CONSUMER) timestamp=367 ms, used_size=12998656 bytes (31.7%)
(RDMA_READ_CONSUME_CHECK_CONSUMER) timestamp=367 ms, used_size=12996608 bytes (31.7%)
(RDMA_READ_CONSUME_CHECK_CONSUMER) timestamp=367 ms, used_size=12994560 bytes (31.7%)
(RDMA_READ_CONSUME_CHECK_CONSUMER) timestamp=367 ms, used_size=12992512 bytes (31.7%)
(RDMA_READ_CONSUME_CHECK_CONSUMER) timestamp=367 ms, used_size=12990464 bytes (31.7%)
(RDMA_READ_CONSUME_CHECK_CONSUMER) timestamp=367 ms, used_size=12988416 bytes (31.7%)
(RDMA_READ_CONSUME_CHECK_CONSUMER) timestamp=367 ms, used_size=12986368 bytes (31.7%)
(RDMA_READ_CONSUME_CHECK_CONSUMER) timestamp=367 ms, used_size=12984320 bytes (31.7%)
(RDMA_READ_CONSUME_CHECK_CONSUMER) timestamp=367 ms, used_size=12982272 bytes (31.7%)
(RDMA_READ_CONSUME_CHECK_CONSUMER) timestamp=367 ms, used_size=12980224 bytes (31.7%)
(RDMA_READ_CONSUME_CHECK_CONSUMER) timestamp=367 ms, used_size=12978176 bytes (31.7%)
(RDMA_READ_CONSUME_CHECK_CONSUMER) timestamp=367 ms, used_size=12976128 bytes (31.7%)
(RDMA_READ_CONSUME_CHECK_CONSUMER) timestamp=367 ms, used_size=12974080 bytes (31.7%)
(RDMA_READ_CONSUME_CHECK_CONSUMER) timestamp=367 ms, used_size=12972032 bytes (31.7%)
(RDMA_READ_CONSUME_CHECK_CONSUMER) timestamp=367 ms, used_size=12969984 bytes (31.7%)
(RDMA_READ_CONSUME_CHECK_CONSUMER) timestamp=367 ms, used_size=12967936 bytes (31.7%)
(RDMA_READ_CONSUME_CHECK_CONSUMER) timestamp=367 ms, used_size=12965888 bytes (31.7%)
(RDMA_READ_CONSUME_CHECK_CONSUMER) timestamp=367 ms, used_size=12963840 bytes (31.6%)
(RDMA_READ_CONSUME_CHECK_CONSUMER) timestamp=367 ms, used_size=12961792 bytes (31.6%)
(RDMA_READ_CONSUME_CHECK_CONSUMER) timestamp=367 ms, used_size=12959744 bytes (31.6%)
(RDMA_READ_CONSUME_CHECK_CONSUMER) timestamp=367 ms, used_size=12957696 bytes (31.6%)
(RDMA_READ_CONSUME_CHECK_CONSUMER) timestamp=367 ms, used_size=12955648 bytes (31.6%)
(RDMA_READ_CONSUME_CHECK_CONSUMER) timestamp=367 ms, used_size=12953600 bytes (31.6%)
(RDMA_READ_CONSUME_CHECK_CONSUMER) timestamp=367 ms, used_size=12951552 bytes (31.6%)
(RDMA_READ_CONSUME_CHECK_CONSUMER) timestamp=367 ms, used_size=12949504 bytes (31.6%)
(RDMA_READ_CONSUME_CHECK_CONSUMER) timestamp=367 ms, used_size=12947456 bytes (31.6%)
(RDMA_READ_CONSUME_CHECK_CONSUMER) timestamp=367 ms, used_size=12945408 bytes (31.6%)
(RDMA_READ_CONSUME_CHECK_CONSUMER) timestamp=367 ms, used_size=12943360 bytes (31.6%)
(RDMA_READ_CONSUME_CHECK_CONSUMER) timestamp=367 ms, used_size=12941312 bytes (31.6%)
(RDMA_READ_CONSUME_CHECK_CONSUMER) timestamp=367 ms, used_size=12939264 bytes (31.6%)
(RDMA_READ_CONSUME_CHECK_CONSUMER) timestamp=367 ms, used_size=12937216 bytes (31.6%)
(RDMA_READ_CONSUME_CHECK_CONSUMER) timestamp=367 ms, used_size=12935168 bytes (31.6%)
(RDMA_READ_CONSUME_CHECK_CONSUMER) timestamp=367 ms, used_size=12933120 bytes (31.6%)
(RDMA_READ_CONSUME_CHECK_CONSUMER) timestamp=367 ms, used_size=12931072 bytes (31.6%)
(RDMA_READ_CONSUME_CHECK_CONSUMER) timestamp=367 ms, used_size=12929024 bytes (31.6%)
(RDMA_READ_CONSUME_CHECK_CONSUMER) timestamp=367 ms, used_size=12926976 bytes (31.6%)
(RDMA_READ_CONSUME_CHECK_CONSUMER) timestamp=367 ms, used_size=12924928 bytes (31.6%)
(RDMA_READ_CONSUME_CHECK_CONSUMER) timestamp=367 ms, used_size=12922880 bytes (31.6%)
(RDMA_READ_CONSUME_CHECK_CONSUMER) timestamp=367 ms, used_size=12920832 bytes (31.5%)
(RDMA_READ_CONSUME_CHECK_CONSUMER) timestamp=367 ms, used_size=12918784 bytes (31.5%)
(RDMA_READ_CONSUME_CHECK_CONSUMER) timestamp=367 ms, used_size=12916736 bytes (31.5%)
(RDMA_READ_CONSUME_CHECK_CONSUMER) timestamp=367 ms, used_size=12914688 bytes (31.5%)
(RDMA_READ_CONSUME_CHECK_CONSUMER) timestamp=367 ms, used_size=12912640 bytes (31.5%)
(RDMA_READ_CONSUME_CHECK_CONSUMER) timestamp=367 ms, used_size=12910592 bytes (31.5%)
(RDMA_READ_CONSUME_CHECK_CONSUMER) timestamp=367 ms, used_size=12908544 bytes (31.5%)
(RDMA_READ_CONSUME_CHECK_CONSUMER) timestamp=367 ms, used_size=12906496 bytes (31.5%)
(RDMA_READ_CONSUME_CHECK_CONSUMER) timestamp=367 ms, used_size=12904448 bytes (31.5%)
(RDMA_READ_CONSUME_CHECK_CONSUMER) timestamp=367 ms, used_size=12902400 bytes (31.5%)
(RDMA_READ_CONSUME_CHECK_CONSUMER) timestamp=367 ms, used_size=12900352 bytes (31.5%)
(RDMA_READ_CONSUME_CHECK_CONSUMER) timestamp=367 ms, used_size=12898304 bytes (31.5%)
(RDMA_READ_CONSUME_CHECK_CONSUMER) timestamp=367 ms, used_size=12896256 bytes (31.5%)
(RDMA_READ_CONSUME_CHECK_CONSUMER) timestamp=367 ms, used_size=12894208 bytes (31.5%)
(RDMA_READ_CONSUME_CHECK_CONSUMER) timestamp=367 ms, used_size=12892160 bytes (31.5%)
(RDMA_READ_CONSUME_CHECK_CONSUMER) timestamp=367 ms, used_size=12890112 bytes (31.5%)
(RDMA_READ_CONSUME_CHECK_CONSUMER) timestamp=367 ms, used_size=12888064 bytes (31.5%)
(RDMA_READ_CONSUME_CHECK_CONSUMER) timestamp=367 ms, used_size=12886016 bytes (31.5%)
(RDMA_READ_CONSUME_CHECK_CONSUMER) timestamp=367 ms, used_size=12883968 bytes (31.5%)
(RDMA_READ_CONSUME_CHECK_CONSUMER) timestamp=367 ms, used_size=12881920 bytes (31.4%)
(RDMA_READ_CONSUME_CHECK_CONSUMER) timestamp=367 ms, used_size=12879872 bytes (31.4%)
(RDMA_READ_CONSUME_CHECK_CONSUMER) timestamp=367 ms, used_size=12877824 bytes (31.4%)
(RDMA_READ_CONSUME_CHECK_CONSUMER) timestamp=367 ms, used_size=12875776 bytes (31.4%)
(RDMA_READ_CONSUME_CHECK_CONSUMER) timestamp=367 ms, used_size=12873728 bytes (31.4%)
(RDMA_READ_CONSUME_CHECK_CONSUMER) timestamp=367 ms, used_size=12871680 bytes (31.4%)
(RDMA_READ_CONSUME_CHECK_CONSUMER) timestamp=367 ms, used_size=12869632 bytes (31.4%)
(RDMA_READ_CONSUME_CHECK_CONSUMER) timestamp=367 ms, used_size=12867584 bytes (31.4%)
(RDMA_READ_CONSUME_CHECK_CONSUMER) timestamp=367 ms, used_size=12865536 bytes (31.4%)
(RDMA_READ_CONSUME_CHECK_CONSUMER) timestamp=367 ms, used_size=12863488 bytes (31.4%)
(RDMA_READ_CONSUME_CHECK_CONSUMER) timestamp=367 ms, used_size=12861440 bytes (31.4%)
(RDMA_READ_CONSUME_CHECK_CONSUMER) timestamp=367 ms, used_size=12859392 bytes (31.4%)
(RDMA_READ_CONSUME_CHECK_CONSUMER) timestamp=367 ms, used_size=12857344 bytes (31.4%)
(RDMA_READ_CONSUME_CHECK_CONSUMER) timestamp=367 ms, used_size=12855296 bytes (31.4%)
(RDMA_READ_CONSUME_CHECK_CONSUMER) timestamp=367 ms, used_size=12853248 bytes (31.4%)
(RDMA_READ_CONSUME_CHECK_CONSUMER) timestamp=367 ms, used_size=12851200 bytes (31.4%)
(RDMA_READ_CONSUME_CHECK_CONSUMER) timestamp=367 ms, used_size=12849152 bytes (31.4%)
(RDMA_READ_CONSUME_CHECK_CONSUMER) timestamp=367 ms, used_size=12847104 bytes (31.4%)
(RDMA_READ_CONSUME_CHECK_CONSUMER) timestamp=367 ms, used_size=12845056 bytes (31.4%)
(RDMA_READ_CONSUME_CHECK_CONSUMER) timestamp=367 ms, used_size=12843008 bytes (31.4%)
(RDMA_READ_CONSUME_CHECK_CONSUMER) timestamp=367 ms, used_size=12840960 bytes (31.4%)
(RDMA_READ_CONSUME_CHECK_CONSUMER) timestamp=367 ms, used_size=12838912 bytes (31.3%)
(RDMA_READ_CONSUME_CHECK_CONSUMER) timestamp=367 ms, used_size=12836864 bytes (31.3%)
(RDMA_READ_CONSUME_CHECK_CONSUMER) timestamp=367 ms, used_size=12834816 bytes (31.3%)
(RDMA_READ_CONSUME_CHECK_CONSUMER) timestamp=367 ms, used_size=12832768 bytes (31.3%)
(RDMA_READ_CONSUME_CHECK_CONSUMER) timestamp=367 ms, used_size=12830720 bytes (31.3%)
(RDMA_READ_CONSUME_CHECK_CONSUMER) timestamp=367 ms, used_size=12828672 bytes (31.3%)
(RDMA_READ_CONSUME_CHECK_CONSUMER) timestamp=367 ms, used_size=12826624 bytes (31.3%)
(RDMA_READ_CONSUME_CHECK_CONSUMER) timestamp=367 ms, used_size=12824576 bytes (31.3%)
(RDMA_READ_CONSUME_CHECK_CONSUMER) timestamp=367 ms, used_size=12822528 bytes (31.3%)
(RDMA_READ_CONSUME_CHECK_CONSUMER) timestamp=367 ms, used_size=12820480 bytes (31.3%)
(RDMA_READ_CONSUME_CHECK_CONSUMER) timestamp=367 ms, used_size=12818432 bytes (31.3%)
(RDMA_READ_CONSUME_CHECK_CONSUMER) timestamp=367 ms, used_size=12816384 bytes (31.3%)
(RDMA_READ_CONSUME_CHECK_CONSUMER) timestamp=367 ms, used_size=12814336 bytes (31.3%)
(RDMA_READ_CONSUME_CHECK_CONSUMER) timestamp=367 ms, used_size=12812288 bytes (31.3%)
(RDMA_READ_CONSUME_CHECK_CONSUMER) timestamp=367 ms, used_size=12810240 bytes (31.3%)
(RDMA_READ_CONSUME_CHECK_CONSUMER) timestamp=367 ms, used_size=12808192 bytes (31.3%)
(RDMA_READ_CONSUME_CHECK_CONSUMER) timestamp=367 ms, used_size=12806144 bytes (31.3%)
(RDMA_READ_CONSUME_CHECK_CONSUMER) timestamp=367 ms, used_size=12804096 bytes (31.3%)
(RDMA_READ_CONSUME_CHECK_CONSUMER) timestamp=367 ms, used_size=12802048 bytes (31.3%)
(RDMA_READ_CONSUME_CHECK_CONSUMER) timestamp=367 ms, used_size=12800000 bytes (31.2%)
(RDMA_READ_CONSUME_CHECK_CONSUMER) timestamp=367 ms, used_size=12797952 bytes (31.2%)
(RDMA_READ_CONSUME_CHECK_CONSUMER) timestamp=367 ms, used_size=12795904 bytes (31.2%)
(RDMA_READ_CONSUME_CHECK_CONSUMER) timestamp=367 ms, used_size=12793856 bytes (31.2%)
(RDMA_READ_CONSUME_CHECK_CONSUMER) timestamp=367 ms, used_size=12791808 bytes (31.2%)
(RDMA_READ_CONSUME_CHECK_CONSUMER) timestamp=367 ms, used_size=12789760 bytes (31.2%)
(RDMA_READ_CONSUME_CHECK_CONSUMER) timestamp=367 ms, used_size=12787712 bytes (31.2%)
(RDMA_READ_CONSUME_CHECK_CONSUMER) timestamp=367 ms, used_size=12785664 bytes (31.2%)
(RDMA_READ_CONSUME_CHECK_CONSUMER) timestamp=367 ms, used_size=12783616 bytes (31.2%)
(RDMA_READ_CONSUME_CHECK_CONSUMER) timestamp=367 ms, used_size=12781568 bytes (31.2%)
(RDMA_READ_CONSUME_CHECK_CONSUMER) timestamp=367 ms, used_size=12779520 bytes (31.2%)
(RDMA_READ_CONSUME_CHECK_CONSUMER) timestamp=368 ms, used_size=12777472 bytes (31.2%)
(RDMA_READ_CONSUME_CHECK_CONSUMER) timestamp=368 ms, used_size=12775424 bytes (31.2%)
(RDMA_READ_CONSUME_CHECK_CONSUMER) timestamp=368 ms, used_size=12773376 bytes (31.2%)
(RDMA_READ_CONSUME_CHECK_CONSUMER) timestamp=368 ms, used_size=12771328 bytes (31.2%)
(RDMA_READ_CONSUME_CHECK_CONSUMER) timestamp=368 ms, used_size=12769280 bytes (31.2%)
(RDMA_READ_CONSUME_CHECK_CONSUMER) timestamp=368 ms, used_size=12767232 bytes (31.2%)
(RDMA_READ_CONSUME_CHECK_CONSUMER) timestamp=368 ms, used_size=12765184 bytes (31.2%)
(RDMA_READ_CONSUME_CHECK_CONSUMER) timestamp=368 ms, used_size=12763136 bytes (31.2%)
(RDMA_READ_CONSUME_CHECK_CONSUMER) timestamp=368 ms, used_size=12761088 bytes (31.2%)
(RDMA_READ_CONSUME_CHECK_CONSUMER) timestamp=368 ms, used_size=12759040 bytes (31.1%)
(RDMA_READ_CONSUME_CHECK_CONSUMER) timestamp=368 ms, used_size=12756992 bytes (31.1%)
(RDMA_READ_CONSUME_CHECK_CONSUMER) timestamp=368 ms, used_size=12754944 bytes (31.1%)
(RDMA_READ_CONSUME_CHECK_CONSUMER) timestamp=368 ms, used_size=12752896 bytes (31.1%)
(RDMA_READ_CONSUME_CHECK_CONSUMER) timestamp=368 ms, used_size=12750848 bytes (31.1%)
(RDMA_READ_CONSUME_CHECK_CONSUMER) timestamp=368 ms, used_size=12748800 bytes (31.1%)
(RDMA_READ_CONSUME_CHECK_CONSUMER) timestamp=368 ms, used_size=12746752 bytes (31.1%)
(RDMA_READ_CONSUME_CHECK_CONSUMER) timestamp=368 ms, used_size=12744704 bytes (31.1%)
(RDMA_READ_CONSUME_CHECK_CONSUMER) timestamp=368 ms, used_size=12742656 bytes (31.1%)
(RDMA_READ_CONSUME_CHECK_CONSUMER) timestamp=368 ms, used_size=12740608 bytes (31.1%)
(RDMA_READ_CONSUME_CHECK_CONSUMER) timestamp=368 ms, used_size=12738560 bytes (31.1%)
(RDMA_READ_CONSUME_CHECK_CONSUMER) timestamp=368 ms, used_size=12736512 bytes (31.1%)
(RDMA_READ_CONSUME_CHECK_CONSUMER) timestamp=368 ms, used_size=12734464 bytes (31.1%)
(RDMA_READ_CONSUME_CHECK_CONSUMER) timestamp=368 ms, used_size=12732416 bytes (31.1%)
(RDMA_READ_CONSUME_CHECK_CONSUMER) timestamp=368 ms, used_size=12730368 bytes (31.1%)
(RDMA_READ_CONSUME_CHECK_CONSUMER) timestamp=368 ms, used_size=12728320 bytes (31.1%)
(RDMA_READ_CONSUME_CHECK_CONSUMER) timestamp=368 ms, used_size=12726272 bytes (31.1%)
(RDMA_READ_CONSUME_CHECK_CONSUMER) timestamp=368 ms, used_size=12724224 bytes (31.1%)
(RDMA_READ_CONSUME_CHECK_CONSUMER) timestamp=368 ms, used_size=12722176 bytes (31.1%)
(RDMA_READ_CONSUME_CHECK_CONSUMER) timestamp=368 ms, used_size=12720128 bytes (31.1%)
(RDMA_READ_CONSUME_CHECK_CONSUMER) timestamp=368 ms, used_size=12718080 bytes (31.1%)
(RDMA_READ_CONSUME_CHECK_CONSUMER) timestamp=368 ms, used_size=12716032 bytes (31.0%)
(RDMA_READ_CONSUME_CHECK_CONSUMER) timestamp=368 ms, used_size=12713984 bytes (31.0%)
(RDMA_READ_CONSUME_CHECK_CONSUMER) timestamp=368 ms, used_size=12711936 bytes (31.0%)
(RDMA_READ_CONSUME_CHECK_CONSUMER) timestamp=368 ms, used_size=12709888 bytes (31.0%)
(RDMA_READ_CONSUME_CHECK_CONSUMER) timestamp=368 ms, used_size=12707840 bytes (31.0%)
(RDMA_READ_CONSUME_CHECK_CONSUMER) timestamp=368 ms, used_size=12705792 bytes (31.0%)
(RDMA_READ_CONSUME_CHECK_CONSUMER) timestamp=368 ms, used_size=12703744 bytes (31.0%)
(RDMA_READ_CONSUME_CHECK_CONSUMER) timestamp=368 ms, used_size=12701696 bytes (31.0%)
(RDMA_READ_CONSUME_CHECK_CONSUMER) timestamp=368 ms, used_size=12699648 bytes (31.0%)
(RDMA_READ_CONSUME_CHECK_CONSUMER) timestamp=368 ms, used_size=12697600 bytes (31.0%)
(RDMA_READ_CONSUME_CHECK_CONSUMER) timestamp=368 ms, used_size=12695552 bytes (31.0%)
(RDMA_READ_CONSUME_CHECK_CONSUMER) timestamp=368 ms, used_size=12693504 bytes (31.0%)
(RDMA_READ_CONSUME_CHECK_CONSUMER) timestamp=368 ms, used_size=12691456 bytes (31.0%)
(RDMA_READ_CONSUME_CHECK_CONSUMER) timestamp=368 ms, used_size=12689408 bytes (31.0%)
(RDMA_READ_CONSUME_CHECK_CONSUMER) timestamp=368 ms, used_size=12687360 bytes (31.0%)
(RDMA_READ_CONSUME_CHECK_CONSUMER) timestamp=368 ms, used_size=12685312 bytes (31.0%)
(RDMA_READ_CONSUME_CHECK_CONSUMER) timestamp=368 ms, used_size=12683264 bytes (31.0%)
(RDMA_READ_CONSUME_CHECK_CONSUMER) timestamp=368 ms, used_size=12681216 bytes (31.0%)
(RDMA_READ_CONSUME_CHECK_CONSUMER) timestamp=368 ms, used_size=12679168 bytes (31.0%)
(RDMA_READ_CONSUME_CHECK_CONSUMER) timestamp=368 ms, used_size=12677120 bytes (30.9%)
(RDMA_READ_CONSUME_CHECK_CONSUMER) timestamp=368 ms, used_size=12675072 bytes (30.9%)
(RDMA_READ_CONSUME_CHECK_CONSUMER) timestamp=368 ms, used_size=12673024 bytes (30.9%)
(RDMA_READ_CONSUME_CHECK_CONSUMER) timestamp=368 ms, used_size=12670976 bytes (30.9%)
(RDMA_READ_CONSUME_CHECK_CONSUMER) timestamp=368 ms, used_size=12668928 bytes (30.9%)
(RDMA_READ_CONSUME_CHECK_CONSUMER) timestamp=368 ms, used_size=12666880 bytes (30.9%)
(RDMA_READ_CONSUME_CHECK_CONSUMER) timestamp=368 ms, used_size=12664832 bytes (30.9%)
(RDMA_READ_CONSUME_CHECK_CONSUMER) timestamp=368 ms, used_size=12662784 bytes (30.9%)
(RDMA_READ_CONSUME_CHECK_CONSUMER) timestamp=368 ms, used_size=12660736 bytes (30.9%)
(RDMA_READ_CONSUME_CHECK_CONSUMER) timestamp=368 ms, used_size=12658688 bytes (30.9%)
(RDMA_READ_CONSUME_CHECK_CONSUMER) timestamp=368 ms, used_size=12656640 bytes (30.9%)
(RDMA_READ_CONSUME_CHECK_CONSUMER) timestamp=368 ms, used_size=12654592 bytes (30.9%)
(RDMA_READ_CONSUME_CHECK_CONSUMER) timestamp=368 ms, used_size=12652544 bytes (30.9%)
(RDMA_READ_CONSUME_CHECK_CONSUMER) timestamp=368 ms, used_size=12650496 bytes (30.9%)
(RDMA_READ_CONSUME_CHECK_CONSUMER) timestamp=368 ms, used_size=12648448 bytes (30.9%)
(RDMA_READ_CONSUME_CHECK_CONSUMER) timestamp=368 ms, used_size=12646400 bytes (30.9%)
(RDMA_READ_CONSUME_CHECK_CONSUMER) timestamp=368 ms, used_size=12644352 bytes (30.9%)
(RDMA_READ_CONSUME_CHECK_CONSUMER) timestamp=368 ms, used_size=12642304 bytes (30.9%)
(RDMA_READ_CONSUME_CHECK_CONSUMER) timestamp=368 ms, used_size=12640256 bytes (30.9%)
(RDMA_READ_CONSUME_CHECK_CONSUMER) timestamp=368 ms, used_size=12638208 bytes (30.9%)
(RDMA_READ_CONSUME_CHECK_CONSUMER) timestamp=368 ms, used_size=12636160 bytes (30.9%)
(RDMA_READ_CONSUME_CHECK_CONSUMER) timestamp=368 ms, used_size=12634112 bytes (30.8%)
(RDMA_READ_CONSUME_CHECK_CONSUMER) timestamp=368 ms, used_size=12632064 bytes (30.8%)
(RDMA_READ_CONSUME_CHECK_CONSUMER) timestamp=368 ms, used_size=12630016 bytes (30.8%)
(RDMA_READ_CONSUME_CHECK_CONSUMER) timestamp=368 ms, used_size=12627968 bytes (30.8%)
(RDMA_READ_CONSUME_CHECK_CONSUMER) timestamp=368 ms, used_size=12625920 bytes (30.8%)
(RDMA_READ_CONSUME_CHECK_CONSUMER) timestamp=368 ms, used_size=12623872 bytes (30.8%)
(RDMA_READ_CONSUME_CHECK_CONSUMER) timestamp=368 ms, used_size=12621824 bytes (30.8%)
(RDMA_READ_CONSUME_CHECK_CONSUMER) timestamp=368 ms, used_size=12619776 bytes (30.8%)
(RDMA_READ_CONSUME_CHECK_CONSUMER) timestamp=368 ms, used_size=12617728 bytes (30.8%)
(RDMA_READ_CONSUME_CHECK_CONSUMER) timestamp=368 ms, used_size=12615680 bytes (30.8%)
(RDMA_READ_CONSUME_CHECK_CONSUMER) timestamp=368 ms, used_size=12613632 bytes (30.8%)
(RDMA_READ_CONSUME_CHECK_CONSUMER) timestamp=368 ms, used_size=12611584 bytes (30.8%)
(RDMA_READ_CONSUME_CHECK_CONSUMER) timestamp=368 ms, used_size=12609536 bytes (30.8%)
(RDMA_READ_CONSUME_CHECK_CONSUMER) timestamp=368 ms, used_size=12607488 bytes (30.8%)
(RDMA_READ_CONSUME_CHECK_CONSUMER) timestamp=368 ms, used_size=12605440 bytes (30.8%)
(RDMA_READ_CONSUME_CHECK_CONSUMER) timestamp=368 ms, used_size=12603392 bytes (30.8%)
(RDMA_READ_CONSUME_CHECK_CONSUMER) timestamp=368 ms, used_size=12601344 bytes (30.8%)
(RDMA_READ_CONSUME_CHECK_CONSUMER) timestamp=368 ms, used_size=12599296 bytes (30.8%)
(RDMA_READ_CONSUME_CHECK_CONSUMER) timestamp=368 ms, used_size=12597248 bytes (30.8%)
(RDMA_READ_CONSUME_CHECK_CONSUMER) timestamp=368 ms, used_size=12595200 bytes (30.8%)
(RDMA_READ_CONSUME_CHECK_CONSUMER) timestamp=368 ms, used_size=12593152 bytes (30.7%)
(RDMA_READ_CONSUME_CHECK_CONSUMER) timestamp=368 ms, used_size=12591104 bytes (30.7%)
(RDMA_READ_CONSUME_CHECK_CONSUMER) timestamp=368 ms, used_size=12589056 bytes (30.7%)
(RDMA_READ_CONSUME_CHECK_CONSUMER) timestamp=368 ms, used_size=12587008 bytes (30.7%)
(RDMA_READ_CONSUME_CHECK_CONSUMER) timestamp=368 ms, used_size=12584960 bytes (30.7%)
(RDMA_READ_CONSUME_CHECK_CONSUMER) timestamp=368 ms, used_size=12582912 bytes (30.7%)
(RDMA_READ_CONSUME_CHECK_CONSUMER) timestamp=368 ms, used_size=12580864 bytes (30.7%)
(RDMA_READ_CONSUME_CHECK_CONSUMER) timestamp=368 ms, used_size=12578816 bytes (30.7%)
(RDMA_READ_CONSUME_CHECK_CONSUMER) timestamp=368 ms, used_size=12576768 bytes (30.7%)
(RDMA_READ_CONSUME_CHECK_CONSUMER) timestamp=368 ms, used_size=12574720 bytes (30.7%)
(RDMA_READ_CONSUME_CHECK_CONSUMER) timestamp=368 ms, used_size=12572672 bytes (30.7%)
(RDMA_READ_CONSUME_CHECK_CONSUMER) timestamp=368 ms, used_size=12570624 bytes (30.7%)
(RDMA_READ_CONSUME_CHECK_CONSUMER) timestamp=368 ms, used_size=12568576 bytes (30.7%)
(RDMA_READ_CONSUME_CHECK_CONSUMER) timestamp=368 ms, used_size=12566528 bytes (30.7%)
(RDMA_READ_CONSUME_CHECK_CONSUMER) timestamp=368 ms, used_size=12564480 bytes (30.7%)
(RDMA_READ_CONSUME_CHECK_CONSUMER) timestamp=368 ms, used_size=12562432 bytes (30.7%)
(RDMA_READ_CONSUME_CHECK_CONSUMER) timestamp=368 ms, used_size=12560384 bytes (30.7%)
(RDMA_READ_CONSUME_CHECK_CONSUMER) timestamp=368 ms, used_size=12558336 bytes (30.7%)
(RDMA_READ_CONSUME_CHECK_CONSUMER) timestamp=368 ms, used_size=12556288 bytes (30.7%)
(RDMA_READ_CONSUME_CHECK_CONSUMER) timestamp=368 ms, used_size=12554240 bytes (30.6%)
(RDMA_READ_CONSUME_CHECK_CONSUMER) timestamp=368 ms, used_size=12552192 bytes (30.6%)
(RDMA_READ_CONSUME_CHECK_CONSUMER) timestamp=368 ms, used_size=12550144 bytes (30.6%)
(RDMA_READ_CONSUME_CHECK_CONSUMER) timestamp=368 ms, used_size=12548096 bytes (30.6%)
(RDMA_READ_CONSUME_CHECK_CONSUMER) timestamp=368 ms, used_size=12546048 bytes (30.6%)
(RDMA_READ_CONSUME_CHECK_CONSUMER) timestamp=368 ms, used_size=12544000 bytes (30.6%)
(RDMA_READ_CONSUME_CHECK_CONSUMER) timestamp=368 ms, used_size=12541952 bytes (30.6%)
(RDMA_READ_CONSUME_CHECK_CONSUMER) timestamp=368 ms, used_size=12539904 bytes (30.6%)
(RDMA_READ_CONSUME_CHECK_CONSUMER) timestamp=368 ms, used_size=12537856 bytes (30.6%)
(RDMA_READ_CONSUME_CHECK_CONSUMER) timestamp=368 ms, used_size=12535808 bytes (30.6%)
(RDMA_READ_CONSUME_CHECK_CONSUMER) timestamp=368 ms, used_size=12533760 bytes (30.6%)
(RDMA_READ_CONSUME_CHECK_CONSUMER) timestamp=368 ms, used_size=12531712 bytes (30.6%)
(RDMA_READ_CONSUME_CHECK_CONSUMER) timestamp=368 ms, used_size=12529664 bytes (30.6%)
(RDMA_READ_CONSUME_CHECK_CONSUMER) timestamp=368 ms, used_size=12527616 bytes (30.6%)
(RDMA_READ_CONSUME_CHECK_CONSUMER) timestamp=368 ms, used_size=12525568 bytes (30.6%)
(RDMA_READ_CONSUME_CHECK_CONSUMER) timestamp=368 ms, used_size=12523520 bytes (30.6%)
(RDMA_READ_CONSUME_CHECK_CONSUMER) timestamp=368 ms, used_size=12521472 bytes (30.6%)
(RDMA_READ_CONSUME_CHECK_CONSUMER) timestamp=368 ms, used_size=12519424 bytes (30.6%)
(RDMA_READ_CONSUME_CHECK_CONSUMER) timestamp=368 ms, used_size=12517376 bytes (30.6%)
(RDMA_READ_CONSUME_CHECK_CONSUMER) timestamp=368 ms, used_size=12515328 bytes (30.6%)
(RDMA_READ_CONSUME_CHECK_CONSUMER) timestamp=368 ms, used_size=12513280 bytes (30.6%)
(RDMA_READ_CONSUME_CHECK_CONSUMER) timestamp=368 ms, used_size=12511232 bytes (30.5%)
(RDMA_READ_CONSUME_CHECK_CONSUMER) timestamp=368 ms, used_size=12509184 bytes (30.5%)
(RDMA_READ_CONSUME_CHECK_CONSUMER) timestamp=368 ms, used_size=12507136 bytes (30.5%)
(RDMA_READ_CONSUME_CHECK_CONSUMER) timestamp=368 ms, used_size=12505088 bytes (30.5%)
(RDMA_READ_CONSUME_CHECK_CONSUMER) timestamp=368 ms, used_size=12503040 bytes (30.5%)
(RDMA_READ_CONSUME_CHECK_CONSUMER) timestamp=368 ms, used_size=12500992 bytes (30.5%)
(RDMA_READ_CONSUME_CHECK_CONSUMER) timestamp=368 ms, used_size=12498944 bytes (30.5%)
(RDMA_READ_CONSUME_CHECK_CONSUMER) timestamp=368 ms, used_size=12496896 bytes (30.5%)
(RDMA_READ_CONSUME_CHECK_CONSUMER) timestamp=368 ms, used_size=12494848 bytes (30.5%)
(RDMA_READ_CONSUME_CHECK_CONSUMER) timestamp=368 ms, used_size=12492800 bytes (30.5%)
(RDMA_READ_CONSUME_CHECK_CONSUMER) timestamp=368 ms, used_size=12490752 bytes (30.5%)
(RDMA_READ_CONSUME_CHECK_CONSUMER) timestamp=368 ms, used_size=12488704 bytes (30.5%)
(RDMA_READ_CONSUME_CHECK_CONSUMER) timestamp=368 ms, used_size=12486656 bytes (30.5%)
(RDMA_READ_CONSUME_CHECK_CONSUMER) timestamp=368 ms, used_size=12484608 bytes (30.5%)
(RDMA_READ_CONSUME_CHECK_CONSUMER) timestamp=368 ms, used_size=12482560 bytes (30.5%)
(RDMA_READ_CONSUME_CHECK_CONSUMER) timestamp=368 ms, used_size=12480512 bytes (30.5%)
(RDMA_READ_CONSUME_CHECK_CONSUMER) timestamp=368 ms, used_size=12478464 bytes (30.5%)
(RDMA_READ_CONSUME_CHECK_CONSUMER) timestamp=368 ms, used_size=12476416 bytes (30.5%)
(RDMA_READ_CONSUME_CHECK_CONSUMER) timestamp=368 ms, used_size=12474368 bytes (30.5%)
(RDMA_READ_CONSUME_CHECK_CONSUMER) timestamp=368 ms, used_size=12472320 bytes (30.4%)
(RDMA_READ_CONSUME_CHECK_CONSUMER) timestamp=368 ms, used_size=12470272 bytes (30.4%)
(RDMA_READ_CONSUME_CHECK_CONSUMER) timestamp=368 ms, used_size=12468224 bytes (30.4%)
(RDMA_READ_CONSUME_CHECK_CONSUMER) timestamp=368 ms, used_size=12466176 bytes (30.4%)
(RDMA_READ_CONSUME_CHECK_CONSUMER) timestamp=368 ms, used_size=12464128 bytes (30.4%)
(RDMA_READ_CONSUME_CHECK_CONSUMER) timestamp=368 ms, used_size=12462080 bytes (30.4%)
(RDMA_READ_CONSUME_CHECK_CONSUMER) timestamp=368 ms, used_size=12460032 bytes (30.4%)
(RDMA_READ_CONSUME_CHECK_CONSUMER) timestamp=368 ms, used_size=12457984 bytes (30.4%)
(RDMA_READ_CONSUME_CHECK_CONSUMER) timestamp=368 ms, used_size=12455936 bytes (30.4%)
(RDMA_READ_CONSUME_CHECK_CONSUMER) timestamp=368 ms, used_size=12453888 bytes (30.4%)
(RDMA_READ_CONSUME_CHECK_CONSUMER) timestamp=368 ms, used_size=12451840 bytes (30.4%)
(RDMA_READ_CONSUME_CHECK_CONSUMER) timestamp=368 ms, used_size=12449792 bytes (30.4%)
(RDMA_READ_CONSUME_CHECK_CONSUMER) timestamp=368 ms, used_size=12447744 bytes (30.4%)
(RDMA_READ_CONSUME_CHECK_CONSUMER) timestamp=368 ms, used_size=12445696 bytes (30.4%)
(RDMA_READ_CONSUME_CHECK_CONSUMER) timestamp=368 ms, used_size=12443648 bytes (30.4%)
(RDMA_READ_CONSUME_CHECK_CONSUMER) timestamp=368 ms, used_size=12441600 bytes (30.4%)
(RDMA_READ_CONSUME_CHECK_CONSUMER) timestamp=368 ms, used_size=12439552 bytes (30.4%)
(RDMA_READ_CONSUME_CHECK_CONSUMER) timestamp=368 ms, used_size=12437504 bytes (30.4%)
(RDMA_READ_CONSUME_CHECK_CONSUMER) timestamp=368 ms, used_size=12435456 bytes (30.4%)
(RDMA_READ_CONSUME_CHECK_CONSUMER) timestamp=368 ms, used_size=12433408 bytes (30.4%)
(RDMA_READ_CONSUME_CHECK_CONSUMER) timestamp=368 ms, used_size=12431360 bytes (30.4%)
(RDMA_READ_CONSUME_CHECK_CONSUMER) timestamp=368 ms, used_size=12429312 bytes (30.3%)
(RDMA_READ_CONSUME_CHECK_CONSUMER) timestamp=368 ms, used_size=12427264 bytes (30.3%)
(RDMA_READ_CONSUME_CHECK_CONSUMER) timestamp=368 ms, used_size=12425216 bytes (30.3%)
(RDMA_READ_CONSUME_CHECK_CONSUMER) timestamp=368 ms, used_size=12423168 bytes (30.3%)
(RDMA_READ_CONSUME_CHECK_CONSUMER) timestamp=368 ms, used_size=12421120 bytes (30.3%)
(RDMA_READ_CONSUME_CHECK_CONSUMER) timestamp=368 ms, used_size=12419072 bytes (30.3%)
(RDMA_READ_CONSUME_CHECK_CONSUMER) timestamp=368 ms, used_size=12417024 bytes (30.3%)
(RDMA_READ_CONSUME_CHECK_CONSUMER) timestamp=368 ms, used_size=12414976 bytes (30.3%)
(RDMA_READ_CONSUME_CHECK_CONSUMER) timestamp=368 ms, used_size=12412928 bytes (30.3%)
(RDMA_READ_CONSUME_CHECK_CONSUMER) timestamp=369 ms, used_size=12410880 bytes (30.3%)
(RDMA_READ_CONSUME_CHECK_CONSUMER) timestamp=369 ms, used_size=12408832 bytes (30.3%)
(RDMA_READ_CONSUME_CHECK_CONSUMER) timestamp=369 ms, used_size=12406784 bytes (30.3%)
(RDMA_READ_CONSUME_CHECK_CONSUMER) timestamp=369 ms, used_size=12404736 bytes (30.3%)
(RDMA_READ_CONSUME_CHECK_CONSUMER) timestamp=369 ms, used_size=12402688 bytes (30.3%)
(RDMA_READ_CONSUME_CHECK_CONSUMER) timestamp=369 ms, used_size=12400640 bytes (30.3%)
(RDMA_READ_CONSUME_CHECK_CONSUMER) timestamp=369 ms, used_size=12398592 bytes (30.3%)
(RDMA_READ_CONSUME_CHECK_CONSUMER) timestamp=369 ms, used_size=12396544 bytes (30.3%)
(RDMA_READ_CONSUME_CHECK_CONSUMER) timestamp=369 ms, used_size=12394496 bytes (30.3%)
(RDMA_READ_CONSUME_CHECK_CONSUMER) timestamp=369 ms, used_size=12392448 bytes (30.3%)
(RDMA_READ_CONSUME_CHECK_CONSUMER) timestamp=369 ms, used_size=12390400 bytes (30.2%)
(RDMA_READ_CONSUME_CHECK_CONSUMER) timestamp=369 ms, used_size=12388352 bytes (30.2%)
(RDMA_READ_CONSUME_CHECK_CONSUMER) timestamp=369 ms, used_size=12386304 bytes (30.2%)
(RDMA_READ_CONSUME_CHECK_CONSUMER) timestamp=369 ms, used_size=12384256 bytes (30.2%)
(RDMA_READ_CONSUME_CHECK_CONSUMER) timestamp=369 ms, used_size=12382208 bytes (30.2%)
(RDMA_READ_CONSUME_CHECK_CONSUMER) timestamp=369 ms, used_size=12380160 bytes (30.2%)
(RDMA_READ_CONSUME_CHECK_CONSUMER) timestamp=369 ms, used_size=12378112 bytes (30.2%)
(RDMA_READ_CONSUME_CHECK_CONSUMER) timestamp=369 ms, used_size=12376064 bytes (30.2%)
(RDMA_READ_CONSUME_CHECK_CONSUMER) timestamp=369 ms, used_size=12374016 bytes (30.2%)
(RDMA_READ_CONSUME_CHECK_CONSUMER) timestamp=369 ms, used_size=12371968 bytes (30.2%)
(RDMA_READ_CONSUME_CHECK_CONSUMER) timestamp=369 ms, used_size=12369920 bytes (30.2%)
(RDMA_READ_CONSUME_CHECK_CONSUMER) timestamp=369 ms, used_size=12367872 bytes (30.2%)
(RDMA_READ_CONSUME_CHECK_CONSUMER) timestamp=369 ms, used_size=12365824 bytes (30.2%)
(RDMA_READ_CONSUME_CHECK_CONSUMER) timestamp=369 ms, used_size=12363776 bytes (30.2%)
(RDMA_READ_CONSUME_CHECK_CONSUMER) timestamp=369 ms, used_size=12361728 bytes (30.2%)
(RDMA_READ_CONSUME_CHECK_CONSUMER) timestamp=369 ms, used_size=12359680 bytes (30.2%)
(RDMA_READ_CONSUME_CHECK_CONSUMER) timestamp=369 ms, used_size=12357632 bytes (30.2%)
(RDMA_READ_CONSUME_CHECK_CONSUMER) timestamp=369 ms, used_size=12355584 bytes (30.2%)
(RDMA_READ_CONSUME_CHECK_CONSUMER) timestamp=369 ms, used_size=12353536 bytes (30.2%)
(RDMA_READ_CONSUME_CHECK_CONSUMER) timestamp=369 ms, used_size=12351488 bytes (30.2%)
(RDMA_READ_CONSUME_CHECK_CONSUMER) timestamp=369 ms, used_size=12349440 bytes (30.1%)
(RDMA_READ_CONSUME_CHECK_CONSUMER) timestamp=369 ms, used_size=12347392 bytes (30.1%)
(RDMA_READ_CONSUME_CHECK_CONSUMER) timestamp=369 ms, used_size=12345344 bytes (30.1%)
(RDMA_READ_CONSUME_CHECK_CONSUMER) timestamp=369 ms, used_size=12343296 bytes (30.1%)
(RDMA_READ_CONSUME_CHECK_CONSUMER) timestamp=369 ms, used_size=12341248 bytes (30.1%)
(RDMA_READ_CONSUME_CHECK_CONSUMER) timestamp=369 ms, used_size=12339200 bytes (30.1%)
(RDMA_READ_CONSUME_CHECK_CONSUMER) timestamp=369 ms, used_size=12337152 bytes (30.1%)
(RDMA_READ_CONSUME_CHECK_CONSUMER) timestamp=369 ms, used_size=12335104 bytes (30.1%)
(RDMA_READ_CONSUME_CHECK_CONSUMER) timestamp=369 ms, used_size=12333056 bytes (30.1%)
(RDMA_READ_CONSUME_CHECK_CONSUMER) timestamp=369 ms, used_size=12331008 bytes (30.1%)
(RDMA_READ_CONSUME_CHECK_CONSUMER) timestamp=369 ms, used_size=12328960 bytes (30.1%)
(RDMA_READ_CONSUME_CHECK_CONSUMER) timestamp=369 ms, used_size=12326912 bytes (30.1%)
(RDMA_READ_CONSUME_CHECK_CONSUMER) timestamp=369 ms, used_size=12324864 bytes (30.1%)
(RDMA_READ_CONSUME_CHECK_CONSUMER) timestamp=369 ms, used_size=12322816 bytes (30.1%)
(RDMA_READ_CONSUME_CHECK_CONSUMER) timestamp=369 ms, used_size=12320768 bytes (30.1%)
(RDMA_READ_CONSUME_CHECK_CONSUMER) timestamp=369 ms, used_size=12318720 bytes (30.1%)
(RDMA_READ_CONSUME_CHECK_CONSUMER) timestamp=369 ms, used_size=12316672 bytes (30.1%)
(RDMA_READ_CONSUME_CHECK_CONSUMER) timestamp=369 ms, used_size=12314624 bytes (30.1%)
(RDMA_READ_CONSUME_CHECK_CONSUMER) timestamp=369 ms, used_size=12312576 bytes (30.1%)
(RDMA_READ_CONSUME_CHECK_CONSUMER) timestamp=369 ms, used_size=12310528 bytes (30.1%)
(RDMA_READ_CONSUME_CHECK_CONSUMER) timestamp=369 ms, used_size=12308480 bytes (30.1%)
(RDMA_READ_CONSUME_CHECK_CONSUMER) timestamp=369 ms, used_size=12306432 bytes (30.0%)
(RDMA_READ_CONSUME_CHECK_CONSUMER) timestamp=369 ms, used_size=12304384 bytes (30.0%)
(RDMA_READ_CONSUME_CHECK_CONSUMER) timestamp=369 ms, used_size=12302336 bytes (30.0%)
(RDMA_READ_CONSUME_CHECK_CONSUMER) timestamp=369 ms, used_size=12300288 bytes (30.0%)
(RDMA_READ_CONSUME_CHECK_CONSUMER) timestamp=369 ms, used_size=12298240 bytes (30.0%)
(RDMA_READ_CONSUME_CHECK_CONSUMER) timestamp=369 ms, used_size=12296192 bytes (30.0%)
(RDMA_READ_CONSUME_CHECK_CONSUMER) timestamp=369 ms, used_size=12294144 bytes (30.0%)
(RDMA_READ_CONSUME_CHECK_CONSUMER) timestamp=369 ms, used_size=12292096 bytes (30.0%)
(RDMA_READ_CONSUME_CHECK_CONSUMER) timestamp=369 ms, used_size=12290048 bytes (30.0%)
(RDMA_READ_CONSUME_CHECK_CONSUMER) timestamp=369 ms, used_size=12288000 bytes (30.0%)
(RDMA_READ_CONSUME_CHECK_CONSUMER) timestamp=369 ms, used_size=12285952 bytes (30.0%)
(RDMA_READ_CONSUME_CHECK_CONSUMER) timestamp=369 ms, used_size=12283904 bytes (30.0%)
(RDMA_READ_CONSUME_CHECK_CONSUMER) timestamp=369 ms, used_size=12281856 bytes (30.0%)
(RDMA_READ_CONSUME_CHECK_CONSUMER) timestamp=369 ms, used_size=12279808 bytes (30.0%)
(RDMA_READ_CONSUME_CHECK_CONSUMER) timestamp=369 ms, used_size=12277760 bytes (30.0%)
(RDMA_READ_CONSUME_CHECK_CONSUMER) timestamp=369 ms, used_size=12275712 bytes (30.0%)
(RDMA_READ_CONSUME_CHECK_CONSUMER) timestamp=369 ms, used_size=12273664 bytes (30.0%)
(RDMA_READ_CONSUME_CHECK_CONSUMER) timestamp=369 ms, used_size=12271616 bytes (30.0%)
(RDMA_READ_CONSUME_CHECK_CONSUMER) timestamp=369 ms, used_size=12269568 bytes (30.0%)
(RDMA_READ_CONSUME_CHECK_CONSUMER) timestamp=369 ms, used_size=12267520 bytes (29.9%)
(RDMA_READ_CONSUME_CHECK_CONSUMER) timestamp=369 ms, used_size=12265472 bytes (29.9%)
(RDMA_READ_CONSUME_CHECK_CONSUMER) timestamp=369 ms, used_size=12263424 bytes (29.9%)
(RDMA_READ_CONSUME_CHECK_CONSUMER) timestamp=369 ms, used_size=12261376 bytes (29.9%)
(RDMA_READ_CONSUME_CHECK_CONSUMER) timestamp=369 ms, used_size=12259328 bytes (29.9%)
(RDMA_READ_CONSUME_CHECK_CONSUMER) timestamp=369 ms, used_size=12257280 bytes (29.9%)
(RDMA_READ_CONSUME_CHECK_CONSUMER) timestamp=369 ms, used_size=12255232 bytes (29.9%)
(RDMA_READ_CONSUME_CHECK_CONSUMER) timestamp=369 ms, used_size=12253184 bytes (29.9%)
(RDMA_READ_CONSUME_CHECK_CONSUMER) timestamp=369 ms, used_size=12251136 bytes (29.9%)
(RDMA_READ_CONSUME_CHECK_CONSUMER) timestamp=369 ms, used_size=12249088 bytes (29.9%)
(RDMA_READ_CONSUME_CHECK_CONSUMER) timestamp=369 ms, used_size=12247040 bytes (29.9%)
(RDMA_READ_CONSUME_CHECK_CONSUMER) timestamp=369 ms, used_size=12244992 bytes (29.9%)
(RDMA_READ_CONSUME_CHECK_CONSUMER) timestamp=369 ms, used_size=12242944 bytes (29.9%)
(RDMA_READ_CONSUME_CHECK_CONSUMER) timestamp=369 ms, used_size=12240896 bytes (29.9%)
(RDMA_READ_CONSUME_CHECK_CONSUMER) timestamp=369 ms, used_size=12238848 bytes (29.9%)
(RDMA_READ_CONSUME_CHECK_CONSUMER) timestamp=369 ms, used_size=12236800 bytes (29.9%)
(RDMA_READ_CONSUME_CHECK_CONSUMER) timestamp=369 ms, used_size=12234752 bytes (29.9%)
(RDMA_READ_CONSUME_CHECK_CONSUMER) timestamp=369 ms, used_size=12232704 bytes (29.9%)
(RDMA_READ_CONSUME_CHECK_CONSUMER) timestamp=369 ms, used_size=12230656 bytes (29.9%)
(RDMA_READ_CONSUME_CHECK_CONSUMER) timestamp=369 ms, used_size=12228608 bytes (29.9%)
(RDMA_READ_CONSUME_CHECK_CONSUMER) timestamp=369 ms, used_size=12226560 bytes (29.9%)
(RDMA_READ_CONSUME_CHECK_CONSUMER) timestamp=369 ms, used_size=12224512 bytes (29.8%)
(RDMA_READ_CONSUME_CHECK_CONSUMER) timestamp=369 ms, used_size=12222464 bytes (29.8%)
(RDMA_READ_CONSUME_CHECK_CONSUMER) timestamp=369 ms, used_size=12220416 bytes (29.8%)
(RDMA_READ_CONSUME_CHECK_CONSUMER) timestamp=369 ms, used_size=12218368 bytes (29.8%)
(RDMA_READ_CONSUME_CHECK_CONSUMER) timestamp=369 ms, used_size=12216320 bytes (29.8%)
(RDMA_READ_CONSUME_CHECK_CONSUMER) timestamp=369 ms, used_size=12214272 bytes (29.8%)
(RDMA_READ_CONSUME_CHECK_CONSUMER) timestamp=369 ms, used_size=12212224 bytes (29.8%)
(RDMA_READ_CONSUME_CHECK_CONSUMER) timestamp=369 ms, used_size=12210176 bytes (29.8%)
(RDMA_READ_CONSUME_CHECK_CONSUMER) timestamp=369 ms, used_size=12208128 bytes (29.8%)
(RDMA_READ_CONSUME_CHECK_CONSUMER) timestamp=369 ms, used_size=12206080 bytes (29.8%)
(RDMA_READ_CONSUME_CHECK_CONSUMER) timestamp=369 ms, used_size=12204032 bytes (29.8%)
(RDMA_READ_CONSUME_CHECK_CONSUMER) timestamp=369 ms, used_size=12201984 bytes (29.8%)
(RDMA_READ_CONSUME_CHECK_CONSUMER) timestamp=369 ms, used_size=12199936 bytes (29.8%)
(RDMA_READ_CONSUME_CHECK_CONSUMER) timestamp=369 ms, used_size=12197888 bytes (29.8%)
(RDMA_READ_CONSUME_CHECK_CONSUMER) timestamp=369 ms, used_size=12195840 bytes (29.8%)
(RDMA_READ_CONSUME_CHECK_CONSUMER) timestamp=369 ms, used_size=12193792 bytes (29.8%)
(RDMA_READ_CONSUME_CHECK_CONSUMER) timestamp=369 ms, used_size=12191744 bytes (29.8%)
(RDMA_READ_CONSUME_CHECK_CONSUMER) timestamp=369 ms, used_size=12189696 bytes (29.8%)
(RDMA_READ_CONSUME_CHECK_CONSUMER) timestamp=369 ms, used_size=12187648 bytes (29.8%)
(RDMA_READ_CONSUME_CHECK_CONSUMER) timestamp=369 ms, used_size=12185600 bytes (29.8%)
(RDMA_READ_CONSUME_CHECK_CONSUMER) timestamp=369 ms, used_size=12183552 bytes (29.7%)
(RDMA_READ_CONSUME_CHECK_CONSUMER) timestamp=369 ms, used_size=12181504 bytes (29.7%)
(RDMA_READ_CONSUME_CHECK_CONSUMER) timestamp=369 ms, used_size=12179456 bytes (29.7%)
(RDMA_READ_CONSUME_CHECK_CONSUMER) timestamp=369 ms, used_size=12177408 bytes (29.7%)
(RDMA_READ_CONSUME_CHECK_CONSUMER) timestamp=369 ms, used_size=12175360 bytes (29.7%)
(RDMA_READ_CONSUME_CHECK_CONSUMER) timestamp=369 ms, used_size=12173312 bytes (29.7%)
(RDMA_READ_CONSUME_CHECK_CONSUMER) timestamp=369 ms, used_size=12171264 bytes (29.7%)
(RDMA_READ_CONSUME_CHECK_CONSUMER) timestamp=369 ms, used_size=12169216 bytes (29.7%)
(RDMA_READ_CONSUME_CHECK_CONSUMER) timestamp=369 ms, used_size=12167168 bytes (29.7%)
(RDMA_READ_CONSUME_CHECK_CONSUMER) timestamp=369 ms, used_size=12165120 bytes (29.7%)
(RDMA_READ_CONSUME_CHECK_CONSUMER) timestamp=369 ms, used_size=12163072 bytes (29.7%)
(RDMA_READ_CONSUME_CHECK_CONSUMER) timestamp=369 ms, used_size=12161024 bytes (29.7%)
(RDMA_READ_CONSUME_CHECK_CONSUMER) timestamp=369 ms, used_size=12158976 bytes (29.7%)
(RDMA_READ_CONSUME_CHECK_CONSUMER) timestamp=369 ms, used_size=12156928 bytes (29.7%)
(RDMA_READ_CONSUME_CHECK_CONSUMER) timestamp=369 ms, used_size=12154880 bytes (29.7%)
(RDMA_READ_CONSUME_CHECK_CONSUMER) timestamp=369 ms, used_size=12152832 bytes (29.7%)
(RDMA_READ_CONSUME_CHECK_CONSUMER) timestamp=369 ms, used_size=12150784 bytes (29.7%)
(RDMA_READ_CONSUME_CHECK_CONSUMER) timestamp=369 ms, used_size=12148736 bytes (29.7%)
(RDMA_READ_CONSUME_CHECK_CONSUMER) timestamp=369 ms, used_size=12146688 bytes (29.7%)
(RDMA_READ_CONSUME_CHECK_CONSUMER) timestamp=369 ms, used_size=12144640 bytes (29.6%)
(RDMA_READ_CONSUME_CHECK_CONSUMER) timestamp=369 ms, used_size=12142592 bytes (29.6%)
(RDMA_READ_CONSUME_CHECK_CONSUMER) timestamp=369 ms, used_size=12140544 bytes (29.6%)
(RDMA_READ_CONSUME_CHECK_CONSUMER) timestamp=369 ms, used_size=12138496 bytes (29.6%)
(RDMA_READ_CONSUME_CHECK_CONSUMER) timestamp=369 ms, used_size=12136448 bytes (29.6%)
(RDMA_READ_CONSUME_CHECK_CONSUMER) timestamp=369 ms, used_size=12134400 bytes (29.6%)
(RDMA_READ_CONSUME_CHECK_CONSUMER) timestamp=369 ms, used_size=12132352 bytes (29.6%)
(RDMA_READ_CONSUME_CHECK_CONSUMER) timestamp=369 ms, used_size=12130304 bytes (29.6%)
(RDMA_READ_CONSUME_CHECK_CONSUMER) timestamp=369 ms, used_size=12128256 bytes (29.6%)
(RDMA_READ_CONSUME_CHECK_CONSUMER) timestamp=369 ms, used_size=12126208 bytes (29.6%)
(RDMA_READ_CONSUME_CHECK_CONSUMER) timestamp=369 ms, used_size=12124160 bytes (29.6%)
(RDMA_READ_CONSUME_CHECK_CONSUMER) timestamp=369 ms, used_size=12122112 bytes (29.6%)
(RDMA_READ_CONSUME_CHECK_CONSUMER) timestamp=369 ms, used_size=12120064 bytes (29.6%)
(RDMA_READ_CONSUME_CHECK_CONSUMER) timestamp=369 ms, used_size=12118016 bytes (29.6%)
(RDMA_READ_CONSUME_CHECK_CONSUMER) timestamp=369 ms, used_size=12115968 bytes (29.6%)
(RDMA_READ_CONSUME_CHECK_CONSUMER) timestamp=369 ms, used_size=12113920 bytes (29.6%)
(RDMA_READ_CONSUME_CHECK_CONSUMER) timestamp=369 ms, used_size=12111872 bytes (29.6%)
(RDMA_READ_CONSUME_CHECK_CONSUMER) timestamp=369 ms, used_size=12109824 bytes (29.6%)
(RDMA_READ_CONSUME_CHECK_CONSUMER) timestamp=369 ms, used_size=12107776 bytes (29.6%)
(RDMA_READ_CONSUME_CHECK_CONSUMER) timestamp=369 ms, used_size=12105728 bytes (29.6%)
(RDMA_READ_CONSUME_CHECK_CONSUMER) timestamp=369 ms, used_size=12103680 bytes (29.6%)
(RDMA_READ_CONSUME_CHECK_CONSUMER) timestamp=369 ms, used_size=12101632 bytes (29.5%)
(RDMA_READ_CONSUME_CHECK_CONSUMER) timestamp=369 ms, used_size=12099584 bytes (29.5%)
(RDMA_READ_CONSUME_CHECK_CONSUMER) timestamp=369 ms, used_size=12097536 bytes (29.5%)
(RDMA_READ_CONSUME_CHECK_CONSUMER) timestamp=369 ms, used_size=12095488 bytes (29.5%)
(RDMA_READ_CONSUME_CHECK_CONSUMER) timestamp=369 ms, used_size=12093440 bytes (29.5%)
(RDMA_READ_CONSUME_CHECK_CONSUMER) timestamp=369 ms, used_size=12091392 bytes (29.5%)
(RDMA_READ_CONSUME_CHECK_CONSUMER) timestamp=369 ms, used_size=12089344 bytes (29.5%)
(RDMA_READ_CONSUME_CHECK_CONSUMER) timestamp=369 ms, used_size=12087296 bytes (29.5%)
(RDMA_READ_CONSUME_CHECK_CONSUMER) timestamp=369 ms, used_size=12085248 bytes (29.5%)
(RDMA_READ_CONSUME_CHECK_CONSUMER) timestamp=369 ms, used_size=12083200 bytes (29.5%)
(RDMA_READ_CONSUME_CHECK_CONSUMER) timestamp=369 ms, used_size=12081152 bytes (29.5%)
(RDMA_READ_CONSUME_CHECK_CONSUMER) timestamp=369 ms, used_size=12079104 bytes (29.5%)
(RDMA_READ_CONSUME_CHECK_CONSUMER) timestamp=369 ms, used_size=12077056 bytes (29.5%)
(RDMA_READ_CONSUME_CHECK_CONSUMER) timestamp=369 ms, used_size=12075008 bytes (29.5%)
(RDMA_READ_CONSUME_CHECK_CONSUMER) timestamp=369 ms, used_size=12072960 bytes (29.5%)
(RDMA_READ_CONSUME_CHECK_CONSUMER) timestamp=369 ms, used_size=12070912 bytes (29.5%)
(RDMA_READ_CONSUME_CHECK_CONSUMER) timestamp=369 ms, used_size=12068864 bytes (29.5%)
(RDMA_READ_CONSUME_CHECK_CONSUMER) timestamp=369 ms, used_size=12066816 bytes (29.5%)
(RDMA_READ_CONSUME_CHECK_CONSUMER) timestamp=369 ms, used_size=12064768 bytes (29.5%)
(RDMA_READ_CONSUME_CHECK_CONSUMER) timestamp=369 ms, used_size=12062720 bytes (29.4%)
(RDMA_READ_CONSUME_CHECK_CONSUMER) timestamp=369 ms, used_size=12060672 bytes (29.4%)
(RDMA_READ_CONSUME_CHECK_CONSUMER) timestamp=369 ms, used_size=12058624 bytes (29.4%)
(RDMA_READ_CONSUME_CHECK_CONSUMER) timestamp=369 ms, used_size=12056576 bytes (29.4%)
(RDMA_READ_CONSUME_CHECK_CONSUMER) timestamp=369 ms, used_size=12054528 bytes (29.4%)
(RDMA_READ_CONSUME_CHECK_CONSUMER) timestamp=369 ms, used_size=12052480 bytes (29.4%)
(RDMA_READ_CONSUME_CHECK_CONSUMER) timestamp=369 ms, used_size=12050432 bytes (29.4%)
(RDMA_READ_CONSUME_CHECK_CONSUMER) timestamp=369 ms, used_size=12048384 bytes (29.4%)
(RDMA_READ_CONSUME_CHECK_CONSUMER) timestamp=369 ms, used_size=12046336 bytes (29.4%)
(RDMA_READ_CONSUME_CHECK_CONSUMER) timestamp=369 ms, used_size=12044288 bytes (29.4%)
(RDMA_READ_CONSUME_CHECK_CONSUMER) timestamp=369 ms, used_size=12042240 bytes (29.4%)
(RDMA_READ_CONSUME_CHECK_CONSUMER) timestamp=370 ms, used_size=12040192 bytes (29.4%)
(RDMA_READ_CONSUME_CHECK_CONSUMER) timestamp=370 ms, used_size=12038144 bytes (29.4%)
(RDMA_READ_CONSUME_CHECK_CONSUMER) timestamp=370 ms, used_size=12036096 bytes (29.4%)
(RDMA_READ_CONSUME_CHECK_CONSUMER) timestamp=370 ms, used_size=12034048 bytes (29.4%)
(RDMA_READ_CONSUME_CHECK_CONSUMER) timestamp=370 ms, used_size=12032000 bytes (29.4%)
(RDMA_READ_CONSUME_CHECK_CONSUMER) timestamp=370 ms, used_size=12029952 bytes (29.4%)
(RDMA_READ_CONSUME_CHECK_CONSUMER) timestamp=370 ms, used_size=12027904 bytes (29.4%)
(RDMA_READ_CONSUME_CHECK_CONSUMER) timestamp=370 ms, used_size=12025856 bytes (29.4%)
(RDMA_READ_CONSUME_CHECK_CONSUMER) timestamp=370 ms, used_size=12023808 bytes (29.4%)
(RDMA_READ_CONSUME_CHECK_CONSUMER) timestamp=370 ms, used_size=12021760 bytes (29.4%)
(RDMA_READ_CONSUME_CHECK_CONSUMER) timestamp=370 ms, used_size=12019712 bytes (29.3%)
(RDMA_READ_CONSUME_CHECK_CONSUMER) timestamp=370 ms, used_size=12017664 bytes (29.3%)
(RDMA_READ_CONSUME_CHECK_CONSUMER) timestamp=370 ms, used_size=12015616 bytes (29.3%)
(RDMA_READ_CONSUME_CHECK_CONSUMER) timestamp=370 ms, used_size=12013568 bytes (29.3%)
(RDMA_READ_CONSUME_CHECK_CONSUMER) timestamp=370 ms, used_size=12011520 bytes (29.3%)
(RDMA_READ_CONSUME_CHECK_CONSUMER) timestamp=370 ms, used_size=12009472 bytes (29.3%)
(RDMA_READ_CONSUME_CHECK_CONSUMER) timestamp=370 ms, used_size=12007424 bytes (29.3%)
(RDMA_READ_CONSUME_CHECK_CONSUMER) timestamp=370 ms, used_size=12005376 bytes (29.3%)
(RDMA_READ_CONSUME_CHECK_CONSUMER) timestamp=370 ms, used_size=12003328 bytes (29.3%)
(RDMA_READ_CONSUME_CHECK_CONSUMER) timestamp=370 ms, used_size=12001280 bytes (29.3%)
(RDMA_READ_CONSUME_CHECK_CONSUMER) timestamp=370 ms, used_size=11999232 bytes (29.3%)
(RDMA_READ_CONSUME_CHECK_CONSUMER) timestamp=370 ms, used_size=11997184 bytes (29.3%)
(RDMA_READ_CONSUME_CHECK_CONSUMER) timestamp=370 ms, used_size=11995136 bytes (29.3%)
(RDMA_READ_CONSUME_CHECK_CONSUMER) timestamp=370 ms, used_size=11993088 bytes (29.3%)
(RDMA_READ_CONSUME_CHECK_CONSUMER) timestamp=370 ms, used_size=11991040 bytes (29.3%)
(RDMA_READ_CONSUME_CHECK_CONSUMER) timestamp=370 ms, used_size=11988992 bytes (29.3%)
(RDMA_READ_CONSUME_CHECK_CONSUMER) timestamp=370 ms, used_size=11986944 bytes (29.3%)
(RDMA_READ_CONSUME_CHECK_CONSUMER) timestamp=370 ms, used_size=11984896 bytes (29.3%)
(RDMA_READ_CONSUME_CHECK_CONSUMER) timestamp=370 ms, used_size=11982848 bytes (29.3%)
(RDMA_READ_CONSUME_CHECK_CONSUMER) timestamp=370 ms, used_size=11980800 bytes (29.2%)
(RDMA_READ_CONSUME_CHECK_CONSUMER) timestamp=370 ms, used_size=11978752 bytes (29.2%)
(RDMA_READ_CONSUME_CHECK_CONSUMER) timestamp=370 ms, used_size=11976704 bytes (29.2%)
(RDMA_READ_CONSUME_CHECK_CONSUMER) timestamp=370 ms, used_size=11974656 bytes (29.2%)
(RDMA_READ_CONSUME_CHECK_CONSUMER) timestamp=370 ms, used_size=11972608 bytes (29.2%)
(RDMA_READ_CONSUME_CHECK_CONSUMER) timestamp=370 ms, used_size=11970560 bytes (29.2%)
(RDMA_READ_CONSUME_CHECK_CONSUMER) timestamp=370 ms, used_size=11968512 bytes (29.2%)
(RDMA_READ_CONSUME_CHECK_CONSUMER) timestamp=370 ms, used_size=11966464 bytes (29.2%)
(RDMA_READ_CONSUME_CHECK_CONSUMER) timestamp=370 ms, used_size=11964416 bytes (29.2%)
(RDMA_READ_CONSUME_CHECK_CONSUMER) timestamp=370 ms, used_size=11962368 bytes (29.2%)
(RDMA_READ_CONSUME_CHECK_CONSUMER) timestamp=370 ms, used_size=11960320 bytes (29.2%)
(RDMA_READ_CONSUME_CHECK_CONSUMER) timestamp=370 ms, used_size=11958272 bytes (29.2%)
(RDMA_READ_CONSUME_CHECK_CONSUMER) timestamp=370 ms, used_size=11956224 bytes (29.2%)
(RDMA_READ_CONSUME_CHECK_CONSUMER) timestamp=370 ms, used_size=11954176 bytes (29.2%)
(RDMA_READ_CONSUME_CHECK_CONSUMER) timestamp=370 ms, used_size=11952128 bytes (29.2%)
(RDMA_READ_CONSUME_CHECK_CONSUMER) timestamp=370 ms, used_size=11950080 bytes (29.2%)
(RDMA_READ_CONSUME_CHECK_CONSUMER) timestamp=370 ms, used_size=11948032 bytes (29.2%)
(RDMA_READ_CONSUME_CHECK_CONSUMER) timestamp=370 ms, used_size=11945984 bytes (29.2%)
(RDMA_READ_CONSUME_CHECK_CONSUMER) timestamp=370 ms, used_size=11943936 bytes (29.2%)
(RDMA_READ_CONSUME_CHECK_CONSUMER) timestamp=370 ms, used_size=11941888 bytes (29.2%)
(RDMA_READ_CONSUME_CHECK_CONSUMER) timestamp=370 ms, used_size=11939840 bytes (29.1%)
(RDMA_READ_CONSUME_CHECK_CONSUMER) timestamp=370 ms, used_size=11937792 bytes (29.1%)
(RDMA_READ_CONSUME_CHECK_CONSUMER) timestamp=370 ms, used_size=11935744 bytes (29.1%)
(RDMA_READ_CONSUME_CHECK_CONSUMER) timestamp=370 ms, used_size=11933696 bytes (29.1%)
(RDMA_READ_CONSUME_CHECK_CONSUMER) timestamp=370 ms, used_size=11931648 bytes (29.1%)
(RDMA_READ_CONSUME_CHECK_CONSUMER) timestamp=370 ms, used_size=11929600 bytes (29.1%)
(RDMA_READ_CONSUME_CHECK_CONSUMER) timestamp=370 ms, used_size=11927552 bytes (29.1%)
(RDMA_READ_CONSUME_CHECK_CONSUMER) timestamp=370 ms, used_size=11925504 bytes (29.1%)
(RDMA_READ_CONSUME_CHECK_CONSUMER) timestamp=370 ms, used_size=11923456 bytes (29.1%)
(RDMA_READ_CONSUME_CHECK_CONSUMER) timestamp=370 ms, used_size=11921408 bytes (29.1%)
(RDMA_READ_CONSUME_CHECK_CONSUMER) timestamp=370 ms, used_size=11919360 bytes (29.1%)
(RDMA_READ_CONSUME_CHECK_CONSUMER) timestamp=370 ms, used_size=11917312 bytes (29.1%)
(RDMA_READ_CONSUME_CHECK_CONSUMER) timestamp=370 ms, used_size=11915264 bytes (29.1%)
(RDMA_READ_CONSUME_CHECK_CONSUMER) timestamp=370 ms, used_size=11913216 bytes (29.1%)
(RDMA_READ_CONSUME_CHECK_CONSUMER) timestamp=370 ms, used_size=11911168 bytes (29.1%)
(RDMA_READ_CONSUME_CHECK_CONSUMER) timestamp=370 ms, used_size=11909120 bytes (29.1%)
(RDMA_READ_CONSUME_CHECK_CONSUMER) timestamp=370 ms, used_size=11907072 bytes (29.1%)
(RDMA_READ_CONSUME_CHECK_CONSUMER) timestamp=370 ms, used_size=11905024 bytes (29.1%)
(RDMA_READ_CONSUME_CHECK_CONSUMER) timestamp=370 ms, used_size=11902976 bytes (29.1%)
(RDMA_READ_CONSUME_CHECK_CONSUMER) timestamp=370 ms, used_size=11900928 bytes (29.1%)
(RDMA_READ_CONSUME_CHECK_CONSUMER) timestamp=370 ms, used_size=11898880 bytes (29.1%)
(RDMA_READ_CONSUME_CHECK_CONSUMER) timestamp=370 ms, used_size=11896832 bytes (29.0%)
(RDMA_READ_CONSUME_CHECK_CONSUMER) timestamp=370 ms, used_size=11894784 bytes (29.0%)
(RDMA_READ_CONSUME_CHECK_CONSUMER) timestamp=370 ms, used_size=11892736 bytes (29.0%)
(RDMA_READ_CONSUME_CHECK_CONSUMER) timestamp=370 ms, used_size=11890688 bytes (29.0%)
(RDMA_READ_CONSUME_CHECK_CONSUMER) timestamp=370 ms, used_size=11888640 bytes (29.0%)
(RDMA_READ_CONSUME_CHECK_CONSUMER) timestamp=370 ms, used_size=11886592 bytes (29.0%)
(RDMA_READ_CONSUME_CHECK_CONSUMER) timestamp=370 ms, used_size=11884544 bytes (29.0%)
(RDMA_READ_CONSUME_CHECK_CONSUMER) timestamp=370 ms, used_size=11882496 bytes (29.0%)
(RDMA_READ_CONSUME_CHECK_CONSUMER) timestamp=370 ms, used_size=11880448 bytes (29.0%)
(RDMA_READ_CONSUME_CHECK_CONSUMER) timestamp=370 ms, used_size=11878400 bytes (29.0%)
(RDMA_READ_CONSUME_CHECK_CONSUMER) timestamp=370 ms, used_size=11876352 bytes (29.0%)
(RDMA_READ_CONSUME_CHECK_CONSUMER) timestamp=370 ms, used_size=11874304 bytes (29.0%)
(RDMA_READ_CONSUME_CHECK_CONSUMER) timestamp=370 ms, used_size=11872256 bytes (29.0%)
(RDMA_READ_CONSUME_CHECK_CONSUMER) timestamp=370 ms, used_size=11870208 bytes (29.0%)
(RDMA_READ_CONSUME_CHECK_CONSUMER) timestamp=370 ms, used_size=11868160 bytes (29.0%)
(RDMA_READ_CONSUME_CHECK_CONSUMER) timestamp=370 ms, used_size=11866112 bytes (29.0%)
(RDMA_READ_CONSUME_CHECK_CONSUMER) timestamp=370 ms, used_size=11864064 bytes (29.0%)
(RDMA_READ_CONSUME_CHECK_CONSUMER) timestamp=370 ms, used_size=11862016 bytes (29.0%)
(RDMA_READ_CONSUME_CHECK_CONSUMER) timestamp=370 ms, used_size=11859968 bytes (29.0%)
(RDMA_READ_CONSUME_CHECK_CONSUMER) timestamp=370 ms, used_size=11857920 bytes (28.9%)
(RDMA_READ_CONSUME_CHECK_CONSUMER) timestamp=370 ms, used_size=11855872 bytes (28.9%)
(RDMA_READ_CONSUME_CHECK_CONSUMER) timestamp=370 ms, used_size=11853824 bytes (28.9%)
(RDMA_READ_CONSUME_CHECK_CONSUMER) timestamp=370 ms, used_size=11851776 bytes (28.9%)
(RDMA_READ_CONSUME_CHECK_CONSUMER) timestamp=370 ms, used_size=11849728 bytes (28.9%)
(RDMA_READ_CONSUME_CHECK_CONSUMER) timestamp=370 ms, used_size=11847680 bytes (28.9%)
(RDMA_READ_CONSUME_CHECK_CONSUMER) timestamp=370 ms, used_size=11845632 bytes (28.9%)
(RDMA_READ_CONSUME_CHECK_CONSUMER) timestamp=370 ms, used_size=11843584 bytes (28.9%)
(RDMA_READ_CONSUME_CHECK_CONSUMER) timestamp=370 ms, used_size=11841536 bytes (28.9%)
(RDMA_READ_CONSUME_CHECK_CONSUMER) timestamp=370 ms, used_size=11839488 bytes (28.9%)
(RDMA_READ_CONSUME_CHECK_CONSUMER) timestamp=370 ms, used_size=11837440 bytes (28.9%)
(RDMA_READ_CONSUME_CHECK_CONSUMER) timestamp=370 ms, used_size=11835392 bytes (28.9%)
(RDMA_READ_CONSUME_CHECK_CONSUMER) timestamp=370 ms, used_size=11833344 bytes (28.9%)
(RDMA_READ_CONSUME_CHECK_CONSUMER) timestamp=370 ms, used_size=11831296 bytes (28.9%)
(RDMA_READ_CONSUME_CHECK_CONSUMER) timestamp=370 ms, used_size=11829248 bytes (28.9%)
(RDMA_READ_CONSUME_CHECK_CONSUMER) timestamp=370 ms, used_size=11827200 bytes (28.9%)
(RDMA_READ_CONSUME_CHECK_CONSUMER) timestamp=370 ms, used_size=11825152 bytes (28.9%)
(RDMA_READ_CONSUME_CHECK_CONSUMER) timestamp=370 ms, used_size=11823104 bytes (28.9%)
(RDMA_READ_CONSUME_CHECK_CONSUMER) timestamp=370 ms, used_size=11821056 bytes (28.9%)
(RDMA_READ_CONSUME_CHECK_CONSUMER) timestamp=370 ms, used_size=11819008 bytes (28.9%)
(RDMA_READ_CONSUME_CHECK_CONSUMER) timestamp=370 ms, used_size=11816960 bytes (28.9%)
(RDMA_READ_CONSUME_CHECK_CONSUMER) timestamp=370 ms, used_size=11814912 bytes (28.8%)
(RDMA_READ_CONSUME_CHECK_CONSUMER) timestamp=370 ms, used_size=11812864 bytes (28.8%)
(RDMA_READ_CONSUME_CHECK_CONSUMER) timestamp=370 ms, used_size=11810816 bytes (28.8%)
(RDMA_READ_CONSUME_CHECK_CONSUMER) timestamp=370 ms, used_size=11808768 bytes (28.8%)
(RDMA_READ_CONSUME_CHECK_CONSUMER) timestamp=370 ms, used_size=11806720 bytes (28.8%)
(RDMA_READ_CONSUME_CHECK_CONSUMER) timestamp=370 ms, used_size=11804672 bytes (28.8%)
(RDMA_READ_CONSUME_CHECK_CONSUMER) timestamp=370 ms, used_size=11802624 bytes (28.8%)
(RDMA_READ_CONSUME_CHECK_CONSUMER) timestamp=370 ms, used_size=11800576 bytes (28.8%)
(RDMA_READ_CONSUME_CHECK_CONSUMER) timestamp=370 ms, used_size=11798528 bytes (28.8%)
(RDMA_READ_CONSUME_CHECK_CONSUMER) timestamp=370 ms, used_size=11796480 bytes (28.8%)
(RDMA_READ_CONSUME_CHECK_CONSUMER) timestamp=370 ms, used_size=11794432 bytes (28.8%)
(RDMA_READ_CONSUME_CHECK_CONSUMER) timestamp=370 ms, used_size=11792384 bytes (28.8%)
(RDMA_READ_CONSUME_CHECK_CONSUMER) timestamp=370 ms, used_size=11790336 bytes (28.8%)
(RDMA_READ_CONSUME_CHECK_CONSUMER) timestamp=370 ms, used_size=11788288 bytes (28.8%)
(RDMA_READ_CONSUME_CHECK_CONSUMER) timestamp=370 ms, used_size=11786240 bytes (28.8%)
(RDMA_READ_CONSUME_CHECK_CONSUMER) timestamp=370 ms, used_size=11784192 bytes (28.8%)
(RDMA_READ_CONSUME_CHECK_CONSUMER) timestamp=370 ms, used_size=11782144 bytes (28.8%)
(RDMA_READ_CONSUME_CHECK_CONSUMER) timestamp=370 ms, used_size=11780096 bytes (28.8%)
(RDMA_READ_CONSUME_CHECK_CONSUMER) timestamp=370 ms, used_size=11778048 bytes (28.8%)
(RDMA_READ_CONSUME_CHECK_CONSUMER) timestamp=370 ms, used_size=11776000 bytes (28.8%)
(RDMA_READ_CONSUME_CHECK_CONSUMER) timestamp=370 ms, used_size=11773952 bytes (28.7%)
(RDMA_READ_CONSUME_CHECK_CONSUMER) timestamp=370 ms, used_size=11771904 bytes (28.7%)
(RDMA_READ_CONSUME_CHECK_CONSUMER) timestamp=370 ms, used_size=11769856 bytes (28.7%)
(RDMA_READ_CONSUME_CHECK_CONSUMER) timestamp=370 ms, used_size=11767808 bytes (28.7%)
(RDMA_READ_CONSUME_CHECK_CONSUMER) timestamp=370 ms, used_size=11765760 bytes (28.7%)
(RDMA_READ_CONSUME_CHECK_CONSUMER) timestamp=370 ms, used_size=11763712 bytes (28.7%)
(RDMA_READ_CONSUME_CHECK_CONSUMER) timestamp=370 ms, used_size=11761664 bytes (28.7%)
(RDMA_READ_CONSUME_CHECK_CONSUMER) timestamp=370 ms, used_size=11759616 bytes (28.7%)
(RDMA_READ_CONSUME_CHECK_CONSUMER) timestamp=370 ms, used_size=11757568 bytes (28.7%)
(RDMA_READ_CONSUME_CHECK_CONSUMER) timestamp=370 ms, used_size=11755520 bytes (28.7%)
(RDMA_READ_CONSUME_CHECK_CONSUMER) timestamp=370 ms, used_size=11753472 bytes (28.7%)
(RDMA_READ_CONSUME_CHECK_CONSUMER) timestamp=370 ms, used_size=11751424 bytes (28.7%)
(RDMA_READ_CONSUME_CHECK_CONSUMER) timestamp=370 ms, used_size=11749376 bytes (28.7%)
(RDMA_READ_CONSUME_CHECK_CONSUMER) timestamp=370 ms, used_size=11747328 bytes (28.7%)
(RDMA_READ_CONSUME_CHECK_CONSUMER) timestamp=370 ms, used_size=11745280 bytes (28.7%)
(RDMA_READ_CONSUME_CHECK_CONSUMER) timestamp=370 ms, used_size=11743232 bytes (28.7%)
(RDMA_READ_CONSUME_CHECK_CONSUMER) timestamp=370 ms, used_size=11741184 bytes (28.7%)
(RDMA_READ_CONSUME_CHECK_CONSUMER) timestamp=370 ms, used_size=11739136 bytes (28.7%)
(RDMA_READ_CONSUME_CHECK_CONSUMER) timestamp=370 ms, used_size=11737088 bytes (28.7%)
(RDMA_READ_CONSUME_CHECK_CONSUMER) timestamp=370 ms, used_size=11735040 bytes (28.6%)
(RDMA_READ_CONSUME_CHECK_CONSUMER) timestamp=370 ms, used_size=11732992 bytes (28.6%)
(RDMA_READ_CONSUME_CHECK_CONSUMER) timestamp=370 ms, used_size=11730944 bytes (28.6%)
(RDMA_READ_CONSUME_CHECK_CONSUMER) timestamp=370 ms, used_size=11728896 bytes (28.6%)
(RDMA_READ_CONSUME_CHECK_CONSUMER) timestamp=370 ms, used_size=11726848 bytes (28.6%)
(RDMA_READ_CONSUME_CHECK_CONSUMER) timestamp=370 ms, used_size=11724800 bytes (28.6%)
(RDMA_READ_CONSUME_CHECK_CONSUMER) timestamp=370 ms, used_size=11722752 bytes (28.6%)
(RDMA_READ_CONSUME_CHECK_CONSUMER) timestamp=370 ms, used_size=11720704 bytes (28.6%)
(RDMA_READ_CONSUME_CHECK_CONSUMER) timestamp=370 ms, used_size=11718656 bytes (28.6%)
(RDMA_READ_CONSUME_CHECK_CONSUMER) timestamp=370 ms, used_size=11716608 bytes (28.6%)
(RDMA_READ_CONSUME_CHECK_CONSUMER) timestamp=370 ms, used_size=11714560 bytes (28.6%)
(RDMA_READ_CONSUME_CHECK_CONSUMER) timestamp=370 ms, used_size=11712512 bytes (28.6%)
(RDMA_READ_CONSUME_CHECK_CONSUMER) timestamp=370 ms, used_size=11710464 bytes (28.6%)
(RDMA_READ_CONSUME_CHECK_CONSUMER) timestamp=370 ms, used_size=11708416 bytes (28.6%)
(RDMA_READ_CONSUME_CHECK_CONSUMER) timestamp=370 ms, used_size=11706368 bytes (28.6%)
(RDMA_READ_CONSUME_CHECK_CONSUMER) timestamp=370 ms, used_size=11704320 bytes (28.6%)
(RDMA_READ_CONSUME_CHECK_CONSUMER) timestamp=370 ms, used_size=11702272 bytes (28.6%)
(RDMA_READ_CONSUME_CHECK_CONSUMER) timestamp=370 ms, used_size=11700224 bytes (28.6%)
(RDMA_READ_CONSUME_CHECK_CONSUMER) timestamp=370 ms, used_size=11698176 bytes (28.6%)
(RDMA_READ_CONSUME_CHECK_CONSUMER) timestamp=370 ms, used_size=11696128 bytes (28.6%)
(RDMA_READ_CONSUME_CHECK_CONSUMER) timestamp=370 ms, used_size=11694080 bytes (28.6%)
(RDMA_READ_CONSUME_CHECK_CONSUMER) timestamp=370 ms, used_size=11692032 bytes (28.5%)
(RDMA_READ_CONSUME_CHECK_CONSUMER) timestamp=370 ms, used_size=11689984 bytes (28.5%)
(RDMA_READ_CONSUME_CHECK_CONSUMER) timestamp=370 ms, used_size=11687936 bytes (28.5%)
(RDMA_READ_CONSUME_CHECK_CONSUMER) timestamp=370 ms, used_size=11685888 bytes (28.5%)
(RDMA_READ_CONSUME_CHECK_CONSUMER) timestamp=370 ms, used_size=11683840 bytes (28.5%)
(RDMA_READ_CONSUME_CHECK_CONSUMER) timestamp=370 ms, used_size=11681792 bytes (28.5%)
(RDMA_READ_CONSUME_CHECK_CONSUMER) timestamp=370 ms, used_size=11679744 bytes (28.5%)
(RDMA_READ_CONSUME_CHECK_CONSUMER) timestamp=370 ms, used_size=11677696 bytes (28.5%)
(RDMA_READ_CONSUME_CHECK_CONSUMER) timestamp=370 ms, used_size=11675648 bytes (28.5%)
(RDMA_READ_CONSUME_CHECK_CONSUMER) timestamp=371 ms, used_size=11673600 bytes (28.5%)
(RDMA_READ_CONSUME_CHECK_CONSUMER) timestamp=371 ms, used_size=11671552 bytes (28.5%)
(RDMA_READ_CONSUME_CHECK_CONSUMER) timestamp=371 ms, used_size=11669504 bytes (28.5%)
(RDMA_READ_CONSUME_CHECK_CONSUMER) timestamp=371 ms, used_size=11667456 bytes (28.5%)
(RDMA_READ_CONSUME_CHECK_CONSUMER) timestamp=371 ms, used_size=11665408 bytes (28.5%)
(RDMA_READ_CONSUME_CHECK_CONSUMER) timestamp=371 ms, used_size=11663360 bytes (28.5%)
(RDMA_READ_CONSUME_CHECK_CONSUMER) timestamp=371 ms, used_size=11661312 bytes (28.5%)
(RDMA_READ_CONSUME_CHECK_CONSUMER) timestamp=371 ms, used_size=11659264 bytes (28.5%)
(RDMA_READ_CONSUME_CHECK_CONSUMER) timestamp=371 ms, used_size=11657216 bytes (28.5%)
(RDMA_READ_CONSUME_CHECK_CONSUMER) timestamp=371 ms, used_size=11655168 bytes (28.5%)
(RDMA_READ_CONSUME_CHECK_CONSUMER) timestamp=371 ms, used_size=11653120 bytes (28.4%)
(RDMA_READ_CONSUME_CHECK_CONSUMER) timestamp=371 ms, used_size=11651072 bytes (28.4%)
(RDMA_READ_CONSUME_CHECK_CONSUMER) timestamp=371 ms, used_size=11649024 bytes (28.4%)
(RDMA_READ_CONSUME_CHECK_CONSUMER) timestamp=371 ms, used_size=11646976 bytes (28.4%)
(RDMA_READ_CONSUME_CHECK_CONSUMER) timestamp=371 ms, used_size=11644928 bytes (28.4%)
(RDMA_READ_CONSUME_CHECK_CONSUMER) timestamp=371 ms, used_size=11642880 bytes (28.4%)
(RDMA_READ_CONSUME_CHECK_CONSUMER) timestamp=371 ms, used_size=11640832 bytes (28.4%)
(RDMA_READ_CONSUME_CHECK_CONSUMER) timestamp=371 ms, used_size=11638784 bytes (28.4%)
(RDMA_READ_CONSUME_CHECK_CONSUMER) timestamp=371 ms, used_size=11636736 bytes (28.4%)
(RDMA_READ_CONSUME_CHECK_CONSUMER) timestamp=371 ms, used_size=11634688 bytes (28.4%)
(RDMA_READ_CONSUME_CHECK_CONSUMER) timestamp=371 ms, used_size=11632640 bytes (28.4%)
(RDMA_READ_CONSUME_CHECK_CONSUMER) timestamp=371 ms, used_size=11630592 bytes (28.4%)
(RDMA_READ_CONSUME_CHECK_CONSUMER) timestamp=371 ms, used_size=11628544 bytes (28.4%)
(RDMA_READ_CONSUME_CHECK_CONSUMER) timestamp=371 ms, used_size=11626496 bytes (28.4%)
(RDMA_READ_CONSUME_CHECK_CONSUMER) timestamp=371 ms, used_size=11624448 bytes (28.4%)
(RDMA_READ_CONSUME_CHECK_CONSUMER) timestamp=371 ms, used_size=11622400 bytes (28.4%)
(RDMA_READ_CONSUME_CHECK_CONSUMER) timestamp=371 ms, used_size=11620352 bytes (28.4%)
(RDMA_READ_CONSUME_CHECK_CONSUMER) timestamp=371 ms, used_size=11618304 bytes (28.4%)
(RDMA_READ_CONSUME_CHECK_CONSUMER) timestamp=371 ms, used_size=11616256 bytes (28.4%)
(RDMA_READ_CONSUME_CHECK_CONSUMER) timestamp=371 ms, used_size=11614208 bytes (28.4%)
(RDMA_READ_CONSUME_CHECK_CONSUMER) timestamp=371 ms, used_size=11612160 bytes (28.4%)
(RDMA_READ_CONSUME_CHECK_CONSUMER) timestamp=371 ms, used_size=11610112 bytes (28.3%)
(RDMA_READ_CONSUME_CHECK_CONSUMER) timestamp=371 ms, used_size=11608064 bytes (28.3%)
(RDMA_READ_CONSUME_CHECK_CONSUMER) timestamp=371 ms, used_size=11606016 bytes (28.3%)
(RDMA_READ_CONSUME_CHECK_CONSUMER) timestamp=371 ms, used_size=11603968 bytes (28.3%)
(RDMA_READ_CONSUME_CHECK_CONSUMER) timestamp=371 ms, used_size=11601920 bytes (28.3%)
(RDMA_READ_CONSUME_CHECK_CONSUMER) timestamp=371 ms, used_size=11599872 bytes (28.3%)
(RDMA_READ_CONSUME_CHECK_CONSUMER) timestamp=371 ms, used_size=11597824 bytes (28.3%)
(RDMA_READ_CONSUME_CHECK_CONSUMER) timestamp=371 ms, used_size=11595776 bytes (28.3%)
(RDMA_READ_CONSUME_CHECK_CONSUMER) timestamp=371 ms, used_size=11593728 bytes (28.3%)
(RDMA_READ_CONSUME_CHECK_CONSUMER) timestamp=371 ms, used_size=11591680 bytes (28.3%)
(RDMA_READ_CONSUME_CHECK_CONSUMER) timestamp=371 ms, used_size=11589632 bytes (28.3%)
(RDMA_READ_CONSUME_CHECK_CONSUMER) timestamp=371 ms, used_size=11587584 bytes (28.3%)
(RDMA_READ_CONSUME_CHECK_CONSUMER) timestamp=371 ms, used_size=11585536 bytes (28.3%)
(RDMA_READ_CONSUME_CHECK_CONSUMER) timestamp=371 ms, used_size=11583488 bytes (28.3%)
(RDMA_READ_CONSUME_CHECK_CONSUMER) timestamp=371 ms, used_size=11581440 bytes (28.3%)
(RDMA_READ_CONSUME_CHECK_CONSUMER) timestamp=371 ms, used_size=11579392 bytes (28.3%)
(RDMA_READ_CONSUME_CHECK_CONSUMER) timestamp=371 ms, used_size=11577344 bytes (28.3%)
(RDMA_READ_CONSUME_CHECK_CONSUMER) timestamp=371 ms, used_size=11575296 bytes (28.3%)
(RDMA_READ_CONSUME_CHECK_CONSUMER) timestamp=371 ms, used_size=11573248 bytes (28.3%)
(RDMA_READ_CONSUME_CHECK_CONSUMER) timestamp=371 ms, used_size=11571200 bytes (28.2%)
(RDMA_READ_CONSUME_CHECK_CONSUMER) timestamp=371 ms, used_size=11569152 bytes (28.2%)
(RDMA_READ_CONSUME_CHECK_CONSUMER) timestamp=371 ms, used_size=11567104 bytes (28.2%)
(RDMA_READ_CONSUME_CHECK_CONSUMER) timestamp=371 ms, used_size=11565056 bytes (28.2%)
(RDMA_READ_CONSUME_CHECK_CONSUMER) timestamp=371 ms, used_size=11563008 bytes (28.2%)
(RDMA_READ_CONSUME_CHECK_CONSUMER) timestamp=371 ms, used_size=11560960 bytes (28.2%)
(RDMA_READ_CONSUME_CHECK_CONSUMER) timestamp=371 ms, used_size=11558912 bytes (28.2%)
(RDMA_READ_CONSUME_CHECK_CONSUMER) timestamp=371 ms, used_size=11556864 bytes (28.2%)
(RDMA_READ_CONSUME_CHECK_CONSUMER) timestamp=371 ms, used_size=11554816 bytes (28.2%)
(RDMA_READ_CONSUME_CHECK_CONSUMER) timestamp=371 ms, used_size=11552768 bytes (28.2%)
(RDMA_READ_CONSUME_CHECK_CONSUMER) timestamp=371 ms, used_size=11550720 bytes (28.2%)
(RDMA_READ_CONSUME_CHECK_CONSUMER) timestamp=371 ms, used_size=11548672 bytes (28.2%)
(RDMA_READ_CONSUME_CHECK_CONSUMER) timestamp=371 ms, used_size=11546624 bytes (28.2%)
(RDMA_READ_CONSUME_CHECK_CONSUMER) timestamp=371 ms, used_size=11544576 bytes (28.2%)
(RDMA_READ_CONSUME_CHECK_CONSUMER) timestamp=371 ms, used_size=11542528 bytes (28.2%)
(RDMA_READ_CONSUME_CHECK_CONSUMER) timestamp=371 ms, used_size=11540480 bytes (28.2%)
(RDMA_READ_CONSUME_CHECK_CONSUMER) timestamp=371 ms, used_size=11538432 bytes (28.2%)
(RDMA_READ_CONSUME_CHECK_CONSUMER) timestamp=371 ms, used_size=11536384 bytes (28.2%)
(RDMA_READ_CONSUME_CHECK_CONSUMER) timestamp=371 ms, used_size=11534336 bytes (28.2%)
(RDMA_READ_CONSUME_CHECK_CONSUMER) timestamp=371 ms, used_size=11532288 bytes (28.2%)
(RDMA_READ_CONSUME_CHECK_CONSUMER) timestamp=371 ms, used_size=11530240 bytes (28.1%)
(RDMA_READ_CONSUME_CHECK_CONSUMER) timestamp=371 ms, used_size=11528192 bytes (28.1%)
(RDMA_READ_CONSUME_CHECK_CONSUMER) timestamp=371 ms, used_size=11526144 bytes (28.1%)
(RDMA_READ_CONSUME_CHECK_CONSUMER) timestamp=371 ms, used_size=11524096 bytes (28.1%)
(RDMA_READ_CONSUME_CHECK_CONSUMER) timestamp=371 ms, used_size=11522048 bytes (28.1%)
(RDMA_READ_CONSUME_CHECK_CONSUMER) timestamp=371 ms, used_size=11520000 bytes (28.1%)
(RDMA_READ_CONSUME_CHECK_CONSUMER) timestamp=371 ms, used_size=11517952 bytes (28.1%)
(RDMA_READ_CONSUME_CHECK_CONSUMER) timestamp=371 ms, used_size=11515904 bytes (28.1%)
(RDMA_READ_CONSUME_CHECK_CONSUMER) timestamp=371 ms, used_size=11513856 bytes (28.1%)
(RDMA_READ_CONSUME_CHECK_CONSUMER) timestamp=371 ms, used_size=11511808 bytes (28.1%)
(RDMA_READ_CONSUME_CHECK_CONSUMER) timestamp=371 ms, used_size=11509760 bytes (28.1%)
(RDMA_READ_CONSUME_CHECK_CONSUMER) timestamp=371 ms, used_size=11507712 bytes (28.1%)
(RDMA_READ_CONSUME_CHECK_CONSUMER) timestamp=371 ms, used_size=11505664 bytes (28.1%)
(RDMA_READ_CONSUME_CHECK_CONSUMER) timestamp=371 ms, used_size=11503616 bytes (28.1%)
(RDMA_READ_CONSUME_CHECK_CONSUMER) timestamp=371 ms, used_size=11501568 bytes (28.1%)
(RDMA_READ_CONSUME_CHECK_CONSUMER) timestamp=371 ms, used_size=11499520 bytes (28.1%)
(RDMA_READ_CONSUME_CHECK_CONSUMER) timestamp=371 ms, used_size=11497472 bytes (28.1%)
(RDMA_READ_CONSUME_CHECK_CONSUMER) timestamp=371 ms, used_size=11495424 bytes (28.1%)
(RDMA_READ_CONSUME_CHECK_CONSUMER) timestamp=371 ms, used_size=11493376 bytes (28.1%)
(RDMA_READ_CONSUME_CHECK_CONSUMER) timestamp=371 ms, used_size=11491328 bytes (28.1%)
(RDMA_READ_CONSUME_CHECK_CONSUMER) timestamp=371 ms, used_size=11489280 bytes (28.1%)
(RDMA_READ_CONSUME_CHECK_CONSUMER) timestamp=371 ms, used_size=11487232 bytes (28.0%)
(RDMA_READ_CONSUME_CHECK_CONSUMER) timestamp=371 ms, used_size=11485184 bytes (28.0%)
(RDMA_READ_CONSUME_CHECK_CONSUMER) timestamp=371 ms, used_size=11483136 bytes (28.0%)
(RDMA_READ_CONSUME_CHECK_CONSUMER) timestamp=371 ms, used_size=11481088 bytes (28.0%)
(RDMA_READ_CONSUME_CHECK_CONSUMER) timestamp=371 ms, used_size=11479040 bytes (28.0%)
(RDMA_READ_CONSUME_CHECK_CONSUMER) timestamp=371 ms, used_size=11476992 bytes (28.0%)
(RDMA_READ_CONSUME_CHECK_CONSUMER) timestamp=371 ms, used_size=11474944 bytes (28.0%)
(RDMA_READ_CONSUME_CHECK_CONSUMER) timestamp=371 ms, used_size=11472896 bytes (28.0%)
(RDMA_READ_CONSUME_CHECK_CONSUMER) timestamp=371 ms, used_size=11470848 bytes (28.0%)
(RDMA_READ_CONSUME_CHECK_CONSUMER) timestamp=371 ms, used_size=11468800 bytes (28.0%)
(RDMA_READ_CONSUME_CHECK_CONSUMER) timestamp=371 ms, used_size=11466752 bytes (28.0%)
(RDMA_READ_CONSUME_CHECK_CONSUMER) timestamp=371 ms, used_size=11464704 bytes (28.0%)
(RDMA_READ_CONSUME_CHECK_CONSUMER) timestamp=371 ms, used_size=11462656 bytes (28.0%)
(RDMA_READ_CONSUME_CHECK_CONSUMER) timestamp=371 ms, used_size=11460608 bytes (28.0%)
(RDMA_READ_CONSUME_CHECK_CONSUMER) timestamp=371 ms, used_size=11458560 bytes (28.0%)
(RDMA_READ_CONSUME_CHECK_CONSUMER) timestamp=371 ms, used_size=11456512 bytes (28.0%)
(RDMA_READ_CONSUME_CHECK_CONSUMER) timestamp=371 ms, used_size=11454464 bytes (28.0%)
(RDMA_READ_CONSUME_CHECK_CONSUMER) timestamp=371 ms, used_size=11452416 bytes (28.0%)
(RDMA_READ_CONSUME_CHECK_CONSUMER) timestamp=371 ms, used_size=11450368 bytes (28.0%)
(RDMA_READ_CONSUME_CHECK_CONSUMER) timestamp=371 ms, used_size=11448320 bytes (27.9%)
(RDMA_READ_CONSUME_CHECK_CONSUMER) timestamp=371 ms, used_size=11446272 bytes (27.9%)
(RDMA_READ_CONSUME_CHECK_CONSUMER) timestamp=371 ms, used_size=11444224 bytes (27.9%)
(RDMA_READ_CONSUME_CHECK_CONSUMER) timestamp=371 ms, used_size=11442176 bytes (27.9%)
(RDMA_READ_CONSUME_CHECK_CONSUMER) timestamp=371 ms, used_size=11440128 bytes (27.9%)
(RDMA_READ_CONSUME_CHECK_CONSUMER) timestamp=371 ms, used_size=11438080 bytes (27.9%)
(RDMA_READ_CONSUME_CHECK_CONSUMER) timestamp=371 ms, used_size=11436032 bytes (27.9%)
(RDMA_READ_CONSUME_CHECK_CONSUMER) timestamp=371 ms, used_size=11433984 bytes (27.9%)
(RDMA_READ_CONSUME_CHECK_CONSUMER) timestamp=371 ms, used_size=11431936 bytes (27.9%)
(RDMA_READ_CONSUME_CHECK_CONSUMER) timestamp=371 ms, used_size=11429888 bytes (27.9%)
(RDMA_READ_CONSUME_CHECK_CONSUMER) timestamp=371 ms, used_size=11427840 bytes (27.9%)
(RDMA_READ_CONSUME_CHECK_CONSUMER) timestamp=371 ms, used_size=11425792 bytes (27.9%)
(RDMA_READ_CONSUME_CHECK_CONSUMER) timestamp=371 ms, used_size=11423744 bytes (27.9%)
(RDMA_READ_CONSUME_CHECK_CONSUMER) timestamp=371 ms, used_size=11421696 bytes (27.9%)
(RDMA_READ_CONSUME_CHECK_CONSUMER) timestamp=371 ms, used_size=11419648 bytes (27.9%)
(RDMA_READ_CONSUME_CHECK_CONSUMER) timestamp=371 ms, used_size=11417600 bytes (27.9%)
(RDMA_READ_CONSUME_CHECK_CONSUMER) timestamp=371 ms, used_size=11415552 bytes (27.9%)
(RDMA_READ_CONSUME_CHECK_CONSUMER) timestamp=371 ms, used_size=11413504 bytes (27.9%)
(RDMA_READ_CONSUME_CHECK_CONSUMER) timestamp=371 ms, used_size=11411456 bytes (27.9%)
(RDMA_READ_CONSUME_CHECK_CONSUMER) timestamp=371 ms, used_size=11409408 bytes (27.9%)
(RDMA_READ_CONSUME_CHECK_CONSUMER) timestamp=371 ms, used_size=11407360 bytes (27.9%)
(RDMA_READ_CONSUME_CHECK_CONSUMER) timestamp=371 ms, used_size=11405312 bytes (27.8%)
(RDMA_READ_CONSUME_CHECK_CONSUMER) timestamp=371 ms, used_size=11403264 bytes (27.8%)
(RDMA_READ_CONSUME_CHECK_CONSUMER) timestamp=371 ms, used_size=11401216 bytes (27.8%)
(RDMA_READ_CONSUME_CHECK_CONSUMER) timestamp=371 ms, used_size=11399168 bytes (27.8%)
(RDMA_READ_CONSUME_CHECK_CONSUMER) timestamp=371 ms, used_size=11397120 bytes (27.8%)
(RDMA_READ_CONSUME_CHECK_CONSUMER) timestamp=371 ms, used_size=11395072 bytes (27.8%)
(RDMA_READ_CONSUME_CHECK_CONSUMER) timestamp=371 ms, used_size=11393024 bytes (27.8%)
(RDMA_READ_CONSUME_CHECK_CONSUMER) timestamp=371 ms, used_size=11390976 bytes (27.8%)
(RDMA_READ_CONSUME_CHECK_CONSUMER) timestamp=371 ms, used_size=11388928 bytes (27.8%)
(RDMA_READ_CONSUME_CHECK_CONSUMER) timestamp=371 ms, used_size=11386880 bytes (27.8%)
(RDMA_READ_CONSUME_CHECK_CONSUMER) timestamp=371 ms, used_size=11384832 bytes (27.8%)
(RDMA_READ_CONSUME_CHECK_CONSUMER) timestamp=371 ms, used_size=11382784 bytes (27.8%)
(RDMA_READ_CONSUME_CHECK_CONSUMER) timestamp=371 ms, used_size=11380736 bytes (27.8%)
(RDMA_READ_CONSUME_CHECK_CONSUMER) timestamp=371 ms, used_size=11378688 bytes (27.8%)
(RDMA_READ_CONSUME_CHECK_CONSUMER) timestamp=371 ms, used_size=11376640 bytes (27.8%)
(RDMA_READ_CONSUME_CHECK_CONSUMER) timestamp=371 ms, used_size=11374592 bytes (27.8%)
(RDMA_READ_CONSUME_CHECK_CONSUMER) timestamp=371 ms, used_size=11372544 bytes (27.8%)
(RDMA_READ_CONSUME_CHECK_CONSUMER) timestamp=371 ms, used_size=11370496 bytes (27.8%)
(RDMA_READ_CONSUME_CHECK_CONSUMER) timestamp=371 ms, used_size=11368448 bytes (27.8%)
(RDMA_READ_CONSUME_CHECK_CONSUMER) timestamp=371 ms, used_size=11366400 bytes (27.8%)
(RDMA_READ_CONSUME_CHECK_CONSUMER) timestamp=371 ms, used_size=11364352 bytes (27.7%)
(RDMA_READ_CONSUME_CHECK_CONSUMER) timestamp=371 ms, used_size=11362304 bytes (27.7%)
(RDMA_READ_CONSUME_CHECK_CONSUMER) timestamp=371 ms, used_size=11360256 bytes (27.7%)
(RDMA_READ_CONSUME_CHECK_CONSUMER) timestamp=371 ms, used_size=11358208 bytes (27.7%)
(RDMA_READ_CONSUME_CHECK_CONSUMER) timestamp=371 ms, used_size=11356160 bytes (27.7%)
(RDMA_READ_CONSUME_CHECK_CONSUMER) timestamp=371 ms, used_size=11354112 bytes (27.7%)
(RDMA_READ_CONSUME_CHECK_CONSUMER) timestamp=371 ms, used_size=11352064 bytes (27.7%)
(RDMA_READ_CONSUME_CHECK_CONSUMER) timestamp=371 ms, used_size=11350016 bytes (27.7%)
(RDMA_READ_CONSUME_CHECK_CONSUMER) timestamp=371 ms, used_size=11347968 bytes (27.7%)
(RDMA_READ_CONSUME_CHECK_CONSUMER) timestamp=371 ms, used_size=11345920 bytes (27.7%)
(RDMA_READ_CONSUME_CHECK_CONSUMER) timestamp=371 ms, used_size=11343872 bytes (27.7%)
(RDMA_READ_CONSUME_CHECK_CONSUMER) timestamp=371 ms, used_size=11341824 bytes (27.7%)
(RDMA_READ_CONSUME_CHECK_CONSUMER) timestamp=371 ms, used_size=11339776 bytes (27.7%)
(RDMA_READ_CONSUME_CHECK_CONSUMER) timestamp=371 ms, used_size=11337728 bytes (27.7%)
(RDMA_READ_CONSUME_CHECK_CONSUMER) timestamp=371 ms, used_size=11335680 bytes (27.7%)
(RDMA_READ_CONSUME_CHECK_CONSUMER) timestamp=371 ms, used_size=11333632 bytes (27.7%)
(RDMA_READ_CONSUME_CHECK_CONSUMER) timestamp=371 ms, used_size=11331584 bytes (27.7%)
(RDMA_READ_CONSUME_CHECK_CONSUMER) timestamp=371 ms, used_size=11329536 bytes (27.7%)
(RDMA_READ_CONSUME_CHECK_CONSUMER) timestamp=371 ms, used_size=11327488 bytes (27.7%)
(RDMA_READ_CONSUME_CHECK_CONSUMER) timestamp=371 ms, used_size=11325440 bytes (27.6%)
(RDMA_READ_CONSUME_CHECK_CONSUMER) timestamp=371 ms, used_size=11323392 bytes (27.6%)
(RDMA_READ_CONSUME_CHECK_CONSUMER) timestamp=371 ms, used_size=11321344 bytes (27.6%)
(RDMA_READ_CONSUME_CHECK_CONSUMER) timestamp=371 ms, used_size=11319296 bytes (27.6%)
(RDMA_READ_CONSUME_CHECK_CONSUMER) timestamp=371 ms, used_size=11317248 bytes (27.6%)
(RDMA_READ_CONSUME_CHECK_CONSUMER) timestamp=371 ms, used_size=11315200 bytes (27.6%)
(RDMA_READ_CONSUME_CHECK_CONSUMER) timestamp=371 ms, used_size=11313152 bytes (27.6%)
(RDMA_READ_CONSUME_CHECK_CONSUMER) timestamp=371 ms, used_size=11311104 bytes (27.6%)
(RDMA_READ_CONSUME_CHECK_CONSUMER) timestamp=371 ms, used_size=11309056 bytes (27.6%)
(RDMA_READ_CONSUME_CHECK_CONSUMER) timestamp=372 ms, used_size=11307008 bytes (27.6%)
(RDMA_READ_CONSUME_CHECK_CONSUMER) timestamp=372 ms, used_size=11304960 bytes (27.6%)
(RDMA_READ_CONSUME_CHECK_CONSUMER) timestamp=372 ms, used_size=11302912 bytes (27.6%)
(RDMA_READ_CONSUME_CHECK_CONSUMER) timestamp=372 ms, used_size=11300864 bytes (27.6%)
(RDMA_READ_CONSUME_CHECK_CONSUMER) timestamp=372 ms, used_size=11298816 bytes (27.6%)
(RDMA_READ_CONSUME_CHECK_CONSUMER) timestamp=372 ms, used_size=11296768 bytes (27.6%)
(RDMA_READ_CONSUME_CHECK_CONSUMER) timestamp=372 ms, used_size=11294720 bytes (27.6%)
(RDMA_READ_CONSUME_CHECK_CONSUMER) timestamp=372 ms, used_size=11292672 bytes (27.6%)
(RDMA_READ_CONSUME_CHECK_CONSUMER) timestamp=372 ms, used_size=11290624 bytes (27.6%)
(RDMA_READ_CONSUME_CHECK_CONSUMER) timestamp=372 ms, used_size=11288576 bytes (27.6%)
(RDMA_READ_CONSUME_CHECK_CONSUMER) timestamp=372 ms, used_size=11286528 bytes (27.6%)
(RDMA_READ_CONSUME_CHECK_CONSUMER) timestamp=372 ms, used_size=11284480 bytes (27.6%)
(RDMA_READ_CONSUME_CHECK_CONSUMER) timestamp=372 ms, used_size=11282432 bytes (27.5%)
(RDMA_READ_CONSUME_CHECK_CONSUMER) timestamp=372 ms, used_size=11280384 bytes (27.5%)
(RDMA_READ_CONSUME_CHECK_CONSUMER) timestamp=372 ms, used_size=11278336 bytes (27.5%)
(RDMA_READ_CONSUME_CHECK_CONSUMER) timestamp=372 ms, used_size=11276288 bytes (27.5%)
(RDMA_READ_CONSUME_CHECK_CONSUMER) timestamp=372 ms, used_size=11274240 bytes (27.5%)
(RDMA_READ_CONSUME_CHECK_CONSUMER) timestamp=372 ms, used_size=11272192 bytes (27.5%)
(RDMA_READ_CONSUME_CHECK_CONSUMER) timestamp=372 ms, used_size=11270144 bytes (27.5%)
(RDMA_READ_CONSUME_CHECK_CONSUMER) timestamp=372 ms, used_size=11268096 bytes (27.5%)
(RDMA_READ_CONSUME_CHECK_CONSUMER) timestamp=372 ms, used_size=11266048 bytes (27.5%)
(RDMA_READ_CONSUME_CHECK_CONSUMER) timestamp=372 ms, used_size=11264000 bytes (27.5%)
(RDMA_READ_CONSUME_CHECK_CONSUMER) timestamp=372 ms, used_size=11261952 bytes (27.5%)
(RDMA_READ_CONSUME_CHECK_CONSUMER) timestamp=372 ms, used_size=11259904 bytes (27.5%)
(RDMA_READ_CONSUME_CHECK_CONSUMER) timestamp=372 ms, used_size=11257856 bytes (27.5%)
(RDMA_READ_CONSUME_CHECK_CONSUMER) timestamp=372 ms, used_size=11255808 bytes (27.5%)
(RDMA_READ_CONSUME_CHECK_CONSUMER) timestamp=372 ms, used_size=11253760 bytes (27.5%)
(RDMA_READ_CONSUME_CHECK_CONSUMER) timestamp=372 ms, used_size=11251712 bytes (27.5%)
(RDMA_READ_CONSUME_CHECK_CONSUMER) timestamp=372 ms, used_size=11249664 bytes (27.5%)
(RDMA_READ_CONSUME_CHECK_CONSUMER) timestamp=372 ms, used_size=11247616 bytes (27.5%)
(RDMA_READ_CONSUME_CHECK_CONSUMER) timestamp=372 ms, used_size=11245568 bytes (27.5%)
(RDMA_READ_CONSUME_CHECK_CONSUMER) timestamp=372 ms, used_size=11243520 bytes (27.4%)
(RDMA_READ_CONSUME_CHECK_CONSUMER) timestamp=372 ms, used_size=11241472 bytes (27.4%)
(RDMA_READ_CONSUME_CHECK_CONSUMER) timestamp=372 ms, used_size=11239424 bytes (27.4%)
(RDMA_READ_CONSUME_CHECK_CONSUMER) timestamp=372 ms, used_size=11237376 bytes (27.4%)
(RDMA_READ_CONSUME_CHECK_CONSUMER) timestamp=372 ms, used_size=11235328 bytes (27.4%)
(RDMA_READ_CONSUME_CHECK_CONSUMER) timestamp=372 ms, used_size=11233280 bytes (27.4%)
(RDMA_READ_CONSUME_CHECK_CONSUMER) timestamp=372 ms, used_size=11231232 bytes (27.4%)
(RDMA_READ_CONSUME_CHECK_CONSUMER) timestamp=372 ms, used_size=11229184 bytes (27.4%)
(RDMA_READ_CONSUME_CHECK_CONSUMER) timestamp=372 ms, used_size=11227136 bytes (27.4%)
(RDMA_READ_CONSUME_CHECK_CONSUMER) timestamp=372 ms, used_size=11225088 bytes (27.4%)
(RDMA_READ_CONSUME_CHECK_CONSUMER) timestamp=372 ms, used_size=11223040 bytes (27.4%)
(RDMA_READ_CONSUME_CHECK_CONSUMER) timestamp=372 ms, used_size=11220992 bytes (27.4%)
(RDMA_READ_CONSUME_CHECK_CONSUMER) timestamp=372 ms, used_size=11218944 bytes (27.4%)
(RDMA_READ_CONSUME_CHECK_CONSUMER) timestamp=372 ms, used_size=11216896 bytes (27.4%)
(RDMA_READ_CONSUME_CHECK_CONSUMER) timestamp=372 ms, used_size=11214848 bytes (27.4%)
(RDMA_READ_CONSUME_CHECK_CONSUMER) timestamp=372 ms, used_size=11212800 bytes (27.4%)
(RDMA_READ_CONSUME_CHECK_CONSUMER) timestamp=372 ms, used_size=11210752 bytes (27.4%)
(RDMA_READ_CONSUME_CHECK_CONSUMER) timestamp=372 ms, used_size=11208704 bytes (27.4%)
(RDMA_READ_CONSUME_CHECK_CONSUMER) timestamp=372 ms, used_size=11206656 bytes (27.4%)
(RDMA_READ_CONSUME_CHECK_CONSUMER) timestamp=372 ms, used_size=11204608 bytes (27.4%)
(RDMA_READ_CONSUME_CHECK_CONSUMER) timestamp=372 ms, used_size=11202560 bytes (27.4%)
(RDMA_READ_CONSUME_CHECK_CONSUMER) timestamp=372 ms, used_size=11200512 bytes (27.3%)
(RDMA_READ_CONSUME_CHECK_CONSUMER) timestamp=372 ms, used_size=11198464 bytes (27.3%)
(RDMA_READ_CONSUME_CHECK_CONSUMER) timestamp=372 ms, used_size=11196416 bytes (27.3%)
(RDMA_READ_CONSUME_CHECK_CONSUMER) timestamp=372 ms, used_size=11194368 bytes (27.3%)
(RDMA_READ_CONSUME_CHECK_CONSUMER) timestamp=372 ms, used_size=11192320 bytes (27.3%)
(RDMA_READ_CONSUME_CHECK_CONSUMER) timestamp=372 ms, used_size=11190272 bytes (27.3%)
(RDMA_READ_CONSUME_CHECK_CONSUMER) timestamp=372 ms, used_size=11188224 bytes (27.3%)
(RDMA_READ_CONSUME_CHECK_CONSUMER) timestamp=372 ms, used_size=11186176 bytes (27.3%)
(RDMA_READ_CONSUME_CHECK_CONSUMER) timestamp=372 ms, used_size=11184128 bytes (27.3%)
(RDMA_READ_CONSUME_CHECK_CONSUMER) timestamp=372 ms, used_size=11182080 bytes (27.3%)
(RDMA_READ_CONSUME_CHECK_CONSUMER) timestamp=372 ms, used_size=11180032 bytes (27.3%)
(RDMA_READ_CONSUME_CHECK_CONSUMER) timestamp=372 ms, used_size=11177984 bytes (27.3%)
(RDMA_READ_CONSUME_CHECK_CONSUMER) timestamp=372 ms, used_size=11175936 bytes (27.3%)
(RDMA_READ_CONSUME_CHECK_CONSUMER) timestamp=372 ms, used_size=11173888 bytes (27.3%)
(RDMA_READ_CONSUME_CHECK_CONSUMER) timestamp=372 ms, used_size=11171840 bytes (27.3%)
(RDMA_READ_CONSUME_CHECK_CONSUMER) timestamp=372 ms, used_size=11169792 bytes (27.3%)
(RDMA_READ_CONSUME_CHECK_CONSUMER) timestamp=372 ms, used_size=11167744 bytes (27.3%)
(RDMA_READ_CONSUME_CHECK_CONSUMER) timestamp=372 ms, used_size=11165696 bytes (27.3%)
(RDMA_READ_CONSUME_CHECK_CONSUMER) timestamp=372 ms, used_size=11163648 bytes (27.3%)
(RDMA_READ_CONSUME_CHECK_CONSUMER) timestamp=372 ms, used_size=11161600 bytes (27.2%)
(RDMA_READ_CONSUME_CHECK_CONSUMER) timestamp=372 ms, used_size=11159552 bytes (27.2%)
(RDMA_READ_CONSUME_CHECK_CONSUMER) timestamp=372 ms, used_size=11157504 bytes (27.2%)
(RDMA_READ_CONSUME_CHECK_CONSUMER) timestamp=372 ms, used_size=11155456 bytes (27.2%)
(RDMA_READ_CONSUME_CHECK_CONSUMER) timestamp=372 ms, used_size=11153408 bytes (27.2%)
(RDMA_READ_CONSUME_CHECK_CONSUMER) timestamp=372 ms, used_size=11151360 bytes (27.2%)
(RDMA_READ_CONSUME_CHECK_CONSUMER) timestamp=372 ms, used_size=11149312 bytes (27.2%)
(RDMA_READ_CONSUME_CHECK_CONSUMER) timestamp=372 ms, used_size=11147264 bytes (27.2%)
(RDMA_READ_CONSUME_CHECK_CONSUMER) timestamp=372 ms, used_size=11145216 bytes (27.2%)
(RDMA_READ_CONSUME_CHECK_CONSUMER) timestamp=372 ms, used_size=11143168 bytes (27.2%)
(RDMA_READ_CONSUME_CHECK_CONSUMER) timestamp=372 ms, used_size=11141120 bytes (27.2%)
(RDMA_READ_CONSUME_CHECK_CONSUMER) timestamp=372 ms, used_size=11139072 bytes (27.2%)
(RDMA_READ_CONSUME_CHECK_CONSUMER) timestamp=372 ms, used_size=11137024 bytes (27.2%)
(RDMA_READ_CONSUME_CHECK_CONSUMER) timestamp=372 ms, used_size=11134976 bytes (27.2%)
(RDMA_READ_CONSUME_CHECK_CONSUMER) timestamp=372 ms, used_size=11132928 bytes (27.2%)
(RDMA_READ_CONSUME_CHECK_CONSUMER) timestamp=372 ms, used_size=11130880 bytes (27.2%)
(RDMA_READ_CONSUME_CHECK_CONSUMER) timestamp=372 ms, used_size=11128832 bytes (27.2%)
(RDMA_READ_CONSUME_CHECK_CONSUMER) timestamp=372 ms, used_size=11126784 bytes (27.2%)
(RDMA_READ_CONSUME_CHECK_CONSUMER) timestamp=372 ms, used_size=11124736 bytes (27.2%)
(RDMA_READ_CONSUME_CHECK_CONSUMER) timestamp=372 ms, used_size=11122688 bytes (27.2%)
(RDMA_READ_CONSUME_CHECK_CONSUMER) timestamp=372 ms, used_size=11120640 bytes (27.1%)
(RDMA_READ_CONSUME_CHECK_CONSUMER) timestamp=372 ms, used_size=11118592 bytes (27.1%)
(RDMA_READ_CONSUME_CHECK_CONSUMER) timestamp=372 ms, used_size=11116544 bytes (27.1%)
(RDMA_READ_CONSUME_CHECK_CONSUMER) timestamp=372 ms, used_size=11114496 bytes (27.1%)
(RDMA_READ_CONSUME_CHECK_CONSUMER) timestamp=372 ms, used_size=11112448 bytes (27.1%)
(RDMA_READ_CONSUME_CHECK_CONSUMER) timestamp=372 ms, used_size=11110400 bytes (27.1%)
(RDMA_READ_CONSUME_CHECK_CONSUMER) timestamp=372 ms, used_size=11108352 bytes (27.1%)
(RDMA_READ_CONSUME_CHECK_CONSUMER) timestamp=372 ms, used_size=11106304 bytes (27.1%)
(RDMA_READ_CONSUME_CHECK_CONSUMER) timestamp=372 ms, used_size=11104256 bytes (27.1%)
(RDMA_READ_CONSUME_CHECK_CONSUMER) timestamp=372 ms, used_size=11102208 bytes (27.1%)
(RDMA_READ_CONSUME_CHECK_CONSUMER) timestamp=372 ms, used_size=11100160 bytes (27.1%)
(RDMA_READ_CONSUME_CHECK_CONSUMER) timestamp=372 ms, used_size=11098112 bytes (27.1%)
(RDMA_READ_CONSUME_CHECK_CONSUMER) timestamp=372 ms, used_size=11096064 bytes (27.1%)
(RDMA_READ_CONSUME_CHECK_CONSUMER) timestamp=372 ms, used_size=11094016 bytes (27.1%)
(RDMA_READ_CONSUME_CHECK_CONSUMER) timestamp=372 ms, used_size=11091968 bytes (27.1%)
(RDMA_READ_CONSUME_CHECK_CONSUMER) timestamp=372 ms, used_size=11089920 bytes (27.1%)
(RDMA_READ_CONSUME_CHECK_CONSUMER) timestamp=372 ms, used_size=11087872 bytes (27.1%)
(RDMA_READ_CONSUME_CHECK_CONSUMER) timestamp=372 ms, used_size=11085824 bytes (27.1%)
(RDMA_READ_CONSUME_CHECK_CONSUMER) timestamp=372 ms, used_size=11083776 bytes (27.1%)
(RDMA_READ_CONSUME_CHECK_CONSUMER) timestamp=372 ms, used_size=11081728 bytes (27.1%)
(RDMA_READ_CONSUME_CHECK_CONSUMER) timestamp=372 ms, used_size=11079680 bytes (27.1%)
(RDMA_READ_CONSUME_CHECK_CONSUMER) timestamp=372 ms, used_size=11077632 bytes (27.0%)
(RDMA_READ_CONSUME_CHECK_CONSUMER) timestamp=372 ms, used_size=11075584 bytes (27.0%)
(RDMA_READ_CONSUME_CHECK_CONSUMER) timestamp=372 ms, used_size=11073536 bytes (27.0%)
(RDMA_READ_CONSUME_CHECK_CONSUMER) timestamp=372 ms, used_size=11071488 bytes (27.0%)
(RDMA_READ_CONSUME_CHECK_CONSUMER) timestamp=372 ms, used_size=11069440 bytes (27.0%)
(RDMA_READ_CONSUME_CHECK_CONSUMER) timestamp=372 ms, used_size=11067392 bytes (27.0%)
(RDMA_READ_CONSUME_CHECK_CONSUMER) timestamp=372 ms, used_size=11065344 bytes (27.0%)
(RDMA_READ_CONSUME_CHECK_CONSUMER) timestamp=372 ms, used_size=11063296 bytes (27.0%)
(RDMA_READ_CONSUME_CHECK_CONSUMER) timestamp=372 ms, used_size=11061248 bytes (27.0%)
(RDMA_READ_CONSUME_CHECK_CONSUMER) timestamp=372 ms, used_size=11059200 bytes (27.0%)
(RDMA_READ_CONSUME_CHECK_CONSUMER) timestamp=372 ms, used_size=11057152 bytes (27.0%)
(RDMA_READ_CONSUME_CHECK_CONSUMER) timestamp=372 ms, used_size=11055104 bytes (27.0%)
(RDMA_READ_CONSUME_CHECK_CONSUMER) timestamp=372 ms, used_size=11053056 bytes (27.0%)
(RDMA_READ_CONSUME_CHECK_CONSUMER) timestamp=372 ms, used_size=11051008 bytes (27.0%)
(RDMA_READ_CONSUME_CHECK_CONSUMER) timestamp=372 ms, used_size=11048960 bytes (27.0%)
(RDMA_READ_CONSUME_CHECK_CONSUMER) timestamp=372 ms, used_size=11046912 bytes (27.0%)
(RDMA_READ_CONSUME_CHECK_CONSUMER) timestamp=372 ms, used_size=11044864 bytes (27.0%)
(RDMA_READ_CONSUME_CHECK_CONSUMER) timestamp=372 ms, used_size=11042816 bytes (27.0%)
(RDMA_READ_CONSUME_CHECK_CONSUMER) timestamp=372 ms, used_size=11040768 bytes (27.0%)
(RDMA_READ_CONSUME_CHECK_CONSUMER) timestamp=372 ms, used_size=11038720 bytes (26.9%)
(RDMA_READ_CONSUME_CHECK_CONSUMER) timestamp=372 ms, used_size=11036672 bytes (26.9%)
(RDMA_READ_CONSUME_CHECK_CONSUMER) timestamp=372 ms, used_size=11034624 bytes (26.9%)
(RDMA_READ_CONSUME_CHECK_CONSUMER) timestamp=372 ms, used_size=11032576 bytes (26.9%)
(RDMA_READ_CONSUME_CHECK_CONSUMER) timestamp=372 ms, used_size=11030528 bytes (26.9%)
(RDMA_READ_CONSUME_CHECK_CONSUMER) timestamp=372 ms, used_size=11028480 bytes (26.9%)
(RDMA_READ_CONSUME_CHECK_CONSUMER) timestamp=372 ms, used_size=11026432 bytes (26.9%)
(RDMA_READ_CONSUME_CHECK_CONSUMER) timestamp=372 ms, used_size=11024384 bytes (26.9%)
(RDMA_READ_CONSUME_CHECK_CONSUMER) timestamp=372 ms, used_size=11022336 bytes (26.9%)
(RDMA_READ_CONSUME_CHECK_CONSUMER) timestamp=372 ms, used_size=11020288 bytes (26.9%)
(RDMA_READ_CONSUME_CHECK_CONSUMER) timestamp=372 ms, used_size=11018240 bytes (26.9%)
(RDMA_READ_CONSUME_CHECK_CONSUMER) timestamp=372 ms, used_size=11016192 bytes (26.9%)
(RDMA_READ_CONSUME_CHECK_CONSUMER) timestamp=372 ms, used_size=11014144 bytes (26.9%)
(RDMA_READ_CONSUME_CHECK_CONSUMER) timestamp=372 ms, used_size=11012096 bytes (26.9%)
(RDMA_READ_CONSUME_CHECK_CONSUMER) timestamp=372 ms, used_size=11010048 bytes (26.9%)
(RDMA_READ_CONSUME_CHECK_CONSUMER) timestamp=372 ms, used_size=11008000 bytes (26.9%)
(RDMA_READ_CONSUME_CHECK_CONSUMER) timestamp=372 ms, used_size=11005952 bytes (26.9%)
(RDMA_READ_CONSUME_CHECK_CONSUMER) timestamp=372 ms, used_size=11003904 bytes (26.9%)
(RDMA_READ_CONSUME_CHECK_CONSUMER) timestamp=372 ms, used_size=11001856 bytes (26.9%)
(RDMA_READ_CONSUME_CHECK_CONSUMER) timestamp=372 ms, used_size=10999808 bytes (26.9%)
(RDMA_READ_CONSUME_CHECK_CONSUMER) timestamp=372 ms, used_size=10997760 bytes (26.9%)
(RDMA_READ_CONSUME_CHECK_CONSUMER) timestamp=372 ms, used_size=10995712 bytes (26.8%)
(RDMA_READ_CONSUME_CHECK_CONSUMER) timestamp=372 ms, used_size=10993664 bytes (26.8%)
(RDMA_READ_CONSUME_CHECK_CONSUMER) timestamp=372 ms, used_size=10991616 bytes (26.8%)
(RDMA_READ_CONSUME_CHECK_CONSUMER) timestamp=372 ms, used_size=10989568 bytes (26.8%)
(RDMA_READ_CONSUME_CHECK_CONSUMER) timestamp=372 ms, used_size=10987520 bytes (26.8%)
(RDMA_READ_CONSUME_CHECK_CONSUMER) timestamp=372 ms, used_size=10985472 bytes (26.8%)
(RDMA_READ_CONSUME_CHECK_CONSUMER) timestamp=372 ms, used_size=10983424 bytes (26.8%)
(RDMA_READ_CONSUME_CHECK_CONSUMER) timestamp=372 ms, used_size=10981376 bytes (26.8%)
(RDMA_READ_CONSUME_CHECK_CONSUMER) timestamp=372 ms, used_size=10979328 bytes (26.8%)
(RDMA_READ_CONSUME_CHECK_CONSUMER) timestamp=372 ms, used_size=10977280 bytes (26.8%)
(RDMA_READ_CONSUME_CHECK_CONSUMER) timestamp=372 ms, used_size=10975232 bytes (26.8%)
(RDMA_READ_CONSUME_CHECK_CONSUMER) timestamp=372 ms, used_size=10973184 bytes (26.8%)
(RDMA_READ_CONSUME_CHECK_CONSUMER) timestamp=372 ms, used_size=10971136 bytes (26.8%)
(RDMA_READ_CONSUME_CHECK_CONSUMER) timestamp=372 ms, used_size=10969088 bytes (26.8%)
(RDMA_READ_CONSUME_CHECK_CONSUMER) timestamp=372 ms, used_size=10967040 bytes (26.8%)
(RDMA_READ_CONSUME_CHECK_CONSUMER) timestamp=372 ms, used_size=10964992 bytes (26.8%)
(RDMA_READ_CONSUME_CHECK_CONSUMER) timestamp=372 ms, used_size=10962944 bytes (26.8%)
(RDMA_READ_CONSUME_CHECK_CONSUMER) timestamp=372 ms, used_size=10960896 bytes (26.8%)
(RDMA_READ_CONSUME_CHECK_CONSUMER) timestamp=372 ms, used_size=10958848 bytes (26.8%)
(RDMA_READ_CONSUME_CHECK_CONSUMER) timestamp=372 ms, used_size=10956800 bytes (26.8%)
(RDMA_READ_CONSUME_CHECK_CONSUMER) timestamp=372 ms, used_size=10954752 bytes (26.7%)
(RDMA_READ_CONSUME_CHECK_CONSUMER) timestamp=372 ms, used_size=10952704 bytes (26.7%)
(RDMA_READ_CONSUME_CHECK_CONSUMER) timestamp=372 ms, used_size=10950656 bytes (26.7%)
(RDMA_READ_CONSUME_CHECK_CONSUMER) timestamp=372 ms, used_size=10948608 bytes (26.7%)
(RDMA_READ_CONSUME_CHECK_CONSUMER) timestamp=373 ms, used_size=10946560 bytes (26.7%)
(RDMA_READ_CONSUME_CHECK_CONSUMER) timestamp=373 ms, used_size=10944512 bytes (26.7%)
(RDMA_READ_CONSUME_CHECK_CONSUMER) timestamp=373 ms, used_size=10942464 bytes (26.7%)
(RDMA_READ_CONSUME_CHECK_CONSUMER) timestamp=373 ms, used_size=10940416 bytes (26.7%)
(RDMA_READ_CONSUME_CHECK_CONSUMER) timestamp=373 ms, used_size=10938368 bytes (26.7%)
(RDMA_READ_CONSUME_CHECK_CONSUMER) timestamp=373 ms, used_size=10936320 bytes (26.7%)
(RDMA_READ_CONSUME_CHECK_CONSUMER) timestamp=373 ms, used_size=10934272 bytes (26.7%)
(RDMA_READ_CONSUME_CHECK_CONSUMER) timestamp=373 ms, used_size=10932224 bytes (26.7%)
(RDMA_READ_CONSUME_CHECK_CONSUMER) timestamp=373 ms, used_size=10930176 bytes (26.7%)
(RDMA_READ_CONSUME_CHECK_CONSUMER) timestamp=373 ms, used_size=10928128 bytes (26.7%)
(RDMA_READ_CONSUME_CHECK_CONSUMER) timestamp=373 ms, used_size=10926080 bytes (26.7%)
(RDMA_READ_CONSUME_CHECK_CONSUMER) timestamp=373 ms, used_size=10924032 bytes (26.7%)
(RDMA_READ_CONSUME_CHECK_CONSUMER) timestamp=373 ms, used_size=10921984 bytes (26.7%)
(RDMA_READ_CONSUME_CHECK_CONSUMER) timestamp=373 ms, used_size=10919936 bytes (26.7%)
(RDMA_READ_CONSUME_CHECK_CONSUMER) timestamp=373 ms, used_size=10917888 bytes (26.7%)
(RDMA_READ_CONSUME_CHECK_CONSUMER) timestamp=373 ms, used_size=10915840 bytes (26.6%)
(RDMA_READ_CONSUME_CHECK_CONSUMER) timestamp=373 ms, used_size=10913792 bytes (26.6%)
(RDMA_READ_CONSUME_CHECK_CONSUMER) timestamp=373 ms, used_size=10911744 bytes (26.6%)
(RDMA_READ_CONSUME_CHECK_CONSUMER) timestamp=373 ms, used_size=10909696 bytes (26.6%)
(RDMA_READ_CONSUME_CHECK_CONSUMER) timestamp=373 ms, used_size=10907648 bytes (26.6%)
(RDMA_READ_CONSUME_CHECK_CONSUMER) timestamp=373 ms, used_size=10905600 bytes (26.6%)
(RDMA_READ_CONSUME_CHECK_CONSUMER) timestamp=373 ms, used_size=10903552 bytes (26.6%)
(RDMA_READ_CONSUME_CHECK_CONSUMER) timestamp=373 ms, used_size=10901504 bytes (26.6%)
(RDMA_READ_CONSUME_CHECK_CONSUMER) timestamp=373 ms, used_size=10899456 bytes (26.6%)
(RDMA_READ_CONSUME_CHECK_CONSUMER) timestamp=373 ms, used_size=10897408 bytes (26.6%)
(RDMA_READ_CONSUME_CHECK_CONSUMER) timestamp=373 ms, used_size=10895360 bytes (26.6%)
(RDMA_READ_CONSUME_CHECK_CONSUMER) timestamp=373 ms, used_size=10893312 bytes (26.6%)
(RDMA_READ_CONSUME_CHECK_CONSUMER) timestamp=373 ms, used_size=10891264 bytes (26.6%)
(RDMA_READ_CONSUME_CHECK_CONSUMER) timestamp=373 ms, used_size=10889216 bytes (26.6%)
(RDMA_READ_CONSUME_CHECK_CONSUMER) timestamp=373 ms, used_size=10887168 bytes (26.6%)
(RDMA_READ_CONSUME_CHECK_CONSUMER) timestamp=373 ms, used_size=10885120 bytes (26.6%)
(RDMA_READ_CONSUME_CHECK_CONSUMER) timestamp=373 ms, used_size=10883072 bytes (26.6%)
(RDMA_READ_CONSUME_CHECK_CONSUMER) timestamp=373 ms, used_size=10881024 bytes (26.6%)
(RDMA_READ_CONSUME_CHECK_CONSUMER) timestamp=373 ms, used_size=10878976 bytes (26.6%)
(RDMA_READ_CONSUME_CHECK_CONSUMER) timestamp=373 ms, used_size=10876928 bytes (26.6%)
(RDMA_READ_CONSUME_CHECK_CONSUMER) timestamp=373 ms, used_size=10874880 bytes (26.6%)
(RDMA_READ_CONSUME_CHECK_CONSUMER) timestamp=373 ms, used_size=10872832 bytes (26.5%)
(RDMA_READ_CONSUME_CHECK_CONSUMER) timestamp=373 ms, used_size=10870784 bytes (26.5%)
(RDMA_READ_CONSUME_CHECK_CONSUMER) timestamp=373 ms, used_size=10868736 bytes (26.5%)
(RDMA_READ_CONSUME_CHECK_CONSUMER) timestamp=373 ms, used_size=10866688 bytes (26.5%)
(RDMA_READ_CONSUME_CHECK_CONSUMER) timestamp=373 ms, used_size=10864640 bytes (26.5%)
(RDMA_READ_CONSUME_CHECK_CONSUMER) timestamp=373 ms, used_size=10862592 bytes (26.5%)
(RDMA_READ_CONSUME_CHECK_CONSUMER) timestamp=373 ms, used_size=10860544 bytes (26.5%)
(RDMA_READ_CONSUME_CHECK_CONSUMER) timestamp=373 ms, used_size=10858496 bytes (26.5%)
(RDMA_READ_CONSUME_CHECK_CONSUMER) timestamp=373 ms, used_size=10856448 bytes (26.5%)
(RDMA_READ_CONSUME_CHECK_CONSUMER) timestamp=373 ms, used_size=10854400 bytes (26.5%)
(RDMA_READ_CONSUME_CHECK_CONSUMER) timestamp=373 ms, used_size=10852352 bytes (26.5%)
(RDMA_READ_CONSUME_CHECK_CONSUMER) timestamp=373 ms, used_size=10850304 bytes (26.5%)
(RDMA_READ_CONSUME_CHECK_CONSUMER) timestamp=373 ms, used_size=10848256 bytes (26.5%)
(RDMA_READ_CONSUME_CHECK_CONSUMER) timestamp=373 ms, used_size=10846208 bytes (26.5%)
(RDMA_READ_CONSUME_CHECK_CONSUMER) timestamp=373 ms, used_size=10844160 bytes (26.5%)
(RDMA_READ_CONSUME_CHECK_CONSUMER) timestamp=373 ms, used_size=10842112 bytes (26.5%)
(RDMA_READ_CONSUME_CHECK_CONSUMER) timestamp=373 ms, used_size=10840064 bytes (26.5%)
(RDMA_READ_CONSUME_CHECK_CONSUMER) timestamp=373 ms, used_size=10838016 bytes (26.5%)
(RDMA_READ_CONSUME_CHECK_CONSUMER) timestamp=373 ms, used_size=10835968 bytes (26.5%)
(RDMA_READ_CONSUME_CHECK_CONSUMER) timestamp=373 ms, used_size=10833920 bytes (26.4%)
(RDMA_READ_CONSUME_CHECK_CONSUMER) timestamp=373 ms, used_size=10831872 bytes (26.4%)
(RDMA_READ_CONSUME_CHECK_CONSUMER) timestamp=373 ms, used_size=10829824 bytes (26.4%)
(RDMA_READ_CONSUME_CHECK_CONSUMER) timestamp=373 ms, used_size=10827776 bytes (26.4%)
(RDMA_READ_CONSUME_CHECK_CONSUMER) timestamp=373 ms, used_size=10825728 bytes (26.4%)
(RDMA_READ_CONSUME_CHECK_CONSUMER) timestamp=373 ms, used_size=10823680 bytes (26.4%)
(RDMA_READ_CONSUME_CHECK_CONSUMER) timestamp=373 ms, used_size=10821632 bytes (26.4%)
(RDMA_READ_CONSUME_CHECK_CONSUMER) timestamp=373 ms, used_size=10819584 bytes (26.4%)
(RDMA_READ_CONSUME_CHECK_CONSUMER) timestamp=373 ms, used_size=10817536 bytes (26.4%)
(RDMA_READ_CONSUME_CHECK_CONSUMER) timestamp=373 ms, used_size=10815488 bytes (26.4%)
(RDMA_READ_CONSUME_CHECK_CONSUMER) timestamp=373 ms, used_size=10813440 bytes (26.4%)
(RDMA_READ_CONSUME_CHECK_CONSUMER) timestamp=373 ms, used_size=10811392 bytes (26.4%)
(RDMA_READ_CONSUME_CHECK_CONSUMER) timestamp=373 ms, used_size=10809344 bytes (26.4%)
(RDMA_READ_CONSUME_CHECK_CONSUMER) timestamp=373 ms, used_size=10807296 bytes (26.4%)
(RDMA_READ_CONSUME_CHECK_CONSUMER) timestamp=373 ms, used_size=10805248 bytes (26.4%)
(RDMA_READ_CONSUME_CHECK_CONSUMER) timestamp=373 ms, used_size=10803200 bytes (26.4%)
(RDMA_READ_CONSUME_CHECK_CONSUMER) timestamp=373 ms, used_size=10801152 bytes (26.4%)
(RDMA_READ_CONSUME_CHECK_CONSUMER) timestamp=373 ms, used_size=10799104 bytes (26.4%)
(RDMA_READ_CONSUME_CHECK_CONSUMER) timestamp=373 ms, used_size=10797056 bytes (26.4%)
(RDMA_READ_CONSUME_CHECK_CONSUMER) timestamp=373 ms, used_size=10795008 bytes (26.4%)
(RDMA_READ_CONSUME_CHECK_CONSUMER) timestamp=373 ms, used_size=10792960 bytes (26.4%)
(RDMA_READ_CONSUME_CHECK_CONSUMER) timestamp=373 ms, used_size=10790912 bytes (26.3%)
(RDMA_READ_CONSUME_CHECK_CONSUMER) timestamp=373 ms, used_size=10788864 bytes (26.3%)
(RDMA_READ_CONSUME_CHECK_CONSUMER) timestamp=373 ms, used_size=10786816 bytes (26.3%)
(RDMA_READ_CONSUME_CHECK_CONSUMER) timestamp=373 ms, used_size=10784768 bytes (26.3%)
(RDMA_READ_CONSUME_CHECK_CONSUMER) timestamp=373 ms, used_size=10782720 bytes (26.3%)
(RDMA_READ_CONSUME_CHECK_CONSUMER) timestamp=373 ms, used_size=10780672 bytes (26.3%)
(RDMA_READ_CONSUME_CHECK_CONSUMER) timestamp=373 ms, used_size=10778624 bytes (26.3%)
(RDMA_READ_CONSUME_CHECK_CONSUMER) timestamp=373 ms, used_size=10776576 bytes (26.3%)
(RDMA_READ_CONSUME_CHECK_CONSUMER) timestamp=373 ms, used_size=10774528 bytes (26.3%)
(RDMA_READ_CONSUME_CHECK_CONSUMER) timestamp=373 ms, used_size=10772480 bytes (26.3%)
(RDMA_READ_CONSUME_CHECK_CONSUMER) timestamp=373 ms, used_size=10770432 bytes (26.3%)
(RDMA_READ_CONSUME_CHECK_CONSUMER) timestamp=373 ms, used_size=10768384 bytes (26.3%)
(RDMA_READ_CONSUME_CHECK_CONSUMER) timestamp=373 ms, used_size=10766336 bytes (26.3%)
(RDMA_READ_CONSUME_CHECK_CONSUMER) timestamp=373 ms, used_size=10764288 bytes (26.3%)
(RDMA_READ_CONSUME_CHECK_CONSUMER) timestamp=373 ms, used_size=10762240 bytes (26.3%)
(RDMA_READ_CONSUME_CHECK_CONSUMER) timestamp=373 ms, used_size=10760192 bytes (26.3%)
(RDMA_READ_CONSUME_CHECK_CONSUMER) timestamp=373 ms, used_size=10758144 bytes (26.3%)
(RDMA_READ_CONSUME_CHECK_CONSUMER) timestamp=373 ms, used_size=10756096 bytes (26.3%)
(RDMA_READ_CONSUME_CHECK_CONSUMER) timestamp=373 ms, used_size=10754048 bytes (26.3%)
(RDMA_READ_CONSUME_CHECK_CONSUMER) timestamp=373 ms, used_size=10752000 bytes (26.2%)
(RDMA_READ_CONSUME_CHECK_CONSUMER) timestamp=373 ms, used_size=10749952 bytes (26.2%)
(RDMA_READ_CONSUME_CHECK_CONSUMER) timestamp=373 ms, used_size=10747904 bytes (26.2%)
(RDMA_READ_CONSUME_CHECK_CONSUMER) timestamp=373 ms, used_size=10745856 bytes (26.2%)
(RDMA_READ_CONSUME_CHECK_CONSUMER) timestamp=373 ms, used_size=10743808 bytes (26.2%)
(RDMA_READ_CONSUME_CHECK_CONSUMER) timestamp=373 ms, used_size=10741760 bytes (26.2%)
(RDMA_READ_CONSUME_CHECK_CONSUMER) timestamp=373 ms, used_size=10739712 bytes (26.2%)
(RDMA_READ_CONSUME_CHECK_CONSUMER) timestamp=373 ms, used_size=10737664 bytes (26.2%)
(RDMA_READ_CONSUME_CHECK_CONSUMER) timestamp=373 ms, used_size=10735616 bytes (26.2%)
(RDMA_READ_CONSUME_CHECK_CONSUMER) timestamp=373 ms, used_size=10733568 bytes (26.2%)
(RDMA_READ_CONSUME_CHECK_CONSUMER) timestamp=373 ms, used_size=10731520 bytes (26.2%)
(RDMA_READ_CONSUME_CHECK_CONSUMER) timestamp=373 ms, used_size=10729472 bytes (26.2%)
(RDMA_READ_CONSUME_CHECK_CONSUMER) timestamp=373 ms, used_size=10727424 bytes (26.2%)
(RDMA_READ_CONSUME_CHECK_CONSUMER) timestamp=373 ms, used_size=10725376 bytes (26.2%)
(RDMA_READ_CONSUME_CHECK_CONSUMER) timestamp=373 ms, used_size=10723328 bytes (26.2%)
(RDMA_READ_CONSUME_CHECK_CONSUMER) timestamp=373 ms, used_size=10721280 bytes (26.2%)
(RDMA_READ_CONSUME_CHECK_CONSUMER) timestamp=373 ms, used_size=10719232 bytes (26.2%)
(RDMA_READ_CONSUME_CHECK_CONSUMER) timestamp=373 ms, used_size=10717184 bytes (26.2%)
(RDMA_READ_CONSUME_CHECK_CONSUMER) timestamp=373 ms, used_size=10715136 bytes (26.2%)
(RDMA_READ_CONSUME_CHECK_CONSUMER) timestamp=373 ms, used_size=10713088 bytes (26.2%)
(RDMA_READ_CONSUME_CHECK_CONSUMER) timestamp=373 ms, used_size=10711040 bytes (26.1%)
(RDMA_READ_CONSUME_CHECK_CONSUMER) timestamp=373 ms, used_size=10708992 bytes (26.1%)
(RDMA_READ_CONSUME_CHECK_CONSUMER) timestamp=373 ms, used_size=10706944 bytes (26.1%)
(RDMA_READ_CONSUME_CHECK_CONSUMER) timestamp=373 ms, used_size=10704896 bytes (26.1%)
(RDMA_READ_CONSUME_CHECK_CONSUMER) timestamp=373 ms, used_size=10702848 bytes (26.1%)
(RDMA_READ_CONSUME_CHECK_CONSUMER) timestamp=373 ms, used_size=10700800 bytes (26.1%)
(RDMA_READ_CONSUME_CHECK_CONSUMER) timestamp=373 ms, used_size=10698752 bytes (26.1%)
(RDMA_READ_CONSUME_CHECK_CONSUMER) timestamp=373 ms, used_size=10696704 bytes (26.1%)
(RDMA_READ_CONSUME_CHECK_CONSUMER) timestamp=373 ms, used_size=10694656 bytes (26.1%)
(RDMA_READ_CONSUME_CHECK_CONSUMER) timestamp=373 ms, used_size=10692608 bytes (26.1%)
(RDMA_READ_CONSUME_CHECK_CONSUMER) timestamp=373 ms, used_size=10690560 bytes (26.1%)
(RDMA_READ_CONSUME_CHECK_CONSUMER) timestamp=373 ms, used_size=10688512 bytes (26.1%)
(RDMA_READ_CONSUME_CHECK_CONSUMER) timestamp=373 ms, used_size=10686464 bytes (26.1%)
(RDMA_READ_CONSUME_CHECK_CONSUMER) timestamp=373 ms, used_size=10684416 bytes (26.1%)
(RDMA_READ_CONSUME_CHECK_CONSUMER) timestamp=373 ms, used_size=10682368 bytes (26.1%)
(RDMA_READ_CONSUME_CHECK_CONSUMER) timestamp=373 ms, used_size=10680320 bytes (26.1%)
(RDMA_READ_CONSUME_CHECK_CONSUMER) timestamp=373 ms, used_size=10678272 bytes (26.1%)
(RDMA_READ_CONSUME_CHECK_CONSUMER) timestamp=373 ms, used_size=10676224 bytes (26.1%)
(RDMA_READ_CONSUME_CHECK_CONSUMER) timestamp=373 ms, used_size=10674176 bytes (26.1%)
(RDMA_READ_CONSUME_CHECK_CONSUMER) timestamp=373 ms, used_size=10672128 bytes (26.1%)
(RDMA_READ_CONSUME_CHECK_CONSUMER) timestamp=373 ms, used_size=10670080 bytes (26.1%)
(RDMA_READ_CONSUME_CHECK_CONSUMER) timestamp=373 ms, used_size=10668032 bytes (26.0%)
(RDMA_READ_CONSUME_CHECK_CONSUMER) timestamp=373 ms, used_size=10665984 bytes (26.0%)
(RDMA_READ_CONSUME_CHECK_CONSUMER) timestamp=373 ms, used_size=10663936 bytes (26.0%)
(RDMA_READ_CONSUME_CHECK_CONSUMER) timestamp=373 ms, used_size=10661888 bytes (26.0%)
(RDMA_READ_CONSUME_CHECK_CONSUMER) timestamp=373 ms, used_size=10659840 bytes (26.0%)
(RDMA_READ_CONSUME_CHECK_CONSUMER) timestamp=373 ms, used_size=10657792 bytes (26.0%)
(RDMA_READ_CONSUME_CHECK_CONSUMER) timestamp=373 ms, used_size=10655744 bytes (26.0%)
(RDMA_READ_CONSUME_CHECK_CONSUMER) timestamp=373 ms, used_size=10653696 bytes (26.0%)
(RDMA_READ_CONSUME_CHECK_CONSUMER) timestamp=373 ms, used_size=10651648 bytes (26.0%)
(RDMA_READ_CONSUME_CHECK_CONSUMER) timestamp=373 ms, used_size=10649600 bytes (26.0%)
(RDMA_READ_CONSUME_CHECK_CONSUMER) timestamp=373 ms, used_size=10647552 bytes (26.0%)
(RDMA_READ_CONSUME_CHECK_CONSUMER) timestamp=373 ms, used_size=10645504 bytes (26.0%)
(RDMA_READ_CONSUME_CHECK_CONSUMER) timestamp=373 ms, used_size=10643456 bytes (26.0%)
(RDMA_READ_CONSUME_CHECK_CONSUMER) timestamp=373 ms, used_size=10641408 bytes (26.0%)
(RDMA_READ_CONSUME_CHECK_CONSUMER) timestamp=373 ms, used_size=10639360 bytes (26.0%)
(RDMA_READ_CONSUME_CHECK_CONSUMER) timestamp=373 ms, used_size=10637312 bytes (26.0%)
(RDMA_READ_CONSUME_CHECK_CONSUMER) timestamp=373 ms, used_size=10635264 bytes (26.0%)
(RDMA_READ_CONSUME_CHECK_CONSUMER) timestamp=373 ms, used_size=10633216 bytes (26.0%)
(RDMA_READ_CONSUME_CHECK_CONSUMER) timestamp=373 ms, used_size=10631168 bytes (26.0%)
(RDMA_READ_CONSUME_CHECK_CONSUMER) timestamp=373 ms, used_size=10629120 bytes (25.9%)
(RDMA_READ_CONSUME_CHECK_CONSUMER) timestamp=373 ms, used_size=10627072 bytes (25.9%)
(RDMA_READ_CONSUME_CHECK_CONSUMER) timestamp=373 ms, used_size=10625024 bytes (25.9%)
(RDMA_READ_CONSUME_CHECK_CONSUMER) timestamp=373 ms, used_size=10622976 bytes (25.9%)
(RDMA_READ_CONSUME_CHECK_CONSUMER) timestamp=373 ms, used_size=10620928 bytes (25.9%)
(RDMA_READ_CONSUME_CHECK_CONSUMER) timestamp=373 ms, used_size=10618880 bytes (25.9%)
(RDMA_READ_CONSUME_CHECK_CONSUMER) timestamp=373 ms, used_size=10616832 bytes (25.9%)
(RDMA_READ_CONSUME_CHECK_CONSUMER) timestamp=373 ms, used_size=10614784 bytes (25.9%)
(RDMA_READ_CONSUME_CHECK_CONSUMER) timestamp=373 ms, used_size=10612736 bytes (25.9%)
(RDMA_READ_CONSUME_CHECK_CONSUMER) timestamp=373 ms, used_size=10610688 bytes (25.9%)
(RDMA_READ_CONSUME_CHECK_CONSUMER) timestamp=373 ms, used_size=10608640 bytes (25.9%)
(RDMA_READ_CONSUME_CHECK_CONSUMER) timestamp=373 ms, used_size=10606592 bytes (25.9%)
(RDMA_READ_CONSUME_CHECK_CONSUMER) timestamp=373 ms, used_size=10604544 bytes (25.9%)
(RDMA_READ_CONSUME_CHECK_CONSUMER) timestamp=373 ms, used_size=10602496 bytes (25.9%)
(RDMA_READ_CONSUME_CHECK_CONSUMER) timestamp=373 ms, used_size=10600448 bytes (25.9%)
(RDMA_READ_CONSUME_CHECK_CONSUMER) timestamp=373 ms, used_size=10598400 bytes (25.9%)
(RDMA_READ_CONSUME_CHECK_CONSUMER) timestamp=373 ms, used_size=10596352 bytes (25.9%)
(RDMA_READ_CONSUME_CHECK_CONSUMER) timestamp=373 ms, used_size=10594304 bytes (25.9%)
(RDMA_READ_CONSUME_CHECK_CONSUMER) timestamp=373 ms, used_size=10592256 bytes (25.9%)
(RDMA_READ_CONSUME_CHECK_CONSUMER) timestamp=373 ms, used_size=10590208 bytes (25.9%)
(RDMA_READ_CONSUME_CHECK_CONSUMER) timestamp=373 ms, used_size=10588160 bytes (25.9%)
(RDMA_READ_CONSUME_CHECK_CONSUMER) timestamp=373 ms, used_size=10586112 bytes (25.8%)
(RDMA_READ_CONSUME_CHECK_CONSUMER) timestamp=373 ms, used_size=10584064 bytes (25.8%)
(RDMA_READ_CONSUME_CHECK_CONSUMER) timestamp=374 ms, used_size=10582016 bytes (25.8%)
(RDMA_READ_CONSUME_CHECK_CONSUMER) timestamp=374 ms, used_size=10579968 bytes (25.8%)
(RDMA_READ_CONSUME_CHECK_CONSUMER) timestamp=374 ms, used_size=10577920 bytes (25.8%)
(RDMA_READ_CONSUME_CHECK_CONSUMER) timestamp=374 ms, used_size=10575872 bytes (25.8%)
(RDMA_READ_CONSUME_CHECK_CONSUMER) timestamp=374 ms, used_size=10573824 bytes (25.8%)
(RDMA_READ_CONSUME_CHECK_CONSUMER) timestamp=374 ms, used_size=10571776 bytes (25.8%)
(RDMA_READ_CONSUME_CHECK_CONSUMER) timestamp=374 ms, used_size=10569728 bytes (25.8%)
(RDMA_READ_CONSUME_CHECK_CONSUMER) timestamp=374 ms, used_size=10567680 bytes (25.8%)
(RDMA_READ_CONSUME_CHECK_CONSUMER) timestamp=374 ms, used_size=10565632 bytes (25.8%)
(RDMA_READ_CONSUME_CHECK_CONSUMER) timestamp=374 ms, used_size=10563584 bytes (25.8%)
(RDMA_READ_CONSUME_CHECK_CONSUMER) timestamp=374 ms, used_size=10561536 bytes (25.8%)
(RDMA_READ_CONSUME_CHECK_CONSUMER) timestamp=374 ms, used_size=10559488 bytes (25.8%)
(RDMA_READ_CONSUME_CHECK_CONSUMER) timestamp=374 ms, used_size=10557440 bytes (25.8%)
(RDMA_READ_CONSUME_CHECK_CONSUMER) timestamp=374 ms, used_size=10555392 bytes (25.8%)
(RDMA_READ_CONSUME_CHECK_CONSUMER) timestamp=374 ms, used_size=10553344 bytes (25.8%)
(RDMA_READ_CONSUME_CHECK_CONSUMER) timestamp=374 ms, used_size=10551296 bytes (25.8%)
(RDMA_READ_CONSUME_CHECK_CONSUMER) timestamp=374 ms, used_size=10549248 bytes (25.8%)
(RDMA_READ_CONSUME_CHECK_CONSUMER) timestamp=374 ms, used_size=10547200 bytes (25.8%)
(RDMA_READ_CONSUME_CHECK_CONSUMER) timestamp=374 ms, used_size=10545152 bytes (25.7%)
(RDMA_READ_CONSUME_CHECK_CONSUMER) timestamp=374 ms, used_size=10543104 bytes (25.7%)
(RDMA_READ_CONSUME_CHECK_CONSUMER) timestamp=374 ms, used_size=10541056 bytes (25.7%)
(RDMA_READ_CONSUME_CHECK_CONSUMER) timestamp=374 ms, used_size=10539008 bytes (25.7%)
(RDMA_READ_CONSUME_CHECK_CONSUMER) timestamp=374 ms, used_size=10536960 bytes (25.7%)
(RDMA_READ_CONSUME_CHECK_CONSUMER) timestamp=374 ms, used_size=10534912 bytes (25.7%)
(RDMA_READ_CONSUME_CHECK_CONSUMER) timestamp=374 ms, used_size=10532864 bytes (25.7%)
(RDMA_READ_CONSUME_CHECK_CONSUMER) timestamp=374 ms, used_size=10530816 bytes (25.7%)
(RDMA_READ_CONSUME_CHECK_CONSUMER) timestamp=374 ms, used_size=10528768 bytes (25.7%)
(RDMA_READ_CONSUME_CHECK_CONSUMER) timestamp=374 ms, used_size=10526720 bytes (25.7%)
(RDMA_READ_CONSUME_CHECK_CONSUMER) timestamp=374 ms, used_size=10524672 bytes (25.7%)
(RDMA_READ_CONSUME_CHECK_CONSUMER) timestamp=374 ms, used_size=10522624 bytes (25.7%)
(RDMA_READ_CONSUME_CHECK_CONSUMER) timestamp=374 ms, used_size=10520576 bytes (25.7%)
(RDMA_READ_CONSUME_CHECK_CONSUMER) timestamp=374 ms, used_size=10518528 bytes (25.7%)
(RDMA_READ_CONSUME_CHECK_CONSUMER) timestamp=374 ms, used_size=10516480 bytes (25.7%)
(RDMA_READ_CONSUME_CHECK_CONSUMER) timestamp=374 ms, used_size=10514432 bytes (25.7%)
(RDMA_READ_CONSUME_CHECK_CONSUMER) timestamp=374 ms, used_size=10512384 bytes (25.7%)
(RDMA_READ_CONSUME_CHECK_CONSUMER) timestamp=374 ms, used_size=10510336 bytes (25.7%)
(RDMA_READ_CONSUME_CHECK_CONSUMER) timestamp=374 ms, used_size=10508288 bytes (25.7%)
(RDMA_READ_CONSUME_CHECK_CONSUMER) timestamp=374 ms, used_size=10506240 bytes (25.6%)
(RDMA_READ_CONSUME_CHECK_CONSUMER) timestamp=374 ms, used_size=10504192 bytes (25.6%)
(RDMA_READ_CONSUME_CHECK_CONSUMER) timestamp=374 ms, used_size=10502144 bytes (25.6%)
(RDMA_READ_CONSUME_CHECK_CONSUMER) timestamp=374 ms, used_size=10500096 bytes (25.6%)
(RDMA_READ_CONSUME_CHECK_CONSUMER) timestamp=374 ms, used_size=10498048 bytes (25.6%)
(RDMA_READ_CONSUME_CHECK_CONSUMER) timestamp=374 ms, used_size=10496000 bytes (25.6%)
(RDMA_READ_CONSUME_CHECK_CONSUMER) timestamp=374 ms, used_size=10493952 bytes (25.6%)
(RDMA_READ_CONSUME_CHECK_CONSUMER) timestamp=374 ms, used_size=10491904 bytes (25.6%)
(RDMA_READ_CONSUME_CHECK_CONSUMER) timestamp=374 ms, used_size=10489856 bytes (25.6%)
(RDMA_READ_CONSUME_CHECK_CONSUMER) timestamp=374 ms, used_size=10487808 bytes (25.6%)
(RDMA_READ_CONSUME_CHECK_CONSUMER) timestamp=374 ms, used_size=10485760 bytes (25.6%)
(RDMA_READ_CONSUME_CHECK_CONSUMER) timestamp=374 ms, used_size=10483712 bytes (25.6%)
(RDMA_READ_CONSUME_CHECK_CONSUMER) timestamp=374 ms, used_size=10481664 bytes (25.6%)
(RDMA_READ_CONSUME_CHECK_CONSUMER) timestamp=374 ms, used_size=10479616 bytes (25.6%)
(RDMA_READ_CONSUME_CHECK_CONSUMER) timestamp=374 ms, used_size=10477568 bytes (25.6%)
(RDMA_READ_CONSUME_CHECK_CONSUMER) timestamp=374 ms, used_size=10475520 bytes (25.6%)
(RDMA_READ_CONSUME_CHECK_CONSUMER) timestamp=374 ms, used_size=10473472 bytes (25.6%)
(RDMA_READ_CONSUME_CHECK_CONSUMER) timestamp=374 ms, used_size=10471424 bytes (25.6%)
(RDMA_READ_CONSUME_CHECK_CONSUMER) timestamp=374 ms, used_size=10469376 bytes (25.6%)
(RDMA_READ_CONSUME_CHECK_CONSUMER) timestamp=374 ms, used_size=10467328 bytes (25.6%)
(RDMA_READ_CONSUME_CHECK_CONSUMER) timestamp=374 ms, used_size=10465280 bytes (25.6%)
(RDMA_READ_CONSUME_CHECK_CONSUMER) timestamp=374 ms, used_size=10463232 bytes (25.5%)
(RDMA_READ_CONSUME_CHECK_CONSUMER) timestamp=374 ms, used_size=10461184 bytes (25.5%)
(RDMA_READ_CONSUME_CHECK_CONSUMER) timestamp=374 ms, used_size=10459136 bytes (25.5%)
(RDMA_READ_CONSUME_CHECK_CONSUMER) timestamp=374 ms, used_size=10457088 bytes (25.5%)
(RDMA_READ_CONSUME_CHECK_CONSUMER) timestamp=374 ms, used_size=10455040 bytes (25.5%)
(RDMA_READ_CONSUME_CHECK_CONSUMER) timestamp=374 ms, used_size=10452992 bytes (25.5%)
(RDMA_READ_CONSUME_CHECK_CONSUMER) timestamp=374 ms, used_size=10450944 bytes (25.5%)
(RDMA_READ_CONSUME_CHECK_CONSUMER) timestamp=374 ms, used_size=10448896 bytes (25.5%)
(RDMA_READ_CONSUME_CHECK_CONSUMER) timestamp=374 ms, used_size=10446848 bytes (25.5%)
(RDMA_READ_CONSUME_CHECK_CONSUMER) timestamp=374 ms, used_size=10444800 bytes (25.5%)
(RDMA_READ_CONSUME_CHECK_CONSUMER) timestamp=374 ms, used_size=10442752 bytes (25.5%)
(RDMA_READ_CONSUME_CHECK_CONSUMER) timestamp=374 ms, used_size=10440704 bytes (25.5%)
(RDMA_READ_CONSUME_CHECK_CONSUMER) timestamp=374 ms, used_size=10438656 bytes (25.5%)
(RDMA_READ_CONSUME_CHECK_CONSUMER) timestamp=374 ms, used_size=10436608 bytes (25.5%)
(RDMA_READ_CONSUME_CHECK_CONSUMER) timestamp=374 ms, used_size=10434560 bytes (25.5%)
(RDMA_READ_CONSUME_CHECK_CONSUMER) timestamp=374 ms, used_size=10432512 bytes (25.5%)
(RDMA_READ_CONSUME_CHECK_CONSUMER) timestamp=374 ms, used_size=10430464 bytes (25.5%)
(RDMA_READ_CONSUME_CHECK_CONSUMER) timestamp=374 ms, used_size=10428416 bytes (25.5%)
(RDMA_READ_CONSUME_CHECK_CONSUMER) timestamp=374 ms, used_size=10426368 bytes (25.5%)
(RDMA_READ_CONSUME_CHECK_CONSUMER) timestamp=374 ms, used_size=10424320 bytes (25.4%)
(RDMA_READ_CONSUME_CHECK_CONSUMER) timestamp=374 ms, used_size=10422272 bytes (25.4%)
(RDMA_READ_CONSUME_CHECK_CONSUMER) timestamp=374 ms, used_size=10420224 bytes (25.4%)
(RDMA_READ_CONSUME_CHECK_CONSUMER) timestamp=374 ms, used_size=10418176 bytes (25.4%)
(RDMA_READ_CONSUME_CHECK_CONSUMER) timestamp=374 ms, used_size=10416128 bytes (25.4%)
(RDMA_READ_CONSUME_CHECK_CONSUMER) timestamp=374 ms, used_size=10414080 bytes (25.4%)
(RDMA_READ_CONSUME_CHECK_CONSUMER) timestamp=374 ms, used_size=10412032 bytes (25.4%)
(RDMA_READ_CONSUME_CHECK_CONSUMER) timestamp=374 ms, used_size=10409984 bytes (25.4%)
(RDMA_READ_CONSUME_CHECK_CONSUMER) timestamp=374 ms, used_size=10407936 bytes (25.4%)
(RDMA_READ_CONSUME_CHECK_CONSUMER) timestamp=374 ms, used_size=10405888 bytes (25.4%)
(RDMA_READ_CONSUME_CHECK_CONSUMER) timestamp=374 ms, used_size=10403840 bytes (25.4%)
(RDMA_READ_CONSUME_CHECK_CONSUMER) timestamp=374 ms, used_size=10401792 bytes (25.4%)
(RDMA_READ_CONSUME_CHECK_CONSUMER) timestamp=374 ms, used_size=10399744 bytes (25.4%)
(RDMA_READ_CONSUME_CHECK_CONSUMER) timestamp=374 ms, used_size=10397696 bytes (25.4%)
(RDMA_READ_CONSUME_CHECK_CONSUMER) timestamp=374 ms, used_size=10395648 bytes (25.4%)
(RDMA_READ_CONSUME_CHECK_CONSUMER) timestamp=374 ms, used_size=10393600 bytes (25.4%)
(RDMA_READ_CONSUME_CHECK_CONSUMER) timestamp=374 ms, used_size=10391552 bytes (25.4%)
(RDMA_READ_CONSUME_CHECK_CONSUMER) timestamp=374 ms, used_size=10389504 bytes (25.4%)
(RDMA_READ_CONSUME_CHECK_CONSUMER) timestamp=374 ms, used_size=10387456 bytes (25.4%)
(RDMA_READ_CONSUME_CHECK_CONSUMER) timestamp=374 ms, used_size=10385408 bytes (25.4%)
(RDMA_READ_CONSUME_CHECK_CONSUMER) timestamp=374 ms, used_size=10383360 bytes (25.4%)
(RDMA_READ_CONSUME_CHECK_CONSUMER) timestamp=374 ms, used_size=10381312 bytes (25.3%)
(RDMA_READ_CONSUME_CHECK_CONSUMER) timestamp=374 ms, used_size=10379264 bytes (25.3%)
(RDMA_READ_CONSUME_CHECK_CONSUMER) timestamp=374 ms, used_size=10377216 bytes (25.3%)
(RDMA_READ_CONSUME_CHECK_CONSUMER) timestamp=374 ms, used_size=10375168 bytes (25.3%)
(RDMA_READ_CONSUME_CHECK_CONSUMER) timestamp=374 ms, used_size=10373120 bytes (25.3%)
(RDMA_READ_CONSUME_CHECK_CONSUMER) timestamp=374 ms, used_size=10371072 bytes (25.3%)
(RDMA_READ_CONSUME_CHECK_CONSUMER) timestamp=374 ms, used_size=10369024 bytes (25.3%)
(RDMA_READ_CONSUME_CHECK_CONSUMER) timestamp=374 ms, used_size=10366976 bytes (25.3%)
(RDMA_READ_CONSUME_CHECK_CONSUMER) timestamp=374 ms, used_size=10364928 bytes (25.3%)
(RDMA_READ_CONSUME_CHECK_CONSUMER) timestamp=374 ms, used_size=10362880 bytes (25.3%)
(RDMA_READ_CONSUME_CHECK_CONSUMER) timestamp=374 ms, used_size=10360832 bytes (25.3%)
(RDMA_READ_CONSUME_CHECK_CONSUMER) timestamp=374 ms, used_size=10358784 bytes (25.3%)
(RDMA_READ_CONSUME_CHECK_CONSUMER) timestamp=374 ms, used_size=10356736 bytes (25.3%)
(RDMA_READ_CONSUME_CHECK_CONSUMER) timestamp=374 ms, used_size=10354688 bytes (25.3%)
(RDMA_READ_CONSUME_CHECK_CONSUMER) timestamp=374 ms, used_size=10352640 bytes (25.3%)
(RDMA_READ_CONSUME_CHECK_CONSUMER) timestamp=374 ms, used_size=10350592 bytes (25.3%)
(RDMA_READ_CONSUME_CHECK_CONSUMER) timestamp=374 ms, used_size=10348544 bytes (25.3%)
(RDMA_READ_CONSUME_CHECK_CONSUMER) timestamp=374 ms, used_size=10346496 bytes (25.3%)
(RDMA_READ_CONSUME_CHECK_CONSUMER) timestamp=374 ms, used_size=10344448 bytes (25.3%)
(RDMA_READ_CONSUME_CHECK_CONSUMER) timestamp=374 ms, used_size=10342400 bytes (25.2%)
(RDMA_READ_CONSUME_CHECK_CONSUMER) timestamp=374 ms, used_size=10340352 bytes (25.2%)
(RDMA_READ_CONSUME_CHECK_CONSUMER) timestamp=374 ms, used_size=10338304 bytes (25.2%)
(RDMA_READ_CONSUME_CHECK_CONSUMER) timestamp=374 ms, used_size=10336256 bytes (25.2%)
(RDMA_READ_CONSUME_CHECK_CONSUMER) timestamp=374 ms, used_size=10334208 bytes (25.2%)
(RDMA_READ_CONSUME_CHECK_CONSUMER) timestamp=374 ms, used_size=10332160 bytes (25.2%)
(RDMA_READ_CONSUME_CHECK_CONSUMER) timestamp=374 ms, used_size=10330112 bytes (25.2%)
(RDMA_READ_CONSUME_CHECK_CONSUMER) timestamp=374 ms, used_size=10328064 bytes (25.2%)
(RDMA_READ_CONSUME_CHECK_CONSUMER) timestamp=374 ms, used_size=10326016 bytes (25.2%)
(RDMA_READ_CONSUME_CHECK_CONSUMER) timestamp=374 ms, used_size=10323968 bytes (25.2%)
(RDMA_READ_CONSUME_CHECK_CONSUMER) timestamp=374 ms, used_size=10321920 bytes (25.2%)
(RDMA_READ_CONSUME_CHECK_CONSUMER) timestamp=374 ms, used_size=10319872 bytes (25.2%)
(RDMA_READ_CONSUME_CHECK_CONSUMER) timestamp=374 ms, used_size=10317824 bytes (25.2%)
(RDMA_READ_CONSUME_CHECK_CONSUMER) timestamp=374 ms, used_size=10315776 bytes (25.2%)
(RDMA_READ_CONSUME_CHECK_CONSUMER) timestamp=374 ms, used_size=10313728 bytes (25.2%)
(RDMA_READ_CONSUME_CHECK_CONSUMER) timestamp=374 ms, used_size=10311680 bytes (25.2%)
(RDMA_READ_CONSUME_CHECK_CONSUMER) timestamp=374 ms, used_size=10309632 bytes (25.2%)
(RDMA_READ_CONSUME_CHECK_CONSUMER) timestamp=374 ms, used_size=10307584 bytes (25.2%)
(RDMA_READ_CONSUME_CHECK_CONSUMER) timestamp=374 ms, used_size=10305536 bytes (25.2%)
(RDMA_READ_CONSUME_CHECK_CONSUMER) timestamp=374 ms, used_size=10303488 bytes (25.2%)
(RDMA_READ_CONSUME_CHECK_CONSUMER) timestamp=374 ms, used_size=10301440 bytes (25.1%)
(RDMA_READ_CONSUME_CHECK_CONSUMER) timestamp=374 ms, used_size=10299392 bytes (25.1%)
(RDMA_READ_CONSUME_CHECK_CONSUMER) timestamp=374 ms, used_size=10297344 bytes (25.1%)
(RDMA_READ_CONSUME_CHECK_CONSUMER) timestamp=374 ms, used_size=10295296 bytes (25.1%)
(RDMA_READ_CONSUME_CHECK_CONSUMER) timestamp=374 ms, used_size=10293248 bytes (25.1%)
(RDMA_READ_CONSUME_CHECK_CONSUMER) timestamp=374 ms, used_size=10291200 bytes (25.1%)
(RDMA_READ_CONSUME_CHECK_CONSUMER) timestamp=374 ms, used_size=10289152 bytes (25.1%)
(RDMA_READ_CONSUME_CHECK_CONSUMER) timestamp=374 ms, used_size=10287104 bytes (25.1%)
(RDMA_READ_CONSUME_CHECK_CONSUMER) timestamp=374 ms, used_size=10285056 bytes (25.1%)
(RDMA_READ_CONSUME_CHECK_CONSUMER) timestamp=374 ms, used_size=10283008 bytes (25.1%)
(RDMA_READ_CONSUME_CHECK_CONSUMER) timestamp=374 ms, used_size=10280960 bytes (25.1%)
(RDMA_READ_CONSUME_CHECK_CONSUMER) timestamp=374 ms, used_size=10278912 bytes (25.1%)
(RDMA_READ_CONSUME_CHECK_CONSUMER) timestamp=374 ms, used_size=10276864 bytes (25.1%)
(RDMA_READ_CONSUME_CHECK_CONSUMER) timestamp=374 ms, used_size=10274816 bytes (25.1%)
(RDMA_READ_CONSUME_CHECK_CONSUMER) timestamp=374 ms, used_size=10272768 bytes (25.1%)
(RDMA_READ_CONSUME_CHECK_CONSUMER) timestamp=374 ms, used_size=10270720 bytes (25.1%)
(RDMA_READ_CONSUME_CHECK_CONSUMER) timestamp=374 ms, used_size=10268672 bytes (25.1%)
(RDMA_READ_CONSUME_CHECK_CONSUMER) timestamp=374 ms, used_size=10266624 bytes (25.1%)
(RDMA_READ_CONSUME_CHECK_CONSUMER) timestamp=374 ms, used_size=10264576 bytes (25.1%)
(RDMA_READ_CONSUME_CHECK_CONSUMER) timestamp=374 ms, used_size=10262528 bytes (25.1%)
(RDMA_READ_CONSUME_CHECK_CONSUMER) timestamp=374 ms, used_size=10260480 bytes (25.1%)
(RDMA_READ_CONSUME_CHECK_CONSUMER) timestamp=374 ms, used_size=10258432 bytes (25.0%)
(RDMA_READ_CONSUME_CHECK_CONSUMER) timestamp=374 ms, used_size=10256384 bytes (25.0%)
(RDMA_READ_CONSUME_CHECK_CONSUMER) timestamp=374 ms, used_size=10254336 bytes (25.0%)
(RDMA_READ_CONSUME_CHECK_CONSUMER) timestamp=374 ms, used_size=10252288 bytes (25.0%)
(RDMA_READ_CONSUME_CHECK_CONSUMER) timestamp=374 ms, used_size=10250240 bytes (25.0%)
(RDMA_READ_CONSUME_CHECK_CONSUMER) timestamp=374 ms, used_size=10248192 bytes (25.0%)
(RDMA_READ_CONSUME_CHECK_CONSUMER) timestamp=374 ms, used_size=10246144 bytes (25.0%)
(RDMA_READ_CONSUME_CHECK_CONSUMER) timestamp=374 ms, used_size=10244096 bytes (25.0%)
(RDMA_READ_CONSUME_CHECK_CONSUMER) timestamp=374 ms, used_size=10242048 bytes (25.0%)
(RDMA_READ_CONSUME_CHECK_CONSUMER) timestamp=374 ms, used_size=10240000 bytes (25.0%)
(RDMA_READ_CONSUME_CHECK_CONSUMER) timestamp=374 ms, used_size=10237952 bytes (25.0%)
(RDMA_READ_CONSUME_CHECK_CONSUMER) timestamp=374 ms, used_size=10235904 bytes (25.0%)
(RDMA_READ_CONSUME_CHECK_CONSUMER) timestamp=374 ms, used_size=10233856 bytes (25.0%)
(RDMA_READ_CONSUME_CHECK_CONSUMER) timestamp=374 ms, used_size=10231808 bytes (25.0%)
(RDMA_READ_CONSUME_CHECK_CONSUMER) timestamp=374 ms, used_size=10229760 bytes (25.0%)
(RDMA_READ_CONSUME_CHECK_CONSUMER) timestamp=374 ms, used_size=10227712 bytes (25.0%)
(RDMA_READ_CONSUME_CHECK_CONSUMER) timestamp=374 ms, used_size=10225664 bytes (25.0%)
(RDMA_READ_CONSUME_CHECK_CONSUMER) timestamp=374 ms, used_size=10223616 bytes (25.0%)
(RDMA_READ_CONSUME_CHECK_CONSUMER) timestamp=374 ms, used_size=10221568 bytes (25.0%)
(RDMA_READ_CONSUME_CHECK_CONSUMER) timestamp=374 ms, used_size=10219520 bytes (24.9%)
(RDMA_READ_CONSUME_CHECK_CONSUMER) timestamp=374 ms, used_size=10217472 bytes (24.9%)
(RDMA_READ_CONSUME_CHECK_CONSUMER) timestamp=374 ms, used_size=10215424 bytes (24.9%)
(RDMA_READ_CONSUME_CHECK_CONSUMER) timestamp=374 ms, used_size=10213376 bytes (24.9%)
(RDMA_READ_CONSUME_CHECK_CONSUMER) timestamp=374 ms, used_size=10211328 bytes (24.9%)
(RDMA_READ_CONSUME_CHECK_CONSUMER) timestamp=374 ms, used_size=10209280 bytes (24.9%)
(RDMA_READ_CONSUME_CHECK_CONSUMER) timestamp=375 ms, used_size=10207232 bytes (24.9%)
(RDMA_READ_CONSUME_CHECK_CONSUMER) timestamp=375 ms, used_size=10205184 bytes (24.9%)
(RDMA_READ_CONSUME_CHECK_CONSUMER) timestamp=375 ms, used_size=10203136 bytes (24.9%)
(RDMA_READ_CONSUME_CHECK_CONSUMER) timestamp=375 ms, used_size=10201088 bytes (24.9%)
(RDMA_READ_CONSUME_CHECK_CONSUMER) timestamp=375 ms, used_size=10199040 bytes (24.9%)
(RDMA_READ_CONSUME_CHECK_CONSUMER) timestamp=375 ms, used_size=10196992 bytes (24.9%)
(RDMA_READ_CONSUME_CHECK_CONSUMER) timestamp=375 ms, used_size=10194944 bytes (24.9%)
(RDMA_READ_CONSUME_CHECK_CONSUMER) timestamp=375 ms, used_size=10192896 bytes (24.9%)
(RDMA_READ_CONSUME_CHECK_CONSUMER) timestamp=375 ms, used_size=10190848 bytes (24.9%)
(RDMA_READ_CONSUME_CHECK_CONSUMER) timestamp=375 ms, used_size=10188800 bytes (24.9%)
(RDMA_READ_CONSUME_CHECK_CONSUMER) timestamp=375 ms, used_size=10186752 bytes (24.9%)
(RDMA_READ_CONSUME_CHECK_CONSUMER) timestamp=375 ms, used_size=10184704 bytes (24.9%)
(RDMA_READ_CONSUME_CHECK_CONSUMER) timestamp=375 ms, used_size=10182656 bytes (24.9%)
(RDMA_READ_CONSUME_CHECK_CONSUMER) timestamp=375 ms, used_size=10180608 bytes (24.9%)
(RDMA_READ_CONSUME_CHECK_CONSUMER) timestamp=375 ms, used_size=10178560 bytes (24.9%)
(RDMA_READ_CONSUME_CHECK_CONSUMER) timestamp=375 ms, used_size=10176512 bytes (24.8%)
(RDMA_READ_CONSUME_CHECK_CONSUMER) timestamp=375 ms, used_size=10174464 bytes (24.8%)
(RDMA_READ_CONSUME_CHECK_CONSUMER) timestamp=375 ms, used_size=10172416 bytes (24.8%)
(RDMA_READ_CONSUME_CHECK_CONSUMER) timestamp=375 ms, used_size=10170368 bytes (24.8%)
(RDMA_READ_CONSUME_CHECK_CONSUMER) timestamp=375 ms, used_size=10168320 bytes (24.8%)
(RDMA_READ_CONSUME_CHECK_CONSUMER) timestamp=375 ms, used_size=10166272 bytes (24.8%)
(RDMA_READ_CONSUME_CHECK_CONSUMER) timestamp=375 ms, used_size=10164224 bytes (24.8%)
(RDMA_READ_CONSUME_CHECK_CONSUMER) timestamp=375 ms, used_size=10162176 bytes (24.8%)
(RDMA_READ_CONSUME_CHECK_CONSUMER) timestamp=375 ms, used_size=10160128 bytes (24.8%)
(RDMA_READ_CONSUME_CHECK_CONSUMER) timestamp=375 ms, used_size=10158080 bytes (24.8%)
(RDMA_READ_CONSUME_CHECK_CONSUMER) timestamp=375 ms, used_size=10156032 bytes (24.8%)
(RDMA_READ_CONSUME_CHECK_CONSUMER) timestamp=375 ms, used_size=10153984 bytes (24.8%)
(RDMA_READ_CONSUME_CHECK_CONSUMER) timestamp=375 ms, used_size=10151936 bytes (24.8%)
(RDMA_READ_CONSUME_CHECK_CONSUMER) timestamp=375 ms, used_size=10149888 bytes (24.8%)
(RDMA_READ_CONSUME_CHECK_CONSUMER) timestamp=375 ms, used_size=10147840 bytes (24.8%)
(RDMA_READ_CONSUME_CHECK_CONSUMER) timestamp=375 ms, used_size=10145792 bytes (24.8%)
(RDMA_READ_CONSUME_CHECK_CONSUMER) timestamp=375 ms, used_size=10143744 bytes (24.8%)
(RDMA_READ_CONSUME_CHECK_CONSUMER) timestamp=375 ms, used_size=10141696 bytes (24.8%)
(RDMA_READ_CONSUME_CHECK_CONSUMER) timestamp=375 ms, used_size=10139648 bytes (24.8%)
(RDMA_READ_CONSUME_CHECK_CONSUMER) timestamp=375 ms, used_size=10137600 bytes (24.8%)
(RDMA_READ_CONSUME_CHECK_CONSUMER) timestamp=375 ms, used_size=10135552 bytes (24.7%)
(RDMA_READ_CONSUME_CHECK_CONSUMER) timestamp=375 ms, used_size=10133504 bytes (24.7%)
(RDMA_READ_CONSUME_CHECK_CONSUMER) timestamp=375 ms, used_size=10131456 bytes (24.7%)
(RDMA_READ_CONSUME_CHECK_CONSUMER) timestamp=375 ms, used_size=10129408 bytes (24.7%)
(RDMA_READ_CONSUME_CHECK_CONSUMER) timestamp=375 ms, used_size=10127360 bytes (24.7%)
(RDMA_READ_CONSUME_CHECK_CONSUMER) timestamp=375 ms, used_size=10125312 bytes (24.7%)
(RDMA_READ_CONSUME_CHECK_CONSUMER) timestamp=375 ms, used_size=10123264 bytes (24.7%)
(RDMA_READ_CONSUME_CHECK_CONSUMER) timestamp=375 ms, used_size=10121216 bytes (24.7%)
(RDMA_READ_CONSUME_CHECK_CONSUMER) timestamp=375 ms, used_size=10119168 bytes (24.7%)
(RDMA_READ_CONSUME_CHECK_CONSUMER) timestamp=375 ms, used_size=10117120 bytes (24.7%)
(RDMA_READ_CONSUME_CHECK_CONSUMER) timestamp=375 ms, used_size=10115072 bytes (24.7%)
(RDMA_READ_CONSUME_CHECK_CONSUMER) timestamp=375 ms, used_size=10113024 bytes (24.7%)
(RDMA_READ_CONSUME_CHECK_CONSUMER) timestamp=375 ms, used_size=10110976 bytes (24.7%)
(RDMA_READ_CONSUME_CHECK_CONSUMER) timestamp=375 ms, used_size=10108928 bytes (24.7%)
(RDMA_READ_CONSUME_CHECK_CONSUMER) timestamp=375 ms, used_size=10106880 bytes (24.7%)
(RDMA_READ_CONSUME_CHECK_CONSUMER) timestamp=375 ms, used_size=10104832 bytes (24.7%)
(RDMA_READ_CONSUME_CHECK_CONSUMER) timestamp=375 ms, used_size=10102784 bytes (24.7%)
(RDMA_READ_CONSUME_CHECK_CONSUMER) timestamp=375 ms, used_size=10100736 bytes (24.7%)
(RDMA_READ_CONSUME_CHECK_CONSUMER) timestamp=375 ms, used_size=10098688 bytes (24.7%)
(RDMA_READ_CONSUME_CHECK_CONSUMER) timestamp=375 ms, used_size=10096640 bytes (24.6%)
(RDMA_READ_CONSUME_CHECK_CONSUMER) timestamp=375 ms, used_size=10094592 bytes (24.6%)
(RDMA_READ_CONSUME_CHECK_CONSUMER) timestamp=375 ms, used_size=10092544 bytes (24.6%)
(RDMA_READ_CONSUME_CHECK_CONSUMER) timestamp=375 ms, used_size=10090496 bytes (24.6%)
(RDMA_READ_CONSUME_CHECK_CONSUMER) timestamp=375 ms, used_size=10088448 bytes (24.6%)
(RDMA_READ_CONSUME_CHECK_CONSUMER) timestamp=375 ms, used_size=10086400 bytes (24.6%)
(RDMA_READ_CONSUME_CHECK_CONSUMER) timestamp=375 ms, used_size=10084352 bytes (24.6%)
(RDMA_READ_CONSUME_CHECK_CONSUMER) timestamp=375 ms, used_size=10082304 bytes (24.6%)
(RDMA_READ_CONSUME_CHECK_CONSUMER) timestamp=375 ms, used_size=10080256 bytes (24.6%)
(RDMA_READ_CONSUME_CHECK_CONSUMER) timestamp=375 ms, used_size=10078208 bytes (24.6%)
(RDMA_READ_CONSUME_CHECK_CONSUMER) timestamp=375 ms, used_size=10076160 bytes (24.6%)
(RDMA_READ_CONSUME_CHECK_CONSUMER) timestamp=375 ms, used_size=10074112 bytes (24.6%)
(RDMA_READ_CONSUME_CHECK_CONSUMER) timestamp=375 ms, used_size=10072064 bytes (24.6%)
(RDMA_READ_CONSUME_CHECK_CONSUMER) timestamp=375 ms, used_size=10070016 bytes (24.6%)
(RDMA_READ_CONSUME_CHECK_CONSUMER) timestamp=375 ms, used_size=10067968 bytes (24.6%)
(RDMA_READ_CONSUME_CHECK_CONSUMER) timestamp=375 ms, used_size=10065920 bytes (24.6%)
(RDMA_READ_CONSUME_CHECK_CONSUMER) timestamp=375 ms, used_size=10063872 bytes (24.6%)
(RDMA_READ_CONSUME_CHECK_CONSUMER) timestamp=375 ms, used_size=10061824 bytes (24.6%)
(RDMA_READ_CONSUME_CHECK_CONSUMER) timestamp=375 ms, used_size=10059776 bytes (24.6%)
(RDMA_READ_CONSUME_CHECK_CONSUMER) timestamp=375 ms, used_size=10057728 bytes (24.6%)
(RDMA_READ_CONSUME_CHECK_CONSUMER) timestamp=375 ms, used_size=10055680 bytes (24.6%)
(RDMA_READ_CONSUME_CHECK_CONSUMER) timestamp=375 ms, used_size=10053632 bytes (24.5%)
(RDMA_READ_CONSUME_CHECK_CONSUMER) timestamp=375 ms, used_size=10051584 bytes (24.5%)
(RDMA_READ_CONSUME_CHECK_CONSUMER) timestamp=375 ms, used_size=10049536 bytes (24.5%)
(RDMA_READ_CONSUME_CHECK_CONSUMER) timestamp=375 ms, used_size=10047488 bytes (24.5%)
(RDMA_READ_CONSUME_CHECK_CONSUMER) timestamp=375 ms, used_size=10045440 bytes (24.5%)
(RDMA_READ_CONSUME_CHECK_CONSUMER) timestamp=375 ms, used_size=10043392 bytes (24.5%)
(RDMA_READ_CONSUME_CHECK_CONSUMER) timestamp=375 ms, used_size=10041344 bytes (24.5%)
(RDMA_READ_CONSUME_CHECK_CONSUMER) timestamp=375 ms, used_size=10039296 bytes (24.5%)
(RDMA_READ_CONSUME_CHECK_CONSUMER) timestamp=375 ms, used_size=10037248 bytes (24.5%)
(RDMA_READ_CONSUME_CHECK_CONSUMER) timestamp=375 ms, used_size=10035200 bytes (24.5%)
(RDMA_READ_CONSUME_CHECK_CONSUMER) timestamp=375 ms, used_size=10033152 bytes (24.5%)
(RDMA_READ_CONSUME_CHECK_CONSUMER) timestamp=375 ms, used_size=10031104 bytes (24.5%)
(RDMA_READ_CONSUME_CHECK_CONSUMER) timestamp=375 ms, used_size=10029056 bytes (24.5%)
(RDMA_READ_CONSUME_CHECK_CONSUMER) timestamp=375 ms, used_size=10027008 bytes (24.5%)
(RDMA_READ_CONSUME_CHECK_CONSUMER) timestamp=375 ms, used_size=10024960 bytes (24.5%)
(RDMA_READ_CONSUME_CHECK_CONSUMER) timestamp=375 ms, used_size=10022912 bytes (24.5%)
(RDMA_READ_CONSUME_CHECK_CONSUMER) timestamp=375 ms, used_size=10020864 bytes (24.5%)
(RDMA_READ_CONSUME_CHECK_CONSUMER) timestamp=375 ms, used_size=10018816 bytes (24.5%)
(RDMA_READ_CONSUME_CHECK_CONSUMER) timestamp=375 ms, used_size=10016768 bytes (24.5%)
(RDMA_READ_CONSUME_CHECK_CONSUMER) timestamp=375 ms, used_size=10014720 bytes (24.4%)
(RDMA_READ_CONSUME_CHECK_CONSUMER) timestamp=375 ms, used_size=10012672 bytes (24.4%)
(RDMA_READ_CONSUME_CHECK_CONSUMER) timestamp=375 ms, used_size=10010624 bytes (24.4%)
(RDMA_READ_CONSUME_CHECK_CONSUMER) timestamp=375 ms, used_size=10008576 bytes (24.4%)
(RDMA_READ_CONSUME_CHECK_CONSUMER) timestamp=375 ms, used_size=10006528 bytes (24.4%)
(RDMA_READ_CONSUME_CHECK_CONSUMER) timestamp=375 ms, used_size=10004480 bytes (24.4%)
(RDMA_READ_CONSUME_CHECK_CONSUMER) timestamp=375 ms, used_size=10002432 bytes (24.4%)
(RDMA_READ_CONSUME_CHECK_CONSUMER) timestamp=375 ms, used_size=10000384 bytes (24.4%)
(RDMA_READ_CONSUME_CHECK_CONSUMER) timestamp=375 ms, used_size=9998336 bytes (24.4%)
(RDMA_READ_CONSUME_CHECK_CONSUMER) timestamp=375 ms, used_size=9996288 bytes (24.4%)
(RDMA_READ_CONSUME_CHECK_CONSUMER) timestamp=375 ms, used_size=9994240 bytes (24.4%)
(RDMA_READ_CONSUME_CHECK_CONSUMER) timestamp=375 ms, used_size=9992192 bytes (24.4%)
(RDMA_READ_CONSUME_CHECK_CONSUMER) timestamp=375 ms, used_size=9990144 bytes (24.4%)
(RDMA_READ_CONSUME_CHECK_CONSUMER) timestamp=375 ms, used_size=9988096 bytes (24.4%)
(RDMA_READ_CONSUME_CHECK_CONSUMER) timestamp=375 ms, used_size=9986048 bytes (24.4%)
(RDMA_READ_CONSUME_CHECK_CONSUMER) timestamp=375 ms, used_size=9984000 bytes (24.4%)
(RDMA_READ_CONSUME_CHECK_CONSUMER) timestamp=375 ms, used_size=9981952 bytes (24.4%)
(RDMA_READ_CONSUME_CHECK_CONSUMER) timestamp=375 ms, used_size=9979904 bytes (24.4%)
(RDMA_READ_CONSUME_CHECK_CONSUMER) timestamp=375 ms, used_size=9977856 bytes (24.4%)
(RDMA_READ_CONSUME_CHECK_CONSUMER) timestamp=375 ms, used_size=9975808 bytes (24.4%)
(RDMA_READ_CONSUME_CHECK_CONSUMER) timestamp=375 ms, used_size=9973760 bytes (24.4%)
(RDMA_READ_CONSUME_CHECK_CONSUMER) timestamp=375 ms, used_size=9971712 bytes (24.3%)
(RDMA_READ_CONSUME_CHECK_CONSUMER) timestamp=375 ms, used_size=9969664 bytes (24.3%)
(RDMA_READ_CONSUME_CHECK_CONSUMER) timestamp=375 ms, used_size=9967616 bytes (24.3%)
(RDMA_READ_CONSUME_CHECK_CONSUMER) timestamp=375 ms, used_size=9965568 bytes (24.3%)
(RDMA_READ_CONSUME_CHECK_CONSUMER) timestamp=375 ms, used_size=9963520 bytes (24.3%)
(RDMA_READ_CONSUME_CHECK_CONSUMER) timestamp=375 ms, used_size=9961472 bytes (24.3%)
(RDMA_READ_CONSUME_CHECK_CONSUMER) timestamp=375 ms, used_size=9959424 bytes (24.3%)
(RDMA_READ_CONSUME_CHECK_CONSUMER) timestamp=375 ms, used_size=9957376 bytes (24.3%)
(RDMA_READ_CONSUME_CHECK_CONSUMER) timestamp=375 ms, used_size=9955328 bytes (24.3%)
(RDMA_READ_CONSUME_CHECK_CONSUMER) timestamp=375 ms, used_size=9953280 bytes (24.3%)
(RDMA_READ_CONSUME_CHECK_CONSUMER) timestamp=375 ms, used_size=9951232 bytes (24.3%)
(RDMA_READ_CONSUME_CHECK_CONSUMER) timestamp=375 ms, used_size=9949184 bytes (24.3%)
(RDMA_READ_CONSUME_CHECK_CONSUMER) timestamp=375 ms, used_size=9947136 bytes (24.3%)
(RDMA_READ_CONSUME_CHECK_CONSUMER) timestamp=375 ms, used_size=9945088 bytes (24.3%)
(RDMA_READ_CONSUME_CHECK_CONSUMER) timestamp=375 ms, used_size=9943040 bytes (24.3%)
(RDMA_READ_CONSUME_CHECK_CONSUMER) timestamp=375 ms, used_size=9940992 bytes (24.3%)
(RDMA_READ_CONSUME_CHECK_CONSUMER) timestamp=375 ms, used_size=9938944 bytes (24.3%)
(RDMA_READ_CONSUME_CHECK_CONSUMER) timestamp=375 ms, used_size=9936896 bytes (24.3%)
(RDMA_READ_CONSUME_CHECK_CONSUMER) timestamp=375 ms, used_size=9934848 bytes (24.3%)
(RDMA_READ_CONSUME_CHECK_CONSUMER) timestamp=375 ms, used_size=9932800 bytes (24.2%)
(RDMA_READ_CONSUME_CHECK_CONSUMER) timestamp=375 ms, used_size=9930752 bytes (24.2%)
(RDMA_READ_CONSUME_CHECK_CONSUMER) timestamp=375 ms, used_size=9928704 bytes (24.2%)
(RDMA_READ_CONSUME_CHECK_CONSUMER) timestamp=375 ms, used_size=9926656 bytes (24.2%)
(RDMA_READ_CONSUME_CHECK_CONSUMER) timestamp=375 ms, used_size=9924608 bytes (24.2%)
(RDMA_READ_CONSUME_CHECK_CONSUMER) timestamp=375 ms, used_size=9922560 bytes (24.2%)
(RDMA_READ_CONSUME_CHECK_CONSUMER) timestamp=375 ms, used_size=9920512 bytes (24.2%)
(RDMA_READ_CONSUME_CHECK_CONSUMER) timestamp=375 ms, used_size=9918464 bytes (24.2%)
(RDMA_READ_CONSUME_CHECK_CONSUMER) timestamp=375 ms, used_size=9916416 bytes (24.2%)
(RDMA_READ_CONSUME_CHECK_CONSUMER) timestamp=375 ms, used_size=9914368 bytes (24.2%)
(RDMA_READ_CONSUME_CHECK_CONSUMER) timestamp=375 ms, used_size=9912320 bytes (24.2%)
(RDMA_READ_CONSUME_CHECK_CONSUMER) timestamp=375 ms, used_size=9910272 bytes (24.2%)
(RDMA_READ_CONSUME_CHECK_CONSUMER) timestamp=375 ms, used_size=9908224 bytes (24.2%)
(RDMA_READ_CONSUME_CHECK_CONSUMER) timestamp=375 ms, used_size=9906176 bytes (24.2%)
(RDMA_READ_CONSUME_CHECK_CONSUMER) timestamp=375 ms, used_size=9904128 bytes (24.2%)
(RDMA_READ_CONSUME_CHECK_CONSUMER) timestamp=375 ms, used_size=9902080 bytes (24.2%)
(RDMA_READ_CONSUME_CHECK_CONSUMER) timestamp=375 ms, used_size=9900032 bytes (24.2%)
(RDMA_READ_CONSUME_CHECK_CONSUMER) timestamp=375 ms, used_size=9897984 bytes (24.2%)
(RDMA_READ_CONSUME_CHECK_CONSUMER) timestamp=375 ms, used_size=9895936 bytes (24.2%)
(RDMA_READ_CONSUME_CHECK_CONSUMER) timestamp=375 ms, used_size=9893888 bytes (24.2%)
(RDMA_READ_CONSUME_CHECK_CONSUMER) timestamp=375 ms, used_size=9891840 bytes (24.1%)
(RDMA_READ_CONSUME_CHECK_CONSUMER) timestamp=375 ms, used_size=9889792 bytes (24.1%)
(RDMA_READ_CONSUME_CHECK_CONSUMER) timestamp=375 ms, used_size=9887744 bytes (24.1%)
(RDMA_READ_CONSUME_CHECK_CONSUMER) timestamp=375 ms, used_size=9885696 bytes (24.1%)
(RDMA_READ_CONSUME_CHECK_CONSUMER) timestamp=375 ms, used_size=9883648 bytes (24.1%)
(RDMA_READ_CONSUME_CHECK_CONSUMER) timestamp=375 ms, used_size=9881600 bytes (24.1%)
(RDMA_READ_CONSUME_CHECK_CONSUMER) timestamp=375 ms, used_size=9879552 bytes (24.1%)
(RDMA_READ_CONSUME_CHECK_CONSUMER) timestamp=375 ms, used_size=9877504 bytes (24.1%)
(RDMA_READ_CONSUME_CHECK_CONSUMER) timestamp=375 ms, used_size=9875456 bytes (24.1%)
(RDMA_READ_CONSUME_CHECK_CONSUMER) timestamp=375 ms, used_size=9873408 bytes (24.1%)
(RDMA_READ_CONSUME_CHECK_CONSUMER) timestamp=375 ms, used_size=9871360 bytes (24.1%)
(RDMA_READ_CONSUME_CHECK_CONSUMER) timestamp=375 ms, used_size=9869312 bytes (24.1%)
(RDMA_READ_CONSUME_CHECK_CONSUMER) timestamp=375 ms, used_size=9867264 bytes (24.1%)
(RDMA_READ_CONSUME_CHECK_CONSUMER) timestamp=375 ms, used_size=9865216 bytes (24.1%)
(RDMA_READ_CONSUME_CHECK_CONSUMER) timestamp=375 ms, used_size=9863168 bytes (24.1%)
(RDMA_READ_CONSUME_CHECK_CONSUMER) timestamp=375 ms, used_size=9861120 bytes (24.1%)
(RDMA_READ_CONSUME_CHECK_CONSUMER) timestamp=375 ms, used_size=9859072 bytes (24.1%)
(RDMA_READ_CONSUME_CHECK_CONSUMER) timestamp=375 ms, used_size=9857024 bytes (24.1%)
(RDMA_READ_CONSUME_CHECK_CONSUMER) timestamp=375 ms, used_size=9854976 bytes (24.1%)
(RDMA_READ_CONSUME_CHECK_CONSUMER) timestamp=375 ms, used_size=9852928 bytes (24.1%)
(RDMA_READ_CONSUME_CHECK_CONSUMER) timestamp=375 ms, used_size=9850880 bytes (24.1%)
(RDMA_READ_CONSUME_CHECK_CONSUMER) timestamp=375 ms, used_size=9848832 bytes (24.0%)
(RDMA_READ_CONSUME_CHECK_CONSUMER) timestamp=375 ms, used_size=9846784 bytes (24.0%)
(RDMA_READ_CONSUME_CHECK_CONSUMER) timestamp=375 ms, used_size=9844736 bytes (24.0%)
(RDMA_READ_CONSUME_CHECK_CONSUMER) timestamp=375 ms, used_size=9842688 bytes (24.0%)
(RDMA_READ_CONSUME_CHECK_CONSUMER) timestamp=375 ms, used_size=9840640 bytes (24.0%)
(RDMA_READ_CONSUME_CHECK_CONSUMER) timestamp=375 ms, used_size=9838592 bytes (24.0%)
(RDMA_READ_CONSUME_CHECK_CONSUMER) timestamp=375 ms, used_size=9836544 bytes (24.0%)
(RDMA_READ_CONSUME_CHECK_CONSUMER) timestamp=375 ms, used_size=9834496 bytes (24.0%)
(RDMA_READ_CONSUME_CHECK_CONSUMER) timestamp=375 ms, used_size=9832448 bytes (24.0%)
(RDMA_READ_CONSUME_CHECK_CONSUMER) timestamp=375 ms, used_size=9830400 bytes (24.0%)
(RDMA_READ_CONSUME_CHECK_CONSUMER) timestamp=376 ms, used_size=9828352 bytes (24.0%)
(RDMA_READ_CONSUME_CHECK_CONSUMER) timestamp=376 ms, used_size=9826304 bytes (24.0%)
(RDMA_READ_CONSUME_CHECK_CONSUMER) timestamp=376 ms, used_size=9824256 bytes (24.0%)
(RDMA_READ_CONSUME_CHECK_CONSUMER) timestamp=376 ms, used_size=9822208 bytes (24.0%)
(RDMA_READ_CONSUME_CHECK_CONSUMER) timestamp=376 ms, used_size=9820160 bytes (24.0%)
(RDMA_READ_CONSUME_CHECK_CONSUMER) timestamp=376 ms, used_size=9818112 bytes (24.0%)
(RDMA_READ_CONSUME_CHECK_CONSUMER) timestamp=376 ms, used_size=9816064 bytes (24.0%)
(RDMA_READ_CONSUME_CHECK_CONSUMER) timestamp=376 ms, used_size=9814016 bytes (24.0%)
(RDMA_READ_CONSUME_CHECK_CONSUMER) timestamp=376 ms, used_size=9811968 bytes (24.0%)
(RDMA_READ_CONSUME_CHECK_CONSUMER) timestamp=376 ms, used_size=9809920 bytes (23.9%)
(RDMA_READ_CONSUME_CHECK_CONSUMER) timestamp=376 ms, used_size=9807872 bytes (23.9%)
(RDMA_READ_CONSUME_CHECK_CONSUMER) timestamp=376 ms, used_size=9805824 bytes (23.9%)
(RDMA_READ_CONSUME_CHECK_CONSUMER) timestamp=376 ms, used_size=9803776 bytes (23.9%)
(RDMA_READ_CONSUME_CHECK_CONSUMER) timestamp=376 ms, used_size=9801728 bytes (23.9%)
(RDMA_READ_CONSUME_CHECK_CONSUMER) timestamp=376 ms, used_size=9799680 bytes (23.9%)
(RDMA_READ_CONSUME_CHECK_CONSUMER) timestamp=376 ms, used_size=9797632 bytes (23.9%)
(RDMA_READ_CONSUME_CHECK_CONSUMER) timestamp=376 ms, used_size=9795584 bytes (23.9%)
(RDMA_READ_CONSUME_CHECK_CONSUMER) timestamp=376 ms, used_size=9793536 bytes (23.9%)
(RDMA_READ_CONSUME_CHECK_CONSUMER) timestamp=376 ms, used_size=9791488 bytes (23.9%)
(RDMA_READ_CONSUME_CHECK_CONSUMER) timestamp=376 ms, used_size=9789440 bytes (23.9%)
(RDMA_READ_CONSUME_CHECK_CONSUMER) timestamp=376 ms, used_size=9787392 bytes (23.9%)
(RDMA_READ_CONSUME_CHECK_CONSUMER) timestamp=376 ms, used_size=9785344 bytes (23.9%)
(RDMA_READ_CONSUME_CHECK_CONSUMER) timestamp=376 ms, used_size=9783296 bytes (23.9%)
(RDMA_READ_CONSUME_CHECK_CONSUMER) timestamp=376 ms, used_size=9781248 bytes (23.9%)
(RDMA_READ_CONSUME_CHECK_CONSUMER) timestamp=376 ms, used_size=9779200 bytes (23.9%)
(RDMA_READ_CONSUME_CHECK_CONSUMER) timestamp=376 ms, used_size=9777152 bytes (23.9%)
(RDMA_READ_CONSUME_CHECK_CONSUMER) timestamp=376 ms, used_size=9775104 bytes (23.9%)
(RDMA_READ_CONSUME_CHECK_CONSUMER) timestamp=376 ms, used_size=9773056 bytes (23.9%)
(RDMA_READ_CONSUME_CHECK_CONSUMER) timestamp=376 ms, used_size=9771008 bytes (23.9%)
(RDMA_READ_CONSUME_CHECK_CONSUMER) timestamp=376 ms, used_size=9768960 bytes (23.9%)
(RDMA_READ_CONSUME_CHECK_CONSUMER) timestamp=376 ms, used_size=9766912 bytes (23.8%)
(RDMA_READ_CONSUME_CHECK_CONSUMER) timestamp=376 ms, used_size=9764864 bytes (23.8%)
(RDMA_READ_CONSUME_CHECK_CONSUMER) timestamp=376 ms, used_size=9762816 bytes (23.8%)
(RDMA_READ_CONSUME_CHECK_CONSUMER) timestamp=376 ms, used_size=9760768 bytes (23.8%)
(RDMA_READ_CONSUME_CHECK_CONSUMER) timestamp=376 ms, used_size=9758720 bytes (23.8%)
(RDMA_READ_CONSUME_CHECK_CONSUMER) timestamp=376 ms, used_size=9756672 bytes (23.8%)
(RDMA_READ_CONSUME_CHECK_CONSUMER) timestamp=376 ms, used_size=9754624 bytes (23.8%)
(RDMA_READ_CONSUME_CHECK_CONSUMER) timestamp=376 ms, used_size=9752576 bytes (23.8%)
(RDMA_READ_CONSUME_CHECK_CONSUMER) timestamp=376 ms, used_size=9750528 bytes (23.8%)
(RDMA_READ_CONSUME_CHECK_CONSUMER) timestamp=376 ms, used_size=9748480 bytes (23.8%)
(RDMA_READ_CONSUME_CHECK_CONSUMER) timestamp=376 ms, used_size=9746432 bytes (23.8%)
(RDMA_READ_CONSUME_CHECK_CONSUMER) timestamp=376 ms, used_size=9744384 bytes (23.8%)
(RDMA_READ_CONSUME_CHECK_CONSUMER) timestamp=376 ms, used_size=9742336 bytes (23.8%)
(RDMA_READ_CONSUME_CHECK_CONSUMER) timestamp=376 ms, used_size=9740288 bytes (23.8%)
(RDMA_READ_CONSUME_CHECK_CONSUMER) timestamp=376 ms, used_size=9738240 bytes (23.8%)
(RDMA_READ_CONSUME_CHECK_CONSUMER) timestamp=376 ms, used_size=9736192 bytes (23.8%)
(RDMA_READ_CONSUME_CHECK_CONSUMER) timestamp=376 ms, used_size=9734144 bytes (23.8%)
(RDMA_READ_CONSUME_CHECK_CONSUMER) timestamp=376 ms, used_size=9732096 bytes (23.8%)
(RDMA_READ_CONSUME_CHECK_CONSUMER) timestamp=376 ms, used_size=9730048 bytes (23.8%)
(RDMA_READ_CONSUME_CHECK_CONSUMER) timestamp=376 ms, used_size=9728000 bytes (23.8%)
(RDMA_READ_CONSUME_CHECK_CONSUMER) timestamp=376 ms, used_size=9725952 bytes (23.7%)
(RDMA_READ_CONSUME_CHECK_CONSUMER) timestamp=376 ms, used_size=9723904 bytes (23.7%)
(RDMA_READ_CONSUME_CHECK_CONSUMER) timestamp=376 ms, used_size=9721856 bytes (23.7%)
(RDMA_READ_CONSUME_CHECK_CONSUMER) timestamp=376 ms, used_size=9719808 bytes (23.7%)
(RDMA_READ_CONSUME_CHECK_CONSUMER) timestamp=376 ms, used_size=9717760 bytes (23.7%)
(RDMA_READ_CONSUME_CHECK_CONSUMER) timestamp=376 ms, used_size=9715712 bytes (23.7%)
(RDMA_READ_CONSUME_CHECK_CONSUMER) timestamp=376 ms, used_size=9713664 bytes (23.7%)
(RDMA_READ_CONSUME_CHECK_CONSUMER) timestamp=376 ms, used_size=9711616 bytes (23.7%)
(RDMA_READ_CONSUME_CHECK_CONSUMER) timestamp=376 ms, used_size=9709568 bytes (23.7%)
(RDMA_READ_CONSUME_CHECK_CONSUMER) timestamp=376 ms, used_size=9707520 bytes (23.7%)
(RDMA_READ_CONSUME_CHECK_CONSUMER) timestamp=376 ms, used_size=9705472 bytes (23.7%)
(RDMA_READ_CONSUME_CHECK_CONSUMER) timestamp=376 ms, used_size=9703424 bytes (23.7%)
(RDMA_READ_CONSUME_CHECK_CONSUMER) timestamp=376 ms, used_size=9701376 bytes (23.7%)
(RDMA_READ_CONSUME_CHECK_CONSUMER) timestamp=376 ms, used_size=9699328 bytes (23.7%)
(RDMA_READ_CONSUME_CHECK_CONSUMER) timestamp=376 ms, used_size=9697280 bytes (23.7%)
(RDMA_READ_CONSUME_CHECK_CONSUMER) timestamp=376 ms, used_size=9695232 bytes (23.7%)
(RDMA_READ_CONSUME_CHECK_CONSUMER) timestamp=376 ms, used_size=9693184 bytes (23.7%)
(RDMA_READ_CONSUME_CHECK_CONSUMER) timestamp=376 ms, used_size=9691136 bytes (23.7%)
(RDMA_READ_CONSUME_CHECK_CONSUMER) timestamp=376 ms, used_size=9689088 bytes (23.7%)
(RDMA_READ_CONSUME_CHECK_CONSUMER) timestamp=376 ms, used_size=9687040 bytes (23.6%)
(RDMA_READ_CONSUME_CHECK_CONSUMER) timestamp=376 ms, used_size=9684992 bytes (23.6%)
(RDMA_READ_CONSUME_CHECK_CONSUMER) timestamp=376 ms, used_size=9682944 bytes (23.6%)
(RDMA_READ_CONSUME_CHECK_CONSUMER) timestamp=376 ms, used_size=9680896 bytes (23.6%)
(RDMA_READ_CONSUME_CHECK_CONSUMER) timestamp=376 ms, used_size=9678848 bytes (23.6%)
(RDMA_READ_CONSUME_CHECK_CONSUMER) timestamp=376 ms, used_size=9676800 bytes (23.6%)
(RDMA_READ_CONSUME_CHECK_CONSUMER) timestamp=376 ms, used_size=9674752 bytes (23.6%)
(RDMA_READ_CONSUME_CHECK_CONSUMER) timestamp=376 ms, used_size=9672704 bytes (23.6%)
(RDMA_READ_CONSUME_CHECK_CONSUMER) timestamp=376 ms, used_size=9670656 bytes (23.6%)
(RDMA_READ_CONSUME_CHECK_CONSUMER) timestamp=376 ms, used_size=9668608 bytes (23.6%)
(RDMA_READ_CONSUME_CHECK_CONSUMER) timestamp=376 ms, used_size=9666560 bytes (23.6%)
(RDMA_READ_CONSUME_CHECK_CONSUMER) timestamp=376 ms, used_size=9664512 bytes (23.6%)
(RDMA_READ_CONSUME_CHECK_CONSUMER) timestamp=376 ms, used_size=9662464 bytes (23.6%)
(RDMA_READ_CONSUME_CHECK_CONSUMER) timestamp=376 ms, used_size=9660416 bytes (23.6%)
(RDMA_READ_CONSUME_CHECK_CONSUMER) timestamp=376 ms, used_size=9658368 bytes (23.6%)
(RDMA_READ_CONSUME_CHECK_CONSUMER) timestamp=376 ms, used_size=9656320 bytes (23.6%)
(RDMA_READ_CONSUME_CHECK_CONSUMER) timestamp=376 ms, used_size=9654272 bytes (23.6%)
(RDMA_READ_CONSUME_CHECK_CONSUMER) timestamp=376 ms, used_size=9652224 bytes (23.6%)
(RDMA_READ_CONSUME_CHECK_CONSUMER) timestamp=376 ms, used_size=9650176 bytes (23.6%)
(RDMA_READ_CONSUME_CHECK_CONSUMER) timestamp=376 ms, used_size=9648128 bytes (23.6%)
(RDMA_READ_CONSUME_CHECK_CONSUMER) timestamp=376 ms, used_size=9646080 bytes (23.6%)
(RDMA_READ_CONSUME_CHECK_CONSUMER) timestamp=376 ms, used_size=9644032 bytes (23.5%)
(RDMA_READ_CONSUME_CHECK_CONSUMER) timestamp=376 ms, used_size=9641984 bytes (23.5%)
(RDMA_READ_CONSUME_CHECK_CONSUMER) timestamp=376 ms, used_size=9639936 bytes (23.5%)
(RDMA_READ_CONSUME_CHECK_CONSUMER) timestamp=376 ms, used_size=9637888 bytes (23.5%)
(RDMA_READ_CONSUME_CHECK_CONSUMER) timestamp=376 ms, used_size=9635840 bytes (23.5%)
(RDMA_READ_CONSUME_CHECK_CONSUMER) timestamp=376 ms, used_size=9633792 bytes (23.5%)
(RDMA_READ_CONSUME_CHECK_CONSUMER) timestamp=376 ms, used_size=9631744 bytes (23.5%)
(RDMA_READ_CONSUME_CHECK_CONSUMER) timestamp=376 ms, used_size=9629696 bytes (23.5%)
(RDMA_READ_CONSUME_CHECK_CONSUMER) timestamp=376 ms, used_size=9627648 bytes (23.5%)
(RDMA_READ_CONSUME_CHECK_CONSUMER) timestamp=376 ms, used_size=9625600 bytes (23.5%)
(RDMA_READ_CONSUME_CHECK_CONSUMER) timestamp=376 ms, used_size=9623552 bytes (23.5%)
(RDMA_READ_CONSUME_CHECK_CONSUMER) timestamp=376 ms, used_size=9621504 bytes (23.5%)
(RDMA_READ_CONSUME_CHECK_CONSUMER) timestamp=376 ms, used_size=9619456 bytes (23.5%)
(RDMA_READ_CONSUME_CHECK_CONSUMER) timestamp=376 ms, used_size=9617408 bytes (23.5%)
(RDMA_READ_CONSUME_CHECK_CONSUMER) timestamp=376 ms, used_size=9615360 bytes (23.5%)
(RDMA_READ_CONSUME_CHECK_CONSUMER) timestamp=376 ms, used_size=9613312 bytes (23.5%)
(RDMA_READ_CONSUME_CHECK_CONSUMER) timestamp=376 ms, used_size=9611264 bytes (23.5%)
(RDMA_READ_CONSUME_CHECK_CONSUMER) timestamp=376 ms, used_size=9609216 bytes (23.5%)
(RDMA_READ_CONSUME_CHECK_CONSUMER) timestamp=376 ms, used_size=9607168 bytes (23.5%)
(RDMA_READ_CONSUME_CHECK_CONSUMER) timestamp=376 ms, used_size=9605120 bytes (23.4%)
(RDMA_READ_CONSUME_CHECK_CONSUMER) timestamp=376 ms, used_size=9603072 bytes (23.4%)
(RDMA_READ_CONSUME_CHECK_CONSUMER) timestamp=376 ms, used_size=9601024 bytes (23.4%)
(RDMA_READ_CONSUME_CHECK_CONSUMER) timestamp=376 ms, used_size=9598976 bytes (23.4%)
(RDMA_READ_CONSUME_CHECK_CONSUMER) timestamp=376 ms, used_size=9596928 bytes (23.4%)
(RDMA_READ_CONSUME_CHECK_CONSUMER) timestamp=376 ms, used_size=9594880 bytes (23.4%)
(RDMA_READ_CONSUME_CHECK_CONSUMER) timestamp=376 ms, used_size=9592832 bytes (23.4%)
(RDMA_READ_CONSUME_CHECK_CONSUMER) timestamp=376 ms, used_size=9590784 bytes (23.4%)
(RDMA_READ_CONSUME_CHECK_CONSUMER) timestamp=376 ms, used_size=9588736 bytes (23.4%)
(RDMA_READ_CONSUME_CHECK_CONSUMER) timestamp=376 ms, used_size=9586688 bytes (23.4%)
(RDMA_READ_CONSUME_CHECK_CONSUMER) timestamp=376 ms, used_size=9584640 bytes (23.4%)
(RDMA_READ_CONSUME_CHECK_CONSUMER) timestamp=376 ms, used_size=9582592 bytes (23.4%)
(RDMA_READ_CONSUME_CHECK_CONSUMER) timestamp=376 ms, used_size=9580544 bytes (23.4%)
(RDMA_READ_CONSUME_CHECK_CONSUMER) timestamp=376 ms, used_size=9578496 bytes (23.4%)
(RDMA_READ_CONSUME_CHECK_CONSUMER) timestamp=376 ms, used_size=9576448 bytes (23.4%)
(RDMA_READ_CONSUME_CHECK_CONSUMER) timestamp=376 ms, used_size=9574400 bytes (23.4%)
(RDMA_READ_CONSUME_CHECK_CONSUMER) timestamp=376 ms, used_size=9572352 bytes (23.4%)
(RDMA_READ_CONSUME_CHECK_CONSUMER) timestamp=376 ms, used_size=9570304 bytes (23.4%)
(RDMA_READ_CONSUME_CHECK_CONSUMER) timestamp=376 ms, used_size=9568256 bytes (23.4%)
(RDMA_READ_CONSUME_CHECK_CONSUMER) timestamp=376 ms, used_size=9566208 bytes (23.4%)
(RDMA_READ_CONSUME_CHECK_CONSUMER) timestamp=376 ms, used_size=9564160 bytes (23.4%)
(RDMA_READ_CONSUME_CHECK_CONSUMER) timestamp=376 ms, used_size=9562112 bytes (23.3%)
(RDMA_READ_CONSUME_CHECK_CONSUMER) timestamp=376 ms, used_size=9560064 bytes (23.3%)
(RDMA_READ_CONSUME_CHECK_CONSUMER) timestamp=376 ms, used_size=9558016 bytes (23.3%)
(RDMA_READ_CONSUME_CHECK_CONSUMER) timestamp=376 ms, used_size=9555968 bytes (23.3%)
(RDMA_READ_CONSUME_CHECK_CONSUMER) timestamp=376 ms, used_size=9553920 bytes (23.3%)
(RDMA_READ_CONSUME_CHECK_CONSUMER) timestamp=376 ms, used_size=9551872 bytes (23.3%)
(RDMA_READ_CONSUME_CHECK_CONSUMER) timestamp=376 ms, used_size=9549824 bytes (23.3%)
(RDMA_READ_CONSUME_CHECK_CONSUMER) timestamp=376 ms, used_size=9547776 bytes (23.3%)
(RDMA_READ_CONSUME_CHECK_CONSUMER) timestamp=376 ms, used_size=9545728 bytes (23.3%)
(RDMA_READ_CONSUME_CHECK_CONSUMER) timestamp=376 ms, used_size=9543680 bytes (23.3%)
(RDMA_READ_CONSUME_CHECK_CONSUMER) timestamp=376 ms, used_size=9541632 bytes (23.3%)
(RDMA_READ_CONSUME_CHECK_CONSUMER) timestamp=376 ms, used_size=9539584 bytes (23.3%)
(RDMA_READ_CONSUME_CHECK_CONSUMER) timestamp=376 ms, used_size=9537536 bytes (23.3%)
(RDMA_READ_CONSUME_CHECK_CONSUMER) timestamp=376 ms, used_size=9535488 bytes (23.3%)
(RDMA_READ_CONSUME_CHECK_CONSUMER) timestamp=376 ms, used_size=9533440 bytes (23.3%)
(RDMA_READ_CONSUME_CHECK_CONSUMER) timestamp=376 ms, used_size=9531392 bytes (23.3%)
(RDMA_READ_CONSUME_CHECK_CONSUMER) timestamp=376 ms, used_size=9529344 bytes (23.3%)
(RDMA_READ_CONSUME_CHECK_CONSUMER) timestamp=376 ms, used_size=9527296 bytes (23.3%)
(RDMA_READ_CONSUME_CHECK_CONSUMER) timestamp=376 ms, used_size=9525248 bytes (23.3%)
(RDMA_READ_CONSUME_CHECK_CONSUMER) timestamp=376 ms, used_size=9523200 bytes (23.2%)
(RDMA_READ_CONSUME_CHECK_CONSUMER) timestamp=376 ms, used_size=9521152 bytes (23.2%)
(RDMA_READ_CONSUME_CHECK_CONSUMER) timestamp=376 ms, used_size=9519104 bytes (23.2%)
(RDMA_READ_CONSUME_CHECK_CONSUMER) timestamp=376 ms, used_size=9517056 bytes (23.2%)
(RDMA_READ_CONSUME_CHECK_CONSUMER) timestamp=376 ms, used_size=9515008 bytes (23.2%)
(RDMA_READ_CONSUME_CHECK_CONSUMER) timestamp=376 ms, used_size=9512960 bytes (23.2%)
(RDMA_READ_CONSUME_CHECK_CONSUMER) timestamp=376 ms, used_size=9510912 bytes (23.2%)
(RDMA_READ_CONSUME_CHECK_CONSUMER) timestamp=376 ms, used_size=9508864 bytes (23.2%)
(RDMA_READ_CONSUME_CHECK_CONSUMER) timestamp=376 ms, used_size=9506816 bytes (23.2%)
(RDMA_READ_CONSUME_CHECK_CONSUMER) timestamp=376 ms, used_size=9504768 bytes (23.2%)
(RDMA_READ_CONSUME_CHECK_CONSUMER) timestamp=376 ms, used_size=9502720 bytes (23.2%)
(RDMA_READ_CONSUME_CHECK_CONSUMER) timestamp=376 ms, used_size=9500672 bytes (23.2%)
(RDMA_READ_CONSUME_CHECK_CONSUMER) timestamp=376 ms, used_size=9498624 bytes (23.2%)
(RDMA_READ_CONSUME_CHECK_CONSUMER) timestamp=376 ms, used_size=9496576 bytes (23.2%)
(RDMA_READ_CONSUME_CHECK_CONSUMER) timestamp=376 ms, used_size=9494528 bytes (23.2%)
(RDMA_READ_CONSUME_CHECK_CONSUMER) timestamp=376 ms, used_size=9492480 bytes (23.2%)
(RDMA_READ_CONSUME_CHECK_CONSUMER) timestamp=376 ms, used_size=9490432 bytes (23.2%)
(RDMA_READ_CONSUME_CHECK_CONSUMER) timestamp=376 ms, used_size=9488384 bytes (23.2%)
(RDMA_READ_CONSUME_CHECK_CONSUMER) timestamp=376 ms, used_size=9486336 bytes (23.2%)
(RDMA_READ_CONSUME_CHECK_CONSUMER) timestamp=376 ms, used_size=9484288 bytes (23.2%)
(RDMA_READ_CONSUME_CHECK_CONSUMER) timestamp=376 ms, used_size=9482240 bytes (23.1%)
(RDMA_READ_CONSUME_CHECK_CONSUMER) timestamp=376 ms, used_size=9480192 bytes (23.1%)
(RDMA_READ_CONSUME_CHECK_CONSUMER) timestamp=376 ms, used_size=9478144 bytes (23.1%)
(RDMA_READ_CONSUME_CHECK_CONSUMER) timestamp=376 ms, used_size=9476096 bytes (23.1%)
(RDMA_READ_CONSUME_CHECK_CONSUMER) timestamp=376 ms, used_size=9474048 bytes (23.1%)
(RDMA_READ_CONSUME_CHECK_CONSUMER) timestamp=376 ms, used_size=9472000 bytes (23.1%)
(RDMA_READ_CONSUME_CHECK_CONSUMER) timestamp=376 ms, used_size=9469952 bytes (23.1%)
(RDMA_READ_CONSUME_CHECK_CONSUMER) timestamp=376 ms, used_size=9467904 bytes (23.1%)
(RDMA_READ_CONSUME_CHECK_CONSUMER) timestamp=376 ms, used_size=9465856 bytes (23.1%)
(RDMA_READ_CONSUME_CHECK_CONSUMER) timestamp=377 ms, used_size=9463808 bytes (23.1%)
(RDMA_READ_CONSUME_CHECK_CONSUMER) timestamp=377 ms, used_size=9461760 bytes (23.1%)
(RDMA_READ_CONSUME_CHECK_CONSUMER) timestamp=377 ms, used_size=9459712 bytes (23.1%)
(RDMA_READ_CONSUME_CHECK_CONSUMER) timestamp=377 ms, used_size=9457664 bytes (23.1%)
(RDMA_READ_CONSUME_CHECK_CONSUMER) timestamp=377 ms, used_size=9455616 bytes (23.1%)
(RDMA_READ_CONSUME_CHECK_CONSUMER) timestamp=377 ms, used_size=9453568 bytes (23.1%)
(RDMA_READ_CONSUME_CHECK_CONSUMER) timestamp=377 ms, used_size=9451520 bytes (23.1%)
(RDMA_READ_CONSUME_CHECK_CONSUMER) timestamp=377 ms, used_size=9449472 bytes (23.1%)
(RDMA_READ_CONSUME_CHECK_CONSUMER) timestamp=377 ms, used_size=9447424 bytes (23.1%)
(RDMA_READ_CONSUME_CHECK_CONSUMER) timestamp=377 ms, used_size=9445376 bytes (23.1%)
(RDMA_READ_CONSUME_CHECK_CONSUMER) timestamp=377 ms, used_size=9443328 bytes (23.1%)
(RDMA_READ_CONSUME_CHECK_CONSUMER) timestamp=377 ms, used_size=9441280 bytes (23.1%)
(RDMA_READ_CONSUME_CHECK_CONSUMER) timestamp=377 ms, used_size=9439232 bytes (23.0%)
(RDMA_READ_CONSUME_CHECK_CONSUMER) timestamp=377 ms, used_size=9437184 bytes (23.0%)
(RDMA_READ_CONSUME_CHECK_CONSUMER) timestamp=377 ms, used_size=9435136 bytes (23.0%)
(RDMA_READ_CONSUME_CHECK_CONSUMER) timestamp=377 ms, used_size=9433088 bytes (23.0%)
(RDMA_READ_CONSUME_CHECK_CONSUMER) timestamp=377 ms, used_size=9431040 bytes (23.0%)
(RDMA_READ_CONSUME_CHECK_CONSUMER) timestamp=377 ms, used_size=9428992 bytes (23.0%)
(RDMA_READ_CONSUME_CHECK_CONSUMER) timestamp=377 ms, used_size=9426944 bytes (23.0%)
(RDMA_READ_CONSUME_CHECK_CONSUMER) timestamp=377 ms, used_size=9424896 bytes (23.0%)
(RDMA_READ_CONSUME_CHECK_CONSUMER) timestamp=377 ms, used_size=9422848 bytes (23.0%)
(RDMA_READ_CONSUME_CHECK_CONSUMER) timestamp=377 ms, used_size=9420800 bytes (23.0%)
(RDMA_READ_CONSUME_CHECK_CONSUMER) timestamp=377 ms, used_size=9418752 bytes (23.0%)
(RDMA_READ_CONSUME_CHECK_CONSUMER) timestamp=377 ms, used_size=9416704 bytes (23.0%)
(RDMA_READ_CONSUME_CHECK_CONSUMER) timestamp=377 ms, used_size=9414656 bytes (23.0%)
(RDMA_READ_CONSUME_CHECK_CONSUMER) timestamp=377 ms, used_size=9412608 bytes (23.0%)
(RDMA_READ_CONSUME_CHECK_CONSUMER) timestamp=377 ms, used_size=9410560 bytes (23.0%)
(RDMA_READ_CONSUME_CHECK_CONSUMER) timestamp=377 ms, used_size=9408512 bytes (23.0%)
(RDMA_READ_CONSUME_CHECK_CONSUMER) timestamp=377 ms, used_size=9406464 bytes (23.0%)
(RDMA_READ_CONSUME_CHECK_CONSUMER) timestamp=377 ms, used_size=9404416 bytes (23.0%)
(RDMA_READ_CONSUME_CHECK_CONSUMER) timestamp=377 ms, used_size=9402368 bytes (23.0%)
(RDMA_READ_CONSUME_CHECK_CONSUMER) timestamp=377 ms, used_size=9400320 bytes (22.9%)
(RDMA_READ_CONSUME_CHECK_CONSUMER) timestamp=377 ms, used_size=9398272 bytes (22.9%)
(RDMA_READ_CONSUME_CHECK_CONSUMER) timestamp=377 ms, used_size=9396224 bytes (22.9%)
(RDMA_READ_CONSUME_CHECK_CONSUMER) timestamp=377 ms, used_size=9394176 bytes (22.9%)
(RDMA_READ_CONSUME_CHECK_CONSUMER) timestamp=377 ms, used_size=9392128 bytes (22.9%)
(RDMA_READ_CONSUME_CHECK_CONSUMER) timestamp=377 ms, used_size=9390080 bytes (22.9%)
(RDMA_READ_CONSUME_CHECK_CONSUMER) timestamp=377 ms, used_size=9388032 bytes (22.9%)
(RDMA_READ_CONSUME_CHECK_CONSUMER) timestamp=377 ms, used_size=9385984 bytes (22.9%)
(RDMA_READ_CONSUME_CHECK_CONSUMER) timestamp=377 ms, used_size=9383936 bytes (22.9%)
(RDMA_READ_CONSUME_CHECK_CONSUMER) timestamp=377 ms, used_size=9381888 bytes (22.9%)
(RDMA_READ_CONSUME_CHECK_CONSUMER) timestamp=377 ms, used_size=9379840 bytes (22.9%)
(RDMA_READ_CONSUME_CHECK_CONSUMER) timestamp=377 ms, used_size=9377792 bytes (22.9%)
(RDMA_READ_CONSUME_CHECK_CONSUMER) timestamp=377 ms, used_size=9375744 bytes (22.9%)
(RDMA_READ_CONSUME_CHECK_CONSUMER) timestamp=377 ms, used_size=9373696 bytes (22.9%)
(RDMA_READ_CONSUME_CHECK_CONSUMER) timestamp=377 ms, used_size=9371648 bytes (22.9%)
(RDMA_READ_CONSUME_CHECK_CONSUMER) timestamp=377 ms, used_size=9369600 bytes (22.9%)
(RDMA_READ_CONSUME_CHECK_CONSUMER) timestamp=377 ms, used_size=9367552 bytes (22.9%)
(RDMA_READ_CONSUME_CHECK_CONSUMER) timestamp=377 ms, used_size=9365504 bytes (22.9%)
(RDMA_READ_CONSUME_CHECK_CONSUMER) timestamp=377 ms, used_size=9363456 bytes (22.9%)
(RDMA_READ_CONSUME_CHECK_CONSUMER) timestamp=377 ms, used_size=9361408 bytes (22.9%)
(RDMA_READ_CONSUME_CHECK_CONSUMER) timestamp=377 ms, used_size=9359360 bytes (22.9%)
(RDMA_READ_CONSUME_CHECK_CONSUMER) timestamp=377 ms, used_size=9357312 bytes (22.8%)
(RDMA_READ_CONSUME_CHECK_CONSUMER) timestamp=377 ms, used_size=9355264 bytes (22.8%)
(RDMA_READ_CONSUME_CHECK_CONSUMER) timestamp=377 ms, used_size=9353216 bytes (22.8%)
(RDMA_READ_CONSUME_CHECK_CONSUMER) timestamp=377 ms, used_size=9351168 bytes (22.8%)
(RDMA_READ_CONSUME_CHECK_CONSUMER) timestamp=377 ms, used_size=9349120 bytes (22.8%)
(RDMA_READ_CONSUME_CHECK_CONSUMER) timestamp=377 ms, used_size=9347072 bytes (22.8%)
(RDMA_READ_CONSUME_CHECK_CONSUMER) timestamp=377 ms, used_size=9345024 bytes (22.8%)
(RDMA_READ_CONSUME_CHECK_CONSUMER) timestamp=377 ms, used_size=9342976 bytes (22.8%)
(RDMA_READ_CONSUME_CHECK_CONSUMER) timestamp=377 ms, used_size=9340928 bytes (22.8%)
(RDMA_READ_CONSUME_CHECK_CONSUMER) timestamp=377 ms, used_size=9338880 bytes (22.8%)
(RDMA_READ_CONSUME_CHECK_CONSUMER) timestamp=377 ms, used_size=9336832 bytes (22.8%)
(RDMA_READ_CONSUME_CHECK_CONSUMER) timestamp=377 ms, used_size=9334784 bytes (22.8%)
(RDMA_READ_CONSUME_CHECK_CONSUMER) timestamp=377 ms, used_size=9332736 bytes (22.8%)
(RDMA_READ_CONSUME_CHECK_CONSUMER) timestamp=377 ms, used_size=9330688 bytes (22.8%)
(RDMA_READ_CONSUME_CHECK_CONSUMER) timestamp=377 ms, used_size=9328640 bytes (22.8%)
(RDMA_READ_CONSUME_CHECK_CONSUMER) timestamp=377 ms, used_size=9326592 bytes (22.8%)
(RDMA_READ_CONSUME_CHECK_CONSUMER) timestamp=377 ms, used_size=9324544 bytes (22.8%)
(RDMA_READ_CONSUME_CHECK_CONSUMER) timestamp=377 ms, used_size=9322496 bytes (22.8%)
(RDMA_READ_CONSUME_CHECK_CONSUMER) timestamp=377 ms, used_size=9320448 bytes (22.8%)
(RDMA_READ_CONSUME_CHECK_CONSUMER) timestamp=377 ms, used_size=9318400 bytes (22.8%)
(RDMA_READ_CONSUME_CHECK_CONSUMER) timestamp=377 ms, used_size=9316352 bytes (22.7%)
(RDMA_READ_CONSUME_CHECK_CONSUMER) timestamp=377 ms, used_size=9314304 bytes (22.7%)
(RDMA_READ_CONSUME_CHECK_CONSUMER) timestamp=377 ms, used_size=9312256 bytes (22.7%)
(RDMA_READ_CONSUME_CHECK_CONSUMER) timestamp=377 ms, used_size=9310208 bytes (22.7%)
(RDMA_READ_CONSUME_CHECK_CONSUMER) timestamp=377 ms, used_size=9308160 bytes (22.7%)
(RDMA_READ_CONSUME_CHECK_CONSUMER) timestamp=377 ms, used_size=9306112 bytes (22.7%)
(RDMA_READ_CONSUME_CHECK_CONSUMER) timestamp=377 ms, used_size=9304064 bytes (22.7%)
(RDMA_READ_CONSUME_CHECK_CONSUMER) timestamp=377 ms, used_size=9302016 bytes (22.7%)
(RDMA_READ_CONSUME_CHECK_CONSUMER) timestamp=377 ms, used_size=9299968 bytes (22.7%)
(RDMA_READ_CONSUME_CHECK_CONSUMER) timestamp=377 ms, used_size=9297920 bytes (22.7%)
(RDMA_READ_CONSUME_CHECK_CONSUMER) timestamp=377 ms, used_size=9295872 bytes (22.7%)
(RDMA_READ_CONSUME_CHECK_CONSUMER) timestamp=377 ms, used_size=9293824 bytes (22.7%)
(RDMA_READ_CONSUME_CHECK_CONSUMER) timestamp=377 ms, used_size=9291776 bytes (22.7%)
(RDMA_READ_CONSUME_CHECK_CONSUMER) timestamp=377 ms, used_size=9289728 bytes (22.7%)
(RDMA_READ_CONSUME_CHECK_CONSUMER) timestamp=377 ms, used_size=9287680 bytes (22.7%)
(RDMA_READ_CONSUME_CHECK_CONSUMER) timestamp=377 ms, used_size=9285632 bytes (22.7%)
(RDMA_READ_CONSUME_CHECK_CONSUMER) timestamp=377 ms, used_size=9283584 bytes (22.7%)
(RDMA_READ_CONSUME_CHECK_CONSUMER) timestamp=377 ms, used_size=9281536 bytes (22.7%)
(RDMA_READ_CONSUME_CHECK_CONSUMER) timestamp=377 ms, used_size=9279488 bytes (22.7%)
(RDMA_READ_CONSUME_CHECK_CONSUMER) timestamp=377 ms, used_size=9277440 bytes (22.6%)
(RDMA_READ_CONSUME_CHECK_CONSUMER) timestamp=377 ms, used_size=9275392 bytes (22.6%)
(RDMA_READ_CONSUME_CHECK_CONSUMER) timestamp=377 ms, used_size=9273344 bytes (22.6%)
(RDMA_READ_CONSUME_CHECK_CONSUMER) timestamp=377 ms, used_size=9271296 bytes (22.6%)
(RDMA_READ_CONSUME_CHECK_CONSUMER) timestamp=377 ms, used_size=9269248 bytes (22.6%)
(RDMA_READ_CONSUME_CHECK_CONSUMER) timestamp=377 ms, used_size=9267200 bytes (22.6%)
(RDMA_READ_CONSUME_CHECK_CONSUMER) timestamp=377 ms, used_size=9265152 bytes (22.6%)
(RDMA_READ_CONSUME_CHECK_CONSUMER) timestamp=377 ms, used_size=9263104 bytes (22.6%)
(RDMA_READ_CONSUME_CHECK_CONSUMER) timestamp=377 ms, used_size=9261056 bytes (22.6%)
(RDMA_READ_CONSUME_CHECK_CONSUMER) timestamp=377 ms, used_size=9259008 bytes (22.6%)
(RDMA_READ_CONSUME_CHECK_CONSUMER) timestamp=377 ms, used_size=9256960 bytes (22.6%)
(RDMA_READ_CONSUME_CHECK_CONSUMER) timestamp=377 ms, used_size=9254912 bytes (22.6%)
(RDMA_READ_CONSUME_CHECK_CONSUMER) timestamp=377 ms, used_size=9252864 bytes (22.6%)
(RDMA_READ_CONSUME_CHECK_CONSUMER) timestamp=377 ms, used_size=9250816 bytes (22.6%)
(RDMA_READ_CONSUME_CHECK_CONSUMER) timestamp=377 ms, used_size=9248768 bytes (22.6%)
(RDMA_READ_CONSUME_CHECK_CONSUMER) timestamp=377 ms, used_size=9246720 bytes (22.6%)
(RDMA_READ_CONSUME_CHECK_CONSUMER) timestamp=377 ms, used_size=9244672 bytes (22.6%)
(RDMA_READ_CONSUME_CHECK_CONSUMER) timestamp=377 ms, used_size=9242624 bytes (22.6%)
(RDMA_READ_CONSUME_CHECK_CONSUMER) timestamp=377 ms, used_size=9240576 bytes (22.6%)
(RDMA_READ_CONSUME_CHECK_CONSUMER) timestamp=377 ms, used_size=9238528 bytes (22.6%)
(RDMA_READ_CONSUME_CHECK_CONSUMER) timestamp=377 ms, used_size=9236480 bytes (22.6%)
(RDMA_READ_CONSUME_CHECK_CONSUMER) timestamp=377 ms, used_size=9234432 bytes (22.5%)
(RDMA_READ_CONSUME_CHECK_CONSUMER) timestamp=377 ms, used_size=9232384 bytes (22.5%)
(RDMA_READ_CONSUME_CHECK_CONSUMER) timestamp=377 ms, used_size=9230336 bytes (22.5%)
(RDMA_READ_CONSUME_CHECK_CONSUMER) timestamp=377 ms, used_size=9228288 bytes (22.5%)
(RDMA_READ_CONSUME_CHECK_CONSUMER) timestamp=377 ms, used_size=9226240 bytes (22.5%)
(RDMA_READ_CONSUME_CHECK_CONSUMER) timestamp=377 ms, used_size=9224192 bytes (22.5%)
(RDMA_READ_CONSUME_CHECK_CONSUMER) timestamp=377 ms, used_size=9222144 bytes (22.5%)
(RDMA_READ_CONSUME_CHECK_CONSUMER) timestamp=377 ms, used_size=9220096 bytes (22.5%)
(RDMA_READ_CONSUME_CHECK_CONSUMER) timestamp=377 ms, used_size=9218048 bytes (22.5%)
(RDMA_READ_CONSUME_CHECK_CONSUMER) timestamp=377 ms, used_size=9216000 bytes (22.5%)
(RDMA_READ_CONSUME_CHECK_CONSUMER) timestamp=377 ms, used_size=9213952 bytes (22.5%)
(RDMA_READ_CONSUME_CHECK_CONSUMER) timestamp=377 ms, used_size=9211904 bytes (22.5%)
(RDMA_READ_CONSUME_CHECK_CONSUMER) timestamp=377 ms, used_size=9209856 bytes (22.5%)
(RDMA_READ_CONSUME_CHECK_CONSUMER) timestamp=377 ms, used_size=9207808 bytes (22.5%)
(RDMA_READ_CONSUME_CHECK_CONSUMER) timestamp=377 ms, used_size=9205760 bytes (22.5%)
(RDMA_READ_CONSUME_CHECK_CONSUMER) timestamp=377 ms, used_size=9203712 bytes (22.5%)
(RDMA_READ_CONSUME_CHECK_CONSUMER) timestamp=377 ms, used_size=9201664 bytes (22.5%)
(RDMA_READ_CONSUME_CHECK_CONSUMER) timestamp=377 ms, used_size=9199616 bytes (22.5%)
(RDMA_READ_CONSUME_CHECK_CONSUMER) timestamp=377 ms, used_size=9197568 bytes (22.5%)
(RDMA_READ_CONSUME_CHECK_CONSUMER) timestamp=377 ms, used_size=9195520 bytes (22.4%)
(RDMA_READ_CONSUME_CHECK_CONSUMER) timestamp=377 ms, used_size=9193472 bytes (22.4%)
(RDMA_READ_CONSUME_CHECK_CONSUMER) timestamp=377 ms, used_size=9191424 bytes (22.4%)
(RDMA_READ_CONSUME_CHECK_CONSUMER) timestamp=377 ms, used_size=9189376 bytes (22.4%)
(RDMA_READ_CONSUME_CHECK_CONSUMER) timestamp=377 ms, used_size=9187328 bytes (22.4%)
(RDMA_READ_CONSUME_CHECK_CONSUMER) timestamp=377 ms, used_size=9185280 bytes (22.4%)
(RDMA_READ_CONSUME_CHECK_CONSUMER) timestamp=377 ms, used_size=9183232 bytes (22.4%)
(RDMA_READ_CONSUME_CHECK_CONSUMER) timestamp=377 ms, used_size=9181184 bytes (22.4%)
(RDMA_READ_CONSUME_CHECK_CONSUMER) timestamp=377 ms, used_size=9179136 bytes (22.4%)
(RDMA_READ_CONSUME_CHECK_CONSUMER) timestamp=377 ms, used_size=9177088 bytes (22.4%)
(RDMA_READ_CONSUME_CHECK_CONSUMER) timestamp=377 ms, used_size=9175040 bytes (22.4%)
(RDMA_READ_CONSUME_CHECK_CONSUMER) timestamp=377 ms, used_size=9172992 bytes (22.4%)
(RDMA_READ_CONSUME_CHECK_CONSUMER) timestamp=377 ms, used_size=9170944 bytes (22.4%)
(RDMA_READ_CONSUME_CHECK_CONSUMER) timestamp=377 ms, used_size=9168896 bytes (22.4%)
(RDMA_READ_CONSUME_CHECK_CONSUMER) timestamp=377 ms, used_size=9166848 bytes (22.4%)
(RDMA_READ_CONSUME_CHECK_CONSUMER) timestamp=377 ms, used_size=9164800 bytes (22.4%)
(RDMA_READ_CONSUME_CHECK_CONSUMER) timestamp=377 ms, used_size=9162752 bytes (22.4%)
(RDMA_READ_CONSUME_CHECK_CONSUMER) timestamp=377 ms, used_size=9160704 bytes (22.4%)
(RDMA_READ_CONSUME_CHECK_CONSUMER) timestamp=377 ms, used_size=9158656 bytes (22.4%)
(RDMA_READ_CONSUME_CHECK_CONSUMER) timestamp=377 ms, used_size=9156608 bytes (22.4%)
(RDMA_READ_CONSUME_CHECK_CONSUMER) timestamp=377 ms, used_size=9154560 bytes (22.4%)
(RDMA_READ_CONSUME_CHECK_CONSUMER) timestamp=377 ms, used_size=9152512 bytes (22.3%)
(RDMA_READ_CONSUME_CHECK_CONSUMER) timestamp=377 ms, used_size=9150464 bytes (22.3%)
(RDMA_READ_CONSUME_CHECK_CONSUMER) timestamp=377 ms, used_size=9148416 bytes (22.3%)
(RDMA_READ_CONSUME_CHECK_CONSUMER) timestamp=377 ms, used_size=9146368 bytes (22.3%)
(RDMA_READ_CONSUME_CHECK_CONSUMER) timestamp=377 ms, used_size=9144320 bytes (22.3%)
(RDMA_READ_CONSUME_CHECK_CONSUMER) timestamp=377 ms, used_size=9142272 bytes (22.3%)
(RDMA_READ_CONSUME_CHECK_CONSUMER) timestamp=377 ms, used_size=9140224 bytes (22.3%)
(RDMA_READ_CONSUME_CHECK_CONSUMER) timestamp=377 ms, used_size=9138176 bytes (22.3%)
(RDMA_READ_CONSUME_CHECK_CONSUMER) timestamp=377 ms, used_size=9136128 bytes (22.3%)
(RDMA_READ_CONSUME_CHECK_CONSUMER) timestamp=377 ms, used_size=9134080 bytes (22.3%)
(RDMA_READ_CONSUME_CHECK_CONSUMER) timestamp=377 ms, used_size=9132032 bytes (22.3%)
(RDMA_READ_CONSUME_CHECK_CONSUMER) timestamp=377 ms, used_size=9129984 bytes (22.3%)
(RDMA_READ_CONSUME_CHECK_CONSUMER) timestamp=377 ms, used_size=9127936 bytes (22.3%)
(RDMA_READ_CONSUME_CHECK_CONSUMER) timestamp=377 ms, used_size=9125888 bytes (22.3%)
(RDMA_READ_CONSUME_CHECK_CONSUMER) timestamp=377 ms, used_size=9123840 bytes (22.3%)
(RDMA_READ_CONSUME_CHECK_CONSUMER) timestamp=377 ms, used_size=9121792 bytes (22.3%)
(RDMA_READ_CONSUME_CHECK_CONSUMER) timestamp=377 ms, used_size=9119744 bytes (22.3%)
(RDMA_READ_CONSUME_CHECK_CONSUMER) timestamp=377 ms, used_size=9117696 bytes (22.3%)
(RDMA_READ_CONSUME_CHECK_CONSUMER) timestamp=377 ms, used_size=9115648 bytes (22.3%)
(RDMA_READ_CONSUME_CHECK_CONSUMER) timestamp=377 ms, used_size=9113600 bytes (22.2%)
(RDMA_READ_CONSUME_CHECK_CONSUMER) timestamp=377 ms, used_size=9111552 bytes (22.2%)
(RDMA_READ_CONSUME_CHECK_CONSUMER) timestamp=377 ms, used_size=9109504 bytes (22.2%)
(RDMA_READ_CONSUME_CHECK_CONSUMER) timestamp=377 ms, used_size=9107456 bytes (22.2%)
(RDMA_READ_CONSUME_CHECK_CONSUMER) timestamp=377 ms, used_size=9105408 bytes (22.2%)
(RDMA_READ_CONSUME_CHECK_CONSUMER) timestamp=377 ms, used_size=9103360 bytes (22.2%)
(RDMA_READ_CONSUME_CHECK_CONSUMER) timestamp=377 ms, used_size=9101312 bytes (22.2%)
(RDMA_READ_CONSUME_CHECK_CONSUMER) timestamp=377 ms, used_size=9099264 bytes (22.2%)
(RDMA_READ_CONSUME_CHECK_CONSUMER) timestamp=377 ms, used_size=9097216 bytes (22.2%)
(RDMA_READ_CONSUME_CHECK_CONSUMER) timestamp=377 ms, used_size=9095168 bytes (22.2%)
(RDMA_READ_CONSUME_CHECK_CONSUMER) timestamp=377 ms, used_size=9093120 bytes (22.2%)
(RDMA_READ_CONSUME_CHECK_CONSUMER) timestamp=377 ms, used_size=9091072 bytes (22.2%)
(RDMA_READ_CONSUME_CHECK_CONSUMER) timestamp=378 ms, used_size=9089024 bytes (22.2%)
(RDMA_READ_CONSUME_CHECK_CONSUMER) timestamp=378 ms, used_size=9086976 bytes (22.2%)
(RDMA_READ_CONSUME_CHECK_CONSUMER) timestamp=378 ms, used_size=9084928 bytes (22.2%)
(RDMA_READ_CONSUME_CHECK_CONSUMER) timestamp=378 ms, used_size=9082880 bytes (22.2%)
(RDMA_READ_CONSUME_CHECK_CONSUMER) timestamp=378 ms, used_size=9080832 bytes (22.2%)
(RDMA_READ_CONSUME_CHECK_CONSUMER) timestamp=378 ms, used_size=9078784 bytes (22.2%)
(RDMA_READ_CONSUME_CHECK_CONSUMER) timestamp=378 ms, used_size=9076736 bytes (22.2%)
(RDMA_READ_CONSUME_CHECK_CONSUMER) timestamp=378 ms, used_size=9074688 bytes (22.2%)
(RDMA_READ_CONSUME_CHECK_CONSUMER) timestamp=378 ms, used_size=9072640 bytes (22.1%)
(RDMA_READ_CONSUME_CHECK_CONSUMER) timestamp=378 ms, used_size=9070592 bytes (22.1%)
(RDMA_READ_CONSUME_CHECK_CONSUMER) timestamp=378 ms, used_size=9068544 bytes (22.1%)
(RDMA_READ_CONSUME_CHECK_CONSUMER) timestamp=378 ms, used_size=9066496 bytes (22.1%)
(RDMA_READ_CONSUME_CHECK_CONSUMER) timestamp=378 ms, used_size=9064448 bytes (22.1%)
(RDMA_READ_CONSUME_CHECK_CONSUMER) timestamp=378 ms, used_size=9062400 bytes (22.1%)
(RDMA_READ_CONSUME_CHECK_CONSUMER) timestamp=378 ms, used_size=9060352 bytes (22.1%)
(RDMA_READ_CONSUME_CHECK_CONSUMER) timestamp=378 ms, used_size=9058304 bytes (22.1%)
(RDMA_READ_CONSUME_CHECK_CONSUMER) timestamp=378 ms, used_size=9056256 bytes (22.1%)
(RDMA_READ_CONSUME_CHECK_CONSUMER) timestamp=378 ms, used_size=9054208 bytes (22.1%)
(RDMA_READ_CONSUME_CHECK_CONSUMER) timestamp=378 ms, used_size=9052160 bytes (22.1%)
(RDMA_READ_CONSUME_CHECK_CONSUMER) timestamp=378 ms, used_size=9050112 bytes (22.1%)
(RDMA_READ_CONSUME_CHECK_CONSUMER) timestamp=378 ms, used_size=9048064 bytes (22.1%)
(RDMA_READ_CONSUME_CHECK_CONSUMER) timestamp=378 ms, used_size=9046016 bytes (22.1%)
(RDMA_READ_CONSUME_CHECK_CONSUMER) timestamp=378 ms, used_size=9043968 bytes (22.1%)
(RDMA_READ_CONSUME_CHECK_CONSUMER) timestamp=378 ms, used_size=9041920 bytes (22.1%)
(RDMA_READ_CONSUME_CHECK_CONSUMER) timestamp=378 ms, used_size=9039872 bytes (22.1%)
(RDMA_READ_CONSUME_CHECK_CONSUMER) timestamp=378 ms, used_size=9037824 bytes (22.1%)
(RDMA_READ_CONSUME_CHECK_CONSUMER) timestamp=378 ms, used_size=9035776 bytes (22.1%)
(RDMA_READ_CONSUME_CHECK_CONSUMER) timestamp=378 ms, used_size=9033728 bytes (22.1%)
(RDMA_READ_CONSUME_CHECK_CONSUMER) timestamp=378 ms, used_size=9031680 bytes (22.1%)
(RDMA_READ_CONSUME_CHECK_CONSUMER) timestamp=378 ms, used_size=9029632 bytes (22.0%)
(RDMA_READ_CONSUME_CHECK_CONSUMER) timestamp=378 ms, used_size=9027584 bytes (22.0%)
(RDMA_READ_CONSUME_CHECK_CONSUMER) timestamp=378 ms, used_size=9025536 bytes (22.0%)
(RDMA_READ_CONSUME_CHECK_CONSUMER) timestamp=378 ms, used_size=9023488 bytes (22.0%)
(RDMA_READ_CONSUME_CHECK_CONSUMER) timestamp=378 ms, used_size=9021440 bytes (22.0%)
(RDMA_READ_CONSUME_CHECK_CONSUMER) timestamp=378 ms, used_size=9019392 bytes (22.0%)
(RDMA_READ_CONSUME_CHECK_CONSUMER) timestamp=378 ms, used_size=9017344 bytes (22.0%)
(RDMA_READ_CONSUME_CHECK_CONSUMER) timestamp=378 ms, used_size=9015296 bytes (22.0%)
(RDMA_READ_CONSUME_CHECK_CONSUMER) timestamp=378 ms, used_size=9013248 bytes (22.0%)
(RDMA_READ_CONSUME_CHECK_CONSUMER) timestamp=378 ms, used_size=9011200 bytes (22.0%)
(RDMA_READ_CONSUME_CHECK_CONSUMER) timestamp=378 ms, used_size=9009152 bytes (22.0%)
(RDMA_READ_CONSUME_CHECK_CONSUMER) timestamp=378 ms, used_size=9007104 bytes (22.0%)
(RDMA_READ_CONSUME_CHECK_CONSUMER) timestamp=378 ms, used_size=9005056 bytes (22.0%)
(RDMA_READ_CONSUME_CHECK_CONSUMER) timestamp=378 ms, used_size=9003008 bytes (22.0%)
(RDMA_READ_CONSUME_CHECK_CONSUMER) timestamp=378 ms, used_size=9000960 bytes (22.0%)
(RDMA_READ_CONSUME_CHECK_CONSUMER) timestamp=378 ms, used_size=8998912 bytes (22.0%)
(RDMA_READ_CONSUME_CHECK_CONSUMER) timestamp=378 ms, used_size=8996864 bytes (22.0%)
(RDMA_READ_CONSUME_CHECK_CONSUMER) timestamp=378 ms, used_size=8994816 bytes (22.0%)
(RDMA_READ_CONSUME_CHECK_CONSUMER) timestamp=378 ms, used_size=8992768 bytes (22.0%)
(RDMA_READ_CONSUME_CHECK_CONSUMER) timestamp=378 ms, used_size=8990720 bytes (21.9%)
(RDMA_READ_CONSUME_CHECK_CONSUMER) timestamp=378 ms, used_size=8988672 bytes (21.9%)
(RDMA_READ_CONSUME_CHECK_CONSUMER) timestamp=378 ms, used_size=8986624 bytes (21.9%)
(RDMA_READ_CONSUME_CHECK_CONSUMER) timestamp=378 ms, used_size=8984576 bytes (21.9%)
(RDMA_READ_CONSUME_CHECK_CONSUMER) timestamp=378 ms, used_size=8982528 bytes (21.9%)
(RDMA_READ_CONSUME_CHECK_CONSUMER) timestamp=378 ms, used_size=8980480 bytes (21.9%)
(RDMA_READ_CONSUME_CHECK_CONSUMER) timestamp=378 ms, used_size=8978432 bytes (21.9%)
(RDMA_READ_CONSUME_CHECK_CONSUMER) timestamp=378 ms, used_size=8976384 bytes (21.9%)
(RDMA_READ_CONSUME_CHECK_CONSUMER) timestamp=378 ms, used_size=8974336 bytes (21.9%)
(RDMA_READ_CONSUME_CHECK_CONSUMER) timestamp=378 ms, used_size=8972288 bytes (21.9%)
(RDMA_READ_CONSUME_CHECK_CONSUMER) timestamp=378 ms, used_size=8970240 bytes (21.9%)
(RDMA_READ_CONSUME_CHECK_CONSUMER) timestamp=378 ms, used_size=8968192 bytes (21.9%)
(RDMA_READ_CONSUME_CHECK_CONSUMER) timestamp=378 ms, used_size=8966144 bytes (21.9%)
(RDMA_READ_CONSUME_CHECK_CONSUMER) timestamp=378 ms, used_size=8964096 bytes (21.9%)
(RDMA_READ_CONSUME_CHECK_CONSUMER) timestamp=378 ms, used_size=8962048 bytes (21.9%)
(RDMA_READ_CONSUME_CHECK_CONSUMER) timestamp=378 ms, used_size=8960000 bytes (21.9%)
(RDMA_READ_CONSUME_CHECK_CONSUMER) timestamp=378 ms, used_size=8957952 bytes (21.9%)
(RDMA_READ_CONSUME_CHECK_CONSUMER) timestamp=378 ms, used_size=8955904 bytes (21.9%)
(RDMA_READ_CONSUME_CHECK_CONSUMER) timestamp=378 ms, used_size=8953856 bytes (21.9%)
(RDMA_READ_CONSUME_CHECK_CONSUMER) timestamp=378 ms, used_size=8951808 bytes (21.9%)
(RDMA_READ_CONSUME_CHECK_CONSUMER) timestamp=378 ms, used_size=8949760 bytes (21.9%)
(RDMA_READ_CONSUME_CHECK_CONSUMER) timestamp=378 ms, used_size=8947712 bytes (21.8%)
(RDMA_READ_CONSUME_CHECK_CONSUMER) timestamp=378 ms, used_size=8945664 bytes (21.8%)
(RDMA_READ_CONSUME_CHECK_CONSUMER) timestamp=378 ms, used_size=8943616 bytes (21.8%)
(RDMA_READ_CONSUME_CHECK_CONSUMER) timestamp=378 ms, used_size=8941568 bytes (21.8%)
(RDMA_READ_CONSUME_CHECK_CONSUMER) timestamp=378 ms, used_size=8939520 bytes (21.8%)
(RDMA_READ_CONSUME_CHECK_CONSUMER) timestamp=378 ms, used_size=8937472 bytes (21.8%)
(RDMA_READ_CONSUME_CHECK_CONSUMER) timestamp=378 ms, used_size=8935424 bytes (21.8%)
(RDMA_READ_CONSUME_CHECK_CONSUMER) timestamp=378 ms, used_size=8933376 bytes (21.8%)
(RDMA_READ_CONSUME_CHECK_CONSUMER) timestamp=378 ms, used_size=8931328 bytes (21.8%)
(RDMA_READ_CONSUME_CHECK_CONSUMER) timestamp=378 ms, used_size=8929280 bytes (21.8%)
(RDMA_READ_CONSUME_CHECK_CONSUMER) timestamp=378 ms, used_size=8927232 bytes (21.8%)
(RDMA_READ_CONSUME_CHECK_CONSUMER) timestamp=378 ms, used_size=8925184 bytes (21.8%)
(RDMA_READ_CONSUME_CHECK_CONSUMER) timestamp=378 ms, used_size=8923136 bytes (21.8%)
(RDMA_READ_CONSUME_CHECK_CONSUMER) timestamp=378 ms, used_size=8921088 bytes (21.8%)
(RDMA_READ_CONSUME_CHECK_CONSUMER) timestamp=378 ms, used_size=8919040 bytes (21.8%)
(RDMA_READ_CONSUME_CHECK_CONSUMER) timestamp=378 ms, used_size=8916992 bytes (21.8%)
(RDMA_READ_CONSUME_CHECK_CONSUMER) timestamp=378 ms, used_size=8914944 bytes (21.8%)
(RDMA_READ_CONSUME_CHECK_CONSUMER) timestamp=378 ms, used_size=8912896 bytes (21.8%)
(RDMA_READ_CONSUME_CHECK_CONSUMER) timestamp=378 ms, used_size=8910848 bytes (21.8%)
(RDMA_READ_CONSUME_CHECK_CONSUMER) timestamp=378 ms, used_size=8908800 bytes (21.8%)
(RDMA_READ_CONSUME_CHECK_CONSUMER) timestamp=378 ms, used_size=8906752 bytes (21.7%)
(RDMA_READ_CONSUME_CHECK_CONSUMER) timestamp=378 ms, used_size=8904704 bytes (21.7%)
(RDMA_READ_CONSUME_CHECK_CONSUMER) timestamp=378 ms, used_size=8902656 bytes (21.7%)
(RDMA_READ_CONSUME_CHECK_CONSUMER) timestamp=378 ms, used_size=8900608 bytes (21.7%)
(RDMA_READ_CONSUME_CHECK_CONSUMER) timestamp=378 ms, used_size=8898560 bytes (21.7%)
(RDMA_READ_CONSUME_CHECK_CONSUMER) timestamp=378 ms, used_size=8896512 bytes (21.7%)
(RDMA_READ_CONSUME_CHECK_CONSUMER) timestamp=378 ms, used_size=8894464 bytes (21.7%)
(RDMA_READ_CONSUME_CHECK_CONSUMER) timestamp=378 ms, used_size=8892416 bytes (21.7%)
(RDMA_READ_CONSUME_CHECK_CONSUMER) timestamp=378 ms, used_size=8890368 bytes (21.7%)
(RDMA_READ_CONSUME_CHECK_CONSUMER) timestamp=378 ms, used_size=8888320 bytes (21.7%)
(RDMA_READ_CONSUME_CHECK_CONSUMER) timestamp=378 ms, used_size=8886272 bytes (21.7%)
(RDMA_READ_CONSUME_CHECK_CONSUMER) timestamp=378 ms, used_size=8884224 bytes (21.7%)
(RDMA_READ_CONSUME_CHECK_CONSUMER) timestamp=378 ms, used_size=8882176 bytes (21.7%)
(RDMA_READ_CONSUME_CHECK_CONSUMER) timestamp=378 ms, used_size=8880128 bytes (21.7%)
(RDMA_READ_CONSUME_CHECK_CONSUMER) timestamp=378 ms, used_size=8878080 bytes (21.7%)
(RDMA_READ_CONSUME_CHECK_CONSUMER) timestamp=378 ms, used_size=8876032 bytes (21.7%)
(RDMA_READ_CONSUME_CHECK_CONSUMER) timestamp=378 ms, used_size=8873984 bytes (21.7%)
(RDMA_READ_CONSUME_CHECK_CONSUMER) timestamp=378 ms, used_size=8871936 bytes (21.7%)
(RDMA_READ_CONSUME_CHECK_CONSUMER) timestamp=378 ms, used_size=8869888 bytes (21.7%)
(RDMA_READ_CONSUME_CHECK_CONSUMER) timestamp=378 ms, used_size=8867840 bytes (21.6%)
(RDMA_READ_CONSUME_CHECK_CONSUMER) timestamp=378 ms, used_size=8865792 bytes (21.6%)
(RDMA_READ_CONSUME_CHECK_CONSUMER) timestamp=378 ms, used_size=8863744 bytes (21.6%)
(RDMA_READ_CONSUME_CHECK_CONSUMER) timestamp=378 ms, used_size=8861696 bytes (21.6%)
(RDMA_READ_CONSUME_CHECK_CONSUMER) timestamp=378 ms, used_size=8859648 bytes (21.6%)
(RDMA_READ_CONSUME_CHECK_CONSUMER) timestamp=378 ms, used_size=8857600 bytes (21.6%)
(RDMA_READ_CONSUME_CHECK_CONSUMER) timestamp=378 ms, used_size=8855552 bytes (21.6%)
(RDMA_READ_CONSUME_CHECK_CONSUMER) timestamp=378 ms, used_size=8853504 bytes (21.6%)
(RDMA_READ_CONSUME_CHECK_CONSUMER) timestamp=378 ms, used_size=8851456 bytes (21.6%)
(RDMA_READ_CONSUME_CHECK_CONSUMER) timestamp=378 ms, used_size=8849408 bytes (21.6%)
(RDMA_READ_CONSUME_CHECK_CONSUMER) timestamp=378 ms, used_size=8847360 bytes (21.6%)
(RDMA_READ_CONSUME_CHECK_CONSUMER) timestamp=378 ms, used_size=8845312 bytes (21.6%)
(RDMA_READ_CONSUME_CHECK_CONSUMER) timestamp=378 ms, used_size=8843264 bytes (21.6%)
(RDMA_READ_CONSUME_CHECK_CONSUMER) timestamp=378 ms, used_size=8841216 bytes (21.6%)
(RDMA_READ_CONSUME_CHECK_CONSUMER) timestamp=378 ms, used_size=8839168 bytes (21.6%)
(RDMA_READ_CONSUME_CHECK_CONSUMER) timestamp=378 ms, used_size=8837120 bytes (21.6%)
(RDMA_READ_CONSUME_CHECK_CONSUMER) timestamp=378 ms, used_size=8835072 bytes (21.6%)
(RDMA_READ_CONSUME_CHECK_CONSUMER) timestamp=378 ms, used_size=8833024 bytes (21.6%)
(RDMA_READ_CONSUME_CHECK_CONSUMER) timestamp=378 ms, used_size=8830976 bytes (21.6%)
(RDMA_READ_CONSUME_CHECK_CONSUMER) timestamp=378 ms, used_size=8828928 bytes (21.6%)
(RDMA_READ_CONSUME_CHECK_CONSUMER) timestamp=378 ms, used_size=8826880 bytes (21.6%)
(RDMA_READ_CONSUME_CHECK_CONSUMER) timestamp=378 ms, used_size=8824832 bytes (21.5%)
(RDMA_READ_CONSUME_CHECK_CONSUMER) timestamp=378 ms, used_size=8822784 bytes (21.5%)
(RDMA_READ_CONSUME_CHECK_CONSUMER) timestamp=378 ms, used_size=8820736 bytes (21.5%)
(RDMA_READ_CONSUME_CHECK_CONSUMER) timestamp=378 ms, used_size=8818688 bytes (21.5%)
(RDMA_READ_CONSUME_CHECK_CONSUMER) timestamp=378 ms, used_size=8816640 bytes (21.5%)
(RDMA_READ_CONSUME_CHECK_CONSUMER) timestamp=378 ms, used_size=8814592 bytes (21.5%)
(RDMA_READ_CONSUME_CHECK_CONSUMER) timestamp=378 ms, used_size=8812544 bytes (21.5%)
(RDMA_READ_CONSUME_CHECK_CONSUMER) timestamp=378 ms, used_size=8810496 bytes (21.5%)
(RDMA_READ_CONSUME_CHECK_CONSUMER) timestamp=378 ms, used_size=8808448 bytes (21.5%)
(RDMA_READ_CONSUME_CHECK_CONSUMER) timestamp=378 ms, used_size=8806400 bytes (21.5%)
(RDMA_READ_CONSUME_CHECK_CONSUMER) timestamp=378 ms, used_size=8804352 bytes (21.5%)
(RDMA_READ_CONSUME_CHECK_CONSUMER) timestamp=378 ms, used_size=8802304 bytes (21.5%)
(RDMA_READ_CONSUME_CHECK_CONSUMER) timestamp=378 ms, used_size=8800256 bytes (21.5%)
(RDMA_READ_CONSUME_CHECK_CONSUMER) timestamp=378 ms, used_size=8798208 bytes (21.5%)
(RDMA_READ_CONSUME_CHECK_CONSUMER) timestamp=378 ms, used_size=8796160 bytes (21.5%)
(RDMA_READ_CONSUME_CHECK_CONSUMER) timestamp=378 ms, used_size=8794112 bytes (21.5%)
(RDMA_READ_CONSUME_CHECK_CONSUMER) timestamp=378 ms, used_size=8792064 bytes (21.5%)
(RDMA_READ_CONSUME_CHECK_CONSUMER) timestamp=378 ms, used_size=8790016 bytes (21.5%)
(RDMA_READ_CONSUME_CHECK_CONSUMER) timestamp=378 ms, used_size=8787968 bytes (21.5%)
(RDMA_READ_CONSUME_CHECK_CONSUMER) timestamp=378 ms, used_size=8785920 bytes (21.4%)
(RDMA_READ_CONSUME_CHECK_CONSUMER) timestamp=378 ms, used_size=8783872 bytes (21.4%)
(RDMA_READ_CONSUME_CHECK_CONSUMER) timestamp=378 ms, used_size=8781824 bytes (21.4%)
(RDMA_READ_CONSUME_CHECK_CONSUMER) timestamp=378 ms, used_size=8779776 bytes (21.4%)
(RDMA_READ_CONSUME_CHECK_CONSUMER) timestamp=378 ms, used_size=8777728 bytes (21.4%)
(RDMA_READ_CONSUME_CHECK_CONSUMER) timestamp=378 ms, used_size=8775680 bytes (21.4%)
(RDMA_READ_CONSUME_CHECK_CONSUMER) timestamp=378 ms, used_size=8773632 bytes (21.4%)
(RDMA_READ_CONSUME_CHECK_CONSUMER) timestamp=378 ms, used_size=8771584 bytes (21.4%)
(RDMA_READ_CONSUME_CHECK_CONSUMER) timestamp=378 ms, used_size=8769536 bytes (21.4%)
(RDMA_READ_CONSUME_CHECK_CONSUMER) timestamp=378 ms, used_size=8767488 bytes (21.4%)
(RDMA_READ_CONSUME_CHECK_CONSUMER) timestamp=378 ms, used_size=8765440 bytes (21.4%)
(RDMA_READ_CONSUME_CHECK_CONSUMER) timestamp=378 ms, used_size=8763392 bytes (21.4%)
(RDMA_READ_CONSUME_CHECK_CONSUMER) timestamp=378 ms, used_size=8761344 bytes (21.4%)
(RDMA_READ_CONSUME_CHECK_CONSUMER) timestamp=378 ms, used_size=8759296 bytes (21.4%)
(RDMA_READ_CONSUME_CHECK_CONSUMER) timestamp=378 ms, used_size=8757248 bytes (21.4%)
(RDMA_READ_CONSUME_CHECK_CONSUMER) timestamp=378 ms, used_size=8755200 bytes (21.4%)
(RDMA_READ_CONSUME_CHECK_CONSUMER) timestamp=378 ms, used_size=8753152 bytes (21.4%)
(RDMA_READ_CONSUME_CHECK_CONSUMER) timestamp=378 ms, used_size=8751104 bytes (21.4%)
(RDMA_READ_CONSUME_CHECK_CONSUMER) timestamp=378 ms, used_size=8749056 bytes (21.4%)
(RDMA_READ_CONSUME_CHECK_CONSUMER) timestamp=378 ms, used_size=8747008 bytes (21.4%)
(RDMA_READ_CONSUME_CHECK_CONSUMER) timestamp=378 ms, used_size=8744960 bytes (21.4%)
(RDMA_READ_CONSUME_CHECK_CONSUMER) timestamp=378 ms, used_size=8742912 bytes (21.3%)
(RDMA_READ_CONSUME_CHECK_CONSUMER) timestamp=378 ms, used_size=8740864 bytes (21.3%)
(RDMA_READ_CONSUME_CHECK_CONSUMER) timestamp=378 ms, used_size=8738816 bytes (21.3%)
(RDMA_READ_CONSUME_CHECK_CONSUMER) timestamp=378 ms, used_size=8736768 bytes (21.3%)
(RDMA_READ_CONSUME_CHECK_CONSUMER) timestamp=378 ms, used_size=8734720 bytes (21.3%)
(RDMA_READ_CONSUME_CHECK_CONSUMER) timestamp=378 ms, used_size=8732672 bytes (21.3%)
(RDMA_READ_CONSUME_CHECK_CONSUMER) timestamp=378 ms, used_size=8730624 bytes (21.3%)
(RDMA_READ_CONSUME_CHECK_CONSUMER) timestamp=378 ms, used_size=8728576 bytes (21.3%)
(RDMA_READ_CONSUME_CHECK_CONSUMER) timestamp=378 ms, used_size=8726528 bytes (21.3%)
(RDMA_READ_CONSUME_CHECK_CONSUMER) timestamp=378 ms, used_size=8724480 bytes (21.3%)
(RDMA_READ_CONSUME_CHECK_CONSUMER) timestamp=378 ms, used_size=8722432 bytes (21.3%)
(RDMA_READ_CONSUME_CHECK_CONSUMER) timestamp=378 ms, used_size=8720384 bytes (21.3%)
(RDMA_READ_CONSUME_CHECK_CONSUMER) timestamp=378 ms, used_size=8718336 bytes (21.3%)
(RDMA_READ_CONSUME_CHECK_CONSUMER) timestamp=379 ms, used_size=8716288 bytes (21.3%)
(RDMA_READ_CONSUME_CHECK_CONSUMER) timestamp=379 ms, used_size=8714240 bytes (21.3%)
(RDMA_READ_CONSUME_CHECK_CONSUMER) timestamp=379 ms, used_size=8712192 bytes (21.3%)
(RDMA_READ_CONSUME_CHECK_CONSUMER) timestamp=379 ms, used_size=8710144 bytes (21.3%)
(RDMA_READ_CONSUME_CHECK_CONSUMER) timestamp=379 ms, used_size=8708096 bytes (21.3%)
(RDMA_READ_CONSUME_CHECK_CONSUMER) timestamp=379 ms, used_size=8706048 bytes (21.3%)
(RDMA_READ_CONSUME_CHECK_CONSUMER) timestamp=379 ms, used_size=8704000 bytes (21.2%)
(RDMA_READ_CONSUME_CHECK_CONSUMER) timestamp=379 ms, used_size=8701952 bytes (21.2%)
(RDMA_READ_CONSUME_CHECK_CONSUMER) timestamp=379 ms, used_size=8699904 bytes (21.2%)
(RDMA_READ_CONSUME_CHECK_CONSUMER) timestamp=379 ms, used_size=8697856 bytes (21.2%)
(RDMA_READ_CONSUME_CHECK_CONSUMER) timestamp=379 ms, used_size=8695808 bytes (21.2%)
(RDMA_READ_CONSUME_CHECK_CONSUMER) timestamp=379 ms, used_size=8693760 bytes (21.2%)
(RDMA_READ_CONSUME_CHECK_CONSUMER) timestamp=379 ms, used_size=8691712 bytes (21.2%)
(RDMA_READ_CONSUME_CHECK_CONSUMER) timestamp=379 ms, used_size=8689664 bytes (21.2%)
(RDMA_READ_CONSUME_CHECK_CONSUMER) timestamp=379 ms, used_size=8687616 bytes (21.2%)
(RDMA_READ_CONSUME_CHECK_CONSUMER) timestamp=379 ms, used_size=8685568 bytes (21.2%)
(RDMA_READ_CONSUME_CHECK_CONSUMER) timestamp=379 ms, used_size=8683520 bytes (21.2%)
(RDMA_READ_CONSUME_CHECK_CONSUMER) timestamp=379 ms, used_size=8681472 bytes (21.2%)
(RDMA_READ_CONSUME_CHECK_CONSUMER) timestamp=379 ms, used_size=8679424 bytes (21.2%)
(RDMA_READ_CONSUME_CHECK_CONSUMER) timestamp=379 ms, used_size=8677376 bytes (21.2%)
(RDMA_READ_CONSUME_CHECK_CONSUMER) timestamp=379 ms, used_size=8675328 bytes (21.2%)
(RDMA_READ_CONSUME_CHECK_CONSUMER) timestamp=379 ms, used_size=8673280 bytes (21.2%)
(RDMA_READ_CONSUME_CHECK_CONSUMER) timestamp=379 ms, used_size=8671232 bytes (21.2%)
(RDMA_READ_CONSUME_CHECK_CONSUMER) timestamp=379 ms, used_size=8669184 bytes (21.2%)
(RDMA_READ_CONSUME_CHECK_CONSUMER) timestamp=379 ms, used_size=8667136 bytes (21.2%)
(RDMA_READ_CONSUME_CHECK_CONSUMER) timestamp=379 ms, used_size=8665088 bytes (21.2%)
(RDMA_READ_CONSUME_CHECK_CONSUMER) timestamp=379 ms, used_size=8663040 bytes (21.1%)
(RDMA_READ_CONSUME_CHECK_CONSUMER) timestamp=379 ms, used_size=8660992 bytes (21.1%)
(RDMA_READ_CONSUME_CHECK_CONSUMER) timestamp=379 ms, used_size=8658944 bytes (21.1%)
(RDMA_READ_CONSUME_CHECK_CONSUMER) timestamp=379 ms, used_size=8656896 bytes (21.1%)
(RDMA_READ_CONSUME_CHECK_CONSUMER) timestamp=379 ms, used_size=8654848 bytes (21.1%)
(RDMA_READ_CONSUME_CHECK_CONSUMER) timestamp=379 ms, used_size=8652800 bytes (21.1%)
(RDMA_READ_CONSUME_CHECK_CONSUMER) timestamp=379 ms, used_size=8650752 bytes (21.1%)
(RDMA_READ_CONSUME_CHECK_CONSUMER) timestamp=379 ms, used_size=8648704 bytes (21.1%)
(RDMA_READ_CONSUME_CHECK_CONSUMER) timestamp=379 ms, used_size=8646656 bytes (21.1%)
(RDMA_READ_CONSUME_CHECK_CONSUMER) timestamp=379 ms, used_size=8644608 bytes (21.1%)
(RDMA_READ_CONSUME_CHECK_CONSUMER) timestamp=379 ms, used_size=8642560 bytes (21.1%)
(RDMA_READ_CONSUME_CHECK_CONSUMER) timestamp=379 ms, used_size=8640512 bytes (21.1%)
(RDMA_READ_CONSUME_CHECK_CONSUMER) timestamp=379 ms, used_size=8638464 bytes (21.1%)
(RDMA_READ_CONSUME_CHECK_CONSUMER) timestamp=379 ms, used_size=8636416 bytes (21.1%)
(RDMA_READ_CONSUME_CHECK_CONSUMER) timestamp=379 ms, used_size=8634368 bytes (21.1%)
(RDMA_READ_CONSUME_CHECK_CONSUMER) timestamp=379 ms, used_size=8632320 bytes (21.1%)
(RDMA_READ_CONSUME_CHECK_CONSUMER) timestamp=379 ms, used_size=8630272 bytes (21.1%)
(RDMA_READ_CONSUME_CHECK_CONSUMER) timestamp=379 ms, used_size=8628224 bytes (21.1%)
(RDMA_READ_CONSUME_CHECK_CONSUMER) timestamp=379 ms, used_size=8626176 bytes (21.1%)
(RDMA_READ_CONSUME_CHECK_CONSUMER) timestamp=379 ms, used_size=8624128 bytes (21.1%)
(RDMA_READ_CONSUME_CHECK_CONSUMER) timestamp=379 ms, used_size=8622080 bytes (21.1%)
(RDMA_READ_CONSUME_CHECK_CONSUMER) timestamp=379 ms, used_size=8620032 bytes (21.0%)
(RDMA_READ_CONSUME_CHECK_CONSUMER) timestamp=379 ms, used_size=8617984 bytes (21.0%)
(RDMA_READ_CONSUME_CHECK_CONSUMER) timestamp=379 ms, used_size=8615936 bytes (21.0%)
(RDMA_READ_CONSUME_CHECK_CONSUMER) timestamp=379 ms, used_size=8613888 bytes (21.0%)
(RDMA_READ_CONSUME_CHECK_CONSUMER) timestamp=379 ms, used_size=8611840 bytes (21.0%)
(RDMA_READ_CONSUME_CHECK_CONSUMER) timestamp=379 ms, used_size=8609792 bytes (21.0%)
(RDMA_READ_CONSUME_CHECK_CONSUMER) timestamp=379 ms, used_size=8607744 bytes (21.0%)
(RDMA_READ_CONSUME_CHECK_CONSUMER) timestamp=379 ms, used_size=8605696 bytes (21.0%)
(RDMA_READ_CONSUME_CHECK_CONSUMER) timestamp=379 ms, used_size=8603648 bytes (21.0%)
(RDMA_READ_CONSUME_CHECK_CONSUMER) timestamp=379 ms, used_size=8601600 bytes (21.0%)
(RDMA_READ_CONSUME_CHECK_CONSUMER) timestamp=379 ms, used_size=8599552 bytes (21.0%)
(RDMA_READ_CONSUME_CHECK_CONSUMER) timestamp=379 ms, used_size=8597504 bytes (21.0%)
(RDMA_READ_CONSUME_CHECK_CONSUMER) timestamp=379 ms, used_size=8595456 bytes (21.0%)
(RDMA_READ_CONSUME_CHECK_CONSUMER) timestamp=379 ms, used_size=8593408 bytes (21.0%)
(RDMA_READ_CONSUME_CHECK_CONSUMER) timestamp=379 ms, used_size=8591360 bytes (21.0%)
(RDMA_READ_CONSUME_CHECK_CONSUMER) timestamp=379 ms, used_size=8589312 bytes (21.0%)
(RDMA_READ_CONSUME_CHECK_CONSUMER) timestamp=379 ms, used_size=8587264 bytes (21.0%)
(RDMA_READ_CONSUME_CHECK_CONSUMER) timestamp=379 ms, used_size=8585216 bytes (21.0%)
(RDMA_READ_CONSUME_CHECK_CONSUMER) timestamp=379 ms, used_size=8583168 bytes (21.0%)
(RDMA_READ_CONSUME_CHECK_CONSUMER) timestamp=379 ms, used_size=8581120 bytes (20.9%)
(RDMA_READ_CONSUME_CHECK_CONSUMER) timestamp=379 ms, used_size=8579072 bytes (20.9%)
(RDMA_READ_CONSUME_CHECK_CONSUMER) timestamp=379 ms, used_size=8577024 bytes (20.9%)
(RDMA_READ_CONSUME_CHECK_CONSUMER) timestamp=379 ms, used_size=8574976 bytes (20.9%)
(RDMA_READ_CONSUME_CHECK_CONSUMER) timestamp=379 ms, used_size=8572928 bytes (20.9%)
(RDMA_READ_CONSUME_CHECK_CONSUMER) timestamp=379 ms, used_size=8570880 bytes (20.9%)
(RDMA_READ_CONSUME_CHECK_CONSUMER) timestamp=379 ms, used_size=8568832 bytes (20.9%)
(RDMA_READ_CONSUME_CHECK_CONSUMER) timestamp=379 ms, used_size=8566784 bytes (20.9%)
(RDMA_READ_CONSUME_CHECK_CONSUMER) timestamp=379 ms, used_size=8564736 bytes (20.9%)
(RDMA_READ_CONSUME_CHECK_CONSUMER) timestamp=379 ms, used_size=8562688 bytes (20.9%)
(RDMA_READ_CONSUME_CHECK_CONSUMER) timestamp=379 ms, used_size=8560640 bytes (20.9%)
(RDMA_READ_CONSUME_CHECK_CONSUMER) timestamp=379 ms, used_size=8558592 bytes (20.9%)
(RDMA_READ_CONSUME_CHECK_CONSUMER) timestamp=379 ms, used_size=8556544 bytes (20.9%)
(RDMA_READ_CONSUME_CHECK_CONSUMER) timestamp=379 ms, used_size=8554496 bytes (20.9%)
(RDMA_READ_CONSUME_CHECK_CONSUMER) timestamp=379 ms, used_size=8552448 bytes (20.9%)
(RDMA_READ_CONSUME_CHECK_CONSUMER) timestamp=379 ms, used_size=8550400 bytes (20.9%)
(RDMA_READ_CONSUME_CHECK_CONSUMER) timestamp=379 ms, used_size=8548352 bytes (20.9%)
(RDMA_READ_CONSUME_CHECK_CONSUMER) timestamp=379 ms, used_size=8546304 bytes (20.9%)
(RDMA_READ_CONSUME_CHECK_CONSUMER) timestamp=379 ms, used_size=8544256 bytes (20.9%)
(RDMA_READ_CONSUME_CHECK_CONSUMER) timestamp=379 ms, used_size=8542208 bytes (20.9%)
(RDMA_READ_CONSUME_CHECK_CONSUMER) timestamp=379 ms, used_size=8540160 bytes (20.9%)
(RDMA_READ_CONSUME_CHECK_CONSUMER) timestamp=379 ms, used_size=8538112 bytes (20.8%)
(RDMA_READ_CONSUME_CHECK_CONSUMER) timestamp=379 ms, used_size=8536064 bytes (20.8%)
(RDMA_READ_CONSUME_CHECK_CONSUMER) timestamp=379 ms, used_size=8534016 bytes (20.8%)
(RDMA_READ_CONSUME_CHECK_CONSUMER) timestamp=379 ms, used_size=8531968 bytes (20.8%)
(RDMA_READ_CONSUME_CHECK_CONSUMER) timestamp=379 ms, used_size=8529920 bytes (20.8%)
(RDMA_READ_CONSUME_CHECK_CONSUMER) timestamp=379 ms, used_size=8527872 bytes (20.8%)
(RDMA_READ_CONSUME_CHECK_CONSUMER) timestamp=379 ms, used_size=8525824 bytes (20.8%)
(RDMA_READ_CONSUME_CHECK_CONSUMER) timestamp=379 ms, used_size=8523776 bytes (20.8%)
(RDMA_READ_CONSUME_CHECK_CONSUMER) timestamp=379 ms, used_size=8521728 bytes (20.8%)
(RDMA_READ_CONSUME_CHECK_CONSUMER) timestamp=379 ms, used_size=8519680 bytes (20.8%)
(RDMA_READ_CONSUME_CHECK_CONSUMER) timestamp=379 ms, used_size=8517632 bytes (20.8%)
(RDMA_READ_CONSUME_CHECK_CONSUMER) timestamp=379 ms, used_size=8515584 bytes (20.8%)
(RDMA_READ_CONSUME_CHECK_CONSUMER) timestamp=379 ms, used_size=8513536 bytes (20.8%)
(RDMA_READ_CONSUME_CHECK_CONSUMER) timestamp=379 ms, used_size=8511488 bytes (20.8%)
(RDMA_READ_CONSUME_CHECK_CONSUMER) timestamp=379 ms, used_size=8509440 bytes (20.8%)
(RDMA_READ_CONSUME_CHECK_CONSUMER) timestamp=379 ms, used_size=8507392 bytes (20.8%)
(RDMA_READ_CONSUME_CHECK_CONSUMER) timestamp=379 ms, used_size=8505344 bytes (20.8%)
(RDMA_READ_CONSUME_CHECK_CONSUMER) timestamp=379 ms, used_size=8503296 bytes (20.8%)
(RDMA_READ_CONSUME_CHECK_CONSUMER) timestamp=379 ms, used_size=8501248 bytes (20.8%)
(RDMA_READ_CONSUME_CHECK_CONSUMER) timestamp=379 ms, used_size=8499200 bytes (20.8%)
(RDMA_READ_CONSUME_CHECK_CONSUMER) timestamp=379 ms, used_size=8497152 bytes (20.7%)
(RDMA_READ_CONSUME_CHECK_CONSUMER) timestamp=379 ms, used_size=8495104 bytes (20.7%)
(RDMA_READ_CONSUME_CHECK_CONSUMER) timestamp=379 ms, used_size=8493056 bytes (20.7%)
(RDMA_READ_CONSUME_CHECK_CONSUMER) timestamp=379 ms, used_size=8491008 bytes (20.7%)
(RDMA_READ_CONSUME_CHECK_CONSUMER) timestamp=379 ms, used_size=8488960 bytes (20.7%)
(RDMA_READ_CONSUME_CHECK_CONSUMER) timestamp=379 ms, used_size=8486912 bytes (20.7%)
(RDMA_READ_CONSUME_CHECK_CONSUMER) timestamp=379 ms, used_size=8484864 bytes (20.7%)
(RDMA_READ_CONSUME_CHECK_CONSUMER) timestamp=379 ms, used_size=8482816 bytes (20.7%)
(RDMA_READ_CONSUME_CHECK_CONSUMER) timestamp=379 ms, used_size=8480768 bytes (20.7%)
(RDMA_READ_CONSUME_CHECK_CONSUMER) timestamp=379 ms, used_size=8478720 bytes (20.7%)
(RDMA_READ_CONSUME_CHECK_CONSUMER) timestamp=379 ms, used_size=8476672 bytes (20.7%)
(RDMA_READ_CONSUME_CHECK_CONSUMER) timestamp=379 ms, used_size=8474624 bytes (20.7%)
(RDMA_READ_CONSUME_CHECK_CONSUMER) timestamp=379 ms, used_size=8472576 bytes (20.7%)
(RDMA_READ_CONSUME_CHECK_CONSUMER) timestamp=379 ms, used_size=8470528 bytes (20.7%)
(RDMA_READ_CONSUME_CHECK_CONSUMER) timestamp=379 ms, used_size=8468480 bytes (20.7%)
(RDMA_READ_CONSUME_CHECK_CONSUMER) timestamp=379 ms, used_size=8466432 bytes (20.7%)
(RDMA_READ_CONSUME_CHECK_CONSUMER) timestamp=379 ms, used_size=8464384 bytes (20.7%)
(RDMA_READ_CONSUME_CHECK_CONSUMER) timestamp=379 ms, used_size=8462336 bytes (20.7%)
(RDMA_READ_CONSUME_CHECK_CONSUMER) timestamp=379 ms, used_size=8460288 bytes (20.7%)
(RDMA_READ_CONSUME_CHECK_CONSUMER) timestamp=379 ms, used_size=8458240 bytes (20.6%)
(RDMA_READ_CONSUME_CHECK_CONSUMER) timestamp=379 ms, used_size=8456192 bytes (20.6%)
(RDMA_READ_CONSUME_CHECK_CONSUMER) timestamp=379 ms, used_size=8454144 bytes (20.6%)
(RDMA_READ_CONSUME_CHECK_CONSUMER) timestamp=379 ms, used_size=8452096 bytes (20.6%)
(RDMA_READ_CONSUME_CHECK_CONSUMER) timestamp=379 ms, used_size=8450048 bytes (20.6%)
(RDMA_READ_CONSUME_CHECK_CONSUMER) timestamp=379 ms, used_size=8448000 bytes (20.6%)
(RDMA_READ_CONSUME_CHECK_CONSUMER) timestamp=379 ms, used_size=8445952 bytes (20.6%)
(RDMA_READ_CONSUME_CHECK_CONSUMER) timestamp=379 ms, used_size=8443904 bytes (20.6%)
(RDMA_READ_CONSUME_CHECK_CONSUMER) timestamp=379 ms, used_size=8441856 bytes (20.6%)
(RDMA_READ_CONSUME_CHECK_CONSUMER) timestamp=379 ms, used_size=8439808 bytes (20.6%)
(RDMA_READ_CONSUME_CHECK_CONSUMER) timestamp=379 ms, used_size=8437760 bytes (20.6%)
(RDMA_READ_CONSUME_CHECK_CONSUMER) timestamp=379 ms, used_size=8435712 bytes (20.6%)
(RDMA_READ_CONSUME_CHECK_CONSUMER) timestamp=379 ms, used_size=8433664 bytes (20.6%)
(RDMA_READ_CONSUME_CHECK_CONSUMER) timestamp=379 ms, used_size=8431616 bytes (20.6%)
(RDMA_READ_CONSUME_CHECK_CONSUMER) timestamp=379 ms, used_size=8429568 bytes (20.6%)
(RDMA_READ_CONSUME_CHECK_CONSUMER) timestamp=379 ms, used_size=8427520 bytes (20.6%)
(RDMA_READ_CONSUME_CHECK_CONSUMER) timestamp=379 ms, used_size=8425472 bytes (20.6%)
(RDMA_READ_CONSUME_CHECK_CONSUMER) timestamp=379 ms, used_size=8423424 bytes (20.6%)
(RDMA_READ_CONSUME_CHECK_CONSUMER) timestamp=379 ms, used_size=8421376 bytes (20.6%)
(RDMA_READ_CONSUME_CHECK_CONSUMER) timestamp=379 ms, used_size=8419328 bytes (20.6%)
(RDMA_READ_CONSUME_CHECK_CONSUMER) timestamp=379 ms, used_size=8417280 bytes (20.6%)
(RDMA_READ_CONSUME_CHECK_CONSUMER) timestamp=379 ms, used_size=8415232 bytes (20.5%)
(RDMA_READ_CONSUME_CHECK_CONSUMER) timestamp=379 ms, used_size=8413184 bytes (20.5%)
(RDMA_READ_CONSUME_CHECK_CONSUMER) timestamp=379 ms, used_size=8411136 bytes (20.5%)
(RDMA_READ_CONSUME_CHECK_CONSUMER) timestamp=379 ms, used_size=8409088 bytes (20.5%)
(RDMA_READ_CONSUME_CHECK_CONSUMER) timestamp=379 ms, used_size=8407040 bytes (20.5%)
(RDMA_READ_CONSUME_CHECK_CONSUMER) timestamp=379 ms, used_size=8404992 bytes (20.5%)
(RDMA_READ_CONSUME_CHECK_CONSUMER) timestamp=379 ms, used_size=8402944 bytes (20.5%)
(RDMA_READ_CONSUME_CHECK_CONSUMER) timestamp=379 ms, used_size=8400896 bytes (20.5%)
(RDMA_READ_CONSUME_CHECK_CONSUMER) timestamp=379 ms, used_size=8398848 bytes (20.5%)
(RDMA_READ_CONSUME_CHECK_CONSUMER) timestamp=379 ms, used_size=8396800 bytes (20.5%)
(RDMA_READ_CONSUME_CHECK_CONSUMER) timestamp=379 ms, used_size=8394752 bytes (20.5%)
(RDMA_READ_CONSUME_CHECK_CONSUMER) timestamp=379 ms, used_size=8392704 bytes (20.5%)
(RDMA_READ_CONSUME_CHECK_CONSUMER) timestamp=379 ms, used_size=8390656 bytes (20.5%)
(RDMA_READ_CONSUME_CHECK_CONSUMER) timestamp=379 ms, used_size=8388608 bytes (20.5%)
(RDMA_READ_CONSUME_CHECK_CONSUMER) timestamp=379 ms, used_size=8386560 bytes (20.5%)
(RDMA_READ_CONSUME_CHECK_CONSUMER) timestamp=379 ms, used_size=8384512 bytes (20.5%)
(RDMA_READ_CONSUME_CHECK_CONSUMER) timestamp=379 ms, used_size=8382464 bytes (20.5%)
(RDMA_READ_CONSUME_CHECK_CONSUMER) timestamp=379 ms, used_size=8380416 bytes (20.5%)
(RDMA_READ_CONSUME_CHECK_CONSUMER) timestamp=379 ms, used_size=8378368 bytes (20.5%)
(RDMA_READ_CONSUME_CHECK_CONSUMER) timestamp=379 ms, used_size=8376320 bytes (20.4%)
(RDMA_READ_CONSUME_CHECK_CONSUMER) timestamp=379 ms, used_size=8374272 bytes (20.4%)
(RDMA_READ_CONSUME_CHECK_CONSUMER) timestamp=379 ms, used_size=8372224 bytes (20.4%)
(RDMA_READ_CONSUME_CHECK_CONSUMER) timestamp=379 ms, used_size=8370176 bytes (20.4%)
(RDMA_READ_CONSUME_CHECK_CONSUMER) timestamp=379 ms, used_size=8368128 bytes (20.4%)
(RDMA_READ_CONSUME_CHECK_CONSUMER) timestamp=379 ms, used_size=8366080 bytes (20.4%)
(RDMA_READ_CONSUME_CHECK_CONSUMER) timestamp=379 ms, used_size=8364032 bytes (20.4%)
(RDMA_READ_CONSUME_CHECK_CONSUMER) timestamp=379 ms, used_size=8361984 bytes (20.4%)
(RDMA_READ_CONSUME_CHECK_CONSUMER) timestamp=379 ms, used_size=8359936 bytes (20.4%)
(RDMA_READ_CONSUME_CHECK_CONSUMER) timestamp=379 ms, used_size=8357888 bytes (20.4%)
(RDMA_READ_CONSUME_CHECK_CONSUMER) timestamp=379 ms, used_size=8355840 bytes (20.4%)
(RDMA_READ_CONSUME_CHECK_CONSUMER) timestamp=379 ms, used_size=8353792 bytes (20.4%)
(RDMA_READ_CONSUME_CHECK_CONSUMER) timestamp=379 ms, used_size=8351744 bytes (20.4%)
(RDMA_READ_CONSUME_CHECK_CONSUMER) timestamp=379 ms, used_size=8349696 bytes (20.4%)
(RDMA_READ_CONSUME_CHECK_CONSUMER) timestamp=379 ms, used_size=8347648 bytes (20.4%)
(RDMA_READ_CONSUME_CHECK_CONSUMER) timestamp=379 ms, used_size=8345600 bytes (20.4%)
(RDMA_READ_CONSUME_CHECK_CONSUMER) timestamp=379 ms, used_size=8343552 bytes (20.4%)
(RDMA_READ_CONSUME_CHECK_CONSUMER) timestamp=380 ms, used_size=8341504 bytes (20.4%)
(RDMA_READ_CONSUME_CHECK_CONSUMER) timestamp=380 ms, used_size=8339456 bytes (20.4%)
(RDMA_READ_CONSUME_CHECK_CONSUMER) timestamp=380 ms, used_size=8337408 bytes (20.4%)
(RDMA_READ_CONSUME_CHECK_CONSUMER) timestamp=380 ms, used_size=8335360 bytes (20.4%)
(RDMA_READ_CONSUME_CHECK_CONSUMER) timestamp=380 ms, used_size=8333312 bytes (20.3%)
(RDMA_READ_CONSUME_CHECK_CONSUMER) timestamp=380 ms, used_size=8331264 bytes (20.3%)
(RDMA_READ_CONSUME_CHECK_CONSUMER) timestamp=380 ms, used_size=8329216 bytes (20.3%)
(RDMA_READ_CONSUME_CHECK_CONSUMER) timestamp=380 ms, used_size=8327168 bytes (20.3%)
(RDMA_READ_CONSUME_CHECK_CONSUMER) timestamp=380 ms, used_size=8325120 bytes (20.3%)
(RDMA_READ_CONSUME_CHECK_CONSUMER) timestamp=380 ms, used_size=8323072 bytes (20.3%)
(RDMA_READ_CONSUME_CHECK_CONSUMER) timestamp=380 ms, used_size=8321024 bytes (20.3%)
(RDMA_READ_CONSUME_CHECK_CONSUMER) timestamp=380 ms, used_size=8318976 bytes (20.3%)
(RDMA_READ_CONSUME_CHECK_CONSUMER) timestamp=380 ms, used_size=8316928 bytes (20.3%)
(RDMA_READ_CONSUME_CHECK_CONSUMER) timestamp=380 ms, used_size=8314880 bytes (20.3%)
(RDMA_READ_CONSUME_CHECK_CONSUMER) timestamp=380 ms, used_size=8312832 bytes (20.3%)
(RDMA_READ_CONSUME_CHECK_CONSUMER) timestamp=380 ms, used_size=8310784 bytes (20.3%)
(RDMA_READ_CONSUME_CHECK_CONSUMER) timestamp=380 ms, used_size=8308736 bytes (20.3%)
(RDMA_READ_CONSUME_CHECK_CONSUMER) timestamp=380 ms, used_size=8306688 bytes (20.3%)
(RDMA_READ_CONSUME_CHECK_CONSUMER) timestamp=380 ms, used_size=8304640 bytes (20.3%)
(RDMA_READ_CONSUME_CHECK_CONSUMER) timestamp=380 ms, used_size=8302592 bytes (20.3%)
(RDMA_READ_CONSUME_CHECK_CONSUMER) timestamp=380 ms, used_size=8300544 bytes (20.3%)
(RDMA_READ_CONSUME_CHECK_CONSUMER) timestamp=380 ms, used_size=8298496 bytes (20.3%)
(RDMA_READ_CONSUME_CHECK_CONSUMER) timestamp=380 ms, used_size=8296448 bytes (20.3%)
(RDMA_READ_CONSUME_CHECK_CONSUMER) timestamp=380 ms, used_size=8294400 bytes (20.2%)
(RDMA_READ_CONSUME_CHECK_CONSUMER) timestamp=380 ms, used_size=8292352 bytes (20.2%)
(RDMA_READ_CONSUME_CHECK_CONSUMER) timestamp=380 ms, used_size=8290304 bytes (20.2%)
(RDMA_READ_CONSUME_CHECK_CONSUMER) timestamp=380 ms, used_size=8288256 bytes (20.2%)
(RDMA_READ_CONSUME_CHECK_CONSUMER) timestamp=380 ms, used_size=8286208 bytes (20.2%)
(RDMA_READ_CONSUME_CHECK_CONSUMER) timestamp=380 ms, used_size=8284160 bytes (20.2%)
(RDMA_READ_CONSUME_CHECK_CONSUMER) timestamp=380 ms, used_size=8282112 bytes (20.2%)
(RDMA_READ_CONSUME_CHECK_CONSUMER) timestamp=380 ms, used_size=8280064 bytes (20.2%)
(RDMA_READ_CONSUME_CHECK_CONSUMER) timestamp=380 ms, used_size=8278016 bytes (20.2%)
(RDMA_READ_CONSUME_CHECK_CONSUMER) timestamp=380 ms, used_size=8275968 bytes (20.2%)
(RDMA_READ_CONSUME_CHECK_CONSUMER) timestamp=380 ms, used_size=8273920 bytes (20.2%)
(RDMA_READ_CONSUME_CHECK_CONSUMER) timestamp=380 ms, used_size=8271872 bytes (20.2%)
(RDMA_READ_CONSUME_CHECK_CONSUMER) timestamp=380 ms, used_size=8269824 bytes (20.2%)
(RDMA_READ_CONSUME_CHECK_CONSUMER) timestamp=380 ms, used_size=8267776 bytes (20.2%)
(RDMA_READ_CONSUME_CHECK_CONSUMER) timestamp=380 ms, used_size=8265728 bytes (20.2%)
(RDMA_READ_CONSUME_CHECK_CONSUMER) timestamp=380 ms, used_size=8263680 bytes (20.2%)
(RDMA_READ_CONSUME_CHECK_CONSUMER) timestamp=380 ms, used_size=8261632 bytes (20.2%)
(RDMA_READ_CONSUME_CHECK_CONSUMER) timestamp=380 ms, used_size=8259584 bytes (20.2%)
(RDMA_READ_CONSUME_CHECK_CONSUMER) timestamp=380 ms, used_size=8257536 bytes (20.2%)
(RDMA_READ_CONSUME_CHECK_CONSUMER) timestamp=380 ms, used_size=8255488 bytes (20.2%)
(RDMA_READ_CONSUME_CHECK_CONSUMER) timestamp=380 ms, used_size=8253440 bytes (20.1%)
(RDMA_READ_CONSUME_CHECK_CONSUMER) timestamp=380 ms, used_size=8251392 bytes (20.1%)
(RDMA_READ_CONSUME_CHECK_CONSUMER) timestamp=380 ms, used_size=8249344 bytes (20.1%)
(RDMA_READ_CONSUME_CHECK_CONSUMER) timestamp=380 ms, used_size=8247296 bytes (20.1%)
(RDMA_READ_CONSUME_CHECK_CONSUMER) timestamp=380 ms, used_size=8245248 bytes (20.1%)
(RDMA_READ_CONSUME_CHECK_CONSUMER) timestamp=380 ms, used_size=8243200 bytes (20.1%)
(RDMA_READ_CONSUME_CHECK_CONSUMER) timestamp=380 ms, used_size=8241152 bytes (20.1%)
(RDMA_READ_CONSUME_CHECK_CONSUMER) timestamp=380 ms, used_size=8239104 bytes (20.1%)
(RDMA_READ_CONSUME_CHECK_CONSUMER) timestamp=380 ms, used_size=8237056 bytes (20.1%)
(RDMA_READ_CONSUME_CHECK_CONSUMER) timestamp=380 ms, used_size=8235008 bytes (20.1%)
(RDMA_READ_CONSUME_CHECK_CONSUMER) timestamp=380 ms, used_size=8232960 bytes (20.1%)
(RDMA_READ_CONSUME_CHECK_CONSUMER) timestamp=380 ms, used_size=8230912 bytes (20.1%)
(RDMA_READ_CONSUME_CHECK_CONSUMER) timestamp=380 ms, used_size=8228864 bytes (20.1%)
(RDMA_READ_CONSUME_CHECK_CONSUMER) timestamp=380 ms, used_size=8226816 bytes (20.1%)
(RDMA_READ_CONSUME_CHECK_CONSUMER) timestamp=380 ms, used_size=8224768 bytes (20.1%)
(RDMA_READ_CONSUME_CHECK_CONSUMER) timestamp=380 ms, used_size=8222720 bytes (20.1%)
(RDMA_READ_CONSUME_CHECK_CONSUMER) timestamp=380 ms, used_size=8220672 bytes (20.1%)
(RDMA_READ_CONSUME_CHECK_CONSUMER) timestamp=380 ms, used_size=8218624 bytes (20.1%)
(RDMA_READ_CONSUME_CHECK_CONSUMER) timestamp=380 ms, used_size=8216576 bytes (20.1%)
(RDMA_READ_CONSUME_CHECK_CONSUMER) timestamp=380 ms, used_size=8214528 bytes (20.1%)
(RDMA_READ_CONSUME_CHECK_CONSUMER) timestamp=380 ms, used_size=8212480 bytes (20.1%)
(RDMA_READ_CONSUME_CHECK_CONSUMER) timestamp=380 ms, used_size=8210432 bytes (20.0%)
(RDMA_READ_CONSUME_CHECK_CONSUMER) timestamp=380 ms, used_size=8208384 bytes (20.0%)
(RDMA_READ_CONSUME_CHECK_CONSUMER) timestamp=380 ms, used_size=8206336 bytes (20.0%)
(RDMA_READ_CONSUME_CHECK_CONSUMER) timestamp=380 ms, used_size=8204288 bytes (20.0%)
(RDMA_READ_CONSUME_CHECK_CONSUMER) timestamp=380 ms, used_size=8202240 bytes (20.0%)
(RDMA_READ_CONSUME_CHECK_CONSUMER) timestamp=380 ms, used_size=8200192 bytes (20.0%)
(RDMA_READ_CONSUME_CHECK_CONSUMER) timestamp=380 ms, used_size=8198144 bytes (20.0%)
(RDMA_READ_CONSUME_CHECK_CONSUMER) timestamp=380 ms, used_size=8196096 bytes (20.0%)
(RDMA_READ_CONSUME_CHECK_CONSUMER) timestamp=380 ms, used_size=8194048 bytes (20.0%)
(RDMA_READ_CONSUME_CHECK_CONSUMER) timestamp=380 ms, used_size=8192000 bytes (20.0%)
(RDMA_READ_CONSUME_CHECK_CONSUMER) timestamp=380 ms, used_size=8189952 bytes (20.0%)
(RDMA_READ_CONSUME_CHECK_CONSUMER) timestamp=380 ms, used_size=8187904 bytes (20.0%)
(RDMA_READ_CONSUME_CHECK_CONSUMER) timestamp=380 ms, used_size=8185856 bytes (20.0%)
(RDMA_READ_CONSUME_CHECK_CONSUMER) timestamp=380 ms, used_size=8183808 bytes (20.0%)
(RDMA_READ_CONSUME_CHECK_CONSUMER) timestamp=380 ms, used_size=8181760 bytes (20.0%)
(RDMA_READ_CONSUME_CHECK_CONSUMER) timestamp=380 ms, used_size=8179712 bytes (20.0%)
(RDMA_READ_CONSUME_CHECK_CONSUMER) timestamp=380 ms, used_size=8177664 bytes (20.0%)
(RDMA_READ_CONSUME_CHECK_CONSUMER) timestamp=380 ms, used_size=8175616 bytes (20.0%)
(RDMA_READ_CONSUME_CHECK_CONSUMER) timestamp=380 ms, used_size=8173568 bytes (20.0%)
(RDMA_READ_CONSUME_CHECK_CONSUMER) timestamp=380 ms, used_size=8171520 bytes (19.9%)
(RDMA_READ_CONSUME_CHECK_CONSUMER) timestamp=380 ms, used_size=8169472 bytes (19.9%)
(RDMA_READ_CONSUME_CHECK_CONSUMER) timestamp=380 ms, used_size=8167424 bytes (19.9%)
(RDMA_READ_CONSUME_CHECK_CONSUMER) timestamp=380 ms, used_size=8165376 bytes (19.9%)
(RDMA_READ_CONSUME_CHECK_CONSUMER) timestamp=380 ms, used_size=8163328 bytes (19.9%)
(RDMA_READ_CONSUME_CHECK_CONSUMER) timestamp=380 ms, used_size=8161280 bytes (19.9%)
(RDMA_READ_CONSUME_CHECK_CONSUMER) timestamp=380 ms, used_size=8159232 bytes (19.9%)
(RDMA_READ_CONSUME_CHECK_CONSUMER) timestamp=380 ms, used_size=8157184 bytes (19.9%)
(RDMA_READ_CONSUME_CHECK_CONSUMER) timestamp=380 ms, used_size=8155136 bytes (19.9%)
(RDMA_READ_CONSUME_CHECK_CONSUMER) timestamp=380 ms, used_size=8153088 bytes (19.9%)
(RDMA_READ_CONSUME_CHECK_CONSUMER) timestamp=380 ms, used_size=8151040 bytes (19.9%)
(RDMA_READ_CONSUME_CHECK_CONSUMER) timestamp=380 ms, used_size=8148992 bytes (19.9%)
(RDMA_READ_CONSUME_CHECK_CONSUMER) timestamp=380 ms, used_size=8146944 bytes (19.9%)
(RDMA_READ_CONSUME_CHECK_CONSUMER) timestamp=380 ms, used_size=8144896 bytes (19.9%)
(RDMA_READ_CONSUME_CHECK_CONSUMER) timestamp=380 ms, used_size=8142848 bytes (19.9%)
(RDMA_READ_CONSUME_CHECK_CONSUMER) timestamp=380 ms, used_size=8140800 bytes (19.9%)
(RDMA_READ_CONSUME_CHECK_CONSUMER) timestamp=380 ms, used_size=8138752 bytes (19.9%)
(RDMA_READ_CONSUME_CHECK_CONSUMER) timestamp=380 ms, used_size=8136704 bytes (19.9%)
(RDMA_READ_CONSUME_CHECK_CONSUMER) timestamp=380 ms, used_size=8134656 bytes (19.9%)
(RDMA_READ_CONSUME_CHECK_CONSUMER) timestamp=380 ms, used_size=8132608 bytes (19.9%)
(RDMA_READ_CONSUME_CHECK_CONSUMER) timestamp=380 ms, used_size=8130560 bytes (19.9%)
(RDMA_READ_CONSUME_CHECK_CONSUMER) timestamp=380 ms, used_size=8128512 bytes (19.8%)
(RDMA_READ_CONSUME_CHECK_CONSUMER) timestamp=380 ms, used_size=8126464 bytes (19.8%)
(RDMA_READ_CONSUME_CHECK_CONSUMER) timestamp=380 ms, used_size=8124416 bytes (19.8%)
(RDMA_READ_CONSUME_CHECK_CONSUMER) timestamp=380 ms, used_size=8122368 bytes (19.8%)
(RDMA_READ_CONSUME_CHECK_CONSUMER) timestamp=380 ms, used_size=8120320 bytes (19.8%)
(RDMA_READ_CONSUME_CHECK_CONSUMER) timestamp=380 ms, used_size=8118272 bytes (19.8%)
(RDMA_READ_CONSUME_CHECK_CONSUMER) timestamp=380 ms, used_size=8116224 bytes (19.8%)
(RDMA_READ_CONSUME_CHECK_CONSUMER) timestamp=380 ms, used_size=8114176 bytes (19.8%)
(RDMA_READ_CONSUME_CHECK_CONSUMER) timestamp=380 ms, used_size=8112128 bytes (19.8%)
(RDMA_READ_CONSUME_CHECK_CONSUMER) timestamp=380 ms, used_size=8110080 bytes (19.8%)
(RDMA_READ_CONSUME_CHECK_CONSUMER) timestamp=380 ms, used_size=8108032 bytes (19.8%)
(RDMA_READ_CONSUME_CHECK_CONSUMER) timestamp=380 ms, used_size=8105984 bytes (19.8%)
(RDMA_READ_CONSUME_CHECK_CONSUMER) timestamp=380 ms, used_size=8103936 bytes (19.8%)
(RDMA_READ_CONSUME_CHECK_CONSUMER) timestamp=380 ms, used_size=8101888 bytes (19.8%)
(RDMA_READ_CONSUME_CHECK_CONSUMER) timestamp=380 ms, used_size=8099840 bytes (19.8%)
(RDMA_READ_CONSUME_CHECK_CONSUMER) timestamp=380 ms, used_size=8097792 bytes (19.8%)
(RDMA_READ_CONSUME_CHECK_CONSUMER) timestamp=380 ms, used_size=8095744 bytes (19.8%)
(RDMA_READ_CONSUME_CHECK_CONSUMER) timestamp=380 ms, used_size=8093696 bytes (19.8%)
(RDMA_READ_CONSUME_CHECK_CONSUMER) timestamp=380 ms, used_size=8091648 bytes (19.8%)
(RDMA_READ_CONSUME_CHECK_CONSUMER) timestamp=380 ms, used_size=8089600 bytes (19.8%)
(RDMA_READ_CONSUME_CHECK_CONSUMER) timestamp=380 ms, used_size=8087552 bytes (19.7%)
(RDMA_READ_CONSUME_CHECK_CONSUMER) timestamp=380 ms, used_size=8085504 bytes (19.7%)
(RDMA_READ_CONSUME_CHECK_CONSUMER) timestamp=380 ms, used_size=8083456 bytes (19.7%)
(RDMA_READ_CONSUME_CHECK_CONSUMER) timestamp=380 ms, used_size=8081408 bytes (19.7%)
(RDMA_READ_CONSUME_CHECK_CONSUMER) timestamp=380 ms, used_size=8079360 bytes (19.7%)
(RDMA_READ_CONSUME_CHECK_CONSUMER) timestamp=380 ms, used_size=8077312 bytes (19.7%)
(RDMA_READ_CONSUME_CHECK_CONSUMER) timestamp=380 ms, used_size=8075264 bytes (19.7%)
(RDMA_READ_CONSUME_CHECK_CONSUMER) timestamp=380 ms, used_size=8073216 bytes (19.7%)
(RDMA_READ_CONSUME_CHECK_CONSUMER) timestamp=380 ms, used_size=8071168 bytes (19.7%)
(RDMA_READ_CONSUME_CHECK_CONSUMER) timestamp=380 ms, used_size=8069120 bytes (19.7%)
(RDMA_READ_CONSUME_CHECK_CONSUMER) timestamp=380 ms, used_size=8067072 bytes (19.7%)
(RDMA_READ_CONSUME_CHECK_CONSUMER) timestamp=380 ms, used_size=8065024 bytes (19.7%)
(RDMA_READ_CONSUME_CHECK_CONSUMER) timestamp=380 ms, used_size=8062976 bytes (19.7%)
(RDMA_READ_CONSUME_CHECK_CONSUMER) timestamp=380 ms, used_size=8060928 bytes (19.7%)
(RDMA_READ_CONSUME_CHECK_CONSUMER) timestamp=380 ms, used_size=8058880 bytes (19.7%)
(RDMA_READ_CONSUME_CHECK_CONSUMER) timestamp=380 ms, used_size=8056832 bytes (19.7%)
(RDMA_READ_CONSUME_CHECK_CONSUMER) timestamp=380 ms, used_size=8054784 bytes (19.7%)
(RDMA_READ_CONSUME_CHECK_CONSUMER) timestamp=380 ms, used_size=8052736 bytes (19.7%)
(RDMA_READ_CONSUME_CHECK_CONSUMER) timestamp=380 ms, used_size=8050688 bytes (19.7%)
(RDMA_READ_CONSUME_CHECK_CONSUMER) timestamp=380 ms, used_size=8048640 bytes (19.6%)
(RDMA_READ_CONSUME_CHECK_CONSUMER) timestamp=380 ms, used_size=8046592 bytes (19.6%)
(RDMA_READ_CONSUME_CHECK_CONSUMER) timestamp=380 ms, used_size=8044544 bytes (19.6%)
(RDMA_READ_CONSUME_CHECK_CONSUMER) timestamp=380 ms, used_size=8042496 bytes (19.6%)
(RDMA_READ_CONSUME_CHECK_CONSUMER) timestamp=380 ms, used_size=8040448 bytes (19.6%)
(RDMA_READ_CONSUME_CHECK_CONSUMER) timestamp=380 ms, used_size=8038400 bytes (19.6%)
(RDMA_READ_CONSUME_CHECK_CONSUMER) timestamp=380 ms, used_size=8036352 bytes (19.6%)
(RDMA_READ_CONSUME_CHECK_CONSUMER) timestamp=380 ms, used_size=8034304 bytes (19.6%)
(RDMA_READ_CONSUME_CHECK_CONSUMER) timestamp=380 ms, used_size=8032256 bytes (19.6%)
(RDMA_READ_CONSUME_CHECK_CONSUMER) timestamp=380 ms, used_size=8030208 bytes (19.6%)
(RDMA_READ_CONSUME_CHECK_CONSUMER) timestamp=380 ms, used_size=8028160 bytes (19.6%)
(RDMA_READ_CONSUME_CHECK_CONSUMER) timestamp=380 ms, used_size=8026112 bytes (19.6%)
(RDMA_READ_CONSUME_CHECK_CONSUMER) timestamp=380 ms, used_size=8024064 bytes (19.6%)
(RDMA_READ_CONSUME_CHECK_CONSUMER) timestamp=380 ms, used_size=8022016 bytes (19.6%)
(RDMA_READ_CONSUME_CHECK_CONSUMER) timestamp=380 ms, used_size=8019968 bytes (19.6%)
(RDMA_READ_CONSUME_CHECK_CONSUMER) timestamp=380 ms, used_size=8017920 bytes (19.6%)
(RDMA_READ_CONSUME_CHECK_CONSUMER) timestamp=380 ms, used_size=8015872 bytes (19.6%)
(RDMA_READ_CONSUME_CHECK_CONSUMER) timestamp=380 ms, used_size=8013824 bytes (19.6%)
(RDMA_READ_CONSUME_CHECK_CONSUMER) timestamp=380 ms, used_size=8011776 bytes (19.6%)
(RDMA_READ_CONSUME_CHECK_CONSUMER) timestamp=380 ms, used_size=8009728 bytes (19.6%)
(RDMA_READ_CONSUME_CHECK_CONSUMER) timestamp=380 ms, used_size=8007680 bytes (19.6%)
(RDMA_READ_CONSUME_CHECK_CONSUMER) timestamp=380 ms, used_size=8005632 bytes (19.5%)
(RDMA_READ_CONSUME_CHECK_CONSUMER) timestamp=380 ms, used_size=8003584 bytes (19.5%)
(RDMA_READ_CONSUME_CHECK_CONSUMER) timestamp=380 ms, used_size=8001536 bytes (19.5%)
(RDMA_READ_CONSUME_CHECK_CONSUMER) timestamp=380 ms, used_size=7999488 bytes (19.5%)
(RDMA_READ_CONSUME_CHECK_CONSUMER) timestamp=380 ms, used_size=7997440 bytes (19.5%)
(RDMA_READ_CONSUME_CHECK_CONSUMER) timestamp=380 ms, used_size=7995392 bytes (19.5%)
(RDMA_READ_CONSUME_CHECK_CONSUMER) timestamp=380 ms, used_size=7993344 bytes (19.5%)
(RDMA_READ_CONSUME_CHECK_CONSUMER) timestamp=380 ms, used_size=7991296 bytes (19.5%)
(RDMA_READ_CONSUME_CHECK_CONSUMER) timestamp=380 ms, used_size=7989248 bytes (19.5%)
(RDMA_READ_CONSUME_CHECK_CONSUMER) timestamp=380 ms, used_size=7987200 bytes (19.5%)
(RDMA_READ_CONSUME_CHECK_CONSUMER) timestamp=380 ms, used_size=7985152 bytes (19.5%)
(RDMA_READ_CONSUME_CHECK_CONSUMER) timestamp=380 ms, used_size=7983104 bytes (19.5%)
(RDMA_READ_CONSUME_CHECK_CONSUMER) timestamp=380 ms, used_size=7981056 bytes (19.5%)
(RDMA_READ_CONSUME_CHECK_CONSUMER) timestamp=380 ms, used_size=7979008 bytes (19.5%)
(RDMA_READ_CONSUME_CHECK_CONSUMER) timestamp=380 ms, used_size=7976960 bytes (19.5%)
(RDMA_READ_CONSUME_CHECK_CONSUMER) timestamp=380 ms, used_size=7974912 bytes (19.5%)
(RDMA_READ_CONSUME_CHECK_CONSUMER) timestamp=381 ms, used_size=7972864 bytes (19.5%)
(RDMA_READ_CONSUME_CHECK_CONSUMER) timestamp=381 ms, used_size=7970816 bytes (19.5%)
(RDMA_READ_CONSUME_CHECK_CONSUMER) timestamp=381 ms, used_size=7968768 bytes (19.5%)
(RDMA_READ_CONSUME_CHECK_CONSUMER) timestamp=381 ms, used_size=7966720 bytes (19.4%)
(RDMA_READ_CONSUME_CHECK_CONSUMER) timestamp=381 ms, used_size=7964672 bytes (19.4%)
(RDMA_READ_CONSUME_CHECK_CONSUMER) timestamp=381 ms, used_size=7962624 bytes (19.4%)
(RDMA_READ_CONSUME_CHECK_CONSUMER) timestamp=381 ms, used_size=7960576 bytes (19.4%)
(RDMA_READ_CONSUME_CHECK_CONSUMER) timestamp=381 ms, used_size=7958528 bytes (19.4%)
(RDMA_READ_CONSUME_CHECK_CONSUMER) timestamp=381 ms, used_size=7956480 bytes (19.4%)
(RDMA_READ_CONSUME_CHECK_CONSUMER) timestamp=381 ms, used_size=7954432 bytes (19.4%)
(RDMA_READ_CONSUME_CHECK_CONSUMER) timestamp=381 ms, used_size=7952384 bytes (19.4%)
(RDMA_READ_CONSUME_CHECK_CONSUMER) timestamp=381 ms, used_size=7950336 bytes (19.4%)
(RDMA_READ_CONSUME_CHECK_CONSUMER) timestamp=381 ms, used_size=7948288 bytes (19.4%)
(RDMA_READ_CONSUME_CHECK_CONSUMER) timestamp=381 ms, used_size=7946240 bytes (19.4%)
(RDMA_READ_CONSUME_CHECK_CONSUMER) timestamp=381 ms, used_size=7944192 bytes (19.4%)
(RDMA_READ_CONSUME_CHECK_CONSUMER) timestamp=381 ms, used_size=7942144 bytes (19.4%)
(RDMA_READ_CONSUME_CHECK_CONSUMER) timestamp=381 ms, used_size=7940096 bytes (19.4%)
(RDMA_READ_CONSUME_CHECK_CONSUMER) timestamp=381 ms, used_size=7938048 bytes (19.4%)
(RDMA_READ_CONSUME_CHECK_CONSUMER) timestamp=381 ms, used_size=7936000 bytes (19.4%)
(RDMA_READ_CONSUME_CHECK_CONSUMER) timestamp=381 ms, used_size=7933952 bytes (19.4%)
(RDMA_READ_CONSUME_CHECK_CONSUMER) timestamp=381 ms, used_size=7931904 bytes (19.4%)
(RDMA_READ_CONSUME_CHECK_CONSUMER) timestamp=381 ms, used_size=7929856 bytes (19.4%)
(RDMA_READ_CONSUME_CHECK_CONSUMER) timestamp=381 ms, used_size=7927808 bytes (19.4%)
(RDMA_READ_CONSUME_CHECK_CONSUMER) timestamp=381 ms, used_size=7925760 bytes (19.4%)
(RDMA_READ_CONSUME_CHECK_CONSUMER) timestamp=381 ms, used_size=7923712 bytes (19.3%)
(RDMA_READ_CONSUME_CHECK_CONSUMER) timestamp=381 ms, used_size=7921664 bytes (19.3%)
(RDMA_READ_CONSUME_CHECK_CONSUMER) timestamp=381 ms, used_size=7919616 bytes (19.3%)
(RDMA_READ_CONSUME_CHECK_CONSUMER) timestamp=381 ms, used_size=7917568 bytes (19.3%)
(RDMA_READ_CONSUME_CHECK_CONSUMER) timestamp=381 ms, used_size=7915520 bytes (19.3%)
(RDMA_READ_CONSUME_CHECK_CONSUMER) timestamp=381 ms, used_size=7913472 bytes (19.3%)
(RDMA_READ_CONSUME_CHECK_CONSUMER) timestamp=381 ms, used_size=7911424 bytes (19.3%)
(RDMA_READ_CONSUME_CHECK_CONSUMER) timestamp=381 ms, used_size=7909376 bytes (19.3%)
(RDMA_READ_CONSUME_CHECK_CONSUMER) timestamp=381 ms, used_size=7907328 bytes (19.3%)
(RDMA_READ_CONSUME_CHECK_CONSUMER) timestamp=381 ms, used_size=7905280 bytes (19.3%)
(RDMA_READ_CONSUME_CHECK_CONSUMER) timestamp=381 ms, used_size=7903232 bytes (19.3%)
(RDMA_READ_CONSUME_CHECK_CONSUMER) timestamp=381 ms, used_size=7901184 bytes (19.3%)
(RDMA_READ_CONSUME_CHECK_CONSUMER) timestamp=381 ms, used_size=7899136 bytes (19.3%)
(RDMA_READ_CONSUME_CHECK_CONSUMER) timestamp=381 ms, used_size=7897088 bytes (19.3%)
(RDMA_READ_CONSUME_CHECK_CONSUMER) timestamp=381 ms, used_size=7895040 bytes (19.3%)
(RDMA_READ_CONSUME_CHECK_CONSUMER) timestamp=381 ms, used_size=7892992 bytes (19.3%)
(RDMA_READ_CONSUME_CHECK_CONSUMER) timestamp=381 ms, used_size=7890944 bytes (19.3%)
(RDMA_READ_CONSUME_CHECK_CONSUMER) timestamp=381 ms, used_size=7888896 bytes (19.3%)
(RDMA_READ_CONSUME_CHECK_CONSUMER) timestamp=381 ms, used_size=7886848 bytes (19.3%)
(RDMA_READ_CONSUME_CHECK_CONSUMER) timestamp=381 ms, used_size=7884800 bytes (19.2%)
(RDMA_READ_CONSUME_CHECK_CONSUMER) timestamp=381 ms, used_size=7882752 bytes (19.2%)
(RDMA_READ_CONSUME_CHECK_CONSUMER) timestamp=381 ms, used_size=7880704 bytes (19.2%)
(RDMA_READ_CONSUME_CHECK_CONSUMER) timestamp=381 ms, used_size=7878656 bytes (19.2%)
(RDMA_READ_CONSUME_CHECK_CONSUMER) timestamp=381 ms, used_size=7876608 bytes (19.2%)
(RDMA_READ_CONSUME_CHECK_CONSUMER) timestamp=381 ms, used_size=7874560 bytes (19.2%)
(RDMA_READ_CONSUME_CHECK_CONSUMER) timestamp=381 ms, used_size=7872512 bytes (19.2%)
(RDMA_READ_CONSUME_CHECK_CONSUMER) timestamp=381 ms, used_size=7870464 bytes (19.2%)
(RDMA_READ_CONSUME_CHECK_CONSUMER) timestamp=381 ms, used_size=7868416 bytes (19.2%)
(RDMA_READ_CONSUME_CHECK_CONSUMER) timestamp=381 ms, used_size=7866368 bytes (19.2%)
(RDMA_READ_CONSUME_CHECK_CONSUMER) timestamp=381 ms, used_size=7864320 bytes (19.2%)
(RDMA_READ_CONSUME_CHECK_CONSUMER) timestamp=381 ms, used_size=7862272 bytes (19.2%)
(RDMA_READ_CONSUME_CHECK_CONSUMER) timestamp=381 ms, used_size=7860224 bytes (19.2%)
(RDMA_READ_CONSUME_CHECK_CONSUMER) timestamp=381 ms, used_size=7858176 bytes (19.2%)
(RDMA_READ_CONSUME_CHECK_CONSUMER) timestamp=381 ms, used_size=7856128 bytes (19.2%)
(RDMA_READ_CONSUME_CHECK_CONSUMER) timestamp=381 ms, used_size=7854080 bytes (19.2%)
(RDMA_READ_CONSUME_CHECK_CONSUMER) timestamp=381 ms, used_size=7852032 bytes (19.2%)
(RDMA_READ_CONSUME_CHECK_CONSUMER) timestamp=381 ms, used_size=7849984 bytes (19.2%)
(RDMA_READ_CONSUME_CHECK_CONSUMER) timestamp=381 ms, used_size=7847936 bytes (19.2%)
(RDMA_READ_CONSUME_CHECK_CONSUMER) timestamp=381 ms, used_size=7845888 bytes (19.2%)
(RDMA_READ_CONSUME_CHECK_CONSUMER) timestamp=381 ms, used_size=7843840 bytes (19.1%)
(RDMA_READ_CONSUME_CHECK_CONSUMER) timestamp=381 ms, used_size=7841792 bytes (19.1%)
(RDMA_READ_CONSUME_CHECK_CONSUMER) timestamp=381 ms, used_size=7839744 bytes (19.1%)
(RDMA_READ_CONSUME_CHECK_CONSUMER) timestamp=381 ms, used_size=7837696 bytes (19.1%)
(RDMA_READ_CONSUME_CHECK_CONSUMER) timestamp=381 ms, used_size=7835648 bytes (19.1%)
(RDMA_READ_CONSUME_CHECK_CONSUMER) timestamp=381 ms, used_size=7833600 bytes (19.1%)
(RDMA_READ_CONSUME_CHECK_CONSUMER) timestamp=381 ms, used_size=7831552 bytes (19.1%)
(RDMA_READ_CONSUME_CHECK_CONSUMER) timestamp=381 ms, used_size=7829504 bytes (19.1%)
(RDMA_READ_CONSUME_CHECK_CONSUMER) timestamp=381 ms, used_size=7827456 bytes (19.1%)
(RDMA_READ_CONSUME_CHECK_CONSUMER) timestamp=381 ms, used_size=7825408 bytes (19.1%)
(RDMA_READ_CONSUME_CHECK_CONSUMER) timestamp=381 ms, used_size=7823360 bytes (19.1%)
(RDMA_READ_CONSUME_CHECK_CONSUMER) timestamp=381 ms, used_size=7821312 bytes (19.1%)
(RDMA_READ_CONSUME_CHECK_CONSUMER) timestamp=381 ms, used_size=7819264 bytes (19.1%)
(RDMA_READ_CONSUME_CHECK_CONSUMER) timestamp=381 ms, used_size=7817216 bytes (19.1%)
(RDMA_READ_CONSUME_CHECK_CONSUMER) timestamp=381 ms, used_size=7815168 bytes (19.1%)
(RDMA_READ_CONSUME_CHECK_CONSUMER) timestamp=381 ms, used_size=7813120 bytes (19.1%)
(RDMA_READ_CONSUME_CHECK_CONSUMER) timestamp=381 ms, used_size=7811072 bytes (19.1%)
(RDMA_READ_CONSUME_CHECK_CONSUMER) timestamp=381 ms, used_size=7809024 bytes (19.1%)
(RDMA_READ_CONSUME_CHECK_CONSUMER) timestamp=381 ms, used_size=7806976 bytes (19.1%)
(RDMA_READ_CONSUME_CHECK_CONSUMER) timestamp=381 ms, used_size=7804928 bytes (19.1%)
(RDMA_READ_CONSUME_CHECK_CONSUMER) timestamp=381 ms, used_size=7802880 bytes (19.1%)
(RDMA_READ_CONSUME_CHECK_CONSUMER) timestamp=381 ms, used_size=7800832 bytes (19.0%)
(RDMA_READ_CONSUME_CHECK_CONSUMER) timestamp=381 ms, used_size=7798784 bytes (19.0%)
(RDMA_READ_CONSUME_CHECK_CONSUMER) timestamp=381 ms, used_size=7796736 bytes (19.0%)
(RDMA_READ_CONSUME_CHECK_CONSUMER) timestamp=381 ms, used_size=7794688 bytes (19.0%)
(RDMA_READ_CONSUME_CHECK_CONSUMER) timestamp=381 ms, used_size=7792640 bytes (19.0%)
(RDMA_READ_CONSUME_CHECK_CONSUMER) timestamp=381 ms, used_size=7790592 bytes (19.0%)
(RDMA_READ_CONSUME_CHECK_CONSUMER) timestamp=381 ms, used_size=7788544 bytes (19.0%)
(RDMA_READ_CONSUME_CHECK_CONSUMER) timestamp=381 ms, used_size=7786496 bytes (19.0%)
(RDMA_READ_CONSUME_CHECK_CONSUMER) timestamp=381 ms, used_size=7784448 bytes (19.0%)
(RDMA_READ_CONSUME_CHECK_CONSUMER) timestamp=381 ms, used_size=7782400 bytes (19.0%)
(RDMA_READ_CONSUME_CHECK_CONSUMER) timestamp=381 ms, used_size=7780352 bytes (19.0%)
(RDMA_READ_CONSUME_CHECK_CONSUMER) timestamp=381 ms, used_size=7778304 bytes (19.0%)
(RDMA_READ_CONSUME_CHECK_CONSUMER) timestamp=381 ms, used_size=7776256 bytes (19.0%)
(RDMA_READ_CONSUME_CHECK_CONSUMER) timestamp=381 ms, used_size=7774208 bytes (19.0%)
(RDMA_READ_CONSUME_CHECK_CONSUMER) timestamp=381 ms, used_size=7772160 bytes (19.0%)
(RDMA_READ_CONSUME_CHECK_CONSUMER) timestamp=381 ms, used_size=7770112 bytes (19.0%)
(RDMA_READ_CONSUME_CHECK_CONSUMER) timestamp=381 ms, used_size=7768064 bytes (19.0%)
(RDMA_READ_CONSUME_CHECK_CONSUMER) timestamp=381 ms, used_size=7766016 bytes (19.0%)
(RDMA_READ_CONSUME_CHECK_CONSUMER) timestamp=381 ms, used_size=7763968 bytes (19.0%)
(RDMA_READ_CONSUME_CHECK_CONSUMER) timestamp=381 ms, used_size=7761920 bytes (18.9%)
(RDMA_READ_CONSUME_CHECK_CONSUMER) timestamp=381 ms, used_size=7759872 bytes (18.9%)
(RDMA_READ_CONSUME_CHECK_CONSUMER) timestamp=381 ms, used_size=7757824 bytes (18.9%)
(RDMA_READ_CONSUME_CHECK_CONSUMER) timestamp=381 ms, used_size=7755776 bytes (18.9%)
(RDMA_READ_CONSUME_CHECK_CONSUMER) timestamp=381 ms, used_size=7753728 bytes (18.9%)
(RDMA_READ_CONSUME_CHECK_CONSUMER) timestamp=381 ms, used_size=7751680 bytes (18.9%)
(RDMA_READ_CONSUME_CHECK_CONSUMER) timestamp=381 ms, used_size=7749632 bytes (18.9%)
(RDMA_READ_CONSUME_CHECK_CONSUMER) timestamp=381 ms, used_size=7747584 bytes (18.9%)
(RDMA_READ_CONSUME_CHECK_CONSUMER) timestamp=381 ms, used_size=7745536 bytes (18.9%)
(RDMA_READ_CONSUME_CHECK_CONSUMER) timestamp=381 ms, used_size=7743488 bytes (18.9%)
(RDMA_READ_CONSUME_CHECK_CONSUMER) timestamp=381 ms, used_size=7741440 bytes (18.9%)
(RDMA_READ_CONSUME_CHECK_CONSUMER) timestamp=381 ms, used_size=7739392 bytes (18.9%)
(RDMA_READ_CONSUME_CHECK_CONSUMER) timestamp=381 ms, used_size=7737344 bytes (18.9%)
(RDMA_READ_CONSUME_CHECK_CONSUMER) timestamp=381 ms, used_size=7735296 bytes (18.9%)
(RDMA_READ_CONSUME_CHECK_CONSUMER) timestamp=381 ms, used_size=7733248 bytes (18.9%)
(RDMA_READ_CONSUME_CHECK_CONSUMER) timestamp=381 ms, used_size=7731200 bytes (18.9%)
(RDMA_READ_CONSUME_CHECK_CONSUMER) timestamp=381 ms, used_size=7729152 bytes (18.9%)
(RDMA_READ_CONSUME_CHECK_CONSUMER) timestamp=381 ms, used_size=7727104 bytes (18.9%)
(RDMA_READ_CONSUME_CHECK_CONSUMER) timestamp=381 ms, used_size=7725056 bytes (18.9%)
(RDMA_READ_CONSUME_CHECK_CONSUMER) timestamp=381 ms, used_size=7723008 bytes (18.9%)
(RDMA_READ_CONSUME_CHECK_CONSUMER) timestamp=381 ms, used_size=7720960 bytes (18.9%)
(RDMA_READ_CONSUME_CHECK_CONSUMER) timestamp=381 ms, used_size=7718912 bytes (18.8%)
(RDMA_READ_CONSUME_CHECK_CONSUMER) timestamp=381 ms, used_size=7716864 bytes (18.8%)
(RDMA_READ_CONSUME_CHECK_CONSUMER) timestamp=381 ms, used_size=7714816 bytes (18.8%)
(RDMA_READ_CONSUME_CHECK_CONSUMER) timestamp=381 ms, used_size=7712768 bytes (18.8%)
(RDMA_READ_CONSUME_CHECK_CONSUMER) timestamp=381 ms, used_size=7710720 bytes (18.8%)
(RDMA_READ_CONSUME_CHECK_CONSUMER) timestamp=381 ms, used_size=7708672 bytes (18.8%)
(RDMA_READ_CONSUME_CHECK_CONSUMER) timestamp=381 ms, used_size=7706624 bytes (18.8%)
(RDMA_READ_CONSUME_CHECK_CONSUMER) timestamp=381 ms, used_size=7704576 bytes (18.8%)
(RDMA_READ_CONSUME_CHECK_CONSUMER) timestamp=381 ms, used_size=7702528 bytes (18.8%)
(RDMA_READ_CONSUME_CHECK_CONSUMER) timestamp=381 ms, used_size=7700480 bytes (18.8%)
(RDMA_READ_CONSUME_CHECK_CONSUMER) timestamp=381 ms, used_size=7698432 bytes (18.8%)
(RDMA_READ_CONSUME_CHECK_CONSUMER) timestamp=381 ms, used_size=7696384 bytes (18.8%)
(RDMA_READ_CONSUME_CHECK_CONSUMER) timestamp=381 ms, used_size=7694336 bytes (18.8%)
(RDMA_READ_CONSUME_CHECK_CONSUMER) timestamp=381 ms, used_size=7692288 bytes (18.8%)
(RDMA_READ_CONSUME_CHECK_CONSUMER) timestamp=381 ms, used_size=7690240 bytes (18.8%)
(RDMA_READ_CONSUME_CHECK_CONSUMER) timestamp=381 ms, used_size=7688192 bytes (18.8%)
(RDMA_READ_CONSUME_CHECK_CONSUMER) timestamp=381 ms, used_size=7686144 bytes (18.8%)
(RDMA_READ_CONSUME_CHECK_CONSUMER) timestamp=381 ms, used_size=7684096 bytes (18.8%)
(RDMA_READ_CONSUME_CHECK_CONSUMER) timestamp=381 ms, used_size=7682048 bytes (18.8%)
(RDMA_READ_CONSUME_CHECK_CONSUMER) timestamp=381 ms, used_size=7680000 bytes (18.8%)
(RDMA_READ_CONSUME_CHECK_CONSUMER) timestamp=381 ms, used_size=7677952 bytes (18.7%)
(RDMA_READ_CONSUME_CHECK_CONSUMER) timestamp=381 ms, used_size=7675904 bytes (18.7%)
(RDMA_READ_CONSUME_CHECK_CONSUMER) timestamp=381 ms, used_size=7673856 bytes (18.7%)
(RDMA_READ_CONSUME_CHECK_CONSUMER) timestamp=381 ms, used_size=7671808 bytes (18.7%)
(RDMA_READ_CONSUME_CHECK_CONSUMER) timestamp=381 ms, used_size=7669760 bytes (18.7%)
(RDMA_READ_CONSUME_CHECK_CONSUMER) timestamp=381 ms, used_size=7667712 bytes (18.7%)
(RDMA_READ_CONSUME_CHECK_CONSUMER) timestamp=381 ms, used_size=7665664 bytes (18.7%)
(RDMA_READ_CONSUME_CHECK_CONSUMER) timestamp=381 ms, used_size=7663616 bytes (18.7%)
(RDMA_READ_CONSUME_CHECK_CONSUMER) timestamp=381 ms, used_size=7661568 bytes (18.7%)
(RDMA_READ_CONSUME_CHECK_CONSUMER) timestamp=381 ms, used_size=7659520 bytes (18.7%)
(RDMA_READ_CONSUME_CHECK_CONSUMER) timestamp=381 ms, used_size=7657472 bytes (18.7%)
(RDMA_READ_CONSUME_CHECK_CONSUMER) timestamp=381 ms, used_size=7655424 bytes (18.7%)
(RDMA_READ_CONSUME_CHECK_CONSUMER) timestamp=381 ms, used_size=7653376 bytes (18.7%)
(RDMA_READ_CONSUME_CHECK_CONSUMER) timestamp=381 ms, used_size=7651328 bytes (18.7%)
(RDMA_READ_CONSUME_CHECK_CONSUMER) timestamp=381 ms, used_size=7649280 bytes (18.7%)
(RDMA_READ_CONSUME_CHECK_CONSUMER) timestamp=381 ms, used_size=7647232 bytes (18.7%)
(RDMA_READ_CONSUME_CHECK_CONSUMER) timestamp=381 ms, used_size=7645184 bytes (18.7%)
(RDMA_READ_CONSUME_CHECK_CONSUMER) timestamp=381 ms, used_size=7643136 bytes (18.7%)
(RDMA_READ_CONSUME_CHECK_CONSUMER) timestamp=381 ms, used_size=7641088 bytes (18.7%)
(RDMA_READ_CONSUME_CHECK_CONSUMER) timestamp=381 ms, used_size=7639040 bytes (18.6%)
(RDMA_READ_CONSUME_CHECK_CONSUMER) timestamp=381 ms, used_size=7636992 bytes (18.6%)
(RDMA_READ_CONSUME_CHECK_CONSUMER) timestamp=381 ms, used_size=7634944 bytes (18.6%)
(RDMA_READ_CONSUME_CHECK_CONSUMER) timestamp=381 ms, used_size=7632896 bytes (18.6%)
(RDMA_READ_CONSUME_CHECK_CONSUMER) timestamp=381 ms, used_size=7630848 bytes (18.6%)
(RDMA_READ_CONSUME_CHECK_CONSUMER) timestamp=381 ms, used_size=7628800 bytes (18.6%)
(RDMA_READ_CONSUME_CHECK_CONSUMER) timestamp=381 ms, used_size=7626752 bytes (18.6%)
(RDMA_READ_CONSUME_CHECK_CONSUMER) timestamp=381 ms, used_size=7624704 bytes (18.6%)
(RDMA_READ_CONSUME_CHECK_CONSUMER) timestamp=381 ms, used_size=7622656 bytes (18.6%)
(RDMA_READ_CONSUME_CHECK_CONSUMER) timestamp=381 ms, used_size=7620608 bytes (18.6%)
(RDMA_READ_CONSUME_CHECK_CONSUMER) timestamp=381 ms, used_size=7618560 bytes (18.6%)
(RDMA_READ_CONSUME_CHECK_CONSUMER) timestamp=381 ms, used_size=7616512 bytes (18.6%)
(RDMA_READ_CONSUME_CHECK_CONSUMER) timestamp=381 ms, used_size=7614464 bytes (18.6%)
(RDMA_READ_CONSUME_CHECK_CONSUMER) timestamp=381 ms, used_size=7612416 bytes (18.6%)
(RDMA_READ_CONSUME_CHECK_CONSUMER) timestamp=381 ms, used_size=7610368 bytes (18.6%)
(RDMA_READ_CONSUME_CHECK_CONSUMER) timestamp=381 ms, used_size=7608320 bytes (18.6%)
(RDMA_READ_CONSUME_CHECK_CONSUMER) timestamp=382 ms, used_size=7606272 bytes (18.6%)
(RDMA_READ_CONSUME_CHECK_CONSUMER) timestamp=382 ms, used_size=7604224 bytes (18.6%)
(RDMA_READ_CONSUME_CHECK_CONSUMER) timestamp=382 ms, used_size=7602176 bytes (18.6%)
(RDMA_READ_CONSUME_CHECK_CONSUMER) timestamp=382 ms, used_size=7600128 bytes (18.6%)
(RDMA_READ_CONSUME_CHECK_CONSUMER) timestamp=382 ms, used_size=7598080 bytes (18.6%)
(RDMA_READ_CONSUME_CHECK_CONSUMER) timestamp=382 ms, used_size=7596032 bytes (18.5%)
(RDMA_READ_CONSUME_CHECK_CONSUMER) timestamp=382 ms, used_size=7593984 bytes (18.5%)
(RDMA_READ_CONSUME_CHECK_CONSUMER) timestamp=382 ms, used_size=7591936 bytes (18.5%)
(RDMA_READ_CONSUME_CHECK_CONSUMER) timestamp=382 ms, used_size=7589888 bytes (18.5%)
(RDMA_READ_CONSUME_CHECK_CONSUMER) timestamp=382 ms, used_size=7587840 bytes (18.5%)
(RDMA_READ_CONSUME_CHECK_CONSUMER) timestamp=382 ms, used_size=7585792 bytes (18.5%)
(RDMA_READ_CONSUME_CHECK_CONSUMER) timestamp=382 ms, used_size=7583744 bytes (18.5%)
(RDMA_READ_CONSUME_CHECK_CONSUMER) timestamp=382 ms, used_size=7581696 bytes (18.5%)
(RDMA_READ_CONSUME_CHECK_CONSUMER) timestamp=382 ms, used_size=7579648 bytes (18.5%)
(RDMA_READ_CONSUME_CHECK_CONSUMER) timestamp=382 ms, used_size=7577600 bytes (18.5%)
(RDMA_READ_CONSUME_CHECK_CONSUMER) timestamp=382 ms, used_size=7575552 bytes (18.5%)
(RDMA_READ_CONSUME_CHECK_CONSUMER) timestamp=382 ms, used_size=7573504 bytes (18.5%)
(RDMA_READ_CONSUME_CHECK_CONSUMER) timestamp=382 ms, used_size=7571456 bytes (18.5%)
(RDMA_READ_CONSUME_CHECK_CONSUMER) timestamp=382 ms, used_size=7569408 bytes (18.5%)
(RDMA_READ_CONSUME_CHECK_CONSUMER) timestamp=382 ms, used_size=7567360 bytes (18.5%)
(RDMA_READ_CONSUME_CHECK_CONSUMER) timestamp=382 ms, used_size=7565312 bytes (18.5%)
(RDMA_READ_CONSUME_CHECK_CONSUMER) timestamp=382 ms, used_size=7563264 bytes (18.5%)
(RDMA_READ_CONSUME_CHECK_CONSUMER) timestamp=382 ms, used_size=7561216 bytes (18.5%)
(RDMA_READ_CONSUME_CHECK_CONSUMER) timestamp=382 ms, used_size=7559168 bytes (18.5%)
(RDMA_READ_CONSUME_CHECK_CONSUMER) timestamp=382 ms, used_size=7557120 bytes (18.4%)
(RDMA_READ_CONSUME_CHECK_CONSUMER) timestamp=382 ms, used_size=7555072 bytes (18.4%)
(RDMA_READ_CONSUME_CHECK_CONSUMER) timestamp=382 ms, used_size=7553024 bytes (18.4%)
(RDMA_READ_CONSUME_CHECK_CONSUMER) timestamp=382 ms, used_size=7550976 bytes (18.4%)
(RDMA_READ_CONSUME_CHECK_CONSUMER) timestamp=382 ms, used_size=7548928 bytes (18.4%)
(RDMA_READ_CONSUME_CHECK_CONSUMER) timestamp=382 ms, used_size=7546880 bytes (18.4%)
(RDMA_READ_CONSUME_CHECK_CONSUMER) timestamp=382 ms, used_size=7544832 bytes (18.4%)
(RDMA_READ_CONSUME_CHECK_CONSUMER) timestamp=382 ms, used_size=7542784 bytes (18.4%)
(RDMA_READ_CONSUME_CHECK_CONSUMER) timestamp=382 ms, used_size=7540736 bytes (18.4%)
(RDMA_READ_CONSUME_CHECK_CONSUMER) timestamp=382 ms, used_size=7538688 bytes (18.4%)
(RDMA_READ_CONSUME_CHECK_CONSUMER) timestamp=382 ms, used_size=7536640 bytes (18.4%)
(RDMA_READ_CONSUME_CHECK_CONSUMER) timestamp=382 ms, used_size=7534592 bytes (18.4%)
(RDMA_READ_CONSUME_CHECK_CONSUMER) timestamp=382 ms, used_size=7532544 bytes (18.4%)
(RDMA_READ_CONSUME_CHECK_CONSUMER) timestamp=382 ms, used_size=7530496 bytes (18.4%)
(RDMA_READ_CONSUME_CHECK_CONSUMER) timestamp=382 ms, used_size=7528448 bytes (18.4%)
(RDMA_READ_CONSUME_CHECK_CONSUMER) timestamp=382 ms, used_size=7526400 bytes (18.4%)
(RDMA_READ_CONSUME_CHECK_CONSUMER) timestamp=382 ms, used_size=7524352 bytes (18.4%)
(RDMA_READ_CONSUME_CHECK_CONSUMER) timestamp=382 ms, used_size=7522304 bytes (18.4%)
(RDMA_READ_CONSUME_CHECK_CONSUMER) timestamp=382 ms, used_size=7520256 bytes (18.4%)
(RDMA_READ_CONSUME_CHECK_CONSUMER) timestamp=382 ms, used_size=7518208 bytes (18.4%)
(RDMA_READ_CONSUME_CHECK_CONSUMER) timestamp=382 ms, used_size=7516160 bytes (18.4%)
(RDMA_READ_CONSUME_CHECK_CONSUMER) timestamp=382 ms, used_size=7514112 bytes (18.3%)
(RDMA_READ_CONSUME_CHECK_CONSUMER) timestamp=382 ms, used_size=7512064 bytes (18.3%)
(RDMA_READ_CONSUME_CHECK_CONSUMER) timestamp=382 ms, used_size=7510016 bytes (18.3%)
(RDMA_READ_CONSUME_CHECK_CONSUMER) timestamp=382 ms, used_size=7507968 bytes (18.3%)
(RDMA_READ_CONSUME_CHECK_CONSUMER) timestamp=382 ms, used_size=7505920 bytes (18.3%)
(RDMA_READ_CONSUME_CHECK_CONSUMER) timestamp=382 ms, used_size=7503872 bytes (18.3%)
(RDMA_READ_CONSUME_CHECK_CONSUMER) timestamp=382 ms, used_size=7501824 bytes (18.3%)
(RDMA_READ_CONSUME_CHECK_CONSUMER) timestamp=382 ms, used_size=7499776 bytes (18.3%)
(RDMA_READ_CONSUME_CHECK_CONSUMER) timestamp=382 ms, used_size=7497728 bytes (18.3%)
(RDMA_READ_CONSUME_CHECK_CONSUMER) timestamp=382 ms, used_size=7495680 bytes (18.3%)
(RDMA_READ_CONSUME_CHECK_CONSUMER) timestamp=382 ms, used_size=7493632 bytes (18.3%)
(RDMA_READ_CONSUME_CHECK_CONSUMER) timestamp=382 ms, used_size=7491584 bytes (18.3%)
(RDMA_READ_CONSUME_CHECK_CONSUMER) timestamp=382 ms, used_size=7489536 bytes (18.3%)
(RDMA_READ_CONSUME_CHECK_CONSUMER) timestamp=382 ms, used_size=7487488 bytes (18.3%)
(RDMA_READ_CONSUME_CHECK_CONSUMER) timestamp=382 ms, used_size=7485440 bytes (18.3%)
(RDMA_READ_CONSUME_CHECK_CONSUMER) timestamp=382 ms, used_size=7483392 bytes (18.3%)
(RDMA_READ_CONSUME_CHECK_CONSUMER) timestamp=382 ms, used_size=7481344 bytes (18.3%)
(RDMA_READ_CONSUME_CHECK_CONSUMER) timestamp=382 ms, used_size=7479296 bytes (18.3%)
(RDMA_READ_CONSUME_CHECK_CONSUMER) timestamp=382 ms, used_size=7477248 bytes (18.3%)
(RDMA_READ_CONSUME_CHECK_CONSUMER) timestamp=382 ms, used_size=7475200 bytes (18.2%)
(RDMA_READ_CONSUME_CHECK_CONSUMER) timestamp=382 ms, used_size=7473152 bytes (18.2%)
(RDMA_READ_CONSUME_CHECK_CONSUMER) timestamp=382 ms, used_size=7471104 bytes (18.2%)
(RDMA_READ_CONSUME_CHECK_CONSUMER) timestamp=382 ms, used_size=7469056 bytes (18.2%)
(RDMA_READ_CONSUME_CHECK_CONSUMER) timestamp=382 ms, used_size=7467008 bytes (18.2%)
(RDMA_READ_CONSUME_CHECK_CONSUMER) timestamp=382 ms, used_size=7464960 bytes (18.2%)
(RDMA_READ_CONSUME_CHECK_CONSUMER) timestamp=382 ms, used_size=7462912 bytes (18.2%)
(RDMA_READ_CONSUME_CHECK_CONSUMER) timestamp=382 ms, used_size=7460864 bytes (18.2%)
(RDMA_READ_CONSUME_CHECK_CONSUMER) timestamp=382 ms, used_size=7458816 bytes (18.2%)
(RDMA_READ_CONSUME_CHECK_CONSUMER) timestamp=382 ms, used_size=7456768 bytes (18.2%)
(RDMA_READ_CONSUME_CHECK_CONSUMER) timestamp=382 ms, used_size=7454720 bytes (18.2%)
(RDMA_READ_CONSUME_CHECK_CONSUMER) timestamp=382 ms, used_size=7452672 bytes (18.2%)
(RDMA_READ_CONSUME_CHECK_CONSUMER) timestamp=382 ms, used_size=7450624 bytes (18.2%)
(RDMA_READ_CONSUME_CHECK_CONSUMER) timestamp=382 ms, used_size=7448576 bytes (18.2%)
(RDMA_READ_CONSUME_CHECK_CONSUMER) timestamp=382 ms, used_size=7446528 bytes (18.2%)
(RDMA_READ_CONSUME_CHECK_CONSUMER) timestamp=382 ms, used_size=7444480 bytes (18.2%)
(RDMA_READ_CONSUME_CHECK_CONSUMER) timestamp=382 ms, used_size=7442432 bytes (18.2%)
(RDMA_READ_CONSUME_CHECK_CONSUMER) timestamp=382 ms, used_size=7440384 bytes (18.2%)
(RDMA_READ_CONSUME_CHECK_CONSUMER) timestamp=382 ms, used_size=7438336 bytes (18.2%)
(RDMA_READ_CONSUME_CHECK_CONSUMER) timestamp=382 ms, used_size=7436288 bytes (18.2%)
(RDMA_READ_CONSUME_CHECK_CONSUMER) timestamp=382 ms, used_size=7434240 bytes (18.1%)
(RDMA_READ_CONSUME_CHECK_CONSUMER) timestamp=382 ms, used_size=7432192 bytes (18.1%)
(RDMA_READ_CONSUME_CHECK_CONSUMER) timestamp=382 ms, used_size=7430144 bytes (18.1%)
(RDMA_READ_CONSUME_CHECK_CONSUMER) timestamp=382 ms, used_size=7428096 bytes (18.1%)
(RDMA_READ_CONSUME_CHECK_CONSUMER) timestamp=382 ms, used_size=7426048 bytes (18.1%)
(RDMA_READ_CONSUME_CHECK_CONSUMER) timestamp=382 ms, used_size=7424000 bytes (18.1%)
(RDMA_READ_CONSUME_CHECK_CONSUMER) timestamp=382 ms, used_size=7421952 bytes (18.1%)
(RDMA_READ_CONSUME_CHECK_CONSUMER) timestamp=382 ms, used_size=7419904 bytes (18.1%)
(RDMA_READ_CONSUME_CHECK_CONSUMER) timestamp=382 ms, used_size=7417856 bytes (18.1%)
(RDMA_READ_CONSUME_CHECK_CONSUMER) timestamp=382 ms, used_size=7415808 bytes (18.1%)
(RDMA_READ_CONSUME_CHECK_CONSUMER) timestamp=382 ms, used_size=7413760 bytes (18.1%)
(RDMA_READ_CONSUME_CHECK_CONSUMER) timestamp=382 ms, used_size=7411712 bytes (18.1%)
(RDMA_READ_CONSUME_CHECK_CONSUMER) timestamp=382 ms, used_size=7409664 bytes (18.1%)
(RDMA_READ_CONSUME_CHECK_CONSUMER) timestamp=382 ms, used_size=7407616 bytes (18.1%)
(RDMA_READ_CONSUME_CHECK_CONSUMER) timestamp=382 ms, used_size=7405568 bytes (18.1%)
(RDMA_READ_CONSUME_CHECK_CONSUMER) timestamp=382 ms, used_size=7403520 bytes (18.1%)
(RDMA_READ_CONSUME_CHECK_CONSUMER) timestamp=382 ms, used_size=7401472 bytes (18.1%)
(RDMA_READ_CONSUME_CHECK_CONSUMER) timestamp=382 ms, used_size=7399424 bytes (18.1%)
(RDMA_READ_CONSUME_CHECK_CONSUMER) timestamp=382 ms, used_size=7397376 bytes (18.1%)
(RDMA_READ_CONSUME_CHECK_CONSUMER) timestamp=382 ms, used_size=7395328 bytes (18.1%)
(RDMA_READ_CONSUME_CHECK_CONSUMER) timestamp=382 ms, used_size=7393280 bytes (18.1%)
(RDMA_READ_CONSUME_CHECK_CONSUMER) timestamp=382 ms, used_size=7391232 bytes (18.0%)
(RDMA_READ_CONSUME_CHECK_CONSUMER) timestamp=382 ms, used_size=7389184 bytes (18.0%)
(RDMA_READ_CONSUME_CHECK_CONSUMER) timestamp=382 ms, used_size=7387136 bytes (18.0%)
(RDMA_READ_CONSUME_CHECK_CONSUMER) timestamp=382 ms, used_size=7385088 bytes (18.0%)
(RDMA_READ_CONSUME_CHECK_CONSUMER) timestamp=382 ms, used_size=7383040 bytes (18.0%)
(RDMA_READ_CONSUME_CHECK_CONSUMER) timestamp=382 ms, used_size=7380992 bytes (18.0%)
(RDMA_READ_CONSUME_CHECK_CONSUMER) timestamp=382 ms, used_size=7378944 bytes (18.0%)
(RDMA_READ_CONSUME_CHECK_CONSUMER) timestamp=382 ms, used_size=7376896 bytes (18.0%)
(RDMA_READ_CONSUME_CHECK_CONSUMER) timestamp=382 ms, used_size=7374848 bytes (18.0%)
(RDMA_READ_CONSUME_CHECK_CONSUMER) timestamp=382 ms, used_size=7372800 bytes (18.0%)
(RDMA_READ_CONSUME_CHECK_CONSUMER) timestamp=382 ms, used_size=7370752 bytes (18.0%)
(RDMA_READ_CONSUME_CHECK_CONSUMER) timestamp=382 ms, used_size=7368704 bytes (18.0%)
(RDMA_READ_CONSUME_CHECK_CONSUMER) timestamp=382 ms, used_size=7366656 bytes (18.0%)
(RDMA_READ_CONSUME_CHECK_CONSUMER) timestamp=382 ms, used_size=7364608 bytes (18.0%)
(RDMA_READ_CONSUME_CHECK_CONSUMER) timestamp=382 ms, used_size=7362560 bytes (18.0%)
(RDMA_READ_CONSUME_CHECK_CONSUMER) timestamp=382 ms, used_size=7360512 bytes (18.0%)
(RDMA_READ_CONSUME_CHECK_CONSUMER) timestamp=382 ms, used_size=7358464 bytes (18.0%)
(RDMA_READ_CONSUME_CHECK_CONSUMER) timestamp=382 ms, used_size=7356416 bytes (18.0%)
(RDMA_READ_CONSUME_CHECK_CONSUMER) timestamp=382 ms, used_size=7354368 bytes (18.0%)
(RDMA_READ_CONSUME_CHECK_CONSUMER) timestamp=382 ms, used_size=7352320 bytes (17.9%)
(RDMA_READ_CONSUME_CHECK_CONSUMER) timestamp=382 ms, used_size=7350272 bytes (17.9%)
(RDMA_READ_CONSUME_CHECK_CONSUMER) timestamp=382 ms, used_size=7348224 bytes (17.9%)
(RDMA_READ_CONSUME_CHECK_CONSUMER) timestamp=382 ms, used_size=7346176 bytes (17.9%)
(RDMA_READ_CONSUME_CHECK_CONSUMER) timestamp=382 ms, used_size=7344128 bytes (17.9%)
(RDMA_READ_CONSUME_CHECK_CONSUMER) timestamp=382 ms, used_size=7342080 bytes (17.9%)
(RDMA_READ_CONSUME_CHECK_CONSUMER) timestamp=382 ms, used_size=7340032 bytes (17.9%)
(RDMA_READ_CONSUME_CHECK_CONSUMER) timestamp=382 ms, used_size=7337984 bytes (17.9%)
(RDMA_READ_CONSUME_CHECK_CONSUMER) timestamp=382 ms, used_size=7335936 bytes (17.9%)
(RDMA_READ_CONSUME_CHECK_CONSUMER) timestamp=382 ms, used_size=7333888 bytes (17.9%)
(RDMA_READ_CONSUME_CHECK_CONSUMER) timestamp=382 ms, used_size=7331840 bytes (17.9%)
(RDMA_READ_CONSUME_CHECK_CONSUMER) timestamp=382 ms, used_size=7329792 bytes (17.9%)
(RDMA_READ_CONSUME_CHECK_CONSUMER) timestamp=382 ms, used_size=7327744 bytes (17.9%)
(RDMA_READ_CONSUME_CHECK_CONSUMER) timestamp=382 ms, used_size=7325696 bytes (17.9%)
(RDMA_READ_CONSUME_CHECK_CONSUMER) timestamp=382 ms, used_size=7323648 bytes (17.9%)
(RDMA_READ_CONSUME_CHECK_CONSUMER) timestamp=382 ms, used_size=7321600 bytes (17.9%)
(RDMA_READ_CONSUME_CHECK_CONSUMER) timestamp=382 ms, used_size=7319552 bytes (17.9%)
(RDMA_READ_CONSUME_CHECK_CONSUMER) timestamp=382 ms, used_size=7317504 bytes (17.9%)
(RDMA_READ_CONSUME_CHECK_CONSUMER) timestamp=382 ms, used_size=7315456 bytes (17.9%)
(RDMA_READ_CONSUME_CHECK_CONSUMER) timestamp=382 ms, used_size=7313408 bytes (17.9%)
(RDMA_READ_CONSUME_CHECK_CONSUMER) timestamp=382 ms, used_size=7311360 bytes (17.9%)
(RDMA_READ_CONSUME_CHECK_CONSUMER) timestamp=382 ms, used_size=7309312 bytes (17.8%)
(RDMA_READ_CONSUME_CHECK_CONSUMER) timestamp=382 ms, used_size=7307264 bytes (17.8%)
(RDMA_READ_CONSUME_CHECK_CONSUMER) timestamp=382 ms, used_size=7305216 bytes (17.8%)
(RDMA_READ_CONSUME_CHECK_CONSUMER) timestamp=382 ms, used_size=7303168 bytes (17.8%)
(RDMA_READ_CONSUME_CHECK_CONSUMER) timestamp=382 ms, used_size=7301120 bytes (17.8%)
(RDMA_READ_CONSUME_CHECK_CONSUMER) timestamp=382 ms, used_size=7299072 bytes (17.8%)
(RDMA_READ_CONSUME_CHECK_CONSUMER) timestamp=382 ms, used_size=7297024 bytes (17.8%)
(RDMA_READ_CONSUME_CHECK_CONSUMER) timestamp=382 ms, used_size=7294976 bytes (17.8%)
(RDMA_READ_CONSUME_CHECK_CONSUMER) timestamp=382 ms, used_size=7292928 bytes (17.8%)
(RDMA_READ_CONSUME_CHECK_CONSUMER) timestamp=382 ms, used_size=7290880 bytes (17.8%)
(RDMA_READ_CONSUME_CHECK_CONSUMER) timestamp=382 ms, used_size=7288832 bytes (17.8%)
(RDMA_READ_CONSUME_CHECK_CONSUMER) timestamp=382 ms, used_size=7286784 bytes (17.8%)
(RDMA_READ_CONSUME_CHECK_CONSUMER) timestamp=382 ms, used_size=7284736 bytes (17.8%)
(RDMA_READ_CONSUME_CHECK_CONSUMER) timestamp=382 ms, used_size=7282688 bytes (17.8%)
(RDMA_READ_CONSUME_CHECK_CONSUMER) timestamp=382 ms, used_size=7280640 bytes (17.8%)
(RDMA_READ_CONSUME_CHECK_CONSUMER) timestamp=382 ms, used_size=7278592 bytes (17.8%)
(RDMA_READ_CONSUME_CHECK_CONSUMER) timestamp=382 ms, used_size=7276544 bytes (17.8%)
(RDMA_READ_CONSUME_CHECK_CONSUMER) timestamp=382 ms, used_size=7274496 bytes (17.8%)
(RDMA_READ_CONSUME_CHECK_CONSUMER) timestamp=382 ms, used_size=7272448 bytes (17.8%)
(RDMA_READ_CONSUME_CHECK_CONSUMER) timestamp=382 ms, used_size=7270400 bytes (17.8%)
(RDMA_READ_CONSUME_CHECK_CONSUMER) timestamp=382 ms, used_size=7268352 bytes (17.7%)
(RDMA_READ_CONSUME_CHECK_CONSUMER) timestamp=382 ms, used_size=7266304 bytes (17.7%)
(RDMA_READ_CONSUME_CHECK_CONSUMER) timestamp=382 ms, used_size=7264256 bytes (17.7%)
(RDMA_READ_CONSUME_CHECK_CONSUMER) timestamp=382 ms, used_size=7262208 bytes (17.7%)
(RDMA_READ_CONSUME_CHECK_CONSUMER) timestamp=382 ms, used_size=7260160 bytes (17.7%)
(RDMA_READ_CONSUME_CHECK_CONSUMER) timestamp=382 ms, used_size=7258112 bytes (17.7%)
(RDMA_READ_CONSUME_CHECK_CONSUMER) timestamp=382 ms, used_size=7256064 bytes (17.7%)
(RDMA_READ_CONSUME_CHECK_CONSUMER) timestamp=382 ms, used_size=7254016 bytes (17.7%)
(RDMA_READ_CONSUME_CHECK_CONSUMER) timestamp=382 ms, used_size=7251968 bytes (17.7%)
(RDMA_READ_CONSUME_CHECK_CONSUMER) timestamp=382 ms, used_size=7249920 bytes (17.7%)
(RDMA_READ_CONSUME_CHECK_CONSUMER) timestamp=383 ms, used_size=7247872 bytes (17.7%)
(RDMA_READ_CONSUME_CHECK_CONSUMER) timestamp=383 ms, used_size=7245824 bytes (17.7%)
(RDMA_READ_CONSUME_CHECK_CONSUMER) timestamp=383 ms, used_size=7243776 bytes (17.7%)
(RDMA_READ_CONSUME_CHECK_CONSUMER) timestamp=383 ms, used_size=7241728 bytes (17.7%)
(RDMA_READ_CONSUME_CHECK_CONSUMER) timestamp=383 ms, used_size=7239680 bytes (17.7%)
(RDMA_READ_CONSUME_CHECK_CONSUMER) timestamp=383 ms, used_size=7237632 bytes (17.7%)
(RDMA_READ_CONSUME_CHECK_CONSUMER) timestamp=383 ms, used_size=7235584 bytes (17.7%)
(RDMA_READ_CONSUME_CHECK_CONSUMER) timestamp=383 ms, used_size=7233536 bytes (17.7%)
(RDMA_READ_CONSUME_CHECK_CONSUMER) timestamp=383 ms, used_size=7231488 bytes (17.7%)
(RDMA_READ_CONSUME_CHECK_CONSUMER) timestamp=383 ms, used_size=7229440 bytes (17.6%)
(RDMA_READ_CONSUME_CHECK_CONSUMER) timestamp=383 ms, used_size=7227392 bytes (17.6%)
(RDMA_READ_CONSUME_CHECK_CONSUMER) timestamp=383 ms, used_size=7225344 bytes (17.6%)
(RDMA_READ_CONSUME_CHECK_CONSUMER) timestamp=383 ms, used_size=7223296 bytes (17.6%)
(RDMA_READ_CONSUME_CHECK_CONSUMER) timestamp=383 ms, used_size=7221248 bytes (17.6%)
(RDMA_READ_CONSUME_CHECK_CONSUMER) timestamp=383 ms, used_size=7219200 bytes (17.6%)
(RDMA_READ_CONSUME_CHECK_CONSUMER) timestamp=383 ms, used_size=7217152 bytes (17.6%)
(RDMA_READ_CONSUME_CHECK_CONSUMER) timestamp=383 ms, used_size=7215104 bytes (17.6%)
(RDMA_READ_CONSUME_CHECK_CONSUMER) timestamp=383 ms, used_size=7213056 bytes (17.6%)
(RDMA_READ_CONSUME_CHECK_CONSUMER) timestamp=383 ms, used_size=7211008 bytes (17.6%)
(RDMA_READ_CONSUME_CHECK_CONSUMER) timestamp=383 ms, used_size=7208960 bytes (17.6%)
(RDMA_READ_CONSUME_CHECK_CONSUMER) timestamp=383 ms, used_size=7206912 bytes (17.6%)
(RDMA_READ_CONSUME_CHECK_CONSUMER) timestamp=383 ms, used_size=7204864 bytes (17.6%)
(RDMA_READ_CONSUME_CHECK_CONSUMER) timestamp=383 ms, used_size=7202816 bytes (17.6%)
(RDMA_READ_CONSUME_CHECK_CONSUMER) timestamp=383 ms, used_size=7200768 bytes (17.6%)
(RDMA_READ_CONSUME_CHECK_CONSUMER) timestamp=383 ms, used_size=7198720 bytes (17.6%)
(RDMA_READ_CONSUME_CHECK_CONSUMER) timestamp=383 ms, used_size=7196672 bytes (17.6%)
(RDMA_READ_CONSUME_CHECK_CONSUMER) timestamp=383 ms, used_size=7194624 bytes (17.6%)
(RDMA_READ_CONSUME_CHECK_CONSUMER) timestamp=383 ms, used_size=7192576 bytes (17.6%)
(RDMA_READ_CONSUME_CHECK_CONSUMER) timestamp=383 ms, used_size=7190528 bytes (17.6%)
(RDMA_READ_CONSUME_CHECK_CONSUMER) timestamp=383 ms, used_size=7188480 bytes (17.6%)
(RDMA_READ_CONSUME_CHECK_CONSUMER) timestamp=383 ms, used_size=7186432 bytes (17.5%)
(RDMA_READ_CONSUME_CHECK_CONSUMER) timestamp=383 ms, used_size=7184384 bytes (17.5%)
(RDMA_READ_CONSUME_CHECK_CONSUMER) timestamp=383 ms, used_size=7182336 bytes (17.5%)
(RDMA_READ_CONSUME_CHECK_CONSUMER) timestamp=383 ms, used_size=7180288 bytes (17.5%)
(RDMA_READ_CONSUME_CHECK_CONSUMER) timestamp=383 ms, used_size=7178240 bytes (17.5%)
(RDMA_READ_CONSUME_CHECK_CONSUMER) timestamp=383 ms, used_size=7176192 bytes (17.5%)
(RDMA_READ_CONSUME_CHECK_CONSUMER) timestamp=383 ms, used_size=7174144 bytes (17.5%)
(RDMA_READ_CONSUME_CHECK_CONSUMER) timestamp=383 ms, used_size=7172096 bytes (17.5%)
(RDMA_READ_CONSUME_CHECK_CONSUMER) timestamp=383 ms, used_size=7170048 bytes (17.5%)
(RDMA_READ_CONSUME_CHECK_CONSUMER) timestamp=383 ms, used_size=7168000 bytes (17.5%)
(RDMA_READ_CONSUME_CHECK_CONSUMER) timestamp=383 ms, used_size=7165952 bytes (17.5%)
(RDMA_READ_CONSUME_CHECK_CONSUMER) timestamp=383 ms, used_size=7163904 bytes (17.5%)
(RDMA_READ_CONSUME_CHECK_CONSUMER) timestamp=383 ms, used_size=7161856 bytes (17.5%)
(RDMA_READ_CONSUME_CHECK_CONSUMER) timestamp=383 ms, used_size=7159808 bytes (17.5%)
(RDMA_READ_CONSUME_CHECK_CONSUMER) timestamp=383 ms, used_size=7157760 bytes (17.5%)
(RDMA_READ_CONSUME_CHECK_CONSUMER) timestamp=383 ms, used_size=7155712 bytes (17.5%)
(RDMA_READ_CONSUME_CHECK_CONSUMER) timestamp=383 ms, used_size=7153664 bytes (17.5%)
(RDMA_READ_CONSUME_CHECK_CONSUMER) timestamp=383 ms, used_size=7151616 bytes (17.5%)
(RDMA_READ_CONSUME_CHECK_CONSUMER) timestamp=383 ms, used_size=7149568 bytes (17.5%)
(RDMA_READ_CONSUME_CHECK_CONSUMER) timestamp=383 ms, used_size=7147520 bytes (17.4%)
(RDMA_READ_CONSUME_CHECK_CONSUMER) timestamp=383 ms, used_size=7145472 bytes (17.4%)
(RDMA_READ_CONSUME_CHECK_CONSUMER) timestamp=383 ms, used_size=7143424 bytes (17.4%)
(RDMA_READ_CONSUME_CHECK_CONSUMER) timestamp=383 ms, used_size=7141376 bytes (17.4%)
(RDMA_READ_CONSUME_CHECK_CONSUMER) timestamp=383 ms, used_size=7139328 bytes (17.4%)
(RDMA_READ_CONSUME_CHECK_CONSUMER) timestamp=383 ms, used_size=7137280 bytes (17.4%)
(RDMA_READ_CONSUME_CHECK_CONSUMER) timestamp=383 ms, used_size=7135232 bytes (17.4%)
(RDMA_READ_CONSUME_CHECK_CONSUMER) timestamp=383 ms, used_size=7133184 bytes (17.4%)
(RDMA_READ_CONSUME_CHECK_CONSUMER) timestamp=383 ms, used_size=7131136 bytes (17.4%)
(RDMA_READ_CONSUME_CHECK_CONSUMER) timestamp=383 ms, used_size=7129088 bytes (17.4%)
(RDMA_READ_CONSUME_CHECK_CONSUMER) timestamp=383 ms, used_size=7127040 bytes (17.4%)
(RDMA_READ_CONSUME_CHECK_CONSUMER) timestamp=383 ms, used_size=7124992 bytes (17.4%)
(RDMA_READ_CONSUME_CHECK_CONSUMER) timestamp=383 ms, used_size=7122944 bytes (17.4%)
(RDMA_READ_CONSUME_CHECK_CONSUMER) timestamp=383 ms, used_size=7120896 bytes (17.4%)
(RDMA_READ_CONSUME_CHECK_CONSUMER) timestamp=383 ms, used_size=7118848 bytes (17.4%)
(RDMA_READ_CONSUME_CHECK_CONSUMER) timestamp=383 ms, used_size=7116800 bytes (17.4%)
(RDMA_READ_CONSUME_CHECK_CONSUMER) timestamp=383 ms, used_size=7114752 bytes (17.4%)
(RDMA_READ_CONSUME_CHECK_CONSUMER) timestamp=383 ms, used_size=7112704 bytes (17.4%)
(RDMA_READ_CONSUME_CHECK_CONSUMER) timestamp=383 ms, used_size=7110656 bytes (17.4%)
(RDMA_READ_CONSUME_CHECK_CONSUMER) timestamp=383 ms, used_size=7108608 bytes (17.4%)
(RDMA_READ_CONSUME_CHECK_CONSUMER) timestamp=383 ms, used_size=7106560 bytes (17.4%)
(RDMA_READ_CONSUME_CHECK_CONSUMER) timestamp=383 ms, used_size=7104512 bytes (17.3%)
(RDMA_READ_CONSUME_CHECK_CONSUMER) timestamp=383 ms, used_size=7102464 bytes (17.3%)
(RDMA_READ_CONSUME_CHECK_CONSUMER) timestamp=383 ms, used_size=7100416 bytes (17.3%)
(RDMA_READ_CONSUME_CHECK_CONSUMER) timestamp=383 ms, used_size=7098368 bytes (17.3%)
(RDMA_READ_CONSUME_CHECK_CONSUMER) timestamp=383 ms, used_size=7096320 bytes (17.3%)
(RDMA_READ_CONSUME_CHECK_CONSUMER) timestamp=383 ms, used_size=7094272 bytes (17.3%)
(RDMA_READ_CONSUME_CHECK_CONSUMER) timestamp=383 ms, used_size=7092224 bytes (17.3%)
(RDMA_READ_CONSUME_CHECK_CONSUMER) timestamp=383 ms, used_size=7090176 bytes (17.3%)
(RDMA_READ_CONSUME_CHECK_CONSUMER) timestamp=383 ms, used_size=7088128 bytes (17.3%)
(RDMA_READ_CONSUME_CHECK_CONSUMER) timestamp=383 ms, used_size=7086080 bytes (17.3%)
(RDMA_READ_CONSUME_CHECK_CONSUMER) timestamp=383 ms, used_size=7084032 bytes (17.3%)
(RDMA_READ_CONSUME_CHECK_CONSUMER) timestamp=383 ms, used_size=7081984 bytes (17.3%)
(RDMA_READ_CONSUME_CHECK_CONSUMER) timestamp=383 ms, used_size=7079936 bytes (17.3%)
(RDMA_READ_CONSUME_CHECK_CONSUMER) timestamp=383 ms, used_size=7077888 bytes (17.3%)
(RDMA_READ_CONSUME_CHECK_CONSUMER) timestamp=383 ms, used_size=7075840 bytes (17.3%)
(RDMA_READ_CONSUME_CHECK_CONSUMER) timestamp=383 ms, used_size=7073792 bytes (17.3%)
(RDMA_READ_CONSUME_CHECK_CONSUMER) timestamp=383 ms, used_size=7071744 bytes (17.3%)
(RDMA_READ_CONSUME_CHECK_CONSUMER) timestamp=383 ms, used_size=7069696 bytes (17.3%)
(RDMA_READ_CONSUME_CHECK_CONSUMER) timestamp=383 ms, used_size=7067648 bytes (17.3%)
(RDMA_READ_CONSUME_CHECK_CONSUMER) timestamp=383 ms, used_size=7065600 bytes (17.2%)
(RDMA_READ_CONSUME_CHECK_CONSUMER) timestamp=383 ms, used_size=7063552 bytes (17.2%)
(RDMA_READ_CONSUME_CHECK_CONSUMER) timestamp=383 ms, used_size=7061504 bytes (17.2%)
(RDMA_READ_CONSUME_CHECK_CONSUMER) timestamp=383 ms, used_size=7059456 bytes (17.2%)
(RDMA_READ_CONSUME_CHECK_CONSUMER) timestamp=383 ms, used_size=7057408 bytes (17.2%)
(RDMA_READ_CONSUME_CHECK_CONSUMER) timestamp=383 ms, used_size=7055360 bytes (17.2%)
(RDMA_READ_CONSUME_CHECK_CONSUMER) timestamp=383 ms, used_size=7053312 bytes (17.2%)
(RDMA_READ_CONSUME_CHECK_CONSUMER) timestamp=383 ms, used_size=7051264 bytes (17.2%)
(RDMA_READ_CONSUME_CHECK_CONSUMER) timestamp=383 ms, used_size=7049216 bytes (17.2%)
(RDMA_READ_CONSUME_CHECK_CONSUMER) timestamp=383 ms, used_size=7047168 bytes (17.2%)
(RDMA_READ_CONSUME_CHECK_CONSUMER) timestamp=383 ms, used_size=7045120 bytes (17.2%)
(RDMA_READ_CONSUME_CHECK_CONSUMER) timestamp=383 ms, used_size=7043072 bytes (17.2%)
(RDMA_READ_CONSUME_CHECK_CONSUMER) timestamp=383 ms, used_size=7041024 bytes (17.2%)
(RDMA_READ_CONSUME_CHECK_CONSUMER) timestamp=383 ms, used_size=7038976 bytes (17.2%)
(RDMA_READ_CONSUME_CHECK_CONSUMER) timestamp=383 ms, used_size=7036928 bytes (17.2%)
(RDMA_READ_CONSUME_CHECK_CONSUMER) timestamp=383 ms, used_size=7034880 bytes (17.2%)
(RDMA_READ_CONSUME_CHECK_CONSUMER) timestamp=383 ms, used_size=7032832 bytes (17.2%)
(RDMA_READ_CONSUME_CHECK_CONSUMER) timestamp=383 ms, used_size=7030784 bytes (17.2%)
(RDMA_READ_CONSUME_CHECK_CONSUMER) timestamp=383 ms, used_size=7028736 bytes (17.2%)
(RDMA_READ_CONSUME_CHECK_CONSUMER) timestamp=383 ms, used_size=7026688 bytes (17.2%)
(RDMA_READ_CONSUME_CHECK_CONSUMER) timestamp=383 ms, used_size=7024640 bytes (17.1%)
(RDMA_READ_CONSUME_CHECK_CONSUMER) timestamp=383 ms, used_size=7022592 bytes (17.1%)
(RDMA_READ_CONSUME_CHECK_CONSUMER) timestamp=383 ms, used_size=7020544 bytes (17.1%)
(RDMA_READ_CONSUME_CHECK_CONSUMER) timestamp=383 ms, used_size=7018496 bytes (17.1%)
(RDMA_READ_CONSUME_CHECK_CONSUMER) timestamp=383 ms, used_size=7016448 bytes (17.1%)
(RDMA_READ_CONSUME_CHECK_CONSUMER) timestamp=383 ms, used_size=7014400 bytes (17.1%)
(RDMA_READ_CONSUME_CHECK_CONSUMER) timestamp=383 ms, used_size=7012352 bytes (17.1%)
(RDMA_READ_CONSUME_CHECK_CONSUMER) timestamp=383 ms, used_size=7010304 bytes (17.1%)
(RDMA_READ_CONSUME_CHECK_CONSUMER) timestamp=383 ms, used_size=7008256 bytes (17.1%)
(RDMA_READ_CONSUME_CHECK_CONSUMER) timestamp=383 ms, used_size=7006208 bytes (17.1%)
(RDMA_READ_CONSUME_CHECK_CONSUMER) timestamp=383 ms, used_size=7004160 bytes (17.1%)
(RDMA_READ_CONSUME_CHECK_CONSUMER) timestamp=383 ms, used_size=7002112 bytes (17.1%)
(RDMA_READ_CONSUME_CHECK_CONSUMER) timestamp=383 ms, used_size=7000064 bytes (17.1%)
(RDMA_READ_CONSUME_CHECK_CONSUMER) timestamp=383 ms, used_size=6998016 bytes (17.1%)
(RDMA_READ_CONSUME_CHECK_CONSUMER) timestamp=383 ms, used_size=6995968 bytes (17.1%)
(RDMA_READ_CONSUME_CHECK_CONSUMER) timestamp=383 ms, used_size=6993920 bytes (17.1%)
(RDMA_READ_CONSUME_CHECK_CONSUMER) timestamp=383 ms, used_size=6991872 bytes (17.1%)
(RDMA_READ_CONSUME_CHECK_CONSUMER) timestamp=383 ms, used_size=6989824 bytes (17.1%)
(RDMA_READ_CONSUME_CHECK_CONSUMER) timestamp=383 ms, used_size=6987776 bytes (17.1%)
(RDMA_READ_CONSUME_CHECK_CONSUMER) timestamp=383 ms, used_size=6985728 bytes (17.1%)
(RDMA_READ_CONSUME_CHECK_CONSUMER) timestamp=383 ms, used_size=6983680 bytes (17.1%)
(RDMA_READ_CONSUME_CHECK_CONSUMER) timestamp=383 ms, used_size=6981632 bytes (17.0%)
(RDMA_READ_CONSUME_CHECK_CONSUMER) timestamp=383 ms, used_size=6979584 bytes (17.0%)
(RDMA_READ_CONSUME_CHECK_CONSUMER) timestamp=383 ms, used_size=6977536 bytes (17.0%)
(RDMA_READ_CONSUME_CHECK_CONSUMER) timestamp=383 ms, used_size=6975488 bytes (17.0%)
(RDMA_READ_CONSUME_CHECK_CONSUMER) timestamp=383 ms, used_size=6973440 bytes (17.0%)
(RDMA_READ_CONSUME_CHECK_CONSUMER) timestamp=383 ms, used_size=6971392 bytes (17.0%)
(RDMA_READ_CONSUME_CHECK_CONSUMER) timestamp=383 ms, used_size=6969344 bytes (17.0%)
(RDMA_READ_CONSUME_CHECK_CONSUMER) timestamp=383 ms, used_size=6967296 bytes (17.0%)
(RDMA_READ_CONSUME_CHECK_CONSUMER) timestamp=383 ms, used_size=6965248 bytes (17.0%)
(RDMA_READ_CONSUME_CHECK_CONSUMER) timestamp=383 ms, used_size=6963200 bytes (17.0%)
(RDMA_READ_CONSUME_CHECK_CONSUMER) timestamp=383 ms, used_size=6961152 bytes (17.0%)
(RDMA_READ_CONSUME_CHECK_CONSUMER) timestamp=383 ms, used_size=6959104 bytes (17.0%)
(RDMA_READ_CONSUME_CHECK_CONSUMER) timestamp=383 ms, used_size=6957056 bytes (17.0%)
(RDMA_READ_CONSUME_CHECK_CONSUMER) timestamp=383 ms, used_size=6955008 bytes (17.0%)
(RDMA_READ_CONSUME_CHECK_CONSUMER) timestamp=383 ms, used_size=6952960 bytes (17.0%)
(RDMA_READ_CONSUME_CHECK_CONSUMER) timestamp=383 ms, used_size=6950912 bytes (17.0%)
(RDMA_READ_CONSUME_CHECK_CONSUMER) timestamp=383 ms, used_size=6948864 bytes (17.0%)
(RDMA_READ_CONSUME_CHECK_CONSUMER) timestamp=383 ms, used_size=6946816 bytes (17.0%)
(RDMA_READ_CONSUME_CHECK_CONSUMER) timestamp=383 ms, used_size=6944768 bytes (17.0%)
(RDMA_READ_CONSUME_CHECK_CONSUMER) timestamp=383 ms, used_size=6942720 bytes (16.9%)
(RDMA_READ_CONSUME_CHECK_CONSUMER) timestamp=383 ms, used_size=6940672 bytes (16.9%)
(RDMA_READ_CONSUME_CHECK_CONSUMER) timestamp=383 ms, used_size=6938624 bytes (16.9%)
(RDMA_READ_CONSUME_CHECK_CONSUMER) timestamp=383 ms, used_size=6936576 bytes (16.9%)
(RDMA_READ_CONSUME_CHECK_CONSUMER) timestamp=383 ms, used_size=6934528 bytes (16.9%)
(RDMA_READ_CONSUME_CHECK_CONSUMER) timestamp=383 ms, used_size=6932480 bytes (16.9%)
(RDMA_READ_CONSUME_CHECK_CONSUMER) timestamp=383 ms, used_size=6930432 bytes (16.9%)
(RDMA_READ_CONSUME_CHECK_CONSUMER) timestamp=383 ms, used_size=6928384 bytes (16.9%)
(RDMA_READ_CONSUME_CHECK_CONSUMER) timestamp=383 ms, used_size=6926336 bytes (16.9%)
(RDMA_READ_CONSUME_CHECK_CONSUMER) timestamp=383 ms, used_size=6924288 bytes (16.9%)
(RDMA_READ_CONSUME_CHECK_CONSUMER) timestamp=383 ms, used_size=6922240 bytes (16.9%)
(RDMA_READ_CONSUME_CHECK_CONSUMER) timestamp=383 ms, used_size=6920192 bytes (16.9%)
(RDMA_READ_CONSUME_CHECK_CONSUMER) timestamp=383 ms, used_size=6918144 bytes (16.9%)
(RDMA_READ_CONSUME_CHECK_CONSUMER) timestamp=383 ms, used_size=6916096 bytes (16.9%)
(RDMA_READ_CONSUME_CHECK_CONSUMER) timestamp=383 ms, used_size=6914048 bytes (16.9%)
(RDMA_READ_CONSUME_CHECK_CONSUMER) timestamp=383 ms, used_size=6912000 bytes (16.9%)
(RDMA_READ_CONSUME_CHECK_CONSUMER) timestamp=383 ms, used_size=6909952 bytes (16.9%)
(RDMA_READ_CONSUME_CHECK_CONSUMER) timestamp=383 ms, used_size=6907904 bytes (16.9%)
(RDMA_READ_CONSUME_CHECK_CONSUMER) timestamp=383 ms, used_size=6905856 bytes (16.9%)
(RDMA_READ_CONSUME_CHECK_CONSUMER) timestamp=383 ms, used_size=6903808 bytes (16.9%)
(RDMA_READ_CONSUME_CHECK_CONSUMER) timestamp=383 ms, used_size=6901760 bytes (16.9%)
(RDMA_READ_CONSUME_CHECK_CONSUMER) timestamp=383 ms, used_size=6899712 bytes (16.8%)
(RDMA_READ_CONSUME_CHECK_CONSUMER) timestamp=383 ms, used_size=6897664 bytes (16.8%)
(RDMA_READ_CONSUME_CHECK_CONSUMER) timestamp=383 ms, used_size=6895616 bytes (16.8%)
(RDMA_READ_CONSUME_CHECK_CONSUMER) timestamp=383 ms, used_size=6893568 bytes (16.8%)
(RDMA_READ_CONSUME_CHECK_CONSUMER) timestamp=383 ms, used_size=6891520 bytes (16.8%)
(RDMA_READ_CONSUME_CHECK_CONSUMER) timestamp=383 ms, used_size=6889472 bytes (16.8%)
(RDMA_READ_CONSUME_CHECK_CONSUMER) timestamp=383 ms, used_size=6887424 bytes (16.8%)
(RDMA_READ_CONSUME_CHECK_CONSUMER) timestamp=383 ms, used_size=6885376 bytes (16.8%)
(RDMA_READ_CONSUME_CHECK_CONSUMER) timestamp=383 ms, used_size=6883328 bytes (16.8%)
(RDMA_READ_CONSUME_CHECK_CONSUMER) timestamp=383 ms, used_size=6881280 bytes (16.8%)
(RDMA_READ_CONSUME_CHECK_CONSUMER) timestamp=383 ms, used_size=6879232 bytes (16.8%)
(RDMA_READ_CONSUME_CHECK_CONSUMER) timestamp=384 ms, used_size=6877184 bytes (16.8%)
(RDMA_READ_CONSUME_CHECK_CONSUMER) timestamp=384 ms, used_size=6875136 bytes (16.8%)
(RDMA_READ_CONSUME_CHECK_CONSUMER) timestamp=384 ms, used_size=6873088 bytes (16.8%)
(RDMA_READ_CONSUME_CHECK_CONSUMER) timestamp=384 ms, used_size=6871040 bytes (16.8%)
(RDMA_READ_CONSUME_CHECK_CONSUMER) timestamp=384 ms, used_size=6868992 bytes (16.8%)
(RDMA_READ_CONSUME_CHECK_CONSUMER) timestamp=384 ms, used_size=6866944 bytes (16.8%)
(RDMA_READ_CONSUME_CHECK_CONSUMER) timestamp=384 ms, used_size=6864896 bytes (16.8%)
(RDMA_READ_CONSUME_CHECK_CONSUMER) timestamp=384 ms, used_size=6862848 bytes (16.8%)
(RDMA_READ_CONSUME_CHECK_CONSUMER) timestamp=384 ms, used_size=6860800 bytes (16.8%)
(RDMA_READ_CONSUME_CHECK_CONSUMER) timestamp=384 ms, used_size=6858752 bytes (16.7%)
(RDMA_READ_CONSUME_CHECK_CONSUMER) timestamp=384 ms, used_size=6856704 bytes (16.7%)
(RDMA_READ_CONSUME_CHECK_CONSUMER) timestamp=384 ms, used_size=6854656 bytes (16.7%)
(RDMA_READ_CONSUME_CHECK_CONSUMER) timestamp=384 ms, used_size=6852608 bytes (16.7%)
(RDMA_READ_CONSUME_CHECK_CONSUMER) timestamp=384 ms, used_size=6850560 bytes (16.7%)
(RDMA_READ_CONSUME_CHECK_CONSUMER) timestamp=384 ms, used_size=6848512 bytes (16.7%)
(RDMA_READ_CONSUME_CHECK_CONSUMER) timestamp=384 ms, used_size=6846464 bytes (16.7%)
(RDMA_READ_CONSUME_CHECK_CONSUMER) timestamp=384 ms, used_size=6844416 bytes (16.7%)
(RDMA_READ_CONSUME_CHECK_CONSUMER) timestamp=384 ms, used_size=6842368 bytes (16.7%)
(RDMA_READ_CONSUME_CHECK_CONSUMER) timestamp=384 ms, used_size=6840320 bytes (16.7%)
(RDMA_READ_CONSUME_CHECK_CONSUMER) timestamp=384 ms, used_size=6838272 bytes (16.7%)
(RDMA_READ_CONSUME_CHECK_CONSUMER) timestamp=384 ms, used_size=6836224 bytes (16.7%)
(RDMA_READ_CONSUME_CHECK_CONSUMER) timestamp=384 ms, used_size=6834176 bytes (16.7%)
(RDMA_READ_CONSUME_CHECK_CONSUMER) timestamp=384 ms, used_size=6832128 bytes (16.7%)
(RDMA_READ_CONSUME_CHECK_CONSUMER) timestamp=384 ms, used_size=6830080 bytes (16.7%)
(RDMA_READ_CONSUME_CHECK_CONSUMER) timestamp=384 ms, used_size=6828032 bytes (16.7%)
(RDMA_READ_CONSUME_CHECK_CONSUMER) timestamp=384 ms, used_size=6825984 bytes (16.7%)
(RDMA_READ_CONSUME_CHECK_CONSUMER) timestamp=384 ms, used_size=6823936 bytes (16.7%)
(RDMA_READ_CONSUME_CHECK_CONSUMER) timestamp=384 ms, used_size=6821888 bytes (16.7%)
(RDMA_READ_CONSUME_CHECK_CONSUMER) timestamp=384 ms, used_size=6819840 bytes (16.6%)
(RDMA_READ_CONSUME_CHECK_CONSUMER) timestamp=384 ms, used_size=6817792 bytes (16.6%)
(RDMA_READ_CONSUME_CHECK_CONSUMER) timestamp=384 ms, used_size=6815744 bytes (16.6%)
(RDMA_READ_CONSUME_CHECK_CONSUMER) timestamp=384 ms, used_size=6813696 bytes (16.6%)
(RDMA_READ_CONSUME_CHECK_CONSUMER) timestamp=384 ms, used_size=6811648 bytes (16.6%)
(RDMA_READ_CONSUME_CHECK_CONSUMER) timestamp=384 ms, used_size=6809600 bytes (16.6%)
(RDMA_READ_CONSUME_CHECK_CONSUMER) timestamp=384 ms, used_size=6807552 bytes (16.6%)
(RDMA_READ_CONSUME_CHECK_CONSUMER) timestamp=384 ms, used_size=6805504 bytes (16.6%)
(RDMA_READ_CONSUME_CHECK_CONSUMER) timestamp=384 ms, used_size=6803456 bytes (16.6%)
(RDMA_READ_CONSUME_CHECK_CONSUMER) timestamp=384 ms, used_size=6801408 bytes (16.6%)
(RDMA_READ_CONSUME_CHECK_CONSUMER) timestamp=384 ms, used_size=6799360 bytes (16.6%)
(RDMA_READ_CONSUME_CHECK_CONSUMER) timestamp=384 ms, used_size=6797312 bytes (16.6%)
(RDMA_READ_CONSUME_CHECK_CONSUMER) timestamp=384 ms, used_size=6795264 bytes (16.6%)
(RDMA_READ_CONSUME_CHECK_CONSUMER) timestamp=384 ms, used_size=6793216 bytes (16.6%)
(RDMA_READ_CONSUME_CHECK_CONSUMER) timestamp=384 ms, used_size=6791168 bytes (16.6%)
(RDMA_READ_CONSUME_CHECK_CONSUMER) timestamp=384 ms, used_size=6789120 bytes (16.6%)
(RDMA_READ_CONSUME_CHECK_CONSUMER) timestamp=384 ms, used_size=6787072 bytes (16.6%)
(RDMA_READ_CONSUME_CHECK_CONSUMER) timestamp=384 ms, used_size=6785024 bytes (16.6%)
(RDMA_READ_CONSUME_CHECK_CONSUMER) timestamp=384 ms, used_size=6782976 bytes (16.6%)
(RDMA_READ_CONSUME_CHECK_CONSUMER) timestamp=384 ms, used_size=6780928 bytes (16.6%)
(RDMA_READ_CONSUME_CHECK_CONSUMER) timestamp=384 ms, used_size=6778880 bytes (16.6%)
(RDMA_READ_CONSUME_CHECK_CONSUMER) timestamp=384 ms, used_size=6776832 bytes (16.5%)
(RDMA_READ_CONSUME_CHECK_CONSUMER) timestamp=384 ms, used_size=6774784 bytes (16.5%)
(RDMA_READ_CONSUME_CHECK_CONSUMER) timestamp=384 ms, used_size=6772736 bytes (16.5%)
(RDMA_READ_CONSUME_CHECK_CONSUMER) timestamp=384 ms, used_size=6770688 bytes (16.5%)
(RDMA_READ_CONSUME_CHECK_CONSUMER) timestamp=384 ms, used_size=6768640 bytes (16.5%)
(RDMA_READ_CONSUME_CHECK_CONSUMER) timestamp=384 ms, used_size=6766592 bytes (16.5%)
(RDMA_READ_CONSUME_CHECK_CONSUMER) timestamp=384 ms, used_size=6764544 bytes (16.5%)
(RDMA_READ_CONSUME_CHECK_CONSUMER) timestamp=384 ms, used_size=6762496 bytes (16.5%)
(RDMA_READ_CONSUME_CHECK_CONSUMER) timestamp=384 ms, used_size=6760448 bytes (16.5%)
(RDMA_READ_CONSUME_CHECK_CONSUMER) timestamp=384 ms, used_size=6758400 bytes (16.5%)
(RDMA_READ_CONSUME_CHECK_CONSUMER) timestamp=384 ms, used_size=6756352 bytes (16.5%)
(RDMA_READ_CONSUME_CHECK_CONSUMER) timestamp=384 ms, used_size=6754304 bytes (16.5%)
(RDMA_READ_CONSUME_CHECK_CONSUMER) timestamp=384 ms, used_size=6752256 bytes (16.5%)
(RDMA_READ_CONSUME_CHECK_CONSUMER) timestamp=384 ms, used_size=6750208 bytes (16.5%)
(RDMA_READ_CONSUME_CHECK_CONSUMER) timestamp=384 ms, used_size=6748160 bytes (16.5%)
(RDMA_READ_CONSUME_CHECK_CONSUMER) timestamp=384 ms, used_size=6746112 bytes (16.5%)
(RDMA_READ_CONSUME_CHECK_CONSUMER) timestamp=384 ms, used_size=6744064 bytes (16.5%)
(RDMA_READ_CONSUME_CHECK_CONSUMER) timestamp=384 ms, used_size=6742016 bytes (16.5%)
(RDMA_READ_CONSUME_CHECK_CONSUMER) timestamp=384 ms, used_size=6739968 bytes (16.5%)
(RDMA_READ_CONSUME_CHECK_CONSUMER) timestamp=384 ms, used_size=6737920 bytes (16.4%)
(RDMA_READ_CONSUME_CHECK_CONSUMER) timestamp=384 ms, used_size=6735872 bytes (16.4%)
(RDMA_READ_CONSUME_CHECK_CONSUMER) timestamp=384 ms, used_size=6733824 bytes (16.4%)
(RDMA_READ_CONSUME_CHECK_CONSUMER) timestamp=384 ms, used_size=6731776 bytes (16.4%)
(RDMA_READ_CONSUME_CHECK_CONSUMER) timestamp=384 ms, used_size=6729728 bytes (16.4%)
(RDMA_READ_CONSUME_CHECK_CONSUMER) timestamp=384 ms, used_size=6727680 bytes (16.4%)
(RDMA_READ_CONSUME_CHECK_CONSUMER) timestamp=384 ms, used_size=6725632 bytes (16.4%)
(RDMA_READ_CONSUME_CHECK_CONSUMER) timestamp=384 ms, used_size=6723584 bytes (16.4%)
(RDMA_READ_CONSUME_CHECK_CONSUMER) timestamp=384 ms, used_size=6721536 bytes (16.4%)
(RDMA_READ_CONSUME_CHECK_CONSUMER) timestamp=384 ms, used_size=6719488 bytes (16.4%)
(RDMA_READ_CONSUME_CHECK_CONSUMER) timestamp=384 ms, used_size=6717440 bytes (16.4%)
(RDMA_READ_CONSUME_CHECK_CONSUMER) timestamp=384 ms, used_size=6715392 bytes (16.4%)
(RDMA_READ_CONSUME_CHECK_CONSUMER) timestamp=384 ms, used_size=6713344 bytes (16.4%)
(RDMA_READ_CONSUME_CHECK_CONSUMER) timestamp=384 ms, used_size=6711296 bytes (16.4%)
(RDMA_READ_CONSUME_CHECK_CONSUMER) timestamp=384 ms, used_size=6709248 bytes (16.4%)
(RDMA_READ_CONSUME_CHECK_CONSUMER) timestamp=384 ms, used_size=6707200 bytes (16.4%)
(RDMA_READ_CONSUME_CHECK_CONSUMER) timestamp=384 ms, used_size=6705152 bytes (16.4%)
(RDMA_READ_CONSUME_CHECK_CONSUMER) timestamp=384 ms, used_size=6703104 bytes (16.4%)
(RDMA_READ_CONSUME_CHECK_CONSUMER) timestamp=384 ms, used_size=6701056 bytes (16.4%)
(RDMA_READ_CONSUME_CHECK_CONSUMER) timestamp=384 ms, used_size=6699008 bytes (16.4%)
(RDMA_READ_CONSUME_CHECK_CONSUMER) timestamp=384 ms, used_size=6696960 bytes (16.4%)
(RDMA_READ_CONSUME_CHECK_CONSUMER) timestamp=384 ms, used_size=6694912 bytes (16.3%)
(RDMA_READ_CONSUME_CHECK_CONSUMER) timestamp=384 ms, used_size=6692864 bytes (16.3%)
(RDMA_READ_CONSUME_CHECK_CONSUMER) timestamp=384 ms, used_size=6690816 bytes (16.3%)
(RDMA_READ_CONSUME_CHECK_CONSUMER) timestamp=384 ms, used_size=6688768 bytes (16.3%)
(RDMA_READ_CONSUME_CHECK_CONSUMER) timestamp=384 ms, used_size=6686720 bytes (16.3%)
(RDMA_READ_CONSUME_CHECK_CONSUMER) timestamp=384 ms, used_size=6684672 bytes (16.3%)
(RDMA_READ_CONSUME_CHECK_CONSUMER) timestamp=384 ms, used_size=6682624 bytes (16.3%)
(RDMA_READ_CONSUME_CHECK_CONSUMER) timestamp=384 ms, used_size=6680576 bytes (16.3%)
(RDMA_READ_CONSUME_CHECK_CONSUMER) timestamp=384 ms, used_size=6678528 bytes (16.3%)
(RDMA_READ_CONSUME_CHECK_CONSUMER) timestamp=384 ms, used_size=6676480 bytes (16.3%)
(RDMA_READ_CONSUME_CHECK_CONSUMER) timestamp=384 ms, used_size=6674432 bytes (16.3%)
(RDMA_READ_CONSUME_CHECK_CONSUMER) timestamp=384 ms, used_size=6672384 bytes (16.3%)
(RDMA_READ_CONSUME_CHECK_CONSUMER) timestamp=384 ms, used_size=6670336 bytes (16.3%)
(RDMA_READ_CONSUME_CHECK_CONSUMER) timestamp=384 ms, used_size=6668288 bytes (16.3%)
(RDMA_READ_CONSUME_CHECK_CONSUMER) timestamp=384 ms, used_size=6666240 bytes (16.3%)
(RDMA_READ_CONSUME_CHECK_CONSUMER) timestamp=384 ms, used_size=6664192 bytes (16.3%)
(RDMA_READ_CONSUME_CHECK_CONSUMER) timestamp=384 ms, used_size=6662144 bytes (16.3%)
(RDMA_READ_CONSUME_CHECK_CONSUMER) timestamp=384 ms, used_size=6660096 bytes (16.3%)
(RDMA_READ_CONSUME_CHECK_CONSUMER) timestamp=384 ms, used_size=6658048 bytes (16.3%)
(RDMA_READ_CONSUME_CHECK_CONSUMER) timestamp=384 ms, used_size=6656000 bytes (16.2%)
(RDMA_READ_CONSUME_CHECK_CONSUMER) timestamp=384 ms, used_size=6653952 bytes (16.2%)
(RDMA_READ_CONSUME_CHECK_CONSUMER) timestamp=384 ms, used_size=6651904 bytes (16.2%)
(RDMA_READ_CONSUME_CHECK_CONSUMER) timestamp=384 ms, used_size=6649856 bytes (16.2%)
(RDMA_READ_CONSUME_CHECK_CONSUMER) timestamp=384 ms, used_size=6647808 bytes (16.2%)
(RDMA_READ_CONSUME_CHECK_CONSUMER) timestamp=384 ms, used_size=6645760 bytes (16.2%)
(RDMA_READ_CONSUME_CHECK_CONSUMER) timestamp=384 ms, used_size=6643712 bytes (16.2%)
(RDMA_READ_CONSUME_CHECK_CONSUMER) timestamp=384 ms, used_size=6641664 bytes (16.2%)
(RDMA_READ_CONSUME_CHECK_CONSUMER) timestamp=384 ms, used_size=6639616 bytes (16.2%)
(RDMA_READ_CONSUME_CHECK_CONSUMER) timestamp=384 ms, used_size=6637568 bytes (16.2%)
(RDMA_READ_CONSUME_CHECK_CONSUMER) timestamp=384 ms, used_size=6635520 bytes (16.2%)
(RDMA_READ_CONSUME_CHECK_CONSUMER) timestamp=384 ms, used_size=6633472 bytes (16.2%)
(RDMA_READ_CONSUME_CHECK_CONSUMER) timestamp=384 ms, used_size=6631424 bytes (16.2%)
(RDMA_READ_CONSUME_CHECK_CONSUMER) timestamp=384 ms, used_size=6629376 bytes (16.2%)
(RDMA_READ_CONSUME_CHECK_CONSUMER) timestamp=384 ms, used_size=6627328 bytes (16.2%)
(RDMA_READ_CONSUME_CHECK_CONSUMER) timestamp=384 ms, used_size=6625280 bytes (16.2%)
(RDMA_READ_CONSUME_CHECK_CONSUMER) timestamp=384 ms, used_size=6623232 bytes (16.2%)
(RDMA_READ_CONSUME_CHECK_CONSUMER) timestamp=384 ms, used_size=6621184 bytes (16.2%)
(RDMA_READ_CONSUME_CHECK_CONSUMER) timestamp=384 ms, used_size=6619136 bytes (16.2%)
(RDMA_READ_CONSUME_CHECK_CONSUMER) timestamp=384 ms, used_size=6617088 bytes (16.2%)
(RDMA_READ_CONSUME_CHECK_CONSUMER) timestamp=384 ms, used_size=6615040 bytes (16.1%)
(RDMA_READ_CONSUME_CHECK_CONSUMER) timestamp=384 ms, used_size=6612992 bytes (16.1%)
(RDMA_READ_CONSUME_CHECK_CONSUMER) timestamp=384 ms, used_size=6610944 bytes (16.1%)
(RDMA_READ_CONSUME_CHECK_CONSUMER) timestamp=384 ms, used_size=6608896 bytes (16.1%)
(RDMA_READ_CONSUME_CHECK_CONSUMER) timestamp=384 ms, used_size=6606848 bytes (16.1%)
(RDMA_READ_CONSUME_CHECK_CONSUMER) timestamp=384 ms, used_size=6604800 bytes (16.1%)
(RDMA_READ_CONSUME_CHECK_CONSUMER) timestamp=384 ms, used_size=6602752 bytes (16.1%)
(RDMA_READ_CONSUME_CHECK_CONSUMER) timestamp=384 ms, used_size=6600704 bytes (16.1%)
(RDMA_READ_CONSUME_CHECK_CONSUMER) timestamp=384 ms, used_size=6598656 bytes (16.1%)
(RDMA_READ_CONSUME_CHECK_CONSUMER) timestamp=384 ms, used_size=6596608 bytes (16.1%)
(RDMA_READ_CONSUME_CHECK_CONSUMER) timestamp=384 ms, used_size=6594560 bytes (16.1%)
(RDMA_READ_CONSUME_CHECK_CONSUMER) timestamp=384 ms, used_size=6592512 bytes (16.1%)
(RDMA_READ_CONSUME_CHECK_CONSUMER) timestamp=384 ms, used_size=6590464 bytes (16.1%)
(RDMA_READ_CONSUME_CHECK_CONSUMER) timestamp=384 ms, used_size=6588416 bytes (16.1%)
(RDMA_READ_CONSUME_CHECK_CONSUMER) timestamp=384 ms, used_size=6586368 bytes (16.1%)
(RDMA_READ_CONSUME_CHECK_CONSUMER) timestamp=384 ms, used_size=6584320 bytes (16.1%)
(RDMA_READ_CONSUME_CHECK_CONSUMER) timestamp=384 ms, used_size=6582272 bytes (16.1%)
(RDMA_READ_CONSUME_CHECK_CONSUMER) timestamp=384 ms, used_size=6580224 bytes (16.1%)
(RDMA_READ_CONSUME_CHECK_CONSUMER) timestamp=384 ms, used_size=6578176 bytes (16.1%)
(RDMA_READ_CONSUME_CHECK_CONSUMER) timestamp=384 ms, used_size=6576128 bytes (16.1%)
(RDMA_READ_CONSUME_CHECK_CONSUMER) timestamp=384 ms, used_size=6574080 bytes (16.1%)
(RDMA_READ_CONSUME_CHECK_CONSUMER) timestamp=384 ms, used_size=6572032 bytes (16.0%)
(RDMA_READ_CONSUME_CHECK_CONSUMER) timestamp=384 ms, used_size=6569984 bytes (16.0%)
(RDMA_READ_CONSUME_CHECK_CONSUMER) timestamp=384 ms, used_size=6567936 bytes (16.0%)
(RDMA_READ_CONSUME_CHECK_CONSUMER) timestamp=384 ms, used_size=6565888 bytes (16.0%)
(RDMA_READ_CONSUME_CHECK_CONSUMER) timestamp=384 ms, used_size=6563840 bytes (16.0%)
(RDMA_READ_CONSUME_CHECK_CONSUMER) timestamp=384 ms, used_size=6561792 bytes (16.0%)
(RDMA_READ_CONSUME_CHECK_CONSUMER) timestamp=384 ms, used_size=6559744 bytes (16.0%)
(RDMA_READ_CONSUME_CHECK_CONSUMER) timestamp=384 ms, used_size=6557696 bytes (16.0%)
(RDMA_READ_CONSUME_CHECK_CONSUMER) timestamp=384 ms, used_size=6555648 bytes (16.0%)
(RDMA_READ_CONSUME_CHECK_CONSUMER) timestamp=384 ms, used_size=6553600 bytes (16.0%)
(RDMA_READ_CONSUME_CHECK_CONSUMER) timestamp=384 ms, used_size=6551552 bytes (16.0%)
(RDMA_READ_CONSUME_CHECK_CONSUMER) timestamp=384 ms, used_size=6549504 bytes (16.0%)
(RDMA_READ_CONSUME_CHECK_CONSUMER) timestamp=384 ms, used_size=6547456 bytes (16.0%)
(RDMA_READ_CONSUME_CHECK_CONSUMER) timestamp=384 ms, used_size=6545408 bytes (16.0%)
(RDMA_READ_CONSUME_CHECK_CONSUMER) timestamp=384 ms, used_size=6543360 bytes (16.0%)
(RDMA_READ_CONSUME_CHECK_CONSUMER) timestamp=384 ms, used_size=6541312 bytes (16.0%)
(RDMA_READ_CONSUME_CHECK_CONSUMER) timestamp=384 ms, used_size=6539264 bytes (16.0%)
(RDMA_READ_CONSUME_CHECK_CONSUMER) timestamp=384 ms, used_size=6537216 bytes (16.0%)
(RDMA_READ_CONSUME_CHECK_CONSUMER) timestamp=384 ms, used_size=6535168 bytes (16.0%)
(RDMA_READ_CONSUME_CHECK_CONSUMER) timestamp=384 ms, used_size=6533120 bytes (15.9%)
(RDMA_READ_CONSUME_CHECK_CONSUMER) timestamp=384 ms, used_size=6531072 bytes (15.9%)
(RDMA_READ_CONSUME_CHECK_CONSUMER) timestamp=384 ms, used_size=6529024 bytes (15.9%)
(RDMA_READ_CONSUME_CHECK_CONSUMER) timestamp=384 ms, used_size=6526976 bytes (15.9%)
(RDMA_READ_CONSUME_CHECK_CONSUMER) timestamp=384 ms, used_size=6524928 bytes (15.9%)
(RDMA_READ_CONSUME_CHECK_CONSUMER) timestamp=384 ms, used_size=6522880 bytes (15.9%)
(RDMA_READ_CONSUME_CHECK_CONSUMER) timestamp=384 ms, used_size=6520832 bytes (15.9%)
(RDMA_READ_CONSUME_CHECK_CONSUMER) timestamp=384 ms, used_size=6518784 bytes (15.9%)
(RDMA_READ_CONSUME_CHECK_CONSUMER) timestamp=384 ms, used_size=6516736 bytes (15.9%)
(RDMA_READ_CONSUME_CHECK_CONSUMER) timestamp=384 ms, used_size=6514688 bytes (15.9%)
(RDMA_READ_CONSUME_CHECK_CONSUMER) timestamp=384 ms, used_size=6512640 bytes (15.9%)
(RDMA_READ_CONSUME_CHECK_CONSUMER) timestamp=384 ms, used_size=6510592 bytes (15.9%)
(RDMA_READ_CONSUME_CHECK_CONSUMER) timestamp=384 ms, used_size=6508544 bytes (15.9%)
(RDMA_READ_CONSUME_CHECK_CONSUMER) timestamp=384 ms, used_size=6506496 bytes (15.9%)
(RDMA_READ_CONSUME_CHECK_CONSUMER) timestamp=385 ms, used_size=6504448 bytes (15.9%)
(RDMA_READ_CONSUME_CHECK_CONSUMER) timestamp=385 ms, used_size=6502400 bytes (15.9%)
(RDMA_READ_CONSUME_CHECK_CONSUMER) timestamp=385 ms, used_size=6500352 bytes (15.9%)
(RDMA_READ_CONSUME_CHECK_CONSUMER) timestamp=385 ms, used_size=6498304 bytes (15.9%)
(RDMA_READ_CONSUME_CHECK_CONSUMER) timestamp=385 ms, used_size=6496256 bytes (15.9%)
(RDMA_READ_CONSUME_CHECK_CONSUMER) timestamp=385 ms, used_size=6494208 bytes (15.9%)
(RDMA_READ_CONSUME_CHECK_CONSUMER) timestamp=385 ms, used_size=6492160 bytes (15.8%)
(RDMA_READ_CONSUME_CHECK_CONSUMER) timestamp=385 ms, used_size=6490112 bytes (15.8%)
(RDMA_READ_CONSUME_CHECK_CONSUMER) timestamp=385 ms, used_size=6488064 bytes (15.8%)
(RDMA_READ_CONSUME_CHECK_CONSUMER) timestamp=385 ms, used_size=6486016 bytes (15.8%)
(RDMA_READ_CONSUME_CHECK_CONSUMER) timestamp=385 ms, used_size=6483968 bytes (15.8%)
(RDMA_READ_CONSUME_CHECK_CONSUMER) timestamp=385 ms, used_size=6481920 bytes (15.8%)
(RDMA_READ_CONSUME_CHECK_CONSUMER) timestamp=385 ms, used_size=6479872 bytes (15.8%)
(RDMA_READ_CONSUME_CHECK_CONSUMER) timestamp=385 ms, used_size=6477824 bytes (15.8%)
(RDMA_READ_CONSUME_CHECK_CONSUMER) timestamp=385 ms, used_size=6475776 bytes (15.8%)
(RDMA_READ_CONSUME_CHECK_CONSUMER) timestamp=385 ms, used_size=6473728 bytes (15.8%)
(RDMA_READ_CONSUME_CHECK_CONSUMER) timestamp=385 ms, used_size=6471680 bytes (15.8%)
(RDMA_READ_CONSUME_CHECK_CONSUMER) timestamp=385 ms, used_size=6469632 bytes (15.8%)
(RDMA_READ_CONSUME_CHECK_CONSUMER) timestamp=385 ms, used_size=6467584 bytes (15.8%)
(RDMA_READ_CONSUME_CHECK_CONSUMER) timestamp=385 ms, used_size=6465536 bytes (15.8%)
(RDMA_READ_CONSUME_CHECK_CONSUMER) timestamp=385 ms, used_size=6463488 bytes (15.8%)
(RDMA_READ_CONSUME_CHECK_CONSUMER) timestamp=385 ms, used_size=6461440 bytes (15.8%)
(RDMA_READ_CONSUME_CHECK_CONSUMER) timestamp=385 ms, used_size=6459392 bytes (15.8%)
(RDMA_READ_CONSUME_CHECK_CONSUMER) timestamp=385 ms, used_size=6457344 bytes (15.8%)
(RDMA_READ_CONSUME_CHECK_CONSUMER) timestamp=385 ms, used_size=6455296 bytes (15.8%)
(RDMA_READ_CONSUME_CHECK_CONSUMER) timestamp=385 ms, used_size=6453248 bytes (15.8%)
(RDMA_READ_CONSUME_CHECK_CONSUMER) timestamp=385 ms, used_size=6451200 bytes (15.8%)
(RDMA_READ_CONSUME_CHECK_CONSUMER) timestamp=385 ms, used_size=6449152 bytes (15.7%)
(RDMA_READ_CONSUME_CHECK_CONSUMER) timestamp=385 ms, used_size=6447104 bytes (15.7%)
(RDMA_READ_CONSUME_CHECK_CONSUMER) timestamp=385 ms, used_size=6445056 bytes (15.7%)
(RDMA_READ_CONSUME_CHECK_CONSUMER) timestamp=385 ms, used_size=6443008 bytes (15.7%)
(RDMA_READ_CONSUME_CHECK_CONSUMER) timestamp=385 ms, used_size=6440960 bytes (15.7%)
(RDMA_READ_CONSUME_CHECK_CONSUMER) timestamp=385 ms, used_size=6438912 bytes (15.7%)
(RDMA_READ_CONSUME_CHECK_CONSUMER) timestamp=385 ms, used_size=6436864 bytes (15.7%)
(RDMA_READ_CONSUME_CHECK_CONSUMER) timestamp=385 ms, used_size=6434816 bytes (15.7%)
(RDMA_READ_CONSUME_CHECK_CONSUMER) timestamp=385 ms, used_size=6432768 bytes (15.7%)
(RDMA_READ_CONSUME_CHECK_CONSUMER) timestamp=385 ms, used_size=6430720 bytes (15.7%)
(RDMA_READ_CONSUME_CHECK_CONSUMER) timestamp=385 ms, used_size=6428672 bytes (15.7%)
(RDMA_READ_CONSUME_CHECK_CONSUMER) timestamp=385 ms, used_size=6426624 bytes (15.7%)
(RDMA_READ_CONSUME_CHECK_CONSUMER) timestamp=385 ms, used_size=6424576 bytes (15.7%)
(RDMA_READ_CONSUME_CHECK_CONSUMER) timestamp=385 ms, used_size=6422528 bytes (15.7%)
(RDMA_READ_CONSUME_CHECK_CONSUMER) timestamp=385 ms, used_size=6420480 bytes (15.7%)
(RDMA_READ_CONSUME_CHECK_CONSUMER) timestamp=385 ms, used_size=6418432 bytes (15.7%)
(RDMA_READ_CONSUME_CHECK_CONSUMER) timestamp=385 ms, used_size=6416384 bytes (15.7%)
(RDMA_READ_CONSUME_CHECK_CONSUMER) timestamp=385 ms, used_size=6414336 bytes (15.7%)
(RDMA_READ_CONSUME_CHECK_CONSUMER) timestamp=385 ms, used_size=6412288 bytes (15.7%)
(RDMA_READ_CONSUME_CHECK_CONSUMER) timestamp=385 ms, used_size=6410240 bytes (15.7%)
(RDMA_READ_CONSUME_CHECK_CONSUMER) timestamp=385 ms, used_size=6408192 bytes (15.6%)
(RDMA_READ_CONSUME_CHECK_CONSUMER) timestamp=385 ms, used_size=6406144 bytes (15.6%)
(RDMA_READ_CONSUME_CHECK_CONSUMER) timestamp=385 ms, used_size=6404096 bytes (15.6%)
(RDMA_READ_CONSUME_CHECK_CONSUMER) timestamp=385 ms, used_size=6402048 bytes (15.6%)
(RDMA_READ_CONSUME_CHECK_CONSUMER) timestamp=385 ms, used_size=6400000 bytes (15.6%)
(RDMA_READ_CONSUME_CHECK_CONSUMER) timestamp=385 ms, used_size=6397952 bytes (15.6%)
(RDMA_READ_CONSUME_CHECK_CONSUMER) timestamp=385 ms, used_size=6395904 bytes (15.6%)
(RDMA_READ_CONSUME_CHECK_CONSUMER) timestamp=385 ms, used_size=6393856 bytes (15.6%)
(RDMA_READ_CONSUME_CHECK_CONSUMER) timestamp=385 ms, used_size=6391808 bytes (15.6%)
(RDMA_READ_CONSUME_CHECK_CONSUMER) timestamp=385 ms, used_size=6389760 bytes (15.6%)
(RDMA_READ_CONSUME_CHECK_CONSUMER) timestamp=385 ms, used_size=6387712 bytes (15.6%)
(RDMA_READ_CONSUME_CHECK_CONSUMER) timestamp=385 ms, used_size=6385664 bytes (15.6%)
(RDMA_READ_CONSUME_CHECK_CONSUMER) timestamp=385 ms, used_size=6383616 bytes (15.6%)
(RDMA_READ_CONSUME_CHECK_CONSUMER) timestamp=385 ms, used_size=6381568 bytes (15.6%)
(RDMA_READ_CONSUME_CHECK_CONSUMER) timestamp=385 ms, used_size=6379520 bytes (15.6%)
(RDMA_READ_CONSUME_CHECK_CONSUMER) timestamp=385 ms, used_size=6377472 bytes (15.6%)
(RDMA_READ_CONSUME_CHECK_CONSUMER) timestamp=385 ms, used_size=6375424 bytes (15.6%)
(RDMA_READ_CONSUME_CHECK_CONSUMER) timestamp=385 ms, used_size=6373376 bytes (15.6%)
(RDMA_READ_CONSUME_CHECK_CONSUMER) timestamp=385 ms, used_size=6371328 bytes (15.6%)
(RDMA_READ_CONSUME_CHECK_CONSUMER) timestamp=385 ms, used_size=6369280 bytes (15.6%)
(RDMA_READ_CONSUME_CHECK_CONSUMER) timestamp=385 ms, used_size=6367232 bytes (15.5%)
(RDMA_READ_CONSUME_CHECK_CONSUMER) timestamp=385 ms, used_size=6365184 bytes (15.5%)
(RDMA_READ_CONSUME_CHECK_CONSUMER) timestamp=385 ms, used_size=6363136 bytes (15.5%)
(RDMA_READ_CONSUME_CHECK_CONSUMER) timestamp=385 ms, used_size=6361088 bytes (15.5%)
(RDMA_READ_CONSUME_CHECK_CONSUMER) timestamp=385 ms, used_size=6359040 bytes (15.5%)
(RDMA_READ_CONSUME_CHECK_CONSUMER) timestamp=385 ms, used_size=6356992 bytes (15.5%)
(RDMA_READ_CONSUME_CHECK_CONSUMER) timestamp=385 ms, used_size=6354944 bytes (15.5%)
(RDMA_READ_CONSUME_CHECK_CONSUMER) timestamp=385 ms, used_size=6352896 bytes (15.5%)
(RDMA_READ_CONSUME_CHECK_CONSUMER) timestamp=385 ms, used_size=6350848 bytes (15.5%)
(RDMA_READ_CONSUME_CHECK_CONSUMER) timestamp=385 ms, used_size=6348800 bytes (15.5%)
(RDMA_READ_CONSUME_CHECK_CONSUMER) timestamp=385 ms, used_size=6346752 bytes (15.5%)
(RDMA_READ_CONSUME_CHECK_CONSUMER) timestamp=385 ms, used_size=6344704 bytes (15.5%)
(RDMA_READ_CONSUME_CHECK_CONSUMER) timestamp=385 ms, used_size=6342656 bytes (15.5%)
(RDMA_READ_CONSUME_CHECK_CONSUMER) timestamp=385 ms, used_size=6340608 bytes (15.5%)
(RDMA_READ_CONSUME_CHECK_CONSUMER) timestamp=385 ms, used_size=6338560 bytes (15.5%)
(RDMA_READ_CONSUME_CHECK_CONSUMER) timestamp=385 ms, used_size=6336512 bytes (15.5%)
(RDMA_READ_CONSUME_CHECK_CONSUMER) timestamp=385 ms, used_size=6334464 bytes (15.5%)
(RDMA_READ_CONSUME_CHECK_CONSUMER) timestamp=385 ms, used_size=6332416 bytes (15.5%)
(RDMA_READ_CONSUME_CHECK_CONSUMER) timestamp=385 ms, used_size=6330368 bytes (15.5%)
(RDMA_READ_CONSUME_CHECK_CONSUMER) timestamp=385 ms, used_size=6328320 bytes (15.4%)
(RDMA_READ_CONSUME_CHECK_CONSUMER) timestamp=385 ms, used_size=6326272 bytes (15.4%)
(RDMA_READ_CONSUME_CHECK_CONSUMER) timestamp=385 ms, used_size=6324224 bytes (15.4%)
(RDMA_READ_CONSUME_CHECK_CONSUMER) timestamp=385 ms, used_size=6322176 bytes (15.4%)
(RDMA_READ_CONSUME_CHECK_CONSUMER) timestamp=385 ms, used_size=6320128 bytes (15.4%)
(RDMA_READ_CONSUME_CHECK_CONSUMER) timestamp=385 ms, used_size=6318080 bytes (15.4%)
(RDMA_READ_CONSUME_CHECK_CONSUMER) timestamp=385 ms, used_size=6316032 bytes (15.4%)
(RDMA_READ_CONSUME_CHECK_CONSUMER) timestamp=385 ms, used_size=6313984 bytes (15.4%)
(RDMA_READ_CONSUME_CHECK_CONSUMER) timestamp=385 ms, used_size=6311936 bytes (15.4%)
(RDMA_READ_CONSUME_CHECK_CONSUMER) timestamp=385 ms, used_size=6309888 bytes (15.4%)
(RDMA_READ_CONSUME_CHECK_CONSUMER) timestamp=385 ms, used_size=6307840 bytes (15.4%)
(RDMA_READ_CONSUME_CHECK_CONSUMER) timestamp=385 ms, used_size=6305792 bytes (15.4%)
(RDMA_READ_CONSUME_CHECK_CONSUMER) timestamp=385 ms, used_size=6303744 bytes (15.4%)
(RDMA_READ_CONSUME_CHECK_CONSUMER) timestamp=385 ms, used_size=6301696 bytes (15.4%)
(RDMA_READ_CONSUME_CHECK_CONSUMER) timestamp=385 ms, used_size=6299648 bytes (15.4%)
(RDMA_READ_CONSUME_CHECK_CONSUMER) timestamp=385 ms, used_size=6297600 bytes (15.4%)
(RDMA_READ_CONSUME_CHECK_CONSUMER) timestamp=385 ms, used_size=6295552 bytes (15.4%)
(RDMA_READ_CONSUME_CHECK_CONSUMER) timestamp=385 ms, used_size=6293504 bytes (15.4%)
(RDMA_READ_CONSUME_CHECK_CONSUMER) timestamp=385 ms, used_size=6291456 bytes (15.4%)
(RDMA_READ_CONSUME_CHECK_CONSUMER) timestamp=385 ms, used_size=6289408 bytes (15.4%)
(RDMA_READ_CONSUME_CHECK_CONSUMER) timestamp=385 ms, used_size=6287360 bytes (15.3%)
(RDMA_READ_CONSUME_CHECK_CONSUMER) timestamp=385 ms, used_size=6285312 bytes (15.3%)
(RDMA_READ_CONSUME_CHECK_CONSUMER) timestamp=385 ms, used_size=6283264 bytes (15.3%)
(RDMA_READ_CONSUME_CHECK_CONSUMER) timestamp=385 ms, used_size=6281216 bytes (15.3%)
(RDMA_READ_CONSUME_CHECK_CONSUMER) timestamp=385 ms, used_size=6279168 bytes (15.3%)
(RDMA_READ_CONSUME_CHECK_CONSUMER) timestamp=385 ms, used_size=6277120 bytes (15.3%)
(RDMA_READ_CONSUME_CHECK_CONSUMER) timestamp=385 ms, used_size=6275072 bytes (15.3%)
(RDMA_READ_CONSUME_CHECK_CONSUMER) timestamp=385 ms, used_size=6273024 bytes (15.3%)
(RDMA_READ_CONSUME_CHECK_CONSUMER) timestamp=385 ms, used_size=6270976 bytes (15.3%)
(RDMA_READ_CONSUME_CHECK_CONSUMER) timestamp=385 ms, used_size=6268928 bytes (15.3%)
(RDMA_READ_CONSUME_CHECK_CONSUMER) timestamp=385 ms, used_size=6266880 bytes (15.3%)
(RDMA_READ_CONSUME_CHECK_CONSUMER) timestamp=385 ms, used_size=6264832 bytes (15.3%)
(RDMA_READ_CONSUME_CHECK_CONSUMER) timestamp=385 ms, used_size=6262784 bytes (15.3%)
(RDMA_READ_CONSUME_CHECK_CONSUMER) timestamp=385 ms, used_size=6260736 bytes (15.3%)
(RDMA_READ_CONSUME_CHECK_CONSUMER) timestamp=385 ms, used_size=6258688 bytes (15.3%)
(RDMA_READ_CONSUME_CHECK_CONSUMER) timestamp=385 ms, used_size=6256640 bytes (15.3%)
(RDMA_READ_CONSUME_CHECK_CONSUMER) timestamp=385 ms, used_size=6254592 bytes (15.3%)
(RDMA_READ_CONSUME_CHECK_CONSUMER) timestamp=385 ms, used_size=6252544 bytes (15.3%)
(RDMA_READ_CONSUME_CHECK_CONSUMER) timestamp=385 ms, used_size=6250496 bytes (15.3%)
(RDMA_READ_CONSUME_CHECK_CONSUMER) timestamp=385 ms, used_size=6248448 bytes (15.3%)
(RDMA_READ_CONSUME_CHECK_CONSUMER) timestamp=385 ms, used_size=6246400 bytes (15.2%)
(RDMA_READ_CONSUME_CHECK_CONSUMER) timestamp=385 ms, used_size=6244352 bytes (15.2%)
(RDMA_READ_CONSUME_CHECK_CONSUMER) timestamp=385 ms, used_size=6242304 bytes (15.2%)
(RDMA_READ_CONSUME_CHECK_CONSUMER) timestamp=385 ms, used_size=6240256 bytes (15.2%)
(RDMA_READ_CONSUME_CHECK_CONSUMER) timestamp=385 ms, used_size=6238208 bytes (15.2%)
(RDMA_READ_CONSUME_CHECK_CONSUMER) timestamp=385 ms, used_size=6236160 bytes (15.2%)
(RDMA_READ_CONSUME_CHECK_CONSUMER) timestamp=385 ms, used_size=6234112 bytes (15.2%)
(RDMA_READ_CONSUME_CHECK_CONSUMER) timestamp=385 ms, used_size=6232064 bytes (15.2%)
(RDMA_READ_CONSUME_CHECK_CONSUMER) timestamp=385 ms, used_size=6230016 bytes (15.2%)
(RDMA_READ_CONSUME_CHECK_CONSUMER) timestamp=385 ms, used_size=6227968 bytes (15.2%)
(RDMA_READ_CONSUME_CHECK_CONSUMER) timestamp=385 ms, used_size=6225920 bytes (15.2%)
(RDMA_READ_CONSUME_CHECK_CONSUMER) timestamp=385 ms, used_size=6223872 bytes (15.2%)
(RDMA_READ_CONSUME_CHECK_CONSUMER) timestamp=385 ms, used_size=6221824 bytes (15.2%)
(RDMA_READ_CONSUME_CHECK_CONSUMER) timestamp=385 ms, used_size=6219776 bytes (15.2%)
(RDMA_READ_CONSUME_CHECK_CONSUMER) timestamp=385 ms, used_size=6217728 bytes (15.2%)
(RDMA_READ_CONSUME_CHECK_CONSUMER) timestamp=385 ms, used_size=6215680 bytes (15.2%)
(RDMA_READ_CONSUME_CHECK_CONSUMER) timestamp=385 ms, used_size=6213632 bytes (15.2%)
(RDMA_READ_CONSUME_CHECK_CONSUMER) timestamp=385 ms, used_size=6211584 bytes (15.2%)
(RDMA_READ_CONSUME_CHECK_CONSUMER) timestamp=385 ms, used_size=6209536 bytes (15.2%)
(RDMA_READ_CONSUME_CHECK_CONSUMER) timestamp=385 ms, used_size=6207488 bytes (15.2%)
(RDMA_READ_CONSUME_CHECK_CONSUMER) timestamp=385 ms, used_size=6205440 bytes (15.2%)
(RDMA_READ_CONSUME_CHECK_CONSUMER) timestamp=385 ms, used_size=6203392 bytes (15.1%)
(RDMA_READ_CONSUME_CHECK_CONSUMER) timestamp=385 ms, used_size=6201344 bytes (15.1%)
(RDMA_READ_CONSUME_CHECK_CONSUMER) timestamp=385 ms, used_size=6199296 bytes (15.1%)
(RDMA_READ_CONSUME_CHECK_CONSUMER) timestamp=385 ms, used_size=6197248 bytes (15.1%)
(RDMA_READ_CONSUME_CHECK_CONSUMER) timestamp=385 ms, used_size=6195200 bytes (15.1%)
(RDMA_READ_CONSUME_CHECK_CONSUMER) timestamp=385 ms, used_size=6193152 bytes (15.1%)
(RDMA_READ_CONSUME_CHECK_CONSUMER) timestamp=385 ms, used_size=6191104 bytes (15.1%)
(RDMA_READ_CONSUME_CHECK_CONSUMER) timestamp=385 ms, used_size=6189056 bytes (15.1%)
(RDMA_READ_CONSUME_CHECK_CONSUMER) timestamp=385 ms, used_size=6187008 bytes (15.1%)
(RDMA_READ_CONSUME_CHECK_CONSUMER) timestamp=385 ms, used_size=6184960 bytes (15.1%)
(RDMA_READ_CONSUME_CHECK_CONSUMER) timestamp=385 ms, used_size=6182912 bytes (15.1%)
(RDMA_READ_CONSUME_CHECK_CONSUMER) timestamp=385 ms, used_size=6180864 bytes (15.1%)
(RDMA_READ_CONSUME_CHECK_CONSUMER) timestamp=385 ms, used_size=6178816 bytes (15.1%)
(RDMA_READ_CONSUME_CHECK_CONSUMER) timestamp=385 ms, used_size=6176768 bytes (15.1%)
(RDMA_READ_CONSUME_CHECK_CONSUMER) timestamp=385 ms, used_size=6174720 bytes (15.1%)
(RDMA_READ_CONSUME_CHECK_CONSUMER) timestamp=385 ms, used_size=6172672 bytes (15.1%)
(RDMA_READ_CONSUME_CHECK_CONSUMER) timestamp=385 ms, used_size=6170624 bytes (15.1%)
(RDMA_READ_CONSUME_CHECK_CONSUMER) timestamp=385 ms, used_size=6168576 bytes (15.1%)
(RDMA_READ_CONSUME_CHECK_CONSUMER) timestamp=385 ms, used_size=6166528 bytes (15.1%)
(RDMA_READ_CONSUME_CHECK_CONSUMER) timestamp=385 ms, used_size=6164480 bytes (15.1%)
(RDMA_READ_CONSUME_CHECK_CONSUMER) timestamp=385 ms, used_size=6162432 bytes (15.0%)
(RDMA_READ_CONSUME_CHECK_CONSUMER) timestamp=385 ms, used_size=6160384 bytes (15.0%)
(RDMA_READ_CONSUME_CHECK_CONSUMER) timestamp=385 ms, used_size=6158336 bytes (15.0%)
(RDMA_READ_CONSUME_CHECK_CONSUMER) timestamp=385 ms, used_size=6156288 bytes (15.0%)
(RDMA_READ_CONSUME_CHECK_CONSUMER) timestamp=385 ms, used_size=6154240 bytes (15.0%)
(RDMA_READ_CONSUME_CHECK_CONSUMER) timestamp=385 ms, used_size=6152192 bytes (15.0%)
(RDMA_READ_CONSUME_CHECK_CONSUMER) timestamp=385 ms, used_size=6150144 bytes (15.0%)
(RDMA_READ_CONSUME_CHECK_CONSUMER) timestamp=385 ms, used_size=6148096 bytes (15.0%)
(RDMA_READ_CONSUME_CHECK_CONSUMER) timestamp=385 ms, used_size=6146048 bytes (15.0%)
(RDMA_READ_CONSUME_CHECK_CONSUMER) timestamp=385 ms, used_size=6144000 bytes (15.0%)
(RDMA_READ_CONSUME_CHECK_CONSUMER) timestamp=385 ms, used_size=6141952 bytes (15.0%)
(RDMA_READ_CONSUME_CHECK_CONSUMER) timestamp=385 ms, used_size=6139904 bytes (15.0%)
(RDMA_READ_CONSUME_CHECK_CONSUMER) timestamp=385 ms, used_size=6137856 bytes (15.0%)
(RDMA_READ_CONSUME_CHECK_CONSUMER) timestamp=386 ms, used_size=6135808 bytes (15.0%)
(RDMA_READ_CONSUME_CHECK_CONSUMER) timestamp=386 ms, used_size=6133760 bytes (15.0%)
(RDMA_READ_CONSUME_CHECK_CONSUMER) timestamp=386 ms, used_size=6131712 bytes (15.0%)
(RDMA_READ_CONSUME_CHECK_CONSUMER) timestamp=386 ms, used_size=6129664 bytes (15.0%)
(RDMA_READ_CONSUME_CHECK_CONSUMER) timestamp=386 ms, used_size=6127616 bytes (15.0%)
(RDMA_READ_CONSUME_CHECK_CONSUMER) timestamp=386 ms, used_size=6125568 bytes (15.0%)
(RDMA_READ_CONSUME_CHECK_CONSUMER) timestamp=386 ms, used_size=6123520 bytes (14.9%)
(RDMA_READ_CONSUME_CHECK_CONSUMER) timestamp=386 ms, used_size=6121472 bytes (14.9%)
(RDMA_READ_CONSUME_CHECK_CONSUMER) timestamp=386 ms, used_size=6119424 bytes (14.9%)
(RDMA_READ_CONSUME_CHECK_CONSUMER) timestamp=386 ms, used_size=6117376 bytes (14.9%)
(RDMA_READ_CONSUME_CHECK_CONSUMER) timestamp=386 ms, used_size=6115328 bytes (14.9%)
(RDMA_READ_CONSUME_CHECK_CONSUMER) timestamp=386 ms, used_size=6113280 bytes (14.9%)
(RDMA_READ_CONSUME_CHECK_CONSUMER) timestamp=386 ms, used_size=6111232 bytes (14.9%)
(RDMA_READ_CONSUME_CHECK_CONSUMER) timestamp=386 ms, used_size=6109184 bytes (14.9%)
(RDMA_READ_CONSUME_CHECK_CONSUMER) timestamp=386 ms, used_size=6107136 bytes (14.9%)
(RDMA_READ_CONSUME_CHECK_CONSUMER) timestamp=386 ms, used_size=6105088 bytes (14.9%)
(RDMA_READ_CONSUME_CHECK_CONSUMER) timestamp=386 ms, used_size=6103040 bytes (14.9%)
(RDMA_READ_CONSUME_CHECK_CONSUMER) timestamp=386 ms, used_size=6100992 bytes (14.9%)
(RDMA_READ_CONSUME_CHECK_CONSUMER) timestamp=386 ms, used_size=6098944 bytes (14.9%)
(RDMA_READ_CONSUME_CHECK_CONSUMER) timestamp=386 ms, used_size=6096896 bytes (14.9%)
(RDMA_READ_CONSUME_CHECK_CONSUMER) timestamp=386 ms, used_size=6094848 bytes (14.9%)
(RDMA_READ_CONSUME_CHECK_CONSUMER) timestamp=386 ms, used_size=6092800 bytes (14.9%)
(RDMA_READ_CONSUME_CHECK_CONSUMER) timestamp=386 ms, used_size=6090752 bytes (14.9%)
(RDMA_READ_CONSUME_CHECK_CONSUMER) timestamp=386 ms, used_size=6088704 bytes (14.9%)
(RDMA_READ_CONSUME_CHECK_CONSUMER) timestamp=386 ms, used_size=6086656 bytes (14.9%)
(RDMA_READ_CONSUME_CHECK_CONSUMER) timestamp=386 ms, used_size=6084608 bytes (14.9%)
(RDMA_READ_CONSUME_CHECK_CONSUMER) timestamp=386 ms, used_size=6082560 bytes (14.8%)
(RDMA_READ_CONSUME_CHECK_CONSUMER) timestamp=386 ms, used_size=6080512 bytes (14.8%)
(RDMA_READ_CONSUME_CHECK_CONSUMER) timestamp=386 ms, used_size=6078464 bytes (14.8%)
(RDMA_READ_CONSUME_CHECK_CONSUMER) timestamp=386 ms, used_size=6076416 bytes (14.8%)
(RDMA_READ_CONSUME_CHECK_CONSUMER) timestamp=386 ms, used_size=6074368 bytes (14.8%)
(RDMA_READ_CONSUME_CHECK_CONSUMER) timestamp=386 ms, used_size=6072320 bytes (14.8%)
(RDMA_READ_CONSUME_CHECK_CONSUMER) timestamp=386 ms, used_size=6070272 bytes (14.8%)
(RDMA_READ_CONSUME_CHECK_CONSUMER) timestamp=386 ms, used_size=6068224 bytes (14.8%)
(RDMA_READ_CONSUME_CHECK_CONSUMER) timestamp=386 ms, used_size=6066176 bytes (14.8%)
(RDMA_READ_CONSUME_CHECK_CONSUMER) timestamp=386 ms, used_size=6064128 bytes (14.8%)
(RDMA_READ_CONSUME_CHECK_CONSUMER) timestamp=386 ms, used_size=6062080 bytes (14.8%)
(RDMA_READ_CONSUME_CHECK_CONSUMER) timestamp=386 ms, used_size=6060032 bytes (14.8%)
(RDMA_READ_CONSUME_CHECK_CONSUMER) timestamp=386 ms, used_size=6057984 bytes (14.8%)
(RDMA_READ_CONSUME_CHECK_CONSUMER) timestamp=386 ms, used_size=6055936 bytes (14.8%)
(RDMA_READ_CONSUME_CHECK_CONSUMER) timestamp=386 ms, used_size=6053888 bytes (14.8%)
(RDMA_READ_CONSUME_CHECK_CONSUMER) timestamp=386 ms, used_size=6051840 bytes (14.8%)
(RDMA_READ_CONSUME_CHECK_CONSUMER) timestamp=386 ms, used_size=6049792 bytes (14.8%)
(RDMA_READ_CONSUME_CHECK_CONSUMER) timestamp=386 ms, used_size=6047744 bytes (14.8%)
(RDMA_READ_CONSUME_CHECK_CONSUMER) timestamp=386 ms, used_size=6045696 bytes (14.8%)
(RDMA_READ_CONSUME_CHECK_CONSUMER) timestamp=386 ms, used_size=6043648 bytes (14.8%)
(RDMA_READ_CONSUME_CHECK_CONSUMER) timestamp=386 ms, used_size=6041600 bytes (14.8%)
(RDMA_READ_CONSUME_CHECK_CONSUMER) timestamp=386 ms, used_size=6039552 bytes (14.7%)
(RDMA_READ_CONSUME_CHECK_CONSUMER) timestamp=386 ms, used_size=6037504 bytes (14.7%)
(RDMA_READ_CONSUME_CHECK_CONSUMER) timestamp=386 ms, used_size=6035456 bytes (14.7%)
(RDMA_READ_CONSUME_CHECK_CONSUMER) timestamp=386 ms, used_size=6033408 bytes (14.7%)
(RDMA_READ_CONSUME_CHECK_CONSUMER) timestamp=386 ms, used_size=6031360 bytes (14.7%)
(RDMA_READ_CONSUME_CHECK_CONSUMER) timestamp=386 ms, used_size=6029312 bytes (14.7%)
(RDMA_READ_CONSUME_CHECK_CONSUMER) timestamp=386 ms, used_size=6027264 bytes (14.7%)
(RDMA_READ_CONSUME_CHECK_CONSUMER) timestamp=386 ms, used_size=6025216 bytes (14.7%)
(RDMA_READ_CONSUME_CHECK_CONSUMER) timestamp=386 ms, used_size=6023168 bytes (14.7%)
(RDMA_READ_CONSUME_CHECK_CONSUMER) timestamp=386 ms, used_size=6021120 bytes (14.7%)
(RDMA_READ_CONSUME_CHECK_CONSUMER) timestamp=386 ms, used_size=6019072 bytes (14.7%)
(RDMA_READ_CONSUME_CHECK_CONSUMER) timestamp=386 ms, used_size=6017024 bytes (14.7%)
(RDMA_READ_CONSUME_CHECK_CONSUMER) timestamp=386 ms, used_size=6014976 bytes (14.7%)
(RDMA_READ_CONSUME_CHECK_CONSUMER) timestamp=386 ms, used_size=6012928 bytes (14.7%)
(RDMA_READ_CONSUME_CHECK_CONSUMER) timestamp=386 ms, used_size=6010880 bytes (14.7%)
(RDMA_READ_CONSUME_CHECK_CONSUMER) timestamp=386 ms, used_size=6008832 bytes (14.7%)
(RDMA_READ_CONSUME_CHECK_CONSUMER) timestamp=386 ms, used_size=6006784 bytes (14.7%)
(RDMA_READ_CONSUME_CHECK_CONSUMER) timestamp=386 ms, used_size=6004736 bytes (14.7%)
(RDMA_READ_CONSUME_CHECK_CONSUMER) timestamp=386 ms, used_size=6002688 bytes (14.7%)
(RDMA_READ_CONSUME_CHECK_CONSUMER) timestamp=386 ms, used_size=6000640 bytes (14.7%)
(RDMA_READ_CONSUME_CHECK_CONSUMER) timestamp=386 ms, used_size=5998592 bytes (14.6%)
(RDMA_READ_CONSUME_CHECK_CONSUMER) timestamp=386 ms, used_size=5996544 bytes (14.6%)
(RDMA_READ_CONSUME_CHECK_CONSUMER) timestamp=386 ms, used_size=5994496 bytes (14.6%)
(RDMA_READ_CONSUME_CHECK_CONSUMER) timestamp=386 ms, used_size=5992448 bytes (14.6%)
(RDMA_READ_CONSUME_CHECK_CONSUMER) timestamp=386 ms, used_size=5990400 bytes (14.6%)
(RDMA_READ_CONSUME_CHECK_CONSUMER) timestamp=386 ms, used_size=5988352 bytes (14.6%)
(RDMA_READ_CONSUME_CHECK_CONSUMER) timestamp=386 ms, used_size=5986304 bytes (14.6%)
(RDMA_READ_CONSUME_CHECK_CONSUMER) timestamp=386 ms, used_size=5984256 bytes (14.6%)
(RDMA_READ_CONSUME_CHECK_CONSUMER) timestamp=386 ms, used_size=5982208 bytes (14.6%)
(RDMA_READ_CONSUME_CHECK_CONSUMER) timestamp=386 ms, used_size=5980160 bytes (14.6%)
(RDMA_READ_CONSUME_CHECK_CONSUMER) timestamp=386 ms, used_size=5978112 bytes (14.6%)
(RDMA_READ_CONSUME_CHECK_CONSUMER) timestamp=386 ms, used_size=5976064 bytes (14.6%)
(RDMA_READ_CONSUME_CHECK_CONSUMER) timestamp=386 ms, used_size=5974016 bytes (14.6%)
(RDMA_READ_CONSUME_CHECK_CONSUMER) timestamp=386 ms, used_size=5971968 bytes (14.6%)
(RDMA_READ_CONSUME_CHECK_CONSUMER) timestamp=386 ms, used_size=5969920 bytes (14.6%)
(RDMA_READ_CONSUME_CHECK_CONSUMER) timestamp=386 ms, used_size=5967872 bytes (14.6%)
(RDMA_READ_CONSUME_CHECK_CONSUMER) timestamp=386 ms, used_size=5965824 bytes (14.6%)
(RDMA_READ_CONSUME_CHECK_CONSUMER) timestamp=386 ms, used_size=5963776 bytes (14.6%)
(RDMA_READ_CONSUME_CHECK_CONSUMER) timestamp=386 ms, used_size=5961728 bytes (14.6%)
(RDMA_READ_CONSUME_CHECK_CONSUMER) timestamp=386 ms, used_size=5959680 bytes (14.6%)
(RDMA_READ_CONSUME_CHECK_CONSUMER) timestamp=386 ms, used_size=5957632 bytes (14.5%)
(RDMA_READ_CONSUME_CHECK_CONSUMER) timestamp=386 ms, used_size=5955584 bytes (14.5%)
(RDMA_READ_CONSUME_CHECK_CONSUMER) timestamp=386 ms, used_size=5953536 bytes (14.5%)
(RDMA_READ_CONSUME_CHECK_CONSUMER) timestamp=386 ms, used_size=5951488 bytes (14.5%)
(RDMA_READ_CONSUME_CHECK_CONSUMER) timestamp=386 ms, used_size=5949440 bytes (14.5%)
(RDMA_READ_CONSUME_CHECK_CONSUMER) timestamp=386 ms, used_size=5947392 bytes (14.5%)
(RDMA_READ_CONSUME_CHECK_CONSUMER) timestamp=386 ms, used_size=5945344 bytes (14.5%)
(RDMA_READ_CONSUME_CHECK_CONSUMER) timestamp=386 ms, used_size=5943296 bytes (14.5%)
(RDMA_READ_CONSUME_CHECK_CONSUMER) timestamp=386 ms, used_size=5941248 bytes (14.5%)
(RDMA_READ_CONSUME_CHECK_CONSUMER) timestamp=386 ms, used_size=5939200 bytes (14.5%)
(RDMA_READ_CONSUME_CHECK_CONSUMER) timestamp=386 ms, used_size=5937152 bytes (14.5%)
(RDMA_READ_CONSUME_CHECK_CONSUMER) timestamp=386 ms, used_size=5935104 bytes (14.5%)
(RDMA_READ_CONSUME_CHECK_CONSUMER) timestamp=386 ms, used_size=5933056 bytes (14.5%)
(RDMA_READ_CONSUME_CHECK_CONSUMER) timestamp=386 ms, used_size=5931008 bytes (14.5%)
(RDMA_READ_CONSUME_CHECK_CONSUMER) timestamp=386 ms, used_size=5928960 bytes (14.5%)
(RDMA_READ_CONSUME_CHECK_CONSUMER) timestamp=386 ms, used_size=5926912 bytes (14.5%)
(RDMA_READ_CONSUME_CHECK_CONSUMER) timestamp=386 ms, used_size=5924864 bytes (14.5%)
(RDMA_READ_CONSUME_CHECK_CONSUMER) timestamp=386 ms, used_size=5922816 bytes (14.5%)
(RDMA_READ_CONSUME_CHECK_CONSUMER) timestamp=386 ms, used_size=5920768 bytes (14.5%)
(RDMA_READ_CONSUME_CHECK_CONSUMER) timestamp=386 ms, used_size=5918720 bytes (14.4%)
(RDMA_READ_CONSUME_CHECK_CONSUMER) timestamp=386 ms, used_size=5916672 bytes (14.4%)
(RDMA_READ_CONSUME_CHECK_CONSUMER) timestamp=386 ms, used_size=5914624 bytes (14.4%)
(RDMA_READ_CONSUME_CHECK_CONSUMER) timestamp=386 ms, used_size=5912576 bytes (14.4%)
(RDMA_READ_CONSUME_CHECK_CONSUMER) timestamp=386 ms, used_size=5910528 bytes (14.4%)
(RDMA_READ_CONSUME_CHECK_CONSUMER) timestamp=386 ms, used_size=5908480 bytes (14.4%)
(RDMA_READ_CONSUME_CHECK_CONSUMER) timestamp=386 ms, used_size=5906432 bytes (14.4%)
(RDMA_READ_CONSUME_CHECK_CONSUMER) timestamp=386 ms, used_size=5904384 bytes (14.4%)
(RDMA_READ_CONSUME_CHECK_CONSUMER) timestamp=386 ms, used_size=5902336 bytes (14.4%)
(RDMA_READ_CONSUME_CHECK_CONSUMER) timestamp=386 ms, used_size=5900288 bytes (14.4%)
(RDMA_READ_CONSUME_CHECK_CONSUMER) timestamp=386 ms, used_size=5898240 bytes (14.4%)
(RDMA_READ_CONSUME_CHECK_CONSUMER) timestamp=386 ms, used_size=5896192 bytes (14.4%)
(RDMA_READ_CONSUME_CHECK_CONSUMER) timestamp=386 ms, used_size=5894144 bytes (14.4%)
(RDMA_READ_CONSUME_CHECK_CONSUMER) timestamp=386 ms, used_size=5892096 bytes (14.4%)
(RDMA_READ_CONSUME_CHECK_CONSUMER) timestamp=386 ms, used_size=5890048 bytes (14.4%)
(RDMA_READ_CONSUME_CHECK_CONSUMER) timestamp=386 ms, used_size=5888000 bytes (14.4%)
(RDMA_READ_CONSUME_CHECK_CONSUMER) timestamp=386 ms, used_size=5885952 bytes (14.4%)
(RDMA_READ_CONSUME_CHECK_CONSUMER) timestamp=386 ms, used_size=5883904 bytes (14.4%)
(RDMA_READ_CONSUME_CHECK_CONSUMER) timestamp=386 ms, used_size=5881856 bytes (14.4%)
(RDMA_READ_CONSUME_CHECK_CONSUMER) timestamp=386 ms, used_size=5879808 bytes (14.4%)
(RDMA_READ_CONSUME_CHECK_CONSUMER) timestamp=386 ms, used_size=5877760 bytes (14.3%)
(RDMA_READ_CONSUME_CHECK_CONSUMER) timestamp=386 ms, used_size=5875712 bytes (14.3%)
(RDMA_READ_CONSUME_CHECK_CONSUMER) timestamp=386 ms, used_size=5873664 bytes (14.3%)
(RDMA_READ_CONSUME_CHECK_CONSUMER) timestamp=386 ms, used_size=5871616 bytes (14.3%)
(RDMA_READ_CONSUME_CHECK_CONSUMER) timestamp=386 ms, used_size=5869568 bytes (14.3%)
(RDMA_READ_CONSUME_CHECK_CONSUMER) timestamp=386 ms, used_size=5867520 bytes (14.3%)
(RDMA_READ_CONSUME_CHECK_CONSUMER) timestamp=386 ms, used_size=5865472 bytes (14.3%)
(RDMA_READ_CONSUME_CHECK_CONSUMER) timestamp=386 ms, used_size=5863424 bytes (14.3%)
(RDMA_READ_CONSUME_CHECK_CONSUMER) timestamp=386 ms, used_size=5861376 bytes (14.3%)
(RDMA_READ_CONSUME_CHECK_CONSUMER) timestamp=386 ms, used_size=5859328 bytes (14.3%)
(RDMA_READ_CONSUME_CHECK_CONSUMER) timestamp=386 ms, used_size=5857280 bytes (14.3%)
(RDMA_READ_CONSUME_CHECK_CONSUMER) timestamp=386 ms, used_size=5855232 bytes (14.3%)
(RDMA_READ_CONSUME_CHECK_CONSUMER) timestamp=386 ms, used_size=5853184 bytes (14.3%)
(RDMA_READ_CONSUME_CHECK_CONSUMER) timestamp=386 ms, used_size=5851136 bytes (14.3%)
(RDMA_READ_CONSUME_CHECK_CONSUMER) timestamp=386 ms, used_size=5849088 bytes (14.3%)
(RDMA_READ_CONSUME_CHECK_CONSUMER) timestamp=386 ms, used_size=5847040 bytes (14.3%)
(RDMA_READ_CONSUME_CHECK_CONSUMER) timestamp=386 ms, used_size=5844992 bytes (14.3%)
(RDMA_READ_CONSUME_CHECK_CONSUMER) timestamp=386 ms, used_size=5842944 bytes (14.3%)
(RDMA_READ_CONSUME_CHECK_CONSUMER) timestamp=386 ms, used_size=5840896 bytes (14.3%)
(RDMA_READ_CONSUME_CHECK_CONSUMER) timestamp=386 ms, used_size=5838848 bytes (14.3%)
(RDMA_READ_CONSUME_CHECK_CONSUMER) timestamp=386 ms, used_size=5836800 bytes (14.2%)
(RDMA_READ_CONSUME_CHECK_CONSUMER) timestamp=386 ms, used_size=5834752 bytes (14.2%)
(RDMA_READ_CONSUME_CHECK_CONSUMER) timestamp=386 ms, used_size=5832704 bytes (14.2%)
(RDMA_READ_CONSUME_CHECK_CONSUMER) timestamp=386 ms, used_size=5830656 bytes (14.2%)
(RDMA_READ_CONSUME_CHECK_CONSUMER) timestamp=386 ms, used_size=5828608 bytes (14.2%)
(RDMA_READ_CONSUME_CHECK_CONSUMER) timestamp=386 ms, used_size=5826560 bytes (14.2%)
(RDMA_READ_CONSUME_CHECK_CONSUMER) timestamp=386 ms, used_size=5824512 bytes (14.2%)
(RDMA_READ_CONSUME_CHECK_CONSUMER) timestamp=386 ms, used_size=5822464 bytes (14.2%)
(RDMA_READ_CONSUME_CHECK_CONSUMER) timestamp=386 ms, used_size=5820416 bytes (14.2%)
(RDMA_READ_CONSUME_CHECK_CONSUMER) timestamp=386 ms, used_size=5818368 bytes (14.2%)
(RDMA_READ_CONSUME_CHECK_CONSUMER) timestamp=386 ms, used_size=5816320 bytes (14.2%)
(RDMA_READ_CONSUME_CHECK_CONSUMER) timestamp=386 ms, used_size=5814272 bytes (14.2%)
(RDMA_READ_CONSUME_CHECK_CONSUMER) timestamp=386 ms, used_size=5812224 bytes (14.2%)
(RDMA_READ_CONSUME_CHECK_CONSUMER) timestamp=386 ms, used_size=5810176 bytes (14.2%)
(RDMA_READ_CONSUME_CHECK_CONSUMER) timestamp=386 ms, used_size=5808128 bytes (14.2%)
(RDMA_READ_CONSUME_CHECK_CONSUMER) timestamp=386 ms, used_size=5806080 bytes (14.2%)
(RDMA_READ_CONSUME_CHECK_CONSUMER) timestamp=386 ms, used_size=5804032 bytes (14.2%)
(RDMA_READ_CONSUME_CHECK_CONSUMER) timestamp=386 ms, used_size=5801984 bytes (14.2%)
(RDMA_READ_CONSUME_CHECK_CONSUMER) timestamp=386 ms, used_size=5799936 bytes (14.2%)
(RDMA_READ_CONSUME_CHECK_CONSUMER) timestamp=386 ms, used_size=5797888 bytes (14.2%)
(RDMA_READ_CONSUME_CHECK_CONSUMER) timestamp=386 ms, used_size=5795840 bytes (14.2%)
(RDMA_READ_CONSUME_CHECK_CONSUMER) timestamp=386 ms, used_size=5793792 bytes (14.1%)
(RDMA_READ_CONSUME_CHECK_CONSUMER) timestamp=386 ms, used_size=5791744 bytes (14.1%)
(RDMA_READ_CONSUME_CHECK_CONSUMER) timestamp=386 ms, used_size=5789696 bytes (14.1%)
(RDMA_READ_CONSUME_CHECK_CONSUMER) timestamp=386 ms, used_size=5787648 bytes (14.1%)
(RDMA_READ_CONSUME_CHECK_CONSUMER) timestamp=386 ms, used_size=5785600 bytes (14.1%)
(RDMA_READ_CONSUME_CHECK_CONSUMER) timestamp=386 ms, used_size=5783552 bytes (14.1%)
(RDMA_READ_CONSUME_CHECK_CONSUMER) timestamp=386 ms, used_size=5781504 bytes (14.1%)
(RDMA_READ_CONSUME_CHECK_CONSUMER) timestamp=386 ms, used_size=5779456 bytes (14.1%)
(RDMA_READ_CONSUME_CHECK_CONSUMER) timestamp=386 ms, used_size=5777408 bytes (14.1%)
(RDMA_READ_CONSUME_CHECK_CONSUMER) timestamp=386 ms, used_size=5775360 bytes (14.1%)
(RDMA_READ_CONSUME_CHECK_CONSUMER) timestamp=386 ms, used_size=5773312 bytes (14.1%)
(RDMA_READ_CONSUME_CHECK_CONSUMER) timestamp=386 ms, used_size=5771264 bytes (14.1%)
(RDMA_READ_CONSUME_CHECK_CONSUMER) timestamp=386 ms, used_size=5769216 bytes (14.1%)
(RDMA_READ_CONSUME_CHECK_CONSUMER) timestamp=386 ms, used_size=5767168 bytes (14.1%)
(RDMA_READ_CONSUME_CHECK_CONSUMER) timestamp=386 ms, used_size=5765120 bytes (14.1%)
(RDMA_READ_CONSUME_CHECK_CONSUMER) timestamp=386 ms, used_size=5763072 bytes (14.1%)
(RDMA_READ_CONSUME_CHECK_CONSUMER) timestamp=386 ms, used_size=5761024 bytes (14.1%)
(RDMA_READ_CONSUME_CHECK_CONSUMER) timestamp=386 ms, used_size=5758976 bytes (14.1%)
(RDMA_READ_CONSUME_CHECK_CONSUMER) timestamp=387 ms, used_size=5756928 bytes (14.1%)
(RDMA_READ_CONSUME_CHECK_CONSUMER) timestamp=387 ms, used_size=5754880 bytes (14.1%)
(RDMA_READ_CONSUME_CHECK_CONSUMER) timestamp=387 ms, used_size=5752832 bytes (14.0%)
(RDMA_READ_CONSUME_CHECK_CONSUMER) timestamp=387 ms, used_size=5750784 bytes (14.0%)
(RDMA_READ_CONSUME_CHECK_CONSUMER) timestamp=387 ms, used_size=5748736 bytes (14.0%)
(RDMA_READ_CONSUME_CHECK_CONSUMER) timestamp=387 ms, used_size=5746688 bytes (14.0%)
(RDMA_READ_CONSUME_CHECK_CONSUMER) timestamp=387 ms, used_size=5744640 bytes (14.0%)
(RDMA_READ_CONSUME_CHECK_CONSUMER) timestamp=387 ms, used_size=5742592 bytes (14.0%)
(RDMA_READ_CONSUME_CHECK_CONSUMER) timestamp=387 ms, used_size=5740544 bytes (14.0%)
(RDMA_READ_CONSUME_CHECK_CONSUMER) timestamp=387 ms, used_size=5738496 bytes (14.0%)
(RDMA_READ_CONSUME_CHECK_CONSUMER) timestamp=387 ms, used_size=5736448 bytes (14.0%)
(RDMA_READ_CONSUME_CHECK_CONSUMER) timestamp=387 ms, used_size=5734400 bytes (14.0%)
(RDMA_READ_CONSUME_CHECK_CONSUMER) timestamp=387 ms, used_size=5732352 bytes (14.0%)
(RDMA_READ_CONSUME_CHECK_CONSUMER) timestamp=387 ms, used_size=5730304 bytes (14.0%)
(RDMA_READ_CONSUME_CHECK_CONSUMER) timestamp=387 ms, used_size=5728256 bytes (14.0%)
(RDMA_READ_CONSUME_CHECK_CONSUMER) timestamp=387 ms, used_size=5726208 bytes (14.0%)
(RDMA_READ_CONSUME_CHECK_CONSUMER) timestamp=387 ms, used_size=5724160 bytes (14.0%)
(RDMA_READ_CONSUME_CHECK_CONSUMER) timestamp=387 ms, used_size=5722112 bytes (14.0%)
(RDMA_READ_CONSUME_CHECK_CONSUMER) timestamp=387 ms, used_size=5720064 bytes (14.0%)
(RDMA_READ_CONSUME_CHECK_CONSUMER) timestamp=387 ms, used_size=5718016 bytes (14.0%)
(RDMA_READ_CONSUME_CHECK_CONSUMER) timestamp=387 ms, used_size=5715968 bytes (14.0%)
(RDMA_READ_CONSUME_CHECK_CONSUMER) timestamp=387 ms, used_size=5713920 bytes (13.9%)
(RDMA_READ_CONSUME_CHECK_CONSUMER) timestamp=387 ms, used_size=5711872 bytes (13.9%)
(RDMA_READ_CONSUME_CHECK_CONSUMER) timestamp=387 ms, used_size=5709824 bytes (13.9%)
(RDMA_READ_CONSUME_CHECK_CONSUMER) timestamp=387 ms, used_size=5707776 bytes (13.9%)
(RDMA_READ_CONSUME_CHECK_CONSUMER) timestamp=387 ms, used_size=5705728 bytes (13.9%)
(RDMA_READ_CONSUME_CHECK_CONSUMER) timestamp=387 ms, used_size=5703680 bytes (13.9%)
(RDMA_READ_CONSUME_CHECK_CONSUMER) timestamp=387 ms, used_size=5701632 bytes (13.9%)
(RDMA_READ_CONSUME_CHECK_CONSUMER) timestamp=387 ms, used_size=5699584 bytes (13.9%)
(RDMA_READ_CONSUME_CHECK_CONSUMER) timestamp=387 ms, used_size=5697536 bytes (13.9%)
(RDMA_READ_CONSUME_CHECK_CONSUMER) timestamp=387 ms, used_size=5695488 bytes (13.9%)
(RDMA_READ_CONSUME_CHECK_CONSUMER) timestamp=387 ms, used_size=5693440 bytes (13.9%)
(RDMA_READ_CONSUME_CHECK_CONSUMER) timestamp=387 ms, used_size=5691392 bytes (13.9%)
(RDMA_READ_CONSUME_CHECK_CONSUMER) timestamp=387 ms, used_size=5689344 bytes (13.9%)
(RDMA_READ_CONSUME_CHECK_CONSUMER) timestamp=387 ms, used_size=5687296 bytes (13.9%)
(RDMA_READ_CONSUME_CHECK_CONSUMER) timestamp=387 ms, used_size=5685248 bytes (13.9%)
(RDMA_READ_CONSUME_CHECK_CONSUMER) timestamp=387 ms, used_size=5683200 bytes (13.9%)
(RDMA_READ_CONSUME_CHECK_CONSUMER) timestamp=387 ms, used_size=5681152 bytes (13.9%)
(RDMA_READ_CONSUME_CHECK_CONSUMER) timestamp=387 ms, used_size=5679104 bytes (13.9%)
(RDMA_READ_CONSUME_CHECK_CONSUMER) timestamp=387 ms, used_size=5677056 bytes (13.9%)
(RDMA_READ_CONSUME_CHECK_CONSUMER) timestamp=387 ms, used_size=5675008 bytes (13.9%)
(RDMA_READ_CONSUME_CHECK_CONSUMER) timestamp=387 ms, used_size=5672960 bytes (13.8%)
(RDMA_READ_CONSUME_CHECK_CONSUMER) timestamp=387 ms, used_size=5670912 bytes (13.8%)
(RDMA_READ_CONSUME_CHECK_CONSUMER) timestamp=387 ms, used_size=5668864 bytes (13.8%)
(RDMA_READ_CONSUME_CHECK_CONSUMER) timestamp=387 ms, used_size=5666816 bytes (13.8%)
(RDMA_READ_CONSUME_CHECK_CONSUMER) timestamp=387 ms, used_size=5664768 bytes (13.8%)
(RDMA_READ_CONSUME_CHECK_CONSUMER) timestamp=387 ms, used_size=5662720 bytes (13.8%)
(RDMA_READ_CONSUME_CHECK_CONSUMER) timestamp=387 ms, used_size=5660672 bytes (13.8%)
(RDMA_READ_CONSUME_CHECK_CONSUMER) timestamp=387 ms, used_size=5658624 bytes (13.8%)
(RDMA_READ_CONSUME_CHECK_CONSUMER) timestamp=387 ms, used_size=5656576 bytes (13.8%)
(RDMA_READ_CONSUME_CHECK_CONSUMER) timestamp=387 ms, used_size=5654528 bytes (13.8%)
(RDMA_READ_CONSUME_CHECK_CONSUMER) timestamp=387 ms, used_size=5652480 bytes (13.8%)
(RDMA_READ_CONSUME_CHECK_CONSUMER) timestamp=387 ms, used_size=5650432 bytes (13.8%)
(RDMA_READ_CONSUME_CHECK_CONSUMER) timestamp=387 ms, used_size=5648384 bytes (13.8%)
(RDMA_READ_CONSUME_CHECK_CONSUMER) timestamp=387 ms, used_size=5646336 bytes (13.8%)
(RDMA_READ_CONSUME_CHECK_CONSUMER) timestamp=387 ms, used_size=5644288 bytes (13.8%)
(RDMA_READ_CONSUME_CHECK_CONSUMER) timestamp=387 ms, used_size=5642240 bytes (13.8%)
(RDMA_READ_CONSUME_CHECK_CONSUMER) timestamp=387 ms, used_size=5640192 bytes (13.8%)
(RDMA_READ_CONSUME_CHECK_CONSUMER) timestamp=387 ms, used_size=5638144 bytes (13.8%)
(RDMA_READ_CONSUME_CHECK_CONSUMER) timestamp=387 ms, used_size=5636096 bytes (13.8%)
(RDMA_READ_CONSUME_CHECK_CONSUMER) timestamp=387 ms, used_size=5634048 bytes (13.8%)
(RDMA_READ_CONSUME_CHECK_CONSUMER) timestamp=387 ms, used_size=5632000 bytes (13.8%)
(RDMA_READ_CONSUME_CHECK_CONSUMER) timestamp=387 ms, used_size=5629952 bytes (13.7%)
(RDMA_READ_CONSUME_CHECK_CONSUMER) timestamp=387 ms, used_size=5627904 bytes (13.7%)
(RDMA_READ_CONSUME_CHECK_CONSUMER) timestamp=387 ms, used_size=5625856 bytes (13.7%)
(RDMA_READ_CONSUME_CHECK_CONSUMER) timestamp=387 ms, used_size=5623808 bytes (13.7%)
(RDMA_READ_CONSUME_CHECK_CONSUMER) timestamp=387 ms, used_size=5621760 bytes (13.7%)
(RDMA_READ_CONSUME_CHECK_CONSUMER) timestamp=387 ms, used_size=5619712 bytes (13.7%)
(RDMA_READ_CONSUME_CHECK_CONSUMER) timestamp=387 ms, used_size=5617664 bytes (13.7%)
(RDMA_READ_CONSUME_CHECK_CONSUMER) timestamp=387 ms, used_size=5615616 bytes (13.7%)
(RDMA_READ_CONSUME_CHECK_CONSUMER) timestamp=387 ms, used_size=5613568 bytes (13.7%)
(RDMA_READ_CONSUME_CHECK_CONSUMER) timestamp=387 ms, used_size=5611520 bytes (13.7%)
(RDMA_READ_CONSUME_CHECK_CONSUMER) timestamp=387 ms, used_size=5609472 bytes (13.7%)
(RDMA_READ_CONSUME_CHECK_CONSUMER) timestamp=387 ms, used_size=5607424 bytes (13.7%)
(RDMA_READ_CONSUME_CHECK_CONSUMER) timestamp=387 ms, used_size=5605376 bytes (13.7%)
(RDMA_READ_CONSUME_CHECK_CONSUMER) timestamp=387 ms, used_size=5603328 bytes (13.7%)
(RDMA_READ_CONSUME_CHECK_CONSUMER) timestamp=387 ms, used_size=5601280 bytes (13.7%)
(RDMA_READ_CONSUME_CHECK_CONSUMER) timestamp=387 ms, used_size=5599232 bytes (13.7%)
(RDMA_READ_CONSUME_CHECK_CONSUMER) timestamp=387 ms, used_size=5597184 bytes (13.7%)
(RDMA_READ_CONSUME_CHECK_CONSUMER) timestamp=387 ms, used_size=5595136 bytes (13.7%)
(RDMA_READ_CONSUME_CHECK_CONSUMER) timestamp=387 ms, used_size=5593088 bytes (13.7%)
(RDMA_READ_CONSUME_CHECK_CONSUMER) timestamp=387 ms, used_size=5591040 bytes (13.7%)
(RDMA_READ_CONSUME_CHECK_CONSUMER) timestamp=387 ms, used_size=5588992 bytes (13.6%)
(RDMA_READ_CONSUME_CHECK_CONSUMER) timestamp=387 ms, used_size=5586944 bytes (13.6%)
(RDMA_READ_CONSUME_CHECK_CONSUMER) timestamp=387 ms, used_size=5584896 bytes (13.6%)
(RDMA_READ_CONSUME_CHECK_CONSUMER) timestamp=387 ms, used_size=5582848 bytes (13.6%)
(RDMA_READ_CONSUME_CHECK_CONSUMER) timestamp=387 ms, used_size=5580800 bytes (13.6%)
(RDMA_READ_CONSUME_CHECK_CONSUMER) timestamp=387 ms, used_size=5578752 bytes (13.6%)
(RDMA_READ_CONSUME_CHECK_CONSUMER) timestamp=387 ms, used_size=5576704 bytes (13.6%)
(RDMA_READ_CONSUME_CHECK_CONSUMER) timestamp=387 ms, used_size=5574656 bytes (13.6%)
(RDMA_READ_CONSUME_CHECK_CONSUMER) timestamp=387 ms, used_size=5572608 bytes (13.6%)
(RDMA_READ_CONSUME_CHECK_CONSUMER) timestamp=387 ms, used_size=5570560 bytes (13.6%)
(RDMA_READ_CONSUME_CHECK_CONSUMER) timestamp=387 ms, used_size=5568512 bytes (13.6%)
(RDMA_READ_CONSUME_CHECK_CONSUMER) timestamp=387 ms, used_size=5566464 bytes (13.6%)
(RDMA_READ_CONSUME_CHECK_CONSUMER) timestamp=387 ms, used_size=5564416 bytes (13.6%)
(RDMA_READ_CONSUME_CHECK_CONSUMER) timestamp=387 ms, used_size=5562368 bytes (13.6%)
(RDMA_READ_CONSUME_CHECK_CONSUMER) timestamp=387 ms, used_size=5560320 bytes (13.6%)
(RDMA_READ_CONSUME_CHECK_CONSUMER) timestamp=387 ms, used_size=5558272 bytes (13.6%)
(RDMA_READ_CONSUME_CHECK_CONSUMER) timestamp=387 ms, used_size=5556224 bytes (13.6%)
(RDMA_READ_CONSUME_CHECK_CONSUMER) timestamp=387 ms, used_size=5554176 bytes (13.6%)
(RDMA_READ_CONSUME_CHECK_CONSUMER) timestamp=387 ms, used_size=5552128 bytes (13.6%)
(RDMA_READ_CONSUME_CHECK_CONSUMER) timestamp=387 ms, used_size=5550080 bytes (13.6%)
(RDMA_READ_CONSUME_CHECK_CONSUMER) timestamp=387 ms, used_size=5548032 bytes (13.5%)
(RDMA_READ_CONSUME_CHECK_CONSUMER) timestamp=387 ms, used_size=5545984 bytes (13.5%)
(RDMA_READ_CONSUME_CHECK_CONSUMER) timestamp=387 ms, used_size=5543936 bytes (13.5%)
(RDMA_READ_CONSUME_CHECK_CONSUMER) timestamp=387 ms, used_size=5541888 bytes (13.5%)
(RDMA_READ_CONSUME_CHECK_CONSUMER) timestamp=387 ms, used_size=5539840 bytes (13.5%)
(RDMA_READ_CONSUME_CHECK_CONSUMER) timestamp=387 ms, used_size=5537792 bytes (13.5%)
(RDMA_READ_CONSUME_CHECK_CONSUMER) timestamp=387 ms, used_size=5535744 bytes (13.5%)
(RDMA_READ_CONSUME_CHECK_CONSUMER) timestamp=387 ms, used_size=5533696 bytes (13.5%)
(RDMA_READ_CONSUME_CHECK_CONSUMER) timestamp=387 ms, used_size=5531648 bytes (13.5%)
(RDMA_READ_CONSUME_CHECK_CONSUMER) timestamp=387 ms, used_size=5529600 bytes (13.5%)
(RDMA_READ_CONSUME_CHECK_CONSUMER) timestamp=387 ms, used_size=5527552 bytes (13.5%)
(RDMA_READ_CONSUME_CHECK_CONSUMER) timestamp=387 ms, used_size=5525504 bytes (13.5%)
(RDMA_READ_CONSUME_CHECK_CONSUMER) timestamp=387 ms, used_size=5523456 bytes (13.5%)
(RDMA_READ_CONSUME_CHECK_CONSUMER) timestamp=387 ms, used_size=5521408 bytes (13.5%)
(RDMA_READ_CONSUME_CHECK_CONSUMER) timestamp=387 ms, used_size=5519360 bytes (13.5%)
(RDMA_READ_CONSUME_CHECK_CONSUMER) timestamp=387 ms, used_size=5517312 bytes (13.5%)
(RDMA_READ_CONSUME_CHECK_CONSUMER) timestamp=387 ms, used_size=5515264 bytes (13.5%)
(RDMA_READ_CONSUME_CHECK_CONSUMER) timestamp=387 ms, used_size=5513216 bytes (13.5%)
(RDMA_READ_CONSUME_CHECK_CONSUMER) timestamp=387 ms, used_size=5511168 bytes (13.5%)
(RDMA_READ_CONSUME_CHECK_CONSUMER) timestamp=387 ms, used_size=5509120 bytes (13.4%)
(RDMA_READ_CONSUME_CHECK_CONSUMER) timestamp=387 ms, used_size=5507072 bytes (13.4%)
(RDMA_READ_CONSUME_CHECK_CONSUMER) timestamp=387 ms, used_size=5505024 bytes (13.4%)
(RDMA_READ_CONSUME_CHECK_CONSUMER) timestamp=387 ms, used_size=5502976 bytes (13.4%)
(RDMA_READ_CONSUME_CHECK_CONSUMER) timestamp=387 ms, used_size=5500928 bytes (13.4%)
(RDMA_READ_CONSUME_CHECK_CONSUMER) timestamp=387 ms, used_size=5498880 bytes (13.4%)
(RDMA_READ_CONSUME_CHECK_CONSUMER) timestamp=387 ms, used_size=5496832 bytes (13.4%)
(RDMA_READ_CONSUME_CHECK_CONSUMER) timestamp=387 ms, used_size=5494784 bytes (13.4%)
(RDMA_READ_CONSUME_CHECK_CONSUMER) timestamp=387 ms, used_size=5492736 bytes (13.4%)
(RDMA_READ_CONSUME_CHECK_CONSUMER) timestamp=387 ms, used_size=5490688 bytes (13.4%)
(RDMA_READ_CONSUME_CHECK_CONSUMER) timestamp=387 ms, used_size=5488640 bytes (13.4%)
(RDMA_READ_CONSUME_CHECK_CONSUMER) timestamp=387 ms, used_size=5486592 bytes (13.4%)
(RDMA_READ_CONSUME_CHECK_CONSUMER) timestamp=387 ms, used_size=5484544 bytes (13.4%)
(RDMA_READ_CONSUME_CHECK_CONSUMER) timestamp=387 ms, used_size=5482496 bytes (13.4%)
(RDMA_READ_CONSUME_CHECK_CONSUMER) timestamp=387 ms, used_size=5480448 bytes (13.4%)
(RDMA_READ_CONSUME_CHECK_CONSUMER) timestamp=387 ms, used_size=5478400 bytes (13.4%)
(RDMA_READ_CONSUME_CHECK_CONSUMER) timestamp=387 ms, used_size=5476352 bytes (13.4%)
(RDMA_READ_CONSUME_CHECK_CONSUMER) timestamp=387 ms, used_size=5474304 bytes (13.4%)
(RDMA_READ_CONSUME_CHECK_CONSUMER) timestamp=387 ms, used_size=5472256 bytes (13.4%)
(RDMA_READ_CONSUME_CHECK_CONSUMER) timestamp=387 ms, used_size=5470208 bytes (13.4%)
(RDMA_READ_CONSUME_CHECK_CONSUMER) timestamp=387 ms, used_size=5468160 bytes (13.3%)
(RDMA_READ_CONSUME_CHECK_CONSUMER) timestamp=387 ms, used_size=5466112 bytes (13.3%)
(RDMA_READ_CONSUME_CHECK_CONSUMER) timestamp=387 ms, used_size=5464064 bytes (13.3%)
(RDMA_READ_CONSUME_CHECK_CONSUMER) timestamp=387 ms, used_size=5462016 bytes (13.3%)
(RDMA_READ_CONSUME_CHECK_CONSUMER) timestamp=387 ms, used_size=5459968 bytes (13.3%)
(RDMA_READ_CONSUME_CHECK_CONSUMER) timestamp=387 ms, used_size=5457920 bytes (13.3%)
(RDMA_READ_CONSUME_CHECK_CONSUMER) timestamp=387 ms, used_size=5455872 bytes (13.3%)
(RDMA_READ_CONSUME_CHECK_CONSUMER) timestamp=387 ms, used_size=5453824 bytes (13.3%)
(RDMA_READ_CONSUME_CHECK_CONSUMER) timestamp=387 ms, used_size=5451776 bytes (13.3%)
(RDMA_READ_CONSUME_CHECK_CONSUMER) timestamp=387 ms, used_size=5449728 bytes (13.3%)
(RDMA_READ_CONSUME_CHECK_CONSUMER) timestamp=387 ms, used_size=5447680 bytes (13.3%)
(RDMA_READ_CONSUME_CHECK_CONSUMER) timestamp=387 ms, used_size=5445632 bytes (13.3%)
(RDMA_READ_CONSUME_CHECK_CONSUMER) timestamp=387 ms, used_size=5443584 bytes (13.3%)
(RDMA_READ_CONSUME_CHECK_CONSUMER) timestamp=387 ms, used_size=5441536 bytes (13.3%)
(RDMA_READ_CONSUME_CHECK_CONSUMER) timestamp=387 ms, used_size=5439488 bytes (13.3%)
(RDMA_READ_CONSUME_CHECK_CONSUMER) timestamp=387 ms, used_size=5437440 bytes (13.3%)
(RDMA_READ_CONSUME_CHECK_CONSUMER) timestamp=387 ms, used_size=5435392 bytes (13.3%)
(RDMA_READ_CONSUME_CHECK_CONSUMER) timestamp=387 ms, used_size=5433344 bytes (13.3%)
(RDMA_READ_CONSUME_CHECK_CONSUMER) timestamp=387 ms, used_size=5431296 bytes (13.3%)
(RDMA_READ_CONSUME_CHECK_CONSUMER) timestamp=387 ms, used_size=5429248 bytes (13.3%)
(RDMA_READ_CONSUME_CHECK_CONSUMER) timestamp=387 ms, used_size=5427200 bytes (13.2%)
(RDMA_READ_CONSUME_CHECK_CONSUMER) timestamp=387 ms, used_size=5425152 bytes (13.2%)
(RDMA_READ_CONSUME_CHECK_CONSUMER) timestamp=387 ms, used_size=5423104 bytes (13.2%)
(RDMA_READ_CONSUME_CHECK_CONSUMER) timestamp=387 ms, used_size=5421056 bytes (13.2%)
(RDMA_READ_CONSUME_CHECK_CONSUMER) timestamp=387 ms, used_size=5419008 bytes (13.2%)
(RDMA_READ_CONSUME_CHECK_CONSUMER) timestamp=387 ms, used_size=5416960 bytes (13.2%)
(RDMA_READ_CONSUME_CHECK_CONSUMER) timestamp=387 ms, used_size=5414912 bytes (13.2%)
(RDMA_READ_CONSUME_CHECK_CONSUMER) timestamp=387 ms, used_size=5412864 bytes (13.2%)
(RDMA_READ_CONSUME_CHECK_CONSUMER) timestamp=387 ms, used_size=5410816 bytes (13.2%)
(RDMA_READ_CONSUME_CHECK_CONSUMER) timestamp=387 ms, used_size=5408768 bytes (13.2%)
(RDMA_READ_CONSUME_CHECK_CONSUMER) timestamp=387 ms, used_size=5406720 bytes (13.2%)
(RDMA_READ_CONSUME_CHECK_CONSUMER) timestamp=387 ms, used_size=5404672 bytes (13.2%)
(RDMA_READ_CONSUME_CHECK_CONSUMER) timestamp=387 ms, used_size=5402624 bytes (13.2%)
(RDMA_READ_CONSUME_CHECK_CONSUMER) timestamp=387 ms, used_size=5400576 bytes (13.2%)
(RDMA_READ_CONSUME_CHECK_CONSUMER) timestamp=387 ms, used_size=5398528 bytes (13.2%)
(RDMA_READ_CONSUME_CHECK_CONSUMER) timestamp=387 ms, used_size=5396480 bytes (13.2%)
(RDMA_READ_CONSUME_CHECK_CONSUMER) timestamp=387 ms, used_size=5394432 bytes (13.2%)
(RDMA_READ_CONSUME_CHECK_CONSUMER) timestamp=387 ms, used_size=5392384 bytes (13.2%)
(RDMA_READ_CONSUME_CHECK_CONSUMER) timestamp=388 ms, used_size=5390336 bytes (13.2%)
(RDMA_READ_CONSUME_CHECK_CONSUMER) timestamp=388 ms, used_size=5388288 bytes (13.2%)
(RDMA_READ_CONSUME_CHECK_CONSUMER) timestamp=388 ms, used_size=5386240 bytes (13.2%)
(RDMA_READ_CONSUME_CHECK_CONSUMER) timestamp=388 ms, used_size=5384192 bytes (13.1%)
(RDMA_READ_CONSUME_CHECK_CONSUMER) timestamp=388 ms, used_size=5382144 bytes (13.1%)
(RDMA_READ_CONSUME_CHECK_CONSUMER) timestamp=388 ms, used_size=5380096 bytes (13.1%)
(RDMA_READ_CONSUME_CHECK_CONSUMER) timestamp=388 ms, used_size=5378048 bytes (13.1%)
(RDMA_READ_CONSUME_CHECK_CONSUMER) timestamp=388 ms, used_size=5376000 bytes (13.1%)
(RDMA_READ_CONSUME_CHECK_CONSUMER) timestamp=388 ms, used_size=5373952 bytes (13.1%)
(RDMA_READ_CONSUME_CHECK_CONSUMER) timestamp=388 ms, used_size=5371904 bytes (13.1%)
(RDMA_READ_CONSUME_CHECK_CONSUMER) timestamp=388 ms, used_size=5369856 bytes (13.1%)
(RDMA_READ_CONSUME_CHECK_CONSUMER) timestamp=388 ms, used_size=5367808 bytes (13.1%)
(RDMA_READ_CONSUME_CHECK_CONSUMER) timestamp=388 ms, used_size=5365760 bytes (13.1%)
(RDMA_READ_CONSUME_CHECK_CONSUMER) timestamp=388 ms, used_size=5363712 bytes (13.1%)
(RDMA_READ_CONSUME_CHECK_CONSUMER) timestamp=388 ms, used_size=5361664 bytes (13.1%)
(RDMA_READ_CONSUME_CHECK_CONSUMER) timestamp=388 ms, used_size=5359616 bytes (13.1%)
(RDMA_READ_CONSUME_CHECK_CONSUMER) timestamp=388 ms, used_size=5357568 bytes (13.1%)
(RDMA_READ_CONSUME_CHECK_CONSUMER) timestamp=388 ms, used_size=5355520 bytes (13.1%)
(RDMA_READ_CONSUME_CHECK_CONSUMER) timestamp=388 ms, used_size=5353472 bytes (13.1%)
(RDMA_READ_CONSUME_CHECK_CONSUMER) timestamp=388 ms, used_size=5351424 bytes (13.1%)
(RDMA_READ_CONSUME_CHECK_CONSUMER) timestamp=388 ms, used_size=5349376 bytes (13.1%)
(RDMA_READ_CONSUME_CHECK_CONSUMER) timestamp=388 ms, used_size=5347328 bytes (13.1%)
(RDMA_READ_CONSUME_CHECK_CONSUMER) timestamp=388 ms, used_size=5345280 bytes (13.1%)
(RDMA_READ_CONSUME_CHECK_CONSUMER) timestamp=388 ms, used_size=5343232 bytes (13.0%)
(RDMA_READ_CONSUME_CHECK_CONSUMER) timestamp=388 ms, used_size=5341184 bytes (13.0%)
(RDMA_READ_CONSUME_CHECK_CONSUMER) timestamp=388 ms, used_size=5339136 bytes (13.0%)
(RDMA_READ_CONSUME_CHECK_CONSUMER) timestamp=388 ms, used_size=5337088 bytes (13.0%)
(RDMA_READ_CONSUME_CHECK_CONSUMER) timestamp=388 ms, used_size=5335040 bytes (13.0%)
(RDMA_READ_CONSUME_CHECK_CONSUMER) timestamp=388 ms, used_size=5332992 bytes (13.0%)
(RDMA_READ_CONSUME_CHECK_CONSUMER) timestamp=388 ms, used_size=5330944 bytes (13.0%)
(RDMA_READ_CONSUME_CHECK_CONSUMER) timestamp=388 ms, used_size=5328896 bytes (13.0%)
(RDMA_READ_CONSUME_CHECK_CONSUMER) timestamp=388 ms, used_size=5326848 bytes (13.0%)
(RDMA_READ_CONSUME_CHECK_CONSUMER) timestamp=388 ms, used_size=5324800 bytes (13.0%)
(RDMA_READ_CONSUME_CHECK_CONSUMER) timestamp=388 ms, used_size=5322752 bytes (13.0%)
(RDMA_READ_CONSUME_CHECK_CONSUMER) timestamp=388 ms, used_size=5320704 bytes (13.0%)
(RDMA_READ_CONSUME_CHECK_CONSUMER) timestamp=388 ms, used_size=5318656 bytes (13.0%)
(RDMA_READ_CONSUME_CHECK_CONSUMER) timestamp=388 ms, used_size=5316608 bytes (13.0%)
(RDMA_READ_CONSUME_CHECK_CONSUMER) timestamp=388 ms, used_size=5314560 bytes (13.0%)
(RDMA_READ_CONSUME_CHECK_CONSUMER) timestamp=388 ms, used_size=5312512 bytes (13.0%)
(RDMA_READ_CONSUME_CHECK_CONSUMER) timestamp=388 ms, used_size=5310464 bytes (13.0%)
(RDMA_READ_CONSUME_CHECK_CONSUMER) timestamp=388 ms, used_size=5308416 bytes (13.0%)
(RDMA_READ_CONSUME_CHECK_CONSUMER) timestamp=388 ms, used_size=5306368 bytes (13.0%)
(RDMA_READ_CONSUME_CHECK_CONSUMER) timestamp=388 ms, used_size=5304320 bytes (12.9%)
(RDMA_READ_CONSUME_CHECK_CONSUMER) timestamp=388 ms, used_size=5302272 bytes (12.9%)
(RDMA_READ_CONSUME_CHECK_CONSUMER) timestamp=388 ms, used_size=5300224 bytes (12.9%)
(RDMA_READ_CONSUME_CHECK_CONSUMER) timestamp=388 ms, used_size=5298176 bytes (12.9%)
(RDMA_READ_CONSUME_CHECK_CONSUMER) timestamp=388 ms, used_size=5296128 bytes (12.9%)
(RDMA_READ_CONSUME_CHECK_CONSUMER) timestamp=388 ms, used_size=5294080 bytes (12.9%)
(RDMA_READ_CONSUME_CHECK_CONSUMER) timestamp=388 ms, used_size=5292032 bytes (12.9%)
(RDMA_READ_CONSUME_CHECK_CONSUMER) timestamp=388 ms, used_size=5289984 bytes (12.9%)
(RDMA_READ_CONSUME_CHECK_CONSUMER) timestamp=388 ms, used_size=5287936 bytes (12.9%)
(RDMA_READ_CONSUME_CHECK_CONSUMER) timestamp=388 ms, used_size=5285888 bytes (12.9%)
(RDMA_READ_CONSUME_CHECK_CONSUMER) timestamp=388 ms, used_size=5283840 bytes (12.9%)
(RDMA_READ_CONSUME_CHECK_CONSUMER) timestamp=388 ms, used_size=5281792 bytes (12.9%)
(RDMA_READ_CONSUME_CHECK_CONSUMER) timestamp=388 ms, used_size=5279744 bytes (12.9%)
(RDMA_READ_CONSUME_CHECK_CONSUMER) timestamp=388 ms, used_size=5277696 bytes (12.9%)
(RDMA_READ_CONSUME_CHECK_CONSUMER) timestamp=388 ms, used_size=5275648 bytes (12.9%)
(RDMA_READ_CONSUME_CHECK_CONSUMER) timestamp=388 ms, used_size=5273600 bytes (12.9%)
(RDMA_READ_CONSUME_CHECK_CONSUMER) timestamp=388 ms, used_size=5271552 bytes (12.9%)
(RDMA_READ_CONSUME_CHECK_CONSUMER) timestamp=388 ms, used_size=5269504 bytes (12.9%)
(RDMA_READ_CONSUME_CHECK_CONSUMER) timestamp=388 ms, used_size=5267456 bytes (12.9%)
(RDMA_READ_CONSUME_CHECK_CONSUMER) timestamp=388 ms, used_size=5265408 bytes (12.9%)
(RDMA_READ_CONSUME_CHECK_CONSUMER) timestamp=388 ms, used_size=5263360 bytes (12.8%)
(RDMA_READ_CONSUME_CHECK_CONSUMER) timestamp=388 ms, used_size=5261312 bytes (12.8%)
(RDMA_READ_CONSUME_CHECK_CONSUMER) timestamp=388 ms, used_size=5259264 bytes (12.8%)
(RDMA_READ_CONSUME_CHECK_CONSUMER) timestamp=388 ms, used_size=5257216 bytes (12.8%)
(RDMA_READ_CONSUME_CHECK_CONSUMER) timestamp=388 ms, used_size=5255168 bytes (12.8%)
(RDMA_READ_CONSUME_CHECK_CONSUMER) timestamp=388 ms, used_size=5253120 bytes (12.8%)
(RDMA_READ_CONSUME_CHECK_CONSUMER) timestamp=388 ms, used_size=5251072 bytes (12.8%)
(RDMA_READ_CONSUME_CHECK_CONSUMER) timestamp=388 ms, used_size=5249024 bytes (12.8%)
(RDMA_READ_CONSUME_CHECK_CONSUMER) timestamp=388 ms, used_size=5246976 bytes (12.8%)
(RDMA_READ_CONSUME_CHECK_CONSUMER) timestamp=388 ms, used_size=5244928 bytes (12.8%)
(RDMA_READ_CONSUME_CHECK_CONSUMER) timestamp=388 ms, used_size=5242880 bytes (12.8%)
(RDMA_READ_CONSUME_CHECK_CONSUMER) timestamp=388 ms, used_size=5240832 bytes (12.8%)
(RDMA_READ_CONSUME_CHECK_CONSUMER) timestamp=388 ms, used_size=5238784 bytes (12.8%)
(RDMA_READ_CONSUME_CHECK_CONSUMER) timestamp=388 ms, used_size=5236736 bytes (12.8%)
(RDMA_READ_CONSUME_CHECK_CONSUMER) timestamp=388 ms, used_size=5234688 bytes (12.8%)
(RDMA_READ_CONSUME_CHECK_CONSUMER) timestamp=388 ms, used_size=5232640 bytes (12.8%)
(RDMA_READ_CONSUME_CHECK_CONSUMER) timestamp=388 ms, used_size=5230592 bytes (12.8%)
(RDMA_READ_CONSUME_CHECK_CONSUMER) timestamp=388 ms, used_size=5228544 bytes (12.8%)
(RDMA_READ_CONSUME_CHECK_CONSUMER) timestamp=388 ms, used_size=5226496 bytes (12.8%)
(RDMA_READ_CONSUME_CHECK_CONSUMER) timestamp=388 ms, used_size=5224448 bytes (12.8%)
(RDMA_READ_CONSUME_CHECK_CONSUMER) timestamp=388 ms, used_size=5222400 bytes (12.8%)
(RDMA_READ_CONSUME_CHECK_CONSUMER) timestamp=388 ms, used_size=5220352 bytes (12.7%)
(RDMA_READ_CONSUME_CHECK_CONSUMER) timestamp=388 ms, used_size=5218304 bytes (12.7%)
(RDMA_READ_CONSUME_CHECK_CONSUMER) timestamp=388 ms, used_size=5216256 bytes (12.7%)
(RDMA_READ_CONSUME_CHECK_CONSUMER) timestamp=388 ms, used_size=5214208 bytes (12.7%)
(RDMA_READ_CONSUME_CHECK_CONSUMER) timestamp=388 ms, used_size=5212160 bytes (12.7%)
(RDMA_READ_CONSUME_CHECK_CONSUMER) timestamp=388 ms, used_size=5210112 bytes (12.7%)
(RDMA_READ_CONSUME_CHECK_CONSUMER) timestamp=388 ms, used_size=5208064 bytes (12.7%)
(RDMA_READ_CONSUME_CHECK_CONSUMER) timestamp=388 ms, used_size=5206016 bytes (12.7%)
(RDMA_READ_CONSUME_CHECK_CONSUMER) timestamp=388 ms, used_size=5203968 bytes (12.7%)
(RDMA_READ_CONSUME_CHECK_CONSUMER) timestamp=388 ms, used_size=5201920 bytes (12.7%)
(RDMA_READ_CONSUME_CHECK_CONSUMER) timestamp=388 ms, used_size=5199872 bytes (12.7%)
(RDMA_READ_CONSUME_CHECK_CONSUMER) timestamp=388 ms, used_size=5197824 bytes (12.7%)
(RDMA_READ_CONSUME_CHECK_CONSUMER) timestamp=388 ms, used_size=5195776 bytes (12.7%)
(RDMA_READ_CONSUME_CHECK_CONSUMER) timestamp=388 ms, used_size=5193728 bytes (12.7%)
(RDMA_READ_CONSUME_CHECK_CONSUMER) timestamp=388 ms, used_size=5191680 bytes (12.7%)
(RDMA_READ_CONSUME_CHECK_CONSUMER) timestamp=388 ms, used_size=5189632 bytes (12.7%)
(RDMA_READ_CONSUME_CHECK_CONSUMER) timestamp=388 ms, used_size=5187584 bytes (12.7%)
(RDMA_READ_CONSUME_CHECK_CONSUMER) timestamp=388 ms, used_size=5185536 bytes (12.7%)
(RDMA_READ_CONSUME_CHECK_CONSUMER) timestamp=388 ms, used_size=5183488 bytes (12.7%)
(RDMA_READ_CONSUME_CHECK_CONSUMER) timestamp=388 ms, used_size=5181440 bytes (12.7%)
(RDMA_READ_CONSUME_CHECK_CONSUMER) timestamp=388 ms, used_size=5179392 bytes (12.6%)
(RDMA_READ_CONSUME_CHECK_CONSUMER) timestamp=388 ms, used_size=5177344 bytes (12.6%)
(RDMA_READ_CONSUME_CHECK_CONSUMER) timestamp=388 ms, used_size=5175296 bytes (12.6%)
(RDMA_READ_CONSUME_CHECK_CONSUMER) timestamp=388 ms, used_size=5173248 bytes (12.6%)
(RDMA_READ_CONSUME_CHECK_CONSUMER) timestamp=388 ms, used_size=5171200 bytes (12.6%)
(RDMA_READ_CONSUME_CHECK_CONSUMER) timestamp=388 ms, used_size=5169152 bytes (12.6%)
(RDMA_READ_CONSUME_CHECK_CONSUMER) timestamp=388 ms, used_size=5167104 bytes (12.6%)
(RDMA_READ_CONSUME_CHECK_CONSUMER) timestamp=388 ms, used_size=5165056 bytes (12.6%)
(RDMA_READ_CONSUME_CHECK_CONSUMER) timestamp=388 ms, used_size=5163008 bytes (12.6%)
(RDMA_READ_CONSUME_CHECK_CONSUMER) timestamp=388 ms, used_size=5160960 bytes (12.6%)
(RDMA_READ_CONSUME_CHECK_CONSUMER) timestamp=388 ms, used_size=5158912 bytes (12.6%)
(RDMA_READ_CONSUME_CHECK_CONSUMER) timestamp=388 ms, used_size=5156864 bytes (12.6%)
(RDMA_READ_CONSUME_CHECK_CONSUMER) timestamp=388 ms, used_size=5154816 bytes (12.6%)
(RDMA_READ_CONSUME_CHECK_CONSUMER) timestamp=388 ms, used_size=5152768 bytes (12.6%)
(RDMA_READ_CONSUME_CHECK_CONSUMER) timestamp=388 ms, used_size=5150720 bytes (12.6%)
(RDMA_READ_CONSUME_CHECK_CONSUMER) timestamp=388 ms, used_size=5148672 bytes (12.6%)
(RDMA_READ_CONSUME_CHECK_CONSUMER) timestamp=388 ms, used_size=5146624 bytes (12.6%)
(RDMA_READ_CONSUME_CHECK_CONSUMER) timestamp=388 ms, used_size=5144576 bytes (12.6%)
(RDMA_READ_CONSUME_CHECK_CONSUMER) timestamp=388 ms, used_size=5142528 bytes (12.6%)
(RDMA_READ_CONSUME_CHECK_CONSUMER) timestamp=388 ms, used_size=5140480 bytes (12.6%)
(RDMA_READ_CONSUME_CHECK_CONSUMER) timestamp=388 ms, used_size=5138432 bytes (12.5%)
(RDMA_READ_CONSUME_CHECK_CONSUMER) timestamp=388 ms, used_size=5136384 bytes (12.5%)
(RDMA_READ_CONSUME_CHECK_CONSUMER) timestamp=388 ms, used_size=5134336 bytes (12.5%)
(RDMA_READ_CONSUME_CHECK_CONSUMER) timestamp=388 ms, used_size=5132288 bytes (12.5%)
(RDMA_READ_CONSUME_CHECK_CONSUMER) timestamp=388 ms, used_size=5130240 bytes (12.5%)
(RDMA_READ_CONSUME_CHECK_CONSUMER) timestamp=388 ms, used_size=5128192 bytes (12.5%)
(RDMA_READ_CONSUME_CHECK_CONSUMER) timestamp=388 ms, used_size=5126144 bytes (12.5%)
(RDMA_READ_CONSUME_CHECK_CONSUMER) timestamp=388 ms, used_size=5124096 bytes (12.5%)
(RDMA_READ_CONSUME_CHECK_CONSUMER) timestamp=388 ms, used_size=5122048 bytes (12.5%)
(RDMA_READ_CONSUME_CHECK_CONSUMER) timestamp=388 ms, used_size=5120000 bytes (12.5%)
(RDMA_READ_CONSUME_CHECK_CONSUMER) timestamp=388 ms, used_size=5117952 bytes (12.5%)
(RDMA_READ_CONSUME_CHECK_CONSUMER) timestamp=388 ms, used_size=5115904 bytes (12.5%)
(RDMA_READ_CONSUME_CHECK_CONSUMER) timestamp=388 ms, used_size=5113856 bytes (12.5%)
(RDMA_READ_CONSUME_CHECK_CONSUMER) timestamp=388 ms, used_size=5111808 bytes (12.5%)
(RDMA_READ_CONSUME_CHECK_CONSUMER) timestamp=388 ms, used_size=5109760 bytes (12.5%)
(RDMA_READ_CONSUME_CHECK_CONSUMER) timestamp=388 ms, used_size=5107712 bytes (12.5%)
(RDMA_READ_CONSUME_CHECK_CONSUMER) timestamp=388 ms, used_size=5105664 bytes (12.5%)
(RDMA_READ_CONSUME_CHECK_CONSUMER) timestamp=388 ms, used_size=5103616 bytes (12.5%)
(RDMA_READ_CONSUME_CHECK_CONSUMER) timestamp=388 ms, used_size=5101568 bytes (12.5%)
(RDMA_READ_CONSUME_CHECK_CONSUMER) timestamp=388 ms, used_size=5099520 bytes (12.4%)
(RDMA_READ_CONSUME_CHECK_CONSUMER) timestamp=388 ms, used_size=5097472 bytes (12.4%)
(RDMA_READ_CONSUME_CHECK_CONSUMER) timestamp=388 ms, used_size=5095424 bytes (12.4%)
(RDMA_READ_CONSUME_CHECK_CONSUMER) timestamp=388 ms, used_size=5093376 bytes (12.4%)
(RDMA_READ_CONSUME_CHECK_CONSUMER) timestamp=388 ms, used_size=5091328 bytes (12.4%)
(RDMA_READ_CONSUME_CHECK_CONSUMER) timestamp=388 ms, used_size=5089280 bytes (12.4%)
(RDMA_READ_CONSUME_CHECK_CONSUMER) timestamp=388 ms, used_size=5087232 bytes (12.4%)
(RDMA_READ_CONSUME_CHECK_CONSUMER) timestamp=388 ms, used_size=5085184 bytes (12.4%)
(RDMA_READ_CONSUME_CHECK_CONSUMER) timestamp=388 ms, used_size=5083136 bytes (12.4%)
(RDMA_READ_CONSUME_CHECK_CONSUMER) timestamp=388 ms, used_size=5081088 bytes (12.4%)
(RDMA_READ_CONSUME_CHECK_CONSUMER) timestamp=388 ms, used_size=5079040 bytes (12.4%)
(RDMA_READ_CONSUME_CHECK_CONSUMER) timestamp=388 ms, used_size=5076992 bytes (12.4%)
(RDMA_READ_CONSUME_CHECK_CONSUMER) timestamp=388 ms, used_size=5074944 bytes (12.4%)
(RDMA_READ_CONSUME_CHECK_CONSUMER) timestamp=388 ms, used_size=5072896 bytes (12.4%)
(RDMA_READ_CONSUME_CHECK_CONSUMER) timestamp=388 ms, used_size=5070848 bytes (12.4%)
(RDMA_READ_CONSUME_CHECK_CONSUMER) timestamp=388 ms, used_size=5068800 bytes (12.4%)
(RDMA_READ_CONSUME_CHECK_CONSUMER) timestamp=388 ms, used_size=5066752 bytes (12.4%)
(RDMA_READ_CONSUME_CHECK_CONSUMER) timestamp=388 ms, used_size=5064704 bytes (12.4%)
(RDMA_READ_CONSUME_CHECK_CONSUMER) timestamp=388 ms, used_size=5062656 bytes (12.4%)
(RDMA_READ_CONSUME_CHECK_CONSUMER) timestamp=388 ms, used_size=5060608 bytes (12.4%)
(RDMA_READ_CONSUME_CHECK_CONSUMER) timestamp=388 ms, used_size=5058560 bytes (12.3%)
(RDMA_READ_CONSUME_CHECK_CONSUMER) timestamp=388 ms, used_size=5056512 bytes (12.3%)
(RDMA_READ_CONSUME_CHECK_CONSUMER) timestamp=388 ms, used_size=5054464 bytes (12.3%)
(RDMA_READ_CONSUME_CHECK_CONSUMER) timestamp=388 ms, used_size=5052416 bytes (12.3%)
(RDMA_READ_CONSUME_CHECK_CONSUMER) timestamp=388 ms, used_size=5050368 bytes (12.3%)
(RDMA_READ_CONSUME_CHECK_CONSUMER) timestamp=388 ms, used_size=5048320 bytes (12.3%)
(RDMA_READ_CONSUME_CHECK_CONSUMER) timestamp=388 ms, used_size=5046272 bytes (12.3%)
(RDMA_READ_CONSUME_CHECK_CONSUMER) timestamp=388 ms, used_size=5044224 bytes (12.3%)
(RDMA_READ_CONSUME_CHECK_CONSUMER) timestamp=388 ms, used_size=5042176 bytes (12.3%)
(RDMA_READ_CONSUME_CHECK_CONSUMER) timestamp=388 ms, used_size=5040128 bytes (12.3%)
(RDMA_READ_CONSUME_CHECK_CONSUMER) timestamp=388 ms, used_size=5038080 bytes (12.3%)
(RDMA_READ_CONSUME_CHECK_CONSUMER) timestamp=388 ms, used_size=5036032 bytes (12.3%)
(RDMA_READ_CONSUME_CHECK_CONSUMER) timestamp=388 ms, used_size=5033984 bytes (12.3%)
(RDMA_READ_CONSUME_CHECK_CONSUMER) timestamp=388 ms, used_size=5031936 bytes (12.3%)
(RDMA_READ_CONSUME_CHECK_CONSUMER) timestamp=388 ms, used_size=5029888 bytes (12.3%)
(RDMA_READ_CONSUME_CHECK_CONSUMER) timestamp=388 ms, used_size=5027840 bytes (12.3%)
(RDMA_READ_CONSUME_CHECK_CONSUMER) timestamp=388 ms, used_size=5025792 bytes (12.3%)
(RDMA_READ_CONSUME_CHECK_CONSUMER) timestamp=388 ms, used_size=5023744 bytes (12.3%)
(RDMA_READ_CONSUME_CHECK_CONSUMER) timestamp=388 ms, used_size=5021696 bytes (12.3%)
(RDMA_READ_CONSUME_CHECK_CONSUMER) timestamp=389 ms, used_size=5019648 bytes (12.3%)
(RDMA_READ_CONSUME_CHECK_CONSUMER) timestamp=389 ms, used_size=5017600 bytes (12.2%)
(RDMA_READ_CONSUME_CHECK_CONSUMER) timestamp=389 ms, used_size=5015552 bytes (12.2%)
(RDMA_READ_CONSUME_CHECK_CONSUMER) timestamp=389 ms, used_size=5013504 bytes (12.2%)
(RDMA_READ_CONSUME_CHECK_CONSUMER) timestamp=389 ms, used_size=5011456 bytes (12.2%)
(RDMA_READ_CONSUME_CHECK_CONSUMER) timestamp=389 ms, used_size=5009408 bytes (12.2%)
(RDMA_READ_CONSUME_CHECK_CONSUMER) timestamp=389 ms, used_size=5007360 bytes (12.2%)
(RDMA_READ_CONSUME_CHECK_CONSUMER) timestamp=389 ms, used_size=5005312 bytes (12.2%)
(RDMA_READ_CONSUME_CHECK_CONSUMER) timestamp=389 ms, used_size=5003264 bytes (12.2%)
(RDMA_READ_CONSUME_CHECK_CONSUMER) timestamp=389 ms, used_size=5001216 bytes (12.2%)
(RDMA_READ_CONSUME_CHECK_CONSUMER) timestamp=389 ms, used_size=4999168 bytes (12.2%)
(RDMA_READ_CONSUME_CHECK_CONSUMER) timestamp=389 ms, used_size=4997120 bytes (12.2%)
(RDMA_READ_CONSUME_CHECK_CONSUMER) timestamp=389 ms, used_size=4995072 bytes (12.2%)
(RDMA_READ_CONSUME_CHECK_CONSUMER) timestamp=389 ms, used_size=4993024 bytes (12.2%)
(RDMA_READ_CONSUME_CHECK_CONSUMER) timestamp=389 ms, used_size=4990976 bytes (12.2%)
(RDMA_READ_CONSUME_CHECK_CONSUMER) timestamp=389 ms, used_size=4988928 bytes (12.2%)
(RDMA_READ_CONSUME_CHECK_CONSUMER) timestamp=389 ms, used_size=4986880 bytes (12.2%)
(RDMA_READ_CONSUME_CHECK_CONSUMER) timestamp=389 ms, used_size=4984832 bytes (12.2%)
(RDMA_READ_CONSUME_CHECK_CONSUMER) timestamp=389 ms, used_size=4982784 bytes (12.2%)
(RDMA_READ_CONSUME_CHECK_CONSUMER) timestamp=389 ms, used_size=4980736 bytes (12.2%)
(RDMA_READ_CONSUME_CHECK_CONSUMER) timestamp=389 ms, used_size=4978688 bytes (12.2%)
(RDMA_READ_CONSUME_CHECK_CONSUMER) timestamp=389 ms, used_size=4976640 bytes (12.2%)
(RDMA_READ_CONSUME_CHECK_CONSUMER) timestamp=389 ms, used_size=4974592 bytes (12.1%)
(RDMA_READ_CONSUME_CHECK_CONSUMER) timestamp=389 ms, used_size=4972544 bytes (12.1%)
(RDMA_READ_CONSUME_CHECK_CONSUMER) timestamp=389 ms, used_size=4970496 bytes (12.1%)
(RDMA_READ_CONSUME_CHECK_CONSUMER) timestamp=389 ms, used_size=4968448 bytes (12.1%)
(RDMA_READ_CONSUME_CHECK_CONSUMER) timestamp=389 ms, used_size=4966400 bytes (12.1%)
(RDMA_READ_CONSUME_CHECK_CONSUMER) timestamp=389 ms, used_size=4964352 bytes (12.1%)
(RDMA_READ_CONSUME_CHECK_CONSUMER) timestamp=389 ms, used_size=4962304 bytes (12.1%)
(RDMA_READ_CONSUME_CHECK_CONSUMER) timestamp=389 ms, used_size=4960256 bytes (12.1%)
(RDMA_READ_CONSUME_CHECK_CONSUMER) timestamp=389 ms, used_size=4958208 bytes (12.1%)
(RDMA_READ_CONSUME_CHECK_CONSUMER) timestamp=389 ms, used_size=4956160 bytes (12.1%)
(RDMA_READ_CONSUME_CHECK_CONSUMER) timestamp=389 ms, used_size=4954112 bytes (12.1%)
(RDMA_READ_CONSUME_CHECK_CONSUMER) timestamp=389 ms, used_size=4952064 bytes (12.1%)
(RDMA_READ_CONSUME_CHECK_CONSUMER) timestamp=389 ms, used_size=4950016 bytes (12.1%)
(RDMA_READ_CONSUME_CHECK_CONSUMER) timestamp=389 ms, used_size=4947968 bytes (12.1%)
(RDMA_READ_CONSUME_CHECK_CONSUMER) timestamp=389 ms, used_size=4945920 bytes (12.1%)
(RDMA_READ_CONSUME_CHECK_CONSUMER) timestamp=389 ms, used_size=4943872 bytes (12.1%)
(RDMA_READ_CONSUME_CHECK_CONSUMER) timestamp=389 ms, used_size=4941824 bytes (12.1%)
(RDMA_READ_CONSUME_CHECK_CONSUMER) timestamp=389 ms, used_size=4939776 bytes (12.1%)
(RDMA_READ_CONSUME_CHECK_CONSUMER) timestamp=389 ms, used_size=4937728 bytes (12.1%)
(RDMA_READ_CONSUME_CHECK_CONSUMER) timestamp=389 ms, used_size=4935680 bytes (12.1%)
(RDMA_READ_CONSUME_CHECK_CONSUMER) timestamp=389 ms, used_size=4933632 bytes (12.0%)
(RDMA_READ_CONSUME_CHECK_CONSUMER) timestamp=389 ms, used_size=4931584 bytes (12.0%)
(RDMA_READ_CONSUME_CHECK_CONSUMER) timestamp=389 ms, used_size=4929536 bytes (12.0%)
(RDMA_READ_CONSUME_CHECK_CONSUMER) timestamp=389 ms, used_size=4927488 bytes (12.0%)
(RDMA_READ_CONSUME_CHECK_CONSUMER) timestamp=389 ms, used_size=4925440 bytes (12.0%)
(RDMA_READ_CONSUME_CHECK_CONSUMER) timestamp=389 ms, used_size=4923392 bytes (12.0%)
(RDMA_READ_CONSUME_CHECK_CONSUMER) timestamp=389 ms, used_size=4921344 bytes (12.0%)
(RDMA_READ_CONSUME_CHECK_CONSUMER) timestamp=389 ms, used_size=4919296 bytes (12.0%)
(RDMA_READ_CONSUME_CHECK_CONSUMER) timestamp=389 ms, used_size=4917248 bytes (12.0%)
(RDMA_READ_CONSUME_CHECK_CONSUMER) timestamp=389 ms, used_size=4915200 bytes (12.0%)
(RDMA_READ_CONSUME_CHECK_CONSUMER) timestamp=389 ms, used_size=4913152 bytes (12.0%)
(RDMA_READ_CONSUME_CHECK_CONSUMER) timestamp=389 ms, used_size=4911104 bytes (12.0%)
(RDMA_READ_CONSUME_CHECK_CONSUMER) timestamp=389 ms, used_size=4909056 bytes (12.0%)
(RDMA_READ_CONSUME_CHECK_CONSUMER) timestamp=389 ms, used_size=4907008 bytes (12.0%)
(RDMA_READ_CONSUME_CHECK_CONSUMER) timestamp=389 ms, used_size=4904960 bytes (12.0%)
(RDMA_READ_CONSUME_CHECK_CONSUMER) timestamp=389 ms, used_size=4902912 bytes (12.0%)
(RDMA_READ_CONSUME_CHECK_CONSUMER) timestamp=389 ms, used_size=4900864 bytes (12.0%)
(RDMA_READ_CONSUME_CHECK_CONSUMER) timestamp=389 ms, used_size=4898816 bytes (12.0%)
(RDMA_READ_CONSUME_CHECK_CONSUMER) timestamp=389 ms, used_size=4896768 bytes (12.0%)
(RDMA_READ_CONSUME_CHECK_CONSUMER) timestamp=389 ms, used_size=4894720 bytes (11.9%)
(RDMA_READ_CONSUME_CHECK_CONSUMER) timestamp=389 ms, used_size=4892672 bytes (11.9%)
(RDMA_READ_CONSUME_CHECK_CONSUMER) timestamp=389 ms, used_size=4890624 bytes (11.9%)
(RDMA_READ_CONSUME_CHECK_CONSUMER) timestamp=389 ms, used_size=4888576 bytes (11.9%)
(RDMA_READ_CONSUME_CHECK_CONSUMER) timestamp=389 ms, used_size=4886528 bytes (11.9%)
(RDMA_READ_CONSUME_CHECK_CONSUMER) timestamp=389 ms, used_size=4884480 bytes (11.9%)
(RDMA_READ_CONSUME_CHECK_CONSUMER) timestamp=389 ms, used_size=4882432 bytes (11.9%)
(RDMA_READ_CONSUME_CHECK_CONSUMER) timestamp=389 ms, used_size=4880384 bytes (11.9%)
(RDMA_READ_CONSUME_CHECK_CONSUMER) timestamp=389 ms, used_size=4878336 bytes (11.9%)
(RDMA_READ_CONSUME_CHECK_CONSUMER) timestamp=389 ms, used_size=4876288 bytes (11.9%)
(RDMA_READ_CONSUME_CHECK_CONSUMER) timestamp=389 ms, used_size=4874240 bytes (11.9%)
(RDMA_READ_CONSUME_CHECK_CONSUMER) timestamp=389 ms, used_size=4872192 bytes (11.9%)
(RDMA_READ_CONSUME_CHECK_CONSUMER) timestamp=389 ms, used_size=4870144 bytes (11.9%)
(RDMA_READ_CONSUME_CHECK_CONSUMER) timestamp=389 ms, used_size=4868096 bytes (11.9%)
(RDMA_READ_CONSUME_CHECK_CONSUMER) timestamp=389 ms, used_size=4866048 bytes (11.9%)
(RDMA_READ_CONSUME_CHECK_CONSUMER) timestamp=389 ms, used_size=4864000 bytes (11.9%)
(RDMA_READ_CONSUME_CHECK_CONSUMER) timestamp=389 ms, used_size=4861952 bytes (11.9%)
(RDMA_READ_CONSUME_CHECK_CONSUMER) timestamp=389 ms, used_size=4859904 bytes (11.9%)
(RDMA_READ_CONSUME_CHECK_CONSUMER) timestamp=389 ms, used_size=4857856 bytes (11.9%)
(RDMA_READ_CONSUME_CHECK_CONSUMER) timestamp=389 ms, used_size=4855808 bytes (11.9%)
(RDMA_READ_CONSUME_CHECK_CONSUMER) timestamp=389 ms, used_size=4853760 bytes (11.8%)
(RDMA_READ_CONSUME_CHECK_CONSUMER) timestamp=389 ms, used_size=4851712 bytes (11.8%)
(RDMA_READ_CONSUME_CHECK_CONSUMER) timestamp=389 ms, used_size=4849664 bytes (11.8%)
(RDMA_READ_CONSUME_CHECK_CONSUMER) timestamp=389 ms, used_size=4847616 bytes (11.8%)
(RDMA_READ_CONSUME_CHECK_CONSUMER) timestamp=389 ms, used_size=4845568 bytes (11.8%)
(RDMA_READ_CONSUME_CHECK_CONSUMER) timestamp=389 ms, used_size=4843520 bytes (11.8%)
(RDMA_READ_CONSUME_CHECK_CONSUMER) timestamp=389 ms, used_size=4841472 bytes (11.8%)
(RDMA_READ_CONSUME_CHECK_CONSUMER) timestamp=389 ms, used_size=4839424 bytes (11.8%)
(RDMA_READ_CONSUME_CHECK_CONSUMER) timestamp=389 ms, used_size=4837376 bytes (11.8%)
(RDMA_READ_CONSUME_CHECK_CONSUMER) timestamp=389 ms, used_size=4835328 bytes (11.8%)
(RDMA_READ_CONSUME_CHECK_CONSUMER) timestamp=389 ms, used_size=4833280 bytes (11.8%)
(RDMA_READ_CONSUME_CHECK_CONSUMER) timestamp=389 ms, used_size=4831232 bytes (11.8%)
(RDMA_READ_CONSUME_CHECK_CONSUMER) timestamp=389 ms, used_size=4829184 bytes (11.8%)
(RDMA_READ_CONSUME_CHECK_CONSUMER) timestamp=389 ms, used_size=4827136 bytes (11.8%)
(RDMA_READ_CONSUME_CHECK_CONSUMER) timestamp=389 ms, used_size=4825088 bytes (11.8%)
(RDMA_READ_CONSUME_CHECK_CONSUMER) timestamp=389 ms, used_size=4823040 bytes (11.8%)
(RDMA_READ_CONSUME_CHECK_CONSUMER) timestamp=389 ms, used_size=4820992 bytes (11.8%)
(RDMA_READ_CONSUME_CHECK_CONSUMER) timestamp=389 ms, used_size=4818944 bytes (11.8%)
(RDMA_READ_CONSUME_CHECK_CONSUMER) timestamp=389 ms, used_size=4816896 bytes (11.8%)
(RDMA_READ_CONSUME_CHECK_CONSUMER) timestamp=389 ms, used_size=4814848 bytes (11.8%)
(RDMA_READ_CONSUME_CHECK_CONSUMER) timestamp=389 ms, used_size=4812800 bytes (11.8%)
(RDMA_READ_CONSUME_CHECK_CONSUMER) timestamp=389 ms, used_size=4810752 bytes (11.7%)
(RDMA_READ_CONSUME_CHECK_CONSUMER) timestamp=389 ms, used_size=4808704 bytes (11.7%)
(RDMA_READ_CONSUME_CHECK_CONSUMER) timestamp=389 ms, used_size=4806656 bytes (11.7%)
(RDMA_READ_CONSUME_CHECK_CONSUMER) timestamp=389 ms, used_size=4804608 bytes (11.7%)
(RDMA_READ_CONSUME_CHECK_CONSUMER) timestamp=389 ms, used_size=4802560 bytes (11.7%)
(RDMA_READ_CONSUME_CHECK_CONSUMER) timestamp=389 ms, used_size=4800512 bytes (11.7%)
(RDMA_READ_CONSUME_CHECK_CONSUMER) timestamp=389 ms, used_size=4798464 bytes (11.7%)
(RDMA_READ_CONSUME_CHECK_CONSUMER) timestamp=389 ms, used_size=4796416 bytes (11.7%)
(RDMA_READ_CONSUME_CHECK_CONSUMER) timestamp=389 ms, used_size=4794368 bytes (11.7%)
(RDMA_READ_CONSUME_CHECK_CONSUMER) timestamp=389 ms, used_size=4792320 bytes (11.7%)
(RDMA_READ_CONSUME_CHECK_CONSUMER) timestamp=389 ms, used_size=4790272 bytes (11.7%)
(RDMA_READ_CONSUME_CHECK_CONSUMER) timestamp=389 ms, used_size=4788224 bytes (11.7%)
(RDMA_READ_CONSUME_CHECK_CONSUMER) timestamp=389 ms, used_size=4786176 bytes (11.7%)
(RDMA_READ_CONSUME_CHECK_CONSUMER) timestamp=389 ms, used_size=4784128 bytes (11.7%)
(RDMA_READ_CONSUME_CHECK_CONSUMER) timestamp=389 ms, used_size=4782080 bytes (11.7%)
(RDMA_READ_CONSUME_CHECK_CONSUMER) timestamp=389 ms, used_size=4780032 bytes (11.7%)
(RDMA_READ_CONSUME_CHECK_CONSUMER) timestamp=389 ms, used_size=4777984 bytes (11.7%)
(RDMA_READ_CONSUME_CHECK_CONSUMER) timestamp=389 ms, used_size=4775936 bytes (11.7%)
(RDMA_READ_CONSUME_CHECK_CONSUMER) timestamp=389 ms, used_size=4773888 bytes (11.7%)
(RDMA_READ_CONSUME_CHECK_CONSUMER) timestamp=389 ms, used_size=4771840 bytes (11.7%)
(RDMA_READ_CONSUME_CHECK_CONSUMER) timestamp=389 ms, used_size=4769792 bytes (11.6%)
(RDMA_READ_CONSUME_CHECK_CONSUMER) timestamp=389 ms, used_size=4767744 bytes (11.6%)
(RDMA_READ_CONSUME_CHECK_CONSUMER) timestamp=389 ms, used_size=4765696 bytes (11.6%)
(RDMA_READ_CONSUME_CHECK_CONSUMER) timestamp=389 ms, used_size=4763648 bytes (11.6%)
(RDMA_READ_CONSUME_CHECK_CONSUMER) timestamp=389 ms, used_size=4761600 bytes (11.6%)
(RDMA_READ_CONSUME_CHECK_CONSUMER) timestamp=389 ms, used_size=4759552 bytes (11.6%)
(RDMA_READ_CONSUME_CHECK_CONSUMER) timestamp=389 ms, used_size=4757504 bytes (11.6%)
(RDMA_READ_CONSUME_CHECK_CONSUMER) timestamp=389 ms, used_size=4755456 bytes (11.6%)
(RDMA_READ_CONSUME_CHECK_CONSUMER) timestamp=389 ms, used_size=4753408 bytes (11.6%)
(RDMA_READ_CONSUME_CHECK_CONSUMER) timestamp=389 ms, used_size=4751360 bytes (11.6%)
(RDMA_READ_CONSUME_CHECK_CONSUMER) timestamp=389 ms, used_size=4749312 bytes (11.6%)
(RDMA_READ_CONSUME_CHECK_CONSUMER) timestamp=389 ms, used_size=4747264 bytes (11.6%)
(RDMA_READ_CONSUME_CHECK_CONSUMER) timestamp=389 ms, used_size=4745216 bytes (11.6%)
(RDMA_READ_CONSUME_CHECK_CONSUMER) timestamp=389 ms, used_size=4743168 bytes (11.6%)
(RDMA_READ_CONSUME_CHECK_CONSUMER) timestamp=389 ms, used_size=4741120 bytes (11.6%)
(RDMA_READ_CONSUME_CHECK_CONSUMER) timestamp=389 ms, used_size=4739072 bytes (11.6%)
(RDMA_READ_CONSUME_CHECK_CONSUMER) timestamp=389 ms, used_size=4737024 bytes (11.6%)
(RDMA_READ_CONSUME_CHECK_CONSUMER) timestamp=389 ms, used_size=4734976 bytes (11.6%)
(RDMA_READ_CONSUME_CHECK_CONSUMER) timestamp=389 ms, used_size=4732928 bytes (11.6%)
(RDMA_READ_CONSUME_CHECK_CONSUMER) timestamp=389 ms, used_size=4730880 bytes (11.6%)
(RDMA_READ_CONSUME_CHECK_CONSUMER) timestamp=389 ms, used_size=4728832 bytes (11.5%)
(RDMA_READ_CONSUME_CHECK_CONSUMER) timestamp=389 ms, used_size=4726784 bytes (11.5%)
(RDMA_READ_CONSUME_CHECK_CONSUMER) timestamp=389 ms, used_size=4724736 bytes (11.5%)
(RDMA_READ_CONSUME_CHECK_CONSUMER) timestamp=389 ms, used_size=4722688 bytes (11.5%)
(RDMA_READ_CONSUME_CHECK_CONSUMER) timestamp=389 ms, used_size=4720640 bytes (11.5%)
(RDMA_READ_CONSUME_CHECK_CONSUMER) timestamp=389 ms, used_size=4718592 bytes (11.5%)
(RDMA_READ_CONSUME_CHECK_CONSUMER) timestamp=389 ms, used_size=4716544 bytes (11.5%)
(RDMA_READ_CONSUME_CHECK_CONSUMER) timestamp=389 ms, used_size=4714496 bytes (11.5%)
(RDMA_READ_CONSUME_CHECK_CONSUMER) timestamp=389 ms, used_size=4712448 bytes (11.5%)
(RDMA_READ_CONSUME_CHECK_CONSUMER) timestamp=389 ms, used_size=4710400 bytes (11.5%)
(RDMA_READ_CONSUME_CHECK_CONSUMER) timestamp=389 ms, used_size=4708352 bytes (11.5%)
(RDMA_READ_CONSUME_CHECK_CONSUMER) timestamp=389 ms, used_size=4706304 bytes (11.5%)
(RDMA_READ_CONSUME_CHECK_CONSUMER) timestamp=389 ms, used_size=4704256 bytes (11.5%)
(RDMA_READ_CONSUME_CHECK_CONSUMER) timestamp=389 ms, used_size=4702208 bytes (11.5%)
(RDMA_READ_CONSUME_CHECK_CONSUMER) timestamp=389 ms, used_size=4700160 bytes (11.5%)
(RDMA_READ_CONSUME_CHECK_CONSUMER) timestamp=389 ms, used_size=4698112 bytes (11.5%)
(RDMA_READ_CONSUME_CHECK_CONSUMER) timestamp=389 ms, used_size=4696064 bytes (11.5%)
(RDMA_READ_CONSUME_CHECK_CONSUMER) timestamp=389 ms, used_size=4694016 bytes (11.5%)
(RDMA_READ_CONSUME_CHECK_CONSUMER) timestamp=389 ms, used_size=4691968 bytes (11.5%)
(RDMA_READ_CONSUME_CHECK_CONSUMER) timestamp=389 ms, used_size=4689920 bytes (11.4%)
(RDMA_READ_CONSUME_CHECK_CONSUMER) timestamp=389 ms, used_size=4687872 bytes (11.4%)
(RDMA_READ_CONSUME_CHECK_CONSUMER) timestamp=389 ms, used_size=4685824 bytes (11.4%)
(RDMA_READ_CONSUME_CHECK_CONSUMER) timestamp=389 ms, used_size=4683776 bytes (11.4%)
(RDMA_READ_CONSUME_CHECK_CONSUMER) timestamp=389 ms, used_size=4681728 bytes (11.4%)
(RDMA_READ_CONSUME_CHECK_CONSUMER) timestamp=389 ms, used_size=4679680 bytes (11.4%)
(RDMA_READ_CONSUME_CHECK_CONSUMER) timestamp=389 ms, used_size=4677632 bytes (11.4%)
(RDMA_READ_CONSUME_CHECK_CONSUMER) timestamp=389 ms, used_size=4675584 bytes (11.4%)
(RDMA_READ_CONSUME_CHECK_CONSUMER) timestamp=389 ms, used_size=4673536 bytes (11.4%)
(RDMA_READ_CONSUME_CHECK_CONSUMER) timestamp=389 ms, used_size=4671488 bytes (11.4%)
(RDMA_READ_CONSUME_CHECK_CONSUMER) timestamp=389 ms, used_size=4669440 bytes (11.4%)
(RDMA_READ_CONSUME_CHECK_CONSUMER) timestamp=389 ms, used_size=4667392 bytes (11.4%)
(RDMA_READ_CONSUME_CHECK_CONSUMER) timestamp=389 ms, used_size=4665344 bytes (11.4%)
(RDMA_READ_CONSUME_CHECK_CONSUMER) timestamp=389 ms, used_size=4663296 bytes (11.4%)
(RDMA_READ_CONSUME_CHECK_CONSUMER) timestamp=389 ms, used_size=4661248 bytes (11.4%)
(RDMA_READ_CONSUME_CHECK_CONSUMER) timestamp=389 ms, used_size=4659200 bytes (11.4%)
(RDMA_READ_CONSUME_CHECK_CONSUMER) timestamp=389 ms, used_size=4657152 bytes (11.4%)
(RDMA_READ_CONSUME_CHECK_CONSUMER) timestamp=389 ms, used_size=4655104 bytes (11.4%)
(RDMA_READ_CONSUME_CHECK_CONSUMER) timestamp=389 ms, used_size=4653056 bytes (11.4%)
(RDMA_READ_CONSUME_CHECK_CONSUMER) timestamp=389 ms, used_size=4651008 bytes (11.4%)
(RDMA_READ_CONSUME_CHECK_CONSUMER) timestamp=389 ms, used_size=4648960 bytes (11.3%)
(RDMA_READ_CONSUME_CHECK_CONSUMER) timestamp=389 ms, used_size=4646912 bytes (11.3%)
(RDMA_READ_CONSUME_CHECK_CONSUMER) timestamp=389 ms, used_size=4644864 bytes (11.3%)
(RDMA_READ_CONSUME_CHECK_CONSUMER) timestamp=390 ms, used_size=4642816 bytes (11.3%)
(RDMA_READ_CONSUME_CHECK_CONSUMER) timestamp=390 ms, used_size=4640768 bytes (11.3%)
(RDMA_READ_CONSUME_CHECK_CONSUMER) timestamp=390 ms, used_size=4638720 bytes (11.3%)
(RDMA_READ_CONSUME_CHECK_CONSUMER) timestamp=390 ms, used_size=4636672 bytes (11.3%)
(RDMA_READ_CONSUME_CHECK_CONSUMER) timestamp=390 ms, used_size=4634624 bytes (11.3%)
(RDMA_READ_CONSUME_CHECK_CONSUMER) timestamp=390 ms, used_size=4632576 bytes (11.3%)
(RDMA_READ_CONSUME_CHECK_CONSUMER) timestamp=390 ms, used_size=4630528 bytes (11.3%)
(RDMA_READ_CONSUME_CHECK_CONSUMER) timestamp=390 ms, used_size=4628480 bytes (11.3%)
(RDMA_READ_CONSUME_CHECK_CONSUMER) timestamp=390 ms, used_size=4626432 bytes (11.3%)
(RDMA_READ_CONSUME_CHECK_CONSUMER) timestamp=390 ms, used_size=4624384 bytes (11.3%)
(RDMA_READ_CONSUME_CHECK_CONSUMER) timestamp=390 ms, used_size=4622336 bytes (11.3%)
(RDMA_READ_CONSUME_CHECK_CONSUMER) timestamp=390 ms, used_size=4620288 bytes (11.3%)
(RDMA_READ_CONSUME_CHECK_CONSUMER) timestamp=390 ms, used_size=4618240 bytes (11.3%)
(RDMA_READ_CONSUME_CHECK_CONSUMER) timestamp=390 ms, used_size=4616192 bytes (11.3%)
(RDMA_READ_CONSUME_CHECK_CONSUMER) timestamp=390 ms, used_size=4614144 bytes (11.3%)
(RDMA_READ_CONSUME_CHECK_CONSUMER) timestamp=390 ms, used_size=4612096 bytes (11.3%)
(RDMA_READ_CONSUME_CHECK_CONSUMER) timestamp=390 ms, used_size=4610048 bytes (11.3%)
(RDMA_READ_CONSUME_CHECK_CONSUMER) timestamp=390 ms, used_size=4608000 bytes (11.2%)
(RDMA_READ_CONSUME_CHECK_CONSUMER) timestamp=390 ms, used_size=4605952 bytes (11.2%)
(RDMA_READ_CONSUME_CHECK_CONSUMER) timestamp=390 ms, used_size=4603904 bytes (11.2%)
(RDMA_READ_CONSUME_CHECK_CONSUMER) timestamp=390 ms, used_size=4601856 bytes (11.2%)
(RDMA_READ_CONSUME_CHECK_CONSUMER) timestamp=390 ms, used_size=4599808 bytes (11.2%)
(RDMA_READ_CONSUME_CHECK_CONSUMER) timestamp=390 ms, used_size=4597760 bytes (11.2%)
(RDMA_READ_CONSUME_CHECK_CONSUMER) timestamp=390 ms, used_size=4595712 bytes (11.2%)
(RDMA_READ_CONSUME_CHECK_CONSUMER) timestamp=390 ms, used_size=4593664 bytes (11.2%)
(RDMA_READ_CONSUME_CHECK_CONSUMER) timestamp=390 ms, used_size=4591616 bytes (11.2%)
(RDMA_READ_CONSUME_CHECK_CONSUMER) timestamp=390 ms, used_size=4589568 bytes (11.2%)
(RDMA_READ_CONSUME_CHECK_CONSUMER) timestamp=390 ms, used_size=4587520 bytes (11.2%)
(RDMA_READ_CONSUME_CHECK_CONSUMER) timestamp=390 ms, used_size=4585472 bytes (11.2%)
(RDMA_READ_CONSUME_CHECK_CONSUMER) timestamp=390 ms, used_size=4583424 bytes (11.2%)
(RDMA_READ_CONSUME_CHECK_CONSUMER) timestamp=390 ms, used_size=4581376 bytes (11.2%)
(RDMA_READ_CONSUME_CHECK_CONSUMER) timestamp=390 ms, used_size=4579328 bytes (11.2%)
(RDMA_READ_CONSUME_CHECK_CONSUMER) timestamp=390 ms, used_size=4577280 bytes (11.2%)
(RDMA_READ_CONSUME_CHECK_CONSUMER) timestamp=390 ms, used_size=4575232 bytes (11.2%)
(RDMA_READ_CONSUME_CHECK_CONSUMER) timestamp=390 ms, used_size=4573184 bytes (11.2%)
(RDMA_READ_CONSUME_CHECK_CONSUMER) timestamp=390 ms, used_size=4571136 bytes (11.2%)
(RDMA_READ_CONSUME_CHECK_CONSUMER) timestamp=390 ms, used_size=4569088 bytes (11.2%)
(RDMA_READ_CONSUME_CHECK_CONSUMER) timestamp=390 ms, used_size=4567040 bytes (11.2%)
(RDMA_READ_CONSUME_CHECK_CONSUMER) timestamp=390 ms, used_size=4564992 bytes (11.1%)
(RDMA_READ_CONSUME_CHECK_CONSUMER) timestamp=390 ms, used_size=4562944 bytes (11.1%)
(RDMA_READ_CONSUME_CHECK_CONSUMER) timestamp=390 ms, used_size=4560896 bytes (11.1%)
(RDMA_READ_CONSUME_CHECK_CONSUMER) timestamp=390 ms, used_size=4558848 bytes (11.1%)
(RDMA_READ_CONSUME_CHECK_CONSUMER) timestamp=390 ms, used_size=4556800 bytes (11.1%)
(RDMA_READ_CONSUME_CHECK_CONSUMER) timestamp=390 ms, used_size=4554752 bytes (11.1%)
(RDMA_READ_CONSUME_CHECK_CONSUMER) timestamp=390 ms, used_size=4552704 bytes (11.1%)
(RDMA_READ_CONSUME_CHECK_CONSUMER) timestamp=390 ms, used_size=4550656 bytes (11.1%)
(RDMA_READ_CONSUME_CHECK_CONSUMER) timestamp=390 ms, used_size=4548608 bytes (11.1%)
(RDMA_READ_CONSUME_CHECK_CONSUMER) timestamp=390 ms, used_size=4546560 bytes (11.1%)
(RDMA_READ_CONSUME_CHECK_CONSUMER) timestamp=390 ms, used_size=4544512 bytes (11.1%)
(RDMA_READ_CONSUME_CHECK_CONSUMER) timestamp=390 ms, used_size=4542464 bytes (11.1%)
(RDMA_READ_CONSUME_CHECK_CONSUMER) timestamp=390 ms, used_size=4540416 bytes (11.1%)
(RDMA_READ_CONSUME_CHECK_CONSUMER) timestamp=390 ms, used_size=4538368 bytes (11.1%)
(RDMA_READ_CONSUME_CHECK_CONSUMER) timestamp=390 ms, used_size=4536320 bytes (11.1%)
(RDMA_READ_CONSUME_CHECK_CONSUMER) timestamp=390 ms, used_size=4534272 bytes (11.1%)
(RDMA_READ_CONSUME_CHECK_CONSUMER) timestamp=390 ms, used_size=4532224 bytes (11.1%)
(RDMA_READ_CONSUME_CHECK_CONSUMER) timestamp=390 ms, used_size=4530176 bytes (11.1%)
(RDMA_READ_CONSUME_CHECK_CONSUMER) timestamp=390 ms, used_size=4528128 bytes (11.1%)
(RDMA_READ_CONSUME_CHECK_CONSUMER) timestamp=390 ms, used_size=4526080 bytes (11.1%)
(RDMA_READ_CONSUME_CHECK_CONSUMER) timestamp=390 ms, used_size=4524032 bytes (11.0%)
(RDMA_READ_CONSUME_CHECK_CONSUMER) timestamp=390 ms, used_size=4521984 bytes (11.0%)
(RDMA_READ_CONSUME_CHECK_CONSUMER) timestamp=390 ms, used_size=4519936 bytes (11.0%)
(RDMA_READ_CONSUME_CHECK_CONSUMER) timestamp=390 ms, used_size=4517888 bytes (11.0%)
(RDMA_READ_CONSUME_CHECK_CONSUMER) timestamp=390 ms, used_size=4515840 bytes (11.0%)
(RDMA_READ_CONSUME_CHECK_CONSUMER) timestamp=390 ms, used_size=4513792 bytes (11.0%)
(RDMA_READ_CONSUME_CHECK_CONSUMER) timestamp=390 ms, used_size=4511744 bytes (11.0%)
(RDMA_READ_CONSUME_CHECK_CONSUMER) timestamp=390 ms, used_size=4509696 bytes (11.0%)
(RDMA_READ_CONSUME_CHECK_CONSUMER) timestamp=390 ms, used_size=4507648 bytes (11.0%)
(RDMA_READ_CONSUME_CHECK_CONSUMER) timestamp=390 ms, used_size=4505600 bytes (11.0%)
(RDMA_READ_CONSUME_CHECK_CONSUMER) timestamp=390 ms, used_size=4503552 bytes (11.0%)
(RDMA_READ_CONSUME_CHECK_CONSUMER) timestamp=390 ms, used_size=4501504 bytes (11.0%)
(RDMA_READ_CONSUME_CHECK_CONSUMER) timestamp=390 ms, used_size=4499456 bytes (11.0%)
(RDMA_READ_CONSUME_CHECK_CONSUMER) timestamp=390 ms, used_size=4497408 bytes (11.0%)
(RDMA_READ_CONSUME_CHECK_CONSUMER) timestamp=390 ms, used_size=4495360 bytes (11.0%)
(RDMA_READ_CONSUME_CHECK_CONSUMER) timestamp=390 ms, used_size=4493312 bytes (11.0%)
(RDMA_READ_CONSUME_CHECK_CONSUMER) timestamp=390 ms, used_size=4491264 bytes (11.0%)
(RDMA_READ_CONSUME_CHECK_CONSUMER) timestamp=390 ms, used_size=4489216 bytes (11.0%)
(RDMA_READ_CONSUME_CHECK_CONSUMER) timestamp=390 ms, used_size=4487168 bytes (11.0%)
(RDMA_READ_CONSUME_CHECK_CONSUMER) timestamp=390 ms, used_size=4485120 bytes (10.9%)
(RDMA_READ_CONSUME_CHECK_CONSUMER) timestamp=390 ms, used_size=4483072 bytes (10.9%)
(RDMA_READ_CONSUME_CHECK_CONSUMER) timestamp=390 ms, used_size=4481024 bytes (10.9%)
(RDMA_READ_CONSUME_CHECK_CONSUMER) timestamp=390 ms, used_size=4478976 bytes (10.9%)
(RDMA_READ_CONSUME_CHECK_CONSUMER) timestamp=390 ms, used_size=4476928 bytes (10.9%)
(RDMA_READ_CONSUME_CHECK_CONSUMER) timestamp=390 ms, used_size=4474880 bytes (10.9%)
(RDMA_READ_CONSUME_CHECK_CONSUMER) timestamp=390 ms, used_size=4472832 bytes (10.9%)
(RDMA_READ_CONSUME_CHECK_CONSUMER) timestamp=390 ms, used_size=4470784 bytes (10.9%)
(RDMA_READ_CONSUME_CHECK_CONSUMER) timestamp=390 ms, used_size=4468736 bytes (10.9%)
(RDMA_READ_CONSUME_CHECK_CONSUMER) timestamp=390 ms, used_size=4466688 bytes (10.9%)
(RDMA_READ_CONSUME_CHECK_CONSUMER) timestamp=390 ms, used_size=4464640 bytes (10.9%)
(RDMA_READ_CONSUME_CHECK_CONSUMER) timestamp=390 ms, used_size=4462592 bytes (10.9%)
(RDMA_READ_CONSUME_CHECK_CONSUMER) timestamp=390 ms, used_size=4460544 bytes (10.9%)
(RDMA_READ_CONSUME_CHECK_CONSUMER) timestamp=390 ms, used_size=4458496 bytes (10.9%)
(RDMA_READ_CONSUME_CHECK_CONSUMER) timestamp=390 ms, used_size=4456448 bytes (10.9%)
(RDMA_READ_CONSUME_CHECK_CONSUMER) timestamp=390 ms, used_size=4454400 bytes (10.9%)
(RDMA_READ_CONSUME_CHECK_CONSUMER) timestamp=390 ms, used_size=4452352 bytes (10.9%)
(RDMA_READ_CONSUME_CHECK_CONSUMER) timestamp=390 ms, used_size=4450304 bytes (10.9%)
(RDMA_READ_CONSUME_CHECK_CONSUMER) timestamp=390 ms, used_size=4448256 bytes (10.9%)
(RDMA_READ_CONSUME_CHECK_CONSUMER) timestamp=390 ms, used_size=4446208 bytes (10.9%)
(RDMA_READ_CONSUME_CHECK_CONSUMER) timestamp=390 ms, used_size=4444160 bytes (10.8%)
(RDMA_READ_CONSUME_CHECK_CONSUMER) timestamp=390 ms, used_size=4442112 bytes (10.8%)
(RDMA_READ_CONSUME_CHECK_CONSUMER) timestamp=390 ms, used_size=4440064 bytes (10.8%)
(RDMA_READ_CONSUME_CHECK_CONSUMER) timestamp=390 ms, used_size=4438016 bytes (10.8%)
(RDMA_READ_CONSUME_CHECK_CONSUMER) timestamp=390 ms, used_size=4435968 bytes (10.8%)
(RDMA_READ_CONSUME_CHECK_CONSUMER) timestamp=390 ms, used_size=4433920 bytes (10.8%)
(RDMA_READ_CONSUME_CHECK_CONSUMER) timestamp=390 ms, used_size=4431872 bytes (10.8%)
(RDMA_READ_CONSUME_CHECK_CONSUMER) timestamp=390 ms, used_size=4429824 bytes (10.8%)
(RDMA_READ_CONSUME_CHECK_CONSUMER) timestamp=390 ms, used_size=4427776 bytes (10.8%)
(RDMA_READ_CONSUME_CHECK_CONSUMER) timestamp=390 ms, used_size=4425728 bytes (10.8%)
(RDMA_READ_CONSUME_CHECK_CONSUMER) timestamp=390 ms, used_size=4423680 bytes (10.8%)
(RDMA_READ_CONSUME_CHECK_CONSUMER) timestamp=390 ms, used_size=4421632 bytes (10.8%)
(RDMA_READ_CONSUME_CHECK_CONSUMER) timestamp=390 ms, used_size=4419584 bytes (10.8%)
(RDMA_READ_CONSUME_CHECK_CONSUMER) timestamp=390 ms, used_size=4417536 bytes (10.8%)
(RDMA_READ_CONSUME_CHECK_CONSUMER) timestamp=390 ms, used_size=4415488 bytes (10.8%)
(RDMA_READ_CONSUME_CHECK_CONSUMER) timestamp=390 ms, used_size=4413440 bytes (10.8%)
(RDMA_READ_CONSUME_CHECK_CONSUMER) timestamp=390 ms, used_size=4411392 bytes (10.8%)
(RDMA_READ_CONSUME_CHECK_CONSUMER) timestamp=390 ms, used_size=4409344 bytes (10.8%)
(RDMA_READ_CONSUME_CHECK_CONSUMER) timestamp=390 ms, used_size=4407296 bytes (10.8%)
(RDMA_READ_CONSUME_CHECK_CONSUMER) timestamp=390 ms, used_size=4405248 bytes (10.8%)
(RDMA_READ_CONSUME_CHECK_CONSUMER) timestamp=390 ms, used_size=4403200 bytes (10.8%)
(RDMA_READ_CONSUME_CHECK_CONSUMER) timestamp=390 ms, used_size=4401152 bytes (10.7%)
(RDMA_READ_CONSUME_CHECK_CONSUMER) timestamp=390 ms, used_size=4399104 bytes (10.7%)
(RDMA_READ_CONSUME_CHECK_CONSUMER) timestamp=390 ms, used_size=4397056 bytes (10.7%)
(RDMA_READ_CONSUME_CHECK_CONSUMER) timestamp=390 ms, used_size=4395008 bytes (10.7%)
(RDMA_READ_CONSUME_CHECK_CONSUMER) timestamp=390 ms, used_size=4392960 bytes (10.7%)
(RDMA_READ_CONSUME_CHECK_CONSUMER) timestamp=390 ms, used_size=4390912 bytes (10.7%)
(RDMA_READ_CONSUME_CHECK_CONSUMER) timestamp=390 ms, used_size=4388864 bytes (10.7%)
(RDMA_READ_CONSUME_CHECK_CONSUMER) timestamp=390 ms, used_size=4386816 bytes (10.7%)
(RDMA_READ_CONSUME_CHECK_CONSUMER) timestamp=390 ms, used_size=4384768 bytes (10.7%)
(RDMA_READ_CONSUME_CHECK_CONSUMER) timestamp=390 ms, used_size=4382720 bytes (10.7%)
(RDMA_READ_CONSUME_CHECK_CONSUMER) timestamp=390 ms, used_size=4380672 bytes (10.7%)
(RDMA_READ_CONSUME_CHECK_CONSUMER) timestamp=390 ms, used_size=4378624 bytes (10.7%)
(RDMA_READ_CONSUME_CHECK_CONSUMER) timestamp=390 ms, used_size=4376576 bytes (10.7%)
(RDMA_READ_CONSUME_CHECK_CONSUMER) timestamp=390 ms, used_size=4374528 bytes (10.7%)
(RDMA_READ_CONSUME_CHECK_CONSUMER) timestamp=390 ms, used_size=4372480 bytes (10.7%)
(RDMA_READ_CONSUME_CHECK_CONSUMER) timestamp=390 ms, used_size=4370432 bytes (10.7%)
(RDMA_READ_CONSUME_CHECK_CONSUMER) timestamp=390 ms, used_size=4368384 bytes (10.7%)
(RDMA_READ_CONSUME_CHECK_CONSUMER) timestamp=390 ms, used_size=4366336 bytes (10.7%)
(RDMA_READ_CONSUME_CHECK_CONSUMER) timestamp=390 ms, used_size=4364288 bytes (10.7%)
(RDMA_READ_CONSUME_CHECK_CONSUMER) timestamp=390 ms, used_size=4362240 bytes (10.7%)
(RDMA_READ_CONSUME_CHECK_CONSUMER) timestamp=390 ms, used_size=4360192 bytes (10.6%)
(RDMA_READ_CONSUME_CHECK_CONSUMER) timestamp=390 ms, used_size=4358144 bytes (10.6%)
(RDMA_READ_CONSUME_CHECK_CONSUMER) timestamp=390 ms, used_size=4356096 bytes (10.6%)
(RDMA_READ_CONSUME_CHECK_CONSUMER) timestamp=390 ms, used_size=4354048 bytes (10.6%)
(RDMA_READ_CONSUME_CHECK_CONSUMER) timestamp=390 ms, used_size=4352000 bytes (10.6%)
(RDMA_READ_CONSUME_CHECK_CONSUMER) timestamp=390 ms, used_size=4349952 bytes (10.6%)
(RDMA_READ_CONSUME_CHECK_CONSUMER) timestamp=390 ms, used_size=4347904 bytes (10.6%)
(RDMA_READ_CONSUME_CHECK_CONSUMER) timestamp=390 ms, used_size=4345856 bytes (10.6%)
(RDMA_READ_CONSUME_CHECK_CONSUMER) timestamp=390 ms, used_size=4343808 bytes (10.6%)
(RDMA_READ_CONSUME_CHECK_CONSUMER) timestamp=390 ms, used_size=4341760 bytes (10.6%)
(RDMA_READ_CONSUME_CHECK_CONSUMER) timestamp=390 ms, used_size=4339712 bytes (10.6%)
(RDMA_READ_CONSUME_CHECK_CONSUMER) timestamp=390 ms, used_size=4337664 bytes (10.6%)
(RDMA_READ_CONSUME_CHECK_CONSUMER) timestamp=390 ms, used_size=4335616 bytes (10.6%)
(RDMA_READ_CONSUME_CHECK_CONSUMER) timestamp=390 ms, used_size=4333568 bytes (10.6%)
(RDMA_READ_CONSUME_CHECK_CONSUMER) timestamp=390 ms, used_size=4331520 bytes (10.6%)
(RDMA_READ_CONSUME_CHECK_CONSUMER) timestamp=390 ms, used_size=4329472 bytes (10.6%)
(RDMA_READ_CONSUME_CHECK_CONSUMER) timestamp=390 ms, used_size=4327424 bytes (10.6%)
(RDMA_READ_CONSUME_CHECK_CONSUMER) timestamp=390 ms, used_size=4325376 bytes (10.6%)
(RDMA_READ_CONSUME_CHECK_CONSUMER) timestamp=390 ms, used_size=4323328 bytes (10.6%)
(RDMA_READ_CONSUME_CHECK_CONSUMER) timestamp=390 ms, used_size=4321280 bytes (10.6%)
(RDMA_READ_CONSUME_CHECK_CONSUMER) timestamp=390 ms, used_size=4319232 bytes (10.5%)
(RDMA_READ_CONSUME_CHECK_CONSUMER) timestamp=390 ms, used_size=4317184 bytes (10.5%)
(RDMA_READ_CONSUME_CHECK_CONSUMER) timestamp=390 ms, used_size=4315136 bytes (10.5%)
(RDMA_READ_CONSUME_CHECK_CONSUMER) timestamp=390 ms, used_size=4313088 bytes (10.5%)
(RDMA_READ_CONSUME_CHECK_CONSUMER) timestamp=390 ms, used_size=4311040 bytes (10.5%)
(RDMA_READ_CONSUME_CHECK_CONSUMER) timestamp=390 ms, used_size=4308992 bytes (10.5%)
(RDMA_READ_CONSUME_CHECK_CONSUMER) timestamp=390 ms, used_size=4306944 bytes (10.5%)
(RDMA_READ_CONSUME_CHECK_CONSUMER) timestamp=390 ms, used_size=4304896 bytes (10.5%)
(RDMA_READ_CONSUME_CHECK_CONSUMER) timestamp=390 ms, used_size=4302848 bytes (10.5%)
(RDMA_READ_CONSUME_CHECK_CONSUMER) timestamp=390 ms, used_size=4300800 bytes (10.5%)
(RDMA_READ_CONSUME_CHECK_CONSUMER) timestamp=390 ms, used_size=4298752 bytes (10.5%)
(RDMA_READ_CONSUME_CHECK_CONSUMER) timestamp=390 ms, used_size=4296704 bytes (10.5%)
(RDMA_READ_CONSUME_CHECK_CONSUMER) timestamp=390 ms, used_size=4294656 bytes (10.5%)
(RDMA_READ_CONSUME_CHECK_CONSUMER) timestamp=390 ms, used_size=4292608 bytes (10.5%)
(RDMA_READ_CONSUME_CHECK_CONSUMER) timestamp=390 ms, used_size=4290560 bytes (10.5%)
(RDMA_READ_CONSUME_CHECK_CONSUMER) timestamp=390 ms, used_size=4288512 bytes (10.5%)
(RDMA_READ_CONSUME_CHECK_CONSUMER) timestamp=390 ms, used_size=4286464 bytes (10.5%)
(RDMA_READ_CONSUME_CHECK_CONSUMER) timestamp=390 ms, used_size=4284416 bytes (10.5%)
(RDMA_READ_CONSUME_CHECK_CONSUMER) timestamp=390 ms, used_size=4282368 bytes (10.5%)
(RDMA_READ_CONSUME_CHECK_CONSUMER) timestamp=390 ms, used_size=4280320 bytes (10.4%)
(RDMA_READ_CONSUME_CHECK_CONSUMER) timestamp=390 ms, used_size=4278272 bytes (10.4%)
(RDMA_READ_CONSUME_CHECK_CONSUMER) timestamp=390 ms, used_size=4276224 bytes (10.4%)
(RDMA_READ_CONSUME_CHECK_CONSUMER) timestamp=390 ms, used_size=4274176 bytes (10.4%)
(RDMA_READ_CONSUME_CHECK_CONSUMER) timestamp=390 ms, used_size=4272128 bytes (10.4%)
(RDMA_READ_CONSUME_CHECK_CONSUMER) timestamp=391 ms, used_size=4270080 bytes (10.4%)
(RDMA_READ_CONSUME_CHECK_CONSUMER) timestamp=391 ms, used_size=4268032 bytes (10.4%)
(RDMA_READ_CONSUME_CHECK_CONSUMER) timestamp=391 ms, used_size=4265984 bytes (10.4%)
(RDMA_READ_CONSUME_CHECK_CONSUMER) timestamp=391 ms, used_size=4263936 bytes (10.4%)
(RDMA_READ_CONSUME_CHECK_CONSUMER) timestamp=391 ms, used_size=4261888 bytes (10.4%)
(RDMA_READ_CONSUME_CHECK_CONSUMER) timestamp=391 ms, used_size=4259840 bytes (10.4%)
(RDMA_READ_CONSUME_CHECK_CONSUMER) timestamp=391 ms, used_size=4257792 bytes (10.4%)
(RDMA_READ_CONSUME_CHECK_CONSUMER) timestamp=391 ms, used_size=4255744 bytes (10.4%)
(RDMA_READ_CONSUME_CHECK_CONSUMER) timestamp=391 ms, used_size=4253696 bytes (10.4%)
(RDMA_READ_CONSUME_CHECK_CONSUMER) timestamp=391 ms, used_size=4251648 bytes (10.4%)
(RDMA_READ_CONSUME_CHECK_CONSUMER) timestamp=391 ms, used_size=4249600 bytes (10.4%)
(RDMA_READ_CONSUME_CHECK_CONSUMER) timestamp=391 ms, used_size=4247552 bytes (10.4%)
(RDMA_READ_CONSUME_CHECK_CONSUMER) timestamp=391 ms, used_size=4245504 bytes (10.4%)
(RDMA_READ_CONSUME_CHECK_CONSUMER) timestamp=391 ms, used_size=4243456 bytes (10.4%)
(RDMA_READ_CONSUME_CHECK_CONSUMER) timestamp=391 ms, used_size=4241408 bytes (10.4%)
(RDMA_READ_CONSUME_CHECK_CONSUMER) timestamp=391 ms, used_size=4239360 bytes (10.3%)
(RDMA_READ_CONSUME_CHECK_CONSUMER) timestamp=391 ms, used_size=4237312 bytes (10.3%)
(RDMA_READ_CONSUME_CHECK_CONSUMER) timestamp=391 ms, used_size=4235264 bytes (10.3%)
(RDMA_READ_CONSUME_CHECK_CONSUMER) timestamp=391 ms, used_size=4233216 bytes (10.3%)
(RDMA_READ_CONSUME_CHECK_CONSUMER) timestamp=391 ms, used_size=4231168 bytes (10.3%)
(RDMA_READ_CONSUME_CHECK_CONSUMER) timestamp=391 ms, used_size=4229120 bytes (10.3%)
(RDMA_READ_CONSUME_CHECK_CONSUMER) timestamp=391 ms, used_size=4227072 bytes (10.3%)
(RDMA_READ_CONSUME_CHECK_CONSUMER) timestamp=391 ms, used_size=4225024 bytes (10.3%)
(RDMA_READ_CONSUME_CHECK_CONSUMER) timestamp=391 ms, used_size=4222976 bytes (10.3%)
(RDMA_READ_CONSUME_CHECK_CONSUMER) timestamp=391 ms, used_size=4220928 bytes (10.3%)
(RDMA_READ_CONSUME_CHECK_CONSUMER) timestamp=391 ms, used_size=4218880 bytes (10.3%)
(RDMA_READ_CONSUME_CHECK_CONSUMER) timestamp=391 ms, used_size=4216832 bytes (10.3%)
(RDMA_READ_CONSUME_CHECK_CONSUMER) timestamp=391 ms, used_size=4214784 bytes (10.3%)
(RDMA_READ_CONSUME_CHECK_CONSUMER) timestamp=391 ms, used_size=4212736 bytes (10.3%)
(RDMA_READ_CONSUME_CHECK_CONSUMER) timestamp=391 ms, used_size=4210688 bytes (10.3%)
(RDMA_READ_CONSUME_CHECK_CONSUMER) timestamp=391 ms, used_size=4208640 bytes (10.3%)
(RDMA_READ_CONSUME_CHECK_CONSUMER) timestamp=391 ms, used_size=4206592 bytes (10.3%)
(RDMA_READ_CONSUME_CHECK_CONSUMER) timestamp=391 ms, used_size=4204544 bytes (10.3%)
(RDMA_READ_CONSUME_CHECK_CONSUMER) timestamp=391 ms, used_size=4202496 bytes (10.3%)
(RDMA_READ_CONSUME_CHECK_CONSUMER) timestamp=391 ms, used_size=4200448 bytes (10.3%)
(RDMA_READ_CONSUME_CHECK_CONSUMER) timestamp=391 ms, used_size=4198400 bytes (10.2%)
(RDMA_READ_CONSUME_CHECK_CONSUMER) timestamp=391 ms, used_size=4196352 bytes (10.2%)
(RDMA_READ_CONSUME_CHECK_CONSUMER) timestamp=391 ms, used_size=4194304 bytes (10.2%)
(RDMA_READ_CONSUME_CHECK_CONSUMER) timestamp=391 ms, used_size=4192256 bytes (10.2%)
(RDMA_READ_CONSUME_CHECK_CONSUMER) timestamp=391 ms, used_size=4190208 bytes (10.2%)
(RDMA_READ_CONSUME_CHECK_CONSUMER) timestamp=391 ms, used_size=4188160 bytes (10.2%)
(RDMA_READ_CONSUME_CHECK_CONSUMER) timestamp=391 ms, used_size=4186112 bytes (10.2%)
(RDMA_READ_CONSUME_CHECK_CONSUMER) timestamp=391 ms, used_size=4184064 bytes (10.2%)
(RDMA_READ_CONSUME_CHECK_CONSUMER) timestamp=391 ms, used_size=4182016 bytes (10.2%)
(RDMA_READ_CONSUME_CHECK_CONSUMER) timestamp=391 ms, used_size=4179968 bytes (10.2%)
(RDMA_READ_CONSUME_CHECK_CONSUMER) timestamp=391 ms, used_size=4177920 bytes (10.2%)
(RDMA_READ_CONSUME_CHECK_CONSUMER) timestamp=391 ms, used_size=4175872 bytes (10.2%)
(RDMA_READ_CONSUME_CHECK_CONSUMER) timestamp=391 ms, used_size=4173824 bytes (10.2%)
(RDMA_READ_CONSUME_CHECK_CONSUMER) timestamp=391 ms, used_size=4171776 bytes (10.2%)
(RDMA_READ_CONSUME_CHECK_CONSUMER) timestamp=391 ms, used_size=4169728 bytes (10.2%)
(RDMA_READ_CONSUME_CHECK_CONSUMER) timestamp=391 ms, used_size=4167680 bytes (10.2%)
(RDMA_READ_CONSUME_CHECK_CONSUMER) timestamp=391 ms, used_size=4165632 bytes (10.2%)
(RDMA_READ_CONSUME_CHECK_CONSUMER) timestamp=391 ms, used_size=4163584 bytes (10.2%)
(RDMA_READ_CONSUME_CHECK_CONSUMER) timestamp=391 ms, used_size=4161536 bytes (10.2%)
(RDMA_READ_CONSUME_CHECK_CONSUMER) timestamp=391 ms, used_size=4159488 bytes (10.2%)
(RDMA_READ_CONSUME_CHECK_CONSUMER) timestamp=391 ms, used_size=4157440 bytes (10.2%)
(RDMA_READ_CONSUME_CHECK_CONSUMER) timestamp=391 ms, used_size=4155392 bytes (10.1%)
(RDMA_READ_CONSUME_CHECK_CONSUMER) timestamp=391 ms, used_size=4153344 bytes (10.1%)
(RDMA_READ_CONSUME_CHECK_CONSUMER) timestamp=391 ms, used_size=4151296 bytes (10.1%)
(RDMA_READ_CONSUME_CHECK_CONSUMER) timestamp=391 ms, used_size=4149248 bytes (10.1%)
(RDMA_READ_CONSUME_CHECK_CONSUMER) timestamp=391 ms, used_size=4147200 bytes (10.1%)
(RDMA_READ_CONSUME_CHECK_CONSUMER) timestamp=391 ms, used_size=4145152 bytes (10.1%)
(RDMA_READ_CONSUME_CHECK_CONSUMER) timestamp=391 ms, used_size=4143104 bytes (10.1%)
(RDMA_READ_CONSUME_CHECK_CONSUMER) timestamp=391 ms, used_size=4141056 bytes (10.1%)
(RDMA_READ_CONSUME_CHECK_CONSUMER) timestamp=391 ms, used_size=4139008 bytes (10.1%)
(RDMA_READ_CONSUME_CHECK_CONSUMER) timestamp=391 ms, used_size=4136960 bytes (10.1%)
(RDMA_READ_CONSUME_CHECK_CONSUMER) timestamp=391 ms, used_size=4134912 bytes (10.1%)
(RDMA_READ_CONSUME_CHECK_CONSUMER) timestamp=391 ms, used_size=4132864 bytes (10.1%)
(RDMA_READ_CONSUME_CHECK_CONSUMER) timestamp=391 ms, used_size=4130816 bytes (10.1%)
(RDMA_READ_CONSUME_CHECK_CONSUMER) timestamp=391 ms, used_size=4128768 bytes (10.1%)
(RDMA_READ_CONSUME_CHECK_CONSUMER) timestamp=391 ms, used_size=4126720 bytes (10.1%)
(RDMA_READ_CONSUME_CHECK_CONSUMER) timestamp=391 ms, used_size=4124672 bytes (10.1%)
(RDMA_READ_CONSUME_CHECK_CONSUMER) timestamp=391 ms, used_size=4122624 bytes (10.1%)
(RDMA_READ_CONSUME_CHECK_CONSUMER) timestamp=391 ms, used_size=4120576 bytes (10.1%)
(RDMA_READ_CONSUME_CHECK_CONSUMER) timestamp=391 ms, used_size=4118528 bytes (10.1%)
(RDMA_READ_CONSUME_CHECK_CONSUMER) timestamp=391 ms, used_size=4116480 bytes (10.1%)
(RDMA_READ_CONSUME_CHECK_CONSUMER) timestamp=391 ms, used_size=4114432 bytes (10.0%)
(RDMA_READ_CONSUME_CHECK_CONSUMER) timestamp=391 ms, used_size=4112384 bytes (10.0%)
(RDMA_READ_CONSUME_CHECK_CONSUMER) timestamp=391 ms, used_size=4110336 bytes (10.0%)
(RDMA_READ_CONSUME_CHECK_CONSUMER) timestamp=391 ms, used_size=4108288 bytes (10.0%)
(RDMA_READ_CONSUME_CHECK_CONSUMER) timestamp=391 ms, used_size=4106240 bytes (10.0%)
(RDMA_READ_CONSUME_CHECK_CONSUMER) timestamp=391 ms, used_size=4104192 bytes (10.0%)
(RDMA_READ_CONSUME_CHECK_CONSUMER) timestamp=391 ms, used_size=4102144 bytes (10.0%)
(RDMA_READ_CONSUME_CHECK_CONSUMER) timestamp=391 ms, used_size=4100096 bytes (10.0%)
(RDMA_READ_CONSUME_CHECK_CONSUMER) timestamp=391 ms, used_size=4098048 bytes (10.0%)
(RDMA_READ_CONSUME_CHECK_CONSUMER) timestamp=391 ms, used_size=4096000 bytes (10.0%)
(RDMA_READ_CONSUME_CHECK_CONSUMER) timestamp=391 ms, used_size=4093952 bytes (10.0%)
(RDMA_READ_CONSUME_CHECK_CONSUMER) timestamp=391 ms, used_size=4091904 bytes (10.0%)
(RDMA_READ_CONSUME_CHECK_CONSUMER) timestamp=391 ms, used_size=4089856 bytes (10.0%)
(RDMA_READ_CONSUME_CHECK_CONSUMER) timestamp=391 ms, used_size=4087808 bytes (10.0%)
(RDMA_READ_CONSUME_CHECK_CONSUMER) timestamp=391 ms, used_size=4085760 bytes (10.0%)
(RDMA_READ_CONSUME_CHECK_CONSUMER) timestamp=391 ms, used_size=4083712 bytes (10.0%)
(RDMA_READ_CONSUME_CHECK_CONSUMER) timestamp=391 ms, used_size=4081664 bytes (10.0%)
(RDMA_READ_CONSUME_CHECK_CONSUMER) timestamp=391 ms, used_size=4079616 bytes (10.0%)
(RDMA_READ_CONSUME_CHECK_CONSUMER) timestamp=391 ms, used_size=4077568 bytes (10.0%)
(RDMA_READ_CONSUME_CHECK_CONSUMER) timestamp=391 ms, used_size=4075520 bytes (9.9%)
(RDMA_READ_CONSUME_CHECK_CONSUMER) timestamp=391 ms, used_size=4073472 bytes (9.9%)
(RDMA_READ_CONSUME_CHECK_CONSUMER) timestamp=391 ms, used_size=4071424 bytes (9.9%)
(RDMA_READ_CONSUME_CHECK_CONSUMER) timestamp=391 ms, used_size=4069376 bytes (9.9%)
(RDMA_READ_CONSUME_CHECK_CONSUMER) timestamp=391 ms, used_size=4067328 bytes (9.9%)
(RDMA_READ_CONSUME_CHECK_CONSUMER) timestamp=391 ms, used_size=4065280 bytes (9.9%)
(RDMA_READ_CONSUME_CHECK_CONSUMER) timestamp=391 ms, used_size=4063232 bytes (9.9%)
(RDMA_READ_CONSUME_CHECK_CONSUMER) timestamp=391 ms, used_size=4061184 bytes (9.9%)
(RDMA_READ_CONSUME_CHECK_CONSUMER) timestamp=391 ms, used_size=4059136 bytes (9.9%)
(RDMA_READ_CONSUME_CHECK_CONSUMER) timestamp=391 ms, used_size=4057088 bytes (9.9%)
(RDMA_READ_CONSUME_CHECK_CONSUMER) timestamp=391 ms, used_size=4055040 bytes (9.9%)
(RDMA_READ_CONSUME_CHECK_CONSUMER) timestamp=391 ms, used_size=4052992 bytes (9.9%)
(RDMA_READ_CONSUME_CHECK_CONSUMER) timestamp=391 ms, used_size=4050944 bytes (9.9%)
(RDMA_READ_CONSUME_CHECK_CONSUMER) timestamp=391 ms, used_size=4048896 bytes (9.9%)
(RDMA_READ_CONSUME_CHECK_CONSUMER) timestamp=391 ms, used_size=4046848 bytes (9.9%)
(RDMA_READ_CONSUME_CHECK_CONSUMER) timestamp=391 ms, used_size=4044800 bytes (9.9%)
(RDMA_READ_CONSUME_CHECK_CONSUMER) timestamp=391 ms, used_size=4042752 bytes (9.9%)
(RDMA_READ_CONSUME_CHECK_CONSUMER) timestamp=391 ms, used_size=4040704 bytes (9.9%)
(RDMA_READ_CONSUME_CHECK_CONSUMER) timestamp=391 ms, used_size=4038656 bytes (9.9%)
(RDMA_READ_CONSUME_CHECK_CONSUMER) timestamp=391 ms, used_size=4036608 bytes (9.9%)
(RDMA_READ_CONSUME_CHECK_CONSUMER) timestamp=391 ms, used_size=4034560 bytes (9.8%)
(RDMA_READ_CONSUME_CHECK_CONSUMER) timestamp=391 ms, used_size=4032512 bytes (9.8%)
(RDMA_READ_CONSUME_CHECK_CONSUMER) timestamp=391 ms, used_size=4030464 bytes (9.8%)
(RDMA_READ_CONSUME_CHECK_CONSUMER) timestamp=391 ms, used_size=4028416 bytes (9.8%)
(RDMA_READ_CONSUME_CHECK_CONSUMER) timestamp=391 ms, used_size=4026368 bytes (9.8%)
(RDMA_READ_CONSUME_CHECK_CONSUMER) timestamp=391 ms, used_size=4024320 bytes (9.8%)
(RDMA_READ_CONSUME_CHECK_CONSUMER) timestamp=391 ms, used_size=4022272 bytes (9.8%)
(RDMA_READ_CONSUME_CHECK_CONSUMER) timestamp=391 ms, used_size=4020224 bytes (9.8%)
(RDMA_READ_CONSUME_CHECK_CONSUMER) timestamp=391 ms, used_size=4018176 bytes (9.8%)
(RDMA_READ_CONSUME_CHECK_CONSUMER) timestamp=391 ms, used_size=4016128 bytes (9.8%)
(RDMA_READ_CONSUME_CHECK_CONSUMER) timestamp=391 ms, used_size=4014080 bytes (9.8%)
(RDMA_READ_CONSUME_CHECK_CONSUMER) timestamp=391 ms, used_size=4012032 bytes (9.8%)
(RDMA_READ_CONSUME_CHECK_CONSUMER) timestamp=391 ms, used_size=4009984 bytes (9.8%)
(RDMA_READ_CONSUME_CHECK_CONSUMER) timestamp=391 ms, used_size=4007936 bytes (9.8%)
(RDMA_READ_CONSUME_CHECK_CONSUMER) timestamp=391 ms, used_size=4005888 bytes (9.8%)
(RDMA_READ_CONSUME_CHECK_CONSUMER) timestamp=391 ms, used_size=4003840 bytes (9.8%)
(RDMA_READ_CONSUME_CHECK_CONSUMER) timestamp=391 ms, used_size=4001792 bytes (9.8%)
(RDMA_READ_CONSUME_CHECK_CONSUMER) timestamp=391 ms, used_size=3999744 bytes (9.8%)
(RDMA_READ_CONSUME_CHECK_CONSUMER) timestamp=391 ms, used_size=3997696 bytes (9.8%)
(RDMA_READ_CONSUME_CHECK_CONSUMER) timestamp=391 ms, used_size=3995648 bytes (9.8%)
(RDMA_READ_CONSUME_CHECK_CONSUMER) timestamp=391 ms, used_size=3993600 bytes (9.8%)
(RDMA_READ_CONSUME_CHECK_CONSUMER) timestamp=391 ms, used_size=3991552 bytes (9.7%)
(RDMA_READ_CONSUME_CHECK_CONSUMER) timestamp=391 ms, used_size=3989504 bytes (9.7%)
(RDMA_READ_CONSUME_CHECK_CONSUMER) timestamp=391 ms, used_size=3987456 bytes (9.7%)
(RDMA_READ_CONSUME_CHECK_CONSUMER) timestamp=391 ms, used_size=3985408 bytes (9.7%)
(RDMA_READ_CONSUME_CHECK_CONSUMER) timestamp=391 ms, used_size=3983360 bytes (9.7%)
(RDMA_READ_CONSUME_CHECK_CONSUMER) timestamp=391 ms, used_size=3981312 bytes (9.7%)
(RDMA_READ_CONSUME_CHECK_CONSUMER) timestamp=391 ms, used_size=3979264 bytes (9.7%)
(RDMA_READ_CONSUME_CHECK_CONSUMER) timestamp=391 ms, used_size=3977216 bytes (9.7%)
(RDMA_READ_CONSUME_CHECK_CONSUMER) timestamp=391 ms, used_size=3975168 bytes (9.7%)
(RDMA_READ_CONSUME_CHECK_CONSUMER) timestamp=391 ms, used_size=3973120 bytes (9.7%)
(RDMA_READ_CONSUME_CHECK_CONSUMER) timestamp=391 ms, used_size=3971072 bytes (9.7%)
(RDMA_READ_CONSUME_CHECK_CONSUMER) timestamp=391 ms, used_size=3969024 bytes (9.7%)
(RDMA_READ_CONSUME_CHECK_CONSUMER) timestamp=391 ms, used_size=3966976 bytes (9.7%)
(RDMA_READ_CONSUME_CHECK_CONSUMER) timestamp=391 ms, used_size=3964928 bytes (9.7%)
(RDMA_READ_CONSUME_CHECK_CONSUMER) timestamp=391 ms, used_size=3962880 bytes (9.7%)
(RDMA_READ_CONSUME_CHECK_CONSUMER) timestamp=391 ms, used_size=3960832 bytes (9.7%)
(RDMA_READ_CONSUME_CHECK_CONSUMER) timestamp=391 ms, used_size=3958784 bytes (9.7%)
(RDMA_READ_CONSUME_CHECK_CONSUMER) timestamp=391 ms, used_size=3956736 bytes (9.7%)
(RDMA_READ_CONSUME_CHECK_CONSUMER) timestamp=391 ms, used_size=3954688 bytes (9.7%)
(RDMA_READ_CONSUME_CHECK_CONSUMER) timestamp=391 ms, used_size=3952640 bytes (9.7%)
(RDMA_READ_CONSUME_CHECK_CONSUMER) timestamp=391 ms, used_size=3950592 bytes (9.6%)
(RDMA_READ_CONSUME_CHECK_CONSUMER) timestamp=391 ms, used_size=3948544 bytes (9.6%)
(RDMA_READ_CONSUME_CHECK_CONSUMER) timestamp=391 ms, used_size=3946496 bytes (9.6%)
(RDMA_READ_CONSUME_CHECK_CONSUMER) timestamp=391 ms, used_size=3944448 bytes (9.6%)
(RDMA_READ_CONSUME_CHECK_CONSUMER) timestamp=391 ms, used_size=3942400 bytes (9.6%)
(RDMA_READ_CONSUME_CHECK_CONSUMER) timestamp=391 ms, used_size=3940352 bytes (9.6%)
(RDMA_READ_CONSUME_CHECK_CONSUMER) timestamp=391 ms, used_size=3938304 bytes (9.6%)
(RDMA_READ_CONSUME_CHECK_CONSUMER) timestamp=391 ms, used_size=3936256 bytes (9.6%)
(RDMA_READ_CONSUME_CHECK_CONSUMER) timestamp=391 ms, used_size=3934208 bytes (9.6%)
(RDMA_READ_CONSUME_CHECK_CONSUMER) timestamp=391 ms, used_size=3932160 bytes (9.6%)
(RDMA_READ_CONSUME_CHECK_CONSUMER) timestamp=391 ms, used_size=3930112 bytes (9.6%)
(RDMA_READ_CONSUME_CHECK_CONSUMER) timestamp=391 ms, used_size=3928064 bytes (9.6%)
(RDMA_READ_CONSUME_CHECK_CONSUMER) timestamp=391 ms, used_size=3926016 bytes (9.6%)
(RDMA_READ_CONSUME_CHECK_CONSUMER) timestamp=391 ms, used_size=3923968 bytes (9.6%)
(RDMA_READ_CONSUME_CHECK_CONSUMER) timestamp=391 ms, used_size=3921920 bytes (9.6%)
(RDMA_READ_CONSUME_CHECK_CONSUMER) timestamp=391 ms, used_size=3919872 bytes (9.6%)
(RDMA_READ_CONSUME_CHECK_CONSUMER) timestamp=391 ms, used_size=3917824 bytes (9.6%)
(RDMA_READ_CONSUME_CHECK_CONSUMER) timestamp=391 ms, used_size=3915776 bytes (9.6%)
(RDMA_READ_CONSUME_CHECK_CONSUMER) timestamp=391 ms, used_size=3913728 bytes (9.6%)
(RDMA_READ_CONSUME_CHECK_CONSUMER) timestamp=391 ms, used_size=3911680 bytes (9.6%)
(RDMA_READ_CONSUME_CHECK_CONSUMER) timestamp=391 ms, used_size=3909632 bytes (9.5%)
(RDMA_READ_CONSUME_CHECK_CONSUMER) timestamp=391 ms, used_size=3907584 bytes (9.5%)
(RDMA_READ_CONSUME_CHECK_CONSUMER) timestamp=391 ms, used_size=3905536 bytes (9.5%)
(RDMA_READ_CONSUME_CHECK_CONSUMER) timestamp=391 ms, used_size=3903488 bytes (9.5%)
(RDMA_READ_CONSUME_CHECK_CONSUMER) timestamp=392 ms, used_size=3901440 bytes (9.5%)
(RDMA_READ_CONSUME_CHECK_CONSUMER) timestamp=392 ms, used_size=3899392 bytes (9.5%)
(RDMA_READ_CONSUME_CHECK_CONSUMER) timestamp=392 ms, used_size=3897344 bytes (9.5%)
(RDMA_READ_CONSUME_CHECK_CONSUMER) timestamp=392 ms, used_size=3895296 bytes (9.5%)
(RDMA_READ_CONSUME_CHECK_CONSUMER) timestamp=392 ms, used_size=3893248 bytes (9.5%)
(RDMA_READ_CONSUME_CHECK_CONSUMER) timestamp=392 ms, used_size=3891200 bytes (9.5%)
(RDMA_READ_CONSUME_CHECK_CONSUMER) timestamp=392 ms, used_size=3889152 bytes (9.5%)
(RDMA_READ_CONSUME_CHECK_CONSUMER) timestamp=392 ms, used_size=3887104 bytes (9.5%)
(RDMA_READ_CONSUME_CHECK_CONSUMER) timestamp=392 ms, used_size=3885056 bytes (9.5%)
(RDMA_READ_CONSUME_CHECK_CONSUMER) timestamp=392 ms, used_size=3883008 bytes (9.5%)
(RDMA_READ_CONSUME_CHECK_CONSUMER) timestamp=392 ms, used_size=3880960 bytes (9.5%)
(RDMA_READ_CONSUME_CHECK_CONSUMER) timestamp=392 ms, used_size=3878912 bytes (9.5%)
(RDMA_READ_CONSUME_CHECK_CONSUMER) timestamp=392 ms, used_size=3876864 bytes (9.5%)
(RDMA_READ_CONSUME_CHECK_CONSUMER) timestamp=392 ms, used_size=3874816 bytes (9.5%)
(RDMA_READ_CONSUME_CHECK_CONSUMER) timestamp=392 ms, used_size=3872768 bytes (9.5%)
(RDMA_READ_CONSUME_CHECK_CONSUMER) timestamp=392 ms, used_size=3870720 bytes (9.4%)
(RDMA_READ_CONSUME_CHECK_CONSUMER) timestamp=392 ms, used_size=3868672 bytes (9.4%)
(RDMA_READ_CONSUME_CHECK_CONSUMER) timestamp=392 ms, used_size=3866624 bytes (9.4%)
(RDMA_READ_CONSUME_CHECK_CONSUMER) timestamp=392 ms, used_size=3864576 bytes (9.4%)
(RDMA_READ_CONSUME_CHECK_CONSUMER) timestamp=392 ms, used_size=3862528 bytes (9.4%)
(RDMA_READ_CONSUME_CHECK_CONSUMER) timestamp=392 ms, used_size=3860480 bytes (9.4%)
(RDMA_READ_CONSUME_CHECK_CONSUMER) timestamp=392 ms, used_size=3858432 bytes (9.4%)
(RDMA_READ_CONSUME_CHECK_CONSUMER) timestamp=392 ms, used_size=3856384 bytes (9.4%)
(RDMA_READ_CONSUME_CHECK_CONSUMER) timestamp=392 ms, used_size=3854336 bytes (9.4%)
(RDMA_READ_CONSUME_CHECK_CONSUMER) timestamp=392 ms, used_size=3852288 bytes (9.4%)
(RDMA_READ_CONSUME_CHECK_CONSUMER) timestamp=392 ms, used_size=3850240 bytes (9.4%)
(RDMA_READ_CONSUME_CHECK_CONSUMER) timestamp=392 ms, used_size=3848192 bytes (9.4%)
(RDMA_READ_CONSUME_CHECK_CONSUMER) timestamp=392 ms, used_size=3846144 bytes (9.4%)
(RDMA_READ_CONSUME_CHECK_CONSUMER) timestamp=392 ms, used_size=3844096 bytes (9.4%)
(RDMA_READ_CONSUME_CHECK_CONSUMER) timestamp=392 ms, used_size=3842048 bytes (9.4%)
(RDMA_READ_CONSUME_CHECK_CONSUMER) timestamp=392 ms, used_size=3840000 bytes (9.4%)
(RDMA_READ_CONSUME_CHECK_CONSUMER) timestamp=392 ms, used_size=3837952 bytes (9.4%)
(RDMA_READ_CONSUME_CHECK_CONSUMER) timestamp=392 ms, used_size=3835904 bytes (9.4%)
(RDMA_READ_CONSUME_CHECK_CONSUMER) timestamp=392 ms, used_size=3833856 bytes (9.4%)
(RDMA_READ_CONSUME_CHECK_CONSUMER) timestamp=392 ms, used_size=3831808 bytes (9.4%)
(RDMA_READ_CONSUME_CHECK_CONSUMER) timestamp=392 ms, used_size=3829760 bytes (9.3%)
(RDMA_READ_CONSUME_CHECK_CONSUMER) timestamp=392 ms, used_size=3827712 bytes (9.3%)
(RDMA_READ_CONSUME_CHECK_CONSUMER) timestamp=392 ms, used_size=3825664 bytes (9.3%)
(RDMA_READ_CONSUME_CHECK_CONSUMER) timestamp=392 ms, used_size=3823616 bytes (9.3%)
(RDMA_READ_CONSUME_CHECK_CONSUMER) timestamp=392 ms, used_size=3821568 bytes (9.3%)
(RDMA_READ_CONSUME_CHECK_CONSUMER) timestamp=392 ms, used_size=3819520 bytes (9.3%)
(RDMA_READ_CONSUME_CHECK_CONSUMER) timestamp=392 ms, used_size=3817472 bytes (9.3%)
(RDMA_READ_CONSUME_CHECK_CONSUMER) timestamp=392 ms, used_size=3815424 bytes (9.3%)
(RDMA_READ_CONSUME_CHECK_CONSUMER) timestamp=392 ms, used_size=3813376 bytes (9.3%)
(RDMA_READ_CONSUME_CHECK_CONSUMER) timestamp=392 ms, used_size=3811328 bytes (9.3%)
(RDMA_READ_CONSUME_CHECK_CONSUMER) timestamp=392 ms, used_size=3809280 bytes (9.3%)
(RDMA_READ_CONSUME_CHECK_CONSUMER) timestamp=392 ms, used_size=3807232 bytes (9.3%)
(RDMA_READ_CONSUME_CHECK_CONSUMER) timestamp=392 ms, used_size=3805184 bytes (9.3%)
(RDMA_READ_CONSUME_CHECK_CONSUMER) timestamp=392 ms, used_size=3803136 bytes (9.3%)
(RDMA_READ_CONSUME_CHECK_CONSUMER) timestamp=392 ms, used_size=3801088 bytes (9.3%)
(RDMA_READ_CONSUME_CHECK_CONSUMER) timestamp=392 ms, used_size=3799040 bytes (9.3%)
(RDMA_READ_CONSUME_CHECK_CONSUMER) timestamp=392 ms, used_size=3796992 bytes (9.3%)
(RDMA_READ_CONSUME_CHECK_CONSUMER) timestamp=392 ms, used_size=3794944 bytes (9.3%)
(RDMA_READ_CONSUME_CHECK_CONSUMER) timestamp=392 ms, used_size=3792896 bytes (9.3%)
(RDMA_READ_CONSUME_CHECK_CONSUMER) timestamp=392 ms, used_size=3790848 bytes (9.3%)
(RDMA_READ_CONSUME_CHECK_CONSUMER) timestamp=392 ms, used_size=3788800 bytes (9.2%)
(RDMA_READ_CONSUME_CHECK_CONSUMER) timestamp=392 ms, used_size=3786752 bytes (9.2%)
(RDMA_READ_CONSUME_CHECK_CONSUMER) timestamp=392 ms, used_size=3784704 bytes (9.2%)
(RDMA_READ_CONSUME_CHECK_CONSUMER) timestamp=392 ms, used_size=3782656 bytes (9.2%)
(RDMA_READ_CONSUME_CHECK_CONSUMER) timestamp=392 ms, used_size=3780608 bytes (9.2%)
(RDMA_READ_CONSUME_CHECK_CONSUMER) timestamp=392 ms, used_size=3778560 bytes (9.2%)
(RDMA_READ_CONSUME_CHECK_CONSUMER) timestamp=392 ms, used_size=3776512 bytes (9.2%)
(RDMA_READ_CONSUME_CHECK_CONSUMER) timestamp=392 ms, used_size=3774464 bytes (9.2%)
(RDMA_READ_CONSUME_CHECK_CONSUMER) timestamp=392 ms, used_size=3772416 bytes (9.2%)
(RDMA_READ_CONSUME_CHECK_CONSUMER) timestamp=392 ms, used_size=3770368 bytes (9.2%)
(RDMA_READ_CONSUME_CHECK_CONSUMER) timestamp=392 ms, used_size=3768320 bytes (9.2%)
(RDMA_READ_CONSUME_CHECK_CONSUMER) timestamp=392 ms, used_size=3766272 bytes (9.2%)
(RDMA_READ_CONSUME_CHECK_CONSUMER) timestamp=392 ms, used_size=3764224 bytes (9.2%)
(RDMA_READ_CONSUME_CHECK_CONSUMER) timestamp=392 ms, used_size=3762176 bytes (9.2%)
(RDMA_READ_CONSUME_CHECK_CONSUMER) timestamp=392 ms, used_size=3760128 bytes (9.2%)
(RDMA_READ_CONSUME_CHECK_CONSUMER) timestamp=392 ms, used_size=3758080 bytes (9.2%)
(RDMA_READ_CONSUME_CHECK_CONSUMER) timestamp=392 ms, used_size=3756032 bytes (9.2%)
(RDMA_READ_CONSUME_CHECK_CONSUMER) timestamp=392 ms, used_size=3753984 bytes (9.2%)
(RDMA_READ_CONSUME_CHECK_CONSUMER) timestamp=392 ms, used_size=3751936 bytes (9.2%)
(RDMA_READ_CONSUME_CHECK_CONSUMER) timestamp=392 ms, used_size=3749888 bytes (9.2%)
(RDMA_READ_CONSUME_CHECK_CONSUMER) timestamp=392 ms, used_size=3747840 bytes (9.2%)
(RDMA_READ_CONSUME_CHECK_CONSUMER) timestamp=392 ms, used_size=3745792 bytes (9.1%)
(RDMA_READ_CONSUME_CHECK_CONSUMER) timestamp=392 ms, used_size=3743744 bytes (9.1%)
(RDMA_READ_CONSUME_CHECK_CONSUMER) timestamp=392 ms, used_size=3741696 bytes (9.1%)
(RDMA_READ_CONSUME_CHECK_CONSUMER) timestamp=392 ms, used_size=3739648 bytes (9.1%)
(RDMA_READ_CONSUME_CHECK_CONSUMER) timestamp=392 ms, used_size=3737600 bytes (9.1%)
(RDMA_READ_CONSUME_CHECK_CONSUMER) timestamp=392 ms, used_size=3735552 bytes (9.1%)
(RDMA_READ_CONSUME_CHECK_CONSUMER) timestamp=392 ms, used_size=3733504 bytes (9.1%)
(RDMA_READ_CONSUME_CHECK_CONSUMER) timestamp=392 ms, used_size=3731456 bytes (9.1%)
(RDMA_READ_CONSUME_CHECK_CONSUMER) timestamp=392 ms, used_size=3729408 bytes (9.1%)
(RDMA_READ_CONSUME_CHECK_CONSUMER) timestamp=392 ms, used_size=3727360 bytes (9.1%)
(RDMA_READ_CONSUME_CHECK_CONSUMER) timestamp=392 ms, used_size=3725312 bytes (9.1%)
(RDMA_READ_CONSUME_CHECK_CONSUMER) timestamp=392 ms, used_size=3723264 bytes (9.1%)
(RDMA_READ_CONSUME_CHECK_CONSUMER) timestamp=392 ms, used_size=3721216 bytes (9.1%)
(RDMA_READ_CONSUME_CHECK_CONSUMER) timestamp=392 ms, used_size=3719168 bytes (9.1%)
(RDMA_READ_CONSUME_CHECK_CONSUMER) timestamp=392 ms, used_size=3717120 bytes (9.1%)
(RDMA_READ_CONSUME_CHECK_CONSUMER) timestamp=392 ms, used_size=3715072 bytes (9.1%)
(RDMA_READ_CONSUME_CHECK_CONSUMER) timestamp=392 ms, used_size=3713024 bytes (9.1%)
(RDMA_READ_CONSUME_CHECK_CONSUMER) timestamp=392 ms, used_size=3710976 bytes (9.1%)
(RDMA_READ_CONSUME_CHECK_CONSUMER) timestamp=392 ms, used_size=3708928 bytes (9.1%)
(RDMA_READ_CONSUME_CHECK_CONSUMER) timestamp=392 ms, used_size=3706880 bytes (9.1%)
(RDMA_READ_CONSUME_CHECK_CONSUMER) timestamp=392 ms, used_size=3704832 bytes (9.0%)
(RDMA_READ_CONSUME_CHECK_CONSUMER) timestamp=392 ms, used_size=3702784 bytes (9.0%)
(RDMA_READ_CONSUME_CHECK_CONSUMER) timestamp=392 ms, used_size=3700736 bytes (9.0%)
(RDMA_READ_CONSUME_CHECK_CONSUMER) timestamp=392 ms, used_size=3698688 bytes (9.0%)
(RDMA_READ_CONSUME_CHECK_CONSUMER) timestamp=392 ms, used_size=3696640 bytes (9.0%)
(RDMA_READ_CONSUME_CHECK_CONSUMER) timestamp=392 ms, used_size=3694592 bytes (9.0%)
(RDMA_READ_CONSUME_CHECK_CONSUMER) timestamp=392 ms, used_size=3692544 bytes (9.0%)
(RDMA_READ_CONSUME_CHECK_CONSUMER) timestamp=392 ms, used_size=3690496 bytes (9.0%)
(RDMA_READ_CONSUME_CHECK_CONSUMER) timestamp=392 ms, used_size=3688448 bytes (9.0%)
(RDMA_READ_CONSUME_CHECK_CONSUMER) timestamp=392 ms, used_size=3686400 bytes (9.0%)
(RDMA_READ_CONSUME_CHECK_CONSUMER) timestamp=392 ms, used_size=3684352 bytes (9.0%)
(RDMA_READ_CONSUME_CHECK_CONSUMER) timestamp=392 ms, used_size=3682304 bytes (9.0%)
(RDMA_READ_CONSUME_CHECK_CONSUMER) timestamp=392 ms, used_size=3680256 bytes (9.0%)
(RDMA_READ_CONSUME_CHECK_CONSUMER) timestamp=392 ms, used_size=3678208 bytes (9.0%)
(RDMA_READ_CONSUME_CHECK_CONSUMER) timestamp=392 ms, used_size=3676160 bytes (9.0%)
(RDMA_READ_CONSUME_CHECK_CONSUMER) timestamp=392 ms, used_size=3674112 bytes (9.0%)
(RDMA_READ_CONSUME_CHECK_CONSUMER) timestamp=392 ms, used_size=3672064 bytes (9.0%)
(RDMA_READ_CONSUME_CHECK_CONSUMER) timestamp=392 ms, used_size=3670016 bytes (9.0%)
(RDMA_READ_CONSUME_CHECK_CONSUMER) timestamp=392 ms, used_size=3667968 bytes (9.0%)
(RDMA_READ_CONSUME_CHECK_CONSUMER) timestamp=392 ms, used_size=3665920 bytes (8.9%)
(RDMA_READ_CONSUME_CHECK_CONSUMER) timestamp=392 ms, used_size=3663872 bytes (8.9%)
(RDMA_READ_CONSUME_CHECK_CONSUMER) timestamp=392 ms, used_size=3661824 bytes (8.9%)
(RDMA_READ_CONSUME_CHECK_CONSUMER) timestamp=392 ms, used_size=3659776 bytes (8.9%)
(RDMA_READ_CONSUME_CHECK_CONSUMER) timestamp=392 ms, used_size=3657728 bytes (8.9%)
(RDMA_READ_CONSUME_CHECK_CONSUMER) timestamp=392 ms, used_size=3655680 bytes (8.9%)
(RDMA_READ_CONSUME_CHECK_CONSUMER) timestamp=392 ms, used_size=3653632 bytes (8.9%)
(RDMA_READ_CONSUME_CHECK_CONSUMER) timestamp=392 ms, used_size=3651584 bytes (8.9%)
(RDMA_READ_CONSUME_CHECK_CONSUMER) timestamp=392 ms, used_size=3649536 bytes (8.9%)
(RDMA_READ_CONSUME_CHECK_CONSUMER) timestamp=392 ms, used_size=3647488 bytes (8.9%)
(RDMA_READ_CONSUME_CHECK_CONSUMER) timestamp=392 ms, used_size=3645440 bytes (8.9%)
(RDMA_READ_CONSUME_CHECK_CONSUMER) timestamp=392 ms, used_size=3643392 bytes (8.9%)
(RDMA_READ_CONSUME_CHECK_CONSUMER) timestamp=392 ms, used_size=3641344 bytes (8.9%)
(RDMA_READ_CONSUME_CHECK_CONSUMER) timestamp=392 ms, used_size=3639296 bytes (8.9%)
(RDMA_READ_CONSUME_CHECK_CONSUMER) timestamp=392 ms, used_size=3637248 bytes (8.9%)
(RDMA_READ_CONSUME_CHECK_CONSUMER) timestamp=392 ms, used_size=3635200 bytes (8.9%)
(RDMA_READ_CONSUME_CHECK_CONSUMER) timestamp=392 ms, used_size=3633152 bytes (8.9%)
(RDMA_READ_CONSUME_CHECK_CONSUMER) timestamp=392 ms, used_size=3631104 bytes (8.9%)
(RDMA_READ_CONSUME_CHECK_CONSUMER) timestamp=392 ms, used_size=3629056 bytes (8.9%)
(RDMA_READ_CONSUME_CHECK_CONSUMER) timestamp=392 ms, used_size=3627008 bytes (8.9%)
(RDMA_READ_CONSUME_CHECK_CONSUMER) timestamp=392 ms, used_size=3624960 bytes (8.8%)
(RDMA_READ_CONSUME_CHECK_CONSUMER) timestamp=392 ms, used_size=3622912 bytes (8.8%)
(RDMA_READ_CONSUME_CHECK_CONSUMER) timestamp=392 ms, used_size=3620864 bytes (8.8%)
(RDMA_READ_CONSUME_CHECK_CONSUMER) timestamp=392 ms, used_size=3618816 bytes (8.8%)
(RDMA_READ_CONSUME_CHECK_CONSUMER) timestamp=392 ms, used_size=3616768 bytes (8.8%)
(RDMA_READ_CONSUME_CHECK_CONSUMER) timestamp=392 ms, used_size=3614720 bytes (8.8%)
(RDMA_READ_CONSUME_CHECK_CONSUMER) timestamp=392 ms, used_size=3612672 bytes (8.8%)
(RDMA_READ_CONSUME_CHECK_CONSUMER) timestamp=392 ms, used_size=3610624 bytes (8.8%)
(RDMA_READ_CONSUME_CHECK_CONSUMER) timestamp=392 ms, used_size=3608576 bytes (8.8%)
(RDMA_READ_CONSUME_CHECK_CONSUMER) timestamp=392 ms, used_size=3606528 bytes (8.8%)
(RDMA_READ_CONSUME_CHECK_CONSUMER) timestamp=392 ms, used_size=3604480 bytes (8.8%)
(RDMA_READ_CONSUME_CHECK_CONSUMER) timestamp=392 ms, used_size=3602432 bytes (8.8%)
(RDMA_READ_CONSUME_CHECK_CONSUMER) timestamp=392 ms, used_size=3600384 bytes (8.8%)
(RDMA_READ_CONSUME_CHECK_CONSUMER) timestamp=392 ms, used_size=3598336 bytes (8.8%)
(RDMA_READ_CONSUME_CHECK_CONSUMER) timestamp=392 ms, used_size=3596288 bytes (8.8%)
(RDMA_READ_CONSUME_CHECK_CONSUMER) timestamp=392 ms, used_size=3594240 bytes (8.8%)
(RDMA_READ_CONSUME_CHECK_CONSUMER) timestamp=392 ms, used_size=3592192 bytes (8.8%)
(RDMA_READ_CONSUME_CHECK_CONSUMER) timestamp=392 ms, used_size=3590144 bytes (8.8%)
(RDMA_READ_CONSUME_CHECK_CONSUMER) timestamp=392 ms, used_size=3588096 bytes (8.8%)
(RDMA_READ_CONSUME_CHECK_CONSUMER) timestamp=392 ms, used_size=3586048 bytes (8.8%)
(RDMA_READ_CONSUME_CHECK_CONSUMER) timestamp=392 ms, used_size=3584000 bytes (8.8%)
(RDMA_READ_CONSUME_CHECK_CONSUMER) timestamp=392 ms, used_size=3581952 bytes (8.7%)
(RDMA_READ_CONSUME_CHECK_CONSUMER) timestamp=392 ms, used_size=3579904 bytes (8.7%)
(RDMA_READ_CONSUME_CHECK_CONSUMER) timestamp=392 ms, used_size=3577856 bytes (8.7%)
(RDMA_READ_CONSUME_CHECK_CONSUMER) timestamp=392 ms, used_size=3575808 bytes (8.7%)
(RDMA_READ_CONSUME_CHECK_CONSUMER) timestamp=392 ms, used_size=3573760 bytes (8.7%)
(RDMA_READ_CONSUME_CHECK_CONSUMER) timestamp=392 ms, used_size=3571712 bytes (8.7%)
(RDMA_READ_CONSUME_CHECK_CONSUMER) timestamp=392 ms, used_size=3569664 bytes (8.7%)
(RDMA_READ_CONSUME_CHECK_CONSUMER) timestamp=392 ms, used_size=3567616 bytes (8.7%)
(RDMA_READ_CONSUME_CHECK_CONSUMER) timestamp=392 ms, used_size=3565568 bytes (8.7%)
(RDMA_READ_CONSUME_CHECK_CONSUMER) timestamp=392 ms, used_size=3563520 bytes (8.7%)
(RDMA_READ_CONSUME_CHECK_CONSUMER) timestamp=392 ms, used_size=3561472 bytes (8.7%)
(RDMA_READ_CONSUME_CHECK_CONSUMER) timestamp=392 ms, used_size=3559424 bytes (8.7%)
(RDMA_READ_CONSUME_CHECK_CONSUMER) timestamp=392 ms, used_size=3557376 bytes (8.7%)
(RDMA_READ_CONSUME_CHECK_CONSUMER) timestamp=392 ms, used_size=3555328 bytes (8.7%)
(RDMA_READ_CONSUME_CHECK_CONSUMER) timestamp=392 ms, used_size=3553280 bytes (8.7%)
(RDMA_READ_CONSUME_CHECK_CONSUMER) timestamp=392 ms, used_size=3551232 bytes (8.7%)
(RDMA_READ_CONSUME_CHECK_CONSUMER) timestamp=392 ms, used_size=3549184 bytes (8.7%)
(RDMA_READ_CONSUME_CHECK_CONSUMER) timestamp=392 ms, used_size=3547136 bytes (8.7%)
(RDMA_READ_CONSUME_CHECK_CONSUMER) timestamp=392 ms, used_size=3545088 bytes (8.7%)
(RDMA_READ_CONSUME_CHECK_CONSUMER) timestamp=392 ms, used_size=3543040 bytes (8.7%)
(RDMA_READ_CONSUME_CHECK_CONSUMER) timestamp=392 ms, used_size=3540992 bytes (8.6%)
(RDMA_READ_CONSUME_CHECK_CONSUMER) timestamp=393 ms, used_size=3538944 bytes (8.6%)
(RDMA_READ_CONSUME_CHECK_CONSUMER) timestamp=393 ms, used_size=3536896 bytes (8.6%)
(RDMA_READ_CONSUME_CHECK_CONSUMER) timestamp=393 ms, used_size=3534848 bytes (8.6%)
(RDMA_READ_CONSUME_CHECK_CONSUMER) timestamp=393 ms, used_size=3532800 bytes (8.6%)
(RDMA_READ_CONSUME_CHECK_CONSUMER) timestamp=393 ms, used_size=3530752 bytes (8.6%)
(RDMA_READ_CONSUME_CHECK_CONSUMER) timestamp=393 ms, used_size=3528704 bytes (8.6%)
(RDMA_READ_CONSUME_CHECK_CONSUMER) timestamp=393 ms, used_size=3526656 bytes (8.6%)
(RDMA_READ_CONSUME_CHECK_CONSUMER) timestamp=393 ms, used_size=3524608 bytes (8.6%)
(RDMA_READ_CONSUME_CHECK_CONSUMER) timestamp=393 ms, used_size=3522560 bytes (8.6%)
(RDMA_READ_CONSUME_CHECK_CONSUMER) timestamp=393 ms, used_size=3520512 bytes (8.6%)
(RDMA_READ_CONSUME_CHECK_CONSUMER) timestamp=393 ms, used_size=3518464 bytes (8.6%)
(RDMA_READ_CONSUME_CHECK_CONSUMER) timestamp=393 ms, used_size=3516416 bytes (8.6%)
(RDMA_READ_CONSUME_CHECK_CONSUMER) timestamp=393 ms, used_size=3514368 bytes (8.6%)
(RDMA_READ_CONSUME_CHECK_CONSUMER) timestamp=393 ms, used_size=3512320 bytes (8.6%)
(RDMA_READ_CONSUME_CHECK_CONSUMER) timestamp=393 ms, used_size=3510272 bytes (8.6%)
(RDMA_READ_CONSUME_CHECK_CONSUMER) timestamp=393 ms, used_size=3508224 bytes (8.6%)
(RDMA_READ_CONSUME_CHECK_CONSUMER) timestamp=393 ms, used_size=3506176 bytes (8.6%)
(RDMA_READ_CONSUME_CHECK_CONSUMER) timestamp=393 ms, used_size=3504128 bytes (8.6%)
(RDMA_READ_CONSUME_CHECK_CONSUMER) timestamp=393 ms, used_size=3502080 bytes (8.6%)
(RDMA_READ_CONSUME_CHECK_CONSUMER) timestamp=393 ms, used_size=3500032 bytes (8.5%)
(RDMA_READ_CONSUME_CHECK_CONSUMER) timestamp=393 ms, used_size=3497984 bytes (8.5%)
(RDMA_READ_CONSUME_CHECK_CONSUMER) timestamp=393 ms, used_size=3495936 bytes (8.5%)
(RDMA_READ_CONSUME_CHECK_CONSUMER) timestamp=393 ms, used_size=3493888 bytes (8.5%)
(RDMA_READ_CONSUME_CHECK_CONSUMER) timestamp=393 ms, used_size=3491840 bytes (8.5%)
(RDMA_READ_CONSUME_CHECK_CONSUMER) timestamp=393 ms, used_size=3489792 bytes (8.5%)
(RDMA_READ_CONSUME_CHECK_CONSUMER) timestamp=393 ms, used_size=3487744 bytes (8.5%)
(RDMA_READ_CONSUME_CHECK_CONSUMER) timestamp=393 ms, used_size=3485696 bytes (8.5%)
(RDMA_READ_CONSUME_CHECK_CONSUMER) timestamp=393 ms, used_size=3483648 bytes (8.5%)
(RDMA_READ_CONSUME_CHECK_CONSUMER) timestamp=393 ms, used_size=3481600 bytes (8.5%)
(RDMA_READ_CONSUME_CHECK_CONSUMER) timestamp=393 ms, used_size=3479552 bytes (8.5%)
(RDMA_READ_CONSUME_CHECK_CONSUMER) timestamp=393 ms, used_size=3477504 bytes (8.5%)
(RDMA_READ_CONSUME_CHECK_CONSUMER) timestamp=393 ms, used_size=3475456 bytes (8.5%)
(RDMA_READ_CONSUME_CHECK_CONSUMER) timestamp=393 ms, used_size=3473408 bytes (8.5%)
(RDMA_READ_CONSUME_CHECK_CONSUMER) timestamp=393 ms, used_size=3471360 bytes (8.5%)
(RDMA_READ_CONSUME_CHECK_CONSUMER) timestamp=393 ms, used_size=3469312 bytes (8.5%)
(RDMA_READ_CONSUME_CHECK_CONSUMER) timestamp=393 ms, used_size=3467264 bytes (8.5%)
(RDMA_READ_CONSUME_CHECK_CONSUMER) timestamp=393 ms, used_size=3465216 bytes (8.5%)
(RDMA_READ_CONSUME_CHECK_CONSUMER) timestamp=393 ms, used_size=3463168 bytes (8.5%)
(RDMA_READ_CONSUME_CHECK_CONSUMER) timestamp=393 ms, used_size=3461120 bytes (8.4%)
(RDMA_READ_CONSUME_CHECK_CONSUMER) timestamp=393 ms, used_size=3459072 bytes (8.4%)
(RDMA_READ_CONSUME_CHECK_CONSUMER) timestamp=393 ms, used_size=3457024 bytes (8.4%)
(RDMA_READ_CONSUME_CHECK_CONSUMER) timestamp=393 ms, used_size=3454976 bytes (8.4%)
(RDMA_READ_CONSUME_CHECK_CONSUMER) timestamp=393 ms, used_size=3452928 bytes (8.4%)
(RDMA_READ_CONSUME_CHECK_CONSUMER) timestamp=393 ms, used_size=3450880 bytes (8.4%)
(RDMA_READ_CONSUME_CHECK_CONSUMER) timestamp=393 ms, used_size=3448832 bytes (8.4%)
(RDMA_READ_CONSUME_CHECK_CONSUMER) timestamp=393 ms, used_size=3446784 bytes (8.4%)
(RDMA_READ_CONSUME_CHECK_CONSUMER) timestamp=393 ms, used_size=3444736 bytes (8.4%)
(RDMA_READ_CONSUME_CHECK_CONSUMER) timestamp=393 ms, used_size=3442688 bytes (8.4%)
(RDMA_READ_CONSUME_CHECK_CONSUMER) timestamp=393 ms, used_size=3440640 bytes (8.4%)
(RDMA_READ_CONSUME_CHECK_CONSUMER) timestamp=393 ms, used_size=3438592 bytes (8.4%)
(RDMA_READ_CONSUME_CHECK_CONSUMER) timestamp=393 ms, used_size=3436544 bytes (8.4%)
(RDMA_READ_CONSUME_CHECK_CONSUMER) timestamp=393 ms, used_size=3434496 bytes (8.4%)
(RDMA_READ_CONSUME_CHECK_CONSUMER) timestamp=393 ms, used_size=3432448 bytes (8.4%)
(RDMA_READ_CONSUME_CHECK_CONSUMER) timestamp=393 ms, used_size=3430400 bytes (8.4%)
(RDMA_READ_CONSUME_CHECK_CONSUMER) timestamp=393 ms, used_size=3428352 bytes (8.4%)
(RDMA_READ_CONSUME_CHECK_CONSUMER) timestamp=393 ms, used_size=3426304 bytes (8.4%)
(RDMA_READ_CONSUME_CHECK_CONSUMER) timestamp=393 ms, used_size=3424256 bytes (8.4%)
(RDMA_READ_CONSUME_CHECK_CONSUMER) timestamp=393 ms, used_size=3422208 bytes (8.4%)
(RDMA_READ_CONSUME_CHECK_CONSUMER) timestamp=393 ms, used_size=3420160 bytes (8.3%)
(RDMA_READ_CONSUME_CHECK_CONSUMER) timestamp=393 ms, used_size=3418112 bytes (8.3%)
(RDMA_READ_CONSUME_CHECK_CONSUMER) timestamp=393 ms, used_size=3416064 bytes (8.3%)
(RDMA_READ_CONSUME_CHECK_CONSUMER) timestamp=393 ms, used_size=3414016 bytes (8.3%)
(RDMA_READ_CONSUME_CHECK_CONSUMER) timestamp=393 ms, used_size=3411968 bytes (8.3%)
(RDMA_READ_CONSUME_CHECK_CONSUMER) timestamp=393 ms, used_size=3409920 bytes (8.3%)
(RDMA_READ_CONSUME_CHECK_CONSUMER) timestamp=393 ms, used_size=3407872 bytes (8.3%)
(RDMA_READ_CONSUME_CHECK_CONSUMER) timestamp=393 ms, used_size=3405824 bytes (8.3%)
(RDMA_READ_CONSUME_CHECK_CONSUMER) timestamp=393 ms, used_size=3403776 bytes (8.3%)
(RDMA_READ_CONSUME_CHECK_CONSUMER) timestamp=393 ms, used_size=3401728 bytes (8.3%)
(RDMA_READ_CONSUME_CHECK_CONSUMER) timestamp=393 ms, used_size=3399680 bytes (8.3%)
(RDMA_READ_CONSUME_CHECK_CONSUMER) timestamp=393 ms, used_size=3397632 bytes (8.3%)
(RDMA_READ_CONSUME_CHECK_CONSUMER) timestamp=393 ms, used_size=3395584 bytes (8.3%)
(RDMA_READ_CONSUME_CHECK_CONSUMER) timestamp=393 ms, used_size=3393536 bytes (8.3%)
(RDMA_READ_CONSUME_CHECK_CONSUMER) timestamp=393 ms, used_size=3391488 bytes (8.3%)
(RDMA_READ_CONSUME_CHECK_CONSUMER) timestamp=393 ms, used_size=3389440 bytes (8.3%)
(RDMA_READ_CONSUME_CHECK_CONSUMER) timestamp=393 ms, used_size=3387392 bytes (8.3%)
(RDMA_READ_CONSUME_CHECK_CONSUMER) timestamp=393 ms, used_size=3385344 bytes (8.3%)
(RDMA_READ_CONSUME_CHECK_CONSUMER) timestamp=393 ms, used_size=3383296 bytes (8.3%)
(RDMA_READ_CONSUME_CHECK_CONSUMER) timestamp=393 ms, used_size=3381248 bytes (8.3%)
(RDMA_READ_CONSUME_CHECK_CONSUMER) timestamp=393 ms, used_size=3379200 bytes (8.2%)
(RDMA_READ_CONSUME_CHECK_CONSUMER) timestamp=393 ms, used_size=3377152 bytes (8.2%)
(RDMA_READ_CONSUME_CHECK_CONSUMER) timestamp=393 ms, used_size=3375104 bytes (8.2%)
(RDMA_READ_CONSUME_CHECK_CONSUMER) timestamp=393 ms, used_size=3373056 bytes (8.2%)
(RDMA_READ_CONSUME_CHECK_CONSUMER) timestamp=393 ms, used_size=3371008 bytes (8.2%)
(RDMA_READ_CONSUME_CHECK_CONSUMER) timestamp=393 ms, used_size=3368960 bytes (8.2%)
(RDMA_READ_CONSUME_CHECK_CONSUMER) timestamp=393 ms, used_size=3366912 bytes (8.2%)
(RDMA_READ_CONSUME_CHECK_CONSUMER) timestamp=393 ms, used_size=3364864 bytes (8.2%)
(RDMA_READ_CONSUME_CHECK_CONSUMER) timestamp=393 ms, used_size=3362816 bytes (8.2%)
(RDMA_READ_CONSUME_CHECK_CONSUMER) timestamp=393 ms, used_size=3360768 bytes (8.2%)
(RDMA_READ_CONSUME_CHECK_CONSUMER) timestamp=393 ms, used_size=3358720 bytes (8.2%)
(RDMA_READ_CONSUME_CHECK_CONSUMER) timestamp=393 ms, used_size=3356672 bytes (8.2%)
(RDMA_READ_CONSUME_CHECK_CONSUMER) timestamp=393 ms, used_size=3354624 bytes (8.2%)
(RDMA_READ_CONSUME_CHECK_CONSUMER) timestamp=393 ms, used_size=3352576 bytes (8.2%)
(RDMA_READ_CONSUME_CHECK_CONSUMER) timestamp=393 ms, used_size=3350528 bytes (8.2%)
(RDMA_READ_CONSUME_CHECK_CONSUMER) timestamp=393 ms, used_size=3348480 bytes (8.2%)
(RDMA_READ_CONSUME_CHECK_CONSUMER) timestamp=393 ms, used_size=3346432 bytes (8.2%)
(RDMA_READ_CONSUME_CHECK_CONSUMER) timestamp=393 ms, used_size=3344384 bytes (8.2%)
(RDMA_READ_CONSUME_CHECK_CONSUMER) timestamp=393 ms, used_size=3342336 bytes (8.2%)
(RDMA_READ_CONSUME_CHECK_CONSUMER) timestamp=393 ms, used_size=3340288 bytes (8.2%)
(RDMA_READ_CONSUME_CHECK_CONSUMER) timestamp=393 ms, used_size=3338240 bytes (8.2%)
(RDMA_READ_CONSUME_CHECK_CONSUMER) timestamp=393 ms, used_size=3336192 bytes (8.1%)
(RDMA_READ_CONSUME_CHECK_CONSUMER) timestamp=393 ms, used_size=3334144 bytes (8.1%)
(RDMA_READ_CONSUME_CHECK_CONSUMER) timestamp=393 ms, used_size=3332096 bytes (8.1%)
(RDMA_READ_CONSUME_CHECK_CONSUMER) timestamp=393 ms, used_size=3330048 bytes (8.1%)
(RDMA_READ_CONSUME_CHECK_CONSUMER) timestamp=393 ms, used_size=3328000 bytes (8.1%)
(RDMA_READ_CONSUME_CHECK_CONSUMER) timestamp=393 ms, used_size=3325952 bytes (8.1%)
(RDMA_READ_CONSUME_CHECK_CONSUMER) timestamp=393 ms, used_size=3323904 bytes (8.1%)
(RDMA_READ_CONSUME_CHECK_CONSUMER) timestamp=393 ms, used_size=3321856 bytes (8.1%)
(RDMA_READ_CONSUME_CHECK_CONSUMER) timestamp=393 ms, used_size=3319808 bytes (8.1%)
(RDMA_READ_CONSUME_CHECK_CONSUMER) timestamp=393 ms, used_size=3317760 bytes (8.1%)
(RDMA_READ_CONSUME_CHECK_CONSUMER) timestamp=393 ms, used_size=3315712 bytes (8.1%)
(RDMA_READ_CONSUME_CHECK_CONSUMER) timestamp=393 ms, used_size=3313664 bytes (8.1%)
(RDMA_READ_CONSUME_CHECK_CONSUMER) timestamp=393 ms, used_size=3311616 bytes (8.1%)
(RDMA_READ_CONSUME_CHECK_CONSUMER) timestamp=393 ms, used_size=3309568 bytes (8.1%)
(RDMA_READ_CONSUME_CHECK_CONSUMER) timestamp=393 ms, used_size=3307520 bytes (8.1%)
(RDMA_READ_CONSUME_CHECK_CONSUMER) timestamp=393 ms, used_size=3305472 bytes (8.1%)
(RDMA_READ_CONSUME_CHECK_CONSUMER) timestamp=393 ms, used_size=3303424 bytes (8.1%)
(RDMA_READ_CONSUME_CHECK_CONSUMER) timestamp=393 ms, used_size=3301376 bytes (8.1%)
(RDMA_READ_CONSUME_CHECK_CONSUMER) timestamp=393 ms, used_size=3299328 bytes (8.1%)
(RDMA_READ_CONSUME_CHECK_CONSUMER) timestamp=393 ms, used_size=3297280 bytes (8.1%)
(RDMA_READ_CONSUME_CHECK_CONSUMER) timestamp=393 ms, used_size=3295232 bytes (8.0%)
(RDMA_READ_CONSUME_CHECK_CONSUMER) timestamp=393 ms, used_size=3293184 bytes (8.0%)
(RDMA_READ_CONSUME_CHECK_CONSUMER) timestamp=393 ms, used_size=3291136 bytes (8.0%)
(RDMA_READ_CONSUME_CHECK_CONSUMER) timestamp=393 ms, used_size=3289088 bytes (8.0%)
(RDMA_READ_CONSUME_CHECK_CONSUMER) timestamp=393 ms, used_size=3287040 bytes (8.0%)
(RDMA_READ_CONSUME_CHECK_CONSUMER) timestamp=393 ms, used_size=3284992 bytes (8.0%)
(RDMA_READ_CONSUME_CHECK_CONSUMER) timestamp=393 ms, used_size=3282944 bytes (8.0%)
(RDMA_READ_CONSUME_CHECK_CONSUMER) timestamp=393 ms, used_size=3280896 bytes (8.0%)
(RDMA_READ_CONSUME_CHECK_CONSUMER) timestamp=393 ms, used_size=3278848 bytes (8.0%)
(RDMA_READ_CONSUME_CHECK_CONSUMER) timestamp=393 ms, used_size=3276800 bytes (8.0%)
(RDMA_READ_CONSUME_CHECK_CONSUMER) timestamp=393 ms, used_size=3274752 bytes (8.0%)
(RDMA_READ_CONSUME_CHECK_CONSUMER) timestamp=393 ms, used_size=3272704 bytes (8.0%)
(RDMA_READ_CONSUME_CHECK_CONSUMER) timestamp=393 ms, used_size=3270656 bytes (8.0%)
(RDMA_READ_CONSUME_CHECK_CONSUMER) timestamp=393 ms, used_size=3268608 bytes (8.0%)
(RDMA_READ_CONSUME_CHECK_CONSUMER) timestamp=393 ms, used_size=3266560 bytes (8.0%)
(RDMA_READ_CONSUME_CHECK_CONSUMER) timestamp=393 ms, used_size=3264512 bytes (8.0%)
(RDMA_READ_CONSUME_CHECK_CONSUMER) timestamp=393 ms, used_size=3262464 bytes (8.0%)
(RDMA_READ_CONSUME_CHECK_CONSUMER) timestamp=393 ms, used_size=3260416 bytes (8.0%)
(RDMA_READ_CONSUME_CHECK_CONSUMER) timestamp=393 ms, used_size=3258368 bytes (8.0%)
(RDMA_READ_CONSUME_CHECK_CONSUMER) timestamp=393 ms, used_size=3256320 bytes (8.0%)
(RDMA_READ_CONSUME_CHECK_CONSUMER) timestamp=393 ms, used_size=3254272 bytes (7.9%)
(RDMA_READ_CONSUME_CHECK_CONSUMER) timestamp=393 ms, used_size=3252224 bytes (7.9%)
(RDMA_READ_CONSUME_CHECK_CONSUMER) timestamp=393 ms, used_size=3250176 bytes (7.9%)
(RDMA_READ_CONSUME_CHECK_CONSUMER) timestamp=393 ms, used_size=3248128 bytes (7.9%)
(RDMA_READ_CONSUME_CHECK_CONSUMER) timestamp=393 ms, used_size=3246080 bytes (7.9%)
(RDMA_READ_CONSUME_CHECK_CONSUMER) timestamp=393 ms, used_size=3244032 bytes (7.9%)
(RDMA_READ_CONSUME_CHECK_CONSUMER) timestamp=393 ms, used_size=3241984 bytes (7.9%)
(RDMA_READ_CONSUME_CHECK_CONSUMER) timestamp=393 ms, used_size=3239936 bytes (7.9%)
(RDMA_READ_CONSUME_CHECK_CONSUMER) timestamp=393 ms, used_size=3237888 bytes (7.9%)
(RDMA_READ_CONSUME_CHECK_CONSUMER) timestamp=393 ms, used_size=3235840 bytes (7.9%)
(RDMA_READ_CONSUME_CHECK_CONSUMER) timestamp=393 ms, used_size=3233792 bytes (7.9%)
(RDMA_READ_CONSUME_CHECK_CONSUMER) timestamp=393 ms, used_size=3231744 bytes (7.9%)
(RDMA_READ_CONSUME_CHECK_CONSUMER) timestamp=393 ms, used_size=3229696 bytes (7.9%)
(RDMA_READ_CONSUME_CHECK_CONSUMER) timestamp=393 ms, used_size=3227648 bytes (7.9%)
(RDMA_READ_CONSUME_CHECK_CONSUMER) timestamp=393 ms, used_size=3225600 bytes (7.9%)
(RDMA_READ_CONSUME_CHECK_CONSUMER) timestamp=393 ms, used_size=3223552 bytes (7.9%)
(RDMA_READ_CONSUME_CHECK_CONSUMER) timestamp=393 ms, used_size=3221504 bytes (7.9%)
(RDMA_READ_CONSUME_CHECK_CONSUMER) timestamp=393 ms, used_size=3219456 bytes (7.9%)
(RDMA_READ_CONSUME_CHECK_CONSUMER) timestamp=393 ms, used_size=3217408 bytes (7.9%)
(RDMA_READ_CONSUME_CHECK_CONSUMER) timestamp=393 ms, used_size=3215360 bytes (7.8%)
(RDMA_READ_CONSUME_CHECK_CONSUMER) timestamp=393 ms, used_size=3213312 bytes (7.8%)
(RDMA_READ_CONSUME_CHECK_CONSUMER) timestamp=393 ms, used_size=3211264 bytes (7.8%)
(RDMA_READ_CONSUME_CHECK_CONSUMER) timestamp=393 ms, used_size=3209216 bytes (7.8%)
(RDMA_READ_CONSUME_CHECK_CONSUMER) timestamp=393 ms, used_size=3207168 bytes (7.8%)
(RDMA_READ_CONSUME_CHECK_CONSUMER) timestamp=393 ms, used_size=3205120 bytes (7.8%)
(RDMA_READ_CONSUME_CHECK_CONSUMER) timestamp=393 ms, used_size=3203072 bytes (7.8%)
(RDMA_READ_CONSUME_CHECK_CONSUMER) timestamp=393 ms, used_size=3201024 bytes (7.8%)
(RDMA_READ_CONSUME_CHECK_CONSUMER) timestamp=393 ms, used_size=3198976 bytes (7.8%)
(RDMA_READ_CONSUME_CHECK_CONSUMER) timestamp=393 ms, used_size=3196928 bytes (7.8%)
(RDMA_READ_CONSUME_CHECK_CONSUMER) timestamp=393 ms, used_size=3194880 bytes (7.8%)
(RDMA_READ_CONSUME_CHECK_CONSUMER) timestamp=393 ms, used_size=3192832 bytes (7.8%)
(RDMA_READ_CONSUME_CHECK_CONSUMER) timestamp=393 ms, used_size=3190784 bytes (7.8%)
(RDMA_READ_CONSUME_CHECK_CONSUMER) timestamp=393 ms, used_size=3188736 bytes (7.8%)
(RDMA_READ_CONSUME_CHECK_CONSUMER) timestamp=393 ms, used_size=3186688 bytes (7.8%)
(RDMA_READ_CONSUME_CHECK_CONSUMER) timestamp=393 ms, used_size=3184640 bytes (7.8%)
(RDMA_READ_CONSUME_CHECK_CONSUMER) timestamp=393 ms, used_size=3182592 bytes (7.8%)
(RDMA_READ_CONSUME_CHECK_CONSUMER) timestamp=393 ms, used_size=3180544 bytes (7.8%)
(RDMA_READ_CONSUME_CHECK_CONSUMER) timestamp=393 ms, used_size=3178496 bytes (7.8%)
(RDMA_READ_CONSUME_CHECK_CONSUMER) timestamp=393 ms, used_size=3176448 bytes (7.8%)
(RDMA_READ_CONSUME_CHECK_CONSUMER) timestamp=393 ms, used_size=3174400 bytes (7.8%)
(RDMA_READ_CONSUME_CHECK_CONSUMER) timestamp=393 ms, used_size=3172352 bytes (7.7%)
(RDMA_READ_CONSUME_CHECK_CONSUMER) timestamp=393 ms, used_size=3170304 bytes (7.7%)
(RDMA_READ_CONSUME_CHECK_CONSUMER) timestamp=393 ms, used_size=3168256 bytes (7.7%)
(RDMA_READ_CONSUME_CHECK_CONSUMER) timestamp=393 ms, used_size=3166208 bytes (7.7%)
(RDMA_READ_CONSUME_CHECK_CONSUMER) timestamp=393 ms, used_size=3164160 bytes (7.7%)
(RDMA_READ_CONSUME_CHECK_CONSUMER) timestamp=393 ms, used_size=3162112 bytes (7.7%)
(RDMA_READ_CONSUME_CHECK_CONSUMER) timestamp=393 ms, used_size=3160064 bytes (7.7%)
(RDMA_READ_CONSUME_CHECK_CONSUMER) timestamp=393 ms, used_size=3158016 bytes (7.7%)
(RDMA_READ_CONSUME_CHECK_CONSUMER) timestamp=393 ms, used_size=3155968 bytes (7.7%)
(RDMA_READ_CONSUME_CHECK_CONSUMER) timestamp=394 ms, used_size=3153920 bytes (7.7%)
(RDMA_READ_CONSUME_CHECK_CONSUMER) timestamp=394 ms, used_size=3151872 bytes (7.7%)
(RDMA_READ_CONSUME_CHECK_CONSUMER) timestamp=394 ms, used_size=3149824 bytes (7.7%)
(RDMA_READ_CONSUME_CHECK_CONSUMER) timestamp=394 ms, used_size=3147776 bytes (7.7%)
(RDMA_READ_CONSUME_CHECK_CONSUMER) timestamp=394 ms, used_size=3145728 bytes (7.7%)
(RDMA_READ_CONSUME_CHECK_CONSUMER) timestamp=394 ms, used_size=3143680 bytes (7.7%)
(RDMA_READ_CONSUME_CHECK_CONSUMER) timestamp=394 ms, used_size=3141632 bytes (7.7%)
(RDMA_READ_CONSUME_CHECK_CONSUMER) timestamp=394 ms, used_size=3139584 bytes (7.7%)
(RDMA_READ_CONSUME_CHECK_CONSUMER) timestamp=394 ms, used_size=3137536 bytes (7.7%)
(RDMA_READ_CONSUME_CHECK_CONSUMER) timestamp=394 ms, used_size=3135488 bytes (7.7%)
(RDMA_READ_CONSUME_CHECK_CONSUMER) timestamp=394 ms, used_size=3133440 bytes (7.7%)
(RDMA_READ_CONSUME_CHECK_CONSUMER) timestamp=394 ms, used_size=3131392 bytes (7.6%)
(RDMA_READ_CONSUME_CHECK_CONSUMER) timestamp=394 ms, used_size=3129344 bytes (7.6%)
(RDMA_READ_CONSUME_CHECK_CONSUMER) timestamp=394 ms, used_size=3127296 bytes (7.6%)
(RDMA_READ_CONSUME_CHECK_CONSUMER) timestamp=394 ms, used_size=3125248 bytes (7.6%)
(RDMA_READ_CONSUME_CHECK_CONSUMER) timestamp=394 ms, used_size=3123200 bytes (7.6%)
(RDMA_READ_CONSUME_CHECK_CONSUMER) timestamp=394 ms, used_size=3121152 bytes (7.6%)
(RDMA_READ_CONSUME_CHECK_CONSUMER) timestamp=394 ms, used_size=3119104 bytes (7.6%)
(RDMA_READ_CONSUME_CHECK_CONSUMER) timestamp=394 ms, used_size=3117056 bytes (7.6%)
(RDMA_READ_CONSUME_CHECK_CONSUMER) timestamp=394 ms, used_size=3115008 bytes (7.6%)
(RDMA_READ_CONSUME_CHECK_CONSUMER) timestamp=394 ms, used_size=3112960 bytes (7.6%)
(RDMA_READ_CONSUME_CHECK_CONSUMER) timestamp=394 ms, used_size=3110912 bytes (7.6%)
(RDMA_READ_CONSUME_CHECK_CONSUMER) timestamp=394 ms, used_size=3108864 bytes (7.6%)
(RDMA_READ_CONSUME_CHECK_CONSUMER) timestamp=394 ms, used_size=3106816 bytes (7.6%)
(RDMA_READ_CONSUME_CHECK_CONSUMER) timestamp=394 ms, used_size=3104768 bytes (7.6%)
(RDMA_READ_CONSUME_CHECK_CONSUMER) timestamp=394 ms, used_size=3102720 bytes (7.6%)
(RDMA_READ_CONSUME_CHECK_CONSUMER) timestamp=394 ms, used_size=3100672 bytes (7.6%)
(RDMA_READ_CONSUME_CHECK_CONSUMER) timestamp=394 ms, used_size=3098624 bytes (7.6%)
(RDMA_READ_CONSUME_CHECK_CONSUMER) timestamp=394 ms, used_size=3096576 bytes (7.6%)
(RDMA_READ_CONSUME_CHECK_CONSUMER) timestamp=394 ms, used_size=3094528 bytes (7.6%)
(RDMA_READ_CONSUME_CHECK_CONSUMER) timestamp=394 ms, used_size=3092480 bytes (7.5%)
(RDMA_READ_CONSUME_CHECK_CONSUMER) timestamp=394 ms, used_size=3090432 bytes (7.5%)
(RDMA_READ_CONSUME_CHECK_CONSUMER) timestamp=394 ms, used_size=3088384 bytes (7.5%)
(RDMA_READ_CONSUME_CHECK_CONSUMER) timestamp=394 ms, used_size=3086336 bytes (7.5%)
(RDMA_READ_CONSUME_CHECK_CONSUMER) timestamp=394 ms, used_size=3084288 bytes (7.5%)
(RDMA_READ_CONSUME_CHECK_CONSUMER) timestamp=394 ms, used_size=3082240 bytes (7.5%)
(RDMA_READ_CONSUME_CHECK_CONSUMER) timestamp=394 ms, used_size=3080192 bytes (7.5%)
(RDMA_READ_CONSUME_CHECK_CONSUMER) timestamp=394 ms, used_size=3078144 bytes (7.5%)
(RDMA_READ_CONSUME_CHECK_CONSUMER) timestamp=394 ms, used_size=3076096 bytes (7.5%)
(RDMA_READ_CONSUME_CHECK_CONSUMER) timestamp=394 ms, used_size=3074048 bytes (7.5%)
(RDMA_READ_CONSUME_CHECK_CONSUMER) timestamp=394 ms, used_size=3072000 bytes (7.5%)
(RDMA_READ_CONSUME_CHECK_CONSUMER) timestamp=394 ms, used_size=3069952 bytes (7.5%)
(RDMA_READ_CONSUME_CHECK_CONSUMER) timestamp=394 ms, used_size=3067904 bytes (7.5%)
(RDMA_READ_CONSUME_CHECK_CONSUMER) timestamp=394 ms, used_size=3065856 bytes (7.5%)
(RDMA_READ_CONSUME_CHECK_CONSUMER) timestamp=394 ms, used_size=3063808 bytes (7.5%)
(RDMA_READ_CONSUME_CHECK_CONSUMER) timestamp=394 ms, used_size=3061760 bytes (7.5%)
(RDMA_READ_CONSUME_CHECK_CONSUMER) timestamp=394 ms, used_size=3059712 bytes (7.5%)
(RDMA_READ_CONSUME_CHECK_CONSUMER) timestamp=394 ms, used_size=3057664 bytes (7.5%)
(RDMA_READ_CONSUME_CHECK_CONSUMER) timestamp=394 ms, used_size=3055616 bytes (7.5%)
(RDMA_READ_CONSUME_CHECK_CONSUMER) timestamp=394 ms, used_size=3053568 bytes (7.5%)
(RDMA_READ_CONSUME_CHECK_CONSUMER) timestamp=394 ms, used_size=3051520 bytes (7.5%)
(RDMA_READ_CONSUME_CHECK_CONSUMER) timestamp=394 ms, used_size=3049472 bytes (7.4%)
(RDMA_READ_CONSUME_CHECK_CONSUMER) timestamp=394 ms, used_size=3047424 bytes (7.4%)
(RDMA_READ_CONSUME_CHECK_CONSUMER) timestamp=394 ms, used_size=3045376 bytes (7.4%)
(RDMA_READ_CONSUME_CHECK_CONSUMER) timestamp=394 ms, used_size=3043328 bytes (7.4%)
(RDMA_READ_CONSUME_CHECK_CONSUMER) timestamp=394 ms, used_size=3041280 bytes (7.4%)
(RDMA_READ_CONSUME_CHECK_CONSUMER) timestamp=394 ms, used_size=3039232 bytes (7.4%)
(RDMA_READ_CONSUME_CHECK_CONSUMER) timestamp=394 ms, used_size=3037184 bytes (7.4%)
(RDMA_READ_CONSUME_CHECK_CONSUMER) timestamp=394 ms, used_size=3035136 bytes (7.4%)
(RDMA_READ_CONSUME_CHECK_CONSUMER) timestamp=394 ms, used_size=3033088 bytes (7.4%)
(RDMA_READ_CONSUME_CHECK_CONSUMER) timestamp=394 ms, used_size=3031040 bytes (7.4%)
(RDMA_READ_CONSUME_CHECK_CONSUMER) timestamp=394 ms, used_size=3028992 bytes (7.4%)
(RDMA_READ_CONSUME_CHECK_CONSUMER) timestamp=394 ms, used_size=3026944 bytes (7.4%)
(RDMA_READ_CONSUME_CHECK_CONSUMER) timestamp=394 ms, used_size=3024896 bytes (7.4%)
(RDMA_READ_CONSUME_CHECK_CONSUMER) timestamp=394 ms, used_size=3022848 bytes (7.4%)
(RDMA_READ_CONSUME_CHECK_CONSUMER) timestamp=394 ms, used_size=3020800 bytes (7.4%)
(RDMA_READ_CONSUME_CHECK_CONSUMER) timestamp=394 ms, used_size=3018752 bytes (7.4%)
(RDMA_READ_CONSUME_CHECK_CONSUMER) timestamp=394 ms, used_size=3016704 bytes (7.4%)
(RDMA_READ_CONSUME_CHECK_CONSUMER) timestamp=394 ms, used_size=3014656 bytes (7.4%)
(RDMA_READ_CONSUME_CHECK_CONSUMER) timestamp=394 ms, used_size=3012608 bytes (7.4%)
(RDMA_READ_CONSUME_CHECK_CONSUMER) timestamp=394 ms, used_size=3010560 bytes (7.3%)
(RDMA_READ_CONSUME_CHECK_CONSUMER) timestamp=394 ms, used_size=3008512 bytes (7.3%)
(RDMA_READ_CONSUME_CHECK_CONSUMER) timestamp=394 ms, used_size=3006464 bytes (7.3%)
(RDMA_READ_CONSUME_CHECK_CONSUMER) timestamp=394 ms, used_size=3004416 bytes (7.3%)
(RDMA_READ_CONSUME_CHECK_CONSUMER) timestamp=394 ms, used_size=3002368 bytes (7.3%)
(RDMA_READ_CONSUME_CHECK_CONSUMER) timestamp=394 ms, used_size=3000320 bytes (7.3%)
(RDMA_READ_CONSUME_CHECK_CONSUMER) timestamp=394 ms, used_size=2998272 bytes (7.3%)
(RDMA_READ_CONSUME_CHECK_CONSUMER) timestamp=394 ms, used_size=2996224 bytes (7.3%)
(RDMA_READ_CONSUME_CHECK_CONSUMER) timestamp=394 ms, used_size=2994176 bytes (7.3%)
(RDMA_READ_CONSUME_CHECK_CONSUMER) timestamp=394 ms, used_size=2992128 bytes (7.3%)
(RDMA_READ_CONSUME_CHECK_CONSUMER) timestamp=394 ms, used_size=2990080 bytes (7.3%)
(RDMA_READ_CONSUME_CHECK_CONSUMER) timestamp=394 ms, used_size=2988032 bytes (7.3%)
(RDMA_READ_CONSUME_CHECK_CONSUMER) timestamp=394 ms, used_size=2985984 bytes (7.3%)
(RDMA_READ_CONSUME_CHECK_CONSUMER) timestamp=394 ms, used_size=2983936 bytes (7.3%)
(RDMA_READ_CONSUME_CHECK_CONSUMER) timestamp=394 ms, used_size=2981888 bytes (7.3%)
(RDMA_READ_CONSUME_CHECK_CONSUMER) timestamp=394 ms, used_size=2979840 bytes (7.3%)
(RDMA_READ_CONSUME_CHECK_CONSUMER) timestamp=394 ms, used_size=2977792 bytes (7.3%)
(RDMA_READ_CONSUME_CHECK_CONSUMER) timestamp=394 ms, used_size=2975744 bytes (7.3%)
(RDMA_READ_CONSUME_CHECK_CONSUMER) timestamp=394 ms, used_size=2973696 bytes (7.3%)
(RDMA_READ_CONSUME_CHECK_CONSUMER) timestamp=394 ms, used_size=2971648 bytes (7.3%)
(RDMA_READ_CONSUME_CHECK_CONSUMER) timestamp=394 ms, used_size=2969600 bytes (7.2%)
(RDMA_READ_CONSUME_CHECK_CONSUMER) timestamp=394 ms, used_size=2967552 bytes (7.2%)
(RDMA_READ_CONSUME_CHECK_CONSUMER) timestamp=394 ms, used_size=2965504 bytes (7.2%)
(RDMA_READ_CONSUME_CHECK_CONSUMER) timestamp=394 ms, used_size=2963456 bytes (7.2%)
(RDMA_READ_CONSUME_CHECK_CONSUMER) timestamp=394 ms, used_size=2961408 bytes (7.2%)
(RDMA_READ_CONSUME_CHECK_CONSUMER) timestamp=394 ms, used_size=2959360 bytes (7.2%)
(RDMA_READ_CONSUME_CHECK_CONSUMER) timestamp=394 ms, used_size=2957312 bytes (7.2%)
(RDMA_READ_CONSUME_CHECK_CONSUMER) timestamp=394 ms, used_size=2955264 bytes (7.2%)
(RDMA_READ_CONSUME_CHECK_CONSUMER) timestamp=394 ms, used_size=2953216 bytes (7.2%)
(RDMA_READ_CONSUME_CHECK_CONSUMER) timestamp=394 ms, used_size=2951168 bytes (7.2%)
(RDMA_READ_CONSUME_CHECK_CONSUMER) timestamp=394 ms, used_size=2949120 bytes (7.2%)
(RDMA_READ_CONSUME_CHECK_CONSUMER) timestamp=394 ms, used_size=2947072 bytes (7.2%)
(RDMA_READ_CONSUME_CHECK_CONSUMER) timestamp=394 ms, used_size=2945024 bytes (7.2%)
(RDMA_READ_CONSUME_CHECK_CONSUMER) timestamp=394 ms, used_size=2942976 bytes (7.2%)
(RDMA_READ_CONSUME_CHECK_CONSUMER) timestamp=394 ms, used_size=2940928 bytes (7.2%)
(RDMA_READ_CONSUME_CHECK_CONSUMER) timestamp=394 ms, used_size=2938880 bytes (7.2%)
(RDMA_READ_CONSUME_CHECK_CONSUMER) timestamp=394 ms, used_size=2936832 bytes (7.2%)
(RDMA_READ_CONSUME_CHECK_CONSUMER) timestamp=394 ms, used_size=2934784 bytes (7.2%)
(RDMA_READ_CONSUME_CHECK_CONSUMER) timestamp=394 ms, used_size=2932736 bytes (7.2%)
(RDMA_READ_CONSUME_CHECK_CONSUMER) timestamp=394 ms, used_size=2930688 bytes (7.2%)
(RDMA_READ_CONSUME_CHECK_CONSUMER) timestamp=394 ms, used_size=2928640 bytes (7.2%)
(RDMA_READ_CONSUME_CHECK_CONSUMER) timestamp=394 ms, used_size=2926592 bytes (7.1%)
(RDMA_READ_CONSUME_CHECK_CONSUMER) timestamp=394 ms, used_size=2924544 bytes (7.1%)
(RDMA_READ_CONSUME_CHECK_CONSUMER) timestamp=394 ms, used_size=2922496 bytes (7.1%)
(RDMA_READ_CONSUME_CHECK_CONSUMER) timestamp=394 ms, used_size=2920448 bytes (7.1%)
(RDMA_READ_CONSUME_CHECK_CONSUMER) timestamp=394 ms, used_size=2918400 bytes (7.1%)
(RDMA_READ_CONSUME_CHECK_CONSUMER) timestamp=394 ms, used_size=2916352 bytes (7.1%)
(RDMA_READ_CONSUME_CHECK_CONSUMER) timestamp=394 ms, used_size=2914304 bytes (7.1%)
(RDMA_READ_CONSUME_CHECK_CONSUMER) timestamp=394 ms, used_size=2912256 bytes (7.1%)
(RDMA_READ_CONSUME_CHECK_CONSUMER) timestamp=394 ms, used_size=2910208 bytes (7.1%)
(RDMA_READ_CONSUME_CHECK_CONSUMER) timestamp=394 ms, used_size=2908160 bytes (7.1%)
(RDMA_READ_CONSUME_CHECK_CONSUMER) timestamp=394 ms, used_size=2906112 bytes (7.1%)
(RDMA_READ_CONSUME_CHECK_CONSUMER) timestamp=394 ms, used_size=2904064 bytes (7.1%)
(RDMA_READ_CONSUME_CHECK_CONSUMER) timestamp=394 ms, used_size=2902016 bytes (7.1%)
(RDMA_READ_CONSUME_CHECK_CONSUMER) timestamp=394 ms, used_size=2899968 bytes (7.1%)
(RDMA_READ_CONSUME_CHECK_CONSUMER) timestamp=394 ms, used_size=2897920 bytes (7.1%)
(RDMA_READ_CONSUME_CHECK_CONSUMER) timestamp=394 ms, used_size=2895872 bytes (7.1%)
(RDMA_READ_CONSUME_CHECK_CONSUMER) timestamp=394 ms, used_size=2893824 bytes (7.1%)
(RDMA_READ_CONSUME_CHECK_CONSUMER) timestamp=394 ms, used_size=2891776 bytes (7.1%)
(RDMA_READ_CONSUME_CHECK_CONSUMER) timestamp=394 ms, used_size=2889728 bytes (7.1%)
(RDMA_READ_CONSUME_CHECK_CONSUMER) timestamp=394 ms, used_size=2887680 bytes (7.0%)
(RDMA_READ_CONSUME_CHECK_CONSUMER) timestamp=394 ms, used_size=2885632 bytes (7.0%)
(RDMA_READ_CONSUME_CHECK_CONSUMER) timestamp=394 ms, used_size=2883584 bytes (7.0%)
(RDMA_READ_CONSUME_CHECK_CONSUMER) timestamp=394 ms, used_size=2881536 bytes (7.0%)
(RDMA_READ_CONSUME_CHECK_CONSUMER) timestamp=394 ms, used_size=2879488 bytes (7.0%)
(RDMA_READ_CONSUME_CHECK_CONSUMER) timestamp=394 ms, used_size=2877440 bytes (7.0%)
(RDMA_READ_CONSUME_CHECK_CONSUMER) timestamp=394 ms, used_size=2875392 bytes (7.0%)
(RDMA_READ_CONSUME_CHECK_CONSUMER) timestamp=394 ms, used_size=2873344 bytes (7.0%)
(RDMA_READ_CONSUME_CHECK_CONSUMER) timestamp=394 ms, used_size=2871296 bytes (7.0%)
(RDMA_READ_CONSUME_CHECK_CONSUMER) timestamp=394 ms, used_size=2869248 bytes (7.0%)
(RDMA_READ_CONSUME_CHECK_CONSUMER) timestamp=394 ms, used_size=2867200 bytes (7.0%)
(RDMA_READ_CONSUME_CHECK_CONSUMER) timestamp=394 ms, used_size=2865152 bytes (7.0%)
(RDMA_READ_CONSUME_CHECK_CONSUMER) timestamp=394 ms, used_size=2863104 bytes (7.0%)
(RDMA_READ_CONSUME_CHECK_CONSUMER) timestamp=394 ms, used_size=2861056 bytes (7.0%)
(RDMA_READ_CONSUME_CHECK_CONSUMER) timestamp=394 ms, used_size=2859008 bytes (7.0%)
(RDMA_READ_CONSUME_CHECK_CONSUMER) timestamp=394 ms, used_size=2856960 bytes (7.0%)
(RDMA_READ_CONSUME_CHECK_CONSUMER) timestamp=394 ms, used_size=2854912 bytes (7.0%)
(RDMA_READ_CONSUME_CHECK_CONSUMER) timestamp=394 ms, used_size=2852864 bytes (7.0%)
(RDMA_READ_CONSUME_CHECK_CONSUMER) timestamp=394 ms, used_size=2850816 bytes (7.0%)
(RDMA_READ_CONSUME_CHECK_CONSUMER) timestamp=394 ms, used_size=2848768 bytes (7.0%)
(RDMA_READ_CONSUME_CHECK_CONSUMER) timestamp=394 ms, used_size=2846720 bytes (7.0%)
(RDMA_READ_CONSUME_CHECK_CONSUMER) timestamp=394 ms, used_size=2844672 bytes (6.9%)
(RDMA_READ_CONSUME_CHECK_CONSUMER) timestamp=394 ms, used_size=2842624 bytes (6.9%)
(RDMA_READ_CONSUME_CHECK_CONSUMER) timestamp=394 ms, used_size=2840576 bytes (6.9%)
(RDMA_READ_CONSUME_CHECK_CONSUMER) timestamp=394 ms, used_size=2838528 bytes (6.9%)
(RDMA_READ_CONSUME_CHECK_CONSUMER) timestamp=394 ms, used_size=2836480 bytes (6.9%)
(RDMA_READ_CONSUME_CHECK_CONSUMER) timestamp=394 ms, used_size=2834432 bytes (6.9%)
(RDMA_READ_CONSUME_CHECK_CONSUMER) timestamp=394 ms, used_size=2832384 bytes (6.9%)
(RDMA_READ_CONSUME_CHECK_CONSUMER) timestamp=394 ms, used_size=2830336 bytes (6.9%)
(RDMA_READ_CONSUME_CHECK_CONSUMER) timestamp=394 ms, used_size=2828288 bytes (6.9%)
(RDMA_READ_CONSUME_CHECK_CONSUMER) timestamp=394 ms, used_size=2826240 bytes (6.9%)
(RDMA_READ_CONSUME_CHECK_CONSUMER) timestamp=394 ms, used_size=2824192 bytes (6.9%)
(RDMA_READ_CONSUME_CHECK_CONSUMER) timestamp=394 ms, used_size=2822144 bytes (6.9%)
(RDMA_READ_CONSUME_CHECK_CONSUMER) timestamp=394 ms, used_size=2820096 bytes (6.9%)
(RDMA_READ_CONSUME_CHECK_CONSUMER) timestamp=394 ms, used_size=2818048 bytes (6.9%)
(RDMA_READ_CONSUME_CHECK_CONSUMER) timestamp=394 ms, used_size=2816000 bytes (6.9%)
(RDMA_READ_CONSUME_CHECK_CONSUMER) timestamp=394 ms, used_size=2813952 bytes (6.9%)
(RDMA_READ_CONSUME_CHECK_CONSUMER) timestamp=394 ms, used_size=2811904 bytes (6.9%)
(RDMA_READ_CONSUME_CHECK_CONSUMER) timestamp=394 ms, used_size=2809856 bytes (6.9%)
(RDMA_READ_CONSUME_CHECK_CONSUMER) timestamp=394 ms, used_size=2807808 bytes (6.9%)
(RDMA_READ_CONSUME_CHECK_CONSUMER) timestamp=394 ms, used_size=2805760 bytes (6.8%)
(RDMA_READ_CONSUME_CHECK_CONSUMER) timestamp=394 ms, used_size=2803712 bytes (6.8%)
(RDMA_READ_CONSUME_CHECK_CONSUMER) timestamp=394 ms, used_size=2801664 bytes (6.8%)
(RDMA_READ_CONSUME_CHECK_CONSUMER) timestamp=394 ms, used_size=2799616 bytes (6.8%)
(RDMA_READ_CONSUME_CHECK_CONSUMER) timestamp=394 ms, used_size=2797568 bytes (6.8%)
(RDMA_READ_CONSUME_CHECK_CONSUMER) timestamp=394 ms, used_size=2795520 bytes (6.8%)
(RDMA_READ_CONSUME_CHECK_CONSUMER) timestamp=394 ms, used_size=2793472 bytes (6.8%)
(RDMA_READ_CONSUME_CHECK_CONSUMER) timestamp=394 ms, used_size=2791424 bytes (6.8%)
(RDMA_READ_CONSUME_CHECK_CONSUMER) timestamp=394 ms, used_size=2789376 bytes (6.8%)
(RDMA_READ_CONSUME_CHECK_CONSUMER) timestamp=394 ms, used_size=2787328 bytes (6.8%)
(RDMA_READ_CONSUME_CHECK_CONSUMER) timestamp=394 ms, used_size=2785280 bytes (6.8%)
(RDMA_READ_CONSUME_CHECK_CONSUMER) timestamp=394 ms, used_size=2783232 bytes (6.8%)
(RDMA_READ_CONSUME_CHECK_CONSUMER) timestamp=394 ms, used_size=2781184 bytes (6.8%)
(RDMA_READ_CONSUME_CHECK_CONSUMER) timestamp=394 ms, used_size=2779136 bytes (6.8%)
(RDMA_READ_CONSUME_CHECK_CONSUMER) timestamp=394 ms, used_size=2777088 bytes (6.8%)
(RDMA_READ_CONSUME_CHECK_CONSUMER) timestamp=395 ms, used_size=2775040 bytes (6.8%)
(RDMA_READ_CONSUME_CHECK_CONSUMER) timestamp=395 ms, used_size=2772992 bytes (6.8%)
(RDMA_READ_CONSUME_CHECK_CONSUMER) timestamp=395 ms, used_size=2770944 bytes (6.8%)
(RDMA_READ_CONSUME_CHECK_CONSUMER) timestamp=395 ms, used_size=2768896 bytes (6.8%)
(RDMA_READ_CONSUME_CHECK_CONSUMER) timestamp=395 ms, used_size=2766848 bytes (6.8%)
(RDMA_READ_CONSUME_CHECK_CONSUMER) timestamp=395 ms, used_size=2764800 bytes (6.8%)
(RDMA_READ_CONSUME_CHECK_CONSUMER) timestamp=395 ms, used_size=2762752 bytes (6.7%)
(RDMA_READ_CONSUME_CHECK_CONSUMER) timestamp=395 ms, used_size=2760704 bytes (6.7%)
(RDMA_READ_CONSUME_CHECK_CONSUMER) timestamp=395 ms, used_size=2758656 bytes (6.7%)
(RDMA_READ_CONSUME_CHECK_CONSUMER) timestamp=395 ms, used_size=2756608 bytes (6.7%)
(RDMA_READ_CONSUME_CHECK_CONSUMER) timestamp=395 ms, used_size=2754560 bytes (6.7%)
(RDMA_READ_CONSUME_CHECK_CONSUMER) timestamp=395 ms, used_size=2752512 bytes (6.7%)
(RDMA_READ_CONSUME_CHECK_CONSUMER) timestamp=395 ms, used_size=2750464 bytes (6.7%)
(RDMA_READ_CONSUME_CHECK_CONSUMER) timestamp=395 ms, used_size=2748416 bytes (6.7%)
(RDMA_READ_CONSUME_CHECK_CONSUMER) timestamp=395 ms, used_size=2746368 bytes (6.7%)
(RDMA_READ_CONSUME_CHECK_CONSUMER) timestamp=395 ms, used_size=2744320 bytes (6.7%)
(RDMA_READ_CONSUME_CHECK_CONSUMER) timestamp=395 ms, used_size=2742272 bytes (6.7%)
(RDMA_READ_CONSUME_CHECK_CONSUMER) timestamp=395 ms, used_size=2740224 bytes (6.7%)
(RDMA_READ_CONSUME_CHECK_CONSUMER) timestamp=395 ms, used_size=2738176 bytes (6.7%)
(RDMA_READ_CONSUME_CHECK_CONSUMER) timestamp=395 ms, used_size=2736128 bytes (6.7%)
(RDMA_READ_CONSUME_CHECK_CONSUMER) timestamp=395 ms, used_size=2734080 bytes (6.7%)
(RDMA_READ_CONSUME_CHECK_CONSUMER) timestamp=395 ms, used_size=2732032 bytes (6.7%)
(RDMA_READ_CONSUME_CHECK_CONSUMER) timestamp=395 ms, used_size=2729984 bytes (6.7%)
(RDMA_READ_CONSUME_CHECK_CONSUMER) timestamp=395 ms, used_size=2727936 bytes (6.7%)
(RDMA_READ_CONSUME_CHECK_CONSUMER) timestamp=395 ms, used_size=2725888 bytes (6.7%)
(RDMA_READ_CONSUME_CHECK_CONSUMER) timestamp=395 ms, used_size=2723840 bytes (6.7%)
(RDMA_READ_CONSUME_CHECK_CONSUMER) timestamp=395 ms, used_size=2721792 bytes (6.6%)
(RDMA_READ_CONSUME_CHECK_CONSUMER) timestamp=395 ms, used_size=2719744 bytes (6.6%)
(RDMA_READ_CONSUME_CHECK_CONSUMER) timestamp=395 ms, used_size=2717696 bytes (6.6%)
(RDMA_READ_CONSUME_CHECK_CONSUMER) timestamp=395 ms, used_size=2715648 bytes (6.6%)
(RDMA_READ_CONSUME_CHECK_CONSUMER) timestamp=395 ms, used_size=2713600 bytes (6.6%)
(RDMA_READ_CONSUME_CHECK_CONSUMER) timestamp=395 ms, used_size=2711552 bytes (6.6%)
(RDMA_READ_CONSUME_CHECK_CONSUMER) timestamp=395 ms, used_size=2709504 bytes (6.6%)
(RDMA_READ_CONSUME_CHECK_CONSUMER) timestamp=395 ms, used_size=2707456 bytes (6.6%)
(RDMA_READ_CONSUME_CHECK_CONSUMER) timestamp=395 ms, used_size=2705408 bytes (6.6%)
(RDMA_READ_CONSUME_CHECK_CONSUMER) timestamp=395 ms, used_size=2703360 bytes (6.6%)
(RDMA_READ_CONSUME_CHECK_CONSUMER) timestamp=395 ms, used_size=2701312 bytes (6.6%)
(RDMA_READ_CONSUME_CHECK_CONSUMER) timestamp=395 ms, used_size=2699264 bytes (6.6%)
(RDMA_READ_CONSUME_CHECK_CONSUMER) timestamp=395 ms, used_size=2697216 bytes (6.6%)
(RDMA_READ_CONSUME_CHECK_CONSUMER) timestamp=395 ms, used_size=2695168 bytes (6.6%)
(RDMA_READ_CONSUME_CHECK_CONSUMER) timestamp=395 ms, used_size=2693120 bytes (6.6%)
(RDMA_READ_CONSUME_CHECK_CONSUMER) timestamp=395 ms, used_size=2691072 bytes (6.6%)
(RDMA_READ_CONSUME_CHECK_CONSUMER) timestamp=395 ms, used_size=2689024 bytes (6.6%)
(RDMA_READ_CONSUME_CHECK_CONSUMER) timestamp=395 ms, used_size=2686976 bytes (6.6%)
(RDMA_READ_CONSUME_CHECK_CONSUMER) timestamp=395 ms, used_size=2684928 bytes (6.6%)
(RDMA_READ_CONSUME_CHECK_CONSUMER) timestamp=395 ms, used_size=2682880 bytes (6.5%)
(RDMA_READ_CONSUME_CHECK_CONSUMER) timestamp=395 ms, used_size=2680832 bytes (6.5%)
(RDMA_READ_CONSUME_CHECK_CONSUMER) timestamp=395 ms, used_size=2678784 bytes (6.5%)
(RDMA_READ_CONSUME_CHECK_CONSUMER) timestamp=395 ms, used_size=2676736 bytes (6.5%)
(RDMA_READ_CONSUME_CHECK_CONSUMER) timestamp=395 ms, used_size=2674688 bytes (6.5%)
(RDMA_READ_CONSUME_CHECK_CONSUMER) timestamp=395 ms, used_size=2672640 bytes (6.5%)
(RDMA_READ_CONSUME_CHECK_CONSUMER) timestamp=395 ms, used_size=2670592 bytes (6.5%)
(RDMA_READ_CONSUME_CHECK_CONSUMER) timestamp=395 ms, used_size=2668544 bytes (6.5%)
(RDMA_READ_CONSUME_CHECK_CONSUMER) timestamp=395 ms, used_size=2666496 bytes (6.5%)
(RDMA_READ_CONSUME_CHECK_CONSUMER) timestamp=395 ms, used_size=2664448 bytes (6.5%)
(RDMA_READ_CONSUME_CHECK_CONSUMER) timestamp=395 ms, used_size=2662400 bytes (6.5%)
(RDMA_READ_CONSUME_CHECK_CONSUMER) timestamp=395 ms, used_size=2660352 bytes (6.5%)
(RDMA_READ_CONSUME_CHECK_CONSUMER) timestamp=395 ms, used_size=2658304 bytes (6.5%)
(RDMA_READ_CONSUME_CHECK_CONSUMER) timestamp=395 ms, used_size=2656256 bytes (6.5%)
(RDMA_READ_CONSUME_CHECK_CONSUMER) timestamp=395 ms, used_size=2654208 bytes (6.5%)
(RDMA_READ_CONSUME_CHECK_CONSUMER) timestamp=395 ms, used_size=2652160 bytes (6.5%)
(RDMA_READ_CONSUME_CHECK_CONSUMER) timestamp=395 ms, used_size=2650112 bytes (6.5%)
(RDMA_READ_CONSUME_CHECK_CONSUMER) timestamp=395 ms, used_size=2648064 bytes (6.5%)
(RDMA_READ_CONSUME_CHECK_CONSUMER) timestamp=395 ms, used_size=2646016 bytes (6.5%)
(RDMA_READ_CONSUME_CHECK_CONSUMER) timestamp=395 ms, used_size=2643968 bytes (6.5%)
(RDMA_READ_CONSUME_CHECK_CONSUMER) timestamp=395 ms, used_size=2641920 bytes (6.5%)
(RDMA_READ_CONSUME_CHECK_CONSUMER) timestamp=395 ms, used_size=2639872 bytes (6.4%)
(RDMA_READ_CONSUME_CHECK_CONSUMER) timestamp=395 ms, used_size=2637824 bytes (6.4%)
(RDMA_READ_CONSUME_CHECK_CONSUMER) timestamp=395 ms, used_size=2635776 bytes (6.4%)
(RDMA_READ_CONSUME_CHECK_CONSUMER) timestamp=395 ms, used_size=2633728 bytes (6.4%)
(RDMA_READ_CONSUME_CHECK_CONSUMER) timestamp=395 ms, used_size=2631680 bytes (6.4%)
(RDMA_READ_CONSUME_CHECK_CONSUMER) timestamp=395 ms, used_size=2629632 bytes (6.4%)
(RDMA_READ_CONSUME_CHECK_CONSUMER) timestamp=395 ms, used_size=2627584 bytes (6.4%)
(RDMA_READ_CONSUME_CHECK_CONSUMER) timestamp=395 ms, used_size=2625536 bytes (6.4%)
(RDMA_READ_CONSUME_CHECK_CONSUMER) timestamp=395 ms, used_size=2623488 bytes (6.4%)
(RDMA_READ_CONSUME_CHECK_CONSUMER) timestamp=395 ms, used_size=2621440 bytes (6.4%)
(RDMA_READ_CONSUME_CHECK_CONSUMER) timestamp=395 ms, used_size=2619392 bytes (6.4%)
(RDMA_READ_CONSUME_CHECK_CONSUMER) timestamp=395 ms, used_size=2617344 bytes (6.4%)
(RDMA_READ_CONSUME_CHECK_CONSUMER) timestamp=395 ms, used_size=2615296 bytes (6.4%)
(RDMA_READ_CONSUME_CHECK_CONSUMER) timestamp=395 ms, used_size=2613248 bytes (6.4%)
(RDMA_READ_CONSUME_CHECK_CONSUMER) timestamp=395 ms, used_size=2611200 bytes (6.4%)
(RDMA_READ_CONSUME_CHECK_CONSUMER) timestamp=395 ms, used_size=2609152 bytes (6.4%)
(RDMA_READ_CONSUME_CHECK_CONSUMER) timestamp=395 ms, used_size=2607104 bytes (6.4%)
(RDMA_READ_CONSUME_CHECK_CONSUMER) timestamp=395 ms, used_size=2605056 bytes (6.4%)
(RDMA_READ_CONSUME_CHECK_CONSUMER) timestamp=395 ms, used_size=2603008 bytes (6.4%)
(RDMA_READ_CONSUME_CHECK_CONSUMER) timestamp=395 ms, used_size=2600960 bytes (6.3%)
(RDMA_READ_CONSUME_CHECK_CONSUMER) timestamp=395 ms, used_size=2598912 bytes (6.3%)
(RDMA_READ_CONSUME_CHECK_CONSUMER) timestamp=395 ms, used_size=2596864 bytes (6.3%)
(RDMA_READ_CONSUME_CHECK_CONSUMER) timestamp=395 ms, used_size=2594816 bytes (6.3%)
(RDMA_READ_CONSUME_CHECK_CONSUMER) timestamp=395 ms, used_size=2592768 bytes (6.3%)
(RDMA_READ_CONSUME_CHECK_CONSUMER) timestamp=395 ms, used_size=2590720 bytes (6.3%)
(RDMA_READ_CONSUME_CHECK_CONSUMER) timestamp=395 ms, used_size=2588672 bytes (6.3%)
(RDMA_READ_CONSUME_CHECK_CONSUMER) timestamp=395 ms, used_size=2586624 bytes (6.3%)
(RDMA_READ_CONSUME_CHECK_CONSUMER) timestamp=395 ms, used_size=2584576 bytes (6.3%)
(RDMA_READ_CONSUME_CHECK_CONSUMER) timestamp=395 ms, used_size=2582528 bytes (6.3%)
(RDMA_READ_CONSUME_CHECK_CONSUMER) timestamp=395 ms, used_size=2580480 bytes (6.3%)
(RDMA_READ_CONSUME_CHECK_CONSUMER) timestamp=395 ms, used_size=2578432 bytes (6.3%)
(RDMA_READ_CONSUME_CHECK_CONSUMER) timestamp=395 ms, used_size=2576384 bytes (6.3%)
(RDMA_READ_CONSUME_CHECK_CONSUMER) timestamp=395 ms, used_size=2574336 bytes (6.3%)
(RDMA_READ_CONSUME_CHECK_CONSUMER) timestamp=395 ms, used_size=2572288 bytes (6.3%)
(RDMA_READ_CONSUME_CHECK_CONSUMER) timestamp=395 ms, used_size=2570240 bytes (6.3%)
(RDMA_READ_CONSUME_CHECK_CONSUMER) timestamp=395 ms, used_size=2568192 bytes (6.3%)
(RDMA_READ_CONSUME_CHECK_CONSUMER) timestamp=395 ms, used_size=2566144 bytes (6.3%)
(RDMA_READ_CONSUME_CHECK_CONSUMER) timestamp=395 ms, used_size=2564096 bytes (6.3%)
(RDMA_READ_CONSUME_CHECK_CONSUMER) timestamp=395 ms, used_size=2562048 bytes (6.3%)
(RDMA_READ_CONSUME_CHECK_CONSUMER) timestamp=395 ms, used_size=2560000 bytes (6.2%)
(RDMA_READ_CONSUME_CHECK_CONSUMER) timestamp=395 ms, used_size=2557952 bytes (6.2%)
(RDMA_READ_CONSUME_CHECK_CONSUMER) timestamp=395 ms, used_size=2555904 bytes (6.2%)
(RDMA_READ_CONSUME_CHECK_CONSUMER) timestamp=395 ms, used_size=2553856 bytes (6.2%)
(RDMA_READ_CONSUME_CHECK_CONSUMER) timestamp=395 ms, used_size=2551808 bytes (6.2%)
(RDMA_READ_CONSUME_CHECK_CONSUMER) timestamp=395 ms, used_size=2549760 bytes (6.2%)
(RDMA_READ_CONSUME_CHECK_CONSUMER) timestamp=395 ms, used_size=2547712 bytes (6.2%)
(RDMA_READ_CONSUME_CHECK_CONSUMER) timestamp=395 ms, used_size=2545664 bytes (6.2%)
(RDMA_READ_CONSUME_CHECK_CONSUMER) timestamp=395 ms, used_size=2543616 bytes (6.2%)
(RDMA_READ_CONSUME_CHECK_CONSUMER) timestamp=395 ms, used_size=2541568 bytes (6.2%)
(RDMA_READ_CONSUME_CHECK_CONSUMER) timestamp=395 ms, used_size=2539520 bytes (6.2%)
(RDMA_READ_CONSUME_CHECK_CONSUMER) timestamp=395 ms, used_size=2537472 bytes (6.2%)
(RDMA_READ_CONSUME_CHECK_CONSUMER) timestamp=395 ms, used_size=2535424 bytes (6.2%)
(RDMA_READ_CONSUME_CHECK_CONSUMER) timestamp=395 ms, used_size=2533376 bytes (6.2%)
(RDMA_READ_CONSUME_CHECK_CONSUMER) timestamp=395 ms, used_size=2531328 bytes (6.2%)
(RDMA_READ_CONSUME_CHECK_CONSUMER) timestamp=395 ms, used_size=2529280 bytes (6.2%)
(RDMA_READ_CONSUME_CHECK_CONSUMER) timestamp=395 ms, used_size=2527232 bytes (6.2%)
(RDMA_READ_CONSUME_CHECK_CONSUMER) timestamp=395 ms, used_size=2525184 bytes (6.2%)
(RDMA_READ_CONSUME_CHECK_CONSUMER) timestamp=395 ms, used_size=2523136 bytes (6.2%)
(RDMA_READ_CONSUME_CHECK_CONSUMER) timestamp=395 ms, used_size=2521088 bytes (6.2%)
(RDMA_READ_CONSUME_CHECK_CONSUMER) timestamp=395 ms, used_size=2519040 bytes (6.2%)
(RDMA_READ_CONSUME_CHECK_CONSUMER) timestamp=395 ms, used_size=2516992 bytes (6.1%)
(RDMA_READ_CONSUME_CHECK_CONSUMER) timestamp=395 ms, used_size=2514944 bytes (6.1%)
(RDMA_READ_CONSUME_CHECK_CONSUMER) timestamp=395 ms, used_size=2512896 bytes (6.1%)
(RDMA_READ_CONSUME_CHECK_CONSUMER) timestamp=395 ms, used_size=2510848 bytes (6.1%)
(RDMA_READ_CONSUME_CHECK_CONSUMER) timestamp=395 ms, used_size=2508800 bytes (6.1%)
(RDMA_READ_CONSUME_CHECK_CONSUMER) timestamp=395 ms, used_size=2506752 bytes (6.1%)
(RDMA_READ_CONSUME_CHECK_CONSUMER) timestamp=395 ms, used_size=2504704 bytes (6.1%)
(RDMA_READ_CONSUME_CHECK_CONSUMER) timestamp=395 ms, used_size=2502656 bytes (6.1%)
(RDMA_READ_CONSUME_CHECK_CONSUMER) timestamp=395 ms, used_size=2500608 bytes (6.1%)
(RDMA_READ_CONSUME_CHECK_CONSUMER) timestamp=395 ms, used_size=2498560 bytes (6.1%)
(RDMA_READ_CONSUME_CHECK_CONSUMER) timestamp=395 ms, used_size=2496512 bytes (6.1%)
(RDMA_READ_CONSUME_CHECK_CONSUMER) timestamp=395 ms, used_size=2494464 bytes (6.1%)
(RDMA_READ_CONSUME_CHECK_CONSUMER) timestamp=395 ms, used_size=2492416 bytes (6.1%)
(RDMA_READ_CONSUME_CHECK_CONSUMER) timestamp=395 ms, used_size=2490368 bytes (6.1%)
(RDMA_READ_CONSUME_CHECK_CONSUMER) timestamp=395 ms, used_size=2488320 bytes (6.1%)
(RDMA_READ_CONSUME_CHECK_CONSUMER) timestamp=395 ms, used_size=2486272 bytes (6.1%)
(RDMA_READ_CONSUME_CHECK_CONSUMER) timestamp=395 ms, used_size=2484224 bytes (6.1%)
(RDMA_READ_CONSUME_CHECK_CONSUMER) timestamp=395 ms, used_size=2482176 bytes (6.1%)
(RDMA_READ_CONSUME_CHECK_CONSUMER) timestamp=395 ms, used_size=2480128 bytes (6.1%)
(RDMA_READ_CONSUME_CHECK_CONSUMER) timestamp=395 ms, used_size=2478080 bytes (6.0%)
(RDMA_READ_CONSUME_CHECK_CONSUMER) timestamp=395 ms, used_size=2476032 bytes (6.0%)
(RDMA_READ_CONSUME_CHECK_CONSUMER) timestamp=395 ms, used_size=2473984 bytes (6.0%)
(RDMA_READ_CONSUME_CHECK_CONSUMER) timestamp=395 ms, used_size=2471936 bytes (6.0%)
(RDMA_READ_CONSUME_CHECK_CONSUMER) timestamp=395 ms, used_size=2469888 bytes (6.0%)
(RDMA_READ_CONSUME_CHECK_CONSUMER) timestamp=395 ms, used_size=2467840 bytes (6.0%)
(RDMA_READ_CONSUME_CHECK_CONSUMER) timestamp=395 ms, used_size=2465792 bytes (6.0%)
(RDMA_READ_CONSUME_CHECK_CONSUMER) timestamp=395 ms, used_size=2463744 bytes (6.0%)
(RDMA_READ_CONSUME_CHECK_CONSUMER) timestamp=395 ms, used_size=2461696 bytes (6.0%)
(RDMA_READ_CONSUME_CHECK_CONSUMER) timestamp=395 ms, used_size=2459648 bytes (6.0%)
(RDMA_READ_CONSUME_CHECK_CONSUMER) timestamp=395 ms, used_size=2457600 bytes (6.0%)
(RDMA_READ_CONSUME_CHECK_CONSUMER) timestamp=395 ms, used_size=2455552 bytes (6.0%)
(RDMA_READ_CONSUME_CHECK_CONSUMER) timestamp=395 ms, used_size=2453504 bytes (6.0%)
(RDMA_READ_CONSUME_CHECK_CONSUMER) timestamp=395 ms, used_size=2451456 bytes (6.0%)
(RDMA_READ_CONSUME_CHECK_CONSUMER) timestamp=395 ms, used_size=2449408 bytes (6.0%)
(RDMA_READ_CONSUME_CHECK_CONSUMER) timestamp=395 ms, used_size=2447360 bytes (6.0%)
(RDMA_READ_CONSUME_CHECK_CONSUMER) timestamp=395 ms, used_size=2445312 bytes (6.0%)
(RDMA_READ_CONSUME_CHECK_CONSUMER) timestamp=395 ms, used_size=2443264 bytes (6.0%)
(RDMA_READ_CONSUME_CHECK_CONSUMER) timestamp=395 ms, used_size=2441216 bytes (6.0%)
(RDMA_READ_CONSUME_CHECK_CONSUMER) timestamp=395 ms, used_size=2439168 bytes (6.0%)
(RDMA_READ_CONSUME_CHECK_CONSUMER) timestamp=395 ms, used_size=2437120 bytes (6.0%)
(RDMA_READ_CONSUME_CHECK_CONSUMER) timestamp=395 ms, used_size=2435072 bytes (5.9%)
(RDMA_READ_CONSUME_CHECK_CONSUMER) timestamp=395 ms, used_size=2433024 bytes (5.9%)
(RDMA_READ_CONSUME_CHECK_CONSUMER) timestamp=395 ms, used_size=2430976 bytes (5.9%)
(RDMA_READ_CONSUME_CHECK_CONSUMER) timestamp=395 ms, used_size=2428928 bytes (5.9%)
(RDMA_READ_CONSUME_CHECK_CONSUMER) timestamp=395 ms, used_size=2426880 bytes (5.9%)
(RDMA_READ_CONSUME_CHECK_CONSUMER) timestamp=395 ms, used_size=2424832 bytes (5.9%)
(RDMA_READ_CONSUME_CHECK_CONSUMER) timestamp=395 ms, used_size=2422784 bytes (5.9%)
(RDMA_READ_CONSUME_CHECK_CONSUMER) timestamp=395 ms, used_size=2420736 bytes (5.9%)
(RDMA_READ_CONSUME_CHECK_CONSUMER) timestamp=395 ms, used_size=2418688 bytes (5.9%)
(RDMA_READ_CONSUME_CHECK_CONSUMER) timestamp=395 ms, used_size=2416640 bytes (5.9%)
(RDMA_READ_CONSUME_CHECK_CONSUMER) timestamp=395 ms, used_size=2414592 bytes (5.9%)
(RDMA_READ_CONSUME_CHECK_CONSUMER) timestamp=395 ms, used_size=2412544 bytes (5.9%)
(RDMA_READ_CONSUME_CHECK_CONSUMER) timestamp=395 ms, used_size=2410496 bytes (5.9%)
(RDMA_READ_CONSUME_CHECK_CONSUMER) timestamp=395 ms, used_size=2408448 bytes (5.9%)
(RDMA_READ_CONSUME_CHECK_CONSUMER) timestamp=395 ms, used_size=2406400 bytes (5.9%)
(RDMA_READ_CONSUME_CHECK_CONSUMER) timestamp=395 ms, used_size=2404352 bytes (5.9%)
(RDMA_READ_CONSUME_CHECK_CONSUMER) timestamp=395 ms, used_size=2402304 bytes (5.9%)
(RDMA_READ_CONSUME_CHECK_CONSUMER) timestamp=395 ms, used_size=2400256 bytes (5.9%)
(RDMA_READ_CONSUME_CHECK_CONSUMER) timestamp=396 ms, used_size=2398208 bytes (5.9%)
(RDMA_READ_CONSUME_CHECK_CONSUMER) timestamp=396 ms, used_size=2396160 bytes (5.8%)
(RDMA_READ_CONSUME_CHECK_CONSUMER) timestamp=396 ms, used_size=2394112 bytes (5.8%)
(RDMA_READ_CONSUME_CHECK_CONSUMER) timestamp=396 ms, used_size=2392064 bytes (5.8%)
(RDMA_READ_CONSUME_CHECK_CONSUMER) timestamp=396 ms, used_size=2390016 bytes (5.8%)
(RDMA_READ_CONSUME_CHECK_CONSUMER) timestamp=396 ms, used_size=2387968 bytes (5.8%)
(RDMA_READ_CONSUME_CHECK_CONSUMER) timestamp=396 ms, used_size=2385920 bytes (5.8%)
(RDMA_READ_CONSUME_CHECK_CONSUMER) timestamp=396 ms, used_size=2383872 bytes (5.8%)
(RDMA_READ_CONSUME_CHECK_CONSUMER) timestamp=396 ms, used_size=2381824 bytes (5.8%)
(RDMA_READ_CONSUME_CHECK_CONSUMER) timestamp=396 ms, used_size=2379776 bytes (5.8%)
(RDMA_READ_CONSUME_CHECK_CONSUMER) timestamp=396 ms, used_size=2377728 bytes (5.8%)
(RDMA_READ_CONSUME_CHECK_CONSUMER) timestamp=396 ms, used_size=2375680 bytes (5.8%)
(RDMA_READ_CONSUME_CHECK_CONSUMER) timestamp=396 ms, used_size=2373632 bytes (5.8%)
(RDMA_READ_CONSUME_CHECK_CONSUMER) timestamp=396 ms, used_size=2371584 bytes (5.8%)
(RDMA_READ_CONSUME_CHECK_CONSUMER) timestamp=396 ms, used_size=2369536 bytes (5.8%)
(RDMA_READ_CONSUME_CHECK_CONSUMER) timestamp=396 ms, used_size=2367488 bytes (5.8%)
(RDMA_READ_CONSUME_CHECK_CONSUMER) timestamp=396 ms, used_size=2365440 bytes (5.8%)
(RDMA_READ_CONSUME_CHECK_CONSUMER) timestamp=396 ms, used_size=2363392 bytes (5.8%)
(RDMA_READ_CONSUME_CHECK_CONSUMER) timestamp=396 ms, used_size=2361344 bytes (5.8%)
(RDMA_READ_CONSUME_CHECK_CONSUMER) timestamp=396 ms, used_size=2359296 bytes (5.8%)
(RDMA_READ_CONSUME_CHECK_CONSUMER) timestamp=396 ms, used_size=2357248 bytes (5.8%)
(RDMA_READ_CONSUME_CHECK_CONSUMER) timestamp=396 ms, used_size=2355200 bytes (5.8%)
(RDMA_READ_CONSUME_CHECK_CONSUMER) timestamp=396 ms, used_size=2353152 bytes (5.7%)
(RDMA_READ_CONSUME_CHECK_CONSUMER) timestamp=396 ms, used_size=2351104 bytes (5.7%)
(RDMA_READ_CONSUME_CHECK_CONSUMER) timestamp=396 ms, used_size=2349056 bytes (5.7%)
(RDMA_READ_CONSUME_CHECK_CONSUMER) timestamp=396 ms, used_size=2347008 bytes (5.7%)
(RDMA_READ_CONSUME_CHECK_CONSUMER) timestamp=396 ms, used_size=2344960 bytes (5.7%)
(RDMA_READ_CONSUME_CHECK_CONSUMER) timestamp=396 ms, used_size=2342912 bytes (5.7%)
(RDMA_READ_CONSUME_CHECK_CONSUMER) timestamp=396 ms, used_size=2340864 bytes (5.7%)
(RDMA_READ_CONSUME_CHECK_CONSUMER) timestamp=396 ms, used_size=2338816 bytes (5.7%)
(RDMA_READ_CONSUME_CHECK_CONSUMER) timestamp=396 ms, used_size=2336768 bytes (5.7%)
(RDMA_READ_CONSUME_CHECK_CONSUMER) timestamp=396 ms, used_size=2334720 bytes (5.7%)
(RDMA_READ_CONSUME_CHECK_CONSUMER) timestamp=396 ms, used_size=2332672 bytes (5.7%)
(RDMA_READ_CONSUME_CHECK_CONSUMER) timestamp=396 ms, used_size=2330624 bytes (5.7%)
(RDMA_READ_CONSUME_CHECK_CONSUMER) timestamp=396 ms, used_size=2328576 bytes (5.7%)
(RDMA_READ_CONSUME_CHECK_CONSUMER) timestamp=396 ms, used_size=2326528 bytes (5.7%)
(RDMA_READ_CONSUME_CHECK_CONSUMER) timestamp=396 ms, used_size=2324480 bytes (5.7%)
(RDMA_READ_CONSUME_CHECK_CONSUMER) timestamp=396 ms, used_size=2322432 bytes (5.7%)
(RDMA_READ_CONSUME_CHECK_CONSUMER) timestamp=396 ms, used_size=2320384 bytes (5.7%)
(RDMA_READ_CONSUME_CHECK_CONSUMER) timestamp=396 ms, used_size=2318336 bytes (5.7%)
(RDMA_READ_CONSUME_CHECK_CONSUMER) timestamp=396 ms, used_size=2316288 bytes (5.7%)
(RDMA_READ_CONSUME_CHECK_CONSUMER) timestamp=396 ms, used_size=2314240 bytes (5.7%)
(RDMA_READ_CONSUME_CHECK_CONSUMER) timestamp=396 ms, used_size=2312192 bytes (5.6%)
(RDMA_READ_CONSUME_CHECK_CONSUMER) timestamp=396 ms, used_size=2310144 bytes (5.6%)
(RDMA_READ_CONSUME_CHECK_CONSUMER) timestamp=396 ms, used_size=2308096 bytes (5.6%)
(RDMA_READ_CONSUME_CHECK_CONSUMER) timestamp=396 ms, used_size=2306048 bytes (5.6%)
(RDMA_READ_CONSUME_CHECK_CONSUMER) timestamp=396 ms, used_size=2304000 bytes (5.6%)
(RDMA_READ_CONSUME_CHECK_CONSUMER) timestamp=396 ms, used_size=2301952 bytes (5.6%)
(RDMA_READ_CONSUME_CHECK_CONSUMER) timestamp=396 ms, used_size=2299904 bytes (5.6%)
(RDMA_READ_CONSUME_CHECK_CONSUMER) timestamp=396 ms, used_size=2297856 bytes (5.6%)
(RDMA_READ_CONSUME_CHECK_CONSUMER) timestamp=396 ms, used_size=2295808 bytes (5.6%)
(RDMA_READ_CONSUME_CHECK_CONSUMER) timestamp=396 ms, used_size=2293760 bytes (5.6%)
(RDMA_READ_CONSUME_CHECK_CONSUMER) timestamp=396 ms, used_size=2291712 bytes (5.6%)
(RDMA_READ_CONSUME_CHECK_CONSUMER) timestamp=396 ms, used_size=2289664 bytes (5.6%)
(RDMA_READ_CONSUME_CHECK_CONSUMER) timestamp=396 ms, used_size=2287616 bytes (5.6%)
(RDMA_READ_CONSUME_CHECK_CONSUMER) timestamp=396 ms, used_size=2285568 bytes (5.6%)
(RDMA_READ_CONSUME_CHECK_CONSUMER) timestamp=396 ms, used_size=2283520 bytes (5.6%)
(RDMA_READ_CONSUME_CHECK_CONSUMER) timestamp=396 ms, used_size=2281472 bytes (5.6%)
(RDMA_READ_CONSUME_CHECK_CONSUMER) timestamp=396 ms, used_size=2279424 bytes (5.6%)
(RDMA_READ_CONSUME_CHECK_CONSUMER) timestamp=396 ms, used_size=2277376 bytes (5.6%)
(RDMA_READ_CONSUME_CHECK_CONSUMER) timestamp=396 ms, used_size=2275328 bytes (5.6%)
(RDMA_READ_CONSUME_CHECK_CONSUMER) timestamp=396 ms, used_size=2273280 bytes (5.5%)
(RDMA_READ_CONSUME_CHECK_CONSUMER) timestamp=396 ms, used_size=2271232 bytes (5.5%)
(RDMA_READ_CONSUME_CHECK_CONSUMER) timestamp=396 ms, used_size=2269184 bytes (5.5%)
(RDMA_READ_CONSUME_CHECK_CONSUMER) timestamp=396 ms, used_size=2267136 bytes (5.5%)
(RDMA_READ_CONSUME_CHECK_CONSUMER) timestamp=396 ms, used_size=2265088 bytes (5.5%)
(RDMA_READ_CONSUME_CHECK_CONSUMER) timestamp=396 ms, used_size=2263040 bytes (5.5%)
(RDMA_READ_CONSUME_CHECK_CONSUMER) timestamp=396 ms, used_size=2260992 bytes (5.5%)
(RDMA_READ_CONSUME_CHECK_CONSUMER) timestamp=396 ms, used_size=2258944 bytes (5.5%)
(RDMA_READ_CONSUME_CHECK_CONSUMER) timestamp=396 ms, used_size=2256896 bytes (5.5%)
(RDMA_READ_CONSUME_CHECK_CONSUMER) timestamp=396 ms, used_size=2254848 bytes (5.5%)
(RDMA_READ_CONSUME_CHECK_CONSUMER) timestamp=396 ms, used_size=2252800 bytes (5.5%)
(RDMA_READ_CONSUME_CHECK_CONSUMER) timestamp=396 ms, used_size=2250752 bytes (5.5%)
(RDMA_READ_CONSUME_CHECK_CONSUMER) timestamp=396 ms, used_size=2248704 bytes (5.5%)
(RDMA_READ_CONSUME_CHECK_CONSUMER) timestamp=396 ms, used_size=2246656 bytes (5.5%)
(RDMA_READ_CONSUME_CHECK_CONSUMER) timestamp=396 ms, used_size=2244608 bytes (5.5%)
(RDMA_READ_CONSUME_CHECK_CONSUMER) timestamp=396 ms, used_size=2242560 bytes (5.5%)
(RDMA_READ_CONSUME_CHECK_CONSUMER) timestamp=396 ms, used_size=2240512 bytes (5.5%)
(RDMA_READ_CONSUME_CHECK_CONSUMER) timestamp=396 ms, used_size=2238464 bytes (5.5%)
(RDMA_READ_CONSUME_CHECK_CONSUMER) timestamp=396 ms, used_size=2236416 bytes (5.5%)
(RDMA_READ_CONSUME_CHECK_CONSUMER) timestamp=396 ms, used_size=2234368 bytes (5.5%)
(RDMA_READ_CONSUME_CHECK_CONSUMER) timestamp=396 ms, used_size=2232320 bytes (5.5%)
(RDMA_READ_CONSUME_CHECK_CONSUMER) timestamp=396 ms, used_size=2230272 bytes (5.4%)
(RDMA_READ_CONSUME_CHECK_CONSUMER) timestamp=396 ms, used_size=2228224 bytes (5.4%)
(RDMA_READ_CONSUME_CHECK_CONSUMER) timestamp=396 ms, used_size=2226176 bytes (5.4%)
(RDMA_READ_CONSUME_CHECK_CONSUMER) timestamp=396 ms, used_size=2224128 bytes (5.4%)
(RDMA_READ_CONSUME_CHECK_CONSUMER) timestamp=396 ms, used_size=2222080 bytes (5.4%)
(RDMA_READ_CONSUME_CHECK_CONSUMER) timestamp=396 ms, used_size=2220032 bytes (5.4%)
(RDMA_READ_CONSUME_CHECK_CONSUMER) timestamp=396 ms, used_size=2217984 bytes (5.4%)
(RDMA_READ_CONSUME_CHECK_CONSUMER) timestamp=396 ms, used_size=2215936 bytes (5.4%)
(RDMA_READ_CONSUME_CHECK_CONSUMER) timestamp=396 ms, used_size=2213888 bytes (5.4%)
(RDMA_READ_CONSUME_CHECK_CONSUMER) timestamp=396 ms, used_size=2211840 bytes (5.4%)
(RDMA_READ_CONSUME_CHECK_CONSUMER) timestamp=396 ms, used_size=2209792 bytes (5.4%)
(RDMA_READ_CONSUME_CHECK_CONSUMER) timestamp=396 ms, used_size=2207744 bytes (5.4%)
(RDMA_READ_CONSUME_CHECK_CONSUMER) timestamp=396 ms, used_size=2205696 bytes (5.4%)
(RDMA_READ_CONSUME_CHECK_CONSUMER) timestamp=396 ms, used_size=2203648 bytes (5.4%)
(RDMA_READ_CONSUME_CHECK_CONSUMER) timestamp=396 ms, used_size=2201600 bytes (5.4%)
(RDMA_READ_CONSUME_CHECK_CONSUMER) timestamp=396 ms, used_size=2199552 bytes (5.4%)
(RDMA_READ_CONSUME_CHECK_CONSUMER) timestamp=396 ms, used_size=2197504 bytes (5.4%)
(RDMA_READ_CONSUME_CHECK_CONSUMER) timestamp=396 ms, used_size=2195456 bytes (5.4%)
(RDMA_READ_CONSUME_CHECK_CONSUMER) timestamp=396 ms, used_size=2193408 bytes (5.4%)
(RDMA_READ_CONSUME_CHECK_CONSUMER) timestamp=396 ms, used_size=2191360 bytes (5.3%)
(RDMA_READ_CONSUME_CHECK_CONSUMER) timestamp=396 ms, used_size=2189312 bytes (5.3%)
(RDMA_READ_CONSUME_CHECK_CONSUMER) timestamp=396 ms, used_size=2187264 bytes (5.3%)
(RDMA_READ_CONSUME_CHECK_CONSUMER) timestamp=396 ms, used_size=2185216 bytes (5.3%)
(RDMA_READ_CONSUME_CHECK_CONSUMER) timestamp=396 ms, used_size=2183168 bytes (5.3%)
(RDMA_READ_CONSUME_CHECK_CONSUMER) timestamp=396 ms, used_size=2181120 bytes (5.3%)
(RDMA_READ_CONSUME_CHECK_CONSUMER) timestamp=396 ms, used_size=2179072 bytes (5.3%)
(RDMA_READ_CONSUME_CHECK_CONSUMER) timestamp=396 ms, used_size=2177024 bytes (5.3%)
(RDMA_READ_CONSUME_CHECK_CONSUMER) timestamp=396 ms, used_size=2174976 bytes (5.3%)
(RDMA_READ_CONSUME_CHECK_CONSUMER) timestamp=396 ms, used_size=2172928 bytes (5.3%)
(RDMA_READ_CONSUME_CHECK_CONSUMER) timestamp=396 ms, used_size=2170880 bytes (5.3%)
(RDMA_READ_CONSUME_CHECK_CONSUMER) timestamp=396 ms, used_size=2168832 bytes (5.3%)
(RDMA_READ_CONSUME_CHECK_CONSUMER) timestamp=396 ms, used_size=2166784 bytes (5.3%)
(RDMA_READ_CONSUME_CHECK_CONSUMER) timestamp=396 ms, used_size=2164736 bytes (5.3%)
(RDMA_READ_CONSUME_CHECK_CONSUMER) timestamp=396 ms, used_size=2162688 bytes (5.3%)
(RDMA_READ_CONSUME_CHECK_CONSUMER) timestamp=396 ms, used_size=2160640 bytes (5.3%)
(RDMA_READ_CONSUME_CHECK_CONSUMER) timestamp=396 ms, used_size=2158592 bytes (5.3%)
(RDMA_READ_CONSUME_CHECK_CONSUMER) timestamp=396 ms, used_size=2156544 bytes (5.3%)
(RDMA_READ_CONSUME_CHECK_CONSUMER) timestamp=396 ms, used_size=2154496 bytes (5.3%)
(RDMA_READ_CONSUME_CHECK_CONSUMER) timestamp=396 ms, used_size=2152448 bytes (5.3%)
(RDMA_READ_CONSUME_CHECK_CONSUMER) timestamp=396 ms, used_size=2150400 bytes (5.2%)
(RDMA_READ_CONSUME_CHECK_CONSUMER) timestamp=396 ms, used_size=2148352 bytes (5.2%)
(RDMA_READ_CONSUME_CHECK_CONSUMER) timestamp=396 ms, used_size=2146304 bytes (5.2%)
(RDMA_READ_CONSUME_CHECK_CONSUMER) timestamp=396 ms, used_size=2144256 bytes (5.2%)
(RDMA_READ_CONSUME_CHECK_CONSUMER) timestamp=396 ms, used_size=2142208 bytes (5.2%)
(RDMA_READ_CONSUME_CHECK_CONSUMER) timestamp=396 ms, used_size=2140160 bytes (5.2%)
(RDMA_READ_CONSUME_CHECK_CONSUMER) timestamp=396 ms, used_size=2138112 bytes (5.2%)
(RDMA_READ_CONSUME_CHECK_CONSUMER) timestamp=396 ms, used_size=2136064 bytes (5.2%)
(RDMA_READ_CONSUME_CHECK_CONSUMER) timestamp=396 ms, used_size=2134016 bytes (5.2%)
(RDMA_READ_CONSUME_CHECK_CONSUMER) timestamp=396 ms, used_size=2131968 bytes (5.2%)
(RDMA_READ_CONSUME_CHECK_CONSUMER) timestamp=396 ms, used_size=2129920 bytes (5.2%)
(RDMA_READ_CONSUME_CHECK_CONSUMER) timestamp=396 ms, used_size=2127872 bytes (5.2%)
(RDMA_READ_CONSUME_CHECK_CONSUMER) timestamp=396 ms, used_size=2125824 bytes (5.2%)
(RDMA_READ_CONSUME_CHECK_CONSUMER) timestamp=396 ms, used_size=2123776 bytes (5.2%)
(RDMA_READ_CONSUME_CHECK_CONSUMER) timestamp=396 ms, used_size=2121728 bytes (5.2%)
(RDMA_READ_CONSUME_CHECK_CONSUMER) timestamp=396 ms, used_size=2119680 bytes (5.2%)
(RDMA_READ_CONSUME_CHECK_CONSUMER) timestamp=396 ms, used_size=2117632 bytes (5.2%)
(RDMA_READ_CONSUME_CHECK_CONSUMER) timestamp=396 ms, used_size=2115584 bytes (5.2%)
(RDMA_READ_CONSUME_CHECK_CONSUMER) timestamp=396 ms, used_size=2113536 bytes (5.2%)
(RDMA_READ_CONSUME_CHECK_CONSUMER) timestamp=396 ms, used_size=2111488 bytes (5.2%)
(RDMA_READ_CONSUME_CHECK_CONSUMER) timestamp=396 ms, used_size=2109440 bytes (5.2%)
(RDMA_READ_CONSUME_CHECK_CONSUMER) timestamp=396 ms, used_size=2107392 bytes (5.1%)
(RDMA_READ_CONSUME_CHECK_CONSUMER) timestamp=396 ms, used_size=2105344 bytes (5.1%)
(RDMA_READ_CONSUME_CHECK_CONSUMER) timestamp=396 ms, used_size=2103296 bytes (5.1%)
(RDMA_READ_CONSUME_CHECK_CONSUMER) timestamp=396 ms, used_size=2101248 bytes (5.1%)
(RDMA_READ_CONSUME_CHECK_CONSUMER) timestamp=396 ms, used_size=2099200 bytes (5.1%)
(RDMA_READ_CONSUME_CHECK_CONSUMER) timestamp=396 ms, used_size=2097152 bytes (5.1%)
(RDMA_READ_CONSUME_CHECK_CONSUMER) timestamp=396 ms, used_size=2095104 bytes (5.1%)
(RDMA_READ_CONSUME_CHECK_CONSUMER) timestamp=396 ms, used_size=2093056 bytes (5.1%)
(RDMA_READ_CONSUME_CHECK_CONSUMER) timestamp=396 ms, used_size=2091008 bytes (5.1%)
(RDMA_READ_CONSUME_CHECK_CONSUMER) timestamp=396 ms, used_size=2088960 bytes (5.1%)
(RDMA_READ_CONSUME_CHECK_CONSUMER) timestamp=396 ms, used_size=2086912 bytes (5.1%)
(RDMA_READ_CONSUME_CHECK_CONSUMER) timestamp=396 ms, used_size=2084864 bytes (5.1%)
(RDMA_READ_CONSUME_CHECK_CONSUMER) timestamp=396 ms, used_size=2082816 bytes (5.1%)
(RDMA_READ_CONSUME_CHECK_CONSUMER) timestamp=396 ms, used_size=2080768 bytes (5.1%)
(RDMA_READ_CONSUME_CHECK_CONSUMER) timestamp=396 ms, used_size=2078720 bytes (5.1%)
(RDMA_READ_CONSUME_CHECK_CONSUMER) timestamp=396 ms, used_size=2076672 bytes (5.1%)
(RDMA_READ_CONSUME_CHECK_CONSUMER) timestamp=396 ms, used_size=2074624 bytes (5.1%)
(RDMA_READ_CONSUME_CHECK_CONSUMER) timestamp=396 ms, used_size=2072576 bytes (5.1%)
(RDMA_READ_CONSUME_CHECK_CONSUMER) timestamp=396 ms, used_size=2070528 bytes (5.1%)
(RDMA_READ_CONSUME_CHECK_CONSUMER) timestamp=396 ms, used_size=2068480 bytes (5.0%)
(RDMA_READ_CONSUME_CHECK_CONSUMER) timestamp=396 ms, used_size=2066432 bytes (5.0%)
(RDMA_READ_CONSUME_CHECK_CONSUMER) timestamp=396 ms, used_size=2064384 bytes (5.0%)
(RDMA_READ_CONSUME_CHECK_CONSUMER) timestamp=396 ms, used_size=2062336 bytes (5.0%)
(RDMA_READ_CONSUME_CHECK_CONSUMER) timestamp=396 ms, used_size=2060288 bytes (5.0%)
(RDMA_READ_CONSUME_CHECK_CONSUMER) timestamp=396 ms, used_size=2058240 bytes (5.0%)
(RDMA_READ_CONSUME_CHECK_CONSUMER) timestamp=396 ms, used_size=2056192 bytes (5.0%)
(RDMA_READ_CONSUME_CHECK_CONSUMER) timestamp=396 ms, used_size=2054144 bytes (5.0%)
(RDMA_READ_CONSUME_CHECK_CONSUMER) timestamp=396 ms, used_size=2052096 bytes (5.0%)
(RDMA_READ_CONSUME_CHECK_CONSUMER) timestamp=396 ms, used_size=2050048 bytes (5.0%)
(RDMA_READ_CONSUME_CHECK_CONSUMER) timestamp=396 ms, used_size=2048000 bytes (5.0%)
(RDMA_READ_CONSUME_CHECK_CONSUMER) timestamp=396 ms, used_size=2045952 bytes (5.0%)
(RDMA_READ_CONSUME_CHECK_CONSUMER) timestamp=396 ms, used_size=2043904 bytes (5.0%)
(RDMA_READ_CONSUME_CHECK_CONSUMER) timestamp=396 ms, used_size=2041856 bytes (5.0%)
(RDMA_READ_CONSUME_CHECK_CONSUMER) timestamp=396 ms, used_size=2039808 bytes (5.0%)
(RDMA_READ_CONSUME_CHECK_CONSUMER) timestamp=396 ms, used_size=2037760 bytes (5.0%)
(RDMA_READ_CONSUME_CHECK_CONSUMER) timestamp=396 ms, used_size=2035712 bytes (5.0%)
(RDMA_READ_CONSUME_CHECK_CONSUMER) timestamp=396 ms, used_size=2033664 bytes (5.0%)
(RDMA_READ_CONSUME_CHECK_CONSUMER) timestamp=396 ms, used_size=2031616 bytes (5.0%)
(RDMA_READ_CONSUME_CHECK_CONSUMER) timestamp=396 ms, used_size=2029568 bytes (5.0%)
(RDMA_READ_CONSUME_CHECK_CONSUMER) timestamp=396 ms, used_size=2027520 bytes (5.0%)
(RDMA_READ_CONSUME_CHECK_CONSUMER) timestamp=397 ms, used_size=2025472 bytes (4.9%)
(RDMA_READ_CONSUME_CHECK_CONSUMER) timestamp=397 ms, used_size=2023424 bytes (4.9%)
(RDMA_READ_CONSUME_CHECK_CONSUMER) timestamp=397 ms, used_size=2021376 bytes (4.9%)
(RDMA_READ_CONSUME_CHECK_CONSUMER) timestamp=397 ms, used_size=2019328 bytes (4.9%)
(RDMA_READ_CONSUME_CHECK_CONSUMER) timestamp=397 ms, used_size=2017280 bytes (4.9%)
(RDMA_READ_CONSUME_CHECK_CONSUMER) timestamp=397 ms, used_size=2015232 bytes (4.9%)
(RDMA_READ_CONSUME_CHECK_CONSUMER) timestamp=397 ms, used_size=2013184 bytes (4.9%)
(RDMA_READ_CONSUME_CHECK_CONSUMER) timestamp=397 ms, used_size=2011136 bytes (4.9%)
(RDMA_READ_CONSUME_CHECK_CONSUMER) timestamp=397 ms, used_size=2009088 bytes (4.9%)
(RDMA_READ_CONSUME_CHECK_CONSUMER) timestamp=397 ms, used_size=2007040 bytes (4.9%)
(RDMA_READ_CONSUME_CHECK_CONSUMER) timestamp=397 ms, used_size=2004992 bytes (4.9%)
(RDMA_READ_CONSUME_CHECK_CONSUMER) timestamp=397 ms, used_size=2002944 bytes (4.9%)
(RDMA_READ_CONSUME_CHECK_CONSUMER) timestamp=397 ms, used_size=2000896 bytes (4.9%)
(RDMA_READ_CONSUME_CHECK_CONSUMER) timestamp=397 ms, used_size=1998848 bytes (4.9%)
(RDMA_READ_CONSUME_CHECK_CONSUMER) timestamp=397 ms, used_size=1996800 bytes (4.9%)
(RDMA_READ_CONSUME_CHECK_CONSUMER) timestamp=397 ms, used_size=1994752 bytes (4.9%)
(RDMA_READ_CONSUME_CHECK_CONSUMER) timestamp=397 ms, used_size=1992704 bytes (4.9%)
(RDMA_READ_CONSUME_CHECK_CONSUMER) timestamp=397 ms, used_size=1990656 bytes (4.9%)
(RDMA_READ_CONSUME_CHECK_CONSUMER) timestamp=397 ms, used_size=1988608 bytes (4.9%)
(RDMA_READ_CONSUME_CHECK_CONSUMER) timestamp=397 ms, used_size=1986560 bytes (4.8%)
(RDMA_READ_CONSUME_CHECK_CONSUMER) timestamp=397 ms, used_size=1984512 bytes (4.8%)
(RDMA_READ_CONSUME_CHECK_CONSUMER) timestamp=397 ms, used_size=1982464 bytes (4.8%)
(RDMA_READ_CONSUME_CHECK_CONSUMER) timestamp=397 ms, used_size=1980416 bytes (4.8%)
(RDMA_READ_CONSUME_CHECK_CONSUMER) timestamp=397 ms, used_size=1978368 bytes (4.8%)
(RDMA_READ_CONSUME_CHECK_CONSUMER) timestamp=397 ms, used_size=1976320 bytes (4.8%)
(RDMA_READ_CONSUME_CHECK_CONSUMER) timestamp=397 ms, used_size=1974272 bytes (4.8%)
(RDMA_READ_CONSUME_CHECK_CONSUMER) timestamp=397 ms, used_size=1972224 bytes (4.8%)
(RDMA_READ_CONSUME_CHECK_CONSUMER) timestamp=397 ms, used_size=1970176 bytes (4.8%)
(RDMA_READ_CONSUME_CHECK_CONSUMER) timestamp=397 ms, used_size=1968128 bytes (4.8%)
(RDMA_READ_CONSUME_CHECK_CONSUMER) timestamp=397 ms, used_size=1966080 bytes (4.8%)
(RDMA_READ_CONSUME_CHECK_CONSUMER) timestamp=397 ms, used_size=1964032 bytes (4.8%)
(RDMA_READ_CONSUME_CHECK_CONSUMER) timestamp=397 ms, used_size=1961984 bytes (4.8%)
(RDMA_READ_CONSUME_CHECK_CONSUMER) timestamp=397 ms, used_size=1959936 bytes (4.8%)
(RDMA_READ_CONSUME_CHECK_CONSUMER) timestamp=397 ms, used_size=1957888 bytes (4.8%)
(RDMA_READ_CONSUME_CHECK_CONSUMER) timestamp=397 ms, used_size=1955840 bytes (4.8%)
(RDMA_READ_CONSUME_CHECK_CONSUMER) timestamp=397 ms, used_size=1953792 bytes (4.8%)
(RDMA_READ_CONSUME_CHECK_CONSUMER) timestamp=397 ms, used_size=1951744 bytes (4.8%)
(RDMA_READ_CONSUME_CHECK_CONSUMER) timestamp=397 ms, used_size=1949696 bytes (4.8%)
(RDMA_READ_CONSUME_CHECK_CONSUMER) timestamp=397 ms, used_size=1947648 bytes (4.8%)
(RDMA_READ_CONSUME_CHECK_CONSUMER) timestamp=397 ms, used_size=1945600 bytes (4.8%)
(RDMA_READ_CONSUME_CHECK_CONSUMER) timestamp=397 ms, used_size=1943552 bytes (4.7%)
(RDMA_READ_CONSUME_CHECK_CONSUMER) timestamp=397 ms, used_size=1941504 bytes (4.7%)
(RDMA_READ_CONSUME_CHECK_CONSUMER) timestamp=397 ms, used_size=1939456 bytes (4.7%)
(RDMA_READ_CONSUME_CHECK_CONSUMER) timestamp=397 ms, used_size=1937408 bytes (4.7%)
(RDMA_READ_CONSUME_CHECK_CONSUMER) timestamp=397 ms, used_size=1935360 bytes (4.7%)
(RDMA_READ_CONSUME_CHECK_CONSUMER) timestamp=397 ms, used_size=1933312 bytes (4.7%)
(RDMA_READ_CONSUME_CHECK_CONSUMER) timestamp=397 ms, used_size=1931264 bytes (4.7%)
(RDMA_READ_CONSUME_CHECK_CONSUMER) timestamp=397 ms, used_size=1929216 bytes (4.7%)
(RDMA_READ_CONSUME_CHECK_CONSUMER) timestamp=397 ms, used_size=1927168 bytes (4.7%)
(RDMA_READ_CONSUME_CHECK_CONSUMER) timestamp=397 ms, used_size=1925120 bytes (4.7%)
(RDMA_READ_CONSUME_CHECK_CONSUMER) timestamp=397 ms, used_size=1923072 bytes (4.7%)
(RDMA_READ_CONSUME_CHECK_CONSUMER) timestamp=397 ms, used_size=1921024 bytes (4.7%)
(RDMA_READ_CONSUME_CHECK_CONSUMER) timestamp=397 ms, used_size=1918976 bytes (4.7%)
(RDMA_READ_CONSUME_CHECK_CONSUMER) timestamp=397 ms, used_size=1916928 bytes (4.7%)
(RDMA_READ_CONSUME_CHECK_CONSUMER) timestamp=397 ms, used_size=1914880 bytes (4.7%)
(RDMA_READ_CONSUME_CHECK_CONSUMER) timestamp=397 ms, used_size=1912832 bytes (4.7%)
(RDMA_READ_CONSUME_CHECK_CONSUMER) timestamp=397 ms, used_size=1910784 bytes (4.7%)
(RDMA_READ_CONSUME_CHECK_CONSUMER) timestamp=397 ms, used_size=1908736 bytes (4.7%)
(RDMA_READ_CONSUME_CHECK_CONSUMER) timestamp=397 ms, used_size=1906688 bytes (4.7%)
(RDMA_READ_CONSUME_CHECK_CONSUMER) timestamp=397 ms, used_size=1904640 bytes (4.7%)
(RDMA_READ_CONSUME_CHECK_CONSUMER) timestamp=397 ms, used_size=1902592 bytes (4.6%)
(RDMA_READ_CONSUME_CHECK_CONSUMER) timestamp=397 ms, used_size=1900544 bytes (4.6%)
(RDMA_READ_CONSUME_CHECK_CONSUMER) timestamp=397 ms, used_size=1898496 bytes (4.6%)
(RDMA_READ_CONSUME_CHECK_CONSUMER) timestamp=397 ms, used_size=1896448 bytes (4.6%)
(RDMA_READ_CONSUME_CHECK_CONSUMER) timestamp=397 ms, used_size=1894400 bytes (4.6%)
(RDMA_READ_CONSUME_CHECK_CONSUMER) timestamp=397 ms, used_size=1892352 bytes (4.6%)
(RDMA_READ_CONSUME_CHECK_CONSUMER) timestamp=397 ms, used_size=1890304 bytes (4.6%)
(RDMA_READ_CONSUME_CHECK_CONSUMER) timestamp=397 ms, used_size=1888256 bytes (4.6%)
(RDMA_READ_CONSUME_CHECK_CONSUMER) timestamp=397 ms, used_size=1886208 bytes (4.6%)
(RDMA_READ_CONSUME_CHECK_CONSUMER) timestamp=397 ms, used_size=1884160 bytes (4.6%)
(RDMA_READ_CONSUME_CHECK_CONSUMER) timestamp=397 ms, used_size=1882112 bytes (4.6%)
(RDMA_READ_CONSUME_CHECK_CONSUMER) timestamp=397 ms, used_size=1880064 bytes (4.6%)
(RDMA_READ_CONSUME_CHECK_CONSUMER) timestamp=397 ms, used_size=1878016 bytes (4.6%)
(RDMA_READ_CONSUME_CHECK_CONSUMER) timestamp=397 ms, used_size=1875968 bytes (4.6%)
(RDMA_READ_CONSUME_CHECK_CONSUMER) timestamp=397 ms, used_size=1873920 bytes (4.6%)
(RDMA_READ_CONSUME_CHECK_CONSUMER) timestamp=397 ms, used_size=1871872 bytes (4.6%)
(RDMA_READ_CONSUME_CHECK_CONSUMER) timestamp=397 ms, used_size=1869824 bytes (4.6%)
(RDMA_READ_CONSUME_CHECK_CONSUMER) timestamp=397 ms, used_size=1867776 bytes (4.6%)
(RDMA_READ_CONSUME_CHECK_CONSUMER) timestamp=397 ms, used_size=1865728 bytes (4.6%)
(RDMA_READ_CONSUME_CHECK_CONSUMER) timestamp=397 ms, used_size=1863680 bytes (4.5%)
(RDMA_READ_CONSUME_CHECK_CONSUMER) timestamp=397 ms, used_size=1861632 bytes (4.5%)
(RDMA_READ_CONSUME_CHECK_CONSUMER) timestamp=397 ms, used_size=1859584 bytes (4.5%)
(RDMA_READ_CONSUME_CHECK_CONSUMER) timestamp=397 ms, used_size=1857536 bytes (4.5%)
(RDMA_READ_CONSUME_CHECK_CONSUMER) timestamp=397 ms, used_size=1855488 bytes (4.5%)
(RDMA_READ_CONSUME_CHECK_CONSUMER) timestamp=397 ms, used_size=1853440 bytes (4.5%)
(RDMA_READ_CONSUME_CHECK_CONSUMER) timestamp=397 ms, used_size=1851392 bytes (4.5%)
(RDMA_READ_CONSUME_CHECK_CONSUMER) timestamp=397 ms, used_size=1849344 bytes (4.5%)
(RDMA_READ_CONSUME_CHECK_CONSUMER) timestamp=397 ms, used_size=1847296 bytes (4.5%)
(RDMA_READ_CONSUME_CHECK_CONSUMER) timestamp=397 ms, used_size=1845248 bytes (4.5%)
(RDMA_READ_CONSUME_CHECK_CONSUMER) timestamp=397 ms, used_size=1843200 bytes (4.5%)
(RDMA_READ_CONSUME_CHECK_CONSUMER) timestamp=397 ms, used_size=1841152 bytes (4.5%)
(RDMA_READ_CONSUME_CHECK_CONSUMER) timestamp=397 ms, used_size=1839104 bytes (4.5%)
(RDMA_READ_CONSUME_CHECK_CONSUMER) timestamp=397 ms, used_size=1837056 bytes (4.5%)
(RDMA_READ_CONSUME_CHECK_CONSUMER) timestamp=397 ms, used_size=1835008 bytes (4.5%)
(RDMA_READ_CONSUME_CHECK_CONSUMER) timestamp=397 ms, used_size=1832960 bytes (4.5%)
(RDMA_READ_CONSUME_CHECK_CONSUMER) timestamp=397 ms, used_size=1830912 bytes (4.5%)
(RDMA_READ_CONSUME_CHECK_CONSUMER) timestamp=397 ms, used_size=1828864 bytes (4.5%)
(RDMA_READ_CONSUME_CHECK_CONSUMER) timestamp=397 ms, used_size=1826816 bytes (4.5%)
(RDMA_READ_CONSUME_CHECK_CONSUMER) timestamp=397 ms, used_size=1824768 bytes (4.5%)
(RDMA_READ_CONSUME_CHECK_CONSUMER) timestamp=397 ms, used_size=1822720 bytes (4.5%)
(RDMA_READ_CONSUME_CHECK_CONSUMER) timestamp=397 ms, used_size=1820672 bytes (4.4%)
(RDMA_READ_CONSUME_CHECK_CONSUMER) timestamp=397 ms, used_size=1818624 bytes (4.4%)
(RDMA_READ_CONSUME_CHECK_CONSUMER) timestamp=397 ms, used_size=1816576 bytes (4.4%)
(RDMA_READ_CONSUME_CHECK_CONSUMER) timestamp=397 ms, used_size=1814528 bytes (4.4%)
(RDMA_READ_CONSUME_CHECK_CONSUMER) timestamp=397 ms, used_size=1812480 bytes (4.4%)
(RDMA_READ_CONSUME_CHECK_CONSUMER) timestamp=397 ms, used_size=1810432 bytes (4.4%)
(RDMA_READ_CONSUME_CHECK_CONSUMER) timestamp=397 ms, used_size=1808384 bytes (4.4%)
(RDMA_READ_CONSUME_CHECK_CONSUMER) timestamp=397 ms, used_size=1806336 bytes (4.4%)
(RDMA_READ_CONSUME_CHECK_CONSUMER) timestamp=397 ms, used_size=1804288 bytes (4.4%)
(RDMA_READ_CONSUME_CHECK_CONSUMER) timestamp=397 ms, used_size=1802240 bytes (4.4%)
(RDMA_READ_CONSUME_CHECK_CONSUMER) timestamp=397 ms, used_size=1800192 bytes (4.4%)
(RDMA_READ_CONSUME_CHECK_CONSUMER) timestamp=397 ms, used_size=1798144 bytes (4.4%)
(RDMA_READ_CONSUME_CHECK_CONSUMER) timestamp=397 ms, used_size=1796096 bytes (4.4%)
(RDMA_READ_CONSUME_CHECK_CONSUMER) timestamp=397 ms, used_size=1794048 bytes (4.4%)
(RDMA_READ_CONSUME_CHECK_CONSUMER) timestamp=397 ms, used_size=1792000 bytes (4.4%)
(RDMA_READ_CONSUME_CHECK_CONSUMER) timestamp=397 ms, used_size=1789952 bytes (4.4%)
(RDMA_READ_CONSUME_CHECK_CONSUMER) timestamp=397 ms, used_size=1787904 bytes (4.4%)
(RDMA_READ_CONSUME_CHECK_CONSUMER) timestamp=397 ms, used_size=1785856 bytes (4.4%)
(RDMA_READ_CONSUME_CHECK_CONSUMER) timestamp=397 ms, used_size=1783808 bytes (4.4%)
(RDMA_READ_CONSUME_CHECK_CONSUMER) timestamp=397 ms, used_size=1781760 bytes (4.3%)
(RDMA_READ_CONSUME_CHECK_CONSUMER) timestamp=397 ms, used_size=1779712 bytes (4.3%)
(RDMA_READ_CONSUME_CHECK_CONSUMER) timestamp=397 ms, used_size=1777664 bytes (4.3%)
(RDMA_READ_CONSUME_CHECK_CONSUMER) timestamp=397 ms, used_size=1775616 bytes (4.3%)
(RDMA_READ_CONSUME_CHECK_CONSUMER) timestamp=397 ms, used_size=1773568 bytes (4.3%)
(RDMA_READ_CONSUME_CHECK_CONSUMER) timestamp=397 ms, used_size=1771520 bytes (4.3%)
(RDMA_READ_CONSUME_CHECK_CONSUMER) timestamp=397 ms, used_size=1769472 bytes (4.3%)
(RDMA_READ_CONSUME_CHECK_CONSUMER) timestamp=397 ms, used_size=1767424 bytes (4.3%)
(RDMA_READ_CONSUME_CHECK_CONSUMER) timestamp=397 ms, used_size=1765376 bytes (4.3%)
(RDMA_READ_CONSUME_CHECK_CONSUMER) timestamp=397 ms, used_size=1763328 bytes (4.3%)
(RDMA_READ_CONSUME_CHECK_CONSUMER) timestamp=397 ms, used_size=1761280 bytes (4.3%)
(RDMA_READ_CONSUME_CHECK_CONSUMER) timestamp=397 ms, used_size=1759232 bytes (4.3%)
(RDMA_READ_CONSUME_CHECK_CONSUMER) timestamp=397 ms, used_size=1757184 bytes (4.3%)
(RDMA_READ_CONSUME_CHECK_CONSUMER) timestamp=397 ms, used_size=1755136 bytes (4.3%)
(RDMA_READ_CONSUME_CHECK_CONSUMER) timestamp=397 ms, used_size=1753088 bytes (4.3%)
(RDMA_READ_CONSUME_CHECK_CONSUMER) timestamp=397 ms, used_size=1751040 bytes (4.3%)
(RDMA_READ_CONSUME_CHECK_CONSUMER) timestamp=397 ms, used_size=1748992 bytes (4.3%)
(RDMA_READ_CONSUME_CHECK_CONSUMER) timestamp=397 ms, used_size=1746944 bytes (4.3%)
(RDMA_READ_CONSUME_CHECK_CONSUMER) timestamp=397 ms, used_size=1744896 bytes (4.3%)
(RDMA_READ_CONSUME_CHECK_CONSUMER) timestamp=397 ms, used_size=1742848 bytes (4.3%)
(RDMA_READ_CONSUME_CHECK_CONSUMER) timestamp=397 ms, used_size=1740800 bytes (4.2%)
(RDMA_READ_CONSUME_CHECK_CONSUMER) timestamp=397 ms, used_size=1738752 bytes (4.2%)
(RDMA_READ_CONSUME_CHECK_CONSUMER) timestamp=397 ms, used_size=1736704 bytes (4.2%)
(RDMA_READ_CONSUME_CHECK_CONSUMER) timestamp=397 ms, used_size=1734656 bytes (4.2%)
(RDMA_READ_CONSUME_CHECK_CONSUMER) timestamp=397 ms, used_size=1732608 bytes (4.2%)
(RDMA_READ_CONSUME_CHECK_CONSUMER) timestamp=397 ms, used_size=1730560 bytes (4.2%)
(RDMA_READ_CONSUME_CHECK_CONSUMER) timestamp=397 ms, used_size=1728512 bytes (4.2%)
(RDMA_READ_CONSUME_CHECK_CONSUMER) timestamp=397 ms, used_size=1726464 bytes (4.2%)
(RDMA_READ_CONSUME_CHECK_CONSUMER) timestamp=397 ms, used_size=1724416 bytes (4.2%)
(RDMA_READ_CONSUME_CHECK_CONSUMER) timestamp=397 ms, used_size=1722368 bytes (4.2%)
(RDMA_READ_CONSUME_CHECK_CONSUMER) timestamp=397 ms, used_size=1720320 bytes (4.2%)
(RDMA_READ_CONSUME_CHECK_CONSUMER) timestamp=397 ms, used_size=1718272 bytes (4.2%)
(RDMA_READ_CONSUME_CHECK_CONSUMER) timestamp=397 ms, used_size=1716224 bytes (4.2%)
(RDMA_READ_CONSUME_CHECK_CONSUMER) timestamp=397 ms, used_size=1714176 bytes (4.2%)
(RDMA_READ_CONSUME_CHECK_CONSUMER) timestamp=397 ms, used_size=1712128 bytes (4.2%)
(RDMA_READ_CONSUME_CHECK_CONSUMER) timestamp=397 ms, used_size=1710080 bytes (4.2%)
(RDMA_READ_CONSUME_CHECK_CONSUMER) timestamp=397 ms, used_size=1708032 bytes (4.2%)
(RDMA_READ_CONSUME_CHECK_CONSUMER) timestamp=397 ms, used_size=1705984 bytes (4.2%)
(RDMA_READ_CONSUME_CHECK_CONSUMER) timestamp=397 ms, used_size=1703936 bytes (4.2%)
(RDMA_READ_CONSUME_CHECK_CONSUMER) timestamp=397 ms, used_size=1701888 bytes (4.2%)
(RDMA_READ_CONSUME_CHECK_CONSUMER) timestamp=397 ms, used_size=1699840 bytes (4.2%)
(RDMA_READ_CONSUME_CHECK_CONSUMER) timestamp=397 ms, used_size=1697792 bytes (4.1%)
(RDMA_READ_CONSUME_CHECK_CONSUMER) timestamp=397 ms, used_size=1695744 bytes (4.1%)
(RDMA_READ_CONSUME_CHECK_CONSUMER) timestamp=397 ms, used_size=1693696 bytes (4.1%)
(RDMA_READ_CONSUME_CHECK_CONSUMER) timestamp=397 ms, used_size=1691648 bytes (4.1%)
(RDMA_READ_CONSUME_CHECK_CONSUMER) timestamp=397 ms, used_size=1689600 bytes (4.1%)
(RDMA_READ_CONSUME_CHECK_CONSUMER) timestamp=397 ms, used_size=1687552 bytes (4.1%)
(RDMA_READ_CONSUME_CHECK_CONSUMER) timestamp=397 ms, used_size=1685504 bytes (4.1%)
(RDMA_READ_CONSUME_CHECK_CONSUMER) timestamp=397 ms, used_size=1683456 bytes (4.1%)
(RDMA_READ_CONSUME_CHECK_CONSUMER) timestamp=397 ms, used_size=1681408 bytes (4.1%)
(RDMA_READ_CONSUME_CHECK_CONSUMER) timestamp=397 ms, used_size=1679360 bytes (4.1%)
(RDMA_READ_CONSUME_CHECK_CONSUMER) timestamp=397 ms, used_size=1677312 bytes (4.1%)
(RDMA_READ_CONSUME_CHECK_CONSUMER) timestamp=397 ms, used_size=1675264 bytes (4.1%)
(RDMA_READ_CONSUME_CHECK_CONSUMER) timestamp=397 ms, used_size=1673216 bytes (4.1%)
(RDMA_READ_CONSUME_CHECK_CONSUMER) timestamp=397 ms, used_size=1671168 bytes (4.1%)
(RDMA_READ_CONSUME_CHECK_CONSUMER) timestamp=397 ms, used_size=1669120 bytes (4.1%)
(RDMA_READ_CONSUME_CHECK_CONSUMER) timestamp=397 ms, used_size=1667072 bytes (4.1%)
(RDMA_READ_CONSUME_CHECK_CONSUMER) timestamp=397 ms, used_size=1665024 bytes (4.1%)
(RDMA_READ_CONSUME_CHECK_CONSUMER) timestamp=397 ms, used_size=1662976 bytes (4.1%)
(RDMA_READ_CONSUME_CHECK_CONSUMER) timestamp=397 ms, used_size=1660928 bytes (4.1%)
(RDMA_READ_CONSUME_CHECK_CONSUMER) timestamp=397 ms, used_size=1658880 bytes (4.0%)
(RDMA_READ_CONSUME_CHECK_CONSUMER) timestamp=397 ms, used_size=1656832 bytes (4.0%)
(RDMA_READ_CONSUME_CHECK_CONSUMER) timestamp=397 ms, used_size=1654784 bytes (4.0%)
(RDMA_READ_CONSUME_CHECK_CONSUMER) timestamp=397 ms, used_size=1652736 bytes (4.0%)
(RDMA_READ_CONSUME_CHECK_CONSUMER) timestamp=397 ms, used_size=1650688 bytes (4.0%)
(RDMA_READ_CONSUME_CHECK_CONSUMER) timestamp=397 ms, used_size=1648640 bytes (4.0%)
(RDMA_READ_CONSUME_CHECK_CONSUMER) timestamp=397 ms, used_size=1646592 bytes (4.0%)
(RDMA_READ_CONSUME_CHECK_CONSUMER) timestamp=398 ms, used_size=1644544 bytes (4.0%)
(RDMA_READ_CONSUME_CHECK_CONSUMER) timestamp=398 ms, used_size=1642496 bytes (4.0%)
(RDMA_READ_CONSUME_CHECK_CONSUMER) timestamp=398 ms, used_size=1640448 bytes (4.0%)
(RDMA_READ_CONSUME_CHECK_CONSUMER) timestamp=398 ms, used_size=1638400 bytes (4.0%)
(RDMA_READ_CONSUME_CHECK_CONSUMER) timestamp=398 ms, used_size=1636352 bytes (4.0%)
(RDMA_READ_CONSUME_CHECK_CONSUMER) timestamp=398 ms, used_size=1634304 bytes (4.0%)
(RDMA_READ_CONSUME_CHECK_CONSUMER) timestamp=398 ms, used_size=1632256 bytes (4.0%)
(RDMA_READ_CONSUME_CHECK_CONSUMER) timestamp=398 ms, used_size=1630208 bytes (4.0%)
(RDMA_READ_CONSUME_CHECK_CONSUMER) timestamp=398 ms, used_size=1628160 bytes (4.0%)
(RDMA_READ_CONSUME_CHECK_CONSUMER) timestamp=398 ms, used_size=1626112 bytes (4.0%)
(RDMA_READ_CONSUME_CHECK_CONSUMER) timestamp=398 ms, used_size=1624064 bytes (4.0%)
(RDMA_READ_CONSUME_CHECK_CONSUMER) timestamp=398 ms, used_size=1622016 bytes (4.0%)
(RDMA_READ_CONSUME_CHECK_CONSUMER) timestamp=398 ms, used_size=1619968 bytes (4.0%)
(RDMA_READ_CONSUME_CHECK_CONSUMER) timestamp=398 ms, used_size=1617920 bytes (4.0%)
(RDMA_READ_CONSUME_CHECK_CONSUMER) timestamp=398 ms, used_size=1615872 bytes (3.9%)
(RDMA_READ_CONSUME_CHECK_CONSUMER) timestamp=398 ms, used_size=1613824 bytes (3.9%)
(RDMA_READ_CONSUME_CHECK_CONSUMER) timestamp=398 ms, used_size=1611776 bytes (3.9%)
(RDMA_READ_CONSUME_CHECK_CONSUMER) timestamp=398 ms, used_size=1609728 bytes (3.9%)
(RDMA_READ_CONSUME_CHECK_CONSUMER) timestamp=398 ms, used_size=1607680 bytes (3.9%)
(RDMA_READ_CONSUME_CHECK_CONSUMER) timestamp=398 ms, used_size=1605632 bytes (3.9%)
(RDMA_READ_CONSUME_CHECK_CONSUMER) timestamp=398 ms, used_size=1603584 bytes (3.9%)
(RDMA_READ_CONSUME_CHECK_CONSUMER) timestamp=398 ms, used_size=1601536 bytes (3.9%)
(RDMA_READ_CONSUME_CHECK_CONSUMER) timestamp=398 ms, used_size=1599488 bytes (3.9%)
(RDMA_READ_CONSUME_CHECK_CONSUMER) timestamp=398 ms, used_size=1597440 bytes (3.9%)
(RDMA_READ_CONSUME_CHECK_CONSUMER) timestamp=398 ms, used_size=1595392 bytes (3.9%)
(RDMA_READ_CONSUME_CHECK_CONSUMER) timestamp=398 ms, used_size=1593344 bytes (3.9%)
(RDMA_READ_CONSUME_CHECK_CONSUMER) timestamp=398 ms, used_size=1591296 bytes (3.9%)
(RDMA_READ_CONSUME_CHECK_CONSUMER) timestamp=398 ms, used_size=1589248 bytes (3.9%)
(RDMA_READ_CONSUME_CHECK_CONSUMER) timestamp=398 ms, used_size=1587200 bytes (3.9%)
(RDMA_READ_CONSUME_CHECK_CONSUMER) timestamp=398 ms, used_size=1585152 bytes (3.9%)
(RDMA_READ_CONSUME_CHECK_CONSUMER) timestamp=398 ms, used_size=1583104 bytes (3.9%)
(RDMA_READ_CONSUME_CHECK_CONSUMER) timestamp=398 ms, used_size=1581056 bytes (3.9%)
(RDMA_READ_CONSUME_CHECK_CONSUMER) timestamp=398 ms, used_size=1579008 bytes (3.9%)
(RDMA_READ_CONSUME_CHECK_CONSUMER) timestamp=398 ms, used_size=1576960 bytes (3.9%)
(RDMA_READ_CONSUME_CHECK_CONSUMER) timestamp=398 ms, used_size=1574912 bytes (3.8%)
(RDMA_READ_CONSUME_CHECK_CONSUMER) timestamp=398 ms, used_size=1572864 bytes (3.8%)
(RDMA_READ_CONSUME_CHECK_CONSUMER) timestamp=398 ms, used_size=1570816 bytes (3.8%)
(RDMA_READ_CONSUME_CHECK_CONSUMER) timestamp=398 ms, used_size=1568768 bytes (3.8%)
(RDMA_READ_CONSUME_CHECK_CONSUMER) timestamp=398 ms, used_size=1566720 bytes (3.8%)
(RDMA_READ_CONSUME_CHECK_CONSUMER) timestamp=398 ms, used_size=1564672 bytes (3.8%)
(RDMA_READ_CONSUME_CHECK_CONSUMER) timestamp=398 ms, used_size=1562624 bytes (3.8%)
(RDMA_READ_CONSUME_CHECK_CONSUMER) timestamp=398 ms, used_size=1560576 bytes (3.8%)
(RDMA_READ_CONSUME_CHECK_CONSUMER) timestamp=398 ms, used_size=1558528 bytes (3.8%)
(RDMA_READ_CONSUME_CHECK_CONSUMER) timestamp=398 ms, used_size=1556480 bytes (3.8%)
(RDMA_READ_CONSUME_CHECK_CONSUMER) timestamp=398 ms, used_size=1554432 bytes (3.8%)
(RDMA_READ_CONSUME_CHECK_CONSUMER) timestamp=398 ms, used_size=1552384 bytes (3.8%)
(RDMA_READ_CONSUME_CHECK_CONSUMER) timestamp=398 ms, used_size=1550336 bytes (3.8%)
(RDMA_READ_CONSUME_CHECK_CONSUMER) timestamp=398 ms, used_size=1548288 bytes (3.8%)
(RDMA_READ_CONSUME_CHECK_CONSUMER) timestamp=398 ms, used_size=1546240 bytes (3.8%)
(RDMA_READ_CONSUME_CHECK_CONSUMER) timestamp=398 ms, used_size=1544192 bytes (3.8%)
(RDMA_READ_CONSUME_CHECK_CONSUMER) timestamp=398 ms, used_size=1542144 bytes (3.8%)
(RDMA_READ_CONSUME_CHECK_CONSUMER) timestamp=398 ms, used_size=1540096 bytes (3.8%)
(RDMA_READ_CONSUME_CHECK_CONSUMER) timestamp=398 ms, used_size=1538048 bytes (3.8%)
(RDMA_READ_CONSUME_CHECK_CONSUMER) timestamp=398 ms, used_size=1536000 bytes (3.8%)
(RDMA_READ_CONSUME_CHECK_CONSUMER) timestamp=398 ms, used_size=1533952 bytes (3.7%)
(RDMA_READ_CONSUME_CHECK_CONSUMER) timestamp=398 ms, used_size=1531904 bytes (3.7%)
(RDMA_READ_CONSUME_CHECK_CONSUMER) timestamp=398 ms, used_size=1529856 bytes (3.7%)
(RDMA_READ_CONSUME_CHECK_CONSUMER) timestamp=398 ms, used_size=1527808 bytes (3.7%)
(RDMA_READ_CONSUME_CHECK_CONSUMER) timestamp=398 ms, used_size=1525760 bytes (3.7%)
(RDMA_READ_CONSUME_CHECK_CONSUMER) timestamp=398 ms, used_size=1523712 bytes (3.7%)
(RDMA_READ_CONSUME_CHECK_CONSUMER) timestamp=398 ms, used_size=1521664 bytes (3.7%)
(RDMA_READ_CONSUME_CHECK_CONSUMER) timestamp=398 ms, used_size=1519616 bytes (3.7%)
(RDMA_READ_CONSUME_CHECK_CONSUMER) timestamp=398 ms, used_size=1517568 bytes (3.7%)
(RDMA_READ_CONSUME_CHECK_CONSUMER) timestamp=398 ms, used_size=1515520 bytes (3.7%)
(RDMA_READ_CONSUME_CHECK_CONSUMER) timestamp=398 ms, used_size=1513472 bytes (3.7%)
(RDMA_READ_CONSUME_CHECK_CONSUMER) timestamp=398 ms, used_size=1511424 bytes (3.7%)
(RDMA_READ_CONSUME_CHECK_CONSUMER) timestamp=398 ms, used_size=1509376 bytes (3.7%)
(RDMA_READ_CONSUME_CHECK_CONSUMER) timestamp=398 ms, used_size=1507328 bytes (3.7%)
(RDMA_READ_CONSUME_CHECK_CONSUMER) timestamp=398 ms, used_size=1505280 bytes (3.7%)
(RDMA_READ_CONSUME_CHECK_CONSUMER) timestamp=398 ms, used_size=1503232 bytes (3.7%)
(RDMA_READ_CONSUME_CHECK_CONSUMER) timestamp=398 ms, used_size=1501184 bytes (3.7%)
(RDMA_READ_CONSUME_CHECK_CONSUMER) timestamp=398 ms, used_size=1499136 bytes (3.7%)
(RDMA_READ_CONSUME_CHECK_CONSUMER) timestamp=398 ms, used_size=1497088 bytes (3.7%)
(RDMA_READ_CONSUME_CHECK_CONSUMER) timestamp=398 ms, used_size=1495040 bytes (3.6%)
(RDMA_READ_CONSUME_CHECK_CONSUMER) timestamp=398 ms, used_size=1492992 bytes (3.6%)
(RDMA_READ_CONSUME_CHECK_CONSUMER) timestamp=398 ms, used_size=1490944 bytes (3.6%)
(RDMA_READ_CONSUME_CHECK_CONSUMER) timestamp=398 ms, used_size=1488896 bytes (3.6%)
(RDMA_READ_CONSUME_CHECK_CONSUMER) timestamp=398 ms, used_size=1486848 bytes (3.6%)
(RDMA_READ_CONSUME_CHECK_CONSUMER) timestamp=398 ms, used_size=1484800 bytes (3.6%)
(RDMA_READ_CONSUME_CHECK_CONSUMER) timestamp=398 ms, used_size=1482752 bytes (3.6%)
(RDMA_READ_CONSUME_CHECK_CONSUMER) timestamp=398 ms, used_size=1480704 bytes (3.6%)
(RDMA_READ_CONSUME_CHECK_CONSUMER) timestamp=398 ms, used_size=1478656 bytes (3.6%)
(RDMA_READ_CONSUME_CHECK_CONSUMER) timestamp=398 ms, used_size=1476608 bytes (3.6%)
(RDMA_READ_CONSUME_CHECK_CONSUMER) timestamp=398 ms, used_size=1474560 bytes (3.6%)
(RDMA_READ_CONSUME_CHECK_CONSUMER) timestamp=398 ms, used_size=1472512 bytes (3.6%)
(RDMA_READ_CONSUME_CHECK_CONSUMER) timestamp=398 ms, used_size=1470464 bytes (3.6%)
(RDMA_READ_CONSUME_CHECK_CONSUMER) timestamp=398 ms, used_size=1468416 bytes (3.6%)
(RDMA_READ_CONSUME_CHECK_CONSUMER) timestamp=398 ms, used_size=1466368 bytes (3.6%)
(RDMA_READ_CONSUME_CHECK_CONSUMER) timestamp=398 ms, used_size=1464320 bytes (3.6%)
(RDMA_READ_CONSUME_CHECK_CONSUMER) timestamp=398 ms, used_size=1462272 bytes (3.6%)
(RDMA_READ_CONSUME_CHECK_CONSUMER) timestamp=398 ms, used_size=1460224 bytes (3.6%)
(RDMA_READ_CONSUME_CHECK_CONSUMER) timestamp=398 ms, used_size=1458176 bytes (3.6%)
(RDMA_READ_CONSUME_CHECK_CONSUMER) timestamp=398 ms, used_size=1456128 bytes (3.6%)
(RDMA_READ_CONSUME_CHECK_CONSUMER) timestamp=398 ms, used_size=1454080 bytes (3.5%)
(RDMA_READ_CONSUME_CHECK_CONSUMER) timestamp=398 ms, used_size=1452032 bytes (3.5%)
(RDMA_READ_CONSUME_CHECK_CONSUMER) timestamp=398 ms, used_size=1449984 bytes (3.5%)
(RDMA_READ_CONSUME_CHECK_CONSUMER) timestamp=398 ms, used_size=1447936 bytes (3.5%)
(RDMA_READ_CONSUME_CHECK_CONSUMER) timestamp=398 ms, used_size=1445888 bytes (3.5%)
(RDMA_READ_CONSUME_CHECK_CONSUMER) timestamp=398 ms, used_size=1443840 bytes (3.5%)
(RDMA_READ_CONSUME_CHECK_CONSUMER) timestamp=398 ms, used_size=1441792 bytes (3.5%)
(RDMA_READ_CONSUME_CHECK_CONSUMER) timestamp=398 ms, used_size=1439744 bytes (3.5%)
(RDMA_READ_CONSUME_CHECK_CONSUMER) timestamp=398 ms, used_size=1437696 bytes (3.5%)
(RDMA_READ_CONSUME_CHECK_CONSUMER) timestamp=398 ms, used_size=1435648 bytes (3.5%)
(RDMA_READ_CONSUME_CHECK_CONSUMER) timestamp=398 ms, used_size=1433600 bytes (3.5%)
(RDMA_READ_CONSUME_CHECK_CONSUMER) timestamp=398 ms, used_size=1431552 bytes (3.5%)
(RDMA_READ_CONSUME_CHECK_CONSUMER) timestamp=398 ms, used_size=1429504 bytes (3.5%)
(RDMA_READ_CONSUME_CHECK_CONSUMER) timestamp=398 ms, used_size=1427456 bytes (3.5%)
(RDMA_READ_CONSUME_CHECK_CONSUMER) timestamp=398 ms, used_size=1425408 bytes (3.5%)
(RDMA_READ_CONSUME_CHECK_CONSUMER) timestamp=398 ms, used_size=1423360 bytes (3.5%)
(RDMA_READ_CONSUME_CHECK_CONSUMER) timestamp=398 ms, used_size=1421312 bytes (3.5%)
(RDMA_READ_CONSUME_CHECK_CONSUMER) timestamp=398 ms, used_size=1419264 bytes (3.5%)
(RDMA_READ_CONSUME_CHECK_CONSUMER) timestamp=398 ms, used_size=1417216 bytes (3.5%)
(RDMA_READ_CONSUME_CHECK_CONSUMER) timestamp=398 ms, used_size=1415168 bytes (3.5%)
(RDMA_READ_CONSUME_CHECK_CONSUMER) timestamp=398 ms, used_size=1413120 bytes (3.5%)
(RDMA_READ_CONSUME_CHECK_CONSUMER) timestamp=398 ms, used_size=1411072 bytes (3.4%)
(RDMA_READ_CONSUME_CHECK_CONSUMER) timestamp=398 ms, used_size=1409024 bytes (3.4%)
(RDMA_READ_CONSUME_CHECK_CONSUMER) timestamp=398 ms, used_size=1406976 bytes (3.4%)
(RDMA_READ_CONSUME_CHECK_CONSUMER) timestamp=398 ms, used_size=1404928 bytes (3.4%)
(RDMA_READ_CONSUME_CHECK_CONSUMER) timestamp=398 ms, used_size=1402880 bytes (3.4%)
(RDMA_READ_CONSUME_CHECK_CONSUMER) timestamp=398 ms, used_size=1400832 bytes (3.4%)
(RDMA_READ_CONSUME_CHECK_CONSUMER) timestamp=398 ms, used_size=1398784 bytes (3.4%)
(RDMA_READ_CONSUME_CHECK_CONSUMER) timestamp=398 ms, used_size=1396736 bytes (3.4%)
(RDMA_READ_CONSUME_CHECK_CONSUMER) timestamp=398 ms, used_size=1394688 bytes (3.4%)
(RDMA_READ_CONSUME_CHECK_CONSUMER) timestamp=398 ms, used_size=1392640 bytes (3.4%)
(RDMA_READ_CONSUME_CHECK_CONSUMER) timestamp=398 ms, used_size=1390592 bytes (3.4%)
(RDMA_READ_CONSUME_CHECK_CONSUMER) timestamp=398 ms, used_size=1388544 bytes (3.4%)
(RDMA_READ_CONSUME_CHECK_CONSUMER) timestamp=398 ms, used_size=1386496 bytes (3.4%)
(RDMA_READ_CONSUME_CHECK_CONSUMER) timestamp=398 ms, used_size=1384448 bytes (3.4%)
(RDMA_READ_CONSUME_CHECK_CONSUMER) timestamp=398 ms, used_size=1382400 bytes (3.4%)
(RDMA_READ_CONSUME_CHECK_CONSUMER) timestamp=398 ms, used_size=1380352 bytes (3.4%)
(RDMA_READ_CONSUME_CHECK_CONSUMER) timestamp=398 ms, used_size=1378304 bytes (3.4%)
(RDMA_READ_CONSUME_CHECK_CONSUMER) timestamp=398 ms, used_size=1376256 bytes (3.4%)
(RDMA_READ_CONSUME_CHECK_CONSUMER) timestamp=398 ms, used_size=1374208 bytes (3.4%)
(RDMA_READ_CONSUME_CHECK_CONSUMER) timestamp=398 ms, used_size=1372160 bytes (3.4%)
(RDMA_READ_CONSUME_CHECK_CONSUMER) timestamp=398 ms, used_size=1370112 bytes (3.3%)
(RDMA_READ_CONSUME_CHECK_CONSUMER) timestamp=398 ms, used_size=1368064 bytes (3.3%)
(RDMA_READ_CONSUME_CHECK_CONSUMER) timestamp=398 ms, used_size=1366016 bytes (3.3%)
(RDMA_READ_CONSUME_CHECK_CONSUMER) timestamp=398 ms, used_size=1363968 bytes (3.3%)
(RDMA_READ_CONSUME_CHECK_CONSUMER) timestamp=398 ms, used_size=1361920 bytes (3.3%)
(RDMA_READ_CONSUME_CHECK_CONSUMER) timestamp=398 ms, used_size=1359872 bytes (3.3%)
(RDMA_READ_CONSUME_CHECK_CONSUMER) timestamp=398 ms, used_size=1357824 bytes (3.3%)
(RDMA_READ_CONSUME_CHECK_CONSUMER) timestamp=398 ms, used_size=1355776 bytes (3.3%)
(RDMA_READ_CONSUME_CHECK_CONSUMER) timestamp=398 ms, used_size=1353728 bytes (3.3%)
(RDMA_READ_CONSUME_CHECK_CONSUMER) timestamp=398 ms, used_size=1351680 bytes (3.3%)
(RDMA_READ_CONSUME_CHECK_CONSUMER) timestamp=398 ms, used_size=1349632 bytes (3.3%)
(RDMA_READ_CONSUME_CHECK_CONSUMER) timestamp=398 ms, used_size=1347584 bytes (3.3%)
(RDMA_READ_CONSUME_CHECK_CONSUMER) timestamp=398 ms, used_size=1345536 bytes (3.3%)
(RDMA_READ_CONSUME_CHECK_CONSUMER) timestamp=398 ms, used_size=1343488 bytes (3.3%)
(RDMA_READ_CONSUME_CHECK_CONSUMER) timestamp=398 ms, used_size=1341440 bytes (3.3%)
(RDMA_READ_CONSUME_CHECK_CONSUMER) timestamp=398 ms, used_size=1339392 bytes (3.3%)
(RDMA_READ_CONSUME_CHECK_CONSUMER) timestamp=398 ms, used_size=1337344 bytes (3.3%)
(RDMA_READ_CONSUME_CHECK_CONSUMER) timestamp=398 ms, used_size=1335296 bytes (3.3%)
(RDMA_READ_CONSUME_CHECK_CONSUMER) timestamp=398 ms, used_size=1333248 bytes (3.3%)
(RDMA_READ_CONSUME_CHECK_CONSUMER) timestamp=398 ms, used_size=1331200 bytes (3.2%)
(RDMA_READ_CONSUME_CHECK_CONSUMER) timestamp=398 ms, used_size=1329152 bytes (3.2%)
(RDMA_READ_CONSUME_CHECK_CONSUMER) timestamp=398 ms, used_size=1327104 bytes (3.2%)
(RDMA_READ_CONSUME_CHECK_CONSUMER) timestamp=398 ms, used_size=1325056 bytes (3.2%)
(RDMA_READ_CONSUME_CHECK_CONSUMER) timestamp=398 ms, used_size=1323008 bytes (3.2%)
(RDMA_READ_CONSUME_CHECK_CONSUMER) timestamp=398 ms, used_size=1320960 bytes (3.2%)
(RDMA_READ_CONSUME_CHECK_CONSUMER) timestamp=398 ms, used_size=1318912 bytes (3.2%)
(RDMA_READ_CONSUME_CHECK_CONSUMER) timestamp=398 ms, used_size=1316864 bytes (3.2%)
(RDMA_READ_CONSUME_CHECK_CONSUMER) timestamp=398 ms, used_size=1314816 bytes (3.2%)
(RDMA_READ_CONSUME_CHECK_CONSUMER) timestamp=398 ms, used_size=1312768 bytes (3.2%)
(RDMA_READ_CONSUME_CHECK_CONSUMER) timestamp=398 ms, used_size=1310720 bytes (3.2%)
(RDMA_READ_CONSUME_CHECK_CONSUMER) timestamp=398 ms, used_size=1308672 bytes (3.2%)
(RDMA_READ_CONSUME_CHECK_CONSUMER) timestamp=398 ms, used_size=1306624 bytes (3.2%)
(RDMA_READ_CONSUME_CHECK_CONSUMER) timestamp=398 ms, used_size=1304576 bytes (3.2%)
(RDMA_READ_CONSUME_CHECK_CONSUMER) timestamp=398 ms, used_size=1302528 bytes (3.2%)
(RDMA_READ_CONSUME_CHECK_CONSUMER) timestamp=398 ms, used_size=1300480 bytes (3.2%)
(RDMA_READ_CONSUME_CHECK_CONSUMER) timestamp=398 ms, used_size=1298432 bytes (3.2%)
(RDMA_READ_CONSUME_CHECK_CONSUMER) timestamp=398 ms, used_size=1296384 bytes (3.2%)
(RDMA_READ_CONSUME_CHECK_CONSUMER) timestamp=398 ms, used_size=1294336 bytes (3.2%)
(RDMA_READ_CONSUME_CHECK_CONSUMER) timestamp=398 ms, used_size=1292288 bytes (3.2%)
(RDMA_READ_CONSUME_CHECK_CONSUMER) timestamp=398 ms, used_size=1290240 bytes (3.1%)
(RDMA_READ_CONSUME_CHECK_CONSUMER) timestamp=398 ms, used_size=1288192 bytes (3.1%)
(RDMA_READ_CONSUME_CHECK_CONSUMER) timestamp=398 ms, used_size=1286144 bytes (3.1%)
(RDMA_READ_CONSUME_CHECK_CONSUMER) timestamp=398 ms, used_size=1284096 bytes (3.1%)
(RDMA_READ_CONSUME_CHECK_CONSUMER) timestamp=398 ms, used_size=1282048 bytes (3.1%)
(RDMA_READ_CONSUME_CHECK_CONSUMER) timestamp=398 ms, used_size=1280000 bytes (3.1%)
(RDMA_READ_CONSUME_CHECK_CONSUMER) timestamp=398 ms, used_size=1277952 bytes (3.1%)
(RDMA_READ_CONSUME_CHECK_CONSUMER) timestamp=398 ms, used_size=1275904 bytes (3.1%)
(RDMA_READ_CONSUME_CHECK_CONSUMER) timestamp=398 ms, used_size=1273856 bytes (3.1%)
(RDMA_READ_CONSUME_CHECK_CONSUMER) timestamp=398 ms, used_size=1271808 bytes (3.1%)
(RDMA_READ_CONSUME_CHECK_CONSUMER) timestamp=398 ms, used_size=1269760 bytes (3.1%)
(RDMA_READ_CONSUME_CHECK_CONSUMER) timestamp=398 ms, used_size=1267712 bytes (3.1%)
(RDMA_READ_CONSUME_CHECK_CONSUMER) timestamp=398 ms, used_size=1265664 bytes (3.1%)
(RDMA_READ_CONSUME_CHECK_CONSUMER) timestamp=398 ms, used_size=1263616 bytes (3.1%)
(RDMA_READ_CONSUME_CHECK_CONSUMER) timestamp=398 ms, used_size=1261568 bytes (3.1%)
(RDMA_READ_CONSUME_CHECK_CONSUMER) timestamp=398 ms, used_size=1259520 bytes (3.1%)
(RDMA_READ_CONSUME_CHECK_CONSUMER) timestamp=399 ms, used_size=1257472 bytes (3.1%)
(RDMA_READ_CONSUME_CHECK_CONSUMER) timestamp=399 ms, used_size=1255424 bytes (3.1%)
(RDMA_READ_CONSUME_CHECK_CONSUMER) timestamp=399 ms, used_size=1253376 bytes (3.1%)
(RDMA_READ_CONSUME_CHECK_CONSUMER) timestamp=399 ms, used_size=1251328 bytes (3.1%)
(RDMA_READ_CONSUME_CHECK_CONSUMER) timestamp=399 ms, used_size=1249280 bytes (3.0%)
(RDMA_READ_CONSUME_CHECK_CONSUMER) timestamp=399 ms, used_size=1247232 bytes (3.0%)
(RDMA_READ_CONSUME_CHECK_CONSUMER) timestamp=399 ms, used_size=1245184 bytes (3.0%)
(RDMA_READ_CONSUME_CHECK_CONSUMER) timestamp=399 ms, used_size=1243136 bytes (3.0%)
(RDMA_READ_CONSUME_CHECK_CONSUMER) timestamp=399 ms, used_size=1241088 bytes (3.0%)
(RDMA_READ_CONSUME_CHECK_CONSUMER) timestamp=399 ms, used_size=1239040 bytes (3.0%)
(RDMA_READ_CONSUME_CHECK_CONSUMER) timestamp=399 ms, used_size=1236992 bytes (3.0%)
(RDMA_READ_CONSUME_CHECK_CONSUMER) timestamp=399 ms, used_size=1234944 bytes (3.0%)
(RDMA_READ_CONSUME_CHECK_CONSUMER) timestamp=399 ms, used_size=1232896 bytes (3.0%)
(RDMA_READ_CONSUME_CHECK_CONSUMER) timestamp=399 ms, used_size=1230848 bytes (3.0%)
(RDMA_READ_CONSUME_CHECK_CONSUMER) timestamp=399 ms, used_size=1228800 bytes (3.0%)
(RDMA_READ_CONSUME_CHECK_CONSUMER) timestamp=399 ms, used_size=1226752 bytes (3.0%)
(RDMA_READ_CONSUME_CHECK_CONSUMER) timestamp=399 ms, used_size=1224704 bytes (3.0%)
(RDMA_READ_CONSUME_CHECK_CONSUMER) timestamp=399 ms, used_size=1222656 bytes (3.0%)
(RDMA_READ_CONSUME_CHECK_CONSUMER) timestamp=399 ms, used_size=1220608 bytes (3.0%)
(RDMA_READ_CONSUME_CHECK_CONSUMER) timestamp=399 ms, used_size=1218560 bytes (3.0%)
(RDMA_READ_CONSUME_CHECK_CONSUMER) timestamp=399 ms, used_size=1216512 bytes (3.0%)
(RDMA_READ_CONSUME_CHECK_CONSUMER) timestamp=399 ms, used_size=1214464 bytes (3.0%)
(RDMA_READ_CONSUME_CHECK_CONSUMER) timestamp=399 ms, used_size=1212416 bytes (3.0%)
(RDMA_READ_CONSUME_CHECK_CONSUMER) timestamp=399 ms, used_size=1210368 bytes (3.0%)
(RDMA_READ_CONSUME_CHECK_CONSUMER) timestamp=399 ms, used_size=1208320 bytes (3.0%)
(RDMA_READ_CONSUME_CHECK_CONSUMER) timestamp=399 ms, used_size=1206272 bytes (2.9%)
(RDMA_READ_CONSUME_CHECK_CONSUMER) timestamp=399 ms, used_size=1204224 bytes (2.9%)
(RDMA_READ_CONSUME_CHECK_CONSUMER) timestamp=399 ms, used_size=1202176 bytes (2.9%)
(RDMA_READ_CONSUME_CHECK_CONSUMER) timestamp=399 ms, used_size=1200128 bytes (2.9%)
(RDMA_READ_CONSUME_CHECK_CONSUMER) timestamp=399 ms, used_size=1198080 bytes (2.9%)
(RDMA_READ_CONSUME_CHECK_CONSUMER) timestamp=399 ms, used_size=1196032 bytes (2.9%)
(RDMA_READ_CONSUME_CHECK_CONSUMER) timestamp=399 ms, used_size=1193984 bytes (2.9%)
(RDMA_READ_CONSUME_CHECK_CONSUMER) timestamp=399 ms, used_size=1191936 bytes (2.9%)
(RDMA_READ_CONSUME_CHECK_CONSUMER) timestamp=399 ms, used_size=1189888 bytes (2.9%)
(RDMA_READ_CONSUME_CHECK_CONSUMER) timestamp=399 ms, used_size=1187840 bytes (2.9%)
(RDMA_READ_CONSUME_CHECK_CONSUMER) timestamp=399 ms, used_size=1185792 bytes (2.9%)
(RDMA_READ_CONSUME_CHECK_CONSUMER) timestamp=399 ms, used_size=1183744 bytes (2.9%)
(RDMA_READ_CONSUME_CHECK_CONSUMER) timestamp=399 ms, used_size=1181696 bytes (2.9%)
(RDMA_READ_CONSUME_CHECK_CONSUMER) timestamp=399 ms, used_size=1179648 bytes (2.9%)
(RDMA_READ_CONSUME_CHECK_CONSUMER) timestamp=399 ms, used_size=1177600 bytes (2.9%)
(RDMA_READ_CONSUME_CHECK_CONSUMER) timestamp=399 ms, used_size=1175552 bytes (2.9%)
(RDMA_READ_CONSUME_CHECK_CONSUMER) timestamp=399 ms, used_size=1173504 bytes (2.9%)
(RDMA_READ_CONSUME_CHECK_CONSUMER) timestamp=399 ms, used_size=1171456 bytes (2.9%)
(RDMA_READ_CONSUME_CHECK_CONSUMER) timestamp=399 ms, used_size=1169408 bytes (2.9%)
(RDMA_READ_CONSUME_CHECK_CONSUMER) timestamp=399 ms, used_size=1167360 bytes (2.9%)
(RDMA_READ_CONSUME_CHECK_CONSUMER) timestamp=399 ms, used_size=1165312 bytes (2.8%)
(RDMA_READ_CONSUME_CHECK_CONSUMER) timestamp=399 ms, used_size=1163264 bytes (2.8%)
(RDMA_READ_CONSUME_CHECK_CONSUMER) timestamp=399 ms, used_size=1161216 bytes (2.8%)
(RDMA_READ_CONSUME_CHECK_CONSUMER) timestamp=399 ms, used_size=1159168 bytes (2.8%)
(RDMA_READ_CONSUME_CHECK_CONSUMER) timestamp=399 ms, used_size=1157120 bytes (2.8%)
(RDMA_READ_CONSUME_CHECK_CONSUMER) timestamp=399 ms, used_size=1155072 bytes (2.8%)
(RDMA_READ_CONSUME_CHECK_CONSUMER) timestamp=399 ms, used_size=1153024 bytes (2.8%)
(RDMA_READ_CONSUME_CHECK_CONSUMER) timestamp=399 ms, used_size=1150976 bytes (2.8%)
(RDMA_READ_CONSUME_CHECK_CONSUMER) timestamp=399 ms, used_size=1148928 bytes (2.8%)
(RDMA_READ_CONSUME_CHECK_CONSUMER) timestamp=399 ms, used_size=1146880 bytes (2.8%)
(RDMA_READ_CONSUME_CHECK_CONSUMER) timestamp=399 ms, used_size=1144832 bytes (2.8%)
(RDMA_READ_CONSUME_CHECK_CONSUMER) timestamp=399 ms, used_size=1142784 bytes (2.8%)
(RDMA_READ_CONSUME_CHECK_CONSUMER) timestamp=399 ms, used_size=1140736 bytes (2.8%)
(RDMA_READ_CONSUME_CHECK_CONSUMER) timestamp=399 ms, used_size=1138688 bytes (2.8%)
(RDMA_READ_CONSUME_CHECK_CONSUMER) timestamp=399 ms, used_size=1136640 bytes (2.8%)
(RDMA_READ_CONSUME_CHECK_CONSUMER) timestamp=399 ms, used_size=1134592 bytes (2.8%)
(RDMA_READ_CONSUME_CHECK_CONSUMER) timestamp=399 ms, used_size=1132544 bytes (2.8%)
(RDMA_READ_CONSUME_CHECK_CONSUMER) timestamp=399 ms, used_size=1130496 bytes (2.8%)
(RDMA_READ_CONSUME_CHECK_CONSUMER) timestamp=399 ms, used_size=1128448 bytes (2.8%)
(RDMA_READ_CONSUME_CHECK_CONSUMER) timestamp=399 ms, used_size=1126400 bytes (2.8%)
(RDMA_READ_CONSUME_CHECK_CONSUMER) timestamp=399 ms, used_size=1124352 bytes (2.7%)
(RDMA_READ_CONSUME_CHECK_CONSUMER) timestamp=399 ms, used_size=1122304 bytes (2.7%)
(RDMA_READ_CONSUME_CHECK_CONSUMER) timestamp=399 ms, used_size=1120256 bytes (2.7%)
(RDMA_READ_CONSUME_CHECK_CONSUMER) timestamp=399 ms, used_size=1118208 bytes (2.7%)
(RDMA_READ_CONSUME_CHECK_CONSUMER) timestamp=399 ms, used_size=1116160 bytes (2.7%)
(RDMA_READ_CONSUME_CHECK_CONSUMER) timestamp=399 ms, used_size=1114112 bytes (2.7%)
(RDMA_READ_CONSUME_CHECK_CONSUMER) timestamp=399 ms, used_size=1112064 bytes (2.7%)
(RDMA_READ_CONSUME_CHECK_CONSUMER) timestamp=399 ms, used_size=1110016 bytes (2.7%)
(RDMA_READ_CONSUME_CHECK_CONSUMER) timestamp=399 ms, used_size=1107968 bytes (2.7%)
(RDMA_READ_CONSUME_CHECK_CONSUMER) timestamp=399 ms, used_size=1105920 bytes (2.7%)
(RDMA_READ_CONSUME_CHECK_CONSUMER) timestamp=399 ms, used_size=1103872 bytes (2.7%)
(RDMA_READ_CONSUME_CHECK_CONSUMER) timestamp=399 ms, used_size=1101824 bytes (2.7%)
(RDMA_READ_CONSUME_CHECK_CONSUMER) timestamp=399 ms, used_size=1099776 bytes (2.7%)
(RDMA_READ_CONSUME_CHECK_CONSUMER) timestamp=399 ms, used_size=1097728 bytes (2.7%)
(RDMA_READ_CONSUME_CHECK_CONSUMER) timestamp=399 ms, used_size=1095680 bytes (2.7%)
(RDMA_READ_CONSUME_CHECK_CONSUMER) timestamp=399 ms, used_size=1093632 bytes (2.7%)
(RDMA_READ_CONSUME_CHECK_CONSUMER) timestamp=399 ms, used_size=1091584 bytes (2.7%)
(RDMA_READ_CONSUME_CHECK_CONSUMER) timestamp=399 ms, used_size=1089536 bytes (2.7%)
(RDMA_READ_CONSUME_CHECK_CONSUMER) timestamp=399 ms, used_size=1087488 bytes (2.7%)
(RDMA_READ_CONSUME_CHECK_CONSUMER) timestamp=399 ms, used_size=1085440 bytes (2.6%)
(RDMA_READ_CONSUME_CHECK_CONSUMER) timestamp=399 ms, used_size=1083392 bytes (2.6%)
(RDMA_READ_CONSUME_CHECK_CONSUMER) timestamp=399 ms, used_size=1081344 bytes (2.6%)
(RDMA_READ_CONSUME_CHECK_CONSUMER) timestamp=399 ms, used_size=1079296 bytes (2.6%)
(RDMA_READ_CONSUME_CHECK_CONSUMER) timestamp=399 ms, used_size=1077248 bytes (2.6%)
(RDMA_READ_CONSUME_CHECK_CONSUMER) timestamp=399 ms, used_size=1075200 bytes (2.6%)
(RDMA_READ_CONSUME_CHECK_CONSUMER) timestamp=399 ms, used_size=1073152 bytes (2.6%)
(RDMA_READ_CONSUME_CHECK_CONSUMER) timestamp=399 ms, used_size=1071104 bytes (2.6%)
(RDMA_READ_CONSUME_CHECK_CONSUMER) timestamp=399 ms, used_size=1069056 bytes (2.6%)
(RDMA_READ_CONSUME_CHECK_CONSUMER) timestamp=399 ms, used_size=1067008 bytes (2.6%)
(RDMA_READ_CONSUME_CHECK_CONSUMER) timestamp=399 ms, used_size=1064960 bytes (2.6%)
(RDMA_READ_CONSUME_CHECK_CONSUMER) timestamp=399 ms, used_size=1062912 bytes (2.6%)
(RDMA_READ_CONSUME_CHECK_CONSUMER) timestamp=399 ms, used_size=1060864 bytes (2.6%)
(RDMA_READ_CONSUME_CHECK_CONSUMER) timestamp=399 ms, used_size=1058816 bytes (2.6%)
(RDMA_READ_CONSUME_CHECK_CONSUMER) timestamp=399 ms, used_size=1056768 bytes (2.6%)
(RDMA_READ_CONSUME_CHECK_CONSUMER) timestamp=399 ms, used_size=1054720 bytes (2.6%)
(RDMA_READ_CONSUME_CHECK_CONSUMER) timestamp=399 ms, used_size=1052672 bytes (2.6%)
(RDMA_READ_CONSUME_CHECK_CONSUMER) timestamp=399 ms, used_size=1050624 bytes (2.6%)
(RDMA_READ_CONSUME_CHECK_CONSUMER) timestamp=399 ms, used_size=1048576 bytes (2.6%)
(RDMA_READ_CONSUME_CHECK_CONSUMER) timestamp=399 ms, used_size=1046528 bytes (2.6%)
(RDMA_READ_CONSUME_CHECK_CONSUMER) timestamp=399 ms, used_size=1044480 bytes (2.5%)
(RDMA_READ_CONSUME_CHECK_CONSUMER) timestamp=399 ms, used_size=1042432 bytes (2.5%)
(RDMA_READ_CONSUME_CHECK_CONSUMER) timestamp=399 ms, used_size=1040384 bytes (2.5%)
(RDMA_READ_CONSUME_CHECK_CONSUMER) timestamp=399 ms, used_size=1038336 bytes (2.5%)
(RDMA_READ_CONSUME_CHECK_CONSUMER) timestamp=399 ms, used_size=1036288 bytes (2.5%)
(RDMA_READ_CONSUME_CHECK_CONSUMER) timestamp=399 ms, used_size=1034240 bytes (2.5%)
(RDMA_READ_CONSUME_CHECK_CONSUMER) timestamp=399 ms, used_size=1032192 bytes (2.5%)
(RDMA_READ_CONSUME_CHECK_CONSUMER) timestamp=399 ms, used_size=1030144 bytes (2.5%)
(RDMA_READ_CONSUME_CHECK_CONSUMER) timestamp=399 ms, used_size=1028096 bytes (2.5%)
(RDMA_READ_CONSUME_CHECK_CONSUMER) timestamp=399 ms, used_size=1026048 bytes (2.5%)
(RDMA_READ_CONSUME_CHECK_CONSUMER) timestamp=399 ms, used_size=1024000 bytes (2.5%)
(RDMA_READ_CONSUME_CHECK_CONSUMER) timestamp=399 ms, used_size=1021952 bytes (2.5%)
(RDMA_READ_CONSUME_CHECK_CONSUMER) timestamp=399 ms, used_size=1019904 bytes (2.5%)
(RDMA_READ_CONSUME_CHECK_CONSUMER) timestamp=399 ms, used_size=1017856 bytes (2.5%)
(RDMA_READ_CONSUME_CHECK_CONSUMER) timestamp=399 ms, used_size=1015808 bytes (2.5%)
(RDMA_READ_CONSUME_CHECK_CONSUMER) timestamp=399 ms, used_size=1013760 bytes (2.5%)
(RDMA_READ_CONSUME_CHECK_CONSUMER) timestamp=399 ms, used_size=1011712 bytes (2.5%)
(RDMA_READ_CONSUME_CHECK_CONSUMER) timestamp=399 ms, used_size=1009664 bytes (2.5%)
(RDMA_READ_CONSUME_CHECK_CONSUMER) timestamp=399 ms, used_size=1007616 bytes (2.5%)
(RDMA_READ_CONSUME_CHECK_CONSUMER) timestamp=399 ms, used_size=1005568 bytes (2.5%)
(RDMA_READ_CONSUME_CHECK_CONSUMER) timestamp=399 ms, used_size=1003520 bytes (2.5%)
(RDMA_READ_CONSUME_CHECK_CONSUMER) timestamp=399 ms, used_size=1001472 bytes (2.4%)
(RDMA_READ_CONSUME_CHECK_CONSUMER) timestamp=399 ms, used_size=999424 bytes (2.4%)
(RDMA_READ_CONSUME_CHECK_CONSUMER) timestamp=399 ms, used_size=997376 bytes (2.4%)
(RDMA_READ_CONSUME_CHECK_CONSUMER) timestamp=399 ms, used_size=995328 bytes (2.4%)
(RDMA_READ_CONSUME_CHECK_CONSUMER) timestamp=399 ms, used_size=993280 bytes (2.4%)
(RDMA_READ_CONSUME_CHECK_CONSUMER) timestamp=399 ms, used_size=991232 bytes (2.4%)
(RDMA_READ_CONSUME_CHECK_CONSUMER) timestamp=399 ms, used_size=989184 bytes (2.4%)
(RDMA_READ_CONSUME_CHECK_CONSUMER) timestamp=399 ms, used_size=987136 bytes (2.4%)
(RDMA_READ_CONSUME_CHECK_CONSUMER) timestamp=399 ms, used_size=985088 bytes (2.4%)
(RDMA_READ_CONSUME_CHECK_CONSUMER) timestamp=399 ms, used_size=983040 bytes (2.4%)
(RDMA_READ_CONSUME_CHECK_CONSUMER) timestamp=399 ms, used_size=980992 bytes (2.4%)
(RDMA_READ_CONSUME_CHECK_CONSUMER) timestamp=399 ms, used_size=978944 bytes (2.4%)
(RDMA_READ_CONSUME_CHECK_CONSUMER) timestamp=399 ms, used_size=976896 bytes (2.4%)
(RDMA_READ_CONSUME_CHECK_CONSUMER) timestamp=399 ms, used_size=974848 bytes (2.4%)
(RDMA_READ_CONSUME_CHECK_CONSUMER) timestamp=399 ms, used_size=972800 bytes (2.4%)
(RDMA_READ_CONSUME_CHECK_CONSUMER) timestamp=399 ms, used_size=970752 bytes (2.4%)
(RDMA_READ_CONSUME_CHECK_CONSUMER) timestamp=399 ms, used_size=968704 bytes (2.4%)
(RDMA_READ_CONSUME_CHECK_CONSUMER) timestamp=399 ms, used_size=966656 bytes (2.4%)
(RDMA_READ_CONSUME_CHECK_CONSUMER) timestamp=399 ms, used_size=964608 bytes (2.4%)
(RDMA_READ_CONSUME_CHECK_CONSUMER) timestamp=399 ms, used_size=962560 bytes (2.4%)
(RDMA_READ_CONSUME_CHECK_CONSUMER) timestamp=399 ms, used_size=960512 bytes (2.3%)
(RDMA_READ_CONSUME_CHECK_CONSUMER) timestamp=399 ms, used_size=958464 bytes (2.3%)
(RDMA_READ_CONSUME_CHECK_CONSUMER) timestamp=399 ms, used_size=956416 bytes (2.3%)
(RDMA_READ_CONSUME_CHECK_CONSUMER) timestamp=399 ms, used_size=954368 bytes (2.3%)
(RDMA_READ_CONSUME_CHECK_CONSUMER) timestamp=399 ms, used_size=952320 bytes (2.3%)
(RDMA_READ_CONSUME_CHECK_CONSUMER) timestamp=399 ms, used_size=950272 bytes (2.3%)
(RDMA_READ_CONSUME_CHECK_CONSUMER) timestamp=399 ms, used_size=948224 bytes (2.3%)
(RDMA_READ_CONSUME_CHECK_CONSUMER) timestamp=399 ms, used_size=946176 bytes (2.3%)
(RDMA_READ_CONSUME_CHECK_CONSUMER) timestamp=399 ms, used_size=944128 bytes (2.3%)
(RDMA_READ_CONSUME_CHECK_CONSUMER) timestamp=399 ms, used_size=942080 bytes (2.3%)
(RDMA_READ_CONSUME_CHECK_CONSUMER) timestamp=399 ms, used_size=940032 bytes (2.3%)
(RDMA_READ_CONSUME_CHECK_CONSUMER) timestamp=399 ms, used_size=937984 bytes (2.3%)
(RDMA_READ_CONSUME_CHECK_CONSUMER) timestamp=399 ms, used_size=935936 bytes (2.3%)
(RDMA_READ_CONSUME_CHECK_CONSUMER) timestamp=399 ms, used_size=933888 bytes (2.3%)
(RDMA_READ_CONSUME_CHECK_CONSUMER) timestamp=399 ms, used_size=931840 bytes (2.3%)
(RDMA_READ_CONSUME_CHECK_CONSUMER) timestamp=399 ms, used_size=929792 bytes (2.3%)
(RDMA_READ_CONSUME_CHECK_CONSUMER) timestamp=399 ms, used_size=927744 bytes (2.3%)
(RDMA_READ_CONSUME_CHECK_CONSUMER) timestamp=399 ms, used_size=925696 bytes (2.3%)
(RDMA_READ_CONSUME_CHECK_CONSUMER) timestamp=399 ms, used_size=923648 bytes (2.3%)
(RDMA_READ_CONSUME_CHECK_CONSUMER) timestamp=399 ms, used_size=921600 bytes (2.2%)
(RDMA_READ_CONSUME_CHECK_CONSUMER) timestamp=399 ms, used_size=919552 bytes (2.2%)
(RDMA_READ_CONSUME_CHECK_CONSUMER) timestamp=399 ms, used_size=917504 bytes (2.2%)
(RDMA_READ_CONSUME_CHECK_CONSUMER) timestamp=399 ms, used_size=915456 bytes (2.2%)
(RDMA_READ_CONSUME_CHECK_CONSUMER) timestamp=399 ms, used_size=913408 bytes (2.2%)
(RDMA_READ_CONSUME_CHECK_CONSUMER) timestamp=399 ms, used_size=911360 bytes (2.2%)
(RDMA_READ_CONSUME_CHECK_CONSUMER) timestamp=399 ms, used_size=909312 bytes (2.2%)
(RDMA_READ_CONSUME_CHECK_CONSUMER) timestamp=399 ms, used_size=907264 bytes (2.2%)
(RDMA_READ_CONSUME_CHECK_CONSUMER) timestamp=399 ms, used_size=905216 bytes (2.2%)
(RDMA_READ_CONSUME_CHECK_CONSUMER) timestamp=399 ms, used_size=903168 bytes (2.2%)
(RDMA_READ_CONSUME_CHECK_CONSUMER) timestamp=399 ms, used_size=901120 bytes (2.2%)
(RDMA_READ_CONSUME_CHECK_CONSUMER) timestamp=399 ms, used_size=899072 bytes (2.2%)
(RDMA_READ_CONSUME_CHECK_CONSUMER) timestamp=399 ms, used_size=897024 bytes (2.2%)
(RDMA_READ_CONSUME_CHECK_CONSUMER) timestamp=399 ms, used_size=894976 bytes (2.2%)
(RDMA_READ_CONSUME_CHECK_CONSUMER) timestamp=399 ms, used_size=892928 bytes (2.2%)
(RDMA_READ_CONSUME_CHECK_CONSUMER) timestamp=399 ms, used_size=890880 bytes (2.2%)
(RDMA_READ_CONSUME_CHECK_CONSUMER) timestamp=399 ms, used_size=888832 bytes (2.2%)
(RDMA_READ_CONSUME_CHECK_CONSUMER) timestamp=399 ms, used_size=886784 bytes (2.2%)
(RDMA_READ_CONSUME_CHECK_CONSUMER) timestamp=399 ms, used_size=884736 bytes (2.2%)
(RDMA_READ_CONSUME_CHECK_CONSUMER) timestamp=399 ms, used_size=882688 bytes (2.2%)
(RDMA_READ_CONSUME_CHECK_CONSUMER) timestamp=399 ms, used_size=880640 bytes (2.1%)
(RDMA_READ_CONSUME_CHECK_CONSUMER) timestamp=400 ms, used_size=878592 bytes (2.1%)
(RDMA_READ_CONSUME_CHECK_CONSUMER) timestamp=400 ms, used_size=876544 bytes (2.1%)
(RDMA_READ_CONSUME_CHECK_CONSUMER) timestamp=400 ms, used_size=874496 bytes (2.1%)
(RDMA_READ_CONSUME_CHECK_CONSUMER) timestamp=400 ms, used_size=872448 bytes (2.1%)
(RDMA_READ_CONSUME_CHECK_CONSUMER) timestamp=400 ms, used_size=870400 bytes (2.1%)
(RDMA_READ_CONSUME_CHECK_CONSUMER) timestamp=400 ms, used_size=868352 bytes (2.1%)
(RDMA_READ_CONSUME_CHECK_CONSUMER) timestamp=400 ms, used_size=866304 bytes (2.1%)
(RDMA_READ_CONSUME_CHECK_CONSUMER) timestamp=400 ms, used_size=864256 bytes (2.1%)
(RDMA_READ_CONSUME_CHECK_CONSUMER) timestamp=400 ms, used_size=862208 bytes (2.1%)
(RDMA_READ_CONSUME_CHECK_CONSUMER) timestamp=400 ms, used_size=860160 bytes (2.1%)
(RDMA_READ_CONSUME_CHECK_CONSUMER) timestamp=400 ms, used_size=858112 bytes (2.1%)
(RDMA_READ_CONSUME_CHECK_CONSUMER) timestamp=400 ms, used_size=856064 bytes (2.1%)
(RDMA_READ_CONSUME_CHECK_CONSUMER) timestamp=400 ms, used_size=854016 bytes (2.1%)
(RDMA_READ_CONSUME_CHECK_CONSUMER) timestamp=400 ms, used_size=851968 bytes (2.1%)
(RDMA_READ_CONSUME_CHECK_CONSUMER) timestamp=400 ms, used_size=849920 bytes (2.1%)
(RDMA_READ_CONSUME_CHECK_CONSUMER) timestamp=400 ms, used_size=847872 bytes (2.1%)
(RDMA_READ_CONSUME_CHECK_CONSUMER) timestamp=400 ms, used_size=845824 bytes (2.1%)
(RDMA_READ_CONSUME_CHECK_CONSUMER) timestamp=400 ms, used_size=843776 bytes (2.1%)
(RDMA_READ_CONSUME_CHECK_CONSUMER) timestamp=400 ms, used_size=841728 bytes (2.1%)
(RDMA_READ_CONSUME_CHECK_CONSUMER) timestamp=400 ms, used_size=839680 bytes (2.0%)
(RDMA_READ_CONSUME_CHECK_CONSUMER) timestamp=400 ms, used_size=837632 bytes (2.0%)
(RDMA_READ_CONSUME_CHECK_CONSUMER) timestamp=400 ms, used_size=835584 bytes (2.0%)
(RDMA_READ_CONSUME_CHECK_CONSUMER) timestamp=400 ms, used_size=833536 bytes (2.0%)
(RDMA_READ_CONSUME_CHECK_CONSUMER) timestamp=400 ms, used_size=831488 bytes (2.0%)
(RDMA_READ_CONSUME_CHECK_CONSUMER) timestamp=400 ms, used_size=829440 bytes (2.0%)
(RDMA_READ_CONSUME_CHECK_CONSUMER) timestamp=400 ms, used_size=827392 bytes (2.0%)
(RDMA_READ_CONSUME_CHECK_CONSUMER) timestamp=400 ms, used_size=825344 bytes (2.0%)
(RDMA_READ_CONSUME_CHECK_CONSUMER) timestamp=400 ms, used_size=823296 bytes (2.0%)
(RDMA_READ_CONSUME_CHECK_CONSUMER) timestamp=400 ms, used_size=821248 bytes (2.0%)
(RDMA_READ_CONSUME_CHECK_CONSUMER) timestamp=400 ms, used_size=819200 bytes (2.0%)
(RDMA_READ_CONSUME_CHECK_CONSUMER) timestamp=400 ms, used_size=817152 bytes (2.0%)
(RDMA_READ_CONSUME_CHECK_CONSUMER) timestamp=400 ms, used_size=815104 bytes (2.0%)
(RDMA_READ_CONSUME_CHECK_CONSUMER) timestamp=400 ms, used_size=813056 bytes (2.0%)
(RDMA_READ_CONSUME_CHECK_CONSUMER) timestamp=400 ms, used_size=811008 bytes (2.0%)
(RDMA_READ_CONSUME_CHECK_CONSUMER) timestamp=400 ms, used_size=808960 bytes (2.0%)
(RDMA_READ_CONSUME_CHECK_CONSUMER) timestamp=400 ms, used_size=806912 bytes (2.0%)
(RDMA_READ_CONSUME_CHECK_CONSUMER) timestamp=400 ms, used_size=804864 bytes (2.0%)
(RDMA_READ_CONSUME_CHECK_CONSUMER) timestamp=400 ms, used_size=802816 bytes (2.0%)
(RDMA_READ_CONSUME_CHECK_CONSUMER) timestamp=400 ms, used_size=800768 bytes (2.0%)
(RDMA_READ_CONSUME_CHECK_CONSUMER) timestamp=400 ms, used_size=798720 bytes (1.9%)
(RDMA_READ_CONSUME_CHECK_CONSUMER) timestamp=400 ms, used_size=796672 bytes (1.9%)
(RDMA_READ_CONSUME_CHECK_CONSUMER) timestamp=400 ms, used_size=794624 bytes (1.9%)
(RDMA_READ_CONSUME_CHECK_CONSUMER) timestamp=400 ms, used_size=792576 bytes (1.9%)
(RDMA_READ_CONSUME_CHECK_CONSUMER) timestamp=400 ms, used_size=790528 bytes (1.9%)
(RDMA_READ_CONSUME_CHECK_CONSUMER) timestamp=400 ms, used_size=788480 bytes (1.9%)
(RDMA_READ_CONSUME_CHECK_CONSUMER) timestamp=400 ms, used_size=786432 bytes (1.9%)
(RDMA_READ_CONSUME_CHECK_CONSUMER) timestamp=400 ms, used_size=784384 bytes (1.9%)
(RDMA_READ_CONSUME_CHECK_CONSUMER) timestamp=400 ms, used_size=782336 bytes (1.9%)
(RDMA_READ_CONSUME_CHECK_CONSUMER) timestamp=400 ms, used_size=780288 bytes (1.9%)
(RDMA_READ_CONSUME_CHECK_CONSUMER) timestamp=400 ms, used_size=778240 bytes (1.9%)
(RDMA_READ_CONSUME_CHECK_CONSUMER) timestamp=400 ms, used_size=776192 bytes (1.9%)
(RDMA_READ_CONSUME_CHECK_CONSUMER) timestamp=400 ms, used_size=774144 bytes (1.9%)
(RDMA_READ_CONSUME_CHECK_CONSUMER) timestamp=400 ms, used_size=772096 bytes (1.9%)
(RDMA_READ_CONSUME_CHECK_CONSUMER) timestamp=400 ms, used_size=770048 bytes (1.9%)
(RDMA_READ_CONSUME_CHECK_CONSUMER) timestamp=400 ms, used_size=768000 bytes (1.9%)
(RDMA_READ_CONSUME_CHECK_CONSUMER) timestamp=400 ms, used_size=765952 bytes (1.9%)
(RDMA_READ_CONSUME_CHECK_CONSUMER) timestamp=400 ms, used_size=763904 bytes (1.9%)
(RDMA_READ_CONSUME_CHECK_CONSUMER) timestamp=400 ms, used_size=761856 bytes (1.9%)
(RDMA_READ_CONSUME_CHECK_CONSUMER) timestamp=400 ms, used_size=759808 bytes (1.9%)
(RDMA_READ_CONSUME_CHECK_CONSUMER) timestamp=400 ms, used_size=757760 bytes (1.9%)
(RDMA_READ_CONSUME_CHECK_CONSUMER) timestamp=400 ms, used_size=755712 bytes (1.8%)
(RDMA_READ_CONSUME_CHECK_CONSUMER) timestamp=400 ms, used_size=753664 bytes (1.8%)
(RDMA_READ_CONSUME_CHECK_CONSUMER) timestamp=400 ms, used_size=751616 bytes (1.8%)
(RDMA_READ_CONSUME_CHECK_CONSUMER) timestamp=400 ms, used_size=749568 bytes (1.8%)
(RDMA_READ_CONSUME_CHECK_CONSUMER) timestamp=400 ms, used_size=747520 bytes (1.8%)
(RDMA_READ_CONSUME_CHECK_CONSUMER) timestamp=400 ms, used_size=745472 bytes (1.8%)
(RDMA_READ_CONSUME_CHECK_CONSUMER) timestamp=400 ms, used_size=743424 bytes (1.8%)
(RDMA_READ_CONSUME_CHECK_CONSUMER) timestamp=400 ms, used_size=741376 bytes (1.8%)
(RDMA_READ_CONSUME_CHECK_CONSUMER) timestamp=400 ms, used_size=739328 bytes (1.8%)
(RDMA_READ_CONSUME_CHECK_CONSUMER) timestamp=400 ms, used_size=737280 bytes (1.8%)
(RDMA_READ_CONSUME_CHECK_CONSUMER) timestamp=400 ms, used_size=735232 bytes (1.8%)
(RDMA_READ_CONSUME_CHECK_CONSUMER) timestamp=400 ms, used_size=733184 bytes (1.8%)
(RDMA_READ_CONSUME_CHECK_CONSUMER) timestamp=400 ms, used_size=731136 bytes (1.8%)
(RDMA_READ_CONSUME_CHECK_CONSUMER) timestamp=400 ms, used_size=729088 bytes (1.8%)
(RDMA_READ_CONSUME_CHECK_CONSUMER) timestamp=400 ms, used_size=727040 bytes (1.8%)
(RDMA_READ_CONSUME_CHECK_CONSUMER) timestamp=400 ms, used_size=724992 bytes (1.8%)
(RDMA_READ_CONSUME_CHECK_CONSUMER) timestamp=400 ms, used_size=722944 bytes (1.8%)
(RDMA_READ_CONSUME_CHECK_CONSUMER) timestamp=400 ms, used_size=720896 bytes (1.8%)
(RDMA_READ_CONSUME_CHECK_CONSUMER) timestamp=400 ms, used_size=718848 bytes (1.8%)
(RDMA_READ_CONSUME_CHECK_CONSUMER) timestamp=400 ms, used_size=716800 bytes (1.8%)
(RDMA_READ_CONSUME_CHECK_CONSUMER) timestamp=400 ms, used_size=714752 bytes (1.7%)
(RDMA_READ_CONSUME_CHECK_CONSUMER) timestamp=400 ms, used_size=712704 bytes (1.7%)
(RDMA_READ_CONSUME_CHECK_CONSUMER) timestamp=400 ms, used_size=710656 bytes (1.7%)
(RDMA_READ_CONSUME_CHECK_CONSUMER) timestamp=400 ms, used_size=708608 bytes (1.7%)
(RDMA_READ_CONSUME_CHECK_CONSUMER) timestamp=400 ms, used_size=706560 bytes (1.7%)
(RDMA_READ_CONSUME_CHECK_CONSUMER) timestamp=400 ms, used_size=704512 bytes (1.7%)
(RDMA_READ_CONSUME_CHECK_CONSUMER) timestamp=400 ms, used_size=702464 bytes (1.7%)
(RDMA_READ_CONSUME_CHECK_CONSUMER) timestamp=400 ms, used_size=700416 bytes (1.7%)
(RDMA_READ_CONSUME_CHECK_CONSUMER) timestamp=400 ms, used_size=698368 bytes (1.7%)
(RDMA_READ_CONSUME_CHECK_CONSUMER) timestamp=400 ms, used_size=696320 bytes (1.7%)
(RDMA_READ_CONSUME_CHECK_CONSUMER) timestamp=400 ms, used_size=694272 bytes (1.7%)
(RDMA_READ_CONSUME_CHECK_CONSUMER) timestamp=400 ms, used_size=692224 bytes (1.7%)
(RDMA_READ_CONSUME_CHECK_CONSUMER) timestamp=400 ms, used_size=690176 bytes (1.7%)
(RDMA_READ_CONSUME_CHECK_CONSUMER) timestamp=400 ms, used_size=688128 bytes (1.7%)
(RDMA_READ_CONSUME_CHECK_CONSUMER) timestamp=400 ms, used_size=686080 bytes (1.7%)
(RDMA_READ_CONSUME_CHECK_CONSUMER) timestamp=400 ms, used_size=684032 bytes (1.7%)
(RDMA_READ_CONSUME_CHECK_CONSUMER) timestamp=400 ms, used_size=681984 bytes (1.7%)
(RDMA_READ_CONSUME_CHECK_CONSUMER) timestamp=400 ms, used_size=679936 bytes (1.7%)
(RDMA_READ_CONSUME_CHECK_CONSUMER) timestamp=400 ms, used_size=677888 bytes (1.7%)
(RDMA_READ_CONSUME_CHECK_CONSUMER) timestamp=400 ms, used_size=675840 bytes (1.6%)
(RDMA_READ_CONSUME_CHECK_CONSUMER) timestamp=400 ms, used_size=673792 bytes (1.6%)
(RDMA_READ_CONSUME_CHECK_CONSUMER) timestamp=400 ms, used_size=671744 bytes (1.6%)
(RDMA_READ_CONSUME_CHECK_CONSUMER) timestamp=400 ms, used_size=669696 bytes (1.6%)
(RDMA_READ_CONSUME_CHECK_CONSUMER) timestamp=400 ms, used_size=667648 bytes (1.6%)
(RDMA_READ_CONSUME_CHECK_CONSUMER) timestamp=400 ms, used_size=665600 bytes (1.6%)
(RDMA_READ_CONSUME_CHECK_CONSUMER) timestamp=400 ms, used_size=663552 bytes (1.6%)
(RDMA_READ_CONSUME_CHECK_CONSUMER) timestamp=400 ms, used_size=661504 bytes (1.6%)
(RDMA_READ_CONSUME_CHECK_CONSUMER) timestamp=400 ms, used_size=659456 bytes (1.6%)
(RDMA_READ_CONSUME_CHECK_CONSUMER) timestamp=400 ms, used_size=657408 bytes (1.6%)
(RDMA_READ_CONSUME_CHECK_CONSUMER) timestamp=400 ms, used_size=655360 bytes (1.6%)
(RDMA_READ_CONSUME_CHECK_CONSUMER) timestamp=400 ms, used_size=653312 bytes (1.6%)
(RDMA_READ_CONSUME_CHECK_CONSUMER) timestamp=400 ms, used_size=651264 bytes (1.6%)
(RDMA_READ_CONSUME_CHECK_CONSUMER) timestamp=400 ms, used_size=649216 bytes (1.6%)
(RDMA_READ_CONSUME_CHECK_CONSUMER) timestamp=400 ms, used_size=647168 bytes (1.6%)
(RDMA_READ_CONSUME_CHECK_CONSUMER) timestamp=400 ms, used_size=645120 bytes (1.6%)
(RDMA_READ_CONSUME_CHECK_CONSUMER) timestamp=400 ms, used_size=643072 bytes (1.6%)
(RDMA_READ_CONSUME_CHECK_CONSUMER) timestamp=400 ms, used_size=641024 bytes (1.6%)
(RDMA_READ_CONSUME_CHECK_CONSUMER) timestamp=400 ms, used_size=638976 bytes (1.6%)
(RDMA_READ_CONSUME_CHECK_CONSUMER) timestamp=400 ms, used_size=636928 bytes (1.6%)
(RDMA_READ_CONSUME_CHECK_CONSUMER) timestamp=400 ms, used_size=634880 bytes (1.6%)
(RDMA_READ_CONSUME_CHECK_CONSUMER) timestamp=400 ms, used_size=632832 bytes (1.5%)
(RDMA_READ_CONSUME_CHECK_CONSUMER) timestamp=400 ms, used_size=630784 bytes (1.5%)
(RDMA_READ_CONSUME_CHECK_CONSUMER) timestamp=400 ms, used_size=628736 bytes (1.5%)
(RDMA_READ_CONSUME_CHECK_CONSUMER) timestamp=400 ms, used_size=626688 bytes (1.5%)
(RDMA_READ_CONSUME_CHECK_CONSUMER) timestamp=400 ms, used_size=624640 bytes (1.5%)
(RDMA_READ_CONSUME_CHECK_CONSUMER) timestamp=400 ms, used_size=622592 bytes (1.5%)
(RDMA_READ_CONSUME_CHECK_CONSUMER) timestamp=400 ms, used_size=620544 bytes (1.5%)
(RDMA_READ_CONSUME_CHECK_CONSUMER) timestamp=400 ms, used_size=618496 bytes (1.5%)
(RDMA_READ_CONSUME_CHECK_CONSUMER) timestamp=400 ms, used_size=616448 bytes (1.5%)
(RDMA_READ_CONSUME_CHECK_CONSUMER) timestamp=400 ms, used_size=614400 bytes (1.5%)
(RDMA_READ_CONSUME_CHECK_CONSUMER) timestamp=400 ms, used_size=612352 bytes (1.5%)
(RDMA_READ_CONSUME_CHECK_CONSUMER) timestamp=400 ms, used_size=610304 bytes (1.5%)
(RDMA_READ_CONSUME_CHECK_CONSUMER) timestamp=400 ms, used_size=608256 bytes (1.5%)
(RDMA_READ_CONSUME_CHECK_CONSUMER) timestamp=400 ms, used_size=606208 bytes (1.5%)
(RDMA_READ_CONSUME_CHECK_CONSUMER) timestamp=400 ms, used_size=604160 bytes (1.5%)
(RDMA_READ_CONSUME_CHECK_CONSUMER) timestamp=400 ms, used_size=602112 bytes (1.5%)
(RDMA_READ_CONSUME_CHECK_CONSUMER) timestamp=400 ms, used_size=600064 bytes (1.5%)
(RDMA_READ_CONSUME_CHECK_CONSUMER) timestamp=400 ms, used_size=598016 bytes (1.5%)
(RDMA_READ_CONSUME_CHECK_CONSUMER) timestamp=400 ms, used_size=595968 bytes (1.5%)
(RDMA_READ_CONSUME_CHECK_CONSUMER) timestamp=400 ms, used_size=593920 bytes (1.4%)
(RDMA_READ_CONSUME_CHECK_CONSUMER) timestamp=400 ms, used_size=591872 bytes (1.4%)
(RDMA_READ_CONSUME_CHECK_CONSUMER) timestamp=400 ms, used_size=589824 bytes (1.4%)
(RDMA_READ_CONSUME_CHECK_CONSUMER) timestamp=400 ms, used_size=587776 bytes (1.4%)
(RDMA_READ_CONSUME_CHECK_CONSUMER) timestamp=400 ms, used_size=585728 bytes (1.4%)
(RDMA_READ_CONSUME_CHECK_CONSUMER) timestamp=400 ms, used_size=583680 bytes (1.4%)
(RDMA_READ_CONSUME_CHECK_CONSUMER) timestamp=400 ms, used_size=581632 bytes (1.4%)
(RDMA_READ_CONSUME_CHECK_CONSUMER) timestamp=400 ms, used_size=579584 bytes (1.4%)
(RDMA_READ_CONSUME_CHECK_CONSUMER) timestamp=400 ms, used_size=577536 bytes (1.4%)
(RDMA_READ_CONSUME_CHECK_CONSUMER) timestamp=400 ms, used_size=575488 bytes (1.4%)
(RDMA_READ_CONSUME_CHECK_CONSUMER) timestamp=400 ms, used_size=573440 bytes (1.4%)
(RDMA_READ_CONSUME_CHECK_CONSUMER) timestamp=400 ms, used_size=571392 bytes (1.4%)
(RDMA_READ_CONSUME_CHECK_CONSUMER) timestamp=400 ms, used_size=569344 bytes (1.4%)
(RDMA_READ_CONSUME_CHECK_CONSUMER) timestamp=400 ms, used_size=567296 bytes (1.4%)
(RDMA_READ_CONSUME_CHECK_CONSUMER) timestamp=400 ms, used_size=565248 bytes (1.4%)
(RDMA_READ_CONSUME_CHECK_CONSUMER) timestamp=400 ms, used_size=563200 bytes (1.4%)
(RDMA_READ_CONSUME_CHECK_CONSUMER) timestamp=400 ms, used_size=561152 bytes (1.4%)
(RDMA_READ_CONSUME_CHECK_CONSUMER) timestamp=400 ms, used_size=559104 bytes (1.4%)
(RDMA_READ_CONSUME_CHECK_CONSUMER) timestamp=400 ms, used_size=557056 bytes (1.4%)
(RDMA_READ_CONSUME_CHECK_CONSUMER) timestamp=400 ms, used_size=555008 bytes (1.4%)
(RDMA_READ_CONSUME_CHECK_CONSUMER) timestamp=400 ms, used_size=552960 bytes (1.4%)
(RDMA_READ_CONSUME_CHECK_CONSUMER) timestamp=400 ms, used_size=550912 bytes (1.3%)
(RDMA_READ_CONSUME_CHECK_CONSUMER) timestamp=400 ms, used_size=548864 bytes (1.3%)
(RDMA_READ_CONSUME_CHECK_CONSUMER) timestamp=400 ms, used_size=546816 bytes (1.3%)
(RDMA_READ_CONSUME_CHECK_CONSUMER) timestamp=400 ms, used_size=544768 bytes (1.3%)
(RDMA_READ_CONSUME_CHECK_CONSUMER) timestamp=400 ms, used_size=542720 bytes (1.3%)
(RDMA_READ_CONSUME_CHECK_CONSUMER) timestamp=400 ms, used_size=540672 bytes (1.3%)
(RDMA_READ_CONSUME_CHECK_CONSUMER) timestamp=400 ms, used_size=538624 bytes (1.3%)
(RDMA_READ_CONSUME_CHECK_CONSUMER) timestamp=400 ms, used_size=536576 bytes (1.3%)
(RDMA_READ_CONSUME_CHECK_CONSUMER) timestamp=400 ms, used_size=534528 bytes (1.3%)
(RDMA_READ_CONSUME_CHECK_CONSUMER) timestamp=400 ms, used_size=532480 bytes (1.3%)
(RDMA_READ_CONSUME_CHECK_CONSUMER) timestamp=400 ms, used_size=530432 bytes (1.3%)
(RDMA_READ_CONSUME_CHECK_CONSUMER) timestamp=400 ms, used_size=528384 bytes (1.3%)
(RDMA_READ_CONSUME_CHECK_CONSUMER) timestamp=400 ms, used_size=526336 bytes (1.3%)
(RDMA_READ_CONSUME_CHECK_CONSUMER) timestamp=400 ms, used_size=524288 bytes (1.3%)
(RDMA_READ_CONSUME_CHECK_CONSUMER) timestamp=400 ms, used_size=522240 bytes (1.3%)
(RDMA_READ_CONSUME_CHECK_CONSUMER) timestamp=400 ms, used_size=520192 bytes (1.3%)
(RDMA_READ_CONSUME_CHECK_CONSUMER) timestamp=400 ms, used_size=518144 bytes (1.3%)
(RDMA_READ_CONSUME_CHECK_CONSUMER) timestamp=400 ms, used_size=516096 bytes (1.3%)
(RDMA_READ_CONSUME_CHECK_CONSUMER) timestamp=400 ms, used_size=514048 bytes (1.3%)
(RDMA_READ_CONSUME_CHECK_CONSUMER) timestamp=400 ms, used_size=512000 bytes (1.2%)
(RDMA_READ_CONSUME_CHECK_CONSUMER) timestamp=400 ms, used_size=509952 bytes (1.2%)
(RDMA_READ_CONSUME_CHECK_CONSUMER) timestamp=401 ms, used_size=507904 bytes (1.2%)
(RDMA_READ_CONSUME_CHECK_CONSUMER) timestamp=401 ms, used_size=505856 bytes (1.2%)
(RDMA_READ_CONSUME_CHECK_CONSUMER) timestamp=401 ms, used_size=503808 bytes (1.2%)
(RDMA_READ_CONSUME_CHECK_CONSUMER) timestamp=401 ms, used_size=501760 bytes (1.2%)
(RDMA_READ_CONSUME_CHECK_CONSUMER) timestamp=401 ms, used_size=499712 bytes (1.2%)
(RDMA_READ_CONSUME_CHECK_CONSUMER) timestamp=401 ms, used_size=497664 bytes (1.2%)
(RDMA_READ_CONSUME_CHECK_CONSUMER) timestamp=401 ms, used_size=495616 bytes (1.2%)
(RDMA_READ_CONSUME_CHECK_CONSUMER) timestamp=401 ms, used_size=493568 bytes (1.2%)
(RDMA_READ_CONSUME_CHECK_CONSUMER) timestamp=401 ms, used_size=491520 bytes (1.2%)
(RDMA_READ_CONSUME_CHECK_CONSUMER) timestamp=401 ms, used_size=489472 bytes (1.2%)
(RDMA_READ_CONSUME_CHECK_CONSUMER) timestamp=401 ms, used_size=487424 bytes (1.2%)
(RDMA_READ_CONSUME_CHECK_CONSUMER) timestamp=401 ms, used_size=485376 bytes (1.2%)
(RDMA_READ_CONSUME_CHECK_CONSUMER) timestamp=401 ms, used_size=483328 bytes (1.2%)
(RDMA_READ_CONSUME_CHECK_CONSUMER) timestamp=401 ms, used_size=481280 bytes (1.2%)
(RDMA_READ_CONSUME_CHECK_CONSUMER) timestamp=401 ms, used_size=479232 bytes (1.2%)
(RDMA_READ_CONSUME_CHECK_CONSUMER) timestamp=401 ms, used_size=477184 bytes (1.2%)
(RDMA_READ_CONSUME_CHECK_CONSUMER) timestamp=401 ms, used_size=475136 bytes (1.2%)
(RDMA_READ_CONSUME_CHECK_CONSUMER) timestamp=401 ms, used_size=473088 bytes (1.2%)
(RDMA_READ_CONSUME_CHECK_CONSUMER) timestamp=401 ms, used_size=471040 bytes (1.1%)
(RDMA_READ_CONSUME_CHECK_CONSUMER) timestamp=401 ms, used_size=468992 bytes (1.1%)
(RDMA_READ_CONSUME_CHECK_CONSUMER) timestamp=401 ms, used_size=466944 bytes (1.1%)
(RDMA_READ_CONSUME_CHECK_CONSUMER) timestamp=401 ms, used_size=464896 bytes (1.1%)
(RDMA_READ_CONSUME_CHECK_CONSUMER) timestamp=401 ms, used_size=462848 bytes (1.1%)
(RDMA_READ_CONSUME_CHECK_CONSUMER) timestamp=401 ms, used_size=460800 bytes (1.1%)
(RDMA_READ_CONSUME_CHECK_CONSUMER) timestamp=401 ms, used_size=458752 bytes (1.1%)
(RDMA_READ_CONSUME_CHECK_CONSUMER) timestamp=401 ms, used_size=456704 bytes (1.1%)
(RDMA_READ_CONSUME_CHECK_CONSUMER) timestamp=401 ms, used_size=454656 bytes (1.1%)
(RDMA_READ_CONSUME_CHECK_CONSUMER) timestamp=401 ms, used_size=452608 bytes (1.1%)
(RDMA_READ_CONSUME_CHECK_CONSUMER) timestamp=401 ms, used_size=450560 bytes (1.1%)
(RDMA_READ_CONSUME_CHECK_CONSUMER) timestamp=401 ms, used_size=448512 bytes (1.1%)
(RDMA_READ_CONSUME_CHECK_CONSUMER) timestamp=401 ms, used_size=446464 bytes (1.1%)
(RDMA_READ_CONSUME_CHECK_CONSUMER) timestamp=401 ms, used_size=444416 bytes (1.1%)
(RDMA_READ_CONSUME_CHECK_CONSUMER) timestamp=401 ms, used_size=442368 bytes (1.1%)
(RDMA_READ_CONSUME_CHECK_CONSUMER) timestamp=401 ms, used_size=440320 bytes (1.1%)
(RDMA_READ_CONSUME_CHECK_CONSUMER) timestamp=401 ms, used_size=438272 bytes (1.1%)
(RDMA_READ_CONSUME_CHECK_CONSUMER) timestamp=401 ms, used_size=436224 bytes (1.1%)
(RDMA_READ_CONSUME_CHECK_CONSUMER) timestamp=401 ms, used_size=434176 bytes (1.1%)
(RDMA_READ_CONSUME_CHECK_CONSUMER) timestamp=401 ms, used_size=432128 bytes (1.1%)
(RDMA_READ_CONSUME_CHECK_CONSUMER) timestamp=401 ms, used_size=430080 bytes (1.1%)
(RDMA_READ_CONSUME_CHECK_CONSUMER) timestamp=401 ms, used_size=428032 bytes (1.0%)
(RDMA_READ_CONSUME_CHECK_CONSUMER) timestamp=401 ms, used_size=425984 bytes (1.0%)
(RDMA_READ_CONSUME_CHECK_CONSUMER) timestamp=401 ms, used_size=423936 bytes (1.0%)
(RDMA_READ_CONSUME_CHECK_CONSUMER) timestamp=401 ms, used_size=421888 bytes (1.0%)
(RDMA_READ_CONSUME_CHECK_CONSUMER) timestamp=401 ms, used_size=419840 bytes (1.0%)
(RDMA_READ_CONSUME_CHECK_CONSUMER) timestamp=401 ms, used_size=417792 bytes (1.0%)
(RDMA_READ_CONSUME_CHECK_CONSUMER) timestamp=401 ms, used_size=415744 bytes (1.0%)
(RDMA_READ_CONSUME_CHECK_CONSUMER) timestamp=401 ms, used_size=413696 bytes (1.0%)
(RDMA_READ_CONSUME_CHECK_CONSUMER) timestamp=401 ms, used_size=411648 bytes (1.0%)
(RDMA_READ_CONSUME_CHECK_CONSUMER) timestamp=401 ms, used_size=409600 bytes (1.0%)
(RDMA_READ_CONSUME_CHECK_CONSUMER) timestamp=401 ms, used_size=407552 bytes (1.0%)
(RDMA_READ_CONSUME_CHECK_CONSUMER) timestamp=401 ms, used_size=405504 bytes (1.0%)
(RDMA_READ_CONSUME_CHECK_CONSUMER) timestamp=401 ms, used_size=403456 bytes (1.0%)
(RDMA_READ_CONSUME_CHECK_CONSUMER) timestamp=401 ms, used_size=401408 bytes (1.0%)
(RDMA_READ_CONSUME_CHECK_CONSUMER) timestamp=401 ms, used_size=399360 bytes (1.0%)
(RDMA_READ_CONSUME_CHECK_CONSUMER) timestamp=401 ms, used_size=397312 bytes (1.0%)
(RDMA_READ_CONSUME_CHECK_CONSUMER) timestamp=401 ms, used_size=395264 bytes (1.0%)
(RDMA_READ_CONSUME_CHECK_CONSUMER) timestamp=401 ms, used_size=393216 bytes (1.0%)
(RDMA_READ_CONSUME_CHECK_CONSUMER) timestamp=401 ms, used_size=391168 bytes (1.0%)
(RDMA_READ_CONSUME_CHECK_CONSUMER) timestamp=401 ms, used_size=389120 bytes (0.9%)
(RDMA_READ_CONSUME_CHECK_CONSUMER) timestamp=401 ms, used_size=387072 bytes (0.9%)
(RDMA_READ_CONSUME_CHECK_CONSUMER) timestamp=401 ms, used_size=385024 bytes (0.9%)
(RDMA_READ_CONSUME_CHECK_CONSUMER) timestamp=401 ms, used_size=382976 bytes (0.9%)
(RDMA_READ_CONSUME_CHECK_CONSUMER) timestamp=401 ms, used_size=380928 bytes (0.9%)
(RDMA_READ_CONSUME_CHECK_CONSUMER) timestamp=401 ms, used_size=378880 bytes (0.9%)
(RDMA_READ_CONSUME_CHECK_CONSUMER) timestamp=401 ms, used_size=376832 bytes (0.9%)
(RDMA_READ_CONSUME_CHECK_CONSUMER) timestamp=401 ms, used_size=374784 bytes (0.9%)
(RDMA_READ_CONSUME_CHECK_CONSUMER) timestamp=401 ms, used_size=372736 bytes (0.9%)
(RDMA_READ_CONSUME_CHECK_CONSUMER) timestamp=401 ms, used_size=370688 bytes (0.9%)
(RDMA_READ_CONSUME_CHECK_CONSUMER) timestamp=401 ms, used_size=368640 bytes (0.9%)
(RDMA_READ_CONSUME_CHECK_CONSUMER) timestamp=401 ms, used_size=366592 bytes (0.9%)
(RDMA_READ_CONSUME_CHECK_CONSUMER) timestamp=401 ms, used_size=364544 bytes (0.9%)
(RDMA_READ_CONSUME_CHECK_CONSUMER) timestamp=401 ms, used_size=362496 bytes (0.9%)
(RDMA_READ_CONSUME_CHECK_CONSUMER) timestamp=401 ms, used_size=360448 bytes (0.9%)
(RDMA_READ_CONSUME_CHECK_CONSUMER) timestamp=401 ms, used_size=358400 bytes (0.9%)
(RDMA_READ_CONSUME_CHECK_CONSUMER) timestamp=401 ms, used_size=356352 bytes (0.9%)
(RDMA_READ_CONSUME_CHECK_CONSUMER) timestamp=401 ms, used_size=354304 bytes (0.9%)
(RDMA_READ_CONSUME_CHECK_CONSUMER) timestamp=401 ms, used_size=352256 bytes (0.9%)
(RDMA_READ_CONSUME_CHECK_CONSUMER) timestamp=401 ms, used_size=350208 bytes (0.9%)
(RDMA_READ_CONSUME_CHECK_CONSUMER) timestamp=401 ms, used_size=348160 bytes (0.8%)
(RDMA_READ_CONSUME_CHECK_CONSUMER) timestamp=401 ms, used_size=346112 bytes (0.8%)
(RDMA_READ_CONSUME_CHECK_CONSUMER) timestamp=401 ms, used_size=344064 bytes (0.8%)
(RDMA_READ_CONSUME_CHECK_CONSUMER) timestamp=401 ms, used_size=342016 bytes (0.8%)
(RDMA_READ_CONSUME_CHECK_CONSUMER) timestamp=401 ms, used_size=339968 bytes (0.8%)
(RDMA_READ_CONSUME_CHECK_CONSUMER) timestamp=401 ms, used_size=337920 bytes (0.8%)
(RDMA_READ_CONSUME_CHECK_CONSUMER) timestamp=401 ms, used_size=335872 bytes (0.8%)
(RDMA_READ_CONSUME_CHECK_CONSUMER) timestamp=401 ms, used_size=333824 bytes (0.8%)
(RDMA_READ_CONSUME_CHECK_CONSUMER) timestamp=401 ms, used_size=331776 bytes (0.8%)
(RDMA_READ_CONSUME_CHECK_CONSUMER) timestamp=401 ms, used_size=329728 bytes (0.8%)
(RDMA_READ_CONSUME_CHECK_CONSUMER) timestamp=401 ms, used_size=327680 bytes (0.8%)
(RDMA_READ_CONSUME_CHECK_CONSUMER) timestamp=401 ms, used_size=325632 bytes (0.8%)
(RDMA_READ_CONSUME_CHECK_CONSUMER) timestamp=401 ms, used_size=323584 bytes (0.8%)
(RDMA_READ_CONSUME_CHECK_CONSUMER) timestamp=401 ms, used_size=321536 bytes (0.8%)
(RDMA_READ_CONSUME_CHECK_CONSUMER) timestamp=401 ms, used_size=319488 bytes (0.8%)
(RDMA_READ_CONSUME_CHECK_CONSUMER) timestamp=401 ms, used_size=317440 bytes (0.8%)
(RDMA_READ_CONSUME_CHECK_CONSUMER) timestamp=401 ms, used_size=315392 bytes (0.8%)
(RDMA_READ_CONSUME_CHECK_CONSUMER) timestamp=401 ms, used_size=313344 bytes (0.8%)
(RDMA_READ_CONSUME_CHECK_CONSUMER) timestamp=401 ms, used_size=311296 bytes (0.8%)
(RDMA_READ_CONSUME_CHECK_CONSUMER) timestamp=401 ms, used_size=309248 bytes (0.8%)
(RDMA_READ_CONSUME_CHECK_CONSUMER) timestamp=401 ms, used_size=307200 bytes (0.8%)
(RDMA_READ_CONSUME_CHECK_CONSUMER) timestamp=401 ms, used_size=305152 bytes (0.7%)
(RDMA_READ_CONSUME_CHECK_CONSUMER) timestamp=401 ms, used_size=303104 bytes (0.7%)
(RDMA_READ_CONSUME_CHECK_CONSUMER) timestamp=401 ms, used_size=301056 bytes (0.7%)
(RDMA_READ_CONSUME_CHECK_CONSUMER) timestamp=401 ms, used_size=299008 bytes (0.7%)
(RDMA_READ_CONSUME_CHECK_CONSUMER) timestamp=401 ms, used_size=296960 bytes (0.7%)
(RDMA_READ_CONSUME_CHECK_CONSUMER) timestamp=401 ms, used_size=294912 bytes (0.7%)
(RDMA_READ_CONSUME_CHECK_CONSUMER) timestamp=401 ms, used_size=292864 bytes (0.7%)
(RDMA_READ_CONSUME_CHECK_CONSUMER) timestamp=401 ms, used_size=290816 bytes (0.7%)
(RDMA_READ_CONSUME_CHECK_CONSUMER) timestamp=401 ms, used_size=288768 bytes (0.7%)
(RDMA_READ_CONSUME_CHECK_CONSUMER) timestamp=401 ms, used_size=286720 bytes (0.7%)
(RDMA_READ_CONSUME_CHECK_CONSUMER) timestamp=401 ms, used_size=284672 bytes (0.7%)
(RDMA_READ_CONSUME_CHECK_CONSUMER) timestamp=401 ms, used_size=282624 bytes (0.7%)
(RDMA_READ_CONSUME_CHECK_CONSUMER) timestamp=401 ms, used_size=280576 bytes (0.7%)
(RDMA_READ_CONSUME_CHECK_CONSUMER) timestamp=401 ms, used_size=278528 bytes (0.7%)
(RDMA_READ_CONSUME_CHECK_CONSUMER) timestamp=401 ms, used_size=276480 bytes (0.7%)
(RDMA_READ_CONSUME_CHECK_CONSUMER) timestamp=401 ms, used_size=274432 bytes (0.7%)
(RDMA_READ_CONSUME_CHECK_CONSUMER) timestamp=401 ms, used_size=272384 bytes (0.7%)
(RDMA_READ_CONSUME_CHECK_CONSUMER) timestamp=401 ms, used_size=270336 bytes (0.7%)
(RDMA_READ_CONSUME_CHECK_CONSUMER) timestamp=401 ms, used_size=268288 bytes (0.7%)
(RDMA_READ_CONSUME_CHECK_CONSUMER) timestamp=401 ms, used_size=266240 bytes (0.7%)
(RDMA_READ_CONSUME_CHECK_CONSUMER) timestamp=401 ms, used_size=264192 bytes (0.6%)
(RDMA_READ_CONSUME_CHECK_CONSUMER) timestamp=401 ms, used_size=262144 bytes (0.6%)
(RDMA_READ_CONSUME_CHECK_CONSUMER) timestamp=401 ms, used_size=260096 bytes (0.6%)
(RDMA_READ_CONSUME_CHECK_CONSUMER) timestamp=401 ms, used_size=258048 bytes (0.6%)
(RDMA_READ_CONSUME_CHECK_CONSUMER) timestamp=401 ms, used_size=256000 bytes (0.6%)
(RDMA_READ_CONSUME_CHECK_CONSUMER) timestamp=401 ms, used_size=253952 bytes (0.6%)
(RDMA_READ_CONSUME_CHECK_CONSUMER) timestamp=401 ms, used_size=251904 bytes (0.6%)
(RDMA_READ_CONSUME_CHECK_CONSUMER) timestamp=401 ms, used_size=249856 bytes (0.6%)
(RDMA_READ_CONSUME_CHECK_CONSUMER) timestamp=401 ms, used_size=247808 bytes (0.6%)
(RDMA_READ_CONSUME_CHECK_CONSUMER) timestamp=401 ms, used_size=245760 bytes (0.6%)
(RDMA_READ_CONSUME_CHECK_CONSUMER) timestamp=401 ms, used_size=243712 bytes (0.6%)
(RDMA_READ_CONSUME_CHECK_CONSUMER) timestamp=401 ms, used_size=241664 bytes (0.6%)
(RDMA_READ_CONSUME_CHECK_CONSUMER) timestamp=401 ms, used_size=239616 bytes (0.6%)
(RDMA_READ_CONSUME_CHECK_CONSUMER) timestamp=401 ms, used_size=237568 bytes (0.6%)
(RDMA_READ_CONSUME_CHECK_CONSUMER) timestamp=401 ms, used_size=235520 bytes (0.6%)
(RDMA_READ_CONSUME_CHECK_CONSUMER) timestamp=401 ms, used_size=233472 bytes (0.6%)
(RDMA_READ_CONSUME_CHECK_CONSUMER) timestamp=401 ms, used_size=231424 bytes (0.6%)
(RDMA_READ_CONSUME_CHECK_CONSUMER) timestamp=401 ms, used_size=229376 bytes (0.6%)
(RDMA_READ_CONSUME_CHECK_CONSUMER) timestamp=401 ms, used_size=227328 bytes (0.6%)
(RDMA_READ_CONSUME_CHECK_CONSUMER) timestamp=401 ms, used_size=225280 bytes (0.6%)
(RDMA_READ_CONSUME_CHECK_CONSUMER) timestamp=401 ms, used_size=223232 bytes (0.5%)
(RDMA_READ_CONSUME_CHECK_CONSUMER) timestamp=401 ms, used_size=221184 bytes (0.5%)
(RDMA_READ_CONSUME_CHECK_CONSUMER) timestamp=401 ms, used_size=219136 bytes (0.5%)
(RDMA_READ_CONSUME_CHECK_CONSUMER) timestamp=401 ms, used_size=217088 bytes (0.5%)
(RDMA_READ_CONSUME_CHECK_CONSUMER) timestamp=401 ms, used_size=215040 bytes (0.5%)
(RDMA_READ_CONSUME_CHECK_CONSUMER) timestamp=401 ms, used_size=212992 bytes (0.5%)
(RDMA_READ_CONSUME_CHECK_CONSUMER) timestamp=401 ms, used_size=210944 bytes (0.5%)
(RDMA_READ_CONSUME_CHECK_CONSUMER) timestamp=401 ms, used_size=208896 bytes (0.5%)
(RDMA_READ_CONSUME_CHECK_CONSUMER) timestamp=401 ms, used_size=206848 bytes (0.5%)
(RDMA_READ_CONSUME_CHECK_CONSUMER) timestamp=401 ms, used_size=204800 bytes (0.5%)
(RDMA_READ_CONSUME_CHECK_CONSUMER) timestamp=401 ms, used_size=202752 bytes (0.5%)
(RDMA_READ_CONSUME_CHECK_CONSUMER) timestamp=401 ms, used_size=200704 bytes (0.5%)
(RDMA_READ_CONSUME_CHECK_CONSUMER) timestamp=401 ms, used_size=198656 bytes (0.5%)
(RDMA_READ_CONSUME_CHECK_CONSUMER) timestamp=401 ms, used_size=196608 bytes (0.5%)
(RDMA_READ_CONSUME_CHECK_CONSUMER) timestamp=401 ms, used_size=194560 bytes (0.5%)
(RDMA_READ_CONSUME_CHECK_CONSUMER) timestamp=401 ms, used_size=192512 bytes (0.5%)
(RDMA_READ_CONSUME_CHECK_CONSUMER) timestamp=401 ms, used_size=190464 bytes (0.5%)
(RDMA_READ_CONSUME_CHECK_CONSUMER) timestamp=401 ms, used_size=188416 bytes (0.5%)
(RDMA_READ_CONSUME_CHECK_CONSUMER) timestamp=401 ms, used_size=186368 bytes (0.5%)
(RDMA_READ_CONSUME_CHECK_CONSUMER) timestamp=401 ms, used_size=184320 bytes (0.5%)
(RDMA_READ_CONSUME_CHECK_CONSUMER) timestamp=401 ms, used_size=182272 bytes (0.4%)
(RDMA_READ_CONSUME_CHECK_CONSUMER) timestamp=401 ms, used_size=180224 bytes (0.4%)
(RDMA_READ_CONSUME_CHECK_CONSUMER) timestamp=401 ms, used_size=178176 bytes (0.4%)
(RDMA_READ_CONSUME_CHECK_CONSUMER) timestamp=401 ms, used_size=176128 bytes (0.4%)
(RDMA_READ_CONSUME_CHECK_CONSUMER) timestamp=401 ms, used_size=174080 bytes (0.4%)
(RDMA_READ_CONSUME_CHECK_CONSUMER) timestamp=401 ms, used_size=172032 bytes (0.4%)
(RDMA_READ_CONSUME_CHECK_CONSUMER) timestamp=401 ms, used_size=169984 bytes (0.4%)
(RDMA_READ_CONSUME_CHECK_CONSUMER) timestamp=401 ms, used_size=167936 bytes (0.4%)
(RDMA_READ_CONSUME_CHECK_CONSUMER) timestamp=401 ms, used_size=165888 bytes (0.4%)
(RDMA_READ_CONSUME_CHECK_CONSUMER) timestamp=401 ms, used_size=163840 bytes (0.4%)
(RDMA_READ_CONSUME_CHECK_CONSUMER) timestamp=401 ms, used_size=161792 bytes (0.4%)
(RDMA_READ_CONSUME_CHECK_CONSUMER) timestamp=401 ms, used_size=159744 bytes (0.4%)
(RDMA_READ_CONSUME_CHECK_CONSUMER) timestamp=401 ms, used_size=157696 bytes (0.4%)
(RDMA_READ_CONSUME_CHECK_CONSUMER) timestamp=401 ms, used_size=155648 bytes (0.4%)
(RDMA_READ_CONSUME_CHECK_CONSUMER) timestamp=401 ms, used_size=153600 bytes (0.4%)
(RDMA_READ_CONSUME_CHECK_CONSUMER) timestamp=401 ms, used_size=151552 bytes (0.4%)
(RDMA_READ_CONSUME_CHECK_CONSUMER) timestamp=401 ms, used_size=149504 bytes (0.4%)
(RDMA_READ_CONSUME_CHECK_CONSUMER) timestamp=401 ms, used_size=147456 bytes (0.4%)
(RDMA_READ_CONSUME_CHECK_CONSUMER) timestamp=401 ms, used_size=145408 bytes (0.4%)
(RDMA_READ_CONSUME_CHECK_CONSUMER) timestamp=401 ms, used_size=143360 bytes (0.3%)
(RDMA_READ_CONSUME_CHECK_CONSUMER) timestamp=401 ms, used_size=141312 bytes (0.3%)
(RDMA_READ_CONSUME_CHECK_CONSUMER) timestamp=401 ms, used_size=139264 bytes (0.3%)
(RDMA_READ_CONSUME_CHECK_CONSUMER) timestamp=401 ms, used_size=137216 bytes (0.3%)
(RDMA_READ_CONSUME_CHECK_CONSUMER) timestamp=402 ms, used_size=135168 bytes (0.3%)
(RDMA_READ_CONSUME_CHECK_CONSUMER) timestamp=402 ms, used_size=133120 bytes (0.3%)
(RDMA_READ_CONSUME_CHECK_CONSUMER) timestamp=402 ms, used_size=131072 bytes (0.3%)
(RDMA_READ_CONSUME_CHECK_CONSUMER) timestamp=402 ms, used_size=129024 bytes (0.3%)
(RDMA_READ_CONSUME_CHECK_CONSUMER) timestamp=402 ms, used_size=126976 bytes (0.3%)
(RDMA_READ_CONSUME_CHECK_CONSUMER) timestamp=402 ms, used_size=124928 bytes (0.3%)
(RDMA_READ_CONSUME_CHECK_CONSUMER) timestamp=402 ms, used_size=122880 bytes (0.3%)
(RDMA_READ_CONSUME_CHECK_CONSUMER) timestamp=402 ms, used_size=120832 bytes (0.3%)
(RDMA_READ_CONSUME_CHECK_CONSUMER) timestamp=402 ms, used_size=118784 bytes (0.3%)
(RDMA_READ_CONSUME_CHECK_CONSUMER) timestamp=402 ms, used_size=116736 bytes (0.3%)
(RDMA_READ_CONSUME_CHECK_CONSUMER) timestamp=402 ms, used_size=114688 bytes (0.3%)
(RDMA_READ_CONSUME_CHECK_CONSUMER) timestamp=402 ms, used_size=112640 bytes (0.3%)
(RDMA_READ_CONSUME_CHECK_CONSUMER) timestamp=402 ms, used_size=110592 bytes (0.3%)
(RDMA_READ_CONSUME_CHECK_CONSUMER) timestamp=402 ms, used_size=108544 bytes (0.3%)
(RDMA_READ_CONSUME_CHECK_CONSUMER) timestamp=402 ms, used_size=106496 bytes (0.3%)
(RDMA_READ_CONSUME_CHECK_CONSUMER) timestamp=402 ms, used_size=104448 bytes (0.3%)
(RDMA_READ_CONSUME_CHECK_CONSUMER) timestamp=402 ms, used_size=102400 bytes (0.2%)
(RDMA_READ_CONSUME_CHECK_CONSUMER) timestamp=402 ms, used_size=100352 bytes (0.2%)
(RDMA_READ_CONSUME_CHECK_CONSUMER) timestamp=402 ms, used_size=98304 bytes (0.2%)
(RDMA_READ_CONSUME_CHECK_CONSUMER) timestamp=402 ms, used_size=96256 bytes (0.2%)
(RDMA_READ_CONSUME_CHECK_CONSUMER) timestamp=402 ms, used_size=94208 bytes (0.2%)
(RDMA_READ_CONSUME_CHECK_CONSUMER) timestamp=402 ms, used_size=92160 bytes (0.2%)
(RDMA_READ_CONSUME_CHECK_CONSUMER) timestamp=402 ms, used_size=90112 bytes (0.2%)
(RDMA_READ_CONSUME_CHECK_CONSUMER) timestamp=402 ms, used_size=88064 bytes (0.2%)
(RDMA_READ_CONSUME_CHECK_CONSUMER) timestamp=402 ms, used_size=86016 bytes (0.2%)
(RDMA_READ_CONSUME_CHECK_CONSUMER) timestamp=402 ms, used_size=83968 bytes (0.2%)
(RDMA_READ_CONSUME_CHECK_CONSUMER) timestamp=402 ms, used_size=81920 bytes (0.2%)
(RDMA_READ_CONSUME_CHECK_CONSUMER) timestamp=402 ms, used_size=79872 bytes (0.2%)
(RDMA_READ_CONSUME_CHECK_CONSUMER) timestamp=402 ms, used_size=77824 bytes (0.2%)
(RDMA_READ_CONSUME_CHECK_CONSUMER) timestamp=402 ms, used_size=75776 bytes (0.2%)
(RDMA_READ_CONSUME_CHECK_CONSUMER) timestamp=402 ms, used_size=73728 bytes (0.2%)
(RDMA_READ_CONSUME_CHECK_CONSUMER) timestamp=402 ms, used_size=71680 bytes (0.2%)
(RDMA_READ_CONSUME_CHECK_CONSUMER) timestamp=402 ms, used_size=69632 bytes (0.2%)
(RDMA_READ_CONSUME_CHECK_CONSUMER) timestamp=402 ms, used_size=67584 bytes (0.2%)
(RDMA_READ_CONSUME_CHECK_CONSUMER) timestamp=402 ms, used_size=65536 bytes (0.2%)
(RDMA_READ_CONSUME_CHECK_CONSUMER) timestamp=402 ms, used_size=63488 bytes (0.2%)
(RDMA_READ_CONSUME_CHECK_CONSUMER) timestamp=402 ms, used_size=61440 bytes (0.1%)
(RDMA_READ_CONSUME_CHECK_CONSUMER) timestamp=402 ms, used_size=59392 bytes (0.1%)
(RDMA_READ_CONSUME_CHECK_CONSUMER) timestamp=402 ms, used_size=57344 bytes (0.1%)
(RDMA_READ_CONSUME_CHECK_CONSUMER) timestamp=402 ms, used_size=55296 bytes (0.1%)
(RDMA_READ_CONSUME_CHECK_CONSUMER) timestamp=402 ms, used_size=53248 bytes (0.1%)
(RDMA_READ_CONSUME_CHECK_CONSUMER) timestamp=402 ms, used_size=51200 bytes (0.1%)
(RDMA_READ_CONSUME_CHECK_CONSUMER) timestamp=402 ms, used_size=49152 bytes (0.1%)
(RDMA_READ_CONSUME_CHECK_CONSUMER) timestamp=402 ms, used_size=47104 bytes (0.1%)
(RDMA_READ_CONSUME_CHECK_CONSUMER) timestamp=402 ms, used_size=45056 bytes (0.1%)
(RDMA_READ_CONSUME_CHECK_CONSUMER) timestamp=402 ms, used_size=43008 bytes (0.1%)
(RDMA_READ_CONSUME_CHECK_CONSUMER) timestamp=402 ms, used_size=40960 bytes (0.1%)
(RDMA_READ_CONSUME_CHECK_CONSUMER) timestamp=402 ms, used_size=38912 bytes (0.1%)
(RDMA_READ_CONSUME_CHECK_CONSUMER) timestamp=402 ms, used_size=36864 bytes (0.1%)
(RDMA_READ_CONSUME_CHECK_CONSUMER) timestamp=402 ms, used_size=34816 bytes (0.1%)
(RDMA_READ_CONSUME_CHECK_CONSUMER) timestamp=402 ms, used_size=32768 bytes (0.1%)
(RDMA_READ_CONSUME_CHECK_CONSUMER) timestamp=402 ms, used_size=30720 bytes (0.1%)
(RDMA_READ_CONSUME_CHECK_CONSUMER) timestamp=402 ms, used_size=28672 bytes (0.1%)
(RDMA_READ_CONSUME_CHECK_CONSUMER) timestamp=402 ms, used_size=26624 bytes (0.1%)
(RDMA_READ_CONSUME_CHECK_CONSUMER) timestamp=402 ms, used_size=24576 bytes (0.1%)
(RDMA_READ_CONSUME_CHECK_CONSUMER) timestamp=402 ms, used_size=22528 bytes (0.1%)
(RDMA_READ_CONSUME_CHECK_CONSUMER) timestamp=402 ms, used_size=20480 bytes (0.1%)
(RDMA_READ_CONSUME_CHECK_CONSUMER) timestamp=402 ms, used_size=18432 bytes (0.0%)
(RDMA_READ_CONSUME_CHECK_CONSUMER) timestamp=402 ms, used_size=16384 bytes (0.0%)
(RDMA_READ_CONSUME_CHECK_CONSUMER) timestamp=402 ms, used_size=14336 bytes (0.0%)
(RDMA_READ_CONSUME_CHECK_CONSUMER) timestamp=402 ms, used_size=12288 bytes (0.0%)
(RDMA_READ_CONSUME_CHECK_CONSUMER) timestamp=402 ms, used_size=10240 bytes (0.0%)
(RDMA_READ_CONSUME_CHECK_CONSUMER) timestamp=402 ms, used_size=8192 bytes (0.0%)
(RDMA_READ_CONSUME_CHECK_CONSUMER) timestamp=402 ms, used_size=6144 bytes (0.0%)
(RDMA_READ_CONSUME_CHECK_CONSUMER) timestamp=402 ms, used_size=4096 bytes (0.0%)
(RDMA_READ_CONSUME_CHECK_CONSUMER) timestamp=402 ms, used_size=2048 bytes (0.0%)
(RDMA_READ_CONSUME_CHECK_CONSUMER) timestamp=402 ms, used_size=0 bytes (0.0%)
(RDMA_READ_CONSUME_CHECK) Cycle 0, Batch 1: CRC32 OK (0xbeaa30f3), 8192 messages verified
(RDMA_READ_CONSUME_CHECK_CONSUMER) timestamp=402 ms, used_size=16775168 bytes (41.0%)
(RDMA_READ_CONSUME_CHECK_CONSUMER) timestamp=709 ms, used_size=16773120 bytes (41.0%)
(RDMA_READ_CONSUME_CHECK_CONSUMER) timestamp=709 ms, used_size=16771072 bytes (40.9%)
(RDMA_READ_CONSUME_CHECK_CONSUMER) timestamp=709 ms, used_size=16769024 bytes (40.9%)
(RDMA_READ_CONSUME_CHECK_CONSUMER) timestamp=709 ms, used_size=16766976 bytes (40.9%)
(RDMA_READ_CONSUME_CHECK_CONSUMER) timestamp=709 ms, used_size=16764928 bytes (40.9%)
(RDMA_READ_CONSUME_CHECK_CONSUMER) timestamp=709 ms, used_size=16762880 bytes (40.9%)
(RDMA_READ_CONSUME_CHECK_CONSUMER) timestamp=709 ms, used_size=16760832 bytes (40.9%)
(RDMA_READ_CONSUME_CHECK_CONSUMER) timestamp=709 ms, used_size=16758784 bytes (40.9%)
(RDMA_READ_CONSUME_CHECK_CONSUMER) timestamp=709 ms, used_size=16756736 bytes (40.9%)
(RDMA_READ_CONSUME_CHECK_CONSUMER) timestamp=709 ms, used_size=16754688 bytes (40.9%)
(RDMA_READ_CONSUME_CHECK_CONSUMER) timestamp=709 ms, used_size=16752640 bytes (40.9%)
(RDMA_READ_CONSUME_CHECK_CONSUMER) timestamp=709 ms, used_size=16750592 bytes (40.9%)
(RDMA_READ_CONSUME_CHECK_CONSUMER) timestamp=709 ms, used_size=16748544 bytes (40.9%)
(RDMA_READ_CONSUME_CHECK_CONSUMER) timestamp=709 ms, used_size=16746496 bytes (40.9%)
(RDMA_READ_CONSUME_CHECK_CONSUMER) timestamp=709 ms, used_size=16744448 bytes (40.9%)
(RDMA_READ_CONSUME_CHECK_CONSUMER) timestamp=709 ms, used_size=16742400 bytes (40.9%)
(RDMA_READ_CONSUME_CHECK_CONSUMER) timestamp=709 ms, used_size=16740352 bytes (40.9%)
(RDMA_READ_CONSUME_CHECK_CONSUMER) timestamp=709 ms, used_size=16738304 bytes (40.9%)
(RDMA_READ_CONSUME_CHECK_CONSUMER) timestamp=709 ms, used_size=16736256 bytes (40.9%)
(RDMA_READ_CONSUME_CHECK_CONSUMER) timestamp=709 ms, used_size=16734208 bytes (40.9%)
(RDMA_READ_CONSUME_CHECK_CONSUMER) timestamp=709 ms, used_size=16732160 bytes (40.9%)
(RDMA_READ_CONSUME_CHECK_CONSUMER) timestamp=709 ms, used_size=16730112 bytes (40.8%)
(RDMA_READ_CONSUME_CHECK_CONSUMER) timestamp=709 ms, used_size=16728064 bytes (40.8%)
(RDMA_READ_CONSUME_CHECK_CONSUMER) timestamp=709 ms, used_size=16726016 bytes (40.8%)
(RDMA_READ_CONSUME_CHECK_CONSUMER) timestamp=709 ms, used_size=16723968 bytes (40.8%)
(RDMA_READ_CONSUME_CHECK_CONSUMER) timestamp=709 ms, used_size=16721920 bytes (40.8%)
(RDMA_READ_CONSUME_CHECK_CONSUMER) timestamp=709 ms, used_size=16719872 bytes (40.8%)
(RDMA_READ_CONSUME_CHECK_CONSUMER) timestamp=709 ms, used_size=16717824 bytes (40.8%)
(RDMA_READ_CONSUME_CHECK_CONSUMER) timestamp=709 ms, used_size=16715776 bytes (40.8%)
(RDMA_READ_CONSUME_CHECK_CONSUMER) timestamp=709 ms, used_size=16713728 bytes (40.8%)
(RDMA_READ_CONSUME_CHECK_CONSUMER) timestamp=709 ms, used_size=16711680 bytes (40.8%)
(RDMA_READ_CONSUME_CHECK_CONSUMER) timestamp=709 ms, used_size=16709632 bytes (40.8%)
(RDMA_READ_CONSUME_CHECK_CONSUMER) timestamp=709 ms, used_size=16707584 bytes (40.8%)
(RDMA_READ_CONSUME_CHECK_CONSUMER) timestamp=709 ms, used_size=16705536 bytes (40.8%)
(RDMA_READ_CONSUME_CHECK_CONSUMER) timestamp=709 ms, used_size=16703488 bytes (40.8%)
(RDMA_READ_CONSUME_CHECK_CONSUMER) timestamp=709 ms, used_size=16701440 bytes (40.8%)
(RDMA_READ_CONSUME_CHECK_CONSUMER) timestamp=709 ms, used_size=16699392 bytes (40.8%)
(RDMA_READ_CONSUME_CHECK_CONSUMER) timestamp=709 ms, used_size=16697344 bytes (40.8%)
(RDMA_READ_CONSUME_CHECK_CONSUMER) timestamp=709 ms, used_size=16695296 bytes (40.8%)
(RDMA_READ_CONSUME_CHECK_CONSUMER) timestamp=709 ms, used_size=16693248 bytes (40.8%)
(RDMA_READ_CONSUME_CHECK_CONSUMER) timestamp=709 ms, used_size=16691200 bytes (40.8%)
(RDMA_READ_CONSUME_CHECK_CONSUMER) timestamp=709 ms, used_size=16689152 bytes (40.7%)
(RDMA_READ_CONSUME_CHECK_CONSUMER) timestamp=709 ms, used_size=16687104 bytes (40.7%)
(RDMA_READ_CONSUME_CHECK_CONSUMER) timestamp=709 ms, used_size=16685056 bytes (40.7%)
(RDMA_READ_CONSUME_CHECK_CONSUMER) timestamp=709 ms, used_size=16683008 bytes (40.7%)
(RDMA_READ_CONSUME_CHECK_CONSUMER) timestamp=709 ms, used_size=16680960 bytes (40.7%)
(RDMA_READ_CONSUME_CHECK_CONSUMER) timestamp=709 ms, used_size=16678912 bytes (40.7%)
(RDMA_READ_CONSUME_CHECK_CONSUMER) timestamp=709 ms, used_size=16676864 bytes (40.7%)
(RDMA_READ_CONSUME_CHECK_CONSUMER) timestamp=709 ms, used_size=16674816 bytes (40.7%)
(RDMA_READ_CONSUME_CHECK_CONSUMER) timestamp=709 ms, used_size=16672768 bytes (40.7%)
(RDMA_READ_CONSUME_CHECK_CONSUMER) timestamp=709 ms, used_size=16670720 bytes (40.7%)
(RDMA_READ_CONSUME_CHECK_CONSUMER) timestamp=709 ms, used_size=16668672 bytes (40.7%)
(RDMA_READ_CONSUME_CHECK_CONSUMER) timestamp=709 ms, used_size=16666624 bytes (40.7%)
(RDMA_READ_CONSUME_CHECK_CONSUMER) timestamp=709 ms, used_size=16664576 bytes (40.7%)
(RDMA_READ_CONSUME_CHECK_CONSUMER) timestamp=709 ms, used_size=16662528 bytes (40.7%)
(RDMA_READ_CONSUME_CHECK_CONSUMER) timestamp=709 ms, used_size=16660480 bytes (40.7%)
(RDMA_READ_CONSUME_CHECK_CONSUMER) timestamp=709 ms, used_size=16658432 bytes (40.7%)
(RDMA_READ_CONSUME_CHECK_CONSUMER) timestamp=709 ms, used_size=16656384 bytes (40.7%)
(RDMA_READ_CONSUME_CHECK_CONSUMER) timestamp=709 ms, used_size=16654336 bytes (40.7%)
(RDMA_READ_CONSUME_CHECK_CONSUMER) timestamp=709 ms, used_size=16652288 bytes (40.7%)
(RDMA_READ_CONSUME_CHECK_CONSUMER) timestamp=709 ms, used_size=16650240 bytes (40.6%)
(RDMA_READ_CONSUME_CHECK_CONSUMER) timestamp=709 ms, used_size=16648192 bytes (40.6%)
(RDMA_READ_CONSUME_CHECK_CONSUMER) timestamp=709 ms, used_size=16646144 bytes (40.6%)
(RDMA_READ_CONSUME_CHECK_CONSUMER) timestamp=709 ms, used_size=16644096 bytes (40.6%)
(RDMA_READ_CONSUME_CHECK_CONSUMER) timestamp=709 ms, used_size=16642048 bytes (40.6%)
(RDMA_READ_CONSUME_CHECK_CONSUMER) timestamp=709 ms, used_size=16640000 bytes (40.6%)
(RDMA_READ_CONSUME_CHECK_CONSUMER) timestamp=709 ms, used_size=16637952 bytes (40.6%)
(RDMA_READ_CONSUME_CHECK_CONSUMER) timestamp=709 ms, used_size=16635904 bytes (40.6%)
(RDMA_READ_CONSUME_CHECK_CONSUMER) timestamp=709 ms, used_size=16633856 bytes (40.6%)
(RDMA_READ_CONSUME_CHECK_CONSUMER) timestamp=709 ms, used_size=16631808 bytes (40.6%)
(RDMA_READ_CONSUME_CHECK_CONSUMER) timestamp=709 ms, used_size=16629760 bytes (40.6%)
(RDMA_READ_CONSUME_CHECK_CONSUMER) timestamp=709 ms, used_size=16627712 bytes (40.6%)
(RDMA_READ_CONSUME_CHECK_CONSUMER) timestamp=709 ms, used_size=16625664 bytes (40.6%)
(RDMA_READ_CONSUME_CHECK_CONSUMER) timestamp=709 ms, used_size=16623616 bytes (40.6%)
(RDMA_READ_CONSUME_CHECK_CONSUMER) timestamp=709 ms, used_size=16621568 bytes (40.6%)
(RDMA_READ_CONSUME_CHECK_CONSUMER) timestamp=709 ms, used_size=16619520 bytes (40.6%)
(RDMA_READ_CONSUME_CHECK_CONSUMER) timestamp=709 ms, used_size=16617472 bytes (40.6%)
(RDMA_READ_CONSUME_CHECK_CONSUMER) timestamp=709 ms, used_size=16615424 bytes (40.6%)
(RDMA_READ_CONSUME_CHECK_CONSUMER) timestamp=709 ms, used_size=16613376 bytes (40.6%)
(RDMA_READ_CONSUME_CHECK_CONSUMER) timestamp=709 ms, used_size=16611328 bytes (40.6%)
(RDMA_READ_CONSUME_CHECK_CONSUMER) timestamp=709 ms, used_size=16609280 bytes (40.5%)
(RDMA_READ_CONSUME_CHECK_CONSUMER) timestamp=709 ms, used_size=16607232 bytes (40.5%)
(RDMA_READ_CONSUME_CHECK_CONSUMER) timestamp=709 ms, used_size=16605184 bytes (40.5%)
(RDMA_READ_CONSUME_CHECK_CONSUMER) timestamp=709 ms, used_size=16603136 bytes (40.5%)
(RDMA_READ_CONSUME_CHECK_CONSUMER) timestamp=709 ms, used_size=16601088 bytes (40.5%)
(RDMA_READ_CONSUME_CHECK_CONSUMER) timestamp=709 ms, used_size=16599040 bytes (40.5%)
(RDMA_READ_CONSUME_CHECK_CONSUMER) timestamp=709 ms, used_size=16596992 bytes (40.5%)
(RDMA_READ_CONSUME_CHECK_CONSUMER) timestamp=709 ms, used_size=16594944 bytes (40.5%)
(RDMA_READ_CONSUME_CHECK_CONSUMER) timestamp=709 ms, used_size=16592896 bytes (40.5%)
(RDMA_READ_CONSUME_CHECK_CONSUMER) timestamp=709 ms, used_size=16590848 bytes (40.5%)
(RDMA_READ_CONSUME_CHECK_CONSUMER) timestamp=709 ms, used_size=16588800 bytes (40.5%)
(RDMA_READ_CONSUME_CHECK_CONSUMER) timestamp=709 ms, used_size=16586752 bytes (40.5%)
(RDMA_READ_CONSUME_CHECK_CONSUMER) timestamp=709 ms, used_size=16584704 bytes (40.5%)
(RDMA_READ_CONSUME_CHECK_CONSUMER) timestamp=709 ms, used_size=16582656 bytes (40.5%)
(RDMA_READ_CONSUME_CHECK_CONSUMER) timestamp=709 ms, used_size=16580608 bytes (40.5%)
(RDMA_READ_CONSUME_CHECK_CONSUMER) timestamp=709 ms, used_size=16578560 bytes (40.5%)
(RDMA_READ_CONSUME_CHECK_CONSUMER) timestamp=709 ms, used_size=16576512 bytes (40.5%)
(RDMA_READ_CONSUME_CHECK_CONSUMER) timestamp=709 ms, used_size=16574464 bytes (40.5%)
(RDMA_READ_CONSUME_CHECK_CONSUMER) timestamp=709 ms, used_size=16572416 bytes (40.5%)
(RDMA_READ_CONSUME_CHECK_CONSUMER) timestamp=709 ms, used_size=16570368 bytes (40.5%)
(RDMA_READ_CONSUME_CHECK_CONSUMER) timestamp=709 ms, used_size=16568320 bytes (40.5%)
(RDMA_READ_CONSUME_CHECK_CONSUMER) timestamp=709 ms, used_size=16566272 bytes (40.4%)
(RDMA_READ_CONSUME_CHECK_CONSUMER) timestamp=709 ms, used_size=16564224 bytes (40.4%)
(RDMA_READ_CONSUME_CHECK_CONSUMER) timestamp=709 ms, used_size=16562176 bytes (40.4%)
(RDMA_READ_CONSUME_CHECK_CONSUMER) timestamp=709 ms, used_size=16560128 bytes (40.4%)
(RDMA_READ_CONSUME_CHECK_CONSUMER) timestamp=709 ms, used_size=16558080 bytes (40.4%)
(RDMA_READ_CONSUME_CHECK_CONSUMER) timestamp=709 ms, used_size=16556032 bytes (40.4%)
(RDMA_READ_CONSUME_CHECK_CONSUMER) timestamp=709 ms, used_size=16553984 bytes (40.4%)
(RDMA_READ_CONSUME_CHECK_CONSUMER) timestamp=709 ms, used_size=16551936 bytes (40.4%)
(RDMA_READ_CONSUME_CHECK_CONSUMER) timestamp=709 ms, used_size=16549888 bytes (40.4%)
(RDMA_READ_CONSUME_CHECK_CONSUMER) timestamp=709 ms, used_size=16547840 bytes (40.4%)
(RDMA_READ_CONSUME_CHECK_CONSUMER) timestamp=709 ms, used_size=16545792 bytes (40.4%)
(RDMA_READ_CONSUME_CHECK_CONSUMER) timestamp=709 ms, used_size=16543744 bytes (40.4%)
(RDMA_READ_CONSUME_CHECK_CONSUMER) timestamp=709 ms, used_size=16541696 bytes (40.4%)
(RDMA_READ_CONSUME_CHECK_CONSUMER) timestamp=709 ms, used_size=16539648 bytes (40.4%)
(RDMA_READ_CONSUME_CHECK_CONSUMER) timestamp=709 ms, used_size=16537600 bytes (40.4%)
(RDMA_READ_CONSUME_CHECK_CONSUMER) timestamp=709 ms, used_size=16535552 bytes (40.4%)
(RDMA_READ_CONSUME_CHECK_CONSUMER) timestamp=709 ms, used_size=16533504 bytes (40.4%)
(RDMA_READ_CONSUME_CHECK_CONSUMER) timestamp=709 ms, used_size=16531456 bytes (40.4%)
(RDMA_READ_CONSUME_CHECK_CONSUMER) timestamp=709 ms, used_size=16529408 bytes (40.4%)
(RDMA_READ_CONSUME_CHECK_CONSUMER) timestamp=709 ms, used_size=16527360 bytes (40.4%)
(RDMA_READ_CONSUME_CHECK_CONSUMER) timestamp=709 ms, used_size=16525312 bytes (40.3%)
(RDMA_READ_CONSUME_CHECK_CONSUMER) timestamp=709 ms, used_size=16523264 bytes (40.3%)
(RDMA_READ_CONSUME_CHECK_CONSUMER) timestamp=709 ms, used_size=16521216 bytes (40.3%)
(RDMA_READ_CONSUME_CHECK_CONSUMER) timestamp=709 ms, used_size=16519168 bytes (40.3%)
(RDMA_READ_CONSUME_CHECK_CONSUMER) timestamp=709 ms, used_size=16517120 bytes (40.3%)
(RDMA_READ_CONSUME_CHECK_CONSUMER) timestamp=709 ms, used_size=16515072 bytes (40.3%)
(RDMA_READ_CONSUME_CHECK_CONSUMER) timestamp=709 ms, used_size=16513024 bytes (40.3%)
(RDMA_READ_CONSUME_CHECK_CONSUMER) timestamp=709 ms, used_size=16510976 bytes (40.3%)
(RDMA_READ_CONSUME_CHECK_CONSUMER) timestamp=709 ms, used_size=16508928 bytes (40.3%)
(RDMA_READ_CONSUME_CHECK_CONSUMER) timestamp=709 ms, used_size=16506880 bytes (40.3%)
(RDMA_READ_CONSUME_CHECK_CONSUMER) timestamp=709 ms, used_size=16504832 bytes (40.3%)
(RDMA_READ_CONSUME_CHECK_CONSUMER) timestamp=709 ms, used_size=16502784 bytes (40.3%)
(RDMA_READ_CONSUME_CHECK_CONSUMER) timestamp=709 ms, used_size=16500736 bytes (40.3%)
(RDMA_READ_CONSUME_CHECK_CONSUMER) timestamp=709 ms, used_size=16498688 bytes (40.3%)
(RDMA_READ_CONSUME_CHECK_CONSUMER) timestamp=709 ms, used_size=16496640 bytes (40.3%)
(RDMA_READ_CONSUME_CHECK_CONSUMER) timestamp=709 ms, used_size=16494592 bytes (40.3%)
(RDMA_READ_CONSUME_CHECK_CONSUMER) timestamp=709 ms, used_size=16492544 bytes (40.3%)
(RDMA_READ_CONSUME_CHECK_CONSUMER) timestamp=709 ms, used_size=16490496 bytes (40.3%)
(RDMA_READ_CONSUME_CHECK_CONSUMER) timestamp=710 ms, used_size=16488448 bytes (40.3%)
(RDMA_READ_CONSUME_CHECK_CONSUMER) timestamp=710 ms, used_size=16486400 bytes (40.2%)
(RDMA_READ_CONSUME_CHECK_CONSUMER) timestamp=710 ms, used_size=16484352 bytes (40.2%)
(RDMA_READ_CONSUME_CHECK_CONSUMER) timestamp=710 ms, used_size=16482304 bytes (40.2%)
(RDMA_READ_CONSUME_CHECK_CONSUMER) timestamp=710 ms, used_size=16480256 bytes (40.2%)
(RDMA_READ_CONSUME_CHECK_CONSUMER) timestamp=710 ms, used_size=16478208 bytes (40.2%)
(RDMA_READ_CONSUME_CHECK_CONSUMER) timestamp=710 ms, used_size=16476160 bytes (40.2%)
(RDMA_READ_CONSUME_CHECK_CONSUMER) timestamp=710 ms, used_size=16474112 bytes (40.2%)
(RDMA_READ_CONSUME_CHECK_CONSUMER) timestamp=710 ms, used_size=16472064 bytes (40.2%)
(RDMA_READ_CONSUME_CHECK_CONSUMER) timestamp=710 ms, used_size=16470016 bytes (40.2%)
(RDMA_READ_CONSUME_CHECK_CONSUMER) timestamp=710 ms, used_size=16467968 bytes (40.2%)
(RDMA_READ_CONSUME_CHECK_CONSUMER) timestamp=710 ms, used_size=16465920 bytes (40.2%)
(RDMA_READ_CONSUME_CHECK_CONSUMER) timestamp=710 ms, used_size=16463872 bytes (40.2%)
(RDMA_READ_CONSUME_CHECK_CONSUMER) timestamp=710 ms, used_size=16461824 bytes (40.2%)
(RDMA_READ_CONSUME_CHECK_CONSUMER) timestamp=710 ms, used_size=16459776 bytes (40.2%)
(RDMA_READ_CONSUME_CHECK_CONSUMER) timestamp=710 ms, used_size=16457728 bytes (40.2%)
(RDMA_READ_CONSUME_CHECK_CONSUMER) timestamp=710 ms, used_size=16455680 bytes (40.2%)
(RDMA_READ_CONSUME_CHECK_CONSUMER) timestamp=710 ms, used_size=16453632 bytes (40.2%)
(RDMA_READ_CONSUME_CHECK_CONSUMER) timestamp=710 ms, used_size=16451584 bytes (40.2%)
(RDMA_READ_CONSUME_CHECK_CONSUMER) timestamp=710 ms, used_size=16449536 bytes (40.2%)
(RDMA_READ_CONSUME_CHECK_CONSUMER) timestamp=710 ms, used_size=16447488 bytes (40.2%)
(RDMA_READ_CONSUME_CHECK_CONSUMER) timestamp=710 ms, used_size=16445440 bytes (40.1%)
(RDMA_READ_CONSUME_CHECK_CONSUMER) timestamp=710 ms, used_size=16443392 bytes (40.1%)
(RDMA_READ_CONSUME_CHECK_CONSUMER) timestamp=710 ms, used_size=16441344 bytes (40.1%)
(RDMA_READ_CONSUME_CHECK_CONSUMER) timestamp=710 ms, used_size=16439296 bytes (40.1%)
(RDMA_READ_CONSUME_CHECK_CONSUMER) timestamp=710 ms, used_size=16437248 bytes (40.1%)
(RDMA_READ_CONSUME_CHECK_CONSUMER) timestamp=710 ms, used_size=16435200 bytes (40.1%)
(RDMA_READ_CONSUME_CHECK_CONSUMER) timestamp=710 ms, used_size=16433152 bytes (40.1%)
(RDMA_READ_CONSUME_CHECK_CONSUMER) timestamp=710 ms, used_size=16431104 bytes (40.1%)
(RDMA_READ_CONSUME_CHECK_CONSUMER) timestamp=710 ms, used_size=16429056 bytes (40.1%)
(RDMA_READ_CONSUME_CHECK_CONSUMER) timestamp=710 ms, used_size=16427008 bytes (40.1%)
(RDMA_READ_CONSUME_CHECK_CONSUMER) timestamp=710 ms, used_size=16424960 bytes (40.1%)
(RDMA_READ_CONSUME_CHECK_CONSUMER) timestamp=710 ms, used_size=16422912 bytes (40.1%)
(RDMA_READ_CONSUME_CHECK_CONSUMER) timestamp=710 ms, used_size=16420864 bytes (40.1%)
(RDMA_READ_CONSUME_CHECK_CONSUMER) timestamp=710 ms, used_size=16418816 bytes (40.1%)
(RDMA_READ_CONSUME_CHECK_CONSUMER) timestamp=710 ms, used_size=16416768 bytes (40.1%)
(RDMA_READ_CONSUME_CHECK_CONSUMER) timestamp=710 ms, used_size=16414720 bytes (40.1%)
(RDMA_READ_CONSUME_CHECK_CONSUMER) timestamp=710 ms, used_size=16412672 bytes (40.1%)
(RDMA_READ_CONSUME_CHECK_CONSUMER) timestamp=710 ms, used_size=16410624 bytes (40.1%)
(RDMA_READ_CONSUME_CHECK_CONSUMER) timestamp=710 ms, used_size=16408576 bytes (40.1%)
(RDMA_READ_CONSUME_CHECK_CONSUMER) timestamp=710 ms, used_size=16406528 bytes (40.1%)
(RDMA_READ_CONSUME_CHECK_CONSUMER) timestamp=710 ms, used_size=16404480 bytes (40.0%)
(RDMA_READ_CONSUME_CHECK_CONSUMER) timestamp=710 ms, used_size=16402432 bytes (40.0%)
(RDMA_READ_CONSUME_CHECK_CONSUMER) timestamp=710 ms, used_size=16400384 bytes (40.0%)
(RDMA_READ_CONSUME_CHECK_CONSUMER) timestamp=710 ms, used_size=16398336 bytes (40.0%)
(RDMA_READ_CONSUME_CHECK_CONSUMER) timestamp=710 ms, used_size=16396288 bytes (40.0%)
(RDMA_READ_CONSUME_CHECK_CONSUMER) timestamp=710 ms, used_size=16394240 bytes (40.0%)
(RDMA_READ_CONSUME_CHECK_CONSUMER) timestamp=710 ms, used_size=16392192 bytes (40.0%)
(RDMA_READ_CONSUME_CHECK_CONSUMER) timestamp=710 ms, used_size=16390144 bytes (40.0%)
(RDMA_READ_CONSUME_CHECK_CONSUMER) timestamp=710 ms, used_size=16388096 bytes (40.0%)
(RDMA_READ_CONSUME_CHECK_CONSUMER) timestamp=710 ms, used_size=16386048 bytes (40.0%)
(RDMA_READ_CONSUME_CHECK_CONSUMER) timestamp=710 ms, used_size=16384000 bytes (40.0%)
(RDMA_READ_CONSUME_CHECK_CONSUMER) timestamp=710 ms, used_size=16381952 bytes (40.0%)
(RDMA_READ_CONSUME_CHECK_CONSUMER) timestamp=710 ms, used_size=16379904 bytes (40.0%)
(RDMA_READ_CONSUME_CHECK_CONSUMER) timestamp=710 ms, used_size=16377856 bytes (40.0%)
(RDMA_READ_CONSUME_CHECK_CONSUMER) timestamp=710 ms, used_size=16375808 bytes (40.0%)
(RDMA_READ_CONSUME_CHECK_CONSUMER) timestamp=710 ms, used_size=16373760 bytes (40.0%)
(RDMA_READ_CONSUME_CHECK_CONSUMER) timestamp=710 ms, used_size=16371712 bytes (40.0%)
(RDMA_READ_CONSUME_CHECK_CONSUMER) timestamp=710 ms, used_size=16369664 bytes (40.0%)
(RDMA_READ_CONSUME_CHECK_CONSUMER) timestamp=710 ms, used_size=16367616 bytes (40.0%)
(RDMA_READ_CONSUME_CHECK_CONSUMER) timestamp=710 ms, used_size=16365568 bytes (40.0%)
(RDMA_READ_CONSUME_CHECK_CONSUMER) timestamp=710 ms, used_size=16363520 bytes (40.0%)
(RDMA_READ_CONSUME_CHECK_CONSUMER) timestamp=710 ms, used_size=16361472 bytes (39.9%)
(RDMA_READ_CONSUME_CHECK_CONSUMER) timestamp=710 ms, used_size=16359424 bytes (39.9%)
(RDMA_READ_CONSUME_CHECK_CONSUMER) timestamp=710 ms, used_size=16357376 bytes (39.9%)
(RDMA_READ_CONSUME_CHECK_CONSUMER) timestamp=710 ms, used_size=16355328 bytes (39.9%)
(RDMA_READ_CONSUME_CHECK_CONSUMER) timestamp=710 ms, used_size=16353280 bytes (39.9%)
(RDMA_READ_CONSUME_CHECK_CONSUMER) timestamp=710 ms, used_size=16351232 bytes (39.9%)
(RDMA_READ_CONSUME_CHECK_CONSUMER) timestamp=710 ms, used_size=16349184 bytes (39.9%)
(RDMA_READ_CONSUME_CHECK_CONSUMER) timestamp=710 ms, used_size=16347136 bytes (39.9%)
(RDMA_READ_CONSUME_CHECK_CONSUMER) timestamp=710 ms, used_size=16345088 bytes (39.9%)
(RDMA_READ_CONSUME_CHECK_CONSUMER) timestamp=710 ms, used_size=16343040 bytes (39.9%)
(RDMA_READ_CONSUME_CHECK_CONSUMER) timestamp=710 ms, used_size=16340992 bytes (39.9%)
(RDMA_READ_CONSUME_CHECK_CONSUMER) timestamp=710 ms, used_size=16338944 bytes (39.9%)
(RDMA_READ_CONSUME_CHECK_CONSUMER) timestamp=710 ms, used_size=16336896 bytes (39.9%)
(RDMA_READ_CONSUME_CHECK_CONSUMER) timestamp=710 ms, used_size=16334848 bytes (39.9%)
(RDMA_READ_CONSUME_CHECK_CONSUMER) timestamp=710 ms, used_size=16332800 bytes (39.9%)
(RDMA_READ_CONSUME_CHECK_CONSUMER) timestamp=710 ms, used_size=16330752 bytes (39.9%)
(RDMA_READ_CONSUME_CHECK_CONSUMER) timestamp=710 ms, used_size=16328704 bytes (39.9%)
(RDMA_READ_CONSUME_CHECK_CONSUMER) timestamp=710 ms, used_size=16326656 bytes (39.9%)
(RDMA_READ_CONSUME_CHECK_CONSUMER) timestamp=710 ms, used_size=16324608 bytes (39.9%)
(RDMA_READ_CONSUME_CHECK_CONSUMER) timestamp=710 ms, used_size=16322560 bytes (39.9%)
(RDMA_READ_CONSUME_CHECK_CONSUMER) timestamp=710 ms, used_size=16320512 bytes (39.8%)
(RDMA_READ_CONSUME_CHECK_CONSUMER) timestamp=710 ms, used_size=16318464 bytes (39.8%)
(RDMA_READ_CONSUME_CHECK_CONSUMER) timestamp=710 ms, used_size=16316416 bytes (39.8%)
(RDMA_READ_CONSUME_CHECK_CONSUMER) timestamp=710 ms, used_size=16314368 bytes (39.8%)
(RDMA_READ_CONSUME_CHECK_CONSUMER) timestamp=710 ms, used_size=16312320 bytes (39.8%)
(RDMA_READ_CONSUME_CHECK_CONSUMER) timestamp=710 ms, used_size=16310272 bytes (39.8%)
(RDMA_READ_CONSUME_CHECK_CONSUMER) timestamp=710 ms, used_size=16308224 bytes (39.8%)
(RDMA_READ_CONSUME_CHECK_CONSUMER) timestamp=710 ms, used_size=16306176 bytes (39.8%)
(RDMA_READ_CONSUME_CHECK_CONSUMER) timestamp=710 ms, used_size=16304128 bytes (39.8%)
(RDMA_READ_CONSUME_CHECK_CONSUMER) timestamp=710 ms, used_size=16302080 bytes (39.8%)
(RDMA_READ_CONSUME_CHECK_CONSUMER) timestamp=710 ms, used_size=16300032 bytes (39.8%)
(RDMA_READ_CONSUME_CHECK_CONSUMER) timestamp=710 ms, used_size=16297984 bytes (39.8%)
(RDMA_READ_CONSUME_CHECK_CONSUMER) timestamp=710 ms, used_size=16295936 bytes (39.8%)
(RDMA_READ_CONSUME_CHECK_CONSUMER) timestamp=710 ms, used_size=16293888 bytes (39.8%)
(RDMA_READ_CONSUME_CHECK_CONSUMER) timestamp=710 ms, used_size=16291840 bytes (39.8%)
(RDMA_READ_CONSUME_CHECK_CONSUMER) timestamp=710 ms, used_size=16289792 bytes (39.8%)
(RDMA_READ_CONSUME_CHECK_CONSUMER) timestamp=710 ms, used_size=16287744 bytes (39.8%)
(RDMA_READ_CONSUME_CHECK_CONSUMER) timestamp=710 ms, used_size=16285696 bytes (39.8%)
(RDMA_READ_CONSUME_CHECK_CONSUMER) timestamp=710 ms, used_size=16283648 bytes (39.8%)
(RDMA_READ_CONSUME_CHECK_CONSUMER) timestamp=710 ms, used_size=16281600 bytes (39.8%)
(RDMA_READ_CONSUME_CHECK_CONSUMER) timestamp=710 ms, used_size=16279552 bytes (39.7%)
(RDMA_READ_CONSUME_CHECK_CONSUMER) timestamp=710 ms, used_size=16277504 bytes (39.7%)
(RDMA_READ_CONSUME_CHECK_CONSUMER) timestamp=710 ms, used_size=16275456 bytes (39.7%)
(RDMA_READ_CONSUME_CHECK_CONSUMER) timestamp=710 ms, used_size=16273408 bytes (39.7%)
(RDMA_READ_CONSUME_CHECK_CONSUMER) timestamp=710 ms, used_size=16271360 bytes (39.7%)
(RDMA_READ_CONSUME_CHECK_CONSUMER) timestamp=710 ms, used_size=16269312 bytes (39.7%)
(RDMA_READ_CONSUME_CHECK_CONSUMER) timestamp=710 ms, used_size=16267264 bytes (39.7%)
(RDMA_READ_CONSUME_CHECK_CONSUMER) timestamp=710 ms, used_size=16265216 bytes (39.7%)
(RDMA_READ_CONSUME_CHECK_CONSUMER) timestamp=710 ms, used_size=16263168 bytes (39.7%)
(RDMA_READ_CONSUME_CHECK_CONSUMER) timestamp=710 ms, used_size=16261120 bytes (39.7%)
(RDMA_READ_CONSUME_CHECK_CONSUMER) timestamp=710 ms, used_size=16259072 bytes (39.7%)
(RDMA_READ_CONSUME_CHECK_CONSUMER) timestamp=710 ms, used_size=16257024 bytes (39.7%)
(RDMA_READ_CONSUME_CHECK_CONSUMER) timestamp=710 ms, used_size=16254976 bytes (39.7%)
(RDMA_READ_CONSUME_CHECK_CONSUMER) timestamp=710 ms, used_size=16252928 bytes (39.7%)
(RDMA_READ_CONSUME_CHECK_CONSUMER) timestamp=710 ms, used_size=16250880 bytes (39.7%)
(RDMA_READ_CONSUME_CHECK_CONSUMER) timestamp=710 ms, used_size=16248832 bytes (39.7%)
(RDMA_READ_CONSUME_CHECK_CONSUMER) timestamp=710 ms, used_size=16246784 bytes (39.7%)
(RDMA_READ_CONSUME_CHECK_CONSUMER) timestamp=710 ms, used_size=16244736 bytes (39.7%)
(RDMA_READ_CONSUME_CHECK_CONSUMER) timestamp=710 ms, used_size=16242688 bytes (39.7%)
(RDMA_READ_CONSUME_CHECK_CONSUMER) timestamp=710 ms, used_size=16240640 bytes (39.6%)
(RDMA_READ_CONSUME_CHECK_CONSUMER) timestamp=710 ms, used_size=16238592 bytes (39.6%)
(RDMA_READ_CONSUME_CHECK_CONSUMER) timestamp=710 ms, used_size=16236544 bytes (39.6%)
(RDMA_READ_CONSUME_CHECK_CONSUMER) timestamp=710 ms, used_size=16234496 bytes (39.6%)
(RDMA_READ_CONSUME_CHECK_CONSUMER) timestamp=710 ms, used_size=16232448 bytes (39.6%)
(RDMA_READ_CONSUME_CHECK_CONSUMER) timestamp=710 ms, used_size=16230400 bytes (39.6%)
(RDMA_READ_CONSUME_CHECK_CONSUMER) timestamp=710 ms, used_size=16228352 bytes (39.6%)
(RDMA_READ_CONSUME_CHECK_CONSUMER) timestamp=710 ms, used_size=16226304 bytes (39.6%)
(RDMA_READ_CONSUME_CHECK_CONSUMER) timestamp=710 ms, used_size=16224256 bytes (39.6%)
(RDMA_READ_CONSUME_CHECK_CONSUMER) timestamp=710 ms, used_size=16222208 bytes (39.6%)
(RDMA_READ_CONSUME_CHECK_CONSUMER) timestamp=710 ms, used_size=16220160 bytes (39.6%)
(RDMA_READ_CONSUME_CHECK_CONSUMER) timestamp=710 ms, used_size=16218112 bytes (39.6%)
(RDMA_READ_CONSUME_CHECK_CONSUMER) timestamp=710 ms, used_size=16216064 bytes (39.6%)
(RDMA_READ_CONSUME_CHECK_CONSUMER) timestamp=710 ms, used_size=16214016 bytes (39.6%)
(RDMA_READ_CONSUME_CHECK_CONSUMER) timestamp=710 ms, used_size=16211968 bytes (39.6%)
(RDMA_READ_CONSUME_CHECK_CONSUMER) timestamp=710 ms, used_size=16209920 bytes (39.6%)
(RDMA_READ_CONSUME_CHECK_CONSUMER) timestamp=710 ms, used_size=16207872 bytes (39.6%)
(RDMA_READ_CONSUME_CHECK_CONSUMER) timestamp=710 ms, used_size=16205824 bytes (39.6%)
(RDMA_READ_CONSUME_CHECK_CONSUMER) timestamp=710 ms, used_size=16203776 bytes (39.6%)
(RDMA_READ_CONSUME_CHECK_CONSUMER) timestamp=710 ms, used_size=16201728 bytes (39.6%)
(RDMA_READ_CONSUME_CHECK_CONSUMER) timestamp=710 ms, used_size=16199680 bytes (39.5%)
(RDMA_READ_CONSUME_CHECK_CONSUMER) timestamp=710 ms, used_size=16197632 bytes (39.5%)
(RDMA_READ_CONSUME_CHECK_CONSUMER) timestamp=710 ms, used_size=16195584 bytes (39.5%)
(RDMA_READ_CONSUME_CHECK_CONSUMER) timestamp=710 ms, used_size=16193536 bytes (39.5%)
(RDMA_READ_CONSUME_CHECK_CONSUMER) timestamp=710 ms, used_size=16191488 bytes (39.5%)
(RDMA_READ_CONSUME_CHECK_CONSUMER) timestamp=710 ms, used_size=16189440 bytes (39.5%)
(RDMA_READ_CONSUME_CHECK_CONSUMER) timestamp=710 ms, used_size=16187392 bytes (39.5%)
(RDMA_READ_CONSUME_CHECK_CONSUMER) timestamp=710 ms, used_size=16185344 bytes (39.5%)
(RDMA_READ_CONSUME_CHECK_CONSUMER) timestamp=710 ms, used_size=16183296 bytes (39.5%)
(RDMA_READ_CONSUME_CHECK_CONSUMER) timestamp=710 ms, used_size=16181248 bytes (39.5%)
(RDMA_READ_CONSUME_CHECK_CONSUMER) timestamp=710 ms, used_size=16179200 bytes (39.5%)
(RDMA_READ_CONSUME_CHECK_CONSUMER) timestamp=710 ms, used_size=16177152 bytes (39.5%)
(RDMA_READ_CONSUME_CHECK_CONSUMER) timestamp=710 ms, used_size=16175104 bytes (39.5%)
(RDMA_READ_CONSUME_CHECK_CONSUMER) timestamp=710 ms, used_size=16173056 bytes (39.5%)
(RDMA_READ_CONSUME_CHECK_CONSUMER) timestamp=710 ms, used_size=16171008 bytes (39.5%)
(RDMA_READ_CONSUME_CHECK_CONSUMER) timestamp=710 ms, used_size=16168960 bytes (39.5%)
(RDMA_READ_CONSUME_CHECK_CONSUMER) timestamp=710 ms, used_size=16166912 bytes (39.5%)
(RDMA_READ_CONSUME_CHECK_CONSUMER) timestamp=710 ms, used_size=16164864 bytes (39.5%)
(RDMA_READ_CONSUME_CHECK_CONSUMER) timestamp=710 ms, used_size=16162816 bytes (39.5%)
(RDMA_READ_CONSUME_CHECK_CONSUMER) timestamp=710 ms, used_size=16160768 bytes (39.5%)
(RDMA_READ_CONSUME_CHECK_CONSUMER) timestamp=710 ms, used_size=16158720 bytes (39.5%)
(RDMA_READ_CONSUME_CHECK_CONSUMER) timestamp=710 ms, used_size=16156672 bytes (39.4%)
(RDMA_READ_CONSUME_CHECK_CONSUMER) timestamp=710 ms, used_size=16154624 bytes (39.4%)
(RDMA_READ_CONSUME_CHECK_CONSUMER) timestamp=710 ms, used_size=16152576 bytes (39.4%)
(RDMA_READ_CONSUME_CHECK_CONSUMER) timestamp=710 ms, used_size=16150528 bytes (39.4%)
(RDMA_READ_CONSUME_CHECK_CONSUMER) timestamp=710 ms, used_size=16148480 bytes (39.4%)
(RDMA_READ_CONSUME_CHECK_CONSUMER) timestamp=710 ms, used_size=16146432 bytes (39.4%)
(RDMA_READ_CONSUME_CHECK_CONSUMER) timestamp=710 ms, used_size=16144384 bytes (39.4%)
(RDMA_READ_CONSUME_CHECK_CONSUMER) timestamp=710 ms, used_size=16142336 bytes (39.4%)
(RDMA_READ_CONSUME_CHECK_CONSUMER) timestamp=710 ms, used_size=16140288 bytes (39.4%)
(RDMA_READ_CONSUME_CHECK_CONSUMER) timestamp=710 ms, used_size=16138240 bytes (39.4%)
(RDMA_READ_CONSUME_CHECK_CONSUMER) timestamp=710 ms, used_size=16136192 bytes (39.4%)
(RDMA_READ_CONSUME_CHECK_CONSUMER) timestamp=710 ms, used_size=16134144 bytes (39.4%)
(RDMA_READ_CONSUME_CHECK_CONSUMER) timestamp=710 ms, used_size=16132096 bytes (39.4%)
(RDMA_READ_CONSUME_CHECK_CONSUMER) timestamp=710 ms, used_size=16130048 bytes (39.4%)
(RDMA_READ_CONSUME_CHECK_CONSUMER) timestamp=710 ms, used_size=16128000 bytes (39.4%)
(RDMA_READ_CONSUME_CHECK_CONSUMER) timestamp=710 ms, used_size=16125952 bytes (39.4%)
(RDMA_READ_CONSUME_CHECK_CONSUMER) timestamp=710 ms, used_size=16123904 bytes (39.4%)
(RDMA_READ_CONSUME_CHECK_CONSUMER) timestamp=710 ms, used_size=16121856 bytes (39.4%)
(RDMA_READ_CONSUME_CHECK_CONSUMER) timestamp=710 ms, used_size=16119808 bytes (39.4%)
(RDMA_READ_CONSUME_CHECK_CONSUMER) timestamp=710 ms, used_size=16117760 bytes (39.4%)
(RDMA_READ_CONSUME_CHECK_CONSUMER) timestamp=710 ms, used_size=16115712 bytes (39.3%)
(RDMA_READ_CONSUME_CHECK_CONSUMER) timestamp=710 ms, used_size=16113664 bytes (39.3%)
(RDMA_READ_CONSUME_CHECK_CONSUMER) timestamp=710 ms, used_size=16111616 bytes (39.3%)
(RDMA_READ_CONSUME_CHECK_CONSUMER) timestamp=710 ms, used_size=16109568 bytes (39.3%)
(RDMA_READ_CONSUME_CHECK_CONSUMER) timestamp=710 ms, used_size=16107520 bytes (39.3%)
(RDMA_READ_CONSUME_CHECK_CONSUMER) timestamp=711 ms, used_size=16105472 bytes (39.3%)
(RDMA_READ_CONSUME_CHECK_CONSUMER) timestamp=711 ms, used_size=16103424 bytes (39.3%)
(RDMA_READ_CONSUME_CHECK_CONSUMER) timestamp=711 ms, used_size=16101376 bytes (39.3%)
(RDMA_READ_CONSUME_CHECK_CONSUMER) timestamp=711 ms, used_size=16099328 bytes (39.3%)
(RDMA_READ_CONSUME_CHECK_CONSUMER) timestamp=711 ms, used_size=16097280 bytes (39.3%)
(RDMA_READ_CONSUME_CHECK_CONSUMER) timestamp=711 ms, used_size=16095232 bytes (39.3%)
(RDMA_READ_CONSUME_CHECK_CONSUMER) timestamp=711 ms, used_size=16093184 bytes (39.3%)
(RDMA_READ_CONSUME_CHECK_CONSUMER) timestamp=711 ms, used_size=16091136 bytes (39.3%)
(RDMA_READ_CONSUME_CHECK_CONSUMER) timestamp=711 ms, used_size=16089088 bytes (39.3%)
(RDMA_READ_CONSUME_CHECK_CONSUMER) timestamp=711 ms, used_size=16087040 bytes (39.3%)
(RDMA_READ_CONSUME_CHECK_CONSUMER) timestamp=711 ms, used_size=16084992 bytes (39.3%)
(RDMA_READ_CONSUME_CHECK_CONSUMER) timestamp=711 ms, used_size=16082944 bytes (39.3%)
(RDMA_READ_CONSUME_CHECK_CONSUMER) timestamp=711 ms, used_size=16080896 bytes (39.3%)
(RDMA_READ_CONSUME_CHECK_CONSUMER) timestamp=711 ms, used_size=16078848 bytes (39.3%)
(RDMA_READ_CONSUME_CHECK_CONSUMER) timestamp=711 ms, used_size=16076800 bytes (39.2%)
(RDMA_READ_CONSUME_CHECK_CONSUMER) timestamp=711 ms, used_size=16074752 bytes (39.2%)
(RDMA_READ_CONSUME_CHECK_CONSUMER) timestamp=711 ms, used_size=16072704 bytes (39.2%)
(RDMA_READ_CONSUME_CHECK_CONSUMER) timestamp=711 ms, used_size=16070656 bytes (39.2%)
(RDMA_READ_CONSUME_CHECK_CONSUMER) timestamp=711 ms, used_size=16068608 bytes (39.2%)
(RDMA_READ_CONSUME_CHECK_CONSUMER) timestamp=711 ms, used_size=16066560 bytes (39.2%)
(RDMA_READ_CONSUME_CHECK_CONSUMER) timestamp=711 ms, used_size=16064512 bytes (39.2%)
(RDMA_READ_CONSUME_CHECK_CONSUMER) timestamp=711 ms, used_size=16062464 bytes (39.2%)
(RDMA_READ_CONSUME_CHECK_CONSUMER) timestamp=711 ms, used_size=16060416 bytes (39.2%)
(RDMA_READ_CONSUME_CHECK_CONSUMER) timestamp=711 ms, used_size=16058368 bytes (39.2%)
(RDMA_READ_CONSUME_CHECK_CONSUMER) timestamp=711 ms, used_size=16056320 bytes (39.2%)
(RDMA_READ_CONSUME_CHECK_CONSUMER) timestamp=711 ms, used_size=16054272 bytes (39.2%)
(RDMA_READ_CONSUME_CHECK_CONSUMER) timestamp=711 ms, used_size=16052224 bytes (39.2%)
(RDMA_READ_CONSUME_CHECK_CONSUMER) timestamp=711 ms, used_size=16050176 bytes (39.2%)
(RDMA_READ_CONSUME_CHECK_CONSUMER) timestamp=711 ms, used_size=16048128 bytes (39.2%)
(RDMA_READ_CONSUME_CHECK_CONSUMER) timestamp=711 ms, used_size=16046080 bytes (39.2%)
(RDMA_READ_CONSUME_CHECK_CONSUMER) timestamp=711 ms, used_size=16044032 bytes (39.2%)
(RDMA_READ_CONSUME_CHECK_CONSUMER) timestamp=711 ms, used_size=16041984 bytes (39.2%)
(RDMA_READ_CONSUME_CHECK_CONSUMER) timestamp=711 ms, used_size=16039936 bytes (39.2%)
(RDMA_READ_CONSUME_CHECK_CONSUMER) timestamp=711 ms, used_size=16037888 bytes (39.2%)
(RDMA_READ_CONSUME_CHECK_CONSUMER) timestamp=711 ms, used_size=16035840 bytes (39.1%)
(RDMA_READ_CONSUME_CHECK_CONSUMER) timestamp=711 ms, used_size=16033792 bytes (39.1%)
(RDMA_READ_CONSUME_CHECK_CONSUMER) timestamp=711 ms, used_size=16031744 bytes (39.1%)
(RDMA_READ_CONSUME_CHECK_CONSUMER) timestamp=711 ms, used_size=16029696 bytes (39.1%)
(RDMA_READ_CONSUME_CHECK_CONSUMER) timestamp=711 ms, used_size=16027648 bytes (39.1%)
(RDMA_READ_CONSUME_CHECK_CONSUMER) timestamp=711 ms, used_size=16025600 bytes (39.1%)
(RDMA_READ_CONSUME_CHECK_CONSUMER) timestamp=711 ms, used_size=16023552 bytes (39.1%)
(RDMA_READ_CONSUME_CHECK_CONSUMER) timestamp=711 ms, used_size=16021504 bytes (39.1%)
(RDMA_READ_CONSUME_CHECK_CONSUMER) timestamp=711 ms, used_size=16019456 bytes (39.1%)
(RDMA_READ_CONSUME_CHECK_CONSUMER) timestamp=711 ms, used_size=16017408 bytes (39.1%)
(RDMA_READ_CONSUME_CHECK_CONSUMER) timestamp=711 ms, used_size=16015360 bytes (39.1%)
(RDMA_READ_CONSUME_CHECK_CONSUMER) timestamp=711 ms, used_size=16013312 bytes (39.1%)
(RDMA_READ_CONSUME_CHECK_CONSUMER) timestamp=711 ms, used_size=16011264 bytes (39.1%)
(RDMA_READ_CONSUME_CHECK_CONSUMER) timestamp=711 ms, used_size=16009216 bytes (39.1%)
(RDMA_READ_CONSUME_CHECK_CONSUMER) timestamp=711 ms, used_size=16007168 bytes (39.1%)
(RDMA_READ_CONSUME_CHECK_CONSUMER) timestamp=711 ms, used_size=16005120 bytes (39.1%)
(RDMA_READ_CONSUME_CHECK_CONSUMER) timestamp=711 ms, used_size=16003072 bytes (39.1%)
(RDMA_READ_CONSUME_CHECK_CONSUMER) timestamp=711 ms, used_size=16001024 bytes (39.1%)
(RDMA_READ_CONSUME_CHECK_CONSUMER) timestamp=711 ms, used_size=15998976 bytes (39.1%)
(RDMA_READ_CONSUME_CHECK_CONSUMER) timestamp=711 ms, used_size=15996928 bytes (39.1%)
(RDMA_READ_CONSUME_CHECK_CONSUMER) timestamp=711 ms, used_size=15994880 bytes (39.0%)
(RDMA_READ_CONSUME_CHECK_CONSUMER) timestamp=711 ms, used_size=15992832 bytes (39.0%)
(RDMA_READ_CONSUME_CHECK_CONSUMER) timestamp=711 ms, used_size=15990784 bytes (39.0%)
(RDMA_READ_CONSUME_CHECK_CONSUMER) timestamp=711 ms, used_size=15988736 bytes (39.0%)
(RDMA_READ_CONSUME_CHECK_CONSUMER) timestamp=711 ms, used_size=15986688 bytes (39.0%)
(RDMA_READ_CONSUME_CHECK_CONSUMER) timestamp=711 ms, used_size=15984640 bytes (39.0%)
(RDMA_READ_CONSUME_CHECK_CONSUMER) timestamp=711 ms, used_size=15982592 bytes (39.0%)
(RDMA_READ_CONSUME_CHECK_CONSUMER) timestamp=711 ms, used_size=15980544 bytes (39.0%)
(RDMA_READ_CONSUME_CHECK_CONSUMER) timestamp=711 ms, used_size=15978496 bytes (39.0%)
(RDMA_READ_CONSUME_CHECK_CONSUMER) timestamp=711 ms, used_size=15976448 bytes (39.0%)
(RDMA_READ_CONSUME_CHECK_CONSUMER) timestamp=711 ms, used_size=15974400 bytes (39.0%)
(RDMA_READ_CONSUME_CHECK_CONSUMER) timestamp=711 ms, used_size=15972352 bytes (39.0%)
(RDMA_READ_CONSUME_CHECK_CONSUMER) timestamp=711 ms, used_size=15970304 bytes (39.0%)
(RDMA_READ_CONSUME_CHECK_CONSUMER) timestamp=711 ms, used_size=15968256 bytes (39.0%)
(RDMA_READ_CONSUME_CHECK_CONSUMER) timestamp=711 ms, used_size=15966208 bytes (39.0%)
(RDMA_READ_CONSUME_CHECK_CONSUMER) timestamp=711 ms, used_size=15964160 bytes (39.0%)
(RDMA_READ_CONSUME_CHECK_CONSUMER) timestamp=711 ms, used_size=15962112 bytes (39.0%)
(RDMA_READ_CONSUME_CHECK_CONSUMER) timestamp=711 ms, used_size=15960064 bytes (39.0%)
(RDMA_READ_CONSUME_CHECK_CONSUMER) timestamp=711 ms, used_size=15958016 bytes (39.0%)
(RDMA_READ_CONSUME_CHECK_CONSUMER) timestamp=711 ms, used_size=15955968 bytes (39.0%)
(RDMA_READ_CONSUME_CHECK_CONSUMER) timestamp=711 ms, used_size=15953920 bytes (39.0%)
(RDMA_READ_CONSUME_CHECK_CONSUMER) timestamp=711 ms, used_size=15951872 bytes (38.9%)
(RDMA_READ_CONSUME_CHECK_CONSUMER) timestamp=711 ms, used_size=15949824 bytes (38.9%)
(RDMA_READ_CONSUME_CHECK_CONSUMER) timestamp=711 ms, used_size=15947776 bytes (38.9%)
(RDMA_READ_CONSUME_CHECK_CONSUMER) timestamp=711 ms, used_size=15945728 bytes (38.9%)
(RDMA_READ_CONSUME_CHECK_CONSUMER) timestamp=711 ms, used_size=15943680 bytes (38.9%)
(RDMA_READ_CONSUME_CHECK_CONSUMER) timestamp=711 ms, used_size=15941632 bytes (38.9%)
(RDMA_READ_CONSUME_CHECK_CONSUMER) timestamp=711 ms, used_size=15939584 bytes (38.9%)
(RDMA_READ_CONSUME_CHECK_CONSUMER) timestamp=711 ms, used_size=15937536 bytes (38.9%)
(RDMA_READ_CONSUME_CHECK_CONSUMER) timestamp=711 ms, used_size=15935488 bytes (38.9%)
(RDMA_READ_CONSUME_CHECK_CONSUMER) timestamp=711 ms, used_size=15933440 bytes (38.9%)
(RDMA_READ_CONSUME_CHECK_CONSUMER) timestamp=711 ms, used_size=15931392 bytes (38.9%)
(RDMA_READ_CONSUME_CHECK_CONSUMER) timestamp=711 ms, used_size=15929344 bytes (38.9%)
(RDMA_READ_CONSUME_CHECK_CONSUMER) timestamp=711 ms, used_size=15927296 bytes (38.9%)
(RDMA_READ_CONSUME_CHECK_CONSUMER) timestamp=711 ms, used_size=15925248 bytes (38.9%)
(RDMA_READ_CONSUME_CHECK_CONSUMER) timestamp=711 ms, used_size=15923200 bytes (38.9%)
(RDMA_READ_CONSUME_CHECK_CONSUMER) timestamp=711 ms, used_size=15921152 bytes (38.9%)
(RDMA_READ_CONSUME_CHECK_CONSUMER) timestamp=711 ms, used_size=15919104 bytes (38.9%)
(RDMA_READ_CONSUME_CHECK_CONSUMER) timestamp=711 ms, used_size=15917056 bytes (38.9%)
(RDMA_READ_CONSUME_CHECK_CONSUMER) timestamp=711 ms, used_size=15915008 bytes (38.9%)
(RDMA_READ_CONSUME_CHECK_CONSUMER) timestamp=711 ms, used_size=15912960 bytes (38.9%)
(RDMA_READ_CONSUME_CHECK_CONSUMER) timestamp=711 ms, used_size=15910912 bytes (38.8%)
(RDMA_READ_CONSUME_CHECK_CONSUMER) timestamp=711 ms, used_size=15908864 bytes (38.8%)
(RDMA_READ_CONSUME_CHECK_CONSUMER) timestamp=711 ms, used_size=15906816 bytes (38.8%)
(RDMA_READ_CONSUME_CHECK_CONSUMER) timestamp=711 ms, used_size=15904768 bytes (38.8%)
(RDMA_READ_CONSUME_CHECK_CONSUMER) timestamp=711 ms, used_size=15902720 bytes (38.8%)
(RDMA_READ_CONSUME_CHECK_CONSUMER) timestamp=711 ms, used_size=15900672 bytes (38.8%)
(RDMA_READ_CONSUME_CHECK_CONSUMER) timestamp=711 ms, used_size=15898624 bytes (38.8%)
(RDMA_READ_CONSUME_CHECK_CONSUMER) timestamp=711 ms, used_size=15896576 bytes (38.8%)
(RDMA_READ_CONSUME_CHECK_CONSUMER) timestamp=711 ms, used_size=15894528 bytes (38.8%)
(RDMA_READ_CONSUME_CHECK_CONSUMER) timestamp=711 ms, used_size=15892480 bytes (38.8%)
(RDMA_READ_CONSUME_CHECK_CONSUMER) timestamp=711 ms, used_size=15890432 bytes (38.8%)
(RDMA_READ_CONSUME_CHECK_CONSUMER) timestamp=711 ms, used_size=15888384 bytes (38.8%)
(RDMA_READ_CONSUME_CHECK_CONSUMER) timestamp=711 ms, used_size=15886336 bytes (38.8%)
(RDMA_READ_CONSUME_CHECK_CONSUMER) timestamp=711 ms, used_size=15884288 bytes (38.8%)
(RDMA_READ_CONSUME_CHECK_CONSUMER) timestamp=711 ms, used_size=15882240 bytes (38.8%)
(RDMA_READ_CONSUME_CHECK_CONSUMER) timestamp=711 ms, used_size=15880192 bytes (38.8%)
(RDMA_READ_CONSUME_CHECK_CONSUMER) timestamp=711 ms, used_size=15878144 bytes (38.8%)
(RDMA_READ_CONSUME_CHECK_CONSUMER) timestamp=711 ms, used_size=15876096 bytes (38.8%)
(RDMA_READ_CONSUME_CHECK_CONSUMER) timestamp=711 ms, used_size=15874048 bytes (38.8%)
(RDMA_READ_CONSUME_CHECK_CONSUMER) timestamp=711 ms, used_size=15872000 bytes (38.8%)
(RDMA_READ_CONSUME_CHECK_CONSUMER) timestamp=711 ms, used_size=15869952 bytes (38.7%)
(RDMA_READ_CONSUME_CHECK_CONSUMER) timestamp=711 ms, used_size=15867904 bytes (38.7%)
(RDMA_READ_CONSUME_CHECK_CONSUMER) timestamp=711 ms, used_size=15865856 bytes (38.7%)
(RDMA_READ_CONSUME_CHECK_CONSUMER) timestamp=711 ms, used_size=15863808 bytes (38.7%)
(RDMA_READ_CONSUME_CHECK_CONSUMER) timestamp=711 ms, used_size=15861760 bytes (38.7%)
(RDMA_READ_CONSUME_CHECK_CONSUMER) timestamp=711 ms, used_size=15859712 bytes (38.7%)
(RDMA_READ_CONSUME_CHECK_CONSUMER) timestamp=711 ms, used_size=15857664 bytes (38.7%)
(RDMA_READ_CONSUME_CHECK_CONSUMER) timestamp=711 ms, used_size=15855616 bytes (38.7%)
(RDMA_READ_CONSUME_CHECK_CONSUMER) timestamp=711 ms, used_size=15853568 bytes (38.7%)
(RDMA_READ_CONSUME_CHECK_CONSUMER) timestamp=711 ms, used_size=15851520 bytes (38.7%)
(RDMA_READ_CONSUME_CHECK_CONSUMER) timestamp=711 ms, used_size=15849472 bytes (38.7%)
(RDMA_READ_CONSUME_CHECK_CONSUMER) timestamp=711 ms, used_size=15847424 bytes (38.7%)
(RDMA_READ_CONSUME_CHECK_CONSUMER) timestamp=711 ms, used_size=15845376 bytes (38.7%)
(RDMA_READ_CONSUME_CHECK_CONSUMER) timestamp=711 ms, used_size=15843328 bytes (38.7%)
(RDMA_READ_CONSUME_CHECK_CONSUMER) timestamp=711 ms, used_size=15841280 bytes (38.7%)
(RDMA_READ_CONSUME_CHECK_CONSUMER) timestamp=711 ms, used_size=15839232 bytes (38.7%)
(RDMA_READ_CONSUME_CHECK_CONSUMER) timestamp=711 ms, used_size=15837184 bytes (38.7%)
(RDMA_READ_CONSUME_CHECK_CONSUMER) timestamp=711 ms, used_size=15835136 bytes (38.7%)
(RDMA_READ_CONSUME_CHECK_CONSUMER) timestamp=711 ms, used_size=15833088 bytes (38.7%)
(RDMA_READ_CONSUME_CHECK_CONSUMER) timestamp=711 ms, used_size=15831040 bytes (38.6%)
(RDMA_READ_CONSUME_CHECK_CONSUMER) timestamp=711 ms, used_size=15828992 bytes (38.6%)
(RDMA_READ_CONSUME_CHECK_CONSUMER) timestamp=711 ms, used_size=15826944 bytes (38.6%)
(RDMA_READ_CONSUME_CHECK_CONSUMER) timestamp=711 ms, used_size=15824896 bytes (38.6%)
(RDMA_READ_CONSUME_CHECK_CONSUMER) timestamp=711 ms, used_size=15822848 bytes (38.6%)
(RDMA_READ_CONSUME_CHECK_CONSUMER) timestamp=711 ms, used_size=15820800 bytes (38.6%)
(RDMA_READ_CONSUME_CHECK_CONSUMER) timestamp=711 ms, used_size=15818752 bytes (38.6%)
(RDMA_READ_CONSUME_CHECK_CONSUMER) timestamp=711 ms, used_size=15816704 bytes (38.6%)
(RDMA_READ_CONSUME_CHECK_CONSUMER) timestamp=711 ms, used_size=15814656 bytes (38.6%)
(RDMA_READ_CONSUME_CHECK_CONSUMER) timestamp=711 ms, used_size=15812608 bytes (38.6%)
(RDMA_READ_CONSUME_CHECK_CONSUMER) timestamp=711 ms, used_size=15810560 bytes (38.6%)
(RDMA_READ_CONSUME_CHECK_CONSUMER) timestamp=711 ms, used_size=15808512 bytes (38.6%)
(RDMA_READ_CONSUME_CHECK_CONSUMER) timestamp=711 ms, used_size=15806464 bytes (38.6%)
(RDMA_READ_CONSUME_CHECK_CONSUMER) timestamp=711 ms, used_size=15804416 bytes (38.6%)
(RDMA_READ_CONSUME_CHECK_CONSUMER) timestamp=711 ms, used_size=15802368 bytes (38.6%)
(RDMA_READ_CONSUME_CHECK_CONSUMER) timestamp=711 ms, used_size=15800320 bytes (38.6%)
(RDMA_READ_CONSUME_CHECK_CONSUMER) timestamp=711 ms, used_size=15798272 bytes (38.6%)
(RDMA_READ_CONSUME_CHECK_CONSUMER) timestamp=711 ms, used_size=15796224 bytes (38.6%)
(RDMA_READ_CONSUME_CHECK_CONSUMER) timestamp=711 ms, used_size=15794176 bytes (38.6%)
(RDMA_READ_CONSUME_CHECK_CONSUMER) timestamp=711 ms, used_size=15792128 bytes (38.6%)
(RDMA_READ_CONSUME_CHECK_CONSUMER) timestamp=711 ms, used_size=15790080 bytes (38.5%)
(RDMA_READ_CONSUME_CHECK_CONSUMER) timestamp=711 ms, used_size=15788032 bytes (38.5%)
(RDMA_READ_CONSUME_CHECK_CONSUMER) timestamp=711 ms, used_size=15785984 bytes (38.5%)
(RDMA_READ_CONSUME_CHECK_CONSUMER) timestamp=711 ms, used_size=15783936 bytes (38.5%)
(RDMA_READ_CONSUME_CHECK_CONSUMER) timestamp=711 ms, used_size=15781888 bytes (38.5%)
(RDMA_READ_CONSUME_CHECK_CONSUMER) timestamp=711 ms, used_size=15779840 bytes (38.5%)
(RDMA_READ_CONSUME_CHECK_CONSUMER) timestamp=711 ms, used_size=15777792 bytes (38.5%)
(RDMA_READ_CONSUME_CHECK_CONSUMER) timestamp=711 ms, used_size=15775744 bytes (38.5%)
(RDMA_READ_CONSUME_CHECK_CONSUMER) timestamp=711 ms, used_size=15773696 bytes (38.5%)
(RDMA_READ_CONSUME_CHECK_CONSUMER) timestamp=711 ms, used_size=15771648 bytes (38.5%)
(RDMA_READ_CONSUME_CHECK_CONSUMER) timestamp=711 ms, used_size=15769600 bytes (38.5%)
(RDMA_READ_CONSUME_CHECK_CONSUMER) timestamp=711 ms, used_size=15767552 bytes (38.5%)
(RDMA_READ_CONSUME_CHECK_CONSUMER) timestamp=711 ms, used_size=15765504 bytes (38.5%)
(RDMA_READ_CONSUME_CHECK_CONSUMER) timestamp=711 ms, used_size=15763456 bytes (38.5%)
(RDMA_READ_CONSUME_CHECK_CONSUMER) timestamp=711 ms, used_size=15761408 bytes (38.5%)
(RDMA_READ_CONSUME_CHECK_CONSUMER) timestamp=711 ms, used_size=15759360 bytes (38.5%)
(RDMA_READ_CONSUME_CHECK_CONSUMER) timestamp=711 ms, used_size=15757312 bytes (38.5%)
(RDMA_READ_CONSUME_CHECK_CONSUMER) timestamp=711 ms, used_size=15755264 bytes (38.5%)
(RDMA_READ_CONSUME_CHECK_CONSUMER) timestamp=711 ms, used_size=15753216 bytes (38.5%)
(RDMA_READ_CONSUME_CHECK_CONSUMER) timestamp=711 ms, used_size=15751168 bytes (38.5%)
(RDMA_READ_CONSUME_CHECK_CONSUMER) timestamp=711 ms, used_size=15749120 bytes (38.5%)
(RDMA_READ_CONSUME_CHECK_CONSUMER) timestamp=711 ms, used_size=15747072 bytes (38.4%)
(RDMA_READ_CONSUME_CHECK_CONSUMER) timestamp=711 ms, used_size=15745024 bytes (38.4%)
(RDMA_READ_CONSUME_CHECK_CONSUMER) timestamp=711 ms, used_size=15742976 bytes (38.4%)
(RDMA_READ_CONSUME_CHECK_CONSUMER) timestamp=711 ms, used_size=15740928 bytes (38.4%)
(RDMA_READ_CONSUME_CHECK_CONSUMER) timestamp=711 ms, used_size=15738880 bytes (38.4%)
(RDMA_READ_CONSUME_CHECK_CONSUMER) timestamp=711 ms, used_size=15736832 bytes (38.4%)
(RDMA_READ_CONSUME_CHECK_CONSUMER) timestamp=711 ms, used_size=15734784 bytes (38.4%)
(RDMA_READ_CONSUME_CHECK_CONSUMER) timestamp=711 ms, used_size=15732736 bytes (38.4%)
(RDMA_READ_CONSUME_CHECK_CONSUMER) timestamp=711 ms, used_size=15730688 bytes (38.4%)
(RDMA_READ_CONSUME_CHECK_CONSUMER) timestamp=712 ms, used_size=15728640 bytes (38.4%)
(RDMA_READ_CONSUME_CHECK_CONSUMER) timestamp=712 ms, used_size=15726592 bytes (38.4%)
(RDMA_READ_CONSUME_CHECK_CONSUMER) timestamp=712 ms, used_size=15724544 bytes (38.4%)
(RDMA_READ_CONSUME_CHECK_CONSUMER) timestamp=712 ms, used_size=15722496 bytes (38.4%)
(RDMA_READ_CONSUME_CHECK_CONSUMER) timestamp=712 ms, used_size=15720448 bytes (38.4%)
(RDMA_READ_CONSUME_CHECK_CONSUMER) timestamp=712 ms, used_size=15718400 bytes (38.4%)
(RDMA_READ_CONSUME_CHECK_CONSUMER) timestamp=712 ms, used_size=15716352 bytes (38.4%)
(RDMA_READ_CONSUME_CHECK_CONSUMER) timestamp=712 ms, used_size=15714304 bytes (38.4%)
(RDMA_READ_CONSUME_CHECK_CONSUMER) timestamp=712 ms, used_size=15712256 bytes (38.4%)
(RDMA_READ_CONSUME_CHECK_CONSUMER) timestamp=712 ms, used_size=15710208 bytes (38.4%)
(RDMA_READ_CONSUME_CHECK_CONSUMER) timestamp=712 ms, used_size=15708160 bytes (38.4%)
(RDMA_READ_CONSUME_CHECK_CONSUMER) timestamp=712 ms, used_size=15706112 bytes (38.3%)
(RDMA_READ_CONSUME_CHECK_CONSUMER) timestamp=712 ms, used_size=15704064 bytes (38.3%)
(RDMA_READ_CONSUME_CHECK_CONSUMER) timestamp=712 ms, used_size=15702016 bytes (38.3%)
(RDMA_READ_CONSUME_CHECK_CONSUMER) timestamp=712 ms, used_size=15699968 bytes (38.3%)
(RDMA_READ_CONSUME_CHECK_CONSUMER) timestamp=712 ms, used_size=15697920 bytes (38.3%)
(RDMA_READ_CONSUME_CHECK_CONSUMER) timestamp=712 ms, used_size=15695872 bytes (38.3%)
(RDMA_READ_CONSUME_CHECK_CONSUMER) timestamp=712 ms, used_size=15693824 bytes (38.3%)
(RDMA_READ_CONSUME_CHECK_CONSUMER) timestamp=712 ms, used_size=15691776 bytes (38.3%)
(RDMA_READ_CONSUME_CHECK_CONSUMER) timestamp=712 ms, used_size=15689728 bytes (38.3%)
(RDMA_READ_CONSUME_CHECK_CONSUMER) timestamp=712 ms, used_size=15687680 bytes (38.3%)
(RDMA_READ_CONSUME_CHECK_CONSUMER) timestamp=712 ms, used_size=15685632 bytes (38.3%)
(RDMA_READ_CONSUME_CHECK_CONSUMER) timestamp=712 ms, used_size=15683584 bytes (38.3%)
(RDMA_READ_CONSUME_CHECK_CONSUMER) timestamp=712 ms, used_size=15681536 bytes (38.3%)
(RDMA_READ_CONSUME_CHECK_CONSUMER) timestamp=712 ms, used_size=15679488 bytes (38.3%)
(RDMA_READ_CONSUME_CHECK_CONSUMER) timestamp=712 ms, used_size=15677440 bytes (38.3%)
(RDMA_READ_CONSUME_CHECK_CONSUMER) timestamp=712 ms, used_size=15675392 bytes (38.3%)
(RDMA_READ_CONSUME_CHECK_CONSUMER) timestamp=712 ms, used_size=15673344 bytes (38.3%)
(RDMA_READ_CONSUME_CHECK_CONSUMER) timestamp=712 ms, used_size=15671296 bytes (38.3%)
(RDMA_READ_CONSUME_CHECK_CONSUMER) timestamp=712 ms, used_size=15669248 bytes (38.3%)
(RDMA_READ_CONSUME_CHECK_CONSUMER) timestamp=712 ms, used_size=15667200 bytes (38.2%)
(RDMA_READ_CONSUME_CHECK_CONSUMER) timestamp=712 ms, used_size=15665152 bytes (38.2%)
(RDMA_READ_CONSUME_CHECK_CONSUMER) timestamp=712 ms, used_size=15663104 bytes (38.2%)
(RDMA_READ_CONSUME_CHECK_CONSUMER) timestamp=712 ms, used_size=15661056 bytes (38.2%)
(RDMA_READ_CONSUME_CHECK_CONSUMER) timestamp=712 ms, used_size=15659008 bytes (38.2%)
(RDMA_READ_CONSUME_CHECK_CONSUMER) timestamp=712 ms, used_size=15656960 bytes (38.2%)
(RDMA_READ_CONSUME_CHECK_CONSUMER) timestamp=712 ms, used_size=15654912 bytes (38.2%)
(RDMA_READ_CONSUME_CHECK_CONSUMER) timestamp=712 ms, used_size=15652864 bytes (38.2%)
(RDMA_READ_CONSUME_CHECK_CONSUMER) timestamp=712 ms, used_size=15650816 bytes (38.2%)
(RDMA_READ_CONSUME_CHECK_CONSUMER) timestamp=712 ms, used_size=15648768 bytes (38.2%)
(RDMA_READ_CONSUME_CHECK_CONSUMER) timestamp=712 ms, used_size=15646720 bytes (38.2%)
(RDMA_READ_CONSUME_CHECK_CONSUMER) timestamp=712 ms, used_size=15644672 bytes (38.2%)
(RDMA_READ_CONSUME_CHECK_CONSUMER) timestamp=712 ms, used_size=15642624 bytes (38.2%)
(RDMA_READ_CONSUME_CHECK_CONSUMER) timestamp=712 ms, used_size=15640576 bytes (38.2%)
(RDMA_READ_CONSUME_CHECK_CONSUMER) timestamp=712 ms, used_size=15638528 bytes (38.2%)
(RDMA_READ_CONSUME_CHECK_CONSUMER) timestamp=712 ms, used_size=15636480 bytes (38.2%)
(RDMA_READ_CONSUME_CHECK_CONSUMER) timestamp=712 ms, used_size=15634432 bytes (38.2%)
(RDMA_READ_CONSUME_CHECK_CONSUMER) timestamp=712 ms, used_size=15632384 bytes (38.2%)
(RDMA_READ_CONSUME_CHECK_CONSUMER) timestamp=712 ms, used_size=15630336 bytes (38.2%)
(RDMA_READ_CONSUME_CHECK_CONSUMER) timestamp=712 ms, used_size=15628288 bytes (38.2%)
(RDMA_READ_CONSUME_CHECK_CONSUMER) timestamp=712 ms, used_size=15626240 bytes (38.1%)
(RDMA_READ_CONSUME_CHECK_CONSUMER) timestamp=712 ms, used_size=15624192 bytes (38.1%)
(RDMA_READ_CONSUME_CHECK_CONSUMER) timestamp=712 ms, used_size=15622144 bytes (38.1%)
(RDMA_READ_CONSUME_CHECK_CONSUMER) timestamp=712 ms, used_size=15620096 bytes (38.1%)
(RDMA_READ_CONSUME_CHECK_CONSUMER) timestamp=712 ms, used_size=15618048 bytes (38.1%)
(RDMA_READ_CONSUME_CHECK_CONSUMER) timestamp=712 ms, used_size=15616000 bytes (38.1%)
(RDMA_READ_CONSUME_CHECK_CONSUMER) timestamp=712 ms, used_size=15613952 bytes (38.1%)
(RDMA_READ_CONSUME_CHECK_CONSUMER) timestamp=712 ms, used_size=15611904 bytes (38.1%)
(RDMA_READ_CONSUME_CHECK_CONSUMER) timestamp=712 ms, used_size=15609856 bytes (38.1%)
(RDMA_READ_CONSUME_CHECK_CONSUMER) timestamp=712 ms, used_size=15607808 bytes (38.1%)
(RDMA_READ_CONSUME_CHECK_CONSUMER) timestamp=712 ms, used_size=15605760 bytes (38.1%)
(RDMA_READ_CONSUME_CHECK_CONSUMER) timestamp=712 ms, used_size=15603712 bytes (38.1%)
(RDMA_READ_CONSUME_CHECK_CONSUMER) timestamp=712 ms, used_size=15601664 bytes (38.1%)
(RDMA_READ_CONSUME_CHECK_CONSUMER) timestamp=712 ms, used_size=15599616 bytes (38.1%)
(RDMA_READ_CONSUME_CHECK_CONSUMER) timestamp=712 ms, used_size=15597568 bytes (38.1%)
(RDMA_READ_CONSUME_CHECK_CONSUMER) timestamp=712 ms, used_size=15595520 bytes (38.1%)
(RDMA_READ_CONSUME_CHECK_CONSUMER) timestamp=712 ms, used_size=15593472 bytes (38.1%)
(RDMA_READ_CONSUME_CHECK_CONSUMER) timestamp=712 ms, used_size=15591424 bytes (38.1%)
(RDMA_READ_CONSUME_CHECK_CONSUMER) timestamp=712 ms, used_size=15589376 bytes (38.1%)
(RDMA_READ_CONSUME_CHECK_CONSUMER) timestamp=712 ms, used_size=15587328 bytes (38.1%)
(RDMA_READ_CONSUME_CHECK_CONSUMER) timestamp=712 ms, used_size=15585280 bytes (38.0%)
(RDMA_READ_CONSUME_CHECK_CONSUMER) timestamp=712 ms, used_size=15583232 bytes (38.0%)
(RDMA_READ_CONSUME_CHECK_CONSUMER) timestamp=712 ms, used_size=15581184 bytes (38.0%)
(RDMA_READ_CONSUME_CHECK_CONSUMER) timestamp=712 ms, used_size=15579136 bytes (38.0%)
(RDMA_READ_CONSUME_CHECK_CONSUMER) timestamp=712 ms, used_size=15577088 bytes (38.0%)
(RDMA_READ_CONSUME_CHECK_CONSUMER) timestamp=712 ms, used_size=15575040 bytes (38.0%)
(RDMA_READ_CONSUME_CHECK_CONSUMER) timestamp=712 ms, used_size=15572992 bytes (38.0%)
(RDMA_READ_CONSUME_CHECK_CONSUMER) timestamp=712 ms, used_size=15570944 bytes (38.0%)
(RDMA_READ_CONSUME_CHECK_CONSUMER) timestamp=712 ms, used_size=15568896 bytes (38.0%)
(RDMA_READ_CONSUME_CHECK_CONSUMER) timestamp=712 ms, used_size=15566848 bytes (38.0%)
(RDMA_READ_CONSUME_CHECK_CONSUMER) timestamp=712 ms, used_size=15564800 bytes (38.0%)
(RDMA_READ_CONSUME_CHECK_CONSUMER) timestamp=712 ms, used_size=15562752 bytes (38.0%)
(RDMA_READ_CONSUME_CHECK_CONSUMER) timestamp=712 ms, used_size=15560704 bytes (38.0%)
(RDMA_READ_CONSUME_CHECK_CONSUMER) timestamp=712 ms, used_size=15558656 bytes (38.0%)
(RDMA_READ_CONSUME_CHECK_CONSUMER) timestamp=712 ms, used_size=15556608 bytes (38.0%)
(RDMA_READ_CONSUME_CHECK_CONSUMER) timestamp=712 ms, used_size=15554560 bytes (38.0%)
(RDMA_READ_CONSUME_CHECK_CONSUMER) timestamp=712 ms, used_size=15552512 bytes (38.0%)
(RDMA_READ_CONSUME_CHECK_CONSUMER) timestamp=712 ms, used_size=15550464 bytes (38.0%)
(RDMA_READ_CONSUME_CHECK_CONSUMER) timestamp=712 ms, used_size=15548416 bytes (38.0%)
(RDMA_READ_CONSUME_CHECK_CONSUMER) timestamp=712 ms, used_size=15546368 bytes (38.0%)
(RDMA_READ_CONSUME_CHECK_CONSUMER) timestamp=712 ms, used_size=15544320 bytes (38.0%)
(RDMA_READ_CONSUME_CHECK_CONSUMER) timestamp=712 ms, used_size=15542272 bytes (37.9%)
(RDMA_READ_CONSUME_CHECK_CONSUMER) timestamp=712 ms, used_size=15540224 bytes (37.9%)
(RDMA_READ_CONSUME_CHECK_CONSUMER) timestamp=712 ms, used_size=15538176 bytes (37.9%)
(RDMA_READ_CONSUME_CHECK_CONSUMER) timestamp=712 ms, used_size=15536128 bytes (37.9%)
(RDMA_READ_CONSUME_CHECK_CONSUMER) timestamp=712 ms, used_size=15534080 bytes (37.9%)
(RDMA_READ_CONSUME_CHECK_CONSUMER) timestamp=712 ms, used_size=15532032 bytes (37.9%)
(RDMA_READ_CONSUME_CHECK_CONSUMER) timestamp=712 ms, used_size=15529984 bytes (37.9%)
(RDMA_READ_CONSUME_CHECK_CONSUMER) timestamp=712 ms, used_size=15527936 bytes (37.9%)
(RDMA_READ_CONSUME_CHECK_CONSUMER) timestamp=712 ms, used_size=15525888 bytes (37.9%)
(RDMA_READ_CONSUME_CHECK_CONSUMER) timestamp=712 ms, used_size=15523840 bytes (37.9%)
(RDMA_READ_CONSUME_CHECK_CONSUMER) timestamp=712 ms, used_size=15521792 bytes (37.9%)
(RDMA_READ_CONSUME_CHECK_CONSUMER) timestamp=712 ms, used_size=15519744 bytes (37.9%)
(RDMA_READ_CONSUME_CHECK_CONSUMER) timestamp=712 ms, used_size=15517696 bytes (37.9%)
(RDMA_READ_CONSUME_CHECK_CONSUMER) timestamp=712 ms, used_size=15515648 bytes (37.9%)
(RDMA_READ_CONSUME_CHECK_CONSUMER) timestamp=712 ms, used_size=15513600 bytes (37.9%)
(RDMA_READ_CONSUME_CHECK_CONSUMER) timestamp=712 ms, used_size=15511552 bytes (37.9%)
(RDMA_READ_CONSUME_CHECK_CONSUMER) timestamp=712 ms, used_size=15509504 bytes (37.9%)
(RDMA_READ_CONSUME_CHECK_CONSUMER) timestamp=712 ms, used_size=15507456 bytes (37.9%)
(RDMA_READ_CONSUME_CHECK_CONSUMER) timestamp=712 ms, used_size=15505408 bytes (37.9%)
(RDMA_READ_CONSUME_CHECK_CONSUMER) timestamp=712 ms, used_size=15503360 bytes (37.9%)
(RDMA_READ_CONSUME_CHECK_CONSUMER) timestamp=712 ms, used_size=15501312 bytes (37.8%)
(RDMA_READ_CONSUME_CHECK_CONSUMER) timestamp=712 ms, used_size=15499264 bytes (37.8%)
(RDMA_READ_CONSUME_CHECK_CONSUMER) timestamp=712 ms, used_size=15497216 bytes (37.8%)
(RDMA_READ_CONSUME_CHECK_CONSUMER) timestamp=712 ms, used_size=15495168 bytes (37.8%)
(RDMA_READ_CONSUME_CHECK_CONSUMER) timestamp=712 ms, used_size=15493120 bytes (37.8%)
(RDMA_READ_CONSUME_CHECK_CONSUMER) timestamp=712 ms, used_size=15491072 bytes (37.8%)
(RDMA_READ_CONSUME_CHECK_CONSUMER) timestamp=712 ms, used_size=15489024 bytes (37.8%)
(RDMA_READ_CONSUME_CHECK_CONSUMER) timestamp=712 ms, used_size=15486976 bytes (37.8%)
(RDMA_READ_CONSUME_CHECK_CONSUMER) timestamp=712 ms, used_size=15484928 bytes (37.8%)
(RDMA_READ_CONSUME_CHECK_CONSUMER) timestamp=712 ms, used_size=15482880 bytes (37.8%)
(RDMA_READ_CONSUME_CHECK_CONSUMER) timestamp=712 ms, used_size=15480832 bytes (37.8%)
(RDMA_READ_CONSUME_CHECK_CONSUMER) timestamp=712 ms, used_size=15478784 bytes (37.8%)
(RDMA_READ_CONSUME_CHECK_CONSUMER) timestamp=712 ms, used_size=15476736 bytes (37.8%)
(RDMA_READ_CONSUME_CHECK_CONSUMER) timestamp=712 ms, used_size=15474688 bytes (37.8%)
(RDMA_READ_CONSUME_CHECK_CONSUMER) timestamp=712 ms, used_size=15472640 bytes (37.8%)
(RDMA_READ_CONSUME_CHECK_CONSUMER) timestamp=712 ms, used_size=15470592 bytes (37.8%)
(RDMA_READ_CONSUME_CHECK_CONSUMER) timestamp=712 ms, used_size=15468544 bytes (37.8%)
(RDMA_READ_CONSUME_CHECK_CONSUMER) timestamp=712 ms, used_size=15466496 bytes (37.8%)
(RDMA_READ_CONSUME_CHECK_CONSUMER) timestamp=712 ms, used_size=15464448 bytes (37.8%)
(RDMA_READ_CONSUME_CHECK_CONSUMER) timestamp=712 ms, used_size=15462400 bytes (37.8%)
(RDMA_READ_CONSUME_CHECK_CONSUMER) timestamp=712 ms, used_size=15460352 bytes (37.7%)
(RDMA_READ_CONSUME_CHECK_CONSUMER) timestamp=712 ms, used_size=15458304 bytes (37.7%)
(RDMA_READ_CONSUME_CHECK_CONSUMER) timestamp=712 ms, used_size=15456256 bytes (37.7%)
(RDMA_READ_CONSUME_CHECK_CONSUMER) timestamp=712 ms, used_size=15454208 bytes (37.7%)
(RDMA_READ_CONSUME_CHECK_CONSUMER) timestamp=712 ms, used_size=15452160 bytes (37.7%)
(RDMA_READ_CONSUME_CHECK_CONSUMER) timestamp=712 ms, used_size=15450112 bytes (37.7%)
(RDMA_READ_CONSUME_CHECK_CONSUMER) timestamp=712 ms, used_size=15448064 bytes (37.7%)
(RDMA_READ_CONSUME_CHECK_CONSUMER) timestamp=712 ms, used_size=15446016 bytes (37.7%)
(RDMA_READ_CONSUME_CHECK_CONSUMER) timestamp=712 ms, used_size=15443968 bytes (37.7%)
(RDMA_READ_CONSUME_CHECK_CONSUMER) timestamp=712 ms, used_size=15441920 bytes (37.7%)
(RDMA_READ_CONSUME_CHECK_CONSUMER) timestamp=712 ms, used_size=15439872 bytes (37.7%)
(RDMA_READ_CONSUME_CHECK_CONSUMER) timestamp=712 ms, used_size=15437824 bytes (37.7%)
(RDMA_READ_CONSUME_CHECK_CONSUMER) timestamp=712 ms, used_size=15435776 bytes (37.7%)
(RDMA_READ_CONSUME_CHECK_CONSUMER) timestamp=712 ms, used_size=15433728 bytes (37.7%)
(RDMA_READ_CONSUME_CHECK_CONSUMER) timestamp=712 ms, used_size=15431680 bytes (37.7%)
(RDMA_READ_CONSUME_CHECK_CONSUMER) timestamp=712 ms, used_size=15429632 bytes (37.7%)
(RDMA_READ_CONSUME_CHECK_CONSUMER) timestamp=712 ms, used_size=15427584 bytes (37.7%)
(RDMA_READ_CONSUME_CHECK_CONSUMER) timestamp=712 ms, used_size=15425536 bytes (37.7%)
(RDMA_READ_CONSUME_CHECK_CONSUMER) timestamp=712 ms, used_size=15423488 bytes (37.7%)
(RDMA_READ_CONSUME_CHECK_CONSUMER) timestamp=712 ms, used_size=15421440 bytes (37.6%)
(RDMA_READ_CONSUME_CHECK_CONSUMER) timestamp=712 ms, used_size=15419392 bytes (37.6%)
(RDMA_READ_CONSUME_CHECK_CONSUMER) timestamp=712 ms, used_size=15417344 bytes (37.6%)
(RDMA_READ_CONSUME_CHECK_CONSUMER) timestamp=712 ms, used_size=15415296 bytes (37.6%)
(RDMA_READ_CONSUME_CHECK_CONSUMER) timestamp=712 ms, used_size=15413248 bytes (37.6%)
(RDMA_READ_CONSUME_CHECK_CONSUMER) timestamp=712 ms, used_size=15411200 bytes (37.6%)
(RDMA_READ_CONSUME_CHECK_CONSUMER) timestamp=712 ms, used_size=15409152 bytes (37.6%)
(RDMA_READ_CONSUME_CHECK_CONSUMER) timestamp=712 ms, used_size=15407104 bytes (37.6%)
(RDMA_READ_CONSUME_CHECK_CONSUMER) timestamp=712 ms, used_size=15405056 bytes (37.6%)
(RDMA_READ_CONSUME_CHECK_CONSUMER) timestamp=712 ms, used_size=15403008 bytes (37.6%)
(RDMA_READ_CONSUME_CHECK_CONSUMER) timestamp=712 ms, used_size=15400960 bytes (37.6%)
(RDMA_READ_CONSUME_CHECK_CONSUMER) timestamp=712 ms, used_size=15398912 bytes (37.6%)
(RDMA_READ_CONSUME_CHECK_CONSUMER) timestamp=712 ms, used_size=15396864 bytes (37.6%)
(RDMA_READ_CONSUME_CHECK_CONSUMER) timestamp=712 ms, used_size=15394816 bytes (37.6%)
(RDMA_READ_CONSUME_CHECK_CONSUMER) timestamp=712 ms, used_size=15392768 bytes (37.6%)
(RDMA_READ_CONSUME_CHECK_CONSUMER) timestamp=712 ms, used_size=15390720 bytes (37.6%)
(RDMA_READ_CONSUME_CHECK_CONSUMER) timestamp=712 ms, used_size=15388672 bytes (37.6%)
(RDMA_READ_CONSUME_CHECK_CONSUMER) timestamp=712 ms, used_size=15386624 bytes (37.6%)
(RDMA_READ_CONSUME_CHECK_CONSUMER) timestamp=712 ms, used_size=15384576 bytes (37.6%)
(RDMA_READ_CONSUME_CHECK_CONSUMER) timestamp=712 ms, used_size=15382528 bytes (37.6%)
(RDMA_READ_CONSUME_CHECK_CONSUMER) timestamp=712 ms, used_size=15380480 bytes (37.5%)
(RDMA_READ_CONSUME_CHECK_CONSUMER) timestamp=712 ms, used_size=15378432 bytes (37.5%)
(RDMA_READ_CONSUME_CHECK_CONSUMER) timestamp=712 ms, used_size=15376384 bytes (37.5%)
(RDMA_READ_CONSUME_CHECK_CONSUMER) timestamp=712 ms, used_size=15374336 bytes (37.5%)
(RDMA_READ_CONSUME_CHECK_CONSUMER) timestamp=712 ms, used_size=15372288 bytes (37.5%)
(RDMA_READ_CONSUME_CHECK_CONSUMER) timestamp=712 ms, used_size=15370240 bytes (37.5%)
(RDMA_READ_CONSUME_CHECK_CONSUMER) timestamp=712 ms, used_size=15368192 bytes (37.5%)
(RDMA_READ_CONSUME_CHECK_CONSUMER) timestamp=712 ms, used_size=15366144 bytes (37.5%)
(RDMA_READ_CONSUME_CHECK_CONSUMER) timestamp=712 ms, used_size=15364096 bytes (37.5%)
(RDMA_READ_CONSUME_CHECK_CONSUMER) timestamp=712 ms, used_size=15362048 bytes (37.5%)
(RDMA_READ_CONSUME_CHECK_CONSUMER) timestamp=712 ms, used_size=15360000 bytes (37.5%)
(RDMA_READ_CONSUME_CHECK_CONSUMER) timestamp=712 ms, used_size=15357952 bytes (37.5%)
(RDMA_READ_CONSUME_CHECK_CONSUMER) timestamp=713 ms, used_size=15355904 bytes (37.5%)
(RDMA_READ_CONSUME_CHECK_CONSUMER) timestamp=713 ms, used_size=15353856 bytes (37.5%)
(RDMA_READ_CONSUME_CHECK_CONSUMER) timestamp=713 ms, used_size=15351808 bytes (37.5%)
(RDMA_READ_CONSUME_CHECK_CONSUMER) timestamp=713 ms, used_size=15349760 bytes (37.5%)
(RDMA_READ_CONSUME_CHECK_CONSUMER) timestamp=713 ms, used_size=15347712 bytes (37.5%)
(RDMA_READ_CONSUME_CHECK_CONSUMER) timestamp=713 ms, used_size=15345664 bytes (37.5%)
(RDMA_READ_CONSUME_CHECK_CONSUMER) timestamp=713 ms, used_size=15343616 bytes (37.5%)
(RDMA_READ_CONSUME_CHECK_CONSUMER) timestamp=713 ms, used_size=15341568 bytes (37.5%)
(RDMA_READ_CONSUME_CHECK_CONSUMER) timestamp=713 ms, used_size=15339520 bytes (37.5%)
(RDMA_READ_CONSUME_CHECK_CONSUMER) timestamp=713 ms, used_size=15337472 bytes (37.4%)
(RDMA_READ_CONSUME_CHECK_CONSUMER) timestamp=713 ms, used_size=15335424 bytes (37.4%)
(RDMA_READ_CONSUME_CHECK_CONSUMER) timestamp=713 ms, used_size=15333376 bytes (37.4%)
(RDMA_READ_CONSUME_CHECK_CONSUMER) timestamp=713 ms, used_size=15331328 bytes (37.4%)
(RDMA_READ_CONSUME_CHECK_CONSUMER) timestamp=713 ms, used_size=15329280 bytes (37.4%)
(RDMA_READ_CONSUME_CHECK_CONSUMER) timestamp=713 ms, used_size=15327232 bytes (37.4%)
(RDMA_READ_CONSUME_CHECK_CONSUMER) timestamp=713 ms, used_size=15325184 bytes (37.4%)
(RDMA_READ_CONSUME_CHECK_CONSUMER) timestamp=713 ms, used_size=15323136 bytes (37.4%)
(RDMA_READ_CONSUME_CHECK_CONSUMER) timestamp=713 ms, used_size=15321088 bytes (37.4%)
(RDMA_READ_CONSUME_CHECK_CONSUMER) timestamp=713 ms, used_size=15319040 bytes (37.4%)
(RDMA_READ_CONSUME_CHECK_CONSUMER) timestamp=713 ms, used_size=15316992 bytes (37.4%)
(RDMA_READ_CONSUME_CHECK_CONSUMER) timestamp=713 ms, used_size=15314944 bytes (37.4%)
(RDMA_READ_CONSUME_CHECK_CONSUMER) timestamp=713 ms, used_size=15312896 bytes (37.4%)
(RDMA_READ_CONSUME_CHECK_CONSUMER) timestamp=713 ms, used_size=15310848 bytes (37.4%)
(RDMA_READ_CONSUME_CHECK_CONSUMER) timestamp=713 ms, used_size=15308800 bytes (37.4%)
(RDMA_READ_CONSUME_CHECK_CONSUMER) timestamp=713 ms, used_size=15306752 bytes (37.4%)
(RDMA_READ_CONSUME_CHECK_CONSUMER) timestamp=713 ms, used_size=15304704 bytes (37.4%)
(RDMA_READ_CONSUME_CHECK_CONSUMER) timestamp=713 ms, used_size=15302656 bytes (37.4%)
(RDMA_READ_CONSUME_CHECK_CONSUMER) timestamp=713 ms, used_size=15300608 bytes (37.4%)
(RDMA_READ_CONSUME_CHECK_CONSUMER) timestamp=713 ms, used_size=15298560 bytes (37.4%)
(RDMA_READ_CONSUME_CHECK_CONSUMER) timestamp=713 ms, used_size=15296512 bytes (37.3%)
(RDMA_READ_CONSUME_CHECK_CONSUMER) timestamp=713 ms, used_size=15294464 bytes (37.3%)
(RDMA_READ_CONSUME_CHECK_CONSUMER) timestamp=713 ms, used_size=15292416 bytes (37.3%)
(RDMA_READ_CONSUME_CHECK_CONSUMER) timestamp=713 ms, used_size=15290368 bytes (37.3%)
(RDMA_READ_CONSUME_CHECK_CONSUMER) timestamp=713 ms, used_size=15288320 bytes (37.3%)
(RDMA_READ_CONSUME_CHECK_CONSUMER) timestamp=713 ms, used_size=15286272 bytes (37.3%)
(RDMA_READ_CONSUME_CHECK_CONSUMER) timestamp=713 ms, used_size=15284224 bytes (37.3%)
(RDMA_READ_CONSUME_CHECK_CONSUMER) timestamp=713 ms, used_size=15282176 bytes (37.3%)
(RDMA_READ_CONSUME_CHECK_CONSUMER) timestamp=713 ms, used_size=15280128 bytes (37.3%)
(RDMA_READ_CONSUME_CHECK_CONSUMER) timestamp=713 ms, used_size=15278080 bytes (37.3%)
(RDMA_READ_CONSUME_CHECK_CONSUMER) timestamp=713 ms, used_size=15276032 bytes (37.3%)
(RDMA_READ_CONSUME_CHECK_CONSUMER) timestamp=713 ms, used_size=15273984 bytes (37.3%)
(RDMA_READ_CONSUME_CHECK_CONSUMER) timestamp=713 ms, used_size=15271936 bytes (37.3%)
(RDMA_READ_CONSUME_CHECK_CONSUMER) timestamp=713 ms, used_size=15269888 bytes (37.3%)
(RDMA_READ_CONSUME_CHECK_CONSUMER) timestamp=713 ms, used_size=15267840 bytes (37.3%)
(RDMA_READ_CONSUME_CHECK_CONSUMER) timestamp=713 ms, used_size=15265792 bytes (37.3%)
(RDMA_READ_CONSUME_CHECK_CONSUMER) timestamp=713 ms, used_size=15263744 bytes (37.3%)
(RDMA_READ_CONSUME_CHECK_CONSUMER) timestamp=713 ms, used_size=15261696 bytes (37.3%)
(RDMA_READ_CONSUME_CHECK_CONSUMER) timestamp=713 ms, used_size=15259648 bytes (37.3%)
(RDMA_READ_CONSUME_CHECK_CONSUMER) timestamp=713 ms, used_size=15257600 bytes (37.2%)
(RDMA_READ_CONSUME_CHECK_CONSUMER) timestamp=713 ms, used_size=15255552 bytes (37.2%)
(RDMA_READ_CONSUME_CHECK_CONSUMER) timestamp=713 ms, used_size=15253504 bytes (37.2%)
(RDMA_READ_CONSUME_CHECK_CONSUMER) timestamp=713 ms, used_size=15251456 bytes (37.2%)
(RDMA_READ_CONSUME_CHECK_CONSUMER) timestamp=713 ms, used_size=15249408 bytes (37.2%)
(RDMA_READ_CONSUME_CHECK_CONSUMER) timestamp=713 ms, used_size=15247360 bytes (37.2%)
(RDMA_READ_CONSUME_CHECK_CONSUMER) timestamp=713 ms, used_size=15245312 bytes (37.2%)
(RDMA_READ_CONSUME_CHECK_CONSUMER) timestamp=713 ms, used_size=15243264 bytes (37.2%)
(RDMA_READ_CONSUME_CHECK_CONSUMER) timestamp=713 ms, used_size=15241216 bytes (37.2%)
(RDMA_READ_CONSUME_CHECK_CONSUMER) timestamp=713 ms, used_size=15239168 bytes (37.2%)
(RDMA_READ_CONSUME_CHECK_CONSUMER) timestamp=713 ms, used_size=15237120 bytes (37.2%)
(RDMA_READ_CONSUME_CHECK_CONSUMER) timestamp=713 ms, used_size=15235072 bytes (37.2%)
(RDMA_READ_CONSUME_CHECK_CONSUMER) timestamp=713 ms, used_size=15233024 bytes (37.2%)
(RDMA_READ_CONSUME_CHECK_CONSUMER) timestamp=713 ms, used_size=15230976 bytes (37.2%)
(RDMA_READ_CONSUME_CHECK_CONSUMER) timestamp=713 ms, used_size=15228928 bytes (37.2%)
(RDMA_READ_CONSUME_CHECK_CONSUMER) timestamp=713 ms, used_size=15226880 bytes (37.2%)
(RDMA_READ_CONSUME_CHECK_CONSUMER) timestamp=713 ms, used_size=15224832 bytes (37.2%)
(RDMA_READ_CONSUME_CHECK_CONSUMER) timestamp=713 ms, used_size=15222784 bytes (37.2%)
(RDMA_READ_CONSUME_CHECK_CONSUMER) timestamp=713 ms, used_size=15220736 bytes (37.2%)
(RDMA_READ_CONSUME_CHECK_CONSUMER) timestamp=713 ms, used_size=15218688 bytes (37.2%)
(RDMA_READ_CONSUME_CHECK_CONSUMER) timestamp=713 ms, used_size=15216640 bytes (37.1%)
(RDMA_READ_CONSUME_CHECK_CONSUMER) timestamp=713 ms, used_size=15214592 bytes (37.1%)
(RDMA_READ_CONSUME_CHECK_CONSUMER) timestamp=713 ms, used_size=15212544 bytes (37.1%)
(RDMA_READ_CONSUME_CHECK_CONSUMER) timestamp=713 ms, used_size=15210496 bytes (37.1%)
(RDMA_READ_CONSUME_CHECK_CONSUMER) timestamp=713 ms, used_size=15208448 bytes (37.1%)
(RDMA_READ_CONSUME_CHECK_CONSUMER) timestamp=713 ms, used_size=15206400 bytes (37.1%)
(RDMA_READ_CONSUME_CHECK_CONSUMER) timestamp=713 ms, used_size=15204352 bytes (37.1%)
(RDMA_READ_CONSUME_CHECK_CONSUMER) timestamp=713 ms, used_size=15202304 bytes (37.1%)
(RDMA_READ_CONSUME_CHECK_CONSUMER) timestamp=713 ms, used_size=15200256 bytes (37.1%)
(RDMA_READ_CONSUME_CHECK_CONSUMER) timestamp=713 ms, used_size=15198208 bytes (37.1%)
(RDMA_READ_CONSUME_CHECK_CONSUMER) timestamp=713 ms, used_size=15196160 bytes (37.1%)
(RDMA_READ_CONSUME_CHECK_CONSUMER) timestamp=713 ms, used_size=15194112 bytes (37.1%)
(RDMA_READ_CONSUME_CHECK_CONSUMER) timestamp=713 ms, used_size=15192064 bytes (37.1%)
(RDMA_READ_CONSUME_CHECK_CONSUMER) timestamp=713 ms, used_size=15190016 bytes (37.1%)
(RDMA_READ_CONSUME_CHECK_CONSUMER) timestamp=713 ms, used_size=15187968 bytes (37.1%)
(RDMA_READ_CONSUME_CHECK_CONSUMER) timestamp=713 ms, used_size=15185920 bytes (37.1%)
(RDMA_READ_CONSUME_CHECK_CONSUMER) timestamp=713 ms, used_size=15183872 bytes (37.1%)
(RDMA_READ_CONSUME_CHECK_CONSUMER) timestamp=713 ms, used_size=15181824 bytes (37.1%)
(RDMA_READ_CONSUME_CHECK_CONSUMER) timestamp=713 ms, used_size=15179776 bytes (37.1%)
(RDMA_READ_CONSUME_CHECK_CONSUMER) timestamp=713 ms, used_size=15177728 bytes (37.1%)
(RDMA_READ_CONSUME_CHECK_CONSUMER) timestamp=713 ms, used_size=15175680 bytes (37.0%)
(RDMA_READ_CONSUME_CHECK_CONSUMER) timestamp=713 ms, used_size=15173632 bytes (37.0%)
(RDMA_READ_CONSUME_CHECK_CONSUMER) timestamp=713 ms, used_size=15171584 bytes (37.0%)
(RDMA_READ_CONSUME_CHECK_CONSUMER) timestamp=713 ms, used_size=15169536 bytes (37.0%)
(RDMA_READ_CONSUME_CHECK_CONSUMER) timestamp=713 ms, used_size=15167488 bytes (37.0%)
(RDMA_READ_CONSUME_CHECK_CONSUMER) timestamp=713 ms, used_size=15165440 bytes (37.0%)
(RDMA_READ_CONSUME_CHECK_CONSUMER) timestamp=713 ms, used_size=15163392 bytes (37.0%)
(RDMA_READ_CONSUME_CHECK_CONSUMER) timestamp=713 ms, used_size=15161344 bytes (37.0%)
(RDMA_READ_CONSUME_CHECK_CONSUMER) timestamp=713 ms, used_size=15159296 bytes (37.0%)
(RDMA_READ_CONSUME_CHECK_CONSUMER) timestamp=713 ms, used_size=15157248 bytes (37.0%)
(RDMA_READ_CONSUME_CHECK_CONSUMER) timestamp=713 ms, used_size=15155200 bytes (37.0%)
(RDMA_READ_CONSUME_CHECK_CONSUMER) timestamp=713 ms, used_size=15153152 bytes (37.0%)
(RDMA_READ_CONSUME_CHECK_CONSUMER) timestamp=713 ms, used_size=15151104 bytes (37.0%)
(RDMA_READ_CONSUME_CHECK_CONSUMER) timestamp=713 ms, used_size=15149056 bytes (37.0%)
(RDMA_READ_CONSUME_CHECK_CONSUMER) timestamp=713 ms, used_size=15147008 bytes (37.0%)
(RDMA_READ_CONSUME_CHECK_CONSUMER) timestamp=713 ms, used_size=15144960 bytes (37.0%)
(RDMA_READ_CONSUME_CHECK_CONSUMER) timestamp=713 ms, used_size=15142912 bytes (37.0%)
(RDMA_READ_CONSUME_CHECK_CONSUMER) timestamp=713 ms, used_size=15140864 bytes (37.0%)
(RDMA_READ_CONSUME_CHECK_CONSUMER) timestamp=713 ms, used_size=15138816 bytes (37.0%)
(RDMA_READ_CONSUME_CHECK_CONSUMER) timestamp=713 ms, used_size=15136768 bytes (37.0%)
(RDMA_READ_CONSUME_CHECK_CONSUMER) timestamp=713 ms, used_size=15134720 bytes (37.0%)
(RDMA_READ_CONSUME_CHECK_CONSUMER) timestamp=713 ms, used_size=15132672 bytes (36.9%)
(RDMA_READ_CONSUME_CHECK_CONSUMER) timestamp=713 ms, used_size=15130624 bytes (36.9%)
(RDMA_READ_CONSUME_CHECK_CONSUMER) timestamp=713 ms, used_size=15128576 bytes (36.9%)
(RDMA_READ_CONSUME_CHECK_CONSUMER) timestamp=713 ms, used_size=15126528 bytes (36.9%)
(RDMA_READ_CONSUME_CHECK_CONSUMER) timestamp=713 ms, used_size=15124480 bytes (36.9%)
(RDMA_READ_CONSUME_CHECK_CONSUMER) timestamp=713 ms, used_size=15122432 bytes (36.9%)
(RDMA_READ_CONSUME_CHECK_CONSUMER) timestamp=713 ms, used_size=15120384 bytes (36.9%)
(RDMA_READ_CONSUME_CHECK_CONSUMER) timestamp=713 ms, used_size=15118336 bytes (36.9%)
(RDMA_READ_CONSUME_CHECK_CONSUMER) timestamp=713 ms, used_size=15116288 bytes (36.9%)
(RDMA_READ_CONSUME_CHECK_CONSUMER) timestamp=713 ms, used_size=15114240 bytes (36.9%)
(RDMA_READ_CONSUME_CHECK_CONSUMER) timestamp=713 ms, used_size=15112192 bytes (36.9%)
(RDMA_READ_CONSUME_CHECK_CONSUMER) timestamp=713 ms, used_size=15110144 bytes (36.9%)
(RDMA_READ_CONSUME_CHECK_CONSUMER) timestamp=713 ms, used_size=15108096 bytes (36.9%)
(RDMA_READ_CONSUME_CHECK_CONSUMER) timestamp=713 ms, used_size=15106048 bytes (36.9%)
(RDMA_READ_CONSUME_CHECK_CONSUMER) timestamp=713 ms, used_size=15104000 bytes (36.9%)
(RDMA_READ_CONSUME_CHECK_CONSUMER) timestamp=713 ms, used_size=15101952 bytes (36.9%)
(RDMA_READ_CONSUME_CHECK_CONSUMER) timestamp=713 ms, used_size=15099904 bytes (36.9%)
(RDMA_READ_CONSUME_CHECK_CONSUMER) timestamp=713 ms, used_size=15097856 bytes (36.9%)
(RDMA_READ_CONSUME_CHECK_CONSUMER) timestamp=713 ms, used_size=15095808 bytes (36.9%)
(RDMA_READ_CONSUME_CHECK_CONSUMER) timestamp=713 ms, used_size=15093760 bytes (36.9%)
(RDMA_READ_CONSUME_CHECK_CONSUMER) timestamp=713 ms, used_size=15091712 bytes (36.8%)
(RDMA_READ_CONSUME_CHECK_CONSUMER) timestamp=713 ms, used_size=15089664 bytes (36.8%)
(RDMA_READ_CONSUME_CHECK_CONSUMER) timestamp=713 ms, used_size=15087616 bytes (36.8%)
(RDMA_READ_CONSUME_CHECK_CONSUMER) timestamp=713 ms, used_size=15085568 bytes (36.8%)
(RDMA_READ_CONSUME_CHECK_CONSUMER) timestamp=713 ms, used_size=15083520 bytes (36.8%)
(RDMA_READ_CONSUME_CHECK_CONSUMER) timestamp=713 ms, used_size=15081472 bytes (36.8%)
(RDMA_READ_CONSUME_CHECK_CONSUMER) timestamp=713 ms, used_size=15079424 bytes (36.8%)
(RDMA_READ_CONSUME_CHECK_CONSUMER) timestamp=713 ms, used_size=15077376 bytes (36.8%)
(RDMA_READ_CONSUME_CHECK_CONSUMER) timestamp=713 ms, used_size=15075328 bytes (36.8%)
(RDMA_READ_CONSUME_CHECK_CONSUMER) timestamp=713 ms, used_size=15073280 bytes (36.8%)
(RDMA_READ_CONSUME_CHECK_CONSUMER) timestamp=713 ms, used_size=15071232 bytes (36.8%)
(RDMA_READ_CONSUME_CHECK_CONSUMER) timestamp=713 ms, used_size=15069184 bytes (36.8%)
(RDMA_READ_CONSUME_CHECK_CONSUMER) timestamp=713 ms, used_size=15067136 bytes (36.8%)
(RDMA_READ_CONSUME_CHECK_CONSUMER) timestamp=713 ms, used_size=15065088 bytes (36.8%)
(RDMA_READ_CONSUME_CHECK_CONSUMER) timestamp=713 ms, used_size=15063040 bytes (36.8%)
(RDMA_READ_CONSUME_CHECK_CONSUMER) timestamp=713 ms, used_size=15060992 bytes (36.8%)
(RDMA_READ_CONSUME_CHECK_CONSUMER) timestamp=713 ms, used_size=15058944 bytes (36.8%)
(RDMA_READ_CONSUME_CHECK_CONSUMER) timestamp=713 ms, used_size=15056896 bytes (36.8%)
(RDMA_READ_CONSUME_CHECK_CONSUMER) timestamp=713 ms, used_size=15054848 bytes (36.8%)
(RDMA_READ_CONSUME_CHECK_CONSUMER) timestamp=713 ms, used_size=15052800 bytes (36.8%)
(RDMA_READ_CONSUME_CHECK_CONSUMER) timestamp=713 ms, used_size=15050752 bytes (36.7%)
(RDMA_READ_CONSUME_CHECK_CONSUMER) timestamp=713 ms, used_size=15048704 bytes (36.7%)
(RDMA_READ_CONSUME_CHECK_CONSUMER) timestamp=713 ms, used_size=15046656 bytes (36.7%)
(RDMA_READ_CONSUME_CHECK_CONSUMER) timestamp=713 ms, used_size=15044608 bytes (36.7%)
(RDMA_READ_CONSUME_CHECK_CONSUMER) timestamp=713 ms, used_size=15042560 bytes (36.7%)
(RDMA_READ_CONSUME_CHECK_CONSUMER) timestamp=713 ms, used_size=15040512 bytes (36.7%)
(RDMA_READ_CONSUME_CHECK_CONSUMER) timestamp=713 ms, used_size=15038464 bytes (36.7%)
(RDMA_READ_CONSUME_CHECK_CONSUMER) timestamp=713 ms, used_size=15036416 bytes (36.7%)
(RDMA_READ_CONSUME_CHECK_CONSUMER) timestamp=713 ms, used_size=15034368 bytes (36.7%)
(RDMA_READ_CONSUME_CHECK_CONSUMER) timestamp=713 ms, used_size=15032320 bytes (36.7%)
(RDMA_READ_CONSUME_CHECK_CONSUMER) timestamp=713 ms, used_size=15030272 bytes (36.7%)
(RDMA_READ_CONSUME_CHECK_CONSUMER) timestamp=713 ms, used_size=15028224 bytes (36.7%)
(RDMA_READ_CONSUME_CHECK_CONSUMER) timestamp=713 ms, used_size=15026176 bytes (36.7%)
(RDMA_READ_CONSUME_CHECK_CONSUMER) timestamp=713 ms, used_size=15024128 bytes (36.7%)
(RDMA_READ_CONSUME_CHECK_CONSUMER) timestamp=713 ms, used_size=15022080 bytes (36.7%)
(RDMA_READ_CONSUME_CHECK_CONSUMER) timestamp=713 ms, used_size=15020032 bytes (36.7%)
(RDMA_READ_CONSUME_CHECK_CONSUMER) timestamp=713 ms, used_size=15017984 bytes (36.7%)
(RDMA_READ_CONSUME_CHECK_CONSUMER) timestamp=713 ms, used_size=15015936 bytes (36.7%)
(RDMA_READ_CONSUME_CHECK_CONSUMER) timestamp=713 ms, used_size=15013888 bytes (36.7%)
(RDMA_READ_CONSUME_CHECK_CONSUMER) timestamp=713 ms, used_size=15011840 bytes (36.6%)
(RDMA_READ_CONSUME_CHECK_CONSUMER) timestamp=713 ms, used_size=15009792 bytes (36.6%)
(RDMA_READ_CONSUME_CHECK_CONSUMER) timestamp=713 ms, used_size=15007744 bytes (36.6%)
(RDMA_READ_CONSUME_CHECK_CONSUMER) timestamp=713 ms, used_size=15005696 bytes (36.6%)
(RDMA_READ_CONSUME_CHECK_CONSUMER) timestamp=713 ms, used_size=15003648 bytes (36.6%)
(RDMA_READ_CONSUME_CHECK_CONSUMER) timestamp=713 ms, used_size=15001600 bytes (36.6%)
(RDMA_READ_CONSUME_CHECK_CONSUMER) timestamp=713 ms, used_size=14999552 bytes (36.6%)
(RDMA_READ_CONSUME_CHECK_CONSUMER) timestamp=713 ms, used_size=14997504 bytes (36.6%)
(RDMA_READ_CONSUME_CHECK_CONSUMER) timestamp=713 ms, used_size=14995456 bytes (36.6%)
(RDMA_READ_CONSUME_CHECK_CONSUMER) timestamp=713 ms, used_size=14993408 bytes (36.6%)
(RDMA_READ_CONSUME_CHECK_CONSUMER) timestamp=713 ms, used_size=14991360 bytes (36.6%)
(RDMA_READ_CONSUME_CHECK_CONSUMER) timestamp=713 ms, used_size=14989312 bytes (36.6%)
(RDMA_READ_CONSUME_CHECK_CONSUMER) timestamp=713 ms, used_size=14987264 bytes (36.6%)
(RDMA_READ_CONSUME_CHECK_CONSUMER) timestamp=713 ms, used_size=14985216 bytes (36.6%)
(RDMA_READ_CONSUME_CHECK_CONSUMER) timestamp=713 ms, used_size=14983168 bytes (36.6%)
(RDMA_READ_CONSUME_CHECK_CONSUMER) timestamp=714 ms, used_size=14981120 bytes (36.6%)
(RDMA_READ_CONSUME_CHECK_CONSUMER) timestamp=714 ms, used_size=14979072 bytes (36.6%)
(RDMA_READ_CONSUME_CHECK_CONSUMER) timestamp=714 ms, used_size=14977024 bytes (36.6%)
(RDMA_READ_CONSUME_CHECK_CONSUMER) timestamp=714 ms, used_size=14974976 bytes (36.6%)
(RDMA_READ_CONSUME_CHECK_CONSUMER) timestamp=714 ms, used_size=14972928 bytes (36.6%)
(RDMA_READ_CONSUME_CHECK_CONSUMER) timestamp=714 ms, used_size=14970880 bytes (36.5%)
(RDMA_READ_CONSUME_CHECK_CONSUMER) timestamp=714 ms, used_size=14968832 bytes (36.5%)
(RDMA_READ_CONSUME_CHECK_CONSUMER) timestamp=714 ms, used_size=14966784 bytes (36.5%)
(RDMA_READ_CONSUME_CHECK_CONSUMER) timestamp=714 ms, used_size=14964736 bytes (36.5%)
(RDMA_READ_CONSUME_CHECK_CONSUMER) timestamp=714 ms, used_size=14962688 bytes (36.5%)
(RDMA_READ_CONSUME_CHECK_CONSUMER) timestamp=714 ms, used_size=14960640 bytes (36.5%)
(RDMA_READ_CONSUME_CHECK_CONSUMER) timestamp=714 ms, used_size=14958592 bytes (36.5%)
(RDMA_READ_CONSUME_CHECK_CONSUMER) timestamp=714 ms, used_size=14956544 bytes (36.5%)
(RDMA_READ_CONSUME_CHECK_CONSUMER) timestamp=714 ms, used_size=14954496 bytes (36.5%)
(RDMA_READ_CONSUME_CHECK_CONSUMER) timestamp=714 ms, used_size=14952448 bytes (36.5%)
(RDMA_READ_CONSUME_CHECK_CONSUMER) timestamp=714 ms, used_size=14950400 bytes (36.5%)
(RDMA_READ_CONSUME_CHECK_CONSUMER) timestamp=714 ms, used_size=14948352 bytes (36.5%)
(RDMA_READ_CONSUME_CHECK_CONSUMER) timestamp=714 ms, used_size=14946304 bytes (36.5%)
(RDMA_READ_CONSUME_CHECK_CONSUMER) timestamp=714 ms, used_size=14944256 bytes (36.5%)
(RDMA_READ_CONSUME_CHECK_CONSUMER) timestamp=714 ms, used_size=14942208 bytes (36.5%)
(RDMA_READ_CONSUME_CHECK_CONSUMER) timestamp=714 ms, used_size=14940160 bytes (36.5%)
(RDMA_READ_CONSUME_CHECK_CONSUMER) timestamp=714 ms, used_size=14938112 bytes (36.5%)
(RDMA_READ_CONSUME_CHECK_CONSUMER) timestamp=714 ms, used_size=14936064 bytes (36.5%)
(RDMA_READ_CONSUME_CHECK_CONSUMER) timestamp=714 ms, used_size=14934016 bytes (36.5%)
(RDMA_READ_CONSUME_CHECK_CONSUMER) timestamp=714 ms, used_size=14931968 bytes (36.5%)
(RDMA_READ_CONSUME_CHECK_CONSUMER) timestamp=714 ms, used_size=14929920 bytes (36.5%)
(RDMA_READ_CONSUME_CHECK_CONSUMER) timestamp=714 ms, used_size=14927872 bytes (36.4%)
(RDMA_READ_CONSUME_CHECK_CONSUMER) timestamp=714 ms, used_size=14925824 bytes (36.4%)
(RDMA_READ_CONSUME_CHECK_CONSUMER) timestamp=714 ms, used_size=14923776 bytes (36.4%)
(RDMA_READ_CONSUME_CHECK_CONSUMER) timestamp=714 ms, used_size=14921728 bytes (36.4%)
(RDMA_READ_CONSUME_CHECK_CONSUMER) timestamp=714 ms, used_size=14919680 bytes (36.4%)
(RDMA_READ_CONSUME_CHECK_CONSUMER) timestamp=714 ms, used_size=14917632 bytes (36.4%)
(RDMA_READ_CONSUME_CHECK_CONSUMER) timestamp=714 ms, used_size=14915584 bytes (36.4%)
(RDMA_READ_CONSUME_CHECK_CONSUMER) timestamp=714 ms, used_size=14913536 bytes (36.4%)
(RDMA_READ_CONSUME_CHECK_CONSUMER) timestamp=714 ms, used_size=14911488 bytes (36.4%)
(RDMA_READ_CONSUME_CHECK_CONSUMER) timestamp=714 ms, used_size=14909440 bytes (36.4%)
(RDMA_READ_CONSUME_CHECK_CONSUMER) timestamp=714 ms, used_size=14907392 bytes (36.4%)
(RDMA_READ_CONSUME_CHECK_CONSUMER) timestamp=714 ms, used_size=14905344 bytes (36.4%)
(RDMA_READ_CONSUME_CHECK_CONSUMER) timestamp=714 ms, used_size=14903296 bytes (36.4%)
(RDMA_READ_CONSUME_CHECK_CONSUMER) timestamp=714 ms, used_size=14901248 bytes (36.4%)
(RDMA_READ_CONSUME_CHECK_CONSUMER) timestamp=714 ms, used_size=14899200 bytes (36.4%)
(RDMA_READ_CONSUME_CHECK_CONSUMER) timestamp=714 ms, used_size=14897152 bytes (36.4%)
(RDMA_READ_CONSUME_CHECK_CONSUMER) timestamp=714 ms, used_size=14895104 bytes (36.4%)
(RDMA_READ_CONSUME_CHECK_CONSUMER) timestamp=714 ms, used_size=14893056 bytes (36.4%)
(RDMA_READ_CONSUME_CHECK_CONSUMER) timestamp=714 ms, used_size=14891008 bytes (36.4%)
(RDMA_READ_CONSUME_CHECK_CONSUMER) timestamp=714 ms, used_size=14888960 bytes (36.4%)
(RDMA_READ_CONSUME_CHECK_CONSUMER) timestamp=714 ms, used_size=14886912 bytes (36.3%)
(RDMA_READ_CONSUME_CHECK_CONSUMER) timestamp=714 ms, used_size=14884864 bytes (36.3%)
(RDMA_READ_CONSUME_CHECK_CONSUMER) timestamp=714 ms, used_size=14882816 bytes (36.3%)
(RDMA_READ_CONSUME_CHECK_CONSUMER) timestamp=714 ms, used_size=14880768 bytes (36.3%)
(RDMA_READ_CONSUME_CHECK_CONSUMER) timestamp=714 ms, used_size=14878720 bytes (36.3%)
(RDMA_READ_CONSUME_CHECK_CONSUMER) timestamp=714 ms, used_size=14876672 bytes (36.3%)
(RDMA_READ_CONSUME_CHECK_CONSUMER) timestamp=714 ms, used_size=14874624 bytes (36.3%)
(RDMA_READ_CONSUME_CHECK_CONSUMER) timestamp=714 ms, used_size=14872576 bytes (36.3%)
(RDMA_READ_CONSUME_CHECK_CONSUMER) timestamp=714 ms, used_size=14870528 bytes (36.3%)
(RDMA_READ_CONSUME_CHECK_CONSUMER) timestamp=714 ms, used_size=14868480 bytes (36.3%)
(RDMA_READ_CONSUME_CHECK_CONSUMER) timestamp=714 ms, used_size=14866432 bytes (36.3%)
(RDMA_READ_CONSUME_CHECK_CONSUMER) timestamp=714 ms, used_size=14864384 bytes (36.3%)
(RDMA_READ_CONSUME_CHECK_CONSUMER) timestamp=714 ms, used_size=14862336 bytes (36.3%)
(RDMA_READ_CONSUME_CHECK_CONSUMER) timestamp=714 ms, used_size=14860288 bytes (36.3%)
(RDMA_READ_CONSUME_CHECK_CONSUMER) timestamp=714 ms, used_size=14858240 bytes (36.3%)
(RDMA_READ_CONSUME_CHECK_CONSUMER) timestamp=714 ms, used_size=14856192 bytes (36.3%)
(RDMA_READ_CONSUME_CHECK_CONSUMER) timestamp=714 ms, used_size=14854144 bytes (36.3%)
(RDMA_READ_CONSUME_CHECK_CONSUMER) timestamp=714 ms, used_size=14852096 bytes (36.3%)
(RDMA_READ_CONSUME_CHECK_CONSUMER) timestamp=714 ms, used_size=14850048 bytes (36.3%)
(RDMA_READ_CONSUME_CHECK_CONSUMER) timestamp=714 ms, used_size=14848000 bytes (36.2%)
(RDMA_READ_CONSUME_CHECK_CONSUMER) timestamp=714 ms, used_size=14845952 bytes (36.2%)
(RDMA_READ_CONSUME_CHECK_CONSUMER) timestamp=714 ms, used_size=14843904 bytes (36.2%)
(RDMA_READ_CONSUME_CHECK_CONSUMER) timestamp=714 ms, used_size=14841856 bytes (36.2%)
(RDMA_READ_CONSUME_CHECK_CONSUMER) timestamp=714 ms, used_size=14839808 bytes (36.2%)
(RDMA_READ_CONSUME_CHECK_CONSUMER) timestamp=714 ms, used_size=14837760 bytes (36.2%)
(RDMA_READ_CONSUME_CHECK_CONSUMER) timestamp=714 ms, used_size=14835712 bytes (36.2%)
(RDMA_READ_CONSUME_CHECK_CONSUMER) timestamp=714 ms, used_size=14833664 bytes (36.2%)
(RDMA_READ_CONSUME_CHECK_CONSUMER) timestamp=714 ms, used_size=14831616 bytes (36.2%)
(RDMA_READ_CONSUME_CHECK_CONSUMER) timestamp=714 ms, used_size=14829568 bytes (36.2%)
(RDMA_READ_CONSUME_CHECK_CONSUMER) timestamp=714 ms, used_size=14827520 bytes (36.2%)
(RDMA_READ_CONSUME_CHECK_CONSUMER) timestamp=714 ms, used_size=14825472 bytes (36.2%)
(RDMA_READ_CONSUME_CHECK_CONSUMER) timestamp=714 ms, used_size=14823424 bytes (36.2%)
(RDMA_READ_CONSUME_CHECK_CONSUMER) timestamp=714 ms, used_size=14821376 bytes (36.2%)
(RDMA_READ_CONSUME_CHECK_CONSUMER) timestamp=714 ms, used_size=14819328 bytes (36.2%)
(RDMA_READ_CONSUME_CHECK_CONSUMER) timestamp=714 ms, used_size=14817280 bytes (36.2%)
(RDMA_READ_CONSUME_CHECK_CONSUMER) timestamp=714 ms, used_size=14815232 bytes (36.2%)
(RDMA_READ_CONSUME_CHECK_CONSUMER) timestamp=714 ms, used_size=14813184 bytes (36.2%)
(RDMA_READ_CONSUME_CHECK_CONSUMER) timestamp=714 ms, used_size=14811136 bytes (36.2%)
(RDMA_READ_CONSUME_CHECK_CONSUMER) timestamp=714 ms, used_size=14809088 bytes (36.2%)
(RDMA_READ_CONSUME_CHECK_CONSUMER) timestamp=714 ms, used_size=14807040 bytes (36.1%)
(RDMA_READ_CONSUME_CHECK_CONSUMER) timestamp=714 ms, used_size=14804992 bytes (36.1%)
(RDMA_READ_CONSUME_CHECK_CONSUMER) timestamp=714 ms, used_size=14802944 bytes (36.1%)
(RDMA_READ_CONSUME_CHECK_CONSUMER) timestamp=714 ms, used_size=14800896 bytes (36.1%)
(RDMA_READ_CONSUME_CHECK_CONSUMER) timestamp=714 ms, used_size=14798848 bytes (36.1%)
(RDMA_READ_CONSUME_CHECK_CONSUMER) timestamp=714 ms, used_size=14796800 bytes (36.1%)
(RDMA_READ_CONSUME_CHECK_CONSUMER) timestamp=714 ms, used_size=14794752 bytes (36.1%)
(RDMA_READ_CONSUME_CHECK_CONSUMER) timestamp=714 ms, used_size=14792704 bytes (36.1%)
(RDMA_READ_CONSUME_CHECK_CONSUMER) timestamp=714 ms, used_size=14790656 bytes (36.1%)
(RDMA_READ_CONSUME_CHECK_CONSUMER) timestamp=714 ms, used_size=14788608 bytes (36.1%)
(RDMA_READ_CONSUME_CHECK_CONSUMER) timestamp=714 ms, used_size=14786560 bytes (36.1%)
(RDMA_READ_CONSUME_CHECK_CONSUMER) timestamp=714 ms, used_size=14784512 bytes (36.1%)
(RDMA_READ_CONSUME_CHECK_CONSUMER) timestamp=714 ms, used_size=14782464 bytes (36.1%)
(RDMA_READ_CONSUME_CHECK_CONSUMER) timestamp=714 ms, used_size=14780416 bytes (36.1%)
(RDMA_READ_CONSUME_CHECK_CONSUMER) timestamp=714 ms, used_size=14778368 bytes (36.1%)
(RDMA_READ_CONSUME_CHECK_CONSUMER) timestamp=714 ms, used_size=14776320 bytes (36.1%)
(RDMA_READ_CONSUME_CHECK_CONSUMER) timestamp=714 ms, used_size=14774272 bytes (36.1%)
(RDMA_READ_CONSUME_CHECK_CONSUMER) timestamp=714 ms, used_size=14772224 bytes (36.1%)
(RDMA_READ_CONSUME_CHECK_CONSUMER) timestamp=714 ms, used_size=14770176 bytes (36.1%)
(RDMA_READ_CONSUME_CHECK_CONSUMER) timestamp=714 ms, used_size=14768128 bytes (36.1%)
(RDMA_READ_CONSUME_CHECK_CONSUMER) timestamp=714 ms, used_size=14766080 bytes (36.0%)
(RDMA_READ_CONSUME_CHECK_CONSUMER) timestamp=714 ms, used_size=14764032 bytes (36.0%)
(RDMA_READ_CONSUME_CHECK_CONSUMER) timestamp=714 ms, used_size=14761984 bytes (36.0%)
(RDMA_READ_CONSUME_CHECK_CONSUMER) timestamp=714 ms, used_size=14759936 bytes (36.0%)
(RDMA_READ_CONSUME_CHECK_CONSUMER) timestamp=714 ms, used_size=14757888 bytes (36.0%)
(RDMA_READ_CONSUME_CHECK_CONSUMER) timestamp=714 ms, used_size=14755840 bytes (36.0%)
(RDMA_READ_CONSUME_CHECK_CONSUMER) timestamp=714 ms, used_size=14753792 bytes (36.0%)
(RDMA_READ_CONSUME_CHECK_CONSUMER) timestamp=714 ms, used_size=14751744 bytes (36.0%)
(RDMA_READ_CONSUME_CHECK_CONSUMER) timestamp=714 ms, used_size=14749696 bytes (36.0%)
(RDMA_READ_CONSUME_CHECK_CONSUMER) timestamp=714 ms, used_size=14747648 bytes (36.0%)
(RDMA_READ_CONSUME_CHECK_CONSUMER) timestamp=714 ms, used_size=14745600 bytes (36.0%)
(RDMA_READ_CONSUME_CHECK_CONSUMER) timestamp=714 ms, used_size=14743552 bytes (36.0%)
(RDMA_READ_CONSUME_CHECK_CONSUMER) timestamp=714 ms, used_size=14741504 bytes (36.0%)
(RDMA_READ_CONSUME_CHECK_CONSUMER) timestamp=714 ms, used_size=14739456 bytes (36.0%)
(RDMA_READ_CONSUME_CHECK_CONSUMER) timestamp=714 ms, used_size=14737408 bytes (36.0%)
(RDMA_READ_CONSUME_CHECK_CONSUMER) timestamp=714 ms, used_size=14735360 bytes (36.0%)
(RDMA_READ_CONSUME_CHECK_CONSUMER) timestamp=714 ms, used_size=14733312 bytes (36.0%)
(RDMA_READ_CONSUME_CHECK_CONSUMER) timestamp=714 ms, used_size=14731264 bytes (36.0%)
(RDMA_READ_CONSUME_CHECK_CONSUMER) timestamp=714 ms, used_size=14729216 bytes (36.0%)
(RDMA_READ_CONSUME_CHECK_CONSUMER) timestamp=714 ms, used_size=14727168 bytes (36.0%)
(RDMA_READ_CONSUME_CHECK_CONSUMER) timestamp=714 ms, used_size=14725120 bytes (36.0%)
(RDMA_READ_CONSUME_CHECK_CONSUMER) timestamp=714 ms, used_size=14723072 bytes (35.9%)
(RDMA_READ_CONSUME_CHECK_CONSUMER) timestamp=714 ms, used_size=14721024 bytes (35.9%)
(RDMA_READ_CONSUME_CHECK_CONSUMER) timestamp=714 ms, used_size=14718976 bytes (35.9%)
(RDMA_READ_CONSUME_CHECK_CONSUMER) timestamp=714 ms, used_size=14716928 bytes (35.9%)
(RDMA_READ_CONSUME_CHECK_CONSUMER) timestamp=714 ms, used_size=14714880 bytes (35.9%)
(RDMA_READ_CONSUME_CHECK_CONSUMER) timestamp=714 ms, used_size=14712832 bytes (35.9%)
(RDMA_READ_CONSUME_CHECK_CONSUMER) timestamp=714 ms, used_size=14710784 bytes (35.9%)
(RDMA_READ_CONSUME_CHECK_CONSUMER) timestamp=714 ms, used_size=14708736 bytes (35.9%)
(RDMA_READ_CONSUME_CHECK_CONSUMER) timestamp=714 ms, used_size=14706688 bytes (35.9%)
(RDMA_READ_CONSUME_CHECK_CONSUMER) timestamp=714 ms, used_size=14704640 bytes (35.9%)
(RDMA_READ_CONSUME_CHECK_CONSUMER) timestamp=714 ms, used_size=14702592 bytes (35.9%)
(RDMA_READ_CONSUME_CHECK_CONSUMER) timestamp=714 ms, used_size=14700544 bytes (35.9%)
(RDMA_READ_CONSUME_CHECK_CONSUMER) timestamp=714 ms, used_size=14698496 bytes (35.9%)
(RDMA_READ_CONSUME_CHECK_CONSUMER) timestamp=714 ms, used_size=14696448 bytes (35.9%)
(RDMA_READ_CONSUME_CHECK_CONSUMER) timestamp=714 ms, used_size=14694400 bytes (35.9%)
(RDMA_READ_CONSUME_CHECK_CONSUMER) timestamp=714 ms, used_size=14692352 bytes (35.9%)
(RDMA_READ_CONSUME_CHECK_CONSUMER) timestamp=714 ms, used_size=14690304 bytes (35.9%)
(RDMA_READ_CONSUME_CHECK_CONSUMER) timestamp=714 ms, used_size=14688256 bytes (35.9%)
(RDMA_READ_CONSUME_CHECK_CONSUMER) timestamp=714 ms, used_size=14686208 bytes (35.9%)
(RDMA_READ_CONSUME_CHECK_CONSUMER) timestamp=714 ms, used_size=14684160 bytes (35.9%)
(RDMA_READ_CONSUME_CHECK_CONSUMER) timestamp=714 ms, used_size=14682112 bytes (35.8%)
(RDMA_READ_CONSUME_CHECK_CONSUMER) timestamp=714 ms, used_size=14680064 bytes (35.8%)
(RDMA_READ_CONSUME_CHECK_CONSUMER) timestamp=714 ms, used_size=14678016 bytes (35.8%)
(RDMA_READ_CONSUME_CHECK_CONSUMER) timestamp=714 ms, used_size=14675968 bytes (35.8%)
(RDMA_READ_CONSUME_CHECK_CONSUMER) timestamp=714 ms, used_size=14673920 bytes (35.8%)
(RDMA_READ_CONSUME_CHECK_CONSUMER) timestamp=714 ms, used_size=14671872 bytes (35.8%)
(RDMA_READ_CONSUME_CHECK_CONSUMER) timestamp=714 ms, used_size=14669824 bytes (35.8%)
(RDMA_READ_CONSUME_CHECK_CONSUMER) timestamp=714 ms, used_size=14667776 bytes (35.8%)
(RDMA_READ_CONSUME_CHECK_CONSUMER) timestamp=714 ms, used_size=14665728 bytes (35.8%)
(RDMA_READ_CONSUME_CHECK_CONSUMER) timestamp=714 ms, used_size=14663680 bytes (35.8%)
(RDMA_READ_CONSUME_CHECK_CONSUMER) timestamp=714 ms, used_size=14661632 bytes (35.8%)
(RDMA_READ_CONSUME_CHECK_CONSUMER) timestamp=714 ms, used_size=14659584 bytes (35.8%)
(RDMA_READ_CONSUME_CHECK_CONSUMER) timestamp=714 ms, used_size=14657536 bytes (35.8%)
(RDMA_READ_CONSUME_CHECK_CONSUMER) timestamp=714 ms, used_size=14655488 bytes (35.8%)
(RDMA_READ_CONSUME_CHECK_CONSUMER) timestamp=714 ms, used_size=14653440 bytes (35.8%)
(RDMA_READ_CONSUME_CHECK_CONSUMER) timestamp=714 ms, used_size=14651392 bytes (35.8%)
(RDMA_READ_CONSUME_CHECK_CONSUMER) timestamp=714 ms, used_size=14649344 bytes (35.8%)
(RDMA_READ_CONSUME_CHECK_CONSUMER) timestamp=714 ms, used_size=14647296 bytes (35.8%)
(RDMA_READ_CONSUME_CHECK_CONSUMER) timestamp=714 ms, used_size=14645248 bytes (35.8%)
(RDMA_READ_CONSUME_CHECK_CONSUMER) timestamp=714 ms, used_size=14643200 bytes (35.8%)
(RDMA_READ_CONSUME_CHECK_CONSUMER) timestamp=714 ms, used_size=14641152 bytes (35.7%)
(RDMA_READ_CONSUME_CHECK_CONSUMER) timestamp=714 ms, used_size=14639104 bytes (35.7%)
(RDMA_READ_CONSUME_CHECK_CONSUMER) timestamp=714 ms, used_size=14637056 bytes (35.7%)
(RDMA_READ_CONSUME_CHECK_CONSUMER) timestamp=714 ms, used_size=14635008 bytes (35.7%)
(RDMA_READ_CONSUME_CHECK_CONSUMER) timestamp=714 ms, used_size=14632960 bytes (35.7%)
(RDMA_READ_CONSUME_CHECK_CONSUMER) timestamp=714 ms, used_size=14630912 bytes (35.7%)
(RDMA_READ_CONSUME_CHECK_CONSUMER) timestamp=714 ms, used_size=14628864 bytes (35.7%)
(RDMA_READ_CONSUME_CHECK_CONSUMER) timestamp=714 ms, used_size=14626816 bytes (35.7%)
(RDMA_READ_CONSUME_CHECK_CONSUMER) timestamp=714 ms, used_size=14624768 bytes (35.7%)
(RDMA_READ_CONSUME_CHECK_CONSUMER) timestamp=714 ms, used_size=14622720 bytes (35.7%)
(RDMA_READ_CONSUME_CHECK_CONSUMER) timestamp=714 ms, used_size=14620672 bytes (35.7%)
(RDMA_READ_CONSUME_CHECK_CONSUMER) timestamp=714 ms, used_size=14618624 bytes (35.7%)
(RDMA_READ_CONSUME_CHECK_CONSUMER) timestamp=714 ms, used_size=14616576 bytes (35.7%)
(RDMA_READ_CONSUME_CHECK_CONSUMER) timestamp=715 ms, used_size=14614528 bytes (35.7%)
(RDMA_READ_CONSUME_CHECK_CONSUMER) timestamp=715 ms, used_size=14612480 bytes (35.7%)
(RDMA_READ_CONSUME_CHECK_CONSUMER) timestamp=715 ms, used_size=14610432 bytes (35.7%)
(RDMA_READ_CONSUME_CHECK_CONSUMER) timestamp=715 ms, used_size=14608384 bytes (35.7%)
(RDMA_READ_CONSUME_CHECK_CONSUMER) timestamp=715 ms, used_size=14606336 bytes (35.7%)
(RDMA_READ_CONSUME_CHECK_CONSUMER) timestamp=715 ms, used_size=14604288 bytes (35.7%)
(RDMA_READ_CONSUME_CHECK_CONSUMER) timestamp=715 ms, used_size=14602240 bytes (35.6%)
(RDMA_READ_CONSUME_CHECK_CONSUMER) timestamp=715 ms, used_size=14600192 bytes (35.6%)
(RDMA_READ_CONSUME_CHECK_CONSUMER) timestamp=715 ms, used_size=14598144 bytes (35.6%)
(RDMA_READ_CONSUME_CHECK_CONSUMER) timestamp=715 ms, used_size=14596096 bytes (35.6%)
(RDMA_READ_CONSUME_CHECK_CONSUMER) timestamp=715 ms, used_size=14594048 bytes (35.6%)
(RDMA_READ_CONSUME_CHECK_CONSUMER) timestamp=715 ms, used_size=14592000 bytes (35.6%)
(RDMA_READ_CONSUME_CHECK_CONSUMER) timestamp=715 ms, used_size=14589952 bytes (35.6%)
(RDMA_READ_CONSUME_CHECK_CONSUMER) timestamp=715 ms, used_size=14587904 bytes (35.6%)
(RDMA_READ_CONSUME_CHECK_CONSUMER) timestamp=715 ms, used_size=14585856 bytes (35.6%)
(RDMA_READ_CONSUME_CHECK_CONSUMER) timestamp=715 ms, used_size=14583808 bytes (35.6%)
(RDMA_READ_CONSUME_CHECK_CONSUMER) timestamp=715 ms, used_size=14581760 bytes (35.6%)
(RDMA_READ_CONSUME_CHECK_CONSUMER) timestamp=715 ms, used_size=14579712 bytes (35.6%)
(RDMA_READ_CONSUME_CHECK_CONSUMER) timestamp=715 ms, used_size=14577664 bytes (35.6%)
(RDMA_READ_CONSUME_CHECK_CONSUMER) timestamp=715 ms, used_size=14575616 bytes (35.6%)
(RDMA_READ_CONSUME_CHECK_CONSUMER) timestamp=715 ms, used_size=14573568 bytes (35.6%)
(RDMA_READ_CONSUME_CHECK_CONSUMER) timestamp=715 ms, used_size=14571520 bytes (35.6%)
(RDMA_READ_CONSUME_CHECK_CONSUMER) timestamp=715 ms, used_size=14569472 bytes (35.6%)
(RDMA_READ_CONSUME_CHECK_CONSUMER) timestamp=715 ms, used_size=14567424 bytes (35.6%)
(RDMA_READ_CONSUME_CHECK_CONSUMER) timestamp=715 ms, used_size=14565376 bytes (35.6%)
(RDMA_READ_CONSUME_CHECK_CONSUMER) timestamp=715 ms, used_size=14563328 bytes (35.6%)
(RDMA_READ_CONSUME_CHECK_CONSUMER) timestamp=715 ms, used_size=14561280 bytes (35.5%)
(RDMA_READ_CONSUME_CHECK_CONSUMER) timestamp=715 ms, used_size=14559232 bytes (35.5%)
(RDMA_READ_CONSUME_CHECK_CONSUMER) timestamp=715 ms, used_size=14557184 bytes (35.5%)
(RDMA_READ_CONSUME_CHECK_CONSUMER) timestamp=715 ms, used_size=14555136 bytes (35.5%)
(RDMA_READ_CONSUME_CHECK_CONSUMER) timestamp=715 ms, used_size=14553088 bytes (35.5%)
(RDMA_READ_CONSUME_CHECK_CONSUMER) timestamp=715 ms, used_size=14551040 bytes (35.5%)
(RDMA_READ_CONSUME_CHECK_CONSUMER) timestamp=715 ms, used_size=14548992 bytes (35.5%)
(RDMA_READ_CONSUME_CHECK_CONSUMER) timestamp=715 ms, used_size=14546944 bytes (35.5%)
(RDMA_READ_CONSUME_CHECK_CONSUMER) timestamp=715 ms, used_size=14544896 bytes (35.5%)
(RDMA_READ_CONSUME_CHECK_CONSUMER) timestamp=715 ms, used_size=14542848 bytes (35.5%)
(RDMA_READ_CONSUME_CHECK_CONSUMER) timestamp=715 ms, used_size=14540800 bytes (35.5%)
(RDMA_READ_CONSUME_CHECK_CONSUMER) timestamp=715 ms, used_size=14538752 bytes (35.5%)
(RDMA_READ_CONSUME_CHECK_CONSUMER) timestamp=715 ms, used_size=14536704 bytes (35.5%)
(RDMA_READ_CONSUME_CHECK_CONSUMER) timestamp=715 ms, used_size=14534656 bytes (35.5%)
(RDMA_READ_CONSUME_CHECK_CONSUMER) timestamp=715 ms, used_size=14532608 bytes (35.5%)
(RDMA_READ_CONSUME_CHECK_CONSUMER) timestamp=715 ms, used_size=14530560 bytes (35.5%)
(RDMA_READ_CONSUME_CHECK_CONSUMER) timestamp=715 ms, used_size=14528512 bytes (35.5%)
(RDMA_READ_CONSUME_CHECK_CONSUMER) timestamp=715 ms, used_size=14526464 bytes (35.5%)
(RDMA_READ_CONSUME_CHECK_CONSUMER) timestamp=715 ms, used_size=14524416 bytes (35.5%)
(RDMA_READ_CONSUME_CHECK_CONSUMER) timestamp=715 ms, used_size=14522368 bytes (35.5%)
(RDMA_READ_CONSUME_CHECK_CONSUMER) timestamp=715 ms, used_size=14520320 bytes (35.5%)
(RDMA_READ_CONSUME_CHECK_CONSUMER) timestamp=715 ms, used_size=14518272 bytes (35.4%)
(RDMA_READ_CONSUME_CHECK_CONSUMER) timestamp=715 ms, used_size=14516224 bytes (35.4%)
(RDMA_READ_CONSUME_CHECK_CONSUMER) timestamp=715 ms, used_size=14514176 bytes (35.4%)
(RDMA_READ_CONSUME_CHECK_CONSUMER) timestamp=715 ms, used_size=14512128 bytes (35.4%)
(RDMA_READ_CONSUME_CHECK_CONSUMER) timestamp=715 ms, used_size=14510080 bytes (35.4%)
(RDMA_READ_CONSUME_CHECK_CONSUMER) timestamp=715 ms, used_size=14508032 bytes (35.4%)
(RDMA_READ_CONSUME_CHECK_CONSUMER) timestamp=715 ms, used_size=14505984 bytes (35.4%)
(RDMA_READ_CONSUME_CHECK_CONSUMER) timestamp=715 ms, used_size=14503936 bytes (35.4%)
(RDMA_READ_CONSUME_CHECK_CONSUMER) timestamp=715 ms, used_size=14501888 bytes (35.4%)
(RDMA_READ_CONSUME_CHECK_CONSUMER) timestamp=715 ms, used_size=14499840 bytes (35.4%)
(RDMA_READ_CONSUME_CHECK_CONSUMER) timestamp=715 ms, used_size=14497792 bytes (35.4%)
(RDMA_READ_CONSUME_CHECK_CONSUMER) timestamp=715 ms, used_size=14495744 bytes (35.4%)
(RDMA_READ_CONSUME_CHECK_CONSUMER) timestamp=715 ms, used_size=14493696 bytes (35.4%)
(RDMA_READ_CONSUME_CHECK_CONSUMER) timestamp=715 ms, used_size=14491648 bytes (35.4%)
(RDMA_READ_CONSUME_CHECK_CONSUMER) timestamp=715 ms, used_size=14489600 bytes (35.4%)
(RDMA_READ_CONSUME_CHECK_CONSUMER) timestamp=715 ms, used_size=14487552 bytes (35.4%)
(RDMA_READ_CONSUME_CHECK_CONSUMER) timestamp=715 ms, used_size=14485504 bytes (35.4%)
(RDMA_READ_CONSUME_CHECK_CONSUMER) timestamp=715 ms, used_size=14483456 bytes (35.4%)
(RDMA_READ_CONSUME_CHECK_CONSUMER) timestamp=715 ms, used_size=14481408 bytes (35.4%)
(RDMA_READ_CONSUME_CHECK_CONSUMER) timestamp=715 ms, used_size=14479360 bytes (35.4%)
(RDMA_READ_CONSUME_CHECK_CONSUMER) timestamp=715 ms, used_size=14477312 bytes (35.3%)
(RDMA_READ_CONSUME_CHECK_CONSUMER) timestamp=715 ms, used_size=14475264 bytes (35.3%)
(RDMA_READ_CONSUME_CHECK_CONSUMER) timestamp=715 ms, used_size=14473216 bytes (35.3%)
(RDMA_READ_CONSUME_CHECK_CONSUMER) timestamp=715 ms, used_size=14471168 bytes (35.3%)
(RDMA_READ_CONSUME_CHECK_CONSUMER) timestamp=715 ms, used_size=14469120 bytes (35.3%)
(RDMA_READ_CONSUME_CHECK_CONSUMER) timestamp=715 ms, used_size=14467072 bytes (35.3%)
(RDMA_READ_CONSUME_CHECK_CONSUMER) timestamp=715 ms, used_size=14465024 bytes (35.3%)
(RDMA_READ_CONSUME_CHECK_CONSUMER) timestamp=715 ms, used_size=14462976 bytes (35.3%)
(RDMA_READ_CONSUME_CHECK_CONSUMER) timestamp=715 ms, used_size=14460928 bytes (35.3%)
(RDMA_READ_CONSUME_CHECK_CONSUMER) timestamp=715 ms, used_size=14458880 bytes (35.3%)
(RDMA_READ_CONSUME_CHECK_CONSUMER) timestamp=715 ms, used_size=14456832 bytes (35.3%)
(RDMA_READ_CONSUME_CHECK_CONSUMER) timestamp=715 ms, used_size=14454784 bytes (35.3%)
(RDMA_READ_CONSUME_CHECK_CONSUMER) timestamp=715 ms, used_size=14452736 bytes (35.3%)
(RDMA_READ_CONSUME_CHECK_CONSUMER) timestamp=715 ms, used_size=14450688 bytes (35.3%)
(RDMA_READ_CONSUME_CHECK_CONSUMER) timestamp=715 ms, used_size=14448640 bytes (35.3%)
(RDMA_READ_CONSUME_CHECK_CONSUMER) timestamp=715 ms, used_size=14446592 bytes (35.3%)
(RDMA_READ_CONSUME_CHECK_CONSUMER) timestamp=715 ms, used_size=14444544 bytes (35.3%)
(RDMA_READ_CONSUME_CHECK_CONSUMER) timestamp=715 ms, used_size=14442496 bytes (35.3%)
(RDMA_READ_CONSUME_CHECK_CONSUMER) timestamp=715 ms, used_size=14440448 bytes (35.3%)
(RDMA_READ_CONSUME_CHECK_CONSUMER) timestamp=715 ms, used_size=14438400 bytes (35.2%)
(RDMA_READ_CONSUME_CHECK_CONSUMER) timestamp=715 ms, used_size=14436352 bytes (35.2%)
(RDMA_READ_CONSUME_CHECK_CONSUMER) timestamp=715 ms, used_size=14434304 bytes (35.2%)
(RDMA_READ_CONSUME_CHECK_CONSUMER) timestamp=715 ms, used_size=14432256 bytes (35.2%)
(RDMA_READ_CONSUME_CHECK_CONSUMER) timestamp=715 ms, used_size=14430208 bytes (35.2%)
(RDMA_READ_CONSUME_CHECK_CONSUMER) timestamp=715 ms, used_size=14428160 bytes (35.2%)
(RDMA_READ_CONSUME_CHECK_CONSUMER) timestamp=715 ms, used_size=14426112 bytes (35.2%)
(RDMA_READ_CONSUME_CHECK_CONSUMER) timestamp=715 ms, used_size=14424064 bytes (35.2%)
(RDMA_READ_CONSUME_CHECK_CONSUMER) timestamp=715 ms, used_size=14422016 bytes (35.2%)
(RDMA_READ_CONSUME_CHECK_CONSUMER) timestamp=715 ms, used_size=14419968 bytes (35.2%)
(RDMA_READ_CONSUME_CHECK_CONSUMER) timestamp=715 ms, used_size=14417920 bytes (35.2%)
(RDMA_READ_CONSUME_CHECK_CONSUMER) timestamp=715 ms, used_size=14415872 bytes (35.2%)
(RDMA_READ_CONSUME_CHECK_CONSUMER) timestamp=715 ms, used_size=14413824 bytes (35.2%)
(RDMA_READ_CONSUME_CHECK_CONSUMER) timestamp=715 ms, used_size=14411776 bytes (35.2%)
(RDMA_READ_CONSUME_CHECK_CONSUMER) timestamp=715 ms, used_size=14409728 bytes (35.2%)
(RDMA_READ_CONSUME_CHECK_CONSUMER) timestamp=715 ms, used_size=14407680 bytes (35.2%)
(RDMA_READ_CONSUME_CHECK_CONSUMER) timestamp=715 ms, used_size=14405632 bytes (35.2%)
(RDMA_READ_CONSUME_CHECK_CONSUMER) timestamp=715 ms, used_size=14403584 bytes (35.2%)
(RDMA_READ_CONSUME_CHECK_CONSUMER) timestamp=715 ms, used_size=14401536 bytes (35.2%)
(RDMA_READ_CONSUME_CHECK_CONSUMER) timestamp=715 ms, used_size=14399488 bytes (35.2%)
(RDMA_READ_CONSUME_CHECK_CONSUMER) timestamp=715 ms, used_size=14397440 bytes (35.1%)
(RDMA_READ_CONSUME_CHECK_CONSUMER) timestamp=715 ms, used_size=14395392 bytes (35.1%)
(RDMA_READ_CONSUME_CHECK_CONSUMER) timestamp=715 ms, used_size=14393344 bytes (35.1%)
(RDMA_READ_CONSUME_CHECK_CONSUMER) timestamp=715 ms, used_size=14391296 bytes (35.1%)
(RDMA_READ_CONSUME_CHECK_CONSUMER) timestamp=715 ms, used_size=14389248 bytes (35.1%)
(RDMA_READ_CONSUME_CHECK_CONSUMER) timestamp=715 ms, used_size=14387200 bytes (35.1%)
(RDMA_READ_CONSUME_CHECK_CONSUMER) timestamp=715 ms, used_size=14385152 bytes (35.1%)
(RDMA_READ_CONSUME_CHECK_CONSUMER) timestamp=715 ms, used_size=14383104 bytes (35.1%)
(RDMA_READ_CONSUME_CHECK_CONSUMER) timestamp=715 ms, used_size=14381056 bytes (35.1%)
(RDMA_READ_CONSUME_CHECK_CONSUMER) timestamp=715 ms, used_size=14379008 bytes (35.1%)
(RDMA_READ_CONSUME_CHECK_CONSUMER) timestamp=715 ms, used_size=14376960 bytes (35.1%)
(RDMA_READ_CONSUME_CHECK_CONSUMER) timestamp=715 ms, used_size=14374912 bytes (35.1%)
(RDMA_READ_CONSUME_CHECK_CONSUMER) timestamp=715 ms, used_size=14372864 bytes (35.1%)
(RDMA_READ_CONSUME_CHECK_CONSUMER) timestamp=715 ms, used_size=14370816 bytes (35.1%)
(RDMA_READ_CONSUME_CHECK_CONSUMER) timestamp=715 ms, used_size=14368768 bytes (35.1%)
(RDMA_READ_CONSUME_CHECK_CONSUMER) timestamp=715 ms, used_size=14366720 bytes (35.1%)
(RDMA_READ_CONSUME_CHECK_CONSUMER) timestamp=715 ms, used_size=14364672 bytes (35.1%)
(RDMA_READ_CONSUME_CHECK_CONSUMER) timestamp=715 ms, used_size=14362624 bytes (35.1%)
(RDMA_READ_CONSUME_CHECK_CONSUMER) timestamp=715 ms, used_size=14360576 bytes (35.1%)
(RDMA_READ_CONSUME_CHECK_CONSUMER) timestamp=715 ms, used_size=14358528 bytes (35.1%)
(RDMA_READ_CONSUME_CHECK_CONSUMER) timestamp=715 ms, used_size=14356480 bytes (35.0%)
(RDMA_READ_CONSUME_CHECK_CONSUMER) timestamp=715 ms, used_size=14354432 bytes (35.0%)
(RDMA_READ_CONSUME_CHECK_CONSUMER) timestamp=715 ms, used_size=14352384 bytes (35.0%)
(RDMA_READ_CONSUME_CHECK_CONSUMER) timestamp=715 ms, used_size=14350336 bytes (35.0%)
(RDMA_READ_CONSUME_CHECK_CONSUMER) timestamp=715 ms, used_size=14348288 bytes (35.0%)
(RDMA_READ_CONSUME_CHECK_CONSUMER) timestamp=715 ms, used_size=14346240 bytes (35.0%)
(RDMA_READ_CONSUME_CHECK_CONSUMER) timestamp=715 ms, used_size=14344192 bytes (35.0%)
(RDMA_READ_CONSUME_CHECK_CONSUMER) timestamp=715 ms, used_size=14342144 bytes (35.0%)
(RDMA_READ_CONSUME_CHECK_CONSUMER) timestamp=715 ms, used_size=14340096 bytes (35.0%)
(RDMA_READ_CONSUME_CHECK_CONSUMER) timestamp=715 ms, used_size=14338048 bytes (35.0%)
(RDMA_READ_CONSUME_CHECK_CONSUMER) timestamp=715 ms, used_size=14336000 bytes (35.0%)
(RDMA_READ_CONSUME_CHECK_CONSUMER) timestamp=715 ms, used_size=14333952 bytes (35.0%)
(RDMA_READ_CONSUME_CHECK_CONSUMER) timestamp=715 ms, used_size=14331904 bytes (35.0%)
(RDMA_READ_CONSUME_CHECK_CONSUMER) timestamp=715 ms, used_size=14329856 bytes (35.0%)
(RDMA_READ_CONSUME_CHECK_CONSUMER) timestamp=715 ms, used_size=14327808 bytes (35.0%)
(RDMA_READ_CONSUME_CHECK_CONSUMER) timestamp=715 ms, used_size=14325760 bytes (35.0%)
(RDMA_READ_CONSUME_CHECK_CONSUMER) timestamp=715 ms, used_size=14323712 bytes (35.0%)
(RDMA_READ_CONSUME_CHECK_CONSUMER) timestamp=715 ms, used_size=14321664 bytes (35.0%)
(RDMA_READ_CONSUME_CHECK_CONSUMER) timestamp=715 ms, used_size=14319616 bytes (35.0%)
(RDMA_READ_CONSUME_CHECK_CONSUMER) timestamp=715 ms, used_size=14317568 bytes (35.0%)
(RDMA_READ_CONSUME_CHECK_CONSUMER) timestamp=715 ms, used_size=14315520 bytes (35.0%)
(RDMA_READ_CONSUME_CHECK_CONSUMER) timestamp=715 ms, used_size=14313472 bytes (34.9%)
(RDMA_READ_CONSUME_CHECK_CONSUMER) timestamp=715 ms, used_size=14311424 bytes (34.9%)
(RDMA_READ_CONSUME_CHECK_CONSUMER) timestamp=715 ms, used_size=14309376 bytes (34.9%)
(RDMA_READ_CONSUME_CHECK_CONSUMER) timestamp=715 ms, used_size=14307328 bytes (34.9%)
(RDMA_READ_CONSUME_CHECK_CONSUMER) timestamp=715 ms, used_size=14305280 bytes (34.9%)
(RDMA_READ_CONSUME_CHECK_CONSUMER) timestamp=715 ms, used_size=14303232 bytes (34.9%)
(RDMA_READ_CONSUME_CHECK_CONSUMER) timestamp=715 ms, used_size=14301184 bytes (34.9%)
(RDMA_READ_CONSUME_CHECK_CONSUMER) timestamp=715 ms, used_size=14299136 bytes (34.9%)
(RDMA_READ_CONSUME_CHECK_CONSUMER) timestamp=715 ms, used_size=14297088 bytes (34.9%)
(RDMA_READ_CONSUME_CHECK_CONSUMER) timestamp=715 ms, used_size=14295040 bytes (34.9%)
(RDMA_READ_CONSUME_CHECK_CONSUMER) timestamp=715 ms, used_size=14292992 bytes (34.9%)
(RDMA_READ_CONSUME_CHECK_CONSUMER) timestamp=715 ms, used_size=14290944 bytes (34.9%)
(RDMA_READ_CONSUME_CHECK_CONSUMER) timestamp=715 ms, used_size=14288896 bytes (34.9%)
(RDMA_READ_CONSUME_CHECK_CONSUMER) timestamp=715 ms, used_size=14286848 bytes (34.9%)
(RDMA_READ_CONSUME_CHECK_CONSUMER) timestamp=715 ms, used_size=14284800 bytes (34.9%)
(RDMA_READ_CONSUME_CHECK_CONSUMER) timestamp=715 ms, used_size=14282752 bytes (34.9%)
(RDMA_READ_CONSUME_CHECK_CONSUMER) timestamp=715 ms, used_size=14280704 bytes (34.9%)
(RDMA_READ_CONSUME_CHECK_CONSUMER) timestamp=715 ms, used_size=14278656 bytes (34.9%)
(RDMA_READ_CONSUME_CHECK_CONSUMER) timestamp=715 ms, used_size=14276608 bytes (34.9%)
(RDMA_READ_CONSUME_CHECK_CONSUMER) timestamp=715 ms, used_size=14274560 bytes (34.9%)
(RDMA_READ_CONSUME_CHECK_CONSUMER) timestamp=715 ms, used_size=14272512 bytes (34.8%)
(RDMA_READ_CONSUME_CHECK_CONSUMER) timestamp=715 ms, used_size=14270464 bytes (34.8%)
(RDMA_READ_CONSUME_CHECK_CONSUMER) timestamp=715 ms, used_size=14268416 bytes (34.8%)
(RDMA_READ_CONSUME_CHECK_CONSUMER) timestamp=715 ms, used_size=14266368 bytes (34.8%)
(RDMA_READ_CONSUME_CHECK_CONSUMER) timestamp=715 ms, used_size=14264320 bytes (34.8%)
(RDMA_READ_CONSUME_CHECK_CONSUMER) timestamp=715 ms, used_size=14262272 bytes (34.8%)
(RDMA_READ_CONSUME_CHECK_CONSUMER) timestamp=715 ms, used_size=14260224 bytes (34.8%)
(RDMA_READ_CONSUME_CHECK_CONSUMER) timestamp=715 ms, used_size=14258176 bytes (34.8%)
(RDMA_READ_CONSUME_CHECK_CONSUMER) timestamp=715 ms, used_size=14256128 bytes (34.8%)
(RDMA_READ_CONSUME_CHECK_CONSUMER) timestamp=715 ms, used_size=14254080 bytes (34.8%)
(RDMA_READ_CONSUME_CHECK_CONSUMER) timestamp=715 ms, used_size=14252032 bytes (34.8%)
(RDMA_READ_CONSUME_CHECK_CONSUMER) timestamp=715 ms, used_size=14249984 bytes (34.8%)
(RDMA_READ_CONSUME_CHECK_CONSUMER) timestamp=715 ms, used_size=14247936 bytes (34.8%)
(RDMA_READ_CONSUME_CHECK_CONSUMER) timestamp=715 ms, used_size=14245888 bytes (34.8%)
(RDMA_READ_CONSUME_CHECK_CONSUMER) timestamp=715 ms, used_size=14243840 bytes (34.8%)
(RDMA_READ_CONSUME_CHECK_CONSUMER) timestamp=715 ms, used_size=14241792 bytes (34.8%)
(RDMA_READ_CONSUME_CHECK_CONSUMER) timestamp=716 ms, used_size=14239744 bytes (34.8%)
(RDMA_READ_CONSUME_CHECK_CONSUMER) timestamp=716 ms, used_size=14237696 bytes (34.8%)
(RDMA_READ_CONSUME_CHECK_CONSUMER) timestamp=716 ms, used_size=14235648 bytes (34.8%)
(RDMA_READ_CONSUME_CHECK_CONSUMER) timestamp=716 ms, used_size=14233600 bytes (34.8%)
(RDMA_READ_CONSUME_CHECK_CONSUMER) timestamp=716 ms, used_size=14231552 bytes (34.7%)
(RDMA_READ_CONSUME_CHECK_CONSUMER) timestamp=716 ms, used_size=14229504 bytes (34.7%)
(RDMA_READ_CONSUME_CHECK_CONSUMER) timestamp=716 ms, used_size=14227456 bytes (34.7%)
(RDMA_READ_CONSUME_CHECK_CONSUMER) timestamp=716 ms, used_size=14225408 bytes (34.7%)
(RDMA_READ_CONSUME_CHECK_CONSUMER) timestamp=716 ms, used_size=14223360 bytes (34.7%)
(RDMA_READ_CONSUME_CHECK_CONSUMER) timestamp=716 ms, used_size=14221312 bytes (34.7%)
(RDMA_READ_CONSUME_CHECK_CONSUMER) timestamp=716 ms, used_size=14219264 bytes (34.7%)
(RDMA_READ_CONSUME_CHECK_CONSUMER) timestamp=716 ms, used_size=14217216 bytes (34.7%)
(RDMA_READ_CONSUME_CHECK_CONSUMER) timestamp=716 ms, used_size=14215168 bytes (34.7%)
(RDMA_READ_CONSUME_CHECK_CONSUMER) timestamp=716 ms, used_size=14213120 bytes (34.7%)
(RDMA_READ_CONSUME_CHECK_CONSUMER) timestamp=716 ms, used_size=14211072 bytes (34.7%)
(RDMA_READ_CONSUME_CHECK_CONSUMER) timestamp=716 ms, used_size=14209024 bytes (34.7%)
(RDMA_READ_CONSUME_CHECK_CONSUMER) timestamp=716 ms, used_size=14206976 bytes (34.7%)
(RDMA_READ_CONSUME_CHECK_CONSUMER) timestamp=716 ms, used_size=14204928 bytes (34.7%)
(RDMA_READ_CONSUME_CHECK_CONSUMER) timestamp=716 ms, used_size=14202880 bytes (34.7%)
(RDMA_READ_CONSUME_CHECK_CONSUMER) timestamp=716 ms, used_size=14200832 bytes (34.7%)
(RDMA_READ_CONSUME_CHECK_CONSUMER) timestamp=716 ms, used_size=14198784 bytes (34.7%)
(RDMA_READ_CONSUME_CHECK_CONSUMER) timestamp=716 ms, used_size=14196736 bytes (34.7%)
(RDMA_READ_CONSUME_CHECK_CONSUMER) timestamp=716 ms, used_size=14194688 bytes (34.7%)
(RDMA_READ_CONSUME_CHECK_CONSUMER) timestamp=716 ms, used_size=14192640 bytes (34.6%)
(RDMA_READ_CONSUME_CHECK_CONSUMER) timestamp=716 ms, used_size=14190592 bytes (34.6%)
(RDMA_READ_CONSUME_CHECK_CONSUMER) timestamp=716 ms, used_size=14188544 bytes (34.6%)
(RDMA_READ_CONSUME_CHECK_CONSUMER) timestamp=716 ms, used_size=14186496 bytes (34.6%)
(RDMA_READ_CONSUME_CHECK_CONSUMER) timestamp=716 ms, used_size=14184448 bytes (34.6%)
(RDMA_READ_CONSUME_CHECK_CONSUMER) timestamp=716 ms, used_size=14182400 bytes (34.6%)
(RDMA_READ_CONSUME_CHECK_CONSUMER) timestamp=716 ms, used_size=14180352 bytes (34.6%)
(RDMA_READ_CONSUME_CHECK_CONSUMER) timestamp=716 ms, used_size=14178304 bytes (34.6%)
(RDMA_READ_CONSUME_CHECK_CONSUMER) timestamp=716 ms, used_size=14176256 bytes (34.6%)
(RDMA_READ_CONSUME_CHECK_CONSUMER) timestamp=716 ms, used_size=14174208 bytes (34.6%)
(RDMA_READ_CONSUME_CHECK_CONSUMER) timestamp=716 ms, used_size=14172160 bytes (34.6%)
(RDMA_READ_CONSUME_CHECK_CONSUMER) timestamp=716 ms, used_size=14170112 bytes (34.6%)
(RDMA_READ_CONSUME_CHECK_CONSUMER) timestamp=716 ms, used_size=14168064 bytes (34.6%)
(RDMA_READ_CONSUME_CHECK_CONSUMER) timestamp=716 ms, used_size=14166016 bytes (34.6%)
(RDMA_READ_CONSUME_CHECK_CONSUMER) timestamp=716 ms, used_size=14163968 bytes (34.6%)
(RDMA_READ_CONSUME_CHECK_CONSUMER) timestamp=716 ms, used_size=14161920 bytes (34.6%)
(RDMA_READ_CONSUME_CHECK_CONSUMER) timestamp=716 ms, used_size=14159872 bytes (34.6%)
(RDMA_READ_CONSUME_CHECK_CONSUMER) timestamp=716 ms, used_size=14157824 bytes (34.6%)
(RDMA_READ_CONSUME_CHECK_CONSUMER) timestamp=716 ms, used_size=14155776 bytes (34.6%)
(RDMA_READ_CONSUME_CHECK_CONSUMER) timestamp=716 ms, used_size=14153728 bytes (34.6%)
(RDMA_READ_CONSUME_CHECK_CONSUMER) timestamp=716 ms, used_size=14151680 bytes (34.5%)
(RDMA_READ_CONSUME_CHECK_CONSUMER) timestamp=716 ms, used_size=14149632 bytes (34.5%)
(RDMA_READ_CONSUME_CHECK_CONSUMER) timestamp=716 ms, used_size=14147584 bytes (34.5%)
(RDMA_READ_CONSUME_CHECK_CONSUMER) timestamp=716 ms, used_size=14145536 bytes (34.5%)
(RDMA_READ_CONSUME_CHECK_CONSUMER) timestamp=716 ms, used_size=14143488 bytes (34.5%)
(RDMA_READ_CONSUME_CHECK_CONSUMER) timestamp=716 ms, used_size=14141440 bytes (34.5%)
(RDMA_READ_CONSUME_CHECK_CONSUMER) timestamp=716 ms, used_size=14139392 bytes (34.5%)
(RDMA_READ_CONSUME_CHECK_CONSUMER) timestamp=716 ms, used_size=14137344 bytes (34.5%)
(RDMA_READ_CONSUME_CHECK_CONSUMER) timestamp=716 ms, used_size=14135296 bytes (34.5%)
(RDMA_READ_CONSUME_CHECK_CONSUMER) timestamp=716 ms, used_size=14133248 bytes (34.5%)
(RDMA_READ_CONSUME_CHECK_CONSUMER) timestamp=716 ms, used_size=14131200 bytes (34.5%)
(RDMA_READ_CONSUME_CHECK_CONSUMER) timestamp=716 ms, used_size=14129152 bytes (34.5%)
(RDMA_READ_CONSUME_CHECK_CONSUMER) timestamp=716 ms, used_size=14127104 bytes (34.5%)
(RDMA_READ_CONSUME_CHECK_CONSUMER) timestamp=716 ms, used_size=14125056 bytes (34.5%)
(RDMA_READ_CONSUME_CHECK_CONSUMER) timestamp=716 ms, used_size=14123008 bytes (34.5%)
(RDMA_READ_CONSUME_CHECK_CONSUMER) timestamp=716 ms, used_size=14120960 bytes (34.5%)
(RDMA_READ_CONSUME_CHECK_CONSUMER) timestamp=716 ms, used_size=14118912 bytes (34.5%)
(RDMA_READ_CONSUME_CHECK_CONSUMER) timestamp=716 ms, used_size=14116864 bytes (34.5%)
(RDMA_READ_CONSUME_CHECK_CONSUMER) timestamp=716 ms, used_size=14114816 bytes (34.5%)
(RDMA_READ_CONSUME_CHECK_CONSUMER) timestamp=716 ms, used_size=14112768 bytes (34.5%)
(RDMA_READ_CONSUME_CHECK_CONSUMER) timestamp=716 ms, used_size=14110720 bytes (34.5%)
(RDMA_READ_CONSUME_CHECK_CONSUMER) timestamp=716 ms, used_size=14108672 bytes (34.4%)
(RDMA_READ_CONSUME_CHECK_CONSUMER) timestamp=716 ms, used_size=14106624 bytes (34.4%)
(RDMA_READ_CONSUME_CHECK_CONSUMER) timestamp=716 ms, used_size=14104576 bytes (34.4%)
(RDMA_READ_CONSUME_CHECK_CONSUMER) timestamp=716 ms, used_size=14102528 bytes (34.4%)
(RDMA_READ_CONSUME_CHECK_CONSUMER) timestamp=716 ms, used_size=14100480 bytes (34.4%)
(RDMA_READ_CONSUME_CHECK_CONSUMER) timestamp=716 ms, used_size=14098432 bytes (34.4%)
(RDMA_READ_CONSUME_CHECK_CONSUMER) timestamp=716 ms, used_size=14096384 bytes (34.4%)
(RDMA_READ_CONSUME_CHECK_CONSUMER) timestamp=716 ms, used_size=14094336 bytes (34.4%)
(RDMA_READ_CONSUME_CHECK_CONSUMER) timestamp=716 ms, used_size=14092288 bytes (34.4%)
(RDMA_READ_CONSUME_CHECK_CONSUMER) timestamp=716 ms, used_size=14090240 bytes (34.4%)
(RDMA_READ_CONSUME_CHECK_CONSUMER) timestamp=716 ms, used_size=14088192 bytes (34.4%)
(RDMA_READ_CONSUME_CHECK_CONSUMER) timestamp=716 ms, used_size=14086144 bytes (34.4%)
(RDMA_READ_CONSUME_CHECK_CONSUMER) timestamp=716 ms, used_size=14084096 bytes (34.4%)
(RDMA_READ_CONSUME_CHECK_CONSUMER) timestamp=716 ms, used_size=14082048 bytes (34.4%)
(RDMA_READ_CONSUME_CHECK_CONSUMER) timestamp=716 ms, used_size=14080000 bytes (34.4%)
(RDMA_READ_CONSUME_CHECK_CONSUMER) timestamp=716 ms, used_size=14077952 bytes (34.4%)
(RDMA_READ_CONSUME_CHECK_CONSUMER) timestamp=716 ms, used_size=14075904 bytes (34.4%)
(RDMA_READ_CONSUME_CHECK_CONSUMER) timestamp=716 ms, used_size=14073856 bytes (34.4%)
(RDMA_READ_CONSUME_CHECK_CONSUMER) timestamp=716 ms, used_size=14071808 bytes (34.4%)
(RDMA_READ_CONSUME_CHECK_CONSUMER) timestamp=716 ms, used_size=14069760 bytes (34.4%)
(RDMA_READ_CONSUME_CHECK_CONSUMER) timestamp=716 ms, used_size=14067712 bytes (34.3%)
(RDMA_READ_CONSUME_CHECK_CONSUMER) timestamp=716 ms, used_size=14065664 bytes (34.3%)
(RDMA_READ_CONSUME_CHECK_CONSUMER) timestamp=716 ms, used_size=14063616 bytes (34.3%)
(RDMA_READ_CONSUME_CHECK_CONSUMER) timestamp=716 ms, used_size=14061568 bytes (34.3%)
(RDMA_READ_CONSUME_CHECK_CONSUMER) timestamp=716 ms, used_size=14059520 bytes (34.3%)
(RDMA_READ_CONSUME_CHECK_CONSUMER) timestamp=716 ms, used_size=14057472 bytes (34.3%)
(RDMA_READ_CONSUME_CHECK_CONSUMER) timestamp=716 ms, used_size=14055424 bytes (34.3%)
(RDMA_READ_CONSUME_CHECK_CONSUMER) timestamp=716 ms, used_size=14053376 bytes (34.3%)
(RDMA_READ_CONSUME_CHECK_CONSUMER) timestamp=716 ms, used_size=14051328 bytes (34.3%)
(RDMA_READ_CONSUME_CHECK_CONSUMER) timestamp=716 ms, used_size=14049280 bytes (34.3%)
(RDMA_READ_CONSUME_CHECK_CONSUMER) timestamp=716 ms, used_size=14047232 bytes (34.3%)
(RDMA_READ_CONSUME_CHECK_CONSUMER) timestamp=716 ms, used_size=14045184 bytes (34.3%)
(RDMA_READ_CONSUME_CHECK_CONSUMER) timestamp=716 ms, used_size=14043136 bytes (34.3%)
(RDMA_READ_CONSUME_CHECK_CONSUMER) timestamp=716 ms, used_size=14041088 bytes (34.3%)
(RDMA_READ_CONSUME_CHECK_CONSUMER) timestamp=716 ms, used_size=14039040 bytes (34.3%)
(RDMA_READ_CONSUME_CHECK_CONSUMER) timestamp=716 ms, used_size=14036992 bytes (34.3%)
(RDMA_READ_CONSUME_CHECK_CONSUMER) timestamp=716 ms, used_size=14034944 bytes (34.3%)
(RDMA_READ_CONSUME_CHECK_CONSUMER) timestamp=716 ms, used_size=14032896 bytes (34.3%)
(RDMA_READ_CONSUME_CHECK_CONSUMER) timestamp=716 ms, used_size=14030848 bytes (34.3%)
(RDMA_READ_CONSUME_CHECK_CONSUMER) timestamp=716 ms, used_size=14028800 bytes (34.2%)
(RDMA_READ_CONSUME_CHECK_CONSUMER) timestamp=716 ms, used_size=14026752 bytes (34.2%)
(RDMA_READ_CONSUME_CHECK_CONSUMER) timestamp=716 ms, used_size=14024704 bytes (34.2%)
(RDMA_READ_CONSUME_CHECK_CONSUMER) timestamp=716 ms, used_size=14022656 bytes (34.2%)
(RDMA_READ_CONSUME_CHECK_CONSUMER) timestamp=716 ms, used_size=14020608 bytes (34.2%)
(RDMA_READ_CONSUME_CHECK_CONSUMER) timestamp=716 ms, used_size=14018560 bytes (34.2%)
(RDMA_READ_CONSUME_CHECK_CONSUMER) timestamp=716 ms, used_size=14016512 bytes (34.2%)
(RDMA_READ_CONSUME_CHECK_CONSUMER) timestamp=716 ms, used_size=14014464 bytes (34.2%)
(RDMA_READ_CONSUME_CHECK_CONSUMER) timestamp=716 ms, used_size=14012416 bytes (34.2%)
(RDMA_READ_CONSUME_CHECK_CONSUMER) timestamp=716 ms, used_size=14010368 bytes (34.2%)
(RDMA_READ_CONSUME_CHECK_CONSUMER) timestamp=716 ms, used_size=14008320 bytes (34.2%)
(RDMA_READ_CONSUME_CHECK_CONSUMER) timestamp=716 ms, used_size=14006272 bytes (34.2%)
(RDMA_READ_CONSUME_CHECK_CONSUMER) timestamp=716 ms, used_size=14004224 bytes (34.2%)
(RDMA_READ_CONSUME_CHECK_CONSUMER) timestamp=716 ms, used_size=14002176 bytes (34.2%)
(RDMA_READ_CONSUME_CHECK_CONSUMER) timestamp=716 ms, used_size=14000128 bytes (34.2%)
(RDMA_READ_CONSUME_CHECK_CONSUMER) timestamp=716 ms, used_size=13998080 bytes (34.2%)
(RDMA_READ_CONSUME_CHECK_CONSUMER) timestamp=716 ms, used_size=13996032 bytes (34.2%)
(RDMA_READ_CONSUME_CHECK_CONSUMER) timestamp=716 ms, used_size=13993984 bytes (34.2%)
(RDMA_READ_CONSUME_CHECK_CONSUMER) timestamp=716 ms, used_size=13991936 bytes (34.2%)
(RDMA_READ_CONSUME_CHECK_CONSUMER) timestamp=716 ms, used_size=13989888 bytes (34.2%)
(RDMA_READ_CONSUME_CHECK_CONSUMER) timestamp=716 ms, used_size=13987840 bytes (34.1%)
(RDMA_READ_CONSUME_CHECK_CONSUMER) timestamp=716 ms, used_size=13985792 bytes (34.1%)
(RDMA_READ_CONSUME_CHECK_CONSUMER) timestamp=716 ms, used_size=13983744 bytes (34.1%)
(RDMA_READ_CONSUME_CHECK_CONSUMER) timestamp=716 ms, used_size=13981696 bytes (34.1%)
(RDMA_READ_CONSUME_CHECK_CONSUMER) timestamp=716 ms, used_size=13979648 bytes (34.1%)
(RDMA_READ_CONSUME_CHECK_CONSUMER) timestamp=716 ms, used_size=13977600 bytes (34.1%)
(RDMA_READ_CONSUME_CHECK_CONSUMER) timestamp=716 ms, used_size=13975552 bytes (34.1%)
(RDMA_READ_CONSUME_CHECK_CONSUMER) timestamp=716 ms, used_size=13973504 bytes (34.1%)
(RDMA_READ_CONSUME_CHECK_CONSUMER) timestamp=716 ms, used_size=13971456 bytes (34.1%)
(RDMA_READ_CONSUME_CHECK_CONSUMER) timestamp=716 ms, used_size=13969408 bytes (34.1%)
(RDMA_READ_CONSUME_CHECK_CONSUMER) timestamp=716 ms, used_size=13967360 bytes (34.1%)
(RDMA_READ_CONSUME_CHECK_CONSUMER) timestamp=716 ms, used_size=13965312 bytes (34.1%)
(RDMA_READ_CONSUME_CHECK_CONSUMER) timestamp=716 ms, used_size=13963264 bytes (34.1%)
(RDMA_READ_CONSUME_CHECK_CONSUMER) timestamp=716 ms, used_size=13961216 bytes (34.1%)
(RDMA_READ_CONSUME_CHECK_CONSUMER) timestamp=716 ms, used_size=13959168 bytes (34.1%)
(RDMA_READ_CONSUME_CHECK_CONSUMER) timestamp=716 ms, used_size=13957120 bytes (34.1%)
(RDMA_READ_CONSUME_CHECK_CONSUMER) timestamp=716 ms, used_size=13955072 bytes (34.1%)
(RDMA_READ_CONSUME_CHECK_CONSUMER) timestamp=716 ms, used_size=13953024 bytes (34.1%)
(RDMA_READ_CONSUME_CHECK_CONSUMER) timestamp=716 ms, used_size=13950976 bytes (34.1%)
(RDMA_READ_CONSUME_CHECK_CONSUMER) timestamp=716 ms, used_size=13948928 bytes (34.1%)
(RDMA_READ_CONSUME_CHECK_CONSUMER) timestamp=716 ms, used_size=13946880 bytes (34.0%)
(RDMA_READ_CONSUME_CHECK_CONSUMER) timestamp=716 ms, used_size=13944832 bytes (34.0%)
(RDMA_READ_CONSUME_CHECK_CONSUMER) timestamp=716 ms, used_size=13942784 bytes (34.0%)
(RDMA_READ_CONSUME_CHECK_CONSUMER) timestamp=716 ms, used_size=13940736 bytes (34.0%)
(RDMA_READ_CONSUME_CHECK_CONSUMER) timestamp=716 ms, used_size=13938688 bytes (34.0%)
(RDMA_READ_CONSUME_CHECK_CONSUMER) timestamp=716 ms, used_size=13936640 bytes (34.0%)
(RDMA_READ_CONSUME_CHECK_CONSUMER) timestamp=716 ms, used_size=13934592 bytes (34.0%)
(RDMA_READ_CONSUME_CHECK_CONSUMER) timestamp=716 ms, used_size=13932544 bytes (34.0%)
(RDMA_READ_CONSUME_CHECK_CONSUMER) timestamp=716 ms, used_size=13930496 bytes (34.0%)
(RDMA_READ_CONSUME_CHECK_CONSUMER) timestamp=716 ms, used_size=13928448 bytes (34.0%)
(RDMA_READ_CONSUME_CHECK_CONSUMER) timestamp=716 ms, used_size=13926400 bytes (34.0%)
(RDMA_READ_CONSUME_CHECK_CONSUMER) timestamp=716 ms, used_size=13924352 bytes (34.0%)
(RDMA_READ_CONSUME_CHECK_CONSUMER) timestamp=716 ms, used_size=13922304 bytes (34.0%)
(RDMA_READ_CONSUME_CHECK_CONSUMER) timestamp=716 ms, used_size=13920256 bytes (34.0%)
(RDMA_READ_CONSUME_CHECK_CONSUMER) timestamp=716 ms, used_size=13918208 bytes (34.0%)
(RDMA_READ_CONSUME_CHECK_CONSUMER) timestamp=716 ms, used_size=13916160 bytes (34.0%)
(RDMA_READ_CONSUME_CHECK_CONSUMER) timestamp=716 ms, used_size=13914112 bytes (34.0%)
(RDMA_READ_CONSUME_CHECK_CONSUMER) timestamp=716 ms, used_size=13912064 bytes (34.0%)
(RDMA_READ_CONSUME_CHECK_CONSUMER) timestamp=716 ms, used_size=13910016 bytes (34.0%)
(RDMA_READ_CONSUME_CHECK_CONSUMER) timestamp=716 ms, used_size=13907968 bytes (34.0%)
(RDMA_READ_CONSUME_CHECK_CONSUMER) timestamp=716 ms, used_size=13905920 bytes (34.0%)
(RDMA_READ_CONSUME_CHECK_CONSUMER) timestamp=716 ms, used_size=13903872 bytes (33.9%)
(RDMA_READ_CONSUME_CHECK_CONSUMER) timestamp=716 ms, used_size=13901824 bytes (33.9%)
(RDMA_READ_CONSUME_CHECK_CONSUMER) timestamp=716 ms, used_size=13899776 bytes (33.9%)
(RDMA_READ_CONSUME_CHECK_CONSUMER) timestamp=716 ms, used_size=13897728 bytes (33.9%)
(RDMA_READ_CONSUME_CHECK_CONSUMER) timestamp=716 ms, used_size=13895680 bytes (33.9%)
(RDMA_READ_CONSUME_CHECK_CONSUMER) timestamp=716 ms, used_size=13893632 bytes (33.9%)
(RDMA_READ_CONSUME_CHECK_CONSUMER) timestamp=716 ms, used_size=13891584 bytes (33.9%)
(RDMA_READ_CONSUME_CHECK_CONSUMER) timestamp=716 ms, used_size=13889536 bytes (33.9%)
(RDMA_READ_CONSUME_CHECK_CONSUMER) timestamp=716 ms, used_size=13887488 bytes (33.9%)
(RDMA_READ_CONSUME_CHECK_CONSUMER) timestamp=716 ms, used_size=13885440 bytes (33.9%)
(RDMA_READ_CONSUME_CHECK_CONSUMER) timestamp=716 ms, used_size=13883392 bytes (33.9%)
(RDMA_READ_CONSUME_CHECK_CONSUMER) timestamp=716 ms, used_size=13881344 bytes (33.9%)
(RDMA_READ_CONSUME_CHECK_CONSUMER) timestamp=716 ms, used_size=13879296 bytes (33.9%)
(RDMA_READ_CONSUME_CHECK_CONSUMER) timestamp=716 ms, used_size=13877248 bytes (33.9%)
(RDMA_READ_CONSUME_CHECK_CONSUMER) timestamp=716 ms, used_size=13875200 bytes (33.9%)
(RDMA_READ_CONSUME_CHECK_CONSUMER) timestamp=716 ms, used_size=13873152 bytes (33.9%)
(RDMA_READ_CONSUME_CHECK_CONSUMER) timestamp=716 ms, used_size=13871104 bytes (33.9%)
(RDMA_READ_CONSUME_CHECK_CONSUMER) timestamp=716 ms, used_size=13869056 bytes (33.9%)
(RDMA_READ_CONSUME_CHECK_CONSUMER) timestamp=716 ms, used_size=13867008 bytes (33.9%)
(RDMA_READ_CONSUME_CHECK_CONSUMER) timestamp=716 ms, used_size=13864960 bytes (33.9%)
(RDMA_READ_CONSUME_CHECK_CONSUMER) timestamp=716 ms, used_size=13862912 bytes (33.8%)
(RDMA_READ_CONSUME_CHECK_CONSUMER) timestamp=716 ms, used_size=13860864 bytes (33.8%)
(RDMA_READ_CONSUME_CHECK_CONSUMER) timestamp=717 ms, used_size=13858816 bytes (33.8%)
(RDMA_READ_CONSUME_CHECK_CONSUMER) timestamp=717 ms, used_size=13856768 bytes (33.8%)
(RDMA_READ_CONSUME_CHECK_CONSUMER) timestamp=717 ms, used_size=13854720 bytes (33.8%)
(RDMA_READ_CONSUME_CHECK_CONSUMER) timestamp=717 ms, used_size=13852672 bytes (33.8%)
(RDMA_READ_CONSUME_CHECK_CONSUMER) timestamp=717 ms, used_size=13850624 bytes (33.8%)
(RDMA_READ_CONSUME_CHECK_CONSUMER) timestamp=717 ms, used_size=13848576 bytes (33.8%)
(RDMA_READ_CONSUME_CHECK_CONSUMER) timestamp=717 ms, used_size=13846528 bytes (33.8%)
(RDMA_READ_CONSUME_CHECK_CONSUMER) timestamp=717 ms, used_size=13844480 bytes (33.8%)
(RDMA_READ_CONSUME_CHECK_CONSUMER) timestamp=717 ms, used_size=13842432 bytes (33.8%)
(RDMA_READ_CONSUME_CHECK_CONSUMER) timestamp=717 ms, used_size=13840384 bytes (33.8%)
(RDMA_READ_CONSUME_CHECK_CONSUMER) timestamp=717 ms, used_size=13838336 bytes (33.8%)
(RDMA_READ_CONSUME_CHECK_CONSUMER) timestamp=717 ms, used_size=13836288 bytes (33.8%)
(RDMA_READ_CONSUME_CHECK_CONSUMER) timestamp=717 ms, used_size=13834240 bytes (33.8%)
(RDMA_READ_CONSUME_CHECK_CONSUMER) timestamp=717 ms, used_size=13832192 bytes (33.8%)
(RDMA_READ_CONSUME_CHECK_CONSUMER) timestamp=717 ms, used_size=13830144 bytes (33.8%)
(RDMA_READ_CONSUME_CHECK_CONSUMER) timestamp=717 ms, used_size=13828096 bytes (33.8%)
(RDMA_READ_CONSUME_CHECK_CONSUMER) timestamp=717 ms, used_size=13826048 bytes (33.8%)
(RDMA_READ_CONSUME_CHECK_CONSUMER) timestamp=717 ms, used_size=13824000 bytes (33.8%)
(RDMA_READ_CONSUME_CHECK_CONSUMER) timestamp=717 ms, used_size=13821952 bytes (33.7%)
(RDMA_READ_CONSUME_CHECK_CONSUMER) timestamp=717 ms, used_size=13819904 bytes (33.7%)
(RDMA_READ_CONSUME_CHECK_CONSUMER) timestamp=717 ms, used_size=13817856 bytes (33.7%)
(RDMA_READ_CONSUME_CHECK_CONSUMER) timestamp=717 ms, used_size=13815808 bytes (33.7%)
(RDMA_READ_CONSUME_CHECK_CONSUMER) timestamp=717 ms, used_size=13813760 bytes (33.7%)
(RDMA_READ_CONSUME_CHECK_CONSUMER) timestamp=717 ms, used_size=13811712 bytes (33.7%)
(RDMA_READ_CONSUME_CHECK_CONSUMER) timestamp=717 ms, used_size=13809664 bytes (33.7%)
(RDMA_READ_CONSUME_CHECK_CONSUMER) timestamp=717 ms, used_size=13807616 bytes (33.7%)
(RDMA_READ_CONSUME_CHECK_CONSUMER) timestamp=717 ms, used_size=13805568 bytes (33.7%)
(RDMA_READ_CONSUME_CHECK_CONSUMER) timestamp=717 ms, used_size=13803520 bytes (33.7%)
(RDMA_READ_CONSUME_CHECK_CONSUMER) timestamp=717 ms, used_size=13801472 bytes (33.7%)
(RDMA_READ_CONSUME_CHECK_CONSUMER) timestamp=717 ms, used_size=13799424 bytes (33.7%)
(RDMA_READ_CONSUME_CHECK_CONSUMER) timestamp=717 ms, used_size=13797376 bytes (33.7%)
(RDMA_READ_CONSUME_CHECK_CONSUMER) timestamp=717 ms, used_size=13795328 bytes (33.7%)
(RDMA_READ_CONSUME_CHECK_CONSUMER) timestamp=717 ms, used_size=13793280 bytes (33.7%)
(RDMA_READ_CONSUME_CHECK_CONSUMER) timestamp=717 ms, used_size=13791232 bytes (33.7%)
(RDMA_READ_CONSUME_CHECK_CONSUMER) timestamp=717 ms, used_size=13789184 bytes (33.7%)
(RDMA_READ_CONSUME_CHECK_CONSUMER) timestamp=717 ms, used_size=13787136 bytes (33.7%)
(RDMA_READ_CONSUME_CHECK_CONSUMER) timestamp=717 ms, used_size=13785088 bytes (33.7%)
(RDMA_READ_CONSUME_CHECK_CONSUMER) timestamp=717 ms, used_size=13783040 bytes (33.6%)
(RDMA_READ_CONSUME_CHECK_CONSUMER) timestamp=717 ms, used_size=13780992 bytes (33.6%)
(RDMA_READ_CONSUME_CHECK_CONSUMER) timestamp=717 ms, used_size=13778944 bytes (33.6%)
(RDMA_READ_CONSUME_CHECK_CONSUMER) timestamp=717 ms, used_size=13776896 bytes (33.6%)
(RDMA_READ_CONSUME_CHECK_CONSUMER) timestamp=717 ms, used_size=13774848 bytes (33.6%)
(RDMA_READ_CONSUME_CHECK_CONSUMER) timestamp=717 ms, used_size=13772800 bytes (33.6%)
(RDMA_READ_CONSUME_CHECK_CONSUMER) timestamp=717 ms, used_size=13770752 bytes (33.6%)
(RDMA_READ_CONSUME_CHECK_CONSUMER) timestamp=717 ms, used_size=13768704 bytes (33.6%)
(RDMA_READ_CONSUME_CHECK_CONSUMER) timestamp=717 ms, used_size=13766656 bytes (33.6%)
(RDMA_READ_CONSUME_CHECK_CONSUMER) timestamp=717 ms, used_size=13764608 bytes (33.6%)
(RDMA_READ_CONSUME_CHECK_CONSUMER) timestamp=717 ms, used_size=13762560 bytes (33.6%)
(RDMA_READ_CONSUME_CHECK_CONSUMER) timestamp=717 ms, used_size=13760512 bytes (33.6%)
(RDMA_READ_CONSUME_CHECK_CONSUMER) timestamp=717 ms, used_size=13758464 bytes (33.6%)
(RDMA_READ_CONSUME_CHECK_CONSUMER) timestamp=717 ms, used_size=13756416 bytes (33.6%)
(RDMA_READ_CONSUME_CHECK_CONSUMER) timestamp=717 ms, used_size=13754368 bytes (33.6%)
(RDMA_READ_CONSUME_CHECK_CONSUMER) timestamp=717 ms, used_size=13752320 bytes (33.6%)
(RDMA_READ_CONSUME_CHECK_CONSUMER) timestamp=717 ms, used_size=13750272 bytes (33.6%)
(RDMA_READ_CONSUME_CHECK_CONSUMER) timestamp=717 ms, used_size=13748224 bytes (33.6%)
(RDMA_READ_CONSUME_CHECK_CONSUMER) timestamp=717 ms, used_size=13746176 bytes (33.6%)
(RDMA_READ_CONSUME_CHECK_CONSUMER) timestamp=717 ms, used_size=13744128 bytes (33.6%)
(RDMA_READ_CONSUME_CHECK_CONSUMER) timestamp=717 ms, used_size=13742080 bytes (33.5%)
(RDMA_READ_CONSUME_CHECK_CONSUMER) timestamp=717 ms, used_size=13740032 bytes (33.5%)
(RDMA_READ_CONSUME_CHECK_CONSUMER) timestamp=717 ms, used_size=13737984 bytes (33.5%)
(RDMA_READ_CONSUME_CHECK_CONSUMER) timestamp=717 ms, used_size=13735936 bytes (33.5%)
(RDMA_READ_CONSUME_CHECK_CONSUMER) timestamp=717 ms, used_size=13733888 bytes (33.5%)
(RDMA_READ_CONSUME_CHECK_CONSUMER) timestamp=717 ms, used_size=13731840 bytes (33.5%)
(RDMA_READ_CONSUME_CHECK_CONSUMER) timestamp=717 ms, used_size=13729792 bytes (33.5%)
(RDMA_READ_CONSUME_CHECK_CONSUMER) timestamp=717 ms, used_size=13727744 bytes (33.5%)
(RDMA_READ_CONSUME_CHECK_CONSUMER) timestamp=717 ms, used_size=13725696 bytes (33.5%)
(RDMA_READ_CONSUME_CHECK_CONSUMER) timestamp=717 ms, used_size=13723648 bytes (33.5%)
(RDMA_READ_CONSUME_CHECK_CONSUMER) timestamp=717 ms, used_size=13721600 bytes (33.5%)
(RDMA_READ_CONSUME_CHECK_CONSUMER) timestamp=717 ms, used_size=13719552 bytes (33.5%)
(RDMA_READ_CONSUME_CHECK_CONSUMER) timestamp=717 ms, used_size=13717504 bytes (33.5%)
(RDMA_READ_CONSUME_CHECK_CONSUMER) timestamp=717 ms, used_size=13715456 bytes (33.5%)
(RDMA_READ_CONSUME_CHECK_CONSUMER) timestamp=717 ms, used_size=13713408 bytes (33.5%)
(RDMA_READ_CONSUME_CHECK_CONSUMER) timestamp=717 ms, used_size=13711360 bytes (33.5%)
(RDMA_READ_CONSUME_CHECK_CONSUMER) timestamp=717 ms, used_size=13709312 bytes (33.5%)
(RDMA_READ_CONSUME_CHECK_CONSUMER) timestamp=717 ms, used_size=13707264 bytes (33.5%)
(RDMA_READ_CONSUME_CHECK_CONSUMER) timestamp=717 ms, used_size=13705216 bytes (33.5%)
(RDMA_READ_CONSUME_CHECK_CONSUMER) timestamp=717 ms, used_size=13703168 bytes (33.5%)
(RDMA_READ_CONSUME_CHECK_CONSUMER) timestamp=717 ms, used_size=13701120 bytes (33.5%)
(RDMA_READ_CONSUME_CHECK_CONSUMER) timestamp=717 ms, used_size=13699072 bytes (33.4%)
(RDMA_READ_CONSUME_CHECK_CONSUMER) timestamp=717 ms, used_size=13697024 bytes (33.4%)
(RDMA_READ_CONSUME_CHECK_CONSUMER) timestamp=717 ms, used_size=13694976 bytes (33.4%)
(RDMA_READ_CONSUME_CHECK_CONSUMER) timestamp=717 ms, used_size=13692928 bytes (33.4%)
(RDMA_READ_CONSUME_CHECK_CONSUMER) timestamp=717 ms, used_size=13690880 bytes (33.4%)
(RDMA_READ_CONSUME_CHECK_CONSUMER) timestamp=717 ms, used_size=13688832 bytes (33.4%)
(RDMA_READ_CONSUME_CHECK_CONSUMER) timestamp=717 ms, used_size=13686784 bytes (33.4%)
(RDMA_READ_CONSUME_CHECK_CONSUMER) timestamp=717 ms, used_size=13684736 bytes (33.4%)
(RDMA_READ_CONSUME_CHECK_CONSUMER) timestamp=717 ms, used_size=13682688 bytes (33.4%)
(RDMA_READ_CONSUME_CHECK_CONSUMER) timestamp=717 ms, used_size=13680640 bytes (33.4%)
(RDMA_READ_CONSUME_CHECK_CONSUMER) timestamp=717 ms, used_size=13678592 bytes (33.4%)
(RDMA_READ_CONSUME_CHECK_CONSUMER) timestamp=717 ms, used_size=13676544 bytes (33.4%)
(RDMA_READ_CONSUME_CHECK_CONSUMER) timestamp=717 ms, used_size=13674496 bytes (33.4%)
(RDMA_READ_CONSUME_CHECK_CONSUMER) timestamp=717 ms, used_size=13672448 bytes (33.4%)
(RDMA_READ_CONSUME_CHECK_CONSUMER) timestamp=717 ms, used_size=13670400 bytes (33.4%)
(RDMA_READ_CONSUME_CHECK_CONSUMER) timestamp=717 ms, used_size=13668352 bytes (33.4%)
(RDMA_READ_CONSUME_CHECK_CONSUMER) timestamp=717 ms, used_size=13666304 bytes (33.4%)
(RDMA_READ_CONSUME_CHECK_CONSUMER) timestamp=717 ms, used_size=13664256 bytes (33.4%)
(RDMA_READ_CONSUME_CHECK_CONSUMER) timestamp=717 ms, used_size=13662208 bytes (33.4%)
(RDMA_READ_CONSUME_CHECK_CONSUMER) timestamp=717 ms, used_size=13660160 bytes (33.4%)
(RDMA_READ_CONSUME_CHECK_CONSUMER) timestamp=717 ms, used_size=13658112 bytes (33.3%)
(RDMA_READ_CONSUME_CHECK_CONSUMER) timestamp=717 ms, used_size=13656064 bytes (33.3%)
(RDMA_READ_CONSUME_CHECK_CONSUMER) timestamp=717 ms, used_size=13654016 bytes (33.3%)
(RDMA_READ_CONSUME_CHECK_CONSUMER) timestamp=717 ms, used_size=13651968 bytes (33.3%)
(RDMA_READ_CONSUME_CHECK_CONSUMER) timestamp=717 ms, used_size=13649920 bytes (33.3%)
(RDMA_READ_CONSUME_CHECK_CONSUMER) timestamp=717 ms, used_size=13647872 bytes (33.3%)
(RDMA_READ_CONSUME_CHECK_CONSUMER) timestamp=717 ms, used_size=13645824 bytes (33.3%)
(RDMA_READ_CONSUME_CHECK_CONSUMER) timestamp=717 ms, used_size=13643776 bytes (33.3%)
(RDMA_READ_CONSUME_CHECK_CONSUMER) timestamp=717 ms, used_size=13641728 bytes (33.3%)
(RDMA_READ_CONSUME_CHECK_CONSUMER) timestamp=717 ms, used_size=13639680 bytes (33.3%)
(RDMA_READ_CONSUME_CHECK_CONSUMER) timestamp=717 ms, used_size=13637632 bytes (33.3%)
(RDMA_READ_CONSUME_CHECK_CONSUMER) timestamp=717 ms, used_size=13635584 bytes (33.3%)
(RDMA_READ_CONSUME_CHECK_CONSUMER) timestamp=717 ms, used_size=13633536 bytes (33.3%)
(RDMA_READ_CONSUME_CHECK_CONSUMER) timestamp=717 ms, used_size=13631488 bytes (33.3%)
(RDMA_READ_CONSUME_CHECK_CONSUMER) timestamp=717 ms, used_size=13629440 bytes (33.3%)
(RDMA_READ_CONSUME_CHECK_CONSUMER) timestamp=717 ms, used_size=13627392 bytes (33.3%)
(RDMA_READ_CONSUME_CHECK_CONSUMER) timestamp=717 ms, used_size=13625344 bytes (33.3%)
(RDMA_READ_CONSUME_CHECK_CONSUMER) timestamp=717 ms, used_size=13623296 bytes (33.3%)
(RDMA_READ_CONSUME_CHECK_CONSUMER) timestamp=717 ms, used_size=13621248 bytes (33.3%)
(RDMA_READ_CONSUME_CHECK_CONSUMER) timestamp=717 ms, used_size=13619200 bytes (33.2%)
(RDMA_READ_CONSUME_CHECK_CONSUMER) timestamp=717 ms, used_size=13617152 bytes (33.2%)
(RDMA_READ_CONSUME_CHECK_CONSUMER) timestamp=717 ms, used_size=13615104 bytes (33.2%)
(RDMA_READ_CONSUME_CHECK_CONSUMER) timestamp=717 ms, used_size=13613056 bytes (33.2%)
(RDMA_READ_CONSUME_CHECK_CONSUMER) timestamp=717 ms, used_size=13611008 bytes (33.2%)
(RDMA_READ_CONSUME_CHECK_CONSUMER) timestamp=717 ms, used_size=13608960 bytes (33.2%)
(RDMA_READ_CONSUME_CHECK_CONSUMER) timestamp=717 ms, used_size=13606912 bytes (33.2%)
(RDMA_READ_CONSUME_CHECK_CONSUMER) timestamp=717 ms, used_size=13604864 bytes (33.2%)
(RDMA_READ_CONSUME_CHECK_CONSUMER) timestamp=717 ms, used_size=13602816 bytes (33.2%)
(RDMA_READ_CONSUME_CHECK_CONSUMER) timestamp=717 ms, used_size=13600768 bytes (33.2%)
(RDMA_READ_CONSUME_CHECK_CONSUMER) timestamp=717 ms, used_size=13598720 bytes (33.2%)
(RDMA_READ_CONSUME_CHECK_CONSUMER) timestamp=717 ms, used_size=13596672 bytes (33.2%)
(RDMA_READ_CONSUME_CHECK_CONSUMER) timestamp=717 ms, used_size=13594624 bytes (33.2%)
(RDMA_READ_CONSUME_CHECK_CONSUMER) timestamp=717 ms, used_size=13592576 bytes (33.2%)
(RDMA_READ_CONSUME_CHECK_CONSUMER) timestamp=717 ms, used_size=13590528 bytes (33.2%)
(RDMA_READ_CONSUME_CHECK_CONSUMER) timestamp=717 ms, used_size=13588480 bytes (33.2%)
(RDMA_READ_CONSUME_CHECK_CONSUMER) timestamp=717 ms, used_size=13586432 bytes (33.2%)
(RDMA_READ_CONSUME_CHECK_CONSUMER) timestamp=717 ms, used_size=13584384 bytes (33.2%)
(RDMA_READ_CONSUME_CHECK_CONSUMER) timestamp=717 ms, used_size=13582336 bytes (33.2%)
(RDMA_READ_CONSUME_CHECK_CONSUMER) timestamp=717 ms, used_size=13580288 bytes (33.2%)
(RDMA_READ_CONSUME_CHECK_CONSUMER) timestamp=717 ms, used_size=13578240 bytes (33.1%)
(RDMA_READ_CONSUME_CHECK_CONSUMER) timestamp=717 ms, used_size=13576192 bytes (33.1%)
(RDMA_READ_CONSUME_CHECK_CONSUMER) timestamp=717 ms, used_size=13574144 bytes (33.1%)
(RDMA_READ_CONSUME_CHECK_CONSUMER) timestamp=717 ms, used_size=13572096 bytes (33.1%)
(RDMA_READ_CONSUME_CHECK_CONSUMER) timestamp=717 ms, used_size=13570048 bytes (33.1%)
(RDMA_READ_CONSUME_CHECK_CONSUMER) timestamp=717 ms, used_size=13568000 bytes (33.1%)
(RDMA_READ_CONSUME_CHECK_CONSUMER) timestamp=717 ms, used_size=13565952 bytes (33.1%)
(RDMA_READ_CONSUME_CHECK_CONSUMER) timestamp=717 ms, used_size=13563904 bytes (33.1%)
(RDMA_READ_CONSUME_CHECK_CONSUMER) timestamp=717 ms, used_size=13561856 bytes (33.1%)
(RDMA_READ_CONSUME_CHECK_CONSUMER) timestamp=717 ms, used_size=13559808 bytes (33.1%)
(RDMA_READ_CONSUME_CHECK_CONSUMER) timestamp=717 ms, used_size=13557760 bytes (33.1%)
(RDMA_READ_CONSUME_CHECK_CONSUMER) timestamp=717 ms, used_size=13555712 bytes (33.1%)
(RDMA_READ_CONSUME_CHECK_CONSUMER) timestamp=717 ms, used_size=13553664 bytes (33.1%)
(RDMA_READ_CONSUME_CHECK_CONSUMER) timestamp=717 ms, used_size=13551616 bytes (33.1%)
(RDMA_READ_CONSUME_CHECK_CONSUMER) timestamp=717 ms, used_size=13549568 bytes (33.1%)
(RDMA_READ_CONSUME_CHECK_CONSUMER) timestamp=717 ms, used_size=13547520 bytes (33.1%)
(RDMA_READ_CONSUME_CHECK_CONSUMER) timestamp=717 ms, used_size=13545472 bytes (33.1%)
(RDMA_READ_CONSUME_CHECK_CONSUMER) timestamp=717 ms, used_size=13543424 bytes (33.1%)
(RDMA_READ_CONSUME_CHECK_CONSUMER) timestamp=717 ms, used_size=13541376 bytes (33.1%)
(RDMA_READ_CONSUME_CHECK_CONSUMER) timestamp=717 ms, used_size=13539328 bytes (33.1%)
(RDMA_READ_CONSUME_CHECK_CONSUMER) timestamp=717 ms, used_size=13537280 bytes (33.0%)
(RDMA_READ_CONSUME_CHECK_CONSUMER) timestamp=717 ms, used_size=13535232 bytes (33.0%)
(RDMA_READ_CONSUME_CHECK_CONSUMER) timestamp=717 ms, used_size=13533184 bytes (33.0%)
(RDMA_READ_CONSUME_CHECK_CONSUMER) timestamp=717 ms, used_size=13531136 bytes (33.0%)
(RDMA_READ_CONSUME_CHECK_CONSUMER) timestamp=717 ms, used_size=13529088 bytes (33.0%)
(RDMA_READ_CONSUME_CHECK_CONSUMER) timestamp=717 ms, used_size=13527040 bytes (33.0%)
(RDMA_READ_CONSUME_CHECK_CONSUMER) timestamp=717 ms, used_size=13524992 bytes (33.0%)
(RDMA_READ_CONSUME_CHECK_CONSUMER) timestamp=717 ms, used_size=13522944 bytes (33.0%)
(RDMA_READ_CONSUME_CHECK_CONSUMER) timestamp=717 ms, used_size=13520896 bytes (33.0%)
(RDMA_READ_CONSUME_CHECK_CONSUMER) timestamp=717 ms, used_size=13518848 bytes (33.0%)
(RDMA_READ_CONSUME_CHECK_CONSUMER) timestamp=717 ms, used_size=13516800 bytes (33.0%)
(RDMA_READ_CONSUME_CHECK_CONSUMER) timestamp=717 ms, used_size=13514752 bytes (33.0%)
(RDMA_READ_CONSUME_CHECK_CONSUMER) timestamp=717 ms, used_size=13512704 bytes (33.0%)
(RDMA_READ_CONSUME_CHECK_CONSUMER) timestamp=717 ms, used_size=13510656 bytes (33.0%)
(RDMA_READ_CONSUME_CHECK_CONSUMER) timestamp=717 ms, used_size=13508608 bytes (33.0%)
(RDMA_READ_CONSUME_CHECK_CONSUMER) timestamp=717 ms, used_size=13506560 bytes (33.0%)
(RDMA_READ_CONSUME_CHECK_CONSUMER) timestamp=717 ms, used_size=13504512 bytes (33.0%)
(RDMA_READ_CONSUME_CHECK_CONSUMER) timestamp=717 ms, used_size=13502464 bytes (33.0%)
(RDMA_READ_CONSUME_CHECK_CONSUMER) timestamp=717 ms, used_size=13500416 bytes (33.0%)
(RDMA_READ_CONSUME_CHECK_CONSUMER) timestamp=717 ms, used_size=13498368 bytes (33.0%)
(RDMA_READ_CONSUME_CHECK_CONSUMER) timestamp=717 ms, used_size=13496320 bytes (33.0%)
(RDMA_READ_CONSUME_CHECK_CONSUMER) timestamp=717 ms, used_size=13494272 bytes (32.9%)
(RDMA_READ_CONSUME_CHECK_CONSUMER) timestamp=717 ms, used_size=13492224 bytes (32.9%)
(RDMA_READ_CONSUME_CHECK_CONSUMER) timestamp=717 ms, used_size=13490176 bytes (32.9%)
(RDMA_READ_CONSUME_CHECK_CONSUMER) timestamp=717 ms, used_size=13488128 bytes (32.9%)
(RDMA_READ_CONSUME_CHECK_CONSUMER) timestamp=717 ms, used_size=13486080 bytes (32.9%)
(RDMA_READ_CONSUME_CHECK_CONSUMER) timestamp=717 ms, used_size=13484032 bytes (32.9%)
(RDMA_READ_CONSUME_CHECK_CONSUMER) timestamp=717 ms, used_size=13481984 bytes (32.9%)
(RDMA_READ_CONSUME_CHECK_CONSUMER) timestamp=718 ms, used_size=13479936 bytes (32.9%)
(RDMA_READ_CONSUME_CHECK_CONSUMER) timestamp=718 ms, used_size=13477888 bytes (32.9%)
(RDMA_READ_CONSUME_CHECK_CONSUMER) timestamp=718 ms, used_size=13475840 bytes (32.9%)
(RDMA_READ_CONSUME_CHECK_CONSUMER) timestamp=718 ms, used_size=13473792 bytes (32.9%)
(RDMA_READ_CONSUME_CHECK_CONSUMER) timestamp=718 ms, used_size=13471744 bytes (32.9%)
(RDMA_READ_CONSUME_CHECK_CONSUMER) timestamp=718 ms, used_size=13469696 bytes (32.9%)
(RDMA_READ_CONSUME_CHECK_CONSUMER) timestamp=718 ms, used_size=13467648 bytes (32.9%)
(RDMA_READ_CONSUME_CHECK_CONSUMER) timestamp=718 ms, used_size=13465600 bytes (32.9%)
(RDMA_READ_CONSUME_CHECK_CONSUMER) timestamp=718 ms, used_size=13463552 bytes (32.9%)
(RDMA_READ_CONSUME_CHECK_CONSUMER) timestamp=718 ms, used_size=13461504 bytes (32.9%)
(RDMA_READ_CONSUME_CHECK_CONSUMER) timestamp=718 ms, used_size=13459456 bytes (32.9%)
(RDMA_READ_CONSUME_CHECK_CONSUMER) timestamp=718 ms, used_size=13457408 bytes (32.9%)
(RDMA_READ_CONSUME_CHECK_CONSUMER) timestamp=718 ms, used_size=13455360 bytes (32.9%)
(RDMA_READ_CONSUME_CHECK_CONSUMER) timestamp=718 ms, used_size=13453312 bytes (32.8%)
(RDMA_READ_CONSUME_CHECK_CONSUMER) timestamp=718 ms, used_size=13451264 bytes (32.8%)
(RDMA_READ_CONSUME_CHECK_CONSUMER) timestamp=718 ms, used_size=13449216 bytes (32.8%)
(RDMA_READ_CONSUME_CHECK_CONSUMER) timestamp=718 ms, used_size=13447168 bytes (32.8%)
(RDMA_READ_CONSUME_CHECK_CONSUMER) timestamp=718 ms, used_size=13445120 bytes (32.8%)
(RDMA_READ_CONSUME_CHECK_CONSUMER) timestamp=718 ms, used_size=13443072 bytes (32.8%)
(RDMA_READ_CONSUME_CHECK_CONSUMER) timestamp=718 ms, used_size=13441024 bytes (32.8%)
(RDMA_READ_CONSUME_CHECK_CONSUMER) timestamp=718 ms, used_size=13438976 bytes (32.8%)
(RDMA_READ_CONSUME_CHECK_CONSUMER) timestamp=718 ms, used_size=13436928 bytes (32.8%)
(RDMA_READ_CONSUME_CHECK_CONSUMER) timestamp=718 ms, used_size=13434880 bytes (32.8%)
(RDMA_READ_CONSUME_CHECK_CONSUMER) timestamp=718 ms, used_size=13432832 bytes (32.8%)
(RDMA_READ_CONSUME_CHECK_CONSUMER) timestamp=718 ms, used_size=13430784 bytes (32.8%)
(RDMA_READ_CONSUME_CHECK_CONSUMER) timestamp=718 ms, used_size=13428736 bytes (32.8%)
(RDMA_READ_CONSUME_CHECK_CONSUMER) timestamp=718 ms, used_size=13426688 bytes (32.8%)
(RDMA_READ_CONSUME_CHECK_CONSUMER) timestamp=718 ms, used_size=13424640 bytes (32.8%)
(RDMA_READ_CONSUME_CHECK_CONSUMER) timestamp=718 ms, used_size=13422592 bytes (32.8%)
(RDMA_READ_CONSUME_CHECK_CONSUMER) timestamp=718 ms, used_size=13420544 bytes (32.8%)
(RDMA_READ_CONSUME_CHECK_CONSUMER) timestamp=718 ms, used_size=13418496 bytes (32.8%)
(RDMA_READ_CONSUME_CHECK_CONSUMER) timestamp=718 ms, used_size=13416448 bytes (32.8%)
(RDMA_READ_CONSUME_CHECK_CONSUMER) timestamp=718 ms, used_size=13414400 bytes (32.8%)
(RDMA_READ_CONSUME_CHECK_CONSUMER) timestamp=718 ms, used_size=13412352 bytes (32.7%)
(RDMA_READ_CONSUME_CHECK_CONSUMER) timestamp=718 ms, used_size=13410304 bytes (32.7%)
(RDMA_READ_CONSUME_CHECK_CONSUMER) timestamp=718 ms, used_size=13408256 bytes (32.7%)
(RDMA_READ_CONSUME_CHECK_CONSUMER) timestamp=718 ms, used_size=13406208 bytes (32.7%)
(RDMA_READ_CONSUME_CHECK_CONSUMER) timestamp=718 ms, used_size=13404160 bytes (32.7%)
(RDMA_READ_CONSUME_CHECK_CONSUMER) timestamp=718 ms, used_size=13402112 bytes (32.7%)
(RDMA_READ_CONSUME_CHECK_CONSUMER) timestamp=718 ms, used_size=13400064 bytes (32.7%)
(RDMA_READ_CONSUME_CHECK_CONSUMER) timestamp=718 ms, used_size=13398016 bytes (32.7%)
(RDMA_READ_CONSUME_CHECK_CONSUMER) timestamp=718 ms, used_size=13395968 bytes (32.7%)
(RDMA_READ_CONSUME_CHECK_CONSUMER) timestamp=718 ms, used_size=13393920 bytes (32.7%)
(RDMA_READ_CONSUME_CHECK_CONSUMER) timestamp=718 ms, used_size=13391872 bytes (32.7%)
(RDMA_READ_CONSUME_CHECK_CONSUMER) timestamp=718 ms, used_size=13389824 bytes (32.7%)
(RDMA_READ_CONSUME_CHECK_CONSUMER) timestamp=718 ms, used_size=13387776 bytes (32.7%)
(RDMA_READ_CONSUME_CHECK_CONSUMER) timestamp=718 ms, used_size=13385728 bytes (32.7%)
(RDMA_READ_CONSUME_CHECK_CONSUMER) timestamp=718 ms, used_size=13383680 bytes (32.7%)
(RDMA_READ_CONSUME_CHECK_CONSUMER) timestamp=718 ms, used_size=13381632 bytes (32.7%)
(RDMA_READ_CONSUME_CHECK_CONSUMER) timestamp=718 ms, used_size=13379584 bytes (32.7%)
(RDMA_READ_CONSUME_CHECK_CONSUMER) timestamp=718 ms, used_size=13377536 bytes (32.7%)
(RDMA_READ_CONSUME_CHECK_CONSUMER) timestamp=718 ms, used_size=13375488 bytes (32.7%)
(RDMA_READ_CONSUME_CHECK_CONSUMER) timestamp=718 ms, used_size=13373440 bytes (32.6%)
(RDMA_READ_CONSUME_CHECK_CONSUMER) timestamp=718 ms, used_size=13371392 bytes (32.6%)
(RDMA_READ_CONSUME_CHECK_CONSUMER) timestamp=718 ms, used_size=13369344 bytes (32.6%)
(RDMA_READ_CONSUME_CHECK_CONSUMER) timestamp=718 ms, used_size=13367296 bytes (32.6%)
(RDMA_READ_CONSUME_CHECK_CONSUMER) timestamp=718 ms, used_size=13365248 bytes (32.6%)
(RDMA_READ_CONSUME_CHECK_CONSUMER) timestamp=718 ms, used_size=13363200 bytes (32.6%)
(RDMA_READ_CONSUME_CHECK_CONSUMER) timestamp=718 ms, used_size=13361152 bytes (32.6%)
(RDMA_READ_CONSUME_CHECK_CONSUMER) timestamp=718 ms, used_size=13359104 bytes (32.6%)
(RDMA_READ_CONSUME_CHECK_CONSUMER) timestamp=718 ms, used_size=13357056 bytes (32.6%)
(RDMA_READ_CONSUME_CHECK_CONSUMER) timestamp=718 ms, used_size=13355008 bytes (32.6%)
(RDMA_READ_CONSUME_CHECK_CONSUMER) timestamp=718 ms, used_size=13352960 bytes (32.6%)
(RDMA_READ_CONSUME_CHECK_CONSUMER) timestamp=718 ms, used_size=13350912 bytes (32.6%)
(RDMA_READ_CONSUME_CHECK_CONSUMER) timestamp=718 ms, used_size=13348864 bytes (32.6%)
(RDMA_READ_CONSUME_CHECK_CONSUMER) timestamp=718 ms, used_size=13346816 bytes (32.6%)
(RDMA_READ_CONSUME_CHECK_CONSUMER) timestamp=718 ms, used_size=13344768 bytes (32.6%)
(RDMA_READ_CONSUME_CHECK_CONSUMER) timestamp=718 ms, used_size=13342720 bytes (32.6%)
(RDMA_READ_CONSUME_CHECK_CONSUMER) timestamp=718 ms, used_size=13340672 bytes (32.6%)
(RDMA_READ_CONSUME_CHECK_CONSUMER) timestamp=718 ms, used_size=13338624 bytes (32.6%)
(RDMA_READ_CONSUME_CHECK_CONSUMER) timestamp=718 ms, used_size=13336576 bytes (32.6%)
(RDMA_READ_CONSUME_CHECK_CONSUMER) timestamp=718 ms, used_size=13334528 bytes (32.6%)
(RDMA_READ_CONSUME_CHECK_CONSUMER) timestamp=718 ms, used_size=13332480 bytes (32.5%)
(RDMA_READ_CONSUME_CHECK_CONSUMER) timestamp=718 ms, used_size=13330432 bytes (32.5%)
(RDMA_READ_CONSUME_CHECK_CONSUMER) timestamp=718 ms, used_size=13328384 bytes (32.5%)
(RDMA_READ_CONSUME_CHECK_CONSUMER) timestamp=718 ms, used_size=13326336 bytes (32.5%)
(RDMA_READ_CONSUME_CHECK_CONSUMER) timestamp=718 ms, used_size=13324288 bytes (32.5%)
(RDMA_READ_CONSUME_CHECK_CONSUMER) timestamp=718 ms, used_size=13322240 bytes (32.5%)
(RDMA_READ_CONSUME_CHECK_CONSUMER) timestamp=718 ms, used_size=13320192 bytes (32.5%)
(RDMA_READ_CONSUME_CHECK_CONSUMER) timestamp=718 ms, used_size=13318144 bytes (32.5%)
(RDMA_READ_CONSUME_CHECK_CONSUMER) timestamp=718 ms, used_size=13316096 bytes (32.5%)
(RDMA_READ_CONSUME_CHECK_CONSUMER) timestamp=718 ms, used_size=13314048 bytes (32.5%)
(RDMA_READ_CONSUME_CHECK_CONSUMER) timestamp=718 ms, used_size=13312000 bytes (32.5%)
(RDMA_READ_CONSUME_CHECK_CONSUMER) timestamp=718 ms, used_size=13309952 bytes (32.5%)
(RDMA_READ_CONSUME_CHECK_CONSUMER) timestamp=718 ms, used_size=13307904 bytes (32.5%)
(RDMA_READ_CONSUME_CHECK_CONSUMER) timestamp=718 ms, used_size=13305856 bytes (32.5%)
(RDMA_READ_CONSUME_CHECK_CONSUMER) timestamp=718 ms, used_size=13303808 bytes (32.5%)
(RDMA_READ_CONSUME_CHECK_CONSUMER) timestamp=718 ms, used_size=13301760 bytes (32.5%)
(RDMA_READ_CONSUME_CHECK_CONSUMER) timestamp=718 ms, used_size=13299712 bytes (32.5%)
(RDMA_READ_CONSUME_CHECK_CONSUMER) timestamp=718 ms, used_size=13297664 bytes (32.5%)
(RDMA_READ_CONSUME_CHECK_CONSUMER) timestamp=718 ms, used_size=13295616 bytes (32.5%)
(RDMA_READ_CONSUME_CHECK_CONSUMER) timestamp=718 ms, used_size=13293568 bytes (32.5%)
(RDMA_READ_CONSUME_CHECK_CONSUMER) timestamp=718 ms, used_size=13291520 bytes (32.5%)
(RDMA_READ_CONSUME_CHECK_CONSUMER) timestamp=718 ms, used_size=13289472 bytes (32.4%)
(RDMA_READ_CONSUME_CHECK_CONSUMER) timestamp=718 ms, used_size=13287424 bytes (32.4%)
(RDMA_READ_CONSUME_CHECK_CONSUMER) timestamp=718 ms, used_size=13285376 bytes (32.4%)
(RDMA_READ_CONSUME_CHECK_CONSUMER) timestamp=718 ms, used_size=13283328 bytes (32.4%)
(RDMA_READ_CONSUME_CHECK_CONSUMER) timestamp=718 ms, used_size=13281280 bytes (32.4%)
(RDMA_READ_CONSUME_CHECK_CONSUMER) timestamp=718 ms, used_size=13279232 bytes (32.4%)
(RDMA_READ_CONSUME_CHECK_CONSUMER) timestamp=718 ms, used_size=13277184 bytes (32.4%)
(RDMA_READ_CONSUME_CHECK_CONSUMER) timestamp=718 ms, used_size=13275136 bytes (32.4%)
(RDMA_READ_CONSUME_CHECK_CONSUMER) timestamp=718 ms, used_size=13273088 bytes (32.4%)
(RDMA_READ_CONSUME_CHECK_CONSUMER) timestamp=718 ms, used_size=13271040 bytes (32.4%)
(RDMA_READ_CONSUME_CHECK_CONSUMER) timestamp=718 ms, used_size=13268992 bytes (32.4%)
(RDMA_READ_CONSUME_CHECK_CONSUMER) timestamp=718 ms, used_size=13266944 bytes (32.4%)
(RDMA_READ_CONSUME_CHECK_CONSUMER) timestamp=718 ms, used_size=13264896 bytes (32.4%)
(RDMA_READ_CONSUME_CHECK_CONSUMER) timestamp=718 ms, used_size=13262848 bytes (32.4%)
(RDMA_READ_CONSUME_CHECK_CONSUMER) timestamp=718 ms, used_size=13260800 bytes (32.4%)
(RDMA_READ_CONSUME_CHECK_CONSUMER) timestamp=718 ms, used_size=13258752 bytes (32.4%)
(RDMA_READ_CONSUME_CHECK_CONSUMER) timestamp=718 ms, used_size=13256704 bytes (32.4%)
(RDMA_READ_CONSUME_CHECK_CONSUMER) timestamp=718 ms, used_size=13254656 bytes (32.4%)
(RDMA_READ_CONSUME_CHECK_CONSUMER) timestamp=718 ms, used_size=13252608 bytes (32.4%)
(RDMA_READ_CONSUME_CHECK_CONSUMER) timestamp=718 ms, used_size=13250560 bytes (32.4%)
(RDMA_READ_CONSUME_CHECK_CONSUMER) timestamp=718 ms, used_size=13248512 bytes (32.3%)
(RDMA_READ_CONSUME_CHECK_CONSUMER) timestamp=718 ms, used_size=13246464 bytes (32.3%)
(RDMA_READ_CONSUME_CHECK_CONSUMER) timestamp=718 ms, used_size=13244416 bytes (32.3%)
(RDMA_READ_CONSUME_CHECK_CONSUMER) timestamp=718 ms, used_size=13242368 bytes (32.3%)
(RDMA_READ_CONSUME_CHECK_CONSUMER) timestamp=718 ms, used_size=13240320 bytes (32.3%)
(RDMA_READ_CONSUME_CHECK_CONSUMER) timestamp=718 ms, used_size=13238272 bytes (32.3%)
(RDMA_READ_CONSUME_CHECK_CONSUMER) timestamp=718 ms, used_size=13236224 bytes (32.3%)
(RDMA_READ_CONSUME_CHECK_CONSUMER) timestamp=718 ms, used_size=13234176 bytes (32.3%)
(RDMA_READ_CONSUME_CHECK_CONSUMER) timestamp=718 ms, used_size=13232128 bytes (32.3%)
(RDMA_READ_CONSUME_CHECK_CONSUMER) timestamp=718 ms, used_size=13230080 bytes (32.3%)
(RDMA_READ_CONSUME_CHECK_CONSUMER) timestamp=718 ms, used_size=13228032 bytes (32.3%)
(RDMA_READ_CONSUME_CHECK_CONSUMER) timestamp=718 ms, used_size=13225984 bytes (32.3%)
(RDMA_READ_CONSUME_CHECK_CONSUMER) timestamp=718 ms, used_size=13223936 bytes (32.3%)
(RDMA_READ_CONSUME_CHECK_CONSUMER) timestamp=718 ms, used_size=13221888 bytes (32.3%)
(RDMA_READ_CONSUME_CHECK_CONSUMER) timestamp=718 ms, used_size=13219840 bytes (32.3%)
(RDMA_READ_CONSUME_CHECK_CONSUMER) timestamp=718 ms, used_size=13217792 bytes (32.3%)
(RDMA_READ_CONSUME_CHECK_CONSUMER) timestamp=718 ms, used_size=13215744 bytes (32.3%)
(RDMA_READ_CONSUME_CHECK_CONSUMER) timestamp=718 ms, used_size=13213696 bytes (32.3%)
(RDMA_READ_CONSUME_CHECK_CONSUMER) timestamp=718 ms, used_size=13211648 bytes (32.3%)
(RDMA_READ_CONSUME_CHECK_CONSUMER) timestamp=718 ms, used_size=13209600 bytes (32.2%)
(RDMA_READ_CONSUME_CHECK_CONSUMER) timestamp=718 ms, used_size=13207552 bytes (32.2%)
(RDMA_READ_CONSUME_CHECK_CONSUMER) timestamp=718 ms, used_size=13205504 bytes (32.2%)
(RDMA_READ_CONSUME_CHECK_CONSUMER) timestamp=718 ms, used_size=13203456 bytes (32.2%)
(RDMA_READ_CONSUME_CHECK_CONSUMER) timestamp=718 ms, used_size=13201408 bytes (32.2%)
(RDMA_READ_CONSUME_CHECK_CONSUMER) timestamp=718 ms, used_size=13199360 bytes (32.2%)
(RDMA_READ_CONSUME_CHECK_CONSUMER) timestamp=718 ms, used_size=13197312 bytes (32.2%)
(RDMA_READ_CONSUME_CHECK_CONSUMER) timestamp=718 ms, used_size=13195264 bytes (32.2%)
(RDMA_READ_CONSUME_CHECK_CONSUMER) timestamp=718 ms, used_size=13193216 bytes (32.2%)
(RDMA_READ_CONSUME_CHECK_CONSUMER) timestamp=718 ms, used_size=13191168 bytes (32.2%)
(RDMA_READ_CONSUME_CHECK_CONSUMER) timestamp=718 ms, used_size=13189120 bytes (32.2%)
(RDMA_READ_CONSUME_CHECK_CONSUMER) timestamp=718 ms, used_size=13187072 bytes (32.2%)
(RDMA_READ_CONSUME_CHECK_CONSUMER) timestamp=718 ms, used_size=13185024 bytes (32.2%)
(RDMA_READ_CONSUME_CHECK_CONSUMER) timestamp=718 ms, used_size=13182976 bytes (32.2%)
(RDMA_READ_CONSUME_CHECK_CONSUMER) timestamp=718 ms, used_size=13180928 bytes (32.2%)
(RDMA_READ_CONSUME_CHECK_CONSUMER) timestamp=718 ms, used_size=13178880 bytes (32.2%)
(RDMA_READ_CONSUME_CHECK_CONSUMER) timestamp=718 ms, used_size=13176832 bytes (32.2%)
(RDMA_READ_CONSUME_CHECK_CONSUMER) timestamp=718 ms, used_size=13174784 bytes (32.2%)
(RDMA_READ_CONSUME_CHECK_CONSUMER) timestamp=718 ms, used_size=13172736 bytes (32.2%)
(RDMA_READ_CONSUME_CHECK_CONSUMER) timestamp=718 ms, used_size=13170688 bytes (32.2%)
(RDMA_READ_CONSUME_CHECK_CONSUMER) timestamp=718 ms, used_size=13168640 bytes (32.1%)
(RDMA_READ_CONSUME_CHECK_CONSUMER) timestamp=718 ms, used_size=13166592 bytes (32.1%)
(RDMA_READ_CONSUME_CHECK_CONSUMER) timestamp=718 ms, used_size=13164544 bytes (32.1%)
(RDMA_READ_CONSUME_CHECK_CONSUMER) timestamp=718 ms, used_size=13162496 bytes (32.1%)
(RDMA_READ_CONSUME_CHECK_CONSUMER) timestamp=718 ms, used_size=13160448 bytes (32.1%)
(RDMA_READ_CONSUME_CHECK_CONSUMER) timestamp=718 ms, used_size=13158400 bytes (32.1%)
(RDMA_READ_CONSUME_CHECK_CONSUMER) timestamp=718 ms, used_size=13156352 bytes (32.1%)
(RDMA_READ_CONSUME_CHECK_CONSUMER) timestamp=718 ms, used_size=13154304 bytes (32.1%)
(RDMA_READ_CONSUME_CHECK_CONSUMER) timestamp=718 ms, used_size=13152256 bytes (32.1%)
(RDMA_READ_CONSUME_CHECK_CONSUMER) timestamp=718 ms, used_size=13150208 bytes (32.1%)
(RDMA_READ_CONSUME_CHECK_CONSUMER) timestamp=718 ms, used_size=13148160 bytes (32.1%)
(RDMA_READ_CONSUME_CHECK_CONSUMER) timestamp=718 ms, used_size=13146112 bytes (32.1%)
(RDMA_READ_CONSUME_CHECK_CONSUMER) timestamp=718 ms, used_size=13144064 bytes (32.1%)
(RDMA_READ_CONSUME_CHECK_CONSUMER) timestamp=718 ms, used_size=13142016 bytes (32.1%)
(RDMA_READ_CONSUME_CHECK_CONSUMER) timestamp=718 ms, used_size=13139968 bytes (32.1%)
(RDMA_READ_CONSUME_CHECK_CONSUMER) timestamp=718 ms, used_size=13137920 bytes (32.1%)
(RDMA_READ_CONSUME_CHECK_CONSUMER) timestamp=718 ms, used_size=13135872 bytes (32.1%)
(RDMA_READ_CONSUME_CHECK_CONSUMER) timestamp=718 ms, used_size=13133824 bytes (32.1%)
(RDMA_READ_CONSUME_CHECK_CONSUMER) timestamp=718 ms, used_size=13131776 bytes (32.1%)
(RDMA_READ_CONSUME_CHECK_CONSUMER) timestamp=718 ms, used_size=13129728 bytes (32.1%)
(RDMA_READ_CONSUME_CHECK_CONSUMER) timestamp=718 ms, used_size=13127680 bytes (32.0%)
(RDMA_READ_CONSUME_CHECK_CONSUMER) timestamp=718 ms, used_size=13125632 bytes (32.0%)
(RDMA_READ_CONSUME_CHECK_CONSUMER) timestamp=718 ms, used_size=13123584 bytes (32.0%)
(RDMA_READ_CONSUME_CHECK_CONSUMER) timestamp=718 ms, used_size=13121536 bytes (32.0%)
(RDMA_READ_CONSUME_CHECK_CONSUMER) timestamp=718 ms, used_size=13119488 bytes (32.0%)
(RDMA_READ_CONSUME_CHECK_CONSUMER) timestamp=718 ms, used_size=13117440 bytes (32.0%)
(RDMA_READ_CONSUME_CHECK_CONSUMER) timestamp=718 ms, used_size=13115392 bytes (32.0%)
(RDMA_READ_CONSUME_CHECK_CONSUMER) timestamp=719 ms, used_size=13113344 bytes (32.0%)
(RDMA_READ_CONSUME_CHECK_CONSUMER) timestamp=719 ms, used_size=13111296 bytes (32.0%)
(RDMA_READ_CONSUME_CHECK_CONSUMER) timestamp=719 ms, used_size=13109248 bytes (32.0%)
(RDMA_READ_CONSUME_CHECK_CONSUMER) timestamp=719 ms, used_size=13107200 bytes (32.0%)
(RDMA_READ_CONSUME_CHECK_CONSUMER) timestamp=719 ms, used_size=13105152 bytes (32.0%)
(RDMA_READ_CONSUME_CHECK_CONSUMER) timestamp=719 ms, used_size=13103104 bytes (32.0%)
(RDMA_READ_CONSUME_CHECK_CONSUMER) timestamp=719 ms, used_size=13101056 bytes (32.0%)
(RDMA_READ_CONSUME_CHECK_CONSUMER) timestamp=719 ms, used_size=13099008 bytes (32.0%)
(RDMA_READ_CONSUME_CHECK_CONSUMER) timestamp=719 ms, used_size=13096960 bytes (32.0%)
(RDMA_READ_CONSUME_CHECK_CONSUMER) timestamp=719 ms, used_size=13094912 bytes (32.0%)
(RDMA_READ_CONSUME_CHECK_CONSUMER) timestamp=719 ms, used_size=13092864 bytes (32.0%)
(RDMA_READ_CONSUME_CHECK_CONSUMER) timestamp=719 ms, used_size=13090816 bytes (32.0%)
(RDMA_READ_CONSUME_CHECK_CONSUMER) timestamp=719 ms, used_size=13088768 bytes (32.0%)
(RDMA_READ_CONSUME_CHECK_CONSUMER) timestamp=719 ms, used_size=13086720 bytes (31.9%)
(RDMA_READ_CONSUME_CHECK_CONSUMER) timestamp=719 ms, used_size=13084672 bytes (31.9%)
(RDMA_READ_CONSUME_CHECK_CONSUMER) timestamp=719 ms, used_size=13082624 bytes (31.9%)
(RDMA_READ_CONSUME_CHECK_CONSUMER) timestamp=719 ms, used_size=13080576 bytes (31.9%)
(RDMA_READ_CONSUME_CHECK_CONSUMER) timestamp=719 ms, used_size=13078528 bytes (31.9%)
(RDMA_READ_CONSUME_CHECK_CONSUMER) timestamp=719 ms, used_size=13076480 bytes (31.9%)
(RDMA_READ_CONSUME_CHECK_CONSUMER) timestamp=719 ms, used_size=13074432 bytes (31.9%)
(RDMA_READ_CONSUME_CHECK_CONSUMER) timestamp=719 ms, used_size=13072384 bytes (31.9%)
(RDMA_READ_CONSUME_CHECK_CONSUMER) timestamp=719 ms, used_size=13070336 bytes (31.9%)
(RDMA_READ_CONSUME_CHECK_CONSUMER) timestamp=719 ms, used_size=13068288 bytes (31.9%)
(RDMA_READ_CONSUME_CHECK_CONSUMER) timestamp=719 ms, used_size=13066240 bytes (31.9%)
(RDMA_READ_CONSUME_CHECK_CONSUMER) timestamp=719 ms, used_size=13064192 bytes (31.9%)
(RDMA_READ_CONSUME_CHECK_CONSUMER) timestamp=719 ms, used_size=13062144 bytes (31.9%)
(RDMA_READ_CONSUME_CHECK_CONSUMER) timestamp=719 ms, used_size=13060096 bytes (31.9%)
(RDMA_READ_CONSUME_CHECK_CONSUMER) timestamp=719 ms, used_size=13058048 bytes (31.9%)
(RDMA_READ_CONSUME_CHECK_CONSUMER) timestamp=719 ms, used_size=13056000 bytes (31.9%)
(RDMA_READ_CONSUME_CHECK_CONSUMER) timestamp=719 ms, used_size=13053952 bytes (31.9%)
(RDMA_READ_CONSUME_CHECK_CONSUMER) timestamp=719 ms, used_size=13051904 bytes (31.9%)
(RDMA_READ_CONSUME_CHECK_CONSUMER) timestamp=719 ms, used_size=13049856 bytes (31.9%)
(RDMA_READ_CONSUME_CHECK_CONSUMER) timestamp=719 ms, used_size=13047808 bytes (31.9%)
(RDMA_READ_CONSUME_CHECK_CONSUMER) timestamp=719 ms, used_size=13045760 bytes (31.9%)
(RDMA_READ_CONSUME_CHECK_CONSUMER) timestamp=719 ms, used_size=13043712 bytes (31.8%)
(RDMA_READ_CONSUME_CHECK_CONSUMER) timestamp=719 ms, used_size=13041664 bytes (31.8%)
(RDMA_READ_CONSUME_CHECK_CONSUMER) timestamp=719 ms, used_size=13039616 bytes (31.8%)
(RDMA_READ_CONSUME_CHECK_CONSUMER) timestamp=719 ms, used_size=13037568 bytes (31.8%)
(RDMA_READ_CONSUME_CHECK_CONSUMER) timestamp=719 ms, used_size=13035520 bytes (31.8%)
(RDMA_READ_CONSUME_CHECK_CONSUMER) timestamp=719 ms, used_size=13033472 bytes (31.8%)
(RDMA_READ_CONSUME_CHECK_CONSUMER) timestamp=719 ms, used_size=13031424 bytes (31.8%)
(RDMA_READ_CONSUME_CHECK_CONSUMER) timestamp=719 ms, used_size=13029376 bytes (31.8%)
(RDMA_READ_CONSUME_CHECK_CONSUMER) timestamp=719 ms, used_size=13027328 bytes (31.8%)
(RDMA_READ_CONSUME_CHECK_CONSUMER) timestamp=719 ms, used_size=13025280 bytes (31.8%)
(RDMA_READ_CONSUME_CHECK_CONSUMER) timestamp=719 ms, used_size=13023232 bytes (31.8%)
(RDMA_READ_CONSUME_CHECK_CONSUMER) timestamp=719 ms, used_size=13021184 bytes (31.8%)
(RDMA_READ_CONSUME_CHECK_CONSUMER) timestamp=719 ms, used_size=13019136 bytes (31.8%)
(RDMA_READ_CONSUME_CHECK_CONSUMER) timestamp=719 ms, used_size=13017088 bytes (31.8%)
(RDMA_READ_CONSUME_CHECK_CONSUMER) timestamp=719 ms, used_size=13015040 bytes (31.8%)
(RDMA_READ_CONSUME_CHECK_CONSUMER) timestamp=719 ms, used_size=13012992 bytes (31.8%)
(RDMA_READ_CONSUME_CHECK_CONSUMER) timestamp=719 ms, used_size=13010944 bytes (31.8%)
(RDMA_READ_CONSUME_CHECK_CONSUMER) timestamp=719 ms, used_size=13008896 bytes (31.8%)
(RDMA_READ_CONSUME_CHECK_CONSUMER) timestamp=719 ms, used_size=13006848 bytes (31.8%)
(RDMA_READ_CONSUME_CHECK_CONSUMER) timestamp=719 ms, used_size=13004800 bytes (31.8%)
(RDMA_READ_CONSUME_CHECK_CONSUMER) timestamp=719 ms, used_size=13002752 bytes (31.7%)
(RDMA_READ_CONSUME_CHECK_CONSUMER) timestamp=719 ms, used_size=13000704 bytes (31.7%)
(RDMA_READ_CONSUME_CHECK_CONSUMER) timestamp=719 ms, used_size=12998656 bytes (31.7%)
(RDMA_READ_CONSUME_CHECK_CONSUMER) timestamp=719 ms, used_size=12996608 bytes (31.7%)
(RDMA_READ_CONSUME_CHECK_CONSUMER) timestamp=719 ms, used_size=12994560 bytes (31.7%)
(RDMA_READ_CONSUME_CHECK_CONSUMER) timestamp=719 ms, used_size=12992512 bytes (31.7%)
(RDMA_READ_CONSUME_CHECK_CONSUMER) timestamp=719 ms, used_size=12990464 bytes (31.7%)
(RDMA_READ_CONSUME_CHECK_CONSUMER) timestamp=719 ms, used_size=12988416 bytes (31.7%)
(RDMA_READ_CONSUME_CHECK_CONSUMER) timestamp=719 ms, used_size=12986368 bytes (31.7%)
(RDMA_READ_CONSUME_CHECK_CONSUMER) timestamp=719 ms, used_size=12984320 bytes (31.7%)
(RDMA_READ_CONSUME_CHECK_CONSUMER) timestamp=719 ms, used_size=12982272 bytes (31.7%)
(RDMA_READ_CONSUME_CHECK_CONSUMER) timestamp=719 ms, used_size=12980224 bytes (31.7%)
(RDMA_READ_CONSUME_CHECK_CONSUMER) timestamp=719 ms, used_size=12978176 bytes (31.7%)
(RDMA_READ_CONSUME_CHECK_CONSUMER) timestamp=719 ms, used_size=12976128 bytes (31.7%)
(RDMA_READ_CONSUME_CHECK_CONSUMER) timestamp=719 ms, used_size=12974080 bytes (31.7%)
(RDMA_READ_CONSUME_CHECK_CONSUMER) timestamp=719 ms, used_size=12972032 bytes (31.7%)
(RDMA_READ_CONSUME_CHECK_CONSUMER) timestamp=719 ms, used_size=12969984 bytes (31.7%)
(RDMA_READ_CONSUME_CHECK_CONSUMER) timestamp=719 ms, used_size=12967936 bytes (31.7%)
(RDMA_READ_CONSUME_CHECK_CONSUMER) timestamp=719 ms, used_size=12965888 bytes (31.7%)
(RDMA_READ_CONSUME_CHECK_CONSUMER) timestamp=719 ms, used_size=12963840 bytes (31.6%)
(RDMA_READ_CONSUME_CHECK_CONSUMER) timestamp=719 ms, used_size=12961792 bytes (31.6%)
(RDMA_READ_CONSUME_CHECK_CONSUMER) timestamp=719 ms, used_size=12959744 bytes (31.6%)
(RDMA_READ_CONSUME_CHECK_CONSUMER) timestamp=719 ms, used_size=12957696 bytes (31.6%)
(RDMA_READ_CONSUME_CHECK_CONSUMER) timestamp=719 ms, used_size=12955648 bytes (31.6%)
(RDMA_READ_CONSUME_CHECK_CONSUMER) timestamp=719 ms, used_size=12953600 bytes (31.6%)
(RDMA_READ_CONSUME_CHECK_CONSUMER) timestamp=719 ms, used_size=12951552 bytes (31.6%)
(RDMA_READ_CONSUME_CHECK_CONSUMER) timestamp=719 ms, used_size=12949504 bytes (31.6%)
(RDMA_READ_CONSUME_CHECK_CONSUMER) timestamp=719 ms, used_size=12947456 bytes (31.6%)
(RDMA_READ_CONSUME_CHECK_CONSUMER) timestamp=719 ms, used_size=12945408 bytes (31.6%)
(RDMA_READ_CONSUME_CHECK_CONSUMER) timestamp=719 ms, used_size=12943360 bytes (31.6%)
(RDMA_READ_CONSUME_CHECK_CONSUMER) timestamp=719 ms, used_size=12941312 bytes (31.6%)
(RDMA_READ_CONSUME_CHECK_CONSUMER) timestamp=719 ms, used_size=12939264 bytes (31.6%)
(RDMA_READ_CONSUME_CHECK_CONSUMER) timestamp=719 ms, used_size=12937216 bytes (31.6%)
(RDMA_READ_CONSUME_CHECK_CONSUMER) timestamp=719 ms, used_size=12935168 bytes (31.6%)
(RDMA_READ_CONSUME_CHECK_CONSUMER) timestamp=719 ms, used_size=12933120 bytes (31.6%)
(RDMA_READ_CONSUME_CHECK_CONSUMER) timestamp=719 ms, used_size=12931072 bytes (31.6%)
(RDMA_READ_CONSUME_CHECK_CONSUMER) timestamp=719 ms, used_size=12929024 bytes (31.6%)
(RDMA_READ_CONSUME_CHECK_CONSUMER) timestamp=719 ms, used_size=12926976 bytes (31.6%)
(RDMA_READ_CONSUME_CHECK_CONSUMER) timestamp=719 ms, used_size=12924928 bytes (31.6%)
(RDMA_READ_CONSUME_CHECK_CONSUMER) timestamp=719 ms, used_size=12922880 bytes (31.6%)
(RDMA_READ_CONSUME_CHECK_CONSUMER) timestamp=719 ms, used_size=12920832 bytes (31.5%)
(RDMA_READ_CONSUME_CHECK_CONSUMER) timestamp=719 ms, used_size=12918784 bytes (31.5%)
(RDMA_READ_CONSUME_CHECK_CONSUMER) timestamp=719 ms, used_size=12916736 bytes (31.5%)
(RDMA_READ_CONSUME_CHECK_CONSUMER) timestamp=719 ms, used_size=12914688 bytes (31.5%)
(RDMA_READ_CONSUME_CHECK_CONSUMER) timestamp=719 ms, used_size=12912640 bytes (31.5%)
(RDMA_READ_CONSUME_CHECK_CONSUMER) timestamp=719 ms, used_size=12910592 bytes (31.5%)
(RDMA_READ_CONSUME_CHECK_CONSUMER) timestamp=719 ms, used_size=12908544 bytes (31.5%)
(RDMA_READ_CONSUME_CHECK_CONSUMER) timestamp=719 ms, used_size=12906496 bytes (31.5%)
(RDMA_READ_CONSUME_CHECK_CONSUMER) timestamp=719 ms, used_size=12904448 bytes (31.5%)
(RDMA_READ_CONSUME_CHECK_CONSUMER) timestamp=719 ms, used_size=12902400 bytes (31.5%)
(RDMA_READ_CONSUME_CHECK_CONSUMER) timestamp=719 ms, used_size=12900352 bytes (31.5%)
(RDMA_READ_CONSUME_CHECK_CONSUMER) timestamp=719 ms, used_size=12898304 bytes (31.5%)
(RDMA_READ_CONSUME_CHECK_CONSUMER) timestamp=719 ms, used_size=12896256 bytes (31.5%)
(RDMA_READ_CONSUME_CHECK_CONSUMER) timestamp=719 ms, used_size=12894208 bytes (31.5%)
(RDMA_READ_CONSUME_CHECK_CONSUMER) timestamp=719 ms, used_size=12892160 bytes (31.5%)
(RDMA_READ_CONSUME_CHECK_CONSUMER) timestamp=719 ms, used_size=12890112 bytes (31.5%)
(RDMA_READ_CONSUME_CHECK_CONSUMER) timestamp=719 ms, used_size=12888064 bytes (31.5%)
(RDMA_READ_CONSUME_CHECK_CONSUMER) timestamp=719 ms, used_size=12886016 bytes (31.5%)
(RDMA_READ_CONSUME_CHECK_CONSUMER) timestamp=719 ms, used_size=12883968 bytes (31.5%)
(RDMA_READ_CONSUME_CHECK_CONSUMER) timestamp=719 ms, used_size=12881920 bytes (31.4%)
(RDMA_READ_CONSUME_CHECK_CONSUMER) timestamp=719 ms, used_size=12879872 bytes (31.4%)
(RDMA_READ_CONSUME_CHECK_CONSUMER) timestamp=719 ms, used_size=12877824 bytes (31.4%)
(RDMA_READ_CONSUME_CHECK_CONSUMER) timestamp=719 ms, used_size=12875776 bytes (31.4%)
(RDMA_READ_CONSUME_CHECK_CONSUMER) timestamp=719 ms, used_size=12873728 bytes (31.4%)
(RDMA_READ_CONSUME_CHECK_CONSUMER) timestamp=719 ms, used_size=12871680 bytes (31.4%)
(RDMA_READ_CONSUME_CHECK_CONSUMER) timestamp=719 ms, used_size=12869632 bytes (31.4%)
(RDMA_READ_CONSUME_CHECK_CONSUMER) timestamp=719 ms, used_size=12867584 bytes (31.4%)
(RDMA_READ_CONSUME_CHECK_CONSUMER) timestamp=719 ms, used_size=12865536 bytes (31.4%)
(RDMA_READ_CONSUME_CHECK_CONSUMER) timestamp=719 ms, used_size=12863488 bytes (31.4%)
(RDMA_READ_CONSUME_CHECK_CONSUMER) timestamp=719 ms, used_size=12861440 bytes (31.4%)
(RDMA_READ_CONSUME_CHECK_CONSUMER) timestamp=719 ms, used_size=12859392 bytes (31.4%)
(RDMA_READ_CONSUME_CHECK_CONSUMER) timestamp=719 ms, used_size=12857344 bytes (31.4%)
(RDMA_READ_CONSUME_CHECK_CONSUMER) timestamp=719 ms, used_size=12855296 bytes (31.4%)
(RDMA_READ_CONSUME_CHECK_CONSUMER) timestamp=719 ms, used_size=12853248 bytes (31.4%)
(RDMA_READ_CONSUME_CHECK_CONSUMER) timestamp=719 ms, used_size=12851200 bytes (31.4%)
(RDMA_READ_CONSUME_CHECK_CONSUMER) timestamp=719 ms, used_size=12849152 bytes (31.4%)
(RDMA_READ_CONSUME_CHECK_CONSUMER) timestamp=719 ms, used_size=12847104 bytes (31.4%)
(RDMA_READ_CONSUME_CHECK_CONSUMER) timestamp=719 ms, used_size=12845056 bytes (31.4%)
(RDMA_READ_CONSUME_CHECK_CONSUMER) timestamp=719 ms, used_size=12843008 bytes (31.4%)
(RDMA_READ_CONSUME_CHECK_CONSUMER) timestamp=719 ms, used_size=12840960 bytes (31.4%)
(RDMA_READ_CONSUME_CHECK_CONSUMER) timestamp=719 ms, used_size=12838912 bytes (31.3%)
(RDMA_READ_CONSUME_CHECK_CONSUMER) timestamp=719 ms, used_size=12836864 bytes (31.3%)
(RDMA_READ_CONSUME_CHECK_CONSUMER) timestamp=719 ms, used_size=12834816 bytes (31.3%)
(RDMA_READ_CONSUME_CHECK_CONSUMER) timestamp=719 ms, used_size=12832768 bytes (31.3%)
(RDMA_READ_CONSUME_CHECK_CONSUMER) timestamp=719 ms, used_size=12830720 bytes (31.3%)
(RDMA_READ_CONSUME_CHECK_CONSUMER) timestamp=719 ms, used_size=12828672 bytes (31.3%)
(RDMA_READ_CONSUME_CHECK_CONSUMER) timestamp=719 ms, used_size=12826624 bytes (31.3%)
(RDMA_READ_CONSUME_CHECK_CONSUMER) timestamp=719 ms, used_size=12824576 bytes (31.3%)
(RDMA_READ_CONSUME_CHECK_CONSUMER) timestamp=719 ms, used_size=12822528 bytes (31.3%)
(RDMA_READ_CONSUME_CHECK_CONSUMER) timestamp=719 ms, used_size=12820480 bytes (31.3%)
(RDMA_READ_CONSUME_CHECK_CONSUMER) timestamp=719 ms, used_size=12818432 bytes (31.3%)
(RDMA_READ_CONSUME_CHECK_CONSUMER) timestamp=719 ms, used_size=12816384 bytes (31.3%)
(RDMA_READ_CONSUME_CHECK_CONSUMER) timestamp=719 ms, used_size=12814336 bytes (31.3%)
(RDMA_READ_CONSUME_CHECK_CONSUMER) timestamp=719 ms, used_size=12812288 bytes (31.3%)
(RDMA_READ_CONSUME_CHECK_CONSUMER) timestamp=719 ms, used_size=12810240 bytes (31.3%)
(RDMA_READ_CONSUME_CHECK_CONSUMER) timestamp=719 ms, used_size=12808192 bytes (31.3%)
(RDMA_READ_CONSUME_CHECK_CONSUMER) timestamp=719 ms, used_size=12806144 bytes (31.3%)
(RDMA_READ_CONSUME_CHECK_CONSUMER) timestamp=719 ms, used_size=12804096 bytes (31.3%)
(RDMA_READ_CONSUME_CHECK_CONSUMER) timestamp=719 ms, used_size=12802048 bytes (31.3%)
(RDMA_READ_CONSUME_CHECK_CONSUMER) timestamp=719 ms, used_size=12800000 bytes (31.2%)
(RDMA_READ_CONSUME_CHECK_CONSUMER) timestamp=719 ms, used_size=12797952 bytes (31.2%)
(RDMA_READ_CONSUME_CHECK_CONSUMER) timestamp=719 ms, used_size=12795904 bytes (31.2%)
(RDMA_READ_CONSUME_CHECK_CONSUMER) timestamp=719 ms, used_size=12793856 bytes (31.2%)
(RDMA_READ_CONSUME_CHECK_CONSUMER) timestamp=719 ms, used_size=12791808 bytes (31.2%)
(RDMA_READ_CONSUME_CHECK_CONSUMER) timestamp=719 ms, used_size=12789760 bytes (31.2%)
(RDMA_READ_CONSUME_CHECK_CONSUMER) timestamp=719 ms, used_size=12787712 bytes (31.2%)
(RDMA_READ_CONSUME_CHECK_CONSUMER) timestamp=719 ms, used_size=12785664 bytes (31.2%)
(RDMA_READ_CONSUME_CHECK_CONSUMER) timestamp=719 ms, used_size=12783616 bytes (31.2%)
(RDMA_READ_CONSUME_CHECK_CONSUMER) timestamp=719 ms, used_size=12781568 bytes (31.2%)
(RDMA_READ_CONSUME_CHECK_CONSUMER) timestamp=719 ms, used_size=12779520 bytes (31.2%)
(RDMA_READ_CONSUME_CHECK_CONSUMER) timestamp=719 ms, used_size=12777472 bytes (31.2%)
(RDMA_READ_CONSUME_CHECK_CONSUMER) timestamp=719 ms, used_size=12775424 bytes (31.2%)
(RDMA_READ_CONSUME_CHECK_CONSUMER) timestamp=719 ms, used_size=12773376 bytes (31.2%)
(RDMA_READ_CONSUME_CHECK_CONSUMER) timestamp=719 ms, used_size=12771328 bytes (31.2%)
(RDMA_READ_CONSUME_CHECK_CONSUMER) timestamp=719 ms, used_size=12769280 bytes (31.2%)
(RDMA_READ_CONSUME_CHECK_CONSUMER) timestamp=719 ms, used_size=12767232 bytes (31.2%)
(RDMA_READ_CONSUME_CHECK_CONSUMER) timestamp=719 ms, used_size=12765184 bytes (31.2%)
(RDMA_READ_CONSUME_CHECK_CONSUMER) timestamp=719 ms, used_size=12763136 bytes (31.2%)
(RDMA_READ_CONSUME_CHECK_CONSUMER) timestamp=719 ms, used_size=12761088 bytes (31.2%)
(RDMA_READ_CONSUME_CHECK_CONSUMER) timestamp=719 ms, used_size=12759040 bytes (31.1%)
(RDMA_READ_CONSUME_CHECK_CONSUMER) timestamp=719 ms, used_size=12756992 bytes (31.1%)
(RDMA_READ_CONSUME_CHECK_CONSUMER) timestamp=719 ms, used_size=12754944 bytes (31.1%)
(RDMA_READ_CONSUME_CHECK_CONSUMER) timestamp=719 ms, used_size=12752896 bytes (31.1%)
(RDMA_READ_CONSUME_CHECK_CONSUMER) timestamp=719 ms, used_size=12750848 bytes (31.1%)
(RDMA_READ_CONSUME_CHECK_CONSUMER) timestamp=719 ms, used_size=12748800 bytes (31.1%)
(RDMA_READ_CONSUME_CHECK_CONSUMER) timestamp=719 ms, used_size=12746752 bytes (31.1%)
(RDMA_READ_CONSUME_CHECK_CONSUMER) timestamp=719 ms, used_size=12744704 bytes (31.1%)
(RDMA_READ_CONSUME_CHECK_CONSUMER) timestamp=719 ms, used_size=12742656 bytes (31.1%)
(RDMA_READ_CONSUME_CHECK_CONSUMER) timestamp=719 ms, used_size=12740608 bytes (31.1%)
(RDMA_READ_CONSUME_CHECK_CONSUMER) timestamp=719 ms, used_size=12738560 bytes (31.1%)
(RDMA_READ_CONSUME_CHECK_CONSUMER) timestamp=720 ms, used_size=12736512 bytes (31.1%)
(RDMA_READ_CONSUME_CHECK_CONSUMER) timestamp=720 ms, used_size=12734464 bytes (31.1%)
(RDMA_READ_CONSUME_CHECK_CONSUMER) timestamp=720 ms, used_size=12732416 bytes (31.1%)
(RDMA_READ_CONSUME_CHECK_CONSUMER) timestamp=720 ms, used_size=12730368 bytes (31.1%)
(RDMA_READ_CONSUME_CHECK_CONSUMER) timestamp=720 ms, used_size=12728320 bytes (31.1%)
(RDMA_READ_CONSUME_CHECK_CONSUMER) timestamp=720 ms, used_size=12726272 bytes (31.1%)
(RDMA_READ_CONSUME_CHECK_CONSUMER) timestamp=720 ms, used_size=12724224 bytes (31.1%)
(RDMA_READ_CONSUME_CHECK_CONSUMER) timestamp=720 ms, used_size=12722176 bytes (31.1%)
(RDMA_READ_CONSUME_CHECK_CONSUMER) timestamp=720 ms, used_size=12720128 bytes (31.1%)
(RDMA_READ_CONSUME_CHECK_CONSUMER) timestamp=720 ms, used_size=12718080 bytes (31.1%)
(RDMA_READ_CONSUME_CHECK_CONSUMER) timestamp=720 ms, used_size=12716032 bytes (31.0%)
(RDMA_READ_CONSUME_CHECK_CONSUMER) timestamp=720 ms, used_size=12713984 bytes (31.0%)
(RDMA_READ_CONSUME_CHECK_CONSUMER) timestamp=720 ms, used_size=12711936 bytes (31.0%)
(RDMA_READ_CONSUME_CHECK_CONSUMER) timestamp=720 ms, used_size=12709888 bytes (31.0%)
(RDMA_READ_CONSUME_CHECK_CONSUMER) timestamp=720 ms, used_size=12707840 bytes (31.0%)
(RDMA_READ_CONSUME_CHECK_CONSUMER) timestamp=720 ms, used_size=12705792 bytes (31.0%)
(RDMA_READ_CONSUME_CHECK_CONSUMER) timestamp=720 ms, used_size=12703744 bytes (31.0%)
(RDMA_READ_CONSUME_CHECK_CONSUMER) timestamp=720 ms, used_size=12701696 bytes (31.0%)
(RDMA_READ_CONSUME_CHECK_CONSUMER) timestamp=720 ms, used_size=12699648 bytes (31.0%)
(RDMA_READ_CONSUME_CHECK_CONSUMER) timestamp=720 ms, used_size=12697600 bytes (31.0%)
(RDMA_READ_CONSUME_CHECK_CONSUMER) timestamp=720 ms, used_size=12695552 bytes (31.0%)
(RDMA_READ_CONSUME_CHECK_CONSUMER) timestamp=720 ms, used_size=12693504 bytes (31.0%)
(RDMA_READ_CONSUME_CHECK_CONSUMER) timestamp=720 ms, used_size=12691456 bytes (31.0%)
(RDMA_READ_CONSUME_CHECK_CONSUMER) timestamp=720 ms, used_size=12689408 bytes (31.0%)
(RDMA_READ_CONSUME_CHECK_CONSUMER) timestamp=720 ms, used_size=12687360 bytes (31.0%)
(RDMA_READ_CONSUME_CHECK_CONSUMER) timestamp=720 ms, used_size=12685312 bytes (31.0%)
(RDMA_READ_CONSUME_CHECK_CONSUMER) timestamp=720 ms, used_size=12683264 bytes (31.0%)
(RDMA_READ_CONSUME_CHECK_CONSUMER) timestamp=720 ms, used_size=12681216 bytes (31.0%)
(RDMA_READ_CONSUME_CHECK_CONSUMER) timestamp=720 ms, used_size=12679168 bytes (31.0%)
(RDMA_READ_CONSUME_CHECK_CONSUMER) timestamp=720 ms, used_size=12677120 bytes (30.9%)
(RDMA_READ_CONSUME_CHECK_CONSUMER) timestamp=720 ms, used_size=12675072 bytes (30.9%)
(RDMA_READ_CONSUME_CHECK_CONSUMER) timestamp=720 ms, used_size=12673024 bytes (30.9%)
(RDMA_READ_CONSUME_CHECK_CONSUMER) timestamp=720 ms, used_size=12670976 bytes (30.9%)
(RDMA_READ_CONSUME_CHECK_CONSUMER) timestamp=720 ms, used_size=12668928 bytes (30.9%)
(RDMA_READ_CONSUME_CHECK_CONSUMER) timestamp=720 ms, used_size=12666880 bytes (30.9%)
(RDMA_READ_CONSUME_CHECK_CONSUMER) timestamp=720 ms, used_size=12664832 bytes (30.9%)
(RDMA_READ_CONSUME_CHECK_CONSUMER) timestamp=720 ms, used_size=12662784 bytes (30.9%)
(RDMA_READ_CONSUME_CHECK_CONSUMER) timestamp=720 ms, used_size=12660736 bytes (30.9%)
(RDMA_READ_CONSUME_CHECK_CONSUMER) timestamp=720 ms, used_size=12658688 bytes (30.9%)
(RDMA_READ_CONSUME_CHECK_CONSUMER) timestamp=720 ms, used_size=12656640 bytes (30.9%)
(RDMA_READ_CONSUME_CHECK_CONSUMER) timestamp=720 ms, used_size=12654592 bytes (30.9%)
(RDMA_READ_CONSUME_CHECK_CONSUMER) timestamp=720 ms, used_size=12652544 bytes (30.9%)
(RDMA_READ_CONSUME_CHECK_CONSUMER) timestamp=720 ms, used_size=12650496 bytes (30.9%)
(RDMA_READ_CONSUME_CHECK_CONSUMER) timestamp=720 ms, used_size=12648448 bytes (30.9%)
(RDMA_READ_CONSUME_CHECK_CONSUMER) timestamp=720 ms, used_size=12646400 bytes (30.9%)
(RDMA_READ_CONSUME_CHECK_CONSUMER) timestamp=720 ms, used_size=12644352 bytes (30.9%)
(RDMA_READ_CONSUME_CHECK_CONSUMER) timestamp=720 ms, used_size=12642304 bytes (30.9%)
(RDMA_READ_CONSUME_CHECK_CONSUMER) timestamp=720 ms, used_size=12640256 bytes (30.9%)
(RDMA_READ_CONSUME_CHECK_CONSUMER) timestamp=720 ms, used_size=12638208 bytes (30.9%)
(RDMA_READ_CONSUME_CHECK_CONSUMER) timestamp=720 ms, used_size=12636160 bytes (30.9%)
(RDMA_READ_CONSUME_CHECK_CONSUMER) timestamp=720 ms, used_size=12634112 bytes (30.8%)
(RDMA_READ_CONSUME_CHECK_CONSUMER) timestamp=720 ms, used_size=12632064 bytes (30.8%)
(RDMA_READ_CONSUME_CHECK_CONSUMER) timestamp=720 ms, used_size=12630016 bytes (30.8%)
(RDMA_READ_CONSUME_CHECK_CONSUMER) timestamp=720 ms, used_size=12627968 bytes (30.8%)
(RDMA_READ_CONSUME_CHECK_CONSUMER) timestamp=720 ms, used_size=12625920 bytes (30.8%)
(RDMA_READ_CONSUME_CHECK_CONSUMER) timestamp=720 ms, used_size=12623872 bytes (30.8%)
(RDMA_READ_CONSUME_CHECK_CONSUMER) timestamp=720 ms, used_size=12621824 bytes (30.8%)
(RDMA_READ_CONSUME_CHECK_CONSUMER) timestamp=720 ms, used_size=12619776 bytes (30.8%)
(RDMA_READ_CONSUME_CHECK_CONSUMER) timestamp=720 ms, used_size=12617728 bytes (30.8%)
(RDMA_READ_CONSUME_CHECK_CONSUMER) timestamp=720 ms, used_size=12615680 bytes (30.8%)
(RDMA_READ_CONSUME_CHECK_CONSUMER) timestamp=720 ms, used_size=12613632 bytes (30.8%)
(RDMA_READ_CONSUME_CHECK_CONSUMER) timestamp=720 ms, used_size=12611584 bytes (30.8%)
(RDMA_READ_CONSUME_CHECK_CONSUMER) timestamp=720 ms, used_size=12609536 bytes (30.8%)
(RDMA_READ_CONSUME_CHECK_CONSUMER) timestamp=720 ms, used_size=12607488 bytes (30.8%)
(RDMA_READ_CONSUME_CHECK_CONSUMER) timestamp=720 ms, used_size=12605440 bytes (30.8%)
(RDMA_READ_CONSUME_CHECK_CONSUMER) timestamp=720 ms, used_size=12603392 bytes (30.8%)
(RDMA_READ_CONSUME_CHECK_CONSUMER) timestamp=720 ms, used_size=12601344 bytes (30.8%)
(RDMA_READ_CONSUME_CHECK_CONSUMER) timestamp=720 ms, used_size=12599296 bytes (30.8%)
(RDMA_READ_CONSUME_CHECK_CONSUMER) timestamp=720 ms, used_size=12597248 bytes (30.8%)
(RDMA_READ_CONSUME_CHECK_CONSUMER) timestamp=720 ms, used_size=12595200 bytes (30.8%)
(RDMA_READ_CONSUME_CHECK_CONSUMER) timestamp=720 ms, used_size=12593152 bytes (30.7%)
(RDMA_READ_CONSUME_CHECK_CONSUMER) timestamp=720 ms, used_size=12591104 bytes (30.7%)
(RDMA_READ_CONSUME_CHECK_CONSUMER) timestamp=720 ms, used_size=12589056 bytes (30.7%)
(RDMA_READ_CONSUME_CHECK_CONSUMER) timestamp=720 ms, used_size=12587008 bytes (30.7%)
(RDMA_READ_CONSUME_CHECK_CONSUMER) timestamp=720 ms, used_size=12584960 bytes (30.7%)
(RDMA_READ_CONSUME_CHECK_CONSUMER) timestamp=720 ms, used_size=12582912 bytes (30.7%)
(RDMA_READ_CONSUME_CHECK_CONSUMER) timestamp=720 ms, used_size=12580864 bytes (30.7%)
(RDMA_READ_CONSUME_CHECK_CONSUMER) timestamp=720 ms, used_size=12578816 bytes (30.7%)
(RDMA_READ_CONSUME_CHECK_CONSUMER) timestamp=720 ms, used_size=12576768 bytes (30.7%)
(RDMA_READ_CONSUME_CHECK_CONSUMER) timestamp=720 ms, used_size=12574720 bytes (30.7%)
(RDMA_READ_CONSUME_CHECK_CONSUMER) timestamp=720 ms, used_size=12572672 bytes (30.7%)
(RDMA_READ_CONSUME_CHECK_CONSUMER) timestamp=720 ms, used_size=12570624 bytes (30.7%)
(RDMA_READ_CONSUME_CHECK_CONSUMER) timestamp=720 ms, used_size=12568576 bytes (30.7%)
(RDMA_READ_CONSUME_CHECK_CONSUMER) timestamp=720 ms, used_size=12566528 bytes (30.7%)
(RDMA_READ_CONSUME_CHECK_CONSUMER) timestamp=720 ms, used_size=12564480 bytes (30.7%)
(RDMA_READ_CONSUME_CHECK_CONSUMER) timestamp=720 ms, used_size=12562432 bytes (30.7%)
(RDMA_READ_CONSUME_CHECK_CONSUMER) timestamp=720 ms, used_size=12560384 bytes (30.7%)
(RDMA_READ_CONSUME_CHECK_CONSUMER) timestamp=720 ms, used_size=12558336 bytes (30.7%)
(RDMA_READ_CONSUME_CHECK_CONSUMER) timestamp=720 ms, used_size=12556288 bytes (30.7%)
(RDMA_READ_CONSUME_CHECK_CONSUMER) timestamp=720 ms, used_size=12554240 bytes (30.6%)
(RDMA_READ_CONSUME_CHECK_CONSUMER) timestamp=720 ms, used_size=12552192 bytes (30.6%)
(RDMA_READ_CONSUME_CHECK_CONSUMER) timestamp=720 ms, used_size=12550144 bytes (30.6%)
(RDMA_READ_CONSUME_CHECK_CONSUMER) timestamp=720 ms, used_size=12548096 bytes (30.6%)
(RDMA_READ_CONSUME_CHECK_CONSUMER) timestamp=720 ms, used_size=12546048 bytes (30.6%)
(RDMA_READ_CONSUME_CHECK_CONSUMER) timestamp=720 ms, used_size=12544000 bytes (30.6%)
(RDMA_READ_CONSUME_CHECK_CONSUMER) timestamp=720 ms, used_size=12541952 bytes (30.6%)
(RDMA_READ_CONSUME_CHECK_CONSUMER) timestamp=720 ms, used_size=12539904 bytes (30.6%)
(RDMA_READ_CONSUME_CHECK_CONSUMER) timestamp=720 ms, used_size=12537856 bytes (30.6%)
(RDMA_READ_CONSUME_CHECK_CONSUMER) timestamp=720 ms, used_size=12535808 bytes (30.6%)
(RDMA_READ_CONSUME_CHECK_CONSUMER) timestamp=720 ms, used_size=12533760 bytes (30.6%)
(RDMA_READ_CONSUME_CHECK_CONSUMER) timestamp=720 ms, used_size=12531712 bytes (30.6%)
(RDMA_READ_CONSUME_CHECK_CONSUMER) timestamp=720 ms, used_size=12529664 bytes (30.6%)
(RDMA_READ_CONSUME_CHECK_CONSUMER) timestamp=720 ms, used_size=12527616 bytes (30.6%)
(RDMA_READ_CONSUME_CHECK_CONSUMER) timestamp=720 ms, used_size=12525568 bytes (30.6%)
(RDMA_READ_CONSUME_CHECK_CONSUMER) timestamp=720 ms, used_size=12523520 bytes (30.6%)
(RDMA_READ_CONSUME_CHECK_CONSUMER) timestamp=720 ms, used_size=12521472 bytes (30.6%)
(RDMA_READ_CONSUME_CHECK_CONSUMER) timestamp=720 ms, used_size=12519424 bytes (30.6%)
(RDMA_READ_CONSUME_CHECK_CONSUMER) timestamp=720 ms, used_size=12517376 bytes (30.6%)
(RDMA_READ_CONSUME_CHECK_CONSUMER) timestamp=720 ms, used_size=12515328 bytes (30.6%)
(RDMA_READ_CONSUME_CHECK_CONSUMER) timestamp=720 ms, used_size=12513280 bytes (30.6%)
(RDMA_READ_CONSUME_CHECK_CONSUMER) timestamp=720 ms, used_size=12511232 bytes (30.5%)
(RDMA_READ_CONSUME_CHECK_CONSUMER) timestamp=720 ms, used_size=12509184 bytes (30.5%)
(RDMA_READ_CONSUME_CHECK_CONSUMER) timestamp=720 ms, used_size=12507136 bytes (30.5%)
(RDMA_READ_CONSUME_CHECK_CONSUMER) timestamp=720 ms, used_size=12505088 bytes (30.5%)
(RDMA_READ_CONSUME_CHECK_CONSUMER) timestamp=720 ms, used_size=12503040 bytes (30.5%)
(RDMA_READ_CONSUME_CHECK_CONSUMER) timestamp=720 ms, used_size=12500992 bytes (30.5%)
(RDMA_READ_CONSUME_CHECK_CONSUMER) timestamp=720 ms, used_size=12498944 bytes (30.5%)
(RDMA_READ_CONSUME_CHECK_CONSUMER) timestamp=720 ms, used_size=12496896 bytes (30.5%)
(RDMA_READ_CONSUME_CHECK_CONSUMER) timestamp=720 ms, used_size=12494848 bytes (30.5%)
(RDMA_READ_CONSUME_CHECK_CONSUMER) timestamp=720 ms, used_size=12492800 bytes (30.5%)
(RDMA_READ_CONSUME_CHECK_CONSUMER) timestamp=720 ms, used_size=12490752 bytes (30.5%)
(RDMA_READ_CONSUME_CHECK_CONSUMER) timestamp=720 ms, used_size=12488704 bytes (30.5%)
(RDMA_READ_CONSUME_CHECK_CONSUMER) timestamp=720 ms, used_size=12486656 bytes (30.5%)
(RDMA_READ_CONSUME_CHECK_CONSUMER) timestamp=720 ms, used_size=12484608 bytes (30.5%)
(RDMA_READ_CONSUME_CHECK_CONSUMER) timestamp=720 ms, used_size=12482560 bytes (30.5%)
(RDMA_READ_CONSUME_CHECK_CONSUMER) timestamp=720 ms, used_size=12480512 bytes (30.5%)
(RDMA_READ_CONSUME_CHECK_CONSUMER) timestamp=720 ms, used_size=12478464 bytes (30.5%)
(RDMA_READ_CONSUME_CHECK_CONSUMER) timestamp=720 ms, used_size=12476416 bytes (30.5%)
(RDMA_READ_CONSUME_CHECK_CONSUMER) timestamp=720 ms, used_size=12474368 bytes (30.5%)
(RDMA_READ_CONSUME_CHECK_CONSUMER) timestamp=720 ms, used_size=12472320 bytes (30.4%)
(RDMA_READ_CONSUME_CHECK_CONSUMER) timestamp=720 ms, used_size=12470272 bytes (30.4%)
(RDMA_READ_CONSUME_CHECK_CONSUMER) timestamp=720 ms, used_size=12468224 bytes (30.4%)
(RDMA_READ_CONSUME_CHECK_CONSUMER) timestamp=720 ms, used_size=12466176 bytes (30.4%)
(RDMA_READ_CONSUME_CHECK_CONSUMER) timestamp=720 ms, used_size=12464128 bytes (30.4%)
(RDMA_READ_CONSUME_CHECK_CONSUMER) timestamp=720 ms, used_size=12462080 bytes (30.4%)
(RDMA_READ_CONSUME_CHECK_CONSUMER) timestamp=720 ms, used_size=12460032 bytes (30.4%)
(RDMA_READ_CONSUME_CHECK_CONSUMER) timestamp=720 ms, used_size=12457984 bytes (30.4%)
(RDMA_READ_CONSUME_CHECK_CONSUMER) timestamp=720 ms, used_size=12455936 bytes (30.4%)
(RDMA_READ_CONSUME_CHECK_CONSUMER) timestamp=720 ms, used_size=12453888 bytes (30.4%)
(RDMA_READ_CONSUME_CHECK_CONSUMER) timestamp=720 ms, used_size=12451840 bytes (30.4%)
(RDMA_READ_CONSUME_CHECK_CONSUMER) timestamp=720 ms, used_size=12449792 bytes (30.4%)
(RDMA_READ_CONSUME_CHECK_CONSUMER) timestamp=720 ms, used_size=12447744 bytes (30.4%)
(RDMA_READ_CONSUME_CHECK_CONSUMER) timestamp=720 ms, used_size=12445696 bytes (30.4%)
(RDMA_READ_CONSUME_CHECK_CONSUMER) timestamp=720 ms, used_size=12443648 bytes (30.4%)
(RDMA_READ_CONSUME_CHECK_CONSUMER) timestamp=720 ms, used_size=12441600 bytes (30.4%)
(RDMA_READ_CONSUME_CHECK_CONSUMER) timestamp=720 ms, used_size=12439552 bytes (30.4%)
(RDMA_READ_CONSUME_CHECK_CONSUMER) timestamp=720 ms, used_size=12437504 bytes (30.4%)
(RDMA_READ_CONSUME_CHECK_CONSUMER) timestamp=720 ms, used_size=12435456 bytes (30.4%)
(RDMA_READ_CONSUME_CHECK_CONSUMER) timestamp=720 ms, used_size=12433408 bytes (30.4%)
(RDMA_READ_CONSUME_CHECK_CONSUMER) timestamp=720 ms, used_size=12431360 bytes (30.4%)
(RDMA_READ_CONSUME_CHECK_CONSUMER) timestamp=720 ms, used_size=12429312 bytes (30.3%)
(RDMA_READ_CONSUME_CHECK_CONSUMER) timestamp=720 ms, used_size=12427264 bytes (30.3%)
(RDMA_READ_CONSUME_CHECK_CONSUMER) timestamp=720 ms, used_size=12425216 bytes (30.3%)
(RDMA_READ_CONSUME_CHECK_CONSUMER) timestamp=720 ms, used_size=12423168 bytes (30.3%)
(RDMA_READ_CONSUME_CHECK_CONSUMER) timestamp=720 ms, used_size=12421120 bytes (30.3%)
(RDMA_READ_CONSUME_CHECK_CONSUMER) timestamp=720 ms, used_size=12419072 bytes (30.3%)
(RDMA_READ_CONSUME_CHECK_CONSUMER) timestamp=720 ms, used_size=12417024 bytes (30.3%)
(RDMA_READ_CONSUME_CHECK_CONSUMER) timestamp=720 ms, used_size=12414976 bytes (30.3%)
(RDMA_READ_CONSUME_CHECK_CONSUMER) timestamp=720 ms, used_size=12412928 bytes (30.3%)
(RDMA_READ_CONSUME_CHECK_CONSUMER) timestamp=720 ms, used_size=12410880 bytes (30.3%)
(RDMA_READ_CONSUME_CHECK_CONSUMER) timestamp=720 ms, used_size=12408832 bytes (30.3%)
(RDMA_READ_CONSUME_CHECK_CONSUMER) timestamp=720 ms, used_size=12406784 bytes (30.3%)
(RDMA_READ_CONSUME_CHECK_CONSUMER) timestamp=720 ms, used_size=12404736 bytes (30.3%)
(RDMA_READ_CONSUME_CHECK_CONSUMER) timestamp=720 ms, used_size=12402688 bytes (30.3%)
(RDMA_READ_CONSUME_CHECK_CONSUMER) timestamp=720 ms, used_size=12400640 bytes (30.3%)
(RDMA_READ_CONSUME_CHECK_CONSUMER) timestamp=720 ms, used_size=12398592 bytes (30.3%)
(RDMA_READ_CONSUME_CHECK_CONSUMER) timestamp=720 ms, used_size=12396544 bytes (30.3%)
(RDMA_READ_CONSUME_CHECK_CONSUMER) timestamp=720 ms, used_size=12394496 bytes (30.3%)
(RDMA_READ_CONSUME_CHECK_CONSUMER) timestamp=720 ms, used_size=12392448 bytes (30.3%)
(RDMA_READ_CONSUME_CHECK_CONSUMER) timestamp=720 ms, used_size=12390400 bytes (30.2%)
(RDMA_READ_CONSUME_CHECK_CONSUMER) timestamp=720 ms, used_size=12388352 bytes (30.2%)
(RDMA_READ_CONSUME_CHECK_CONSUMER) timestamp=720 ms, used_size=12386304 bytes (30.2%)
(RDMA_READ_CONSUME_CHECK_CONSUMER) timestamp=720 ms, used_size=12384256 bytes (30.2%)
(RDMA_READ_CONSUME_CHECK_CONSUMER) timestamp=720 ms, used_size=12382208 bytes (30.2%)
(RDMA_READ_CONSUME_CHECK_CONSUMER) timestamp=720 ms, used_size=12380160 bytes (30.2%)
(RDMA_READ_CONSUME_CHECK_CONSUMER) timestamp=720 ms, used_size=12378112 bytes (30.2%)
(RDMA_READ_CONSUME_CHECK_CONSUMER) timestamp=720 ms, used_size=12376064 bytes (30.2%)
(RDMA_READ_CONSUME_CHECK_CONSUMER) timestamp=720 ms, used_size=12374016 bytes (30.2%)
(RDMA_READ_CONSUME_CHECK_CONSUMER) timestamp=720 ms, used_size=12371968 bytes (30.2%)
(RDMA_READ_CONSUME_CHECK_CONSUMER) timestamp=720 ms, used_size=12369920 bytes (30.2%)
(RDMA_READ_CONSUME_CHECK_CONSUMER) timestamp=720 ms, used_size=12367872 bytes (30.2%)
(RDMA_READ_CONSUME_CHECK_CONSUMER) timestamp=720 ms, used_size=12365824 bytes (30.2%)
(RDMA_READ_CONSUME_CHECK_CONSUMER) timestamp=720 ms, used_size=12363776 bytes (30.2%)
(RDMA_READ_CONSUME_CHECK_CONSUMER) timestamp=721 ms, used_size=12361728 bytes (30.2%)
(RDMA_READ_CONSUME_CHECK_CONSUMER) timestamp=721 ms, used_size=12359680 bytes (30.2%)
(RDMA_READ_CONSUME_CHECK_CONSUMER) timestamp=721 ms, used_size=12357632 bytes (30.2%)
(RDMA_READ_CONSUME_CHECK_CONSUMER) timestamp=721 ms, used_size=12355584 bytes (30.2%)
(RDMA_READ_CONSUME_CHECK_CONSUMER) timestamp=721 ms, used_size=12353536 bytes (30.2%)
(RDMA_READ_CONSUME_CHECK_CONSUMER) timestamp=721 ms, used_size=12351488 bytes (30.2%)
(RDMA_READ_CONSUME_CHECK_CONSUMER) timestamp=721 ms, used_size=12349440 bytes (30.1%)
(RDMA_READ_CONSUME_CHECK_CONSUMER) timestamp=721 ms, used_size=12347392 bytes (30.1%)
(RDMA_READ_CONSUME_CHECK_CONSUMER) timestamp=721 ms, used_size=12345344 bytes (30.1%)
(RDMA_READ_CONSUME_CHECK_CONSUMER) timestamp=721 ms, used_size=12343296 bytes (30.1%)
(RDMA_READ_CONSUME_CHECK_CONSUMER) timestamp=721 ms, used_size=12341248 bytes (30.1%)
(RDMA_READ_CONSUME_CHECK_CONSUMER) timestamp=721 ms, used_size=12339200 bytes (30.1%)
(RDMA_READ_CONSUME_CHECK_CONSUMER) timestamp=721 ms, used_size=12337152 bytes (30.1%)
(RDMA_READ_CONSUME_CHECK_CONSUMER) timestamp=721 ms, used_size=12335104 bytes (30.1%)
(RDMA_READ_CONSUME_CHECK_CONSUMER) timestamp=721 ms, used_size=12333056 bytes (30.1%)
(RDMA_READ_CONSUME_CHECK_CONSUMER) timestamp=721 ms, used_size=12331008 bytes (30.1%)
(RDMA_READ_CONSUME_CHECK_CONSUMER) timestamp=721 ms, used_size=12328960 bytes (30.1%)
(RDMA_READ_CONSUME_CHECK_CONSUMER) timestamp=721 ms, used_size=12326912 bytes (30.1%)
(RDMA_READ_CONSUME_CHECK_CONSUMER) timestamp=721 ms, used_size=12324864 bytes (30.1%)
(RDMA_READ_CONSUME_CHECK_CONSUMER) timestamp=721 ms, used_size=12322816 bytes (30.1%)
(RDMA_READ_CONSUME_CHECK_CONSUMER) timestamp=721 ms, used_size=12320768 bytes (30.1%)
(RDMA_READ_CONSUME_CHECK_CONSUMER) timestamp=721 ms, used_size=12318720 bytes (30.1%)
(RDMA_READ_CONSUME_CHECK_CONSUMER) timestamp=721 ms, used_size=12316672 bytes (30.1%)
(RDMA_READ_CONSUME_CHECK_CONSUMER) timestamp=721 ms, used_size=12314624 bytes (30.1%)
(RDMA_READ_CONSUME_CHECK_CONSUMER) timestamp=721 ms, used_size=12312576 bytes (30.1%)
(RDMA_READ_CONSUME_CHECK_CONSUMER) timestamp=721 ms, used_size=12310528 bytes (30.1%)
(RDMA_READ_CONSUME_CHECK_CONSUMER) timestamp=721 ms, used_size=12308480 bytes (30.1%)
(RDMA_READ_CONSUME_CHECK_CONSUMER) timestamp=721 ms, used_size=12306432 bytes (30.0%)
(RDMA_READ_CONSUME_CHECK_CONSUMER) timestamp=721 ms, used_size=12304384 bytes (30.0%)
(RDMA_READ_CONSUME_CHECK_CONSUMER) timestamp=721 ms, used_size=12302336 bytes (30.0%)
(RDMA_READ_CONSUME_CHECK_CONSUMER) timestamp=721 ms, used_size=12300288 bytes (30.0%)
(RDMA_READ_CONSUME_CHECK_CONSUMER) timestamp=721 ms, used_size=12298240 bytes (30.0%)
(RDMA_READ_CONSUME_CHECK_CONSUMER) timestamp=721 ms, used_size=12296192 bytes (30.0%)
(RDMA_READ_CONSUME_CHECK_CONSUMER) timestamp=721 ms, used_size=12294144 bytes (30.0%)
(RDMA_READ_CONSUME_CHECK_CONSUMER) timestamp=721 ms, used_size=12292096 bytes (30.0%)
(RDMA_READ_CONSUME_CHECK_CONSUMER) timestamp=721 ms, used_size=12290048 bytes (30.0%)
(RDMA_READ_CONSUME_CHECK_CONSUMER) timestamp=721 ms, used_size=12288000 bytes (30.0%)
(RDMA_READ_CONSUME_CHECK_CONSUMER) timestamp=721 ms, used_size=12285952 bytes (30.0%)
(RDMA_READ_CONSUME_CHECK_CONSUMER) timestamp=721 ms, used_size=12283904 bytes (30.0%)
(RDMA_READ_CONSUME_CHECK_CONSUMER) timestamp=721 ms, used_size=12281856 bytes (30.0%)
(RDMA_READ_CONSUME_CHECK_CONSUMER) timestamp=721 ms, used_size=12279808 bytes (30.0%)
(RDMA_READ_CONSUME_CHECK_CONSUMER) timestamp=721 ms, used_size=12277760 bytes (30.0%)
(RDMA_READ_CONSUME_CHECK_CONSUMER) timestamp=721 ms, used_size=12275712 bytes (30.0%)
(RDMA_READ_CONSUME_CHECK_CONSUMER) timestamp=721 ms, used_size=12273664 bytes (30.0%)
(RDMA_READ_CONSUME_CHECK_CONSUMER) timestamp=721 ms, used_size=12271616 bytes (30.0%)
(RDMA_READ_CONSUME_CHECK_CONSUMER) timestamp=721 ms, used_size=12269568 bytes (30.0%)
(RDMA_READ_CONSUME_CHECK_CONSUMER) timestamp=721 ms, used_size=12267520 bytes (29.9%)
(RDMA_READ_CONSUME_CHECK_CONSUMER) timestamp=721 ms, used_size=12265472 bytes (29.9%)
(RDMA_READ_CONSUME_CHECK_CONSUMER) timestamp=721 ms, used_size=12263424 bytes (29.9%)
(RDMA_READ_CONSUME_CHECK_CONSUMER) timestamp=721 ms, used_size=12261376 bytes (29.9%)
(RDMA_READ_CONSUME_CHECK_CONSUMER) timestamp=721 ms, used_size=12259328 bytes (29.9%)
(RDMA_READ_CONSUME_CHECK_CONSUMER) timestamp=721 ms, used_size=12257280 bytes (29.9%)
(RDMA_READ_CONSUME_CHECK_CONSUMER) timestamp=721 ms, used_size=12255232 bytes (29.9%)
(RDMA_READ_CONSUME_CHECK_CONSUMER) timestamp=721 ms, used_size=12253184 bytes (29.9%)
(RDMA_READ_CONSUME_CHECK_CONSUMER) timestamp=721 ms, used_size=12251136 bytes (29.9%)
(RDMA_READ_CONSUME_CHECK_CONSUMER) timestamp=721 ms, used_size=12249088 bytes (29.9%)
(RDMA_READ_CONSUME_CHECK_CONSUMER) timestamp=721 ms, used_size=12247040 bytes (29.9%)
(RDMA_READ_CONSUME_CHECK_CONSUMER) timestamp=721 ms, used_size=12244992 bytes (29.9%)
(RDMA_READ_CONSUME_CHECK_CONSUMER) timestamp=721 ms, used_size=12242944 bytes (29.9%)
(RDMA_READ_CONSUME_CHECK_CONSUMER) timestamp=721 ms, used_size=12240896 bytes (29.9%)
(RDMA_READ_CONSUME_CHECK_CONSUMER) timestamp=721 ms, used_size=12238848 bytes (29.9%)
(RDMA_READ_CONSUME_CHECK_CONSUMER) timestamp=721 ms, used_size=12236800 bytes (29.9%)
(RDMA_READ_CONSUME_CHECK_CONSUMER) timestamp=721 ms, used_size=12234752 bytes (29.9%)
(RDMA_READ_CONSUME_CHECK_CONSUMER) timestamp=721 ms, used_size=12232704 bytes (29.9%)
(RDMA_READ_CONSUME_CHECK_CONSUMER) timestamp=721 ms, used_size=12230656 bytes (29.9%)
(RDMA_READ_CONSUME_CHECK_CONSUMER) timestamp=721 ms, used_size=12228608 bytes (29.9%)
(RDMA_READ_CONSUME_CHECK_CONSUMER) timestamp=721 ms, used_size=12226560 bytes (29.9%)
(RDMA_READ_CONSUME_CHECK_CONSUMER) timestamp=721 ms, used_size=12224512 bytes (29.8%)
(RDMA_READ_CONSUME_CHECK_CONSUMER) timestamp=721 ms, used_size=12222464 bytes (29.8%)
(RDMA_READ_CONSUME_CHECK_CONSUMER) timestamp=721 ms, used_size=12220416 bytes (29.8%)
(RDMA_READ_CONSUME_CHECK_CONSUMER) timestamp=721 ms, used_size=12218368 bytes (29.8%)
(RDMA_READ_CONSUME_CHECK_CONSUMER) timestamp=721 ms, used_size=12216320 bytes (29.8%)
(RDMA_READ_CONSUME_CHECK_CONSUMER) timestamp=721 ms, used_size=12214272 bytes (29.8%)
(RDMA_READ_CONSUME_CHECK_CONSUMER) timestamp=721 ms, used_size=12212224 bytes (29.8%)
(RDMA_READ_CONSUME_CHECK_CONSUMER) timestamp=721 ms, used_size=12210176 bytes (29.8%)
(RDMA_READ_CONSUME_CHECK_CONSUMER) timestamp=721 ms, used_size=12208128 bytes (29.8%)
(RDMA_READ_CONSUME_CHECK_CONSUMER) timestamp=721 ms, used_size=12206080 bytes (29.8%)
(RDMA_READ_CONSUME_CHECK_CONSUMER) timestamp=721 ms, used_size=12204032 bytes (29.8%)
(RDMA_READ_CONSUME_CHECK_CONSUMER) timestamp=721 ms, used_size=12201984 bytes (29.8%)
(RDMA_READ_CONSUME_CHECK_CONSUMER) timestamp=721 ms, used_size=12199936 bytes (29.8%)
(RDMA_READ_CONSUME_CHECK_CONSUMER) timestamp=721 ms, used_size=12197888 bytes (29.8%)
(RDMA_READ_CONSUME_CHECK_CONSUMER) timestamp=721 ms, used_size=12195840 bytes (29.8%)
(RDMA_READ_CONSUME_CHECK_CONSUMER) timestamp=721 ms, used_size=12193792 bytes (29.8%)
(RDMA_READ_CONSUME_CHECK_CONSUMER) timestamp=721 ms, used_size=12191744 bytes (29.8%)
(RDMA_READ_CONSUME_CHECK_CONSUMER) timestamp=721 ms, used_size=12189696 bytes (29.8%)
(RDMA_READ_CONSUME_CHECK_CONSUMER) timestamp=721 ms, used_size=12187648 bytes (29.8%)
(RDMA_READ_CONSUME_CHECK_CONSUMER) timestamp=721 ms, used_size=12185600 bytes (29.8%)
(RDMA_READ_CONSUME_CHECK_CONSUMER) timestamp=721 ms, used_size=12183552 bytes (29.7%)
(RDMA_READ_CONSUME_CHECK_CONSUMER) timestamp=721 ms, used_size=12181504 bytes (29.7%)
(RDMA_READ_CONSUME_CHECK_CONSUMER) timestamp=721 ms, used_size=12179456 bytes (29.7%)
(RDMA_READ_CONSUME_CHECK_CONSUMER) timestamp=721 ms, used_size=12177408 bytes (29.7%)
(RDMA_READ_CONSUME_CHECK_CONSUMER) timestamp=721 ms, used_size=12175360 bytes (29.7%)
(RDMA_READ_CONSUME_CHECK_CONSUMER) timestamp=721 ms, used_size=12173312 bytes (29.7%)
(RDMA_READ_CONSUME_CHECK_CONSUMER) timestamp=721 ms, used_size=12171264 bytes (29.7%)
(RDMA_READ_CONSUME_CHECK_CONSUMER) timestamp=721 ms, used_size=12169216 bytes (29.7%)
(RDMA_READ_CONSUME_CHECK_CONSUMER) timestamp=721 ms, used_size=12167168 bytes (29.7%)
(RDMA_READ_CONSUME_CHECK_CONSUMER) timestamp=721 ms, used_size=12165120 bytes (29.7%)
(RDMA_READ_CONSUME_CHECK_CONSUMER) timestamp=721 ms, used_size=12163072 bytes (29.7%)
(RDMA_READ_CONSUME_CHECK_CONSUMER) timestamp=721 ms, used_size=12161024 bytes (29.7%)
(RDMA_READ_CONSUME_CHECK_CONSUMER) timestamp=721 ms, used_size=12158976 bytes (29.7%)
(RDMA_READ_CONSUME_CHECK_CONSUMER) timestamp=721 ms, used_size=12156928 bytes (29.7%)
(RDMA_READ_CONSUME_CHECK_CONSUMER) timestamp=721 ms, used_size=12154880 bytes (29.7%)
(RDMA_READ_CONSUME_CHECK_CONSUMER) timestamp=721 ms, used_size=12152832 bytes (29.7%)
(RDMA_READ_CONSUME_CHECK_CONSUMER) timestamp=721 ms, used_size=12150784 bytes (29.7%)
(RDMA_READ_CONSUME_CHECK_CONSUMER) timestamp=721 ms, used_size=12148736 bytes (29.7%)
(RDMA_READ_CONSUME_CHECK_CONSUMER) timestamp=721 ms, used_size=12146688 bytes (29.7%)
(RDMA_READ_CONSUME_CHECK_CONSUMER) timestamp=721 ms, used_size=12144640 bytes (29.6%)
(RDMA_READ_CONSUME_CHECK_CONSUMER) timestamp=721 ms, used_size=12142592 bytes (29.6%)
(RDMA_READ_CONSUME_CHECK_CONSUMER) timestamp=721 ms, used_size=12140544 bytes (29.6%)
(RDMA_READ_CONSUME_CHECK_CONSUMER) timestamp=721 ms, used_size=12138496 bytes (29.6%)
(RDMA_READ_CONSUME_CHECK_CONSUMER) timestamp=721 ms, used_size=12136448 bytes (29.6%)
(RDMA_READ_CONSUME_CHECK_CONSUMER) timestamp=721 ms, used_size=12134400 bytes (29.6%)
(RDMA_READ_CONSUME_CHECK_CONSUMER) timestamp=721 ms, used_size=12132352 bytes (29.6%)
(RDMA_READ_CONSUME_CHECK_CONSUMER) timestamp=721 ms, used_size=12130304 bytes (29.6%)
(RDMA_READ_CONSUME_CHECK_CONSUMER) timestamp=721 ms, used_size=12128256 bytes (29.6%)
(RDMA_READ_CONSUME_CHECK_CONSUMER) timestamp=721 ms, used_size=12126208 bytes (29.6%)
(RDMA_READ_CONSUME_CHECK_CONSUMER) timestamp=721 ms, used_size=12124160 bytes (29.6%)
(RDMA_READ_CONSUME_CHECK_CONSUMER) timestamp=721 ms, used_size=12122112 bytes (29.6%)
(RDMA_READ_CONSUME_CHECK_CONSUMER) timestamp=721 ms, used_size=12120064 bytes (29.6%)
(RDMA_READ_CONSUME_CHECK_CONSUMER) timestamp=721 ms, used_size=12118016 bytes (29.6%)
(RDMA_READ_CONSUME_CHECK_CONSUMER) timestamp=721 ms, used_size=12115968 bytes (29.6%)
(RDMA_READ_CONSUME_CHECK_CONSUMER) timestamp=721 ms, used_size=12113920 bytes (29.6%)
(RDMA_READ_CONSUME_CHECK_CONSUMER) timestamp=721 ms, used_size=12111872 bytes (29.6%)
(RDMA_READ_CONSUME_CHECK_CONSUMER) timestamp=721 ms, used_size=12109824 bytes (29.6%)
(RDMA_READ_CONSUME_CHECK_CONSUMER) timestamp=721 ms, used_size=12107776 bytes (29.6%)
(RDMA_READ_CONSUME_CHECK_CONSUMER) timestamp=721 ms, used_size=12105728 bytes (29.6%)
(RDMA_READ_CONSUME_CHECK_CONSUMER) timestamp=721 ms, used_size=12103680 bytes (29.6%)
(RDMA_READ_CONSUME_CHECK_CONSUMER) timestamp=721 ms, used_size=12101632 bytes (29.5%)
(RDMA_READ_CONSUME_CHECK_CONSUMER) timestamp=721 ms, used_size=12099584 bytes (29.5%)
(RDMA_READ_CONSUME_CHECK_CONSUMER) timestamp=721 ms, used_size=12097536 bytes (29.5%)
(RDMA_READ_CONSUME_CHECK_CONSUMER) timestamp=721 ms, used_size=12095488 bytes (29.5%)
(RDMA_READ_CONSUME_CHECK_CONSUMER) timestamp=721 ms, used_size=12093440 bytes (29.5%)
(RDMA_READ_CONSUME_CHECK_CONSUMER) timestamp=721 ms, used_size=12091392 bytes (29.5%)
(RDMA_READ_CONSUME_CHECK_CONSUMER) timestamp=721 ms, used_size=12089344 bytes (29.5%)
(RDMA_READ_CONSUME_CHECK_CONSUMER) timestamp=721 ms, used_size=12087296 bytes (29.5%)
(RDMA_READ_CONSUME_CHECK_CONSUMER) timestamp=721 ms, used_size=12085248 bytes (29.5%)
(RDMA_READ_CONSUME_CHECK_CONSUMER) timestamp=721 ms, used_size=12083200 bytes (29.5%)
(RDMA_READ_CONSUME_CHECK_CONSUMER) timestamp=721 ms, used_size=12081152 bytes (29.5%)
(RDMA_READ_CONSUME_CHECK_CONSUMER) timestamp=721 ms, used_size=12079104 bytes (29.5%)
(RDMA_READ_CONSUME_CHECK_CONSUMER) timestamp=721 ms, used_size=12077056 bytes (29.5%)
(RDMA_READ_CONSUME_CHECK_CONSUMER) timestamp=721 ms, used_size=12075008 bytes (29.5%)
(RDMA_READ_CONSUME_CHECK_CONSUMER) timestamp=721 ms, used_size=12072960 bytes (29.5%)
(RDMA_READ_CONSUME_CHECK_CONSUMER) timestamp=721 ms, used_size=12070912 bytes (29.5%)
(RDMA_READ_CONSUME_CHECK_CONSUMER) timestamp=721 ms, used_size=12068864 bytes (29.5%)
(RDMA_READ_CONSUME_CHECK_CONSUMER) timestamp=721 ms, used_size=12066816 bytes (29.5%)
(RDMA_READ_CONSUME_CHECK_CONSUMER) timestamp=721 ms, used_size=12064768 bytes (29.5%)
(RDMA_READ_CONSUME_CHECK_CONSUMER) timestamp=721 ms, used_size=12062720 bytes (29.4%)
(RDMA_READ_CONSUME_CHECK_CONSUMER) timestamp=721 ms, used_size=12060672 bytes (29.4%)
(RDMA_READ_CONSUME_CHECK_CONSUMER) timestamp=721 ms, used_size=12058624 bytes (29.4%)
(RDMA_READ_CONSUME_CHECK_CONSUMER) timestamp=721 ms, used_size=12056576 bytes (29.4%)
(RDMA_READ_CONSUME_CHECK_CONSUMER) timestamp=721 ms, used_size=12054528 bytes (29.4%)
(RDMA_READ_CONSUME_CHECK_CONSUMER) timestamp=721 ms, used_size=12052480 bytes (29.4%)
(RDMA_READ_CONSUME_CHECK_CONSUMER) timestamp=721 ms, used_size=12050432 bytes (29.4%)
(RDMA_READ_CONSUME_CHECK_CONSUMER) timestamp=721 ms, used_size=12048384 bytes (29.4%)
(RDMA_READ_CONSUME_CHECK_CONSUMER) timestamp=721 ms, used_size=12046336 bytes (29.4%)
(RDMA_READ_CONSUME_CHECK_CONSUMER) timestamp=721 ms, used_size=12044288 bytes (29.4%)
(RDMA_READ_CONSUME_CHECK_CONSUMER) timestamp=721 ms, used_size=12042240 bytes (29.4%)
(RDMA_READ_CONSUME_CHECK_CONSUMER) timestamp=721 ms, used_size=12040192 bytes (29.4%)
(RDMA_READ_CONSUME_CHECK_CONSUMER) timestamp=721 ms, used_size=12038144 bytes (29.4%)
(RDMA_READ_CONSUME_CHECK_CONSUMER) timestamp=721 ms, used_size=12036096 bytes (29.4%)
(RDMA_READ_CONSUME_CHECK_CONSUMER) timestamp=721 ms, used_size=12034048 bytes (29.4%)
(RDMA_READ_CONSUME_CHECK_CONSUMER) timestamp=721 ms, used_size=12032000 bytes (29.4%)
(RDMA_READ_CONSUME_CHECK_CONSUMER) timestamp=721 ms, used_size=12029952 bytes (29.4%)
(RDMA_READ_CONSUME_CHECK_CONSUMER) timestamp=721 ms, used_size=12027904 bytes (29.4%)
(RDMA_READ_CONSUME_CHECK_CONSUMER) timestamp=721 ms, used_size=12025856 bytes (29.4%)
(RDMA_READ_CONSUME_CHECK_CONSUMER) timestamp=721 ms, used_size=12023808 bytes (29.4%)
(RDMA_READ_CONSUME_CHECK_CONSUMER) timestamp=721 ms, used_size=12021760 bytes (29.4%)
(RDMA_READ_CONSUME_CHECK_CONSUMER) timestamp=721 ms, used_size=12019712 bytes (29.3%)
(RDMA_READ_CONSUME_CHECK_CONSUMER) timestamp=721 ms, used_size=12017664 bytes (29.3%)
(RDMA_READ_CONSUME_CHECK_CONSUMER) timestamp=721 ms, used_size=12015616 bytes (29.3%)
(RDMA_READ_CONSUME_CHECK_CONSUMER) timestamp=721 ms, used_size=12013568 bytes (29.3%)
(RDMA_READ_CONSUME_CHECK_CONSUMER) timestamp=721 ms, used_size=12011520 bytes (29.3%)
(RDMA_READ_CONSUME_CHECK_CONSUMER) timestamp=721 ms, used_size=12009472 bytes (29.3%)
(RDMA_READ_CONSUME_CHECK_CONSUMER) timestamp=721 ms, used_size=12007424 bytes (29.3%)
(RDMA_READ_CONSUME_CHECK_CONSUMER) timestamp=721 ms, used_size=12005376 bytes (29.3%)
(RDMA_READ_CONSUME_CHECK_CONSUMER) timestamp=721 ms, used_size=12003328 bytes (29.3%)
(RDMA_READ_CONSUME_CHECK_CONSUMER) timestamp=721 ms, used_size=12001280 bytes (29.3%)
(RDMA_READ_CONSUME_CHECK_CONSUMER) timestamp=721 ms, used_size=11999232 bytes (29.3%)
(RDMA_READ_CONSUME_CHECK_CONSUMER) timestamp=721 ms, used_size=11997184 bytes (29.3%)
(RDMA_READ_CONSUME_CHECK_CONSUMER) timestamp=721 ms, used_size=11995136 bytes (29.3%)
(RDMA_READ_CONSUME_CHECK_CONSUMER) timestamp=722 ms, used_size=11993088 bytes (29.3%)
(RDMA_READ_CONSUME_CHECK_CONSUMER) timestamp=722 ms, used_size=11991040 bytes (29.3%)
(RDMA_READ_CONSUME_CHECK_CONSUMER) timestamp=722 ms, used_size=11988992 bytes (29.3%)
(RDMA_READ_CONSUME_CHECK_CONSUMER) timestamp=722 ms, used_size=11986944 bytes (29.3%)
(RDMA_READ_CONSUME_CHECK_CONSUMER) timestamp=722 ms, used_size=11984896 bytes (29.3%)
(RDMA_READ_CONSUME_CHECK_CONSUMER) timestamp=722 ms, used_size=11982848 bytes (29.3%)
(RDMA_READ_CONSUME_CHECK_CONSUMER) timestamp=722 ms, used_size=11980800 bytes (29.2%)
(RDMA_READ_CONSUME_CHECK_CONSUMER) timestamp=722 ms, used_size=11978752 bytes (29.2%)
(RDMA_READ_CONSUME_CHECK_CONSUMER) timestamp=722 ms, used_size=11976704 bytes (29.2%)
(RDMA_READ_CONSUME_CHECK_CONSUMER) timestamp=722 ms, used_size=11974656 bytes (29.2%)
(RDMA_READ_CONSUME_CHECK_CONSUMER) timestamp=722 ms, used_size=11972608 bytes (29.2%)
(RDMA_READ_CONSUME_CHECK_CONSUMER) timestamp=722 ms, used_size=11970560 bytes (29.2%)
(RDMA_READ_CONSUME_CHECK_CONSUMER) timestamp=722 ms, used_size=11968512 bytes (29.2%)
(RDMA_READ_CONSUME_CHECK_CONSUMER) timestamp=722 ms, used_size=11966464 bytes (29.2%)
(RDMA_READ_CONSUME_CHECK_CONSUMER) timestamp=722 ms, used_size=11964416 bytes (29.2%)
(RDMA_READ_CONSUME_CHECK_CONSUMER) timestamp=722 ms, used_size=11962368 bytes (29.2%)
(RDMA_READ_CONSUME_CHECK_CONSUMER) timestamp=722 ms, used_size=11960320 bytes (29.2%)
(RDMA_READ_CONSUME_CHECK_CONSUMER) timestamp=722 ms, used_size=11958272 bytes (29.2%)
(RDMA_READ_CONSUME_CHECK_CONSUMER) timestamp=722 ms, used_size=11956224 bytes (29.2%)
(RDMA_READ_CONSUME_CHECK_CONSUMER) timestamp=722 ms, used_size=11954176 bytes (29.2%)
(RDMA_READ_CONSUME_CHECK_CONSUMER) timestamp=722 ms, used_size=11952128 bytes (29.2%)
(RDMA_READ_CONSUME_CHECK_CONSUMER) timestamp=722 ms, used_size=11950080 bytes (29.2%)
(RDMA_READ_CONSUME_CHECK_CONSUMER) timestamp=722 ms, used_size=11948032 bytes (29.2%)
(RDMA_READ_CONSUME_CHECK_CONSUMER) timestamp=722 ms, used_size=11945984 bytes (29.2%)
(RDMA_READ_CONSUME_CHECK_CONSUMER) timestamp=722 ms, used_size=11943936 bytes (29.2%)
(RDMA_READ_CONSUME_CHECK_CONSUMER) timestamp=722 ms, used_size=11941888 bytes (29.2%)
(RDMA_READ_CONSUME_CHECK_CONSUMER) timestamp=722 ms, used_size=11939840 bytes (29.1%)
(RDMA_READ_CONSUME_CHECK_CONSUMER) timestamp=722 ms, used_size=11937792 bytes (29.1%)
(RDMA_READ_CONSUME_CHECK_CONSUMER) timestamp=722 ms, used_size=11935744 bytes (29.1%)
(RDMA_READ_CONSUME_CHECK_CONSUMER) timestamp=722 ms, used_size=11933696 bytes (29.1%)
(RDMA_READ_CONSUME_CHECK_CONSUMER) timestamp=722 ms, used_size=11931648 bytes (29.1%)
(RDMA_READ_CONSUME_CHECK_CONSUMER) timestamp=722 ms, used_size=11929600 bytes (29.1%)
(RDMA_READ_CONSUME_CHECK_CONSUMER) timestamp=722 ms, used_size=11927552 bytes (29.1%)
(RDMA_READ_CONSUME_CHECK_CONSUMER) timestamp=722 ms, used_size=11925504 bytes (29.1%)
(RDMA_READ_CONSUME_CHECK_CONSUMER) timestamp=722 ms, used_size=11923456 bytes (29.1%)
(RDMA_READ_CONSUME_CHECK_CONSUMER) timestamp=722 ms, used_size=11921408 bytes (29.1%)
(RDMA_READ_CONSUME_CHECK_CONSUMER) timestamp=722 ms, used_size=11919360 bytes (29.1%)
(RDMA_READ_CONSUME_CHECK_CONSUMER) timestamp=722 ms, used_size=11917312 bytes (29.1%)
(RDMA_READ_CONSUME_CHECK_CONSUMER) timestamp=722 ms, used_size=11915264 bytes (29.1%)
(RDMA_READ_CONSUME_CHECK_CONSUMER) timestamp=722 ms, used_size=11913216 bytes (29.1%)
(RDMA_READ_CONSUME_CHECK_CONSUMER) timestamp=722 ms, used_size=11911168 bytes (29.1%)
(RDMA_READ_CONSUME_CHECK_CONSUMER) timestamp=722 ms, used_size=11909120 bytes (29.1%)
(RDMA_READ_CONSUME_CHECK_CONSUMER) timestamp=722 ms, used_size=11907072 bytes (29.1%)
(RDMA_READ_CONSUME_CHECK_CONSUMER) timestamp=722 ms, used_size=11905024 bytes (29.1%)
(RDMA_READ_CONSUME_CHECK_CONSUMER) timestamp=722 ms, used_size=11902976 bytes (29.1%)
(RDMA_READ_CONSUME_CHECK_CONSUMER) timestamp=722 ms, used_size=11900928 bytes (29.1%)
(RDMA_READ_CONSUME_CHECK_CONSUMER) timestamp=722 ms, used_size=11898880 bytes (29.1%)
(RDMA_READ_CONSUME_CHECK_CONSUMER) timestamp=722 ms, used_size=11896832 bytes (29.0%)
(RDMA_READ_CONSUME_CHECK_CONSUMER) timestamp=722 ms, used_size=11894784 bytes (29.0%)
(RDMA_READ_CONSUME_CHECK_CONSUMER) timestamp=722 ms, used_size=11892736 bytes (29.0%)
(RDMA_READ_CONSUME_CHECK_CONSUMER) timestamp=722 ms, used_size=11890688 bytes (29.0%)
(RDMA_READ_CONSUME_CHECK_CONSUMER) timestamp=722 ms, used_size=11888640 bytes (29.0%)
(RDMA_READ_CONSUME_CHECK_CONSUMER) timestamp=722 ms, used_size=11886592 bytes (29.0%)
(RDMA_READ_CONSUME_CHECK_CONSUMER) timestamp=722 ms, used_size=11884544 bytes (29.0%)
(RDMA_READ_CONSUME_CHECK_CONSUMER) timestamp=722 ms, used_size=11882496 bytes (29.0%)
(RDMA_READ_CONSUME_CHECK_CONSUMER) timestamp=722 ms, used_size=11880448 bytes (29.0%)
(RDMA_READ_CONSUME_CHECK_CONSUMER) timestamp=722 ms, used_size=11878400 bytes (29.0%)
(RDMA_READ_CONSUME_CHECK_CONSUMER) timestamp=722 ms, used_size=11876352 bytes (29.0%)
(RDMA_READ_CONSUME_CHECK_CONSUMER) timestamp=722 ms, used_size=11874304 bytes (29.0%)
(RDMA_READ_CONSUME_CHECK_CONSUMER) timestamp=722 ms, used_size=11872256 bytes (29.0%)
(RDMA_READ_CONSUME_CHECK_CONSUMER) timestamp=722 ms, used_size=11870208 bytes (29.0%)
(RDMA_READ_CONSUME_CHECK_CONSUMER) timestamp=722 ms, used_size=11868160 bytes (29.0%)
(RDMA_READ_CONSUME_CHECK_CONSUMER) timestamp=722 ms, used_size=11866112 bytes (29.0%)
(RDMA_READ_CONSUME_CHECK_CONSUMER) timestamp=722 ms, used_size=11864064 bytes (29.0%)
(RDMA_READ_CONSUME_CHECK_CONSUMER) timestamp=722 ms, used_size=11862016 bytes (29.0%)
(RDMA_READ_CONSUME_CHECK_CONSUMER) timestamp=722 ms, used_size=11859968 bytes (29.0%)
(RDMA_READ_CONSUME_CHECK_CONSUMER) timestamp=722 ms, used_size=11857920 bytes (28.9%)
(RDMA_READ_CONSUME_CHECK_CONSUMER) timestamp=722 ms, used_size=11855872 bytes (28.9%)
(RDMA_READ_CONSUME_CHECK_CONSUMER) timestamp=722 ms, used_size=11853824 bytes (28.9%)
(RDMA_READ_CONSUME_CHECK_CONSUMER) timestamp=722 ms, used_size=11851776 bytes (28.9%)
(RDMA_READ_CONSUME_CHECK_CONSUMER) timestamp=722 ms, used_size=11849728 bytes (28.9%)
(RDMA_READ_CONSUME_CHECK_CONSUMER) timestamp=722 ms, used_size=11847680 bytes (28.9%)
(RDMA_READ_CONSUME_CHECK_CONSUMER) timestamp=722 ms, used_size=11845632 bytes (28.9%)
(RDMA_READ_CONSUME_CHECK_CONSUMER) timestamp=722 ms, used_size=11843584 bytes (28.9%)
(RDMA_READ_CONSUME_CHECK_CONSUMER) timestamp=722 ms, used_size=11841536 bytes (28.9%)
(RDMA_READ_CONSUME_CHECK_CONSUMER) timestamp=722 ms, used_size=11839488 bytes (28.9%)
(RDMA_READ_CONSUME_CHECK_CONSUMER) timestamp=722 ms, used_size=11837440 bytes (28.9%)
(RDMA_READ_CONSUME_CHECK_CONSUMER) timestamp=722 ms, used_size=11835392 bytes (28.9%)
(RDMA_READ_CONSUME_CHECK_CONSUMER) timestamp=722 ms, used_size=11833344 bytes (28.9%)
(RDMA_READ_CONSUME_CHECK_CONSUMER) timestamp=722 ms, used_size=11831296 bytes (28.9%)
(RDMA_READ_CONSUME_CHECK_CONSUMER) timestamp=722 ms, used_size=11829248 bytes (28.9%)
(RDMA_READ_CONSUME_CHECK_CONSUMER) timestamp=722 ms, used_size=11827200 bytes (28.9%)
(RDMA_READ_CONSUME_CHECK_CONSUMER) timestamp=722 ms, used_size=11825152 bytes (28.9%)
(RDMA_READ_CONSUME_CHECK_CONSUMER) timestamp=722 ms, used_size=11823104 bytes (28.9%)
(RDMA_READ_CONSUME_CHECK_CONSUMER) timestamp=722 ms, used_size=11821056 bytes (28.9%)
(RDMA_READ_CONSUME_CHECK_CONSUMER) timestamp=722 ms, used_size=11819008 bytes (28.9%)
(RDMA_READ_CONSUME_CHECK_CONSUMER) timestamp=722 ms, used_size=11816960 bytes (28.9%)
(RDMA_READ_CONSUME_CHECK_CONSUMER) timestamp=722 ms, used_size=11814912 bytes (28.8%)
(RDMA_READ_CONSUME_CHECK_CONSUMER) timestamp=722 ms, used_size=11812864 bytes (28.8%)
(RDMA_READ_CONSUME_CHECK_CONSUMER) timestamp=722 ms, used_size=11810816 bytes (28.8%)
(RDMA_READ_CONSUME_CHECK_CONSUMER) timestamp=722 ms, used_size=11808768 bytes (28.8%)
(RDMA_READ_CONSUME_CHECK_CONSUMER) timestamp=722 ms, used_size=11806720 bytes (28.8%)
(RDMA_READ_CONSUME_CHECK_CONSUMER) timestamp=722 ms, used_size=11804672 bytes (28.8%)
(RDMA_READ_CONSUME_CHECK_CONSUMER) timestamp=722 ms, used_size=11802624 bytes (28.8%)
(RDMA_READ_CONSUME_CHECK_CONSUMER) timestamp=722 ms, used_size=11800576 bytes (28.8%)
(RDMA_READ_CONSUME_CHECK_CONSUMER) timestamp=722 ms, used_size=11798528 bytes (28.8%)
(RDMA_READ_CONSUME_CHECK_CONSUMER) timestamp=722 ms, used_size=11796480 bytes (28.8%)
(RDMA_READ_CONSUME_CHECK_CONSUMER) timestamp=722 ms, used_size=11794432 bytes (28.8%)
(RDMA_READ_CONSUME_CHECK_CONSUMER) timestamp=722 ms, used_size=11792384 bytes (28.8%)
(RDMA_READ_CONSUME_CHECK_CONSUMER) timestamp=722 ms, used_size=11790336 bytes (28.8%)
(RDMA_READ_CONSUME_CHECK_CONSUMER) timestamp=722 ms, used_size=11788288 bytes (28.8%)
(RDMA_READ_CONSUME_CHECK_CONSUMER) timestamp=722 ms, used_size=11786240 bytes (28.8%)
(RDMA_READ_CONSUME_CHECK_CONSUMER) timestamp=722 ms, used_size=11784192 bytes (28.8%)
(RDMA_READ_CONSUME_CHECK_CONSUMER) timestamp=722 ms, used_size=11782144 bytes (28.8%)
(RDMA_READ_CONSUME_CHECK_CONSUMER) timestamp=722 ms, used_size=11780096 bytes (28.8%)
(RDMA_READ_CONSUME_CHECK_CONSUMER) timestamp=722 ms, used_size=11778048 bytes (28.8%)
(RDMA_READ_CONSUME_CHECK_CONSUMER) timestamp=722 ms, used_size=11776000 bytes (28.8%)
(RDMA_READ_CONSUME_CHECK_CONSUMER) timestamp=722 ms, used_size=11773952 bytes (28.7%)
(RDMA_READ_CONSUME_CHECK_CONSUMER) timestamp=722 ms, used_size=11771904 bytes (28.7%)
(RDMA_READ_CONSUME_CHECK_CONSUMER) timestamp=722 ms, used_size=11769856 bytes (28.7%)
(RDMA_READ_CONSUME_CHECK_CONSUMER) timestamp=722 ms, used_size=11767808 bytes (28.7%)
(RDMA_READ_CONSUME_CHECK_CONSUMER) timestamp=722 ms, used_size=11765760 bytes (28.7%)
(RDMA_READ_CONSUME_CHECK_CONSUMER) timestamp=722 ms, used_size=11763712 bytes (28.7%)
(RDMA_READ_CONSUME_CHECK_CONSUMER) timestamp=722 ms, used_size=11761664 bytes (28.7%)
(RDMA_READ_CONSUME_CHECK_CONSUMER) timestamp=722 ms, used_size=11759616 bytes (28.7%)
(RDMA_READ_CONSUME_CHECK_CONSUMER) timestamp=722 ms, used_size=11757568 bytes (28.7%)
(RDMA_READ_CONSUME_CHECK_CONSUMER) timestamp=722 ms, used_size=11755520 bytes (28.7%)
(RDMA_READ_CONSUME_CHECK_CONSUMER) timestamp=722 ms, used_size=11753472 bytes (28.7%)
(RDMA_READ_CONSUME_CHECK_CONSUMER) timestamp=722 ms, used_size=11751424 bytes (28.7%)
(RDMA_READ_CONSUME_CHECK_CONSUMER) timestamp=722 ms, used_size=11749376 bytes (28.7%)
(RDMA_READ_CONSUME_CHECK_CONSUMER) timestamp=722 ms, used_size=11747328 bytes (28.7%)
(RDMA_READ_CONSUME_CHECK_CONSUMER) timestamp=722 ms, used_size=11745280 bytes (28.7%)
(RDMA_READ_CONSUME_CHECK_CONSUMER) timestamp=722 ms, used_size=11743232 bytes (28.7%)
(RDMA_READ_CONSUME_CHECK_CONSUMER) timestamp=722 ms, used_size=11741184 bytes (28.7%)
(RDMA_READ_CONSUME_CHECK_CONSUMER) timestamp=722 ms, used_size=11739136 bytes (28.7%)
(RDMA_READ_CONSUME_CHECK_CONSUMER) timestamp=722 ms, used_size=11737088 bytes (28.7%)
(RDMA_READ_CONSUME_CHECK_CONSUMER) timestamp=722 ms, used_size=11735040 bytes (28.6%)
(RDMA_READ_CONSUME_CHECK_CONSUMER) timestamp=722 ms, used_size=11732992 bytes (28.6%)
(RDMA_READ_CONSUME_CHECK_CONSUMER) timestamp=722 ms, used_size=11730944 bytes (28.6%)
(RDMA_READ_CONSUME_CHECK_CONSUMER) timestamp=722 ms, used_size=11728896 bytes (28.6%)
(RDMA_READ_CONSUME_CHECK_CONSUMER) timestamp=722 ms, used_size=11726848 bytes (28.6%)
(RDMA_READ_CONSUME_CHECK_CONSUMER) timestamp=722 ms, used_size=11724800 bytes (28.6%)
(RDMA_READ_CONSUME_CHECK_CONSUMER) timestamp=722 ms, used_size=11722752 bytes (28.6%)
(RDMA_READ_CONSUME_CHECK_CONSUMER) timestamp=722 ms, used_size=11720704 bytes (28.6%)
(RDMA_READ_CONSUME_CHECK_CONSUMER) timestamp=722 ms, used_size=11718656 bytes (28.6%)
(RDMA_READ_CONSUME_CHECK_CONSUMER) timestamp=722 ms, used_size=11716608 bytes (28.6%)
(RDMA_READ_CONSUME_CHECK_CONSUMER) timestamp=722 ms, used_size=11714560 bytes (28.6%)
(RDMA_READ_CONSUME_CHECK_CONSUMER) timestamp=722 ms, used_size=11712512 bytes (28.6%)
(RDMA_READ_CONSUME_CHECK_CONSUMER) timestamp=722 ms, used_size=11710464 bytes (28.6%)
(RDMA_READ_CONSUME_CHECK_CONSUMER) timestamp=722 ms, used_size=11708416 bytes (28.6%)
(RDMA_READ_CONSUME_CHECK_CONSUMER) timestamp=722 ms, used_size=11706368 bytes (28.6%)
(RDMA_READ_CONSUME_CHECK_CONSUMER) timestamp=722 ms, used_size=11704320 bytes (28.6%)
(RDMA_READ_CONSUME_CHECK_CONSUMER) timestamp=722 ms, used_size=11702272 bytes (28.6%)
(RDMA_READ_CONSUME_CHECK_CONSUMER) timestamp=722 ms, used_size=11700224 bytes (28.6%)
(RDMA_READ_CONSUME_CHECK_CONSUMER) timestamp=722 ms, used_size=11698176 bytes (28.6%)
(RDMA_READ_CONSUME_CHECK_CONSUMER) timestamp=722 ms, used_size=11696128 bytes (28.6%)
(RDMA_READ_CONSUME_CHECK_CONSUMER) timestamp=722 ms, used_size=11694080 bytes (28.6%)
(RDMA_READ_CONSUME_CHECK_CONSUMER) timestamp=722 ms, used_size=11692032 bytes (28.5%)
(RDMA_READ_CONSUME_CHECK_CONSUMER) timestamp=722 ms, used_size=11689984 bytes (28.5%)
(RDMA_READ_CONSUME_CHECK_CONSUMER) timestamp=722 ms, used_size=11687936 bytes (28.5%)
(RDMA_READ_CONSUME_CHECK_CONSUMER) timestamp=722 ms, used_size=11685888 bytes (28.5%)
(RDMA_READ_CONSUME_CHECK_CONSUMER) timestamp=722 ms, used_size=11683840 bytes (28.5%)
(RDMA_READ_CONSUME_CHECK_CONSUMER) timestamp=722 ms, used_size=11681792 bytes (28.5%)
(RDMA_READ_CONSUME_CHECK_CONSUMER) timestamp=722 ms, used_size=11679744 bytes (28.5%)
(RDMA_READ_CONSUME_CHECK_CONSUMER) timestamp=722 ms, used_size=11677696 bytes (28.5%)
(RDMA_READ_CONSUME_CHECK_CONSUMER) timestamp=722 ms, used_size=11675648 bytes (28.5%)
(RDMA_READ_CONSUME_CHECK_CONSUMER) timestamp=722 ms, used_size=11673600 bytes (28.5%)
(RDMA_READ_CONSUME_CHECK_CONSUMER) timestamp=722 ms, used_size=11671552 bytes (28.5%)
(RDMA_READ_CONSUME_CHECK_CONSUMER) timestamp=722 ms, used_size=11669504 bytes (28.5%)
(RDMA_READ_CONSUME_CHECK_CONSUMER) timestamp=722 ms, used_size=11667456 bytes (28.5%)
(RDMA_READ_CONSUME_CHECK_CONSUMER) timestamp=722 ms, used_size=11665408 bytes (28.5%)
(RDMA_READ_CONSUME_CHECK_CONSUMER) timestamp=722 ms, used_size=11663360 bytes (28.5%)
(RDMA_READ_CONSUME_CHECK_CONSUMER) timestamp=722 ms, used_size=11661312 bytes (28.5%)
(RDMA_READ_CONSUME_CHECK_CONSUMER) timestamp=722 ms, used_size=11659264 bytes (28.5%)
(RDMA_READ_CONSUME_CHECK_CONSUMER) timestamp=722 ms, used_size=11657216 bytes (28.5%)
(RDMA_READ_CONSUME_CHECK_CONSUMER) timestamp=722 ms, used_size=11655168 bytes (28.5%)
(RDMA_READ_CONSUME_CHECK_CONSUMER) timestamp=722 ms, used_size=11653120 bytes (28.4%)
(RDMA_READ_CONSUME_CHECK_CONSUMER) timestamp=722 ms, used_size=11651072 bytes (28.4%)
(RDMA_READ_CONSUME_CHECK_CONSUMER) timestamp=722 ms, used_size=11649024 bytes (28.4%)
(RDMA_READ_CONSUME_CHECK_CONSUMER) timestamp=722 ms, used_size=11646976 bytes (28.4%)
(RDMA_READ_CONSUME_CHECK_CONSUMER) timestamp=722 ms, used_size=11644928 bytes (28.4%)
(RDMA_READ_CONSUME_CHECK_CONSUMER) timestamp=722 ms, used_size=11642880 bytes (28.4%)
(RDMA_READ_CONSUME_CHECK_CONSUMER) timestamp=722 ms, used_size=11640832 bytes (28.4%)
(RDMA_READ_CONSUME_CHECK_CONSUMER) timestamp=722 ms, used_size=11638784 bytes (28.4%)
(RDMA_READ_CONSUME_CHECK_CONSUMER) timestamp=722 ms, used_size=11636736 bytes (28.4%)
(RDMA_READ_CONSUME_CHECK_CONSUMER) timestamp=722 ms, used_size=11634688 bytes (28.4%)
(RDMA_READ_CONSUME_CHECK_CONSUMER) timestamp=722 ms, used_size=11632640 bytes (28.4%)
(RDMA_READ_CONSUME_CHECK_CONSUMER) timestamp=722 ms, used_size=11630592 bytes (28.4%)
(RDMA_READ_CONSUME_CHECK_CONSUMER) timestamp=722 ms, used_size=11628544 bytes (28.4%)
(RDMA_READ_CONSUME_CHECK_CONSUMER) timestamp=722 ms, used_size=11626496 bytes (28.4%)
(RDMA_READ_CONSUME_CHECK_CONSUMER) timestamp=722 ms, used_size=11624448 bytes (28.4%)
(RDMA_READ_CONSUME_CHECK_CONSUMER) timestamp=722 ms, used_size=11622400 bytes (28.4%)
(RDMA_READ_CONSUME_CHECK_CONSUMER) timestamp=722 ms, used_size=11620352 bytes (28.4%)
(RDMA_READ_CONSUME_CHECK_CONSUMER) timestamp=722 ms, used_size=11618304 bytes (28.4%)
(RDMA_READ_CONSUME_CHECK_CONSUMER) timestamp=722 ms, used_size=11616256 bytes (28.4%)
(RDMA_READ_CONSUME_CHECK_CONSUMER) timestamp=722 ms, used_size=11614208 bytes (28.4%)
(RDMA_READ_CONSUME_CHECK_CONSUMER) timestamp=723 ms, used_size=11612160 bytes (28.4%)
(RDMA_READ_CONSUME_CHECK_CONSUMER) timestamp=723 ms, used_size=11610112 bytes (28.3%)
(RDMA_READ_CONSUME_CHECK_CONSUMER) timestamp=723 ms, used_size=11608064 bytes (28.3%)
(RDMA_READ_CONSUME_CHECK_CONSUMER) timestamp=723 ms, used_size=11606016 bytes (28.3%)
(RDMA_READ_CONSUME_CHECK_CONSUMER) timestamp=723 ms, used_size=11603968 bytes (28.3%)
(RDMA_READ_CONSUME_CHECK_CONSUMER) timestamp=723 ms, used_size=11601920 bytes (28.3%)
(RDMA_READ_CONSUME_CHECK_CONSUMER) timestamp=723 ms, used_size=11599872 bytes (28.3%)
(RDMA_READ_CONSUME_CHECK_CONSUMER) timestamp=723 ms, used_size=11597824 bytes (28.3%)
(RDMA_READ_CONSUME_CHECK_CONSUMER) timestamp=723 ms, used_size=11595776 bytes (28.3%)
(RDMA_READ_CONSUME_CHECK_CONSUMER) timestamp=723 ms, used_size=11593728 bytes (28.3%)
(RDMA_READ_CONSUME_CHECK_CONSUMER) timestamp=723 ms, used_size=11591680 bytes (28.3%)
(RDMA_READ_CONSUME_CHECK_CONSUMER) timestamp=723 ms, used_size=11589632 bytes (28.3%)
(RDMA_READ_CONSUME_CHECK_CONSUMER) timestamp=723 ms, used_size=11587584 bytes (28.3%)
(RDMA_READ_CONSUME_CHECK_CONSUMER) timestamp=723 ms, used_size=11585536 bytes (28.3%)
(RDMA_READ_CONSUME_CHECK_CONSUMER) timestamp=723 ms, used_size=11583488 bytes (28.3%)
(RDMA_READ_CONSUME_CHECK_CONSUMER) timestamp=723 ms, used_size=11581440 bytes (28.3%)
(RDMA_READ_CONSUME_CHECK_CONSUMER) timestamp=723 ms, used_size=11579392 bytes (28.3%)
(RDMA_READ_CONSUME_CHECK_CONSUMER) timestamp=723 ms, used_size=11577344 bytes (28.3%)
(RDMA_READ_CONSUME_CHECK_CONSUMER) timestamp=723 ms, used_size=11575296 bytes (28.3%)
(RDMA_READ_CONSUME_CHECK_CONSUMER) timestamp=723 ms, used_size=11573248 bytes (28.3%)
(RDMA_READ_CONSUME_CHECK_CONSUMER) timestamp=723 ms, used_size=11571200 bytes (28.2%)
(RDMA_READ_CONSUME_CHECK_CONSUMER) timestamp=723 ms, used_size=11569152 bytes (28.2%)
(RDMA_READ_CONSUME_CHECK_CONSUMER) timestamp=723 ms, used_size=11567104 bytes (28.2%)
(RDMA_READ_CONSUME_CHECK_CONSUMER) timestamp=723 ms, used_size=11565056 bytes (28.2%)
(RDMA_READ_CONSUME_CHECK_CONSUMER) timestamp=723 ms, used_size=11563008 bytes (28.2%)
(RDMA_READ_CONSUME_CHECK_CONSUMER) timestamp=723 ms, used_size=11560960 bytes (28.2%)
(RDMA_READ_CONSUME_CHECK_CONSUMER) timestamp=723 ms, used_size=11558912 bytes (28.2%)
(RDMA_READ_CONSUME_CHECK_CONSUMER) timestamp=723 ms, used_size=11556864 bytes (28.2%)
(RDMA_READ_CONSUME_CHECK_CONSUMER) timestamp=723 ms, used_size=11554816 bytes (28.2%)
(RDMA_READ_CONSUME_CHECK_CONSUMER) timestamp=723 ms, used_size=11552768 bytes (28.2%)
(RDMA_READ_CONSUME_CHECK_CONSUMER) timestamp=723 ms, used_size=11550720 bytes (28.2%)
(RDMA_READ_CONSUME_CHECK_CONSUMER) timestamp=723 ms, used_size=11548672 bytes (28.2%)
(RDMA_READ_CONSUME_CHECK_CONSUMER) timestamp=723 ms, used_size=11546624 bytes (28.2%)
(RDMA_READ_CONSUME_CHECK_CONSUMER) timestamp=723 ms, used_size=11544576 bytes (28.2%)
(RDMA_READ_CONSUME_CHECK_CONSUMER) timestamp=723 ms, used_size=11542528 bytes (28.2%)
(RDMA_READ_CONSUME_CHECK_CONSUMER) timestamp=723 ms, used_size=11540480 bytes (28.2%)
(RDMA_READ_CONSUME_CHECK_CONSUMER) timestamp=723 ms, used_size=11538432 bytes (28.2%)
(RDMA_READ_CONSUME_CHECK_CONSUMER) timestamp=723 ms, used_size=11536384 bytes (28.2%)
(RDMA_READ_CONSUME_CHECK_CONSUMER) timestamp=723 ms, used_size=11534336 bytes (28.2%)
(RDMA_READ_CONSUME_CHECK_CONSUMER) timestamp=723 ms, used_size=11532288 bytes (28.2%)
(RDMA_READ_CONSUME_CHECK_CONSUMER) timestamp=723 ms, used_size=11530240 bytes (28.1%)
(RDMA_READ_CONSUME_CHECK_CONSUMER) timestamp=723 ms, used_size=11528192 bytes (28.1%)
(RDMA_READ_CONSUME_CHECK_CONSUMER) timestamp=723 ms, used_size=11526144 bytes (28.1%)
(RDMA_READ_CONSUME_CHECK_CONSUMER) timestamp=723 ms, used_size=11524096 bytes (28.1%)
(RDMA_READ_CONSUME_CHECK_CONSUMER) timestamp=723 ms, used_size=11522048 bytes (28.1%)
(RDMA_READ_CONSUME_CHECK_CONSUMER) timestamp=723 ms, used_size=11520000 bytes (28.1%)
(RDMA_READ_CONSUME_CHECK_CONSUMER) timestamp=723 ms, used_size=11517952 bytes (28.1%)
(RDMA_READ_CONSUME_CHECK_CONSUMER) timestamp=723 ms, used_size=11515904 bytes (28.1%)
(RDMA_READ_CONSUME_CHECK_CONSUMER) timestamp=723 ms, used_size=11513856 bytes (28.1%)
(RDMA_READ_CONSUME_CHECK_CONSUMER) timestamp=723 ms, used_size=11511808 bytes (28.1%)
(RDMA_READ_CONSUME_CHECK_CONSUMER) timestamp=723 ms, used_size=11509760 bytes (28.1%)
(RDMA_READ_CONSUME_CHECK_CONSUMER) timestamp=723 ms, used_size=11507712 bytes (28.1%)
(RDMA_READ_CONSUME_CHECK_CONSUMER) timestamp=723 ms, used_size=11505664 bytes (28.1%)
(RDMA_READ_CONSUME_CHECK_CONSUMER) timestamp=723 ms, used_size=11503616 bytes (28.1%)
(RDMA_READ_CONSUME_CHECK_CONSUMER) timestamp=723 ms, used_size=11501568 bytes (28.1%)
(RDMA_READ_CONSUME_CHECK_CONSUMER) timestamp=723 ms, used_size=11499520 bytes (28.1%)
(RDMA_READ_CONSUME_CHECK_CONSUMER) timestamp=723 ms, used_size=11497472 bytes (28.1%)
(RDMA_READ_CONSUME_CHECK_CONSUMER) timestamp=723 ms, used_size=11495424 bytes (28.1%)
(RDMA_READ_CONSUME_CHECK_CONSUMER) timestamp=723 ms, used_size=11493376 bytes (28.1%)
(RDMA_READ_CONSUME_CHECK_CONSUMER) timestamp=723 ms, used_size=11491328 bytes (28.1%)
(RDMA_READ_CONSUME_CHECK_CONSUMER) timestamp=723 ms, used_size=11489280 bytes (28.1%)
(RDMA_READ_CONSUME_CHECK_CONSUMER) timestamp=723 ms, used_size=11487232 bytes (28.0%)
(RDMA_READ_CONSUME_CHECK_CONSUMER) timestamp=723 ms, used_size=11485184 bytes (28.0%)
(RDMA_READ_CONSUME_CHECK_CONSUMER) timestamp=723 ms, used_size=11483136 bytes (28.0%)
(RDMA_READ_CONSUME_CHECK_CONSUMER) timestamp=723 ms, used_size=11481088 bytes (28.0%)
(RDMA_READ_CONSUME_CHECK_CONSUMER) timestamp=723 ms, used_size=11479040 bytes (28.0%)
(RDMA_READ_CONSUME_CHECK_CONSUMER) timestamp=723 ms, used_size=11476992 bytes (28.0%)
(RDMA_READ_CONSUME_CHECK_CONSUMER) timestamp=723 ms, used_size=11474944 bytes (28.0%)
(RDMA_READ_CONSUME_CHECK_CONSUMER) timestamp=723 ms, used_size=11472896 bytes (28.0%)
(RDMA_READ_CONSUME_CHECK_CONSUMER) timestamp=723 ms, used_size=11470848 bytes (28.0%)
(RDMA_READ_CONSUME_CHECK_CONSUMER) timestamp=723 ms, used_size=11468800 bytes (28.0%)
(RDMA_READ_CONSUME_CHECK_CONSUMER) timestamp=723 ms, used_size=11466752 bytes (28.0%)
(RDMA_READ_CONSUME_CHECK_CONSUMER) timestamp=723 ms, used_size=11464704 bytes (28.0%)
(RDMA_READ_CONSUME_CHECK_CONSUMER) timestamp=723 ms, used_size=11462656 bytes (28.0%)
(RDMA_READ_CONSUME_CHECK_CONSUMER) timestamp=723 ms, used_size=11460608 bytes (28.0%)
(RDMA_READ_CONSUME_CHECK_CONSUMER) timestamp=723 ms, used_size=11458560 bytes (28.0%)
(RDMA_READ_CONSUME_CHECK_CONSUMER) timestamp=723 ms, used_size=11456512 bytes (28.0%)
(RDMA_READ_CONSUME_CHECK_CONSUMER) timestamp=723 ms, used_size=11454464 bytes (28.0%)
(RDMA_READ_CONSUME_CHECK_CONSUMER) timestamp=723 ms, used_size=11452416 bytes (28.0%)
(RDMA_READ_CONSUME_CHECK_CONSUMER) timestamp=723 ms, used_size=11450368 bytes (28.0%)
(RDMA_READ_CONSUME_CHECK_CONSUMER) timestamp=723 ms, used_size=11448320 bytes (27.9%)
(RDMA_READ_CONSUME_CHECK_CONSUMER) timestamp=723 ms, used_size=11446272 bytes (27.9%)
(RDMA_READ_CONSUME_CHECK_CONSUMER) timestamp=723 ms, used_size=11444224 bytes (27.9%)
(RDMA_READ_CONSUME_CHECK_CONSUMER) timestamp=723 ms, used_size=11442176 bytes (27.9%)
(RDMA_READ_CONSUME_CHECK_CONSUMER) timestamp=723 ms, used_size=11440128 bytes (27.9%)
(RDMA_READ_CONSUME_CHECK_CONSUMER) timestamp=723 ms, used_size=11438080 bytes (27.9%)
(RDMA_READ_CONSUME_CHECK_CONSUMER) timestamp=723 ms, used_size=11436032 bytes (27.9%)
(RDMA_READ_CONSUME_CHECK_CONSUMER) timestamp=723 ms, used_size=11433984 bytes (27.9%)
(RDMA_READ_CONSUME_CHECK_CONSUMER) timestamp=723 ms, used_size=11431936 bytes (27.9%)
(RDMA_READ_CONSUME_CHECK_CONSUMER) timestamp=723 ms, used_size=11429888 bytes (27.9%)
(RDMA_READ_CONSUME_CHECK_CONSUMER) timestamp=723 ms, used_size=11427840 bytes (27.9%)
(RDMA_READ_CONSUME_CHECK_CONSUMER) timestamp=723 ms, used_size=11425792 bytes (27.9%)
(RDMA_READ_CONSUME_CHECK_CONSUMER) timestamp=723 ms, used_size=11423744 bytes (27.9%)
(RDMA_READ_CONSUME_CHECK_CONSUMER) timestamp=723 ms, used_size=11421696 bytes (27.9%)
(RDMA_READ_CONSUME_CHECK_CONSUMER) timestamp=723 ms, used_size=11419648 bytes (27.9%)
(RDMA_READ_CONSUME_CHECK_CONSUMER) timestamp=723 ms, used_size=11417600 bytes (27.9%)
(RDMA_READ_CONSUME_CHECK_CONSUMER) timestamp=723 ms, used_size=11415552 bytes (27.9%)
(RDMA_READ_CONSUME_CHECK_CONSUMER) timestamp=723 ms, used_size=11413504 bytes (27.9%)
(RDMA_READ_CONSUME_CHECK_CONSUMER) timestamp=723 ms, used_size=11411456 bytes (27.9%)
(RDMA_READ_CONSUME_CHECK_CONSUMER) timestamp=723 ms, used_size=11409408 bytes (27.9%)
(RDMA_READ_CONSUME_CHECK_CONSUMER) timestamp=723 ms, used_size=11407360 bytes (27.9%)
(RDMA_READ_CONSUME_CHECK_CONSUMER) timestamp=723 ms, used_size=11405312 bytes (27.8%)
(RDMA_READ_CONSUME_CHECK_CONSUMER) timestamp=723 ms, used_size=11403264 bytes (27.8%)
(RDMA_READ_CONSUME_CHECK_CONSUMER) timestamp=723 ms, used_size=11401216 bytes (27.8%)
(RDMA_READ_CONSUME_CHECK_CONSUMER) timestamp=723 ms, used_size=11399168 bytes (27.8%)
(RDMA_READ_CONSUME_CHECK_CONSUMER) timestamp=723 ms, used_size=11397120 bytes (27.8%)
(RDMA_READ_CONSUME_CHECK_CONSUMER) timestamp=723 ms, used_size=11395072 bytes (27.8%)
(RDMA_READ_CONSUME_CHECK_CONSUMER) timestamp=723 ms, used_size=11393024 bytes (27.8%)
(RDMA_READ_CONSUME_CHECK_CONSUMER) timestamp=723 ms, used_size=11390976 bytes (27.8%)
(RDMA_READ_CONSUME_CHECK_CONSUMER) timestamp=723 ms, used_size=11388928 bytes (27.8%)
(RDMA_READ_CONSUME_CHECK_CONSUMER) timestamp=723 ms, used_size=11386880 bytes (27.8%)
(RDMA_READ_CONSUME_CHECK_CONSUMER) timestamp=723 ms, used_size=11384832 bytes (27.8%)
(RDMA_READ_CONSUME_CHECK_CONSUMER) timestamp=723 ms, used_size=11382784 bytes (27.8%)
(RDMA_READ_CONSUME_CHECK_CONSUMER) timestamp=723 ms, used_size=11380736 bytes (27.8%)
(RDMA_READ_CONSUME_CHECK_CONSUMER) timestamp=723 ms, used_size=11378688 bytes (27.8%)
(RDMA_READ_CONSUME_CHECK_CONSUMER) timestamp=723 ms, used_size=11376640 bytes (27.8%)
(RDMA_READ_CONSUME_CHECK_CONSUMER) timestamp=723 ms, used_size=11374592 bytes (27.8%)
(RDMA_READ_CONSUME_CHECK_CONSUMER) timestamp=723 ms, used_size=11372544 bytes (27.8%)
(RDMA_READ_CONSUME_CHECK_CONSUMER) timestamp=723 ms, used_size=11370496 bytes (27.8%)
(RDMA_READ_CONSUME_CHECK_CONSUMER) timestamp=723 ms, used_size=11368448 bytes (27.8%)
(RDMA_READ_CONSUME_CHECK_CONSUMER) timestamp=723 ms, used_size=11366400 bytes (27.8%)
(RDMA_READ_CONSUME_CHECK_CONSUMER) timestamp=723 ms, used_size=11364352 bytes (27.7%)
(RDMA_READ_CONSUME_CHECK_CONSUMER) timestamp=723 ms, used_size=11362304 bytes (27.7%)
(RDMA_READ_CONSUME_CHECK_CONSUMER) timestamp=723 ms, used_size=11360256 bytes (27.7%)
(RDMA_READ_CONSUME_CHECK_CONSUMER) timestamp=723 ms, used_size=11358208 bytes (27.7%)
(RDMA_READ_CONSUME_CHECK_CONSUMER) timestamp=723 ms, used_size=11356160 bytes (27.7%)
(RDMA_READ_CONSUME_CHECK_CONSUMER) timestamp=723 ms, used_size=11354112 bytes (27.7%)
(RDMA_READ_CONSUME_CHECK_CONSUMER) timestamp=723 ms, used_size=11352064 bytes (27.7%)
(RDMA_READ_CONSUME_CHECK_CONSUMER) timestamp=723 ms, used_size=11350016 bytes (27.7%)
(RDMA_READ_CONSUME_CHECK_CONSUMER) timestamp=723 ms, used_size=11347968 bytes (27.7%)
(RDMA_READ_CONSUME_CHECK_CONSUMER) timestamp=723 ms, used_size=11345920 bytes (27.7%)
(RDMA_READ_CONSUME_CHECK_CONSUMER) timestamp=723 ms, used_size=11343872 bytes (27.7%)
(RDMA_READ_CONSUME_CHECK_CONSUMER) timestamp=723 ms, used_size=11341824 bytes (27.7%)
(RDMA_READ_CONSUME_CHECK_CONSUMER) timestamp=723 ms, used_size=11339776 bytes (27.7%)
(RDMA_READ_CONSUME_CHECK_CONSUMER) timestamp=723 ms, used_size=11337728 bytes (27.7%)
(RDMA_READ_CONSUME_CHECK_CONSUMER) timestamp=723 ms, used_size=11335680 bytes (27.7%)
(RDMA_READ_CONSUME_CHECK_CONSUMER) timestamp=723 ms, used_size=11333632 bytes (27.7%)
(RDMA_READ_CONSUME_CHECK_CONSUMER) timestamp=723 ms, used_size=11331584 bytes (27.7%)
(RDMA_READ_CONSUME_CHECK_CONSUMER) timestamp=723 ms, used_size=11329536 bytes (27.7%)
(RDMA_READ_CONSUME_CHECK_CONSUMER) timestamp=723 ms, used_size=11327488 bytes (27.7%)
(RDMA_READ_CONSUME_CHECK_CONSUMER) timestamp=723 ms, used_size=11325440 bytes (27.6%)
(RDMA_READ_CONSUME_CHECK_CONSUMER) timestamp=723 ms, used_size=11323392 bytes (27.6%)
(RDMA_READ_CONSUME_CHECK_CONSUMER) timestamp=723 ms, used_size=11321344 bytes (27.6%)
(RDMA_READ_CONSUME_CHECK_CONSUMER) timestamp=723 ms, used_size=11319296 bytes (27.6%)
(RDMA_READ_CONSUME_CHECK_CONSUMER) timestamp=723 ms, used_size=11317248 bytes (27.6%)
(RDMA_READ_CONSUME_CHECK_CONSUMER) timestamp=723 ms, used_size=11315200 bytes (27.6%)
(RDMA_READ_CONSUME_CHECK_CONSUMER) timestamp=723 ms, used_size=11313152 bytes (27.6%)
(RDMA_READ_CONSUME_CHECK_CONSUMER) timestamp=723 ms, used_size=11311104 bytes (27.6%)
(RDMA_READ_CONSUME_CHECK_CONSUMER) timestamp=723 ms, used_size=11309056 bytes (27.6%)
(RDMA_READ_CONSUME_CHECK_CONSUMER) timestamp=723 ms, used_size=11307008 bytes (27.6%)
(RDMA_READ_CONSUME_CHECK_CONSUMER) timestamp=723 ms, used_size=11304960 bytes (27.6%)
(RDMA_READ_CONSUME_CHECK_CONSUMER) timestamp=723 ms, used_size=11302912 bytes (27.6%)
(RDMA_READ_CONSUME_CHECK_CONSUMER) timestamp=723 ms, used_size=11300864 bytes (27.6%)
(RDMA_READ_CONSUME_CHECK_CONSUMER) timestamp=723 ms, used_size=11298816 bytes (27.6%)
(RDMA_READ_CONSUME_CHECK_CONSUMER) timestamp=723 ms, used_size=11296768 bytes (27.6%)
(RDMA_READ_CONSUME_CHECK_CONSUMER) timestamp=723 ms, used_size=11294720 bytes (27.6%)
(RDMA_READ_CONSUME_CHECK_CONSUMER) timestamp=723 ms, used_size=11292672 bytes (27.6%)
(RDMA_READ_CONSUME_CHECK_CONSUMER) timestamp=723 ms, used_size=11290624 bytes (27.6%)
(RDMA_READ_CONSUME_CHECK_CONSUMER) timestamp=723 ms, used_size=11288576 bytes (27.6%)
(RDMA_READ_CONSUME_CHECK_CONSUMER) timestamp=723 ms, used_size=11286528 bytes (27.6%)
(RDMA_READ_CONSUME_CHECK_CONSUMER) timestamp=723 ms, used_size=11284480 bytes (27.6%)
(RDMA_READ_CONSUME_CHECK_CONSUMER) timestamp=723 ms, used_size=11282432 bytes (27.5%)
(RDMA_READ_CONSUME_CHECK_CONSUMER) timestamp=723 ms, used_size=11280384 bytes (27.5%)
(RDMA_READ_CONSUME_CHECK_CONSUMER) timestamp=723 ms, used_size=11278336 bytes (27.5%)
(RDMA_READ_CONSUME_CHECK_CONSUMER) timestamp=723 ms, used_size=11276288 bytes (27.5%)
(RDMA_READ_CONSUME_CHECK_CONSUMER) timestamp=723 ms, used_size=11274240 bytes (27.5%)
(RDMA_READ_CONSUME_CHECK_CONSUMER) timestamp=723 ms, used_size=11272192 bytes (27.5%)
(RDMA_READ_CONSUME_CHECK_CONSUMER) timestamp=723 ms, used_size=11270144 bytes (27.5%)
(RDMA_READ_CONSUME_CHECK_CONSUMER) timestamp=723 ms, used_size=11268096 bytes (27.5%)
(RDMA_READ_CONSUME_CHECK_CONSUMER) timestamp=723 ms, used_size=11266048 bytes (27.5%)
(RDMA_READ_CONSUME_CHECK_CONSUMER) timestamp=723 ms, used_size=11264000 bytes (27.5%)
(RDMA_READ_CONSUME_CHECK_CONSUMER) timestamp=723 ms, used_size=11261952 bytes (27.5%)
(RDMA_READ_CONSUME_CHECK_CONSUMER) timestamp=723 ms, used_size=11259904 bytes (27.5%)
(RDMA_READ_CONSUME_CHECK_CONSUMER) timestamp=723 ms, used_size=11257856 bytes (27.5%)
(RDMA_READ_CONSUME_CHECK_CONSUMER) timestamp=723 ms, used_size=11255808 bytes (27.5%)
(RDMA_READ_CONSUME_CHECK_CONSUMER) timestamp=723 ms, used_size=11253760 bytes (27.5%)
(RDMA_READ_CONSUME_CHECK_CONSUMER) timestamp=723 ms, used_size=11251712 bytes (27.5%)
(RDMA_READ_CONSUME_CHECK_CONSUMER) timestamp=723 ms, used_size=11249664 bytes (27.5%)
(RDMA_READ_CONSUME_CHECK_CONSUMER) timestamp=723 ms, used_size=11247616 bytes (27.5%)
(RDMA_READ_CONSUME_CHECK_CONSUMER) timestamp=723 ms, used_size=11245568 bytes (27.5%)
(RDMA_READ_CONSUME_CHECK_CONSUMER) timestamp=723 ms, used_size=11243520 bytes (27.4%)
(RDMA_READ_CONSUME_CHECK_CONSUMER) timestamp=723 ms, used_size=11241472 bytes (27.4%)
(RDMA_READ_CONSUME_CHECK_CONSUMER) timestamp=723 ms, used_size=11239424 bytes (27.4%)
(RDMA_READ_CONSUME_CHECK_CONSUMER) timestamp=723 ms, used_size=11237376 bytes (27.4%)
(RDMA_READ_CONSUME_CHECK_CONSUMER) timestamp=723 ms, used_size=11235328 bytes (27.4%)
(RDMA_READ_CONSUME_CHECK_CONSUMER) timestamp=723 ms, used_size=11233280 bytes (27.4%)
(RDMA_READ_CONSUME_CHECK_CONSUMER) timestamp=723 ms, used_size=11231232 bytes (27.4%)
(RDMA_READ_CONSUME_CHECK_CONSUMER) timestamp=724 ms, used_size=11229184 bytes (27.4%)
(RDMA_READ_CONSUME_CHECK_CONSUMER) timestamp=724 ms, used_size=11227136 bytes (27.4%)
(RDMA_READ_CONSUME_CHECK_CONSUMER) timestamp=724 ms, used_size=11225088 bytes (27.4%)
(RDMA_READ_CONSUME_CHECK_CONSUMER) timestamp=724 ms, used_size=11223040 bytes (27.4%)
(RDMA_READ_CONSUME_CHECK_CONSUMER) timestamp=724 ms, used_size=11220992 bytes (27.4%)
(RDMA_READ_CONSUME_CHECK_CONSUMER) timestamp=724 ms, used_size=11218944 bytes (27.4%)
(RDMA_READ_CONSUME_CHECK_CONSUMER) timestamp=724 ms, used_size=11216896 bytes (27.4%)
(RDMA_READ_CONSUME_CHECK_CONSUMER) timestamp=724 ms, used_size=11214848 bytes (27.4%)
(RDMA_READ_CONSUME_CHECK_CONSUMER) timestamp=724 ms, used_size=11212800 bytes (27.4%)
(RDMA_READ_CONSUME_CHECK_CONSUMER) timestamp=724 ms, used_size=11210752 bytes (27.4%)
(RDMA_READ_CONSUME_CHECK_CONSUMER) timestamp=724 ms, used_size=11208704 bytes (27.4%)
(RDMA_READ_CONSUME_CHECK_CONSUMER) timestamp=724 ms, used_size=11206656 bytes (27.4%)
(RDMA_READ_CONSUME_CHECK_CONSUMER) timestamp=724 ms, used_size=11204608 bytes (27.4%)
(RDMA_READ_CONSUME_CHECK_CONSUMER) timestamp=724 ms, used_size=11202560 bytes (27.4%)
(RDMA_READ_CONSUME_CHECK_CONSUMER) timestamp=724 ms, used_size=11200512 bytes (27.3%)
(RDMA_READ_CONSUME_CHECK_CONSUMER) timestamp=724 ms, used_size=11198464 bytes (27.3%)
(RDMA_READ_CONSUME_CHECK_CONSUMER) timestamp=724 ms, used_size=11196416 bytes (27.3%)
(RDMA_READ_CONSUME_CHECK_CONSUMER) timestamp=724 ms, used_size=11194368 bytes (27.3%)
(RDMA_READ_CONSUME_CHECK_CONSUMER) timestamp=724 ms, used_size=11192320 bytes (27.3%)
(RDMA_READ_CONSUME_CHECK_CONSUMER) timestamp=724 ms, used_size=11190272 bytes (27.3%)
(RDMA_READ_CONSUME_CHECK_CONSUMER) timestamp=724 ms, used_size=11188224 bytes (27.3%)
(RDMA_READ_CONSUME_CHECK_CONSUMER) timestamp=724 ms, used_size=11186176 bytes (27.3%)
(RDMA_READ_CONSUME_CHECK_CONSUMER) timestamp=724 ms, used_size=11184128 bytes (27.3%)
(RDMA_READ_CONSUME_CHECK_CONSUMER) timestamp=724 ms, used_size=11182080 bytes (27.3%)
(RDMA_READ_CONSUME_CHECK_CONSUMER) timestamp=724 ms, used_size=11180032 bytes (27.3%)
(RDMA_READ_CONSUME_CHECK_CONSUMER) timestamp=724 ms, used_size=11177984 bytes (27.3%)
(RDMA_READ_CONSUME_CHECK_CONSUMER) timestamp=724 ms, used_size=11175936 bytes (27.3%)
(RDMA_READ_CONSUME_CHECK_CONSUMER) timestamp=724 ms, used_size=11173888 bytes (27.3%)
(RDMA_READ_CONSUME_CHECK_CONSUMER) timestamp=724 ms, used_size=11171840 bytes (27.3%)
(RDMA_READ_CONSUME_CHECK_CONSUMER) timestamp=724 ms, used_size=11169792 bytes (27.3%)
(RDMA_READ_CONSUME_CHECK_CONSUMER) timestamp=724 ms, used_size=11167744 bytes (27.3%)
(RDMA_READ_CONSUME_CHECK_CONSUMER) timestamp=724 ms, used_size=11165696 bytes (27.3%)
(RDMA_READ_CONSUME_CHECK_CONSUMER) timestamp=724 ms, used_size=11163648 bytes (27.3%)
(RDMA_READ_CONSUME_CHECK_CONSUMER) timestamp=724 ms, used_size=11161600 bytes (27.2%)
(RDMA_READ_CONSUME_CHECK_CONSUMER) timestamp=724 ms, used_size=11159552 bytes (27.2%)
(RDMA_READ_CONSUME_CHECK_CONSUMER) timestamp=724 ms, used_size=11157504 bytes (27.2%)
(RDMA_READ_CONSUME_CHECK_CONSUMER) timestamp=724 ms, used_size=11155456 bytes (27.2%)
(RDMA_READ_CONSUME_CHECK_CONSUMER) timestamp=724 ms, used_size=11153408 bytes (27.2%)
(RDMA_READ_CONSUME_CHECK_CONSUMER) timestamp=724 ms, used_size=11151360 bytes (27.2%)
(RDMA_READ_CONSUME_CHECK_CONSUMER) timestamp=724 ms, used_size=11149312 bytes (27.2%)
(RDMA_READ_CONSUME_CHECK_CONSUMER) timestamp=724 ms, used_size=11147264 bytes (27.2%)
(RDMA_READ_CONSUME_CHECK_CONSUMER) timestamp=724 ms, used_size=11145216 bytes (27.2%)
(RDMA_READ_CONSUME_CHECK_CONSUMER) timestamp=724 ms, used_size=11143168 bytes (27.2%)
(RDMA_READ_CONSUME_CHECK_CONSUMER) timestamp=724 ms, used_size=11141120 bytes (27.2%)
(RDMA_READ_CONSUME_CHECK_CONSUMER) timestamp=724 ms, used_size=11139072 bytes (27.2%)
(RDMA_READ_CONSUME_CHECK_CONSUMER) timestamp=724 ms, used_size=11137024 bytes (27.2%)
(RDMA_READ_CONSUME_CHECK_CONSUMER) timestamp=724 ms, used_size=11134976 bytes (27.2%)
(RDMA_READ_CONSUME_CHECK_CONSUMER) timestamp=724 ms, used_size=11132928 bytes (27.2%)
(RDMA_READ_CONSUME_CHECK_CONSUMER) timestamp=724 ms, used_size=11130880 bytes (27.2%)
(RDMA_READ_CONSUME_CHECK_CONSUMER) timestamp=724 ms, used_size=11128832 bytes (27.2%)
(RDMA_READ_CONSUME_CHECK_CONSUMER) timestamp=724 ms, used_size=11126784 bytes (27.2%)
(RDMA_READ_CONSUME_CHECK_CONSUMER) timestamp=724 ms, used_size=11124736 bytes (27.2%)
(RDMA_READ_CONSUME_CHECK_CONSUMER) timestamp=724 ms, used_size=11122688 bytes (27.2%)
(RDMA_READ_CONSUME_CHECK_CONSUMER) timestamp=724 ms, used_size=11120640 bytes (27.1%)
(RDMA_READ_CONSUME_CHECK_CONSUMER) timestamp=724 ms, used_size=11118592 bytes (27.1%)
(RDMA_READ_CONSUME_CHECK_CONSUMER) timestamp=724 ms, used_size=11116544 bytes (27.1%)
(RDMA_READ_CONSUME_CHECK_CONSUMER) timestamp=724 ms, used_size=11114496 bytes (27.1%)
(RDMA_READ_CONSUME_CHECK_CONSUMER) timestamp=724 ms, used_size=11112448 bytes (27.1%)
(RDMA_READ_CONSUME_CHECK_CONSUMER) timestamp=724 ms, used_size=11110400 bytes (27.1%)
(RDMA_READ_CONSUME_CHECK_CONSUMER) timestamp=724 ms, used_size=11108352 bytes (27.1%)
(RDMA_READ_CONSUME_CHECK_CONSUMER) timestamp=724 ms, used_size=11106304 bytes (27.1%)
(RDMA_READ_CONSUME_CHECK_CONSUMER) timestamp=724 ms, used_size=11104256 bytes (27.1%)
(RDMA_READ_CONSUME_CHECK_CONSUMER) timestamp=724 ms, used_size=11102208 bytes (27.1%)
(RDMA_READ_CONSUME_CHECK_CONSUMER) timestamp=724 ms, used_size=11100160 bytes (27.1%)
(RDMA_READ_CONSUME_CHECK_CONSUMER) timestamp=724 ms, used_size=11098112 bytes (27.1%)
(RDMA_READ_CONSUME_CHECK_CONSUMER) timestamp=724 ms, used_size=11096064 bytes (27.1%)
(RDMA_READ_CONSUME_CHECK_CONSUMER) timestamp=724 ms, used_size=11094016 bytes (27.1%)
(RDMA_READ_CONSUME_CHECK_CONSUMER) timestamp=724 ms, used_size=11091968 bytes (27.1%)
(RDMA_READ_CONSUME_CHECK_CONSUMER) timestamp=724 ms, used_size=11089920 bytes (27.1%)
(RDMA_READ_CONSUME_CHECK_CONSUMER) timestamp=724 ms, used_size=11087872 bytes (27.1%)
(RDMA_READ_CONSUME_CHECK_CONSUMER) timestamp=724 ms, used_size=11085824 bytes (27.1%)
(RDMA_READ_CONSUME_CHECK_CONSUMER) timestamp=724 ms, used_size=11083776 bytes (27.1%)
(RDMA_READ_CONSUME_CHECK_CONSUMER) timestamp=724 ms, used_size=11081728 bytes (27.1%)
(RDMA_READ_CONSUME_CHECK_CONSUMER) timestamp=724 ms, used_size=11079680 bytes (27.1%)
(RDMA_READ_CONSUME_CHECK_CONSUMER) timestamp=724 ms, used_size=11077632 bytes (27.0%)
(RDMA_READ_CONSUME_CHECK_CONSUMER) timestamp=724 ms, used_size=11075584 bytes (27.0%)
(RDMA_READ_CONSUME_CHECK_CONSUMER) timestamp=724 ms, used_size=11073536 bytes (27.0%)
(RDMA_READ_CONSUME_CHECK_CONSUMER) timestamp=724 ms, used_size=11071488 bytes (27.0%)
(RDMA_READ_CONSUME_CHECK_CONSUMER) timestamp=724 ms, used_size=11069440 bytes (27.0%)
(RDMA_READ_CONSUME_CHECK_CONSUMER) timestamp=724 ms, used_size=11067392 bytes (27.0%)
(RDMA_READ_CONSUME_CHECK_CONSUMER) timestamp=724 ms, used_size=11065344 bytes (27.0%)
(RDMA_READ_CONSUME_CHECK_CONSUMER) timestamp=724 ms, used_size=11063296 bytes (27.0%)
(RDMA_READ_CONSUME_CHECK_CONSUMER) timestamp=724 ms, used_size=11061248 bytes (27.0%)
(RDMA_READ_CONSUME_CHECK_CONSUMER) timestamp=724 ms, used_size=11059200 bytes (27.0%)
(RDMA_READ_CONSUME_CHECK_CONSUMER) timestamp=724 ms, used_size=11057152 bytes (27.0%)
(RDMA_READ_CONSUME_CHECK_CONSUMER) timestamp=724 ms, used_size=11055104 bytes (27.0%)
(RDMA_READ_CONSUME_CHECK_CONSUMER) timestamp=724 ms, used_size=11053056 bytes (27.0%)
(RDMA_READ_CONSUME_CHECK_CONSUMER) timestamp=724 ms, used_size=11051008 bytes (27.0%)
(RDMA_READ_CONSUME_CHECK_CONSUMER) timestamp=724 ms, used_size=11048960 bytes (27.0%)
(RDMA_READ_CONSUME_CHECK_CONSUMER) timestamp=724 ms, used_size=11046912 bytes (27.0%)
(RDMA_READ_CONSUME_CHECK_CONSUMER) timestamp=724 ms, used_size=11044864 bytes (27.0%)
(RDMA_READ_CONSUME_CHECK_CONSUMER) timestamp=724 ms, used_size=11042816 bytes (27.0%)
(RDMA_READ_CONSUME_CHECK_CONSUMER) timestamp=724 ms, used_size=11040768 bytes (27.0%)
(RDMA_READ_CONSUME_CHECK_CONSUMER) timestamp=724 ms, used_size=11038720 bytes (26.9%)
(RDMA_READ_CONSUME_CHECK_CONSUMER) timestamp=724 ms, used_size=11036672 bytes (26.9%)
(RDMA_READ_CONSUME_CHECK_CONSUMER) timestamp=724 ms, used_size=11034624 bytes (26.9%)
(RDMA_READ_CONSUME_CHECK_CONSUMER) timestamp=724 ms, used_size=11032576 bytes (26.9%)
(RDMA_READ_CONSUME_CHECK_CONSUMER) timestamp=724 ms, used_size=11030528 bytes (26.9%)
(RDMA_READ_CONSUME_CHECK_CONSUMER) timestamp=724 ms, used_size=11028480 bytes (26.9%)
(RDMA_READ_CONSUME_CHECK_CONSUMER) timestamp=724 ms, used_size=11026432 bytes (26.9%)
(RDMA_READ_CONSUME_CHECK_CONSUMER) timestamp=724 ms, used_size=11024384 bytes (26.9%)
(RDMA_READ_CONSUME_CHECK_CONSUMER) timestamp=724 ms, used_size=11022336 bytes (26.9%)
(RDMA_READ_CONSUME_CHECK_CONSUMER) timestamp=724 ms, used_size=11020288 bytes (26.9%)
(RDMA_READ_CONSUME_CHECK_CONSUMER) timestamp=724 ms, used_size=11018240 bytes (26.9%)
(RDMA_READ_CONSUME_CHECK_CONSUMER) timestamp=724 ms, used_size=11016192 bytes (26.9%)
(RDMA_READ_CONSUME_CHECK_CONSUMER) timestamp=724 ms, used_size=11014144 bytes (26.9%)
(RDMA_READ_CONSUME_CHECK_CONSUMER) timestamp=724 ms, used_size=11012096 bytes (26.9%)
(RDMA_READ_CONSUME_CHECK_CONSUMER) timestamp=724 ms, used_size=11010048 bytes (26.9%)
(RDMA_READ_CONSUME_CHECK_CONSUMER) timestamp=724 ms, used_size=11008000 bytes (26.9%)
(RDMA_READ_CONSUME_CHECK_CONSUMER) timestamp=724 ms, used_size=11005952 bytes (26.9%)
(RDMA_READ_CONSUME_CHECK_CONSUMER) timestamp=724 ms, used_size=11003904 bytes (26.9%)
(RDMA_READ_CONSUME_CHECK_CONSUMER) timestamp=724 ms, used_size=11001856 bytes (26.9%)
(RDMA_READ_CONSUME_CHECK_CONSUMER) timestamp=724 ms, used_size=10999808 bytes (26.9%)
(RDMA_READ_CONSUME_CHECK_CONSUMER) timestamp=724 ms, used_size=10997760 bytes (26.9%)
(RDMA_READ_CONSUME_CHECK_CONSUMER) timestamp=724 ms, used_size=10995712 bytes (26.8%)
(RDMA_READ_CONSUME_CHECK_CONSUMER) timestamp=724 ms, used_size=10993664 bytes (26.8%)
(RDMA_READ_CONSUME_CHECK_CONSUMER) timestamp=724 ms, used_size=10991616 bytes (26.8%)
(RDMA_READ_CONSUME_CHECK_CONSUMER) timestamp=724 ms, used_size=10989568 bytes (26.8%)
(RDMA_READ_CONSUME_CHECK_CONSUMER) timestamp=724 ms, used_size=10987520 bytes (26.8%)
(RDMA_READ_CONSUME_CHECK_CONSUMER) timestamp=724 ms, used_size=10985472 bytes (26.8%)
(RDMA_READ_CONSUME_CHECK_CONSUMER) timestamp=724 ms, used_size=10983424 bytes (26.8%)
(RDMA_READ_CONSUME_CHECK_CONSUMER) timestamp=724 ms, used_size=10981376 bytes (26.8%)
(RDMA_READ_CONSUME_CHECK_CONSUMER) timestamp=724 ms, used_size=10979328 bytes (26.8%)
(RDMA_READ_CONSUME_CHECK_CONSUMER) timestamp=724 ms, used_size=10977280 bytes (26.8%)
(RDMA_READ_CONSUME_CHECK_CONSUMER) timestamp=724 ms, used_size=10975232 bytes (26.8%)
(RDMA_READ_CONSUME_CHECK_CONSUMER) timestamp=724 ms, used_size=10973184 bytes (26.8%)
(RDMA_READ_CONSUME_CHECK_CONSUMER) timestamp=724 ms, used_size=10971136 bytes (26.8%)
(RDMA_READ_CONSUME_CHECK_CONSUMER) timestamp=724 ms, used_size=10969088 bytes (26.8%)
(RDMA_READ_CONSUME_CHECK_CONSUMER) timestamp=724 ms, used_size=10967040 bytes (26.8%)
(RDMA_READ_CONSUME_CHECK_CONSUMER) timestamp=724 ms, used_size=10964992 bytes (26.8%)
(RDMA_READ_CONSUME_CHECK_CONSUMER) timestamp=724 ms, used_size=10962944 bytes (26.8%)
(RDMA_READ_CONSUME_CHECK_CONSUMER) timestamp=724 ms, used_size=10960896 bytes (26.8%)
(RDMA_READ_CONSUME_CHECK_CONSUMER) timestamp=724 ms, used_size=10958848 bytes (26.8%)
(RDMA_READ_CONSUME_CHECK_CONSUMER) timestamp=724 ms, used_size=10956800 bytes (26.8%)
(RDMA_READ_CONSUME_CHECK_CONSUMER) timestamp=724 ms, used_size=10954752 bytes (26.7%)
(RDMA_READ_CONSUME_CHECK_CONSUMER) timestamp=724 ms, used_size=10952704 bytes (26.7%)
(RDMA_READ_CONSUME_CHECK_CONSUMER) timestamp=724 ms, used_size=10950656 bytes (26.7%)
(RDMA_READ_CONSUME_CHECK_CONSUMER) timestamp=724 ms, used_size=10948608 bytes (26.7%)
(RDMA_READ_CONSUME_CHECK_CONSUMER) timestamp=724 ms, used_size=10946560 bytes (26.7%)
(RDMA_READ_CONSUME_CHECK_CONSUMER) timestamp=724 ms, used_size=10944512 bytes (26.7%)
(RDMA_READ_CONSUME_CHECK_CONSUMER) timestamp=724 ms, used_size=10942464 bytes (26.7%)
(RDMA_READ_CONSUME_CHECK_CONSUMER) timestamp=724 ms, used_size=10940416 bytes (26.7%)
(RDMA_READ_CONSUME_CHECK_CONSUMER) timestamp=724 ms, used_size=10938368 bytes (26.7%)
(RDMA_READ_CONSUME_CHECK_CONSUMER) timestamp=724 ms, used_size=10936320 bytes (26.7%)
(RDMA_READ_CONSUME_CHECK_CONSUMER) timestamp=724 ms, used_size=10934272 bytes (26.7%)
(RDMA_READ_CONSUME_CHECK_CONSUMER) timestamp=724 ms, used_size=10932224 bytes (26.7%)
(RDMA_READ_CONSUME_CHECK_CONSUMER) timestamp=724 ms, used_size=10930176 bytes (26.7%)
(RDMA_READ_CONSUME_CHECK_CONSUMER) timestamp=724 ms, used_size=10928128 bytes (26.7%)
(RDMA_READ_CONSUME_CHECK_CONSUMER) timestamp=724 ms, used_size=10926080 bytes (26.7%)
(RDMA_READ_CONSUME_CHECK_CONSUMER) timestamp=724 ms, used_size=10924032 bytes (26.7%)
(RDMA_READ_CONSUME_CHECK_CONSUMER) timestamp=724 ms, used_size=10921984 bytes (26.7%)
(RDMA_READ_CONSUME_CHECK_CONSUMER) timestamp=724 ms, used_size=10919936 bytes (26.7%)
(RDMA_READ_CONSUME_CHECK_CONSUMER) timestamp=724 ms, used_size=10917888 bytes (26.7%)
(RDMA_READ_CONSUME_CHECK_CONSUMER) timestamp=724 ms, used_size=10915840 bytes (26.6%)
(RDMA_READ_CONSUME_CHECK_CONSUMER) timestamp=724 ms, used_size=10913792 bytes (26.6%)
(RDMA_READ_CONSUME_CHECK_CONSUMER) timestamp=724 ms, used_size=10911744 bytes (26.6%)
(RDMA_READ_CONSUME_CHECK_CONSUMER) timestamp=724 ms, used_size=10909696 bytes (26.6%)
(RDMA_READ_CONSUME_CHECK_CONSUMER) timestamp=724 ms, used_size=10907648 bytes (26.6%)
(RDMA_READ_CONSUME_CHECK_CONSUMER) timestamp=724 ms, used_size=10905600 bytes (26.6%)
(RDMA_READ_CONSUME_CHECK_CONSUMER) timestamp=724 ms, used_size=10903552 bytes (26.6%)
(RDMA_READ_CONSUME_CHECK_CONSUMER) timestamp=724 ms, used_size=10901504 bytes (26.6%)
(RDMA_READ_CONSUME_CHECK_CONSUMER) timestamp=724 ms, used_size=10899456 bytes (26.6%)
(RDMA_READ_CONSUME_CHECK_CONSUMER) timestamp=724 ms, used_size=10897408 bytes (26.6%)
(RDMA_READ_CONSUME_CHECK_CONSUMER) timestamp=724 ms, used_size=10895360 bytes (26.6%)
(RDMA_READ_CONSUME_CHECK_CONSUMER) timestamp=724 ms, used_size=10893312 bytes (26.6%)
(RDMA_READ_CONSUME_CHECK_CONSUMER) timestamp=724 ms, used_size=10891264 bytes (26.6%)
(RDMA_READ_CONSUME_CHECK_CONSUMER) timestamp=724 ms, used_size=10889216 bytes (26.6%)
(RDMA_READ_CONSUME_CHECK_CONSUMER) timestamp=724 ms, used_size=10887168 bytes (26.6%)
(RDMA_READ_CONSUME_CHECK_CONSUMER) timestamp=724 ms, used_size=10885120 bytes (26.6%)
(RDMA_READ_CONSUME_CHECK_CONSUMER) timestamp=724 ms, used_size=10883072 bytes (26.6%)
(RDMA_READ_CONSUME_CHECK_CONSUMER) timestamp=724 ms, used_size=10881024 bytes (26.6%)
(RDMA_READ_CONSUME_CHECK_CONSUMER) timestamp=724 ms, used_size=10878976 bytes (26.6%)
(RDMA_READ_CONSUME_CHECK_CONSUMER) timestamp=724 ms, used_size=10876928 bytes (26.6%)
(RDMA_READ_CONSUME_CHECK_CONSUMER) timestamp=724 ms, used_size=10874880 bytes (26.6%)
(RDMA_READ_CONSUME_CHECK_CONSUMER) timestamp=724 ms, used_size=10872832 bytes (26.5%)
(RDMA_READ_CONSUME_CHECK_CONSUMER) timestamp=724 ms, used_size=10870784 bytes (26.5%)
(RDMA_READ_CONSUME_CHECK_CONSUMER) timestamp=724 ms, used_size=10868736 bytes (26.5%)
(RDMA_READ_CONSUME_CHECK_CONSUMER) timestamp=724 ms, used_size=10866688 bytes (26.5%)
(RDMA_READ_CONSUME_CHECK_CONSUMER) timestamp=724 ms, used_size=10864640 bytes (26.5%)
(RDMA_READ_CONSUME_CHECK_CONSUMER) timestamp=724 ms, used_size=10862592 bytes (26.5%)
(RDMA_READ_CONSUME_CHECK_CONSUMER) timestamp=724 ms, used_size=10860544 bytes (26.5%)
(RDMA_READ_CONSUME_CHECK_CONSUMER) timestamp=724 ms, used_size=10858496 bytes (26.5%)
(RDMA_READ_CONSUME_CHECK_CONSUMER) timestamp=724 ms, used_size=10856448 bytes (26.5%)
(RDMA_READ_CONSUME_CHECK_CONSUMER) timestamp=724 ms, used_size=10854400 bytes (26.5%)
(RDMA_READ_CONSUME_CHECK_CONSUMER) timestamp=724 ms, used_size=10852352 bytes (26.5%)
(RDMA_READ_CONSUME_CHECK_CONSUMER) timestamp=724 ms, used_size=10850304 bytes (26.5%)
(RDMA_READ_CONSUME_CHECK_CONSUMER) timestamp=725 ms, used_size=10848256 bytes (26.5%)
(RDMA_READ_CONSUME_CHECK_CONSUMER) timestamp=725 ms, used_size=10846208 bytes (26.5%)
(RDMA_READ_CONSUME_CHECK_CONSUMER) timestamp=725 ms, used_size=10844160 bytes (26.5%)
(RDMA_READ_CONSUME_CHECK_CONSUMER) timestamp=725 ms, used_size=10842112 bytes (26.5%)
(RDMA_READ_CONSUME_CHECK_CONSUMER) timestamp=725 ms, used_size=10840064 bytes (26.5%)
(RDMA_READ_CONSUME_CHECK_CONSUMER) timestamp=725 ms, used_size=10838016 bytes (26.5%)
(RDMA_READ_CONSUME_CHECK_CONSUMER) timestamp=725 ms, used_size=10835968 bytes (26.5%)
(RDMA_READ_CONSUME_CHECK_CONSUMER) timestamp=725 ms, used_size=10833920 bytes (26.4%)
(RDMA_READ_CONSUME_CHECK_CONSUMER) timestamp=725 ms, used_size=10831872 bytes (26.4%)
(RDMA_READ_CONSUME_CHECK_CONSUMER) timestamp=725 ms, used_size=10829824 bytes (26.4%)
(RDMA_READ_CONSUME_CHECK_CONSUMER) timestamp=725 ms, used_size=10827776 bytes (26.4%)
(RDMA_READ_CONSUME_CHECK_CONSUMER) timestamp=725 ms, used_size=10825728 bytes (26.4%)
(RDMA_READ_CONSUME_CHECK_CONSUMER) timestamp=725 ms, used_size=10823680 bytes (26.4%)
(RDMA_READ_CONSUME_CHECK_CONSUMER) timestamp=725 ms, used_size=10821632 bytes (26.4%)
(RDMA_READ_CONSUME_CHECK_CONSUMER) timestamp=725 ms, used_size=10819584 bytes (26.4%)
(RDMA_READ_CONSUME_CHECK_CONSUMER) timestamp=725 ms, used_size=10817536 bytes (26.4%)
(RDMA_READ_CONSUME_CHECK_CONSUMER) timestamp=725 ms, used_size=10815488 bytes (26.4%)
(RDMA_READ_CONSUME_CHECK_CONSUMER) timestamp=725 ms, used_size=10813440 bytes (26.4%)
(RDMA_READ_CONSUME_CHECK_CONSUMER) timestamp=725 ms, used_size=10811392 bytes (26.4%)
(RDMA_READ_CONSUME_CHECK_CONSUMER) timestamp=725 ms, used_size=10809344 bytes (26.4%)
(RDMA_READ_CONSUME_CHECK_CONSUMER) timestamp=725 ms, used_size=10807296 bytes (26.4%)
(RDMA_READ_CONSUME_CHECK_CONSUMER) timestamp=725 ms, used_size=10805248 bytes (26.4%)
(RDMA_READ_CONSUME_CHECK_CONSUMER) timestamp=725 ms, used_size=10803200 bytes (26.4%)
(RDMA_READ_CONSUME_CHECK_CONSUMER) timestamp=725 ms, used_size=10801152 bytes (26.4%)
(RDMA_READ_CONSUME_CHECK_CONSUMER) timestamp=725 ms, used_size=10799104 bytes (26.4%)
(RDMA_READ_CONSUME_CHECK_CONSUMER) timestamp=725 ms, used_size=10797056 bytes (26.4%)
(RDMA_READ_CONSUME_CHECK_CONSUMER) timestamp=725 ms, used_size=10795008 bytes (26.4%)
(RDMA_READ_CONSUME_CHECK_CONSUMER) timestamp=725 ms, used_size=10792960 bytes (26.4%)
(RDMA_READ_CONSUME_CHECK_CONSUMER) timestamp=725 ms, used_size=10790912 bytes (26.3%)
(RDMA_READ_CONSUME_CHECK_CONSUMER) timestamp=725 ms, used_size=10788864 bytes (26.3%)
(RDMA_READ_CONSUME_CHECK_CONSUMER) timestamp=725 ms, used_size=10786816 bytes (26.3%)
(RDMA_READ_CONSUME_CHECK_CONSUMER) timestamp=725 ms, used_size=10784768 bytes (26.3%)
(RDMA_READ_CONSUME_CHECK_CONSUMER) timestamp=725 ms, used_size=10782720 bytes (26.3%)
(RDMA_READ_CONSUME_CHECK_CONSUMER) timestamp=725 ms, used_size=10780672 bytes (26.3%)
(RDMA_READ_CONSUME_CHECK_CONSUMER) timestamp=725 ms, used_size=10778624 bytes (26.3%)
(RDMA_READ_CONSUME_CHECK_CONSUMER) timestamp=725 ms, used_size=10776576 bytes (26.3%)
(RDMA_READ_CONSUME_CHECK_CONSUMER) timestamp=725 ms, used_size=10774528 bytes (26.3%)
(RDMA_READ_CONSUME_CHECK_CONSUMER) timestamp=725 ms, used_size=10772480 bytes (26.3%)
(RDMA_READ_CONSUME_CHECK_CONSUMER) timestamp=725 ms, used_size=10770432 bytes (26.3%)
(RDMA_READ_CONSUME_CHECK_CONSUMER) timestamp=725 ms, used_size=10768384 bytes (26.3%)
(RDMA_READ_CONSUME_CHECK_CONSUMER) timestamp=725 ms, used_size=10766336 bytes (26.3%)
(RDMA_READ_CONSUME_CHECK_CONSUMER) timestamp=725 ms, used_size=10764288 bytes (26.3%)
(RDMA_READ_CONSUME_CHECK_CONSUMER) timestamp=725 ms, used_size=10762240 bytes (26.3%)
(RDMA_READ_CONSUME_CHECK_CONSUMER) timestamp=725 ms, used_size=10760192 bytes (26.3%)
(RDMA_READ_CONSUME_CHECK_CONSUMER) timestamp=725 ms, used_size=10758144 bytes (26.3%)
(RDMA_READ_CONSUME_CHECK_CONSUMER) timestamp=725 ms, used_size=10756096 bytes (26.3%)
(RDMA_READ_CONSUME_CHECK_CONSUMER) timestamp=725 ms, used_size=10754048 bytes (26.3%)
(RDMA_READ_CONSUME_CHECK_CONSUMER) timestamp=725 ms, used_size=10752000 bytes (26.2%)
(RDMA_READ_CONSUME_CHECK_CONSUMER) timestamp=725 ms, used_size=10749952 bytes (26.2%)
(RDMA_READ_CONSUME_CHECK_CONSUMER) timestamp=725 ms, used_size=10747904 bytes (26.2%)
(RDMA_READ_CONSUME_CHECK_CONSUMER) timestamp=725 ms, used_size=10745856 bytes (26.2%)
(RDMA_READ_CONSUME_CHECK_CONSUMER) timestamp=725 ms, used_size=10743808 bytes (26.2%)
(RDMA_READ_CONSUME_CHECK_CONSUMER) timestamp=725 ms, used_size=10741760 bytes (26.2%)
(RDMA_READ_CONSUME_CHECK_CONSUMER) timestamp=725 ms, used_size=10739712 bytes (26.2%)
(RDMA_READ_CONSUME_CHECK_CONSUMER) timestamp=725 ms, used_size=10737664 bytes (26.2%)
(RDMA_READ_CONSUME_CHECK_CONSUMER) timestamp=725 ms, used_size=10735616 bytes (26.2%)
(RDMA_READ_CONSUME_CHECK_CONSUMER) timestamp=725 ms, used_size=10733568 bytes (26.2%)
(RDMA_READ_CONSUME_CHECK_CONSUMER) timestamp=725 ms, used_size=10731520 bytes (26.2%)
(RDMA_READ_CONSUME_CHECK_CONSUMER) timestamp=725 ms, used_size=10729472 bytes (26.2%)
(RDMA_READ_CONSUME_CHECK_CONSUMER) timestamp=725 ms, used_size=10727424 bytes (26.2%)
(RDMA_READ_CONSUME_CHECK_CONSUMER) timestamp=725 ms, used_size=10725376 bytes (26.2%)
(RDMA_READ_CONSUME_CHECK_CONSUMER) timestamp=725 ms, used_size=10723328 bytes (26.2%)
(RDMA_READ_CONSUME_CHECK_CONSUMER) timestamp=725 ms, used_size=10721280 bytes (26.2%)
(RDMA_READ_CONSUME_CHECK_CONSUMER) timestamp=725 ms, used_size=10719232 bytes (26.2%)
(RDMA_READ_CONSUME_CHECK_CONSUMER) timestamp=725 ms, used_size=10717184 bytes (26.2%)
(RDMA_READ_CONSUME_CHECK_CONSUMER) timestamp=725 ms, used_size=10715136 bytes (26.2%)
(RDMA_READ_CONSUME_CHECK_CONSUMER) timestamp=725 ms, used_size=10713088 bytes (26.2%)
(RDMA_READ_CONSUME_CHECK_CONSUMER) timestamp=725 ms, used_size=10711040 bytes (26.1%)
(RDMA_READ_CONSUME_CHECK_CONSUMER) timestamp=725 ms, used_size=10708992 bytes (26.1%)
(RDMA_READ_CONSUME_CHECK_CONSUMER) timestamp=725 ms, used_size=10706944 bytes (26.1%)
(RDMA_READ_CONSUME_CHECK_CONSUMER) timestamp=725 ms, used_size=10704896 bytes (26.1%)
(RDMA_READ_CONSUME_CHECK_CONSUMER) timestamp=725 ms, used_size=10702848 bytes (26.1%)
(RDMA_READ_CONSUME_CHECK_CONSUMER) timestamp=725 ms, used_size=10700800 bytes (26.1%)
(RDMA_READ_CONSUME_CHECK_CONSUMER) timestamp=725 ms, used_size=10698752 bytes (26.1%)
(RDMA_READ_CONSUME_CHECK_CONSUMER) timestamp=725 ms, used_size=10696704 bytes (26.1%)
(RDMA_READ_CONSUME_CHECK_CONSUMER) timestamp=725 ms, used_size=10694656 bytes (26.1%)
(RDMA_READ_CONSUME_CHECK_CONSUMER) timestamp=725 ms, used_size=10692608 bytes (26.1%)
(RDMA_READ_CONSUME_CHECK_CONSUMER) timestamp=725 ms, used_size=10690560 bytes (26.1%)
(RDMA_READ_CONSUME_CHECK_CONSUMER) timestamp=725 ms, used_size=10688512 bytes (26.1%)
(RDMA_READ_CONSUME_CHECK_CONSUMER) timestamp=725 ms, used_size=10686464 bytes (26.1%)
(RDMA_READ_CONSUME_CHECK_CONSUMER) timestamp=725 ms, used_size=10684416 bytes (26.1%)
(RDMA_READ_CONSUME_CHECK_CONSUMER) timestamp=725 ms, used_size=10682368 bytes (26.1%)
(RDMA_READ_CONSUME_CHECK_CONSUMER) timestamp=725 ms, used_size=10680320 bytes (26.1%)
(RDMA_READ_CONSUME_CHECK_CONSUMER) timestamp=725 ms, used_size=10678272 bytes (26.1%)
(RDMA_READ_CONSUME_CHECK_CONSUMER) timestamp=725 ms, used_size=10676224 bytes (26.1%)
(RDMA_READ_CONSUME_CHECK_CONSUMER) timestamp=725 ms, used_size=10674176 bytes (26.1%)
(RDMA_READ_CONSUME_CHECK_CONSUMER) timestamp=725 ms, used_size=10672128 bytes (26.1%)
(RDMA_READ_CONSUME_CHECK_CONSUMER) timestamp=725 ms, used_size=10670080 bytes (26.1%)
(RDMA_READ_CONSUME_CHECK_CONSUMER) timestamp=725 ms, used_size=10668032 bytes (26.0%)
(RDMA_READ_CONSUME_CHECK_CONSUMER) timestamp=725 ms, used_size=10665984 bytes (26.0%)
(RDMA_READ_CONSUME_CHECK_CONSUMER) timestamp=725 ms, used_size=10663936 bytes (26.0%)
(RDMA_READ_CONSUME_CHECK_CONSUMER) timestamp=725 ms, used_size=10661888 bytes (26.0%)
(RDMA_READ_CONSUME_CHECK_CONSUMER) timestamp=725 ms, used_size=10659840 bytes (26.0%)
(RDMA_READ_CONSUME_CHECK_CONSUMER) timestamp=725 ms, used_size=10657792 bytes (26.0%)
(RDMA_READ_CONSUME_CHECK_CONSUMER) timestamp=725 ms, used_size=10655744 bytes (26.0%)
(RDMA_READ_CONSUME_CHECK_CONSUMER) timestamp=725 ms, used_size=10653696 bytes (26.0%)
(RDMA_READ_CONSUME_CHECK_CONSUMER) timestamp=725 ms, used_size=10651648 bytes (26.0%)
(RDMA_READ_CONSUME_CHECK_CONSUMER) timestamp=725 ms, used_size=10649600 bytes (26.0%)
(RDMA_READ_CONSUME_CHECK_CONSUMER) timestamp=725 ms, used_size=10647552 bytes (26.0%)
(RDMA_READ_CONSUME_CHECK_CONSUMER) timestamp=725 ms, used_size=10645504 bytes (26.0%)
(RDMA_READ_CONSUME_CHECK_CONSUMER) timestamp=725 ms, used_size=10643456 bytes (26.0%)
(RDMA_READ_CONSUME_CHECK_CONSUMER) timestamp=725 ms, used_size=10641408 bytes (26.0%)
(RDMA_READ_CONSUME_CHECK_CONSUMER) timestamp=725 ms, used_size=10639360 bytes (26.0%)
(RDMA_READ_CONSUME_CHECK_CONSUMER) timestamp=725 ms, used_size=10637312 bytes (26.0%)
(RDMA_READ_CONSUME_CHECK_CONSUMER) timestamp=725 ms, used_size=10635264 bytes (26.0%)
(RDMA_READ_CONSUME_CHECK_CONSUMER) timestamp=725 ms, used_size=10633216 bytes (26.0%)
(RDMA_READ_CONSUME_CHECK_CONSUMER) timestamp=725 ms, used_size=10631168 bytes (26.0%)
(RDMA_READ_CONSUME_CHECK_CONSUMER) timestamp=725 ms, used_size=10629120 bytes (25.9%)
(RDMA_READ_CONSUME_CHECK_CONSUMER) timestamp=725 ms, used_size=10627072 bytes (25.9%)
(RDMA_READ_CONSUME_CHECK_CONSUMER) timestamp=725 ms, used_size=10625024 bytes (25.9%)
(RDMA_READ_CONSUME_CHECK_CONSUMER) timestamp=725 ms, used_size=10622976 bytes (25.9%)
(RDMA_READ_CONSUME_CHECK_CONSUMER) timestamp=725 ms, used_size=10620928 bytes (25.9%)
(RDMA_READ_CONSUME_CHECK_CONSUMER) timestamp=725 ms, used_size=10618880 bytes (25.9%)
(RDMA_READ_CONSUME_CHECK_CONSUMER) timestamp=725 ms, used_size=10616832 bytes (25.9%)
(RDMA_READ_CONSUME_CHECK_CONSUMER) timestamp=725 ms, used_size=10614784 bytes (25.9%)
(RDMA_READ_CONSUME_CHECK_CONSUMER) timestamp=725 ms, used_size=10612736 bytes (25.9%)
(RDMA_READ_CONSUME_CHECK_CONSUMER) timestamp=725 ms, used_size=10610688 bytes (25.9%)
(RDMA_READ_CONSUME_CHECK_CONSUMER) timestamp=725 ms, used_size=10608640 bytes (25.9%)
(RDMA_READ_CONSUME_CHECK_CONSUMER) timestamp=725 ms, used_size=10606592 bytes (25.9%)
(RDMA_READ_CONSUME_CHECK_CONSUMER) timestamp=725 ms, used_size=10604544 bytes (25.9%)
(RDMA_READ_CONSUME_CHECK_CONSUMER) timestamp=725 ms, used_size=10602496 bytes (25.9%)
(RDMA_READ_CONSUME_CHECK_CONSUMER) timestamp=725 ms, used_size=10600448 bytes (25.9%)
(RDMA_READ_CONSUME_CHECK_CONSUMER) timestamp=725 ms, used_size=10598400 bytes (25.9%)
(RDMA_READ_CONSUME_CHECK_CONSUMER) timestamp=725 ms, used_size=10596352 bytes (25.9%)
(RDMA_READ_CONSUME_CHECK_CONSUMER) timestamp=725 ms, used_size=10594304 bytes (25.9%)
(RDMA_READ_CONSUME_CHECK_CONSUMER) timestamp=725 ms, used_size=10592256 bytes (25.9%)
(RDMA_READ_CONSUME_CHECK_CONSUMER) timestamp=725 ms, used_size=10590208 bytes (25.9%)
(RDMA_READ_CONSUME_CHECK_CONSUMER) timestamp=725 ms, used_size=10588160 bytes (25.9%)
(RDMA_READ_CONSUME_CHECK_CONSUMER) timestamp=725 ms, used_size=10586112 bytes (25.8%)
(RDMA_READ_CONSUME_CHECK_CONSUMER) timestamp=725 ms, used_size=10584064 bytes (25.8%)
(RDMA_READ_CONSUME_CHECK_CONSUMER) timestamp=725 ms, used_size=10582016 bytes (25.8%)
(RDMA_READ_CONSUME_CHECK_CONSUMER) timestamp=725 ms, used_size=10579968 bytes (25.8%)
(RDMA_READ_CONSUME_CHECK_CONSUMER) timestamp=725 ms, used_size=10577920 bytes (25.8%)
(RDMA_READ_CONSUME_CHECK_CONSUMER) timestamp=725 ms, used_size=10575872 bytes (25.8%)
(RDMA_READ_CONSUME_CHECK_CONSUMER) timestamp=725 ms, used_size=10573824 bytes (25.8%)
(RDMA_READ_CONSUME_CHECK_CONSUMER) timestamp=725 ms, used_size=10571776 bytes (25.8%)
(RDMA_READ_CONSUME_CHECK_CONSUMER) timestamp=725 ms, used_size=10569728 bytes (25.8%)
(RDMA_READ_CONSUME_CHECK_CONSUMER) timestamp=725 ms, used_size=10567680 bytes (25.8%)
(RDMA_READ_CONSUME_CHECK_CONSUMER) timestamp=725 ms, used_size=10565632 bytes (25.8%)
(RDMA_READ_CONSUME_CHECK_CONSUMER) timestamp=725 ms, used_size=10563584 bytes (25.8%)
(RDMA_READ_CONSUME_CHECK_CONSUMER) timestamp=725 ms, used_size=10561536 bytes (25.8%)
(RDMA_READ_CONSUME_CHECK_CONSUMER) timestamp=725 ms, used_size=10559488 bytes (25.8%)
(RDMA_READ_CONSUME_CHECK_CONSUMER) timestamp=725 ms, used_size=10557440 bytes (25.8%)
(RDMA_READ_CONSUME_CHECK_CONSUMER) timestamp=725 ms, used_size=10555392 bytes (25.8%)
(RDMA_READ_CONSUME_CHECK_CONSUMER) timestamp=725 ms, used_size=10553344 bytes (25.8%)
(RDMA_READ_CONSUME_CHECK_CONSUMER) timestamp=725 ms, used_size=10551296 bytes (25.8%)
(RDMA_READ_CONSUME_CHECK_CONSUMER) timestamp=725 ms, used_size=10549248 bytes (25.8%)
(RDMA_READ_CONSUME_CHECK_CONSUMER) timestamp=725 ms, used_size=10547200 bytes (25.8%)
(RDMA_READ_CONSUME_CHECK_CONSUMER) timestamp=725 ms, used_size=10545152 bytes (25.7%)
(RDMA_READ_CONSUME_CHECK_CONSUMER) timestamp=725 ms, used_size=10543104 bytes (25.7%)
(RDMA_READ_CONSUME_CHECK_CONSUMER) timestamp=725 ms, used_size=10541056 bytes (25.7%)
(RDMA_READ_CONSUME_CHECK_CONSUMER) timestamp=725 ms, used_size=10539008 bytes (25.7%)
(RDMA_READ_CONSUME_CHECK_CONSUMER) timestamp=725 ms, used_size=10536960 bytes (25.7%)
(RDMA_READ_CONSUME_CHECK_CONSUMER) timestamp=725 ms, used_size=10534912 bytes (25.7%)
(RDMA_READ_CONSUME_CHECK_CONSUMER) timestamp=725 ms, used_size=10532864 bytes (25.7%)
(RDMA_READ_CONSUME_CHECK_CONSUMER) timestamp=725 ms, used_size=10530816 bytes (25.7%)
(RDMA_READ_CONSUME_CHECK_CONSUMER) timestamp=725 ms, used_size=10528768 bytes (25.7%)
(RDMA_READ_CONSUME_CHECK_CONSUMER) timestamp=725 ms, used_size=10526720 bytes (25.7%)
(RDMA_READ_CONSUME_CHECK_CONSUMER) timestamp=725 ms, used_size=10524672 bytes (25.7%)
(RDMA_READ_CONSUME_CHECK_CONSUMER) timestamp=725 ms, used_size=10522624 bytes (25.7%)
(RDMA_READ_CONSUME_CHECK_CONSUMER) timestamp=725 ms, used_size=10520576 bytes (25.7%)
(RDMA_READ_CONSUME_CHECK_CONSUMER) timestamp=725 ms, used_size=10518528 bytes (25.7%)
(RDMA_READ_CONSUME_CHECK_CONSUMER) timestamp=725 ms, used_size=10516480 bytes (25.7%)
(RDMA_READ_CONSUME_CHECK_CONSUMER) timestamp=725 ms, used_size=10514432 bytes (25.7%)
(RDMA_READ_CONSUME_CHECK_CONSUMER) timestamp=725 ms, used_size=10512384 bytes (25.7%)
(RDMA_READ_CONSUME_CHECK_CONSUMER) timestamp=725 ms, used_size=10510336 bytes (25.7%)
(RDMA_READ_CONSUME_CHECK_CONSUMER) timestamp=725 ms, used_size=10508288 bytes (25.7%)
(RDMA_READ_CONSUME_CHECK_CONSUMER) timestamp=725 ms, used_size=10506240 bytes (25.6%)
(RDMA_READ_CONSUME_CHECK_CONSUMER) timestamp=725 ms, used_size=10504192 bytes (25.6%)
(RDMA_READ_CONSUME_CHECK_CONSUMER) timestamp=725 ms, used_size=10502144 bytes (25.6%)
(RDMA_READ_CONSUME_CHECK_CONSUMER) timestamp=725 ms, used_size=10500096 bytes (25.6%)
(RDMA_READ_CONSUME_CHECK_CONSUMER) timestamp=725 ms, used_size=10498048 bytes (25.6%)
(RDMA_READ_CONSUME_CHECK_CONSUMER) timestamp=725 ms, used_size=10496000 bytes (25.6%)
(RDMA_READ_CONSUME_CHECK_CONSUMER) timestamp=725 ms, used_size=10493952 bytes (25.6%)
(RDMA_READ_CONSUME_CHECK_CONSUMER) timestamp=725 ms, used_size=10491904 bytes (25.6%)
(RDMA_READ_CONSUME_CHECK_CONSUMER) timestamp=725 ms, used_size=10489856 bytes (25.6%)
(RDMA_READ_CONSUME_CHECK_CONSUMER) timestamp=725 ms, used_size=10487808 bytes (25.6%)
(RDMA_READ_CONSUME_CHECK_CONSUMER) timestamp=725 ms, used_size=10485760 bytes (25.6%)
(RDMA_READ_CONSUME_CHECK_CONSUMER) timestamp=725 ms, used_size=10483712 bytes (25.6%)
(RDMA_READ_CONSUME_CHECK_CONSUMER) timestamp=725 ms, used_size=10481664 bytes (25.6%)
(RDMA_READ_CONSUME_CHECK_CONSUMER) timestamp=725 ms, used_size=10479616 bytes (25.6%)
(RDMA_READ_CONSUME_CHECK_CONSUMER) timestamp=725 ms, used_size=10477568 bytes (25.6%)
(RDMA_READ_CONSUME_CHECK_CONSUMER) timestamp=725 ms, used_size=10475520 bytes (25.6%)
(RDMA_READ_CONSUME_CHECK_CONSUMER) timestamp=725 ms, used_size=10473472 bytes (25.6%)
(RDMA_READ_CONSUME_CHECK_CONSUMER) timestamp=725 ms, used_size=10471424 bytes (25.6%)
(RDMA_READ_CONSUME_CHECK_CONSUMER) timestamp=725 ms, used_size=10469376 bytes (25.6%)
(RDMA_READ_CONSUME_CHECK_CONSUMER) timestamp=726 ms, used_size=10467328 bytes (25.6%)
(RDMA_READ_CONSUME_CHECK_CONSUMER) timestamp=726 ms, used_size=10465280 bytes (25.6%)
(RDMA_READ_CONSUME_CHECK_CONSUMER) timestamp=726 ms, used_size=10463232 bytes (25.5%)
(RDMA_READ_CONSUME_CHECK_CONSUMER) timestamp=726 ms, used_size=10461184 bytes (25.5%)
(RDMA_READ_CONSUME_CHECK_CONSUMER) timestamp=726 ms, used_size=10459136 bytes (25.5%)
(RDMA_READ_CONSUME_CHECK_CONSUMER) timestamp=726 ms, used_size=10457088 bytes (25.5%)
(RDMA_READ_CONSUME_CHECK_CONSUMER) timestamp=726 ms, used_size=10455040 bytes (25.5%)
(RDMA_READ_CONSUME_CHECK_CONSUMER) timestamp=726 ms, used_size=10452992 bytes (25.5%)
(RDMA_READ_CONSUME_CHECK_CONSUMER) timestamp=726 ms, used_size=10450944 bytes (25.5%)
(RDMA_READ_CONSUME_CHECK_CONSUMER) timestamp=726 ms, used_size=10448896 bytes (25.5%)
(RDMA_READ_CONSUME_CHECK_CONSUMER) timestamp=726 ms, used_size=10446848 bytes (25.5%)
(RDMA_READ_CONSUME_CHECK_CONSUMER) timestamp=726 ms, used_size=10444800 bytes (25.5%)
(RDMA_READ_CONSUME_CHECK_CONSUMER) timestamp=726 ms, used_size=10442752 bytes (25.5%)
(RDMA_READ_CONSUME_CHECK_CONSUMER) timestamp=726 ms, used_size=10440704 bytes (25.5%)
(RDMA_READ_CONSUME_CHECK_CONSUMER) timestamp=726 ms, used_size=10438656 bytes (25.5%)
(RDMA_READ_CONSUME_CHECK_CONSUMER) timestamp=726 ms, used_size=10436608 bytes (25.5%)
(RDMA_READ_CONSUME_CHECK_CONSUMER) timestamp=726 ms, used_size=10434560 bytes (25.5%)
(RDMA_READ_CONSUME_CHECK_CONSUMER) timestamp=726 ms, used_size=10432512 bytes (25.5%)
(RDMA_READ_CONSUME_CHECK_CONSUMER) timestamp=726 ms, used_size=10430464 bytes (25.5%)
(RDMA_READ_CONSUME_CHECK_CONSUMER) timestamp=726 ms, used_size=10428416 bytes (25.5%)
(RDMA_READ_CONSUME_CHECK_CONSUMER) timestamp=726 ms, used_size=10426368 bytes (25.5%)
(RDMA_READ_CONSUME_CHECK_CONSUMER) timestamp=726 ms, used_size=10424320 bytes (25.4%)
(RDMA_READ_CONSUME_CHECK_CONSUMER) timestamp=726 ms, used_size=10422272 bytes (25.4%)
(RDMA_READ_CONSUME_CHECK_CONSUMER) timestamp=726 ms, used_size=10420224 bytes (25.4%)
(RDMA_READ_CONSUME_CHECK_CONSUMER) timestamp=726 ms, used_size=10418176 bytes (25.4%)
(RDMA_READ_CONSUME_CHECK_CONSUMER) timestamp=726 ms, used_size=10416128 bytes (25.4%)
(RDMA_READ_CONSUME_CHECK_CONSUMER) timestamp=726 ms, used_size=10414080 bytes (25.4%)
(RDMA_READ_CONSUME_CHECK_CONSUMER) timestamp=726 ms, used_size=10412032 bytes (25.4%)
(RDMA_READ_CONSUME_CHECK_CONSUMER) timestamp=726 ms, used_size=10409984 bytes (25.4%)
(RDMA_READ_CONSUME_CHECK_CONSUMER) timestamp=726 ms, used_size=10407936 bytes (25.4%)
(RDMA_READ_CONSUME_CHECK_CONSUMER) timestamp=726 ms, used_size=10405888 bytes (25.4%)
(RDMA_READ_CONSUME_CHECK_CONSUMER) timestamp=726 ms, used_size=10403840 bytes (25.4%)
(RDMA_READ_CONSUME_CHECK_CONSUMER) timestamp=726 ms, used_size=10401792 bytes (25.4%)
(RDMA_READ_CONSUME_CHECK_CONSUMER) timestamp=726 ms, used_size=10399744 bytes (25.4%)
(RDMA_READ_CONSUME_CHECK_CONSUMER) timestamp=726 ms, used_size=10397696 bytes (25.4%)
(RDMA_READ_CONSUME_CHECK_CONSUMER) timestamp=726 ms, used_size=10395648 bytes (25.4%)
(RDMA_READ_CONSUME_CHECK_CONSUMER) timestamp=726 ms, used_size=10393600 bytes (25.4%)
(RDMA_READ_CONSUME_CHECK_CONSUMER) timestamp=726 ms, used_size=10391552 bytes (25.4%)
(RDMA_READ_CONSUME_CHECK_CONSUMER) timestamp=726 ms, used_size=10389504 bytes (25.4%)
(RDMA_READ_CONSUME_CHECK_CONSUMER) timestamp=726 ms, used_size=10387456 bytes (25.4%)
(RDMA_READ_CONSUME_CHECK_CONSUMER) timestamp=726 ms, used_size=10385408 bytes (25.4%)
(RDMA_READ_CONSUME_CHECK_CONSUMER) timestamp=726 ms, used_size=10383360 bytes (25.4%)
(RDMA_READ_CONSUME_CHECK_CONSUMER) timestamp=726 ms, used_size=10381312 bytes (25.3%)
(RDMA_READ_CONSUME_CHECK_CONSUMER) timestamp=726 ms, used_size=10379264 bytes (25.3%)
(RDMA_READ_CONSUME_CHECK_CONSUMER) timestamp=726 ms, used_size=10377216 bytes (25.3%)
(RDMA_READ_CONSUME_CHECK_CONSUMER) timestamp=726 ms, used_size=10375168 bytes (25.3%)
(RDMA_READ_CONSUME_CHECK_CONSUMER) timestamp=726 ms, used_size=10373120 bytes (25.3%)
(RDMA_READ_CONSUME_CHECK_CONSUMER) timestamp=726 ms, used_size=10371072 bytes (25.3%)
(RDMA_READ_CONSUME_CHECK_CONSUMER) timestamp=726 ms, used_size=10369024 bytes (25.3%)
(RDMA_READ_CONSUME_CHECK_CONSUMER) timestamp=726 ms, used_size=10366976 bytes (25.3%)
(RDMA_READ_CONSUME_CHECK_CONSUMER) timestamp=726 ms, used_size=10364928 bytes (25.3%)
(RDMA_READ_CONSUME_CHECK_CONSUMER) timestamp=726 ms, used_size=10362880 bytes (25.3%)
(RDMA_READ_CONSUME_CHECK_CONSUMER) timestamp=726 ms, used_size=10360832 bytes (25.3%)
(RDMA_READ_CONSUME_CHECK_CONSUMER) timestamp=726 ms, used_size=10358784 bytes (25.3%)
(RDMA_READ_CONSUME_CHECK_CONSUMER) timestamp=726 ms, used_size=10356736 bytes (25.3%)
(RDMA_READ_CONSUME_CHECK_CONSUMER) timestamp=726 ms, used_size=10354688 bytes (25.3%)
(RDMA_READ_CONSUME_CHECK_CONSUMER) timestamp=726 ms, used_size=10352640 bytes (25.3%)
(RDMA_READ_CONSUME_CHECK_CONSUMER) timestamp=726 ms, used_size=10350592 bytes (25.3%)
(RDMA_READ_CONSUME_CHECK_CONSUMER) timestamp=726 ms, used_size=10348544 bytes (25.3%)
(RDMA_READ_CONSUME_CHECK_CONSUMER) timestamp=726 ms, used_size=10346496 bytes (25.3%)
(RDMA_READ_CONSUME_CHECK_CONSUMER) timestamp=726 ms, used_size=10344448 bytes (25.3%)
(RDMA_READ_CONSUME_CHECK_CONSUMER) timestamp=726 ms, used_size=10342400 bytes (25.2%)
(RDMA_READ_CONSUME_CHECK_CONSUMER) timestamp=726 ms, used_size=10340352 bytes (25.2%)
(RDMA_READ_CONSUME_CHECK_CONSUMER) timestamp=726 ms, used_size=10338304 bytes (25.2%)
(RDMA_READ_CONSUME_CHECK_CONSUMER) timestamp=726 ms, used_size=10336256 bytes (25.2%)
(RDMA_READ_CONSUME_CHECK_CONSUMER) timestamp=726 ms, used_size=10334208 bytes (25.2%)
(RDMA_READ_CONSUME_CHECK_CONSUMER) timestamp=726 ms, used_size=10332160 bytes (25.2%)
(RDMA_READ_CONSUME_CHECK_CONSUMER) timestamp=726 ms, used_size=10330112 bytes (25.2%)
(RDMA_READ_CONSUME_CHECK_CONSUMER) timestamp=726 ms, used_size=10328064 bytes (25.2%)
(RDMA_READ_CONSUME_CHECK_CONSUMER) timestamp=726 ms, used_size=10326016 bytes (25.2%)
(RDMA_READ_CONSUME_CHECK_CONSUMER) timestamp=726 ms, used_size=10323968 bytes (25.2%)
(RDMA_READ_CONSUME_CHECK_CONSUMER) timestamp=726 ms, used_size=10321920 bytes (25.2%)
(RDMA_READ_CONSUME_CHECK_CONSUMER) timestamp=726 ms, used_size=10319872 bytes (25.2%)
(RDMA_READ_CONSUME_CHECK_CONSUMER) timestamp=726 ms, used_size=10317824 bytes (25.2%)
(RDMA_READ_CONSUME_CHECK_CONSUMER) timestamp=726 ms, used_size=10315776 bytes (25.2%)
(RDMA_READ_CONSUME_CHECK_CONSUMER) timestamp=726 ms, used_size=10313728 bytes (25.2%)
(RDMA_READ_CONSUME_CHECK_CONSUMER) timestamp=726 ms, used_size=10311680 bytes (25.2%)
(RDMA_READ_CONSUME_CHECK_CONSUMER) timestamp=726 ms, used_size=10309632 bytes (25.2%)
(RDMA_READ_CONSUME_CHECK_CONSUMER) timestamp=726 ms, used_size=10307584 bytes (25.2%)
(RDMA_READ_CONSUME_CHECK_CONSUMER) timestamp=726 ms, used_size=10305536 bytes (25.2%)
(RDMA_READ_CONSUME_CHECK_CONSUMER) timestamp=726 ms, used_size=10303488 bytes (25.2%)
(RDMA_READ_CONSUME_CHECK_CONSUMER) timestamp=726 ms, used_size=10301440 bytes (25.1%)
(RDMA_READ_CONSUME_CHECK_CONSUMER) timestamp=726 ms, used_size=10299392 bytes (25.1%)
(RDMA_READ_CONSUME_CHECK_CONSUMER) timestamp=726 ms, used_size=10297344 bytes (25.1%)
(RDMA_READ_CONSUME_CHECK_CONSUMER) timestamp=726 ms, used_size=10295296 bytes (25.1%)
(RDMA_READ_CONSUME_CHECK_CONSUMER) timestamp=726 ms, used_size=10293248 bytes (25.1%)
(RDMA_READ_CONSUME_CHECK_CONSUMER) timestamp=726 ms, used_size=10291200 bytes (25.1%)
(RDMA_READ_CONSUME_CHECK_CONSUMER) timestamp=726 ms, used_size=10289152 bytes (25.1%)
(RDMA_READ_CONSUME_CHECK_CONSUMER) timestamp=726 ms, used_size=10287104 bytes (25.1%)
(RDMA_READ_CONSUME_CHECK_CONSUMER) timestamp=726 ms, used_size=10285056 bytes (25.1%)
(RDMA_READ_CONSUME_CHECK_CONSUMER) timestamp=726 ms, used_size=10283008 bytes (25.1%)
(RDMA_READ_CONSUME_CHECK_CONSUMER) timestamp=726 ms, used_size=10280960 bytes (25.1%)
(RDMA_READ_CONSUME_CHECK_CONSUMER) timestamp=726 ms, used_size=10278912 bytes (25.1%)
(RDMA_READ_CONSUME_CHECK_CONSUMER) timestamp=726 ms, used_size=10276864 bytes (25.1%)
(RDMA_READ_CONSUME_CHECK_CONSUMER) timestamp=726 ms, used_size=10274816 bytes (25.1%)
(RDMA_READ_CONSUME_CHECK_CONSUMER) timestamp=726 ms, used_size=10272768 bytes (25.1%)
(RDMA_READ_CONSUME_CHECK_CONSUMER) timestamp=726 ms, used_size=10270720 bytes (25.1%)
(RDMA_READ_CONSUME_CHECK_CONSUMER) timestamp=726 ms, used_size=10268672 bytes (25.1%)
(RDMA_READ_CONSUME_CHECK_CONSUMER) timestamp=726 ms, used_size=10266624 bytes (25.1%)
(RDMA_READ_CONSUME_CHECK_CONSUMER) timestamp=726 ms, used_size=10264576 bytes (25.1%)
(RDMA_READ_CONSUME_CHECK_CONSUMER) timestamp=726 ms, used_size=10262528 bytes (25.1%)
(RDMA_READ_CONSUME_CHECK_CONSUMER) timestamp=726 ms, used_size=10260480 bytes (25.1%)
(RDMA_READ_CONSUME_CHECK_CONSUMER) timestamp=726 ms, used_size=10258432 bytes (25.0%)
(RDMA_READ_CONSUME_CHECK_CONSUMER) timestamp=726 ms, used_size=10256384 bytes (25.0%)
(RDMA_READ_CONSUME_CHECK_CONSUMER) timestamp=726 ms, used_size=10254336 bytes (25.0%)
(RDMA_READ_CONSUME_CHECK_CONSUMER) timestamp=726 ms, used_size=10252288 bytes (25.0%)
(RDMA_READ_CONSUME_CHECK_CONSUMER) timestamp=726 ms, used_size=10250240 bytes (25.0%)
(RDMA_READ_CONSUME_CHECK_CONSUMER) timestamp=726 ms, used_size=10248192 bytes (25.0%)
(RDMA_READ_CONSUME_CHECK_CONSUMER) timestamp=726 ms, used_size=10246144 bytes (25.0%)
(RDMA_READ_CONSUME_CHECK_CONSUMER) timestamp=726 ms, used_size=10244096 bytes (25.0%)
(RDMA_READ_CONSUME_CHECK_CONSUMER) timestamp=726 ms, used_size=10242048 bytes (25.0%)
(RDMA_READ_CONSUME_CHECK_CONSUMER) timestamp=726 ms, used_size=10240000 bytes (25.0%)
(RDMA_READ_CONSUME_CHECK_CONSUMER) timestamp=726 ms, used_size=10237952 bytes (25.0%)
(RDMA_READ_CONSUME_CHECK_CONSUMER) timestamp=726 ms, used_size=10235904 bytes (25.0%)
(RDMA_READ_CONSUME_CHECK_CONSUMER) timestamp=726 ms, used_size=10233856 bytes (25.0%)
(RDMA_READ_CONSUME_CHECK_CONSUMER) timestamp=726 ms, used_size=10231808 bytes (25.0%)
(RDMA_READ_CONSUME_CHECK_CONSUMER) timestamp=726 ms, used_size=10229760 bytes (25.0%)
(RDMA_READ_CONSUME_CHECK_CONSUMER) timestamp=726 ms, used_size=10227712 bytes (25.0%)
(RDMA_READ_CONSUME_CHECK_CONSUMER) timestamp=726 ms, used_size=10225664 bytes (25.0%)
(RDMA_READ_CONSUME_CHECK_CONSUMER) timestamp=726 ms, used_size=10223616 bytes (25.0%)
(RDMA_READ_CONSUME_CHECK_CONSUMER) timestamp=726 ms, used_size=10221568 bytes (25.0%)
(RDMA_READ_CONSUME_CHECK_CONSUMER) timestamp=726 ms, used_size=10219520 bytes (24.9%)
(RDMA_READ_CONSUME_CHECK_CONSUMER) timestamp=726 ms, used_size=10217472 bytes (24.9%)
(RDMA_READ_CONSUME_CHECK_CONSUMER) timestamp=726 ms, used_size=10215424 bytes (24.9%)
(RDMA_READ_CONSUME_CHECK_CONSUMER) timestamp=726 ms, used_size=10213376 bytes (24.9%)
(RDMA_READ_CONSUME_CHECK_CONSUMER) timestamp=726 ms, used_size=10211328 bytes (24.9%)
(RDMA_READ_CONSUME_CHECK_CONSUMER) timestamp=726 ms, used_size=10209280 bytes (24.9%)
(RDMA_READ_CONSUME_CHECK_CONSUMER) timestamp=726 ms, used_size=10207232 bytes (24.9%)
(RDMA_READ_CONSUME_CHECK_CONSUMER) timestamp=726 ms, used_size=10205184 bytes (24.9%)
(RDMA_READ_CONSUME_CHECK_CONSUMER) timestamp=726 ms, used_size=10203136 bytes (24.9%)
(RDMA_READ_CONSUME_CHECK_CONSUMER) timestamp=726 ms, used_size=10201088 bytes (24.9%)
(RDMA_READ_CONSUME_CHECK_CONSUMER) timestamp=726 ms, used_size=10199040 bytes (24.9%)
(RDMA_READ_CONSUME_CHECK_CONSUMER) timestamp=726 ms, used_size=10196992 bytes (24.9%)
(RDMA_READ_CONSUME_CHECK_CONSUMER) timestamp=726 ms, used_size=10194944 bytes (24.9%)
(RDMA_READ_CONSUME_CHECK_CONSUMER) timestamp=726 ms, used_size=10192896 bytes (24.9%)
(RDMA_READ_CONSUME_CHECK_CONSUMER) timestamp=726 ms, used_size=10190848 bytes (24.9%)
(RDMA_READ_CONSUME_CHECK_CONSUMER) timestamp=726 ms, used_size=10188800 bytes (24.9%)
(RDMA_READ_CONSUME_CHECK_CONSUMER) timestamp=726 ms, used_size=10186752 bytes (24.9%)
(RDMA_READ_CONSUME_CHECK_CONSUMER) timestamp=726 ms, used_size=10184704 bytes (24.9%)
(RDMA_READ_CONSUME_CHECK_CONSUMER) timestamp=726 ms, used_size=10182656 bytes (24.9%)
(RDMA_READ_CONSUME_CHECK_CONSUMER) timestamp=726 ms, used_size=10180608 bytes (24.9%)
(RDMA_READ_CONSUME_CHECK_CONSUMER) timestamp=726 ms, used_size=10178560 bytes (24.9%)
(RDMA_READ_CONSUME_CHECK_CONSUMER) timestamp=726 ms, used_size=10176512 bytes (24.8%)
(RDMA_READ_CONSUME_CHECK_CONSUMER) timestamp=726 ms, used_size=10174464 bytes (24.8%)
(RDMA_READ_CONSUME_CHECK_CONSUMER) timestamp=726 ms, used_size=10172416 bytes (24.8%)
(RDMA_READ_CONSUME_CHECK_CONSUMER) timestamp=726 ms, used_size=10170368 bytes (24.8%)
(RDMA_READ_CONSUME_CHECK_CONSUMER) timestamp=726 ms, used_size=10168320 bytes (24.8%)
(RDMA_READ_CONSUME_CHECK_CONSUMER) timestamp=726 ms, used_size=10166272 bytes (24.8%)
(RDMA_READ_CONSUME_CHECK_CONSUMER) timestamp=726 ms, used_size=10164224 bytes (24.8%)
(RDMA_READ_CONSUME_CHECK_CONSUMER) timestamp=726 ms, used_size=10162176 bytes (24.8%)
(RDMA_READ_CONSUME_CHECK_CONSUMER) timestamp=726 ms, used_size=10160128 bytes (24.8%)
(RDMA_READ_CONSUME_CHECK_CONSUMER) timestamp=726 ms, used_size=10158080 bytes (24.8%)
(RDMA_READ_CONSUME_CHECK_CONSUMER) timestamp=726 ms, used_size=10156032 bytes (24.8%)
(RDMA_READ_CONSUME_CHECK_CONSUMER) timestamp=726 ms, used_size=10153984 bytes (24.8%)
(RDMA_READ_CONSUME_CHECK_CONSUMER) timestamp=726 ms, used_size=10151936 bytes (24.8%)
(RDMA_READ_CONSUME_CHECK_CONSUMER) timestamp=726 ms, used_size=10149888 bytes (24.8%)
(RDMA_READ_CONSUME_CHECK_CONSUMER) timestamp=726 ms, used_size=10147840 bytes (24.8%)
(RDMA_READ_CONSUME_CHECK_CONSUMER) timestamp=726 ms, used_size=10145792 bytes (24.8%)
(RDMA_READ_CONSUME_CHECK_CONSUMER) timestamp=726 ms, used_size=10143744 bytes (24.8%)
(RDMA_READ_CONSUME_CHECK_CONSUMER) timestamp=726 ms, used_size=10141696 bytes (24.8%)
(RDMA_READ_CONSUME_CHECK_CONSUMER) timestamp=726 ms, used_size=10139648 bytes (24.8%)
(RDMA_READ_CONSUME_CHECK_CONSUMER) timestamp=726 ms, used_size=10137600 bytes (24.8%)
(RDMA_READ_CONSUME_CHECK_CONSUMER) timestamp=726 ms, used_size=10135552 bytes (24.7%)
(RDMA_READ_CONSUME_CHECK_CONSUMER) timestamp=726 ms, used_size=10133504 bytes (24.7%)
(RDMA_READ_CONSUME_CHECK_CONSUMER) timestamp=726 ms, used_size=10131456 bytes (24.7%)
(RDMA_READ_CONSUME_CHECK_CONSUMER) timestamp=726 ms, used_size=10129408 bytes (24.7%)
(RDMA_READ_CONSUME_CHECK_CONSUMER) timestamp=726 ms, used_size=10127360 bytes (24.7%)
(RDMA_READ_CONSUME_CHECK_CONSUMER) timestamp=726 ms, used_size=10125312 bytes (24.7%)
(RDMA_READ_CONSUME_CHECK_CONSUMER) timestamp=726 ms, used_size=10123264 bytes (24.7%)
(RDMA_READ_CONSUME_CHECK_CONSUMER) timestamp=726 ms, used_size=10121216 bytes (24.7%)
(RDMA_READ_CONSUME_CHECK_CONSUMER) timestamp=726 ms, used_size=10119168 bytes (24.7%)
(RDMA_READ_CONSUME_CHECK_CONSUMER) timestamp=726 ms, used_size=10117120 bytes (24.7%)
(RDMA_READ_CONSUME_CHECK_CONSUMER) timestamp=726 ms, used_size=10115072 bytes (24.7%)
(RDMA_READ_CONSUME_CHECK_CONSUMER) timestamp=726 ms, used_size=10113024 bytes (24.7%)
(RDMA_READ_CONSUME_CHECK_CONSUMER) timestamp=726 ms, used_size=10110976 bytes (24.7%)
(RDMA_READ_CONSUME_CHECK_CONSUMER) timestamp=726 ms, used_size=10108928 bytes (24.7%)
(RDMA_READ_CONSUME_CHECK_CONSUMER) timestamp=726 ms, used_size=10106880 bytes (24.7%)
(RDMA_READ_CONSUME_CHECK_CONSUMER) timestamp=726 ms, used_size=10104832 bytes (24.7%)
(RDMA_READ_CONSUME_CHECK_CONSUMER) timestamp=726 ms, used_size=10102784 bytes (24.7%)
(RDMA_READ_CONSUME_CHECK_CONSUMER) timestamp=726 ms, used_size=10100736 bytes (24.7%)
(RDMA_READ_CONSUME_CHECK_CONSUMER) timestamp=726 ms, used_size=10098688 bytes (24.7%)
(RDMA_READ_CONSUME_CHECK_CONSUMER) timestamp=726 ms, used_size=10096640 bytes (24.6%)
(RDMA_READ_CONSUME_CHECK_CONSUMER) timestamp=726 ms, used_size=10094592 bytes (24.6%)
(RDMA_READ_CONSUME_CHECK_CONSUMER) timestamp=726 ms, used_size=10092544 bytes (24.6%)
(RDMA_READ_CONSUME_CHECK_CONSUMER) timestamp=727 ms, used_size=10090496 bytes (24.6%)
(RDMA_READ_CONSUME_CHECK_CONSUMER) timestamp=727 ms, used_size=10088448 bytes (24.6%)
(RDMA_READ_CONSUME_CHECK_CONSUMER) timestamp=727 ms, used_size=10086400 bytes (24.6%)
(RDMA_READ_CONSUME_CHECK_CONSUMER) timestamp=727 ms, used_size=10084352 bytes (24.6%)
(RDMA_READ_CONSUME_CHECK_CONSUMER) timestamp=727 ms, used_size=10082304 bytes (24.6%)
(RDMA_READ_CONSUME_CHECK_CONSUMER) timestamp=727 ms, used_size=10080256 bytes (24.6%)
(RDMA_READ_CONSUME_CHECK_CONSUMER) timestamp=727 ms, used_size=10078208 bytes (24.6%)
(RDMA_READ_CONSUME_CHECK_CONSUMER) timestamp=727 ms, used_size=10076160 bytes (24.6%)
(RDMA_READ_CONSUME_CHECK_CONSUMER) timestamp=727 ms, used_size=10074112 bytes (24.6%)
(RDMA_READ_CONSUME_CHECK_CONSUMER) timestamp=727 ms, used_size=10072064 bytes (24.6%)
(RDMA_READ_CONSUME_CHECK_CONSUMER) timestamp=727 ms, used_size=10070016 bytes (24.6%)
(RDMA_READ_CONSUME_CHECK_CONSUMER) timestamp=727 ms, used_size=10067968 bytes (24.6%)
(RDMA_READ_CONSUME_CHECK_CONSUMER) timestamp=727 ms, used_size=10065920 bytes (24.6%)
(RDMA_READ_CONSUME_CHECK_CONSUMER) timestamp=727 ms, used_size=10063872 bytes (24.6%)
(RDMA_READ_CONSUME_CHECK_CONSUMER) timestamp=727 ms, used_size=10061824 bytes (24.6%)
(RDMA_READ_CONSUME_CHECK_CONSUMER) timestamp=727 ms, used_size=10059776 bytes (24.6%)
(RDMA_READ_CONSUME_CHECK_CONSUMER) timestamp=727 ms, used_size=10057728 bytes (24.6%)
(RDMA_READ_CONSUME_CHECK_CONSUMER) timestamp=727 ms, used_size=10055680 bytes (24.6%)
(RDMA_READ_CONSUME_CHECK_CONSUMER) timestamp=727 ms, used_size=10053632 bytes (24.5%)
(RDMA_READ_CONSUME_CHECK_CONSUMER) timestamp=727 ms, used_size=10051584 bytes (24.5%)
(RDMA_READ_CONSUME_CHECK_CONSUMER) timestamp=727 ms, used_size=10049536 bytes (24.5%)
(RDMA_READ_CONSUME_CHECK_CONSUMER) timestamp=727 ms, used_size=10047488 bytes (24.5%)
(RDMA_READ_CONSUME_CHECK_CONSUMER) timestamp=727 ms, used_size=10045440 bytes (24.5%)
(RDMA_READ_CONSUME_CHECK_CONSUMER) timestamp=727 ms, used_size=10043392 bytes (24.5%)
(RDMA_READ_CONSUME_CHECK_CONSUMER) timestamp=727 ms, used_size=10041344 bytes (24.5%)
(RDMA_READ_CONSUME_CHECK_CONSUMER) timestamp=727 ms, used_size=10039296 bytes (24.5%)
(RDMA_READ_CONSUME_CHECK_CONSUMER) timestamp=727 ms, used_size=10037248 bytes (24.5%)
(RDMA_READ_CONSUME_CHECK_CONSUMER) timestamp=727 ms, used_size=10035200 bytes (24.5%)
(RDMA_READ_CONSUME_CHECK_CONSUMER) timestamp=727 ms, used_size=10033152 bytes (24.5%)
(RDMA_READ_CONSUME_CHECK_CONSUMER) timestamp=727 ms, used_size=10031104 bytes (24.5%)
(RDMA_READ_CONSUME_CHECK_CONSUMER) timestamp=727 ms, used_size=10029056 bytes (24.5%)
(RDMA_READ_CONSUME_CHECK_CONSUMER) timestamp=727 ms, used_size=10027008 bytes (24.5%)
(RDMA_READ_CONSUME_CHECK_CONSUMER) timestamp=727 ms, used_size=10024960 bytes (24.5%)
(RDMA_READ_CONSUME_CHECK_CONSUMER) timestamp=727 ms, used_size=10022912 bytes (24.5%)
(RDMA_READ_CONSUME_CHECK_CONSUMER) timestamp=727 ms, used_size=10020864 bytes (24.5%)
(RDMA_READ_CONSUME_CHECK_CONSUMER) timestamp=727 ms, used_size=10018816 bytes (24.5%)
(RDMA_READ_CONSUME_CHECK_CONSUMER) timestamp=727 ms, used_size=10016768 bytes (24.5%)
(RDMA_READ_CONSUME_CHECK_CONSUMER) timestamp=727 ms, used_size=10014720 bytes (24.4%)
(RDMA_READ_CONSUME_CHECK_CONSUMER) timestamp=727 ms, used_size=10012672 bytes (24.4%)
(RDMA_READ_CONSUME_CHECK_CONSUMER) timestamp=727 ms, used_size=10010624 bytes (24.4%)
(RDMA_READ_CONSUME_CHECK_CONSUMER) timestamp=727 ms, used_size=10008576 bytes (24.4%)
(RDMA_READ_CONSUME_CHECK_CONSUMER) timestamp=727 ms, used_size=10006528 bytes (24.4%)
(RDMA_READ_CONSUME_CHECK_CONSUMER) timestamp=727 ms, used_size=10004480 bytes (24.4%)
(RDMA_READ_CONSUME_CHECK_CONSUMER) timestamp=727 ms, used_size=10002432 bytes (24.4%)
(RDMA_READ_CONSUME_CHECK_CONSUMER) timestamp=727 ms, used_size=10000384 bytes (24.4%)
(RDMA_READ_CONSUME_CHECK_CONSUMER) timestamp=727 ms, used_size=9998336 bytes (24.4%)
(RDMA_READ_CONSUME_CHECK_CONSUMER) timestamp=727 ms, used_size=9996288 bytes (24.4%)
(RDMA_READ_CONSUME_CHECK_CONSUMER) timestamp=727 ms, used_size=9994240 bytes (24.4%)
(RDMA_READ_CONSUME_CHECK_CONSUMER) timestamp=727 ms, used_size=9992192 bytes (24.4%)
(RDMA_READ_CONSUME_CHECK_CONSUMER) timestamp=727 ms, used_size=9990144 bytes (24.4%)
(RDMA_READ_CONSUME_CHECK_CONSUMER) timestamp=727 ms, used_size=9988096 bytes (24.4%)
(RDMA_READ_CONSUME_CHECK_CONSUMER) timestamp=727 ms, used_size=9986048 bytes (24.4%)
(RDMA_READ_CONSUME_CHECK_CONSUMER) timestamp=727 ms, used_size=9984000 bytes (24.4%)
(RDMA_READ_CONSUME_CHECK_CONSUMER) timestamp=727 ms, used_size=9981952 bytes (24.4%)
(RDMA_READ_CONSUME_CHECK_CONSUMER) timestamp=727 ms, used_size=9979904 bytes (24.4%)
(RDMA_READ_CONSUME_CHECK_CONSUMER) timestamp=727 ms, used_size=9977856 bytes (24.4%)
(RDMA_READ_CONSUME_CHECK_CONSUMER) timestamp=727 ms, used_size=9975808 bytes (24.4%)
(RDMA_READ_CONSUME_CHECK_CONSUMER) timestamp=727 ms, used_size=9973760 bytes (24.4%)
(RDMA_READ_CONSUME_CHECK_CONSUMER) timestamp=727 ms, used_size=9971712 bytes (24.3%)
(RDMA_READ_CONSUME_CHECK_CONSUMER) timestamp=727 ms, used_size=9969664 bytes (24.3%)
(RDMA_READ_CONSUME_CHECK_CONSUMER) timestamp=727 ms, used_size=9967616 bytes (24.3%)
(RDMA_READ_CONSUME_CHECK_CONSUMER) timestamp=727 ms, used_size=9965568 bytes (24.3%)
(RDMA_READ_CONSUME_CHECK_CONSUMER) timestamp=727 ms, used_size=9963520 bytes (24.3%)
(RDMA_READ_CONSUME_CHECK_CONSUMER) timestamp=727 ms, used_size=9961472 bytes (24.3%)
(RDMA_READ_CONSUME_CHECK_CONSUMER) timestamp=727 ms, used_size=9959424 bytes (24.3%)
(RDMA_READ_CONSUME_CHECK_CONSUMER) timestamp=727 ms, used_size=9957376 bytes (24.3%)
(RDMA_READ_CONSUME_CHECK_CONSUMER) timestamp=727 ms, used_size=9955328 bytes (24.3%)
(RDMA_READ_CONSUME_CHECK_CONSUMER) timestamp=727 ms, used_size=9953280 bytes (24.3%)
(RDMA_READ_CONSUME_CHECK_CONSUMER) timestamp=727 ms, used_size=9951232 bytes (24.3%)
(RDMA_READ_CONSUME_CHECK_CONSUMER) timestamp=727 ms, used_size=9949184 bytes (24.3%)
(RDMA_READ_CONSUME_CHECK_CONSUMER) timestamp=727 ms, used_size=9947136 bytes (24.3%)
(RDMA_READ_CONSUME_CHECK_CONSUMER) timestamp=727 ms, used_size=9945088 bytes (24.3%)
(RDMA_READ_CONSUME_CHECK_CONSUMER) timestamp=727 ms, used_size=9943040 bytes (24.3%)
(RDMA_READ_CONSUME_CHECK_CONSUMER) timestamp=727 ms, used_size=9940992 bytes (24.3%)
(RDMA_READ_CONSUME_CHECK_CONSUMER) timestamp=727 ms, used_size=9938944 bytes (24.3%)
(RDMA_READ_CONSUME_CHECK_CONSUMER) timestamp=727 ms, used_size=9936896 bytes (24.3%)
(RDMA_READ_CONSUME_CHECK_CONSUMER) timestamp=727 ms, used_size=9934848 bytes (24.3%)
(RDMA_READ_CONSUME_CHECK_CONSUMER) timestamp=727 ms, used_size=9932800 bytes (24.2%)
(RDMA_READ_CONSUME_CHECK_CONSUMER) timestamp=727 ms, used_size=9930752 bytes (24.2%)
(RDMA_READ_CONSUME_CHECK_CONSUMER) timestamp=727 ms, used_size=9928704 bytes (24.2%)
(RDMA_READ_CONSUME_CHECK_CONSUMER) timestamp=727 ms, used_size=9926656 bytes (24.2%)
(RDMA_READ_CONSUME_CHECK_CONSUMER) timestamp=727 ms, used_size=9924608 bytes (24.2%)
(RDMA_READ_CONSUME_CHECK_CONSUMER) timestamp=727 ms, used_size=9922560 bytes (24.2%)
(RDMA_READ_CONSUME_CHECK_CONSUMER) timestamp=727 ms, used_size=9920512 bytes (24.2%)
(RDMA_READ_CONSUME_CHECK_CONSUMER) timestamp=727 ms, used_size=9918464 bytes (24.2%)
(RDMA_READ_CONSUME_CHECK_CONSUMER) timestamp=727 ms, used_size=9916416 bytes (24.2%)
(RDMA_READ_CONSUME_CHECK_CONSUMER) timestamp=727 ms, used_size=9914368 bytes (24.2%)
(RDMA_READ_CONSUME_CHECK_CONSUMER) timestamp=727 ms, used_size=9912320 bytes (24.2%)
(RDMA_READ_CONSUME_CHECK_CONSUMER) timestamp=727 ms, used_size=9910272 bytes (24.2%)
(RDMA_READ_CONSUME_CHECK_CONSUMER) timestamp=727 ms, used_size=9908224 bytes (24.2%)
(RDMA_READ_CONSUME_CHECK_CONSUMER) timestamp=727 ms, used_size=9906176 bytes (24.2%)
(RDMA_READ_CONSUME_CHECK_CONSUMER) timestamp=727 ms, used_size=9904128 bytes (24.2%)
(RDMA_READ_CONSUME_CHECK_CONSUMER) timestamp=727 ms, used_size=9902080 bytes (24.2%)
(RDMA_READ_CONSUME_CHECK_CONSUMER) timestamp=727 ms, used_size=9900032 bytes (24.2%)
(RDMA_READ_CONSUME_CHECK_CONSUMER) timestamp=727 ms, used_size=9897984 bytes (24.2%)
(RDMA_READ_CONSUME_CHECK_CONSUMER) timestamp=727 ms, used_size=9895936 bytes (24.2%)
(RDMA_READ_CONSUME_CHECK_CONSUMER) timestamp=727 ms, used_size=9893888 bytes (24.2%)
(RDMA_READ_CONSUME_CHECK_CONSUMER) timestamp=727 ms, used_size=9891840 bytes (24.1%)
(RDMA_READ_CONSUME_CHECK_CONSUMER) timestamp=727 ms, used_size=9889792 bytes (24.1%)
(RDMA_READ_CONSUME_CHECK_CONSUMER) timestamp=727 ms, used_size=9887744 bytes (24.1%)
(RDMA_READ_CONSUME_CHECK_CONSUMER) timestamp=727 ms, used_size=9885696 bytes (24.1%)
(RDMA_READ_CONSUME_CHECK_CONSUMER) timestamp=727 ms, used_size=9883648 bytes (24.1%)
(RDMA_READ_CONSUME_CHECK_CONSUMER) timestamp=727 ms, used_size=9881600 bytes (24.1%)
(RDMA_READ_CONSUME_CHECK_CONSUMER) timestamp=727 ms, used_size=9879552 bytes (24.1%)
(RDMA_READ_CONSUME_CHECK_CONSUMER) timestamp=727 ms, used_size=9877504 bytes (24.1%)
(RDMA_READ_CONSUME_CHECK_CONSUMER) timestamp=727 ms, used_size=9875456 bytes (24.1%)
(RDMA_READ_CONSUME_CHECK_CONSUMER) timestamp=727 ms, used_size=9873408 bytes (24.1%)
(RDMA_READ_CONSUME_CHECK_CONSUMER) timestamp=727 ms, used_size=9871360 bytes (24.1%)
(RDMA_READ_CONSUME_CHECK_CONSUMER) timestamp=727 ms, used_size=9869312 bytes (24.1%)
(RDMA_READ_CONSUME_CHECK_CONSUMER) timestamp=727 ms, used_size=9867264 bytes (24.1%)
(RDMA_READ_CONSUME_CHECK_CONSUMER) timestamp=727 ms, used_size=9865216 bytes (24.1%)
(RDMA_READ_CONSUME_CHECK_CONSUMER) timestamp=727 ms, used_size=9863168 bytes (24.1%)
(RDMA_READ_CONSUME_CHECK_CONSUMER) timestamp=727 ms, used_size=9861120 bytes (24.1%)
(RDMA_READ_CONSUME_CHECK_CONSUMER) timestamp=727 ms, used_size=9859072 bytes (24.1%)
(RDMA_READ_CONSUME_CHECK_CONSUMER) timestamp=727 ms, used_size=9857024 bytes (24.1%)
(RDMA_READ_CONSUME_CHECK_CONSUMER) timestamp=727 ms, used_size=9854976 bytes (24.1%)
(RDMA_READ_CONSUME_CHECK_CONSUMER) timestamp=727 ms, used_size=9852928 bytes (24.1%)
(RDMA_READ_CONSUME_CHECK_CONSUMER) timestamp=727 ms, used_size=9850880 bytes (24.1%)
(RDMA_READ_CONSUME_CHECK_CONSUMER) timestamp=727 ms, used_size=9848832 bytes (24.0%)
(RDMA_READ_CONSUME_CHECK_CONSUMER) timestamp=727 ms, used_size=9846784 bytes (24.0%)
(RDMA_READ_CONSUME_CHECK_CONSUMER) timestamp=727 ms, used_size=9844736 bytes (24.0%)
(RDMA_READ_CONSUME_CHECK_CONSUMER) timestamp=727 ms, used_size=9842688 bytes (24.0%)
(RDMA_READ_CONSUME_CHECK_CONSUMER) timestamp=727 ms, used_size=9840640 bytes (24.0%)
(RDMA_READ_CONSUME_CHECK_CONSUMER) timestamp=727 ms, used_size=9838592 bytes (24.0%)
(RDMA_READ_CONSUME_CHECK_CONSUMER) timestamp=727 ms, used_size=9836544 bytes (24.0%)
(RDMA_READ_CONSUME_CHECK_CONSUMER) timestamp=727 ms, used_size=9834496 bytes (24.0%)
(RDMA_READ_CONSUME_CHECK_CONSUMER) timestamp=727 ms, used_size=9832448 bytes (24.0%)
(RDMA_READ_CONSUME_CHECK_CONSUMER) timestamp=727 ms, used_size=9830400 bytes (24.0%)
(RDMA_READ_CONSUME_CHECK_CONSUMER) timestamp=727 ms, used_size=9828352 bytes (24.0%)
(RDMA_READ_CONSUME_CHECK_CONSUMER) timestamp=727 ms, used_size=9826304 bytes (24.0%)
(RDMA_READ_CONSUME_CHECK_CONSUMER) timestamp=727 ms, used_size=9824256 bytes (24.0%)
(RDMA_READ_CONSUME_CHECK_CONSUMER) timestamp=727 ms, used_size=9822208 bytes (24.0%)
(RDMA_READ_CONSUME_CHECK_CONSUMER) timestamp=727 ms, used_size=9820160 bytes (24.0%)
(RDMA_READ_CONSUME_CHECK_CONSUMER) timestamp=727 ms, used_size=9818112 bytes (24.0%)
(RDMA_READ_CONSUME_CHECK_CONSUMER) timestamp=727 ms, used_size=9816064 bytes (24.0%)
(RDMA_READ_CONSUME_CHECK_CONSUMER) timestamp=727 ms, used_size=9814016 bytes (24.0%)
(RDMA_READ_CONSUME_CHECK_CONSUMER) timestamp=727 ms, used_size=9811968 bytes (24.0%)
(RDMA_READ_CONSUME_CHECK_CONSUMER) timestamp=727 ms, used_size=9809920 bytes (23.9%)
(RDMA_READ_CONSUME_CHECK_CONSUMER) timestamp=727 ms, used_size=9807872 bytes (23.9%)
(RDMA_READ_CONSUME_CHECK_CONSUMER) timestamp=727 ms, used_size=9805824 bytes (23.9%)
(RDMA_READ_CONSUME_CHECK_CONSUMER) timestamp=727 ms, used_size=9803776 bytes (23.9%)
(RDMA_READ_CONSUME_CHECK_CONSUMER) timestamp=727 ms, used_size=9801728 bytes (23.9%)
(RDMA_READ_CONSUME_CHECK_CONSUMER) timestamp=727 ms, used_size=9799680 bytes (23.9%)
(RDMA_READ_CONSUME_CHECK_CONSUMER) timestamp=727 ms, used_size=9797632 bytes (23.9%)
(RDMA_READ_CONSUME_CHECK_CONSUMER) timestamp=727 ms, used_size=9795584 bytes (23.9%)
(RDMA_READ_CONSUME_CHECK_CONSUMER) timestamp=727 ms, used_size=9793536 bytes (23.9%)
(RDMA_READ_CONSUME_CHECK_CONSUMER) timestamp=727 ms, used_size=9791488 bytes (23.9%)
(RDMA_READ_CONSUME_CHECK_CONSUMER) timestamp=727 ms, used_size=9789440 bytes (23.9%)
(RDMA_READ_CONSUME_CHECK_CONSUMER) timestamp=727 ms, used_size=9787392 bytes (23.9%)
(RDMA_READ_CONSUME_CHECK_CONSUMER) timestamp=727 ms, used_size=9785344 bytes (23.9%)
(RDMA_READ_CONSUME_CHECK_CONSUMER) timestamp=727 ms, used_size=9783296 bytes (23.9%)
(RDMA_READ_CONSUME_CHECK_CONSUMER) timestamp=727 ms, used_size=9781248 bytes (23.9%)
(RDMA_READ_CONSUME_CHECK_CONSUMER) timestamp=727 ms, used_size=9779200 bytes (23.9%)
(RDMA_READ_CONSUME_CHECK_CONSUMER) timestamp=727 ms, used_size=9777152 bytes (23.9%)
(RDMA_READ_CONSUME_CHECK_CONSUMER) timestamp=727 ms, used_size=9775104 bytes (23.9%)
(RDMA_READ_CONSUME_CHECK_CONSUMER) timestamp=727 ms, used_size=9773056 bytes (23.9%)
(RDMA_READ_CONSUME_CHECK_CONSUMER) timestamp=727 ms, used_size=9771008 bytes (23.9%)
(RDMA_READ_CONSUME_CHECK_CONSUMER) timestamp=727 ms, used_size=9768960 bytes (23.9%)
(RDMA_READ_CONSUME_CHECK_CONSUMER) timestamp=727 ms, used_size=9766912 bytes (23.8%)
(RDMA_READ_CONSUME_CHECK_CONSUMER) timestamp=727 ms, used_size=9764864 bytes (23.8%)
(RDMA_READ_CONSUME_CHECK_CONSUMER) timestamp=727 ms, used_size=9762816 bytes (23.8%)
(RDMA_READ_CONSUME_CHECK_CONSUMER) timestamp=727 ms, used_size=9760768 bytes (23.8%)
(RDMA_READ_CONSUME_CHECK_CONSUMER) timestamp=727 ms, used_size=9758720 bytes (23.8%)
(RDMA_READ_CONSUME_CHECK_CONSUMER) timestamp=727 ms, used_size=9756672 bytes (23.8%)
(RDMA_READ_CONSUME_CHECK_CONSUMER) timestamp=727 ms, used_size=9754624 bytes (23.8%)
(RDMA_READ_CONSUME_CHECK_CONSUMER) timestamp=727 ms, used_size=9752576 bytes (23.8%)
(RDMA_READ_CONSUME_CHECK_CONSUMER) timestamp=727 ms, used_size=9750528 bytes (23.8%)
(RDMA_READ_CONSUME_CHECK_CONSUMER) timestamp=727 ms, used_size=9748480 bytes (23.8%)
(RDMA_READ_CONSUME_CHECK_CONSUMER) timestamp=727 ms, used_size=9746432 bytes (23.8%)
(RDMA_READ_CONSUME_CHECK_CONSUMER) timestamp=727 ms, used_size=9744384 bytes (23.8%)
(RDMA_READ_CONSUME_CHECK_CONSUMER) timestamp=727 ms, used_size=9742336 bytes (23.8%)
(RDMA_READ_CONSUME_CHECK_CONSUMER) timestamp=727 ms, used_size=9740288 bytes (23.8%)
(RDMA_READ_CONSUME_CHECK_CONSUMER) timestamp=727 ms, used_size=9738240 bytes (23.8%)
(RDMA_READ_CONSUME_CHECK_CONSUMER) timestamp=727 ms, used_size=9736192 bytes (23.8%)
(RDMA_READ_CONSUME_CHECK_CONSUMER) timestamp=727 ms, used_size=9734144 bytes (23.8%)
(RDMA_READ_CONSUME_CHECK_CONSUMER) timestamp=727 ms, used_size=9732096 bytes (23.8%)
(RDMA_READ_CONSUME_CHECK_CONSUMER) timestamp=727 ms, used_size=9730048 bytes (23.8%)
(RDMA_READ_CONSUME_CHECK_CONSUMER) timestamp=727 ms, used_size=9728000 bytes (23.8%)
(RDMA_READ_CONSUME_CHECK_CONSUMER) timestamp=727 ms, used_size=9725952 bytes (23.7%)
(RDMA_READ_CONSUME_CHECK_CONSUMER) timestamp=727 ms, used_size=9723904 bytes (23.7%)
(RDMA_READ_CONSUME_CHECK_CONSUMER) timestamp=727 ms, used_size=9721856 bytes (23.7%)
(RDMA_READ_CONSUME_CHECK_CONSUMER) timestamp=727 ms, used_size=9719808 bytes (23.7%)
(RDMA_READ_CONSUME_CHECK_CONSUMER) timestamp=728 ms, used_size=9717760 bytes (23.7%)
(RDMA_READ_CONSUME_CHECK_CONSUMER) timestamp=728 ms, used_size=9715712 bytes (23.7%)
(RDMA_READ_CONSUME_CHECK_CONSUMER) timestamp=728 ms, used_size=9713664 bytes (23.7%)
(RDMA_READ_CONSUME_CHECK_CONSUMER) timestamp=728 ms, used_size=9711616 bytes (23.7%)
(RDMA_READ_CONSUME_CHECK_CONSUMER) timestamp=728 ms, used_size=9709568 bytes (23.7%)
(RDMA_READ_CONSUME_CHECK_CONSUMER) timestamp=728 ms, used_size=9707520 bytes (23.7%)
(RDMA_READ_CONSUME_CHECK_CONSUMER) timestamp=728 ms, used_size=9705472 bytes (23.7%)
(RDMA_READ_CONSUME_CHECK_CONSUMER) timestamp=728 ms, used_size=9703424 bytes (23.7%)
(RDMA_READ_CONSUME_CHECK_CONSUMER) timestamp=728 ms, used_size=9701376 bytes (23.7%)
(RDMA_READ_CONSUME_CHECK_CONSUMER) timestamp=728 ms, used_size=9699328 bytes (23.7%)
(RDMA_READ_CONSUME_CHECK_CONSUMER) timestamp=728 ms, used_size=9697280 bytes (23.7%)
(RDMA_READ_CONSUME_CHECK_CONSUMER) timestamp=728 ms, used_size=9695232 bytes (23.7%)
(RDMA_READ_CONSUME_CHECK_CONSUMER) timestamp=728 ms, used_size=9693184 bytes (23.7%)
(RDMA_READ_CONSUME_CHECK_CONSUMER) timestamp=728 ms, used_size=9691136 bytes (23.7%)
(RDMA_READ_CONSUME_CHECK_CONSUMER) timestamp=728 ms, used_size=9689088 bytes (23.7%)
(RDMA_READ_CONSUME_CHECK_CONSUMER) timestamp=728 ms, used_size=9687040 bytes (23.6%)
(RDMA_READ_CONSUME_CHECK_CONSUMER) timestamp=728 ms, used_size=9684992 bytes (23.6%)
(RDMA_READ_CONSUME_CHECK_CONSUMER) timestamp=728 ms, used_size=9682944 bytes (23.6%)
(RDMA_READ_CONSUME_CHECK_CONSUMER) timestamp=728 ms, used_size=9680896 bytes (23.6%)
(RDMA_READ_CONSUME_CHECK_CONSUMER) timestamp=728 ms, used_size=9678848 bytes (23.6%)
(RDMA_READ_CONSUME_CHECK_CONSUMER) timestamp=728 ms, used_size=9676800 bytes (23.6%)
(RDMA_READ_CONSUME_CHECK_CONSUMER) timestamp=728 ms, used_size=9674752 bytes (23.6%)
(RDMA_READ_CONSUME_CHECK_CONSUMER) timestamp=728 ms, used_size=9672704 bytes (23.6%)
(RDMA_READ_CONSUME_CHECK_CONSUMER) timestamp=728 ms, used_size=9670656 bytes (23.6%)
(RDMA_READ_CONSUME_CHECK_CONSUMER) timestamp=728 ms, used_size=9668608 bytes (23.6%)
(RDMA_READ_CONSUME_CHECK_CONSUMER) timestamp=728 ms, used_size=9666560 bytes (23.6%)
(RDMA_READ_CONSUME_CHECK_CONSUMER) timestamp=728 ms, used_size=9664512 bytes (23.6%)
(RDMA_READ_CONSUME_CHECK_CONSUMER) timestamp=728 ms, used_size=9662464 bytes (23.6%)
(RDMA_READ_CONSUME_CHECK_CONSUMER) timestamp=728 ms, used_size=9660416 bytes (23.6%)
(RDMA_READ_CONSUME_CHECK_CONSUMER) timestamp=728 ms, used_size=9658368 bytes (23.6%)
(RDMA_READ_CONSUME_CHECK_CONSUMER) timestamp=728 ms, used_size=9656320 bytes (23.6%)
(RDMA_READ_CONSUME_CHECK_CONSUMER) timestamp=728 ms, used_size=9654272 bytes (23.6%)
(RDMA_READ_CONSUME_CHECK_CONSUMER) timestamp=728 ms, used_size=9652224 bytes (23.6%)
(RDMA_READ_CONSUME_CHECK_CONSUMER) timestamp=728 ms, used_size=9650176 bytes (23.6%)
(RDMA_READ_CONSUME_CHECK_CONSUMER) timestamp=728 ms, used_size=9648128 bytes (23.6%)
(RDMA_READ_CONSUME_CHECK_CONSUMER) timestamp=728 ms, used_size=9646080 bytes (23.6%)
(RDMA_READ_CONSUME_CHECK_CONSUMER) timestamp=728 ms, used_size=9644032 bytes (23.5%)
(RDMA_READ_CONSUME_CHECK_CONSUMER) timestamp=728 ms, used_size=9641984 bytes (23.5%)
(RDMA_READ_CONSUME_CHECK_CONSUMER) timestamp=728 ms, used_size=9639936 bytes (23.5%)
(RDMA_READ_CONSUME_CHECK_CONSUMER) timestamp=728 ms, used_size=9637888 bytes (23.5%)
(RDMA_READ_CONSUME_CHECK_CONSUMER) timestamp=728 ms, used_size=9635840 bytes (23.5%)
(RDMA_READ_CONSUME_CHECK_CONSUMER) timestamp=728 ms, used_size=9633792 bytes (23.5%)
(RDMA_READ_CONSUME_CHECK_CONSUMER) timestamp=728 ms, used_size=9631744 bytes (23.5%)
(RDMA_READ_CONSUME_CHECK_CONSUMER) timestamp=728 ms, used_size=9629696 bytes (23.5%)
(RDMA_READ_CONSUME_CHECK_CONSUMER) timestamp=728 ms, used_size=9627648 bytes (23.5%)
(RDMA_READ_CONSUME_CHECK_CONSUMER) timestamp=728 ms, used_size=9625600 bytes (23.5%)
(RDMA_READ_CONSUME_CHECK_CONSUMER) timestamp=728 ms, used_size=9623552 bytes (23.5%)
(RDMA_READ_CONSUME_CHECK_CONSUMER) timestamp=728 ms, used_size=9621504 bytes (23.5%)
(RDMA_READ_CONSUME_CHECK_CONSUMER) timestamp=728 ms, used_size=9619456 bytes (23.5%)
(RDMA_READ_CONSUME_CHECK_CONSUMER) timestamp=728 ms, used_size=9617408 bytes (23.5%)
(RDMA_READ_CONSUME_CHECK_CONSUMER) timestamp=728 ms, used_size=9615360 bytes (23.5%)
(RDMA_READ_CONSUME_CHECK_CONSUMER) timestamp=728 ms, used_size=9613312 bytes (23.5%)
(RDMA_READ_CONSUME_CHECK_CONSUMER) timestamp=728 ms, used_size=9611264 bytes (23.5%)
(RDMA_READ_CONSUME_CHECK_CONSUMER) timestamp=728 ms, used_size=9609216 bytes (23.5%)
(RDMA_READ_CONSUME_CHECK_CONSUMER) timestamp=728 ms, used_size=9607168 bytes (23.5%)
(RDMA_READ_CONSUME_CHECK_CONSUMER) timestamp=728 ms, used_size=9605120 bytes (23.4%)
(RDMA_READ_CONSUME_CHECK_CONSUMER) timestamp=728 ms, used_size=9603072 bytes (23.4%)
(RDMA_READ_CONSUME_CHECK_CONSUMER) timestamp=728 ms, used_size=9601024 bytes (23.4%)
(RDMA_READ_CONSUME_CHECK_CONSUMER) timestamp=728 ms, used_size=9598976 bytes (23.4%)
(RDMA_READ_CONSUME_CHECK_CONSUMER) timestamp=728 ms, used_size=9596928 bytes (23.4%)
(RDMA_READ_CONSUME_CHECK_CONSUMER) timestamp=728 ms, used_size=9594880 bytes (23.4%)
(RDMA_READ_CONSUME_CHECK_CONSUMER) timestamp=728 ms, used_size=9592832 bytes (23.4%)
(RDMA_READ_CONSUME_CHECK_CONSUMER) timestamp=728 ms, used_size=9590784 bytes (23.4%)
(RDMA_READ_CONSUME_CHECK_CONSUMER) timestamp=728 ms, used_size=9588736 bytes (23.4%)
(RDMA_READ_CONSUME_CHECK_CONSUMER) timestamp=728 ms, used_size=9586688 bytes (23.4%)
(RDMA_READ_CONSUME_CHECK_CONSUMER) timestamp=728 ms, used_size=9584640 bytes (23.4%)
(RDMA_READ_CONSUME_CHECK_CONSUMER) timestamp=728 ms, used_size=9582592 bytes (23.4%)
(RDMA_READ_CONSUME_CHECK_CONSUMER) timestamp=728 ms, used_size=9580544 bytes (23.4%)
(RDMA_READ_CONSUME_CHECK_CONSUMER) timestamp=728 ms, used_size=9578496 bytes (23.4%)
(RDMA_READ_CONSUME_CHECK_CONSUMER) timestamp=728 ms, used_size=9576448 bytes (23.4%)
(RDMA_READ_CONSUME_CHECK_CONSUMER) timestamp=728 ms, used_size=9574400 bytes (23.4%)
(RDMA_READ_CONSUME_CHECK_CONSUMER) timestamp=728 ms, used_size=9572352 bytes (23.4%)
(RDMA_READ_CONSUME_CHECK_CONSUMER) timestamp=728 ms, used_size=9570304 bytes (23.4%)
(RDMA_READ_CONSUME_CHECK_CONSUMER) timestamp=728 ms, used_size=9568256 bytes (23.4%)
(RDMA_READ_CONSUME_CHECK_CONSUMER) timestamp=728 ms, used_size=9566208 bytes (23.4%)
(RDMA_READ_CONSUME_CHECK_CONSUMER) timestamp=728 ms, used_size=9564160 bytes (23.4%)
(RDMA_READ_CONSUME_CHECK_CONSUMER) timestamp=728 ms, used_size=9562112 bytes (23.3%)
(RDMA_READ_CONSUME_CHECK_CONSUMER) timestamp=728 ms, used_size=9560064 bytes (23.3%)
(RDMA_READ_CONSUME_CHECK_CONSUMER) timestamp=728 ms, used_size=9558016 bytes (23.3%)
(RDMA_READ_CONSUME_CHECK_CONSUMER) timestamp=728 ms, used_size=9555968 bytes (23.3%)
(RDMA_READ_CONSUME_CHECK_CONSUMER) timestamp=728 ms, used_size=9553920 bytes (23.3%)
(RDMA_READ_CONSUME_CHECK_CONSUMER) timestamp=728 ms, used_size=9551872 bytes (23.3%)
(RDMA_READ_CONSUME_CHECK_CONSUMER) timestamp=728 ms, used_size=9549824 bytes (23.3%)
(RDMA_READ_CONSUME_CHECK_CONSUMER) timestamp=728 ms, used_size=9547776 bytes (23.3%)
(RDMA_READ_CONSUME_CHECK_CONSUMER) timestamp=728 ms, used_size=9545728 bytes (23.3%)
(RDMA_READ_CONSUME_CHECK_CONSUMER) timestamp=728 ms, used_size=9543680 bytes (23.3%)
(RDMA_READ_CONSUME_CHECK_CONSUMER) timestamp=728 ms, used_size=9541632 bytes (23.3%)
(RDMA_READ_CONSUME_CHECK_CONSUMER) timestamp=728 ms, used_size=9539584 bytes (23.3%)
(RDMA_READ_CONSUME_CHECK_CONSUMER) timestamp=728 ms, used_size=9537536 bytes (23.3%)
(RDMA_READ_CONSUME_CHECK_CONSUMER) timestamp=728 ms, used_size=9535488 bytes (23.3%)
(RDMA_READ_CONSUME_CHECK_CONSUMER) timestamp=728 ms, used_size=9533440 bytes (23.3%)
(RDMA_READ_CONSUME_CHECK_CONSUMER) timestamp=728 ms, used_size=9531392 bytes (23.3%)
(RDMA_READ_CONSUME_CHECK_CONSUMER) timestamp=728 ms, used_size=9529344 bytes (23.3%)
(RDMA_READ_CONSUME_CHECK_CONSUMER) timestamp=728 ms, used_size=9527296 bytes (23.3%)
(RDMA_READ_CONSUME_CHECK_CONSUMER) timestamp=728 ms, used_size=9525248 bytes (23.3%)
(RDMA_READ_CONSUME_CHECK_CONSUMER) timestamp=728 ms, used_size=9523200 bytes (23.2%)
(RDMA_READ_CONSUME_CHECK_CONSUMER) timestamp=728 ms, used_size=9521152 bytes (23.2%)
(RDMA_READ_CONSUME_CHECK_CONSUMER) timestamp=728 ms, used_size=9519104 bytes (23.2%)
(RDMA_READ_CONSUME_CHECK_CONSUMER) timestamp=728 ms, used_size=9517056 bytes (23.2%)
(RDMA_READ_CONSUME_CHECK_CONSUMER) timestamp=728 ms, used_size=9515008 bytes (23.2%)
(RDMA_READ_CONSUME_CHECK_CONSUMER) timestamp=728 ms, used_size=9512960 bytes (23.2%)
(RDMA_READ_CONSUME_CHECK_CONSUMER) timestamp=728 ms, used_size=9510912 bytes (23.2%)
(RDMA_READ_CONSUME_CHECK_CONSUMER) timestamp=728 ms, used_size=9508864 bytes (23.2%)
(RDMA_READ_CONSUME_CHECK_CONSUMER) timestamp=728 ms, used_size=9506816 bytes (23.2%)
(RDMA_READ_CONSUME_CHECK_CONSUMER) timestamp=728 ms, used_size=9504768 bytes (23.2%)
(RDMA_READ_CONSUME_CHECK_CONSUMER) timestamp=728 ms, used_size=9502720 bytes (23.2%)
(RDMA_READ_CONSUME_CHECK_CONSUMER) timestamp=728 ms, used_size=9500672 bytes (23.2%)
(RDMA_READ_CONSUME_CHECK_CONSUMER) timestamp=728 ms, used_size=9498624 bytes (23.2%)
(RDMA_READ_CONSUME_CHECK_CONSUMER) timestamp=728 ms, used_size=9496576 bytes (23.2%)
(RDMA_READ_CONSUME_CHECK_CONSUMER) timestamp=728 ms, used_size=9494528 bytes (23.2%)
(RDMA_READ_CONSUME_CHECK_CONSUMER) timestamp=728 ms, used_size=9492480 bytes (23.2%)
(RDMA_READ_CONSUME_CHECK_CONSUMER) timestamp=728 ms, used_size=9490432 bytes (23.2%)
(RDMA_READ_CONSUME_CHECK_CONSUMER) timestamp=728 ms, used_size=9488384 bytes (23.2%)
(RDMA_READ_CONSUME_CHECK_CONSUMER) timestamp=728 ms, used_size=9486336 bytes (23.2%)
(RDMA_READ_CONSUME_CHECK_CONSUMER) timestamp=728 ms, used_size=9484288 bytes (23.2%)
(RDMA_READ_CONSUME_CHECK_CONSUMER) timestamp=728 ms, used_size=9482240 bytes (23.1%)
(RDMA_READ_CONSUME_CHECK_CONSUMER) timestamp=728 ms, used_size=9480192 bytes (23.1%)
(RDMA_READ_CONSUME_CHECK_CONSUMER) timestamp=728 ms, used_size=9478144 bytes (23.1%)
(RDMA_READ_CONSUME_CHECK_CONSUMER) timestamp=728 ms, used_size=9476096 bytes (23.1%)
(RDMA_READ_CONSUME_CHECK_CONSUMER) timestamp=728 ms, used_size=9474048 bytes (23.1%)
(RDMA_READ_CONSUME_CHECK_CONSUMER) timestamp=728 ms, used_size=9472000 bytes (23.1%)
(RDMA_READ_CONSUME_CHECK_CONSUMER) timestamp=728 ms, used_size=9469952 bytes (23.1%)
(RDMA_READ_CONSUME_CHECK_CONSUMER) timestamp=728 ms, used_size=9467904 bytes (23.1%)
(RDMA_READ_CONSUME_CHECK_CONSUMER) timestamp=728 ms, used_size=9465856 bytes (23.1%)
(RDMA_READ_CONSUME_CHECK_CONSUMER) timestamp=728 ms, used_size=9463808 bytes (23.1%)
(RDMA_READ_CONSUME_CHECK_CONSUMER) timestamp=728 ms, used_size=9461760 bytes (23.1%)
(RDMA_READ_CONSUME_CHECK_CONSUMER) timestamp=728 ms, used_size=9459712 bytes (23.1%)
(RDMA_READ_CONSUME_CHECK_CONSUMER) timestamp=728 ms, used_size=9457664 bytes (23.1%)
(RDMA_READ_CONSUME_CHECK_CONSUMER) timestamp=728 ms, used_size=9455616 bytes (23.1%)
(RDMA_READ_CONSUME_CHECK_CONSUMER) timestamp=728 ms, used_size=9453568 bytes (23.1%)
(RDMA_READ_CONSUME_CHECK_CONSUMER) timestamp=728 ms, used_size=9451520 bytes (23.1%)
(RDMA_READ_CONSUME_CHECK_CONSUMER) timestamp=728 ms, used_size=9449472 bytes (23.1%)
(RDMA_READ_CONSUME_CHECK_CONSUMER) timestamp=728 ms, used_size=9447424 bytes (23.1%)
(RDMA_READ_CONSUME_CHECK_CONSUMER) timestamp=728 ms, used_size=9445376 bytes (23.1%)
(RDMA_READ_CONSUME_CHECK_CONSUMER) timestamp=728 ms, used_size=9443328 bytes (23.1%)
(RDMA_READ_CONSUME_CHECK_CONSUMER) timestamp=728 ms, used_size=9441280 bytes (23.1%)
(RDMA_READ_CONSUME_CHECK_CONSUMER) timestamp=728 ms, used_size=9439232 bytes (23.0%)
(RDMA_READ_CONSUME_CHECK_CONSUMER) timestamp=728 ms, used_size=9437184 bytes (23.0%)
(RDMA_READ_CONSUME_CHECK_CONSUMER) timestamp=728 ms, used_size=9435136 bytes (23.0%)
(RDMA_READ_CONSUME_CHECK_CONSUMER) timestamp=728 ms, used_size=9433088 bytes (23.0%)
(RDMA_READ_CONSUME_CHECK_CONSUMER) timestamp=728 ms, used_size=9431040 bytes (23.0%)
(RDMA_READ_CONSUME_CHECK_CONSUMER) timestamp=728 ms, used_size=9428992 bytes (23.0%)
(RDMA_READ_CONSUME_CHECK_CONSUMER) timestamp=728 ms, used_size=9426944 bytes (23.0%)
(RDMA_READ_CONSUME_CHECK_CONSUMER) timestamp=728 ms, used_size=9424896 bytes (23.0%)
(RDMA_READ_CONSUME_CHECK_CONSUMER) timestamp=728 ms, used_size=9422848 bytes (23.0%)
(RDMA_READ_CONSUME_CHECK_CONSUMER) timestamp=728 ms, used_size=9420800 bytes (23.0%)
(RDMA_READ_CONSUME_CHECK_CONSUMER) timestamp=728 ms, used_size=9418752 bytes (23.0%)
(RDMA_READ_CONSUME_CHECK_CONSUMER) timestamp=728 ms, used_size=9416704 bytes (23.0%)
(RDMA_READ_CONSUME_CHECK_CONSUMER) timestamp=728 ms, used_size=9414656 bytes (23.0%)
(RDMA_READ_CONSUME_CHECK_CONSUMER) timestamp=728 ms, used_size=9412608 bytes (23.0%)
(RDMA_READ_CONSUME_CHECK_CONSUMER) timestamp=728 ms, used_size=9410560 bytes (23.0%)
(RDMA_READ_CONSUME_CHECK_CONSUMER) timestamp=728 ms, used_size=9408512 bytes (23.0%)
(RDMA_READ_CONSUME_CHECK_CONSUMER) timestamp=728 ms, used_size=9406464 bytes (23.0%)
(RDMA_READ_CONSUME_CHECK_CONSUMER) timestamp=728 ms, used_size=9404416 bytes (23.0%)
(RDMA_READ_CONSUME_CHECK_CONSUMER) timestamp=728 ms, used_size=9402368 bytes (23.0%)
(RDMA_READ_CONSUME_CHECK_CONSUMER) timestamp=728 ms, used_size=9400320 bytes (22.9%)
(RDMA_READ_CONSUME_CHECK_CONSUMER) timestamp=728 ms, used_size=9398272 bytes (22.9%)
(RDMA_READ_CONSUME_CHECK_CONSUMER) timestamp=728 ms, used_size=9396224 bytes (22.9%)
(RDMA_READ_CONSUME_CHECK_CONSUMER) timestamp=728 ms, used_size=9394176 bytes (22.9%)
(RDMA_READ_CONSUME_CHECK_CONSUMER) timestamp=728 ms, used_size=9392128 bytes (22.9%)
(RDMA_READ_CONSUME_CHECK_CONSUMER) timestamp=728 ms, used_size=9390080 bytes (22.9%)
(RDMA_READ_CONSUME_CHECK_CONSUMER) timestamp=728 ms, used_size=9388032 bytes (22.9%)
(RDMA_READ_CONSUME_CHECK_CONSUMER) timestamp=728 ms, used_size=9385984 bytes (22.9%)
(RDMA_READ_CONSUME_CHECK_CONSUMER) timestamp=728 ms, used_size=9383936 bytes (22.9%)
(RDMA_READ_CONSUME_CHECK_CONSUMER) timestamp=728 ms, used_size=9381888 bytes (22.9%)
(RDMA_READ_CONSUME_CHECK_CONSUMER) timestamp=728 ms, used_size=9379840 bytes (22.9%)
(RDMA_READ_CONSUME_CHECK_CONSUMER) timestamp=728 ms, used_size=9377792 bytes (22.9%)
(RDMA_READ_CONSUME_CHECK_CONSUMER) timestamp=728 ms, used_size=9375744 bytes (22.9%)
(RDMA_READ_CONSUME_CHECK_CONSUMER) timestamp=728 ms, used_size=9373696 bytes (22.9%)
(RDMA_READ_CONSUME_CHECK_CONSUMER) timestamp=728 ms, used_size=9371648 bytes (22.9%)
(RDMA_READ_CONSUME_CHECK_CONSUMER) timestamp=728 ms, used_size=9369600 bytes (22.9%)
(RDMA_READ_CONSUME_CHECK_CONSUMER) timestamp=728 ms, used_size=9367552 bytes (22.9%)
(RDMA_READ_CONSUME_CHECK_CONSUMER) timestamp=728 ms, used_size=9365504 bytes (22.9%)
(RDMA_READ_CONSUME_CHECK_CONSUMER) timestamp=728 ms, used_size=9363456 bytes (22.9%)
(RDMA_READ_CONSUME_CHECK_CONSUMER) timestamp=728 ms, used_size=9361408 bytes (22.9%)
(RDMA_READ_CONSUME_CHECK_CONSUMER) timestamp=728 ms, used_size=9359360 bytes (22.9%)
(RDMA_READ_CONSUME_CHECK_CONSUMER) timestamp=728 ms, used_size=9357312 bytes (22.8%)
(RDMA_READ_CONSUME_CHECK_CONSUMER) timestamp=729 ms, used_size=9355264 bytes (22.8%)
(RDMA_READ_CONSUME_CHECK_CONSUMER) timestamp=729 ms, used_size=9353216 bytes (22.8%)
(RDMA_READ_CONSUME_CHECK_CONSUMER) timestamp=729 ms, used_size=9351168 bytes (22.8%)
(RDMA_READ_CONSUME_CHECK_CONSUMER) timestamp=729 ms, used_size=9349120 bytes (22.8%)
(RDMA_READ_CONSUME_CHECK_CONSUMER) timestamp=729 ms, used_size=9347072 bytes (22.8%)
(RDMA_READ_CONSUME_CHECK_CONSUMER) timestamp=729 ms, used_size=9345024 bytes (22.8%)
(RDMA_READ_CONSUME_CHECK_CONSUMER) timestamp=729 ms, used_size=9342976 bytes (22.8%)
(RDMA_READ_CONSUME_CHECK_CONSUMER) timestamp=729 ms, used_size=9340928 bytes (22.8%)
(RDMA_READ_CONSUME_CHECK_CONSUMER) timestamp=729 ms, used_size=9338880 bytes (22.8%)
(RDMA_READ_CONSUME_CHECK_CONSUMER) timestamp=729 ms, used_size=9336832 bytes (22.8%)
(RDMA_READ_CONSUME_CHECK_CONSUMER) timestamp=729 ms, used_size=9334784 bytes (22.8%)
(RDMA_READ_CONSUME_CHECK_CONSUMER) timestamp=729 ms, used_size=9332736 bytes (22.8%)
(RDMA_READ_CONSUME_CHECK_CONSUMER) timestamp=729 ms, used_size=9330688 bytes (22.8%)
(RDMA_READ_CONSUME_CHECK_CONSUMER) timestamp=729 ms, used_size=9328640 bytes (22.8%)
(RDMA_READ_CONSUME_CHECK_CONSUMER) timestamp=729 ms, used_size=9326592 bytes (22.8%)
(RDMA_READ_CONSUME_CHECK_CONSUMER) timestamp=729 ms, used_size=9324544 bytes (22.8%)
(RDMA_READ_CONSUME_CHECK_CONSUMER) timestamp=729 ms, used_size=9322496 bytes (22.8%)
(RDMA_READ_CONSUME_CHECK_CONSUMER) timestamp=729 ms, used_size=9320448 bytes (22.8%)
(RDMA_READ_CONSUME_CHECK_CONSUMER) timestamp=729 ms, used_size=9318400 bytes (22.8%)
(RDMA_READ_CONSUME_CHECK_CONSUMER) timestamp=729 ms, used_size=9316352 bytes (22.7%)
(RDMA_READ_CONSUME_CHECK_CONSUMER) timestamp=729 ms, used_size=9314304 bytes (22.7%)
(RDMA_READ_CONSUME_CHECK_CONSUMER) timestamp=729 ms, used_size=9312256 bytes (22.7%)
(RDMA_READ_CONSUME_CHECK_CONSUMER) timestamp=729 ms, used_size=9310208 bytes (22.7%)
(RDMA_READ_CONSUME_CHECK_CONSUMER) timestamp=729 ms, used_size=9308160 bytes (22.7%)
(RDMA_READ_CONSUME_CHECK_CONSUMER) timestamp=729 ms, used_size=9306112 bytes (22.7%)
(RDMA_READ_CONSUME_CHECK_CONSUMER) timestamp=729 ms, used_size=9304064 bytes (22.7%)
(RDMA_READ_CONSUME_CHECK_CONSUMER) timestamp=729 ms, used_size=9302016 bytes (22.7%)
(RDMA_READ_CONSUME_CHECK_CONSUMER) timestamp=729 ms, used_size=9299968 bytes (22.7%)
(RDMA_READ_CONSUME_CHECK_CONSUMER) timestamp=729 ms, used_size=9297920 bytes (22.7%)
(RDMA_READ_CONSUME_CHECK_CONSUMER) timestamp=729 ms, used_size=9295872 bytes (22.7%)
(RDMA_READ_CONSUME_CHECK_CONSUMER) timestamp=729 ms, used_size=9293824 bytes (22.7%)
(RDMA_READ_CONSUME_CHECK_CONSUMER) timestamp=729 ms, used_size=9291776 bytes (22.7%)
(RDMA_READ_CONSUME_CHECK_CONSUMER) timestamp=729 ms, used_size=9289728 bytes (22.7%)
(RDMA_READ_CONSUME_CHECK_CONSUMER) timestamp=729 ms, used_size=9287680 bytes (22.7%)
(RDMA_READ_CONSUME_CHECK_CONSUMER) timestamp=729 ms, used_size=9285632 bytes (22.7%)
(RDMA_READ_CONSUME_CHECK_CONSUMER) timestamp=729 ms, used_size=9283584 bytes (22.7%)
(RDMA_READ_CONSUME_CHECK_CONSUMER) timestamp=729 ms, used_size=9281536 bytes (22.7%)
(RDMA_READ_CONSUME_CHECK_CONSUMER) timestamp=729 ms, used_size=9279488 bytes (22.7%)
(RDMA_READ_CONSUME_CHECK_CONSUMER) timestamp=729 ms, used_size=9277440 bytes (22.6%)
(RDMA_READ_CONSUME_CHECK_CONSUMER) timestamp=729 ms, used_size=9275392 bytes (22.6%)
(RDMA_READ_CONSUME_CHECK_CONSUMER) timestamp=729 ms, used_size=9273344 bytes (22.6%)
(RDMA_READ_CONSUME_CHECK_CONSUMER) timestamp=729 ms, used_size=9271296 bytes (22.6%)
(RDMA_READ_CONSUME_CHECK_CONSUMER) timestamp=729 ms, used_size=9269248 bytes (22.6%)
(RDMA_READ_CONSUME_CHECK_CONSUMER) timestamp=729 ms, used_size=9267200 bytes (22.6%)
(RDMA_READ_CONSUME_CHECK_CONSUMER) timestamp=729 ms, used_size=9265152 bytes (22.6%)
(RDMA_READ_CONSUME_CHECK_CONSUMER) timestamp=729 ms, used_size=9263104 bytes (22.6%)
(RDMA_READ_CONSUME_CHECK_CONSUMER) timestamp=729 ms, used_size=9261056 bytes (22.6%)
(RDMA_READ_CONSUME_CHECK_CONSUMER) timestamp=729 ms, used_size=9259008 bytes (22.6%)
(RDMA_READ_CONSUME_CHECK_CONSUMER) timestamp=729 ms, used_size=9256960 bytes (22.6%)
(RDMA_READ_CONSUME_CHECK_CONSUMER) timestamp=729 ms, used_size=9254912 bytes (22.6%)
(RDMA_READ_CONSUME_CHECK_CONSUMER) timestamp=729 ms, used_size=9252864 bytes (22.6%)
(RDMA_READ_CONSUME_CHECK_CONSUMER) timestamp=729 ms, used_size=9250816 bytes (22.6%)
(RDMA_READ_CONSUME_CHECK_CONSUMER) timestamp=729 ms, used_size=9248768 bytes (22.6%)
(RDMA_READ_CONSUME_CHECK_CONSUMER) timestamp=729 ms, used_size=9246720 bytes (22.6%)
(RDMA_READ_CONSUME_CHECK_CONSUMER) timestamp=729 ms, used_size=9244672 bytes (22.6%)
(RDMA_READ_CONSUME_CHECK_CONSUMER) timestamp=729 ms, used_size=9242624 bytes (22.6%)
(RDMA_READ_CONSUME_CHECK_CONSUMER) timestamp=729 ms, used_size=9240576 bytes (22.6%)
(RDMA_READ_CONSUME_CHECK_CONSUMER) timestamp=729 ms, used_size=9238528 bytes (22.6%)
(RDMA_READ_CONSUME_CHECK_CONSUMER) timestamp=729 ms, used_size=9236480 bytes (22.6%)
(RDMA_READ_CONSUME_CHECK_CONSUMER) timestamp=729 ms, used_size=9234432 bytes (22.5%)
(RDMA_READ_CONSUME_CHECK_CONSUMER) timestamp=729 ms, used_size=9232384 bytes (22.5%)
(RDMA_READ_CONSUME_CHECK_CONSUMER) timestamp=729 ms, used_size=9230336 bytes (22.5%)
(RDMA_READ_CONSUME_CHECK_CONSUMER) timestamp=729 ms, used_size=9228288 bytes (22.5%)
(RDMA_READ_CONSUME_CHECK_CONSUMER) timestamp=729 ms, used_size=9226240 bytes (22.5%)
(RDMA_READ_CONSUME_CHECK_CONSUMER) timestamp=729 ms, used_size=9224192 bytes (22.5%)
(RDMA_READ_CONSUME_CHECK_CONSUMER) timestamp=729 ms, used_size=9222144 bytes (22.5%)
(RDMA_READ_CONSUME_CHECK_CONSUMER) timestamp=729 ms, used_size=9220096 bytes (22.5%)
(RDMA_READ_CONSUME_CHECK_CONSUMER) timestamp=729 ms, used_size=9218048 bytes (22.5%)
(RDMA_READ_CONSUME_CHECK_CONSUMER) timestamp=729 ms, used_size=9216000 bytes (22.5%)
(RDMA_READ_CONSUME_CHECK_CONSUMER) timestamp=729 ms, used_size=9213952 bytes (22.5%)
(RDMA_READ_CONSUME_CHECK_CONSUMER) timestamp=729 ms, used_size=9211904 bytes (22.5%)
(RDMA_READ_CONSUME_CHECK_CONSUMER) timestamp=729 ms, used_size=9209856 bytes (22.5%)
(RDMA_READ_CONSUME_CHECK_CONSUMER) timestamp=729 ms, used_size=9207808 bytes (22.5%)
(RDMA_READ_CONSUME_CHECK_CONSUMER) timestamp=729 ms, used_size=9205760 bytes (22.5%)
(RDMA_READ_CONSUME_CHECK_CONSUMER) timestamp=729 ms, used_size=9203712 bytes (22.5%)
(RDMA_READ_CONSUME_CHECK_CONSUMER) timestamp=729 ms, used_size=9201664 bytes (22.5%)
(RDMA_READ_CONSUME_CHECK_CONSUMER) timestamp=729 ms, used_size=9199616 bytes (22.5%)
(RDMA_READ_CONSUME_CHECK_CONSUMER) timestamp=729 ms, used_size=9197568 bytes (22.5%)
(RDMA_READ_CONSUME_CHECK_CONSUMER) timestamp=729 ms, used_size=9195520 bytes (22.4%)
(RDMA_READ_CONSUME_CHECK_CONSUMER) timestamp=729 ms, used_size=9193472 bytes (22.4%)
(RDMA_READ_CONSUME_CHECK_CONSUMER) timestamp=729 ms, used_size=9191424 bytes (22.4%)
(RDMA_READ_CONSUME_CHECK_CONSUMER) timestamp=729 ms, used_size=9189376 bytes (22.4%)
(RDMA_READ_CONSUME_CHECK_CONSUMER) timestamp=729 ms, used_size=9187328 bytes (22.4%)
(RDMA_READ_CONSUME_CHECK_CONSUMER) timestamp=729 ms, used_size=9185280 bytes (22.4%)
(RDMA_READ_CONSUME_CHECK_CONSUMER) timestamp=729 ms, used_size=9183232 bytes (22.4%)
(RDMA_READ_CONSUME_CHECK_CONSUMER) timestamp=729 ms, used_size=9181184 bytes (22.4%)
(RDMA_READ_CONSUME_CHECK_CONSUMER) timestamp=729 ms, used_size=9179136 bytes (22.4%)
(RDMA_READ_CONSUME_CHECK_CONSUMER) timestamp=729 ms, used_size=9177088 bytes (22.4%)
(RDMA_READ_CONSUME_CHECK_CONSUMER) timestamp=729 ms, used_size=9175040 bytes (22.4%)
(RDMA_READ_CONSUME_CHECK_CONSUMER) timestamp=729 ms, used_size=9172992 bytes (22.4%)
(RDMA_READ_CONSUME_CHECK_CONSUMER) timestamp=729 ms, used_size=9170944 bytes (22.4%)
(RDMA_READ_CONSUME_CHECK_CONSUMER) timestamp=729 ms, used_size=9168896 bytes (22.4%)
(RDMA_READ_CONSUME_CHECK_CONSUMER) timestamp=729 ms, used_size=9166848 bytes (22.4%)
(RDMA_READ_CONSUME_CHECK_CONSUMER) timestamp=729 ms, used_size=9164800 bytes (22.4%)
(RDMA_READ_CONSUME_CHECK_CONSUMER) timestamp=729 ms, used_size=9162752 bytes (22.4%)
(RDMA_READ_CONSUME_CHECK_CONSUMER) timestamp=729 ms, used_size=9160704 bytes (22.4%)
(RDMA_READ_CONSUME_CHECK_CONSUMER) timestamp=729 ms, used_size=9158656 bytes (22.4%)
(RDMA_READ_CONSUME_CHECK_CONSUMER) timestamp=729 ms, used_size=9156608 bytes (22.4%)
(RDMA_READ_CONSUME_CHECK_CONSUMER) timestamp=729 ms, used_size=9154560 bytes (22.4%)
(RDMA_READ_CONSUME_CHECK_CONSUMER) timestamp=729 ms, used_size=9152512 bytes (22.3%)
(RDMA_READ_CONSUME_CHECK_CONSUMER) timestamp=729 ms, used_size=9150464 bytes (22.3%)
(RDMA_READ_CONSUME_CHECK_CONSUMER) timestamp=729 ms, used_size=9148416 bytes (22.3%)
(RDMA_READ_CONSUME_CHECK_CONSUMER) timestamp=729 ms, used_size=9146368 bytes (22.3%)
(RDMA_READ_CONSUME_CHECK_CONSUMER) timestamp=729 ms, used_size=9144320 bytes (22.3%)
(RDMA_READ_CONSUME_CHECK_CONSUMER) timestamp=729 ms, used_size=9142272 bytes (22.3%)
(RDMA_READ_CONSUME_CHECK_CONSUMER) timestamp=729 ms, used_size=9140224 bytes (22.3%)
(RDMA_READ_CONSUME_CHECK_CONSUMER) timestamp=729 ms, used_size=9138176 bytes (22.3%)
(RDMA_READ_CONSUME_CHECK_CONSUMER) timestamp=729 ms, used_size=9136128 bytes (22.3%)
(RDMA_READ_CONSUME_CHECK_CONSUMER) timestamp=729 ms, used_size=9134080 bytes (22.3%)
(RDMA_READ_CONSUME_CHECK_CONSUMER) timestamp=729 ms, used_size=9132032 bytes (22.3%)
(RDMA_READ_CONSUME_CHECK_CONSUMER) timestamp=729 ms, used_size=9129984 bytes (22.3%)
(RDMA_READ_CONSUME_CHECK_CONSUMER) timestamp=729 ms, used_size=9127936 bytes (22.3%)
(RDMA_READ_CONSUME_CHECK_CONSUMER) timestamp=729 ms, used_size=9125888 bytes (22.3%)
(RDMA_READ_CONSUME_CHECK_CONSUMER) timestamp=729 ms, used_size=9123840 bytes (22.3%)
(RDMA_READ_CONSUME_CHECK_CONSUMER) timestamp=729 ms, used_size=9121792 bytes (22.3%)
(RDMA_READ_CONSUME_CHECK_CONSUMER) timestamp=729 ms, used_size=9119744 bytes (22.3%)
(RDMA_READ_CONSUME_CHECK_CONSUMER) timestamp=729 ms, used_size=9117696 bytes (22.3%)
(RDMA_READ_CONSUME_CHECK_CONSUMER) timestamp=729 ms, used_size=9115648 bytes (22.3%)
(RDMA_READ_CONSUME_CHECK_CONSUMER) timestamp=729 ms, used_size=9113600 bytes (22.2%)
(RDMA_READ_CONSUME_CHECK_CONSUMER) timestamp=729 ms, used_size=9111552 bytes (22.2%)
(RDMA_READ_CONSUME_CHECK_CONSUMER) timestamp=729 ms, used_size=9109504 bytes (22.2%)
(RDMA_READ_CONSUME_CHECK_CONSUMER) timestamp=729 ms, used_size=9107456 bytes (22.2%)
(RDMA_READ_CONSUME_CHECK_CONSUMER) timestamp=729 ms, used_size=9105408 bytes (22.2%)
(RDMA_READ_CONSUME_CHECK_CONSUMER) timestamp=729 ms, used_size=9103360 bytes (22.2%)
(RDMA_READ_CONSUME_CHECK_CONSUMER) timestamp=729 ms, used_size=9101312 bytes (22.2%)
(RDMA_READ_CONSUME_CHECK_CONSUMER) timestamp=729 ms, used_size=9099264 bytes (22.2%)
(RDMA_READ_CONSUME_CHECK_CONSUMER) timestamp=729 ms, used_size=9097216 bytes (22.2%)
(RDMA_READ_CONSUME_CHECK_CONSUMER) timestamp=729 ms, used_size=9095168 bytes (22.2%)
(RDMA_READ_CONSUME_CHECK_CONSUMER) timestamp=729 ms, used_size=9093120 bytes (22.2%)
(RDMA_READ_CONSUME_CHECK_CONSUMER) timestamp=729 ms, used_size=9091072 bytes (22.2%)
(RDMA_READ_CONSUME_CHECK_CONSUMER) timestamp=729 ms, used_size=9089024 bytes (22.2%)
(RDMA_READ_CONSUME_CHECK_CONSUMER) timestamp=729 ms, used_size=9086976 bytes (22.2%)
(RDMA_READ_CONSUME_CHECK_CONSUMER) timestamp=729 ms, used_size=9084928 bytes (22.2%)
(RDMA_READ_CONSUME_CHECK_CONSUMER) timestamp=729 ms, used_size=9082880 bytes (22.2%)
(RDMA_READ_CONSUME_CHECK_CONSUMER) timestamp=729 ms, used_size=9080832 bytes (22.2%)
(RDMA_READ_CONSUME_CHECK_CONSUMER) timestamp=729 ms, used_size=9078784 bytes (22.2%)
(RDMA_READ_CONSUME_CHECK_CONSUMER) timestamp=729 ms, used_size=9076736 bytes (22.2%)
(RDMA_READ_CONSUME_CHECK_CONSUMER) timestamp=729 ms, used_size=9074688 bytes (22.2%)
(RDMA_READ_CONSUME_CHECK_CONSUMER) timestamp=729 ms, used_size=9072640 bytes (22.1%)
(RDMA_READ_CONSUME_CHECK_CONSUMER) timestamp=729 ms, used_size=9070592 bytes (22.1%)
(RDMA_READ_CONSUME_CHECK_CONSUMER) timestamp=729 ms, used_size=9068544 bytes (22.1%)
(RDMA_READ_CONSUME_CHECK_CONSUMER) timestamp=729 ms, used_size=9066496 bytes (22.1%)
(RDMA_READ_CONSUME_CHECK_CONSUMER) timestamp=729 ms, used_size=9064448 bytes (22.1%)
(RDMA_READ_CONSUME_CHECK_CONSUMER) timestamp=729 ms, used_size=9062400 bytes (22.1%)
(RDMA_READ_CONSUME_CHECK_CONSUMER) timestamp=729 ms, used_size=9060352 bytes (22.1%)
(RDMA_READ_CONSUME_CHECK_CONSUMER) timestamp=729 ms, used_size=9058304 bytes (22.1%)
(RDMA_READ_CONSUME_CHECK_CONSUMER) timestamp=729 ms, used_size=9056256 bytes (22.1%)
(RDMA_READ_CONSUME_CHECK_CONSUMER) timestamp=729 ms, used_size=9054208 bytes (22.1%)
(RDMA_READ_CONSUME_CHECK_CONSUMER) timestamp=729 ms, used_size=9052160 bytes (22.1%)
(RDMA_READ_CONSUME_CHECK_CONSUMER) timestamp=729 ms, used_size=9050112 bytes (22.1%)
(RDMA_READ_CONSUME_CHECK_CONSUMER) timestamp=729 ms, used_size=9048064 bytes (22.1%)
(RDMA_READ_CONSUME_CHECK_CONSUMER) timestamp=729 ms, used_size=9046016 bytes (22.1%)
(RDMA_READ_CONSUME_CHECK_CONSUMER) timestamp=729 ms, used_size=9043968 bytes (22.1%)
(RDMA_READ_CONSUME_CHECK_CONSUMER) timestamp=729 ms, used_size=9041920 bytes (22.1%)
(RDMA_READ_CONSUME_CHECK_CONSUMER) timestamp=729 ms, used_size=9039872 bytes (22.1%)
(RDMA_READ_CONSUME_CHECK_CONSUMER) timestamp=729 ms, used_size=9037824 bytes (22.1%)
(RDMA_READ_CONSUME_CHECK_CONSUMER) timestamp=729 ms, used_size=9035776 bytes (22.1%)
(RDMA_READ_CONSUME_CHECK_CONSUMER) timestamp=729 ms, used_size=9033728 bytes (22.1%)
(RDMA_READ_CONSUME_CHECK_CONSUMER) timestamp=729 ms, used_size=9031680 bytes (22.1%)
(RDMA_READ_CONSUME_CHECK_CONSUMER) timestamp=729 ms, used_size=9029632 bytes (22.0%)
(RDMA_READ_CONSUME_CHECK_CONSUMER) timestamp=729 ms, used_size=9027584 bytes (22.0%)
(RDMA_READ_CONSUME_CHECK_CONSUMER) timestamp=729 ms, used_size=9025536 bytes (22.0%)
(RDMA_READ_CONSUME_CHECK_CONSUMER) timestamp=729 ms, used_size=9023488 bytes (22.0%)
(RDMA_READ_CONSUME_CHECK_CONSUMER) timestamp=729 ms, used_size=9021440 bytes (22.0%)
(RDMA_READ_CONSUME_CHECK_CONSUMER) timestamp=729 ms, used_size=9019392 bytes (22.0%)
(RDMA_READ_CONSUME_CHECK_CONSUMER) timestamp=729 ms, used_size=9017344 bytes (22.0%)
(RDMA_READ_CONSUME_CHECK_CONSUMER) timestamp=729 ms, used_size=9015296 bytes (22.0%)
(RDMA_READ_CONSUME_CHECK_CONSUMER) timestamp=729 ms, used_size=9013248 bytes (22.0%)
(RDMA_READ_CONSUME_CHECK_CONSUMER) timestamp=729 ms, used_size=9011200 bytes (22.0%)
(RDMA_READ_CONSUME_CHECK_CONSUMER) timestamp=729 ms, used_size=9009152 bytes (22.0%)
(RDMA_READ_CONSUME_CHECK_CONSUMER) timestamp=729 ms, used_size=9007104 bytes (22.0%)
(RDMA_READ_CONSUME_CHECK_CONSUMER) timestamp=729 ms, used_size=9005056 bytes (22.0%)
(RDMA_READ_CONSUME_CHECK_CONSUMER) timestamp=729 ms, used_size=9003008 bytes (22.0%)
(RDMA_READ_CONSUME_CHECK_CONSUMER) timestamp=729 ms, used_size=9000960 bytes (22.0%)
(RDMA_READ_CONSUME_CHECK_CONSUMER) timestamp=729 ms, used_size=8998912 bytes (22.0%)
(RDMA_READ_CONSUME_CHECK_CONSUMER) timestamp=729 ms, used_size=8996864 bytes (22.0%)
(RDMA_READ_CONSUME_CHECK_CONSUMER) timestamp=729 ms, used_size=8994816 bytes (22.0%)
(RDMA_READ_CONSUME_CHECK_CONSUMER) timestamp=729 ms, used_size=8992768 bytes (22.0%)
(RDMA_READ_CONSUME_CHECK_CONSUMER) timestamp=729 ms, used_size=8990720 bytes (21.9%)
(RDMA_READ_CONSUME_CHECK_CONSUMER) timestamp=729 ms, used_size=8988672 bytes (21.9%)
(RDMA_READ_CONSUME_CHECK_CONSUMER) timestamp=729 ms, used_size=8986624 bytes (21.9%)
(RDMA_READ_CONSUME_CHECK_CONSUMER) timestamp=729 ms, used_size=8984576 bytes (21.9%)
(RDMA_READ_CONSUME_CHECK_CONSUMER) timestamp=730 ms, used_size=8982528 bytes (21.9%)
(RDMA_READ_CONSUME_CHECK_CONSUMER) timestamp=730 ms, used_size=8980480 bytes (21.9%)
(RDMA_READ_CONSUME_CHECK_CONSUMER) timestamp=730 ms, used_size=8978432 bytes (21.9%)
(RDMA_READ_CONSUME_CHECK_CONSUMER) timestamp=730 ms, used_size=8976384 bytes (21.9%)
(RDMA_READ_CONSUME_CHECK_CONSUMER) timestamp=730 ms, used_size=8974336 bytes (21.9%)
(RDMA_READ_CONSUME_CHECK_CONSUMER) timestamp=730 ms, used_size=8972288 bytes (21.9%)
(RDMA_READ_CONSUME_CHECK_CONSUMER) timestamp=730 ms, used_size=8970240 bytes (21.9%)
(RDMA_READ_CONSUME_CHECK_CONSUMER) timestamp=730 ms, used_size=8968192 bytes (21.9%)
(RDMA_READ_CONSUME_CHECK_CONSUMER) timestamp=730 ms, used_size=8966144 bytes (21.9%)
(RDMA_READ_CONSUME_CHECK_CONSUMER) timestamp=730 ms, used_size=8964096 bytes (21.9%)
(RDMA_READ_CONSUME_CHECK_CONSUMER) timestamp=730 ms, used_size=8962048 bytes (21.9%)
(RDMA_READ_CONSUME_CHECK_CONSUMER) timestamp=730 ms, used_size=8960000 bytes (21.9%)
(RDMA_READ_CONSUME_CHECK_CONSUMER) timestamp=730 ms, used_size=8957952 bytes (21.9%)
(RDMA_READ_CONSUME_CHECK_CONSUMER) timestamp=730 ms, used_size=8955904 bytes (21.9%)
(RDMA_READ_CONSUME_CHECK_CONSUMER) timestamp=730 ms, used_size=8953856 bytes (21.9%)
(RDMA_READ_CONSUME_CHECK_CONSUMER) timestamp=730 ms, used_size=8951808 bytes (21.9%)
(RDMA_READ_CONSUME_CHECK_CONSUMER) timestamp=730 ms, used_size=8949760 bytes (21.9%)
(RDMA_READ_CONSUME_CHECK_CONSUMER) timestamp=730 ms, used_size=8947712 bytes (21.8%)
(RDMA_READ_CONSUME_CHECK_CONSUMER) timestamp=730 ms, used_size=8945664 bytes (21.8%)
(RDMA_READ_CONSUME_CHECK_CONSUMER) timestamp=730 ms, used_size=8943616 bytes (21.8%)
(RDMA_READ_CONSUME_CHECK_CONSUMER) timestamp=730 ms, used_size=8941568 bytes (21.8%)
(RDMA_READ_CONSUME_CHECK_CONSUMER) timestamp=730 ms, used_size=8939520 bytes (21.8%)
(RDMA_READ_CONSUME_CHECK_CONSUMER) timestamp=730 ms, used_size=8937472 bytes (21.8%)
(RDMA_READ_CONSUME_CHECK_CONSUMER) timestamp=730 ms, used_size=8935424 bytes (21.8%)
(RDMA_READ_CONSUME_CHECK_CONSUMER) timestamp=730 ms, used_size=8933376 bytes (21.8%)
(RDMA_READ_CONSUME_CHECK_CONSUMER) timestamp=730 ms, used_size=8931328 bytes (21.8%)
(RDMA_READ_CONSUME_CHECK_CONSUMER) timestamp=730 ms, used_size=8929280 bytes (21.8%)
(RDMA_READ_CONSUME_CHECK_CONSUMER) timestamp=730 ms, used_size=8927232 bytes (21.8%)
(RDMA_READ_CONSUME_CHECK_CONSUMER) timestamp=730 ms, used_size=8925184 bytes (21.8%)
(RDMA_READ_CONSUME_CHECK_CONSUMER) timestamp=730 ms, used_size=8923136 bytes (21.8%)
(RDMA_READ_CONSUME_CHECK_CONSUMER) timestamp=730 ms, used_size=8921088 bytes (21.8%)
(RDMA_READ_CONSUME_CHECK_CONSUMER) timestamp=730 ms, used_size=8919040 bytes (21.8%)
(RDMA_READ_CONSUME_CHECK_CONSUMER) timestamp=730 ms, used_size=8916992 bytes (21.8%)
(RDMA_READ_CONSUME_CHECK_CONSUMER) timestamp=730 ms, used_size=8914944 bytes (21.8%)
(RDMA_READ_CONSUME_CHECK_CONSUMER) timestamp=730 ms, used_size=8912896 bytes (21.8%)
(RDMA_READ_CONSUME_CHECK_CONSUMER) timestamp=730 ms, used_size=8910848 bytes (21.8%)
(RDMA_READ_CONSUME_CHECK_CONSUMER) timestamp=730 ms, used_size=8908800 bytes (21.8%)
(RDMA_READ_CONSUME_CHECK_CONSUMER) timestamp=730 ms, used_size=8906752 bytes (21.7%)
(RDMA_READ_CONSUME_CHECK_CONSUMER) timestamp=730 ms, used_size=8904704 bytes (21.7%)
(RDMA_READ_CONSUME_CHECK_CONSUMER) timestamp=730 ms, used_size=8902656 bytes (21.7%)
(RDMA_READ_CONSUME_CHECK_CONSUMER) timestamp=730 ms, used_size=8900608 bytes (21.7%)
(RDMA_READ_CONSUME_CHECK_CONSUMER) timestamp=730 ms, used_size=8898560 bytes (21.7%)
(RDMA_READ_CONSUME_CHECK_CONSUMER) timestamp=730 ms, used_size=8896512 bytes (21.7%)
(RDMA_READ_CONSUME_CHECK_CONSUMER) timestamp=730 ms, used_size=8894464 bytes (21.7%)
(RDMA_READ_CONSUME_CHECK_CONSUMER) timestamp=730 ms, used_size=8892416 bytes (21.7%)
(RDMA_READ_CONSUME_CHECK_CONSUMER) timestamp=730 ms, used_size=8890368 bytes (21.7%)
(RDMA_READ_CONSUME_CHECK_CONSUMER) timestamp=730 ms, used_size=8888320 bytes (21.7%)
(RDMA_READ_CONSUME_CHECK_CONSUMER) timestamp=730 ms, used_size=8886272 bytes (21.7%)
(RDMA_READ_CONSUME_CHECK_CONSUMER) timestamp=730 ms, used_size=8884224 bytes (21.7%)
(RDMA_READ_CONSUME_CHECK_CONSUMER) timestamp=730 ms, used_size=8882176 bytes (21.7%)
(RDMA_READ_CONSUME_CHECK_CONSUMER) timestamp=730 ms, used_size=8880128 bytes (21.7%)
(RDMA_READ_CONSUME_CHECK_CONSUMER) timestamp=730 ms, used_size=8878080 bytes (21.7%)
(RDMA_READ_CONSUME_CHECK_CONSUMER) timestamp=730 ms, used_size=8876032 bytes (21.7%)
(RDMA_READ_CONSUME_CHECK_CONSUMER) timestamp=730 ms, used_size=8873984 bytes (21.7%)
(RDMA_READ_CONSUME_CHECK_CONSUMER) timestamp=730 ms, used_size=8871936 bytes (21.7%)
(RDMA_READ_CONSUME_CHECK_CONSUMER) timestamp=730 ms, used_size=8869888 bytes (21.7%)
(RDMA_READ_CONSUME_CHECK_CONSUMER) timestamp=730 ms, used_size=8867840 bytes (21.6%)
(RDMA_READ_CONSUME_CHECK_CONSUMER) timestamp=730 ms, used_size=8865792 bytes (21.6%)
(RDMA_READ_CONSUME_CHECK_CONSUMER) timestamp=730 ms, used_size=8863744 bytes (21.6%)
(RDMA_READ_CONSUME_CHECK_CONSUMER) timestamp=730 ms, used_size=8861696 bytes (21.6%)
(RDMA_READ_CONSUME_CHECK_CONSUMER) timestamp=730 ms, used_size=8859648 bytes (21.6%)
(RDMA_READ_CONSUME_CHECK_CONSUMER) timestamp=730 ms, used_size=8857600 bytes (21.6%)
(RDMA_READ_CONSUME_CHECK_CONSUMER) timestamp=730 ms, used_size=8855552 bytes (21.6%)
(RDMA_READ_CONSUME_CHECK_CONSUMER) timestamp=730 ms, used_size=8853504 bytes (21.6%)
(RDMA_READ_CONSUME_CHECK_CONSUMER) timestamp=730 ms, used_size=8851456 bytes (21.6%)
(RDMA_READ_CONSUME_CHECK_CONSUMER) timestamp=730 ms, used_size=8849408 bytes (21.6%)
(RDMA_READ_CONSUME_CHECK_CONSUMER) timestamp=730 ms, used_size=8847360 bytes (21.6%)
(RDMA_READ_CONSUME_CHECK_CONSUMER) timestamp=730 ms, used_size=8845312 bytes (21.6%)
(RDMA_READ_CONSUME_CHECK_CONSUMER) timestamp=730 ms, used_size=8843264 bytes (21.6%)
(RDMA_READ_CONSUME_CHECK_CONSUMER) timestamp=730 ms, used_size=8841216 bytes (21.6%)
(RDMA_READ_CONSUME_CHECK_CONSUMER) timestamp=730 ms, used_size=8839168 bytes (21.6%)
(RDMA_READ_CONSUME_CHECK_CONSUMER) timestamp=730 ms, used_size=8837120 bytes (21.6%)
(RDMA_READ_CONSUME_CHECK_CONSUMER) timestamp=730 ms, used_size=8835072 bytes (21.6%)
(RDMA_READ_CONSUME_CHECK_CONSUMER) timestamp=730 ms, used_size=8833024 bytes (21.6%)
(RDMA_READ_CONSUME_CHECK_CONSUMER) timestamp=730 ms, used_size=8830976 bytes (21.6%)
(RDMA_READ_CONSUME_CHECK_CONSUMER) timestamp=730 ms, used_size=8828928 bytes (21.6%)
(RDMA_READ_CONSUME_CHECK_CONSUMER) timestamp=730 ms, used_size=8826880 bytes (21.6%)
(RDMA_READ_CONSUME_CHECK_CONSUMER) timestamp=730 ms, used_size=8824832 bytes (21.5%)
(RDMA_READ_CONSUME_CHECK_CONSUMER) timestamp=730 ms, used_size=8822784 bytes (21.5%)
(RDMA_READ_CONSUME_CHECK_CONSUMER) timestamp=730 ms, used_size=8820736 bytes (21.5%)
(RDMA_READ_CONSUME_CHECK_CONSUMER) timestamp=730 ms, used_size=8818688 bytes (21.5%)
(RDMA_READ_CONSUME_CHECK_CONSUMER) timestamp=730 ms, used_size=8816640 bytes (21.5%)
(RDMA_READ_CONSUME_CHECK_CONSUMER) timestamp=730 ms, used_size=8814592 bytes (21.5%)
(RDMA_READ_CONSUME_CHECK_CONSUMER) timestamp=730 ms, used_size=8812544 bytes (21.5%)
(RDMA_READ_CONSUME_CHECK_CONSUMER) timestamp=730 ms, used_size=8810496 bytes (21.5%)
(RDMA_READ_CONSUME_CHECK_CONSUMER) timestamp=730 ms, used_size=8808448 bytes (21.5%)
(RDMA_READ_CONSUME_CHECK_CONSUMER) timestamp=730 ms, used_size=8806400 bytes (21.5%)
(RDMA_READ_CONSUME_CHECK_CONSUMER) timestamp=730 ms, used_size=8804352 bytes (21.5%)
(RDMA_READ_CONSUME_CHECK_CONSUMER) timestamp=730 ms, used_size=8802304 bytes (21.5%)
(RDMA_READ_CONSUME_CHECK_CONSUMER) timestamp=730 ms, used_size=8800256 bytes (21.5%)
(RDMA_READ_CONSUME_CHECK_CONSUMER) timestamp=730 ms, used_size=8798208 bytes (21.5%)
(RDMA_READ_CONSUME_CHECK_CONSUMER) timestamp=730 ms, used_size=8796160 bytes (21.5%)
(RDMA_READ_CONSUME_CHECK_CONSUMER) timestamp=730 ms, used_size=8794112 bytes (21.5%)
(RDMA_READ_CONSUME_CHECK_CONSUMER) timestamp=730 ms, used_size=8792064 bytes (21.5%)
(RDMA_READ_CONSUME_CHECK_CONSUMER) timestamp=730 ms, used_size=8790016 bytes (21.5%)
(RDMA_READ_CONSUME_CHECK_CONSUMER) timestamp=730 ms, used_size=8787968 bytes (21.5%)
(RDMA_READ_CONSUME_CHECK_CONSUMER) timestamp=730 ms, used_size=8785920 bytes (21.4%)
(RDMA_READ_CONSUME_CHECK_CONSUMER) timestamp=730 ms, used_size=8783872 bytes (21.4%)
(RDMA_READ_CONSUME_CHECK_CONSUMER) timestamp=730 ms, used_size=8781824 bytes (21.4%)
(RDMA_READ_CONSUME_CHECK_CONSUMER) timestamp=730 ms, used_size=8779776 bytes (21.4%)
(RDMA_READ_CONSUME_CHECK_CONSUMER) timestamp=730 ms, used_size=8777728 bytes (21.4%)
(RDMA_READ_CONSUME_CHECK_CONSUMER) timestamp=730 ms, used_size=8775680 bytes (21.4%)
(RDMA_READ_CONSUME_CHECK_CONSUMER) timestamp=730 ms, used_size=8773632 bytes (21.4%)
(RDMA_READ_CONSUME_CHECK_CONSUMER) timestamp=730 ms, used_size=8771584 bytes (21.4%)
(RDMA_READ_CONSUME_CHECK_CONSUMER) timestamp=730 ms, used_size=8769536 bytes (21.4%)
(RDMA_READ_CONSUME_CHECK_CONSUMER) timestamp=730 ms, used_size=8767488 bytes (21.4%)
(RDMA_READ_CONSUME_CHECK_CONSUMER) timestamp=730 ms, used_size=8765440 bytes (21.4%)
(RDMA_READ_CONSUME_CHECK_CONSUMER) timestamp=730 ms, used_size=8763392 bytes (21.4%)
(RDMA_READ_CONSUME_CHECK_CONSUMER) timestamp=730 ms, used_size=8761344 bytes (21.4%)
(RDMA_READ_CONSUME_CHECK_CONSUMER) timestamp=730 ms, used_size=8759296 bytes (21.4%)
(RDMA_READ_CONSUME_CHECK_CONSUMER) timestamp=730 ms, used_size=8757248 bytes (21.4%)
(RDMA_READ_CONSUME_CHECK_CONSUMER) timestamp=730 ms, used_size=8755200 bytes (21.4%)
(RDMA_READ_CONSUME_CHECK_CONSUMER) timestamp=730 ms, used_size=8753152 bytes (21.4%)
(RDMA_READ_CONSUME_CHECK_CONSUMER) timestamp=730 ms, used_size=8751104 bytes (21.4%)
(RDMA_READ_CONSUME_CHECK_CONSUMER) timestamp=730 ms, used_size=8749056 bytes (21.4%)
(RDMA_READ_CONSUME_CHECK_CONSUMER) timestamp=730 ms, used_size=8747008 bytes (21.4%)
(RDMA_READ_CONSUME_CHECK_CONSUMER) timestamp=730 ms, used_size=8744960 bytes (21.4%)
(RDMA_READ_CONSUME_CHECK_CONSUMER) timestamp=730 ms, used_size=8742912 bytes (21.3%)
(RDMA_READ_CONSUME_CHECK_CONSUMER) timestamp=730 ms, used_size=8740864 bytes (21.3%)
(RDMA_READ_CONSUME_CHECK_CONSUMER) timestamp=730 ms, used_size=8738816 bytes (21.3%)
(RDMA_READ_CONSUME_CHECK_CONSUMER) timestamp=730 ms, used_size=8736768 bytes (21.3%)
(RDMA_READ_CONSUME_CHECK_CONSUMER) timestamp=730 ms, used_size=8734720 bytes (21.3%)
(RDMA_READ_CONSUME_CHECK_CONSUMER) timestamp=730 ms, used_size=8732672 bytes (21.3%)
(RDMA_READ_CONSUME_CHECK_CONSUMER) timestamp=730 ms, used_size=8730624 bytes (21.3%)
(RDMA_READ_CONSUME_CHECK_CONSUMER) timestamp=730 ms, used_size=8728576 bytes (21.3%)
(RDMA_READ_CONSUME_CHECK_CONSUMER) timestamp=730 ms, used_size=8726528 bytes (21.3%)
(RDMA_READ_CONSUME_CHECK_CONSUMER) timestamp=730 ms, used_size=8724480 bytes (21.3%)
(RDMA_READ_CONSUME_CHECK_CONSUMER) timestamp=730 ms, used_size=8722432 bytes (21.3%)
(RDMA_READ_CONSUME_CHECK_CONSUMER) timestamp=730 ms, used_size=8720384 bytes (21.3%)
(RDMA_READ_CONSUME_CHECK_CONSUMER) timestamp=730 ms, used_size=8718336 bytes (21.3%)
(RDMA_READ_CONSUME_CHECK_CONSUMER) timestamp=730 ms, used_size=8716288 bytes (21.3%)
(RDMA_READ_CONSUME_CHECK_CONSUMER) timestamp=730 ms, used_size=8714240 bytes (21.3%)
(RDMA_READ_CONSUME_CHECK_CONSUMER) timestamp=730 ms, used_size=8712192 bytes (21.3%)
(RDMA_READ_CONSUME_CHECK_CONSUMER) timestamp=730 ms, used_size=8710144 bytes (21.3%)
(RDMA_READ_CONSUME_CHECK_CONSUMER) timestamp=730 ms, used_size=8708096 bytes (21.3%)
(RDMA_READ_CONSUME_CHECK_CONSUMER) timestamp=730 ms, used_size=8706048 bytes (21.3%)
(RDMA_READ_CONSUME_CHECK_CONSUMER) timestamp=730 ms, used_size=8704000 bytes (21.2%)
(RDMA_READ_CONSUME_CHECK_CONSUMER) timestamp=730 ms, used_size=8701952 bytes (21.2%)
(RDMA_READ_CONSUME_CHECK_CONSUMER) timestamp=730 ms, used_size=8699904 bytes (21.2%)
(RDMA_READ_CONSUME_CHECK_CONSUMER) timestamp=730 ms, used_size=8697856 bytes (21.2%)
(RDMA_READ_CONSUME_CHECK_CONSUMER) timestamp=730 ms, used_size=8695808 bytes (21.2%)
(RDMA_READ_CONSUME_CHECK_CONSUMER) timestamp=730 ms, used_size=8693760 bytes (21.2%)
(RDMA_READ_CONSUME_CHECK_CONSUMER) timestamp=730 ms, used_size=8691712 bytes (21.2%)
(RDMA_READ_CONSUME_CHECK_CONSUMER) timestamp=730 ms, used_size=8689664 bytes (21.2%)
(RDMA_READ_CONSUME_CHECK_CONSUMER) timestamp=730 ms, used_size=8687616 bytes (21.2%)
(RDMA_READ_CONSUME_CHECK_CONSUMER) timestamp=730 ms, used_size=8685568 bytes (21.2%)
(RDMA_READ_CONSUME_CHECK_CONSUMER) timestamp=730 ms, used_size=8683520 bytes (21.2%)
(RDMA_READ_CONSUME_CHECK_CONSUMER) timestamp=730 ms, used_size=8681472 bytes (21.2%)
(RDMA_READ_CONSUME_CHECK_CONSUMER) timestamp=730 ms, used_size=8679424 bytes (21.2%)
(RDMA_READ_CONSUME_CHECK_CONSUMER) timestamp=730 ms, used_size=8677376 bytes (21.2%)
(RDMA_READ_CONSUME_CHECK_CONSUMER) timestamp=730 ms, used_size=8675328 bytes (21.2%)
(RDMA_READ_CONSUME_CHECK_CONSUMER) timestamp=730 ms, used_size=8673280 bytes (21.2%)
(RDMA_READ_CONSUME_CHECK_CONSUMER) timestamp=730 ms, used_size=8671232 bytes (21.2%)
(RDMA_READ_CONSUME_CHECK_CONSUMER) timestamp=730 ms, used_size=8669184 bytes (21.2%)
(RDMA_READ_CONSUME_CHECK_CONSUMER) timestamp=730 ms, used_size=8667136 bytes (21.2%)
(RDMA_READ_CONSUME_CHECK_CONSUMER) timestamp=730 ms, used_size=8665088 bytes (21.2%)
(RDMA_READ_CONSUME_CHECK_CONSUMER) timestamp=730 ms, used_size=8663040 bytes (21.1%)
(RDMA_READ_CONSUME_CHECK_CONSUMER) timestamp=730 ms, used_size=8660992 bytes (21.1%)
(RDMA_READ_CONSUME_CHECK_CONSUMER) timestamp=730 ms, used_size=8658944 bytes (21.1%)
(RDMA_READ_CONSUME_CHECK_CONSUMER) timestamp=730 ms, used_size=8656896 bytes (21.1%)
(RDMA_READ_CONSUME_CHECK_CONSUMER) timestamp=730 ms, used_size=8654848 bytes (21.1%)
(RDMA_READ_CONSUME_CHECK_CONSUMER) timestamp=730 ms, used_size=8652800 bytes (21.1%)
(RDMA_READ_CONSUME_CHECK_CONSUMER) timestamp=730 ms, used_size=8650752 bytes (21.1%)
(RDMA_READ_CONSUME_CHECK_CONSUMER) timestamp=730 ms, used_size=8648704 bytes (21.1%)
(RDMA_READ_CONSUME_CHECK_CONSUMER) timestamp=730 ms, used_size=8646656 bytes (21.1%)
(RDMA_READ_CONSUME_CHECK_CONSUMER) timestamp=730 ms, used_size=8644608 bytes (21.1%)
(RDMA_READ_CONSUME_CHECK_CONSUMER) timestamp=730 ms, used_size=8642560 bytes (21.1%)
(RDMA_READ_CONSUME_CHECK_CONSUMER) timestamp=730 ms, used_size=8640512 bytes (21.1%)
(RDMA_READ_CONSUME_CHECK_CONSUMER) timestamp=730 ms, used_size=8638464 bytes (21.1%)
(RDMA_READ_CONSUME_CHECK_CONSUMER) timestamp=730 ms, used_size=8636416 bytes (21.1%)
(RDMA_READ_CONSUME_CHECK_CONSUMER) timestamp=730 ms, used_size=8634368 bytes (21.1%)
(RDMA_READ_CONSUME_CHECK_CONSUMER) timestamp=730 ms, used_size=8632320 bytes (21.1%)
(RDMA_READ_CONSUME_CHECK_CONSUMER) timestamp=730 ms, used_size=8630272 bytes (21.1%)
(RDMA_READ_CONSUME_CHECK_CONSUMER) timestamp=730 ms, used_size=8628224 bytes (21.1%)
(RDMA_READ_CONSUME_CHECK_CONSUMER) timestamp=730 ms, used_size=8626176 bytes (21.1%)
(RDMA_READ_CONSUME_CHECK_CONSUMER) timestamp=730 ms, used_size=8624128 bytes (21.1%)
(RDMA_READ_CONSUME_CHECK_CONSUMER) timestamp=730 ms, used_size=8622080 bytes (21.1%)
(RDMA_READ_CONSUME_CHECK_CONSUMER) timestamp=730 ms, used_size=8620032 bytes (21.0%)
(RDMA_READ_CONSUME_CHECK_CONSUMER) timestamp=730 ms, used_size=8617984 bytes (21.0%)
(RDMA_READ_CONSUME_CHECK_CONSUMER) timestamp=730 ms, used_size=8615936 bytes (21.0%)
(RDMA_READ_CONSUME_CHECK_CONSUMER) timestamp=730 ms, used_size=8613888 bytes (21.0%)
(RDMA_READ_CONSUME_CHECK_CONSUMER) timestamp=730 ms, used_size=8611840 bytes (21.0%)
(RDMA_READ_CONSUME_CHECK_CONSUMER) timestamp=730 ms, used_size=8609792 bytes (21.0%)
(RDMA_READ_CONSUME_CHECK_CONSUMER) timestamp=730 ms, used_size=8607744 bytes (21.0%)
(RDMA_READ_CONSUME_CHECK_CONSUMER) timestamp=731 ms, used_size=8605696 bytes (21.0%)
(RDMA_READ_CONSUME_CHECK_CONSUMER) timestamp=731 ms, used_size=8603648 bytes (21.0%)
(RDMA_READ_CONSUME_CHECK_CONSUMER) timestamp=731 ms, used_size=8601600 bytes (21.0%)
(RDMA_READ_CONSUME_CHECK_CONSUMER) timestamp=731 ms, used_size=8599552 bytes (21.0%)
(RDMA_READ_CONSUME_CHECK_CONSUMER) timestamp=731 ms, used_size=8597504 bytes (21.0%)
(RDMA_READ_CONSUME_CHECK_CONSUMER) timestamp=731 ms, used_size=8595456 bytes (21.0%)
(RDMA_READ_CONSUME_CHECK_CONSUMER) timestamp=731 ms, used_size=8593408 bytes (21.0%)
(RDMA_READ_CONSUME_CHECK_CONSUMER) timestamp=731 ms, used_size=8591360 bytes (21.0%)
(RDMA_READ_CONSUME_CHECK_CONSUMER) timestamp=731 ms, used_size=8589312 bytes (21.0%)
(RDMA_READ_CONSUME_CHECK_CONSUMER) timestamp=731 ms, used_size=8587264 bytes (21.0%)
(RDMA_READ_CONSUME_CHECK_CONSUMER) timestamp=731 ms, used_size=8585216 bytes (21.0%)
(RDMA_READ_CONSUME_CHECK_CONSUMER) timestamp=731 ms, used_size=8583168 bytes (21.0%)
(RDMA_READ_CONSUME_CHECK_CONSUMER) timestamp=731 ms, used_size=8581120 bytes (20.9%)
(RDMA_READ_CONSUME_CHECK_CONSUMER) timestamp=731 ms, used_size=8579072 bytes (20.9%)
(RDMA_READ_CONSUME_CHECK_CONSUMER) timestamp=731 ms, used_size=8577024 bytes (20.9%)
(RDMA_READ_CONSUME_CHECK_CONSUMER) timestamp=731 ms, used_size=8574976 bytes (20.9%)
(RDMA_READ_CONSUME_CHECK_CONSUMER) timestamp=731 ms, used_size=8572928 bytes (20.9%)
(RDMA_READ_CONSUME_CHECK_CONSUMER) timestamp=731 ms, used_size=8570880 bytes (20.9%)
(RDMA_READ_CONSUME_CHECK_CONSUMER) timestamp=731 ms, used_size=8568832 bytes (20.9%)
(RDMA_READ_CONSUME_CHECK_CONSUMER) timestamp=731 ms, used_size=8566784 bytes (20.9%)
(RDMA_READ_CONSUME_CHECK_CONSUMER) timestamp=731 ms, used_size=8564736 bytes (20.9%)
(RDMA_READ_CONSUME_CHECK_CONSUMER) timestamp=731 ms, used_size=8562688 bytes (20.9%)
(RDMA_READ_CONSUME_CHECK_CONSUMER) timestamp=731 ms, used_size=8560640 bytes (20.9%)
(RDMA_READ_CONSUME_CHECK_CONSUMER) timestamp=731 ms, used_size=8558592 bytes (20.9%)
(RDMA_READ_CONSUME_CHECK_CONSUMER) timestamp=731 ms, used_size=8556544 bytes (20.9%)
(RDMA_READ_CONSUME_CHECK_CONSUMER) timestamp=731 ms, used_size=8554496 bytes (20.9%)
(RDMA_READ_CONSUME_CHECK_CONSUMER) timestamp=731 ms, used_size=8552448 bytes (20.9%)
(RDMA_READ_CONSUME_CHECK_CONSUMER) timestamp=731 ms, used_size=8550400 bytes (20.9%)
(RDMA_READ_CONSUME_CHECK_CONSUMER) timestamp=731 ms, used_size=8548352 bytes (20.9%)
(RDMA_READ_CONSUME_CHECK_CONSUMER) timestamp=731 ms, used_size=8546304 bytes (20.9%)
(RDMA_READ_CONSUME_CHECK_CONSUMER) timestamp=731 ms, used_size=8544256 bytes (20.9%)
(RDMA_READ_CONSUME_CHECK_CONSUMER) timestamp=731 ms, used_size=8542208 bytes (20.9%)
(RDMA_READ_CONSUME_CHECK_CONSUMER) timestamp=731 ms, used_size=8540160 bytes (20.9%)
(RDMA_READ_CONSUME_CHECK_CONSUMER) timestamp=731 ms, used_size=8538112 bytes (20.8%)
(RDMA_READ_CONSUME_CHECK_CONSUMER) timestamp=731 ms, used_size=8536064 bytes (20.8%)
(RDMA_READ_CONSUME_CHECK_CONSUMER) timestamp=731 ms, used_size=8534016 bytes (20.8%)
(RDMA_READ_CONSUME_CHECK_CONSUMER) timestamp=731 ms, used_size=8531968 bytes (20.8%)
(RDMA_READ_CONSUME_CHECK_CONSUMER) timestamp=731 ms, used_size=8529920 bytes (20.8%)
(RDMA_READ_CONSUME_CHECK_CONSUMER) timestamp=731 ms, used_size=8527872 bytes (20.8%)
(RDMA_READ_CONSUME_CHECK_CONSUMER) timestamp=731 ms, used_size=8525824 bytes (20.8%)
(RDMA_READ_CONSUME_CHECK_CONSUMER) timestamp=731 ms, used_size=8523776 bytes (20.8%)
(RDMA_READ_CONSUME_CHECK_CONSUMER) timestamp=731 ms, used_size=8521728 bytes (20.8%)
(RDMA_READ_CONSUME_CHECK_CONSUMER) timestamp=731 ms, used_size=8519680 bytes (20.8%)
(RDMA_READ_CONSUME_CHECK_CONSUMER) timestamp=731 ms, used_size=8517632 bytes (20.8%)
(RDMA_READ_CONSUME_CHECK_CONSUMER) timestamp=731 ms, used_size=8515584 bytes (20.8%)
(RDMA_READ_CONSUME_CHECK_CONSUMER) timestamp=731 ms, used_size=8513536 bytes (20.8%)
(RDMA_READ_CONSUME_CHECK_CONSUMER) timestamp=731 ms, used_size=8511488 bytes (20.8%)
(RDMA_READ_CONSUME_CHECK_CONSUMER) timestamp=731 ms, used_size=8509440 bytes (20.8%)
(RDMA_READ_CONSUME_CHECK_CONSUMER) timestamp=731 ms, used_size=8507392 bytes (20.8%)
(RDMA_READ_CONSUME_CHECK_CONSUMER) timestamp=731 ms, used_size=8505344 bytes (20.8%)
(RDMA_READ_CONSUME_CHECK_CONSUMER) timestamp=731 ms, used_size=8503296 bytes (20.8%)
(RDMA_READ_CONSUME_CHECK_CONSUMER) timestamp=731 ms, used_size=8501248 bytes (20.8%)
(RDMA_READ_CONSUME_CHECK_CONSUMER) timestamp=731 ms, used_size=8499200 bytes (20.8%)
(RDMA_READ_CONSUME_CHECK_CONSUMER) timestamp=731 ms, used_size=8497152 bytes (20.7%)
(RDMA_READ_CONSUME_CHECK_CONSUMER) timestamp=731 ms, used_size=8495104 bytes (20.7%)
(RDMA_READ_CONSUME_CHECK_CONSUMER) timestamp=731 ms, used_size=8493056 bytes (20.7%)
(RDMA_READ_CONSUME_CHECK_CONSUMER) timestamp=731 ms, used_size=8491008 bytes (20.7%)
(RDMA_READ_CONSUME_CHECK_CONSUMER) timestamp=731 ms, used_size=8488960 bytes (20.7%)
(RDMA_READ_CONSUME_CHECK_CONSUMER) timestamp=731 ms, used_size=8486912 bytes (20.7%)
(RDMA_READ_CONSUME_CHECK_CONSUMER) timestamp=731 ms, used_size=8484864 bytes (20.7%)
(RDMA_READ_CONSUME_CHECK_CONSUMER) timestamp=731 ms, used_size=8482816 bytes (20.7%)
(RDMA_READ_CONSUME_CHECK_CONSUMER) timestamp=731 ms, used_size=8480768 bytes (20.7%)
(RDMA_READ_CONSUME_CHECK_CONSUMER) timestamp=731 ms, used_size=8478720 bytes (20.7%)
(RDMA_READ_CONSUME_CHECK_CONSUMER) timestamp=731 ms, used_size=8476672 bytes (20.7%)
(RDMA_READ_CONSUME_CHECK_CONSUMER) timestamp=731 ms, used_size=8474624 bytes (20.7%)
(RDMA_READ_CONSUME_CHECK_CONSUMER) timestamp=731 ms, used_size=8472576 bytes (20.7%)
(RDMA_READ_CONSUME_CHECK_CONSUMER) timestamp=731 ms, used_size=8470528 bytes (20.7%)
(RDMA_READ_CONSUME_CHECK_CONSUMER) timestamp=731 ms, used_size=8468480 bytes (20.7%)
(RDMA_READ_CONSUME_CHECK_CONSUMER) timestamp=731 ms, used_size=8466432 bytes (20.7%)
(RDMA_READ_CONSUME_CHECK_CONSUMER) timestamp=731 ms, used_size=8464384 bytes (20.7%)
(RDMA_READ_CONSUME_CHECK_CONSUMER) timestamp=731 ms, used_size=8462336 bytes (20.7%)
(RDMA_READ_CONSUME_CHECK_CONSUMER) timestamp=731 ms, used_size=8460288 bytes (20.7%)
(RDMA_READ_CONSUME_CHECK_CONSUMER) timestamp=731 ms, used_size=8458240 bytes (20.6%)
(RDMA_READ_CONSUME_CHECK_CONSUMER) timestamp=731 ms, used_size=8456192 bytes (20.6%)
(RDMA_READ_CONSUME_CHECK_CONSUMER) timestamp=731 ms, used_size=8454144 bytes (20.6%)
(RDMA_READ_CONSUME_CHECK_CONSUMER) timestamp=731 ms, used_size=8452096 bytes (20.6%)
(RDMA_READ_CONSUME_CHECK_CONSUMER) timestamp=731 ms, used_size=8450048 bytes (20.6%)
(RDMA_READ_CONSUME_CHECK_CONSUMER) timestamp=731 ms, used_size=8448000 bytes (20.6%)
(RDMA_READ_CONSUME_CHECK_CONSUMER) timestamp=731 ms, used_size=8445952 bytes (20.6%)
(RDMA_READ_CONSUME_CHECK_CONSUMER) timestamp=731 ms, used_size=8443904 bytes (20.6%)
(RDMA_READ_CONSUME_CHECK_CONSUMER) timestamp=731 ms, used_size=8441856 bytes (20.6%)
(RDMA_READ_CONSUME_CHECK_CONSUMER) timestamp=731 ms, used_size=8439808 bytes (20.6%)
(RDMA_READ_CONSUME_CHECK_CONSUMER) timestamp=731 ms, used_size=8437760 bytes (20.6%)
(RDMA_READ_CONSUME_CHECK_CONSUMER) timestamp=731 ms, used_size=8435712 bytes (20.6%)
(RDMA_READ_CONSUME_CHECK_CONSUMER) timestamp=731 ms, used_size=8433664 bytes (20.6%)
(RDMA_READ_CONSUME_CHECK_CONSUMER) timestamp=731 ms, used_size=8431616 bytes (20.6%)
(RDMA_READ_CONSUME_CHECK_CONSUMER) timestamp=731 ms, used_size=8429568 bytes (20.6%)
(RDMA_READ_CONSUME_CHECK_CONSUMER) timestamp=731 ms, used_size=8427520 bytes (20.6%)
(RDMA_READ_CONSUME_CHECK_CONSUMER) timestamp=731 ms, used_size=8425472 bytes (20.6%)
(RDMA_READ_CONSUME_CHECK_CONSUMER) timestamp=731 ms, used_size=8423424 bytes (20.6%)
(RDMA_READ_CONSUME_CHECK_CONSUMER) timestamp=731 ms, used_size=8421376 bytes (20.6%)
(RDMA_READ_CONSUME_CHECK_CONSUMER) timestamp=731 ms, used_size=8419328 bytes (20.6%)
(RDMA_READ_CONSUME_CHECK_CONSUMER) timestamp=731 ms, used_size=8417280 bytes (20.6%)
(RDMA_READ_CONSUME_CHECK_CONSUMER) timestamp=731 ms, used_size=8415232 bytes (20.5%)
(RDMA_READ_CONSUME_CHECK_CONSUMER) timestamp=731 ms, used_size=8413184 bytes (20.5%)
(RDMA_READ_CONSUME_CHECK_CONSUMER) timestamp=731 ms, used_size=8411136 bytes (20.5%)
(RDMA_READ_CONSUME_CHECK_CONSUMER) timestamp=731 ms, used_size=8409088 bytes (20.5%)
(RDMA_READ_CONSUME_CHECK_CONSUMER) timestamp=731 ms, used_size=8407040 bytes (20.5%)
(RDMA_READ_CONSUME_CHECK_CONSUMER) timestamp=731 ms, used_size=8404992 bytes (20.5%)
(RDMA_READ_CONSUME_CHECK_CONSUMER) timestamp=731 ms, used_size=8402944 bytes (20.5%)
(RDMA_READ_CONSUME_CHECK_CONSUMER) timestamp=731 ms, used_size=8400896 bytes (20.5%)
(RDMA_READ_CONSUME_CHECK_CONSUMER) timestamp=731 ms, used_size=8398848 bytes (20.5%)
(RDMA_READ_CONSUME_CHECK_CONSUMER) timestamp=731 ms, used_size=8396800 bytes (20.5%)
(RDMA_READ_CONSUME_CHECK_CONSUMER) timestamp=731 ms, used_size=8394752 bytes (20.5%)
(RDMA_READ_CONSUME_CHECK_CONSUMER) timestamp=731 ms, used_size=8392704 bytes (20.5%)
(RDMA_READ_CONSUME_CHECK_CONSUMER) timestamp=731 ms, used_size=8390656 bytes (20.5%)
(RDMA_READ_CONSUME_CHECK_CONSUMER) timestamp=731 ms, used_size=8388608 bytes (20.5%)
(RDMA_READ_CONSUME_CHECK_CONSUMER) timestamp=731 ms, used_size=8386560 bytes (20.5%)
(RDMA_READ_CONSUME_CHECK_CONSUMER) timestamp=731 ms, used_size=8384512 bytes (20.5%)
(RDMA_READ_CONSUME_CHECK_CONSUMER) timestamp=731 ms, used_size=8382464 bytes (20.5%)
(RDMA_READ_CONSUME_CHECK_CONSUMER) timestamp=731 ms, used_size=8380416 bytes (20.5%)
(RDMA_READ_CONSUME_CHECK_CONSUMER) timestamp=731 ms, used_size=8378368 bytes (20.5%)
(RDMA_READ_CONSUME_CHECK_CONSUMER) timestamp=731 ms, used_size=8376320 bytes (20.4%)
(RDMA_READ_CONSUME_CHECK_CONSUMER) timestamp=731 ms, used_size=8374272 bytes (20.4%)
(RDMA_READ_CONSUME_CHECK_CONSUMER) timestamp=731 ms, used_size=8372224 bytes (20.4%)
(RDMA_READ_CONSUME_CHECK_CONSUMER) timestamp=731 ms, used_size=8370176 bytes (20.4%)
(RDMA_READ_CONSUME_CHECK_CONSUMER) timestamp=731 ms, used_size=8368128 bytes (20.4%)
(RDMA_READ_CONSUME_CHECK_CONSUMER) timestamp=731 ms, used_size=8366080 bytes (20.4%)
(RDMA_READ_CONSUME_CHECK_CONSUMER) timestamp=731 ms, used_size=8364032 bytes (20.4%)
(RDMA_READ_CONSUME_CHECK_CONSUMER) timestamp=731 ms, used_size=8361984 bytes (20.4%)
(RDMA_READ_CONSUME_CHECK_CONSUMER) timestamp=731 ms, used_size=8359936 bytes (20.4%)
(RDMA_READ_CONSUME_CHECK_CONSUMER) timestamp=731 ms, used_size=8357888 bytes (20.4%)
(RDMA_READ_CONSUME_CHECK_CONSUMER) timestamp=731 ms, used_size=8355840 bytes (20.4%)
(RDMA_READ_CONSUME_CHECK_CONSUMER) timestamp=731 ms, used_size=8353792 bytes (20.4%)
(RDMA_READ_CONSUME_CHECK_CONSUMER) timestamp=731 ms, used_size=8351744 bytes (20.4%)
(RDMA_READ_CONSUME_CHECK_CONSUMER) timestamp=731 ms, used_size=8349696 bytes (20.4%)
(RDMA_READ_CONSUME_CHECK_CONSUMER) timestamp=731 ms, used_size=8347648 bytes (20.4%)
(RDMA_READ_CONSUME_CHECK_CONSUMER) timestamp=731 ms, used_size=8345600 bytes (20.4%)
(RDMA_READ_CONSUME_CHECK_CONSUMER) timestamp=731 ms, used_size=8343552 bytes (20.4%)
(RDMA_READ_CONSUME_CHECK_CONSUMER) timestamp=731 ms, used_size=8341504 bytes (20.4%)
(RDMA_READ_CONSUME_CHECK_CONSUMER) timestamp=731 ms, used_size=8339456 bytes (20.4%)
(RDMA_READ_CONSUME_CHECK_CONSUMER) timestamp=731 ms, used_size=8337408 bytes (20.4%)
(RDMA_READ_CONSUME_CHECK_CONSUMER) timestamp=731 ms, used_size=8335360 bytes (20.4%)
(RDMA_READ_CONSUME_CHECK_CONSUMER) timestamp=731 ms, used_size=8333312 bytes (20.3%)
(RDMA_READ_CONSUME_CHECK_CONSUMER) timestamp=731 ms, used_size=8331264 bytes (20.3%)
(RDMA_READ_CONSUME_CHECK_CONSUMER) timestamp=731 ms, used_size=8329216 bytes (20.3%)
(RDMA_READ_CONSUME_CHECK_CONSUMER) timestamp=731 ms, used_size=8327168 bytes (20.3%)
(RDMA_READ_CONSUME_CHECK_CONSUMER) timestamp=731 ms, used_size=8325120 bytes (20.3%)
(RDMA_READ_CONSUME_CHECK_CONSUMER) timestamp=731 ms, used_size=8323072 bytes (20.3%)
(RDMA_READ_CONSUME_CHECK_CONSUMER) timestamp=731 ms, used_size=8321024 bytes (20.3%)
(RDMA_READ_CONSUME_CHECK_CONSUMER) timestamp=731 ms, used_size=8318976 bytes (20.3%)
(RDMA_READ_CONSUME_CHECK_CONSUMER) timestamp=731 ms, used_size=8316928 bytes (20.3%)
(RDMA_READ_CONSUME_CHECK_CONSUMER) timestamp=731 ms, used_size=8314880 bytes (20.3%)
(RDMA_READ_CONSUME_CHECK_CONSUMER) timestamp=731 ms, used_size=8312832 bytes (20.3%)
(RDMA_READ_CONSUME_CHECK_CONSUMER) timestamp=731 ms, used_size=8310784 bytes (20.3%)
(RDMA_READ_CONSUME_CHECK_CONSUMER) timestamp=731 ms, used_size=8308736 bytes (20.3%)
(RDMA_READ_CONSUME_CHECK_CONSUMER) timestamp=731 ms, used_size=8306688 bytes (20.3%)
(RDMA_READ_CONSUME_CHECK_CONSUMER) timestamp=731 ms, used_size=8304640 bytes (20.3%)
(RDMA_READ_CONSUME_CHECK_CONSUMER) timestamp=731 ms, used_size=8302592 bytes (20.3%)
(RDMA_READ_CONSUME_CHECK_CONSUMER) timestamp=731 ms, used_size=8300544 bytes (20.3%)
(RDMA_READ_CONSUME_CHECK_CONSUMER) timestamp=731 ms, used_size=8298496 bytes (20.3%)
(RDMA_READ_CONSUME_CHECK_CONSUMER) timestamp=731 ms, used_size=8296448 bytes (20.3%)
(RDMA_READ_CONSUME_CHECK_CONSUMER) timestamp=731 ms, used_size=8294400 bytes (20.2%)
(RDMA_READ_CONSUME_CHECK_CONSUMER) timestamp=731 ms, used_size=8292352 bytes (20.2%)
(RDMA_READ_CONSUME_CHECK_CONSUMER) timestamp=731 ms, used_size=8290304 bytes (20.2%)
(RDMA_READ_CONSUME_CHECK_CONSUMER) timestamp=731 ms, used_size=8288256 bytes (20.2%)
(RDMA_READ_CONSUME_CHECK_CONSUMER) timestamp=731 ms, used_size=8286208 bytes (20.2%)
(RDMA_READ_CONSUME_CHECK_CONSUMER) timestamp=731 ms, used_size=8284160 bytes (20.2%)
(RDMA_READ_CONSUME_CHECK_CONSUMER) timestamp=731 ms, used_size=8282112 bytes (20.2%)
(RDMA_READ_CONSUME_CHECK_CONSUMER) timestamp=731 ms, used_size=8280064 bytes (20.2%)
(RDMA_READ_CONSUME_CHECK_CONSUMER) timestamp=731 ms, used_size=8278016 bytes (20.2%)
(RDMA_READ_CONSUME_CHECK_CONSUMER) timestamp=731 ms, used_size=8275968 bytes (20.2%)
(RDMA_READ_CONSUME_CHECK_CONSUMER) timestamp=731 ms, used_size=8273920 bytes (20.2%)
(RDMA_READ_CONSUME_CHECK_CONSUMER) timestamp=731 ms, used_size=8271872 bytes (20.2%)
(RDMA_READ_CONSUME_CHECK_CONSUMER) timestamp=731 ms, used_size=8269824 bytes (20.2%)
(RDMA_READ_CONSUME_CHECK_CONSUMER) timestamp=731 ms, used_size=8267776 bytes (20.2%)
(RDMA_READ_CONSUME_CHECK_CONSUMER) timestamp=731 ms, used_size=8265728 bytes (20.2%)
(RDMA_READ_CONSUME_CHECK_CONSUMER) timestamp=731 ms, used_size=8263680 bytes (20.2%)
(RDMA_READ_CONSUME_CHECK_CONSUMER) timestamp=731 ms, used_size=8261632 bytes (20.2%)
(RDMA_READ_CONSUME_CHECK_CONSUMER) timestamp=731 ms, used_size=8259584 bytes (20.2%)
(RDMA_READ_CONSUME_CHECK_CONSUMER) timestamp=731 ms, used_size=8257536 bytes (20.2%)
(RDMA_READ_CONSUME_CHECK_CONSUMER) timestamp=731 ms, used_size=8255488 bytes (20.2%)
(RDMA_READ_CONSUME_CHECK_CONSUMER) timestamp=731 ms, used_size=8253440 bytes (20.1%)
(RDMA_READ_CONSUME_CHECK_CONSUMER) timestamp=731 ms, used_size=8251392 bytes (20.1%)
(RDMA_READ_CONSUME_CHECK_CONSUMER) timestamp=731 ms, used_size=8249344 bytes (20.1%)
(RDMA_READ_CONSUME_CHECK_CONSUMER) timestamp=731 ms, used_size=8247296 bytes (20.1%)
(RDMA_READ_CONSUME_CHECK_CONSUMER) timestamp=731 ms, used_size=8245248 bytes (20.1%)
(RDMA_READ_CONSUME_CHECK_CONSUMER) timestamp=731 ms, used_size=8243200 bytes (20.1%)
(RDMA_READ_CONSUME_CHECK_CONSUMER) timestamp=731 ms, used_size=8241152 bytes (20.1%)
(RDMA_READ_CONSUME_CHECK_CONSUMER) timestamp=731 ms, used_size=8239104 bytes (20.1%)
(RDMA_READ_CONSUME_CHECK_CONSUMER) timestamp=731 ms, used_size=8237056 bytes (20.1%)
(RDMA_READ_CONSUME_CHECK_CONSUMER) timestamp=732 ms, used_size=8235008 bytes (20.1%)
(RDMA_READ_CONSUME_CHECK_CONSUMER) timestamp=732 ms, used_size=8232960 bytes (20.1%)
(RDMA_READ_CONSUME_CHECK_CONSUMER) timestamp=732 ms, used_size=8230912 bytes (20.1%)
(RDMA_READ_CONSUME_CHECK_CONSUMER) timestamp=732 ms, used_size=8228864 bytes (20.1%)
(RDMA_READ_CONSUME_CHECK_CONSUMER) timestamp=732 ms, used_size=8226816 bytes (20.1%)
(RDMA_READ_CONSUME_CHECK_CONSUMER) timestamp=732 ms, used_size=8224768 bytes (20.1%)
(RDMA_READ_CONSUME_CHECK_CONSUMER) timestamp=732 ms, used_size=8222720 bytes (20.1%)
(RDMA_READ_CONSUME_CHECK_CONSUMER) timestamp=732 ms, used_size=8220672 bytes (20.1%)
(RDMA_READ_CONSUME_CHECK_CONSUMER) timestamp=732 ms, used_size=8218624 bytes (20.1%)
(RDMA_READ_CONSUME_CHECK_CONSUMER) timestamp=732 ms, used_size=8216576 bytes (20.1%)
(RDMA_READ_CONSUME_CHECK_CONSUMER) timestamp=732 ms, used_size=8214528 bytes (20.1%)
(RDMA_READ_CONSUME_CHECK_CONSUMER) timestamp=732 ms, used_size=8212480 bytes (20.1%)
(RDMA_READ_CONSUME_CHECK_CONSUMER) timestamp=732 ms, used_size=8210432 bytes (20.0%)
(RDMA_READ_CONSUME_CHECK_CONSUMER) timestamp=732 ms, used_size=8208384 bytes (20.0%)
(RDMA_READ_CONSUME_CHECK_CONSUMER) timestamp=732 ms, used_size=8206336 bytes (20.0%)
(RDMA_READ_CONSUME_CHECK_CONSUMER) timestamp=732 ms, used_size=8204288 bytes (20.0%)
(RDMA_READ_CONSUME_CHECK_CONSUMER) timestamp=732 ms, used_size=8202240 bytes (20.0%)
(RDMA_READ_CONSUME_CHECK_CONSUMER) timestamp=732 ms, used_size=8200192 bytes (20.0%)
(RDMA_READ_CONSUME_CHECK_CONSUMER) timestamp=732 ms, used_size=8198144 bytes (20.0%)
(RDMA_READ_CONSUME_CHECK_CONSUMER) timestamp=732 ms, used_size=8196096 bytes (20.0%)
(RDMA_READ_CONSUME_CHECK_CONSUMER) timestamp=732 ms, used_size=8194048 bytes (20.0%)
(RDMA_READ_CONSUME_CHECK_CONSUMER) timestamp=732 ms, used_size=8192000 bytes (20.0%)
(RDMA_READ_CONSUME_CHECK_CONSUMER) timestamp=732 ms, used_size=8189952 bytes (20.0%)
(RDMA_READ_CONSUME_CHECK_CONSUMER) timestamp=732 ms, used_size=8187904 bytes (20.0%)
(RDMA_READ_CONSUME_CHECK_CONSUMER) timestamp=732 ms, used_size=8185856 bytes (20.0%)
(RDMA_READ_CONSUME_CHECK_CONSUMER) timestamp=732 ms, used_size=8183808 bytes (20.0%)
(RDMA_READ_CONSUME_CHECK_CONSUMER) timestamp=732 ms, used_size=8181760 bytes (20.0%)
(RDMA_READ_CONSUME_CHECK_CONSUMER) timestamp=732 ms, used_size=8179712 bytes (20.0%)
(RDMA_READ_CONSUME_CHECK_CONSUMER) timestamp=732 ms, used_size=8177664 bytes (20.0%)
(RDMA_READ_CONSUME_CHECK_CONSUMER) timestamp=732 ms, used_size=8175616 bytes (20.0%)
(RDMA_READ_CONSUME_CHECK_CONSUMER) timestamp=732 ms, used_size=8173568 bytes (20.0%)
(RDMA_READ_CONSUME_CHECK_CONSUMER) timestamp=732 ms, used_size=8171520 bytes (19.9%)
(RDMA_READ_CONSUME_CHECK_CONSUMER) timestamp=732 ms, used_size=8169472 bytes (19.9%)
(RDMA_READ_CONSUME_CHECK_CONSUMER) timestamp=732 ms, used_size=8167424 bytes (19.9%)
(RDMA_READ_CONSUME_CHECK_CONSUMER) timestamp=732 ms, used_size=8165376 bytes (19.9%)
(RDMA_READ_CONSUME_CHECK_CONSUMER) timestamp=732 ms, used_size=8163328 bytes (19.9%)
(RDMA_READ_CONSUME_CHECK_CONSUMER) timestamp=732 ms, used_size=8161280 bytes (19.9%)
(RDMA_READ_CONSUME_CHECK_CONSUMER) timestamp=732 ms, used_size=8159232 bytes (19.9%)
(RDMA_READ_CONSUME_CHECK_CONSUMER) timestamp=732 ms, used_size=8157184 bytes (19.9%)
(RDMA_READ_CONSUME_CHECK_CONSUMER) timestamp=732 ms, used_size=8155136 bytes (19.9%)
(RDMA_READ_CONSUME_CHECK_CONSUMER) timestamp=732 ms, used_size=8153088 bytes (19.9%)
(RDMA_READ_CONSUME_CHECK_CONSUMER) timestamp=732 ms, used_size=8151040 bytes (19.9%)
(RDMA_READ_CONSUME_CHECK_CONSUMER) timestamp=732 ms, used_size=8148992 bytes (19.9%)
(RDMA_READ_CONSUME_CHECK_CONSUMER) timestamp=732 ms, used_size=8146944 bytes (19.9%)
(RDMA_READ_CONSUME_CHECK_CONSUMER) timestamp=732 ms, used_size=8144896 bytes (19.9%)
(RDMA_READ_CONSUME_CHECK_CONSUMER) timestamp=732 ms, used_size=8142848 bytes (19.9%)
(RDMA_READ_CONSUME_CHECK_CONSUMER) timestamp=732 ms, used_size=8140800 bytes (19.9%)
(RDMA_READ_CONSUME_CHECK_CONSUMER) timestamp=732 ms, used_size=8138752 bytes (19.9%)
(RDMA_READ_CONSUME_CHECK_CONSUMER) timestamp=732 ms, used_size=8136704 bytes (19.9%)
(RDMA_READ_CONSUME_CHECK_CONSUMER) timestamp=732 ms, used_size=8134656 bytes (19.9%)
(RDMA_READ_CONSUME_CHECK_CONSUMER) timestamp=732 ms, used_size=8132608 bytes (19.9%)
(RDMA_READ_CONSUME_CHECK_CONSUMER) timestamp=732 ms, used_size=8130560 bytes (19.9%)
(RDMA_READ_CONSUME_CHECK_CONSUMER) timestamp=732 ms, used_size=8128512 bytes (19.8%)
(RDMA_READ_CONSUME_CHECK_CONSUMER) timestamp=732 ms, used_size=8126464 bytes (19.8%)
(RDMA_READ_CONSUME_CHECK_CONSUMER) timestamp=732 ms, used_size=8124416 bytes (19.8%)
(RDMA_READ_CONSUME_CHECK_CONSUMER) timestamp=732 ms, used_size=8122368 bytes (19.8%)
(RDMA_READ_CONSUME_CHECK_CONSUMER) timestamp=732 ms, used_size=8120320 bytes (19.8%)
(RDMA_READ_CONSUME_CHECK_CONSUMER) timestamp=732 ms, used_size=8118272 bytes (19.8%)
(RDMA_READ_CONSUME_CHECK_CONSUMER) timestamp=732 ms, used_size=8116224 bytes (19.8%)
(RDMA_READ_CONSUME_CHECK_CONSUMER) timestamp=732 ms, used_size=8114176 bytes (19.8%)
(RDMA_READ_CONSUME_CHECK_CONSUMER) timestamp=732 ms, used_size=8112128 bytes (19.8%)
(RDMA_READ_CONSUME_CHECK_CONSUMER) timestamp=732 ms, used_size=8110080 bytes (19.8%)
(RDMA_READ_CONSUME_CHECK_CONSUMER) timestamp=732 ms, used_size=8108032 bytes (19.8%)
(RDMA_READ_CONSUME_CHECK_CONSUMER) timestamp=732 ms, used_size=8105984 bytes (19.8%)
(RDMA_READ_CONSUME_CHECK_CONSUMER) timestamp=732 ms, used_size=8103936 bytes (19.8%)
(RDMA_READ_CONSUME_CHECK_CONSUMER) timestamp=732 ms, used_size=8101888 bytes (19.8%)
(RDMA_READ_CONSUME_CHECK_CONSUMER) timestamp=732 ms, used_size=8099840 bytes (19.8%)
(RDMA_READ_CONSUME_CHECK_CONSUMER) timestamp=732 ms, used_size=8097792 bytes (19.8%)
(RDMA_READ_CONSUME_CHECK_CONSUMER) timestamp=732 ms, used_size=8095744 bytes (19.8%)
(RDMA_READ_CONSUME_CHECK_CONSUMER) timestamp=732 ms, used_size=8093696 bytes (19.8%)
(RDMA_READ_CONSUME_CHECK_CONSUMER) timestamp=732 ms, used_size=8091648 bytes (19.8%)
(RDMA_READ_CONSUME_CHECK_CONSUMER) timestamp=732 ms, used_size=8089600 bytes (19.8%)
(RDMA_READ_CONSUME_CHECK_CONSUMER) timestamp=732 ms, used_size=8087552 bytes (19.7%)
(RDMA_READ_CONSUME_CHECK_CONSUMER) timestamp=732 ms, used_size=8085504 bytes (19.7%)
(RDMA_READ_CONSUME_CHECK_CONSUMER) timestamp=732 ms, used_size=8083456 bytes (19.7%)
(RDMA_READ_CONSUME_CHECK_CONSUMER) timestamp=732 ms, used_size=8081408 bytes (19.7%)
(RDMA_READ_CONSUME_CHECK_CONSUMER) timestamp=732 ms, used_size=8079360 bytes (19.7%)
(RDMA_READ_CONSUME_CHECK_CONSUMER) timestamp=732 ms, used_size=8077312 bytes (19.7%)
(RDMA_READ_CONSUME_CHECK_CONSUMER) timestamp=732 ms, used_size=8075264 bytes (19.7%)
(RDMA_READ_CONSUME_CHECK_CONSUMER) timestamp=732 ms, used_size=8073216 bytes (19.7%)
(RDMA_READ_CONSUME_CHECK_CONSUMER) timestamp=732 ms, used_size=8071168 bytes (19.7%)
(RDMA_READ_CONSUME_CHECK_CONSUMER) timestamp=732 ms, used_size=8069120 bytes (19.7%)
(RDMA_READ_CONSUME_CHECK_CONSUMER) timestamp=732 ms, used_size=8067072 bytes (19.7%)
(RDMA_READ_CONSUME_CHECK_CONSUMER) timestamp=732 ms, used_size=8065024 bytes (19.7%)
(RDMA_READ_CONSUME_CHECK_CONSUMER) timestamp=732 ms, used_size=8062976 bytes (19.7%)
(RDMA_READ_CONSUME_CHECK_CONSUMER) timestamp=732 ms, used_size=8060928 bytes (19.7%)
(RDMA_READ_CONSUME_CHECK_CONSUMER) timestamp=732 ms, used_size=8058880 bytes (19.7%)
(RDMA_READ_CONSUME_CHECK_CONSUMER) timestamp=732 ms, used_size=8056832 bytes (19.7%)
(RDMA_READ_CONSUME_CHECK_CONSUMER) timestamp=732 ms, used_size=8054784 bytes (19.7%)
(RDMA_READ_CONSUME_CHECK_CONSUMER) timestamp=732 ms, used_size=8052736 bytes (19.7%)
(RDMA_READ_CONSUME_CHECK_CONSUMER) timestamp=732 ms, used_size=8050688 bytes (19.7%)
(RDMA_READ_CONSUME_CHECK_CONSUMER) timestamp=732 ms, used_size=8048640 bytes (19.6%)
(RDMA_READ_CONSUME_CHECK_CONSUMER) timestamp=732 ms, used_size=8046592 bytes (19.6%)
(RDMA_READ_CONSUME_CHECK_CONSUMER) timestamp=732 ms, used_size=8044544 bytes (19.6%)
(RDMA_READ_CONSUME_CHECK_CONSUMER) timestamp=732 ms, used_size=8042496 bytes (19.6%)
(RDMA_READ_CONSUME_CHECK_CONSUMER) timestamp=732 ms, used_size=8040448 bytes (19.6%)
(RDMA_READ_CONSUME_CHECK_CONSUMER) timestamp=732 ms, used_size=8038400 bytes (19.6%)
(RDMA_READ_CONSUME_CHECK_CONSUMER) timestamp=732 ms, used_size=8036352 bytes (19.6%)
(RDMA_READ_CONSUME_CHECK_CONSUMER) timestamp=732 ms, used_size=8034304 bytes (19.6%)
(RDMA_READ_CONSUME_CHECK_CONSUMER) timestamp=732 ms, used_size=8032256 bytes (19.6%)
(RDMA_READ_CONSUME_CHECK_CONSUMER) timestamp=732 ms, used_size=8030208 bytes (19.6%)
(RDMA_READ_CONSUME_CHECK_CONSUMER) timestamp=732 ms, used_size=8028160 bytes (19.6%)
(RDMA_READ_CONSUME_CHECK_CONSUMER) timestamp=732 ms, used_size=8026112 bytes (19.6%)
(RDMA_READ_CONSUME_CHECK_CONSUMER) timestamp=732 ms, used_size=8024064 bytes (19.6%)
(RDMA_READ_CONSUME_CHECK_CONSUMER) timestamp=732 ms, used_size=8022016 bytes (19.6%)
(RDMA_READ_CONSUME_CHECK_CONSUMER) timestamp=732 ms, used_size=8019968 bytes (19.6%)
(RDMA_READ_CONSUME_CHECK_CONSUMER) timestamp=732 ms, used_size=8017920 bytes (19.6%)
(RDMA_READ_CONSUME_CHECK_CONSUMER) timestamp=732 ms, used_size=8015872 bytes (19.6%)
(RDMA_READ_CONSUME_CHECK_CONSUMER) timestamp=732 ms, used_size=8013824 bytes (19.6%)
(RDMA_READ_CONSUME_CHECK_CONSUMER) timestamp=732 ms, used_size=8011776 bytes (19.6%)
(RDMA_READ_CONSUME_CHECK_CONSUMER) timestamp=732 ms, used_size=8009728 bytes (19.6%)
(RDMA_READ_CONSUME_CHECK_CONSUMER) timestamp=732 ms, used_size=8007680 bytes (19.6%)
(RDMA_READ_CONSUME_CHECK_CONSUMER) timestamp=732 ms, used_size=8005632 bytes (19.5%)
(RDMA_READ_CONSUME_CHECK_CONSUMER) timestamp=732 ms, used_size=8003584 bytes (19.5%)
(RDMA_READ_CONSUME_CHECK_CONSUMER) timestamp=732 ms, used_size=8001536 bytes (19.5%)
(RDMA_READ_CONSUME_CHECK_CONSUMER) timestamp=732 ms, used_size=7999488 bytes (19.5%)
(RDMA_READ_CONSUME_CHECK_CONSUMER) timestamp=732 ms, used_size=7997440 bytes (19.5%)
(RDMA_READ_CONSUME_CHECK_CONSUMER) timestamp=732 ms, used_size=7995392 bytes (19.5%)
(RDMA_READ_CONSUME_CHECK_CONSUMER) timestamp=732 ms, used_size=7993344 bytes (19.5%)
(RDMA_READ_CONSUME_CHECK_CONSUMER) timestamp=732 ms, used_size=7991296 bytes (19.5%)
(RDMA_READ_CONSUME_CHECK_CONSUMER) timestamp=732 ms, used_size=7989248 bytes (19.5%)
(RDMA_READ_CONSUME_CHECK_CONSUMER) timestamp=732 ms, used_size=7987200 bytes (19.5%)
(RDMA_READ_CONSUME_CHECK_CONSUMER) timestamp=732 ms, used_size=7985152 bytes (19.5%)
(RDMA_READ_CONSUME_CHECK_CONSUMER) timestamp=732 ms, used_size=7983104 bytes (19.5%)
(RDMA_READ_CONSUME_CHECK_CONSUMER) timestamp=732 ms, used_size=7981056 bytes (19.5%)
(RDMA_READ_CONSUME_CHECK_CONSUMER) timestamp=732 ms, used_size=7979008 bytes (19.5%)
(RDMA_READ_CONSUME_CHECK_CONSUMER) timestamp=732 ms, used_size=7976960 bytes (19.5%)
(RDMA_READ_CONSUME_CHECK_CONSUMER) timestamp=732 ms, used_size=7974912 bytes (19.5%)
(RDMA_READ_CONSUME_CHECK_CONSUMER) timestamp=732 ms, used_size=7972864 bytes (19.5%)
(RDMA_READ_CONSUME_CHECK_CONSUMER) timestamp=732 ms, used_size=7970816 bytes (19.5%)
(RDMA_READ_CONSUME_CHECK_CONSUMER) timestamp=732 ms, used_size=7968768 bytes (19.5%)
(RDMA_READ_CONSUME_CHECK_CONSUMER) timestamp=732 ms, used_size=7966720 bytes (19.4%)
(RDMA_READ_CONSUME_CHECK_CONSUMER) timestamp=732 ms, used_size=7964672 bytes (19.4%)
(RDMA_READ_CONSUME_CHECK_CONSUMER) timestamp=732 ms, used_size=7962624 bytes (19.4%)
(RDMA_READ_CONSUME_CHECK_CONSUMER) timestamp=732 ms, used_size=7960576 bytes (19.4%)
(RDMA_READ_CONSUME_CHECK_CONSUMER) timestamp=732 ms, used_size=7958528 bytes (19.4%)
(RDMA_READ_CONSUME_CHECK_CONSUMER) timestamp=732 ms, used_size=7956480 bytes (19.4%)
(RDMA_READ_CONSUME_CHECK_CONSUMER) timestamp=732 ms, used_size=7954432 bytes (19.4%)
(RDMA_READ_CONSUME_CHECK_CONSUMER) timestamp=732 ms, used_size=7952384 bytes (19.4%)
(RDMA_READ_CONSUME_CHECK_CONSUMER) timestamp=732 ms, used_size=7950336 bytes (19.4%)
(RDMA_READ_CONSUME_CHECK_CONSUMER) timestamp=732 ms, used_size=7948288 bytes (19.4%)
(RDMA_READ_CONSUME_CHECK_CONSUMER) timestamp=732 ms, used_size=7946240 bytes (19.4%)
(RDMA_READ_CONSUME_CHECK_CONSUMER) timestamp=732 ms, used_size=7944192 bytes (19.4%)
(RDMA_READ_CONSUME_CHECK_CONSUMER) timestamp=732 ms, used_size=7942144 bytes (19.4%)
(RDMA_READ_CONSUME_CHECK_CONSUMER) timestamp=732 ms, used_size=7940096 bytes (19.4%)
(RDMA_READ_CONSUME_CHECK_CONSUMER) timestamp=732 ms, used_size=7938048 bytes (19.4%)
(RDMA_READ_CONSUME_CHECK_CONSUMER) timestamp=732 ms, used_size=7936000 bytes (19.4%)
(RDMA_READ_CONSUME_CHECK_CONSUMER) timestamp=732 ms, used_size=7933952 bytes (19.4%)
(RDMA_READ_CONSUME_CHECK_CONSUMER) timestamp=732 ms, used_size=7931904 bytes (19.4%)
(RDMA_READ_CONSUME_CHECK_CONSUMER) timestamp=732 ms, used_size=7929856 bytes (19.4%)
(RDMA_READ_CONSUME_CHECK_CONSUMER) timestamp=732 ms, used_size=7927808 bytes (19.4%)
(RDMA_READ_CONSUME_CHECK_CONSUMER) timestamp=732 ms, used_size=7925760 bytes (19.4%)
(RDMA_READ_CONSUME_CHECK_CONSUMER) timestamp=732 ms, used_size=7923712 bytes (19.3%)
(RDMA_READ_CONSUME_CHECK_CONSUMER) timestamp=732 ms, used_size=7921664 bytes (19.3%)
(RDMA_READ_CONSUME_CHECK_CONSUMER) timestamp=732 ms, used_size=7919616 bytes (19.3%)
(RDMA_READ_CONSUME_CHECK_CONSUMER) timestamp=732 ms, used_size=7917568 bytes (19.3%)
(RDMA_READ_CONSUME_CHECK_CONSUMER) timestamp=732 ms, used_size=7915520 bytes (19.3%)
(RDMA_READ_CONSUME_CHECK_CONSUMER) timestamp=732 ms, used_size=7913472 bytes (19.3%)
(RDMA_READ_CONSUME_CHECK_CONSUMER) timestamp=732 ms, used_size=7911424 bytes (19.3%)
(RDMA_READ_CONSUME_CHECK_CONSUMER) timestamp=732 ms, used_size=7909376 bytes (19.3%)
(RDMA_READ_CONSUME_CHECK_CONSUMER) timestamp=732 ms, used_size=7907328 bytes (19.3%)
(RDMA_READ_CONSUME_CHECK_CONSUMER) timestamp=732 ms, used_size=7905280 bytes (19.3%)
(RDMA_READ_CONSUME_CHECK_CONSUMER) timestamp=732 ms, used_size=7903232 bytes (19.3%)
(RDMA_READ_CONSUME_CHECK_CONSUMER) timestamp=732 ms, used_size=7901184 bytes (19.3%)
(RDMA_READ_CONSUME_CHECK_CONSUMER) timestamp=732 ms, used_size=7899136 bytes (19.3%)
(RDMA_READ_CONSUME_CHECK_CONSUMER) timestamp=732 ms, used_size=7897088 bytes (19.3%)
(RDMA_READ_CONSUME_CHECK_CONSUMER) timestamp=732 ms, used_size=7895040 bytes (19.3%)
(RDMA_READ_CONSUME_CHECK_CONSUMER) timestamp=732 ms, used_size=7892992 bytes (19.3%)
(RDMA_READ_CONSUME_CHECK_CONSUMER) timestamp=732 ms, used_size=7890944 bytes (19.3%)
(RDMA_READ_CONSUME_CHECK_CONSUMER) timestamp=732 ms, used_size=7888896 bytes (19.3%)
(RDMA_READ_CONSUME_CHECK_CONSUMER) timestamp=732 ms, used_size=7886848 bytes (19.3%)
(RDMA_READ_CONSUME_CHECK_CONSUMER) timestamp=732 ms, used_size=7884800 bytes (19.2%)
(RDMA_READ_CONSUME_CHECK_CONSUMER) timestamp=732 ms, used_size=7882752 bytes (19.2%)
(RDMA_READ_CONSUME_CHECK_CONSUMER) timestamp=732 ms, used_size=7880704 bytes (19.2%)
(RDMA_READ_CONSUME_CHECK_CONSUMER) timestamp=732 ms, used_size=7878656 bytes (19.2%)
(RDMA_READ_CONSUME_CHECK_CONSUMER) timestamp=732 ms, used_size=7876608 bytes (19.2%)
(RDMA_READ_CONSUME_CHECK_CONSUMER) timestamp=732 ms, used_size=7874560 bytes (19.2%)
(RDMA_READ_CONSUME_CHECK_CONSUMER) timestamp=732 ms, used_size=7872512 bytes (19.2%)
(RDMA_READ_CONSUME_CHECK_CONSUMER) timestamp=732 ms, used_size=7870464 bytes (19.2%)
(RDMA_READ_CONSUME_CHECK_CONSUMER) timestamp=732 ms, used_size=7868416 bytes (19.2%)
(RDMA_READ_CONSUME_CHECK_CONSUMER) timestamp=732 ms, used_size=7866368 bytes (19.2%)
(RDMA_READ_CONSUME_CHECK_CONSUMER) timestamp=732 ms, used_size=7864320 bytes (19.2%)
(RDMA_READ_CONSUME_CHECK_CONSUMER) timestamp=733 ms, used_size=7862272 bytes (19.2%)
(RDMA_READ_CONSUME_CHECK_CONSUMER) timestamp=733 ms, used_size=7860224 bytes (19.2%)
(RDMA_READ_CONSUME_CHECK_CONSUMER) timestamp=733 ms, used_size=7858176 bytes (19.2%)
(RDMA_READ_CONSUME_CHECK_CONSUMER) timestamp=733 ms, used_size=7856128 bytes (19.2%)
(RDMA_READ_CONSUME_CHECK_CONSUMER) timestamp=733 ms, used_size=7854080 bytes (19.2%)
(RDMA_READ_CONSUME_CHECK_CONSUMER) timestamp=733 ms, used_size=7852032 bytes (19.2%)
(RDMA_READ_CONSUME_CHECK_CONSUMER) timestamp=733 ms, used_size=7849984 bytes (19.2%)
(RDMA_READ_CONSUME_CHECK_CONSUMER) timestamp=733 ms, used_size=7847936 bytes (19.2%)
(RDMA_READ_CONSUME_CHECK_CONSUMER) timestamp=733 ms, used_size=7845888 bytes (19.2%)
(RDMA_READ_CONSUME_CHECK_CONSUMER) timestamp=733 ms, used_size=7843840 bytes (19.1%)
(RDMA_READ_CONSUME_CHECK_CONSUMER) timestamp=733 ms, used_size=7841792 bytes (19.1%)
(RDMA_READ_CONSUME_CHECK_CONSUMER) timestamp=733 ms, used_size=7839744 bytes (19.1%)
(RDMA_READ_CONSUME_CHECK_CONSUMER) timestamp=733 ms, used_size=7837696 bytes (19.1%)
(RDMA_READ_CONSUME_CHECK_CONSUMER) timestamp=733 ms, used_size=7835648 bytes (19.1%)
(RDMA_READ_CONSUME_CHECK_CONSUMER) timestamp=733 ms, used_size=7833600 bytes (19.1%)
(RDMA_READ_CONSUME_CHECK_CONSUMER) timestamp=733 ms, used_size=7831552 bytes (19.1%)
(RDMA_READ_CONSUME_CHECK_CONSUMER) timestamp=733 ms, used_size=7829504 bytes (19.1%)
(RDMA_READ_CONSUME_CHECK_CONSUMER) timestamp=733 ms, used_size=7827456 bytes (19.1%)
(RDMA_READ_CONSUME_CHECK_CONSUMER) timestamp=733 ms, used_size=7825408 bytes (19.1%)
(RDMA_READ_CONSUME_CHECK_CONSUMER) timestamp=733 ms, used_size=7823360 bytes (19.1%)
(RDMA_READ_CONSUME_CHECK_CONSUMER) timestamp=733 ms, used_size=7821312 bytes (19.1%)
(RDMA_READ_CONSUME_CHECK_CONSUMER) timestamp=733 ms, used_size=7819264 bytes (19.1%)
(RDMA_READ_CONSUME_CHECK_CONSUMER) timestamp=733 ms, used_size=7817216 bytes (19.1%)
(RDMA_READ_CONSUME_CHECK_CONSUMER) timestamp=733 ms, used_size=7815168 bytes (19.1%)
(RDMA_READ_CONSUME_CHECK_CONSUMER) timestamp=733 ms, used_size=7813120 bytes (19.1%)
(RDMA_READ_CONSUME_CHECK_CONSUMER) timestamp=733 ms, used_size=7811072 bytes (19.1%)
(RDMA_READ_CONSUME_CHECK_CONSUMER) timestamp=733 ms, used_size=7809024 bytes (19.1%)
(RDMA_READ_CONSUME_CHECK_CONSUMER) timestamp=733 ms, used_size=7806976 bytes (19.1%)
(RDMA_READ_CONSUME_CHECK_CONSUMER) timestamp=733 ms, used_size=7804928 bytes (19.1%)
(RDMA_READ_CONSUME_CHECK_CONSUMER) timestamp=733 ms, used_size=7802880 bytes (19.1%)
(RDMA_READ_CONSUME_CHECK_CONSUMER) timestamp=733 ms, used_size=7800832 bytes (19.0%)
(RDMA_READ_CONSUME_CHECK_CONSUMER) timestamp=733 ms, used_size=7798784 bytes (19.0%)
(RDMA_READ_CONSUME_CHECK_CONSUMER) timestamp=733 ms, used_size=7796736 bytes (19.0%)
(RDMA_READ_CONSUME_CHECK_CONSUMER) timestamp=733 ms, used_size=7794688 bytes (19.0%)
(RDMA_READ_CONSUME_CHECK_CONSUMER) timestamp=733 ms, used_size=7792640 bytes (19.0%)
(RDMA_READ_CONSUME_CHECK_CONSUMER) timestamp=733 ms, used_size=7790592 bytes (19.0%)
(RDMA_READ_CONSUME_CHECK_CONSUMER) timestamp=733 ms, used_size=7788544 bytes (19.0%)
(RDMA_READ_CONSUME_CHECK_CONSUMER) timestamp=733 ms, used_size=7786496 bytes (19.0%)
(RDMA_READ_CONSUME_CHECK_CONSUMER) timestamp=733 ms, used_size=7784448 bytes (19.0%)
(RDMA_READ_CONSUME_CHECK_CONSUMER) timestamp=733 ms, used_size=7782400 bytes (19.0%)
(RDMA_READ_CONSUME_CHECK_CONSUMER) timestamp=733 ms, used_size=7780352 bytes (19.0%)
(RDMA_READ_CONSUME_CHECK_CONSUMER) timestamp=733 ms, used_size=7778304 bytes (19.0%)
(RDMA_READ_CONSUME_CHECK_CONSUMER) timestamp=733 ms, used_size=7776256 bytes (19.0%)
(RDMA_READ_CONSUME_CHECK_CONSUMER) timestamp=733 ms, used_size=7774208 bytes (19.0%)
(RDMA_READ_CONSUME_CHECK_CONSUMER) timestamp=733 ms, used_size=7772160 bytes (19.0%)
(RDMA_READ_CONSUME_CHECK_CONSUMER) timestamp=733 ms, used_size=7770112 bytes (19.0%)
(RDMA_READ_CONSUME_CHECK_CONSUMER) timestamp=733 ms, used_size=7768064 bytes (19.0%)
(RDMA_READ_CONSUME_CHECK_CONSUMER) timestamp=733 ms, used_size=7766016 bytes (19.0%)
(RDMA_READ_CONSUME_CHECK_CONSUMER) timestamp=733 ms, used_size=7763968 bytes (19.0%)
(RDMA_READ_CONSUME_CHECK_CONSUMER) timestamp=733 ms, used_size=7761920 bytes (18.9%)
(RDMA_READ_CONSUME_CHECK_CONSUMER) timestamp=733 ms, used_size=7759872 bytes (18.9%)
(RDMA_READ_CONSUME_CHECK_CONSUMER) timestamp=733 ms, used_size=7757824 bytes (18.9%)
(RDMA_READ_CONSUME_CHECK_CONSUMER) timestamp=733 ms, used_size=7755776 bytes (18.9%)
(RDMA_READ_CONSUME_CHECK_CONSUMER) timestamp=733 ms, used_size=7753728 bytes (18.9%)
(RDMA_READ_CONSUME_CHECK_CONSUMER) timestamp=733 ms, used_size=7751680 bytes (18.9%)
(RDMA_READ_CONSUME_CHECK_CONSUMER) timestamp=733 ms, used_size=7749632 bytes (18.9%)
(RDMA_READ_CONSUME_CHECK_CONSUMER) timestamp=733 ms, used_size=7747584 bytes (18.9%)
(RDMA_READ_CONSUME_CHECK_CONSUMER) timestamp=733 ms, used_size=7745536 bytes (18.9%)
(RDMA_READ_CONSUME_CHECK_CONSUMER) timestamp=733 ms, used_size=7743488 bytes (18.9%)
(RDMA_READ_CONSUME_CHECK_CONSUMER) timestamp=733 ms, used_size=7741440 bytes (18.9%)
(RDMA_READ_CONSUME_CHECK_CONSUMER) timestamp=733 ms, used_size=7739392 bytes (18.9%)
(RDMA_READ_CONSUME_CHECK_CONSUMER) timestamp=733 ms, used_size=7737344 bytes (18.9%)
(RDMA_READ_CONSUME_CHECK_CONSUMER) timestamp=733 ms, used_size=7735296 bytes (18.9%)
(RDMA_READ_CONSUME_CHECK_CONSUMER) timestamp=733 ms, used_size=7733248 bytes (18.9%)
(RDMA_READ_CONSUME_CHECK_CONSUMER) timestamp=733 ms, used_size=7731200 bytes (18.9%)
(RDMA_READ_CONSUME_CHECK_CONSUMER) timestamp=733 ms, used_size=7729152 bytes (18.9%)
(RDMA_READ_CONSUME_CHECK_CONSUMER) timestamp=733 ms, used_size=7727104 bytes (18.9%)
(RDMA_READ_CONSUME_CHECK_CONSUMER) timestamp=733 ms, used_size=7725056 bytes (18.9%)
(RDMA_READ_CONSUME_CHECK_CONSUMER) timestamp=733 ms, used_size=7723008 bytes (18.9%)
(RDMA_READ_CONSUME_CHECK_CONSUMER) timestamp=733 ms, used_size=7720960 bytes (18.9%)
(RDMA_READ_CONSUME_CHECK_CONSUMER) timestamp=733 ms, used_size=7718912 bytes (18.8%)
(RDMA_READ_CONSUME_CHECK_CONSUMER) timestamp=733 ms, used_size=7716864 bytes (18.8%)
(RDMA_READ_CONSUME_CHECK_CONSUMER) timestamp=733 ms, used_size=7714816 bytes (18.8%)
(RDMA_READ_CONSUME_CHECK_CONSUMER) timestamp=733 ms, used_size=7712768 bytes (18.8%)
(RDMA_READ_CONSUME_CHECK_CONSUMER) timestamp=733 ms, used_size=7710720 bytes (18.8%)
(RDMA_READ_CONSUME_CHECK_CONSUMER) timestamp=733 ms, used_size=7708672 bytes (18.8%)
(RDMA_READ_CONSUME_CHECK_CONSUMER) timestamp=733 ms, used_size=7706624 bytes (18.8%)
(RDMA_READ_CONSUME_CHECK_CONSUMER) timestamp=733 ms, used_size=7704576 bytes (18.8%)
(RDMA_READ_CONSUME_CHECK_CONSUMER) timestamp=733 ms, used_size=7702528 bytes (18.8%)
(RDMA_READ_CONSUME_CHECK_CONSUMER) timestamp=733 ms, used_size=7700480 bytes (18.8%)
(RDMA_READ_CONSUME_CHECK_CONSUMER) timestamp=733 ms, used_size=7698432 bytes (18.8%)
(RDMA_READ_CONSUME_CHECK_CONSUMER) timestamp=733 ms, used_size=7696384 bytes (18.8%)
(RDMA_READ_CONSUME_CHECK_CONSUMER) timestamp=733 ms, used_size=7694336 bytes (18.8%)
(RDMA_READ_CONSUME_CHECK_CONSUMER) timestamp=733 ms, used_size=7692288 bytes (18.8%)
(RDMA_READ_CONSUME_CHECK_CONSUMER) timestamp=733 ms, used_size=7690240 bytes (18.8%)
(RDMA_READ_CONSUME_CHECK_CONSUMER) timestamp=733 ms, used_size=7688192 bytes (18.8%)
(RDMA_READ_CONSUME_CHECK_CONSUMER) timestamp=733 ms, used_size=7686144 bytes (18.8%)
(RDMA_READ_CONSUME_CHECK_CONSUMER) timestamp=733 ms, used_size=7684096 bytes (18.8%)
(RDMA_READ_CONSUME_CHECK_CONSUMER) timestamp=733 ms, used_size=7682048 bytes (18.8%)
(RDMA_READ_CONSUME_CHECK_CONSUMER) timestamp=733 ms, used_size=7680000 bytes (18.8%)
(RDMA_READ_CONSUME_CHECK_CONSUMER) timestamp=733 ms, used_size=7677952 bytes (18.7%)
(RDMA_READ_CONSUME_CHECK_CONSUMER) timestamp=733 ms, used_size=7675904 bytes (18.7%)
(RDMA_READ_CONSUME_CHECK_CONSUMER) timestamp=733 ms, used_size=7673856 bytes (18.7%)
(RDMA_READ_CONSUME_CHECK_CONSUMER) timestamp=733 ms, used_size=7671808 bytes (18.7%)
(RDMA_READ_CONSUME_CHECK_CONSUMER) timestamp=733 ms, used_size=7669760 bytes (18.7%)
(RDMA_READ_CONSUME_CHECK_CONSUMER) timestamp=733 ms, used_size=7667712 bytes (18.7%)
(RDMA_READ_CONSUME_CHECK_CONSUMER) timestamp=733 ms, used_size=7665664 bytes (18.7%)
(RDMA_READ_CONSUME_CHECK_CONSUMER) timestamp=733 ms, used_size=7663616 bytes (18.7%)
(RDMA_READ_CONSUME_CHECK_CONSUMER) timestamp=733 ms, used_size=7661568 bytes (18.7%)
(RDMA_READ_CONSUME_CHECK_CONSUMER) timestamp=733 ms, used_size=7659520 bytes (18.7%)
(RDMA_READ_CONSUME_CHECK_CONSUMER) timestamp=733 ms, used_size=7657472 bytes (18.7%)
(RDMA_READ_CONSUME_CHECK_CONSUMER) timestamp=733 ms, used_size=7655424 bytes (18.7%)
(RDMA_READ_CONSUME_CHECK_CONSUMER) timestamp=733 ms, used_size=7653376 bytes (18.7%)
(RDMA_READ_CONSUME_CHECK_CONSUMER) timestamp=733 ms, used_size=7651328 bytes (18.7%)
(RDMA_READ_CONSUME_CHECK_CONSUMER) timestamp=733 ms, used_size=7649280 bytes (18.7%)
(RDMA_READ_CONSUME_CHECK_CONSUMER) timestamp=733 ms, used_size=7647232 bytes (18.7%)
(RDMA_READ_CONSUME_CHECK_CONSUMER) timestamp=733 ms, used_size=7645184 bytes (18.7%)
(RDMA_READ_CONSUME_CHECK_CONSUMER) timestamp=733 ms, used_size=7643136 bytes (18.7%)
(RDMA_READ_CONSUME_CHECK_CONSUMER) timestamp=733 ms, used_size=7641088 bytes (18.7%)
(RDMA_READ_CONSUME_CHECK_CONSUMER) timestamp=733 ms, used_size=7639040 bytes (18.6%)
(RDMA_READ_CONSUME_CHECK_CONSUMER) timestamp=733 ms, used_size=7636992 bytes (18.6%)
(RDMA_READ_CONSUME_CHECK_CONSUMER) timestamp=733 ms, used_size=7634944 bytes (18.6%)
(RDMA_READ_CONSUME_CHECK_CONSUMER) timestamp=733 ms, used_size=7632896 bytes (18.6%)
(RDMA_READ_CONSUME_CHECK_CONSUMER) timestamp=733 ms, used_size=7630848 bytes (18.6%)
(RDMA_READ_CONSUME_CHECK_CONSUMER) timestamp=733 ms, used_size=7628800 bytes (18.6%)
(RDMA_READ_CONSUME_CHECK_CONSUMER) timestamp=733 ms, used_size=7626752 bytes (18.6%)
(RDMA_READ_CONSUME_CHECK_CONSUMER) timestamp=733 ms, used_size=7624704 bytes (18.6%)
(RDMA_READ_CONSUME_CHECK_CONSUMER) timestamp=733 ms, used_size=7622656 bytes (18.6%)
(RDMA_READ_CONSUME_CHECK_CONSUMER) timestamp=733 ms, used_size=7620608 bytes (18.6%)
(RDMA_READ_CONSUME_CHECK_CONSUMER) timestamp=733 ms, used_size=7618560 bytes (18.6%)
(RDMA_READ_CONSUME_CHECK_CONSUMER) timestamp=733 ms, used_size=7616512 bytes (18.6%)
(RDMA_READ_CONSUME_CHECK_CONSUMER) timestamp=733 ms, used_size=7614464 bytes (18.6%)
(RDMA_READ_CONSUME_CHECK_CONSUMER) timestamp=733 ms, used_size=7612416 bytes (18.6%)
(RDMA_READ_CONSUME_CHECK_CONSUMER) timestamp=733 ms, used_size=7610368 bytes (18.6%)
(RDMA_READ_CONSUME_CHECK_CONSUMER) timestamp=733 ms, used_size=7608320 bytes (18.6%)
(RDMA_READ_CONSUME_CHECK_CONSUMER) timestamp=733 ms, used_size=7606272 bytes (18.6%)
(RDMA_READ_CONSUME_CHECK_CONSUMER) timestamp=733 ms, used_size=7604224 bytes (18.6%)
(RDMA_READ_CONSUME_CHECK_CONSUMER) timestamp=733 ms, used_size=7602176 bytes (18.6%)
(RDMA_READ_CONSUME_CHECK_CONSUMER) timestamp=733 ms, used_size=7600128 bytes (18.6%)
(RDMA_READ_CONSUME_CHECK_CONSUMER) timestamp=733 ms, used_size=7598080 bytes (18.6%)
(RDMA_READ_CONSUME_CHECK_CONSUMER) timestamp=733 ms, used_size=7596032 bytes (18.5%)
(RDMA_READ_CONSUME_CHECK_CONSUMER) timestamp=733 ms, used_size=7593984 bytes (18.5%)
(RDMA_READ_CONSUME_CHECK_CONSUMER) timestamp=733 ms, used_size=7591936 bytes (18.5%)
(RDMA_READ_CONSUME_CHECK_CONSUMER) timestamp=733 ms, used_size=7589888 bytes (18.5%)
(RDMA_READ_CONSUME_CHECK_CONSUMER) timestamp=733 ms, used_size=7587840 bytes (18.5%)
(RDMA_READ_CONSUME_CHECK_CONSUMER) timestamp=733 ms, used_size=7585792 bytes (18.5%)
(RDMA_READ_CONSUME_CHECK_CONSUMER) timestamp=733 ms, used_size=7583744 bytes (18.5%)
(RDMA_READ_CONSUME_CHECK_CONSUMER) timestamp=733 ms, used_size=7581696 bytes (18.5%)
(RDMA_READ_CONSUME_CHECK_CONSUMER) timestamp=733 ms, used_size=7579648 bytes (18.5%)
(RDMA_READ_CONSUME_CHECK_CONSUMER) timestamp=733 ms, used_size=7577600 bytes (18.5%)
(RDMA_READ_CONSUME_CHECK_CONSUMER) timestamp=733 ms, used_size=7575552 bytes (18.5%)
(RDMA_READ_CONSUME_CHECK_CONSUMER) timestamp=733 ms, used_size=7573504 bytes (18.5%)
(RDMA_READ_CONSUME_CHECK_CONSUMER) timestamp=733 ms, used_size=7571456 bytes (18.5%)
(RDMA_READ_CONSUME_CHECK_CONSUMER) timestamp=733 ms, used_size=7569408 bytes (18.5%)
(RDMA_READ_CONSUME_CHECK_CONSUMER) timestamp=733 ms, used_size=7567360 bytes (18.5%)
(RDMA_READ_CONSUME_CHECK_CONSUMER) timestamp=733 ms, used_size=7565312 bytes (18.5%)
(RDMA_READ_CONSUME_CHECK_CONSUMER) timestamp=733 ms, used_size=7563264 bytes (18.5%)
(RDMA_READ_CONSUME_CHECK_CONSUMER) timestamp=733 ms, used_size=7561216 bytes (18.5%)
(RDMA_READ_CONSUME_CHECK_CONSUMER) timestamp=733 ms, used_size=7559168 bytes (18.5%)
(RDMA_READ_CONSUME_CHECK_CONSUMER) timestamp=733 ms, used_size=7557120 bytes (18.4%)
(RDMA_READ_CONSUME_CHECK_CONSUMER) timestamp=733 ms, used_size=7555072 bytes (18.4%)
(RDMA_READ_CONSUME_CHECK_CONSUMER) timestamp=733 ms, used_size=7553024 bytes (18.4%)
(RDMA_READ_CONSUME_CHECK_CONSUMER) timestamp=733 ms, used_size=7550976 bytes (18.4%)
(RDMA_READ_CONSUME_CHECK_CONSUMER) timestamp=733 ms, used_size=7548928 bytes (18.4%)
(RDMA_READ_CONSUME_CHECK_CONSUMER) timestamp=733 ms, used_size=7546880 bytes (18.4%)
(RDMA_READ_CONSUME_CHECK_CONSUMER) timestamp=733 ms, used_size=7544832 bytes (18.4%)
(RDMA_READ_CONSUME_CHECK_CONSUMER) timestamp=733 ms, used_size=7542784 bytes (18.4%)
(RDMA_READ_CONSUME_CHECK_CONSUMER) timestamp=733 ms, used_size=7540736 bytes (18.4%)
(RDMA_READ_CONSUME_CHECK_CONSUMER) timestamp=733 ms, used_size=7538688 bytes (18.4%)
(RDMA_READ_CONSUME_CHECK_CONSUMER) timestamp=733 ms, used_size=7536640 bytes (18.4%)
(RDMA_READ_CONSUME_CHECK_CONSUMER) timestamp=733 ms, used_size=7534592 bytes (18.4%)
(RDMA_READ_CONSUME_CHECK_CONSUMER) timestamp=733 ms, used_size=7532544 bytes (18.4%)
(RDMA_READ_CONSUME_CHECK_CONSUMER) timestamp=733 ms, used_size=7530496 bytes (18.4%)
(RDMA_READ_CONSUME_CHECK_CONSUMER) timestamp=733 ms, used_size=7528448 bytes (18.4%)
(RDMA_READ_CONSUME_CHECK_CONSUMER) timestamp=733 ms, used_size=7526400 bytes (18.4%)
(RDMA_READ_CONSUME_CHECK_CONSUMER) timestamp=733 ms, used_size=7524352 bytes (18.4%)
(RDMA_READ_CONSUME_CHECK_CONSUMER) timestamp=733 ms, used_size=7522304 bytes (18.4%)
(RDMA_READ_CONSUME_CHECK_CONSUMER) timestamp=733 ms, used_size=7520256 bytes (18.4%)
(RDMA_READ_CONSUME_CHECK_CONSUMER) timestamp=733 ms, used_size=7518208 bytes (18.4%)
(RDMA_READ_CONSUME_CHECK_CONSUMER) timestamp=733 ms, used_size=7516160 bytes (18.4%)
(RDMA_READ_CONSUME_CHECK_CONSUMER) timestamp=733 ms, used_size=7514112 bytes (18.3%)
(RDMA_READ_CONSUME_CHECK_CONSUMER) timestamp=733 ms, used_size=7512064 bytes (18.3%)
(RDMA_READ_CONSUME_CHECK_CONSUMER) timestamp=733 ms, used_size=7510016 bytes (18.3%)
(RDMA_READ_CONSUME_CHECK_CONSUMER) timestamp=733 ms, used_size=7507968 bytes (18.3%)
(RDMA_READ_CONSUME_CHECK_CONSUMER) timestamp=733 ms, used_size=7505920 bytes (18.3%)
(RDMA_READ_CONSUME_CHECK_CONSUMER) timestamp=733 ms, used_size=7503872 bytes (18.3%)
(RDMA_READ_CONSUME_CHECK_CONSUMER) timestamp=733 ms, used_size=7501824 bytes (18.3%)
(RDMA_READ_CONSUME_CHECK_CONSUMER) timestamp=733 ms, used_size=7499776 bytes (18.3%)
(RDMA_READ_CONSUME_CHECK_CONSUMER) timestamp=733 ms, used_size=7497728 bytes (18.3%)
(RDMA_READ_CONSUME_CHECK_CONSUMER) timestamp=733 ms, used_size=7495680 bytes (18.3%)
(RDMA_READ_CONSUME_CHECK_CONSUMER) timestamp=733 ms, used_size=7493632 bytes (18.3%)
(RDMA_READ_CONSUME_CHECK_CONSUMER) timestamp=734 ms, used_size=7491584 bytes (18.3%)
(RDMA_READ_CONSUME_CHECK_CONSUMER) timestamp=734 ms, used_size=7489536 bytes (18.3%)
(RDMA_READ_CONSUME_CHECK_CONSUMER) timestamp=734 ms, used_size=7487488 bytes (18.3%)
(RDMA_READ_CONSUME_CHECK_CONSUMER) timestamp=734 ms, used_size=7485440 bytes (18.3%)
(RDMA_READ_CONSUME_CHECK_CONSUMER) timestamp=734 ms, used_size=7483392 bytes (18.3%)
(RDMA_READ_CONSUME_CHECK_CONSUMER) timestamp=734 ms, used_size=7481344 bytes (18.3%)
(RDMA_READ_CONSUME_CHECK_CONSUMER) timestamp=734 ms, used_size=7479296 bytes (18.3%)
(RDMA_READ_CONSUME_CHECK_CONSUMER) timestamp=734 ms, used_size=7477248 bytes (18.3%)
(RDMA_READ_CONSUME_CHECK_CONSUMER) timestamp=734 ms, used_size=7475200 bytes (18.2%)
(RDMA_READ_CONSUME_CHECK_CONSUMER) timestamp=734 ms, used_size=7473152 bytes (18.2%)
(RDMA_READ_CONSUME_CHECK_CONSUMER) timestamp=734 ms, used_size=7471104 bytes (18.2%)
(RDMA_READ_CONSUME_CHECK_CONSUMER) timestamp=734 ms, used_size=7469056 bytes (18.2%)
(RDMA_READ_CONSUME_CHECK_CONSUMER) timestamp=734 ms, used_size=7467008 bytes (18.2%)
(RDMA_READ_CONSUME_CHECK_CONSUMER) timestamp=734 ms, used_size=7464960 bytes (18.2%)
(RDMA_READ_CONSUME_CHECK_CONSUMER) timestamp=734 ms, used_size=7462912 bytes (18.2%)
(RDMA_READ_CONSUME_CHECK_CONSUMER) timestamp=734 ms, used_size=7460864 bytes (18.2%)
(RDMA_READ_CONSUME_CHECK_CONSUMER) timestamp=734 ms, used_size=7458816 bytes (18.2%)
(RDMA_READ_CONSUME_CHECK_CONSUMER) timestamp=734 ms, used_size=7456768 bytes (18.2%)
(RDMA_READ_CONSUME_CHECK_CONSUMER) timestamp=734 ms, used_size=7454720 bytes (18.2%)
(RDMA_READ_CONSUME_CHECK_CONSUMER) timestamp=734 ms, used_size=7452672 bytes (18.2%)
(RDMA_READ_CONSUME_CHECK_CONSUMER) timestamp=734 ms, used_size=7450624 bytes (18.2%)
(RDMA_READ_CONSUME_CHECK_CONSUMER) timestamp=734 ms, used_size=7448576 bytes (18.2%)
(RDMA_READ_CONSUME_CHECK_CONSUMER) timestamp=734 ms, used_size=7446528 bytes (18.2%)
(RDMA_READ_CONSUME_CHECK_CONSUMER) timestamp=734 ms, used_size=7444480 bytes (18.2%)
(RDMA_READ_CONSUME_CHECK_CONSUMER) timestamp=734 ms, used_size=7442432 bytes (18.2%)
(RDMA_READ_CONSUME_CHECK_CONSUMER) timestamp=734 ms, used_size=7440384 bytes (18.2%)
(RDMA_READ_CONSUME_CHECK_CONSUMER) timestamp=734 ms, used_size=7438336 bytes (18.2%)
(RDMA_READ_CONSUME_CHECK_CONSUMER) timestamp=734 ms, used_size=7436288 bytes (18.2%)
(RDMA_READ_CONSUME_CHECK_CONSUMER) timestamp=734 ms, used_size=7434240 bytes (18.1%)
(RDMA_READ_CONSUME_CHECK_CONSUMER) timestamp=734 ms, used_size=7432192 bytes (18.1%)
(RDMA_READ_CONSUME_CHECK_CONSUMER) timestamp=734 ms, used_size=7430144 bytes (18.1%)
(RDMA_READ_CONSUME_CHECK_CONSUMER) timestamp=734 ms, used_size=7428096 bytes (18.1%)
(RDMA_READ_CONSUME_CHECK_CONSUMER) timestamp=734 ms, used_size=7426048 bytes (18.1%)
(RDMA_READ_CONSUME_CHECK_CONSUMER) timestamp=734 ms, used_size=7424000 bytes (18.1%)
(RDMA_READ_CONSUME_CHECK_CONSUMER) timestamp=734 ms, used_size=7421952 bytes (18.1%)
(RDMA_READ_CONSUME_CHECK_CONSUMER) timestamp=734 ms, used_size=7419904 bytes (18.1%)
(RDMA_READ_CONSUME_CHECK_CONSUMER) timestamp=734 ms, used_size=7417856 bytes (18.1%)
(RDMA_READ_CONSUME_CHECK_CONSUMER) timestamp=734 ms, used_size=7415808 bytes (18.1%)
(RDMA_READ_CONSUME_CHECK_CONSUMER) timestamp=734 ms, used_size=7413760 bytes (18.1%)
(RDMA_READ_CONSUME_CHECK_CONSUMER) timestamp=734 ms, used_size=7411712 bytes (18.1%)
(RDMA_READ_CONSUME_CHECK_CONSUMER) timestamp=734 ms, used_size=7409664 bytes (18.1%)
(RDMA_READ_CONSUME_CHECK_CONSUMER) timestamp=734 ms, used_size=7407616 bytes (18.1%)
(RDMA_READ_CONSUME_CHECK_CONSUMER) timestamp=734 ms, used_size=7405568 bytes (18.1%)
(RDMA_READ_CONSUME_CHECK_CONSUMER) timestamp=734 ms, used_size=7403520 bytes (18.1%)
(RDMA_READ_CONSUME_CHECK_CONSUMER) timestamp=734 ms, used_size=7401472 bytes (18.1%)
(RDMA_READ_CONSUME_CHECK_CONSUMER) timestamp=734 ms, used_size=7399424 bytes (18.1%)
(RDMA_READ_CONSUME_CHECK_CONSUMER) timestamp=734 ms, used_size=7397376 bytes (18.1%)
(RDMA_READ_CONSUME_CHECK_CONSUMER) timestamp=734 ms, used_size=7395328 bytes (18.1%)
(RDMA_READ_CONSUME_CHECK_CONSUMER) timestamp=734 ms, used_size=7393280 bytes (18.1%)
(RDMA_READ_CONSUME_CHECK_CONSUMER) timestamp=734 ms, used_size=7391232 bytes (18.0%)
(RDMA_READ_CONSUME_CHECK_CONSUMER) timestamp=734 ms, used_size=7389184 bytes (18.0%)
(RDMA_READ_CONSUME_CHECK_CONSUMER) timestamp=734 ms, used_size=7387136 bytes (18.0%)
(RDMA_READ_CONSUME_CHECK_CONSUMER) timestamp=734 ms, used_size=7385088 bytes (18.0%)
(RDMA_READ_CONSUME_CHECK_CONSUMER) timestamp=734 ms, used_size=7383040 bytes (18.0%)
(RDMA_READ_CONSUME_CHECK_CONSUMER) timestamp=734 ms, used_size=7380992 bytes (18.0%)
(RDMA_READ_CONSUME_CHECK_CONSUMER) timestamp=734 ms, used_size=7378944 bytes (18.0%)
(RDMA_READ_CONSUME_CHECK_CONSUMER) timestamp=734 ms, used_size=7376896 bytes (18.0%)
(RDMA_READ_CONSUME_CHECK_CONSUMER) timestamp=734 ms, used_size=7374848 bytes (18.0%)
(RDMA_READ_CONSUME_CHECK_CONSUMER) timestamp=734 ms, used_size=7372800 bytes (18.0%)
(RDMA_READ_CONSUME_CHECK_CONSUMER) timestamp=734 ms, used_size=7370752 bytes (18.0%)
(RDMA_READ_CONSUME_CHECK_CONSUMER) timestamp=734 ms, used_size=7368704 bytes (18.0%)
(RDMA_READ_CONSUME_CHECK_CONSUMER) timestamp=734 ms, used_size=7366656 bytes (18.0%)
(RDMA_READ_CONSUME_CHECK_CONSUMER) timestamp=734 ms, used_size=7364608 bytes (18.0%)
(RDMA_READ_CONSUME_CHECK_CONSUMER) timestamp=734 ms, used_size=7362560 bytes (18.0%)
(RDMA_READ_CONSUME_CHECK_CONSUMER) timestamp=734 ms, used_size=7360512 bytes (18.0%)
(RDMA_READ_CONSUME_CHECK_CONSUMER) timestamp=734 ms, used_size=7358464 bytes (18.0%)
(RDMA_READ_CONSUME_CHECK_CONSUMER) timestamp=734 ms, used_size=7356416 bytes (18.0%)
(RDMA_READ_CONSUME_CHECK_CONSUMER) timestamp=734 ms, used_size=7354368 bytes (18.0%)
(RDMA_READ_CONSUME_CHECK_CONSUMER) timestamp=734 ms, used_size=7352320 bytes (17.9%)
(RDMA_READ_CONSUME_CHECK_CONSUMER) timestamp=734 ms, used_size=7350272 bytes (17.9%)
(RDMA_READ_CONSUME_CHECK_CONSUMER) timestamp=734 ms, used_size=7348224 bytes (17.9%)
(RDMA_READ_CONSUME_CHECK_CONSUMER) timestamp=734 ms, used_size=7346176 bytes (17.9%)
(RDMA_READ_CONSUME_CHECK_CONSUMER) timestamp=734 ms, used_size=7344128 bytes (17.9%)
(RDMA_READ_CONSUME_CHECK_CONSUMER) timestamp=734 ms, used_size=7342080 bytes (17.9%)
(RDMA_READ_CONSUME_CHECK_CONSUMER) timestamp=734 ms, used_size=7340032 bytes (17.9%)
(RDMA_READ_CONSUME_CHECK_CONSUMER) timestamp=734 ms, used_size=7337984 bytes (17.9%)
(RDMA_READ_CONSUME_CHECK_CONSUMER) timestamp=734 ms, used_size=7335936 bytes (17.9%)
(RDMA_READ_CONSUME_CHECK_CONSUMER) timestamp=734 ms, used_size=7333888 bytes (17.9%)
(RDMA_READ_CONSUME_CHECK_CONSUMER) timestamp=734 ms, used_size=7331840 bytes (17.9%)
(RDMA_READ_CONSUME_CHECK_CONSUMER) timestamp=734 ms, used_size=7329792 bytes (17.9%)
(RDMA_READ_CONSUME_CHECK_CONSUMER) timestamp=734 ms, used_size=7327744 bytes (17.9%)
(RDMA_READ_CONSUME_CHECK_CONSUMER) timestamp=734 ms, used_size=7325696 bytes (17.9%)
(RDMA_READ_CONSUME_CHECK_CONSUMER) timestamp=734 ms, used_size=7323648 bytes (17.9%)
(RDMA_READ_CONSUME_CHECK_CONSUMER) timestamp=734 ms, used_size=7321600 bytes (17.9%)
(RDMA_READ_CONSUME_CHECK_CONSUMER) timestamp=734 ms, used_size=7319552 bytes (17.9%)
(RDMA_READ_CONSUME_CHECK_CONSUMER) timestamp=734 ms, used_size=7317504 bytes (17.9%)
(RDMA_READ_CONSUME_CHECK_CONSUMER) timestamp=734 ms, used_size=7315456 bytes (17.9%)
(RDMA_READ_CONSUME_CHECK_CONSUMER) timestamp=734 ms, used_size=7313408 bytes (17.9%)
(RDMA_READ_CONSUME_CHECK_CONSUMER) timestamp=734 ms, used_size=7311360 bytes (17.9%)
(RDMA_READ_CONSUME_CHECK_CONSUMER) timestamp=734 ms, used_size=7309312 bytes (17.8%)
(RDMA_READ_CONSUME_CHECK_CONSUMER) timestamp=734 ms, used_size=7307264 bytes (17.8%)
(RDMA_READ_CONSUME_CHECK_CONSUMER) timestamp=734 ms, used_size=7305216 bytes (17.8%)
(RDMA_READ_CONSUME_CHECK_CONSUMER) timestamp=734 ms, used_size=7303168 bytes (17.8%)
(RDMA_READ_CONSUME_CHECK_CONSUMER) timestamp=734 ms, used_size=7301120 bytes (17.8%)
(RDMA_READ_CONSUME_CHECK_CONSUMER) timestamp=734 ms, used_size=7299072 bytes (17.8%)
(RDMA_READ_CONSUME_CHECK_CONSUMER) timestamp=734 ms, used_size=7297024 bytes (17.8%)
(RDMA_READ_CONSUME_CHECK_CONSUMER) timestamp=734 ms, used_size=7294976 bytes (17.8%)
(RDMA_READ_CONSUME_CHECK_CONSUMER) timestamp=734 ms, used_size=7292928 bytes (17.8%)
(RDMA_READ_CONSUME_CHECK_CONSUMER) timestamp=734 ms, used_size=7290880 bytes (17.8%)
(RDMA_READ_CONSUME_CHECK_CONSUMER) timestamp=734 ms, used_size=7288832 bytes (17.8%)
(RDMA_READ_CONSUME_CHECK_CONSUMER) timestamp=734 ms, used_size=7286784 bytes (17.8%)
(RDMA_READ_CONSUME_CHECK_CONSUMER) timestamp=734 ms, used_size=7284736 bytes (17.8%)
(RDMA_READ_CONSUME_CHECK_CONSUMER) timestamp=734 ms, used_size=7282688 bytes (17.8%)
(RDMA_READ_CONSUME_CHECK_CONSUMER) timestamp=734 ms, used_size=7280640 bytes (17.8%)
(RDMA_READ_CONSUME_CHECK_CONSUMER) timestamp=734 ms, used_size=7278592 bytes (17.8%)
(RDMA_READ_CONSUME_CHECK_CONSUMER) timestamp=734 ms, used_size=7276544 bytes (17.8%)
(RDMA_READ_CONSUME_CHECK_CONSUMER) timestamp=734 ms, used_size=7274496 bytes (17.8%)
(RDMA_READ_CONSUME_CHECK_CONSUMER) timestamp=734 ms, used_size=7272448 bytes (17.8%)
(RDMA_READ_CONSUME_CHECK_CONSUMER) timestamp=734 ms, used_size=7270400 bytes (17.8%)
(RDMA_READ_CONSUME_CHECK_CONSUMER) timestamp=734 ms, used_size=7268352 bytes (17.7%)
(RDMA_READ_CONSUME_CHECK_CONSUMER) timestamp=734 ms, used_size=7266304 bytes (17.7%)
(RDMA_READ_CONSUME_CHECK_CONSUMER) timestamp=734 ms, used_size=7264256 bytes (17.7%)
(RDMA_READ_CONSUME_CHECK_CONSUMER) timestamp=734 ms, used_size=7262208 bytes (17.7%)
(RDMA_READ_CONSUME_CHECK_CONSUMER) timestamp=734 ms, used_size=7260160 bytes (17.7%)
(RDMA_READ_CONSUME_CHECK_CONSUMER) timestamp=734 ms, used_size=7258112 bytes (17.7%)
(RDMA_READ_CONSUME_CHECK_CONSUMER) timestamp=734 ms, used_size=7256064 bytes (17.7%)
(RDMA_READ_CONSUME_CHECK_CONSUMER) timestamp=734 ms, used_size=7254016 bytes (17.7%)
(RDMA_READ_CONSUME_CHECK_CONSUMER) timestamp=734 ms, used_size=7251968 bytes (17.7%)
(RDMA_READ_CONSUME_CHECK_CONSUMER) timestamp=734 ms, used_size=7249920 bytes (17.7%)
(RDMA_READ_CONSUME_CHECK_CONSUMER) timestamp=734 ms, used_size=7247872 bytes (17.7%)
(RDMA_READ_CONSUME_CHECK_CONSUMER) timestamp=734 ms, used_size=7245824 bytes (17.7%)
(RDMA_READ_CONSUME_CHECK_CONSUMER) timestamp=734 ms, used_size=7243776 bytes (17.7%)
(RDMA_READ_CONSUME_CHECK_CONSUMER) timestamp=734 ms, used_size=7241728 bytes (17.7%)
(RDMA_READ_CONSUME_CHECK_CONSUMER) timestamp=734 ms, used_size=7239680 bytes (17.7%)
(RDMA_READ_CONSUME_CHECK_CONSUMER) timestamp=734 ms, used_size=7237632 bytes (17.7%)
(RDMA_READ_CONSUME_CHECK_CONSUMER) timestamp=734 ms, used_size=7235584 bytes (17.7%)
(RDMA_READ_CONSUME_CHECK_CONSUMER) timestamp=734 ms, used_size=7233536 bytes (17.7%)
(RDMA_READ_CONSUME_CHECK_CONSUMER) timestamp=734 ms, used_size=7231488 bytes (17.7%)
(RDMA_READ_CONSUME_CHECK_CONSUMER) timestamp=734 ms, used_size=7229440 bytes (17.6%)
(RDMA_READ_CONSUME_CHECK_CONSUMER) timestamp=734 ms, used_size=7227392 bytes (17.6%)
(RDMA_READ_CONSUME_CHECK_CONSUMER) timestamp=734 ms, used_size=7225344 bytes (17.6%)
(RDMA_READ_CONSUME_CHECK_CONSUMER) timestamp=734 ms, used_size=7223296 bytes (17.6%)
(RDMA_READ_CONSUME_CHECK_CONSUMER) timestamp=734 ms, used_size=7221248 bytes (17.6%)
(RDMA_READ_CONSUME_CHECK_CONSUMER) timestamp=734 ms, used_size=7219200 bytes (17.6%)
(RDMA_READ_CONSUME_CHECK_CONSUMER) timestamp=734 ms, used_size=7217152 bytes (17.6%)
(RDMA_READ_CONSUME_CHECK_CONSUMER) timestamp=734 ms, used_size=7215104 bytes (17.6%)
(RDMA_READ_CONSUME_CHECK_CONSUMER) timestamp=734 ms, used_size=7213056 bytes (17.6%)
(RDMA_READ_CONSUME_CHECK_CONSUMER) timestamp=734 ms, used_size=7211008 bytes (17.6%)
(RDMA_READ_CONSUME_CHECK_CONSUMER) timestamp=734 ms, used_size=7208960 bytes (17.6%)
(RDMA_READ_CONSUME_CHECK_CONSUMER) timestamp=734 ms, used_size=7206912 bytes (17.6%)
(RDMA_READ_CONSUME_CHECK_CONSUMER) timestamp=734 ms, used_size=7204864 bytes (17.6%)
(RDMA_READ_CONSUME_CHECK_CONSUMER) timestamp=734 ms, used_size=7202816 bytes (17.6%)
(RDMA_READ_CONSUME_CHECK_CONSUMER) timestamp=734 ms, used_size=7200768 bytes (17.6%)
(RDMA_READ_CONSUME_CHECK_CONSUMER) timestamp=734 ms, used_size=7198720 bytes (17.6%)
(RDMA_READ_CONSUME_CHECK_CONSUMER) timestamp=734 ms, used_size=7196672 bytes (17.6%)
(RDMA_READ_CONSUME_CHECK_CONSUMER) timestamp=734 ms, used_size=7194624 bytes (17.6%)
(RDMA_READ_CONSUME_CHECK_CONSUMER) timestamp=734 ms, used_size=7192576 bytes (17.6%)
(RDMA_READ_CONSUME_CHECK_CONSUMER) timestamp=734 ms, used_size=7190528 bytes (17.6%)
(RDMA_READ_CONSUME_CHECK_CONSUMER) timestamp=734 ms, used_size=7188480 bytes (17.6%)
(RDMA_READ_CONSUME_CHECK_CONSUMER) timestamp=734 ms, used_size=7186432 bytes (17.5%)
(RDMA_READ_CONSUME_CHECK_CONSUMER) timestamp=734 ms, used_size=7184384 bytes (17.5%)
(RDMA_READ_CONSUME_CHECK_CONSUMER) timestamp=734 ms, used_size=7182336 bytes (17.5%)
(RDMA_READ_CONSUME_CHECK_CONSUMER) timestamp=734 ms, used_size=7180288 bytes (17.5%)
(RDMA_READ_CONSUME_CHECK_CONSUMER) timestamp=734 ms, used_size=7178240 bytes (17.5%)
(RDMA_READ_CONSUME_CHECK_CONSUMER) timestamp=734 ms, used_size=7176192 bytes (17.5%)
(RDMA_READ_CONSUME_CHECK_CONSUMER) timestamp=734 ms, used_size=7174144 bytes (17.5%)
(RDMA_READ_CONSUME_CHECK_CONSUMER) timestamp=734 ms, used_size=7172096 bytes (17.5%)
(RDMA_READ_CONSUME_CHECK_CONSUMER) timestamp=734 ms, used_size=7170048 bytes (17.5%)
(RDMA_READ_CONSUME_CHECK_CONSUMER) timestamp=734 ms, used_size=7168000 bytes (17.5%)
(RDMA_READ_CONSUME_CHECK_CONSUMER) timestamp=734 ms, used_size=7165952 bytes (17.5%)
(RDMA_READ_CONSUME_CHECK_CONSUMER) timestamp=734 ms, used_size=7163904 bytes (17.5%)
(RDMA_READ_CONSUME_CHECK_CONSUMER) timestamp=734 ms, used_size=7161856 bytes (17.5%)
(RDMA_READ_CONSUME_CHECK_CONSUMER) timestamp=734 ms, used_size=7159808 bytes (17.5%)
(RDMA_READ_CONSUME_CHECK_CONSUMER) timestamp=734 ms, used_size=7157760 bytes (17.5%)
(RDMA_READ_CONSUME_CHECK_CONSUMER) timestamp=734 ms, used_size=7155712 bytes (17.5%)
(RDMA_READ_CONSUME_CHECK_CONSUMER) timestamp=734 ms, used_size=7153664 bytes (17.5%)
(RDMA_READ_CONSUME_CHECK_CONSUMER) timestamp=734 ms, used_size=7151616 bytes (17.5%)
(RDMA_READ_CONSUME_CHECK_CONSUMER) timestamp=734 ms, used_size=7149568 bytes (17.5%)
(RDMA_READ_CONSUME_CHECK_CONSUMER) timestamp=734 ms, used_size=7147520 bytes (17.4%)
(RDMA_READ_CONSUME_CHECK_CONSUMER) timestamp=734 ms, used_size=7145472 bytes (17.4%)
(RDMA_READ_CONSUME_CHECK_CONSUMER) timestamp=734 ms, used_size=7143424 bytes (17.4%)
(RDMA_READ_CONSUME_CHECK_CONSUMER) timestamp=734 ms, used_size=7141376 bytes (17.4%)
(RDMA_READ_CONSUME_CHECK_CONSUMER) timestamp=734 ms, used_size=7139328 bytes (17.4%)
(RDMA_READ_CONSUME_CHECK_CONSUMER) timestamp=734 ms, used_size=7137280 bytes (17.4%)
(RDMA_READ_CONSUME_CHECK_CONSUMER) timestamp=734 ms, used_size=7135232 bytes (17.4%)
(RDMA_READ_CONSUME_CHECK_CONSUMER) timestamp=734 ms, used_size=7133184 bytes (17.4%)
(RDMA_READ_CONSUME_CHECK_CONSUMER) timestamp=734 ms, used_size=7131136 bytes (17.4%)
(RDMA_READ_CONSUME_CHECK_CONSUMER) timestamp=734 ms, used_size=7129088 bytes (17.4%)
(RDMA_READ_CONSUME_CHECK_CONSUMER) timestamp=734 ms, used_size=7127040 bytes (17.4%)
(RDMA_READ_CONSUME_CHECK_CONSUMER) timestamp=734 ms, used_size=7124992 bytes (17.4%)
(RDMA_READ_CONSUME_CHECK_CONSUMER) timestamp=734 ms, used_size=7122944 bytes (17.4%)
(RDMA_READ_CONSUME_CHECK_CONSUMER) timestamp=734 ms, used_size=7120896 bytes (17.4%)
(RDMA_READ_CONSUME_CHECK_CONSUMER) timestamp=734 ms, used_size=7118848 bytes (17.4%)
(RDMA_READ_CONSUME_CHECK_CONSUMER) timestamp=734 ms, used_size=7116800 bytes (17.4%)
(RDMA_READ_CONSUME_CHECK_CONSUMER) timestamp=734 ms, used_size=7114752 bytes (17.4%)
(RDMA_READ_CONSUME_CHECK_CONSUMER) timestamp=734 ms, used_size=7112704 bytes (17.4%)
(RDMA_READ_CONSUME_CHECK_CONSUMER) timestamp=734 ms, used_size=7110656 bytes (17.4%)
(RDMA_READ_CONSUME_CHECK_CONSUMER) timestamp=734 ms, used_size=7108608 bytes (17.4%)
(RDMA_READ_CONSUME_CHECK_CONSUMER) timestamp=735 ms, used_size=7106560 bytes (17.4%)
(RDMA_READ_CONSUME_CHECK_CONSUMER) timestamp=735 ms, used_size=7104512 bytes (17.3%)
(RDMA_READ_CONSUME_CHECK_CONSUMER) timestamp=735 ms, used_size=7102464 bytes (17.3%)
(RDMA_READ_CONSUME_CHECK_CONSUMER) timestamp=735 ms, used_size=7100416 bytes (17.3%)
(RDMA_READ_CONSUME_CHECK_CONSUMER) timestamp=735 ms, used_size=7098368 bytes (17.3%)
(RDMA_READ_CONSUME_CHECK_CONSUMER) timestamp=735 ms, used_size=7096320 bytes (17.3%)
(RDMA_READ_CONSUME_CHECK_CONSUMER) timestamp=735 ms, used_size=7094272 bytes (17.3%)
(RDMA_READ_CONSUME_CHECK_CONSUMER) timestamp=735 ms, used_size=7092224 bytes (17.3%)
(RDMA_READ_CONSUME_CHECK_CONSUMER) timestamp=735 ms, used_size=7090176 bytes (17.3%)
(RDMA_READ_CONSUME_CHECK_CONSUMER) timestamp=735 ms, used_size=7088128 bytes (17.3%)
(RDMA_READ_CONSUME_CHECK_CONSUMER) timestamp=735 ms, used_size=7086080 bytes (17.3%)
(RDMA_READ_CONSUME_CHECK_CONSUMER) timestamp=735 ms, used_size=7084032 bytes (17.3%)
(RDMA_READ_CONSUME_CHECK_CONSUMER) timestamp=735 ms, used_size=7081984 bytes (17.3%)
(RDMA_READ_CONSUME_CHECK_CONSUMER) timestamp=735 ms, used_size=7079936 bytes (17.3%)
(RDMA_READ_CONSUME_CHECK_CONSUMER) timestamp=735 ms, used_size=7077888 bytes (17.3%)
(RDMA_READ_CONSUME_CHECK_CONSUMER) timestamp=735 ms, used_size=7075840 bytes (17.3%)
(RDMA_READ_CONSUME_CHECK_CONSUMER) timestamp=735 ms, used_size=7073792 bytes (17.3%)
(RDMA_READ_CONSUME_CHECK_CONSUMER) timestamp=735 ms, used_size=7071744 bytes (17.3%)
(RDMA_READ_CONSUME_CHECK_CONSUMER) timestamp=735 ms, used_size=7069696 bytes (17.3%)
(RDMA_READ_CONSUME_CHECK_CONSUMER) timestamp=735 ms, used_size=7067648 bytes (17.3%)
(RDMA_READ_CONSUME_CHECK_CONSUMER) timestamp=735 ms, used_size=7065600 bytes (17.2%)
(RDMA_READ_CONSUME_CHECK_CONSUMER) timestamp=735 ms, used_size=7063552 bytes (17.2%)
(RDMA_READ_CONSUME_CHECK_CONSUMER) timestamp=735 ms, used_size=7061504 bytes (17.2%)
(RDMA_READ_CONSUME_CHECK_CONSUMER) timestamp=735 ms, used_size=7059456 bytes (17.2%)
(RDMA_READ_CONSUME_CHECK_CONSUMER) timestamp=735 ms, used_size=7057408 bytes (17.2%)
(RDMA_READ_CONSUME_CHECK_CONSUMER) timestamp=735 ms, used_size=7055360 bytes (17.2%)
(RDMA_READ_CONSUME_CHECK_CONSUMER) timestamp=735 ms, used_size=7053312 bytes (17.2%)
(RDMA_READ_CONSUME_CHECK_CONSUMER) timestamp=735 ms, used_size=7051264 bytes (17.2%)
(RDMA_READ_CONSUME_CHECK_CONSUMER) timestamp=735 ms, used_size=7049216 bytes (17.2%)
(RDMA_READ_CONSUME_CHECK_CONSUMER) timestamp=735 ms, used_size=7047168 bytes (17.2%)
(RDMA_READ_CONSUME_CHECK_CONSUMER) timestamp=735 ms, used_size=7045120 bytes (17.2%)
(RDMA_READ_CONSUME_CHECK_CONSUMER) timestamp=735 ms, used_size=7043072 bytes (17.2%)
(RDMA_READ_CONSUME_CHECK_CONSUMER) timestamp=735 ms, used_size=7041024 bytes (17.2%)
(RDMA_READ_CONSUME_CHECK_CONSUMER) timestamp=735 ms, used_size=7038976 bytes (17.2%)
(RDMA_READ_CONSUME_CHECK_CONSUMER) timestamp=735 ms, used_size=7036928 bytes (17.2%)
(RDMA_READ_CONSUME_CHECK_CONSUMER) timestamp=735 ms, used_size=7034880 bytes (17.2%)
(RDMA_READ_CONSUME_CHECK_CONSUMER) timestamp=735 ms, used_size=7032832 bytes (17.2%)
(RDMA_READ_CONSUME_CHECK_CONSUMER) timestamp=735 ms, used_size=7030784 bytes (17.2%)
(RDMA_READ_CONSUME_CHECK_CONSUMER) timestamp=735 ms, used_size=7028736 bytes (17.2%)
(RDMA_READ_CONSUME_CHECK_CONSUMER) timestamp=735 ms, used_size=7026688 bytes (17.2%)
(RDMA_READ_CONSUME_CHECK_CONSUMER) timestamp=735 ms, used_size=7024640 bytes (17.1%)
(RDMA_READ_CONSUME_CHECK_CONSUMER) timestamp=735 ms, used_size=7022592 bytes (17.1%)
(RDMA_READ_CONSUME_CHECK_CONSUMER) timestamp=735 ms, used_size=7020544 bytes (17.1%)
(RDMA_READ_CONSUME_CHECK_CONSUMER) timestamp=735 ms, used_size=7018496 bytes (17.1%)
(RDMA_READ_CONSUME_CHECK_CONSUMER) timestamp=735 ms, used_size=7016448 bytes (17.1%)
(RDMA_READ_CONSUME_CHECK_CONSUMER) timestamp=735 ms, used_size=7014400 bytes (17.1%)
(RDMA_READ_CONSUME_CHECK_CONSUMER) timestamp=735 ms, used_size=7012352 bytes (17.1%)
(RDMA_READ_CONSUME_CHECK_CONSUMER) timestamp=735 ms, used_size=7010304 bytes (17.1%)
(RDMA_READ_CONSUME_CHECK_CONSUMER) timestamp=735 ms, used_size=7008256 bytes (17.1%)
(RDMA_READ_CONSUME_CHECK_CONSUMER) timestamp=735 ms, used_size=7006208 bytes (17.1%)
(RDMA_READ_CONSUME_CHECK_CONSUMER) timestamp=735 ms, used_size=7004160 bytes (17.1%)
(RDMA_READ_CONSUME_CHECK_CONSUMER) timestamp=735 ms, used_size=7002112 bytes (17.1%)
(RDMA_READ_CONSUME_CHECK_CONSUMER) timestamp=735 ms, used_size=7000064 bytes (17.1%)
(RDMA_READ_CONSUME_CHECK_CONSUMER) timestamp=735 ms, used_size=6998016 bytes (17.1%)
(RDMA_READ_CONSUME_CHECK_CONSUMER) timestamp=735 ms, used_size=6995968 bytes (17.1%)
(RDMA_READ_CONSUME_CHECK_CONSUMER) timestamp=735 ms, used_size=6993920 bytes (17.1%)
(RDMA_READ_CONSUME_CHECK_CONSUMER) timestamp=735 ms, used_size=6991872 bytes (17.1%)
(RDMA_READ_CONSUME_CHECK_CONSUMER) timestamp=735 ms, used_size=6989824 bytes (17.1%)
(RDMA_READ_CONSUME_CHECK_CONSUMER) timestamp=735 ms, used_size=6987776 bytes (17.1%)
(RDMA_READ_CONSUME_CHECK_CONSUMER) timestamp=735 ms, used_size=6985728 bytes (17.1%)
(RDMA_READ_CONSUME_CHECK_CONSUMER) timestamp=735 ms, used_size=6983680 bytes (17.1%)
(RDMA_READ_CONSUME_CHECK_CONSUMER) timestamp=735 ms, used_size=6981632 bytes (17.0%)
(RDMA_READ_CONSUME_CHECK_CONSUMER) timestamp=735 ms, used_size=6979584 bytes (17.0%)
(RDMA_READ_CONSUME_CHECK_CONSUMER) timestamp=735 ms, used_size=6977536 bytes (17.0%)
(RDMA_READ_CONSUME_CHECK_CONSUMER) timestamp=735 ms, used_size=6975488 bytes (17.0%)
(RDMA_READ_CONSUME_CHECK_CONSUMER) timestamp=735 ms, used_size=6973440 bytes (17.0%)
(RDMA_READ_CONSUME_CHECK_CONSUMER) timestamp=735 ms, used_size=6971392 bytes (17.0%)
(RDMA_READ_CONSUME_CHECK_CONSUMER) timestamp=735 ms, used_size=6969344 bytes (17.0%)
(RDMA_READ_CONSUME_CHECK_CONSUMER) timestamp=735 ms, used_size=6967296 bytes (17.0%)
(RDMA_READ_CONSUME_CHECK_CONSUMER) timestamp=735 ms, used_size=6965248 bytes (17.0%)
(RDMA_READ_CONSUME_CHECK_CONSUMER) timestamp=735 ms, used_size=6963200 bytes (17.0%)
(RDMA_READ_CONSUME_CHECK_CONSUMER) timestamp=735 ms, used_size=6961152 bytes (17.0%)
(RDMA_READ_CONSUME_CHECK_CONSUMER) timestamp=735 ms, used_size=6959104 bytes (17.0%)
(RDMA_READ_CONSUME_CHECK_CONSUMER) timestamp=735 ms, used_size=6957056 bytes (17.0%)
(RDMA_READ_CONSUME_CHECK_CONSUMER) timestamp=735 ms, used_size=6955008 bytes (17.0%)
(RDMA_READ_CONSUME_CHECK_CONSUMER) timestamp=735 ms, used_size=6952960 bytes (17.0%)
(RDMA_READ_CONSUME_CHECK_CONSUMER) timestamp=735 ms, used_size=6950912 bytes (17.0%)
(RDMA_READ_CONSUME_CHECK_CONSUMER) timestamp=735 ms, used_size=6948864 bytes (17.0%)
(RDMA_READ_CONSUME_CHECK_CONSUMER) timestamp=735 ms, used_size=6946816 bytes (17.0%)
(RDMA_READ_CONSUME_CHECK_CONSUMER) timestamp=735 ms, used_size=6944768 bytes (17.0%)
(RDMA_READ_CONSUME_CHECK_CONSUMER) timestamp=735 ms, used_size=6942720 bytes (16.9%)
(RDMA_READ_CONSUME_CHECK_CONSUMER) timestamp=735 ms, used_size=6940672 bytes (16.9%)
(RDMA_READ_CONSUME_CHECK_CONSUMER) timestamp=735 ms, used_size=6938624 bytes (16.9%)
(RDMA_READ_CONSUME_CHECK_CONSUMER) timestamp=735 ms, used_size=6936576 bytes (16.9%)
(RDMA_READ_CONSUME_CHECK_CONSUMER) timestamp=735 ms, used_size=6934528 bytes (16.9%)
(RDMA_READ_CONSUME_CHECK_CONSUMER) timestamp=735 ms, used_size=6932480 bytes (16.9%)
(RDMA_READ_CONSUME_CHECK_CONSUMER) timestamp=735 ms, used_size=6930432 bytes (16.9%)
(RDMA_READ_CONSUME_CHECK_CONSUMER) timestamp=735 ms, used_size=6928384 bytes (16.9%)
(RDMA_READ_CONSUME_CHECK_CONSUMER) timestamp=735 ms, used_size=6926336 bytes (16.9%)
(RDMA_READ_CONSUME_CHECK_CONSUMER) timestamp=735 ms, used_size=6924288 bytes (16.9%)
(RDMA_READ_CONSUME_CHECK_CONSUMER) timestamp=735 ms, used_size=6922240 bytes (16.9%)
(RDMA_READ_CONSUME_CHECK_CONSUMER) timestamp=735 ms, used_size=6920192 bytes (16.9%)
(RDMA_READ_CONSUME_CHECK_CONSUMER) timestamp=735 ms, used_size=6918144 bytes (16.9%)
(RDMA_READ_CONSUME_CHECK_CONSUMER) timestamp=735 ms, used_size=6916096 bytes (16.9%)
(RDMA_READ_CONSUME_CHECK_CONSUMER) timestamp=735 ms, used_size=6914048 bytes (16.9%)
(RDMA_READ_CONSUME_CHECK_CONSUMER) timestamp=735 ms, used_size=6912000 bytes (16.9%)
(RDMA_READ_CONSUME_CHECK_CONSUMER) timestamp=735 ms, used_size=6909952 bytes (16.9%)
(RDMA_READ_CONSUME_CHECK_CONSUMER) timestamp=735 ms, used_size=6907904 bytes (16.9%)
(RDMA_READ_CONSUME_CHECK_CONSUMER) timestamp=735 ms, used_size=6905856 bytes (16.9%)
(RDMA_READ_CONSUME_CHECK_CONSUMER) timestamp=735 ms, used_size=6903808 bytes (16.9%)
(RDMA_READ_CONSUME_CHECK_CONSUMER) timestamp=735 ms, used_size=6901760 bytes (16.9%)
(RDMA_READ_CONSUME_CHECK_CONSUMER) timestamp=735 ms, used_size=6899712 bytes (16.8%)
(RDMA_READ_CONSUME_CHECK_CONSUMER) timestamp=735 ms, used_size=6897664 bytes (16.8%)
(RDMA_READ_CONSUME_CHECK_CONSUMER) timestamp=735 ms, used_size=6895616 bytes (16.8%)
(RDMA_READ_CONSUME_CHECK_CONSUMER) timestamp=735 ms, used_size=6893568 bytes (16.8%)
(RDMA_READ_CONSUME_CHECK_CONSUMER) timestamp=735 ms, used_size=6891520 bytes (16.8%)
(RDMA_READ_CONSUME_CHECK_CONSUMER) timestamp=735 ms, used_size=6889472 bytes (16.8%)
(RDMA_READ_CONSUME_CHECK_CONSUMER) timestamp=735 ms, used_size=6887424 bytes (16.8%)
(RDMA_READ_CONSUME_CHECK_CONSUMER) timestamp=735 ms, used_size=6885376 bytes (16.8%)
(RDMA_READ_CONSUME_CHECK_CONSUMER) timestamp=735 ms, used_size=6883328 bytes (16.8%)
(RDMA_READ_CONSUME_CHECK_CONSUMER) timestamp=735 ms, used_size=6881280 bytes (16.8%)
(RDMA_READ_CONSUME_CHECK_CONSUMER) timestamp=735 ms, used_size=6879232 bytes (16.8%)
(RDMA_READ_CONSUME_CHECK_CONSUMER) timestamp=735 ms, used_size=6877184 bytes (16.8%)
(RDMA_READ_CONSUME_CHECK_CONSUMER) timestamp=735 ms, used_size=6875136 bytes (16.8%)
(RDMA_READ_CONSUME_CHECK_CONSUMER) timestamp=735 ms, used_size=6873088 bytes (16.8%)
(RDMA_READ_CONSUME_CHECK_CONSUMER) timestamp=735 ms, used_size=6871040 bytes (16.8%)
(RDMA_READ_CONSUME_CHECK_CONSUMER) timestamp=735 ms, used_size=6868992 bytes (16.8%)
(RDMA_READ_CONSUME_CHECK_CONSUMER) timestamp=735 ms, used_size=6866944 bytes (16.8%)
(RDMA_READ_CONSUME_CHECK_CONSUMER) timestamp=735 ms, used_size=6864896 bytes (16.8%)
(RDMA_READ_CONSUME_CHECK_CONSUMER) timestamp=735 ms, used_size=6862848 bytes (16.8%)
(RDMA_READ_CONSUME_CHECK_CONSUMER) timestamp=735 ms, used_size=6860800 bytes (16.8%)
(RDMA_READ_CONSUME_CHECK_CONSUMER) timestamp=735 ms, used_size=6858752 bytes (16.7%)
(RDMA_READ_CONSUME_CHECK_CONSUMER) timestamp=735 ms, used_size=6856704 bytes (16.7%)
(RDMA_READ_CONSUME_CHECK_CONSUMER) timestamp=735 ms, used_size=6854656 bytes (16.7%)
(RDMA_READ_CONSUME_CHECK_CONSUMER) timestamp=735 ms, used_size=6852608 bytes (16.7%)
(RDMA_READ_CONSUME_CHECK_CONSUMER) timestamp=735 ms, used_size=6850560 bytes (16.7%)
(RDMA_READ_CONSUME_CHECK_CONSUMER) timestamp=735 ms, used_size=6848512 bytes (16.7%)
(RDMA_READ_CONSUME_CHECK_CONSUMER) timestamp=735 ms, used_size=6846464 bytes (16.7%)
(RDMA_READ_CONSUME_CHECK_CONSUMER) timestamp=735 ms, used_size=6844416 bytes (16.7%)
(RDMA_READ_CONSUME_CHECK_CONSUMER) timestamp=735 ms, used_size=6842368 bytes (16.7%)
(RDMA_READ_CONSUME_CHECK_CONSUMER) timestamp=735 ms, used_size=6840320 bytes (16.7%)
(RDMA_READ_CONSUME_CHECK_CONSUMER) timestamp=735 ms, used_size=6838272 bytes (16.7%)
(RDMA_READ_CONSUME_CHECK_CONSUMER) timestamp=735 ms, used_size=6836224 bytes (16.7%)
(RDMA_READ_CONSUME_CHECK_CONSUMER) timestamp=735 ms, used_size=6834176 bytes (16.7%)
(RDMA_READ_CONSUME_CHECK_CONSUMER) timestamp=735 ms, used_size=6832128 bytes (16.7%)
(RDMA_READ_CONSUME_CHECK_CONSUMER) timestamp=735 ms, used_size=6830080 bytes (16.7%)
(RDMA_READ_CONSUME_CHECK_CONSUMER) timestamp=735 ms, used_size=6828032 bytes (16.7%)
(RDMA_READ_CONSUME_CHECK_CONSUMER) timestamp=735 ms, used_size=6825984 bytes (16.7%)
(RDMA_READ_CONSUME_CHECK_CONSUMER) timestamp=735 ms, used_size=6823936 bytes (16.7%)
(RDMA_READ_CONSUME_CHECK_CONSUMER) timestamp=735 ms, used_size=6821888 bytes (16.7%)
(RDMA_READ_CONSUME_CHECK_CONSUMER) timestamp=735 ms, used_size=6819840 bytes (16.6%)
(RDMA_READ_CONSUME_CHECK_CONSUMER) timestamp=735 ms, used_size=6817792 bytes (16.6%)
(RDMA_READ_CONSUME_CHECK_CONSUMER) timestamp=735 ms, used_size=6815744 bytes (16.6%)
(RDMA_READ_CONSUME_CHECK_CONSUMER) timestamp=735 ms, used_size=6813696 bytes (16.6%)
(RDMA_READ_CONSUME_CHECK_CONSUMER) timestamp=735 ms, used_size=6811648 bytes (16.6%)
(RDMA_READ_CONSUME_CHECK_CONSUMER) timestamp=735 ms, used_size=6809600 bytes (16.6%)
(RDMA_READ_CONSUME_CHECK_CONSUMER) timestamp=735 ms, used_size=6807552 bytes (16.6%)
(RDMA_READ_CONSUME_CHECK_CONSUMER) timestamp=735 ms, used_size=6805504 bytes (16.6%)
(RDMA_READ_CONSUME_CHECK_CONSUMER) timestamp=735 ms, used_size=6803456 bytes (16.6%)
(RDMA_READ_CONSUME_CHECK_CONSUMER) timestamp=735 ms, used_size=6801408 bytes (16.6%)
(RDMA_READ_CONSUME_CHECK_CONSUMER) timestamp=735 ms, used_size=6799360 bytes (16.6%)
(RDMA_READ_CONSUME_CHECK_CONSUMER) timestamp=735 ms, used_size=6797312 bytes (16.6%)
(RDMA_READ_CONSUME_CHECK_CONSUMER) timestamp=735 ms, used_size=6795264 bytes (16.6%)
(RDMA_READ_CONSUME_CHECK_CONSUMER) timestamp=735 ms, used_size=6793216 bytes (16.6%)
(RDMA_READ_CONSUME_CHECK_CONSUMER) timestamp=735 ms, used_size=6791168 bytes (16.6%)
(RDMA_READ_CONSUME_CHECK_CONSUMER) timestamp=735 ms, used_size=6789120 bytes (16.6%)
(RDMA_READ_CONSUME_CHECK_CONSUMER) timestamp=735 ms, used_size=6787072 bytes (16.6%)
(RDMA_READ_CONSUME_CHECK_CONSUMER) timestamp=735 ms, used_size=6785024 bytes (16.6%)
(RDMA_READ_CONSUME_CHECK_CONSUMER) timestamp=735 ms, used_size=6782976 bytes (16.6%)
(RDMA_READ_CONSUME_CHECK_CONSUMER) timestamp=735 ms, used_size=6780928 bytes (16.6%)
(RDMA_READ_CONSUME_CHECK_CONSUMER) timestamp=735 ms, used_size=6778880 bytes (16.6%)
(RDMA_READ_CONSUME_CHECK_CONSUMER) timestamp=735 ms, used_size=6776832 bytes (16.5%)
(RDMA_READ_CONSUME_CHECK_CONSUMER) timestamp=735 ms, used_size=6774784 bytes (16.5%)
(RDMA_READ_CONSUME_CHECK_CONSUMER) timestamp=735 ms, used_size=6772736 bytes (16.5%)
(RDMA_READ_CONSUME_CHECK_CONSUMER) timestamp=735 ms, used_size=6770688 bytes (16.5%)
(RDMA_READ_CONSUME_CHECK_CONSUMER) timestamp=735 ms, used_size=6768640 bytes (16.5%)
(RDMA_READ_CONSUME_CHECK_CONSUMER) timestamp=735 ms, used_size=6766592 bytes (16.5%)
(RDMA_READ_CONSUME_CHECK_CONSUMER) timestamp=735 ms, used_size=6764544 bytes (16.5%)
(RDMA_READ_CONSUME_CHECK_CONSUMER) timestamp=735 ms, used_size=6762496 bytes (16.5%)
(RDMA_READ_CONSUME_CHECK_CONSUMER) timestamp=735 ms, used_size=6760448 bytes (16.5%)
(RDMA_READ_CONSUME_CHECK_CONSUMER) timestamp=735 ms, used_size=6758400 bytes (16.5%)
(RDMA_READ_CONSUME_CHECK_CONSUMER) timestamp=735 ms, used_size=6756352 bytes (16.5%)
(RDMA_READ_CONSUME_CHECK_CONSUMER) timestamp=735 ms, used_size=6754304 bytes (16.5%)
(RDMA_READ_CONSUME_CHECK_CONSUMER) timestamp=735 ms, used_size=6752256 bytes (16.5%)
(RDMA_READ_CONSUME_CHECK_CONSUMER) timestamp=735 ms, used_size=6750208 bytes (16.5%)
(RDMA_READ_CONSUME_CHECK_CONSUMER) timestamp=735 ms, used_size=6748160 bytes (16.5%)
(RDMA_READ_CONSUME_CHECK_CONSUMER) timestamp=735 ms, used_size=6746112 bytes (16.5%)
(RDMA_READ_CONSUME_CHECK_CONSUMER) timestamp=735 ms, used_size=6744064 bytes (16.5%)
(RDMA_READ_CONSUME_CHECK_CONSUMER) timestamp=735 ms, used_size=6742016 bytes (16.5%)
(RDMA_READ_CONSUME_CHECK_CONSUMER) timestamp=735 ms, used_size=6739968 bytes (16.5%)
(RDMA_READ_CONSUME_CHECK_CONSUMER) timestamp=735 ms, used_size=6737920 bytes (16.4%)
(RDMA_READ_CONSUME_CHECK_CONSUMER) timestamp=735 ms, used_size=6735872 bytes (16.4%)
(RDMA_READ_CONSUME_CHECK_CONSUMER) timestamp=735 ms, used_size=6733824 bytes (16.4%)
(RDMA_READ_CONSUME_CHECK_CONSUMER) timestamp=736 ms, used_size=6731776 bytes (16.4%)
(RDMA_READ_CONSUME_CHECK_CONSUMER) timestamp=736 ms, used_size=6729728 bytes (16.4%)
(RDMA_READ_CONSUME_CHECK_CONSUMER) timestamp=736 ms, used_size=6727680 bytes (16.4%)
(RDMA_READ_CONSUME_CHECK_CONSUMER) timestamp=736 ms, used_size=6725632 bytes (16.4%)
(RDMA_READ_CONSUME_CHECK_CONSUMER) timestamp=736 ms, used_size=6723584 bytes (16.4%)
(RDMA_READ_CONSUME_CHECK_CONSUMER) timestamp=736 ms, used_size=6721536 bytes (16.4%)
(RDMA_READ_CONSUME_CHECK_CONSUMER) timestamp=736 ms, used_size=6719488 bytes (16.4%)
(RDMA_READ_CONSUME_CHECK_CONSUMER) timestamp=736 ms, used_size=6717440 bytes (16.4%)
(RDMA_READ_CONSUME_CHECK_CONSUMER) timestamp=736 ms, used_size=6715392 bytes (16.4%)
(RDMA_READ_CONSUME_CHECK_CONSUMER) timestamp=736 ms, used_size=6713344 bytes (16.4%)
(RDMA_READ_CONSUME_CHECK_CONSUMER) timestamp=736 ms, used_size=6711296 bytes (16.4%)
(RDMA_READ_CONSUME_CHECK_CONSUMER) timestamp=736 ms, used_size=6709248 bytes (16.4%)
(RDMA_READ_CONSUME_CHECK_CONSUMER) timestamp=736 ms, used_size=6707200 bytes (16.4%)
(RDMA_READ_CONSUME_CHECK_CONSUMER) timestamp=736 ms, used_size=6705152 bytes (16.4%)
(RDMA_READ_CONSUME_CHECK_CONSUMER) timestamp=736 ms, used_size=6703104 bytes (16.4%)
(RDMA_READ_CONSUME_CHECK_CONSUMER) timestamp=736 ms, used_size=6701056 bytes (16.4%)
(RDMA_READ_CONSUME_CHECK_CONSUMER) timestamp=736 ms, used_size=6699008 bytes (16.4%)
(RDMA_READ_CONSUME_CHECK_CONSUMER) timestamp=736 ms, used_size=6696960 bytes (16.4%)
(RDMA_READ_CONSUME_CHECK_CONSUMER) timestamp=736 ms, used_size=6694912 bytes (16.3%)
(RDMA_READ_CONSUME_CHECK_CONSUMER) timestamp=736 ms, used_size=6692864 bytes (16.3%)
(RDMA_READ_CONSUME_CHECK_CONSUMER) timestamp=736 ms, used_size=6690816 bytes (16.3%)
(RDMA_READ_CONSUME_CHECK_CONSUMER) timestamp=736 ms, used_size=6688768 bytes (16.3%)
(RDMA_READ_CONSUME_CHECK_CONSUMER) timestamp=736 ms, used_size=6686720 bytes (16.3%)
(RDMA_READ_CONSUME_CHECK_CONSUMER) timestamp=736 ms, used_size=6684672 bytes (16.3%)
(RDMA_READ_CONSUME_CHECK_CONSUMER) timestamp=736 ms, used_size=6682624 bytes (16.3%)
(RDMA_READ_CONSUME_CHECK_CONSUMER) timestamp=736 ms, used_size=6680576 bytes (16.3%)
(RDMA_READ_CONSUME_CHECK_CONSUMER) timestamp=736 ms, used_size=6678528 bytes (16.3%)
(RDMA_READ_CONSUME_CHECK_CONSUMER) timestamp=736 ms, used_size=6676480 bytes (16.3%)
(RDMA_READ_CONSUME_CHECK_CONSUMER) timestamp=736 ms, used_size=6674432 bytes (16.3%)
(RDMA_READ_CONSUME_CHECK_CONSUMER) timestamp=736 ms, used_size=6672384 bytes (16.3%)
(RDMA_READ_CONSUME_CHECK_CONSUMER) timestamp=736 ms, used_size=6670336 bytes (16.3%)
(RDMA_READ_CONSUME_CHECK_CONSUMER) timestamp=736 ms, used_size=6668288 bytes (16.3%)
(RDMA_READ_CONSUME_CHECK_CONSUMER) timestamp=736 ms, used_size=6666240 bytes (16.3%)
(RDMA_READ_CONSUME_CHECK_CONSUMER) timestamp=736 ms, used_size=6664192 bytes (16.3%)
(RDMA_READ_CONSUME_CHECK_CONSUMER) timestamp=736 ms, used_size=6662144 bytes (16.3%)
(RDMA_READ_CONSUME_CHECK_CONSUMER) timestamp=736 ms, used_size=6660096 bytes (16.3%)
(RDMA_READ_CONSUME_CHECK_CONSUMER) timestamp=736 ms, used_size=6658048 bytes (16.3%)
(RDMA_READ_CONSUME_CHECK_CONSUMER) timestamp=736 ms, used_size=6656000 bytes (16.2%)
(RDMA_READ_CONSUME_CHECK_CONSUMER) timestamp=736 ms, used_size=6653952 bytes (16.2%)
(RDMA_READ_CONSUME_CHECK_CONSUMER) timestamp=736 ms, used_size=6651904 bytes (16.2%)
(RDMA_READ_CONSUME_CHECK_CONSUMER) timestamp=736 ms, used_size=6649856 bytes (16.2%)
(RDMA_READ_CONSUME_CHECK_CONSUMER) timestamp=736 ms, used_size=6647808 bytes (16.2%)
(RDMA_READ_CONSUME_CHECK_CONSUMER) timestamp=736 ms, used_size=6645760 bytes (16.2%)
(RDMA_READ_CONSUME_CHECK_CONSUMER) timestamp=736 ms, used_size=6643712 bytes (16.2%)
(RDMA_READ_CONSUME_CHECK_CONSUMER) timestamp=736 ms, used_size=6641664 bytes (16.2%)
(RDMA_READ_CONSUME_CHECK_CONSUMER) timestamp=736 ms, used_size=6639616 bytes (16.2%)
(RDMA_READ_CONSUME_CHECK_CONSUMER) timestamp=736 ms, used_size=6637568 bytes (16.2%)
(RDMA_READ_CONSUME_CHECK_CONSUMER) timestamp=736 ms, used_size=6635520 bytes (16.2%)
(RDMA_READ_CONSUME_CHECK_CONSUMER) timestamp=736 ms, used_size=6633472 bytes (16.2%)
(RDMA_READ_CONSUME_CHECK_CONSUMER) timestamp=736 ms, used_size=6631424 bytes (16.2%)
(RDMA_READ_CONSUME_CHECK_CONSUMER) timestamp=736 ms, used_size=6629376 bytes (16.2%)
(RDMA_READ_CONSUME_CHECK_CONSUMER) timestamp=736 ms, used_size=6627328 bytes (16.2%)
(RDMA_READ_CONSUME_CHECK_CONSUMER) timestamp=736 ms, used_size=6625280 bytes (16.2%)
(RDMA_READ_CONSUME_CHECK_CONSUMER) timestamp=736 ms, used_size=6623232 bytes (16.2%)
(RDMA_READ_CONSUME_CHECK_CONSUMER) timestamp=736 ms, used_size=6621184 bytes (16.2%)
(RDMA_READ_CONSUME_CHECK_CONSUMER) timestamp=736 ms, used_size=6619136 bytes (16.2%)
(RDMA_READ_CONSUME_CHECK_CONSUMER) timestamp=736 ms, used_size=6617088 bytes (16.2%)
(RDMA_READ_CONSUME_CHECK_CONSUMER) timestamp=736 ms, used_size=6615040 bytes (16.1%)
(RDMA_READ_CONSUME_CHECK_CONSUMER) timestamp=736 ms, used_size=6612992 bytes (16.1%)
(RDMA_READ_CONSUME_CHECK_CONSUMER) timestamp=736 ms, used_size=6610944 bytes (16.1%)
(RDMA_READ_CONSUME_CHECK_CONSUMER) timestamp=736 ms, used_size=6608896 bytes (16.1%)
(RDMA_READ_CONSUME_CHECK_CONSUMER) timestamp=736 ms, used_size=6606848 bytes (16.1%)
(RDMA_READ_CONSUME_CHECK_CONSUMER) timestamp=736 ms, used_size=6604800 bytes (16.1%)
(RDMA_READ_CONSUME_CHECK_CONSUMER) timestamp=736 ms, used_size=6602752 bytes (16.1%)
(RDMA_READ_CONSUME_CHECK_CONSUMER) timestamp=736 ms, used_size=6600704 bytes (16.1%)
(RDMA_READ_CONSUME_CHECK_CONSUMER) timestamp=736 ms, used_size=6598656 bytes (16.1%)
(RDMA_READ_CONSUME_CHECK_CONSUMER) timestamp=736 ms, used_size=6596608 bytes (16.1%)
(RDMA_READ_CONSUME_CHECK_CONSUMER) timestamp=736 ms, used_size=6594560 bytes (16.1%)
(RDMA_READ_CONSUME_CHECK_CONSUMER) timestamp=736 ms, used_size=6592512 bytes (16.1%)
(RDMA_READ_CONSUME_CHECK_CONSUMER) timestamp=736 ms, used_size=6590464 bytes (16.1%)
(RDMA_READ_CONSUME_CHECK_CONSUMER) timestamp=736 ms, used_size=6588416 bytes (16.1%)
(RDMA_READ_CONSUME_CHECK_CONSUMER) timestamp=736 ms, used_size=6586368 bytes (16.1%)
(RDMA_READ_CONSUME_CHECK_CONSUMER) timestamp=736 ms, used_size=6584320 bytes (16.1%)
(RDMA_READ_CONSUME_CHECK_CONSUMER) timestamp=736 ms, used_size=6582272 bytes (16.1%)
(RDMA_READ_CONSUME_CHECK_CONSUMER) timestamp=736 ms, used_size=6580224 bytes (16.1%)
(RDMA_READ_CONSUME_CHECK_CONSUMER) timestamp=736 ms, used_size=6578176 bytes (16.1%)
(RDMA_READ_CONSUME_CHECK_CONSUMER) timestamp=736 ms, used_size=6576128 bytes (16.1%)
(RDMA_READ_CONSUME_CHECK_CONSUMER) timestamp=736 ms, used_size=6574080 bytes (16.1%)
(RDMA_READ_CONSUME_CHECK_CONSUMER) timestamp=736 ms, used_size=6572032 bytes (16.0%)
(RDMA_READ_CONSUME_CHECK_CONSUMER) timestamp=736 ms, used_size=6569984 bytes (16.0%)
(RDMA_READ_CONSUME_CHECK_CONSUMER) timestamp=736 ms, used_size=6567936 bytes (16.0%)
(RDMA_READ_CONSUME_CHECK_CONSUMER) timestamp=736 ms, used_size=6565888 bytes (16.0%)
(RDMA_READ_CONSUME_CHECK_CONSUMER) timestamp=736 ms, used_size=6563840 bytes (16.0%)
(RDMA_READ_CONSUME_CHECK_CONSUMER) timestamp=736 ms, used_size=6561792 bytes (16.0%)
(RDMA_READ_CONSUME_CHECK_CONSUMER) timestamp=736 ms, used_size=6559744 bytes (16.0%)
(RDMA_READ_CONSUME_CHECK_CONSUMER) timestamp=736 ms, used_size=6557696 bytes (16.0%)
(RDMA_READ_CONSUME_CHECK_CONSUMER) timestamp=736 ms, used_size=6555648 bytes (16.0%)
(RDMA_READ_CONSUME_CHECK_CONSUMER) timestamp=736 ms, used_size=6553600 bytes (16.0%)
(RDMA_READ_CONSUME_CHECK_CONSUMER) timestamp=736 ms, used_size=6551552 bytes (16.0%)
(RDMA_READ_CONSUME_CHECK_CONSUMER) timestamp=736 ms, used_size=6549504 bytes (16.0%)
(RDMA_READ_CONSUME_CHECK_CONSUMER) timestamp=736 ms, used_size=6547456 bytes (16.0%)
(RDMA_READ_CONSUME_CHECK_CONSUMER) timestamp=736 ms, used_size=6545408 bytes (16.0%)
(RDMA_READ_CONSUME_CHECK_CONSUMER) timestamp=736 ms, used_size=6543360 bytes (16.0%)
(RDMA_READ_CONSUME_CHECK_CONSUMER) timestamp=736 ms, used_size=6541312 bytes (16.0%)
(RDMA_READ_CONSUME_CHECK_CONSUMER) timestamp=736 ms, used_size=6539264 bytes (16.0%)
(RDMA_READ_CONSUME_CHECK_CONSUMER) timestamp=736 ms, used_size=6537216 bytes (16.0%)
(RDMA_READ_CONSUME_CHECK_CONSUMER) timestamp=736 ms, used_size=6535168 bytes (16.0%)
(RDMA_READ_CONSUME_CHECK_CONSUMER) timestamp=736 ms, used_size=6533120 bytes (15.9%)
(RDMA_READ_CONSUME_CHECK_CONSUMER) timestamp=736 ms, used_size=6531072 bytes (15.9%)
(RDMA_READ_CONSUME_CHECK_CONSUMER) timestamp=736 ms, used_size=6529024 bytes (15.9%)
(RDMA_READ_CONSUME_CHECK_CONSUMER) timestamp=736 ms, used_size=6526976 bytes (15.9%)
(RDMA_READ_CONSUME_CHECK_CONSUMER) timestamp=736 ms, used_size=6524928 bytes (15.9%)
(RDMA_READ_CONSUME_CHECK_CONSUMER) timestamp=736 ms, used_size=6522880 bytes (15.9%)
(RDMA_READ_CONSUME_CHECK_CONSUMER) timestamp=736 ms, used_size=6520832 bytes (15.9%)
(RDMA_READ_CONSUME_CHECK_CONSUMER) timestamp=736 ms, used_size=6518784 bytes (15.9%)
(RDMA_READ_CONSUME_CHECK_CONSUMER) timestamp=736 ms, used_size=6516736 bytes (15.9%)
(RDMA_READ_CONSUME_CHECK_CONSUMER) timestamp=736 ms, used_size=6514688 bytes (15.9%)
(RDMA_READ_CONSUME_CHECK_CONSUMER) timestamp=736 ms, used_size=6512640 bytes (15.9%)
(RDMA_READ_CONSUME_CHECK_CONSUMER) timestamp=736 ms, used_size=6510592 bytes (15.9%)
(RDMA_READ_CONSUME_CHECK_CONSUMER) timestamp=736 ms, used_size=6508544 bytes (15.9%)
(RDMA_READ_CONSUME_CHECK_CONSUMER) timestamp=736 ms, used_size=6506496 bytes (15.9%)
(RDMA_READ_CONSUME_CHECK_CONSUMER) timestamp=736 ms, used_size=6504448 bytes (15.9%)
(RDMA_READ_CONSUME_CHECK_CONSUMER) timestamp=736 ms, used_size=6502400 bytes (15.9%)
(RDMA_READ_CONSUME_CHECK_CONSUMER) timestamp=736 ms, used_size=6500352 bytes (15.9%)
(RDMA_READ_CONSUME_CHECK_CONSUMER) timestamp=736 ms, used_size=6498304 bytes (15.9%)
(RDMA_READ_CONSUME_CHECK_CONSUMER) timestamp=736 ms, used_size=6496256 bytes (15.9%)
(RDMA_READ_CONSUME_CHECK_CONSUMER) timestamp=736 ms, used_size=6494208 bytes (15.9%)
(RDMA_READ_CONSUME_CHECK_CONSUMER) timestamp=736 ms, used_size=6492160 bytes (15.8%)
(RDMA_READ_CONSUME_CHECK_CONSUMER) timestamp=736 ms, used_size=6490112 bytes (15.8%)
(RDMA_READ_CONSUME_CHECK_CONSUMER) timestamp=736 ms, used_size=6488064 bytes (15.8%)
(RDMA_READ_CONSUME_CHECK_CONSUMER) timestamp=736 ms, used_size=6486016 bytes (15.8%)
(RDMA_READ_CONSUME_CHECK_CONSUMER) timestamp=736 ms, used_size=6483968 bytes (15.8%)
(RDMA_READ_CONSUME_CHECK_CONSUMER) timestamp=736 ms, used_size=6481920 bytes (15.8%)
(RDMA_READ_CONSUME_CHECK_CONSUMER) timestamp=736 ms, used_size=6479872 bytes (15.8%)
(RDMA_READ_CONSUME_CHECK_CONSUMER) timestamp=736 ms, used_size=6477824 bytes (15.8%)
(RDMA_READ_CONSUME_CHECK_CONSUMER) timestamp=736 ms, used_size=6475776 bytes (15.8%)
(RDMA_READ_CONSUME_CHECK_CONSUMER) timestamp=736 ms, used_size=6473728 bytes (15.8%)
(RDMA_READ_CONSUME_CHECK_CONSUMER) timestamp=736 ms, used_size=6471680 bytes (15.8%)
(RDMA_READ_CONSUME_CHECK_CONSUMER) timestamp=736 ms, used_size=6469632 bytes (15.8%)
(RDMA_READ_CONSUME_CHECK_CONSUMER) timestamp=736 ms, used_size=6467584 bytes (15.8%)
(RDMA_READ_CONSUME_CHECK_CONSUMER) timestamp=736 ms, used_size=6465536 bytes (15.8%)
(RDMA_READ_CONSUME_CHECK_CONSUMER) timestamp=736 ms, used_size=6463488 bytes (15.8%)
(RDMA_READ_CONSUME_CHECK_CONSUMER) timestamp=736 ms, used_size=6461440 bytes (15.8%)
(RDMA_READ_CONSUME_CHECK_CONSUMER) timestamp=736 ms, used_size=6459392 bytes (15.8%)
(RDMA_READ_CONSUME_CHECK_CONSUMER) timestamp=736 ms, used_size=6457344 bytes (15.8%)
(RDMA_READ_CONSUME_CHECK_CONSUMER) timestamp=736 ms, used_size=6455296 bytes (15.8%)
(RDMA_READ_CONSUME_CHECK_CONSUMER) timestamp=736 ms, used_size=6453248 bytes (15.8%)
(RDMA_READ_CONSUME_CHECK_CONSUMER) timestamp=736 ms, used_size=6451200 bytes (15.8%)
(RDMA_READ_CONSUME_CHECK_CONSUMER) timestamp=736 ms, used_size=6449152 bytes (15.7%)
(RDMA_READ_CONSUME_CHECK_CONSUMER) timestamp=736 ms, used_size=6447104 bytes (15.7%)
(RDMA_READ_CONSUME_CHECK_CONSUMER) timestamp=736 ms, used_size=6445056 bytes (15.7%)
(RDMA_READ_CONSUME_CHECK_CONSUMER) timestamp=736 ms, used_size=6443008 bytes (15.7%)
(RDMA_READ_CONSUME_CHECK_CONSUMER) timestamp=736 ms, used_size=6440960 bytes (15.7%)
(RDMA_READ_CONSUME_CHECK_CONSUMER) timestamp=736 ms, used_size=6438912 bytes (15.7%)
(RDMA_READ_CONSUME_CHECK_CONSUMER) timestamp=736 ms, used_size=6436864 bytes (15.7%)
(RDMA_READ_CONSUME_CHECK_CONSUMER) timestamp=736 ms, used_size=6434816 bytes (15.7%)
(RDMA_READ_CONSUME_CHECK_CONSUMER) timestamp=736 ms, used_size=6432768 bytes (15.7%)
(RDMA_READ_CONSUME_CHECK_CONSUMER) timestamp=736 ms, used_size=6430720 bytes (15.7%)
(RDMA_READ_CONSUME_CHECK_CONSUMER) timestamp=736 ms, used_size=6428672 bytes (15.7%)
(RDMA_READ_CONSUME_CHECK_CONSUMER) timestamp=736 ms, used_size=6426624 bytes (15.7%)
(RDMA_READ_CONSUME_CHECK_CONSUMER) timestamp=736 ms, used_size=6424576 bytes (15.7%)
(RDMA_READ_CONSUME_CHECK_CONSUMER) timestamp=736 ms, used_size=6422528 bytes (15.7%)
(RDMA_READ_CONSUME_CHECK_CONSUMER) timestamp=736 ms, used_size=6420480 bytes (15.7%)
(RDMA_READ_CONSUME_CHECK_CONSUMER) timestamp=736 ms, used_size=6418432 bytes (15.7%)
(RDMA_READ_CONSUME_CHECK_CONSUMER) timestamp=736 ms, used_size=6416384 bytes (15.7%)
(RDMA_READ_CONSUME_CHECK_CONSUMER) timestamp=736 ms, used_size=6414336 bytes (15.7%)
(RDMA_READ_CONSUME_CHECK_CONSUMER) timestamp=736 ms, used_size=6412288 bytes (15.7%)
(RDMA_READ_CONSUME_CHECK_CONSUMER) timestamp=736 ms, used_size=6410240 bytes (15.7%)
(RDMA_READ_CONSUME_CHECK_CONSUMER) timestamp=736 ms, used_size=6408192 bytes (15.6%)
(RDMA_READ_CONSUME_CHECK_CONSUMER) timestamp=736 ms, used_size=6406144 bytes (15.6%)
(RDMA_READ_CONSUME_CHECK_CONSUMER) timestamp=736 ms, used_size=6404096 bytes (15.6%)
(RDMA_READ_CONSUME_CHECK_CONSUMER) timestamp=736 ms, used_size=6402048 bytes (15.6%)
(RDMA_READ_CONSUME_CHECK_CONSUMER) timestamp=736 ms, used_size=6400000 bytes (15.6%)
(RDMA_READ_CONSUME_CHECK_CONSUMER) timestamp=736 ms, used_size=6397952 bytes (15.6%)
(RDMA_READ_CONSUME_CHECK_CONSUMER) timestamp=736 ms, used_size=6395904 bytes (15.6%)
(RDMA_READ_CONSUME_CHECK_CONSUMER) timestamp=736 ms, used_size=6393856 bytes (15.6%)
(RDMA_READ_CONSUME_CHECK_CONSUMER) timestamp=736 ms, used_size=6391808 bytes (15.6%)
(RDMA_READ_CONSUME_CHECK_CONSUMER) timestamp=736 ms, used_size=6389760 bytes (15.6%)
(RDMA_READ_CONSUME_CHECK_CONSUMER) timestamp=736 ms, used_size=6387712 bytes (15.6%)
(RDMA_READ_CONSUME_CHECK_CONSUMER) timestamp=736 ms, used_size=6385664 bytes (15.6%)
(RDMA_READ_CONSUME_CHECK_CONSUMER) timestamp=736 ms, used_size=6383616 bytes (15.6%)
(RDMA_READ_CONSUME_CHECK_CONSUMER) timestamp=736 ms, used_size=6381568 bytes (15.6%)
(RDMA_READ_CONSUME_CHECK_CONSUMER) timestamp=736 ms, used_size=6379520 bytes (15.6%)
(RDMA_READ_CONSUME_CHECK_CONSUMER) timestamp=736 ms, used_size=6377472 bytes (15.6%)
(RDMA_READ_CONSUME_CHECK_CONSUMER) timestamp=736 ms, used_size=6375424 bytes (15.6%)
(RDMA_READ_CONSUME_CHECK_CONSUMER) timestamp=736 ms, used_size=6373376 bytes (15.6%)
(RDMA_READ_CONSUME_CHECK_CONSUMER) timestamp=736 ms, used_size=6371328 bytes (15.6%)
(RDMA_READ_CONSUME_CHECK_CONSUMER) timestamp=736 ms, used_size=6369280 bytes (15.6%)
(RDMA_READ_CONSUME_CHECK_CONSUMER) timestamp=736 ms, used_size=6367232 bytes (15.5%)
(RDMA_READ_CONSUME_CHECK_CONSUMER) timestamp=736 ms, used_size=6365184 bytes (15.5%)
(RDMA_READ_CONSUME_CHECK_CONSUMER) timestamp=736 ms, used_size=6363136 bytes (15.5%)
(RDMA_READ_CONSUME_CHECK_CONSUMER) timestamp=736 ms, used_size=6361088 bytes (15.5%)
(RDMA_READ_CONSUME_CHECK_CONSUMER) timestamp=736 ms, used_size=6359040 bytes (15.5%)
(RDMA_READ_CONSUME_CHECK_CONSUMER) timestamp=737 ms, used_size=6356992 bytes (15.5%)
(RDMA_READ_CONSUME_CHECK_CONSUMER) timestamp=737 ms, used_size=6354944 bytes (15.5%)
(RDMA_READ_CONSUME_CHECK_CONSUMER) timestamp=737 ms, used_size=6352896 bytes (15.5%)
(RDMA_READ_CONSUME_CHECK_CONSUMER) timestamp=737 ms, used_size=6350848 bytes (15.5%)
(RDMA_READ_CONSUME_CHECK_CONSUMER) timestamp=737 ms, used_size=6348800 bytes (15.5%)
(RDMA_READ_CONSUME_CHECK_CONSUMER) timestamp=737 ms, used_size=6346752 bytes (15.5%)
(RDMA_READ_CONSUME_CHECK_CONSUMER) timestamp=737 ms, used_size=6344704 bytes (15.5%)
(RDMA_READ_CONSUME_CHECK_CONSUMER) timestamp=737 ms, used_size=6342656 bytes (15.5%)
(RDMA_READ_CONSUME_CHECK_CONSUMER) timestamp=737 ms, used_size=6340608 bytes (15.5%)
(RDMA_READ_CONSUME_CHECK_CONSUMER) timestamp=737 ms, used_size=6338560 bytes (15.5%)
(RDMA_READ_CONSUME_CHECK_CONSUMER) timestamp=737 ms, used_size=6336512 bytes (15.5%)
(RDMA_READ_CONSUME_CHECK_CONSUMER) timestamp=737 ms, used_size=6334464 bytes (15.5%)
(RDMA_READ_CONSUME_CHECK_CONSUMER) timestamp=737 ms, used_size=6332416 bytes (15.5%)
(RDMA_READ_CONSUME_CHECK_CONSUMER) timestamp=737 ms, used_size=6330368 bytes (15.5%)
(RDMA_READ_CONSUME_CHECK_CONSUMER) timestamp=737 ms, used_size=6328320 bytes (15.4%)
(RDMA_READ_CONSUME_CHECK_CONSUMER) timestamp=737 ms, used_size=6326272 bytes (15.4%)
(RDMA_READ_CONSUME_CHECK_CONSUMER) timestamp=737 ms, used_size=6324224 bytes (15.4%)
(RDMA_READ_CONSUME_CHECK_CONSUMER) timestamp=737 ms, used_size=6322176 bytes (15.4%)
(RDMA_READ_CONSUME_CHECK_CONSUMER) timestamp=737 ms, used_size=6320128 bytes (15.4%)
(RDMA_READ_CONSUME_CHECK_CONSUMER) timestamp=737 ms, used_size=6318080 bytes (15.4%)
(RDMA_READ_CONSUME_CHECK_CONSUMER) timestamp=737 ms, used_size=6316032 bytes (15.4%)
(RDMA_READ_CONSUME_CHECK_CONSUMER) timestamp=737 ms, used_size=6313984 bytes (15.4%)
(RDMA_READ_CONSUME_CHECK_CONSUMER) timestamp=737 ms, used_size=6311936 bytes (15.4%)
(RDMA_READ_CONSUME_CHECK_CONSUMER) timestamp=737 ms, used_size=6309888 bytes (15.4%)
(RDMA_READ_CONSUME_CHECK_CONSUMER) timestamp=737 ms, used_size=6307840 bytes (15.4%)
(RDMA_READ_CONSUME_CHECK_CONSUMER) timestamp=737 ms, used_size=6305792 bytes (15.4%)
(RDMA_READ_CONSUME_CHECK_CONSUMER) timestamp=737 ms, used_size=6303744 bytes (15.4%)
(RDMA_READ_CONSUME_CHECK_CONSUMER) timestamp=737 ms, used_size=6301696 bytes (15.4%)
(RDMA_READ_CONSUME_CHECK_CONSUMER) timestamp=737 ms, used_size=6299648 bytes (15.4%)
(RDMA_READ_CONSUME_CHECK_CONSUMER) timestamp=737 ms, used_size=6297600 bytes (15.4%)
(RDMA_READ_CONSUME_CHECK_CONSUMER) timestamp=737 ms, used_size=6295552 bytes (15.4%)
(RDMA_READ_CONSUME_CHECK_CONSUMER) timestamp=737 ms, used_size=6293504 bytes (15.4%)
(RDMA_READ_CONSUME_CHECK_CONSUMER) timestamp=737 ms, used_size=6291456 bytes (15.4%)
(RDMA_READ_CONSUME_CHECK_CONSUMER) timestamp=737 ms, used_size=6289408 bytes (15.4%)
(RDMA_READ_CONSUME_CHECK_CONSUMER) timestamp=737 ms, used_size=6287360 bytes (15.3%)
(RDMA_READ_CONSUME_CHECK_CONSUMER) timestamp=737 ms, used_size=6285312 bytes (15.3%)
(RDMA_READ_CONSUME_CHECK_CONSUMER) timestamp=737 ms, used_size=6283264 bytes (15.3%)
(RDMA_READ_CONSUME_CHECK_CONSUMER) timestamp=737 ms, used_size=6281216 bytes (15.3%)
(RDMA_READ_CONSUME_CHECK_CONSUMER) timestamp=737 ms, used_size=6279168 bytes (15.3%)
(RDMA_READ_CONSUME_CHECK_CONSUMER) timestamp=737 ms, used_size=6277120 bytes (15.3%)
(RDMA_READ_CONSUME_CHECK_CONSUMER) timestamp=737 ms, used_size=6275072 bytes (15.3%)
(RDMA_READ_CONSUME_CHECK_CONSUMER) timestamp=737 ms, used_size=6273024 bytes (15.3%)
(RDMA_READ_CONSUME_CHECK_CONSUMER) timestamp=737 ms, used_size=6270976 bytes (15.3%)
(RDMA_READ_CONSUME_CHECK_CONSUMER) timestamp=737 ms, used_size=6268928 bytes (15.3%)
(RDMA_READ_CONSUME_CHECK_CONSUMER) timestamp=737 ms, used_size=6266880 bytes (15.3%)
(RDMA_READ_CONSUME_CHECK_CONSUMER) timestamp=737 ms, used_size=6264832 bytes (15.3%)
(RDMA_READ_CONSUME_CHECK_CONSUMER) timestamp=737 ms, used_size=6262784 bytes (15.3%)
(RDMA_READ_CONSUME_CHECK_CONSUMER) timestamp=737 ms, used_size=6260736 bytes (15.3%)
(RDMA_READ_CONSUME_CHECK_CONSUMER) timestamp=737 ms, used_size=6258688 bytes (15.3%)
(RDMA_READ_CONSUME_CHECK_CONSUMER) timestamp=737 ms, used_size=6256640 bytes (15.3%)
(RDMA_READ_CONSUME_CHECK_CONSUMER) timestamp=737 ms, used_size=6254592 bytes (15.3%)
(RDMA_READ_CONSUME_CHECK_CONSUMER) timestamp=737 ms, used_size=6252544 bytes (15.3%)
(RDMA_READ_CONSUME_CHECK_CONSUMER) timestamp=737 ms, used_size=6250496 bytes (15.3%)
(RDMA_READ_CONSUME_CHECK_CONSUMER) timestamp=737 ms, used_size=6248448 bytes (15.3%)
(RDMA_READ_CONSUME_CHECK_CONSUMER) timestamp=737 ms, used_size=6246400 bytes (15.2%)
(RDMA_READ_CONSUME_CHECK_CONSUMER) timestamp=737 ms, used_size=6244352 bytes (15.2%)
(RDMA_READ_CONSUME_CHECK_CONSUMER) timestamp=737 ms, used_size=6242304 bytes (15.2%)
(RDMA_READ_CONSUME_CHECK_CONSUMER) timestamp=737 ms, used_size=6240256 bytes (15.2%)
(RDMA_READ_CONSUME_CHECK_CONSUMER) timestamp=737 ms, used_size=6238208 bytes (15.2%)
(RDMA_READ_CONSUME_CHECK_CONSUMER) timestamp=737 ms, used_size=6236160 bytes (15.2%)
(RDMA_READ_CONSUME_CHECK_CONSUMER) timestamp=737 ms, used_size=6234112 bytes (15.2%)
(RDMA_READ_CONSUME_CHECK_CONSUMER) timestamp=737 ms, used_size=6232064 bytes (15.2%)
(RDMA_READ_CONSUME_CHECK_CONSUMER) timestamp=737 ms, used_size=6230016 bytes (15.2%)
(RDMA_READ_CONSUME_CHECK_CONSUMER) timestamp=737 ms, used_size=6227968 bytes (15.2%)
(RDMA_READ_CONSUME_CHECK_CONSUMER) timestamp=737 ms, used_size=6225920 bytes (15.2%)
(RDMA_READ_CONSUME_CHECK_CONSUMER) timestamp=737 ms, used_size=6223872 bytes (15.2%)
(RDMA_READ_CONSUME_CHECK_CONSUMER) timestamp=737 ms, used_size=6221824 bytes (15.2%)
(RDMA_READ_CONSUME_CHECK_CONSUMER) timestamp=737 ms, used_size=6219776 bytes (15.2%)
(RDMA_READ_CONSUME_CHECK_CONSUMER) timestamp=737 ms, used_size=6217728 bytes (15.2%)
(RDMA_READ_CONSUME_CHECK_CONSUMER) timestamp=737 ms, used_size=6215680 bytes (15.2%)
(RDMA_READ_CONSUME_CHECK_CONSUMER) timestamp=737 ms, used_size=6213632 bytes (15.2%)
(RDMA_READ_CONSUME_CHECK_CONSUMER) timestamp=737 ms, used_size=6211584 bytes (15.2%)
(RDMA_READ_CONSUME_CHECK_CONSUMER) timestamp=737 ms, used_size=6209536 bytes (15.2%)
(RDMA_READ_CONSUME_CHECK_CONSUMER) timestamp=737 ms, used_size=6207488 bytes (15.2%)
(RDMA_READ_CONSUME_CHECK_CONSUMER) timestamp=737 ms, used_size=6205440 bytes (15.2%)
(RDMA_READ_CONSUME_CHECK_CONSUMER) timestamp=737 ms, used_size=6203392 bytes (15.1%)
(RDMA_READ_CONSUME_CHECK_CONSUMER) timestamp=737 ms, used_size=6201344 bytes (15.1%)
(RDMA_READ_CONSUME_CHECK_CONSUMER) timestamp=737 ms, used_size=6199296 bytes (15.1%)
(RDMA_READ_CONSUME_CHECK_CONSUMER) timestamp=737 ms, used_size=6197248 bytes (15.1%)
(RDMA_READ_CONSUME_CHECK_CONSUMER) timestamp=737 ms, used_size=6195200 bytes (15.1%)
(RDMA_READ_CONSUME_CHECK_CONSUMER) timestamp=737 ms, used_size=6193152 bytes (15.1%)
(RDMA_READ_CONSUME_CHECK_CONSUMER) timestamp=737 ms, used_size=6191104 bytes (15.1%)
(RDMA_READ_CONSUME_CHECK_CONSUMER) timestamp=737 ms, used_size=6189056 bytes (15.1%)
(RDMA_READ_CONSUME_CHECK_CONSUMER) timestamp=737 ms, used_size=6187008 bytes (15.1%)
(RDMA_READ_CONSUME_CHECK_CONSUMER) timestamp=737 ms, used_size=6184960 bytes (15.1%)
(RDMA_READ_CONSUME_CHECK_CONSUMER) timestamp=737 ms, used_size=6182912 bytes (15.1%)
(RDMA_READ_CONSUME_CHECK_CONSUMER) timestamp=737 ms, used_size=6180864 bytes (15.1%)
(RDMA_READ_CONSUME_CHECK_CONSUMER) timestamp=737 ms, used_size=6178816 bytes (15.1%)
(RDMA_READ_CONSUME_CHECK_CONSUMER) timestamp=737 ms, used_size=6176768 bytes (15.1%)
(RDMA_READ_CONSUME_CHECK_CONSUMER) timestamp=737 ms, used_size=6174720 bytes (15.1%)
(RDMA_READ_CONSUME_CHECK_CONSUMER) timestamp=737 ms, used_size=6172672 bytes (15.1%)
(RDMA_READ_CONSUME_CHECK_CONSUMER) timestamp=737 ms, used_size=6170624 bytes (15.1%)
(RDMA_READ_CONSUME_CHECK_CONSUMER) timestamp=737 ms, used_size=6168576 bytes (15.1%)
(RDMA_READ_CONSUME_CHECK_CONSUMER) timestamp=737 ms, used_size=6166528 bytes (15.1%)
(RDMA_READ_CONSUME_CHECK_CONSUMER) timestamp=737 ms, used_size=6164480 bytes (15.1%)
(RDMA_READ_CONSUME_CHECK_CONSUMER) timestamp=737 ms, used_size=6162432 bytes (15.0%)
(RDMA_READ_CONSUME_CHECK_CONSUMER) timestamp=737 ms, used_size=6160384 bytes (15.0%)
(RDMA_READ_CONSUME_CHECK_CONSUMER) timestamp=737 ms, used_size=6158336 bytes (15.0%)
(RDMA_READ_CONSUME_CHECK_CONSUMER) timestamp=737 ms, used_size=6156288 bytes (15.0%)
(RDMA_READ_CONSUME_CHECK_CONSUMER) timestamp=737 ms, used_size=6154240 bytes (15.0%)
(RDMA_READ_CONSUME_CHECK_CONSUMER) timestamp=737 ms, used_size=6152192 bytes (15.0%)
(RDMA_READ_CONSUME_CHECK_CONSUMER) timestamp=737 ms, used_size=6150144 bytes (15.0%)
(RDMA_READ_CONSUME_CHECK_CONSUMER) timestamp=737 ms, used_size=6148096 bytes (15.0%)
(RDMA_READ_CONSUME_CHECK_CONSUMER) timestamp=737 ms, used_size=6146048 bytes (15.0%)
(RDMA_READ_CONSUME_CHECK_CONSUMER) timestamp=737 ms, used_size=6144000 bytes (15.0%)
(RDMA_READ_CONSUME_CHECK_CONSUMER) timestamp=737 ms, used_size=6141952 bytes (15.0%)
(RDMA_READ_CONSUME_CHECK_CONSUMER) timestamp=737 ms, used_size=6139904 bytes (15.0%)
(RDMA_READ_CONSUME_CHECK_CONSUMER) timestamp=737 ms, used_size=6137856 bytes (15.0%)
(RDMA_READ_CONSUME_CHECK_CONSUMER) timestamp=737 ms, used_size=6135808 bytes (15.0%)
(RDMA_READ_CONSUME_CHECK_CONSUMER) timestamp=737 ms, used_size=6133760 bytes (15.0%)
(RDMA_READ_CONSUME_CHECK_CONSUMER) timestamp=737 ms, used_size=6131712 bytes (15.0%)
(RDMA_READ_CONSUME_CHECK_CONSUMER) timestamp=737 ms, used_size=6129664 bytes (15.0%)
(RDMA_READ_CONSUME_CHECK_CONSUMER) timestamp=737 ms, used_size=6127616 bytes (15.0%)
(RDMA_READ_CONSUME_CHECK_CONSUMER) timestamp=737 ms, used_size=6125568 bytes (15.0%)
(RDMA_READ_CONSUME_CHECK_CONSUMER) timestamp=737 ms, used_size=6123520 bytes (14.9%)
(RDMA_READ_CONSUME_CHECK_CONSUMER) timestamp=737 ms, used_size=6121472 bytes (14.9%)
(RDMA_READ_CONSUME_CHECK_CONSUMER) timestamp=737 ms, used_size=6119424 bytes (14.9%)
(RDMA_READ_CONSUME_CHECK_CONSUMER) timestamp=737 ms, used_size=6117376 bytes (14.9%)
(RDMA_READ_CONSUME_CHECK_CONSUMER) timestamp=737 ms, used_size=6115328 bytes (14.9%)
(RDMA_READ_CONSUME_CHECK_CONSUMER) timestamp=737 ms, used_size=6113280 bytes (14.9%)
(RDMA_READ_CONSUME_CHECK_CONSUMER) timestamp=737 ms, used_size=6111232 bytes (14.9%)
(RDMA_READ_CONSUME_CHECK_CONSUMER) timestamp=737 ms, used_size=6109184 bytes (14.9%)
(RDMA_READ_CONSUME_CHECK_CONSUMER) timestamp=737 ms, used_size=6107136 bytes (14.9%)
(RDMA_READ_CONSUME_CHECK_CONSUMER) timestamp=737 ms, used_size=6105088 bytes (14.9%)
(RDMA_READ_CONSUME_CHECK_CONSUMER) timestamp=737 ms, used_size=6103040 bytes (14.9%)
(RDMA_READ_CONSUME_CHECK_CONSUMER) timestamp=737 ms, used_size=6100992 bytes (14.9%)
(RDMA_READ_CONSUME_CHECK_CONSUMER) timestamp=737 ms, used_size=6098944 bytes (14.9%)
(RDMA_READ_CONSUME_CHECK_CONSUMER) timestamp=737 ms, used_size=6096896 bytes (14.9%)
(RDMA_READ_CONSUME_CHECK_CONSUMER) timestamp=737 ms, used_size=6094848 bytes (14.9%)
(RDMA_READ_CONSUME_CHECK_CONSUMER) timestamp=737 ms, used_size=6092800 bytes (14.9%)
(RDMA_READ_CONSUME_CHECK_CONSUMER) timestamp=737 ms, used_size=6090752 bytes (14.9%)
(RDMA_READ_CONSUME_CHECK_CONSUMER) timestamp=737 ms, used_size=6088704 bytes (14.9%)
(RDMA_READ_CONSUME_CHECK_CONSUMER) timestamp=737 ms, used_size=6086656 bytes (14.9%)
(RDMA_READ_CONSUME_CHECK_CONSUMER) timestamp=737 ms, used_size=6084608 bytes (14.9%)
(RDMA_READ_CONSUME_CHECK_CONSUMER) timestamp=737 ms, used_size=6082560 bytes (14.8%)
(RDMA_READ_CONSUME_CHECK_CONSUMER) timestamp=737 ms, used_size=6080512 bytes (14.8%)
(RDMA_READ_CONSUME_CHECK_CONSUMER) timestamp=737 ms, used_size=6078464 bytes (14.8%)
(RDMA_READ_CONSUME_CHECK_CONSUMER) timestamp=737 ms, used_size=6076416 bytes (14.8%)
(RDMA_READ_CONSUME_CHECK_CONSUMER) timestamp=737 ms, used_size=6074368 bytes (14.8%)
(RDMA_READ_CONSUME_CHECK_CONSUMER) timestamp=737 ms, used_size=6072320 bytes (14.8%)
(RDMA_READ_CONSUME_CHECK_CONSUMER) timestamp=737 ms, used_size=6070272 bytes (14.8%)
(RDMA_READ_CONSUME_CHECK_CONSUMER) timestamp=737 ms, used_size=6068224 bytes (14.8%)
(RDMA_READ_CONSUME_CHECK_CONSUMER) timestamp=737 ms, used_size=6066176 bytes (14.8%)
(RDMA_READ_CONSUME_CHECK_CONSUMER) timestamp=737 ms, used_size=6064128 bytes (14.8%)
(RDMA_READ_CONSUME_CHECK_CONSUMER) timestamp=737 ms, used_size=6062080 bytes (14.8%)
(RDMA_READ_CONSUME_CHECK_CONSUMER) timestamp=737 ms, used_size=6060032 bytes (14.8%)
(RDMA_READ_CONSUME_CHECK_CONSUMER) timestamp=737 ms, used_size=6057984 bytes (14.8%)
(RDMA_READ_CONSUME_CHECK_CONSUMER) timestamp=737 ms, used_size=6055936 bytes (14.8%)
(RDMA_READ_CONSUME_CHECK_CONSUMER) timestamp=737 ms, used_size=6053888 bytes (14.8%)
(RDMA_READ_CONSUME_CHECK_CONSUMER) timestamp=737 ms, used_size=6051840 bytes (14.8%)
(RDMA_READ_CONSUME_CHECK_CONSUMER) timestamp=737 ms, used_size=6049792 bytes (14.8%)
(RDMA_READ_CONSUME_CHECK_CONSUMER) timestamp=737 ms, used_size=6047744 bytes (14.8%)
(RDMA_READ_CONSUME_CHECK_CONSUMER) timestamp=737 ms, used_size=6045696 bytes (14.8%)
(RDMA_READ_CONSUME_CHECK_CONSUMER) timestamp=737 ms, used_size=6043648 bytes (14.8%)
(RDMA_READ_CONSUME_CHECK_CONSUMER) timestamp=737 ms, used_size=6041600 bytes (14.8%)
(RDMA_READ_CONSUME_CHECK_CONSUMER) timestamp=737 ms, used_size=6039552 bytes (14.7%)
(RDMA_READ_CONSUME_CHECK_CONSUMER) timestamp=737 ms, used_size=6037504 bytes (14.7%)
(RDMA_READ_CONSUME_CHECK_CONSUMER) timestamp=737 ms, used_size=6035456 bytes (14.7%)
(RDMA_READ_CONSUME_CHECK_CONSUMER) timestamp=737 ms, used_size=6033408 bytes (14.7%)
(RDMA_READ_CONSUME_CHECK_CONSUMER) timestamp=737 ms, used_size=6031360 bytes (14.7%)
(RDMA_READ_CONSUME_CHECK_CONSUMER) timestamp=737 ms, used_size=6029312 bytes (14.7%)
(RDMA_READ_CONSUME_CHECK_CONSUMER) timestamp=737 ms, used_size=6027264 bytes (14.7%)
(RDMA_READ_CONSUME_CHECK_CONSUMER) timestamp=737 ms, used_size=6025216 bytes (14.7%)
(RDMA_READ_CONSUME_CHECK_CONSUMER) timestamp=737 ms, used_size=6023168 bytes (14.7%)
(RDMA_READ_CONSUME_CHECK_CONSUMER) timestamp=737 ms, used_size=6021120 bytes (14.7%)
(RDMA_READ_CONSUME_CHECK_CONSUMER) timestamp=737 ms, used_size=6019072 bytes (14.7%)
(RDMA_READ_CONSUME_CHECK_CONSUMER) timestamp=737 ms, used_size=6017024 bytes (14.7%)
(RDMA_READ_CONSUME_CHECK_CONSUMER) timestamp=737 ms, used_size=6014976 bytes (14.7%)
(RDMA_READ_CONSUME_CHECK_CONSUMER) timestamp=737 ms, used_size=6012928 bytes (14.7%)
(RDMA_READ_CONSUME_CHECK_CONSUMER) timestamp=737 ms, used_size=6010880 bytes (14.7%)
(RDMA_READ_CONSUME_CHECK_CONSUMER) timestamp=737 ms, used_size=6008832 bytes (14.7%)
(RDMA_READ_CONSUME_CHECK_CONSUMER) timestamp=737 ms, used_size=6006784 bytes (14.7%)
(RDMA_READ_CONSUME_CHECK_CONSUMER) timestamp=737 ms, used_size=6004736 bytes (14.7%)
(RDMA_READ_CONSUME_CHECK_CONSUMER) timestamp=737 ms, used_size=6002688 bytes (14.7%)
(RDMA_READ_CONSUME_CHECK_CONSUMER) timestamp=737 ms, used_size=6000640 bytes (14.7%)
(RDMA_READ_CONSUME_CHECK_CONSUMER) timestamp=737 ms, used_size=5998592 bytes (14.6%)
(RDMA_READ_CONSUME_CHECK_CONSUMER) timestamp=737 ms, used_size=5996544 bytes (14.6%)
(RDMA_READ_CONSUME_CHECK_CONSUMER) timestamp=737 ms, used_size=5994496 bytes (14.6%)
(RDMA_READ_CONSUME_CHECK_CONSUMER) timestamp=737 ms, used_size=5992448 bytes (14.6%)
(RDMA_READ_CONSUME_CHECK_CONSUMER) timestamp=737 ms, used_size=5990400 bytes (14.6%)
(RDMA_READ_CONSUME_CHECK_CONSUMER) timestamp=737 ms, used_size=5988352 bytes (14.6%)
(RDMA_READ_CONSUME_CHECK_CONSUMER) timestamp=737 ms, used_size=5986304 bytes (14.6%)
(RDMA_READ_CONSUME_CHECK_CONSUMER) timestamp=737 ms, used_size=5984256 bytes (14.6%)
(RDMA_READ_CONSUME_CHECK_CONSUMER) timestamp=737 ms, used_size=5982208 bytes (14.6%)
(RDMA_READ_CONSUME_CHECK_CONSUMER) timestamp=737 ms, used_size=5980160 bytes (14.6%)
(RDMA_READ_CONSUME_CHECK_CONSUMER) timestamp=737 ms, used_size=5978112 bytes (14.6%)
(RDMA_READ_CONSUME_CHECK_CONSUMER) timestamp=738 ms, used_size=5976064 bytes (14.6%)
(RDMA_READ_CONSUME_CHECK_CONSUMER) timestamp=738 ms, used_size=5974016 bytes (14.6%)
(RDMA_READ_CONSUME_CHECK_CONSUMER) timestamp=738 ms, used_size=5971968 bytes (14.6%)
(RDMA_READ_CONSUME_CHECK_CONSUMER) timestamp=738 ms, used_size=5969920 bytes (14.6%)
(RDMA_READ_CONSUME_CHECK_CONSUMER) timestamp=738 ms, used_size=5967872 bytes (14.6%)
(RDMA_READ_CONSUME_CHECK_CONSUMER) timestamp=738 ms, used_size=5965824 bytes (14.6%)
(RDMA_READ_CONSUME_CHECK_CONSUMER) timestamp=738 ms, used_size=5963776 bytes (14.6%)
(RDMA_READ_CONSUME_CHECK_CONSUMER) timestamp=738 ms, used_size=5961728 bytes (14.6%)
(RDMA_READ_CONSUME_CHECK_CONSUMER) timestamp=738 ms, used_size=5959680 bytes (14.6%)
(RDMA_READ_CONSUME_CHECK_CONSUMER) timestamp=738 ms, used_size=5957632 bytes (14.5%)
(RDMA_READ_CONSUME_CHECK_CONSUMER) timestamp=738 ms, used_size=5955584 bytes (14.5%)
(RDMA_READ_CONSUME_CHECK_CONSUMER) timestamp=738 ms, used_size=5953536 bytes (14.5%)
(RDMA_READ_CONSUME_CHECK_CONSUMER) timestamp=738 ms, used_size=5951488 bytes (14.5%)
(RDMA_READ_CONSUME_CHECK_CONSUMER) timestamp=738 ms, used_size=5949440 bytes (14.5%)
(RDMA_READ_CONSUME_CHECK_CONSUMER) timestamp=738 ms, used_size=5947392 bytes (14.5%)
(RDMA_READ_CONSUME_CHECK_CONSUMER) timestamp=738 ms, used_size=5945344 bytes (14.5%)
(RDMA_READ_CONSUME_CHECK_CONSUMER) timestamp=738 ms, used_size=5943296 bytes (14.5%)
(RDMA_READ_CONSUME_CHECK_CONSUMER) timestamp=738 ms, used_size=5941248 bytes (14.5%)
(RDMA_READ_CONSUME_CHECK_CONSUMER) timestamp=738 ms, used_size=5939200 bytes (14.5%)
(RDMA_READ_CONSUME_CHECK_CONSUMER) timestamp=738 ms, used_size=5937152 bytes (14.5%)
(RDMA_READ_CONSUME_CHECK_CONSUMER) timestamp=738 ms, used_size=5935104 bytes (14.5%)
(RDMA_READ_CONSUME_CHECK_CONSUMER) timestamp=738 ms, used_size=5933056 bytes (14.5%)
(RDMA_READ_CONSUME_CHECK_CONSUMER) timestamp=738 ms, used_size=5931008 bytes (14.5%)
(RDMA_READ_CONSUME_CHECK_CONSUMER) timestamp=738 ms, used_size=5928960 bytes (14.5%)
(RDMA_READ_CONSUME_CHECK_CONSUMER) timestamp=738 ms, used_size=5926912 bytes (14.5%)
(RDMA_READ_CONSUME_CHECK_CONSUMER) timestamp=738 ms, used_size=5924864 bytes (14.5%)
(RDMA_READ_CONSUME_CHECK_CONSUMER) timestamp=738 ms, used_size=5922816 bytes (14.5%)
(RDMA_READ_CONSUME_CHECK_CONSUMER) timestamp=738 ms, used_size=5920768 bytes (14.5%)
(RDMA_READ_CONSUME_CHECK_CONSUMER) timestamp=738 ms, used_size=5918720 bytes (14.4%)
(RDMA_READ_CONSUME_CHECK_CONSUMER) timestamp=738 ms, used_size=5916672 bytes (14.4%)
(RDMA_READ_CONSUME_CHECK_CONSUMER) timestamp=738 ms, used_size=5914624 bytes (14.4%)
(RDMA_READ_CONSUME_CHECK_CONSUMER) timestamp=738 ms, used_size=5912576 bytes (14.4%)
(RDMA_READ_CONSUME_CHECK_CONSUMER) timestamp=738 ms, used_size=5910528 bytes (14.4%)
(RDMA_READ_CONSUME_CHECK_CONSUMER) timestamp=738 ms, used_size=5908480 bytes (14.4%)
(RDMA_READ_CONSUME_CHECK_CONSUMER) timestamp=738 ms, used_size=5906432 bytes (14.4%)
(RDMA_READ_CONSUME_CHECK_CONSUMER) timestamp=738 ms, used_size=5904384 bytes (14.4%)
(RDMA_READ_CONSUME_CHECK_CONSUMER) timestamp=738 ms, used_size=5902336 bytes (14.4%)
(RDMA_READ_CONSUME_CHECK_CONSUMER) timestamp=738 ms, used_size=5900288 bytes (14.4%)
(RDMA_READ_CONSUME_CHECK_CONSUMER) timestamp=738 ms, used_size=5898240 bytes (14.4%)
(RDMA_READ_CONSUME_CHECK_CONSUMER) timestamp=738 ms, used_size=5896192 bytes (14.4%)
(RDMA_READ_CONSUME_CHECK_CONSUMER) timestamp=738 ms, used_size=5894144 bytes (14.4%)
(RDMA_READ_CONSUME_CHECK_CONSUMER) timestamp=738 ms, used_size=5892096 bytes (14.4%)
(RDMA_READ_CONSUME_CHECK_CONSUMER) timestamp=738 ms, used_size=5890048 bytes (14.4%)
(RDMA_READ_CONSUME_CHECK_CONSUMER) timestamp=738 ms, used_size=5888000 bytes (14.4%)
(RDMA_READ_CONSUME_CHECK_CONSUMER) timestamp=738 ms, used_size=5885952 bytes (14.4%)
(RDMA_READ_CONSUME_CHECK_CONSUMER) timestamp=738 ms, used_size=5883904 bytes (14.4%)
(RDMA_READ_CONSUME_CHECK_CONSUMER) timestamp=738 ms, used_size=5881856 bytes (14.4%)
(RDMA_READ_CONSUME_CHECK_CONSUMER) timestamp=738 ms, used_size=5879808 bytes (14.4%)
(RDMA_READ_CONSUME_CHECK_CONSUMER) timestamp=738 ms, used_size=5877760 bytes (14.3%)
(RDMA_READ_CONSUME_CHECK_CONSUMER) timestamp=738 ms, used_size=5875712 bytes (14.3%)
(RDMA_READ_CONSUME_CHECK_CONSUMER) timestamp=738 ms, used_size=5873664 bytes (14.3%)
(RDMA_READ_CONSUME_CHECK_CONSUMER) timestamp=738 ms, used_size=5871616 bytes (14.3%)
(RDMA_READ_CONSUME_CHECK_CONSUMER) timestamp=738 ms, used_size=5869568 bytes (14.3%)
(RDMA_READ_CONSUME_CHECK_CONSUMER) timestamp=738 ms, used_size=5867520 bytes (14.3%)
(RDMA_READ_CONSUME_CHECK_CONSUMER) timestamp=738 ms, used_size=5865472 bytes (14.3%)
(RDMA_READ_CONSUME_CHECK_CONSUMER) timestamp=738 ms, used_size=5863424 bytes (14.3%)
(RDMA_READ_CONSUME_CHECK_CONSUMER) timestamp=738 ms, used_size=5861376 bytes (14.3%)
(RDMA_READ_CONSUME_CHECK_CONSUMER) timestamp=738 ms, used_size=5859328 bytes (14.3%)
(RDMA_READ_CONSUME_CHECK_CONSUMER) timestamp=738 ms, used_size=5857280 bytes (14.3%)
(RDMA_READ_CONSUME_CHECK_CONSUMER) timestamp=738 ms, used_size=5855232 bytes (14.3%)
(RDMA_READ_CONSUME_CHECK_CONSUMER) timestamp=738 ms, used_size=5853184 bytes (14.3%)
(RDMA_READ_CONSUME_CHECK_CONSUMER) timestamp=738 ms, used_size=5851136 bytes (14.3%)
(RDMA_READ_CONSUME_CHECK_CONSUMER) timestamp=738 ms, used_size=5849088 bytes (14.3%)
(RDMA_READ_CONSUME_CHECK_CONSUMER) timestamp=738 ms, used_size=5847040 bytes (14.3%)
(RDMA_READ_CONSUME_CHECK_CONSUMER) timestamp=738 ms, used_size=5844992 bytes (14.3%)
(RDMA_READ_CONSUME_CHECK_CONSUMER) timestamp=738 ms, used_size=5842944 bytes (14.3%)
(RDMA_READ_CONSUME_CHECK_CONSUMER) timestamp=738 ms, used_size=5840896 bytes (14.3%)
(RDMA_READ_CONSUME_CHECK_CONSUMER) timestamp=738 ms, used_size=5838848 bytes (14.3%)
(RDMA_READ_CONSUME_CHECK_CONSUMER) timestamp=738 ms, used_size=5836800 bytes (14.2%)
(RDMA_READ_CONSUME_CHECK_CONSUMER) timestamp=738 ms, used_size=5834752 bytes (14.2%)
(RDMA_READ_CONSUME_CHECK_CONSUMER) timestamp=738 ms, used_size=5832704 bytes (14.2%)
(RDMA_READ_CONSUME_CHECK_CONSUMER) timestamp=738 ms, used_size=5830656 bytes (14.2%)
(RDMA_READ_CONSUME_CHECK_CONSUMER) timestamp=738 ms, used_size=5828608 bytes (14.2%)
(RDMA_READ_CONSUME_CHECK_CONSUMER) timestamp=738 ms, used_size=5826560 bytes (14.2%)
(RDMA_READ_CONSUME_CHECK_CONSUMER) timestamp=738 ms, used_size=5824512 bytes (14.2%)
(RDMA_READ_CONSUME_CHECK_CONSUMER) timestamp=738 ms, used_size=5822464 bytes (14.2%)
(RDMA_READ_CONSUME_CHECK_CONSUMER) timestamp=738 ms, used_size=5820416 bytes (14.2%)
(RDMA_READ_CONSUME_CHECK_CONSUMER) timestamp=738 ms, used_size=5818368 bytes (14.2%)
(RDMA_READ_CONSUME_CHECK_CONSUMER) timestamp=738 ms, used_size=5816320 bytes (14.2%)
(RDMA_READ_CONSUME_CHECK_CONSUMER) timestamp=738 ms, used_size=5814272 bytes (14.2%)
(RDMA_READ_CONSUME_CHECK_CONSUMER) timestamp=738 ms, used_size=5812224 bytes (14.2%)
(RDMA_READ_CONSUME_CHECK_CONSUMER) timestamp=738 ms, used_size=5810176 bytes (14.2%)
(RDMA_READ_CONSUME_CHECK_CONSUMER) timestamp=738 ms, used_size=5808128 bytes (14.2%)
(RDMA_READ_CONSUME_CHECK_CONSUMER) timestamp=738 ms, used_size=5806080 bytes (14.2%)
(RDMA_READ_CONSUME_CHECK_CONSUMER) timestamp=738 ms, used_size=5804032 bytes (14.2%)
(RDMA_READ_CONSUME_CHECK_CONSUMER) timestamp=738 ms, used_size=5801984 bytes (14.2%)
(RDMA_READ_CONSUME_CHECK_CONSUMER) timestamp=738 ms, used_size=5799936 bytes (14.2%)
(RDMA_READ_CONSUME_CHECK_CONSUMER) timestamp=738 ms, used_size=5797888 bytes (14.2%)
(RDMA_READ_CONSUME_CHECK_CONSUMER) timestamp=738 ms, used_size=5795840 bytes (14.2%)
(RDMA_READ_CONSUME_CHECK_CONSUMER) timestamp=738 ms, used_size=5793792 bytes (14.1%)
(RDMA_READ_CONSUME_CHECK_CONSUMER) timestamp=738 ms, used_size=5791744 bytes (14.1%)
(RDMA_READ_CONSUME_CHECK_CONSUMER) timestamp=738 ms, used_size=5789696 bytes (14.1%)
(RDMA_READ_CONSUME_CHECK_CONSUMER) timestamp=738 ms, used_size=5787648 bytes (14.1%)
(RDMA_READ_CONSUME_CHECK_CONSUMER) timestamp=738 ms, used_size=5785600 bytes (14.1%)
(RDMA_READ_CONSUME_CHECK_CONSUMER) timestamp=738 ms, used_size=5783552 bytes (14.1%)
(RDMA_READ_CONSUME_CHECK_CONSUMER) timestamp=738 ms, used_size=5781504 bytes (14.1%)
(RDMA_READ_CONSUME_CHECK_CONSUMER) timestamp=738 ms, used_size=5779456 bytes (14.1%)
(RDMA_READ_CONSUME_CHECK_CONSUMER) timestamp=738 ms, used_size=5777408 bytes (14.1%)
(RDMA_READ_CONSUME_CHECK_CONSUMER) timestamp=738 ms, used_size=5775360 bytes (14.1%)
(RDMA_READ_CONSUME_CHECK_CONSUMER) timestamp=738 ms, used_size=5773312 bytes (14.1%)
(RDMA_READ_CONSUME_CHECK_CONSUMER) timestamp=738 ms, used_size=5771264 bytes (14.1%)
(RDMA_READ_CONSUME_CHECK_CONSUMER) timestamp=738 ms, used_size=5769216 bytes (14.1%)
(RDMA_READ_CONSUME_CHECK_CONSUMER) timestamp=738 ms, used_size=5767168 bytes (14.1%)
(RDMA_READ_CONSUME_CHECK_CONSUMER) timestamp=738 ms, used_size=5765120 bytes (14.1%)
(RDMA_READ_CONSUME_CHECK_CONSUMER) timestamp=738 ms, used_size=5763072 bytes (14.1%)
(RDMA_READ_CONSUME_CHECK_CONSUMER) timestamp=738 ms, used_size=5761024 bytes (14.1%)
(RDMA_READ_CONSUME_CHECK_CONSUMER) timestamp=738 ms, used_size=5758976 bytes (14.1%)
(RDMA_READ_CONSUME_CHECK_CONSUMER) timestamp=738 ms, used_size=5756928 bytes (14.1%)
(RDMA_READ_CONSUME_CHECK_CONSUMER) timestamp=738 ms, used_size=5754880 bytes (14.1%)
(RDMA_READ_CONSUME_CHECK_CONSUMER) timestamp=738 ms, used_size=5752832 bytes (14.0%)
(RDMA_READ_CONSUME_CHECK_CONSUMER) timestamp=738 ms, used_size=5750784 bytes (14.0%)
(RDMA_READ_CONSUME_CHECK_CONSUMER) timestamp=738 ms, used_size=5748736 bytes (14.0%)
(RDMA_READ_CONSUME_CHECK_CONSUMER) timestamp=738 ms, used_size=5746688 bytes (14.0%)
(RDMA_READ_CONSUME_CHECK_CONSUMER) timestamp=738 ms, used_size=5744640 bytes (14.0%)
(RDMA_READ_CONSUME_CHECK_CONSUMER) timestamp=738 ms, used_size=5742592 bytes (14.0%)
(RDMA_READ_CONSUME_CHECK_CONSUMER) timestamp=738 ms, used_size=5740544 bytes (14.0%)
(RDMA_READ_CONSUME_CHECK_CONSUMER) timestamp=738 ms, used_size=5738496 bytes (14.0%)
(RDMA_READ_CONSUME_CHECK_CONSUMER) timestamp=738 ms, used_size=5736448 bytes (14.0%)
(RDMA_READ_CONSUME_CHECK_CONSUMER) timestamp=738 ms, used_size=5734400 bytes (14.0%)
(RDMA_READ_CONSUME_CHECK_CONSUMER) timestamp=738 ms, used_size=5732352 bytes (14.0%)
(RDMA_READ_CONSUME_CHECK_CONSUMER) timestamp=738 ms, used_size=5730304 bytes (14.0%)
(RDMA_READ_CONSUME_CHECK_CONSUMER) timestamp=738 ms, used_size=5728256 bytes (14.0%)
(RDMA_READ_CONSUME_CHECK_CONSUMER) timestamp=738 ms, used_size=5726208 bytes (14.0%)
(RDMA_READ_CONSUME_CHECK_CONSUMER) timestamp=738 ms, used_size=5724160 bytes (14.0%)
(RDMA_READ_CONSUME_CHECK_CONSUMER) timestamp=738 ms, used_size=5722112 bytes (14.0%)
(RDMA_READ_CONSUME_CHECK_CONSUMER) timestamp=738 ms, used_size=5720064 bytes (14.0%)
(RDMA_READ_CONSUME_CHECK_CONSUMER) timestamp=738 ms, used_size=5718016 bytes (14.0%)
(RDMA_READ_CONSUME_CHECK_CONSUMER) timestamp=738 ms, used_size=5715968 bytes (14.0%)
(RDMA_READ_CONSUME_CHECK_CONSUMER) timestamp=738 ms, used_size=5713920 bytes (13.9%)
(RDMA_READ_CONSUME_CHECK_CONSUMER) timestamp=738 ms, used_size=5711872 bytes (13.9%)
(RDMA_READ_CONSUME_CHECK_CONSUMER) timestamp=738 ms, used_size=5709824 bytes (13.9%)
(RDMA_READ_CONSUME_CHECK_CONSUMER) timestamp=738 ms, used_size=5707776 bytes (13.9%)
(RDMA_READ_CONSUME_CHECK_CONSUMER) timestamp=738 ms, used_size=5705728 bytes (13.9%)
(RDMA_READ_CONSUME_CHECK_CONSUMER) timestamp=738 ms, used_size=5703680 bytes (13.9%)
(RDMA_READ_CONSUME_CHECK_CONSUMER) timestamp=738 ms, used_size=5701632 bytes (13.9%)
(RDMA_READ_CONSUME_CHECK_CONSUMER) timestamp=738 ms, used_size=5699584 bytes (13.9%)
(RDMA_READ_CONSUME_CHECK_CONSUMER) timestamp=738 ms, used_size=5697536 bytes (13.9%)
(RDMA_READ_CONSUME_CHECK_CONSUMER) timestamp=738 ms, used_size=5695488 bytes (13.9%)
(RDMA_READ_CONSUME_CHECK_CONSUMER) timestamp=738 ms, used_size=5693440 bytes (13.9%)
(RDMA_READ_CONSUME_CHECK_CONSUMER) timestamp=738 ms, used_size=5691392 bytes (13.9%)
(RDMA_READ_CONSUME_CHECK_CONSUMER) timestamp=738 ms, used_size=5689344 bytes (13.9%)
(RDMA_READ_CONSUME_CHECK_CONSUMER) timestamp=738 ms, used_size=5687296 bytes (13.9%)
(RDMA_READ_CONSUME_CHECK_CONSUMER) timestamp=738 ms, used_size=5685248 bytes (13.9%)
(RDMA_READ_CONSUME_CHECK_CONSUMER) timestamp=738 ms, used_size=5683200 bytes (13.9%)
(RDMA_READ_CONSUME_CHECK_CONSUMER) timestamp=738 ms, used_size=5681152 bytes (13.9%)
(RDMA_READ_CONSUME_CHECK_CONSUMER) timestamp=738 ms, used_size=5679104 bytes (13.9%)
(RDMA_READ_CONSUME_CHECK_CONSUMER) timestamp=738 ms, used_size=5677056 bytes (13.9%)
(RDMA_READ_CONSUME_CHECK_CONSUMER) timestamp=738 ms, used_size=5675008 bytes (13.9%)
(RDMA_READ_CONSUME_CHECK_CONSUMER) timestamp=738 ms, used_size=5672960 bytes (13.8%)
(RDMA_READ_CONSUME_CHECK_CONSUMER) timestamp=738 ms, used_size=5670912 bytes (13.8%)
(RDMA_READ_CONSUME_CHECK_CONSUMER) timestamp=738 ms, used_size=5668864 bytes (13.8%)
(RDMA_READ_CONSUME_CHECK_CONSUMER) timestamp=738 ms, used_size=5666816 bytes (13.8%)
(RDMA_READ_CONSUME_CHECK_CONSUMER) timestamp=738 ms, used_size=5664768 bytes (13.8%)
(RDMA_READ_CONSUME_CHECK_CONSUMER) timestamp=738 ms, used_size=5662720 bytes (13.8%)
(RDMA_READ_CONSUME_CHECK_CONSUMER) timestamp=738 ms, used_size=5660672 bytes (13.8%)
(RDMA_READ_CONSUME_CHECK_CONSUMER) timestamp=738 ms, used_size=5658624 bytes (13.8%)
(RDMA_READ_CONSUME_CHECK_CONSUMER) timestamp=738 ms, used_size=5656576 bytes (13.8%)
(RDMA_READ_CONSUME_CHECK_CONSUMER) timestamp=738 ms, used_size=5654528 bytes (13.8%)
(RDMA_READ_CONSUME_CHECK_CONSUMER) timestamp=738 ms, used_size=5652480 bytes (13.8%)
(RDMA_READ_CONSUME_CHECK_CONSUMER) timestamp=738 ms, used_size=5650432 bytes (13.8%)
(RDMA_READ_CONSUME_CHECK_CONSUMER) timestamp=738 ms, used_size=5648384 bytes (13.8%)
(RDMA_READ_CONSUME_CHECK_CONSUMER) timestamp=738 ms, used_size=5646336 bytes (13.8%)
(RDMA_READ_CONSUME_CHECK_CONSUMER) timestamp=738 ms, used_size=5644288 bytes (13.8%)
(RDMA_READ_CONSUME_CHECK_CONSUMER) timestamp=738 ms, used_size=5642240 bytes (13.8%)
(RDMA_READ_CONSUME_CHECK_CONSUMER) timestamp=738 ms, used_size=5640192 bytes (13.8%)
(RDMA_READ_CONSUME_CHECK_CONSUMER) timestamp=738 ms, used_size=5638144 bytes (13.8%)
(RDMA_READ_CONSUME_CHECK_CONSUMER) timestamp=738 ms, used_size=5636096 bytes (13.8%)
(RDMA_READ_CONSUME_CHECK_CONSUMER) timestamp=738 ms, used_size=5634048 bytes (13.8%)
(RDMA_READ_CONSUME_CHECK_CONSUMER) timestamp=738 ms, used_size=5632000 bytes (13.8%)
(RDMA_READ_CONSUME_CHECK_CONSUMER) timestamp=738 ms, used_size=5629952 bytes (13.7%)
(RDMA_READ_CONSUME_CHECK_CONSUMER) timestamp=738 ms, used_size=5627904 bytes (13.7%)
(RDMA_READ_CONSUME_CHECK_CONSUMER) timestamp=738 ms, used_size=5625856 bytes (13.7%)
(RDMA_READ_CONSUME_CHECK_CONSUMER) timestamp=738 ms, used_size=5623808 bytes (13.7%)
(RDMA_READ_CONSUME_CHECK_CONSUMER) timestamp=738 ms, used_size=5621760 bytes (13.7%)
(RDMA_READ_CONSUME_CHECK_CONSUMER) timestamp=738 ms, used_size=5619712 bytes (13.7%)
(RDMA_READ_CONSUME_CHECK_CONSUMER) timestamp=738 ms, used_size=5617664 bytes (13.7%)
(RDMA_READ_CONSUME_CHECK_CONSUMER) timestamp=738 ms, used_size=5615616 bytes (13.7%)
(RDMA_READ_CONSUME_CHECK_CONSUMER) timestamp=738 ms, used_size=5613568 bytes (13.7%)
(RDMA_READ_CONSUME_CHECK_CONSUMER) timestamp=738 ms, used_size=5611520 bytes (13.7%)
(RDMA_READ_CONSUME_CHECK_CONSUMER) timestamp=738 ms, used_size=5609472 bytes (13.7%)
(RDMA_READ_CONSUME_CHECK_CONSUMER) timestamp=738 ms, used_size=5607424 bytes (13.7%)
(RDMA_READ_CONSUME_CHECK_CONSUMER) timestamp=738 ms, used_size=5605376 bytes (13.7%)
(RDMA_READ_CONSUME_CHECK_CONSUMER) timestamp=738 ms, used_size=5603328 bytes (13.7%)
(RDMA_READ_CONSUME_CHECK_CONSUMER) timestamp=739 ms, used_size=5601280 bytes (13.7%)
(RDMA_READ_CONSUME_CHECK_CONSUMER) timestamp=739 ms, used_size=5599232 bytes (13.7%)
(RDMA_READ_CONSUME_CHECK_CONSUMER) timestamp=739 ms, used_size=5597184 bytes (13.7%)
(RDMA_READ_CONSUME_CHECK_CONSUMER) timestamp=739 ms, used_size=5595136 bytes (13.7%)
(RDMA_READ_CONSUME_CHECK_CONSUMER) timestamp=739 ms, used_size=5593088 bytes (13.7%)
(RDMA_READ_CONSUME_CHECK_CONSUMER) timestamp=739 ms, used_size=5591040 bytes (13.7%)
(RDMA_READ_CONSUME_CHECK_CONSUMER) timestamp=739 ms, used_size=5588992 bytes (13.6%)
(RDMA_READ_CONSUME_CHECK_CONSUMER) timestamp=739 ms, used_size=5586944 bytes (13.6%)
(RDMA_READ_CONSUME_CHECK_CONSUMER) timestamp=739 ms, used_size=5584896 bytes (13.6%)
(RDMA_READ_CONSUME_CHECK_CONSUMER) timestamp=739 ms, used_size=5582848 bytes (13.6%)
(RDMA_READ_CONSUME_CHECK_CONSUMER) timestamp=739 ms, used_size=5580800 bytes (13.6%)
(RDMA_READ_CONSUME_CHECK_CONSUMER) timestamp=739 ms, used_size=5578752 bytes (13.6%)
(RDMA_READ_CONSUME_CHECK_CONSUMER) timestamp=739 ms, used_size=5576704 bytes (13.6%)
(RDMA_READ_CONSUME_CHECK_CONSUMER) timestamp=739 ms, used_size=5574656 bytes (13.6%)
(RDMA_READ_CONSUME_CHECK_CONSUMER) timestamp=739 ms, used_size=5572608 bytes (13.6%)
(RDMA_READ_CONSUME_CHECK_CONSUMER) timestamp=739 ms, used_size=5570560 bytes (13.6%)
(RDMA_READ_CONSUME_CHECK_CONSUMER) timestamp=739 ms, used_size=5568512 bytes (13.6%)
(RDMA_READ_CONSUME_CHECK_CONSUMER) timestamp=739 ms, used_size=5566464 bytes (13.6%)
(RDMA_READ_CONSUME_CHECK_CONSUMER) timestamp=739 ms, used_size=5564416 bytes (13.6%)
(RDMA_READ_CONSUME_CHECK_CONSUMER) timestamp=739 ms, used_size=5562368 bytes (13.6%)
(RDMA_READ_CONSUME_CHECK_CONSUMER) timestamp=739 ms, used_size=5560320 bytes (13.6%)
(RDMA_READ_CONSUME_CHECK_CONSUMER) timestamp=739 ms, used_size=5558272 bytes (13.6%)
(RDMA_READ_CONSUME_CHECK_CONSUMER) timestamp=739 ms, used_size=5556224 bytes (13.6%)
(RDMA_READ_CONSUME_CHECK_CONSUMER) timestamp=739 ms, used_size=5554176 bytes (13.6%)
(RDMA_READ_CONSUME_CHECK_CONSUMER) timestamp=739 ms, used_size=5552128 bytes (13.6%)
(RDMA_READ_CONSUME_CHECK_CONSUMER) timestamp=739 ms, used_size=5550080 bytes (13.6%)
(RDMA_READ_CONSUME_CHECK_CONSUMER) timestamp=739 ms, used_size=5548032 bytes (13.5%)
(RDMA_READ_CONSUME_CHECK_CONSUMER) timestamp=739 ms, used_size=5545984 bytes (13.5%)
(RDMA_READ_CONSUME_CHECK_CONSUMER) timestamp=739 ms, used_size=5543936 bytes (13.5%)
(RDMA_READ_CONSUME_CHECK_CONSUMER) timestamp=739 ms, used_size=5541888 bytes (13.5%)
(RDMA_READ_CONSUME_CHECK_CONSUMER) timestamp=739 ms, used_size=5539840 bytes (13.5%)
(RDMA_READ_CONSUME_CHECK_CONSUMER) timestamp=739 ms, used_size=5537792 bytes (13.5%)
(RDMA_READ_CONSUME_CHECK_CONSUMER) timestamp=739 ms, used_size=5535744 bytes (13.5%)
(RDMA_READ_CONSUME_CHECK_CONSUMER) timestamp=739 ms, used_size=5533696 bytes (13.5%)
(RDMA_READ_CONSUME_CHECK_CONSUMER) timestamp=739 ms, used_size=5531648 bytes (13.5%)
(RDMA_READ_CONSUME_CHECK_CONSUMER) timestamp=739 ms, used_size=5529600 bytes (13.5%)
(RDMA_READ_CONSUME_CHECK_CONSUMER) timestamp=739 ms, used_size=5527552 bytes (13.5%)
(RDMA_READ_CONSUME_CHECK_CONSUMER) timestamp=739 ms, used_size=5525504 bytes (13.5%)
(RDMA_READ_CONSUME_CHECK_CONSUMER) timestamp=739 ms, used_size=5523456 bytes (13.5%)
(RDMA_READ_CONSUME_CHECK_CONSUMER) timestamp=739 ms, used_size=5521408 bytes (13.5%)
(RDMA_READ_CONSUME_CHECK_CONSUMER) timestamp=739 ms, used_size=5519360 bytes (13.5%)
(RDMA_READ_CONSUME_CHECK_CONSUMER) timestamp=739 ms, used_size=5517312 bytes (13.5%)
(RDMA_READ_CONSUME_CHECK_CONSUMER) timestamp=739 ms, used_size=5515264 bytes (13.5%)
(RDMA_READ_CONSUME_CHECK_CONSUMER) timestamp=739 ms, used_size=5513216 bytes (13.5%)
(RDMA_READ_CONSUME_CHECK_CONSUMER) timestamp=739 ms, used_size=5511168 bytes (13.5%)
(RDMA_READ_CONSUME_CHECK_CONSUMER) timestamp=739 ms, used_size=5509120 bytes (13.4%)
(RDMA_READ_CONSUME_CHECK_CONSUMER) timestamp=739 ms, used_size=5507072 bytes (13.4%)
(RDMA_READ_CONSUME_CHECK_CONSUMER) timestamp=739 ms, used_size=5505024 bytes (13.4%)
(RDMA_READ_CONSUME_CHECK_CONSUMER) timestamp=739 ms, used_size=5502976 bytes (13.4%)
(RDMA_READ_CONSUME_CHECK_CONSUMER) timestamp=739 ms, used_size=5500928 bytes (13.4%)
(RDMA_READ_CONSUME_CHECK_CONSUMER) timestamp=739 ms, used_size=5498880 bytes (13.4%)
(RDMA_READ_CONSUME_CHECK_CONSUMER) timestamp=739 ms, used_size=5496832 bytes (13.4%)
(RDMA_READ_CONSUME_CHECK_CONSUMER) timestamp=739 ms, used_size=5494784 bytes (13.4%)
(RDMA_READ_CONSUME_CHECK_CONSUMER) timestamp=739 ms, used_size=5492736 bytes (13.4%)
(RDMA_READ_CONSUME_CHECK_CONSUMER) timestamp=739 ms, used_size=5490688 bytes (13.4%)
(RDMA_READ_CONSUME_CHECK_CONSUMER) timestamp=739 ms, used_size=5488640 bytes (13.4%)
(RDMA_READ_CONSUME_CHECK_CONSUMER) timestamp=739 ms, used_size=5486592 bytes (13.4%)
(RDMA_READ_CONSUME_CHECK_CONSUMER) timestamp=739 ms, used_size=5484544 bytes (13.4%)
(RDMA_READ_CONSUME_CHECK_CONSUMER) timestamp=739 ms, used_size=5482496 bytes (13.4%)
(RDMA_READ_CONSUME_CHECK_CONSUMER) timestamp=739 ms, used_size=5480448 bytes (13.4%)
(RDMA_READ_CONSUME_CHECK_CONSUMER) timestamp=739 ms, used_size=5478400 bytes (13.4%)
(RDMA_READ_CONSUME_CHECK_CONSUMER) timestamp=739 ms, used_size=5476352 bytes (13.4%)
(RDMA_READ_CONSUME_CHECK_CONSUMER) timestamp=739 ms, used_size=5474304 bytes (13.4%)
(RDMA_READ_CONSUME_CHECK_CONSUMER) timestamp=739 ms, used_size=5472256 bytes (13.4%)
(RDMA_READ_CONSUME_CHECK_CONSUMER) timestamp=739 ms, used_size=5470208 bytes (13.4%)
(RDMA_READ_CONSUME_CHECK_CONSUMER) timestamp=739 ms, used_size=5468160 bytes (13.3%)
(RDMA_READ_CONSUME_CHECK_CONSUMER) timestamp=739 ms, used_size=5466112 bytes (13.3%)
(RDMA_READ_CONSUME_CHECK_CONSUMER) timestamp=739 ms, used_size=5464064 bytes (13.3%)
(RDMA_READ_CONSUME_CHECK_CONSUMER) timestamp=739 ms, used_size=5462016 bytes (13.3%)
(RDMA_READ_CONSUME_CHECK_CONSUMER) timestamp=739 ms, used_size=5459968 bytes (13.3%)
(RDMA_READ_CONSUME_CHECK_CONSUMER) timestamp=739 ms, used_size=5457920 bytes (13.3%)
(RDMA_READ_CONSUME_CHECK_CONSUMER) timestamp=739 ms, used_size=5455872 bytes (13.3%)
(RDMA_READ_CONSUME_CHECK_CONSUMER) timestamp=739 ms, used_size=5453824 bytes (13.3%)
(RDMA_READ_CONSUME_CHECK_CONSUMER) timestamp=739 ms, used_size=5451776 bytes (13.3%)
(RDMA_READ_CONSUME_CHECK_CONSUMER) timestamp=739 ms, used_size=5449728 bytes (13.3%)
(RDMA_READ_CONSUME_CHECK_CONSUMER) timestamp=739 ms, used_size=5447680 bytes (13.3%)
(RDMA_READ_CONSUME_CHECK_CONSUMER) timestamp=739 ms, used_size=5445632 bytes (13.3%)
(RDMA_READ_CONSUME_CHECK_CONSUMER) timestamp=739 ms, used_size=5443584 bytes (13.3%)
(RDMA_READ_CONSUME_CHECK_CONSUMER) timestamp=739 ms, used_size=5441536 bytes (13.3%)
(RDMA_READ_CONSUME_CHECK_CONSUMER) timestamp=739 ms, used_size=5439488 bytes (13.3%)
(RDMA_READ_CONSUME_CHECK_CONSUMER) timestamp=739 ms, used_size=5437440 bytes (13.3%)
(RDMA_READ_CONSUME_CHECK_CONSUMER) timestamp=739 ms, used_size=5435392 bytes (13.3%)
(RDMA_READ_CONSUME_CHECK_CONSUMER) timestamp=739 ms, used_size=5433344 bytes (13.3%)
(RDMA_READ_CONSUME_CHECK_CONSUMER) timestamp=739 ms, used_size=5431296 bytes (13.3%)
(RDMA_READ_CONSUME_CHECK_CONSUMER) timestamp=739 ms, used_size=5429248 bytes (13.3%)
(RDMA_READ_CONSUME_CHECK_CONSUMER) timestamp=739 ms, used_size=5427200 bytes (13.2%)
(RDMA_READ_CONSUME_CHECK_CONSUMER) timestamp=739 ms, used_size=5425152 bytes (13.2%)
(RDMA_READ_CONSUME_CHECK_CONSUMER) timestamp=739 ms, used_size=5423104 bytes (13.2%)
(RDMA_READ_CONSUME_CHECK_CONSUMER) timestamp=739 ms, used_size=5421056 bytes (13.2%)
(RDMA_READ_CONSUME_CHECK_CONSUMER) timestamp=739 ms, used_size=5419008 bytes (13.2%)
(RDMA_READ_CONSUME_CHECK_CONSUMER) timestamp=739 ms, used_size=5416960 bytes (13.2%)
(RDMA_READ_CONSUME_CHECK_CONSUMER) timestamp=739 ms, used_size=5414912 bytes (13.2%)
(RDMA_READ_CONSUME_CHECK_CONSUMER) timestamp=739 ms, used_size=5412864 bytes (13.2%)
(RDMA_READ_CONSUME_CHECK_CONSUMER) timestamp=739 ms, used_size=5410816 bytes (13.2%)
(RDMA_READ_CONSUME_CHECK_CONSUMER) timestamp=739 ms, used_size=5408768 bytes (13.2%)
(RDMA_READ_CONSUME_CHECK_CONSUMER) timestamp=739 ms, used_size=5406720 bytes (13.2%)
(RDMA_READ_CONSUME_CHECK_CONSUMER) timestamp=739 ms, used_size=5404672 bytes (13.2%)
(RDMA_READ_CONSUME_CHECK_CONSUMER) timestamp=739 ms, used_size=5402624 bytes (13.2%)
(RDMA_READ_CONSUME_CHECK_CONSUMER) timestamp=739 ms, used_size=5400576 bytes (13.2%)
(RDMA_READ_CONSUME_CHECK_CONSUMER) timestamp=739 ms, used_size=5398528 bytes (13.2%)
(RDMA_READ_CONSUME_CHECK_CONSUMER) timestamp=739 ms, used_size=5396480 bytes (13.2%)
(RDMA_READ_CONSUME_CHECK_CONSUMER) timestamp=739 ms, used_size=5394432 bytes (13.2%)
(RDMA_READ_CONSUME_CHECK_CONSUMER) timestamp=739 ms, used_size=5392384 bytes (13.2%)
(RDMA_READ_CONSUME_CHECK_CONSUMER) timestamp=739 ms, used_size=5390336 bytes (13.2%)
(RDMA_READ_CONSUME_CHECK_CONSUMER) timestamp=739 ms, used_size=5388288 bytes (13.2%)
(RDMA_READ_CONSUME_CHECK_CONSUMER) timestamp=739 ms, used_size=5386240 bytes (13.2%)
(RDMA_READ_CONSUME_CHECK_CONSUMER) timestamp=739 ms, used_size=5384192 bytes (13.1%)
(RDMA_READ_CONSUME_CHECK_CONSUMER) timestamp=739 ms, used_size=5382144 bytes (13.1%)
(RDMA_READ_CONSUME_CHECK_CONSUMER) timestamp=739 ms, used_size=5380096 bytes (13.1%)
(RDMA_READ_CONSUME_CHECK_CONSUMER) timestamp=739 ms, used_size=5378048 bytes (13.1%)
(RDMA_READ_CONSUME_CHECK_CONSUMER) timestamp=739 ms, used_size=5376000 bytes (13.1%)
(RDMA_READ_CONSUME_CHECK_CONSUMER) timestamp=739 ms, used_size=5373952 bytes (13.1%)
(RDMA_READ_CONSUME_CHECK_CONSUMER) timestamp=739 ms, used_size=5371904 bytes (13.1%)
(RDMA_READ_CONSUME_CHECK_CONSUMER) timestamp=739 ms, used_size=5369856 bytes (13.1%)
(RDMA_READ_CONSUME_CHECK_CONSUMER) timestamp=739 ms, used_size=5367808 bytes (13.1%)
(RDMA_READ_CONSUME_CHECK_CONSUMER) timestamp=739 ms, used_size=5365760 bytes (13.1%)
(RDMA_READ_CONSUME_CHECK_CONSUMER) timestamp=739 ms, used_size=5363712 bytes (13.1%)
(RDMA_READ_CONSUME_CHECK_CONSUMER) timestamp=739 ms, used_size=5361664 bytes (13.1%)
(RDMA_READ_CONSUME_CHECK_CONSUMER) timestamp=739 ms, used_size=5359616 bytes (13.1%)
(RDMA_READ_CONSUME_CHECK_CONSUMER) timestamp=739 ms, used_size=5357568 bytes (13.1%)
(RDMA_READ_CONSUME_CHECK_CONSUMER) timestamp=739 ms, used_size=5355520 bytes (13.1%)
(RDMA_READ_CONSUME_CHECK_CONSUMER) timestamp=739 ms, used_size=5353472 bytes (13.1%)
(RDMA_READ_CONSUME_CHECK_CONSUMER) timestamp=739 ms, used_size=5351424 bytes (13.1%)
(RDMA_READ_CONSUME_CHECK_CONSUMER) timestamp=739 ms, used_size=5349376 bytes (13.1%)
(RDMA_READ_CONSUME_CHECK_CONSUMER) timestamp=739 ms, used_size=5347328 bytes (13.1%)
(RDMA_READ_CONSUME_CHECK_CONSUMER) timestamp=739 ms, used_size=5345280 bytes (13.1%)
(RDMA_READ_CONSUME_CHECK_CONSUMER) timestamp=739 ms, used_size=5343232 bytes (13.0%)
(RDMA_READ_CONSUME_CHECK_CONSUMER) timestamp=739 ms, used_size=5341184 bytes (13.0%)
(RDMA_READ_CONSUME_CHECK_CONSUMER) timestamp=739 ms, used_size=5339136 bytes (13.0%)
(RDMA_READ_CONSUME_CHECK_CONSUMER) timestamp=739 ms, used_size=5337088 bytes (13.0%)
(RDMA_READ_CONSUME_CHECK_CONSUMER) timestamp=739 ms, used_size=5335040 bytes (13.0%)
(RDMA_READ_CONSUME_CHECK_CONSUMER) timestamp=739 ms, used_size=5332992 bytes (13.0%)
(RDMA_READ_CONSUME_CHECK_CONSUMER) timestamp=739 ms, used_size=5330944 bytes (13.0%)
(RDMA_READ_CONSUME_CHECK_CONSUMER) timestamp=739 ms, used_size=5328896 bytes (13.0%)
(RDMA_READ_CONSUME_CHECK_CONSUMER) timestamp=739 ms, used_size=5326848 bytes (13.0%)
(RDMA_READ_CONSUME_CHECK_CONSUMER) timestamp=739 ms, used_size=5324800 bytes (13.0%)
(RDMA_READ_CONSUME_CHECK_CONSUMER) timestamp=739 ms, used_size=5322752 bytes (13.0%)
(RDMA_READ_CONSUME_CHECK_CONSUMER) timestamp=739 ms, used_size=5320704 bytes (13.0%)
(RDMA_READ_CONSUME_CHECK_CONSUMER) timestamp=739 ms, used_size=5318656 bytes (13.0%)
(RDMA_READ_CONSUME_CHECK_CONSUMER) timestamp=739 ms, used_size=5316608 bytes (13.0%)
(RDMA_READ_CONSUME_CHECK_CONSUMER) timestamp=739 ms, used_size=5314560 bytes (13.0%)
(RDMA_READ_CONSUME_CHECK_CONSUMER) timestamp=739 ms, used_size=5312512 bytes (13.0%)
(RDMA_READ_CONSUME_CHECK_CONSUMER) timestamp=739 ms, used_size=5310464 bytes (13.0%)
(RDMA_READ_CONSUME_CHECK_CONSUMER) timestamp=739 ms, used_size=5308416 bytes (13.0%)
(RDMA_READ_CONSUME_CHECK_CONSUMER) timestamp=739 ms, used_size=5306368 bytes (13.0%)
(RDMA_READ_CONSUME_CHECK_CONSUMER) timestamp=739 ms, used_size=5304320 bytes (12.9%)
(RDMA_READ_CONSUME_CHECK_CONSUMER) timestamp=739 ms, used_size=5302272 bytes (12.9%)
(RDMA_READ_CONSUME_CHECK_CONSUMER) timestamp=739 ms, used_size=5300224 bytes (12.9%)
(RDMA_READ_CONSUME_CHECK_CONSUMER) timestamp=739 ms, used_size=5298176 bytes (12.9%)
(RDMA_READ_CONSUME_CHECK_CONSUMER) timestamp=739 ms, used_size=5296128 bytes (12.9%)
(RDMA_READ_CONSUME_CHECK_CONSUMER) timestamp=739 ms, used_size=5294080 bytes (12.9%)
(RDMA_READ_CONSUME_CHECK_CONSUMER) timestamp=739 ms, used_size=5292032 bytes (12.9%)
(RDMA_READ_CONSUME_CHECK_CONSUMER) timestamp=739 ms, used_size=5289984 bytes (12.9%)
(RDMA_READ_CONSUME_CHECK_CONSUMER) timestamp=739 ms, used_size=5287936 bytes (12.9%)
(RDMA_READ_CONSUME_CHECK_CONSUMER) timestamp=739 ms, used_size=5285888 bytes (12.9%)
(RDMA_READ_CONSUME_CHECK_CONSUMER) timestamp=739 ms, used_size=5283840 bytes (12.9%)
(RDMA_READ_CONSUME_CHECK_CONSUMER) timestamp=739 ms, used_size=5281792 bytes (12.9%)
(RDMA_READ_CONSUME_CHECK_CONSUMER) timestamp=739 ms, used_size=5279744 bytes (12.9%)
(RDMA_READ_CONSUME_CHECK_CONSUMER) timestamp=739 ms, used_size=5277696 bytes (12.9%)
(RDMA_READ_CONSUME_CHECK_CONSUMER) timestamp=739 ms, used_size=5275648 bytes (12.9%)
(RDMA_READ_CONSUME_CHECK_CONSUMER) timestamp=739 ms, used_size=5273600 bytes (12.9%)
(RDMA_READ_CONSUME_CHECK_CONSUMER) timestamp=739 ms, used_size=5271552 bytes (12.9%)
(RDMA_READ_CONSUME_CHECK_CONSUMER) timestamp=739 ms, used_size=5269504 bytes (12.9%)
(RDMA_READ_CONSUME_CHECK_CONSUMER) timestamp=739 ms, used_size=5267456 bytes (12.9%)
(RDMA_READ_CONSUME_CHECK_CONSUMER) timestamp=739 ms, used_size=5265408 bytes (12.9%)
(RDMA_READ_CONSUME_CHECK_CONSUMER) timestamp=739 ms, used_size=5263360 bytes (12.8%)
(RDMA_READ_CONSUME_CHECK_CONSUMER) timestamp=739 ms, used_size=5261312 bytes (12.8%)
(RDMA_READ_CONSUME_CHECK_CONSUMER) timestamp=739 ms, used_size=5259264 bytes (12.8%)
(RDMA_READ_CONSUME_CHECK_CONSUMER) timestamp=739 ms, used_size=5257216 bytes (12.8%)
(RDMA_READ_CONSUME_CHECK_CONSUMER) timestamp=739 ms, used_size=5255168 bytes (12.8%)
(RDMA_READ_CONSUME_CHECK_CONSUMER) timestamp=739 ms, used_size=5253120 bytes (12.8%)
(RDMA_READ_CONSUME_CHECK_CONSUMER) timestamp=739 ms, used_size=5251072 bytes (12.8%)
(RDMA_READ_CONSUME_CHECK_CONSUMER) timestamp=739 ms, used_size=5249024 bytes (12.8%)
(RDMA_READ_CONSUME_CHECK_CONSUMER) timestamp=739 ms, used_size=5246976 bytes (12.8%)
(RDMA_READ_CONSUME_CHECK_CONSUMER) timestamp=739 ms, used_size=5244928 bytes (12.8%)
(RDMA_READ_CONSUME_CHECK_CONSUMER) timestamp=739 ms, used_size=5242880 bytes (12.8%)
(RDMA_READ_CONSUME_CHECK_CONSUMER) timestamp=739 ms, used_size=5240832 bytes (12.8%)
(RDMA_READ_CONSUME_CHECK_CONSUMER) timestamp=739 ms, used_size=5238784 bytes (12.8%)
(RDMA_READ_CONSUME_CHECK_CONSUMER) timestamp=739 ms, used_size=5236736 bytes (12.8%)
(RDMA_READ_CONSUME_CHECK_CONSUMER) timestamp=739 ms, used_size=5234688 bytes (12.8%)
(RDMA_READ_CONSUME_CHECK_CONSUMER) timestamp=739 ms, used_size=5232640 bytes (12.8%)
(RDMA_READ_CONSUME_CHECK_CONSUMER) timestamp=739 ms, used_size=5230592 bytes (12.8%)
(RDMA_READ_CONSUME_CHECK_CONSUMER) timestamp=739 ms, used_size=5228544 bytes (12.8%)
(RDMA_READ_CONSUME_CHECK_CONSUMER) timestamp=739 ms, used_size=5226496 bytes (12.8%)
(RDMA_READ_CONSUME_CHECK_CONSUMER) timestamp=739 ms, used_size=5224448 bytes (12.8%)
(RDMA_READ_CONSUME_CHECK_CONSUMER) timestamp=739 ms, used_size=5222400 bytes (12.8%)
(RDMA_READ_CONSUME_CHECK_CONSUMER) timestamp=740 ms, used_size=5220352 bytes (12.7%)
(RDMA_READ_CONSUME_CHECK_CONSUMER) timestamp=740 ms, used_size=5218304 bytes (12.7%)
(RDMA_READ_CONSUME_CHECK_CONSUMER) timestamp=740 ms, used_size=5216256 bytes (12.7%)
(RDMA_READ_CONSUME_CHECK_CONSUMER) timestamp=740 ms, used_size=5214208 bytes (12.7%)
(RDMA_READ_CONSUME_CHECK_CONSUMER) timestamp=740 ms, used_size=5212160 bytes (12.7%)
(RDMA_READ_CONSUME_CHECK_CONSUMER) timestamp=740 ms, used_size=5210112 bytes (12.7%)
(RDMA_READ_CONSUME_CHECK_CONSUMER) timestamp=740 ms, used_size=5208064 bytes (12.7%)
(RDMA_READ_CONSUME_CHECK_CONSUMER) timestamp=740 ms, used_size=5206016 bytes (12.7%)
(RDMA_READ_CONSUME_CHECK_CONSUMER) timestamp=740 ms, used_size=5203968 bytes (12.7%)
(RDMA_READ_CONSUME_CHECK_CONSUMER) timestamp=740 ms, used_size=5201920 bytes (12.7%)
(RDMA_READ_CONSUME_CHECK_CONSUMER) timestamp=740 ms, used_size=5199872 bytes (12.7%)
(RDMA_READ_CONSUME_CHECK_CONSUMER) timestamp=740 ms, used_size=5197824 bytes (12.7%)
(RDMA_READ_CONSUME_CHECK_CONSUMER) timestamp=740 ms, used_size=5195776 bytes (12.7%)
(RDMA_READ_CONSUME_CHECK_CONSUMER) timestamp=740 ms, used_size=5193728 bytes (12.7%)
(RDMA_READ_CONSUME_CHECK_CONSUMER) timestamp=740 ms, used_size=5191680 bytes (12.7%)
(RDMA_READ_CONSUME_CHECK_CONSUMER) timestamp=740 ms, used_size=5189632 bytes (12.7%)
(RDMA_READ_CONSUME_CHECK_CONSUMER) timestamp=740 ms, used_size=5187584 bytes (12.7%)
(RDMA_READ_CONSUME_CHECK_CONSUMER) timestamp=740 ms, used_size=5185536 bytes (12.7%)
(RDMA_READ_CONSUME_CHECK_CONSUMER) timestamp=740 ms, used_size=5183488 bytes (12.7%)
(RDMA_READ_CONSUME_CHECK_CONSUMER) timestamp=740 ms, used_size=5181440 bytes (12.7%)
(RDMA_READ_CONSUME_CHECK_CONSUMER) timestamp=740 ms, used_size=5179392 bytes (12.6%)
(RDMA_READ_CONSUME_CHECK_CONSUMER) timestamp=740 ms, used_size=5177344 bytes (12.6%)
(RDMA_READ_CONSUME_CHECK_CONSUMER) timestamp=740 ms, used_size=5175296 bytes (12.6%)
(RDMA_READ_CONSUME_CHECK_CONSUMER) timestamp=740 ms, used_size=5173248 bytes (12.6%)
(RDMA_READ_CONSUME_CHECK_CONSUMER) timestamp=740 ms, used_size=5171200 bytes (12.6%)
(RDMA_READ_CONSUME_CHECK_CONSUMER) timestamp=740 ms, used_size=5169152 bytes (12.6%)
(RDMA_READ_CONSUME_CHECK_CONSUMER) timestamp=740 ms, used_size=5167104 bytes (12.6%)
(RDMA_READ_CONSUME_CHECK_CONSUMER) timestamp=740 ms, used_size=5165056 bytes (12.6%)
(RDMA_READ_CONSUME_CHECK_CONSUMER) timestamp=740 ms, used_size=5163008 bytes (12.6%)
(RDMA_READ_CONSUME_CHECK_CONSUMER) timestamp=740 ms, used_size=5160960 bytes (12.6%)
(RDMA_READ_CONSUME_CHECK_CONSUMER) timestamp=740 ms, used_size=5158912 bytes (12.6%)
(RDMA_READ_CONSUME_CHECK_CONSUMER) timestamp=740 ms, used_size=5156864 bytes (12.6%)
(RDMA_READ_CONSUME_CHECK_CONSUMER) timestamp=740 ms, used_size=5154816 bytes (12.6%)
(RDMA_READ_CONSUME_CHECK_CONSUMER) timestamp=740 ms, used_size=5152768 bytes (12.6%)
(RDMA_READ_CONSUME_CHECK_CONSUMER) timestamp=740 ms, used_size=5150720 bytes (12.6%)
(RDMA_READ_CONSUME_CHECK_CONSUMER) timestamp=740 ms, used_size=5148672 bytes (12.6%)
(RDMA_READ_CONSUME_CHECK_CONSUMER) timestamp=740 ms, used_size=5146624 bytes (12.6%)
(RDMA_READ_CONSUME_CHECK_CONSUMER) timestamp=740 ms, used_size=5144576 bytes (12.6%)
(RDMA_READ_CONSUME_CHECK_CONSUMER) timestamp=740 ms, used_size=5142528 bytes (12.6%)
(RDMA_READ_CONSUME_CHECK_CONSUMER) timestamp=740 ms, used_size=5140480 bytes (12.6%)
(RDMA_READ_CONSUME_CHECK_CONSUMER) timestamp=740 ms, used_size=5138432 bytes (12.5%)
(RDMA_READ_CONSUME_CHECK_CONSUMER) timestamp=740 ms, used_size=5136384 bytes (12.5%)
(RDMA_READ_CONSUME_CHECK_CONSUMER) timestamp=740 ms, used_size=5134336 bytes (12.5%)
(RDMA_READ_CONSUME_CHECK_CONSUMER) timestamp=740 ms, used_size=5132288 bytes (12.5%)
(RDMA_READ_CONSUME_CHECK_CONSUMER) timestamp=740 ms, used_size=5130240 bytes (12.5%)
(RDMA_READ_CONSUME_CHECK_CONSUMER) timestamp=740 ms, used_size=5128192 bytes (12.5%)
(RDMA_READ_CONSUME_CHECK_CONSUMER) timestamp=740 ms, used_size=5126144 bytes (12.5%)
(RDMA_READ_CONSUME_CHECK_CONSUMER) timestamp=740 ms, used_size=5124096 bytes (12.5%)
(RDMA_READ_CONSUME_CHECK_CONSUMER) timestamp=740 ms, used_size=5122048 bytes (12.5%)
(RDMA_READ_CONSUME_CHECK_CONSUMER) timestamp=740 ms, used_size=5120000 bytes (12.5%)
(RDMA_READ_CONSUME_CHECK_CONSUMER) timestamp=740 ms, used_size=5117952 bytes (12.5%)
(RDMA_READ_CONSUME_CHECK_CONSUMER) timestamp=740 ms, used_size=5115904 bytes (12.5%)
(RDMA_READ_CONSUME_CHECK_CONSUMER) timestamp=740 ms, used_size=5113856 bytes (12.5%)
(RDMA_READ_CONSUME_CHECK_CONSUMER) timestamp=740 ms, used_size=5111808 bytes (12.5%)
(RDMA_READ_CONSUME_CHECK_CONSUMER) timestamp=740 ms, used_size=5109760 bytes (12.5%)
(RDMA_READ_CONSUME_CHECK_CONSUMER) timestamp=740 ms, used_size=5107712 bytes (12.5%)
(RDMA_READ_CONSUME_CHECK_CONSUMER) timestamp=740 ms, used_size=5105664 bytes (12.5%)
(RDMA_READ_CONSUME_CHECK_CONSUMER) timestamp=740 ms, used_size=5103616 bytes (12.5%)
(RDMA_READ_CONSUME_CHECK_CONSUMER) timestamp=740 ms, used_size=5101568 bytes (12.5%)
(RDMA_READ_CONSUME_CHECK_CONSUMER) timestamp=740 ms, used_size=5099520 bytes (12.4%)
(RDMA_READ_CONSUME_CHECK_CONSUMER) timestamp=740 ms, used_size=5097472 bytes (12.4%)
(RDMA_READ_CONSUME_CHECK_CONSUMER) timestamp=740 ms, used_size=5095424 bytes (12.4%)
(RDMA_READ_CONSUME_CHECK_CONSUMER) timestamp=740 ms, used_size=5093376 bytes (12.4%)
(RDMA_READ_CONSUME_CHECK_CONSUMER) timestamp=740 ms, used_size=5091328 bytes (12.4%)
(RDMA_READ_CONSUME_CHECK_CONSUMER) timestamp=740 ms, used_size=5089280 bytes (12.4%)
(RDMA_READ_CONSUME_CHECK_CONSUMER) timestamp=740 ms, used_size=5087232 bytes (12.4%)
(RDMA_READ_CONSUME_CHECK_CONSUMER) timestamp=740 ms, used_size=5085184 bytes (12.4%)
(RDMA_READ_CONSUME_CHECK_CONSUMER) timestamp=740 ms, used_size=5083136 bytes (12.4%)
(RDMA_READ_CONSUME_CHECK_CONSUMER) timestamp=740 ms, used_size=5081088 bytes (12.4%)
(RDMA_READ_CONSUME_CHECK_CONSUMER) timestamp=740 ms, used_size=5079040 bytes (12.4%)
(RDMA_READ_CONSUME_CHECK_CONSUMER) timestamp=740 ms, used_size=5076992 bytes (12.4%)
(RDMA_READ_CONSUME_CHECK_CONSUMER) timestamp=740 ms, used_size=5074944 bytes (12.4%)
(RDMA_READ_CONSUME_CHECK_CONSUMER) timestamp=740 ms, used_size=5072896 bytes (12.4%)
(RDMA_READ_CONSUME_CHECK_CONSUMER) timestamp=740 ms, used_size=5070848 bytes (12.4%)
(RDMA_READ_CONSUME_CHECK_CONSUMER) timestamp=740 ms, used_size=5068800 bytes (12.4%)
(RDMA_READ_CONSUME_CHECK_CONSUMER) timestamp=740 ms, used_size=5066752 bytes (12.4%)
(RDMA_READ_CONSUME_CHECK_CONSUMER) timestamp=740 ms, used_size=5064704 bytes (12.4%)
(RDMA_READ_CONSUME_CHECK_CONSUMER) timestamp=740 ms, used_size=5062656 bytes (12.4%)
(RDMA_READ_CONSUME_CHECK_CONSUMER) timestamp=740 ms, used_size=5060608 bytes (12.4%)
(RDMA_READ_CONSUME_CHECK_CONSUMER) timestamp=740 ms, used_size=5058560 bytes (12.3%)
(RDMA_READ_CONSUME_CHECK_CONSUMER) timestamp=740 ms, used_size=5056512 bytes (12.3%)
(RDMA_READ_CONSUME_CHECK_CONSUMER) timestamp=740 ms, used_size=5054464 bytes (12.3%)
(RDMA_READ_CONSUME_CHECK_CONSUMER) timestamp=740 ms, used_size=5052416 bytes (12.3%)
(RDMA_READ_CONSUME_CHECK_CONSUMER) timestamp=740 ms, used_size=5050368 bytes (12.3%)
(RDMA_READ_CONSUME_CHECK_CONSUMER) timestamp=740 ms, used_size=5048320 bytes (12.3%)
(RDMA_READ_CONSUME_CHECK_CONSUMER) timestamp=740 ms, used_size=5046272 bytes (12.3%)
(RDMA_READ_CONSUME_CHECK_CONSUMER) timestamp=740 ms, used_size=5044224 bytes (12.3%)
(RDMA_READ_CONSUME_CHECK_CONSUMER) timestamp=740 ms, used_size=5042176 bytes (12.3%)
(RDMA_READ_CONSUME_CHECK_CONSUMER) timestamp=740 ms, used_size=5040128 bytes (12.3%)
(RDMA_READ_CONSUME_CHECK_CONSUMER) timestamp=740 ms, used_size=5038080 bytes (12.3%)
(RDMA_READ_CONSUME_CHECK_CONSUMER) timestamp=740 ms, used_size=5036032 bytes (12.3%)
(RDMA_READ_CONSUME_CHECK_CONSUMER) timestamp=740 ms, used_size=5033984 bytes (12.3%)
(RDMA_READ_CONSUME_CHECK_CONSUMER) timestamp=740 ms, used_size=5031936 bytes (12.3%)
(RDMA_READ_CONSUME_CHECK_CONSUMER) timestamp=740 ms, used_size=5029888 bytes (12.3%)
(RDMA_READ_CONSUME_CHECK_CONSUMER) timestamp=740 ms, used_size=5027840 bytes (12.3%)
(RDMA_READ_CONSUME_CHECK_CONSUMER) timestamp=740 ms, used_size=5025792 bytes (12.3%)
(RDMA_READ_CONSUME_CHECK_CONSUMER) timestamp=740 ms, used_size=5023744 bytes (12.3%)
(RDMA_READ_CONSUME_CHECK_CONSUMER) timestamp=740 ms, used_size=5021696 bytes (12.3%)
(RDMA_READ_CONSUME_CHECK_CONSUMER) timestamp=740 ms, used_size=5019648 bytes (12.3%)
(RDMA_READ_CONSUME_CHECK_CONSUMER) timestamp=740 ms, used_size=5017600 bytes (12.2%)
(RDMA_READ_CONSUME_CHECK_CONSUMER) timestamp=740 ms, used_size=5015552 bytes (12.2%)
(RDMA_READ_CONSUME_CHECK_CONSUMER) timestamp=740 ms, used_size=5013504 bytes (12.2%)
(RDMA_READ_CONSUME_CHECK_CONSUMER) timestamp=740 ms, used_size=5011456 bytes (12.2%)
(RDMA_READ_CONSUME_CHECK_CONSUMER) timestamp=740 ms, used_size=5009408 bytes (12.2%)
(RDMA_READ_CONSUME_CHECK_CONSUMER) timestamp=740 ms, used_size=5007360 bytes (12.2%)
(RDMA_READ_CONSUME_CHECK_CONSUMER) timestamp=740 ms, used_size=5005312 bytes (12.2%)
(RDMA_READ_CONSUME_CHECK_CONSUMER) timestamp=740 ms, used_size=5003264 bytes (12.2%)
(RDMA_READ_CONSUME_CHECK_CONSUMER) timestamp=740 ms, used_size=5001216 bytes (12.2%)
(RDMA_READ_CONSUME_CHECK_CONSUMER) timestamp=740 ms, used_size=4999168 bytes (12.2%)
(RDMA_READ_CONSUME_CHECK_CONSUMER) timestamp=740 ms, used_size=4997120 bytes (12.2%)
(RDMA_READ_CONSUME_CHECK_CONSUMER) timestamp=740 ms, used_size=4995072 bytes (12.2%)
(RDMA_READ_CONSUME_CHECK_CONSUMER) timestamp=740 ms, used_size=4993024 bytes (12.2%)
(RDMA_READ_CONSUME_CHECK_CONSUMER) timestamp=740 ms, used_size=4990976 bytes (12.2%)
(RDMA_READ_CONSUME_CHECK_CONSUMER) timestamp=740 ms, used_size=4988928 bytes (12.2%)
(RDMA_READ_CONSUME_CHECK_CONSUMER) timestamp=740 ms, used_size=4986880 bytes (12.2%)
(RDMA_READ_CONSUME_CHECK_CONSUMER) timestamp=740 ms, used_size=4984832 bytes (12.2%)
(RDMA_READ_CONSUME_CHECK_CONSUMER) timestamp=740 ms, used_size=4982784 bytes (12.2%)
(RDMA_READ_CONSUME_CHECK_CONSUMER) timestamp=740 ms, used_size=4980736 bytes (12.2%)
(RDMA_READ_CONSUME_CHECK_CONSUMER) timestamp=740 ms, used_size=4978688 bytes (12.2%)
(RDMA_READ_CONSUME_CHECK_CONSUMER) timestamp=740 ms, used_size=4976640 bytes (12.2%)
(RDMA_READ_CONSUME_CHECK_CONSUMER) timestamp=740 ms, used_size=4974592 bytes (12.1%)
(RDMA_READ_CONSUME_CHECK_CONSUMER) timestamp=740 ms, used_size=4972544 bytes (12.1%)
(RDMA_READ_CONSUME_CHECK_CONSUMER) timestamp=740 ms, used_size=4970496 bytes (12.1%)
(RDMA_READ_CONSUME_CHECK_CONSUMER) timestamp=740 ms, used_size=4968448 bytes (12.1%)
(RDMA_READ_CONSUME_CHECK_CONSUMER) timestamp=740 ms, used_size=4966400 bytes (12.1%)
(RDMA_READ_CONSUME_CHECK_CONSUMER) timestamp=740 ms, used_size=4964352 bytes (12.1%)
(RDMA_READ_CONSUME_CHECK_CONSUMER) timestamp=740 ms, used_size=4962304 bytes (12.1%)
(RDMA_READ_CONSUME_CHECK_CONSUMER) timestamp=740 ms, used_size=4960256 bytes (12.1%)
(RDMA_READ_CONSUME_CHECK_CONSUMER) timestamp=740 ms, used_size=4958208 bytes (12.1%)
(RDMA_READ_CONSUME_CHECK_CONSUMER) timestamp=740 ms, used_size=4956160 bytes (12.1%)
(RDMA_READ_CONSUME_CHECK_CONSUMER) timestamp=740 ms, used_size=4954112 bytes (12.1%)
(RDMA_READ_CONSUME_CHECK_CONSUMER) timestamp=740 ms, used_size=4952064 bytes (12.1%)
(RDMA_READ_CONSUME_CHECK_CONSUMER) timestamp=740 ms, used_size=4950016 bytes (12.1%)
(RDMA_READ_CONSUME_CHECK_CONSUMER) timestamp=740 ms, used_size=4947968 bytes (12.1%)
(RDMA_READ_CONSUME_CHECK_CONSUMER) timestamp=740 ms, used_size=4945920 bytes (12.1%)
(RDMA_READ_CONSUME_CHECK_CONSUMER) timestamp=740 ms, used_size=4943872 bytes (12.1%)
(RDMA_READ_CONSUME_CHECK_CONSUMER) timestamp=740 ms, used_size=4941824 bytes (12.1%)
(RDMA_READ_CONSUME_CHECK_CONSUMER) timestamp=740 ms, used_size=4939776 bytes (12.1%)
(RDMA_READ_CONSUME_CHECK_CONSUMER) timestamp=740 ms, used_size=4937728 bytes (12.1%)
(RDMA_READ_CONSUME_CHECK_CONSUMER) timestamp=740 ms, used_size=4935680 bytes (12.1%)
(RDMA_READ_CONSUME_CHECK_CONSUMER) timestamp=740 ms, used_size=4933632 bytes (12.0%)
(RDMA_READ_CONSUME_CHECK_CONSUMER) timestamp=740 ms, used_size=4931584 bytes (12.0%)
(RDMA_READ_CONSUME_CHECK_CONSUMER) timestamp=740 ms, used_size=4929536 bytes (12.0%)
(RDMA_READ_CONSUME_CHECK_CONSUMER) timestamp=740 ms, used_size=4927488 bytes (12.0%)
(RDMA_READ_CONSUME_CHECK_CONSUMER) timestamp=740 ms, used_size=4925440 bytes (12.0%)
(RDMA_READ_CONSUME_CHECK_CONSUMER) timestamp=740 ms, used_size=4923392 bytes (12.0%)
(RDMA_READ_CONSUME_CHECK_CONSUMER) timestamp=740 ms, used_size=4921344 bytes (12.0%)
(RDMA_READ_CONSUME_CHECK_CONSUMER) timestamp=740 ms, used_size=4919296 bytes (12.0%)
(RDMA_READ_CONSUME_CHECK_CONSUMER) timestamp=740 ms, used_size=4917248 bytes (12.0%)
(RDMA_READ_CONSUME_CHECK_CONSUMER) timestamp=740 ms, used_size=4915200 bytes (12.0%)
(RDMA_READ_CONSUME_CHECK_CONSUMER) timestamp=740 ms, used_size=4913152 bytes (12.0%)
(RDMA_READ_CONSUME_CHECK_CONSUMER) timestamp=740 ms, used_size=4911104 bytes (12.0%)
(RDMA_READ_CONSUME_CHECK_CONSUMER) timestamp=740 ms, used_size=4909056 bytes (12.0%)
(RDMA_READ_CONSUME_CHECK_CONSUMER) timestamp=740 ms, used_size=4907008 bytes (12.0%)
(RDMA_READ_CONSUME_CHECK_CONSUMER) timestamp=740 ms, used_size=4904960 bytes (12.0%)
(RDMA_READ_CONSUME_CHECK_CONSUMER) timestamp=740 ms, used_size=4902912 bytes (12.0%)
(RDMA_READ_CONSUME_CHECK_CONSUMER) timestamp=740 ms, used_size=4900864 bytes (12.0%)
(RDMA_READ_CONSUME_CHECK_CONSUMER) timestamp=740 ms, used_size=4898816 bytes (12.0%)
(RDMA_READ_CONSUME_CHECK_CONSUMER) timestamp=740 ms, used_size=4896768 bytes (12.0%)
(RDMA_READ_CONSUME_CHECK_CONSUMER) timestamp=740 ms, used_size=4894720 bytes (11.9%)
(RDMA_READ_CONSUME_CHECK_CONSUMER) timestamp=740 ms, used_size=4892672 bytes (11.9%)
(RDMA_READ_CONSUME_CHECK_CONSUMER) timestamp=740 ms, used_size=4890624 bytes (11.9%)
(RDMA_READ_CONSUME_CHECK_CONSUMER) timestamp=740 ms, used_size=4888576 bytes (11.9%)
(RDMA_READ_CONSUME_CHECK_CONSUMER) timestamp=740 ms, used_size=4886528 bytes (11.9%)
(RDMA_READ_CONSUME_CHECK_CONSUMER) timestamp=740 ms, used_size=4884480 bytes (11.9%)
(RDMA_READ_CONSUME_CHECK_CONSUMER) timestamp=740 ms, used_size=4882432 bytes (11.9%)
(RDMA_READ_CONSUME_CHECK_CONSUMER) timestamp=740 ms, used_size=4880384 bytes (11.9%)
(RDMA_READ_CONSUME_CHECK_CONSUMER) timestamp=740 ms, used_size=4878336 bytes (11.9%)
(RDMA_READ_CONSUME_CHECK_CONSUMER) timestamp=740 ms, used_size=4876288 bytes (11.9%)
(RDMA_READ_CONSUME_CHECK_CONSUMER) timestamp=740 ms, used_size=4874240 bytes (11.9%)
(RDMA_READ_CONSUME_CHECK_CONSUMER) timestamp=740 ms, used_size=4872192 bytes (11.9%)
(RDMA_READ_CONSUME_CHECK_CONSUMER) timestamp=740 ms, used_size=4870144 bytes (11.9%)
(RDMA_READ_CONSUME_CHECK_CONSUMER) timestamp=740 ms, used_size=4868096 bytes (11.9%)
(RDMA_READ_CONSUME_CHECK_CONSUMER) timestamp=740 ms, used_size=4866048 bytes (11.9%)
(RDMA_READ_CONSUME_CHECK_CONSUMER) timestamp=740 ms, used_size=4864000 bytes (11.9%)
(RDMA_READ_CONSUME_CHECK_CONSUMER) timestamp=740 ms, used_size=4861952 bytes (11.9%)
(RDMA_READ_CONSUME_CHECK_CONSUMER) timestamp=740 ms, used_size=4859904 bytes (11.9%)
(RDMA_READ_CONSUME_CHECK_CONSUMER) timestamp=740 ms, used_size=4857856 bytes (11.9%)
(RDMA_READ_CONSUME_CHECK_CONSUMER) timestamp=740 ms, used_size=4855808 bytes (11.9%)
(RDMA_READ_CONSUME_CHECK_CONSUMER) timestamp=740 ms, used_size=4853760 bytes (11.8%)
(RDMA_READ_CONSUME_CHECK_CONSUMER) timestamp=740 ms, used_size=4851712 bytes (11.8%)
(RDMA_READ_CONSUME_CHECK_CONSUMER) timestamp=740 ms, used_size=4849664 bytes (11.8%)
(RDMA_READ_CONSUME_CHECK_CONSUMER) timestamp=740 ms, used_size=4847616 bytes (11.8%)
(RDMA_READ_CONSUME_CHECK_CONSUMER) timestamp=741 ms, used_size=4845568 bytes (11.8%)
(RDMA_READ_CONSUME_CHECK_CONSUMER) timestamp=741 ms, used_size=4843520 bytes (11.8%)
(RDMA_READ_CONSUME_CHECK_CONSUMER) timestamp=741 ms, used_size=4841472 bytes (11.8%)
(RDMA_READ_CONSUME_CHECK_CONSUMER) timestamp=741 ms, used_size=4839424 bytes (11.8%)
(RDMA_READ_CONSUME_CHECK_CONSUMER) timestamp=741 ms, used_size=4837376 bytes (11.8%)
(RDMA_READ_CONSUME_CHECK_CONSUMER) timestamp=741 ms, used_size=4835328 bytes (11.8%)
(RDMA_READ_CONSUME_CHECK_CONSUMER) timestamp=741 ms, used_size=4833280 bytes (11.8%)
(RDMA_READ_CONSUME_CHECK_CONSUMER) timestamp=741 ms, used_size=4831232 bytes (11.8%)
(RDMA_READ_CONSUME_CHECK_CONSUMER) timestamp=741 ms, used_size=4829184 bytes (11.8%)
(RDMA_READ_CONSUME_CHECK_CONSUMER) timestamp=741 ms, used_size=4827136 bytes (11.8%)
(RDMA_READ_CONSUME_CHECK_CONSUMER) timestamp=741 ms, used_size=4825088 bytes (11.8%)
(RDMA_READ_CONSUME_CHECK_CONSUMER) timestamp=741 ms, used_size=4823040 bytes (11.8%)
(RDMA_READ_CONSUME_CHECK_CONSUMER) timestamp=741 ms, used_size=4820992 bytes (11.8%)
(RDMA_READ_CONSUME_CHECK_CONSUMER) timestamp=741 ms, used_size=4818944 bytes (11.8%)
(RDMA_READ_CONSUME_CHECK_CONSUMER) timestamp=741 ms, used_size=4816896 bytes (11.8%)
(RDMA_READ_CONSUME_CHECK_CONSUMER) timestamp=741 ms, used_size=4814848 bytes (11.8%)
(RDMA_READ_CONSUME_CHECK_CONSUMER) timestamp=741 ms, used_size=4812800 bytes (11.8%)
(RDMA_READ_CONSUME_CHECK_CONSUMER) timestamp=741 ms, used_size=4810752 bytes (11.7%)
(RDMA_READ_CONSUME_CHECK_CONSUMER) timestamp=741 ms, used_size=4808704 bytes (11.7%)
(RDMA_READ_CONSUME_CHECK_CONSUMER) timestamp=741 ms, used_size=4806656 bytes (11.7%)
(RDMA_READ_CONSUME_CHECK_CONSUMER) timestamp=741 ms, used_size=4804608 bytes (11.7%)
(RDMA_READ_CONSUME_CHECK_CONSUMER) timestamp=741 ms, used_size=4802560 bytes (11.7%)
(RDMA_READ_CONSUME_CHECK_CONSUMER) timestamp=741 ms, used_size=4800512 bytes (11.7%)
(RDMA_READ_CONSUME_CHECK_CONSUMER) timestamp=741 ms, used_size=4798464 bytes (11.7%)
(RDMA_READ_CONSUME_CHECK_CONSUMER) timestamp=741 ms, used_size=4796416 bytes (11.7%)
(RDMA_READ_CONSUME_CHECK_CONSUMER) timestamp=741 ms, used_size=4794368 bytes (11.7%)
(RDMA_READ_CONSUME_CHECK_CONSUMER) timestamp=741 ms, used_size=4792320 bytes (11.7%)
(RDMA_READ_CONSUME_CHECK_CONSUMER) timestamp=741 ms, used_size=4790272 bytes (11.7%)
(RDMA_READ_CONSUME_CHECK_CONSUMER) timestamp=741 ms, used_size=4788224 bytes (11.7%)
(RDMA_READ_CONSUME_CHECK_CONSUMER) timestamp=741 ms, used_size=4786176 bytes (11.7%)
(RDMA_READ_CONSUME_CHECK_CONSUMER) timestamp=741 ms, used_size=4784128 bytes (11.7%)
(RDMA_READ_CONSUME_CHECK_CONSUMER) timestamp=741 ms, used_size=4782080 bytes (11.7%)
(RDMA_READ_CONSUME_CHECK_CONSUMER) timestamp=741 ms, used_size=4780032 bytes (11.7%)
(RDMA_READ_CONSUME_CHECK_CONSUMER) timestamp=741 ms, used_size=4777984 bytes (11.7%)
(RDMA_READ_CONSUME_CHECK_CONSUMER) timestamp=741 ms, used_size=4775936 bytes (11.7%)
(RDMA_READ_CONSUME_CHECK_CONSUMER) timestamp=741 ms, used_size=4773888 bytes (11.7%)
(RDMA_READ_CONSUME_CHECK_CONSUMER) timestamp=741 ms, used_size=4771840 bytes (11.7%)
(RDMA_READ_CONSUME_CHECK_CONSUMER) timestamp=741 ms, used_size=4769792 bytes (11.6%)
(RDMA_READ_CONSUME_CHECK_CONSUMER) timestamp=741 ms, used_size=4767744 bytes (11.6%)
(RDMA_READ_CONSUME_CHECK_CONSUMER) timestamp=741 ms, used_size=4765696 bytes (11.6%)
(RDMA_READ_CONSUME_CHECK_CONSUMER) timestamp=741 ms, used_size=4763648 bytes (11.6%)
(RDMA_READ_CONSUME_CHECK_CONSUMER) timestamp=741 ms, used_size=4761600 bytes (11.6%)
(RDMA_READ_CONSUME_CHECK_CONSUMER) timestamp=741 ms, used_size=4759552 bytes (11.6%)
(RDMA_READ_CONSUME_CHECK_CONSUMER) timestamp=741 ms, used_size=4757504 bytes (11.6%)
(RDMA_READ_CONSUME_CHECK_CONSUMER) timestamp=741 ms, used_size=4755456 bytes (11.6%)
(RDMA_READ_CONSUME_CHECK_CONSUMER) timestamp=741 ms, used_size=4753408 bytes (11.6%)
(RDMA_READ_CONSUME_CHECK_CONSUMER) timestamp=741 ms, used_size=4751360 bytes (11.6%)
(RDMA_READ_CONSUME_CHECK_CONSUMER) timestamp=741 ms, used_size=4749312 bytes (11.6%)
(RDMA_READ_CONSUME_CHECK_CONSUMER) timestamp=741 ms, used_size=4747264 bytes (11.6%)
(RDMA_READ_CONSUME_CHECK_CONSUMER) timestamp=741 ms, used_size=4745216 bytes (11.6%)
(RDMA_READ_CONSUME_CHECK_CONSUMER) timestamp=741 ms, used_size=4743168 bytes (11.6%)
(RDMA_READ_CONSUME_CHECK_CONSUMER) timestamp=741 ms, used_size=4741120 bytes (11.6%)
(RDMA_READ_CONSUME_CHECK_CONSUMER) timestamp=741 ms, used_size=4739072 bytes (11.6%)
(RDMA_READ_CONSUME_CHECK_CONSUMER) timestamp=741 ms, used_size=4737024 bytes (11.6%)
(RDMA_READ_CONSUME_CHECK_CONSUMER) timestamp=741 ms, used_size=4734976 bytes (11.6%)
(RDMA_READ_CONSUME_CHECK_CONSUMER) timestamp=741 ms, used_size=4732928 bytes (11.6%)
(RDMA_READ_CONSUME_CHECK_CONSUMER) timestamp=741 ms, used_size=4730880 bytes (11.6%)
(RDMA_READ_CONSUME_CHECK_CONSUMER) timestamp=741 ms, used_size=4728832 bytes (11.5%)
(RDMA_READ_CONSUME_CHECK_CONSUMER) timestamp=741 ms, used_size=4726784 bytes (11.5%)
(RDMA_READ_CONSUME_CHECK_CONSUMER) timestamp=741 ms, used_size=4724736 bytes (11.5%)
(RDMA_READ_CONSUME_CHECK_CONSUMER) timestamp=741 ms, used_size=4722688 bytes (11.5%)
(RDMA_READ_CONSUME_CHECK_CONSUMER) timestamp=741 ms, used_size=4720640 bytes (11.5%)
(RDMA_READ_CONSUME_CHECK_CONSUMER) timestamp=741 ms, used_size=4718592 bytes (11.5%)
(RDMA_READ_CONSUME_CHECK_CONSUMER) timestamp=741 ms, used_size=4716544 bytes (11.5%)
(RDMA_READ_CONSUME_CHECK_CONSUMER) timestamp=741 ms, used_size=4714496 bytes (11.5%)
(RDMA_READ_CONSUME_CHECK_CONSUMER) timestamp=741 ms, used_size=4712448 bytes (11.5%)
(RDMA_READ_CONSUME_CHECK_CONSUMER) timestamp=741 ms, used_size=4710400 bytes (11.5%)
(RDMA_READ_CONSUME_CHECK_CONSUMER) timestamp=741 ms, used_size=4708352 bytes (11.5%)
(RDMA_READ_CONSUME_CHECK_CONSUMER) timestamp=741 ms, used_size=4706304 bytes (11.5%)
(RDMA_READ_CONSUME_CHECK_CONSUMER) timestamp=741 ms, used_size=4704256 bytes (11.5%)
(RDMA_READ_CONSUME_CHECK_CONSUMER) timestamp=741 ms, used_size=4702208 bytes (11.5%)
(RDMA_READ_CONSUME_CHECK_CONSUMER) timestamp=741 ms, used_size=4700160 bytes (11.5%)
(RDMA_READ_CONSUME_CHECK_CONSUMER) timestamp=741 ms, used_size=4698112 bytes (11.5%)
(RDMA_READ_CONSUME_CHECK_CONSUMER) timestamp=741 ms, used_size=4696064 bytes (11.5%)
(RDMA_READ_CONSUME_CHECK_CONSUMER) timestamp=741 ms, used_size=4694016 bytes (11.5%)
(RDMA_READ_CONSUME_CHECK_CONSUMER) timestamp=741 ms, used_size=4691968 bytes (11.5%)
(RDMA_READ_CONSUME_CHECK_CONSUMER) timestamp=741 ms, used_size=4689920 bytes (11.4%)
(RDMA_READ_CONSUME_CHECK_CONSUMER) timestamp=741 ms, used_size=4687872 bytes (11.4%)
(RDMA_READ_CONSUME_CHECK_CONSUMER) timestamp=741 ms, used_size=4685824 bytes (11.4%)
(RDMA_READ_CONSUME_CHECK_CONSUMER) timestamp=741 ms, used_size=4683776 bytes (11.4%)
(RDMA_READ_CONSUME_CHECK_CONSUMER) timestamp=741 ms, used_size=4681728 bytes (11.4%)
(RDMA_READ_CONSUME_CHECK_CONSUMER) timestamp=741 ms, used_size=4679680 bytes (11.4%)
(RDMA_READ_CONSUME_CHECK_CONSUMER) timestamp=741 ms, used_size=4677632 bytes (11.4%)
(RDMA_READ_CONSUME_CHECK_CONSUMER) timestamp=741 ms, used_size=4675584 bytes (11.4%)
(RDMA_READ_CONSUME_CHECK_CONSUMER) timestamp=741 ms, used_size=4673536 bytes (11.4%)
(RDMA_READ_CONSUME_CHECK_CONSUMER) timestamp=741 ms, used_size=4671488 bytes (11.4%)
(RDMA_READ_CONSUME_CHECK_CONSUMER) timestamp=741 ms, used_size=4669440 bytes (11.4%)
(RDMA_READ_CONSUME_CHECK_CONSUMER) timestamp=741 ms, used_size=4667392 bytes (11.4%)
(RDMA_READ_CONSUME_CHECK_CONSUMER) timestamp=741 ms, used_size=4665344 bytes (11.4%)
(RDMA_READ_CONSUME_CHECK_CONSUMER) timestamp=741 ms, used_size=4663296 bytes (11.4%)
(RDMA_READ_CONSUME_CHECK_CONSUMER) timestamp=741 ms, used_size=4661248 bytes (11.4%)
(RDMA_READ_CONSUME_CHECK_CONSUMER) timestamp=741 ms, used_size=4659200 bytes (11.4%)
(RDMA_READ_CONSUME_CHECK_CONSUMER) timestamp=741 ms, used_size=4657152 bytes (11.4%)
(RDMA_READ_CONSUME_CHECK_CONSUMER) timestamp=741 ms, used_size=4655104 bytes (11.4%)
(RDMA_READ_CONSUME_CHECK_CONSUMER) timestamp=741 ms, used_size=4653056 bytes (11.4%)
(RDMA_READ_CONSUME_CHECK_CONSUMER) timestamp=741 ms, used_size=4651008 bytes (11.4%)
(RDMA_READ_CONSUME_CHECK_CONSUMER) timestamp=741 ms, used_size=4648960 bytes (11.3%)
(RDMA_READ_CONSUME_CHECK_CONSUMER) timestamp=741 ms, used_size=4646912 bytes (11.3%)
(RDMA_READ_CONSUME_CHECK_CONSUMER) timestamp=741 ms, used_size=4644864 bytes (11.3%)
(RDMA_READ_CONSUME_CHECK_CONSUMER) timestamp=741 ms, used_size=4642816 bytes (11.3%)
(RDMA_READ_CONSUME_CHECK_CONSUMER) timestamp=741 ms, used_size=4640768 bytes (11.3%)
(RDMA_READ_CONSUME_CHECK_CONSUMER) timestamp=741 ms, used_size=4638720 bytes (11.3%)
(RDMA_READ_CONSUME_CHECK_CONSUMER) timestamp=741 ms, used_size=4636672 bytes (11.3%)
(RDMA_READ_CONSUME_CHECK_CONSUMER) timestamp=741 ms, used_size=4634624 bytes (11.3%)
(RDMA_READ_CONSUME_CHECK_CONSUMER) timestamp=741 ms, used_size=4632576 bytes (11.3%)
(RDMA_READ_CONSUME_CHECK_CONSUMER) timestamp=741 ms, used_size=4630528 bytes (11.3%)
(RDMA_READ_CONSUME_CHECK_CONSUMER) timestamp=741 ms, used_size=4628480 bytes (11.3%)
(RDMA_READ_CONSUME_CHECK_CONSUMER) timestamp=741 ms, used_size=4626432 bytes (11.3%)
(RDMA_READ_CONSUME_CHECK_CONSUMER) timestamp=741 ms, used_size=4624384 bytes (11.3%)
(RDMA_READ_CONSUME_CHECK_CONSUMER) timestamp=741 ms, used_size=4622336 bytes (11.3%)
(RDMA_READ_CONSUME_CHECK_CONSUMER) timestamp=741 ms, used_size=4620288 bytes (11.3%)
(RDMA_READ_CONSUME_CHECK_CONSUMER) timestamp=741 ms, used_size=4618240 bytes (11.3%)
(RDMA_READ_CONSUME_CHECK_CONSUMER) timestamp=741 ms, used_size=4616192 bytes (11.3%)
(RDMA_READ_CONSUME_CHECK_CONSUMER) timestamp=741 ms, used_size=4614144 bytes (11.3%)
(RDMA_READ_CONSUME_CHECK_CONSUMER) timestamp=741 ms, used_size=4612096 bytes (11.3%)
(RDMA_READ_CONSUME_CHECK_CONSUMER) timestamp=741 ms, used_size=4610048 bytes (11.3%)
(RDMA_READ_CONSUME_CHECK_CONSUMER) timestamp=741 ms, used_size=4608000 bytes (11.2%)
(RDMA_READ_CONSUME_CHECK_CONSUMER) timestamp=741 ms, used_size=4605952 bytes (11.2%)
(RDMA_READ_CONSUME_CHECK_CONSUMER) timestamp=741 ms, used_size=4603904 bytes (11.2%)
(RDMA_READ_CONSUME_CHECK_CONSUMER) timestamp=741 ms, used_size=4601856 bytes (11.2%)
(RDMA_READ_CONSUME_CHECK_CONSUMER) timestamp=741 ms, used_size=4599808 bytes (11.2%)
(RDMA_READ_CONSUME_CHECK_CONSUMER) timestamp=741 ms, used_size=4597760 bytes (11.2%)
(RDMA_READ_CONSUME_CHECK_CONSUMER) timestamp=741 ms, used_size=4595712 bytes (11.2%)
(RDMA_READ_CONSUME_CHECK_CONSUMER) timestamp=741 ms, used_size=4593664 bytes (11.2%)
(RDMA_READ_CONSUME_CHECK_CONSUMER) timestamp=741 ms, used_size=4591616 bytes (11.2%)
(RDMA_READ_CONSUME_CHECK_CONSUMER) timestamp=741 ms, used_size=4589568 bytes (11.2%)
(RDMA_READ_CONSUME_CHECK_CONSUMER) timestamp=741 ms, used_size=4587520 bytes (11.2%)
(RDMA_READ_CONSUME_CHECK_CONSUMER) timestamp=741 ms, used_size=4585472 bytes (11.2%)
(RDMA_READ_CONSUME_CHECK_CONSUMER) timestamp=741 ms, used_size=4583424 bytes (11.2%)
(RDMA_READ_CONSUME_CHECK_CONSUMER) timestamp=741 ms, used_size=4581376 bytes (11.2%)
(RDMA_READ_CONSUME_CHECK_CONSUMER) timestamp=741 ms, used_size=4579328 bytes (11.2%)
(RDMA_READ_CONSUME_CHECK_CONSUMER) timestamp=741 ms, used_size=4577280 bytes (11.2%)
(RDMA_READ_CONSUME_CHECK_CONSUMER) timestamp=741 ms, used_size=4575232 bytes (11.2%)
(RDMA_READ_CONSUME_CHECK_CONSUMER) timestamp=741 ms, used_size=4573184 bytes (11.2%)
(RDMA_READ_CONSUME_CHECK_CONSUMER) timestamp=741 ms, used_size=4571136 bytes (11.2%)
(RDMA_READ_CONSUME_CHECK_CONSUMER) timestamp=741 ms, used_size=4569088 bytes (11.2%)
(RDMA_READ_CONSUME_CHECK_CONSUMER) timestamp=741 ms, used_size=4567040 bytes (11.2%)
(RDMA_READ_CONSUME_CHECK_CONSUMER) timestamp=741 ms, used_size=4564992 bytes (11.1%)
(RDMA_READ_CONSUME_CHECK_CONSUMER) timestamp=741 ms, used_size=4562944 bytes (11.1%)
(RDMA_READ_CONSUME_CHECK_CONSUMER) timestamp=741 ms, used_size=4560896 bytes (11.1%)
(RDMA_READ_CONSUME_CHECK_CONSUMER) timestamp=741 ms, used_size=4558848 bytes (11.1%)
(RDMA_READ_CONSUME_CHECK_CONSUMER) timestamp=741 ms, used_size=4556800 bytes (11.1%)
(RDMA_READ_CONSUME_CHECK_CONSUMER) timestamp=741 ms, used_size=4554752 bytes (11.1%)
(RDMA_READ_CONSUME_CHECK_CONSUMER) timestamp=741 ms, used_size=4552704 bytes (11.1%)
(RDMA_READ_CONSUME_CHECK_CONSUMER) timestamp=741 ms, used_size=4550656 bytes (11.1%)
(RDMA_READ_CONSUME_CHECK_CONSUMER) timestamp=741 ms, used_size=4548608 bytes (11.1%)
(RDMA_READ_CONSUME_CHECK_CONSUMER) timestamp=741 ms, used_size=4546560 bytes (11.1%)
(RDMA_READ_CONSUME_CHECK_CONSUMER) timestamp=741 ms, used_size=4544512 bytes (11.1%)
(RDMA_READ_CONSUME_CHECK_CONSUMER) timestamp=741 ms, used_size=4542464 bytes (11.1%)
(RDMA_READ_CONSUME_CHECK_CONSUMER) timestamp=741 ms, used_size=4540416 bytes (11.1%)
(RDMA_READ_CONSUME_CHECK_CONSUMER) timestamp=741 ms, used_size=4538368 bytes (11.1%)
(RDMA_READ_CONSUME_CHECK_CONSUMER) timestamp=741 ms, used_size=4536320 bytes (11.1%)
(RDMA_READ_CONSUME_CHECK_CONSUMER) timestamp=741 ms, used_size=4534272 bytes (11.1%)
(RDMA_READ_CONSUME_CHECK_CONSUMER) timestamp=741 ms, used_size=4532224 bytes (11.1%)
(RDMA_READ_CONSUME_CHECK_CONSUMER) timestamp=741 ms, used_size=4530176 bytes (11.1%)
(RDMA_READ_CONSUME_CHECK_CONSUMER) timestamp=741 ms, used_size=4528128 bytes (11.1%)
(RDMA_READ_CONSUME_CHECK_CONSUMER) timestamp=741 ms, used_size=4526080 bytes (11.1%)
(RDMA_READ_CONSUME_CHECK_CONSUMER) timestamp=741 ms, used_size=4524032 bytes (11.0%)
(RDMA_READ_CONSUME_CHECK_CONSUMER) timestamp=741 ms, used_size=4521984 bytes (11.0%)
(RDMA_READ_CONSUME_CHECK_CONSUMER) timestamp=741 ms, used_size=4519936 bytes (11.0%)
(RDMA_READ_CONSUME_CHECK_CONSUMER) timestamp=741 ms, used_size=4517888 bytes (11.0%)
(RDMA_READ_CONSUME_CHECK_CONSUMER) timestamp=741 ms, used_size=4515840 bytes (11.0%)
(RDMA_READ_CONSUME_CHECK_CONSUMER) timestamp=741 ms, used_size=4513792 bytes (11.0%)
(RDMA_READ_CONSUME_CHECK_CONSUMER) timestamp=741 ms, used_size=4511744 bytes (11.0%)
(RDMA_READ_CONSUME_CHECK_CONSUMER) timestamp=741 ms, used_size=4509696 bytes (11.0%)
(RDMA_READ_CONSUME_CHECK_CONSUMER) timestamp=741 ms, used_size=4507648 bytes (11.0%)
(RDMA_READ_CONSUME_CHECK_CONSUMER) timestamp=741 ms, used_size=4505600 bytes (11.0%)
(RDMA_READ_CONSUME_CHECK_CONSUMER) timestamp=741 ms, used_size=4503552 bytes (11.0%)
(RDMA_READ_CONSUME_CHECK_CONSUMER) timestamp=741 ms, used_size=4501504 bytes (11.0%)
(RDMA_READ_CONSUME_CHECK_CONSUMER) timestamp=741 ms, used_size=4499456 bytes (11.0%)
(RDMA_READ_CONSUME_CHECK_CONSUMER) timestamp=741 ms, used_size=4497408 bytes (11.0%)
(RDMA_READ_CONSUME_CHECK_CONSUMER) timestamp=741 ms, used_size=4495360 bytes (11.0%)
(RDMA_READ_CONSUME_CHECK_CONSUMER) timestamp=741 ms, used_size=4493312 bytes (11.0%)
(RDMA_READ_CONSUME_CHECK_CONSUMER) timestamp=741 ms, used_size=4491264 bytes (11.0%)
(RDMA_READ_CONSUME_CHECK_CONSUMER) timestamp=741 ms, used_size=4489216 bytes (11.0%)
(RDMA_READ_CONSUME_CHECK_CONSUMER) timestamp=741 ms, used_size=4487168 bytes (11.0%)
(RDMA_READ_CONSUME_CHECK_CONSUMER) timestamp=741 ms, used_size=4485120 bytes (10.9%)
(RDMA_READ_CONSUME_CHECK_CONSUMER) timestamp=741 ms, used_size=4483072 bytes (10.9%)
(RDMA_READ_CONSUME_CHECK_CONSUMER) timestamp=741 ms, used_size=4481024 bytes (10.9%)
(RDMA_READ_CONSUME_CHECK_CONSUMER) timestamp=741 ms, used_size=4478976 bytes (10.9%)
(RDMA_READ_CONSUME_CHECK_CONSUMER) timestamp=741 ms, used_size=4476928 bytes (10.9%)
(RDMA_READ_CONSUME_CHECK_CONSUMER) timestamp=741 ms, used_size=4474880 bytes (10.9%)
(RDMA_READ_CONSUME_CHECK_CONSUMER) timestamp=741 ms, used_size=4472832 bytes (10.9%)
(RDMA_READ_CONSUME_CHECK_CONSUMER) timestamp=741 ms, used_size=4470784 bytes (10.9%)
(RDMA_READ_CONSUME_CHECK_CONSUMER) timestamp=741 ms, used_size=4468736 bytes (10.9%)
(RDMA_READ_CONSUME_CHECK_CONSUMER) timestamp=741 ms, used_size=4466688 bytes (10.9%)
(RDMA_READ_CONSUME_CHECK_CONSUMER) timestamp=741 ms, used_size=4464640 bytes (10.9%)
(RDMA_READ_CONSUME_CHECK_CONSUMER) timestamp=742 ms, used_size=4462592 bytes (10.9%)
(RDMA_READ_CONSUME_CHECK_CONSUMER) timestamp=742 ms, used_size=4460544 bytes (10.9%)
(RDMA_READ_CONSUME_CHECK_CONSUMER) timestamp=742 ms, used_size=4458496 bytes (10.9%)
(RDMA_READ_CONSUME_CHECK_CONSUMER) timestamp=742 ms, used_size=4456448 bytes (10.9%)
(RDMA_READ_CONSUME_CHECK_CONSUMER) timestamp=742 ms, used_size=4454400 bytes (10.9%)
(RDMA_READ_CONSUME_CHECK_CONSUMER) timestamp=742 ms, used_size=4452352 bytes (10.9%)
(RDMA_READ_CONSUME_CHECK_CONSUMER) timestamp=742 ms, used_size=4450304 bytes (10.9%)
(RDMA_READ_CONSUME_CHECK_CONSUMER) timestamp=742 ms, used_size=4448256 bytes (10.9%)
(RDMA_READ_CONSUME_CHECK_CONSUMER) timestamp=742 ms, used_size=4446208 bytes (10.9%)
(RDMA_READ_CONSUME_CHECK_CONSUMER) timestamp=742 ms, used_size=4444160 bytes (10.8%)
(RDMA_READ_CONSUME_CHECK_CONSUMER) timestamp=742 ms, used_size=4442112 bytes (10.8%)
(RDMA_READ_CONSUME_CHECK_CONSUMER) timestamp=742 ms, used_size=4440064 bytes (10.8%)
(RDMA_READ_CONSUME_CHECK_CONSUMER) timestamp=742 ms, used_size=4438016 bytes (10.8%)
(RDMA_READ_CONSUME_CHECK_CONSUMER) timestamp=742 ms, used_size=4435968 bytes (10.8%)
(RDMA_READ_CONSUME_CHECK_CONSUMER) timestamp=742 ms, used_size=4433920 bytes (10.8%)
(RDMA_READ_CONSUME_CHECK_CONSUMER) timestamp=742 ms, used_size=4431872 bytes (10.8%)
(RDMA_READ_CONSUME_CHECK_CONSUMER) timestamp=742 ms, used_size=4429824 bytes (10.8%)
(RDMA_READ_CONSUME_CHECK_CONSUMER) timestamp=742 ms, used_size=4427776 bytes (10.8%)
(RDMA_READ_CONSUME_CHECK_CONSUMER) timestamp=742 ms, used_size=4425728 bytes (10.8%)
(RDMA_READ_CONSUME_CHECK_CONSUMER) timestamp=742 ms, used_size=4423680 bytes (10.8%)
(RDMA_READ_CONSUME_CHECK_CONSUMER) timestamp=742 ms, used_size=4421632 bytes (10.8%)
(RDMA_READ_CONSUME_CHECK_CONSUMER) timestamp=742 ms, used_size=4419584 bytes (10.8%)
(RDMA_READ_CONSUME_CHECK_CONSUMER) timestamp=742 ms, used_size=4417536 bytes (10.8%)
(RDMA_READ_CONSUME_CHECK_CONSUMER) timestamp=742 ms, used_size=4415488 bytes (10.8%)
(RDMA_READ_CONSUME_CHECK_CONSUMER) timestamp=742 ms, used_size=4413440 bytes (10.8%)
(RDMA_READ_CONSUME_CHECK_CONSUMER) timestamp=742 ms, used_size=4411392 bytes (10.8%)
(RDMA_READ_CONSUME_CHECK_CONSUMER) timestamp=742 ms, used_size=4409344 bytes (10.8%)
(RDMA_READ_CONSUME_CHECK_CONSUMER) timestamp=742 ms, used_size=4407296 bytes (10.8%)
(RDMA_READ_CONSUME_CHECK_CONSUMER) timestamp=742 ms, used_size=4405248 bytes (10.8%)
(RDMA_READ_CONSUME_CHECK_CONSUMER) timestamp=742 ms, used_size=4403200 bytes (10.8%)
(RDMA_READ_CONSUME_CHECK_CONSUMER) timestamp=742 ms, used_size=4401152 bytes (10.7%)
(RDMA_READ_CONSUME_CHECK_CONSUMER) timestamp=742 ms, used_size=4399104 bytes (10.7%)
(RDMA_READ_CONSUME_CHECK_CONSUMER) timestamp=742 ms, used_size=4397056 bytes (10.7%)
(RDMA_READ_CONSUME_CHECK_CONSUMER) timestamp=742 ms, used_size=4395008 bytes (10.7%)
(RDMA_READ_CONSUME_CHECK_CONSUMER) timestamp=742 ms, used_size=4392960 bytes (10.7%)
(RDMA_READ_CONSUME_CHECK_CONSUMER) timestamp=742 ms, used_size=4390912 bytes (10.7%)
(RDMA_READ_CONSUME_CHECK_CONSUMER) timestamp=742 ms, used_size=4388864 bytes (10.7%)
(RDMA_READ_CONSUME_CHECK_CONSUMER) timestamp=742 ms, used_size=4386816 bytes (10.7%)
(RDMA_READ_CONSUME_CHECK_CONSUMER) timestamp=742 ms, used_size=4384768 bytes (10.7%)
(RDMA_READ_CONSUME_CHECK_CONSUMER) timestamp=742 ms, used_size=4382720 bytes (10.7%)
(RDMA_READ_CONSUME_CHECK_CONSUMER) timestamp=742 ms, used_size=4380672 bytes (10.7%)
(RDMA_READ_CONSUME_CHECK_CONSUMER) timestamp=742 ms, used_size=4378624 bytes (10.7%)
(RDMA_READ_CONSUME_CHECK_CONSUMER) timestamp=742 ms, used_size=4376576 bytes (10.7%)
(RDMA_READ_CONSUME_CHECK_CONSUMER) timestamp=742 ms, used_size=4374528 bytes (10.7%)
(RDMA_READ_CONSUME_CHECK_CONSUMER) timestamp=742 ms, used_size=4372480 bytes (10.7%)
(RDMA_READ_CONSUME_CHECK_CONSUMER) timestamp=742 ms, used_size=4370432 bytes (10.7%)
(RDMA_READ_CONSUME_CHECK_CONSUMER) timestamp=742 ms, used_size=4368384 bytes (10.7%)
(RDMA_READ_CONSUME_CHECK_CONSUMER) timestamp=742 ms, used_size=4366336 bytes (10.7%)
(RDMA_READ_CONSUME_CHECK_CONSUMER) timestamp=742 ms, used_size=4364288 bytes (10.7%)
(RDMA_READ_CONSUME_CHECK_CONSUMER) timestamp=742 ms, used_size=4362240 bytes (10.7%)
(RDMA_READ_CONSUME_CHECK_CONSUMER) timestamp=742 ms, used_size=4360192 bytes (10.6%)
(RDMA_READ_CONSUME_CHECK_CONSUMER) timestamp=742 ms, used_size=4358144 bytes (10.6%)
(RDMA_READ_CONSUME_CHECK_CONSUMER) timestamp=742 ms, used_size=4356096 bytes (10.6%)
(RDMA_READ_CONSUME_CHECK_CONSUMER) timestamp=742 ms, used_size=4354048 bytes (10.6%)
(RDMA_READ_CONSUME_CHECK_CONSUMER) timestamp=742 ms, used_size=4352000 bytes (10.6%)
(RDMA_READ_CONSUME_CHECK_CONSUMER) timestamp=742 ms, used_size=4349952 bytes (10.6%)
(RDMA_READ_CONSUME_CHECK_CONSUMER) timestamp=742 ms, used_size=4347904 bytes (10.6%)
(RDMA_READ_CONSUME_CHECK_CONSUMER) timestamp=742 ms, used_size=4345856 bytes (10.6%)
(RDMA_READ_CONSUME_CHECK_CONSUMER) timestamp=742 ms, used_size=4343808 bytes (10.6%)
(RDMA_READ_CONSUME_CHECK_CONSUMER) timestamp=742 ms, used_size=4341760 bytes (10.6%)
(RDMA_READ_CONSUME_CHECK_CONSUMER) timestamp=742 ms, used_size=4339712 bytes (10.6%)
(RDMA_READ_CONSUME_CHECK_CONSUMER) timestamp=742 ms, used_size=4337664 bytes (10.6%)
(RDMA_READ_CONSUME_CHECK_CONSUMER) timestamp=742 ms, used_size=4335616 bytes (10.6%)
(RDMA_READ_CONSUME_CHECK_CONSUMER) timestamp=742 ms, used_size=4333568 bytes (10.6%)
(RDMA_READ_CONSUME_CHECK_CONSUMER) timestamp=742 ms, used_size=4331520 bytes (10.6%)
(RDMA_READ_CONSUME_CHECK_CONSUMER) timestamp=742 ms, used_size=4329472 bytes (10.6%)
(RDMA_READ_CONSUME_CHECK_CONSUMER) timestamp=742 ms, used_size=4327424 bytes (10.6%)
(RDMA_READ_CONSUME_CHECK_CONSUMER) timestamp=742 ms, used_size=4325376 bytes (10.6%)
(RDMA_READ_CONSUME_CHECK_CONSUMER) timestamp=742 ms, used_size=4323328 bytes (10.6%)
(RDMA_READ_CONSUME_CHECK_CONSUMER) timestamp=742 ms, used_size=4321280 bytes (10.6%)
(RDMA_READ_CONSUME_CHECK_CONSUMER) timestamp=742 ms, used_size=4319232 bytes (10.5%)
(RDMA_READ_CONSUME_CHECK_CONSUMER) timestamp=742 ms, used_size=4317184 bytes (10.5%)
(RDMA_READ_CONSUME_CHECK_CONSUMER) timestamp=742 ms, used_size=4315136 bytes (10.5%)
(RDMA_READ_CONSUME_CHECK_CONSUMER) timestamp=742 ms, used_size=4313088 bytes (10.5%)
(RDMA_READ_CONSUME_CHECK_CONSUMER) timestamp=742 ms, used_size=4311040 bytes (10.5%)
(RDMA_READ_CONSUME_CHECK_CONSUMER) timestamp=742 ms, used_size=4308992 bytes (10.5%)
(RDMA_READ_CONSUME_CHECK_CONSUMER) timestamp=742 ms, used_size=4306944 bytes (10.5%)
(RDMA_READ_CONSUME_CHECK_CONSUMER) timestamp=742 ms, used_size=4304896 bytes (10.5%)
(RDMA_READ_CONSUME_CHECK_CONSUMER) timestamp=742 ms, used_size=4302848 bytes (10.5%)
(RDMA_READ_CONSUME_CHECK_CONSUMER) timestamp=742 ms, used_size=4300800 bytes (10.5%)
(RDMA_READ_CONSUME_CHECK_CONSUMER) timestamp=742 ms, used_size=4298752 bytes (10.5%)
(RDMA_READ_CONSUME_CHECK_CONSUMER) timestamp=742 ms, used_size=4296704 bytes (10.5%)
(RDMA_READ_CONSUME_CHECK_CONSUMER) timestamp=742 ms, used_size=4294656 bytes (10.5%)
(RDMA_READ_CONSUME_CHECK_CONSUMER) timestamp=742 ms, used_size=4292608 bytes (10.5%)
(RDMA_READ_CONSUME_CHECK_CONSUMER) timestamp=742 ms, used_size=4290560 bytes (10.5%)
(RDMA_READ_CONSUME_CHECK_CONSUMER) timestamp=742 ms, used_size=4288512 bytes (10.5%)
(RDMA_READ_CONSUME_CHECK_CONSUMER) timestamp=742 ms, used_size=4286464 bytes (10.5%)
(RDMA_READ_CONSUME_CHECK_CONSUMER) timestamp=742 ms, used_size=4284416 bytes (10.5%)
(RDMA_READ_CONSUME_CHECK_CONSUMER) timestamp=742 ms, used_size=4282368 bytes (10.5%)
(RDMA_READ_CONSUME_CHECK_CONSUMER) timestamp=742 ms, used_size=4280320 bytes (10.4%)
(RDMA_READ_CONSUME_CHECK_CONSUMER) timestamp=742 ms, used_size=4278272 bytes (10.4%)
(RDMA_READ_CONSUME_CHECK_CONSUMER) timestamp=742 ms, used_size=4276224 bytes (10.4%)
(RDMA_READ_CONSUME_CHECK_CONSUMER) timestamp=742 ms, used_size=4274176 bytes (10.4%)
(RDMA_READ_CONSUME_CHECK_CONSUMER) timestamp=742 ms, used_size=4272128 bytes (10.4%)
(RDMA_READ_CONSUME_CHECK_CONSUMER) timestamp=742 ms, used_size=4270080 bytes (10.4%)
(RDMA_READ_CONSUME_CHECK_CONSUMER) timestamp=742 ms, used_size=4268032 bytes (10.4%)
(RDMA_READ_CONSUME_CHECK_CONSUMER) timestamp=742 ms, used_size=4265984 bytes (10.4%)
(RDMA_READ_CONSUME_CHECK_CONSUMER) timestamp=742 ms, used_size=4263936 bytes (10.4%)
(RDMA_READ_CONSUME_CHECK_CONSUMER) timestamp=742 ms, used_size=4261888 bytes (10.4%)
(RDMA_READ_CONSUME_CHECK_CONSUMER) timestamp=742 ms, used_size=4259840 bytes (10.4%)
(RDMA_READ_CONSUME_CHECK_CONSUMER) timestamp=742 ms, used_size=4257792 bytes (10.4%)
(RDMA_READ_CONSUME_CHECK_CONSUMER) timestamp=742 ms, used_size=4255744 bytes (10.4%)
(RDMA_READ_CONSUME_CHECK_CONSUMER) timestamp=742 ms, used_size=4253696 bytes (10.4%)
(RDMA_READ_CONSUME_CHECK_CONSUMER) timestamp=742 ms, used_size=4251648 bytes (10.4%)
(RDMA_READ_CONSUME_CHECK_CONSUMER) timestamp=742 ms, used_size=4249600 bytes (10.4%)
(RDMA_READ_CONSUME_CHECK_CONSUMER) timestamp=742 ms, used_size=4247552 bytes (10.4%)
(RDMA_READ_CONSUME_CHECK_CONSUMER) timestamp=742 ms, used_size=4245504 bytes (10.4%)
(RDMA_READ_CONSUME_CHECK_CONSUMER) timestamp=742 ms, used_size=4243456 bytes (10.4%)
(RDMA_READ_CONSUME_CHECK_CONSUMER) timestamp=742 ms, used_size=4241408 bytes (10.4%)
(RDMA_READ_CONSUME_CHECK_CONSUMER) timestamp=742 ms, used_size=4239360 bytes (10.3%)
(RDMA_READ_CONSUME_CHECK_CONSUMER) timestamp=742 ms, used_size=4237312 bytes (10.3%)
(RDMA_READ_CONSUME_CHECK_CONSUMER) timestamp=742 ms, used_size=4235264 bytes (10.3%)
(RDMA_READ_CONSUME_CHECK_CONSUMER) timestamp=742 ms, used_size=4233216 bytes (10.3%)
(RDMA_READ_CONSUME_CHECK_CONSUMER) timestamp=742 ms, used_size=4231168 bytes (10.3%)
(RDMA_READ_CONSUME_CHECK_CONSUMER) timestamp=742 ms, used_size=4229120 bytes (10.3%)
(RDMA_READ_CONSUME_CHECK_CONSUMER) timestamp=742 ms, used_size=4227072 bytes (10.3%)
(RDMA_READ_CONSUME_CHECK_CONSUMER) timestamp=742 ms, used_size=4225024 bytes (10.3%)
(RDMA_READ_CONSUME_CHECK_CONSUMER) timestamp=742 ms, used_size=4222976 bytes (10.3%)
(RDMA_READ_CONSUME_CHECK_CONSUMER) timestamp=742 ms, used_size=4220928 bytes (10.3%)
(RDMA_READ_CONSUME_CHECK_CONSUMER) timestamp=742 ms, used_size=4218880 bytes (10.3%)
(RDMA_READ_CONSUME_CHECK_CONSUMER) timestamp=742 ms, used_size=4216832 bytes (10.3%)
(RDMA_READ_CONSUME_CHECK_CONSUMER) timestamp=742 ms, used_size=4214784 bytes (10.3%)
(RDMA_READ_CONSUME_CHECK_CONSUMER) timestamp=742 ms, used_size=4212736 bytes (10.3%)
(RDMA_READ_CONSUME_CHECK_CONSUMER) timestamp=742 ms, used_size=4210688 bytes (10.3%)
(RDMA_READ_CONSUME_CHECK_CONSUMER) timestamp=742 ms, used_size=4208640 bytes (10.3%)
(RDMA_READ_CONSUME_CHECK_CONSUMER) timestamp=742 ms, used_size=4206592 bytes (10.3%)
(RDMA_READ_CONSUME_CHECK_CONSUMER) timestamp=742 ms, used_size=4204544 bytes (10.3%)
(RDMA_READ_CONSUME_CHECK_CONSUMER) timestamp=742 ms, used_size=4202496 bytes (10.3%)
(RDMA_READ_CONSUME_CHECK_CONSUMER) timestamp=742 ms, used_size=4200448 bytes (10.3%)
(RDMA_READ_CONSUME_CHECK_CONSUMER) timestamp=742 ms, used_size=4198400 bytes (10.2%)
(RDMA_READ_CONSUME_CHECK_CONSUMER) timestamp=742 ms, used_size=4196352 bytes (10.2%)
(RDMA_READ_CONSUME_CHECK_CONSUMER) timestamp=742 ms, used_size=4194304 bytes (10.2%)
(RDMA_READ_CONSUME_CHECK_CONSUMER) timestamp=742 ms, used_size=4192256 bytes (10.2%)
(RDMA_READ_CONSUME_CHECK_CONSUMER) timestamp=742 ms, used_size=4190208 bytes (10.2%)
(RDMA_READ_CONSUME_CHECK_CONSUMER) timestamp=742 ms, used_size=4188160 bytes (10.2%)
(RDMA_READ_CONSUME_CHECK_CONSUMER) timestamp=742 ms, used_size=4186112 bytes (10.2%)
(RDMA_READ_CONSUME_CHECK_CONSUMER) timestamp=742 ms, used_size=4184064 bytes (10.2%)
(RDMA_READ_CONSUME_CHECK_CONSUMER) timestamp=742 ms, used_size=4182016 bytes (10.2%)
(RDMA_READ_CONSUME_CHECK_CONSUMER) timestamp=742 ms, used_size=4179968 bytes (10.2%)
(RDMA_READ_CONSUME_CHECK_CONSUMER) timestamp=742 ms, used_size=4177920 bytes (10.2%)
(RDMA_READ_CONSUME_CHECK_CONSUMER) timestamp=742 ms, used_size=4175872 bytes (10.2%)
(RDMA_READ_CONSUME_CHECK_CONSUMER) timestamp=742 ms, used_size=4173824 bytes (10.2%)
(RDMA_READ_CONSUME_CHECK_CONSUMER) timestamp=742 ms, used_size=4171776 bytes (10.2%)
(RDMA_READ_CONSUME_CHECK_CONSUMER) timestamp=742 ms, used_size=4169728 bytes (10.2%)
(RDMA_READ_CONSUME_CHECK_CONSUMER) timestamp=742 ms, used_size=4167680 bytes (10.2%)
(RDMA_READ_CONSUME_CHECK_CONSUMER) timestamp=742 ms, used_size=4165632 bytes (10.2%)
(RDMA_READ_CONSUME_CHECK_CONSUMER) timestamp=742 ms, used_size=4163584 bytes (10.2%)
(RDMA_READ_CONSUME_CHECK_CONSUMER) timestamp=742 ms, used_size=4161536 bytes (10.2%)
(RDMA_READ_CONSUME_CHECK_CONSUMER) timestamp=742 ms, used_size=4159488 bytes (10.2%)
(RDMA_READ_CONSUME_CHECK_CONSUMER) timestamp=742 ms, used_size=4157440 bytes (10.2%)
(RDMA_READ_CONSUME_CHECK_CONSUMER) timestamp=742 ms, used_size=4155392 bytes (10.1%)
(RDMA_READ_CONSUME_CHECK_CONSUMER) timestamp=742 ms, used_size=4153344 bytes (10.1%)
(RDMA_READ_CONSUME_CHECK_CONSUMER) timestamp=742 ms, used_size=4151296 bytes (10.1%)
(RDMA_READ_CONSUME_CHECK_CONSUMER) timestamp=742 ms, used_size=4149248 bytes (10.1%)
(RDMA_READ_CONSUME_CHECK_CONSUMER) timestamp=742 ms, used_size=4147200 bytes (10.1%)
(RDMA_READ_CONSUME_CHECK_CONSUMER) timestamp=742 ms, used_size=4145152 bytes (10.1%)
(RDMA_READ_CONSUME_CHECK_CONSUMER) timestamp=742 ms, used_size=4143104 bytes (10.1%)
(RDMA_READ_CONSUME_CHECK_CONSUMER) timestamp=742 ms, used_size=4141056 bytes (10.1%)
(RDMA_READ_CONSUME_CHECK_CONSUMER) timestamp=742 ms, used_size=4139008 bytes (10.1%)
(RDMA_READ_CONSUME_CHECK_CONSUMER) timestamp=742 ms, used_size=4136960 bytes (10.1%)
(RDMA_READ_CONSUME_CHECK_CONSUMER) timestamp=742 ms, used_size=4134912 bytes (10.1%)
(RDMA_READ_CONSUME_CHECK_CONSUMER) timestamp=742 ms, used_size=4132864 bytes (10.1%)
(RDMA_READ_CONSUME_CHECK_CONSUMER) timestamp=742 ms, used_size=4130816 bytes (10.1%)
(RDMA_READ_CONSUME_CHECK_CONSUMER) timestamp=742 ms, used_size=4128768 bytes (10.1%)
(RDMA_READ_CONSUME_CHECK_CONSUMER) timestamp=742 ms, used_size=4126720 bytes (10.1%)
(RDMA_READ_CONSUME_CHECK_CONSUMER) timestamp=742 ms, used_size=4124672 bytes (10.1%)
(RDMA_READ_CONSUME_CHECK_CONSUMER) timestamp=742 ms, used_size=4122624 bytes (10.1%)
(RDMA_READ_CONSUME_CHECK_CONSUMER) timestamp=742 ms, used_size=4120576 bytes (10.1%)
(RDMA_READ_CONSUME_CHECK_CONSUMER) timestamp=742 ms, used_size=4118528 bytes (10.1%)
(RDMA_READ_CONSUME_CHECK_CONSUMER) timestamp=742 ms, used_size=4116480 bytes (10.1%)
(RDMA_READ_CONSUME_CHECK_CONSUMER) timestamp=742 ms, used_size=4114432 bytes (10.0%)
(RDMA_READ_CONSUME_CHECK_CONSUMER) timestamp=742 ms, used_size=4112384 bytes (10.0%)
(RDMA_READ_CONSUME_CHECK_CONSUMER) timestamp=742 ms, used_size=4110336 bytes (10.0%)
(RDMA_READ_CONSUME_CHECK_CONSUMER) timestamp=742 ms, used_size=4108288 bytes (10.0%)
(RDMA_READ_CONSUME_CHECK_CONSUMER) timestamp=742 ms, used_size=4106240 bytes (10.0%)
(RDMA_READ_CONSUME_CHECK_CONSUMER) timestamp=742 ms, used_size=4104192 bytes (10.0%)
(RDMA_READ_CONSUME_CHECK_CONSUMER) timestamp=742 ms, used_size=4102144 bytes (10.0%)
(RDMA_READ_CONSUME_CHECK_CONSUMER) timestamp=742 ms, used_size=4100096 bytes (10.0%)
(RDMA_READ_CONSUME_CHECK_CONSUMER) timestamp=742 ms, used_size=4098048 bytes (10.0%)
(RDMA_READ_CONSUME_CHECK_CONSUMER) timestamp=742 ms, used_size=4096000 bytes (10.0%)
(RDMA_READ_CONSUME_CHECK_CONSUMER) timestamp=742 ms, used_size=4093952 bytes (10.0%)
(RDMA_READ_CONSUME_CHECK_CONSUMER) timestamp=742 ms, used_size=4091904 bytes (10.0%)
(RDMA_READ_CONSUME_CHECK_CONSUMER) timestamp=742 ms, used_size=4089856 bytes (10.0%)
(RDMA_READ_CONSUME_CHECK_CONSUMER) timestamp=742 ms, used_size=4087808 bytes (10.0%)
(RDMA_READ_CONSUME_CHECK_CONSUMER) timestamp=743 ms, used_size=4085760 bytes (10.0%)
(RDMA_READ_CONSUME_CHECK_CONSUMER) timestamp=743 ms, used_size=4083712 bytes (10.0%)
(RDMA_READ_CONSUME_CHECK_CONSUMER) timestamp=743 ms, used_size=4081664 bytes (10.0%)
(RDMA_READ_CONSUME_CHECK_CONSUMER) timestamp=743 ms, used_size=4079616 bytes (10.0%)
(RDMA_READ_CONSUME_CHECK_CONSUMER) timestamp=743 ms, used_size=4077568 bytes (10.0%)
(RDMA_READ_CONSUME_CHECK_CONSUMER) timestamp=743 ms, used_size=4075520 bytes (9.9%)
(RDMA_READ_CONSUME_CHECK_CONSUMER) timestamp=743 ms, used_size=4073472 bytes (9.9%)
(RDMA_READ_CONSUME_CHECK_CONSUMER) timestamp=743 ms, used_size=4071424 bytes (9.9%)
(RDMA_READ_CONSUME_CHECK_CONSUMER) timestamp=743 ms, used_size=4069376 bytes (9.9%)
(RDMA_READ_CONSUME_CHECK_CONSUMER) timestamp=743 ms, used_size=4067328 bytes (9.9%)
(RDMA_READ_CONSUME_CHECK_CONSUMER) timestamp=743 ms, used_size=4065280 bytes (9.9%)
(RDMA_READ_CONSUME_CHECK_CONSUMER) timestamp=743 ms, used_size=4063232 bytes (9.9%)
(RDMA_READ_CONSUME_CHECK_CONSUMER) timestamp=743 ms, used_size=4061184 bytes (9.9%)
(RDMA_READ_CONSUME_CHECK_CONSUMER) timestamp=743 ms, used_size=4059136 bytes (9.9%)
(RDMA_READ_CONSUME_CHECK_CONSUMER) timestamp=743 ms, used_size=4057088 bytes (9.9%)
(RDMA_READ_CONSUME_CHECK_CONSUMER) timestamp=743 ms, used_size=4055040 bytes (9.9%)
(RDMA_READ_CONSUME_CHECK_CONSUMER) timestamp=743 ms, used_size=4052992 bytes (9.9%)
(RDMA_READ_CONSUME_CHECK_CONSUMER) timestamp=743 ms, used_size=4050944 bytes (9.9%)
(RDMA_READ_CONSUME_CHECK_CONSUMER) timestamp=743 ms, used_size=4048896 bytes (9.9%)
(RDMA_READ_CONSUME_CHECK_CONSUMER) timestamp=743 ms, used_size=4046848 bytes (9.9%)
(RDMA_READ_CONSUME_CHECK_CONSUMER) timestamp=743 ms, used_size=4044800 bytes (9.9%)
(RDMA_READ_CONSUME_CHECK_CONSUMER) timestamp=743 ms, used_size=4042752 bytes (9.9%)
(RDMA_READ_CONSUME_CHECK_CONSUMER) timestamp=743 ms, used_size=4040704 bytes (9.9%)
(RDMA_READ_CONSUME_CHECK_CONSUMER) timestamp=743 ms, used_size=4038656 bytes (9.9%)
(RDMA_READ_CONSUME_CHECK_CONSUMER) timestamp=743 ms, used_size=4036608 bytes (9.9%)
(RDMA_READ_CONSUME_CHECK_CONSUMER) timestamp=743 ms, used_size=4034560 bytes (9.8%)
(RDMA_READ_CONSUME_CHECK_CONSUMER) timestamp=743 ms, used_size=4032512 bytes (9.8%)
(RDMA_READ_CONSUME_CHECK_CONSUMER) timestamp=743 ms, used_size=4030464 bytes (9.8%)
(RDMA_READ_CONSUME_CHECK_CONSUMER) timestamp=743 ms, used_size=4028416 bytes (9.8%)
(RDMA_READ_CONSUME_CHECK_CONSUMER) timestamp=743 ms, used_size=4026368 bytes (9.8%)
(RDMA_READ_CONSUME_CHECK_CONSUMER) timestamp=743 ms, used_size=4024320 bytes (9.8%)
(RDMA_READ_CONSUME_CHECK_CONSUMER) timestamp=743 ms, used_size=4022272 bytes (9.8%)
(RDMA_READ_CONSUME_CHECK_CONSUMER) timestamp=743 ms, used_size=4020224 bytes (9.8%)
(RDMA_READ_CONSUME_CHECK_CONSUMER) timestamp=743 ms, used_size=4018176 bytes (9.8%)
(RDMA_READ_CONSUME_CHECK_CONSUMER) timestamp=743 ms, used_size=4016128 bytes (9.8%)
(RDMA_READ_CONSUME_CHECK_CONSUMER) timestamp=743 ms, used_size=4014080 bytes (9.8%)
(RDMA_READ_CONSUME_CHECK_CONSUMER) timestamp=743 ms, used_size=4012032 bytes (9.8%)
(RDMA_READ_CONSUME_CHECK_CONSUMER) timestamp=743 ms, used_size=4009984 bytes (9.8%)
(RDMA_READ_CONSUME_CHECK_CONSUMER) timestamp=743 ms, used_size=4007936 bytes (9.8%)
(RDMA_READ_CONSUME_CHECK_CONSUMER) timestamp=743 ms, used_size=4005888 bytes (9.8%)
(RDMA_READ_CONSUME_CHECK_CONSUMER) timestamp=743 ms, used_size=4003840 bytes (9.8%)
(RDMA_READ_CONSUME_CHECK_CONSUMER) timestamp=743 ms, used_size=4001792 bytes (9.8%)
(RDMA_READ_CONSUME_CHECK_CONSUMER) timestamp=743 ms, used_size=3999744 bytes (9.8%)
(RDMA_READ_CONSUME_CHECK_CONSUMER) timestamp=743 ms, used_size=3997696 bytes (9.8%)
(RDMA_READ_CONSUME_CHECK_CONSUMER) timestamp=743 ms, used_size=3995648 bytes (9.8%)
(RDMA_READ_CONSUME_CHECK_CONSUMER) timestamp=743 ms, used_size=3993600 bytes (9.8%)
(RDMA_READ_CONSUME_CHECK_CONSUMER) timestamp=743 ms, used_size=3991552 bytes (9.7%)
(RDMA_READ_CONSUME_CHECK_CONSUMER) timestamp=743 ms, used_size=3989504 bytes (9.7%)
(RDMA_READ_CONSUME_CHECK_CONSUMER) timestamp=743 ms, used_size=3987456 bytes (9.7%)
(RDMA_READ_CONSUME_CHECK_CONSUMER) timestamp=743 ms, used_size=3985408 bytes (9.7%)
(RDMA_READ_CONSUME_CHECK_CONSUMER) timestamp=743 ms, used_size=3983360 bytes (9.7%)
(RDMA_READ_CONSUME_CHECK_CONSUMER) timestamp=743 ms, used_size=3981312 bytes (9.7%)
(RDMA_READ_CONSUME_CHECK_CONSUMER) timestamp=743 ms, used_size=3979264 bytes (9.7%)
(RDMA_READ_CONSUME_CHECK_CONSUMER) timestamp=743 ms, used_size=3977216 bytes (9.7%)
(RDMA_READ_CONSUME_CHECK_CONSUMER) timestamp=743 ms, used_size=3975168 bytes (9.7%)
(RDMA_READ_CONSUME_CHECK_CONSUMER) timestamp=743 ms, used_size=3973120 bytes (9.7%)
(RDMA_READ_CONSUME_CHECK_CONSUMER) timestamp=743 ms, used_size=3971072 bytes (9.7%)
(RDMA_READ_CONSUME_CHECK_CONSUMER) timestamp=743 ms, used_size=3969024 bytes (9.7%)
(RDMA_READ_CONSUME_CHECK_CONSUMER) timestamp=743 ms, used_size=3966976 bytes (9.7%)
(RDMA_READ_CONSUME_CHECK_CONSUMER) timestamp=743 ms, used_size=3964928 bytes (9.7%)
(RDMA_READ_CONSUME_CHECK_CONSUMER) timestamp=743 ms, used_size=3962880 bytes (9.7%)
(RDMA_READ_CONSUME_CHECK_CONSUMER) timestamp=743 ms, used_size=3960832 bytes (9.7%)
(RDMA_READ_CONSUME_CHECK_CONSUMER) timestamp=743 ms, used_size=3958784 bytes (9.7%)
(RDMA_READ_CONSUME_CHECK_CONSUMER) timestamp=743 ms, used_size=3956736 bytes (9.7%)
(RDMA_READ_CONSUME_CHECK_CONSUMER) timestamp=743 ms, used_size=3954688 bytes (9.7%)
(RDMA_READ_CONSUME_CHECK_CONSUMER) timestamp=743 ms, used_size=3952640 bytes (9.7%)
(RDMA_READ_CONSUME_CHECK_CONSUMER) timestamp=743 ms, used_size=3950592 bytes (9.6%)
(RDMA_READ_CONSUME_CHECK_CONSUMER) timestamp=743 ms, used_size=3948544 bytes (9.6%)
(RDMA_READ_CONSUME_CHECK_CONSUMER) timestamp=743 ms, used_size=3946496 bytes (9.6%)
(RDMA_READ_CONSUME_CHECK_CONSUMER) timestamp=743 ms, used_size=3944448 bytes (9.6%)
(RDMA_READ_CONSUME_CHECK_CONSUMER) timestamp=743 ms, used_size=3942400 bytes (9.6%)
(RDMA_READ_CONSUME_CHECK_CONSUMER) timestamp=743 ms, used_size=3940352 bytes (9.6%)
(RDMA_READ_CONSUME_CHECK_CONSUMER) timestamp=743 ms, used_size=3938304 bytes (9.6%)
(RDMA_READ_CONSUME_CHECK_CONSUMER) timestamp=743 ms, used_size=3936256 bytes (9.6%)
(RDMA_READ_CONSUME_CHECK_CONSUMER) timestamp=743 ms, used_size=3934208 bytes (9.6%)
(RDMA_READ_CONSUME_CHECK_CONSUMER) timestamp=743 ms, used_size=3932160 bytes (9.6%)
(RDMA_READ_CONSUME_CHECK_CONSUMER) timestamp=743 ms, used_size=3930112 bytes (9.6%)
(RDMA_READ_CONSUME_CHECK_CONSUMER) timestamp=743 ms, used_size=3928064 bytes (9.6%)
(RDMA_READ_CONSUME_CHECK_CONSUMER) timestamp=743 ms, used_size=3926016 bytes (9.6%)
(RDMA_READ_CONSUME_CHECK_CONSUMER) timestamp=743 ms, used_size=3923968 bytes (9.6%)
(RDMA_READ_CONSUME_CHECK_CONSUMER) timestamp=743 ms, used_size=3921920 bytes (9.6%)
(RDMA_READ_CONSUME_CHECK_CONSUMER) timestamp=743 ms, used_size=3919872 bytes (9.6%)
(RDMA_READ_CONSUME_CHECK_CONSUMER) timestamp=743 ms, used_size=3917824 bytes (9.6%)
(RDMA_READ_CONSUME_CHECK_CONSUMER) timestamp=743 ms, used_size=3915776 bytes (9.6%)
(RDMA_READ_CONSUME_CHECK_CONSUMER) timestamp=743 ms, used_size=3913728 bytes (9.6%)
(RDMA_READ_CONSUME_CHECK_CONSUMER) timestamp=743 ms, used_size=3911680 bytes (9.6%)
(RDMA_READ_CONSUME_CHECK_CONSUMER) timestamp=743 ms, used_size=3909632 bytes (9.5%)
(RDMA_READ_CONSUME_CHECK_CONSUMER) timestamp=743 ms, used_size=3907584 bytes (9.5%)
(RDMA_READ_CONSUME_CHECK_CONSUMER) timestamp=743 ms, used_size=3905536 bytes (9.5%)
(RDMA_READ_CONSUME_CHECK_CONSUMER) timestamp=743 ms, used_size=3903488 bytes (9.5%)
(RDMA_READ_CONSUME_CHECK_CONSUMER) timestamp=743 ms, used_size=3901440 bytes (9.5%)
(RDMA_READ_CONSUME_CHECK_CONSUMER) timestamp=743 ms, used_size=3899392 bytes (9.5%)
(RDMA_READ_CONSUME_CHECK_CONSUMER) timestamp=743 ms, used_size=3897344 bytes (9.5%)
(RDMA_READ_CONSUME_CHECK_CONSUMER) timestamp=743 ms, used_size=3895296 bytes (9.5%)
(RDMA_READ_CONSUME_CHECK_CONSUMER) timestamp=743 ms, used_size=3893248 bytes (9.5%)
(RDMA_READ_CONSUME_CHECK_CONSUMER) timestamp=743 ms, used_size=3891200 bytes (9.5%)
(RDMA_READ_CONSUME_CHECK_CONSUMER) timestamp=743 ms, used_size=3889152 bytes (9.5%)
(RDMA_READ_CONSUME_CHECK_CONSUMER) timestamp=743 ms, used_size=3887104 bytes (9.5%)
(RDMA_READ_CONSUME_CHECK_CONSUMER) timestamp=743 ms, used_size=3885056 bytes (9.5%)
(RDMA_READ_CONSUME_CHECK_CONSUMER) timestamp=743 ms, used_size=3883008 bytes (9.5%)
(RDMA_READ_CONSUME_CHECK_CONSUMER) timestamp=743 ms, used_size=3880960 bytes (9.5%)
(RDMA_READ_CONSUME_CHECK_CONSUMER) timestamp=743 ms, used_size=3878912 bytes (9.5%)
(RDMA_READ_CONSUME_CHECK_CONSUMER) timestamp=743 ms, used_size=3876864 bytes (9.5%)
(RDMA_READ_CONSUME_CHECK_CONSUMER) timestamp=743 ms, used_size=3874816 bytes (9.5%)
(RDMA_READ_CONSUME_CHECK_CONSUMER) timestamp=743 ms, used_size=3872768 bytes (9.5%)
(RDMA_READ_CONSUME_CHECK_CONSUMER) timestamp=743 ms, used_size=3870720 bytes (9.4%)
(RDMA_READ_CONSUME_CHECK_CONSUMER) timestamp=743 ms, used_size=3868672 bytes (9.4%)
(RDMA_READ_CONSUME_CHECK_CONSUMER) timestamp=743 ms, used_size=3866624 bytes (9.4%)
(RDMA_READ_CONSUME_CHECK_CONSUMER) timestamp=743 ms, used_size=3864576 bytes (9.4%)
(RDMA_READ_CONSUME_CHECK_CONSUMER) timestamp=743 ms, used_size=3862528 bytes (9.4%)
(RDMA_READ_CONSUME_CHECK_CONSUMER) timestamp=743 ms, used_size=3860480 bytes (9.4%)
(RDMA_READ_CONSUME_CHECK_CONSUMER) timestamp=743 ms, used_size=3858432 bytes (9.4%)
(RDMA_READ_CONSUME_CHECK_CONSUMER) timestamp=743 ms, used_size=3856384 bytes (9.4%)
(RDMA_READ_CONSUME_CHECK_CONSUMER) timestamp=743 ms, used_size=3854336 bytes (9.4%)
(RDMA_READ_CONSUME_CHECK_CONSUMER) timestamp=743 ms, used_size=3852288 bytes (9.4%)
(RDMA_READ_CONSUME_CHECK_CONSUMER) timestamp=743 ms, used_size=3850240 bytes (9.4%)
(RDMA_READ_CONSUME_CHECK_CONSUMER) timestamp=743 ms, used_size=3848192 bytes (9.4%)
(RDMA_READ_CONSUME_CHECK_CONSUMER) timestamp=743 ms, used_size=3846144 bytes (9.4%)
(RDMA_READ_CONSUME_CHECK_CONSUMER) timestamp=743 ms, used_size=3844096 bytes (9.4%)
(RDMA_READ_CONSUME_CHECK_CONSUMER) timestamp=743 ms, used_size=3842048 bytes (9.4%)
(RDMA_READ_CONSUME_CHECK_CONSUMER) timestamp=743 ms, used_size=3840000 bytes (9.4%)
(RDMA_READ_CONSUME_CHECK_CONSUMER) timestamp=743 ms, used_size=3837952 bytes (9.4%)
(RDMA_READ_CONSUME_CHECK_CONSUMER) timestamp=743 ms, used_size=3835904 bytes (9.4%)
(RDMA_READ_CONSUME_CHECK_CONSUMER) timestamp=743 ms, used_size=3833856 bytes (9.4%)
(RDMA_READ_CONSUME_CHECK_CONSUMER) timestamp=743 ms, used_size=3831808 bytes (9.4%)
(RDMA_READ_CONSUME_CHECK_CONSUMER) timestamp=743 ms, used_size=3829760 bytes (9.3%)
(RDMA_READ_CONSUME_CHECK_CONSUMER) timestamp=743 ms, used_size=3827712 bytes (9.3%)
(RDMA_READ_CONSUME_CHECK_CONSUMER) timestamp=743 ms, used_size=3825664 bytes (9.3%)
(RDMA_READ_CONSUME_CHECK_CONSUMER) timestamp=743 ms, used_size=3823616 bytes (9.3%)
(RDMA_READ_CONSUME_CHECK_CONSUMER) timestamp=743 ms, used_size=3821568 bytes (9.3%)
(RDMA_READ_CONSUME_CHECK_CONSUMER) timestamp=743 ms, used_size=3819520 bytes (9.3%)
(RDMA_READ_CONSUME_CHECK_CONSUMER) timestamp=743 ms, used_size=3817472 bytes (9.3%)
(RDMA_READ_CONSUME_CHECK_CONSUMER) timestamp=743 ms, used_size=3815424 bytes (9.3%)
(RDMA_READ_CONSUME_CHECK_CONSUMER) timestamp=743 ms, used_size=3813376 bytes (9.3%)
(RDMA_READ_CONSUME_CHECK_CONSUMER) timestamp=743 ms, used_size=3811328 bytes (9.3%)
(RDMA_READ_CONSUME_CHECK_CONSUMER) timestamp=743 ms, used_size=3809280 bytes (9.3%)
(RDMA_READ_CONSUME_CHECK_CONSUMER) timestamp=743 ms, used_size=3807232 bytes (9.3%)
(RDMA_READ_CONSUME_CHECK_CONSUMER) timestamp=743 ms, used_size=3805184 bytes (9.3%)
(RDMA_READ_CONSUME_CHECK_CONSUMER) timestamp=743 ms, used_size=3803136 bytes (9.3%)
(RDMA_READ_CONSUME_CHECK_CONSUMER) timestamp=743 ms, used_size=3801088 bytes (9.3%)
(RDMA_READ_CONSUME_CHECK_CONSUMER) timestamp=743 ms, used_size=3799040 bytes (9.3%)
(RDMA_READ_CONSUME_CHECK_CONSUMER) timestamp=743 ms, used_size=3796992 bytes (9.3%)
(RDMA_READ_CONSUME_CHECK_CONSUMER) timestamp=743 ms, used_size=3794944 bytes (9.3%)
(RDMA_READ_CONSUME_CHECK_CONSUMER) timestamp=743 ms, used_size=3792896 bytes (9.3%)
(RDMA_READ_CONSUME_CHECK_CONSUMER) timestamp=743 ms, used_size=3790848 bytes (9.3%)
(RDMA_READ_CONSUME_CHECK_CONSUMER) timestamp=743 ms, used_size=3788800 bytes (9.2%)
(RDMA_READ_CONSUME_CHECK_CONSUMER) timestamp=743 ms, used_size=3786752 bytes (9.2%)
(RDMA_READ_CONSUME_CHECK_CONSUMER) timestamp=743 ms, used_size=3784704 bytes (9.2%)
(RDMA_READ_CONSUME_CHECK_CONSUMER) timestamp=743 ms, used_size=3782656 bytes (9.2%)
(RDMA_READ_CONSUME_CHECK_CONSUMER) timestamp=743 ms, used_size=3780608 bytes (9.2%)
(RDMA_READ_CONSUME_CHECK_CONSUMER) timestamp=743 ms, used_size=3778560 bytes (9.2%)
(RDMA_READ_CONSUME_CHECK_CONSUMER) timestamp=743 ms, used_size=3776512 bytes (9.2%)
(RDMA_READ_CONSUME_CHECK_CONSUMER) timestamp=743 ms, used_size=3774464 bytes (9.2%)
(RDMA_READ_CONSUME_CHECK_CONSUMER) timestamp=743 ms, used_size=3772416 bytes (9.2%)
(RDMA_READ_CONSUME_CHECK_CONSUMER) timestamp=743 ms, used_size=3770368 bytes (9.2%)
(RDMA_READ_CONSUME_CHECK_CONSUMER) timestamp=743 ms, used_size=3768320 bytes (9.2%)
(RDMA_READ_CONSUME_CHECK_CONSUMER) timestamp=743 ms, used_size=3766272 bytes (9.2%)
(RDMA_READ_CONSUME_CHECK_CONSUMER) timestamp=743 ms, used_size=3764224 bytes (9.2%)
(RDMA_READ_CONSUME_CHECK_CONSUMER) timestamp=743 ms, used_size=3762176 bytes (9.2%)
(RDMA_READ_CONSUME_CHECK_CONSUMER) timestamp=743 ms, used_size=3760128 bytes (9.2%)
(RDMA_READ_CONSUME_CHECK_CONSUMER) timestamp=743 ms, used_size=3758080 bytes (9.2%)
(RDMA_READ_CONSUME_CHECK_CONSUMER) timestamp=743 ms, used_size=3756032 bytes (9.2%)
(RDMA_READ_CONSUME_CHECK_CONSUMER) timestamp=743 ms, used_size=3753984 bytes (9.2%)
(RDMA_READ_CONSUME_CHECK_CONSUMER) timestamp=743 ms, used_size=3751936 bytes (9.2%)
(RDMA_READ_CONSUME_CHECK_CONSUMER) timestamp=743 ms, used_size=3749888 bytes (9.2%)
(RDMA_READ_CONSUME_CHECK_CONSUMER) timestamp=743 ms, used_size=3747840 bytes (9.2%)
(RDMA_READ_CONSUME_CHECK_CONSUMER) timestamp=743 ms, used_size=3745792 bytes (9.1%)
(RDMA_READ_CONSUME_CHECK_CONSUMER) timestamp=743 ms, used_size=3743744 bytes (9.1%)
(RDMA_READ_CONSUME_CHECK_CONSUMER) timestamp=743 ms, used_size=3741696 bytes (9.1%)
(RDMA_READ_CONSUME_CHECK_CONSUMER) timestamp=743 ms, used_size=3739648 bytes (9.1%)
(RDMA_READ_CONSUME_CHECK_CONSUMER) timestamp=743 ms, used_size=3737600 bytes (9.1%)
(RDMA_READ_CONSUME_CHECK_CONSUMER) timestamp=743 ms, used_size=3735552 bytes (9.1%)
(RDMA_READ_CONSUME_CHECK_CONSUMER) timestamp=743 ms, used_size=3733504 bytes (9.1%)
(RDMA_READ_CONSUME_CHECK_CONSUMER) timestamp=743 ms, used_size=3731456 bytes (9.1%)
(RDMA_READ_CONSUME_CHECK_CONSUMER) timestamp=743 ms, used_size=3729408 bytes (9.1%)
(RDMA_READ_CONSUME_CHECK_CONSUMER) timestamp=743 ms, used_size=3727360 bytes (9.1%)
(RDMA_READ_CONSUME_CHECK_CONSUMER) timestamp=743 ms, used_size=3725312 bytes (9.1%)
(RDMA_READ_CONSUME_CHECK_CONSUMER) timestamp=743 ms, used_size=3723264 bytes (9.1%)
(RDMA_READ_CONSUME_CHECK_CONSUMER) timestamp=743 ms, used_size=3721216 bytes (9.1%)
(RDMA_READ_CONSUME_CHECK_CONSUMER) timestamp=743 ms, used_size=3719168 bytes (9.1%)
(RDMA_READ_CONSUME_CHECK_CONSUMER) timestamp=743 ms, used_size=3717120 bytes (9.1%)
(RDMA_READ_CONSUME_CHECK_CONSUMER) timestamp=743 ms, used_size=3715072 bytes (9.1%)
(RDMA_READ_CONSUME_CHECK_CONSUMER) timestamp=743 ms, used_size=3713024 bytes (9.1%)
(RDMA_READ_CONSUME_CHECK_CONSUMER) timestamp=743 ms, used_size=3710976 bytes (9.1%)
(RDMA_READ_CONSUME_CHECK_CONSUMER) timestamp=744 ms, used_size=3708928 bytes (9.1%)
(RDMA_READ_CONSUME_CHECK_CONSUMER) timestamp=744 ms, used_size=3706880 bytes (9.1%)
(RDMA_READ_CONSUME_CHECK_CONSUMER) timestamp=744 ms, used_size=3704832 bytes (9.0%)
(RDMA_READ_CONSUME_CHECK_CONSUMER) timestamp=744 ms, used_size=3702784 bytes (9.0%)
(RDMA_READ_CONSUME_CHECK_CONSUMER) timestamp=744 ms, used_size=3700736 bytes (9.0%)
(RDMA_READ_CONSUME_CHECK_CONSUMER) timestamp=744 ms, used_size=3698688 bytes (9.0%)
(RDMA_READ_CONSUME_CHECK_CONSUMER) timestamp=744 ms, used_size=3696640 bytes (9.0%)
(RDMA_READ_CONSUME_CHECK_CONSUMER) timestamp=744 ms, used_size=3694592 bytes (9.0%)
(RDMA_READ_CONSUME_CHECK_CONSUMER) timestamp=744 ms, used_size=3692544 bytes (9.0%)
(RDMA_READ_CONSUME_CHECK_CONSUMER) timestamp=744 ms, used_size=3690496 bytes (9.0%)
(RDMA_READ_CONSUME_CHECK_CONSUMER) timestamp=744 ms, used_size=3688448 bytes (9.0%)
(RDMA_READ_CONSUME_CHECK_CONSUMER) timestamp=744 ms, used_size=3686400 bytes (9.0%)
(RDMA_READ_CONSUME_CHECK_CONSUMER) timestamp=744 ms, used_size=3684352 bytes (9.0%)
(RDMA_READ_CONSUME_CHECK_CONSUMER) timestamp=744 ms, used_size=3682304 bytes (9.0%)
(RDMA_READ_CONSUME_CHECK_CONSUMER) timestamp=744 ms, used_size=3680256 bytes (9.0%)
(RDMA_READ_CONSUME_CHECK_CONSUMER) timestamp=744 ms, used_size=3678208 bytes (9.0%)
(RDMA_READ_CONSUME_CHECK_CONSUMER) timestamp=744 ms, used_size=3676160 bytes (9.0%)
(RDMA_READ_CONSUME_CHECK_CONSUMER) timestamp=744 ms, used_size=3674112 bytes (9.0%)
(RDMA_READ_CONSUME_CHECK_CONSUMER) timestamp=744 ms, used_size=3672064 bytes (9.0%)
(RDMA_READ_CONSUME_CHECK_CONSUMER) timestamp=744 ms, used_size=3670016 bytes (9.0%)
(RDMA_READ_CONSUME_CHECK_CONSUMER) timestamp=744 ms, used_size=3667968 bytes (9.0%)
(RDMA_READ_CONSUME_CHECK_CONSUMER) timestamp=744 ms, used_size=3665920 bytes (8.9%)
(RDMA_READ_CONSUME_CHECK_CONSUMER) timestamp=744 ms, used_size=3663872 bytes (8.9%)
(RDMA_READ_CONSUME_CHECK_CONSUMER) timestamp=744 ms, used_size=3661824 bytes (8.9%)
(RDMA_READ_CONSUME_CHECK_CONSUMER) timestamp=744 ms, used_size=3659776 bytes (8.9%)
(RDMA_READ_CONSUME_CHECK_CONSUMER) timestamp=744 ms, used_size=3657728 bytes (8.9%)
(RDMA_READ_CONSUME_CHECK_CONSUMER) timestamp=744 ms, used_size=3655680 bytes (8.9%)
(RDMA_READ_CONSUME_CHECK_CONSUMER) timestamp=744 ms, used_size=3653632 bytes (8.9%)
(RDMA_READ_CONSUME_CHECK_CONSUMER) timestamp=744 ms, used_size=3651584 bytes (8.9%)
(RDMA_READ_CONSUME_CHECK_CONSUMER) timestamp=744 ms, used_size=3649536 bytes (8.9%)
(RDMA_READ_CONSUME_CHECK_CONSUMER) timestamp=744 ms, used_size=3647488 bytes (8.9%)
(RDMA_READ_CONSUME_CHECK_CONSUMER) timestamp=744 ms, used_size=3645440 bytes (8.9%)
(RDMA_READ_CONSUME_CHECK_CONSUMER) timestamp=744 ms, used_size=3643392 bytes (8.9%)
(RDMA_READ_CONSUME_CHECK_CONSUMER) timestamp=744 ms, used_size=3641344 bytes (8.9%)
(RDMA_READ_CONSUME_CHECK_CONSUMER) timestamp=744 ms, used_size=3639296 bytes (8.9%)
(RDMA_READ_CONSUME_CHECK_CONSUMER) timestamp=744 ms, used_size=3637248 bytes (8.9%)
(RDMA_READ_CONSUME_CHECK_CONSUMER) timestamp=744 ms, used_size=3635200 bytes (8.9%)
(RDMA_READ_CONSUME_CHECK_CONSUMER) timestamp=744 ms, used_size=3633152 bytes (8.9%)
(RDMA_READ_CONSUME_CHECK_CONSUMER) timestamp=744 ms, used_size=3631104 bytes (8.9%)
(RDMA_READ_CONSUME_CHECK_CONSUMER) timestamp=744 ms, used_size=3629056 bytes (8.9%)
(RDMA_READ_CONSUME_CHECK_CONSUMER) timestamp=744 ms, used_size=3627008 bytes (8.9%)
(RDMA_READ_CONSUME_CHECK_CONSUMER) timestamp=744 ms, used_size=3624960 bytes (8.8%)
(RDMA_READ_CONSUME_CHECK_CONSUMER) timestamp=744 ms, used_size=3622912 bytes (8.8%)
(RDMA_READ_CONSUME_CHECK_CONSUMER) timestamp=744 ms, used_size=3620864 bytes (8.8%)
(RDMA_READ_CONSUME_CHECK_CONSUMER) timestamp=744 ms, used_size=3618816 bytes (8.8%)
(RDMA_READ_CONSUME_CHECK_CONSUMER) timestamp=744 ms, used_size=3616768 bytes (8.8%)
(RDMA_READ_CONSUME_CHECK_CONSUMER) timestamp=744 ms, used_size=3614720 bytes (8.8%)
(RDMA_READ_CONSUME_CHECK_CONSUMER) timestamp=744 ms, used_size=3612672 bytes (8.8%)
(RDMA_READ_CONSUME_CHECK_CONSUMER) timestamp=744 ms, used_size=3610624 bytes (8.8%)
(RDMA_READ_CONSUME_CHECK_CONSUMER) timestamp=744 ms, used_size=3608576 bytes (8.8%)
(RDMA_READ_CONSUME_CHECK_CONSUMER) timestamp=744 ms, used_size=3606528 bytes (8.8%)
(RDMA_READ_CONSUME_CHECK_CONSUMER) timestamp=744 ms, used_size=3604480 bytes (8.8%)
(RDMA_READ_CONSUME_CHECK_CONSUMER) timestamp=744 ms, used_size=3602432 bytes (8.8%)
(RDMA_READ_CONSUME_CHECK_CONSUMER) timestamp=744 ms, used_size=3600384 bytes (8.8%)
(RDMA_READ_CONSUME_CHECK_CONSUMER) timestamp=744 ms, used_size=3598336 bytes (8.8%)
(RDMA_READ_CONSUME_CHECK_CONSUMER) timestamp=744 ms, used_size=3596288 bytes (8.8%)
(RDMA_READ_CONSUME_CHECK_CONSUMER) timestamp=744 ms, used_size=3594240 bytes (8.8%)
(RDMA_READ_CONSUME_CHECK_CONSUMER) timestamp=744 ms, used_size=3592192 bytes (8.8%)
(RDMA_READ_CONSUME_CHECK_CONSUMER) timestamp=744 ms, used_size=3590144 bytes (8.8%)
(RDMA_READ_CONSUME_CHECK_CONSUMER) timestamp=744 ms, used_size=3588096 bytes (8.8%)
(RDMA_READ_CONSUME_CHECK_CONSUMER) timestamp=744 ms, used_size=3586048 bytes (8.8%)
(RDMA_READ_CONSUME_CHECK_CONSUMER) timestamp=744 ms, used_size=3584000 bytes (8.8%)
(RDMA_READ_CONSUME_CHECK_CONSUMER) timestamp=744 ms, used_size=3581952 bytes (8.7%)
(RDMA_READ_CONSUME_CHECK_CONSUMER) timestamp=744 ms, used_size=3579904 bytes (8.7%)
(RDMA_READ_CONSUME_CHECK_CONSUMER) timestamp=744 ms, used_size=3577856 bytes (8.7%)
(RDMA_READ_CONSUME_CHECK_CONSUMER) timestamp=744 ms, used_size=3575808 bytes (8.7%)
(RDMA_READ_CONSUME_CHECK_CONSUMER) timestamp=744 ms, used_size=3573760 bytes (8.7%)
(RDMA_READ_CONSUME_CHECK_CONSUMER) timestamp=744 ms, used_size=3571712 bytes (8.7%)
(RDMA_READ_CONSUME_CHECK_CONSUMER) timestamp=744 ms, used_size=3569664 bytes (8.7%)
(RDMA_READ_CONSUME_CHECK_CONSUMER) timestamp=744 ms, used_size=3567616 bytes (8.7%)
(RDMA_READ_CONSUME_CHECK_CONSUMER) timestamp=744 ms, used_size=3565568 bytes (8.7%)
(RDMA_READ_CONSUME_CHECK_CONSUMER) timestamp=744 ms, used_size=3563520 bytes (8.7%)
(RDMA_READ_CONSUME_CHECK_CONSUMER) timestamp=744 ms, used_size=3561472 bytes (8.7%)
(RDMA_READ_CONSUME_CHECK_CONSUMER) timestamp=744 ms, used_size=3559424 bytes (8.7%)
(RDMA_READ_CONSUME_CHECK_CONSUMER) timestamp=744 ms, used_size=3557376 bytes (8.7%)
(RDMA_READ_CONSUME_CHECK_CONSUMER) timestamp=744 ms, used_size=3555328 bytes (8.7%)
(RDMA_READ_CONSUME_CHECK_CONSUMER) timestamp=744 ms, used_size=3553280 bytes (8.7%)
(RDMA_READ_CONSUME_CHECK_CONSUMER) timestamp=744 ms, used_size=3551232 bytes (8.7%)
(RDMA_READ_CONSUME_CHECK_CONSUMER) timestamp=744 ms, used_size=3549184 bytes (8.7%)
(RDMA_READ_CONSUME_CHECK_CONSUMER) timestamp=744 ms, used_size=3547136 bytes (8.7%)
(RDMA_READ_CONSUME_CHECK_CONSUMER) timestamp=744 ms, used_size=3545088 bytes (8.7%)
(RDMA_READ_CONSUME_CHECK_CONSUMER) timestamp=744 ms, used_size=3543040 bytes (8.7%)
(RDMA_READ_CONSUME_CHECK_CONSUMER) timestamp=744 ms, used_size=3540992 bytes (8.6%)
(RDMA_READ_CONSUME_CHECK_CONSUMER) timestamp=744 ms, used_size=3538944 bytes (8.6%)
(RDMA_READ_CONSUME_CHECK_CONSUMER) timestamp=744 ms, used_size=3536896 bytes (8.6%)
(RDMA_READ_CONSUME_CHECK_CONSUMER) timestamp=744 ms, used_size=3534848 bytes (8.6%)
(RDMA_READ_CONSUME_CHECK_CONSUMER) timestamp=744 ms, used_size=3532800 bytes (8.6%)
(RDMA_READ_CONSUME_CHECK_CONSUMER) timestamp=744 ms, used_size=3530752 bytes (8.6%)
(RDMA_READ_CONSUME_CHECK_CONSUMER) timestamp=744 ms, used_size=3528704 bytes (8.6%)
(RDMA_READ_CONSUME_CHECK_CONSUMER) timestamp=744 ms, used_size=3526656 bytes (8.6%)
(RDMA_READ_CONSUME_CHECK_CONSUMER) timestamp=744 ms, used_size=3524608 bytes (8.6%)
(RDMA_READ_CONSUME_CHECK_CONSUMER) timestamp=744 ms, used_size=3522560 bytes (8.6%)
(RDMA_READ_CONSUME_CHECK_CONSUMER) timestamp=744 ms, used_size=3520512 bytes (8.6%)
(RDMA_READ_CONSUME_CHECK_CONSUMER) timestamp=744 ms, used_size=3518464 bytes (8.6%)
(RDMA_READ_CONSUME_CHECK_CONSUMER) timestamp=744 ms, used_size=3516416 bytes (8.6%)
(RDMA_READ_CONSUME_CHECK_CONSUMER) timestamp=744 ms, used_size=3514368 bytes (8.6%)
(RDMA_READ_CONSUME_CHECK_CONSUMER) timestamp=744 ms, used_size=3512320 bytes (8.6%)
(RDMA_READ_CONSUME_CHECK_CONSUMER) timestamp=744 ms, used_size=3510272 bytes (8.6%)
(RDMA_READ_CONSUME_CHECK_CONSUMER) timestamp=744 ms, used_size=3508224 bytes (8.6%)
(RDMA_READ_CONSUME_CHECK_CONSUMER) timestamp=744 ms, used_size=3506176 bytes (8.6%)
(RDMA_READ_CONSUME_CHECK_CONSUMER) timestamp=744 ms, used_size=3504128 bytes (8.6%)
(RDMA_READ_CONSUME_CHECK_CONSUMER) timestamp=744 ms, used_size=3502080 bytes (8.6%)
(RDMA_READ_CONSUME_CHECK_CONSUMER) timestamp=744 ms, used_size=3500032 bytes (8.5%)
(RDMA_READ_CONSUME_CHECK_CONSUMER) timestamp=744 ms, used_size=3497984 bytes (8.5%)
(RDMA_READ_CONSUME_CHECK_CONSUMER) timestamp=744 ms, used_size=3495936 bytes (8.5%)
(RDMA_READ_CONSUME_CHECK_CONSUMER) timestamp=744 ms, used_size=3493888 bytes (8.5%)
(RDMA_READ_CONSUME_CHECK_CONSUMER) timestamp=744 ms, used_size=3491840 bytes (8.5%)
(RDMA_READ_CONSUME_CHECK_CONSUMER) timestamp=744 ms, used_size=3489792 bytes (8.5%)
(RDMA_READ_CONSUME_CHECK_CONSUMER) timestamp=744 ms, used_size=3487744 bytes (8.5%)
(RDMA_READ_CONSUME_CHECK_CONSUMER) timestamp=744 ms, used_size=3485696 bytes (8.5%)
(RDMA_READ_CONSUME_CHECK_CONSUMER) timestamp=744 ms, used_size=3483648 bytes (8.5%)
(RDMA_READ_CONSUME_CHECK_CONSUMER) timestamp=744 ms, used_size=3481600 bytes (8.5%)
(RDMA_READ_CONSUME_CHECK_CONSUMER) timestamp=744 ms, used_size=3479552 bytes (8.5%)
(RDMA_READ_CONSUME_CHECK_CONSUMER) timestamp=744 ms, used_size=3477504 bytes (8.5%)
(RDMA_READ_CONSUME_CHECK_CONSUMER) timestamp=744 ms, used_size=3475456 bytes (8.5%)
(RDMA_READ_CONSUME_CHECK_CONSUMER) timestamp=744 ms, used_size=3473408 bytes (8.5%)
(RDMA_READ_CONSUME_CHECK_CONSUMER) timestamp=744 ms, used_size=3471360 bytes (8.5%)
(RDMA_READ_CONSUME_CHECK_CONSUMER) timestamp=744 ms, used_size=3469312 bytes (8.5%)
(RDMA_READ_CONSUME_CHECK_CONSUMER) timestamp=744 ms, used_size=3467264 bytes (8.5%)
(RDMA_READ_CONSUME_CHECK_CONSUMER) timestamp=744 ms, used_size=3465216 bytes (8.5%)
(RDMA_READ_CONSUME_CHECK_CONSUMER) timestamp=744 ms, used_size=3463168 bytes (8.5%)
(RDMA_READ_CONSUME_CHECK_CONSUMER) timestamp=744 ms, used_size=3461120 bytes (8.4%)
(RDMA_READ_CONSUME_CHECK_CONSUMER) timestamp=744 ms, used_size=3459072 bytes (8.4%)
(RDMA_READ_CONSUME_CHECK_CONSUMER) timestamp=744 ms, used_size=3457024 bytes (8.4%)
(RDMA_READ_CONSUME_CHECK_CONSUMER) timestamp=744 ms, used_size=3454976 bytes (8.4%)
(RDMA_READ_CONSUME_CHECK_CONSUMER) timestamp=744 ms, used_size=3452928 bytes (8.4%)
(RDMA_READ_CONSUME_CHECK_CONSUMER) timestamp=744 ms, used_size=3450880 bytes (8.4%)
(RDMA_READ_CONSUME_CHECK_CONSUMER) timestamp=744 ms, used_size=3448832 bytes (8.4%)
(RDMA_READ_CONSUME_CHECK_CONSUMER) timestamp=744 ms, used_size=3446784 bytes (8.4%)
(RDMA_READ_CONSUME_CHECK_CONSUMER) timestamp=744 ms, used_size=3444736 bytes (8.4%)
(RDMA_READ_CONSUME_CHECK_CONSUMER) timestamp=744 ms, used_size=3442688 bytes (8.4%)
(RDMA_READ_CONSUME_CHECK_CONSUMER) timestamp=744 ms, used_size=3440640 bytes (8.4%)
(RDMA_READ_CONSUME_CHECK_CONSUMER) timestamp=744 ms, used_size=3438592 bytes (8.4%)
(RDMA_READ_CONSUME_CHECK_CONSUMER) timestamp=744 ms, used_size=3436544 bytes (8.4%)
(RDMA_READ_CONSUME_CHECK_CONSUMER) timestamp=744 ms, used_size=3434496 bytes (8.4%)
(RDMA_READ_CONSUME_CHECK_CONSUMER) timestamp=744 ms, used_size=3432448 bytes (8.4%)
(RDMA_READ_CONSUME_CHECK_CONSUMER) timestamp=744 ms, used_size=3430400 bytes (8.4%)
(RDMA_READ_CONSUME_CHECK_CONSUMER) timestamp=744 ms, used_size=3428352 bytes (8.4%)
(RDMA_READ_CONSUME_CHECK_CONSUMER) timestamp=744 ms, used_size=3426304 bytes (8.4%)
(RDMA_READ_CONSUME_CHECK_CONSUMER) timestamp=744 ms, used_size=3424256 bytes (8.4%)
(RDMA_READ_CONSUME_CHECK_CONSUMER) timestamp=744 ms, used_size=3422208 bytes (8.4%)
(RDMA_READ_CONSUME_CHECK_CONSUMER) timestamp=744 ms, used_size=3420160 bytes (8.3%)
(RDMA_READ_CONSUME_CHECK_CONSUMER) timestamp=744 ms, used_size=3418112 bytes (8.3%)
(RDMA_READ_CONSUME_CHECK_CONSUMER) timestamp=744 ms, used_size=3416064 bytes (8.3%)
(RDMA_READ_CONSUME_CHECK_CONSUMER) timestamp=744 ms, used_size=3414016 bytes (8.3%)
(RDMA_READ_CONSUME_CHECK_CONSUMER) timestamp=744 ms, used_size=3411968 bytes (8.3%)
(RDMA_READ_CONSUME_CHECK_CONSUMER) timestamp=744 ms, used_size=3409920 bytes (8.3%)
(RDMA_READ_CONSUME_CHECK_CONSUMER) timestamp=744 ms, used_size=3407872 bytes (8.3%)
(RDMA_READ_CONSUME_CHECK_CONSUMER) timestamp=744 ms, used_size=3405824 bytes (8.3%)
(RDMA_READ_CONSUME_CHECK_CONSUMER) timestamp=744 ms, used_size=3403776 bytes (8.3%)
(RDMA_READ_CONSUME_CHECK_CONSUMER) timestamp=744 ms, used_size=3401728 bytes (8.3%)
(RDMA_READ_CONSUME_CHECK_CONSUMER) timestamp=744 ms, used_size=3399680 bytes (8.3%)
(RDMA_READ_CONSUME_CHECK_CONSUMER) timestamp=744 ms, used_size=3397632 bytes (8.3%)
(RDMA_READ_CONSUME_CHECK_CONSUMER) timestamp=744 ms, used_size=3395584 bytes (8.3%)
(RDMA_READ_CONSUME_CHECK_CONSUMER) timestamp=744 ms, used_size=3393536 bytes (8.3%)
(RDMA_READ_CONSUME_CHECK_CONSUMER) timestamp=744 ms, used_size=3391488 bytes (8.3%)
(RDMA_READ_CONSUME_CHECK_CONSUMER) timestamp=744 ms, used_size=3389440 bytes (8.3%)
(RDMA_READ_CONSUME_CHECK_CONSUMER) timestamp=744 ms, used_size=3387392 bytes (8.3%)
(RDMA_READ_CONSUME_CHECK_CONSUMER) timestamp=744 ms, used_size=3385344 bytes (8.3%)
(RDMA_READ_CONSUME_CHECK_CONSUMER) timestamp=744 ms, used_size=3383296 bytes (8.3%)
(RDMA_READ_CONSUME_CHECK_CONSUMER) timestamp=744 ms, used_size=3381248 bytes (8.3%)
(RDMA_READ_CONSUME_CHECK_CONSUMER) timestamp=744 ms, used_size=3379200 bytes (8.2%)
(RDMA_READ_CONSUME_CHECK_CONSUMER) timestamp=744 ms, used_size=3377152 bytes (8.2%)
(RDMA_READ_CONSUME_CHECK_CONSUMER) timestamp=744 ms, used_size=3375104 bytes (8.2%)
(RDMA_READ_CONSUME_CHECK_CONSUMER) timestamp=744 ms, used_size=3373056 bytes (8.2%)
(RDMA_READ_CONSUME_CHECK_CONSUMER) timestamp=744 ms, used_size=3371008 bytes (8.2%)
(RDMA_READ_CONSUME_CHECK_CONSUMER) timestamp=744 ms, used_size=3368960 bytes (8.2%)
(RDMA_READ_CONSUME_CHECK_CONSUMER) timestamp=744 ms, used_size=3366912 bytes (8.2%)
(RDMA_READ_CONSUME_CHECK_CONSUMER) timestamp=744 ms, used_size=3364864 bytes (8.2%)
(RDMA_READ_CONSUME_CHECK_CONSUMER) timestamp=744 ms, used_size=3362816 bytes (8.2%)
(RDMA_READ_CONSUME_CHECK_CONSUMER) timestamp=744 ms, used_size=3360768 bytes (8.2%)
(RDMA_READ_CONSUME_CHECK_CONSUMER) timestamp=744 ms, used_size=3358720 bytes (8.2%)
(RDMA_READ_CONSUME_CHECK_CONSUMER) timestamp=744 ms, used_size=3356672 bytes (8.2%)
(RDMA_READ_CONSUME_CHECK_CONSUMER) timestamp=744 ms, used_size=3354624 bytes (8.2%)
(RDMA_READ_CONSUME_CHECK_CONSUMER) timestamp=744 ms, used_size=3352576 bytes (8.2%)
(RDMA_READ_CONSUME_CHECK_CONSUMER) timestamp=744 ms, used_size=3350528 bytes (8.2%)
(RDMA_READ_CONSUME_CHECK_CONSUMER) timestamp=744 ms, used_size=3348480 bytes (8.2%)
(RDMA_READ_CONSUME_CHECK_CONSUMER) timestamp=744 ms, used_size=3346432 bytes (8.2%)
(RDMA_READ_CONSUME_CHECK_CONSUMER) timestamp=744 ms, used_size=3344384 bytes (8.2%)
(RDMA_READ_CONSUME_CHECK_CONSUMER) timestamp=744 ms, used_size=3342336 bytes (8.2%)
(RDMA_READ_CONSUME_CHECK_CONSUMER) timestamp=745 ms, used_size=3340288 bytes (8.2%)
(RDMA_READ_CONSUME_CHECK_CONSUMER) timestamp=745 ms, used_size=3338240 bytes (8.2%)
(RDMA_READ_CONSUME_CHECK_CONSUMER) timestamp=745 ms, used_size=3336192 bytes (8.1%)
(RDMA_READ_CONSUME_CHECK_CONSUMER) timestamp=745 ms, used_size=3334144 bytes (8.1%)
(RDMA_READ_CONSUME_CHECK_CONSUMER) timestamp=745 ms, used_size=3332096 bytes (8.1%)
(RDMA_READ_CONSUME_CHECK_CONSUMER) timestamp=745 ms, used_size=3330048 bytes (8.1%)
(RDMA_READ_CONSUME_CHECK_CONSUMER) timestamp=745 ms, used_size=3328000 bytes (8.1%)
(RDMA_READ_CONSUME_CHECK_CONSUMER) timestamp=745 ms, used_size=3325952 bytes (8.1%)
(RDMA_READ_CONSUME_CHECK_CONSUMER) timestamp=745 ms, used_size=3323904 bytes (8.1%)
(RDMA_READ_CONSUME_CHECK_CONSUMER) timestamp=745 ms, used_size=3321856 bytes (8.1%)
(RDMA_READ_CONSUME_CHECK_CONSUMER) timestamp=745 ms, used_size=3319808 bytes (8.1%)
(RDMA_READ_CONSUME_CHECK_CONSUMER) timestamp=745 ms, used_size=3317760 bytes (8.1%)
(RDMA_READ_CONSUME_CHECK_CONSUMER) timestamp=745 ms, used_size=3315712 bytes (8.1%)
(RDMA_READ_CONSUME_CHECK_CONSUMER) timestamp=745 ms, used_size=3313664 bytes (8.1%)
(RDMA_READ_CONSUME_CHECK_CONSUMER) timestamp=745 ms, used_size=3311616 bytes (8.1%)
(RDMA_READ_CONSUME_CHECK_CONSUMER) timestamp=745 ms, used_size=3309568 bytes (8.1%)
(RDMA_READ_CONSUME_CHECK_CONSUMER) timestamp=745 ms, used_size=3307520 bytes (8.1%)
(RDMA_READ_CONSUME_CHECK_CONSUMER) timestamp=745 ms, used_size=3305472 bytes (8.1%)
(RDMA_READ_CONSUME_CHECK_CONSUMER) timestamp=745 ms, used_size=3303424 bytes (8.1%)
(RDMA_READ_CONSUME_CHECK_CONSUMER) timestamp=745 ms, used_size=3301376 bytes (8.1%)
(RDMA_READ_CONSUME_CHECK_CONSUMER) timestamp=745 ms, used_size=3299328 bytes (8.1%)
(RDMA_READ_CONSUME_CHECK_CONSUMER) timestamp=745 ms, used_size=3297280 bytes (8.1%)
(RDMA_READ_CONSUME_CHECK_CONSUMER) timestamp=745 ms, used_size=3295232 bytes (8.0%)
(RDMA_READ_CONSUME_CHECK_CONSUMER) timestamp=745 ms, used_size=3293184 bytes (8.0%)
(RDMA_READ_CONSUME_CHECK_CONSUMER) timestamp=745 ms, used_size=3291136 bytes (8.0%)
(RDMA_READ_CONSUME_CHECK_CONSUMER) timestamp=745 ms, used_size=3289088 bytes (8.0%)
(RDMA_READ_CONSUME_CHECK_CONSUMER) timestamp=745 ms, used_size=3287040 bytes (8.0%)
(RDMA_READ_CONSUME_CHECK_CONSUMER) timestamp=745 ms, used_size=3284992 bytes (8.0%)
(RDMA_READ_CONSUME_CHECK_CONSUMER) timestamp=745 ms, used_size=3282944 bytes (8.0%)
(RDMA_READ_CONSUME_CHECK_CONSUMER) timestamp=745 ms, used_size=3280896 bytes (8.0%)
(RDMA_READ_CONSUME_CHECK_CONSUMER) timestamp=745 ms, used_size=3278848 bytes (8.0%)
(RDMA_READ_CONSUME_CHECK_CONSUMER) timestamp=745 ms, used_size=3276800 bytes (8.0%)
(RDMA_READ_CONSUME_CHECK_CONSUMER) timestamp=745 ms, used_size=3274752 bytes (8.0%)
(RDMA_READ_CONSUME_CHECK_CONSUMER) timestamp=745 ms, used_size=3272704 bytes (8.0%)
(RDMA_READ_CONSUME_CHECK_CONSUMER) timestamp=745 ms, used_size=3270656 bytes (8.0%)
(RDMA_READ_CONSUME_CHECK_CONSUMER) timestamp=745 ms, used_size=3268608 bytes (8.0%)
(RDMA_READ_CONSUME_CHECK_CONSUMER) timestamp=745 ms, used_size=3266560 bytes (8.0%)
(RDMA_READ_CONSUME_CHECK_CONSUMER) timestamp=745 ms, used_size=3264512 bytes (8.0%)
(RDMA_READ_CONSUME_CHECK_CONSUMER) timestamp=745 ms, used_size=3262464 bytes (8.0%)
(RDMA_READ_CONSUME_CHECK_CONSUMER) timestamp=745 ms, used_size=3260416 bytes (8.0%)
(RDMA_READ_CONSUME_CHECK_CONSUMER) timestamp=745 ms, used_size=3258368 bytes (8.0%)
(RDMA_READ_CONSUME_CHECK_CONSUMER) timestamp=745 ms, used_size=3256320 bytes (8.0%)
(RDMA_READ_CONSUME_CHECK_CONSUMER) timestamp=745 ms, used_size=3254272 bytes (7.9%)
(RDMA_READ_CONSUME_CHECK_CONSUMER) timestamp=745 ms, used_size=3252224 bytes (7.9%)
(RDMA_READ_CONSUME_CHECK_CONSUMER) timestamp=745 ms, used_size=3250176 bytes (7.9%)
(RDMA_READ_CONSUME_CHECK_CONSUMER) timestamp=745 ms, used_size=3248128 bytes (7.9%)
(RDMA_READ_CONSUME_CHECK_CONSUMER) timestamp=745 ms, used_size=3246080 bytes (7.9%)
(RDMA_READ_CONSUME_CHECK_CONSUMER) timestamp=745 ms, used_size=3244032 bytes (7.9%)
(RDMA_READ_CONSUME_CHECK_CONSUMER) timestamp=745 ms, used_size=3241984 bytes (7.9%)
(RDMA_READ_CONSUME_CHECK_CONSUMER) timestamp=745 ms, used_size=3239936 bytes (7.9%)
(RDMA_READ_CONSUME_CHECK_CONSUMER) timestamp=745 ms, used_size=3237888 bytes (7.9%)
(RDMA_READ_CONSUME_CHECK_CONSUMER) timestamp=745 ms, used_size=3235840 bytes (7.9%)
(RDMA_READ_CONSUME_CHECK_CONSUMER) timestamp=745 ms, used_size=3233792 bytes (7.9%)
(RDMA_READ_CONSUME_CHECK_CONSUMER) timestamp=745 ms, used_size=3231744 bytes (7.9%)
(RDMA_READ_CONSUME_CHECK_CONSUMER) timestamp=745 ms, used_size=3229696 bytes (7.9%)
(RDMA_READ_CONSUME_CHECK_CONSUMER) timestamp=745 ms, used_size=3227648 bytes (7.9%)
(RDMA_READ_CONSUME_CHECK_CONSUMER) timestamp=745 ms, used_size=3225600 bytes (7.9%)
(RDMA_READ_CONSUME_CHECK_CONSUMER) timestamp=745 ms, used_size=3223552 bytes (7.9%)
(RDMA_READ_CONSUME_CHECK_CONSUMER) timestamp=745 ms, used_size=3221504 bytes (7.9%)
(RDMA_READ_CONSUME_CHECK_CONSUMER) timestamp=745 ms, used_size=3219456 bytes (7.9%)
(RDMA_READ_CONSUME_CHECK_CONSUMER) timestamp=745 ms, used_size=3217408 bytes (7.9%)
(RDMA_READ_CONSUME_CHECK_CONSUMER) timestamp=745 ms, used_size=3215360 bytes (7.8%)
(RDMA_READ_CONSUME_CHECK_CONSUMER) timestamp=745 ms, used_size=3213312 bytes (7.8%)
(RDMA_READ_CONSUME_CHECK_CONSUMER) timestamp=745 ms, used_size=3211264 bytes (7.8%)
(RDMA_READ_CONSUME_CHECK_CONSUMER) timestamp=745 ms, used_size=3209216 bytes (7.8%)
(RDMA_READ_CONSUME_CHECK_CONSUMER) timestamp=745 ms, used_size=3207168 bytes (7.8%)
(RDMA_READ_CONSUME_CHECK_CONSUMER) timestamp=745 ms, used_size=3205120 bytes (7.8%)
(RDMA_READ_CONSUME_CHECK_CONSUMER) timestamp=745 ms, used_size=3203072 bytes (7.8%)
(RDMA_READ_CONSUME_CHECK_CONSUMER) timestamp=745 ms, used_size=3201024 bytes (7.8%)
(RDMA_READ_CONSUME_CHECK_CONSUMER) timestamp=745 ms, used_size=3198976 bytes (7.8%)
(RDMA_READ_CONSUME_CHECK_CONSUMER) timestamp=745 ms, used_size=3196928 bytes (7.8%)
(RDMA_READ_CONSUME_CHECK_CONSUMER) timestamp=745 ms, used_size=3194880 bytes (7.8%)
(RDMA_READ_CONSUME_CHECK_CONSUMER) timestamp=745 ms, used_size=3192832 bytes (7.8%)
(RDMA_READ_CONSUME_CHECK_CONSUMER) timestamp=745 ms, used_size=3190784 bytes (7.8%)
(RDMA_READ_CONSUME_CHECK_CONSUMER) timestamp=745 ms, used_size=3188736 bytes (7.8%)
(RDMA_READ_CONSUME_CHECK_CONSUMER) timestamp=745 ms, used_size=3186688 bytes (7.8%)
(RDMA_READ_CONSUME_CHECK_CONSUMER) timestamp=745 ms, used_size=3184640 bytes (7.8%)
(RDMA_READ_CONSUME_CHECK_CONSUMER) timestamp=745 ms, used_size=3182592 bytes (7.8%)
(RDMA_READ_CONSUME_CHECK_CONSUMER) timestamp=745 ms, used_size=3180544 bytes (7.8%)
(RDMA_READ_CONSUME_CHECK_CONSUMER) timestamp=745 ms, used_size=3178496 bytes (7.8%)
(RDMA_READ_CONSUME_CHECK_CONSUMER) timestamp=745 ms, used_size=3176448 bytes (7.8%)
(RDMA_READ_CONSUME_CHECK_CONSUMER) timestamp=745 ms, used_size=3174400 bytes (7.8%)
(RDMA_READ_CONSUME_CHECK_CONSUMER) timestamp=745 ms, used_size=3172352 bytes (7.7%)
(RDMA_READ_CONSUME_CHECK_CONSUMER) timestamp=745 ms, used_size=3170304 bytes (7.7%)
(RDMA_READ_CONSUME_CHECK_CONSUMER) timestamp=745 ms, used_size=3168256 bytes (7.7%)
(RDMA_READ_CONSUME_CHECK_CONSUMER) timestamp=745 ms, used_size=3166208 bytes (7.7%)
(RDMA_READ_CONSUME_CHECK_CONSUMER) timestamp=745 ms, used_size=3164160 bytes (7.7%)
(RDMA_READ_CONSUME_CHECK_CONSUMER) timestamp=745 ms, used_size=3162112 bytes (7.7%)
(RDMA_READ_CONSUME_CHECK_CONSUMER) timestamp=745 ms, used_size=3160064 bytes (7.7%)
(RDMA_READ_CONSUME_CHECK_CONSUMER) timestamp=745 ms, used_size=3158016 bytes (7.7%)
(RDMA_READ_CONSUME_CHECK_CONSUMER) timestamp=745 ms, used_size=3155968 bytes (7.7%)
(RDMA_READ_CONSUME_CHECK_CONSUMER) timestamp=745 ms, used_size=3153920 bytes (7.7%)
(RDMA_READ_CONSUME_CHECK_CONSUMER) timestamp=745 ms, used_size=3151872 bytes (7.7%)
(RDMA_READ_CONSUME_CHECK_CONSUMER) timestamp=745 ms, used_size=3149824 bytes (7.7%)
(RDMA_READ_CONSUME_CHECK_CONSUMER) timestamp=745 ms, used_size=3147776 bytes (7.7%)
(RDMA_READ_CONSUME_CHECK_CONSUMER) timestamp=745 ms, used_size=3145728 bytes (7.7%)
(RDMA_READ_CONSUME_CHECK_CONSUMER) timestamp=745 ms, used_size=3143680 bytes (7.7%)
(RDMA_READ_CONSUME_CHECK_CONSUMER) timestamp=745 ms, used_size=3141632 bytes (7.7%)
(RDMA_READ_CONSUME_CHECK_CONSUMER) timestamp=745 ms, used_size=3139584 bytes (7.7%)
(RDMA_READ_CONSUME_CHECK_CONSUMER) timestamp=745 ms, used_size=3137536 bytes (7.7%)
(RDMA_READ_CONSUME_CHECK_CONSUMER) timestamp=745 ms, used_size=3135488 bytes (7.7%)
(RDMA_READ_CONSUME_CHECK_CONSUMER) timestamp=745 ms, used_size=3133440 bytes (7.7%)
(RDMA_READ_CONSUME_CHECK_CONSUMER) timestamp=745 ms, used_size=3131392 bytes (7.6%)
(RDMA_READ_CONSUME_CHECK_CONSUMER) timestamp=745 ms, used_size=3129344 bytes (7.6%)
(RDMA_READ_CONSUME_CHECK_CONSUMER) timestamp=745 ms, used_size=3127296 bytes (7.6%)
(RDMA_READ_CONSUME_CHECK_CONSUMER) timestamp=745 ms, used_size=3125248 bytes (7.6%)
(RDMA_READ_CONSUME_CHECK_CONSUMER) timestamp=745 ms, used_size=3123200 bytes (7.6%)
(RDMA_READ_CONSUME_CHECK_CONSUMER) timestamp=745 ms, used_size=3121152 bytes (7.6%)
(RDMA_READ_CONSUME_CHECK_CONSUMER) timestamp=745 ms, used_size=3119104 bytes (7.6%)
(RDMA_READ_CONSUME_CHECK_CONSUMER) timestamp=745 ms, used_size=3117056 bytes (7.6%)
(RDMA_READ_CONSUME_CHECK_CONSUMER) timestamp=745 ms, used_size=3115008 bytes (7.6%)
(RDMA_READ_CONSUME_CHECK_CONSUMER) timestamp=745 ms, used_size=3112960 bytes (7.6%)
(RDMA_READ_CONSUME_CHECK_CONSUMER) timestamp=745 ms, used_size=3110912 bytes (7.6%)
(RDMA_READ_CONSUME_CHECK_CONSUMER) timestamp=745 ms, used_size=3108864 bytes (7.6%)
(RDMA_READ_CONSUME_CHECK_CONSUMER) timestamp=745 ms, used_size=3106816 bytes (7.6%)
(RDMA_READ_CONSUME_CHECK_CONSUMER) timestamp=745 ms, used_size=3104768 bytes (7.6%)
(RDMA_READ_CONSUME_CHECK_CONSUMER) timestamp=745 ms, used_size=3102720 bytes (7.6%)
(RDMA_READ_CONSUME_CHECK_CONSUMER) timestamp=745 ms, used_size=3100672 bytes (7.6%)
(RDMA_READ_CONSUME_CHECK_CONSUMER) timestamp=745 ms, used_size=3098624 bytes (7.6%)
(RDMA_READ_CONSUME_CHECK_CONSUMER) timestamp=745 ms, used_size=3096576 bytes (7.6%)
(RDMA_READ_CONSUME_CHECK_CONSUMER) timestamp=745 ms, used_size=3094528 bytes (7.6%)
(RDMA_READ_CONSUME_CHECK_CONSUMER) timestamp=745 ms, used_size=3092480 bytes (7.5%)
(RDMA_READ_CONSUME_CHECK_CONSUMER) timestamp=745 ms, used_size=3090432 bytes (7.5%)
(RDMA_READ_CONSUME_CHECK_CONSUMER) timestamp=745 ms, used_size=3088384 bytes (7.5%)
(RDMA_READ_CONSUME_CHECK_CONSUMER) timestamp=745 ms, used_size=3086336 bytes (7.5%)
(RDMA_READ_CONSUME_CHECK_CONSUMER) timestamp=745 ms, used_size=3084288 bytes (7.5%)
(RDMA_READ_CONSUME_CHECK_CONSUMER) timestamp=745 ms, used_size=3082240 bytes (7.5%)
(RDMA_READ_CONSUME_CHECK_CONSUMER) timestamp=745 ms, used_size=3080192 bytes (7.5%)
(RDMA_READ_CONSUME_CHECK_CONSUMER) timestamp=745 ms, used_size=3078144 bytes (7.5%)
(RDMA_READ_CONSUME_CHECK_CONSUMER) timestamp=745 ms, used_size=3076096 bytes (7.5%)
(RDMA_READ_CONSUME_CHECK_CONSUMER) timestamp=745 ms, used_size=3074048 bytes (7.5%)
(RDMA_READ_CONSUME_CHECK_CONSUMER) timestamp=745 ms, used_size=3072000 bytes (7.5%)
(RDMA_READ_CONSUME_CHECK_CONSUMER) timestamp=745 ms, used_size=3069952 bytes (7.5%)
(RDMA_READ_CONSUME_CHECK_CONSUMER) timestamp=745 ms, used_size=3067904 bytes (7.5%)
(RDMA_READ_CONSUME_CHECK_CONSUMER) timestamp=745 ms, used_size=3065856 bytes (7.5%)
(RDMA_READ_CONSUME_CHECK_CONSUMER) timestamp=745 ms, used_size=3063808 bytes (7.5%)
(RDMA_READ_CONSUME_CHECK_CONSUMER) timestamp=745 ms, used_size=3061760 bytes (7.5%)
(RDMA_READ_CONSUME_CHECK_CONSUMER) timestamp=745 ms, used_size=3059712 bytes (7.5%)
(RDMA_READ_CONSUME_CHECK_CONSUMER) timestamp=745 ms, used_size=3057664 bytes (7.5%)
(RDMA_READ_CONSUME_CHECK_CONSUMER) timestamp=745 ms, used_size=3055616 bytes (7.5%)
(RDMA_READ_CONSUME_CHECK_CONSUMER) timestamp=745 ms, used_size=3053568 bytes (7.5%)
(RDMA_READ_CONSUME_CHECK_CONSUMER) timestamp=745 ms, used_size=3051520 bytes (7.5%)
(RDMA_READ_CONSUME_CHECK_CONSUMER) timestamp=745 ms, used_size=3049472 bytes (7.4%)
(RDMA_READ_CONSUME_CHECK_CONSUMER) timestamp=745 ms, used_size=3047424 bytes (7.4%)
(RDMA_READ_CONSUME_CHECK_CONSUMER) timestamp=745 ms, used_size=3045376 bytes (7.4%)
(RDMA_READ_CONSUME_CHECK_CONSUMER) timestamp=745 ms, used_size=3043328 bytes (7.4%)
(RDMA_READ_CONSUME_CHECK_CONSUMER) timestamp=745 ms, used_size=3041280 bytes (7.4%)
(RDMA_READ_CONSUME_CHECK_CONSUMER) timestamp=745 ms, used_size=3039232 bytes (7.4%)
(RDMA_READ_CONSUME_CHECK_CONSUMER) timestamp=745 ms, used_size=3037184 bytes (7.4%)
(RDMA_READ_CONSUME_CHECK_CONSUMER) timestamp=745 ms, used_size=3035136 bytes (7.4%)
(RDMA_READ_CONSUME_CHECK_CONSUMER) timestamp=745 ms, used_size=3033088 bytes (7.4%)
(RDMA_READ_CONSUME_CHECK_CONSUMER) timestamp=745 ms, used_size=3031040 bytes (7.4%)
(RDMA_READ_CONSUME_CHECK_CONSUMER) timestamp=745 ms, used_size=3028992 bytes (7.4%)
(RDMA_READ_CONSUME_CHECK_CONSUMER) timestamp=745 ms, used_size=3026944 bytes (7.4%)
(RDMA_READ_CONSUME_CHECK_CONSUMER) timestamp=745 ms, used_size=3024896 bytes (7.4%)
(RDMA_READ_CONSUME_CHECK_CONSUMER) timestamp=745 ms, used_size=3022848 bytes (7.4%)
(RDMA_READ_CONSUME_CHECK_CONSUMER) timestamp=745 ms, used_size=3020800 bytes (7.4%)
(RDMA_READ_CONSUME_CHECK_CONSUMER) timestamp=745 ms, used_size=3018752 bytes (7.4%)
(RDMA_READ_CONSUME_CHECK_CONSUMER) timestamp=745 ms, used_size=3016704 bytes (7.4%)
(RDMA_READ_CONSUME_CHECK_CONSUMER) timestamp=745 ms, used_size=3014656 bytes (7.4%)
(RDMA_READ_CONSUME_CHECK_CONSUMER) timestamp=745 ms, used_size=3012608 bytes (7.4%)
(RDMA_READ_CONSUME_CHECK_CONSUMER) timestamp=745 ms, used_size=3010560 bytes (7.3%)
(RDMA_READ_CONSUME_CHECK_CONSUMER) timestamp=745 ms, used_size=3008512 bytes (7.3%)
(RDMA_READ_CONSUME_CHECK_CONSUMER) timestamp=745 ms, used_size=3006464 bytes (7.3%)
(RDMA_READ_CONSUME_CHECK_CONSUMER) timestamp=745 ms, used_size=3004416 bytes (7.3%)
(RDMA_READ_CONSUME_CHECK_CONSUMER) timestamp=745 ms, used_size=3002368 bytes (7.3%)
(RDMA_READ_CONSUME_CHECK_CONSUMER) timestamp=745 ms, used_size=3000320 bytes (7.3%)
(RDMA_READ_CONSUME_CHECK_CONSUMER) timestamp=745 ms, used_size=2998272 bytes (7.3%)
(RDMA_READ_CONSUME_CHECK_CONSUMER) timestamp=745 ms, used_size=2996224 bytes (7.3%)
(RDMA_READ_CONSUME_CHECK_CONSUMER) timestamp=745 ms, used_size=2994176 bytes (7.3%)
(RDMA_READ_CONSUME_CHECK_CONSUMER) timestamp=745 ms, used_size=2992128 bytes (7.3%)
(RDMA_READ_CONSUME_CHECK_CONSUMER) timestamp=745 ms, used_size=2990080 bytes (7.3%)
(RDMA_READ_CONSUME_CHECK_CONSUMER) timestamp=745 ms, used_size=2988032 bytes (7.3%)
(RDMA_READ_CONSUME_CHECK_CONSUMER) timestamp=745 ms, used_size=2985984 bytes (7.3%)
(RDMA_READ_CONSUME_CHECK_CONSUMER) timestamp=745 ms, used_size=2983936 bytes (7.3%)
(RDMA_READ_CONSUME_CHECK_CONSUMER) timestamp=745 ms, used_size=2981888 bytes (7.3%)
(RDMA_READ_CONSUME_CHECK_CONSUMER) timestamp=745 ms, used_size=2979840 bytes (7.3%)
(RDMA_READ_CONSUME_CHECK_CONSUMER) timestamp=745 ms, used_size=2977792 bytes (7.3%)
(RDMA_READ_CONSUME_CHECK_CONSUMER) timestamp=745 ms, used_size=2975744 bytes (7.3%)
(RDMA_READ_CONSUME_CHECK_CONSUMER) timestamp=745 ms, used_size=2973696 bytes (7.3%)
(RDMA_READ_CONSUME_CHECK_CONSUMER) timestamp=745 ms, used_size=2971648 bytes (7.3%)
(RDMA_READ_CONSUME_CHECK_CONSUMER) timestamp=745 ms, used_size=2969600 bytes (7.2%)
(RDMA_READ_CONSUME_CHECK_CONSUMER) timestamp=745 ms, used_size=2967552 bytes (7.2%)
(RDMA_READ_CONSUME_CHECK_CONSUMER) timestamp=745 ms, used_size=2965504 bytes (7.2%)
(RDMA_READ_CONSUME_CHECK_CONSUMER) timestamp=746 ms, used_size=2963456 bytes (7.2%)
(RDMA_READ_CONSUME_CHECK_CONSUMER) timestamp=746 ms, used_size=2961408 bytes (7.2%)
(RDMA_READ_CONSUME_CHECK_CONSUMER) timestamp=746 ms, used_size=2959360 bytes (7.2%)
(RDMA_READ_CONSUME_CHECK_CONSUMER) timestamp=746 ms, used_size=2957312 bytes (7.2%)
(RDMA_READ_CONSUME_CHECK_CONSUMER) timestamp=746 ms, used_size=2955264 bytes (7.2%)
(RDMA_READ_CONSUME_CHECK_CONSUMER) timestamp=746 ms, used_size=2953216 bytes (7.2%)
(RDMA_READ_CONSUME_CHECK_CONSUMER) timestamp=746 ms, used_size=2951168 bytes (7.2%)
(RDMA_READ_CONSUME_CHECK_CONSUMER) timestamp=746 ms, used_size=2949120 bytes (7.2%)
(RDMA_READ_CONSUME_CHECK_CONSUMER) timestamp=746 ms, used_size=2947072 bytes (7.2%)
(RDMA_READ_CONSUME_CHECK_CONSUMER) timestamp=746 ms, used_size=2945024 bytes (7.2%)
(RDMA_READ_CONSUME_CHECK_CONSUMER) timestamp=746 ms, used_size=2942976 bytes (7.2%)
(RDMA_READ_CONSUME_CHECK_CONSUMER) timestamp=746 ms, used_size=2940928 bytes (7.2%)
(RDMA_READ_CONSUME_CHECK_CONSUMER) timestamp=746 ms, used_size=2938880 bytes (7.2%)
(RDMA_READ_CONSUME_CHECK_CONSUMER) timestamp=746 ms, used_size=2936832 bytes (7.2%)
(RDMA_READ_CONSUME_CHECK_CONSUMER) timestamp=746 ms, used_size=2934784 bytes (7.2%)
(RDMA_READ_CONSUME_CHECK_CONSUMER) timestamp=746 ms, used_size=2932736 bytes (7.2%)
(RDMA_READ_CONSUME_CHECK_CONSUMER) timestamp=746 ms, used_size=2930688 bytes (7.2%)
(RDMA_READ_CONSUME_CHECK_CONSUMER) timestamp=746 ms, used_size=2928640 bytes (7.2%)
(RDMA_READ_CONSUME_CHECK_CONSUMER) timestamp=746 ms, used_size=2926592 bytes (7.1%)
(RDMA_READ_CONSUME_CHECK_CONSUMER) timestamp=746 ms, used_size=2924544 bytes (7.1%)
(RDMA_READ_CONSUME_CHECK_CONSUMER) timestamp=746 ms, used_size=2922496 bytes (7.1%)
(RDMA_READ_CONSUME_CHECK_CONSUMER) timestamp=746 ms, used_size=2920448 bytes (7.1%)
(RDMA_READ_CONSUME_CHECK_CONSUMER) timestamp=746 ms, used_size=2918400 bytes (7.1%)
(RDMA_READ_CONSUME_CHECK_CONSUMER) timestamp=746 ms, used_size=2916352 bytes (7.1%)
(RDMA_READ_CONSUME_CHECK_CONSUMER) timestamp=746 ms, used_size=2914304 bytes (7.1%)
(RDMA_READ_CONSUME_CHECK_CONSUMER) timestamp=746 ms, used_size=2912256 bytes (7.1%)
(RDMA_READ_CONSUME_CHECK_CONSUMER) timestamp=746 ms, used_size=2910208 bytes (7.1%)
(RDMA_READ_CONSUME_CHECK_CONSUMER) timestamp=746 ms, used_size=2908160 bytes (7.1%)
(RDMA_READ_CONSUME_CHECK_CONSUMER) timestamp=746 ms, used_size=2906112 bytes (7.1%)
(RDMA_READ_CONSUME_CHECK_CONSUMER) timestamp=746 ms, used_size=2904064 bytes (7.1%)
(RDMA_READ_CONSUME_CHECK_CONSUMER) timestamp=746 ms, used_size=2902016 bytes (7.1%)
(RDMA_READ_CONSUME_CHECK_CONSUMER) timestamp=746 ms, used_size=2899968 bytes (7.1%)
(RDMA_READ_CONSUME_CHECK_CONSUMER) timestamp=746 ms, used_size=2897920 bytes (7.1%)
(RDMA_READ_CONSUME_CHECK_CONSUMER) timestamp=746 ms, used_size=2895872 bytes (7.1%)
(RDMA_READ_CONSUME_CHECK_CONSUMER) timestamp=746 ms, used_size=2893824 bytes (7.1%)
(RDMA_READ_CONSUME_CHECK_CONSUMER) timestamp=746 ms, used_size=2891776 bytes (7.1%)
(RDMA_READ_CONSUME_CHECK_CONSUMER) timestamp=746 ms, used_size=2889728 bytes (7.1%)
(RDMA_READ_CONSUME_CHECK_CONSUMER) timestamp=746 ms, used_size=2887680 bytes (7.0%)
(RDMA_READ_CONSUME_CHECK_CONSUMER) timestamp=746 ms, used_size=2885632 bytes (7.0%)
(RDMA_READ_CONSUME_CHECK_CONSUMER) timestamp=746 ms, used_size=2883584 bytes (7.0%)
(RDMA_READ_CONSUME_CHECK_CONSUMER) timestamp=746 ms, used_size=2881536 bytes (7.0%)
(RDMA_READ_CONSUME_CHECK_CONSUMER) timestamp=746 ms, used_size=2879488 bytes (7.0%)
(RDMA_READ_CONSUME_CHECK_CONSUMER) timestamp=746 ms, used_size=2877440 bytes (7.0%)
(RDMA_READ_CONSUME_CHECK_CONSUMER) timestamp=746 ms, used_size=2875392 bytes (7.0%)
(RDMA_READ_CONSUME_CHECK_CONSUMER) timestamp=746 ms, used_size=2873344 bytes (7.0%)
(RDMA_READ_CONSUME_CHECK_CONSUMER) timestamp=746 ms, used_size=2871296 bytes (7.0%)
(RDMA_READ_CONSUME_CHECK_CONSUMER) timestamp=746 ms, used_size=2869248 bytes (7.0%)
(RDMA_READ_CONSUME_CHECK_CONSUMER) timestamp=746 ms, used_size=2867200 bytes (7.0%)
(RDMA_READ_CONSUME_CHECK_CONSUMER) timestamp=746 ms, used_size=2865152 bytes (7.0%)
(RDMA_READ_CONSUME_CHECK_CONSUMER) timestamp=746 ms, used_size=2863104 bytes (7.0%)
(RDMA_READ_CONSUME_CHECK_CONSUMER) timestamp=746 ms, used_size=2861056 bytes (7.0%)
(RDMA_READ_CONSUME_CHECK_CONSUMER) timestamp=746 ms, used_size=2859008 bytes (7.0%)
(RDMA_READ_CONSUME_CHECK_CONSUMER) timestamp=746 ms, used_size=2856960 bytes (7.0%)
(RDMA_READ_CONSUME_CHECK_CONSUMER) timestamp=746 ms, used_size=2854912 bytes (7.0%)
(RDMA_READ_CONSUME_CHECK_CONSUMER) timestamp=746 ms, used_size=2852864 bytes (7.0%)
(RDMA_READ_CONSUME_CHECK_CONSUMER) timestamp=746 ms, used_size=2850816 bytes (7.0%)
(RDMA_READ_CONSUME_CHECK_CONSUMER) timestamp=746 ms, used_size=2848768 bytes (7.0%)
(RDMA_READ_CONSUME_CHECK_CONSUMER) timestamp=746 ms, used_size=2846720 bytes (7.0%)
(RDMA_READ_CONSUME_CHECK_CONSUMER) timestamp=746 ms, used_size=2844672 bytes (6.9%)
(RDMA_READ_CONSUME_CHECK_CONSUMER) timestamp=746 ms, used_size=2842624 bytes (6.9%)
(RDMA_READ_CONSUME_CHECK_CONSUMER) timestamp=746 ms, used_size=2840576 bytes (6.9%)
(RDMA_READ_CONSUME_CHECK_CONSUMER) timestamp=746 ms, used_size=2838528 bytes (6.9%)
(RDMA_READ_CONSUME_CHECK_CONSUMER) timestamp=746 ms, used_size=2836480 bytes (6.9%)
(RDMA_READ_CONSUME_CHECK_CONSUMER) timestamp=746 ms, used_size=2834432 bytes (6.9%)
(RDMA_READ_CONSUME_CHECK_CONSUMER) timestamp=746 ms, used_size=2832384 bytes (6.9%)
(RDMA_READ_CONSUME_CHECK_CONSUMER) timestamp=746 ms, used_size=2830336 bytes (6.9%)
(RDMA_READ_CONSUME_CHECK_CONSUMER) timestamp=746 ms, used_size=2828288 bytes (6.9%)
(RDMA_READ_CONSUME_CHECK_CONSUMER) timestamp=746 ms, used_size=2826240 bytes (6.9%)
(RDMA_READ_CONSUME_CHECK_CONSUMER) timestamp=746 ms, used_size=2824192 bytes (6.9%)
(RDMA_READ_CONSUME_CHECK_CONSUMER) timestamp=746 ms, used_size=2822144 bytes (6.9%)
(RDMA_READ_CONSUME_CHECK_CONSUMER) timestamp=746 ms, used_size=2820096 bytes (6.9%)
(RDMA_READ_CONSUME_CHECK_CONSUMER) timestamp=746 ms, used_size=2818048 bytes (6.9%)
(RDMA_READ_CONSUME_CHECK_CONSUMER) timestamp=746 ms, used_size=2816000 bytes (6.9%)
(RDMA_READ_CONSUME_CHECK_CONSUMER) timestamp=746 ms, used_size=2813952 bytes (6.9%)
(RDMA_READ_CONSUME_CHECK_CONSUMER) timestamp=746 ms, used_size=2811904 bytes (6.9%)
(RDMA_READ_CONSUME_CHECK_CONSUMER) timestamp=746 ms, used_size=2809856 bytes (6.9%)
(RDMA_READ_CONSUME_CHECK_CONSUMER) timestamp=746 ms, used_size=2807808 bytes (6.9%)
(RDMA_READ_CONSUME_CHECK_CONSUMER) timestamp=746 ms, used_size=2805760 bytes (6.8%)
(RDMA_READ_CONSUME_CHECK_CONSUMER) timestamp=746 ms, used_size=2803712 bytes (6.8%)
(RDMA_READ_CONSUME_CHECK_CONSUMER) timestamp=746 ms, used_size=2801664 bytes (6.8%)
(RDMA_READ_CONSUME_CHECK_CONSUMER) timestamp=746 ms, used_size=2799616 bytes (6.8%)
(RDMA_READ_CONSUME_CHECK_CONSUMER) timestamp=746 ms, used_size=2797568 bytes (6.8%)
(RDMA_READ_CONSUME_CHECK_CONSUMER) timestamp=746 ms, used_size=2795520 bytes (6.8%)
(RDMA_READ_CONSUME_CHECK_CONSUMER) timestamp=746 ms, used_size=2793472 bytes (6.8%)
(RDMA_READ_CONSUME_CHECK_CONSUMER) timestamp=746 ms, used_size=2791424 bytes (6.8%)
(RDMA_READ_CONSUME_CHECK_CONSUMER) timestamp=746 ms, used_size=2789376 bytes (6.8%)
(RDMA_READ_CONSUME_CHECK_CONSUMER) timestamp=746 ms, used_size=2787328 bytes (6.8%)
(RDMA_READ_CONSUME_CHECK_CONSUMER) timestamp=746 ms, used_size=2785280 bytes (6.8%)
(RDMA_READ_CONSUME_CHECK_CONSUMER) timestamp=746 ms, used_size=2783232 bytes (6.8%)
(RDMA_READ_CONSUME_CHECK_CONSUMER) timestamp=746 ms, used_size=2781184 bytes (6.8%)
(RDMA_READ_CONSUME_CHECK_CONSUMER) timestamp=746 ms, used_size=2779136 bytes (6.8%)
(RDMA_READ_CONSUME_CHECK_CONSUMER) timestamp=746 ms, used_size=2777088 bytes (6.8%)
(RDMA_READ_CONSUME_CHECK_CONSUMER) timestamp=746 ms, used_size=2775040 bytes (6.8%)
(RDMA_READ_CONSUME_CHECK_CONSUMER) timestamp=746 ms, used_size=2772992 bytes (6.8%)
(RDMA_READ_CONSUME_CHECK_CONSUMER) timestamp=746 ms, used_size=2770944 bytes (6.8%)
(RDMA_READ_CONSUME_CHECK_CONSUMER) timestamp=746 ms, used_size=2768896 bytes (6.8%)
(RDMA_READ_CONSUME_CHECK_CONSUMER) timestamp=746 ms, used_size=2766848 bytes (6.8%)
(RDMA_READ_CONSUME_CHECK_CONSUMER) timestamp=746 ms, used_size=2764800 bytes (6.8%)
(RDMA_READ_CONSUME_CHECK_CONSUMER) timestamp=746 ms, used_size=2762752 bytes (6.7%)
(RDMA_READ_CONSUME_CHECK_CONSUMER) timestamp=746 ms, used_size=2760704 bytes (6.7%)
(RDMA_READ_CONSUME_CHECK_CONSUMER) timestamp=746 ms, used_size=2758656 bytes (6.7%)
(RDMA_READ_CONSUME_CHECK_CONSUMER) timestamp=746 ms, used_size=2756608 bytes (6.7%)
(RDMA_READ_CONSUME_CHECK_CONSUMER) timestamp=746 ms, used_size=2754560 bytes (6.7%)
(RDMA_READ_CONSUME_CHECK_CONSUMER) timestamp=746 ms, used_size=2752512 bytes (6.7%)
(RDMA_READ_CONSUME_CHECK_CONSUMER) timestamp=746 ms, used_size=2750464 bytes (6.7%)
(RDMA_READ_CONSUME_CHECK_CONSUMER) timestamp=746 ms, used_size=2748416 bytes (6.7%)
(RDMA_READ_CONSUME_CHECK_CONSUMER) timestamp=746 ms, used_size=2746368 bytes (6.7%)
(RDMA_READ_CONSUME_CHECK_CONSUMER) timestamp=746 ms, used_size=2744320 bytes (6.7%)
(RDMA_READ_CONSUME_CHECK_CONSUMER) timestamp=746 ms, used_size=2742272 bytes (6.7%)
(RDMA_READ_CONSUME_CHECK_CONSUMER) timestamp=746 ms, used_size=2740224 bytes (6.7%)
(RDMA_READ_CONSUME_CHECK_CONSUMER) timestamp=746 ms, used_size=2738176 bytes (6.7%)
(RDMA_READ_CONSUME_CHECK_CONSUMER) timestamp=746 ms, used_size=2736128 bytes (6.7%)
(RDMA_READ_CONSUME_CHECK_CONSUMER) timestamp=746 ms, used_size=2734080 bytes (6.7%)
(RDMA_READ_CONSUME_CHECK_CONSUMER) timestamp=746 ms, used_size=2732032 bytes (6.7%)
(RDMA_READ_CONSUME_CHECK_CONSUMER) timestamp=746 ms, used_size=2729984 bytes (6.7%)
(RDMA_READ_CONSUME_CHECK_CONSUMER) timestamp=746 ms, used_size=2727936 bytes (6.7%)
(RDMA_READ_CONSUME_CHECK_CONSUMER) timestamp=746 ms, used_size=2725888 bytes (6.7%)
(RDMA_READ_CONSUME_CHECK_CONSUMER) timestamp=746 ms, used_size=2723840 bytes (6.7%)
(RDMA_READ_CONSUME_CHECK_CONSUMER) timestamp=746 ms, used_size=2721792 bytes (6.6%)
(RDMA_READ_CONSUME_CHECK_CONSUMER) timestamp=746 ms, used_size=2719744 bytes (6.6%)
(RDMA_READ_CONSUME_CHECK_CONSUMER) timestamp=746 ms, used_size=2717696 bytes (6.6%)
(RDMA_READ_CONSUME_CHECK_CONSUMER) timestamp=746 ms, used_size=2715648 bytes (6.6%)
(RDMA_READ_CONSUME_CHECK_CONSUMER) timestamp=746 ms, used_size=2713600 bytes (6.6%)
(RDMA_READ_CONSUME_CHECK_CONSUMER) timestamp=746 ms, used_size=2711552 bytes (6.6%)
(RDMA_READ_CONSUME_CHECK_CONSUMER) timestamp=746 ms, used_size=2709504 bytes (6.6%)
(RDMA_READ_CONSUME_CHECK_CONSUMER) timestamp=746 ms, used_size=2707456 bytes (6.6%)
(RDMA_READ_CONSUME_CHECK_CONSUMER) timestamp=746 ms, used_size=2705408 bytes (6.6%)
(RDMA_READ_CONSUME_CHECK_CONSUMER) timestamp=746 ms, used_size=2703360 bytes (6.6%)
(RDMA_READ_CONSUME_CHECK_CONSUMER) timestamp=746 ms, used_size=2701312 bytes (6.6%)
(RDMA_READ_CONSUME_CHECK_CONSUMER) timestamp=746 ms, used_size=2699264 bytes (6.6%)
(RDMA_READ_CONSUME_CHECK_CONSUMER) timestamp=746 ms, used_size=2697216 bytes (6.6%)
(RDMA_READ_CONSUME_CHECK_CONSUMER) timestamp=746 ms, used_size=2695168 bytes (6.6%)
(RDMA_READ_CONSUME_CHECK_CONSUMER) timestamp=746 ms, used_size=2693120 bytes (6.6%)
(RDMA_READ_CONSUME_CHECK_CONSUMER) timestamp=746 ms, used_size=2691072 bytes (6.6%)
(RDMA_READ_CONSUME_CHECK_CONSUMER) timestamp=746 ms, used_size=2689024 bytes (6.6%)
(RDMA_READ_CONSUME_CHECK_CONSUMER) timestamp=746 ms, used_size=2686976 bytes (6.6%)
(RDMA_READ_CONSUME_CHECK_CONSUMER) timestamp=746 ms, used_size=2684928 bytes (6.6%)
(RDMA_READ_CONSUME_CHECK_CONSUMER) timestamp=746 ms, used_size=2682880 bytes (6.5%)
(RDMA_READ_CONSUME_CHECK_CONSUMER) timestamp=746 ms, used_size=2680832 bytes (6.5%)
(RDMA_READ_CONSUME_CHECK_CONSUMER) timestamp=746 ms, used_size=2678784 bytes (6.5%)
(RDMA_READ_CONSUME_CHECK_CONSUMER) timestamp=746 ms, used_size=2676736 bytes (6.5%)
(RDMA_READ_CONSUME_CHECK_CONSUMER) timestamp=746 ms, used_size=2674688 bytes (6.5%)
(RDMA_READ_CONSUME_CHECK_CONSUMER) timestamp=746 ms, used_size=2672640 bytes (6.5%)
(RDMA_READ_CONSUME_CHECK_CONSUMER) timestamp=746 ms, used_size=2670592 bytes (6.5%)
(RDMA_READ_CONSUME_CHECK_CONSUMER) timestamp=746 ms, used_size=2668544 bytes (6.5%)
(RDMA_READ_CONSUME_CHECK_CONSUMER) timestamp=746 ms, used_size=2666496 bytes (6.5%)
(RDMA_READ_CONSUME_CHECK_CONSUMER) timestamp=746 ms, used_size=2664448 bytes (6.5%)
(RDMA_READ_CONSUME_CHECK_CONSUMER) timestamp=746 ms, used_size=2662400 bytes (6.5%)
(RDMA_READ_CONSUME_CHECK_CONSUMER) timestamp=746 ms, used_size=2660352 bytes (6.5%)
(RDMA_READ_CONSUME_CHECK_CONSUMER) timestamp=746 ms, used_size=2658304 bytes (6.5%)
(RDMA_READ_CONSUME_CHECK_CONSUMER) timestamp=746 ms, used_size=2656256 bytes (6.5%)
(RDMA_READ_CONSUME_CHECK_CONSUMER) timestamp=746 ms, used_size=2654208 bytes (6.5%)
(RDMA_READ_CONSUME_CHECK_CONSUMER) timestamp=746 ms, used_size=2652160 bytes (6.5%)
(RDMA_READ_CONSUME_CHECK_CONSUMER) timestamp=746 ms, used_size=2650112 bytes (6.5%)
(RDMA_READ_CONSUME_CHECK_CONSUMER) timestamp=746 ms, used_size=2648064 bytes (6.5%)
(RDMA_READ_CONSUME_CHECK_CONSUMER) timestamp=746 ms, used_size=2646016 bytes (6.5%)
(RDMA_READ_CONSUME_CHECK_CONSUMER) timestamp=746 ms, used_size=2643968 bytes (6.5%)
(RDMA_READ_CONSUME_CHECK_CONSUMER) timestamp=746 ms, used_size=2641920 bytes (6.5%)
(RDMA_READ_CONSUME_CHECK_CONSUMER) timestamp=746 ms, used_size=2639872 bytes (6.4%)
(RDMA_READ_CONSUME_CHECK_CONSUMER) timestamp=746 ms, used_size=2637824 bytes (6.4%)
(RDMA_READ_CONSUME_CHECK_CONSUMER) timestamp=746 ms, used_size=2635776 bytes (6.4%)
(RDMA_READ_CONSUME_CHECK_CONSUMER) timestamp=746 ms, used_size=2633728 bytes (6.4%)
(RDMA_READ_CONSUME_CHECK_CONSUMER) timestamp=746 ms, used_size=2631680 bytes (6.4%)
(RDMA_READ_CONSUME_CHECK_CONSUMER) timestamp=746 ms, used_size=2629632 bytes (6.4%)
(RDMA_READ_CONSUME_CHECK_CONSUMER) timestamp=746 ms, used_size=2627584 bytes (6.4%)
(RDMA_READ_CONSUME_CHECK_CONSUMER) timestamp=746 ms, used_size=2625536 bytes (6.4%)
(RDMA_READ_CONSUME_CHECK_CONSUMER) timestamp=746 ms, used_size=2623488 bytes (6.4%)
(RDMA_READ_CONSUME_CHECK_CONSUMER) timestamp=746 ms, used_size=2621440 bytes (6.4%)
(RDMA_READ_CONSUME_CHECK_CONSUMER) timestamp=746 ms, used_size=2619392 bytes (6.4%)
(RDMA_READ_CONSUME_CHECK_CONSUMER) timestamp=746 ms, used_size=2617344 bytes (6.4%)
(RDMA_READ_CONSUME_CHECK_CONSUMER) timestamp=746 ms, used_size=2615296 bytes (6.4%)
(RDMA_READ_CONSUME_CHECK_CONSUMER) timestamp=746 ms, used_size=2613248 bytes (6.4%)
(RDMA_READ_CONSUME_CHECK_CONSUMER) timestamp=746 ms, used_size=2611200 bytes (6.4%)
(RDMA_READ_CONSUME_CHECK_CONSUMER) timestamp=746 ms, used_size=2609152 bytes (6.4%)
(RDMA_READ_CONSUME_CHECK_CONSUMER) timestamp=746 ms, used_size=2607104 bytes (6.4%)
(RDMA_READ_CONSUME_CHECK_CONSUMER) timestamp=746 ms, used_size=2605056 bytes (6.4%)
(RDMA_READ_CONSUME_CHECK_CONSUMER) timestamp=746 ms, used_size=2603008 bytes (6.4%)
(RDMA_READ_CONSUME_CHECK_CONSUMER) timestamp=746 ms, used_size=2600960 bytes (6.3%)
(RDMA_READ_CONSUME_CHECK_CONSUMER) timestamp=746 ms, used_size=2598912 bytes (6.3%)
(RDMA_READ_CONSUME_CHECK_CONSUMER) timestamp=746 ms, used_size=2596864 bytes (6.3%)
(RDMA_READ_CONSUME_CHECK_CONSUMER) timestamp=746 ms, used_size=2594816 bytes (6.3%)
(RDMA_READ_CONSUME_CHECK_CONSUMER) timestamp=746 ms, used_size=2592768 bytes (6.3%)
(RDMA_READ_CONSUME_CHECK_CONSUMER) timestamp=746 ms, used_size=2590720 bytes (6.3%)
(RDMA_READ_CONSUME_CHECK_CONSUMER) timestamp=746 ms, used_size=2588672 bytes (6.3%)
(RDMA_READ_CONSUME_CHECK_CONSUMER) timestamp=746 ms, used_size=2586624 bytes (6.3%)
(RDMA_READ_CONSUME_CHECK_CONSUMER) timestamp=746 ms, used_size=2584576 bytes (6.3%)
(RDMA_READ_CONSUME_CHECK_CONSUMER) timestamp=747 ms, used_size=2582528 bytes (6.3%)
(RDMA_READ_CONSUME_CHECK_CONSUMER) timestamp=747 ms, used_size=2580480 bytes (6.3%)
(RDMA_READ_CONSUME_CHECK_CONSUMER) timestamp=747 ms, used_size=2578432 bytes (6.3%)
(RDMA_READ_CONSUME_CHECK_CONSUMER) timestamp=747 ms, used_size=2576384 bytes (6.3%)
(RDMA_READ_CONSUME_CHECK_CONSUMER) timestamp=747 ms, used_size=2574336 bytes (6.3%)
(RDMA_READ_CONSUME_CHECK_CONSUMER) timestamp=747 ms, used_size=2572288 bytes (6.3%)
(RDMA_READ_CONSUME_CHECK_CONSUMER) timestamp=747 ms, used_size=2570240 bytes (6.3%)
(RDMA_READ_CONSUME_CHECK_CONSUMER) timestamp=747 ms, used_size=2568192 bytes (6.3%)
(RDMA_READ_CONSUME_CHECK_CONSUMER) timestamp=747 ms, used_size=2566144 bytes (6.3%)
(RDMA_READ_CONSUME_CHECK_CONSUMER) timestamp=747 ms, used_size=2564096 bytes (6.3%)
(RDMA_READ_CONSUME_CHECK_CONSUMER) timestamp=747 ms, used_size=2562048 bytes (6.3%)
(RDMA_READ_CONSUME_CHECK_CONSUMER) timestamp=747 ms, used_size=2560000 bytes (6.2%)
(RDMA_READ_CONSUME_CHECK_CONSUMER) timestamp=747 ms, used_size=2557952 bytes (6.2%)
(RDMA_READ_CONSUME_CHECK_CONSUMER) timestamp=747 ms, used_size=2555904 bytes (6.2%)
(RDMA_READ_CONSUME_CHECK_CONSUMER) timestamp=747 ms, used_size=2553856 bytes (6.2%)
(RDMA_READ_CONSUME_CHECK_CONSUMER) timestamp=747 ms, used_size=2551808 bytes (6.2%)
(RDMA_READ_CONSUME_CHECK_CONSUMER) timestamp=747 ms, used_size=2549760 bytes (6.2%)
(RDMA_READ_CONSUME_CHECK_CONSUMER) timestamp=747 ms, used_size=2547712 bytes (6.2%)
(RDMA_READ_CONSUME_CHECK_CONSUMER) timestamp=747 ms, used_size=2545664 bytes (6.2%)
(RDMA_READ_CONSUME_CHECK_CONSUMER) timestamp=747 ms, used_size=2543616 bytes (6.2%)
(RDMA_READ_CONSUME_CHECK_CONSUMER) timestamp=747 ms, used_size=2541568 bytes (6.2%)
(RDMA_READ_CONSUME_CHECK_CONSUMER) timestamp=747 ms, used_size=2539520 bytes (6.2%)
(RDMA_READ_CONSUME_CHECK_CONSUMER) timestamp=747 ms, used_size=2537472 bytes (6.2%)
(RDMA_READ_CONSUME_CHECK_CONSUMER) timestamp=747 ms, used_size=2535424 bytes (6.2%)
(RDMA_READ_CONSUME_CHECK_CONSUMER) timestamp=747 ms, used_size=2533376 bytes (6.2%)
(RDMA_READ_CONSUME_CHECK_CONSUMER) timestamp=747 ms, used_size=2531328 bytes (6.2%)
(RDMA_READ_CONSUME_CHECK_CONSUMER) timestamp=747 ms, used_size=2529280 bytes (6.2%)
(RDMA_READ_CONSUME_CHECK_CONSUMER) timestamp=747 ms, used_size=2527232 bytes (6.2%)
(RDMA_READ_CONSUME_CHECK_CONSUMER) timestamp=747 ms, used_size=2525184 bytes (6.2%)
(RDMA_READ_CONSUME_CHECK_CONSUMER) timestamp=747 ms, used_size=2523136 bytes (6.2%)
(RDMA_READ_CONSUME_CHECK_CONSUMER) timestamp=747 ms, used_size=2521088 bytes (6.2%)
(RDMA_READ_CONSUME_CHECK_CONSUMER) timestamp=747 ms, used_size=2519040 bytes (6.2%)
(RDMA_READ_CONSUME_CHECK_CONSUMER) timestamp=747 ms, used_size=2516992 bytes (6.1%)
(RDMA_READ_CONSUME_CHECK_CONSUMER) timestamp=747 ms, used_size=2514944 bytes (6.1%)
(RDMA_READ_CONSUME_CHECK_CONSUMER) timestamp=747 ms, used_size=2512896 bytes (6.1%)
(RDMA_READ_CONSUME_CHECK_CONSUMER) timestamp=747 ms, used_size=2510848 bytes (6.1%)
(RDMA_READ_CONSUME_CHECK_CONSUMER) timestamp=747 ms, used_size=2508800 bytes (6.1%)
(RDMA_READ_CONSUME_CHECK_CONSUMER) timestamp=747 ms, used_size=2506752 bytes (6.1%)
(RDMA_READ_CONSUME_CHECK_CONSUMER) timestamp=747 ms, used_size=2504704 bytes (6.1%)
(RDMA_READ_CONSUME_CHECK_CONSUMER) timestamp=747 ms, used_size=2502656 bytes (6.1%)
(RDMA_READ_CONSUME_CHECK_CONSUMER) timestamp=747 ms, used_size=2500608 bytes (6.1%)
(RDMA_READ_CONSUME_CHECK_CONSUMER) timestamp=747 ms, used_size=2498560 bytes (6.1%)
(RDMA_READ_CONSUME_CHECK_CONSUMER) timestamp=747 ms, used_size=2496512 bytes (6.1%)
(RDMA_READ_CONSUME_CHECK_CONSUMER) timestamp=747 ms, used_size=2494464 bytes (6.1%)
(RDMA_READ_CONSUME_CHECK_CONSUMER) timestamp=747 ms, used_size=2492416 bytes (6.1%)
(RDMA_READ_CONSUME_CHECK_CONSUMER) timestamp=747 ms, used_size=2490368 bytes (6.1%)
(RDMA_READ_CONSUME_CHECK_CONSUMER) timestamp=747 ms, used_size=2488320 bytes (6.1%)
(RDMA_READ_CONSUME_CHECK_CONSUMER) timestamp=747 ms, used_size=2486272 bytes (6.1%)
(RDMA_READ_CONSUME_CHECK_CONSUMER) timestamp=747 ms, used_size=2484224 bytes (6.1%)
(RDMA_READ_CONSUME_CHECK_CONSUMER) timestamp=747 ms, used_size=2482176 bytes (6.1%)
(RDMA_READ_CONSUME_CHECK_CONSUMER) timestamp=747 ms, used_size=2480128 bytes (6.1%)
(RDMA_READ_CONSUME_CHECK_CONSUMER) timestamp=747 ms, used_size=2478080 bytes (6.0%)
(RDMA_READ_CONSUME_CHECK_CONSUMER) timestamp=747 ms, used_size=2476032 bytes (6.0%)
(RDMA_READ_CONSUME_CHECK_CONSUMER) timestamp=747 ms, used_size=2473984 bytes (6.0%)
(RDMA_READ_CONSUME_CHECK_CONSUMER) timestamp=747 ms, used_size=2471936 bytes (6.0%)
(RDMA_READ_CONSUME_CHECK_CONSUMER) timestamp=747 ms, used_size=2469888 bytes (6.0%)
(RDMA_READ_CONSUME_CHECK_CONSUMER) timestamp=747 ms, used_size=2467840 bytes (6.0%)
(RDMA_READ_CONSUME_CHECK_CONSUMER) timestamp=747 ms, used_size=2465792 bytes (6.0%)
(RDMA_READ_CONSUME_CHECK_CONSUMER) timestamp=747 ms, used_size=2463744 bytes (6.0%)
(RDMA_READ_CONSUME_CHECK_CONSUMER) timestamp=747 ms, used_size=2461696 bytes (6.0%)
(RDMA_READ_CONSUME_CHECK_CONSUMER) timestamp=747 ms, used_size=2459648 bytes (6.0%)
(RDMA_READ_CONSUME_CHECK_CONSUMER) timestamp=747 ms, used_size=2457600 bytes (6.0%)
(RDMA_READ_CONSUME_CHECK_CONSUMER) timestamp=747 ms, used_size=2455552 bytes (6.0%)
(RDMA_READ_CONSUME_CHECK_CONSUMER) timestamp=747 ms, used_size=2453504 bytes (6.0%)
(RDMA_READ_CONSUME_CHECK_CONSUMER) timestamp=747 ms, used_size=2451456 bytes (6.0%)
(RDMA_READ_CONSUME_CHECK_CONSUMER) timestamp=747 ms, used_size=2449408 bytes (6.0%)
(RDMA_READ_CONSUME_CHECK_CONSUMER) timestamp=747 ms, used_size=2447360 bytes (6.0%)
(RDMA_READ_CONSUME_CHECK_CONSUMER) timestamp=747 ms, used_size=2445312 bytes (6.0%)
(RDMA_READ_CONSUME_CHECK_CONSUMER) timestamp=747 ms, used_size=2443264 bytes (6.0%)
(RDMA_READ_CONSUME_CHECK_CONSUMER) timestamp=747 ms, used_size=2441216 bytes (6.0%)
(RDMA_READ_CONSUME_CHECK_CONSUMER) timestamp=747 ms, used_size=2439168 bytes (6.0%)
(RDMA_READ_CONSUME_CHECK_CONSUMER) timestamp=747 ms, used_size=2437120 bytes (6.0%)
(RDMA_READ_CONSUME_CHECK_CONSUMER) timestamp=747 ms, used_size=2435072 bytes (5.9%)
(RDMA_READ_CONSUME_CHECK_CONSUMER) timestamp=747 ms, used_size=2433024 bytes (5.9%)
(RDMA_READ_CONSUME_CHECK_CONSUMER) timestamp=747 ms, used_size=2430976 bytes (5.9%)
(RDMA_READ_CONSUME_CHECK_CONSUMER) timestamp=747 ms, used_size=2428928 bytes (5.9%)
(RDMA_READ_CONSUME_CHECK_CONSUMER) timestamp=747 ms, used_size=2426880 bytes (5.9%)
(RDMA_READ_CONSUME_CHECK_CONSUMER) timestamp=747 ms, used_size=2424832 bytes (5.9%)
(RDMA_READ_CONSUME_CHECK_CONSUMER) timestamp=747 ms, used_size=2422784 bytes (5.9%)
(RDMA_READ_CONSUME_CHECK_CONSUMER) timestamp=747 ms, used_size=2420736 bytes (5.9%)
(RDMA_READ_CONSUME_CHECK_CONSUMER) timestamp=747 ms, used_size=2418688 bytes (5.9%)
(RDMA_READ_CONSUME_CHECK_CONSUMER) timestamp=747 ms, used_size=2416640 bytes (5.9%)
(RDMA_READ_CONSUME_CHECK_CONSUMER) timestamp=747 ms, used_size=2414592 bytes (5.9%)
(RDMA_READ_CONSUME_CHECK_CONSUMER) timestamp=747 ms, used_size=2412544 bytes (5.9%)
(RDMA_READ_CONSUME_CHECK_CONSUMER) timestamp=747 ms, used_size=2410496 bytes (5.9%)
(RDMA_READ_CONSUME_CHECK_CONSUMER) timestamp=747 ms, used_size=2408448 bytes (5.9%)
(RDMA_READ_CONSUME_CHECK_CONSUMER) timestamp=747 ms, used_size=2406400 bytes (5.9%)
(RDMA_READ_CONSUME_CHECK_CONSUMER) timestamp=747 ms, used_size=2404352 bytes (5.9%)
(RDMA_READ_CONSUME_CHECK_CONSUMER) timestamp=747 ms, used_size=2402304 bytes (5.9%)
(RDMA_READ_CONSUME_CHECK_CONSUMER) timestamp=747 ms, used_size=2400256 bytes (5.9%)
(RDMA_READ_CONSUME_CHECK_CONSUMER) timestamp=747 ms, used_size=2398208 bytes (5.9%)
(RDMA_READ_CONSUME_CHECK_CONSUMER) timestamp=747 ms, used_size=2396160 bytes (5.8%)
(RDMA_READ_CONSUME_CHECK_CONSUMER) timestamp=747 ms, used_size=2394112 bytes (5.8%)
(RDMA_READ_CONSUME_CHECK_CONSUMER) timestamp=747 ms, used_size=2392064 bytes (5.8%)
(RDMA_READ_CONSUME_CHECK_CONSUMER) timestamp=747 ms, used_size=2390016 bytes (5.8%)
(RDMA_READ_CONSUME_CHECK_CONSUMER) timestamp=747 ms, used_size=2387968 bytes (5.8%)
(RDMA_READ_CONSUME_CHECK_CONSUMER) timestamp=747 ms, used_size=2385920 bytes (5.8%)
(RDMA_READ_CONSUME_CHECK_CONSUMER) timestamp=747 ms, used_size=2383872 bytes (5.8%)
(RDMA_READ_CONSUME_CHECK_CONSUMER) timestamp=747 ms, used_size=2381824 bytes (5.8%)
(RDMA_READ_CONSUME_CHECK_CONSUMER) timestamp=747 ms, used_size=2379776 bytes (5.8%)
(RDMA_READ_CONSUME_CHECK_CONSUMER) timestamp=747 ms, used_size=2377728 bytes (5.8%)
(RDMA_READ_CONSUME_CHECK_CONSUMER) timestamp=747 ms, used_size=2375680 bytes (5.8%)
(RDMA_READ_CONSUME_CHECK_CONSUMER) timestamp=747 ms, used_size=2373632 bytes (5.8%)
(RDMA_READ_CONSUME_CHECK_CONSUMER) timestamp=747 ms, used_size=2371584 bytes (5.8%)
(RDMA_READ_CONSUME_CHECK_CONSUMER) timestamp=747 ms, used_size=2369536 bytes (5.8%)
(RDMA_READ_CONSUME_CHECK_CONSUMER) timestamp=747 ms, used_size=2367488 bytes (5.8%)
(RDMA_READ_CONSUME_CHECK_CONSUMER) timestamp=747 ms, used_size=2365440 bytes (5.8%)
(RDMA_READ_CONSUME_CHECK_CONSUMER) timestamp=747 ms, used_size=2363392 bytes (5.8%)
(RDMA_READ_CONSUME_CHECK_CONSUMER) timestamp=747 ms, used_size=2361344 bytes (5.8%)
(RDMA_READ_CONSUME_CHECK_CONSUMER) timestamp=747 ms, used_size=2359296 bytes (5.8%)
(RDMA_READ_CONSUME_CHECK_CONSUMER) timestamp=747 ms, used_size=2357248 bytes (5.8%)
(RDMA_READ_CONSUME_CHECK_CONSUMER) timestamp=747 ms, used_size=2355200 bytes (5.8%)
(RDMA_READ_CONSUME_CHECK_CONSUMER) timestamp=747 ms, used_size=2353152 bytes (5.7%)
(RDMA_READ_CONSUME_CHECK_CONSUMER) timestamp=747 ms, used_size=2351104 bytes (5.7%)
(RDMA_READ_CONSUME_CHECK_CONSUMER) timestamp=747 ms, used_size=2349056 bytes (5.7%)
(RDMA_READ_CONSUME_CHECK_CONSUMER) timestamp=747 ms, used_size=2347008 bytes (5.7%)
(RDMA_READ_CONSUME_CHECK_CONSUMER) timestamp=747 ms, used_size=2344960 bytes (5.7%)
(RDMA_READ_CONSUME_CHECK_CONSUMER) timestamp=747 ms, used_size=2342912 bytes (5.7%)
(RDMA_READ_CONSUME_CHECK_CONSUMER) timestamp=747 ms, used_size=2340864 bytes (5.7%)
(RDMA_READ_CONSUME_CHECK_CONSUMER) timestamp=747 ms, used_size=2338816 bytes (5.7%)
(RDMA_READ_CONSUME_CHECK_CONSUMER) timestamp=747 ms, used_size=2336768 bytes (5.7%)
(RDMA_READ_CONSUME_CHECK_CONSUMER) timestamp=747 ms, used_size=2334720 bytes (5.7%)
(RDMA_READ_CONSUME_CHECK_CONSUMER) timestamp=747 ms, used_size=2332672 bytes (5.7%)
(RDMA_READ_CONSUME_CHECK_CONSUMER) timestamp=747 ms, used_size=2330624 bytes (5.7%)
(RDMA_READ_CONSUME_CHECK_CONSUMER) timestamp=747 ms, used_size=2328576 bytes (5.7%)
(RDMA_READ_CONSUME_CHECK_CONSUMER) timestamp=747 ms, used_size=2326528 bytes (5.7%)
(RDMA_READ_CONSUME_CHECK_CONSUMER) timestamp=747 ms, used_size=2324480 bytes (5.7%)
(RDMA_READ_CONSUME_CHECK_CONSUMER) timestamp=747 ms, used_size=2322432 bytes (5.7%)
(RDMA_READ_CONSUME_CHECK_CONSUMER) timestamp=747 ms, used_size=2320384 bytes (5.7%)
(RDMA_READ_CONSUME_CHECK_CONSUMER) timestamp=747 ms, used_size=2318336 bytes (5.7%)
(RDMA_READ_CONSUME_CHECK_CONSUMER) timestamp=747 ms, used_size=2316288 bytes (5.7%)
(RDMA_READ_CONSUME_CHECK_CONSUMER) timestamp=747 ms, used_size=2314240 bytes (5.7%)
(RDMA_READ_CONSUME_CHECK_CONSUMER) timestamp=747 ms, used_size=2312192 bytes (5.6%)
(RDMA_READ_CONSUME_CHECK_CONSUMER) timestamp=747 ms, used_size=2310144 bytes (5.6%)
(RDMA_READ_CONSUME_CHECK_CONSUMER) timestamp=747 ms, used_size=2308096 bytes (5.6%)
(RDMA_READ_CONSUME_CHECK_CONSUMER) timestamp=747 ms, used_size=2306048 bytes (5.6%)
(RDMA_READ_CONSUME_CHECK_CONSUMER) timestamp=747 ms, used_size=2304000 bytes (5.6%)
(RDMA_READ_CONSUME_CHECK_CONSUMER) timestamp=747 ms, used_size=2301952 bytes (5.6%)
(RDMA_READ_CONSUME_CHECK_CONSUMER) timestamp=747 ms, used_size=2299904 bytes (5.6%)
(RDMA_READ_CONSUME_CHECK_CONSUMER) timestamp=747 ms, used_size=2297856 bytes (5.6%)
(RDMA_READ_CONSUME_CHECK_CONSUMER) timestamp=747 ms, used_size=2295808 bytes (5.6%)
(RDMA_READ_CONSUME_CHECK_CONSUMER) timestamp=747 ms, used_size=2293760 bytes (5.6%)
(RDMA_READ_CONSUME_CHECK_CONSUMER) timestamp=747 ms, used_size=2291712 bytes (5.6%)
(RDMA_READ_CONSUME_CHECK_CONSUMER) timestamp=747 ms, used_size=2289664 bytes (5.6%)
(RDMA_READ_CONSUME_CHECK_CONSUMER) timestamp=747 ms, used_size=2287616 bytes (5.6%)
(RDMA_READ_CONSUME_CHECK_CONSUMER) timestamp=747 ms, used_size=2285568 bytes (5.6%)
(RDMA_READ_CONSUME_CHECK_CONSUMER) timestamp=747 ms, used_size=2283520 bytes (5.6%)
(RDMA_READ_CONSUME_CHECK_CONSUMER) timestamp=747 ms, used_size=2281472 bytes (5.6%)
(RDMA_READ_CONSUME_CHECK_CONSUMER) timestamp=747 ms, used_size=2279424 bytes (5.6%)
(RDMA_READ_CONSUME_CHECK_CONSUMER) timestamp=747 ms, used_size=2277376 bytes (5.6%)
(RDMA_READ_CONSUME_CHECK_CONSUMER) timestamp=747 ms, used_size=2275328 bytes (5.6%)
(RDMA_READ_CONSUME_CHECK_CONSUMER) timestamp=747 ms, used_size=2273280 bytes (5.5%)
(RDMA_READ_CONSUME_CHECK_CONSUMER) timestamp=747 ms, used_size=2271232 bytes (5.5%)
(RDMA_READ_CONSUME_CHECK_CONSUMER) timestamp=747 ms, used_size=2269184 bytes (5.5%)
(RDMA_READ_CONSUME_CHECK_CONSUMER) timestamp=747 ms, used_size=2267136 bytes (5.5%)
(RDMA_READ_CONSUME_CHECK_CONSUMER) timestamp=747 ms, used_size=2265088 bytes (5.5%)
(RDMA_READ_CONSUME_CHECK_CONSUMER) timestamp=747 ms, used_size=2263040 bytes (5.5%)
(RDMA_READ_CONSUME_CHECK_CONSUMER) timestamp=747 ms, used_size=2260992 bytes (5.5%)
(RDMA_READ_CONSUME_CHECK_CONSUMER) timestamp=747 ms, used_size=2258944 bytes (5.5%)
(RDMA_READ_CONSUME_CHECK_CONSUMER) timestamp=747 ms, used_size=2256896 bytes (5.5%)
(RDMA_READ_CONSUME_CHECK_CONSUMER) timestamp=747 ms, used_size=2254848 bytes (5.5%)
(RDMA_READ_CONSUME_CHECK_CONSUMER) timestamp=747 ms, used_size=2252800 bytes (5.5%)
(RDMA_READ_CONSUME_CHECK_CONSUMER) timestamp=747 ms, used_size=2250752 bytes (5.5%)
(RDMA_READ_CONSUME_CHECK_CONSUMER) timestamp=747 ms, used_size=2248704 bytes (5.5%)
(RDMA_READ_CONSUME_CHECK_CONSUMER) timestamp=747 ms, used_size=2246656 bytes (5.5%)
(RDMA_READ_CONSUME_CHECK_CONSUMER) timestamp=747 ms, used_size=2244608 bytes (5.5%)
(RDMA_READ_CONSUME_CHECK_CONSUMER) timestamp=747 ms, used_size=2242560 bytes (5.5%)
(RDMA_READ_CONSUME_CHECK_CONSUMER) timestamp=747 ms, used_size=2240512 bytes (5.5%)
(RDMA_READ_CONSUME_CHECK_CONSUMER) timestamp=747 ms, used_size=2238464 bytes (5.5%)
(RDMA_READ_CONSUME_CHECK_CONSUMER) timestamp=747 ms, used_size=2236416 bytes (5.5%)
(RDMA_READ_CONSUME_CHECK_CONSUMER) timestamp=747 ms, used_size=2234368 bytes (5.5%)
(RDMA_READ_CONSUME_CHECK_CONSUMER) timestamp=747 ms, used_size=2232320 bytes (5.5%)
(RDMA_READ_CONSUME_CHECK_CONSUMER) timestamp=747 ms, used_size=2230272 bytes (5.4%)
(RDMA_READ_CONSUME_CHECK_CONSUMER) timestamp=747 ms, used_size=2228224 bytes (5.4%)
(RDMA_READ_CONSUME_CHECK_CONSUMER) timestamp=747 ms, used_size=2226176 bytes (5.4%)
(RDMA_READ_CONSUME_CHECK_CONSUMER) timestamp=747 ms, used_size=2224128 bytes (5.4%)
(RDMA_READ_CONSUME_CHECK_CONSUMER) timestamp=747 ms, used_size=2222080 bytes (5.4%)
(RDMA_READ_CONSUME_CHECK_CONSUMER) timestamp=747 ms, used_size=2220032 bytes (5.4%)
(RDMA_READ_CONSUME_CHECK_CONSUMER) timestamp=747 ms, used_size=2217984 bytes (5.4%)
(RDMA_READ_CONSUME_CHECK_CONSUMER) timestamp=747 ms, used_size=2215936 bytes (5.4%)
(RDMA_READ_CONSUME_CHECK_CONSUMER) timestamp=747 ms, used_size=2213888 bytes (5.4%)
(RDMA_READ_CONSUME_CHECK_CONSUMER) timestamp=747 ms, used_size=2211840 bytes (5.4%)
(RDMA_READ_CONSUME_CHECK_CONSUMER) timestamp=747 ms, used_size=2209792 bytes (5.4%)
(RDMA_READ_CONSUME_CHECK_CONSUMER) timestamp=747 ms, used_size=2207744 bytes (5.4%)
(RDMA_READ_CONSUME_CHECK_CONSUMER) timestamp=747 ms, used_size=2205696 bytes (5.4%)
(RDMA_READ_CONSUME_CHECK_CONSUMER) timestamp=747 ms, used_size=2203648 bytes (5.4%)
(RDMA_READ_CONSUME_CHECK_CONSUMER) timestamp=747 ms, used_size=2201600 bytes (5.4%)
(RDMA_READ_CONSUME_CHECK_CONSUMER) timestamp=747 ms, used_size=2199552 bytes (5.4%)
(RDMA_READ_CONSUME_CHECK_CONSUMER) timestamp=748 ms, used_size=2197504 bytes (5.4%)
(RDMA_READ_CONSUME_CHECK_CONSUMER) timestamp=748 ms, used_size=2195456 bytes (5.4%)
(RDMA_READ_CONSUME_CHECK_CONSUMER) timestamp=748 ms, used_size=2193408 bytes (5.4%)
(RDMA_READ_CONSUME_CHECK_CONSUMER) timestamp=748 ms, used_size=2191360 bytes (5.3%)
(RDMA_READ_CONSUME_CHECK_CONSUMER) timestamp=748 ms, used_size=2189312 bytes (5.3%)
(RDMA_READ_CONSUME_CHECK_CONSUMER) timestamp=748 ms, used_size=2187264 bytes (5.3%)
(RDMA_READ_CONSUME_CHECK_CONSUMER) timestamp=748 ms, used_size=2185216 bytes (5.3%)
(RDMA_READ_CONSUME_CHECK_CONSUMER) timestamp=748 ms, used_size=2183168 bytes (5.3%)
(RDMA_READ_CONSUME_CHECK_CONSUMER) timestamp=748 ms, used_size=2181120 bytes (5.3%)
(RDMA_READ_CONSUME_CHECK_CONSUMER) timestamp=748 ms, used_size=2179072 bytes (5.3%)
(RDMA_READ_CONSUME_CHECK_CONSUMER) timestamp=748 ms, used_size=2177024 bytes (5.3%)
(RDMA_READ_CONSUME_CHECK_CONSUMER) timestamp=748 ms, used_size=2174976 bytes (5.3%)
(RDMA_READ_CONSUME_CHECK_CONSUMER) timestamp=748 ms, used_size=2172928 bytes (5.3%)
(RDMA_READ_CONSUME_CHECK_CONSUMER) timestamp=748 ms, used_size=2170880 bytes (5.3%)
(RDMA_READ_CONSUME_CHECK_CONSUMER) timestamp=748 ms, used_size=2168832 bytes (5.3%)
(RDMA_READ_CONSUME_CHECK_CONSUMER) timestamp=748 ms, used_size=2166784 bytes (5.3%)
(RDMA_READ_CONSUME_CHECK_CONSUMER) timestamp=748 ms, used_size=2164736 bytes (5.3%)
(RDMA_READ_CONSUME_CHECK_CONSUMER) timestamp=748 ms, used_size=2162688 bytes (5.3%)
(RDMA_READ_CONSUME_CHECK_CONSUMER) timestamp=748 ms, used_size=2160640 bytes (5.3%)
(RDMA_READ_CONSUME_CHECK_CONSUMER) timestamp=748 ms, used_size=2158592 bytes (5.3%)
(RDMA_READ_CONSUME_CHECK_CONSUMER) timestamp=748 ms, used_size=2156544 bytes (5.3%)
(RDMA_READ_CONSUME_CHECK_CONSUMER) timestamp=748 ms, used_size=2154496 bytes (5.3%)
(RDMA_READ_CONSUME_CHECK_CONSUMER) timestamp=748 ms, used_size=2152448 bytes (5.3%)
(RDMA_READ_CONSUME_CHECK_CONSUMER) timestamp=748 ms, used_size=2150400 bytes (5.2%)
(RDMA_READ_CONSUME_CHECK_CONSUMER) timestamp=748 ms, used_size=2148352 bytes (5.2%)
(RDMA_READ_CONSUME_CHECK_CONSUMER) timestamp=748 ms, used_size=2146304 bytes (5.2%)
(RDMA_READ_CONSUME_CHECK_CONSUMER) timestamp=748 ms, used_size=2144256 bytes (5.2%)
(RDMA_READ_CONSUME_CHECK_CONSUMER) timestamp=748 ms, used_size=2142208 bytes (5.2%)
(RDMA_READ_CONSUME_CHECK_CONSUMER) timestamp=748 ms, used_size=2140160 bytes (5.2%)
(RDMA_READ_CONSUME_CHECK_CONSUMER) timestamp=748 ms, used_size=2138112 bytes (5.2%)
(RDMA_READ_CONSUME_CHECK_CONSUMER) timestamp=748 ms, used_size=2136064 bytes (5.2%)
(RDMA_READ_CONSUME_CHECK_CONSUMER) timestamp=748 ms, used_size=2134016 bytes (5.2%)
(RDMA_READ_CONSUME_CHECK_CONSUMER) timestamp=748 ms, used_size=2131968 bytes (5.2%)
(RDMA_READ_CONSUME_CHECK_CONSUMER) timestamp=748 ms, used_size=2129920 bytes (5.2%)
(RDMA_READ_CONSUME_CHECK_CONSUMER) timestamp=748 ms, used_size=2127872 bytes (5.2%)
(RDMA_READ_CONSUME_CHECK_CONSUMER) timestamp=748 ms, used_size=2125824 bytes (5.2%)
(RDMA_READ_CONSUME_CHECK_CONSUMER) timestamp=748 ms, used_size=2123776 bytes (5.2%)
(RDMA_READ_CONSUME_CHECK_CONSUMER) timestamp=748 ms, used_size=2121728 bytes (5.2%)
(RDMA_READ_CONSUME_CHECK_CONSUMER) timestamp=748 ms, used_size=2119680 bytes (5.2%)
(RDMA_READ_CONSUME_CHECK_CONSUMER) timestamp=748 ms, used_size=2117632 bytes (5.2%)
(RDMA_READ_CONSUME_CHECK_CONSUMER) timestamp=748 ms, used_size=2115584 bytes (5.2%)
(RDMA_READ_CONSUME_CHECK_CONSUMER) timestamp=748 ms, used_size=2113536 bytes (5.2%)
(RDMA_READ_CONSUME_CHECK_CONSUMER) timestamp=748 ms, used_size=2111488 bytes (5.2%)
(RDMA_READ_CONSUME_CHECK_CONSUMER) timestamp=748 ms, used_size=2109440 bytes (5.2%)
(RDMA_READ_CONSUME_CHECK_CONSUMER) timestamp=748 ms, used_size=2107392 bytes (5.1%)
(RDMA_READ_CONSUME_CHECK_CONSUMER) timestamp=748 ms, used_size=2105344 bytes (5.1%)
(RDMA_READ_CONSUME_CHECK_CONSUMER) timestamp=748 ms, used_size=2103296 bytes (5.1%)
(RDMA_READ_CONSUME_CHECK_CONSUMER) timestamp=748 ms, used_size=2101248 bytes (5.1%)
(RDMA_READ_CONSUME_CHECK_CONSUMER) timestamp=748 ms, used_size=2099200 bytes (5.1%)
(RDMA_READ_CONSUME_CHECK_CONSUMER) timestamp=748 ms, used_size=2097152 bytes (5.1%)
(RDMA_READ_CONSUME_CHECK_CONSUMER) timestamp=748 ms, used_size=2095104 bytes (5.1%)
(RDMA_READ_CONSUME_CHECK_CONSUMER) timestamp=748 ms, used_size=2093056 bytes (5.1%)
(RDMA_READ_CONSUME_CHECK_CONSUMER) timestamp=748 ms, used_size=2091008 bytes (5.1%)
(RDMA_READ_CONSUME_CHECK_CONSUMER) timestamp=748 ms, used_size=2088960 bytes (5.1%)
(RDMA_READ_CONSUME_CHECK_CONSUMER) timestamp=748 ms, used_size=2086912 bytes (5.1%)
(RDMA_READ_CONSUME_CHECK_CONSUMER) timestamp=748 ms, used_size=2084864 bytes (5.1%)
(RDMA_READ_CONSUME_CHECK_CONSUMER) timestamp=748 ms, used_size=2082816 bytes (5.1%)
(RDMA_READ_CONSUME_CHECK_CONSUMER) timestamp=748 ms, used_size=2080768 bytes (5.1%)
(RDMA_READ_CONSUME_CHECK_CONSUMER) timestamp=748 ms, used_size=2078720 bytes (5.1%)
(RDMA_READ_CONSUME_CHECK_CONSUMER) timestamp=748 ms, used_size=2076672 bytes (5.1%)
(RDMA_READ_CONSUME_CHECK_CONSUMER) timestamp=748 ms, used_size=2074624 bytes (5.1%)
(RDMA_READ_CONSUME_CHECK_CONSUMER) timestamp=748 ms, used_size=2072576 bytes (5.1%)
(RDMA_READ_CONSUME_CHECK_CONSUMER) timestamp=748 ms, used_size=2070528 bytes (5.1%)
(RDMA_READ_CONSUME_CHECK_CONSUMER) timestamp=748 ms, used_size=2068480 bytes (5.0%)
(RDMA_READ_CONSUME_CHECK_CONSUMER) timestamp=748 ms, used_size=2066432 bytes (5.0%)
(RDMA_READ_CONSUME_CHECK_CONSUMER) timestamp=748 ms, used_size=2064384 bytes (5.0%)
(RDMA_READ_CONSUME_CHECK_CONSUMER) timestamp=748 ms, used_size=2062336 bytes (5.0%)
(RDMA_READ_CONSUME_CHECK_CONSUMER) timestamp=748 ms, used_size=2060288 bytes (5.0%)
(RDMA_READ_CONSUME_CHECK_CONSUMER) timestamp=748 ms, used_size=2058240 bytes (5.0%)
(RDMA_READ_CONSUME_CHECK_CONSUMER) timestamp=748 ms, used_size=2056192 bytes (5.0%)
(RDMA_READ_CONSUME_CHECK_CONSUMER) timestamp=748 ms, used_size=2054144 bytes (5.0%)
(RDMA_READ_CONSUME_CHECK_CONSUMER) timestamp=748 ms, used_size=2052096 bytes (5.0%)
(RDMA_READ_CONSUME_CHECK_CONSUMER) timestamp=748 ms, used_size=2050048 bytes (5.0%)
(RDMA_READ_CONSUME_CHECK_CONSUMER) timestamp=748 ms, used_size=2048000 bytes (5.0%)
(RDMA_READ_CONSUME_CHECK_CONSUMER) timestamp=748 ms, used_size=2045952 bytes (5.0%)
(RDMA_READ_CONSUME_CHECK_CONSUMER) timestamp=748 ms, used_size=2043904 bytes (5.0%)
(RDMA_READ_CONSUME_CHECK_CONSUMER) timestamp=748 ms, used_size=2041856 bytes (5.0%)
(RDMA_READ_CONSUME_CHECK_CONSUMER) timestamp=748 ms, used_size=2039808 bytes (5.0%)
(RDMA_READ_CONSUME_CHECK_CONSUMER) timestamp=748 ms, used_size=2037760 bytes (5.0%)
(RDMA_READ_CONSUME_CHECK_CONSUMER) timestamp=748 ms, used_size=2035712 bytes (5.0%)
(RDMA_READ_CONSUME_CHECK_CONSUMER) timestamp=748 ms, used_size=2033664 bytes (5.0%)
(RDMA_READ_CONSUME_CHECK_CONSUMER) timestamp=748 ms, used_size=2031616 bytes (5.0%)
(RDMA_READ_CONSUME_CHECK_CONSUMER) timestamp=748 ms, used_size=2029568 bytes (5.0%)
(RDMA_READ_CONSUME_CHECK_CONSUMER) timestamp=748 ms, used_size=2027520 bytes (5.0%)
(RDMA_READ_CONSUME_CHECK_CONSUMER) timestamp=748 ms, used_size=2025472 bytes (4.9%)
(RDMA_READ_CONSUME_CHECK_CONSUMER) timestamp=748 ms, used_size=2023424 bytes (4.9%)
(RDMA_READ_CONSUME_CHECK_CONSUMER) timestamp=748 ms, used_size=2021376 bytes (4.9%)
(RDMA_READ_CONSUME_CHECK_CONSUMER) timestamp=748 ms, used_size=2019328 bytes (4.9%)
(RDMA_READ_CONSUME_CHECK_CONSUMER) timestamp=748 ms, used_size=2017280 bytes (4.9%)
(RDMA_READ_CONSUME_CHECK_CONSUMER) timestamp=748 ms, used_size=2015232 bytes (4.9%)
(RDMA_READ_CONSUME_CHECK_CONSUMER) timestamp=748 ms, used_size=2013184 bytes (4.9%)
(RDMA_READ_CONSUME_CHECK_CONSUMER) timestamp=748 ms, used_size=2011136 bytes (4.9%)
(RDMA_READ_CONSUME_CHECK_CONSUMER) timestamp=748 ms, used_size=2009088 bytes (4.9%)
(RDMA_READ_CONSUME_CHECK_CONSUMER) timestamp=748 ms, used_size=2007040 bytes (4.9%)
(RDMA_READ_CONSUME_CHECK_CONSUMER) timestamp=748 ms, used_size=2004992 bytes (4.9%)
(RDMA_READ_CONSUME_CHECK_CONSUMER) timestamp=748 ms, used_size=2002944 bytes (4.9%)
(RDMA_READ_CONSUME_CHECK_CONSUMER) timestamp=748 ms, used_size=2000896 bytes (4.9%)
(RDMA_READ_CONSUME_CHECK_CONSUMER) timestamp=748 ms, used_size=1998848 bytes (4.9%)
(RDMA_READ_CONSUME_CHECK_CONSUMER) timestamp=748 ms, used_size=1996800 bytes (4.9%)
(RDMA_READ_CONSUME_CHECK_CONSUMER) timestamp=748 ms, used_size=1994752 bytes (4.9%)
(RDMA_READ_CONSUME_CHECK_CONSUMER) timestamp=748 ms, used_size=1992704 bytes (4.9%)
(RDMA_READ_CONSUME_CHECK_CONSUMER) timestamp=748 ms, used_size=1990656 bytes (4.9%)
(RDMA_READ_CONSUME_CHECK_CONSUMER) timestamp=748 ms, used_size=1988608 bytes (4.9%)
(RDMA_READ_CONSUME_CHECK_CONSUMER) timestamp=748 ms, used_size=1986560 bytes (4.8%)
(RDMA_READ_CONSUME_CHECK_CONSUMER) timestamp=748 ms, used_size=1984512 bytes (4.8%)
(RDMA_READ_CONSUME_CHECK_CONSUMER) timestamp=748 ms, used_size=1982464 bytes (4.8%)
(RDMA_READ_CONSUME_CHECK_CONSUMER) timestamp=748 ms, used_size=1980416 bytes (4.8%)
(RDMA_READ_CONSUME_CHECK_CONSUMER) timestamp=748 ms, used_size=1978368 bytes (4.8%)
(RDMA_READ_CONSUME_CHECK_CONSUMER) timestamp=748 ms, used_size=1976320 bytes (4.8%)
(RDMA_READ_CONSUME_CHECK_CONSUMER) timestamp=748 ms, used_size=1974272 bytes (4.8%)
(RDMA_READ_CONSUME_CHECK_CONSUMER) timestamp=748 ms, used_size=1972224 bytes (4.8%)
(RDMA_READ_CONSUME_CHECK_CONSUMER) timestamp=748 ms, used_size=1970176 bytes (4.8%)
(RDMA_READ_CONSUME_CHECK_CONSUMER) timestamp=748 ms, used_size=1968128 bytes (4.8%)
(RDMA_READ_CONSUME_CHECK_CONSUMER) timestamp=748 ms, used_size=1966080 bytes (4.8%)
(RDMA_READ_CONSUME_CHECK_CONSUMER) timestamp=748 ms, used_size=1964032 bytes (4.8%)
(RDMA_READ_CONSUME_CHECK_CONSUMER) timestamp=748 ms, used_size=1961984 bytes (4.8%)
(RDMA_READ_CONSUME_CHECK_CONSUMER) timestamp=748 ms, used_size=1959936 bytes (4.8%)
(RDMA_READ_CONSUME_CHECK_CONSUMER) timestamp=748 ms, used_size=1957888 bytes (4.8%)
(RDMA_READ_CONSUME_CHECK_CONSUMER) timestamp=748 ms, used_size=1955840 bytes (4.8%)
(RDMA_READ_CONSUME_CHECK_CONSUMER) timestamp=748 ms, used_size=1953792 bytes (4.8%)
(RDMA_READ_CONSUME_CHECK_CONSUMER) timestamp=748 ms, used_size=1951744 bytes (4.8%)
(RDMA_READ_CONSUME_CHECK_CONSUMER) timestamp=748 ms, used_size=1949696 bytes (4.8%)
(RDMA_READ_CONSUME_CHECK_CONSUMER) timestamp=748 ms, used_size=1947648 bytes (4.8%)
(RDMA_READ_CONSUME_CHECK_CONSUMER) timestamp=748 ms, used_size=1945600 bytes (4.8%)
(RDMA_READ_CONSUME_CHECK_CONSUMER) timestamp=748 ms, used_size=1943552 bytes (4.7%)
(RDMA_READ_CONSUME_CHECK_CONSUMER) timestamp=748 ms, used_size=1941504 bytes (4.7%)
(RDMA_READ_CONSUME_CHECK_CONSUMER) timestamp=748 ms, used_size=1939456 bytes (4.7%)
(RDMA_READ_CONSUME_CHECK_CONSUMER) timestamp=748 ms, used_size=1937408 bytes (4.7%)
(RDMA_READ_CONSUME_CHECK_CONSUMER) timestamp=748 ms, used_size=1935360 bytes (4.7%)
(RDMA_READ_CONSUME_CHECK_CONSUMER) timestamp=748 ms, used_size=1933312 bytes (4.7%)
(RDMA_READ_CONSUME_CHECK_CONSUMER) timestamp=748 ms, used_size=1931264 bytes (4.7%)
(RDMA_READ_CONSUME_CHECK_CONSUMER) timestamp=748 ms, used_size=1929216 bytes (4.7%)
(RDMA_READ_CONSUME_CHECK_CONSUMER) timestamp=748 ms, used_size=1927168 bytes (4.7%)
(RDMA_READ_CONSUME_CHECK_CONSUMER) timestamp=748 ms, used_size=1925120 bytes (4.7%)
(RDMA_READ_CONSUME_CHECK_CONSUMER) timestamp=748 ms, used_size=1923072 bytes (4.7%)
(RDMA_READ_CONSUME_CHECK_CONSUMER) timestamp=748 ms, used_size=1921024 bytes (4.7%)
(RDMA_READ_CONSUME_CHECK_CONSUMER) timestamp=748 ms, used_size=1918976 bytes (4.7%)
(RDMA_READ_CONSUME_CHECK_CONSUMER) timestamp=748 ms, used_size=1916928 bytes (4.7%)
(RDMA_READ_CONSUME_CHECK_CONSUMER) timestamp=748 ms, used_size=1914880 bytes (4.7%)
(RDMA_READ_CONSUME_CHECK_CONSUMER) timestamp=748 ms, used_size=1912832 bytes (4.7%)
(RDMA_READ_CONSUME_CHECK_CONSUMER) timestamp=748 ms, used_size=1910784 bytes (4.7%)
(RDMA_READ_CONSUME_CHECK_CONSUMER) timestamp=748 ms, used_size=1908736 bytes (4.7%)
(RDMA_READ_CONSUME_CHECK_CONSUMER) timestamp=748 ms, used_size=1906688 bytes (4.7%)
(RDMA_READ_CONSUME_CHECK_CONSUMER) timestamp=748 ms, used_size=1904640 bytes (4.7%)
(RDMA_READ_CONSUME_CHECK_CONSUMER) timestamp=748 ms, used_size=1902592 bytes (4.6%)
(RDMA_READ_CONSUME_CHECK_CONSUMER) timestamp=748 ms, used_size=1900544 bytes (4.6%)
(RDMA_READ_CONSUME_CHECK_CONSUMER) timestamp=748 ms, used_size=1898496 bytes (4.6%)
(RDMA_READ_CONSUME_CHECK_CONSUMER) timestamp=748 ms, used_size=1896448 bytes (4.6%)
(RDMA_READ_CONSUME_CHECK_CONSUMER) timestamp=748 ms, used_size=1894400 bytes (4.6%)
(RDMA_READ_CONSUME_CHECK_CONSUMER) timestamp=748 ms, used_size=1892352 bytes (4.6%)
(RDMA_READ_CONSUME_CHECK_CONSUMER) timestamp=748 ms, used_size=1890304 bytes (4.6%)
(RDMA_READ_CONSUME_CHECK_CONSUMER) timestamp=748 ms, used_size=1888256 bytes (4.6%)
(RDMA_READ_CONSUME_CHECK_CONSUMER) timestamp=748 ms, used_size=1886208 bytes (4.6%)
(RDMA_READ_CONSUME_CHECK_CONSUMER) timestamp=748 ms, used_size=1884160 bytes (4.6%)
(RDMA_READ_CONSUME_CHECK_CONSUMER) timestamp=748 ms, used_size=1882112 bytes (4.6%)
(RDMA_READ_CONSUME_CHECK_CONSUMER) timestamp=748 ms, used_size=1880064 bytes (4.6%)
(RDMA_READ_CONSUME_CHECK_CONSUMER) timestamp=748 ms, used_size=1878016 bytes (4.6%)
(RDMA_READ_CONSUME_CHECK_CONSUMER) timestamp=748 ms, used_size=1875968 bytes (4.6%)
(RDMA_READ_CONSUME_CHECK_CONSUMER) timestamp=748 ms, used_size=1873920 bytes (4.6%)
(RDMA_READ_CONSUME_CHECK_CONSUMER) timestamp=748 ms, used_size=1871872 bytes (4.6%)
(RDMA_READ_CONSUME_CHECK_CONSUMER) timestamp=748 ms, used_size=1869824 bytes (4.6%)
(RDMA_READ_CONSUME_CHECK_CONSUMER) timestamp=748 ms, used_size=1867776 bytes (4.6%)
(RDMA_READ_CONSUME_CHECK_CONSUMER) timestamp=748 ms, used_size=1865728 bytes (4.6%)
(RDMA_READ_CONSUME_CHECK_CONSUMER) timestamp=748 ms, used_size=1863680 bytes (4.5%)
(RDMA_READ_CONSUME_CHECK_CONSUMER) timestamp=748 ms, used_size=1861632 bytes (4.5%)
(RDMA_READ_CONSUME_CHECK_CONSUMER) timestamp=748 ms, used_size=1859584 bytes (4.5%)
(RDMA_READ_CONSUME_CHECK_CONSUMER) timestamp=748 ms, used_size=1857536 bytes (4.5%)
(RDMA_READ_CONSUME_CHECK_CONSUMER) timestamp=748 ms, used_size=1855488 bytes (4.5%)
(RDMA_READ_CONSUME_CHECK_CONSUMER) timestamp=748 ms, used_size=1853440 bytes (4.5%)
(RDMA_READ_CONSUME_CHECK_CONSUMER) timestamp=748 ms, used_size=1851392 bytes (4.5%)
(RDMA_READ_CONSUME_CHECK_CONSUMER) timestamp=748 ms, used_size=1849344 bytes (4.5%)
(RDMA_READ_CONSUME_CHECK_CONSUMER) timestamp=748 ms, used_size=1847296 bytes (4.5%)
(RDMA_READ_CONSUME_CHECK_CONSUMER) timestamp=748 ms, used_size=1845248 bytes (4.5%)
(RDMA_READ_CONSUME_CHECK_CONSUMER) timestamp=748 ms, used_size=1843200 bytes (4.5%)
(RDMA_READ_CONSUME_CHECK_CONSUMER) timestamp=748 ms, used_size=1841152 bytes (4.5%)
(RDMA_READ_CONSUME_CHECK_CONSUMER) timestamp=748 ms, used_size=1839104 bytes (4.5%)
(RDMA_READ_CONSUME_CHECK_CONSUMER) timestamp=748 ms, used_size=1837056 bytes (4.5%)
(RDMA_READ_CONSUME_CHECK_CONSUMER) timestamp=748 ms, used_size=1835008 bytes (4.5%)
(RDMA_READ_CONSUME_CHECK_CONSUMER) timestamp=748 ms, used_size=1832960 bytes (4.5%)
(RDMA_READ_CONSUME_CHECK_CONSUMER) timestamp=748 ms, used_size=1830912 bytes (4.5%)
(RDMA_READ_CONSUME_CHECK_CONSUMER) timestamp=748 ms, used_size=1828864 bytes (4.5%)
(RDMA_READ_CONSUME_CHECK_CONSUMER) timestamp=748 ms, used_size=1826816 bytes (4.5%)
(RDMA_READ_CONSUME_CHECK_CONSUMER) timestamp=748 ms, used_size=1824768 bytes (4.5%)
(RDMA_READ_CONSUME_CHECK_CONSUMER) timestamp=748 ms, used_size=1822720 bytes (4.5%)
(RDMA_READ_CONSUME_CHECK_CONSUMER) timestamp=748 ms, used_size=1820672 bytes (4.4%)
(RDMA_READ_CONSUME_CHECK_CONSUMER) timestamp=749 ms, used_size=1818624 bytes (4.4%)
(RDMA_READ_CONSUME_CHECK_CONSUMER) timestamp=749 ms, used_size=1816576 bytes (4.4%)
(RDMA_READ_CONSUME_CHECK_CONSUMER) timestamp=749 ms, used_size=1814528 bytes (4.4%)
(RDMA_READ_CONSUME_CHECK_CONSUMER) timestamp=749 ms, used_size=1812480 bytes (4.4%)
(RDMA_READ_CONSUME_CHECK_CONSUMER) timestamp=749 ms, used_size=1810432 bytes (4.4%)
(RDMA_READ_CONSUME_CHECK_CONSUMER) timestamp=749 ms, used_size=1808384 bytes (4.4%)
(RDMA_READ_CONSUME_CHECK_CONSUMER) timestamp=749 ms, used_size=1806336 bytes (4.4%)
(RDMA_READ_CONSUME_CHECK_CONSUMER) timestamp=749 ms, used_size=1804288 bytes (4.4%)
(RDMA_READ_CONSUME_CHECK_CONSUMER) timestamp=749 ms, used_size=1802240 bytes (4.4%)
(RDMA_READ_CONSUME_CHECK_CONSUMER) timestamp=749 ms, used_size=1800192 bytes (4.4%)
(RDMA_READ_CONSUME_CHECK_CONSUMER) timestamp=749 ms, used_size=1798144 bytes (4.4%)
(RDMA_READ_CONSUME_CHECK_CONSUMER) timestamp=749 ms, used_size=1796096 bytes (4.4%)
(RDMA_READ_CONSUME_CHECK_CONSUMER) timestamp=749 ms, used_size=1794048 bytes (4.4%)
(RDMA_READ_CONSUME_CHECK_CONSUMER) timestamp=749 ms, used_size=1792000 bytes (4.4%)
(RDMA_READ_CONSUME_CHECK_CONSUMER) timestamp=749 ms, used_size=1789952 bytes (4.4%)
(RDMA_READ_CONSUME_CHECK_CONSUMER) timestamp=749 ms, used_size=1787904 bytes (4.4%)
(RDMA_READ_CONSUME_CHECK_CONSUMER) timestamp=749 ms, used_size=1785856 bytes (4.4%)
(RDMA_READ_CONSUME_CHECK_CONSUMER) timestamp=749 ms, used_size=1783808 bytes (4.4%)
(RDMA_READ_CONSUME_CHECK_CONSUMER) timestamp=749 ms, used_size=1781760 bytes (4.3%)
(RDMA_READ_CONSUME_CHECK_CONSUMER) timestamp=749 ms, used_size=1779712 bytes (4.3%)
(RDMA_READ_CONSUME_CHECK_CONSUMER) timestamp=749 ms, used_size=1777664 bytes (4.3%)
(RDMA_READ_CONSUME_CHECK_CONSUMER) timestamp=749 ms, used_size=1775616 bytes (4.3%)
(RDMA_READ_CONSUME_CHECK_CONSUMER) timestamp=749 ms, used_size=1773568 bytes (4.3%)
(RDMA_READ_CONSUME_CHECK_CONSUMER) timestamp=749 ms, used_size=1771520 bytes (4.3%)
(RDMA_READ_CONSUME_CHECK_CONSUMER) timestamp=749 ms, used_size=1769472 bytes (4.3%)
(RDMA_READ_CONSUME_CHECK_CONSUMER) timestamp=749 ms, used_size=1767424 bytes (4.3%)
(RDMA_READ_CONSUME_CHECK_CONSUMER) timestamp=749 ms, used_size=1765376 bytes (4.3%)
(RDMA_READ_CONSUME_CHECK_CONSUMER) timestamp=749 ms, used_size=1763328 bytes (4.3%)
(RDMA_READ_CONSUME_CHECK_CONSUMER) timestamp=749 ms, used_size=1761280 bytes (4.3%)
(RDMA_READ_CONSUME_CHECK_CONSUMER) timestamp=749 ms, used_size=1759232 bytes (4.3%)
(RDMA_READ_CONSUME_CHECK_CONSUMER) timestamp=749 ms, used_size=1757184 bytes (4.3%)
(RDMA_READ_CONSUME_CHECK_CONSUMER) timestamp=749 ms, used_size=1755136 bytes (4.3%)
(RDMA_READ_CONSUME_CHECK_CONSUMER) timestamp=749 ms, used_size=1753088 bytes (4.3%)
(RDMA_READ_CONSUME_CHECK_CONSUMER) timestamp=749 ms, used_size=1751040 bytes (4.3%)
(RDMA_READ_CONSUME_CHECK_CONSUMER) timestamp=749 ms, used_size=1748992 bytes (4.3%)
(RDMA_READ_CONSUME_CHECK_CONSUMER) timestamp=749 ms, used_size=1746944 bytes (4.3%)
(RDMA_READ_CONSUME_CHECK_CONSUMER) timestamp=749 ms, used_size=1744896 bytes (4.3%)
(RDMA_READ_CONSUME_CHECK_CONSUMER) timestamp=749 ms, used_size=1742848 bytes (4.3%)
(RDMA_READ_CONSUME_CHECK_CONSUMER) timestamp=749 ms, used_size=1740800 bytes (4.2%)
(RDMA_READ_CONSUME_CHECK_CONSUMER) timestamp=749 ms, used_size=1738752 bytes (4.2%)
(RDMA_READ_CONSUME_CHECK_CONSUMER) timestamp=749 ms, used_size=1736704 bytes (4.2%)
(RDMA_READ_CONSUME_CHECK_CONSUMER) timestamp=749 ms, used_size=1734656 bytes (4.2%)
(RDMA_READ_CONSUME_CHECK_CONSUMER) timestamp=749 ms, used_size=1732608 bytes (4.2%)
(RDMA_READ_CONSUME_CHECK_CONSUMER) timestamp=749 ms, used_size=1730560 bytes (4.2%)
(RDMA_READ_CONSUME_CHECK_CONSUMER) timestamp=749 ms, used_size=1728512 bytes (4.2%)
(RDMA_READ_CONSUME_CHECK_CONSUMER) timestamp=749 ms, used_size=1726464 bytes (4.2%)
(RDMA_READ_CONSUME_CHECK_CONSUMER) timestamp=749 ms, used_size=1724416 bytes (4.2%)
(RDMA_READ_CONSUME_CHECK_CONSUMER) timestamp=749 ms, used_size=1722368 bytes (4.2%)
(RDMA_READ_CONSUME_CHECK_CONSUMER) timestamp=749 ms, used_size=1720320 bytes (4.2%)
(RDMA_READ_CONSUME_CHECK_CONSUMER) timestamp=749 ms, used_size=1718272 bytes (4.2%)
(RDMA_READ_CONSUME_CHECK_CONSUMER) timestamp=749 ms, used_size=1716224 bytes (4.2%)
(RDMA_READ_CONSUME_CHECK_CONSUMER) timestamp=749 ms, used_size=1714176 bytes (4.2%)
(RDMA_READ_CONSUME_CHECK_CONSUMER) timestamp=749 ms, used_size=1712128 bytes (4.2%)
(RDMA_READ_CONSUME_CHECK_CONSUMER) timestamp=749 ms, used_size=1710080 bytes (4.2%)
(RDMA_READ_CONSUME_CHECK_CONSUMER) timestamp=749 ms, used_size=1708032 bytes (4.2%)
(RDMA_READ_CONSUME_CHECK_CONSUMER) timestamp=749 ms, used_size=1705984 bytes (4.2%)
(RDMA_READ_CONSUME_CHECK_CONSUMER) timestamp=749 ms, used_size=1703936 bytes (4.2%)
(RDMA_READ_CONSUME_CHECK_CONSUMER) timestamp=749 ms, used_size=1701888 bytes (4.2%)
(RDMA_READ_CONSUME_CHECK_CONSUMER) timestamp=749 ms, used_size=1699840 bytes (4.2%)
(RDMA_READ_CONSUME_CHECK_CONSUMER) timestamp=749 ms, used_size=1697792 bytes (4.1%)
(RDMA_READ_CONSUME_CHECK_CONSUMER) timestamp=749 ms, used_size=1695744 bytes (4.1%)
(RDMA_READ_CONSUME_CHECK_CONSUMER) timestamp=749 ms, used_size=1693696 bytes (4.1%)
(RDMA_READ_CONSUME_CHECK_CONSUMER) timestamp=749 ms, used_size=1691648 bytes (4.1%)
(RDMA_READ_CONSUME_CHECK_CONSUMER) timestamp=749 ms, used_size=1689600 bytes (4.1%)
(RDMA_READ_CONSUME_CHECK_CONSUMER) timestamp=749 ms, used_size=1687552 bytes (4.1%)
(RDMA_READ_CONSUME_CHECK_CONSUMER) timestamp=749 ms, used_size=1685504 bytes (4.1%)
(RDMA_READ_CONSUME_CHECK_CONSUMER) timestamp=749 ms, used_size=1683456 bytes (4.1%)
(RDMA_READ_CONSUME_CHECK_CONSUMER) timestamp=749 ms, used_size=1681408 bytes (4.1%)
(RDMA_READ_CONSUME_CHECK_CONSUMER) timestamp=749 ms, used_size=1679360 bytes (4.1%)
(RDMA_READ_CONSUME_CHECK_CONSUMER) timestamp=749 ms, used_size=1677312 bytes (4.1%)
(RDMA_READ_CONSUME_CHECK_CONSUMER) timestamp=749 ms, used_size=1675264 bytes (4.1%)
(RDMA_READ_CONSUME_CHECK_CONSUMER) timestamp=749 ms, used_size=1673216 bytes (4.1%)
(RDMA_READ_CONSUME_CHECK_CONSUMER) timestamp=749 ms, used_size=1671168 bytes (4.1%)
(RDMA_READ_CONSUME_CHECK_CONSUMER) timestamp=749 ms, used_size=1669120 bytes (4.1%)
(RDMA_READ_CONSUME_CHECK_CONSUMER) timestamp=749 ms, used_size=1667072 bytes (4.1%)
(RDMA_READ_CONSUME_CHECK_CONSUMER) timestamp=749 ms, used_size=1665024 bytes (4.1%)
(RDMA_READ_CONSUME_CHECK_CONSUMER) timestamp=749 ms, used_size=1662976 bytes (4.1%)
(RDMA_READ_CONSUME_CHECK_CONSUMER) timestamp=749 ms, used_size=1660928 bytes (4.1%)
(RDMA_READ_CONSUME_CHECK_CONSUMER) timestamp=749 ms, used_size=1658880 bytes (4.0%)
(RDMA_READ_CONSUME_CHECK_CONSUMER) timestamp=749 ms, used_size=1656832 bytes (4.0%)
(RDMA_READ_CONSUME_CHECK_CONSUMER) timestamp=749 ms, used_size=1654784 bytes (4.0%)
(RDMA_READ_CONSUME_CHECK_CONSUMER) timestamp=749 ms, used_size=1652736 bytes (4.0%)
(RDMA_READ_CONSUME_CHECK_CONSUMER) timestamp=749 ms, used_size=1650688 bytes (4.0%)
(RDMA_READ_CONSUME_CHECK_CONSUMER) timestamp=749 ms, used_size=1648640 bytes (4.0%)
(RDMA_READ_CONSUME_CHECK_CONSUMER) timestamp=749 ms, used_size=1646592 bytes (4.0%)
(RDMA_READ_CONSUME_CHECK_CONSUMER) timestamp=749 ms, used_size=1644544 bytes (4.0%)
(RDMA_READ_CONSUME_CHECK_CONSUMER) timestamp=749 ms, used_size=1642496 bytes (4.0%)
(RDMA_READ_CONSUME_CHECK_CONSUMER) timestamp=749 ms, used_size=1640448 bytes (4.0%)
(RDMA_READ_CONSUME_CHECK_CONSUMER) timestamp=749 ms, used_size=1638400 bytes (4.0%)
(RDMA_READ_CONSUME_CHECK_CONSUMER) timestamp=749 ms, used_size=1636352 bytes (4.0%)
(RDMA_READ_CONSUME_CHECK_CONSUMER) timestamp=749 ms, used_size=1634304 bytes (4.0%)
(RDMA_READ_CONSUME_CHECK_CONSUMER) timestamp=749 ms, used_size=1632256 bytes (4.0%)
(RDMA_READ_CONSUME_CHECK_CONSUMER) timestamp=749 ms, used_size=1630208 bytes (4.0%)
(RDMA_READ_CONSUME_CHECK_CONSUMER) timestamp=749 ms, used_size=1628160 bytes (4.0%)
(RDMA_READ_CONSUME_CHECK_CONSUMER) timestamp=749 ms, used_size=1626112 bytes (4.0%)
(RDMA_READ_CONSUME_CHECK_CONSUMER) timestamp=749 ms, used_size=1624064 bytes (4.0%)
(RDMA_READ_CONSUME_CHECK_CONSUMER) timestamp=749 ms, used_size=1622016 bytes (4.0%)
(RDMA_READ_CONSUME_CHECK_CONSUMER) timestamp=749 ms, used_size=1619968 bytes (4.0%)
(RDMA_READ_CONSUME_CHECK_CONSUMER) timestamp=749 ms, used_size=1617920 bytes (4.0%)
(RDMA_READ_CONSUME_CHECK_CONSUMER) timestamp=749 ms, used_size=1615872 bytes (3.9%)
(RDMA_READ_CONSUME_CHECK_CONSUMER) timestamp=749 ms, used_size=1613824 bytes (3.9%)
(RDMA_READ_CONSUME_CHECK_CONSUMER) timestamp=749 ms, used_size=1611776 bytes (3.9%)
(RDMA_READ_CONSUME_CHECK_CONSUMER) timestamp=749 ms, used_size=1609728 bytes (3.9%)
(RDMA_READ_CONSUME_CHECK_CONSUMER) timestamp=749 ms, used_size=1607680 bytes (3.9%)
(RDMA_READ_CONSUME_CHECK_CONSUMER) timestamp=749 ms, used_size=1605632 bytes (3.9%)
(RDMA_READ_CONSUME_CHECK_CONSUMER) timestamp=749 ms, used_size=1603584 bytes (3.9%)
(RDMA_READ_CONSUME_CHECK_CONSUMER) timestamp=749 ms, used_size=1601536 bytes (3.9%)
(RDMA_READ_CONSUME_CHECK_CONSUMER) timestamp=749 ms, used_size=1599488 bytes (3.9%)
(RDMA_READ_CONSUME_CHECK_CONSUMER) timestamp=749 ms, used_size=1597440 bytes (3.9%)
(RDMA_READ_CONSUME_CHECK_CONSUMER) timestamp=749 ms, used_size=1595392 bytes (3.9%)
(RDMA_READ_CONSUME_CHECK_CONSUMER) timestamp=749 ms, used_size=1593344 bytes (3.9%)
(RDMA_READ_CONSUME_CHECK_CONSUMER) timestamp=749 ms, used_size=1591296 bytes (3.9%)
(RDMA_READ_CONSUME_CHECK_CONSUMER) timestamp=749 ms, used_size=1589248 bytes (3.9%)
(RDMA_READ_CONSUME_CHECK_CONSUMER) timestamp=749 ms, used_size=1587200 bytes (3.9%)
(RDMA_READ_CONSUME_CHECK_CONSUMER) timestamp=749 ms, used_size=1585152 bytes (3.9%)
(RDMA_READ_CONSUME_CHECK_CONSUMER) timestamp=749 ms, used_size=1583104 bytes (3.9%)
(RDMA_READ_CONSUME_CHECK_CONSUMER) timestamp=749 ms, used_size=1581056 bytes (3.9%)
(RDMA_READ_CONSUME_CHECK_CONSUMER) timestamp=749 ms, used_size=1579008 bytes (3.9%)
(RDMA_READ_CONSUME_CHECK_CONSUMER) timestamp=749 ms, used_size=1576960 bytes (3.9%)
(RDMA_READ_CONSUME_CHECK_CONSUMER) timestamp=749 ms, used_size=1574912 bytes (3.8%)
(RDMA_READ_CONSUME_CHECK_CONSUMER) timestamp=749 ms, used_size=1572864 bytes (3.8%)
(RDMA_READ_CONSUME_CHECK_CONSUMER) timestamp=749 ms, used_size=1570816 bytes (3.8%)
(RDMA_READ_CONSUME_CHECK_CONSUMER) timestamp=749 ms, used_size=1568768 bytes (3.8%)
(RDMA_READ_CONSUME_CHECK_CONSUMER) timestamp=749 ms, used_size=1566720 bytes (3.8%)
(RDMA_READ_CONSUME_CHECK_CONSUMER) timestamp=749 ms, used_size=1564672 bytes (3.8%)
(RDMA_READ_CONSUME_CHECK_CONSUMER) timestamp=749 ms, used_size=1562624 bytes (3.8%)
(RDMA_READ_CONSUME_CHECK_CONSUMER) timestamp=749 ms, used_size=1560576 bytes (3.8%)
(RDMA_READ_CONSUME_CHECK_CONSUMER) timestamp=749 ms, used_size=1558528 bytes (3.8%)
(RDMA_READ_CONSUME_CHECK_CONSUMER) timestamp=749 ms, used_size=1556480 bytes (3.8%)
(RDMA_READ_CONSUME_CHECK_CONSUMER) timestamp=749 ms, used_size=1554432 bytes (3.8%)
(RDMA_READ_CONSUME_CHECK_CONSUMER) timestamp=749 ms, used_size=1552384 bytes (3.8%)
(RDMA_READ_CONSUME_CHECK_CONSUMER) timestamp=749 ms, used_size=1550336 bytes (3.8%)
(RDMA_READ_CONSUME_CHECK_CONSUMER) timestamp=749 ms, used_size=1548288 bytes (3.8%)
(RDMA_READ_CONSUME_CHECK_CONSUMER) timestamp=749 ms, used_size=1546240 bytes (3.8%)
(RDMA_READ_CONSUME_CHECK_CONSUMER) timestamp=749 ms, used_size=1544192 bytes (3.8%)
(RDMA_READ_CONSUME_CHECK_CONSUMER) timestamp=749 ms, used_size=1542144 bytes (3.8%)
(RDMA_READ_CONSUME_CHECK_CONSUMER) timestamp=749 ms, used_size=1540096 bytes (3.8%)
(RDMA_READ_CONSUME_CHECK_CONSUMER) timestamp=749 ms, used_size=1538048 bytes (3.8%)
(RDMA_READ_CONSUME_CHECK_CONSUMER) timestamp=749 ms, used_size=1536000 bytes (3.8%)
(RDMA_READ_CONSUME_CHECK_CONSUMER) timestamp=749 ms, used_size=1533952 bytes (3.7%)
(RDMA_READ_CONSUME_CHECK_CONSUMER) timestamp=749 ms, used_size=1531904 bytes (3.7%)
(RDMA_READ_CONSUME_CHECK_CONSUMER) timestamp=749 ms, used_size=1529856 bytes (3.7%)
(RDMA_READ_CONSUME_CHECK_CONSUMER) timestamp=749 ms, used_size=1527808 bytes (3.7%)
(RDMA_READ_CONSUME_CHECK_CONSUMER) timestamp=749 ms, used_size=1525760 bytes (3.7%)
(RDMA_READ_CONSUME_CHECK_CONSUMER) timestamp=749 ms, used_size=1523712 bytes (3.7%)
(RDMA_READ_CONSUME_CHECK_CONSUMER) timestamp=749 ms, used_size=1521664 bytes (3.7%)
(RDMA_READ_CONSUME_CHECK_CONSUMER) timestamp=749 ms, used_size=1519616 bytes (3.7%)
(RDMA_READ_CONSUME_CHECK_CONSUMER) timestamp=749 ms, used_size=1517568 bytes (3.7%)
(RDMA_READ_CONSUME_CHECK_CONSUMER) timestamp=749 ms, used_size=1515520 bytes (3.7%)
(RDMA_READ_CONSUME_CHECK_CONSUMER) timestamp=749 ms, used_size=1513472 bytes (3.7%)
(RDMA_READ_CONSUME_CHECK_CONSUMER) timestamp=749 ms, used_size=1511424 bytes (3.7%)
(RDMA_READ_CONSUME_CHECK_CONSUMER) timestamp=749 ms, used_size=1509376 bytes (3.7%)
(RDMA_READ_CONSUME_CHECK_CONSUMER) timestamp=749 ms, used_size=1507328 bytes (3.7%)
(RDMA_READ_CONSUME_CHECK_CONSUMER) timestamp=749 ms, used_size=1505280 bytes (3.7%)
(RDMA_READ_CONSUME_CHECK_CONSUMER) timestamp=749 ms, used_size=1503232 bytes (3.7%)
(RDMA_READ_CONSUME_CHECK_CONSUMER) timestamp=749 ms, used_size=1501184 bytes (3.7%)
(RDMA_READ_CONSUME_CHECK_CONSUMER) timestamp=749 ms, used_size=1499136 bytes (3.7%)
(RDMA_READ_CONSUME_CHECK_CONSUMER) timestamp=749 ms, used_size=1497088 bytes (3.7%)
(RDMA_READ_CONSUME_CHECK_CONSUMER) timestamp=749 ms, used_size=1495040 bytes (3.6%)
(RDMA_READ_CONSUME_CHECK_CONSUMER) timestamp=749 ms, used_size=1492992 bytes (3.6%)
(RDMA_READ_CONSUME_CHECK_CONSUMER) timestamp=749 ms, used_size=1490944 bytes (3.6%)
(RDMA_READ_CONSUME_CHECK_CONSUMER) timestamp=749 ms, used_size=1488896 bytes (3.6%)
(RDMA_READ_CONSUME_CHECK_CONSUMER) timestamp=749 ms, used_size=1486848 bytes (3.6%)
(RDMA_READ_CONSUME_CHECK_CONSUMER) timestamp=749 ms, used_size=1484800 bytes (3.6%)
(RDMA_READ_CONSUME_CHECK_CONSUMER) timestamp=749 ms, used_size=1482752 bytes (3.6%)
(RDMA_READ_CONSUME_CHECK_CONSUMER) timestamp=749 ms, used_size=1480704 bytes (3.6%)
(RDMA_READ_CONSUME_CHECK_CONSUMER) timestamp=749 ms, used_size=1478656 bytes (3.6%)
(RDMA_READ_CONSUME_CHECK_CONSUMER) timestamp=749 ms, used_size=1476608 bytes (3.6%)
(RDMA_READ_CONSUME_CHECK_CONSUMER) timestamp=749 ms, used_size=1474560 bytes (3.6%)
(RDMA_READ_CONSUME_CHECK_CONSUMER) timestamp=749 ms, used_size=1472512 bytes (3.6%)
(RDMA_READ_CONSUME_CHECK_CONSUMER) timestamp=749 ms, used_size=1470464 bytes (3.6%)
(RDMA_READ_CONSUME_CHECK_CONSUMER) timestamp=749 ms, used_size=1468416 bytes (3.6%)
(RDMA_READ_CONSUME_CHECK_CONSUMER) timestamp=749 ms, used_size=1466368 bytes (3.6%)
(RDMA_READ_CONSUME_CHECK_CONSUMER) timestamp=749 ms, used_size=1464320 bytes (3.6%)
(RDMA_READ_CONSUME_CHECK_CONSUMER) timestamp=749 ms, used_size=1462272 bytes (3.6%)
(RDMA_READ_CONSUME_CHECK_CONSUMER) timestamp=749 ms, used_size=1460224 bytes (3.6%)
(RDMA_READ_CONSUME_CHECK_CONSUMER) timestamp=749 ms, used_size=1458176 bytes (3.6%)
(RDMA_READ_CONSUME_CHECK_CONSUMER) timestamp=749 ms, used_size=1456128 bytes (3.6%)
(RDMA_READ_CONSUME_CHECK_CONSUMER) timestamp=749 ms, used_size=1454080 bytes (3.5%)
(RDMA_READ_CONSUME_CHECK_CONSUMER) timestamp=749 ms, used_size=1452032 bytes (3.5%)
(RDMA_READ_CONSUME_CHECK_CONSUMER) timestamp=749 ms, used_size=1449984 bytes (3.5%)
(RDMA_READ_CONSUME_CHECK_CONSUMER) timestamp=749 ms, used_size=1447936 bytes (3.5%)
(RDMA_READ_CONSUME_CHECK_CONSUMER) timestamp=750 ms, used_size=1445888 bytes (3.5%)
(RDMA_READ_CONSUME_CHECK_CONSUMER) timestamp=750 ms, used_size=1443840 bytes (3.5%)
(RDMA_READ_CONSUME_CHECK_CONSUMER) timestamp=750 ms, used_size=1441792 bytes (3.5%)
(RDMA_READ_CONSUME_CHECK_CONSUMER) timestamp=750 ms, used_size=1439744 bytes (3.5%)
(RDMA_READ_CONSUME_CHECK_CONSUMER) timestamp=750 ms, used_size=1437696 bytes (3.5%)
(RDMA_READ_CONSUME_CHECK_CONSUMER) timestamp=750 ms, used_size=1435648 bytes (3.5%)
(RDMA_READ_CONSUME_CHECK_CONSUMER) timestamp=750 ms, used_size=1433600 bytes (3.5%)
(RDMA_READ_CONSUME_CHECK_CONSUMER) timestamp=750 ms, used_size=1431552 bytes (3.5%)
(RDMA_READ_CONSUME_CHECK_CONSUMER) timestamp=750 ms, used_size=1429504 bytes (3.5%)
(RDMA_READ_CONSUME_CHECK_CONSUMER) timestamp=750 ms, used_size=1427456 bytes (3.5%)
(RDMA_READ_CONSUME_CHECK_CONSUMER) timestamp=750 ms, used_size=1425408 bytes (3.5%)
(RDMA_READ_CONSUME_CHECK_CONSUMER) timestamp=750 ms, used_size=1423360 bytes (3.5%)
(RDMA_READ_CONSUME_CHECK_CONSUMER) timestamp=750 ms, used_size=1421312 bytes (3.5%)
(RDMA_READ_CONSUME_CHECK_CONSUMER) timestamp=750 ms, used_size=1419264 bytes (3.5%)
(RDMA_READ_CONSUME_CHECK_CONSUMER) timestamp=750 ms, used_size=1417216 bytes (3.5%)
(RDMA_READ_CONSUME_CHECK_CONSUMER) timestamp=750 ms, used_size=1415168 bytes (3.5%)
(RDMA_READ_CONSUME_CHECK_CONSUMER) timestamp=750 ms, used_size=1413120 bytes (3.5%)
(RDMA_READ_CONSUME_CHECK_CONSUMER) timestamp=750 ms, used_size=1411072 bytes (3.4%)
(RDMA_READ_CONSUME_CHECK_CONSUMER) timestamp=750 ms, used_size=1409024 bytes (3.4%)
(RDMA_READ_CONSUME_CHECK_CONSUMER) timestamp=750 ms, used_size=1406976 bytes (3.4%)
(RDMA_READ_CONSUME_CHECK_CONSUMER) timestamp=750 ms, used_size=1404928 bytes (3.4%)
(RDMA_READ_CONSUME_CHECK_CONSUMER) timestamp=750 ms, used_size=1402880 bytes (3.4%)
(RDMA_READ_CONSUME_CHECK_CONSUMER) timestamp=750 ms, used_size=1400832 bytes (3.4%)
(RDMA_READ_CONSUME_CHECK_CONSUMER) timestamp=750 ms, used_size=1398784 bytes (3.4%)
(RDMA_READ_CONSUME_CHECK_CONSUMER) timestamp=750 ms, used_size=1396736 bytes (3.4%)
(RDMA_READ_CONSUME_CHECK_CONSUMER) timestamp=750 ms, used_size=1394688 bytes (3.4%)
(RDMA_READ_CONSUME_CHECK_CONSUMER) timestamp=750 ms, used_size=1392640 bytes (3.4%)
(RDMA_READ_CONSUME_CHECK_CONSUMER) timestamp=750 ms, used_size=1390592 bytes (3.4%)
(RDMA_READ_CONSUME_CHECK_CONSUMER) timestamp=750 ms, used_size=1388544 bytes (3.4%)
(RDMA_READ_CONSUME_CHECK_CONSUMER) timestamp=750 ms, used_size=1386496 bytes (3.4%)
(RDMA_READ_CONSUME_CHECK_CONSUMER) timestamp=750 ms, used_size=1384448 bytes (3.4%)
(RDMA_READ_CONSUME_CHECK_CONSUMER) timestamp=750 ms, used_size=1382400 bytes (3.4%)
(RDMA_READ_CONSUME_CHECK_CONSUMER) timestamp=750 ms, used_size=1380352 bytes (3.4%)
(RDMA_READ_CONSUME_CHECK_CONSUMER) timestamp=750 ms, used_size=1378304 bytes (3.4%)
(RDMA_READ_CONSUME_CHECK_CONSUMER) timestamp=750 ms, used_size=1376256 bytes (3.4%)
(RDMA_READ_CONSUME_CHECK_CONSUMER) timestamp=750 ms, used_size=1374208 bytes (3.4%)
(RDMA_READ_CONSUME_CHECK_CONSUMER) timestamp=750 ms, used_size=1372160 bytes (3.4%)
(RDMA_READ_CONSUME_CHECK_CONSUMER) timestamp=750 ms, used_size=1370112 bytes (3.3%)
(RDMA_READ_CONSUME_CHECK_CONSUMER) timestamp=750 ms, used_size=1368064 bytes (3.3%)
(RDMA_READ_CONSUME_CHECK_CONSUMER) timestamp=750 ms, used_size=1366016 bytes (3.3%)
(RDMA_READ_CONSUME_CHECK_CONSUMER) timestamp=750 ms, used_size=1363968 bytes (3.3%)
(RDMA_READ_CONSUME_CHECK_CONSUMER) timestamp=750 ms, used_size=1361920 bytes (3.3%)
(RDMA_READ_CONSUME_CHECK_CONSUMER) timestamp=750 ms, used_size=1359872 bytes (3.3%)
(RDMA_READ_CONSUME_CHECK_CONSUMER) timestamp=750 ms, used_size=1357824 bytes (3.3%)
(RDMA_READ_CONSUME_CHECK_CONSUMER) timestamp=750 ms, used_size=1355776 bytes (3.3%)
(RDMA_READ_CONSUME_CHECK_CONSUMER) timestamp=750 ms, used_size=1353728 bytes (3.3%)
(RDMA_READ_CONSUME_CHECK_CONSUMER) timestamp=750 ms, used_size=1351680 bytes (3.3%)
(RDMA_READ_CONSUME_CHECK_CONSUMER) timestamp=750 ms, used_size=1349632 bytes (3.3%)
(RDMA_READ_CONSUME_CHECK_CONSUMER) timestamp=750 ms, used_size=1347584 bytes (3.3%)
(RDMA_READ_CONSUME_CHECK_CONSUMER) timestamp=750 ms, used_size=1345536 bytes (3.3%)
(RDMA_READ_CONSUME_CHECK_CONSUMER) timestamp=750 ms, used_size=1343488 bytes (3.3%)
(RDMA_READ_CONSUME_CHECK_CONSUMER) timestamp=750 ms, used_size=1341440 bytes (3.3%)
(RDMA_READ_CONSUME_CHECK_CONSUMER) timestamp=750 ms, used_size=1339392 bytes (3.3%)
(RDMA_READ_CONSUME_CHECK_CONSUMER) timestamp=750 ms, used_size=1337344 bytes (3.3%)
(RDMA_READ_CONSUME_CHECK_CONSUMER) timestamp=750 ms, used_size=1335296 bytes (3.3%)
(RDMA_READ_CONSUME_CHECK_CONSUMER) timestamp=750 ms, used_size=1333248 bytes (3.3%)
(RDMA_READ_CONSUME_CHECK_CONSUMER) timestamp=750 ms, used_size=1331200 bytes (3.2%)
(RDMA_READ_CONSUME_CHECK_CONSUMER) timestamp=750 ms, used_size=1329152 bytes (3.2%)
(RDMA_READ_CONSUME_CHECK_CONSUMER) timestamp=750 ms, used_size=1327104 bytes (3.2%)
(RDMA_READ_CONSUME_CHECK_CONSUMER) timestamp=750 ms, used_size=1325056 bytes (3.2%)
(RDMA_READ_CONSUME_CHECK_CONSUMER) timestamp=750 ms, used_size=1323008 bytes (3.2%)
(RDMA_READ_CONSUME_CHECK_CONSUMER) timestamp=750 ms, used_size=1320960 bytes (3.2%)
(RDMA_READ_CONSUME_CHECK_CONSUMER) timestamp=750 ms, used_size=1318912 bytes (3.2%)
(RDMA_READ_CONSUME_CHECK_CONSUMER) timestamp=750 ms, used_size=1316864 bytes (3.2%)
(RDMA_READ_CONSUME_CHECK_CONSUMER) timestamp=750 ms, used_size=1314816 bytes (3.2%)
(RDMA_READ_CONSUME_CHECK_CONSUMER) timestamp=750 ms, used_size=1312768 bytes (3.2%)
(RDMA_READ_CONSUME_CHECK_CONSUMER) timestamp=750 ms, used_size=1310720 bytes (3.2%)
(RDMA_READ_CONSUME_CHECK_CONSUMER) timestamp=750 ms, used_size=1308672 bytes (3.2%)
(RDMA_READ_CONSUME_CHECK_CONSUMER) timestamp=750 ms, used_size=1306624 bytes (3.2%)
(RDMA_READ_CONSUME_CHECK_CONSUMER) timestamp=750 ms, used_size=1304576 bytes (3.2%)
(RDMA_READ_CONSUME_CHECK_CONSUMER) timestamp=750 ms, used_size=1302528 bytes (3.2%)
(RDMA_READ_CONSUME_CHECK_CONSUMER) timestamp=750 ms, used_size=1300480 bytes (3.2%)
(RDMA_READ_CONSUME_CHECK_CONSUMER) timestamp=750 ms, used_size=1298432 bytes (3.2%)
(RDMA_READ_CONSUME_CHECK_CONSUMER) timestamp=750 ms, used_size=1296384 bytes (3.2%)
(RDMA_READ_CONSUME_CHECK_CONSUMER) timestamp=750 ms, used_size=1294336 bytes (3.2%)
(RDMA_READ_CONSUME_CHECK_CONSUMER) timestamp=750 ms, used_size=1292288 bytes (3.2%)
(RDMA_READ_CONSUME_CHECK_CONSUMER) timestamp=750 ms, used_size=1290240 bytes (3.1%)
(RDMA_READ_CONSUME_CHECK_CONSUMER) timestamp=750 ms, used_size=1288192 bytes (3.1%)
(RDMA_READ_CONSUME_CHECK_CONSUMER) timestamp=750 ms, used_size=1286144 bytes (3.1%)
(RDMA_READ_CONSUME_CHECK_CONSUMER) timestamp=750 ms, used_size=1284096 bytes (3.1%)
(RDMA_READ_CONSUME_CHECK_CONSUMER) timestamp=750 ms, used_size=1282048 bytes (3.1%)
(RDMA_READ_CONSUME_CHECK_CONSUMER) timestamp=750 ms, used_size=1280000 bytes (3.1%)
(RDMA_READ_CONSUME_CHECK_CONSUMER) timestamp=750 ms, used_size=1277952 bytes (3.1%)
(RDMA_READ_CONSUME_CHECK_CONSUMER) timestamp=750 ms, used_size=1275904 bytes (3.1%)
(RDMA_READ_CONSUME_CHECK_CONSUMER) timestamp=750 ms, used_size=1273856 bytes (3.1%)
(RDMA_READ_CONSUME_CHECK_CONSUMER) timestamp=750 ms, used_size=1271808 bytes (3.1%)
(RDMA_READ_CONSUME_CHECK_CONSUMER) timestamp=750 ms, used_size=1269760 bytes (3.1%)
(RDMA_READ_CONSUME_CHECK_CONSUMER) timestamp=750 ms, used_size=1267712 bytes (3.1%)
(RDMA_READ_CONSUME_CHECK_CONSUMER) timestamp=750 ms, used_size=1265664 bytes (3.1%)
(RDMA_READ_CONSUME_CHECK_CONSUMER) timestamp=750 ms, used_size=1263616 bytes (3.1%)
(RDMA_READ_CONSUME_CHECK_CONSUMER) timestamp=750 ms, used_size=1261568 bytes (3.1%)
(RDMA_READ_CONSUME_CHECK_CONSUMER) timestamp=750 ms, used_size=1259520 bytes (3.1%)
(RDMA_READ_CONSUME_CHECK_CONSUMER) timestamp=750 ms, used_size=1257472 bytes (3.1%)
(RDMA_READ_CONSUME_CHECK_CONSUMER) timestamp=750 ms, used_size=1255424 bytes (3.1%)
(RDMA_READ_CONSUME_CHECK_CONSUMER) timestamp=750 ms, used_size=1253376 bytes (3.1%)
(RDMA_READ_CONSUME_CHECK_CONSUMER) timestamp=750 ms, used_size=1251328 bytes (3.1%)
(RDMA_READ_CONSUME_CHECK_CONSUMER) timestamp=750 ms, used_size=1249280 bytes (3.0%)
(RDMA_READ_CONSUME_CHECK_CONSUMER) timestamp=750 ms, used_size=1247232 bytes (3.0%)
(RDMA_READ_CONSUME_CHECK_CONSUMER) timestamp=750 ms, used_size=1245184 bytes (3.0%)
(RDMA_READ_CONSUME_CHECK_CONSUMER) timestamp=750 ms, used_size=1243136 bytes (3.0%)
(RDMA_READ_CONSUME_CHECK_CONSUMER) timestamp=750 ms, used_size=1241088 bytes (3.0%)
(RDMA_READ_CONSUME_CHECK_CONSUMER) timestamp=750 ms, used_size=1239040 bytes (3.0%)
(RDMA_READ_CONSUME_CHECK_CONSUMER) timestamp=750 ms, used_size=1236992 bytes (3.0%)
(RDMA_READ_CONSUME_CHECK_CONSUMER) timestamp=750 ms, used_size=1234944 bytes (3.0%)
(RDMA_READ_CONSUME_CHECK_CONSUMER) timestamp=750 ms, used_size=1232896 bytes (3.0%)
(RDMA_READ_CONSUME_CHECK_CONSUMER) timestamp=750 ms, used_size=1230848 bytes (3.0%)
(RDMA_READ_CONSUME_CHECK_CONSUMER) timestamp=750 ms, used_size=1228800 bytes (3.0%)
(RDMA_READ_CONSUME_CHECK_CONSUMER) timestamp=750 ms, used_size=1226752 bytes (3.0%)
(RDMA_READ_CONSUME_CHECK_CONSUMER) timestamp=750 ms, used_size=1224704 bytes (3.0%)
(RDMA_READ_CONSUME_CHECK_CONSUMER) timestamp=750 ms, used_size=1222656 bytes (3.0%)
(RDMA_READ_CONSUME_CHECK_CONSUMER) timestamp=750 ms, used_size=1220608 bytes (3.0%)
(RDMA_READ_CONSUME_CHECK_CONSUMER) timestamp=750 ms, used_size=1218560 bytes (3.0%)
(RDMA_READ_CONSUME_CHECK_CONSUMER) timestamp=750 ms, used_size=1216512 bytes (3.0%)
(RDMA_READ_CONSUME_CHECK_CONSUMER) timestamp=750 ms, used_size=1214464 bytes (3.0%)
(RDMA_READ_CONSUME_CHECK_CONSUMER) timestamp=750 ms, used_size=1212416 bytes (3.0%)
(RDMA_READ_CONSUME_CHECK_CONSUMER) timestamp=750 ms, used_size=1210368 bytes (3.0%)
(RDMA_READ_CONSUME_CHECK_CONSUMER) timestamp=750 ms, used_size=1208320 bytes (3.0%)
(RDMA_READ_CONSUME_CHECK_CONSUMER) timestamp=750 ms, used_size=1206272 bytes (2.9%)
(RDMA_READ_CONSUME_CHECK_CONSUMER) timestamp=750 ms, used_size=1204224 bytes (2.9%)
(RDMA_READ_CONSUME_CHECK_CONSUMER) timestamp=750 ms, used_size=1202176 bytes (2.9%)
(RDMA_READ_CONSUME_CHECK_CONSUMER) timestamp=750 ms, used_size=1200128 bytes (2.9%)
(RDMA_READ_CONSUME_CHECK_CONSUMER) timestamp=750 ms, used_size=1198080 bytes (2.9%)
(RDMA_READ_CONSUME_CHECK_CONSUMER) timestamp=750 ms, used_size=1196032 bytes (2.9%)
(RDMA_READ_CONSUME_CHECK_CONSUMER) timestamp=750 ms, used_size=1193984 bytes (2.9%)
(RDMA_READ_CONSUME_CHECK_CONSUMER) timestamp=750 ms, used_size=1191936 bytes (2.9%)
(RDMA_READ_CONSUME_CHECK_CONSUMER) timestamp=750 ms, used_size=1189888 bytes (2.9%)
(RDMA_READ_CONSUME_CHECK_CONSUMER) timestamp=750 ms, used_size=1187840 bytes (2.9%)
(RDMA_READ_CONSUME_CHECK_CONSUMER) timestamp=750 ms, used_size=1185792 bytes (2.9%)
(RDMA_READ_CONSUME_CHECK_CONSUMER) timestamp=750 ms, used_size=1183744 bytes (2.9%)
(RDMA_READ_CONSUME_CHECK_CONSUMER) timestamp=750 ms, used_size=1181696 bytes (2.9%)
(RDMA_READ_CONSUME_CHECK_CONSUMER) timestamp=750 ms, used_size=1179648 bytes (2.9%)
(RDMA_READ_CONSUME_CHECK_CONSUMER) timestamp=750 ms, used_size=1177600 bytes (2.9%)
(RDMA_READ_CONSUME_CHECK_CONSUMER) timestamp=750 ms, used_size=1175552 bytes (2.9%)
(RDMA_READ_CONSUME_CHECK_CONSUMER) timestamp=750 ms, used_size=1173504 bytes (2.9%)
(RDMA_READ_CONSUME_CHECK_CONSUMER) timestamp=750 ms, used_size=1171456 bytes (2.9%)
(RDMA_READ_CONSUME_CHECK_CONSUMER) timestamp=750 ms, used_size=1169408 bytes (2.9%)
(RDMA_READ_CONSUME_CHECK_CONSUMER) timestamp=750 ms, used_size=1167360 bytes (2.9%)
(RDMA_READ_CONSUME_CHECK_CONSUMER) timestamp=750 ms, used_size=1165312 bytes (2.8%)
(RDMA_READ_CONSUME_CHECK_CONSUMER) timestamp=750 ms, used_size=1163264 bytes (2.8%)
(RDMA_READ_CONSUME_CHECK_CONSUMER) timestamp=750 ms, used_size=1161216 bytes (2.8%)
(RDMA_READ_CONSUME_CHECK_CONSUMER) timestamp=750 ms, used_size=1159168 bytes (2.8%)
(RDMA_READ_CONSUME_CHECK_CONSUMER) timestamp=750 ms, used_size=1157120 bytes (2.8%)
(RDMA_READ_CONSUME_CHECK_CONSUMER) timestamp=750 ms, used_size=1155072 bytes (2.8%)
(RDMA_READ_CONSUME_CHECK_CONSUMER) timestamp=750 ms, used_size=1153024 bytes (2.8%)
(RDMA_READ_CONSUME_CHECK_CONSUMER) timestamp=750 ms, used_size=1150976 bytes (2.8%)
(RDMA_READ_CONSUME_CHECK_CONSUMER) timestamp=750 ms, used_size=1148928 bytes (2.8%)
(RDMA_READ_CONSUME_CHECK_CONSUMER) timestamp=750 ms, used_size=1146880 bytes (2.8%)
(RDMA_READ_CONSUME_CHECK_CONSUMER) timestamp=750 ms, used_size=1144832 bytes (2.8%)
(RDMA_READ_CONSUME_CHECK_CONSUMER) timestamp=750 ms, used_size=1142784 bytes (2.8%)
(RDMA_READ_CONSUME_CHECK_CONSUMER) timestamp=750 ms, used_size=1140736 bytes (2.8%)
(RDMA_READ_CONSUME_CHECK_CONSUMER) timestamp=750 ms, used_size=1138688 bytes (2.8%)
(RDMA_READ_CONSUME_CHECK_CONSUMER) timestamp=750 ms, used_size=1136640 bytes (2.8%)
(RDMA_READ_CONSUME_CHECK_CONSUMER) timestamp=750 ms, used_size=1134592 bytes (2.8%)
(RDMA_READ_CONSUME_CHECK_CONSUMER) timestamp=750 ms, used_size=1132544 bytes (2.8%)
(RDMA_READ_CONSUME_CHECK_CONSUMER) timestamp=750 ms, used_size=1130496 bytes (2.8%)
(RDMA_READ_CONSUME_CHECK_CONSUMER) timestamp=750 ms, used_size=1128448 bytes (2.8%)
(RDMA_READ_CONSUME_CHECK_CONSUMER) timestamp=750 ms, used_size=1126400 bytes (2.8%)
(RDMA_READ_CONSUME_CHECK_CONSUMER) timestamp=750 ms, used_size=1124352 bytes (2.7%)
(RDMA_READ_CONSUME_CHECK_CONSUMER) timestamp=750 ms, used_size=1122304 bytes (2.7%)
(RDMA_READ_CONSUME_CHECK_CONSUMER) timestamp=750 ms, used_size=1120256 bytes (2.7%)
(RDMA_READ_CONSUME_CHECK_CONSUMER) timestamp=750 ms, used_size=1118208 bytes (2.7%)
(RDMA_READ_CONSUME_CHECK_CONSUMER) timestamp=750 ms, used_size=1116160 bytes (2.7%)
(RDMA_READ_CONSUME_CHECK_CONSUMER) timestamp=750 ms, used_size=1114112 bytes (2.7%)
(RDMA_READ_CONSUME_CHECK_CONSUMER) timestamp=750 ms, used_size=1112064 bytes (2.7%)
(RDMA_READ_CONSUME_CHECK_CONSUMER) timestamp=750 ms, used_size=1110016 bytes (2.7%)
(RDMA_READ_CONSUME_CHECK_CONSUMER) timestamp=750 ms, used_size=1107968 bytes (2.7%)
(RDMA_READ_CONSUME_CHECK_CONSUMER) timestamp=750 ms, used_size=1105920 bytes (2.7%)
(RDMA_READ_CONSUME_CHECK_CONSUMER) timestamp=750 ms, used_size=1103872 bytes (2.7%)
(RDMA_READ_CONSUME_CHECK_CONSUMER) timestamp=750 ms, used_size=1101824 bytes (2.7%)
(RDMA_READ_CONSUME_CHECK_CONSUMER) timestamp=750 ms, used_size=1099776 bytes (2.7%)
(RDMA_READ_CONSUME_CHECK_CONSUMER) timestamp=750 ms, used_size=1097728 bytes (2.7%)
(RDMA_READ_CONSUME_CHECK_CONSUMER) timestamp=750 ms, used_size=1095680 bytes (2.7%)
(RDMA_READ_CONSUME_CHECK_CONSUMER) timestamp=750 ms, used_size=1093632 bytes (2.7%)
(RDMA_READ_CONSUME_CHECK_CONSUMER) timestamp=750 ms, used_size=1091584 bytes (2.7%)
(RDMA_READ_CONSUME_CHECK_CONSUMER) timestamp=750 ms, used_size=1089536 bytes (2.7%)
(RDMA_READ_CONSUME_CHECK_CONSUMER) timestamp=750 ms, used_size=1087488 bytes (2.7%)
(RDMA_READ_CONSUME_CHECK_CONSUMER) timestamp=750 ms, used_size=1085440 bytes (2.6%)
(RDMA_READ_CONSUME_CHECK_CONSUMER) timestamp=750 ms, used_size=1083392 bytes (2.6%)
(RDMA_READ_CONSUME_CHECK_CONSUMER) timestamp=750 ms, used_size=1081344 bytes (2.6%)
(RDMA_READ_CONSUME_CHECK_CONSUMER) timestamp=750 ms, used_size=1079296 bytes (2.6%)
(RDMA_READ_CONSUME_CHECK_CONSUMER) timestamp=750 ms, used_size=1077248 bytes (2.6%)
(RDMA_READ_CONSUME_CHECK_CONSUMER) timestamp=750 ms, used_size=1075200 bytes (2.6%)
(RDMA_READ_CONSUME_CHECK_CONSUMER) timestamp=750 ms, used_size=1073152 bytes (2.6%)
(RDMA_READ_CONSUME_CHECK_CONSUMER) timestamp=750 ms, used_size=1071104 bytes (2.6%)
(RDMA_READ_CONSUME_CHECK_CONSUMER) timestamp=750 ms, used_size=1069056 bytes (2.6%)
(RDMA_READ_CONSUME_CHECK_CONSUMER) timestamp=751 ms, used_size=1067008 bytes (2.6%)
(RDMA_READ_CONSUME_CHECK_CONSUMER) timestamp=751 ms, used_size=1064960 bytes (2.6%)
(RDMA_READ_CONSUME_CHECK_CONSUMER) timestamp=751 ms, used_size=1062912 bytes (2.6%)
(RDMA_READ_CONSUME_CHECK_CONSUMER) timestamp=751 ms, used_size=1060864 bytes (2.6%)
(RDMA_READ_CONSUME_CHECK_CONSUMER) timestamp=751 ms, used_size=1058816 bytes (2.6%)
(RDMA_READ_CONSUME_CHECK_CONSUMER) timestamp=751 ms, used_size=1056768 bytes (2.6%)
(RDMA_READ_CONSUME_CHECK_CONSUMER) timestamp=751 ms, used_size=1054720 bytes (2.6%)
(RDMA_READ_CONSUME_CHECK_CONSUMER) timestamp=751 ms, used_size=1052672 bytes (2.6%)
(RDMA_READ_CONSUME_CHECK_CONSUMER) timestamp=751 ms, used_size=1050624 bytes (2.6%)
(RDMA_READ_CONSUME_CHECK_CONSUMER) timestamp=751 ms, used_size=1048576 bytes (2.6%)
(RDMA_READ_CONSUME_CHECK_CONSUMER) timestamp=751 ms, used_size=1046528 bytes (2.6%)
(RDMA_READ_CONSUME_CHECK_CONSUMER) timestamp=751 ms, used_size=1044480 bytes (2.5%)
(RDMA_READ_CONSUME_CHECK_CONSUMER) timestamp=751 ms, used_size=1042432 bytes (2.5%)
(RDMA_READ_CONSUME_CHECK_CONSUMER) timestamp=751 ms, used_size=1040384 bytes (2.5%)
(RDMA_READ_CONSUME_CHECK_CONSUMER) timestamp=751 ms, used_size=1038336 bytes (2.5%)
(RDMA_READ_CONSUME_CHECK_CONSUMER) timestamp=751 ms, used_size=1036288 bytes (2.5%)
(RDMA_READ_CONSUME_CHECK_CONSUMER) timestamp=751 ms, used_size=1034240 bytes (2.5%)
(RDMA_READ_CONSUME_CHECK_CONSUMER) timestamp=751 ms, used_size=1032192 bytes (2.5%)
(RDMA_READ_CONSUME_CHECK_CONSUMER) timestamp=751 ms, used_size=1030144 bytes (2.5%)
(RDMA_READ_CONSUME_CHECK_CONSUMER) timestamp=751 ms, used_size=1028096 bytes (2.5%)
(RDMA_READ_CONSUME_CHECK_CONSUMER) timestamp=751 ms, used_size=1026048 bytes (2.5%)
(RDMA_READ_CONSUME_CHECK_CONSUMER) timestamp=751 ms, used_size=1024000 bytes (2.5%)
(RDMA_READ_CONSUME_CHECK_CONSUMER) timestamp=751 ms, used_size=1021952 bytes (2.5%)
(RDMA_READ_CONSUME_CHECK_CONSUMER) timestamp=751 ms, used_size=1019904 bytes (2.5%)
(RDMA_READ_CONSUME_CHECK_CONSUMER) timestamp=751 ms, used_size=1017856 bytes (2.5%)
(RDMA_READ_CONSUME_CHECK_CONSUMER) timestamp=751 ms, used_size=1015808 bytes (2.5%)
(RDMA_READ_CONSUME_CHECK_CONSUMER) timestamp=751 ms, used_size=1013760 bytes (2.5%)
(RDMA_READ_CONSUME_CHECK_CONSUMER) timestamp=751 ms, used_size=1011712 bytes (2.5%)
(RDMA_READ_CONSUME_CHECK_CONSUMER) timestamp=751 ms, used_size=1009664 bytes (2.5%)
(RDMA_READ_CONSUME_CHECK_CONSUMER) timestamp=751 ms, used_size=1007616 bytes (2.5%)
(RDMA_READ_CONSUME_CHECK_CONSUMER) timestamp=751 ms, used_size=1005568 bytes (2.5%)
(RDMA_READ_CONSUME_CHECK_CONSUMER) timestamp=751 ms, used_size=1003520 bytes (2.5%)
(RDMA_READ_CONSUME_CHECK_CONSUMER) timestamp=751 ms, used_size=1001472 bytes (2.4%)
(RDMA_READ_CONSUME_CHECK_CONSUMER) timestamp=751 ms, used_size=999424 bytes (2.4%)
(RDMA_READ_CONSUME_CHECK_CONSUMER) timestamp=751 ms, used_size=997376 bytes (2.4%)
(RDMA_READ_CONSUME_CHECK_CONSUMER) timestamp=751 ms, used_size=995328 bytes (2.4%)
(RDMA_READ_CONSUME_CHECK_CONSUMER) timestamp=751 ms, used_size=993280 bytes (2.4%)
(RDMA_READ_CONSUME_CHECK_CONSUMER) timestamp=751 ms, used_size=991232 bytes (2.4%)
(RDMA_READ_CONSUME_CHECK_CONSUMER) timestamp=751 ms, used_size=989184 bytes (2.4%)
(RDMA_READ_CONSUME_CHECK_CONSUMER) timestamp=751 ms, used_size=987136 bytes (2.4%)
(RDMA_READ_CONSUME_CHECK_CONSUMER) timestamp=751 ms, used_size=985088 bytes (2.4%)
(RDMA_READ_CONSUME_CHECK_CONSUMER) timestamp=751 ms, used_size=983040 bytes (2.4%)
(RDMA_READ_CONSUME_CHECK_CONSUMER) timestamp=751 ms, used_size=980992 bytes (2.4%)
(RDMA_READ_CONSUME_CHECK_CONSUMER) timestamp=751 ms, used_size=978944 bytes (2.4%)
(RDMA_READ_CONSUME_CHECK_CONSUMER) timestamp=751 ms, used_size=976896 bytes (2.4%)
(RDMA_READ_CONSUME_CHECK_CONSUMER) timestamp=751 ms, used_size=974848 bytes (2.4%)
(RDMA_READ_CONSUME_CHECK_CONSUMER) timestamp=751 ms, used_size=972800 bytes (2.4%)
(RDMA_READ_CONSUME_CHECK_CONSUMER) timestamp=751 ms, used_size=970752 bytes (2.4%)
(RDMA_READ_CONSUME_CHECK_CONSUMER) timestamp=751 ms, used_size=968704 bytes (2.4%)
(RDMA_READ_CONSUME_CHECK_CONSUMER) timestamp=751 ms, used_size=966656 bytes (2.4%)
(RDMA_READ_CONSUME_CHECK_CONSUMER) timestamp=751 ms, used_size=964608 bytes (2.4%)
(RDMA_READ_CONSUME_CHECK_CONSUMER) timestamp=751 ms, used_size=962560 bytes (2.4%)
(RDMA_READ_CONSUME_CHECK_CONSUMER) timestamp=751 ms, used_size=960512 bytes (2.3%)
(RDMA_READ_CONSUME_CHECK_CONSUMER) timestamp=751 ms, used_size=958464 bytes (2.3%)
(RDMA_READ_CONSUME_CHECK_CONSUMER) timestamp=751 ms, used_size=956416 bytes (2.3%)
(RDMA_READ_CONSUME_CHECK_CONSUMER) timestamp=751 ms, used_size=954368 bytes (2.3%)
(RDMA_READ_CONSUME_CHECK_CONSUMER) timestamp=751 ms, used_size=952320 bytes (2.3%)
(RDMA_READ_CONSUME_CHECK_CONSUMER) timestamp=751 ms, used_size=950272 bytes (2.3%)
(RDMA_READ_CONSUME_CHECK_CONSUMER) timestamp=751 ms, used_size=948224 bytes (2.3%)
(RDMA_READ_CONSUME_CHECK_CONSUMER) timestamp=751 ms, used_size=946176 bytes (2.3%)
(RDMA_READ_CONSUME_CHECK_CONSUMER) timestamp=751 ms, used_size=944128 bytes (2.3%)
(RDMA_READ_CONSUME_CHECK_CONSUMER) timestamp=751 ms, used_size=942080 bytes (2.3%)
(RDMA_READ_CONSUME_CHECK_CONSUMER) timestamp=751 ms, used_size=940032 bytes (2.3%)
(RDMA_READ_CONSUME_CHECK_CONSUMER) timestamp=751 ms, used_size=937984 bytes (2.3%)
(RDMA_READ_CONSUME_CHECK_CONSUMER) timestamp=751 ms, used_size=935936 bytes (2.3%)
(RDMA_READ_CONSUME_CHECK_CONSUMER) timestamp=751 ms, used_size=933888 bytes (2.3%)
(RDMA_READ_CONSUME_CHECK_CONSUMER) timestamp=751 ms, used_size=931840 bytes (2.3%)
(RDMA_READ_CONSUME_CHECK_CONSUMER) timestamp=751 ms, used_size=929792 bytes (2.3%)
(RDMA_READ_CONSUME_CHECK_CONSUMER) timestamp=751 ms, used_size=927744 bytes (2.3%)
(RDMA_READ_CONSUME_CHECK_CONSUMER) timestamp=751 ms, used_size=925696 bytes (2.3%)
(RDMA_READ_CONSUME_CHECK_CONSUMER) timestamp=751 ms, used_size=923648 bytes (2.3%)
(RDMA_READ_CONSUME_CHECK_CONSUMER) timestamp=751 ms, used_size=921600 bytes (2.2%)
(RDMA_READ_CONSUME_CHECK_CONSUMER) timestamp=751 ms, used_size=919552 bytes (2.2%)
(RDMA_READ_CONSUME_CHECK_CONSUMER) timestamp=751 ms, used_size=917504 bytes (2.2%)
(RDMA_READ_CONSUME_CHECK_CONSUMER) timestamp=751 ms, used_size=915456 bytes (2.2%)
(RDMA_READ_CONSUME_CHECK_CONSUMER) timestamp=751 ms, used_size=913408 bytes (2.2%)
(RDMA_READ_CONSUME_CHECK_CONSUMER) timestamp=751 ms, used_size=911360 bytes (2.2%)
(RDMA_READ_CONSUME_CHECK_CONSUMER) timestamp=751 ms, used_size=909312 bytes (2.2%)
(RDMA_READ_CONSUME_CHECK_CONSUMER) timestamp=751 ms, used_size=907264 bytes (2.2%)
(RDMA_READ_CONSUME_CHECK_CONSUMER) timestamp=751 ms, used_size=905216 bytes (2.2%)
(RDMA_READ_CONSUME_CHECK_CONSUMER) timestamp=751 ms, used_size=903168 bytes (2.2%)
(RDMA_READ_CONSUME_CHECK_CONSUMER) timestamp=751 ms, used_size=901120 bytes (2.2%)
(RDMA_READ_CONSUME_CHECK_CONSUMER) timestamp=751 ms, used_size=899072 bytes (2.2%)
(RDMA_READ_CONSUME_CHECK_CONSUMER) timestamp=751 ms, used_size=897024 bytes (2.2%)
(RDMA_READ_CONSUME_CHECK_CONSUMER) timestamp=751 ms, used_size=894976 bytes (2.2%)
(RDMA_READ_CONSUME_CHECK_CONSUMER) timestamp=751 ms, used_size=892928 bytes (2.2%)
(RDMA_READ_CONSUME_CHECK_CONSUMER) timestamp=751 ms, used_size=890880 bytes (2.2%)
(RDMA_READ_CONSUME_CHECK_CONSUMER) timestamp=751 ms, used_size=888832 bytes (2.2%)
(RDMA_READ_CONSUME_CHECK_CONSUMER) timestamp=751 ms, used_size=886784 bytes (2.2%)
(RDMA_READ_CONSUME_CHECK_CONSUMER) timestamp=751 ms, used_size=884736 bytes (2.2%)
(RDMA_READ_CONSUME_CHECK_CONSUMER) timestamp=751 ms, used_size=882688 bytes (2.2%)
(RDMA_READ_CONSUME_CHECK_CONSUMER) timestamp=751 ms, used_size=880640 bytes (2.1%)
(RDMA_READ_CONSUME_CHECK_CONSUMER) timestamp=751 ms, used_size=878592 bytes (2.1%)
(RDMA_READ_CONSUME_CHECK_CONSUMER) timestamp=751 ms, used_size=876544 bytes (2.1%)
(RDMA_READ_CONSUME_CHECK_CONSUMER) timestamp=751 ms, used_size=874496 bytes (2.1%)
(RDMA_READ_CONSUME_CHECK_CONSUMER) timestamp=751 ms, used_size=872448 bytes (2.1%)
(RDMA_READ_CONSUME_CHECK_CONSUMER) timestamp=751 ms, used_size=870400 bytes (2.1%)
(RDMA_READ_CONSUME_CHECK_CONSUMER) timestamp=751 ms, used_size=868352 bytes (2.1%)
(RDMA_READ_CONSUME_CHECK_CONSUMER) timestamp=751 ms, used_size=866304 bytes (2.1%)
(RDMA_READ_CONSUME_CHECK_CONSUMER) timestamp=751 ms, used_size=864256 bytes (2.1%)
(RDMA_READ_CONSUME_CHECK_CONSUMER) timestamp=751 ms, used_size=862208 bytes (2.1%)
(RDMA_READ_CONSUME_CHECK_CONSUMER) timestamp=751 ms, used_size=860160 bytes (2.1%)
(RDMA_READ_CONSUME_CHECK_CONSUMER) timestamp=751 ms, used_size=858112 bytes (2.1%)
(RDMA_READ_CONSUME_CHECK_CONSUMER) timestamp=751 ms, used_size=856064 bytes (2.1%)
(RDMA_READ_CONSUME_CHECK_CONSUMER) timestamp=751 ms, used_size=854016 bytes (2.1%)
(RDMA_READ_CONSUME_CHECK_CONSUMER) timestamp=751 ms, used_size=851968 bytes (2.1%)
(RDMA_READ_CONSUME_CHECK_CONSUMER) timestamp=751 ms, used_size=849920 bytes (2.1%)
(RDMA_READ_CONSUME_CHECK_CONSUMER) timestamp=751 ms, used_size=847872 bytes (2.1%)
(RDMA_READ_CONSUME_CHECK_CONSUMER) timestamp=751 ms, used_size=845824 bytes (2.1%)
(RDMA_READ_CONSUME_CHECK_CONSUMER) timestamp=751 ms, used_size=843776 bytes (2.1%)
(RDMA_READ_CONSUME_CHECK_CONSUMER) timestamp=751 ms, used_size=841728 bytes (2.1%)
(RDMA_READ_CONSUME_CHECK_CONSUMER) timestamp=751 ms, used_size=839680 bytes (2.0%)
(RDMA_READ_CONSUME_CHECK_CONSUMER) timestamp=751 ms, used_size=837632 bytes (2.0%)
(RDMA_READ_CONSUME_CHECK_CONSUMER) timestamp=751 ms, used_size=835584 bytes (2.0%)
(RDMA_READ_CONSUME_CHECK_CONSUMER) timestamp=751 ms, used_size=833536 bytes (2.0%)
(RDMA_READ_CONSUME_CHECK_CONSUMER) timestamp=751 ms, used_size=831488 bytes (2.0%)
(RDMA_READ_CONSUME_CHECK_CONSUMER) timestamp=751 ms, used_size=829440 bytes (2.0%)
(RDMA_READ_CONSUME_CHECK_CONSUMER) timestamp=751 ms, used_size=827392 bytes (2.0%)
(RDMA_READ_CONSUME_CHECK_CONSUMER) timestamp=751 ms, used_size=825344 bytes (2.0%)
(RDMA_READ_CONSUME_CHECK_CONSUMER) timestamp=751 ms, used_size=823296 bytes (2.0%)
(RDMA_READ_CONSUME_CHECK_CONSUMER) timestamp=751 ms, used_size=821248 bytes (2.0%)
(RDMA_READ_CONSUME_CHECK_CONSUMER) timestamp=751 ms, used_size=819200 bytes (2.0%)
(RDMA_READ_CONSUME_CHECK_CONSUMER) timestamp=751 ms, used_size=817152 bytes (2.0%)
(RDMA_READ_CONSUME_CHECK_CONSUMER) timestamp=751 ms, used_size=815104 bytes (2.0%)
(RDMA_READ_CONSUME_CHECK_CONSUMER) timestamp=751 ms, used_size=813056 bytes (2.0%)
(RDMA_READ_CONSUME_CHECK_CONSUMER) timestamp=751 ms, used_size=811008 bytes (2.0%)
(RDMA_READ_CONSUME_CHECK_CONSUMER) timestamp=751 ms, used_size=808960 bytes (2.0%)
(RDMA_READ_CONSUME_CHECK_CONSUMER) timestamp=751 ms, used_size=806912 bytes (2.0%)
(RDMA_READ_CONSUME_CHECK_CONSUMER) timestamp=751 ms, used_size=804864 bytes (2.0%)
(RDMA_READ_CONSUME_CHECK_CONSUMER) timestamp=751 ms, used_size=802816 bytes (2.0%)
(RDMA_READ_CONSUME_CHECK_CONSUMER) timestamp=751 ms, used_size=800768 bytes (2.0%)
(RDMA_READ_CONSUME_CHECK_CONSUMER) timestamp=751 ms, used_size=798720 bytes (1.9%)
(RDMA_READ_CONSUME_CHECK_CONSUMER) timestamp=751 ms, used_size=796672 bytes (1.9%)
(RDMA_READ_CONSUME_CHECK_CONSUMER) timestamp=751 ms, used_size=794624 bytes (1.9%)
(RDMA_READ_CONSUME_CHECK_CONSUMER) timestamp=751 ms, used_size=792576 bytes (1.9%)
(RDMA_READ_CONSUME_CHECK_CONSUMER) timestamp=751 ms, used_size=790528 bytes (1.9%)
(RDMA_READ_CONSUME_CHECK_CONSUMER) timestamp=751 ms, used_size=788480 bytes (1.9%)
(RDMA_READ_CONSUME_CHECK_CONSUMER) timestamp=751 ms, used_size=786432 bytes (1.9%)
(RDMA_READ_CONSUME_CHECK_CONSUMER) timestamp=751 ms, used_size=784384 bytes (1.9%)
(RDMA_READ_CONSUME_CHECK_CONSUMER) timestamp=751 ms, used_size=782336 bytes (1.9%)
(RDMA_READ_CONSUME_CHECK_CONSUMER) timestamp=751 ms, used_size=780288 bytes (1.9%)
(RDMA_READ_CONSUME_CHECK_CONSUMER) timestamp=751 ms, used_size=778240 bytes (1.9%)
(RDMA_READ_CONSUME_CHECK_CONSUMER) timestamp=751 ms, used_size=776192 bytes (1.9%)
(RDMA_READ_CONSUME_CHECK_CONSUMER) timestamp=751 ms, used_size=774144 bytes (1.9%)
(RDMA_READ_CONSUME_CHECK_CONSUMER) timestamp=751 ms, used_size=772096 bytes (1.9%)
(RDMA_READ_CONSUME_CHECK_CONSUMER) timestamp=751 ms, used_size=770048 bytes (1.9%)
(RDMA_READ_CONSUME_CHECK_CONSUMER) timestamp=751 ms, used_size=768000 bytes (1.9%)
(RDMA_READ_CONSUME_CHECK_CONSUMER) timestamp=751 ms, used_size=765952 bytes (1.9%)
(RDMA_READ_CONSUME_CHECK_CONSUMER) timestamp=751 ms, used_size=763904 bytes (1.9%)
(RDMA_READ_CONSUME_CHECK_CONSUMER) timestamp=751 ms, used_size=761856 bytes (1.9%)
(RDMA_READ_CONSUME_CHECK_CONSUMER) timestamp=751 ms, used_size=759808 bytes (1.9%)
(RDMA_READ_CONSUME_CHECK_CONSUMER) timestamp=751 ms, used_size=757760 bytes (1.9%)
(RDMA_READ_CONSUME_CHECK_CONSUMER) timestamp=751 ms, used_size=755712 bytes (1.8%)
(RDMA_READ_CONSUME_CHECK_CONSUMER) timestamp=751 ms, used_size=753664 bytes (1.8%)
(RDMA_READ_CONSUME_CHECK_CONSUMER) timestamp=751 ms, used_size=751616 bytes (1.8%)
(RDMA_READ_CONSUME_CHECK_CONSUMER) timestamp=751 ms, used_size=749568 bytes (1.8%)
(RDMA_READ_CONSUME_CHECK_CONSUMER) timestamp=751 ms, used_size=747520 bytes (1.8%)
(RDMA_READ_CONSUME_CHECK_CONSUMER) timestamp=751 ms, used_size=745472 bytes (1.8%)
(RDMA_READ_CONSUME_CHECK_CONSUMER) timestamp=751 ms, used_size=743424 bytes (1.8%)
(RDMA_READ_CONSUME_CHECK_CONSUMER) timestamp=751 ms, used_size=741376 bytes (1.8%)
(RDMA_READ_CONSUME_CHECK_CONSUMER) timestamp=751 ms, used_size=739328 bytes (1.8%)
(RDMA_READ_CONSUME_CHECK_CONSUMER) timestamp=751 ms, used_size=737280 bytes (1.8%)
(RDMA_READ_CONSUME_CHECK_CONSUMER) timestamp=751 ms, used_size=735232 bytes (1.8%)
(RDMA_READ_CONSUME_CHECK_CONSUMER) timestamp=751 ms, used_size=733184 bytes (1.8%)
(RDMA_READ_CONSUME_CHECK_CONSUMER) timestamp=751 ms, used_size=731136 bytes (1.8%)
(RDMA_READ_CONSUME_CHECK_CONSUMER) timestamp=751 ms, used_size=729088 bytes (1.8%)
(RDMA_READ_CONSUME_CHECK_CONSUMER) timestamp=751 ms, used_size=727040 bytes (1.8%)
(RDMA_READ_CONSUME_CHECK_CONSUMER) timestamp=751 ms, used_size=724992 bytes (1.8%)
(RDMA_READ_CONSUME_CHECK_CONSUMER) timestamp=751 ms, used_size=722944 bytes (1.8%)
(RDMA_READ_CONSUME_CHECK_CONSUMER) timestamp=751 ms, used_size=720896 bytes (1.8%)
(RDMA_READ_CONSUME_CHECK_CONSUMER) timestamp=751 ms, used_size=718848 bytes (1.8%)
(RDMA_READ_CONSUME_CHECK_CONSUMER) timestamp=751 ms, used_size=716800 bytes (1.8%)
(RDMA_READ_CONSUME_CHECK_CONSUMER) timestamp=751 ms, used_size=714752 bytes (1.7%)
(RDMA_READ_CONSUME_CHECK_CONSUMER) timestamp=751 ms, used_size=712704 bytes (1.7%)
(RDMA_READ_CONSUME_CHECK_CONSUMER) timestamp=751 ms, used_size=710656 bytes (1.7%)
(RDMA_READ_CONSUME_CHECK_CONSUMER) timestamp=751 ms, used_size=708608 bytes (1.7%)
(RDMA_READ_CONSUME_CHECK_CONSUMER) timestamp=751 ms, used_size=706560 bytes (1.7%)
(RDMA_READ_CONSUME_CHECK_CONSUMER) timestamp=751 ms, used_size=704512 bytes (1.7%)
(RDMA_READ_CONSUME_CHECK_CONSUMER) timestamp=751 ms, used_size=702464 bytes (1.7%)
(RDMA_READ_CONSUME_CHECK_CONSUMER) timestamp=751 ms, used_size=700416 bytes (1.7%)
(RDMA_READ_CONSUME_CHECK_CONSUMER) timestamp=751 ms, used_size=698368 bytes (1.7%)
(RDMA_READ_CONSUME_CHECK_CONSUMER) timestamp=751 ms, used_size=696320 bytes (1.7%)
(RDMA_READ_CONSUME_CHECK_CONSUMER) timestamp=752 ms, used_size=694272 bytes (1.7%)
(RDMA_READ_CONSUME_CHECK_CONSUMER) timestamp=752 ms, used_size=692224 bytes (1.7%)
(RDMA_READ_CONSUME_CHECK_CONSUMER) timestamp=752 ms, used_size=690176 bytes (1.7%)
(RDMA_READ_CONSUME_CHECK_CONSUMER) timestamp=752 ms, used_size=688128 bytes (1.7%)
(RDMA_READ_CONSUME_CHECK_CONSUMER) timestamp=752 ms, used_size=686080 bytes (1.7%)
(RDMA_READ_CONSUME_CHECK_CONSUMER) timestamp=752 ms, used_size=684032 bytes (1.7%)
(RDMA_READ_CONSUME_CHECK_CONSUMER) timestamp=752 ms, used_size=681984 bytes (1.7%)
(RDMA_READ_CONSUME_CHECK_CONSUMER) timestamp=752 ms, used_size=679936 bytes (1.7%)
(RDMA_READ_CONSUME_CHECK_CONSUMER) timestamp=752 ms, used_size=677888 bytes (1.7%)
(RDMA_READ_CONSUME_CHECK_CONSUMER) timestamp=752 ms, used_size=675840 bytes (1.6%)
(RDMA_READ_CONSUME_CHECK_CONSUMER) timestamp=752 ms, used_size=673792 bytes (1.6%)
(RDMA_READ_CONSUME_CHECK_CONSUMER) timestamp=752 ms, used_size=671744 bytes (1.6%)
(RDMA_READ_CONSUME_CHECK_CONSUMER) timestamp=752 ms, used_size=669696 bytes (1.6%)
(RDMA_READ_CONSUME_CHECK_CONSUMER) timestamp=752 ms, used_size=667648 bytes (1.6%)
(RDMA_READ_CONSUME_CHECK_CONSUMER) timestamp=752 ms, used_size=665600 bytes (1.6%)
(RDMA_READ_CONSUME_CHECK_CONSUMER) timestamp=752 ms, used_size=663552 bytes (1.6%)
(RDMA_READ_CONSUME_CHECK_CONSUMER) timestamp=752 ms, used_size=661504 bytes (1.6%)
(RDMA_READ_CONSUME_CHECK_CONSUMER) timestamp=752 ms, used_size=659456 bytes (1.6%)
(RDMA_READ_CONSUME_CHECK_CONSUMER) timestamp=752 ms, used_size=657408 bytes (1.6%)
(RDMA_READ_CONSUME_CHECK_CONSUMER) timestamp=752 ms, used_size=655360 bytes (1.6%)
(RDMA_READ_CONSUME_CHECK_CONSUMER) timestamp=752 ms, used_size=653312 bytes (1.6%)
(RDMA_READ_CONSUME_CHECK_CONSUMER) timestamp=752 ms, used_size=651264 bytes (1.6%)
(RDMA_READ_CONSUME_CHECK_CONSUMER) timestamp=752 ms, used_size=649216 bytes (1.6%)
(RDMA_READ_CONSUME_CHECK_CONSUMER) timestamp=752 ms, used_size=647168 bytes (1.6%)
(RDMA_READ_CONSUME_CHECK_CONSUMER) timestamp=752 ms, used_size=645120 bytes (1.6%)
(RDMA_READ_CONSUME_CHECK_CONSUMER) timestamp=752 ms, used_size=643072 bytes (1.6%)
(RDMA_READ_CONSUME_CHECK_CONSUMER) timestamp=752 ms, used_size=641024 bytes (1.6%)
(RDMA_READ_CONSUME_CHECK_CONSUMER) timestamp=752 ms, used_size=638976 bytes (1.6%)
(RDMA_READ_CONSUME_CHECK_CONSUMER) timestamp=752 ms, used_size=636928 bytes (1.6%)
(RDMA_READ_CONSUME_CHECK_CONSUMER) timestamp=752 ms, used_size=634880 bytes (1.6%)
(RDMA_READ_CONSUME_CHECK_CONSUMER) timestamp=752 ms, used_size=632832 bytes (1.5%)
(RDMA_READ_CONSUME_CHECK_CONSUMER) timestamp=752 ms, used_size=630784 bytes (1.5%)
(RDMA_READ_CONSUME_CHECK_CONSUMER) timestamp=752 ms, used_size=628736 bytes (1.5%)
(RDMA_READ_CONSUME_CHECK_CONSUMER) timestamp=752 ms, used_size=626688 bytes (1.5%)
(RDMA_READ_CONSUME_CHECK_CONSUMER) timestamp=752 ms, used_size=624640 bytes (1.5%)
(RDMA_READ_CONSUME_CHECK_CONSUMER) timestamp=752 ms, used_size=622592 bytes (1.5%)
(RDMA_READ_CONSUME_CHECK_CONSUMER) timestamp=752 ms, used_size=620544 bytes (1.5%)
(RDMA_READ_CONSUME_CHECK_CONSUMER) timestamp=752 ms, used_size=618496 bytes (1.5%)
(RDMA_READ_CONSUME_CHECK_CONSUMER) timestamp=752 ms, used_size=616448 bytes (1.5%)
(RDMA_READ_CONSUME_CHECK_CONSUMER) timestamp=752 ms, used_size=614400 bytes (1.5%)
(RDMA_READ_CONSUME_CHECK_CONSUMER) timestamp=752 ms, used_size=612352 bytes (1.5%)
(RDMA_READ_CONSUME_CHECK_CONSUMER) timestamp=752 ms, used_size=610304 bytes (1.5%)
(RDMA_READ_CONSUME_CHECK_CONSUMER) timestamp=752 ms, used_size=608256 bytes (1.5%)
(RDMA_READ_CONSUME_CHECK_CONSUMER) timestamp=752 ms, used_size=606208 bytes (1.5%)
(RDMA_READ_CONSUME_CHECK_CONSUMER) timestamp=752 ms, used_size=604160 bytes (1.5%)
(RDMA_READ_CONSUME_CHECK_CONSUMER) timestamp=752 ms, used_size=602112 bytes (1.5%)
(RDMA_READ_CONSUME_CHECK_CONSUMER) timestamp=752 ms, used_size=600064 bytes (1.5%)
(RDMA_READ_CONSUME_CHECK_CONSUMER) timestamp=752 ms, used_size=598016 bytes (1.5%)
(RDMA_READ_CONSUME_CHECK_CONSUMER) timestamp=752 ms, used_size=595968 bytes (1.5%)
(RDMA_READ_CONSUME_CHECK_CONSUMER) timestamp=752 ms, used_size=593920 bytes (1.4%)
(RDMA_READ_CONSUME_CHECK_CONSUMER) timestamp=752 ms, used_size=591872 bytes (1.4%)
(RDMA_READ_CONSUME_CHECK_CONSUMER) timestamp=752 ms, used_size=589824 bytes (1.4%)
(RDMA_READ_CONSUME_CHECK_CONSUMER) timestamp=752 ms, used_size=587776 bytes (1.4%)
(RDMA_READ_CONSUME_CHECK_CONSUMER) timestamp=752 ms, used_size=585728 bytes (1.4%)
(RDMA_READ_CONSUME_CHECK_CONSUMER) timestamp=752 ms, used_size=583680 bytes (1.4%)
(RDMA_READ_CONSUME_CHECK_CONSUMER) timestamp=752 ms, used_size=581632 bytes (1.4%)
(RDMA_READ_CONSUME_CHECK_CONSUMER) timestamp=752 ms, used_size=579584 bytes (1.4%)
(RDMA_READ_CONSUME_CHECK_CONSUMER) timestamp=752 ms, used_size=577536 bytes (1.4%)
(RDMA_READ_CONSUME_CHECK_CONSUMER) timestamp=752 ms, used_size=575488 bytes (1.4%)
(RDMA_READ_CONSUME_CHECK_CONSUMER) timestamp=752 ms, used_size=573440 bytes (1.4%)
(RDMA_READ_CONSUME_CHECK_CONSUMER) timestamp=752 ms, used_size=571392 bytes (1.4%)
(RDMA_READ_CONSUME_CHECK_CONSUMER) timestamp=752 ms, used_size=569344 bytes (1.4%)
(RDMA_READ_CONSUME_CHECK_CONSUMER) timestamp=752 ms, used_size=567296 bytes (1.4%)
(RDMA_READ_CONSUME_CHECK_CONSUMER) timestamp=752 ms, used_size=565248 bytes (1.4%)
(RDMA_READ_CONSUME_CHECK_CONSUMER) timestamp=752 ms, used_size=563200 bytes (1.4%)
(RDMA_READ_CONSUME_CHECK_CONSUMER) timestamp=752 ms, used_size=561152 bytes (1.4%)
(RDMA_READ_CONSUME_CHECK_CONSUMER) timestamp=752 ms, used_size=559104 bytes (1.4%)
(RDMA_READ_CONSUME_CHECK_CONSUMER) timestamp=752 ms, used_size=557056 bytes (1.4%)
(RDMA_READ_CONSUME_CHECK_CONSUMER) timestamp=752 ms, used_size=555008 bytes (1.4%)
(RDMA_READ_CONSUME_CHECK_CONSUMER) timestamp=752 ms, used_size=552960 bytes (1.4%)
(RDMA_READ_CONSUME_CHECK_CONSUMER) timestamp=752 ms, used_size=550912 bytes (1.3%)
(RDMA_READ_CONSUME_CHECK_CONSUMER) timestamp=752 ms, used_size=548864 bytes (1.3%)
(RDMA_READ_CONSUME_CHECK_CONSUMER) timestamp=752 ms, used_size=546816 bytes (1.3%)
(RDMA_READ_CONSUME_CHECK_CONSUMER) timestamp=752 ms, used_size=544768 bytes (1.3%)
(RDMA_READ_CONSUME_CHECK_CONSUMER) timestamp=752 ms, used_size=542720 bytes (1.3%)
(RDMA_READ_CONSUME_CHECK_CONSUMER) timestamp=752 ms, used_size=540672 bytes (1.3%)
(RDMA_READ_CONSUME_CHECK_CONSUMER) timestamp=752 ms, used_size=538624 bytes (1.3%)
(RDMA_READ_CONSUME_CHECK_CONSUMER) timestamp=752 ms, used_size=536576 bytes (1.3%)
(RDMA_READ_CONSUME_CHECK_CONSUMER) timestamp=752 ms, used_size=534528 bytes (1.3%)
(RDMA_READ_CONSUME_CHECK_CONSUMER) timestamp=752 ms, used_size=532480 bytes (1.3%)
(RDMA_READ_CONSUME_CHECK_CONSUMER) timestamp=752 ms, used_size=530432 bytes (1.3%)
(RDMA_READ_CONSUME_CHECK_CONSUMER) timestamp=752 ms, used_size=528384 bytes (1.3%)
(RDMA_READ_CONSUME_CHECK_CONSUMER) timestamp=752 ms, used_size=526336 bytes (1.3%)
(RDMA_READ_CONSUME_CHECK_CONSUMER) timestamp=752 ms, used_size=524288 bytes (1.3%)
(RDMA_READ_CONSUME_CHECK_CONSUMER) timestamp=752 ms, used_size=522240 bytes (1.3%)
(RDMA_READ_CONSUME_CHECK_CONSUMER) timestamp=752 ms, used_size=520192 bytes (1.3%)
(RDMA_READ_CONSUME_CHECK_CONSUMER) timestamp=752 ms, used_size=518144 bytes (1.3%)
(RDMA_READ_CONSUME_CHECK_CONSUMER) timestamp=752 ms, used_size=516096 bytes (1.3%)
(RDMA_READ_CONSUME_CHECK_CONSUMER) timestamp=752 ms, used_size=514048 bytes (1.3%)
(RDMA_READ_CONSUME_CHECK_CONSUMER) timestamp=752 ms, used_size=512000 bytes (1.2%)
(RDMA_READ_CONSUME_CHECK_CONSUMER) timestamp=752 ms, used_size=509952 bytes (1.2%)
(RDMA_READ_CONSUME_CHECK_CONSUMER) timestamp=752 ms, used_size=507904 bytes (1.2%)
(RDMA_READ_CONSUME_CHECK_CONSUMER) timestamp=752 ms, used_size=505856 bytes (1.2%)
(RDMA_READ_CONSUME_CHECK_CONSUMER) timestamp=752 ms, used_size=503808 bytes (1.2%)
(RDMA_READ_CONSUME_CHECK_CONSUMER) timestamp=752 ms, used_size=501760 bytes (1.2%)
(RDMA_READ_CONSUME_CHECK_CONSUMER) timestamp=752 ms, used_size=499712 bytes (1.2%)
(RDMA_READ_CONSUME_CHECK_CONSUMER) timestamp=752 ms, used_size=497664 bytes (1.2%)
(RDMA_READ_CONSUME_CHECK_CONSUMER) timestamp=752 ms, used_size=495616 bytes (1.2%)
(RDMA_READ_CONSUME_CHECK_CONSUMER) timestamp=752 ms, used_size=493568 bytes (1.2%)
(RDMA_READ_CONSUME_CHECK_CONSUMER) timestamp=752 ms, used_size=491520 bytes (1.2%)
(RDMA_READ_CONSUME_CHECK_CONSUMER) timestamp=752 ms, used_size=489472 bytes (1.2%)
(RDMA_READ_CONSUME_CHECK_CONSUMER) timestamp=752 ms, used_size=487424 bytes (1.2%)
(RDMA_READ_CONSUME_CHECK_CONSUMER) timestamp=752 ms, used_size=485376 bytes (1.2%)
(RDMA_READ_CONSUME_CHECK_CONSUMER) timestamp=752 ms, used_size=483328 bytes (1.2%)
(RDMA_READ_CONSUME_CHECK_CONSUMER) timestamp=752 ms, used_size=481280 bytes (1.2%)
(RDMA_READ_CONSUME_CHECK_CONSUMER) timestamp=752 ms, used_size=479232 bytes (1.2%)
(RDMA_READ_CONSUME_CHECK_CONSUMER) timestamp=752 ms, used_size=477184 bytes (1.2%)
(RDMA_READ_CONSUME_CHECK_CONSUMER) timestamp=752 ms, used_size=475136 bytes (1.2%)
(RDMA_READ_CONSUME_CHECK_CONSUMER) timestamp=752 ms, used_size=473088 bytes (1.2%)
(RDMA_READ_CONSUME_CHECK_CONSUMER) timestamp=752 ms, used_size=471040 bytes (1.1%)
(RDMA_READ_CONSUME_CHECK_CONSUMER) timestamp=752 ms, used_size=468992 bytes (1.1%)
(RDMA_READ_CONSUME_CHECK_CONSUMER) timestamp=752 ms, used_size=466944 bytes (1.1%)
(RDMA_READ_CONSUME_CHECK_CONSUMER) timestamp=752 ms, used_size=464896 bytes (1.1%)
(RDMA_READ_CONSUME_CHECK_CONSUMER) timestamp=752 ms, used_size=462848 bytes (1.1%)
(RDMA_READ_CONSUME_CHECK_CONSUMER) timestamp=752 ms, used_size=460800 bytes (1.1%)
(RDMA_READ_CONSUME_CHECK_CONSUMER) timestamp=752 ms, used_size=458752 bytes (1.1%)
(RDMA_READ_CONSUME_CHECK_CONSUMER) timestamp=752 ms, used_size=456704 bytes (1.1%)
(RDMA_READ_CONSUME_CHECK_CONSUMER) timestamp=752 ms, used_size=454656 bytes (1.1%)
(RDMA_READ_CONSUME_CHECK_CONSUMER) timestamp=752 ms, used_size=452608 bytes (1.1%)
(RDMA_READ_CONSUME_CHECK_CONSUMER) timestamp=752 ms, used_size=450560 bytes (1.1%)
(RDMA_READ_CONSUME_CHECK_CONSUMER) timestamp=752 ms, used_size=448512 bytes (1.1%)
(RDMA_READ_CONSUME_CHECK_CONSUMER) timestamp=752 ms, used_size=446464 bytes (1.1%)
(RDMA_READ_CONSUME_CHECK_CONSUMER) timestamp=752 ms, used_size=444416 bytes (1.1%)
(RDMA_READ_CONSUME_CHECK_CONSUMER) timestamp=752 ms, used_size=442368 bytes (1.1%)
(RDMA_READ_CONSUME_CHECK_CONSUMER) timestamp=752 ms, used_size=440320 bytes (1.1%)
(RDMA_READ_CONSUME_CHECK_CONSUMER) timestamp=752 ms, used_size=438272 bytes (1.1%)
(RDMA_READ_CONSUME_CHECK_CONSUMER) timestamp=752 ms, used_size=436224 bytes (1.1%)
(RDMA_READ_CONSUME_CHECK_CONSUMER) timestamp=752 ms, used_size=434176 bytes (1.1%)
(RDMA_READ_CONSUME_CHECK_CONSUMER) timestamp=752 ms, used_size=432128 bytes (1.1%)
(RDMA_READ_CONSUME_CHECK_CONSUMER) timestamp=752 ms, used_size=430080 bytes (1.1%)
(RDMA_READ_CONSUME_CHECK_CONSUMER) timestamp=752 ms, used_size=428032 bytes (1.0%)
(RDMA_READ_CONSUME_CHECK_CONSUMER) timestamp=752 ms, used_size=425984 bytes (1.0%)
(RDMA_READ_CONSUME_CHECK_CONSUMER) timestamp=752 ms, used_size=423936 bytes (1.0%)
(RDMA_READ_CONSUME_CHECK_CONSUMER) timestamp=752 ms, used_size=421888 bytes (1.0%)
(RDMA_READ_CONSUME_CHECK_CONSUMER) timestamp=752 ms, used_size=419840 bytes (1.0%)
(RDMA_READ_CONSUME_CHECK_CONSUMER) timestamp=752 ms, used_size=417792 bytes (1.0%)
(RDMA_READ_CONSUME_CHECK_CONSUMER) timestamp=752 ms, used_size=415744 bytes (1.0%)
(RDMA_READ_CONSUME_CHECK_CONSUMER) timestamp=752 ms, used_size=413696 bytes (1.0%)
(RDMA_READ_CONSUME_CHECK_CONSUMER) timestamp=752 ms, used_size=411648 bytes (1.0%)
(RDMA_READ_CONSUME_CHECK_CONSUMER) timestamp=752 ms, used_size=409600 bytes (1.0%)
(RDMA_READ_CONSUME_CHECK_CONSUMER) timestamp=752 ms, used_size=407552 bytes (1.0%)
(RDMA_READ_CONSUME_CHECK_CONSUMER) timestamp=752 ms, used_size=405504 bytes (1.0%)
(RDMA_READ_CONSUME_CHECK_CONSUMER) timestamp=752 ms, used_size=403456 bytes (1.0%)
(RDMA_READ_CONSUME_CHECK_CONSUMER) timestamp=752 ms, used_size=401408 bytes (1.0%)
(RDMA_READ_CONSUME_CHECK_CONSUMER) timestamp=752 ms, used_size=399360 bytes (1.0%)
(RDMA_READ_CONSUME_CHECK_CONSUMER) timestamp=752 ms, used_size=397312 bytes (1.0%)
(RDMA_READ_CONSUME_CHECK_CONSUMER) timestamp=752 ms, used_size=395264 bytes (1.0%)
(RDMA_READ_CONSUME_CHECK_CONSUMER) timestamp=752 ms, used_size=393216 bytes (1.0%)
(RDMA_READ_CONSUME_CHECK_CONSUMER) timestamp=752 ms, used_size=391168 bytes (1.0%)
(RDMA_READ_CONSUME_CHECK_CONSUMER) timestamp=752 ms, used_size=389120 bytes (0.9%)
(RDMA_READ_CONSUME_CHECK_CONSUMER) timestamp=752 ms, used_size=387072 bytes (0.9%)
(RDMA_READ_CONSUME_CHECK_CONSUMER) timestamp=752 ms, used_size=385024 bytes (0.9%)
(RDMA_READ_CONSUME_CHECK_CONSUMER) timestamp=752 ms, used_size=382976 bytes (0.9%)
(RDMA_READ_CONSUME_CHECK_CONSUMER) timestamp=752 ms, used_size=380928 bytes (0.9%)
(RDMA_READ_CONSUME_CHECK_CONSUMER) timestamp=752 ms, used_size=378880 bytes (0.9%)
(RDMA_READ_CONSUME_CHECK_CONSUMER) timestamp=752 ms, used_size=376832 bytes (0.9%)
(RDMA_READ_CONSUME_CHECK_CONSUMER) timestamp=752 ms, used_size=374784 bytes (0.9%)
(RDMA_READ_CONSUME_CHECK_CONSUMER) timestamp=752 ms, used_size=372736 bytes (0.9%)
(RDMA_READ_CONSUME_CHECK_CONSUMER) timestamp=752 ms, used_size=370688 bytes (0.9%)
(RDMA_READ_CONSUME_CHECK_CONSUMER) timestamp=752 ms, used_size=368640 bytes (0.9%)
(RDMA_READ_CONSUME_CHECK_CONSUMER) timestamp=752 ms, used_size=366592 bytes (0.9%)
(RDMA_READ_CONSUME_CHECK_CONSUMER) timestamp=752 ms, used_size=364544 bytes (0.9%)
(RDMA_READ_CONSUME_CHECK_CONSUMER) timestamp=752 ms, used_size=362496 bytes (0.9%)
(RDMA_READ_CONSUME_CHECK_CONSUMER) timestamp=752 ms, used_size=360448 bytes (0.9%)
(RDMA_READ_CONSUME_CHECK_CONSUMER) timestamp=752 ms, used_size=358400 bytes (0.9%)
(RDMA_READ_CONSUME_CHECK_CONSUMER) timestamp=752 ms, used_size=356352 bytes (0.9%)
(RDMA_READ_CONSUME_CHECK_CONSUMER) timestamp=752 ms, used_size=354304 bytes (0.9%)
(RDMA_READ_CONSUME_CHECK_CONSUMER) timestamp=752 ms, used_size=352256 bytes (0.9%)
(RDMA_READ_CONSUME_CHECK_CONSUMER) timestamp=752 ms, used_size=350208 bytes (0.9%)
(RDMA_READ_CONSUME_CHECK_CONSUMER) timestamp=752 ms, used_size=348160 bytes (0.8%)
(RDMA_READ_CONSUME_CHECK_CONSUMER) timestamp=752 ms, used_size=346112 bytes (0.8%)
(RDMA_READ_CONSUME_CHECK_CONSUMER) timestamp=752 ms, used_size=344064 bytes (0.8%)
(RDMA_READ_CONSUME_CHECK_CONSUMER) timestamp=752 ms, used_size=342016 bytes (0.8%)
(RDMA_READ_CONSUME_CHECK_CONSUMER) timestamp=752 ms, used_size=339968 bytes (0.8%)
(RDMA_READ_CONSUME_CHECK_CONSUMER) timestamp=752 ms, used_size=337920 bytes (0.8%)
(RDMA_READ_CONSUME_CHECK_CONSUMER) timestamp=752 ms, used_size=335872 bytes (0.8%)
(RDMA_READ_CONSUME_CHECK_CONSUMER) timestamp=752 ms, used_size=333824 bytes (0.8%)
(RDMA_READ_CONSUME_CHECK_CONSUMER) timestamp=752 ms, used_size=331776 bytes (0.8%)
(RDMA_READ_CONSUME_CHECK_CONSUMER) timestamp=752 ms, used_size=329728 bytes (0.8%)
(RDMA_READ_CONSUME_CHECK_CONSUMER) timestamp=752 ms, used_size=327680 bytes (0.8%)
(RDMA_READ_CONSUME_CHECK_CONSUMER) timestamp=752 ms, used_size=325632 bytes (0.8%)
(RDMA_READ_CONSUME_CHECK_CONSUMER) timestamp=753 ms, used_size=323584 bytes (0.8%)
(RDMA_READ_CONSUME_CHECK_CONSUMER) timestamp=753 ms, used_size=321536 bytes (0.8%)
(RDMA_READ_CONSUME_CHECK_CONSUMER) timestamp=753 ms, used_size=319488 bytes (0.8%)
(RDMA_READ_CONSUME_CHECK_CONSUMER) timestamp=753 ms, used_size=317440 bytes (0.8%)
(RDMA_READ_CONSUME_CHECK_CONSUMER) timestamp=753 ms, used_size=315392 bytes (0.8%)
(RDMA_READ_CONSUME_CHECK_CONSUMER) timestamp=753 ms, used_size=313344 bytes (0.8%)
(RDMA_READ_CONSUME_CHECK_CONSUMER) timestamp=753 ms, used_size=311296 bytes (0.8%)
(RDMA_READ_CONSUME_CHECK_CONSUMER) timestamp=753 ms, used_size=309248 bytes (0.8%)
(RDMA_READ_CONSUME_CHECK_CONSUMER) timestamp=753 ms, used_size=307200 bytes (0.8%)
(RDMA_READ_CONSUME_CHECK_CONSUMER) timestamp=753 ms, used_size=305152 bytes (0.7%)
(RDMA_READ_CONSUME_CHECK_CONSUMER) timestamp=753 ms, used_size=303104 bytes (0.7%)
(RDMA_READ_CONSUME_CHECK_CONSUMER) timestamp=753 ms, used_size=301056 bytes (0.7%)
(RDMA_READ_CONSUME_CHECK_CONSUMER) timestamp=753 ms, used_size=299008 bytes (0.7%)
(RDMA_READ_CONSUME_CHECK_CONSUMER) timestamp=753 ms, used_size=296960 bytes (0.7%)
(RDMA_READ_CONSUME_CHECK_CONSUMER) timestamp=753 ms, used_size=294912 bytes (0.7%)
(RDMA_READ_CONSUME_CHECK_CONSUMER) timestamp=753 ms, used_size=292864 bytes (0.7%)
(RDMA_READ_CONSUME_CHECK_CONSUMER) timestamp=753 ms, used_size=290816 bytes (0.7%)
(RDMA_READ_CONSUME_CHECK_CONSUMER) timestamp=753 ms, used_size=288768 bytes (0.7%)
(RDMA_READ_CONSUME_CHECK_CONSUMER) timestamp=753 ms, used_size=286720 bytes (0.7%)
(RDMA_READ_CONSUME_CHECK_CONSUMER) timestamp=753 ms, used_size=284672 bytes (0.7%)
(RDMA_READ_CONSUME_CHECK_CONSUMER) timestamp=753 ms, used_size=282624 bytes (0.7%)
(RDMA_READ_CONSUME_CHECK_CONSUMER) timestamp=753 ms, used_size=280576 bytes (0.7%)
(RDMA_READ_CONSUME_CHECK_CONSUMER) timestamp=753 ms, used_size=278528 bytes (0.7%)
(RDMA_READ_CONSUME_CHECK_CONSUMER) timestamp=753 ms, used_size=276480 bytes (0.7%)
(RDMA_READ_CONSUME_CHECK_CONSUMER) timestamp=753 ms, used_size=274432 bytes (0.7%)
(RDMA_READ_CONSUME_CHECK_CONSUMER) timestamp=753 ms, used_size=272384 bytes (0.7%)
(RDMA_READ_CONSUME_CHECK_CONSUMER) timestamp=753 ms, used_size=270336 bytes (0.7%)
(RDMA_READ_CONSUME_CHECK_CONSUMER) timestamp=753 ms, used_size=268288 bytes (0.7%)
(RDMA_READ_CONSUME_CHECK_CONSUMER) timestamp=753 ms, used_size=266240 bytes (0.7%)
(RDMA_READ_CONSUME_CHECK_CONSUMER) timestamp=753 ms, used_size=264192 bytes (0.6%)
(RDMA_READ_CONSUME_CHECK_CONSUMER) timestamp=753 ms, used_size=262144 bytes (0.6%)
(RDMA_READ_CONSUME_CHECK_CONSUMER) timestamp=753 ms, used_size=260096 bytes (0.6%)
(RDMA_READ_CONSUME_CHECK_CONSUMER) timestamp=753 ms, used_size=258048 bytes (0.6%)
(RDMA_READ_CONSUME_CHECK_CONSUMER) timestamp=753 ms, used_size=256000 bytes (0.6%)
(RDMA_READ_CONSUME_CHECK_CONSUMER) timestamp=753 ms, used_size=253952 bytes (0.6%)
(RDMA_READ_CONSUME_CHECK_CONSUMER) timestamp=753 ms, used_size=251904 bytes (0.6%)
(RDMA_READ_CONSUME_CHECK_CONSUMER) timestamp=753 ms, used_size=249856 bytes (0.6%)
(RDMA_READ_CONSUME_CHECK_CONSUMER) timestamp=753 ms, used_size=247808 bytes (0.6%)
(RDMA_READ_CONSUME_CHECK_CONSUMER) timestamp=753 ms, used_size=245760 bytes (0.6%)
(RDMA_READ_CONSUME_CHECK_CONSUMER) timestamp=753 ms, used_size=243712 bytes (0.6%)
(RDMA_READ_CONSUME_CHECK_CONSUMER) timestamp=753 ms, used_size=241664 bytes (0.6%)
(RDMA_READ_CONSUME_CHECK_CONSUMER) timestamp=753 ms, used_size=239616 bytes (0.6%)
(RDMA_READ_CONSUME_CHECK_CONSUMER) timestamp=753 ms, used_size=237568 bytes (0.6%)
(RDMA_READ_CONSUME_CHECK_CONSUMER) timestamp=753 ms, used_size=235520 bytes (0.6%)
(RDMA_READ_CONSUME_CHECK_CONSUMER) timestamp=753 ms, used_size=233472 bytes (0.6%)
(RDMA_READ_CONSUME_CHECK_CONSUMER) timestamp=753 ms, used_size=231424 bytes (0.6%)
(RDMA_READ_CONSUME_CHECK_CONSUMER) timestamp=753 ms, used_size=229376 bytes (0.6%)
(RDMA_READ_CONSUME_CHECK_CONSUMER) timestamp=753 ms, used_size=227328 bytes (0.6%)
(RDMA_READ_CONSUME_CHECK_CONSUMER) timestamp=753 ms, used_size=225280 bytes (0.6%)
(RDMA_READ_CONSUME_CHECK_CONSUMER) timestamp=753 ms, used_size=223232 bytes (0.5%)
(RDMA_READ_CONSUME_CHECK_CONSUMER) timestamp=753 ms, used_size=221184 bytes (0.5%)
(RDMA_READ_CONSUME_CHECK_CONSUMER) timestamp=753 ms, used_size=219136 bytes (0.5%)
(RDMA_READ_CONSUME_CHECK_CONSUMER) timestamp=753 ms, used_size=217088 bytes (0.5%)
(RDMA_READ_CONSUME_CHECK_CONSUMER) timestamp=753 ms, used_size=215040 bytes (0.5%)
(RDMA_READ_CONSUME_CHECK_CONSUMER) timestamp=753 ms, used_size=212992 bytes (0.5%)
(RDMA_READ_CONSUME_CHECK_CONSUMER) timestamp=753 ms, used_size=210944 bytes (0.5%)
(RDMA_READ_CONSUME_CHECK_CONSUMER) timestamp=753 ms, used_size=208896 bytes (0.5%)
(RDMA_READ_CONSUME_CHECK_CONSUMER) timestamp=753 ms, used_size=206848 bytes (0.5%)
(RDMA_READ_CONSUME_CHECK_CONSUMER) timestamp=753 ms, used_size=204800 bytes (0.5%)
(RDMA_READ_CONSUME_CHECK_CONSUMER) timestamp=753 ms, used_size=202752 bytes (0.5%)
(RDMA_READ_CONSUME_CHECK_CONSUMER) timestamp=753 ms, used_size=200704 bytes (0.5%)
(RDMA_READ_CONSUME_CHECK_CONSUMER) timestamp=753 ms, used_size=198656 bytes (0.5%)
(RDMA_READ_CONSUME_CHECK_CONSUMER) timestamp=753 ms, used_size=196608 bytes (0.5%)
(RDMA_READ_CONSUME_CHECK_CONSUMER) timestamp=753 ms, used_size=194560 bytes (0.5%)
(RDMA_READ_CONSUME_CHECK_CONSUMER) timestamp=753 ms, used_size=192512 bytes (0.5%)
(RDMA_READ_CONSUME_CHECK_CONSUMER) timestamp=753 ms, used_size=190464 bytes (0.5%)
(RDMA_READ_CONSUME_CHECK_CONSUMER) timestamp=753 ms, used_size=188416 bytes (0.5%)
(RDMA_READ_CONSUME_CHECK_CONSUMER) timestamp=753 ms, used_size=186368 bytes (0.5%)
(RDMA_READ_CONSUME_CHECK_CONSUMER) timestamp=753 ms, used_size=184320 bytes (0.5%)
(RDMA_READ_CONSUME_CHECK_CONSUMER) timestamp=753 ms, used_size=182272 bytes (0.4%)
(RDMA_READ_CONSUME_CHECK_CONSUMER) timestamp=753 ms, used_size=180224 bytes (0.4%)
(RDMA_READ_CONSUME_CHECK_CONSUMER) timestamp=753 ms, used_size=178176 bytes (0.4%)
(RDMA_READ_CONSUME_CHECK_CONSUMER) timestamp=753 ms, used_size=176128 bytes (0.4%)
(RDMA_READ_CONSUME_CHECK_CONSUMER) timestamp=753 ms, used_size=174080 bytes (0.4%)
(RDMA_READ_CONSUME_CHECK_CONSUMER) timestamp=753 ms, used_size=172032 bytes (0.4%)
(RDMA_READ_CONSUME_CHECK_CONSUMER) timestamp=753 ms, used_size=169984 bytes (0.4%)
(RDMA_READ_CONSUME_CHECK_CONSUMER) timestamp=753 ms, used_size=167936 bytes (0.4%)
(RDMA_READ_CONSUME_CHECK_CONSUMER) timestamp=753 ms, used_size=165888 bytes (0.4%)
(RDMA_READ_CONSUME_CHECK_CONSUMER) timestamp=753 ms, used_size=163840 bytes (0.4%)
(RDMA_READ_CONSUME_CHECK_CONSUMER) timestamp=753 ms, used_size=161792 bytes (0.4%)
(RDMA_READ_CONSUME_CHECK_CONSUMER) timestamp=753 ms, used_size=159744 bytes (0.4%)
(RDMA_READ_CONSUME_CHECK_CONSUMER) timestamp=753 ms, used_size=157696 bytes (0.4%)
(RDMA_READ_CONSUME_CHECK_CONSUMER) timestamp=753 ms, used_size=155648 bytes (0.4%)
(RDMA_READ_CONSUME_CHECK_CONSUMER) timestamp=753 ms, used_size=153600 bytes (0.4%)
(RDMA_READ_CONSUME_CHECK_CONSUMER) timestamp=753 ms, used_size=151552 bytes (0.4%)
(RDMA_READ_CONSUME_CHECK_CONSUMER) timestamp=753 ms, used_size=149504 bytes (0.4%)
(RDMA_READ_CONSUME_CHECK_CONSUMER) timestamp=753 ms, used_size=147456 bytes (0.4%)
(RDMA_READ_CONSUME_CHECK_CONSUMER) timestamp=753 ms, used_size=145408 bytes (0.4%)
(RDMA_READ_CONSUME_CHECK_CONSUMER) timestamp=753 ms, used_size=143360 bytes (0.3%)
(RDMA_READ_CONSUME_CHECK_CONSUMER) timestamp=753 ms, used_size=141312 bytes (0.3%)
(RDMA_READ_CONSUME_CHECK_CONSUMER) timestamp=753 ms, used_size=139264 bytes (0.3%)
(RDMA_READ_CONSUME_CHECK_CONSUMER) timestamp=753 ms, used_size=137216 bytes (0.3%)
(RDMA_READ_CONSUME_CHECK_CONSUMER) timestamp=753 ms, used_size=135168 bytes (0.3%)
(RDMA_READ_CONSUME_CHECK_CONSUMER) timestamp=753 ms, used_size=133120 bytes (0.3%)
(RDMA_READ_CONSUME_CHECK_CONSUMER) timestamp=753 ms, used_size=131072 bytes (0.3%)
(RDMA_READ_CONSUME_CHECK_CONSUMER) timestamp=753 ms, used_size=129024 bytes (0.3%)
(RDMA_READ_CONSUME_CHECK_CONSUMER) timestamp=753 ms, used_size=126976 bytes (0.3%)
(RDMA_READ_CONSUME_CHECK_CONSUMER) timestamp=753 ms, used_size=124928 bytes (0.3%)
(RDMA_READ_CONSUME_CHECK_CONSUMER) timestamp=753 ms, used_size=122880 bytes (0.3%)
(RDMA_READ_CONSUME_CHECK_CONSUMER) timestamp=753 ms, used_size=120832 bytes (0.3%)
(RDMA_READ_CONSUME_CHECK_CONSUMER) timestamp=753 ms, used_size=118784 bytes (0.3%)
(RDMA_READ_CONSUME_CHECK_CONSUMER) timestamp=753 ms, used_size=116736 bytes (0.3%)
(RDMA_READ_CONSUME_CHECK_CONSUMER) timestamp=753 ms, used_size=114688 bytes (0.3%)
(RDMA_READ_CONSUME_CHECK_CONSUMER) timestamp=753 ms, used_size=112640 bytes (0.3%)
(RDMA_READ_CONSUME_CHECK_CONSUMER) timestamp=753 ms, used_size=110592 bytes (0.3%)
(RDMA_READ_CONSUME_CHECK_CONSUMER) timestamp=753 ms, used_size=108544 bytes (0.3%)
(RDMA_READ_CONSUME_CHECK_CONSUMER) timestamp=753 ms, used_size=106496 bytes (0.3%)
(RDMA_READ_CONSUME_CHECK_CONSUMER) timestamp=753 ms, used_size=104448 bytes (0.3%)
(RDMA_READ_CONSUME_CHECK_CONSUMER) timestamp=753 ms, used_size=102400 bytes (0.2%)
(RDMA_READ_CONSUME_CHECK_CONSUMER) timestamp=753 ms, used_size=100352 bytes (0.2%)
(RDMA_READ_CONSUME_CHECK_CONSUMER) timestamp=753 ms, used_size=98304 bytes (0.2%)
(RDMA_READ_CONSUME_CHECK_CONSUMER) timestamp=753 ms, used_size=96256 bytes (0.2%)
(RDMA_READ_CONSUME_CHECK_CONSUMER) timestamp=753 ms, used_size=94208 bytes (0.2%)
(RDMA_READ_CONSUME_CHECK_CONSUMER) timestamp=753 ms, used_size=92160 bytes (0.2%)
(RDMA_READ_CONSUME_CHECK_CONSUMER) timestamp=753 ms, used_size=90112 bytes (0.2%)
(RDMA_READ_CONSUME_CHECK_CONSUMER) timestamp=753 ms, used_size=88064 bytes (0.2%)
(RDMA_READ_CONSUME_CHECK_CONSUMER) timestamp=753 ms, used_size=86016 bytes (0.2%)
(RDMA_READ_CONSUME_CHECK_CONSUMER) timestamp=753 ms, used_size=83968 bytes (0.2%)
(RDMA_READ_CONSUME_CHECK_CONSUMER) timestamp=753 ms, used_size=81920 bytes (0.2%)
(RDMA_READ_CONSUME_CHECK_CONSUMER) timestamp=753 ms, used_size=79872 bytes (0.2%)
(RDMA_READ_CONSUME_CHECK_CONSUMER) timestamp=753 ms, used_size=77824 bytes (0.2%)
(RDMA_READ_CONSUME_CHECK_CONSUMER) timestamp=753 ms, used_size=75776 bytes (0.2%)
(RDMA_READ_CONSUME_CHECK_CONSUMER) timestamp=753 ms, used_size=73728 bytes (0.2%)
(RDMA_READ_CONSUME_CHECK_CONSUMER) timestamp=753 ms, used_size=71680 bytes (0.2%)
(RDMA_READ_CONSUME_CHECK_CONSUMER) timestamp=753 ms, used_size=69632 bytes (0.2%)
(RDMA_READ_CONSUME_CHECK_CONSUMER) timestamp=753 ms, used_size=67584 bytes (0.2%)
(RDMA_READ_CONSUME_CHECK_CONSUMER) timestamp=753 ms, used_size=65536 bytes (0.2%)
(RDMA_READ_CONSUME_CHECK_CONSUMER) timestamp=753 ms, used_size=63488 bytes (0.2%)
(RDMA_READ_CONSUME_CHECK_CONSUMER) timestamp=753 ms, used_size=61440 bytes (0.1%)
(RDMA_READ_CONSUME_CHECK_CONSUMER) timestamp=753 ms, used_size=59392 bytes (0.1%)
(RDMA_READ_CONSUME_CHECK_CONSUMER) timestamp=753 ms, used_size=57344 bytes (0.1%)
(RDMA_READ_CONSUME_CHECK_CONSUMER) timestamp=753 ms, used_size=55296 bytes (0.1%)
(RDMA_READ_CONSUME_CHECK_CONSUMER) timestamp=753 ms, used_size=53248 bytes (0.1%)
(RDMA_READ_CONSUME_CHECK_CONSUMER) timestamp=753 ms, used_size=51200 bytes (0.1%)
(RDMA_READ_CONSUME_CHECK_CONSUMER) timestamp=753 ms, used_size=49152 bytes (0.1%)
(RDMA_READ_CONSUME_CHECK_CONSUMER) timestamp=753 ms, used_size=47104 bytes (0.1%)
(RDMA_READ_CONSUME_CHECK_CONSUMER) timestamp=753 ms, used_size=45056 bytes (0.1%)
(RDMA_READ_CONSUME_CHECK_CONSUMER) timestamp=753 ms, used_size=43008 bytes (0.1%)
(RDMA_READ_CONSUME_CHECK_CONSUMER) timestamp=753 ms, used_size=40960 bytes (0.1%)
(RDMA_READ_CONSUME_CHECK_CONSUMER) timestamp=753 ms, used_size=38912 bytes (0.1%)
(RDMA_READ_CONSUME_CHECK_CONSUMER) timestamp=753 ms, used_size=36864 bytes (0.1%)
(RDMA_READ_CONSUME_CHECK_CONSUMER) timestamp=753 ms, used_size=34816 bytes (0.1%)
(RDMA_READ_CONSUME_CHECK_CONSUMER) timestamp=753 ms, used_size=32768 bytes (0.1%)
(RDMA_READ_CONSUME_CHECK_CONSUMER) timestamp=753 ms, used_size=30720 bytes (0.1%)
(RDMA_READ_CONSUME_CHECK_CONSUMER) timestamp=753 ms, used_size=28672 bytes (0.1%)
(RDMA_READ_CONSUME_CHECK_CONSUMER) timestamp=753 ms, used_size=26624 bytes (0.1%)
(RDMA_READ_CONSUME_CHECK_CONSUMER) timestamp=753 ms, used_size=24576 bytes (0.1%)
(RDMA_READ_CONSUME_CHECK_CONSUMER) timestamp=753 ms, used_size=22528 bytes (0.1%)
(RDMA_READ_CONSUME_CHECK_CONSUMER) timestamp=753 ms, used_size=20480 bytes (0.1%)
(RDMA_READ_CONSUME_CHECK_CONSUMER) timestamp=753 ms, used_size=18432 bytes (0.0%)
(RDMA_READ_CONSUME_CHECK_CONSUMER) timestamp=753 ms, used_size=16384 bytes (0.0%)
(RDMA_READ_CONSUME_CHECK_CONSUMER) timestamp=753 ms, used_size=14336 bytes (0.0%)
(RDMA_READ_CONSUME_CHECK_CONSUMER) timestamp=753 ms, used_size=12288 bytes (0.0%)
(RDMA_READ_CONSUME_CHECK_CONSUMER) timestamp=753 ms, used_size=10240 bytes (0.0%)
(RDMA_READ_CONSUME_CHECK_CONSUMER) timestamp=753 ms, used_size=8192 bytes (0.0%)
(RDMA_READ_CONSUME_CHECK_CONSUMER) timestamp=753 ms, used_size=6144 bytes (0.0%)
(RDMA_READ_CONSUME_CHECK_CONSUMER) timestamp=753 ms, used_size=4096 bytes (0.0%)
(RDMA_READ_CONSUME_CHECK_CONSUMER) timestamp=753 ms, used_size=2048 bytes (0.0%)
(RDMA_READ_CONSUME_CHECK_CONSUMER) timestamp=753 ms, used_size=0 bytes (0.0%)
(RDMA_READ_CONSUME_CHECK) Cycle 0, Batch 2: CRC32 OK (0xcee97786), 3616 messages verified
t1:0:616822:117289678:40960000
(RDMA_READ_CONSUME_CHECK) Cycle 0 completed
(RDMA_READ_CONSUME_CHECK) Starting cycle 1
(RDMA_READ_CONSUME_CHECK_CONSUMER) timestamp=753 ms, used_size=7403520 bytes (18.1%)
(RDMA_READ_CONSUME_CHECK_CONSUMER) timestamp=843 ms, used_size=7401472 bytes (18.1%)
(RDMA_READ_CONSUME_CHECK_CONSUMER) timestamp=843 ms, used_size=7399424 bytes (18.1%)
(RDMA_READ_CONSUME_CHECK_CONSUMER) timestamp=843 ms, used_size=7397376 bytes (18.1%)
(RDMA_READ_CONSUME_CHECK_CONSUMER) timestamp=843 ms, used_size=7395328 bytes (18.1%)
(RDMA_READ_CONSUME_CHECK_CONSUMER) timestamp=843 ms, used_size=7393280 bytes (18.1%)
(RDMA_READ_CONSUME_CHECK_CONSUMER) timestamp=843 ms, used_size=7391232 bytes (18.0%)
(RDMA_READ_CONSUME_CHECK_CONSUMER) timestamp=844 ms, used_size=7389184 bytes (18.0%)
(RDMA_READ_CONSUME_CHECK_CONSUMER) timestamp=844 ms, used_size=7387136 bytes (18.0%)
(RDMA_READ_CONSUME_CHECK_CONSUMER) timestamp=844 ms, used_size=7385088 bytes (18.0%)
(RDMA_READ_CONSUME_CHECK_CONSUMER) timestamp=844 ms, used_size=7383040 bytes (18.0%)
(RDMA_READ_CONSUME_CHECK_CONSUMER) timestamp=844 ms, used_size=7380992 bytes (18.0%)
(RDMA_READ_CONSUME_CHECK_CONSUMER) timestamp=844 ms, used_size=7378944 bytes (18.0%)
(RDMA_READ_CONSUME_CHECK_CONSUMER) timestamp=844 ms, used_size=7376896 bytes (18.0%)
(RDMA_READ_CONSUME_CHECK_CONSUMER) timestamp=844 ms, used_size=7374848 bytes (18.0%)
(RDMA_READ_CONSUME_CHECK_CONSUMER) timestamp=844 ms, used_size=7372800 bytes (18.0%)
(RDMA_READ_CONSUME_CHECK_CONSUMER) timestamp=844 ms, used_size=7370752 bytes (18.0%)
(RDMA_READ_CONSUME_CHECK_CONSUMER) timestamp=844 ms, used_size=7368704 bytes (18.0%)
(RDMA_READ_CONSUME_CHECK_CONSUMER) timestamp=844 ms, used_size=7366656 bytes (18.0%)
(RDMA_READ_CONSUME_CHECK_CONSUMER) timestamp=844 ms, used_size=7364608 bytes (18.0%)
(RDMA_READ_CONSUME_CHECK_CONSUMER) timestamp=844 ms, used_size=7362560 bytes (18.0%)
(RDMA_READ_CONSUME_CHECK_CONSUMER) timestamp=844 ms, used_size=7360512 bytes (18.0%)
(RDMA_READ_CONSUME_CHECK_CONSUMER) timestamp=844 ms, used_size=7358464 bytes (18.0%)
(RDMA_READ_CONSUME_CHECK_CONSUMER) timestamp=844 ms, used_size=7356416 bytes (18.0%)
(RDMA_READ_CONSUME_CHECK_CONSUMER) timestamp=844 ms, used_size=7354368 bytes (18.0%)
(RDMA_READ_CONSUME_CHECK_CONSUMER) timestamp=844 ms, used_size=7352320 bytes (17.9%)
(RDMA_READ_CONSUME_CHECK_CONSUMER) timestamp=844 ms, used_size=7350272 bytes (17.9%)
(RDMA_READ_CONSUME_CHECK_CONSUMER) timestamp=844 ms, used_size=7348224 bytes (17.9%)
(RDMA_READ_CONSUME_CHECK_CONSUMER) timestamp=844 ms, used_size=7346176 bytes (17.9%)
(RDMA_READ_CONSUME_CHECK_CONSUMER) timestamp=844 ms, used_size=7344128 bytes (17.9%)
(RDMA_READ_CONSUME_CHECK_CONSUMER) timestamp=844 ms, used_size=7342080 bytes (17.9%)
(RDMA_READ_CONSUME_CHECK_CONSUMER) timestamp=844 ms, used_size=7340032 bytes (17.9%)
(RDMA_READ_CONSUME_CHECK_CONSUMER) timestamp=844 ms, used_size=7337984 bytes (17.9%)
(RDMA_READ_CONSUME_CHECK_CONSUMER) timestamp=844 ms, used_size=7335936 bytes (17.9%)
(RDMA_READ_CONSUME_CHECK_CONSUMER) timestamp=844 ms, used_size=7333888 bytes (17.9%)
(RDMA_READ_CONSUME_CHECK_CONSUMER) timestamp=844 ms, used_size=7331840 bytes (17.9%)
(RDMA_READ_CONSUME_CHECK_CONSUMER) timestamp=844 ms, used_size=7329792 bytes (17.9%)
(RDMA_READ_CONSUME_CHECK_CONSUMER) timestamp=844 ms, used_size=7327744 bytes (17.9%)
(RDMA_READ_CONSUME_CHECK_CONSUMER) timestamp=844 ms, used_size=7325696 bytes (17.9%)
(RDMA_READ_CONSUME_CHECK_CONSUMER) timestamp=844 ms, used_size=7323648 bytes (17.9%)
(RDMA_READ_CONSUME_CHECK_CONSUMER) timestamp=844 ms, used_size=7321600 bytes (17.9%)
(RDMA_READ_CONSUME_CHECK_CONSUMER) timestamp=844 ms, used_size=7319552 bytes (17.9%)
(RDMA_READ_CONSUME_CHECK_CONSUMER) timestamp=844 ms, used_size=7317504 bytes (17.9%)
(RDMA_READ_CONSUME_CHECK_CONSUMER) timestamp=844 ms, used_size=7315456 bytes (17.9%)
(RDMA_READ_CONSUME_CHECK_CONSUMER) timestamp=844 ms, used_size=7313408 bytes (17.9%)
(RDMA_READ_CONSUME_CHECK_CONSUMER) timestamp=844 ms, used_size=7311360 bytes (17.9%)
(RDMA_READ_CONSUME_CHECK_CONSUMER) timestamp=844 ms, used_size=7309312 bytes (17.8%)
(RDMA_READ_CONSUME_CHECK_CONSUMER) timestamp=844 ms, used_size=7307264 bytes (17.8%)
(RDMA_READ_CONSUME_CHECK_CONSUMER) timestamp=844 ms, used_size=7305216 bytes (17.8%)
(RDMA_READ_CONSUME_CHECK_CONSUMER) timestamp=844 ms, used_size=7303168 bytes (17.8%)
(RDMA_READ_CONSUME_CHECK_CONSUMER) timestamp=844 ms, used_size=7301120 bytes (17.8%)
(RDMA_READ_CONSUME_CHECK_CONSUMER) timestamp=844 ms, used_size=7299072 bytes (17.8%)
(RDMA_READ_CONSUME_CHECK_CONSUMER) timestamp=844 ms, used_size=7297024 bytes (17.8%)
(RDMA_READ_CONSUME_CHECK_CONSUMER) timestamp=844 ms, used_size=7294976 bytes (17.8%)
(RDMA_READ_CONSUME_CHECK_CONSUMER) timestamp=844 ms, used_size=7292928 bytes (17.8%)
(RDMA_READ_CONSUME_CHECK_CONSUMER) timestamp=844 ms, used_size=7290880 bytes (17.8%)
(RDMA_READ_CONSUME_CHECK_CONSUMER) timestamp=844 ms, used_size=7288832 bytes (17.8%)
(RDMA_READ_CONSUME_CHECK_CONSUMER) timestamp=844 ms, used_size=7286784 bytes (17.8%)
(RDMA_READ_CONSUME_CHECK_CONSUMER) timestamp=844 ms, used_size=7284736 bytes (17.8%)
(RDMA_READ_CONSUME_CHECK_CONSUMER) timestamp=844 ms, used_size=7282688 bytes (17.8%)
(RDMA_READ_CONSUME_CHECK_CONSUMER) timestamp=844 ms, used_size=7280640 bytes (17.8%)
(RDMA_READ_CONSUME_CHECK_CONSUMER) timestamp=844 ms, used_size=7278592 bytes (17.8%)
(RDMA_READ_CONSUME_CHECK_CONSUMER) timestamp=844 ms, used_size=7276544 bytes (17.8%)
(RDMA_READ_CONSUME_CHECK_CONSUMER) timestamp=844 ms, used_size=7274496 bytes (17.8%)
(RDMA_READ_CONSUME_CHECK_CONSUMER) timestamp=844 ms, used_size=7272448 bytes (17.8%)
(RDMA_READ_CONSUME_CHECK_CONSUMER) timestamp=844 ms, used_size=7270400 bytes (17.8%)
(RDMA_READ_CONSUME_CHECK_CONSUMER) timestamp=844 ms, used_size=7268352 bytes (17.7%)
(RDMA_READ_CONSUME_CHECK_CONSUMER) timestamp=844 ms, used_size=7266304 bytes (17.7%)
(RDMA_READ_CONSUME_CHECK_CONSUMER) timestamp=844 ms, used_size=7264256 bytes (17.7%)
(RDMA_READ_CONSUME_CHECK_CONSUMER) timestamp=844 ms, used_size=7262208 bytes (17.7%)
(RDMA_READ_CONSUME_CHECK_CONSUMER) timestamp=844 ms, used_size=7260160 bytes (17.7%)
(RDMA_READ_CONSUME_CHECK_CONSUMER) timestamp=844 ms, used_size=7258112 bytes (17.7%)
(RDMA_READ_CONSUME_CHECK_CONSUMER) timestamp=844 ms, used_size=7256064 bytes (17.7%)
(RDMA_READ_CONSUME_CHECK_CONSUMER) timestamp=844 ms, used_size=7254016 bytes (17.7%)
(RDMA_READ_CONSUME_CHECK_CONSUMER) timestamp=844 ms, used_size=7251968 bytes (17.7%)
(RDMA_READ_CONSUME_CHECK_CONSUMER) timestamp=844 ms, used_size=7249920 bytes (17.7%)
(RDMA_READ_CONSUME_CHECK_CONSUMER) timestamp=844 ms, used_size=7247872 bytes (17.7%)
(RDMA_READ_CONSUME_CHECK_CONSUMER) timestamp=844 ms, used_size=7245824 bytes (17.7%)
(RDMA_READ_CONSUME_CHECK_CONSUMER) timestamp=844 ms, used_size=7243776 bytes (17.7%)
(RDMA_READ_CONSUME_CHECK_CONSUMER) timestamp=844 ms, used_size=7241728 bytes (17.7%)
(RDMA_READ_CONSUME_CHECK_CONSUMER) timestamp=844 ms, used_size=7239680 bytes (17.7%)
(RDMA_READ_CONSUME_CHECK_CONSUMER) timestamp=844 ms, used_size=7237632 bytes (17.7%)
(RDMA_READ_CONSUME_CHECK_CONSUMER) timestamp=844 ms, used_size=7235584 bytes (17.7%)
(RDMA_READ_CONSUME_CHECK_CONSUMER) timestamp=844 ms, used_size=7233536 bytes (17.7%)
(RDMA_READ_CONSUME_CHECK_CONSUMER) timestamp=844 ms, used_size=7231488 bytes (17.7%)
(RDMA_READ_CONSUME_CHECK_CONSUMER) timestamp=844 ms, used_size=7229440 bytes (17.6%)
(RDMA_READ_CONSUME_CHECK_CONSUMER) timestamp=844 ms, used_size=7227392 bytes (17.6%)
(RDMA_READ_CONSUME_CHECK_CONSUMER) timestamp=844 ms, used_size=7225344 bytes (17.6%)
(RDMA_READ_CONSUME_CHECK_CONSUMER) timestamp=844 ms, used_size=7223296 bytes (17.6%)
(RDMA_READ_CONSUME_CHECK_CONSUMER) timestamp=844 ms, used_size=7221248 bytes (17.6%)
(RDMA_READ_CONSUME_CHECK_CONSUMER) timestamp=844 ms, used_size=7219200 bytes (17.6%)
(RDMA_READ_CONSUME_CHECK_CONSUMER) timestamp=844 ms, used_size=7217152 bytes (17.6%)
(RDMA_READ_CONSUME_CHECK_CONSUMER) timestamp=844 ms, used_size=7215104 bytes (17.6%)
(RDMA_READ_CONSUME_CHECK_CONSUMER) timestamp=844 ms, used_size=7213056 bytes (17.6%)
(RDMA_READ_CONSUME_CHECK_CONSUMER) timestamp=844 ms, used_size=7211008 bytes (17.6%)
(RDMA_READ_CONSUME_CHECK_CONSUMER) timestamp=844 ms, used_size=7208960 bytes (17.6%)
(RDMA_READ_CONSUME_CHECK_CONSUMER) timestamp=844 ms, used_size=7206912 bytes (17.6%)
(RDMA_READ_CONSUME_CHECK_CONSUMER) timestamp=844 ms, used_size=7204864 bytes (17.6%)
(RDMA_READ_CONSUME_CHECK_CONSUMER) timestamp=844 ms, used_size=7202816 bytes (17.6%)
(RDMA_READ_CONSUME_CHECK_CONSUMER) timestamp=844 ms, used_size=7200768 bytes (17.6%)
(RDMA_READ_CONSUME_CHECK_CONSUMER) timestamp=844 ms, used_size=7198720 bytes (17.6%)
(RDMA_READ_CONSUME_CHECK_CONSUMER) timestamp=844 ms, used_size=7196672 bytes (17.6%)
(RDMA_READ_CONSUME_CHECK_CONSUMER) timestamp=844 ms, used_size=7194624 bytes (17.6%)
(RDMA_READ_CONSUME_CHECK_CONSUMER) timestamp=844 ms, used_size=7192576 bytes (17.6%)
(RDMA_READ_CONSUME_CHECK_CONSUMER) timestamp=844 ms, used_size=7190528 bytes (17.6%)
(RDMA_READ_CONSUME_CHECK_CONSUMER) timestamp=844 ms, used_size=7188480 bytes (17.6%)
(RDMA_READ_CONSUME_CHECK_CONSUMER) timestamp=844 ms, used_size=7186432 bytes (17.5%)
(RDMA_READ_CONSUME_CHECK_CONSUMER) timestamp=844 ms, used_size=7184384 bytes (17.5%)
(RDMA_READ_CONSUME_CHECK_CONSUMER) timestamp=844 ms, used_size=7182336 bytes (17.5%)
(RDMA_READ_CONSUME_CHECK_CONSUMER) timestamp=844 ms, used_size=7180288 bytes (17.5%)
(RDMA_READ_CONSUME_CHECK_CONSUMER) timestamp=844 ms, used_size=7178240 bytes (17.5%)
(RDMA_READ_CONSUME_CHECK_CONSUMER) timestamp=844 ms, used_size=7176192 bytes (17.5%)
(RDMA_READ_CONSUME_CHECK_CONSUMER) timestamp=844 ms, used_size=7174144 bytes (17.5%)
(RDMA_READ_CONSUME_CHECK_CONSUMER) timestamp=844 ms, used_size=7172096 bytes (17.5%)
(RDMA_READ_CONSUME_CHECK_CONSUMER) timestamp=844 ms, used_size=7170048 bytes (17.5%)
(RDMA_READ_CONSUME_CHECK_CONSUMER) timestamp=844 ms, used_size=7168000 bytes (17.5%)
(RDMA_READ_CONSUME_CHECK_CONSUMER) timestamp=844 ms, used_size=7165952 bytes (17.5%)
(RDMA_READ_CONSUME_CHECK_CONSUMER) timestamp=844 ms, used_size=7163904 bytes (17.5%)
(RDMA_READ_CONSUME_CHECK_CONSUMER) timestamp=844 ms, used_size=7161856 bytes (17.5%)
(RDMA_READ_CONSUME_CHECK_CONSUMER) timestamp=844 ms, used_size=7159808 bytes (17.5%)
(RDMA_READ_CONSUME_CHECK_CONSUMER) timestamp=844 ms, used_size=7157760 bytes (17.5%)
(RDMA_READ_CONSUME_CHECK_CONSUMER) timestamp=844 ms, used_size=7155712 bytes (17.5%)
(RDMA_READ_CONSUME_CHECK_CONSUMER) timestamp=844 ms, used_size=7153664 bytes (17.5%)
(RDMA_READ_CONSUME_CHECK_CONSUMER) timestamp=844 ms, used_size=7151616 bytes (17.5%)
(RDMA_READ_CONSUME_CHECK_CONSUMER) timestamp=844 ms, used_size=7149568 bytes (17.5%)
(RDMA_READ_CONSUME_CHECK_CONSUMER) timestamp=844 ms, used_size=7147520 bytes (17.4%)
(RDMA_READ_CONSUME_CHECK_CONSUMER) timestamp=844 ms, used_size=7145472 bytes (17.4%)
(RDMA_READ_CONSUME_CHECK_CONSUMER) timestamp=844 ms, used_size=7143424 bytes (17.4%)
(RDMA_READ_CONSUME_CHECK_CONSUMER) timestamp=844 ms, used_size=7141376 bytes (17.4%)
(RDMA_READ_CONSUME_CHECK_CONSUMER) timestamp=844 ms, used_size=7139328 bytes (17.4%)
(RDMA_READ_CONSUME_CHECK_CONSUMER) timestamp=844 ms, used_size=7137280 bytes (17.4%)
(RDMA_READ_CONSUME_CHECK_CONSUMER) timestamp=844 ms, used_size=7135232 bytes (17.4%)
(RDMA_READ_CONSUME_CHECK_CONSUMER) timestamp=844 ms, used_size=7133184 bytes (17.4%)
(RDMA_READ_CONSUME_CHECK_CONSUMER) timestamp=844 ms, used_size=7131136 bytes (17.4%)
(RDMA_READ_CONSUME_CHECK_CONSUMER) timestamp=844 ms, used_size=7129088 bytes (17.4%)
(RDMA_READ_CONSUME_CHECK_CONSUMER) timestamp=844 ms, used_size=7127040 bytes (17.4%)
(RDMA_READ_CONSUME_CHECK_CONSUMER) timestamp=844 ms, used_size=7124992 bytes (17.4%)
(RDMA_READ_CONSUME_CHECK_CONSUMER) timestamp=844 ms, used_size=7122944 bytes (17.4%)
(RDMA_READ_CONSUME_CHECK_CONSUMER) timestamp=844 ms, used_size=7120896 bytes (17.4%)
(RDMA_READ_CONSUME_CHECK_CONSUMER) timestamp=844 ms, used_size=7118848 bytes (17.4%)
(RDMA_READ_CONSUME_CHECK_CONSUMER) timestamp=844 ms, used_size=7116800 bytes (17.4%)
(RDMA_READ_CONSUME_CHECK_CONSUMER) timestamp=844 ms, used_size=7114752 bytes (17.4%)
(RDMA_READ_CONSUME_CHECK_CONSUMER) timestamp=844 ms, used_size=7112704 bytes (17.4%)
(RDMA_READ_CONSUME_CHECK_CONSUMER) timestamp=844 ms, used_size=7110656 bytes (17.4%)
(RDMA_READ_CONSUME_CHECK_CONSUMER) timestamp=844 ms, used_size=7108608 bytes (17.4%)
(RDMA_READ_CONSUME_CHECK_CONSUMER) timestamp=844 ms, used_size=7106560 bytes (17.4%)
(RDMA_READ_CONSUME_CHECK_CONSUMER) timestamp=844 ms, used_size=7104512 bytes (17.3%)
(RDMA_READ_CONSUME_CHECK_CONSUMER) timestamp=844 ms, used_size=7102464 bytes (17.3%)
(RDMA_READ_CONSUME_CHECK_CONSUMER) timestamp=844 ms, used_size=7100416 bytes (17.3%)
(RDMA_READ_CONSUME_CHECK_CONSUMER) timestamp=844 ms, used_size=7098368 bytes (17.3%)
(RDMA_READ_CONSUME_CHECK_CONSUMER) timestamp=844 ms, used_size=7096320 bytes (17.3%)
(RDMA_READ_CONSUME_CHECK_CONSUMER) timestamp=844 ms, used_size=7094272 bytes (17.3%)
(RDMA_READ_CONSUME_CHECK_CONSUMER) timestamp=844 ms, used_size=7092224 bytes (17.3%)
(RDMA_READ_CONSUME_CHECK_CONSUMER) timestamp=844 ms, used_size=7090176 bytes (17.3%)
(RDMA_READ_CONSUME_CHECK_CONSUMER) timestamp=844 ms, used_size=7088128 bytes (17.3%)
(RDMA_READ_CONSUME_CHECK_CONSUMER) timestamp=844 ms, used_size=7086080 bytes (17.3%)
(RDMA_READ_CONSUME_CHECK_CONSUMER) timestamp=844 ms, used_size=7084032 bytes (17.3%)
(RDMA_READ_CONSUME_CHECK_CONSUMER) timestamp=844 ms, used_size=7081984 bytes (17.3%)
(RDMA_READ_CONSUME_CHECK_CONSUMER) timestamp=844 ms, used_size=7079936 bytes (17.3%)
(RDMA_READ_CONSUME_CHECK_CONSUMER) timestamp=844 ms, used_size=7077888 bytes (17.3%)
(RDMA_READ_CONSUME_CHECK_CONSUMER) timestamp=844 ms, used_size=7075840 bytes (17.3%)
(RDMA_READ_CONSUME_CHECK_CONSUMER) timestamp=844 ms, used_size=7073792 bytes (17.3%)
(RDMA_READ_CONSUME_CHECK_CONSUMER) timestamp=844 ms, used_size=7071744 bytes (17.3%)
(RDMA_READ_CONSUME_CHECK_CONSUMER) timestamp=844 ms, used_size=7069696 bytes (17.3%)
(RDMA_READ_CONSUME_CHECK_CONSUMER) timestamp=844 ms, used_size=7067648 bytes (17.3%)
(RDMA_READ_CONSUME_CHECK_CONSUMER) timestamp=844 ms, used_size=7065600 bytes (17.2%)
(RDMA_READ_CONSUME_CHECK_CONSUMER) timestamp=845 ms, used_size=7063552 bytes (17.2%)
(RDMA_READ_CONSUME_CHECK_CONSUMER) timestamp=845 ms, used_size=7061504 bytes (17.2%)
(RDMA_READ_CONSUME_CHECK_CONSUMER) timestamp=845 ms, used_size=7059456 bytes (17.2%)
(RDMA_READ_CONSUME_CHECK_CONSUMER) timestamp=845 ms, used_size=7057408 bytes (17.2%)
(RDMA_READ_CONSUME_CHECK_CONSUMER) timestamp=845 ms, used_size=7055360 bytes (17.2%)
(RDMA_READ_CONSUME_CHECK_CONSUMER) timestamp=845 ms, used_size=7053312 bytes (17.2%)
(RDMA_READ_CONSUME_CHECK_CONSUMER) timestamp=845 ms, used_size=7051264 bytes (17.2%)
(RDMA_READ_CONSUME_CHECK_CONSUMER) timestamp=845 ms, used_size=7049216 bytes (17.2%)
(RDMA_READ_CONSUME_CHECK_CONSUMER) timestamp=845 ms, used_size=7047168 bytes (17.2%)
(RDMA_READ_CONSUME_CHECK_CONSUMER) timestamp=845 ms, used_size=7045120 bytes (17.2%)
(RDMA_READ_CONSUME_CHECK_CONSUMER) timestamp=845 ms, used_size=7043072 bytes (17.2%)
(RDMA_READ_CONSUME_CHECK_CONSUMER) timestamp=845 ms, used_size=7041024 bytes (17.2%)
(RDMA_READ_CONSUME_CHECK_CONSUMER) timestamp=845 ms, used_size=7038976 bytes (17.2%)
(RDMA_READ_CONSUME_CHECK_CONSUMER) timestamp=845 ms, used_size=7036928 bytes (17.2%)
(RDMA_READ_CONSUME_CHECK_CONSUMER) timestamp=845 ms, used_size=7034880 bytes (17.2%)
(RDMA_READ_CONSUME_CHECK_CONSUMER) timestamp=845 ms, used_size=7032832 bytes (17.2%)
(RDMA_READ_CONSUME_CHECK_CONSUMER) timestamp=845 ms, used_size=7030784 bytes (17.2%)
(RDMA_READ_CONSUME_CHECK_CONSUMER) timestamp=845 ms, used_size=7028736 bytes (17.2%)
(RDMA_READ_CONSUME_CHECK_CONSUMER) timestamp=845 ms, used_size=7026688 bytes (17.2%)
(RDMA_READ_CONSUME_CHECK_CONSUMER) timestamp=845 ms, used_size=7024640 bytes (17.1%)
(RDMA_READ_CONSUME_CHECK_CONSUMER) timestamp=845 ms, used_size=7022592 bytes (17.1%)
(RDMA_READ_CONSUME_CHECK_CONSUMER) timestamp=845 ms, used_size=7020544 bytes (17.1%)
(RDMA_READ_CONSUME_CHECK_CONSUMER) timestamp=845 ms, used_size=7018496 bytes (17.1%)
(RDMA_READ_CONSUME_CHECK_CONSUMER) timestamp=845 ms, used_size=7016448 bytes (17.1%)
(RDMA_READ_CONSUME_CHECK_CONSUMER) timestamp=845 ms, used_size=7014400 bytes (17.1%)
(RDMA_READ_CONSUME_CHECK_CONSUMER) timestamp=845 ms, used_size=7012352 bytes (17.1%)
(RDMA_READ_CONSUME_CHECK_CONSUMER) timestamp=845 ms, used_size=7010304 bytes (17.1%)
(RDMA_READ_CONSUME_CHECK_CONSUMER) timestamp=845 ms, used_size=7008256 bytes (17.1%)
(RDMA_READ_CONSUME_CHECK_CONSUMER) timestamp=845 ms, used_size=7006208 bytes (17.1%)
(RDMA_READ_CONSUME_CHECK_CONSUMER) timestamp=845 ms, used_size=7004160 bytes (17.1%)
(RDMA_READ_CONSUME_CHECK_CONSUMER) timestamp=845 ms, used_size=7002112 bytes (17.1%)
(RDMA_READ_CONSUME_CHECK_CONSUMER) timestamp=845 ms, used_size=7000064 bytes (17.1%)
(RDMA_READ_CONSUME_CHECK_CONSUMER) timestamp=845 ms, used_size=6998016 bytes (17.1%)
(RDMA_READ_CONSUME_CHECK_CONSUMER) timestamp=845 ms, used_size=6995968 bytes (17.1%)
(RDMA_READ_CONSUME_CHECK_CONSUMER) timestamp=845 ms, used_size=6993920 bytes (17.1%)
(RDMA_READ_CONSUME_CHECK_CONSUMER) timestamp=845 ms, used_size=6991872 bytes (17.1%)
(RDMA_READ_CONSUME_CHECK_CONSUMER) timestamp=845 ms, used_size=6989824 bytes (17.1%)
(RDMA_READ_CONSUME_CHECK_CONSUMER) timestamp=845 ms, used_size=6987776 bytes (17.1%)
(RDMA_READ_CONSUME_CHECK_CONSUMER) timestamp=845 ms, used_size=6985728 bytes (17.1%)
(RDMA_READ_CONSUME_CHECK_CONSUMER) timestamp=845 ms, used_size=6983680 bytes (17.1%)
(RDMA_READ_CONSUME_CHECK_CONSUMER) timestamp=845 ms, used_size=6981632 bytes (17.0%)
(RDMA_READ_CONSUME_CHECK_CONSUMER) timestamp=845 ms, used_size=6979584 bytes (17.0%)
(RDMA_READ_CONSUME_CHECK_CONSUMER) timestamp=845 ms, used_size=6977536 bytes (17.0%)
(RDMA_READ_CONSUME_CHECK_CONSUMER) timestamp=845 ms, used_size=6975488 bytes (17.0%)
(RDMA_READ_CONSUME_CHECK_CONSUMER) timestamp=845 ms, used_size=6973440 bytes (17.0%)
(RDMA_READ_CONSUME_CHECK_CONSUMER) timestamp=845 ms, used_size=6971392 bytes (17.0%)
(RDMA_READ_CONSUME_CHECK_CONSUMER) timestamp=845 ms, used_size=6969344 bytes (17.0%)
(RDMA_READ_CONSUME_CHECK_CONSUMER) timestamp=845 ms, used_size=6967296 bytes (17.0%)
(RDMA_READ_CONSUME_CHECK_CONSUMER) timestamp=845 ms, used_size=6965248 bytes (17.0%)
(RDMA_READ_CONSUME_CHECK_CONSUMER) timestamp=845 ms, used_size=6963200 bytes (17.0%)
(RDMA_READ_CONSUME_CHECK_CONSUMER) timestamp=845 ms, used_size=6961152 bytes (17.0%)
(RDMA_READ_CONSUME_CHECK_CONSUMER) timestamp=845 ms, used_size=6959104 bytes (17.0%)
(RDMA_READ_CONSUME_CHECK_CONSUMER) timestamp=845 ms, used_size=6957056 bytes (17.0%)
(RDMA_READ_CONSUME_CHECK_CONSUMER) timestamp=845 ms, used_size=6955008 bytes (17.0%)
(RDMA_READ_CONSUME_CHECK_CONSUMER) timestamp=845 ms, used_size=6952960 bytes (17.0%)
(RDMA_READ_CONSUME_CHECK_CONSUMER) timestamp=845 ms, used_size=6950912 bytes (17.0%)
(RDMA_READ_CONSUME_CHECK_CONSUMER) timestamp=845 ms, used_size=6948864 bytes (17.0%)
(RDMA_READ_CONSUME_CHECK_CONSUMER) timestamp=845 ms, used_size=6946816 bytes (17.0%)
(RDMA_READ_CONSUME_CHECK_CONSUMER) timestamp=845 ms, used_size=6944768 bytes (17.0%)
(RDMA_READ_CONSUME_CHECK_CONSUMER) timestamp=845 ms, used_size=6942720 bytes (16.9%)
(RDMA_READ_CONSUME_CHECK_CONSUMER) timestamp=845 ms, used_size=6940672 bytes (16.9%)
(RDMA_READ_CONSUME_CHECK_CONSUMER) timestamp=845 ms, used_size=6938624 bytes (16.9%)
(RDMA_READ_CONSUME_CHECK_CONSUMER) timestamp=845 ms, used_size=6936576 bytes (16.9%)
(RDMA_READ_CONSUME_CHECK_CONSUMER) timestamp=845 ms, used_size=6934528 bytes (16.9%)
(RDMA_READ_CONSUME_CHECK_CONSUMER) timestamp=845 ms, used_size=6932480 bytes (16.9%)
(RDMA_READ_CONSUME_CHECK_CONSUMER) timestamp=845 ms, used_size=6930432 bytes (16.9%)
(RDMA_READ_CONSUME_CHECK_CONSUMER) timestamp=845 ms, used_size=6928384 bytes (16.9%)
(RDMA_READ_CONSUME_CHECK_CONSUMER) timestamp=845 ms, used_size=6926336 bytes (16.9%)
(RDMA_READ_CONSUME_CHECK_CONSUMER) timestamp=845 ms, used_size=6924288 bytes (16.9%)
(RDMA_READ_CONSUME_CHECK_CONSUMER) timestamp=845 ms, used_size=6922240 bytes (16.9%)
(RDMA_READ_CONSUME_CHECK_CONSUMER) timestamp=845 ms, used_size=6920192 bytes (16.9%)
(RDMA_READ_CONSUME_CHECK_CONSUMER) timestamp=845 ms, used_size=6918144 bytes (16.9%)
(RDMA_READ_CONSUME_CHECK_CONSUMER) timestamp=845 ms, used_size=6916096 bytes (16.9%)
(RDMA_READ_CONSUME_CHECK_CONSUMER) timestamp=845 ms, used_size=6914048 bytes (16.9%)
(RDMA_READ_CONSUME_CHECK_CONSUMER) timestamp=845 ms, used_size=6912000 bytes (16.9%)
(RDMA_READ_CONSUME_CHECK_CONSUMER) timestamp=845 ms, used_size=6909952 bytes (16.9%)
(RDMA_READ_CONSUME_CHECK_CONSUMER) timestamp=845 ms, used_size=6907904 bytes (16.9%)
(RDMA_READ_CONSUME_CHECK_CONSUMER) timestamp=845 ms, used_size=6905856 bytes (16.9%)
(RDMA_READ_CONSUME_CHECK_CONSUMER) timestamp=845 ms, used_size=6903808 bytes (16.9%)
(RDMA_READ_CONSUME_CHECK_CONSUMER) timestamp=845 ms, used_size=6901760 bytes (16.9%)
(RDMA_READ_CONSUME_CHECK_CONSUMER) timestamp=845 ms, used_size=6899712 bytes (16.8%)
(RDMA_READ_CONSUME_CHECK_CONSUMER) timestamp=845 ms, used_size=6897664 bytes (16.8%)
(RDMA_READ_CONSUME_CHECK_CONSUMER) timestamp=845 ms, used_size=6895616 bytes (16.8%)
(RDMA_READ_CONSUME_CHECK_CONSUMER) timestamp=845 ms, used_size=6893568 bytes (16.8%)
(RDMA_READ_CONSUME_CHECK_CONSUMER) timestamp=845 ms, used_size=6891520 bytes (16.8%)
(RDMA_READ_CONSUME_CHECK_CONSUMER) timestamp=845 ms, used_size=6889472 bytes (16.8%)
(RDMA_READ_CONSUME_CHECK_CONSUMER) timestamp=845 ms, used_size=6887424 bytes (16.8%)
(RDMA_READ_CONSUME_CHECK_CONSUMER) timestamp=845 ms, used_size=6885376 bytes (16.8%)
(RDMA_READ_CONSUME_CHECK_CONSUMER) timestamp=845 ms, used_size=6883328 bytes (16.8%)
(RDMA_READ_CONSUME_CHECK_CONSUMER) timestamp=845 ms, used_size=6881280 bytes (16.8%)
(RDMA_READ_CONSUME_CHECK_CONSUMER) timestamp=845 ms, used_size=6879232 bytes (16.8%)
(RDMA_READ_CONSUME_CHECK_CONSUMER) timestamp=845 ms, used_size=6877184 bytes (16.8%)
(RDMA_READ_CONSUME_CHECK_CONSUMER) timestamp=845 ms, used_size=6875136 bytes (16.8%)
(RDMA_READ_CONSUME_CHECK_CONSUMER) timestamp=845 ms, used_size=6873088 bytes (16.8%)
(RDMA_READ_CONSUME_CHECK_CONSUMER) timestamp=845 ms, used_size=6871040 bytes (16.8%)
(RDMA_READ_CONSUME_CHECK_CONSUMER) timestamp=845 ms, used_size=6868992 bytes (16.8%)
(RDMA_READ_CONSUME_CHECK_CONSUMER) timestamp=845 ms, used_size=6866944 bytes (16.8%)
(RDMA_READ_CONSUME_CHECK_CONSUMER) timestamp=845 ms, used_size=6864896 bytes (16.8%)
(RDMA_READ_CONSUME_CHECK_CONSUMER) timestamp=845 ms, used_size=6862848 bytes (16.8%)
(RDMA_READ_CONSUME_CHECK_CONSUMER) timestamp=845 ms, used_size=6860800 bytes (16.8%)
(RDMA_READ_CONSUME_CHECK_CONSUMER) timestamp=845 ms, used_size=6858752 bytes (16.7%)
(RDMA_READ_CONSUME_CHECK_CONSUMER) timestamp=845 ms, used_size=6856704 bytes (16.7%)
(RDMA_READ_CONSUME_CHECK_CONSUMER) timestamp=845 ms, used_size=6854656 bytes (16.7%)
(RDMA_READ_CONSUME_CHECK_CONSUMER) timestamp=845 ms, used_size=6852608 bytes (16.7%)
(RDMA_READ_CONSUME_CHECK_CONSUMER) timestamp=845 ms, used_size=6850560 bytes (16.7%)
(RDMA_READ_CONSUME_CHECK_CONSUMER) timestamp=845 ms, used_size=6848512 bytes (16.7%)
(RDMA_READ_CONSUME_CHECK_CONSUMER) timestamp=845 ms, used_size=6846464 bytes (16.7%)
(RDMA_READ_CONSUME_CHECK_CONSUMER) timestamp=845 ms, used_size=6844416 bytes (16.7%)
(RDMA_READ_CONSUME_CHECK_CONSUMER) timestamp=845 ms, used_size=6842368 bytes (16.7%)
(RDMA_READ_CONSUME_CHECK_CONSUMER) timestamp=845 ms, used_size=6840320 bytes (16.7%)
(RDMA_READ_CONSUME_CHECK_CONSUMER) timestamp=845 ms, used_size=6838272 bytes (16.7%)
(RDMA_READ_CONSUME_CHECK_CONSUMER) timestamp=845 ms, used_size=6836224 bytes (16.7%)
(RDMA_READ_CONSUME_CHECK_CONSUMER) timestamp=845 ms, used_size=6834176 bytes (16.7%)
(RDMA_READ_CONSUME_CHECK_CONSUMER) timestamp=845 ms, used_size=6832128 bytes (16.7%)
(RDMA_READ_CONSUME_CHECK_CONSUMER) timestamp=845 ms, used_size=6830080 bytes (16.7%)
(RDMA_READ_CONSUME_CHECK_CONSUMER) timestamp=845 ms, used_size=6828032 bytes (16.7%)
(RDMA_READ_CONSUME_CHECK_CONSUMER) timestamp=845 ms, used_size=6825984 bytes (16.7%)
(RDMA_READ_CONSUME_CHECK_CONSUMER) timestamp=845 ms, used_size=6823936 bytes (16.7%)
(RDMA_READ_CONSUME_CHECK_CONSUMER) timestamp=845 ms, used_size=6821888 bytes (16.7%)
(RDMA_READ_CONSUME_CHECK_CONSUMER) timestamp=845 ms, used_size=6819840 bytes (16.6%)
(RDMA_READ_CONSUME_CHECK_CONSUMER) timestamp=845 ms, used_size=6817792 bytes (16.6%)
(RDMA_READ_CONSUME_CHECK_CONSUMER) timestamp=845 ms, used_size=6815744 bytes (16.6%)
(RDMA_READ_CONSUME_CHECK_CONSUMER) timestamp=845 ms, used_size=6813696 bytes (16.6%)
(RDMA_READ_CONSUME_CHECK_CONSUMER) timestamp=845 ms, used_size=6811648 bytes (16.6%)
(RDMA_READ_CONSUME_CHECK_CONSUMER) timestamp=845 ms, used_size=6809600 bytes (16.6%)
(RDMA_READ_CONSUME_CHECK_CONSUMER) timestamp=845 ms, used_size=6807552 bytes (16.6%)
(RDMA_READ_CONSUME_CHECK_CONSUMER) timestamp=845 ms, used_size=6805504 bytes (16.6%)
(RDMA_READ_CONSUME_CHECK_CONSUMER) timestamp=845 ms, used_size=6803456 bytes (16.6%)
(RDMA_READ_CONSUME_CHECK_CONSUMER) timestamp=845 ms, used_size=6801408 bytes (16.6%)
(RDMA_READ_CONSUME_CHECK_CONSUMER) timestamp=845 ms, used_size=6799360 bytes (16.6%)
(RDMA_READ_CONSUME_CHECK_CONSUMER) timestamp=845 ms, used_size=6797312 bytes (16.6%)
(RDMA_READ_CONSUME_CHECK_CONSUMER) timestamp=845 ms, used_size=6795264 bytes (16.6%)
(RDMA_READ_CONSUME_CHECK_CONSUMER) timestamp=845 ms, used_size=6793216 bytes (16.6%)
(RDMA_READ_CONSUME_CHECK_CONSUMER) timestamp=845 ms, used_size=6791168 bytes (16.6%)
(RDMA_READ_CONSUME_CHECK_CONSUMER) timestamp=845 ms, used_size=6789120 bytes (16.6%)
(RDMA_READ_CONSUME_CHECK_CONSUMER) timestamp=845 ms, used_size=6787072 bytes (16.6%)
(RDMA_READ_CONSUME_CHECK_CONSUMER) timestamp=845 ms, used_size=6785024 bytes (16.6%)
(RDMA_READ_CONSUME_CHECK_CONSUMER) timestamp=845 ms, used_size=6782976 bytes (16.6%)
(RDMA_READ_CONSUME_CHECK_CONSUMER) timestamp=845 ms, used_size=6780928 bytes (16.6%)
(RDMA_READ_CONSUME_CHECK_CONSUMER) timestamp=845 ms, used_size=6778880 bytes (16.6%)
(RDMA_READ_CONSUME_CHECK_CONSUMER) timestamp=845 ms, used_size=6776832 bytes (16.5%)
(RDMA_READ_CONSUME_CHECK_CONSUMER) timestamp=845 ms, used_size=6774784 bytes (16.5%)
(RDMA_READ_CONSUME_CHECK_CONSUMER) timestamp=845 ms, used_size=6772736 bytes (16.5%)
(RDMA_READ_CONSUME_CHECK_CONSUMER) timestamp=845 ms, used_size=6770688 bytes (16.5%)
(RDMA_READ_CONSUME_CHECK_CONSUMER) timestamp=845 ms, used_size=6768640 bytes (16.5%)
(RDMA_READ_CONSUME_CHECK_CONSUMER) timestamp=845 ms, used_size=6766592 bytes (16.5%)
(RDMA_READ_CONSUME_CHECK_CONSUMER) timestamp=845 ms, used_size=6764544 bytes (16.5%)
(RDMA_READ_CONSUME_CHECK_CONSUMER) timestamp=845 ms, used_size=6762496 bytes (16.5%)
(RDMA_READ_CONSUME_CHECK_CONSUMER) timestamp=845 ms, used_size=6760448 bytes (16.5%)
(RDMA_READ_CONSUME_CHECK_CONSUMER) timestamp=845 ms, used_size=6758400 bytes (16.5%)
(RDMA_READ_CONSUME_CHECK_CONSUMER) timestamp=845 ms, used_size=6756352 bytes (16.5%)
(RDMA_READ_CONSUME_CHECK_CONSUMER) timestamp=845 ms, used_size=6754304 bytes (16.5%)
(RDMA_READ_CONSUME_CHECK_CONSUMER) timestamp=845 ms, used_size=6752256 bytes (16.5%)
(RDMA_READ_CONSUME_CHECK_CONSUMER) timestamp=845 ms, used_size=6750208 bytes (16.5%)
(RDMA_READ_CONSUME_CHECK_CONSUMER) timestamp=845 ms, used_size=6748160 bytes (16.5%)
(RDMA_READ_CONSUME_CHECK_CONSUMER) timestamp=845 ms, used_size=6746112 bytes (16.5%)
(RDMA_READ_CONSUME_CHECK_CONSUMER) timestamp=845 ms, used_size=6744064 bytes (16.5%)
(RDMA_READ_CONSUME_CHECK_CONSUMER) timestamp=845 ms, used_size=6742016 bytes (16.5%)
(RDMA_READ_CONSUME_CHECK_CONSUMER) timestamp=845 ms, used_size=6739968 bytes (16.5%)
(RDMA_READ_CONSUME_CHECK_CONSUMER) timestamp=845 ms, used_size=6737920 bytes (16.4%)
(RDMA_READ_CONSUME_CHECK_CONSUMER) timestamp=845 ms, used_size=6735872 bytes (16.4%)
(RDMA_READ_CONSUME_CHECK_CONSUMER) timestamp=845 ms, used_size=6733824 bytes (16.4%)
(RDMA_READ_CONSUME_CHECK_CONSUMER) timestamp=845 ms, used_size=6731776 bytes (16.4%)
(RDMA_READ_CONSUME_CHECK_CONSUMER) timestamp=845 ms, used_size=6729728 bytes (16.4%)
(RDMA_READ_CONSUME_CHECK_CONSUMER) timestamp=845 ms, used_size=6727680 bytes (16.4%)
(RDMA_READ_CONSUME_CHECK_CONSUMER) timestamp=845 ms, used_size=6725632 bytes (16.4%)
(RDMA_READ_CONSUME_CHECK_CONSUMER) timestamp=845 ms, used_size=6723584 bytes (16.4%)
(RDMA_READ_CONSUME_CHECK_CONSUMER) timestamp=845 ms, used_size=6721536 bytes (16.4%)
(RDMA_READ_CONSUME_CHECK_CONSUMER) timestamp=845 ms, used_size=6719488 bytes (16.4%)
(RDMA_READ_CONSUME_CHECK_CONSUMER) timestamp=845 ms, used_size=6717440 bytes (16.4%)
(RDMA_READ_CONSUME_CHECK_CONSUMER) timestamp=845 ms, used_size=6715392 bytes (16.4%)
(RDMA_READ_CONSUME_CHECK_CONSUMER) timestamp=845 ms, used_size=6713344 bytes (16.4%)
(RDMA_READ_CONSUME_CHECK_CONSUMER) timestamp=845 ms, used_size=6711296 bytes (16.4%)
(RDMA_READ_CONSUME_CHECK_CONSUMER) timestamp=845 ms, used_size=6709248 bytes (16.4%)
(RDMA_READ_CONSUME_CHECK_CONSUMER) timestamp=845 ms, used_size=6707200 bytes (16.4%)
(RDMA_READ_CONSUME_CHECK_CONSUMER) timestamp=845 ms, used_size=6705152 bytes (16.4%)
(RDMA_READ_CONSUME_CHECK_CONSUMER) timestamp=845 ms, used_size=6703104 bytes (16.4%)
(RDMA_READ_CONSUME_CHECK_CONSUMER) timestamp=845 ms, used_size=6701056 bytes (16.4%)
(RDMA_READ_CONSUME_CHECK_CONSUMER) timestamp=845 ms, used_size=6699008 bytes (16.4%)
(RDMA_READ_CONSUME_CHECK_CONSUMER) timestamp=845 ms, used_size=6696960 bytes (16.4%)
(RDMA_READ_CONSUME_CHECK_CONSUMER) timestamp=845 ms, used_size=6694912 bytes (16.3%)
(RDMA_READ_CONSUME_CHECK_CONSUMER) timestamp=845 ms, used_size=6692864 bytes (16.3%)
(RDMA_READ_CONSUME_CHECK_CONSUMER) timestamp=845 ms, used_size=6690816 bytes (16.3%)
(RDMA_READ_CONSUME_CHECK_CONSUMER) timestamp=846 ms, used_size=6688768 bytes (16.3%)
(RDMA_READ_CONSUME_CHECK_CONSUMER) timestamp=846 ms, used_size=6686720 bytes (16.3%)
(RDMA_READ_CONSUME_CHECK_CONSUMER) timestamp=846 ms, used_size=6684672 bytes (16.3%)
(RDMA_READ_CONSUME_CHECK_CONSUMER) timestamp=846 ms, used_size=6682624 bytes (16.3%)
(RDMA_READ_CONSUME_CHECK_CONSUMER) timestamp=846 ms, used_size=6680576 bytes (16.3%)
(RDMA_READ_CONSUME_CHECK_CONSUMER) timestamp=846 ms, used_size=6678528 bytes (16.3%)
(RDMA_READ_CONSUME_CHECK_CONSUMER) timestamp=846 ms, used_size=6676480 bytes (16.3%)
(RDMA_READ_CONSUME_CHECK_CONSUMER) timestamp=846 ms, used_size=6674432 bytes (16.3%)
(RDMA_READ_CONSUME_CHECK_CONSUMER) timestamp=846 ms, used_size=6672384 bytes (16.3%)
(RDMA_READ_CONSUME_CHECK_CONSUMER) timestamp=846 ms, used_size=6670336 bytes (16.3%)
(RDMA_READ_CONSUME_CHECK_CONSUMER) timestamp=846 ms, used_size=6668288 bytes (16.3%)
(RDMA_READ_CONSUME_CHECK_CONSUMER) timestamp=846 ms, used_size=6666240 bytes (16.3%)
(RDMA_READ_CONSUME_CHECK_CONSUMER) timestamp=846 ms, used_size=6664192 bytes (16.3%)
(RDMA_READ_CONSUME_CHECK_CONSUMER) timestamp=846 ms, used_size=6662144 bytes (16.3%)
(RDMA_READ_CONSUME_CHECK_CONSUMER) timestamp=846 ms, used_size=6660096 bytes (16.3%)
(RDMA_READ_CONSUME_CHECK_CONSUMER) timestamp=846 ms, used_size=6658048 bytes (16.3%)
(RDMA_READ_CONSUME_CHECK_CONSUMER) timestamp=846 ms, used_size=6656000 bytes (16.2%)
(RDMA_READ_CONSUME_CHECK_CONSUMER) timestamp=846 ms, used_size=6653952 bytes (16.2%)
(RDMA_READ_CONSUME_CHECK_CONSUMER) timestamp=846 ms, used_size=6651904 bytes (16.2%)
(RDMA_READ_CONSUME_CHECK_CONSUMER) timestamp=846 ms, used_size=6649856 bytes (16.2%)
(RDMA_READ_CONSUME_CHECK_CONSUMER) timestamp=846 ms, used_size=6647808 bytes (16.2%)
(RDMA_READ_CONSUME_CHECK_CONSUMER) timestamp=846 ms, used_size=6645760 bytes (16.2%)
(RDMA_READ_CONSUME_CHECK_CONSUMER) timestamp=846 ms, used_size=6643712 bytes (16.2%)
(RDMA_READ_CONSUME_CHECK_CONSUMER) timestamp=846 ms, used_size=6641664 bytes (16.2%)
(RDMA_READ_CONSUME_CHECK_CONSUMER) timestamp=846 ms, used_size=6639616 bytes (16.2%)
(RDMA_READ_CONSUME_CHECK_CONSUMER) timestamp=846 ms, used_size=6637568 bytes (16.2%)
(RDMA_READ_CONSUME_CHECK_CONSUMER) timestamp=846 ms, used_size=6635520 bytes (16.2%)
(RDMA_READ_CONSUME_CHECK_CONSUMER) timestamp=846 ms, used_size=6633472 bytes (16.2%)
(RDMA_READ_CONSUME_CHECK_CONSUMER) timestamp=846 ms, used_size=6631424 bytes (16.2%)
(RDMA_READ_CONSUME_CHECK_CONSUMER) timestamp=846 ms, used_size=6629376 bytes (16.2%)
(RDMA_READ_CONSUME_CHECK_CONSUMER) timestamp=846 ms, used_size=6627328 bytes (16.2%)
(RDMA_READ_CONSUME_CHECK_CONSUMER) timestamp=846 ms, used_size=6625280 bytes (16.2%)
(RDMA_READ_CONSUME_CHECK_CONSUMER) timestamp=846 ms, used_size=6623232 bytes (16.2%)
(RDMA_READ_CONSUME_CHECK_CONSUMER) timestamp=846 ms, used_size=6621184 bytes (16.2%)
(RDMA_READ_CONSUME_CHECK_CONSUMER) timestamp=846 ms, used_size=6619136 bytes (16.2%)
(RDMA_READ_CONSUME_CHECK_CONSUMER) timestamp=846 ms, used_size=6617088 bytes (16.2%)
(RDMA_READ_CONSUME_CHECK_CONSUMER) timestamp=846 ms, used_size=6615040 bytes (16.1%)
(RDMA_READ_CONSUME_CHECK_CONSUMER) timestamp=846 ms, used_size=6612992 bytes (16.1%)
(RDMA_READ_CONSUME_CHECK_CONSUMER) timestamp=846 ms, used_size=6610944 bytes (16.1%)
(RDMA_READ_CONSUME_CHECK_CONSUMER) timestamp=846 ms, used_size=6608896 bytes (16.1%)
(RDMA_READ_CONSUME_CHECK_CONSUMER) timestamp=846 ms, used_size=6606848 bytes (16.1%)
(RDMA_READ_CONSUME_CHECK_CONSUMER) timestamp=846 ms, used_size=6604800 bytes (16.1%)
(RDMA_READ_CONSUME_CHECK_CONSUMER) timestamp=846 ms, used_size=6602752 bytes (16.1%)
(RDMA_READ_CONSUME_CHECK_CONSUMER) timestamp=846 ms, used_size=6600704 bytes (16.1%)
(RDMA_READ_CONSUME_CHECK_CONSUMER) timestamp=846 ms, used_size=6598656 bytes (16.1%)
(RDMA_READ_CONSUME_CHECK_CONSUMER) timestamp=846 ms, used_size=6596608 bytes (16.1%)
(RDMA_READ_CONSUME_CHECK_CONSUMER) timestamp=846 ms, used_size=6594560 bytes (16.1%)
(RDMA_READ_CONSUME_CHECK_CONSUMER) timestamp=846 ms, used_size=6592512 bytes (16.1%)
(RDMA_READ_CONSUME_CHECK_CONSUMER) timestamp=846 ms, used_size=6590464 bytes (16.1%)
(RDMA_READ_CONSUME_CHECK_CONSUMER) timestamp=846 ms, used_size=6588416 bytes (16.1%)
(RDMA_READ_CONSUME_CHECK_CONSUMER) timestamp=846 ms, used_size=6586368 bytes (16.1%)
(RDMA_READ_CONSUME_CHECK_CONSUMER) timestamp=846 ms, used_size=6584320 bytes (16.1%)
(RDMA_READ_CONSUME_CHECK_CONSUMER) timestamp=846 ms, used_size=6582272 bytes (16.1%)
(RDMA_READ_CONSUME_CHECK_CONSUMER) timestamp=846 ms, used_size=6580224 bytes (16.1%)
(RDMA_READ_CONSUME_CHECK_CONSUMER) timestamp=846 ms, used_size=6578176 bytes (16.1%)
(RDMA_READ_CONSUME_CHECK_CONSUMER) timestamp=846 ms, used_size=6576128 bytes (16.1%)
(RDMA_READ_CONSUME_CHECK_CONSUMER) timestamp=846 ms, used_size=6574080 bytes (16.1%)
(RDMA_READ_CONSUME_CHECK_CONSUMER) timestamp=846 ms, used_size=6572032 bytes (16.0%)
(RDMA_READ_CONSUME_CHECK_CONSUMER) timestamp=846 ms, used_size=6569984 bytes (16.0%)
(RDMA_READ_CONSUME_CHECK_CONSUMER) timestamp=846 ms, used_size=6567936 bytes (16.0%)
(RDMA_READ_CONSUME_CHECK_CONSUMER) timestamp=846 ms, used_size=6565888 bytes (16.0%)
(RDMA_READ_CONSUME_CHECK_CONSUMER) timestamp=846 ms, used_size=6563840 bytes (16.0%)
(RDMA_READ_CONSUME_CHECK_CONSUMER) timestamp=846 ms, used_size=6561792 bytes (16.0%)
(RDMA_READ_CONSUME_CHECK_CONSUMER) timestamp=846 ms, used_size=6559744 bytes (16.0%)
(RDMA_READ_CONSUME_CHECK_CONSUMER) timestamp=846 ms, used_size=6557696 bytes (16.0%)
(RDMA_READ_CONSUME_CHECK_CONSUMER) timestamp=846 ms, used_size=6555648 bytes (16.0%)
(RDMA_READ_CONSUME_CHECK_CONSUMER) timestamp=846 ms, used_size=6553600 bytes (16.0%)
(RDMA_READ_CONSUME_CHECK_CONSUMER) timestamp=846 ms, used_size=6551552 bytes (16.0%)
(RDMA_READ_CONSUME_CHECK_CONSUMER) timestamp=846 ms, used_size=6549504 bytes (16.0%)
(RDMA_READ_CONSUME_CHECK_CONSUMER) timestamp=846 ms, used_size=6547456 bytes (16.0%)
(RDMA_READ_CONSUME_CHECK_CONSUMER) timestamp=846 ms, used_size=6545408 bytes (16.0%)
(RDMA_READ_CONSUME_CHECK_CONSUMER) timestamp=846 ms, used_size=6543360 bytes (16.0%)
(RDMA_READ_CONSUME_CHECK_CONSUMER) timestamp=846 ms, used_size=6541312 bytes (16.0%)
(RDMA_READ_CONSUME_CHECK_CONSUMER) timestamp=846 ms, used_size=6539264 bytes (16.0%)
(RDMA_READ_CONSUME_CHECK_CONSUMER) timestamp=846 ms, used_size=6537216 bytes (16.0%)
(RDMA_READ_CONSUME_CHECK_CONSUMER) timestamp=846 ms, used_size=6535168 bytes (16.0%)
(RDMA_READ_CONSUME_CHECK_CONSUMER) timestamp=846 ms, used_size=6533120 bytes (15.9%)
(RDMA_READ_CONSUME_CHECK_CONSUMER) timestamp=846 ms, used_size=6531072 bytes (15.9%)
(RDMA_READ_CONSUME_CHECK_CONSUMER) timestamp=846 ms, used_size=6529024 bytes (15.9%)
(RDMA_READ_CONSUME_CHECK_CONSUMER) timestamp=846 ms, used_size=6526976 bytes (15.9%)
(RDMA_READ_CONSUME_CHECK_CONSUMER) timestamp=846 ms, used_size=6524928 bytes (15.9%)
(RDMA_READ_CONSUME_CHECK_CONSUMER) timestamp=846 ms, used_size=6522880 bytes (15.9%)
(RDMA_READ_CONSUME_CHECK_CONSUMER) timestamp=846 ms, used_size=6520832 bytes (15.9%)
(RDMA_READ_CONSUME_CHECK_CONSUMER) timestamp=846 ms, used_size=6518784 bytes (15.9%)
(RDMA_READ_CONSUME_CHECK_CONSUMER) timestamp=846 ms, used_size=6516736 bytes (15.9%)
(RDMA_READ_CONSUME_CHECK_CONSUMER) timestamp=846 ms, used_size=6514688 bytes (15.9%)
(RDMA_READ_CONSUME_CHECK_CONSUMER) timestamp=846 ms, used_size=6512640 bytes (15.9%)
(RDMA_READ_CONSUME_CHECK_CONSUMER) timestamp=846 ms, used_size=6510592 bytes (15.9%)
(RDMA_READ_CONSUME_CHECK_CONSUMER) timestamp=846 ms, used_size=6508544 bytes (15.9%)
(RDMA_READ_CONSUME_CHECK_CONSUMER) timestamp=846 ms, used_size=6506496 bytes (15.9%)
(RDMA_READ_CONSUME_CHECK_CONSUMER) timestamp=846 ms, used_size=6504448 bytes (15.9%)
(RDMA_READ_CONSUME_CHECK_CONSUMER) timestamp=846 ms, used_size=6502400 bytes (15.9%)
(RDMA_READ_CONSUME_CHECK_CONSUMER) timestamp=846 ms, used_size=6500352 bytes (15.9%)
(RDMA_READ_CONSUME_CHECK_CONSUMER) timestamp=846 ms, used_size=6498304 bytes (15.9%)
(RDMA_READ_CONSUME_CHECK_CONSUMER) timestamp=846 ms, used_size=6496256 bytes (15.9%)
(RDMA_READ_CONSUME_CHECK_CONSUMER) timestamp=846 ms, used_size=6494208 bytes (15.9%)
(RDMA_READ_CONSUME_CHECK_CONSUMER) timestamp=846 ms, used_size=6492160 bytes (15.8%)
(RDMA_READ_CONSUME_CHECK_CONSUMER) timestamp=846 ms, used_size=6490112 bytes (15.8%)
(RDMA_READ_CONSUME_CHECK_CONSUMER) timestamp=846 ms, used_size=6488064 bytes (15.8%)
(RDMA_READ_CONSUME_CHECK_CONSUMER) timestamp=846 ms, used_size=6486016 bytes (15.8%)
(RDMA_READ_CONSUME_CHECK_CONSUMER) timestamp=846 ms, used_size=6483968 bytes (15.8%)
(RDMA_READ_CONSUME_CHECK_CONSUMER) timestamp=846 ms, used_size=6481920 bytes (15.8%)
(RDMA_READ_CONSUME_CHECK_CONSUMER) timestamp=846 ms, used_size=6479872 bytes (15.8%)
(RDMA_READ_CONSUME_CHECK_CONSUMER) timestamp=846 ms, used_size=6477824 bytes (15.8%)
(RDMA_READ_CONSUME_CHECK_CONSUMER) timestamp=846 ms, used_size=6475776 bytes (15.8%)
(RDMA_READ_CONSUME_CHECK_CONSUMER) timestamp=846 ms, used_size=6473728 bytes (15.8%)
(RDMA_READ_CONSUME_CHECK_CONSUMER) timestamp=846 ms, used_size=6471680 bytes (15.8%)
(RDMA_READ_CONSUME_CHECK_CONSUMER) timestamp=846 ms, used_size=6469632 bytes (15.8%)
(RDMA_READ_CONSUME_CHECK_CONSUMER) timestamp=846 ms, used_size=6467584 bytes (15.8%)
(RDMA_READ_CONSUME_CHECK_CONSUMER) timestamp=846 ms, used_size=6465536 bytes (15.8%)
(RDMA_READ_CONSUME_CHECK_CONSUMER) timestamp=846 ms, used_size=6463488 bytes (15.8%)
(RDMA_READ_CONSUME_CHECK_CONSUMER) timestamp=846 ms, used_size=6461440 bytes (15.8%)
(RDMA_READ_CONSUME_CHECK_CONSUMER) timestamp=846 ms, used_size=6459392 bytes (15.8%)
(RDMA_READ_CONSUME_CHECK_CONSUMER) timestamp=846 ms, used_size=6457344 bytes (15.8%)
(RDMA_READ_CONSUME_CHECK_CONSUMER) timestamp=846 ms, used_size=6455296 bytes (15.8%)
(RDMA_READ_CONSUME_CHECK_CONSUMER) timestamp=846 ms, used_size=6453248 bytes (15.8%)
(RDMA_READ_CONSUME_CHECK_CONSUMER) timestamp=846 ms, used_size=6451200 bytes (15.8%)
(RDMA_READ_CONSUME_CHECK_CONSUMER) timestamp=846 ms, used_size=6449152 bytes (15.7%)
(RDMA_READ_CONSUME_CHECK_CONSUMER) timestamp=846 ms, used_size=6447104 bytes (15.7%)
(RDMA_READ_CONSUME_CHECK_CONSUMER) timestamp=846 ms, used_size=6445056 bytes (15.7%)
(RDMA_READ_CONSUME_CHECK_CONSUMER) timestamp=846 ms, used_size=6443008 bytes (15.7%)
(RDMA_READ_CONSUME_CHECK_CONSUMER) timestamp=846 ms, used_size=6440960 bytes (15.7%)
(RDMA_READ_CONSUME_CHECK_CONSUMER) timestamp=846 ms, used_size=6438912 bytes (15.7%)
(RDMA_READ_CONSUME_CHECK_CONSUMER) timestamp=846 ms, used_size=6436864 bytes (15.7%)
(RDMA_READ_CONSUME_CHECK_CONSUMER) timestamp=846 ms, used_size=6434816 bytes (15.7%)
(RDMA_READ_CONSUME_CHECK_CONSUMER) timestamp=846 ms, used_size=6432768 bytes (15.7%)
(RDMA_READ_CONSUME_CHECK_CONSUMER) timestamp=846 ms, used_size=6430720 bytes (15.7%)
(RDMA_READ_CONSUME_CHECK_CONSUMER) timestamp=846 ms, used_size=6428672 bytes (15.7%)
(RDMA_READ_CONSUME_CHECK_CONSUMER) timestamp=846 ms, used_size=6426624 bytes (15.7%)
(RDMA_READ_CONSUME_CHECK_CONSUMER) timestamp=846 ms, used_size=6424576 bytes (15.7%)
(RDMA_READ_CONSUME_CHECK_CONSUMER) timestamp=846 ms, used_size=6422528 bytes (15.7%)
(RDMA_READ_CONSUME_CHECK_CONSUMER) timestamp=846 ms, used_size=6420480 bytes (15.7%)
(RDMA_READ_CONSUME_CHECK_CONSUMER) timestamp=846 ms, used_size=6418432 bytes (15.7%)
(RDMA_READ_CONSUME_CHECK_CONSUMER) timestamp=846 ms, used_size=6416384 bytes (15.7%)
(RDMA_READ_CONSUME_CHECK_CONSUMER) timestamp=846 ms, used_size=6414336 bytes (15.7%)
(RDMA_READ_CONSUME_CHECK_CONSUMER) timestamp=846 ms, used_size=6412288 bytes (15.7%)
(RDMA_READ_CONSUME_CHECK_CONSUMER) timestamp=846 ms, used_size=6410240 bytes (15.7%)
(RDMA_READ_CONSUME_CHECK_CONSUMER) timestamp=846 ms, used_size=6408192 bytes (15.6%)
(RDMA_READ_CONSUME_CHECK_CONSUMER) timestamp=846 ms, used_size=6406144 bytes (15.6%)
(RDMA_READ_CONSUME_CHECK_CONSUMER) timestamp=846 ms, used_size=6404096 bytes (15.6%)
(RDMA_READ_CONSUME_CHECK_CONSUMER) timestamp=846 ms, used_size=6402048 bytes (15.6%)
(RDMA_READ_CONSUME_CHECK_CONSUMER) timestamp=846 ms, used_size=6400000 bytes (15.6%)
(RDMA_READ_CONSUME_CHECK_CONSUMER) timestamp=846 ms, used_size=6397952 bytes (15.6%)
(RDMA_READ_CONSUME_CHECK_CONSUMER) timestamp=846 ms, used_size=6395904 bytes (15.6%)
(RDMA_READ_CONSUME_CHECK_CONSUMER) timestamp=846 ms, used_size=6393856 bytes (15.6%)
(RDMA_READ_CONSUME_CHECK_CONSUMER) timestamp=846 ms, used_size=6391808 bytes (15.6%)
(RDMA_READ_CONSUME_CHECK_CONSUMER) timestamp=846 ms, used_size=6389760 bytes (15.6%)
(RDMA_READ_CONSUME_CHECK_CONSUMER) timestamp=846 ms, used_size=6387712 bytes (15.6%)
(RDMA_READ_CONSUME_CHECK_CONSUMER) timestamp=846 ms, used_size=6385664 bytes (15.6%)
(RDMA_READ_CONSUME_CHECK_CONSUMER) timestamp=846 ms, used_size=6383616 bytes (15.6%)
(RDMA_READ_CONSUME_CHECK_CONSUMER) timestamp=846 ms, used_size=6381568 bytes (15.6%)
(RDMA_READ_CONSUME_CHECK_CONSUMER) timestamp=846 ms, used_size=6379520 bytes (15.6%)
(RDMA_READ_CONSUME_CHECK_CONSUMER) timestamp=846 ms, used_size=6377472 bytes (15.6%)
(RDMA_READ_CONSUME_CHECK_CONSUMER) timestamp=846 ms, used_size=6375424 bytes (15.6%)
(RDMA_READ_CONSUME_CHECK_CONSUMER) timestamp=846 ms, used_size=6373376 bytes (15.6%)
(RDMA_READ_CONSUME_CHECK_CONSUMER) timestamp=846 ms, used_size=6371328 bytes (15.6%)
(RDMA_READ_CONSUME_CHECK_CONSUMER) timestamp=846 ms, used_size=6369280 bytes (15.6%)
(RDMA_READ_CONSUME_CHECK_CONSUMER) timestamp=846 ms, used_size=6367232 bytes (15.5%)
(RDMA_READ_CONSUME_CHECK_CONSUMER) timestamp=846 ms, used_size=6365184 bytes (15.5%)
(RDMA_READ_CONSUME_CHECK_CONSUMER) timestamp=846 ms, used_size=6363136 bytes (15.5%)
(RDMA_READ_CONSUME_CHECK_CONSUMER) timestamp=846 ms, used_size=6361088 bytes (15.5%)
(RDMA_READ_CONSUME_CHECK_CONSUMER) timestamp=846 ms, used_size=6359040 bytes (15.5%)
(RDMA_READ_CONSUME_CHECK_CONSUMER) timestamp=846 ms, used_size=6356992 bytes (15.5%)
(RDMA_READ_CONSUME_CHECK_CONSUMER) timestamp=846 ms, used_size=6354944 bytes (15.5%)
(RDMA_READ_CONSUME_CHECK_CONSUMER) timestamp=846 ms, used_size=6352896 bytes (15.5%)
(RDMA_READ_CONSUME_CHECK_CONSUMER) timestamp=846 ms, used_size=6350848 bytes (15.5%)
(RDMA_READ_CONSUME_CHECK_CONSUMER) timestamp=846 ms, used_size=6348800 bytes (15.5%)
(RDMA_READ_CONSUME_CHECK_CONSUMER) timestamp=846 ms, used_size=6346752 bytes (15.5%)
(RDMA_READ_CONSUME_CHECK_CONSUMER) timestamp=846 ms, used_size=6344704 bytes (15.5%)
(RDMA_READ_CONSUME_CHECK_CONSUMER) timestamp=846 ms, used_size=6342656 bytes (15.5%)
(RDMA_READ_CONSUME_CHECK_CONSUMER) timestamp=846 ms, used_size=6340608 bytes (15.5%)
(RDMA_READ_CONSUME_CHECK_CONSUMER) timestamp=846 ms, used_size=6338560 bytes (15.5%)
(RDMA_READ_CONSUME_CHECK_CONSUMER) timestamp=846 ms, used_size=6336512 bytes (15.5%)
(RDMA_READ_CONSUME_CHECK_CONSUMER) timestamp=846 ms, used_size=6334464 bytes (15.5%)
(RDMA_READ_CONSUME_CHECK_CONSUMER) timestamp=846 ms, used_size=6332416 bytes (15.5%)
(RDMA_READ_CONSUME_CHECK_CONSUMER) timestamp=846 ms, used_size=6330368 bytes (15.5%)
(RDMA_READ_CONSUME_CHECK_CONSUMER) timestamp=846 ms, used_size=6328320 bytes (15.4%)
(RDMA_READ_CONSUME_CHECK_CONSUMER) timestamp=846 ms, used_size=6326272 bytes (15.4%)
(RDMA_READ_CONSUME_CHECK_CONSUMER) timestamp=846 ms, used_size=6324224 bytes (15.4%)
(RDMA_READ_CONSUME_CHECK_CONSUMER) timestamp=846 ms, used_size=6322176 bytes (15.4%)
(RDMA_READ_CONSUME_CHECK_CONSUMER) timestamp=846 ms, used_size=6320128 bytes (15.4%)
(RDMA_READ_CONSUME_CHECK_CONSUMER) timestamp=846 ms, used_size=6318080 bytes (15.4%)
(RDMA_READ_CONSUME_CHECK_CONSUMER) timestamp=846 ms, used_size=6316032 bytes (15.4%)
(RDMA_READ_CONSUME_CHECK_CONSUMER) timestamp=847 ms, used_size=6313984 bytes (15.4%)
(RDMA_READ_CONSUME_CHECK_CONSUMER) timestamp=847 ms, used_size=6311936 bytes (15.4%)
(RDMA_READ_CONSUME_CHECK_CONSUMER) timestamp=847 ms, used_size=6309888 bytes (15.4%)
(RDMA_READ_CONSUME_CHECK_CONSUMER) timestamp=847 ms, used_size=6307840 bytes (15.4%)
(RDMA_READ_CONSUME_CHECK_CONSUMER) timestamp=847 ms, used_size=6305792 bytes (15.4%)
(RDMA_READ_CONSUME_CHECK_CONSUMER) timestamp=847 ms, used_size=6303744 bytes (15.4%)
(RDMA_READ_CONSUME_CHECK_CONSUMER) timestamp=847 ms, used_size=6301696 bytes (15.4%)
(RDMA_READ_CONSUME_CHECK_CONSUMER) timestamp=847 ms, used_size=6299648 bytes (15.4%)
(RDMA_READ_CONSUME_CHECK_CONSUMER) timestamp=847 ms, used_size=6297600 bytes (15.4%)
(RDMA_READ_CONSUME_CHECK_CONSUMER) timestamp=847 ms, used_size=6295552 bytes (15.4%)
(RDMA_READ_CONSUME_CHECK_CONSUMER) timestamp=847 ms, used_size=6293504 bytes (15.4%)
(RDMA_READ_CONSUME_CHECK_CONSUMER) timestamp=847 ms, used_size=6291456 bytes (15.4%)
(RDMA_READ_CONSUME_CHECK_CONSUMER) timestamp=847 ms, used_size=6289408 bytes (15.4%)
(RDMA_READ_CONSUME_CHECK_CONSUMER) timestamp=847 ms, used_size=6287360 bytes (15.3%)
(RDMA_READ_CONSUME_CHECK_CONSUMER) timestamp=847 ms, used_size=6285312 bytes (15.3%)
(RDMA_READ_CONSUME_CHECK_CONSUMER) timestamp=847 ms, used_size=6283264 bytes (15.3%)
(RDMA_READ_CONSUME_CHECK_CONSUMER) timestamp=847 ms, used_size=6281216 bytes (15.3%)
(RDMA_READ_CONSUME_CHECK_CONSUMER) timestamp=847 ms, used_size=6279168 bytes (15.3%)
(RDMA_READ_CONSUME_CHECK_CONSUMER) timestamp=847 ms, used_size=6277120 bytes (15.3%)
(RDMA_READ_CONSUME_CHECK_CONSUMER) timestamp=847 ms, used_size=6275072 bytes (15.3%)
(RDMA_READ_CONSUME_CHECK_CONSUMER) timestamp=847 ms, used_size=6273024 bytes (15.3%)
(RDMA_READ_CONSUME_CHECK_CONSUMER) timestamp=847 ms, used_size=6270976 bytes (15.3%)
(RDMA_READ_CONSUME_CHECK_CONSUMER) timestamp=847 ms, used_size=6268928 bytes (15.3%)
(RDMA_READ_CONSUME_CHECK_CONSUMER) timestamp=847 ms, used_size=6266880 bytes (15.3%)
(RDMA_READ_CONSUME_CHECK_CONSUMER) timestamp=847 ms, used_size=6264832 bytes (15.3%)
(RDMA_READ_CONSUME_CHECK_CONSUMER) timestamp=847 ms, used_size=6262784 bytes (15.3%)
(RDMA_READ_CONSUME_CHECK_CONSUMER) timestamp=847 ms, used_size=6260736 bytes (15.3%)
(RDMA_READ_CONSUME_CHECK_CONSUMER) timestamp=847 ms, used_size=6258688 bytes (15.3%)
(RDMA_READ_CONSUME_CHECK_CONSUMER) timestamp=847 ms, used_size=6256640 bytes (15.3%)
(RDMA_READ_CONSUME_CHECK_CONSUMER) timestamp=847 ms, used_size=6254592 bytes (15.3%)
(RDMA_READ_CONSUME_CHECK_CONSUMER) timestamp=847 ms, used_size=6252544 bytes (15.3%)
(RDMA_READ_CONSUME_CHECK_CONSUMER) timestamp=847 ms, used_size=6250496 bytes (15.3%)
(RDMA_READ_CONSUME_CHECK_CONSUMER) timestamp=847 ms, used_size=6248448 bytes (15.3%)
(RDMA_READ_CONSUME_CHECK_CONSUMER) timestamp=847 ms, used_size=6246400 bytes (15.2%)
(RDMA_READ_CONSUME_CHECK_CONSUMER) timestamp=847 ms, used_size=6244352 bytes (15.2%)
(RDMA_READ_CONSUME_CHECK_CONSUMER) timestamp=847 ms, used_size=6242304 bytes (15.2%)
(RDMA_READ_CONSUME_CHECK_CONSUMER) timestamp=847 ms, used_size=6240256 bytes (15.2%)
(RDMA_READ_CONSUME_CHECK_CONSUMER) timestamp=847 ms, used_size=6238208 bytes (15.2%)
(RDMA_READ_CONSUME_CHECK_CONSUMER) timestamp=847 ms, used_size=6236160 bytes (15.2%)
(RDMA_READ_CONSUME_CHECK_CONSUMER) timestamp=847 ms, used_size=6234112 bytes (15.2%)
(RDMA_READ_CONSUME_CHECK_CONSUMER) timestamp=847 ms, used_size=6232064 bytes (15.2%)
(RDMA_READ_CONSUME_CHECK_CONSUMER) timestamp=847 ms, used_size=6230016 bytes (15.2%)
(RDMA_READ_CONSUME_CHECK_CONSUMER) timestamp=847 ms, used_size=6227968 bytes (15.2%)
(RDMA_READ_CONSUME_CHECK_CONSUMER) timestamp=847 ms, used_size=6225920 bytes (15.2%)
(RDMA_READ_CONSUME_CHECK_CONSUMER) timestamp=847 ms, used_size=6223872 bytes (15.2%)
(RDMA_READ_CONSUME_CHECK_CONSUMER) timestamp=847 ms, used_size=6221824 bytes (15.2%)
(RDMA_READ_CONSUME_CHECK_CONSUMER) timestamp=847 ms, used_size=6219776 bytes (15.2%)
(RDMA_READ_CONSUME_CHECK_CONSUMER) timestamp=847 ms, used_size=6217728 bytes (15.2%)
(RDMA_READ_CONSUME_CHECK_CONSUMER) timestamp=847 ms, used_size=6215680 bytes (15.2%)
(RDMA_READ_CONSUME_CHECK_CONSUMER) timestamp=847 ms, used_size=6213632 bytes (15.2%)
(RDMA_READ_CONSUME_CHECK_CONSUMER) timestamp=847 ms, used_size=6211584 bytes (15.2%)
(RDMA_READ_CONSUME_CHECK_CONSUMER) timestamp=847 ms, used_size=6209536 bytes (15.2%)
(RDMA_READ_CONSUME_CHECK_CONSUMER) timestamp=847 ms, used_size=6207488 bytes (15.2%)
(RDMA_READ_CONSUME_CHECK_CONSUMER) timestamp=847 ms, used_size=6205440 bytes (15.2%)
(RDMA_READ_CONSUME_CHECK_CONSUMER) timestamp=847 ms, used_size=6203392 bytes (15.1%)
(RDMA_READ_CONSUME_CHECK_CONSUMER) timestamp=847 ms, used_size=6201344 bytes (15.1%)
(RDMA_READ_CONSUME_CHECK_CONSUMER) timestamp=847 ms, used_size=6199296 bytes (15.1%)
(RDMA_READ_CONSUME_CHECK_CONSUMER) timestamp=847 ms, used_size=6197248 bytes (15.1%)
(RDMA_READ_CONSUME_CHECK_CONSUMER) timestamp=847 ms, used_size=6195200 bytes (15.1%)
(RDMA_READ_CONSUME_CHECK_CONSUMER) timestamp=847 ms, used_size=6193152 bytes (15.1%)
(RDMA_READ_CONSUME_CHECK_CONSUMER) timestamp=847 ms, used_size=6191104 bytes (15.1%)
(RDMA_READ_CONSUME_CHECK_CONSUMER) timestamp=847 ms, used_size=6189056 bytes (15.1%)
(RDMA_READ_CONSUME_CHECK_CONSUMER) timestamp=847 ms, used_size=6187008 bytes (15.1%)
(RDMA_READ_CONSUME_CHECK_CONSUMER) timestamp=847 ms, used_size=6184960 bytes (15.1%)
(RDMA_READ_CONSUME_CHECK_CONSUMER) timestamp=847 ms, used_size=6182912 bytes (15.1%)
(RDMA_READ_CONSUME_CHECK_CONSUMER) timestamp=847 ms, used_size=6180864 bytes (15.1%)
(RDMA_READ_CONSUME_CHECK_CONSUMER) timestamp=847 ms, used_size=6178816 bytes (15.1%)
(RDMA_READ_CONSUME_CHECK_CONSUMER) timestamp=847 ms, used_size=6176768 bytes (15.1%)
(RDMA_READ_CONSUME_CHECK_CONSUMER) timestamp=847 ms, used_size=6174720 bytes (15.1%)
(RDMA_READ_CONSUME_CHECK_CONSUMER) timestamp=847 ms, used_size=6172672 bytes (15.1%)
(RDMA_READ_CONSUME_CHECK_CONSUMER) timestamp=847 ms, used_size=6170624 bytes (15.1%)
(RDMA_READ_CONSUME_CHECK_CONSUMER) timestamp=847 ms, used_size=6168576 bytes (15.1%)
(RDMA_READ_CONSUME_CHECK_CONSUMER) timestamp=847 ms, used_size=6166528 bytes (15.1%)
(RDMA_READ_CONSUME_CHECK_CONSUMER) timestamp=847 ms, used_size=6164480 bytes (15.1%)
(RDMA_READ_CONSUME_CHECK_CONSUMER) timestamp=847 ms, used_size=6162432 bytes (15.0%)
(RDMA_READ_CONSUME_CHECK_CONSUMER) timestamp=847 ms, used_size=6160384 bytes (15.0%)
(RDMA_READ_CONSUME_CHECK_CONSUMER) timestamp=847 ms, used_size=6158336 bytes (15.0%)
(RDMA_READ_CONSUME_CHECK_CONSUMER) timestamp=847 ms, used_size=6156288 bytes (15.0%)
(RDMA_READ_CONSUME_CHECK_CONSUMER) timestamp=847 ms, used_size=6154240 bytes (15.0%)
(RDMA_READ_CONSUME_CHECK_CONSUMER) timestamp=847 ms, used_size=6152192 bytes (15.0%)
(RDMA_READ_CONSUME_CHECK_CONSUMER) timestamp=847 ms, used_size=6150144 bytes (15.0%)
(RDMA_READ_CONSUME_CHECK_CONSUMER) timestamp=847 ms, used_size=6148096 bytes (15.0%)
(RDMA_READ_CONSUME_CHECK_CONSUMER) timestamp=847 ms, used_size=6146048 bytes (15.0%)
(RDMA_READ_CONSUME_CHECK_CONSUMER) timestamp=847 ms, used_size=6144000 bytes (15.0%)
(RDMA_READ_CONSUME_CHECK_CONSUMER) timestamp=847 ms, used_size=6141952 bytes (15.0%)
(RDMA_READ_CONSUME_CHECK_CONSUMER) timestamp=847 ms, used_size=6139904 bytes (15.0%)
(RDMA_READ_CONSUME_CHECK_CONSUMER) timestamp=847 ms, used_size=6137856 bytes (15.0%)
(RDMA_READ_CONSUME_CHECK_CONSUMER) timestamp=847 ms, used_size=6135808 bytes (15.0%)
(RDMA_READ_CONSUME_CHECK_CONSUMER) timestamp=847 ms, used_size=6133760 bytes (15.0%)
(RDMA_READ_CONSUME_CHECK_CONSUMER) timestamp=847 ms, used_size=6131712 bytes (15.0%)
(RDMA_READ_CONSUME_CHECK_CONSUMER) timestamp=847 ms, used_size=6129664 bytes (15.0%)
(RDMA_READ_CONSUME_CHECK_CONSUMER) timestamp=847 ms, used_size=6127616 bytes (15.0%)
(RDMA_READ_CONSUME_CHECK_CONSUMER) timestamp=847 ms, used_size=6125568 bytes (15.0%)
(RDMA_READ_CONSUME_CHECK_CONSUMER) timestamp=847 ms, used_size=6123520 bytes (14.9%)
(RDMA_READ_CONSUME_CHECK_CONSUMER) timestamp=847 ms, used_size=6121472 bytes (14.9%)
(RDMA_READ_CONSUME_CHECK_CONSUMER) timestamp=847 ms, used_size=6119424 bytes (14.9%)
(RDMA_READ_CONSUME_CHECK_CONSUMER) timestamp=847 ms, used_size=6117376 bytes (14.9%)
(RDMA_READ_CONSUME_CHECK_CONSUMER) timestamp=847 ms, used_size=6115328 bytes (14.9%)
(RDMA_READ_CONSUME_CHECK_CONSUMER) timestamp=847 ms, used_size=6113280 bytes (14.9%)
(RDMA_READ_CONSUME_CHECK_CONSUMER) timestamp=847 ms, used_size=6111232 bytes (14.9%)
(RDMA_READ_CONSUME_CHECK_CONSUMER) timestamp=847 ms, used_size=6109184 bytes (14.9%)
(RDMA_READ_CONSUME_CHECK_CONSUMER) timestamp=847 ms, used_size=6107136 bytes (14.9%)
(RDMA_READ_CONSUME_CHECK_CONSUMER) timestamp=847 ms, used_size=6105088 bytes (14.9%)
(RDMA_READ_CONSUME_CHECK_CONSUMER) timestamp=847 ms, used_size=6103040 bytes (14.9%)
(RDMA_READ_CONSUME_CHECK_CONSUMER) timestamp=847 ms, used_size=6100992 bytes (14.9%)
(RDMA_READ_CONSUME_CHECK_CONSUMER) timestamp=847 ms, used_size=6098944 bytes (14.9%)
(RDMA_READ_CONSUME_CHECK_CONSUMER) timestamp=847 ms, used_size=6096896 bytes (14.9%)
(RDMA_READ_CONSUME_CHECK_CONSUMER) timestamp=847 ms, used_size=6094848 bytes (14.9%)
(RDMA_READ_CONSUME_CHECK_CONSUMER) timestamp=847 ms, used_size=6092800 bytes (14.9%)
(RDMA_READ_CONSUME_CHECK_CONSUMER) timestamp=847 ms, used_size=6090752 bytes (14.9%)
(RDMA_READ_CONSUME_CHECK_CONSUMER) timestamp=847 ms, used_size=6088704 bytes (14.9%)
(RDMA_READ_CONSUME_CHECK_CONSUMER) timestamp=847 ms, used_size=6086656 bytes (14.9%)
(RDMA_READ_CONSUME_CHECK_CONSUMER) timestamp=847 ms, used_size=6084608 bytes (14.9%)
(RDMA_READ_CONSUME_CHECK_CONSUMER) timestamp=847 ms, used_size=6082560 bytes (14.8%)
(RDMA_READ_CONSUME_CHECK_CONSUMER) timestamp=847 ms, used_size=6080512 bytes (14.8%)
(RDMA_READ_CONSUME_CHECK_CONSUMER) timestamp=847 ms, used_size=6078464 bytes (14.8%)
(RDMA_READ_CONSUME_CHECK_CONSUMER) timestamp=847 ms, used_size=6076416 bytes (14.8%)
(RDMA_READ_CONSUME_CHECK_CONSUMER) timestamp=847 ms, used_size=6074368 bytes (14.8%)
(RDMA_READ_CONSUME_CHECK_CONSUMER) timestamp=847 ms, used_size=6072320 bytes (14.8%)
(RDMA_READ_CONSUME_CHECK_CONSUMER) timestamp=847 ms, used_size=6070272 bytes (14.8%)
(RDMA_READ_CONSUME_CHECK_CONSUMER) timestamp=847 ms, used_size=6068224 bytes (14.8%)
(RDMA_READ_CONSUME_CHECK_CONSUMER) timestamp=847 ms, used_size=6066176 bytes (14.8%)
(RDMA_READ_CONSUME_CHECK_CONSUMER) timestamp=847 ms, used_size=6064128 bytes (14.8%)
(RDMA_READ_CONSUME_CHECK_CONSUMER) timestamp=847 ms, used_size=6062080 bytes (14.8%)
(RDMA_READ_CONSUME_CHECK_CONSUMER) timestamp=847 ms, used_size=6060032 bytes (14.8%)
(RDMA_READ_CONSUME_CHECK_CONSUMER) timestamp=847 ms, used_size=6057984 bytes (14.8%)
(RDMA_READ_CONSUME_CHECK_CONSUMER) timestamp=847 ms, used_size=6055936 bytes (14.8%)
(RDMA_READ_CONSUME_CHECK_CONSUMER) timestamp=847 ms, used_size=6053888 bytes (14.8%)
(RDMA_READ_CONSUME_CHECK_CONSUMER) timestamp=847 ms, used_size=6051840 bytes (14.8%)
(RDMA_READ_CONSUME_CHECK_CONSUMER) timestamp=847 ms, used_size=6049792 bytes (14.8%)
(RDMA_READ_CONSUME_CHECK_CONSUMER) timestamp=847 ms, used_size=6047744 bytes (14.8%)
(RDMA_READ_CONSUME_CHECK_CONSUMER) timestamp=847 ms, used_size=6045696 bytes (14.8%)
(RDMA_READ_CONSUME_CHECK_CONSUMER) timestamp=847 ms, used_size=6043648 bytes (14.8%)
(RDMA_READ_CONSUME_CHECK_CONSUMER) timestamp=847 ms, used_size=6041600 bytes (14.8%)
(RDMA_READ_CONSUME_CHECK_CONSUMER) timestamp=847 ms, used_size=6039552 bytes (14.7%)
(RDMA_READ_CONSUME_CHECK_CONSUMER) timestamp=847 ms, used_size=6037504 bytes (14.7%)
(RDMA_READ_CONSUME_CHECK_CONSUMER) timestamp=847 ms, used_size=6035456 bytes (14.7%)
(RDMA_READ_CONSUME_CHECK_CONSUMER) timestamp=847 ms, used_size=6033408 bytes (14.7%)
(RDMA_READ_CONSUME_CHECK_CONSUMER) timestamp=847 ms, used_size=6031360 bytes (14.7%)
(RDMA_READ_CONSUME_CHECK_CONSUMER) timestamp=847 ms, used_size=6029312 bytes (14.7%)
(RDMA_READ_CONSUME_CHECK_CONSUMER) timestamp=847 ms, used_size=6027264 bytes (14.7%)
(RDMA_READ_CONSUME_CHECK_CONSUMER) timestamp=847 ms, used_size=6025216 bytes (14.7%)
(RDMA_READ_CONSUME_CHECK_CONSUMER) timestamp=847 ms, used_size=6023168 bytes (14.7%)
(RDMA_READ_CONSUME_CHECK_CONSUMER) timestamp=847 ms, used_size=6021120 bytes (14.7%)
(RDMA_READ_CONSUME_CHECK_CONSUMER) timestamp=847 ms, used_size=6019072 bytes (14.7%)
(RDMA_READ_CONSUME_CHECK_CONSUMER) timestamp=847 ms, used_size=6017024 bytes (14.7%)
(RDMA_READ_CONSUME_CHECK_CONSUMER) timestamp=847 ms, used_size=6014976 bytes (14.7%)
(RDMA_READ_CONSUME_CHECK_CONSUMER) timestamp=847 ms, used_size=6012928 bytes (14.7%)
(RDMA_READ_CONSUME_CHECK_CONSUMER) timestamp=847 ms, used_size=6010880 bytes (14.7%)
(RDMA_READ_CONSUME_CHECK_CONSUMER) timestamp=847 ms, used_size=6008832 bytes (14.7%)
(RDMA_READ_CONSUME_CHECK_CONSUMER) timestamp=847 ms, used_size=6006784 bytes (14.7%)
(RDMA_READ_CONSUME_CHECK_CONSUMER) timestamp=847 ms, used_size=6004736 bytes (14.7%)
(RDMA_READ_CONSUME_CHECK_CONSUMER) timestamp=847 ms, used_size=6002688 bytes (14.7%)
(RDMA_READ_CONSUME_CHECK_CONSUMER) timestamp=847 ms, used_size=6000640 bytes (14.7%)
(RDMA_READ_CONSUME_CHECK_CONSUMER) timestamp=847 ms, used_size=5998592 bytes (14.6%)
(RDMA_READ_CONSUME_CHECK_CONSUMER) timestamp=847 ms, used_size=5996544 bytes (14.6%)
(RDMA_READ_CONSUME_CHECK_CONSUMER) timestamp=847 ms, used_size=5994496 bytes (14.6%)
(RDMA_READ_CONSUME_CHECK_CONSUMER) timestamp=847 ms, used_size=5992448 bytes (14.6%)
(RDMA_READ_CONSUME_CHECK_CONSUMER) timestamp=847 ms, used_size=5990400 bytes (14.6%)
(RDMA_READ_CONSUME_CHECK_CONSUMER) timestamp=847 ms, used_size=5988352 bytes (14.6%)
(RDMA_READ_CONSUME_CHECK_CONSUMER) timestamp=847 ms, used_size=5986304 bytes (14.6%)
(RDMA_READ_CONSUME_CHECK_CONSUMER) timestamp=847 ms, used_size=5984256 bytes (14.6%)
(RDMA_READ_CONSUME_CHECK_CONSUMER) timestamp=847 ms, used_size=5982208 bytes (14.6%)
(RDMA_READ_CONSUME_CHECK_CONSUMER) timestamp=847 ms, used_size=5980160 bytes (14.6%)
(RDMA_READ_CONSUME_CHECK_CONSUMER) timestamp=847 ms, used_size=5978112 bytes (14.6%)
(RDMA_READ_CONSUME_CHECK_CONSUMER) timestamp=847 ms, used_size=5976064 bytes (14.6%)
(RDMA_READ_CONSUME_CHECK_CONSUMER) timestamp=847 ms, used_size=5974016 bytes (14.6%)
(RDMA_READ_CONSUME_CHECK_CONSUMER) timestamp=847 ms, used_size=5971968 bytes (14.6%)
(RDMA_READ_CONSUME_CHECK_CONSUMER) timestamp=847 ms, used_size=5969920 bytes (14.6%)
(RDMA_READ_CONSUME_CHECK_CONSUMER) timestamp=847 ms, used_size=5967872 bytes (14.6%)
(RDMA_READ_CONSUME_CHECK_CONSUMER) timestamp=847 ms, used_size=5965824 bytes (14.6%)
(RDMA_READ_CONSUME_CHECK_CONSUMER) timestamp=847 ms, used_size=5963776 bytes (14.6%)
(RDMA_READ_CONSUME_CHECK_CONSUMER) timestamp=847 ms, used_size=5961728 bytes (14.6%)
(RDMA_READ_CONSUME_CHECK_CONSUMER) timestamp=847 ms, used_size=5959680 bytes (14.6%)
(RDMA_READ_CONSUME_CHECK_CONSUMER) timestamp=847 ms, used_size=5957632 bytes (14.5%)
(RDMA_READ_CONSUME_CHECK_CONSUMER) timestamp=847 ms, used_size=5955584 bytes (14.5%)
(RDMA_READ_CONSUME_CHECK_CONSUMER) timestamp=847 ms, used_size=5953536 bytes (14.5%)
(RDMA_READ_CONSUME_CHECK_CONSUMER) timestamp=847 ms, used_size=5951488 bytes (14.5%)
(RDMA_READ_CONSUME_CHECK_CONSUMER) timestamp=847 ms, used_size=5949440 bytes (14.5%)
(RDMA_READ_CONSUME_CHECK_CONSUMER) timestamp=847 ms, used_size=5947392 bytes (14.5%)
(RDMA_READ_CONSUME_CHECK_CONSUMER) timestamp=847 ms, used_size=5945344 bytes (14.5%)
(RDMA_READ_CONSUME_CHECK_CONSUMER) timestamp=847 ms, used_size=5943296 bytes (14.5%)
(RDMA_READ_CONSUME_CHECK_CONSUMER) timestamp=847 ms, used_size=5941248 bytes (14.5%)
(RDMA_READ_CONSUME_CHECK_CONSUMER) timestamp=847 ms, used_size=5939200 bytes (14.5%)
(RDMA_READ_CONSUME_CHECK_CONSUMER) timestamp=847 ms, used_size=5937152 bytes (14.5%)
(RDMA_READ_CONSUME_CHECK_CONSUMER) timestamp=847 ms, used_size=5935104 bytes (14.5%)
(RDMA_READ_CONSUME_CHECK_CONSUMER) timestamp=848 ms, used_size=5933056 bytes (14.5%)
(RDMA_READ_CONSUME_CHECK_CONSUMER) timestamp=848 ms, used_size=5931008 bytes (14.5%)
(RDMA_READ_CONSUME_CHECK_CONSUMER) timestamp=848 ms, used_size=5928960 bytes (14.5%)
(RDMA_READ_CONSUME_CHECK_CONSUMER) timestamp=848 ms, used_size=5926912 bytes (14.5%)
(RDMA_READ_CONSUME_CHECK_CONSUMER) timestamp=848 ms, used_size=5924864 bytes (14.5%)
(RDMA_READ_CONSUME_CHECK_CONSUMER) timestamp=848 ms, used_size=5922816 bytes (14.5%)
(RDMA_READ_CONSUME_CHECK_CONSUMER) timestamp=848 ms, used_size=5920768 bytes (14.5%)
(RDMA_READ_CONSUME_CHECK_CONSUMER) timestamp=848 ms, used_size=5918720 bytes (14.4%)
(RDMA_READ_CONSUME_CHECK_CONSUMER) timestamp=848 ms, used_size=5916672 bytes (14.4%)
(RDMA_READ_CONSUME_CHECK_CONSUMER) timestamp=848 ms, used_size=5914624 bytes (14.4%)
(RDMA_READ_CONSUME_CHECK_CONSUMER) timestamp=848 ms, used_size=5912576 bytes (14.4%)
(RDMA_READ_CONSUME_CHECK_CONSUMER) timestamp=848 ms, used_size=5910528 bytes (14.4%)
(RDMA_READ_CONSUME_CHECK_CONSUMER) timestamp=848 ms, used_size=5908480 bytes (14.4%)
(RDMA_READ_CONSUME_CHECK_CONSUMER) timestamp=848 ms, used_size=5906432 bytes (14.4%)
(RDMA_READ_CONSUME_CHECK_CONSUMER) timestamp=848 ms, used_size=5904384 bytes (14.4%)
(RDMA_READ_CONSUME_CHECK_CONSUMER) timestamp=848 ms, used_size=5902336 bytes (14.4%)
(RDMA_READ_CONSUME_CHECK_CONSUMER) timestamp=848 ms, used_size=5900288 bytes (14.4%)
(RDMA_READ_CONSUME_CHECK_CONSUMER) timestamp=848 ms, used_size=5898240 bytes (14.4%)
(RDMA_READ_CONSUME_CHECK_CONSUMER) timestamp=848 ms, used_size=5896192 bytes (14.4%)
(RDMA_READ_CONSUME_CHECK_CONSUMER) timestamp=848 ms, used_size=5894144 bytes (14.4%)
(RDMA_READ_CONSUME_CHECK_CONSUMER) timestamp=848 ms, used_size=5892096 bytes (14.4%)
(RDMA_READ_CONSUME_CHECK_CONSUMER) timestamp=848 ms, used_size=5890048 bytes (14.4%)
(RDMA_READ_CONSUME_CHECK_CONSUMER) timestamp=848 ms, used_size=5888000 bytes (14.4%)
(RDMA_READ_CONSUME_CHECK_CONSUMER) timestamp=848 ms, used_size=5885952 bytes (14.4%)
(RDMA_READ_CONSUME_CHECK_CONSUMER) timestamp=848 ms, used_size=5883904 bytes (14.4%)
(RDMA_READ_CONSUME_CHECK_CONSUMER) timestamp=848 ms, used_size=5881856 bytes (14.4%)
(RDMA_READ_CONSUME_CHECK_CONSUMER) timestamp=848 ms, used_size=5879808 bytes (14.4%)
(RDMA_READ_CONSUME_CHECK_CONSUMER) timestamp=848 ms, used_size=5877760 bytes (14.3%)
(RDMA_READ_CONSUME_CHECK_CONSUMER) timestamp=848 ms, used_size=5875712 bytes (14.3%)
(RDMA_READ_CONSUME_CHECK_CONSUMER) timestamp=848 ms, used_size=5873664 bytes (14.3%)
(RDMA_READ_CONSUME_CHECK_CONSUMER) timestamp=848 ms, used_size=5871616 bytes (14.3%)
(RDMA_READ_CONSUME_CHECK_CONSUMER) timestamp=848 ms, used_size=5869568 bytes (14.3%)
(RDMA_READ_CONSUME_CHECK_CONSUMER) timestamp=848 ms, used_size=5867520 bytes (14.3%)
(RDMA_READ_CONSUME_CHECK_CONSUMER) timestamp=848 ms, used_size=5865472 bytes (14.3%)
(RDMA_READ_CONSUME_CHECK_CONSUMER) timestamp=848 ms, used_size=5863424 bytes (14.3%)
(RDMA_READ_CONSUME_CHECK_CONSUMER) timestamp=848 ms, used_size=5861376 bytes (14.3%)
(RDMA_READ_CONSUME_CHECK_CONSUMER) timestamp=848 ms, used_size=5859328 bytes (14.3%)
(RDMA_READ_CONSUME_CHECK_CONSUMER) timestamp=848 ms, used_size=5857280 bytes (14.3%)
(RDMA_READ_CONSUME_CHECK_CONSUMER) timestamp=848 ms, used_size=5855232 bytes (14.3%)
(RDMA_READ_CONSUME_CHECK_CONSUMER) timestamp=848 ms, used_size=5853184 bytes (14.3%)
(RDMA_READ_CONSUME_CHECK_CONSUMER) timestamp=848 ms, used_size=5851136 bytes (14.3%)
(RDMA_READ_CONSUME_CHECK_CONSUMER) timestamp=848 ms, used_size=5849088 bytes (14.3%)
(RDMA_READ_CONSUME_CHECK_CONSUMER) timestamp=848 ms, used_size=5847040 bytes (14.3%)
(RDMA_READ_CONSUME_CHECK_CONSUMER) timestamp=848 ms, used_size=5844992 bytes (14.3%)
(RDMA_READ_CONSUME_CHECK_CONSUMER) timestamp=848 ms, used_size=5842944 bytes (14.3%)
(RDMA_READ_CONSUME_CHECK_CONSUMER) timestamp=848 ms, used_size=5840896 bytes (14.3%)
(RDMA_READ_CONSUME_CHECK_CONSUMER) timestamp=848 ms, used_size=5838848 bytes (14.3%)
(RDMA_READ_CONSUME_CHECK_CONSUMER) timestamp=848 ms, used_size=5836800 bytes (14.2%)
(RDMA_READ_CONSUME_CHECK_CONSUMER) timestamp=848 ms, used_size=5834752 bytes (14.2%)
(RDMA_READ_CONSUME_CHECK_CONSUMER) timestamp=848 ms, used_size=5832704 bytes (14.2%)
(RDMA_READ_CONSUME_CHECK_CONSUMER) timestamp=848 ms, used_size=5830656 bytes (14.2%)
(RDMA_READ_CONSUME_CHECK_CONSUMER) timestamp=848 ms, used_size=5828608 bytes (14.2%)
(RDMA_READ_CONSUME_CHECK_CONSUMER) timestamp=848 ms, used_size=5826560 bytes (14.2%)
(RDMA_READ_CONSUME_CHECK_CONSUMER) timestamp=848 ms, used_size=5824512 bytes (14.2%)
(RDMA_READ_CONSUME_CHECK_CONSUMER) timestamp=848 ms, used_size=5822464 bytes (14.2%)
(RDMA_READ_CONSUME_CHECK_CONSUMER) timestamp=848 ms, used_size=5820416 bytes (14.2%)
(RDMA_READ_CONSUME_CHECK_CONSUMER) timestamp=848 ms, used_size=5818368 bytes (14.2%)
(RDMA_READ_CONSUME_CHECK_CONSUMER) timestamp=848 ms, used_size=5816320 bytes (14.2%)
(RDMA_READ_CONSUME_CHECK_CONSUMER) timestamp=848 ms, used_size=5814272 bytes (14.2%)
(RDMA_READ_CONSUME_CHECK_CONSUMER) timestamp=848 ms, used_size=5812224 bytes (14.2%)
(RDMA_READ_CONSUME_CHECK_CONSUMER) timestamp=848 ms, used_size=5810176 bytes (14.2%)
(RDMA_READ_CONSUME_CHECK_CONSUMER) timestamp=848 ms, used_size=5808128 bytes (14.2%)
(RDMA_READ_CONSUME_CHECK_CONSUMER) timestamp=848 ms, used_size=5806080 bytes (14.2%)
(RDMA_READ_CONSUME_CHECK_CONSUMER) timestamp=848 ms, used_size=5804032 bytes (14.2%)
(RDMA_READ_CONSUME_CHECK_CONSUMER) timestamp=848 ms, used_size=5801984 bytes (14.2%)
(RDMA_READ_CONSUME_CHECK_CONSUMER) timestamp=848 ms, used_size=5799936 bytes (14.2%)
(RDMA_READ_CONSUME_CHECK_CONSUMER) timestamp=848 ms, used_size=5797888 bytes (14.2%)
(RDMA_READ_CONSUME_CHECK_CONSUMER) timestamp=848 ms, used_size=5795840 bytes (14.2%)
(RDMA_READ_CONSUME_CHECK_CONSUMER) timestamp=848 ms, used_size=5793792 bytes (14.1%)
(RDMA_READ_CONSUME_CHECK_CONSUMER) timestamp=848 ms, used_size=5791744 bytes (14.1%)
(RDMA_READ_CONSUME_CHECK_CONSUMER) timestamp=848 ms, used_size=5789696 bytes (14.1%)
(RDMA_READ_CONSUME_CHECK_CONSUMER) timestamp=848 ms, used_size=5787648 bytes (14.1%)
(RDMA_READ_CONSUME_CHECK_CONSUMER) timestamp=848 ms, used_size=5785600 bytes (14.1%)
(RDMA_READ_CONSUME_CHECK_CONSUMER) timestamp=848 ms, used_size=5783552 bytes (14.1%)
(RDMA_READ_CONSUME_CHECK_CONSUMER) timestamp=848 ms, used_size=5781504 bytes (14.1%)
(RDMA_READ_CONSUME_CHECK_CONSUMER) timestamp=848 ms, used_size=5779456 bytes (14.1%)
(RDMA_READ_CONSUME_CHECK_CONSUMER) timestamp=848 ms, used_size=5777408 bytes (14.1%)
(RDMA_READ_CONSUME_CHECK_CONSUMER) timestamp=848 ms, used_size=5775360 bytes (14.1%)
(RDMA_READ_CONSUME_CHECK_CONSUMER) timestamp=848 ms, used_size=5773312 bytes (14.1%)
(RDMA_READ_CONSUME_CHECK_CONSUMER) timestamp=848 ms, used_size=5771264 bytes (14.1%)
(RDMA_READ_CONSUME_CHECK_CONSUMER) timestamp=848 ms, used_size=5769216 bytes (14.1%)
(RDMA_READ_CONSUME_CHECK_CONSUMER) timestamp=848 ms, used_size=5767168 bytes (14.1%)
(RDMA_READ_CONSUME_CHECK_CONSUMER) timestamp=848 ms, used_size=5765120 bytes (14.1%)
(RDMA_READ_CONSUME_CHECK_CONSUMER) timestamp=848 ms, used_size=5763072 bytes (14.1%)
(RDMA_READ_CONSUME_CHECK_CONSUMER) timestamp=848 ms, used_size=5761024 bytes (14.1%)
(RDMA_READ_CONSUME_CHECK_CONSUMER) timestamp=848 ms, used_size=5758976 bytes (14.1%)
(RDMA_READ_CONSUME_CHECK_CONSUMER) timestamp=848 ms, used_size=5756928 bytes (14.1%)
(RDMA_READ_CONSUME_CHECK_CONSUMER) timestamp=848 ms, used_size=5754880 bytes (14.1%)
(RDMA_READ_CONSUME_CHECK_CONSUMER) timestamp=848 ms, used_size=5752832 bytes (14.0%)
(RDMA_READ_CONSUME_CHECK_CONSUMER) timestamp=848 ms, used_size=5750784 bytes (14.0%)
(RDMA_READ_CONSUME_CHECK_CONSUMER) timestamp=848 ms, used_size=5748736 bytes (14.0%)
(RDMA_READ_CONSUME_CHECK_CONSUMER) timestamp=848 ms, used_size=5746688 bytes (14.0%)
(RDMA_READ_CONSUME_CHECK_CONSUMER) timestamp=848 ms, used_size=5744640 bytes (14.0%)
(RDMA_READ_CONSUME_CHECK_CONSUMER) timestamp=848 ms, used_size=5742592 bytes (14.0%)
(RDMA_READ_CONSUME_CHECK_CONSUMER) timestamp=848 ms, used_size=5740544 bytes (14.0%)
(RDMA_READ_CONSUME_CHECK_CONSUMER) timestamp=848 ms, used_size=5738496 bytes (14.0%)
(RDMA_READ_CONSUME_CHECK_CONSUMER) timestamp=848 ms, used_size=5736448 bytes (14.0%)
(RDMA_READ_CONSUME_CHECK_CONSUMER) timestamp=848 ms, used_size=5734400 bytes (14.0%)
(RDMA_READ_CONSUME_CHECK_CONSUMER) timestamp=848 ms, used_size=5732352 bytes (14.0%)
(RDMA_READ_CONSUME_CHECK_CONSUMER) timestamp=848 ms, used_size=5730304 bytes (14.0%)
(RDMA_READ_CONSUME_CHECK_CONSUMER) timestamp=848 ms, used_size=5728256 bytes (14.0%)
(RDMA_READ_CONSUME_CHECK_CONSUMER) timestamp=848 ms, used_size=5726208 bytes (14.0%)
(RDMA_READ_CONSUME_CHECK_CONSUMER) timestamp=848 ms, used_size=5724160 bytes (14.0%)
(RDMA_READ_CONSUME_CHECK_CONSUMER) timestamp=848 ms, used_size=5722112 bytes (14.0%)
(RDMA_READ_CONSUME_CHECK_CONSUMER) timestamp=848 ms, used_size=5720064 bytes (14.0%)
(RDMA_READ_CONSUME_CHECK_CONSUMER) timestamp=848 ms, used_size=5718016 bytes (14.0%)
(RDMA_READ_CONSUME_CHECK_CONSUMER) timestamp=848 ms, used_size=5715968 bytes (14.0%)
(RDMA_READ_CONSUME_CHECK_CONSUMER) timestamp=848 ms, used_size=5713920 bytes (13.9%)
(RDMA_READ_CONSUME_CHECK_CONSUMER) timestamp=848 ms, used_size=5711872 bytes (13.9%)
(RDMA_READ_CONSUME_CHECK_CONSUMER) timestamp=848 ms, used_size=5709824 bytes (13.9%)
(RDMA_READ_CONSUME_CHECK_CONSUMER) timestamp=848 ms, used_size=5707776 bytes (13.9%)
(RDMA_READ_CONSUME_CHECK_CONSUMER) timestamp=848 ms, used_size=5705728 bytes (13.9%)
(RDMA_READ_CONSUME_CHECK_CONSUMER) timestamp=848 ms, used_size=5703680 bytes (13.9%)
(RDMA_READ_CONSUME_CHECK_CONSUMER) timestamp=848 ms, used_size=5701632 bytes (13.9%)
(RDMA_READ_CONSUME_CHECK_CONSUMER) timestamp=848 ms, used_size=5699584 bytes (13.9%)
(RDMA_READ_CONSUME_CHECK_CONSUMER) timestamp=848 ms, used_size=5697536 bytes (13.9%)
(RDMA_READ_CONSUME_CHECK_CONSUMER) timestamp=848 ms, used_size=5695488 bytes (13.9%)
(RDMA_READ_CONSUME_CHECK_CONSUMER) timestamp=848 ms, used_size=5693440 bytes (13.9%)
(RDMA_READ_CONSUME_CHECK_CONSUMER) timestamp=848 ms, used_size=5691392 bytes (13.9%)
(RDMA_READ_CONSUME_CHECK_CONSUMER) timestamp=848 ms, used_size=5689344 bytes (13.9%)
(RDMA_READ_CONSUME_CHECK_CONSUMER) timestamp=848 ms, used_size=5687296 bytes (13.9%)
(RDMA_READ_CONSUME_CHECK_CONSUMER) timestamp=848 ms, used_size=5685248 bytes (13.9%)
(RDMA_READ_CONSUME_CHECK_CONSUMER) timestamp=848 ms, used_size=5683200 bytes (13.9%)
(RDMA_READ_CONSUME_CHECK_CONSUMER) timestamp=848 ms, used_size=5681152 bytes (13.9%)
(RDMA_READ_CONSUME_CHECK_CONSUMER) timestamp=848 ms, used_size=5679104 bytes (13.9%)
(RDMA_READ_CONSUME_CHECK_CONSUMER) timestamp=848 ms, used_size=5677056 bytes (13.9%)
(RDMA_READ_CONSUME_CHECK_CONSUMER) timestamp=848 ms, used_size=5675008 bytes (13.9%)
(RDMA_READ_CONSUME_CHECK_CONSUMER) timestamp=848 ms, used_size=5672960 bytes (13.8%)
(RDMA_READ_CONSUME_CHECK_CONSUMER) timestamp=848 ms, used_size=5670912 bytes (13.8%)
(RDMA_READ_CONSUME_CHECK_CONSUMER) timestamp=848 ms, used_size=5668864 bytes (13.8%)
(RDMA_READ_CONSUME_CHECK_CONSUMER) timestamp=848 ms, used_size=5666816 bytes (13.8%)
(RDMA_READ_CONSUME_CHECK_CONSUMER) timestamp=848 ms, used_size=5664768 bytes (13.8%)
(RDMA_READ_CONSUME_CHECK_CONSUMER) timestamp=848 ms, used_size=5662720 bytes (13.8%)
(RDMA_READ_CONSUME_CHECK_CONSUMER) timestamp=848 ms, used_size=5660672 bytes (13.8%)
(RDMA_READ_CONSUME_CHECK_CONSUMER) timestamp=848 ms, used_size=5658624 bytes (13.8%)
(RDMA_READ_CONSUME_CHECK_CONSUMER) timestamp=848 ms, used_size=5656576 bytes (13.8%)
(RDMA_READ_CONSUME_CHECK_CONSUMER) timestamp=848 ms, used_size=5654528 bytes (13.8%)
(RDMA_READ_CONSUME_CHECK_CONSUMER) timestamp=848 ms, used_size=5652480 bytes (13.8%)
(RDMA_READ_CONSUME_CHECK_CONSUMER) timestamp=848 ms, used_size=5650432 bytes (13.8%)
(RDMA_READ_CONSUME_CHECK_CONSUMER) timestamp=848 ms, used_size=5648384 bytes (13.8%)
(RDMA_READ_CONSUME_CHECK_CONSUMER) timestamp=848 ms, used_size=5646336 bytes (13.8%)
(RDMA_READ_CONSUME_CHECK_CONSUMER) timestamp=848 ms, used_size=5644288 bytes (13.8%)
(RDMA_READ_CONSUME_CHECK_CONSUMER) timestamp=848 ms, used_size=5642240 bytes (13.8%)
(RDMA_READ_CONSUME_CHECK_CONSUMER) timestamp=848 ms, used_size=5640192 bytes (13.8%)
(RDMA_READ_CONSUME_CHECK_CONSUMER) timestamp=848 ms, used_size=5638144 bytes (13.8%)
(RDMA_READ_CONSUME_CHECK_CONSUMER) timestamp=848 ms, used_size=5636096 bytes (13.8%)
(RDMA_READ_CONSUME_CHECK_CONSUMER) timestamp=848 ms, used_size=5634048 bytes (13.8%)
(RDMA_READ_CONSUME_CHECK_CONSUMER) timestamp=848 ms, used_size=5632000 bytes (13.8%)
(RDMA_READ_CONSUME_CHECK_CONSUMER) timestamp=848 ms, used_size=5629952 bytes (13.7%)
(RDMA_READ_CONSUME_CHECK_CONSUMER) timestamp=848 ms, used_size=5627904 bytes (13.7%)
(RDMA_READ_CONSUME_CHECK_CONSUMER) timestamp=848 ms, used_size=5625856 bytes (13.7%)
(RDMA_READ_CONSUME_CHECK_CONSUMER) timestamp=848 ms, used_size=5623808 bytes (13.7%)
(RDMA_READ_CONSUME_CHECK_CONSUMER) timestamp=848 ms, used_size=5621760 bytes (13.7%)
(RDMA_READ_CONSUME_CHECK_CONSUMER) timestamp=848 ms, used_size=5619712 bytes (13.7%)
(RDMA_READ_CONSUME_CHECK_CONSUMER) timestamp=848 ms, used_size=5617664 bytes (13.7%)
(RDMA_READ_CONSUME_CHECK_CONSUMER) timestamp=848 ms, used_size=5615616 bytes (13.7%)
(RDMA_READ_CONSUME_CHECK_CONSUMER) timestamp=848 ms, used_size=5613568 bytes (13.7%)
(RDMA_READ_CONSUME_CHECK_CONSUMER) timestamp=848 ms, used_size=5611520 bytes (13.7%)
(RDMA_READ_CONSUME_CHECK_CONSUMER) timestamp=848 ms, used_size=5609472 bytes (13.7%)
(RDMA_READ_CONSUME_CHECK_CONSUMER) timestamp=848 ms, used_size=5607424 bytes (13.7%)
(RDMA_READ_CONSUME_CHECK_CONSUMER) timestamp=848 ms, used_size=5605376 bytes (13.7%)
(RDMA_READ_CONSUME_CHECK_CONSUMER) timestamp=848 ms, used_size=5603328 bytes (13.7%)
(RDMA_READ_CONSUME_CHECK_CONSUMER) timestamp=848 ms, used_size=5601280 bytes (13.7%)
(RDMA_READ_CONSUME_CHECK_CONSUMER) timestamp=848 ms, used_size=5599232 bytes (13.7%)
(RDMA_READ_CONSUME_CHECK_CONSUMER) timestamp=848 ms, used_size=5597184 bytes (13.7%)
(RDMA_READ_CONSUME_CHECK_CONSUMER) timestamp=848 ms, used_size=5595136 bytes (13.7%)
(RDMA_READ_CONSUME_CHECK_CONSUMER) timestamp=848 ms, used_size=5593088 bytes (13.7%)
(RDMA_READ_CONSUME_CHECK_CONSUMER) timestamp=848 ms, used_size=5591040 bytes (13.7%)
(RDMA_READ_CONSUME_CHECK_CONSUMER) timestamp=848 ms, used_size=5588992 bytes (13.6%)
(RDMA_READ_CONSUME_CHECK_CONSUMER) timestamp=848 ms, used_size=5586944 bytes (13.6%)
(RDMA_READ_CONSUME_CHECK_CONSUMER) timestamp=848 ms, used_size=5584896 bytes (13.6%)
(RDMA_READ_CONSUME_CHECK_CONSUMER) timestamp=848 ms, used_size=5582848 bytes (13.6%)
(RDMA_READ_CONSUME_CHECK_CONSUMER) timestamp=848 ms, used_size=5580800 bytes (13.6%)
(RDMA_READ_CONSUME_CHECK_CONSUMER) timestamp=848 ms, used_size=5578752 bytes (13.6%)
(RDMA_READ_CONSUME_CHECK_CONSUMER) timestamp=848 ms, used_size=5576704 bytes (13.6%)
(RDMA_READ_CONSUME_CHECK_CONSUMER) timestamp=848 ms, used_size=5574656 bytes (13.6%)
(RDMA_READ_CONSUME_CHECK_CONSUMER) timestamp=848 ms, used_size=5572608 bytes (13.6%)
(RDMA_READ_CONSUME_CHECK_CONSUMER) timestamp=848 ms, used_size=5570560 bytes (13.6%)
(RDMA_READ_CONSUME_CHECK_CONSUMER) timestamp=848 ms, used_size=5568512 bytes (13.6%)
(RDMA_READ_CONSUME_CHECK_CONSUMER) timestamp=848 ms, used_size=5566464 bytes (13.6%)
(RDMA_READ_CONSUME_CHECK_CONSUMER) timestamp=848 ms, used_size=5564416 bytes (13.6%)
(RDMA_READ_CONSUME_CHECK_CONSUMER) timestamp=848 ms, used_size=5562368 bytes (13.6%)
(RDMA_READ_CONSUME_CHECK_CONSUMER) timestamp=848 ms, used_size=5560320 bytes (13.6%)
(RDMA_READ_CONSUME_CHECK_CONSUMER) timestamp=848 ms, used_size=5558272 bytes (13.6%)
(RDMA_READ_CONSUME_CHECK_CONSUMER) timestamp=848 ms, used_size=5556224 bytes (13.6%)
(RDMA_READ_CONSUME_CHECK_CONSUMER) timestamp=848 ms, used_size=5554176 bytes (13.6%)
(RDMA_READ_CONSUME_CHECK_CONSUMER) timestamp=849 ms, used_size=5552128 bytes (13.6%)
(RDMA_READ_CONSUME_CHECK_CONSUMER) timestamp=849 ms, used_size=5550080 bytes (13.6%)
(RDMA_READ_CONSUME_CHECK_CONSUMER) timestamp=849 ms, used_size=5548032 bytes (13.5%)
(RDMA_READ_CONSUME_CHECK_CONSUMER) timestamp=849 ms, used_size=5545984 bytes (13.5%)
(RDMA_READ_CONSUME_CHECK_CONSUMER) timestamp=849 ms, used_size=5543936 bytes (13.5%)
(RDMA_READ_CONSUME_CHECK_CONSUMER) timestamp=849 ms, used_size=5541888 bytes (13.5%)
(RDMA_READ_CONSUME_CHECK_CONSUMER) timestamp=849 ms, used_size=5539840 bytes (13.5%)
(RDMA_READ_CONSUME_CHECK_CONSUMER) timestamp=849 ms, used_size=5537792 bytes (13.5%)
(RDMA_READ_CONSUME_CHECK_CONSUMER) timestamp=849 ms, used_size=5535744 bytes (13.5%)
(RDMA_READ_CONSUME_CHECK_CONSUMER) timestamp=849 ms, used_size=5533696 bytes (13.5%)
(RDMA_READ_CONSUME_CHECK_CONSUMER) timestamp=849 ms, used_size=5531648 bytes (13.5%)
(RDMA_READ_CONSUME_CHECK_CONSUMER) timestamp=849 ms, used_size=5529600 bytes (13.5%)
(RDMA_READ_CONSUME_CHECK_CONSUMER) timestamp=849 ms, used_size=5527552 bytes (13.5%)
(RDMA_READ_CONSUME_CHECK_CONSUMER) timestamp=849 ms, used_size=5525504 bytes (13.5%)
(RDMA_READ_CONSUME_CHECK_CONSUMER) timestamp=849 ms, used_size=5523456 bytes (13.5%)
(RDMA_READ_CONSUME_CHECK_CONSUMER) timestamp=849 ms, used_size=5521408 bytes (13.5%)
(RDMA_READ_CONSUME_CHECK_CONSUMER) timestamp=849 ms, used_size=5519360 bytes (13.5%)
(RDMA_READ_CONSUME_CHECK_CONSUMER) timestamp=849 ms, used_size=5517312 bytes (13.5%)
(RDMA_READ_CONSUME_CHECK_CONSUMER) timestamp=849 ms, used_size=5515264 bytes (13.5%)
(RDMA_READ_CONSUME_CHECK_CONSUMER) timestamp=849 ms, used_size=5513216 bytes (13.5%)
(RDMA_READ_CONSUME_CHECK_CONSUMER) timestamp=849 ms, used_size=5511168 bytes (13.5%)
(RDMA_READ_CONSUME_CHECK_CONSUMER) timestamp=849 ms, used_size=5509120 bytes (13.4%)
(RDMA_READ_CONSUME_CHECK_CONSUMER) timestamp=849 ms, used_size=5507072 bytes (13.4%)
(RDMA_READ_CONSUME_CHECK_CONSUMER) timestamp=849 ms, used_size=5505024 bytes (13.4%)
(RDMA_READ_CONSUME_CHECK_CONSUMER) timestamp=849 ms, used_size=5502976 bytes (13.4%)
(RDMA_READ_CONSUME_CHECK_CONSUMER) timestamp=849 ms, used_size=5500928 bytes (13.4%)
(RDMA_READ_CONSUME_CHECK_CONSUMER) timestamp=849 ms, used_size=5498880 bytes (13.4%)
(RDMA_READ_CONSUME_CHECK_CONSUMER) timestamp=849 ms, used_size=5496832 bytes (13.4%)
(RDMA_READ_CONSUME_CHECK_CONSUMER) timestamp=849 ms, used_size=5494784 bytes (13.4%)
(RDMA_READ_CONSUME_CHECK_CONSUMER) timestamp=849 ms, used_size=5492736 bytes (13.4%)
(RDMA_READ_CONSUME_CHECK_CONSUMER) timestamp=849 ms, used_size=5490688 bytes (13.4%)
(RDMA_READ_CONSUME_CHECK_CONSUMER) timestamp=849 ms, used_size=5488640 bytes (13.4%)
(RDMA_READ_CONSUME_CHECK_CONSUMER) timestamp=849 ms, used_size=5486592 bytes (13.4%)
(RDMA_READ_CONSUME_CHECK_CONSUMER) timestamp=849 ms, used_size=5484544 bytes (13.4%)
(RDMA_READ_CONSUME_CHECK_CONSUMER) timestamp=849 ms, used_size=5482496 bytes (13.4%)
(RDMA_READ_CONSUME_CHECK_CONSUMER) timestamp=849 ms, used_size=5480448 bytes (13.4%)
(RDMA_READ_CONSUME_CHECK_CONSUMER) timestamp=849 ms, used_size=5478400 bytes (13.4%)
(RDMA_READ_CONSUME_CHECK_CONSUMER) timestamp=849 ms, used_size=5476352 bytes (13.4%)
(RDMA_READ_CONSUME_CHECK_CONSUMER) timestamp=849 ms, used_size=5474304 bytes (13.4%)
(RDMA_READ_CONSUME_CHECK_CONSUMER) timestamp=849 ms, used_size=5472256 bytes (13.4%)
(RDMA_READ_CONSUME_CHECK_CONSUMER) timestamp=849 ms, used_size=5470208 bytes (13.4%)
(RDMA_READ_CONSUME_CHECK_CONSUMER) timestamp=849 ms, used_size=5468160 bytes (13.3%)
(RDMA_READ_CONSUME_CHECK_CONSUMER) timestamp=849 ms, used_size=5466112 bytes (13.3%)
(RDMA_READ_CONSUME_CHECK_CONSUMER) timestamp=849 ms, used_size=5464064 bytes (13.3%)
(RDMA_READ_CONSUME_CHECK_CONSUMER) timestamp=849 ms, used_size=5462016 bytes (13.3%)
(RDMA_READ_CONSUME_CHECK_CONSUMER) timestamp=849 ms, used_size=5459968 bytes (13.3%)
(RDMA_READ_CONSUME_CHECK_CONSUMER) timestamp=849 ms, used_size=5457920 bytes (13.3%)
(RDMA_READ_CONSUME_CHECK_CONSUMER) timestamp=849 ms, used_size=5455872 bytes (13.3%)
(RDMA_READ_CONSUME_CHECK_CONSUMER) timestamp=849 ms, used_size=5453824 bytes (13.3%)
(RDMA_READ_CONSUME_CHECK_CONSUMER) timestamp=849 ms, used_size=5451776 bytes (13.3%)
(RDMA_READ_CONSUME_CHECK_CONSUMER) timestamp=849 ms, used_size=5449728 bytes (13.3%)
(RDMA_READ_CONSUME_CHECK_CONSUMER) timestamp=849 ms, used_size=5447680 bytes (13.3%)
(RDMA_READ_CONSUME_CHECK_CONSUMER) timestamp=849 ms, used_size=5445632 bytes (13.3%)
(RDMA_READ_CONSUME_CHECK_CONSUMER) timestamp=849 ms, used_size=5443584 bytes (13.3%)
(RDMA_READ_CONSUME_CHECK_CONSUMER) timestamp=849 ms, used_size=5441536 bytes (13.3%)
(RDMA_READ_CONSUME_CHECK_CONSUMER) timestamp=849 ms, used_size=5439488 bytes (13.3%)
(RDMA_READ_CONSUME_CHECK_CONSUMER) timestamp=849 ms, used_size=5437440 bytes (13.3%)
(RDMA_READ_CONSUME_CHECK_CONSUMER) timestamp=849 ms, used_size=5435392 bytes (13.3%)
(RDMA_READ_CONSUME_CHECK_CONSUMER) timestamp=849 ms, used_size=5433344 bytes (13.3%)
(RDMA_READ_CONSUME_CHECK_CONSUMER) timestamp=849 ms, used_size=5431296 bytes (13.3%)
(RDMA_READ_CONSUME_CHECK_CONSUMER) timestamp=849 ms, used_size=5429248 bytes (13.3%)
(RDMA_READ_CONSUME_CHECK_CONSUMER) timestamp=849 ms, used_size=5427200 bytes (13.2%)
(RDMA_READ_CONSUME_CHECK_CONSUMER) timestamp=849 ms, used_size=5425152 bytes (13.2%)
(RDMA_READ_CONSUME_CHECK_CONSUMER) timestamp=849 ms, used_size=5423104 bytes (13.2%)
(RDMA_READ_CONSUME_CHECK_CONSUMER) timestamp=849 ms, used_size=5421056 bytes (13.2%)
(RDMA_READ_CONSUME_CHECK_CONSUMER) timestamp=849 ms, used_size=5419008 bytes (13.2%)
(RDMA_READ_CONSUME_CHECK_CONSUMER) timestamp=849 ms, used_size=5416960 bytes (13.2%)
(RDMA_READ_CONSUME_CHECK_CONSUMER) timestamp=849 ms, used_size=5414912 bytes (13.2%)
(RDMA_READ_CONSUME_CHECK_CONSUMER) timestamp=849 ms, used_size=5412864 bytes (13.2%)
(RDMA_READ_CONSUME_CHECK_CONSUMER) timestamp=849 ms, used_size=5410816 bytes (13.2%)
(RDMA_READ_CONSUME_CHECK_CONSUMER) timestamp=849 ms, used_size=5408768 bytes (13.2%)
(RDMA_READ_CONSUME_CHECK_CONSUMER) timestamp=849 ms, used_size=5406720 bytes (13.2%)
(RDMA_READ_CONSUME_CHECK_CONSUMER) timestamp=849 ms, used_size=5404672 bytes (13.2%)
(RDMA_READ_CONSUME_CHECK_CONSUMER) timestamp=849 ms, used_size=5402624 bytes (13.2%)
(RDMA_READ_CONSUME_CHECK_CONSUMER) timestamp=849 ms, used_size=5400576 bytes (13.2%)
(RDMA_READ_CONSUME_CHECK_CONSUMER) timestamp=849 ms, used_size=5398528 bytes (13.2%)
(RDMA_READ_CONSUME_CHECK_CONSUMER) timestamp=849 ms, used_size=5396480 bytes (13.2%)
(RDMA_READ_CONSUME_CHECK_CONSUMER) timestamp=849 ms, used_size=5394432 bytes (13.2%)
(RDMA_READ_CONSUME_CHECK_CONSUMER) timestamp=849 ms, used_size=5392384 bytes (13.2%)
(RDMA_READ_CONSUME_CHECK_CONSUMER) timestamp=849 ms, used_size=5390336 bytes (13.2%)
(RDMA_READ_CONSUME_CHECK_CONSUMER) timestamp=849 ms, used_size=5388288 bytes (13.2%)
(RDMA_READ_CONSUME_CHECK_CONSUMER) timestamp=849 ms, used_size=5386240 bytes (13.2%)
(RDMA_READ_CONSUME_CHECK_CONSUMER) timestamp=849 ms, used_size=5384192 bytes (13.1%)
(RDMA_READ_CONSUME_CHECK_CONSUMER) timestamp=849 ms, used_size=5382144 bytes (13.1%)
(RDMA_READ_CONSUME_CHECK_CONSUMER) timestamp=849 ms, used_size=5380096 bytes (13.1%)
(RDMA_READ_CONSUME_CHECK_CONSUMER) timestamp=849 ms, used_size=5378048 bytes (13.1%)
(RDMA_READ_CONSUME_CHECK_CONSUMER) timestamp=849 ms, used_size=5376000 bytes (13.1%)
(RDMA_READ_CONSUME_CHECK_CONSUMER) timestamp=849 ms, used_size=5373952 bytes (13.1%)
(RDMA_READ_CONSUME_CHECK_CONSUMER) timestamp=849 ms, used_size=5371904 bytes (13.1%)
(RDMA_READ_CONSUME_CHECK_CONSUMER) timestamp=849 ms, used_size=5369856 bytes (13.1%)
(RDMA_READ_CONSUME_CHECK_CONSUMER) timestamp=849 ms, used_size=5367808 bytes (13.1%)
(RDMA_READ_CONSUME_CHECK_CONSUMER) timestamp=849 ms, used_size=5365760 bytes (13.1%)
(RDMA_READ_CONSUME_CHECK_CONSUMER) timestamp=849 ms, used_size=5363712 bytes (13.1%)
(RDMA_READ_CONSUME_CHECK_CONSUMER) timestamp=849 ms, used_size=5361664 bytes (13.1%)
(RDMA_READ_CONSUME_CHECK_CONSUMER) timestamp=849 ms, used_size=5359616 bytes (13.1%)
(RDMA_READ_CONSUME_CHECK_CONSUMER) timestamp=849 ms, used_size=5357568 bytes (13.1%)
(RDMA_READ_CONSUME_CHECK_CONSUMER) timestamp=849 ms, used_size=5355520 bytes (13.1%)
(RDMA_READ_CONSUME_CHECK_CONSUMER) timestamp=849 ms, used_size=5353472 bytes (13.1%)
(RDMA_READ_CONSUME_CHECK_CONSUMER) timestamp=849 ms, used_size=5351424 bytes (13.1%)
(RDMA_READ_CONSUME_CHECK_CONSUMER) timestamp=849 ms, used_size=5349376 bytes (13.1%)
(RDMA_READ_CONSUME_CHECK_CONSUMER) timestamp=849 ms, used_size=5347328 bytes (13.1%)
(RDMA_READ_CONSUME_CHECK_CONSUMER) timestamp=849 ms, used_size=5345280 bytes (13.1%)
(RDMA_READ_CONSUME_CHECK_CONSUMER) timestamp=849 ms, used_size=5343232 bytes (13.0%)
(RDMA_READ_CONSUME_CHECK_CONSUMER) timestamp=849 ms, used_size=5341184 bytes (13.0%)
(RDMA_READ_CONSUME_CHECK_CONSUMER) timestamp=849 ms, used_size=5339136 bytes (13.0%)
(RDMA_READ_CONSUME_CHECK_CONSUMER) timestamp=849 ms, used_size=5337088 bytes (13.0%)
(RDMA_READ_CONSUME_CHECK_CONSUMER) timestamp=849 ms, used_size=5335040 bytes (13.0%)
(RDMA_READ_CONSUME_CHECK_CONSUMER) timestamp=849 ms, used_size=5332992 bytes (13.0%)
(RDMA_READ_CONSUME_CHECK_CONSUMER) timestamp=849 ms, used_size=5330944 bytes (13.0%)
(RDMA_READ_CONSUME_CHECK_CONSUMER) timestamp=849 ms, used_size=5328896 bytes (13.0%)
(RDMA_READ_CONSUME_CHECK_CONSUMER) timestamp=849 ms, used_size=5326848 bytes (13.0%)
(RDMA_READ_CONSUME_CHECK_CONSUMER) timestamp=849 ms, used_size=5324800 bytes (13.0%)
(RDMA_READ_CONSUME_CHECK_CONSUMER) timestamp=849 ms, used_size=5322752 bytes (13.0%)
(RDMA_READ_CONSUME_CHECK_CONSUMER) timestamp=849 ms, used_size=5320704 bytes (13.0%)
(RDMA_READ_CONSUME_CHECK_CONSUMER) timestamp=849 ms, used_size=5318656 bytes (13.0%)
(RDMA_READ_CONSUME_CHECK_CONSUMER) timestamp=849 ms, used_size=5316608 bytes (13.0%)
(RDMA_READ_CONSUME_CHECK_CONSUMER) timestamp=849 ms, used_size=5314560 bytes (13.0%)
(RDMA_READ_CONSUME_CHECK_CONSUMER) timestamp=849 ms, used_size=5312512 bytes (13.0%)
(RDMA_READ_CONSUME_CHECK_CONSUMER) timestamp=849 ms, used_size=5310464 bytes (13.0%)
(RDMA_READ_CONSUME_CHECK_CONSUMER) timestamp=849 ms, used_size=5308416 bytes (13.0%)
(RDMA_READ_CONSUME_CHECK_CONSUMER) timestamp=849 ms, used_size=5306368 bytes (13.0%)
(RDMA_READ_CONSUME_CHECK_CONSUMER) timestamp=849 ms, used_size=5304320 bytes (12.9%)
(RDMA_READ_CONSUME_CHECK_CONSUMER) timestamp=849 ms, used_size=5302272 bytes (12.9%)
(RDMA_READ_CONSUME_CHECK_CONSUMER) timestamp=849 ms, used_size=5300224 bytes (12.9%)
(RDMA_READ_CONSUME_CHECK_CONSUMER) timestamp=849 ms, used_size=5298176 bytes (12.9%)
(RDMA_READ_CONSUME_CHECK_CONSUMER) timestamp=849 ms, used_size=5296128 bytes (12.9%)
(RDMA_READ_CONSUME_CHECK_CONSUMER) timestamp=849 ms, used_size=5294080 bytes (12.9%)
(RDMA_READ_CONSUME_CHECK_CONSUMER) timestamp=849 ms, used_size=5292032 bytes (12.9%)
(RDMA_READ_CONSUME_CHECK_CONSUMER) timestamp=849 ms, used_size=5289984 bytes (12.9%)
(RDMA_READ_CONSUME_CHECK_CONSUMER) timestamp=849 ms, used_size=5287936 bytes (12.9%)
(RDMA_READ_CONSUME_CHECK_CONSUMER) timestamp=849 ms, used_size=5285888 bytes (12.9%)
(RDMA_READ_CONSUME_CHECK_CONSUMER) timestamp=849 ms, used_size=5283840 bytes (12.9%)
(RDMA_READ_CONSUME_CHECK_CONSUMER) timestamp=849 ms, used_size=5281792 bytes (12.9%)
(RDMA_READ_CONSUME_CHECK_CONSUMER) timestamp=849 ms, used_size=5279744 bytes (12.9%)
(RDMA_READ_CONSUME_CHECK_CONSUMER) timestamp=849 ms, used_size=5277696 bytes (12.9%)
(RDMA_READ_CONSUME_CHECK_CONSUMER) timestamp=849 ms, used_size=5275648 bytes (12.9%)
(RDMA_READ_CONSUME_CHECK_CONSUMER) timestamp=849 ms, used_size=5273600 bytes (12.9%)
(RDMA_READ_CONSUME_CHECK_CONSUMER) timestamp=849 ms, used_size=5271552 bytes (12.9%)
(RDMA_READ_CONSUME_CHECK_CONSUMER) timestamp=849 ms, used_size=5269504 bytes (12.9%)
(RDMA_READ_CONSUME_CHECK_CONSUMER) timestamp=849 ms, used_size=5267456 bytes (12.9%)
(RDMA_READ_CONSUME_CHECK_CONSUMER) timestamp=849 ms, used_size=5265408 bytes (12.9%)
(RDMA_READ_CONSUME_CHECK_CONSUMER) timestamp=849 ms, used_size=5263360 bytes (12.8%)
(RDMA_READ_CONSUME_CHECK_CONSUMER) timestamp=849 ms, used_size=5261312 bytes (12.8%)
(RDMA_READ_CONSUME_CHECK_CONSUMER) timestamp=849 ms, used_size=5259264 bytes (12.8%)
(RDMA_READ_CONSUME_CHECK_CONSUMER) timestamp=849 ms, used_size=5257216 bytes (12.8%)
(RDMA_READ_CONSUME_CHECK_CONSUMER) timestamp=849 ms, used_size=5255168 bytes (12.8%)
(RDMA_READ_CONSUME_CHECK_CONSUMER) timestamp=849 ms, used_size=5253120 bytes (12.8%)
(RDMA_READ_CONSUME_CHECK_CONSUMER) timestamp=849 ms, used_size=5251072 bytes (12.8%)
(RDMA_READ_CONSUME_CHECK_CONSUMER) timestamp=849 ms, used_size=5249024 bytes (12.8%)
(RDMA_READ_CONSUME_CHECK_CONSUMER) timestamp=849 ms, used_size=5246976 bytes (12.8%)
(RDMA_READ_CONSUME_CHECK_CONSUMER) timestamp=849 ms, used_size=5244928 bytes (12.8%)
(RDMA_READ_CONSUME_CHECK_CONSUMER) timestamp=849 ms, used_size=5242880 bytes (12.8%)
(RDMA_READ_CONSUME_CHECK_CONSUMER) timestamp=849 ms, used_size=5240832 bytes (12.8%)
(RDMA_READ_CONSUME_CHECK_CONSUMER) timestamp=849 ms, used_size=5238784 bytes (12.8%)
(RDMA_READ_CONSUME_CHECK_CONSUMER) timestamp=849 ms, used_size=5236736 bytes (12.8%)
(RDMA_READ_CONSUME_CHECK_CONSUMER) timestamp=849 ms, used_size=5234688 bytes (12.8%)
(RDMA_READ_CONSUME_CHECK_CONSUMER) timestamp=849 ms, used_size=5232640 bytes (12.8%)
(RDMA_READ_CONSUME_CHECK_CONSUMER) timestamp=849 ms, used_size=5230592 bytes (12.8%)
(RDMA_READ_CONSUME_CHECK_CONSUMER) timestamp=849 ms, used_size=5228544 bytes (12.8%)
(RDMA_READ_CONSUME_CHECK_CONSUMER) timestamp=849 ms, used_size=5226496 bytes (12.8%)
(RDMA_READ_CONSUME_CHECK_CONSUMER) timestamp=849 ms, used_size=5224448 bytes (12.8%)
(RDMA_READ_CONSUME_CHECK_CONSUMER) timestamp=849 ms, used_size=5222400 bytes (12.8%)
(RDMA_READ_CONSUME_CHECK_CONSUMER) timestamp=849 ms, used_size=5220352 bytes (12.7%)
(RDMA_READ_CONSUME_CHECK_CONSUMER) timestamp=849 ms, used_size=5218304 bytes (12.7%)
(RDMA_READ_CONSUME_CHECK_CONSUMER) timestamp=849 ms, used_size=5216256 bytes (12.7%)
(RDMA_READ_CONSUME_CHECK_CONSUMER) timestamp=849 ms, used_size=5214208 bytes (12.7%)
(RDMA_READ_CONSUME_CHECK_CONSUMER) timestamp=849 ms, used_size=5212160 bytes (12.7%)
(RDMA_READ_CONSUME_CHECK_CONSUMER) timestamp=849 ms, used_size=5210112 bytes (12.7%)
(RDMA_READ_CONSUME_CHECK_CONSUMER) timestamp=849 ms, used_size=5208064 bytes (12.7%)
(RDMA_READ_CONSUME_CHECK_CONSUMER) timestamp=849 ms, used_size=5206016 bytes (12.7%)
(RDMA_READ_CONSUME_CHECK_CONSUMER) timestamp=849 ms, used_size=5203968 bytes (12.7%)
(RDMA_READ_CONSUME_CHECK_CONSUMER) timestamp=849 ms, used_size=5201920 bytes (12.7%)
(RDMA_READ_CONSUME_CHECK_CONSUMER) timestamp=849 ms, used_size=5199872 bytes (12.7%)
(RDMA_READ_CONSUME_CHECK_CONSUMER) timestamp=849 ms, used_size=5197824 bytes (12.7%)
(RDMA_READ_CONSUME_CHECK_CONSUMER) timestamp=849 ms, used_size=5195776 bytes (12.7%)
(RDMA_READ_CONSUME_CHECK_CONSUMER) timestamp=849 ms, used_size=5193728 bytes (12.7%)
(RDMA_READ_CONSUME_CHECK_CONSUMER) timestamp=849 ms, used_size=5191680 bytes (12.7%)
(RDMA_READ_CONSUME_CHECK_CONSUMER) timestamp=849 ms, used_size=5189632 bytes (12.7%)
(RDMA_READ_CONSUME_CHECK_CONSUMER) timestamp=849 ms, used_size=5187584 bytes (12.7%)
(RDMA_READ_CONSUME_CHECK_CONSUMER) timestamp=849 ms, used_size=5185536 bytes (12.7%)
(RDMA_READ_CONSUME_CHECK_CONSUMER) timestamp=849 ms, used_size=5183488 bytes (12.7%)
(RDMA_READ_CONSUME_CHECK_CONSUMER) timestamp=849 ms, used_size=5181440 bytes (12.7%)
(RDMA_READ_CONSUME_CHECK_CONSUMER) timestamp=849 ms, used_size=5179392 bytes (12.6%)
(RDMA_READ_CONSUME_CHECK_CONSUMER) timestamp=850 ms, used_size=5177344 bytes (12.6%)
(RDMA_READ_CONSUME_CHECK_CONSUMER) timestamp=850 ms, used_size=5175296 bytes (12.6%)
(RDMA_READ_CONSUME_CHECK_CONSUMER) timestamp=850 ms, used_size=5173248 bytes (12.6%)
(RDMA_READ_CONSUME_CHECK_CONSUMER) timestamp=850 ms, used_size=5171200 bytes (12.6%)
(RDMA_READ_CONSUME_CHECK_CONSUMER) timestamp=850 ms, used_size=5169152 bytes (12.6%)
(RDMA_READ_CONSUME_CHECK_CONSUMER) timestamp=850 ms, used_size=5167104 bytes (12.6%)
(RDMA_READ_CONSUME_CHECK_CONSUMER) timestamp=850 ms, used_size=5165056 bytes (12.6%)
(RDMA_READ_CONSUME_CHECK_CONSUMER) timestamp=850 ms, used_size=5163008 bytes (12.6%)
(RDMA_READ_CONSUME_CHECK_CONSUMER) timestamp=850 ms, used_size=5160960 bytes (12.6%)
(RDMA_READ_CONSUME_CHECK_CONSUMER) timestamp=850 ms, used_size=5158912 bytes (12.6%)
(RDMA_READ_CONSUME_CHECK_CONSUMER) timestamp=850 ms, used_size=5156864 bytes (12.6%)
(RDMA_READ_CONSUME_CHECK_CONSUMER) timestamp=850 ms, used_size=5154816 bytes (12.6%)
(RDMA_READ_CONSUME_CHECK_CONSUMER) timestamp=850 ms, used_size=5152768 bytes (12.6%)
(RDMA_READ_CONSUME_CHECK_CONSUMER) timestamp=850 ms, used_size=5150720 bytes (12.6%)
(RDMA_READ_CONSUME_CHECK_CONSUMER) timestamp=850 ms, used_size=5148672 bytes (12.6%)
(RDMA_READ_CONSUME_CHECK_CONSUMER) timestamp=850 ms, used_size=5146624 bytes (12.6%)
(RDMA_READ_CONSUME_CHECK_CONSUMER) timestamp=850 ms, used_size=5144576 bytes (12.6%)
(RDMA_READ_CONSUME_CHECK_CONSUMER) timestamp=850 ms, used_size=5142528 bytes (12.6%)
(RDMA_READ_CONSUME_CHECK_CONSUMER) timestamp=850 ms, used_size=5140480 bytes (12.6%)
(RDMA_READ_CONSUME_CHECK_CONSUMER) timestamp=850 ms, used_size=5138432 bytes (12.5%)
(RDMA_READ_CONSUME_CHECK_CONSUMER) timestamp=850 ms, used_size=5136384 bytes (12.5%)
(RDMA_READ_CONSUME_CHECK_CONSUMER) timestamp=850 ms, used_size=5134336 bytes (12.5%)
(RDMA_READ_CONSUME_CHECK_CONSUMER) timestamp=850 ms, used_size=5132288 bytes (12.5%)
(RDMA_READ_CONSUME_CHECK_CONSUMER) timestamp=850 ms, used_size=5130240 bytes (12.5%)
(RDMA_READ_CONSUME_CHECK_CONSUMER) timestamp=850 ms, used_size=5128192 bytes (12.5%)
(RDMA_READ_CONSUME_CHECK_CONSUMER) timestamp=850 ms, used_size=5126144 bytes (12.5%)
(RDMA_READ_CONSUME_CHECK_CONSUMER) timestamp=850 ms, used_size=5124096 bytes (12.5%)
(RDMA_READ_CONSUME_CHECK_CONSUMER) timestamp=850 ms, used_size=5122048 bytes (12.5%)
(RDMA_READ_CONSUME_CHECK_CONSUMER) timestamp=850 ms, used_size=5120000 bytes (12.5%)
(RDMA_READ_CONSUME_CHECK_CONSUMER) timestamp=850 ms, used_size=5117952 bytes (12.5%)
(RDMA_READ_CONSUME_CHECK_CONSUMER) timestamp=850 ms, used_size=5115904 bytes (12.5%)
(RDMA_READ_CONSUME_CHECK_CONSUMER) timestamp=850 ms, used_size=5113856 bytes (12.5%)
(RDMA_READ_CONSUME_CHECK_CONSUMER) timestamp=850 ms, used_size=5111808 bytes (12.5%)
(RDMA_READ_CONSUME_CHECK_CONSUMER) timestamp=850 ms, used_size=5109760 bytes (12.5%)
(RDMA_READ_CONSUME_CHECK_CONSUMER) timestamp=850 ms, used_size=5107712 bytes (12.5%)
(RDMA_READ_CONSUME_CHECK_CONSUMER) timestamp=850 ms, used_size=5105664 bytes (12.5%)
(RDMA_READ_CONSUME_CHECK_CONSUMER) timestamp=850 ms, used_size=5103616 bytes (12.5%)
(RDMA_READ_CONSUME_CHECK_CONSUMER) timestamp=850 ms, used_size=5101568 bytes (12.5%)
(RDMA_READ_CONSUME_CHECK_CONSUMER) timestamp=850 ms, used_size=5099520 bytes (12.4%)
(RDMA_READ_CONSUME_CHECK_CONSUMER) timestamp=850 ms, used_size=5097472 bytes (12.4%)
(RDMA_READ_CONSUME_CHECK_CONSUMER) timestamp=850 ms, used_size=5095424 bytes (12.4%)
(RDMA_READ_CONSUME_CHECK_CONSUMER) timestamp=850 ms, used_size=5093376 bytes (12.4%)
(RDMA_READ_CONSUME_CHECK_CONSUMER) timestamp=850 ms, used_size=5091328 bytes (12.4%)
(RDMA_READ_CONSUME_CHECK_CONSUMER) timestamp=850 ms, used_size=5089280 bytes (12.4%)
(RDMA_READ_CONSUME_CHECK_CONSUMER) timestamp=850 ms, used_size=5087232 bytes (12.4%)
(RDMA_READ_CONSUME_CHECK_CONSUMER) timestamp=850 ms, used_size=5085184 bytes (12.4%)
(RDMA_READ_CONSUME_CHECK_CONSUMER) timestamp=850 ms, used_size=5083136 bytes (12.4%)
(RDMA_READ_CONSUME_CHECK_CONSUMER) timestamp=850 ms, used_size=5081088 bytes (12.4%)
(RDMA_READ_CONSUME_CHECK_CONSUMER) timestamp=850 ms, used_size=5079040 bytes (12.4%)
(RDMA_READ_CONSUME_CHECK_CONSUMER) timestamp=850 ms, used_size=5076992 bytes (12.4%)
(RDMA_READ_CONSUME_CHECK_CONSUMER) timestamp=850 ms, used_size=5074944 bytes (12.4%)
(RDMA_READ_CONSUME_CHECK_CONSUMER) timestamp=850 ms, used_size=5072896 bytes (12.4%)
(RDMA_READ_CONSUME_CHECK_CONSUMER) timestamp=850 ms, used_size=5070848 bytes (12.4%)
(RDMA_READ_CONSUME_CHECK_CONSUMER) timestamp=850 ms, used_size=5068800 bytes (12.4%)
(RDMA_READ_CONSUME_CHECK_CONSUMER) timestamp=850 ms, used_size=5066752 bytes (12.4%)
(RDMA_READ_CONSUME_CHECK_CONSUMER) timestamp=850 ms, used_size=5064704 bytes (12.4%)
(RDMA_READ_CONSUME_CHECK_CONSUMER) timestamp=850 ms, used_size=5062656 bytes (12.4%)
(RDMA_READ_CONSUME_CHECK_CONSUMER) timestamp=850 ms, used_size=5060608 bytes (12.4%)
(RDMA_READ_CONSUME_CHECK_CONSUMER) timestamp=850 ms, used_size=5058560 bytes (12.3%)
(RDMA_READ_CONSUME_CHECK_CONSUMER) timestamp=850 ms, used_size=5056512 bytes (12.3%)
(RDMA_READ_CONSUME_CHECK_CONSUMER) timestamp=850 ms, used_size=5054464 bytes (12.3%)
(RDMA_READ_CONSUME_CHECK_CONSUMER) timestamp=850 ms, used_size=5052416 bytes (12.3%)
(RDMA_READ_CONSUME_CHECK_CONSUMER) timestamp=850 ms, used_size=5050368 bytes (12.3%)
(RDMA_READ_CONSUME_CHECK_CONSUMER) timestamp=850 ms, used_size=5048320 bytes (12.3%)
(RDMA_READ_CONSUME_CHECK_CONSUMER) timestamp=850 ms, used_size=5046272 bytes (12.3%)
(RDMA_READ_CONSUME_CHECK_CONSUMER) timestamp=850 ms, used_size=5044224 bytes (12.3%)
(RDMA_READ_CONSUME_CHECK_CONSUMER) timestamp=850 ms, used_size=5042176 bytes (12.3%)
(RDMA_READ_CONSUME_CHECK_CONSUMER) timestamp=850 ms, used_size=5040128 bytes (12.3%)
(RDMA_READ_CONSUME_CHECK_CONSUMER) timestamp=850 ms, used_size=5038080 bytes (12.3%)
(RDMA_READ_CONSUME_CHECK_CONSUMER) timestamp=850 ms, used_size=5036032 bytes (12.3%)
(RDMA_READ_CONSUME_CHECK_CONSUMER) timestamp=850 ms, used_size=5033984 bytes (12.3%)
(RDMA_READ_CONSUME_CHECK_CONSUMER) timestamp=850 ms, used_size=5031936 bytes (12.3%)
(RDMA_READ_CONSUME_CHECK_CONSUMER) timestamp=850 ms, used_size=5029888 bytes (12.3%)
(RDMA_READ_CONSUME_CHECK_CONSUMER) timestamp=850 ms, used_size=5027840 bytes (12.3%)
(RDMA_READ_CONSUME_CHECK_CONSUMER) timestamp=850 ms, used_size=5025792 bytes (12.3%)
(RDMA_READ_CONSUME_CHECK_CONSUMER) timestamp=850 ms, used_size=5023744 bytes (12.3%)
(RDMA_READ_CONSUME_CHECK_CONSUMER) timestamp=850 ms, used_size=5021696 bytes (12.3%)
(RDMA_READ_CONSUME_CHECK_CONSUMER) timestamp=850 ms, used_size=5019648 bytes (12.3%)
(RDMA_READ_CONSUME_CHECK_CONSUMER) timestamp=850 ms, used_size=5017600 bytes (12.2%)
(RDMA_READ_CONSUME_CHECK_CONSUMER) timestamp=850 ms, used_size=5015552 bytes (12.2%)
(RDMA_READ_CONSUME_CHECK_CONSUMER) timestamp=850 ms, used_size=5013504 bytes (12.2%)
(RDMA_READ_CONSUME_CHECK_CONSUMER) timestamp=850 ms, used_size=5011456 bytes (12.2%)
(RDMA_READ_CONSUME_CHECK_CONSUMER) timestamp=850 ms, used_size=5009408 bytes (12.2%)
(RDMA_READ_CONSUME_CHECK_CONSUMER) timestamp=850 ms, used_size=5007360 bytes (12.2%)
(RDMA_READ_CONSUME_CHECK_CONSUMER) timestamp=850 ms, used_size=5005312 bytes (12.2%)
(RDMA_READ_CONSUME_CHECK_CONSUMER) timestamp=850 ms, used_size=5003264 bytes (12.2%)
(RDMA_READ_CONSUME_CHECK_CONSUMER) timestamp=850 ms, used_size=5001216 bytes (12.2%)
(RDMA_READ_CONSUME_CHECK_CONSUMER) timestamp=850 ms, used_size=4999168 bytes (12.2%)
(RDMA_READ_CONSUME_CHECK_CONSUMER) timestamp=850 ms, used_size=4997120 bytes (12.2%)
(RDMA_READ_CONSUME_CHECK_CONSUMER) timestamp=850 ms, used_size=4995072 bytes (12.2%)
(RDMA_READ_CONSUME_CHECK_CONSUMER) timestamp=850 ms, used_size=4993024 bytes (12.2%)
(RDMA_READ_CONSUME_CHECK_CONSUMER) timestamp=850 ms, used_size=4990976 bytes (12.2%)
(RDMA_READ_CONSUME_CHECK_CONSUMER) timestamp=850 ms, used_size=4988928 bytes (12.2%)
(RDMA_READ_CONSUME_CHECK_CONSUMER) timestamp=850 ms, used_size=4986880 bytes (12.2%)
(RDMA_READ_CONSUME_CHECK_CONSUMER) timestamp=850 ms, used_size=4984832 bytes (12.2%)
(RDMA_READ_CONSUME_CHECK_CONSUMER) timestamp=850 ms, used_size=4982784 bytes (12.2%)
(RDMA_READ_CONSUME_CHECK_CONSUMER) timestamp=850 ms, used_size=4980736 bytes (12.2%)
(RDMA_READ_CONSUME_CHECK_CONSUMER) timestamp=850 ms, used_size=4978688 bytes (12.2%)
(RDMA_READ_CONSUME_CHECK_CONSUMER) timestamp=850 ms, used_size=4976640 bytes (12.2%)
(RDMA_READ_CONSUME_CHECK_CONSUMER) timestamp=850 ms, used_size=4974592 bytes (12.1%)
(RDMA_READ_CONSUME_CHECK_CONSUMER) timestamp=850 ms, used_size=4972544 bytes (12.1%)
(RDMA_READ_CONSUME_CHECK_CONSUMER) timestamp=850 ms, used_size=4970496 bytes (12.1%)
(RDMA_READ_CONSUME_CHECK_CONSUMER) timestamp=850 ms, used_size=4968448 bytes (12.1%)
(RDMA_READ_CONSUME_CHECK_CONSUMER) timestamp=850 ms, used_size=4966400 bytes (12.1%)
(RDMA_READ_CONSUME_CHECK_CONSUMER) timestamp=850 ms, used_size=4964352 bytes (12.1%)
(RDMA_READ_CONSUME_CHECK_CONSUMER) timestamp=850 ms, used_size=4962304 bytes (12.1%)
(RDMA_READ_CONSUME_CHECK_CONSUMER) timestamp=850 ms, used_size=4960256 bytes (12.1%)
(RDMA_READ_CONSUME_CHECK_CONSUMER) timestamp=850 ms, used_size=4958208 bytes (12.1%)
(RDMA_READ_CONSUME_CHECK_CONSUMER) timestamp=850 ms, used_size=4956160 bytes (12.1%)
(RDMA_READ_CONSUME_CHECK_CONSUMER) timestamp=850 ms, used_size=4954112 bytes (12.1%)
(RDMA_READ_CONSUME_CHECK_CONSUMER) timestamp=850 ms, used_size=4952064 bytes (12.1%)
(RDMA_READ_CONSUME_CHECK_CONSUMER) timestamp=850 ms, used_size=4950016 bytes (12.1%)
(RDMA_READ_CONSUME_CHECK_CONSUMER) timestamp=850 ms, used_size=4947968 bytes (12.1%)
(RDMA_READ_CONSUME_CHECK_CONSUMER) timestamp=850 ms, used_size=4945920 bytes (12.1%)
(RDMA_READ_CONSUME_CHECK_CONSUMER) timestamp=850 ms, used_size=4943872 bytes (12.1%)
(RDMA_READ_CONSUME_CHECK_CONSUMER) timestamp=850 ms, used_size=4941824 bytes (12.1%)
(RDMA_READ_CONSUME_CHECK_CONSUMER) timestamp=850 ms, used_size=4939776 bytes (12.1%)
(RDMA_READ_CONSUME_CHECK_CONSUMER) timestamp=850 ms, used_size=4937728 bytes (12.1%)
(RDMA_READ_CONSUME_CHECK_CONSUMER) timestamp=850 ms, used_size=4935680 bytes (12.1%)
(RDMA_READ_CONSUME_CHECK_CONSUMER) timestamp=850 ms, used_size=4933632 bytes (12.0%)
(RDMA_READ_CONSUME_CHECK_CONSUMER) timestamp=850 ms, used_size=4931584 bytes (12.0%)
(RDMA_READ_CONSUME_CHECK_CONSUMER) timestamp=850 ms, used_size=4929536 bytes (12.0%)
(RDMA_READ_CONSUME_CHECK_CONSUMER) timestamp=850 ms, used_size=4927488 bytes (12.0%)
(RDMA_READ_CONSUME_CHECK_CONSUMER) timestamp=850 ms, used_size=4925440 bytes (12.0%)
(RDMA_READ_CONSUME_CHECK_CONSUMER) timestamp=850 ms, used_size=4923392 bytes (12.0%)
(RDMA_READ_CONSUME_CHECK_CONSUMER) timestamp=850 ms, used_size=4921344 bytes (12.0%)
(RDMA_READ_CONSUME_CHECK_CONSUMER) timestamp=850 ms, used_size=4919296 bytes (12.0%)
(RDMA_READ_CONSUME_CHECK_CONSUMER) timestamp=850 ms, used_size=4917248 bytes (12.0%)
(RDMA_READ_CONSUME_CHECK_CONSUMER) timestamp=850 ms, used_size=4915200 bytes (12.0%)
(RDMA_READ_CONSUME_CHECK_CONSUMER) timestamp=850 ms, used_size=4913152 bytes (12.0%)
(RDMA_READ_CONSUME_CHECK_CONSUMER) timestamp=850 ms, used_size=4911104 bytes (12.0%)
(RDMA_READ_CONSUME_CHECK_CONSUMER) timestamp=850 ms, used_size=4909056 bytes (12.0%)
(RDMA_READ_CONSUME_CHECK_CONSUMER) timestamp=850 ms, used_size=4907008 bytes (12.0%)
(RDMA_READ_CONSUME_CHECK_CONSUMER) timestamp=850 ms, used_size=4904960 bytes (12.0%)
(RDMA_READ_CONSUME_CHECK_CONSUMER) timestamp=850 ms, used_size=4902912 bytes (12.0%)
(RDMA_READ_CONSUME_CHECK_CONSUMER) timestamp=850 ms, used_size=4900864 bytes (12.0%)
(RDMA_READ_CONSUME_CHECK_CONSUMER) timestamp=850 ms, used_size=4898816 bytes (12.0%)
(RDMA_READ_CONSUME_CHECK_CONSUMER) timestamp=850 ms, used_size=4896768 bytes (12.0%)
(RDMA_READ_CONSUME_CHECK_CONSUMER) timestamp=850 ms, used_size=4894720 bytes (11.9%)
(RDMA_READ_CONSUME_CHECK_CONSUMER) timestamp=850 ms, used_size=4892672 bytes (11.9%)
(RDMA_READ_CONSUME_CHECK_CONSUMER) timestamp=850 ms, used_size=4890624 bytes (11.9%)
(RDMA_READ_CONSUME_CHECK_CONSUMER) timestamp=850 ms, used_size=4888576 bytes (11.9%)
(RDMA_READ_CONSUME_CHECK_CONSUMER) timestamp=850 ms, used_size=4886528 bytes (11.9%)
(RDMA_READ_CONSUME_CHECK_CONSUMER) timestamp=850 ms, used_size=4884480 bytes (11.9%)
(RDMA_READ_CONSUME_CHECK_CONSUMER) timestamp=850 ms, used_size=4882432 bytes (11.9%)
(RDMA_READ_CONSUME_CHECK_CONSUMER) timestamp=850 ms, used_size=4880384 bytes (11.9%)
(RDMA_READ_CONSUME_CHECK_CONSUMER) timestamp=850 ms, used_size=4878336 bytes (11.9%)
(RDMA_READ_CONSUME_CHECK_CONSUMER) timestamp=850 ms, used_size=4876288 bytes (11.9%)
(RDMA_READ_CONSUME_CHECK_CONSUMER) timestamp=850 ms, used_size=4874240 bytes (11.9%)
(RDMA_READ_CONSUME_CHECK_CONSUMER) timestamp=850 ms, used_size=4872192 bytes (11.9%)
(RDMA_READ_CONSUME_CHECK_CONSUMER) timestamp=850 ms, used_size=4870144 bytes (11.9%)
(RDMA_READ_CONSUME_CHECK_CONSUMER) timestamp=850 ms, used_size=4868096 bytes (11.9%)
(RDMA_READ_CONSUME_CHECK_CONSUMER) timestamp=850 ms, used_size=4866048 bytes (11.9%)
(RDMA_READ_CONSUME_CHECK_CONSUMER) timestamp=850 ms, used_size=4864000 bytes (11.9%)
(RDMA_READ_CONSUME_CHECK_CONSUMER) timestamp=850 ms, used_size=4861952 bytes (11.9%)
(RDMA_READ_CONSUME_CHECK_CONSUMER) timestamp=850 ms, used_size=4859904 bytes (11.9%)
(RDMA_READ_CONSUME_CHECK_CONSUMER) timestamp=850 ms, used_size=4857856 bytes (11.9%)
(RDMA_READ_CONSUME_CHECK_CONSUMER) timestamp=850 ms, used_size=4855808 bytes (11.9%)
(RDMA_READ_CONSUME_CHECK_CONSUMER) timestamp=850 ms, used_size=4853760 bytes (11.8%)
(RDMA_READ_CONSUME_CHECK_CONSUMER) timestamp=850 ms, used_size=4851712 bytes (11.8%)
(RDMA_READ_CONSUME_CHECK_CONSUMER) timestamp=850 ms, used_size=4849664 bytes (11.8%)
(RDMA_READ_CONSUME_CHECK_CONSUMER) timestamp=850 ms, used_size=4847616 bytes (11.8%)
(RDMA_READ_CONSUME_CHECK_CONSUMER) timestamp=850 ms, used_size=4845568 bytes (11.8%)
(RDMA_READ_CONSUME_CHECK_CONSUMER) timestamp=850 ms, used_size=4843520 bytes (11.8%)
(RDMA_READ_CONSUME_CHECK_CONSUMER) timestamp=850 ms, used_size=4841472 bytes (11.8%)
(RDMA_READ_CONSUME_CHECK_CONSUMER) timestamp=850 ms, used_size=4839424 bytes (11.8%)
(RDMA_READ_CONSUME_CHECK_CONSUMER) timestamp=850 ms, used_size=4837376 bytes (11.8%)
(RDMA_READ_CONSUME_CHECK_CONSUMER) timestamp=850 ms, used_size=4835328 bytes (11.8%)
(RDMA_READ_CONSUME_CHECK_CONSUMER) timestamp=850 ms, used_size=4833280 bytes (11.8%)
(RDMA_READ_CONSUME_CHECK_CONSUMER) timestamp=850 ms, used_size=4831232 bytes (11.8%)
(RDMA_READ_CONSUME_CHECK_CONSUMER) timestamp=850 ms, used_size=4829184 bytes (11.8%)
(RDMA_READ_CONSUME_CHECK_CONSUMER) timestamp=850 ms, used_size=4827136 bytes (11.8%)
(RDMA_READ_CONSUME_CHECK_CONSUMER) timestamp=850 ms, used_size=4825088 bytes (11.8%)
(RDMA_READ_CONSUME_CHECK_CONSUMER) timestamp=850 ms, used_size=4823040 bytes (11.8%)
(RDMA_READ_CONSUME_CHECK_CONSUMER) timestamp=850 ms, used_size=4820992 bytes (11.8%)
(RDMA_READ_CONSUME_CHECK_CONSUMER) timestamp=850 ms, used_size=4818944 bytes (11.8%)
(RDMA_READ_CONSUME_CHECK_CONSUMER) timestamp=850 ms, used_size=4816896 bytes (11.8%)
(RDMA_READ_CONSUME_CHECK_CONSUMER) timestamp=850 ms, used_size=4814848 bytes (11.8%)
(RDMA_READ_CONSUME_CHECK_CONSUMER) timestamp=850 ms, used_size=4812800 bytes (11.8%)
(RDMA_READ_CONSUME_CHECK_CONSUMER) timestamp=850 ms, used_size=4810752 bytes (11.7%)
(RDMA_READ_CONSUME_CHECK_CONSUMER) timestamp=850 ms, used_size=4808704 bytes (11.7%)
(RDMA_READ_CONSUME_CHECK_CONSUMER) timestamp=850 ms, used_size=4806656 bytes (11.7%)
(RDMA_READ_CONSUME_CHECK_CONSUMER) timestamp=850 ms, used_size=4804608 bytes (11.7%)
(RDMA_READ_CONSUME_CHECK_CONSUMER) timestamp=850 ms, used_size=4802560 bytes (11.7%)
(RDMA_READ_CONSUME_CHECK_CONSUMER) timestamp=850 ms, used_size=4800512 bytes (11.7%)
(RDMA_READ_CONSUME_CHECK_CONSUMER) timestamp=850 ms, used_size=4798464 bytes (11.7%)
(RDMA_READ_CONSUME_CHECK_CONSUMER) timestamp=850 ms, used_size=4796416 bytes (11.7%)
(RDMA_READ_CONSUME_CHECK_CONSUMER) timestamp=850 ms, used_size=4794368 bytes (11.7%)
(RDMA_READ_CONSUME_CHECK_CONSUMER) timestamp=851 ms, used_size=4792320 bytes (11.7%)
(RDMA_READ_CONSUME_CHECK_CONSUMER) timestamp=851 ms, used_size=4790272 bytes (11.7%)
(RDMA_READ_CONSUME_CHECK_CONSUMER) timestamp=851 ms, used_size=4788224 bytes (11.7%)
(RDMA_READ_CONSUME_CHECK_CONSUMER) timestamp=851 ms, used_size=4786176 bytes (11.7%)
(RDMA_READ_CONSUME_CHECK_CONSUMER) timestamp=851 ms, used_size=4784128 bytes (11.7%)
(RDMA_READ_CONSUME_CHECK_CONSUMER) timestamp=851 ms, used_size=4782080 bytes (11.7%)
(RDMA_READ_CONSUME_CHECK_CONSUMER) timestamp=851 ms, used_size=4780032 bytes (11.7%)
(RDMA_READ_CONSUME_CHECK_CONSUMER) timestamp=851 ms, used_size=4777984 bytes (11.7%)
(RDMA_READ_CONSUME_CHECK_CONSUMER) timestamp=851 ms, used_size=4775936 bytes (11.7%)
(RDMA_READ_CONSUME_CHECK_CONSUMER) timestamp=851 ms, used_size=4773888 bytes (11.7%)
(RDMA_READ_CONSUME_CHECK_CONSUMER) timestamp=851 ms, used_size=4771840 bytes (11.7%)
(RDMA_READ_CONSUME_CHECK_CONSUMER) timestamp=851 ms, used_size=4769792 bytes (11.6%)
(RDMA_READ_CONSUME_CHECK_CONSUMER) timestamp=851 ms, used_size=4767744 bytes (11.6%)
(RDMA_READ_CONSUME_CHECK_CONSUMER) timestamp=851 ms, used_size=4765696 bytes (11.6%)
(RDMA_READ_CONSUME_CHECK_CONSUMER) timestamp=851 ms, used_size=4763648 bytes (11.6%)
(RDMA_READ_CONSUME_CHECK_CONSUMER) timestamp=851 ms, used_size=4761600 bytes (11.6%)
(RDMA_READ_CONSUME_CHECK_CONSUMER) timestamp=851 ms, used_size=4759552 bytes (11.6%)
(RDMA_READ_CONSUME_CHECK_CONSUMER) timestamp=851 ms, used_size=4757504 bytes (11.6%)
(RDMA_READ_CONSUME_CHECK_CONSUMER) timestamp=851 ms, used_size=4755456 bytes (11.6%)
(RDMA_READ_CONSUME_CHECK_CONSUMER) timestamp=851 ms, used_size=4753408 bytes (11.6%)
(RDMA_READ_CONSUME_CHECK_CONSUMER) timestamp=851 ms, used_size=4751360 bytes (11.6%)
(RDMA_READ_CONSUME_CHECK_CONSUMER) timestamp=851 ms, used_size=4749312 bytes (11.6%)
(RDMA_READ_CONSUME_CHECK_CONSUMER) timestamp=851 ms, used_size=4747264 bytes (11.6%)
(RDMA_READ_CONSUME_CHECK_CONSUMER) timestamp=851 ms, used_size=4745216 bytes (11.6%)
(RDMA_READ_CONSUME_CHECK_CONSUMER) timestamp=851 ms, used_size=4743168 bytes (11.6%)
(RDMA_READ_CONSUME_CHECK_CONSUMER) timestamp=851 ms, used_size=4741120 bytes (11.6%)
(RDMA_READ_CONSUME_CHECK_CONSUMER) timestamp=851 ms, used_size=4739072 bytes (11.6%)
(RDMA_READ_CONSUME_CHECK_CONSUMER) timestamp=851 ms, used_size=4737024 bytes (11.6%)
(RDMA_READ_CONSUME_CHECK_CONSUMER) timestamp=851 ms, used_size=4734976 bytes (11.6%)
(RDMA_READ_CONSUME_CHECK_CONSUMER) timestamp=851 ms, used_size=4732928 bytes (11.6%)
(RDMA_READ_CONSUME_CHECK_CONSUMER) timestamp=851 ms, used_size=4730880 bytes (11.6%)
(RDMA_READ_CONSUME_CHECK_CONSUMER) timestamp=851 ms, used_size=4728832 bytes (11.5%)
(RDMA_READ_CONSUME_CHECK_CONSUMER) timestamp=851 ms, used_size=4726784 bytes (11.5%)
(RDMA_READ_CONSUME_CHECK_CONSUMER) timestamp=851 ms, used_size=4724736 bytes (11.5%)
(RDMA_READ_CONSUME_CHECK_CONSUMER) timestamp=851 ms, used_size=4722688 bytes (11.5%)
(RDMA_READ_CONSUME_CHECK_CONSUMER) timestamp=851 ms, used_size=4720640 bytes (11.5%)
(RDMA_READ_CONSUME_CHECK_CONSUMER) timestamp=851 ms, used_size=4718592 bytes (11.5%)
(RDMA_READ_CONSUME_CHECK_CONSUMER) timestamp=851 ms, used_size=4716544 bytes (11.5%)
(RDMA_READ_CONSUME_CHECK_CONSUMER) timestamp=851 ms, used_size=4714496 bytes (11.5%)
(RDMA_READ_CONSUME_CHECK_CONSUMER) timestamp=851 ms, used_size=4712448 bytes (11.5%)
(RDMA_READ_CONSUME_CHECK_CONSUMER) timestamp=851 ms, used_size=4710400 bytes (11.5%)
(RDMA_READ_CONSUME_CHECK_CONSUMER) timestamp=851 ms, used_size=4708352 bytes (11.5%)
(RDMA_READ_CONSUME_CHECK_CONSUMER) timestamp=851 ms, used_size=4706304 bytes (11.5%)
(RDMA_READ_CONSUME_CHECK_CONSUMER) timestamp=851 ms, used_size=4704256 bytes (11.5%)
(RDMA_READ_CONSUME_CHECK_CONSUMER) timestamp=851 ms, used_size=4702208 bytes (11.5%)
(RDMA_READ_CONSUME_CHECK_CONSUMER) timestamp=851 ms, used_size=4700160 bytes (11.5%)
(RDMA_READ_CONSUME_CHECK_CONSUMER) timestamp=851 ms, used_size=4698112 bytes (11.5%)
(RDMA_READ_CONSUME_CHECK_CONSUMER) timestamp=851 ms, used_size=4696064 bytes (11.5%)
(RDMA_READ_CONSUME_CHECK_CONSUMER) timestamp=851 ms, used_size=4694016 bytes (11.5%)
(RDMA_READ_CONSUME_CHECK_CONSUMER) timestamp=851 ms, used_size=4691968 bytes (11.5%)
(RDMA_READ_CONSUME_CHECK_CONSUMER) timestamp=851 ms, used_size=4689920 bytes (11.4%)
(RDMA_READ_CONSUME_CHECK_CONSUMER) timestamp=851 ms, used_size=4687872 bytes (11.4%)
(RDMA_READ_CONSUME_CHECK_CONSUMER) timestamp=851 ms, used_size=4685824 bytes (11.4%)
(RDMA_READ_CONSUME_CHECK_CONSUMER) timestamp=851 ms, used_size=4683776 bytes (11.4%)
(RDMA_READ_CONSUME_CHECK_CONSUMER) timestamp=851 ms, used_size=4681728 bytes (11.4%)
(RDMA_READ_CONSUME_CHECK_CONSUMER) timestamp=851 ms, used_size=4679680 bytes (11.4%)
(RDMA_READ_CONSUME_CHECK_CONSUMER) timestamp=851 ms, used_size=4677632 bytes (11.4%)
(RDMA_READ_CONSUME_CHECK_CONSUMER) timestamp=851 ms, used_size=4675584 bytes (11.4%)
(RDMA_READ_CONSUME_CHECK_CONSUMER) timestamp=851 ms, used_size=4673536 bytes (11.4%)
(RDMA_READ_CONSUME_CHECK_CONSUMER) timestamp=851 ms, used_size=4671488 bytes (11.4%)
(RDMA_READ_CONSUME_CHECK_CONSUMER) timestamp=851 ms, used_size=4669440 bytes (11.4%)
(RDMA_READ_CONSUME_CHECK_CONSUMER) timestamp=851 ms, used_size=4667392 bytes (11.4%)
(RDMA_READ_CONSUME_CHECK_CONSUMER) timestamp=851 ms, used_size=4665344 bytes (11.4%)
(RDMA_READ_CONSUME_CHECK_CONSUMER) timestamp=851 ms, used_size=4663296 bytes (11.4%)
(RDMA_READ_CONSUME_CHECK_CONSUMER) timestamp=851 ms, used_size=4661248 bytes (11.4%)
(RDMA_READ_CONSUME_CHECK_CONSUMER) timestamp=851 ms, used_size=4659200 bytes (11.4%)
(RDMA_READ_CONSUME_CHECK_CONSUMER) timestamp=851 ms, used_size=4657152 bytes (11.4%)
(RDMA_READ_CONSUME_CHECK_CONSUMER) timestamp=851 ms, used_size=4655104 bytes (11.4%)
(RDMA_READ_CONSUME_CHECK_CONSUMER) timestamp=851 ms, used_size=4653056 bytes (11.4%)
(RDMA_READ_CONSUME_CHECK_CONSUMER) timestamp=851 ms, used_size=4651008 bytes (11.4%)
(RDMA_READ_CONSUME_CHECK_CONSUMER) timestamp=851 ms, used_size=4648960 bytes (11.3%)
(RDMA_READ_CONSUME_CHECK_CONSUMER) timestamp=851 ms, used_size=4646912 bytes (11.3%)
(RDMA_READ_CONSUME_CHECK_CONSUMER) timestamp=851 ms, used_size=4644864 bytes (11.3%)
(RDMA_READ_CONSUME_CHECK_CONSUMER) timestamp=851 ms, used_size=4642816 bytes (11.3%)
(RDMA_READ_CONSUME_CHECK_CONSUMER) timestamp=851 ms, used_size=4640768 bytes (11.3%)
(RDMA_READ_CONSUME_CHECK_CONSUMER) timestamp=851 ms, used_size=4638720 bytes (11.3%)
(RDMA_READ_CONSUME_CHECK_CONSUMER) timestamp=851 ms, used_size=4636672 bytes (11.3%)
(RDMA_READ_CONSUME_CHECK_CONSUMER) timestamp=851 ms, used_size=4634624 bytes (11.3%)
(RDMA_READ_CONSUME_CHECK_CONSUMER) timestamp=851 ms, used_size=4632576 bytes (11.3%)
(RDMA_READ_CONSUME_CHECK_CONSUMER) timestamp=851 ms, used_size=4630528 bytes (11.3%)
(RDMA_READ_CONSUME_CHECK_CONSUMER) timestamp=851 ms, used_size=4628480 bytes (11.3%)
(RDMA_READ_CONSUME_CHECK_CONSUMER) timestamp=851 ms, used_size=4626432 bytes (11.3%)
(RDMA_READ_CONSUME_CHECK_CONSUMER) timestamp=851 ms, used_size=4624384 bytes (11.3%)
(RDMA_READ_CONSUME_CHECK_CONSUMER) timestamp=851 ms, used_size=4622336 bytes (11.3%)
(RDMA_READ_CONSUME_CHECK_CONSUMER) timestamp=851 ms, used_size=4620288 bytes (11.3%)
(RDMA_READ_CONSUME_CHECK_CONSUMER) timestamp=851 ms, used_size=4618240 bytes (11.3%)
(RDMA_READ_CONSUME_CHECK_CONSUMER) timestamp=851 ms, used_size=4616192 bytes (11.3%)
(RDMA_READ_CONSUME_CHECK_CONSUMER) timestamp=851 ms, used_size=4614144 bytes (11.3%)
(RDMA_READ_CONSUME_CHECK_CONSUMER) timestamp=851 ms, used_size=4612096 bytes (11.3%)
(RDMA_READ_CONSUME_CHECK_CONSUMER) timestamp=851 ms, used_size=4610048 bytes (11.3%)
(RDMA_READ_CONSUME_CHECK_CONSUMER) timestamp=851 ms, used_size=4608000 bytes (11.2%)
(RDMA_READ_CONSUME_CHECK_CONSUMER) timestamp=851 ms, used_size=4605952 bytes (11.2%)
(RDMA_READ_CONSUME_CHECK_CONSUMER) timestamp=851 ms, used_size=4603904 bytes (11.2%)
(RDMA_READ_CONSUME_CHECK_CONSUMER) timestamp=851 ms, used_size=4601856 bytes (11.2%)
(RDMA_READ_CONSUME_CHECK_CONSUMER) timestamp=851 ms, used_size=4599808 bytes (11.2%)
(RDMA_READ_CONSUME_CHECK_CONSUMER) timestamp=851 ms, used_size=4597760 bytes (11.2%)
(RDMA_READ_CONSUME_CHECK_CONSUMER) timestamp=851 ms, used_size=4595712 bytes (11.2%)
(RDMA_READ_CONSUME_CHECK_CONSUMER) timestamp=851 ms, used_size=4593664 bytes (11.2%)
(RDMA_READ_CONSUME_CHECK_CONSUMER) timestamp=851 ms, used_size=4591616 bytes (11.2%)
(RDMA_READ_CONSUME_CHECK_CONSUMER) timestamp=851 ms, used_size=4589568 bytes (11.2%)
(RDMA_READ_CONSUME_CHECK_CONSUMER) timestamp=851 ms, used_size=4587520 bytes (11.2%)
(RDMA_READ_CONSUME_CHECK_CONSUMER) timestamp=851 ms, used_size=4585472 bytes (11.2%)
(RDMA_READ_CONSUME_CHECK_CONSUMER) timestamp=851 ms, used_size=4583424 bytes (11.2%)
(RDMA_READ_CONSUME_CHECK_CONSUMER) timestamp=851 ms, used_size=4581376 bytes (11.2%)
(RDMA_READ_CONSUME_CHECK_CONSUMER) timestamp=851 ms, used_size=4579328 bytes (11.2%)
(RDMA_READ_CONSUME_CHECK_CONSUMER) timestamp=851 ms, used_size=4577280 bytes (11.2%)
(RDMA_READ_CONSUME_CHECK_CONSUMER) timestamp=851 ms, used_size=4575232 bytes (11.2%)
(RDMA_READ_CONSUME_CHECK_CONSUMER) timestamp=851 ms, used_size=4573184 bytes (11.2%)
(RDMA_READ_CONSUME_CHECK_CONSUMER) timestamp=851 ms, used_size=4571136 bytes (11.2%)
(RDMA_READ_CONSUME_CHECK_CONSUMER) timestamp=851 ms, used_size=4569088 bytes (11.2%)
(RDMA_READ_CONSUME_CHECK_CONSUMER) timestamp=851 ms, used_size=4567040 bytes (11.2%)
(RDMA_READ_CONSUME_CHECK_CONSUMER) timestamp=851 ms, used_size=4564992 bytes (11.1%)
(RDMA_READ_CONSUME_CHECK_CONSUMER) timestamp=851 ms, used_size=4562944 bytes (11.1%)
(RDMA_READ_CONSUME_CHECK_CONSUMER) timestamp=851 ms, used_size=4560896 bytes (11.1%)
(RDMA_READ_CONSUME_CHECK_CONSUMER) timestamp=851 ms, used_size=4558848 bytes (11.1%)
(RDMA_READ_CONSUME_CHECK_CONSUMER) timestamp=851 ms, used_size=4556800 bytes (11.1%)
(RDMA_READ_CONSUME_CHECK_CONSUMER) timestamp=851 ms, used_size=4554752 bytes (11.1%)
(RDMA_READ_CONSUME_CHECK_CONSUMER) timestamp=851 ms, used_size=4552704 bytes (11.1%)
(RDMA_READ_CONSUME_CHECK_CONSUMER) timestamp=851 ms, used_size=4550656 bytes (11.1%)
(RDMA_READ_CONSUME_CHECK_CONSUMER) timestamp=851 ms, used_size=4548608 bytes (11.1%)
(RDMA_READ_CONSUME_CHECK_CONSUMER) timestamp=851 ms, used_size=4546560 bytes (11.1%)
(RDMA_READ_CONSUME_CHECK_CONSUMER) timestamp=851 ms, used_size=4544512 bytes (11.1%)
(RDMA_READ_CONSUME_CHECK_CONSUMER) timestamp=851 ms, used_size=4542464 bytes (11.1%)
(RDMA_READ_CONSUME_CHECK_CONSUMER) timestamp=851 ms, used_size=4540416 bytes (11.1%)
(RDMA_READ_CONSUME_CHECK_CONSUMER) timestamp=851 ms, used_size=4538368 bytes (11.1%)
(RDMA_READ_CONSUME_CHECK_CONSUMER) timestamp=851 ms, used_size=4536320 bytes (11.1%)
(RDMA_READ_CONSUME_CHECK_CONSUMER) timestamp=851 ms, used_size=4534272 bytes (11.1%)
(RDMA_READ_CONSUME_CHECK_CONSUMER) timestamp=851 ms, used_size=4532224 bytes (11.1%)
(RDMA_READ_CONSUME_CHECK_CONSUMER) timestamp=851 ms, used_size=4530176 bytes (11.1%)
(RDMA_READ_CONSUME_CHECK_CONSUMER) timestamp=851 ms, used_size=4528128 bytes (11.1%)
(RDMA_READ_CONSUME_CHECK_CONSUMER) timestamp=851 ms, used_size=4526080 bytes (11.1%)
(RDMA_READ_CONSUME_CHECK_CONSUMER) timestamp=851 ms, used_size=4524032 bytes (11.0%)
(RDMA_READ_CONSUME_CHECK_CONSUMER) timestamp=851 ms, used_size=4521984 bytes (11.0%)
(RDMA_READ_CONSUME_CHECK_CONSUMER) timestamp=851 ms, used_size=4519936 bytes (11.0%)
(RDMA_READ_CONSUME_CHECK_CONSUMER) timestamp=851 ms, used_size=4517888 bytes (11.0%)
(RDMA_READ_CONSUME_CHECK_CONSUMER) timestamp=851 ms, used_size=4515840 bytes (11.0%)
(RDMA_READ_CONSUME_CHECK_CONSUMER) timestamp=851 ms, used_size=4513792 bytes (11.0%)
(RDMA_READ_CONSUME_CHECK_CONSUMER) timestamp=851 ms, used_size=4511744 bytes (11.0%)
(RDMA_READ_CONSUME_CHECK_CONSUMER) timestamp=851 ms, used_size=4509696 bytes (11.0%)
(RDMA_READ_CONSUME_CHECK_CONSUMER) timestamp=851 ms, used_size=4507648 bytes (11.0%)
(RDMA_READ_CONSUME_CHECK_CONSUMER) timestamp=851 ms, used_size=4505600 bytes (11.0%)
(RDMA_READ_CONSUME_CHECK_CONSUMER) timestamp=851 ms, used_size=4503552 bytes (11.0%)
(RDMA_READ_CONSUME_CHECK_CONSUMER) timestamp=851 ms, used_size=4501504 bytes (11.0%)
(RDMA_READ_CONSUME_CHECK_CONSUMER) timestamp=851 ms, used_size=4499456 bytes (11.0%)
(RDMA_READ_CONSUME_CHECK_CONSUMER) timestamp=851 ms, used_size=4497408 bytes (11.0%)
(RDMA_READ_CONSUME_CHECK_CONSUMER) timestamp=851 ms, used_size=4495360 bytes (11.0%)
(RDMA_READ_CONSUME_CHECK_CONSUMER) timestamp=851 ms, used_size=4493312 bytes (11.0%)
(RDMA_READ_CONSUME_CHECK_CONSUMER) timestamp=851 ms, used_size=4491264 bytes (11.0%)
(RDMA_READ_CONSUME_CHECK_CONSUMER) timestamp=851 ms, used_size=4489216 bytes (11.0%)
(RDMA_READ_CONSUME_CHECK_CONSUMER) timestamp=851 ms, used_size=4487168 bytes (11.0%)
(RDMA_READ_CONSUME_CHECK_CONSUMER) timestamp=851 ms, used_size=4485120 bytes (10.9%)
(RDMA_READ_CONSUME_CHECK_CONSUMER) timestamp=851 ms, used_size=4483072 bytes (10.9%)
(RDMA_READ_CONSUME_CHECK_CONSUMER) timestamp=851 ms, used_size=4481024 bytes (10.9%)
(RDMA_READ_CONSUME_CHECK_CONSUMER) timestamp=851 ms, used_size=4478976 bytes (10.9%)
(RDMA_READ_CONSUME_CHECK_CONSUMER) timestamp=851 ms, used_size=4476928 bytes (10.9%)
(RDMA_READ_CONSUME_CHECK_CONSUMER) timestamp=851 ms, used_size=4474880 bytes (10.9%)
(RDMA_READ_CONSUME_CHECK_CONSUMER) timestamp=851 ms, used_size=4472832 bytes (10.9%)
(RDMA_READ_CONSUME_CHECK_CONSUMER) timestamp=851 ms, used_size=4470784 bytes (10.9%)
(RDMA_READ_CONSUME_CHECK_CONSUMER) timestamp=851 ms, used_size=4468736 bytes (10.9%)
(RDMA_READ_CONSUME_CHECK_CONSUMER) timestamp=851 ms, used_size=4466688 bytes (10.9%)
(RDMA_READ_CONSUME_CHECK_CONSUMER) timestamp=851 ms, used_size=4464640 bytes (10.9%)
(RDMA_READ_CONSUME_CHECK_CONSUMER) timestamp=851 ms, used_size=4462592 bytes (10.9%)
(RDMA_READ_CONSUME_CHECK_CONSUMER) timestamp=851 ms, used_size=4460544 bytes (10.9%)
(RDMA_READ_CONSUME_CHECK_CONSUMER) timestamp=851 ms, used_size=4458496 bytes (10.9%)
(RDMA_READ_CONSUME_CHECK_CONSUMER) timestamp=851 ms, used_size=4456448 bytes (10.9%)
(RDMA_READ_CONSUME_CHECK_CONSUMER) timestamp=851 ms, used_size=4454400 bytes (10.9%)
(RDMA_READ_CONSUME_CHECK_CONSUMER) timestamp=851 ms, used_size=4452352 bytes (10.9%)
(RDMA_READ_CONSUME_CHECK_CONSUMER) timestamp=851 ms, used_size=4450304 bytes (10.9%)
(RDMA_READ_CONSUME_CHECK_CONSUMER) timestamp=851 ms, used_size=4448256 bytes (10.9%)
(RDMA_READ_CONSUME_CHECK_CONSUMER) timestamp=851 ms, used_size=4446208 bytes (10.9%)
(RDMA_READ_CONSUME_CHECK_CONSUMER) timestamp=851 ms, used_size=4444160 bytes (10.8%)
(RDMA_READ_CONSUME_CHECK_CONSUMER) timestamp=851 ms, used_size=4442112 bytes (10.8%)
(RDMA_READ_CONSUME_CHECK_CONSUMER) timestamp=851 ms, used_size=4440064 bytes (10.8%)
(RDMA_READ_CONSUME_CHECK_CONSUMER) timestamp=851 ms, used_size=4438016 bytes (10.8%)
(RDMA_READ_CONSUME_CHECK_CONSUMER) timestamp=851 ms, used_size=4435968 bytes (10.8%)
(RDMA_READ_CONSUME_CHECK_CONSUMER) timestamp=851 ms, used_size=4433920 bytes (10.8%)
(RDMA_READ_CONSUME_CHECK_CONSUMER) timestamp=851 ms, used_size=4431872 bytes (10.8%)
(RDMA_READ_CONSUME_CHECK_CONSUMER) timestamp=851 ms, used_size=4429824 bytes (10.8%)
(RDMA_READ_CONSUME_CHECK_CONSUMER) timestamp=851 ms, used_size=4427776 bytes (10.8%)
(RDMA_READ_CONSUME_CHECK_CONSUMER) timestamp=851 ms, used_size=4425728 bytes (10.8%)
(RDMA_READ_CONSUME_CHECK_CONSUMER) timestamp=851 ms, used_size=4423680 bytes (10.8%)
(RDMA_READ_CONSUME_CHECK_CONSUMER) timestamp=851 ms, used_size=4421632 bytes (10.8%)
(RDMA_READ_CONSUME_CHECK_CONSUMER) timestamp=851 ms, used_size=4419584 bytes (10.8%)
(RDMA_READ_CONSUME_CHECK_CONSUMER) timestamp=851 ms, used_size=4417536 bytes (10.8%)
(RDMA_READ_CONSUME_CHECK_CONSUMER) timestamp=852 ms, used_size=4415488 bytes (10.8%)
(RDMA_READ_CONSUME_CHECK_CONSUMER) timestamp=852 ms, used_size=4413440 bytes (10.8%)
(RDMA_READ_CONSUME_CHECK_CONSUMER) timestamp=852 ms, used_size=4411392 bytes (10.8%)
(RDMA_READ_CONSUME_CHECK_CONSUMER) timestamp=852 ms, used_size=4409344 bytes (10.8%)
(RDMA_READ_CONSUME_CHECK_CONSUMER) timestamp=852 ms, used_size=4407296 bytes (10.8%)
(RDMA_READ_CONSUME_CHECK_CONSUMER) timestamp=852 ms, used_size=4405248 bytes (10.8%)
(RDMA_READ_CONSUME_CHECK_CONSUMER) timestamp=852 ms, used_size=4403200 bytes (10.8%)
(RDMA_READ_CONSUME_CHECK_CONSUMER) timestamp=852 ms, used_size=4401152 bytes (10.7%)
(RDMA_READ_CONSUME_CHECK_CONSUMER) timestamp=852 ms, used_size=4399104 bytes (10.7%)
(RDMA_READ_CONSUME_CHECK_CONSUMER) timestamp=852 ms, used_size=4397056 bytes (10.7%)
(RDMA_READ_CONSUME_CHECK_CONSUMER) timestamp=852 ms, used_size=4395008 bytes (10.7%)
(RDMA_READ_CONSUME_CHECK_CONSUMER) timestamp=852 ms, used_size=4392960 bytes (10.7%)
(RDMA_READ_CONSUME_CHECK_CONSUMER) timestamp=852 ms, used_size=4390912 bytes (10.7%)
(RDMA_READ_CONSUME_CHECK_CONSUMER) timestamp=852 ms, used_size=4388864 bytes (10.7%)
(RDMA_READ_CONSUME_CHECK_CONSUMER) timestamp=852 ms, used_size=4386816 bytes (10.7%)
(RDMA_READ_CONSUME_CHECK_CONSUMER) timestamp=852 ms, used_size=4384768 bytes (10.7%)
(RDMA_READ_CONSUME_CHECK_CONSUMER) timestamp=852 ms, used_size=4382720 bytes (10.7%)
(RDMA_READ_CONSUME_CHECK_CONSUMER) timestamp=852 ms, used_size=4380672 bytes (10.7%)
(RDMA_READ_CONSUME_CHECK_CONSUMER) timestamp=852 ms, used_size=4378624 bytes (10.7%)
(RDMA_READ_CONSUME_CHECK_CONSUMER) timestamp=852 ms, used_size=4376576 bytes (10.7%)
(RDMA_READ_CONSUME_CHECK_CONSUMER) timestamp=852 ms, used_size=4374528 bytes (10.7%)
(RDMA_READ_CONSUME_CHECK_CONSUMER) timestamp=852 ms, used_size=4372480 bytes (10.7%)
(RDMA_READ_CONSUME_CHECK_CONSUMER) timestamp=852 ms, used_size=4370432 bytes (10.7%)
(RDMA_READ_CONSUME_CHECK_CONSUMER) timestamp=852 ms, used_size=4368384 bytes (10.7%)
(RDMA_READ_CONSUME_CHECK_CONSUMER) timestamp=852 ms, used_size=4366336 bytes (10.7%)
(RDMA_READ_CONSUME_CHECK_CONSUMER) timestamp=852 ms, used_size=4364288 bytes (10.7%)
(RDMA_READ_CONSUME_CHECK_CONSUMER) timestamp=852 ms, used_size=4362240 bytes (10.7%)
(RDMA_READ_CONSUME_CHECK_CONSUMER) timestamp=852 ms, used_size=4360192 bytes (10.6%)
(RDMA_READ_CONSUME_CHECK_CONSUMER) timestamp=852 ms, used_size=4358144 bytes (10.6%)
(RDMA_READ_CONSUME_CHECK_CONSUMER) timestamp=852 ms, used_size=4356096 bytes (10.6%)
(RDMA_READ_CONSUME_CHECK_CONSUMER) timestamp=852 ms, used_size=4354048 bytes (10.6%)
(RDMA_READ_CONSUME_CHECK_CONSUMER) timestamp=852 ms, used_size=4352000 bytes (10.6%)
(RDMA_READ_CONSUME_CHECK_CONSUMER) timestamp=852 ms, used_size=4349952 bytes (10.6%)
(RDMA_READ_CONSUME_CHECK_CONSUMER) timestamp=852 ms, used_size=4347904 bytes (10.6%)
(RDMA_READ_CONSUME_CHECK_CONSUMER) timestamp=852 ms, used_size=4345856 bytes (10.6%)
(RDMA_READ_CONSUME_CHECK_CONSUMER) timestamp=852 ms, used_size=4343808 bytes (10.6%)
(RDMA_READ_CONSUME_CHECK_CONSUMER) timestamp=852 ms, used_size=4341760 bytes (10.6%)
(RDMA_READ_CONSUME_CHECK_CONSUMER) timestamp=852 ms, used_size=4339712 bytes (10.6%)
(RDMA_READ_CONSUME_CHECK_CONSUMER) timestamp=852 ms, used_size=4337664 bytes (10.6%)
(RDMA_READ_CONSUME_CHECK_CONSUMER) timestamp=852 ms, used_size=4335616 bytes (10.6%)
(RDMA_READ_CONSUME_CHECK_CONSUMER) timestamp=852 ms, used_size=4333568 bytes (10.6%)
(RDMA_READ_CONSUME_CHECK_CONSUMER) timestamp=852 ms, used_size=4331520 bytes (10.6%)
(RDMA_READ_CONSUME_CHECK_CONSUMER) timestamp=852 ms, used_size=4329472 bytes (10.6%)
(RDMA_READ_CONSUME_CHECK_CONSUMER) timestamp=852 ms, used_size=4327424 bytes (10.6%)
(RDMA_READ_CONSUME_CHECK_CONSUMER) timestamp=852 ms, used_size=4325376 bytes (10.6%)
(RDMA_READ_CONSUME_CHECK_CONSUMER) timestamp=852 ms, used_size=4323328 bytes (10.6%)
(RDMA_READ_CONSUME_CHECK_CONSUMER) timestamp=852 ms, used_size=4321280 bytes (10.6%)
(RDMA_READ_CONSUME_CHECK_CONSUMER) timestamp=852 ms, used_size=4319232 bytes (10.5%)
(RDMA_READ_CONSUME_CHECK_CONSUMER) timestamp=852 ms, used_size=4317184 bytes (10.5%)
(RDMA_READ_CONSUME_CHECK_CONSUMER) timestamp=852 ms, used_size=4315136 bytes (10.5%)
(RDMA_READ_CONSUME_CHECK_CONSUMER) timestamp=852 ms, used_size=4313088 bytes (10.5%)
(RDMA_READ_CONSUME_CHECK_CONSUMER) timestamp=852 ms, used_size=4311040 bytes (10.5%)
(RDMA_READ_CONSUME_CHECK_CONSUMER) timestamp=852 ms, used_size=4308992 bytes (10.5%)
(RDMA_READ_CONSUME_CHECK_CONSUMER) timestamp=852 ms, used_size=4306944 bytes (10.5%)
(RDMA_READ_CONSUME_CHECK_CONSUMER) timestamp=852 ms, used_size=4304896 bytes (10.5%)
(RDMA_READ_CONSUME_CHECK_CONSUMER) timestamp=852 ms, used_size=4302848 bytes (10.5%)
(RDMA_READ_CONSUME_CHECK_CONSUMER) timestamp=852 ms, used_size=4300800 bytes (10.5%)
(RDMA_READ_CONSUME_CHECK_CONSUMER) timestamp=852 ms, used_size=4298752 bytes (10.5%)
(RDMA_READ_CONSUME_CHECK_CONSUMER) timestamp=852 ms, used_size=4296704 bytes (10.5%)
(RDMA_READ_CONSUME_CHECK_CONSUMER) timestamp=852 ms, used_size=4294656 bytes (10.5%)
(RDMA_READ_CONSUME_CHECK_CONSUMER) timestamp=852 ms, used_size=4292608 bytes (10.5%)
(RDMA_READ_CONSUME_CHECK_CONSUMER) timestamp=852 ms, used_size=4290560 bytes (10.5%)
(RDMA_READ_CONSUME_CHECK_CONSUMER) timestamp=852 ms, used_size=4288512 bytes (10.5%)
(RDMA_READ_CONSUME_CHECK_CONSUMER) timestamp=852 ms, used_size=4286464 bytes (10.5%)
(RDMA_READ_CONSUME_CHECK_CONSUMER) timestamp=852 ms, used_size=4284416 bytes (10.5%)
(RDMA_READ_CONSUME_CHECK_CONSUMER) timestamp=852 ms, used_size=4282368 bytes (10.5%)
(RDMA_READ_CONSUME_CHECK_CONSUMER) timestamp=852 ms, used_size=4280320 bytes (10.4%)
(RDMA_READ_CONSUME_CHECK_CONSUMER) timestamp=852 ms, used_size=4278272 bytes (10.4%)
(RDMA_READ_CONSUME_CHECK_CONSUMER) timestamp=852 ms, used_size=4276224 bytes (10.4%)
(RDMA_READ_CONSUME_CHECK_CONSUMER) timestamp=852 ms, used_size=4274176 bytes (10.4%)
(RDMA_READ_CONSUME_CHECK_CONSUMER) timestamp=852 ms, used_size=4272128 bytes (10.4%)
(RDMA_READ_CONSUME_CHECK_CONSUMER) timestamp=852 ms, used_size=4270080 bytes (10.4%)
(RDMA_READ_CONSUME_CHECK_CONSUMER) timestamp=852 ms, used_size=4268032 bytes (10.4%)
(RDMA_READ_CONSUME_CHECK_CONSUMER) timestamp=852 ms, used_size=4265984 bytes (10.4%)
(RDMA_READ_CONSUME_CHECK_CONSUMER) timestamp=852 ms, used_size=4263936 bytes (10.4%)
(RDMA_READ_CONSUME_CHECK_CONSUMER) timestamp=852 ms, used_size=4261888 bytes (10.4%)
(RDMA_READ_CONSUME_CHECK_CONSUMER) timestamp=852 ms, used_size=4259840 bytes (10.4%)
(RDMA_READ_CONSUME_CHECK_CONSUMER) timestamp=852 ms, used_size=4257792 bytes (10.4%)
(RDMA_READ_CONSUME_CHECK_CONSUMER) timestamp=852 ms, used_size=4255744 bytes (10.4%)
(RDMA_READ_CONSUME_CHECK_CONSUMER) timestamp=852 ms, used_size=4253696 bytes (10.4%)
(RDMA_READ_CONSUME_CHECK_CONSUMER) timestamp=852 ms, used_size=4251648 bytes (10.4%)
(RDMA_READ_CONSUME_CHECK_CONSUMER) timestamp=852 ms, used_size=4249600 bytes (10.4%)
(RDMA_READ_CONSUME_CHECK_CONSUMER) timestamp=852 ms, used_size=4247552 bytes (10.4%)
(RDMA_READ_CONSUME_CHECK_CONSUMER) timestamp=852 ms, used_size=4245504 bytes (10.4%)
(RDMA_READ_CONSUME_CHECK_CONSUMER) timestamp=852 ms, used_size=4243456 bytes (10.4%)
(RDMA_READ_CONSUME_CHECK_CONSUMER) timestamp=852 ms, used_size=4241408 bytes (10.4%)
(RDMA_READ_CONSUME_CHECK_CONSUMER) timestamp=852 ms, used_size=4239360 bytes (10.3%)
(RDMA_READ_CONSUME_CHECK_CONSUMER) timestamp=852 ms, used_size=4237312 bytes (10.3%)
(RDMA_READ_CONSUME_CHECK_CONSUMER) timestamp=852 ms, used_size=4235264 bytes (10.3%)
(RDMA_READ_CONSUME_CHECK_CONSUMER) timestamp=852 ms, used_size=4233216 bytes (10.3%)
(RDMA_READ_CONSUME_CHECK_CONSUMER) timestamp=852 ms, used_size=4231168 bytes (10.3%)
(RDMA_READ_CONSUME_CHECK_CONSUMER) timestamp=852 ms, used_size=4229120 bytes (10.3%)
(RDMA_READ_CONSUME_CHECK_CONSUMER) timestamp=852 ms, used_size=4227072 bytes (10.3%)
(RDMA_READ_CONSUME_CHECK_CONSUMER) timestamp=852 ms, used_size=4225024 bytes (10.3%)
(RDMA_READ_CONSUME_CHECK_CONSUMER) timestamp=852 ms, used_size=4222976 bytes (10.3%)
(RDMA_READ_CONSUME_CHECK_CONSUMER) timestamp=852 ms, used_size=4220928 bytes (10.3%)
(RDMA_READ_CONSUME_CHECK_CONSUMER) timestamp=852 ms, used_size=4218880 bytes (10.3%)
(RDMA_READ_CONSUME_CHECK_CONSUMER) timestamp=852 ms, used_size=4216832 bytes (10.3%)
(RDMA_READ_CONSUME_CHECK_CONSUMER) timestamp=852 ms, used_size=4214784 bytes (10.3%)
(RDMA_READ_CONSUME_CHECK_CONSUMER) timestamp=852 ms, used_size=4212736 bytes (10.3%)
(RDMA_READ_CONSUME_CHECK_CONSUMER) timestamp=852 ms, used_size=4210688 bytes (10.3%)
(RDMA_READ_CONSUME_CHECK_CONSUMER) timestamp=852 ms, used_size=4208640 bytes (10.3%)
(RDMA_READ_CONSUME_CHECK_CONSUMER) timestamp=852 ms, used_size=4206592 bytes (10.3%)
(RDMA_READ_CONSUME_CHECK_CONSUMER) timestamp=852 ms, used_size=4204544 bytes (10.3%)
(RDMA_READ_CONSUME_CHECK_CONSUMER) timestamp=852 ms, used_size=4202496 bytes (10.3%)
(RDMA_READ_CONSUME_CHECK_CONSUMER) timestamp=852 ms, used_size=4200448 bytes (10.3%)
(RDMA_READ_CONSUME_CHECK_CONSUMER) timestamp=852 ms, used_size=4198400 bytes (10.2%)
(RDMA_READ_CONSUME_CHECK_CONSUMER) timestamp=852 ms, used_size=4196352 bytes (10.2%)
(RDMA_READ_CONSUME_CHECK_CONSUMER) timestamp=852 ms, used_size=4194304 bytes (10.2%)
(RDMA_READ_CONSUME_CHECK_CONSUMER) timestamp=852 ms, used_size=4192256 bytes (10.2%)
(RDMA_READ_CONSUME_CHECK_CONSUMER) timestamp=852 ms, used_size=4190208 bytes (10.2%)
(RDMA_READ_CONSUME_CHECK_CONSUMER) timestamp=852 ms, used_size=4188160 bytes (10.2%)
(RDMA_READ_CONSUME_CHECK_CONSUMER) timestamp=852 ms, used_size=4186112 bytes (10.2%)
(RDMA_READ_CONSUME_CHECK_CONSUMER) timestamp=852 ms, used_size=4184064 bytes (10.2%)
(RDMA_READ_CONSUME_CHECK_CONSUMER) timestamp=852 ms, used_size=4182016 bytes (10.2%)
(RDMA_READ_CONSUME_CHECK_CONSUMER) timestamp=852 ms, used_size=4179968 bytes (10.2%)
(RDMA_READ_CONSUME_CHECK_CONSUMER) timestamp=852 ms, used_size=4177920 bytes (10.2%)
(RDMA_READ_CONSUME_CHECK_CONSUMER) timestamp=852 ms, used_size=4175872 bytes (10.2%)
(RDMA_READ_CONSUME_CHECK_CONSUMER) timestamp=852 ms, used_size=4173824 bytes (10.2%)
(RDMA_READ_CONSUME_CHECK_CONSUMER) timestamp=852 ms, used_size=4171776 bytes (10.2%)
(RDMA_READ_CONSUME_CHECK_CONSUMER) timestamp=852 ms, used_size=4169728 bytes (10.2%)
(RDMA_READ_CONSUME_CHECK_CONSUMER) timestamp=852 ms, used_size=4167680 bytes (10.2%)
(RDMA_READ_CONSUME_CHECK_CONSUMER) timestamp=852 ms, used_size=4165632 bytes (10.2%)
(RDMA_READ_CONSUME_CHECK_CONSUMER) timestamp=852 ms, used_size=4163584 bytes (10.2%)
(RDMA_READ_CONSUME_CHECK_CONSUMER) timestamp=852 ms, used_size=4161536 bytes (10.2%)
(RDMA_READ_CONSUME_CHECK_CONSUMER) timestamp=852 ms, used_size=4159488 bytes (10.2%)
(RDMA_READ_CONSUME_CHECK_CONSUMER) timestamp=852 ms, used_size=4157440 bytes (10.2%)
(RDMA_READ_CONSUME_CHECK_CONSUMER) timestamp=852 ms, used_size=4155392 bytes (10.1%)
(RDMA_READ_CONSUME_CHECK_CONSUMER) timestamp=852 ms, used_size=4153344 bytes (10.1%)
(RDMA_READ_CONSUME_CHECK_CONSUMER) timestamp=852 ms, used_size=4151296 bytes (10.1%)
(RDMA_READ_CONSUME_CHECK_CONSUMER) timestamp=852 ms, used_size=4149248 bytes (10.1%)
(RDMA_READ_CONSUME_CHECK_CONSUMER) timestamp=852 ms, used_size=4147200 bytes (10.1%)
(RDMA_READ_CONSUME_CHECK_CONSUMER) timestamp=852 ms, used_size=4145152 bytes (10.1%)
(RDMA_READ_CONSUME_CHECK_CONSUMER) timestamp=852 ms, used_size=4143104 bytes (10.1%)
(RDMA_READ_CONSUME_CHECK_CONSUMER) timestamp=852 ms, used_size=4141056 bytes (10.1%)
(RDMA_READ_CONSUME_CHECK_CONSUMER) timestamp=852 ms, used_size=4139008 bytes (10.1%)
(RDMA_READ_CONSUME_CHECK_CONSUMER) timestamp=852 ms, used_size=4136960 bytes (10.1%)
(RDMA_READ_CONSUME_CHECK_CONSUMER) timestamp=852 ms, used_size=4134912 bytes (10.1%)
(RDMA_READ_CONSUME_CHECK_CONSUMER) timestamp=852 ms, used_size=4132864 bytes (10.1%)
(RDMA_READ_CONSUME_CHECK_CONSUMER) timestamp=852 ms, used_size=4130816 bytes (10.1%)
(RDMA_READ_CONSUME_CHECK_CONSUMER) timestamp=852 ms, used_size=4128768 bytes (10.1%)
(RDMA_READ_CONSUME_CHECK_CONSUMER) timestamp=852 ms, used_size=4126720 bytes (10.1%)
(RDMA_READ_CONSUME_CHECK_CONSUMER) timestamp=852 ms, used_size=4124672 bytes (10.1%)
(RDMA_READ_CONSUME_CHECK_CONSUMER) timestamp=852 ms, used_size=4122624 bytes (10.1%)
(RDMA_READ_CONSUME_CHECK_CONSUMER) timestamp=852 ms, used_size=4120576 bytes (10.1%)
(RDMA_READ_CONSUME_CHECK_CONSUMER) timestamp=852 ms, used_size=4118528 bytes (10.1%)
(RDMA_READ_CONSUME_CHECK_CONSUMER) timestamp=852 ms, used_size=4116480 bytes (10.1%)
(RDMA_READ_CONSUME_CHECK_CONSUMER) timestamp=852 ms, used_size=4114432 bytes (10.0%)
(RDMA_READ_CONSUME_CHECK_CONSUMER) timestamp=852 ms, used_size=4112384 bytes (10.0%)
(RDMA_READ_CONSUME_CHECK_CONSUMER) timestamp=852 ms, used_size=4110336 bytes (10.0%)
(RDMA_READ_CONSUME_CHECK_CONSUMER) timestamp=852 ms, used_size=4108288 bytes (10.0%)
(RDMA_READ_CONSUME_CHECK_CONSUMER) timestamp=852 ms, used_size=4106240 bytes (10.0%)
(RDMA_READ_CONSUME_CHECK_CONSUMER) timestamp=852 ms, used_size=4104192 bytes (10.0%)
(RDMA_READ_CONSUME_CHECK_CONSUMER) timestamp=852 ms, used_size=4102144 bytes (10.0%)
(RDMA_READ_CONSUME_CHECK_CONSUMER) timestamp=852 ms, used_size=4100096 bytes (10.0%)
(RDMA_READ_CONSUME_CHECK_CONSUMER) timestamp=852 ms, used_size=4098048 bytes (10.0%)
(RDMA_READ_CONSUME_CHECK_CONSUMER) timestamp=852 ms, used_size=4096000 bytes (10.0%)
(RDMA_READ_CONSUME_CHECK_CONSUMER) timestamp=852 ms, used_size=4093952 bytes (10.0%)
(RDMA_READ_CONSUME_CHECK_CONSUMER) timestamp=852 ms, used_size=4091904 bytes (10.0%)
(RDMA_READ_CONSUME_CHECK_CONSUMER) timestamp=852 ms, used_size=4089856 bytes (10.0%)
(RDMA_READ_CONSUME_CHECK_CONSUMER) timestamp=852 ms, used_size=4087808 bytes (10.0%)
(RDMA_READ_CONSUME_CHECK_CONSUMER) timestamp=852 ms, used_size=4085760 bytes (10.0%)
(RDMA_READ_CONSUME_CHECK_CONSUMER) timestamp=852 ms, used_size=4083712 bytes (10.0%)
(RDMA_READ_CONSUME_CHECK_CONSUMER) timestamp=852 ms, used_size=4081664 bytes (10.0%)
(RDMA_READ_CONSUME_CHECK_CONSUMER) timestamp=852 ms, used_size=4079616 bytes (10.0%)
(RDMA_READ_CONSUME_CHECK_CONSUMER) timestamp=852 ms, used_size=4077568 bytes (10.0%)
(RDMA_READ_CONSUME_CHECK_CONSUMER) timestamp=852 ms, used_size=4075520 bytes (9.9%)
(RDMA_READ_CONSUME_CHECK_CONSUMER) timestamp=852 ms, used_size=4073472 bytes (9.9%)
(RDMA_READ_CONSUME_CHECK_CONSUMER) timestamp=852 ms, used_size=4071424 bytes (9.9%)
(RDMA_READ_CONSUME_CHECK_CONSUMER) timestamp=852 ms, used_size=4069376 bytes (9.9%)
(RDMA_READ_CONSUME_CHECK_CONSUMER) timestamp=852 ms, used_size=4067328 bytes (9.9%)
(RDMA_READ_CONSUME_CHECK_CONSUMER) timestamp=852 ms, used_size=4065280 bytes (9.9%)
(RDMA_READ_CONSUME_CHECK_CONSUMER) timestamp=852 ms, used_size=4063232 bytes (9.9%)
(RDMA_READ_CONSUME_CHECK_CONSUMER) timestamp=852 ms, used_size=4061184 bytes (9.9%)
(RDMA_READ_CONSUME_CHECK_CONSUMER) timestamp=852 ms, used_size=4059136 bytes (9.9%)
(RDMA_READ_CONSUME_CHECK_CONSUMER) timestamp=852 ms, used_size=4057088 bytes (9.9%)
(RDMA_READ_CONSUME_CHECK_CONSUMER) timestamp=852 ms, used_size=4055040 bytes (9.9%)
(RDMA_READ_CONSUME_CHECK_CONSUMER) timestamp=852 ms, used_size=4052992 bytes (9.9%)
(RDMA_READ_CONSUME_CHECK_CONSUMER) timestamp=852 ms, used_size=4050944 bytes (9.9%)
(RDMA_READ_CONSUME_CHECK_CONSUMER) timestamp=852 ms, used_size=4048896 bytes (9.9%)
(RDMA_READ_CONSUME_CHECK_CONSUMER) timestamp=852 ms, used_size=4046848 bytes (9.9%)
(RDMA_READ_CONSUME_CHECK_CONSUMER) timestamp=852 ms, used_size=4044800 bytes (9.9%)
(RDMA_READ_CONSUME_CHECK_CONSUMER) timestamp=852 ms, used_size=4042752 bytes (9.9%)
(RDMA_READ_CONSUME_CHECK_CONSUMER) timestamp=852 ms, used_size=4040704 bytes (9.9%)
(RDMA_READ_CONSUME_CHECK_CONSUMER) timestamp=852 ms, used_size=4038656 bytes (9.9%)
(RDMA_READ_CONSUME_CHECK_CONSUMER) timestamp=852 ms, used_size=4036608 bytes (9.9%)
(RDMA_READ_CONSUME_CHECK_CONSUMER) timestamp=853 ms, used_size=4034560 bytes (9.8%)
(RDMA_READ_CONSUME_CHECK_CONSUMER) timestamp=853 ms, used_size=4032512 bytes (9.8%)
(RDMA_READ_CONSUME_CHECK_CONSUMER) timestamp=853 ms, used_size=4030464 bytes (9.8%)
(RDMA_READ_CONSUME_CHECK_CONSUMER) timestamp=853 ms, used_size=4028416 bytes (9.8%)
(RDMA_READ_CONSUME_CHECK_CONSUMER) timestamp=853 ms, used_size=4026368 bytes (9.8%)
(RDMA_READ_CONSUME_CHECK_CONSUMER) timestamp=853 ms, used_size=4024320 bytes (9.8%)
(RDMA_READ_CONSUME_CHECK_CONSUMER) timestamp=853 ms, used_size=4022272 bytes (9.8%)
(RDMA_READ_CONSUME_CHECK_CONSUMER) timestamp=853 ms, used_size=4020224 bytes (9.8%)
(RDMA_READ_CONSUME_CHECK_CONSUMER) timestamp=853 ms, used_size=4018176 bytes (9.8%)
(RDMA_READ_CONSUME_CHECK_CONSUMER) timestamp=853 ms, used_size=4016128 bytes (9.8%)
(RDMA_READ_CONSUME_CHECK_CONSUMER) timestamp=853 ms, used_size=4014080 bytes (9.8%)
(RDMA_READ_CONSUME_CHECK_CONSUMER) timestamp=853 ms, used_size=4012032 bytes (9.8%)
(RDMA_READ_CONSUME_CHECK_CONSUMER) timestamp=853 ms, used_size=4009984 bytes (9.8%)
(RDMA_READ_CONSUME_CHECK_CONSUMER) timestamp=853 ms, used_size=4007936 bytes (9.8%)
(RDMA_READ_CONSUME_CHECK_CONSUMER) timestamp=853 ms, used_size=4005888 bytes (9.8%)
(RDMA_READ_CONSUME_CHECK_CONSUMER) timestamp=853 ms, used_size=4003840 bytes (9.8%)
(RDMA_READ_CONSUME_CHECK_CONSUMER) timestamp=853 ms, used_size=4001792 bytes (9.8%)
(RDMA_READ_CONSUME_CHECK_CONSUMER) timestamp=853 ms, used_size=3999744 bytes (9.8%)
(RDMA_READ_CONSUME_CHECK_CONSUMER) timestamp=853 ms, used_size=3997696 bytes (9.8%)
(RDMA_READ_CONSUME_CHECK_CONSUMER) timestamp=853 ms, used_size=3995648 bytes (9.8%)
(RDMA_READ_CONSUME_CHECK_CONSUMER) timestamp=853 ms, used_size=3993600 bytes (9.8%)
(RDMA_READ_CONSUME_CHECK_CONSUMER) timestamp=853 ms, used_size=3991552 bytes (9.7%)
(RDMA_READ_CONSUME_CHECK_CONSUMER) timestamp=853 ms, used_size=3989504 bytes (9.7%)
(RDMA_READ_CONSUME_CHECK_CONSUMER) timestamp=853 ms, used_size=3987456 bytes (9.7%)
(RDMA_READ_CONSUME_CHECK_CONSUMER) timestamp=853 ms, used_size=3985408 bytes (9.7%)
(RDMA_READ_CONSUME_CHECK_CONSUMER) timestamp=853 ms, used_size=3983360 bytes (9.7%)
(RDMA_READ_CONSUME_CHECK_CONSUMER) timestamp=853 ms, used_size=3981312 bytes (9.7%)
(RDMA_READ_CONSUME_CHECK_CONSUMER) timestamp=853 ms, used_size=3979264 bytes (9.7%)
(RDMA_READ_CONSUME_CHECK_CONSUMER) timestamp=853 ms, used_size=3977216 bytes (9.7%)
(RDMA_READ_CONSUME_CHECK_CONSUMER) timestamp=853 ms, used_size=3975168 bytes (9.7%)
(RDMA_READ_CONSUME_CHECK_CONSUMER) timestamp=853 ms, used_size=3973120 bytes (9.7%)
(RDMA_READ_CONSUME_CHECK_CONSUMER) timestamp=853 ms, used_size=3971072 bytes (9.7%)
(RDMA_READ_CONSUME_CHECK_CONSUMER) timestamp=853 ms, used_size=3969024 bytes (9.7%)
(RDMA_READ_CONSUME_CHECK_CONSUMER) timestamp=853 ms, used_size=3966976 bytes (9.7%)
(RDMA_READ_CONSUME_CHECK_CONSUMER) timestamp=853 ms, used_size=3964928 bytes (9.7%)
(RDMA_READ_CONSUME_CHECK_CONSUMER) timestamp=853 ms, used_size=3962880 bytes (9.7%)
(RDMA_READ_CONSUME_CHECK_CONSUMER) timestamp=853 ms, used_size=3960832 bytes (9.7%)
(RDMA_READ_CONSUME_CHECK_CONSUMER) timestamp=853 ms, used_size=3958784 bytes (9.7%)
(RDMA_READ_CONSUME_CHECK_CONSUMER) timestamp=853 ms, used_size=3956736 bytes (9.7%)
(RDMA_READ_CONSUME_CHECK_CONSUMER) timestamp=853 ms, used_size=3954688 bytes (9.7%)
(RDMA_READ_CONSUME_CHECK_CONSUMER) timestamp=853 ms, used_size=3952640 bytes (9.7%)
(RDMA_READ_CONSUME_CHECK_CONSUMER) timestamp=853 ms, used_size=3950592 bytes (9.6%)
(RDMA_READ_CONSUME_CHECK_CONSUMER) timestamp=853 ms, used_size=3948544 bytes (9.6%)
(RDMA_READ_CONSUME_CHECK_CONSUMER) timestamp=853 ms, used_size=3946496 bytes (9.6%)
(RDMA_READ_CONSUME_CHECK_CONSUMER) timestamp=853 ms, used_size=3944448 bytes (9.6%)
(RDMA_READ_CONSUME_CHECK_CONSUMER) timestamp=853 ms, used_size=3942400 bytes (9.6%)
(RDMA_READ_CONSUME_CHECK_CONSUMER) timestamp=853 ms, used_size=3940352 bytes (9.6%)
(RDMA_READ_CONSUME_CHECK_CONSUMER) timestamp=853 ms, used_size=3938304 bytes (9.6%)
(RDMA_READ_CONSUME_CHECK_CONSUMER) timestamp=853 ms, used_size=3936256 bytes (9.6%)
(RDMA_READ_CONSUME_CHECK_CONSUMER) timestamp=853 ms, used_size=3934208 bytes (9.6%)
(RDMA_READ_CONSUME_CHECK_CONSUMER) timestamp=853 ms, used_size=3932160 bytes (9.6%)
(RDMA_READ_CONSUME_CHECK_CONSUMER) timestamp=853 ms, used_size=3930112 bytes (9.6%)
(RDMA_READ_CONSUME_CHECK_CONSUMER) timestamp=853 ms, used_size=3928064 bytes (9.6%)
(RDMA_READ_CONSUME_CHECK_CONSUMER) timestamp=853 ms, used_size=3926016 bytes (9.6%)
(RDMA_READ_CONSUME_CHECK_CONSUMER) timestamp=853 ms, used_size=3923968 bytes (9.6%)
(RDMA_READ_CONSUME_CHECK_CONSUMER) timestamp=853 ms, used_size=3921920 bytes (9.6%)
(RDMA_READ_CONSUME_CHECK_CONSUMER) timestamp=853 ms, used_size=3919872 bytes (9.6%)
(RDMA_READ_CONSUME_CHECK_CONSUMER) timestamp=853 ms, used_size=3917824 bytes (9.6%)
(RDMA_READ_CONSUME_CHECK_CONSUMER) timestamp=853 ms, used_size=3915776 bytes (9.6%)
(RDMA_READ_CONSUME_CHECK_CONSUMER) timestamp=853 ms, used_size=3913728 bytes (9.6%)
(RDMA_READ_CONSUME_CHECK_CONSUMER) timestamp=853 ms, used_size=3911680 bytes (9.6%)
(RDMA_READ_CONSUME_CHECK_CONSUMER) timestamp=853 ms, used_size=3909632 bytes (9.5%)
(RDMA_READ_CONSUME_CHECK_CONSUMER) timestamp=853 ms, used_size=3907584 bytes (9.5%)
(RDMA_READ_CONSUME_CHECK_CONSUMER) timestamp=853 ms, used_size=3905536 bytes (9.5%)
(RDMA_READ_CONSUME_CHECK_CONSUMER) timestamp=853 ms, used_size=3903488 bytes (9.5%)
(RDMA_READ_CONSUME_CHECK_CONSUMER) timestamp=853 ms, used_size=3901440 bytes (9.5%)
(RDMA_READ_CONSUME_CHECK_CONSUMER) timestamp=853 ms, used_size=3899392 bytes (9.5%)
(RDMA_READ_CONSUME_CHECK_CONSUMER) timestamp=853 ms, used_size=3897344 bytes (9.5%)
(RDMA_READ_CONSUME_CHECK_CONSUMER) timestamp=853 ms, used_size=3895296 bytes (9.5%)
(RDMA_READ_CONSUME_CHECK_CONSUMER) timestamp=853 ms, used_size=3893248 bytes (9.5%)
(RDMA_READ_CONSUME_CHECK_CONSUMER) timestamp=853 ms, used_size=3891200 bytes (9.5%)
(RDMA_READ_CONSUME_CHECK_CONSUMER) timestamp=853 ms, used_size=3889152 bytes (9.5%)
(RDMA_READ_CONSUME_CHECK_CONSUMER) timestamp=853 ms, used_size=3887104 bytes (9.5%)
(RDMA_READ_CONSUME_CHECK_CONSUMER) timestamp=853 ms, used_size=3885056 bytes (9.5%)
(RDMA_READ_CONSUME_CHECK_CONSUMER) timestamp=853 ms, used_size=3883008 bytes (9.5%)
(RDMA_READ_CONSUME_CHECK_CONSUMER) timestamp=853 ms, used_size=3880960 bytes (9.5%)
(RDMA_READ_CONSUME_CHECK_CONSUMER) timestamp=853 ms, used_size=3878912 bytes (9.5%)
(RDMA_READ_CONSUME_CHECK_CONSUMER) timestamp=853 ms, used_size=3876864 bytes (9.5%)
(RDMA_READ_CONSUME_CHECK_CONSUMER) timestamp=853 ms, used_size=3874816 bytes (9.5%)
(RDMA_READ_CONSUME_CHECK_CONSUMER) timestamp=853 ms, used_size=3872768 bytes (9.5%)
(RDMA_READ_CONSUME_CHECK_CONSUMER) timestamp=853 ms, used_size=3870720 bytes (9.4%)
(RDMA_READ_CONSUME_CHECK_CONSUMER) timestamp=853 ms, used_size=3868672 bytes (9.4%)
(RDMA_READ_CONSUME_CHECK_CONSUMER) timestamp=853 ms, used_size=3866624 bytes (9.4%)
(RDMA_READ_CONSUME_CHECK_CONSUMER) timestamp=853 ms, used_size=3864576 bytes (9.4%)
(RDMA_READ_CONSUME_CHECK_CONSUMER) timestamp=853 ms, used_size=3862528 bytes (9.4%)
(RDMA_READ_CONSUME_CHECK_CONSUMER) timestamp=853 ms, used_size=3860480 bytes (9.4%)
(RDMA_READ_CONSUME_CHECK_CONSUMER) timestamp=853 ms, used_size=3858432 bytes (9.4%)
(RDMA_READ_CONSUME_CHECK_CONSUMER) timestamp=853 ms, used_size=3856384 bytes (9.4%)
(RDMA_READ_CONSUME_CHECK_CONSUMER) timestamp=853 ms, used_size=3854336 bytes (9.4%)
(RDMA_READ_CONSUME_CHECK_CONSUMER) timestamp=853 ms, used_size=3852288 bytes (9.4%)
(RDMA_READ_CONSUME_CHECK_CONSUMER) timestamp=853 ms, used_size=3850240 bytes (9.4%)
(RDMA_READ_CONSUME_CHECK_CONSUMER) timestamp=853 ms, used_size=3848192 bytes (9.4%)
(RDMA_READ_CONSUME_CHECK_CONSUMER) timestamp=853 ms, used_size=3846144 bytes (9.4%)
(RDMA_READ_CONSUME_CHECK_CONSUMER) timestamp=853 ms, used_size=3844096 bytes (9.4%)
(RDMA_READ_CONSUME_CHECK_CONSUMER) timestamp=853 ms, used_size=3842048 bytes (9.4%)
(RDMA_READ_CONSUME_CHECK_CONSUMER) timestamp=853 ms, used_size=3840000 bytes (9.4%)
(RDMA_READ_CONSUME_CHECK_CONSUMER) timestamp=853 ms, used_size=3837952 bytes (9.4%)
(RDMA_READ_CONSUME_CHECK_CONSUMER) timestamp=853 ms, used_size=3835904 bytes (9.4%)
(RDMA_READ_CONSUME_CHECK_CONSUMER) timestamp=853 ms, used_size=3833856 bytes (9.4%)
(RDMA_READ_CONSUME_CHECK_CONSUMER) timestamp=853 ms, used_size=3831808 bytes (9.4%)
(RDMA_READ_CONSUME_CHECK_CONSUMER) timestamp=853 ms, used_size=3829760 bytes (9.3%)
(RDMA_READ_CONSUME_CHECK_CONSUMER) timestamp=853 ms, used_size=3827712 bytes (9.3%)
(RDMA_READ_CONSUME_CHECK_CONSUMER) timestamp=853 ms, used_size=3825664 bytes (9.3%)
(RDMA_READ_CONSUME_CHECK_CONSUMER) timestamp=853 ms, used_size=3823616 bytes (9.3%)
(RDMA_READ_CONSUME_CHECK_CONSUMER) timestamp=853 ms, used_size=3821568 bytes (9.3%)
(RDMA_READ_CONSUME_CHECK_CONSUMER) timestamp=853 ms, used_size=3819520 bytes (9.3%)
(RDMA_READ_CONSUME_CHECK_CONSUMER) timestamp=853 ms, used_size=3817472 bytes (9.3%)
(RDMA_READ_CONSUME_CHECK_CONSUMER) timestamp=853 ms, used_size=3815424 bytes (9.3%)
(RDMA_READ_CONSUME_CHECK_CONSUMER) timestamp=853 ms, used_size=3813376 bytes (9.3%)
(RDMA_READ_CONSUME_CHECK_CONSUMER) timestamp=853 ms, used_size=3811328 bytes (9.3%)
(RDMA_READ_CONSUME_CHECK_CONSUMER) timestamp=853 ms, used_size=3809280 bytes (9.3%)
(RDMA_READ_CONSUME_CHECK_CONSUMER) timestamp=853 ms, used_size=3807232 bytes (9.3%)
(RDMA_READ_CONSUME_CHECK_CONSUMER) timestamp=853 ms, used_size=3805184 bytes (9.3%)
(RDMA_READ_CONSUME_CHECK_CONSUMER) timestamp=853 ms, used_size=3803136 bytes (9.3%)
(RDMA_READ_CONSUME_CHECK_CONSUMER) timestamp=853 ms, used_size=3801088 bytes (9.3%)
(RDMA_READ_CONSUME_CHECK_CONSUMER) timestamp=853 ms, used_size=3799040 bytes (9.3%)
(RDMA_READ_CONSUME_CHECK_CONSUMER) timestamp=853 ms, used_size=3796992 bytes (9.3%)
(RDMA_READ_CONSUME_CHECK_CONSUMER) timestamp=853 ms, used_size=3794944 bytes (9.3%)
(RDMA_READ_CONSUME_CHECK_CONSUMER) timestamp=853 ms, used_size=3792896 bytes (9.3%)
(RDMA_READ_CONSUME_CHECK_CONSUMER) timestamp=853 ms, used_size=3790848 bytes (9.3%)
(RDMA_READ_CONSUME_CHECK_CONSUMER) timestamp=853 ms, used_size=3788800 bytes (9.2%)
(RDMA_READ_CONSUME_CHECK_CONSUMER) timestamp=853 ms, used_size=3786752 bytes (9.2%)
(RDMA_READ_CONSUME_CHECK_CONSUMER) timestamp=853 ms, used_size=3784704 bytes (9.2%)
(RDMA_READ_CONSUME_CHECK_CONSUMER) timestamp=853 ms, used_size=3782656 bytes (9.2%)
(RDMA_READ_CONSUME_CHECK_CONSUMER) timestamp=853 ms, used_size=3780608 bytes (9.2%)
(RDMA_READ_CONSUME_CHECK_CONSUMER) timestamp=853 ms, used_size=3778560 bytes (9.2%)
(RDMA_READ_CONSUME_CHECK_CONSUMER) timestamp=853 ms, used_size=3776512 bytes (9.2%)
(RDMA_READ_CONSUME_CHECK_CONSUMER) timestamp=853 ms, used_size=3774464 bytes (9.2%)
(RDMA_READ_CONSUME_CHECK_CONSUMER) timestamp=853 ms, used_size=3772416 bytes (9.2%)
(RDMA_READ_CONSUME_CHECK_CONSUMER) timestamp=853 ms, used_size=3770368 bytes (9.2%)
(RDMA_READ_CONSUME_CHECK_CONSUMER) timestamp=853 ms, used_size=3768320 bytes (9.2%)
(RDMA_READ_CONSUME_CHECK_CONSUMER) timestamp=853 ms, used_size=3766272 bytes (9.2%)
(RDMA_READ_CONSUME_CHECK_CONSUMER) timestamp=853 ms, used_size=3764224 bytes (9.2%)
(RDMA_READ_CONSUME_CHECK_CONSUMER) timestamp=853 ms, used_size=3762176 bytes (9.2%)
(RDMA_READ_CONSUME_CHECK_CONSUMER) timestamp=853 ms, used_size=3760128 bytes (9.2%)
(RDMA_READ_CONSUME_CHECK_CONSUMER) timestamp=853 ms, used_size=3758080 bytes (9.2%)
(RDMA_READ_CONSUME_CHECK_CONSUMER) timestamp=853 ms, used_size=3756032 bytes (9.2%)
(RDMA_READ_CONSUME_CHECK_CONSUMER) timestamp=853 ms, used_size=3753984 bytes (9.2%)
(RDMA_READ_CONSUME_CHECK_CONSUMER) timestamp=853 ms, used_size=3751936 bytes (9.2%)
(RDMA_READ_CONSUME_CHECK_CONSUMER) timestamp=853 ms, used_size=3749888 bytes (9.2%)
(RDMA_READ_CONSUME_CHECK_CONSUMER) timestamp=853 ms, used_size=3747840 bytes (9.2%)
(RDMA_READ_CONSUME_CHECK_CONSUMER) timestamp=853 ms, used_size=3745792 bytes (9.1%)
(RDMA_READ_CONSUME_CHECK_CONSUMER) timestamp=853 ms, used_size=3743744 bytes (9.1%)
(RDMA_READ_CONSUME_CHECK_CONSUMER) timestamp=853 ms, used_size=3741696 bytes (9.1%)
(RDMA_READ_CONSUME_CHECK_CONSUMER) timestamp=853 ms, used_size=3739648 bytes (9.1%)
(RDMA_READ_CONSUME_CHECK_CONSUMER) timestamp=853 ms, used_size=3737600 bytes (9.1%)
(RDMA_READ_CONSUME_CHECK_CONSUMER) timestamp=853 ms, used_size=3735552 bytes (9.1%)
(RDMA_READ_CONSUME_CHECK_CONSUMER) timestamp=853 ms, used_size=3733504 bytes (9.1%)
(RDMA_READ_CONSUME_CHECK_CONSUMER) timestamp=853 ms, used_size=3731456 bytes (9.1%)
(RDMA_READ_CONSUME_CHECK_CONSUMER) timestamp=853 ms, used_size=3729408 bytes (9.1%)
(RDMA_READ_CONSUME_CHECK_CONSUMER) timestamp=853 ms, used_size=3727360 bytes (9.1%)
(RDMA_READ_CONSUME_CHECK_CONSUMER) timestamp=853 ms, used_size=3725312 bytes (9.1%)
(RDMA_READ_CONSUME_CHECK_CONSUMER) timestamp=853 ms, used_size=3723264 bytes (9.1%)
(RDMA_READ_CONSUME_CHECK_CONSUMER) timestamp=853 ms, used_size=3721216 bytes (9.1%)
(RDMA_READ_CONSUME_CHECK_CONSUMER) timestamp=853 ms, used_size=3719168 bytes (9.1%)
(RDMA_READ_CONSUME_CHECK_CONSUMER) timestamp=853 ms, used_size=3717120 bytes (9.1%)
(RDMA_READ_CONSUME_CHECK_CONSUMER) timestamp=853 ms, used_size=3715072 bytes (9.1%)
(RDMA_READ_CONSUME_CHECK_CONSUMER) timestamp=853 ms, used_size=3713024 bytes (9.1%)
(RDMA_READ_CONSUME_CHECK_CONSUMER) timestamp=853 ms, used_size=3710976 bytes (9.1%)
(RDMA_READ_CONSUME_CHECK_CONSUMER) timestamp=853 ms, used_size=3708928 bytes (9.1%)
(RDMA_READ_CONSUME_CHECK_CONSUMER) timestamp=853 ms, used_size=3706880 bytes (9.1%)
(RDMA_READ_CONSUME_CHECK_CONSUMER) timestamp=853 ms, used_size=3704832 bytes (9.0%)
(RDMA_READ_CONSUME_CHECK_CONSUMER) timestamp=853 ms, used_size=3702784 bytes (9.0%)
(RDMA_READ_CONSUME_CHECK_CONSUMER) timestamp=853 ms, used_size=3700736 bytes (9.0%)
(RDMA_READ_CONSUME_CHECK_CONSUMER) timestamp=853 ms, used_size=3698688 bytes (9.0%)
(RDMA_READ_CONSUME_CHECK_CONSUMER) timestamp=853 ms, used_size=3696640 bytes (9.0%)
(RDMA_READ_CONSUME_CHECK_CONSUMER) timestamp=853 ms, used_size=3694592 bytes (9.0%)
(RDMA_READ_CONSUME_CHECK_CONSUMER) timestamp=853 ms, used_size=3692544 bytes (9.0%)
(RDMA_READ_CONSUME_CHECK_CONSUMER) timestamp=853 ms, used_size=3690496 bytes (9.0%)
(RDMA_READ_CONSUME_CHECK_CONSUMER) timestamp=853 ms, used_size=3688448 bytes (9.0%)
(RDMA_READ_CONSUME_CHECK_CONSUMER) timestamp=853 ms, used_size=3686400 bytes (9.0%)
(RDMA_READ_CONSUME_CHECK_CONSUMER) timestamp=853 ms, used_size=3684352 bytes (9.0%)
(RDMA_READ_CONSUME_CHECK_CONSUMER) timestamp=853 ms, used_size=3682304 bytes (9.0%)
(RDMA_READ_CONSUME_CHECK_CONSUMER) timestamp=853 ms, used_size=3680256 bytes (9.0%)
(RDMA_READ_CONSUME_CHECK_CONSUMER) timestamp=853 ms, used_size=3678208 bytes (9.0%)
(RDMA_READ_CONSUME_CHECK_CONSUMER) timestamp=853 ms, used_size=3676160 bytes (9.0%)
(RDMA_READ_CONSUME_CHECK_CONSUMER) timestamp=853 ms, used_size=3674112 bytes (9.0%)
(RDMA_READ_CONSUME_CHECK_CONSUMER) timestamp=853 ms, used_size=3672064 bytes (9.0%)
(RDMA_READ_CONSUME_CHECK_CONSUMER) timestamp=853 ms, used_size=3670016 bytes (9.0%)
(RDMA_READ_CONSUME_CHECK_CONSUMER) timestamp=853 ms, used_size=3667968 bytes (9.0%)
(RDMA_READ_CONSUME_CHECK_CONSUMER) timestamp=853 ms, used_size=3665920 bytes (8.9%)
(RDMA_READ_CONSUME_CHECK_CONSUMER) timestamp=853 ms, used_size=3663872 bytes (8.9%)
(RDMA_READ_CONSUME_CHECK_CONSUMER) timestamp=854 ms, used_size=3661824 bytes (8.9%)
(RDMA_READ_CONSUME_CHECK_CONSUMER) timestamp=854 ms, used_size=3659776 bytes (8.9%)
(RDMA_READ_CONSUME_CHECK_CONSUMER) timestamp=854 ms, used_size=3657728 bytes (8.9%)
(RDMA_READ_CONSUME_CHECK_CONSUMER) timestamp=854 ms, used_size=3655680 bytes (8.9%)
(RDMA_READ_CONSUME_CHECK_CONSUMER) timestamp=854 ms, used_size=3653632 bytes (8.9%)
(RDMA_READ_CONSUME_CHECK_CONSUMER) timestamp=854 ms, used_size=3651584 bytes (8.9%)
(RDMA_READ_CONSUME_CHECK_CONSUMER) timestamp=854 ms, used_size=3649536 bytes (8.9%)
(RDMA_READ_CONSUME_CHECK_CONSUMER) timestamp=854 ms, used_size=3647488 bytes (8.9%)
(RDMA_READ_CONSUME_CHECK_CONSUMER) timestamp=854 ms, used_size=3645440 bytes (8.9%)
(RDMA_READ_CONSUME_CHECK_CONSUMER) timestamp=854 ms, used_size=3643392 bytes (8.9%)
(RDMA_READ_CONSUME_CHECK_CONSUMER) timestamp=854 ms, used_size=3641344 bytes (8.9%)
(RDMA_READ_CONSUME_CHECK_CONSUMER) timestamp=854 ms, used_size=3639296 bytes (8.9%)
(RDMA_READ_CONSUME_CHECK_CONSUMER) timestamp=854 ms, used_size=3637248 bytes (8.9%)
(RDMA_READ_CONSUME_CHECK_CONSUMER) timestamp=854 ms, used_size=3635200 bytes (8.9%)
(RDMA_READ_CONSUME_CHECK_CONSUMER) timestamp=854 ms, used_size=3633152 bytes (8.9%)
(RDMA_READ_CONSUME_CHECK_CONSUMER) timestamp=854 ms, used_size=3631104 bytes (8.9%)
(RDMA_READ_CONSUME_CHECK_CONSUMER) timestamp=854 ms, used_size=3629056 bytes (8.9%)
(RDMA_READ_CONSUME_CHECK_CONSUMER) timestamp=854 ms, used_size=3627008 bytes (8.9%)
(RDMA_READ_CONSUME_CHECK_CONSUMER) timestamp=854 ms, used_size=3624960 bytes (8.8%)
(RDMA_READ_CONSUME_CHECK_CONSUMER) timestamp=854 ms, used_size=3622912 bytes (8.8%)
(RDMA_READ_CONSUME_CHECK_CONSUMER) timestamp=854 ms, used_size=3620864 bytes (8.8%)
(RDMA_READ_CONSUME_CHECK_CONSUMER) timestamp=854 ms, used_size=3618816 bytes (8.8%)
(RDMA_READ_CONSUME_CHECK_CONSUMER) timestamp=854 ms, used_size=3616768 bytes (8.8%)
(RDMA_READ_CONSUME_CHECK_CONSUMER) timestamp=854 ms, used_size=3614720 bytes (8.8%)
(RDMA_READ_CONSUME_CHECK_CONSUMER) timestamp=854 ms, used_size=3612672 bytes (8.8%)
(RDMA_READ_CONSUME_CHECK_CONSUMER) timestamp=854 ms, used_size=3610624 bytes (8.8%)
(RDMA_READ_CONSUME_CHECK_CONSUMER) timestamp=854 ms, used_size=3608576 bytes (8.8%)
(RDMA_READ_CONSUME_CHECK_CONSUMER) timestamp=854 ms, used_size=3606528 bytes (8.8%)
(RDMA_READ_CONSUME_CHECK_CONSUMER) timestamp=854 ms, used_size=3604480 bytes (8.8%)
(RDMA_READ_CONSUME_CHECK_CONSUMER) timestamp=854 ms, used_size=3602432 bytes (8.8%)
(RDMA_READ_CONSUME_CHECK_CONSUMER) timestamp=854 ms, used_size=3600384 bytes (8.8%)
(RDMA_READ_CONSUME_CHECK_CONSUMER) timestamp=854 ms, used_size=3598336 bytes (8.8%)
(RDMA_READ_CONSUME_CHECK_CONSUMER) timestamp=854 ms, used_size=3596288 bytes (8.8%)
(RDMA_READ_CONSUME_CHECK_CONSUMER) timestamp=854 ms, used_size=3594240 bytes (8.8%)
(RDMA_READ_CONSUME_CHECK_CONSUMER) timestamp=854 ms, used_size=3592192 bytes (8.8%)
(RDMA_READ_CONSUME_CHECK_CONSUMER) timestamp=854 ms, used_size=3590144 bytes (8.8%)
(RDMA_READ_CONSUME_CHECK_CONSUMER) timestamp=854 ms, used_size=3588096 bytes (8.8%)
(RDMA_READ_CONSUME_CHECK_CONSUMER) timestamp=854 ms, used_size=3586048 bytes (8.8%)
(RDMA_READ_CONSUME_CHECK_CONSUMER) timestamp=854 ms, used_size=3584000 bytes (8.8%)
(RDMA_READ_CONSUME_CHECK_CONSUMER) timestamp=854 ms, used_size=3581952 bytes (8.7%)
(RDMA_READ_CONSUME_CHECK_CONSUMER) timestamp=854 ms, used_size=3579904 bytes (8.7%)
(RDMA_READ_CONSUME_CHECK_CONSUMER) timestamp=854 ms, used_size=3577856 bytes (8.7%)
(RDMA_READ_CONSUME_CHECK_CONSUMER) timestamp=854 ms, used_size=3575808 bytes (8.7%)
(RDMA_READ_CONSUME_CHECK_CONSUMER) timestamp=854 ms, used_size=3573760 bytes (8.7%)
(RDMA_READ_CONSUME_CHECK_CONSUMER) timestamp=854 ms, used_size=3571712 bytes (8.7%)
(RDMA_READ_CONSUME_CHECK_CONSUMER) timestamp=854 ms, used_size=3569664 bytes (8.7%)
(RDMA_READ_CONSUME_CHECK_CONSUMER) timestamp=854 ms, used_size=3567616 bytes (8.7%)
(RDMA_READ_CONSUME_CHECK_CONSUMER) timestamp=854 ms, used_size=3565568 bytes (8.7%)
(RDMA_READ_CONSUME_CHECK_CONSUMER) timestamp=854 ms, used_size=3563520 bytes (8.7%)
(RDMA_READ_CONSUME_CHECK_CONSUMER) timestamp=854 ms, used_size=3561472 bytes (8.7%)
(RDMA_READ_CONSUME_CHECK_CONSUMER) timestamp=854 ms, used_size=3559424 bytes (8.7%)
(RDMA_READ_CONSUME_CHECK_CONSUMER) timestamp=854 ms, used_size=3557376 bytes (8.7%)
(RDMA_READ_CONSUME_CHECK_CONSUMER) timestamp=854 ms, used_size=3555328 bytes (8.7%)
(RDMA_READ_CONSUME_CHECK_CONSUMER) timestamp=854 ms, used_size=3553280 bytes (8.7%)
(RDMA_READ_CONSUME_CHECK_CONSUMER) timestamp=854 ms, used_size=3551232 bytes (8.7%)
(RDMA_READ_CONSUME_CHECK_CONSUMER) timestamp=854 ms, used_size=3549184 bytes (8.7%)
(RDMA_READ_CONSUME_CHECK_CONSUMER) timestamp=854 ms, used_size=3547136 bytes (8.7%)
(RDMA_READ_CONSUME_CHECK_CONSUMER) timestamp=854 ms, used_size=3545088 bytes (8.7%)
(RDMA_READ_CONSUME_CHECK_CONSUMER) timestamp=854 ms, used_size=3543040 bytes (8.7%)
(RDMA_READ_CONSUME_CHECK_CONSUMER) timestamp=854 ms, used_size=3540992 bytes (8.6%)
(RDMA_READ_CONSUME_CHECK_CONSUMER) timestamp=854 ms, used_size=3538944 bytes (8.6%)
(RDMA_READ_CONSUME_CHECK_CONSUMER) timestamp=854 ms, used_size=3536896 bytes (8.6%)
(RDMA_READ_CONSUME_CHECK_CONSUMER) timestamp=854 ms, used_size=3534848 bytes (8.6%)
(RDMA_READ_CONSUME_CHECK_CONSUMER) timestamp=854 ms, used_size=3532800 bytes (8.6%)
(RDMA_READ_CONSUME_CHECK_CONSUMER) timestamp=854 ms, used_size=3530752 bytes (8.6%)
(RDMA_READ_CONSUME_CHECK_CONSUMER) timestamp=854 ms, used_size=3528704 bytes (8.6%)
(RDMA_READ_CONSUME_CHECK_CONSUMER) timestamp=854 ms, used_size=3526656 bytes (8.6%)
(RDMA_READ_CONSUME_CHECK_CONSUMER) timestamp=854 ms, used_size=3524608 bytes (8.6%)
(RDMA_READ_CONSUME_CHECK_CONSUMER) timestamp=854 ms, used_size=3522560 bytes (8.6%)
(RDMA_READ_CONSUME_CHECK_CONSUMER) timestamp=854 ms, used_size=3520512 bytes (8.6%)
(RDMA_READ_CONSUME_CHECK_CONSUMER) timestamp=854 ms, used_size=3518464 bytes (8.6%)
(RDMA_READ_CONSUME_CHECK_CONSUMER) timestamp=854 ms, used_size=3516416 bytes (8.6%)
(RDMA_READ_CONSUME_CHECK_CONSUMER) timestamp=854 ms, used_size=3514368 bytes (8.6%)
(RDMA_READ_CONSUME_CHECK_CONSUMER) timestamp=854 ms, used_size=3512320 bytes (8.6%)
(RDMA_READ_CONSUME_CHECK_CONSUMER) timestamp=854 ms, used_size=3510272 bytes (8.6%)
(RDMA_READ_CONSUME_CHECK_CONSUMER) timestamp=854 ms, used_size=3508224 bytes (8.6%)
(RDMA_READ_CONSUME_CHECK_CONSUMER) timestamp=854 ms, used_size=3506176 bytes (8.6%)
(RDMA_READ_CONSUME_CHECK_CONSUMER) timestamp=854 ms, used_size=3504128 bytes (8.6%)
(RDMA_READ_CONSUME_CHECK_CONSUMER) timestamp=854 ms, used_size=3502080 bytes (8.6%)
(RDMA_READ_CONSUME_CHECK_CONSUMER) timestamp=854 ms, used_size=3500032 bytes (8.5%)
(RDMA_READ_CONSUME_CHECK_CONSUMER) timestamp=854 ms, used_size=3497984 bytes (8.5%)
(RDMA_READ_CONSUME_CHECK_CONSUMER) timestamp=854 ms, used_size=3495936 bytes (8.5%)
(RDMA_READ_CONSUME_CHECK_CONSUMER) timestamp=854 ms, used_size=3493888 bytes (8.5%)
(RDMA_READ_CONSUME_CHECK_CONSUMER) timestamp=854 ms, used_size=3491840 bytes (8.5%)
(RDMA_READ_CONSUME_CHECK_CONSUMER) timestamp=854 ms, used_size=3489792 bytes (8.5%)
(RDMA_READ_CONSUME_CHECK_CONSUMER) timestamp=854 ms, used_size=3487744 bytes (8.5%)
(RDMA_READ_CONSUME_CHECK_CONSUMER) timestamp=854 ms, used_size=3485696 bytes (8.5%)
(RDMA_READ_CONSUME_CHECK_CONSUMER) timestamp=854 ms, used_size=3483648 bytes (8.5%)
(RDMA_READ_CONSUME_CHECK_CONSUMER) timestamp=854 ms, used_size=3481600 bytes (8.5%)
(RDMA_READ_CONSUME_CHECK_CONSUMER) timestamp=854 ms, used_size=3479552 bytes (8.5%)
(RDMA_READ_CONSUME_CHECK_CONSUMER) timestamp=854 ms, used_size=3477504 bytes (8.5%)
(RDMA_READ_CONSUME_CHECK_CONSUMER) timestamp=854 ms, used_size=3475456 bytes (8.5%)
(RDMA_READ_CONSUME_CHECK_CONSUMER) timestamp=854 ms, used_size=3473408 bytes (8.5%)
(RDMA_READ_CONSUME_CHECK_CONSUMER) timestamp=854 ms, used_size=3471360 bytes (8.5%)
(RDMA_READ_CONSUME_CHECK_CONSUMER) timestamp=854 ms, used_size=3469312 bytes (8.5%)
(RDMA_READ_CONSUME_CHECK_CONSUMER) timestamp=854 ms, used_size=3467264 bytes (8.5%)
(RDMA_READ_CONSUME_CHECK_CONSUMER) timestamp=854 ms, used_size=3465216 bytes (8.5%)
(RDMA_READ_CONSUME_CHECK_CONSUMER) timestamp=854 ms, used_size=3463168 bytes (8.5%)
(RDMA_READ_CONSUME_CHECK_CONSUMER) timestamp=854 ms, used_size=3461120 bytes (8.4%)
(RDMA_READ_CONSUME_CHECK_CONSUMER) timestamp=854 ms, used_size=3459072 bytes (8.4%)
(RDMA_READ_CONSUME_CHECK_CONSUMER) timestamp=854 ms, used_size=3457024 bytes (8.4%)
(RDMA_READ_CONSUME_CHECK_CONSUMER) timestamp=854 ms, used_size=3454976 bytes (8.4%)
(RDMA_READ_CONSUME_CHECK_CONSUMER) timestamp=854 ms, used_size=3452928 bytes (8.4%)
(RDMA_READ_CONSUME_CHECK_CONSUMER) timestamp=854 ms, used_size=3450880 bytes (8.4%)
(RDMA_READ_CONSUME_CHECK_CONSUMER) timestamp=854 ms, used_size=3448832 bytes (8.4%)
(RDMA_READ_CONSUME_CHECK_CONSUMER) timestamp=854 ms, used_size=3446784 bytes (8.4%)
(RDMA_READ_CONSUME_CHECK_CONSUMER) timestamp=854 ms, used_size=3444736 bytes (8.4%)
(RDMA_READ_CONSUME_CHECK_CONSUMER) timestamp=854 ms, used_size=3442688 bytes (8.4%)
(RDMA_READ_CONSUME_CHECK_CONSUMER) timestamp=854 ms, used_size=3440640 bytes (8.4%)
(RDMA_READ_CONSUME_CHECK_CONSUMER) timestamp=854 ms, used_size=3438592 bytes (8.4%)
(RDMA_READ_CONSUME_CHECK_CONSUMER) timestamp=854 ms, used_size=3436544 bytes (8.4%)
(RDMA_READ_CONSUME_CHECK_CONSUMER) timestamp=854 ms, used_size=3434496 bytes (8.4%)
(RDMA_READ_CONSUME_CHECK_CONSUMER) timestamp=854 ms, used_size=3432448 bytes (8.4%)
(RDMA_READ_CONSUME_CHECK_CONSUMER) timestamp=854 ms, used_size=3430400 bytes (8.4%)
(RDMA_READ_CONSUME_CHECK_CONSUMER) timestamp=854 ms, used_size=3428352 bytes (8.4%)
(RDMA_READ_CONSUME_CHECK_CONSUMER) timestamp=854 ms, used_size=3426304 bytes (8.4%)
(RDMA_READ_CONSUME_CHECK_CONSUMER) timestamp=854 ms, used_size=3424256 bytes (8.4%)
(RDMA_READ_CONSUME_CHECK_CONSUMER) timestamp=854 ms, used_size=3422208 bytes (8.4%)
(RDMA_READ_CONSUME_CHECK_CONSUMER) timestamp=854 ms, used_size=3420160 bytes (8.3%)
(RDMA_READ_CONSUME_CHECK_CONSUMER) timestamp=854 ms, used_size=3418112 bytes (8.3%)
(RDMA_READ_CONSUME_CHECK_CONSUMER) timestamp=854 ms, used_size=3416064 bytes (8.3%)
(RDMA_READ_CONSUME_CHECK_CONSUMER) timestamp=854 ms, used_size=3414016 bytes (8.3%)
(RDMA_READ_CONSUME_CHECK_CONSUMER) timestamp=854 ms, used_size=3411968 bytes (8.3%)
(RDMA_READ_CONSUME_CHECK_CONSUMER) timestamp=854 ms, used_size=3409920 bytes (8.3%)
(RDMA_READ_CONSUME_CHECK_CONSUMER) timestamp=854 ms, used_size=3407872 bytes (8.3%)
(RDMA_READ_CONSUME_CHECK_CONSUMER) timestamp=854 ms, used_size=3405824 bytes (8.3%)
(RDMA_READ_CONSUME_CHECK_CONSUMER) timestamp=854 ms, used_size=3403776 bytes (8.3%)
(RDMA_READ_CONSUME_CHECK_CONSUMER) timestamp=854 ms, used_size=3401728 bytes (8.3%)
(RDMA_READ_CONSUME_CHECK_CONSUMER) timestamp=854 ms, used_size=3399680 bytes (8.3%)
(RDMA_READ_CONSUME_CHECK_CONSUMER) timestamp=854 ms, used_size=3397632 bytes (8.3%)
(RDMA_READ_CONSUME_CHECK_CONSUMER) timestamp=854 ms, used_size=3395584 bytes (8.3%)
(RDMA_READ_CONSUME_CHECK_CONSUMER) timestamp=854 ms, used_size=3393536 bytes (8.3%)
(RDMA_READ_CONSUME_CHECK_CONSUMER) timestamp=854 ms, used_size=3391488 bytes (8.3%)
(RDMA_READ_CONSUME_CHECK_CONSUMER) timestamp=854 ms, used_size=3389440 bytes (8.3%)
(RDMA_READ_CONSUME_CHECK_CONSUMER) timestamp=854 ms, used_size=3387392 bytes (8.3%)
(RDMA_READ_CONSUME_CHECK_CONSUMER) timestamp=854 ms, used_size=3385344 bytes (8.3%)
(RDMA_READ_CONSUME_CHECK_CONSUMER) timestamp=854 ms, used_size=3383296 bytes (8.3%)
(RDMA_READ_CONSUME_CHECK_CONSUMER) timestamp=854 ms, used_size=3381248 bytes (8.3%)
(RDMA_READ_CONSUME_CHECK_CONSUMER) timestamp=854 ms, used_size=3379200 bytes (8.2%)
(RDMA_READ_CONSUME_CHECK_CONSUMER) timestamp=854 ms, used_size=3377152 bytes (8.2%)
(RDMA_READ_CONSUME_CHECK_CONSUMER) timestamp=854 ms, used_size=3375104 bytes (8.2%)
(RDMA_READ_CONSUME_CHECK_CONSUMER) timestamp=854 ms, used_size=3373056 bytes (8.2%)
(RDMA_READ_CONSUME_CHECK_CONSUMER) timestamp=854 ms, used_size=3371008 bytes (8.2%)
(RDMA_READ_CONSUME_CHECK_CONSUMER) timestamp=854 ms, used_size=3368960 bytes (8.2%)
(RDMA_READ_CONSUME_CHECK_CONSUMER) timestamp=854 ms, used_size=3366912 bytes (8.2%)
(RDMA_READ_CONSUME_CHECK_CONSUMER) timestamp=854 ms, used_size=3364864 bytes (8.2%)
(RDMA_READ_CONSUME_CHECK_CONSUMER) timestamp=854 ms, used_size=3362816 bytes (8.2%)
(RDMA_READ_CONSUME_CHECK_CONSUMER) timestamp=854 ms, used_size=3360768 bytes (8.2%)
(RDMA_READ_CONSUME_CHECK_CONSUMER) timestamp=854 ms, used_size=3358720 bytes (8.2%)
(RDMA_READ_CONSUME_CHECK_CONSUMER) timestamp=854 ms, used_size=3356672 bytes (8.2%)
(RDMA_READ_CONSUME_CHECK_CONSUMER) timestamp=854 ms, used_size=3354624 bytes (8.2%)
(RDMA_READ_CONSUME_CHECK_CONSUMER) timestamp=854 ms, used_size=3352576 bytes (8.2%)
(RDMA_READ_CONSUME_CHECK_CONSUMER) timestamp=854 ms, used_size=3350528 bytes (8.2%)
(RDMA_READ_CONSUME_CHECK_CONSUMER) timestamp=854 ms, used_size=3348480 bytes (8.2%)
(RDMA_READ_CONSUME_CHECK_CONSUMER) timestamp=854 ms, used_size=3346432 bytes (8.2%)
(RDMA_READ_CONSUME_CHECK_CONSUMER) timestamp=854 ms, used_size=3344384 bytes (8.2%)
(RDMA_READ_CONSUME_CHECK_CONSUMER) timestamp=854 ms, used_size=3342336 bytes (8.2%)
(RDMA_READ_CONSUME_CHECK_CONSUMER) timestamp=854 ms, used_size=3340288 bytes (8.2%)
(RDMA_READ_CONSUME_CHECK_CONSUMER) timestamp=854 ms, used_size=3338240 bytes (8.2%)
(RDMA_READ_CONSUME_CHECK_CONSUMER) timestamp=854 ms, used_size=3336192 bytes (8.1%)
(RDMA_READ_CONSUME_CHECK_CONSUMER) timestamp=854 ms, used_size=3334144 bytes (8.1%)
(RDMA_READ_CONSUME_CHECK_CONSUMER) timestamp=854 ms, used_size=3332096 bytes (8.1%)
(RDMA_READ_CONSUME_CHECK_CONSUMER) timestamp=854 ms, used_size=3330048 bytes (8.1%)
(RDMA_READ_CONSUME_CHECK_CONSUMER) timestamp=854 ms, used_size=3328000 bytes (8.1%)
(RDMA_READ_CONSUME_CHECK_CONSUMER) timestamp=854 ms, used_size=3325952 bytes (8.1%)
(RDMA_READ_CONSUME_CHECK_CONSUMER) timestamp=854 ms, used_size=3323904 bytes (8.1%)
(RDMA_READ_CONSUME_CHECK_CONSUMER) timestamp=854 ms, used_size=3321856 bytes (8.1%)
(RDMA_READ_CONSUME_CHECK_CONSUMER) timestamp=854 ms, used_size=3319808 bytes (8.1%)
(RDMA_READ_CONSUME_CHECK_CONSUMER) timestamp=854 ms, used_size=3317760 bytes (8.1%)
(RDMA_READ_CONSUME_CHECK_CONSUMER) timestamp=854 ms, used_size=3315712 bytes (8.1%)
(RDMA_READ_CONSUME_CHECK_CONSUMER) timestamp=854 ms, used_size=3313664 bytes (8.1%)
(RDMA_READ_CONSUME_CHECK_CONSUMER) timestamp=854 ms, used_size=3311616 bytes (8.1%)
(RDMA_READ_CONSUME_CHECK_CONSUMER) timestamp=854 ms, used_size=3309568 bytes (8.1%)
(RDMA_READ_CONSUME_CHECK_CONSUMER) timestamp=854 ms, used_size=3307520 bytes (8.1%)
(RDMA_READ_CONSUME_CHECK_CONSUMER) timestamp=854 ms, used_size=3305472 bytes (8.1%)
(RDMA_READ_CONSUME_CHECK_CONSUMER) timestamp=854 ms, used_size=3303424 bytes (8.1%)
(RDMA_READ_CONSUME_CHECK_CONSUMER) timestamp=854 ms, used_size=3301376 bytes (8.1%)
(RDMA_READ_CONSUME_CHECK_CONSUMER) timestamp=854 ms, used_size=3299328 bytes (8.1%)
(RDMA_READ_CONSUME_CHECK_CONSUMER) timestamp=854 ms, used_size=3297280 bytes (8.1%)
(RDMA_READ_CONSUME_CHECK_CONSUMER) timestamp=854 ms, used_size=3295232 bytes (8.0%)
(RDMA_READ_CONSUME_CHECK_CONSUMER) timestamp=854 ms, used_size=3293184 bytes (8.0%)
(RDMA_READ_CONSUME_CHECK_CONSUMER) timestamp=854 ms, used_size=3291136 bytes (8.0%)
(RDMA_READ_CONSUME_CHECK_CONSUMER) timestamp=854 ms, used_size=3289088 bytes (8.0%)
(RDMA_READ_CONSUME_CHECK_CONSUMER) timestamp=854 ms, used_size=3287040 bytes (8.0%)
(RDMA_READ_CONSUME_CHECK_CONSUMER) timestamp=854 ms, used_size=3284992 bytes (8.0%)
(RDMA_READ_CONSUME_CHECK_CONSUMER) timestamp=854 ms, used_size=3282944 bytes (8.0%)
(RDMA_READ_CONSUME_CHECK_CONSUMER) timestamp=854 ms, used_size=3280896 bytes (8.0%)
(RDMA_READ_CONSUME_CHECK_CONSUMER) timestamp=854 ms, used_size=3278848 bytes (8.0%)
(RDMA_READ_CONSUME_CHECK_CONSUMER) timestamp=854 ms, used_size=3276800 bytes (8.0%)
(RDMA_READ_CONSUME_CHECK_CONSUMER) timestamp=855 ms, used_size=3274752 bytes (8.0%)
(RDMA_READ_CONSUME_CHECK_CONSUMER) timestamp=855 ms, used_size=3272704 bytes (8.0%)
(RDMA_READ_CONSUME_CHECK_CONSUMER) timestamp=855 ms, used_size=3270656 bytes (8.0%)
(RDMA_READ_CONSUME_CHECK_CONSUMER) timestamp=855 ms, used_size=3268608 bytes (8.0%)
(RDMA_READ_CONSUME_CHECK_CONSUMER) timestamp=855 ms, used_size=3266560 bytes (8.0%)
(RDMA_READ_CONSUME_CHECK_CONSUMER) timestamp=855 ms, used_size=3264512 bytes (8.0%)
(RDMA_READ_CONSUME_CHECK_CONSUMER) timestamp=855 ms, used_size=3262464 bytes (8.0%)
(RDMA_READ_CONSUME_CHECK_CONSUMER) timestamp=855 ms, used_size=3260416 bytes (8.0%)
(RDMA_READ_CONSUME_CHECK_CONSUMER) timestamp=855 ms, used_size=3258368 bytes (8.0%)
(RDMA_READ_CONSUME_CHECK_CONSUMER) timestamp=855 ms, used_size=3256320 bytes (8.0%)
(RDMA_READ_CONSUME_CHECK_CONSUMER) timestamp=855 ms, used_size=3254272 bytes (7.9%)
(RDMA_READ_CONSUME_CHECK_CONSUMER) timestamp=855 ms, used_size=3252224 bytes (7.9%)
(RDMA_READ_CONSUME_CHECK_CONSUMER) timestamp=855 ms, used_size=3250176 bytes (7.9%)
(RDMA_READ_CONSUME_CHECK_CONSUMER) timestamp=855 ms, used_size=3248128 bytes (7.9%)
(RDMA_READ_CONSUME_CHECK_CONSUMER) timestamp=855 ms, used_size=3246080 bytes (7.9%)
(RDMA_READ_CONSUME_CHECK_CONSUMER) timestamp=855 ms, used_size=3244032 bytes (7.9%)
(RDMA_READ_CONSUME_CHECK_CONSUMER) timestamp=855 ms, used_size=3241984 bytes (7.9%)
(RDMA_READ_CONSUME_CHECK_CONSUMER) timestamp=855 ms, used_size=3239936 bytes (7.9%)
(RDMA_READ_CONSUME_CHECK_CONSUMER) timestamp=855 ms, used_size=3237888 bytes (7.9%)
(RDMA_READ_CONSUME_CHECK_CONSUMER) timestamp=855 ms, used_size=3235840 bytes (7.9%)
(RDMA_READ_CONSUME_CHECK_CONSUMER) timestamp=855 ms, used_size=3233792 bytes (7.9%)
(RDMA_READ_CONSUME_CHECK_CONSUMER) timestamp=855 ms, used_size=3231744 bytes (7.9%)
(RDMA_READ_CONSUME_CHECK_CONSUMER) timestamp=855 ms, used_size=3229696 bytes (7.9%)
(RDMA_READ_CONSUME_CHECK_CONSUMER) timestamp=855 ms, used_size=3227648 bytes (7.9%)
(RDMA_READ_CONSUME_CHECK_CONSUMER) timestamp=855 ms, used_size=3225600 bytes (7.9%)
(RDMA_READ_CONSUME_CHECK_CONSUMER) timestamp=855 ms, used_size=3223552 bytes (7.9%)
(RDMA_READ_CONSUME_CHECK_CONSUMER) timestamp=855 ms, used_size=3221504 bytes (7.9%)
(RDMA_READ_CONSUME_CHECK_CONSUMER) timestamp=855 ms, used_size=3219456 bytes (7.9%)
(RDMA_READ_CONSUME_CHECK_CONSUMER) timestamp=855 ms, used_size=3217408 bytes (7.9%)
(RDMA_READ_CONSUME_CHECK_CONSUMER) timestamp=855 ms, used_size=3215360 bytes (7.8%)
(RDMA_READ_CONSUME_CHECK_CONSUMER) timestamp=855 ms, used_size=3213312 bytes (7.8%)
(RDMA_READ_CONSUME_CHECK_CONSUMER) timestamp=855 ms, used_size=3211264 bytes (7.8%)
(RDMA_READ_CONSUME_CHECK_CONSUMER) timestamp=855 ms, used_size=3209216 bytes (7.8%)
(RDMA_READ_CONSUME_CHECK_CONSUMER) timestamp=855 ms, used_size=3207168 bytes (7.8%)
(RDMA_READ_CONSUME_CHECK_CONSUMER) timestamp=855 ms, used_size=3205120 bytes (7.8%)
(RDMA_READ_CONSUME_CHECK_CONSUMER) timestamp=855 ms, used_size=3203072 bytes (7.8%)
(RDMA_READ_CONSUME_CHECK_CONSUMER) timestamp=855 ms, used_size=3201024 bytes (7.8%)
(RDMA_READ_CONSUME_CHECK_CONSUMER) timestamp=855 ms, used_size=3198976 bytes (7.8%)
(RDMA_READ_CONSUME_CHECK_CONSUMER) timestamp=855 ms, used_size=3196928 bytes (7.8%)
(RDMA_READ_CONSUME_CHECK_CONSUMER) timestamp=855 ms, used_size=3194880 bytes (7.8%)
(RDMA_READ_CONSUME_CHECK_CONSUMER) timestamp=855 ms, used_size=3192832 bytes (7.8%)
(RDMA_READ_CONSUME_CHECK_CONSUMER) timestamp=855 ms, used_size=3190784 bytes (7.8%)
(RDMA_READ_CONSUME_CHECK_CONSUMER) timestamp=855 ms, used_size=3188736 bytes (7.8%)
(RDMA_READ_CONSUME_CHECK_CONSUMER) timestamp=855 ms, used_size=3186688 bytes (7.8%)
(RDMA_READ_CONSUME_CHECK_CONSUMER) timestamp=855 ms, used_size=3184640 bytes (7.8%)
(RDMA_READ_CONSUME_CHECK_CONSUMER) timestamp=855 ms, used_size=3182592 bytes (7.8%)
(RDMA_READ_CONSUME_CHECK_CONSUMER) timestamp=855 ms, used_size=3180544 bytes (7.8%)
(RDMA_READ_CONSUME_CHECK_CONSUMER) timestamp=855 ms, used_size=3178496 bytes (7.8%)
(RDMA_READ_CONSUME_CHECK_CONSUMER) timestamp=855 ms, used_size=3176448 bytes (7.8%)
(RDMA_READ_CONSUME_CHECK_CONSUMER) timestamp=855 ms, used_size=3174400 bytes (7.8%)
(RDMA_READ_CONSUME_CHECK_CONSUMER) timestamp=855 ms, used_size=3172352 bytes (7.7%)
(RDMA_READ_CONSUME_CHECK_CONSUMER) timestamp=855 ms, used_size=3170304 bytes (7.7%)
(RDMA_READ_CONSUME_CHECK_CONSUMER) timestamp=855 ms, used_size=3168256 bytes (7.7%)
(RDMA_READ_CONSUME_CHECK_CONSUMER) timestamp=855 ms, used_size=3166208 bytes (7.7%)
(RDMA_READ_CONSUME_CHECK_CONSUMER) timestamp=855 ms, used_size=3164160 bytes (7.7%)
(RDMA_READ_CONSUME_CHECK_CONSUMER) timestamp=855 ms, used_size=3162112 bytes (7.7%)
(RDMA_READ_CONSUME_CHECK_CONSUMER) timestamp=855 ms, used_size=3160064 bytes (7.7%)
(RDMA_READ_CONSUME_CHECK_CONSUMER) timestamp=855 ms, used_size=3158016 bytes (7.7%)
(RDMA_READ_CONSUME_CHECK_CONSUMER) timestamp=855 ms, used_size=3155968 bytes (7.7%)
(RDMA_READ_CONSUME_CHECK_CONSUMER) timestamp=855 ms, used_size=3153920 bytes (7.7%)
(RDMA_READ_CONSUME_CHECK_CONSUMER) timestamp=855 ms, used_size=3151872 bytes (7.7%)
(RDMA_READ_CONSUME_CHECK_CONSUMER) timestamp=855 ms, used_size=3149824 bytes (7.7%)
(RDMA_READ_CONSUME_CHECK_CONSUMER) timestamp=855 ms, used_size=3147776 bytes (7.7%)
(RDMA_READ_CONSUME_CHECK_CONSUMER) timestamp=855 ms, used_size=3145728 bytes (7.7%)
(RDMA_READ_CONSUME_CHECK_CONSUMER) timestamp=855 ms, used_size=3143680 bytes (7.7%)
(RDMA_READ_CONSUME_CHECK_CONSUMER) timestamp=855 ms, used_size=3141632 bytes (7.7%)
(RDMA_READ_CONSUME_CHECK_CONSUMER) timestamp=855 ms, used_size=3139584 bytes (7.7%)
(RDMA_READ_CONSUME_CHECK_CONSUMER) timestamp=855 ms, used_size=3137536 bytes (7.7%)
(RDMA_READ_CONSUME_CHECK_CONSUMER) timestamp=855 ms, used_size=3135488 bytes (7.7%)
(RDMA_READ_CONSUME_CHECK_CONSUMER) timestamp=855 ms, used_size=3133440 bytes (7.7%)
(RDMA_READ_CONSUME_CHECK_CONSUMER) timestamp=855 ms, used_size=3131392 bytes (7.6%)
(RDMA_READ_CONSUME_CHECK_CONSUMER) timestamp=855 ms, used_size=3129344 bytes (7.6%)
(RDMA_READ_CONSUME_CHECK_CONSUMER) timestamp=855 ms, used_size=3127296 bytes (7.6%)
(RDMA_READ_CONSUME_CHECK_CONSUMER) timestamp=855 ms, used_size=3125248 bytes (7.6%)
(RDMA_READ_CONSUME_CHECK_CONSUMER) timestamp=855 ms, used_size=3123200 bytes (7.6%)
(RDMA_READ_CONSUME_CHECK_CONSUMER) timestamp=855 ms, used_size=3121152 bytes (7.6%)
(RDMA_READ_CONSUME_CHECK_CONSUMER) timestamp=855 ms, used_size=3119104 bytes (7.6%)
(RDMA_READ_CONSUME_CHECK_CONSUMER) timestamp=855 ms, used_size=3117056 bytes (7.6%)
(RDMA_READ_CONSUME_CHECK_CONSUMER) timestamp=855 ms, used_size=3115008 bytes (7.6%)
(RDMA_READ_CONSUME_CHECK_CONSUMER) timestamp=855 ms, used_size=3112960 bytes (7.6%)
(RDMA_READ_CONSUME_CHECK_CONSUMER) timestamp=855 ms, used_size=3110912 bytes (7.6%)
(RDMA_READ_CONSUME_CHECK_CONSUMER) timestamp=855 ms, used_size=3108864 bytes (7.6%)
(RDMA_READ_CONSUME_CHECK_CONSUMER) timestamp=855 ms, used_size=3106816 bytes (7.6%)
(RDMA_READ_CONSUME_CHECK_CONSUMER) timestamp=855 ms, used_size=3104768 bytes (7.6%)
(RDMA_READ_CONSUME_CHECK_CONSUMER) timestamp=855 ms, used_size=3102720 bytes (7.6%)
(RDMA_READ_CONSUME_CHECK_CONSUMER) timestamp=855 ms, used_size=3100672 bytes (7.6%)
(RDMA_READ_CONSUME_CHECK_CONSUMER) timestamp=855 ms, used_size=3098624 bytes (7.6%)
(RDMA_READ_CONSUME_CHECK_CONSUMER) timestamp=855 ms, used_size=3096576 bytes (7.6%)
(RDMA_READ_CONSUME_CHECK_CONSUMER) timestamp=855 ms, used_size=3094528 bytes (7.6%)
(RDMA_READ_CONSUME_CHECK_CONSUMER) timestamp=855 ms, used_size=3092480 bytes (7.5%)
(RDMA_READ_CONSUME_CHECK_CONSUMER) timestamp=855 ms, used_size=3090432 bytes (7.5%)
(RDMA_READ_CONSUME_CHECK_CONSUMER) timestamp=855 ms, used_size=3088384 bytes (7.5%)
(RDMA_READ_CONSUME_CHECK_CONSUMER) timestamp=855 ms, used_size=3086336 bytes (7.5%)
(RDMA_READ_CONSUME_CHECK_CONSUMER) timestamp=855 ms, used_size=3084288 bytes (7.5%)
(RDMA_READ_CONSUME_CHECK_CONSUMER) timestamp=855 ms, used_size=3082240 bytes (7.5%)
(RDMA_READ_CONSUME_CHECK_CONSUMER) timestamp=855 ms, used_size=3080192 bytes (7.5%)
(RDMA_READ_CONSUME_CHECK_CONSUMER) timestamp=855 ms, used_size=3078144 bytes (7.5%)
(RDMA_READ_CONSUME_CHECK_CONSUMER) timestamp=855 ms, used_size=3076096 bytes (7.5%)
(RDMA_READ_CONSUME_CHECK_CONSUMER) timestamp=855 ms, used_size=3074048 bytes (7.5%)
(RDMA_READ_CONSUME_CHECK_CONSUMER) timestamp=855 ms, used_size=3072000 bytes (7.5%)
(RDMA_READ_CONSUME_CHECK_CONSUMER) timestamp=855 ms, used_size=3069952 bytes (7.5%)
(RDMA_READ_CONSUME_CHECK_CONSUMER) timestamp=855 ms, used_size=3067904 bytes (7.5%)
(RDMA_READ_CONSUME_CHECK_CONSUMER) timestamp=855 ms, used_size=3065856 bytes (7.5%)
(RDMA_READ_CONSUME_CHECK_CONSUMER) timestamp=855 ms, used_size=3063808 bytes (7.5%)
(RDMA_READ_CONSUME_CHECK_CONSUMER) timestamp=855 ms, used_size=3061760 bytes (7.5%)
(RDMA_READ_CONSUME_CHECK_CONSUMER) timestamp=855 ms, used_size=3059712 bytes (7.5%)
(RDMA_READ_CONSUME_CHECK_CONSUMER) timestamp=855 ms, used_size=3057664 bytes (7.5%)
(RDMA_READ_CONSUME_CHECK_CONSUMER) timestamp=855 ms, used_size=3055616 bytes (7.5%)
(RDMA_READ_CONSUME_CHECK_CONSUMER) timestamp=855 ms, used_size=3053568 bytes (7.5%)
(RDMA_READ_CONSUME_CHECK_CONSUMER) timestamp=855 ms, used_size=3051520 bytes (7.5%)
(RDMA_READ_CONSUME_CHECK_CONSUMER) timestamp=855 ms, used_size=3049472 bytes (7.4%)
(RDMA_READ_CONSUME_CHECK_CONSUMER) timestamp=855 ms, used_size=3047424 bytes (7.4%)
(RDMA_READ_CONSUME_CHECK_CONSUMER) timestamp=855 ms, used_size=3045376 bytes (7.4%)
(RDMA_READ_CONSUME_CHECK_CONSUMER) timestamp=855 ms, used_size=3043328 bytes (7.4%)
(RDMA_READ_CONSUME_CHECK_CONSUMER) timestamp=855 ms, used_size=3041280 bytes (7.4%)
(RDMA_READ_CONSUME_CHECK_CONSUMER) timestamp=855 ms, used_size=3039232 bytes (7.4%)
(RDMA_READ_CONSUME_CHECK_CONSUMER) timestamp=855 ms, used_size=3037184 bytes (7.4%)
(RDMA_READ_CONSUME_CHECK_CONSUMER) timestamp=855 ms, used_size=3035136 bytes (7.4%)
(RDMA_READ_CONSUME_CHECK_CONSUMER) timestamp=855 ms, used_size=3033088 bytes (7.4%)
(RDMA_READ_CONSUME_CHECK_CONSUMER) timestamp=855 ms, used_size=3031040 bytes (7.4%)
(RDMA_READ_CONSUME_CHECK_CONSUMER) timestamp=855 ms, used_size=3028992 bytes (7.4%)
(RDMA_READ_CONSUME_CHECK_CONSUMER) timestamp=855 ms, used_size=3026944 bytes (7.4%)
(RDMA_READ_CONSUME_CHECK_CONSUMER) timestamp=855 ms, used_size=3024896 bytes (7.4%)
(RDMA_READ_CONSUME_CHECK_CONSUMER) timestamp=855 ms, used_size=3022848 bytes (7.4%)
(RDMA_READ_CONSUME_CHECK_CONSUMER) timestamp=855 ms, used_size=3020800 bytes (7.4%)
(RDMA_READ_CONSUME_CHECK_CONSUMER) timestamp=855 ms, used_size=3018752 bytes (7.4%)
(RDMA_READ_CONSUME_CHECK_CONSUMER) timestamp=855 ms, used_size=3016704 bytes (7.4%)
(RDMA_READ_CONSUME_CHECK_CONSUMER) timestamp=855 ms, used_size=3014656 bytes (7.4%)
(RDMA_READ_CONSUME_CHECK_CONSUMER) timestamp=855 ms, used_size=3012608 bytes (7.4%)
(RDMA_READ_CONSUME_CHECK_CONSUMER) timestamp=855 ms, used_size=3010560 bytes (7.3%)
(RDMA_READ_CONSUME_CHECK_CONSUMER) timestamp=855 ms, used_size=3008512 bytes (7.3%)
(RDMA_READ_CONSUME_CHECK_CONSUMER) timestamp=855 ms, used_size=3006464 bytes (7.3%)
(RDMA_READ_CONSUME_CHECK_CONSUMER) timestamp=855 ms, used_size=3004416 bytes (7.3%)
(RDMA_READ_CONSUME_CHECK_CONSUMER) timestamp=855 ms, used_size=3002368 bytes (7.3%)
(RDMA_READ_CONSUME_CHECK_CONSUMER) timestamp=855 ms, used_size=3000320 bytes (7.3%)
(RDMA_READ_CONSUME_CHECK_CONSUMER) timestamp=855 ms, used_size=2998272 bytes (7.3%)
(RDMA_READ_CONSUME_CHECK_CONSUMER) timestamp=855 ms, used_size=2996224 bytes (7.3%)
(RDMA_READ_CONSUME_CHECK_CONSUMER) timestamp=855 ms, used_size=2994176 bytes (7.3%)
(RDMA_READ_CONSUME_CHECK_CONSUMER) timestamp=855 ms, used_size=2992128 bytes (7.3%)
(RDMA_READ_CONSUME_CHECK_CONSUMER) timestamp=855 ms, used_size=2990080 bytes (7.3%)
(RDMA_READ_CONSUME_CHECK_CONSUMER) timestamp=855 ms, used_size=2988032 bytes (7.3%)
(RDMA_READ_CONSUME_CHECK_CONSUMER) timestamp=855 ms, used_size=2985984 bytes (7.3%)
(RDMA_READ_CONSUME_CHECK_CONSUMER) timestamp=855 ms, used_size=2983936 bytes (7.3%)
(RDMA_READ_CONSUME_CHECK_CONSUMER) timestamp=855 ms, used_size=2981888 bytes (7.3%)
(RDMA_READ_CONSUME_CHECK_CONSUMER) timestamp=855 ms, used_size=2979840 bytes (7.3%)
(RDMA_READ_CONSUME_CHECK_CONSUMER) timestamp=855 ms, used_size=2977792 bytes (7.3%)
(RDMA_READ_CONSUME_CHECK_CONSUMER) timestamp=855 ms, used_size=2975744 bytes (7.3%)
(RDMA_READ_CONSUME_CHECK_CONSUMER) timestamp=855 ms, used_size=2973696 bytes (7.3%)
(RDMA_READ_CONSUME_CHECK_CONSUMER) timestamp=855 ms, used_size=2971648 bytes (7.3%)
(RDMA_READ_CONSUME_CHECK_CONSUMER) timestamp=855 ms, used_size=2969600 bytes (7.2%)
(RDMA_READ_CONSUME_CHECK_CONSUMER) timestamp=855 ms, used_size=2967552 bytes (7.2%)
(RDMA_READ_CONSUME_CHECK_CONSUMER) timestamp=855 ms, used_size=2965504 bytes (7.2%)
(RDMA_READ_CONSUME_CHECK_CONSUMER) timestamp=855 ms, used_size=2963456 bytes (7.2%)
(RDMA_READ_CONSUME_CHECK_CONSUMER) timestamp=855 ms, used_size=2961408 bytes (7.2%)
(RDMA_READ_CONSUME_CHECK_CONSUMER) timestamp=855 ms, used_size=2959360 bytes (7.2%)
(RDMA_READ_CONSUME_CHECK_CONSUMER) timestamp=855 ms, used_size=2957312 bytes (7.2%)
(RDMA_READ_CONSUME_CHECK_CONSUMER) timestamp=855 ms, used_size=2955264 bytes (7.2%)
(RDMA_READ_CONSUME_CHECK_CONSUMER) timestamp=855 ms, used_size=2953216 bytes (7.2%)
(RDMA_READ_CONSUME_CHECK_CONSUMER) timestamp=855 ms, used_size=2951168 bytes (7.2%)
(RDMA_READ_CONSUME_CHECK_CONSUMER) timestamp=855 ms, used_size=2949120 bytes (7.2%)
(RDMA_READ_CONSUME_CHECK_CONSUMER) timestamp=855 ms, used_size=2947072 bytes (7.2%)
(RDMA_READ_CONSUME_CHECK_CONSUMER) timestamp=855 ms, used_size=2945024 bytes (7.2%)
(RDMA_READ_CONSUME_CHECK_CONSUMER) timestamp=855 ms, used_size=2942976 bytes (7.2%)
(RDMA_READ_CONSUME_CHECK_CONSUMER) timestamp=855 ms, used_size=2940928 bytes (7.2%)
(RDMA_READ_CONSUME_CHECK_CONSUMER) timestamp=855 ms, used_size=2938880 bytes (7.2%)
(RDMA_READ_CONSUME_CHECK_CONSUMER) timestamp=855 ms, used_size=2936832 bytes (7.2%)
(RDMA_READ_CONSUME_CHECK_CONSUMER) timestamp=855 ms, used_size=2934784 bytes (7.2%)
(RDMA_READ_CONSUME_CHECK_CONSUMER) timestamp=855 ms, used_size=2932736 bytes (7.2%)
(RDMA_READ_CONSUME_CHECK_CONSUMER) timestamp=855 ms, used_size=2930688 bytes (7.2%)
(RDMA_READ_CONSUME_CHECK_CONSUMER) timestamp=855 ms, used_size=2928640 bytes (7.2%)
(RDMA_READ_CONSUME_CHECK_CONSUMER) timestamp=855 ms, used_size=2926592 bytes (7.1%)
(RDMA_READ_CONSUME_CHECK_CONSUMER) timestamp=855 ms, used_size=2924544 bytes (7.1%)
(RDMA_READ_CONSUME_CHECK_CONSUMER) timestamp=855 ms, used_size=2922496 bytes (7.1%)
(RDMA_READ_CONSUME_CHECK_CONSUMER) timestamp=855 ms, used_size=2920448 bytes (7.1%)
(RDMA_READ_CONSUME_CHECK_CONSUMER) timestamp=855 ms, used_size=2918400 bytes (7.1%)
(RDMA_READ_CONSUME_CHECK_CONSUMER) timestamp=855 ms, used_size=2916352 bytes (7.1%)
(RDMA_READ_CONSUME_CHECK_CONSUMER) timestamp=855 ms, used_size=2914304 bytes (7.1%)
(RDMA_READ_CONSUME_CHECK_CONSUMER) timestamp=855 ms, used_size=2912256 bytes (7.1%)
(RDMA_READ_CONSUME_CHECK_CONSUMER) timestamp=855 ms, used_size=2910208 bytes (7.1%)
(RDMA_READ_CONSUME_CHECK_CONSUMER) timestamp=855 ms, used_size=2908160 bytes (7.1%)
(RDMA_READ_CONSUME_CHECK_CONSUMER) timestamp=855 ms, used_size=2906112 bytes (7.1%)
(RDMA_READ_CONSUME_CHECK_CONSUMER) timestamp=856 ms, used_size=2904064 bytes (7.1%)
(RDMA_READ_CONSUME_CHECK_CONSUMER) timestamp=856 ms, used_size=2902016 bytes (7.1%)
(RDMA_READ_CONSUME_CHECK_CONSUMER) timestamp=856 ms, used_size=2899968 bytes (7.1%)
(RDMA_READ_CONSUME_CHECK_CONSUMER) timestamp=856 ms, used_size=2897920 bytes (7.1%)
(RDMA_READ_CONSUME_CHECK_CONSUMER) timestamp=856 ms, used_size=2895872 bytes (7.1%)
(RDMA_READ_CONSUME_CHECK_CONSUMER) timestamp=856 ms, used_size=2893824 bytes (7.1%)
(RDMA_READ_CONSUME_CHECK_CONSUMER) timestamp=856 ms, used_size=2891776 bytes (7.1%)
(RDMA_READ_CONSUME_CHECK_CONSUMER) timestamp=856 ms, used_size=2889728 bytes (7.1%)
(RDMA_READ_CONSUME_CHECK_CONSUMER) timestamp=856 ms, used_size=2887680 bytes (7.0%)
(RDMA_READ_CONSUME_CHECK_CONSUMER) timestamp=856 ms, used_size=2885632 bytes (7.0%)
(RDMA_READ_CONSUME_CHECK_CONSUMER) timestamp=856 ms, used_size=2883584 bytes (7.0%)
(RDMA_READ_CONSUME_CHECK_CONSUMER) timestamp=856 ms, used_size=2881536 bytes (7.0%)
(RDMA_READ_CONSUME_CHECK_CONSUMER) timestamp=856 ms, used_size=2879488 bytes (7.0%)
(RDMA_READ_CONSUME_CHECK_CONSUMER) timestamp=856 ms, used_size=2877440 bytes (7.0%)
(RDMA_READ_CONSUME_CHECK_CONSUMER) timestamp=856 ms, used_size=2875392 bytes (7.0%)
(RDMA_READ_CONSUME_CHECK_CONSUMER) timestamp=856 ms, used_size=2873344 bytes (7.0%)
(RDMA_READ_CONSUME_CHECK_CONSUMER) timestamp=856 ms, used_size=2871296 bytes (7.0%)
(RDMA_READ_CONSUME_CHECK_CONSUMER) timestamp=856 ms, used_size=2869248 bytes (7.0%)
(RDMA_READ_CONSUME_CHECK_CONSUMER) timestamp=856 ms, used_size=2867200 bytes (7.0%)
(RDMA_READ_CONSUME_CHECK_CONSUMER) timestamp=856 ms, used_size=2865152 bytes (7.0%)
(RDMA_READ_CONSUME_CHECK_CONSUMER) timestamp=856 ms, used_size=2863104 bytes (7.0%)
(RDMA_READ_CONSUME_CHECK_CONSUMER) timestamp=856 ms, used_size=2861056 bytes (7.0%)
(RDMA_READ_CONSUME_CHECK_CONSUMER) timestamp=856 ms, used_size=2859008 bytes (7.0%)
(RDMA_READ_CONSUME_CHECK_CONSUMER) timestamp=856 ms, used_size=2856960 bytes (7.0%)
(RDMA_READ_CONSUME_CHECK_CONSUMER) timestamp=856 ms, used_size=2854912 bytes (7.0%)
(RDMA_READ_CONSUME_CHECK_CONSUMER) timestamp=856 ms, used_size=2852864 bytes (7.0%)
(RDMA_READ_CONSUME_CHECK_CONSUMER) timestamp=856 ms, used_size=2850816 bytes (7.0%)
(RDMA_READ_CONSUME_CHECK_CONSUMER) timestamp=856 ms, used_size=2848768 bytes (7.0%)
(RDMA_READ_CONSUME_CHECK_CONSUMER) timestamp=856 ms, used_size=2846720 bytes (7.0%)
(RDMA_READ_CONSUME_CHECK_CONSUMER) timestamp=856 ms, used_size=2844672 bytes (6.9%)
(RDMA_READ_CONSUME_CHECK_CONSUMER) timestamp=856 ms, used_size=2842624 bytes (6.9%)
(RDMA_READ_CONSUME_CHECK_CONSUMER) timestamp=856 ms, used_size=2840576 bytes (6.9%)
(RDMA_READ_CONSUME_CHECK_CONSUMER) timestamp=856 ms, used_size=2838528 bytes (6.9%)
(RDMA_READ_CONSUME_CHECK_CONSUMER) timestamp=856 ms, used_size=2836480 bytes (6.9%)
(RDMA_READ_CONSUME_CHECK_CONSUMER) timestamp=856 ms, used_size=2834432 bytes (6.9%)
(RDMA_READ_CONSUME_CHECK_CONSUMER) timestamp=856 ms, used_size=2832384 bytes (6.9%)
(RDMA_READ_CONSUME_CHECK_CONSUMER) timestamp=856 ms, used_size=2830336 bytes (6.9%)
(RDMA_READ_CONSUME_CHECK_CONSUMER) timestamp=856 ms, used_size=2828288 bytes (6.9%)
(RDMA_READ_CONSUME_CHECK_CONSUMER) timestamp=856 ms, used_size=2826240 bytes (6.9%)
(RDMA_READ_CONSUME_CHECK_CONSUMER) timestamp=856 ms, used_size=2824192 bytes (6.9%)
(RDMA_READ_CONSUME_CHECK_CONSUMER) timestamp=856 ms, used_size=2822144 bytes (6.9%)
(RDMA_READ_CONSUME_CHECK_CONSUMER) timestamp=856 ms, used_size=2820096 bytes (6.9%)
(RDMA_READ_CONSUME_CHECK_CONSUMER) timestamp=856 ms, used_size=2818048 bytes (6.9%)
(RDMA_READ_CONSUME_CHECK_CONSUMER) timestamp=856 ms, used_size=2816000 bytes (6.9%)
(RDMA_READ_CONSUME_CHECK_CONSUMER) timestamp=856 ms, used_size=2813952 bytes (6.9%)
(RDMA_READ_CONSUME_CHECK_CONSUMER) timestamp=856 ms, used_size=2811904 bytes (6.9%)
(RDMA_READ_CONSUME_CHECK_CONSUMER) timestamp=856 ms, used_size=2809856 bytes (6.9%)
(RDMA_READ_CONSUME_CHECK_CONSUMER) timestamp=856 ms, used_size=2807808 bytes (6.9%)
(RDMA_READ_CONSUME_CHECK_CONSUMER) timestamp=856 ms, used_size=2805760 bytes (6.8%)
(RDMA_READ_CONSUME_CHECK_CONSUMER) timestamp=856 ms, used_size=2803712 bytes (6.8%)
(RDMA_READ_CONSUME_CHECK_CONSUMER) timestamp=856 ms, used_size=2801664 bytes (6.8%)
(RDMA_READ_CONSUME_CHECK_CONSUMER) timestamp=856 ms, used_size=2799616 bytes (6.8%)
(RDMA_READ_CONSUME_CHECK_CONSUMER) timestamp=856 ms, used_size=2797568 bytes (6.8%)
(RDMA_READ_CONSUME_CHECK_CONSUMER) timestamp=856 ms, used_size=2795520 bytes (6.8%)
(RDMA_READ_CONSUME_CHECK_CONSUMER) timestamp=856 ms, used_size=2793472 bytes (6.8%)
(RDMA_READ_CONSUME_CHECK_CONSUMER) timestamp=856 ms, used_size=2791424 bytes (6.8%)
(RDMA_READ_CONSUME_CHECK_CONSUMER) timestamp=856 ms, used_size=2789376 bytes (6.8%)
(RDMA_READ_CONSUME_CHECK_CONSUMER) timestamp=856 ms, used_size=2787328 bytes (6.8%)
(RDMA_READ_CONSUME_CHECK_CONSUMER) timestamp=856 ms, used_size=2785280 bytes (6.8%)
(RDMA_READ_CONSUME_CHECK_CONSUMER) timestamp=856 ms, used_size=2783232 bytes (6.8%)
(RDMA_READ_CONSUME_CHECK_CONSUMER) timestamp=856 ms, used_size=2781184 bytes (6.8%)
(RDMA_READ_CONSUME_CHECK_CONSUMER) timestamp=856 ms, used_size=2779136 bytes (6.8%)
(RDMA_READ_CONSUME_CHECK_CONSUMER) timestamp=856 ms, used_size=2777088 bytes (6.8%)
(RDMA_READ_CONSUME_CHECK_CONSUMER) timestamp=856 ms, used_size=2775040 bytes (6.8%)
(RDMA_READ_CONSUME_CHECK_CONSUMER) timestamp=856 ms, used_size=2772992 bytes (6.8%)
(RDMA_READ_CONSUME_CHECK_CONSUMER) timestamp=856 ms, used_size=2770944 bytes (6.8%)
(RDMA_READ_CONSUME_CHECK_CONSUMER) timestamp=856 ms, used_size=2768896 bytes (6.8%)
(RDMA_READ_CONSUME_CHECK_CONSUMER) timestamp=856 ms, used_size=2766848 bytes (6.8%)
(RDMA_READ_CONSUME_CHECK_CONSUMER) timestamp=856 ms, used_size=2764800 bytes (6.8%)
(RDMA_READ_CONSUME_CHECK_CONSUMER) timestamp=856 ms, used_size=2762752 bytes (6.7%)
(RDMA_READ_CONSUME_CHECK_CONSUMER) timestamp=856 ms, used_size=2760704 bytes (6.7%)
(RDMA_READ_CONSUME_CHECK_CONSUMER) timestamp=856 ms, used_size=2758656 bytes (6.7%)
(RDMA_READ_CONSUME_CHECK_CONSUMER) timestamp=856 ms, used_size=2756608 bytes (6.7%)
(RDMA_READ_CONSUME_CHECK_CONSUMER) timestamp=856 ms, used_size=2754560 bytes (6.7%)
(RDMA_READ_CONSUME_CHECK_CONSUMER) timestamp=856 ms, used_size=2752512 bytes (6.7%)
(RDMA_READ_CONSUME_CHECK_CONSUMER) timestamp=856 ms, used_size=2750464 bytes (6.7%)
(RDMA_READ_CONSUME_CHECK_CONSUMER) timestamp=856 ms, used_size=2748416 bytes (6.7%)
(RDMA_READ_CONSUME_CHECK_CONSUMER) timestamp=856 ms, used_size=2746368 bytes (6.7%)
(RDMA_READ_CONSUME_CHECK_CONSUMER) timestamp=856 ms, used_size=2744320 bytes (6.7%)
(RDMA_READ_CONSUME_CHECK_CONSUMER) timestamp=856 ms, used_size=2742272 bytes (6.7%)
(RDMA_READ_CONSUME_CHECK_CONSUMER) timestamp=856 ms, used_size=2740224 bytes (6.7%)
(RDMA_READ_CONSUME_CHECK_CONSUMER) timestamp=856 ms, used_size=2738176 bytes (6.7%)
(RDMA_READ_CONSUME_CHECK_CONSUMER) timestamp=856 ms, used_size=2736128 bytes (6.7%)
(RDMA_READ_CONSUME_CHECK_CONSUMER) timestamp=856 ms, used_size=2734080 bytes (6.7%)
(RDMA_READ_CONSUME_CHECK_CONSUMER) timestamp=856 ms, used_size=2732032 bytes (6.7%)
(RDMA_READ_CONSUME_CHECK_CONSUMER) timestamp=856 ms, used_size=2729984 bytes (6.7%)
(RDMA_READ_CONSUME_CHECK_CONSUMER) timestamp=856 ms, used_size=2727936 bytes (6.7%)
(RDMA_READ_CONSUME_CHECK_CONSUMER) timestamp=856 ms, used_size=2725888 bytes (6.7%)
(RDMA_READ_CONSUME_CHECK_CONSUMER) timestamp=856 ms, used_size=2723840 bytes (6.7%)
(RDMA_READ_CONSUME_CHECK_CONSUMER) timestamp=856 ms, used_size=2721792 bytes (6.6%)
(RDMA_READ_CONSUME_CHECK_CONSUMER) timestamp=856 ms, used_size=2719744 bytes (6.6%)
(RDMA_READ_CONSUME_CHECK_CONSUMER) timestamp=856 ms, used_size=2717696 bytes (6.6%)
(RDMA_READ_CONSUME_CHECK_CONSUMER) timestamp=856 ms, used_size=2715648 bytes (6.6%)
(RDMA_READ_CONSUME_CHECK_CONSUMER) timestamp=856 ms, used_size=2713600 bytes (6.6%)
(RDMA_READ_CONSUME_CHECK_CONSUMER) timestamp=856 ms, used_size=2711552 bytes (6.6%)
(RDMA_READ_CONSUME_CHECK_CONSUMER) timestamp=856 ms, used_size=2709504 bytes (6.6%)
(RDMA_READ_CONSUME_CHECK_CONSUMER) timestamp=856 ms, used_size=2707456 bytes (6.6%)
(RDMA_READ_CONSUME_CHECK_CONSUMER) timestamp=856 ms, used_size=2705408 bytes (6.6%)
(RDMA_READ_CONSUME_CHECK_CONSUMER) timestamp=856 ms, used_size=2703360 bytes (6.6%)
(RDMA_READ_CONSUME_CHECK_CONSUMER) timestamp=856 ms, used_size=2701312 bytes (6.6%)
(RDMA_READ_CONSUME_CHECK_CONSUMER) timestamp=856 ms, used_size=2699264 bytes (6.6%)
(RDMA_READ_CONSUME_CHECK_CONSUMER) timestamp=856 ms, used_size=2697216 bytes (6.6%)
(RDMA_READ_CONSUME_CHECK_CONSUMER) timestamp=856 ms, used_size=2695168 bytes (6.6%)
(RDMA_READ_CONSUME_CHECK_CONSUMER) timestamp=856 ms, used_size=2693120 bytes (6.6%)
(RDMA_READ_CONSUME_CHECK_CONSUMER) timestamp=856 ms, used_size=2691072 bytes (6.6%)
(RDMA_READ_CONSUME_CHECK_CONSUMER) timestamp=856 ms, used_size=2689024 bytes (6.6%)
(RDMA_READ_CONSUME_CHECK_CONSUMER) timestamp=856 ms, used_size=2686976 bytes (6.6%)
(RDMA_READ_CONSUME_CHECK_CONSUMER) timestamp=856 ms, used_size=2684928 bytes (6.6%)
(RDMA_READ_CONSUME_CHECK_CONSUMER) timestamp=856 ms, used_size=2682880 bytes (6.5%)
(RDMA_READ_CONSUME_CHECK_CONSUMER) timestamp=856 ms, used_size=2680832 bytes (6.5%)
(RDMA_READ_CONSUME_CHECK_CONSUMER) timestamp=856 ms, used_size=2678784 bytes (6.5%)
(RDMA_READ_CONSUME_CHECK_CONSUMER) timestamp=856 ms, used_size=2676736 bytes (6.5%)
(RDMA_READ_CONSUME_CHECK_CONSUMER) timestamp=856 ms, used_size=2674688 bytes (6.5%)
(RDMA_READ_CONSUME_CHECK_CONSUMER) timestamp=856 ms, used_size=2672640 bytes (6.5%)
(RDMA_READ_CONSUME_CHECK_CONSUMER) timestamp=856 ms, used_size=2670592 bytes (6.5%)
(RDMA_READ_CONSUME_CHECK_CONSUMER) timestamp=856 ms, used_size=2668544 bytes (6.5%)
(RDMA_READ_CONSUME_CHECK_CONSUMER) timestamp=856 ms, used_size=2666496 bytes (6.5%)
(RDMA_READ_CONSUME_CHECK_CONSUMER) timestamp=856 ms, used_size=2664448 bytes (6.5%)
(RDMA_READ_CONSUME_CHECK_CONSUMER) timestamp=856 ms, used_size=2662400 bytes (6.5%)
(RDMA_READ_CONSUME_CHECK_CONSUMER) timestamp=856 ms, used_size=2660352 bytes (6.5%)
(RDMA_READ_CONSUME_CHECK_CONSUMER) timestamp=856 ms, used_size=2658304 bytes (6.5%)
(RDMA_READ_CONSUME_CHECK_CONSUMER) timestamp=856 ms, used_size=2656256 bytes (6.5%)
(RDMA_READ_CONSUME_CHECK_CONSUMER) timestamp=856 ms, used_size=2654208 bytes (6.5%)
(RDMA_READ_CONSUME_CHECK_CONSUMER) timestamp=856 ms, used_size=2652160 bytes (6.5%)
(RDMA_READ_CONSUME_CHECK_CONSUMER) timestamp=856 ms, used_size=2650112 bytes (6.5%)
(RDMA_READ_CONSUME_CHECK_CONSUMER) timestamp=856 ms, used_size=2648064 bytes (6.5%)
(RDMA_READ_CONSUME_CHECK_CONSUMER) timestamp=856 ms, used_size=2646016 bytes (6.5%)
(RDMA_READ_CONSUME_CHECK_CONSUMER) timestamp=856 ms, used_size=2643968 bytes (6.5%)
(RDMA_READ_CONSUME_CHECK_CONSUMER) timestamp=856 ms, used_size=2641920 bytes (6.5%)
(RDMA_READ_CONSUME_CHECK_CONSUMER) timestamp=856 ms, used_size=2639872 bytes (6.4%)
(RDMA_READ_CONSUME_CHECK_CONSUMER) timestamp=856 ms, used_size=2637824 bytes (6.4%)
(RDMA_READ_CONSUME_CHECK_CONSUMER) timestamp=856 ms, used_size=2635776 bytes (6.4%)
(RDMA_READ_CONSUME_CHECK_CONSUMER) timestamp=856 ms, used_size=2633728 bytes (6.4%)
(RDMA_READ_CONSUME_CHECK_CONSUMER) timestamp=856 ms, used_size=2631680 bytes (6.4%)
(RDMA_READ_CONSUME_CHECK_CONSUMER) timestamp=856 ms, used_size=2629632 bytes (6.4%)
(RDMA_READ_CONSUME_CHECK_CONSUMER) timestamp=856 ms, used_size=2627584 bytes (6.4%)
(RDMA_READ_CONSUME_CHECK_CONSUMER) timestamp=856 ms, used_size=2625536 bytes (6.4%)
(RDMA_READ_CONSUME_CHECK_CONSUMER) timestamp=856 ms, used_size=2623488 bytes (6.4%)
(RDMA_READ_CONSUME_CHECK_CONSUMER) timestamp=856 ms, used_size=2621440 bytes (6.4%)
(RDMA_READ_CONSUME_CHECK_CONSUMER) timestamp=856 ms, used_size=2619392 bytes (6.4%)
(RDMA_READ_CONSUME_CHECK_CONSUMER) timestamp=856 ms, used_size=2617344 bytes (6.4%)
(RDMA_READ_CONSUME_CHECK_CONSUMER) timestamp=856 ms, used_size=2615296 bytes (6.4%)
(RDMA_READ_CONSUME_CHECK_CONSUMER) timestamp=856 ms, used_size=2613248 bytes (6.4%)
(RDMA_READ_CONSUME_CHECK_CONSUMER) timestamp=856 ms, used_size=2611200 bytes (6.4%)
(RDMA_READ_CONSUME_CHECK_CONSUMER) timestamp=856 ms, used_size=2609152 bytes (6.4%)
(RDMA_READ_CONSUME_CHECK_CONSUMER) timestamp=856 ms, used_size=2607104 bytes (6.4%)
(RDMA_READ_CONSUME_CHECK_CONSUMER) timestamp=856 ms, used_size=2605056 bytes (6.4%)
(RDMA_READ_CONSUME_CHECK_CONSUMER) timestamp=856 ms, used_size=2603008 bytes (6.4%)
(RDMA_READ_CONSUME_CHECK_CONSUMER) timestamp=856 ms, used_size=2600960 bytes (6.3%)
(RDMA_READ_CONSUME_CHECK_CONSUMER) timestamp=856 ms, used_size=2598912 bytes (6.3%)
(RDMA_READ_CONSUME_CHECK_CONSUMER) timestamp=856 ms, used_size=2596864 bytes (6.3%)
(RDMA_READ_CONSUME_CHECK_CONSUMER) timestamp=856 ms, used_size=2594816 bytes (6.3%)
(RDMA_READ_CONSUME_CHECK_CONSUMER) timestamp=856 ms, used_size=2592768 bytes (6.3%)
(RDMA_READ_CONSUME_CHECK_CONSUMER) timestamp=856 ms, used_size=2590720 bytes (6.3%)
(RDMA_READ_CONSUME_CHECK_CONSUMER) timestamp=856 ms, used_size=2588672 bytes (6.3%)
(RDMA_READ_CONSUME_CHECK_CONSUMER) timestamp=856 ms, used_size=2586624 bytes (6.3%)
(RDMA_READ_CONSUME_CHECK_CONSUMER) timestamp=856 ms, used_size=2584576 bytes (6.3%)
(RDMA_READ_CONSUME_CHECK_CONSUMER) timestamp=856 ms, used_size=2582528 bytes (6.3%)
(RDMA_READ_CONSUME_CHECK_CONSUMER) timestamp=856 ms, used_size=2580480 bytes (6.3%)
(RDMA_READ_CONSUME_CHECK_CONSUMER) timestamp=856 ms, used_size=2578432 bytes (6.3%)
(RDMA_READ_CONSUME_CHECK_CONSUMER) timestamp=856 ms, used_size=2576384 bytes (6.3%)
(RDMA_READ_CONSUME_CHECK_CONSUMER) timestamp=856 ms, used_size=2574336 bytes (6.3%)
(RDMA_READ_CONSUME_CHECK_CONSUMER) timestamp=856 ms, used_size=2572288 bytes (6.3%)
(RDMA_READ_CONSUME_CHECK_CONSUMER) timestamp=856 ms, used_size=2570240 bytes (6.3%)
(RDMA_READ_CONSUME_CHECK_CONSUMER) timestamp=856 ms, used_size=2568192 bytes (6.3%)
(RDMA_READ_CONSUME_CHECK_CONSUMER) timestamp=856 ms, used_size=2566144 bytes (6.3%)
(RDMA_READ_CONSUME_CHECK_CONSUMER) timestamp=856 ms, used_size=2564096 bytes (6.3%)
(RDMA_READ_CONSUME_CHECK_CONSUMER) timestamp=856 ms, used_size=2562048 bytes (6.3%)
(RDMA_READ_CONSUME_CHECK_CONSUMER) timestamp=856 ms, used_size=2560000 bytes (6.2%)
(RDMA_READ_CONSUME_CHECK_CONSUMER) timestamp=856 ms, used_size=2557952 bytes (6.2%)
(RDMA_READ_CONSUME_CHECK_CONSUMER) timestamp=856 ms, used_size=2555904 bytes (6.2%)
(RDMA_READ_CONSUME_CHECK_CONSUMER) timestamp=856 ms, used_size=2553856 bytes (6.2%)
(RDMA_READ_CONSUME_CHECK_CONSUMER) timestamp=856 ms, used_size=2551808 bytes (6.2%)
(RDMA_READ_CONSUME_CHECK_CONSUMER) timestamp=856 ms, used_size=2549760 bytes (6.2%)
(RDMA_READ_CONSUME_CHECK_CONSUMER) timestamp=856 ms, used_size=2547712 bytes (6.2%)
(RDMA_READ_CONSUME_CHECK_CONSUMER) timestamp=856 ms, used_size=2545664 bytes (6.2%)
(RDMA_READ_CONSUME_CHECK_CONSUMER) timestamp=856 ms, used_size=2543616 bytes (6.2%)
(RDMA_READ_CONSUME_CHECK_CONSUMER) timestamp=856 ms, used_size=2541568 bytes (6.2%)
(RDMA_READ_CONSUME_CHECK_CONSUMER) timestamp=856 ms, used_size=2539520 bytes (6.2%)
(RDMA_READ_CONSUME_CHECK_CONSUMER) timestamp=856 ms, used_size=2537472 bytes (6.2%)
(RDMA_READ_CONSUME_CHECK_CONSUMER) timestamp=856 ms, used_size=2535424 bytes (6.2%)
(RDMA_READ_CONSUME_CHECK_CONSUMER) timestamp=856 ms, used_size=2533376 bytes (6.2%)
(RDMA_READ_CONSUME_CHECK_CONSUMER) timestamp=856 ms, used_size=2531328 bytes (6.2%)
(RDMA_READ_CONSUME_CHECK_CONSUMER) timestamp=856 ms, used_size=2529280 bytes (6.2%)
(RDMA_READ_CONSUME_CHECK_CONSUMER) timestamp=856 ms, used_size=2527232 bytes (6.2%)
(RDMA_READ_CONSUME_CHECK_CONSUMER) timestamp=856 ms, used_size=2525184 bytes (6.2%)
(RDMA_READ_CONSUME_CHECK_CONSUMER) timestamp=856 ms, used_size=2523136 bytes (6.2%)
(RDMA_READ_CONSUME_CHECK_CONSUMER) timestamp=856 ms, used_size=2521088 bytes (6.2%)
(RDMA_READ_CONSUME_CHECK_CONSUMER) timestamp=856 ms, used_size=2519040 bytes (6.2%)
(RDMA_READ_CONSUME_CHECK_CONSUMER) timestamp=857 ms, used_size=2516992 bytes (6.1%)
(RDMA_READ_CONSUME_CHECK_CONSUMER) timestamp=857 ms, used_size=2514944 bytes (6.1%)
(RDMA_READ_CONSUME_CHECK_CONSUMER) timestamp=857 ms, used_size=2512896 bytes (6.1%)
(RDMA_READ_CONSUME_CHECK_CONSUMER) timestamp=857 ms, used_size=2510848 bytes (6.1%)
(RDMA_READ_CONSUME_CHECK_CONSUMER) timestamp=857 ms, used_size=2508800 bytes (6.1%)
(RDMA_READ_CONSUME_CHECK_CONSUMER) timestamp=857 ms, used_size=2506752 bytes (6.1%)
(RDMA_READ_CONSUME_CHECK_CONSUMER) timestamp=857 ms, used_size=2504704 bytes (6.1%)
(RDMA_READ_CONSUME_CHECK_CONSUMER) timestamp=857 ms, used_size=2502656 bytes (6.1%)
(RDMA_READ_CONSUME_CHECK_CONSUMER) timestamp=857 ms, used_size=2500608 bytes (6.1%)
(RDMA_READ_CONSUME_CHECK_CONSUMER) timestamp=857 ms, used_size=2498560 bytes (6.1%)
(RDMA_READ_CONSUME_CHECK_CONSUMER) timestamp=857 ms, used_size=2496512 bytes (6.1%)
(RDMA_READ_CONSUME_CHECK_CONSUMER) timestamp=857 ms, used_size=2494464 bytes (6.1%)
(RDMA_READ_CONSUME_CHECK_CONSUMER) timestamp=857 ms, used_size=2492416 bytes (6.1%)
(RDMA_READ_CONSUME_CHECK_CONSUMER) timestamp=857 ms, used_size=2490368 bytes (6.1%)
(RDMA_READ_CONSUME_CHECK_CONSUMER) timestamp=857 ms, used_size=2488320 bytes (6.1%)
(RDMA_READ_CONSUME_CHECK_CONSUMER) timestamp=857 ms, used_size=2486272 bytes (6.1%)
(RDMA_READ_CONSUME_CHECK_CONSUMER) timestamp=857 ms, used_size=2484224 bytes (6.1%)
(RDMA_READ_CONSUME_CHECK_CONSUMER) timestamp=857 ms, used_size=2482176 bytes (6.1%)
(RDMA_READ_CONSUME_CHECK_CONSUMER) timestamp=857 ms, used_size=2480128 bytes (6.1%)
(RDMA_READ_CONSUME_CHECK_CONSUMER) timestamp=857 ms, used_size=2478080 bytes (6.0%)
(RDMA_READ_CONSUME_CHECK_CONSUMER) timestamp=857 ms, used_size=2476032 bytes (6.0%)
(RDMA_READ_CONSUME_CHECK_CONSUMER) timestamp=857 ms, used_size=2473984 bytes (6.0%)
(RDMA_READ_CONSUME_CHECK_CONSUMER) timestamp=857 ms, used_size=2471936 bytes (6.0%)
(RDMA_READ_CONSUME_CHECK_CONSUMER) timestamp=857 ms, used_size=2469888 bytes (6.0%)
(RDMA_READ_CONSUME_CHECK_CONSUMER) timestamp=857 ms, used_size=2467840 bytes (6.0%)
(RDMA_READ_CONSUME_CHECK_CONSUMER) timestamp=857 ms, used_size=2465792 bytes (6.0%)
(RDMA_READ_CONSUME_CHECK_CONSUMER) timestamp=857 ms, used_size=2463744 bytes (6.0%)
(RDMA_READ_CONSUME_CHECK_CONSUMER) timestamp=857 ms, used_size=2461696 bytes (6.0%)
(RDMA_READ_CONSUME_CHECK_CONSUMER) timestamp=857 ms, used_size=2459648 bytes (6.0%)
(RDMA_READ_CONSUME_CHECK_CONSUMER) timestamp=857 ms, used_size=2457600 bytes (6.0%)
(RDMA_READ_CONSUME_CHECK_CONSUMER) timestamp=857 ms, used_size=2455552 bytes (6.0%)
(RDMA_READ_CONSUME_CHECK_CONSUMER) timestamp=857 ms, used_size=2453504 bytes (6.0%)
(RDMA_READ_CONSUME_CHECK_CONSUMER) timestamp=857 ms, used_size=2451456 bytes (6.0%)
(RDMA_READ_CONSUME_CHECK_CONSUMER) timestamp=857 ms, used_size=2449408 bytes (6.0%)
(RDMA_READ_CONSUME_CHECK_CONSUMER) timestamp=857 ms, used_size=2447360 bytes (6.0%)
(RDMA_READ_CONSUME_CHECK_CONSUMER) timestamp=857 ms, used_size=2445312 bytes (6.0%)
(RDMA_READ_CONSUME_CHECK_CONSUMER) timestamp=857 ms, used_size=2443264 bytes (6.0%)
(RDMA_READ_CONSUME_CHECK_CONSUMER) timestamp=857 ms, used_size=2441216 bytes (6.0%)
(RDMA_READ_CONSUME_CHECK_CONSUMER) timestamp=857 ms, used_size=2439168 bytes (6.0%)
(RDMA_READ_CONSUME_CHECK_CONSUMER) timestamp=857 ms, used_size=2437120 bytes (6.0%)
(RDMA_READ_CONSUME_CHECK_CONSUMER) timestamp=857 ms, used_size=2435072 bytes (5.9%)
(RDMA_READ_CONSUME_CHECK_CONSUMER) timestamp=857 ms, used_size=2433024 bytes (5.9%)
(RDMA_READ_CONSUME_CHECK_CONSUMER) timestamp=857 ms, used_size=2430976 bytes (5.9%)
(RDMA_READ_CONSUME_CHECK_CONSUMER) timestamp=857 ms, used_size=2428928 bytes (5.9%)
(RDMA_READ_CONSUME_CHECK_CONSUMER) timestamp=857 ms, used_size=2426880 bytes (5.9%)
(RDMA_READ_CONSUME_CHECK_CONSUMER) timestamp=857 ms, used_size=2424832 bytes (5.9%)
(RDMA_READ_CONSUME_CHECK_CONSUMER) timestamp=857 ms, used_size=2422784 bytes (5.9%)
(RDMA_READ_CONSUME_CHECK_CONSUMER) timestamp=857 ms, used_size=2420736 bytes (5.9%)
(RDMA_READ_CONSUME_CHECK_CONSUMER) timestamp=857 ms, used_size=2418688 bytes (5.9%)
(RDMA_READ_CONSUME_CHECK_CONSUMER) timestamp=857 ms, used_size=2416640 bytes (5.9%)
(RDMA_READ_CONSUME_CHECK_CONSUMER) timestamp=857 ms, used_size=2414592 bytes (5.9%)
(RDMA_READ_CONSUME_CHECK_CONSUMER) timestamp=857 ms, used_size=2412544 bytes (5.9%)
(RDMA_READ_CONSUME_CHECK_CONSUMER) timestamp=857 ms, used_size=2410496 bytes (5.9%)
(RDMA_READ_CONSUME_CHECK_CONSUMER) timestamp=857 ms, used_size=2408448 bytes (5.9%)
(RDMA_READ_CONSUME_CHECK_CONSUMER) timestamp=857 ms, used_size=2406400 bytes (5.9%)
(RDMA_READ_CONSUME_CHECK_CONSUMER) timestamp=857 ms, used_size=2404352 bytes (5.9%)
(RDMA_READ_CONSUME_CHECK_CONSUMER) timestamp=857 ms, used_size=2402304 bytes (5.9%)
(RDMA_READ_CONSUME_CHECK_CONSUMER) timestamp=857 ms, used_size=2400256 bytes (5.9%)
(RDMA_READ_CONSUME_CHECK_CONSUMER) timestamp=857 ms, used_size=2398208 bytes (5.9%)
(RDMA_READ_CONSUME_CHECK_CONSUMER) timestamp=857 ms, used_size=2396160 bytes (5.8%)
(RDMA_READ_CONSUME_CHECK_CONSUMER) timestamp=857 ms, used_size=2394112 bytes (5.8%)
(RDMA_READ_CONSUME_CHECK_CONSUMER) timestamp=857 ms, used_size=2392064 bytes (5.8%)
(RDMA_READ_CONSUME_CHECK_CONSUMER) timestamp=857 ms, used_size=2390016 bytes (5.8%)
(RDMA_READ_CONSUME_CHECK_CONSUMER) timestamp=857 ms, used_size=2387968 bytes (5.8%)
(RDMA_READ_CONSUME_CHECK_CONSUMER) timestamp=857 ms, used_size=2385920 bytes (5.8%)
(RDMA_READ_CONSUME_CHECK_CONSUMER) timestamp=857 ms, used_size=2383872 bytes (5.8%)
(RDMA_READ_CONSUME_CHECK_CONSUMER) timestamp=857 ms, used_size=2381824 bytes (5.8%)
(RDMA_READ_CONSUME_CHECK_CONSUMER) timestamp=857 ms, used_size=2379776 bytes (5.8%)
(RDMA_READ_CONSUME_CHECK_CONSUMER) timestamp=857 ms, used_size=2377728 bytes (5.8%)
(RDMA_READ_CONSUME_CHECK_CONSUMER) timestamp=857 ms, used_size=2375680 bytes (5.8%)
(RDMA_READ_CONSUME_CHECK_CONSUMER) timestamp=857 ms, used_size=2373632 bytes (5.8%)
(RDMA_READ_CONSUME_CHECK_CONSUMER) timestamp=857 ms, used_size=2371584 bytes (5.8%)
(RDMA_READ_CONSUME_CHECK_CONSUMER) timestamp=857 ms, used_size=2369536 bytes (5.8%)
(RDMA_READ_CONSUME_CHECK_CONSUMER) timestamp=857 ms, used_size=2367488 bytes (5.8%)
(RDMA_READ_CONSUME_CHECK_CONSUMER) timestamp=857 ms, used_size=2365440 bytes (5.8%)
(RDMA_READ_CONSUME_CHECK_CONSUMER) timestamp=857 ms, used_size=2363392 bytes (5.8%)
(RDMA_READ_CONSUME_CHECK_CONSUMER) timestamp=857 ms, used_size=2361344 bytes (5.8%)
(RDMA_READ_CONSUME_CHECK_CONSUMER) timestamp=857 ms, used_size=2359296 bytes (5.8%)
(RDMA_READ_CONSUME_CHECK_CONSUMER) timestamp=857 ms, used_size=2357248 bytes (5.8%)
(RDMA_READ_CONSUME_CHECK_CONSUMER) timestamp=857 ms, used_size=2355200 bytes (5.8%)
(RDMA_READ_CONSUME_CHECK_CONSUMER) timestamp=857 ms, used_size=2353152 bytes (5.7%)
(RDMA_READ_CONSUME_CHECK_CONSUMER) timestamp=857 ms, used_size=2351104 bytes (5.7%)
(RDMA_READ_CONSUME_CHECK_CONSUMER) timestamp=857 ms, used_size=2349056 bytes (5.7%)
(RDMA_READ_CONSUME_CHECK_CONSUMER) timestamp=857 ms, used_size=2347008 bytes (5.7%)
(RDMA_READ_CONSUME_CHECK_CONSUMER) timestamp=857 ms, used_size=2344960 bytes (5.7%)
(RDMA_READ_CONSUME_CHECK_CONSUMER) timestamp=857 ms, used_size=2342912 bytes (5.7%)
(RDMA_READ_CONSUME_CHECK_CONSUMER) timestamp=857 ms, used_size=2340864 bytes (5.7%)
(RDMA_READ_CONSUME_CHECK_CONSUMER) timestamp=857 ms, used_size=2338816 bytes (5.7%)
(RDMA_READ_CONSUME_CHECK_CONSUMER) timestamp=857 ms, used_size=2336768 bytes (5.7%)
(RDMA_READ_CONSUME_CHECK_CONSUMER) timestamp=857 ms, used_size=2334720 bytes (5.7%)
(RDMA_READ_CONSUME_CHECK_CONSUMER) timestamp=857 ms, used_size=2332672 bytes (5.7%)
(RDMA_READ_CONSUME_CHECK_CONSUMER) timestamp=857 ms, used_size=2330624 bytes (5.7%)
(RDMA_READ_CONSUME_CHECK_CONSUMER) timestamp=857 ms, used_size=2328576 bytes (5.7%)
(RDMA_READ_CONSUME_CHECK_CONSUMER) timestamp=857 ms, used_size=2326528 bytes (5.7%)
(RDMA_READ_CONSUME_CHECK_CONSUMER) timestamp=857 ms, used_size=2324480 bytes (5.7%)
(RDMA_READ_CONSUME_CHECK_CONSUMER) timestamp=857 ms, used_size=2322432 bytes (5.7%)
(RDMA_READ_CONSUME_CHECK_CONSUMER) timestamp=857 ms, used_size=2320384 bytes (5.7%)
(RDMA_READ_CONSUME_CHECK_CONSUMER) timestamp=857 ms, used_size=2318336 bytes (5.7%)
(RDMA_READ_CONSUME_CHECK_CONSUMER) timestamp=857 ms, used_size=2316288 bytes (5.7%)
(RDMA_READ_CONSUME_CHECK_CONSUMER) timestamp=857 ms, used_size=2314240 bytes (5.7%)
(RDMA_READ_CONSUME_CHECK_CONSUMER) timestamp=857 ms, used_size=2312192 bytes (5.6%)
(RDMA_READ_CONSUME_CHECK_CONSUMER) timestamp=857 ms, used_size=2310144 bytes (5.6%)
(RDMA_READ_CONSUME_CHECK_CONSUMER) timestamp=857 ms, used_size=2308096 bytes (5.6%)
(RDMA_READ_CONSUME_CHECK_CONSUMER) timestamp=857 ms, used_size=2306048 bytes (5.6%)
(RDMA_READ_CONSUME_CHECK_CONSUMER) timestamp=857 ms, used_size=2304000 bytes (5.6%)
(RDMA_READ_CONSUME_CHECK_CONSUMER) timestamp=857 ms, used_size=2301952 bytes (5.6%)
(RDMA_READ_CONSUME_CHECK_CONSUMER) timestamp=857 ms, used_size=2299904 bytes (5.6%)
(RDMA_READ_CONSUME_CHECK_CONSUMER) timestamp=857 ms, used_size=2297856 bytes (5.6%)
(RDMA_READ_CONSUME_CHECK_CONSUMER) timestamp=857 ms, used_size=2295808 bytes (5.6%)
(RDMA_READ_CONSUME_CHECK_CONSUMER) timestamp=857 ms, used_size=2293760 bytes (5.6%)
(RDMA_READ_CONSUME_CHECK_CONSUMER) timestamp=857 ms, used_size=2291712 bytes (5.6%)
(RDMA_READ_CONSUME_CHECK_CONSUMER) timestamp=857 ms, used_size=2289664 bytes (5.6%)
(RDMA_READ_CONSUME_CHECK_CONSUMER) timestamp=857 ms, used_size=2287616 bytes (5.6%)
(RDMA_READ_CONSUME_CHECK_CONSUMER) timestamp=857 ms, used_size=2285568 bytes (5.6%)
(RDMA_READ_CONSUME_CHECK_CONSUMER) timestamp=857 ms, used_size=2283520 bytes (5.6%)
(RDMA_READ_CONSUME_CHECK_CONSUMER) timestamp=857 ms, used_size=2281472 bytes (5.6%)
(RDMA_READ_CONSUME_CHECK_CONSUMER) timestamp=857 ms, used_size=2279424 bytes (5.6%)
(RDMA_READ_CONSUME_CHECK_CONSUMER) timestamp=857 ms, used_size=2277376 bytes (5.6%)
(RDMA_READ_CONSUME_CHECK_CONSUMER) timestamp=857 ms, used_size=2275328 bytes (5.6%)
(RDMA_READ_CONSUME_CHECK_CONSUMER) timestamp=857 ms, used_size=2273280 bytes (5.5%)
(RDMA_READ_CONSUME_CHECK_CONSUMER) timestamp=857 ms, used_size=2271232 bytes (5.5%)
(RDMA_READ_CONSUME_CHECK_CONSUMER) timestamp=857 ms, used_size=2269184 bytes (5.5%)
(RDMA_READ_CONSUME_CHECK_CONSUMER) timestamp=857 ms, used_size=2267136 bytes (5.5%)
(RDMA_READ_CONSUME_CHECK_CONSUMER) timestamp=857 ms, used_size=2265088 bytes (5.5%)
(RDMA_READ_CONSUME_CHECK_CONSUMER) timestamp=857 ms, used_size=2263040 bytes (5.5%)
(RDMA_READ_CONSUME_CHECK_CONSUMER) timestamp=857 ms, used_size=2260992 bytes (5.5%)
(RDMA_READ_CONSUME_CHECK_CONSUMER) timestamp=857 ms, used_size=2258944 bytes (5.5%)
(RDMA_READ_CONSUME_CHECK_CONSUMER) timestamp=857 ms, used_size=2256896 bytes (5.5%)
(RDMA_READ_CONSUME_CHECK_CONSUMER) timestamp=857 ms, used_size=2254848 bytes (5.5%)
(RDMA_READ_CONSUME_CHECK_CONSUMER) timestamp=857 ms, used_size=2252800 bytes (5.5%)
(RDMA_READ_CONSUME_CHECK_CONSUMER) timestamp=857 ms, used_size=2250752 bytes (5.5%)
(RDMA_READ_CONSUME_CHECK_CONSUMER) timestamp=857 ms, used_size=2248704 bytes (5.5%)
(RDMA_READ_CONSUME_CHECK_CONSUMER) timestamp=857 ms, used_size=2246656 bytes (5.5%)
(RDMA_READ_CONSUME_CHECK_CONSUMER) timestamp=857 ms, used_size=2244608 bytes (5.5%)
(RDMA_READ_CONSUME_CHECK_CONSUMER) timestamp=857 ms, used_size=2242560 bytes (5.5%)
(RDMA_READ_CONSUME_CHECK_CONSUMER) timestamp=857 ms, used_size=2240512 bytes (5.5%)
(RDMA_READ_CONSUME_CHECK_CONSUMER) timestamp=857 ms, used_size=2238464 bytes (5.5%)
(RDMA_READ_CONSUME_CHECK_CONSUMER) timestamp=857 ms, used_size=2236416 bytes (5.5%)
(RDMA_READ_CONSUME_CHECK_CONSUMER) timestamp=857 ms, used_size=2234368 bytes (5.5%)
(RDMA_READ_CONSUME_CHECK_CONSUMER) timestamp=857 ms, used_size=2232320 bytes (5.5%)
(RDMA_READ_CONSUME_CHECK_CONSUMER) timestamp=857 ms, used_size=2230272 bytes (5.4%)
(RDMA_READ_CONSUME_CHECK_CONSUMER) timestamp=857 ms, used_size=2228224 bytes (5.4%)
(RDMA_READ_CONSUME_CHECK_CONSUMER) timestamp=857 ms, used_size=2226176 bytes (5.4%)
(RDMA_READ_CONSUME_CHECK_CONSUMER) timestamp=857 ms, used_size=2224128 bytes (5.4%)
(RDMA_READ_CONSUME_CHECK_CONSUMER) timestamp=857 ms, used_size=2222080 bytes (5.4%)
(RDMA_READ_CONSUME_CHECK_CONSUMER) timestamp=857 ms, used_size=2220032 bytes (5.4%)
(RDMA_READ_CONSUME_CHECK_CONSUMER) timestamp=857 ms, used_size=2217984 bytes (5.4%)
(RDMA_READ_CONSUME_CHECK_CONSUMER) timestamp=857 ms, used_size=2215936 bytes (5.4%)
(RDMA_READ_CONSUME_CHECK_CONSUMER) timestamp=857 ms, used_size=2213888 bytes (5.4%)
(RDMA_READ_CONSUME_CHECK_CONSUMER) timestamp=857 ms, used_size=2211840 bytes (5.4%)
(RDMA_READ_CONSUME_CHECK_CONSUMER) timestamp=857 ms, used_size=2209792 bytes (5.4%)
(RDMA_READ_CONSUME_CHECK_CONSUMER) timestamp=857 ms, used_size=2207744 bytes (5.4%)
(RDMA_READ_CONSUME_CHECK_CONSUMER) timestamp=857 ms, used_size=2205696 bytes (5.4%)
(RDMA_READ_CONSUME_CHECK_CONSUMER) timestamp=857 ms, used_size=2203648 bytes (5.4%)
(RDMA_READ_CONSUME_CHECK_CONSUMER) timestamp=857 ms, used_size=2201600 bytes (5.4%)
(RDMA_READ_CONSUME_CHECK_CONSUMER) timestamp=857 ms, used_size=2199552 bytes (5.4%)
(RDMA_READ_CONSUME_CHECK_CONSUMER) timestamp=857 ms, used_size=2197504 bytes (5.4%)
(RDMA_READ_CONSUME_CHECK_CONSUMER) timestamp=857 ms, used_size=2195456 bytes (5.4%)
(RDMA_READ_CONSUME_CHECK_CONSUMER) timestamp=857 ms, used_size=2193408 bytes (5.4%)
(RDMA_READ_CONSUME_CHECK_CONSUMER) timestamp=857 ms, used_size=2191360 bytes (5.3%)
(RDMA_READ_CONSUME_CHECK_CONSUMER) timestamp=857 ms, used_size=2189312 bytes (5.3%)
(RDMA_READ_CONSUME_CHECK_CONSUMER) timestamp=857 ms, used_size=2187264 bytes (5.3%)
(RDMA_READ_CONSUME_CHECK_CONSUMER) timestamp=857 ms, used_size=2185216 bytes (5.3%)
(RDMA_READ_CONSUME_CHECK_CONSUMER) timestamp=857 ms, used_size=2183168 bytes (5.3%)
(RDMA_READ_CONSUME_CHECK_CONSUMER) timestamp=857 ms, used_size=2181120 bytes (5.3%)
(RDMA_READ_CONSUME_CHECK_CONSUMER) timestamp=857 ms, used_size=2179072 bytes (5.3%)
(RDMA_READ_CONSUME_CHECK_CONSUMER) timestamp=857 ms, used_size=2177024 bytes (5.3%)
(RDMA_READ_CONSUME_CHECK_CONSUMER) timestamp=857 ms, used_size=2174976 bytes (5.3%)
(RDMA_READ_CONSUME_CHECK_CONSUMER) timestamp=857 ms, used_size=2172928 bytes (5.3%)
(RDMA_READ_CONSUME_CHECK_CONSUMER) timestamp=857 ms, used_size=2170880 bytes (5.3%)
(RDMA_READ_CONSUME_CHECK_CONSUMER) timestamp=857 ms, used_size=2168832 bytes (5.3%)
(RDMA_READ_CONSUME_CHECK_CONSUMER) timestamp=857 ms, used_size=2166784 bytes (5.3%)
(RDMA_READ_CONSUME_CHECK_CONSUMER) timestamp=857 ms, used_size=2164736 bytes (5.3%)
(RDMA_READ_CONSUME_CHECK_CONSUMER) timestamp=857 ms, used_size=2162688 bytes (5.3%)
(RDMA_READ_CONSUME_CHECK_CONSUMER) timestamp=857 ms, used_size=2160640 bytes (5.3%)
(RDMA_READ_CONSUME_CHECK_CONSUMER) timestamp=857 ms, used_size=2158592 bytes (5.3%)
(RDMA_READ_CONSUME_CHECK_CONSUMER) timestamp=857 ms, used_size=2156544 bytes (5.3%)
(RDMA_READ_CONSUME_CHECK_CONSUMER) timestamp=857 ms, used_size=2154496 bytes (5.3%)
(RDMA_READ_CONSUME_CHECK_CONSUMER) timestamp=857 ms, used_size=2152448 bytes (5.3%)
(RDMA_READ_CONSUME_CHECK_CONSUMER) timestamp=857 ms, used_size=2150400 bytes (5.2%)
(RDMA_READ_CONSUME_CHECK_CONSUMER) timestamp=857 ms, used_size=2148352 bytes (5.2%)
(RDMA_READ_CONSUME_CHECK_CONSUMER) timestamp=857 ms, used_size=2146304 bytes (5.2%)
(RDMA_READ_CONSUME_CHECK_CONSUMER) timestamp=857 ms, used_size=2144256 bytes (5.2%)
(RDMA_READ_CONSUME_CHECK_CONSUMER) timestamp=857 ms, used_size=2142208 bytes (5.2%)
(RDMA_READ_CONSUME_CHECK_CONSUMER) timestamp=857 ms, used_size=2140160 bytes (5.2%)
(RDMA_READ_CONSUME_CHECK_CONSUMER) timestamp=857 ms, used_size=2138112 bytes (5.2%)
(RDMA_READ_CONSUME_CHECK_CONSUMER) timestamp=857 ms, used_size=2136064 bytes (5.2%)
(RDMA_READ_CONSUME_CHECK_CONSUMER) timestamp=857 ms, used_size=2134016 bytes (5.2%)
(RDMA_READ_CONSUME_CHECK_CONSUMER) timestamp=858 ms, used_size=2131968 bytes (5.2%)
(RDMA_READ_CONSUME_CHECK_CONSUMER) timestamp=858 ms, used_size=2129920 bytes (5.2%)
(RDMA_READ_CONSUME_CHECK_CONSUMER) timestamp=858 ms, used_size=2127872 bytes (5.2%)
(RDMA_READ_CONSUME_CHECK_CONSUMER) timestamp=858 ms, used_size=2125824 bytes (5.2%)
(RDMA_READ_CONSUME_CHECK_CONSUMER) timestamp=858 ms, used_size=2123776 bytes (5.2%)
(RDMA_READ_CONSUME_CHECK_CONSUMER) timestamp=858 ms, used_size=2121728 bytes (5.2%)
(RDMA_READ_CONSUME_CHECK_CONSUMER) timestamp=858 ms, used_size=2119680 bytes (5.2%)
(RDMA_READ_CONSUME_CHECK_CONSUMER) timestamp=858 ms, used_size=2117632 bytes (5.2%)
(RDMA_READ_CONSUME_CHECK_CONSUMER) timestamp=858 ms, used_size=2115584 bytes (5.2%)
(RDMA_READ_CONSUME_CHECK_CONSUMER) timestamp=858 ms, used_size=2113536 bytes (5.2%)
(RDMA_READ_CONSUME_CHECK_CONSUMER) timestamp=858 ms, used_size=2111488 bytes (5.2%)
(RDMA_READ_CONSUME_CHECK_CONSUMER) timestamp=858 ms, used_size=2109440 bytes (5.2%)
(RDMA_READ_CONSUME_CHECK_CONSUMER) timestamp=858 ms, used_size=2107392 bytes (5.1%)
(RDMA_READ_CONSUME_CHECK_CONSUMER) timestamp=858 ms, used_size=2105344 bytes (5.1%)
(RDMA_READ_CONSUME_CHECK_CONSUMER) timestamp=858 ms, used_size=2103296 bytes (5.1%)
(RDMA_READ_CONSUME_CHECK_CONSUMER) timestamp=858 ms, used_size=2101248 bytes (5.1%)
(RDMA_READ_CONSUME_CHECK_CONSUMER) timestamp=858 ms, used_size=2099200 bytes (5.1%)
(RDMA_READ_CONSUME_CHECK_CONSUMER) timestamp=858 ms, used_size=2097152 bytes (5.1%)
(RDMA_READ_CONSUME_CHECK_CONSUMER) timestamp=858 ms, used_size=2095104 bytes (5.1%)
(RDMA_READ_CONSUME_CHECK_CONSUMER) timestamp=858 ms, used_size=2093056 bytes (5.1%)
(RDMA_READ_CONSUME_CHECK_CONSUMER) timestamp=858 ms, used_size=2091008 bytes (5.1%)
(RDMA_READ_CONSUME_CHECK_CONSUMER) timestamp=858 ms, used_size=2088960 bytes (5.1%)
(RDMA_READ_CONSUME_CHECK_CONSUMER) timestamp=858 ms, used_size=2086912 bytes (5.1%)
(RDMA_READ_CONSUME_CHECK_CONSUMER) timestamp=858 ms, used_size=2084864 bytes (5.1%)
(RDMA_READ_CONSUME_CHECK_CONSUMER) timestamp=858 ms, used_size=2082816 bytes (5.1%)
(RDMA_READ_CONSUME_CHECK_CONSUMER) timestamp=858 ms, used_size=2080768 bytes (5.1%)
(RDMA_READ_CONSUME_CHECK_CONSUMER) timestamp=858 ms, used_size=2078720 bytes (5.1%)
(RDMA_READ_CONSUME_CHECK_CONSUMER) timestamp=858 ms, used_size=2076672 bytes (5.1%)
(RDMA_READ_CONSUME_CHECK_CONSUMER) timestamp=858 ms, used_size=2074624 bytes (5.1%)
(RDMA_READ_CONSUME_CHECK_CONSUMER) timestamp=858 ms, used_size=2072576 bytes (5.1%)
(RDMA_READ_CONSUME_CHECK_CONSUMER) timestamp=858 ms, used_size=2070528 bytes (5.1%)
(RDMA_READ_CONSUME_CHECK_CONSUMER) timestamp=858 ms, used_size=2068480 bytes (5.0%)
(RDMA_READ_CONSUME_CHECK_CONSUMER) timestamp=858 ms, used_size=2066432 bytes (5.0%)
(RDMA_READ_CONSUME_CHECK_CONSUMER) timestamp=858 ms, used_size=2064384 bytes (5.0%)
(RDMA_READ_CONSUME_CHECK_CONSUMER) timestamp=858 ms, used_size=2062336 bytes (5.0%)
(RDMA_READ_CONSUME_CHECK_CONSUMER) timestamp=858 ms, used_size=2060288 bytes (5.0%)
(RDMA_READ_CONSUME_CHECK_CONSUMER) timestamp=858 ms, used_size=2058240 bytes (5.0%)
(RDMA_READ_CONSUME_CHECK_CONSUMER) timestamp=858 ms, used_size=2056192 bytes (5.0%)
(RDMA_READ_CONSUME_CHECK_CONSUMER) timestamp=858 ms, used_size=2054144 bytes (5.0%)
(RDMA_READ_CONSUME_CHECK_CONSUMER) timestamp=858 ms, used_size=2052096 bytes (5.0%)
(RDMA_READ_CONSUME_CHECK_CONSUMER) timestamp=858 ms, used_size=2050048 bytes (5.0%)
(RDMA_READ_CONSUME_CHECK_CONSUMER) timestamp=858 ms, used_size=2048000 bytes (5.0%)
(RDMA_READ_CONSUME_CHECK_CONSUMER) timestamp=858 ms, used_size=2045952 bytes (5.0%)
(RDMA_READ_CONSUME_CHECK_CONSUMER) timestamp=858 ms, used_size=2043904 bytes (5.0%)
(RDMA_READ_CONSUME_CHECK_CONSUMER) timestamp=858 ms, used_size=2041856 bytes (5.0%)
(RDMA_READ_CONSUME_CHECK_CONSUMER) timestamp=858 ms, used_size=2039808 bytes (5.0%)
(RDMA_READ_CONSUME_CHECK_CONSUMER) timestamp=858 ms, used_size=2037760 bytes (5.0%)
(RDMA_READ_CONSUME_CHECK_CONSUMER) timestamp=858 ms, used_size=2035712 bytes (5.0%)
(RDMA_READ_CONSUME_CHECK_CONSUMER) timestamp=858 ms, used_size=2033664 bytes (5.0%)
(RDMA_READ_CONSUME_CHECK_CONSUMER) timestamp=858 ms, used_size=2031616 bytes (5.0%)
(RDMA_READ_CONSUME_CHECK_CONSUMER) timestamp=858 ms, used_size=2029568 bytes (5.0%)
(RDMA_READ_CONSUME_CHECK_CONSUMER) timestamp=858 ms, used_size=2027520 bytes (5.0%)
(RDMA_READ_CONSUME_CHECK_CONSUMER) timestamp=858 ms, used_size=2025472 bytes (4.9%)
(RDMA_READ_CONSUME_CHECK_CONSUMER) timestamp=858 ms, used_size=2023424 bytes (4.9%)
(RDMA_READ_CONSUME_CHECK_CONSUMER) timestamp=858 ms, used_size=2021376 bytes (4.9%)
(RDMA_READ_CONSUME_CHECK_CONSUMER) timestamp=858 ms, used_size=2019328 bytes (4.9%)
(RDMA_READ_CONSUME_CHECK_CONSUMER) timestamp=858 ms, used_size=2017280 bytes (4.9%)
(RDMA_READ_CONSUME_CHECK_CONSUMER) timestamp=858 ms, used_size=2015232 bytes (4.9%)
(RDMA_READ_CONSUME_CHECK_CONSUMER) timestamp=858 ms, used_size=2013184 bytes (4.9%)
(RDMA_READ_CONSUME_CHECK_CONSUMER) timestamp=858 ms, used_size=2011136 bytes (4.9%)
(RDMA_READ_CONSUME_CHECK_CONSUMER) timestamp=858 ms, used_size=2009088 bytes (4.9%)
(RDMA_READ_CONSUME_CHECK_CONSUMER) timestamp=858 ms, used_size=2007040 bytes (4.9%)
(RDMA_READ_CONSUME_CHECK_CONSUMER) timestamp=858 ms, used_size=2004992 bytes (4.9%)
(RDMA_READ_CONSUME_CHECK_CONSUMER) timestamp=858 ms, used_size=2002944 bytes (4.9%)
(RDMA_READ_CONSUME_CHECK_CONSUMER) timestamp=858 ms, used_size=2000896 bytes (4.9%)
(RDMA_READ_CONSUME_CHECK_CONSUMER) timestamp=858 ms, used_size=1998848 bytes (4.9%)
(RDMA_READ_CONSUME_CHECK_CONSUMER) timestamp=858 ms, used_size=1996800 bytes (4.9%)
(RDMA_READ_CONSUME_CHECK_CONSUMER) timestamp=858 ms, used_size=1994752 bytes (4.9%)
(RDMA_READ_CONSUME_CHECK_CONSUMER) timestamp=858 ms, used_size=1992704 bytes (4.9%)
(RDMA_READ_CONSUME_CHECK_CONSUMER) timestamp=858 ms, used_size=1990656 bytes (4.9%)
(RDMA_READ_CONSUME_CHECK_CONSUMER) timestamp=858 ms, used_size=1988608 bytes (4.9%)
(RDMA_READ_CONSUME_CHECK_CONSUMER) timestamp=858 ms, used_size=1986560 bytes (4.8%)
(RDMA_READ_CONSUME_CHECK_CONSUMER) timestamp=858 ms, used_size=1984512 bytes (4.8%)
(RDMA_READ_CONSUME_CHECK_CONSUMER) timestamp=858 ms, used_size=1982464 bytes (4.8%)
(RDMA_READ_CONSUME_CHECK_CONSUMER) timestamp=858 ms, used_size=1980416 bytes (4.8%)
(RDMA_READ_CONSUME_CHECK_CONSUMER) timestamp=858 ms, used_size=1978368 bytes (4.8%)
(RDMA_READ_CONSUME_CHECK_CONSUMER) timestamp=858 ms, used_size=1976320 bytes (4.8%)
(RDMA_READ_CONSUME_CHECK_CONSUMER) timestamp=858 ms, used_size=1974272 bytes (4.8%)
(RDMA_READ_CONSUME_CHECK_CONSUMER) timestamp=858 ms, used_size=1972224 bytes (4.8%)
(RDMA_READ_CONSUME_CHECK_CONSUMER) timestamp=858 ms, used_size=1970176 bytes (4.8%)
(RDMA_READ_CONSUME_CHECK_CONSUMER) timestamp=858 ms, used_size=1968128 bytes (4.8%)
(RDMA_READ_CONSUME_CHECK_CONSUMER) timestamp=858 ms, used_size=1966080 bytes (4.8%)
(RDMA_READ_CONSUME_CHECK_CONSUMER) timestamp=858 ms, used_size=1964032 bytes (4.8%)
(RDMA_READ_CONSUME_CHECK_CONSUMER) timestamp=858 ms, used_size=1961984 bytes (4.8%)
(RDMA_READ_CONSUME_CHECK_CONSUMER) timestamp=858 ms, used_size=1959936 bytes (4.8%)
(RDMA_READ_CONSUME_CHECK_CONSUMER) timestamp=858 ms, used_size=1957888 bytes (4.8%)
(RDMA_READ_CONSUME_CHECK_CONSUMER) timestamp=858 ms, used_size=1955840 bytes (4.8%)
(RDMA_READ_CONSUME_CHECK_CONSUMER) timestamp=858 ms, used_size=1953792 bytes (4.8%)
(RDMA_READ_CONSUME_CHECK_CONSUMER) timestamp=858 ms, used_size=1951744 bytes (4.8%)
(RDMA_READ_CONSUME_CHECK_CONSUMER) timestamp=858 ms, used_size=1949696 bytes (4.8%)
(RDMA_READ_CONSUME_CHECK_CONSUMER) timestamp=858 ms, used_size=1947648 bytes (4.8%)
(RDMA_READ_CONSUME_CHECK_CONSUMER) timestamp=858 ms, used_size=1945600 bytes (4.8%)
(RDMA_READ_CONSUME_CHECK_CONSUMER) timestamp=858 ms, used_size=1943552 bytes (4.7%)
(RDMA_READ_CONSUME_CHECK_CONSUMER) timestamp=858 ms, used_size=1941504 bytes (4.7%)
(RDMA_READ_CONSUME_CHECK_CONSUMER) timestamp=858 ms, used_size=1939456 bytes (4.7%)
(RDMA_READ_CONSUME_CHECK_CONSUMER) timestamp=858 ms, used_size=1937408 bytes (4.7%)
(RDMA_READ_CONSUME_CHECK_CONSUMER) timestamp=858 ms, used_size=1935360 bytes (4.7%)
(RDMA_READ_CONSUME_CHECK_CONSUMER) timestamp=858 ms, used_size=1933312 bytes (4.7%)
(RDMA_READ_CONSUME_CHECK_CONSUMER) timestamp=858 ms, used_size=1931264 bytes (4.7%)
(RDMA_READ_CONSUME_CHECK_CONSUMER) timestamp=858 ms, used_size=1929216 bytes (4.7%)
(RDMA_READ_CONSUME_CHECK_CONSUMER) timestamp=858 ms, used_size=1927168 bytes (4.7%)
(RDMA_READ_CONSUME_CHECK_CONSUMER) timestamp=858 ms, used_size=1925120 bytes (4.7%)
(RDMA_READ_CONSUME_CHECK_CONSUMER) timestamp=858 ms, used_size=1923072 bytes (4.7%)
(RDMA_READ_CONSUME_CHECK_CONSUMER) timestamp=858 ms, used_size=1921024 bytes (4.7%)
(RDMA_READ_CONSUME_CHECK_CONSUMER) timestamp=858 ms, used_size=1918976 bytes (4.7%)
(RDMA_READ_CONSUME_CHECK_CONSUMER) timestamp=858 ms, used_size=1916928 bytes (4.7%)
(RDMA_READ_CONSUME_CHECK_CONSUMER) timestamp=858 ms, used_size=1914880 bytes (4.7%)
(RDMA_READ_CONSUME_CHECK_CONSUMER) timestamp=858 ms, used_size=1912832 bytes (4.7%)
(RDMA_READ_CONSUME_CHECK_CONSUMER) timestamp=858 ms, used_size=1910784 bytes (4.7%)
(RDMA_READ_CONSUME_CHECK_CONSUMER) timestamp=858 ms, used_size=1908736 bytes (4.7%)
(RDMA_READ_CONSUME_CHECK_CONSUMER) timestamp=858 ms, used_size=1906688 bytes (4.7%)
(RDMA_READ_CONSUME_CHECK_CONSUMER) timestamp=858 ms, used_size=1904640 bytes (4.7%)
(RDMA_READ_CONSUME_CHECK_CONSUMER) timestamp=858 ms, used_size=1902592 bytes (4.6%)
(RDMA_READ_CONSUME_CHECK_CONSUMER) timestamp=858 ms, used_size=1900544 bytes (4.6%)
(RDMA_READ_CONSUME_CHECK_CONSUMER) timestamp=858 ms, used_size=1898496 bytes (4.6%)
(RDMA_READ_CONSUME_CHECK_CONSUMER) timestamp=858 ms, used_size=1896448 bytes (4.6%)
(RDMA_READ_CONSUME_CHECK_CONSUMER) timestamp=858 ms, used_size=1894400 bytes (4.6%)
(RDMA_READ_CONSUME_CHECK_CONSUMER) timestamp=858 ms, used_size=1892352 bytes (4.6%)
(RDMA_READ_CONSUME_CHECK_CONSUMER) timestamp=858 ms, used_size=1890304 bytes (4.6%)
(RDMA_READ_CONSUME_CHECK_CONSUMER) timestamp=858 ms, used_size=1888256 bytes (4.6%)
(RDMA_READ_CONSUME_CHECK_CONSUMER) timestamp=858 ms, used_size=1886208 bytes (4.6%)
(RDMA_READ_CONSUME_CHECK_CONSUMER) timestamp=858 ms, used_size=1884160 bytes (4.6%)
(RDMA_READ_CONSUME_CHECK_CONSUMER) timestamp=858 ms, used_size=1882112 bytes (4.6%)
(RDMA_READ_CONSUME_CHECK_CONSUMER) timestamp=858 ms, used_size=1880064 bytes (4.6%)
(RDMA_READ_CONSUME_CHECK_CONSUMER) timestamp=858 ms, used_size=1878016 bytes (4.6%)
(RDMA_READ_CONSUME_CHECK_CONSUMER) timestamp=858 ms, used_size=1875968 bytes (4.6%)
(RDMA_READ_CONSUME_CHECK_CONSUMER) timestamp=858 ms, used_size=1873920 bytes (4.6%)
(RDMA_READ_CONSUME_CHECK_CONSUMER) timestamp=858 ms, used_size=1871872 bytes (4.6%)
(RDMA_READ_CONSUME_CHECK_CONSUMER) timestamp=858 ms, used_size=1869824 bytes (4.6%)
(RDMA_READ_CONSUME_CHECK_CONSUMER) timestamp=858 ms, used_size=1867776 bytes (4.6%)
(RDMA_READ_CONSUME_CHECK_CONSUMER) timestamp=858 ms, used_size=1865728 bytes (4.6%)
(RDMA_READ_CONSUME_CHECK_CONSUMER) timestamp=858 ms, used_size=1863680 bytes (4.5%)
(RDMA_READ_CONSUME_CHECK_CONSUMER) timestamp=858 ms, used_size=1861632 bytes (4.5%)
(RDMA_READ_CONSUME_CHECK_CONSUMER) timestamp=858 ms, used_size=1859584 bytes (4.5%)
(RDMA_READ_CONSUME_CHECK_CONSUMER) timestamp=858 ms, used_size=1857536 bytes (4.5%)
(RDMA_READ_CONSUME_CHECK_CONSUMER) timestamp=858 ms, used_size=1855488 bytes (4.5%)
(RDMA_READ_CONSUME_CHECK_CONSUMER) timestamp=858 ms, used_size=1853440 bytes (4.5%)
(RDMA_READ_CONSUME_CHECK_CONSUMER) timestamp=858 ms, used_size=1851392 bytes (4.5%)
(RDMA_READ_CONSUME_CHECK_CONSUMER) timestamp=858 ms, used_size=1849344 bytes (4.5%)
(RDMA_READ_CONSUME_CHECK_CONSUMER) timestamp=858 ms, used_size=1847296 bytes (4.5%)
(RDMA_READ_CONSUME_CHECK_CONSUMER) timestamp=858 ms, used_size=1845248 bytes (4.5%)
(RDMA_READ_CONSUME_CHECK_CONSUMER) timestamp=858 ms, used_size=1843200 bytes (4.5%)
(RDMA_READ_CONSUME_CHECK_CONSUMER) timestamp=858 ms, used_size=1841152 bytes (4.5%)
(RDMA_READ_CONSUME_CHECK_CONSUMER) timestamp=858 ms, used_size=1839104 bytes (4.5%)
(RDMA_READ_CONSUME_CHECK_CONSUMER) timestamp=858 ms, used_size=1837056 bytes (4.5%)
(RDMA_READ_CONSUME_CHECK_CONSUMER) timestamp=858 ms, used_size=1835008 bytes (4.5%)
(RDMA_READ_CONSUME_CHECK_CONSUMER) timestamp=858 ms, used_size=1832960 bytes (4.5%)
(RDMA_READ_CONSUME_CHECK_CONSUMER) timestamp=858 ms, used_size=1830912 bytes (4.5%)
(RDMA_READ_CONSUME_CHECK_CONSUMER) timestamp=858 ms, used_size=1828864 bytes (4.5%)
(RDMA_READ_CONSUME_CHECK_CONSUMER) timestamp=858 ms, used_size=1826816 bytes (4.5%)
(RDMA_READ_CONSUME_CHECK_CONSUMER) timestamp=858 ms, used_size=1824768 bytes (4.5%)
(RDMA_READ_CONSUME_CHECK_CONSUMER) timestamp=858 ms, used_size=1822720 bytes (4.5%)
(RDMA_READ_CONSUME_CHECK_CONSUMER) timestamp=858 ms, used_size=1820672 bytes (4.4%)
(RDMA_READ_CONSUME_CHECK_CONSUMER) timestamp=858 ms, used_size=1818624 bytes (4.4%)
(RDMA_READ_CONSUME_CHECK_CONSUMER) timestamp=858 ms, used_size=1816576 bytes (4.4%)
(RDMA_READ_CONSUME_CHECK_CONSUMER) timestamp=858 ms, used_size=1814528 bytes (4.4%)
(RDMA_READ_CONSUME_CHECK_CONSUMER) timestamp=858 ms, used_size=1812480 bytes (4.4%)
(RDMA_READ_CONSUME_CHECK_CONSUMER) timestamp=858 ms, used_size=1810432 bytes (4.4%)
(RDMA_READ_CONSUME_CHECK_CONSUMER) timestamp=858 ms, used_size=1808384 bytes (4.4%)
(RDMA_READ_CONSUME_CHECK_CONSUMER) timestamp=858 ms, used_size=1806336 bytes (4.4%)
(RDMA_READ_CONSUME_CHECK_CONSUMER) timestamp=858 ms, used_size=1804288 bytes (4.4%)
(RDMA_READ_CONSUME_CHECK_CONSUMER) timestamp=858 ms, used_size=1802240 bytes (4.4%)
(RDMA_READ_CONSUME_CHECK_CONSUMER) timestamp=858 ms, used_size=1800192 bytes (4.4%)
(RDMA_READ_CONSUME_CHECK_CONSUMER) timestamp=858 ms, used_size=1798144 bytes (4.4%)
(RDMA_READ_CONSUME_CHECK_CONSUMER) timestamp=858 ms, used_size=1796096 bytes (4.4%)
(RDMA_READ_CONSUME_CHECK_CONSUMER) timestamp=858 ms, used_size=1794048 bytes (4.4%)
(RDMA_READ_CONSUME_CHECK_CONSUMER) timestamp=858 ms, used_size=1792000 bytes (4.4%)
(RDMA_READ_CONSUME_CHECK_CONSUMER) timestamp=858 ms, used_size=1789952 bytes (4.4%)
(RDMA_READ_CONSUME_CHECK_CONSUMER) timestamp=858 ms, used_size=1787904 bytes (4.4%)
(RDMA_READ_CONSUME_CHECK_CONSUMER) timestamp=858 ms, used_size=1785856 bytes (4.4%)
(RDMA_READ_CONSUME_CHECK_CONSUMER) timestamp=858 ms, used_size=1783808 bytes (4.4%)
(RDMA_READ_CONSUME_CHECK_CONSUMER) timestamp=858 ms, used_size=1781760 bytes (4.3%)
(RDMA_READ_CONSUME_CHECK_CONSUMER) timestamp=858 ms, used_size=1779712 bytes (4.3%)
(RDMA_READ_CONSUME_CHECK_CONSUMER) timestamp=858 ms, used_size=1777664 bytes (4.3%)
(RDMA_READ_CONSUME_CHECK_CONSUMER) timestamp=858 ms, used_size=1775616 bytes (4.3%)
(RDMA_READ_CONSUME_CHECK_CONSUMER) timestamp=858 ms, used_size=1773568 bytes (4.3%)
(RDMA_READ_CONSUME_CHECK_CONSUMER) timestamp=858 ms, used_size=1771520 bytes (4.3%)
(RDMA_READ_CONSUME_CHECK_CONSUMER) timestamp=858 ms, used_size=1769472 bytes (4.3%)
(RDMA_READ_CONSUME_CHECK_CONSUMER) timestamp=858 ms, used_size=1767424 bytes (4.3%)
(RDMA_READ_CONSUME_CHECK_CONSUMER) timestamp=858 ms, used_size=1765376 bytes (4.3%)
(RDMA_READ_CONSUME_CHECK_CONSUMER) timestamp=858 ms, used_size=1763328 bytes (4.3%)
(RDMA_READ_CONSUME_CHECK_CONSUMER) timestamp=858 ms, used_size=1761280 bytes (4.3%)
(RDMA_READ_CONSUME_CHECK_CONSUMER) timestamp=858 ms, used_size=1759232 bytes (4.3%)
(RDMA_READ_CONSUME_CHECK_CONSUMER) timestamp=858 ms, used_size=1757184 bytes (4.3%)
(RDMA_READ_CONSUME_CHECK_CONSUMER) timestamp=858 ms, used_size=1755136 bytes (4.3%)
(RDMA_READ_CONSUME_CHECK_CONSUMER) timestamp=858 ms, used_size=1753088 bytes (4.3%)
(RDMA_READ_CONSUME_CHECK_CONSUMER) timestamp=858 ms, used_size=1751040 bytes (4.3%)
(RDMA_READ_CONSUME_CHECK_CONSUMER) timestamp=859 ms, used_size=1748992 bytes (4.3%)
(RDMA_READ_CONSUME_CHECK_CONSUMER) timestamp=859 ms, used_size=1746944 bytes (4.3%)
(RDMA_READ_CONSUME_CHECK_CONSUMER) timestamp=859 ms, used_size=1744896 bytes (4.3%)
(RDMA_READ_CONSUME_CHECK_CONSUMER) timestamp=859 ms, used_size=1742848 bytes (4.3%)
(RDMA_READ_CONSUME_CHECK_CONSUMER) timestamp=859 ms, used_size=1740800 bytes (4.2%)
(RDMA_READ_CONSUME_CHECK_CONSUMER) timestamp=859 ms, used_size=1738752 bytes (4.2%)
(RDMA_READ_CONSUME_CHECK_CONSUMER) timestamp=859 ms, used_size=1736704 bytes (4.2%)
(RDMA_READ_CONSUME_CHECK_CONSUMER) timestamp=859 ms, used_size=1734656 bytes (4.2%)
(RDMA_READ_CONSUME_CHECK_CONSUMER) timestamp=859 ms, used_size=1732608 bytes (4.2%)
(RDMA_READ_CONSUME_CHECK_CONSUMER) timestamp=859 ms, used_size=1730560 bytes (4.2%)
(RDMA_READ_CONSUME_CHECK_CONSUMER) timestamp=859 ms, used_size=1728512 bytes (4.2%)
(RDMA_READ_CONSUME_CHECK_CONSUMER) timestamp=859 ms, used_size=1726464 bytes (4.2%)
(RDMA_READ_CONSUME_CHECK_CONSUMER) timestamp=859 ms, used_size=1724416 bytes (4.2%)
(RDMA_READ_CONSUME_CHECK_CONSUMER) timestamp=859 ms, used_size=1722368 bytes (4.2%)
(RDMA_READ_CONSUME_CHECK_CONSUMER) timestamp=859 ms, used_size=1720320 bytes (4.2%)
(RDMA_READ_CONSUME_CHECK_CONSUMER) timestamp=859 ms, used_size=1718272 bytes (4.2%)
(RDMA_READ_CONSUME_CHECK_CONSUMER) timestamp=859 ms, used_size=1716224 bytes (4.2%)
(RDMA_READ_CONSUME_CHECK_CONSUMER) timestamp=859 ms, used_size=1714176 bytes (4.2%)
(RDMA_READ_CONSUME_CHECK_CONSUMER) timestamp=859 ms, used_size=1712128 bytes (4.2%)
(RDMA_READ_CONSUME_CHECK_CONSUMER) timestamp=859 ms, used_size=1710080 bytes (4.2%)
(RDMA_READ_CONSUME_CHECK_CONSUMER) timestamp=859 ms, used_size=1708032 bytes (4.2%)
(RDMA_READ_CONSUME_CHECK_CONSUMER) timestamp=859 ms, used_size=1705984 bytes (4.2%)
(RDMA_READ_CONSUME_CHECK_CONSUMER) timestamp=859 ms, used_size=1703936 bytes (4.2%)
(RDMA_READ_CONSUME_CHECK_CONSUMER) timestamp=859 ms, used_size=1701888 bytes (4.2%)
(RDMA_READ_CONSUME_CHECK_CONSUMER) timestamp=859 ms, used_size=1699840 bytes (4.2%)
(RDMA_READ_CONSUME_CHECK_CONSUMER) timestamp=859 ms, used_size=1697792 bytes (4.1%)
(RDMA_READ_CONSUME_CHECK_CONSUMER) timestamp=859 ms, used_size=1695744 bytes (4.1%)
(RDMA_READ_CONSUME_CHECK_CONSUMER) timestamp=859 ms, used_size=1693696 bytes (4.1%)
(RDMA_READ_CONSUME_CHECK_CONSUMER) timestamp=859 ms, used_size=1691648 bytes (4.1%)
(RDMA_READ_CONSUME_CHECK_CONSUMER) timestamp=859 ms, used_size=1689600 bytes (4.1%)
(RDMA_READ_CONSUME_CHECK_CONSUMER) timestamp=859 ms, used_size=1687552 bytes (4.1%)
(RDMA_READ_CONSUME_CHECK_CONSUMER) timestamp=859 ms, used_size=1685504 bytes (4.1%)
(RDMA_READ_CONSUME_CHECK_CONSUMER) timestamp=859 ms, used_size=1683456 bytes (4.1%)
(RDMA_READ_CONSUME_CHECK_CONSUMER) timestamp=859 ms, used_size=1681408 bytes (4.1%)
(RDMA_READ_CONSUME_CHECK_CONSUMER) timestamp=859 ms, used_size=1679360 bytes (4.1%)
(RDMA_READ_CONSUME_CHECK_CONSUMER) timestamp=859 ms, used_size=1677312 bytes (4.1%)
(RDMA_READ_CONSUME_CHECK_CONSUMER) timestamp=859 ms, used_size=1675264 bytes (4.1%)
(RDMA_READ_CONSUME_CHECK_CONSUMER) timestamp=859 ms, used_size=1673216 bytes (4.1%)
(RDMA_READ_CONSUME_CHECK_CONSUMER) timestamp=859 ms, used_size=1671168 bytes (4.1%)
(RDMA_READ_CONSUME_CHECK_CONSUMER) timestamp=859 ms, used_size=1669120 bytes (4.1%)
(RDMA_READ_CONSUME_CHECK_CONSUMER) timestamp=859 ms, used_size=1667072 bytes (4.1%)
(RDMA_READ_CONSUME_CHECK_CONSUMER) timestamp=859 ms, used_size=1665024 bytes (4.1%)
(RDMA_READ_CONSUME_CHECK_CONSUMER) timestamp=859 ms, used_size=1662976 bytes (4.1%)
(RDMA_READ_CONSUME_CHECK_CONSUMER) timestamp=859 ms, used_size=1660928 bytes (4.1%)
(RDMA_READ_CONSUME_CHECK_CONSUMER) timestamp=859 ms, used_size=1658880 bytes (4.0%)
(RDMA_READ_CONSUME_CHECK_CONSUMER) timestamp=859 ms, used_size=1656832 bytes (4.0%)
(RDMA_READ_CONSUME_CHECK_CONSUMER) timestamp=859 ms, used_size=1654784 bytes (4.0%)
(RDMA_READ_CONSUME_CHECK_CONSUMER) timestamp=859 ms, used_size=1652736 bytes (4.0%)
(RDMA_READ_CONSUME_CHECK_CONSUMER) timestamp=859 ms, used_size=1650688 bytes (4.0%)
(RDMA_READ_CONSUME_CHECK_CONSUMER) timestamp=859 ms, used_size=1648640 bytes (4.0%)
(RDMA_READ_CONSUME_CHECK_CONSUMER) timestamp=859 ms, used_size=1646592 bytes (4.0%)
(RDMA_READ_CONSUME_CHECK_CONSUMER) timestamp=859 ms, used_size=1644544 bytes (4.0%)
(RDMA_READ_CONSUME_CHECK_CONSUMER) timestamp=859 ms, used_size=1642496 bytes (4.0%)
(RDMA_READ_CONSUME_CHECK_CONSUMER) timestamp=859 ms, used_size=1640448 bytes (4.0%)
(RDMA_READ_CONSUME_CHECK_CONSUMER) timestamp=859 ms, used_size=1638400 bytes (4.0%)
(RDMA_READ_CONSUME_CHECK_CONSUMER) timestamp=859 ms, used_size=1636352 bytes (4.0%)
(RDMA_READ_CONSUME_CHECK_CONSUMER) timestamp=859 ms, used_size=1634304 bytes (4.0%)
(RDMA_READ_CONSUME_CHECK_CONSUMER) timestamp=859 ms, used_size=1632256 bytes (4.0%)
(RDMA_READ_CONSUME_CHECK_CONSUMER) timestamp=859 ms, used_size=1630208 bytes (4.0%)
(RDMA_READ_CONSUME_CHECK_CONSUMER) timestamp=859 ms, used_size=1628160 bytes (4.0%)
(RDMA_READ_CONSUME_CHECK_CONSUMER) timestamp=859 ms, used_size=1626112 bytes (4.0%)
(RDMA_READ_CONSUME_CHECK_CONSUMER) timestamp=859 ms, used_size=1624064 bytes (4.0%)
(RDMA_READ_CONSUME_CHECK_CONSUMER) timestamp=859 ms, used_size=1622016 bytes (4.0%)
(RDMA_READ_CONSUME_CHECK_CONSUMER) timestamp=859 ms, used_size=1619968 bytes (4.0%)
(RDMA_READ_CONSUME_CHECK_CONSUMER) timestamp=859 ms, used_size=1617920 bytes (4.0%)
(RDMA_READ_CONSUME_CHECK_CONSUMER) timestamp=859 ms, used_size=1615872 bytes (3.9%)
(RDMA_READ_CONSUME_CHECK_CONSUMER) timestamp=859 ms, used_size=1613824 bytes (3.9%)
(RDMA_READ_CONSUME_CHECK_CONSUMER) timestamp=859 ms, used_size=1611776 bytes (3.9%)
(RDMA_READ_CONSUME_CHECK_CONSUMER) timestamp=859 ms, used_size=1609728 bytes (3.9%)
(RDMA_READ_CONSUME_CHECK_CONSUMER) timestamp=859 ms, used_size=1607680 bytes (3.9%)
(RDMA_READ_CONSUME_CHECK_CONSUMER) timestamp=859 ms, used_size=1605632 bytes (3.9%)
(RDMA_READ_CONSUME_CHECK_CONSUMER) timestamp=859 ms, used_size=1603584 bytes (3.9%)
(RDMA_READ_CONSUME_CHECK_CONSUMER) timestamp=859 ms, used_size=1601536 bytes (3.9%)
(RDMA_READ_CONSUME_CHECK_CONSUMER) timestamp=859 ms, used_size=1599488 bytes (3.9%)
(RDMA_READ_CONSUME_CHECK_CONSUMER) timestamp=859 ms, used_size=1597440 bytes (3.9%)
(RDMA_READ_CONSUME_CHECK_CONSUMER) timestamp=859 ms, used_size=1595392 bytes (3.9%)
(RDMA_READ_CONSUME_CHECK_CONSUMER) timestamp=859 ms, used_size=1593344 bytes (3.9%)
(RDMA_READ_CONSUME_CHECK_CONSUMER) timestamp=859 ms, used_size=1591296 bytes (3.9%)
(RDMA_READ_CONSUME_CHECK_CONSUMER) timestamp=859 ms, used_size=1589248 bytes (3.9%)
(RDMA_READ_CONSUME_CHECK_CONSUMER) timestamp=859 ms, used_size=1587200 bytes (3.9%)
(RDMA_READ_CONSUME_CHECK_CONSUMER) timestamp=859 ms, used_size=1585152 bytes (3.9%)
(RDMA_READ_CONSUME_CHECK_CONSUMER) timestamp=859 ms, used_size=1583104 bytes (3.9%)
(RDMA_READ_CONSUME_CHECK_CONSUMER) timestamp=859 ms, used_size=1581056 bytes (3.9%)
(RDMA_READ_CONSUME_CHECK_CONSUMER) timestamp=859 ms, used_size=1579008 bytes (3.9%)
(RDMA_READ_CONSUME_CHECK_CONSUMER) timestamp=859 ms, used_size=1576960 bytes (3.9%)
(RDMA_READ_CONSUME_CHECK_CONSUMER) timestamp=859 ms, used_size=1574912 bytes (3.8%)
(RDMA_READ_CONSUME_CHECK_CONSUMER) timestamp=859 ms, used_size=1572864 bytes (3.8%)
(RDMA_READ_CONSUME_CHECK_CONSUMER) timestamp=859 ms, used_size=1570816 bytes (3.8%)
(RDMA_READ_CONSUME_CHECK_CONSUMER) timestamp=859 ms, used_size=1568768 bytes (3.8%)
(RDMA_READ_CONSUME_CHECK_CONSUMER) timestamp=859 ms, used_size=1566720 bytes (3.8%)
(RDMA_READ_CONSUME_CHECK_CONSUMER) timestamp=859 ms, used_size=1564672 bytes (3.8%)
(RDMA_READ_CONSUME_CHECK_CONSUMER) timestamp=859 ms, used_size=1562624 bytes (3.8%)
(RDMA_READ_CONSUME_CHECK_CONSUMER) timestamp=859 ms, used_size=1560576 bytes (3.8%)
(RDMA_READ_CONSUME_CHECK_CONSUMER) timestamp=859 ms, used_size=1558528 bytes (3.8%)
(RDMA_READ_CONSUME_CHECK_CONSUMER) timestamp=859 ms, used_size=1556480 bytes (3.8%)
(RDMA_READ_CONSUME_CHECK_CONSUMER) timestamp=859 ms, used_size=1554432 bytes (3.8%)
(RDMA_READ_CONSUME_CHECK_CONSUMER) timestamp=859 ms, used_size=1552384 bytes (3.8%)
(RDMA_READ_CONSUME_CHECK_CONSUMER) timestamp=859 ms, used_size=1550336 bytes (3.8%)
(RDMA_READ_CONSUME_CHECK_CONSUMER) timestamp=859 ms, used_size=1548288 bytes (3.8%)
(RDMA_READ_CONSUME_CHECK_CONSUMER) timestamp=859 ms, used_size=1546240 bytes (3.8%)
(RDMA_READ_CONSUME_CHECK_CONSUMER) timestamp=859 ms, used_size=1544192 bytes (3.8%)
(RDMA_READ_CONSUME_CHECK_CONSUMER) timestamp=859 ms, used_size=1542144 bytes (3.8%)
(RDMA_READ_CONSUME_CHECK_CONSUMER) timestamp=859 ms, used_size=1540096 bytes (3.8%)
(RDMA_READ_CONSUME_CHECK_CONSUMER) timestamp=859 ms, used_size=1538048 bytes (3.8%)
(RDMA_READ_CONSUME_CHECK_CONSUMER) timestamp=859 ms, used_size=1536000 bytes (3.8%)
(RDMA_READ_CONSUME_CHECK_CONSUMER) timestamp=859 ms, used_size=1533952 bytes (3.7%)
(RDMA_READ_CONSUME_CHECK_CONSUMER) timestamp=859 ms, used_size=1531904 bytes (3.7%)
(RDMA_READ_CONSUME_CHECK_CONSUMER) timestamp=859 ms, used_size=1529856 bytes (3.7%)
(RDMA_READ_CONSUME_CHECK_CONSUMER) timestamp=859 ms, used_size=1527808 bytes (3.7%)
(RDMA_READ_CONSUME_CHECK_CONSUMER) timestamp=859 ms, used_size=1525760 bytes (3.7%)
(RDMA_READ_CONSUME_CHECK_CONSUMER) timestamp=859 ms, used_size=1523712 bytes (3.7%)
(RDMA_READ_CONSUME_CHECK_CONSUMER) timestamp=859 ms, used_size=1521664 bytes (3.7%)
(RDMA_READ_CONSUME_CHECK_CONSUMER) timestamp=859 ms, used_size=1519616 bytes (3.7%)
(RDMA_READ_CONSUME_CHECK_CONSUMER) timestamp=859 ms, used_size=1517568 bytes (3.7%)
(RDMA_READ_CONSUME_CHECK_CONSUMER) timestamp=859 ms, used_size=1515520 bytes (3.7%)
(RDMA_READ_CONSUME_CHECK_CONSUMER) timestamp=859 ms, used_size=1513472 bytes (3.7%)
(RDMA_READ_CONSUME_CHECK_CONSUMER) timestamp=859 ms, used_size=1511424 bytes (3.7%)
(RDMA_READ_CONSUME_CHECK_CONSUMER) timestamp=859 ms, used_size=1509376 bytes (3.7%)
(RDMA_READ_CONSUME_CHECK_CONSUMER) timestamp=859 ms, used_size=1507328 bytes (3.7%)
(RDMA_READ_CONSUME_CHECK_CONSUMER) timestamp=859 ms, used_size=1505280 bytes (3.7%)
(RDMA_READ_CONSUME_CHECK_CONSUMER) timestamp=859 ms, used_size=1503232 bytes (3.7%)
(RDMA_READ_CONSUME_CHECK_CONSUMER) timestamp=859 ms, used_size=1501184 bytes (3.7%)
(RDMA_READ_CONSUME_CHECK_CONSUMER) timestamp=859 ms, used_size=1499136 bytes (3.7%)
(RDMA_READ_CONSUME_CHECK_CONSUMER) timestamp=859 ms, used_size=1497088 bytes (3.7%)
(RDMA_READ_CONSUME_CHECK_CONSUMER) timestamp=859 ms, used_size=1495040 bytes (3.6%)
(RDMA_READ_CONSUME_CHECK_CONSUMER) timestamp=859 ms, used_size=1492992 bytes (3.6%)
(RDMA_READ_CONSUME_CHECK_CONSUMER) timestamp=859 ms, used_size=1490944 bytes (3.6%)
(RDMA_READ_CONSUME_CHECK_CONSUMER) timestamp=859 ms, used_size=1488896 bytes (3.6%)
(RDMA_READ_CONSUME_CHECK_CONSUMER) timestamp=859 ms, used_size=1486848 bytes (3.6%)
(RDMA_READ_CONSUME_CHECK_CONSUMER) timestamp=859 ms, used_size=1484800 bytes (3.6%)
(RDMA_READ_CONSUME_CHECK_CONSUMER) timestamp=859 ms, used_size=1482752 bytes (3.6%)
(RDMA_READ_CONSUME_CHECK_CONSUMER) timestamp=859 ms, used_size=1480704 bytes (3.6%)
(RDMA_READ_CONSUME_CHECK_CONSUMER) timestamp=859 ms, used_size=1478656 bytes (3.6%)
(RDMA_READ_CONSUME_CHECK_CONSUMER) timestamp=859 ms, used_size=1476608 bytes (3.6%)
(RDMA_READ_CONSUME_CHECK_CONSUMER) timestamp=859 ms, used_size=1474560 bytes (3.6%)
(RDMA_READ_CONSUME_CHECK_CONSUMER) timestamp=859 ms, used_size=1472512 bytes (3.6%)
(RDMA_READ_CONSUME_CHECK_CONSUMER) timestamp=859 ms, used_size=1470464 bytes (3.6%)
(RDMA_READ_CONSUME_CHECK_CONSUMER) timestamp=859 ms, used_size=1468416 bytes (3.6%)
(RDMA_READ_CONSUME_CHECK_CONSUMER) timestamp=859 ms, used_size=1466368 bytes (3.6%)
(RDMA_READ_CONSUME_CHECK_CONSUMER) timestamp=859 ms, used_size=1464320 bytes (3.6%)
(RDMA_READ_CONSUME_CHECK_CONSUMER) timestamp=859 ms, used_size=1462272 bytes (3.6%)
(RDMA_READ_CONSUME_CHECK_CONSUMER) timestamp=859 ms, used_size=1460224 bytes (3.6%)
(RDMA_READ_CONSUME_CHECK_CONSUMER) timestamp=859 ms, used_size=1458176 bytes (3.6%)
(RDMA_READ_CONSUME_CHECK_CONSUMER) timestamp=859 ms, used_size=1456128 bytes (3.6%)
(RDMA_READ_CONSUME_CHECK_CONSUMER) timestamp=859 ms, used_size=1454080 bytes (3.5%)
(RDMA_READ_CONSUME_CHECK_CONSUMER) timestamp=859 ms, used_size=1452032 bytes (3.5%)
(RDMA_READ_CONSUME_CHECK_CONSUMER) timestamp=859 ms, used_size=1449984 bytes (3.5%)
(RDMA_READ_CONSUME_CHECK_CONSUMER) timestamp=859 ms, used_size=1447936 bytes (3.5%)
(RDMA_READ_CONSUME_CHECK_CONSUMER) timestamp=859 ms, used_size=1445888 bytes (3.5%)
(RDMA_READ_CONSUME_CHECK_CONSUMER) timestamp=859 ms, used_size=1443840 bytes (3.5%)
(RDMA_READ_CONSUME_CHECK_CONSUMER) timestamp=859 ms, used_size=1441792 bytes (3.5%)
(RDMA_READ_CONSUME_CHECK_CONSUMER) timestamp=859 ms, used_size=1439744 bytes (3.5%)
(RDMA_READ_CONSUME_CHECK_CONSUMER) timestamp=859 ms, used_size=1437696 bytes (3.5%)
(RDMA_READ_CONSUME_CHECK_CONSUMER) timestamp=859 ms, used_size=1435648 bytes (3.5%)
(RDMA_READ_CONSUME_CHECK_CONSUMER) timestamp=859 ms, used_size=1433600 bytes (3.5%)
(RDMA_READ_CONSUME_CHECK_CONSUMER) timestamp=859 ms, used_size=1431552 bytes (3.5%)
(RDMA_READ_CONSUME_CHECK_CONSUMER) timestamp=859 ms, used_size=1429504 bytes (3.5%)
(RDMA_READ_CONSUME_CHECK_CONSUMER) timestamp=859 ms, used_size=1427456 bytes (3.5%)
(RDMA_READ_CONSUME_CHECK_CONSUMER) timestamp=859 ms, used_size=1425408 bytes (3.5%)
(RDMA_READ_CONSUME_CHECK_CONSUMER) timestamp=859 ms, used_size=1423360 bytes (3.5%)
(RDMA_READ_CONSUME_CHECK_CONSUMER) timestamp=859 ms, used_size=1421312 bytes (3.5%)
(RDMA_READ_CONSUME_CHECK_CONSUMER) timestamp=859 ms, used_size=1419264 bytes (3.5%)
(RDMA_READ_CONSUME_CHECK_CONSUMER) timestamp=859 ms, used_size=1417216 bytes (3.5%)
(RDMA_READ_CONSUME_CHECK_CONSUMER) timestamp=859 ms, used_size=1415168 bytes (3.5%)
(RDMA_READ_CONSUME_CHECK_CONSUMER) timestamp=859 ms, used_size=1413120 bytes (3.5%)
(RDMA_READ_CONSUME_CHECK_CONSUMER) timestamp=859 ms, used_size=1411072 bytes (3.4%)
(RDMA_READ_CONSUME_CHECK_CONSUMER) timestamp=859 ms, used_size=1409024 bytes (3.4%)
(RDMA_READ_CONSUME_CHECK_CONSUMER) timestamp=859 ms, used_size=1406976 bytes (3.4%)
(RDMA_READ_CONSUME_CHECK_CONSUMER) timestamp=859 ms, used_size=1404928 bytes (3.4%)
(RDMA_READ_CONSUME_CHECK_CONSUMER) timestamp=859 ms, used_size=1402880 bytes (3.4%)
(RDMA_READ_CONSUME_CHECK_CONSUMER) timestamp=859 ms, used_size=1400832 bytes (3.4%)
(RDMA_READ_CONSUME_CHECK_CONSUMER) timestamp=859 ms, used_size=1398784 bytes (3.4%)
(RDMA_READ_CONSUME_CHECK_CONSUMER) timestamp=859 ms, used_size=1396736 bytes (3.4%)
(RDMA_READ_CONSUME_CHECK_CONSUMER) timestamp=859 ms, used_size=1394688 bytes (3.4%)
(RDMA_READ_CONSUME_CHECK_CONSUMER) timestamp=859 ms, used_size=1392640 bytes (3.4%)
(RDMA_READ_CONSUME_CHECK_CONSUMER) timestamp=859 ms, used_size=1390592 bytes (3.4%)
(RDMA_READ_CONSUME_CHECK_CONSUMER) timestamp=859 ms, used_size=1388544 bytes (3.4%)
(RDMA_READ_CONSUME_CHECK_CONSUMER) timestamp=859 ms, used_size=1386496 bytes (3.4%)
(RDMA_READ_CONSUME_CHECK_CONSUMER) timestamp=859 ms, used_size=1384448 bytes (3.4%)
(RDMA_READ_CONSUME_CHECK_CONSUMER) timestamp=859 ms, used_size=1382400 bytes (3.4%)
(RDMA_READ_CONSUME_CHECK_CONSUMER) timestamp=859 ms, used_size=1380352 bytes (3.4%)
(RDMA_READ_CONSUME_CHECK_CONSUMER) timestamp=860 ms, used_size=1378304 bytes (3.4%)
(RDMA_READ_CONSUME_CHECK_CONSUMER) timestamp=860 ms, used_size=1376256 bytes (3.4%)
(RDMA_READ_CONSUME_CHECK_CONSUMER) timestamp=860 ms, used_size=1374208 bytes (3.4%)
(RDMA_READ_CONSUME_CHECK_CONSUMER) timestamp=860 ms, used_size=1372160 bytes (3.4%)
(RDMA_READ_CONSUME_CHECK_CONSUMER) timestamp=860 ms, used_size=1370112 bytes (3.3%)
(RDMA_READ_CONSUME_CHECK_CONSUMER) timestamp=860 ms, used_size=1368064 bytes (3.3%)
(RDMA_READ_CONSUME_CHECK_CONSUMER) timestamp=860 ms, used_size=1366016 bytes (3.3%)
(RDMA_READ_CONSUME_CHECK_CONSUMER) timestamp=860 ms, used_size=1363968 bytes (3.3%)
(RDMA_READ_CONSUME_CHECK_CONSUMER) timestamp=860 ms, used_size=1361920 bytes (3.3%)
(RDMA_READ_CONSUME_CHECK_CONSUMER) timestamp=860 ms, used_size=1359872 bytes (3.3%)
(RDMA_READ_CONSUME_CHECK_CONSUMER) timestamp=860 ms, used_size=1357824 bytes (3.3%)
(RDMA_READ_CONSUME_CHECK_CONSUMER) timestamp=860 ms, used_size=1355776 bytes (3.3%)
(RDMA_READ_CONSUME_CHECK_CONSUMER) timestamp=860 ms, used_size=1353728 bytes (3.3%)
(RDMA_READ_CONSUME_CHECK_CONSUMER) timestamp=860 ms, used_size=1351680 bytes (3.3%)
(RDMA_READ_CONSUME_CHECK_CONSUMER) timestamp=860 ms, used_size=1349632 bytes (3.3%)
(RDMA_READ_CONSUME_CHECK_CONSUMER) timestamp=860 ms, used_size=1347584 bytes (3.3%)
(RDMA_READ_CONSUME_CHECK_CONSUMER) timestamp=860 ms, used_size=1345536 bytes (3.3%)
(RDMA_READ_CONSUME_CHECK_CONSUMER) timestamp=860 ms, used_size=1343488 bytes (3.3%)
(RDMA_READ_CONSUME_CHECK_CONSUMER) timestamp=860 ms, used_size=1341440 bytes (3.3%)
(RDMA_READ_CONSUME_CHECK_CONSUMER) timestamp=860 ms, used_size=1339392 bytes (3.3%)
(RDMA_READ_CONSUME_CHECK_CONSUMER) timestamp=860 ms, used_size=1337344 bytes (3.3%)
(RDMA_READ_CONSUME_CHECK_CONSUMER) timestamp=860 ms, used_size=1335296 bytes (3.3%)
(RDMA_READ_CONSUME_CHECK_CONSUMER) timestamp=860 ms, used_size=1333248 bytes (3.3%)
(RDMA_READ_CONSUME_CHECK_CONSUMER) timestamp=860 ms, used_size=1331200 bytes (3.2%)
(RDMA_READ_CONSUME_CHECK_CONSUMER) timestamp=860 ms, used_size=1329152 bytes (3.2%)
(RDMA_READ_CONSUME_CHECK_CONSUMER) timestamp=860 ms, used_size=1327104 bytes (3.2%)
(RDMA_READ_CONSUME_CHECK_CONSUMER) timestamp=860 ms, used_size=1325056 bytes (3.2%)
(RDMA_READ_CONSUME_CHECK_CONSUMER) timestamp=860 ms, used_size=1323008 bytes (3.2%)
(RDMA_READ_CONSUME_CHECK_CONSUMER) timestamp=860 ms, used_size=1320960 bytes (3.2%)
(RDMA_READ_CONSUME_CHECK_CONSUMER) timestamp=860 ms, used_size=1318912 bytes (3.2%)
(RDMA_READ_CONSUME_CHECK_CONSUMER) timestamp=860 ms, used_size=1316864 bytes (3.2%)
(RDMA_READ_CONSUME_CHECK_CONSUMER) timestamp=860 ms, used_size=1314816 bytes (3.2%)
(RDMA_READ_CONSUME_CHECK_CONSUMER) timestamp=860 ms, used_size=1312768 bytes (3.2%)
(RDMA_READ_CONSUME_CHECK_CONSUMER) timestamp=860 ms, used_size=1310720 bytes (3.2%)
(RDMA_READ_CONSUME_CHECK_CONSUMER) timestamp=860 ms, used_size=1308672 bytes (3.2%)
(RDMA_READ_CONSUME_CHECK_CONSUMER) timestamp=860 ms, used_size=1306624 bytes (3.2%)
(RDMA_READ_CONSUME_CHECK_CONSUMER) timestamp=860 ms, used_size=1304576 bytes (3.2%)
(RDMA_READ_CONSUME_CHECK_CONSUMER) timestamp=860 ms, used_size=1302528 bytes (3.2%)
(RDMA_READ_CONSUME_CHECK_CONSUMER) timestamp=860 ms, used_size=1300480 bytes (3.2%)
(RDMA_READ_CONSUME_CHECK_CONSUMER) timestamp=860 ms, used_size=1298432 bytes (3.2%)
(RDMA_READ_CONSUME_CHECK_CONSUMER) timestamp=860 ms, used_size=1296384 bytes (3.2%)
(RDMA_READ_CONSUME_CHECK_CONSUMER) timestamp=860 ms, used_size=1294336 bytes (3.2%)
(RDMA_READ_CONSUME_CHECK_CONSUMER) timestamp=860 ms, used_size=1292288 bytes (3.2%)
(RDMA_READ_CONSUME_CHECK_CONSUMER) timestamp=860 ms, used_size=1290240 bytes (3.1%)
(RDMA_READ_CONSUME_CHECK_CONSUMER) timestamp=860 ms, used_size=1288192 bytes (3.1%)
(RDMA_READ_CONSUME_CHECK_CONSUMER) timestamp=860 ms, used_size=1286144 bytes (3.1%)
(RDMA_READ_CONSUME_CHECK_CONSUMER) timestamp=860 ms, used_size=1284096 bytes (3.1%)
(RDMA_READ_CONSUME_CHECK_CONSUMER) timestamp=860 ms, used_size=1282048 bytes (3.1%)
(RDMA_READ_CONSUME_CHECK_CONSUMER) timestamp=860 ms, used_size=1280000 bytes (3.1%)
(RDMA_READ_CONSUME_CHECK_CONSUMER) timestamp=860 ms, used_size=1277952 bytes (3.1%)
(RDMA_READ_CONSUME_CHECK_CONSUMER) timestamp=860 ms, used_size=1275904 bytes (3.1%)
(RDMA_READ_CONSUME_CHECK_CONSUMER) timestamp=860 ms, used_size=1273856 bytes (3.1%)
(RDMA_READ_CONSUME_CHECK_CONSUMER) timestamp=860 ms, used_size=1271808 bytes (3.1%)
(RDMA_READ_CONSUME_CHECK_CONSUMER) timestamp=860 ms, used_size=1269760 bytes (3.1%)
(RDMA_READ_CONSUME_CHECK_CONSUMER) timestamp=860 ms, used_size=1267712 bytes (3.1%)
(RDMA_READ_CONSUME_CHECK_CONSUMER) timestamp=860 ms, used_size=1265664 bytes (3.1%)
(RDMA_READ_CONSUME_CHECK_CONSUMER) timestamp=860 ms, used_size=1263616 bytes (3.1%)
(RDMA_READ_CONSUME_CHECK_CONSUMER) timestamp=860 ms, used_size=1261568 bytes (3.1%)
(RDMA_READ_CONSUME_CHECK_CONSUMER) timestamp=860 ms, used_size=1259520 bytes (3.1%)
(RDMA_READ_CONSUME_CHECK_CONSUMER) timestamp=860 ms, used_size=1257472 bytes (3.1%)
(RDMA_READ_CONSUME_CHECK_CONSUMER) timestamp=860 ms, used_size=1255424 bytes (3.1%)
(RDMA_READ_CONSUME_CHECK_CONSUMER) timestamp=860 ms, used_size=1253376 bytes (3.1%)
(RDMA_READ_CONSUME_CHECK_CONSUMER) timestamp=860 ms, used_size=1251328 bytes (3.1%)
(RDMA_READ_CONSUME_CHECK_CONSUMER) timestamp=860 ms, used_size=1249280 bytes (3.0%)
(RDMA_READ_CONSUME_CHECK_CONSUMER) timestamp=860 ms, used_size=1247232 bytes (3.0%)
(RDMA_READ_CONSUME_CHECK_CONSUMER) timestamp=860 ms, used_size=1245184 bytes (3.0%)
(RDMA_READ_CONSUME_CHECK_CONSUMER) timestamp=860 ms, used_size=1243136 bytes (3.0%)
(RDMA_READ_CONSUME_CHECK_CONSUMER) timestamp=860 ms, used_size=1241088 bytes (3.0%)
(RDMA_READ_CONSUME_CHECK_CONSUMER) timestamp=860 ms, used_size=1239040 bytes (3.0%)
(RDMA_READ_CONSUME_CHECK_CONSUMER) timestamp=860 ms, used_size=1236992 bytes (3.0%)
(RDMA_READ_CONSUME_CHECK_CONSUMER) timestamp=860 ms, used_size=1234944 bytes (3.0%)
(RDMA_READ_CONSUME_CHECK_CONSUMER) timestamp=860 ms, used_size=1232896 bytes (3.0%)
(RDMA_READ_CONSUME_CHECK_CONSUMER) timestamp=860 ms, used_size=1230848 bytes (3.0%)
(RDMA_READ_CONSUME_CHECK_CONSUMER) timestamp=860 ms, used_size=1228800 bytes (3.0%)
(RDMA_READ_CONSUME_CHECK_CONSUMER) timestamp=860 ms, used_size=1226752 bytes (3.0%)
(RDMA_READ_CONSUME_CHECK_CONSUMER) timestamp=860 ms, used_size=1224704 bytes (3.0%)
(RDMA_READ_CONSUME_CHECK_CONSUMER) timestamp=860 ms, used_size=1222656 bytes (3.0%)
(RDMA_READ_CONSUME_CHECK_CONSUMER) timestamp=860 ms, used_size=1220608 bytes (3.0%)
(RDMA_READ_CONSUME_CHECK_CONSUMER) timestamp=860 ms, used_size=1218560 bytes (3.0%)
(RDMA_READ_CONSUME_CHECK_CONSUMER) timestamp=860 ms, used_size=1216512 bytes (3.0%)
(RDMA_READ_CONSUME_CHECK_CONSUMER) timestamp=860 ms, used_size=1214464 bytes (3.0%)
(RDMA_READ_CONSUME_CHECK_CONSUMER) timestamp=860 ms, used_size=1212416 bytes (3.0%)
(RDMA_READ_CONSUME_CHECK_CONSUMER) timestamp=860 ms, used_size=1210368 bytes (3.0%)
(RDMA_READ_CONSUME_CHECK_CONSUMER) timestamp=860 ms, used_size=1208320 bytes (3.0%)
(RDMA_READ_CONSUME_CHECK_CONSUMER) timestamp=860 ms, used_size=1206272 bytes (2.9%)
(RDMA_READ_CONSUME_CHECK_CONSUMER) timestamp=860 ms, used_size=1204224 bytes (2.9%)
(RDMA_READ_CONSUME_CHECK_CONSUMER) timestamp=860 ms, used_size=1202176 bytes (2.9%)
(RDMA_READ_CONSUME_CHECK_CONSUMER) timestamp=860 ms, used_size=1200128 bytes (2.9%)
(RDMA_READ_CONSUME_CHECK_CONSUMER) timestamp=860 ms, used_size=1198080 bytes (2.9%)
(RDMA_READ_CONSUME_CHECK_CONSUMER) timestamp=860 ms, used_size=1196032 bytes (2.9%)
(RDMA_READ_CONSUME_CHECK_CONSUMER) timestamp=860 ms, used_size=1193984 bytes (2.9%)
(RDMA_READ_CONSUME_CHECK_CONSUMER) timestamp=860 ms, used_size=1191936 bytes (2.9%)
(RDMA_READ_CONSUME_CHECK_CONSUMER) timestamp=860 ms, used_size=1189888 bytes (2.9%)
(RDMA_READ_CONSUME_CHECK_CONSUMER) timestamp=860 ms, used_size=1187840 bytes (2.9%)
(RDMA_READ_CONSUME_CHECK_CONSUMER) timestamp=860 ms, used_size=1185792 bytes (2.9%)
(RDMA_READ_CONSUME_CHECK_CONSUMER) timestamp=860 ms, used_size=1183744 bytes (2.9%)
(RDMA_READ_CONSUME_CHECK_CONSUMER) timestamp=860 ms, used_size=1181696 bytes (2.9%)
(RDMA_READ_CONSUME_CHECK_CONSUMER) timestamp=860 ms, used_size=1179648 bytes (2.9%)
(RDMA_READ_CONSUME_CHECK_CONSUMER) timestamp=860 ms, used_size=1177600 bytes (2.9%)
(RDMA_READ_CONSUME_CHECK_CONSUMER) timestamp=860 ms, used_size=1175552 bytes (2.9%)
(RDMA_READ_CONSUME_CHECK_CONSUMER) timestamp=860 ms, used_size=1173504 bytes (2.9%)
(RDMA_READ_CONSUME_CHECK_CONSUMER) timestamp=860 ms, used_size=1171456 bytes (2.9%)
(RDMA_READ_CONSUME_CHECK_CONSUMER) timestamp=860 ms, used_size=1169408 bytes (2.9%)
(RDMA_READ_CONSUME_CHECK_CONSUMER) timestamp=860 ms, used_size=1167360 bytes (2.9%)
(RDMA_READ_CONSUME_CHECK_CONSUMER) timestamp=860 ms, used_size=1165312 bytes (2.8%)
(RDMA_READ_CONSUME_CHECK_CONSUMER) timestamp=860 ms, used_size=1163264 bytes (2.8%)
(RDMA_READ_CONSUME_CHECK_CONSUMER) timestamp=860 ms, used_size=1161216 bytes (2.8%)
(RDMA_READ_CONSUME_CHECK_CONSUMER) timestamp=860 ms, used_size=1159168 bytes (2.8%)
(RDMA_READ_CONSUME_CHECK_CONSUMER) timestamp=860 ms, used_size=1157120 bytes (2.8%)
(RDMA_READ_CONSUME_CHECK_CONSUMER) timestamp=860 ms, used_size=1155072 bytes (2.8%)
(RDMA_READ_CONSUME_CHECK_CONSUMER) timestamp=860 ms, used_size=1153024 bytes (2.8%)
(RDMA_READ_CONSUME_CHECK_CONSUMER) timestamp=860 ms, used_size=1150976 bytes (2.8%)
(RDMA_READ_CONSUME_CHECK_CONSUMER) timestamp=860 ms, used_size=1148928 bytes (2.8%)
(RDMA_READ_CONSUME_CHECK_CONSUMER) timestamp=860 ms, used_size=1146880 bytes (2.8%)
(RDMA_READ_CONSUME_CHECK_CONSUMER) timestamp=860 ms, used_size=1144832 bytes (2.8%)
(RDMA_READ_CONSUME_CHECK_CONSUMER) timestamp=860 ms, used_size=1142784 bytes (2.8%)
(RDMA_READ_CONSUME_CHECK_CONSUMER) timestamp=860 ms, used_size=1140736 bytes (2.8%)
(RDMA_READ_CONSUME_CHECK_CONSUMER) timestamp=860 ms, used_size=1138688 bytes (2.8%)
(RDMA_READ_CONSUME_CHECK_CONSUMER) timestamp=860 ms, used_size=1136640 bytes (2.8%)
(RDMA_READ_CONSUME_CHECK_CONSUMER) timestamp=860 ms, used_size=1134592 bytes (2.8%)
(RDMA_READ_CONSUME_CHECK_CONSUMER) timestamp=860 ms, used_size=1132544 bytes (2.8%)
(RDMA_READ_CONSUME_CHECK_CONSUMER) timestamp=860 ms, used_size=1130496 bytes (2.8%)
(RDMA_READ_CONSUME_CHECK_CONSUMER) timestamp=860 ms, used_size=1128448 bytes (2.8%)
(RDMA_READ_CONSUME_CHECK_CONSUMER) timestamp=860 ms, used_size=1126400 bytes (2.8%)
(RDMA_READ_CONSUME_CHECK_CONSUMER) timestamp=860 ms, used_size=1124352 bytes (2.7%)
(RDMA_READ_CONSUME_CHECK_CONSUMER) timestamp=860 ms, used_size=1122304 bytes (2.7%)
(RDMA_READ_CONSUME_CHECK_CONSUMER) timestamp=860 ms, used_size=1120256 bytes (2.7%)
(RDMA_READ_CONSUME_CHECK_CONSUMER) timestamp=860 ms, used_size=1118208 bytes (2.7%)
(RDMA_READ_CONSUME_CHECK_CONSUMER) timestamp=860 ms, used_size=1116160 bytes (2.7%)
(RDMA_READ_CONSUME_CHECK_CONSUMER) timestamp=860 ms, used_size=1114112 bytes (2.7%)
(RDMA_READ_CONSUME_CHECK_CONSUMER) timestamp=860 ms, used_size=1112064 bytes (2.7%)
(RDMA_READ_CONSUME_CHECK_CONSUMER) timestamp=860 ms, used_size=1110016 bytes (2.7%)
(RDMA_READ_CONSUME_CHECK_CONSUMER) timestamp=860 ms, used_size=1107968 bytes (2.7%)
(RDMA_READ_CONSUME_CHECK_CONSUMER) timestamp=860 ms, used_size=1105920 bytes (2.7%)
(RDMA_READ_CONSUME_CHECK_CONSUMER) timestamp=860 ms, used_size=1103872 bytes (2.7%)
(RDMA_READ_CONSUME_CHECK_CONSUMER) timestamp=860 ms, used_size=1101824 bytes (2.7%)
(RDMA_READ_CONSUME_CHECK_CONSUMER) timestamp=860 ms, used_size=1099776 bytes (2.7%)
(RDMA_READ_CONSUME_CHECK_CONSUMER) timestamp=860 ms, used_size=1097728 bytes (2.7%)
(RDMA_READ_CONSUME_CHECK_CONSUMER) timestamp=860 ms, used_size=1095680 bytes (2.7%)
(RDMA_READ_CONSUME_CHECK_CONSUMER) timestamp=860 ms, used_size=1093632 bytes (2.7%)
(RDMA_READ_CONSUME_CHECK_CONSUMER) timestamp=860 ms, used_size=1091584 bytes (2.7%)
(RDMA_READ_CONSUME_CHECK_CONSUMER) timestamp=860 ms, used_size=1089536 bytes (2.7%)
(RDMA_READ_CONSUME_CHECK_CONSUMER) timestamp=860 ms, used_size=1087488 bytes (2.7%)
(RDMA_READ_CONSUME_CHECK_CONSUMER) timestamp=860 ms, used_size=1085440 bytes (2.6%)
(RDMA_READ_CONSUME_CHECK_CONSUMER) timestamp=860 ms, used_size=1083392 bytes (2.6%)
(RDMA_READ_CONSUME_CHECK_CONSUMER) timestamp=860 ms, used_size=1081344 bytes (2.6%)
(RDMA_READ_CONSUME_CHECK_CONSUMER) timestamp=860 ms, used_size=1079296 bytes (2.6%)
(RDMA_READ_CONSUME_CHECK_CONSUMER) timestamp=860 ms, used_size=1077248 bytes (2.6%)
(RDMA_READ_CONSUME_CHECK_CONSUMER) timestamp=860 ms, used_size=1075200 bytes (2.6%)
(RDMA_READ_CONSUME_CHECK_CONSUMER) timestamp=860 ms, used_size=1073152 bytes (2.6%)
(RDMA_READ_CONSUME_CHECK_CONSUMER) timestamp=860 ms, used_size=1071104 bytes (2.6%)
(RDMA_READ_CONSUME_CHECK_CONSUMER) timestamp=860 ms, used_size=1069056 bytes (2.6%)
(RDMA_READ_CONSUME_CHECK_CONSUMER) timestamp=860 ms, used_size=1067008 bytes (2.6%)
(RDMA_READ_CONSUME_CHECK_CONSUMER) timestamp=860 ms, used_size=1064960 bytes (2.6%)
(RDMA_READ_CONSUME_CHECK_CONSUMER) timestamp=860 ms, used_size=1062912 bytes (2.6%)
(RDMA_READ_CONSUME_CHECK_CONSUMER) timestamp=860 ms, used_size=1060864 bytes (2.6%)
(RDMA_READ_CONSUME_CHECK_CONSUMER) timestamp=860 ms, used_size=1058816 bytes (2.6%)
(RDMA_READ_CONSUME_CHECK_CONSUMER) timestamp=860 ms, used_size=1056768 bytes (2.6%)
(RDMA_READ_CONSUME_CHECK_CONSUMER) timestamp=860 ms, used_size=1054720 bytes (2.6%)
(RDMA_READ_CONSUME_CHECK_CONSUMER) timestamp=860 ms, used_size=1052672 bytes (2.6%)
(RDMA_READ_CONSUME_CHECK_CONSUMER) timestamp=860 ms, used_size=1050624 bytes (2.6%)
(RDMA_READ_CONSUME_CHECK_CONSUMER) timestamp=860 ms, used_size=1048576 bytes (2.6%)
(RDMA_READ_CONSUME_CHECK_CONSUMER) timestamp=860 ms, used_size=1046528 bytes (2.6%)
(RDMA_READ_CONSUME_CHECK_CONSUMER) timestamp=860 ms, used_size=1044480 bytes (2.5%)
(RDMA_READ_CONSUME_CHECK_CONSUMER) timestamp=860 ms, used_size=1042432 bytes (2.5%)
(RDMA_READ_CONSUME_CHECK_CONSUMER) timestamp=860 ms, used_size=1040384 bytes (2.5%)
(RDMA_READ_CONSUME_CHECK_CONSUMER) timestamp=860 ms, used_size=1038336 bytes (2.5%)
(RDMA_READ_CONSUME_CHECK_CONSUMER) timestamp=860 ms, used_size=1036288 bytes (2.5%)
(RDMA_READ_CONSUME_CHECK_CONSUMER) timestamp=860 ms, used_size=1034240 bytes (2.5%)
(RDMA_READ_CONSUME_CHECK_CONSUMER) timestamp=860 ms, used_size=1032192 bytes (2.5%)
(RDMA_READ_CONSUME_CHECK_CONSUMER) timestamp=860 ms, used_size=1030144 bytes (2.5%)
(RDMA_READ_CONSUME_CHECK_CONSUMER) timestamp=860 ms, used_size=1028096 bytes (2.5%)
(RDMA_READ_CONSUME_CHECK_CONSUMER) timestamp=860 ms, used_size=1026048 bytes (2.5%)
(RDMA_READ_CONSUME_CHECK_CONSUMER) timestamp=860 ms, used_size=1024000 bytes (2.5%)
(RDMA_READ_CONSUME_CHECK_CONSUMER) timestamp=860 ms, used_size=1021952 bytes (2.5%)
(RDMA_READ_CONSUME_CHECK_CONSUMER) timestamp=860 ms, used_size=1019904 bytes (2.5%)
(RDMA_READ_CONSUME_CHECK_CONSUMER) timestamp=860 ms, used_size=1017856 bytes (2.5%)
(RDMA_READ_CONSUME_CHECK_CONSUMER) timestamp=860 ms, used_size=1015808 bytes (2.5%)
(RDMA_READ_CONSUME_CHECK_CONSUMER) timestamp=860 ms, used_size=1013760 bytes (2.5%)
(RDMA_READ_CONSUME_CHECK_CONSUMER) timestamp=860 ms, used_size=1011712 bytes (2.5%)
(RDMA_READ_CONSUME_CHECK_CONSUMER) timestamp=860 ms, used_size=1009664 bytes (2.5%)
(RDMA_READ_CONSUME_CHECK_CONSUMER) timestamp=860 ms, used_size=1007616 bytes (2.5%)
(RDMA_READ_CONSUME_CHECK_CONSUMER) timestamp=860 ms, used_size=1005568 bytes (2.5%)
(RDMA_READ_CONSUME_CHECK_CONSUMER) timestamp=860 ms, used_size=1003520 bytes (2.5%)
(RDMA_READ_CONSUME_CHECK_CONSUMER) timestamp=860 ms, used_size=1001472 bytes (2.4%)
(RDMA_READ_CONSUME_CHECK_CONSUMER) timestamp=861 ms, used_size=999424 bytes (2.4%)
(RDMA_READ_CONSUME_CHECK_CONSUMER) timestamp=861 ms, used_size=997376 bytes (2.4%)
(RDMA_READ_CONSUME_CHECK_CONSUMER) timestamp=861 ms, used_size=995328 bytes (2.4%)
(RDMA_READ_CONSUME_CHECK_CONSUMER) timestamp=861 ms, used_size=993280 bytes (2.4%)
(RDMA_READ_CONSUME_CHECK_CONSUMER) timestamp=861 ms, used_size=991232 bytes (2.4%)
(RDMA_READ_CONSUME_CHECK_CONSUMER) timestamp=861 ms, used_size=989184 bytes (2.4%)
(RDMA_READ_CONSUME_CHECK_CONSUMER) timestamp=861 ms, used_size=987136 bytes (2.4%)
(RDMA_READ_CONSUME_CHECK_CONSUMER) timestamp=861 ms, used_size=985088 bytes (2.4%)
(RDMA_READ_CONSUME_CHECK_CONSUMER) timestamp=861 ms, used_size=983040 bytes (2.4%)
(RDMA_READ_CONSUME_CHECK_CONSUMER) timestamp=861 ms, used_size=980992 bytes (2.4%)
(RDMA_READ_CONSUME_CHECK_CONSUMER) timestamp=861 ms, used_size=978944 bytes (2.4%)
(RDMA_READ_CONSUME_CHECK_CONSUMER) timestamp=861 ms, used_size=976896 bytes (2.4%)
(RDMA_READ_CONSUME_CHECK_CONSUMER) timestamp=861 ms, used_size=974848 bytes (2.4%)
(RDMA_READ_CONSUME_CHECK_CONSUMER) timestamp=861 ms, used_size=972800 bytes (2.4%)
(RDMA_READ_CONSUME_CHECK_CONSUMER) timestamp=861 ms, used_size=970752 bytes (2.4%)
(RDMA_READ_CONSUME_CHECK_CONSUMER) timestamp=861 ms, used_size=968704 bytes (2.4%)
(RDMA_READ_CONSUME_CHECK_CONSUMER) timestamp=861 ms, used_size=966656 bytes (2.4%)
(RDMA_READ_CONSUME_CHECK_CONSUMER) timestamp=861 ms, used_size=964608 bytes (2.4%)
(RDMA_READ_CONSUME_CHECK_CONSUMER) timestamp=861 ms, used_size=962560 bytes (2.4%)
(RDMA_READ_CONSUME_CHECK_CONSUMER) timestamp=861 ms, used_size=960512 bytes (2.3%)
(RDMA_READ_CONSUME_CHECK_CONSUMER) timestamp=861 ms, used_size=958464 bytes (2.3%)
(RDMA_READ_CONSUME_CHECK_CONSUMER) timestamp=861 ms, used_size=956416 bytes (2.3%)
(RDMA_READ_CONSUME_CHECK_CONSUMER) timestamp=861 ms, used_size=954368 bytes (2.3%)
(RDMA_READ_CONSUME_CHECK_CONSUMER) timestamp=861 ms, used_size=952320 bytes (2.3%)
(RDMA_READ_CONSUME_CHECK_CONSUMER) timestamp=861 ms, used_size=950272 bytes (2.3%)
(RDMA_READ_CONSUME_CHECK_CONSUMER) timestamp=861 ms, used_size=948224 bytes (2.3%)
(RDMA_READ_CONSUME_CHECK_CONSUMER) timestamp=861 ms, used_size=946176 bytes (2.3%)
(RDMA_READ_CONSUME_CHECK_CONSUMER) timestamp=861 ms, used_size=944128 bytes (2.3%)
(RDMA_READ_CONSUME_CHECK_CONSUMER) timestamp=861 ms, used_size=942080 bytes (2.3%)
(RDMA_READ_CONSUME_CHECK_CONSUMER) timestamp=861 ms, used_size=940032 bytes (2.3%)
(RDMA_READ_CONSUME_CHECK_CONSUMER) timestamp=861 ms, used_size=937984 bytes (2.3%)
(RDMA_READ_CONSUME_CHECK_CONSUMER) timestamp=861 ms, used_size=935936 bytes (2.3%)
(RDMA_READ_CONSUME_CHECK_CONSUMER) timestamp=861 ms, used_size=933888 bytes (2.3%)
(RDMA_READ_CONSUME_CHECK_CONSUMER) timestamp=861 ms, used_size=931840 bytes (2.3%)
(RDMA_READ_CONSUME_CHECK_CONSUMER) timestamp=861 ms, used_size=929792 bytes (2.3%)
(RDMA_READ_CONSUME_CHECK_CONSUMER) timestamp=861 ms, used_size=927744 bytes (2.3%)
(RDMA_READ_CONSUME_CHECK_CONSUMER) timestamp=861 ms, used_size=925696 bytes (2.3%)
(RDMA_READ_CONSUME_CHECK_CONSUMER) timestamp=861 ms, used_size=923648 bytes (2.3%)
(RDMA_READ_CONSUME_CHECK_CONSUMER) timestamp=861 ms, used_size=921600 bytes (2.2%)
(RDMA_READ_CONSUME_CHECK_CONSUMER) timestamp=861 ms, used_size=919552 bytes (2.2%)
(RDMA_READ_CONSUME_CHECK_CONSUMER) timestamp=861 ms, used_size=917504 bytes (2.2%)
(RDMA_READ_CONSUME_CHECK_CONSUMER) timestamp=861 ms, used_size=915456 bytes (2.2%)
(RDMA_READ_CONSUME_CHECK_CONSUMER) timestamp=861 ms, used_size=913408 bytes (2.2%)
(RDMA_READ_CONSUME_CHECK_CONSUMER) timestamp=861 ms, used_size=911360 bytes (2.2%)
(RDMA_READ_CONSUME_CHECK_CONSUMER) timestamp=861 ms, used_size=909312 bytes (2.2%)
(RDMA_READ_CONSUME_CHECK_CONSUMER) timestamp=861 ms, used_size=907264 bytes (2.2%)
(RDMA_READ_CONSUME_CHECK_CONSUMER) timestamp=861 ms, used_size=905216 bytes (2.2%)
(RDMA_READ_CONSUME_CHECK_CONSUMER) timestamp=861 ms, used_size=903168 bytes (2.2%)
(RDMA_READ_CONSUME_CHECK_CONSUMER) timestamp=861 ms, used_size=901120 bytes (2.2%)
(RDMA_READ_CONSUME_CHECK_CONSUMER) timestamp=861 ms, used_size=899072 bytes (2.2%)
(RDMA_READ_CONSUME_CHECK_CONSUMER) timestamp=861 ms, used_size=897024 bytes (2.2%)
(RDMA_READ_CONSUME_CHECK_CONSUMER) timestamp=861 ms, used_size=894976 bytes (2.2%)
(RDMA_READ_CONSUME_CHECK_CONSUMER) timestamp=861 ms, used_size=892928 bytes (2.2%)
(RDMA_READ_CONSUME_CHECK_CONSUMER) timestamp=861 ms, used_size=890880 bytes (2.2%)
(RDMA_READ_CONSUME_CHECK_CONSUMER) timestamp=861 ms, used_size=888832 bytes (2.2%)
(RDMA_READ_CONSUME_CHECK_CONSUMER) timestamp=861 ms, used_size=886784 bytes (2.2%)
(RDMA_READ_CONSUME_CHECK_CONSUMER) timestamp=861 ms, used_size=884736 bytes (2.2%)
(RDMA_READ_CONSUME_CHECK_CONSUMER) timestamp=861 ms, used_size=882688 bytes (2.2%)
(RDMA_READ_CONSUME_CHECK_CONSUMER) timestamp=861 ms, used_size=880640 bytes (2.1%)
(RDMA_READ_CONSUME_CHECK_CONSUMER) timestamp=861 ms, used_size=878592 bytes (2.1%)
(RDMA_READ_CONSUME_CHECK_CONSUMER) timestamp=861 ms, used_size=876544 bytes (2.1%)
(RDMA_READ_CONSUME_CHECK_CONSUMER) timestamp=861 ms, used_size=874496 bytes (2.1%)
(RDMA_READ_CONSUME_CHECK_CONSUMER) timestamp=861 ms, used_size=872448 bytes (2.1%)
(RDMA_READ_CONSUME_CHECK_CONSUMER) timestamp=861 ms, used_size=870400 bytes (2.1%)
(RDMA_READ_CONSUME_CHECK_CONSUMER) timestamp=861 ms, used_size=868352 bytes (2.1%)
(RDMA_READ_CONSUME_CHECK_CONSUMER) timestamp=861 ms, used_size=866304 bytes (2.1%)
(RDMA_READ_CONSUME_CHECK_CONSUMER) timestamp=861 ms, used_size=864256 bytes (2.1%)
(RDMA_READ_CONSUME_CHECK_CONSUMER) timestamp=861 ms, used_size=862208 bytes (2.1%)
(RDMA_READ_CONSUME_CHECK_CONSUMER) timestamp=861 ms, used_size=860160 bytes (2.1%)
(RDMA_READ_CONSUME_CHECK_CONSUMER) timestamp=861 ms, used_size=858112 bytes (2.1%)
(RDMA_READ_CONSUME_CHECK_CONSUMER) timestamp=861 ms, used_size=856064 bytes (2.1%)
(RDMA_READ_CONSUME_CHECK_CONSUMER) timestamp=861 ms, used_size=854016 bytes (2.1%)
(RDMA_READ_CONSUME_CHECK_CONSUMER) timestamp=861 ms, used_size=851968 bytes (2.1%)
(RDMA_READ_CONSUME_CHECK_CONSUMER) timestamp=861 ms, used_size=849920 bytes (2.1%)
(RDMA_READ_CONSUME_CHECK_CONSUMER) timestamp=861 ms, used_size=847872 bytes (2.1%)
(RDMA_READ_CONSUME_CHECK_CONSUMER) timestamp=861 ms, used_size=845824 bytes (2.1%)
(RDMA_READ_CONSUME_CHECK_CONSUMER) timestamp=861 ms, used_size=843776 bytes (2.1%)
(RDMA_READ_CONSUME_CHECK_CONSUMER) timestamp=861 ms, used_size=841728 bytes (2.1%)
(RDMA_READ_CONSUME_CHECK_CONSUMER) timestamp=861 ms, used_size=839680 bytes (2.0%)
(RDMA_READ_CONSUME_CHECK_CONSUMER) timestamp=861 ms, used_size=837632 bytes (2.0%)
(RDMA_READ_CONSUME_CHECK_CONSUMER) timestamp=861 ms, used_size=835584 bytes (2.0%)
(RDMA_READ_CONSUME_CHECK_CONSUMER) timestamp=861 ms, used_size=833536 bytes (2.0%)
(RDMA_READ_CONSUME_CHECK_CONSUMER) timestamp=861 ms, used_size=831488 bytes (2.0%)
(RDMA_READ_CONSUME_CHECK_CONSUMER) timestamp=861 ms, used_size=829440 bytes (2.0%)
(RDMA_READ_CONSUME_CHECK_CONSUMER) timestamp=861 ms, used_size=827392 bytes (2.0%)
(RDMA_READ_CONSUME_CHECK_CONSUMER) timestamp=861 ms, used_size=825344 bytes (2.0%)
(RDMA_READ_CONSUME_CHECK_CONSUMER) timestamp=861 ms, used_size=823296 bytes (2.0%)
(RDMA_READ_CONSUME_CHECK_CONSUMER) timestamp=861 ms, used_size=821248 bytes (2.0%)
(RDMA_READ_CONSUME_CHECK_CONSUMER) timestamp=861 ms, used_size=819200 bytes (2.0%)
(RDMA_READ_CONSUME_CHECK_CONSUMER) timestamp=861 ms, used_size=817152 bytes (2.0%)
(RDMA_READ_CONSUME_CHECK_CONSUMER) timestamp=861 ms, used_size=815104 bytes (2.0%)
(RDMA_READ_CONSUME_CHECK_CONSUMER) timestamp=861 ms, used_size=813056 bytes (2.0%)
(RDMA_READ_CONSUME_CHECK_CONSUMER) timestamp=861 ms, used_size=811008 bytes (2.0%)
(RDMA_READ_CONSUME_CHECK_CONSUMER) timestamp=861 ms, used_size=808960 bytes (2.0%)
(RDMA_READ_CONSUME_CHECK_CONSUMER) timestamp=861 ms, used_size=806912 bytes (2.0%)
(RDMA_READ_CONSUME_CHECK_CONSUMER) timestamp=861 ms, used_size=804864 bytes (2.0%)
(RDMA_READ_CONSUME_CHECK_CONSUMER) timestamp=861 ms, used_size=802816 bytes (2.0%)
(RDMA_READ_CONSUME_CHECK_CONSUMER) timestamp=861 ms, used_size=800768 bytes (2.0%)
(RDMA_READ_CONSUME_CHECK_CONSUMER) timestamp=861 ms, used_size=798720 bytes (1.9%)
(RDMA_READ_CONSUME_CHECK_CONSUMER) timestamp=861 ms, used_size=796672 bytes (1.9%)
(RDMA_READ_CONSUME_CHECK_CONSUMER) timestamp=861 ms, used_size=794624 bytes (1.9%)
(RDMA_READ_CONSUME_CHECK_CONSUMER) timestamp=861 ms, used_size=792576 bytes (1.9%)
(RDMA_READ_CONSUME_CHECK_CONSUMER) timestamp=861 ms, used_size=790528 bytes (1.9%)
(RDMA_READ_CONSUME_CHECK_CONSUMER) timestamp=861 ms, used_size=788480 bytes (1.9%)
(RDMA_READ_CONSUME_CHECK_CONSUMER) timestamp=861 ms, used_size=786432 bytes (1.9%)
(RDMA_READ_CONSUME_CHECK_CONSUMER) timestamp=861 ms, used_size=784384 bytes (1.9%)
(RDMA_READ_CONSUME_CHECK_CONSUMER) timestamp=861 ms, used_size=782336 bytes (1.9%)
(RDMA_READ_CONSUME_CHECK_CONSUMER) timestamp=861 ms, used_size=780288 bytes (1.9%)
(RDMA_READ_CONSUME_CHECK_CONSUMER) timestamp=861 ms, used_size=778240 bytes (1.9%)
(RDMA_READ_CONSUME_CHECK_CONSUMER) timestamp=861 ms, used_size=776192 bytes (1.9%)
(RDMA_READ_CONSUME_CHECK_CONSUMER) timestamp=861 ms, used_size=774144 bytes (1.9%)
(RDMA_READ_CONSUME_CHECK_CONSUMER) timestamp=861 ms, used_size=772096 bytes (1.9%)
(RDMA_READ_CONSUME_CHECK_CONSUMER) timestamp=861 ms, used_size=770048 bytes (1.9%)
(RDMA_READ_CONSUME_CHECK_CONSUMER) timestamp=861 ms, used_size=768000 bytes (1.9%)
(RDMA_READ_CONSUME_CHECK_CONSUMER) timestamp=861 ms, used_size=765952 bytes (1.9%)
(RDMA_READ_CONSUME_CHECK_CONSUMER) timestamp=861 ms, used_size=763904 bytes (1.9%)
(RDMA_READ_CONSUME_CHECK_CONSUMER) timestamp=861 ms, used_size=761856 bytes (1.9%)
(RDMA_READ_CONSUME_CHECK_CONSUMER) timestamp=861 ms, used_size=759808 bytes (1.9%)
(RDMA_READ_CONSUME_CHECK_CONSUMER) timestamp=861 ms, used_size=757760 bytes (1.9%)
(RDMA_READ_CONSUME_CHECK_CONSUMER) timestamp=861 ms, used_size=755712 bytes (1.8%)
(RDMA_READ_CONSUME_CHECK_CONSUMER) timestamp=861 ms, used_size=753664 bytes (1.8%)
(RDMA_READ_CONSUME_CHECK_CONSUMER) timestamp=861 ms, used_size=751616 bytes (1.8%)
(RDMA_READ_CONSUME_CHECK_CONSUMER) timestamp=861 ms, used_size=749568 bytes (1.8%)
(RDMA_READ_CONSUME_CHECK_CONSUMER) timestamp=861 ms, used_size=747520 bytes (1.8%)
(RDMA_READ_CONSUME_CHECK_CONSUMER) timestamp=861 ms, used_size=745472 bytes (1.8%)
(RDMA_READ_CONSUME_CHECK_CONSUMER) timestamp=861 ms, used_size=743424 bytes (1.8%)
(RDMA_READ_CONSUME_CHECK_CONSUMER) timestamp=861 ms, used_size=741376 bytes (1.8%)
(RDMA_READ_CONSUME_CHECK_CONSUMER) timestamp=861 ms, used_size=739328 bytes (1.8%)
(RDMA_READ_CONSUME_CHECK_CONSUMER) timestamp=861 ms, used_size=737280 bytes (1.8%)
(RDMA_READ_CONSUME_CHECK_CONSUMER) timestamp=861 ms, used_size=735232 bytes (1.8%)
(RDMA_READ_CONSUME_CHECK_CONSUMER) timestamp=861 ms, used_size=733184 bytes (1.8%)
(RDMA_READ_CONSUME_CHECK_CONSUMER) timestamp=861 ms, used_size=731136 bytes (1.8%)
(RDMA_READ_CONSUME_CHECK_CONSUMER) timestamp=861 ms, used_size=729088 bytes (1.8%)
(RDMA_READ_CONSUME_CHECK_CONSUMER) timestamp=861 ms, used_size=727040 bytes (1.8%)
(RDMA_READ_CONSUME_CHECK_CONSUMER) timestamp=861 ms, used_size=724992 bytes (1.8%)
(RDMA_READ_CONSUME_CHECK_CONSUMER) timestamp=861 ms, used_size=722944 bytes (1.8%)
(RDMA_READ_CONSUME_CHECK_CONSUMER) timestamp=861 ms, used_size=720896 bytes (1.8%)
(RDMA_READ_CONSUME_CHECK_CONSUMER) timestamp=861 ms, used_size=718848 bytes (1.8%)
(RDMA_READ_CONSUME_CHECK_CONSUMER) timestamp=861 ms, used_size=716800 bytes (1.8%)
(RDMA_READ_CONSUME_CHECK_CONSUMER) timestamp=861 ms, used_size=714752 bytes (1.7%)
(RDMA_READ_CONSUME_CHECK_CONSUMER) timestamp=861 ms, used_size=712704 bytes (1.7%)
(RDMA_READ_CONSUME_CHECK_CONSUMER) timestamp=861 ms, used_size=710656 bytes (1.7%)
(RDMA_READ_CONSUME_CHECK_CONSUMER) timestamp=861 ms, used_size=708608 bytes (1.7%)
(RDMA_READ_CONSUME_CHECK_CONSUMER) timestamp=861 ms, used_size=706560 bytes (1.7%)
(RDMA_READ_CONSUME_CHECK_CONSUMER) timestamp=861 ms, used_size=704512 bytes (1.7%)
(RDMA_READ_CONSUME_CHECK_CONSUMER) timestamp=861 ms, used_size=702464 bytes (1.7%)
(RDMA_READ_CONSUME_CHECK_CONSUMER) timestamp=861 ms, used_size=700416 bytes (1.7%)
(RDMA_READ_CONSUME_CHECK_CONSUMER) timestamp=861 ms, used_size=698368 bytes (1.7%)
(RDMA_READ_CONSUME_CHECK_CONSUMER) timestamp=861 ms, used_size=696320 bytes (1.7%)
(RDMA_READ_CONSUME_CHECK_CONSUMER) timestamp=861 ms, used_size=694272 bytes (1.7%)
(RDMA_READ_CONSUME_CHECK_CONSUMER) timestamp=861 ms, used_size=692224 bytes (1.7%)
(RDMA_READ_CONSUME_CHECK_CONSUMER) timestamp=861 ms, used_size=690176 bytes (1.7%)
(RDMA_READ_CONSUME_CHECK_CONSUMER) timestamp=861 ms, used_size=688128 bytes (1.7%)
(RDMA_READ_CONSUME_CHECK_CONSUMER) timestamp=861 ms, used_size=686080 bytes (1.7%)
(RDMA_READ_CONSUME_CHECK_CONSUMER) timestamp=861 ms, used_size=684032 bytes (1.7%)
(RDMA_READ_CONSUME_CHECK_CONSUMER) timestamp=861 ms, used_size=681984 bytes (1.7%)
(RDMA_READ_CONSUME_CHECK_CONSUMER) timestamp=861 ms, used_size=679936 bytes (1.7%)
(RDMA_READ_CONSUME_CHECK_CONSUMER) timestamp=861 ms, used_size=677888 bytes (1.7%)
(RDMA_READ_CONSUME_CHECK_CONSUMER) timestamp=861 ms, used_size=675840 bytes (1.6%)
(RDMA_READ_CONSUME_CHECK_CONSUMER) timestamp=861 ms, used_size=673792 bytes (1.6%)
(RDMA_READ_CONSUME_CHECK_CONSUMER) timestamp=861 ms, used_size=671744 bytes (1.6%)
(RDMA_READ_CONSUME_CHECK_CONSUMER) timestamp=861 ms, used_size=669696 bytes (1.6%)
(RDMA_READ_CONSUME_CHECK_CONSUMER) timestamp=861 ms, used_size=667648 bytes (1.6%)
(RDMA_READ_CONSUME_CHECK_CONSUMER) timestamp=861 ms, used_size=665600 bytes (1.6%)
(RDMA_READ_CONSUME_CHECK_CONSUMER) timestamp=861 ms, used_size=663552 bytes (1.6%)
(RDMA_READ_CONSUME_CHECK_CONSUMER) timestamp=861 ms, used_size=661504 bytes (1.6%)
(RDMA_READ_CONSUME_CHECK_CONSUMER) timestamp=861 ms, used_size=659456 bytes (1.6%)
(RDMA_READ_CONSUME_CHECK_CONSUMER) timestamp=861 ms, used_size=657408 bytes (1.6%)
(RDMA_READ_CONSUME_CHECK_CONSUMER) timestamp=861 ms, used_size=655360 bytes (1.6%)
(RDMA_READ_CONSUME_CHECK_CONSUMER) timestamp=861 ms, used_size=653312 bytes (1.6%)
(RDMA_READ_CONSUME_CHECK_CONSUMER) timestamp=861 ms, used_size=651264 bytes (1.6%)
(RDMA_READ_CONSUME_CHECK_CONSUMER) timestamp=861 ms, used_size=649216 bytes (1.6%)
(RDMA_READ_CONSUME_CHECK_CONSUMER) timestamp=861 ms, used_size=647168 bytes (1.6%)
(RDMA_READ_CONSUME_CHECK_CONSUMER) timestamp=861 ms, used_size=645120 bytes (1.6%)
(RDMA_READ_CONSUME_CHECK_CONSUMER) timestamp=861 ms, used_size=643072 bytes (1.6%)
(RDMA_READ_CONSUME_CHECK_CONSUMER) timestamp=861 ms, used_size=641024 bytes (1.6%)
(RDMA_READ_CONSUME_CHECK_CONSUMER) timestamp=861 ms, used_size=638976 bytes (1.6%)
(RDMA_READ_CONSUME_CHECK_CONSUMER) timestamp=861 ms, used_size=636928 bytes (1.6%)
(RDMA_READ_CONSUME_CHECK_CONSUMER) timestamp=861 ms, used_size=634880 bytes (1.6%)
(RDMA_READ_CONSUME_CHECK_CONSUMER) timestamp=861 ms, used_size=632832 bytes (1.5%)
(RDMA_READ_CONSUME_CHECK_CONSUMER) timestamp=861 ms, used_size=630784 bytes (1.5%)
(RDMA_READ_CONSUME_CHECK_CONSUMER) timestamp=861 ms, used_size=628736 bytes (1.5%)
(RDMA_READ_CONSUME_CHECK_CONSUMER) timestamp=861 ms, used_size=626688 bytes (1.5%)
(RDMA_READ_CONSUME_CHECK_CONSUMER) timestamp=862 ms, used_size=624640 bytes (1.5%)
(RDMA_READ_CONSUME_CHECK_CONSUMER) timestamp=862 ms, used_size=622592 bytes (1.5%)
(RDMA_READ_CONSUME_CHECK_CONSUMER) timestamp=862 ms, used_size=620544 bytes (1.5%)
(RDMA_READ_CONSUME_CHECK_CONSUMER) timestamp=862 ms, used_size=618496 bytes (1.5%)
(RDMA_READ_CONSUME_CHECK_CONSUMER) timestamp=862 ms, used_size=616448 bytes (1.5%)
(RDMA_READ_CONSUME_CHECK_CONSUMER) timestamp=862 ms, used_size=614400 bytes (1.5%)
(RDMA_READ_CONSUME_CHECK_CONSUMER) timestamp=862 ms, used_size=612352 bytes (1.5%)
(RDMA_READ_CONSUME_CHECK_CONSUMER) timestamp=862 ms, used_size=610304 bytes (1.5%)
(RDMA_READ_CONSUME_CHECK_CONSUMER) timestamp=862 ms, used_size=608256 bytes (1.5%)
(RDMA_READ_CONSUME_CHECK_CONSUMER) timestamp=862 ms, used_size=606208 bytes (1.5%)
(RDMA_READ_CONSUME_CHECK_CONSUMER) timestamp=862 ms, used_size=604160 bytes (1.5%)
(RDMA_READ_CONSUME_CHECK_CONSUMER) timestamp=862 ms, used_size=602112 bytes (1.5%)
(RDMA_READ_CONSUME_CHECK_CONSUMER) timestamp=862 ms, used_size=600064 bytes (1.5%)
(RDMA_READ_CONSUME_CHECK_CONSUMER) timestamp=862 ms, used_size=598016 bytes (1.5%)
(RDMA_READ_CONSUME_CHECK_CONSUMER) timestamp=862 ms, used_size=595968 bytes (1.5%)
(RDMA_READ_CONSUME_CHECK_CONSUMER) timestamp=862 ms, used_size=593920 bytes (1.4%)
(RDMA_READ_CONSUME_CHECK_CONSUMER) timestamp=862 ms, used_size=591872 bytes (1.4%)
(RDMA_READ_CONSUME_CHECK_CONSUMER) timestamp=862 ms, used_size=589824 bytes (1.4%)
(RDMA_READ_CONSUME_CHECK_CONSUMER) timestamp=862 ms, used_size=587776 bytes (1.4%)
(RDMA_READ_CONSUME_CHECK_CONSUMER) timestamp=862 ms, used_size=585728 bytes (1.4%)
(RDMA_READ_CONSUME_CHECK_CONSUMER) timestamp=862 ms, used_size=583680 bytes (1.4%)
(RDMA_READ_CONSUME_CHECK_CONSUMER) timestamp=862 ms, used_size=581632 bytes (1.4%)
(RDMA_READ_CONSUME_CHECK_CONSUMER) timestamp=862 ms, used_size=579584 bytes (1.4%)
(RDMA_READ_CONSUME_CHECK_CONSUMER) timestamp=862 ms, used_size=577536 bytes (1.4%)
(RDMA_READ_CONSUME_CHECK_CONSUMER) timestamp=862 ms, used_size=575488 bytes (1.4%)
(RDMA_READ_CONSUME_CHECK_CONSUMER) timestamp=862 ms, used_size=573440 bytes (1.4%)
(RDMA_READ_CONSUME_CHECK_CONSUMER) timestamp=862 ms, used_size=571392 bytes (1.4%)
(RDMA_READ_CONSUME_CHECK_CONSUMER) timestamp=862 ms, used_size=569344 bytes (1.4%)
(RDMA_READ_CONSUME_CHECK_CONSUMER) timestamp=862 ms, used_size=567296 bytes (1.4%)
(RDMA_READ_CONSUME_CHECK_CONSUMER) timestamp=862 ms, used_size=565248 bytes (1.4%)
(RDMA_READ_CONSUME_CHECK_CONSUMER) timestamp=862 ms, used_size=563200 bytes (1.4%)
(RDMA_READ_CONSUME_CHECK_CONSUMER) timestamp=862 ms, used_size=561152 bytes (1.4%)
(RDMA_READ_CONSUME_CHECK_CONSUMER) timestamp=862 ms, used_size=559104 bytes (1.4%)
(RDMA_READ_CONSUME_CHECK_CONSUMER) timestamp=862 ms, used_size=557056 bytes (1.4%)
(RDMA_READ_CONSUME_CHECK_CONSUMER) timestamp=862 ms, used_size=555008 bytes (1.4%)
(RDMA_READ_CONSUME_CHECK_CONSUMER) timestamp=862 ms, used_size=552960 bytes (1.4%)
(RDMA_READ_CONSUME_CHECK_CONSUMER) timestamp=862 ms, used_size=550912 bytes (1.3%)
(RDMA_READ_CONSUME_CHECK_CONSUMER) timestamp=862 ms, used_size=548864 bytes (1.3%)
(RDMA_READ_CONSUME_CHECK_CONSUMER) timestamp=862 ms, used_size=546816 bytes (1.3%)
(RDMA_READ_CONSUME_CHECK_CONSUMER) timestamp=862 ms, used_size=544768 bytes (1.3%)
(RDMA_READ_CONSUME_CHECK_CONSUMER) timestamp=862 ms, used_size=542720 bytes (1.3%)
(RDMA_READ_CONSUME_CHECK_CONSUMER) timestamp=862 ms, used_size=540672 bytes (1.3%)
(RDMA_READ_CONSUME_CHECK_CONSUMER) timestamp=862 ms, used_size=538624 bytes (1.3%)
(RDMA_READ_CONSUME_CHECK_CONSUMER) timestamp=862 ms, used_size=536576 bytes (1.3%)
(RDMA_READ_CONSUME_CHECK_CONSUMER) timestamp=862 ms, used_size=534528 bytes (1.3%)
(RDMA_READ_CONSUME_CHECK_CONSUMER) timestamp=862 ms, used_size=532480 bytes (1.3%)
(RDMA_READ_CONSUME_CHECK_CONSUMER) timestamp=862 ms, used_size=530432 bytes (1.3%)
(RDMA_READ_CONSUME_CHECK_CONSUMER) timestamp=862 ms, used_size=528384 bytes (1.3%)
(RDMA_READ_CONSUME_CHECK_CONSUMER) timestamp=862 ms, used_size=526336 bytes (1.3%)
(RDMA_READ_CONSUME_CHECK_CONSUMER) timestamp=862 ms, used_size=524288 bytes (1.3%)
(RDMA_READ_CONSUME_CHECK_CONSUMER) timestamp=862 ms, used_size=522240 bytes (1.3%)
(RDMA_READ_CONSUME_CHECK_CONSUMER) timestamp=862 ms, used_size=520192 bytes (1.3%)
(RDMA_READ_CONSUME_CHECK_CONSUMER) timestamp=862 ms, used_size=518144 bytes (1.3%)
(RDMA_READ_CONSUME_CHECK_CONSUMER) timestamp=862 ms, used_size=516096 bytes (1.3%)
(RDMA_READ_CONSUME_CHECK_CONSUMER) timestamp=862 ms, used_size=514048 bytes (1.3%)
(RDMA_READ_CONSUME_CHECK_CONSUMER) timestamp=862 ms, used_size=512000 bytes (1.2%)
(RDMA_READ_CONSUME_CHECK_CONSUMER) timestamp=862 ms, used_size=509952 bytes (1.2%)
(RDMA_READ_CONSUME_CHECK_CONSUMER) timestamp=862 ms, used_size=507904 bytes (1.2%)
(RDMA_READ_CONSUME_CHECK_CONSUMER) timestamp=862 ms, used_size=505856 bytes (1.2%)
(RDMA_READ_CONSUME_CHECK_CONSUMER) timestamp=862 ms, used_size=503808 bytes (1.2%)
(RDMA_READ_CONSUME_CHECK_CONSUMER) timestamp=862 ms, used_size=501760 bytes (1.2%)
(RDMA_READ_CONSUME_CHECK_CONSUMER) timestamp=862 ms, used_size=499712 bytes (1.2%)
(RDMA_READ_CONSUME_CHECK_CONSUMER) timestamp=862 ms, used_size=497664 bytes (1.2%)
(RDMA_READ_CONSUME_CHECK_CONSUMER) timestamp=862 ms, used_size=495616 bytes (1.2%)
(RDMA_READ_CONSUME_CHECK_CONSUMER) timestamp=862 ms, used_size=493568 bytes (1.2%)
(RDMA_READ_CONSUME_CHECK_CONSUMER) timestamp=862 ms, used_size=491520 bytes (1.2%)
(RDMA_READ_CONSUME_CHECK_CONSUMER) timestamp=862 ms, used_size=489472 bytes (1.2%)
(RDMA_READ_CONSUME_CHECK_CONSUMER) timestamp=862 ms, used_size=487424 bytes (1.2%)
(RDMA_READ_CONSUME_CHECK_CONSUMER) timestamp=862 ms, used_size=485376 bytes (1.2%)
(RDMA_READ_CONSUME_CHECK_CONSUMER) timestamp=862 ms, used_size=483328 bytes (1.2%)
(RDMA_READ_CONSUME_CHECK_CONSUMER) timestamp=862 ms, used_size=481280 bytes (1.2%)
(RDMA_READ_CONSUME_CHECK_CONSUMER) timestamp=862 ms, used_size=479232 bytes (1.2%)
(RDMA_READ_CONSUME_CHECK_CONSUMER) timestamp=862 ms, used_size=477184 bytes (1.2%)
(RDMA_READ_CONSUME_CHECK_CONSUMER) timestamp=862 ms, used_size=475136 bytes (1.2%)
(RDMA_READ_CONSUME_CHECK_CONSUMER) timestamp=862 ms, used_size=473088 bytes (1.2%)
(RDMA_READ_CONSUME_CHECK_CONSUMER) timestamp=862 ms, used_size=471040 bytes (1.1%)
(RDMA_READ_CONSUME_CHECK_CONSUMER) timestamp=862 ms, used_size=468992 bytes (1.1%)
(RDMA_READ_CONSUME_CHECK_CONSUMER) timestamp=862 ms, used_size=466944 bytes (1.1%)
(RDMA_READ_CONSUME_CHECK_CONSUMER) timestamp=862 ms, used_size=464896 bytes (1.1%)
(RDMA_READ_CONSUME_CHECK_CONSUMER) timestamp=862 ms, used_size=462848 bytes (1.1%)
(RDMA_READ_CONSUME_CHECK_CONSUMER) timestamp=862 ms, used_size=460800 bytes (1.1%)
(RDMA_READ_CONSUME_CHECK_CONSUMER) timestamp=862 ms, used_size=458752 bytes (1.1%)
(RDMA_READ_CONSUME_CHECK_CONSUMER) timestamp=862 ms, used_size=456704 bytes (1.1%)
(RDMA_READ_CONSUME_CHECK_CONSUMER) timestamp=862 ms, used_size=454656 bytes (1.1%)
(RDMA_READ_CONSUME_CHECK_CONSUMER) timestamp=862 ms, used_size=452608 bytes (1.1%)
(RDMA_READ_CONSUME_CHECK_CONSUMER) timestamp=862 ms, used_size=450560 bytes (1.1%)
(RDMA_READ_CONSUME_CHECK_CONSUMER) timestamp=862 ms, used_size=448512 bytes (1.1%)
(RDMA_READ_CONSUME_CHECK_CONSUMER) timestamp=862 ms, used_size=446464 bytes (1.1%)
(RDMA_READ_CONSUME_CHECK_CONSUMER) timestamp=862 ms, used_size=444416 bytes (1.1%)
(RDMA_READ_CONSUME_CHECK_CONSUMER) timestamp=862 ms, used_size=442368 bytes (1.1%)
(RDMA_READ_CONSUME_CHECK_CONSUMER) timestamp=862 ms, used_size=440320 bytes (1.1%)
(RDMA_READ_CONSUME_CHECK_CONSUMER) timestamp=862 ms, used_size=438272 bytes (1.1%)
(RDMA_READ_CONSUME_CHECK_CONSUMER) timestamp=862 ms, used_size=436224 bytes (1.1%)
(RDMA_READ_CONSUME_CHECK_CONSUMER) timestamp=862 ms, used_size=434176 bytes (1.1%)
(RDMA_READ_CONSUME_CHECK_CONSUMER) timestamp=862 ms, used_size=432128 bytes (1.1%)
(RDMA_READ_CONSUME_CHECK_CONSUMER) timestamp=862 ms, used_size=430080 bytes (1.1%)
(RDMA_READ_CONSUME_CHECK_CONSUMER) timestamp=862 ms, used_size=428032 bytes (1.0%)
(RDMA_READ_CONSUME_CHECK_CONSUMER) timestamp=862 ms, used_size=425984 bytes (1.0%)
(RDMA_READ_CONSUME_CHECK_CONSUMER) timestamp=862 ms, used_size=423936 bytes (1.0%)
(RDMA_READ_CONSUME_CHECK_CONSUMER) timestamp=862 ms, used_size=421888 bytes (1.0%)
(RDMA_READ_CONSUME_CHECK_CONSUMER) timestamp=862 ms, used_size=419840 bytes (1.0%)
(RDMA_READ_CONSUME_CHECK_CONSUMER) timestamp=862 ms, used_size=417792 bytes (1.0%)
(RDMA_READ_CONSUME_CHECK_CONSUMER) timestamp=862 ms, used_size=415744 bytes (1.0%)
(RDMA_READ_CONSUME_CHECK_CONSUMER) timestamp=862 ms, used_size=413696 bytes (1.0%)
(RDMA_READ_CONSUME_CHECK_CONSUMER) timestamp=862 ms, used_size=411648 bytes (1.0%)
(RDMA_READ_CONSUME_CHECK_CONSUMER) timestamp=862 ms, used_size=409600 bytes (1.0%)
(RDMA_READ_CONSUME_CHECK_CONSUMER) timestamp=862 ms, used_size=407552 bytes (1.0%)
(RDMA_READ_CONSUME_CHECK_CONSUMER) timestamp=862 ms, used_size=405504 bytes (1.0%)
(RDMA_READ_CONSUME_CHECK_CONSUMER) timestamp=862 ms, used_size=403456 bytes (1.0%)
(RDMA_READ_CONSUME_CHECK_CONSUMER) timestamp=862 ms, used_size=401408 bytes (1.0%)
(RDMA_READ_CONSUME_CHECK_CONSUMER) timestamp=862 ms, used_size=399360 bytes (1.0%)
(RDMA_READ_CONSUME_CHECK_CONSUMER) timestamp=862 ms, used_size=397312 bytes (1.0%)
(RDMA_READ_CONSUME_CHECK_CONSUMER) timestamp=862 ms, used_size=395264 bytes (1.0%)
(RDMA_READ_CONSUME_CHECK_CONSUMER) timestamp=862 ms, used_size=393216 bytes (1.0%)
(RDMA_READ_CONSUME_CHECK_CONSUMER) timestamp=862 ms, used_size=391168 bytes (1.0%)
(RDMA_READ_CONSUME_CHECK_CONSUMER) timestamp=862 ms, used_size=389120 bytes (0.9%)
(RDMA_READ_CONSUME_CHECK_CONSUMER) timestamp=862 ms, used_size=387072 bytes (0.9%)
(RDMA_READ_CONSUME_CHECK_CONSUMER) timestamp=862 ms, used_size=385024 bytes (0.9%)
(RDMA_READ_CONSUME_CHECK_CONSUMER) timestamp=862 ms, used_size=382976 bytes (0.9%)
(RDMA_READ_CONSUME_CHECK_CONSUMER) timestamp=862 ms, used_size=380928 bytes (0.9%)
(RDMA_READ_CONSUME_CHECK_CONSUMER) timestamp=862 ms, used_size=378880 bytes (0.9%)
(RDMA_READ_CONSUME_CHECK_CONSUMER) timestamp=862 ms, used_size=376832 bytes (0.9%)
(RDMA_READ_CONSUME_CHECK_CONSUMER) timestamp=862 ms, used_size=374784 bytes (0.9%)
(RDMA_READ_CONSUME_CHECK_CONSUMER) timestamp=862 ms, used_size=372736 bytes (0.9%)
(RDMA_READ_CONSUME_CHECK_CONSUMER) timestamp=862 ms, used_size=370688 bytes (0.9%)
(RDMA_READ_CONSUME_CHECK_CONSUMER) timestamp=862 ms, used_size=368640 bytes (0.9%)
(RDMA_READ_CONSUME_CHECK_CONSUMER) timestamp=862 ms, used_size=366592 bytes (0.9%)
(RDMA_READ_CONSUME_CHECK_CONSUMER) timestamp=862 ms, used_size=364544 bytes (0.9%)
(RDMA_READ_CONSUME_CHECK_CONSUMER) timestamp=862 ms, used_size=362496 bytes (0.9%)
(RDMA_READ_CONSUME_CHECK_CONSUMER) timestamp=862 ms, used_size=360448 bytes (0.9%)
(RDMA_READ_CONSUME_CHECK_CONSUMER) timestamp=862 ms, used_size=358400 bytes (0.9%)
(RDMA_READ_CONSUME_CHECK_CONSUMER) timestamp=862 ms, used_size=356352 bytes (0.9%)
(RDMA_READ_CONSUME_CHECK_CONSUMER) timestamp=862 ms, used_size=354304 bytes (0.9%)
(RDMA_READ_CONSUME_CHECK_CONSUMER) timestamp=862 ms, used_size=352256 bytes (0.9%)
(RDMA_READ_CONSUME_CHECK_CONSUMER) timestamp=862 ms, used_size=350208 bytes (0.9%)
(RDMA_READ_CONSUME_CHECK_CONSUMER) timestamp=862 ms, used_size=348160 bytes (0.8%)
(RDMA_READ_CONSUME_CHECK_CONSUMER) timestamp=862 ms, used_size=346112 bytes (0.8%)
(RDMA_READ_CONSUME_CHECK_CONSUMER) timestamp=862 ms, used_size=344064 bytes (0.8%)
(RDMA_READ_CONSUME_CHECK_CONSUMER) timestamp=862 ms, used_size=342016 bytes (0.8%)
(RDMA_READ_CONSUME_CHECK_CONSUMER) timestamp=862 ms, used_size=339968 bytes (0.8%)
(RDMA_READ_CONSUME_CHECK_CONSUMER) timestamp=862 ms, used_size=337920 bytes (0.8%)
(RDMA_READ_CONSUME_CHECK_CONSUMER) timestamp=862 ms, used_size=335872 bytes (0.8%)
(RDMA_READ_CONSUME_CHECK_CONSUMER) timestamp=862 ms, used_size=333824 bytes (0.8%)
(RDMA_READ_CONSUME_CHECK_CONSUMER) timestamp=862 ms, used_size=331776 bytes (0.8%)
(RDMA_READ_CONSUME_CHECK_CONSUMER) timestamp=862 ms, used_size=329728 bytes (0.8%)
(RDMA_READ_CONSUME_CHECK_CONSUMER) timestamp=862 ms, used_size=327680 bytes (0.8%)
(RDMA_READ_CONSUME_CHECK_CONSUMER) timestamp=862 ms, used_size=325632 bytes (0.8%)
(RDMA_READ_CONSUME_CHECK_CONSUMER) timestamp=862 ms, used_size=323584 bytes (0.8%)
(RDMA_READ_CONSUME_CHECK_CONSUMER) timestamp=862 ms, used_size=321536 bytes (0.8%)
(RDMA_READ_CONSUME_CHECK_CONSUMER) timestamp=862 ms, used_size=319488 bytes (0.8%)
(RDMA_READ_CONSUME_CHECK_CONSUMER) timestamp=862 ms, used_size=317440 bytes (0.8%)
(RDMA_READ_CONSUME_CHECK_CONSUMER) timestamp=862 ms, used_size=315392 bytes (0.8%)
(RDMA_READ_CONSUME_CHECK_CONSUMER) timestamp=862 ms, used_size=313344 bytes (0.8%)
(RDMA_READ_CONSUME_CHECK_CONSUMER) timestamp=862 ms, used_size=311296 bytes (0.8%)
(RDMA_READ_CONSUME_CHECK_CONSUMER) timestamp=862 ms, used_size=309248 bytes (0.8%)
(RDMA_READ_CONSUME_CHECK_CONSUMER) timestamp=862 ms, used_size=307200 bytes (0.8%)
(RDMA_READ_CONSUME_CHECK_CONSUMER) timestamp=862 ms, used_size=305152 bytes (0.7%)
(RDMA_READ_CONSUME_CHECK_CONSUMER) timestamp=862 ms, used_size=303104 bytes (0.7%)
(RDMA_READ_CONSUME_CHECK_CONSUMER) timestamp=862 ms, used_size=301056 bytes (0.7%)
(RDMA_READ_CONSUME_CHECK_CONSUMER) timestamp=862 ms, used_size=299008 bytes (0.7%)
(RDMA_READ_CONSUME_CHECK_CONSUMER) timestamp=862 ms, used_size=296960 bytes (0.7%)
(RDMA_READ_CONSUME_CHECK_CONSUMER) timestamp=862 ms, used_size=294912 bytes (0.7%)
(RDMA_READ_CONSUME_CHECK_CONSUMER) timestamp=862 ms, used_size=292864 bytes (0.7%)
(RDMA_READ_CONSUME_CHECK_CONSUMER) timestamp=862 ms, used_size=290816 bytes (0.7%)
(RDMA_READ_CONSUME_CHECK_CONSUMER) timestamp=862 ms, used_size=288768 bytes (0.7%)
(RDMA_READ_CONSUME_CHECK_CONSUMER) timestamp=862 ms, used_size=286720 bytes (0.7%)
(RDMA_READ_CONSUME_CHECK_CONSUMER) timestamp=862 ms, used_size=284672 bytes (0.7%)
(RDMA_READ_CONSUME_CHECK_CONSUMER) timestamp=862 ms, used_size=282624 bytes (0.7%)
(RDMA_READ_CONSUME_CHECK_CONSUMER) timestamp=862 ms, used_size=280576 bytes (0.7%)
(RDMA_READ_CONSUME_CHECK_CONSUMER) timestamp=862 ms, used_size=278528 bytes (0.7%)
(RDMA_READ_CONSUME_CHECK_CONSUMER) timestamp=862 ms, used_size=276480 bytes (0.7%)
(RDMA_READ_CONSUME_CHECK_CONSUMER) timestamp=862 ms, used_size=274432 bytes (0.7%)
(RDMA_READ_CONSUME_CHECK_CONSUMER) timestamp=862 ms, used_size=272384 bytes (0.7%)
(RDMA_READ_CONSUME_CHECK_CONSUMER) timestamp=862 ms, used_size=270336 bytes (0.7%)
(RDMA_READ_CONSUME_CHECK_CONSUMER) timestamp=862 ms, used_size=268288 bytes (0.7%)
(RDMA_READ_CONSUME_CHECK_CONSUMER) timestamp=862 ms, used_size=266240 bytes (0.7%)
(RDMA_READ_CONSUME_CHECK_CONSUMER) timestamp=862 ms, used_size=264192 bytes (0.6%)
(RDMA_READ_CONSUME_CHECK_CONSUMER) timestamp=862 ms, used_size=262144 bytes (0.6%)
(RDMA_READ_CONSUME_CHECK_CONSUMER) timestamp=862 ms, used_size=260096 bytes (0.6%)
(RDMA_READ_CONSUME_CHECK_CONSUMER) timestamp=862 ms, used_size=258048 bytes (0.6%)
(RDMA_READ_CONSUME_CHECK_CONSUMER) timestamp=862 ms, used_size=256000 bytes (0.6%)
(RDMA_READ_CONSUME_CHECK_CONSUMER) timestamp=862 ms, used_size=253952 bytes (0.6%)
(RDMA_READ_CONSUME_CHECK_CONSUMER) timestamp=862 ms, used_size=251904 bytes (0.6%)
(RDMA_READ_CONSUME_CHECK_CONSUMER) timestamp=863 ms, used_size=249856 bytes (0.6%)
(RDMA_READ_CONSUME_CHECK_CONSUMER) timestamp=863 ms, used_size=247808 bytes (0.6%)
(RDMA_READ_CONSUME_CHECK_CONSUMER) timestamp=863 ms, used_size=245760 bytes (0.6%)
(RDMA_READ_CONSUME_CHECK_CONSUMER) timestamp=863 ms, used_size=243712 bytes (0.6%)
(RDMA_READ_CONSUME_CHECK_CONSUMER) timestamp=863 ms, used_size=241664 bytes (0.6%)
(RDMA_READ_CONSUME_CHECK_CONSUMER) timestamp=863 ms, used_size=239616 bytes (0.6%)
(RDMA_READ_CONSUME_CHECK_CONSUMER) timestamp=863 ms, used_size=237568 bytes (0.6%)
(RDMA_READ_CONSUME_CHECK_CONSUMER) timestamp=863 ms, used_size=235520 bytes (0.6%)
(RDMA_READ_CONSUME_CHECK_CONSUMER) timestamp=863 ms, used_size=233472 bytes (0.6%)
(RDMA_READ_CONSUME_CHECK_CONSUMER) timestamp=863 ms, used_size=231424 bytes (0.6%)
(RDMA_READ_CONSUME_CHECK_CONSUMER) timestamp=863 ms, used_size=229376 bytes (0.6%)
(RDMA_READ_CONSUME_CHECK_CONSUMER) timestamp=863 ms, used_size=227328 bytes (0.6%)
(RDMA_READ_CONSUME_CHECK_CONSUMER) timestamp=863 ms, used_size=225280 bytes (0.6%)
(RDMA_READ_CONSUME_CHECK_CONSUMER) timestamp=863 ms, used_size=223232 bytes (0.5%)
(RDMA_READ_CONSUME_CHECK_CONSUMER) timestamp=863 ms, used_size=221184 bytes (0.5%)
(RDMA_READ_CONSUME_CHECK_CONSUMER) timestamp=863 ms, used_size=219136 bytes (0.5%)
(RDMA_READ_CONSUME_CHECK_CONSUMER) timestamp=863 ms, used_size=217088 bytes (0.5%)
(RDMA_READ_CONSUME_CHECK_CONSUMER) timestamp=863 ms, used_size=215040 bytes (0.5%)
(RDMA_READ_CONSUME_CHECK_CONSUMER) timestamp=863 ms, used_size=212992 bytes (0.5%)
(RDMA_READ_CONSUME_CHECK_CONSUMER) timestamp=863 ms, used_size=210944 bytes (0.5%)
(RDMA_READ_CONSUME_CHECK_CONSUMER) timestamp=863 ms, used_size=208896 bytes (0.5%)
(RDMA_READ_CONSUME_CHECK_CONSUMER) timestamp=863 ms, used_size=206848 bytes (0.5%)
(RDMA_READ_CONSUME_CHECK_CONSUMER) timestamp=863 ms, used_size=204800 bytes (0.5%)
(RDMA_READ_CONSUME_CHECK_CONSUMER) timestamp=863 ms, used_size=202752 bytes (0.5%)
(RDMA_READ_CONSUME_CHECK_CONSUMER) timestamp=863 ms, used_size=200704 bytes (0.5%)
(RDMA_READ_CONSUME_CHECK_CONSUMER) timestamp=863 ms, used_size=198656 bytes (0.5%)
(RDMA_READ_CONSUME_CHECK_CONSUMER) timestamp=863 ms, used_size=196608 bytes (0.5%)
(RDMA_READ_CONSUME_CHECK_CONSUMER) timestamp=863 ms, used_size=194560 bytes (0.5%)
(RDMA_READ_CONSUME_CHECK_CONSUMER) timestamp=863 ms, used_size=192512 bytes (0.5%)
(RDMA_READ_CONSUME_CHECK_CONSUMER) timestamp=863 ms, used_size=190464 bytes (0.5%)
(RDMA_READ_CONSUME_CHECK_CONSUMER) timestamp=863 ms, used_size=188416 bytes (0.5%)
(RDMA_READ_CONSUME_CHECK_CONSUMER) timestamp=863 ms, used_size=186368 bytes (0.5%)
(RDMA_READ_CONSUME_CHECK_CONSUMER) timestamp=863 ms, used_size=184320 bytes (0.5%)
(RDMA_READ_CONSUME_CHECK_CONSUMER) timestamp=863 ms, used_size=182272 bytes (0.4%)
(RDMA_READ_CONSUME_CHECK_CONSUMER) timestamp=863 ms, used_size=180224 bytes (0.4%)
(RDMA_READ_CONSUME_CHECK_CONSUMER) timestamp=863 ms, used_size=178176 bytes (0.4%)
(RDMA_READ_CONSUME_CHECK_CONSUMER) timestamp=863 ms, used_size=176128 bytes (0.4%)
(RDMA_READ_CONSUME_CHECK_CONSUMER) timestamp=863 ms, used_size=174080 bytes (0.4%)
(RDMA_READ_CONSUME_CHECK_CONSUMER) timestamp=863 ms, used_size=172032 bytes (0.4%)
(RDMA_READ_CONSUME_CHECK_CONSUMER) timestamp=863 ms, used_size=169984 bytes (0.4%)
(RDMA_READ_CONSUME_CHECK_CONSUMER) timestamp=863 ms, used_size=167936 bytes (0.4%)
(RDMA_READ_CONSUME_CHECK_CONSUMER) timestamp=863 ms, used_size=165888 bytes (0.4%)
(RDMA_READ_CONSUME_CHECK_CONSUMER) timestamp=863 ms, used_size=163840 bytes (0.4%)
(RDMA_READ_CONSUME_CHECK_CONSUMER) timestamp=863 ms, used_size=161792 bytes (0.4%)
(RDMA_READ_CONSUME_CHECK_CONSUMER) timestamp=863 ms, used_size=159744 bytes (0.4%)
(RDMA_READ_CONSUME_CHECK_CONSUMER) timestamp=863 ms, used_size=157696 bytes (0.4%)
(RDMA_READ_CONSUME_CHECK_CONSUMER) timestamp=863 ms, used_size=155648 bytes (0.4%)
(RDMA_READ_CONSUME_CHECK_CONSUMER) timestamp=863 ms, used_size=153600 bytes (0.4%)
(RDMA_READ_CONSUME_CHECK_CONSUMER) timestamp=863 ms, used_size=151552 bytes (0.4%)
(RDMA_READ_CONSUME_CHECK_CONSUMER) timestamp=863 ms, used_size=149504 bytes (0.4%)
(RDMA_READ_CONSUME_CHECK_CONSUMER) timestamp=863 ms, used_size=147456 bytes (0.4%)
(RDMA_READ_CONSUME_CHECK_CONSUMER) timestamp=863 ms, used_size=145408 bytes (0.4%)
(RDMA_READ_CONSUME_CHECK_CONSUMER) timestamp=863 ms, used_size=143360 bytes (0.3%)
(RDMA_READ_CONSUME_CHECK_CONSUMER) timestamp=863 ms, used_size=141312 bytes (0.3%)
(RDMA_READ_CONSUME_CHECK_CONSUMER) timestamp=863 ms, used_size=139264 bytes (0.3%)
(RDMA_READ_CONSUME_CHECK_CONSUMER) timestamp=863 ms, used_size=137216 bytes (0.3%)
(RDMA_READ_CONSUME_CHECK_CONSUMER) timestamp=863 ms, used_size=135168 bytes (0.3%)
(RDMA_READ_CONSUME_CHECK_CONSUMER) timestamp=863 ms, used_size=133120 bytes (0.3%)
(RDMA_READ_CONSUME_CHECK_CONSUMER) timestamp=863 ms, used_size=131072 bytes (0.3%)
(RDMA_READ_CONSUME_CHECK_CONSUMER) timestamp=863 ms, used_size=129024 bytes (0.3%)
(RDMA_READ_CONSUME_CHECK_CONSUMER) timestamp=863 ms, used_size=126976 bytes (0.3%)
(RDMA_READ_CONSUME_CHECK_CONSUMER) timestamp=863 ms, used_size=124928 bytes (0.3%)
(RDMA_READ_CONSUME_CHECK_CONSUMER) timestamp=863 ms, used_size=122880 bytes (0.3%)
(RDMA_READ_CONSUME_CHECK_CONSUMER) timestamp=863 ms, used_size=120832 bytes (0.3%)
(RDMA_READ_CONSUME_CHECK_CONSUMER) timestamp=863 ms, used_size=118784 bytes (0.3%)
(RDMA_READ_CONSUME_CHECK_CONSUMER) timestamp=863 ms, used_size=116736 bytes (0.3%)
(RDMA_READ_CONSUME_CHECK_CONSUMER) timestamp=863 ms, used_size=114688 bytes (0.3%)
(RDMA_READ_CONSUME_CHECK_CONSUMER) timestamp=863 ms, used_size=112640 bytes (0.3%)
(RDMA_READ_CONSUME_CHECK_CONSUMER) timestamp=863 ms, used_size=110592 bytes (0.3%)
(RDMA_READ_CONSUME_CHECK_CONSUMER) timestamp=863 ms, used_size=108544 bytes (0.3%)
(RDMA_READ_CONSUME_CHECK_CONSUMER) timestamp=863 ms, used_size=106496 bytes (0.3%)
(RDMA_READ_CONSUME_CHECK_CONSUMER) timestamp=863 ms, used_size=104448 bytes (0.3%)
(RDMA_READ_CONSUME_CHECK_CONSUMER) timestamp=863 ms, used_size=102400 bytes (0.2%)
(RDMA_READ_CONSUME_CHECK_CONSUMER) timestamp=863 ms, used_size=100352 bytes (0.2%)
(RDMA_READ_CONSUME_CHECK_CONSUMER) timestamp=863 ms, used_size=98304 bytes (0.2%)
(RDMA_READ_CONSUME_CHECK_CONSUMER) timestamp=863 ms, used_size=96256 bytes (0.2%)
(RDMA_READ_CONSUME_CHECK_CONSUMER) timestamp=863 ms, used_size=94208 bytes (0.2%)
(RDMA_READ_CONSUME_CHECK_CONSUMER) timestamp=863 ms, used_size=92160 bytes (0.2%)
(RDMA_READ_CONSUME_CHECK_CONSUMER) timestamp=863 ms, used_size=90112 bytes (0.2%)
(RDMA_READ_CONSUME_CHECK_CONSUMER) timestamp=863 ms, used_size=88064 bytes (0.2%)
(RDMA_READ_CONSUME_CHECK_CONSUMER) timestamp=863 ms, used_size=86016 bytes (0.2%)
(RDMA_READ_CONSUME_CHECK_CONSUMER) timestamp=863 ms, used_size=83968 bytes (0.2%)
(RDMA_READ_CONSUME_CHECK_CONSUMER) timestamp=863 ms, used_size=81920 bytes (0.2%)
(RDMA_READ_CONSUME_CHECK_CONSUMER) timestamp=863 ms, used_size=79872 bytes (0.2%)
(RDMA_READ_CONSUME_CHECK_CONSUMER) timestamp=863 ms, used_size=77824 bytes (0.2%)
(RDMA_READ_CONSUME_CHECK_CONSUMER) timestamp=863 ms, used_size=75776 bytes (0.2%)
(RDMA_READ_CONSUME_CHECK_CONSUMER) timestamp=863 ms, used_size=73728 bytes (0.2%)
(RDMA_READ_CONSUME_CHECK_CONSUMER) timestamp=863 ms, used_size=71680 bytes (0.2%)
(RDMA_READ_CONSUME_CHECK_CONSUMER) timestamp=863 ms, used_size=69632 bytes (0.2%)
(RDMA_READ_CONSUME_CHECK_CONSUMER) timestamp=863 ms, used_size=67584 bytes (0.2%)
(RDMA_READ_CONSUME_CHECK_CONSUMER) timestamp=863 ms, used_size=65536 bytes (0.2%)
(RDMA_READ_CONSUME_CHECK_CONSUMER) timestamp=863 ms, used_size=63488 bytes (0.2%)
(RDMA_READ_CONSUME_CHECK_CONSUMER) timestamp=863 ms, used_size=61440 bytes (0.1%)
(RDMA_READ_CONSUME_CHECK_CONSUMER) timestamp=863 ms, used_size=59392 bytes (0.1%)
(RDMA_READ_CONSUME_CHECK_CONSUMER) timestamp=863 ms, used_size=57344 bytes (0.1%)
(RDMA_READ_CONSUME_CHECK_CONSUMER) timestamp=863 ms, used_size=55296 bytes (0.1%)
(RDMA_READ_CONSUME_CHECK_CONSUMER) timestamp=863 ms, used_size=53248 bytes (0.1%)
(RDMA_READ_CONSUME_CHECK_CONSUMER) timestamp=863 ms, used_size=51200 bytes (0.1%)
(RDMA_READ_CONSUME_CHECK_CONSUMER) timestamp=863 ms, used_size=49152 bytes (0.1%)
(RDMA_READ_CONSUME_CHECK_CONSUMER) timestamp=863 ms, used_size=47104 bytes (0.1%)
(RDMA_READ_CONSUME_CHECK_CONSUMER) timestamp=863 ms, used_size=45056 bytes (0.1%)
(RDMA_READ_CONSUME_CHECK_CONSUMER) timestamp=863 ms, used_size=43008 bytes (0.1%)
(RDMA_READ_CONSUME_CHECK_CONSUMER) timestamp=863 ms, used_size=40960 bytes (0.1%)
(RDMA_READ_CONSUME_CHECK_CONSUMER) timestamp=863 ms, used_size=38912 bytes (0.1%)
(RDMA_READ_CONSUME_CHECK_CONSUMER) timestamp=863 ms, used_size=36864 bytes (0.1%)
(RDMA_READ_CONSUME_CHECK_CONSUMER) timestamp=863 ms, used_size=34816 bytes (0.1%)
(RDMA_READ_CONSUME_CHECK_CONSUMER) timestamp=863 ms, used_size=32768 bytes (0.1%)
(RDMA_READ_CONSUME_CHECK_CONSUMER) timestamp=863 ms, used_size=30720 bytes (0.1%)
(RDMA_READ_CONSUME_CHECK_CONSUMER) timestamp=863 ms, used_size=28672 bytes (0.1%)
(RDMA_READ_CONSUME_CHECK_CONSUMER) timestamp=863 ms, used_size=26624 bytes (0.1%)
(RDMA_READ_CONSUME_CHECK_CONSUMER) timestamp=863 ms, used_size=24576 bytes (0.1%)
(RDMA_READ_CONSUME_CHECK_CONSUMER) timestamp=863 ms, used_size=22528 bytes (0.1%)
(RDMA_READ_CONSUME_CHECK_CONSUMER) timestamp=863 ms, used_size=20480 bytes (0.1%)
(RDMA_READ_CONSUME_CHECK_CONSUMER) timestamp=863 ms, used_size=18432 bytes (0.0%)
(RDMA_READ_CONSUME_CHECK_CONSUMER) timestamp=863 ms, used_size=16384 bytes (0.0%)
(RDMA_READ_CONSUME_CHECK_CONSUMER) timestamp=863 ms, used_size=14336 bytes (0.0%)
(RDMA_READ_CONSUME_CHECK_CONSUMER) timestamp=863 ms, used_size=12288 bytes (0.0%)
(RDMA_READ_CONSUME_CHECK_CONSUMER) timestamp=863 ms, used_size=10240 bytes (0.0%)
(RDMA_READ_CONSUME_CHECK_CONSUMER) timestamp=863 ms, used_size=8192 bytes (0.0%)
(RDMA_READ_CONSUME_CHECK_CONSUMER) timestamp=863 ms, used_size=6144 bytes (0.0%)
(RDMA_READ_CONSUME_CHECK_CONSUMER) timestamp=863 ms, used_size=4096 bytes (0.0%)
(RDMA_READ_CONSUME_CHECK_CONSUMER) timestamp=863 ms, used_size=2048 bytes (0.0%)
(RDMA_READ_CONSUME_CHECK_CONSUMER) timestamp=863 ms, used_size=0 bytes (0.0%)
(RDMA_READ_CONSUME_CHECK) Cycle 1, Batch 0: CRC32 OK (0xbeaa30f3), 8192 messages verified
(RDMA_READ_CONSUME_CHECK_CONSUMER) timestamp=863 ms, used_size=16775168 bytes (41.0%)
(RDMA_READ_CONSUME_CHECK_CONSUMER) timestamp=1260 ms, used_size=16773120 bytes (41.0%)
(RDMA_READ_CONSUME_CHECK_CONSUMER) timestamp=1260 ms, used_size=16771072 bytes (40.9%)
(RDMA_READ_CONSUME_CHECK_CONSUMER) timestamp=1260 ms, used_size=16769024 bytes (40.9%)
(RDMA_READ_CONSUME_CHECK_CONSUMER) timestamp=1260 ms, used_size=16766976 bytes (40.9%)
(RDMA_READ_CONSUME_CHECK_CONSUMER) timestamp=1260 ms, used_size=16764928 bytes (40.9%)
(RDMA_READ_CONSUME_CHECK_CONSUMER) timestamp=1260 ms, used_size=16762880 bytes (40.9%)
(RDMA_READ_CONSUME_CHECK_CONSUMER) timestamp=1260 ms, used_size=16760832 bytes (40.9%)
(RDMA_READ_CONSUME_CHECK_CONSUMER) timestamp=1260 ms, used_size=16758784 bytes (40.9%)
(RDMA_READ_CONSUME_CHECK_CONSUMER) timestamp=1260 ms, used_size=16756736 bytes (40.9%)
(RDMA_READ_CONSUME_CHECK_CONSUMER) timestamp=1260 ms, used_size=16754688 bytes (40.9%)
(RDMA_READ_CONSUME_CHECK_CONSUMER) timestamp=1260 ms, used_size=16752640 bytes (40.9%)
(RDMA_READ_CONSUME_CHECK_CONSUMER) timestamp=1260 ms, used_size=16750592 bytes (40.9%)
(RDMA_READ_CONSUME_CHECK_CONSUMER) timestamp=1260 ms, used_size=16748544 bytes (40.9%)
(RDMA_READ_CONSUME_CHECK_CONSUMER) timestamp=1260 ms, used_size=16746496 bytes (40.9%)
(RDMA_READ_CONSUME_CHECK_CONSUMER) timestamp=1260 ms, used_size=16744448 bytes (40.9%)
(RDMA_READ_CONSUME_CHECK_CONSUMER) timestamp=1260 ms, used_size=16742400 bytes (40.9%)
(RDMA_READ_CONSUME_CHECK_CONSUMER) timestamp=1260 ms, used_size=16740352 bytes (40.9%)
(RDMA_READ_CONSUME_CHECK_CONSUMER) timestamp=1260 ms, used_size=16738304 bytes (40.9%)
(RDMA_READ_CONSUME_CHECK_CONSUMER) timestamp=1260 ms, used_size=16736256 bytes (40.9%)
(RDMA_READ_CONSUME_CHECK_CONSUMER) timestamp=1260 ms, used_size=16734208 bytes (40.9%)
(RDMA_READ_CONSUME_CHECK_CONSUMER) timestamp=1260 ms, used_size=16732160 bytes (40.9%)
(RDMA_READ_CONSUME_CHECK_CONSUMER) timestamp=1260 ms, used_size=16730112 bytes (40.8%)
(RDMA_READ_CONSUME_CHECK_CONSUMER) timestamp=1260 ms, used_size=16728064 bytes (40.8%)
(RDMA_READ_CONSUME_CHECK_CONSUMER) timestamp=1260 ms, used_size=16726016 bytes (40.8%)
(RDMA_READ_CONSUME_CHECK_CONSUMER) timestamp=1260 ms, used_size=16723968 bytes (40.8%)
(RDMA_READ_CONSUME_CHECK_CONSUMER) timestamp=1260 ms, used_size=16721920 bytes (40.8%)
(RDMA_READ_CONSUME_CHECK_CONSUMER) timestamp=1260 ms, used_size=16719872 bytes (40.8%)
(RDMA_READ_CONSUME_CHECK_CONSUMER) timestamp=1260 ms, used_size=16717824 bytes (40.8%)
(RDMA_READ_CONSUME_CHECK_CONSUMER) timestamp=1260 ms, used_size=16715776 bytes (40.8%)
(RDMA_READ_CONSUME_CHECK_CONSUMER) timestamp=1260 ms, used_size=16713728 bytes (40.8%)
(RDMA_READ_CONSUME_CHECK_CONSUMER) timestamp=1260 ms, used_size=16711680 bytes (40.8%)
(RDMA_READ_CONSUME_CHECK_CONSUMER) timestamp=1260 ms, used_size=16709632 bytes (40.8%)
(RDMA_READ_CONSUME_CHECK_CONSUMER) timestamp=1260 ms, used_size=16707584 bytes (40.8%)
(RDMA_READ_CONSUME_CHECK_CONSUMER) timestamp=1260 ms, used_size=16705536 bytes (40.8%)
(RDMA_READ_CONSUME_CHECK_CONSUMER) timestamp=1260 ms, used_size=16703488 bytes (40.8%)
(RDMA_READ_CONSUME_CHECK_CONSUMER) timestamp=1260 ms, used_size=16701440 bytes (40.8%)
(RDMA_READ_CONSUME_CHECK_CONSUMER) timestamp=1260 ms, used_size=16699392 bytes (40.8%)
(RDMA_READ_CONSUME_CHECK_CONSUMER) timestamp=1260 ms, used_size=16697344 bytes (40.8%)
(RDMA_READ_CONSUME_CHECK_CONSUMER) timestamp=1260 ms, used_size=16695296 bytes (40.8%)
(RDMA_READ_CONSUME_CHECK_CONSUMER) timestamp=1260 ms, used_size=16693248 bytes (40.8%)
(RDMA_READ_CONSUME_CHECK_CONSUMER) timestamp=1260 ms, used_size=16691200 bytes (40.8%)
(RDMA_READ_CONSUME_CHECK_CONSUMER) timestamp=1260 ms, used_size=16689152 bytes (40.7%)
(RDMA_READ_CONSUME_CHECK_CONSUMER) timestamp=1260 ms, used_size=16687104 bytes (40.7%)
(RDMA_READ_CONSUME_CHECK_CONSUMER) timestamp=1260 ms, used_size=16685056 bytes (40.7%)
(RDMA_READ_CONSUME_CHECK_CONSUMER) timestamp=1260 ms, used_size=16683008 bytes (40.7%)
(RDMA_READ_CONSUME_CHECK_CONSUMER) timestamp=1260 ms, used_size=16680960 bytes (40.7%)
(RDMA_READ_CONSUME_CHECK_CONSUMER) timestamp=1260 ms, used_size=16678912 bytes (40.7%)
(RDMA_READ_CONSUME_CHECK_CONSUMER) timestamp=1260 ms, used_size=16676864 bytes (40.7%)
(RDMA_READ_CONSUME_CHECK_CONSUMER) timestamp=1260 ms, used_size=16674816 bytes (40.7%)
(RDMA_READ_CONSUME_CHECK_CONSUMER) timestamp=1260 ms, used_size=16672768 bytes (40.7%)
(RDMA_READ_CONSUME_CHECK_CONSUMER) timestamp=1260 ms, used_size=16670720 bytes (40.7%)
(RDMA_READ_CONSUME_CHECK_CONSUMER) timestamp=1260 ms, used_size=16668672 bytes (40.7%)
(RDMA_READ_CONSUME_CHECK_CONSUMER) timestamp=1260 ms, used_size=16666624 bytes (40.7%)
(RDMA_READ_CONSUME_CHECK_CONSUMER) timestamp=1260 ms, used_size=16664576 bytes (40.7%)
(RDMA_READ_CONSUME_CHECK_CONSUMER) timestamp=1260 ms, used_size=16662528 bytes (40.7%)
(RDMA_READ_CONSUME_CHECK_CONSUMER) timestamp=1260 ms, used_size=16660480 bytes (40.7%)
(RDMA_READ_CONSUME_CHECK_CONSUMER) timestamp=1260 ms, used_size=16658432 bytes (40.7%)
(RDMA_READ_CONSUME_CHECK_CONSUMER) timestamp=1260 ms, used_size=16656384 bytes (40.7%)
(RDMA_READ_CONSUME_CHECK_CONSUMER) timestamp=1260 ms, used_size=16654336 bytes (40.7%)
(RDMA_READ_CONSUME_CHECK_CONSUMER) timestamp=1260 ms, used_size=16652288 bytes (40.7%)
(RDMA_READ_CONSUME_CHECK_CONSUMER) timestamp=1260 ms, used_size=16650240 bytes (40.6%)
(RDMA_READ_CONSUME_CHECK_CONSUMER) timestamp=1260 ms, used_size=16648192 bytes (40.6%)
(RDMA_READ_CONSUME_CHECK_CONSUMER) timestamp=1260 ms, used_size=16646144 bytes (40.6%)
(RDMA_READ_CONSUME_CHECK_CONSUMER) timestamp=1260 ms, used_size=16644096 bytes (40.6%)
(RDMA_READ_CONSUME_CHECK_CONSUMER) timestamp=1260 ms, used_size=16642048 bytes (40.6%)
(RDMA_READ_CONSUME_CHECK_CONSUMER) timestamp=1260 ms, used_size=16640000 bytes (40.6%)
(RDMA_READ_CONSUME_CHECK_CONSUMER) timestamp=1260 ms, used_size=16637952 bytes (40.6%)
(RDMA_READ_CONSUME_CHECK_CONSUMER) timestamp=1260 ms, used_size=16635904 bytes (40.6%)
(RDMA_READ_CONSUME_CHECK_CONSUMER) timestamp=1260 ms, used_size=16633856 bytes (40.6%)
(RDMA_READ_CONSUME_CHECK_CONSUMER) timestamp=1260 ms, used_size=16631808 bytes (40.6%)
(RDMA_READ_CONSUME_CHECK_CONSUMER) timestamp=1260 ms, used_size=16629760 bytes (40.6%)
(RDMA_READ_CONSUME_CHECK_CONSUMER) timestamp=1260 ms, used_size=16627712 bytes (40.6%)
(RDMA_READ_CONSUME_CHECK_CONSUMER) timestamp=1260 ms, used_size=16625664 bytes (40.6%)
(RDMA_READ_CONSUME_CHECK_CONSUMER) timestamp=1260 ms, used_size=16623616 bytes (40.6%)
(RDMA_READ_CONSUME_CHECK_CONSUMER) timestamp=1260 ms, used_size=16621568 bytes (40.6%)
(RDMA_READ_CONSUME_CHECK_CONSUMER) timestamp=1260 ms, used_size=16619520 bytes (40.6%)
(RDMA_READ_CONSUME_CHECK_CONSUMER) timestamp=1260 ms, used_size=16617472 bytes (40.6%)
(RDMA_READ_CONSUME_CHECK_CONSUMER) timestamp=1260 ms, used_size=16615424 bytes (40.6%)
(RDMA_READ_CONSUME_CHECK_CONSUMER) timestamp=1260 ms, used_size=16613376 bytes (40.6%)
(RDMA_READ_CONSUME_CHECK_CONSUMER) timestamp=1260 ms, used_size=16611328 bytes (40.6%)
(RDMA_READ_CONSUME_CHECK_CONSUMER) timestamp=1260 ms, used_size=16609280 bytes (40.5%)
(RDMA_READ_CONSUME_CHECK_CONSUMER) timestamp=1260 ms, used_size=16607232 bytes (40.5%)
(RDMA_READ_CONSUME_CHECK_CONSUMER) timestamp=1260 ms, used_size=16605184 bytes (40.5%)
(RDMA_READ_CONSUME_CHECK_CONSUMER) timestamp=1260 ms, used_size=16603136 bytes (40.5%)
(RDMA_READ_CONSUME_CHECK_CONSUMER) timestamp=1260 ms, used_size=16601088 bytes (40.5%)
(RDMA_READ_CONSUME_CHECK_CONSUMER) timestamp=1260 ms, used_size=16599040 bytes (40.5%)
(RDMA_READ_CONSUME_CHECK_CONSUMER) timestamp=1260 ms, used_size=16596992 bytes (40.5%)
(RDMA_READ_CONSUME_CHECK_CONSUMER) timestamp=1260 ms, used_size=16594944 bytes (40.5%)
(RDMA_READ_CONSUME_CHECK_CONSUMER) timestamp=1260 ms, used_size=16592896 bytes (40.5%)
(RDMA_READ_CONSUME_CHECK_CONSUMER) timestamp=1260 ms, used_size=16590848 bytes (40.5%)
(RDMA_READ_CONSUME_CHECK_CONSUMER) timestamp=1260 ms, used_size=16588800 bytes (40.5%)
(RDMA_READ_CONSUME_CHECK_CONSUMER) timestamp=1260 ms, used_size=16586752 bytes (40.5%)
(RDMA_READ_CONSUME_CHECK_CONSUMER) timestamp=1260 ms, used_size=16584704 bytes (40.5%)
(RDMA_READ_CONSUME_CHECK_CONSUMER) timestamp=1260 ms, used_size=16582656 bytes (40.5%)
(RDMA_READ_CONSUME_CHECK_CONSUMER) timestamp=1260 ms, used_size=16580608 bytes (40.5%)
(RDMA_READ_CONSUME_CHECK_CONSUMER) timestamp=1261 ms, used_size=16578560 bytes (40.5%)
(RDMA_READ_CONSUME_CHECK_CONSUMER) timestamp=1261 ms, used_size=16576512 bytes (40.5%)
(RDMA_READ_CONSUME_CHECK_CONSUMER) timestamp=1261 ms, used_size=16574464 bytes (40.5%)
(RDMA_READ_CONSUME_CHECK_CONSUMER) timestamp=1261 ms, used_size=16572416 bytes (40.5%)
(RDMA_READ_CONSUME_CHECK_CONSUMER) timestamp=1261 ms, used_size=16570368 bytes (40.5%)
(RDMA_READ_CONSUME_CHECK_CONSUMER) timestamp=1261 ms, used_size=16568320 bytes (40.5%)
(RDMA_READ_CONSUME_CHECK_CONSUMER) timestamp=1261 ms, used_size=16566272 bytes (40.4%)
(RDMA_READ_CONSUME_CHECK_CONSUMER) timestamp=1261 ms, used_size=16564224 bytes (40.4%)
(RDMA_READ_CONSUME_CHECK_CONSUMER) timestamp=1261 ms, used_size=16562176 bytes (40.4%)
(RDMA_READ_CONSUME_CHECK_CONSUMER) timestamp=1261 ms, used_size=16560128 bytes (40.4%)
(RDMA_READ_CONSUME_CHECK_CONSUMER) timestamp=1261 ms, used_size=16558080 bytes (40.4%)
(RDMA_READ_CONSUME_CHECK_CONSUMER) timestamp=1261 ms, used_size=16556032 bytes (40.4%)
(RDMA_READ_CONSUME_CHECK_CONSUMER) timestamp=1261 ms, used_size=16553984 bytes (40.4%)
(RDMA_READ_CONSUME_CHECK_CONSUMER) timestamp=1261 ms, used_size=16551936 bytes (40.4%)
(RDMA_READ_CONSUME_CHECK_CONSUMER) timestamp=1261 ms, used_size=16549888 bytes (40.4%)
(RDMA_READ_CONSUME_CHECK_CONSUMER) timestamp=1261 ms, used_size=16547840 bytes (40.4%)
(RDMA_READ_CONSUME_CHECK_CONSUMER) timestamp=1261 ms, used_size=16545792 bytes (40.4%)
(RDMA_READ_CONSUME_CHECK_CONSUMER) timestamp=1261 ms, used_size=16543744 bytes (40.4%)
(RDMA_READ_CONSUME_CHECK_CONSUMER) timestamp=1261 ms, used_size=16541696 bytes (40.4%)
(RDMA_READ_CONSUME_CHECK_CONSUMER) timestamp=1261 ms, used_size=16539648 bytes (40.4%)
(RDMA_READ_CONSUME_CHECK_CONSUMER) timestamp=1261 ms, used_size=16537600 bytes (40.4%)
(RDMA_READ_CONSUME_CHECK_CONSUMER) timestamp=1261 ms, used_size=16535552 bytes (40.4%)
(RDMA_READ_CONSUME_CHECK_CONSUMER) timestamp=1261 ms, used_size=16533504 bytes (40.4%)
(RDMA_READ_CONSUME_CHECK_CONSUMER) timestamp=1261 ms, used_size=16531456 bytes (40.4%)
(RDMA_READ_CONSUME_CHECK_CONSUMER) timestamp=1261 ms, used_size=16529408 bytes (40.4%)
(RDMA_READ_CONSUME_CHECK_CONSUMER) timestamp=1261 ms, used_size=16527360 bytes (40.4%)
(RDMA_READ_CONSUME_CHECK_CONSUMER) timestamp=1261 ms, used_size=16525312 bytes (40.3%)
(RDMA_READ_CONSUME_CHECK_CONSUMER) timestamp=1261 ms, used_size=16523264 bytes (40.3%)
(RDMA_READ_CONSUME_CHECK_CONSUMER) timestamp=1261 ms, used_size=16521216 bytes (40.3%)
(RDMA_READ_CONSUME_CHECK_CONSUMER) timestamp=1261 ms, used_size=16519168 bytes (40.3%)
(RDMA_READ_CONSUME_CHECK_CONSUMER) timestamp=1261 ms, used_size=16517120 bytes (40.3%)
(RDMA_READ_CONSUME_CHECK_CONSUMER) timestamp=1261 ms, used_size=16515072 bytes (40.3%)
(RDMA_READ_CONSUME_CHECK_CONSUMER) timestamp=1261 ms, used_size=16513024 bytes (40.3%)
(RDMA_READ_CONSUME_CHECK_CONSUMER) timestamp=1261 ms, used_size=16510976 bytes (40.3%)
(RDMA_READ_CONSUME_CHECK_CONSUMER) timestamp=1261 ms, used_size=16508928 bytes (40.3%)
(RDMA_READ_CONSUME_CHECK_CONSUMER) timestamp=1261 ms, used_size=16506880 bytes (40.3%)
(RDMA_READ_CONSUME_CHECK_CONSUMER) timestamp=1261 ms, used_size=16504832 bytes (40.3%)
(RDMA_READ_CONSUME_CHECK_CONSUMER) timestamp=1261 ms, used_size=16502784 bytes (40.3%)
(RDMA_READ_CONSUME_CHECK_CONSUMER) timestamp=1261 ms, used_size=16500736 bytes (40.3%)
(RDMA_READ_CONSUME_CHECK_CONSUMER) timestamp=1261 ms, used_size=16498688 bytes (40.3%)
(RDMA_READ_CONSUME_CHECK_CONSUMER) timestamp=1261 ms, used_size=16496640 bytes (40.3%)
(RDMA_READ_CONSUME_CHECK_CONSUMER) timestamp=1261 ms, used_size=16494592 bytes (40.3%)
(RDMA_READ_CONSUME_CHECK_CONSUMER) timestamp=1261 ms, used_size=16492544 bytes (40.3%)
(RDMA_READ_CONSUME_CHECK_CONSUMER) timestamp=1261 ms, used_size=16490496 bytes (40.3%)
(RDMA_READ_CONSUME_CHECK_CONSUMER) timestamp=1261 ms, used_size=16488448 bytes (40.3%)
(RDMA_READ_CONSUME_CHECK_CONSUMER) timestamp=1261 ms, used_size=16486400 bytes (40.2%)
(RDMA_READ_CONSUME_CHECK_CONSUMER) timestamp=1261 ms, used_size=16484352 bytes (40.2%)
(RDMA_READ_CONSUME_CHECK_CONSUMER) timestamp=1261 ms, used_size=16482304 bytes (40.2%)
(RDMA_READ_CONSUME_CHECK_CONSUMER) timestamp=1261 ms, used_size=16480256 bytes (40.2%)
(RDMA_READ_CONSUME_CHECK_CONSUMER) timestamp=1261 ms, used_size=16478208 bytes (40.2%)
(RDMA_READ_CONSUME_CHECK_CONSUMER) timestamp=1261 ms, used_size=16476160 bytes (40.2%)
(RDMA_READ_CONSUME_CHECK_CONSUMER) timestamp=1261 ms, used_size=16474112 bytes (40.2%)
(RDMA_READ_CONSUME_CHECK_CONSUMER) timestamp=1261 ms, used_size=16472064 bytes (40.2%)
(RDMA_READ_CONSUME_CHECK_CONSUMER) timestamp=1261 ms, used_size=16470016 bytes (40.2%)
(RDMA_READ_CONSUME_CHECK_CONSUMER) timestamp=1261 ms, used_size=16467968 bytes (40.2%)
(RDMA_READ_CONSUME_CHECK_CONSUMER) timestamp=1261 ms, used_size=16465920 bytes (40.2%)
(RDMA_READ_CONSUME_CHECK_CONSUMER) timestamp=1261 ms, used_size=16463872 bytes (40.2%)
(RDMA_READ_CONSUME_CHECK_CONSUMER) timestamp=1261 ms, used_size=16461824 bytes (40.2%)
(RDMA_READ_CONSUME_CHECK_CONSUMER) timestamp=1261 ms, used_size=16459776 bytes (40.2%)
(RDMA_READ_CONSUME_CHECK_CONSUMER) timestamp=1261 ms, used_size=16457728 bytes (40.2%)
(RDMA_READ_CONSUME_CHECK_CONSUMER) timestamp=1261 ms, used_size=16455680 bytes (40.2%)
(RDMA_READ_CONSUME_CHECK_CONSUMER) timestamp=1261 ms, used_size=16453632 bytes (40.2%)
(RDMA_READ_CONSUME_CHECK_CONSUMER) timestamp=1261 ms, used_size=16451584 bytes (40.2%)
(RDMA_READ_CONSUME_CHECK_CONSUMER) timestamp=1261 ms, used_size=16449536 bytes (40.2%)
(RDMA_READ_CONSUME_CHECK_CONSUMER) timestamp=1261 ms, used_size=16447488 bytes (40.2%)
(RDMA_READ_CONSUME_CHECK_CONSUMER) timestamp=1261 ms, used_size=16445440 bytes (40.1%)
(RDMA_READ_CONSUME_CHECK_CONSUMER) timestamp=1261 ms, used_size=16443392 bytes (40.1%)
(RDMA_READ_CONSUME_CHECK_CONSUMER) timestamp=1261 ms, used_size=16441344 bytes (40.1%)
(RDMA_READ_CONSUME_CHECK_CONSUMER) timestamp=1261 ms, used_size=16439296 bytes (40.1%)
(RDMA_READ_CONSUME_CHECK_CONSUMER) timestamp=1261 ms, used_size=16437248 bytes (40.1%)
(RDMA_READ_CONSUME_CHECK_CONSUMER) timestamp=1261 ms, used_size=16435200 bytes (40.1%)
(RDMA_READ_CONSUME_CHECK_CONSUMER) timestamp=1261 ms, used_size=16433152 bytes (40.1%)
(RDMA_READ_CONSUME_CHECK_CONSUMER) timestamp=1261 ms, used_size=16431104 bytes (40.1%)
(RDMA_READ_CONSUME_CHECK_CONSUMER) timestamp=1261 ms, used_size=16429056 bytes (40.1%)
(RDMA_READ_CONSUME_CHECK_CONSUMER) timestamp=1261 ms, used_size=16427008 bytes (40.1%)
(RDMA_READ_CONSUME_CHECK_CONSUMER) timestamp=1261 ms, used_size=16424960 bytes (40.1%)
(RDMA_READ_CONSUME_CHECK_CONSUMER) timestamp=1261 ms, used_size=16422912 bytes (40.1%)
(RDMA_READ_CONSUME_CHECK_CONSUMER) timestamp=1261 ms, used_size=16420864 bytes (40.1%)
(RDMA_READ_CONSUME_CHECK_CONSUMER) timestamp=1261 ms, used_size=16418816 bytes (40.1%)
(RDMA_READ_CONSUME_CHECK_CONSUMER) timestamp=1261 ms, used_size=16416768 bytes (40.1%)
(RDMA_READ_CONSUME_CHECK_CONSUMER) timestamp=1261 ms, used_size=16414720 bytes (40.1%)
(RDMA_READ_CONSUME_CHECK_CONSUMER) timestamp=1261 ms, used_size=16412672 bytes (40.1%)
(RDMA_READ_CONSUME_CHECK_CONSUMER) timestamp=1261 ms, used_size=16410624 bytes (40.1%)
(RDMA_READ_CONSUME_CHECK_CONSUMER) timestamp=1261 ms, used_size=16408576 bytes (40.1%)
(RDMA_READ_CONSUME_CHECK_CONSUMER) timestamp=1261 ms, used_size=16406528 bytes (40.1%)
(RDMA_READ_CONSUME_CHECK_CONSUMER) timestamp=1261 ms, used_size=16404480 bytes (40.0%)
(RDMA_READ_CONSUME_CHECK_CONSUMER) timestamp=1261 ms, used_size=16402432 bytes (40.0%)
(RDMA_READ_CONSUME_CHECK_CONSUMER) timestamp=1261 ms, used_size=16400384 bytes (40.0%)
(RDMA_READ_CONSUME_CHECK_CONSUMER) timestamp=1261 ms, used_size=16398336 bytes (40.0%)
(RDMA_READ_CONSUME_CHECK_CONSUMER) timestamp=1261 ms, used_size=16396288 bytes (40.0%)
(RDMA_READ_CONSUME_CHECK_CONSUMER) timestamp=1261 ms, used_size=16394240 bytes (40.0%)
(RDMA_READ_CONSUME_CHECK_CONSUMER) timestamp=1261 ms, used_size=16392192 bytes (40.0%)
(RDMA_READ_CONSUME_CHECK_CONSUMER) timestamp=1261 ms, used_size=16390144 bytes (40.0%)
(RDMA_READ_CONSUME_CHECK_CONSUMER) timestamp=1261 ms, used_size=16388096 bytes (40.0%)
(RDMA_READ_CONSUME_CHECK_CONSUMER) timestamp=1261 ms, used_size=16386048 bytes (40.0%)
(RDMA_READ_CONSUME_CHECK_CONSUMER) timestamp=1261 ms, used_size=16384000 bytes (40.0%)
(RDMA_READ_CONSUME_CHECK_CONSUMER) timestamp=1261 ms, used_size=16381952 bytes (40.0%)
(RDMA_READ_CONSUME_CHECK_CONSUMER) timestamp=1261 ms, used_size=16379904 bytes (40.0%)
(RDMA_READ_CONSUME_CHECK_CONSUMER) timestamp=1261 ms, used_size=16377856 bytes (40.0%)
(RDMA_READ_CONSUME_CHECK_CONSUMER) timestamp=1261 ms, used_size=16375808 bytes (40.0%)
(RDMA_READ_CONSUME_CHECK_CONSUMER) timestamp=1261 ms, used_size=16373760 bytes (40.0%)
(RDMA_READ_CONSUME_CHECK_CONSUMER) timestamp=1261 ms, used_size=16371712 bytes (40.0%)
(RDMA_READ_CONSUME_CHECK_CONSUMER) timestamp=1261 ms, used_size=16369664 bytes (40.0%)
(RDMA_READ_CONSUME_CHECK_CONSUMER) timestamp=1261 ms, used_size=16367616 bytes (40.0%)
(RDMA_READ_CONSUME_CHECK_CONSUMER) timestamp=1261 ms, used_size=16365568 bytes (40.0%)
(RDMA_READ_CONSUME_CHECK_CONSUMER) timestamp=1261 ms, used_size=16363520 bytes (40.0%)
(RDMA_READ_CONSUME_CHECK_CONSUMER) timestamp=1261 ms, used_size=16361472 bytes (39.9%)
(RDMA_READ_CONSUME_CHECK_CONSUMER) timestamp=1261 ms, used_size=16359424 bytes (39.9%)
(RDMA_READ_CONSUME_CHECK_CONSUMER) timestamp=1261 ms, used_size=16357376 bytes (39.9%)
(RDMA_READ_CONSUME_CHECK_CONSUMER) timestamp=1261 ms, used_size=16355328 bytes (39.9%)
(RDMA_READ_CONSUME_CHECK_CONSUMER) timestamp=1261 ms, used_size=16353280 bytes (39.9%)
(RDMA_READ_CONSUME_CHECK_CONSUMER) timestamp=1261 ms, used_size=16351232 bytes (39.9%)
(RDMA_READ_CONSUME_CHECK_CONSUMER) timestamp=1261 ms, used_size=16349184 bytes (39.9%)
(RDMA_READ_CONSUME_CHECK_CONSUMER) timestamp=1261 ms, used_size=16347136 bytes (39.9%)
(RDMA_READ_CONSUME_CHECK_CONSUMER) timestamp=1261 ms, used_size=16345088 bytes (39.9%)
(RDMA_READ_CONSUME_CHECK_CONSUMER) timestamp=1261 ms, used_size=16343040 bytes (39.9%)
(RDMA_READ_CONSUME_CHECK_CONSUMER) timestamp=1261 ms, used_size=16340992 bytes (39.9%)
(RDMA_READ_CONSUME_CHECK_CONSUMER) timestamp=1261 ms, used_size=16338944 bytes (39.9%)
(RDMA_READ_CONSUME_CHECK_CONSUMER) timestamp=1261 ms, used_size=16336896 bytes (39.9%)
(RDMA_READ_CONSUME_CHECK_CONSUMER) timestamp=1261 ms, used_size=16334848 bytes (39.9%)
(RDMA_READ_CONSUME_CHECK_CONSUMER) timestamp=1261 ms, used_size=16332800 bytes (39.9%)
(RDMA_READ_CONSUME_CHECK_CONSUMER) timestamp=1261 ms, used_size=16330752 bytes (39.9%)
(RDMA_READ_CONSUME_CHECK_CONSUMER) timestamp=1261 ms, used_size=16328704 bytes (39.9%)
(RDMA_READ_CONSUME_CHECK_CONSUMER) timestamp=1261 ms, used_size=16326656 bytes (39.9%)
(RDMA_READ_CONSUME_CHECK_CONSUMER) timestamp=1261 ms, used_size=16324608 bytes (39.9%)
(RDMA_READ_CONSUME_CHECK_CONSUMER) timestamp=1261 ms, used_size=16322560 bytes (39.9%)
(RDMA_READ_CONSUME_CHECK_CONSUMER) timestamp=1261 ms, used_size=16320512 bytes (39.8%)
(RDMA_READ_CONSUME_CHECK_CONSUMER) timestamp=1261 ms, used_size=16318464 bytes (39.8%)
(RDMA_READ_CONSUME_CHECK_CONSUMER) timestamp=1261 ms, used_size=16316416 bytes (39.8%)
(RDMA_READ_CONSUME_CHECK_CONSUMER) timestamp=1261 ms, used_size=16314368 bytes (39.8%)
(RDMA_READ_CONSUME_CHECK_CONSUMER) timestamp=1261 ms, used_size=16312320 bytes (39.8%)
(RDMA_READ_CONSUME_CHECK_CONSUMER) timestamp=1261 ms, used_size=16310272 bytes (39.8%)
(RDMA_READ_CONSUME_CHECK_CONSUMER) timestamp=1261 ms, used_size=16308224 bytes (39.8%)
(RDMA_READ_CONSUME_CHECK_CONSUMER) timestamp=1261 ms, used_size=16306176 bytes (39.8%)
(RDMA_READ_CONSUME_CHECK_CONSUMER) timestamp=1261 ms, used_size=16304128 bytes (39.8%)
(RDMA_READ_CONSUME_CHECK_CONSUMER) timestamp=1261 ms, used_size=16302080 bytes (39.8%)
(RDMA_READ_CONSUME_CHECK_CONSUMER) timestamp=1261 ms, used_size=16300032 bytes (39.8%)
(RDMA_READ_CONSUME_CHECK_CONSUMER) timestamp=1261 ms, used_size=16297984 bytes (39.8%)
(RDMA_READ_CONSUME_CHECK_CONSUMER) timestamp=1261 ms, used_size=16295936 bytes (39.8%)
(RDMA_READ_CONSUME_CHECK_CONSUMER) timestamp=1261 ms, used_size=16293888 bytes (39.8%)
(RDMA_READ_CONSUME_CHECK_CONSUMER) timestamp=1261 ms, used_size=16291840 bytes (39.8%)
(RDMA_READ_CONSUME_CHECK_CONSUMER) timestamp=1261 ms, used_size=16289792 bytes (39.8%)
(RDMA_READ_CONSUME_CHECK_CONSUMER) timestamp=1261 ms, used_size=16287744 bytes (39.8%)
(RDMA_READ_CONSUME_CHECK_CONSUMER) timestamp=1261 ms, used_size=16285696 bytes (39.8%)
(RDMA_READ_CONSUME_CHECK_CONSUMER) timestamp=1261 ms, used_size=16283648 bytes (39.8%)
(RDMA_READ_CONSUME_CHECK_CONSUMER) timestamp=1261 ms, used_size=16281600 bytes (39.8%)
(RDMA_READ_CONSUME_CHECK_CONSUMER) timestamp=1261 ms, used_size=16279552 bytes (39.7%)
(RDMA_READ_CONSUME_CHECK_CONSUMER) timestamp=1261 ms, used_size=16277504 bytes (39.7%)
(RDMA_READ_CONSUME_CHECK_CONSUMER) timestamp=1262 ms, used_size=16275456 bytes (39.7%)
(RDMA_READ_CONSUME_CHECK_CONSUMER) timestamp=1262 ms, used_size=16273408 bytes (39.7%)
(RDMA_READ_CONSUME_CHECK_CONSUMER) timestamp=1262 ms, used_size=16271360 bytes (39.7%)
(RDMA_READ_CONSUME_CHECK_CONSUMER) timestamp=1262 ms, used_size=16269312 bytes (39.7%)
(RDMA_READ_CONSUME_CHECK_CONSUMER) timestamp=1262 ms, used_size=16267264 bytes (39.7%)
(RDMA_READ_CONSUME_CHECK_CONSUMER) timestamp=1262 ms, used_size=16265216 bytes (39.7%)
(RDMA_READ_CONSUME_CHECK_CONSUMER) timestamp=1262 ms, used_size=16263168 bytes (39.7%)
(RDMA_READ_CONSUME_CHECK_CONSUMER) timestamp=1262 ms, used_size=16261120 bytes (39.7%)
(RDMA_READ_CONSUME_CHECK_CONSUMER) timestamp=1262 ms, used_size=16259072 bytes (39.7%)
(RDMA_READ_CONSUME_CHECK_CONSUMER) timestamp=1262 ms, used_size=16257024 bytes (39.7%)
(RDMA_READ_CONSUME_CHECK_CONSUMER) timestamp=1262 ms, used_size=16254976 bytes (39.7%)
(RDMA_READ_CONSUME_CHECK_CONSUMER) timestamp=1262 ms, used_size=16252928 bytes (39.7%)
(RDMA_READ_CONSUME_CHECK_CONSUMER) timestamp=1262 ms, used_size=16250880 bytes (39.7%)
(RDMA_READ_CONSUME_CHECK_CONSUMER) timestamp=1262 ms, used_size=16248832 bytes (39.7%)
(RDMA_READ_CONSUME_CHECK_CONSUMER) timestamp=1262 ms, used_size=16246784 bytes (39.7%)
(RDMA_READ_CONSUME_CHECK_CONSUMER) timestamp=1262 ms, used_size=16244736 bytes (39.7%)
(RDMA_READ_CONSUME_CHECK_CONSUMER) timestamp=1262 ms, used_size=16242688 bytes (39.7%)
(RDMA_READ_CONSUME_CHECK_CONSUMER) timestamp=1262 ms, used_size=16240640 bytes (39.6%)
(RDMA_READ_CONSUME_CHECK_CONSUMER) timestamp=1262 ms, used_size=16238592 bytes (39.6%)
(RDMA_READ_CONSUME_CHECK_CONSUMER) timestamp=1262 ms, used_size=16236544 bytes (39.6%)
(RDMA_READ_CONSUME_CHECK_CONSUMER) timestamp=1262 ms, used_size=16234496 bytes (39.6%)
(RDMA_READ_CONSUME_CHECK_CONSUMER) timestamp=1262 ms, used_size=16232448 bytes (39.6%)
(RDMA_READ_CONSUME_CHECK_CONSUMER) timestamp=1262 ms, used_size=16230400 bytes (39.6%)
(RDMA_READ_CONSUME_CHECK_CONSUMER) timestamp=1262 ms, used_size=16228352 bytes (39.6%)
(RDMA_READ_CONSUME_CHECK_CONSUMER) timestamp=1262 ms, used_size=16226304 bytes (39.6%)
(RDMA_READ_CONSUME_CHECK_CONSUMER) timestamp=1262 ms, used_size=16224256 bytes (39.6%)
(RDMA_READ_CONSUME_CHECK_CONSUMER) timestamp=1262 ms, used_size=16222208 bytes (39.6%)
(RDMA_READ_CONSUME_CHECK_CONSUMER) timestamp=1262 ms, used_size=16220160 bytes (39.6%)
(RDMA_READ_CONSUME_CHECK_CONSUMER) timestamp=1262 ms, used_size=16218112 bytes (39.6%)
(RDMA_READ_CONSUME_CHECK_CONSUMER) timestamp=1262 ms, used_size=16216064 bytes (39.6%)
(RDMA_READ_CONSUME_CHECK_CONSUMER) timestamp=1262 ms, used_size=16214016 bytes (39.6%)
(RDMA_READ_CONSUME_CHECK_CONSUMER) timestamp=1262 ms, used_size=16211968 bytes (39.6%)
(RDMA_READ_CONSUME_CHECK_CONSUMER) timestamp=1262 ms, used_size=16209920 bytes (39.6%)
(RDMA_READ_CONSUME_CHECK_CONSUMER) timestamp=1262 ms, used_size=16207872 bytes (39.6%)
(RDMA_READ_CONSUME_CHECK_CONSUMER) timestamp=1262 ms, used_size=16205824 bytes (39.6%)
(RDMA_READ_CONSUME_CHECK_CONSUMER) timestamp=1262 ms, used_size=16203776 bytes (39.6%)
(RDMA_READ_CONSUME_CHECK_CONSUMER) timestamp=1262 ms, used_size=16201728 bytes (39.6%)
(RDMA_READ_CONSUME_CHECK_CONSUMER) timestamp=1262 ms, used_size=16199680 bytes (39.5%)
(RDMA_READ_CONSUME_CHECK_CONSUMER) timestamp=1262 ms, used_size=16197632 bytes (39.5%)
(RDMA_READ_CONSUME_CHECK_CONSUMER) timestamp=1262 ms, used_size=16195584 bytes (39.5%)
(RDMA_READ_CONSUME_CHECK_CONSUMER) timestamp=1262 ms, used_size=16193536 bytes (39.5%)
(RDMA_READ_CONSUME_CHECK_CONSUMER) timestamp=1262 ms, used_size=16191488 bytes (39.5%)
(RDMA_READ_CONSUME_CHECK_CONSUMER) timestamp=1262 ms, used_size=16189440 bytes (39.5%)
(RDMA_READ_CONSUME_CHECK_CONSUMER) timestamp=1262 ms, used_size=16187392 bytes (39.5%)
(RDMA_READ_CONSUME_CHECK_CONSUMER) timestamp=1262 ms, used_size=16185344 bytes (39.5%)
(RDMA_READ_CONSUME_CHECK_CONSUMER) timestamp=1262 ms, used_size=16183296 bytes (39.5%)
(RDMA_READ_CONSUME_CHECK_CONSUMER) timestamp=1262 ms, used_size=16181248 bytes (39.5%)
(RDMA_READ_CONSUME_CHECK_CONSUMER) timestamp=1262 ms, used_size=16179200 bytes (39.5%)
(RDMA_READ_CONSUME_CHECK_CONSUMER) timestamp=1262 ms, used_size=16177152 bytes (39.5%)
(RDMA_READ_CONSUME_CHECK_CONSUMER) timestamp=1262 ms, used_size=16175104 bytes (39.5%)
(RDMA_READ_CONSUME_CHECK_CONSUMER) timestamp=1262 ms, used_size=16173056 bytes (39.5%)
(RDMA_READ_CONSUME_CHECK_CONSUMER) timestamp=1262 ms, used_size=16171008 bytes (39.5%)
(RDMA_READ_CONSUME_CHECK_CONSUMER) timestamp=1262 ms, used_size=16168960 bytes (39.5%)
(RDMA_READ_CONSUME_CHECK_CONSUMER) timestamp=1262 ms, used_size=16166912 bytes (39.5%)
(RDMA_READ_CONSUME_CHECK_CONSUMER) timestamp=1262 ms, used_size=16164864 bytes (39.5%)
(RDMA_READ_CONSUME_CHECK_CONSUMER) timestamp=1262 ms, used_size=16162816 bytes (39.5%)
(RDMA_READ_CONSUME_CHECK_CONSUMER) timestamp=1262 ms, used_size=16160768 bytes (39.5%)
(RDMA_READ_CONSUME_CHECK_CONSUMER) timestamp=1262 ms, used_size=16158720 bytes (39.5%)
(RDMA_READ_CONSUME_CHECK_CONSUMER) timestamp=1262 ms, used_size=16156672 bytes (39.4%)
(RDMA_READ_CONSUME_CHECK_CONSUMER) timestamp=1262 ms, used_size=16154624 bytes (39.4%)
(RDMA_READ_CONSUME_CHECK_CONSUMER) timestamp=1262 ms, used_size=16152576 bytes (39.4%)
(RDMA_READ_CONSUME_CHECK_CONSUMER) timestamp=1262 ms, used_size=16150528 bytes (39.4%)
(RDMA_READ_CONSUME_CHECK_CONSUMER) timestamp=1262 ms, used_size=16148480 bytes (39.4%)
(RDMA_READ_CONSUME_CHECK_CONSUMER) timestamp=1262 ms, used_size=16146432 bytes (39.4%)
(RDMA_READ_CONSUME_CHECK_CONSUMER) timestamp=1262 ms, used_size=16144384 bytes (39.4%)
(RDMA_READ_CONSUME_CHECK_CONSUMER) timestamp=1262 ms, used_size=16142336 bytes (39.4%)
(RDMA_READ_CONSUME_CHECK_CONSUMER) timestamp=1262 ms, used_size=16140288 bytes (39.4%)
(RDMA_READ_CONSUME_CHECK_CONSUMER) timestamp=1262 ms, used_size=16138240 bytes (39.4%)
(RDMA_READ_CONSUME_CHECK_CONSUMER) timestamp=1262 ms, used_size=16136192 bytes (39.4%)
(RDMA_READ_CONSUME_CHECK_CONSUMER) timestamp=1262 ms, used_size=16134144 bytes (39.4%)
(RDMA_READ_CONSUME_CHECK_CONSUMER) timestamp=1262 ms, used_size=16132096 bytes (39.4%)
(RDMA_READ_CONSUME_CHECK_CONSUMER) timestamp=1262 ms, used_size=16130048 bytes (39.4%)
(RDMA_READ_CONSUME_CHECK_CONSUMER) timestamp=1262 ms, used_size=16128000 bytes (39.4%)
(RDMA_READ_CONSUME_CHECK_CONSUMER) timestamp=1262 ms, used_size=16125952 bytes (39.4%)
(RDMA_READ_CONSUME_CHECK_CONSUMER) timestamp=1262 ms, used_size=16123904 bytes (39.4%)
(RDMA_READ_CONSUME_CHECK_CONSUMER) timestamp=1262 ms, used_size=16121856 bytes (39.4%)
(RDMA_READ_CONSUME_CHECK_CONSUMER) timestamp=1262 ms, used_size=16119808 bytes (39.4%)
(RDMA_READ_CONSUME_CHECK_CONSUMER) timestamp=1262 ms, used_size=16117760 bytes (39.4%)
(RDMA_READ_CONSUME_CHECK_CONSUMER) timestamp=1262 ms, used_size=16115712 bytes (39.3%)
(RDMA_READ_CONSUME_CHECK_CONSUMER) timestamp=1262 ms, used_size=16113664 bytes (39.3%)
(RDMA_READ_CONSUME_CHECK_CONSUMER) timestamp=1262 ms, used_size=16111616 bytes (39.3%)
(RDMA_READ_CONSUME_CHECK_CONSUMER) timestamp=1262 ms, used_size=16109568 bytes (39.3%)
(RDMA_READ_CONSUME_CHECK_CONSUMER) timestamp=1262 ms, used_size=16107520 bytes (39.3%)
(RDMA_READ_CONSUME_CHECK_CONSUMER) timestamp=1262 ms, used_size=16105472 bytes (39.3%)
(RDMA_READ_CONSUME_CHECK_CONSUMER) timestamp=1262 ms, used_size=16103424 bytes (39.3%)
(RDMA_READ_CONSUME_CHECK_CONSUMER) timestamp=1262 ms, used_size=16101376 bytes (39.3%)
(RDMA_READ_CONSUME_CHECK_CONSUMER) timestamp=1262 ms, used_size=16099328 bytes (39.3%)
(RDMA_READ_CONSUME_CHECK_CONSUMER) timestamp=1262 ms, used_size=16097280 bytes (39.3%)
(RDMA_READ_CONSUME_CHECK_CONSUMER) timestamp=1262 ms, used_size=16095232 bytes (39.3%)
(RDMA_READ_CONSUME_CHECK_CONSUMER) timestamp=1262 ms, used_size=16093184 bytes (39.3%)
(RDMA_READ_CONSUME_CHECK_CONSUMER) timestamp=1262 ms, used_size=16091136 bytes (39.3%)
(RDMA_READ_CONSUME_CHECK_CONSUMER) timestamp=1262 ms, used_size=16089088 bytes (39.3%)
(RDMA_READ_CONSUME_CHECK_CONSUMER) timestamp=1262 ms, used_size=16087040 bytes (39.3%)
(RDMA_READ_CONSUME_CHECK_CONSUMER) timestamp=1262 ms, used_size=16084992 bytes (39.3%)
(RDMA_READ_CONSUME_CHECK_CONSUMER) timestamp=1262 ms, used_size=16082944 bytes (39.3%)
(RDMA_READ_CONSUME_CHECK_CONSUMER) timestamp=1262 ms, used_size=16080896 bytes (39.3%)
(RDMA_READ_CONSUME_CHECK_CONSUMER) timestamp=1262 ms, used_size=16078848 bytes (39.3%)
(RDMA_READ_CONSUME_CHECK_CONSUMER) timestamp=1262 ms, used_size=16076800 bytes (39.2%)
(RDMA_READ_CONSUME_CHECK_CONSUMER) timestamp=1262 ms, used_size=16074752 bytes (39.2%)
(RDMA_READ_CONSUME_CHECK_CONSUMER) timestamp=1262 ms, used_size=16072704 bytes (39.2%)
(RDMA_READ_CONSUME_CHECK_CONSUMER) timestamp=1262 ms, used_size=16070656 bytes (39.2%)
(RDMA_READ_CONSUME_CHECK_CONSUMER) timestamp=1262 ms, used_size=16068608 bytes (39.2%)
(RDMA_READ_CONSUME_CHECK_CONSUMER) timestamp=1262 ms, used_size=16066560 bytes (39.2%)
(RDMA_READ_CONSUME_CHECK_CONSUMER) timestamp=1262 ms, used_size=16064512 bytes (39.2%)
(RDMA_READ_CONSUME_CHECK_CONSUMER) timestamp=1262 ms, used_size=16062464 bytes (39.2%)
(RDMA_READ_CONSUME_CHECK_CONSUMER) timestamp=1262 ms, used_size=16060416 bytes (39.2%)
(RDMA_READ_CONSUME_CHECK_CONSUMER) timestamp=1262 ms, used_size=16058368 bytes (39.2%)
(RDMA_READ_CONSUME_CHECK_CONSUMER) timestamp=1262 ms, used_size=16056320 bytes (39.2%)
(RDMA_READ_CONSUME_CHECK_CONSUMER) timestamp=1262 ms, used_size=16054272 bytes (39.2%)
(RDMA_READ_CONSUME_CHECK_CONSUMER) timestamp=1262 ms, used_size=16052224 bytes (39.2%)
(RDMA_READ_CONSUME_CHECK_CONSUMER) timestamp=1262 ms, used_size=16050176 bytes (39.2%)
(RDMA_READ_CONSUME_CHECK_CONSUMER) timestamp=1262 ms, used_size=16048128 bytes (39.2%)
(RDMA_READ_CONSUME_CHECK_CONSUMER) timestamp=1262 ms, used_size=16046080 bytes (39.2%)
(RDMA_READ_CONSUME_CHECK_CONSUMER) timestamp=1262 ms, used_size=16044032 bytes (39.2%)
(RDMA_READ_CONSUME_CHECK_CONSUMER) timestamp=1262 ms, used_size=16041984 bytes (39.2%)
(RDMA_READ_CONSUME_CHECK_CONSUMER) timestamp=1262 ms, used_size=16039936 bytes (39.2%)
(RDMA_READ_CONSUME_CHECK_CONSUMER) timestamp=1262 ms, used_size=16037888 bytes (39.2%)
(RDMA_READ_CONSUME_CHECK_CONSUMER) timestamp=1262 ms, used_size=16035840 bytes (39.1%)
(RDMA_READ_CONSUME_CHECK_CONSUMER) timestamp=1262 ms, used_size=16033792 bytes (39.1%)
(RDMA_READ_CONSUME_CHECK_CONSUMER) timestamp=1262 ms, used_size=16031744 bytes (39.1%)
(RDMA_READ_CONSUME_CHECK_CONSUMER) timestamp=1262 ms, used_size=16029696 bytes (39.1%)
(RDMA_READ_CONSUME_CHECK_CONSUMER) timestamp=1262 ms, used_size=16027648 bytes (39.1%)
(RDMA_READ_CONSUME_CHECK_CONSUMER) timestamp=1262 ms, used_size=16025600 bytes (39.1%)
(RDMA_READ_CONSUME_CHECK_CONSUMER) timestamp=1262 ms, used_size=16023552 bytes (39.1%)
(RDMA_READ_CONSUME_CHECK_CONSUMER) timestamp=1262 ms, used_size=16021504 bytes (39.1%)
(RDMA_READ_CONSUME_CHECK_CONSUMER) timestamp=1262 ms, used_size=16019456 bytes (39.1%)
(RDMA_READ_CONSUME_CHECK_CONSUMER) timestamp=1262 ms, used_size=16017408 bytes (39.1%)
(RDMA_READ_CONSUME_CHECK_CONSUMER) timestamp=1262 ms, used_size=16015360 bytes (39.1%)
(RDMA_READ_CONSUME_CHECK_CONSUMER) timestamp=1262 ms, used_size=16013312 bytes (39.1%)
(RDMA_READ_CONSUME_CHECK_CONSUMER) timestamp=1262 ms, used_size=16011264 bytes (39.1%)
(RDMA_READ_CONSUME_CHECK_CONSUMER) timestamp=1262 ms, used_size=16009216 bytes (39.1%)
(RDMA_READ_CONSUME_CHECK_CONSUMER) timestamp=1262 ms, used_size=16007168 bytes (39.1%)
(RDMA_READ_CONSUME_CHECK_CONSUMER) timestamp=1262 ms, used_size=16005120 bytes (39.1%)
(RDMA_READ_CONSUME_CHECK_CONSUMER) timestamp=1262 ms, used_size=16003072 bytes (39.1%)
(RDMA_READ_CONSUME_CHECK_CONSUMER) timestamp=1262 ms, used_size=16001024 bytes (39.1%)
(RDMA_READ_CONSUME_CHECK_CONSUMER) timestamp=1262 ms, used_size=15998976 bytes (39.1%)
(RDMA_READ_CONSUME_CHECK_CONSUMER) timestamp=1262 ms, used_size=15996928 bytes (39.1%)
(RDMA_READ_CONSUME_CHECK_CONSUMER) timestamp=1262 ms, used_size=15994880 bytes (39.0%)
(RDMA_READ_CONSUME_CHECK_CONSUMER) timestamp=1262 ms, used_size=15992832 bytes (39.0%)
(RDMA_READ_CONSUME_CHECK_CONSUMER) timestamp=1262 ms, used_size=15990784 bytes (39.0%)
(RDMA_READ_CONSUME_CHECK_CONSUMER) timestamp=1262 ms, used_size=15988736 bytes (39.0%)
(RDMA_READ_CONSUME_CHECK_CONSUMER) timestamp=1262 ms, used_size=15986688 bytes (39.0%)
(RDMA_READ_CONSUME_CHECK_CONSUMER) timestamp=1262 ms, used_size=15984640 bytes (39.0%)
(RDMA_READ_CONSUME_CHECK_CONSUMER) timestamp=1262 ms, used_size=15982592 bytes (39.0%)
(RDMA_READ_CONSUME_CHECK_CONSUMER) timestamp=1262 ms, used_size=15980544 bytes (39.0%)
(RDMA_READ_CONSUME_CHECK_CONSUMER) timestamp=1262 ms, used_size=15978496 bytes (39.0%)
(RDMA_READ_CONSUME_CHECK_CONSUMER) timestamp=1262 ms, used_size=15976448 bytes (39.0%)
(RDMA_READ_CONSUME_CHECK_CONSUMER) timestamp=1262 ms, used_size=15974400 bytes (39.0%)
(RDMA_READ_CONSUME_CHECK_CONSUMER) timestamp=1262 ms, used_size=15972352 bytes (39.0%)
(RDMA_READ_CONSUME_CHECK_CONSUMER) timestamp=1262 ms, used_size=15970304 bytes (39.0%)
(RDMA_READ_CONSUME_CHECK_CONSUMER) timestamp=1262 ms, used_size=15968256 bytes (39.0%)
(RDMA_READ_CONSUME_CHECK_CONSUMER) timestamp=1262 ms, used_size=15966208 bytes (39.0%)
(RDMA_READ_CONSUME_CHECK_CONSUMER) timestamp=1262 ms, used_size=15964160 bytes (39.0%)
(RDMA_READ_CONSUME_CHECK_CONSUMER) timestamp=1262 ms, used_size=15962112 bytes (39.0%)
(RDMA_READ_CONSUME_CHECK_CONSUMER) timestamp=1262 ms, used_size=15960064 bytes (39.0%)
(RDMA_READ_CONSUME_CHECK_CONSUMER) timestamp=1262 ms, used_size=15958016 bytes (39.0%)
(RDMA_READ_CONSUME_CHECK_CONSUMER) timestamp=1262 ms, used_size=15955968 bytes (39.0%)
(RDMA_READ_CONSUME_CHECK_CONSUMER) timestamp=1262 ms, used_size=15953920 bytes (39.0%)
(RDMA_READ_CONSUME_CHECK_CONSUMER) timestamp=1262 ms, used_size=15951872 bytes (38.9%)
(RDMA_READ_CONSUME_CHECK_CONSUMER) timestamp=1262 ms, used_size=15949824 bytes (38.9%)
(RDMA_READ_CONSUME_CHECK_CONSUMER) timestamp=1262 ms, used_size=15947776 bytes (38.9%)
(RDMA_READ_CONSUME_CHECK_CONSUMER) timestamp=1262 ms, used_size=15945728 bytes (38.9%)
(RDMA_READ_CONSUME_CHECK_CONSUMER) timestamp=1262 ms, used_size=15943680 bytes (38.9%)
(RDMA_READ_CONSUME_CHECK_CONSUMER) timestamp=1262 ms, used_size=15941632 bytes (38.9%)
(RDMA_READ_CONSUME_CHECK_CONSUMER) timestamp=1262 ms, used_size=15939584 bytes (38.9%)
(RDMA_READ_CONSUME_CHECK_CONSUMER) timestamp=1262 ms, used_size=15937536 bytes (38.9%)
(RDMA_READ_CONSUME_CHECK_CONSUMER) timestamp=1262 ms, used_size=15935488 bytes (38.9%)
(RDMA_READ_CONSUME_CHECK_CONSUMER) timestamp=1262 ms, used_size=15933440 bytes (38.9%)
(RDMA_READ_CONSUME_CHECK_CONSUMER) timestamp=1262 ms, used_size=15931392 bytes (38.9%)
(RDMA_READ_CONSUME_CHECK_CONSUMER) timestamp=1262 ms, used_size=15929344 bytes (38.9%)
(RDMA_READ_CONSUME_CHECK_CONSUMER) timestamp=1262 ms, used_size=15927296 bytes (38.9%)
(RDMA_READ_CONSUME_CHECK_CONSUMER) timestamp=1262 ms, used_size=15925248 bytes (38.9%)
(RDMA_READ_CONSUME_CHECK_CONSUMER) timestamp=1262 ms, used_size=15923200 bytes (38.9%)
(RDMA_READ_CONSUME_CHECK_CONSUMER) timestamp=1262 ms, used_size=15921152 bytes (38.9%)
(RDMA_READ_CONSUME_CHECK_CONSUMER) timestamp=1262 ms, used_size=15919104 bytes (38.9%)
(RDMA_READ_CONSUME_CHECK_CONSUMER) timestamp=1262 ms, used_size=15917056 bytes (38.9%)
(RDMA_READ_CONSUME_CHECK_CONSUMER) timestamp=1262 ms, used_size=15915008 bytes (38.9%)
(RDMA_READ_CONSUME_CHECK_CONSUMER) timestamp=1262 ms, used_size=15912960 bytes (38.9%)
(RDMA_READ_CONSUME_CHECK_CONSUMER) timestamp=1262 ms, used_size=15910912 bytes (38.8%)
(RDMA_READ_CONSUME_CHECK_CONSUMER) timestamp=1262 ms, used_size=15908864 bytes (38.8%)
(RDMA_READ_CONSUME_CHECK_CONSUMER) timestamp=1262 ms, used_size=15906816 bytes (38.8%)
(RDMA_READ_CONSUME_CHECK_CONSUMER) timestamp=1262 ms, used_size=15904768 bytes (38.8%)
(RDMA_READ_CONSUME_CHECK_CONSUMER) timestamp=1263 ms, used_size=15902720 bytes (38.8%)
(RDMA_READ_CONSUME_CHECK_CONSUMER) timestamp=1263 ms, used_size=15900672 bytes (38.8%)
(RDMA_READ_CONSUME_CHECK_CONSUMER) timestamp=1263 ms, used_size=15898624 bytes (38.8%)
(RDMA_READ_CONSUME_CHECK_CONSUMER) timestamp=1263 ms, used_size=15896576 bytes (38.8%)
(RDMA_READ_CONSUME_CHECK_CONSUMER) timestamp=1263 ms, used_size=15894528 bytes (38.8%)
(RDMA_READ_CONSUME_CHECK_CONSUMER) timestamp=1263 ms, used_size=15892480 bytes (38.8%)
(RDMA_READ_CONSUME_CHECK_CONSUMER) timestamp=1263 ms, used_size=15890432 bytes (38.8%)
(RDMA_READ_CONSUME_CHECK_CONSUMER) timestamp=1263 ms, used_size=15888384 bytes (38.8%)
(RDMA_READ_CONSUME_CHECK_CONSUMER) timestamp=1263 ms, used_size=15886336 bytes (38.8%)
(RDMA_READ_CONSUME_CHECK_CONSUMER) timestamp=1263 ms, used_size=15884288 bytes (38.8%)
(RDMA_READ_CONSUME_CHECK_CONSUMER) timestamp=1263 ms, used_size=15882240 bytes (38.8%)
(RDMA_READ_CONSUME_CHECK_CONSUMER) timestamp=1263 ms, used_size=15880192 bytes (38.8%)
(RDMA_READ_CONSUME_CHECK_CONSUMER) timestamp=1263 ms, used_size=15878144 bytes (38.8%)
(RDMA_READ_CONSUME_CHECK_CONSUMER) timestamp=1263 ms, used_size=15876096 bytes (38.8%)
(RDMA_READ_CONSUME_CHECK_CONSUMER) timestamp=1263 ms, used_size=15874048 bytes (38.8%)
(RDMA_READ_CONSUME_CHECK_CONSUMER) timestamp=1263 ms, used_size=15872000 bytes (38.8%)
(RDMA_READ_CONSUME_CHECK_CONSUMER) timestamp=1263 ms, used_size=15869952 bytes (38.7%)
(RDMA_READ_CONSUME_CHECK_CONSUMER) timestamp=1263 ms, used_size=15867904 bytes (38.7%)
(RDMA_READ_CONSUME_CHECK_CONSUMER) timestamp=1263 ms, used_size=15865856 bytes (38.7%)
(RDMA_READ_CONSUME_CHECK_CONSUMER) timestamp=1263 ms, used_size=15863808 bytes (38.7%)
(RDMA_READ_CONSUME_CHECK_CONSUMER) timestamp=1263 ms, used_size=15861760 bytes (38.7%)
(RDMA_READ_CONSUME_CHECK_CONSUMER) timestamp=1263 ms, used_size=15859712 bytes (38.7%)
(RDMA_READ_CONSUME_CHECK_CONSUMER) timestamp=1263 ms, used_size=15857664 bytes (38.7%)
(RDMA_READ_CONSUME_CHECK_CONSUMER) timestamp=1263 ms, used_size=15855616 bytes (38.7%)
(RDMA_READ_CONSUME_CHECK_CONSUMER) timestamp=1263 ms, used_size=15853568 bytes (38.7%)
(RDMA_READ_CONSUME_CHECK_CONSUMER) timestamp=1263 ms, used_size=15851520 bytes (38.7%)
(RDMA_READ_CONSUME_CHECK_CONSUMER) timestamp=1263 ms, used_size=15849472 bytes (38.7%)
(RDMA_READ_CONSUME_CHECK_CONSUMER) timestamp=1263 ms, used_size=15847424 bytes (38.7%)
(RDMA_READ_CONSUME_CHECK_CONSUMER) timestamp=1263 ms, used_size=15845376 bytes (38.7%)
(RDMA_READ_CONSUME_CHECK_CONSUMER) timestamp=1263 ms, used_size=15843328 bytes (38.7%)
(RDMA_READ_CONSUME_CHECK_CONSUMER) timestamp=1263 ms, used_size=15841280 bytes (38.7%)
(RDMA_READ_CONSUME_CHECK_CONSUMER) timestamp=1263 ms, used_size=15839232 bytes (38.7%)
(RDMA_READ_CONSUME_CHECK_CONSUMER) timestamp=1263 ms, used_size=15837184 bytes (38.7%)
(RDMA_READ_CONSUME_CHECK_CONSUMER) timestamp=1263 ms, used_size=15835136 bytes (38.7%)
(RDMA_READ_CONSUME_CHECK_CONSUMER) timestamp=1263 ms, used_size=15833088 bytes (38.7%)
(RDMA_READ_CONSUME_CHECK_CONSUMER) timestamp=1263 ms, used_size=15831040 bytes (38.6%)
(RDMA_READ_CONSUME_CHECK_CONSUMER) timestamp=1263 ms, used_size=15828992 bytes (38.6%)
(RDMA_READ_CONSUME_CHECK_CONSUMER) timestamp=1263 ms, used_size=15826944 bytes (38.6%)
(RDMA_READ_CONSUME_CHECK_CONSUMER) timestamp=1263 ms, used_size=15824896 bytes (38.6%)
(RDMA_READ_CONSUME_CHECK_CONSUMER) timestamp=1263 ms, used_size=15822848 bytes (38.6%)
(RDMA_READ_CONSUME_CHECK_CONSUMER) timestamp=1263 ms, used_size=15820800 bytes (38.6%)
(RDMA_READ_CONSUME_CHECK_CONSUMER) timestamp=1263 ms, used_size=15818752 bytes (38.6%)
(RDMA_READ_CONSUME_CHECK_CONSUMER) timestamp=1263 ms, used_size=15816704 bytes (38.6%)
(RDMA_READ_CONSUME_CHECK_CONSUMER) timestamp=1263 ms, used_size=15814656 bytes (38.6%)
(RDMA_READ_CONSUME_CHECK_CONSUMER) timestamp=1263 ms, used_size=15812608 bytes (38.6%)
(RDMA_READ_CONSUME_CHECK_CONSUMER) timestamp=1263 ms, used_size=15810560 bytes (38.6%)
(RDMA_READ_CONSUME_CHECK_CONSUMER) timestamp=1263 ms, used_size=15808512 bytes (38.6%)
(RDMA_READ_CONSUME_CHECK_CONSUMER) timestamp=1263 ms, used_size=15806464 bytes (38.6%)
(RDMA_READ_CONSUME_CHECK_CONSUMER) timestamp=1263 ms, used_size=15804416 bytes (38.6%)
(RDMA_READ_CONSUME_CHECK_CONSUMER) timestamp=1263 ms, used_size=15802368 bytes (38.6%)
(RDMA_READ_CONSUME_CHECK_CONSUMER) timestamp=1263 ms, used_size=15800320 bytes (38.6%)
(RDMA_READ_CONSUME_CHECK_CONSUMER) timestamp=1263 ms, used_size=15798272 bytes (38.6%)
(RDMA_READ_CONSUME_CHECK_CONSUMER) timestamp=1263 ms, used_size=15796224 bytes (38.6%)
(RDMA_READ_CONSUME_CHECK_CONSUMER) timestamp=1263 ms, used_size=15794176 bytes (38.6%)
(RDMA_READ_CONSUME_CHECK_CONSUMER) timestamp=1263 ms, used_size=15792128 bytes (38.6%)
(RDMA_READ_CONSUME_CHECK_CONSUMER) timestamp=1263 ms, used_size=15790080 bytes (38.5%)
(RDMA_READ_CONSUME_CHECK_CONSUMER) timestamp=1263 ms, used_size=15788032 bytes (38.5%)
(RDMA_READ_CONSUME_CHECK_CONSUMER) timestamp=1263 ms, used_size=15785984 bytes (38.5%)
(RDMA_READ_CONSUME_CHECK_CONSUMER) timestamp=1263 ms, used_size=15783936 bytes (38.5%)
(RDMA_READ_CONSUME_CHECK_CONSUMER) timestamp=1263 ms, used_size=15781888 bytes (38.5%)
(RDMA_READ_CONSUME_CHECK_CONSUMER) timestamp=1263 ms, used_size=15779840 bytes (38.5%)
(RDMA_READ_CONSUME_CHECK_CONSUMER) timestamp=1263 ms, used_size=15777792 bytes (38.5%)
(RDMA_READ_CONSUME_CHECK_CONSUMER) timestamp=1263 ms, used_size=15775744 bytes (38.5%)
(RDMA_READ_CONSUME_CHECK_CONSUMER) timestamp=1263 ms, used_size=15773696 bytes (38.5%)
(RDMA_READ_CONSUME_CHECK_CONSUMER) timestamp=1263 ms, used_size=15771648 bytes (38.5%)
(RDMA_READ_CONSUME_CHECK_CONSUMER) timestamp=1263 ms, used_size=15769600 bytes (38.5%)
(RDMA_READ_CONSUME_CHECK_CONSUMER) timestamp=1263 ms, used_size=15767552 bytes (38.5%)
(RDMA_READ_CONSUME_CHECK_CONSUMER) timestamp=1263 ms, used_size=15765504 bytes (38.5%)
(RDMA_READ_CONSUME_CHECK_CONSUMER) timestamp=1263 ms, used_size=15763456 bytes (38.5%)
(RDMA_READ_CONSUME_CHECK_CONSUMER) timestamp=1263 ms, used_size=15761408 bytes (38.5%)
(RDMA_READ_CONSUME_CHECK_CONSUMER) timestamp=1263 ms, used_size=15759360 bytes (38.5%)
(RDMA_READ_CONSUME_CHECK_CONSUMER) timestamp=1263 ms, used_size=15757312 bytes (38.5%)
(RDMA_READ_CONSUME_CHECK_CONSUMER) timestamp=1263 ms, used_size=15755264 bytes (38.5%)
(RDMA_READ_CONSUME_CHECK_CONSUMER) timestamp=1263 ms, used_size=15753216 bytes (38.5%)
(RDMA_READ_CONSUME_CHECK_CONSUMER) timestamp=1263 ms, used_size=15751168 bytes (38.5%)
(RDMA_READ_CONSUME_CHECK_CONSUMER) timestamp=1263 ms, used_size=15749120 bytes (38.5%)
(RDMA_READ_CONSUME_CHECK_CONSUMER) timestamp=1263 ms, used_size=15747072 bytes (38.4%)
(RDMA_READ_CONSUME_CHECK_CONSUMER) timestamp=1263 ms, used_size=15745024 bytes (38.4%)
(RDMA_READ_CONSUME_CHECK_CONSUMER) timestamp=1263 ms, used_size=15742976 bytes (38.4%)
(RDMA_READ_CONSUME_CHECK_CONSUMER) timestamp=1263 ms, used_size=15740928 bytes (38.4%)
(RDMA_READ_CONSUME_CHECK_CONSUMER) timestamp=1263 ms, used_size=15738880 bytes (38.4%)
(RDMA_READ_CONSUME_CHECK_CONSUMER) timestamp=1263 ms, used_size=15736832 bytes (38.4%)
(RDMA_READ_CONSUME_CHECK_CONSUMER) timestamp=1263 ms, used_size=15734784 bytes (38.4%)
(RDMA_READ_CONSUME_CHECK_CONSUMER) timestamp=1263 ms, used_size=15732736 bytes (38.4%)
(RDMA_READ_CONSUME_CHECK_CONSUMER) timestamp=1263 ms, used_size=15730688 bytes (38.4%)
(RDMA_READ_CONSUME_CHECK_CONSUMER) timestamp=1263 ms, used_size=15728640 bytes (38.4%)
(RDMA_READ_CONSUME_CHECK_CONSUMER) timestamp=1263 ms, used_size=15726592 bytes (38.4%)
(RDMA_READ_CONSUME_CHECK_CONSUMER) timestamp=1263 ms, used_size=15724544 bytes (38.4%)
(RDMA_READ_CONSUME_CHECK_CONSUMER) timestamp=1263 ms, used_size=15722496 bytes (38.4%)
(RDMA_READ_CONSUME_CHECK_CONSUMER) timestamp=1263 ms, used_size=15720448 bytes (38.4%)
(RDMA_READ_CONSUME_CHECK_CONSUMER) timestamp=1263 ms, used_size=15718400 bytes (38.4%)
(RDMA_READ_CONSUME_CHECK_CONSUMER) timestamp=1263 ms, used_size=15716352 bytes (38.4%)
(RDMA_READ_CONSUME_CHECK_CONSUMER) timestamp=1263 ms, used_size=15714304 bytes (38.4%)
(RDMA_READ_CONSUME_CHECK_CONSUMER) timestamp=1263 ms, used_size=15712256 bytes (38.4%)
(RDMA_READ_CONSUME_CHECK_CONSUMER) timestamp=1263 ms, used_size=15710208 bytes (38.4%)
(RDMA_READ_CONSUME_CHECK_CONSUMER) timestamp=1263 ms, used_size=15708160 bytes (38.4%)
(RDMA_READ_CONSUME_CHECK_CONSUMER) timestamp=1263 ms, used_size=15706112 bytes (38.3%)
(RDMA_READ_CONSUME_CHECK_CONSUMER) timestamp=1263 ms, used_size=15704064 bytes (38.3%)
(RDMA_READ_CONSUME_CHECK_CONSUMER) timestamp=1263 ms, used_size=15702016 bytes (38.3%)
(RDMA_READ_CONSUME_CHECK_CONSUMER) timestamp=1263 ms, used_size=15699968 bytes (38.3%)
(RDMA_READ_CONSUME_CHECK_CONSUMER) timestamp=1263 ms, used_size=15697920 bytes (38.3%)
(RDMA_READ_CONSUME_CHECK_CONSUMER) timestamp=1263 ms, used_size=15695872 bytes (38.3%)
(RDMA_READ_CONSUME_CHECK_CONSUMER) timestamp=1263 ms, used_size=15693824 bytes (38.3%)
(RDMA_READ_CONSUME_CHECK_CONSUMER) timestamp=1263 ms, used_size=15691776 bytes (38.3%)
(RDMA_READ_CONSUME_CHECK_CONSUMER) timestamp=1263 ms, used_size=15689728 bytes (38.3%)
(RDMA_READ_CONSUME_CHECK_CONSUMER) timestamp=1263 ms, used_size=15687680 bytes (38.3%)
(RDMA_READ_CONSUME_CHECK_CONSUMER) timestamp=1263 ms, used_size=15685632 bytes (38.3%)
(RDMA_READ_CONSUME_CHECK_CONSUMER) timestamp=1263 ms, used_size=15683584 bytes (38.3%)
(RDMA_READ_CONSUME_CHECK_CONSUMER) timestamp=1263 ms, used_size=15681536 bytes (38.3%)
(RDMA_READ_CONSUME_CHECK_CONSUMER) timestamp=1263 ms, used_size=15679488 bytes (38.3%)
(RDMA_READ_CONSUME_CHECK_CONSUMER) timestamp=1263 ms, used_size=15677440 bytes (38.3%)
(RDMA_READ_CONSUME_CHECK_CONSUMER) timestamp=1263 ms, used_size=15675392 bytes (38.3%)
(RDMA_READ_CONSUME_CHECK_CONSUMER) timestamp=1263 ms, used_size=15673344 bytes (38.3%)
(RDMA_READ_CONSUME_CHECK_CONSUMER) timestamp=1263 ms, used_size=15671296 bytes (38.3%)
(RDMA_READ_CONSUME_CHECK_CONSUMER) timestamp=1263 ms, used_size=15669248 bytes (38.3%)
(RDMA_READ_CONSUME_CHECK_CONSUMER) timestamp=1263 ms, used_size=15667200 bytes (38.2%)
(RDMA_READ_CONSUME_CHECK_CONSUMER) timestamp=1263 ms, used_size=15665152 bytes (38.2%)
(RDMA_READ_CONSUME_CHECK_CONSUMER) timestamp=1263 ms, used_size=15663104 bytes (38.2%)
(RDMA_READ_CONSUME_CHECK_CONSUMER) timestamp=1263 ms, used_size=15661056 bytes (38.2%)
(RDMA_READ_CONSUME_CHECK_CONSUMER) timestamp=1263 ms, used_size=15659008 bytes (38.2%)
(RDMA_READ_CONSUME_CHECK_CONSUMER) timestamp=1263 ms, used_size=15656960 bytes (38.2%)
(RDMA_READ_CONSUME_CHECK_CONSUMER) timestamp=1263 ms, used_size=15654912 bytes (38.2%)
(RDMA_READ_CONSUME_CHECK_CONSUMER) timestamp=1263 ms, used_size=15652864 bytes (38.2%)
(RDMA_READ_CONSUME_CHECK_CONSUMER) timestamp=1263 ms, used_size=15650816 bytes (38.2%)
(RDMA_READ_CONSUME_CHECK_CONSUMER) timestamp=1263 ms, used_size=15648768 bytes (38.2%)
(RDMA_READ_CONSUME_CHECK_CONSUMER) timestamp=1263 ms, used_size=15646720 bytes (38.2%)
(RDMA_READ_CONSUME_CHECK_CONSUMER) timestamp=1263 ms, used_size=15644672 bytes (38.2%)
(RDMA_READ_CONSUME_CHECK_CONSUMER) timestamp=1263 ms, used_size=15642624 bytes (38.2%)
(RDMA_READ_CONSUME_CHECK_CONSUMER) timestamp=1263 ms, used_size=15640576 bytes (38.2%)
(RDMA_READ_CONSUME_CHECK_CONSUMER) timestamp=1263 ms, used_size=15638528 bytes (38.2%)
(RDMA_READ_CONSUME_CHECK_CONSUMER) timestamp=1263 ms, used_size=15636480 bytes (38.2%)
(RDMA_READ_CONSUME_CHECK_CONSUMER) timestamp=1263 ms, used_size=15634432 bytes (38.2%)
(RDMA_READ_CONSUME_CHECK_CONSUMER) timestamp=1263 ms, used_size=15632384 bytes (38.2%)
(RDMA_READ_CONSUME_CHECK_CONSUMER) timestamp=1263 ms, used_size=15630336 bytes (38.2%)
(RDMA_READ_CONSUME_CHECK_CONSUMER) timestamp=1263 ms, used_size=15628288 bytes (38.2%)
(RDMA_READ_CONSUME_CHECK_CONSUMER) timestamp=1263 ms, used_size=15626240 bytes (38.1%)
(RDMA_READ_CONSUME_CHECK_CONSUMER) timestamp=1263 ms, used_size=15624192 bytes (38.1%)
(RDMA_READ_CONSUME_CHECK_CONSUMER) timestamp=1263 ms, used_size=15622144 bytes (38.1%)
(RDMA_READ_CONSUME_CHECK_CONSUMER) timestamp=1263 ms, used_size=15620096 bytes (38.1%)
(RDMA_READ_CONSUME_CHECK_CONSUMER) timestamp=1263 ms, used_size=15618048 bytes (38.1%)
(RDMA_READ_CONSUME_CHECK_CONSUMER) timestamp=1263 ms, used_size=15616000 bytes (38.1%)
(RDMA_READ_CONSUME_CHECK_CONSUMER) timestamp=1263 ms, used_size=15613952 bytes (38.1%)
(RDMA_READ_CONSUME_CHECK_CONSUMER) timestamp=1263 ms, used_size=15611904 bytes (38.1%)
(RDMA_READ_CONSUME_CHECK_CONSUMER) timestamp=1263 ms, used_size=15609856 bytes (38.1%)
(RDMA_READ_CONSUME_CHECK_CONSUMER) timestamp=1263 ms, used_size=15607808 bytes (38.1%)
(RDMA_READ_CONSUME_CHECK_CONSUMER) timestamp=1263 ms, used_size=15605760 bytes (38.1%)
(RDMA_READ_CONSUME_CHECK_CONSUMER) timestamp=1263 ms, used_size=15603712 bytes (38.1%)
(RDMA_READ_CONSUME_CHECK_CONSUMER) timestamp=1263 ms, used_size=15601664 bytes (38.1%)
(RDMA_READ_CONSUME_CHECK_CONSUMER) timestamp=1263 ms, used_size=15599616 bytes (38.1%)
(RDMA_READ_CONSUME_CHECK_CONSUMER) timestamp=1263 ms, used_size=15597568 bytes (38.1%)
(RDMA_READ_CONSUME_CHECK_CONSUMER) timestamp=1263 ms, used_size=15595520 bytes (38.1%)
(RDMA_READ_CONSUME_CHECK_CONSUMER) timestamp=1263 ms, used_size=15593472 bytes (38.1%)
(RDMA_READ_CONSUME_CHECK_CONSUMER) timestamp=1263 ms, used_size=15591424 bytes (38.1%)
(RDMA_READ_CONSUME_CHECK_CONSUMER) timestamp=1263 ms, used_size=15589376 bytes (38.1%)
(RDMA_READ_CONSUME_CHECK_CONSUMER) timestamp=1263 ms, used_size=15587328 bytes (38.1%)
(RDMA_READ_CONSUME_CHECK_CONSUMER) timestamp=1263 ms, used_size=15585280 bytes (38.0%)
(RDMA_READ_CONSUME_CHECK_CONSUMER) timestamp=1263 ms, used_size=15583232 bytes (38.0%)
(RDMA_READ_CONSUME_CHECK_CONSUMER) timestamp=1263 ms, used_size=15581184 bytes (38.0%)
(RDMA_READ_CONSUME_CHECK_CONSUMER) timestamp=1263 ms, used_size=15579136 bytes (38.0%)
(RDMA_READ_CONSUME_CHECK_CONSUMER) timestamp=1263 ms, used_size=15577088 bytes (38.0%)
(RDMA_READ_CONSUME_CHECK_CONSUMER) timestamp=1263 ms, used_size=15575040 bytes (38.0%)
(RDMA_READ_CONSUME_CHECK_CONSUMER) timestamp=1263 ms, used_size=15572992 bytes (38.0%)
(RDMA_READ_CONSUME_CHECK_CONSUMER) timestamp=1263 ms, used_size=15570944 bytes (38.0%)
(RDMA_READ_CONSUME_CHECK_CONSUMER) timestamp=1263 ms, used_size=15568896 bytes (38.0%)
(RDMA_READ_CONSUME_CHECK_CONSUMER) timestamp=1263 ms, used_size=15566848 bytes (38.0%)
(RDMA_READ_CONSUME_CHECK_CONSUMER) timestamp=1263 ms, used_size=15564800 bytes (38.0%)
(RDMA_READ_CONSUME_CHECK_CONSUMER) timestamp=1263 ms, used_size=15562752 bytes (38.0%)
(RDMA_READ_CONSUME_CHECK_CONSUMER) timestamp=1263 ms, used_size=15560704 bytes (38.0%)
(RDMA_READ_CONSUME_CHECK_CONSUMER) timestamp=1263 ms, used_size=15558656 bytes (38.0%)
(RDMA_READ_CONSUME_CHECK_CONSUMER) timestamp=1263 ms, used_size=15556608 bytes (38.0%)
(RDMA_READ_CONSUME_CHECK_CONSUMER) timestamp=1263 ms, used_size=15554560 bytes (38.0%)
(RDMA_READ_CONSUME_CHECK_CONSUMER) timestamp=1263 ms, used_size=15552512 bytes (38.0%)
(RDMA_READ_CONSUME_CHECK_CONSUMER) timestamp=1263 ms, used_size=15550464 bytes (38.0%)
(RDMA_READ_CONSUME_CHECK_CONSUMER) timestamp=1263 ms, used_size=15548416 bytes (38.0%)
(RDMA_READ_CONSUME_CHECK_CONSUMER) timestamp=1263 ms, used_size=15546368 bytes (38.0%)
(RDMA_READ_CONSUME_CHECK_CONSUMER) timestamp=1263 ms, used_size=15544320 bytes (38.0%)
(RDMA_READ_CONSUME_CHECK_CONSUMER) timestamp=1263 ms, used_size=15542272 bytes (37.9%)
(RDMA_READ_CONSUME_CHECK_CONSUMER) timestamp=1263 ms, used_size=15540224 bytes (37.9%)
(RDMA_READ_CONSUME_CHECK_CONSUMER) timestamp=1263 ms, used_size=15538176 bytes (37.9%)
(RDMA_READ_CONSUME_CHECK_CONSUMER) timestamp=1263 ms, used_size=15536128 bytes (37.9%)
(RDMA_READ_CONSUME_CHECK_CONSUMER) timestamp=1263 ms, used_size=15534080 bytes (37.9%)
(RDMA_READ_CONSUME_CHECK_CONSUMER) timestamp=1264 ms, used_size=15532032 bytes (37.9%)
(RDMA_READ_CONSUME_CHECK_CONSUMER) timestamp=1264 ms, used_size=15529984 bytes (37.9%)
(RDMA_READ_CONSUME_CHECK_CONSUMER) timestamp=1264 ms, used_size=15527936 bytes (37.9%)
(RDMA_READ_CONSUME_CHECK_CONSUMER) timestamp=1264 ms, used_size=15525888 bytes (37.9%)
(RDMA_READ_CONSUME_CHECK_CONSUMER) timestamp=1264 ms, used_size=15523840 bytes (37.9%)
(RDMA_READ_CONSUME_CHECK_CONSUMER) timestamp=1264 ms, used_size=15521792 bytes (37.9%)
(RDMA_READ_CONSUME_CHECK_CONSUMER) timestamp=1264 ms, used_size=15519744 bytes (37.9%)
(RDMA_READ_CONSUME_CHECK_CONSUMER) timestamp=1264 ms, used_size=15517696 bytes (37.9%)
(RDMA_READ_CONSUME_CHECK_CONSUMER) timestamp=1264 ms, used_size=15515648 bytes (37.9%)
(RDMA_READ_CONSUME_CHECK_CONSUMER) timestamp=1264 ms, used_size=15513600 bytes (37.9%)
(RDMA_READ_CONSUME_CHECK_CONSUMER) timestamp=1264 ms, used_size=15511552 bytes (37.9%)
(RDMA_READ_CONSUME_CHECK_CONSUMER) timestamp=1264 ms, used_size=15509504 bytes (37.9%)
(RDMA_READ_CONSUME_CHECK_CONSUMER) timestamp=1264 ms, used_size=15507456 bytes (37.9%)
(RDMA_READ_CONSUME_CHECK_CONSUMER) timestamp=1264 ms, used_size=15505408 bytes (37.9%)
(RDMA_READ_CONSUME_CHECK_CONSUMER) timestamp=1264 ms, used_size=15503360 bytes (37.9%)
(RDMA_READ_CONSUME_CHECK_CONSUMER) timestamp=1264 ms, used_size=15501312 bytes (37.8%)
(RDMA_READ_CONSUME_CHECK_CONSUMER) timestamp=1264 ms, used_size=15499264 bytes (37.8%)
(RDMA_READ_CONSUME_CHECK_CONSUMER) timestamp=1264 ms, used_size=15497216 bytes (37.8%)
(RDMA_READ_CONSUME_CHECK_CONSUMER) timestamp=1264 ms, used_size=15495168 bytes (37.8%)
(RDMA_READ_CONSUME_CHECK_CONSUMER) timestamp=1264 ms, used_size=15493120 bytes (37.8%)
(RDMA_READ_CONSUME_CHECK_CONSUMER) timestamp=1264 ms, used_size=15491072 bytes (37.8%)
(RDMA_READ_CONSUME_CHECK_CONSUMER) timestamp=1264 ms, used_size=15489024 bytes (37.8%)
(RDMA_READ_CONSUME_CHECK_CONSUMER) timestamp=1264 ms, used_size=15486976 bytes (37.8%)
(RDMA_READ_CONSUME_CHECK_CONSUMER) timestamp=1264 ms, used_size=15484928 bytes (37.8%)
(RDMA_READ_CONSUME_CHECK_CONSUMER) timestamp=1264 ms, used_size=15482880 bytes (37.8%)
(RDMA_READ_CONSUME_CHECK_CONSUMER) timestamp=1264 ms, used_size=15480832 bytes (37.8%)
(RDMA_READ_CONSUME_CHECK_CONSUMER) timestamp=1264 ms, used_size=15478784 bytes (37.8%)
(RDMA_READ_CONSUME_CHECK_CONSUMER) timestamp=1264 ms, used_size=15476736 bytes (37.8%)
(RDMA_READ_CONSUME_CHECK_CONSUMER) timestamp=1264 ms, used_size=15474688 bytes (37.8%)
(RDMA_READ_CONSUME_CHECK_CONSUMER) timestamp=1264 ms, used_size=15472640 bytes (37.8%)
(RDMA_READ_CONSUME_CHECK_CONSUMER) timestamp=1264 ms, used_size=15470592 bytes (37.8%)
(RDMA_READ_CONSUME_CHECK_CONSUMER) timestamp=1264 ms, used_size=15468544 bytes (37.8%)
(RDMA_READ_CONSUME_CHECK_CONSUMER) timestamp=1264 ms, used_size=15466496 bytes (37.8%)
(RDMA_READ_CONSUME_CHECK_CONSUMER) timestamp=1264 ms, used_size=15464448 bytes (37.8%)
(RDMA_READ_CONSUME_CHECK_CONSUMER) timestamp=1264 ms, used_size=15462400 bytes (37.8%)
(RDMA_READ_CONSUME_CHECK_CONSUMER) timestamp=1264 ms, used_size=15460352 bytes (37.7%)
(RDMA_READ_CONSUME_CHECK_CONSUMER) timestamp=1264 ms, used_size=15458304 bytes (37.7%)
(RDMA_READ_CONSUME_CHECK_CONSUMER) timestamp=1264 ms, used_size=15456256 bytes (37.7%)
(RDMA_READ_CONSUME_CHECK_CONSUMER) timestamp=1264 ms, used_size=15454208 bytes (37.7%)
(RDMA_READ_CONSUME_CHECK_CONSUMER) timestamp=1264 ms, used_size=15452160 bytes (37.7%)
(RDMA_READ_CONSUME_CHECK_CONSUMER) timestamp=1264 ms, used_size=15450112 bytes (37.7%)
(RDMA_READ_CONSUME_CHECK_CONSUMER) timestamp=1264 ms, used_size=15448064 bytes (37.7%)
(RDMA_READ_CONSUME_CHECK_CONSUMER) timestamp=1264 ms, used_size=15446016 bytes (37.7%)
(RDMA_READ_CONSUME_CHECK_CONSUMER) timestamp=1264 ms, used_size=15443968 bytes (37.7%)
(RDMA_READ_CONSUME_CHECK_CONSUMER) timestamp=1264 ms, used_size=15441920 bytes (37.7%)
(RDMA_READ_CONSUME_CHECK_CONSUMER) timestamp=1264 ms, used_size=15439872 bytes (37.7%)
(RDMA_READ_CONSUME_CHECK_CONSUMER) timestamp=1264 ms, used_size=15437824 bytes (37.7%)
(RDMA_READ_CONSUME_CHECK_CONSUMER) timestamp=1264 ms, used_size=15435776 bytes (37.7%)
(RDMA_READ_CONSUME_CHECK_CONSUMER) timestamp=1264 ms, used_size=15433728 bytes (37.7%)
(RDMA_READ_CONSUME_CHECK_CONSUMER) timestamp=1264 ms, used_size=15431680 bytes (37.7%)
(RDMA_READ_CONSUME_CHECK_CONSUMER) timestamp=1264 ms, used_size=15429632 bytes (37.7%)
(RDMA_READ_CONSUME_CHECK_CONSUMER) timestamp=1264 ms, used_size=15427584 bytes (37.7%)
(RDMA_READ_CONSUME_CHECK_CONSUMER) timestamp=1264 ms, used_size=15425536 bytes (37.7%)
(RDMA_READ_CONSUME_CHECK_CONSUMER) timestamp=1264 ms, used_size=15423488 bytes (37.7%)
(RDMA_READ_CONSUME_CHECK_CONSUMER) timestamp=1264 ms, used_size=15421440 bytes (37.6%)
(RDMA_READ_CONSUME_CHECK_CONSUMER) timestamp=1264 ms, used_size=15419392 bytes (37.6%)
(RDMA_READ_CONSUME_CHECK_CONSUMER) timestamp=1264 ms, used_size=15417344 bytes (37.6%)
(RDMA_READ_CONSUME_CHECK_CONSUMER) timestamp=1264 ms, used_size=15415296 bytes (37.6%)
(RDMA_READ_CONSUME_CHECK_CONSUMER) timestamp=1264 ms, used_size=15413248 bytes (37.6%)
(RDMA_READ_CONSUME_CHECK_CONSUMER) timestamp=1264 ms, used_size=15411200 bytes (37.6%)
(RDMA_READ_CONSUME_CHECK_CONSUMER) timestamp=1264 ms, used_size=15409152 bytes (37.6%)
(RDMA_READ_CONSUME_CHECK_CONSUMER) timestamp=1264 ms, used_size=15407104 bytes (37.6%)
(RDMA_READ_CONSUME_CHECK_CONSUMER) timestamp=1264 ms, used_size=15405056 bytes (37.6%)
(RDMA_READ_CONSUME_CHECK_CONSUMER) timestamp=1264 ms, used_size=15403008 bytes (37.6%)
(RDMA_READ_CONSUME_CHECK_CONSUMER) timestamp=1264 ms, used_size=15400960 bytes (37.6%)
(RDMA_READ_CONSUME_CHECK_CONSUMER) timestamp=1264 ms, used_size=15398912 bytes (37.6%)
(RDMA_READ_CONSUME_CHECK_CONSUMER) timestamp=1264 ms, used_size=15396864 bytes (37.6%)
(RDMA_READ_CONSUME_CHECK_CONSUMER) timestamp=1264 ms, used_size=15394816 bytes (37.6%)
(RDMA_READ_CONSUME_CHECK_CONSUMER) timestamp=1264 ms, used_size=15392768 bytes (37.6%)
(RDMA_READ_CONSUME_CHECK_CONSUMER) timestamp=1264 ms, used_size=15390720 bytes (37.6%)
(RDMA_READ_CONSUME_CHECK_CONSUMER) timestamp=1264 ms, used_size=15388672 bytes (37.6%)
(RDMA_READ_CONSUME_CHECK_CONSUMER) timestamp=1264 ms, used_size=15386624 bytes (37.6%)
(RDMA_READ_CONSUME_CHECK_CONSUMER) timestamp=1264 ms, used_size=15384576 bytes (37.6%)
(RDMA_READ_CONSUME_CHECK_CONSUMER) timestamp=1264 ms, used_size=15382528 bytes (37.6%)
(RDMA_READ_CONSUME_CHECK_CONSUMER) timestamp=1264 ms, used_size=15380480 bytes (37.5%)
(RDMA_READ_CONSUME_CHECK_CONSUMER) timestamp=1264 ms, used_size=15378432 bytes (37.5%)
(RDMA_READ_CONSUME_CHECK_CONSUMER) timestamp=1264 ms, used_size=15376384 bytes (37.5%)
(RDMA_READ_CONSUME_CHECK_CONSUMER) timestamp=1264 ms, used_size=15374336 bytes (37.5%)
(RDMA_READ_CONSUME_CHECK_CONSUMER) timestamp=1264 ms, used_size=15372288 bytes (37.5%)
(RDMA_READ_CONSUME_CHECK_CONSUMER) timestamp=1264 ms, used_size=15370240 bytes (37.5%)
(RDMA_READ_CONSUME_CHECK_CONSUMER) timestamp=1264 ms, used_size=15368192 bytes (37.5%)
(RDMA_READ_CONSUME_CHECK_CONSUMER) timestamp=1264 ms, used_size=15366144 bytes (37.5%)
(RDMA_READ_CONSUME_CHECK_CONSUMER) timestamp=1264 ms, used_size=15364096 bytes (37.5%)
(RDMA_READ_CONSUME_CHECK_CONSUMER) timestamp=1264 ms, used_size=15362048 bytes (37.5%)
(RDMA_READ_CONSUME_CHECK_CONSUMER) timestamp=1264 ms, used_size=15360000 bytes (37.5%)
(RDMA_READ_CONSUME_CHECK_CONSUMER) timestamp=1264 ms, used_size=15357952 bytes (37.5%)
(RDMA_READ_CONSUME_CHECK_CONSUMER) timestamp=1264 ms, used_size=15355904 bytes (37.5%)
(RDMA_READ_CONSUME_CHECK_CONSUMER) timestamp=1264 ms, used_size=15353856 bytes (37.5%)
(RDMA_READ_CONSUME_CHECK_CONSUMER) timestamp=1264 ms, used_size=15351808 bytes (37.5%)
(RDMA_READ_CONSUME_CHECK_CONSUMER) timestamp=1264 ms, used_size=15349760 bytes (37.5%)
(RDMA_READ_CONSUME_CHECK_CONSUMER) timestamp=1264 ms, used_size=15347712 bytes (37.5%)
(RDMA_READ_CONSUME_CHECK_CONSUMER) timestamp=1264 ms, used_size=15345664 bytes (37.5%)
(RDMA_READ_CONSUME_CHECK_CONSUMER) timestamp=1264 ms, used_size=15343616 bytes (37.5%)
(RDMA_READ_CONSUME_CHECK_CONSUMER) timestamp=1264 ms, used_size=15341568 bytes (37.5%)
(RDMA_READ_CONSUME_CHECK_CONSUMER) timestamp=1264 ms, used_size=15339520 bytes (37.5%)
(RDMA_READ_CONSUME_CHECK_CONSUMER) timestamp=1264 ms, used_size=15337472 bytes (37.4%)
(RDMA_READ_CONSUME_CHECK_CONSUMER) timestamp=1264 ms, used_size=15335424 bytes (37.4%)
(RDMA_READ_CONSUME_CHECK_CONSUMER) timestamp=1264 ms, used_size=15333376 bytes (37.4%)
(RDMA_READ_CONSUME_CHECK_CONSUMER) timestamp=1264 ms, used_size=15331328 bytes (37.4%)
(RDMA_READ_CONSUME_CHECK_CONSUMER) timestamp=1264 ms, used_size=15329280 bytes (37.4%)
(RDMA_READ_CONSUME_CHECK_CONSUMER) timestamp=1264 ms, used_size=15327232 bytes (37.4%)
(RDMA_READ_CONSUME_CHECK_CONSUMER) timestamp=1264 ms, used_size=15325184 bytes (37.4%)
(RDMA_READ_CONSUME_CHECK_CONSUMER) timestamp=1264 ms, used_size=15323136 bytes (37.4%)
(RDMA_READ_CONSUME_CHECK_CONSUMER) timestamp=1264 ms, used_size=15321088 bytes (37.4%)
(RDMA_READ_CONSUME_CHECK_CONSUMER) timestamp=1264 ms, used_size=15319040 bytes (37.4%)
(RDMA_READ_CONSUME_CHECK_CONSUMER) timestamp=1264 ms, used_size=15316992 bytes (37.4%)
(RDMA_READ_CONSUME_CHECK_CONSUMER) timestamp=1264 ms, used_size=15314944 bytes (37.4%)
(RDMA_READ_CONSUME_CHECK_CONSUMER) timestamp=1264 ms, used_size=15312896 bytes (37.4%)
(RDMA_READ_CONSUME_CHECK_CONSUMER) timestamp=1264 ms, used_size=15310848 bytes (37.4%)
(RDMA_READ_CONSUME_CHECK_CONSUMER) timestamp=1264 ms, used_size=15308800 bytes (37.4%)
(RDMA_READ_CONSUME_CHECK_CONSUMER) timestamp=1264 ms, used_size=15306752 bytes (37.4%)
(RDMA_READ_CONSUME_CHECK_CONSUMER) timestamp=1264 ms, used_size=15304704 bytes (37.4%)
(RDMA_READ_CONSUME_CHECK_CONSUMER) timestamp=1264 ms, used_size=15302656 bytes (37.4%)
(RDMA_READ_CONSUME_CHECK_CONSUMER) timestamp=1264 ms, used_size=15300608 bytes (37.4%)
(RDMA_READ_CONSUME_CHECK_CONSUMER) timestamp=1264 ms, used_size=15298560 bytes (37.4%)
(RDMA_READ_CONSUME_CHECK_CONSUMER) timestamp=1264 ms, used_size=15296512 bytes (37.3%)
(RDMA_READ_CONSUME_CHECK_CONSUMER) timestamp=1264 ms, used_size=15294464 bytes (37.3%)
(RDMA_READ_CONSUME_CHECK_CONSUMER) timestamp=1264 ms, used_size=15292416 bytes (37.3%)
(RDMA_READ_CONSUME_CHECK_CONSUMER) timestamp=1264 ms, used_size=15290368 bytes (37.3%)
(RDMA_READ_CONSUME_CHECK_CONSUMER) timestamp=1264 ms, used_size=15288320 bytes (37.3%)
(RDMA_READ_CONSUME_CHECK_CONSUMER) timestamp=1264 ms, used_size=15286272 bytes (37.3%)
(RDMA_READ_CONSUME_CHECK_CONSUMER) timestamp=1264 ms, used_size=15284224 bytes (37.3%)
(RDMA_READ_CONSUME_CHECK_CONSUMER) timestamp=1264 ms, used_size=15282176 bytes (37.3%)
(RDMA_READ_CONSUME_CHECK_CONSUMER) timestamp=1264 ms, used_size=15280128 bytes (37.3%)
(RDMA_READ_CONSUME_CHECK_CONSUMER) timestamp=1264 ms, used_size=15278080 bytes (37.3%)
(RDMA_READ_CONSUME_CHECK_CONSUMER) timestamp=1264 ms, used_size=15276032 bytes (37.3%)
(RDMA_READ_CONSUME_CHECK_CONSUMER) timestamp=1264 ms, used_size=15273984 bytes (37.3%)
(RDMA_READ_CONSUME_CHECK_CONSUMER) timestamp=1264 ms, used_size=15271936 bytes (37.3%)
(RDMA_READ_CONSUME_CHECK_CONSUMER) timestamp=1264 ms, used_size=15269888 bytes (37.3%)
(RDMA_READ_CONSUME_CHECK_CONSUMER) timestamp=1264 ms, used_size=15267840 bytes (37.3%)
(RDMA_READ_CONSUME_CHECK_CONSUMER) timestamp=1264 ms, used_size=15265792 bytes (37.3%)
(RDMA_READ_CONSUME_CHECK_CONSUMER) timestamp=1264 ms, used_size=15263744 bytes (37.3%)
(RDMA_READ_CONSUME_CHECK_CONSUMER) timestamp=1264 ms, used_size=15261696 bytes (37.3%)
(RDMA_READ_CONSUME_CHECK_CONSUMER) timestamp=1264 ms, used_size=15259648 bytes (37.3%)
(RDMA_READ_CONSUME_CHECK_CONSUMER) timestamp=1264 ms, used_size=15257600 bytes (37.2%)
(RDMA_READ_CONSUME_CHECK_CONSUMER) timestamp=1264 ms, used_size=15255552 bytes (37.2%)
(RDMA_READ_CONSUME_CHECK_CONSUMER) timestamp=1264 ms, used_size=15253504 bytes (37.2%)
(RDMA_READ_CONSUME_CHECK_CONSUMER) timestamp=1264 ms, used_size=15251456 bytes (37.2%)
(RDMA_READ_CONSUME_CHECK_CONSUMER) timestamp=1264 ms, used_size=15249408 bytes (37.2%)
(RDMA_READ_CONSUME_CHECK_CONSUMER) timestamp=1264 ms, used_size=15247360 bytes (37.2%)
(RDMA_READ_CONSUME_CHECK_CONSUMER) timestamp=1264 ms, used_size=15245312 bytes (37.2%)
(RDMA_READ_CONSUME_CHECK_CONSUMER) timestamp=1264 ms, used_size=15243264 bytes (37.2%)
(RDMA_READ_CONSUME_CHECK_CONSUMER) timestamp=1264 ms, used_size=15241216 bytes (37.2%)
(RDMA_READ_CONSUME_CHECK_CONSUMER) timestamp=1264 ms, used_size=15239168 bytes (37.2%)
(RDMA_READ_CONSUME_CHECK_CONSUMER) timestamp=1264 ms, used_size=15237120 bytes (37.2%)
(RDMA_READ_CONSUME_CHECK_CONSUMER) timestamp=1264 ms, used_size=15235072 bytes (37.2%)
(RDMA_READ_CONSUME_CHECK_CONSUMER) timestamp=1264 ms, used_size=15233024 bytes (37.2%)
(RDMA_READ_CONSUME_CHECK_CONSUMER) timestamp=1264 ms, used_size=15230976 bytes (37.2%)
(RDMA_READ_CONSUME_CHECK_CONSUMER) timestamp=1264 ms, used_size=15228928 bytes (37.2%)
(RDMA_READ_CONSUME_CHECK_CONSUMER) timestamp=1264 ms, used_size=15226880 bytes (37.2%)
(RDMA_READ_CONSUME_CHECK_CONSUMER) timestamp=1264 ms, used_size=15224832 bytes (37.2%)
(RDMA_READ_CONSUME_CHECK_CONSUMER) timestamp=1264 ms, used_size=15222784 bytes (37.2%)
(RDMA_READ_CONSUME_CHECK_CONSUMER) timestamp=1264 ms, used_size=15220736 bytes (37.2%)
(RDMA_READ_CONSUME_CHECK_CONSUMER) timestamp=1264 ms, used_size=15218688 bytes (37.2%)
(RDMA_READ_CONSUME_CHECK_CONSUMER) timestamp=1264 ms, used_size=15216640 bytes (37.1%)
(RDMA_READ_CONSUME_CHECK_CONSUMER) timestamp=1264 ms, used_size=15214592 bytes (37.1%)
(RDMA_READ_CONSUME_CHECK_CONSUMER) timestamp=1264 ms, used_size=15212544 bytes (37.1%)
(RDMA_READ_CONSUME_CHECK_CONSUMER) timestamp=1264 ms, used_size=15210496 bytes (37.1%)
(RDMA_READ_CONSUME_CHECK_CONSUMER) timestamp=1264 ms, used_size=15208448 bytes (37.1%)
(RDMA_READ_CONSUME_CHECK_CONSUMER) timestamp=1264 ms, used_size=15206400 bytes (37.1%)
(RDMA_READ_CONSUME_CHECK_CONSUMER) timestamp=1264 ms, used_size=15204352 bytes (37.1%)
(RDMA_READ_CONSUME_CHECK_CONSUMER) timestamp=1264 ms, used_size=15202304 bytes (37.1%)
(RDMA_READ_CONSUME_CHECK_CONSUMER) timestamp=1264 ms, used_size=15200256 bytes (37.1%)
(RDMA_READ_CONSUME_CHECK_CONSUMER) timestamp=1264 ms, used_size=15198208 bytes (37.1%)
(RDMA_READ_CONSUME_CHECK_CONSUMER) timestamp=1264 ms, used_size=15196160 bytes (37.1%)
(RDMA_READ_CONSUME_CHECK_CONSUMER) timestamp=1264 ms, used_size=15194112 bytes (37.1%)
(RDMA_READ_CONSUME_CHECK_CONSUMER) timestamp=1264 ms, used_size=15192064 bytes (37.1%)
(RDMA_READ_CONSUME_CHECK_CONSUMER) timestamp=1264 ms, used_size=15190016 bytes (37.1%)
(RDMA_READ_CONSUME_CHECK_CONSUMER) timestamp=1264 ms, used_size=15187968 bytes (37.1%)
(RDMA_READ_CONSUME_CHECK_CONSUMER) timestamp=1264 ms, used_size=15185920 bytes (37.1%)
(RDMA_READ_CONSUME_CHECK_CONSUMER) timestamp=1264 ms, used_size=15183872 bytes (37.1%)
(RDMA_READ_CONSUME_CHECK_CONSUMER) timestamp=1264 ms, used_size=15181824 bytes (37.1%)
(RDMA_READ_CONSUME_CHECK_CONSUMER) timestamp=1264 ms, used_size=15179776 bytes (37.1%)
(RDMA_READ_CONSUME_CHECK_CONSUMER) timestamp=1264 ms, used_size=15177728 bytes (37.1%)
(RDMA_READ_CONSUME_CHECK_CONSUMER) timestamp=1264 ms, used_size=15175680 bytes (37.0%)
(RDMA_READ_CONSUME_CHECK_CONSUMER) timestamp=1264 ms, used_size=15173632 bytes (37.0%)
(RDMA_READ_CONSUME_CHECK_CONSUMER) timestamp=1264 ms, used_size=15171584 bytes (37.0%)
(RDMA_READ_CONSUME_CHECK_CONSUMER) timestamp=1264 ms, used_size=15169536 bytes (37.0%)
(RDMA_READ_CONSUME_CHECK_CONSUMER) timestamp=1264 ms, used_size=15167488 bytes (37.0%)
(RDMA_READ_CONSUME_CHECK_CONSUMER) timestamp=1265 ms, used_size=15165440 bytes (37.0%)
(RDMA_READ_CONSUME_CHECK_CONSUMER) timestamp=1265 ms, used_size=15163392 bytes (37.0%)
(RDMA_READ_CONSUME_CHECK_CONSUMER) timestamp=1265 ms, used_size=15161344 bytes (37.0%)
(RDMA_READ_CONSUME_CHECK_CONSUMER) timestamp=1265 ms, used_size=15159296 bytes (37.0%)
(RDMA_READ_CONSUME_CHECK_CONSUMER) timestamp=1265 ms, used_size=15157248 bytes (37.0%)
(RDMA_READ_CONSUME_CHECK_CONSUMER) timestamp=1265 ms, used_size=15155200 bytes (37.0%)
(RDMA_READ_CONSUME_CHECK_CONSUMER) timestamp=1265 ms, used_size=15153152 bytes (37.0%)
(RDMA_READ_CONSUME_CHECK_CONSUMER) timestamp=1265 ms, used_size=15151104 bytes (37.0%)
(RDMA_READ_CONSUME_CHECK_CONSUMER) timestamp=1265 ms, used_size=15149056 bytes (37.0%)
(RDMA_READ_CONSUME_CHECK_CONSUMER) timestamp=1265 ms, used_size=15147008 bytes (37.0%)
(RDMA_READ_CONSUME_CHECK_CONSUMER) timestamp=1265 ms, used_size=15144960 bytes (37.0%)
(RDMA_READ_CONSUME_CHECK_CONSUMER) timestamp=1265 ms, used_size=15142912 bytes (37.0%)
(RDMA_READ_CONSUME_CHECK_CONSUMER) timestamp=1265 ms, used_size=15140864 bytes (37.0%)
(RDMA_READ_CONSUME_CHECK_CONSUMER) timestamp=1265 ms, used_size=15138816 bytes (37.0%)
(RDMA_READ_CONSUME_CHECK_CONSUMER) timestamp=1265 ms, used_size=15136768 bytes (37.0%)
(RDMA_READ_CONSUME_CHECK_CONSUMER) timestamp=1265 ms, used_size=15134720 bytes (37.0%)
(RDMA_READ_CONSUME_CHECK_CONSUMER) timestamp=1265 ms, used_size=15132672 bytes (36.9%)
(RDMA_READ_CONSUME_CHECK_CONSUMER) timestamp=1265 ms, used_size=15130624 bytes (36.9%)
(RDMA_READ_CONSUME_CHECK_CONSUMER) timestamp=1265 ms, used_size=15128576 bytes (36.9%)
(RDMA_READ_CONSUME_CHECK_CONSUMER) timestamp=1265 ms, used_size=15126528 bytes (36.9%)
(RDMA_READ_CONSUME_CHECK_CONSUMER) timestamp=1265 ms, used_size=15124480 bytes (36.9%)
(RDMA_READ_CONSUME_CHECK_CONSUMER) timestamp=1265 ms, used_size=15122432 bytes (36.9%)
(RDMA_READ_CONSUME_CHECK_CONSUMER) timestamp=1265 ms, used_size=15120384 bytes (36.9%)
(RDMA_READ_CONSUME_CHECK_CONSUMER) timestamp=1265 ms, used_size=15118336 bytes (36.9%)
(RDMA_READ_CONSUME_CHECK_CONSUMER) timestamp=1265 ms, used_size=15116288 bytes (36.9%)
(RDMA_READ_CONSUME_CHECK_CONSUMER) timestamp=1265 ms, used_size=15114240 bytes (36.9%)
(RDMA_READ_CONSUME_CHECK_CONSUMER) timestamp=1265 ms, used_size=15112192 bytes (36.9%)
(RDMA_READ_CONSUME_CHECK_CONSUMER) timestamp=1265 ms, used_size=15110144 bytes (36.9%)
(RDMA_READ_CONSUME_CHECK_CONSUMER) timestamp=1265 ms, used_size=15108096 bytes (36.9%)
(RDMA_READ_CONSUME_CHECK_CONSUMER) timestamp=1265 ms, used_size=15106048 bytes (36.9%)
(RDMA_READ_CONSUME_CHECK_CONSUMER) timestamp=1265 ms, used_size=15104000 bytes (36.9%)
(RDMA_READ_CONSUME_CHECK_CONSUMER) timestamp=1265 ms, used_size=15101952 bytes (36.9%)
(RDMA_READ_CONSUME_CHECK_CONSUMER) timestamp=1265 ms, used_size=15099904 bytes (36.9%)
(RDMA_READ_CONSUME_CHECK_CONSUMER) timestamp=1265 ms, used_size=15097856 bytes (36.9%)
(RDMA_READ_CONSUME_CHECK_CONSUMER) timestamp=1265 ms, used_size=15095808 bytes (36.9%)
(RDMA_READ_CONSUME_CHECK_CONSUMER) timestamp=1265 ms, used_size=15093760 bytes (36.9%)
(RDMA_READ_CONSUME_CHECK_CONSUMER) timestamp=1265 ms, used_size=15091712 bytes (36.8%)
(RDMA_READ_CONSUME_CHECK_CONSUMER) timestamp=1265 ms, used_size=15089664 bytes (36.8%)
(RDMA_READ_CONSUME_CHECK_CONSUMER) timestamp=1265 ms, used_size=15087616 bytes (36.8%)
(RDMA_READ_CONSUME_CHECK_CONSUMER) timestamp=1265 ms, used_size=15085568 bytes (36.8%)
(RDMA_READ_CONSUME_CHECK_CONSUMER) timestamp=1265 ms, used_size=15083520 bytes (36.8%)
(RDMA_READ_CONSUME_CHECK_CONSUMER) timestamp=1265 ms, used_size=15081472 bytes (36.8%)
(RDMA_READ_CONSUME_CHECK_CONSUMER) timestamp=1265 ms, used_size=15079424 bytes (36.8%)
(RDMA_READ_CONSUME_CHECK_CONSUMER) timestamp=1265 ms, used_size=15077376 bytes (36.8%)
(RDMA_READ_CONSUME_CHECK_CONSUMER) timestamp=1265 ms, used_size=15075328 bytes (36.8%)
(RDMA_READ_CONSUME_CHECK_CONSUMER) timestamp=1265 ms, used_size=15073280 bytes (36.8%)
(RDMA_READ_CONSUME_CHECK_CONSUMER) timestamp=1265 ms, used_size=15071232 bytes (36.8%)
(RDMA_READ_CONSUME_CHECK_CONSUMER) timestamp=1265 ms, used_size=15069184 bytes (36.8%)
(RDMA_READ_CONSUME_CHECK_CONSUMER) timestamp=1265 ms, used_size=15067136 bytes (36.8%)
(RDMA_READ_CONSUME_CHECK_CONSUMER) timestamp=1265 ms, used_size=15065088 bytes (36.8%)
(RDMA_READ_CONSUME_CHECK_CONSUMER) timestamp=1265 ms, used_size=15063040 bytes (36.8%)
(RDMA_READ_CONSUME_CHECK_CONSUMER) timestamp=1265 ms, used_size=15060992 bytes (36.8%)
(RDMA_READ_CONSUME_CHECK_CONSUMER) timestamp=1265 ms, used_size=15058944 bytes (36.8%)
(RDMA_READ_CONSUME_CHECK_CONSUMER) timestamp=1265 ms, used_size=15056896 bytes (36.8%)
(RDMA_READ_CONSUME_CHECK_CONSUMER) timestamp=1265 ms, used_size=15054848 bytes (36.8%)
(RDMA_READ_CONSUME_CHECK_CONSUMER) timestamp=1265 ms, used_size=15052800 bytes (36.8%)
(RDMA_READ_CONSUME_CHECK_CONSUMER) timestamp=1265 ms, used_size=15050752 bytes (36.7%)
(RDMA_READ_CONSUME_CHECK_CONSUMER) timestamp=1265 ms, used_size=15048704 bytes (36.7%)
(RDMA_READ_CONSUME_CHECK_CONSUMER) timestamp=1265 ms, used_size=15046656 bytes (36.7%)
(RDMA_READ_CONSUME_CHECK_CONSUMER) timestamp=1265 ms, used_size=15044608 bytes (36.7%)
(RDMA_READ_CONSUME_CHECK_CONSUMER) timestamp=1265 ms, used_size=15042560 bytes (36.7%)
(RDMA_READ_CONSUME_CHECK_CONSUMER) timestamp=1265 ms, used_size=15040512 bytes (36.7%)
(RDMA_READ_CONSUME_CHECK_CONSUMER) timestamp=1265 ms, used_size=15038464 bytes (36.7%)
(RDMA_READ_CONSUME_CHECK_CONSUMER) timestamp=1265 ms, used_size=15036416 bytes (36.7%)
(RDMA_READ_CONSUME_CHECK_CONSUMER) timestamp=1265 ms, used_size=15034368 bytes (36.7%)
(RDMA_READ_CONSUME_CHECK_CONSUMER) timestamp=1265 ms, used_size=15032320 bytes (36.7%)
(RDMA_READ_CONSUME_CHECK_CONSUMER) timestamp=1265 ms, used_size=15030272 bytes (36.7%)
(RDMA_READ_CONSUME_CHECK_CONSUMER) timestamp=1265 ms, used_size=15028224 bytes (36.7%)
(RDMA_READ_CONSUME_CHECK_CONSUMER) timestamp=1265 ms, used_size=15026176 bytes (36.7%)
(RDMA_READ_CONSUME_CHECK_CONSUMER) timestamp=1265 ms, used_size=15024128 bytes (36.7%)
(RDMA_READ_CONSUME_CHECK_CONSUMER) timestamp=1265 ms, used_size=15022080 bytes (36.7%)
(RDMA_READ_CONSUME_CHECK_CONSUMER) timestamp=1265 ms, used_size=15020032 bytes (36.7%)
(RDMA_READ_CONSUME_CHECK_CONSUMER) timestamp=1265 ms, used_size=15017984 bytes (36.7%)
(RDMA_READ_CONSUME_CHECK_CONSUMER) timestamp=1265 ms, used_size=15015936 bytes (36.7%)
(RDMA_READ_CONSUME_CHECK_CONSUMER) timestamp=1265 ms, used_size=15013888 bytes (36.7%)
(RDMA_READ_CONSUME_CHECK_CONSUMER) timestamp=1265 ms, used_size=15011840 bytes (36.6%)
(RDMA_READ_CONSUME_CHECK_CONSUMER) timestamp=1265 ms, used_size=15009792 bytes (36.6%)
(RDMA_READ_CONSUME_CHECK_CONSUMER) timestamp=1265 ms, used_size=15007744 bytes (36.6%)
(RDMA_READ_CONSUME_CHECK_CONSUMER) timestamp=1265 ms, used_size=15005696 bytes (36.6%)
(RDMA_READ_CONSUME_CHECK_CONSUMER) timestamp=1265 ms, used_size=15003648 bytes (36.6%)
(RDMA_READ_CONSUME_CHECK_CONSUMER) timestamp=1265 ms, used_size=15001600 bytes (36.6%)
(RDMA_READ_CONSUME_CHECK_CONSUMER) timestamp=1265 ms, used_size=14999552 bytes (36.6%)
(RDMA_READ_CONSUME_CHECK_CONSUMER) timestamp=1265 ms, used_size=14997504 bytes (36.6%)
(RDMA_READ_CONSUME_CHECK_CONSUMER) timestamp=1265 ms, used_size=14995456 bytes (36.6%)
(RDMA_READ_CONSUME_CHECK_CONSUMER) timestamp=1265 ms, used_size=14993408 bytes (36.6%)
(RDMA_READ_CONSUME_CHECK_CONSUMER) timestamp=1265 ms, used_size=14991360 bytes (36.6%)
(RDMA_READ_CONSUME_CHECK_CONSUMER) timestamp=1265 ms, used_size=14989312 bytes (36.6%)
(RDMA_READ_CONSUME_CHECK_CONSUMER) timestamp=1265 ms, used_size=14987264 bytes (36.6%)
(RDMA_READ_CONSUME_CHECK_CONSUMER) timestamp=1265 ms, used_size=14985216 bytes (36.6%)
(RDMA_READ_CONSUME_CHECK_CONSUMER) timestamp=1265 ms, used_size=14983168 bytes (36.6%)
(RDMA_READ_CONSUME_CHECK_CONSUMER) timestamp=1265 ms, used_size=14981120 bytes (36.6%)
(RDMA_READ_CONSUME_CHECK_CONSUMER) timestamp=1265 ms, used_size=14979072 bytes (36.6%)
(RDMA_READ_CONSUME_CHECK_CONSUMER) timestamp=1265 ms, used_size=14977024 bytes (36.6%)
(RDMA_READ_CONSUME_CHECK_CONSUMER) timestamp=1265 ms, used_size=14974976 bytes (36.6%)
(RDMA_READ_CONSUME_CHECK_CONSUMER) timestamp=1265 ms, used_size=14972928 bytes (36.6%)
(RDMA_READ_CONSUME_CHECK_CONSUMER) timestamp=1265 ms, used_size=14970880 bytes (36.5%)
(RDMA_READ_CONSUME_CHECK_CONSUMER) timestamp=1265 ms, used_size=14968832 bytes (36.5%)
(RDMA_READ_CONSUME_CHECK_CONSUMER) timestamp=1265 ms, used_size=14966784 bytes (36.5%)
(RDMA_READ_CONSUME_CHECK_CONSUMER) timestamp=1265 ms, used_size=14964736 bytes (36.5%)
(RDMA_READ_CONSUME_CHECK_CONSUMER) timestamp=1265 ms, used_size=14962688 bytes (36.5%)
(RDMA_READ_CONSUME_CHECK_CONSUMER) timestamp=1265 ms, used_size=14960640 bytes (36.5%)
(RDMA_READ_CONSUME_CHECK_CONSUMER) timestamp=1265 ms, used_size=14958592 bytes (36.5%)
(RDMA_READ_CONSUME_CHECK_CONSUMER) timestamp=1265 ms, used_size=14956544 bytes (36.5%)
(RDMA_READ_CONSUME_CHECK_CONSUMER) timestamp=1265 ms, used_size=14954496 bytes (36.5%)
(RDMA_READ_CONSUME_CHECK_CONSUMER) timestamp=1265 ms, used_size=14952448 bytes (36.5%)
(RDMA_READ_CONSUME_CHECK_CONSUMER) timestamp=1265 ms, used_size=14950400 bytes (36.5%)
(RDMA_READ_CONSUME_CHECK_CONSUMER) timestamp=1265 ms, used_size=14948352 bytes (36.5%)
(RDMA_READ_CONSUME_CHECK_CONSUMER) timestamp=1265 ms, used_size=14946304 bytes (36.5%)
(RDMA_READ_CONSUME_CHECK_CONSUMER) timestamp=1265 ms, used_size=14944256 bytes (36.5%)
(RDMA_READ_CONSUME_CHECK_CONSUMER) timestamp=1265 ms, used_size=14942208 bytes (36.5%)
(RDMA_READ_CONSUME_CHECK_CONSUMER) timestamp=1265 ms, used_size=14940160 bytes (36.5%)
(RDMA_READ_CONSUME_CHECK_CONSUMER) timestamp=1265 ms, used_size=14938112 bytes (36.5%)
(RDMA_READ_CONSUME_CHECK_CONSUMER) timestamp=1265 ms, used_size=14936064 bytes (36.5%)
(RDMA_READ_CONSUME_CHECK_CONSUMER) timestamp=1265 ms, used_size=14934016 bytes (36.5%)
(RDMA_READ_CONSUME_CHECK_CONSUMER) timestamp=1265 ms, used_size=14931968 bytes (36.5%)
(RDMA_READ_CONSUME_CHECK_CONSUMER) timestamp=1265 ms, used_size=14929920 bytes (36.5%)
(RDMA_READ_CONSUME_CHECK_CONSUMER) timestamp=1265 ms, used_size=14927872 bytes (36.4%)
(RDMA_READ_CONSUME_CHECK_CONSUMER) timestamp=1265 ms, used_size=14925824 bytes (36.4%)
(RDMA_READ_CONSUME_CHECK_CONSUMER) timestamp=1265 ms, used_size=14923776 bytes (36.4%)
(RDMA_READ_CONSUME_CHECK_CONSUMER) timestamp=1265 ms, used_size=14921728 bytes (36.4%)
(RDMA_READ_CONSUME_CHECK_CONSUMER) timestamp=1265 ms, used_size=14919680 bytes (36.4%)
(RDMA_READ_CONSUME_CHECK_CONSUMER) timestamp=1265 ms, used_size=14917632 bytes (36.4%)
(RDMA_READ_CONSUME_CHECK_CONSUMER) timestamp=1265 ms, used_size=14915584 bytes (36.4%)
(RDMA_READ_CONSUME_CHECK_CONSUMER) timestamp=1265 ms, used_size=14913536 bytes (36.4%)
(RDMA_READ_CONSUME_CHECK_CONSUMER) timestamp=1265 ms, used_size=14911488 bytes (36.4%)
(RDMA_READ_CONSUME_CHECK_CONSUMER) timestamp=1265 ms, used_size=14909440 bytes (36.4%)
(RDMA_READ_CONSUME_CHECK_CONSUMER) timestamp=1265 ms, used_size=14907392 bytes (36.4%)
(RDMA_READ_CONSUME_CHECK_CONSUMER) timestamp=1265 ms, used_size=14905344 bytes (36.4%)
(RDMA_READ_CONSUME_CHECK_CONSUMER) timestamp=1265 ms, used_size=14903296 bytes (36.4%)
(RDMA_READ_CONSUME_CHECK_CONSUMER) timestamp=1265 ms, used_size=14901248 bytes (36.4%)
(RDMA_READ_CONSUME_CHECK_CONSUMER) timestamp=1265 ms, used_size=14899200 bytes (36.4%)
(RDMA_READ_CONSUME_CHECK_CONSUMER) timestamp=1265 ms, used_size=14897152 bytes (36.4%)
(RDMA_READ_CONSUME_CHECK_CONSUMER) timestamp=1265 ms, used_size=14895104 bytes (36.4%)
(RDMA_READ_CONSUME_CHECK_CONSUMER) timestamp=1265 ms, used_size=14893056 bytes (36.4%)
(RDMA_READ_CONSUME_CHECK_CONSUMER) timestamp=1265 ms, used_size=14891008 bytes (36.4%)
(RDMA_READ_CONSUME_CHECK_CONSUMER) timestamp=1265 ms, used_size=14888960 bytes (36.4%)
(RDMA_READ_CONSUME_CHECK_CONSUMER) timestamp=1265 ms, used_size=14886912 bytes (36.3%)
(RDMA_READ_CONSUME_CHECK_CONSUMER) timestamp=1265 ms, used_size=14884864 bytes (36.3%)
(RDMA_READ_CONSUME_CHECK_CONSUMER) timestamp=1265 ms, used_size=14882816 bytes (36.3%)
(RDMA_READ_CONSUME_CHECK_CONSUMER) timestamp=1265 ms, used_size=14880768 bytes (36.3%)
(RDMA_READ_CONSUME_CHECK_CONSUMER) timestamp=1265 ms, used_size=14878720 bytes (36.3%)
(RDMA_READ_CONSUME_CHECK_CONSUMER) timestamp=1265 ms, used_size=14876672 bytes (36.3%)
(RDMA_READ_CONSUME_CHECK_CONSUMER) timestamp=1265 ms, used_size=14874624 bytes (36.3%)
(RDMA_READ_CONSUME_CHECK_CONSUMER) timestamp=1265 ms, used_size=14872576 bytes (36.3%)
(RDMA_READ_CONSUME_CHECK_CONSUMER) timestamp=1265 ms, used_size=14870528 bytes (36.3%)
(RDMA_READ_CONSUME_CHECK_CONSUMER) timestamp=1265 ms, used_size=14868480 bytes (36.3%)
(RDMA_READ_CONSUME_CHECK_CONSUMER) timestamp=1265 ms, used_size=14866432 bytes (36.3%)
(RDMA_READ_CONSUME_CHECK_CONSUMER) timestamp=1265 ms, used_size=14864384 bytes (36.3%)
(RDMA_READ_CONSUME_CHECK_CONSUMER) timestamp=1265 ms, used_size=14862336 bytes (36.3%)
(RDMA_READ_CONSUME_CHECK_CONSUMER) timestamp=1265 ms, used_size=14860288 bytes (36.3%)
(RDMA_READ_CONSUME_CHECK_CONSUMER) timestamp=1265 ms, used_size=14858240 bytes (36.3%)
(RDMA_READ_CONSUME_CHECK_CONSUMER) timestamp=1265 ms, used_size=14856192 bytes (36.3%)
(RDMA_READ_CONSUME_CHECK_CONSUMER) timestamp=1265 ms, used_size=14854144 bytes (36.3%)
(RDMA_READ_CONSUME_CHECK_CONSUMER) timestamp=1265 ms, used_size=14852096 bytes (36.3%)
(RDMA_READ_CONSUME_CHECK_CONSUMER) timestamp=1265 ms, used_size=14850048 bytes (36.3%)
(RDMA_READ_CONSUME_CHECK_CONSUMER) timestamp=1265 ms, used_size=14848000 bytes (36.2%)
(RDMA_READ_CONSUME_CHECK_CONSUMER) timestamp=1265 ms, used_size=14845952 bytes (36.2%)
(RDMA_READ_CONSUME_CHECK_CONSUMER) timestamp=1265 ms, used_size=14843904 bytes (36.2%)
(RDMA_READ_CONSUME_CHECK_CONSUMER) timestamp=1265 ms, used_size=14841856 bytes (36.2%)
(RDMA_READ_CONSUME_CHECK_CONSUMER) timestamp=1265 ms, used_size=14839808 bytes (36.2%)
(RDMA_READ_CONSUME_CHECK_CONSUMER) timestamp=1265 ms, used_size=14837760 bytes (36.2%)
(RDMA_READ_CONSUME_CHECK_CONSUMER) timestamp=1265 ms, used_size=14835712 bytes (36.2%)
(RDMA_READ_CONSUME_CHECK_CONSUMER) timestamp=1265 ms, used_size=14833664 bytes (36.2%)
(RDMA_READ_CONSUME_CHECK_CONSUMER) timestamp=1265 ms, used_size=14831616 bytes (36.2%)
(RDMA_READ_CONSUME_CHECK_CONSUMER) timestamp=1265 ms, used_size=14829568 bytes (36.2%)
(RDMA_READ_CONSUME_CHECK_CONSUMER) timestamp=1265 ms, used_size=14827520 bytes (36.2%)
(RDMA_READ_CONSUME_CHECK_CONSUMER) timestamp=1265 ms, used_size=14825472 bytes (36.2%)
(RDMA_READ_CONSUME_CHECK_CONSUMER) timestamp=1265 ms, used_size=14823424 bytes (36.2%)
(RDMA_READ_CONSUME_CHECK_CONSUMER) timestamp=1265 ms, used_size=14821376 bytes (36.2%)
(RDMA_READ_CONSUME_CHECK_CONSUMER) timestamp=1265 ms, used_size=14819328 bytes (36.2%)
(RDMA_READ_CONSUME_CHECK_CONSUMER) timestamp=1265 ms, used_size=14817280 bytes (36.2%)
(RDMA_READ_CONSUME_CHECK_CONSUMER) timestamp=1265 ms, used_size=14815232 bytes (36.2%)
(RDMA_READ_CONSUME_CHECK_CONSUMER) timestamp=1265 ms, used_size=14813184 bytes (36.2%)
(RDMA_READ_CONSUME_CHECK_CONSUMER) timestamp=1265 ms, used_size=14811136 bytes (36.2%)
(RDMA_READ_CONSUME_CHECK_CONSUMER) timestamp=1265 ms, used_size=14809088 bytes (36.2%)
(RDMA_READ_CONSUME_CHECK_CONSUMER) timestamp=1265 ms, used_size=14807040 bytes (36.1%)
(RDMA_READ_CONSUME_CHECK_CONSUMER) timestamp=1265 ms, used_size=14804992 bytes (36.1%)
(RDMA_READ_CONSUME_CHECK_CONSUMER) timestamp=1265 ms, used_size=14802944 bytes (36.1%)
(RDMA_READ_CONSUME_CHECK_CONSUMER) timestamp=1265 ms, used_size=14800896 bytes (36.1%)
(RDMA_READ_CONSUME_CHECK_CONSUMER) timestamp=1265 ms, used_size=14798848 bytes (36.1%)
(RDMA_READ_CONSUME_CHECK_CONSUMER) timestamp=1266 ms, used_size=14796800 bytes (36.1%)
(RDMA_READ_CONSUME_CHECK_CONSUMER) timestamp=1266 ms, used_size=14794752 bytes (36.1%)
(RDMA_READ_CONSUME_CHECK_CONSUMER) timestamp=1266 ms, used_size=14792704 bytes (36.1%)
(RDMA_READ_CONSUME_CHECK_CONSUMER) timestamp=1266 ms, used_size=14790656 bytes (36.1%)
(RDMA_READ_CONSUME_CHECK_CONSUMER) timestamp=1266 ms, used_size=14788608 bytes (36.1%)
(RDMA_READ_CONSUME_CHECK_CONSUMER) timestamp=1266 ms, used_size=14786560 bytes (36.1%)
(RDMA_READ_CONSUME_CHECK_CONSUMER) timestamp=1266 ms, used_size=14784512 bytes (36.1%)
(RDMA_READ_CONSUME_CHECK_CONSUMER) timestamp=1266 ms, used_size=14782464 bytes (36.1%)
(RDMA_READ_CONSUME_CHECK_CONSUMER) timestamp=1266 ms, used_size=14780416 bytes (36.1%)
(RDMA_READ_CONSUME_CHECK_CONSUMER) timestamp=1266 ms, used_size=14778368 bytes (36.1%)
(RDMA_READ_CONSUME_CHECK_CONSUMER) timestamp=1266 ms, used_size=14776320 bytes (36.1%)
(RDMA_READ_CONSUME_CHECK_CONSUMER) timestamp=1266 ms, used_size=14774272 bytes (36.1%)
(RDMA_READ_CONSUME_CHECK_CONSUMER) timestamp=1266 ms, used_size=14772224 bytes (36.1%)
(RDMA_READ_CONSUME_CHECK_CONSUMER) timestamp=1266 ms, used_size=14770176 bytes (36.1%)
(RDMA_READ_CONSUME_CHECK_CONSUMER) timestamp=1266 ms, used_size=14768128 bytes (36.1%)
(RDMA_READ_CONSUME_CHECK_CONSUMER) timestamp=1266 ms, used_size=14766080 bytes (36.0%)
(RDMA_READ_CONSUME_CHECK_CONSUMER) timestamp=1266 ms, used_size=14764032 bytes (36.0%)
(RDMA_READ_CONSUME_CHECK_CONSUMER) timestamp=1266 ms, used_size=14761984 bytes (36.0%)
(RDMA_READ_CONSUME_CHECK_CONSUMER) timestamp=1266 ms, used_size=14759936 bytes (36.0%)
(RDMA_READ_CONSUME_CHECK_CONSUMER) timestamp=1266 ms, used_size=14757888 bytes (36.0%)
(RDMA_READ_CONSUME_CHECK_CONSUMER) timestamp=1266 ms, used_size=14755840 bytes (36.0%)
(RDMA_READ_CONSUME_CHECK_CONSUMER) timestamp=1266 ms, used_size=14753792 bytes (36.0%)
(RDMA_READ_CONSUME_CHECK_CONSUMER) timestamp=1266 ms, used_size=14751744 bytes (36.0%)
(RDMA_READ_CONSUME_CHECK_CONSUMER) timestamp=1266 ms, used_size=14749696 bytes (36.0%)
(RDMA_READ_CONSUME_CHECK_CONSUMER) timestamp=1266 ms, used_size=14747648 bytes (36.0%)
(RDMA_READ_CONSUME_CHECK_CONSUMER) timestamp=1266 ms, used_size=14745600 bytes (36.0%)
(RDMA_READ_CONSUME_CHECK_CONSUMER) timestamp=1266 ms, used_size=14743552 bytes (36.0%)
(RDMA_READ_CONSUME_CHECK_CONSUMER) timestamp=1266 ms, used_size=14741504 bytes (36.0%)
(RDMA_READ_CONSUME_CHECK_CONSUMER) timestamp=1266 ms, used_size=14739456 bytes (36.0%)
(RDMA_READ_CONSUME_CHECK_CONSUMER) timestamp=1266 ms, used_size=14737408 bytes (36.0%)
(RDMA_READ_CONSUME_CHECK_CONSUMER) timestamp=1266 ms, used_size=14735360 bytes (36.0%)
(RDMA_READ_CONSUME_CHECK_CONSUMER) timestamp=1266 ms, used_size=14733312 bytes (36.0%)
(RDMA_READ_CONSUME_CHECK_CONSUMER) timestamp=1266 ms, used_size=14731264 bytes (36.0%)
(RDMA_READ_CONSUME_CHECK_CONSUMER) timestamp=1266 ms, used_size=14729216 bytes (36.0%)
(RDMA_READ_CONSUME_CHECK_CONSUMER) timestamp=1266 ms, used_size=14727168 bytes (36.0%)
(RDMA_READ_CONSUME_CHECK_CONSUMER) timestamp=1266 ms, used_size=14725120 bytes (36.0%)
(RDMA_READ_CONSUME_CHECK_CONSUMER) timestamp=1266 ms, used_size=14723072 bytes (35.9%)
(RDMA_READ_CONSUME_CHECK_CONSUMER) timestamp=1266 ms, used_size=14721024 bytes (35.9%)
(RDMA_READ_CONSUME_CHECK_CONSUMER) timestamp=1266 ms, used_size=14718976 bytes (35.9%)
(RDMA_READ_CONSUME_CHECK_CONSUMER) timestamp=1266 ms, used_size=14716928 bytes (35.9%)
(RDMA_READ_CONSUME_CHECK_CONSUMER) timestamp=1266 ms, used_size=14714880 bytes (35.9%)
(RDMA_READ_CONSUME_CHECK_CONSUMER) timestamp=1266 ms, used_size=14712832 bytes (35.9%)
(RDMA_READ_CONSUME_CHECK_CONSUMER) timestamp=1266 ms, used_size=14710784 bytes (35.9%)
(RDMA_READ_CONSUME_CHECK_CONSUMER) timestamp=1266 ms, used_size=14708736 bytes (35.9%)
(RDMA_READ_CONSUME_CHECK_CONSUMER) timestamp=1266 ms, used_size=14706688 bytes (35.9%)
(RDMA_READ_CONSUME_CHECK_CONSUMER) timestamp=1266 ms, used_size=14704640 bytes (35.9%)
(RDMA_READ_CONSUME_CHECK_CONSUMER) timestamp=1266 ms, used_size=14702592 bytes (35.9%)
(RDMA_READ_CONSUME_CHECK_CONSUMER) timestamp=1266 ms, used_size=14700544 bytes (35.9%)
(RDMA_READ_CONSUME_CHECK_CONSUMER) timestamp=1266 ms, used_size=14698496 bytes (35.9%)
(RDMA_READ_CONSUME_CHECK_CONSUMER) timestamp=1266 ms, used_size=14696448 bytes (35.9%)
(RDMA_READ_CONSUME_CHECK_CONSUMER) timestamp=1266 ms, used_size=14694400 bytes (35.9%)
(RDMA_READ_CONSUME_CHECK_CONSUMER) timestamp=1266 ms, used_size=14692352 bytes (35.9%)
(RDMA_READ_CONSUME_CHECK_CONSUMER) timestamp=1266 ms, used_size=14690304 bytes (35.9%)
(RDMA_READ_CONSUME_CHECK_CONSUMER) timestamp=1266 ms, used_size=14688256 bytes (35.9%)
(RDMA_READ_CONSUME_CHECK_CONSUMER) timestamp=1266 ms, used_size=14686208 bytes (35.9%)
(RDMA_READ_CONSUME_CHECK_CONSUMER) timestamp=1266 ms, used_size=14684160 bytes (35.9%)
(RDMA_READ_CONSUME_CHECK_CONSUMER) timestamp=1266 ms, used_size=14682112 bytes (35.8%)
(RDMA_READ_CONSUME_CHECK_CONSUMER) timestamp=1266 ms, used_size=14680064 bytes (35.8%)
(RDMA_READ_CONSUME_CHECK_CONSUMER) timestamp=1266 ms, used_size=14678016 bytes (35.8%)
(RDMA_READ_CONSUME_CHECK_CONSUMER) timestamp=1266 ms, used_size=14675968 bytes (35.8%)
(RDMA_READ_CONSUME_CHECK_CONSUMER) timestamp=1266 ms, used_size=14673920 bytes (35.8%)
(RDMA_READ_CONSUME_CHECK_CONSUMER) timestamp=1266 ms, used_size=14671872 bytes (35.8%)
(RDMA_READ_CONSUME_CHECK_CONSUMER) timestamp=1266 ms, used_size=14669824 bytes (35.8%)
(RDMA_READ_CONSUME_CHECK_CONSUMER) timestamp=1266 ms, used_size=14667776 bytes (35.8%)
(RDMA_READ_CONSUME_CHECK_CONSUMER) timestamp=1266 ms, used_size=14665728 bytes (35.8%)
(RDMA_READ_CONSUME_CHECK_CONSUMER) timestamp=1266 ms, used_size=14663680 bytes (35.8%)
(RDMA_READ_CONSUME_CHECK_CONSUMER) timestamp=1266 ms, used_size=14661632 bytes (35.8%)
(RDMA_READ_CONSUME_CHECK_CONSUMER) timestamp=1266 ms, used_size=14659584 bytes (35.8%)
(RDMA_READ_CONSUME_CHECK_CONSUMER) timestamp=1266 ms, used_size=14657536 bytes (35.8%)
(RDMA_READ_CONSUME_CHECK_CONSUMER) timestamp=1266 ms, used_size=14655488 bytes (35.8%)
(RDMA_READ_CONSUME_CHECK_CONSUMER) timestamp=1266 ms, used_size=14653440 bytes (35.8%)
(RDMA_READ_CONSUME_CHECK_CONSUMER) timestamp=1266 ms, used_size=14651392 bytes (35.8%)
(RDMA_READ_CONSUME_CHECK_CONSUMER) timestamp=1266 ms, used_size=14649344 bytes (35.8%)
(RDMA_READ_CONSUME_CHECK_CONSUMER) timestamp=1266 ms, used_size=14647296 bytes (35.8%)
(RDMA_READ_CONSUME_CHECK_CONSUMER) timestamp=1266 ms, used_size=14645248 bytes (35.8%)
(RDMA_READ_CONSUME_CHECK_CONSUMER) timestamp=1266 ms, used_size=14643200 bytes (35.8%)
(RDMA_READ_CONSUME_CHECK_CONSUMER) timestamp=1266 ms, used_size=14641152 bytes (35.7%)
(RDMA_READ_CONSUME_CHECK_CONSUMER) timestamp=1266 ms, used_size=14639104 bytes (35.7%)
(RDMA_READ_CONSUME_CHECK_CONSUMER) timestamp=1266 ms, used_size=14637056 bytes (35.7%)
(RDMA_READ_CONSUME_CHECK_CONSUMER) timestamp=1266 ms, used_size=14635008 bytes (35.7%)
(RDMA_READ_CONSUME_CHECK_CONSUMER) timestamp=1266 ms, used_size=14632960 bytes (35.7%)
(RDMA_READ_CONSUME_CHECK_CONSUMER) timestamp=1266 ms, used_size=14630912 bytes (35.7%)
(RDMA_READ_CONSUME_CHECK_CONSUMER) timestamp=1266 ms, used_size=14628864 bytes (35.7%)
(RDMA_READ_CONSUME_CHECK_CONSUMER) timestamp=1266 ms, used_size=14626816 bytes (35.7%)
(RDMA_READ_CONSUME_CHECK_CONSUMER) timestamp=1266 ms, used_size=14624768 bytes (35.7%)
(RDMA_READ_CONSUME_CHECK_CONSUMER) timestamp=1266 ms, used_size=14622720 bytes (35.7%)
(RDMA_READ_CONSUME_CHECK_CONSUMER) timestamp=1266 ms, used_size=14620672 bytes (35.7%)
(RDMA_READ_CONSUME_CHECK_CONSUMER) timestamp=1266 ms, used_size=14618624 bytes (35.7%)
(RDMA_READ_CONSUME_CHECK_CONSUMER) timestamp=1266 ms, used_size=14616576 bytes (35.7%)
(RDMA_READ_CONSUME_CHECK_CONSUMER) timestamp=1266 ms, used_size=14614528 bytes (35.7%)
(RDMA_READ_CONSUME_CHECK_CONSUMER) timestamp=1266 ms, used_size=14612480 bytes (35.7%)
(RDMA_READ_CONSUME_CHECK_CONSUMER) timestamp=1266 ms, used_size=14610432 bytes (35.7%)
(RDMA_READ_CONSUME_CHECK_CONSUMER) timestamp=1266 ms, used_size=14608384 bytes (35.7%)
(RDMA_READ_CONSUME_CHECK_CONSUMER) timestamp=1266 ms, used_size=14606336 bytes (35.7%)
(RDMA_READ_CONSUME_CHECK_CONSUMER) timestamp=1266 ms, used_size=14604288 bytes (35.7%)
(RDMA_READ_CONSUME_CHECK_CONSUMER) timestamp=1266 ms, used_size=14602240 bytes (35.6%)
(RDMA_READ_CONSUME_CHECK_CONSUMER) timestamp=1266 ms, used_size=14600192 bytes (35.6%)
(RDMA_READ_CONSUME_CHECK_CONSUMER) timestamp=1266 ms, used_size=14598144 bytes (35.6%)
(RDMA_READ_CONSUME_CHECK_CONSUMER) timestamp=1266 ms, used_size=14596096 bytes (35.6%)
(RDMA_READ_CONSUME_CHECK_CONSUMER) timestamp=1266 ms, used_size=14594048 bytes (35.6%)
(RDMA_READ_CONSUME_CHECK_CONSUMER) timestamp=1266 ms, used_size=14592000 bytes (35.6%)
(RDMA_READ_CONSUME_CHECK_CONSUMER) timestamp=1266 ms, used_size=14589952 bytes (35.6%)
(RDMA_READ_CONSUME_CHECK_CONSUMER) timestamp=1266 ms, used_size=14587904 bytes (35.6%)
(RDMA_READ_CONSUME_CHECK_CONSUMER) timestamp=1266 ms, used_size=14585856 bytes (35.6%)
(RDMA_READ_CONSUME_CHECK_CONSUMER) timestamp=1266 ms, used_size=14583808 bytes (35.6%)
(RDMA_READ_CONSUME_CHECK_CONSUMER) timestamp=1266 ms, used_size=14581760 bytes (35.6%)
(RDMA_READ_CONSUME_CHECK_CONSUMER) timestamp=1266 ms, used_size=14579712 bytes (35.6%)
(RDMA_READ_CONSUME_CHECK_CONSUMER) timestamp=1266 ms, used_size=14577664 bytes (35.6%)
(RDMA_READ_CONSUME_CHECK_CONSUMER) timestamp=1266 ms, used_size=14575616 bytes (35.6%)
(RDMA_READ_CONSUME_CHECK_CONSUMER) timestamp=1266 ms, used_size=14573568 bytes (35.6%)
(RDMA_READ_CONSUME_CHECK_CONSUMER) timestamp=1266 ms, used_size=14571520 bytes (35.6%)
(RDMA_READ_CONSUME_CHECK_CONSUMER) timestamp=1266 ms, used_size=14569472 bytes (35.6%)
(RDMA_READ_CONSUME_CHECK_CONSUMER) timestamp=1266 ms, used_size=14567424 bytes (35.6%)
(RDMA_READ_CONSUME_CHECK_CONSUMER) timestamp=1266 ms, used_size=14565376 bytes (35.6%)
(RDMA_READ_CONSUME_CHECK_CONSUMER) timestamp=1266 ms, used_size=14563328 bytes (35.6%)
(RDMA_READ_CONSUME_CHECK_CONSUMER) timestamp=1266 ms, used_size=14561280 bytes (35.5%)
(RDMA_READ_CONSUME_CHECK_CONSUMER) timestamp=1266 ms, used_size=14559232 bytes (35.5%)
(RDMA_READ_CONSUME_CHECK_CONSUMER) timestamp=1266 ms, used_size=14557184 bytes (35.5%)
(RDMA_READ_CONSUME_CHECK_CONSUMER) timestamp=1266 ms, used_size=14555136 bytes (35.5%)
(RDMA_READ_CONSUME_CHECK_CONSUMER) timestamp=1266 ms, used_size=14553088 bytes (35.5%)
(RDMA_READ_CONSUME_CHECK_CONSUMER) timestamp=1266 ms, used_size=14551040 bytes (35.5%)
(RDMA_READ_CONSUME_CHECK_CONSUMER) timestamp=1266 ms, used_size=14548992 bytes (35.5%)
(RDMA_READ_CONSUME_CHECK_CONSUMER) timestamp=1266 ms, used_size=14546944 bytes (35.5%)
(RDMA_READ_CONSUME_CHECK_CONSUMER) timestamp=1266 ms, used_size=14544896 bytes (35.5%)
(RDMA_READ_CONSUME_CHECK_CONSUMER) timestamp=1266 ms, used_size=14542848 bytes (35.5%)
(RDMA_READ_CONSUME_CHECK_CONSUMER) timestamp=1266 ms, used_size=14540800 bytes (35.5%)
(RDMA_READ_CONSUME_CHECK_CONSUMER) timestamp=1266 ms, used_size=14538752 bytes (35.5%)
(RDMA_READ_CONSUME_CHECK_CONSUMER) timestamp=1266 ms, used_size=14536704 bytes (35.5%)
(RDMA_READ_CONSUME_CHECK_CONSUMER) timestamp=1266 ms, used_size=14534656 bytes (35.5%)
(RDMA_READ_CONSUME_CHECK_CONSUMER) timestamp=1266 ms, used_size=14532608 bytes (35.5%)
(RDMA_READ_CONSUME_CHECK_CONSUMER) timestamp=1266 ms, used_size=14530560 bytes (35.5%)
(RDMA_READ_CONSUME_CHECK_CONSUMER) timestamp=1266 ms, used_size=14528512 bytes (35.5%)
(RDMA_READ_CONSUME_CHECK_CONSUMER) timestamp=1266 ms, used_size=14526464 bytes (35.5%)
(RDMA_READ_CONSUME_CHECK_CONSUMER) timestamp=1266 ms, used_size=14524416 bytes (35.5%)
(RDMA_READ_CONSUME_CHECK_CONSUMER) timestamp=1266 ms, used_size=14522368 bytes (35.5%)
(RDMA_READ_CONSUME_CHECK_CONSUMER) timestamp=1266 ms, used_size=14520320 bytes (35.5%)
(RDMA_READ_CONSUME_CHECK_CONSUMER) timestamp=1266 ms, used_size=14518272 bytes (35.4%)
(RDMA_READ_CONSUME_CHECK_CONSUMER) timestamp=1266 ms, used_size=14516224 bytes (35.4%)
(RDMA_READ_CONSUME_CHECK_CONSUMER) timestamp=1266 ms, used_size=14514176 bytes (35.4%)
(RDMA_READ_CONSUME_CHECK_CONSUMER) timestamp=1266 ms, used_size=14512128 bytes (35.4%)
(RDMA_READ_CONSUME_CHECK_CONSUMER) timestamp=1266 ms, used_size=14510080 bytes (35.4%)
(RDMA_READ_CONSUME_CHECK_CONSUMER) timestamp=1266 ms, used_size=14508032 bytes (35.4%)
(RDMA_READ_CONSUME_CHECK_CONSUMER) timestamp=1266 ms, used_size=14505984 bytes (35.4%)
(RDMA_READ_CONSUME_CHECK_CONSUMER) timestamp=1266 ms, used_size=14503936 bytes (35.4%)
(RDMA_READ_CONSUME_CHECK_CONSUMER) timestamp=1266 ms, used_size=14501888 bytes (35.4%)
(RDMA_READ_CONSUME_CHECK_CONSUMER) timestamp=1266 ms, used_size=14499840 bytes (35.4%)
(RDMA_READ_CONSUME_CHECK_CONSUMER) timestamp=1266 ms, used_size=14497792 bytes (35.4%)
(RDMA_READ_CONSUME_CHECK_CONSUMER) timestamp=1266 ms, used_size=14495744 bytes (35.4%)
(RDMA_READ_CONSUME_CHECK_CONSUMER) timestamp=1266 ms, used_size=14493696 bytes (35.4%)
(RDMA_READ_CONSUME_CHECK_CONSUMER) timestamp=1266 ms, used_size=14491648 bytes (35.4%)
(RDMA_READ_CONSUME_CHECK_CONSUMER) timestamp=1266 ms, used_size=14489600 bytes (35.4%)
(RDMA_READ_CONSUME_CHECK_CONSUMER) timestamp=1266 ms, used_size=14487552 bytes (35.4%)
(RDMA_READ_CONSUME_CHECK_CONSUMER) timestamp=1266 ms, used_size=14485504 bytes (35.4%)
(RDMA_READ_CONSUME_CHECK_CONSUMER) timestamp=1266 ms, used_size=14483456 bytes (35.4%)
(RDMA_READ_CONSUME_CHECK_CONSUMER) timestamp=1266 ms, used_size=14481408 bytes (35.4%)
(RDMA_READ_CONSUME_CHECK_CONSUMER) timestamp=1266 ms, used_size=14479360 bytes (35.4%)
(RDMA_READ_CONSUME_CHECK_CONSUMER) timestamp=1266 ms, used_size=14477312 bytes (35.3%)
(RDMA_READ_CONSUME_CHECK_CONSUMER) timestamp=1266 ms, used_size=14475264 bytes (35.3%)
(RDMA_READ_CONSUME_CHECK_CONSUMER) timestamp=1266 ms, used_size=14473216 bytes (35.3%)
(RDMA_READ_CONSUME_CHECK_CONSUMER) timestamp=1266 ms, used_size=14471168 bytes (35.3%)
(RDMA_READ_CONSUME_CHECK_CONSUMER) timestamp=1266 ms, used_size=14469120 bytes (35.3%)
(RDMA_READ_CONSUME_CHECK_CONSUMER) timestamp=1266 ms, used_size=14467072 bytes (35.3%)
(RDMA_READ_CONSUME_CHECK_CONSUMER) timestamp=1266 ms, used_size=14465024 bytes (35.3%)
(RDMA_READ_CONSUME_CHECK_CONSUMER) timestamp=1266 ms, used_size=14462976 bytes (35.3%)
(RDMA_READ_CONSUME_CHECK_CONSUMER) timestamp=1266 ms, used_size=14460928 bytes (35.3%)
(RDMA_READ_CONSUME_CHECK_CONSUMER) timestamp=1266 ms, used_size=14458880 bytes (35.3%)
(RDMA_READ_CONSUME_CHECK_CONSUMER) timestamp=1266 ms, used_size=14456832 bytes (35.3%)
(RDMA_READ_CONSUME_CHECK_CONSUMER) timestamp=1266 ms, used_size=14454784 bytes (35.3%)
(RDMA_READ_CONSUME_CHECK_CONSUMER) timestamp=1266 ms, used_size=14452736 bytes (35.3%)
(RDMA_READ_CONSUME_CHECK_CONSUMER) timestamp=1266 ms, used_size=14450688 bytes (35.3%)
(RDMA_READ_CONSUME_CHECK_CONSUMER) timestamp=1266 ms, used_size=14448640 bytes (35.3%)
(RDMA_READ_CONSUME_CHECK_CONSUMER) timestamp=1266 ms, used_size=14446592 bytes (35.3%)
(RDMA_READ_CONSUME_CHECK_CONSUMER) timestamp=1266 ms, used_size=14444544 bytes (35.3%)
(RDMA_READ_CONSUME_CHECK_CONSUMER) timestamp=1266 ms, used_size=14442496 bytes (35.3%)
(RDMA_READ_CONSUME_CHECK_CONSUMER) timestamp=1266 ms, used_size=14440448 bytes (35.3%)
(RDMA_READ_CONSUME_CHECK_CONSUMER) timestamp=1266 ms, used_size=14438400 bytes (35.2%)
(RDMA_READ_CONSUME_CHECK_CONSUMER) timestamp=1266 ms, used_size=14436352 bytes (35.2%)
(RDMA_READ_CONSUME_CHECK_CONSUMER) timestamp=1266 ms, used_size=14434304 bytes (35.2%)
(RDMA_READ_CONSUME_CHECK_CONSUMER) timestamp=1266 ms, used_size=14432256 bytes (35.2%)
(RDMA_READ_CONSUME_CHECK_CONSUMER) timestamp=1266 ms, used_size=14430208 bytes (35.2%)
(RDMA_READ_CONSUME_CHECK_CONSUMER) timestamp=1267 ms, used_size=14428160 bytes (35.2%)
(RDMA_READ_CONSUME_CHECK_CONSUMER) timestamp=1267 ms, used_size=14426112 bytes (35.2%)
(RDMA_READ_CONSUME_CHECK_CONSUMER) timestamp=1267 ms, used_size=14424064 bytes (35.2%)
(RDMA_READ_CONSUME_CHECK_CONSUMER) timestamp=1267 ms, used_size=14422016 bytes (35.2%)
(RDMA_READ_CONSUME_CHECK_CONSUMER) timestamp=1267 ms, used_size=14419968 bytes (35.2%)
(RDMA_READ_CONSUME_CHECK_CONSUMER) timestamp=1267 ms, used_size=14417920 bytes (35.2%)
(RDMA_READ_CONSUME_CHECK_CONSUMER) timestamp=1267 ms, used_size=14415872 bytes (35.2%)
(RDMA_READ_CONSUME_CHECK_CONSUMER) timestamp=1267 ms, used_size=14413824 bytes (35.2%)
(RDMA_READ_CONSUME_CHECK_CONSUMER) timestamp=1267 ms, used_size=14411776 bytes (35.2%)
(RDMA_READ_CONSUME_CHECK_CONSUMER) timestamp=1267 ms, used_size=14409728 bytes (35.2%)
(RDMA_READ_CONSUME_CHECK_CONSUMER) timestamp=1267 ms, used_size=14407680 bytes (35.2%)
(RDMA_READ_CONSUME_CHECK_CONSUMER) timestamp=1267 ms, used_size=14405632 bytes (35.2%)
(RDMA_READ_CONSUME_CHECK_CONSUMER) timestamp=1267 ms, used_size=14403584 bytes (35.2%)
(RDMA_READ_CONSUME_CHECK_CONSUMER) timestamp=1267 ms, used_size=14401536 bytes (35.2%)
(RDMA_READ_CONSUME_CHECK_CONSUMER) timestamp=1267 ms, used_size=14399488 bytes (35.2%)
(RDMA_READ_CONSUME_CHECK_CONSUMER) timestamp=1267 ms, used_size=14397440 bytes (35.1%)
(RDMA_READ_CONSUME_CHECK_CONSUMER) timestamp=1267 ms, used_size=14395392 bytes (35.1%)
(RDMA_READ_CONSUME_CHECK_CONSUMER) timestamp=1267 ms, used_size=14393344 bytes (35.1%)
(RDMA_READ_CONSUME_CHECK_CONSUMER) timestamp=1267 ms, used_size=14391296 bytes (35.1%)
(RDMA_READ_CONSUME_CHECK_CONSUMER) timestamp=1267 ms, used_size=14389248 bytes (35.1%)
(RDMA_READ_CONSUME_CHECK_CONSUMER) timestamp=1267 ms, used_size=14387200 bytes (35.1%)
(RDMA_READ_CONSUME_CHECK_CONSUMER) timestamp=1267 ms, used_size=14385152 bytes (35.1%)
(RDMA_READ_CONSUME_CHECK_CONSUMER) timestamp=1267 ms, used_size=14383104 bytes (35.1%)
(RDMA_READ_CONSUME_CHECK_CONSUMER) timestamp=1267 ms, used_size=14381056 bytes (35.1%)
(RDMA_READ_CONSUME_CHECK_CONSUMER) timestamp=1267 ms, used_size=14379008 bytes (35.1%)
(RDMA_READ_CONSUME_CHECK_CONSUMER) timestamp=1267 ms, used_size=14376960 bytes (35.1%)
(RDMA_READ_CONSUME_CHECK_CONSUMER) timestamp=1267 ms, used_size=14374912 bytes (35.1%)
(RDMA_READ_CONSUME_CHECK_CONSUMER) timestamp=1267 ms, used_size=14372864 bytes (35.1%)
(RDMA_READ_CONSUME_CHECK_CONSUMER) timestamp=1267 ms, used_size=14370816 bytes (35.1%)
(RDMA_READ_CONSUME_CHECK_CONSUMER) timestamp=1267 ms, used_size=14368768 bytes (35.1%)
(RDMA_READ_CONSUME_CHECK_CONSUMER) timestamp=1267 ms, used_size=14366720 bytes (35.1%)
(RDMA_READ_CONSUME_CHECK_CONSUMER) timestamp=1267 ms, used_size=14364672 bytes (35.1%)
(RDMA_READ_CONSUME_CHECK_CONSUMER) timestamp=1267 ms, used_size=14362624 bytes (35.1%)
(RDMA_READ_CONSUME_CHECK_CONSUMER) timestamp=1267 ms, used_size=14360576 bytes (35.1%)
(RDMA_READ_CONSUME_CHECK_CONSUMER) timestamp=1267 ms, used_size=14358528 bytes (35.1%)
(RDMA_READ_CONSUME_CHECK_CONSUMER) timestamp=1267 ms, used_size=14356480 bytes (35.0%)
(RDMA_READ_CONSUME_CHECK_CONSUMER) timestamp=1267 ms, used_size=14354432 bytes (35.0%)
(RDMA_READ_CONSUME_CHECK_CONSUMER) timestamp=1267 ms, used_size=14352384 bytes (35.0%)
(RDMA_READ_CONSUME_CHECK_CONSUMER) timestamp=1267 ms, used_size=14350336 bytes (35.0%)
(RDMA_READ_CONSUME_CHECK_CONSUMER) timestamp=1267 ms, used_size=14348288 bytes (35.0%)
(RDMA_READ_CONSUME_CHECK_CONSUMER) timestamp=1267 ms, used_size=14346240 bytes (35.0%)
(RDMA_READ_CONSUME_CHECK_CONSUMER) timestamp=1267 ms, used_size=14344192 bytes (35.0%)
(RDMA_READ_CONSUME_CHECK_CONSUMER) timestamp=1267 ms, used_size=14342144 bytes (35.0%)
(RDMA_READ_CONSUME_CHECK_CONSUMER) timestamp=1267 ms, used_size=14340096 bytes (35.0%)
(RDMA_READ_CONSUME_CHECK_CONSUMER) timestamp=1267 ms, used_size=14338048 bytes (35.0%)
(RDMA_READ_CONSUME_CHECK_CONSUMER) timestamp=1267 ms, used_size=14336000 bytes (35.0%)
(RDMA_READ_CONSUME_CHECK_CONSUMER) timestamp=1267 ms, used_size=14333952 bytes (35.0%)
(RDMA_READ_CONSUME_CHECK_CONSUMER) timestamp=1267 ms, used_size=14331904 bytes (35.0%)
(RDMA_READ_CONSUME_CHECK_CONSUMER) timestamp=1267 ms, used_size=14329856 bytes (35.0%)
(RDMA_READ_CONSUME_CHECK_CONSUMER) timestamp=1267 ms, used_size=14327808 bytes (35.0%)
(RDMA_READ_CONSUME_CHECK_CONSUMER) timestamp=1267 ms, used_size=14325760 bytes (35.0%)
(RDMA_READ_CONSUME_CHECK_CONSUMER) timestamp=1267 ms, used_size=14323712 bytes (35.0%)
(RDMA_READ_CONSUME_CHECK_CONSUMER) timestamp=1267 ms, used_size=14321664 bytes (35.0%)
(RDMA_READ_CONSUME_CHECK_CONSUMER) timestamp=1267 ms, used_size=14319616 bytes (35.0%)
(RDMA_READ_CONSUME_CHECK_CONSUMER) timestamp=1267 ms, used_size=14317568 bytes (35.0%)
(RDMA_READ_CONSUME_CHECK_CONSUMER) timestamp=1267 ms, used_size=14315520 bytes (35.0%)
(RDMA_READ_CONSUME_CHECK_CONSUMER) timestamp=1267 ms, used_size=14313472 bytes (34.9%)
(RDMA_READ_CONSUME_CHECK_CONSUMER) timestamp=1267 ms, used_size=14311424 bytes (34.9%)
(RDMA_READ_CONSUME_CHECK_CONSUMER) timestamp=1267 ms, used_size=14309376 bytes (34.9%)
(RDMA_READ_CONSUME_CHECK_CONSUMER) timestamp=1267 ms, used_size=14307328 bytes (34.9%)
(RDMA_READ_CONSUME_CHECK_CONSUMER) timestamp=1267 ms, used_size=14305280 bytes (34.9%)
(RDMA_READ_CONSUME_CHECK_CONSUMER) timestamp=1267 ms, used_size=14303232 bytes (34.9%)
(RDMA_READ_CONSUME_CHECK_CONSUMER) timestamp=1267 ms, used_size=14301184 bytes (34.9%)
(RDMA_READ_CONSUME_CHECK_CONSUMER) timestamp=1267 ms, used_size=14299136 bytes (34.9%)
(RDMA_READ_CONSUME_CHECK_CONSUMER) timestamp=1267 ms, used_size=14297088 bytes (34.9%)
(RDMA_READ_CONSUME_CHECK_CONSUMER) timestamp=1267 ms, used_size=14295040 bytes (34.9%)
(RDMA_READ_CONSUME_CHECK_CONSUMER) timestamp=1267 ms, used_size=14292992 bytes (34.9%)
(RDMA_READ_CONSUME_CHECK_CONSUMER) timestamp=1267 ms, used_size=14290944 bytes (34.9%)
(RDMA_READ_CONSUME_CHECK_CONSUMER) timestamp=1267 ms, used_size=14288896 bytes (34.9%)
(RDMA_READ_CONSUME_CHECK_CONSUMER) timestamp=1267 ms, used_size=14286848 bytes (34.9%)
(RDMA_READ_CONSUME_CHECK_CONSUMER) timestamp=1267 ms, used_size=14284800 bytes (34.9%)
(RDMA_READ_CONSUME_CHECK_CONSUMER) timestamp=1267 ms, used_size=14282752 bytes (34.9%)
(RDMA_READ_CONSUME_CHECK_CONSUMER) timestamp=1267 ms, used_size=14280704 bytes (34.9%)
(RDMA_READ_CONSUME_CHECK_CONSUMER) timestamp=1267 ms, used_size=14278656 bytes (34.9%)
(RDMA_READ_CONSUME_CHECK_CONSUMER) timestamp=1267 ms, used_size=14276608 bytes (34.9%)
(RDMA_READ_CONSUME_CHECK_CONSUMER) timestamp=1267 ms, used_size=14274560 bytes (34.9%)
(RDMA_READ_CONSUME_CHECK_CONSUMER) timestamp=1267 ms, used_size=14272512 bytes (34.8%)
(RDMA_READ_CONSUME_CHECK_CONSUMER) timestamp=1267 ms, used_size=14270464 bytes (34.8%)
(RDMA_READ_CONSUME_CHECK_CONSUMER) timestamp=1267 ms, used_size=14268416 bytes (34.8%)
(RDMA_READ_CONSUME_CHECK_CONSUMER) timestamp=1267 ms, used_size=14266368 bytes (34.8%)
(RDMA_READ_CONSUME_CHECK_CONSUMER) timestamp=1267 ms, used_size=14264320 bytes (34.8%)
(RDMA_READ_CONSUME_CHECK_CONSUMER) timestamp=1267 ms, used_size=14262272 bytes (34.8%)
(RDMA_READ_CONSUME_CHECK_CONSUMER) timestamp=1267 ms, used_size=14260224 bytes (34.8%)
(RDMA_READ_CONSUME_CHECK_CONSUMER) timestamp=1267 ms, used_size=14258176 bytes (34.8%)
(RDMA_READ_CONSUME_CHECK_CONSUMER) timestamp=1267 ms, used_size=14256128 bytes (34.8%)
(RDMA_READ_CONSUME_CHECK_CONSUMER) timestamp=1267 ms, used_size=14254080 bytes (34.8%)
(RDMA_READ_CONSUME_CHECK_CONSUMER) timestamp=1267 ms, used_size=14252032 bytes (34.8%)
(RDMA_READ_CONSUME_CHECK_CONSUMER) timestamp=1267 ms, used_size=14249984 bytes (34.8%)
(RDMA_READ_CONSUME_CHECK_CONSUMER) timestamp=1267 ms, used_size=14247936 bytes (34.8%)
(RDMA_READ_CONSUME_CHECK_CONSUMER) timestamp=1267 ms, used_size=14245888 bytes (34.8%)
(RDMA_READ_CONSUME_CHECK_CONSUMER) timestamp=1267 ms, used_size=14243840 bytes (34.8%)
(RDMA_READ_CONSUME_CHECK_CONSUMER) timestamp=1267 ms, used_size=14241792 bytes (34.8%)
(RDMA_READ_CONSUME_CHECK_CONSUMER) timestamp=1267 ms, used_size=14239744 bytes (34.8%)
(RDMA_READ_CONSUME_CHECK_CONSUMER) timestamp=1267 ms, used_size=14237696 bytes (34.8%)
(RDMA_READ_CONSUME_CHECK_CONSUMER) timestamp=1267 ms, used_size=14235648 bytes (34.8%)
(RDMA_READ_CONSUME_CHECK_CONSUMER) timestamp=1267 ms, used_size=14233600 bytes (34.8%)
(RDMA_READ_CONSUME_CHECK_CONSUMER) timestamp=1267 ms, used_size=14231552 bytes (34.7%)
(RDMA_READ_CONSUME_CHECK_CONSUMER) timestamp=1267 ms, used_size=14229504 bytes (34.7%)
(RDMA_READ_CONSUME_CHECK_CONSUMER) timestamp=1267 ms, used_size=14227456 bytes (34.7%)
(RDMA_READ_CONSUME_CHECK_CONSUMER) timestamp=1267 ms, used_size=14225408 bytes (34.7%)
(RDMA_READ_CONSUME_CHECK_CONSUMER) timestamp=1267 ms, used_size=14223360 bytes (34.7%)
(RDMA_READ_CONSUME_CHECK_CONSUMER) timestamp=1267 ms, used_size=14221312 bytes (34.7%)
(RDMA_READ_CONSUME_CHECK_CONSUMER) timestamp=1267 ms, used_size=14219264 bytes (34.7%)
(RDMA_READ_CONSUME_CHECK_CONSUMER) timestamp=1267 ms, used_size=14217216 bytes (34.7%)
(RDMA_READ_CONSUME_CHECK_CONSUMER) timestamp=1267 ms, used_size=14215168 bytes (34.7%)
(RDMA_READ_CONSUME_CHECK_CONSUMER) timestamp=1267 ms, used_size=14213120 bytes (34.7%)
(RDMA_READ_CONSUME_CHECK_CONSUMER) timestamp=1267 ms, used_size=14211072 bytes (34.7%)
(RDMA_READ_CONSUME_CHECK_CONSUMER) timestamp=1267 ms, used_size=14209024 bytes (34.7%)
(RDMA_READ_CONSUME_CHECK_CONSUMER) timestamp=1267 ms, used_size=14206976 bytes (34.7%)
(RDMA_READ_CONSUME_CHECK_CONSUMER) timestamp=1267 ms, used_size=14204928 bytes (34.7%)
(RDMA_READ_CONSUME_CHECK_CONSUMER) timestamp=1267 ms, used_size=14202880 bytes (34.7%)
(RDMA_READ_CONSUME_CHECK_CONSUMER) timestamp=1267 ms, used_size=14200832 bytes (34.7%)
(RDMA_READ_CONSUME_CHECK_CONSUMER) timestamp=1267 ms, used_size=14198784 bytes (34.7%)
(RDMA_READ_CONSUME_CHECK_CONSUMER) timestamp=1267 ms, used_size=14196736 bytes (34.7%)
(RDMA_READ_CONSUME_CHECK_CONSUMER) timestamp=1267 ms, used_size=14194688 bytes (34.7%)
(RDMA_READ_CONSUME_CHECK_CONSUMER) timestamp=1267 ms, used_size=14192640 bytes (34.6%)
(RDMA_READ_CONSUME_CHECK_CONSUMER) timestamp=1267 ms, used_size=14190592 bytes (34.6%)
(RDMA_READ_CONSUME_CHECK_CONSUMER) timestamp=1267 ms, used_size=14188544 bytes (34.6%)
(RDMA_READ_CONSUME_CHECK_CONSUMER) timestamp=1267 ms, used_size=14186496 bytes (34.6%)
(RDMA_READ_CONSUME_CHECK_CONSUMER) timestamp=1267 ms, used_size=14184448 bytes (34.6%)
(RDMA_READ_CONSUME_CHECK_CONSUMER) timestamp=1267 ms, used_size=14182400 bytes (34.6%)
(RDMA_READ_CONSUME_CHECK_CONSUMER) timestamp=1267 ms, used_size=14180352 bytes (34.6%)
(RDMA_READ_CONSUME_CHECK_CONSUMER) timestamp=1267 ms, used_size=14178304 bytes (34.6%)
(RDMA_READ_CONSUME_CHECK_CONSUMER) timestamp=1267 ms, used_size=14176256 bytes (34.6%)
(RDMA_READ_CONSUME_CHECK_CONSUMER) timestamp=1267 ms, used_size=14174208 bytes (34.6%)
(RDMA_READ_CONSUME_CHECK_CONSUMER) timestamp=1267 ms, used_size=14172160 bytes (34.6%)
(RDMA_READ_CONSUME_CHECK_CONSUMER) timestamp=1267 ms, used_size=14170112 bytes (34.6%)
(RDMA_READ_CONSUME_CHECK_CONSUMER) timestamp=1267 ms, used_size=14168064 bytes (34.6%)
(RDMA_READ_CONSUME_CHECK_CONSUMER) timestamp=1267 ms, used_size=14166016 bytes (34.6%)
(RDMA_READ_CONSUME_CHECK_CONSUMER) timestamp=1267 ms, used_size=14163968 bytes (34.6%)
(RDMA_READ_CONSUME_CHECK_CONSUMER) timestamp=1267 ms, used_size=14161920 bytes (34.6%)
(RDMA_READ_CONSUME_CHECK_CONSUMER) timestamp=1267 ms, used_size=14159872 bytes (34.6%)
(RDMA_READ_CONSUME_CHECK_CONSUMER) timestamp=1267 ms, used_size=14157824 bytes (34.6%)
(RDMA_READ_CONSUME_CHECK_CONSUMER) timestamp=1267 ms, used_size=14155776 bytes (34.6%)
(RDMA_READ_CONSUME_CHECK_CONSUMER) timestamp=1267 ms, used_size=14153728 bytes (34.6%)
(RDMA_READ_CONSUME_CHECK_CONSUMER) timestamp=1267 ms, used_size=14151680 bytes (34.5%)
(RDMA_READ_CONSUME_CHECK_CONSUMER) timestamp=1267 ms, used_size=14149632 bytes (34.5%)
(RDMA_READ_CONSUME_CHECK_CONSUMER) timestamp=1267 ms, used_size=14147584 bytes (34.5%)
(RDMA_READ_CONSUME_CHECK_CONSUMER) timestamp=1267 ms, used_size=14145536 bytes (34.5%)
(RDMA_READ_CONSUME_CHECK_CONSUMER) timestamp=1267 ms, used_size=14143488 bytes (34.5%)
(RDMA_READ_CONSUME_CHECK_CONSUMER) timestamp=1267 ms, used_size=14141440 bytes (34.5%)
(RDMA_READ_CONSUME_CHECK_CONSUMER) timestamp=1267 ms, used_size=14139392 bytes (34.5%)
(RDMA_READ_CONSUME_CHECK_CONSUMER) timestamp=1267 ms, used_size=14137344 bytes (34.5%)
(RDMA_READ_CONSUME_CHECK_CONSUMER) timestamp=1267 ms, used_size=14135296 bytes (34.5%)
(RDMA_READ_CONSUME_CHECK_CONSUMER) timestamp=1267 ms, used_size=14133248 bytes (34.5%)
(RDMA_READ_CONSUME_CHECK_CONSUMER) timestamp=1267 ms, used_size=14131200 bytes (34.5%)
(RDMA_READ_CONSUME_CHECK_CONSUMER) timestamp=1267 ms, used_size=14129152 bytes (34.5%)
(RDMA_READ_CONSUME_CHECK_CONSUMER) timestamp=1267 ms, used_size=14127104 bytes (34.5%)
(RDMA_READ_CONSUME_CHECK_CONSUMER) timestamp=1267 ms, used_size=14125056 bytes (34.5%)
(RDMA_READ_CONSUME_CHECK_CONSUMER) timestamp=1267 ms, used_size=14123008 bytes (34.5%)
(RDMA_READ_CONSUME_CHECK_CONSUMER) timestamp=1267 ms, used_size=14120960 bytes (34.5%)
(RDMA_READ_CONSUME_CHECK_CONSUMER) timestamp=1267 ms, used_size=14118912 bytes (34.5%)
(RDMA_READ_CONSUME_CHECK_CONSUMER) timestamp=1267 ms, used_size=14116864 bytes (34.5%)
(RDMA_READ_CONSUME_CHECK_CONSUMER) timestamp=1267 ms, used_size=14114816 bytes (34.5%)
(RDMA_READ_CONSUME_CHECK_CONSUMER) timestamp=1267 ms, used_size=14112768 bytes (34.5%)
(RDMA_READ_CONSUME_CHECK_CONSUMER) timestamp=1267 ms, used_size=14110720 bytes (34.5%)
(RDMA_READ_CONSUME_CHECK_CONSUMER) timestamp=1267 ms, used_size=14108672 bytes (34.4%)
(RDMA_READ_CONSUME_CHECK_CONSUMER) timestamp=1267 ms, used_size=14106624 bytes (34.4%)
(RDMA_READ_CONSUME_CHECK_CONSUMER) timestamp=1267 ms, used_size=14104576 bytes (34.4%)
(RDMA_READ_CONSUME_CHECK_CONSUMER) timestamp=1267 ms, used_size=14102528 bytes (34.4%)
(RDMA_READ_CONSUME_CHECK_CONSUMER) timestamp=1267 ms, used_size=14100480 bytes (34.4%)
(RDMA_READ_CONSUME_CHECK_CONSUMER) timestamp=1267 ms, used_size=14098432 bytes (34.4%)
(RDMA_READ_CONSUME_CHECK_CONSUMER) timestamp=1267 ms, used_size=14096384 bytes (34.4%)
(RDMA_READ_CONSUME_CHECK_CONSUMER) timestamp=1267 ms, used_size=14094336 bytes (34.4%)
(RDMA_READ_CONSUME_CHECK_CONSUMER) timestamp=1267 ms, used_size=14092288 bytes (34.4%)
(RDMA_READ_CONSUME_CHECK_CONSUMER) timestamp=1267 ms, used_size=14090240 bytes (34.4%)
(RDMA_READ_CONSUME_CHECK_CONSUMER) timestamp=1267 ms, used_size=14088192 bytes (34.4%)
(RDMA_READ_CONSUME_CHECK_CONSUMER) timestamp=1267 ms, used_size=14086144 bytes (34.4%)
(RDMA_READ_CONSUME_CHECK_CONSUMER) timestamp=1267 ms, used_size=14084096 bytes (34.4%)
(RDMA_READ_CONSUME_CHECK_CONSUMER) timestamp=1267 ms, used_size=14082048 bytes (34.4%)
(RDMA_READ_CONSUME_CHECK_CONSUMER) timestamp=1267 ms, used_size=14080000 bytes (34.4%)
(RDMA_READ_CONSUME_CHECK_CONSUMER) timestamp=1267 ms, used_size=14077952 bytes (34.4%)
(RDMA_READ_CONSUME_CHECK_CONSUMER) timestamp=1267 ms, used_size=14075904 bytes (34.4%)
(RDMA_READ_CONSUME_CHECK_CONSUMER) timestamp=1267 ms, used_size=14073856 bytes (34.4%)
(RDMA_READ_CONSUME_CHECK_CONSUMER) timestamp=1267 ms, used_size=14071808 bytes (34.4%)
(RDMA_READ_CONSUME_CHECK_CONSUMER) timestamp=1267 ms, used_size=14069760 bytes (34.4%)
(RDMA_READ_CONSUME_CHECK_CONSUMER) timestamp=1267 ms, used_size=14067712 bytes (34.3%)
(RDMA_READ_CONSUME_CHECK_CONSUMER) timestamp=1267 ms, used_size=14065664 bytes (34.3%)
(RDMA_READ_CONSUME_CHECK_CONSUMER) timestamp=1267 ms, used_size=14063616 bytes (34.3%)
(RDMA_READ_CONSUME_CHECK_CONSUMER) timestamp=1267 ms, used_size=14061568 bytes (34.3%)
(RDMA_READ_CONSUME_CHECK_CONSUMER) timestamp=1267 ms, used_size=14059520 bytes (34.3%)
(RDMA_READ_CONSUME_CHECK_CONSUMER) timestamp=1267 ms, used_size=14057472 bytes (34.3%)
(RDMA_READ_CONSUME_CHECK_CONSUMER) timestamp=1267 ms, used_size=14055424 bytes (34.3%)
(RDMA_READ_CONSUME_CHECK_CONSUMER) timestamp=1267 ms, used_size=14053376 bytes (34.3%)
(RDMA_READ_CONSUME_CHECK_CONSUMER) timestamp=1267 ms, used_size=14051328 bytes (34.3%)
(RDMA_READ_CONSUME_CHECK_CONSUMER) timestamp=1268 ms, used_size=14049280 bytes (34.3%)
(RDMA_READ_CONSUME_CHECK_CONSUMER) timestamp=1268 ms, used_size=14047232 bytes (34.3%)
(RDMA_READ_CONSUME_CHECK_CONSUMER) timestamp=1268 ms, used_size=14045184 bytes (34.3%)
(RDMA_READ_CONSUME_CHECK_CONSUMER) timestamp=1268 ms, used_size=14043136 bytes (34.3%)
(RDMA_READ_CONSUME_CHECK_CONSUMER) timestamp=1268 ms, used_size=14041088 bytes (34.3%)
(RDMA_READ_CONSUME_CHECK_CONSUMER) timestamp=1268 ms, used_size=14039040 bytes (34.3%)
(RDMA_READ_CONSUME_CHECK_CONSUMER) timestamp=1268 ms, used_size=14036992 bytes (34.3%)
(RDMA_READ_CONSUME_CHECK_CONSUMER) timestamp=1268 ms, used_size=14034944 bytes (34.3%)
(RDMA_READ_CONSUME_CHECK_CONSUMER) timestamp=1268 ms, used_size=14032896 bytes (34.3%)
(RDMA_READ_CONSUME_CHECK_CONSUMER) timestamp=1268 ms, used_size=14030848 bytes (34.3%)
(RDMA_READ_CONSUME_CHECK_CONSUMER) timestamp=1268 ms, used_size=14028800 bytes (34.2%)
(RDMA_READ_CONSUME_CHECK_CONSUMER) timestamp=1268 ms, used_size=14026752 bytes (34.2%)
(RDMA_READ_CONSUME_CHECK_CONSUMER) timestamp=1268 ms, used_size=14024704 bytes (34.2%)
(RDMA_READ_CONSUME_CHECK_CONSUMER) timestamp=1268 ms, used_size=14022656 bytes (34.2%)
(RDMA_READ_CONSUME_CHECK_CONSUMER) timestamp=1268 ms, used_size=14020608 bytes (34.2%)
(RDMA_READ_CONSUME_CHECK_CONSUMER) timestamp=1268 ms, used_size=14018560 bytes (34.2%)
(RDMA_READ_CONSUME_CHECK_CONSUMER) timestamp=1268 ms, used_size=14016512 bytes (34.2%)
(RDMA_READ_CONSUME_CHECK_CONSUMER) timestamp=1268 ms, used_size=14014464 bytes (34.2%)
(RDMA_READ_CONSUME_CHECK_CONSUMER) timestamp=1268 ms, used_size=14012416 bytes (34.2%)
(RDMA_READ_CONSUME_CHECK_CONSUMER) timestamp=1268 ms, used_size=14010368 bytes (34.2%)
(RDMA_READ_CONSUME_CHECK_CONSUMER) timestamp=1268 ms, used_size=14008320 bytes (34.2%)
(RDMA_READ_CONSUME_CHECK_CONSUMER) timestamp=1268 ms, used_size=14006272 bytes (34.2%)
(RDMA_READ_CONSUME_CHECK_CONSUMER) timestamp=1268 ms, used_size=14004224 bytes (34.2%)
(RDMA_READ_CONSUME_CHECK_CONSUMER) timestamp=1268 ms, used_size=14002176 bytes (34.2%)
(RDMA_READ_CONSUME_CHECK_CONSUMER) timestamp=1268 ms, used_size=14000128 bytes (34.2%)
(RDMA_READ_CONSUME_CHECK_CONSUMER) timestamp=1268 ms, used_size=13998080 bytes (34.2%)
(RDMA_READ_CONSUME_CHECK_CONSUMER) timestamp=1268 ms, used_size=13996032 bytes (34.2%)
(RDMA_READ_CONSUME_CHECK_CONSUMER) timestamp=1268 ms, used_size=13993984 bytes (34.2%)
(RDMA_READ_CONSUME_CHECK_CONSUMER) timestamp=1268 ms, used_size=13991936 bytes (34.2%)
(RDMA_READ_CONSUME_CHECK_CONSUMER) timestamp=1268 ms, used_size=13989888 bytes (34.2%)
(RDMA_READ_CONSUME_CHECK_CONSUMER) timestamp=1268 ms, used_size=13987840 bytes (34.1%)
(RDMA_READ_CONSUME_CHECK_CONSUMER) timestamp=1268 ms, used_size=13985792 bytes (34.1%)
(RDMA_READ_CONSUME_CHECK_CONSUMER) timestamp=1268 ms, used_size=13983744 bytes (34.1%)
(RDMA_READ_CONSUME_CHECK_CONSUMER) timestamp=1268 ms, used_size=13981696 bytes (34.1%)
(RDMA_READ_CONSUME_CHECK_CONSUMER) timestamp=1268 ms, used_size=13979648 bytes (34.1%)
(RDMA_READ_CONSUME_CHECK_CONSUMER) timestamp=1268 ms, used_size=13977600 bytes (34.1%)
(RDMA_READ_CONSUME_CHECK_CONSUMER) timestamp=1268 ms, used_size=13975552 bytes (34.1%)
(RDMA_READ_CONSUME_CHECK_CONSUMER) timestamp=1268 ms, used_size=13973504 bytes (34.1%)
(RDMA_READ_CONSUME_CHECK_CONSUMER) timestamp=1268 ms, used_size=13971456 bytes (34.1%)
(RDMA_READ_CONSUME_CHECK_CONSUMER) timestamp=1268 ms, used_size=13969408 bytes (34.1%)
(RDMA_READ_CONSUME_CHECK_CONSUMER) timestamp=1268 ms, used_size=13967360 bytes (34.1%)
(RDMA_READ_CONSUME_CHECK_CONSUMER) timestamp=1268 ms, used_size=13965312 bytes (34.1%)
(RDMA_READ_CONSUME_CHECK_CONSUMER) timestamp=1268 ms, used_size=13963264 bytes (34.1%)
(RDMA_READ_CONSUME_CHECK_CONSUMER) timestamp=1268 ms, used_size=13961216 bytes (34.1%)
(RDMA_READ_CONSUME_CHECK_CONSUMER) timestamp=1268 ms, used_size=13959168 bytes (34.1%)
(RDMA_READ_CONSUME_CHECK_CONSUMER) timestamp=1268 ms, used_size=13957120 bytes (34.1%)
(RDMA_READ_CONSUME_CHECK_CONSUMER) timestamp=1268 ms, used_size=13955072 bytes (34.1%)
(RDMA_READ_CONSUME_CHECK_CONSUMER) timestamp=1268 ms, used_size=13953024 bytes (34.1%)
(RDMA_READ_CONSUME_CHECK_CONSUMER) timestamp=1268 ms, used_size=13950976 bytes (34.1%)
(RDMA_READ_CONSUME_CHECK_CONSUMER) timestamp=1268 ms, used_size=13948928 bytes (34.1%)
(RDMA_READ_CONSUME_CHECK_CONSUMER) timestamp=1268 ms, used_size=13946880 bytes (34.0%)
(RDMA_READ_CONSUME_CHECK_CONSUMER) timestamp=1268 ms, used_size=13944832 bytes (34.0%)
(RDMA_READ_CONSUME_CHECK_CONSUMER) timestamp=1268 ms, used_size=13942784 bytes (34.0%)
(RDMA_READ_CONSUME_CHECK_CONSUMER) timestamp=1268 ms, used_size=13940736 bytes (34.0%)
(RDMA_READ_CONSUME_CHECK_CONSUMER) timestamp=1268 ms, used_size=13938688 bytes (34.0%)
(RDMA_READ_CONSUME_CHECK_CONSUMER) timestamp=1268 ms, used_size=13936640 bytes (34.0%)
(RDMA_READ_CONSUME_CHECK_CONSUMER) timestamp=1268 ms, used_size=13934592 bytes (34.0%)
(RDMA_READ_CONSUME_CHECK_CONSUMER) timestamp=1268 ms, used_size=13932544 bytes (34.0%)
(RDMA_READ_CONSUME_CHECK_CONSUMER) timestamp=1268 ms, used_size=13930496 bytes (34.0%)
(RDMA_READ_CONSUME_CHECK_CONSUMER) timestamp=1268 ms, used_size=13928448 bytes (34.0%)
(RDMA_READ_CONSUME_CHECK_CONSUMER) timestamp=1268 ms, used_size=13926400 bytes (34.0%)
(RDMA_READ_CONSUME_CHECK_CONSUMER) timestamp=1268 ms, used_size=13924352 bytes (34.0%)
(RDMA_READ_CONSUME_CHECK_CONSUMER) timestamp=1268 ms, used_size=13922304 bytes (34.0%)
(RDMA_READ_CONSUME_CHECK_CONSUMER) timestamp=1268 ms, used_size=13920256 bytes (34.0%)
(RDMA_READ_CONSUME_CHECK_CONSUMER) timestamp=1268 ms, used_size=13918208 bytes (34.0%)
(RDMA_READ_CONSUME_CHECK_CONSUMER) timestamp=1268 ms, used_size=13916160 bytes (34.0%)
(RDMA_READ_CONSUME_CHECK_CONSUMER) timestamp=1268 ms, used_size=13914112 bytes (34.0%)
(RDMA_READ_CONSUME_CHECK_CONSUMER) timestamp=1268 ms, used_size=13912064 bytes (34.0%)
(RDMA_READ_CONSUME_CHECK_CONSUMER) timestamp=1268 ms, used_size=13910016 bytes (34.0%)
(RDMA_READ_CONSUME_CHECK_CONSUMER) timestamp=1268 ms, used_size=13907968 bytes (34.0%)
(RDMA_READ_CONSUME_CHECK_CONSUMER) timestamp=1268 ms, used_size=13905920 bytes (34.0%)
(RDMA_READ_CONSUME_CHECK_CONSUMER) timestamp=1268 ms, used_size=13903872 bytes (33.9%)
(RDMA_READ_CONSUME_CHECK_CONSUMER) timestamp=1268 ms, used_size=13901824 bytes (33.9%)
(RDMA_READ_CONSUME_CHECK_CONSUMER) timestamp=1268 ms, used_size=13899776 bytes (33.9%)
(RDMA_READ_CONSUME_CHECK_CONSUMER) timestamp=1268 ms, used_size=13897728 bytes (33.9%)
(RDMA_READ_CONSUME_CHECK_CONSUMER) timestamp=1268 ms, used_size=13895680 bytes (33.9%)
(RDMA_READ_CONSUME_CHECK_CONSUMER) timestamp=1268 ms, used_size=13893632 bytes (33.9%)
(RDMA_READ_CONSUME_CHECK_CONSUMER) timestamp=1268 ms, used_size=13891584 bytes (33.9%)
(RDMA_READ_CONSUME_CHECK_CONSUMER) timestamp=1268 ms, used_size=13889536 bytes (33.9%)
(RDMA_READ_CONSUME_CHECK_CONSUMER) timestamp=1268 ms, used_size=13887488 bytes (33.9%)
(RDMA_READ_CONSUME_CHECK_CONSUMER) timestamp=1268 ms, used_size=13885440 bytes (33.9%)
(RDMA_READ_CONSUME_CHECK_CONSUMER) timestamp=1268 ms, used_size=13883392 bytes (33.9%)
(RDMA_READ_CONSUME_CHECK_CONSUMER) timestamp=1268 ms, used_size=13881344 bytes (33.9%)
(RDMA_READ_CONSUME_CHECK_CONSUMER) timestamp=1268 ms, used_size=13879296 bytes (33.9%)
(RDMA_READ_CONSUME_CHECK_CONSUMER) timestamp=1268 ms, used_size=13877248 bytes (33.9%)
(RDMA_READ_CONSUME_CHECK_CONSUMER) timestamp=1268 ms, used_size=13875200 bytes (33.9%)
(RDMA_READ_CONSUME_CHECK_CONSUMER) timestamp=1268 ms, used_size=13873152 bytes (33.9%)
(RDMA_READ_CONSUME_CHECK_CONSUMER) timestamp=1268 ms, used_size=13871104 bytes (33.9%)
(RDMA_READ_CONSUME_CHECK_CONSUMER) timestamp=1268 ms, used_size=13869056 bytes (33.9%)
(RDMA_READ_CONSUME_CHECK_CONSUMER) timestamp=1268 ms, used_size=13867008 bytes (33.9%)
(RDMA_READ_CONSUME_CHECK_CONSUMER) timestamp=1268 ms, used_size=13864960 bytes (33.9%)
(RDMA_READ_CONSUME_CHECK_CONSUMER) timestamp=1268 ms, used_size=13862912 bytes (33.8%)
(RDMA_READ_CONSUME_CHECK_CONSUMER) timestamp=1268 ms, used_size=13860864 bytes (33.8%)
(RDMA_READ_CONSUME_CHECK_CONSUMER) timestamp=1268 ms, used_size=13858816 bytes (33.8%)
(RDMA_READ_CONSUME_CHECK_CONSUMER) timestamp=1268 ms, used_size=13856768 bytes (33.8%)
(RDMA_READ_CONSUME_CHECK_CONSUMER) timestamp=1268 ms, used_size=13854720 bytes (33.8%)
(RDMA_READ_CONSUME_CHECK_CONSUMER) timestamp=1268 ms, used_size=13852672 bytes (33.8%)
(RDMA_READ_CONSUME_CHECK_CONSUMER) timestamp=1268 ms, used_size=13850624 bytes (33.8%)
(RDMA_READ_CONSUME_CHECK_CONSUMER) timestamp=1268 ms, used_size=13848576 bytes (33.8%)
(RDMA_READ_CONSUME_CHECK_CONSUMER) timestamp=1268 ms, used_size=13846528 bytes (33.8%)
(RDMA_READ_CONSUME_CHECK_CONSUMER) timestamp=1268 ms, used_size=13844480 bytes (33.8%)
(RDMA_READ_CONSUME_CHECK_CONSUMER) timestamp=1268 ms, used_size=13842432 bytes (33.8%)
(RDMA_READ_CONSUME_CHECK_CONSUMER) timestamp=1268 ms, used_size=13840384 bytes (33.8%)
(RDMA_READ_CONSUME_CHECK_CONSUMER) timestamp=1268 ms, used_size=13838336 bytes (33.8%)
(RDMA_READ_CONSUME_CHECK_CONSUMER) timestamp=1268 ms, used_size=13836288 bytes (33.8%)
(RDMA_READ_CONSUME_CHECK_CONSUMER) timestamp=1268 ms, used_size=13834240 bytes (33.8%)
(RDMA_READ_CONSUME_CHECK_CONSUMER) timestamp=1268 ms, used_size=13832192 bytes (33.8%)
(RDMA_READ_CONSUME_CHECK_CONSUMER) timestamp=1268 ms, used_size=13830144 bytes (33.8%)
(RDMA_READ_CONSUME_CHECK_CONSUMER) timestamp=1268 ms, used_size=13828096 bytes (33.8%)
(RDMA_READ_CONSUME_CHECK_CONSUMER) timestamp=1268 ms, used_size=13826048 bytes (33.8%)
(RDMA_READ_CONSUME_CHECK_CONSUMER) timestamp=1268 ms, used_size=13824000 bytes (33.8%)
(RDMA_READ_CONSUME_CHECK_CONSUMER) timestamp=1268 ms, used_size=13821952 bytes (33.7%)
(RDMA_READ_CONSUME_CHECK_CONSUMER) timestamp=1268 ms, used_size=13819904 bytes (33.7%)
(RDMA_READ_CONSUME_CHECK_CONSUMER) timestamp=1268 ms, used_size=13817856 bytes (33.7%)
(RDMA_READ_CONSUME_CHECK_CONSUMER) timestamp=1268 ms, used_size=13815808 bytes (33.7%)
(RDMA_READ_CONSUME_CHECK_CONSUMER) timestamp=1268 ms, used_size=13813760 bytes (33.7%)
(RDMA_READ_CONSUME_CHECK_CONSUMER) timestamp=1268 ms, used_size=13811712 bytes (33.7%)
(RDMA_READ_CONSUME_CHECK_CONSUMER) timestamp=1268 ms, used_size=13809664 bytes (33.7%)
(RDMA_READ_CONSUME_CHECK_CONSUMER) timestamp=1268 ms, used_size=13807616 bytes (33.7%)
(RDMA_READ_CONSUME_CHECK_CONSUMER) timestamp=1268 ms, used_size=13805568 bytes (33.7%)
(RDMA_READ_CONSUME_CHECK_CONSUMER) timestamp=1268 ms, used_size=13803520 bytes (33.7%)
(RDMA_READ_CONSUME_CHECK_CONSUMER) timestamp=1268 ms, used_size=13801472 bytes (33.7%)
(RDMA_READ_CONSUME_CHECK_CONSUMER) timestamp=1268 ms, used_size=13799424 bytes (33.7%)
(RDMA_READ_CONSUME_CHECK_CONSUMER) timestamp=1268 ms, used_size=13797376 bytes (33.7%)
(RDMA_READ_CONSUME_CHECK_CONSUMER) timestamp=1268 ms, used_size=13795328 bytes (33.7%)
(RDMA_READ_CONSUME_CHECK_CONSUMER) timestamp=1268 ms, used_size=13793280 bytes (33.7%)
(RDMA_READ_CONSUME_CHECK_CONSUMER) timestamp=1268 ms, used_size=13791232 bytes (33.7%)
(RDMA_READ_CONSUME_CHECK_CONSUMER) timestamp=1268 ms, used_size=13789184 bytes (33.7%)
(RDMA_READ_CONSUME_CHECK_CONSUMER) timestamp=1268 ms, used_size=13787136 bytes (33.7%)
(RDMA_READ_CONSUME_CHECK_CONSUMER) timestamp=1268 ms, used_size=13785088 bytes (33.7%)
(RDMA_READ_CONSUME_CHECK_CONSUMER) timestamp=1268 ms, used_size=13783040 bytes (33.6%)
(RDMA_READ_CONSUME_CHECK_CONSUMER) timestamp=1268 ms, used_size=13780992 bytes (33.6%)
(RDMA_READ_CONSUME_CHECK_CONSUMER) timestamp=1268 ms, used_size=13778944 bytes (33.6%)
(RDMA_READ_CONSUME_CHECK_CONSUMER) timestamp=1268 ms, used_size=13776896 bytes (33.6%)
(RDMA_READ_CONSUME_CHECK_CONSUMER) timestamp=1268 ms, used_size=13774848 bytes (33.6%)
(RDMA_READ_CONSUME_CHECK_CONSUMER) timestamp=1268 ms, used_size=13772800 bytes (33.6%)
(RDMA_READ_CONSUME_CHECK_CONSUMER) timestamp=1268 ms, used_size=13770752 bytes (33.6%)
(RDMA_READ_CONSUME_CHECK_CONSUMER) timestamp=1268 ms, used_size=13768704 bytes (33.6%)
(RDMA_READ_CONSUME_CHECK_CONSUMER) timestamp=1268 ms, used_size=13766656 bytes (33.6%)
(RDMA_READ_CONSUME_CHECK_CONSUMER) timestamp=1268 ms, used_size=13764608 bytes (33.6%)
(RDMA_READ_CONSUME_CHECK_CONSUMER) timestamp=1268 ms, used_size=13762560 bytes (33.6%)
(RDMA_READ_CONSUME_CHECK_CONSUMER) timestamp=1268 ms, used_size=13760512 bytes (33.6%)
(RDMA_READ_CONSUME_CHECK_CONSUMER) timestamp=1268 ms, used_size=13758464 bytes (33.6%)
(RDMA_READ_CONSUME_CHECK_CONSUMER) timestamp=1268 ms, used_size=13756416 bytes (33.6%)
(RDMA_READ_CONSUME_CHECK_CONSUMER) timestamp=1268 ms, used_size=13754368 bytes (33.6%)
(RDMA_READ_CONSUME_CHECK_CONSUMER) timestamp=1268 ms, used_size=13752320 bytes (33.6%)
(RDMA_READ_CONSUME_CHECK_CONSUMER) timestamp=1268 ms, used_size=13750272 bytes (33.6%)
(RDMA_READ_CONSUME_CHECK_CONSUMER) timestamp=1268 ms, used_size=13748224 bytes (33.6%)
(RDMA_READ_CONSUME_CHECK_CONSUMER) timestamp=1268 ms, used_size=13746176 bytes (33.6%)
(RDMA_READ_CONSUME_CHECK_CONSUMER) timestamp=1268 ms, used_size=13744128 bytes (33.6%)
(RDMA_READ_CONSUME_CHECK_CONSUMER) timestamp=1268 ms, used_size=13742080 bytes (33.5%)
(RDMA_READ_CONSUME_CHECK_CONSUMER) timestamp=1268 ms, used_size=13740032 bytes (33.5%)
(RDMA_READ_CONSUME_CHECK_CONSUMER) timestamp=1268 ms, used_size=13737984 bytes (33.5%)
(RDMA_READ_CONSUME_CHECK_CONSUMER) timestamp=1268 ms, used_size=13735936 bytes (33.5%)
(RDMA_READ_CONSUME_CHECK_CONSUMER) timestamp=1268 ms, used_size=13733888 bytes (33.5%)
(RDMA_READ_CONSUME_CHECK_CONSUMER) timestamp=1268 ms, used_size=13731840 bytes (33.5%)
(RDMA_READ_CONSUME_CHECK_CONSUMER) timestamp=1268 ms, used_size=13729792 bytes (33.5%)
(RDMA_READ_CONSUME_CHECK_CONSUMER) timestamp=1268 ms, used_size=13727744 bytes (33.5%)
(RDMA_READ_CONSUME_CHECK_CONSUMER) timestamp=1268 ms, used_size=13725696 bytes (33.5%)
(RDMA_READ_CONSUME_CHECK_CONSUMER) timestamp=1268 ms, used_size=13723648 bytes (33.5%)
(RDMA_READ_CONSUME_CHECK_CONSUMER) timestamp=1268 ms, used_size=13721600 bytes (33.5%)
(RDMA_READ_CONSUME_CHECK_CONSUMER) timestamp=1268 ms, used_size=13719552 bytes (33.5%)
(RDMA_READ_CONSUME_CHECK_CONSUMER) timestamp=1268 ms, used_size=13717504 bytes (33.5%)
(RDMA_READ_CONSUME_CHECK_CONSUMER) timestamp=1268 ms, used_size=13715456 bytes (33.5%)
(RDMA_READ_CONSUME_CHECK_CONSUMER) timestamp=1268 ms, used_size=13713408 bytes (33.5%)
(RDMA_READ_CONSUME_CHECK_CONSUMER) timestamp=1268 ms, used_size=13711360 bytes (33.5%)
(RDMA_READ_CONSUME_CHECK_CONSUMER) timestamp=1268 ms, used_size=13709312 bytes (33.5%)
(RDMA_READ_CONSUME_CHECK_CONSUMER) timestamp=1268 ms, used_size=13707264 bytes (33.5%)
(RDMA_READ_CONSUME_CHECK_CONSUMER) timestamp=1268 ms, used_size=13705216 bytes (33.5%)
(RDMA_READ_CONSUME_CHECK_CONSUMER) timestamp=1268 ms, used_size=13703168 bytes (33.5%)
(RDMA_READ_CONSUME_CHECK_CONSUMER) timestamp=1268 ms, used_size=13701120 bytes (33.5%)
(RDMA_READ_CONSUME_CHECK_CONSUMER) timestamp=1268 ms, used_size=13699072 bytes (33.4%)
(RDMA_READ_CONSUME_CHECK_CONSUMER) timestamp=1268 ms, used_size=13697024 bytes (33.4%)
(RDMA_READ_CONSUME_CHECK_CONSUMER) timestamp=1268 ms, used_size=13694976 bytes (33.4%)
(RDMA_READ_CONSUME_CHECK_CONSUMER) timestamp=1268 ms, used_size=13692928 bytes (33.4%)
(RDMA_READ_CONSUME_CHECK_CONSUMER) timestamp=1268 ms, used_size=13690880 bytes (33.4%)
(RDMA_READ_CONSUME_CHECK_CONSUMER) timestamp=1268 ms, used_size=13688832 bytes (33.4%)
(RDMA_READ_CONSUME_CHECK_CONSUMER) timestamp=1268 ms, used_size=13686784 bytes (33.4%)
(RDMA_READ_CONSUME_CHECK_CONSUMER) timestamp=1268 ms, used_size=13684736 bytes (33.4%)
(RDMA_READ_CONSUME_CHECK_CONSUMER) timestamp=1268 ms, used_size=13682688 bytes (33.4%)
(RDMA_READ_CONSUME_CHECK_CONSUMER) timestamp=1268 ms, used_size=13680640 bytes (33.4%)
(RDMA_READ_CONSUME_CHECK_CONSUMER) timestamp=1269 ms, used_size=13678592 bytes (33.4%)
(RDMA_READ_CONSUME_CHECK_CONSUMER) timestamp=1269 ms, used_size=13676544 bytes (33.4%)
(RDMA_READ_CONSUME_CHECK_CONSUMER) timestamp=1269 ms, used_size=13674496 bytes (33.4%)
(RDMA_READ_CONSUME_CHECK_CONSUMER) timestamp=1269 ms, used_size=13672448 bytes (33.4%)
(RDMA_READ_CONSUME_CHECK_CONSUMER) timestamp=1269 ms, used_size=13670400 bytes (33.4%)
(RDMA_READ_CONSUME_CHECK_CONSUMER) timestamp=1269 ms, used_size=13668352 bytes (33.4%)
(RDMA_READ_CONSUME_CHECK_CONSUMER) timestamp=1269 ms, used_size=13666304 bytes (33.4%)
(RDMA_READ_CONSUME_CHECK_CONSUMER) timestamp=1269 ms, used_size=13664256 bytes (33.4%)
(RDMA_READ_CONSUME_CHECK_CONSUMER) timestamp=1269 ms, used_size=13662208 bytes (33.4%)
(RDMA_READ_CONSUME_CHECK_CONSUMER) timestamp=1269 ms, used_size=13660160 bytes (33.4%)
(RDMA_READ_CONSUME_CHECK_CONSUMER) timestamp=1269 ms, used_size=13658112 bytes (33.3%)
(RDMA_READ_CONSUME_CHECK_CONSUMER) timestamp=1269 ms, used_size=13656064 bytes (33.3%)
(RDMA_READ_CONSUME_CHECK_CONSUMER) timestamp=1269 ms, used_size=13654016 bytes (33.3%)
(RDMA_READ_CONSUME_CHECK_CONSUMER) timestamp=1269 ms, used_size=13651968 bytes (33.3%)
(RDMA_READ_CONSUME_CHECK_CONSUMER) timestamp=1269 ms, used_size=13649920 bytes (33.3%)
(RDMA_READ_CONSUME_CHECK_CONSUMER) timestamp=1269 ms, used_size=13647872 bytes (33.3%)
(RDMA_READ_CONSUME_CHECK_CONSUMER) timestamp=1269 ms, used_size=13645824 bytes (33.3%)
(RDMA_READ_CONSUME_CHECK_CONSUMER) timestamp=1269 ms, used_size=13643776 bytes (33.3%)
(RDMA_READ_CONSUME_CHECK_CONSUMER) timestamp=1269 ms, used_size=13641728 bytes (33.3%)
(RDMA_READ_CONSUME_CHECK_CONSUMER) timestamp=1269 ms, used_size=13639680 bytes (33.3%)
(RDMA_READ_CONSUME_CHECK_CONSUMER) timestamp=1269 ms, used_size=13637632 bytes (33.3%)
(RDMA_READ_CONSUME_CHECK_CONSUMER) timestamp=1269 ms, used_size=13635584 bytes (33.3%)
(RDMA_READ_CONSUME_CHECK_CONSUMER) timestamp=1269 ms, used_size=13633536 bytes (33.3%)
(RDMA_READ_CONSUME_CHECK_CONSUMER) timestamp=1269 ms, used_size=13631488 bytes (33.3%)
(RDMA_READ_CONSUME_CHECK_CONSUMER) timestamp=1269 ms, used_size=13629440 bytes (33.3%)
(RDMA_READ_CONSUME_CHECK_CONSUMER) timestamp=1269 ms, used_size=13627392 bytes (33.3%)
(RDMA_READ_CONSUME_CHECK_CONSUMER) timestamp=1269 ms, used_size=13625344 bytes (33.3%)
(RDMA_READ_CONSUME_CHECK_CONSUMER) timestamp=1269 ms, used_size=13623296 bytes (33.3%)
(RDMA_READ_CONSUME_CHECK_CONSUMER) timestamp=1269 ms, used_size=13621248 bytes (33.3%)
(RDMA_READ_CONSUME_CHECK_CONSUMER) timestamp=1269 ms, used_size=13619200 bytes (33.2%)
(RDMA_READ_CONSUME_CHECK_CONSUMER) timestamp=1269 ms, used_size=13617152 bytes (33.2%)
(RDMA_READ_CONSUME_CHECK_CONSUMER) timestamp=1269 ms, used_size=13615104 bytes (33.2%)
(RDMA_READ_CONSUME_CHECK_CONSUMER) timestamp=1269 ms, used_size=13613056 bytes (33.2%)
(RDMA_READ_CONSUME_CHECK_CONSUMER) timestamp=1269 ms, used_size=13611008 bytes (33.2%)
(RDMA_READ_CONSUME_CHECK_CONSUMER) timestamp=1269 ms, used_size=13608960 bytes (33.2%)
(RDMA_READ_CONSUME_CHECK_CONSUMER) timestamp=1269 ms, used_size=13606912 bytes (33.2%)
(RDMA_READ_CONSUME_CHECK_CONSUMER) timestamp=1269 ms, used_size=13604864 bytes (33.2%)
(RDMA_READ_CONSUME_CHECK_CONSUMER) timestamp=1269 ms, used_size=13602816 bytes (33.2%)
(RDMA_READ_CONSUME_CHECK_CONSUMER) timestamp=1269 ms, used_size=13600768 bytes (33.2%)
(RDMA_READ_CONSUME_CHECK_CONSUMER) timestamp=1269 ms, used_size=13598720 bytes (33.2%)
(RDMA_READ_CONSUME_CHECK_CONSUMER) timestamp=1269 ms, used_size=13596672 bytes (33.2%)
(RDMA_READ_CONSUME_CHECK_CONSUMER) timestamp=1269 ms, used_size=13594624 bytes (33.2%)
(RDMA_READ_CONSUME_CHECK_CONSUMER) timestamp=1269 ms, used_size=13592576 bytes (33.2%)
(RDMA_READ_CONSUME_CHECK_CONSUMER) timestamp=1269 ms, used_size=13590528 bytes (33.2%)
(RDMA_READ_CONSUME_CHECK_CONSUMER) timestamp=1269 ms, used_size=13588480 bytes (33.2%)
(RDMA_READ_CONSUME_CHECK_CONSUMER) timestamp=1269 ms, used_size=13586432 bytes (33.2%)
(RDMA_READ_CONSUME_CHECK_CONSUMER) timestamp=1269 ms, used_size=13584384 bytes (33.2%)
(RDMA_READ_CONSUME_CHECK_CONSUMER) timestamp=1269 ms, used_size=13582336 bytes (33.2%)
(RDMA_READ_CONSUME_CHECK_CONSUMER) timestamp=1269 ms, used_size=13580288 bytes (33.2%)
(RDMA_READ_CONSUME_CHECK_CONSUMER) timestamp=1269 ms, used_size=13578240 bytes (33.1%)
(RDMA_READ_CONSUME_CHECK_CONSUMER) timestamp=1269 ms, used_size=13576192 bytes (33.1%)
(RDMA_READ_CONSUME_CHECK_CONSUMER) timestamp=1269 ms, used_size=13574144 bytes (33.1%)
(RDMA_READ_CONSUME_CHECK_CONSUMER) timestamp=1269 ms, used_size=13572096 bytes (33.1%)
(RDMA_READ_CONSUME_CHECK_CONSUMER) timestamp=1269 ms, used_size=13570048 bytes (33.1%)
(RDMA_READ_CONSUME_CHECK_CONSUMER) timestamp=1269 ms, used_size=13568000 bytes (33.1%)
(RDMA_READ_CONSUME_CHECK_CONSUMER) timestamp=1269 ms, used_size=13565952 bytes (33.1%)
(RDMA_READ_CONSUME_CHECK_CONSUMER) timestamp=1269 ms, used_size=13563904 bytes (33.1%)
(RDMA_READ_CONSUME_CHECK_CONSUMER) timestamp=1269 ms, used_size=13561856 bytes (33.1%)
(RDMA_READ_CONSUME_CHECK_CONSUMER) timestamp=1269 ms, used_size=13559808 bytes (33.1%)
(RDMA_READ_CONSUME_CHECK_CONSUMER) timestamp=1269 ms, used_size=13557760 bytes (33.1%)
(RDMA_READ_CONSUME_CHECK_CONSUMER) timestamp=1269 ms, used_size=13555712 bytes (33.1%)
(RDMA_READ_CONSUME_CHECK_CONSUMER) timestamp=1269 ms, used_size=13553664 bytes (33.1%)
(RDMA_READ_CONSUME_CHECK_CONSUMER) timestamp=1269 ms, used_size=13551616 bytes (33.1%)
(RDMA_READ_CONSUME_CHECK_CONSUMER) timestamp=1269 ms, used_size=13549568 bytes (33.1%)
(RDMA_READ_CONSUME_CHECK_CONSUMER) timestamp=1269 ms, used_size=13547520 bytes (33.1%)
(RDMA_READ_CONSUME_CHECK_CONSUMER) timestamp=1269 ms, used_size=13545472 bytes (33.1%)
(RDMA_READ_CONSUME_CHECK_CONSUMER) timestamp=1269 ms, used_size=13543424 bytes (33.1%)
(RDMA_READ_CONSUME_CHECK_CONSUMER) timestamp=1269 ms, used_size=13541376 bytes (33.1%)
(RDMA_READ_CONSUME_CHECK_CONSUMER) timestamp=1269 ms, used_size=13539328 bytes (33.1%)
(RDMA_READ_CONSUME_CHECK_CONSUMER) timestamp=1269 ms, used_size=13537280 bytes (33.0%)
(RDMA_READ_CONSUME_CHECK_CONSUMER) timestamp=1269 ms, used_size=13535232 bytes (33.0%)
(RDMA_READ_CONSUME_CHECK_CONSUMER) timestamp=1269 ms, used_size=13533184 bytes (33.0%)
(RDMA_READ_CONSUME_CHECK_CONSUMER) timestamp=1269 ms, used_size=13531136 bytes (33.0%)
(RDMA_READ_CONSUME_CHECK_CONSUMER) timestamp=1269 ms, used_size=13529088 bytes (33.0%)
(RDMA_READ_CONSUME_CHECK_CONSUMER) timestamp=1269 ms, used_size=13527040 bytes (33.0%)
(RDMA_READ_CONSUME_CHECK_CONSUMER) timestamp=1269 ms, used_size=13524992 bytes (33.0%)
(RDMA_READ_CONSUME_CHECK_CONSUMER) timestamp=1269 ms, used_size=13522944 bytes (33.0%)
(RDMA_READ_CONSUME_CHECK_CONSUMER) timestamp=1269 ms, used_size=13520896 bytes (33.0%)
(RDMA_READ_CONSUME_CHECK_CONSUMER) timestamp=1269 ms, used_size=13518848 bytes (33.0%)
(RDMA_READ_CONSUME_CHECK_CONSUMER) timestamp=1269 ms, used_size=13516800 bytes (33.0%)
(RDMA_READ_CONSUME_CHECK_CONSUMER) timestamp=1269 ms, used_size=13514752 bytes (33.0%)
(RDMA_READ_CONSUME_CHECK_CONSUMER) timestamp=1269 ms, used_size=13512704 bytes (33.0%)
(RDMA_READ_CONSUME_CHECK_CONSUMER) timestamp=1269 ms, used_size=13510656 bytes (33.0%)
(RDMA_READ_CONSUME_CHECK_CONSUMER) timestamp=1269 ms, used_size=13508608 bytes (33.0%)
(RDMA_READ_CONSUME_CHECK_CONSUMER) timestamp=1269 ms, used_size=13506560 bytes (33.0%)
(RDMA_READ_CONSUME_CHECK_CONSUMER) timestamp=1269 ms, used_size=13504512 bytes (33.0%)
(RDMA_READ_CONSUME_CHECK_CONSUMER) timestamp=1269 ms, used_size=13502464 bytes (33.0%)
(RDMA_READ_CONSUME_CHECK_CONSUMER) timestamp=1269 ms, used_size=13500416 bytes (33.0%)
(RDMA_READ_CONSUME_CHECK_CONSUMER) timestamp=1269 ms, used_size=13498368 bytes (33.0%)
(RDMA_READ_CONSUME_CHECK_CONSUMER) timestamp=1269 ms, used_size=13496320 bytes (33.0%)
(RDMA_READ_CONSUME_CHECK_CONSUMER) timestamp=1269 ms, used_size=13494272 bytes (32.9%)
(RDMA_READ_CONSUME_CHECK_CONSUMER) timestamp=1269 ms, used_size=13492224 bytes (32.9%)
(RDMA_READ_CONSUME_CHECK_CONSUMER) timestamp=1269 ms, used_size=13490176 bytes (32.9%)
(RDMA_READ_CONSUME_CHECK_CONSUMER) timestamp=1269 ms, used_size=13488128 bytes (32.9%)
(RDMA_READ_CONSUME_CHECK_CONSUMER) timestamp=1269 ms, used_size=13486080 bytes (32.9%)
(RDMA_READ_CONSUME_CHECK_CONSUMER) timestamp=1269 ms, used_size=13484032 bytes (32.9%)
(RDMA_READ_CONSUME_CHECK_CONSUMER) timestamp=1269 ms, used_size=13481984 bytes (32.9%)
(RDMA_READ_CONSUME_CHECK_CONSUMER) timestamp=1269 ms, used_size=13479936 bytes (32.9%)
(RDMA_READ_CONSUME_CHECK_CONSUMER) timestamp=1269 ms, used_size=13477888 bytes (32.9%)
(RDMA_READ_CONSUME_CHECK_CONSUMER) timestamp=1269 ms, used_size=13475840 bytes (32.9%)
(RDMA_READ_CONSUME_CHECK_CONSUMER) timestamp=1269 ms, used_size=13473792 bytes (32.9%)
(RDMA_READ_CONSUME_CHECK_CONSUMER) timestamp=1269 ms, used_size=13471744 bytes (32.9%)
(RDMA_READ_CONSUME_CHECK_CONSUMER) timestamp=1269 ms, used_size=13469696 bytes (32.9%)
(RDMA_READ_CONSUME_CHECK_CONSUMER) timestamp=1269 ms, used_size=13467648 bytes (32.9%)
(RDMA_READ_CONSUME_CHECK_CONSUMER) timestamp=1269 ms, used_size=13465600 bytes (32.9%)
(RDMA_READ_CONSUME_CHECK_CONSUMER) timestamp=1269 ms, used_size=13463552 bytes (32.9%)
(RDMA_READ_CONSUME_CHECK_CONSUMER) timestamp=1269 ms, used_size=13461504 bytes (32.9%)
(RDMA_READ_CONSUME_CHECK_CONSUMER) timestamp=1269 ms, used_size=13459456 bytes (32.9%)
(RDMA_READ_CONSUME_CHECK_CONSUMER) timestamp=1269 ms, used_size=13457408 bytes (32.9%)
(RDMA_READ_CONSUME_CHECK_CONSUMER) timestamp=1269 ms, used_size=13455360 bytes (32.9%)
(RDMA_READ_CONSUME_CHECK_CONSUMER) timestamp=1269 ms, used_size=13453312 bytes (32.8%)
(RDMA_READ_CONSUME_CHECK_CONSUMER) timestamp=1269 ms, used_size=13451264 bytes (32.8%)
(RDMA_READ_CONSUME_CHECK_CONSUMER) timestamp=1269 ms, used_size=13449216 bytes (32.8%)
(RDMA_READ_CONSUME_CHECK_CONSUMER) timestamp=1269 ms, used_size=13447168 bytes (32.8%)
(RDMA_READ_CONSUME_CHECK_CONSUMER) timestamp=1269 ms, used_size=13445120 bytes (32.8%)
(RDMA_READ_CONSUME_CHECK_CONSUMER) timestamp=1269 ms, used_size=13443072 bytes (32.8%)
(RDMA_READ_CONSUME_CHECK_CONSUMER) timestamp=1269 ms, used_size=13441024 bytes (32.8%)
(RDMA_READ_CONSUME_CHECK_CONSUMER) timestamp=1269 ms, used_size=13438976 bytes (32.8%)
(RDMA_READ_CONSUME_CHECK_CONSUMER) timestamp=1269 ms, used_size=13436928 bytes (32.8%)
(RDMA_READ_CONSUME_CHECK_CONSUMER) timestamp=1269 ms, used_size=13434880 bytes (32.8%)
(RDMA_READ_CONSUME_CHECK_CONSUMER) timestamp=1269 ms, used_size=13432832 bytes (32.8%)
(RDMA_READ_CONSUME_CHECK_CONSUMER) timestamp=1269 ms, used_size=13430784 bytes (32.8%)
(RDMA_READ_CONSUME_CHECK_CONSUMER) timestamp=1269 ms, used_size=13428736 bytes (32.8%)
(RDMA_READ_CONSUME_CHECK_CONSUMER) timestamp=1269 ms, used_size=13426688 bytes (32.8%)
(RDMA_READ_CONSUME_CHECK_CONSUMER) timestamp=1269 ms, used_size=13424640 bytes (32.8%)
(RDMA_READ_CONSUME_CHECK_CONSUMER) timestamp=1269 ms, used_size=13422592 bytes (32.8%)
(RDMA_READ_CONSUME_CHECK_CONSUMER) timestamp=1269 ms, used_size=13420544 bytes (32.8%)
(RDMA_READ_CONSUME_CHECK_CONSUMER) timestamp=1269 ms, used_size=13418496 bytes (32.8%)
(RDMA_READ_CONSUME_CHECK_CONSUMER) timestamp=1269 ms, used_size=13416448 bytes (32.8%)
(RDMA_READ_CONSUME_CHECK_CONSUMER) timestamp=1269 ms, used_size=13414400 bytes (32.8%)
(RDMA_READ_CONSUME_CHECK_CONSUMER) timestamp=1269 ms, used_size=13412352 bytes (32.7%)
(RDMA_READ_CONSUME_CHECK_CONSUMER) timestamp=1269 ms, used_size=13410304 bytes (32.7%)
(RDMA_READ_CONSUME_CHECK_CONSUMER) timestamp=1269 ms, used_size=13408256 bytes (32.7%)
(RDMA_READ_CONSUME_CHECK_CONSUMER) timestamp=1269 ms, used_size=13406208 bytes (32.7%)
(RDMA_READ_CONSUME_CHECK_CONSUMER) timestamp=1269 ms, used_size=13404160 bytes (32.7%)
(RDMA_READ_CONSUME_CHECK_CONSUMER) timestamp=1269 ms, used_size=13402112 bytes (32.7%)
(RDMA_READ_CONSUME_CHECK_CONSUMER) timestamp=1269 ms, used_size=13400064 bytes (32.7%)
(RDMA_READ_CONSUME_CHECK_CONSUMER) timestamp=1269 ms, used_size=13398016 bytes (32.7%)
(RDMA_READ_CONSUME_CHECK_CONSUMER) timestamp=1269 ms, used_size=13395968 bytes (32.7%)
(RDMA_READ_CONSUME_CHECK_CONSUMER) timestamp=1269 ms, used_size=13393920 bytes (32.7%)
(RDMA_READ_CONSUME_CHECK_CONSUMER) timestamp=1269 ms, used_size=13391872 bytes (32.7%)
(RDMA_READ_CONSUME_CHECK_CONSUMER) timestamp=1269 ms, used_size=13389824 bytes (32.7%)
(RDMA_READ_CONSUME_CHECK_CONSUMER) timestamp=1269 ms, used_size=13387776 bytes (32.7%)
(RDMA_READ_CONSUME_CHECK_CONSUMER) timestamp=1269 ms, used_size=13385728 bytes (32.7%)
(RDMA_READ_CONSUME_CHECK_CONSUMER) timestamp=1269 ms, used_size=13383680 bytes (32.7%)
(RDMA_READ_CONSUME_CHECK_CONSUMER) timestamp=1269 ms, used_size=13381632 bytes (32.7%)
(RDMA_READ_CONSUME_CHECK_CONSUMER) timestamp=1269 ms, used_size=13379584 bytes (32.7%)
(RDMA_READ_CONSUME_CHECK_CONSUMER) timestamp=1269 ms, used_size=13377536 bytes (32.7%)
(RDMA_READ_CONSUME_CHECK_CONSUMER) timestamp=1269 ms, used_size=13375488 bytes (32.7%)
(RDMA_READ_CONSUME_CHECK_CONSUMER) timestamp=1269 ms, used_size=13373440 bytes (32.6%)
(RDMA_READ_CONSUME_CHECK_CONSUMER) timestamp=1269 ms, used_size=13371392 bytes (32.6%)
(RDMA_READ_CONSUME_CHECK_CONSUMER) timestamp=1269 ms, used_size=13369344 bytes (32.6%)
(RDMA_READ_CONSUME_CHECK_CONSUMER) timestamp=1269 ms, used_size=13367296 bytes (32.6%)
(RDMA_READ_CONSUME_CHECK_CONSUMER) timestamp=1269 ms, used_size=13365248 bytes (32.6%)
(RDMA_READ_CONSUME_CHECK_CONSUMER) timestamp=1269 ms, used_size=13363200 bytes (32.6%)
(RDMA_READ_CONSUME_CHECK_CONSUMER) timestamp=1269 ms, used_size=13361152 bytes (32.6%)
(RDMA_READ_CONSUME_CHECK_CONSUMER) timestamp=1269 ms, used_size=13359104 bytes (32.6%)
(RDMA_READ_CONSUME_CHECK_CONSUMER) timestamp=1269 ms, used_size=13357056 bytes (32.6%)
(RDMA_READ_CONSUME_CHECK_CONSUMER) timestamp=1269 ms, used_size=13355008 bytes (32.6%)
(RDMA_READ_CONSUME_CHECK_CONSUMER) timestamp=1269 ms, used_size=13352960 bytes (32.6%)
(RDMA_READ_CONSUME_CHECK_CONSUMER) timestamp=1269 ms, used_size=13350912 bytes (32.6%)
(RDMA_READ_CONSUME_CHECK_CONSUMER) timestamp=1269 ms, used_size=13348864 bytes (32.6%)
(RDMA_READ_CONSUME_CHECK_CONSUMER) timestamp=1269 ms, used_size=13346816 bytes (32.6%)
(RDMA_READ_CONSUME_CHECK_CONSUMER) timestamp=1269 ms, used_size=13344768 bytes (32.6%)
(RDMA_READ_CONSUME_CHECK_CONSUMER) timestamp=1269 ms, used_size=13342720 bytes (32.6%)
(RDMA_READ_CONSUME_CHECK_CONSUMER) timestamp=1269 ms, used_size=13340672 bytes (32.6%)
(RDMA_READ_CONSUME_CHECK_CONSUMER) timestamp=1269 ms, used_size=13338624 bytes (32.6%)
(RDMA_READ_CONSUME_CHECK_CONSUMER) timestamp=1269 ms, used_size=13336576 bytes (32.6%)
(RDMA_READ_CONSUME_CHECK_CONSUMER) timestamp=1269 ms, used_size=13334528 bytes (32.6%)
(RDMA_READ_CONSUME_CHECK_CONSUMER) timestamp=1269 ms, used_size=13332480 bytes (32.5%)
(RDMA_READ_CONSUME_CHECK_CONSUMER) timestamp=1269 ms, used_size=13330432 bytes (32.5%)
(RDMA_READ_CONSUME_CHECK_CONSUMER) timestamp=1269 ms, used_size=13328384 bytes (32.5%)
(RDMA_READ_CONSUME_CHECK_CONSUMER) timestamp=1269 ms, used_size=13326336 bytes (32.5%)
(RDMA_READ_CONSUME_CHECK_CONSUMER) timestamp=1269 ms, used_size=13324288 bytes (32.5%)
(RDMA_READ_CONSUME_CHECK_CONSUMER) timestamp=1269 ms, used_size=13322240 bytes (32.5%)
(RDMA_READ_CONSUME_CHECK_CONSUMER) timestamp=1269 ms, used_size=13320192 bytes (32.5%)
(RDMA_READ_CONSUME_CHECK_CONSUMER) timestamp=1269 ms, used_size=13318144 bytes (32.5%)
(RDMA_READ_CONSUME_CHECK_CONSUMER) timestamp=1269 ms, used_size=13316096 bytes (32.5%)
(RDMA_READ_CONSUME_CHECK_CONSUMER) timestamp=1269 ms, used_size=13314048 bytes (32.5%)
(RDMA_READ_CONSUME_CHECK_CONSUMER) timestamp=1269 ms, used_size=13312000 bytes (32.5%)
(RDMA_READ_CONSUME_CHECK_CONSUMER) timestamp=1269 ms, used_size=13309952 bytes (32.5%)
(RDMA_READ_CONSUME_CHECK_CONSUMER) timestamp=1269 ms, used_size=13307904 bytes (32.5%)
(RDMA_READ_CONSUME_CHECK_CONSUMER) timestamp=1270 ms, used_size=13305856 bytes (32.5%)
(RDMA_READ_CONSUME_CHECK_CONSUMER) timestamp=1270 ms, used_size=13303808 bytes (32.5%)
(RDMA_READ_CONSUME_CHECK_CONSUMER) timestamp=1270 ms, used_size=13301760 bytes (32.5%)
(RDMA_READ_CONSUME_CHECK_CONSUMER) timestamp=1270 ms, used_size=13299712 bytes (32.5%)
(RDMA_READ_CONSUME_CHECK_CONSUMER) timestamp=1270 ms, used_size=13297664 bytes (32.5%)
(RDMA_READ_CONSUME_CHECK_CONSUMER) timestamp=1270 ms, used_size=13295616 bytes (32.5%)
(RDMA_READ_CONSUME_CHECK_CONSUMER) timestamp=1270 ms, used_size=13293568 bytes (32.5%)
(RDMA_READ_CONSUME_CHECK_CONSUMER) timestamp=1270 ms, used_size=13291520 bytes (32.5%)
(RDMA_READ_CONSUME_CHECK_CONSUMER) timestamp=1270 ms, used_size=13289472 bytes (32.4%)
(RDMA_READ_CONSUME_CHECK_CONSUMER) timestamp=1270 ms, used_size=13287424 bytes (32.4%)
(RDMA_READ_CONSUME_CHECK_CONSUMER) timestamp=1270 ms, used_size=13285376 bytes (32.4%)
(RDMA_READ_CONSUME_CHECK_CONSUMER) timestamp=1270 ms, used_size=13283328 bytes (32.4%)
(RDMA_READ_CONSUME_CHECK_CONSUMER) timestamp=1270 ms, used_size=13281280 bytes (32.4%)
(RDMA_READ_CONSUME_CHECK_CONSUMER) timestamp=1270 ms, used_size=13279232 bytes (32.4%)
(RDMA_READ_CONSUME_CHECK_CONSUMER) timestamp=1270 ms, used_size=13277184 bytes (32.4%)
(RDMA_READ_CONSUME_CHECK_CONSUMER) timestamp=1270 ms, used_size=13275136 bytes (32.4%)
(RDMA_READ_CONSUME_CHECK_CONSUMER) timestamp=1270 ms, used_size=13273088 bytes (32.4%)
(RDMA_READ_CONSUME_CHECK_CONSUMER) timestamp=1270 ms, used_size=13271040 bytes (32.4%)
(RDMA_READ_CONSUME_CHECK_CONSUMER) timestamp=1270 ms, used_size=13268992 bytes (32.4%)
(RDMA_READ_CONSUME_CHECK_CONSUMER) timestamp=1270 ms, used_size=13266944 bytes (32.4%)
(RDMA_READ_CONSUME_CHECK_CONSUMER) timestamp=1270 ms, used_size=13264896 bytes (32.4%)
(RDMA_READ_CONSUME_CHECK_CONSUMER) timestamp=1270 ms, used_size=13262848 bytes (32.4%)
(RDMA_READ_CONSUME_CHECK_CONSUMER) timestamp=1270 ms, used_size=13260800 bytes (32.4%)
(RDMA_READ_CONSUME_CHECK_CONSUMER) timestamp=1270 ms, used_size=13258752 bytes (32.4%)
(RDMA_READ_CONSUME_CHECK_CONSUMER) timestamp=1270 ms, used_size=13256704 bytes (32.4%)
(RDMA_READ_CONSUME_CHECK_CONSUMER) timestamp=1270 ms, used_size=13254656 bytes (32.4%)
(RDMA_READ_CONSUME_CHECK_CONSUMER) timestamp=1270 ms, used_size=13252608 bytes (32.4%)
(RDMA_READ_CONSUME_CHECK_CONSUMER) timestamp=1270 ms, used_size=13250560 bytes (32.4%)
(RDMA_READ_CONSUME_CHECK_CONSUMER) timestamp=1270 ms, used_size=13248512 bytes (32.3%)
(RDMA_READ_CONSUME_CHECK_CONSUMER) timestamp=1270 ms, used_size=13246464 bytes (32.3%)
(RDMA_READ_CONSUME_CHECK_CONSUMER) timestamp=1270 ms, used_size=13244416 bytes (32.3%)
(RDMA_READ_CONSUME_CHECK_CONSUMER) timestamp=1270 ms, used_size=13242368 bytes (32.3%)
(RDMA_READ_CONSUME_CHECK_CONSUMER) timestamp=1270 ms, used_size=13240320 bytes (32.3%)
(RDMA_READ_CONSUME_CHECK_CONSUMER) timestamp=1270 ms, used_size=13238272 bytes (32.3%)
(RDMA_READ_CONSUME_CHECK_CONSUMER) timestamp=1270 ms, used_size=13236224 bytes (32.3%)
(RDMA_READ_CONSUME_CHECK_CONSUMER) timestamp=1270 ms, used_size=13234176 bytes (32.3%)
(RDMA_READ_CONSUME_CHECK_CONSUMER) timestamp=1270 ms, used_size=13232128 bytes (32.3%)
(RDMA_READ_CONSUME_CHECK_CONSUMER) timestamp=1270 ms, used_size=13230080 bytes (32.3%)
(RDMA_READ_CONSUME_CHECK_CONSUMER) timestamp=1270 ms, used_size=13228032 bytes (32.3%)
(RDMA_READ_CONSUME_CHECK_CONSUMER) timestamp=1270 ms, used_size=13225984 bytes (32.3%)
(RDMA_READ_CONSUME_CHECK_CONSUMER) timestamp=1270 ms, used_size=13223936 bytes (32.3%)
(RDMA_READ_CONSUME_CHECK_CONSUMER) timestamp=1270 ms, used_size=13221888 bytes (32.3%)
(RDMA_READ_CONSUME_CHECK_CONSUMER) timestamp=1270 ms, used_size=13219840 bytes (32.3%)
(RDMA_READ_CONSUME_CHECK_CONSUMER) timestamp=1270 ms, used_size=13217792 bytes (32.3%)
(RDMA_READ_CONSUME_CHECK_CONSUMER) timestamp=1270 ms, used_size=13215744 bytes (32.3%)
(RDMA_READ_CONSUME_CHECK_CONSUMER) timestamp=1270 ms, used_size=13213696 bytes (32.3%)
(RDMA_READ_CONSUME_CHECK_CONSUMER) timestamp=1270 ms, used_size=13211648 bytes (32.3%)
(RDMA_READ_CONSUME_CHECK_CONSUMER) timestamp=1270 ms, used_size=13209600 bytes (32.2%)
(RDMA_READ_CONSUME_CHECK_CONSUMER) timestamp=1270 ms, used_size=13207552 bytes (32.2%)
(RDMA_READ_CONSUME_CHECK_CONSUMER) timestamp=1270 ms, used_size=13205504 bytes (32.2%)
(RDMA_READ_CONSUME_CHECK_CONSUMER) timestamp=1270 ms, used_size=13203456 bytes (32.2%)
(RDMA_READ_CONSUME_CHECK_CONSUMER) timestamp=1270 ms, used_size=13201408 bytes (32.2%)
(RDMA_READ_CONSUME_CHECK_CONSUMER) timestamp=1270 ms, used_size=13199360 bytes (32.2%)
(RDMA_READ_CONSUME_CHECK_CONSUMER) timestamp=1270 ms, used_size=13197312 bytes (32.2%)
(RDMA_READ_CONSUME_CHECK_CONSUMER) timestamp=1270 ms, used_size=13195264 bytes (32.2%)
(RDMA_READ_CONSUME_CHECK_CONSUMER) timestamp=1270 ms, used_size=13193216 bytes (32.2%)
(RDMA_READ_CONSUME_CHECK_CONSUMER) timestamp=1270 ms, used_size=13191168 bytes (32.2%)
(RDMA_READ_CONSUME_CHECK_CONSUMER) timestamp=1270 ms, used_size=13189120 bytes (32.2%)
(RDMA_READ_CONSUME_CHECK_CONSUMER) timestamp=1270 ms, used_size=13187072 bytes (32.2%)
(RDMA_READ_CONSUME_CHECK_CONSUMER) timestamp=1270 ms, used_size=13185024 bytes (32.2%)
(RDMA_READ_CONSUME_CHECK_CONSUMER) timestamp=1270 ms, used_size=13182976 bytes (32.2%)
(RDMA_READ_CONSUME_CHECK_CONSUMER) timestamp=1270 ms, used_size=13180928 bytes (32.2%)
(RDMA_READ_CONSUME_CHECK_CONSUMER) timestamp=1270 ms, used_size=13178880 bytes (32.2%)
(RDMA_READ_CONSUME_CHECK_CONSUMER) timestamp=1270 ms, used_size=13176832 bytes (32.2%)
(RDMA_READ_CONSUME_CHECK_CONSUMER) timestamp=1270 ms, used_size=13174784 bytes (32.2%)
(RDMA_READ_CONSUME_CHECK_CONSUMER) timestamp=1270 ms, used_size=13172736 bytes (32.2%)
(RDMA_READ_CONSUME_CHECK_CONSUMER) timestamp=1270 ms, used_size=13170688 bytes (32.2%)
(RDMA_READ_CONSUME_CHECK_CONSUMER) timestamp=1270 ms, used_size=13168640 bytes (32.1%)
(RDMA_READ_CONSUME_CHECK_CONSUMER) timestamp=1270 ms, used_size=13166592 bytes (32.1%)
(RDMA_READ_CONSUME_CHECK_CONSUMER) timestamp=1270 ms, used_size=13164544 bytes (32.1%)
(RDMA_READ_CONSUME_CHECK_CONSUMER) timestamp=1270 ms, used_size=13162496 bytes (32.1%)
(RDMA_READ_CONSUME_CHECK_CONSUMER) timestamp=1270 ms, used_size=13160448 bytes (32.1%)
(RDMA_READ_CONSUME_CHECK_CONSUMER) timestamp=1270 ms, used_size=13158400 bytes (32.1%)
(RDMA_READ_CONSUME_CHECK_CONSUMER) timestamp=1270 ms, used_size=13156352 bytes (32.1%)
(RDMA_READ_CONSUME_CHECK_CONSUMER) timestamp=1270 ms, used_size=13154304 bytes (32.1%)
(RDMA_READ_CONSUME_CHECK_CONSUMER) timestamp=1270 ms, used_size=13152256 bytes (32.1%)
(RDMA_READ_CONSUME_CHECK_CONSUMER) timestamp=1270 ms, used_size=13150208 bytes (32.1%)
(RDMA_READ_CONSUME_CHECK_CONSUMER) timestamp=1270 ms, used_size=13148160 bytes (32.1%)
(RDMA_READ_CONSUME_CHECK_CONSUMER) timestamp=1270 ms, used_size=13146112 bytes (32.1%)
(RDMA_READ_CONSUME_CHECK_CONSUMER) timestamp=1270 ms, used_size=13144064 bytes (32.1%)
(RDMA_READ_CONSUME_CHECK_CONSUMER) timestamp=1270 ms, used_size=13142016 bytes (32.1%)
(RDMA_READ_CONSUME_CHECK_CONSUMER) timestamp=1270 ms, used_size=13139968 bytes (32.1%)
(RDMA_READ_CONSUME_CHECK_CONSUMER) timestamp=1270 ms, used_size=13137920 bytes (32.1%)
(RDMA_READ_CONSUME_CHECK_CONSUMER) timestamp=1270 ms, used_size=13135872 bytes (32.1%)
(RDMA_READ_CONSUME_CHECK_CONSUMER) timestamp=1270 ms, used_size=13133824 bytes (32.1%)
(RDMA_READ_CONSUME_CHECK_CONSUMER) timestamp=1270 ms, used_size=13131776 bytes (32.1%)
(RDMA_READ_CONSUME_CHECK_CONSUMER) timestamp=1270 ms, used_size=13129728 bytes (32.1%)
(RDMA_READ_CONSUME_CHECK_CONSUMER) timestamp=1270 ms, used_size=13127680 bytes (32.0%)
(RDMA_READ_CONSUME_CHECK_CONSUMER) timestamp=1270 ms, used_size=13125632 bytes (32.0%)
(RDMA_READ_CONSUME_CHECK_CONSUMER) timestamp=1270 ms, used_size=13123584 bytes (32.0%)
(RDMA_READ_CONSUME_CHECK_CONSUMER) timestamp=1270 ms, used_size=13121536 bytes (32.0%)
(RDMA_READ_CONSUME_CHECK_CONSUMER) timestamp=1270 ms, used_size=13119488 bytes (32.0%)
(RDMA_READ_CONSUME_CHECK_CONSUMER) timestamp=1270 ms, used_size=13117440 bytes (32.0%)
(RDMA_READ_CONSUME_CHECK_CONSUMER) timestamp=1270 ms, used_size=13115392 bytes (32.0%)
(RDMA_READ_CONSUME_CHECK_CONSUMER) timestamp=1270 ms, used_size=13113344 bytes (32.0%)
(RDMA_READ_CONSUME_CHECK_CONSUMER) timestamp=1270 ms, used_size=13111296 bytes (32.0%)
(RDMA_READ_CONSUME_CHECK_CONSUMER) timestamp=1270 ms, used_size=13109248 bytes (32.0%)
(RDMA_READ_CONSUME_CHECK_CONSUMER) timestamp=1270 ms, used_size=13107200 bytes (32.0%)
(RDMA_READ_CONSUME_CHECK_CONSUMER) timestamp=1270 ms, used_size=13105152 bytes (32.0%)
(RDMA_READ_CONSUME_CHECK_CONSUMER) timestamp=1270 ms, used_size=13103104 bytes (32.0%)
(RDMA_READ_CONSUME_CHECK_CONSUMER) timestamp=1270 ms, used_size=13101056 bytes (32.0%)
(RDMA_READ_CONSUME_CHECK_CONSUMER) timestamp=1270 ms, used_size=13099008 bytes (32.0%)
(RDMA_READ_CONSUME_CHECK_CONSUMER) timestamp=1270 ms, used_size=13096960 bytes (32.0%)
(RDMA_READ_CONSUME_CHECK_CONSUMER) timestamp=1270 ms, used_size=13094912 bytes (32.0%)
(RDMA_READ_CONSUME_CHECK_CONSUMER) timestamp=1270 ms, used_size=13092864 bytes (32.0%)
(RDMA_READ_CONSUME_CHECK_CONSUMER) timestamp=1270 ms, used_size=13090816 bytes (32.0%)
(RDMA_READ_CONSUME_CHECK_CONSUMER) timestamp=1270 ms, used_size=13088768 bytes (32.0%)
(RDMA_READ_CONSUME_CHECK_CONSUMER) timestamp=1270 ms, used_size=13086720 bytes (31.9%)
(RDMA_READ_CONSUME_CHECK_CONSUMER) timestamp=1270 ms, used_size=13084672 bytes (31.9%)
(RDMA_READ_CONSUME_CHECK_CONSUMER) timestamp=1270 ms, used_size=13082624 bytes (31.9%)
(RDMA_READ_CONSUME_CHECK_CONSUMER) timestamp=1270 ms, used_size=13080576 bytes (31.9%)
(RDMA_READ_CONSUME_CHECK_CONSUMER) timestamp=1270 ms, used_size=13078528 bytes (31.9%)
(RDMA_READ_CONSUME_CHECK_CONSUMER) timestamp=1270 ms, used_size=13076480 bytes (31.9%)
(RDMA_READ_CONSUME_CHECK_CONSUMER) timestamp=1270 ms, used_size=13074432 bytes (31.9%)
(RDMA_READ_CONSUME_CHECK_CONSUMER) timestamp=1270 ms, used_size=13072384 bytes (31.9%)
(RDMA_READ_CONSUME_CHECK_CONSUMER) timestamp=1270 ms, used_size=13070336 bytes (31.9%)
(RDMA_READ_CONSUME_CHECK_CONSUMER) timestamp=1270 ms, used_size=13068288 bytes (31.9%)
(RDMA_READ_CONSUME_CHECK_CONSUMER) timestamp=1270 ms, used_size=13066240 bytes (31.9%)
(RDMA_READ_CONSUME_CHECK_CONSUMER) timestamp=1270 ms, used_size=13064192 bytes (31.9%)
(RDMA_READ_CONSUME_CHECK_CONSUMER) timestamp=1270 ms, used_size=13062144 bytes (31.9%)
(RDMA_READ_CONSUME_CHECK_CONSUMER) timestamp=1270 ms, used_size=13060096 bytes (31.9%)
(RDMA_READ_CONSUME_CHECK_CONSUMER) timestamp=1270 ms, used_size=13058048 bytes (31.9%)
(RDMA_READ_CONSUME_CHECK_CONSUMER) timestamp=1270 ms, used_size=13056000 bytes (31.9%)
(RDMA_READ_CONSUME_CHECK_CONSUMER) timestamp=1270 ms, used_size=13053952 bytes (31.9%)
(RDMA_READ_CONSUME_CHECK_CONSUMER) timestamp=1270 ms, used_size=13051904 bytes (31.9%)
(RDMA_READ_CONSUME_CHECK_CONSUMER) timestamp=1270 ms, used_size=13049856 bytes (31.9%)
(RDMA_READ_CONSUME_CHECK_CONSUMER) timestamp=1270 ms, used_size=13047808 bytes (31.9%)
(RDMA_READ_CONSUME_CHECK_CONSUMER) timestamp=1270 ms, used_size=13045760 bytes (31.9%)
(RDMA_READ_CONSUME_CHECK_CONSUMER) timestamp=1270 ms, used_size=13043712 bytes (31.8%)
(RDMA_READ_CONSUME_CHECK_CONSUMER) timestamp=1270 ms, used_size=13041664 bytes (31.8%)
(RDMA_READ_CONSUME_CHECK_CONSUMER) timestamp=1270 ms, used_size=13039616 bytes (31.8%)
(RDMA_READ_CONSUME_CHECK_CONSUMER) timestamp=1270 ms, used_size=13037568 bytes (31.8%)
(RDMA_READ_CONSUME_CHECK_CONSUMER) timestamp=1270 ms, used_size=13035520 bytes (31.8%)
(RDMA_READ_CONSUME_CHECK_CONSUMER) timestamp=1270 ms, used_size=13033472 bytes (31.8%)
(RDMA_READ_CONSUME_CHECK_CONSUMER) timestamp=1270 ms, used_size=13031424 bytes (31.8%)
(RDMA_READ_CONSUME_CHECK_CONSUMER) timestamp=1270 ms, used_size=13029376 bytes (31.8%)
(RDMA_READ_CONSUME_CHECK_CONSUMER) timestamp=1270 ms, used_size=13027328 bytes (31.8%)
(RDMA_READ_CONSUME_CHECK_CONSUMER) timestamp=1270 ms, used_size=13025280 bytes (31.8%)
(RDMA_READ_CONSUME_CHECK_CONSUMER) timestamp=1270 ms, used_size=13023232 bytes (31.8%)
(RDMA_READ_CONSUME_CHECK_CONSUMER) timestamp=1270 ms, used_size=13021184 bytes (31.8%)
(RDMA_READ_CONSUME_CHECK_CONSUMER) timestamp=1270 ms, used_size=13019136 bytes (31.8%)
(RDMA_READ_CONSUME_CHECK_CONSUMER) timestamp=1270 ms, used_size=13017088 bytes (31.8%)
(RDMA_READ_CONSUME_CHECK_CONSUMER) timestamp=1270 ms, used_size=13015040 bytes (31.8%)
(RDMA_READ_CONSUME_CHECK_CONSUMER) timestamp=1270 ms, used_size=13012992 bytes (31.8%)
(RDMA_READ_CONSUME_CHECK_CONSUMER) timestamp=1270 ms, used_size=13010944 bytes (31.8%)
(RDMA_READ_CONSUME_CHECK_CONSUMER) timestamp=1270 ms, used_size=13008896 bytes (31.8%)
(RDMA_READ_CONSUME_CHECK_CONSUMER) timestamp=1270 ms, used_size=13006848 bytes (31.8%)
(RDMA_READ_CONSUME_CHECK_CONSUMER) timestamp=1270 ms, used_size=13004800 bytes (31.8%)
(RDMA_READ_CONSUME_CHECK_CONSUMER) timestamp=1270 ms, used_size=13002752 bytes (31.7%)
(RDMA_READ_CONSUME_CHECK_CONSUMER) timestamp=1270 ms, used_size=13000704 bytes (31.7%)
(RDMA_READ_CONSUME_CHECK_CONSUMER) timestamp=1270 ms, used_size=12998656 bytes (31.7%)
(RDMA_READ_CONSUME_CHECK_CONSUMER) timestamp=1270 ms, used_size=12996608 bytes (31.7%)
(RDMA_READ_CONSUME_CHECK_CONSUMER) timestamp=1270 ms, used_size=12994560 bytes (31.7%)
(RDMA_READ_CONSUME_CHECK_CONSUMER) timestamp=1270 ms, used_size=12992512 bytes (31.7%)
(RDMA_READ_CONSUME_CHECK_CONSUMER) timestamp=1270 ms, used_size=12990464 bytes (31.7%)
(RDMA_READ_CONSUME_CHECK_CONSUMER) timestamp=1270 ms, used_size=12988416 bytes (31.7%)
(RDMA_READ_CONSUME_CHECK_CONSUMER) timestamp=1270 ms, used_size=12986368 bytes (31.7%)
(RDMA_READ_CONSUME_CHECK_CONSUMER) timestamp=1270 ms, used_size=12984320 bytes (31.7%)
(RDMA_READ_CONSUME_CHECK_CONSUMER) timestamp=1270 ms, used_size=12982272 bytes (31.7%)
(RDMA_READ_CONSUME_CHECK_CONSUMER) timestamp=1270 ms, used_size=12980224 bytes (31.7%)
(RDMA_READ_CONSUME_CHECK_CONSUMER) timestamp=1270 ms, used_size=12978176 bytes (31.7%)
(RDMA_READ_CONSUME_CHECK_CONSUMER) timestamp=1270 ms, used_size=12976128 bytes (31.7%)
(RDMA_READ_CONSUME_CHECK_CONSUMER) timestamp=1270 ms, used_size=12974080 bytes (31.7%)
(RDMA_READ_CONSUME_CHECK_CONSUMER) timestamp=1270 ms, used_size=12972032 bytes (31.7%)
(RDMA_READ_CONSUME_CHECK_CONSUMER) timestamp=1270 ms, used_size=12969984 bytes (31.7%)
(RDMA_READ_CONSUME_CHECK_CONSUMER) timestamp=1270 ms, used_size=12967936 bytes (31.7%)
(RDMA_READ_CONSUME_CHECK_CONSUMER) timestamp=1270 ms, used_size=12965888 bytes (31.7%)
(RDMA_READ_CONSUME_CHECK_CONSUMER) timestamp=1270 ms, used_size=12963840 bytes (31.6%)
(RDMA_READ_CONSUME_CHECK_CONSUMER) timestamp=1270 ms, used_size=12961792 bytes (31.6%)
(RDMA_READ_CONSUME_CHECK_CONSUMER) timestamp=1270 ms, used_size=12959744 bytes (31.6%)
(RDMA_READ_CONSUME_CHECK_CONSUMER) timestamp=1270 ms, used_size=12957696 bytes (31.6%)
(RDMA_READ_CONSUME_CHECK_CONSUMER) timestamp=1270 ms, used_size=12955648 bytes (31.6%)
(RDMA_READ_CONSUME_CHECK_CONSUMER) timestamp=1270 ms, used_size=12953600 bytes (31.6%)
(RDMA_READ_CONSUME_CHECK_CONSUMER) timestamp=1270 ms, used_size=12951552 bytes (31.6%)
(RDMA_READ_CONSUME_CHECK_CONSUMER) timestamp=1270 ms, used_size=12949504 bytes (31.6%)
(RDMA_READ_CONSUME_CHECK_CONSUMER) timestamp=1270 ms, used_size=12947456 bytes (31.6%)
(RDMA_READ_CONSUME_CHECK_CONSUMER) timestamp=1270 ms, used_size=12945408 bytes (31.6%)
(RDMA_READ_CONSUME_CHECK_CONSUMER) timestamp=1270 ms, used_size=12943360 bytes (31.6%)
(RDMA_READ_CONSUME_CHECK_CONSUMER) timestamp=1270 ms, used_size=12941312 bytes (31.6%)
(RDMA_READ_CONSUME_CHECK_CONSUMER) timestamp=1271 ms, used_size=12939264 bytes (31.6%)
(RDMA_READ_CONSUME_CHECK_CONSUMER) timestamp=1271 ms, used_size=12937216 bytes (31.6%)
(RDMA_READ_CONSUME_CHECK_CONSUMER) timestamp=1271 ms, used_size=12935168 bytes (31.6%)
(RDMA_READ_CONSUME_CHECK_CONSUMER) timestamp=1271 ms, used_size=12933120 bytes (31.6%)
(RDMA_READ_CONSUME_CHECK_CONSUMER) timestamp=1271 ms, used_size=12931072 bytes (31.6%)
(RDMA_READ_CONSUME_CHECK_CONSUMER) timestamp=1271 ms, used_size=12929024 bytes (31.6%)
(RDMA_READ_CONSUME_CHECK_CONSUMER) timestamp=1271 ms, used_size=12926976 bytes (31.6%)
(RDMA_READ_CONSUME_CHECK_CONSUMER) timestamp=1271 ms, used_size=12924928 bytes (31.6%)
(RDMA_READ_CONSUME_CHECK_CONSUMER) timestamp=1271 ms, used_size=12922880 bytes (31.6%)
(RDMA_READ_CONSUME_CHECK_CONSUMER) timestamp=1271 ms, used_size=12920832 bytes (31.5%)
(RDMA_READ_CONSUME_CHECK_CONSUMER) timestamp=1271 ms, used_size=12918784 bytes (31.5%)
(RDMA_READ_CONSUME_CHECK_CONSUMER) timestamp=1271 ms, used_size=12916736 bytes (31.5%)
(RDMA_READ_CONSUME_CHECK_CONSUMER) timestamp=1271 ms, used_size=12914688 bytes (31.5%)
(RDMA_READ_CONSUME_CHECK_CONSUMER) timestamp=1271 ms, used_size=12912640 bytes (31.5%)
(RDMA_READ_CONSUME_CHECK_CONSUMER) timestamp=1271 ms, used_size=12910592 bytes (31.5%)
(RDMA_READ_CONSUME_CHECK_CONSUMER) timestamp=1271 ms, used_size=12908544 bytes (31.5%)
(RDMA_READ_CONSUME_CHECK_CONSUMER) timestamp=1271 ms, used_size=12906496 bytes (31.5%)
(RDMA_READ_CONSUME_CHECK_CONSUMER) timestamp=1271 ms, used_size=12904448 bytes (31.5%)
(RDMA_READ_CONSUME_CHECK_CONSUMER) timestamp=1271 ms, used_size=12902400 bytes (31.5%)
(RDMA_READ_CONSUME_CHECK_CONSUMER) timestamp=1271 ms, used_size=12900352 bytes (31.5%)
(RDMA_READ_CONSUME_CHECK_CONSUMER) timestamp=1271 ms, used_size=12898304 bytes (31.5%)
(RDMA_READ_CONSUME_CHECK_CONSUMER) timestamp=1271 ms, used_size=12896256 bytes (31.5%)
(RDMA_READ_CONSUME_CHECK_CONSUMER) timestamp=1271 ms, used_size=12894208 bytes (31.5%)
(RDMA_READ_CONSUME_CHECK_CONSUMER) timestamp=1271 ms, used_size=12892160 bytes (31.5%)
(RDMA_READ_CONSUME_CHECK_CONSUMER) timestamp=1271 ms, used_size=12890112 bytes (31.5%)
(RDMA_READ_CONSUME_CHECK_CONSUMER) timestamp=1271 ms, used_size=12888064 bytes (31.5%)
(RDMA_READ_CONSUME_CHECK_CONSUMER) timestamp=1271 ms, used_size=12886016 bytes (31.5%)
(RDMA_READ_CONSUME_CHECK_CONSUMER) timestamp=1271 ms, used_size=12883968 bytes (31.5%)
(RDMA_READ_CONSUME_CHECK_CONSUMER) timestamp=1271 ms, used_size=12881920 bytes (31.4%)
(RDMA_READ_CONSUME_CHECK_CONSUMER) timestamp=1271 ms, used_size=12879872 bytes (31.4%)
(RDMA_READ_CONSUME_CHECK_CONSUMER) timestamp=1271 ms, used_size=12877824 bytes (31.4%)
(RDMA_READ_CONSUME_CHECK_CONSUMER) timestamp=1271 ms, used_size=12875776 bytes (31.4%)
(RDMA_READ_CONSUME_CHECK_CONSUMER) timestamp=1271 ms, used_size=12873728 bytes (31.4%)
(RDMA_READ_CONSUME_CHECK_CONSUMER) timestamp=1271 ms, used_size=12871680 bytes (31.4%)
(RDMA_READ_CONSUME_CHECK_CONSUMER) timestamp=1271 ms, used_size=12869632 bytes (31.4%)
(RDMA_READ_CONSUME_CHECK_CONSUMER) timestamp=1271 ms, used_size=12867584 bytes (31.4%)
(RDMA_READ_CONSUME_CHECK_CONSUMER) timestamp=1271 ms, used_size=12865536 bytes (31.4%)
(RDMA_READ_CONSUME_CHECK_CONSUMER) timestamp=1271 ms, used_size=12863488 bytes (31.4%)
(RDMA_READ_CONSUME_CHECK_CONSUMER) timestamp=1271 ms, used_size=12861440 bytes (31.4%)
(RDMA_READ_CONSUME_CHECK_CONSUMER) timestamp=1271 ms, used_size=12859392 bytes (31.4%)
(RDMA_READ_CONSUME_CHECK_CONSUMER) timestamp=1271 ms, used_size=12857344 bytes (31.4%)
(RDMA_READ_CONSUME_CHECK_CONSUMER) timestamp=1271 ms, used_size=12855296 bytes (31.4%)
(RDMA_READ_CONSUME_CHECK_CONSUMER) timestamp=1271 ms, used_size=12853248 bytes (31.4%)
(RDMA_READ_CONSUME_CHECK_CONSUMER) timestamp=1271 ms, used_size=12851200 bytes (31.4%)
(RDMA_READ_CONSUME_CHECK_CONSUMER) timestamp=1271 ms, used_size=12849152 bytes (31.4%)
(RDMA_READ_CONSUME_CHECK_CONSUMER) timestamp=1271 ms, used_size=12847104 bytes (31.4%)
(RDMA_READ_CONSUME_CHECK_CONSUMER) timestamp=1271 ms, used_size=12845056 bytes (31.4%)
(RDMA_READ_CONSUME_CHECK_CONSUMER) timestamp=1271 ms, used_size=12843008 bytes (31.4%)
(RDMA_READ_CONSUME_CHECK_CONSUMER) timestamp=1271 ms, used_size=12840960 bytes (31.4%)
(RDMA_READ_CONSUME_CHECK_CONSUMER) timestamp=1271 ms, used_size=12838912 bytes (31.3%)
(RDMA_READ_CONSUME_CHECK_CONSUMER) timestamp=1271 ms, used_size=12836864 bytes (31.3%)
(RDMA_READ_CONSUME_CHECK_CONSUMER) timestamp=1271 ms, used_size=12834816 bytes (31.3%)
(RDMA_READ_CONSUME_CHECK_CONSUMER) timestamp=1271 ms, used_size=12832768 bytes (31.3%)
(RDMA_READ_CONSUME_CHECK_CONSUMER) timestamp=1271 ms, used_size=12830720 bytes (31.3%)
(RDMA_READ_CONSUME_CHECK_CONSUMER) timestamp=1271 ms, used_size=12828672 bytes (31.3%)
(RDMA_READ_CONSUME_CHECK_CONSUMER) timestamp=1271 ms, used_size=12826624 bytes (31.3%)
(RDMA_READ_CONSUME_CHECK_CONSUMER) timestamp=1271 ms, used_size=12824576 bytes (31.3%)
(RDMA_READ_CONSUME_CHECK_CONSUMER) timestamp=1271 ms, used_size=12822528 bytes (31.3%)
(RDMA_READ_CONSUME_CHECK_CONSUMER) timestamp=1271 ms, used_size=12820480 bytes (31.3%)
(RDMA_READ_CONSUME_CHECK_CONSUMER) timestamp=1271 ms, used_size=12818432 bytes (31.3%)
(RDMA_READ_CONSUME_CHECK_CONSUMER) timestamp=1271 ms, used_size=12816384 bytes (31.3%)
(RDMA_READ_CONSUME_CHECK_CONSUMER) timestamp=1271 ms, used_size=12814336 bytes (31.3%)
(RDMA_READ_CONSUME_CHECK_CONSUMER) timestamp=1271 ms, used_size=12812288 bytes (31.3%)
(RDMA_READ_CONSUME_CHECK_CONSUMER) timestamp=1271 ms, used_size=12810240 bytes (31.3%)
(RDMA_READ_CONSUME_CHECK_CONSUMER) timestamp=1271 ms, used_size=12808192 bytes (31.3%)
(RDMA_READ_CONSUME_CHECK_CONSUMER) timestamp=1271 ms, used_size=12806144 bytes (31.3%)
(RDMA_READ_CONSUME_CHECK_CONSUMER) timestamp=1271 ms, used_size=12804096 bytes (31.3%)
(RDMA_READ_CONSUME_CHECK_CONSUMER) timestamp=1271 ms, used_size=12802048 bytes (31.3%)
(RDMA_READ_CONSUME_CHECK_CONSUMER) timestamp=1271 ms, used_size=12800000 bytes (31.2%)
(RDMA_READ_CONSUME_CHECK_CONSUMER) timestamp=1271 ms, used_size=12797952 bytes (31.2%)
(RDMA_READ_CONSUME_CHECK_CONSUMER) timestamp=1271 ms, used_size=12795904 bytes (31.2%)
(RDMA_READ_CONSUME_CHECK_CONSUMER) timestamp=1271 ms, used_size=12793856 bytes (31.2%)
(RDMA_READ_CONSUME_CHECK_CONSUMER) timestamp=1271 ms, used_size=12791808 bytes (31.2%)
(RDMA_READ_CONSUME_CHECK_CONSUMER) timestamp=1271 ms, used_size=12789760 bytes (31.2%)
(RDMA_READ_CONSUME_CHECK_CONSUMER) timestamp=1271 ms, used_size=12787712 bytes (31.2%)
(RDMA_READ_CONSUME_CHECK_CONSUMER) timestamp=1271 ms, used_size=12785664 bytes (31.2%)
(RDMA_READ_CONSUME_CHECK_CONSUMER) timestamp=1271 ms, used_size=12783616 bytes (31.2%)
(RDMA_READ_CONSUME_CHECK_CONSUMER) timestamp=1271 ms, used_size=12781568 bytes (31.2%)
(RDMA_READ_CONSUME_CHECK_CONSUMER) timestamp=1271 ms, used_size=12779520 bytes (31.2%)
(RDMA_READ_CONSUME_CHECK_CONSUMER) timestamp=1271 ms, used_size=12777472 bytes (31.2%)
(RDMA_READ_CONSUME_CHECK_CONSUMER) timestamp=1271 ms, used_size=12775424 bytes (31.2%)
(RDMA_READ_CONSUME_CHECK_CONSUMER) timestamp=1271 ms, used_size=12773376 bytes (31.2%)
(RDMA_READ_CONSUME_CHECK_CONSUMER) timestamp=1271 ms, used_size=12771328 bytes (31.2%)
(RDMA_READ_CONSUME_CHECK_CONSUMER) timestamp=1271 ms, used_size=12769280 bytes (31.2%)
(RDMA_READ_CONSUME_CHECK_CONSUMER) timestamp=1271 ms, used_size=12767232 bytes (31.2%)
(RDMA_READ_CONSUME_CHECK_CONSUMER) timestamp=1271 ms, used_size=12765184 bytes (31.2%)
(RDMA_READ_CONSUME_CHECK_CONSUMER) timestamp=1271 ms, used_size=12763136 bytes (31.2%)
(RDMA_READ_CONSUME_CHECK_CONSUMER) timestamp=1271 ms, used_size=12761088 bytes (31.2%)
(RDMA_READ_CONSUME_CHECK_CONSUMER) timestamp=1271 ms, used_size=12759040 bytes (31.1%)
(RDMA_READ_CONSUME_CHECK_CONSUMER) timestamp=1271 ms, used_size=12756992 bytes (31.1%)
(RDMA_READ_CONSUME_CHECK_CONSUMER) timestamp=1271 ms, used_size=12754944 bytes (31.1%)
(RDMA_READ_CONSUME_CHECK_CONSUMER) timestamp=1271 ms, used_size=12752896 bytes (31.1%)
(RDMA_READ_CONSUME_CHECK_CONSUMER) timestamp=1271 ms, used_size=12750848 bytes (31.1%)
(RDMA_READ_CONSUME_CHECK_CONSUMER) timestamp=1271 ms, used_size=12748800 bytes (31.1%)
(RDMA_READ_CONSUME_CHECK_CONSUMER) timestamp=1271 ms, used_size=12746752 bytes (31.1%)
(RDMA_READ_CONSUME_CHECK_CONSUMER) timestamp=1271 ms, used_size=12744704 bytes (31.1%)
(RDMA_READ_CONSUME_CHECK_CONSUMER) timestamp=1271 ms, used_size=12742656 bytes (31.1%)
(RDMA_READ_CONSUME_CHECK_CONSUMER) timestamp=1271 ms, used_size=12740608 bytes (31.1%)
(RDMA_READ_CONSUME_CHECK_CONSUMER) timestamp=1271 ms, used_size=12738560 bytes (31.1%)
(RDMA_READ_CONSUME_CHECK_CONSUMER) timestamp=1271 ms, used_size=12736512 bytes (31.1%)
(RDMA_READ_CONSUME_CHECK_CONSUMER) timestamp=1271 ms, used_size=12734464 bytes (31.1%)
(RDMA_READ_CONSUME_CHECK_CONSUMER) timestamp=1271 ms, used_size=12732416 bytes (31.1%)
(RDMA_READ_CONSUME_CHECK_CONSUMER) timestamp=1271 ms, used_size=12730368 bytes (31.1%)
(RDMA_READ_CONSUME_CHECK_CONSUMER) timestamp=1271 ms, used_size=12728320 bytes (31.1%)
(RDMA_READ_CONSUME_CHECK_CONSUMER) timestamp=1271 ms, used_size=12726272 bytes (31.1%)
(RDMA_READ_CONSUME_CHECK_CONSUMER) timestamp=1271 ms, used_size=12724224 bytes (31.1%)
(RDMA_READ_CONSUME_CHECK_CONSUMER) timestamp=1271 ms, used_size=12722176 bytes (31.1%)
(RDMA_READ_CONSUME_CHECK_CONSUMER) timestamp=1271 ms, used_size=12720128 bytes (31.1%)
(RDMA_READ_CONSUME_CHECK_CONSUMER) timestamp=1271 ms, used_size=12718080 bytes (31.1%)
(RDMA_READ_CONSUME_CHECK_CONSUMER) timestamp=1271 ms, used_size=12716032 bytes (31.0%)
(RDMA_READ_CONSUME_CHECK_CONSUMER) timestamp=1271 ms, used_size=12713984 bytes (31.0%)
(RDMA_READ_CONSUME_CHECK_CONSUMER) timestamp=1271 ms, used_size=12711936 bytes (31.0%)
(RDMA_READ_CONSUME_CHECK_CONSUMER) timestamp=1271 ms, used_size=12709888 bytes (31.0%)
(RDMA_READ_CONSUME_CHECK_CONSUMER) timestamp=1271 ms, used_size=12707840 bytes (31.0%)
(RDMA_READ_CONSUME_CHECK_CONSUMER) timestamp=1271 ms, used_size=12705792 bytes (31.0%)
(RDMA_READ_CONSUME_CHECK_CONSUMER) timestamp=1271 ms, used_size=12703744 bytes (31.0%)
(RDMA_READ_CONSUME_CHECK_CONSUMER) timestamp=1271 ms, used_size=12701696 bytes (31.0%)
(RDMA_READ_CONSUME_CHECK_CONSUMER) timestamp=1271 ms, used_size=12699648 bytes (31.0%)
(RDMA_READ_CONSUME_CHECK_CONSUMER) timestamp=1271 ms, used_size=12697600 bytes (31.0%)
(RDMA_READ_CONSUME_CHECK_CONSUMER) timestamp=1271 ms, used_size=12695552 bytes (31.0%)
(RDMA_READ_CONSUME_CHECK_CONSUMER) timestamp=1271 ms, used_size=12693504 bytes (31.0%)
(RDMA_READ_CONSUME_CHECK_CONSUMER) timestamp=1271 ms, used_size=12691456 bytes (31.0%)
(RDMA_READ_CONSUME_CHECK_CONSUMER) timestamp=1271 ms, used_size=12689408 bytes (31.0%)
(RDMA_READ_CONSUME_CHECK_CONSUMER) timestamp=1271 ms, used_size=12687360 bytes (31.0%)
(RDMA_READ_CONSUME_CHECK_CONSUMER) timestamp=1271 ms, used_size=12685312 bytes (31.0%)
(RDMA_READ_CONSUME_CHECK_CONSUMER) timestamp=1271 ms, used_size=12683264 bytes (31.0%)
(RDMA_READ_CONSUME_CHECK_CONSUMER) timestamp=1271 ms, used_size=12681216 bytes (31.0%)
(RDMA_READ_CONSUME_CHECK_CONSUMER) timestamp=1271 ms, used_size=12679168 bytes (31.0%)
(RDMA_READ_CONSUME_CHECK_CONSUMER) timestamp=1271 ms, used_size=12677120 bytes (30.9%)
(RDMA_READ_CONSUME_CHECK_CONSUMER) timestamp=1271 ms, used_size=12675072 bytes (30.9%)
(RDMA_READ_CONSUME_CHECK_CONSUMER) timestamp=1271 ms, used_size=12673024 bytes (30.9%)
(RDMA_READ_CONSUME_CHECK_CONSUMER) timestamp=1271 ms, used_size=12670976 bytes (30.9%)
(RDMA_READ_CONSUME_CHECK_CONSUMER) timestamp=1271 ms, used_size=12668928 bytes (30.9%)
(RDMA_READ_CONSUME_CHECK_CONSUMER) timestamp=1271 ms, used_size=12666880 bytes (30.9%)
(RDMA_READ_CONSUME_CHECK_CONSUMER) timestamp=1271 ms, used_size=12664832 bytes (30.9%)
(RDMA_READ_CONSUME_CHECK_CONSUMER) timestamp=1271 ms, used_size=12662784 bytes (30.9%)
(RDMA_READ_CONSUME_CHECK_CONSUMER) timestamp=1271 ms, used_size=12660736 bytes (30.9%)
(RDMA_READ_CONSUME_CHECK_CONSUMER) timestamp=1271 ms, used_size=12658688 bytes (30.9%)
(RDMA_READ_CONSUME_CHECK_CONSUMER) timestamp=1271 ms, used_size=12656640 bytes (30.9%)
(RDMA_READ_CONSUME_CHECK_CONSUMER) timestamp=1271 ms, used_size=12654592 bytes (30.9%)
(RDMA_READ_CONSUME_CHECK_CONSUMER) timestamp=1271 ms, used_size=12652544 bytes (30.9%)
(RDMA_READ_CONSUME_CHECK_CONSUMER) timestamp=1271 ms, used_size=12650496 bytes (30.9%)
(RDMA_READ_CONSUME_CHECK_CONSUMER) timestamp=1271 ms, used_size=12648448 bytes (30.9%)
(RDMA_READ_CONSUME_CHECK_CONSUMER) timestamp=1271 ms, used_size=12646400 bytes (30.9%)
(RDMA_READ_CONSUME_CHECK_CONSUMER) timestamp=1271 ms, used_size=12644352 bytes (30.9%)
(RDMA_READ_CONSUME_CHECK_CONSUMER) timestamp=1271 ms, used_size=12642304 bytes (30.9%)
(RDMA_READ_CONSUME_CHECK_CONSUMER) timestamp=1271 ms, used_size=12640256 bytes (30.9%)
(RDMA_READ_CONSUME_CHECK_CONSUMER) timestamp=1271 ms, used_size=12638208 bytes (30.9%)
(RDMA_READ_CONSUME_CHECK_CONSUMER) timestamp=1271 ms, used_size=12636160 bytes (30.9%)
(RDMA_READ_CONSUME_CHECK_CONSUMER) timestamp=1271 ms, used_size=12634112 bytes (30.8%)
(RDMA_READ_CONSUME_CHECK_CONSUMER) timestamp=1271 ms, used_size=12632064 bytes (30.8%)
(RDMA_READ_CONSUME_CHECK_CONSUMER) timestamp=1271 ms, used_size=12630016 bytes (30.8%)
(RDMA_READ_CONSUME_CHECK_CONSUMER) timestamp=1271 ms, used_size=12627968 bytes (30.8%)
(RDMA_READ_CONSUME_CHECK_CONSUMER) timestamp=1271 ms, used_size=12625920 bytes (30.8%)
(RDMA_READ_CONSUME_CHECK_CONSUMER) timestamp=1271 ms, used_size=12623872 bytes (30.8%)
(RDMA_READ_CONSUME_CHECK_CONSUMER) timestamp=1271 ms, used_size=12621824 bytes (30.8%)
(RDMA_READ_CONSUME_CHECK_CONSUMER) timestamp=1271 ms, used_size=12619776 bytes (30.8%)
(RDMA_READ_CONSUME_CHECK_CONSUMER) timestamp=1271 ms, used_size=12617728 bytes (30.8%)
(RDMA_READ_CONSUME_CHECK_CONSUMER) timestamp=1271 ms, used_size=12615680 bytes (30.8%)
(RDMA_READ_CONSUME_CHECK_CONSUMER) timestamp=1271 ms, used_size=12613632 bytes (30.8%)
(RDMA_READ_CONSUME_CHECK_CONSUMER) timestamp=1271 ms, used_size=12611584 bytes (30.8%)
(RDMA_READ_CONSUME_CHECK_CONSUMER) timestamp=1271 ms, used_size=12609536 bytes (30.8%)
(RDMA_READ_CONSUME_CHECK_CONSUMER) timestamp=1271 ms, used_size=12607488 bytes (30.8%)
(RDMA_READ_CONSUME_CHECK_CONSUMER) timestamp=1271 ms, used_size=12605440 bytes (30.8%)
(RDMA_READ_CONSUME_CHECK_CONSUMER) timestamp=1271 ms, used_size=12603392 bytes (30.8%)
(RDMA_READ_CONSUME_CHECK_CONSUMER) timestamp=1271 ms, used_size=12601344 bytes (30.8%)
(RDMA_READ_CONSUME_CHECK_CONSUMER) timestamp=1271 ms, used_size=12599296 bytes (30.8%)
(RDMA_READ_CONSUME_CHECK_CONSUMER) timestamp=1271 ms, used_size=12597248 bytes (30.8%)
(RDMA_READ_CONSUME_CHECK_CONSUMER) timestamp=1271 ms, used_size=12595200 bytes (30.8%)
(RDMA_READ_CONSUME_CHECK_CONSUMER) timestamp=1271 ms, used_size=12593152 bytes (30.7%)
(RDMA_READ_CONSUME_CHECK_CONSUMER) timestamp=1271 ms, used_size=12591104 bytes (30.7%)
(RDMA_READ_CONSUME_CHECK_CONSUMER) timestamp=1271 ms, used_size=12589056 bytes (30.7%)
(RDMA_READ_CONSUME_CHECK_CONSUMER) timestamp=1271 ms, used_size=12587008 bytes (30.7%)
(RDMA_READ_CONSUME_CHECK_CONSUMER) timestamp=1271 ms, used_size=12584960 bytes (30.7%)
(RDMA_READ_CONSUME_CHECK_CONSUMER) timestamp=1271 ms, used_size=12582912 bytes (30.7%)
(RDMA_READ_CONSUME_CHECK_CONSUMER) timestamp=1271 ms, used_size=12580864 bytes (30.7%)
(RDMA_READ_CONSUME_CHECK_CONSUMER) timestamp=1271 ms, used_size=12578816 bytes (30.7%)
(RDMA_READ_CONSUME_CHECK_CONSUMER) timestamp=1271 ms, used_size=12576768 bytes (30.7%)
(RDMA_READ_CONSUME_CHECK_CONSUMER) timestamp=1271 ms, used_size=12574720 bytes (30.7%)
(RDMA_READ_CONSUME_CHECK_CONSUMER) timestamp=1271 ms, used_size=12572672 bytes (30.7%)
(RDMA_READ_CONSUME_CHECK_CONSUMER) timestamp=1272 ms, used_size=12570624 bytes (30.7%)
(RDMA_READ_CONSUME_CHECK_CONSUMER) timestamp=1272 ms, used_size=12568576 bytes (30.7%)
(RDMA_READ_CONSUME_CHECK_CONSUMER) timestamp=1272 ms, used_size=12566528 bytes (30.7%)
(RDMA_READ_CONSUME_CHECK_CONSUMER) timestamp=1272 ms, used_size=12564480 bytes (30.7%)
(RDMA_READ_CONSUME_CHECK_CONSUMER) timestamp=1272 ms, used_size=12562432 bytes (30.7%)
(RDMA_READ_CONSUME_CHECK_CONSUMER) timestamp=1272 ms, used_size=12560384 bytes (30.7%)
(RDMA_READ_CONSUME_CHECK_CONSUMER) timestamp=1272 ms, used_size=12558336 bytes (30.7%)
(RDMA_READ_CONSUME_CHECK_CONSUMER) timestamp=1272 ms, used_size=12556288 bytes (30.7%)
(RDMA_READ_CONSUME_CHECK_CONSUMER) timestamp=1272 ms, used_size=12554240 bytes (30.6%)
(RDMA_READ_CONSUME_CHECK_CONSUMER) timestamp=1272 ms, used_size=12552192 bytes (30.6%)
(RDMA_READ_CONSUME_CHECK_CONSUMER) timestamp=1272 ms, used_size=12550144 bytes (30.6%)
(RDMA_READ_CONSUME_CHECK_CONSUMER) timestamp=1272 ms, used_size=12548096 bytes (30.6%)
(RDMA_READ_CONSUME_CHECK_CONSUMER) timestamp=1272 ms, used_size=12546048 bytes (30.6%)
(RDMA_READ_CONSUME_CHECK_CONSUMER) timestamp=1272 ms, used_size=12544000 bytes (30.6%)
(RDMA_READ_CONSUME_CHECK_CONSUMER) timestamp=1272 ms, used_size=12541952 bytes (30.6%)
(RDMA_READ_CONSUME_CHECK_CONSUMER) timestamp=1272 ms, used_size=12539904 bytes (30.6%)
(RDMA_READ_CONSUME_CHECK_CONSUMER) timestamp=1272 ms, used_size=12537856 bytes (30.6%)
(RDMA_READ_CONSUME_CHECK_CONSUMER) timestamp=1272 ms, used_size=12535808 bytes (30.6%)
(RDMA_READ_CONSUME_CHECK_CONSUMER) timestamp=1272 ms, used_size=12533760 bytes (30.6%)
(RDMA_READ_CONSUME_CHECK_CONSUMER) timestamp=1272 ms, used_size=12531712 bytes (30.6%)
(RDMA_READ_CONSUME_CHECK_CONSUMER) timestamp=1272 ms, used_size=12529664 bytes (30.6%)
(RDMA_READ_CONSUME_CHECK_CONSUMER) timestamp=1272 ms, used_size=12527616 bytes (30.6%)
(RDMA_READ_CONSUME_CHECK_CONSUMER) timestamp=1272 ms, used_size=12525568 bytes (30.6%)
(RDMA_READ_CONSUME_CHECK_CONSUMER) timestamp=1272 ms, used_size=12523520 bytes (30.6%)
(RDMA_READ_CONSUME_CHECK_CONSUMER) timestamp=1272 ms, used_size=12521472 bytes (30.6%)
(RDMA_READ_CONSUME_CHECK_CONSUMER) timestamp=1272 ms, used_size=12519424 bytes (30.6%)
(RDMA_READ_CONSUME_CHECK_CONSUMER) timestamp=1272 ms, used_size=12517376 bytes (30.6%)
(RDMA_READ_CONSUME_CHECK_CONSUMER) timestamp=1272 ms, used_size=12515328 bytes (30.6%)
(RDMA_READ_CONSUME_CHECK_CONSUMER) timestamp=1272 ms, used_size=12513280 bytes (30.6%)
(RDMA_READ_CONSUME_CHECK_CONSUMER) timestamp=1272 ms, used_size=12511232 bytes (30.5%)
(RDMA_READ_CONSUME_CHECK_CONSUMER) timestamp=1272 ms, used_size=12509184 bytes (30.5%)
(RDMA_READ_CONSUME_CHECK_CONSUMER) timestamp=1272 ms, used_size=12507136 bytes (30.5%)
(RDMA_READ_CONSUME_CHECK_CONSUMER) timestamp=1272 ms, used_size=12505088 bytes (30.5%)
(RDMA_READ_CONSUME_CHECK_CONSUMER) timestamp=1272 ms, used_size=12503040 bytes (30.5%)
(RDMA_READ_CONSUME_CHECK_CONSUMER) timestamp=1272 ms, used_size=12500992 bytes (30.5%)
(RDMA_READ_CONSUME_CHECK_CONSUMER) timestamp=1272 ms, used_size=12498944 bytes (30.5%)
(RDMA_READ_CONSUME_CHECK_CONSUMER) timestamp=1272 ms, used_size=12496896 bytes (30.5%)
(RDMA_READ_CONSUME_CHECK_CONSUMER) timestamp=1272 ms, used_size=12494848 bytes (30.5%)
(RDMA_READ_CONSUME_CHECK_CONSUMER) timestamp=1272 ms, used_size=12492800 bytes (30.5%)
(RDMA_READ_CONSUME_CHECK_CONSUMER) timestamp=1272 ms, used_size=12490752 bytes (30.5%)
(RDMA_READ_CONSUME_CHECK_CONSUMER) timestamp=1272 ms, used_size=12488704 bytes (30.5%)
(RDMA_READ_CONSUME_CHECK_CONSUMER) timestamp=1272 ms, used_size=12486656 bytes (30.5%)
(RDMA_READ_CONSUME_CHECK_CONSUMER) timestamp=1272 ms, used_size=12484608 bytes (30.5%)
(RDMA_READ_CONSUME_CHECK_CONSUMER) timestamp=1272 ms, used_size=12482560 bytes (30.5%)
(RDMA_READ_CONSUME_CHECK_CONSUMER) timestamp=1272 ms, used_size=12480512 bytes (30.5%)
(RDMA_READ_CONSUME_CHECK_CONSUMER) timestamp=1272 ms, used_size=12478464 bytes (30.5%)
(RDMA_READ_CONSUME_CHECK_CONSUMER) timestamp=1272 ms, used_size=12476416 bytes (30.5%)
(RDMA_READ_CONSUME_CHECK_CONSUMER) timestamp=1272 ms, used_size=12474368 bytes (30.5%)
(RDMA_READ_CONSUME_CHECK_CONSUMER) timestamp=1272 ms, used_size=12472320 bytes (30.4%)
(RDMA_READ_CONSUME_CHECK_CONSUMER) timestamp=1272 ms, used_size=12470272 bytes (30.4%)
(RDMA_READ_CONSUME_CHECK_CONSUMER) timestamp=1272 ms, used_size=12468224 bytes (30.4%)
(RDMA_READ_CONSUME_CHECK_CONSUMER) timestamp=1272 ms, used_size=12466176 bytes (30.4%)
(RDMA_READ_CONSUME_CHECK_CONSUMER) timestamp=1272 ms, used_size=12464128 bytes (30.4%)
(RDMA_READ_CONSUME_CHECK_CONSUMER) timestamp=1272 ms, used_size=12462080 bytes (30.4%)
(RDMA_READ_CONSUME_CHECK_CONSUMER) timestamp=1272 ms, used_size=12460032 bytes (30.4%)
(RDMA_READ_CONSUME_CHECK_CONSUMER) timestamp=1272 ms, used_size=12457984 bytes (30.4%)
(RDMA_READ_CONSUME_CHECK_CONSUMER) timestamp=1272 ms, used_size=12455936 bytes (30.4%)
(RDMA_READ_CONSUME_CHECK_CONSUMER) timestamp=1272 ms, used_size=12453888 bytes (30.4%)
(RDMA_READ_CONSUME_CHECK_CONSUMER) timestamp=1272 ms, used_size=12451840 bytes (30.4%)
(RDMA_READ_CONSUME_CHECK_CONSUMER) timestamp=1272 ms, used_size=12449792 bytes (30.4%)
(RDMA_READ_CONSUME_CHECK_CONSUMER) timestamp=1272 ms, used_size=12447744 bytes (30.4%)
(RDMA_READ_CONSUME_CHECK_CONSUMER) timestamp=1272 ms, used_size=12445696 bytes (30.4%)
(RDMA_READ_CONSUME_CHECK_CONSUMER) timestamp=1272 ms, used_size=12443648 bytes (30.4%)
(RDMA_READ_CONSUME_CHECK_CONSUMER) timestamp=1272 ms, used_size=12441600 bytes (30.4%)
(RDMA_READ_CONSUME_CHECK_CONSUMER) timestamp=1272 ms, used_size=12439552 bytes (30.4%)
(RDMA_READ_CONSUME_CHECK_CONSUMER) timestamp=1272 ms, used_size=12437504 bytes (30.4%)
(RDMA_READ_CONSUME_CHECK_CONSUMER) timestamp=1272 ms, used_size=12435456 bytes (30.4%)
(RDMA_READ_CONSUME_CHECK_CONSUMER) timestamp=1272 ms, used_size=12433408 bytes (30.4%)
(RDMA_READ_CONSUME_CHECK_CONSUMER) timestamp=1272 ms, used_size=12431360 bytes (30.4%)
(RDMA_READ_CONSUME_CHECK_CONSUMER) timestamp=1272 ms, used_size=12429312 bytes (30.3%)
(RDMA_READ_CONSUME_CHECK_CONSUMER) timestamp=1272 ms, used_size=12427264 bytes (30.3%)
(RDMA_READ_CONSUME_CHECK_CONSUMER) timestamp=1272 ms, used_size=12425216 bytes (30.3%)
(RDMA_READ_CONSUME_CHECK_CONSUMER) timestamp=1272 ms, used_size=12423168 bytes (30.3%)
(RDMA_READ_CONSUME_CHECK_CONSUMER) timestamp=1272 ms, used_size=12421120 bytes (30.3%)
(RDMA_READ_CONSUME_CHECK_CONSUMER) timestamp=1272 ms, used_size=12419072 bytes (30.3%)
(RDMA_READ_CONSUME_CHECK_CONSUMER) timestamp=1272 ms, used_size=12417024 bytes (30.3%)
(RDMA_READ_CONSUME_CHECK_CONSUMER) timestamp=1272 ms, used_size=12414976 bytes (30.3%)
(RDMA_READ_CONSUME_CHECK_CONSUMER) timestamp=1272 ms, used_size=12412928 bytes (30.3%)
(RDMA_READ_CONSUME_CHECK_CONSUMER) timestamp=1272 ms, used_size=12410880 bytes (30.3%)
(RDMA_READ_CONSUME_CHECK_CONSUMER) timestamp=1272 ms, used_size=12408832 bytes (30.3%)
(RDMA_READ_CONSUME_CHECK_CONSUMER) timestamp=1272 ms, used_size=12406784 bytes (30.3%)
(RDMA_READ_CONSUME_CHECK_CONSUMER) timestamp=1272 ms, used_size=12404736 bytes (30.3%)
(RDMA_READ_CONSUME_CHECK_CONSUMER) timestamp=1272 ms, used_size=12402688 bytes (30.3%)
(RDMA_READ_CONSUME_CHECK_CONSUMER) timestamp=1272 ms, used_size=12400640 bytes (30.3%)
(RDMA_READ_CONSUME_CHECK_CONSUMER) timestamp=1272 ms, used_size=12398592 bytes (30.3%)
(RDMA_READ_CONSUME_CHECK_CONSUMER) timestamp=1272 ms, used_size=12396544 bytes (30.3%)
(RDMA_READ_CONSUME_CHECK_CONSUMER) timestamp=1272 ms, used_size=12394496 bytes (30.3%)
(RDMA_READ_CONSUME_CHECK_CONSUMER) timestamp=1272 ms, used_size=12392448 bytes (30.3%)
(RDMA_READ_CONSUME_CHECK_CONSUMER) timestamp=1272 ms, used_size=12390400 bytes (30.2%)
(RDMA_READ_CONSUME_CHECK_CONSUMER) timestamp=1272 ms, used_size=12388352 bytes (30.2%)
(RDMA_READ_CONSUME_CHECK_CONSUMER) timestamp=1272 ms, used_size=12386304 bytes (30.2%)
(RDMA_READ_CONSUME_CHECK_CONSUMER) timestamp=1272 ms, used_size=12384256 bytes (30.2%)
(RDMA_READ_CONSUME_CHECK_CONSUMER) timestamp=1272 ms, used_size=12382208 bytes (30.2%)
(RDMA_READ_CONSUME_CHECK_CONSUMER) timestamp=1272 ms, used_size=12380160 bytes (30.2%)
(RDMA_READ_CONSUME_CHECK_CONSUMER) timestamp=1272 ms, used_size=12378112 bytes (30.2%)
(RDMA_READ_CONSUME_CHECK_CONSUMER) timestamp=1272 ms, used_size=12376064 bytes (30.2%)
(RDMA_READ_CONSUME_CHECK_CONSUMER) timestamp=1272 ms, used_size=12374016 bytes (30.2%)
(RDMA_READ_CONSUME_CHECK_CONSUMER) timestamp=1272 ms, used_size=12371968 bytes (30.2%)
(RDMA_READ_CONSUME_CHECK_CONSUMER) timestamp=1272 ms, used_size=12369920 bytes (30.2%)
(RDMA_READ_CONSUME_CHECK_CONSUMER) timestamp=1272 ms, used_size=12367872 bytes (30.2%)
(RDMA_READ_CONSUME_CHECK_CONSUMER) timestamp=1272 ms, used_size=12365824 bytes (30.2%)
(RDMA_READ_CONSUME_CHECK_CONSUMER) timestamp=1272 ms, used_size=12363776 bytes (30.2%)
(RDMA_READ_CONSUME_CHECK_CONSUMER) timestamp=1272 ms, used_size=12361728 bytes (30.2%)
(RDMA_READ_CONSUME_CHECK_CONSUMER) timestamp=1272 ms, used_size=12359680 bytes (30.2%)
(RDMA_READ_CONSUME_CHECK_CONSUMER) timestamp=1272 ms, used_size=12357632 bytes (30.2%)
(RDMA_READ_CONSUME_CHECK_CONSUMER) timestamp=1272 ms, used_size=12355584 bytes (30.2%)
(RDMA_READ_CONSUME_CHECK_CONSUMER) timestamp=1272 ms, used_size=12353536 bytes (30.2%)
(RDMA_READ_CONSUME_CHECK_CONSUMER) timestamp=1272 ms, used_size=12351488 bytes (30.2%)
(RDMA_READ_CONSUME_CHECK_CONSUMER) timestamp=1272 ms, used_size=12349440 bytes (30.1%)
(RDMA_READ_CONSUME_CHECK_CONSUMER) timestamp=1272 ms, used_size=12347392 bytes (30.1%)
(RDMA_READ_CONSUME_CHECK_CONSUMER) timestamp=1272 ms, used_size=12345344 bytes (30.1%)
(RDMA_READ_CONSUME_CHECK_CONSUMER) timestamp=1272 ms, used_size=12343296 bytes (30.1%)
(RDMA_READ_CONSUME_CHECK_CONSUMER) timestamp=1272 ms, used_size=12341248 bytes (30.1%)
(RDMA_READ_CONSUME_CHECK_CONSUMER) timestamp=1272 ms, used_size=12339200 bytes (30.1%)
(RDMA_READ_CONSUME_CHECK_CONSUMER) timestamp=1272 ms, used_size=12337152 bytes (30.1%)
(RDMA_READ_CONSUME_CHECK_CONSUMER) timestamp=1272 ms, used_size=12335104 bytes (30.1%)
(RDMA_READ_CONSUME_CHECK_CONSUMER) timestamp=1272 ms, used_size=12333056 bytes (30.1%)
(RDMA_READ_CONSUME_CHECK_CONSUMER) timestamp=1272 ms, used_size=12331008 bytes (30.1%)
(RDMA_READ_CONSUME_CHECK_CONSUMER) timestamp=1272 ms, used_size=12328960 bytes (30.1%)
(RDMA_READ_CONSUME_CHECK_CONSUMER) timestamp=1272 ms, used_size=12326912 bytes (30.1%)
(RDMA_READ_CONSUME_CHECK_CONSUMER) timestamp=1272 ms, used_size=12324864 bytes (30.1%)
(RDMA_READ_CONSUME_CHECK_CONSUMER) timestamp=1272 ms, used_size=12322816 bytes (30.1%)
(RDMA_READ_CONSUME_CHECK_CONSUMER) timestamp=1272 ms, used_size=12320768 bytes (30.1%)
(RDMA_READ_CONSUME_CHECK_CONSUMER) timestamp=1272 ms, used_size=12318720 bytes (30.1%)
(RDMA_READ_CONSUME_CHECK_CONSUMER) timestamp=1272 ms, used_size=12316672 bytes (30.1%)
(RDMA_READ_CONSUME_CHECK_CONSUMER) timestamp=1272 ms, used_size=12314624 bytes (30.1%)
(RDMA_READ_CONSUME_CHECK_CONSUMER) timestamp=1272 ms, used_size=12312576 bytes (30.1%)
(RDMA_READ_CONSUME_CHECK_CONSUMER) timestamp=1272 ms, used_size=12310528 bytes (30.1%)
(RDMA_READ_CONSUME_CHECK_CONSUMER) timestamp=1272 ms, used_size=12308480 bytes (30.1%)
(RDMA_READ_CONSUME_CHECK_CONSUMER) timestamp=1272 ms, used_size=12306432 bytes (30.0%)
(RDMA_READ_CONSUME_CHECK_CONSUMER) timestamp=1272 ms, used_size=12304384 bytes (30.0%)
(RDMA_READ_CONSUME_CHECK_CONSUMER) timestamp=1272 ms, used_size=12302336 bytes (30.0%)
(RDMA_READ_CONSUME_CHECK_CONSUMER) timestamp=1272 ms, used_size=12300288 bytes (30.0%)
(RDMA_READ_CONSUME_CHECK_CONSUMER) timestamp=1272 ms, used_size=12298240 bytes (30.0%)
(RDMA_READ_CONSUME_CHECK_CONSUMER) timestamp=1272 ms, used_size=12296192 bytes (30.0%)
(RDMA_READ_CONSUME_CHECK_CONSUMER) timestamp=1272 ms, used_size=12294144 bytes (30.0%)
(RDMA_READ_CONSUME_CHECK_CONSUMER) timestamp=1272 ms, used_size=12292096 bytes (30.0%)
(RDMA_READ_CONSUME_CHECK_CONSUMER) timestamp=1272 ms, used_size=12290048 bytes (30.0%)
(RDMA_READ_CONSUME_CHECK_CONSUMER) timestamp=1272 ms, used_size=12288000 bytes (30.0%)
(RDMA_READ_CONSUME_CHECK_CONSUMER) timestamp=1272 ms, used_size=12285952 bytes (30.0%)
(RDMA_READ_CONSUME_CHECK_CONSUMER) timestamp=1272 ms, used_size=12283904 bytes (30.0%)
(RDMA_READ_CONSUME_CHECK_CONSUMER) timestamp=1272 ms, used_size=12281856 bytes (30.0%)
(RDMA_READ_CONSUME_CHECK_CONSUMER) timestamp=1272 ms, used_size=12279808 bytes (30.0%)
(RDMA_READ_CONSUME_CHECK_CONSUMER) timestamp=1272 ms, used_size=12277760 bytes (30.0%)
(RDMA_READ_CONSUME_CHECK_CONSUMER) timestamp=1272 ms, used_size=12275712 bytes (30.0%)
(RDMA_READ_CONSUME_CHECK_CONSUMER) timestamp=1272 ms, used_size=12273664 bytes (30.0%)
(RDMA_READ_CONSUME_CHECK_CONSUMER) timestamp=1272 ms, used_size=12271616 bytes (30.0%)
(RDMA_READ_CONSUME_CHECK_CONSUMER) timestamp=1272 ms, used_size=12269568 bytes (30.0%)
(RDMA_READ_CONSUME_CHECK_CONSUMER) timestamp=1272 ms, used_size=12267520 bytes (29.9%)
(RDMA_READ_CONSUME_CHECK_CONSUMER) timestamp=1272 ms, used_size=12265472 bytes (29.9%)
(RDMA_READ_CONSUME_CHECK_CONSUMER) timestamp=1272 ms, used_size=12263424 bytes (29.9%)
(RDMA_READ_CONSUME_CHECK_CONSUMER) timestamp=1272 ms, used_size=12261376 bytes (29.9%)
(RDMA_READ_CONSUME_CHECK_CONSUMER) timestamp=1272 ms, used_size=12259328 bytes (29.9%)
(RDMA_READ_CONSUME_CHECK_CONSUMER) timestamp=1272 ms, used_size=12257280 bytes (29.9%)
(RDMA_READ_CONSUME_CHECK_CONSUMER) timestamp=1272 ms, used_size=12255232 bytes (29.9%)
(RDMA_READ_CONSUME_CHECK_CONSUMER) timestamp=1272 ms, used_size=12253184 bytes (29.9%)
(RDMA_READ_CONSUME_CHECK_CONSUMER) timestamp=1272 ms, used_size=12251136 bytes (29.9%)
(RDMA_READ_CONSUME_CHECK_CONSUMER) timestamp=1272 ms, used_size=12249088 bytes (29.9%)
(RDMA_READ_CONSUME_CHECK_CONSUMER) timestamp=1272 ms, used_size=12247040 bytes (29.9%)
(RDMA_READ_CONSUME_CHECK_CONSUMER) timestamp=1272 ms, used_size=12244992 bytes (29.9%)
(RDMA_READ_CONSUME_CHECK_CONSUMER) timestamp=1272 ms, used_size=12242944 bytes (29.9%)
(RDMA_READ_CONSUME_CHECK_CONSUMER) timestamp=1272 ms, used_size=12240896 bytes (29.9%)
(RDMA_READ_CONSUME_CHECK_CONSUMER) timestamp=1272 ms, used_size=12238848 bytes (29.9%)
(RDMA_READ_CONSUME_CHECK_CONSUMER) timestamp=1272 ms, used_size=12236800 bytes (29.9%)
(RDMA_READ_CONSUME_CHECK_CONSUMER) timestamp=1272 ms, used_size=12234752 bytes (29.9%)
(RDMA_READ_CONSUME_CHECK_CONSUMER) timestamp=1272 ms, used_size=12232704 bytes (29.9%)
(RDMA_READ_CONSUME_CHECK_CONSUMER) timestamp=1272 ms, used_size=12230656 bytes (29.9%)
(RDMA_READ_CONSUME_CHECK_CONSUMER) timestamp=1272 ms, used_size=12228608 bytes (29.9%)
(RDMA_READ_CONSUME_CHECK_CONSUMER) timestamp=1272 ms, used_size=12226560 bytes (29.9%)
(RDMA_READ_CONSUME_CHECK_CONSUMER) timestamp=1272 ms, used_size=12224512 bytes (29.8%)
(RDMA_READ_CONSUME_CHECK_CONSUMER) timestamp=1272 ms, used_size=12222464 bytes (29.8%)
(RDMA_READ_CONSUME_CHECK_CONSUMER) timestamp=1272 ms, used_size=12220416 bytes (29.8%)
(RDMA_READ_CONSUME_CHECK_CONSUMER) timestamp=1272 ms, used_size=12218368 bytes (29.8%)
(RDMA_READ_CONSUME_CHECK_CONSUMER) timestamp=1272 ms, used_size=12216320 bytes (29.8%)
(RDMA_READ_CONSUME_CHECK_CONSUMER) timestamp=1272 ms, used_size=12214272 bytes (29.8%)
(RDMA_READ_CONSUME_CHECK_CONSUMER) timestamp=1272 ms, used_size=12212224 bytes (29.8%)
(RDMA_READ_CONSUME_CHECK_CONSUMER) timestamp=1272 ms, used_size=12210176 bytes (29.8%)
(RDMA_READ_CONSUME_CHECK_CONSUMER) timestamp=1272 ms, used_size=12208128 bytes (29.8%)
(RDMA_READ_CONSUME_CHECK_CONSUMER) timestamp=1272 ms, used_size=12206080 bytes (29.8%)
(RDMA_READ_CONSUME_CHECK_CONSUMER) timestamp=1272 ms, used_size=12204032 bytes (29.8%)
(RDMA_READ_CONSUME_CHECK_CONSUMER) timestamp=1272 ms, used_size=12201984 bytes (29.8%)
(RDMA_READ_CONSUME_CHECK_CONSUMER) timestamp=1272 ms, used_size=12199936 bytes (29.8%)
(RDMA_READ_CONSUME_CHECK_CONSUMER) timestamp=1272 ms, used_size=12197888 bytes (29.8%)
(RDMA_READ_CONSUME_CHECK_CONSUMER) timestamp=1273 ms, used_size=12195840 bytes (29.8%)
(RDMA_READ_CONSUME_CHECK_CONSUMER) timestamp=1273 ms, used_size=12193792 bytes (29.8%)
(RDMA_READ_CONSUME_CHECK_CONSUMER) timestamp=1273 ms, used_size=12191744 bytes (29.8%)
(RDMA_READ_CONSUME_CHECK_CONSUMER) timestamp=1273 ms, used_size=12189696 bytes (29.8%)
(RDMA_READ_CONSUME_CHECK_CONSUMER) timestamp=1273 ms, used_size=12187648 bytes (29.8%)
(RDMA_READ_CONSUME_CHECK_CONSUMER) timestamp=1273 ms, used_size=12185600 bytes (29.8%)
(RDMA_READ_CONSUME_CHECK_CONSUMER) timestamp=1273 ms, used_size=12183552 bytes (29.7%)
(RDMA_READ_CONSUME_CHECK_CONSUMER) timestamp=1273 ms, used_size=12181504 bytes (29.7%)
(RDMA_READ_CONSUME_CHECK_CONSUMER) timestamp=1273 ms, used_size=12179456 bytes (29.7%)
(RDMA_READ_CONSUME_CHECK_CONSUMER) timestamp=1273 ms, used_size=12177408 bytes (29.7%)
(RDMA_READ_CONSUME_CHECK_CONSUMER) timestamp=1273 ms, used_size=12175360 bytes (29.7%)
(RDMA_READ_CONSUME_CHECK_CONSUMER) timestamp=1273 ms, used_size=12173312 bytes (29.7%)
(RDMA_READ_CONSUME_CHECK_CONSUMER) timestamp=1273 ms, used_size=12171264 bytes (29.7%)
(RDMA_READ_CONSUME_CHECK_CONSUMER) timestamp=1273 ms, used_size=12169216 bytes (29.7%)
(RDMA_READ_CONSUME_CHECK_CONSUMER) timestamp=1273 ms, used_size=12167168 bytes (29.7%)
(RDMA_READ_CONSUME_CHECK_CONSUMER) timestamp=1273 ms, used_size=12165120 bytes (29.7%)
(RDMA_READ_CONSUME_CHECK_CONSUMER) timestamp=1273 ms, used_size=12163072 bytes (29.7%)
(RDMA_READ_CONSUME_CHECK_CONSUMER) timestamp=1273 ms, used_size=12161024 bytes (29.7%)
(RDMA_READ_CONSUME_CHECK_CONSUMER) timestamp=1273 ms, used_size=12158976 bytes (29.7%)
(RDMA_READ_CONSUME_CHECK_CONSUMER) timestamp=1273 ms, used_size=12156928 bytes (29.7%)
(RDMA_READ_CONSUME_CHECK_CONSUMER) timestamp=1273 ms, used_size=12154880 bytes (29.7%)
(RDMA_READ_CONSUME_CHECK_CONSUMER) timestamp=1273 ms, used_size=12152832 bytes (29.7%)
(RDMA_READ_CONSUME_CHECK_CONSUMER) timestamp=1273 ms, used_size=12150784 bytes (29.7%)
(RDMA_READ_CONSUME_CHECK_CONSUMER) timestamp=1273 ms, used_size=12148736 bytes (29.7%)
(RDMA_READ_CONSUME_CHECK_CONSUMER) timestamp=1273 ms, used_size=12146688 bytes (29.7%)
(RDMA_READ_CONSUME_CHECK_CONSUMER) timestamp=1273 ms, used_size=12144640 bytes (29.6%)
(RDMA_READ_CONSUME_CHECK_CONSUMER) timestamp=1273 ms, used_size=12142592 bytes (29.6%)
(RDMA_READ_CONSUME_CHECK_CONSUMER) timestamp=1273 ms, used_size=12140544 bytes (29.6%)
(RDMA_READ_CONSUME_CHECK_CONSUMER) timestamp=1273 ms, used_size=12138496 bytes (29.6%)
(RDMA_READ_CONSUME_CHECK_CONSUMER) timestamp=1273 ms, used_size=12136448 bytes (29.6%)
(RDMA_READ_CONSUME_CHECK_CONSUMER) timestamp=1273 ms, used_size=12134400 bytes (29.6%)
(RDMA_READ_CONSUME_CHECK_CONSUMER) timestamp=1273 ms, used_size=12132352 bytes (29.6%)
(RDMA_READ_CONSUME_CHECK_CONSUMER) timestamp=1273 ms, used_size=12130304 bytes (29.6%)
(RDMA_READ_CONSUME_CHECK_CONSUMER) timestamp=1273 ms, used_size=12128256 bytes (29.6%)
(RDMA_READ_CONSUME_CHECK_CONSUMER) timestamp=1273 ms, used_size=12126208 bytes (29.6%)
(RDMA_READ_CONSUME_CHECK_CONSUMER) timestamp=1273 ms, used_size=12124160 bytes (29.6%)
(RDMA_READ_CONSUME_CHECK_CONSUMER) timestamp=1273 ms, used_size=12122112 bytes (29.6%)
(RDMA_READ_CONSUME_CHECK_CONSUMER) timestamp=1273 ms, used_size=12120064 bytes (29.6%)
(RDMA_READ_CONSUME_CHECK_CONSUMER) timestamp=1273 ms, used_size=12118016 bytes (29.6%)
(RDMA_READ_CONSUME_CHECK_CONSUMER) timestamp=1273 ms, used_size=12115968 bytes (29.6%)
(RDMA_READ_CONSUME_CHECK_CONSUMER) timestamp=1273 ms, used_size=12113920 bytes (29.6%)
(RDMA_READ_CONSUME_CHECK_CONSUMER) timestamp=1273 ms, used_size=12111872 bytes (29.6%)
(RDMA_READ_CONSUME_CHECK_CONSUMER) timestamp=1273 ms, used_size=12109824 bytes (29.6%)
(RDMA_READ_CONSUME_CHECK_CONSUMER) timestamp=1273 ms, used_size=12107776 bytes (29.6%)
(RDMA_READ_CONSUME_CHECK_CONSUMER) timestamp=1273 ms, used_size=12105728 bytes (29.6%)
(RDMA_READ_CONSUME_CHECK_CONSUMER) timestamp=1273 ms, used_size=12103680 bytes (29.6%)
(RDMA_READ_CONSUME_CHECK_CONSUMER) timestamp=1273 ms, used_size=12101632 bytes (29.5%)
(RDMA_READ_CONSUME_CHECK_CONSUMER) timestamp=1273 ms, used_size=12099584 bytes (29.5%)
(RDMA_READ_CONSUME_CHECK_CONSUMER) timestamp=1273 ms, used_size=12097536 bytes (29.5%)
(RDMA_READ_CONSUME_CHECK_CONSUMER) timestamp=1273 ms, used_size=12095488 bytes (29.5%)
(RDMA_READ_CONSUME_CHECK_CONSUMER) timestamp=1273 ms, used_size=12093440 bytes (29.5%)
(RDMA_READ_CONSUME_CHECK_CONSUMER) timestamp=1273 ms, used_size=12091392 bytes (29.5%)
(RDMA_READ_CONSUME_CHECK_CONSUMER) timestamp=1273 ms, used_size=12089344 bytes (29.5%)
(RDMA_READ_CONSUME_CHECK_CONSUMER) timestamp=1273 ms, used_size=12087296 bytes (29.5%)
(RDMA_READ_CONSUME_CHECK_CONSUMER) timestamp=1273 ms, used_size=12085248 bytes (29.5%)
(RDMA_READ_CONSUME_CHECK_CONSUMER) timestamp=1273 ms, used_size=12083200 bytes (29.5%)
(RDMA_READ_CONSUME_CHECK_CONSUMER) timestamp=1273 ms, used_size=12081152 bytes (29.5%)
(RDMA_READ_CONSUME_CHECK_CONSUMER) timestamp=1273 ms, used_size=12079104 bytes (29.5%)
(RDMA_READ_CONSUME_CHECK_CONSUMER) timestamp=1273 ms, used_size=12077056 bytes (29.5%)
(RDMA_READ_CONSUME_CHECK_CONSUMER) timestamp=1273 ms, used_size=12075008 bytes (29.5%)
(RDMA_READ_CONSUME_CHECK_CONSUMER) timestamp=1273 ms, used_size=12072960 bytes (29.5%)
(RDMA_READ_CONSUME_CHECK_CONSUMER) timestamp=1273 ms, used_size=12070912 bytes (29.5%)
(RDMA_READ_CONSUME_CHECK_CONSUMER) timestamp=1273 ms, used_size=12068864 bytes (29.5%)
(RDMA_READ_CONSUME_CHECK_CONSUMER) timestamp=1273 ms, used_size=12066816 bytes (29.5%)
(RDMA_READ_CONSUME_CHECK_CONSUMER) timestamp=1273 ms, used_size=12064768 bytes (29.5%)
(RDMA_READ_CONSUME_CHECK_CONSUMER) timestamp=1273 ms, used_size=12062720 bytes (29.4%)
(RDMA_READ_CONSUME_CHECK_CONSUMER) timestamp=1273 ms, used_size=12060672 bytes (29.4%)
(RDMA_READ_CONSUME_CHECK_CONSUMER) timestamp=1273 ms, used_size=12058624 bytes (29.4%)
(RDMA_READ_CONSUME_CHECK_CONSUMER) timestamp=1273 ms, used_size=12056576 bytes (29.4%)
(RDMA_READ_CONSUME_CHECK_CONSUMER) timestamp=1273 ms, used_size=12054528 bytes (29.4%)
(RDMA_READ_CONSUME_CHECK_CONSUMER) timestamp=1273 ms, used_size=12052480 bytes (29.4%)
(RDMA_READ_CONSUME_CHECK_CONSUMER) timestamp=1273 ms, used_size=12050432 bytes (29.4%)
(RDMA_READ_CONSUME_CHECK_CONSUMER) timestamp=1273 ms, used_size=12048384 bytes (29.4%)
(RDMA_READ_CONSUME_CHECK_CONSUMER) timestamp=1273 ms, used_size=12046336 bytes (29.4%)
(RDMA_READ_CONSUME_CHECK_CONSUMER) timestamp=1273 ms, used_size=12044288 bytes (29.4%)
(RDMA_READ_CONSUME_CHECK_CONSUMER) timestamp=1273 ms, used_size=12042240 bytes (29.4%)
(RDMA_READ_CONSUME_CHECK_CONSUMER) timestamp=1273 ms, used_size=12040192 bytes (29.4%)
(RDMA_READ_CONSUME_CHECK_CONSUMER) timestamp=1273 ms, used_size=12038144 bytes (29.4%)
(RDMA_READ_CONSUME_CHECK_CONSUMER) timestamp=1273 ms, used_size=12036096 bytes (29.4%)
(RDMA_READ_CONSUME_CHECK_CONSUMER) timestamp=1273 ms, used_size=12034048 bytes (29.4%)
(RDMA_READ_CONSUME_CHECK_CONSUMER) timestamp=1273 ms, used_size=12032000 bytes (29.4%)
(RDMA_READ_CONSUME_CHECK_CONSUMER) timestamp=1273 ms, used_size=12029952 bytes (29.4%)
(RDMA_READ_CONSUME_CHECK_CONSUMER) timestamp=1273 ms, used_size=12027904 bytes (29.4%)
(RDMA_READ_CONSUME_CHECK_CONSUMER) timestamp=1273 ms, used_size=12025856 bytes (29.4%)
(RDMA_READ_CONSUME_CHECK_CONSUMER) timestamp=1273 ms, used_size=12023808 bytes (29.4%)
(RDMA_READ_CONSUME_CHECK_CONSUMER) timestamp=1273 ms, used_size=12021760 bytes (29.4%)
(RDMA_READ_CONSUME_CHECK_CONSUMER) timestamp=1273 ms, used_size=12019712 bytes (29.3%)
(RDMA_READ_CONSUME_CHECK_CONSUMER) timestamp=1273 ms, used_size=12017664 bytes (29.3%)
(RDMA_READ_CONSUME_CHECK_CONSUMER) timestamp=1273 ms, used_size=12015616 bytes (29.3%)
(RDMA_READ_CONSUME_CHECK_CONSUMER) timestamp=1273 ms, used_size=12013568 bytes (29.3%)
(RDMA_READ_CONSUME_CHECK_CONSUMER) timestamp=1273 ms, used_size=12011520 bytes (29.3%)
(RDMA_READ_CONSUME_CHECK_CONSUMER) timestamp=1273 ms, used_size=12009472 bytes (29.3%)
(RDMA_READ_CONSUME_CHECK_CONSUMER) timestamp=1273 ms, used_size=12007424 bytes (29.3%)
(RDMA_READ_CONSUME_CHECK_CONSUMER) timestamp=1273 ms, used_size=12005376 bytes (29.3%)
(RDMA_READ_CONSUME_CHECK_CONSUMER) timestamp=1273 ms, used_size=12003328 bytes (29.3%)
(RDMA_READ_CONSUME_CHECK_CONSUMER) timestamp=1273 ms, used_size=12001280 bytes (29.3%)
(RDMA_READ_CONSUME_CHECK_CONSUMER) timestamp=1273 ms, used_size=11999232 bytes (29.3%)
(RDMA_READ_CONSUME_CHECK_CONSUMER) timestamp=1273 ms, used_size=11997184 bytes (29.3%)
(RDMA_READ_CONSUME_CHECK_CONSUMER) timestamp=1273 ms, used_size=11995136 bytes (29.3%)
(RDMA_READ_CONSUME_CHECK_CONSUMER) timestamp=1273 ms, used_size=11993088 bytes (29.3%)
(RDMA_READ_CONSUME_CHECK_CONSUMER) timestamp=1273 ms, used_size=11991040 bytes (29.3%)
(RDMA_READ_CONSUME_CHECK_CONSUMER) timestamp=1273 ms, used_size=11988992 bytes (29.3%)
(RDMA_READ_CONSUME_CHECK_CONSUMER) timestamp=1273 ms, used_size=11986944 bytes (29.3%)
(RDMA_READ_CONSUME_CHECK_CONSUMER) timestamp=1273 ms, used_size=11984896 bytes (29.3%)
(RDMA_READ_CONSUME_CHECK_CONSUMER) timestamp=1273 ms, used_size=11982848 bytes (29.3%)
(RDMA_READ_CONSUME_CHECK_CONSUMER) timestamp=1273 ms, used_size=11980800 bytes (29.2%)
(RDMA_READ_CONSUME_CHECK_CONSUMER) timestamp=1273 ms, used_size=11978752 bytes (29.2%)
(RDMA_READ_CONSUME_CHECK_CONSUMER) timestamp=1273 ms, used_size=11976704 bytes (29.2%)
(RDMA_READ_CONSUME_CHECK_CONSUMER) timestamp=1273 ms, used_size=11974656 bytes (29.2%)
(RDMA_READ_CONSUME_CHECK_CONSUMER) timestamp=1273 ms, used_size=11972608 bytes (29.2%)
(RDMA_READ_CONSUME_CHECK_CONSUMER) timestamp=1273 ms, used_size=11970560 bytes (29.2%)
(RDMA_READ_CONSUME_CHECK_CONSUMER) timestamp=1273 ms, used_size=11968512 bytes (29.2%)
(RDMA_READ_CONSUME_CHECK_CONSUMER) timestamp=1273 ms, used_size=11966464 bytes (29.2%)
(RDMA_READ_CONSUME_CHECK_CONSUMER) timestamp=1273 ms, used_size=11964416 bytes (29.2%)
(RDMA_READ_CONSUME_CHECK_CONSUMER) timestamp=1273 ms, used_size=11962368 bytes (29.2%)
(RDMA_READ_CONSUME_CHECK_CONSUMER) timestamp=1273 ms, used_size=11960320 bytes (29.2%)
(RDMA_READ_CONSUME_CHECK_CONSUMER) timestamp=1273 ms, used_size=11958272 bytes (29.2%)
(RDMA_READ_CONSUME_CHECK_CONSUMER) timestamp=1273 ms, used_size=11956224 bytes (29.2%)
(RDMA_READ_CONSUME_CHECK_CONSUMER) timestamp=1273 ms, used_size=11954176 bytes (29.2%)
(RDMA_READ_CONSUME_CHECK_CONSUMER) timestamp=1273 ms, used_size=11952128 bytes (29.2%)
(RDMA_READ_CONSUME_CHECK_CONSUMER) timestamp=1273 ms, used_size=11950080 bytes (29.2%)
(RDMA_READ_CONSUME_CHECK_CONSUMER) timestamp=1273 ms, used_size=11948032 bytes (29.2%)
(RDMA_READ_CONSUME_CHECK_CONSUMER) timestamp=1273 ms, used_size=11945984 bytes (29.2%)
(RDMA_READ_CONSUME_CHECK_CONSUMER) timestamp=1273 ms, used_size=11943936 bytes (29.2%)
(RDMA_READ_CONSUME_CHECK_CONSUMER) timestamp=1273 ms, used_size=11941888 bytes (29.2%)
(RDMA_READ_CONSUME_CHECK_CONSUMER) timestamp=1273 ms, used_size=11939840 bytes (29.1%)
(RDMA_READ_CONSUME_CHECK_CONSUMER) timestamp=1273 ms, used_size=11937792 bytes (29.1%)
(RDMA_READ_CONSUME_CHECK_CONSUMER) timestamp=1273 ms, used_size=11935744 bytes (29.1%)
(RDMA_READ_CONSUME_CHECK_CONSUMER) timestamp=1273 ms, used_size=11933696 bytes (29.1%)
(RDMA_READ_CONSUME_CHECK_CONSUMER) timestamp=1273 ms, used_size=11931648 bytes (29.1%)
(RDMA_READ_CONSUME_CHECK_CONSUMER) timestamp=1273 ms, used_size=11929600 bytes (29.1%)
(RDMA_READ_CONSUME_CHECK_CONSUMER) timestamp=1273 ms, used_size=11927552 bytes (29.1%)
(RDMA_READ_CONSUME_CHECK_CONSUMER) timestamp=1273 ms, used_size=11925504 bytes (29.1%)
(RDMA_READ_CONSUME_CHECK_CONSUMER) timestamp=1273 ms, used_size=11923456 bytes (29.1%)
(RDMA_READ_CONSUME_CHECK_CONSUMER) timestamp=1273 ms, used_size=11921408 bytes (29.1%)
(RDMA_READ_CONSUME_CHECK_CONSUMER) timestamp=1273 ms, used_size=11919360 bytes (29.1%)
(RDMA_READ_CONSUME_CHECK_CONSUMER) timestamp=1273 ms, used_size=11917312 bytes (29.1%)
(RDMA_READ_CONSUME_CHECK_CONSUMER) timestamp=1273 ms, used_size=11915264 bytes (29.1%)
(RDMA_READ_CONSUME_CHECK_CONSUMER) timestamp=1273 ms, used_size=11913216 bytes (29.1%)
(RDMA_READ_CONSUME_CHECK_CONSUMER) timestamp=1273 ms, used_size=11911168 bytes (29.1%)
(RDMA_READ_CONSUME_CHECK_CONSUMER) timestamp=1273 ms, used_size=11909120 bytes (29.1%)
(RDMA_READ_CONSUME_CHECK_CONSUMER) timestamp=1273 ms, used_size=11907072 bytes (29.1%)
(RDMA_READ_CONSUME_CHECK_CONSUMER) timestamp=1273 ms, used_size=11905024 bytes (29.1%)
(RDMA_READ_CONSUME_CHECK_CONSUMER) timestamp=1273 ms, used_size=11902976 bytes (29.1%)
(RDMA_READ_CONSUME_CHECK_CONSUMER) timestamp=1273 ms, used_size=11900928 bytes (29.1%)
(RDMA_READ_CONSUME_CHECK_CONSUMER) timestamp=1273 ms, used_size=11898880 bytes (29.1%)
(RDMA_READ_CONSUME_CHECK_CONSUMER) timestamp=1273 ms, used_size=11896832 bytes (29.0%)
(RDMA_READ_CONSUME_CHECK_CONSUMER) timestamp=1273 ms, used_size=11894784 bytes (29.0%)
(RDMA_READ_CONSUME_CHECK_CONSUMER) timestamp=1273 ms, used_size=11892736 bytes (29.0%)
(RDMA_READ_CONSUME_CHECK_CONSUMER) timestamp=1273 ms, used_size=11890688 bytes (29.0%)
(RDMA_READ_CONSUME_CHECK_CONSUMER) timestamp=1273 ms, used_size=11888640 bytes (29.0%)
(RDMA_READ_CONSUME_CHECK_CONSUMER) timestamp=1273 ms, used_size=11886592 bytes (29.0%)
(RDMA_READ_CONSUME_CHECK_CONSUMER) timestamp=1273 ms, used_size=11884544 bytes (29.0%)
(RDMA_READ_CONSUME_CHECK_CONSUMER) timestamp=1273 ms, used_size=11882496 bytes (29.0%)
(RDMA_READ_CONSUME_CHECK_CONSUMER) timestamp=1273 ms, used_size=11880448 bytes (29.0%)
(RDMA_READ_CONSUME_CHECK_CONSUMER) timestamp=1273 ms, used_size=11878400 bytes (29.0%)
(RDMA_READ_CONSUME_CHECK_CONSUMER) timestamp=1273 ms, used_size=11876352 bytes (29.0%)
(RDMA_READ_CONSUME_CHECK_CONSUMER) timestamp=1273 ms, used_size=11874304 bytes (29.0%)
(RDMA_READ_CONSUME_CHECK_CONSUMER) timestamp=1273 ms, used_size=11872256 bytes (29.0%)
(RDMA_READ_CONSUME_CHECK_CONSUMER) timestamp=1273 ms, used_size=11870208 bytes (29.0%)
(RDMA_READ_CONSUME_CHECK_CONSUMER) timestamp=1273 ms, used_size=11868160 bytes (29.0%)
(RDMA_READ_CONSUME_CHECK_CONSUMER) timestamp=1273 ms, used_size=11866112 bytes (29.0%)
(RDMA_READ_CONSUME_CHECK_CONSUMER) timestamp=1273 ms, used_size=11864064 bytes (29.0%)
(RDMA_READ_CONSUME_CHECK_CONSUMER) timestamp=1273 ms, used_size=11862016 bytes (29.0%)
(RDMA_READ_CONSUME_CHECK_CONSUMER) timestamp=1273 ms, used_size=11859968 bytes (29.0%)
(RDMA_READ_CONSUME_CHECK_CONSUMER) timestamp=1273 ms, used_size=11857920 bytes (28.9%)
(RDMA_READ_CONSUME_CHECK_CONSUMER) timestamp=1273 ms, used_size=11855872 bytes (28.9%)
(RDMA_READ_CONSUME_CHECK_CONSUMER) timestamp=1273 ms, used_size=11853824 bytes (28.9%)
(RDMA_READ_CONSUME_CHECK_CONSUMER) timestamp=1273 ms, used_size=11851776 bytes (28.9%)
(RDMA_READ_CONSUME_CHECK_CONSUMER) timestamp=1273 ms, used_size=11849728 bytes (28.9%)
(RDMA_READ_CONSUME_CHECK_CONSUMER) timestamp=1273 ms, used_size=11847680 bytes (28.9%)
(RDMA_READ_CONSUME_CHECK_CONSUMER) timestamp=1273 ms, used_size=11845632 bytes (28.9%)
(RDMA_READ_CONSUME_CHECK_CONSUMER) timestamp=1273 ms, used_size=11843584 bytes (28.9%)
(RDMA_READ_CONSUME_CHECK_CONSUMER) timestamp=1273 ms, used_size=11841536 bytes (28.9%)
(RDMA_READ_CONSUME_CHECK_CONSUMER) timestamp=1273 ms, used_size=11839488 bytes (28.9%)
(RDMA_READ_CONSUME_CHECK_CONSUMER) timestamp=1273 ms, used_size=11837440 bytes (28.9%)
(RDMA_READ_CONSUME_CHECK_CONSUMER) timestamp=1273 ms, used_size=11835392 bytes (28.9%)
(RDMA_READ_CONSUME_CHECK_CONSUMER) timestamp=1273 ms, used_size=11833344 bytes (28.9%)
(RDMA_READ_CONSUME_CHECK_CONSUMER) timestamp=1273 ms, used_size=11831296 bytes (28.9%)
(RDMA_READ_CONSUME_CHECK_CONSUMER) timestamp=1273 ms, used_size=11829248 bytes (28.9%)
(RDMA_READ_CONSUME_CHECK_CONSUMER) timestamp=1273 ms, used_size=11827200 bytes (28.9%)
(RDMA_READ_CONSUME_CHECK_CONSUMER) timestamp=1274 ms, used_size=11825152 bytes (28.9%)
(RDMA_READ_CONSUME_CHECK_CONSUMER) timestamp=1274 ms, used_size=11823104 bytes (28.9%)
(RDMA_READ_CONSUME_CHECK_CONSUMER) timestamp=1274 ms, used_size=11821056 bytes (28.9%)
(RDMA_READ_CONSUME_CHECK_CONSUMER) timestamp=1274 ms, used_size=11819008 bytes (28.9%)
(RDMA_READ_CONSUME_CHECK_CONSUMER) timestamp=1274 ms, used_size=11816960 bytes (28.9%)
(RDMA_READ_CONSUME_CHECK_CONSUMER) timestamp=1274 ms, used_size=11814912 bytes (28.8%)
(RDMA_READ_CONSUME_CHECK_CONSUMER) timestamp=1274 ms, used_size=11812864 bytes (28.8%)
(RDMA_READ_CONSUME_CHECK_CONSUMER) timestamp=1274 ms, used_size=11810816 bytes (28.8%)
(RDMA_READ_CONSUME_CHECK_CONSUMER) timestamp=1274 ms, used_size=11808768 bytes (28.8%)
(RDMA_READ_CONSUME_CHECK_CONSUMER) timestamp=1274 ms, used_size=11806720 bytes (28.8%)
(RDMA_READ_CONSUME_CHECK_CONSUMER) timestamp=1274 ms, used_size=11804672 bytes (28.8%)
(RDMA_READ_CONSUME_CHECK_CONSUMER) timestamp=1274 ms, used_size=11802624 bytes (28.8%)
(RDMA_READ_CONSUME_CHECK_CONSUMER) timestamp=1274 ms, used_size=11800576 bytes (28.8%)
(RDMA_READ_CONSUME_CHECK_CONSUMER) timestamp=1274 ms, used_size=11798528 bytes (28.8%)
(RDMA_READ_CONSUME_CHECK_CONSUMER) timestamp=1274 ms, used_size=11796480 bytes (28.8%)
(RDMA_READ_CONSUME_CHECK_CONSUMER) timestamp=1274 ms, used_size=11794432 bytes (28.8%)
(RDMA_READ_CONSUME_CHECK_CONSUMER) timestamp=1274 ms, used_size=11792384 bytes (28.8%)
(RDMA_READ_CONSUME_CHECK_CONSUMER) timestamp=1274 ms, used_size=11790336 bytes (28.8%)
(RDMA_READ_CONSUME_CHECK_CONSUMER) timestamp=1274 ms, used_size=11788288 bytes (28.8%)
(RDMA_READ_CONSUME_CHECK_CONSUMER) timestamp=1274 ms, used_size=11786240 bytes (28.8%)
(RDMA_READ_CONSUME_CHECK_CONSUMER) timestamp=1274 ms, used_size=11784192 bytes (28.8%)
(RDMA_READ_CONSUME_CHECK_CONSUMER) timestamp=1274 ms, used_size=11782144 bytes (28.8%)
(RDMA_READ_CONSUME_CHECK_CONSUMER) timestamp=1274 ms, used_size=11780096 bytes (28.8%)
(RDMA_READ_CONSUME_CHECK_CONSUMER) timestamp=1274 ms, used_size=11778048 bytes (28.8%)
(RDMA_READ_CONSUME_CHECK_CONSUMER) timestamp=1274 ms, used_size=11776000 bytes (28.8%)
(RDMA_READ_CONSUME_CHECK_CONSUMER) timestamp=1274 ms, used_size=11773952 bytes (28.7%)
(RDMA_READ_CONSUME_CHECK_CONSUMER) timestamp=1274 ms, used_size=11771904 bytes (28.7%)
(RDMA_READ_CONSUME_CHECK_CONSUMER) timestamp=1274 ms, used_size=11769856 bytes (28.7%)
(RDMA_READ_CONSUME_CHECK_CONSUMER) timestamp=1274 ms, used_size=11767808 bytes (28.7%)
(RDMA_READ_CONSUME_CHECK_CONSUMER) timestamp=1274 ms, used_size=11765760 bytes (28.7%)
(RDMA_READ_CONSUME_CHECK_CONSUMER) timestamp=1274 ms, used_size=11763712 bytes (28.7%)
(RDMA_READ_CONSUME_CHECK_CONSUMER) timestamp=1274 ms, used_size=11761664 bytes (28.7%)
(RDMA_READ_CONSUME_CHECK_CONSUMER) timestamp=1274 ms, used_size=11759616 bytes (28.7%)
(RDMA_READ_CONSUME_CHECK_CONSUMER) timestamp=1274 ms, used_size=11757568 bytes (28.7%)
(RDMA_READ_CONSUME_CHECK_CONSUMER) timestamp=1274 ms, used_size=11755520 bytes (28.7%)
(RDMA_READ_CONSUME_CHECK_CONSUMER) timestamp=1274 ms, used_size=11753472 bytes (28.7%)
(RDMA_READ_CONSUME_CHECK_CONSUMER) timestamp=1274 ms, used_size=11751424 bytes (28.7%)
(RDMA_READ_CONSUME_CHECK_CONSUMER) timestamp=1274 ms, used_size=11749376 bytes (28.7%)
(RDMA_READ_CONSUME_CHECK_CONSUMER) timestamp=1274 ms, used_size=11747328 bytes (28.7%)
(RDMA_READ_CONSUME_CHECK_CONSUMER) timestamp=1274 ms, used_size=11745280 bytes (28.7%)
(RDMA_READ_CONSUME_CHECK_CONSUMER) timestamp=1274 ms, used_size=11743232 bytes (28.7%)
(RDMA_READ_CONSUME_CHECK_CONSUMER) timestamp=1274 ms, used_size=11741184 bytes (28.7%)
(RDMA_READ_CONSUME_CHECK_CONSUMER) timestamp=1274 ms, used_size=11739136 bytes (28.7%)
(RDMA_READ_CONSUME_CHECK_CONSUMER) timestamp=1274 ms, used_size=11737088 bytes (28.7%)
(RDMA_READ_CONSUME_CHECK_CONSUMER) timestamp=1274 ms, used_size=11735040 bytes (28.6%)
(RDMA_READ_CONSUME_CHECK_CONSUMER) timestamp=1274 ms, used_size=11732992 bytes (28.6%)
(RDMA_READ_CONSUME_CHECK_CONSUMER) timestamp=1274 ms, used_size=11730944 bytes (28.6%)
(RDMA_READ_CONSUME_CHECK_CONSUMER) timestamp=1274 ms, used_size=11728896 bytes (28.6%)
(RDMA_READ_CONSUME_CHECK_CONSUMER) timestamp=1274 ms, used_size=11726848 bytes (28.6%)
(RDMA_READ_CONSUME_CHECK_CONSUMER) timestamp=1274 ms, used_size=11724800 bytes (28.6%)
(RDMA_READ_CONSUME_CHECK_CONSUMER) timestamp=1274 ms, used_size=11722752 bytes (28.6%)
(RDMA_READ_CONSUME_CHECK_CONSUMER) timestamp=1274 ms, used_size=11720704 bytes (28.6%)
(RDMA_READ_CONSUME_CHECK_CONSUMER) timestamp=1274 ms, used_size=11718656 bytes (28.6%)
(RDMA_READ_CONSUME_CHECK_CONSUMER) timestamp=1274 ms, used_size=11716608 bytes (28.6%)
(RDMA_READ_CONSUME_CHECK_CONSUMER) timestamp=1274 ms, used_size=11714560 bytes (28.6%)
(RDMA_READ_CONSUME_CHECK_CONSUMER) timestamp=1274 ms, used_size=11712512 bytes (28.6%)
(RDMA_READ_CONSUME_CHECK_CONSUMER) timestamp=1274 ms, used_size=11710464 bytes (28.6%)
(RDMA_READ_CONSUME_CHECK_CONSUMER) timestamp=1274 ms, used_size=11708416 bytes (28.6%)
(RDMA_READ_CONSUME_CHECK_CONSUMER) timestamp=1274 ms, used_size=11706368 bytes (28.6%)
(RDMA_READ_CONSUME_CHECK_CONSUMER) timestamp=1274 ms, used_size=11704320 bytes (28.6%)
(RDMA_READ_CONSUME_CHECK_CONSUMER) timestamp=1274 ms, used_size=11702272 bytes (28.6%)
(RDMA_READ_CONSUME_CHECK_CONSUMER) timestamp=1274 ms, used_size=11700224 bytes (28.6%)
(RDMA_READ_CONSUME_CHECK_CONSUMER) timestamp=1274 ms, used_size=11698176 bytes (28.6%)
(RDMA_READ_CONSUME_CHECK_CONSUMER) timestamp=1274 ms, used_size=11696128 bytes (28.6%)
(RDMA_READ_CONSUME_CHECK_CONSUMER) timestamp=1274 ms, used_size=11694080 bytes (28.6%)
(RDMA_READ_CONSUME_CHECK_CONSUMER) timestamp=1274 ms, used_size=11692032 bytes (28.5%)
(RDMA_READ_CONSUME_CHECK_CONSUMER) timestamp=1274 ms, used_size=11689984 bytes (28.5%)
(RDMA_READ_CONSUME_CHECK_CONSUMER) timestamp=1274 ms, used_size=11687936 bytes (28.5%)
(RDMA_READ_CONSUME_CHECK_CONSUMER) timestamp=1274 ms, used_size=11685888 bytes (28.5%)
(RDMA_READ_CONSUME_CHECK_CONSUMER) timestamp=1274 ms, used_size=11683840 bytes (28.5%)
(RDMA_READ_CONSUME_CHECK_CONSUMER) timestamp=1274 ms, used_size=11681792 bytes (28.5%)
(RDMA_READ_CONSUME_CHECK_CONSUMER) timestamp=1274 ms, used_size=11679744 bytes (28.5%)
(RDMA_READ_CONSUME_CHECK_CONSUMER) timestamp=1274 ms, used_size=11677696 bytes (28.5%)
(RDMA_READ_CONSUME_CHECK_CONSUMER) timestamp=1274 ms, used_size=11675648 bytes (28.5%)
(RDMA_READ_CONSUME_CHECK_CONSUMER) timestamp=1274 ms, used_size=11673600 bytes (28.5%)
(RDMA_READ_CONSUME_CHECK_CONSUMER) timestamp=1274 ms, used_size=11671552 bytes (28.5%)
(RDMA_READ_CONSUME_CHECK_CONSUMER) timestamp=1274 ms, used_size=11669504 bytes (28.5%)
(RDMA_READ_CONSUME_CHECK_CONSUMER) timestamp=1274 ms, used_size=11667456 bytes (28.5%)
(RDMA_READ_CONSUME_CHECK_CONSUMER) timestamp=1274 ms, used_size=11665408 bytes (28.5%)
(RDMA_READ_CONSUME_CHECK_CONSUMER) timestamp=1274 ms, used_size=11663360 bytes (28.5%)
(RDMA_READ_CONSUME_CHECK_CONSUMER) timestamp=1274 ms, used_size=11661312 bytes (28.5%)
(RDMA_READ_CONSUME_CHECK_CONSUMER) timestamp=1274 ms, used_size=11659264 bytes (28.5%)
(RDMA_READ_CONSUME_CHECK_CONSUMER) timestamp=1274 ms, used_size=11657216 bytes (28.5%)
(RDMA_READ_CONSUME_CHECK_CONSUMER) timestamp=1274 ms, used_size=11655168 bytes (28.5%)
(RDMA_READ_CONSUME_CHECK_CONSUMER) timestamp=1274 ms, used_size=11653120 bytes (28.4%)
(RDMA_READ_CONSUME_CHECK_CONSUMER) timestamp=1274 ms, used_size=11651072 bytes (28.4%)
(RDMA_READ_CONSUME_CHECK_CONSUMER) timestamp=1274 ms, used_size=11649024 bytes (28.4%)
(RDMA_READ_CONSUME_CHECK_CONSUMER) timestamp=1274 ms, used_size=11646976 bytes (28.4%)
(RDMA_READ_CONSUME_CHECK_CONSUMER) timestamp=1274 ms, used_size=11644928 bytes (28.4%)
(RDMA_READ_CONSUME_CHECK_CONSUMER) timestamp=1274 ms, used_size=11642880 bytes (28.4%)
(RDMA_READ_CONSUME_CHECK_CONSUMER) timestamp=1274 ms, used_size=11640832 bytes (28.4%)
(RDMA_READ_CONSUME_CHECK_CONSUMER) timestamp=1274 ms, used_size=11638784 bytes (28.4%)
(RDMA_READ_CONSUME_CHECK_CONSUMER) timestamp=1274 ms, used_size=11636736 bytes (28.4%)
(RDMA_READ_CONSUME_CHECK_CONSUMER) timestamp=1274 ms, used_size=11634688 bytes (28.4%)
(RDMA_READ_CONSUME_CHECK_CONSUMER) timestamp=1274 ms, used_size=11632640 bytes (28.4%)
(RDMA_READ_CONSUME_CHECK_CONSUMER) timestamp=1274 ms, used_size=11630592 bytes (28.4%)
(RDMA_READ_CONSUME_CHECK_CONSUMER) timestamp=1274 ms, used_size=11628544 bytes (28.4%)
(RDMA_READ_CONSUME_CHECK_CONSUMER) timestamp=1274 ms, used_size=11626496 bytes (28.4%)
(RDMA_READ_CONSUME_CHECK_CONSUMER) timestamp=1274 ms, used_size=11624448 bytes (28.4%)
(RDMA_READ_CONSUME_CHECK_CONSUMER) timestamp=1274 ms, used_size=11622400 bytes (28.4%)
(RDMA_READ_CONSUME_CHECK_CONSUMER) timestamp=1274 ms, used_size=11620352 bytes (28.4%)
(RDMA_READ_CONSUME_CHECK_CONSUMER) timestamp=1274 ms, used_size=11618304 bytes (28.4%)
(RDMA_READ_CONSUME_CHECK_CONSUMER) timestamp=1274 ms, used_size=11616256 bytes (28.4%)
(RDMA_READ_CONSUME_CHECK_CONSUMER) timestamp=1274 ms, used_size=11614208 bytes (28.4%)
(RDMA_READ_CONSUME_CHECK_CONSUMER) timestamp=1274 ms, used_size=11612160 bytes (28.4%)
(RDMA_READ_CONSUME_CHECK_CONSUMER) timestamp=1274 ms, used_size=11610112 bytes (28.3%)
(RDMA_READ_CONSUME_CHECK_CONSUMER) timestamp=1274 ms, used_size=11608064 bytes (28.3%)
(RDMA_READ_CONSUME_CHECK_CONSUMER) timestamp=1274 ms, used_size=11606016 bytes (28.3%)
(RDMA_READ_CONSUME_CHECK_CONSUMER) timestamp=1274 ms, used_size=11603968 bytes (28.3%)
(RDMA_READ_CONSUME_CHECK_CONSUMER) timestamp=1274 ms, used_size=11601920 bytes (28.3%)
(RDMA_READ_CONSUME_CHECK_CONSUMER) timestamp=1274 ms, used_size=11599872 bytes (28.3%)
(RDMA_READ_CONSUME_CHECK_CONSUMER) timestamp=1274 ms, used_size=11597824 bytes (28.3%)
(RDMA_READ_CONSUME_CHECK_CONSUMER) timestamp=1274 ms, used_size=11595776 bytes (28.3%)
(RDMA_READ_CONSUME_CHECK_CONSUMER) timestamp=1274 ms, used_size=11593728 bytes (28.3%)
(RDMA_READ_CONSUME_CHECK_CONSUMER) timestamp=1274 ms, used_size=11591680 bytes (28.3%)
(RDMA_READ_CONSUME_CHECK_CONSUMER) timestamp=1274 ms, used_size=11589632 bytes (28.3%)
(RDMA_READ_CONSUME_CHECK_CONSUMER) timestamp=1274 ms, used_size=11587584 bytes (28.3%)
(RDMA_READ_CONSUME_CHECK_CONSUMER) timestamp=1274 ms, used_size=11585536 bytes (28.3%)
(RDMA_READ_CONSUME_CHECK_CONSUMER) timestamp=1274 ms, used_size=11583488 bytes (28.3%)
(RDMA_READ_CONSUME_CHECK_CONSUMER) timestamp=1274 ms, used_size=11581440 bytes (28.3%)
(RDMA_READ_CONSUME_CHECK_CONSUMER) timestamp=1274 ms, used_size=11579392 bytes (28.3%)
(RDMA_READ_CONSUME_CHECK_CONSUMER) timestamp=1274 ms, used_size=11577344 bytes (28.3%)
(RDMA_READ_CONSUME_CHECK_CONSUMER) timestamp=1274 ms, used_size=11575296 bytes (28.3%)
(RDMA_READ_CONSUME_CHECK_CONSUMER) timestamp=1274 ms, used_size=11573248 bytes (28.3%)
(RDMA_READ_CONSUME_CHECK_CONSUMER) timestamp=1274 ms, used_size=11571200 bytes (28.2%)
(RDMA_READ_CONSUME_CHECK_CONSUMER) timestamp=1274 ms, used_size=11569152 bytes (28.2%)
(RDMA_READ_CONSUME_CHECK_CONSUMER) timestamp=1274 ms, used_size=11567104 bytes (28.2%)
(RDMA_READ_CONSUME_CHECK_CONSUMER) timestamp=1274 ms, used_size=11565056 bytes (28.2%)
(RDMA_READ_CONSUME_CHECK_CONSUMER) timestamp=1274 ms, used_size=11563008 bytes (28.2%)
(RDMA_READ_CONSUME_CHECK_CONSUMER) timestamp=1274 ms, used_size=11560960 bytes (28.2%)
(RDMA_READ_CONSUME_CHECK_CONSUMER) timestamp=1274 ms, used_size=11558912 bytes (28.2%)
(RDMA_READ_CONSUME_CHECK_CONSUMER) timestamp=1274 ms, used_size=11556864 bytes (28.2%)
(RDMA_READ_CONSUME_CHECK_CONSUMER) timestamp=1274 ms, used_size=11554816 bytes (28.2%)
(RDMA_READ_CONSUME_CHECK_CONSUMER) timestamp=1274 ms, used_size=11552768 bytes (28.2%)
(RDMA_READ_CONSUME_CHECK_CONSUMER) timestamp=1274 ms, used_size=11550720 bytes (28.2%)
(RDMA_READ_CONSUME_CHECK_CONSUMER) timestamp=1274 ms, used_size=11548672 bytes (28.2%)
(RDMA_READ_CONSUME_CHECK_CONSUMER) timestamp=1274 ms, used_size=11546624 bytes (28.2%)
(RDMA_READ_CONSUME_CHECK_CONSUMER) timestamp=1274 ms, used_size=11544576 bytes (28.2%)
(RDMA_READ_CONSUME_CHECK_CONSUMER) timestamp=1274 ms, used_size=11542528 bytes (28.2%)
(RDMA_READ_CONSUME_CHECK_CONSUMER) timestamp=1274 ms, used_size=11540480 bytes (28.2%)
(RDMA_READ_CONSUME_CHECK_CONSUMER) timestamp=1274 ms, used_size=11538432 bytes (28.2%)
(RDMA_READ_CONSUME_CHECK_CONSUMER) timestamp=1274 ms, used_size=11536384 bytes (28.2%)
(RDMA_READ_CONSUME_CHECK_CONSUMER) timestamp=1274 ms, used_size=11534336 bytes (28.2%)
(RDMA_READ_CONSUME_CHECK_CONSUMER) timestamp=1274 ms, used_size=11532288 bytes (28.2%)
(RDMA_READ_CONSUME_CHECK_CONSUMER) timestamp=1274 ms, used_size=11530240 bytes (28.1%)
(RDMA_READ_CONSUME_CHECK_CONSUMER) timestamp=1274 ms, used_size=11528192 bytes (28.1%)
(RDMA_READ_CONSUME_CHECK_CONSUMER) timestamp=1274 ms, used_size=11526144 bytes (28.1%)
(RDMA_READ_CONSUME_CHECK_CONSUMER) timestamp=1274 ms, used_size=11524096 bytes (28.1%)
(RDMA_READ_CONSUME_CHECK_CONSUMER) timestamp=1274 ms, used_size=11522048 bytes (28.1%)
(RDMA_READ_CONSUME_CHECK_CONSUMER) timestamp=1274 ms, used_size=11520000 bytes (28.1%)
(RDMA_READ_CONSUME_CHECK_CONSUMER) timestamp=1274 ms, used_size=11517952 bytes (28.1%)
(RDMA_READ_CONSUME_CHECK_CONSUMER) timestamp=1274 ms, used_size=11515904 bytes (28.1%)
(RDMA_READ_CONSUME_CHECK_CONSUMER) timestamp=1274 ms, used_size=11513856 bytes (28.1%)
(RDMA_READ_CONSUME_CHECK_CONSUMER) timestamp=1274 ms, used_size=11511808 bytes (28.1%)
(RDMA_READ_CONSUME_CHECK_CONSUMER) timestamp=1274 ms, used_size=11509760 bytes (28.1%)
(RDMA_READ_CONSUME_CHECK_CONSUMER) timestamp=1274 ms, used_size=11507712 bytes (28.1%)
(RDMA_READ_CONSUME_CHECK_CONSUMER) timestamp=1274 ms, used_size=11505664 bytes (28.1%)
(RDMA_READ_CONSUME_CHECK_CONSUMER) timestamp=1274 ms, used_size=11503616 bytes (28.1%)
(RDMA_READ_CONSUME_CHECK_CONSUMER) timestamp=1274 ms, used_size=11501568 bytes (28.1%)
(RDMA_READ_CONSUME_CHECK_CONSUMER) timestamp=1274 ms, used_size=11499520 bytes (28.1%)
(RDMA_READ_CONSUME_CHECK_CONSUMER) timestamp=1274 ms, used_size=11497472 bytes (28.1%)
(RDMA_READ_CONSUME_CHECK_CONSUMER) timestamp=1274 ms, used_size=11495424 bytes (28.1%)
(RDMA_READ_CONSUME_CHECK_CONSUMER) timestamp=1274 ms, used_size=11493376 bytes (28.1%)
(RDMA_READ_CONSUME_CHECK_CONSUMER) timestamp=1274 ms, used_size=11491328 bytes (28.1%)
(RDMA_READ_CONSUME_CHECK_CONSUMER) timestamp=1274 ms, used_size=11489280 bytes (28.1%)
(RDMA_READ_CONSUME_CHECK_CONSUMER) timestamp=1274 ms, used_size=11487232 bytes (28.0%)
(RDMA_READ_CONSUME_CHECK_CONSUMER) timestamp=1274 ms, used_size=11485184 bytes (28.0%)
(RDMA_READ_CONSUME_CHECK_CONSUMER) timestamp=1274 ms, used_size=11483136 bytes (28.0%)
(RDMA_READ_CONSUME_CHECK_CONSUMER) timestamp=1274 ms, used_size=11481088 bytes (28.0%)
(RDMA_READ_CONSUME_CHECK_CONSUMER) timestamp=1274 ms, used_size=11479040 bytes (28.0%)
(RDMA_READ_CONSUME_CHECK_CONSUMER) timestamp=1274 ms, used_size=11476992 bytes (28.0%)
(RDMA_READ_CONSUME_CHECK_CONSUMER) timestamp=1274 ms, used_size=11474944 bytes (28.0%)
(RDMA_READ_CONSUME_CHECK_CONSUMER) timestamp=1274 ms, used_size=11472896 bytes (28.0%)
(RDMA_READ_CONSUME_CHECK_CONSUMER) timestamp=1274 ms, used_size=11470848 bytes (28.0%)
(RDMA_READ_CONSUME_CHECK_CONSUMER) timestamp=1274 ms, used_size=11468800 bytes (28.0%)
(RDMA_READ_CONSUME_CHECK_CONSUMER) timestamp=1274 ms, used_size=11466752 bytes (28.0%)
(RDMA_READ_CONSUME_CHECK_CONSUMER) timestamp=1274 ms, used_size=11464704 bytes (28.0%)
(RDMA_READ_CONSUME_CHECK_CONSUMER) timestamp=1274 ms, used_size=11462656 bytes (28.0%)
(RDMA_READ_CONSUME_CHECK_CONSUMER) timestamp=1274 ms, used_size=11460608 bytes (28.0%)
(RDMA_READ_CONSUME_CHECK_CONSUMER) timestamp=1275 ms, used_size=11458560 bytes (28.0%)
(RDMA_READ_CONSUME_CHECK_CONSUMER) timestamp=1275 ms, used_size=11456512 bytes (28.0%)
(RDMA_READ_CONSUME_CHECK_CONSUMER) timestamp=1275 ms, used_size=11454464 bytes (28.0%)
(RDMA_READ_CONSUME_CHECK_CONSUMER) timestamp=1275 ms, used_size=11452416 bytes (28.0%)
(RDMA_READ_CONSUME_CHECK_CONSUMER) timestamp=1275 ms, used_size=11450368 bytes (28.0%)
(RDMA_READ_CONSUME_CHECK_CONSUMER) timestamp=1275 ms, used_size=11448320 bytes (27.9%)
(RDMA_READ_CONSUME_CHECK_CONSUMER) timestamp=1275 ms, used_size=11446272 bytes (27.9%)
(RDMA_READ_CONSUME_CHECK_CONSUMER) timestamp=1275 ms, used_size=11444224 bytes (27.9%)
(RDMA_READ_CONSUME_CHECK_CONSUMER) timestamp=1275 ms, used_size=11442176 bytes (27.9%)
(RDMA_READ_CONSUME_CHECK_CONSUMER) timestamp=1275 ms, used_size=11440128 bytes (27.9%)
(RDMA_READ_CONSUME_CHECK_CONSUMER) timestamp=1275 ms, used_size=11438080 bytes (27.9%)
(RDMA_READ_CONSUME_CHECK_CONSUMER) timestamp=1275 ms, used_size=11436032 bytes (27.9%)
(RDMA_READ_CONSUME_CHECK_CONSUMER) timestamp=1275 ms, used_size=11433984 bytes (27.9%)
(RDMA_READ_CONSUME_CHECK_CONSUMER) timestamp=1275 ms, used_size=11431936 bytes (27.9%)
(RDMA_READ_CONSUME_CHECK_CONSUMER) timestamp=1275 ms, used_size=11429888 bytes (27.9%)
(RDMA_READ_CONSUME_CHECK_CONSUMER) timestamp=1275 ms, used_size=11427840 bytes (27.9%)
(RDMA_READ_CONSUME_CHECK_CONSUMER) timestamp=1275 ms, used_size=11425792 bytes (27.9%)
(RDMA_READ_CONSUME_CHECK_CONSUMER) timestamp=1275 ms, used_size=11423744 bytes (27.9%)
(RDMA_READ_CONSUME_CHECK_CONSUMER) timestamp=1275 ms, used_size=11421696 bytes (27.9%)
(RDMA_READ_CONSUME_CHECK_CONSUMER) timestamp=1275 ms, used_size=11419648 bytes (27.9%)
(RDMA_READ_CONSUME_CHECK_CONSUMER) timestamp=1275 ms, used_size=11417600 bytes (27.9%)
(RDMA_READ_CONSUME_CHECK_CONSUMER) timestamp=1275 ms, used_size=11415552 bytes (27.9%)
(RDMA_READ_CONSUME_CHECK_CONSUMER) timestamp=1275 ms, used_size=11413504 bytes (27.9%)
(RDMA_READ_CONSUME_CHECK_CONSUMER) timestamp=1275 ms, used_size=11411456 bytes (27.9%)
(RDMA_READ_CONSUME_CHECK_CONSUMER) timestamp=1275 ms, used_size=11409408 bytes (27.9%)
(RDMA_READ_CONSUME_CHECK_CONSUMER) timestamp=1275 ms, used_size=11407360 bytes (27.9%)
(RDMA_READ_CONSUME_CHECK_CONSUMER) timestamp=1275 ms, used_size=11405312 bytes (27.8%)
(RDMA_READ_CONSUME_CHECK_CONSUMER) timestamp=1275 ms, used_size=11403264 bytes (27.8%)
(RDMA_READ_CONSUME_CHECK_CONSUMER) timestamp=1275 ms, used_size=11401216 bytes (27.8%)
(RDMA_READ_CONSUME_CHECK_CONSUMER) timestamp=1275 ms, used_size=11399168 bytes (27.8%)
(RDMA_READ_CONSUME_CHECK_CONSUMER) timestamp=1275 ms, used_size=11397120 bytes (27.8%)
(RDMA_READ_CONSUME_CHECK_CONSUMER) timestamp=1275 ms, used_size=11395072 bytes (27.8%)
(RDMA_READ_CONSUME_CHECK_CONSUMER) timestamp=1275 ms, used_size=11393024 bytes (27.8%)
(RDMA_READ_CONSUME_CHECK_CONSUMER) timestamp=1275 ms, used_size=11390976 bytes (27.8%)
(RDMA_READ_CONSUME_CHECK_CONSUMER) timestamp=1275 ms, used_size=11388928 bytes (27.8%)
(RDMA_READ_CONSUME_CHECK_CONSUMER) timestamp=1275 ms, used_size=11386880 bytes (27.8%)
(RDMA_READ_CONSUME_CHECK_CONSUMER) timestamp=1275 ms, used_size=11384832 bytes (27.8%)
(RDMA_READ_CONSUME_CHECK_CONSUMER) timestamp=1275 ms, used_size=11382784 bytes (27.8%)
(RDMA_READ_CONSUME_CHECK_CONSUMER) timestamp=1275 ms, used_size=11380736 bytes (27.8%)
(RDMA_READ_CONSUME_CHECK_CONSUMER) timestamp=1275 ms, used_size=11378688 bytes (27.8%)
(RDMA_READ_CONSUME_CHECK_CONSUMER) timestamp=1275 ms, used_size=11376640 bytes (27.8%)
(RDMA_READ_CONSUME_CHECK_CONSUMER) timestamp=1275 ms, used_size=11374592 bytes (27.8%)
(RDMA_READ_CONSUME_CHECK_CONSUMER) timestamp=1275 ms, used_size=11372544 bytes (27.8%)
(RDMA_READ_CONSUME_CHECK_CONSUMER) timestamp=1275 ms, used_size=11370496 bytes (27.8%)
(RDMA_READ_CONSUME_CHECK_CONSUMER) timestamp=1275 ms, used_size=11368448 bytes (27.8%)
(RDMA_READ_CONSUME_CHECK_CONSUMER) timestamp=1275 ms, used_size=11366400 bytes (27.8%)
(RDMA_READ_CONSUME_CHECK_CONSUMER) timestamp=1275 ms, used_size=11364352 bytes (27.7%)
(RDMA_READ_CONSUME_CHECK_CONSUMER) timestamp=1275 ms, used_size=11362304 bytes (27.7%)
(RDMA_READ_CONSUME_CHECK_CONSUMER) timestamp=1275 ms, used_size=11360256 bytes (27.7%)
(RDMA_READ_CONSUME_CHECK_CONSUMER) timestamp=1275 ms, used_size=11358208 bytes (27.7%)
(RDMA_READ_CONSUME_CHECK_CONSUMER) timestamp=1275 ms, used_size=11356160 bytes (27.7%)
(RDMA_READ_CONSUME_CHECK_CONSUMER) timestamp=1275 ms, used_size=11354112 bytes (27.7%)
(RDMA_READ_CONSUME_CHECK_CONSUMER) timestamp=1275 ms, used_size=11352064 bytes (27.7%)
(RDMA_READ_CONSUME_CHECK_CONSUMER) timestamp=1275 ms, used_size=11350016 bytes (27.7%)
(RDMA_READ_CONSUME_CHECK_CONSUMER) timestamp=1275 ms, used_size=11347968 bytes (27.7%)
(RDMA_READ_CONSUME_CHECK_CONSUMER) timestamp=1275 ms, used_size=11345920 bytes (27.7%)
(RDMA_READ_CONSUME_CHECK_CONSUMER) timestamp=1275 ms, used_size=11343872 bytes (27.7%)
(RDMA_READ_CONSUME_CHECK_CONSUMER) timestamp=1275 ms, used_size=11341824 bytes (27.7%)
(RDMA_READ_CONSUME_CHECK_CONSUMER) timestamp=1275 ms, used_size=11339776 bytes (27.7%)
(RDMA_READ_CONSUME_CHECK_CONSUMER) timestamp=1275 ms, used_size=11337728 bytes (27.7%)
(RDMA_READ_CONSUME_CHECK_CONSUMER) timestamp=1275 ms, used_size=11335680 bytes (27.7%)
(RDMA_READ_CONSUME_CHECK_CONSUMER) timestamp=1275 ms, used_size=11333632 bytes (27.7%)
(RDMA_READ_CONSUME_CHECK_CONSUMER) timestamp=1275 ms, used_size=11331584 bytes (27.7%)
(RDMA_READ_CONSUME_CHECK_CONSUMER) timestamp=1275 ms, used_size=11329536 bytes (27.7%)
(RDMA_READ_CONSUME_CHECK_CONSUMER) timestamp=1275 ms, used_size=11327488 bytes (27.7%)
(RDMA_READ_CONSUME_CHECK_CONSUMER) timestamp=1275 ms, used_size=11325440 bytes (27.6%)
(RDMA_READ_CONSUME_CHECK_CONSUMER) timestamp=1275 ms, used_size=11323392 bytes (27.6%)
(RDMA_READ_CONSUME_CHECK_CONSUMER) timestamp=1275 ms, used_size=11321344 bytes (27.6%)
(RDMA_READ_CONSUME_CHECK_CONSUMER) timestamp=1275 ms, used_size=11319296 bytes (27.6%)
(RDMA_READ_CONSUME_CHECK_CONSUMER) timestamp=1275 ms, used_size=11317248 bytes (27.6%)
(RDMA_READ_CONSUME_CHECK_CONSUMER) timestamp=1275 ms, used_size=11315200 bytes (27.6%)
(RDMA_READ_CONSUME_CHECK_CONSUMER) timestamp=1275 ms, used_size=11313152 bytes (27.6%)
(RDMA_READ_CONSUME_CHECK_CONSUMER) timestamp=1275 ms, used_size=11311104 bytes (27.6%)
(RDMA_READ_CONSUME_CHECK_CONSUMER) timestamp=1275 ms, used_size=11309056 bytes (27.6%)
(RDMA_READ_CONSUME_CHECK_CONSUMER) timestamp=1275 ms, used_size=11307008 bytes (27.6%)
(RDMA_READ_CONSUME_CHECK_CONSUMER) timestamp=1275 ms, used_size=11304960 bytes (27.6%)
(RDMA_READ_CONSUME_CHECK_CONSUMER) timestamp=1275 ms, used_size=11302912 bytes (27.6%)
(RDMA_READ_CONSUME_CHECK_CONSUMER) timestamp=1275 ms, used_size=11300864 bytes (27.6%)
(RDMA_READ_CONSUME_CHECK_CONSUMER) timestamp=1275 ms, used_size=11298816 bytes (27.6%)
(RDMA_READ_CONSUME_CHECK_CONSUMER) timestamp=1275 ms, used_size=11296768 bytes (27.6%)
(RDMA_READ_CONSUME_CHECK_CONSUMER) timestamp=1275 ms, used_size=11294720 bytes (27.6%)
(RDMA_READ_CONSUME_CHECK_CONSUMER) timestamp=1275 ms, used_size=11292672 bytes (27.6%)
(RDMA_READ_CONSUME_CHECK_CONSUMER) timestamp=1275 ms, used_size=11290624 bytes (27.6%)
(RDMA_READ_CONSUME_CHECK_CONSUMER) timestamp=1275 ms, used_size=11288576 bytes (27.6%)
(RDMA_READ_CONSUME_CHECK_CONSUMER) timestamp=1275 ms, used_size=11286528 bytes (27.6%)
(RDMA_READ_CONSUME_CHECK_CONSUMER) timestamp=1275 ms, used_size=11284480 bytes (27.6%)
(RDMA_READ_CONSUME_CHECK_CONSUMER) timestamp=1275 ms, used_size=11282432 bytes (27.5%)
(RDMA_READ_CONSUME_CHECK_CONSUMER) timestamp=1275 ms, used_size=11280384 bytes (27.5%)
(RDMA_READ_CONSUME_CHECK_CONSUMER) timestamp=1275 ms, used_size=11278336 bytes (27.5%)
(RDMA_READ_CONSUME_CHECK_CONSUMER) timestamp=1275 ms, used_size=11276288 bytes (27.5%)
(RDMA_READ_CONSUME_CHECK_CONSUMER) timestamp=1275 ms, used_size=11274240 bytes (27.5%)
(RDMA_READ_CONSUME_CHECK_CONSUMER) timestamp=1275 ms, used_size=11272192 bytes (27.5%)
(RDMA_READ_CONSUME_CHECK_CONSUMER) timestamp=1275 ms, used_size=11270144 bytes (27.5%)
(RDMA_READ_CONSUME_CHECK_CONSUMER) timestamp=1275 ms, used_size=11268096 bytes (27.5%)
(RDMA_READ_CONSUME_CHECK_CONSUMER) timestamp=1275 ms, used_size=11266048 bytes (27.5%)
(RDMA_READ_CONSUME_CHECK_CONSUMER) timestamp=1275 ms, used_size=11264000 bytes (27.5%)
(RDMA_READ_CONSUME_CHECK_CONSUMER) timestamp=1275 ms, used_size=11261952 bytes (27.5%)
(RDMA_READ_CONSUME_CHECK_CONSUMER) timestamp=1275 ms, used_size=11259904 bytes (27.5%)
(RDMA_READ_CONSUME_CHECK_CONSUMER) timestamp=1275 ms, used_size=11257856 bytes (27.5%)
(RDMA_READ_CONSUME_CHECK_CONSUMER) timestamp=1275 ms, used_size=11255808 bytes (27.5%)
(RDMA_READ_CONSUME_CHECK_CONSUMER) timestamp=1275 ms, used_size=11253760 bytes (27.5%)
(RDMA_READ_CONSUME_CHECK_CONSUMER) timestamp=1275 ms, used_size=11251712 bytes (27.5%)
(RDMA_READ_CONSUME_CHECK_CONSUMER) timestamp=1275 ms, used_size=11249664 bytes (27.5%)
(RDMA_READ_CONSUME_CHECK_CONSUMER) timestamp=1275 ms, used_size=11247616 bytes (27.5%)
(RDMA_READ_CONSUME_CHECK_CONSUMER) timestamp=1275 ms, used_size=11245568 bytes (27.5%)
(RDMA_READ_CONSUME_CHECK_CONSUMER) timestamp=1275 ms, used_size=11243520 bytes (27.4%)
(RDMA_READ_CONSUME_CHECK_CONSUMER) timestamp=1275 ms, used_size=11241472 bytes (27.4%)
(RDMA_READ_CONSUME_CHECK_CONSUMER) timestamp=1275 ms, used_size=11239424 bytes (27.4%)
(RDMA_READ_CONSUME_CHECK_CONSUMER) timestamp=1275 ms, used_size=11237376 bytes (27.4%)
(RDMA_READ_CONSUME_CHECK_CONSUMER) timestamp=1275 ms, used_size=11235328 bytes (27.4%)
(RDMA_READ_CONSUME_CHECK_CONSUMER) timestamp=1275 ms, used_size=11233280 bytes (27.4%)
(RDMA_READ_CONSUME_CHECK_CONSUMER) timestamp=1275 ms, used_size=11231232 bytes (27.4%)
(RDMA_READ_CONSUME_CHECK_CONSUMER) timestamp=1275 ms, used_size=11229184 bytes (27.4%)
(RDMA_READ_CONSUME_CHECK_CONSUMER) timestamp=1275 ms, used_size=11227136 bytes (27.4%)
(RDMA_READ_CONSUME_CHECK_CONSUMER) timestamp=1275 ms, used_size=11225088 bytes (27.4%)
(RDMA_READ_CONSUME_CHECK_CONSUMER) timestamp=1275 ms, used_size=11223040 bytes (27.4%)
(RDMA_READ_CONSUME_CHECK_CONSUMER) timestamp=1275 ms, used_size=11220992 bytes (27.4%)
(RDMA_READ_CONSUME_CHECK_CONSUMER) timestamp=1275 ms, used_size=11218944 bytes (27.4%)
(RDMA_READ_CONSUME_CHECK_CONSUMER) timestamp=1275 ms, used_size=11216896 bytes (27.4%)
(RDMA_READ_CONSUME_CHECK_CONSUMER) timestamp=1275 ms, used_size=11214848 bytes (27.4%)
(RDMA_READ_CONSUME_CHECK_CONSUMER) timestamp=1275 ms, used_size=11212800 bytes (27.4%)
(RDMA_READ_CONSUME_CHECK_CONSUMER) timestamp=1275 ms, used_size=11210752 bytes (27.4%)
(RDMA_READ_CONSUME_CHECK_CONSUMER) timestamp=1275 ms, used_size=11208704 bytes (27.4%)
(RDMA_READ_CONSUME_CHECK_CONSUMER) timestamp=1275 ms, used_size=11206656 bytes (27.4%)
(RDMA_READ_CONSUME_CHECK_CONSUMER) timestamp=1275 ms, used_size=11204608 bytes (27.4%)
(RDMA_READ_CONSUME_CHECK_CONSUMER) timestamp=1275 ms, used_size=11202560 bytes (27.4%)
(RDMA_READ_CONSUME_CHECK_CONSUMER) timestamp=1275 ms, used_size=11200512 bytes (27.3%)
(RDMA_READ_CONSUME_CHECK_CONSUMER) timestamp=1275 ms, used_size=11198464 bytes (27.3%)
(RDMA_READ_CONSUME_CHECK_CONSUMER) timestamp=1275 ms, used_size=11196416 bytes (27.3%)
(RDMA_READ_CONSUME_CHECK_CONSUMER) timestamp=1275 ms, used_size=11194368 bytes (27.3%)
(RDMA_READ_CONSUME_CHECK_CONSUMER) timestamp=1275 ms, used_size=11192320 bytes (27.3%)
(RDMA_READ_CONSUME_CHECK_CONSUMER) timestamp=1275 ms, used_size=11190272 bytes (27.3%)
(RDMA_READ_CONSUME_CHECK_CONSUMER) timestamp=1275 ms, used_size=11188224 bytes (27.3%)
(RDMA_READ_CONSUME_CHECK_CONSUMER) timestamp=1275 ms, used_size=11186176 bytes (27.3%)
(RDMA_READ_CONSUME_CHECK_CONSUMER) timestamp=1275 ms, used_size=11184128 bytes (27.3%)
(RDMA_READ_CONSUME_CHECK_CONSUMER) timestamp=1275 ms, used_size=11182080 bytes (27.3%)
(RDMA_READ_CONSUME_CHECK_CONSUMER) timestamp=1275 ms, used_size=11180032 bytes (27.3%)
(RDMA_READ_CONSUME_CHECK_CONSUMER) timestamp=1275 ms, used_size=11177984 bytes (27.3%)
(RDMA_READ_CONSUME_CHECK_CONSUMER) timestamp=1275 ms, used_size=11175936 bytes (27.3%)
(RDMA_READ_CONSUME_CHECK_CONSUMER) timestamp=1275 ms, used_size=11173888 bytes (27.3%)
(RDMA_READ_CONSUME_CHECK_CONSUMER) timestamp=1275 ms, used_size=11171840 bytes (27.3%)
(RDMA_READ_CONSUME_CHECK_CONSUMER) timestamp=1275 ms, used_size=11169792 bytes (27.3%)
(RDMA_READ_CONSUME_CHECK_CONSUMER) timestamp=1275 ms, used_size=11167744 bytes (27.3%)
(RDMA_READ_CONSUME_CHECK_CONSUMER) timestamp=1275 ms, used_size=11165696 bytes (27.3%)
(RDMA_READ_CONSUME_CHECK_CONSUMER) timestamp=1275 ms, used_size=11163648 bytes (27.3%)
(RDMA_READ_CONSUME_CHECK_CONSUMER) timestamp=1275 ms, used_size=11161600 bytes (27.2%)
(RDMA_READ_CONSUME_CHECK_CONSUMER) timestamp=1275 ms, used_size=11159552 bytes (27.2%)
(RDMA_READ_CONSUME_CHECK_CONSUMER) timestamp=1275 ms, used_size=11157504 bytes (27.2%)
(RDMA_READ_CONSUME_CHECK_CONSUMER) timestamp=1275 ms, used_size=11155456 bytes (27.2%)
(RDMA_READ_CONSUME_CHECK_CONSUMER) timestamp=1275 ms, used_size=11153408 bytes (27.2%)
(RDMA_READ_CONSUME_CHECK_CONSUMER) timestamp=1275 ms, used_size=11151360 bytes (27.2%)
(RDMA_READ_CONSUME_CHECK_CONSUMER) timestamp=1275 ms, used_size=11149312 bytes (27.2%)
(RDMA_READ_CONSUME_CHECK_CONSUMER) timestamp=1275 ms, used_size=11147264 bytes (27.2%)
(RDMA_READ_CONSUME_CHECK_CONSUMER) timestamp=1275 ms, used_size=11145216 bytes (27.2%)
(RDMA_READ_CONSUME_CHECK_CONSUMER) timestamp=1275 ms, used_size=11143168 bytes (27.2%)
(RDMA_READ_CONSUME_CHECK_CONSUMER) timestamp=1275 ms, used_size=11141120 bytes (27.2%)
(RDMA_READ_CONSUME_CHECK_CONSUMER) timestamp=1275 ms, used_size=11139072 bytes (27.2%)
(RDMA_READ_CONSUME_CHECK_CONSUMER) timestamp=1275 ms, used_size=11137024 bytes (27.2%)
(RDMA_READ_CONSUME_CHECK_CONSUMER) timestamp=1275 ms, used_size=11134976 bytes (27.2%)
(RDMA_READ_CONSUME_CHECK_CONSUMER) timestamp=1275 ms, used_size=11132928 bytes (27.2%)
(RDMA_READ_CONSUME_CHECK_CONSUMER) timestamp=1275 ms, used_size=11130880 bytes (27.2%)
(RDMA_READ_CONSUME_CHECK_CONSUMER) timestamp=1275 ms, used_size=11128832 bytes (27.2%)
(RDMA_READ_CONSUME_CHECK_CONSUMER) timestamp=1275 ms, used_size=11126784 bytes (27.2%)
(RDMA_READ_CONSUME_CHECK_CONSUMER) timestamp=1275 ms, used_size=11124736 bytes (27.2%)
(RDMA_READ_CONSUME_CHECK_CONSUMER) timestamp=1275 ms, used_size=11122688 bytes (27.2%)
(RDMA_READ_CONSUME_CHECK_CONSUMER) timestamp=1275 ms, used_size=11120640 bytes (27.1%)
(RDMA_READ_CONSUME_CHECK_CONSUMER) timestamp=1275 ms, used_size=11118592 bytes (27.1%)
(RDMA_READ_CONSUME_CHECK_CONSUMER) timestamp=1275 ms, used_size=11116544 bytes (27.1%)
(RDMA_READ_CONSUME_CHECK_CONSUMER) timestamp=1275 ms, used_size=11114496 bytes (27.1%)
(RDMA_READ_CONSUME_CHECK_CONSUMER) timestamp=1275 ms, used_size=11112448 bytes (27.1%)
(RDMA_READ_CONSUME_CHECK_CONSUMER) timestamp=1275 ms, used_size=11110400 bytes (27.1%)
(RDMA_READ_CONSUME_CHECK_CONSUMER) timestamp=1275 ms, used_size=11108352 bytes (27.1%)
(RDMA_READ_CONSUME_CHECK_CONSUMER) timestamp=1275 ms, used_size=11106304 bytes (27.1%)
(RDMA_READ_CONSUME_CHECK_CONSUMER) timestamp=1275 ms, used_size=11104256 bytes (27.1%)
(RDMA_READ_CONSUME_CHECK_CONSUMER) timestamp=1275 ms, used_size=11102208 bytes (27.1%)
(RDMA_READ_CONSUME_CHECK_CONSUMER) timestamp=1275 ms, used_size=11100160 bytes (27.1%)
(RDMA_READ_CONSUME_CHECK_CONSUMER) timestamp=1275 ms, used_size=11098112 bytes (27.1%)
(RDMA_READ_CONSUME_CHECK_CONSUMER) timestamp=1275 ms, used_size=11096064 bytes (27.1%)
(RDMA_READ_CONSUME_CHECK_CONSUMER) timestamp=1275 ms, used_size=11094016 bytes (27.1%)
(RDMA_READ_CONSUME_CHECK_CONSUMER) timestamp=1275 ms, used_size=11091968 bytes (27.1%)
(RDMA_READ_CONSUME_CHECK_CONSUMER) timestamp=1275 ms, used_size=11089920 bytes (27.1%)
(RDMA_READ_CONSUME_CHECK_CONSUMER) timestamp=1276 ms, used_size=11087872 bytes (27.1%)
(RDMA_READ_CONSUME_CHECK_CONSUMER) timestamp=1276 ms, used_size=11085824 bytes (27.1%)
(RDMA_READ_CONSUME_CHECK_CONSUMER) timestamp=1276 ms, used_size=11083776 bytes (27.1%)
(RDMA_READ_CONSUME_CHECK_CONSUMER) timestamp=1276 ms, used_size=11081728 bytes (27.1%)
(RDMA_READ_CONSUME_CHECK_CONSUMER) timestamp=1276 ms, used_size=11079680 bytes (27.1%)
(RDMA_READ_CONSUME_CHECK_CONSUMER) timestamp=1276 ms, used_size=11077632 bytes (27.0%)
(RDMA_READ_CONSUME_CHECK_CONSUMER) timestamp=1276 ms, used_size=11075584 bytes (27.0%)
(RDMA_READ_CONSUME_CHECK_CONSUMER) timestamp=1276 ms, used_size=11073536 bytes (27.0%)
(RDMA_READ_CONSUME_CHECK_CONSUMER) timestamp=1276 ms, used_size=11071488 bytes (27.0%)
(RDMA_READ_CONSUME_CHECK_CONSUMER) timestamp=1276 ms, used_size=11069440 bytes (27.0%)
(RDMA_READ_CONSUME_CHECK_CONSUMER) timestamp=1276 ms, used_size=11067392 bytes (27.0%)
(RDMA_READ_CONSUME_CHECK_CONSUMER) timestamp=1276 ms, used_size=11065344 bytes (27.0%)
(RDMA_READ_CONSUME_CHECK_CONSUMER) timestamp=1276 ms, used_size=11063296 bytes (27.0%)
(RDMA_READ_CONSUME_CHECK_CONSUMER) timestamp=1276 ms, used_size=11061248 bytes (27.0%)
(RDMA_READ_CONSUME_CHECK_CONSUMER) timestamp=1276 ms, used_size=11059200 bytes (27.0%)
(RDMA_READ_CONSUME_CHECK_CONSUMER) timestamp=1276 ms, used_size=11057152 bytes (27.0%)
(RDMA_READ_CONSUME_CHECK_CONSUMER) timestamp=1276 ms, used_size=11055104 bytes (27.0%)
(RDMA_READ_CONSUME_CHECK_CONSUMER) timestamp=1276 ms, used_size=11053056 bytes (27.0%)
(RDMA_READ_CONSUME_CHECK_CONSUMER) timestamp=1276 ms, used_size=11051008 bytes (27.0%)
(RDMA_READ_CONSUME_CHECK_CONSUMER) timestamp=1276 ms, used_size=11048960 bytes (27.0%)
(RDMA_READ_CONSUME_CHECK_CONSUMER) timestamp=1276 ms, used_size=11046912 bytes (27.0%)
(RDMA_READ_CONSUME_CHECK_CONSUMER) timestamp=1276 ms, used_size=11044864 bytes (27.0%)
(RDMA_READ_CONSUME_CHECK_CONSUMER) timestamp=1276 ms, used_size=11042816 bytes (27.0%)
(RDMA_READ_CONSUME_CHECK_CONSUMER) timestamp=1276 ms, used_size=11040768 bytes (27.0%)
(RDMA_READ_CONSUME_CHECK_CONSUMER) timestamp=1276 ms, used_size=11038720 bytes (26.9%)
(RDMA_READ_CONSUME_CHECK_CONSUMER) timestamp=1276 ms, used_size=11036672 bytes (26.9%)
(RDMA_READ_CONSUME_CHECK_CONSUMER) timestamp=1276 ms, used_size=11034624 bytes (26.9%)
(RDMA_READ_CONSUME_CHECK_CONSUMER) timestamp=1276 ms, used_size=11032576 bytes (26.9%)
(RDMA_READ_CONSUME_CHECK_CONSUMER) timestamp=1276 ms, used_size=11030528 bytes (26.9%)
(RDMA_READ_CONSUME_CHECK_CONSUMER) timestamp=1276 ms, used_size=11028480 bytes (26.9%)
(RDMA_READ_CONSUME_CHECK_CONSUMER) timestamp=1276 ms, used_size=11026432 bytes (26.9%)
(RDMA_READ_CONSUME_CHECK_CONSUMER) timestamp=1276 ms, used_size=11024384 bytes (26.9%)
(RDMA_READ_CONSUME_CHECK_CONSUMER) timestamp=1276 ms, used_size=11022336 bytes (26.9%)
(RDMA_READ_CONSUME_CHECK_CONSUMER) timestamp=1276 ms, used_size=11020288 bytes (26.9%)
(RDMA_READ_CONSUME_CHECK_CONSUMER) timestamp=1276 ms, used_size=11018240 bytes (26.9%)
(RDMA_READ_CONSUME_CHECK_CONSUMER) timestamp=1276 ms, used_size=11016192 bytes (26.9%)
(RDMA_READ_CONSUME_CHECK_CONSUMER) timestamp=1276 ms, used_size=11014144 bytes (26.9%)
(RDMA_READ_CONSUME_CHECK_CONSUMER) timestamp=1276 ms, used_size=11012096 bytes (26.9%)
(RDMA_READ_CONSUME_CHECK_CONSUMER) timestamp=1276 ms, used_size=11010048 bytes (26.9%)
(RDMA_READ_CONSUME_CHECK_CONSUMER) timestamp=1276 ms, used_size=11008000 bytes (26.9%)
(RDMA_READ_CONSUME_CHECK_CONSUMER) timestamp=1276 ms, used_size=11005952 bytes (26.9%)
(RDMA_READ_CONSUME_CHECK_CONSUMER) timestamp=1276 ms, used_size=11003904 bytes (26.9%)
(RDMA_READ_CONSUME_CHECK_CONSUMER) timestamp=1276 ms, used_size=11001856 bytes (26.9%)
(RDMA_READ_CONSUME_CHECK_CONSUMER) timestamp=1276 ms, used_size=10999808 bytes (26.9%)
(RDMA_READ_CONSUME_CHECK_CONSUMER) timestamp=1276 ms, used_size=10997760 bytes (26.9%)
(RDMA_READ_CONSUME_CHECK_CONSUMER) timestamp=1276 ms, used_size=10995712 bytes (26.8%)
(RDMA_READ_CONSUME_CHECK_CONSUMER) timestamp=1276 ms, used_size=10993664 bytes (26.8%)
(RDMA_READ_CONSUME_CHECK_CONSUMER) timestamp=1276 ms, used_size=10991616 bytes (26.8%)
(RDMA_READ_CONSUME_CHECK_CONSUMER) timestamp=1276 ms, used_size=10989568 bytes (26.8%)
(RDMA_READ_CONSUME_CHECK_CONSUMER) timestamp=1276 ms, used_size=10987520 bytes (26.8%)
(RDMA_READ_CONSUME_CHECK_CONSUMER) timestamp=1276 ms, used_size=10985472 bytes (26.8%)
(RDMA_READ_CONSUME_CHECK_CONSUMER) timestamp=1276 ms, used_size=10983424 bytes (26.8%)
(RDMA_READ_CONSUME_CHECK_CONSUMER) timestamp=1276 ms, used_size=10981376 bytes (26.8%)
(RDMA_READ_CONSUME_CHECK_CONSUMER) timestamp=1276 ms, used_size=10979328 bytes (26.8%)
(RDMA_READ_CONSUME_CHECK_CONSUMER) timestamp=1276 ms, used_size=10977280 bytes (26.8%)
(RDMA_READ_CONSUME_CHECK_CONSUMER) timestamp=1276 ms, used_size=10975232 bytes (26.8%)
(RDMA_READ_CONSUME_CHECK_CONSUMER) timestamp=1276 ms, used_size=10973184 bytes (26.8%)
(RDMA_READ_CONSUME_CHECK_CONSUMER) timestamp=1276 ms, used_size=10971136 bytes (26.8%)
(RDMA_READ_CONSUME_CHECK_CONSUMER) timestamp=1276 ms, used_size=10969088 bytes (26.8%)
(RDMA_READ_CONSUME_CHECK_CONSUMER) timestamp=1276 ms, used_size=10967040 bytes (26.8%)
(RDMA_READ_CONSUME_CHECK_CONSUMER) timestamp=1276 ms, used_size=10964992 bytes (26.8%)
(RDMA_READ_CONSUME_CHECK_CONSUMER) timestamp=1276 ms, used_size=10962944 bytes (26.8%)
(RDMA_READ_CONSUME_CHECK_CONSUMER) timestamp=1276 ms, used_size=10960896 bytes (26.8%)
(RDMA_READ_CONSUME_CHECK_CONSUMER) timestamp=1276 ms, used_size=10958848 bytes (26.8%)
(RDMA_READ_CONSUME_CHECK_CONSUMER) timestamp=1276 ms, used_size=10956800 bytes (26.8%)
(RDMA_READ_CONSUME_CHECK_CONSUMER) timestamp=1276 ms, used_size=10954752 bytes (26.7%)
(RDMA_READ_CONSUME_CHECK_CONSUMER) timestamp=1276 ms, used_size=10952704 bytes (26.7%)
(RDMA_READ_CONSUME_CHECK_CONSUMER) timestamp=1276 ms, used_size=10950656 bytes (26.7%)
(RDMA_READ_CONSUME_CHECK_CONSUMER) timestamp=1276 ms, used_size=10948608 bytes (26.7%)
(RDMA_READ_CONSUME_CHECK_CONSUMER) timestamp=1276 ms, used_size=10946560 bytes (26.7%)
(RDMA_READ_CONSUME_CHECK_CONSUMER) timestamp=1276 ms, used_size=10944512 bytes (26.7%)
(RDMA_READ_CONSUME_CHECK_CONSUMER) timestamp=1276 ms, used_size=10942464 bytes (26.7%)
(RDMA_READ_CONSUME_CHECK_CONSUMER) timestamp=1276 ms, used_size=10940416 bytes (26.7%)
(RDMA_READ_CONSUME_CHECK_CONSUMER) timestamp=1276 ms, used_size=10938368 bytes (26.7%)
(RDMA_READ_CONSUME_CHECK_CONSUMER) timestamp=1276 ms, used_size=10936320 bytes (26.7%)
(RDMA_READ_CONSUME_CHECK_CONSUMER) timestamp=1276 ms, used_size=10934272 bytes (26.7%)
(RDMA_READ_CONSUME_CHECK_CONSUMER) timestamp=1276 ms, used_size=10932224 bytes (26.7%)
(RDMA_READ_CONSUME_CHECK_CONSUMER) timestamp=1276 ms, used_size=10930176 bytes (26.7%)
(RDMA_READ_CONSUME_CHECK_CONSUMER) timestamp=1276 ms, used_size=10928128 bytes (26.7%)
(RDMA_READ_CONSUME_CHECK_CONSUMER) timestamp=1276 ms, used_size=10926080 bytes (26.7%)
(RDMA_READ_CONSUME_CHECK_CONSUMER) timestamp=1276 ms, used_size=10924032 bytes (26.7%)
(RDMA_READ_CONSUME_CHECK_CONSUMER) timestamp=1276 ms, used_size=10921984 bytes (26.7%)
(RDMA_READ_CONSUME_CHECK_CONSUMER) timestamp=1276 ms, used_size=10919936 bytes (26.7%)
(RDMA_READ_CONSUME_CHECK_CONSUMER) timestamp=1276 ms, used_size=10917888 bytes (26.7%)
(RDMA_READ_CONSUME_CHECK_CONSUMER) timestamp=1276 ms, used_size=10915840 bytes (26.6%)
(RDMA_READ_CONSUME_CHECK_CONSUMER) timestamp=1276 ms, used_size=10913792 bytes (26.6%)
(RDMA_READ_CONSUME_CHECK_CONSUMER) timestamp=1276 ms, used_size=10911744 bytes (26.6%)
(RDMA_READ_CONSUME_CHECK_CONSUMER) timestamp=1276 ms, used_size=10909696 bytes (26.6%)
(RDMA_READ_CONSUME_CHECK_CONSUMER) timestamp=1276 ms, used_size=10907648 bytes (26.6%)
(RDMA_READ_CONSUME_CHECK_CONSUMER) timestamp=1276 ms, used_size=10905600 bytes (26.6%)
(RDMA_READ_CONSUME_CHECK_CONSUMER) timestamp=1276 ms, used_size=10903552 bytes (26.6%)
(RDMA_READ_CONSUME_CHECK_CONSUMER) timestamp=1276 ms, used_size=10901504 bytes (26.6%)
(RDMA_READ_CONSUME_CHECK_CONSUMER) timestamp=1276 ms, used_size=10899456 bytes (26.6%)
(RDMA_READ_CONSUME_CHECK_CONSUMER) timestamp=1276 ms, used_size=10897408 bytes (26.6%)
(RDMA_READ_CONSUME_CHECK_CONSUMER) timestamp=1276 ms, used_size=10895360 bytes (26.6%)
(RDMA_READ_CONSUME_CHECK_CONSUMER) timestamp=1276 ms, used_size=10893312 bytes (26.6%)
(RDMA_READ_CONSUME_CHECK_CONSUMER) timestamp=1276 ms, used_size=10891264 bytes (26.6%)
(RDMA_READ_CONSUME_CHECK_CONSUMER) timestamp=1276 ms, used_size=10889216 bytes (26.6%)
(RDMA_READ_CONSUME_CHECK_CONSUMER) timestamp=1276 ms, used_size=10887168 bytes (26.6%)
(RDMA_READ_CONSUME_CHECK_CONSUMER) timestamp=1276 ms, used_size=10885120 bytes (26.6%)
(RDMA_READ_CONSUME_CHECK_CONSUMER) timestamp=1276 ms, used_size=10883072 bytes (26.6%)
(RDMA_READ_CONSUME_CHECK_CONSUMER) timestamp=1276 ms, used_size=10881024 bytes (26.6%)
(RDMA_READ_CONSUME_CHECK_CONSUMER) timestamp=1276 ms, used_size=10878976 bytes (26.6%)
(RDMA_READ_CONSUME_CHECK_CONSUMER) timestamp=1276 ms, used_size=10876928 bytes (26.6%)
(RDMA_READ_CONSUME_CHECK_CONSUMER) timestamp=1276 ms, used_size=10874880 bytes (26.6%)
(RDMA_READ_CONSUME_CHECK_CONSUMER) timestamp=1276 ms, used_size=10872832 bytes (26.5%)
(RDMA_READ_CONSUME_CHECK_CONSUMER) timestamp=1276 ms, used_size=10870784 bytes (26.5%)
(RDMA_READ_CONSUME_CHECK_CONSUMER) timestamp=1276 ms, used_size=10868736 bytes (26.5%)
(RDMA_READ_CONSUME_CHECK_CONSUMER) timestamp=1276 ms, used_size=10866688 bytes (26.5%)
(RDMA_READ_CONSUME_CHECK_CONSUMER) timestamp=1276 ms, used_size=10864640 bytes (26.5%)
(RDMA_READ_CONSUME_CHECK_CONSUMER) timestamp=1276 ms, used_size=10862592 bytes (26.5%)
(RDMA_READ_CONSUME_CHECK_CONSUMER) timestamp=1276 ms, used_size=10860544 bytes (26.5%)
(RDMA_READ_CONSUME_CHECK_CONSUMER) timestamp=1276 ms, used_size=10858496 bytes (26.5%)
(RDMA_READ_CONSUME_CHECK_CONSUMER) timestamp=1276 ms, used_size=10856448 bytes (26.5%)
(RDMA_READ_CONSUME_CHECK_CONSUMER) timestamp=1276 ms, used_size=10854400 bytes (26.5%)
(RDMA_READ_CONSUME_CHECK_CONSUMER) timestamp=1276 ms, used_size=10852352 bytes (26.5%)
(RDMA_READ_CONSUME_CHECK_CONSUMER) timestamp=1276 ms, used_size=10850304 bytes (26.5%)
(RDMA_READ_CONSUME_CHECK_CONSUMER) timestamp=1276 ms, used_size=10848256 bytes (26.5%)
(RDMA_READ_CONSUME_CHECK_CONSUMER) timestamp=1276 ms, used_size=10846208 bytes (26.5%)
(RDMA_READ_CONSUME_CHECK_CONSUMER) timestamp=1276 ms, used_size=10844160 bytes (26.5%)
(RDMA_READ_CONSUME_CHECK_CONSUMER) timestamp=1276 ms, used_size=10842112 bytes (26.5%)
(RDMA_READ_CONSUME_CHECK_CONSUMER) timestamp=1276 ms, used_size=10840064 bytes (26.5%)
(RDMA_READ_CONSUME_CHECK_CONSUMER) timestamp=1276 ms, used_size=10838016 bytes (26.5%)
(RDMA_READ_CONSUME_CHECK_CONSUMER) timestamp=1276 ms, used_size=10835968 bytes (26.5%)
(RDMA_READ_CONSUME_CHECK_CONSUMER) timestamp=1276 ms, used_size=10833920 bytes (26.4%)
(RDMA_READ_CONSUME_CHECK_CONSUMER) timestamp=1276 ms, used_size=10831872 bytes (26.4%)
(RDMA_READ_CONSUME_CHECK_CONSUMER) timestamp=1276 ms, used_size=10829824 bytes (26.4%)
(RDMA_READ_CONSUME_CHECK_CONSUMER) timestamp=1276 ms, used_size=10827776 bytes (26.4%)
(RDMA_READ_CONSUME_CHECK_CONSUMER) timestamp=1276 ms, used_size=10825728 bytes (26.4%)
(RDMA_READ_CONSUME_CHECK_CONSUMER) timestamp=1276 ms, used_size=10823680 bytes (26.4%)
(RDMA_READ_CONSUME_CHECK_CONSUMER) timestamp=1276 ms, used_size=10821632 bytes (26.4%)
(RDMA_READ_CONSUME_CHECK_CONSUMER) timestamp=1276 ms, used_size=10819584 bytes (26.4%)
(RDMA_READ_CONSUME_CHECK_CONSUMER) timestamp=1276 ms, used_size=10817536 bytes (26.4%)
(RDMA_READ_CONSUME_CHECK_CONSUMER) timestamp=1276 ms, used_size=10815488 bytes (26.4%)
(RDMA_READ_CONSUME_CHECK_CONSUMER) timestamp=1276 ms, used_size=10813440 bytes (26.4%)
(RDMA_READ_CONSUME_CHECK_CONSUMER) timestamp=1276 ms, used_size=10811392 bytes (26.4%)
(RDMA_READ_CONSUME_CHECK_CONSUMER) timestamp=1276 ms, used_size=10809344 bytes (26.4%)
(RDMA_READ_CONSUME_CHECK_CONSUMER) timestamp=1276 ms, used_size=10807296 bytes (26.4%)
(RDMA_READ_CONSUME_CHECK_CONSUMER) timestamp=1276 ms, used_size=10805248 bytes (26.4%)
(RDMA_READ_CONSUME_CHECK_CONSUMER) timestamp=1276 ms, used_size=10803200 bytes (26.4%)
(RDMA_READ_CONSUME_CHECK_CONSUMER) timestamp=1276 ms, used_size=10801152 bytes (26.4%)
(RDMA_READ_CONSUME_CHECK_CONSUMER) timestamp=1276 ms, used_size=10799104 bytes (26.4%)
(RDMA_READ_CONSUME_CHECK_CONSUMER) timestamp=1276 ms, used_size=10797056 bytes (26.4%)
(RDMA_READ_CONSUME_CHECK_CONSUMER) timestamp=1276 ms, used_size=10795008 bytes (26.4%)
(RDMA_READ_CONSUME_CHECK_CONSUMER) timestamp=1276 ms, used_size=10792960 bytes (26.4%)
(RDMA_READ_CONSUME_CHECK_CONSUMER) timestamp=1276 ms, used_size=10790912 bytes (26.3%)
(RDMA_READ_CONSUME_CHECK_CONSUMER) timestamp=1276 ms, used_size=10788864 bytes (26.3%)
(RDMA_READ_CONSUME_CHECK_CONSUMER) timestamp=1276 ms, used_size=10786816 bytes (26.3%)
(RDMA_READ_CONSUME_CHECK_CONSUMER) timestamp=1276 ms, used_size=10784768 bytes (26.3%)
(RDMA_READ_CONSUME_CHECK_CONSUMER) timestamp=1276 ms, used_size=10782720 bytes (26.3%)
(RDMA_READ_CONSUME_CHECK_CONSUMER) timestamp=1276 ms, used_size=10780672 bytes (26.3%)
(RDMA_READ_CONSUME_CHECK_CONSUMER) timestamp=1276 ms, used_size=10778624 bytes (26.3%)
(RDMA_READ_CONSUME_CHECK_CONSUMER) timestamp=1276 ms, used_size=10776576 bytes (26.3%)
(RDMA_READ_CONSUME_CHECK_CONSUMER) timestamp=1276 ms, used_size=10774528 bytes (26.3%)
(RDMA_READ_CONSUME_CHECK_CONSUMER) timestamp=1276 ms, used_size=10772480 bytes (26.3%)
(RDMA_READ_CONSUME_CHECK_CONSUMER) timestamp=1276 ms, used_size=10770432 bytes (26.3%)
(RDMA_READ_CONSUME_CHECK_CONSUMER) timestamp=1276 ms, used_size=10768384 bytes (26.3%)
(RDMA_READ_CONSUME_CHECK_CONSUMER) timestamp=1276 ms, used_size=10766336 bytes (26.3%)
(RDMA_READ_CONSUME_CHECK_CONSUMER) timestamp=1276 ms, used_size=10764288 bytes (26.3%)
(RDMA_READ_CONSUME_CHECK_CONSUMER) timestamp=1276 ms, used_size=10762240 bytes (26.3%)
(RDMA_READ_CONSUME_CHECK_CONSUMER) timestamp=1276 ms, used_size=10760192 bytes (26.3%)
(RDMA_READ_CONSUME_CHECK_CONSUMER) timestamp=1276 ms, used_size=10758144 bytes (26.3%)
(RDMA_READ_CONSUME_CHECK_CONSUMER) timestamp=1276 ms, used_size=10756096 bytes (26.3%)
(RDMA_READ_CONSUME_CHECK_CONSUMER) timestamp=1276 ms, used_size=10754048 bytes (26.3%)
(RDMA_READ_CONSUME_CHECK_CONSUMER) timestamp=1276 ms, used_size=10752000 bytes (26.2%)
(RDMA_READ_CONSUME_CHECK_CONSUMER) timestamp=1276 ms, used_size=10749952 bytes (26.2%)
(RDMA_READ_CONSUME_CHECK_CONSUMER) timestamp=1276 ms, used_size=10747904 bytes (26.2%)
(RDMA_READ_CONSUME_CHECK_CONSUMER) timestamp=1276 ms, used_size=10745856 bytes (26.2%)
(RDMA_READ_CONSUME_CHECK_CONSUMER) timestamp=1276 ms, used_size=10743808 bytes (26.2%)
(RDMA_READ_CONSUME_CHECK_CONSUMER) timestamp=1276 ms, used_size=10741760 bytes (26.2%)
(RDMA_READ_CONSUME_CHECK_CONSUMER) timestamp=1276 ms, used_size=10739712 bytes (26.2%)
(RDMA_READ_CONSUME_CHECK_CONSUMER) timestamp=1276 ms, used_size=10737664 bytes (26.2%)
(RDMA_READ_CONSUME_CHECK_CONSUMER) timestamp=1276 ms, used_size=10735616 bytes (26.2%)
(RDMA_READ_CONSUME_CHECK_CONSUMER) timestamp=1276 ms, used_size=10733568 bytes (26.2%)
(RDMA_READ_CONSUME_CHECK_CONSUMER) timestamp=1276 ms, used_size=10731520 bytes (26.2%)
(RDMA_READ_CONSUME_CHECK_CONSUMER) timestamp=1276 ms, used_size=10729472 bytes (26.2%)
(RDMA_READ_CONSUME_CHECK_CONSUMER) timestamp=1276 ms, used_size=10727424 bytes (26.2%)
(RDMA_READ_CONSUME_CHECK_CONSUMER) timestamp=1276 ms, used_size=10725376 bytes (26.2%)
(RDMA_READ_CONSUME_CHECK_CONSUMER) timestamp=1276 ms, used_size=10723328 bytes (26.2%)
(RDMA_READ_CONSUME_CHECK_CONSUMER) timestamp=1277 ms, used_size=10721280 bytes (26.2%)
(RDMA_READ_CONSUME_CHECK_CONSUMER) timestamp=1277 ms, used_size=10719232 bytes (26.2%)
(RDMA_READ_CONSUME_CHECK_CONSUMER) timestamp=1277 ms, used_size=10717184 bytes (26.2%)
(RDMA_READ_CONSUME_CHECK_CONSUMER) timestamp=1277 ms, used_size=10715136 bytes (26.2%)
(RDMA_READ_CONSUME_CHECK_CONSUMER) timestamp=1277 ms, used_size=10713088 bytes (26.2%)
(RDMA_READ_CONSUME_CHECK_CONSUMER) timestamp=1277 ms, used_size=10711040 bytes (26.1%)
(RDMA_READ_CONSUME_CHECK_CONSUMER) timestamp=1277 ms, used_size=10708992 bytes (26.1%)
(RDMA_READ_CONSUME_CHECK_CONSUMER) timestamp=1277 ms, used_size=10706944 bytes (26.1%)
(RDMA_READ_CONSUME_CHECK_CONSUMER) timestamp=1277 ms, used_size=10704896 bytes (26.1%)
(RDMA_READ_CONSUME_CHECK_CONSUMER) timestamp=1277 ms, used_size=10702848 bytes (26.1%)
(RDMA_READ_CONSUME_CHECK_CONSUMER) timestamp=1277 ms, used_size=10700800 bytes (26.1%)
(RDMA_READ_CONSUME_CHECK_CONSUMER) timestamp=1277 ms, used_size=10698752 bytes (26.1%)
(RDMA_READ_CONSUME_CHECK_CONSUMER) timestamp=1277 ms, used_size=10696704 bytes (26.1%)
(RDMA_READ_CONSUME_CHECK_CONSUMER) timestamp=1277 ms, used_size=10694656 bytes (26.1%)
(RDMA_READ_CONSUME_CHECK_CONSUMER) timestamp=1277 ms, used_size=10692608 bytes (26.1%)
(RDMA_READ_CONSUME_CHECK_CONSUMER) timestamp=1277 ms, used_size=10690560 bytes (26.1%)
(RDMA_READ_CONSUME_CHECK_CONSUMER) timestamp=1277 ms, used_size=10688512 bytes (26.1%)
(RDMA_READ_CONSUME_CHECK_CONSUMER) timestamp=1277 ms, used_size=10686464 bytes (26.1%)
(RDMA_READ_CONSUME_CHECK_CONSUMER) timestamp=1277 ms, used_size=10684416 bytes (26.1%)
(RDMA_READ_CONSUME_CHECK_CONSUMER) timestamp=1277 ms, used_size=10682368 bytes (26.1%)
(RDMA_READ_CONSUME_CHECK_CONSUMER) timestamp=1277 ms, used_size=10680320 bytes (26.1%)
(RDMA_READ_CONSUME_CHECK_CONSUMER) timestamp=1277 ms, used_size=10678272 bytes (26.1%)
(RDMA_READ_CONSUME_CHECK_CONSUMER) timestamp=1277 ms, used_size=10676224 bytes (26.1%)
(RDMA_READ_CONSUME_CHECK_CONSUMER) timestamp=1277 ms, used_size=10674176 bytes (26.1%)
(RDMA_READ_CONSUME_CHECK_CONSUMER) timestamp=1277 ms, used_size=10672128 bytes (26.1%)
(RDMA_READ_CONSUME_CHECK_CONSUMER) timestamp=1277 ms, used_size=10670080 bytes (26.1%)
(RDMA_READ_CONSUME_CHECK_CONSUMER) timestamp=1277 ms, used_size=10668032 bytes (26.0%)
(RDMA_READ_CONSUME_CHECK_CONSUMER) timestamp=1277 ms, used_size=10665984 bytes (26.0%)
(RDMA_READ_CONSUME_CHECK_CONSUMER) timestamp=1277 ms, used_size=10663936 bytes (26.0%)
(RDMA_READ_CONSUME_CHECK_CONSUMER) timestamp=1277 ms, used_size=10661888 bytes (26.0%)
(RDMA_READ_CONSUME_CHECK_CONSUMER) timestamp=1277 ms, used_size=10659840 bytes (26.0%)
(RDMA_READ_CONSUME_CHECK_CONSUMER) timestamp=1277 ms, used_size=10657792 bytes (26.0%)
(RDMA_READ_CONSUME_CHECK_CONSUMER) timestamp=1277 ms, used_size=10655744 bytes (26.0%)
(RDMA_READ_CONSUME_CHECK_CONSUMER) timestamp=1277 ms, used_size=10653696 bytes (26.0%)
(RDMA_READ_CONSUME_CHECK_CONSUMER) timestamp=1277 ms, used_size=10651648 bytes (26.0%)
(RDMA_READ_CONSUME_CHECK_CONSUMER) timestamp=1277 ms, used_size=10649600 bytes (26.0%)
(RDMA_READ_CONSUME_CHECK_CONSUMER) timestamp=1277 ms, used_size=10647552 bytes (26.0%)
(RDMA_READ_CONSUME_CHECK_CONSUMER) timestamp=1277 ms, used_size=10645504 bytes (26.0%)
(RDMA_READ_CONSUME_CHECK_CONSUMER) timestamp=1277 ms, used_size=10643456 bytes (26.0%)
(RDMA_READ_CONSUME_CHECK_CONSUMER) timestamp=1277 ms, used_size=10641408 bytes (26.0%)
(RDMA_READ_CONSUME_CHECK_CONSUMER) timestamp=1277 ms, used_size=10639360 bytes (26.0%)
(RDMA_READ_CONSUME_CHECK_CONSUMER) timestamp=1277 ms, used_size=10637312 bytes (26.0%)
(RDMA_READ_CONSUME_CHECK_CONSUMER) timestamp=1277 ms, used_size=10635264 bytes (26.0%)
(RDMA_READ_CONSUME_CHECK_CONSUMER) timestamp=1277 ms, used_size=10633216 bytes (26.0%)
(RDMA_READ_CONSUME_CHECK_CONSUMER) timestamp=1277 ms, used_size=10631168 bytes (26.0%)
(RDMA_READ_CONSUME_CHECK_CONSUMER) timestamp=1277 ms, used_size=10629120 bytes (25.9%)
(RDMA_READ_CONSUME_CHECK_CONSUMER) timestamp=1277 ms, used_size=10627072 bytes (25.9%)
(RDMA_READ_CONSUME_CHECK_CONSUMER) timestamp=1277 ms, used_size=10625024 bytes (25.9%)
(RDMA_READ_CONSUME_CHECK_CONSUMER) timestamp=1277 ms, used_size=10622976 bytes (25.9%)
(RDMA_READ_CONSUME_CHECK_CONSUMER) timestamp=1277 ms, used_size=10620928 bytes (25.9%)
(RDMA_READ_CONSUME_CHECK_CONSUMER) timestamp=1277 ms, used_size=10618880 bytes (25.9%)
(RDMA_READ_CONSUME_CHECK_CONSUMER) timestamp=1277 ms, used_size=10616832 bytes (25.9%)
(RDMA_READ_CONSUME_CHECK_CONSUMER) timestamp=1277 ms, used_size=10614784 bytes (25.9%)
(RDMA_READ_CONSUME_CHECK_CONSUMER) timestamp=1277 ms, used_size=10612736 bytes (25.9%)
(RDMA_READ_CONSUME_CHECK_CONSUMER) timestamp=1277 ms, used_size=10610688 bytes (25.9%)
(RDMA_READ_CONSUME_CHECK_CONSUMER) timestamp=1277 ms, used_size=10608640 bytes (25.9%)
(RDMA_READ_CONSUME_CHECK_CONSUMER) timestamp=1277 ms, used_size=10606592 bytes (25.9%)
(RDMA_READ_CONSUME_CHECK_CONSUMER) timestamp=1277 ms, used_size=10604544 bytes (25.9%)
(RDMA_READ_CONSUME_CHECK_CONSUMER) timestamp=1277 ms, used_size=10602496 bytes (25.9%)
(RDMA_READ_CONSUME_CHECK_CONSUMER) timestamp=1277 ms, used_size=10600448 bytes (25.9%)
(RDMA_READ_CONSUME_CHECK_CONSUMER) timestamp=1277 ms, used_size=10598400 bytes (25.9%)
(RDMA_READ_CONSUME_CHECK_CONSUMER) timestamp=1277 ms, used_size=10596352 bytes (25.9%)
(RDMA_READ_CONSUME_CHECK_CONSUMER) timestamp=1277 ms, used_size=10594304 bytes (25.9%)
(RDMA_READ_CONSUME_CHECK_CONSUMER) timestamp=1277 ms, used_size=10592256 bytes (25.9%)
(RDMA_READ_CONSUME_CHECK_CONSUMER) timestamp=1277 ms, used_size=10590208 bytes (25.9%)
(RDMA_READ_CONSUME_CHECK_CONSUMER) timestamp=1277 ms, used_size=10588160 bytes (25.9%)
(RDMA_READ_CONSUME_CHECK_CONSUMER) timestamp=1277 ms, used_size=10586112 bytes (25.8%)
(RDMA_READ_CONSUME_CHECK_CONSUMER) timestamp=1277 ms, used_size=10584064 bytes (25.8%)
(RDMA_READ_CONSUME_CHECK_CONSUMER) timestamp=1277 ms, used_size=10582016 bytes (25.8%)
(RDMA_READ_CONSUME_CHECK_CONSUMER) timestamp=1277 ms, used_size=10579968 bytes (25.8%)
(RDMA_READ_CONSUME_CHECK_CONSUMER) timestamp=1277 ms, used_size=10577920 bytes (25.8%)
(RDMA_READ_CONSUME_CHECK_CONSUMER) timestamp=1277 ms, used_size=10575872 bytes (25.8%)
(RDMA_READ_CONSUME_CHECK_CONSUMER) timestamp=1277 ms, used_size=10573824 bytes (25.8%)
(RDMA_READ_CONSUME_CHECK_CONSUMER) timestamp=1277 ms, used_size=10571776 bytes (25.8%)
(RDMA_READ_CONSUME_CHECK_CONSUMER) timestamp=1277 ms, used_size=10569728 bytes (25.8%)
(RDMA_READ_CONSUME_CHECK_CONSUMER) timestamp=1277 ms, used_size=10567680 bytes (25.8%)
(RDMA_READ_CONSUME_CHECK_CONSUMER) timestamp=1277 ms, used_size=10565632 bytes (25.8%)
(RDMA_READ_CONSUME_CHECK_CONSUMER) timestamp=1277 ms, used_size=10563584 bytes (25.8%)
(RDMA_READ_CONSUME_CHECK_CONSUMER) timestamp=1277 ms, used_size=10561536 bytes (25.8%)
(RDMA_READ_CONSUME_CHECK_CONSUMER) timestamp=1277 ms, used_size=10559488 bytes (25.8%)
(RDMA_READ_CONSUME_CHECK_CONSUMER) timestamp=1277 ms, used_size=10557440 bytes (25.8%)
(RDMA_READ_CONSUME_CHECK_CONSUMER) timestamp=1277 ms, used_size=10555392 bytes (25.8%)
(RDMA_READ_CONSUME_CHECK_CONSUMER) timestamp=1277 ms, used_size=10553344 bytes (25.8%)
(RDMA_READ_CONSUME_CHECK_CONSUMER) timestamp=1277 ms, used_size=10551296 bytes (25.8%)
(RDMA_READ_CONSUME_CHECK_CONSUMER) timestamp=1277 ms, used_size=10549248 bytes (25.8%)
(RDMA_READ_CONSUME_CHECK_CONSUMER) timestamp=1277 ms, used_size=10547200 bytes (25.8%)
(RDMA_READ_CONSUME_CHECK_CONSUMER) timestamp=1277 ms, used_size=10545152 bytes (25.7%)
(RDMA_READ_CONSUME_CHECK_CONSUMER) timestamp=1277 ms, used_size=10543104 bytes (25.7%)
(RDMA_READ_CONSUME_CHECK_CONSUMER) timestamp=1277 ms, used_size=10541056 bytes (25.7%)
(RDMA_READ_CONSUME_CHECK_CONSUMER) timestamp=1277 ms, used_size=10539008 bytes (25.7%)
(RDMA_READ_CONSUME_CHECK_CONSUMER) timestamp=1277 ms, used_size=10536960 bytes (25.7%)
(RDMA_READ_CONSUME_CHECK_CONSUMER) timestamp=1277 ms, used_size=10534912 bytes (25.7%)
(RDMA_READ_CONSUME_CHECK_CONSUMER) timestamp=1277 ms, used_size=10532864 bytes (25.7%)
(RDMA_READ_CONSUME_CHECK_CONSUMER) timestamp=1277 ms, used_size=10530816 bytes (25.7%)
(RDMA_READ_CONSUME_CHECK_CONSUMER) timestamp=1277 ms, used_size=10528768 bytes (25.7%)
(RDMA_READ_CONSUME_CHECK_CONSUMER) timestamp=1277 ms, used_size=10526720 bytes (25.7%)
(RDMA_READ_CONSUME_CHECK_CONSUMER) timestamp=1277 ms, used_size=10524672 bytes (25.7%)
(RDMA_READ_CONSUME_CHECK_CONSUMER) timestamp=1277 ms, used_size=10522624 bytes (25.7%)
(RDMA_READ_CONSUME_CHECK_CONSUMER) timestamp=1277 ms, used_size=10520576 bytes (25.7%)
(RDMA_READ_CONSUME_CHECK_CONSUMER) timestamp=1277 ms, used_size=10518528 bytes (25.7%)
(RDMA_READ_CONSUME_CHECK_CONSUMER) timestamp=1277 ms, used_size=10516480 bytes (25.7%)
(RDMA_READ_CONSUME_CHECK_CONSUMER) timestamp=1277 ms, used_size=10514432 bytes (25.7%)
(RDMA_READ_CONSUME_CHECK_CONSUMER) timestamp=1277 ms, used_size=10512384 bytes (25.7%)
(RDMA_READ_CONSUME_CHECK_CONSUMER) timestamp=1277 ms, used_size=10510336 bytes (25.7%)
(RDMA_READ_CONSUME_CHECK_CONSUMER) timestamp=1277 ms, used_size=10508288 bytes (25.7%)
(RDMA_READ_CONSUME_CHECK_CONSUMER) timestamp=1277 ms, used_size=10506240 bytes (25.6%)
(RDMA_READ_CONSUME_CHECK_CONSUMER) timestamp=1277 ms, used_size=10504192 bytes (25.6%)
(RDMA_READ_CONSUME_CHECK_CONSUMER) timestamp=1277 ms, used_size=10502144 bytes (25.6%)
(RDMA_READ_CONSUME_CHECK_CONSUMER) timestamp=1277 ms, used_size=10500096 bytes (25.6%)
(RDMA_READ_CONSUME_CHECK_CONSUMER) timestamp=1277 ms, used_size=10498048 bytes (25.6%)
(RDMA_READ_CONSUME_CHECK_CONSUMER) timestamp=1277 ms, used_size=10496000 bytes (25.6%)
(RDMA_READ_CONSUME_CHECK_CONSUMER) timestamp=1277 ms, used_size=10493952 bytes (25.6%)
(RDMA_READ_CONSUME_CHECK_CONSUMER) timestamp=1277 ms, used_size=10491904 bytes (25.6%)
(RDMA_READ_CONSUME_CHECK_CONSUMER) timestamp=1277 ms, used_size=10489856 bytes (25.6%)
(RDMA_READ_CONSUME_CHECK_CONSUMER) timestamp=1277 ms, used_size=10487808 bytes (25.6%)
(RDMA_READ_CONSUME_CHECK_CONSUMER) timestamp=1277 ms, used_size=10485760 bytes (25.6%)
(RDMA_READ_CONSUME_CHECK_CONSUMER) timestamp=1277 ms, used_size=10483712 bytes (25.6%)
(RDMA_READ_CONSUME_CHECK_CONSUMER) timestamp=1277 ms, used_size=10481664 bytes (25.6%)
(RDMA_READ_CONSUME_CHECK_CONSUMER) timestamp=1277 ms, used_size=10479616 bytes (25.6%)
(RDMA_READ_CONSUME_CHECK_CONSUMER) timestamp=1277 ms, used_size=10477568 bytes (25.6%)
(RDMA_READ_CONSUME_CHECK_CONSUMER) timestamp=1277 ms, used_size=10475520 bytes (25.6%)
(RDMA_READ_CONSUME_CHECK_CONSUMER) timestamp=1277 ms, used_size=10473472 bytes (25.6%)
(RDMA_READ_CONSUME_CHECK_CONSUMER) timestamp=1277 ms, used_size=10471424 bytes (25.6%)
(RDMA_READ_CONSUME_CHECK_CONSUMER) timestamp=1277 ms, used_size=10469376 bytes (25.6%)
(RDMA_READ_CONSUME_CHECK_CONSUMER) timestamp=1277 ms, used_size=10467328 bytes (25.6%)
(RDMA_READ_CONSUME_CHECK_CONSUMER) timestamp=1277 ms, used_size=10465280 bytes (25.6%)
(RDMA_READ_CONSUME_CHECK_CONSUMER) timestamp=1277 ms, used_size=10463232 bytes (25.5%)
(RDMA_READ_CONSUME_CHECK_CONSUMER) timestamp=1277 ms, used_size=10461184 bytes (25.5%)
(RDMA_READ_CONSUME_CHECK_CONSUMER) timestamp=1277 ms, used_size=10459136 bytes (25.5%)
(RDMA_READ_CONSUME_CHECK_CONSUMER) timestamp=1277 ms, used_size=10457088 bytes (25.5%)
(RDMA_READ_CONSUME_CHECK_CONSUMER) timestamp=1277 ms, used_size=10455040 bytes (25.5%)
(RDMA_READ_CONSUME_CHECK_CONSUMER) timestamp=1277 ms, used_size=10452992 bytes (25.5%)
(RDMA_READ_CONSUME_CHECK_CONSUMER) timestamp=1277 ms, used_size=10450944 bytes (25.5%)
(RDMA_READ_CONSUME_CHECK_CONSUMER) timestamp=1277 ms, used_size=10448896 bytes (25.5%)
(RDMA_READ_CONSUME_CHECK_CONSUMER) timestamp=1277 ms, used_size=10446848 bytes (25.5%)
(RDMA_READ_CONSUME_CHECK_CONSUMER) timestamp=1277 ms, used_size=10444800 bytes (25.5%)
(RDMA_READ_CONSUME_CHECK_CONSUMER) timestamp=1277 ms, used_size=10442752 bytes (25.5%)
(RDMA_READ_CONSUME_CHECK_CONSUMER) timestamp=1277 ms, used_size=10440704 bytes (25.5%)
(RDMA_READ_CONSUME_CHECK_CONSUMER) timestamp=1277 ms, used_size=10438656 bytes (25.5%)
(RDMA_READ_CONSUME_CHECK_CONSUMER) timestamp=1277 ms, used_size=10436608 bytes (25.5%)
(RDMA_READ_CONSUME_CHECK_CONSUMER) timestamp=1277 ms, used_size=10434560 bytes (25.5%)
(RDMA_READ_CONSUME_CHECK_CONSUMER) timestamp=1277 ms, used_size=10432512 bytes (25.5%)
(RDMA_READ_CONSUME_CHECK_CONSUMER) timestamp=1277 ms, used_size=10430464 bytes (25.5%)
(RDMA_READ_CONSUME_CHECK_CONSUMER) timestamp=1277 ms, used_size=10428416 bytes (25.5%)
(RDMA_READ_CONSUME_CHECK_CONSUMER) timestamp=1277 ms, used_size=10426368 bytes (25.5%)
(RDMA_READ_CONSUME_CHECK_CONSUMER) timestamp=1277 ms, used_size=10424320 bytes (25.4%)
(RDMA_READ_CONSUME_CHECK_CONSUMER) timestamp=1277 ms, used_size=10422272 bytes (25.4%)
(RDMA_READ_CONSUME_CHECK_CONSUMER) timestamp=1277 ms, used_size=10420224 bytes (25.4%)
(RDMA_READ_CONSUME_CHECK_CONSUMER) timestamp=1277 ms, used_size=10418176 bytes (25.4%)
(RDMA_READ_CONSUME_CHECK_CONSUMER) timestamp=1277 ms, used_size=10416128 bytes (25.4%)
(RDMA_READ_CONSUME_CHECK_CONSUMER) timestamp=1277 ms, used_size=10414080 bytes (25.4%)
(RDMA_READ_CONSUME_CHECK_CONSUMER) timestamp=1277 ms, used_size=10412032 bytes (25.4%)
(RDMA_READ_CONSUME_CHECK_CONSUMER) timestamp=1277 ms, used_size=10409984 bytes (25.4%)
(RDMA_READ_CONSUME_CHECK_CONSUMER) timestamp=1277 ms, used_size=10407936 bytes (25.4%)
(RDMA_READ_CONSUME_CHECK_CONSUMER) timestamp=1277 ms, used_size=10405888 bytes (25.4%)
(RDMA_READ_CONSUME_CHECK_CONSUMER) timestamp=1277 ms, used_size=10403840 bytes (25.4%)
(RDMA_READ_CONSUME_CHECK_CONSUMER) timestamp=1277 ms, used_size=10401792 bytes (25.4%)
(RDMA_READ_CONSUME_CHECK_CONSUMER) timestamp=1277 ms, used_size=10399744 bytes (25.4%)
(RDMA_READ_CONSUME_CHECK_CONSUMER) timestamp=1277 ms, used_size=10397696 bytes (25.4%)
(RDMA_READ_CONSUME_CHECK_CONSUMER) timestamp=1277 ms, used_size=10395648 bytes (25.4%)
(RDMA_READ_CONSUME_CHECK_CONSUMER) timestamp=1277 ms, used_size=10393600 bytes (25.4%)
(RDMA_READ_CONSUME_CHECK_CONSUMER) timestamp=1277 ms, used_size=10391552 bytes (25.4%)
(RDMA_READ_CONSUME_CHECK_CONSUMER) timestamp=1277 ms, used_size=10389504 bytes (25.4%)
(RDMA_READ_CONSUME_CHECK_CONSUMER) timestamp=1277 ms, used_size=10387456 bytes (25.4%)
(RDMA_READ_CONSUME_CHECK_CONSUMER) timestamp=1277 ms, used_size=10385408 bytes (25.4%)
(RDMA_READ_CONSUME_CHECK_CONSUMER) timestamp=1277 ms, used_size=10383360 bytes (25.4%)
(RDMA_READ_CONSUME_CHECK_CONSUMER) timestamp=1277 ms, used_size=10381312 bytes (25.3%)
(RDMA_READ_CONSUME_CHECK_CONSUMER) timestamp=1277 ms, used_size=10379264 bytes (25.3%)
(RDMA_READ_CONSUME_CHECK_CONSUMER) timestamp=1277 ms, used_size=10377216 bytes (25.3%)
(RDMA_READ_CONSUME_CHECK_CONSUMER) timestamp=1277 ms, used_size=10375168 bytes (25.3%)
(RDMA_READ_CONSUME_CHECK_CONSUMER) timestamp=1277 ms, used_size=10373120 bytes (25.3%)
(RDMA_READ_CONSUME_CHECK_CONSUMER) timestamp=1277 ms, used_size=10371072 bytes (25.3%)
(RDMA_READ_CONSUME_CHECK_CONSUMER) timestamp=1277 ms, used_size=10369024 bytes (25.3%)
(RDMA_READ_CONSUME_CHECK_CONSUMER) timestamp=1277 ms, used_size=10366976 bytes (25.3%)
(RDMA_READ_CONSUME_CHECK_CONSUMER) timestamp=1277 ms, used_size=10364928 bytes (25.3%)
(RDMA_READ_CONSUME_CHECK_CONSUMER) timestamp=1277 ms, used_size=10362880 bytes (25.3%)
(RDMA_READ_CONSUME_CHECK_CONSUMER) timestamp=1277 ms, used_size=10360832 bytes (25.3%)
(RDMA_READ_CONSUME_CHECK_CONSUMER) timestamp=1277 ms, used_size=10358784 bytes (25.3%)
(RDMA_READ_CONSUME_CHECK_CONSUMER) timestamp=1277 ms, used_size=10356736 bytes (25.3%)
(RDMA_READ_CONSUME_CHECK_CONSUMER) timestamp=1277 ms, used_size=10354688 bytes (25.3%)
(RDMA_READ_CONSUME_CHECK_CONSUMER) timestamp=1277 ms, used_size=10352640 bytes (25.3%)
(RDMA_READ_CONSUME_CHECK_CONSUMER) timestamp=1277 ms, used_size=10350592 bytes (25.3%)
(RDMA_READ_CONSUME_CHECK_CONSUMER) timestamp=1277 ms, used_size=10348544 bytes (25.3%)
(RDMA_READ_CONSUME_CHECK_CONSUMER) timestamp=1277 ms, used_size=10346496 bytes (25.3%)
(RDMA_READ_CONSUME_CHECK_CONSUMER) timestamp=1278 ms, used_size=10344448 bytes (25.3%)
(RDMA_READ_CONSUME_CHECK_CONSUMER) timestamp=1278 ms, used_size=10342400 bytes (25.2%)
(RDMA_READ_CONSUME_CHECK_CONSUMER) timestamp=1278 ms, used_size=10340352 bytes (25.2%)
(RDMA_READ_CONSUME_CHECK_CONSUMER) timestamp=1278 ms, used_size=10338304 bytes (25.2%)
(RDMA_READ_CONSUME_CHECK_CONSUMER) timestamp=1278 ms, used_size=10336256 bytes (25.2%)
(RDMA_READ_CONSUME_CHECK_CONSUMER) timestamp=1278 ms, used_size=10334208 bytes (25.2%)
(RDMA_READ_CONSUME_CHECK_CONSUMER) timestamp=1278 ms, used_size=10332160 bytes (25.2%)
(RDMA_READ_CONSUME_CHECK_CONSUMER) timestamp=1278 ms, used_size=10330112 bytes (25.2%)
(RDMA_READ_CONSUME_CHECK_CONSUMER) timestamp=1278 ms, used_size=10328064 bytes (25.2%)
(RDMA_READ_CONSUME_CHECK_CONSUMER) timestamp=1278 ms, used_size=10326016 bytes (25.2%)
(RDMA_READ_CONSUME_CHECK_CONSUMER) timestamp=1278 ms, used_size=10323968 bytes (25.2%)
(RDMA_READ_CONSUME_CHECK_CONSUMER) timestamp=1278 ms, used_size=10321920 bytes (25.2%)
(RDMA_READ_CONSUME_CHECK_CONSUMER) timestamp=1278 ms, used_size=10319872 bytes (25.2%)
(RDMA_READ_CONSUME_CHECK_CONSUMER) timestamp=1278 ms, used_size=10317824 bytes (25.2%)
(RDMA_READ_CONSUME_CHECK_CONSUMER) timestamp=1278 ms, used_size=10315776 bytes (25.2%)
(RDMA_READ_CONSUME_CHECK_CONSUMER) timestamp=1278 ms, used_size=10313728 bytes (25.2%)
(RDMA_READ_CONSUME_CHECK_CONSUMER) timestamp=1278 ms, used_size=10311680 bytes (25.2%)
(RDMA_READ_CONSUME_CHECK_CONSUMER) timestamp=1278 ms, used_size=10309632 bytes (25.2%)
(RDMA_READ_CONSUME_CHECK_CONSUMER) timestamp=1278 ms, used_size=10307584 bytes (25.2%)
(RDMA_READ_CONSUME_CHECK_CONSUMER) timestamp=1278 ms, used_size=10305536 bytes (25.2%)
(RDMA_READ_CONSUME_CHECK_CONSUMER) timestamp=1278 ms, used_size=10303488 bytes (25.2%)
(RDMA_READ_CONSUME_CHECK_CONSUMER) timestamp=1278 ms, used_size=10301440 bytes (25.1%)
(RDMA_READ_CONSUME_CHECK_CONSUMER) timestamp=1278 ms, used_size=10299392 bytes (25.1%)
(RDMA_READ_CONSUME_CHECK_CONSUMER) timestamp=1278 ms, used_size=10297344 bytes (25.1%)
(RDMA_READ_CONSUME_CHECK_CONSUMER) timestamp=1278 ms, used_size=10295296 bytes (25.1%)
(RDMA_READ_CONSUME_CHECK_CONSUMER) timestamp=1278 ms, used_size=10293248 bytes (25.1%)
(RDMA_READ_CONSUME_CHECK_CONSUMER) timestamp=1278 ms, used_size=10291200 bytes (25.1%)
(RDMA_READ_CONSUME_CHECK_CONSUMER) timestamp=1278 ms, used_size=10289152 bytes (25.1%)
(RDMA_READ_CONSUME_CHECK_CONSUMER) timestamp=1278 ms, used_size=10287104 bytes (25.1%)
(RDMA_READ_CONSUME_CHECK_CONSUMER) timestamp=1278 ms, used_size=10285056 bytes (25.1%)
(RDMA_READ_CONSUME_CHECK_CONSUMER) timestamp=1278 ms, used_size=10283008 bytes (25.1%)
(RDMA_READ_CONSUME_CHECK_CONSUMER) timestamp=1278 ms, used_size=10280960 bytes (25.1%)
(RDMA_READ_CONSUME_CHECK_CONSUMER) timestamp=1278 ms, used_size=10278912 bytes (25.1%)
(RDMA_READ_CONSUME_CHECK_CONSUMER) timestamp=1278 ms, used_size=10276864 bytes (25.1%)
(RDMA_READ_CONSUME_CHECK_CONSUMER) timestamp=1278 ms, used_size=10274816 bytes (25.1%)
(RDMA_READ_CONSUME_CHECK_CONSUMER) timestamp=1278 ms, used_size=10272768 bytes (25.1%)
(RDMA_READ_CONSUME_CHECK_CONSUMER) timestamp=1278 ms, used_size=10270720 bytes (25.1%)
(RDMA_READ_CONSUME_CHECK_CONSUMER) timestamp=1278 ms, used_size=10268672 bytes (25.1%)
(RDMA_READ_CONSUME_CHECK_CONSUMER) timestamp=1278 ms, used_size=10266624 bytes (25.1%)
(RDMA_READ_CONSUME_CHECK_CONSUMER) timestamp=1278 ms, used_size=10264576 bytes (25.1%)
(RDMA_READ_CONSUME_CHECK_CONSUMER) timestamp=1278 ms, used_size=10262528 bytes (25.1%)
(RDMA_READ_CONSUME_CHECK_CONSUMER) timestamp=1278 ms, used_size=10260480 bytes (25.1%)
(RDMA_READ_CONSUME_CHECK_CONSUMER) timestamp=1278 ms, used_size=10258432 bytes (25.0%)
(RDMA_READ_CONSUME_CHECK_CONSUMER) timestamp=1278 ms, used_size=10256384 bytes (25.0%)
(RDMA_READ_CONSUME_CHECK_CONSUMER) timestamp=1278 ms, used_size=10254336 bytes (25.0%)
(RDMA_READ_CONSUME_CHECK_CONSUMER) timestamp=1278 ms, used_size=10252288 bytes (25.0%)
(RDMA_READ_CONSUME_CHECK_CONSUMER) timestamp=1278 ms, used_size=10250240 bytes (25.0%)
(RDMA_READ_CONSUME_CHECK_CONSUMER) timestamp=1278 ms, used_size=10248192 bytes (25.0%)
(RDMA_READ_CONSUME_CHECK_CONSUMER) timestamp=1278 ms, used_size=10246144 bytes (25.0%)
(RDMA_READ_CONSUME_CHECK_CONSUMER) timestamp=1278 ms, used_size=10244096 bytes (25.0%)
(RDMA_READ_CONSUME_CHECK_CONSUMER) timestamp=1278 ms, used_size=10242048 bytes (25.0%)
(RDMA_READ_CONSUME_CHECK_CONSUMER) timestamp=1278 ms, used_size=10240000 bytes (25.0%)
(RDMA_READ_CONSUME_CHECK_CONSUMER) timestamp=1278 ms, used_size=10237952 bytes (25.0%)
(RDMA_READ_CONSUME_CHECK_CONSUMER) timestamp=1278 ms, used_size=10235904 bytes (25.0%)
(RDMA_READ_CONSUME_CHECK_CONSUMER) timestamp=1278 ms, used_size=10233856 bytes (25.0%)
(RDMA_READ_CONSUME_CHECK_CONSUMER) timestamp=1278 ms, used_size=10231808 bytes (25.0%)
(RDMA_READ_CONSUME_CHECK_CONSUMER) timestamp=1278 ms, used_size=10229760 bytes (25.0%)
(RDMA_READ_CONSUME_CHECK_CONSUMER) timestamp=1278 ms, used_size=10227712 bytes (25.0%)
(RDMA_READ_CONSUME_CHECK_CONSUMER) timestamp=1278 ms, used_size=10225664 bytes (25.0%)
(RDMA_READ_CONSUME_CHECK_CONSUMER) timestamp=1278 ms, used_size=10223616 bytes (25.0%)
(RDMA_READ_CONSUME_CHECK_CONSUMER) timestamp=1278 ms, used_size=10221568 bytes (25.0%)
(RDMA_READ_CONSUME_CHECK_CONSUMER) timestamp=1278 ms, used_size=10219520 bytes (24.9%)
(RDMA_READ_CONSUME_CHECK_CONSUMER) timestamp=1278 ms, used_size=10217472 bytes (24.9%)
(RDMA_READ_CONSUME_CHECK_CONSUMER) timestamp=1278 ms, used_size=10215424 bytes (24.9%)
(RDMA_READ_CONSUME_CHECK_CONSUMER) timestamp=1278 ms, used_size=10213376 bytes (24.9%)
(RDMA_READ_CONSUME_CHECK_CONSUMER) timestamp=1278 ms, used_size=10211328 bytes (24.9%)
(RDMA_READ_CONSUME_CHECK_CONSUMER) timestamp=1278 ms, used_size=10209280 bytes (24.9%)
(RDMA_READ_CONSUME_CHECK_CONSUMER) timestamp=1278 ms, used_size=10207232 bytes (24.9%)
(RDMA_READ_CONSUME_CHECK_CONSUMER) timestamp=1278 ms, used_size=10205184 bytes (24.9%)
(RDMA_READ_CONSUME_CHECK_CONSUMER) timestamp=1278 ms, used_size=10203136 bytes (24.9%)
(RDMA_READ_CONSUME_CHECK_CONSUMER) timestamp=1278 ms, used_size=10201088 bytes (24.9%)
(RDMA_READ_CONSUME_CHECK_CONSUMER) timestamp=1278 ms, used_size=10199040 bytes (24.9%)
(RDMA_READ_CONSUME_CHECK_CONSUMER) timestamp=1278 ms, used_size=10196992 bytes (24.9%)
(RDMA_READ_CONSUME_CHECK_CONSUMER) timestamp=1278 ms, used_size=10194944 bytes (24.9%)
(RDMA_READ_CONSUME_CHECK_CONSUMER) timestamp=1278 ms, used_size=10192896 bytes (24.9%)
(RDMA_READ_CONSUME_CHECK_CONSUMER) timestamp=1278 ms, used_size=10190848 bytes (24.9%)
(RDMA_READ_CONSUME_CHECK_CONSUMER) timestamp=1278 ms, used_size=10188800 bytes (24.9%)
(RDMA_READ_CONSUME_CHECK_CONSUMER) timestamp=1278 ms, used_size=10186752 bytes (24.9%)
(RDMA_READ_CONSUME_CHECK_CONSUMER) timestamp=1278 ms, used_size=10184704 bytes (24.9%)
(RDMA_READ_CONSUME_CHECK_CONSUMER) timestamp=1278 ms, used_size=10182656 bytes (24.9%)
(RDMA_READ_CONSUME_CHECK_CONSUMER) timestamp=1278 ms, used_size=10180608 bytes (24.9%)
(RDMA_READ_CONSUME_CHECK_CONSUMER) timestamp=1278 ms, used_size=10178560 bytes (24.9%)
(RDMA_READ_CONSUME_CHECK_CONSUMER) timestamp=1278 ms, used_size=10176512 bytes (24.8%)
(RDMA_READ_CONSUME_CHECK_CONSUMER) timestamp=1278 ms, used_size=10174464 bytes (24.8%)
(RDMA_READ_CONSUME_CHECK_CONSUMER) timestamp=1278 ms, used_size=10172416 bytes (24.8%)
(RDMA_READ_CONSUME_CHECK_CONSUMER) timestamp=1278 ms, used_size=10170368 bytes (24.8%)
(RDMA_READ_CONSUME_CHECK_CONSUMER) timestamp=1278 ms, used_size=10168320 bytes (24.8%)
(RDMA_READ_CONSUME_CHECK_CONSUMER) timestamp=1278 ms, used_size=10166272 bytes (24.8%)
(RDMA_READ_CONSUME_CHECK_CONSUMER) timestamp=1278 ms, used_size=10164224 bytes (24.8%)
(RDMA_READ_CONSUME_CHECK_CONSUMER) timestamp=1278 ms, used_size=10162176 bytes (24.8%)
(RDMA_READ_CONSUME_CHECK_CONSUMER) timestamp=1278 ms, used_size=10160128 bytes (24.8%)
(RDMA_READ_CONSUME_CHECK_CONSUMER) timestamp=1278 ms, used_size=10158080 bytes (24.8%)
(RDMA_READ_CONSUME_CHECK_CONSUMER) timestamp=1278 ms, used_size=10156032 bytes (24.8%)
(RDMA_READ_CONSUME_CHECK_CONSUMER) timestamp=1278 ms, used_size=10153984 bytes (24.8%)
(RDMA_READ_CONSUME_CHECK_CONSUMER) timestamp=1278 ms, used_size=10151936 bytes (24.8%)
(RDMA_READ_CONSUME_CHECK_CONSUMER) timestamp=1278 ms, used_size=10149888 bytes (24.8%)
(RDMA_READ_CONSUME_CHECK_CONSUMER) timestamp=1278 ms, used_size=10147840 bytes (24.8%)
(RDMA_READ_CONSUME_CHECK_CONSUMER) timestamp=1278 ms, used_size=10145792 bytes (24.8%)
(RDMA_READ_CONSUME_CHECK_CONSUMER) timestamp=1278 ms, used_size=10143744 bytes (24.8%)
(RDMA_READ_CONSUME_CHECK_CONSUMER) timestamp=1278 ms, used_size=10141696 bytes (24.8%)
(RDMA_READ_CONSUME_CHECK_CONSUMER) timestamp=1278 ms, used_size=10139648 bytes (24.8%)
(RDMA_READ_CONSUME_CHECK_CONSUMER) timestamp=1278 ms, used_size=10137600 bytes (24.8%)
(RDMA_READ_CONSUME_CHECK_CONSUMER) timestamp=1278 ms, used_size=10135552 bytes (24.7%)
(RDMA_READ_CONSUME_CHECK_CONSUMER) timestamp=1278 ms, used_size=10133504 bytes (24.7%)
(RDMA_READ_CONSUME_CHECK_CONSUMER) timestamp=1278 ms, used_size=10131456 bytes (24.7%)
(RDMA_READ_CONSUME_CHECK_CONSUMER) timestamp=1278 ms, used_size=10129408 bytes (24.7%)
(RDMA_READ_CONSUME_CHECK_CONSUMER) timestamp=1278 ms, used_size=10127360 bytes (24.7%)
(RDMA_READ_CONSUME_CHECK_CONSUMER) timestamp=1278 ms, used_size=10125312 bytes (24.7%)
(RDMA_READ_CONSUME_CHECK_CONSUMER) timestamp=1278 ms, used_size=10123264 bytes (24.7%)
(RDMA_READ_CONSUME_CHECK_CONSUMER) timestamp=1278 ms, used_size=10121216 bytes (24.7%)
(RDMA_READ_CONSUME_CHECK_CONSUMER) timestamp=1278 ms, used_size=10119168 bytes (24.7%)
(RDMA_READ_CONSUME_CHECK_CONSUMER) timestamp=1278 ms, used_size=10117120 bytes (24.7%)
(RDMA_READ_CONSUME_CHECK_CONSUMER) timestamp=1278 ms, used_size=10115072 bytes (24.7%)
(RDMA_READ_CONSUME_CHECK_CONSUMER) timestamp=1278 ms, used_size=10113024 bytes (24.7%)
(RDMA_READ_CONSUME_CHECK_CONSUMER) timestamp=1278 ms, used_size=10110976 bytes (24.7%)
(RDMA_READ_CONSUME_CHECK_CONSUMER) timestamp=1278 ms, used_size=10108928 bytes (24.7%)
(RDMA_READ_CONSUME_CHECK_CONSUMER) timestamp=1278 ms, used_size=10106880 bytes (24.7%)
(RDMA_READ_CONSUME_CHECK_CONSUMER) timestamp=1278 ms, used_size=10104832 bytes (24.7%)
(RDMA_READ_CONSUME_CHECK_CONSUMER) timestamp=1278 ms, used_size=10102784 bytes (24.7%)
(RDMA_READ_CONSUME_CHECK_CONSUMER) timestamp=1278 ms, used_size=10100736 bytes (24.7%)
(RDMA_READ_CONSUME_CHECK_CONSUMER) timestamp=1278 ms, used_size=10098688 bytes (24.7%)
(RDMA_READ_CONSUME_CHECK_CONSUMER) timestamp=1278 ms, used_size=10096640 bytes (24.6%)
(RDMA_READ_CONSUME_CHECK_CONSUMER) timestamp=1278 ms, used_size=10094592 bytes (24.6%)
(RDMA_READ_CONSUME_CHECK_CONSUMER) timestamp=1278 ms, used_size=10092544 bytes (24.6%)
(RDMA_READ_CONSUME_CHECK_CONSUMER) timestamp=1278 ms, used_size=10090496 bytes (24.6%)
(RDMA_READ_CONSUME_CHECK_CONSUMER) timestamp=1278 ms, used_size=10088448 bytes (24.6%)
(RDMA_READ_CONSUME_CHECK_CONSUMER) timestamp=1278 ms, used_size=10086400 bytes (24.6%)
(RDMA_READ_CONSUME_CHECK_CONSUMER) timestamp=1278 ms, used_size=10084352 bytes (24.6%)
(RDMA_READ_CONSUME_CHECK_CONSUMER) timestamp=1278 ms, used_size=10082304 bytes (24.6%)
(RDMA_READ_CONSUME_CHECK_CONSUMER) timestamp=1278 ms, used_size=10080256 bytes (24.6%)
(RDMA_READ_CONSUME_CHECK_CONSUMER) timestamp=1278 ms, used_size=10078208 bytes (24.6%)
(RDMA_READ_CONSUME_CHECK_CONSUMER) timestamp=1278 ms, used_size=10076160 bytes (24.6%)
(RDMA_READ_CONSUME_CHECK_CONSUMER) timestamp=1278 ms, used_size=10074112 bytes (24.6%)
(RDMA_READ_CONSUME_CHECK_CONSUMER) timestamp=1278 ms, used_size=10072064 bytes (24.6%)
(RDMA_READ_CONSUME_CHECK_CONSUMER) timestamp=1278 ms, used_size=10070016 bytes (24.6%)
(RDMA_READ_CONSUME_CHECK_CONSUMER) timestamp=1278 ms, used_size=10067968 bytes (24.6%)
(RDMA_READ_CONSUME_CHECK_CONSUMER) timestamp=1278 ms, used_size=10065920 bytes (24.6%)
(RDMA_READ_CONSUME_CHECK_CONSUMER) timestamp=1278 ms, used_size=10063872 bytes (24.6%)
(RDMA_READ_CONSUME_CHECK_CONSUMER) timestamp=1278 ms, used_size=10061824 bytes (24.6%)
(RDMA_READ_CONSUME_CHECK_CONSUMER) timestamp=1278 ms, used_size=10059776 bytes (24.6%)
(RDMA_READ_CONSUME_CHECK_CONSUMER) timestamp=1278 ms, used_size=10057728 bytes (24.6%)
(RDMA_READ_CONSUME_CHECK_CONSUMER) timestamp=1278 ms, used_size=10055680 bytes (24.6%)
(RDMA_READ_CONSUME_CHECK_CONSUMER) timestamp=1278 ms, used_size=10053632 bytes (24.5%)
(RDMA_READ_CONSUME_CHECK_CONSUMER) timestamp=1278 ms, used_size=10051584 bytes (24.5%)
(RDMA_READ_CONSUME_CHECK_CONSUMER) timestamp=1278 ms, used_size=10049536 bytes (24.5%)
(RDMA_READ_CONSUME_CHECK_CONSUMER) timestamp=1278 ms, used_size=10047488 bytes (24.5%)
(RDMA_READ_CONSUME_CHECK_CONSUMER) timestamp=1278 ms, used_size=10045440 bytes (24.5%)
(RDMA_READ_CONSUME_CHECK_CONSUMER) timestamp=1278 ms, used_size=10043392 bytes (24.5%)
(RDMA_READ_CONSUME_CHECK_CONSUMER) timestamp=1278 ms, used_size=10041344 bytes (24.5%)
(RDMA_READ_CONSUME_CHECK_CONSUMER) timestamp=1278 ms, used_size=10039296 bytes (24.5%)
(RDMA_READ_CONSUME_CHECK_CONSUMER) timestamp=1278 ms, used_size=10037248 bytes (24.5%)
(RDMA_READ_CONSUME_CHECK_CONSUMER) timestamp=1278 ms, used_size=10035200 bytes (24.5%)
(RDMA_READ_CONSUME_CHECK_CONSUMER) timestamp=1278 ms, used_size=10033152 bytes (24.5%)
(RDMA_READ_CONSUME_CHECK_CONSUMER) timestamp=1278 ms, used_size=10031104 bytes (24.5%)
(RDMA_READ_CONSUME_CHECK_CONSUMER) timestamp=1278 ms, used_size=10029056 bytes (24.5%)
(RDMA_READ_CONSUME_CHECK_CONSUMER) timestamp=1278 ms, used_size=10027008 bytes (24.5%)
(RDMA_READ_CONSUME_CHECK_CONSUMER) timestamp=1278 ms, used_size=10024960 bytes (24.5%)
(RDMA_READ_CONSUME_CHECK_CONSUMER) timestamp=1278 ms, used_size=10022912 bytes (24.5%)
(RDMA_READ_CONSUME_CHECK_CONSUMER) timestamp=1278 ms, used_size=10020864 bytes (24.5%)
(RDMA_READ_CONSUME_CHECK_CONSUMER) timestamp=1278 ms, used_size=10018816 bytes (24.5%)
(RDMA_READ_CONSUME_CHECK_CONSUMER) timestamp=1278 ms, used_size=10016768 bytes (24.5%)
(RDMA_READ_CONSUME_CHECK_CONSUMER) timestamp=1278 ms, used_size=10014720 bytes (24.4%)
(RDMA_READ_CONSUME_CHECK_CONSUMER) timestamp=1278 ms, used_size=10012672 bytes (24.4%)
(RDMA_READ_CONSUME_CHECK_CONSUMER) timestamp=1278 ms, used_size=10010624 bytes (24.4%)
(RDMA_READ_CONSUME_CHECK_CONSUMER) timestamp=1278 ms, used_size=10008576 bytes (24.4%)
(RDMA_READ_CONSUME_CHECK_CONSUMER) timestamp=1278 ms, used_size=10006528 bytes (24.4%)
(RDMA_READ_CONSUME_CHECK_CONSUMER) timestamp=1278 ms, used_size=10004480 bytes (24.4%)
(RDMA_READ_CONSUME_CHECK_CONSUMER) timestamp=1278 ms, used_size=10002432 bytes (24.4%)
(RDMA_READ_CONSUME_CHECK_CONSUMER) timestamp=1278 ms, used_size=10000384 bytes (24.4%)
(RDMA_READ_CONSUME_CHECK_CONSUMER) timestamp=1278 ms, used_size=9998336 bytes (24.4%)
(RDMA_READ_CONSUME_CHECK_CONSUMER) timestamp=1278 ms, used_size=9996288 bytes (24.4%)
(RDMA_READ_CONSUME_CHECK_CONSUMER) timestamp=1278 ms, used_size=9994240 bytes (24.4%)
(RDMA_READ_CONSUME_CHECK_CONSUMER) timestamp=1278 ms, used_size=9992192 bytes (24.4%)
(RDMA_READ_CONSUME_CHECK_CONSUMER) timestamp=1278 ms, used_size=9990144 bytes (24.4%)
(RDMA_READ_CONSUME_CHECK_CONSUMER) timestamp=1278 ms, used_size=9988096 bytes (24.4%)
(RDMA_READ_CONSUME_CHECK_CONSUMER) timestamp=1278 ms, used_size=9986048 bytes (24.4%)
(RDMA_READ_CONSUME_CHECK_CONSUMER) timestamp=1278 ms, used_size=9984000 bytes (24.4%)
(RDMA_READ_CONSUME_CHECK_CONSUMER) timestamp=1278 ms, used_size=9981952 bytes (24.4%)
(RDMA_READ_CONSUME_CHECK_CONSUMER) timestamp=1278 ms, used_size=9979904 bytes (24.4%)
(RDMA_READ_CONSUME_CHECK_CONSUMER) timestamp=1279 ms, used_size=9977856 bytes (24.4%)
(RDMA_READ_CONSUME_CHECK_CONSUMER) timestamp=1279 ms, used_size=9975808 bytes (24.4%)
(RDMA_READ_CONSUME_CHECK_CONSUMER) timestamp=1279 ms, used_size=9973760 bytes (24.4%)
(RDMA_READ_CONSUME_CHECK_CONSUMER) timestamp=1279 ms, used_size=9971712 bytes (24.3%)
(RDMA_READ_CONSUME_CHECK_CONSUMER) timestamp=1279 ms, used_size=9969664 bytes (24.3%)
(RDMA_READ_CONSUME_CHECK_CONSUMER) timestamp=1279 ms, used_size=9967616 bytes (24.3%)
(RDMA_READ_CONSUME_CHECK_CONSUMER) timestamp=1279 ms, used_size=9965568 bytes (24.3%)
(RDMA_READ_CONSUME_CHECK_CONSUMER) timestamp=1279 ms, used_size=9963520 bytes (24.3%)
(RDMA_READ_CONSUME_CHECK_CONSUMER) timestamp=1279 ms, used_size=9961472 bytes (24.3%)
(RDMA_READ_CONSUME_CHECK_CONSUMER) timestamp=1279 ms, used_size=9959424 bytes (24.3%)
(RDMA_READ_CONSUME_CHECK_CONSUMER) timestamp=1279 ms, used_size=9957376 bytes (24.3%)
(RDMA_READ_CONSUME_CHECK_CONSUMER) timestamp=1279 ms, used_size=9955328 bytes (24.3%)
(RDMA_READ_CONSUME_CHECK_CONSUMER) timestamp=1279 ms, used_size=9953280 bytes (24.3%)
(RDMA_READ_CONSUME_CHECK_CONSUMER) timestamp=1279 ms, used_size=9951232 bytes (24.3%)
(RDMA_READ_CONSUME_CHECK_CONSUMER) timestamp=1279 ms, used_size=9949184 bytes (24.3%)
(RDMA_READ_CONSUME_CHECK_CONSUMER) timestamp=1279 ms, used_size=9947136 bytes (24.3%)
(RDMA_READ_CONSUME_CHECK_CONSUMER) timestamp=1279 ms, used_size=9945088 bytes (24.3%)
(RDMA_READ_CONSUME_CHECK_CONSUMER) timestamp=1279 ms, used_size=9943040 bytes (24.3%)
(RDMA_READ_CONSUME_CHECK_CONSUMER) timestamp=1279 ms, used_size=9940992 bytes (24.3%)
(RDMA_READ_CONSUME_CHECK_CONSUMER) timestamp=1279 ms, used_size=9938944 bytes (24.3%)
(RDMA_READ_CONSUME_CHECK_CONSUMER) timestamp=1279 ms, used_size=9936896 bytes (24.3%)
(RDMA_READ_CONSUME_CHECK_CONSUMER) timestamp=1279 ms, used_size=9934848 bytes (24.3%)
(RDMA_READ_CONSUME_CHECK_CONSUMER) timestamp=1279 ms, used_size=9932800 bytes (24.2%)
(RDMA_READ_CONSUME_CHECK_CONSUMER) timestamp=1279 ms, used_size=9930752 bytes (24.2%)
(RDMA_READ_CONSUME_CHECK_CONSUMER) timestamp=1279 ms, used_size=9928704 bytes (24.2%)
(RDMA_READ_CONSUME_CHECK_CONSUMER) timestamp=1279 ms, used_size=9926656 bytes (24.2%)
(RDMA_READ_CONSUME_CHECK_CONSUMER) timestamp=1279 ms, used_size=9924608 bytes (24.2%)
(RDMA_READ_CONSUME_CHECK_CONSUMER) timestamp=1279 ms, used_size=9922560 bytes (24.2%)
(RDMA_READ_CONSUME_CHECK_CONSUMER) timestamp=1279 ms, used_size=9920512 bytes (24.2%)
(RDMA_READ_CONSUME_CHECK_CONSUMER) timestamp=1279 ms, used_size=9918464 bytes (24.2%)
(RDMA_READ_CONSUME_CHECK_CONSUMER) timestamp=1279 ms, used_size=9916416 bytes (24.2%)
(RDMA_READ_CONSUME_CHECK_CONSUMER) timestamp=1279 ms, used_size=9914368 bytes (24.2%)
(RDMA_READ_CONSUME_CHECK_CONSUMER) timestamp=1279 ms, used_size=9912320 bytes (24.2%)
(RDMA_READ_CONSUME_CHECK_CONSUMER) timestamp=1279 ms, used_size=9910272 bytes (24.2%)
(RDMA_READ_CONSUME_CHECK_CONSUMER) timestamp=1279 ms, used_size=9908224 bytes (24.2%)
(RDMA_READ_CONSUME_CHECK_CONSUMER) timestamp=1279 ms, used_size=9906176 bytes (24.2%)
(RDMA_READ_CONSUME_CHECK_CONSUMER) timestamp=1279 ms, used_size=9904128 bytes (24.2%)
(RDMA_READ_CONSUME_CHECK_CONSUMER) timestamp=1279 ms, used_size=9902080 bytes (24.2%)
(RDMA_READ_CONSUME_CHECK_CONSUMER) timestamp=1279 ms, used_size=9900032 bytes (24.2%)
(RDMA_READ_CONSUME_CHECK_CONSUMER) timestamp=1279 ms, used_size=9897984 bytes (24.2%)
(RDMA_READ_CONSUME_CHECK_CONSUMER) timestamp=1279 ms, used_size=9895936 bytes (24.2%)
(RDMA_READ_CONSUME_CHECK_CONSUMER) timestamp=1279 ms, used_size=9893888 bytes (24.2%)
(RDMA_READ_CONSUME_CHECK_CONSUMER) timestamp=1279 ms, used_size=9891840 bytes (24.1%)
(RDMA_READ_CONSUME_CHECK_CONSUMER) timestamp=1279 ms, used_size=9889792 bytes (24.1%)
(RDMA_READ_CONSUME_CHECK_CONSUMER) timestamp=1279 ms, used_size=9887744 bytes (24.1%)
(RDMA_READ_CONSUME_CHECK_CONSUMER) timestamp=1279 ms, used_size=9885696 bytes (24.1%)
(RDMA_READ_CONSUME_CHECK_CONSUMER) timestamp=1279 ms, used_size=9883648 bytes (24.1%)
(RDMA_READ_CONSUME_CHECK_CONSUMER) timestamp=1279 ms, used_size=9881600 bytes (24.1%)
(RDMA_READ_CONSUME_CHECK_CONSUMER) timestamp=1279 ms, used_size=9879552 bytes (24.1%)
(RDMA_READ_CONSUME_CHECK_CONSUMER) timestamp=1279 ms, used_size=9877504 bytes (24.1%)
(RDMA_READ_CONSUME_CHECK_CONSUMER) timestamp=1279 ms, used_size=9875456 bytes (24.1%)
(RDMA_READ_CONSUME_CHECK_CONSUMER) timestamp=1279 ms, used_size=9873408 bytes (24.1%)
(RDMA_READ_CONSUME_CHECK_CONSUMER) timestamp=1279 ms, used_size=9871360 bytes (24.1%)
(RDMA_READ_CONSUME_CHECK_CONSUMER) timestamp=1279 ms, used_size=9869312 bytes (24.1%)
(RDMA_READ_CONSUME_CHECK_CONSUMER) timestamp=1279 ms, used_size=9867264 bytes (24.1%)
(RDMA_READ_CONSUME_CHECK_CONSUMER) timestamp=1279 ms, used_size=9865216 bytes (24.1%)
(RDMA_READ_CONSUME_CHECK_CONSUMER) timestamp=1279 ms, used_size=9863168 bytes (24.1%)
(RDMA_READ_CONSUME_CHECK_CONSUMER) timestamp=1279 ms, used_size=9861120 bytes (24.1%)
(RDMA_READ_CONSUME_CHECK_CONSUMER) timestamp=1279 ms, used_size=9859072 bytes (24.1%)
(RDMA_READ_CONSUME_CHECK_CONSUMER) timestamp=1279 ms, used_size=9857024 bytes (24.1%)
(RDMA_READ_CONSUME_CHECK_CONSUMER) timestamp=1279 ms, used_size=9854976 bytes (24.1%)
(RDMA_READ_CONSUME_CHECK_CONSUMER) timestamp=1279 ms, used_size=9852928 bytes (24.1%)
(RDMA_READ_CONSUME_CHECK_CONSUMER) timestamp=1279 ms, used_size=9850880 bytes (24.1%)
(RDMA_READ_CONSUME_CHECK_CONSUMER) timestamp=1279 ms, used_size=9848832 bytes (24.0%)
(RDMA_READ_CONSUME_CHECK_CONSUMER) timestamp=1279 ms, used_size=9846784 bytes (24.0%)
(RDMA_READ_CONSUME_CHECK_CONSUMER) timestamp=1279 ms, used_size=9844736 bytes (24.0%)
(RDMA_READ_CONSUME_CHECK_CONSUMER) timestamp=1279 ms, used_size=9842688 bytes (24.0%)
(RDMA_READ_CONSUME_CHECK_CONSUMER) timestamp=1279 ms, used_size=9840640 bytes (24.0%)
(RDMA_READ_CONSUME_CHECK_CONSUMER) timestamp=1279 ms, used_size=9838592 bytes (24.0%)
(RDMA_READ_CONSUME_CHECK_CONSUMER) timestamp=1279 ms, used_size=9836544 bytes (24.0%)
(RDMA_READ_CONSUME_CHECK_CONSUMER) timestamp=1279 ms, used_size=9834496 bytes (24.0%)
(RDMA_READ_CONSUME_CHECK_CONSUMER) timestamp=1279 ms, used_size=9832448 bytes (24.0%)
(RDMA_READ_CONSUME_CHECK_CONSUMER) timestamp=1279 ms, used_size=9830400 bytes (24.0%)
(RDMA_READ_CONSUME_CHECK_CONSUMER) timestamp=1279 ms, used_size=9828352 bytes (24.0%)
(RDMA_READ_CONSUME_CHECK_CONSUMER) timestamp=1279 ms, used_size=9826304 bytes (24.0%)
(RDMA_READ_CONSUME_CHECK_CONSUMER) timestamp=1279 ms, used_size=9824256 bytes (24.0%)
(RDMA_READ_CONSUME_CHECK_CONSUMER) timestamp=1279 ms, used_size=9822208 bytes (24.0%)
(RDMA_READ_CONSUME_CHECK_CONSUMER) timestamp=1279 ms, used_size=9820160 bytes (24.0%)
(RDMA_READ_CONSUME_CHECK_CONSUMER) timestamp=1279 ms, used_size=9818112 bytes (24.0%)
(RDMA_READ_CONSUME_CHECK_CONSUMER) timestamp=1279 ms, used_size=9816064 bytes (24.0%)
(RDMA_READ_CONSUME_CHECK_CONSUMER) timestamp=1279 ms, used_size=9814016 bytes (24.0%)
(RDMA_READ_CONSUME_CHECK_CONSUMER) timestamp=1279 ms, used_size=9811968 bytes (24.0%)
(RDMA_READ_CONSUME_CHECK_CONSUMER) timestamp=1279 ms, used_size=9809920 bytes (23.9%)
(RDMA_READ_CONSUME_CHECK_CONSUMER) timestamp=1279 ms, used_size=9807872 bytes (23.9%)
(RDMA_READ_CONSUME_CHECK_CONSUMER) timestamp=1279 ms, used_size=9805824 bytes (23.9%)
(RDMA_READ_CONSUME_CHECK_CONSUMER) timestamp=1279 ms, used_size=9803776 bytes (23.9%)
(RDMA_READ_CONSUME_CHECK_CONSUMER) timestamp=1279 ms, used_size=9801728 bytes (23.9%)
(RDMA_READ_CONSUME_CHECK_CONSUMER) timestamp=1279 ms, used_size=9799680 bytes (23.9%)
(RDMA_READ_CONSUME_CHECK_CONSUMER) timestamp=1279 ms, used_size=9797632 bytes (23.9%)
(RDMA_READ_CONSUME_CHECK_CONSUMER) timestamp=1279 ms, used_size=9795584 bytes (23.9%)
(RDMA_READ_CONSUME_CHECK_CONSUMER) timestamp=1279 ms, used_size=9793536 bytes (23.9%)
(RDMA_READ_CONSUME_CHECK_CONSUMER) timestamp=1279 ms, used_size=9791488 bytes (23.9%)
(RDMA_READ_CONSUME_CHECK_CONSUMER) timestamp=1279 ms, used_size=9789440 bytes (23.9%)
(RDMA_READ_CONSUME_CHECK_CONSUMER) timestamp=1279 ms, used_size=9787392 bytes (23.9%)
(RDMA_READ_CONSUME_CHECK_CONSUMER) timestamp=1279 ms, used_size=9785344 bytes (23.9%)
(RDMA_READ_CONSUME_CHECK_CONSUMER) timestamp=1279 ms, used_size=9783296 bytes (23.9%)
(RDMA_READ_CONSUME_CHECK_CONSUMER) timestamp=1279 ms, used_size=9781248 bytes (23.9%)
(RDMA_READ_CONSUME_CHECK_CONSUMER) timestamp=1279 ms, used_size=9779200 bytes (23.9%)
(RDMA_READ_CONSUME_CHECK_CONSUMER) timestamp=1279 ms, used_size=9777152 bytes (23.9%)
(RDMA_READ_CONSUME_CHECK_CONSUMER) timestamp=1279 ms, used_size=9775104 bytes (23.9%)
(RDMA_READ_CONSUME_CHECK_CONSUMER) timestamp=1279 ms, used_size=9773056 bytes (23.9%)
(RDMA_READ_CONSUME_CHECK_CONSUMER) timestamp=1279 ms, used_size=9771008 bytes (23.9%)
(RDMA_READ_CONSUME_CHECK_CONSUMER) timestamp=1279 ms, used_size=9768960 bytes (23.9%)
(RDMA_READ_CONSUME_CHECK_CONSUMER) timestamp=1279 ms, used_size=9766912 bytes (23.8%)
(RDMA_READ_CONSUME_CHECK_CONSUMER) timestamp=1279 ms, used_size=9764864 bytes (23.8%)
(RDMA_READ_CONSUME_CHECK_CONSUMER) timestamp=1279 ms, used_size=9762816 bytes (23.8%)
(RDMA_READ_CONSUME_CHECK_CONSUMER) timestamp=1279 ms, used_size=9760768 bytes (23.8%)
(RDMA_READ_CONSUME_CHECK_CONSUMER) timestamp=1279 ms, used_size=9758720 bytes (23.8%)
(RDMA_READ_CONSUME_CHECK_CONSUMER) timestamp=1279 ms, used_size=9756672 bytes (23.8%)
(RDMA_READ_CONSUME_CHECK_CONSUMER) timestamp=1279 ms, used_size=9754624 bytes (23.8%)
(RDMA_READ_CONSUME_CHECK_CONSUMER) timestamp=1279 ms, used_size=9752576 bytes (23.8%)
(RDMA_READ_CONSUME_CHECK_CONSUMER) timestamp=1279 ms, used_size=9750528 bytes (23.8%)
(RDMA_READ_CONSUME_CHECK_CONSUMER) timestamp=1279 ms, used_size=9748480 bytes (23.8%)
(RDMA_READ_CONSUME_CHECK_CONSUMER) timestamp=1279 ms, used_size=9746432 bytes (23.8%)
(RDMA_READ_CONSUME_CHECK_CONSUMER) timestamp=1279 ms, used_size=9744384 bytes (23.8%)
(RDMA_READ_CONSUME_CHECK_CONSUMER) timestamp=1279 ms, used_size=9742336 bytes (23.8%)
(RDMA_READ_CONSUME_CHECK_CONSUMER) timestamp=1279 ms, used_size=9740288 bytes (23.8%)
(RDMA_READ_CONSUME_CHECK_CONSUMER) timestamp=1279 ms, used_size=9738240 bytes (23.8%)
(RDMA_READ_CONSUME_CHECK_CONSUMER) timestamp=1279 ms, used_size=9736192 bytes (23.8%)
(RDMA_READ_CONSUME_CHECK_CONSUMER) timestamp=1279 ms, used_size=9734144 bytes (23.8%)
(RDMA_READ_CONSUME_CHECK_CONSUMER) timestamp=1279 ms, used_size=9732096 bytes (23.8%)
(RDMA_READ_CONSUME_CHECK_CONSUMER) timestamp=1279 ms, used_size=9730048 bytes (23.8%)
(RDMA_READ_CONSUME_CHECK_CONSUMER) timestamp=1279 ms, used_size=9728000 bytes (23.8%)
(RDMA_READ_CONSUME_CHECK_CONSUMER) timestamp=1279 ms, used_size=9725952 bytes (23.7%)
(RDMA_READ_CONSUME_CHECK_CONSUMER) timestamp=1279 ms, used_size=9723904 bytes (23.7%)
(RDMA_READ_CONSUME_CHECK_CONSUMER) timestamp=1279 ms, used_size=9721856 bytes (23.7%)
(RDMA_READ_CONSUME_CHECK_CONSUMER) timestamp=1279 ms, used_size=9719808 bytes (23.7%)
(RDMA_READ_CONSUME_CHECK_CONSUMER) timestamp=1279 ms, used_size=9717760 bytes (23.7%)
(RDMA_READ_CONSUME_CHECK_CONSUMER) timestamp=1279 ms, used_size=9715712 bytes (23.7%)
(RDMA_READ_CONSUME_CHECK_CONSUMER) timestamp=1279 ms, used_size=9713664 bytes (23.7%)
(RDMA_READ_CONSUME_CHECK_CONSUMER) timestamp=1279 ms, used_size=9711616 bytes (23.7%)
(RDMA_READ_CONSUME_CHECK_CONSUMER) timestamp=1279 ms, used_size=9709568 bytes (23.7%)
(RDMA_READ_CONSUME_CHECK_CONSUMER) timestamp=1279 ms, used_size=9707520 bytes (23.7%)
(RDMA_READ_CONSUME_CHECK_CONSUMER) timestamp=1279 ms, used_size=9705472 bytes (23.7%)
(RDMA_READ_CONSUME_CHECK_CONSUMER) timestamp=1279 ms, used_size=9703424 bytes (23.7%)
(RDMA_READ_CONSUME_CHECK_CONSUMER) timestamp=1279 ms, used_size=9701376 bytes (23.7%)
(RDMA_READ_CONSUME_CHECK_CONSUMER) timestamp=1279 ms, used_size=9699328 bytes (23.7%)
(RDMA_READ_CONSUME_CHECK_CONSUMER) timestamp=1279 ms, used_size=9697280 bytes (23.7%)
(RDMA_READ_CONSUME_CHECK_CONSUMER) timestamp=1279 ms, used_size=9695232 bytes (23.7%)
(RDMA_READ_CONSUME_CHECK_CONSUMER) timestamp=1279 ms, used_size=9693184 bytes (23.7%)
(RDMA_READ_CONSUME_CHECK_CONSUMER) timestamp=1279 ms, used_size=9691136 bytes (23.7%)
(RDMA_READ_CONSUME_CHECK_CONSUMER) timestamp=1279 ms, used_size=9689088 bytes (23.7%)
(RDMA_READ_CONSUME_CHECK_CONSUMER) timestamp=1279 ms, used_size=9687040 bytes (23.6%)
(RDMA_READ_CONSUME_CHECK_CONSUMER) timestamp=1279 ms, used_size=9684992 bytes (23.6%)
(RDMA_READ_CONSUME_CHECK_CONSUMER) timestamp=1279 ms, used_size=9682944 bytes (23.6%)
(RDMA_READ_CONSUME_CHECK_CONSUMER) timestamp=1279 ms, used_size=9680896 bytes (23.6%)
(RDMA_READ_CONSUME_CHECK_CONSUMER) timestamp=1279 ms, used_size=9678848 bytes (23.6%)
(RDMA_READ_CONSUME_CHECK_CONSUMER) timestamp=1279 ms, used_size=9676800 bytes (23.6%)
(RDMA_READ_CONSUME_CHECK_CONSUMER) timestamp=1279 ms, used_size=9674752 bytes (23.6%)
(RDMA_READ_CONSUME_CHECK_CONSUMER) timestamp=1279 ms, used_size=9672704 bytes (23.6%)
(RDMA_READ_CONSUME_CHECK_CONSUMER) timestamp=1279 ms, used_size=9670656 bytes (23.6%)
(RDMA_READ_CONSUME_CHECK_CONSUMER) timestamp=1279 ms, used_size=9668608 bytes (23.6%)
(RDMA_READ_CONSUME_CHECK_CONSUMER) timestamp=1279 ms, used_size=9666560 bytes (23.6%)
(RDMA_READ_CONSUME_CHECK_CONSUMER) timestamp=1279 ms, used_size=9664512 bytes (23.6%)
(RDMA_READ_CONSUME_CHECK_CONSUMER) timestamp=1279 ms, used_size=9662464 bytes (23.6%)
(RDMA_READ_CONSUME_CHECK_CONSUMER) timestamp=1279 ms, used_size=9660416 bytes (23.6%)
(RDMA_READ_CONSUME_CHECK_CONSUMER) timestamp=1279 ms, used_size=9658368 bytes (23.6%)
(RDMA_READ_CONSUME_CHECK_CONSUMER) timestamp=1279 ms, used_size=9656320 bytes (23.6%)
(RDMA_READ_CONSUME_CHECK_CONSUMER) timestamp=1279 ms, used_size=9654272 bytes (23.6%)
(RDMA_READ_CONSUME_CHECK_CONSUMER) timestamp=1279 ms, used_size=9652224 bytes (23.6%)
(RDMA_READ_CONSUME_CHECK_CONSUMER) timestamp=1279 ms, used_size=9650176 bytes (23.6%)
(RDMA_READ_CONSUME_CHECK_CONSUMER) timestamp=1279 ms, used_size=9648128 bytes (23.6%)
(RDMA_READ_CONSUME_CHECK_CONSUMER) timestamp=1279 ms, used_size=9646080 bytes (23.6%)
(RDMA_READ_CONSUME_CHECK_CONSUMER) timestamp=1279 ms, used_size=9644032 bytes (23.5%)
(RDMA_READ_CONSUME_CHECK_CONSUMER) timestamp=1279 ms, used_size=9641984 bytes (23.5%)
(RDMA_READ_CONSUME_CHECK_CONSUMER) timestamp=1279 ms, used_size=9639936 bytes (23.5%)
(RDMA_READ_CONSUME_CHECK_CONSUMER) timestamp=1279 ms, used_size=9637888 bytes (23.5%)
(RDMA_READ_CONSUME_CHECK_CONSUMER) timestamp=1279 ms, used_size=9635840 bytes (23.5%)
(RDMA_READ_CONSUME_CHECK_CONSUMER) timestamp=1279 ms, used_size=9633792 bytes (23.5%)
(RDMA_READ_CONSUME_CHECK_CONSUMER) timestamp=1279 ms, used_size=9631744 bytes (23.5%)
(RDMA_READ_CONSUME_CHECK_CONSUMER) timestamp=1279 ms, used_size=9629696 bytes (23.5%)
(RDMA_READ_CONSUME_CHECK_CONSUMER) timestamp=1279 ms, used_size=9627648 bytes (23.5%)
(RDMA_READ_CONSUME_CHECK_CONSUMER) timestamp=1279 ms, used_size=9625600 bytes (23.5%)
(RDMA_READ_CONSUME_CHECK_CONSUMER) timestamp=1279 ms, used_size=9623552 bytes (23.5%)
(RDMA_READ_CONSUME_CHECK_CONSUMER) timestamp=1279 ms, used_size=9621504 bytes (23.5%)
(RDMA_READ_CONSUME_CHECK_CONSUMER) timestamp=1279 ms, used_size=9619456 bytes (23.5%)
(RDMA_READ_CONSUME_CHECK_CONSUMER) timestamp=1279 ms, used_size=9617408 bytes (23.5%)
(RDMA_READ_CONSUME_CHECK_CONSUMER) timestamp=1279 ms, used_size=9615360 bytes (23.5%)
(RDMA_READ_CONSUME_CHECK_CONSUMER) timestamp=1279 ms, used_size=9613312 bytes (23.5%)
(RDMA_READ_CONSUME_CHECK_CONSUMER) timestamp=1279 ms, used_size=9611264 bytes (23.5%)
(RDMA_READ_CONSUME_CHECK_CONSUMER) timestamp=1279 ms, used_size=9609216 bytes (23.5%)
(RDMA_READ_CONSUME_CHECK_CONSUMER) timestamp=1279 ms, used_size=9607168 bytes (23.5%)
(RDMA_READ_CONSUME_CHECK_CONSUMER) timestamp=1280 ms, used_size=9605120 bytes (23.4%)
(RDMA_READ_CONSUME_CHECK_CONSUMER) timestamp=1280 ms, used_size=9603072 bytes (23.4%)
(RDMA_READ_CONSUME_CHECK_CONSUMER) timestamp=1280 ms, used_size=9601024 bytes (23.4%)
(RDMA_READ_CONSUME_CHECK_CONSUMER) timestamp=1280 ms, used_size=9598976 bytes (23.4%)
(RDMA_READ_CONSUME_CHECK_CONSUMER) timestamp=1280 ms, used_size=9596928 bytes (23.4%)
(RDMA_READ_CONSUME_CHECK_CONSUMER) timestamp=1280 ms, used_size=9594880 bytes (23.4%)
(RDMA_READ_CONSUME_CHECK_CONSUMER) timestamp=1280 ms, used_size=9592832 bytes (23.4%)
(RDMA_READ_CONSUME_CHECK_CONSUMER) timestamp=1280 ms, used_size=9590784 bytes (23.4%)
(RDMA_READ_CONSUME_CHECK_CONSUMER) timestamp=1280 ms, used_size=9588736 bytes (23.4%)
(RDMA_READ_CONSUME_CHECK_CONSUMER) timestamp=1280 ms, used_size=9586688 bytes (23.4%)
(RDMA_READ_CONSUME_CHECK_CONSUMER) timestamp=1280 ms, used_size=9584640 bytes (23.4%)
(RDMA_READ_CONSUME_CHECK_CONSUMER) timestamp=1280 ms, used_size=9582592 bytes (23.4%)
(RDMA_READ_CONSUME_CHECK_CONSUMER) timestamp=1280 ms, used_size=9580544 bytes (23.4%)
(RDMA_READ_CONSUME_CHECK_CONSUMER) timestamp=1280 ms, used_size=9578496 bytes (23.4%)
(RDMA_READ_CONSUME_CHECK_CONSUMER) timestamp=1280 ms, used_size=9576448 bytes (23.4%)
(RDMA_READ_CONSUME_CHECK_CONSUMER) timestamp=1280 ms, used_size=9574400 bytes (23.4%)
(RDMA_READ_CONSUME_CHECK_CONSUMER) timestamp=1280 ms, used_size=9572352 bytes (23.4%)
(RDMA_READ_CONSUME_CHECK_CONSUMER) timestamp=1280 ms, used_size=9570304 bytes (23.4%)
(RDMA_READ_CONSUME_CHECK_CONSUMER) timestamp=1280 ms, used_size=9568256 bytes (23.4%)
(RDMA_READ_CONSUME_CHECK_CONSUMER) timestamp=1280 ms, used_size=9566208 bytes (23.4%)
(RDMA_READ_CONSUME_CHECK_CONSUMER) timestamp=1280 ms, used_size=9564160 bytes (23.4%)
(RDMA_READ_CONSUME_CHECK_CONSUMER) timestamp=1280 ms, used_size=9562112 bytes (23.3%)
(RDMA_READ_CONSUME_CHECK_CONSUMER) timestamp=1280 ms, used_size=9560064 bytes (23.3%)
(RDMA_READ_CONSUME_CHECK_CONSUMER) timestamp=1280 ms, used_size=9558016 bytes (23.3%)
(RDMA_READ_CONSUME_CHECK_CONSUMER) timestamp=1280 ms, used_size=9555968 bytes (23.3%)
(RDMA_READ_CONSUME_CHECK_CONSUMER) timestamp=1280 ms, used_size=9553920 bytes (23.3%)
(RDMA_READ_CONSUME_CHECK_CONSUMER) timestamp=1280 ms, used_size=9551872 bytes (23.3%)
(RDMA_READ_CONSUME_CHECK_CONSUMER) timestamp=1280 ms, used_size=9549824 bytes (23.3%)
(RDMA_READ_CONSUME_CHECK_CONSUMER) timestamp=1280 ms, used_size=9547776 bytes (23.3%)
(RDMA_READ_CONSUME_CHECK_CONSUMER) timestamp=1280 ms, used_size=9545728 bytes (23.3%)
(RDMA_READ_CONSUME_CHECK_CONSUMER) timestamp=1280 ms, used_size=9543680 bytes (23.3%)
(RDMA_READ_CONSUME_CHECK_CONSUMER) timestamp=1280 ms, used_size=9541632 bytes (23.3%)
(RDMA_READ_CONSUME_CHECK_CONSUMER) timestamp=1280 ms, used_size=9539584 bytes (23.3%)
(RDMA_READ_CONSUME_CHECK_CONSUMER) timestamp=1280 ms, used_size=9537536 bytes (23.3%)
(RDMA_READ_CONSUME_CHECK_CONSUMER) timestamp=1280 ms, used_size=9535488 bytes (23.3%)
(RDMA_READ_CONSUME_CHECK_CONSUMER) timestamp=1280 ms, used_size=9533440 bytes (23.3%)
(RDMA_READ_CONSUME_CHECK_CONSUMER) timestamp=1280 ms, used_size=9531392 bytes (23.3%)
(RDMA_READ_CONSUME_CHECK_CONSUMER) timestamp=1280 ms, used_size=9529344 bytes (23.3%)
(RDMA_READ_CONSUME_CHECK_CONSUMER) timestamp=1280 ms, used_size=9527296 bytes (23.3%)
(RDMA_READ_CONSUME_CHECK_CONSUMER) timestamp=1280 ms, used_size=9525248 bytes (23.3%)
(RDMA_READ_CONSUME_CHECK_CONSUMER) timestamp=1280 ms, used_size=9523200 bytes (23.2%)
(RDMA_READ_CONSUME_CHECK_CONSUMER) timestamp=1280 ms, used_size=9521152 bytes (23.2%)
(RDMA_READ_CONSUME_CHECK_CONSUMER) timestamp=1280 ms, used_size=9519104 bytes (23.2%)
(RDMA_READ_CONSUME_CHECK_CONSUMER) timestamp=1280 ms, used_size=9517056 bytes (23.2%)
(RDMA_READ_CONSUME_CHECK_CONSUMER) timestamp=1280 ms, used_size=9515008 bytes (23.2%)
(RDMA_READ_CONSUME_CHECK_CONSUMER) timestamp=1280 ms, used_size=9512960 bytes (23.2%)
(RDMA_READ_CONSUME_CHECK_CONSUMER) timestamp=1280 ms, used_size=9510912 bytes (23.2%)
(RDMA_READ_CONSUME_CHECK_CONSUMER) timestamp=1280 ms, used_size=9508864 bytes (23.2%)
(RDMA_READ_CONSUME_CHECK_CONSUMER) timestamp=1280 ms, used_size=9506816 bytes (23.2%)
(RDMA_READ_CONSUME_CHECK_CONSUMER) timestamp=1280 ms, used_size=9504768 bytes (23.2%)
(RDMA_READ_CONSUME_CHECK_CONSUMER) timestamp=1280 ms, used_size=9502720 bytes (23.2%)
(RDMA_READ_CONSUME_CHECK_CONSUMER) timestamp=1280 ms, used_size=9500672 bytes (23.2%)
(RDMA_READ_CONSUME_CHECK_CONSUMER) timestamp=1280 ms, used_size=9498624 bytes (23.2%)
(RDMA_READ_CONSUME_CHECK_CONSUMER) timestamp=1280 ms, used_size=9496576 bytes (23.2%)
(RDMA_READ_CONSUME_CHECK_CONSUMER) timestamp=1280 ms, used_size=9494528 bytes (23.2%)
(RDMA_READ_CONSUME_CHECK_CONSUMER) timestamp=1280 ms, used_size=9492480 bytes (23.2%)
(RDMA_READ_CONSUME_CHECK_CONSUMER) timestamp=1280 ms, used_size=9490432 bytes (23.2%)
(RDMA_READ_CONSUME_CHECK_CONSUMER) timestamp=1280 ms, used_size=9488384 bytes (23.2%)
(RDMA_READ_CONSUME_CHECK_CONSUMER) timestamp=1280 ms, used_size=9486336 bytes (23.2%)
(RDMA_READ_CONSUME_CHECK_CONSUMER) timestamp=1280 ms, used_size=9484288 bytes (23.2%)
(RDMA_READ_CONSUME_CHECK_CONSUMER) timestamp=1280 ms, used_size=9482240 bytes (23.1%)
(RDMA_READ_CONSUME_CHECK_CONSUMER) timestamp=1280 ms, used_size=9480192 bytes (23.1%)
(RDMA_READ_CONSUME_CHECK_CONSUMER) timestamp=1280 ms, used_size=9478144 bytes (23.1%)
(RDMA_READ_CONSUME_CHECK_CONSUMER) timestamp=1280 ms, used_size=9476096 bytes (23.1%)
(RDMA_READ_CONSUME_CHECK_CONSUMER) timestamp=1280 ms, used_size=9474048 bytes (23.1%)
(RDMA_READ_CONSUME_CHECK_CONSUMER) timestamp=1280 ms, used_size=9472000 bytes (23.1%)
(RDMA_READ_CONSUME_CHECK_CONSUMER) timestamp=1280 ms, used_size=9469952 bytes (23.1%)
(RDMA_READ_CONSUME_CHECK_CONSUMER) timestamp=1280 ms, used_size=9467904 bytes (23.1%)
(RDMA_READ_CONSUME_CHECK_CONSUMER) timestamp=1280 ms, used_size=9465856 bytes (23.1%)
(RDMA_READ_CONSUME_CHECK_CONSUMER) timestamp=1280 ms, used_size=9463808 bytes (23.1%)
(RDMA_READ_CONSUME_CHECK_CONSUMER) timestamp=1280 ms, used_size=9461760 bytes (23.1%)
(RDMA_READ_CONSUME_CHECK_CONSUMER) timestamp=1280 ms, used_size=9459712 bytes (23.1%)
(RDMA_READ_CONSUME_CHECK_CONSUMER) timestamp=1280 ms, used_size=9457664 bytes (23.1%)
(RDMA_READ_CONSUME_CHECK_CONSUMER) timestamp=1280 ms, used_size=9455616 bytes (23.1%)
(RDMA_READ_CONSUME_CHECK_CONSUMER) timestamp=1280 ms, used_size=9453568 bytes (23.1%)
(RDMA_READ_CONSUME_CHECK_CONSUMER) timestamp=1280 ms, used_size=9451520 bytes (23.1%)
(RDMA_READ_CONSUME_CHECK_CONSUMER) timestamp=1280 ms, used_size=9449472 bytes (23.1%)
(RDMA_READ_CONSUME_CHECK_CONSUMER) timestamp=1280 ms, used_size=9447424 bytes (23.1%)
(RDMA_READ_CONSUME_CHECK_CONSUMER) timestamp=1280 ms, used_size=9445376 bytes (23.1%)
(RDMA_READ_CONSUME_CHECK_CONSUMER) timestamp=1280 ms, used_size=9443328 bytes (23.1%)
(RDMA_READ_CONSUME_CHECK_CONSUMER) timestamp=1280 ms, used_size=9441280 bytes (23.1%)
(RDMA_READ_CONSUME_CHECK_CONSUMER) timestamp=1280 ms, used_size=9439232 bytes (23.0%)
(RDMA_READ_CONSUME_CHECK_CONSUMER) timestamp=1280 ms, used_size=9437184 bytes (23.0%)
(RDMA_READ_CONSUME_CHECK_CONSUMER) timestamp=1280 ms, used_size=9435136 bytes (23.0%)
(RDMA_READ_CONSUME_CHECK_CONSUMER) timestamp=1280 ms, used_size=9433088 bytes (23.0%)
(RDMA_READ_CONSUME_CHECK_CONSUMER) timestamp=1280 ms, used_size=9431040 bytes (23.0%)
(RDMA_READ_CONSUME_CHECK_CONSUMER) timestamp=1280 ms, used_size=9428992 bytes (23.0%)
(RDMA_READ_CONSUME_CHECK_CONSUMER) timestamp=1280 ms, used_size=9426944 bytes (23.0%)
(RDMA_READ_CONSUME_CHECK_CONSUMER) timestamp=1280 ms, used_size=9424896 bytes (23.0%)
(RDMA_READ_CONSUME_CHECK_CONSUMER) timestamp=1280 ms, used_size=9422848 bytes (23.0%)
(RDMA_READ_CONSUME_CHECK_CONSUMER) timestamp=1280 ms, used_size=9420800 bytes (23.0%)
(RDMA_READ_CONSUME_CHECK_CONSUMER) timestamp=1280 ms, used_size=9418752 bytes (23.0%)
(RDMA_READ_CONSUME_CHECK_CONSUMER) timestamp=1280 ms, used_size=9416704 bytes (23.0%)
(RDMA_READ_CONSUME_CHECK_CONSUMER) timestamp=1280 ms, used_size=9414656 bytes (23.0%)
(RDMA_READ_CONSUME_CHECK_CONSUMER) timestamp=1280 ms, used_size=9412608 bytes (23.0%)
(RDMA_READ_CONSUME_CHECK_CONSUMER) timestamp=1280 ms, used_size=9410560 bytes (23.0%)
(RDMA_READ_CONSUME_CHECK_CONSUMER) timestamp=1280 ms, used_size=9408512 bytes (23.0%)
(RDMA_READ_CONSUME_CHECK_CONSUMER) timestamp=1280 ms, used_size=9406464 bytes (23.0%)
(RDMA_READ_CONSUME_CHECK_CONSUMER) timestamp=1280 ms, used_size=9404416 bytes (23.0%)
(RDMA_READ_CONSUME_CHECK_CONSUMER) timestamp=1280 ms, used_size=9402368 bytes (23.0%)
(RDMA_READ_CONSUME_CHECK_CONSUMER) timestamp=1280 ms, used_size=9400320 bytes (22.9%)
(RDMA_READ_CONSUME_CHECK_CONSUMER) timestamp=1280 ms, used_size=9398272 bytes (22.9%)
(RDMA_READ_CONSUME_CHECK_CONSUMER) timestamp=1280 ms, used_size=9396224 bytes (22.9%)
(RDMA_READ_CONSUME_CHECK_CONSUMER) timestamp=1280 ms, used_size=9394176 bytes (22.9%)
(RDMA_READ_CONSUME_CHECK_CONSUMER) timestamp=1280 ms, used_size=9392128 bytes (22.9%)
(RDMA_READ_CONSUME_CHECK_CONSUMER) timestamp=1280 ms, used_size=9390080 bytes (22.9%)
(RDMA_READ_CONSUME_CHECK_CONSUMER) timestamp=1280 ms, used_size=9388032 bytes (22.9%)
(RDMA_READ_CONSUME_CHECK_CONSUMER) timestamp=1280 ms, used_size=9385984 bytes (22.9%)
(RDMA_READ_CONSUME_CHECK_CONSUMER) timestamp=1280 ms, used_size=9383936 bytes (22.9%)
(RDMA_READ_CONSUME_CHECK_CONSUMER) timestamp=1280 ms, used_size=9381888 bytes (22.9%)
(RDMA_READ_CONSUME_CHECK_CONSUMER) timestamp=1280 ms, used_size=9379840 bytes (22.9%)
(RDMA_READ_CONSUME_CHECK_CONSUMER) timestamp=1280 ms, used_size=9377792 bytes (22.9%)
(RDMA_READ_CONSUME_CHECK_CONSUMER) timestamp=1280 ms, used_size=9375744 bytes (22.9%)
(RDMA_READ_CONSUME_CHECK_CONSUMER) timestamp=1280 ms, used_size=9373696 bytes (22.9%)
(RDMA_READ_CONSUME_CHECK_CONSUMER) timestamp=1280 ms, used_size=9371648 bytes (22.9%)
(RDMA_READ_CONSUME_CHECK_CONSUMER) timestamp=1280 ms, used_size=9369600 bytes (22.9%)
(RDMA_READ_CONSUME_CHECK_CONSUMER) timestamp=1280 ms, used_size=9367552 bytes (22.9%)
(RDMA_READ_CONSUME_CHECK_CONSUMER) timestamp=1280 ms, used_size=9365504 bytes (22.9%)
(RDMA_READ_CONSUME_CHECK_CONSUMER) timestamp=1280 ms, used_size=9363456 bytes (22.9%)
(RDMA_READ_CONSUME_CHECK_CONSUMER) timestamp=1280 ms, used_size=9361408 bytes (22.9%)
(RDMA_READ_CONSUME_CHECK_CONSUMER) timestamp=1280 ms, used_size=9359360 bytes (22.9%)
(RDMA_READ_CONSUME_CHECK_CONSUMER) timestamp=1280 ms, used_size=9357312 bytes (22.8%)
(RDMA_READ_CONSUME_CHECK_CONSUMER) timestamp=1280 ms, used_size=9355264 bytes (22.8%)
(RDMA_READ_CONSUME_CHECK_CONSUMER) timestamp=1280 ms, used_size=9353216 bytes (22.8%)
(RDMA_READ_CONSUME_CHECK_CONSUMER) timestamp=1280 ms, used_size=9351168 bytes (22.8%)
(RDMA_READ_CONSUME_CHECK_CONSUMER) timestamp=1280 ms, used_size=9349120 bytes (22.8%)
(RDMA_READ_CONSUME_CHECK_CONSUMER) timestamp=1280 ms, used_size=9347072 bytes (22.8%)
(RDMA_READ_CONSUME_CHECK_CONSUMER) timestamp=1280 ms, used_size=9345024 bytes (22.8%)
(RDMA_READ_CONSUME_CHECK_CONSUMER) timestamp=1280 ms, used_size=9342976 bytes (22.8%)
(RDMA_READ_CONSUME_CHECK_CONSUMER) timestamp=1280 ms, used_size=9340928 bytes (22.8%)
(RDMA_READ_CONSUME_CHECK_CONSUMER) timestamp=1280 ms, used_size=9338880 bytes (22.8%)
(RDMA_READ_CONSUME_CHECK_CONSUMER) timestamp=1280 ms, used_size=9336832 bytes (22.8%)
(RDMA_READ_CONSUME_CHECK_CONSUMER) timestamp=1280 ms, used_size=9334784 bytes (22.8%)
(RDMA_READ_CONSUME_CHECK_CONSUMER) timestamp=1280 ms, used_size=9332736 bytes (22.8%)
(RDMA_READ_CONSUME_CHECK_CONSUMER) timestamp=1280 ms, used_size=9330688 bytes (22.8%)
(RDMA_READ_CONSUME_CHECK_CONSUMER) timestamp=1280 ms, used_size=9328640 bytes (22.8%)
(RDMA_READ_CONSUME_CHECK_CONSUMER) timestamp=1280 ms, used_size=9326592 bytes (22.8%)
(RDMA_READ_CONSUME_CHECK_CONSUMER) timestamp=1280 ms, used_size=9324544 bytes (22.8%)
(RDMA_READ_CONSUME_CHECK_CONSUMER) timestamp=1280 ms, used_size=9322496 bytes (22.8%)
(RDMA_READ_CONSUME_CHECK_CONSUMER) timestamp=1280 ms, used_size=9320448 bytes (22.8%)
(RDMA_READ_CONSUME_CHECK_CONSUMER) timestamp=1280 ms, used_size=9318400 bytes (22.8%)
(RDMA_READ_CONSUME_CHECK_CONSUMER) timestamp=1280 ms, used_size=9316352 bytes (22.7%)
(RDMA_READ_CONSUME_CHECK_CONSUMER) timestamp=1280 ms, used_size=9314304 bytes (22.7%)
(RDMA_READ_CONSUME_CHECK_CONSUMER) timestamp=1280 ms, used_size=9312256 bytes (22.7%)
(RDMA_READ_CONSUME_CHECK_CONSUMER) timestamp=1280 ms, used_size=9310208 bytes (22.7%)
(RDMA_READ_CONSUME_CHECK_CONSUMER) timestamp=1280 ms, used_size=9308160 bytes (22.7%)
(RDMA_READ_CONSUME_CHECK_CONSUMER) timestamp=1280 ms, used_size=9306112 bytes (22.7%)
(RDMA_READ_CONSUME_CHECK_CONSUMER) timestamp=1280 ms, used_size=9304064 bytes (22.7%)
(RDMA_READ_CONSUME_CHECK_CONSUMER) timestamp=1280 ms, used_size=9302016 bytes (22.7%)
(RDMA_READ_CONSUME_CHECK_CONSUMER) timestamp=1280 ms, used_size=9299968 bytes (22.7%)
(RDMA_READ_CONSUME_CHECK_CONSUMER) timestamp=1280 ms, used_size=9297920 bytes (22.7%)
(RDMA_READ_CONSUME_CHECK_CONSUMER) timestamp=1280 ms, used_size=9295872 bytes (22.7%)
(RDMA_READ_CONSUME_CHECK_CONSUMER) timestamp=1280 ms, used_size=9293824 bytes (22.7%)
(RDMA_READ_CONSUME_CHECK_CONSUMER) timestamp=1280 ms, used_size=9291776 bytes (22.7%)
(RDMA_READ_CONSUME_CHECK_CONSUMER) timestamp=1280 ms, used_size=9289728 bytes (22.7%)
(RDMA_READ_CONSUME_CHECK_CONSUMER) timestamp=1280 ms, used_size=9287680 bytes (22.7%)
(RDMA_READ_CONSUME_CHECK_CONSUMER) timestamp=1280 ms, used_size=9285632 bytes (22.7%)
(RDMA_READ_CONSUME_CHECK_CONSUMER) timestamp=1280 ms, used_size=9283584 bytes (22.7%)
(RDMA_READ_CONSUME_CHECK_CONSUMER) timestamp=1280 ms, used_size=9281536 bytes (22.7%)
(RDMA_READ_CONSUME_CHECK_CONSUMER) timestamp=1280 ms, used_size=9279488 bytes (22.7%)
(RDMA_READ_CONSUME_CHECK_CONSUMER) timestamp=1280 ms, used_size=9277440 bytes (22.6%)
(RDMA_READ_CONSUME_CHECK_CONSUMER) timestamp=1280 ms, used_size=9275392 bytes (22.6%)
(RDMA_READ_CONSUME_CHECK_CONSUMER) timestamp=1280 ms, used_size=9273344 bytes (22.6%)
(RDMA_READ_CONSUME_CHECK_CONSUMER) timestamp=1280 ms, used_size=9271296 bytes (22.6%)
(RDMA_READ_CONSUME_CHECK_CONSUMER) timestamp=1280 ms, used_size=9269248 bytes (22.6%)
(RDMA_READ_CONSUME_CHECK_CONSUMER) timestamp=1280 ms, used_size=9267200 bytes (22.6%)
(RDMA_READ_CONSUME_CHECK_CONSUMER) timestamp=1280 ms, used_size=9265152 bytes (22.6%)
(RDMA_READ_CONSUME_CHECK_CONSUMER) timestamp=1280 ms, used_size=9263104 bytes (22.6%)
(RDMA_READ_CONSUME_CHECK_CONSUMER) timestamp=1280 ms, used_size=9261056 bytes (22.6%)
(RDMA_READ_CONSUME_CHECK_CONSUMER) timestamp=1280 ms, used_size=9259008 bytes (22.6%)
(RDMA_READ_CONSUME_CHECK_CONSUMER) timestamp=1280 ms, used_size=9256960 bytes (22.6%)
(RDMA_READ_CONSUME_CHECK_CONSUMER) timestamp=1280 ms, used_size=9254912 bytes (22.6%)
(RDMA_READ_CONSUME_CHECK_CONSUMER) timestamp=1280 ms, used_size=9252864 bytes (22.6%)
(RDMA_READ_CONSUME_CHECK_CONSUMER) timestamp=1280 ms, used_size=9250816 bytes (22.6%)
(RDMA_READ_CONSUME_CHECK_CONSUMER) timestamp=1280 ms, used_size=9248768 bytes (22.6%)
(RDMA_READ_CONSUME_CHECK_CONSUMER) timestamp=1280 ms, used_size=9246720 bytes (22.6%)
(RDMA_READ_CONSUME_CHECK_CONSUMER) timestamp=1280 ms, used_size=9244672 bytes (22.6%)
(RDMA_READ_CONSUME_CHECK_CONSUMER) timestamp=1280 ms, used_size=9242624 bytes (22.6%)
(RDMA_READ_CONSUME_CHECK_CONSUMER) timestamp=1280 ms, used_size=9240576 bytes (22.6%)
(RDMA_READ_CONSUME_CHECK_CONSUMER) timestamp=1281 ms, used_size=9238528 bytes (22.6%)
(RDMA_READ_CONSUME_CHECK_CONSUMER) timestamp=1281 ms, used_size=9236480 bytes (22.6%)
(RDMA_READ_CONSUME_CHECK_CONSUMER) timestamp=1281 ms, used_size=9234432 bytes (22.5%)
(RDMA_READ_CONSUME_CHECK_CONSUMER) timestamp=1281 ms, used_size=9232384 bytes (22.5%)
(RDMA_READ_CONSUME_CHECK_CONSUMER) timestamp=1281 ms, used_size=9230336 bytes (22.5%)
(RDMA_READ_CONSUME_CHECK_CONSUMER) timestamp=1281 ms, used_size=9228288 bytes (22.5%)
(RDMA_READ_CONSUME_CHECK_CONSUMER) timestamp=1281 ms, used_size=9226240 bytes (22.5%)
(RDMA_READ_CONSUME_CHECK_CONSUMER) timestamp=1281 ms, used_size=9224192 bytes (22.5%)
(RDMA_READ_CONSUME_CHECK_CONSUMER) timestamp=1281 ms, used_size=9222144 bytes (22.5%)
(RDMA_READ_CONSUME_CHECK_CONSUMER) timestamp=1281 ms, used_size=9220096 bytes (22.5%)
(RDMA_READ_CONSUME_CHECK_CONSUMER) timestamp=1281 ms, used_size=9218048 bytes (22.5%)
(RDMA_READ_CONSUME_CHECK_CONSUMER) timestamp=1281 ms, used_size=9216000 bytes (22.5%)
(RDMA_READ_CONSUME_CHECK_CONSUMER) timestamp=1281 ms, used_size=9213952 bytes (22.5%)
(RDMA_READ_CONSUME_CHECK_CONSUMER) timestamp=1281 ms, used_size=9211904 bytes (22.5%)
(RDMA_READ_CONSUME_CHECK_CONSUMER) timestamp=1281 ms, used_size=9209856 bytes (22.5%)
(RDMA_READ_CONSUME_CHECK_CONSUMER) timestamp=1281 ms, used_size=9207808 bytes (22.5%)
(RDMA_READ_CONSUME_CHECK_CONSUMER) timestamp=1281 ms, used_size=9205760 bytes (22.5%)
(RDMA_READ_CONSUME_CHECK_CONSUMER) timestamp=1281 ms, used_size=9203712 bytes (22.5%)
(RDMA_READ_CONSUME_CHECK_CONSUMER) timestamp=1281 ms, used_size=9201664 bytes (22.5%)
(RDMA_READ_CONSUME_CHECK_CONSUMER) timestamp=1281 ms, used_size=9199616 bytes (22.5%)
(RDMA_READ_CONSUME_CHECK_CONSUMER) timestamp=1281 ms, used_size=9197568 bytes (22.5%)
(RDMA_READ_CONSUME_CHECK_CONSUMER) timestamp=1281 ms, used_size=9195520 bytes (22.4%)
(RDMA_READ_CONSUME_CHECK_CONSUMER) timestamp=1281 ms, used_size=9193472 bytes (22.4%)
(RDMA_READ_CONSUME_CHECK_CONSUMER) timestamp=1281 ms, used_size=9191424 bytes (22.4%)
(RDMA_READ_CONSUME_CHECK_CONSUMER) timestamp=1281 ms, used_size=9189376 bytes (22.4%)
(RDMA_READ_CONSUME_CHECK_CONSUMER) timestamp=1281 ms, used_size=9187328 bytes (22.4%)
(RDMA_READ_CONSUME_CHECK_CONSUMER) timestamp=1281 ms, used_size=9185280 bytes (22.4%)
(RDMA_READ_CONSUME_CHECK_CONSUMER) timestamp=1281 ms, used_size=9183232 bytes (22.4%)
(RDMA_READ_CONSUME_CHECK_CONSUMER) timestamp=1281 ms, used_size=9181184 bytes (22.4%)
(RDMA_READ_CONSUME_CHECK_CONSUMER) timestamp=1281 ms, used_size=9179136 bytes (22.4%)
(RDMA_READ_CONSUME_CHECK_CONSUMER) timestamp=1281 ms, used_size=9177088 bytes (22.4%)
(RDMA_READ_CONSUME_CHECK_CONSUMER) timestamp=1281 ms, used_size=9175040 bytes (22.4%)
(RDMA_READ_CONSUME_CHECK_CONSUMER) timestamp=1281 ms, used_size=9172992 bytes (22.4%)
(RDMA_READ_CONSUME_CHECK_CONSUMER) timestamp=1281 ms, used_size=9170944 bytes (22.4%)
(RDMA_READ_CONSUME_CHECK_CONSUMER) timestamp=1281 ms, used_size=9168896 bytes (22.4%)
(RDMA_READ_CONSUME_CHECK_CONSUMER) timestamp=1281 ms, used_size=9166848 bytes (22.4%)
(RDMA_READ_CONSUME_CHECK_CONSUMER) timestamp=1281 ms, used_size=9164800 bytes (22.4%)
(RDMA_READ_CONSUME_CHECK_CONSUMER) timestamp=1281 ms, used_size=9162752 bytes (22.4%)
(RDMA_READ_CONSUME_CHECK_CONSUMER) timestamp=1281 ms, used_size=9160704 bytes (22.4%)
(RDMA_READ_CONSUME_CHECK_CONSUMER) timestamp=1281 ms, used_size=9158656 bytes (22.4%)
(RDMA_READ_CONSUME_CHECK_CONSUMER) timestamp=1281 ms, used_size=9156608 bytes (22.4%)
(RDMA_READ_CONSUME_CHECK_CONSUMER) timestamp=1281 ms, used_size=9154560 bytes (22.4%)
(RDMA_READ_CONSUME_CHECK_CONSUMER) timestamp=1281 ms, used_size=9152512 bytes (22.3%)
(RDMA_READ_CONSUME_CHECK_CONSUMER) timestamp=1281 ms, used_size=9150464 bytes (22.3%)
(RDMA_READ_CONSUME_CHECK_CONSUMER) timestamp=1281 ms, used_size=9148416 bytes (22.3%)
(RDMA_READ_CONSUME_CHECK_CONSUMER) timestamp=1281 ms, used_size=9146368 bytes (22.3%)
(RDMA_READ_CONSUME_CHECK_CONSUMER) timestamp=1281 ms, used_size=9144320 bytes (22.3%)
(RDMA_READ_CONSUME_CHECK_CONSUMER) timestamp=1281 ms, used_size=9142272 bytes (22.3%)
(RDMA_READ_CONSUME_CHECK_CONSUMER) timestamp=1281 ms, used_size=9140224 bytes (22.3%)
(RDMA_READ_CONSUME_CHECK_CONSUMER) timestamp=1281 ms, used_size=9138176 bytes (22.3%)
(RDMA_READ_CONSUME_CHECK_CONSUMER) timestamp=1281 ms, used_size=9136128 bytes (22.3%)
(RDMA_READ_CONSUME_CHECK_CONSUMER) timestamp=1281 ms, used_size=9134080 bytes (22.3%)
(RDMA_READ_CONSUME_CHECK_CONSUMER) timestamp=1281 ms, used_size=9132032 bytes (22.3%)
(RDMA_READ_CONSUME_CHECK_CONSUMER) timestamp=1281 ms, used_size=9129984 bytes (22.3%)
(RDMA_READ_CONSUME_CHECK_CONSUMER) timestamp=1281 ms, used_size=9127936 bytes (22.3%)
(RDMA_READ_CONSUME_CHECK_CONSUMER) timestamp=1281 ms, used_size=9125888 bytes (22.3%)
(RDMA_READ_CONSUME_CHECK_CONSUMER) timestamp=1281 ms, used_size=9123840 bytes (22.3%)
(RDMA_READ_CONSUME_CHECK_CONSUMER) timestamp=1281 ms, used_size=9121792 bytes (22.3%)
(RDMA_READ_CONSUME_CHECK_CONSUMER) timestamp=1281 ms, used_size=9119744 bytes (22.3%)
(RDMA_READ_CONSUME_CHECK_CONSUMER) timestamp=1281 ms, used_size=9117696 bytes (22.3%)
(RDMA_READ_CONSUME_CHECK_CONSUMER) timestamp=1281 ms, used_size=9115648 bytes (22.3%)
(RDMA_READ_CONSUME_CHECK_CONSUMER) timestamp=1281 ms, used_size=9113600 bytes (22.2%)
(RDMA_READ_CONSUME_CHECK_CONSUMER) timestamp=1281 ms, used_size=9111552 bytes (22.2%)
(RDMA_READ_CONSUME_CHECK_CONSUMER) timestamp=1281 ms, used_size=9109504 bytes (22.2%)
(RDMA_READ_CONSUME_CHECK_CONSUMER) timestamp=1281 ms, used_size=9107456 bytes (22.2%)
(RDMA_READ_CONSUME_CHECK_CONSUMER) timestamp=1281 ms, used_size=9105408 bytes (22.2%)
(RDMA_READ_CONSUME_CHECK_CONSUMER) timestamp=1281 ms, used_size=9103360 bytes (22.2%)
(RDMA_READ_CONSUME_CHECK_CONSUMER) timestamp=1281 ms, used_size=9101312 bytes (22.2%)
(RDMA_READ_CONSUME_CHECK_CONSUMER) timestamp=1281 ms, used_size=9099264 bytes (22.2%)
(RDMA_READ_CONSUME_CHECK_CONSUMER) timestamp=1281 ms, used_size=9097216 bytes (22.2%)
(RDMA_READ_CONSUME_CHECK_CONSUMER) timestamp=1281 ms, used_size=9095168 bytes (22.2%)
(RDMA_READ_CONSUME_CHECK_CONSUMER) timestamp=1281 ms, used_size=9093120 bytes (22.2%)
(RDMA_READ_CONSUME_CHECK_CONSUMER) timestamp=1281 ms, used_size=9091072 bytes (22.2%)
(RDMA_READ_CONSUME_CHECK_CONSUMER) timestamp=1281 ms, used_size=9089024 bytes (22.2%)
(RDMA_READ_CONSUME_CHECK_CONSUMER) timestamp=1281 ms, used_size=9086976 bytes (22.2%)
(RDMA_READ_CONSUME_CHECK_CONSUMER) timestamp=1281 ms, used_size=9084928 bytes (22.2%)
(RDMA_READ_CONSUME_CHECK_CONSUMER) timestamp=1281 ms, used_size=9082880 bytes (22.2%)
(RDMA_READ_CONSUME_CHECK_CONSUMER) timestamp=1281 ms, used_size=9080832 bytes (22.2%)
(RDMA_READ_CONSUME_CHECK_CONSUMER) timestamp=1281 ms, used_size=9078784 bytes (22.2%)
(RDMA_READ_CONSUME_CHECK_CONSUMER) timestamp=1281 ms, used_size=9076736 bytes (22.2%)
(RDMA_READ_CONSUME_CHECK_CONSUMER) timestamp=1281 ms, used_size=9074688 bytes (22.2%)
(RDMA_READ_CONSUME_CHECK_CONSUMER) timestamp=1281 ms, used_size=9072640 bytes (22.1%)
(RDMA_READ_CONSUME_CHECK_CONSUMER) timestamp=1281 ms, used_size=9070592 bytes (22.1%)
(RDMA_READ_CONSUME_CHECK_CONSUMER) timestamp=1281 ms, used_size=9068544 bytes (22.1%)
(RDMA_READ_CONSUME_CHECK_CONSUMER) timestamp=1281 ms, used_size=9066496 bytes (22.1%)
(RDMA_READ_CONSUME_CHECK_CONSUMER) timestamp=1281 ms, used_size=9064448 bytes (22.1%)
(RDMA_READ_CONSUME_CHECK_CONSUMER) timestamp=1281 ms, used_size=9062400 bytes (22.1%)
(RDMA_READ_CONSUME_CHECK_CONSUMER) timestamp=1281 ms, used_size=9060352 bytes (22.1%)
(RDMA_READ_CONSUME_CHECK_CONSUMER) timestamp=1281 ms, used_size=9058304 bytes (22.1%)
(RDMA_READ_CONSUME_CHECK_CONSUMER) timestamp=1281 ms, used_size=9056256 bytes (22.1%)
(RDMA_READ_CONSUME_CHECK_CONSUMER) timestamp=1281 ms, used_size=9054208 bytes (22.1%)
(RDMA_READ_CONSUME_CHECK_CONSUMER) timestamp=1281 ms, used_size=9052160 bytes (22.1%)
(RDMA_READ_CONSUME_CHECK_CONSUMER) timestamp=1281 ms, used_size=9050112 bytes (22.1%)
(RDMA_READ_CONSUME_CHECK_CONSUMER) timestamp=1281 ms, used_size=9048064 bytes (22.1%)
(RDMA_READ_CONSUME_CHECK_CONSUMER) timestamp=1281 ms, used_size=9046016 bytes (22.1%)
(RDMA_READ_CONSUME_CHECK_CONSUMER) timestamp=1281 ms, used_size=9043968 bytes (22.1%)
(RDMA_READ_CONSUME_CHECK_CONSUMER) timestamp=1281 ms, used_size=9041920 bytes (22.1%)
(RDMA_READ_CONSUME_CHECK_CONSUMER) timestamp=1281 ms, used_size=9039872 bytes (22.1%)
(RDMA_READ_CONSUME_CHECK_CONSUMER) timestamp=1281 ms, used_size=9037824 bytes (22.1%)
(RDMA_READ_CONSUME_CHECK_CONSUMER) timestamp=1281 ms, used_size=9035776 bytes (22.1%)
(RDMA_READ_CONSUME_CHECK_CONSUMER) timestamp=1281 ms, used_size=9033728 bytes (22.1%)
(RDMA_READ_CONSUME_CHECK_CONSUMER) timestamp=1281 ms, used_size=9031680 bytes (22.1%)
(RDMA_READ_CONSUME_CHECK_CONSUMER) timestamp=1281 ms, used_size=9029632 bytes (22.0%)
(RDMA_READ_CONSUME_CHECK_CONSUMER) timestamp=1281 ms, used_size=9027584 bytes (22.0%)
(RDMA_READ_CONSUME_CHECK_CONSUMER) timestamp=1281 ms, used_size=9025536 bytes (22.0%)
(RDMA_READ_CONSUME_CHECK_CONSUMER) timestamp=1281 ms, used_size=9023488 bytes (22.0%)
(RDMA_READ_CONSUME_CHECK_CONSUMER) timestamp=1281 ms, used_size=9021440 bytes (22.0%)
(RDMA_READ_CONSUME_CHECK_CONSUMER) timestamp=1281 ms, used_size=9019392 bytes (22.0%)
(RDMA_READ_CONSUME_CHECK_CONSUMER) timestamp=1281 ms, used_size=9017344 bytes (22.0%)
(RDMA_READ_CONSUME_CHECK_CONSUMER) timestamp=1281 ms, used_size=9015296 bytes (22.0%)
(RDMA_READ_CONSUME_CHECK_CONSUMER) timestamp=1281 ms, used_size=9013248 bytes (22.0%)
(RDMA_READ_CONSUME_CHECK_CONSUMER) timestamp=1281 ms, used_size=9011200 bytes (22.0%)
(RDMA_READ_CONSUME_CHECK_CONSUMER) timestamp=1281 ms, used_size=9009152 bytes (22.0%)
(RDMA_READ_CONSUME_CHECK_CONSUMER) timestamp=1281 ms, used_size=9007104 bytes (22.0%)
(RDMA_READ_CONSUME_CHECK_CONSUMER) timestamp=1281 ms, used_size=9005056 bytes (22.0%)
(RDMA_READ_CONSUME_CHECK_CONSUMER) timestamp=1281 ms, used_size=9003008 bytes (22.0%)
(RDMA_READ_CONSUME_CHECK_CONSUMER) timestamp=1281 ms, used_size=9000960 bytes (22.0%)
(RDMA_READ_CONSUME_CHECK_CONSUMER) timestamp=1281 ms, used_size=8998912 bytes (22.0%)
(RDMA_READ_CONSUME_CHECK_CONSUMER) timestamp=1281 ms, used_size=8996864 bytes (22.0%)
(RDMA_READ_CONSUME_CHECK_CONSUMER) timestamp=1281 ms, used_size=8994816 bytes (22.0%)
(RDMA_READ_CONSUME_CHECK_CONSUMER) timestamp=1281 ms, used_size=8992768 bytes (22.0%)
(RDMA_READ_CONSUME_CHECK_CONSUMER) timestamp=1281 ms, used_size=8990720 bytes (21.9%)
(RDMA_READ_CONSUME_CHECK_CONSUMER) timestamp=1281 ms, used_size=8988672 bytes (21.9%)
(RDMA_READ_CONSUME_CHECK_CONSUMER) timestamp=1281 ms, used_size=8986624 bytes (21.9%)
(RDMA_READ_CONSUME_CHECK_CONSUMER) timestamp=1281 ms, used_size=8984576 bytes (21.9%)
(RDMA_READ_CONSUME_CHECK_CONSUMER) timestamp=1281 ms, used_size=8982528 bytes (21.9%)
(RDMA_READ_CONSUME_CHECK_CONSUMER) timestamp=1281 ms, used_size=8980480 bytes (21.9%)
(RDMA_READ_CONSUME_CHECK_CONSUMER) timestamp=1281 ms, used_size=8978432 bytes (21.9%)
(RDMA_READ_CONSUME_CHECK_CONSUMER) timestamp=1281 ms, used_size=8976384 bytes (21.9%)
(RDMA_READ_CONSUME_CHECK_CONSUMER) timestamp=1281 ms, used_size=8974336 bytes (21.9%)
(RDMA_READ_CONSUME_CHECK_CONSUMER) timestamp=1281 ms, used_size=8972288 bytes (21.9%)
(RDMA_READ_CONSUME_CHECK_CONSUMER) timestamp=1281 ms, used_size=8970240 bytes (21.9%)
(RDMA_READ_CONSUME_CHECK_CONSUMER) timestamp=1281 ms, used_size=8968192 bytes (21.9%)
(RDMA_READ_CONSUME_CHECK_CONSUMER) timestamp=1281 ms, used_size=8966144 bytes (21.9%)
(RDMA_READ_CONSUME_CHECK_CONSUMER) timestamp=1281 ms, used_size=8964096 bytes (21.9%)
(RDMA_READ_CONSUME_CHECK_CONSUMER) timestamp=1281 ms, used_size=8962048 bytes (21.9%)
(RDMA_READ_CONSUME_CHECK_CONSUMER) timestamp=1281 ms, used_size=8960000 bytes (21.9%)
(RDMA_READ_CONSUME_CHECK_CONSUMER) timestamp=1281 ms, used_size=8957952 bytes (21.9%)
(RDMA_READ_CONSUME_CHECK_CONSUMER) timestamp=1281 ms, used_size=8955904 bytes (21.9%)
(RDMA_READ_CONSUME_CHECK_CONSUMER) timestamp=1281 ms, used_size=8953856 bytes (21.9%)
(RDMA_READ_CONSUME_CHECK_CONSUMER) timestamp=1281 ms, used_size=8951808 bytes (21.9%)
(RDMA_READ_CONSUME_CHECK_CONSUMER) timestamp=1281 ms, used_size=8949760 bytes (21.9%)
(RDMA_READ_CONSUME_CHECK_CONSUMER) timestamp=1281 ms, used_size=8947712 bytes (21.8%)
(RDMA_READ_CONSUME_CHECK_CONSUMER) timestamp=1281 ms, used_size=8945664 bytes (21.8%)
(RDMA_READ_CONSUME_CHECK_CONSUMER) timestamp=1281 ms, used_size=8943616 bytes (21.8%)
(RDMA_READ_CONSUME_CHECK_CONSUMER) timestamp=1281 ms, used_size=8941568 bytes (21.8%)
(RDMA_READ_CONSUME_CHECK_CONSUMER) timestamp=1281 ms, used_size=8939520 bytes (21.8%)
(RDMA_READ_CONSUME_CHECK_CONSUMER) timestamp=1281 ms, used_size=8937472 bytes (21.8%)
(RDMA_READ_CONSUME_CHECK_CONSUMER) timestamp=1281 ms, used_size=8935424 bytes (21.8%)
(RDMA_READ_CONSUME_CHECK_CONSUMER) timestamp=1281 ms, used_size=8933376 bytes (21.8%)
(RDMA_READ_CONSUME_CHECK_CONSUMER) timestamp=1281 ms, used_size=8931328 bytes (21.8%)
(RDMA_READ_CONSUME_CHECK_CONSUMER) timestamp=1281 ms, used_size=8929280 bytes (21.8%)
(RDMA_READ_CONSUME_CHECK_CONSUMER) timestamp=1281 ms, used_size=8927232 bytes (21.8%)
(RDMA_READ_CONSUME_CHECK_CONSUMER) timestamp=1281 ms, used_size=8925184 bytes (21.8%)
(RDMA_READ_CONSUME_CHECK_CONSUMER) timestamp=1281 ms, used_size=8923136 bytes (21.8%)
(RDMA_READ_CONSUME_CHECK_CONSUMER) timestamp=1281 ms, used_size=8921088 bytes (21.8%)
(RDMA_READ_CONSUME_CHECK_CONSUMER) timestamp=1281 ms, used_size=8919040 bytes (21.8%)
(RDMA_READ_CONSUME_CHECK_CONSUMER) timestamp=1281 ms, used_size=8916992 bytes (21.8%)
(RDMA_READ_CONSUME_CHECK_CONSUMER) timestamp=1281 ms, used_size=8914944 bytes (21.8%)
(RDMA_READ_CONSUME_CHECK_CONSUMER) timestamp=1281 ms, used_size=8912896 bytes (21.8%)
(RDMA_READ_CONSUME_CHECK_CONSUMER) timestamp=1281 ms, used_size=8910848 bytes (21.8%)
(RDMA_READ_CONSUME_CHECK_CONSUMER) timestamp=1281 ms, used_size=8908800 bytes (21.8%)
(RDMA_READ_CONSUME_CHECK_CONSUMER) timestamp=1281 ms, used_size=8906752 bytes (21.7%)
(RDMA_READ_CONSUME_CHECK_CONSUMER) timestamp=1281 ms, used_size=8904704 bytes (21.7%)
(RDMA_READ_CONSUME_CHECK_CONSUMER) timestamp=1281 ms, used_size=8902656 bytes (21.7%)
(RDMA_READ_CONSUME_CHECK_CONSUMER) timestamp=1281 ms, used_size=8900608 bytes (21.7%)
(RDMA_READ_CONSUME_CHECK_CONSUMER) timestamp=1281 ms, used_size=8898560 bytes (21.7%)
(RDMA_READ_CONSUME_CHECK_CONSUMER) timestamp=1281 ms, used_size=8896512 bytes (21.7%)
(RDMA_READ_CONSUME_CHECK_CONSUMER) timestamp=1281 ms, used_size=8894464 bytes (21.7%)
(RDMA_READ_CONSUME_CHECK_CONSUMER) timestamp=1281 ms, used_size=8892416 bytes (21.7%)
(RDMA_READ_CONSUME_CHECK_CONSUMER) timestamp=1281 ms, used_size=8890368 bytes (21.7%)
(RDMA_READ_CONSUME_CHECK_CONSUMER) timestamp=1281 ms, used_size=8888320 bytes (21.7%)
(RDMA_READ_CONSUME_CHECK_CONSUMER) timestamp=1281 ms, used_size=8886272 bytes (21.7%)
(RDMA_READ_CONSUME_CHECK_CONSUMER) timestamp=1281 ms, used_size=8884224 bytes (21.7%)
(RDMA_READ_CONSUME_CHECK_CONSUMER) timestamp=1281 ms, used_size=8882176 bytes (21.7%)
(RDMA_READ_CONSUME_CHECK_CONSUMER) timestamp=1281 ms, used_size=8880128 bytes (21.7%)
(RDMA_READ_CONSUME_CHECK_CONSUMER) timestamp=1281 ms, used_size=8878080 bytes (21.7%)
(RDMA_READ_CONSUME_CHECK_CONSUMER) timestamp=1281 ms, used_size=8876032 bytes (21.7%)
(RDMA_READ_CONSUME_CHECK_CONSUMER) timestamp=1281 ms, used_size=8873984 bytes (21.7%)
(RDMA_READ_CONSUME_CHECK_CONSUMER) timestamp=1281 ms, used_size=8871936 bytes (21.7%)
(RDMA_READ_CONSUME_CHECK_CONSUMER) timestamp=1282 ms, used_size=8869888 bytes (21.7%)
(RDMA_READ_CONSUME_CHECK_CONSUMER) timestamp=1282 ms, used_size=8867840 bytes (21.6%)
(RDMA_READ_CONSUME_CHECK_CONSUMER) timestamp=1282 ms, used_size=8865792 bytes (21.6%)
(RDMA_READ_CONSUME_CHECK_CONSUMER) timestamp=1282 ms, used_size=8863744 bytes (21.6%)
(RDMA_READ_CONSUME_CHECK_CONSUMER) timestamp=1282 ms, used_size=8861696 bytes (21.6%)
(RDMA_READ_CONSUME_CHECK_CONSUMER) timestamp=1282 ms, used_size=8859648 bytes (21.6%)
(RDMA_READ_CONSUME_CHECK_CONSUMER) timestamp=1282 ms, used_size=8857600 bytes (21.6%)
(RDMA_READ_CONSUME_CHECK_CONSUMER) timestamp=1282 ms, used_size=8855552 bytes (21.6%)
(RDMA_READ_CONSUME_CHECK_CONSUMER) timestamp=1282 ms, used_size=8853504 bytes (21.6%)
(RDMA_READ_CONSUME_CHECK_CONSUMER) timestamp=1282 ms, used_size=8851456 bytes (21.6%)
(RDMA_READ_CONSUME_CHECK_CONSUMER) timestamp=1282 ms, used_size=8849408 bytes (21.6%)
(RDMA_READ_CONSUME_CHECK_CONSUMER) timestamp=1282 ms, used_size=8847360 bytes (21.6%)
(RDMA_READ_CONSUME_CHECK_CONSUMER) timestamp=1282 ms, used_size=8845312 bytes (21.6%)
(RDMA_READ_CONSUME_CHECK_CONSUMER) timestamp=1282 ms, used_size=8843264 bytes (21.6%)
(RDMA_READ_CONSUME_CHECK_CONSUMER) timestamp=1282 ms, used_size=8841216 bytes (21.6%)
(RDMA_READ_CONSUME_CHECK_CONSUMER) timestamp=1282 ms, used_size=8839168 bytes (21.6%)
(RDMA_READ_CONSUME_CHECK_CONSUMER) timestamp=1282 ms, used_size=8837120 bytes (21.6%)
(RDMA_READ_CONSUME_CHECK_CONSUMER) timestamp=1282 ms, used_size=8835072 bytes (21.6%)
(RDMA_READ_CONSUME_CHECK_CONSUMER) timestamp=1282 ms, used_size=8833024 bytes (21.6%)
(RDMA_READ_CONSUME_CHECK_CONSUMER) timestamp=1282 ms, used_size=8830976 bytes (21.6%)
(RDMA_READ_CONSUME_CHECK_CONSUMER) timestamp=1282 ms, used_size=8828928 bytes (21.6%)
(RDMA_READ_CONSUME_CHECK_CONSUMER) timestamp=1282 ms, used_size=8826880 bytes (21.6%)
(RDMA_READ_CONSUME_CHECK_CONSUMER) timestamp=1282 ms, used_size=8824832 bytes (21.5%)
(RDMA_READ_CONSUME_CHECK_CONSUMER) timestamp=1282 ms, used_size=8822784 bytes (21.5%)
(RDMA_READ_CONSUME_CHECK_CONSUMER) timestamp=1282 ms, used_size=8820736 bytes (21.5%)
(RDMA_READ_CONSUME_CHECK_CONSUMER) timestamp=1282 ms, used_size=8818688 bytes (21.5%)
(RDMA_READ_CONSUME_CHECK_CONSUMER) timestamp=1282 ms, used_size=8816640 bytes (21.5%)
(RDMA_READ_CONSUME_CHECK_CONSUMER) timestamp=1282 ms, used_size=8814592 bytes (21.5%)
(RDMA_READ_CONSUME_CHECK_CONSUMER) timestamp=1282 ms, used_size=8812544 bytes (21.5%)
(RDMA_READ_CONSUME_CHECK_CONSUMER) timestamp=1282 ms, used_size=8810496 bytes (21.5%)
(RDMA_READ_CONSUME_CHECK_CONSUMER) timestamp=1282 ms, used_size=8808448 bytes (21.5%)
(RDMA_READ_CONSUME_CHECK_CONSUMER) timestamp=1282 ms, used_size=8806400 bytes (21.5%)
(RDMA_READ_CONSUME_CHECK_CONSUMER) timestamp=1282 ms, used_size=8804352 bytes (21.5%)
(RDMA_READ_CONSUME_CHECK_CONSUMER) timestamp=1282 ms, used_size=8802304 bytes (21.5%)
(RDMA_READ_CONSUME_CHECK_CONSUMER) timestamp=1282 ms, used_size=8800256 bytes (21.5%)
(RDMA_READ_CONSUME_CHECK_CONSUMER) timestamp=1282 ms, used_size=8798208 bytes (21.5%)
(RDMA_READ_CONSUME_CHECK_CONSUMER) timestamp=1282 ms, used_size=8796160 bytes (21.5%)
(RDMA_READ_CONSUME_CHECK_CONSUMER) timestamp=1282 ms, used_size=8794112 bytes (21.5%)
(RDMA_READ_CONSUME_CHECK_CONSUMER) timestamp=1282 ms, used_size=8792064 bytes (21.5%)
(RDMA_READ_CONSUME_CHECK_CONSUMER) timestamp=1282 ms, used_size=8790016 bytes (21.5%)
(RDMA_READ_CONSUME_CHECK_CONSUMER) timestamp=1282 ms, used_size=8787968 bytes (21.5%)
(RDMA_READ_CONSUME_CHECK_CONSUMER) timestamp=1282 ms, used_size=8785920 bytes (21.4%)
(RDMA_READ_CONSUME_CHECK_CONSUMER) timestamp=1282 ms, used_size=8783872 bytes (21.4%)
(RDMA_READ_CONSUME_CHECK_CONSUMER) timestamp=1282 ms, used_size=8781824 bytes (21.4%)
(RDMA_READ_CONSUME_CHECK_CONSUMER) timestamp=1282 ms, used_size=8779776 bytes (21.4%)
(RDMA_READ_CONSUME_CHECK_CONSUMER) timestamp=1282 ms, used_size=8777728 bytes (21.4%)
(RDMA_READ_CONSUME_CHECK_CONSUMER) timestamp=1282 ms, used_size=8775680 bytes (21.4%)
(RDMA_READ_CONSUME_CHECK_CONSUMER) timestamp=1282 ms, used_size=8773632 bytes (21.4%)
(RDMA_READ_CONSUME_CHECK_CONSUMER) timestamp=1282 ms, used_size=8771584 bytes (21.4%)
(RDMA_READ_CONSUME_CHECK_CONSUMER) timestamp=1282 ms, used_size=8769536 bytes (21.4%)
(RDMA_READ_CONSUME_CHECK_CONSUMER) timestamp=1282 ms, used_size=8767488 bytes (21.4%)
(RDMA_READ_CONSUME_CHECK_CONSUMER) timestamp=1282 ms, used_size=8765440 bytes (21.4%)
(RDMA_READ_CONSUME_CHECK_CONSUMER) timestamp=1282 ms, used_size=8763392 bytes (21.4%)
(RDMA_READ_CONSUME_CHECK_CONSUMER) timestamp=1282 ms, used_size=8761344 bytes (21.4%)
(RDMA_READ_CONSUME_CHECK_CONSUMER) timestamp=1282 ms, used_size=8759296 bytes (21.4%)
(RDMA_READ_CONSUME_CHECK_CONSUMER) timestamp=1282 ms, used_size=8757248 bytes (21.4%)
(RDMA_READ_CONSUME_CHECK_CONSUMER) timestamp=1282 ms, used_size=8755200 bytes (21.4%)
(RDMA_READ_CONSUME_CHECK_CONSUMER) timestamp=1282 ms, used_size=8753152 bytes (21.4%)
(RDMA_READ_CONSUME_CHECK_CONSUMER) timestamp=1282 ms, used_size=8751104 bytes (21.4%)
(RDMA_READ_CONSUME_CHECK_CONSUMER) timestamp=1282 ms, used_size=8749056 bytes (21.4%)
(RDMA_READ_CONSUME_CHECK_CONSUMER) timestamp=1282 ms, used_size=8747008 bytes (21.4%)
(RDMA_READ_CONSUME_CHECK_CONSUMER) timestamp=1282 ms, used_size=8744960 bytes (21.4%)
(RDMA_READ_CONSUME_CHECK_CONSUMER) timestamp=1282 ms, used_size=8742912 bytes (21.3%)
(RDMA_READ_CONSUME_CHECK_CONSUMER) timestamp=1282 ms, used_size=8740864 bytes (21.3%)
(RDMA_READ_CONSUME_CHECK_CONSUMER) timestamp=1282 ms, used_size=8738816 bytes (21.3%)
(RDMA_READ_CONSUME_CHECK_CONSUMER) timestamp=1282 ms, used_size=8736768 bytes (21.3%)
(RDMA_READ_CONSUME_CHECK_CONSUMER) timestamp=1282 ms, used_size=8734720 bytes (21.3%)
(RDMA_READ_CONSUME_CHECK_CONSUMER) timestamp=1282 ms, used_size=8732672 bytes (21.3%)
(RDMA_READ_CONSUME_CHECK_CONSUMER) timestamp=1282 ms, used_size=8730624 bytes (21.3%)
(RDMA_READ_CONSUME_CHECK_CONSUMER) timestamp=1282 ms, used_size=8728576 bytes (21.3%)
(RDMA_READ_CONSUME_CHECK_CONSUMER) timestamp=1282 ms, used_size=8726528 bytes (21.3%)
(RDMA_READ_CONSUME_CHECK_CONSUMER) timestamp=1282 ms, used_size=8724480 bytes (21.3%)
(RDMA_READ_CONSUME_CHECK_CONSUMER) timestamp=1282 ms, used_size=8722432 bytes (21.3%)
(RDMA_READ_CONSUME_CHECK_CONSUMER) timestamp=1282 ms, used_size=8720384 bytes (21.3%)
(RDMA_READ_CONSUME_CHECK_CONSUMER) timestamp=1282 ms, used_size=8718336 bytes (21.3%)
(RDMA_READ_CONSUME_CHECK_CONSUMER) timestamp=1282 ms, used_size=8716288 bytes (21.3%)
(RDMA_READ_CONSUME_CHECK_CONSUMER) timestamp=1282 ms, used_size=8714240 bytes (21.3%)
(RDMA_READ_CONSUME_CHECK_CONSUMER) timestamp=1282 ms, used_size=8712192 bytes (21.3%)
(RDMA_READ_CONSUME_CHECK_CONSUMER) timestamp=1282 ms, used_size=8710144 bytes (21.3%)
(RDMA_READ_CONSUME_CHECK_CONSUMER) timestamp=1282 ms, used_size=8708096 bytes (21.3%)
(RDMA_READ_CONSUME_CHECK_CONSUMER) timestamp=1282 ms, used_size=8706048 bytes (21.3%)
(RDMA_READ_CONSUME_CHECK_CONSUMER) timestamp=1282 ms, used_size=8704000 bytes (21.2%)
(RDMA_READ_CONSUME_CHECK_CONSUMER) timestamp=1282 ms, used_size=8701952 bytes (21.2%)
(RDMA_READ_CONSUME_CHECK_CONSUMER) timestamp=1282 ms, used_size=8699904 bytes (21.2%)
(RDMA_READ_CONSUME_CHECK_CONSUMER) timestamp=1282 ms, used_size=8697856 bytes (21.2%)
(RDMA_READ_CONSUME_CHECK_CONSUMER) timestamp=1282 ms, used_size=8695808 bytes (21.2%)
(RDMA_READ_CONSUME_CHECK_CONSUMER) timestamp=1282 ms, used_size=8693760 bytes (21.2%)
(RDMA_READ_CONSUME_CHECK_CONSUMER) timestamp=1282 ms, used_size=8691712 bytes (21.2%)
(RDMA_READ_CONSUME_CHECK_CONSUMER) timestamp=1282 ms, used_size=8689664 bytes (21.2%)
(RDMA_READ_CONSUME_CHECK_CONSUMER) timestamp=1282 ms, used_size=8687616 bytes (21.2%)
(RDMA_READ_CONSUME_CHECK_CONSUMER) timestamp=1282 ms, used_size=8685568 bytes (21.2%)
(RDMA_READ_CONSUME_CHECK_CONSUMER) timestamp=1282 ms, used_size=8683520 bytes (21.2%)
(RDMA_READ_CONSUME_CHECK_CONSUMER) timestamp=1282 ms, used_size=8681472 bytes (21.2%)
(RDMA_READ_CONSUME_CHECK_CONSUMER) timestamp=1282 ms, used_size=8679424 bytes (21.2%)
(RDMA_READ_CONSUME_CHECK_CONSUMER) timestamp=1282 ms, used_size=8677376 bytes (21.2%)
(RDMA_READ_CONSUME_CHECK_CONSUMER) timestamp=1282 ms, used_size=8675328 bytes (21.2%)
(RDMA_READ_CONSUME_CHECK_CONSUMER) timestamp=1282 ms, used_size=8673280 bytes (21.2%)
(RDMA_READ_CONSUME_CHECK_CONSUMER) timestamp=1282 ms, used_size=8671232 bytes (21.2%)
(RDMA_READ_CONSUME_CHECK_CONSUMER) timestamp=1282 ms, used_size=8669184 bytes (21.2%)
(RDMA_READ_CONSUME_CHECK_CONSUMER) timestamp=1282 ms, used_size=8667136 bytes (21.2%)
(RDMA_READ_CONSUME_CHECK_CONSUMER) timestamp=1282 ms, used_size=8665088 bytes (21.2%)
(RDMA_READ_CONSUME_CHECK_CONSUMER) timestamp=1282 ms, used_size=8663040 bytes (21.1%)
(RDMA_READ_CONSUME_CHECK_CONSUMER) timestamp=1282 ms, used_size=8660992 bytes (21.1%)
(RDMA_READ_CONSUME_CHECK_CONSUMER) timestamp=1282 ms, used_size=8658944 bytes (21.1%)
(RDMA_READ_CONSUME_CHECK_CONSUMER) timestamp=1282 ms, used_size=8656896 bytes (21.1%)
(RDMA_READ_CONSUME_CHECK_CONSUMER) timestamp=1282 ms, used_size=8654848 bytes (21.1%)
(RDMA_READ_CONSUME_CHECK_CONSUMER) timestamp=1282 ms, used_size=8652800 bytes (21.1%)
(RDMA_READ_CONSUME_CHECK_CONSUMER) timestamp=1282 ms, used_size=8650752 bytes (21.1%)
(RDMA_READ_CONSUME_CHECK_CONSUMER) timestamp=1282 ms, used_size=8648704 bytes (21.1%)
(RDMA_READ_CONSUME_CHECK_CONSUMER) timestamp=1282 ms, used_size=8646656 bytes (21.1%)
(RDMA_READ_CONSUME_CHECK_CONSUMER) timestamp=1282 ms, used_size=8644608 bytes (21.1%)
(RDMA_READ_CONSUME_CHECK_CONSUMER) timestamp=1282 ms, used_size=8642560 bytes (21.1%)
(RDMA_READ_CONSUME_CHECK_CONSUMER) timestamp=1282 ms, used_size=8640512 bytes (21.1%)
(RDMA_READ_CONSUME_CHECK_CONSUMER) timestamp=1282 ms, used_size=8638464 bytes (21.1%)
(RDMA_READ_CONSUME_CHECK_CONSUMER) timestamp=1282 ms, used_size=8636416 bytes (21.1%)
(RDMA_READ_CONSUME_CHECK_CONSUMER) timestamp=1282 ms, used_size=8634368 bytes (21.1%)
(RDMA_READ_CONSUME_CHECK_CONSUMER) timestamp=1282 ms, used_size=8632320 bytes (21.1%)
(RDMA_READ_CONSUME_CHECK_CONSUMER) timestamp=1282 ms, used_size=8630272 bytes (21.1%)
(RDMA_READ_CONSUME_CHECK_CONSUMER) timestamp=1282 ms, used_size=8628224 bytes (21.1%)
(RDMA_READ_CONSUME_CHECK_CONSUMER) timestamp=1282 ms, used_size=8626176 bytes (21.1%)
(RDMA_READ_CONSUME_CHECK_CONSUMER) timestamp=1282 ms, used_size=8624128 bytes (21.1%)
(RDMA_READ_CONSUME_CHECK_CONSUMER) timestamp=1282 ms, used_size=8622080 bytes (21.1%)
(RDMA_READ_CONSUME_CHECK_CONSUMER) timestamp=1282 ms, used_size=8620032 bytes (21.0%)
(RDMA_READ_CONSUME_CHECK_CONSUMER) timestamp=1282 ms, used_size=8617984 bytes (21.0%)
(RDMA_READ_CONSUME_CHECK_CONSUMER) timestamp=1282 ms, used_size=8615936 bytes (21.0%)
(RDMA_READ_CONSUME_CHECK_CONSUMER) timestamp=1282 ms, used_size=8613888 bytes (21.0%)
(RDMA_READ_CONSUME_CHECK_CONSUMER) timestamp=1282 ms, used_size=8611840 bytes (21.0%)
(RDMA_READ_CONSUME_CHECK_CONSUMER) timestamp=1282 ms, used_size=8609792 bytes (21.0%)
(RDMA_READ_CONSUME_CHECK_CONSUMER) timestamp=1282 ms, used_size=8607744 bytes (21.0%)
(RDMA_READ_CONSUME_CHECK_CONSUMER) timestamp=1282 ms, used_size=8605696 bytes (21.0%)
(RDMA_READ_CONSUME_CHECK_CONSUMER) timestamp=1282 ms, used_size=8603648 bytes (21.0%)
(RDMA_READ_CONSUME_CHECK_CONSUMER) timestamp=1282 ms, used_size=8601600 bytes (21.0%)
(RDMA_READ_CONSUME_CHECK_CONSUMER) timestamp=1282 ms, used_size=8599552 bytes (21.0%)
(RDMA_READ_CONSUME_CHECK_CONSUMER) timestamp=1282 ms, used_size=8597504 bytes (21.0%)
(RDMA_READ_CONSUME_CHECK_CONSUMER) timestamp=1282 ms, used_size=8595456 bytes (21.0%)
(RDMA_READ_CONSUME_CHECK_CONSUMER) timestamp=1282 ms, used_size=8593408 bytes (21.0%)
(RDMA_READ_CONSUME_CHECK_CONSUMER) timestamp=1282 ms, used_size=8591360 bytes (21.0%)
(RDMA_READ_CONSUME_CHECK_CONSUMER) timestamp=1282 ms, used_size=8589312 bytes (21.0%)
(RDMA_READ_CONSUME_CHECK_CONSUMER) timestamp=1282 ms, used_size=8587264 bytes (21.0%)
(RDMA_READ_CONSUME_CHECK_CONSUMER) timestamp=1282 ms, used_size=8585216 bytes (21.0%)
(RDMA_READ_CONSUME_CHECK_CONSUMER) timestamp=1282 ms, used_size=8583168 bytes (21.0%)
(RDMA_READ_CONSUME_CHECK_CONSUMER) timestamp=1282 ms, used_size=8581120 bytes (20.9%)
(RDMA_READ_CONSUME_CHECK_CONSUMER) timestamp=1282 ms, used_size=8579072 bytes (20.9%)
(RDMA_READ_CONSUME_CHECK_CONSUMER) timestamp=1282 ms, used_size=8577024 bytes (20.9%)
(RDMA_READ_CONSUME_CHECK_CONSUMER) timestamp=1282 ms, used_size=8574976 bytes (20.9%)
(RDMA_READ_CONSUME_CHECK_CONSUMER) timestamp=1282 ms, used_size=8572928 bytes (20.9%)
(RDMA_READ_CONSUME_CHECK_CONSUMER) timestamp=1282 ms, used_size=8570880 bytes (20.9%)
(RDMA_READ_CONSUME_CHECK_CONSUMER) timestamp=1282 ms, used_size=8568832 bytes (20.9%)
(RDMA_READ_CONSUME_CHECK_CONSUMER) timestamp=1282 ms, used_size=8566784 bytes (20.9%)
(RDMA_READ_CONSUME_CHECK_CONSUMER) timestamp=1282 ms, used_size=8564736 bytes (20.9%)
(RDMA_READ_CONSUME_CHECK_CONSUMER) timestamp=1282 ms, used_size=8562688 bytes (20.9%)
(RDMA_READ_CONSUME_CHECK_CONSUMER) timestamp=1282 ms, used_size=8560640 bytes (20.9%)
(RDMA_READ_CONSUME_CHECK_CONSUMER) timestamp=1282 ms, used_size=8558592 bytes (20.9%)
(RDMA_READ_CONSUME_CHECK_CONSUMER) timestamp=1282 ms, used_size=8556544 bytes (20.9%)
(RDMA_READ_CONSUME_CHECK_CONSUMER) timestamp=1282 ms, used_size=8554496 bytes (20.9%)
(RDMA_READ_CONSUME_CHECK_CONSUMER) timestamp=1282 ms, used_size=8552448 bytes (20.9%)
(RDMA_READ_CONSUME_CHECK_CONSUMER) timestamp=1282 ms, used_size=8550400 bytes (20.9%)
(RDMA_READ_CONSUME_CHECK_CONSUMER) timestamp=1282 ms, used_size=8548352 bytes (20.9%)
(RDMA_READ_CONSUME_CHECK_CONSUMER) timestamp=1282 ms, used_size=8546304 bytes (20.9%)
(RDMA_READ_CONSUME_CHECK_CONSUMER) timestamp=1282 ms, used_size=8544256 bytes (20.9%)
(RDMA_READ_CONSUME_CHECK_CONSUMER) timestamp=1282 ms, used_size=8542208 bytes (20.9%)
(RDMA_READ_CONSUME_CHECK_CONSUMER) timestamp=1282 ms, used_size=8540160 bytes (20.9%)
(RDMA_READ_CONSUME_CHECK_CONSUMER) timestamp=1282 ms, used_size=8538112 bytes (20.8%)
(RDMA_READ_CONSUME_CHECK_CONSUMER) timestamp=1282 ms, used_size=8536064 bytes (20.8%)
(RDMA_READ_CONSUME_CHECK_CONSUMER) timestamp=1282 ms, used_size=8534016 bytes (20.8%)
(RDMA_READ_CONSUME_CHECK_CONSUMER) timestamp=1282 ms, used_size=8531968 bytes (20.8%)
(RDMA_READ_CONSUME_CHECK_CONSUMER) timestamp=1282 ms, used_size=8529920 bytes (20.8%)
(RDMA_READ_CONSUME_CHECK_CONSUMER) timestamp=1282 ms, used_size=8527872 bytes (20.8%)
(RDMA_READ_CONSUME_CHECK_CONSUMER) timestamp=1282 ms, used_size=8525824 bytes (20.8%)
(RDMA_READ_CONSUME_CHECK_CONSUMER) timestamp=1282 ms, used_size=8523776 bytes (20.8%)
(RDMA_READ_CONSUME_CHECK_CONSUMER) timestamp=1282 ms, used_size=8521728 bytes (20.8%)
(RDMA_READ_CONSUME_CHECK_CONSUMER) timestamp=1282 ms, used_size=8519680 bytes (20.8%)
(RDMA_READ_CONSUME_CHECK_CONSUMER) timestamp=1282 ms, used_size=8517632 bytes (20.8%)
(RDMA_READ_CONSUME_CHECK_CONSUMER) timestamp=1282 ms, used_size=8515584 bytes (20.8%)
(RDMA_READ_CONSUME_CHECK_CONSUMER) timestamp=1282 ms, used_size=8513536 bytes (20.8%)
(RDMA_READ_CONSUME_CHECK_CONSUMER) timestamp=1282 ms, used_size=8511488 bytes (20.8%)
(RDMA_READ_CONSUME_CHECK_CONSUMER) timestamp=1283 ms, used_size=8509440 bytes (20.8%)
(RDMA_READ_CONSUME_CHECK_CONSUMER) timestamp=1283 ms, used_size=8507392 bytes (20.8%)
(RDMA_READ_CONSUME_CHECK_CONSUMER) timestamp=1283 ms, used_size=8505344 bytes (20.8%)
(RDMA_READ_CONSUME_CHECK_CONSUMER) timestamp=1283 ms, used_size=8503296 bytes (20.8%)
(RDMA_READ_CONSUME_CHECK_CONSUMER) timestamp=1283 ms, used_size=8501248 bytes (20.8%)
(RDMA_READ_CONSUME_CHECK_CONSUMER) timestamp=1283 ms, used_size=8499200 bytes (20.8%)
(RDMA_READ_CONSUME_CHECK_CONSUMER) timestamp=1283 ms, used_size=8497152 bytes (20.7%)
(RDMA_READ_CONSUME_CHECK_CONSUMER) timestamp=1283 ms, used_size=8495104 bytes (20.7%)
(RDMA_READ_CONSUME_CHECK_CONSUMER) timestamp=1283 ms, used_size=8493056 bytes (20.7%)
(RDMA_READ_CONSUME_CHECK_CONSUMER) timestamp=1283 ms, used_size=8491008 bytes (20.7%)
(RDMA_READ_CONSUME_CHECK_CONSUMER) timestamp=1283 ms, used_size=8488960 bytes (20.7%)
(RDMA_READ_CONSUME_CHECK_CONSUMER) timestamp=1283 ms, used_size=8486912 bytes (20.7%)
(RDMA_READ_CONSUME_CHECK_CONSUMER) timestamp=1283 ms, used_size=8484864 bytes (20.7%)
(RDMA_READ_CONSUME_CHECK_CONSUMER) timestamp=1283 ms, used_size=8482816 bytes (20.7%)
(RDMA_READ_CONSUME_CHECK_CONSUMER) timestamp=1283 ms, used_size=8480768 bytes (20.7%)
(RDMA_READ_CONSUME_CHECK_CONSUMER) timestamp=1283 ms, used_size=8478720 bytes (20.7%)
(RDMA_READ_CONSUME_CHECK_CONSUMER) timestamp=1283 ms, used_size=8476672 bytes (20.7%)
(RDMA_READ_CONSUME_CHECK_CONSUMER) timestamp=1283 ms, used_size=8474624 bytes (20.7%)
(RDMA_READ_CONSUME_CHECK_CONSUMER) timestamp=1283 ms, used_size=8472576 bytes (20.7%)
(RDMA_READ_CONSUME_CHECK_CONSUMER) timestamp=1283 ms, used_size=8470528 bytes (20.7%)
(RDMA_READ_CONSUME_CHECK_CONSUMER) timestamp=1283 ms, used_size=8468480 bytes (20.7%)
(RDMA_READ_CONSUME_CHECK_CONSUMER) timestamp=1283 ms, used_size=8466432 bytes (20.7%)
(RDMA_READ_CONSUME_CHECK_CONSUMER) timestamp=1283 ms, used_size=8464384 bytes (20.7%)
(RDMA_READ_CONSUME_CHECK_CONSUMER) timestamp=1283 ms, used_size=8462336 bytes (20.7%)
(RDMA_READ_CONSUME_CHECK_CONSUMER) timestamp=1283 ms, used_size=8460288 bytes (20.7%)
(RDMA_READ_CONSUME_CHECK_CONSUMER) timestamp=1283 ms, used_size=8458240 bytes (20.6%)
(RDMA_READ_CONSUME_CHECK_CONSUMER) timestamp=1283 ms, used_size=8456192 bytes (20.6%)
(RDMA_READ_CONSUME_CHECK_CONSUMER) timestamp=1283 ms, used_size=8454144 bytes (20.6%)
(RDMA_READ_CONSUME_CHECK_CONSUMER) timestamp=1283 ms, used_size=8452096 bytes (20.6%)
(RDMA_READ_CONSUME_CHECK_CONSUMER) timestamp=1283 ms, used_size=8450048 bytes (20.6%)
(RDMA_READ_CONSUME_CHECK_CONSUMER) timestamp=1283 ms, used_size=8448000 bytes (20.6%)
(RDMA_READ_CONSUME_CHECK_CONSUMER) timestamp=1283 ms, used_size=8445952 bytes (20.6%)
(RDMA_READ_CONSUME_CHECK_CONSUMER) timestamp=1283 ms, used_size=8443904 bytes (20.6%)
(RDMA_READ_CONSUME_CHECK_CONSUMER) timestamp=1283 ms, used_size=8441856 bytes (20.6%)
(RDMA_READ_CONSUME_CHECK_CONSUMER) timestamp=1283 ms, used_size=8439808 bytes (20.6%)
(RDMA_READ_CONSUME_CHECK_CONSUMER) timestamp=1283 ms, used_size=8437760 bytes (20.6%)
(RDMA_READ_CONSUME_CHECK_CONSUMER) timestamp=1283 ms, used_size=8435712 bytes (20.6%)
(RDMA_READ_CONSUME_CHECK_CONSUMER) timestamp=1283 ms, used_size=8433664 bytes (20.6%)
(RDMA_READ_CONSUME_CHECK_CONSUMER) timestamp=1283 ms, used_size=8431616 bytes (20.6%)
(RDMA_READ_CONSUME_CHECK_CONSUMER) timestamp=1283 ms, used_size=8429568 bytes (20.6%)
(RDMA_READ_CONSUME_CHECK_CONSUMER) timestamp=1283 ms, used_size=8427520 bytes (20.6%)
(RDMA_READ_CONSUME_CHECK_CONSUMER) timestamp=1283 ms, used_size=8425472 bytes (20.6%)
(RDMA_READ_CONSUME_CHECK_CONSUMER) timestamp=1283 ms, used_size=8423424 bytes (20.6%)
(RDMA_READ_CONSUME_CHECK_CONSUMER) timestamp=1283 ms, used_size=8421376 bytes (20.6%)
(RDMA_READ_CONSUME_CHECK_CONSUMER) timestamp=1283 ms, used_size=8419328 bytes (20.6%)
(RDMA_READ_CONSUME_CHECK_CONSUMER) timestamp=1283 ms, used_size=8417280 bytes (20.6%)
(RDMA_READ_CONSUME_CHECK_CONSUMER) timestamp=1283 ms, used_size=8415232 bytes (20.5%)
(RDMA_READ_CONSUME_CHECK_CONSUMER) timestamp=1283 ms, used_size=8413184 bytes (20.5%)
(RDMA_READ_CONSUME_CHECK_CONSUMER) timestamp=1283 ms, used_size=8411136 bytes (20.5%)
(RDMA_READ_CONSUME_CHECK_CONSUMER) timestamp=1283 ms, used_size=8409088 bytes (20.5%)
(RDMA_READ_CONSUME_CHECK_CONSUMER) timestamp=1283 ms, used_size=8407040 bytes (20.5%)
(RDMA_READ_CONSUME_CHECK_CONSUMER) timestamp=1283 ms, used_size=8404992 bytes (20.5%)
(RDMA_READ_CONSUME_CHECK_CONSUMER) timestamp=1283 ms, used_size=8402944 bytes (20.5%)
(RDMA_READ_CONSUME_CHECK_CONSUMER) timestamp=1283 ms, used_size=8400896 bytes (20.5%)
(RDMA_READ_CONSUME_CHECK_CONSUMER) timestamp=1283 ms, used_size=8398848 bytes (20.5%)
(RDMA_READ_CONSUME_CHECK_CONSUMER) timestamp=1283 ms, used_size=8396800 bytes (20.5%)
(RDMA_READ_CONSUME_CHECK_CONSUMER) timestamp=1283 ms, used_size=8394752 bytes (20.5%)
(RDMA_READ_CONSUME_CHECK_CONSUMER) timestamp=1283 ms, used_size=8392704 bytes (20.5%)
(RDMA_READ_CONSUME_CHECK_CONSUMER) timestamp=1283 ms, used_size=8390656 bytes (20.5%)
(RDMA_READ_CONSUME_CHECK_CONSUMER) timestamp=1283 ms, used_size=8388608 bytes (20.5%)
(RDMA_READ_CONSUME_CHECK_CONSUMER) timestamp=1283 ms, used_size=8386560 bytes (20.5%)
(RDMA_READ_CONSUME_CHECK_CONSUMER) timestamp=1283 ms, used_size=8384512 bytes (20.5%)
(RDMA_READ_CONSUME_CHECK_CONSUMER) timestamp=1283 ms, used_size=8382464 bytes (20.5%)
(RDMA_READ_CONSUME_CHECK_CONSUMER) timestamp=1283 ms, used_size=8380416 bytes (20.5%)
(RDMA_READ_CONSUME_CHECK_CONSUMER) timestamp=1283 ms, used_size=8378368 bytes (20.5%)
(RDMA_READ_CONSUME_CHECK_CONSUMER) timestamp=1283 ms, used_size=8376320 bytes (20.4%)
(RDMA_READ_CONSUME_CHECK_CONSUMER) timestamp=1283 ms, used_size=8374272 bytes (20.4%)
(RDMA_READ_CONSUME_CHECK_CONSUMER) timestamp=1283 ms, used_size=8372224 bytes (20.4%)
(RDMA_READ_CONSUME_CHECK_CONSUMER) timestamp=1283 ms, used_size=8370176 bytes (20.4%)
(RDMA_READ_CONSUME_CHECK_CONSUMER) timestamp=1283 ms, used_size=8368128 bytes (20.4%)
(RDMA_READ_CONSUME_CHECK_CONSUMER) timestamp=1283 ms, used_size=8366080 bytes (20.4%)
(RDMA_READ_CONSUME_CHECK_CONSUMER) timestamp=1283 ms, used_size=8364032 bytes (20.4%)
(RDMA_READ_CONSUME_CHECK_CONSUMER) timestamp=1283 ms, used_size=8361984 bytes (20.4%)
(RDMA_READ_CONSUME_CHECK_CONSUMER) timestamp=1283 ms, used_size=8359936 bytes (20.4%)
(RDMA_READ_CONSUME_CHECK_CONSUMER) timestamp=1283 ms, used_size=8357888 bytes (20.4%)
(RDMA_READ_CONSUME_CHECK_CONSUMER) timestamp=1283 ms, used_size=8355840 bytes (20.4%)
(RDMA_READ_CONSUME_CHECK_CONSUMER) timestamp=1283 ms, used_size=8353792 bytes (20.4%)
(RDMA_READ_CONSUME_CHECK_CONSUMER) timestamp=1283 ms, used_size=8351744 bytes (20.4%)
(RDMA_READ_CONSUME_CHECK_CONSUMER) timestamp=1283 ms, used_size=8349696 bytes (20.4%)
(RDMA_READ_CONSUME_CHECK_CONSUMER) timestamp=1283 ms, used_size=8347648 bytes (20.4%)
(RDMA_READ_CONSUME_CHECK_CONSUMER) timestamp=1283 ms, used_size=8345600 bytes (20.4%)
(RDMA_READ_CONSUME_CHECK_CONSUMER) timestamp=1283 ms, used_size=8343552 bytes (20.4%)
(RDMA_READ_CONSUME_CHECK_CONSUMER) timestamp=1283 ms, used_size=8341504 bytes (20.4%)
(RDMA_READ_CONSUME_CHECK_CONSUMER) timestamp=1283 ms, used_size=8339456 bytes (20.4%)
(RDMA_READ_CONSUME_CHECK_CONSUMER) timestamp=1283 ms, used_size=8337408 bytes (20.4%)
(RDMA_READ_CONSUME_CHECK_CONSUMER) timestamp=1283 ms, used_size=8335360 bytes (20.4%)
(RDMA_READ_CONSUME_CHECK_CONSUMER) timestamp=1283 ms, used_size=8333312 bytes (20.3%)
(RDMA_READ_CONSUME_CHECK_CONSUMER) timestamp=1283 ms, used_size=8331264 bytes (20.3%)
(RDMA_READ_CONSUME_CHECK_CONSUMER) timestamp=1283 ms, used_size=8329216 bytes (20.3%)
(RDMA_READ_CONSUME_CHECK_CONSUMER) timestamp=1283 ms, used_size=8327168 bytes (20.3%)
(RDMA_READ_CONSUME_CHECK_CONSUMER) timestamp=1283 ms, used_size=8325120 bytes (20.3%)
(RDMA_READ_CONSUME_CHECK_CONSUMER) timestamp=1283 ms, used_size=8323072 bytes (20.3%)
(RDMA_READ_CONSUME_CHECK_CONSUMER) timestamp=1283 ms, used_size=8321024 bytes (20.3%)
(RDMA_READ_CONSUME_CHECK_CONSUMER) timestamp=1283 ms, used_size=8318976 bytes (20.3%)
(RDMA_READ_CONSUME_CHECK_CONSUMER) timestamp=1283 ms, used_size=8316928 bytes (20.3%)
(RDMA_READ_CONSUME_CHECK_CONSUMER) timestamp=1283 ms, used_size=8314880 bytes (20.3%)
(RDMA_READ_CONSUME_CHECK_CONSUMER) timestamp=1283 ms, used_size=8312832 bytes (20.3%)
(RDMA_READ_CONSUME_CHECK_CONSUMER) timestamp=1283 ms, used_size=8310784 bytes (20.3%)
(RDMA_READ_CONSUME_CHECK_CONSUMER) timestamp=1283 ms, used_size=8308736 bytes (20.3%)
(RDMA_READ_CONSUME_CHECK_CONSUMER) timestamp=1283 ms, used_size=8306688 bytes (20.3%)
(RDMA_READ_CONSUME_CHECK_CONSUMER) timestamp=1283 ms, used_size=8304640 bytes (20.3%)
(RDMA_READ_CONSUME_CHECK_CONSUMER) timestamp=1283 ms, used_size=8302592 bytes (20.3%)
(RDMA_READ_CONSUME_CHECK_CONSUMER) timestamp=1283 ms, used_size=8300544 bytes (20.3%)
(RDMA_READ_CONSUME_CHECK_CONSUMER) timestamp=1283 ms, used_size=8298496 bytes (20.3%)
(RDMA_READ_CONSUME_CHECK_CONSUMER) timestamp=1283 ms, used_size=8296448 bytes (20.3%)
(RDMA_READ_CONSUME_CHECK_CONSUMER) timestamp=1283 ms, used_size=8294400 bytes (20.2%)
(RDMA_READ_CONSUME_CHECK_CONSUMER) timestamp=1283 ms, used_size=8292352 bytes (20.2%)
(RDMA_READ_CONSUME_CHECK_CONSUMER) timestamp=1283 ms, used_size=8290304 bytes (20.2%)
(RDMA_READ_CONSUME_CHECK_CONSUMER) timestamp=1283 ms, used_size=8288256 bytes (20.2%)
(RDMA_READ_CONSUME_CHECK_CONSUMER) timestamp=1283 ms, used_size=8286208 bytes (20.2%)
(RDMA_READ_CONSUME_CHECK_CONSUMER) timestamp=1283 ms, used_size=8284160 bytes (20.2%)
(RDMA_READ_CONSUME_CHECK_CONSUMER) timestamp=1283 ms, used_size=8282112 bytes (20.2%)
(RDMA_READ_CONSUME_CHECK_CONSUMER) timestamp=1283 ms, used_size=8280064 bytes (20.2%)
(RDMA_READ_CONSUME_CHECK_CONSUMER) timestamp=1283 ms, used_size=8278016 bytes (20.2%)
(RDMA_READ_CONSUME_CHECK_CONSUMER) timestamp=1283 ms, used_size=8275968 bytes (20.2%)
(RDMA_READ_CONSUME_CHECK_CONSUMER) timestamp=1283 ms, used_size=8273920 bytes (20.2%)
(RDMA_READ_CONSUME_CHECK_CONSUMER) timestamp=1283 ms, used_size=8271872 bytes (20.2%)
(RDMA_READ_CONSUME_CHECK_CONSUMER) timestamp=1283 ms, used_size=8269824 bytes (20.2%)
(RDMA_READ_CONSUME_CHECK_CONSUMER) timestamp=1283 ms, used_size=8267776 bytes (20.2%)
(RDMA_READ_CONSUME_CHECK_CONSUMER) timestamp=1283 ms, used_size=8265728 bytes (20.2%)
(RDMA_READ_CONSUME_CHECK_CONSUMER) timestamp=1283 ms, used_size=8263680 bytes (20.2%)
(RDMA_READ_CONSUME_CHECK_CONSUMER) timestamp=1283 ms, used_size=8261632 bytes (20.2%)
(RDMA_READ_CONSUME_CHECK_CONSUMER) timestamp=1283 ms, used_size=8259584 bytes (20.2%)
(RDMA_READ_CONSUME_CHECK_CONSUMER) timestamp=1283 ms, used_size=8257536 bytes (20.2%)
(RDMA_READ_CONSUME_CHECK_CONSUMER) timestamp=1283 ms, used_size=8255488 bytes (20.2%)
(RDMA_READ_CONSUME_CHECK_CONSUMER) timestamp=1283 ms, used_size=8253440 bytes (20.1%)
(RDMA_READ_CONSUME_CHECK_CONSUMER) timestamp=1283 ms, used_size=8251392 bytes (20.1%)
(RDMA_READ_CONSUME_CHECK_CONSUMER) timestamp=1283 ms, used_size=8249344 bytes (20.1%)
(RDMA_READ_CONSUME_CHECK_CONSUMER) timestamp=1283 ms, used_size=8247296 bytes (20.1%)
(RDMA_READ_CONSUME_CHECK_CONSUMER) timestamp=1283 ms, used_size=8245248 bytes (20.1%)
(RDMA_READ_CONSUME_CHECK_CONSUMER) timestamp=1283 ms, used_size=8243200 bytes (20.1%)
(RDMA_READ_CONSUME_CHECK_CONSUMER) timestamp=1283 ms, used_size=8241152 bytes (20.1%)
(RDMA_READ_CONSUME_CHECK_CONSUMER) timestamp=1283 ms, used_size=8239104 bytes (20.1%)
(RDMA_READ_CONSUME_CHECK_CONSUMER) timestamp=1283 ms, used_size=8237056 bytes (20.1%)
(RDMA_READ_CONSUME_CHECK_CONSUMER) timestamp=1283 ms, used_size=8235008 bytes (20.1%)
(RDMA_READ_CONSUME_CHECK_CONSUMER) timestamp=1283 ms, used_size=8232960 bytes (20.1%)
(RDMA_READ_CONSUME_CHECK_CONSUMER) timestamp=1283 ms, used_size=8230912 bytes (20.1%)
(RDMA_READ_CONSUME_CHECK_CONSUMER) timestamp=1283 ms, used_size=8228864 bytes (20.1%)
(RDMA_READ_CONSUME_CHECK_CONSUMER) timestamp=1283 ms, used_size=8226816 bytes (20.1%)
(RDMA_READ_CONSUME_CHECK_CONSUMER) timestamp=1283 ms, used_size=8224768 bytes (20.1%)
(RDMA_READ_CONSUME_CHECK_CONSUMER) timestamp=1283 ms, used_size=8222720 bytes (20.1%)
(RDMA_READ_CONSUME_CHECK_CONSUMER) timestamp=1283 ms, used_size=8220672 bytes (20.1%)
(RDMA_READ_CONSUME_CHECK_CONSUMER) timestamp=1283 ms, used_size=8218624 bytes (20.1%)
(RDMA_READ_CONSUME_CHECK_CONSUMER) timestamp=1283 ms, used_size=8216576 bytes (20.1%)
(RDMA_READ_CONSUME_CHECK_CONSUMER) timestamp=1283 ms, used_size=8214528 bytes (20.1%)
(RDMA_READ_CONSUME_CHECK_CONSUMER) timestamp=1283 ms, used_size=8212480 bytes (20.1%)
(RDMA_READ_CONSUME_CHECK_CONSUMER) timestamp=1283 ms, used_size=8210432 bytes (20.0%)
(RDMA_READ_CONSUME_CHECK_CONSUMER) timestamp=1283 ms, used_size=8208384 bytes (20.0%)
(RDMA_READ_CONSUME_CHECK_CONSUMER) timestamp=1283 ms, used_size=8206336 bytes (20.0%)
(RDMA_READ_CONSUME_CHECK_CONSUMER) timestamp=1283 ms, used_size=8204288 bytes (20.0%)
(RDMA_READ_CONSUME_CHECK_CONSUMER) timestamp=1283 ms, used_size=8202240 bytes (20.0%)
(RDMA_READ_CONSUME_CHECK_CONSUMER) timestamp=1283 ms, used_size=8200192 bytes (20.0%)
(RDMA_READ_CONSUME_CHECK_CONSUMER) timestamp=1283 ms, used_size=8198144 bytes (20.0%)
(RDMA_READ_CONSUME_CHECK_CONSUMER) timestamp=1283 ms, used_size=8196096 bytes (20.0%)
(RDMA_READ_CONSUME_CHECK_CONSUMER) timestamp=1283 ms, used_size=8194048 bytes (20.0%)
(RDMA_READ_CONSUME_CHECK_CONSUMER) timestamp=1283 ms, used_size=8192000 bytes (20.0%)
(RDMA_READ_CONSUME_CHECK_CONSUMER) timestamp=1283 ms, used_size=8189952 bytes (20.0%)
(RDMA_READ_CONSUME_CHECK_CONSUMER) timestamp=1283 ms, used_size=8187904 bytes (20.0%)
(RDMA_READ_CONSUME_CHECK_CONSUMER) timestamp=1283 ms, used_size=8185856 bytes (20.0%)
(RDMA_READ_CONSUME_CHECK_CONSUMER) timestamp=1283 ms, used_size=8183808 bytes (20.0%)
(RDMA_READ_CONSUME_CHECK_CONSUMER) timestamp=1283 ms, used_size=8181760 bytes (20.0%)
(RDMA_READ_CONSUME_CHECK_CONSUMER) timestamp=1283 ms, used_size=8179712 bytes (20.0%)
(RDMA_READ_CONSUME_CHECK_CONSUMER) timestamp=1283 ms, used_size=8177664 bytes (20.0%)
(RDMA_READ_CONSUME_CHECK_CONSUMER) timestamp=1283 ms, used_size=8175616 bytes (20.0%)
(RDMA_READ_CONSUME_CHECK_CONSUMER) timestamp=1283 ms, used_size=8173568 bytes (20.0%)
(RDMA_READ_CONSUME_CHECK_CONSUMER) timestamp=1283 ms, used_size=8171520 bytes (19.9%)
(RDMA_READ_CONSUME_CHECK_CONSUMER) timestamp=1283 ms, used_size=8169472 bytes (19.9%)
(RDMA_READ_CONSUME_CHECK_CONSUMER) timestamp=1283 ms, used_size=8167424 bytes (19.9%)
(RDMA_READ_CONSUME_CHECK_CONSUMER) timestamp=1283 ms, used_size=8165376 bytes (19.9%)
(RDMA_READ_CONSUME_CHECK_CONSUMER) timestamp=1283 ms, used_size=8163328 bytes (19.9%)
(RDMA_READ_CONSUME_CHECK_CONSUMER) timestamp=1283 ms, used_size=8161280 bytes (19.9%)
(RDMA_READ_CONSUME_CHECK_CONSUMER) timestamp=1283 ms, used_size=8159232 bytes (19.9%)
(RDMA_READ_CONSUME_CHECK_CONSUMER) timestamp=1283 ms, used_size=8157184 bytes (19.9%)
(RDMA_READ_CONSUME_CHECK_CONSUMER) timestamp=1283 ms, used_size=8155136 bytes (19.9%)
(RDMA_READ_CONSUME_CHECK_CONSUMER) timestamp=1283 ms, used_size=8153088 bytes (19.9%)
(RDMA_READ_CONSUME_CHECK_CONSUMER) timestamp=1283 ms, used_size=8151040 bytes (19.9%)
(RDMA_READ_CONSUME_CHECK_CONSUMER) timestamp=1283 ms, used_size=8148992 bytes (19.9%)
(RDMA_READ_CONSUME_CHECK_CONSUMER) timestamp=1283 ms, used_size=8146944 bytes (19.9%)
(RDMA_READ_CONSUME_CHECK_CONSUMER) timestamp=1283 ms, used_size=8144896 bytes (19.9%)
(RDMA_READ_CONSUME_CHECK_CONSUMER) timestamp=1283 ms, used_size=8142848 bytes (19.9%)
(RDMA_READ_CONSUME_CHECK_CONSUMER) timestamp=1283 ms, used_size=8140800 bytes (19.9%)
(RDMA_READ_CONSUME_CHECK_CONSUMER) timestamp=1283 ms, used_size=8138752 bytes (19.9%)
(RDMA_READ_CONSUME_CHECK_CONSUMER) timestamp=1283 ms, used_size=8136704 bytes (19.9%)
(RDMA_READ_CONSUME_CHECK_CONSUMER) timestamp=1283 ms, used_size=8134656 bytes (19.9%)
(RDMA_READ_CONSUME_CHECK_CONSUMER) timestamp=1283 ms, used_size=8132608 bytes (19.9%)
(RDMA_READ_CONSUME_CHECK_CONSUMER) timestamp=1284 ms, used_size=8130560 bytes (19.9%)
(RDMA_READ_CONSUME_CHECK_CONSUMER) timestamp=1284 ms, used_size=8128512 bytes (19.8%)
(RDMA_READ_CONSUME_CHECK_CONSUMER) timestamp=1284 ms, used_size=8126464 bytes (19.8%)
(RDMA_READ_CONSUME_CHECK_CONSUMER) timestamp=1284 ms, used_size=8124416 bytes (19.8%)
(RDMA_READ_CONSUME_CHECK_CONSUMER) timestamp=1284 ms, used_size=8122368 bytes (19.8%)
(RDMA_READ_CONSUME_CHECK_CONSUMER) timestamp=1284 ms, used_size=8120320 bytes (19.8%)
(RDMA_READ_CONSUME_CHECK_CONSUMER) timestamp=1284 ms, used_size=8118272 bytes (19.8%)
(RDMA_READ_CONSUME_CHECK_CONSUMER) timestamp=1284 ms, used_size=8116224 bytes (19.8%)
(RDMA_READ_CONSUME_CHECK_CONSUMER) timestamp=1284 ms, used_size=8114176 bytes (19.8%)
(RDMA_READ_CONSUME_CHECK_CONSUMER) timestamp=1284 ms, used_size=8112128 bytes (19.8%)
(RDMA_READ_CONSUME_CHECK_CONSUMER) timestamp=1284 ms, used_size=8110080 bytes (19.8%)
(RDMA_READ_CONSUME_CHECK_CONSUMER) timestamp=1284 ms, used_size=8108032 bytes (19.8%)
(RDMA_READ_CONSUME_CHECK_CONSUMER) timestamp=1284 ms, used_size=8105984 bytes (19.8%)
(RDMA_READ_CONSUME_CHECK_CONSUMER) timestamp=1284 ms, used_size=8103936 bytes (19.8%)
(RDMA_READ_CONSUME_CHECK_CONSUMER) timestamp=1284 ms, used_size=8101888 bytes (19.8%)
(RDMA_READ_CONSUME_CHECK_CONSUMER) timestamp=1284 ms, used_size=8099840 bytes (19.8%)
(RDMA_READ_CONSUME_CHECK_CONSUMER) timestamp=1284 ms, used_size=8097792 bytes (19.8%)
(RDMA_READ_CONSUME_CHECK_CONSUMER) timestamp=1284 ms, used_size=8095744 bytes (19.8%)
(RDMA_READ_CONSUME_CHECK_CONSUMER) timestamp=1284 ms, used_size=8093696 bytes (19.8%)
(RDMA_READ_CONSUME_CHECK_CONSUMER) timestamp=1284 ms, used_size=8091648 bytes (19.8%)
(RDMA_READ_CONSUME_CHECK_CONSUMER) timestamp=1284 ms, used_size=8089600 bytes (19.8%)
(RDMA_READ_CONSUME_CHECK_CONSUMER) timestamp=1284 ms, used_size=8087552 bytes (19.7%)
(RDMA_READ_CONSUME_CHECK_CONSUMER) timestamp=1284 ms, used_size=8085504 bytes (19.7%)
(RDMA_READ_CONSUME_CHECK_CONSUMER) timestamp=1284 ms, used_size=8083456 bytes (19.7%)
(RDMA_READ_CONSUME_CHECK_CONSUMER) timestamp=1284 ms, used_size=8081408 bytes (19.7%)
(RDMA_READ_CONSUME_CHECK_CONSUMER) timestamp=1284 ms, used_size=8079360 bytes (19.7%)
(RDMA_READ_CONSUME_CHECK_CONSUMER) timestamp=1284 ms, used_size=8077312 bytes (19.7%)
(RDMA_READ_CONSUME_CHECK_CONSUMER) timestamp=1284 ms, used_size=8075264 bytes (19.7%)
(RDMA_READ_CONSUME_CHECK_CONSUMER) timestamp=1284 ms, used_size=8073216 bytes (19.7%)
(RDMA_READ_CONSUME_CHECK_CONSUMER) timestamp=1284 ms, used_size=8071168 bytes (19.7%)
(RDMA_READ_CONSUME_CHECK_CONSUMER) timestamp=1284 ms, used_size=8069120 bytes (19.7%)
(RDMA_READ_CONSUME_CHECK_CONSUMER) timestamp=1284 ms, used_size=8067072 bytes (19.7%)
(RDMA_READ_CONSUME_CHECK_CONSUMER) timestamp=1284 ms, used_size=8065024 bytes (19.7%)
(RDMA_READ_CONSUME_CHECK_CONSUMER) timestamp=1284 ms, used_size=8062976 bytes (19.7%)
(RDMA_READ_CONSUME_CHECK_CONSUMER) timestamp=1284 ms, used_size=8060928 bytes (19.7%)
(RDMA_READ_CONSUME_CHECK_CONSUMER) timestamp=1284 ms, used_size=8058880 bytes (19.7%)
(RDMA_READ_CONSUME_CHECK_CONSUMER) timestamp=1284 ms, used_size=8056832 bytes (19.7%)
(RDMA_READ_CONSUME_CHECK_CONSUMER) timestamp=1284 ms, used_size=8054784 bytes (19.7%)
(RDMA_READ_CONSUME_CHECK_CONSUMER) timestamp=1284 ms, used_size=8052736 bytes (19.7%)
(RDMA_READ_CONSUME_CHECK_CONSUMER) timestamp=1284 ms, used_size=8050688 bytes (19.7%)
(RDMA_READ_CONSUME_CHECK_CONSUMER) timestamp=1284 ms, used_size=8048640 bytes (19.6%)
(RDMA_READ_CONSUME_CHECK_CONSUMER) timestamp=1284 ms, used_size=8046592 bytes (19.6%)
(RDMA_READ_CONSUME_CHECK_CONSUMER) timestamp=1284 ms, used_size=8044544 bytes (19.6%)
(RDMA_READ_CONSUME_CHECK_CONSUMER) timestamp=1284 ms, used_size=8042496 bytes (19.6%)
(RDMA_READ_CONSUME_CHECK_CONSUMER) timestamp=1284 ms, used_size=8040448 bytes (19.6%)
(RDMA_READ_CONSUME_CHECK_CONSUMER) timestamp=1284 ms, used_size=8038400 bytes (19.6%)
(RDMA_READ_CONSUME_CHECK_CONSUMER) timestamp=1284 ms, used_size=8036352 bytes (19.6%)
(RDMA_READ_CONSUME_CHECK_CONSUMER) timestamp=1284 ms, used_size=8034304 bytes (19.6%)
(RDMA_READ_CONSUME_CHECK_CONSUMER) timestamp=1284 ms, used_size=8032256 bytes (19.6%)
(RDMA_READ_CONSUME_CHECK_CONSUMER) timestamp=1284 ms, used_size=8030208 bytes (19.6%)
(RDMA_READ_CONSUME_CHECK_CONSUMER) timestamp=1284 ms, used_size=8028160 bytes (19.6%)
(RDMA_READ_CONSUME_CHECK_CONSUMER) timestamp=1284 ms, used_size=8026112 bytes (19.6%)
(RDMA_READ_CONSUME_CHECK_CONSUMER) timestamp=1284 ms, used_size=8024064 bytes (19.6%)
(RDMA_READ_CONSUME_CHECK_CONSUMER) timestamp=1284 ms, used_size=8022016 bytes (19.6%)
(RDMA_READ_CONSUME_CHECK_CONSUMER) timestamp=1284 ms, used_size=8019968 bytes (19.6%)
(RDMA_READ_CONSUME_CHECK_CONSUMER) timestamp=1284 ms, used_size=8017920 bytes (19.6%)
(RDMA_READ_CONSUME_CHECK_CONSUMER) timestamp=1284 ms, used_size=8015872 bytes (19.6%)
(RDMA_READ_CONSUME_CHECK_CONSUMER) timestamp=1284 ms, used_size=8013824 bytes (19.6%)
(RDMA_READ_CONSUME_CHECK_CONSUMER) timestamp=1284 ms, used_size=8011776 bytes (19.6%)
(RDMA_READ_CONSUME_CHECK_CONSUMER) timestamp=1284 ms, used_size=8009728 bytes (19.6%)
(RDMA_READ_CONSUME_CHECK_CONSUMER) timestamp=1284 ms, used_size=8007680 bytes (19.6%)
(RDMA_READ_CONSUME_CHECK_CONSUMER) timestamp=1284 ms, used_size=8005632 bytes (19.5%)
(RDMA_READ_CONSUME_CHECK_CONSUMER) timestamp=1284 ms, used_size=8003584 bytes (19.5%)
(RDMA_READ_CONSUME_CHECK_CONSUMER) timestamp=1284 ms, used_size=8001536 bytes (19.5%)
(RDMA_READ_CONSUME_CHECK_CONSUMER) timestamp=1284 ms, used_size=7999488 bytes (19.5%)
(RDMA_READ_CONSUME_CHECK_CONSUMER) timestamp=1284 ms, used_size=7997440 bytes (19.5%)
(RDMA_READ_CONSUME_CHECK_CONSUMER) timestamp=1284 ms, used_size=7995392 bytes (19.5%)
(RDMA_READ_CONSUME_CHECK_CONSUMER) timestamp=1284 ms, used_size=7993344 bytes (19.5%)
(RDMA_READ_CONSUME_CHECK_CONSUMER) timestamp=1284 ms, used_size=7991296 bytes (19.5%)
(RDMA_READ_CONSUME_CHECK_CONSUMER) timestamp=1284 ms, used_size=7989248 bytes (19.5%)
(RDMA_READ_CONSUME_CHECK_CONSUMER) timestamp=1284 ms, used_size=7987200 bytes (19.5%)
(RDMA_READ_CONSUME_CHECK_CONSUMER) timestamp=1284 ms, used_size=7985152 bytes (19.5%)
(RDMA_READ_CONSUME_CHECK_CONSUMER) timestamp=1284 ms, used_size=7983104 bytes (19.5%)
(RDMA_READ_CONSUME_CHECK_CONSUMER) timestamp=1284 ms, used_size=7981056 bytes (19.5%)
(RDMA_READ_CONSUME_CHECK_CONSUMER) timestamp=1284 ms, used_size=7979008 bytes (19.5%)
(RDMA_READ_CONSUME_CHECK_CONSUMER) timestamp=1284 ms, used_size=7976960 bytes (19.5%)
(RDMA_READ_CONSUME_CHECK_CONSUMER) timestamp=1284 ms, used_size=7974912 bytes (19.5%)
(RDMA_READ_CONSUME_CHECK_CONSUMER) timestamp=1284 ms, used_size=7972864 bytes (19.5%)
(RDMA_READ_CONSUME_CHECK_CONSUMER) timestamp=1284 ms, used_size=7970816 bytes (19.5%)
(RDMA_READ_CONSUME_CHECK_CONSUMER) timestamp=1284 ms, used_size=7968768 bytes (19.5%)
(RDMA_READ_CONSUME_CHECK_CONSUMER) timestamp=1284 ms, used_size=7966720 bytes (19.4%)
(RDMA_READ_CONSUME_CHECK_CONSUMER) timestamp=1284 ms, used_size=7964672 bytes (19.4%)
(RDMA_READ_CONSUME_CHECK_CONSUMER) timestamp=1284 ms, used_size=7962624 bytes (19.4%)
(RDMA_READ_CONSUME_CHECK_CONSUMER) timestamp=1284 ms, used_size=7960576 bytes (19.4%)
(RDMA_READ_CONSUME_CHECK_CONSUMER) timestamp=1284 ms, used_size=7958528 bytes (19.4%)
(RDMA_READ_CONSUME_CHECK_CONSUMER) timestamp=1284 ms, used_size=7956480 bytes (19.4%)
(RDMA_READ_CONSUME_CHECK_CONSUMER) timestamp=1284 ms, used_size=7954432 bytes (19.4%)
(RDMA_READ_CONSUME_CHECK_CONSUMER) timestamp=1284 ms, used_size=7952384 bytes (19.4%)
(RDMA_READ_CONSUME_CHECK_CONSUMER) timestamp=1284 ms, used_size=7950336 bytes (19.4%)
(RDMA_READ_CONSUME_CHECK_CONSUMER) timestamp=1284 ms, used_size=7948288 bytes (19.4%)
(RDMA_READ_CONSUME_CHECK_CONSUMER) timestamp=1284 ms, used_size=7946240 bytes (19.4%)
(RDMA_READ_CONSUME_CHECK_CONSUMER) timestamp=1284 ms, used_size=7944192 bytes (19.4%)
(RDMA_READ_CONSUME_CHECK_CONSUMER) timestamp=1284 ms, used_size=7942144 bytes (19.4%)
(RDMA_READ_CONSUME_CHECK_CONSUMER) timestamp=1284 ms, used_size=7940096 bytes (19.4%)
(RDMA_READ_CONSUME_CHECK_CONSUMER) timestamp=1284 ms, used_size=7938048 bytes (19.4%)
(RDMA_READ_CONSUME_CHECK_CONSUMER) timestamp=1284 ms, used_size=7936000 bytes (19.4%)
(RDMA_READ_CONSUME_CHECK_CONSUMER) timestamp=1284 ms, used_size=7933952 bytes (19.4%)
(RDMA_READ_CONSUME_CHECK_CONSUMER) timestamp=1284 ms, used_size=7931904 bytes (19.4%)
(RDMA_READ_CONSUME_CHECK_CONSUMER) timestamp=1284 ms, used_size=7929856 bytes (19.4%)
(RDMA_READ_CONSUME_CHECK_CONSUMER) timestamp=1284 ms, used_size=7927808 bytes (19.4%)
(RDMA_READ_CONSUME_CHECK_CONSUMER) timestamp=1284 ms, used_size=7925760 bytes (19.4%)
(RDMA_READ_CONSUME_CHECK_CONSUMER) timestamp=1284 ms, used_size=7923712 bytes (19.3%)
(RDMA_READ_CONSUME_CHECK_CONSUMER) timestamp=1284 ms, used_size=7921664 bytes (19.3%)
(RDMA_READ_CONSUME_CHECK_CONSUMER) timestamp=1284 ms, used_size=7919616 bytes (19.3%)
(RDMA_READ_CONSUME_CHECK_CONSUMER) timestamp=1284 ms, used_size=7917568 bytes (19.3%)
(RDMA_READ_CONSUME_CHECK_CONSUMER) timestamp=1284 ms, used_size=7915520 bytes (19.3%)
(RDMA_READ_CONSUME_CHECK_CONSUMER) timestamp=1284 ms, used_size=7913472 bytes (19.3%)
(RDMA_READ_CONSUME_CHECK_CONSUMER) timestamp=1284 ms, used_size=7911424 bytes (19.3%)
(RDMA_READ_CONSUME_CHECK_CONSUMER) timestamp=1284 ms, used_size=7909376 bytes (19.3%)
(RDMA_READ_CONSUME_CHECK_CONSUMER) timestamp=1284 ms, used_size=7907328 bytes (19.3%)
(RDMA_READ_CONSUME_CHECK_CONSUMER) timestamp=1284 ms, used_size=7905280 bytes (19.3%)
(RDMA_READ_CONSUME_CHECK_CONSUMER) timestamp=1284 ms, used_size=7903232 bytes (19.3%)
(RDMA_READ_CONSUME_CHECK_CONSUMER) timestamp=1284 ms, used_size=7901184 bytes (19.3%)
(RDMA_READ_CONSUME_CHECK_CONSUMER) timestamp=1284 ms, used_size=7899136 bytes (19.3%)
(RDMA_READ_CONSUME_CHECK_CONSUMER) timestamp=1284 ms, used_size=7897088 bytes (19.3%)
(RDMA_READ_CONSUME_CHECK_CONSUMER) timestamp=1284 ms, used_size=7895040 bytes (19.3%)
(RDMA_READ_CONSUME_CHECK_CONSUMER) timestamp=1284 ms, used_size=7892992 bytes (19.3%)
(RDMA_READ_CONSUME_CHECK_CONSUMER) timestamp=1284 ms, used_size=7890944 bytes (19.3%)
(RDMA_READ_CONSUME_CHECK_CONSUMER) timestamp=1284 ms, used_size=7888896 bytes (19.3%)
(RDMA_READ_CONSUME_CHECK_CONSUMER) timestamp=1284 ms, used_size=7886848 bytes (19.3%)
(RDMA_READ_CONSUME_CHECK_CONSUMER) timestamp=1284 ms, used_size=7884800 bytes (19.2%)
(RDMA_READ_CONSUME_CHECK_CONSUMER) timestamp=1284 ms, used_size=7882752 bytes (19.2%)
(RDMA_READ_CONSUME_CHECK_CONSUMER) timestamp=1284 ms, used_size=7880704 bytes (19.2%)
(RDMA_READ_CONSUME_CHECK_CONSUMER) timestamp=1284 ms, used_size=7878656 bytes (19.2%)
(RDMA_READ_CONSUME_CHECK_CONSUMER) timestamp=1284 ms, used_size=7876608 bytes (19.2%)
(RDMA_READ_CONSUME_CHECK_CONSUMER) timestamp=1284 ms, used_size=7874560 bytes (19.2%)
(RDMA_READ_CONSUME_CHECK_CONSUMER) timestamp=1284 ms, used_size=7872512 bytes (19.2%)
(RDMA_READ_CONSUME_CHECK_CONSUMER) timestamp=1284 ms, used_size=7870464 bytes (19.2%)
(RDMA_READ_CONSUME_CHECK_CONSUMER) timestamp=1284 ms, used_size=7868416 bytes (19.2%)
(RDMA_READ_CONSUME_CHECK_CONSUMER) timestamp=1284 ms, used_size=7866368 bytes (19.2%)
(RDMA_READ_CONSUME_CHECK_CONSUMER) timestamp=1284 ms, used_size=7864320 bytes (19.2%)
(RDMA_READ_CONSUME_CHECK_CONSUMER) timestamp=1284 ms, used_size=7862272 bytes (19.2%)
(RDMA_READ_CONSUME_CHECK_CONSUMER) timestamp=1284 ms, used_size=7860224 bytes (19.2%)
(RDMA_READ_CONSUME_CHECK_CONSUMER) timestamp=1284 ms, used_size=7858176 bytes (19.2%)
(RDMA_READ_CONSUME_CHECK_CONSUMER) timestamp=1284 ms, used_size=7856128 bytes (19.2%)
(RDMA_READ_CONSUME_CHECK_CONSUMER) timestamp=1284 ms, used_size=7854080 bytes (19.2%)
(RDMA_READ_CONSUME_CHECK_CONSUMER) timestamp=1284 ms, used_size=7852032 bytes (19.2%)
(RDMA_READ_CONSUME_CHECK_CONSUMER) timestamp=1284 ms, used_size=7849984 bytes (19.2%)
(RDMA_READ_CONSUME_CHECK_CONSUMER) timestamp=1284 ms, used_size=7847936 bytes (19.2%)
(RDMA_READ_CONSUME_CHECK_CONSUMER) timestamp=1284 ms, used_size=7845888 bytes (19.2%)
(RDMA_READ_CONSUME_CHECK_CONSUMER) timestamp=1284 ms, used_size=7843840 bytes (19.1%)
(RDMA_READ_CONSUME_CHECK_CONSUMER) timestamp=1284 ms, used_size=7841792 bytes (19.1%)
(RDMA_READ_CONSUME_CHECK_CONSUMER) timestamp=1284 ms, used_size=7839744 bytes (19.1%)
(RDMA_READ_CONSUME_CHECK_CONSUMER) timestamp=1284 ms, used_size=7837696 bytes (19.1%)
(RDMA_READ_CONSUME_CHECK_CONSUMER) timestamp=1284 ms, used_size=7835648 bytes (19.1%)
(RDMA_READ_CONSUME_CHECK_CONSUMER) timestamp=1284 ms, used_size=7833600 bytes (19.1%)
(RDMA_READ_CONSUME_CHECK_CONSUMER) timestamp=1284 ms, used_size=7831552 bytes (19.1%)
(RDMA_READ_CONSUME_CHECK_CONSUMER) timestamp=1284 ms, used_size=7829504 bytes (19.1%)
(RDMA_READ_CONSUME_CHECK_CONSUMER) timestamp=1284 ms, used_size=7827456 bytes (19.1%)
(RDMA_READ_CONSUME_CHECK_CONSUMER) timestamp=1284 ms, used_size=7825408 bytes (19.1%)
(RDMA_READ_CONSUME_CHECK_CONSUMER) timestamp=1284 ms, used_size=7823360 bytes (19.1%)
(RDMA_READ_CONSUME_CHECK_CONSUMER) timestamp=1284 ms, used_size=7821312 bytes (19.1%)
(RDMA_READ_CONSUME_CHECK_CONSUMER) timestamp=1284 ms, used_size=7819264 bytes (19.1%)
(RDMA_READ_CONSUME_CHECK_CONSUMER) timestamp=1284 ms, used_size=7817216 bytes (19.1%)
(RDMA_READ_CONSUME_CHECK_CONSUMER) timestamp=1284 ms, used_size=7815168 bytes (19.1%)
(RDMA_READ_CONSUME_CHECK_CONSUMER) timestamp=1284 ms, used_size=7813120 bytes (19.1%)
(RDMA_READ_CONSUME_CHECK_CONSUMER) timestamp=1284 ms, used_size=7811072 bytes (19.1%)
(RDMA_READ_CONSUME_CHECK_CONSUMER) timestamp=1284 ms, used_size=7809024 bytes (19.1%)
(RDMA_READ_CONSUME_CHECK_CONSUMER) timestamp=1284 ms, used_size=7806976 bytes (19.1%)
(RDMA_READ_CONSUME_CHECK_CONSUMER) timestamp=1284 ms, used_size=7804928 bytes (19.1%)
(RDMA_READ_CONSUME_CHECK_CONSUMER) timestamp=1284 ms, used_size=7802880 bytes (19.1%)
(RDMA_READ_CONSUME_CHECK_CONSUMER) timestamp=1284 ms, used_size=7800832 bytes (19.0%)
(RDMA_READ_CONSUME_CHECK_CONSUMER) timestamp=1284 ms, used_size=7798784 bytes (19.0%)
(RDMA_READ_CONSUME_CHECK_CONSUMER) timestamp=1284 ms, used_size=7796736 bytes (19.0%)
(RDMA_READ_CONSUME_CHECK_CONSUMER) timestamp=1284 ms, used_size=7794688 bytes (19.0%)
(RDMA_READ_CONSUME_CHECK_CONSUMER) timestamp=1284 ms, used_size=7792640 bytes (19.0%)
(RDMA_READ_CONSUME_CHECK_CONSUMER) timestamp=1284 ms, used_size=7790592 bytes (19.0%)
(RDMA_READ_CONSUME_CHECK_CONSUMER) timestamp=1284 ms, used_size=7788544 bytes (19.0%)
(RDMA_READ_CONSUME_CHECK_CONSUMER) timestamp=1284 ms, used_size=7786496 bytes (19.0%)
(RDMA_READ_CONSUME_CHECK_CONSUMER) timestamp=1284 ms, used_size=7784448 bytes (19.0%)
(RDMA_READ_CONSUME_CHECK_CONSUMER) timestamp=1284 ms, used_size=7782400 bytes (19.0%)
(RDMA_READ_CONSUME_CHECK_CONSUMER) timestamp=1284 ms, used_size=7780352 bytes (19.0%)
(RDMA_READ_CONSUME_CHECK_CONSUMER) timestamp=1284 ms, used_size=7778304 bytes (19.0%)
(RDMA_READ_CONSUME_CHECK_CONSUMER) timestamp=1284 ms, used_size=7776256 bytes (19.0%)
(RDMA_READ_CONSUME_CHECK_CONSUMER) timestamp=1284 ms, used_size=7774208 bytes (19.0%)
(RDMA_READ_CONSUME_CHECK_CONSUMER) timestamp=1284 ms, used_size=7772160 bytes (19.0%)
(RDMA_READ_CONSUME_CHECK_CONSUMER) timestamp=1284 ms, used_size=7770112 bytes (19.0%)
(RDMA_READ_CONSUME_CHECK_CONSUMER) timestamp=1284 ms, used_size=7768064 bytes (19.0%)
(RDMA_READ_CONSUME_CHECK_CONSUMER) timestamp=1284 ms, used_size=7766016 bytes (19.0%)
(RDMA_READ_CONSUME_CHECK_CONSUMER) timestamp=1284 ms, used_size=7763968 bytes (19.0%)
(RDMA_READ_CONSUME_CHECK_CONSUMER) timestamp=1284 ms, used_size=7761920 bytes (18.9%)
(RDMA_READ_CONSUME_CHECK_CONSUMER) timestamp=1284 ms, used_size=7759872 bytes (18.9%)
(RDMA_READ_CONSUME_CHECK_CONSUMER) timestamp=1284 ms, used_size=7757824 bytes (18.9%)
(RDMA_READ_CONSUME_CHECK_CONSUMER) timestamp=1285 ms, used_size=7755776 bytes (18.9%)
(RDMA_READ_CONSUME_CHECK_CONSUMER) timestamp=1285 ms, used_size=7753728 bytes (18.9%)
(RDMA_READ_CONSUME_CHECK_CONSUMER) timestamp=1285 ms, used_size=7751680 bytes (18.9%)
(RDMA_READ_CONSUME_CHECK_CONSUMER) timestamp=1285 ms, used_size=7749632 bytes (18.9%)
(RDMA_READ_CONSUME_CHECK_CONSUMER) timestamp=1285 ms, used_size=7747584 bytes (18.9%)
(RDMA_READ_CONSUME_CHECK_CONSUMER) timestamp=1285 ms, used_size=7745536 bytes (18.9%)
(RDMA_READ_CONSUME_CHECK_CONSUMER) timestamp=1285 ms, used_size=7743488 bytes (18.9%)
(RDMA_READ_CONSUME_CHECK_CONSUMER) timestamp=1285 ms, used_size=7741440 bytes (18.9%)
(RDMA_READ_CONSUME_CHECK_CONSUMER) timestamp=1285 ms, used_size=7739392 bytes (18.9%)
(RDMA_READ_CONSUME_CHECK_CONSUMER) timestamp=1285 ms, used_size=7737344 bytes (18.9%)
(RDMA_READ_CONSUME_CHECK_CONSUMER) timestamp=1285 ms, used_size=7735296 bytes (18.9%)
(RDMA_READ_CONSUME_CHECK_CONSUMER) timestamp=1285 ms, used_size=7733248 bytes (18.9%)
(RDMA_READ_CONSUME_CHECK_CONSUMER) timestamp=1285 ms, used_size=7731200 bytes (18.9%)
(RDMA_READ_CONSUME_CHECK_CONSUMER) timestamp=1285 ms, used_size=7729152 bytes (18.9%)
(RDMA_READ_CONSUME_CHECK_CONSUMER) timestamp=1285 ms, used_size=7727104 bytes (18.9%)
(RDMA_READ_CONSUME_CHECK_CONSUMER) timestamp=1285 ms, used_size=7725056 bytes (18.9%)
(RDMA_READ_CONSUME_CHECK_CONSUMER) timestamp=1285 ms, used_size=7723008 bytes (18.9%)
(RDMA_READ_CONSUME_CHECK_CONSUMER) timestamp=1285 ms, used_size=7720960 bytes (18.9%)
(RDMA_READ_CONSUME_CHECK_CONSUMER) timestamp=1285 ms, used_size=7718912 bytes (18.8%)
(RDMA_READ_CONSUME_CHECK_CONSUMER) timestamp=1285 ms, used_size=7716864 bytes (18.8%)
(RDMA_READ_CONSUME_CHECK_CONSUMER) timestamp=1285 ms, used_size=7714816 bytes (18.8%)
(RDMA_READ_CONSUME_CHECK_CONSUMER) timestamp=1285 ms, used_size=7712768 bytes (18.8%)
(RDMA_READ_CONSUME_CHECK_CONSUMER) timestamp=1285 ms, used_size=7710720 bytes (18.8%)
(RDMA_READ_CONSUME_CHECK_CONSUMER) timestamp=1285 ms, used_size=7708672 bytes (18.8%)
(RDMA_READ_CONSUME_CHECK_CONSUMER) timestamp=1285 ms, used_size=7706624 bytes (18.8%)
(RDMA_READ_CONSUME_CHECK_CONSUMER) timestamp=1285 ms, used_size=7704576 bytes (18.8%)
(RDMA_READ_CONSUME_CHECK_CONSUMER) timestamp=1285 ms, used_size=7702528 bytes (18.8%)
(RDMA_READ_CONSUME_CHECK_CONSUMER) timestamp=1285 ms, used_size=7700480 bytes (18.8%)
(RDMA_READ_CONSUME_CHECK_CONSUMER) timestamp=1285 ms, used_size=7698432 bytes (18.8%)
(RDMA_READ_CONSUME_CHECK_CONSUMER) timestamp=1285 ms, used_size=7696384 bytes (18.8%)
(RDMA_READ_CONSUME_CHECK_CONSUMER) timestamp=1285 ms, used_size=7694336 bytes (18.8%)
(RDMA_READ_CONSUME_CHECK_CONSUMER) timestamp=1285 ms, used_size=7692288 bytes (18.8%)
(RDMA_READ_CONSUME_CHECK_CONSUMER) timestamp=1285 ms, used_size=7690240 bytes (18.8%)
(RDMA_READ_CONSUME_CHECK_CONSUMER) timestamp=1285 ms, used_size=7688192 bytes (18.8%)
(RDMA_READ_CONSUME_CHECK_CONSUMER) timestamp=1285 ms, used_size=7686144 bytes (18.8%)
(RDMA_READ_CONSUME_CHECK_CONSUMER) timestamp=1285 ms, used_size=7684096 bytes (18.8%)
(RDMA_READ_CONSUME_CHECK_CONSUMER) timestamp=1285 ms, used_size=7682048 bytes (18.8%)
(RDMA_READ_CONSUME_CHECK_CONSUMER) timestamp=1285 ms, used_size=7680000 bytes (18.8%)
(RDMA_READ_CONSUME_CHECK_CONSUMER) timestamp=1285 ms, used_size=7677952 bytes (18.7%)
(RDMA_READ_CONSUME_CHECK_CONSUMER) timestamp=1285 ms, used_size=7675904 bytes (18.7%)
(RDMA_READ_CONSUME_CHECK_CONSUMER) timestamp=1285 ms, used_size=7673856 bytes (18.7%)
(RDMA_READ_CONSUME_CHECK_CONSUMER) timestamp=1285 ms, used_size=7671808 bytes (18.7%)
(RDMA_READ_CONSUME_CHECK_CONSUMER) timestamp=1285 ms, used_size=7669760 bytes (18.7%)
(RDMA_READ_CONSUME_CHECK_CONSUMER) timestamp=1285 ms, used_size=7667712 bytes (18.7%)
(RDMA_READ_CONSUME_CHECK_CONSUMER) timestamp=1285 ms, used_size=7665664 bytes (18.7%)
(RDMA_READ_CONSUME_CHECK_CONSUMER) timestamp=1285 ms, used_size=7663616 bytes (18.7%)
(RDMA_READ_CONSUME_CHECK_CONSUMER) timestamp=1285 ms, used_size=7661568 bytes (18.7%)
(RDMA_READ_CONSUME_CHECK_CONSUMER) timestamp=1285 ms, used_size=7659520 bytes (18.7%)
(RDMA_READ_CONSUME_CHECK_CONSUMER) timestamp=1285 ms, used_size=7657472 bytes (18.7%)
(RDMA_READ_CONSUME_CHECK_CONSUMER) timestamp=1285 ms, used_size=7655424 bytes (18.7%)
(RDMA_READ_CONSUME_CHECK_CONSUMER) timestamp=1285 ms, used_size=7653376 bytes (18.7%)
(RDMA_READ_CONSUME_CHECK_CONSUMER) timestamp=1285 ms, used_size=7651328 bytes (18.7%)
(RDMA_READ_CONSUME_CHECK_CONSUMER) timestamp=1285 ms, used_size=7649280 bytes (18.7%)
(RDMA_READ_CONSUME_CHECK_CONSUMER) timestamp=1285 ms, used_size=7647232 bytes (18.7%)
(RDMA_READ_CONSUME_CHECK_CONSUMER) timestamp=1285 ms, used_size=7645184 bytes (18.7%)
(RDMA_READ_CONSUME_CHECK_CONSUMER) timestamp=1285 ms, used_size=7643136 bytes (18.7%)
(RDMA_READ_CONSUME_CHECK_CONSUMER) timestamp=1285 ms, used_size=7641088 bytes (18.7%)
(RDMA_READ_CONSUME_CHECK_CONSUMER) timestamp=1285 ms, used_size=7639040 bytes (18.6%)
(RDMA_READ_CONSUME_CHECK_CONSUMER) timestamp=1285 ms, used_size=7636992 bytes (18.6%)
(RDMA_READ_CONSUME_CHECK_CONSUMER) timestamp=1285 ms, used_size=7634944 bytes (18.6%)
(RDMA_READ_CONSUME_CHECK_CONSUMER) timestamp=1285 ms, used_size=7632896 bytes (18.6%)
(RDMA_READ_CONSUME_CHECK_CONSUMER) timestamp=1285 ms, used_size=7630848 bytes (18.6%)
(RDMA_READ_CONSUME_CHECK_CONSUMER) timestamp=1285 ms, used_size=7628800 bytes (18.6%)
(RDMA_READ_CONSUME_CHECK_CONSUMER) timestamp=1285 ms, used_size=7626752 bytes (18.6%)
(RDMA_READ_CONSUME_CHECK_CONSUMER) timestamp=1285 ms, used_size=7624704 bytes (18.6%)
(RDMA_READ_CONSUME_CHECK_CONSUMER) timestamp=1285 ms, used_size=7622656 bytes (18.6%)
(RDMA_READ_CONSUME_CHECK_CONSUMER) timestamp=1285 ms, used_size=7620608 bytes (18.6%)
(RDMA_READ_CONSUME_CHECK_CONSUMER) timestamp=1285 ms, used_size=7618560 bytes (18.6%)
(RDMA_READ_CONSUME_CHECK_CONSUMER) timestamp=1285 ms, used_size=7616512 bytes (18.6%)
(RDMA_READ_CONSUME_CHECK_CONSUMER) timestamp=1285 ms, used_size=7614464 bytes (18.6%)
(RDMA_READ_CONSUME_CHECK_CONSUMER) timestamp=1285 ms, used_size=7612416 bytes (18.6%)
(RDMA_READ_CONSUME_CHECK_CONSUMER) timestamp=1285 ms, used_size=7610368 bytes (18.6%)
(RDMA_READ_CONSUME_CHECK_CONSUMER) timestamp=1285 ms, used_size=7608320 bytes (18.6%)
(RDMA_READ_CONSUME_CHECK_CONSUMER) timestamp=1285 ms, used_size=7606272 bytes (18.6%)
(RDMA_READ_CONSUME_CHECK_CONSUMER) timestamp=1285 ms, used_size=7604224 bytes (18.6%)
(RDMA_READ_CONSUME_CHECK_CONSUMER) timestamp=1285 ms, used_size=7602176 bytes (18.6%)
(RDMA_READ_CONSUME_CHECK_CONSUMER) timestamp=1285 ms, used_size=7600128 bytes (18.6%)
(RDMA_READ_CONSUME_CHECK_CONSUMER) timestamp=1285 ms, used_size=7598080 bytes (18.6%)
(RDMA_READ_CONSUME_CHECK_CONSUMER) timestamp=1285 ms, used_size=7596032 bytes (18.5%)
(RDMA_READ_CONSUME_CHECK_CONSUMER) timestamp=1285 ms, used_size=7593984 bytes (18.5%)
(RDMA_READ_CONSUME_CHECK_CONSUMER) timestamp=1285 ms, used_size=7591936 bytes (18.5%)
(RDMA_READ_CONSUME_CHECK_CONSUMER) timestamp=1285 ms, used_size=7589888 bytes (18.5%)
(RDMA_READ_CONSUME_CHECK_CONSUMER) timestamp=1285 ms, used_size=7587840 bytes (18.5%)
(RDMA_READ_CONSUME_CHECK_CONSUMER) timestamp=1285 ms, used_size=7585792 bytes (18.5%)
(RDMA_READ_CONSUME_CHECK_CONSUMER) timestamp=1285 ms, used_size=7583744 bytes (18.5%)
(RDMA_READ_CONSUME_CHECK_CONSUMER) timestamp=1285 ms, used_size=7581696 bytes (18.5%)
(RDMA_READ_CONSUME_CHECK_CONSUMER) timestamp=1285 ms, used_size=7579648 bytes (18.5%)
(RDMA_READ_CONSUME_CHECK_CONSUMER) timestamp=1285 ms, used_size=7577600 bytes (18.5%)
(RDMA_READ_CONSUME_CHECK_CONSUMER) timestamp=1285 ms, used_size=7575552 bytes (18.5%)
(RDMA_READ_CONSUME_CHECK_CONSUMER) timestamp=1285 ms, used_size=7573504 bytes (18.5%)
(RDMA_READ_CONSUME_CHECK_CONSUMER) timestamp=1285 ms, used_size=7571456 bytes (18.5%)
(RDMA_READ_CONSUME_CHECK_CONSUMER) timestamp=1285 ms, used_size=7569408 bytes (18.5%)
(RDMA_READ_CONSUME_CHECK_CONSUMER) timestamp=1285 ms, used_size=7567360 bytes (18.5%)
(RDMA_READ_CONSUME_CHECK_CONSUMER) timestamp=1285 ms, used_size=7565312 bytes (18.5%)
(RDMA_READ_CONSUME_CHECK_CONSUMER) timestamp=1285 ms, used_size=7563264 bytes (18.5%)
(RDMA_READ_CONSUME_CHECK_CONSUMER) timestamp=1285 ms, used_size=7561216 bytes (18.5%)
(RDMA_READ_CONSUME_CHECK_CONSUMER) timestamp=1285 ms, used_size=7559168 bytes (18.5%)
(RDMA_READ_CONSUME_CHECK_CONSUMER) timestamp=1285 ms, used_size=7557120 bytes (18.4%)
(RDMA_READ_CONSUME_CHECK_CONSUMER) timestamp=1285 ms, used_size=7555072 bytes (18.4%)
(RDMA_READ_CONSUME_CHECK_CONSUMER) timestamp=1285 ms, used_size=7553024 bytes (18.4%)
(RDMA_READ_CONSUME_CHECK_CONSUMER) timestamp=1285 ms, used_size=7550976 bytes (18.4%)
(RDMA_READ_CONSUME_CHECK_CONSUMER) timestamp=1285 ms, used_size=7548928 bytes (18.4%)
(RDMA_READ_CONSUME_CHECK_CONSUMER) timestamp=1285 ms, used_size=7546880 bytes (18.4%)
(RDMA_READ_CONSUME_CHECK_CONSUMER) timestamp=1285 ms, used_size=7544832 bytes (18.4%)
(RDMA_READ_CONSUME_CHECK_CONSUMER) timestamp=1285 ms, used_size=7542784 bytes (18.4%)
(RDMA_READ_CONSUME_CHECK_CONSUMER) timestamp=1285 ms, used_size=7540736 bytes (18.4%)
(RDMA_READ_CONSUME_CHECK_CONSUMER) timestamp=1285 ms, used_size=7538688 bytes (18.4%)
(RDMA_READ_CONSUME_CHECK_CONSUMER) timestamp=1285 ms, used_size=7536640 bytes (18.4%)
(RDMA_READ_CONSUME_CHECK_CONSUMER) timestamp=1285 ms, used_size=7534592 bytes (18.4%)
(RDMA_READ_CONSUME_CHECK_CONSUMER) timestamp=1285 ms, used_size=7532544 bytes (18.4%)
(RDMA_READ_CONSUME_CHECK_CONSUMER) timestamp=1285 ms, used_size=7530496 bytes (18.4%)
(RDMA_READ_CONSUME_CHECK_CONSUMER) timestamp=1285 ms, used_size=7528448 bytes (18.4%)
(RDMA_READ_CONSUME_CHECK_CONSUMER) timestamp=1285 ms, used_size=7526400 bytes (18.4%)
(RDMA_READ_CONSUME_CHECK_CONSUMER) timestamp=1285 ms, used_size=7524352 bytes (18.4%)
(RDMA_READ_CONSUME_CHECK_CONSUMER) timestamp=1285 ms, used_size=7522304 bytes (18.4%)
(RDMA_READ_CONSUME_CHECK_CONSUMER) timestamp=1285 ms, used_size=7520256 bytes (18.4%)
(RDMA_READ_CONSUME_CHECK_CONSUMER) timestamp=1285 ms, used_size=7518208 bytes (18.4%)
(RDMA_READ_CONSUME_CHECK_CONSUMER) timestamp=1285 ms, used_size=7516160 bytes (18.4%)
(RDMA_READ_CONSUME_CHECK_CONSUMER) timestamp=1285 ms, used_size=7514112 bytes (18.3%)
(RDMA_READ_CONSUME_CHECK_CONSUMER) timestamp=1285 ms, used_size=7512064 bytes (18.3%)
(RDMA_READ_CONSUME_CHECK_CONSUMER) timestamp=1285 ms, used_size=7510016 bytes (18.3%)
(RDMA_READ_CONSUME_CHECK_CONSUMER) timestamp=1285 ms, used_size=7507968 bytes (18.3%)
(RDMA_READ_CONSUME_CHECK_CONSUMER) timestamp=1285 ms, used_size=7505920 bytes (18.3%)
(RDMA_READ_CONSUME_CHECK_CONSUMER) timestamp=1285 ms, used_size=7503872 bytes (18.3%)
(RDMA_READ_CONSUME_CHECK_CONSUMER) timestamp=1285 ms, used_size=7501824 bytes (18.3%)
(RDMA_READ_CONSUME_CHECK_CONSUMER) timestamp=1285 ms, used_size=7499776 bytes (18.3%)
(RDMA_READ_CONSUME_CHECK_CONSUMER) timestamp=1285 ms, used_size=7497728 bytes (18.3%)
(RDMA_READ_CONSUME_CHECK_CONSUMER) timestamp=1285 ms, used_size=7495680 bytes (18.3%)
(RDMA_READ_CONSUME_CHECK_CONSUMER) timestamp=1285 ms, used_size=7493632 bytes (18.3%)
(RDMA_READ_CONSUME_CHECK_CONSUMER) timestamp=1285 ms, used_size=7491584 bytes (18.3%)
(RDMA_READ_CONSUME_CHECK_CONSUMER) timestamp=1285 ms, used_size=7489536 bytes (18.3%)
(RDMA_READ_CONSUME_CHECK_CONSUMER) timestamp=1285 ms, used_size=7487488 bytes (18.3%)
(RDMA_READ_CONSUME_CHECK_CONSUMER) timestamp=1285 ms, used_size=7485440 bytes (18.3%)
(RDMA_READ_CONSUME_CHECK_CONSUMER) timestamp=1285 ms, used_size=7483392 bytes (18.3%)
(RDMA_READ_CONSUME_CHECK_CONSUMER) timestamp=1285 ms, used_size=7481344 bytes (18.3%)
(RDMA_READ_CONSUME_CHECK_CONSUMER) timestamp=1285 ms, used_size=7479296 bytes (18.3%)
(RDMA_READ_CONSUME_CHECK_CONSUMER) timestamp=1285 ms, used_size=7477248 bytes (18.3%)
(RDMA_READ_CONSUME_CHECK_CONSUMER) timestamp=1285 ms, used_size=7475200 bytes (18.2%)
(RDMA_READ_CONSUME_CHECK_CONSUMER) timestamp=1285 ms, used_size=7473152 bytes (18.2%)
(RDMA_READ_CONSUME_CHECK_CONSUMER) timestamp=1285 ms, used_size=7471104 bytes (18.2%)
(RDMA_READ_CONSUME_CHECK_CONSUMER) timestamp=1285 ms, used_size=7469056 bytes (18.2%)
(RDMA_READ_CONSUME_CHECK_CONSUMER) timestamp=1285 ms, used_size=7467008 bytes (18.2%)
(RDMA_READ_CONSUME_CHECK_CONSUMER) timestamp=1285 ms, used_size=7464960 bytes (18.2%)
(RDMA_READ_CONSUME_CHECK_CONSUMER) timestamp=1285 ms, used_size=7462912 bytes (18.2%)
(RDMA_READ_CONSUME_CHECK_CONSUMER) timestamp=1285 ms, used_size=7460864 bytes (18.2%)
(RDMA_READ_CONSUME_CHECK_CONSUMER) timestamp=1285 ms, used_size=7458816 bytes (18.2%)
(RDMA_READ_CONSUME_CHECK_CONSUMER) timestamp=1285 ms, used_size=7456768 bytes (18.2%)
(RDMA_READ_CONSUME_CHECK_CONSUMER) timestamp=1285 ms, used_size=7454720 bytes (18.2%)
(RDMA_READ_CONSUME_CHECK_CONSUMER) timestamp=1285 ms, used_size=7452672 bytes (18.2%)
(RDMA_READ_CONSUME_CHECK_CONSUMER) timestamp=1285 ms, used_size=7450624 bytes (18.2%)
(RDMA_READ_CONSUME_CHECK_CONSUMER) timestamp=1285 ms, used_size=7448576 bytes (18.2%)
(RDMA_READ_CONSUME_CHECK_CONSUMER) timestamp=1285 ms, used_size=7446528 bytes (18.2%)
(RDMA_READ_CONSUME_CHECK_CONSUMER) timestamp=1285 ms, used_size=7444480 bytes (18.2%)
(RDMA_READ_CONSUME_CHECK_CONSUMER) timestamp=1285 ms, used_size=7442432 bytes (18.2%)
(RDMA_READ_CONSUME_CHECK_CONSUMER) timestamp=1285 ms, used_size=7440384 bytes (18.2%)
(RDMA_READ_CONSUME_CHECK_CONSUMER) timestamp=1285 ms, used_size=7438336 bytes (18.2%)
(RDMA_READ_CONSUME_CHECK_CONSUMER) timestamp=1285 ms, used_size=7436288 bytes (18.2%)
(RDMA_READ_CONSUME_CHECK_CONSUMER) timestamp=1285 ms, used_size=7434240 bytes (18.1%)
(RDMA_READ_CONSUME_CHECK_CONSUMER) timestamp=1285 ms, used_size=7432192 bytes (18.1%)
(RDMA_READ_CONSUME_CHECK_CONSUMER) timestamp=1285 ms, used_size=7430144 bytes (18.1%)
(RDMA_READ_CONSUME_CHECK_CONSUMER) timestamp=1285 ms, used_size=7428096 bytes (18.1%)
(RDMA_READ_CONSUME_CHECK_CONSUMER) timestamp=1285 ms, used_size=7426048 bytes (18.1%)
(RDMA_READ_CONSUME_CHECK_CONSUMER) timestamp=1285 ms, used_size=7424000 bytes (18.1%)
(RDMA_READ_CONSUME_CHECK_CONSUMER) timestamp=1285 ms, used_size=7421952 bytes (18.1%)
(RDMA_READ_CONSUME_CHECK_CONSUMER) timestamp=1285 ms, used_size=7419904 bytes (18.1%)
(RDMA_READ_CONSUME_CHECK_CONSUMER) timestamp=1285 ms, used_size=7417856 bytes (18.1%)
(RDMA_READ_CONSUME_CHECK_CONSUMER) timestamp=1285 ms, used_size=7415808 bytes (18.1%)
(RDMA_READ_CONSUME_CHECK_CONSUMER) timestamp=1285 ms, used_size=7413760 bytes (18.1%)
(RDMA_READ_CONSUME_CHECK_CONSUMER) timestamp=1285 ms, used_size=7411712 bytes (18.1%)
(RDMA_READ_CONSUME_CHECK_CONSUMER) timestamp=1285 ms, used_size=7409664 bytes (18.1%)
(RDMA_READ_CONSUME_CHECK_CONSUMER) timestamp=1285 ms, used_size=7407616 bytes (18.1%)
(RDMA_READ_CONSUME_CHECK_CONSUMER) timestamp=1285 ms, used_size=7405568 bytes (18.1%)
(RDMA_READ_CONSUME_CHECK_CONSUMER) timestamp=1285 ms, used_size=7403520 bytes (18.1%)
(RDMA_READ_CONSUME_CHECK_CONSUMER) timestamp=1285 ms, used_size=7401472 bytes (18.1%)
(RDMA_READ_CONSUME_CHECK_CONSUMER) timestamp=1285 ms, used_size=7399424 bytes (18.1%)
(RDMA_READ_CONSUME_CHECK_CONSUMER) timestamp=1285 ms, used_size=7397376 bytes (18.1%)
(RDMA_READ_CONSUME_CHECK_CONSUMER) timestamp=1285 ms, used_size=7395328 bytes (18.1%)
(RDMA_READ_CONSUME_CHECK_CONSUMER) timestamp=1285 ms, used_size=7393280 bytes (18.1%)
(RDMA_READ_CONSUME_CHECK_CONSUMER) timestamp=1286 ms, used_size=7391232 bytes (18.0%)
(RDMA_READ_CONSUME_CHECK_CONSUMER) timestamp=1286 ms, used_size=7389184 bytes (18.0%)
(RDMA_READ_CONSUME_CHECK_CONSUMER) timestamp=1286 ms, used_size=7387136 bytes (18.0%)
(RDMA_READ_CONSUME_CHECK_CONSUMER) timestamp=1286 ms, used_size=7385088 bytes (18.0%)
(RDMA_READ_CONSUME_CHECK_CONSUMER) timestamp=1286 ms, used_size=7383040 bytes (18.0%)
(RDMA_READ_CONSUME_CHECK_CONSUMER) timestamp=1286 ms, used_size=7380992 bytes (18.0%)
(RDMA_READ_CONSUME_CHECK_CONSUMER) timestamp=1286 ms, used_size=7378944 bytes (18.0%)
(RDMA_READ_CONSUME_CHECK_CONSUMER) timestamp=1286 ms, used_size=7376896 bytes (18.0%)
(RDMA_READ_CONSUME_CHECK_CONSUMER) timestamp=1286 ms, used_size=7374848 bytes (18.0%)
(RDMA_READ_CONSUME_CHECK_CONSUMER) timestamp=1286 ms, used_size=7372800 bytes (18.0%)
(RDMA_READ_CONSUME_CHECK_CONSUMER) timestamp=1286 ms, used_size=7370752 bytes (18.0%)
(RDMA_READ_CONSUME_CHECK_CONSUMER) timestamp=1286 ms, used_size=7368704 bytes (18.0%)
(RDMA_READ_CONSUME_CHECK_CONSUMER) timestamp=1286 ms, used_size=7366656 bytes (18.0%)
(RDMA_READ_CONSUME_CHECK_CONSUMER) timestamp=1286 ms, used_size=7364608 bytes (18.0%)
(RDMA_READ_CONSUME_CHECK_CONSUMER) timestamp=1286 ms, used_size=7362560 bytes (18.0%)
(RDMA_READ_CONSUME_CHECK_CONSUMER) timestamp=1286 ms, used_size=7360512 bytes (18.0%)
(RDMA_READ_CONSUME_CHECK_CONSUMER) timestamp=1286 ms, used_size=7358464 bytes (18.0%)
(RDMA_READ_CONSUME_CHECK_CONSUMER) timestamp=1286 ms, used_size=7356416 bytes (18.0%)
(RDMA_READ_CONSUME_CHECK_CONSUMER) timestamp=1286 ms, used_size=7354368 bytes (18.0%)
(RDMA_READ_CONSUME_CHECK_CONSUMER) timestamp=1286 ms, used_size=7352320 bytes (17.9%)
(RDMA_READ_CONSUME_CHECK_CONSUMER) timestamp=1286 ms, used_size=7350272 bytes (17.9%)
(RDMA_READ_CONSUME_CHECK_CONSUMER) timestamp=1286 ms, used_size=7348224 bytes (17.9%)
(RDMA_READ_CONSUME_CHECK_CONSUMER) timestamp=1286 ms, used_size=7346176 bytes (17.9%)
(RDMA_READ_CONSUME_CHECK_CONSUMER) timestamp=1286 ms, used_size=7344128 bytes (17.9%)
(RDMA_READ_CONSUME_CHECK_CONSUMER) timestamp=1286 ms, used_size=7342080 bytes (17.9%)
(RDMA_READ_CONSUME_CHECK_CONSUMER) timestamp=1286 ms, used_size=7340032 bytes (17.9%)
(RDMA_READ_CONSUME_CHECK_CONSUMER) timestamp=1286 ms, used_size=7337984 bytes (17.9%)
(RDMA_READ_CONSUME_CHECK_CONSUMER) timestamp=1286 ms, used_size=7335936 bytes (17.9%)
(RDMA_READ_CONSUME_CHECK_CONSUMER) timestamp=1286 ms, used_size=7333888 bytes (17.9%)
(RDMA_READ_CONSUME_CHECK_CONSUMER) timestamp=1286 ms, used_size=7331840 bytes (17.9%)
(RDMA_READ_CONSUME_CHECK_CONSUMER) timestamp=1286 ms, used_size=7329792 bytes (17.9%)
(RDMA_READ_CONSUME_CHECK_CONSUMER) timestamp=1286 ms, used_size=7327744 bytes (17.9%)
(RDMA_READ_CONSUME_CHECK_CONSUMER) timestamp=1286 ms, used_size=7325696 bytes (17.9%)
(RDMA_READ_CONSUME_CHECK_CONSUMER) timestamp=1286 ms, used_size=7323648 bytes (17.9%)
(RDMA_READ_CONSUME_CHECK_CONSUMER) timestamp=1286 ms, used_size=7321600 bytes (17.9%)
(RDMA_READ_CONSUME_CHECK_CONSUMER) timestamp=1286 ms, used_size=7319552 bytes (17.9%)
(RDMA_READ_CONSUME_CHECK_CONSUMER) timestamp=1286 ms, used_size=7317504 bytes (17.9%)
(RDMA_READ_CONSUME_CHECK_CONSUMER) timestamp=1286 ms, used_size=7315456 bytes (17.9%)
(RDMA_READ_CONSUME_CHECK_CONSUMER) timestamp=1286 ms, used_size=7313408 bytes (17.9%)
(RDMA_READ_CONSUME_CHECK_CONSUMER) timestamp=1286 ms, used_size=7311360 bytes (17.9%)
(RDMA_READ_CONSUME_CHECK_CONSUMER) timestamp=1286 ms, used_size=7309312 bytes (17.8%)
(RDMA_READ_CONSUME_CHECK_CONSUMER) timestamp=1286 ms, used_size=7307264 bytes (17.8%)
(RDMA_READ_CONSUME_CHECK_CONSUMER) timestamp=1286 ms, used_size=7305216 bytes (17.8%)
(RDMA_READ_CONSUME_CHECK_CONSUMER) timestamp=1286 ms, used_size=7303168 bytes (17.8%)
(RDMA_READ_CONSUME_CHECK_CONSUMER) timestamp=1286 ms, used_size=7301120 bytes (17.8%)
(RDMA_READ_CONSUME_CHECK_CONSUMER) timestamp=1286 ms, used_size=7299072 bytes (17.8%)
(RDMA_READ_CONSUME_CHECK_CONSUMER) timestamp=1286 ms, used_size=7297024 bytes (17.8%)
(RDMA_READ_CONSUME_CHECK_CONSUMER) timestamp=1286 ms, used_size=7294976 bytes (17.8%)
(RDMA_READ_CONSUME_CHECK_CONSUMER) timestamp=1286 ms, used_size=7292928 bytes (17.8%)
(RDMA_READ_CONSUME_CHECK_CONSUMER) timestamp=1286 ms, used_size=7290880 bytes (17.8%)
(RDMA_READ_CONSUME_CHECK_CONSUMER) timestamp=1286 ms, used_size=7288832 bytes (17.8%)
(RDMA_READ_CONSUME_CHECK_CONSUMER) timestamp=1286 ms, used_size=7286784 bytes (17.8%)
(RDMA_READ_CONSUME_CHECK_CONSUMER) timestamp=1286 ms, used_size=7284736 bytes (17.8%)
(RDMA_READ_CONSUME_CHECK_CONSUMER) timestamp=1286 ms, used_size=7282688 bytes (17.8%)
(RDMA_READ_CONSUME_CHECK_CONSUMER) timestamp=1286 ms, used_size=7280640 bytes (17.8%)
(RDMA_READ_CONSUME_CHECK_CONSUMER) timestamp=1286 ms, used_size=7278592 bytes (17.8%)
(RDMA_READ_CONSUME_CHECK_CONSUMER) timestamp=1286 ms, used_size=7276544 bytes (17.8%)
(RDMA_READ_CONSUME_CHECK_CONSUMER) timestamp=1286 ms, used_size=7274496 bytes (17.8%)
(RDMA_READ_CONSUME_CHECK_CONSUMER) timestamp=1286 ms, used_size=7272448 bytes (17.8%)
(RDMA_READ_CONSUME_CHECK_CONSUMER) timestamp=1286 ms, used_size=7270400 bytes (17.8%)
(RDMA_READ_CONSUME_CHECK_CONSUMER) timestamp=1286 ms, used_size=7268352 bytes (17.7%)
(RDMA_READ_CONSUME_CHECK_CONSUMER) timestamp=1286 ms, used_size=7266304 bytes (17.7%)
(RDMA_READ_CONSUME_CHECK_CONSUMER) timestamp=1286 ms, used_size=7264256 bytes (17.7%)
(RDMA_READ_CONSUME_CHECK_CONSUMER) timestamp=1286 ms, used_size=7262208 bytes (17.7%)
(RDMA_READ_CONSUME_CHECK_CONSUMER) timestamp=1286 ms, used_size=7260160 bytes (17.7%)
(RDMA_READ_CONSUME_CHECK_CONSUMER) timestamp=1286 ms, used_size=7258112 bytes (17.7%)
(RDMA_READ_CONSUME_CHECK_CONSUMER) timestamp=1286 ms, used_size=7256064 bytes (17.7%)
(RDMA_READ_CONSUME_CHECK_CONSUMER) timestamp=1286 ms, used_size=7254016 bytes (17.7%)
(RDMA_READ_CONSUME_CHECK_CONSUMER) timestamp=1286 ms, used_size=7251968 bytes (17.7%)
(RDMA_READ_CONSUME_CHECK_CONSUMER) timestamp=1286 ms, used_size=7249920 bytes (17.7%)
(RDMA_READ_CONSUME_CHECK_CONSUMER) timestamp=1286 ms, used_size=7247872 bytes (17.7%)
(RDMA_READ_CONSUME_CHECK_CONSUMER) timestamp=1286 ms, used_size=7245824 bytes (17.7%)
(RDMA_READ_CONSUME_CHECK_CONSUMER) timestamp=1286 ms, used_size=7243776 bytes (17.7%)
(RDMA_READ_CONSUME_CHECK_CONSUMER) timestamp=1286 ms, used_size=7241728 bytes (17.7%)
(RDMA_READ_CONSUME_CHECK_CONSUMER) timestamp=1286 ms, used_size=7239680 bytes (17.7%)
(RDMA_READ_CONSUME_CHECK_CONSUMER) timestamp=1286 ms, used_size=7237632 bytes (17.7%)
(RDMA_READ_CONSUME_CHECK_CONSUMER) timestamp=1286 ms, used_size=7235584 bytes (17.7%)
(RDMA_READ_CONSUME_CHECK_CONSUMER) timestamp=1286 ms, used_size=7233536 bytes (17.7%)
(RDMA_READ_CONSUME_CHECK_CONSUMER) timestamp=1286 ms, used_size=7231488 bytes (17.7%)
(RDMA_READ_CONSUME_CHECK_CONSUMER) timestamp=1286 ms, used_size=7229440 bytes (17.6%)
(RDMA_READ_CONSUME_CHECK_CONSUMER) timestamp=1286 ms, used_size=7227392 bytes (17.6%)
(RDMA_READ_CONSUME_CHECK_CONSUMER) timestamp=1286 ms, used_size=7225344 bytes (17.6%)
(RDMA_READ_CONSUME_CHECK_CONSUMER) timestamp=1286 ms, used_size=7223296 bytes (17.6%)
(RDMA_READ_CONSUME_CHECK_CONSUMER) timestamp=1286 ms, used_size=7221248 bytes (17.6%)
(RDMA_READ_CONSUME_CHECK_CONSUMER) timestamp=1286 ms, used_size=7219200 bytes (17.6%)
(RDMA_READ_CONSUME_CHECK_CONSUMER) timestamp=1286 ms, used_size=7217152 bytes (17.6%)
(RDMA_READ_CONSUME_CHECK_CONSUMER) timestamp=1286 ms, used_size=7215104 bytes (17.6%)
(RDMA_READ_CONSUME_CHECK_CONSUMER) timestamp=1286 ms, used_size=7213056 bytes (17.6%)
(RDMA_READ_CONSUME_CHECK_CONSUMER) timestamp=1286 ms, used_size=7211008 bytes (17.6%)
(RDMA_READ_CONSUME_CHECK_CONSUMER) timestamp=1286 ms, used_size=7208960 bytes (17.6%)
(RDMA_READ_CONSUME_CHECK_CONSUMER) timestamp=1286 ms, used_size=7206912 bytes (17.6%)
(RDMA_READ_CONSUME_CHECK_CONSUMER) timestamp=1286 ms, used_size=7204864 bytes (17.6%)
(RDMA_READ_CONSUME_CHECK_CONSUMER) timestamp=1286 ms, used_size=7202816 bytes (17.6%)
(RDMA_READ_CONSUME_CHECK_CONSUMER) timestamp=1286 ms, used_size=7200768 bytes (17.6%)
(RDMA_READ_CONSUME_CHECK_CONSUMER) timestamp=1286 ms, used_size=7198720 bytes (17.6%)
(RDMA_READ_CONSUME_CHECK_CONSUMER) timestamp=1286 ms, used_size=7196672 bytes (17.6%)
(RDMA_READ_CONSUME_CHECK_CONSUMER) timestamp=1286 ms, used_size=7194624 bytes (17.6%)
(RDMA_READ_CONSUME_CHECK_CONSUMER) timestamp=1286 ms, used_size=7192576 bytes (17.6%)
(RDMA_READ_CONSUME_CHECK_CONSUMER) timestamp=1286 ms, used_size=7190528 bytes (17.6%)
(RDMA_READ_CONSUME_CHECK_CONSUMER) timestamp=1286 ms, used_size=7188480 bytes (17.6%)
(RDMA_READ_CONSUME_CHECK_CONSUMER) timestamp=1286 ms, used_size=7186432 bytes (17.5%)
(RDMA_READ_CONSUME_CHECK_CONSUMER) timestamp=1286 ms, used_size=7184384 bytes (17.5%)
(RDMA_READ_CONSUME_CHECK_CONSUMER) timestamp=1286 ms, used_size=7182336 bytes (17.5%)
(RDMA_READ_CONSUME_CHECK_CONSUMER) timestamp=1286 ms, used_size=7180288 bytes (17.5%)
(RDMA_READ_CONSUME_CHECK_CONSUMER) timestamp=1286 ms, used_size=7178240 bytes (17.5%)
(RDMA_READ_CONSUME_CHECK_CONSUMER) timestamp=1286 ms, used_size=7176192 bytes (17.5%)
(RDMA_READ_CONSUME_CHECK_CONSUMER) timestamp=1286 ms, used_size=7174144 bytes (17.5%)
(RDMA_READ_CONSUME_CHECK_CONSUMER) timestamp=1286 ms, used_size=7172096 bytes (17.5%)
(RDMA_READ_CONSUME_CHECK_CONSUMER) timestamp=1286 ms, used_size=7170048 bytes (17.5%)
(RDMA_READ_CONSUME_CHECK_CONSUMER) timestamp=1286 ms, used_size=7168000 bytes (17.5%)
(RDMA_READ_CONSUME_CHECK_CONSUMER) timestamp=1286 ms, used_size=7165952 bytes (17.5%)
(RDMA_READ_CONSUME_CHECK_CONSUMER) timestamp=1286 ms, used_size=7163904 bytes (17.5%)
(RDMA_READ_CONSUME_CHECK_CONSUMER) timestamp=1286 ms, used_size=7161856 bytes (17.5%)
(RDMA_READ_CONSUME_CHECK_CONSUMER) timestamp=1286 ms, used_size=7159808 bytes (17.5%)
(RDMA_READ_CONSUME_CHECK_CONSUMER) timestamp=1286 ms, used_size=7157760 bytes (17.5%)
(RDMA_READ_CONSUME_CHECK_CONSUMER) timestamp=1286 ms, used_size=7155712 bytes (17.5%)
(RDMA_READ_CONSUME_CHECK_CONSUMER) timestamp=1286 ms, used_size=7153664 bytes (17.5%)
(RDMA_READ_CONSUME_CHECK_CONSUMER) timestamp=1286 ms, used_size=7151616 bytes (17.5%)
(RDMA_READ_CONSUME_CHECK_CONSUMER) timestamp=1286 ms, used_size=7149568 bytes (17.5%)
(RDMA_READ_CONSUME_CHECK_CONSUMER) timestamp=1286 ms, used_size=7147520 bytes (17.4%)
(RDMA_READ_CONSUME_CHECK_CONSUMER) timestamp=1286 ms, used_size=7145472 bytes (17.4%)
(RDMA_READ_CONSUME_CHECK_CONSUMER) timestamp=1286 ms, used_size=7143424 bytes (17.4%)
(RDMA_READ_CONSUME_CHECK_CONSUMER) timestamp=1286 ms, used_size=7141376 bytes (17.4%)
(RDMA_READ_CONSUME_CHECK_CONSUMER) timestamp=1286 ms, used_size=7139328 bytes (17.4%)
(RDMA_READ_CONSUME_CHECK_CONSUMER) timestamp=1286 ms, used_size=7137280 bytes (17.4%)
(RDMA_READ_CONSUME_CHECK_CONSUMER) timestamp=1286 ms, used_size=7135232 bytes (17.4%)
(RDMA_READ_CONSUME_CHECK_CONSUMER) timestamp=1286 ms, used_size=7133184 bytes (17.4%)
(RDMA_READ_CONSUME_CHECK_CONSUMER) timestamp=1286 ms, used_size=7131136 bytes (17.4%)
(RDMA_READ_CONSUME_CHECK_CONSUMER) timestamp=1286 ms, used_size=7129088 bytes (17.4%)
(RDMA_READ_CONSUME_CHECK_CONSUMER) timestamp=1286 ms, used_size=7127040 bytes (17.4%)
(RDMA_READ_CONSUME_CHECK_CONSUMER) timestamp=1286 ms, used_size=7124992 bytes (17.4%)
(RDMA_READ_CONSUME_CHECK_CONSUMER) timestamp=1286 ms, used_size=7122944 bytes (17.4%)
(RDMA_READ_CONSUME_CHECK_CONSUMER) timestamp=1286 ms, used_size=7120896 bytes (17.4%)
(RDMA_READ_CONSUME_CHECK_CONSUMER) timestamp=1286 ms, used_size=7118848 bytes (17.4%)
(RDMA_READ_CONSUME_CHECK_CONSUMER) timestamp=1286 ms, used_size=7116800 bytes (17.4%)
(RDMA_READ_CONSUME_CHECK_CONSUMER) timestamp=1286 ms, used_size=7114752 bytes (17.4%)
(RDMA_READ_CONSUME_CHECK_CONSUMER) timestamp=1286 ms, used_size=7112704 bytes (17.4%)
(RDMA_READ_CONSUME_CHECK_CONSUMER) timestamp=1286 ms, used_size=7110656 bytes (17.4%)
(RDMA_READ_CONSUME_CHECK_CONSUMER) timestamp=1286 ms, used_size=7108608 bytes (17.4%)
(RDMA_READ_CONSUME_CHECK_CONSUMER) timestamp=1286 ms, used_size=7106560 bytes (17.4%)
(RDMA_READ_CONSUME_CHECK_CONSUMER) timestamp=1286 ms, used_size=7104512 bytes (17.3%)
(RDMA_READ_CONSUME_CHECK_CONSUMER) timestamp=1286 ms, used_size=7102464 bytes (17.3%)
(RDMA_READ_CONSUME_CHECK_CONSUMER) timestamp=1286 ms, used_size=7100416 bytes (17.3%)
(RDMA_READ_CONSUME_CHECK_CONSUMER) timestamp=1286 ms, used_size=7098368 bytes (17.3%)
(RDMA_READ_CONSUME_CHECK_CONSUMER) timestamp=1286 ms, used_size=7096320 bytes (17.3%)
(RDMA_READ_CONSUME_CHECK_CONSUMER) timestamp=1286 ms, used_size=7094272 bytes (17.3%)
(RDMA_READ_CONSUME_CHECK_CONSUMER) timestamp=1286 ms, used_size=7092224 bytes (17.3%)
(RDMA_READ_CONSUME_CHECK_CONSUMER) timestamp=1286 ms, used_size=7090176 bytes (17.3%)
(RDMA_READ_CONSUME_CHECK_CONSUMER) timestamp=1286 ms, used_size=7088128 bytes (17.3%)
(RDMA_READ_CONSUME_CHECK_CONSUMER) timestamp=1286 ms, used_size=7086080 bytes (17.3%)
(RDMA_READ_CONSUME_CHECK_CONSUMER) timestamp=1286 ms, used_size=7084032 bytes (17.3%)
(RDMA_READ_CONSUME_CHECK_CONSUMER) timestamp=1286 ms, used_size=7081984 bytes (17.3%)
(RDMA_READ_CONSUME_CHECK_CONSUMER) timestamp=1286 ms, used_size=7079936 bytes (17.3%)
(RDMA_READ_CONSUME_CHECK_CONSUMER) timestamp=1286 ms, used_size=7077888 bytes (17.3%)
(RDMA_READ_CONSUME_CHECK_CONSUMER) timestamp=1286 ms, used_size=7075840 bytes (17.3%)
(RDMA_READ_CONSUME_CHECK_CONSUMER) timestamp=1286 ms, used_size=7073792 bytes (17.3%)
(RDMA_READ_CONSUME_CHECK_CONSUMER) timestamp=1286 ms, used_size=7071744 bytes (17.3%)
(RDMA_READ_CONSUME_CHECK_CONSUMER) timestamp=1286 ms, used_size=7069696 bytes (17.3%)
(RDMA_READ_CONSUME_CHECK_CONSUMER) timestamp=1286 ms, used_size=7067648 bytes (17.3%)
(RDMA_READ_CONSUME_CHECK_CONSUMER) timestamp=1286 ms, used_size=7065600 bytes (17.2%)
(RDMA_READ_CONSUME_CHECK_CONSUMER) timestamp=1286 ms, used_size=7063552 bytes (17.2%)
(RDMA_READ_CONSUME_CHECK_CONSUMER) timestamp=1286 ms, used_size=7061504 bytes (17.2%)
(RDMA_READ_CONSUME_CHECK_CONSUMER) timestamp=1286 ms, used_size=7059456 bytes (17.2%)
(RDMA_READ_CONSUME_CHECK_CONSUMER) timestamp=1286 ms, used_size=7057408 bytes (17.2%)
(RDMA_READ_CONSUME_CHECK_CONSUMER) timestamp=1286 ms, used_size=7055360 bytes (17.2%)
(RDMA_READ_CONSUME_CHECK_CONSUMER) timestamp=1286 ms, used_size=7053312 bytes (17.2%)
(RDMA_READ_CONSUME_CHECK_CONSUMER) timestamp=1286 ms, used_size=7051264 bytes (17.2%)
(RDMA_READ_CONSUME_CHECK_CONSUMER) timestamp=1286 ms, used_size=7049216 bytes (17.2%)
(RDMA_READ_CONSUME_CHECK_CONSUMER) timestamp=1286 ms, used_size=7047168 bytes (17.2%)
(RDMA_READ_CONSUME_CHECK_CONSUMER) timestamp=1286 ms, used_size=7045120 bytes (17.2%)
(RDMA_READ_CONSUME_CHECK_CONSUMER) timestamp=1286 ms, used_size=7043072 bytes (17.2%)
(RDMA_READ_CONSUME_CHECK_CONSUMER) timestamp=1286 ms, used_size=7041024 bytes (17.2%)
(RDMA_READ_CONSUME_CHECK_CONSUMER) timestamp=1286 ms, used_size=7038976 bytes (17.2%)
(RDMA_READ_CONSUME_CHECK_CONSUMER) timestamp=1286 ms, used_size=7036928 bytes (17.2%)
(RDMA_READ_CONSUME_CHECK_CONSUMER) timestamp=1286 ms, used_size=7034880 bytes (17.2%)
(RDMA_READ_CONSUME_CHECK_CONSUMER) timestamp=1286 ms, used_size=7032832 bytes (17.2%)
(RDMA_READ_CONSUME_CHECK_CONSUMER) timestamp=1286 ms, used_size=7030784 bytes (17.2%)
(RDMA_READ_CONSUME_CHECK_CONSUMER) timestamp=1286 ms, used_size=7028736 bytes (17.2%)
(RDMA_READ_CONSUME_CHECK_CONSUMER) timestamp=1286 ms, used_size=7026688 bytes (17.2%)
(RDMA_READ_CONSUME_CHECK_CONSUMER) timestamp=1286 ms, used_size=7024640 bytes (17.1%)
(RDMA_READ_CONSUME_CHECK_CONSUMER) timestamp=1286 ms, used_size=7022592 bytes (17.1%)
(RDMA_READ_CONSUME_CHECK_CONSUMER) timestamp=1286 ms, used_size=7020544 bytes (17.1%)
(RDMA_READ_CONSUME_CHECK_CONSUMER) timestamp=1286 ms, used_size=7018496 bytes (17.1%)
(RDMA_READ_CONSUME_CHECK_CONSUMER) timestamp=1287 ms, used_size=7016448 bytes (17.1%)
(RDMA_READ_CONSUME_CHECK_CONSUMER) timestamp=1287 ms, used_size=7014400 bytes (17.1%)
(RDMA_READ_CONSUME_CHECK_CONSUMER) timestamp=1287 ms, used_size=7012352 bytes (17.1%)
(RDMA_READ_CONSUME_CHECK_CONSUMER) timestamp=1287 ms, used_size=7010304 bytes (17.1%)
(RDMA_READ_CONSUME_CHECK_CONSUMER) timestamp=1287 ms, used_size=7008256 bytes (17.1%)
(RDMA_READ_CONSUME_CHECK_CONSUMER) timestamp=1287 ms, used_size=7006208 bytes (17.1%)
(RDMA_READ_CONSUME_CHECK_CONSUMER) timestamp=1287 ms, used_size=7004160 bytes (17.1%)
(RDMA_READ_CONSUME_CHECK_CONSUMER) timestamp=1287 ms, used_size=7002112 bytes (17.1%)
(RDMA_READ_CONSUME_CHECK_CONSUMER) timestamp=1287 ms, used_size=7000064 bytes (17.1%)
(RDMA_READ_CONSUME_CHECK_CONSUMER) timestamp=1287 ms, used_size=6998016 bytes (17.1%)
(RDMA_READ_CONSUME_CHECK_CONSUMER) timestamp=1287 ms, used_size=6995968 bytes (17.1%)
(RDMA_READ_CONSUME_CHECK_CONSUMER) timestamp=1287 ms, used_size=6993920 bytes (17.1%)
(RDMA_READ_CONSUME_CHECK_CONSUMER) timestamp=1287 ms, used_size=6991872 bytes (17.1%)
(RDMA_READ_CONSUME_CHECK_CONSUMER) timestamp=1287 ms, used_size=6989824 bytes (17.1%)
(RDMA_READ_CONSUME_CHECK_CONSUMER) timestamp=1287 ms, used_size=6987776 bytes (17.1%)
(RDMA_READ_CONSUME_CHECK_CONSUMER) timestamp=1287 ms, used_size=6985728 bytes (17.1%)
(RDMA_READ_CONSUME_CHECK_CONSUMER) timestamp=1287 ms, used_size=6983680 bytes (17.1%)
(RDMA_READ_CONSUME_CHECK_CONSUMER) timestamp=1287 ms, used_size=6981632 bytes (17.0%)
(RDMA_READ_CONSUME_CHECK_CONSUMER) timestamp=1287 ms, used_size=6979584 bytes (17.0%)
(RDMA_READ_CONSUME_CHECK_CONSUMER) timestamp=1287 ms, used_size=6977536 bytes (17.0%)
(RDMA_READ_CONSUME_CHECK_CONSUMER) timestamp=1287 ms, used_size=6975488 bytes (17.0%)
(RDMA_READ_CONSUME_CHECK_CONSUMER) timestamp=1287 ms, used_size=6973440 bytes (17.0%)
(RDMA_READ_CONSUME_CHECK_CONSUMER) timestamp=1287 ms, used_size=6971392 bytes (17.0%)
(RDMA_READ_CONSUME_CHECK_CONSUMER) timestamp=1287 ms, used_size=6969344 bytes (17.0%)
(RDMA_READ_CONSUME_CHECK_CONSUMER) timestamp=1287 ms, used_size=6967296 bytes (17.0%)
(RDMA_READ_CONSUME_CHECK_CONSUMER) timestamp=1287 ms, used_size=6965248 bytes (17.0%)
(RDMA_READ_CONSUME_CHECK_CONSUMER) timestamp=1287 ms, used_size=6963200 bytes (17.0%)
(RDMA_READ_CONSUME_CHECK_CONSUMER) timestamp=1287 ms, used_size=6961152 bytes (17.0%)
(RDMA_READ_CONSUME_CHECK_CONSUMER) timestamp=1287 ms, used_size=6959104 bytes (17.0%)
(RDMA_READ_CONSUME_CHECK_CONSUMER) timestamp=1287 ms, used_size=6957056 bytes (17.0%)
(RDMA_READ_CONSUME_CHECK_CONSUMER) timestamp=1287 ms, used_size=6955008 bytes (17.0%)
(RDMA_READ_CONSUME_CHECK_CONSUMER) timestamp=1287 ms, used_size=6952960 bytes (17.0%)
(RDMA_READ_CONSUME_CHECK_CONSUMER) timestamp=1287 ms, used_size=6950912 bytes (17.0%)
(RDMA_READ_CONSUME_CHECK_CONSUMER) timestamp=1287 ms, used_size=6948864 bytes (17.0%)
(RDMA_READ_CONSUME_CHECK_CONSUMER) timestamp=1287 ms, used_size=6946816 bytes (17.0%)
(RDMA_READ_CONSUME_CHECK_CONSUMER) timestamp=1287 ms, used_size=6944768 bytes (17.0%)
(RDMA_READ_CONSUME_CHECK_CONSUMER) timestamp=1287 ms, used_size=6942720 bytes (16.9%)
(RDMA_READ_CONSUME_CHECK_CONSUMER) timestamp=1287 ms, used_size=6940672 bytes (16.9%)
(RDMA_READ_CONSUME_CHECK_CONSUMER) timestamp=1287 ms, used_size=6938624 bytes (16.9%)
(RDMA_READ_CONSUME_CHECK_CONSUMER) timestamp=1287 ms, used_size=6936576 bytes (16.9%)
(RDMA_READ_CONSUME_CHECK_CONSUMER) timestamp=1287 ms, used_size=6934528 bytes (16.9%)
(RDMA_READ_CONSUME_CHECK_CONSUMER) timestamp=1287 ms, used_size=6932480 bytes (16.9%)
(RDMA_READ_CONSUME_CHECK_CONSUMER) timestamp=1287 ms, used_size=6930432 bytes (16.9%)
(RDMA_READ_CONSUME_CHECK_CONSUMER) timestamp=1287 ms, used_size=6928384 bytes (16.9%)
(RDMA_READ_CONSUME_CHECK_CONSUMER) timestamp=1287 ms, used_size=6926336 bytes (16.9%)
(RDMA_READ_CONSUME_CHECK_CONSUMER) timestamp=1287 ms, used_size=6924288 bytes (16.9%)
(RDMA_READ_CONSUME_CHECK_CONSUMER) timestamp=1287 ms, used_size=6922240 bytes (16.9%)
(RDMA_READ_CONSUME_CHECK_CONSUMER) timestamp=1287 ms, used_size=6920192 bytes (16.9%)
(RDMA_READ_CONSUME_CHECK_CONSUMER) timestamp=1287 ms, used_size=6918144 bytes (16.9%)
(RDMA_READ_CONSUME_CHECK_CONSUMER) timestamp=1287 ms, used_size=6916096 bytes (16.9%)
(RDMA_READ_CONSUME_CHECK_CONSUMER) timestamp=1287 ms, used_size=6914048 bytes (16.9%)
(RDMA_READ_CONSUME_CHECK_CONSUMER) timestamp=1287 ms, used_size=6912000 bytes (16.9%)
(RDMA_READ_CONSUME_CHECK_CONSUMER) timestamp=1287 ms, used_size=6909952 bytes (16.9%)
(RDMA_READ_CONSUME_CHECK_CONSUMER) timestamp=1287 ms, used_size=6907904 bytes (16.9%)
(RDMA_READ_CONSUME_CHECK_CONSUMER) timestamp=1287 ms, used_size=6905856 bytes (16.9%)
(RDMA_READ_CONSUME_CHECK_CONSUMER) timestamp=1287 ms, used_size=6903808 bytes (16.9%)
(RDMA_READ_CONSUME_CHECK_CONSUMER) timestamp=1287 ms, used_size=6901760 bytes (16.9%)
(RDMA_READ_CONSUME_CHECK_CONSUMER) timestamp=1287 ms, used_size=6899712 bytes (16.8%)
(RDMA_READ_CONSUME_CHECK_CONSUMER) timestamp=1287 ms, used_size=6897664 bytes (16.8%)
(RDMA_READ_CONSUME_CHECK_CONSUMER) timestamp=1287 ms, used_size=6895616 bytes (16.8%)
(RDMA_READ_CONSUME_CHECK_CONSUMER) timestamp=1287 ms, used_size=6893568 bytes (16.8%)
(RDMA_READ_CONSUME_CHECK_CONSUMER) timestamp=1287 ms, used_size=6891520 bytes (16.8%)
(RDMA_READ_CONSUME_CHECK_CONSUMER) timestamp=1287 ms, used_size=6889472 bytes (16.8%)
(RDMA_READ_CONSUME_CHECK_CONSUMER) timestamp=1287 ms, used_size=6887424 bytes (16.8%)
(RDMA_READ_CONSUME_CHECK_CONSUMER) timestamp=1287 ms, used_size=6885376 bytes (16.8%)
(RDMA_READ_CONSUME_CHECK_CONSUMER) timestamp=1287 ms, used_size=6883328 bytes (16.8%)
(RDMA_READ_CONSUME_CHECK_CONSUMER) timestamp=1287 ms, used_size=6881280 bytes (16.8%)
(RDMA_READ_CONSUME_CHECK_CONSUMER) timestamp=1287 ms, used_size=6879232 bytes (16.8%)
(RDMA_READ_CONSUME_CHECK_CONSUMER) timestamp=1287 ms, used_size=6877184 bytes (16.8%)
(RDMA_READ_CONSUME_CHECK_CONSUMER) timestamp=1287 ms, used_size=6875136 bytes (16.8%)
(RDMA_READ_CONSUME_CHECK_CONSUMER) timestamp=1287 ms, used_size=6873088 bytes (16.8%)
(RDMA_READ_CONSUME_CHECK_CONSUMER) timestamp=1287 ms, used_size=6871040 bytes (16.8%)
(RDMA_READ_CONSUME_CHECK_CONSUMER) timestamp=1287 ms, used_size=6868992 bytes (16.8%)
(RDMA_READ_CONSUME_CHECK_CONSUMER) timestamp=1287 ms, used_size=6866944 bytes (16.8%)
(RDMA_READ_CONSUME_CHECK_CONSUMER) timestamp=1287 ms, used_size=6864896 bytes (16.8%)
(RDMA_READ_CONSUME_CHECK_CONSUMER) timestamp=1287 ms, used_size=6862848 bytes (16.8%)
(RDMA_READ_CONSUME_CHECK_CONSUMER) timestamp=1287 ms, used_size=6860800 bytes (16.8%)
(RDMA_READ_CONSUME_CHECK_CONSUMER) timestamp=1287 ms, used_size=6858752 bytes (16.7%)
(RDMA_READ_CONSUME_CHECK_CONSUMER) timestamp=1287 ms, used_size=6856704 bytes (16.7%)
(RDMA_READ_CONSUME_CHECK_CONSUMER) timestamp=1287 ms, used_size=6854656 bytes (16.7%)
(RDMA_READ_CONSUME_CHECK_CONSUMER) timestamp=1287 ms, used_size=6852608 bytes (16.7%)
(RDMA_READ_CONSUME_CHECK_CONSUMER) timestamp=1287 ms, used_size=6850560 bytes (16.7%)
(RDMA_READ_CONSUME_CHECK_CONSUMER) timestamp=1287 ms, used_size=6848512 bytes (16.7%)
(RDMA_READ_CONSUME_CHECK_CONSUMER) timestamp=1287 ms, used_size=6846464 bytes (16.7%)
(RDMA_READ_CONSUME_CHECK_CONSUMER) timestamp=1287 ms, used_size=6844416 bytes (16.7%)
(RDMA_READ_CONSUME_CHECK_CONSUMER) timestamp=1287 ms, used_size=6842368 bytes (16.7%)
(RDMA_READ_CONSUME_CHECK_CONSUMER) timestamp=1287 ms, used_size=6840320 bytes (16.7%)
(RDMA_READ_CONSUME_CHECK_CONSUMER) timestamp=1287 ms, used_size=6838272 bytes (16.7%)
(RDMA_READ_CONSUME_CHECK_CONSUMER) timestamp=1287 ms, used_size=6836224 bytes (16.7%)
(RDMA_READ_CONSUME_CHECK_CONSUMER) timestamp=1287 ms, used_size=6834176 bytes (16.7%)
(RDMA_READ_CONSUME_CHECK_CONSUMER) timestamp=1287 ms, used_size=6832128 bytes (16.7%)
(RDMA_READ_CONSUME_CHECK_CONSUMER) timestamp=1287 ms, used_size=6830080 bytes (16.7%)
(RDMA_READ_CONSUME_CHECK_CONSUMER) timestamp=1287 ms, used_size=6828032 bytes (16.7%)
(RDMA_READ_CONSUME_CHECK_CONSUMER) timestamp=1287 ms, used_size=6825984 bytes (16.7%)
(RDMA_READ_CONSUME_CHECK_CONSUMER) timestamp=1287 ms, used_size=6823936 bytes (16.7%)
(RDMA_READ_CONSUME_CHECK_CONSUMER) timestamp=1287 ms, used_size=6821888 bytes (16.7%)
(RDMA_READ_CONSUME_CHECK_CONSUMER) timestamp=1287 ms, used_size=6819840 bytes (16.6%)
(RDMA_READ_CONSUME_CHECK_CONSUMER) timestamp=1287 ms, used_size=6817792 bytes (16.6%)
(RDMA_READ_CONSUME_CHECK_CONSUMER) timestamp=1287 ms, used_size=6815744 bytes (16.6%)
(RDMA_READ_CONSUME_CHECK_CONSUMER) timestamp=1287 ms, used_size=6813696 bytes (16.6%)
(RDMA_READ_CONSUME_CHECK_CONSUMER) timestamp=1287 ms, used_size=6811648 bytes (16.6%)
(RDMA_READ_CONSUME_CHECK_CONSUMER) timestamp=1287 ms, used_size=6809600 bytes (16.6%)
(RDMA_READ_CONSUME_CHECK_CONSUMER) timestamp=1287 ms, used_size=6807552 bytes (16.6%)
(RDMA_READ_CONSUME_CHECK_CONSUMER) timestamp=1287 ms, used_size=6805504 bytes (16.6%)
(RDMA_READ_CONSUME_CHECK_CONSUMER) timestamp=1287 ms, used_size=6803456 bytes (16.6%)
(RDMA_READ_CONSUME_CHECK_CONSUMER) timestamp=1287 ms, used_size=6801408 bytes (16.6%)
(RDMA_READ_CONSUME_CHECK_CONSUMER) timestamp=1287 ms, used_size=6799360 bytes (16.6%)
(RDMA_READ_CONSUME_CHECK_CONSUMER) timestamp=1287 ms, used_size=6797312 bytes (16.6%)
(RDMA_READ_CONSUME_CHECK_CONSUMER) timestamp=1287 ms, used_size=6795264 bytes (16.6%)
(RDMA_READ_CONSUME_CHECK_CONSUMER) timestamp=1287 ms, used_size=6793216 bytes (16.6%)
(RDMA_READ_CONSUME_CHECK_CONSUMER) timestamp=1287 ms, used_size=6791168 bytes (16.6%)
(RDMA_READ_CONSUME_CHECK_CONSUMER) timestamp=1287 ms, used_size=6789120 bytes (16.6%)
(RDMA_READ_CONSUME_CHECK_CONSUMER) timestamp=1287 ms, used_size=6787072 bytes (16.6%)
(RDMA_READ_CONSUME_CHECK_CONSUMER) timestamp=1287 ms, used_size=6785024 bytes (16.6%)
(RDMA_READ_CONSUME_CHECK_CONSUMER) timestamp=1287 ms, used_size=6782976 bytes (16.6%)
(RDMA_READ_CONSUME_CHECK_CONSUMER) timestamp=1287 ms, used_size=6780928 bytes (16.6%)
(RDMA_READ_CONSUME_CHECK_CONSUMER) timestamp=1287 ms, used_size=6778880 bytes (16.6%)
(RDMA_READ_CONSUME_CHECK_CONSUMER) timestamp=1287 ms, used_size=6776832 bytes (16.5%)
(RDMA_READ_CONSUME_CHECK_CONSUMER) timestamp=1287 ms, used_size=6774784 bytes (16.5%)
(RDMA_READ_CONSUME_CHECK_CONSUMER) timestamp=1287 ms, used_size=6772736 bytes (16.5%)
(RDMA_READ_CONSUME_CHECK_CONSUMER) timestamp=1287 ms, used_size=6770688 bytes (16.5%)
(RDMA_READ_CONSUME_CHECK_CONSUMER) timestamp=1287 ms, used_size=6768640 bytes (16.5%)
(RDMA_READ_CONSUME_CHECK_CONSUMER) timestamp=1287 ms, used_size=6766592 bytes (16.5%)
(RDMA_READ_CONSUME_CHECK_CONSUMER) timestamp=1287 ms, used_size=6764544 bytes (16.5%)
(RDMA_READ_CONSUME_CHECK_CONSUMER) timestamp=1287 ms, used_size=6762496 bytes (16.5%)
(RDMA_READ_CONSUME_CHECK_CONSUMER) timestamp=1287 ms, used_size=6760448 bytes (16.5%)
(RDMA_READ_CONSUME_CHECK_CONSUMER) timestamp=1287 ms, used_size=6758400 bytes (16.5%)
(RDMA_READ_CONSUME_CHECK_CONSUMER) timestamp=1287 ms, used_size=6756352 bytes (16.5%)
(RDMA_READ_CONSUME_CHECK_CONSUMER) timestamp=1287 ms, used_size=6754304 bytes (16.5%)
(RDMA_READ_CONSUME_CHECK_CONSUMER) timestamp=1287 ms, used_size=6752256 bytes (16.5%)
(RDMA_READ_CONSUME_CHECK_CONSUMER) timestamp=1287 ms, used_size=6750208 bytes (16.5%)
(RDMA_READ_CONSUME_CHECK_CONSUMER) timestamp=1287 ms, used_size=6748160 bytes (16.5%)
(RDMA_READ_CONSUME_CHECK_CONSUMER) timestamp=1287 ms, used_size=6746112 bytes (16.5%)
(RDMA_READ_CONSUME_CHECK_CONSUMER) timestamp=1287 ms, used_size=6744064 bytes (16.5%)
(RDMA_READ_CONSUME_CHECK_CONSUMER) timestamp=1287 ms, used_size=6742016 bytes (16.5%)
(RDMA_READ_CONSUME_CHECK_CONSUMER) timestamp=1287 ms, used_size=6739968 bytes (16.5%)
(RDMA_READ_CONSUME_CHECK_CONSUMER) timestamp=1287 ms, used_size=6737920 bytes (16.4%)
(RDMA_READ_CONSUME_CHECK_CONSUMER) timestamp=1287 ms, used_size=6735872 bytes (16.4%)
(RDMA_READ_CONSUME_CHECK_CONSUMER) timestamp=1287 ms, used_size=6733824 bytes (16.4%)
(RDMA_READ_CONSUME_CHECK_CONSUMER) timestamp=1287 ms, used_size=6731776 bytes (16.4%)
(RDMA_READ_CONSUME_CHECK_CONSUMER) timestamp=1287 ms, used_size=6729728 bytes (16.4%)
(RDMA_READ_CONSUME_CHECK_CONSUMER) timestamp=1287 ms, used_size=6727680 bytes (16.4%)
(RDMA_READ_CONSUME_CHECK_CONSUMER) timestamp=1287 ms, used_size=6725632 bytes (16.4%)
(RDMA_READ_CONSUME_CHECK_CONSUMER) timestamp=1287 ms, used_size=6723584 bytes (16.4%)
(RDMA_READ_CONSUME_CHECK_CONSUMER) timestamp=1287 ms, used_size=6721536 bytes (16.4%)
(RDMA_READ_CONSUME_CHECK_CONSUMER) timestamp=1287 ms, used_size=6719488 bytes (16.4%)
(RDMA_READ_CONSUME_CHECK_CONSUMER) timestamp=1287 ms, used_size=6717440 bytes (16.4%)
(RDMA_READ_CONSUME_CHECK_CONSUMER) timestamp=1287 ms, used_size=6715392 bytes (16.4%)
(RDMA_READ_CONSUME_CHECK_CONSUMER) timestamp=1287 ms, used_size=6713344 bytes (16.4%)
(RDMA_READ_CONSUME_CHECK_CONSUMER) timestamp=1287 ms, used_size=6711296 bytes (16.4%)
(RDMA_READ_CONSUME_CHECK_CONSUMER) timestamp=1287 ms, used_size=6709248 bytes (16.4%)
(RDMA_READ_CONSUME_CHECK_CONSUMER) timestamp=1287 ms, used_size=6707200 bytes (16.4%)
(RDMA_READ_CONSUME_CHECK_CONSUMER) timestamp=1287 ms, used_size=6705152 bytes (16.4%)
(RDMA_READ_CONSUME_CHECK_CONSUMER) timestamp=1287 ms, used_size=6703104 bytes (16.4%)
(RDMA_READ_CONSUME_CHECK_CONSUMER) timestamp=1287 ms, used_size=6701056 bytes (16.4%)
(RDMA_READ_CONSUME_CHECK_CONSUMER) timestamp=1287 ms, used_size=6699008 bytes (16.4%)
(RDMA_READ_CONSUME_CHECK_CONSUMER) timestamp=1287 ms, used_size=6696960 bytes (16.4%)
(RDMA_READ_CONSUME_CHECK_CONSUMER) timestamp=1287 ms, used_size=6694912 bytes (16.3%)
(RDMA_READ_CONSUME_CHECK_CONSUMER) timestamp=1287 ms, used_size=6692864 bytes (16.3%)
(RDMA_READ_CONSUME_CHECK_CONSUMER) timestamp=1287 ms, used_size=6690816 bytes (16.3%)
(RDMA_READ_CONSUME_CHECK_CONSUMER) timestamp=1287 ms, used_size=6688768 bytes (16.3%)
(RDMA_READ_CONSUME_CHECK_CONSUMER) timestamp=1287 ms, used_size=6686720 bytes (16.3%)
(RDMA_READ_CONSUME_CHECK_CONSUMER) timestamp=1287 ms, used_size=6684672 bytes (16.3%)
(RDMA_READ_CONSUME_CHECK_CONSUMER) timestamp=1287 ms, used_size=6682624 bytes (16.3%)
(RDMA_READ_CONSUME_CHECK_CONSUMER) timestamp=1287 ms, used_size=6680576 bytes (16.3%)
(RDMA_READ_CONSUME_CHECK_CONSUMER) timestamp=1287 ms, used_size=6678528 bytes (16.3%)
(RDMA_READ_CONSUME_CHECK_CONSUMER) timestamp=1287 ms, used_size=6676480 bytes (16.3%)
(RDMA_READ_CONSUME_CHECK_CONSUMER) timestamp=1287 ms, used_size=6674432 bytes (16.3%)
(RDMA_READ_CONSUME_CHECK_CONSUMER) timestamp=1287 ms, used_size=6672384 bytes (16.3%)
(RDMA_READ_CONSUME_CHECK_CONSUMER) timestamp=1287 ms, used_size=6670336 bytes (16.3%)
(RDMA_READ_CONSUME_CHECK_CONSUMER) timestamp=1287 ms, used_size=6668288 bytes (16.3%)
(RDMA_READ_CONSUME_CHECK_CONSUMER) timestamp=1287 ms, used_size=6666240 bytes (16.3%)
(RDMA_READ_CONSUME_CHECK_CONSUMER) timestamp=1287 ms, used_size=6664192 bytes (16.3%)
(RDMA_READ_CONSUME_CHECK_CONSUMER) timestamp=1287 ms, used_size=6662144 bytes (16.3%)
(RDMA_READ_CONSUME_CHECK_CONSUMER) timestamp=1287 ms, used_size=6660096 bytes (16.3%)
(RDMA_READ_CONSUME_CHECK_CONSUMER) timestamp=1287 ms, used_size=6658048 bytes (16.3%)
(RDMA_READ_CONSUME_CHECK_CONSUMER) timestamp=1287 ms, used_size=6656000 bytes (16.2%)
(RDMA_READ_CONSUME_CHECK_CONSUMER) timestamp=1287 ms, used_size=6653952 bytes (16.2%)
(RDMA_READ_CONSUME_CHECK_CONSUMER) timestamp=1288 ms, used_size=6651904 bytes (16.2%)
(RDMA_READ_CONSUME_CHECK_CONSUMER) timestamp=1288 ms, used_size=6649856 bytes (16.2%)
(RDMA_READ_CONSUME_CHECK_CONSUMER) timestamp=1288 ms, used_size=6647808 bytes (16.2%)
(RDMA_READ_CONSUME_CHECK_CONSUMER) timestamp=1288 ms, used_size=6645760 bytes (16.2%)
(RDMA_READ_CONSUME_CHECK_CONSUMER) timestamp=1288 ms, used_size=6643712 bytes (16.2%)
(RDMA_READ_CONSUME_CHECK_CONSUMER) timestamp=1288 ms, used_size=6641664 bytes (16.2%)
(RDMA_READ_CONSUME_CHECK_CONSUMER) timestamp=1288 ms, used_size=6639616 bytes (16.2%)
(RDMA_READ_CONSUME_CHECK_CONSUMER) timestamp=1288 ms, used_size=6637568 bytes (16.2%)
(RDMA_READ_CONSUME_CHECK_CONSUMER) timestamp=1288 ms, used_size=6635520 bytes (16.2%)
(RDMA_READ_CONSUME_CHECK_CONSUMER) timestamp=1288 ms, used_size=6633472 bytes (16.2%)
(RDMA_READ_CONSUME_CHECK_CONSUMER) timestamp=1288 ms, used_size=6631424 bytes (16.2%)
(RDMA_READ_CONSUME_CHECK_CONSUMER) timestamp=1288 ms, used_size=6629376 bytes (16.2%)
(RDMA_READ_CONSUME_CHECK_CONSUMER) timestamp=1288 ms, used_size=6627328 bytes (16.2%)
(RDMA_READ_CONSUME_CHECK_CONSUMER) timestamp=1288 ms, used_size=6625280 bytes (16.2%)
(RDMA_READ_CONSUME_CHECK_CONSUMER) timestamp=1288 ms, used_size=6623232 bytes (16.2%)
(RDMA_READ_CONSUME_CHECK_CONSUMER) timestamp=1288 ms, used_size=6621184 bytes (16.2%)
(RDMA_READ_CONSUME_CHECK_CONSUMER) timestamp=1288 ms, used_size=6619136 bytes (16.2%)
(RDMA_READ_CONSUME_CHECK_CONSUMER) timestamp=1288 ms, used_size=6617088 bytes (16.2%)
(RDMA_READ_CONSUME_CHECK_CONSUMER) timestamp=1288 ms, used_size=6615040 bytes (16.1%)
(RDMA_READ_CONSUME_CHECK_CONSUMER) timestamp=1288 ms, used_size=6612992 bytes (16.1%)
(RDMA_READ_CONSUME_CHECK_CONSUMER) timestamp=1288 ms, used_size=6610944 bytes (16.1%)
(RDMA_READ_CONSUME_CHECK_CONSUMER) timestamp=1288 ms, used_size=6608896 bytes (16.1%)
(RDMA_READ_CONSUME_CHECK_CONSUMER) timestamp=1288 ms, used_size=6606848 bytes (16.1%)
(RDMA_READ_CONSUME_CHECK_CONSUMER) timestamp=1288 ms, used_size=6604800 bytes (16.1%)
(RDMA_READ_CONSUME_CHECK_CONSUMER) timestamp=1288 ms, used_size=6602752 bytes (16.1%)
(RDMA_READ_CONSUME_CHECK_CONSUMER) timestamp=1288 ms, used_size=6600704 bytes (16.1%)
(RDMA_READ_CONSUME_CHECK_CONSUMER) timestamp=1288 ms, used_size=6598656 bytes (16.1%)
(RDMA_READ_CONSUME_CHECK_CONSUMER) timestamp=1288 ms, used_size=6596608 bytes (16.1%)
(RDMA_READ_CONSUME_CHECK_CONSUMER) timestamp=1288 ms, used_size=6594560 bytes (16.1%)
(RDMA_READ_CONSUME_CHECK_CONSUMER) timestamp=1288 ms, used_size=6592512 bytes (16.1%)
(RDMA_READ_CONSUME_CHECK_CONSUMER) timestamp=1288 ms, used_size=6590464 bytes (16.1%)
(RDMA_READ_CONSUME_CHECK_CONSUMER) timestamp=1288 ms, used_size=6588416 bytes (16.1%)
(RDMA_READ_CONSUME_CHECK_CONSUMER) timestamp=1288 ms, used_size=6586368 bytes (16.1%)
(RDMA_READ_CONSUME_CHECK_CONSUMER) timestamp=1288 ms, used_size=6584320 bytes (16.1%)
(RDMA_READ_CONSUME_CHECK_CONSUMER) timestamp=1288 ms, used_size=6582272 bytes (16.1%)
(RDMA_READ_CONSUME_CHECK_CONSUMER) timestamp=1288 ms, used_size=6580224 bytes (16.1%)
(RDMA_READ_CONSUME_CHECK_CONSUMER) timestamp=1288 ms, used_size=6578176 bytes (16.1%)
(RDMA_READ_CONSUME_CHECK_CONSUMER) timestamp=1288 ms, used_size=6576128 bytes (16.1%)
(RDMA_READ_CONSUME_CHECK_CONSUMER) timestamp=1288 ms, used_size=6574080 bytes (16.1%)
(RDMA_READ_CONSUME_CHECK_CONSUMER) timestamp=1288 ms, used_size=6572032 bytes (16.0%)
(RDMA_READ_CONSUME_CHECK_CONSUMER) timestamp=1288 ms, used_size=6569984 bytes (16.0%)
(RDMA_READ_CONSUME_CHECK_CONSUMER) timestamp=1288 ms, used_size=6567936 bytes (16.0%)
(RDMA_READ_CONSUME_CHECK_CONSUMER) timestamp=1288 ms, used_size=6565888 bytes (16.0%)
(RDMA_READ_CONSUME_CHECK_CONSUMER) timestamp=1288 ms, used_size=6563840 bytes (16.0%)
(RDMA_READ_CONSUME_CHECK_CONSUMER) timestamp=1288 ms, used_size=6561792 bytes (16.0%)
(RDMA_READ_CONSUME_CHECK_CONSUMER) timestamp=1288 ms, used_size=6559744 bytes (16.0%)
(RDMA_READ_CONSUME_CHECK_CONSUMER) timestamp=1288 ms, used_size=6557696 bytes (16.0%)
(RDMA_READ_CONSUME_CHECK_CONSUMER) timestamp=1288 ms, used_size=6555648 bytes (16.0%)
(RDMA_READ_CONSUME_CHECK_CONSUMER) timestamp=1288 ms, used_size=6553600 bytes (16.0%)
(RDMA_READ_CONSUME_CHECK_CONSUMER) timestamp=1288 ms, used_size=6551552 bytes (16.0%)
(RDMA_READ_CONSUME_CHECK_CONSUMER) timestamp=1288 ms, used_size=6549504 bytes (16.0%)
(RDMA_READ_CONSUME_CHECK_CONSUMER) timestamp=1288 ms, used_size=6547456 bytes (16.0%)
(RDMA_READ_CONSUME_CHECK_CONSUMER) timestamp=1288 ms, used_size=6545408 bytes (16.0%)
(RDMA_READ_CONSUME_CHECK_CONSUMER) timestamp=1288 ms, used_size=6543360 bytes (16.0%)
(RDMA_READ_CONSUME_CHECK_CONSUMER) timestamp=1288 ms, used_size=6541312 bytes (16.0%)
(RDMA_READ_CONSUME_CHECK_CONSUMER) timestamp=1288 ms, used_size=6539264 bytes (16.0%)
(RDMA_READ_CONSUME_CHECK_CONSUMER) timestamp=1288 ms, used_size=6537216 bytes (16.0%)
(RDMA_READ_CONSUME_CHECK_CONSUMER) timestamp=1288 ms, used_size=6535168 bytes (16.0%)
(RDMA_READ_CONSUME_CHECK_CONSUMER) timestamp=1288 ms, used_size=6533120 bytes (15.9%)
(RDMA_READ_CONSUME_CHECK_CONSUMER) timestamp=1288 ms, used_size=6531072 bytes (15.9%)
(RDMA_READ_CONSUME_CHECK_CONSUMER) timestamp=1288 ms, used_size=6529024 bytes (15.9%)
(RDMA_READ_CONSUME_CHECK_CONSUMER) timestamp=1288 ms, used_size=6526976 bytes (15.9%)
(RDMA_READ_CONSUME_CHECK_CONSUMER) timestamp=1288 ms, used_size=6524928 bytes (15.9%)
(RDMA_READ_CONSUME_CHECK_CONSUMER) timestamp=1288 ms, used_size=6522880 bytes (15.9%)
(RDMA_READ_CONSUME_CHECK_CONSUMER) timestamp=1288 ms, used_size=6520832 bytes (15.9%)
(RDMA_READ_CONSUME_CHECK_CONSUMER) timestamp=1288 ms, used_size=6518784 bytes (15.9%)
(RDMA_READ_CONSUME_CHECK_CONSUMER) timestamp=1288 ms, used_size=6516736 bytes (15.9%)
(RDMA_READ_CONSUME_CHECK_CONSUMER) timestamp=1288 ms, used_size=6514688 bytes (15.9%)
(RDMA_READ_CONSUME_CHECK_CONSUMER) timestamp=1288 ms, used_size=6512640 bytes (15.9%)
(RDMA_READ_CONSUME_CHECK_CONSUMER) timestamp=1288 ms, used_size=6510592 bytes (15.9%)
(RDMA_READ_CONSUME_CHECK_CONSUMER) timestamp=1288 ms, used_size=6508544 bytes (15.9%)
(RDMA_READ_CONSUME_CHECK_CONSUMER) timestamp=1288 ms, used_size=6506496 bytes (15.9%)
(RDMA_READ_CONSUME_CHECK_CONSUMER) timestamp=1288 ms, used_size=6504448 bytes (15.9%)
(RDMA_READ_CONSUME_CHECK_CONSUMER) timestamp=1288 ms, used_size=6502400 bytes (15.9%)
(RDMA_READ_CONSUME_CHECK_CONSUMER) timestamp=1288 ms, used_size=6500352 bytes (15.9%)
(RDMA_READ_CONSUME_CHECK_CONSUMER) timestamp=1288 ms, used_size=6498304 bytes (15.9%)
(RDMA_READ_CONSUME_CHECK_CONSUMER) timestamp=1288 ms, used_size=6496256 bytes (15.9%)
(RDMA_READ_CONSUME_CHECK_CONSUMER) timestamp=1288 ms, used_size=6494208 bytes (15.9%)
(RDMA_READ_CONSUME_CHECK_CONSUMER) timestamp=1288 ms, used_size=6492160 bytes (15.8%)
(RDMA_READ_CONSUME_CHECK_CONSUMER) timestamp=1288 ms, used_size=6490112 bytes (15.8%)
(RDMA_READ_CONSUME_CHECK_CONSUMER) timestamp=1288 ms, used_size=6488064 bytes (15.8%)
(RDMA_READ_CONSUME_CHECK_CONSUMER) timestamp=1288 ms, used_size=6486016 bytes (15.8%)
(RDMA_READ_CONSUME_CHECK_CONSUMER) timestamp=1288 ms, used_size=6483968 bytes (15.8%)
(RDMA_READ_CONSUME_CHECK_CONSUMER) timestamp=1288 ms, used_size=6481920 bytes (15.8%)
(RDMA_READ_CONSUME_CHECK_CONSUMER) timestamp=1288 ms, used_size=6479872 bytes (15.8%)
(RDMA_READ_CONSUME_CHECK_CONSUMER) timestamp=1288 ms, used_size=6477824 bytes (15.8%)
(RDMA_READ_CONSUME_CHECK_CONSUMER) timestamp=1288 ms, used_size=6475776 bytes (15.8%)
(RDMA_READ_CONSUME_CHECK_CONSUMER) timestamp=1288 ms, used_size=6473728 bytes (15.8%)
(RDMA_READ_CONSUME_CHECK_CONSUMER) timestamp=1288 ms, used_size=6471680 bytes (15.8%)
(RDMA_READ_CONSUME_CHECK_CONSUMER) timestamp=1288 ms, used_size=6469632 bytes (15.8%)
(RDMA_READ_CONSUME_CHECK_CONSUMER) timestamp=1288 ms, used_size=6467584 bytes (15.8%)
(RDMA_READ_CONSUME_CHECK_CONSUMER) timestamp=1288 ms, used_size=6465536 bytes (15.8%)
(RDMA_READ_CONSUME_CHECK_CONSUMER) timestamp=1288 ms, used_size=6463488 bytes (15.8%)
(RDMA_READ_CONSUME_CHECK_CONSUMER) timestamp=1288 ms, used_size=6461440 bytes (15.8%)
(RDMA_READ_CONSUME_CHECK_CONSUMER) timestamp=1288 ms, used_size=6459392 bytes (15.8%)
(RDMA_READ_CONSUME_CHECK_CONSUMER) timestamp=1288 ms, used_size=6457344 bytes (15.8%)
(RDMA_READ_CONSUME_CHECK_CONSUMER) timestamp=1288 ms, used_size=6455296 bytes (15.8%)
(RDMA_READ_CONSUME_CHECK_CONSUMER) timestamp=1288 ms, used_size=6453248 bytes (15.8%)
(RDMA_READ_CONSUME_CHECK_CONSUMER) timestamp=1288 ms, used_size=6451200 bytes (15.8%)
(RDMA_READ_CONSUME_CHECK_CONSUMER) timestamp=1288 ms, used_size=6449152 bytes (15.7%)
(RDMA_READ_CONSUME_CHECK_CONSUMER) timestamp=1288 ms, used_size=6447104 bytes (15.7%)
(RDMA_READ_CONSUME_CHECK_CONSUMER) timestamp=1288 ms, used_size=6445056 bytes (15.7%)
(RDMA_READ_CONSUME_CHECK_CONSUMER) timestamp=1288 ms, used_size=6443008 bytes (15.7%)
(RDMA_READ_CONSUME_CHECK_CONSUMER) timestamp=1288 ms, used_size=6440960 bytes (15.7%)
(RDMA_READ_CONSUME_CHECK_CONSUMER) timestamp=1288 ms, used_size=6438912 bytes (15.7%)
(RDMA_READ_CONSUME_CHECK_CONSUMER) timestamp=1288 ms, used_size=6436864 bytes (15.7%)
(RDMA_READ_CONSUME_CHECK_CONSUMER) timestamp=1288 ms, used_size=6434816 bytes (15.7%)
(RDMA_READ_CONSUME_CHECK_CONSUMER) timestamp=1288 ms, used_size=6432768 bytes (15.7%)
(RDMA_READ_CONSUME_CHECK_CONSUMER) timestamp=1288 ms, used_size=6430720 bytes (15.7%)
(RDMA_READ_CONSUME_CHECK_CONSUMER) timestamp=1288 ms, used_size=6428672 bytes (15.7%)
(RDMA_READ_CONSUME_CHECK_CONSUMER) timestamp=1288 ms, used_size=6426624 bytes (15.7%)
(RDMA_READ_CONSUME_CHECK_CONSUMER) timestamp=1288 ms, used_size=6424576 bytes (15.7%)
(RDMA_READ_CONSUME_CHECK_CONSUMER) timestamp=1288 ms, used_size=6422528 bytes (15.7%)
(RDMA_READ_CONSUME_CHECK_CONSUMER) timestamp=1288 ms, used_size=6420480 bytes (15.7%)
(RDMA_READ_CONSUME_CHECK_CONSUMER) timestamp=1288 ms, used_size=6418432 bytes (15.7%)
(RDMA_READ_CONSUME_CHECK_CONSUMER) timestamp=1288 ms, used_size=6416384 bytes (15.7%)
(RDMA_READ_CONSUME_CHECK_CONSUMER) timestamp=1288 ms, used_size=6414336 bytes (15.7%)
(RDMA_READ_CONSUME_CHECK_CONSUMER) timestamp=1288 ms, used_size=6412288 bytes (15.7%)
(RDMA_READ_CONSUME_CHECK_CONSUMER) timestamp=1288 ms, used_size=6410240 bytes (15.7%)
(RDMA_READ_CONSUME_CHECK_CONSUMER) timestamp=1288 ms, used_size=6408192 bytes (15.6%)
(RDMA_READ_CONSUME_CHECK_CONSUMER) timestamp=1288 ms, used_size=6406144 bytes (15.6%)
(RDMA_READ_CONSUME_CHECK_CONSUMER) timestamp=1288 ms, used_size=6404096 bytes (15.6%)
(RDMA_READ_CONSUME_CHECK_CONSUMER) timestamp=1288 ms, used_size=6402048 bytes (15.6%)
(RDMA_READ_CONSUME_CHECK_CONSUMER) timestamp=1288 ms, used_size=6400000 bytes (15.6%)
(RDMA_READ_CONSUME_CHECK_CONSUMER) timestamp=1288 ms, used_size=6397952 bytes (15.6%)
(RDMA_READ_CONSUME_CHECK_CONSUMER) timestamp=1288 ms, used_size=6395904 bytes (15.6%)
(RDMA_READ_CONSUME_CHECK_CONSUMER) timestamp=1288 ms, used_size=6393856 bytes (15.6%)
(RDMA_READ_CONSUME_CHECK_CONSUMER) timestamp=1288 ms, used_size=6391808 bytes (15.6%)
(RDMA_READ_CONSUME_CHECK_CONSUMER) timestamp=1288 ms, used_size=6389760 bytes (15.6%)
(RDMA_READ_CONSUME_CHECK_CONSUMER) timestamp=1288 ms, used_size=6387712 bytes (15.6%)
(RDMA_READ_CONSUME_CHECK_CONSUMER) timestamp=1288 ms, used_size=6385664 bytes (15.6%)
(RDMA_READ_CONSUME_CHECK_CONSUMER) timestamp=1288 ms, used_size=6383616 bytes (15.6%)
(RDMA_READ_CONSUME_CHECK_CONSUMER) timestamp=1288 ms, used_size=6381568 bytes (15.6%)
(RDMA_READ_CONSUME_CHECK_CONSUMER) timestamp=1288 ms, used_size=6379520 bytes (15.6%)
(RDMA_READ_CONSUME_CHECK_CONSUMER) timestamp=1288 ms, used_size=6377472 bytes (15.6%)
(RDMA_READ_CONSUME_CHECK_CONSUMER) timestamp=1288 ms, used_size=6375424 bytes (15.6%)
(RDMA_READ_CONSUME_CHECK_CONSUMER) timestamp=1288 ms, used_size=6373376 bytes (15.6%)
(RDMA_READ_CONSUME_CHECK_CONSUMER) timestamp=1288 ms, used_size=6371328 bytes (15.6%)
(RDMA_READ_CONSUME_CHECK_CONSUMER) timestamp=1288 ms, used_size=6369280 bytes (15.6%)
(RDMA_READ_CONSUME_CHECK_CONSUMER) timestamp=1288 ms, used_size=6367232 bytes (15.5%)
(RDMA_READ_CONSUME_CHECK_CONSUMER) timestamp=1288 ms, used_size=6365184 bytes (15.5%)
(RDMA_READ_CONSUME_CHECK_CONSUMER) timestamp=1288 ms, used_size=6363136 bytes (15.5%)
(RDMA_READ_CONSUME_CHECK_CONSUMER) timestamp=1288 ms, used_size=6361088 bytes (15.5%)
(RDMA_READ_CONSUME_CHECK_CONSUMER) timestamp=1288 ms, used_size=6359040 bytes (15.5%)
(RDMA_READ_CONSUME_CHECK_CONSUMER) timestamp=1288 ms, used_size=6356992 bytes (15.5%)
(RDMA_READ_CONSUME_CHECK_CONSUMER) timestamp=1288 ms, used_size=6354944 bytes (15.5%)
(RDMA_READ_CONSUME_CHECK_CONSUMER) timestamp=1288 ms, used_size=6352896 bytes (15.5%)
(RDMA_READ_CONSUME_CHECK_CONSUMER) timestamp=1288 ms, used_size=6350848 bytes (15.5%)
(RDMA_READ_CONSUME_CHECK_CONSUMER) timestamp=1288 ms, used_size=6348800 bytes (15.5%)
(RDMA_READ_CONSUME_CHECK_CONSUMER) timestamp=1288 ms, used_size=6346752 bytes (15.5%)
(RDMA_READ_CONSUME_CHECK_CONSUMER) timestamp=1288 ms, used_size=6344704 bytes (15.5%)
(RDMA_READ_CONSUME_CHECK_CONSUMER) timestamp=1288 ms, used_size=6342656 bytes (15.5%)
(RDMA_READ_CONSUME_CHECK_CONSUMER) timestamp=1288 ms, used_size=6340608 bytes (15.5%)
(RDMA_READ_CONSUME_CHECK_CONSUMER) timestamp=1288 ms, used_size=6338560 bytes (15.5%)
(RDMA_READ_CONSUME_CHECK_CONSUMER) timestamp=1288 ms, used_size=6336512 bytes (15.5%)
(RDMA_READ_CONSUME_CHECK_CONSUMER) timestamp=1288 ms, used_size=6334464 bytes (15.5%)
(RDMA_READ_CONSUME_CHECK_CONSUMER) timestamp=1288 ms, used_size=6332416 bytes (15.5%)
(RDMA_READ_CONSUME_CHECK_CONSUMER) timestamp=1288 ms, used_size=6330368 bytes (15.5%)
(RDMA_READ_CONSUME_CHECK_CONSUMER) timestamp=1288 ms, used_size=6328320 bytes (15.4%)
(RDMA_READ_CONSUME_CHECK_CONSUMER) timestamp=1288 ms, used_size=6326272 bytes (15.4%)
(RDMA_READ_CONSUME_CHECK_CONSUMER) timestamp=1288 ms, used_size=6324224 bytes (15.4%)
(RDMA_READ_CONSUME_CHECK_CONSUMER) timestamp=1288 ms, used_size=6322176 bytes (15.4%)
(RDMA_READ_CONSUME_CHECK_CONSUMER) timestamp=1288 ms, used_size=6320128 bytes (15.4%)
(RDMA_READ_CONSUME_CHECK_CONSUMER) timestamp=1288 ms, used_size=6318080 bytes (15.4%)
(RDMA_READ_CONSUME_CHECK_CONSUMER) timestamp=1288 ms, used_size=6316032 bytes (15.4%)
(RDMA_READ_CONSUME_CHECK_CONSUMER) timestamp=1288 ms, used_size=6313984 bytes (15.4%)
(RDMA_READ_CONSUME_CHECK_CONSUMER) timestamp=1288 ms, used_size=6311936 bytes (15.4%)
(RDMA_READ_CONSUME_CHECK_CONSUMER) timestamp=1288 ms, used_size=6309888 bytes (15.4%)
(RDMA_READ_CONSUME_CHECK_CONSUMER) timestamp=1288 ms, used_size=6307840 bytes (15.4%)
(RDMA_READ_CONSUME_CHECK_CONSUMER) timestamp=1288 ms, used_size=6305792 bytes (15.4%)
(RDMA_READ_CONSUME_CHECK_CONSUMER) timestamp=1288 ms, used_size=6303744 bytes (15.4%)
(RDMA_READ_CONSUME_CHECK_CONSUMER) timestamp=1288 ms, used_size=6301696 bytes (15.4%)
(RDMA_READ_CONSUME_CHECK_CONSUMER) timestamp=1288 ms, used_size=6299648 bytes (15.4%)
(RDMA_READ_CONSUME_CHECK_CONSUMER) timestamp=1288 ms, used_size=6297600 bytes (15.4%)
(RDMA_READ_CONSUME_CHECK_CONSUMER) timestamp=1288 ms, used_size=6295552 bytes (15.4%)
(RDMA_READ_CONSUME_CHECK_CONSUMER) timestamp=1288 ms, used_size=6293504 bytes (15.4%)
(RDMA_READ_CONSUME_CHECK_CONSUMER) timestamp=1288 ms, used_size=6291456 bytes (15.4%)
(RDMA_READ_CONSUME_CHECK_CONSUMER) timestamp=1288 ms, used_size=6289408 bytes (15.4%)
(RDMA_READ_CONSUME_CHECK_CONSUMER) timestamp=1288 ms, used_size=6287360 bytes (15.3%)
(RDMA_READ_CONSUME_CHECK_CONSUMER) timestamp=1288 ms, used_size=6285312 bytes (15.3%)
(RDMA_READ_CONSUME_CHECK_CONSUMER) timestamp=1288 ms, used_size=6283264 bytes (15.3%)
(RDMA_READ_CONSUME_CHECK_CONSUMER) timestamp=1288 ms, used_size=6281216 bytes (15.3%)
(RDMA_READ_CONSUME_CHECK_CONSUMER) timestamp=1288 ms, used_size=6279168 bytes (15.3%)
(RDMA_READ_CONSUME_CHECK_CONSUMER) timestamp=1288 ms, used_size=6277120 bytes (15.3%)
(RDMA_READ_CONSUME_CHECK_CONSUMER) timestamp=1288 ms, used_size=6275072 bytes (15.3%)
(RDMA_READ_CONSUME_CHECK_CONSUMER) timestamp=1289 ms, used_size=6273024 bytes (15.3%)
(RDMA_READ_CONSUME_CHECK_CONSUMER) timestamp=1289 ms, used_size=6270976 bytes (15.3%)
(RDMA_READ_CONSUME_CHECK_CONSUMER) timestamp=1289 ms, used_size=6268928 bytes (15.3%)
(RDMA_READ_CONSUME_CHECK_CONSUMER) timestamp=1289 ms, used_size=6266880 bytes (15.3%)
(RDMA_READ_CONSUME_CHECK_CONSUMER) timestamp=1289 ms, used_size=6264832 bytes (15.3%)
(RDMA_READ_CONSUME_CHECK_CONSUMER) timestamp=1289 ms, used_size=6262784 bytes (15.3%)
(RDMA_READ_CONSUME_CHECK_CONSUMER) timestamp=1289 ms, used_size=6260736 bytes (15.3%)
(RDMA_READ_CONSUME_CHECK_CONSUMER) timestamp=1289 ms, used_size=6258688 bytes (15.3%)
(RDMA_READ_CONSUME_CHECK_CONSUMER) timestamp=1289 ms, used_size=6256640 bytes (15.3%)
(RDMA_READ_CONSUME_CHECK_CONSUMER) timestamp=1289 ms, used_size=6254592 bytes (15.3%)
(RDMA_READ_CONSUME_CHECK_CONSUMER) timestamp=1289 ms, used_size=6252544 bytes (15.3%)
(RDMA_READ_CONSUME_CHECK_CONSUMER) timestamp=1289 ms, used_size=6250496 bytes (15.3%)
(RDMA_READ_CONSUME_CHECK_CONSUMER) timestamp=1289 ms, used_size=6248448 bytes (15.3%)
(RDMA_READ_CONSUME_CHECK_CONSUMER) timestamp=1289 ms, used_size=6246400 bytes (15.2%)
(RDMA_READ_CONSUME_CHECK_CONSUMER) timestamp=1289 ms, used_size=6244352 bytes (15.2%)
(RDMA_READ_CONSUME_CHECK_CONSUMER) timestamp=1289 ms, used_size=6242304 bytes (15.2%)
(RDMA_READ_CONSUME_CHECK_CONSUMER) timestamp=1289 ms, used_size=6240256 bytes (15.2%)
(RDMA_READ_CONSUME_CHECK_CONSUMER) timestamp=1289 ms, used_size=6238208 bytes (15.2%)
(RDMA_READ_CONSUME_CHECK_CONSUMER) timestamp=1289 ms, used_size=6236160 bytes (15.2%)
(RDMA_READ_CONSUME_CHECK_CONSUMER) timestamp=1289 ms, used_size=6234112 bytes (15.2%)
(RDMA_READ_CONSUME_CHECK_CONSUMER) timestamp=1289 ms, used_size=6232064 bytes (15.2%)
(RDMA_READ_CONSUME_CHECK_CONSUMER) timestamp=1289 ms, used_size=6230016 bytes (15.2%)
(RDMA_READ_CONSUME_CHECK_CONSUMER) timestamp=1289 ms, used_size=6227968 bytes (15.2%)
(RDMA_READ_CONSUME_CHECK_CONSUMER) timestamp=1289 ms, used_size=6225920 bytes (15.2%)
(RDMA_READ_CONSUME_CHECK_CONSUMER) timestamp=1289 ms, used_size=6223872 bytes (15.2%)
(RDMA_READ_CONSUME_CHECK_CONSUMER) timestamp=1289 ms, used_size=6221824 bytes (15.2%)
(RDMA_READ_CONSUME_CHECK_CONSUMER) timestamp=1289 ms, used_size=6219776 bytes (15.2%)
(RDMA_READ_CONSUME_CHECK_CONSUMER) timestamp=1289 ms, used_size=6217728 bytes (15.2%)
(RDMA_READ_CONSUME_CHECK_CONSUMER) timestamp=1289 ms, used_size=6215680 bytes (15.2%)
(RDMA_READ_CONSUME_CHECK_CONSUMER) timestamp=1289 ms, used_size=6213632 bytes (15.2%)
(RDMA_READ_CONSUME_CHECK_CONSUMER) timestamp=1289 ms, used_size=6211584 bytes (15.2%)
(RDMA_READ_CONSUME_CHECK_CONSUMER) timestamp=1289 ms, used_size=6209536 bytes (15.2%)
(RDMA_READ_CONSUME_CHECK_CONSUMER) timestamp=1289 ms, used_size=6207488 bytes (15.2%)
(RDMA_READ_CONSUME_CHECK_CONSUMER) timestamp=1289 ms, used_size=6205440 bytes (15.2%)
(RDMA_READ_CONSUME_CHECK_CONSUMER) timestamp=1289 ms, used_size=6203392 bytes (15.1%)
(RDMA_READ_CONSUME_CHECK_CONSUMER) timestamp=1289 ms, used_size=6201344 bytes (15.1%)
(RDMA_READ_CONSUME_CHECK_CONSUMER) timestamp=1289 ms, used_size=6199296 bytes (15.1%)
(RDMA_READ_CONSUME_CHECK_CONSUMER) timestamp=1289 ms, used_size=6197248 bytes (15.1%)
(RDMA_READ_CONSUME_CHECK_CONSUMER) timestamp=1289 ms, used_size=6195200 bytes (15.1%)
(RDMA_READ_CONSUME_CHECK_CONSUMER) timestamp=1289 ms, used_size=6193152 bytes (15.1%)
(RDMA_READ_CONSUME_CHECK_CONSUMER) timestamp=1289 ms, used_size=6191104 bytes (15.1%)
(RDMA_READ_CONSUME_CHECK_CONSUMER) timestamp=1289 ms, used_size=6189056 bytes (15.1%)
(RDMA_READ_CONSUME_CHECK_CONSUMER) timestamp=1289 ms, used_size=6187008 bytes (15.1%)
(RDMA_READ_CONSUME_CHECK_CONSUMER) timestamp=1289 ms, used_size=6184960 bytes (15.1%)
(RDMA_READ_CONSUME_CHECK_CONSUMER) timestamp=1289 ms, used_size=6182912 bytes (15.1%)
(RDMA_READ_CONSUME_CHECK_CONSUMER) timestamp=1289 ms, used_size=6180864 bytes (15.1%)
(RDMA_READ_CONSUME_CHECK_CONSUMER) timestamp=1289 ms, used_size=6178816 bytes (15.1%)
(RDMA_READ_CONSUME_CHECK_CONSUMER) timestamp=1289 ms, used_size=6176768 bytes (15.1%)
(RDMA_READ_CONSUME_CHECK_CONSUMER) timestamp=1289 ms, used_size=6174720 bytes (15.1%)
(RDMA_READ_CONSUME_CHECK_CONSUMER) timestamp=1289 ms, used_size=6172672 bytes (15.1%)
(RDMA_READ_CONSUME_CHECK_CONSUMER) timestamp=1289 ms, used_size=6170624 bytes (15.1%)
(RDMA_READ_CONSUME_CHECK_CONSUMER) timestamp=1289 ms, used_size=6168576 bytes (15.1%)
(RDMA_READ_CONSUME_CHECK_CONSUMER) timestamp=1289 ms, used_size=6166528 bytes (15.1%)
(RDMA_READ_CONSUME_CHECK_CONSUMER) timestamp=1289 ms, used_size=6164480 bytes (15.1%)
(RDMA_READ_CONSUME_CHECK_CONSUMER) timestamp=1289 ms, used_size=6162432 bytes (15.0%)
(RDMA_READ_CONSUME_CHECK_CONSUMER) timestamp=1289 ms, used_size=6160384 bytes (15.0%)
(RDMA_READ_CONSUME_CHECK_CONSUMER) timestamp=1289 ms, used_size=6158336 bytes (15.0%)
(RDMA_READ_CONSUME_CHECK_CONSUMER) timestamp=1289 ms, used_size=6156288 bytes (15.0%)
(RDMA_READ_CONSUME_CHECK_CONSUMER) timestamp=1289 ms, used_size=6154240 bytes (15.0%)
(RDMA_READ_CONSUME_CHECK_CONSUMER) timestamp=1289 ms, used_size=6152192 bytes (15.0%)
(RDMA_READ_CONSUME_CHECK_CONSUMER) timestamp=1289 ms, used_size=6150144 bytes (15.0%)
(RDMA_READ_CONSUME_CHECK_CONSUMER) timestamp=1289 ms, used_size=6148096 bytes (15.0%)
(RDMA_READ_CONSUME_CHECK_CONSUMER) timestamp=1289 ms, used_size=6146048 bytes (15.0%)
(RDMA_READ_CONSUME_CHECK_CONSUMER) timestamp=1289 ms, used_size=6144000 bytes (15.0%)
(RDMA_READ_CONSUME_CHECK_CONSUMER) timestamp=1289 ms, used_size=6141952 bytes (15.0%)
(RDMA_READ_CONSUME_CHECK_CONSUMER) timestamp=1289 ms, used_size=6139904 bytes (15.0%)
(RDMA_READ_CONSUME_CHECK_CONSUMER) timestamp=1289 ms, used_size=6137856 bytes (15.0%)
(RDMA_READ_CONSUME_CHECK_CONSUMER) timestamp=1289 ms, used_size=6135808 bytes (15.0%)
(RDMA_READ_CONSUME_CHECK_CONSUMER) timestamp=1289 ms, used_size=6133760 bytes (15.0%)
(RDMA_READ_CONSUME_CHECK_CONSUMER) timestamp=1289 ms, used_size=6131712 bytes (15.0%)
(RDMA_READ_CONSUME_CHECK_CONSUMER) timestamp=1289 ms, used_size=6129664 bytes (15.0%)
(RDMA_READ_CONSUME_CHECK_CONSUMER) timestamp=1289 ms, used_size=6127616 bytes (15.0%)
(RDMA_READ_CONSUME_CHECK_CONSUMER) timestamp=1289 ms, used_size=6125568 bytes (15.0%)
(RDMA_READ_CONSUME_CHECK_CONSUMER) timestamp=1289 ms, used_size=6123520 bytes (14.9%)
(RDMA_READ_CONSUME_CHECK_CONSUMER) timestamp=1289 ms, used_size=6121472 bytes (14.9%)
(RDMA_READ_CONSUME_CHECK_CONSUMER) timestamp=1289 ms, used_size=6119424 bytes (14.9%)
(RDMA_READ_CONSUME_CHECK_CONSUMER) timestamp=1289 ms, used_size=6117376 bytes (14.9%)
(RDMA_READ_CONSUME_CHECK_CONSUMER) timestamp=1289 ms, used_size=6115328 bytes (14.9%)
(RDMA_READ_CONSUME_CHECK_CONSUMER) timestamp=1289 ms, used_size=6113280 bytes (14.9%)
(RDMA_READ_CONSUME_CHECK_CONSUMER) timestamp=1289 ms, used_size=6111232 bytes (14.9%)
(RDMA_READ_CONSUME_CHECK_CONSUMER) timestamp=1289 ms, used_size=6109184 bytes (14.9%)
(RDMA_READ_CONSUME_CHECK_CONSUMER) timestamp=1289 ms, used_size=6107136 bytes (14.9%)
(RDMA_READ_CONSUME_CHECK_CONSUMER) timestamp=1289 ms, used_size=6105088 bytes (14.9%)
(RDMA_READ_CONSUME_CHECK_CONSUMER) timestamp=1289 ms, used_size=6103040 bytes (14.9%)
(RDMA_READ_CONSUME_CHECK_CONSUMER) timestamp=1289 ms, used_size=6100992 bytes (14.9%)
(RDMA_READ_CONSUME_CHECK_CONSUMER) timestamp=1289 ms, used_size=6098944 bytes (14.9%)
(RDMA_READ_CONSUME_CHECK_CONSUMER) timestamp=1289 ms, used_size=6096896 bytes (14.9%)
(RDMA_READ_CONSUME_CHECK_CONSUMER) timestamp=1289 ms, used_size=6094848 bytes (14.9%)
(RDMA_READ_CONSUME_CHECK_CONSUMER) timestamp=1289 ms, used_size=6092800 bytes (14.9%)
(RDMA_READ_CONSUME_CHECK_CONSUMER) timestamp=1289 ms, used_size=6090752 bytes (14.9%)
(RDMA_READ_CONSUME_CHECK_CONSUMER) timestamp=1289 ms, used_size=6088704 bytes (14.9%)
(RDMA_READ_CONSUME_CHECK_CONSUMER) timestamp=1289 ms, used_size=6086656 bytes (14.9%)
(RDMA_READ_CONSUME_CHECK_CONSUMER) timestamp=1289 ms, used_size=6084608 bytes (14.9%)
(RDMA_READ_CONSUME_CHECK_CONSUMER) timestamp=1289 ms, used_size=6082560 bytes (14.8%)
(RDMA_READ_CONSUME_CHECK_CONSUMER) timestamp=1289 ms, used_size=6080512 bytes (14.8%)
(RDMA_READ_CONSUME_CHECK_CONSUMER) timestamp=1289 ms, used_size=6078464 bytes (14.8%)
(RDMA_READ_CONSUME_CHECK_CONSUMER) timestamp=1289 ms, used_size=6076416 bytes (14.8%)
(RDMA_READ_CONSUME_CHECK_CONSUMER) timestamp=1289 ms, used_size=6074368 bytes (14.8%)
(RDMA_READ_CONSUME_CHECK_CONSUMER) timestamp=1289 ms, used_size=6072320 bytes (14.8%)
(RDMA_READ_CONSUME_CHECK_CONSUMER) timestamp=1289 ms, used_size=6070272 bytes (14.8%)
(RDMA_READ_CONSUME_CHECK_CONSUMER) timestamp=1289 ms, used_size=6068224 bytes (14.8%)
(RDMA_READ_CONSUME_CHECK_CONSUMER) timestamp=1289 ms, used_size=6066176 bytes (14.8%)
(RDMA_READ_CONSUME_CHECK_CONSUMER) timestamp=1289 ms, used_size=6064128 bytes (14.8%)
(RDMA_READ_CONSUME_CHECK_CONSUMER) timestamp=1289 ms, used_size=6062080 bytes (14.8%)
(RDMA_READ_CONSUME_CHECK_CONSUMER) timestamp=1289 ms, used_size=6060032 bytes (14.8%)
(RDMA_READ_CONSUME_CHECK_CONSUMER) timestamp=1289 ms, used_size=6057984 bytes (14.8%)
(RDMA_READ_CONSUME_CHECK_CONSUMER) timestamp=1289 ms, used_size=6055936 bytes (14.8%)
(RDMA_READ_CONSUME_CHECK_CONSUMER) timestamp=1289 ms, used_size=6053888 bytes (14.8%)
(RDMA_READ_CONSUME_CHECK_CONSUMER) timestamp=1289 ms, used_size=6051840 bytes (14.8%)
(RDMA_READ_CONSUME_CHECK_CONSUMER) timestamp=1289 ms, used_size=6049792 bytes (14.8%)
(RDMA_READ_CONSUME_CHECK_CONSUMER) timestamp=1289 ms, used_size=6047744 bytes (14.8%)
(RDMA_READ_CONSUME_CHECK_CONSUMER) timestamp=1289 ms, used_size=6045696 bytes (14.8%)
(RDMA_READ_CONSUME_CHECK_CONSUMER) timestamp=1289 ms, used_size=6043648 bytes (14.8%)
(RDMA_READ_CONSUME_CHECK_CONSUMER) timestamp=1289 ms, used_size=6041600 bytes (14.8%)
(RDMA_READ_CONSUME_CHECK_CONSUMER) timestamp=1289 ms, used_size=6039552 bytes (14.7%)
(RDMA_READ_CONSUME_CHECK_CONSUMER) timestamp=1289 ms, used_size=6037504 bytes (14.7%)
(RDMA_READ_CONSUME_CHECK_CONSUMER) timestamp=1289 ms, used_size=6035456 bytes (14.7%)
(RDMA_READ_CONSUME_CHECK_CONSUMER) timestamp=1289 ms, used_size=6033408 bytes (14.7%)
(RDMA_READ_CONSUME_CHECK_CONSUMER) timestamp=1289 ms, used_size=6031360 bytes (14.7%)
(RDMA_READ_CONSUME_CHECK_CONSUMER) timestamp=1289 ms, used_size=6029312 bytes (14.7%)
(RDMA_READ_CONSUME_CHECK_CONSUMER) timestamp=1289 ms, used_size=6027264 bytes (14.7%)
(RDMA_READ_CONSUME_CHECK_CONSUMER) timestamp=1289 ms, used_size=6025216 bytes (14.7%)
(RDMA_READ_CONSUME_CHECK_CONSUMER) timestamp=1289 ms, used_size=6023168 bytes (14.7%)
(RDMA_READ_CONSUME_CHECK_CONSUMER) timestamp=1289 ms, used_size=6021120 bytes (14.7%)
(RDMA_READ_CONSUME_CHECK_CONSUMER) timestamp=1289 ms, used_size=6019072 bytes (14.7%)
(RDMA_READ_CONSUME_CHECK_CONSUMER) timestamp=1289 ms, used_size=6017024 bytes (14.7%)
(RDMA_READ_CONSUME_CHECK_CONSUMER) timestamp=1289 ms, used_size=6014976 bytes (14.7%)
(RDMA_READ_CONSUME_CHECK_CONSUMER) timestamp=1289 ms, used_size=6012928 bytes (14.7%)
(RDMA_READ_CONSUME_CHECK_CONSUMER) timestamp=1289 ms, used_size=6010880 bytes (14.7%)
(RDMA_READ_CONSUME_CHECK_CONSUMER) timestamp=1289 ms, used_size=6008832 bytes (14.7%)
(RDMA_READ_CONSUME_CHECK_CONSUMER) timestamp=1289 ms, used_size=6006784 bytes (14.7%)
(RDMA_READ_CONSUME_CHECK_CONSUMER) timestamp=1289 ms, used_size=6004736 bytes (14.7%)
(RDMA_READ_CONSUME_CHECK_CONSUMER) timestamp=1289 ms, used_size=6002688 bytes (14.7%)
(RDMA_READ_CONSUME_CHECK_CONSUMER) timestamp=1289 ms, used_size=6000640 bytes (14.7%)
(RDMA_READ_CONSUME_CHECK_CONSUMER) timestamp=1289 ms, used_size=5998592 bytes (14.6%)
(RDMA_READ_CONSUME_CHECK_CONSUMER) timestamp=1289 ms, used_size=5996544 bytes (14.6%)
(RDMA_READ_CONSUME_CHECK_CONSUMER) timestamp=1289 ms, used_size=5994496 bytes (14.6%)
(RDMA_READ_CONSUME_CHECK_CONSUMER) timestamp=1289 ms, used_size=5992448 bytes (14.6%)
(RDMA_READ_CONSUME_CHECK_CONSUMER) timestamp=1289 ms, used_size=5990400 bytes (14.6%)
(RDMA_READ_CONSUME_CHECK_CONSUMER) timestamp=1289 ms, used_size=5988352 bytes (14.6%)
(RDMA_READ_CONSUME_CHECK_CONSUMER) timestamp=1289 ms, used_size=5986304 bytes (14.6%)
(RDMA_READ_CONSUME_CHECK_CONSUMER) timestamp=1289 ms, used_size=5984256 bytes (14.6%)
(RDMA_READ_CONSUME_CHECK_CONSUMER) timestamp=1289 ms, used_size=5982208 bytes (14.6%)
(RDMA_READ_CONSUME_CHECK_CONSUMER) timestamp=1289 ms, used_size=5980160 bytes (14.6%)
(RDMA_READ_CONSUME_CHECK_CONSUMER) timestamp=1289 ms, used_size=5978112 bytes (14.6%)
(RDMA_READ_CONSUME_CHECK_CONSUMER) timestamp=1289 ms, used_size=5976064 bytes (14.6%)
(RDMA_READ_CONSUME_CHECK_CONSUMER) timestamp=1289 ms, used_size=5974016 bytes (14.6%)
(RDMA_READ_CONSUME_CHECK_CONSUMER) timestamp=1289 ms, used_size=5971968 bytes (14.6%)
(RDMA_READ_CONSUME_CHECK_CONSUMER) timestamp=1289 ms, used_size=5969920 bytes (14.6%)
(RDMA_READ_CONSUME_CHECK_CONSUMER) timestamp=1289 ms, used_size=5967872 bytes (14.6%)
(RDMA_READ_CONSUME_CHECK_CONSUMER) timestamp=1289 ms, used_size=5965824 bytes (14.6%)
(RDMA_READ_CONSUME_CHECK_CONSUMER) timestamp=1289 ms, used_size=5963776 bytes (14.6%)
(RDMA_READ_CONSUME_CHECK_CONSUMER) timestamp=1289 ms, used_size=5961728 bytes (14.6%)
(RDMA_READ_CONSUME_CHECK_CONSUMER) timestamp=1289 ms, used_size=5959680 bytes (14.6%)
(RDMA_READ_CONSUME_CHECK_CONSUMER) timestamp=1289 ms, used_size=5957632 bytes (14.5%)
(RDMA_READ_CONSUME_CHECK_CONSUMER) timestamp=1289 ms, used_size=5955584 bytes (14.5%)
(RDMA_READ_CONSUME_CHECK_CONSUMER) timestamp=1289 ms, used_size=5953536 bytes (14.5%)
(RDMA_READ_CONSUME_CHECK_CONSUMER) timestamp=1289 ms, used_size=5951488 bytes (14.5%)
(RDMA_READ_CONSUME_CHECK_CONSUMER) timestamp=1289 ms, used_size=5949440 bytes (14.5%)
(RDMA_READ_CONSUME_CHECK_CONSUMER) timestamp=1289 ms, used_size=5947392 bytes (14.5%)
(RDMA_READ_CONSUME_CHECK_CONSUMER) timestamp=1289 ms, used_size=5945344 bytes (14.5%)
(RDMA_READ_CONSUME_CHECK_CONSUMER) timestamp=1289 ms, used_size=5943296 bytes (14.5%)
(RDMA_READ_CONSUME_CHECK_CONSUMER) timestamp=1289 ms, used_size=5941248 bytes (14.5%)
(RDMA_READ_CONSUME_CHECK_CONSUMER) timestamp=1289 ms, used_size=5939200 bytes (14.5%)
(RDMA_READ_CONSUME_CHECK_CONSUMER) timestamp=1289 ms, used_size=5937152 bytes (14.5%)
(RDMA_READ_CONSUME_CHECK_CONSUMER) timestamp=1289 ms, used_size=5935104 bytes (14.5%)
(RDMA_READ_CONSUME_CHECK_CONSUMER) timestamp=1289 ms, used_size=5933056 bytes (14.5%)
(RDMA_READ_CONSUME_CHECK_CONSUMER) timestamp=1289 ms, used_size=5931008 bytes (14.5%)
(RDMA_READ_CONSUME_CHECK_CONSUMER) timestamp=1289 ms, used_size=5928960 bytes (14.5%)
(RDMA_READ_CONSUME_CHECK_CONSUMER) timestamp=1289 ms, used_size=5926912 bytes (14.5%)
(RDMA_READ_CONSUME_CHECK_CONSUMER) timestamp=1289 ms, used_size=5924864 bytes (14.5%)
(RDMA_READ_CONSUME_CHECK_CONSUMER) timestamp=1289 ms, used_size=5922816 bytes (14.5%)
(RDMA_READ_CONSUME_CHECK_CONSUMER) timestamp=1289 ms, used_size=5920768 bytes (14.5%)
(RDMA_READ_CONSUME_CHECK_CONSUMER) timestamp=1289 ms, used_size=5918720 bytes (14.4%)
(RDMA_READ_CONSUME_CHECK_CONSUMER) timestamp=1289 ms, used_size=5916672 bytes (14.4%)
(RDMA_READ_CONSUME_CHECK_CONSUMER) timestamp=1289 ms, used_size=5914624 bytes (14.4%)
(RDMA_READ_CONSUME_CHECK_CONSUMER) timestamp=1289 ms, used_size=5912576 bytes (14.4%)
(RDMA_READ_CONSUME_CHECK_CONSUMER) timestamp=1289 ms, used_size=5910528 bytes (14.4%)
(RDMA_READ_CONSUME_CHECK_CONSUMER) timestamp=1290 ms, used_size=5908480 bytes (14.4%)
(RDMA_READ_CONSUME_CHECK_CONSUMER) timestamp=1290 ms, used_size=5906432 bytes (14.4%)
(RDMA_READ_CONSUME_CHECK_CONSUMER) timestamp=1290 ms, used_size=5904384 bytes (14.4%)
(RDMA_READ_CONSUME_CHECK_CONSUMER) timestamp=1290 ms, used_size=5902336 bytes (14.4%)
(RDMA_READ_CONSUME_CHECK_CONSUMER) timestamp=1290 ms, used_size=5900288 bytes (14.4%)
(RDMA_READ_CONSUME_CHECK_CONSUMER) timestamp=1290 ms, used_size=5898240 bytes (14.4%)
(RDMA_READ_CONSUME_CHECK_CONSUMER) timestamp=1290 ms, used_size=5896192 bytes (14.4%)
(RDMA_READ_CONSUME_CHECK_CONSUMER) timestamp=1290 ms, used_size=5894144 bytes (14.4%)
(RDMA_READ_CONSUME_CHECK_CONSUMER) timestamp=1290 ms, used_size=5892096 bytes (14.4%)
(RDMA_READ_CONSUME_CHECK_CONSUMER) timestamp=1290 ms, used_size=5890048 bytes (14.4%)
(RDMA_READ_CONSUME_CHECK_CONSUMER) timestamp=1290 ms, used_size=5888000 bytes (14.4%)
(RDMA_READ_CONSUME_CHECK_CONSUMER) timestamp=1290 ms, used_size=5885952 bytes (14.4%)
(RDMA_READ_CONSUME_CHECK_CONSUMER) timestamp=1290 ms, used_size=5883904 bytes (14.4%)
(RDMA_READ_CONSUME_CHECK_CONSUMER) timestamp=1290 ms, used_size=5881856 bytes (14.4%)
(RDMA_READ_CONSUME_CHECK_CONSUMER) timestamp=1290 ms, used_size=5879808 bytes (14.4%)
(RDMA_READ_CONSUME_CHECK_CONSUMER) timestamp=1290 ms, used_size=5877760 bytes (14.3%)
(RDMA_READ_CONSUME_CHECK_CONSUMER) timestamp=1290 ms, used_size=5875712 bytes (14.3%)
(RDMA_READ_CONSUME_CHECK_CONSUMER) timestamp=1290 ms, used_size=5873664 bytes (14.3%)
(RDMA_READ_CONSUME_CHECK_CONSUMER) timestamp=1290 ms, used_size=5871616 bytes (14.3%)
(RDMA_READ_CONSUME_CHECK_CONSUMER) timestamp=1290 ms, used_size=5869568 bytes (14.3%)
(RDMA_READ_CONSUME_CHECK_CONSUMER) timestamp=1290 ms, used_size=5867520 bytes (14.3%)
(RDMA_READ_CONSUME_CHECK_CONSUMER) timestamp=1290 ms, used_size=5865472 bytes (14.3%)
(RDMA_READ_CONSUME_CHECK_CONSUMER) timestamp=1290 ms, used_size=5863424 bytes (14.3%)
(RDMA_READ_CONSUME_CHECK_CONSUMER) timestamp=1290 ms, used_size=5861376 bytes (14.3%)
(RDMA_READ_CONSUME_CHECK_CONSUMER) timestamp=1290 ms, used_size=5859328 bytes (14.3%)
(RDMA_READ_CONSUME_CHECK_CONSUMER) timestamp=1290 ms, used_size=5857280 bytes (14.3%)
(RDMA_READ_CONSUME_CHECK_CONSUMER) timestamp=1290 ms, used_size=5855232 bytes (14.3%)
(RDMA_READ_CONSUME_CHECK_CONSUMER) timestamp=1290 ms, used_size=5853184 bytes (14.3%)
(RDMA_READ_CONSUME_CHECK_CONSUMER) timestamp=1290 ms, used_size=5851136 bytes (14.3%)
(RDMA_READ_CONSUME_CHECK_CONSUMER) timestamp=1290 ms, used_size=5849088 bytes (14.3%)
(RDMA_READ_CONSUME_CHECK_CONSUMER) timestamp=1290 ms, used_size=5847040 bytes (14.3%)
(RDMA_READ_CONSUME_CHECK_CONSUMER) timestamp=1290 ms, used_size=5844992 bytes (14.3%)
(RDMA_READ_CONSUME_CHECK_CONSUMER) timestamp=1290 ms, used_size=5842944 bytes (14.3%)
(RDMA_READ_CONSUME_CHECK_CONSUMER) timestamp=1290 ms, used_size=5840896 bytes (14.3%)
(RDMA_READ_CONSUME_CHECK_CONSUMER) timestamp=1290 ms, used_size=5838848 bytes (14.3%)
(RDMA_READ_CONSUME_CHECK_CONSUMER) timestamp=1290 ms, used_size=5836800 bytes (14.2%)
(RDMA_READ_CONSUME_CHECK_CONSUMER) timestamp=1290 ms, used_size=5834752 bytes (14.2%)
(RDMA_READ_CONSUME_CHECK_CONSUMER) timestamp=1290 ms, used_size=5832704 bytes (14.2%)
(RDMA_READ_CONSUME_CHECK_CONSUMER) timestamp=1290 ms, used_size=5830656 bytes (14.2%)
(RDMA_READ_CONSUME_CHECK_CONSUMER) timestamp=1290 ms, used_size=5828608 bytes (14.2%)
(RDMA_READ_CONSUME_CHECK_CONSUMER) timestamp=1290 ms, used_size=5826560 bytes (14.2%)
(RDMA_READ_CONSUME_CHECK_CONSUMER) timestamp=1290 ms, used_size=5824512 bytes (14.2%)
(RDMA_READ_CONSUME_CHECK_CONSUMER) timestamp=1290 ms, used_size=5822464 bytes (14.2%)
(RDMA_READ_CONSUME_CHECK_CONSUMER) timestamp=1290 ms, used_size=5820416 bytes (14.2%)
(RDMA_READ_CONSUME_CHECK_CONSUMER) timestamp=1290 ms, used_size=5818368 bytes (14.2%)
(RDMA_READ_CONSUME_CHECK_CONSUMER) timestamp=1290 ms, used_size=5816320 bytes (14.2%)
(RDMA_READ_CONSUME_CHECK_CONSUMER) timestamp=1290 ms, used_size=5814272 bytes (14.2%)
(RDMA_READ_CONSUME_CHECK_CONSUMER) timestamp=1290 ms, used_size=5812224 bytes (14.2%)
(RDMA_READ_CONSUME_CHECK_CONSUMER) timestamp=1290 ms, used_size=5810176 bytes (14.2%)
(RDMA_READ_CONSUME_CHECK_CONSUMER) timestamp=1290 ms, used_size=5808128 bytes (14.2%)
(RDMA_READ_CONSUME_CHECK_CONSUMER) timestamp=1290 ms, used_size=5806080 bytes (14.2%)
(RDMA_READ_CONSUME_CHECK_CONSUMER) timestamp=1290 ms, used_size=5804032 bytes (14.2%)
(RDMA_READ_CONSUME_CHECK_CONSUMER) timestamp=1290 ms, used_size=5801984 bytes (14.2%)
(RDMA_READ_CONSUME_CHECK_CONSUMER) timestamp=1290 ms, used_size=5799936 bytes (14.2%)
(RDMA_READ_CONSUME_CHECK_CONSUMER) timestamp=1290 ms, used_size=5797888 bytes (14.2%)
(RDMA_READ_CONSUME_CHECK_CONSUMER) timestamp=1290 ms, used_size=5795840 bytes (14.2%)
(RDMA_READ_CONSUME_CHECK_CONSUMER) timestamp=1290 ms, used_size=5793792 bytes (14.1%)
(RDMA_READ_CONSUME_CHECK_CONSUMER) timestamp=1290 ms, used_size=5791744 bytes (14.1%)
(RDMA_READ_CONSUME_CHECK_CONSUMER) timestamp=1290 ms, used_size=5789696 bytes (14.1%)
(RDMA_READ_CONSUME_CHECK_CONSUMER) timestamp=1290 ms, used_size=5787648 bytes (14.1%)
(RDMA_READ_CONSUME_CHECK_CONSUMER) timestamp=1290 ms, used_size=5785600 bytes (14.1%)
(RDMA_READ_CONSUME_CHECK_CONSUMER) timestamp=1290 ms, used_size=5783552 bytes (14.1%)
(RDMA_READ_CONSUME_CHECK_CONSUMER) timestamp=1290 ms, used_size=5781504 bytes (14.1%)
(RDMA_READ_CONSUME_CHECK_CONSUMER) timestamp=1290 ms, used_size=5779456 bytes (14.1%)
(RDMA_READ_CONSUME_CHECK_CONSUMER) timestamp=1290 ms, used_size=5777408 bytes (14.1%)
(RDMA_READ_CONSUME_CHECK_CONSUMER) timestamp=1290 ms, used_size=5775360 bytes (14.1%)
(RDMA_READ_CONSUME_CHECK_CONSUMER) timestamp=1290 ms, used_size=5773312 bytes (14.1%)
(RDMA_READ_CONSUME_CHECK_CONSUMER) timestamp=1290 ms, used_size=5771264 bytes (14.1%)
(RDMA_READ_CONSUME_CHECK_CONSUMER) timestamp=1290 ms, used_size=5769216 bytes (14.1%)
(RDMA_READ_CONSUME_CHECK_CONSUMER) timestamp=1290 ms, used_size=5767168 bytes (14.1%)
(RDMA_READ_CONSUME_CHECK_CONSUMER) timestamp=1290 ms, used_size=5765120 bytes (14.1%)
(RDMA_READ_CONSUME_CHECK_CONSUMER) timestamp=1290 ms, used_size=5763072 bytes (14.1%)
(RDMA_READ_CONSUME_CHECK_CONSUMER) timestamp=1290 ms, used_size=5761024 bytes (14.1%)
(RDMA_READ_CONSUME_CHECK_CONSUMER) timestamp=1290 ms, used_size=5758976 bytes (14.1%)
(RDMA_READ_CONSUME_CHECK_CONSUMER) timestamp=1290 ms, used_size=5756928 bytes (14.1%)
(RDMA_READ_CONSUME_CHECK_CONSUMER) timestamp=1290 ms, used_size=5754880 bytes (14.1%)
(RDMA_READ_CONSUME_CHECK_CONSUMER) timestamp=1290 ms, used_size=5752832 bytes (14.0%)
(RDMA_READ_CONSUME_CHECK_CONSUMER) timestamp=1290 ms, used_size=5750784 bytes (14.0%)
(RDMA_READ_CONSUME_CHECK_CONSUMER) timestamp=1290 ms, used_size=5748736 bytes (14.0%)
(RDMA_READ_CONSUME_CHECK_CONSUMER) timestamp=1290 ms, used_size=5746688 bytes (14.0%)
(RDMA_READ_CONSUME_CHECK_CONSUMER) timestamp=1290 ms, used_size=5744640 bytes (14.0%)
(RDMA_READ_CONSUME_CHECK_CONSUMER) timestamp=1290 ms, used_size=5742592 bytes (14.0%)
(RDMA_READ_CONSUME_CHECK_CONSUMER) timestamp=1290 ms, used_size=5740544 bytes (14.0%)
(RDMA_READ_CONSUME_CHECK_CONSUMER) timestamp=1290 ms, used_size=5738496 bytes (14.0%)
(RDMA_READ_CONSUME_CHECK_CONSUMER) timestamp=1290 ms, used_size=5736448 bytes (14.0%)
(RDMA_READ_CONSUME_CHECK_CONSUMER) timestamp=1290 ms, used_size=5734400 bytes (14.0%)
(RDMA_READ_CONSUME_CHECK_CONSUMER) timestamp=1290 ms, used_size=5732352 bytes (14.0%)
(RDMA_READ_CONSUME_CHECK_CONSUMER) timestamp=1290 ms, used_size=5730304 bytes (14.0%)
(RDMA_READ_CONSUME_CHECK_CONSUMER) timestamp=1290 ms, used_size=5728256 bytes (14.0%)
(RDMA_READ_CONSUME_CHECK_CONSUMER) timestamp=1290 ms, used_size=5726208 bytes (14.0%)
(RDMA_READ_CONSUME_CHECK_CONSUMER) timestamp=1290 ms, used_size=5724160 bytes (14.0%)
(RDMA_READ_CONSUME_CHECK_CONSUMER) timestamp=1290 ms, used_size=5722112 bytes (14.0%)
(RDMA_READ_CONSUME_CHECK_CONSUMER) timestamp=1290 ms, used_size=5720064 bytes (14.0%)
(RDMA_READ_CONSUME_CHECK_CONSUMER) timestamp=1290 ms, used_size=5718016 bytes (14.0%)
(RDMA_READ_CONSUME_CHECK_CONSUMER) timestamp=1290 ms, used_size=5715968 bytes (14.0%)
(RDMA_READ_CONSUME_CHECK_CONSUMER) timestamp=1290 ms, used_size=5713920 bytes (13.9%)
(RDMA_READ_CONSUME_CHECK_CONSUMER) timestamp=1290 ms, used_size=5711872 bytes (13.9%)
(RDMA_READ_CONSUME_CHECK_CONSUMER) timestamp=1290 ms, used_size=5709824 bytes (13.9%)
(RDMA_READ_CONSUME_CHECK_CONSUMER) timestamp=1290 ms, used_size=5707776 bytes (13.9%)
(RDMA_READ_CONSUME_CHECK_CONSUMER) timestamp=1290 ms, used_size=5705728 bytes (13.9%)
(RDMA_READ_CONSUME_CHECK_CONSUMER) timestamp=1290 ms, used_size=5703680 bytes (13.9%)
(RDMA_READ_CONSUME_CHECK_CONSUMER) timestamp=1290 ms, used_size=5701632 bytes (13.9%)
(RDMA_READ_CONSUME_CHECK_CONSUMER) timestamp=1290 ms, used_size=5699584 bytes (13.9%)
(RDMA_READ_CONSUME_CHECK_CONSUMER) timestamp=1290 ms, used_size=5697536 bytes (13.9%)
(RDMA_READ_CONSUME_CHECK_CONSUMER) timestamp=1290 ms, used_size=5695488 bytes (13.9%)
(RDMA_READ_CONSUME_CHECK_CONSUMER) timestamp=1290 ms, used_size=5693440 bytes (13.9%)
(RDMA_READ_CONSUME_CHECK_CONSUMER) timestamp=1290 ms, used_size=5691392 bytes (13.9%)
(RDMA_READ_CONSUME_CHECK_CONSUMER) timestamp=1290 ms, used_size=5689344 bytes (13.9%)
(RDMA_READ_CONSUME_CHECK_CONSUMER) timestamp=1290 ms, used_size=5687296 bytes (13.9%)
(RDMA_READ_CONSUME_CHECK_CONSUMER) timestamp=1290 ms, used_size=5685248 bytes (13.9%)
(RDMA_READ_CONSUME_CHECK_CONSUMER) timestamp=1290 ms, used_size=5683200 bytes (13.9%)
(RDMA_READ_CONSUME_CHECK_CONSUMER) timestamp=1290 ms, used_size=5681152 bytes (13.9%)
(RDMA_READ_CONSUME_CHECK_CONSUMER) timestamp=1290 ms, used_size=5679104 bytes (13.9%)
(RDMA_READ_CONSUME_CHECK_CONSUMER) timestamp=1290 ms, used_size=5677056 bytes (13.9%)
(RDMA_READ_CONSUME_CHECK_CONSUMER) timestamp=1290 ms, used_size=5675008 bytes (13.9%)
(RDMA_READ_CONSUME_CHECK_CONSUMER) timestamp=1290 ms, used_size=5672960 bytes (13.8%)
(RDMA_READ_CONSUME_CHECK_CONSUMER) timestamp=1290 ms, used_size=5670912 bytes (13.8%)
(RDMA_READ_CONSUME_CHECK_CONSUMER) timestamp=1290 ms, used_size=5668864 bytes (13.8%)
(RDMA_READ_CONSUME_CHECK_CONSUMER) timestamp=1290 ms, used_size=5666816 bytes (13.8%)
(RDMA_READ_CONSUME_CHECK_CONSUMER) timestamp=1290 ms, used_size=5664768 bytes (13.8%)
(RDMA_READ_CONSUME_CHECK_CONSUMER) timestamp=1290 ms, used_size=5662720 bytes (13.8%)
(RDMA_READ_CONSUME_CHECK_CONSUMER) timestamp=1290 ms, used_size=5660672 bytes (13.8%)
(RDMA_READ_CONSUME_CHECK_CONSUMER) timestamp=1290 ms, used_size=5658624 bytes (13.8%)
(RDMA_READ_CONSUME_CHECK_CONSUMER) timestamp=1290 ms, used_size=5656576 bytes (13.8%)
(RDMA_READ_CONSUME_CHECK_CONSUMER) timestamp=1290 ms, used_size=5654528 bytes (13.8%)
(RDMA_READ_CONSUME_CHECK_CONSUMER) timestamp=1290 ms, used_size=5652480 bytes (13.8%)
(RDMA_READ_CONSUME_CHECK_CONSUMER) timestamp=1290 ms, used_size=5650432 bytes (13.8%)
(RDMA_READ_CONSUME_CHECK_CONSUMER) timestamp=1290 ms, used_size=5648384 bytes (13.8%)
(RDMA_READ_CONSUME_CHECK_CONSUMER) timestamp=1290 ms, used_size=5646336 bytes (13.8%)
(RDMA_READ_CONSUME_CHECK_CONSUMER) timestamp=1290 ms, used_size=5644288 bytes (13.8%)
(RDMA_READ_CONSUME_CHECK_CONSUMER) timestamp=1290 ms, used_size=5642240 bytes (13.8%)
(RDMA_READ_CONSUME_CHECK_CONSUMER) timestamp=1290 ms, used_size=5640192 bytes (13.8%)
(RDMA_READ_CONSUME_CHECK_CONSUMER) timestamp=1290 ms, used_size=5638144 bytes (13.8%)
(RDMA_READ_CONSUME_CHECK_CONSUMER) timestamp=1290 ms, used_size=5636096 bytes (13.8%)
(RDMA_READ_CONSUME_CHECK_CONSUMER) timestamp=1290 ms, used_size=5634048 bytes (13.8%)
(RDMA_READ_CONSUME_CHECK_CONSUMER) timestamp=1290 ms, used_size=5632000 bytes (13.8%)
(RDMA_READ_CONSUME_CHECK_CONSUMER) timestamp=1290 ms, used_size=5629952 bytes (13.7%)
(RDMA_READ_CONSUME_CHECK_CONSUMER) timestamp=1290 ms, used_size=5627904 bytes (13.7%)
(RDMA_READ_CONSUME_CHECK_CONSUMER) timestamp=1290 ms, used_size=5625856 bytes (13.7%)
(RDMA_READ_CONSUME_CHECK_CONSUMER) timestamp=1290 ms, used_size=5623808 bytes (13.7%)
(RDMA_READ_CONSUME_CHECK_CONSUMER) timestamp=1290 ms, used_size=5621760 bytes (13.7%)
(RDMA_READ_CONSUME_CHECK_CONSUMER) timestamp=1290 ms, used_size=5619712 bytes (13.7%)
(RDMA_READ_CONSUME_CHECK_CONSUMER) timestamp=1290 ms, used_size=5617664 bytes (13.7%)
(RDMA_READ_CONSUME_CHECK_CONSUMER) timestamp=1290 ms, used_size=5615616 bytes (13.7%)
(RDMA_READ_CONSUME_CHECK_CONSUMER) timestamp=1290 ms, used_size=5613568 bytes (13.7%)
(RDMA_READ_CONSUME_CHECK_CONSUMER) timestamp=1290 ms, used_size=5611520 bytes (13.7%)
(RDMA_READ_CONSUME_CHECK_CONSUMER) timestamp=1290 ms, used_size=5609472 bytes (13.7%)
(RDMA_READ_CONSUME_CHECK_CONSUMER) timestamp=1290 ms, used_size=5607424 bytes (13.7%)
(RDMA_READ_CONSUME_CHECK_CONSUMER) timestamp=1290 ms, used_size=5605376 bytes (13.7%)
(RDMA_READ_CONSUME_CHECK_CONSUMER) timestamp=1290 ms, used_size=5603328 bytes (13.7%)
(RDMA_READ_CONSUME_CHECK_CONSUMER) timestamp=1290 ms, used_size=5601280 bytes (13.7%)
(RDMA_READ_CONSUME_CHECK_CONSUMER) timestamp=1290 ms, used_size=5599232 bytes (13.7%)
(RDMA_READ_CONSUME_CHECK_CONSUMER) timestamp=1290 ms, used_size=5597184 bytes (13.7%)
(RDMA_READ_CONSUME_CHECK_CONSUMER) timestamp=1290 ms, used_size=5595136 bytes (13.7%)
(RDMA_READ_CONSUME_CHECK_CONSUMER) timestamp=1290 ms, used_size=5593088 bytes (13.7%)
(RDMA_READ_CONSUME_CHECK_CONSUMER) timestamp=1290 ms, used_size=5591040 bytes (13.7%)
(RDMA_READ_CONSUME_CHECK_CONSUMER) timestamp=1290 ms, used_size=5588992 bytes (13.6%)
(RDMA_READ_CONSUME_CHECK_CONSUMER) timestamp=1290 ms, used_size=5586944 bytes (13.6%)
(RDMA_READ_CONSUME_CHECK_CONSUMER) timestamp=1290 ms, used_size=5584896 bytes (13.6%)
(RDMA_READ_CONSUME_CHECK_CONSUMER) timestamp=1290 ms, used_size=5582848 bytes (13.6%)
(RDMA_READ_CONSUME_CHECK_CONSUMER) timestamp=1290 ms, used_size=5580800 bytes (13.6%)
(RDMA_READ_CONSUME_CHECK_CONSUMER) timestamp=1290 ms, used_size=5578752 bytes (13.6%)
(RDMA_READ_CONSUME_CHECK_CONSUMER) timestamp=1290 ms, used_size=5576704 bytes (13.6%)
(RDMA_READ_CONSUME_CHECK_CONSUMER) timestamp=1290 ms, used_size=5574656 bytes (13.6%)
(RDMA_READ_CONSUME_CHECK_CONSUMER) timestamp=1290 ms, used_size=5572608 bytes (13.6%)
(RDMA_READ_CONSUME_CHECK_CONSUMER) timestamp=1290 ms, used_size=5570560 bytes (13.6%)
(RDMA_READ_CONSUME_CHECK_CONSUMER) timestamp=1290 ms, used_size=5568512 bytes (13.6%)
(RDMA_READ_CONSUME_CHECK_CONSUMER) timestamp=1290 ms, used_size=5566464 bytes (13.6%)
(RDMA_READ_CONSUME_CHECK_CONSUMER) timestamp=1290 ms, used_size=5564416 bytes (13.6%)
(RDMA_READ_CONSUME_CHECK_CONSUMER) timestamp=1290 ms, used_size=5562368 bytes (13.6%)
(RDMA_READ_CONSUME_CHECK_CONSUMER) timestamp=1290 ms, used_size=5560320 bytes (13.6%)
(RDMA_READ_CONSUME_CHECK_CONSUMER) timestamp=1290 ms, used_size=5558272 bytes (13.6%)
(RDMA_READ_CONSUME_CHECK_CONSUMER) timestamp=1290 ms, used_size=5556224 bytes (13.6%)
(RDMA_READ_CONSUME_CHECK_CONSUMER) timestamp=1290 ms, used_size=5554176 bytes (13.6%)
(RDMA_READ_CONSUME_CHECK_CONSUMER) timestamp=1290 ms, used_size=5552128 bytes (13.6%)
(RDMA_READ_CONSUME_CHECK_CONSUMER) timestamp=1290 ms, used_size=5550080 bytes (13.6%)
(RDMA_READ_CONSUME_CHECK_CONSUMER) timestamp=1290 ms, used_size=5548032 bytes (13.5%)
(RDMA_READ_CONSUME_CHECK_CONSUMER) timestamp=1290 ms, used_size=5545984 bytes (13.5%)
(RDMA_READ_CONSUME_CHECK_CONSUMER) timestamp=1290 ms, used_size=5543936 bytes (13.5%)
(RDMA_READ_CONSUME_CHECK_CONSUMER) timestamp=1290 ms, used_size=5541888 bytes (13.5%)
(RDMA_READ_CONSUME_CHECK_CONSUMER) timestamp=1290 ms, used_size=5539840 bytes (13.5%)
(RDMA_READ_CONSUME_CHECK_CONSUMER) timestamp=1291 ms, used_size=5537792 bytes (13.5%)
(RDMA_READ_CONSUME_CHECK_CONSUMER) timestamp=1291 ms, used_size=5535744 bytes (13.5%)
(RDMA_READ_CONSUME_CHECK_CONSUMER) timestamp=1291 ms, used_size=5533696 bytes (13.5%)
(RDMA_READ_CONSUME_CHECK_CONSUMER) timestamp=1291 ms, used_size=5531648 bytes (13.5%)
(RDMA_READ_CONSUME_CHECK_CONSUMER) timestamp=1291 ms, used_size=5529600 bytes (13.5%)
(RDMA_READ_CONSUME_CHECK_CONSUMER) timestamp=1291 ms, used_size=5527552 bytes (13.5%)
(RDMA_READ_CONSUME_CHECK_CONSUMER) timestamp=1291 ms, used_size=5525504 bytes (13.5%)
(RDMA_READ_CONSUME_CHECK_CONSUMER) timestamp=1291 ms, used_size=5523456 bytes (13.5%)
(RDMA_READ_CONSUME_CHECK_CONSUMER) timestamp=1291 ms, used_size=5521408 bytes (13.5%)
(RDMA_READ_CONSUME_CHECK_CONSUMER) timestamp=1291 ms, used_size=5519360 bytes (13.5%)
(RDMA_READ_CONSUME_CHECK_CONSUMER) timestamp=1291 ms, used_size=5517312 bytes (13.5%)
(RDMA_READ_CONSUME_CHECK_CONSUMER) timestamp=1291 ms, used_size=5515264 bytes (13.5%)
(RDMA_READ_CONSUME_CHECK_CONSUMER) timestamp=1291 ms, used_size=5513216 bytes (13.5%)
(RDMA_READ_CONSUME_CHECK_CONSUMER) timestamp=1291 ms, used_size=5511168 bytes (13.5%)
(RDMA_READ_CONSUME_CHECK_CONSUMER) timestamp=1291 ms, used_size=5509120 bytes (13.4%)
(RDMA_READ_CONSUME_CHECK_CONSUMER) timestamp=1291 ms, used_size=5507072 bytes (13.4%)
(RDMA_READ_CONSUME_CHECK_CONSUMER) timestamp=1291 ms, used_size=5505024 bytes (13.4%)
(RDMA_READ_CONSUME_CHECK_CONSUMER) timestamp=1291 ms, used_size=5502976 bytes (13.4%)
(RDMA_READ_CONSUME_CHECK_CONSUMER) timestamp=1291 ms, used_size=5500928 bytes (13.4%)
(RDMA_READ_CONSUME_CHECK_CONSUMER) timestamp=1291 ms, used_size=5498880 bytes (13.4%)
(RDMA_READ_CONSUME_CHECK_CONSUMER) timestamp=1291 ms, used_size=5496832 bytes (13.4%)
(RDMA_READ_CONSUME_CHECK_CONSUMER) timestamp=1291 ms, used_size=5494784 bytes (13.4%)
(RDMA_READ_CONSUME_CHECK_CONSUMER) timestamp=1291 ms, used_size=5492736 bytes (13.4%)
(RDMA_READ_CONSUME_CHECK_CONSUMER) timestamp=1291 ms, used_size=5490688 bytes (13.4%)
(RDMA_READ_CONSUME_CHECK_CONSUMER) timestamp=1291 ms, used_size=5488640 bytes (13.4%)
(RDMA_READ_CONSUME_CHECK_CONSUMER) timestamp=1291 ms, used_size=5486592 bytes (13.4%)
(RDMA_READ_CONSUME_CHECK_CONSUMER) timestamp=1291 ms, used_size=5484544 bytes (13.4%)
(RDMA_READ_CONSUME_CHECK_CONSUMER) timestamp=1291 ms, used_size=5482496 bytes (13.4%)
(RDMA_READ_CONSUME_CHECK_CONSUMER) timestamp=1291 ms, used_size=5480448 bytes (13.4%)
(RDMA_READ_CONSUME_CHECK_CONSUMER) timestamp=1291 ms, used_size=5478400 bytes (13.4%)
(RDMA_READ_CONSUME_CHECK_CONSUMER) timestamp=1291 ms, used_size=5476352 bytes (13.4%)
(RDMA_READ_CONSUME_CHECK_CONSUMER) timestamp=1291 ms, used_size=5474304 bytes (13.4%)
(RDMA_READ_CONSUME_CHECK_CONSUMER) timestamp=1291 ms, used_size=5472256 bytes (13.4%)
(RDMA_READ_CONSUME_CHECK_CONSUMER) timestamp=1291 ms, used_size=5470208 bytes (13.4%)
(RDMA_READ_CONSUME_CHECK_CONSUMER) timestamp=1291 ms, used_size=5468160 bytes (13.3%)
(RDMA_READ_CONSUME_CHECK_CONSUMER) timestamp=1291 ms, used_size=5466112 bytes (13.3%)
(RDMA_READ_CONSUME_CHECK_CONSUMER) timestamp=1291 ms, used_size=5464064 bytes (13.3%)
(RDMA_READ_CONSUME_CHECK_CONSUMER) timestamp=1291 ms, used_size=5462016 bytes (13.3%)
(RDMA_READ_CONSUME_CHECK_CONSUMER) timestamp=1291 ms, used_size=5459968 bytes (13.3%)
(RDMA_READ_CONSUME_CHECK_CONSUMER) timestamp=1291 ms, used_size=5457920 bytes (13.3%)
(RDMA_READ_CONSUME_CHECK_CONSUMER) timestamp=1291 ms, used_size=5455872 bytes (13.3%)
(RDMA_READ_CONSUME_CHECK_CONSUMER) timestamp=1291 ms, used_size=5453824 bytes (13.3%)
(RDMA_READ_CONSUME_CHECK_CONSUMER) timestamp=1291 ms, used_size=5451776 bytes (13.3%)
(RDMA_READ_CONSUME_CHECK_CONSUMER) timestamp=1291 ms, used_size=5449728 bytes (13.3%)
(RDMA_READ_CONSUME_CHECK_CONSUMER) timestamp=1291 ms, used_size=5447680 bytes (13.3%)
(RDMA_READ_CONSUME_CHECK_CONSUMER) timestamp=1291 ms, used_size=5445632 bytes (13.3%)
(RDMA_READ_CONSUME_CHECK_CONSUMER) timestamp=1291 ms, used_size=5443584 bytes (13.3%)
(RDMA_READ_CONSUME_CHECK_CONSUMER) timestamp=1291 ms, used_size=5441536 bytes (13.3%)
(RDMA_READ_CONSUME_CHECK_CONSUMER) timestamp=1291 ms, used_size=5439488 bytes (13.3%)
(RDMA_READ_CONSUME_CHECK_CONSUMER) timestamp=1291 ms, used_size=5437440 bytes (13.3%)
(RDMA_READ_CONSUME_CHECK_CONSUMER) timestamp=1291 ms, used_size=5435392 bytes (13.3%)
(RDMA_READ_CONSUME_CHECK_CONSUMER) timestamp=1291 ms, used_size=5433344 bytes (13.3%)
(RDMA_READ_CONSUME_CHECK_CONSUMER) timestamp=1291 ms, used_size=5431296 bytes (13.3%)
(RDMA_READ_CONSUME_CHECK_CONSUMER) timestamp=1291 ms, used_size=5429248 bytes (13.3%)
(RDMA_READ_CONSUME_CHECK_CONSUMER) timestamp=1291 ms, used_size=5427200 bytes (13.2%)
(RDMA_READ_CONSUME_CHECK_CONSUMER) timestamp=1291 ms, used_size=5425152 bytes (13.2%)
(RDMA_READ_CONSUME_CHECK_CONSUMER) timestamp=1291 ms, used_size=5423104 bytes (13.2%)
(RDMA_READ_CONSUME_CHECK_CONSUMER) timestamp=1291 ms, used_size=5421056 bytes (13.2%)
(RDMA_READ_CONSUME_CHECK_CONSUMER) timestamp=1291 ms, used_size=5419008 bytes (13.2%)
(RDMA_READ_CONSUME_CHECK_CONSUMER) timestamp=1291 ms, used_size=5416960 bytes (13.2%)
(RDMA_READ_CONSUME_CHECK_CONSUMER) timestamp=1291 ms, used_size=5414912 bytes (13.2%)
(RDMA_READ_CONSUME_CHECK_CONSUMER) timestamp=1291 ms, used_size=5412864 bytes (13.2%)
(RDMA_READ_CONSUME_CHECK_CONSUMER) timestamp=1291 ms, used_size=5410816 bytes (13.2%)
(RDMA_READ_CONSUME_CHECK_CONSUMER) timestamp=1291 ms, used_size=5408768 bytes (13.2%)
(RDMA_READ_CONSUME_CHECK_CONSUMER) timestamp=1291 ms, used_size=5406720 bytes (13.2%)
(RDMA_READ_CONSUME_CHECK_CONSUMER) timestamp=1291 ms, used_size=5404672 bytes (13.2%)
(RDMA_READ_CONSUME_CHECK_CONSUMER) timestamp=1291 ms, used_size=5402624 bytes (13.2%)
(RDMA_READ_CONSUME_CHECK_CONSUMER) timestamp=1291 ms, used_size=5400576 bytes (13.2%)
(RDMA_READ_CONSUME_CHECK_CONSUMER) timestamp=1291 ms, used_size=5398528 bytes (13.2%)
(RDMA_READ_CONSUME_CHECK_CONSUMER) timestamp=1291 ms, used_size=5396480 bytes (13.2%)
(RDMA_READ_CONSUME_CHECK_CONSUMER) timestamp=1291 ms, used_size=5394432 bytes (13.2%)
(RDMA_READ_CONSUME_CHECK_CONSUMER) timestamp=1291 ms, used_size=5392384 bytes (13.2%)
(RDMA_READ_CONSUME_CHECK_CONSUMER) timestamp=1291 ms, used_size=5390336 bytes (13.2%)
(RDMA_READ_CONSUME_CHECK_CONSUMER) timestamp=1291 ms, used_size=5388288 bytes (13.2%)
(RDMA_READ_CONSUME_CHECK_CONSUMER) timestamp=1291 ms, used_size=5386240 bytes (13.2%)
(RDMA_READ_CONSUME_CHECK_CONSUMER) timestamp=1291 ms, used_size=5384192 bytes (13.1%)
(RDMA_READ_CONSUME_CHECK_CONSUMER) timestamp=1291 ms, used_size=5382144 bytes (13.1%)
(RDMA_READ_CONSUME_CHECK_CONSUMER) timestamp=1291 ms, used_size=5380096 bytes (13.1%)
(RDMA_READ_CONSUME_CHECK_CONSUMER) timestamp=1291 ms, used_size=5378048 bytes (13.1%)
(RDMA_READ_CONSUME_CHECK_CONSUMER) timestamp=1291 ms, used_size=5376000 bytes (13.1%)
(RDMA_READ_CONSUME_CHECK_CONSUMER) timestamp=1291 ms, used_size=5373952 bytes (13.1%)
(RDMA_READ_CONSUME_CHECK_CONSUMER) timestamp=1291 ms, used_size=5371904 bytes (13.1%)
(RDMA_READ_CONSUME_CHECK_CONSUMER) timestamp=1291 ms, used_size=5369856 bytes (13.1%)
(RDMA_READ_CONSUME_CHECK_CONSUMER) timestamp=1291 ms, used_size=5367808 bytes (13.1%)
(RDMA_READ_CONSUME_CHECK_CONSUMER) timestamp=1291 ms, used_size=5365760 bytes (13.1%)
(RDMA_READ_CONSUME_CHECK_CONSUMER) timestamp=1291 ms, used_size=5363712 bytes (13.1%)
(RDMA_READ_CONSUME_CHECK_CONSUMER) timestamp=1291 ms, used_size=5361664 bytes (13.1%)
(RDMA_READ_CONSUME_CHECK_CONSUMER) timestamp=1291 ms, used_size=5359616 bytes (13.1%)
(RDMA_READ_CONSUME_CHECK_CONSUMER) timestamp=1291 ms, used_size=5357568 bytes (13.1%)
(RDMA_READ_CONSUME_CHECK_CONSUMER) timestamp=1291 ms, used_size=5355520 bytes (13.1%)
(RDMA_READ_CONSUME_CHECK_CONSUMER) timestamp=1291 ms, used_size=5353472 bytes (13.1%)
(RDMA_READ_CONSUME_CHECK_CONSUMER) timestamp=1291 ms, used_size=5351424 bytes (13.1%)
(RDMA_READ_CONSUME_CHECK_CONSUMER) timestamp=1291 ms, used_size=5349376 bytes (13.1%)
(RDMA_READ_CONSUME_CHECK_CONSUMER) timestamp=1291 ms, used_size=5347328 bytes (13.1%)
(RDMA_READ_CONSUME_CHECK_CONSUMER) timestamp=1291 ms, used_size=5345280 bytes (13.1%)
(RDMA_READ_CONSUME_CHECK_CONSUMER) timestamp=1291 ms, used_size=5343232 bytes (13.0%)
(RDMA_READ_CONSUME_CHECK_CONSUMER) timestamp=1291 ms, used_size=5341184 bytes (13.0%)
(RDMA_READ_CONSUME_CHECK_CONSUMER) timestamp=1291 ms, used_size=5339136 bytes (13.0%)
(RDMA_READ_CONSUME_CHECK_CONSUMER) timestamp=1291 ms, used_size=5337088 bytes (13.0%)
(RDMA_READ_CONSUME_CHECK_CONSUMER) timestamp=1291 ms, used_size=5335040 bytes (13.0%)
(RDMA_READ_CONSUME_CHECK_CONSUMER) timestamp=1291 ms, used_size=5332992 bytes (13.0%)
(RDMA_READ_CONSUME_CHECK_CONSUMER) timestamp=1291 ms, used_size=5330944 bytes (13.0%)
(RDMA_READ_CONSUME_CHECK_CONSUMER) timestamp=1291 ms, used_size=5328896 bytes (13.0%)
(RDMA_READ_CONSUME_CHECK_CONSUMER) timestamp=1291 ms, used_size=5326848 bytes (13.0%)
(RDMA_READ_CONSUME_CHECK_CONSUMER) timestamp=1291 ms, used_size=5324800 bytes (13.0%)
(RDMA_READ_CONSUME_CHECK_CONSUMER) timestamp=1291 ms, used_size=5322752 bytes (13.0%)
(RDMA_READ_CONSUME_CHECK_CONSUMER) timestamp=1291 ms, used_size=5320704 bytes (13.0%)
(RDMA_READ_CONSUME_CHECK_CONSUMER) timestamp=1291 ms, used_size=5318656 bytes (13.0%)
(RDMA_READ_CONSUME_CHECK_CONSUMER) timestamp=1291 ms, used_size=5316608 bytes (13.0%)
(RDMA_READ_CONSUME_CHECK_CONSUMER) timestamp=1291 ms, used_size=5314560 bytes (13.0%)
(RDMA_READ_CONSUME_CHECK_CONSUMER) timestamp=1291 ms, used_size=5312512 bytes (13.0%)
(RDMA_READ_CONSUME_CHECK_CONSUMER) timestamp=1291 ms, used_size=5310464 bytes (13.0%)
(RDMA_READ_CONSUME_CHECK_CONSUMER) timestamp=1291 ms, used_size=5308416 bytes (13.0%)
(RDMA_READ_CONSUME_CHECK_CONSUMER) timestamp=1291 ms, used_size=5306368 bytes (13.0%)
(RDMA_READ_CONSUME_CHECK_CONSUMER) timestamp=1291 ms, used_size=5304320 bytes (12.9%)
(RDMA_READ_CONSUME_CHECK_CONSUMER) timestamp=1291 ms, used_size=5302272 bytes (12.9%)
(RDMA_READ_CONSUME_CHECK_CONSUMER) timestamp=1291 ms, used_size=5300224 bytes (12.9%)
(RDMA_READ_CONSUME_CHECK_CONSUMER) timestamp=1291 ms, used_size=5298176 bytes (12.9%)
(RDMA_READ_CONSUME_CHECK_CONSUMER) timestamp=1291 ms, used_size=5296128 bytes (12.9%)
(RDMA_READ_CONSUME_CHECK_CONSUMER) timestamp=1291 ms, used_size=5294080 bytes (12.9%)
(RDMA_READ_CONSUME_CHECK_CONSUMER) timestamp=1291 ms, used_size=5292032 bytes (12.9%)
(RDMA_READ_CONSUME_CHECK_CONSUMER) timestamp=1291 ms, used_size=5289984 bytes (12.9%)
(RDMA_READ_CONSUME_CHECK_CONSUMER) timestamp=1291 ms, used_size=5287936 bytes (12.9%)
(RDMA_READ_CONSUME_CHECK_CONSUMER) timestamp=1291 ms, used_size=5285888 bytes (12.9%)
(RDMA_READ_CONSUME_CHECK_CONSUMER) timestamp=1291 ms, used_size=5283840 bytes (12.9%)
(RDMA_READ_CONSUME_CHECK_CONSUMER) timestamp=1291 ms, used_size=5281792 bytes (12.9%)
(RDMA_READ_CONSUME_CHECK_CONSUMER) timestamp=1291 ms, used_size=5279744 bytes (12.9%)
(RDMA_READ_CONSUME_CHECK_CONSUMER) timestamp=1291 ms, used_size=5277696 bytes (12.9%)
(RDMA_READ_CONSUME_CHECK_CONSUMER) timestamp=1291 ms, used_size=5275648 bytes (12.9%)
(RDMA_READ_CONSUME_CHECK_CONSUMER) timestamp=1291 ms, used_size=5273600 bytes (12.9%)
(RDMA_READ_CONSUME_CHECK_CONSUMER) timestamp=1291 ms, used_size=5271552 bytes (12.9%)
(RDMA_READ_CONSUME_CHECK_CONSUMER) timestamp=1291 ms, used_size=5269504 bytes (12.9%)
(RDMA_READ_CONSUME_CHECK_CONSUMER) timestamp=1291 ms, used_size=5267456 bytes (12.9%)
(RDMA_READ_CONSUME_CHECK_CONSUMER) timestamp=1291 ms, used_size=5265408 bytes (12.9%)
(RDMA_READ_CONSUME_CHECK_CONSUMER) timestamp=1291 ms, used_size=5263360 bytes (12.8%)
(RDMA_READ_CONSUME_CHECK_CONSUMER) timestamp=1291 ms, used_size=5261312 bytes (12.8%)
(RDMA_READ_CONSUME_CHECK_CONSUMER) timestamp=1291 ms, used_size=5259264 bytes (12.8%)
(RDMA_READ_CONSUME_CHECK_CONSUMER) timestamp=1291 ms, used_size=5257216 bytes (12.8%)
(RDMA_READ_CONSUME_CHECK_CONSUMER) timestamp=1291 ms, used_size=5255168 bytes (12.8%)
(RDMA_READ_CONSUME_CHECK_CONSUMER) timestamp=1291 ms, used_size=5253120 bytes (12.8%)
(RDMA_READ_CONSUME_CHECK_CONSUMER) timestamp=1291 ms, used_size=5251072 bytes (12.8%)
(RDMA_READ_CONSUME_CHECK_CONSUMER) timestamp=1291 ms, used_size=5249024 bytes (12.8%)
(RDMA_READ_CONSUME_CHECK_CONSUMER) timestamp=1291 ms, used_size=5246976 bytes (12.8%)
(RDMA_READ_CONSUME_CHECK_CONSUMER) timestamp=1291 ms, used_size=5244928 bytes (12.8%)
(RDMA_READ_CONSUME_CHECK_CONSUMER) timestamp=1291 ms, used_size=5242880 bytes (12.8%)
(RDMA_READ_CONSUME_CHECK_CONSUMER) timestamp=1291 ms, used_size=5240832 bytes (12.8%)
(RDMA_READ_CONSUME_CHECK_CONSUMER) timestamp=1291 ms, used_size=5238784 bytes (12.8%)
(RDMA_READ_CONSUME_CHECK_CONSUMER) timestamp=1291 ms, used_size=5236736 bytes (12.8%)
(RDMA_READ_CONSUME_CHECK_CONSUMER) timestamp=1291 ms, used_size=5234688 bytes (12.8%)
(RDMA_READ_CONSUME_CHECK_CONSUMER) timestamp=1291 ms, used_size=5232640 bytes (12.8%)
(RDMA_READ_CONSUME_CHECK_CONSUMER) timestamp=1291 ms, used_size=5230592 bytes (12.8%)
(RDMA_READ_CONSUME_CHECK_CONSUMER) timestamp=1291 ms, used_size=5228544 bytes (12.8%)
(RDMA_READ_CONSUME_CHECK_CONSUMER) timestamp=1291 ms, used_size=5226496 bytes (12.8%)
(RDMA_READ_CONSUME_CHECK_CONSUMER) timestamp=1291 ms, used_size=5224448 bytes (12.8%)
(RDMA_READ_CONSUME_CHECK_CONSUMER) timestamp=1291 ms, used_size=5222400 bytes (12.8%)
(RDMA_READ_CONSUME_CHECK_CONSUMER) timestamp=1291 ms, used_size=5220352 bytes (12.7%)
(RDMA_READ_CONSUME_CHECK_CONSUMER) timestamp=1291 ms, used_size=5218304 bytes (12.7%)
(RDMA_READ_CONSUME_CHECK_CONSUMER) timestamp=1291 ms, used_size=5216256 bytes (12.7%)
(RDMA_READ_CONSUME_CHECK_CONSUMER) timestamp=1291 ms, used_size=5214208 bytes (12.7%)
(RDMA_READ_CONSUME_CHECK_CONSUMER) timestamp=1291 ms, used_size=5212160 bytes (12.7%)
(RDMA_READ_CONSUME_CHECK_CONSUMER) timestamp=1291 ms, used_size=5210112 bytes (12.7%)
(RDMA_READ_CONSUME_CHECK_CONSUMER) timestamp=1291 ms, used_size=5208064 bytes (12.7%)
(RDMA_READ_CONSUME_CHECK_CONSUMER) timestamp=1291 ms, used_size=5206016 bytes (12.7%)
(RDMA_READ_CONSUME_CHECK_CONSUMER) timestamp=1291 ms, used_size=5203968 bytes (12.7%)
(RDMA_READ_CONSUME_CHECK_CONSUMER) timestamp=1291 ms, used_size=5201920 bytes (12.7%)
(RDMA_READ_CONSUME_CHECK_CONSUMER) timestamp=1291 ms, used_size=5199872 bytes (12.7%)
(RDMA_READ_CONSUME_CHECK_CONSUMER) timestamp=1291 ms, used_size=5197824 bytes (12.7%)
(RDMA_READ_CONSUME_CHECK_CONSUMER) timestamp=1291 ms, used_size=5195776 bytes (12.7%)
(RDMA_READ_CONSUME_CHECK_CONSUMER) timestamp=1291 ms, used_size=5193728 bytes (12.7%)
(RDMA_READ_CONSUME_CHECK_CONSUMER) timestamp=1291 ms, used_size=5191680 bytes (12.7%)
(RDMA_READ_CONSUME_CHECK_CONSUMER) timestamp=1291 ms, used_size=5189632 bytes (12.7%)
(RDMA_READ_CONSUME_CHECK_CONSUMER) timestamp=1291 ms, used_size=5187584 bytes (12.7%)
(RDMA_READ_CONSUME_CHECK_CONSUMER) timestamp=1291 ms, used_size=5185536 bytes (12.7%)
(RDMA_READ_CONSUME_CHECK_CONSUMER) timestamp=1291 ms, used_size=5183488 bytes (12.7%)
(RDMA_READ_CONSUME_CHECK_CONSUMER) timestamp=1291 ms, used_size=5181440 bytes (12.7%)
(RDMA_READ_CONSUME_CHECK_CONSUMER) timestamp=1291 ms, used_size=5179392 bytes (12.6%)
(RDMA_READ_CONSUME_CHECK_CONSUMER) timestamp=1291 ms, used_size=5177344 bytes (12.6%)
(RDMA_READ_CONSUME_CHECK_CONSUMER) timestamp=1291 ms, used_size=5175296 bytes (12.6%)
(RDMA_READ_CONSUME_CHECK_CONSUMER) timestamp=1291 ms, used_size=5173248 bytes (12.6%)
(RDMA_READ_CONSUME_CHECK_CONSUMER) timestamp=1291 ms, used_size=5171200 bytes (12.6%)
(RDMA_READ_CONSUME_CHECK_CONSUMER) timestamp=1291 ms, used_size=5169152 bytes (12.6%)
(RDMA_READ_CONSUME_CHECK_CONSUMER) timestamp=1291 ms, used_size=5167104 bytes (12.6%)
(RDMA_READ_CONSUME_CHECK_CONSUMER) timestamp=1292 ms, used_size=5165056 bytes (12.6%)
(RDMA_READ_CONSUME_CHECK_CONSUMER) timestamp=1292 ms, used_size=5163008 bytes (12.6%)
(RDMA_READ_CONSUME_CHECK_CONSUMER) timestamp=1292 ms, used_size=5160960 bytes (12.6%)
(RDMA_READ_CONSUME_CHECK_CONSUMER) timestamp=1292 ms, used_size=5158912 bytes (12.6%)
(RDMA_READ_CONSUME_CHECK_CONSUMER) timestamp=1292 ms, used_size=5156864 bytes (12.6%)
(RDMA_READ_CONSUME_CHECK_CONSUMER) timestamp=1292 ms, used_size=5154816 bytes (12.6%)
(RDMA_READ_CONSUME_CHECK_CONSUMER) timestamp=1292 ms, used_size=5152768 bytes (12.6%)
(RDMA_READ_CONSUME_CHECK_CONSUMER) timestamp=1292 ms, used_size=5150720 bytes (12.6%)
(RDMA_READ_CONSUME_CHECK_CONSUMER) timestamp=1292 ms, used_size=5148672 bytes (12.6%)
(RDMA_READ_CONSUME_CHECK_CONSUMER) timestamp=1292 ms, used_size=5146624 bytes (12.6%)
(RDMA_READ_CONSUME_CHECK_CONSUMER) timestamp=1292 ms, used_size=5144576 bytes (12.6%)
(RDMA_READ_CONSUME_CHECK_CONSUMER) timestamp=1292 ms, used_size=5142528 bytes (12.6%)
(RDMA_READ_CONSUME_CHECK_CONSUMER) timestamp=1292 ms, used_size=5140480 bytes (12.6%)
(RDMA_READ_CONSUME_CHECK_CONSUMER) timestamp=1292 ms, used_size=5138432 bytes (12.5%)
(RDMA_READ_CONSUME_CHECK_CONSUMER) timestamp=1292 ms, used_size=5136384 bytes (12.5%)
(RDMA_READ_CONSUME_CHECK_CONSUMER) timestamp=1292 ms, used_size=5134336 bytes (12.5%)
(RDMA_READ_CONSUME_CHECK_CONSUMER) timestamp=1292 ms, used_size=5132288 bytes (12.5%)
(RDMA_READ_CONSUME_CHECK_CONSUMER) timestamp=1292 ms, used_size=5130240 bytes (12.5%)
(RDMA_READ_CONSUME_CHECK_CONSUMER) timestamp=1292 ms, used_size=5128192 bytes (12.5%)
(RDMA_READ_CONSUME_CHECK_CONSUMER) timestamp=1292 ms, used_size=5126144 bytes (12.5%)
(RDMA_READ_CONSUME_CHECK_CONSUMER) timestamp=1292 ms, used_size=5124096 bytes (12.5%)
(RDMA_READ_CONSUME_CHECK_CONSUMER) timestamp=1292 ms, used_size=5122048 bytes (12.5%)
(RDMA_READ_CONSUME_CHECK_CONSUMER) timestamp=1292 ms, used_size=5120000 bytes (12.5%)
(RDMA_READ_CONSUME_CHECK_CONSUMER) timestamp=1292 ms, used_size=5117952 bytes (12.5%)
(RDMA_READ_CONSUME_CHECK_CONSUMER) timestamp=1292 ms, used_size=5115904 bytes (12.5%)
(RDMA_READ_CONSUME_CHECK_CONSUMER) timestamp=1292 ms, used_size=5113856 bytes (12.5%)
(RDMA_READ_CONSUME_CHECK_CONSUMER) timestamp=1292 ms, used_size=5111808 bytes (12.5%)
(RDMA_READ_CONSUME_CHECK_CONSUMER) timestamp=1292 ms, used_size=5109760 bytes (12.5%)
(RDMA_READ_CONSUME_CHECK_CONSUMER) timestamp=1292 ms, used_size=5107712 bytes (12.5%)
(RDMA_READ_CONSUME_CHECK_CONSUMER) timestamp=1292 ms, used_size=5105664 bytes (12.5%)
(RDMA_READ_CONSUME_CHECK_CONSUMER) timestamp=1292 ms, used_size=5103616 bytes (12.5%)
(RDMA_READ_CONSUME_CHECK_CONSUMER) timestamp=1292 ms, used_size=5101568 bytes (12.5%)
(RDMA_READ_CONSUME_CHECK_CONSUMER) timestamp=1292 ms, used_size=5099520 bytes (12.4%)
(RDMA_READ_CONSUME_CHECK_CONSUMER) timestamp=1292 ms, used_size=5097472 bytes (12.4%)
(RDMA_READ_CONSUME_CHECK_CONSUMER) timestamp=1292 ms, used_size=5095424 bytes (12.4%)
(RDMA_READ_CONSUME_CHECK_CONSUMER) timestamp=1292 ms, used_size=5093376 bytes (12.4%)
(RDMA_READ_CONSUME_CHECK_CONSUMER) timestamp=1292 ms, used_size=5091328 bytes (12.4%)
(RDMA_READ_CONSUME_CHECK_CONSUMER) timestamp=1292 ms, used_size=5089280 bytes (12.4%)
(RDMA_READ_CONSUME_CHECK_CONSUMER) timestamp=1292 ms, used_size=5087232 bytes (12.4%)
(RDMA_READ_CONSUME_CHECK_CONSUMER) timestamp=1292 ms, used_size=5085184 bytes (12.4%)
(RDMA_READ_CONSUME_CHECK_CONSUMER) timestamp=1292 ms, used_size=5083136 bytes (12.4%)
(RDMA_READ_CONSUME_CHECK_CONSUMER) timestamp=1292 ms, used_size=5081088 bytes (12.4%)
(RDMA_READ_CONSUME_CHECK_CONSUMER) timestamp=1292 ms, used_size=5079040 bytes (12.4%)
(RDMA_READ_CONSUME_CHECK_CONSUMER) timestamp=1292 ms, used_size=5076992 bytes (12.4%)
(RDMA_READ_CONSUME_CHECK_CONSUMER) timestamp=1292 ms, used_size=5074944 bytes (12.4%)
(RDMA_READ_CONSUME_CHECK_CONSUMER) timestamp=1292 ms, used_size=5072896 bytes (12.4%)
(RDMA_READ_CONSUME_CHECK_CONSUMER) timestamp=1292 ms, used_size=5070848 bytes (12.4%)
(RDMA_READ_CONSUME_CHECK_CONSUMER) timestamp=1292 ms, used_size=5068800 bytes (12.4%)
(RDMA_READ_CONSUME_CHECK_CONSUMER) timestamp=1292 ms, used_size=5066752 bytes (12.4%)
(RDMA_READ_CONSUME_CHECK_CONSUMER) timestamp=1292 ms, used_size=5064704 bytes (12.4%)
(RDMA_READ_CONSUME_CHECK_CONSUMER) timestamp=1292 ms, used_size=5062656 bytes (12.4%)
(RDMA_READ_CONSUME_CHECK_CONSUMER) timestamp=1292 ms, used_size=5060608 bytes (12.4%)
(RDMA_READ_CONSUME_CHECK_CONSUMER) timestamp=1292 ms, used_size=5058560 bytes (12.3%)
(RDMA_READ_CONSUME_CHECK_CONSUMER) timestamp=1292 ms, used_size=5056512 bytes (12.3%)
(RDMA_READ_CONSUME_CHECK_CONSUMER) timestamp=1292 ms, used_size=5054464 bytes (12.3%)
(RDMA_READ_CONSUME_CHECK_CONSUMER) timestamp=1292 ms, used_size=5052416 bytes (12.3%)
(RDMA_READ_CONSUME_CHECK_CONSUMER) timestamp=1292 ms, used_size=5050368 bytes (12.3%)
(RDMA_READ_CONSUME_CHECK_CONSUMER) timestamp=1292 ms, used_size=5048320 bytes (12.3%)
(RDMA_READ_CONSUME_CHECK_CONSUMER) timestamp=1292 ms, used_size=5046272 bytes (12.3%)
(RDMA_READ_CONSUME_CHECK_CONSUMER) timestamp=1292 ms, used_size=5044224 bytes (12.3%)
(RDMA_READ_CONSUME_CHECK_CONSUMER) timestamp=1292 ms, used_size=5042176 bytes (12.3%)
(RDMA_READ_CONSUME_CHECK_CONSUMER) timestamp=1292 ms, used_size=5040128 bytes (12.3%)
(RDMA_READ_CONSUME_CHECK_CONSUMER) timestamp=1292 ms, used_size=5038080 bytes (12.3%)
(RDMA_READ_CONSUME_CHECK_CONSUMER) timestamp=1292 ms, used_size=5036032 bytes (12.3%)
(RDMA_READ_CONSUME_CHECK_CONSUMER) timestamp=1292 ms, used_size=5033984 bytes (12.3%)
(RDMA_READ_CONSUME_CHECK_CONSUMER) timestamp=1292 ms, used_size=5031936 bytes (12.3%)
(RDMA_READ_CONSUME_CHECK_CONSUMER) timestamp=1292 ms, used_size=5029888 bytes (12.3%)
(RDMA_READ_CONSUME_CHECK_CONSUMER) timestamp=1292 ms, used_size=5027840 bytes (12.3%)
(RDMA_READ_CONSUME_CHECK_CONSUMER) timestamp=1292 ms, used_size=5025792 bytes (12.3%)
(RDMA_READ_CONSUME_CHECK_CONSUMER) timestamp=1292 ms, used_size=5023744 bytes (12.3%)
(RDMA_READ_CONSUME_CHECK_CONSUMER) timestamp=1292 ms, used_size=5021696 bytes (12.3%)
(RDMA_READ_CONSUME_CHECK_CONSUMER) timestamp=1292 ms, used_size=5019648 bytes (12.3%)
(RDMA_READ_CONSUME_CHECK_CONSUMER) timestamp=1292 ms, used_size=5017600 bytes (12.2%)
(RDMA_READ_CONSUME_CHECK_CONSUMER) timestamp=1292 ms, used_size=5015552 bytes (12.2%)
(RDMA_READ_CONSUME_CHECK_CONSUMER) timestamp=1292 ms, used_size=5013504 bytes (12.2%)
(RDMA_READ_CONSUME_CHECK_CONSUMER) timestamp=1292 ms, used_size=5011456 bytes (12.2%)
(RDMA_READ_CONSUME_CHECK_CONSUMER) timestamp=1292 ms, used_size=5009408 bytes (12.2%)
(RDMA_READ_CONSUME_CHECK_CONSUMER) timestamp=1292 ms, used_size=5007360 bytes (12.2%)
(RDMA_READ_CONSUME_CHECK_CONSUMER) timestamp=1292 ms, used_size=5005312 bytes (12.2%)
(RDMA_READ_CONSUME_CHECK_CONSUMER) timestamp=1292 ms, used_size=5003264 bytes (12.2%)
(RDMA_READ_CONSUME_CHECK_CONSUMER) timestamp=1292 ms, used_size=5001216 bytes (12.2%)
(RDMA_READ_CONSUME_CHECK_CONSUMER) timestamp=1292 ms, used_size=4999168 bytes (12.2%)
(RDMA_READ_CONSUME_CHECK_CONSUMER) timestamp=1292 ms, used_size=4997120 bytes (12.2%)
(RDMA_READ_CONSUME_CHECK_CONSUMER) timestamp=1292 ms, used_size=4995072 bytes (12.2%)
(RDMA_READ_CONSUME_CHECK_CONSUMER) timestamp=1292 ms, used_size=4993024 bytes (12.2%)
(RDMA_READ_CONSUME_CHECK_CONSUMER) timestamp=1292 ms, used_size=4990976 bytes (12.2%)
(RDMA_READ_CONSUME_CHECK_CONSUMER) timestamp=1292 ms, used_size=4988928 bytes (12.2%)
(RDMA_READ_CONSUME_CHECK_CONSUMER) timestamp=1292 ms, used_size=4986880 bytes (12.2%)
(RDMA_READ_CONSUME_CHECK_CONSUMER) timestamp=1292 ms, used_size=4984832 bytes (12.2%)
(RDMA_READ_CONSUME_CHECK_CONSUMER) timestamp=1292 ms, used_size=4982784 bytes (12.2%)
(RDMA_READ_CONSUME_CHECK_CONSUMER) timestamp=1292 ms, used_size=4980736 bytes (12.2%)
(RDMA_READ_CONSUME_CHECK_CONSUMER) timestamp=1292 ms, used_size=4978688 bytes (12.2%)
(RDMA_READ_CONSUME_CHECK_CONSUMER) timestamp=1292 ms, used_size=4976640 bytes (12.2%)
(RDMA_READ_CONSUME_CHECK_CONSUMER) timestamp=1292 ms, used_size=4974592 bytes (12.1%)
(RDMA_READ_CONSUME_CHECK_CONSUMER) timestamp=1292 ms, used_size=4972544 bytes (12.1%)
(RDMA_READ_CONSUME_CHECK_CONSUMER) timestamp=1292 ms, used_size=4970496 bytes (12.1%)
(RDMA_READ_CONSUME_CHECK_CONSUMER) timestamp=1292 ms, used_size=4968448 bytes (12.1%)
(RDMA_READ_CONSUME_CHECK_CONSUMER) timestamp=1292 ms, used_size=4966400 bytes (12.1%)
(RDMA_READ_CONSUME_CHECK_CONSUMER) timestamp=1292 ms, used_size=4964352 bytes (12.1%)
(RDMA_READ_CONSUME_CHECK_CONSUMER) timestamp=1292 ms, used_size=4962304 bytes (12.1%)
(RDMA_READ_CONSUME_CHECK_CONSUMER) timestamp=1292 ms, used_size=4960256 bytes (12.1%)
(RDMA_READ_CONSUME_CHECK_CONSUMER) timestamp=1292 ms, used_size=4958208 bytes (12.1%)
(RDMA_READ_CONSUME_CHECK_CONSUMER) timestamp=1292 ms, used_size=4956160 bytes (12.1%)
(RDMA_READ_CONSUME_CHECK_CONSUMER) timestamp=1292 ms, used_size=4954112 bytes (12.1%)
(RDMA_READ_CONSUME_CHECK_CONSUMER) timestamp=1292 ms, used_size=4952064 bytes (12.1%)
(RDMA_READ_CONSUME_CHECK_CONSUMER) timestamp=1292 ms, used_size=4950016 bytes (12.1%)
(RDMA_READ_CONSUME_CHECK_CONSUMER) timestamp=1292 ms, used_size=4947968 bytes (12.1%)
(RDMA_READ_CONSUME_CHECK_CONSUMER) timestamp=1292 ms, used_size=4945920 bytes (12.1%)
(RDMA_READ_CONSUME_CHECK_CONSUMER) timestamp=1292 ms, used_size=4943872 bytes (12.1%)
(RDMA_READ_CONSUME_CHECK_CONSUMER) timestamp=1292 ms, used_size=4941824 bytes (12.1%)
(RDMA_READ_CONSUME_CHECK_CONSUMER) timestamp=1292 ms, used_size=4939776 bytes (12.1%)
(RDMA_READ_CONSUME_CHECK_CONSUMER) timestamp=1292 ms, used_size=4937728 bytes (12.1%)
(RDMA_READ_CONSUME_CHECK_CONSUMER) timestamp=1292 ms, used_size=4935680 bytes (12.1%)
(RDMA_READ_CONSUME_CHECK_CONSUMER) timestamp=1292 ms, used_size=4933632 bytes (12.0%)
(RDMA_READ_CONSUME_CHECK_CONSUMER) timestamp=1292 ms, used_size=4931584 bytes (12.0%)
(RDMA_READ_CONSUME_CHECK_CONSUMER) timestamp=1292 ms, used_size=4929536 bytes (12.0%)
(RDMA_READ_CONSUME_CHECK_CONSUMER) timestamp=1292 ms, used_size=4927488 bytes (12.0%)
(RDMA_READ_CONSUME_CHECK_CONSUMER) timestamp=1292 ms, used_size=4925440 bytes (12.0%)
(RDMA_READ_CONSUME_CHECK_CONSUMER) timestamp=1292 ms, used_size=4923392 bytes (12.0%)
(RDMA_READ_CONSUME_CHECK_CONSUMER) timestamp=1292 ms, used_size=4921344 bytes (12.0%)
(RDMA_READ_CONSUME_CHECK_CONSUMER) timestamp=1292 ms, used_size=4919296 bytes (12.0%)
(RDMA_READ_CONSUME_CHECK_CONSUMER) timestamp=1292 ms, used_size=4917248 bytes (12.0%)
(RDMA_READ_CONSUME_CHECK_CONSUMER) timestamp=1292 ms, used_size=4915200 bytes (12.0%)
(RDMA_READ_CONSUME_CHECK_CONSUMER) timestamp=1292 ms, used_size=4913152 bytes (12.0%)
(RDMA_READ_CONSUME_CHECK_CONSUMER) timestamp=1292 ms, used_size=4911104 bytes (12.0%)
(RDMA_READ_CONSUME_CHECK_CONSUMER) timestamp=1292 ms, used_size=4909056 bytes (12.0%)
(RDMA_READ_CONSUME_CHECK_CONSUMER) timestamp=1292 ms, used_size=4907008 bytes (12.0%)
(RDMA_READ_CONSUME_CHECK_CONSUMER) timestamp=1292 ms, used_size=4904960 bytes (12.0%)
(RDMA_READ_CONSUME_CHECK_CONSUMER) timestamp=1292 ms, used_size=4902912 bytes (12.0%)
(RDMA_READ_CONSUME_CHECK_CONSUMER) timestamp=1292 ms, used_size=4900864 bytes (12.0%)
(RDMA_READ_CONSUME_CHECK_CONSUMER) timestamp=1292 ms, used_size=4898816 bytes (12.0%)
(RDMA_READ_CONSUME_CHECK_CONSUMER) timestamp=1292 ms, used_size=4896768 bytes (12.0%)
(RDMA_READ_CONSUME_CHECK_CONSUMER) timestamp=1292 ms, used_size=4894720 bytes (11.9%)
(RDMA_READ_CONSUME_CHECK_CONSUMER) timestamp=1292 ms, used_size=4892672 bytes (11.9%)
(RDMA_READ_CONSUME_CHECK_CONSUMER) timestamp=1292 ms, used_size=4890624 bytes (11.9%)
(RDMA_READ_CONSUME_CHECK_CONSUMER) timestamp=1292 ms, used_size=4888576 bytes (11.9%)
(RDMA_READ_CONSUME_CHECK_CONSUMER) timestamp=1292 ms, used_size=4886528 bytes (11.9%)
(RDMA_READ_CONSUME_CHECK_CONSUMER) timestamp=1292 ms, used_size=4884480 bytes (11.9%)
(RDMA_READ_CONSUME_CHECK_CONSUMER) timestamp=1292 ms, used_size=4882432 bytes (11.9%)
(RDMA_READ_CONSUME_CHECK_CONSUMER) timestamp=1292 ms, used_size=4880384 bytes (11.9%)
(RDMA_READ_CONSUME_CHECK_CONSUMER) timestamp=1292 ms, used_size=4878336 bytes (11.9%)
(RDMA_READ_CONSUME_CHECK_CONSUMER) timestamp=1292 ms, used_size=4876288 bytes (11.9%)
(RDMA_READ_CONSUME_CHECK_CONSUMER) timestamp=1292 ms, used_size=4874240 bytes (11.9%)
(RDMA_READ_CONSUME_CHECK_CONSUMER) timestamp=1292 ms, used_size=4872192 bytes (11.9%)
(RDMA_READ_CONSUME_CHECK_CONSUMER) timestamp=1292 ms, used_size=4870144 bytes (11.9%)
(RDMA_READ_CONSUME_CHECK_CONSUMER) timestamp=1292 ms, used_size=4868096 bytes (11.9%)
(RDMA_READ_CONSUME_CHECK_CONSUMER) timestamp=1292 ms, used_size=4866048 bytes (11.9%)
(RDMA_READ_CONSUME_CHECK_CONSUMER) timestamp=1292 ms, used_size=4864000 bytes (11.9%)
(RDMA_READ_CONSUME_CHECK_CONSUMER) timestamp=1292 ms, used_size=4861952 bytes (11.9%)
(RDMA_READ_CONSUME_CHECK_CONSUMER) timestamp=1292 ms, used_size=4859904 bytes (11.9%)
(RDMA_READ_CONSUME_CHECK_CONSUMER) timestamp=1292 ms, used_size=4857856 bytes (11.9%)
(RDMA_READ_CONSUME_CHECK_CONSUMER) timestamp=1292 ms, used_size=4855808 bytes (11.9%)
(RDMA_READ_CONSUME_CHECK_CONSUMER) timestamp=1292 ms, used_size=4853760 bytes (11.8%)
(RDMA_READ_CONSUME_CHECK_CONSUMER) timestamp=1292 ms, used_size=4851712 bytes (11.8%)
(RDMA_READ_CONSUME_CHECK_CONSUMER) timestamp=1292 ms, used_size=4849664 bytes (11.8%)
(RDMA_READ_CONSUME_CHECK_CONSUMER) timestamp=1292 ms, used_size=4847616 bytes (11.8%)
(RDMA_READ_CONSUME_CHECK_CONSUMER) timestamp=1292 ms, used_size=4845568 bytes (11.8%)
(RDMA_READ_CONSUME_CHECK_CONSUMER) timestamp=1292 ms, used_size=4843520 bytes (11.8%)
(RDMA_READ_CONSUME_CHECK_CONSUMER) timestamp=1292 ms, used_size=4841472 bytes (11.8%)
(RDMA_READ_CONSUME_CHECK_CONSUMER) timestamp=1292 ms, used_size=4839424 bytes (11.8%)
(RDMA_READ_CONSUME_CHECK_CONSUMER) timestamp=1292 ms, used_size=4837376 bytes (11.8%)
(RDMA_READ_CONSUME_CHECK_CONSUMER) timestamp=1292 ms, used_size=4835328 bytes (11.8%)
(RDMA_READ_CONSUME_CHECK_CONSUMER) timestamp=1292 ms, used_size=4833280 bytes (11.8%)
(RDMA_READ_CONSUME_CHECK_CONSUMER) timestamp=1292 ms, used_size=4831232 bytes (11.8%)
(RDMA_READ_CONSUME_CHECK_CONSUMER) timestamp=1292 ms, used_size=4829184 bytes (11.8%)
(RDMA_READ_CONSUME_CHECK_CONSUMER) timestamp=1292 ms, used_size=4827136 bytes (11.8%)
(RDMA_READ_CONSUME_CHECK_CONSUMER) timestamp=1292 ms, used_size=4825088 bytes (11.8%)
(RDMA_READ_CONSUME_CHECK_CONSUMER) timestamp=1292 ms, used_size=4823040 bytes (11.8%)
(RDMA_READ_CONSUME_CHECK_CONSUMER) timestamp=1292 ms, used_size=4820992 bytes (11.8%)
(RDMA_READ_CONSUME_CHECK_CONSUMER) timestamp=1292 ms, used_size=4818944 bytes (11.8%)
(RDMA_READ_CONSUME_CHECK_CONSUMER) timestamp=1292 ms, used_size=4816896 bytes (11.8%)
(RDMA_READ_CONSUME_CHECK_CONSUMER) timestamp=1292 ms, used_size=4814848 bytes (11.8%)
(RDMA_READ_CONSUME_CHECK_CONSUMER) timestamp=1292 ms, used_size=4812800 bytes (11.8%)
(RDMA_READ_CONSUME_CHECK_CONSUMER) timestamp=1292 ms, used_size=4810752 bytes (11.7%)
(RDMA_READ_CONSUME_CHECK_CONSUMER) timestamp=1292 ms, used_size=4808704 bytes (11.7%)
(RDMA_READ_CONSUME_CHECK_CONSUMER) timestamp=1292 ms, used_size=4806656 bytes (11.7%)
(RDMA_READ_CONSUME_CHECK_CONSUMER) timestamp=1292 ms, used_size=4804608 bytes (11.7%)
(RDMA_READ_CONSUME_CHECK_CONSUMER) timestamp=1292 ms, used_size=4802560 bytes (11.7%)
(RDMA_READ_CONSUME_CHECK_CONSUMER) timestamp=1293 ms, used_size=4800512 bytes (11.7%)
(RDMA_READ_CONSUME_CHECK_CONSUMER) timestamp=1293 ms, used_size=4798464 bytes (11.7%)
(RDMA_READ_CONSUME_CHECK_CONSUMER) timestamp=1293 ms, used_size=4796416 bytes (11.7%)
(RDMA_READ_CONSUME_CHECK_CONSUMER) timestamp=1293 ms, used_size=4794368 bytes (11.7%)
(RDMA_READ_CONSUME_CHECK_CONSUMER) timestamp=1293 ms, used_size=4792320 bytes (11.7%)
(RDMA_READ_CONSUME_CHECK_CONSUMER) timestamp=1293 ms, used_size=4790272 bytes (11.7%)
(RDMA_READ_CONSUME_CHECK_CONSUMER) timestamp=1293 ms, used_size=4788224 bytes (11.7%)
(RDMA_READ_CONSUME_CHECK_CONSUMER) timestamp=1293 ms, used_size=4786176 bytes (11.7%)
(RDMA_READ_CONSUME_CHECK_CONSUMER) timestamp=1293 ms, used_size=4784128 bytes (11.7%)
(RDMA_READ_CONSUME_CHECK_CONSUMER) timestamp=1293 ms, used_size=4782080 bytes (11.7%)
(RDMA_READ_CONSUME_CHECK_CONSUMER) timestamp=1293 ms, used_size=4780032 bytes (11.7%)
(RDMA_READ_CONSUME_CHECK_CONSUMER) timestamp=1293 ms, used_size=4777984 bytes (11.7%)
(RDMA_READ_CONSUME_CHECK_CONSUMER) timestamp=1293 ms, used_size=4775936 bytes (11.7%)
(RDMA_READ_CONSUME_CHECK_CONSUMER) timestamp=1293 ms, used_size=4773888 bytes (11.7%)
(RDMA_READ_CONSUME_CHECK_CONSUMER) timestamp=1293 ms, used_size=4771840 bytes (11.7%)
(RDMA_READ_CONSUME_CHECK_CONSUMER) timestamp=1293 ms, used_size=4769792 bytes (11.6%)
(RDMA_READ_CONSUME_CHECK_CONSUMER) timestamp=1293 ms, used_size=4767744 bytes (11.6%)
(RDMA_READ_CONSUME_CHECK_CONSUMER) timestamp=1293 ms, used_size=4765696 bytes (11.6%)
(RDMA_READ_CONSUME_CHECK_CONSUMER) timestamp=1293 ms, used_size=4763648 bytes (11.6%)
(RDMA_READ_CONSUME_CHECK_CONSUMER) timestamp=1293 ms, used_size=4761600 bytes (11.6%)
(RDMA_READ_CONSUME_CHECK_CONSUMER) timestamp=1293 ms, used_size=4759552 bytes (11.6%)
(RDMA_READ_CONSUME_CHECK_CONSUMER) timestamp=1293 ms, used_size=4757504 bytes (11.6%)
(RDMA_READ_CONSUME_CHECK_CONSUMER) timestamp=1293 ms, used_size=4755456 bytes (11.6%)
(RDMA_READ_CONSUME_CHECK_CONSUMER) timestamp=1293 ms, used_size=4753408 bytes (11.6%)
(RDMA_READ_CONSUME_CHECK_CONSUMER) timestamp=1293 ms, used_size=4751360 bytes (11.6%)
(RDMA_READ_CONSUME_CHECK_CONSUMER) timestamp=1293 ms, used_size=4749312 bytes (11.6%)
(RDMA_READ_CONSUME_CHECK_CONSUMER) timestamp=1293 ms, used_size=4747264 bytes (11.6%)
(RDMA_READ_CONSUME_CHECK_CONSUMER) timestamp=1293 ms, used_size=4745216 bytes (11.6%)
(RDMA_READ_CONSUME_CHECK_CONSUMER) timestamp=1293 ms, used_size=4743168 bytes (11.6%)
(RDMA_READ_CONSUME_CHECK_CONSUMER) timestamp=1293 ms, used_size=4741120 bytes (11.6%)
(RDMA_READ_CONSUME_CHECK_CONSUMER) timestamp=1293 ms, used_size=4739072 bytes (11.6%)
(RDMA_READ_CONSUME_CHECK_CONSUMER) timestamp=1293 ms, used_size=4737024 bytes (11.6%)
(RDMA_READ_CONSUME_CHECK_CONSUMER) timestamp=1293 ms, used_size=4734976 bytes (11.6%)
(RDMA_READ_CONSUME_CHECK_CONSUMER) timestamp=1293 ms, used_size=4732928 bytes (11.6%)
(RDMA_READ_CONSUME_CHECK_CONSUMER) timestamp=1293 ms, used_size=4730880 bytes (11.6%)
(RDMA_READ_CONSUME_CHECK_CONSUMER) timestamp=1293 ms, used_size=4728832 bytes (11.5%)
(RDMA_READ_CONSUME_CHECK_CONSUMER) timestamp=1293 ms, used_size=4726784 bytes (11.5%)
(RDMA_READ_CONSUME_CHECK_CONSUMER) timestamp=1293 ms, used_size=4724736 bytes (11.5%)
(RDMA_READ_CONSUME_CHECK_CONSUMER) timestamp=1293 ms, used_size=4722688 bytes (11.5%)
(RDMA_READ_CONSUME_CHECK_CONSUMER) timestamp=1293 ms, used_size=4720640 bytes (11.5%)
(RDMA_READ_CONSUME_CHECK_CONSUMER) timestamp=1293 ms, used_size=4718592 bytes (11.5%)
(RDMA_READ_CONSUME_CHECK_CONSUMER) timestamp=1293 ms, used_size=4716544 bytes (11.5%)
(RDMA_READ_CONSUME_CHECK_CONSUMER) timestamp=1293 ms, used_size=4714496 bytes (11.5%)
(RDMA_READ_CONSUME_CHECK_CONSUMER) timestamp=1293 ms, used_size=4712448 bytes (11.5%)
(RDMA_READ_CONSUME_CHECK_CONSUMER) timestamp=1293 ms, used_size=4710400 bytes (11.5%)
(RDMA_READ_CONSUME_CHECK_CONSUMER) timestamp=1293 ms, used_size=4708352 bytes (11.5%)
(RDMA_READ_CONSUME_CHECK_CONSUMER) timestamp=1293 ms, used_size=4706304 bytes (11.5%)
(RDMA_READ_CONSUME_CHECK_CONSUMER) timestamp=1293 ms, used_size=4704256 bytes (11.5%)
(RDMA_READ_CONSUME_CHECK_CONSUMER) timestamp=1293 ms, used_size=4702208 bytes (11.5%)
(RDMA_READ_CONSUME_CHECK_CONSUMER) timestamp=1293 ms, used_size=4700160 bytes (11.5%)
(RDMA_READ_CONSUME_CHECK_CONSUMER) timestamp=1293 ms, used_size=4698112 bytes (11.5%)
(RDMA_READ_CONSUME_CHECK_CONSUMER) timestamp=1293 ms, used_size=4696064 bytes (11.5%)
(RDMA_READ_CONSUME_CHECK_CONSUMER) timestamp=1293 ms, used_size=4694016 bytes (11.5%)
(RDMA_READ_CONSUME_CHECK_CONSUMER) timestamp=1293 ms, used_size=4691968 bytes (11.5%)
(RDMA_READ_CONSUME_CHECK_CONSUMER) timestamp=1293 ms, used_size=4689920 bytes (11.4%)
(RDMA_READ_CONSUME_CHECK_CONSUMER) timestamp=1293 ms, used_size=4687872 bytes (11.4%)
(RDMA_READ_CONSUME_CHECK_CONSUMER) timestamp=1293 ms, used_size=4685824 bytes (11.4%)
(RDMA_READ_CONSUME_CHECK_CONSUMER) timestamp=1293 ms, used_size=4683776 bytes (11.4%)
(RDMA_READ_CONSUME_CHECK_CONSUMER) timestamp=1293 ms, used_size=4681728 bytes (11.4%)
(RDMA_READ_CONSUME_CHECK_CONSUMER) timestamp=1293 ms, used_size=4679680 bytes (11.4%)
(RDMA_READ_CONSUME_CHECK_CONSUMER) timestamp=1293 ms, used_size=4677632 bytes (11.4%)
(RDMA_READ_CONSUME_CHECK_CONSUMER) timestamp=1293 ms, used_size=4675584 bytes (11.4%)
(RDMA_READ_CONSUME_CHECK_CONSUMER) timestamp=1293 ms, used_size=4673536 bytes (11.4%)
(RDMA_READ_CONSUME_CHECK_CONSUMER) timestamp=1293 ms, used_size=4671488 bytes (11.4%)
(RDMA_READ_CONSUME_CHECK_CONSUMER) timestamp=1293 ms, used_size=4669440 bytes (11.4%)
(RDMA_READ_CONSUME_CHECK_CONSUMER) timestamp=1293 ms, used_size=4667392 bytes (11.4%)
(RDMA_READ_CONSUME_CHECK_CONSUMER) timestamp=1293 ms, used_size=4665344 bytes (11.4%)
(RDMA_READ_CONSUME_CHECK_CONSUMER) timestamp=1293 ms, used_size=4663296 bytes (11.4%)
(RDMA_READ_CONSUME_CHECK_CONSUMER) timestamp=1293 ms, used_size=4661248 bytes (11.4%)
(RDMA_READ_CONSUME_CHECK_CONSUMER) timestamp=1293 ms, used_size=4659200 bytes (11.4%)
(RDMA_READ_CONSUME_CHECK_CONSUMER) timestamp=1293 ms, used_size=4657152 bytes (11.4%)
(RDMA_READ_CONSUME_CHECK_CONSUMER) timestamp=1293 ms, used_size=4655104 bytes (11.4%)
(RDMA_READ_CONSUME_CHECK_CONSUMER) timestamp=1293 ms, used_size=4653056 bytes (11.4%)
(RDMA_READ_CONSUME_CHECK_CONSUMER) timestamp=1293 ms, used_size=4651008 bytes (11.4%)
(RDMA_READ_CONSUME_CHECK_CONSUMER) timestamp=1293 ms, used_size=4648960 bytes (11.3%)
(RDMA_READ_CONSUME_CHECK_CONSUMER) timestamp=1293 ms, used_size=4646912 bytes (11.3%)
(RDMA_READ_CONSUME_CHECK_CONSUMER) timestamp=1293 ms, used_size=4644864 bytes (11.3%)
(RDMA_READ_CONSUME_CHECK_CONSUMER) timestamp=1293 ms, used_size=4642816 bytes (11.3%)
(RDMA_READ_CONSUME_CHECK_CONSUMER) timestamp=1293 ms, used_size=4640768 bytes (11.3%)
(RDMA_READ_CONSUME_CHECK_CONSUMER) timestamp=1293 ms, used_size=4638720 bytes (11.3%)
(RDMA_READ_CONSUME_CHECK_CONSUMER) timestamp=1293 ms, used_size=4636672 bytes (11.3%)
(RDMA_READ_CONSUME_CHECK_CONSUMER) timestamp=1293 ms, used_size=4634624 bytes (11.3%)
(RDMA_READ_CONSUME_CHECK_CONSUMER) timestamp=1293 ms, used_size=4632576 bytes (11.3%)
(RDMA_READ_CONSUME_CHECK_CONSUMER) timestamp=1293 ms, used_size=4630528 bytes (11.3%)
(RDMA_READ_CONSUME_CHECK_CONSUMER) timestamp=1293 ms, used_size=4628480 bytes (11.3%)
(RDMA_READ_CONSUME_CHECK_CONSUMER) timestamp=1293 ms, used_size=4626432 bytes (11.3%)
(RDMA_READ_CONSUME_CHECK_CONSUMER) timestamp=1293 ms, used_size=4624384 bytes (11.3%)
(RDMA_READ_CONSUME_CHECK_CONSUMER) timestamp=1293 ms, used_size=4622336 bytes (11.3%)
(RDMA_READ_CONSUME_CHECK_CONSUMER) timestamp=1293 ms, used_size=4620288 bytes (11.3%)
(RDMA_READ_CONSUME_CHECK_CONSUMER) timestamp=1293 ms, used_size=4618240 bytes (11.3%)
(RDMA_READ_CONSUME_CHECK_CONSUMER) timestamp=1293 ms, used_size=4616192 bytes (11.3%)
(RDMA_READ_CONSUME_CHECK_CONSUMER) timestamp=1293 ms, used_size=4614144 bytes (11.3%)
(RDMA_READ_CONSUME_CHECK_CONSUMER) timestamp=1293 ms, used_size=4612096 bytes (11.3%)
(RDMA_READ_CONSUME_CHECK_CONSUMER) timestamp=1293 ms, used_size=4610048 bytes (11.3%)
(RDMA_READ_CONSUME_CHECK_CONSUMER) timestamp=1293 ms, used_size=4608000 bytes (11.2%)
(RDMA_READ_CONSUME_CHECK_CONSUMER) timestamp=1293 ms, used_size=4605952 bytes (11.2%)
(RDMA_READ_CONSUME_CHECK_CONSUMER) timestamp=1293 ms, used_size=4603904 bytes (11.2%)
(RDMA_READ_CONSUME_CHECK_CONSUMER) timestamp=1293 ms, used_size=4601856 bytes (11.2%)
(RDMA_READ_CONSUME_CHECK_CONSUMER) timestamp=1293 ms, used_size=4599808 bytes (11.2%)
(RDMA_READ_CONSUME_CHECK_CONSUMER) timestamp=1293 ms, used_size=4597760 bytes (11.2%)
(RDMA_READ_CONSUME_CHECK_CONSUMER) timestamp=1293 ms, used_size=4595712 bytes (11.2%)
(RDMA_READ_CONSUME_CHECK_CONSUMER) timestamp=1293 ms, used_size=4593664 bytes (11.2%)
(RDMA_READ_CONSUME_CHECK_CONSUMER) timestamp=1293 ms, used_size=4591616 bytes (11.2%)
(RDMA_READ_CONSUME_CHECK_CONSUMER) timestamp=1293 ms, used_size=4589568 bytes (11.2%)
(RDMA_READ_CONSUME_CHECK_CONSUMER) timestamp=1293 ms, used_size=4587520 bytes (11.2%)
(RDMA_READ_CONSUME_CHECK_CONSUMER) timestamp=1293 ms, used_size=4585472 bytes (11.2%)
(RDMA_READ_CONSUME_CHECK_CONSUMER) timestamp=1293 ms, used_size=4583424 bytes (11.2%)
(RDMA_READ_CONSUME_CHECK_CONSUMER) timestamp=1293 ms, used_size=4581376 bytes (11.2%)
(RDMA_READ_CONSUME_CHECK_CONSUMER) timestamp=1293 ms, used_size=4579328 bytes (11.2%)
(RDMA_READ_CONSUME_CHECK_CONSUMER) timestamp=1293 ms, used_size=4577280 bytes (11.2%)
(RDMA_READ_CONSUME_CHECK_CONSUMER) timestamp=1293 ms, used_size=4575232 bytes (11.2%)
(RDMA_READ_CONSUME_CHECK_CONSUMER) timestamp=1293 ms, used_size=4573184 bytes (11.2%)
(RDMA_READ_CONSUME_CHECK_CONSUMER) timestamp=1293 ms, used_size=4571136 bytes (11.2%)
(RDMA_READ_CONSUME_CHECK_CONSUMER) timestamp=1293 ms, used_size=4569088 bytes (11.2%)
(RDMA_READ_CONSUME_CHECK_CONSUMER) timestamp=1293 ms, used_size=4567040 bytes (11.2%)
(RDMA_READ_CONSUME_CHECK_CONSUMER) timestamp=1293 ms, used_size=4564992 bytes (11.1%)
(RDMA_READ_CONSUME_CHECK_CONSUMER) timestamp=1293 ms, used_size=4562944 bytes (11.1%)
(RDMA_READ_CONSUME_CHECK_CONSUMER) timestamp=1293 ms, used_size=4560896 bytes (11.1%)
(RDMA_READ_CONSUME_CHECK_CONSUMER) timestamp=1293 ms, used_size=4558848 bytes (11.1%)
(RDMA_READ_CONSUME_CHECK_CONSUMER) timestamp=1293 ms, used_size=4556800 bytes (11.1%)
(RDMA_READ_CONSUME_CHECK_CONSUMER) timestamp=1293 ms, used_size=4554752 bytes (11.1%)
(RDMA_READ_CONSUME_CHECK_CONSUMER) timestamp=1293 ms, used_size=4552704 bytes (11.1%)
(RDMA_READ_CONSUME_CHECK_CONSUMER) timestamp=1293 ms, used_size=4550656 bytes (11.1%)
(RDMA_READ_CONSUME_CHECK_CONSUMER) timestamp=1293 ms, used_size=4548608 bytes (11.1%)
(RDMA_READ_CONSUME_CHECK_CONSUMER) timestamp=1293 ms, used_size=4546560 bytes (11.1%)
(RDMA_READ_CONSUME_CHECK_CONSUMER) timestamp=1293 ms, used_size=4544512 bytes (11.1%)
(RDMA_READ_CONSUME_CHECK_CONSUMER) timestamp=1293 ms, used_size=4542464 bytes (11.1%)
(RDMA_READ_CONSUME_CHECK_CONSUMER) timestamp=1293 ms, used_size=4540416 bytes (11.1%)
(RDMA_READ_CONSUME_CHECK_CONSUMER) timestamp=1293 ms, used_size=4538368 bytes (11.1%)
(RDMA_READ_CONSUME_CHECK_CONSUMER) timestamp=1293 ms, used_size=4536320 bytes (11.1%)
(RDMA_READ_CONSUME_CHECK_CONSUMER) timestamp=1293 ms, used_size=4534272 bytes (11.1%)
(RDMA_READ_CONSUME_CHECK_CONSUMER) timestamp=1293 ms, used_size=4532224 bytes (11.1%)
(RDMA_READ_CONSUME_CHECK_CONSUMER) timestamp=1293 ms, used_size=4530176 bytes (11.1%)
(RDMA_READ_CONSUME_CHECK_CONSUMER) timestamp=1293 ms, used_size=4528128 bytes (11.1%)
(RDMA_READ_CONSUME_CHECK_CONSUMER) timestamp=1293 ms, used_size=4526080 bytes (11.1%)
(RDMA_READ_CONSUME_CHECK_CONSUMER) timestamp=1293 ms, used_size=4524032 bytes (11.0%)
(RDMA_READ_CONSUME_CHECK_CONSUMER) timestamp=1293 ms, used_size=4521984 bytes (11.0%)
(RDMA_READ_CONSUME_CHECK_CONSUMER) timestamp=1293 ms, used_size=4519936 bytes (11.0%)
(RDMA_READ_CONSUME_CHECK_CONSUMER) timestamp=1293 ms, used_size=4517888 bytes (11.0%)
(RDMA_READ_CONSUME_CHECK_CONSUMER) timestamp=1293 ms, used_size=4515840 bytes (11.0%)
(RDMA_READ_CONSUME_CHECK_CONSUMER) timestamp=1293 ms, used_size=4513792 bytes (11.0%)
(RDMA_READ_CONSUME_CHECK_CONSUMER) timestamp=1293 ms, used_size=4511744 bytes (11.0%)
(RDMA_READ_CONSUME_CHECK_CONSUMER) timestamp=1293 ms, used_size=4509696 bytes (11.0%)
(RDMA_READ_CONSUME_CHECK_CONSUMER) timestamp=1293 ms, used_size=4507648 bytes (11.0%)
(RDMA_READ_CONSUME_CHECK_CONSUMER) timestamp=1293 ms, used_size=4505600 bytes (11.0%)
(RDMA_READ_CONSUME_CHECK_CONSUMER) timestamp=1293 ms, used_size=4503552 bytes (11.0%)
(RDMA_READ_CONSUME_CHECK_CONSUMER) timestamp=1293 ms, used_size=4501504 bytes (11.0%)
(RDMA_READ_CONSUME_CHECK_CONSUMER) timestamp=1293 ms, used_size=4499456 bytes (11.0%)
(RDMA_READ_CONSUME_CHECK_CONSUMER) timestamp=1293 ms, used_size=4497408 bytes (11.0%)
(RDMA_READ_CONSUME_CHECK_CONSUMER) timestamp=1293 ms, used_size=4495360 bytes (11.0%)
(RDMA_READ_CONSUME_CHECK_CONSUMER) timestamp=1293 ms, used_size=4493312 bytes (11.0%)
(RDMA_READ_CONSUME_CHECK_CONSUMER) timestamp=1293 ms, used_size=4491264 bytes (11.0%)
(RDMA_READ_CONSUME_CHECK_CONSUMER) timestamp=1293 ms, used_size=4489216 bytes (11.0%)
(RDMA_READ_CONSUME_CHECK_CONSUMER) timestamp=1293 ms, used_size=4487168 bytes (11.0%)
(RDMA_READ_CONSUME_CHECK_CONSUMER) timestamp=1293 ms, used_size=4485120 bytes (10.9%)
(RDMA_READ_CONSUME_CHECK_CONSUMER) timestamp=1293 ms, used_size=4483072 bytes (10.9%)
(RDMA_READ_CONSUME_CHECK_CONSUMER) timestamp=1293 ms, used_size=4481024 bytes (10.9%)
(RDMA_READ_CONSUME_CHECK_CONSUMER) timestamp=1293 ms, used_size=4478976 bytes (10.9%)
(RDMA_READ_CONSUME_CHECK_CONSUMER) timestamp=1293 ms, used_size=4476928 bytes (10.9%)
(RDMA_READ_CONSUME_CHECK_CONSUMER) timestamp=1293 ms, used_size=4474880 bytes (10.9%)
(RDMA_READ_CONSUME_CHECK_CONSUMER) timestamp=1293 ms, used_size=4472832 bytes (10.9%)
(RDMA_READ_CONSUME_CHECK_CONSUMER) timestamp=1293 ms, used_size=4470784 bytes (10.9%)
(RDMA_READ_CONSUME_CHECK_CONSUMER) timestamp=1293 ms, used_size=4468736 bytes (10.9%)
(RDMA_READ_CONSUME_CHECK_CONSUMER) timestamp=1293 ms, used_size=4466688 bytes (10.9%)
(RDMA_READ_CONSUME_CHECK_CONSUMER) timestamp=1293 ms, used_size=4464640 bytes (10.9%)
(RDMA_READ_CONSUME_CHECK_CONSUMER) timestamp=1293 ms, used_size=4462592 bytes (10.9%)
(RDMA_READ_CONSUME_CHECK_CONSUMER) timestamp=1293 ms, used_size=4460544 bytes (10.9%)
(RDMA_READ_CONSUME_CHECK_CONSUMER) timestamp=1293 ms, used_size=4458496 bytes (10.9%)
(RDMA_READ_CONSUME_CHECK_CONSUMER) timestamp=1293 ms, used_size=4456448 bytes (10.9%)
(RDMA_READ_CONSUME_CHECK_CONSUMER) timestamp=1293 ms, used_size=4454400 bytes (10.9%)
(RDMA_READ_CONSUME_CHECK_CONSUMER) timestamp=1293 ms, used_size=4452352 bytes (10.9%)
(RDMA_READ_CONSUME_CHECK_CONSUMER) timestamp=1293 ms, used_size=4450304 bytes (10.9%)
(RDMA_READ_CONSUME_CHECK_CONSUMER) timestamp=1293 ms, used_size=4448256 bytes (10.9%)
(RDMA_READ_CONSUME_CHECK_CONSUMER) timestamp=1293 ms, used_size=4446208 bytes (10.9%)
(RDMA_READ_CONSUME_CHECK_CONSUMER) timestamp=1293 ms, used_size=4444160 bytes (10.8%)
(RDMA_READ_CONSUME_CHECK_CONSUMER) timestamp=1293 ms, used_size=4442112 bytes (10.8%)
(RDMA_READ_CONSUME_CHECK_CONSUMER) timestamp=1293 ms, used_size=4440064 bytes (10.8%)
(RDMA_READ_CONSUME_CHECK_CONSUMER) timestamp=1293 ms, used_size=4438016 bytes (10.8%)
(RDMA_READ_CONSUME_CHECK_CONSUMER) timestamp=1293 ms, used_size=4435968 bytes (10.8%)
(RDMA_READ_CONSUME_CHECK_CONSUMER) timestamp=1293 ms, used_size=4433920 bytes (10.8%)
(RDMA_READ_CONSUME_CHECK_CONSUMER) timestamp=1293 ms, used_size=4431872 bytes (10.8%)
(RDMA_READ_CONSUME_CHECK_CONSUMER) timestamp=1293 ms, used_size=4429824 bytes (10.8%)
(RDMA_READ_CONSUME_CHECK_CONSUMER) timestamp=1293 ms, used_size=4427776 bytes (10.8%)
(RDMA_READ_CONSUME_CHECK_CONSUMER) timestamp=1293 ms, used_size=4425728 bytes (10.8%)
(RDMA_READ_CONSUME_CHECK_CONSUMER) timestamp=1294 ms, used_size=4423680 bytes (10.8%)
(RDMA_READ_CONSUME_CHECK_CONSUMER) timestamp=1294 ms, used_size=4421632 bytes (10.8%)
(RDMA_READ_CONSUME_CHECK_CONSUMER) timestamp=1294 ms, used_size=4419584 bytes (10.8%)
(RDMA_READ_CONSUME_CHECK_CONSUMER) timestamp=1294 ms, used_size=4417536 bytes (10.8%)
(RDMA_READ_CONSUME_CHECK_CONSUMER) timestamp=1294 ms, used_size=4415488 bytes (10.8%)
(RDMA_READ_CONSUME_CHECK_CONSUMER) timestamp=1294 ms, used_size=4413440 bytes (10.8%)
(RDMA_READ_CONSUME_CHECK_CONSUMER) timestamp=1294 ms, used_size=4411392 bytes (10.8%)
(RDMA_READ_CONSUME_CHECK_CONSUMER) timestamp=1294 ms, used_size=4409344 bytes (10.8%)
(RDMA_READ_CONSUME_CHECK_CONSUMER) timestamp=1294 ms, used_size=4407296 bytes (10.8%)
(RDMA_READ_CONSUME_CHECK_CONSUMER) timestamp=1294 ms, used_size=4405248 bytes (10.8%)
(RDMA_READ_CONSUME_CHECK_CONSUMER) timestamp=1294 ms, used_size=4403200 bytes (10.8%)
(RDMA_READ_CONSUME_CHECK_CONSUMER) timestamp=1294 ms, used_size=4401152 bytes (10.7%)
(RDMA_READ_CONSUME_CHECK_CONSUMER) timestamp=1294 ms, used_size=4399104 bytes (10.7%)
(RDMA_READ_CONSUME_CHECK_CONSUMER) timestamp=1294 ms, used_size=4397056 bytes (10.7%)
(RDMA_READ_CONSUME_CHECK_CONSUMER) timestamp=1294 ms, used_size=4395008 bytes (10.7%)
(RDMA_READ_CONSUME_CHECK_CONSUMER) timestamp=1294 ms, used_size=4392960 bytes (10.7%)
(RDMA_READ_CONSUME_CHECK_CONSUMER) timestamp=1294 ms, used_size=4390912 bytes (10.7%)
(RDMA_READ_CONSUME_CHECK_CONSUMER) timestamp=1294 ms, used_size=4388864 bytes (10.7%)
(RDMA_READ_CONSUME_CHECK_CONSUMER) timestamp=1294 ms, used_size=4386816 bytes (10.7%)
(RDMA_READ_CONSUME_CHECK_CONSUMER) timestamp=1294 ms, used_size=4384768 bytes (10.7%)
(RDMA_READ_CONSUME_CHECK_CONSUMER) timestamp=1294 ms, used_size=4382720 bytes (10.7%)
(RDMA_READ_CONSUME_CHECK_CONSUMER) timestamp=1294 ms, used_size=4380672 bytes (10.7%)
(RDMA_READ_CONSUME_CHECK_CONSUMER) timestamp=1294 ms, used_size=4378624 bytes (10.7%)
(RDMA_READ_CONSUME_CHECK_CONSUMER) timestamp=1294 ms, used_size=4376576 bytes (10.7%)
(RDMA_READ_CONSUME_CHECK_CONSUMER) timestamp=1294 ms, used_size=4374528 bytes (10.7%)
(RDMA_READ_CONSUME_CHECK_CONSUMER) timestamp=1294 ms, used_size=4372480 bytes (10.7%)
(RDMA_READ_CONSUME_CHECK_CONSUMER) timestamp=1294 ms, used_size=4370432 bytes (10.7%)
(RDMA_READ_CONSUME_CHECK_CONSUMER) timestamp=1294 ms, used_size=4368384 bytes (10.7%)
(RDMA_READ_CONSUME_CHECK_CONSUMER) timestamp=1294 ms, used_size=4366336 bytes (10.7%)
(RDMA_READ_CONSUME_CHECK_CONSUMER) timestamp=1294 ms, used_size=4364288 bytes (10.7%)
(RDMA_READ_CONSUME_CHECK_CONSUMER) timestamp=1294 ms, used_size=4362240 bytes (10.7%)
(RDMA_READ_CONSUME_CHECK_CONSUMER) timestamp=1294 ms, used_size=4360192 bytes (10.6%)
(RDMA_READ_CONSUME_CHECK_CONSUMER) timestamp=1294 ms, used_size=4358144 bytes (10.6%)
(RDMA_READ_CONSUME_CHECK_CONSUMER) timestamp=1294 ms, used_size=4356096 bytes (10.6%)
(RDMA_READ_CONSUME_CHECK_CONSUMER) timestamp=1294 ms, used_size=4354048 bytes (10.6%)
(RDMA_READ_CONSUME_CHECK_CONSUMER) timestamp=1294 ms, used_size=4352000 bytes (10.6%)
(RDMA_READ_CONSUME_CHECK_CONSUMER) timestamp=1294 ms, used_size=4349952 bytes (10.6%)
(RDMA_READ_CONSUME_CHECK_CONSUMER) timestamp=1294 ms, used_size=4347904 bytes (10.6%)
(RDMA_READ_CONSUME_CHECK_CONSUMER) timestamp=1294 ms, used_size=4345856 bytes (10.6%)
(RDMA_READ_CONSUME_CHECK_CONSUMER) timestamp=1294 ms, used_size=4343808 bytes (10.6%)
(RDMA_READ_CONSUME_CHECK_CONSUMER) timestamp=1294 ms, used_size=4341760 bytes (10.6%)
(RDMA_READ_CONSUME_CHECK_CONSUMER) timestamp=1294 ms, used_size=4339712 bytes (10.6%)
(RDMA_READ_CONSUME_CHECK_CONSUMER) timestamp=1294 ms, used_size=4337664 bytes (10.6%)
(RDMA_READ_CONSUME_CHECK_CONSUMER) timestamp=1294 ms, used_size=4335616 bytes (10.6%)
(RDMA_READ_CONSUME_CHECK_CONSUMER) timestamp=1294 ms, used_size=4333568 bytes (10.6%)
(RDMA_READ_CONSUME_CHECK_CONSUMER) timestamp=1294 ms, used_size=4331520 bytes (10.6%)
(RDMA_READ_CONSUME_CHECK_CONSUMER) timestamp=1294 ms, used_size=4329472 bytes (10.6%)
(RDMA_READ_CONSUME_CHECK_CONSUMER) timestamp=1294 ms, used_size=4327424 bytes (10.6%)
(RDMA_READ_CONSUME_CHECK_CONSUMER) timestamp=1294 ms, used_size=4325376 bytes (10.6%)
(RDMA_READ_CONSUME_CHECK_CONSUMER) timestamp=1294 ms, used_size=4323328 bytes (10.6%)
(RDMA_READ_CONSUME_CHECK_CONSUMER) timestamp=1294 ms, used_size=4321280 bytes (10.6%)
(RDMA_READ_CONSUME_CHECK_CONSUMER) timestamp=1294 ms, used_size=4319232 bytes (10.5%)
(RDMA_READ_CONSUME_CHECK_CONSUMER) timestamp=1294 ms, used_size=4317184 bytes (10.5%)
(RDMA_READ_CONSUME_CHECK_CONSUMER) timestamp=1294 ms, used_size=4315136 bytes (10.5%)
(RDMA_READ_CONSUME_CHECK_CONSUMER) timestamp=1294 ms, used_size=4313088 bytes (10.5%)
(RDMA_READ_CONSUME_CHECK_CONSUMER) timestamp=1294 ms, used_size=4311040 bytes (10.5%)
(RDMA_READ_CONSUME_CHECK_CONSUMER) timestamp=1294 ms, used_size=4308992 bytes (10.5%)
(RDMA_READ_CONSUME_CHECK_CONSUMER) timestamp=1294 ms, used_size=4306944 bytes (10.5%)
(RDMA_READ_CONSUME_CHECK_CONSUMER) timestamp=1294 ms, used_size=4304896 bytes (10.5%)
(RDMA_READ_CONSUME_CHECK_CONSUMER) timestamp=1294 ms, used_size=4302848 bytes (10.5%)
(RDMA_READ_CONSUME_CHECK_CONSUMER) timestamp=1294 ms, used_size=4300800 bytes (10.5%)
(RDMA_READ_CONSUME_CHECK_CONSUMER) timestamp=1294 ms, used_size=4298752 bytes (10.5%)
(RDMA_READ_CONSUME_CHECK_CONSUMER) timestamp=1294 ms, used_size=4296704 bytes (10.5%)
(RDMA_READ_CONSUME_CHECK_CONSUMER) timestamp=1294 ms, used_size=4294656 bytes (10.5%)
(RDMA_READ_CONSUME_CHECK_CONSUMER) timestamp=1294 ms, used_size=4292608 bytes (10.5%)
(RDMA_READ_CONSUME_CHECK_CONSUMER) timestamp=1294 ms, used_size=4290560 bytes (10.5%)
(RDMA_READ_CONSUME_CHECK_CONSUMER) timestamp=1294 ms, used_size=4288512 bytes (10.5%)
(RDMA_READ_CONSUME_CHECK_CONSUMER) timestamp=1294 ms, used_size=4286464 bytes (10.5%)
(RDMA_READ_CONSUME_CHECK_CONSUMER) timestamp=1294 ms, used_size=4284416 bytes (10.5%)
(RDMA_READ_CONSUME_CHECK_CONSUMER) timestamp=1294 ms, used_size=4282368 bytes (10.5%)
(RDMA_READ_CONSUME_CHECK_CONSUMER) timestamp=1294 ms, used_size=4280320 bytes (10.4%)
(RDMA_READ_CONSUME_CHECK_CONSUMER) timestamp=1294 ms, used_size=4278272 bytes (10.4%)
(RDMA_READ_CONSUME_CHECK_CONSUMER) timestamp=1294 ms, used_size=4276224 bytes (10.4%)
(RDMA_READ_CONSUME_CHECK_CONSUMER) timestamp=1294 ms, used_size=4274176 bytes (10.4%)
(RDMA_READ_CONSUME_CHECK_CONSUMER) timestamp=1294 ms, used_size=4272128 bytes (10.4%)
(RDMA_READ_CONSUME_CHECK_CONSUMER) timestamp=1294 ms, used_size=4270080 bytes (10.4%)
(RDMA_READ_CONSUME_CHECK_CONSUMER) timestamp=1294 ms, used_size=4268032 bytes (10.4%)
(RDMA_READ_CONSUME_CHECK_CONSUMER) timestamp=1294 ms, used_size=4265984 bytes (10.4%)
(RDMA_READ_CONSUME_CHECK_CONSUMER) timestamp=1294 ms, used_size=4263936 bytes (10.4%)
(RDMA_READ_CONSUME_CHECK_CONSUMER) timestamp=1294 ms, used_size=4261888 bytes (10.4%)
(RDMA_READ_CONSUME_CHECK_CONSUMER) timestamp=1294 ms, used_size=4259840 bytes (10.4%)
(RDMA_READ_CONSUME_CHECK_CONSUMER) timestamp=1294 ms, used_size=4257792 bytes (10.4%)
(RDMA_READ_CONSUME_CHECK_CONSUMER) timestamp=1294 ms, used_size=4255744 bytes (10.4%)
(RDMA_READ_CONSUME_CHECK_CONSUMER) timestamp=1294 ms, used_size=4253696 bytes (10.4%)
(RDMA_READ_CONSUME_CHECK_CONSUMER) timestamp=1294 ms, used_size=4251648 bytes (10.4%)
(RDMA_READ_CONSUME_CHECK_CONSUMER) timestamp=1294 ms, used_size=4249600 bytes (10.4%)
(RDMA_READ_CONSUME_CHECK_CONSUMER) timestamp=1294 ms, used_size=4247552 bytes (10.4%)
(RDMA_READ_CONSUME_CHECK_CONSUMER) timestamp=1294 ms, used_size=4245504 bytes (10.4%)
(RDMA_READ_CONSUME_CHECK_CONSUMER) timestamp=1294 ms, used_size=4243456 bytes (10.4%)
(RDMA_READ_CONSUME_CHECK_CONSUMER) timestamp=1294 ms, used_size=4241408 bytes (10.4%)
(RDMA_READ_CONSUME_CHECK_CONSUMER) timestamp=1294 ms, used_size=4239360 bytes (10.3%)
(RDMA_READ_CONSUME_CHECK_CONSUMER) timestamp=1294 ms, used_size=4237312 bytes (10.3%)
(RDMA_READ_CONSUME_CHECK_CONSUMER) timestamp=1294 ms, used_size=4235264 bytes (10.3%)
(RDMA_READ_CONSUME_CHECK_CONSUMER) timestamp=1294 ms, used_size=4233216 bytes (10.3%)
(RDMA_READ_CONSUME_CHECK_CONSUMER) timestamp=1294 ms, used_size=4231168 bytes (10.3%)
(RDMA_READ_CONSUME_CHECK_CONSUMER) timestamp=1294 ms, used_size=4229120 bytes (10.3%)
(RDMA_READ_CONSUME_CHECK_CONSUMER) timestamp=1294 ms, used_size=4227072 bytes (10.3%)
(RDMA_READ_CONSUME_CHECK_CONSUMER) timestamp=1294 ms, used_size=4225024 bytes (10.3%)
(RDMA_READ_CONSUME_CHECK_CONSUMER) timestamp=1294 ms, used_size=4222976 bytes (10.3%)
(RDMA_READ_CONSUME_CHECK_CONSUMER) timestamp=1294 ms, used_size=4220928 bytes (10.3%)
(RDMA_READ_CONSUME_CHECK_CONSUMER) timestamp=1294 ms, used_size=4218880 bytes (10.3%)
(RDMA_READ_CONSUME_CHECK_CONSUMER) timestamp=1294 ms, used_size=4216832 bytes (10.3%)
(RDMA_READ_CONSUME_CHECK_CONSUMER) timestamp=1294 ms, used_size=4214784 bytes (10.3%)
(RDMA_READ_CONSUME_CHECK_CONSUMER) timestamp=1294 ms, used_size=4212736 bytes (10.3%)
(RDMA_READ_CONSUME_CHECK_CONSUMER) timestamp=1294 ms, used_size=4210688 bytes (10.3%)
(RDMA_READ_CONSUME_CHECK_CONSUMER) timestamp=1294 ms, used_size=4208640 bytes (10.3%)
(RDMA_READ_CONSUME_CHECK_CONSUMER) timestamp=1294 ms, used_size=4206592 bytes (10.3%)
(RDMA_READ_CONSUME_CHECK_CONSUMER) timestamp=1294 ms, used_size=4204544 bytes (10.3%)
(RDMA_READ_CONSUME_CHECK_CONSUMER) timestamp=1294 ms, used_size=4202496 bytes (10.3%)
(RDMA_READ_CONSUME_CHECK_CONSUMER) timestamp=1294 ms, used_size=4200448 bytes (10.3%)
(RDMA_READ_CONSUME_CHECK_CONSUMER) timestamp=1294 ms, used_size=4198400 bytes (10.2%)
(RDMA_READ_CONSUME_CHECK_CONSUMER) timestamp=1294 ms, used_size=4196352 bytes (10.2%)
(RDMA_READ_CONSUME_CHECK_CONSUMER) timestamp=1294 ms, used_size=4194304 bytes (10.2%)
(RDMA_READ_CONSUME_CHECK_CONSUMER) timestamp=1294 ms, used_size=4192256 bytes (10.2%)
(RDMA_READ_CONSUME_CHECK_CONSUMER) timestamp=1294 ms, used_size=4190208 bytes (10.2%)
(RDMA_READ_CONSUME_CHECK_CONSUMER) timestamp=1294 ms, used_size=4188160 bytes (10.2%)
(RDMA_READ_CONSUME_CHECK_CONSUMER) timestamp=1294 ms, used_size=4186112 bytes (10.2%)
(RDMA_READ_CONSUME_CHECK_CONSUMER) timestamp=1294 ms, used_size=4184064 bytes (10.2%)
(RDMA_READ_CONSUME_CHECK_CONSUMER) timestamp=1294 ms, used_size=4182016 bytes (10.2%)
(RDMA_READ_CONSUME_CHECK_CONSUMER) timestamp=1294 ms, used_size=4179968 bytes (10.2%)
(RDMA_READ_CONSUME_CHECK_CONSUMER) timestamp=1294 ms, used_size=4177920 bytes (10.2%)
(RDMA_READ_CONSUME_CHECK_CONSUMER) timestamp=1294 ms, used_size=4175872 bytes (10.2%)
(RDMA_READ_CONSUME_CHECK_CONSUMER) timestamp=1294 ms, used_size=4173824 bytes (10.2%)
(RDMA_READ_CONSUME_CHECK_CONSUMER) timestamp=1294 ms, used_size=4171776 bytes (10.2%)
(RDMA_READ_CONSUME_CHECK_CONSUMER) timestamp=1294 ms, used_size=4169728 bytes (10.2%)
(RDMA_READ_CONSUME_CHECK_CONSUMER) timestamp=1294 ms, used_size=4167680 bytes (10.2%)
(RDMA_READ_CONSUME_CHECK_CONSUMER) timestamp=1294 ms, used_size=4165632 bytes (10.2%)
(RDMA_READ_CONSUME_CHECK_CONSUMER) timestamp=1294 ms, used_size=4163584 bytes (10.2%)
(RDMA_READ_CONSUME_CHECK_CONSUMER) timestamp=1294 ms, used_size=4161536 bytes (10.2%)
(RDMA_READ_CONSUME_CHECK_CONSUMER) timestamp=1294 ms, used_size=4159488 bytes (10.2%)
(RDMA_READ_CONSUME_CHECK_CONSUMER) timestamp=1294 ms, used_size=4157440 bytes (10.2%)
(RDMA_READ_CONSUME_CHECK_CONSUMER) timestamp=1294 ms, used_size=4155392 bytes (10.1%)
(RDMA_READ_CONSUME_CHECK_CONSUMER) timestamp=1294 ms, used_size=4153344 bytes (10.1%)
(RDMA_READ_CONSUME_CHECK_CONSUMER) timestamp=1294 ms, used_size=4151296 bytes (10.1%)
(RDMA_READ_CONSUME_CHECK_CONSUMER) timestamp=1294 ms, used_size=4149248 bytes (10.1%)
(RDMA_READ_CONSUME_CHECK_CONSUMER) timestamp=1294 ms, used_size=4147200 bytes (10.1%)
(RDMA_READ_CONSUME_CHECK_CONSUMER) timestamp=1294 ms, used_size=4145152 bytes (10.1%)
(RDMA_READ_CONSUME_CHECK_CONSUMER) timestamp=1294 ms, used_size=4143104 bytes (10.1%)
(RDMA_READ_CONSUME_CHECK_CONSUMER) timestamp=1294 ms, used_size=4141056 bytes (10.1%)
(RDMA_READ_CONSUME_CHECK_CONSUMER) timestamp=1294 ms, used_size=4139008 bytes (10.1%)
(RDMA_READ_CONSUME_CHECK_CONSUMER) timestamp=1294 ms, used_size=4136960 bytes (10.1%)
(RDMA_READ_CONSUME_CHECK_CONSUMER) timestamp=1294 ms, used_size=4134912 bytes (10.1%)
(RDMA_READ_CONSUME_CHECK_CONSUMER) timestamp=1294 ms, used_size=4132864 bytes (10.1%)
(RDMA_READ_CONSUME_CHECK_CONSUMER) timestamp=1294 ms, used_size=4130816 bytes (10.1%)
(RDMA_READ_CONSUME_CHECK_CONSUMER) timestamp=1294 ms, used_size=4128768 bytes (10.1%)
(RDMA_READ_CONSUME_CHECK_CONSUMER) timestamp=1294 ms, used_size=4126720 bytes (10.1%)
(RDMA_READ_CONSUME_CHECK_CONSUMER) timestamp=1294 ms, used_size=4124672 bytes (10.1%)
(RDMA_READ_CONSUME_CHECK_CONSUMER) timestamp=1294 ms, used_size=4122624 bytes (10.1%)
(RDMA_READ_CONSUME_CHECK_CONSUMER) timestamp=1294 ms, used_size=4120576 bytes (10.1%)
(RDMA_READ_CONSUME_CHECK_CONSUMER) timestamp=1294 ms, used_size=4118528 bytes (10.1%)
(RDMA_READ_CONSUME_CHECK_CONSUMER) timestamp=1294 ms, used_size=4116480 bytes (10.1%)
(RDMA_READ_CONSUME_CHECK_CONSUMER) timestamp=1294 ms, used_size=4114432 bytes (10.0%)
(RDMA_READ_CONSUME_CHECK_CONSUMER) timestamp=1294 ms, used_size=4112384 bytes (10.0%)
(RDMA_READ_CONSUME_CHECK_CONSUMER) timestamp=1294 ms, used_size=4110336 bytes (10.0%)
(RDMA_READ_CONSUME_CHECK_CONSUMER) timestamp=1294 ms, used_size=4108288 bytes (10.0%)
(RDMA_READ_CONSUME_CHECK_CONSUMER) timestamp=1294 ms, used_size=4106240 bytes (10.0%)
(RDMA_READ_CONSUME_CHECK_CONSUMER) timestamp=1294 ms, used_size=4104192 bytes (10.0%)
(RDMA_READ_CONSUME_CHECK_CONSUMER) timestamp=1294 ms, used_size=4102144 bytes (10.0%)
(RDMA_READ_CONSUME_CHECK_CONSUMER) timestamp=1294 ms, used_size=4100096 bytes (10.0%)
(RDMA_READ_CONSUME_CHECK_CONSUMER) timestamp=1294 ms, used_size=4098048 bytes (10.0%)
(RDMA_READ_CONSUME_CHECK_CONSUMER) timestamp=1294 ms, used_size=4096000 bytes (10.0%)
(RDMA_READ_CONSUME_CHECK_CONSUMER) timestamp=1294 ms, used_size=4093952 bytes (10.0%)
(RDMA_READ_CONSUME_CHECK_CONSUMER) timestamp=1294 ms, used_size=4091904 bytes (10.0%)
(RDMA_READ_CONSUME_CHECK_CONSUMER) timestamp=1294 ms, used_size=4089856 bytes (10.0%)
(RDMA_READ_CONSUME_CHECK_CONSUMER) timestamp=1294 ms, used_size=4087808 bytes (10.0%)
(RDMA_READ_CONSUME_CHECK_CONSUMER) timestamp=1294 ms, used_size=4085760 bytes (10.0%)
(RDMA_READ_CONSUME_CHECK_CONSUMER) timestamp=1294 ms, used_size=4083712 bytes (10.0%)
(RDMA_READ_CONSUME_CHECK_CONSUMER) timestamp=1294 ms, used_size=4081664 bytes (10.0%)
(RDMA_READ_CONSUME_CHECK_CONSUMER) timestamp=1294 ms, used_size=4079616 bytes (10.0%)
(RDMA_READ_CONSUME_CHECK_CONSUMER) timestamp=1294 ms, used_size=4077568 bytes (10.0%)
(RDMA_READ_CONSUME_CHECK_CONSUMER) timestamp=1294 ms, used_size=4075520 bytes (9.9%)
(RDMA_READ_CONSUME_CHECK_CONSUMER) timestamp=1294 ms, used_size=4073472 bytes (9.9%)
(RDMA_READ_CONSUME_CHECK_CONSUMER) timestamp=1294 ms, used_size=4071424 bytes (9.9%)
(RDMA_READ_CONSUME_CHECK_CONSUMER) timestamp=1294 ms, used_size=4069376 bytes (9.9%)
(RDMA_READ_CONSUME_CHECK_CONSUMER) timestamp=1294 ms, used_size=4067328 bytes (9.9%)
(RDMA_READ_CONSUME_CHECK_CONSUMER) timestamp=1294 ms, used_size=4065280 bytes (9.9%)
(RDMA_READ_CONSUME_CHECK_CONSUMER) timestamp=1294 ms, used_size=4063232 bytes (9.9%)
(RDMA_READ_CONSUME_CHECK_CONSUMER) timestamp=1294 ms, used_size=4061184 bytes (9.9%)
(RDMA_READ_CONSUME_CHECK_CONSUMER) timestamp=1294 ms, used_size=4059136 bytes (9.9%)
(RDMA_READ_CONSUME_CHECK_CONSUMER) timestamp=1294 ms, used_size=4057088 bytes (9.9%)
(RDMA_READ_CONSUME_CHECK_CONSUMER) timestamp=1294 ms, used_size=4055040 bytes (9.9%)
(RDMA_READ_CONSUME_CHECK_CONSUMER) timestamp=1294 ms, used_size=4052992 bytes (9.9%)
(RDMA_READ_CONSUME_CHECK_CONSUMER) timestamp=1295 ms, used_size=4050944 bytes (9.9%)
(RDMA_READ_CONSUME_CHECK_CONSUMER) timestamp=1295 ms, used_size=4048896 bytes (9.9%)
(RDMA_READ_CONSUME_CHECK_CONSUMER) timestamp=1295 ms, used_size=4046848 bytes (9.9%)
(RDMA_READ_CONSUME_CHECK_CONSUMER) timestamp=1295 ms, used_size=4044800 bytes (9.9%)
(RDMA_READ_CONSUME_CHECK_CONSUMER) timestamp=1295 ms, used_size=4042752 bytes (9.9%)
(RDMA_READ_CONSUME_CHECK_CONSUMER) timestamp=1295 ms, used_size=4040704 bytes (9.9%)
(RDMA_READ_CONSUME_CHECK_CONSUMER) timestamp=1295 ms, used_size=4038656 bytes (9.9%)
(RDMA_READ_CONSUME_CHECK_CONSUMER) timestamp=1295 ms, used_size=4036608 bytes (9.9%)
(RDMA_READ_CONSUME_CHECK_CONSUMER) timestamp=1295 ms, used_size=4034560 bytes (9.8%)
(RDMA_READ_CONSUME_CHECK_CONSUMER) timestamp=1295 ms, used_size=4032512 bytes (9.8%)
(RDMA_READ_CONSUME_CHECK_CONSUMER) timestamp=1295 ms, used_size=4030464 bytes (9.8%)
(RDMA_READ_CONSUME_CHECK_CONSUMER) timestamp=1295 ms, used_size=4028416 bytes (9.8%)
(RDMA_READ_CONSUME_CHECK_CONSUMER) timestamp=1295 ms, used_size=4026368 bytes (9.8%)
(RDMA_READ_CONSUME_CHECK_CONSUMER) timestamp=1295 ms, used_size=4024320 bytes (9.8%)
(RDMA_READ_CONSUME_CHECK_CONSUMER) timestamp=1295 ms, used_size=4022272 bytes (9.8%)
(RDMA_READ_CONSUME_CHECK_CONSUMER) timestamp=1295 ms, used_size=4020224 bytes (9.8%)
(RDMA_READ_CONSUME_CHECK_CONSUMER) timestamp=1295 ms, used_size=4018176 bytes (9.8%)
(RDMA_READ_CONSUME_CHECK_CONSUMER) timestamp=1295 ms, used_size=4016128 bytes (9.8%)
(RDMA_READ_CONSUME_CHECK_CONSUMER) timestamp=1295 ms, used_size=4014080 bytes (9.8%)
(RDMA_READ_CONSUME_CHECK_CONSUMER) timestamp=1295 ms, used_size=4012032 bytes (9.8%)
(RDMA_READ_CONSUME_CHECK_CONSUMER) timestamp=1295 ms, used_size=4009984 bytes (9.8%)
(RDMA_READ_CONSUME_CHECK_CONSUMER) timestamp=1295 ms, used_size=4007936 bytes (9.8%)
(RDMA_READ_CONSUME_CHECK_CONSUMER) timestamp=1295 ms, used_size=4005888 bytes (9.8%)
(RDMA_READ_CONSUME_CHECK_CONSUMER) timestamp=1295 ms, used_size=4003840 bytes (9.8%)
(RDMA_READ_CONSUME_CHECK_CONSUMER) timestamp=1295 ms, used_size=4001792 bytes (9.8%)
(RDMA_READ_CONSUME_CHECK_CONSUMER) timestamp=1295 ms, used_size=3999744 bytes (9.8%)
(RDMA_READ_CONSUME_CHECK_CONSUMER) timestamp=1295 ms, used_size=3997696 bytes (9.8%)
(RDMA_READ_CONSUME_CHECK_CONSUMER) timestamp=1295 ms, used_size=3995648 bytes (9.8%)
(RDMA_READ_CONSUME_CHECK_CONSUMER) timestamp=1295 ms, used_size=3993600 bytes (9.8%)
(RDMA_READ_CONSUME_CHECK_CONSUMER) timestamp=1295 ms, used_size=3991552 bytes (9.7%)
(RDMA_READ_CONSUME_CHECK_CONSUMER) timestamp=1295 ms, used_size=3989504 bytes (9.7%)
(RDMA_READ_CONSUME_CHECK_CONSUMER) timestamp=1295 ms, used_size=3987456 bytes (9.7%)
(RDMA_READ_CONSUME_CHECK_CONSUMER) timestamp=1295 ms, used_size=3985408 bytes (9.7%)
(RDMA_READ_CONSUME_CHECK_CONSUMER) timestamp=1295 ms, used_size=3983360 bytes (9.7%)
(RDMA_READ_CONSUME_CHECK_CONSUMER) timestamp=1295 ms, used_size=3981312 bytes (9.7%)
(RDMA_READ_CONSUME_CHECK_CONSUMER) timestamp=1295 ms, used_size=3979264 bytes (9.7%)
(RDMA_READ_CONSUME_CHECK_CONSUMER) timestamp=1295 ms, used_size=3977216 bytes (9.7%)
(RDMA_READ_CONSUME_CHECK_CONSUMER) timestamp=1295 ms, used_size=3975168 bytes (9.7%)
(RDMA_READ_CONSUME_CHECK_CONSUMER) timestamp=1295 ms, used_size=3973120 bytes (9.7%)
(RDMA_READ_CONSUME_CHECK_CONSUMER) timestamp=1295 ms, used_size=3971072 bytes (9.7%)
(RDMA_READ_CONSUME_CHECK_CONSUMER) timestamp=1295 ms, used_size=3969024 bytes (9.7%)
(RDMA_READ_CONSUME_CHECK_CONSUMER) timestamp=1295 ms, used_size=3966976 bytes (9.7%)
(RDMA_READ_CONSUME_CHECK_CONSUMER) timestamp=1295 ms, used_size=3964928 bytes (9.7%)
(RDMA_READ_CONSUME_CHECK_CONSUMER) timestamp=1295 ms, used_size=3962880 bytes (9.7%)
(RDMA_READ_CONSUME_CHECK_CONSUMER) timestamp=1295 ms, used_size=3960832 bytes (9.7%)
(RDMA_READ_CONSUME_CHECK_CONSUMER) timestamp=1295 ms, used_size=3958784 bytes (9.7%)
(RDMA_READ_CONSUME_CHECK_CONSUMER) timestamp=1295 ms, used_size=3956736 bytes (9.7%)
(RDMA_READ_CONSUME_CHECK_CONSUMER) timestamp=1295 ms, used_size=3954688 bytes (9.7%)
(RDMA_READ_CONSUME_CHECK_CONSUMER) timestamp=1295 ms, used_size=3952640 bytes (9.7%)
(RDMA_READ_CONSUME_CHECK_CONSUMER) timestamp=1295 ms, used_size=3950592 bytes (9.6%)
(RDMA_READ_CONSUME_CHECK_CONSUMER) timestamp=1295 ms, used_size=3948544 bytes (9.6%)
(RDMA_READ_CONSUME_CHECK_CONSUMER) timestamp=1295 ms, used_size=3946496 bytes (9.6%)
(RDMA_READ_CONSUME_CHECK_CONSUMER) timestamp=1295 ms, used_size=3944448 bytes (9.6%)
(RDMA_READ_CONSUME_CHECK_CONSUMER) timestamp=1295 ms, used_size=3942400 bytes (9.6%)
(RDMA_READ_CONSUME_CHECK_CONSUMER) timestamp=1295 ms, used_size=3940352 bytes (9.6%)
(RDMA_READ_CONSUME_CHECK_CONSUMER) timestamp=1295 ms, used_size=3938304 bytes (9.6%)
(RDMA_READ_CONSUME_CHECK_CONSUMER) timestamp=1295 ms, used_size=3936256 bytes (9.6%)
(RDMA_READ_CONSUME_CHECK_CONSUMER) timestamp=1295 ms, used_size=3934208 bytes (9.6%)
(RDMA_READ_CONSUME_CHECK_CONSUMER) timestamp=1295 ms, used_size=3932160 bytes (9.6%)
(RDMA_READ_CONSUME_CHECK_CONSUMER) timestamp=1295 ms, used_size=3930112 bytes (9.6%)
(RDMA_READ_CONSUME_CHECK_CONSUMER) timestamp=1295 ms, used_size=3928064 bytes (9.6%)
(RDMA_READ_CONSUME_CHECK_CONSUMER) timestamp=1295 ms, used_size=3926016 bytes (9.6%)
(RDMA_READ_CONSUME_CHECK_CONSUMER) timestamp=1295 ms, used_size=3923968 bytes (9.6%)
(RDMA_READ_CONSUME_CHECK_CONSUMER) timestamp=1295 ms, used_size=3921920 bytes (9.6%)
(RDMA_READ_CONSUME_CHECK_CONSUMER) timestamp=1295 ms, used_size=3919872 bytes (9.6%)
(RDMA_READ_CONSUME_CHECK_CONSUMER) timestamp=1295 ms, used_size=3917824 bytes (9.6%)
(RDMA_READ_CONSUME_CHECK_CONSUMER) timestamp=1295 ms, used_size=3915776 bytes (9.6%)
(RDMA_READ_CONSUME_CHECK_CONSUMER) timestamp=1295 ms, used_size=3913728 bytes (9.6%)
(RDMA_READ_CONSUME_CHECK_CONSUMER) timestamp=1295 ms, used_size=3911680 bytes (9.6%)
(RDMA_READ_CONSUME_CHECK_CONSUMER) timestamp=1295 ms, used_size=3909632 bytes (9.5%)
(RDMA_READ_CONSUME_CHECK_CONSUMER) timestamp=1295 ms, used_size=3907584 bytes (9.5%)
(RDMA_READ_CONSUME_CHECK_CONSUMER) timestamp=1295 ms, used_size=3905536 bytes (9.5%)
(RDMA_READ_CONSUME_CHECK_CONSUMER) timestamp=1295 ms, used_size=3903488 bytes (9.5%)
(RDMA_READ_CONSUME_CHECK_CONSUMER) timestamp=1295 ms, used_size=3901440 bytes (9.5%)
(RDMA_READ_CONSUME_CHECK_CONSUMER) timestamp=1295 ms, used_size=3899392 bytes (9.5%)
(RDMA_READ_CONSUME_CHECK_CONSUMER) timestamp=1295 ms, used_size=3897344 bytes (9.5%)
(RDMA_READ_CONSUME_CHECK_CONSUMER) timestamp=1295 ms, used_size=3895296 bytes (9.5%)
(RDMA_READ_CONSUME_CHECK_CONSUMER) timestamp=1295 ms, used_size=3893248 bytes (9.5%)
(RDMA_READ_CONSUME_CHECK_CONSUMER) timestamp=1295 ms, used_size=3891200 bytes (9.5%)
(RDMA_READ_CONSUME_CHECK_CONSUMER) timestamp=1295 ms, used_size=3889152 bytes (9.5%)
(RDMA_READ_CONSUME_CHECK_CONSUMER) timestamp=1295 ms, used_size=3887104 bytes (9.5%)
(RDMA_READ_CONSUME_CHECK_CONSUMER) timestamp=1295 ms, used_size=3885056 bytes (9.5%)
(RDMA_READ_CONSUME_CHECK_CONSUMER) timestamp=1295 ms, used_size=3883008 bytes (9.5%)
(RDMA_READ_CONSUME_CHECK_CONSUMER) timestamp=1295 ms, used_size=3880960 bytes (9.5%)
(RDMA_READ_CONSUME_CHECK_CONSUMER) timestamp=1295 ms, used_size=3878912 bytes (9.5%)
(RDMA_READ_CONSUME_CHECK_CONSUMER) timestamp=1295 ms, used_size=3876864 bytes (9.5%)
(RDMA_READ_CONSUME_CHECK_CONSUMER) timestamp=1295 ms, used_size=3874816 bytes (9.5%)
(RDMA_READ_CONSUME_CHECK_CONSUMER) timestamp=1295 ms, used_size=3872768 bytes (9.5%)
(RDMA_READ_CONSUME_CHECK_CONSUMER) timestamp=1295 ms, used_size=3870720 bytes (9.4%)
(RDMA_READ_CONSUME_CHECK_CONSUMER) timestamp=1295 ms, used_size=3868672 bytes (9.4%)
(RDMA_READ_CONSUME_CHECK_CONSUMER) timestamp=1295 ms, used_size=3866624 bytes (9.4%)
(RDMA_READ_CONSUME_CHECK_CONSUMER) timestamp=1295 ms, used_size=3864576 bytes (9.4%)
(RDMA_READ_CONSUME_CHECK_CONSUMER) timestamp=1295 ms, used_size=3862528 bytes (9.4%)
(RDMA_READ_CONSUME_CHECK_CONSUMER) timestamp=1295 ms, used_size=3860480 bytes (9.4%)
(RDMA_READ_CONSUME_CHECK_CONSUMER) timestamp=1295 ms, used_size=3858432 bytes (9.4%)
(RDMA_READ_CONSUME_CHECK_CONSUMER) timestamp=1295 ms, used_size=3856384 bytes (9.4%)
(RDMA_READ_CONSUME_CHECK_CONSUMER) timestamp=1295 ms, used_size=3854336 bytes (9.4%)
(RDMA_READ_CONSUME_CHECK_CONSUMER) timestamp=1295 ms, used_size=3852288 bytes (9.4%)
(RDMA_READ_CONSUME_CHECK_CONSUMER) timestamp=1295 ms, used_size=3850240 bytes (9.4%)
(RDMA_READ_CONSUME_CHECK_CONSUMER) timestamp=1295 ms, used_size=3848192 bytes (9.4%)
(RDMA_READ_CONSUME_CHECK_CONSUMER) timestamp=1295 ms, used_size=3846144 bytes (9.4%)
(RDMA_READ_CONSUME_CHECK_CONSUMER) timestamp=1295 ms, used_size=3844096 bytes (9.4%)
(RDMA_READ_CONSUME_CHECK_CONSUMER) timestamp=1295 ms, used_size=3842048 bytes (9.4%)
(RDMA_READ_CONSUME_CHECK_CONSUMER) timestamp=1295 ms, used_size=3840000 bytes (9.4%)
(RDMA_READ_CONSUME_CHECK_CONSUMER) timestamp=1295 ms, used_size=3837952 bytes (9.4%)
(RDMA_READ_CONSUME_CHECK_CONSUMER) timestamp=1295 ms, used_size=3835904 bytes (9.4%)
(RDMA_READ_CONSUME_CHECK_CONSUMER) timestamp=1295 ms, used_size=3833856 bytes (9.4%)
(RDMA_READ_CONSUME_CHECK_CONSUMER) timestamp=1295 ms, used_size=3831808 bytes (9.4%)
(RDMA_READ_CONSUME_CHECK_CONSUMER) timestamp=1295 ms, used_size=3829760 bytes (9.3%)
(RDMA_READ_CONSUME_CHECK_CONSUMER) timestamp=1295 ms, used_size=3827712 bytes (9.3%)
(RDMA_READ_CONSUME_CHECK_CONSUMER) timestamp=1295 ms, used_size=3825664 bytes (9.3%)
(RDMA_READ_CONSUME_CHECK_CONSUMER) timestamp=1295 ms, used_size=3823616 bytes (9.3%)
(RDMA_READ_CONSUME_CHECK_CONSUMER) timestamp=1295 ms, used_size=3821568 bytes (9.3%)
(RDMA_READ_CONSUME_CHECK_CONSUMER) timestamp=1295 ms, used_size=3819520 bytes (9.3%)
(RDMA_READ_CONSUME_CHECK_CONSUMER) timestamp=1295 ms, used_size=3817472 bytes (9.3%)
(RDMA_READ_CONSUME_CHECK_CONSUMER) timestamp=1295 ms, used_size=3815424 bytes (9.3%)
(RDMA_READ_CONSUME_CHECK_CONSUMER) timestamp=1295 ms, used_size=3813376 bytes (9.3%)
(RDMA_READ_CONSUME_CHECK_CONSUMER) timestamp=1295 ms, used_size=3811328 bytes (9.3%)
(RDMA_READ_CONSUME_CHECK_CONSUMER) timestamp=1295 ms, used_size=3809280 bytes (9.3%)
(RDMA_READ_CONSUME_CHECK_CONSUMER) timestamp=1295 ms, used_size=3807232 bytes (9.3%)
(RDMA_READ_CONSUME_CHECK_CONSUMER) timestamp=1295 ms, used_size=3805184 bytes (9.3%)
(RDMA_READ_CONSUME_CHECK_CONSUMER) timestamp=1295 ms, used_size=3803136 bytes (9.3%)
(RDMA_READ_CONSUME_CHECK_CONSUMER) timestamp=1295 ms, used_size=3801088 bytes (9.3%)
(RDMA_READ_CONSUME_CHECK_CONSUMER) timestamp=1295 ms, used_size=3799040 bytes (9.3%)
(RDMA_READ_CONSUME_CHECK_CONSUMER) timestamp=1295 ms, used_size=3796992 bytes (9.3%)
(RDMA_READ_CONSUME_CHECK_CONSUMER) timestamp=1295 ms, used_size=3794944 bytes (9.3%)
(RDMA_READ_CONSUME_CHECK_CONSUMER) timestamp=1295 ms, used_size=3792896 bytes (9.3%)
(RDMA_READ_CONSUME_CHECK_CONSUMER) timestamp=1295 ms, used_size=3790848 bytes (9.3%)
(RDMA_READ_CONSUME_CHECK_CONSUMER) timestamp=1295 ms, used_size=3788800 bytes (9.2%)
(RDMA_READ_CONSUME_CHECK_CONSUMER) timestamp=1295 ms, used_size=3786752 bytes (9.2%)
(RDMA_READ_CONSUME_CHECK_CONSUMER) timestamp=1295 ms, used_size=3784704 bytes (9.2%)
(RDMA_READ_CONSUME_CHECK_CONSUMER) timestamp=1295 ms, used_size=3782656 bytes (9.2%)
(RDMA_READ_CONSUME_CHECK_CONSUMER) timestamp=1295 ms, used_size=3780608 bytes (9.2%)
(RDMA_READ_CONSUME_CHECK_CONSUMER) timestamp=1295 ms, used_size=3778560 bytes (9.2%)
(RDMA_READ_CONSUME_CHECK_CONSUMER) timestamp=1295 ms, used_size=3776512 bytes (9.2%)
(RDMA_READ_CONSUME_CHECK_CONSUMER) timestamp=1295 ms, used_size=3774464 bytes (9.2%)
(RDMA_READ_CONSUME_CHECK_CONSUMER) timestamp=1295 ms, used_size=3772416 bytes (9.2%)
(RDMA_READ_CONSUME_CHECK_CONSUMER) timestamp=1295 ms, used_size=3770368 bytes (9.2%)
(RDMA_READ_CONSUME_CHECK_CONSUMER) timestamp=1295 ms, used_size=3768320 bytes (9.2%)
(RDMA_READ_CONSUME_CHECK_CONSUMER) timestamp=1295 ms, used_size=3766272 bytes (9.2%)
(RDMA_READ_CONSUME_CHECK_CONSUMER) timestamp=1295 ms, used_size=3764224 bytes (9.2%)
(RDMA_READ_CONSUME_CHECK_CONSUMER) timestamp=1295 ms, used_size=3762176 bytes (9.2%)
(RDMA_READ_CONSUME_CHECK_CONSUMER) timestamp=1295 ms, used_size=3760128 bytes (9.2%)
(RDMA_READ_CONSUME_CHECK_CONSUMER) timestamp=1295 ms, used_size=3758080 bytes (9.2%)
(RDMA_READ_CONSUME_CHECK_CONSUMER) timestamp=1295 ms, used_size=3756032 bytes (9.2%)
(RDMA_READ_CONSUME_CHECK_CONSUMER) timestamp=1295 ms, used_size=3753984 bytes (9.2%)
(RDMA_READ_CONSUME_CHECK_CONSUMER) timestamp=1295 ms, used_size=3751936 bytes (9.2%)
(RDMA_READ_CONSUME_CHECK_CONSUMER) timestamp=1295 ms, used_size=3749888 bytes (9.2%)
(RDMA_READ_CONSUME_CHECK_CONSUMER) timestamp=1295 ms, used_size=3747840 bytes (9.2%)
(RDMA_READ_CONSUME_CHECK_CONSUMER) timestamp=1295 ms, used_size=3745792 bytes (9.1%)
(RDMA_READ_CONSUME_CHECK_CONSUMER) timestamp=1295 ms, used_size=3743744 bytes (9.1%)
(RDMA_READ_CONSUME_CHECK_CONSUMER) timestamp=1295 ms, used_size=3741696 bytes (9.1%)
(RDMA_READ_CONSUME_CHECK_CONSUMER) timestamp=1295 ms, used_size=3739648 bytes (9.1%)
(RDMA_READ_CONSUME_CHECK_CONSUMER) timestamp=1295 ms, used_size=3737600 bytes (9.1%)
(RDMA_READ_CONSUME_CHECK_CONSUMER) timestamp=1295 ms, used_size=3735552 bytes (9.1%)
(RDMA_READ_CONSUME_CHECK_CONSUMER) timestamp=1295 ms, used_size=3733504 bytes (9.1%)
(RDMA_READ_CONSUME_CHECK_CONSUMER) timestamp=1295 ms, used_size=3731456 bytes (9.1%)
(RDMA_READ_CONSUME_CHECK_CONSUMER) timestamp=1295 ms, used_size=3729408 bytes (9.1%)
(RDMA_READ_CONSUME_CHECK_CONSUMER) timestamp=1295 ms, used_size=3727360 bytes (9.1%)
(RDMA_READ_CONSUME_CHECK_CONSUMER) timestamp=1295 ms, used_size=3725312 bytes (9.1%)
(RDMA_READ_CONSUME_CHECK_CONSUMER) timestamp=1295 ms, used_size=3723264 bytes (9.1%)
(RDMA_READ_CONSUME_CHECK_CONSUMER) timestamp=1295 ms, used_size=3721216 bytes (9.1%)
(RDMA_READ_CONSUME_CHECK_CONSUMER) timestamp=1295 ms, used_size=3719168 bytes (9.1%)
(RDMA_READ_CONSUME_CHECK_CONSUMER) timestamp=1295 ms, used_size=3717120 bytes (9.1%)
(RDMA_READ_CONSUME_CHECK_CONSUMER) timestamp=1295 ms, used_size=3715072 bytes (9.1%)
(RDMA_READ_CONSUME_CHECK_CONSUMER) timestamp=1295 ms, used_size=3713024 bytes (9.1%)
(RDMA_READ_CONSUME_CHECK_CONSUMER) timestamp=1295 ms, used_size=3710976 bytes (9.1%)
(RDMA_READ_CONSUME_CHECK_CONSUMER) timestamp=1295 ms, used_size=3708928 bytes (9.1%)
(RDMA_READ_CONSUME_CHECK_CONSUMER) timestamp=1295 ms, used_size=3706880 bytes (9.1%)
(RDMA_READ_CONSUME_CHECK_CONSUMER) timestamp=1295 ms, used_size=3704832 bytes (9.0%)
(RDMA_READ_CONSUME_CHECK_CONSUMER) timestamp=1295 ms, used_size=3702784 bytes (9.0%)
(RDMA_READ_CONSUME_CHECK_CONSUMER) timestamp=1295 ms, used_size=3700736 bytes (9.0%)
(RDMA_READ_CONSUME_CHECK_CONSUMER) timestamp=1295 ms, used_size=3698688 bytes (9.0%)
(RDMA_READ_CONSUME_CHECK_CONSUMER) timestamp=1295 ms, used_size=3696640 bytes (9.0%)
(RDMA_READ_CONSUME_CHECK_CONSUMER) timestamp=1295 ms, used_size=3694592 bytes (9.0%)
(RDMA_READ_CONSUME_CHECK_CONSUMER) timestamp=1295 ms, used_size=3692544 bytes (9.0%)
(RDMA_READ_CONSUME_CHECK_CONSUMER) timestamp=1295 ms, used_size=3690496 bytes (9.0%)
(RDMA_READ_CONSUME_CHECK_CONSUMER) timestamp=1295 ms, used_size=3688448 bytes (9.0%)
(RDMA_READ_CONSUME_CHECK_CONSUMER) timestamp=1295 ms, used_size=3686400 bytes (9.0%)
(RDMA_READ_CONSUME_CHECK_CONSUMER) timestamp=1295 ms, used_size=3684352 bytes (9.0%)
(RDMA_READ_CONSUME_CHECK_CONSUMER) timestamp=1295 ms, used_size=3682304 bytes (9.0%)
(RDMA_READ_CONSUME_CHECK_CONSUMER) timestamp=1295 ms, used_size=3680256 bytes (9.0%)
(RDMA_READ_CONSUME_CHECK_CONSUMER) timestamp=1295 ms, used_size=3678208 bytes (9.0%)
(RDMA_READ_CONSUME_CHECK_CONSUMER) timestamp=1295 ms, used_size=3676160 bytes (9.0%)
(RDMA_READ_CONSUME_CHECK_CONSUMER) timestamp=1296 ms, used_size=3674112 bytes (9.0%)
(RDMA_READ_CONSUME_CHECK_CONSUMER) timestamp=1296 ms, used_size=3672064 bytes (9.0%)
(RDMA_READ_CONSUME_CHECK_CONSUMER) timestamp=1296 ms, used_size=3670016 bytes (9.0%)
(RDMA_READ_CONSUME_CHECK_CONSUMER) timestamp=1296 ms, used_size=3667968 bytes (9.0%)
(RDMA_READ_CONSUME_CHECK_CONSUMER) timestamp=1296 ms, used_size=3665920 bytes (8.9%)
(RDMA_READ_CONSUME_CHECK_CONSUMER) timestamp=1296 ms, used_size=3663872 bytes (8.9%)
(RDMA_READ_CONSUME_CHECK_CONSUMER) timestamp=1296 ms, used_size=3661824 bytes (8.9%)
(RDMA_READ_CONSUME_CHECK_CONSUMER) timestamp=1296 ms, used_size=3659776 bytes (8.9%)
(RDMA_READ_CONSUME_CHECK_CONSUMER) timestamp=1296 ms, used_size=3657728 bytes (8.9%)
(RDMA_READ_CONSUME_CHECK_CONSUMER) timestamp=1296 ms, used_size=3655680 bytes (8.9%)
(RDMA_READ_CONSUME_CHECK_CONSUMER) timestamp=1296 ms, used_size=3653632 bytes (8.9%)
(RDMA_READ_CONSUME_CHECK_CONSUMER) timestamp=1296 ms, used_size=3651584 bytes (8.9%)
(RDMA_READ_CONSUME_CHECK_CONSUMER) timestamp=1296 ms, used_size=3649536 bytes (8.9%)
(RDMA_READ_CONSUME_CHECK_CONSUMER) timestamp=1296 ms, used_size=3647488 bytes (8.9%)
(RDMA_READ_CONSUME_CHECK_CONSUMER) timestamp=1296 ms, used_size=3645440 bytes (8.9%)
(RDMA_READ_CONSUME_CHECK_CONSUMER) timestamp=1296 ms, used_size=3643392 bytes (8.9%)
(RDMA_READ_CONSUME_CHECK_CONSUMER) timestamp=1296 ms, used_size=3641344 bytes (8.9%)
(RDMA_READ_CONSUME_CHECK_CONSUMER) timestamp=1296 ms, used_size=3639296 bytes (8.9%)
(RDMA_READ_CONSUME_CHECK_CONSUMER) timestamp=1296 ms, used_size=3637248 bytes (8.9%)
(RDMA_READ_CONSUME_CHECK_CONSUMER) timestamp=1296 ms, used_size=3635200 bytes (8.9%)
(RDMA_READ_CONSUME_CHECK_CONSUMER) timestamp=1296 ms, used_size=3633152 bytes (8.9%)
(RDMA_READ_CONSUME_CHECK_CONSUMER) timestamp=1296 ms, used_size=3631104 bytes (8.9%)
(RDMA_READ_CONSUME_CHECK_CONSUMER) timestamp=1296 ms, used_size=3629056 bytes (8.9%)
(RDMA_READ_CONSUME_CHECK_CONSUMER) timestamp=1296 ms, used_size=3627008 bytes (8.9%)
(RDMA_READ_CONSUME_CHECK_CONSUMER) timestamp=1296 ms, used_size=3624960 bytes (8.8%)
(RDMA_READ_CONSUME_CHECK_CONSUMER) timestamp=1296 ms, used_size=3622912 bytes (8.8%)
(RDMA_READ_CONSUME_CHECK_CONSUMER) timestamp=1296 ms, used_size=3620864 bytes (8.8%)
(RDMA_READ_CONSUME_CHECK_CONSUMER) timestamp=1296 ms, used_size=3618816 bytes (8.8%)
(RDMA_READ_CONSUME_CHECK_CONSUMER) timestamp=1296 ms, used_size=3616768 bytes (8.8%)
(RDMA_READ_CONSUME_CHECK_CONSUMER) timestamp=1296 ms, used_size=3614720 bytes (8.8%)
(RDMA_READ_CONSUME_CHECK_CONSUMER) timestamp=1296 ms, used_size=3612672 bytes (8.8%)
(RDMA_READ_CONSUME_CHECK_CONSUMER) timestamp=1296 ms, used_size=3610624 bytes (8.8%)
(RDMA_READ_CONSUME_CHECK_CONSUMER) timestamp=1296 ms, used_size=3608576 bytes (8.8%)
(RDMA_READ_CONSUME_CHECK_CONSUMER) timestamp=1296 ms, used_size=3606528 bytes (8.8%)
(RDMA_READ_CONSUME_CHECK_CONSUMER) timestamp=1296 ms, used_size=3604480 bytes (8.8%)
(RDMA_READ_CONSUME_CHECK_CONSUMER) timestamp=1296 ms, used_size=3602432 bytes (8.8%)
(RDMA_READ_CONSUME_CHECK_CONSUMER) timestamp=1296 ms, used_size=3600384 bytes (8.8%)
(RDMA_READ_CONSUME_CHECK_CONSUMER) timestamp=1296 ms, used_size=3598336 bytes (8.8%)
(RDMA_READ_CONSUME_CHECK_CONSUMER) timestamp=1296 ms, used_size=3596288 bytes (8.8%)
(RDMA_READ_CONSUME_CHECK_CONSUMER) timestamp=1296 ms, used_size=3594240 bytes (8.8%)
(RDMA_READ_CONSUME_CHECK_CONSUMER) timestamp=1296 ms, used_size=3592192 bytes (8.8%)
(RDMA_READ_CONSUME_CHECK_CONSUMER) timestamp=1296 ms, used_size=3590144 bytes (8.8%)
(RDMA_READ_CONSUME_CHECK_CONSUMER) timestamp=1296 ms, used_size=3588096 bytes (8.8%)
(RDMA_READ_CONSUME_CHECK_CONSUMER) timestamp=1296 ms, used_size=3586048 bytes (8.8%)
(RDMA_READ_CONSUME_CHECK_CONSUMER) timestamp=1296 ms, used_size=3584000 bytes (8.8%)
(RDMA_READ_CONSUME_CHECK_CONSUMER) timestamp=1296 ms, used_size=3581952 bytes (8.7%)
(RDMA_READ_CONSUME_CHECK_CONSUMER) timestamp=1296 ms, used_size=3579904 bytes (8.7%)
(RDMA_READ_CONSUME_CHECK_CONSUMER) timestamp=1296 ms, used_size=3577856 bytes (8.7%)
(RDMA_READ_CONSUME_CHECK_CONSUMER) timestamp=1296 ms, used_size=3575808 bytes (8.7%)
(RDMA_READ_CONSUME_CHECK_CONSUMER) timestamp=1296 ms, used_size=3573760 bytes (8.7%)
(RDMA_READ_CONSUME_CHECK_CONSUMER) timestamp=1296 ms, used_size=3571712 bytes (8.7%)
(RDMA_READ_CONSUME_CHECK_CONSUMER) timestamp=1296 ms, used_size=3569664 bytes (8.7%)
(RDMA_READ_CONSUME_CHECK_CONSUMER) timestamp=1296 ms, used_size=3567616 bytes (8.7%)
(RDMA_READ_CONSUME_CHECK_CONSUMER) timestamp=1296 ms, used_size=3565568 bytes (8.7%)
(RDMA_READ_CONSUME_CHECK_CONSUMER) timestamp=1296 ms, used_size=3563520 bytes (8.7%)
(RDMA_READ_CONSUME_CHECK_CONSUMER) timestamp=1296 ms, used_size=3561472 bytes (8.7%)
(RDMA_READ_CONSUME_CHECK_CONSUMER) timestamp=1296 ms, used_size=3559424 bytes (8.7%)
(RDMA_READ_CONSUME_CHECK_CONSUMER) timestamp=1296 ms, used_size=3557376 bytes (8.7%)
(RDMA_READ_CONSUME_CHECK_CONSUMER) timestamp=1296 ms, used_size=3555328 bytes (8.7%)
(RDMA_READ_CONSUME_CHECK_CONSUMER) timestamp=1296 ms, used_size=3553280 bytes (8.7%)
(RDMA_READ_CONSUME_CHECK_CONSUMER) timestamp=1296 ms, used_size=3551232 bytes (8.7%)
(RDMA_READ_CONSUME_CHECK_CONSUMER) timestamp=1296 ms, used_size=3549184 bytes (8.7%)
(RDMA_READ_CONSUME_CHECK_CONSUMER) timestamp=1296 ms, used_size=3547136 bytes (8.7%)
(RDMA_READ_CONSUME_CHECK_CONSUMER) timestamp=1296 ms, used_size=3545088 bytes (8.7%)
(RDMA_READ_CONSUME_CHECK_CONSUMER) timestamp=1296 ms, used_size=3543040 bytes (8.7%)
(RDMA_READ_CONSUME_CHECK_CONSUMER) timestamp=1296 ms, used_size=3540992 bytes (8.6%)
(RDMA_READ_CONSUME_CHECK_CONSUMER) timestamp=1296 ms, used_size=3538944 bytes (8.6%)
(RDMA_READ_CONSUME_CHECK_CONSUMER) timestamp=1296 ms, used_size=3536896 bytes (8.6%)
(RDMA_READ_CONSUME_CHECK_CONSUMER) timestamp=1296 ms, used_size=3534848 bytes (8.6%)
(RDMA_READ_CONSUME_CHECK_CONSUMER) timestamp=1296 ms, used_size=3532800 bytes (8.6%)
(RDMA_READ_CONSUME_CHECK_CONSUMER) timestamp=1296 ms, used_size=3530752 bytes (8.6%)
(RDMA_READ_CONSUME_CHECK_CONSUMER) timestamp=1296 ms, used_size=3528704 bytes (8.6%)
(RDMA_READ_CONSUME_CHECK_CONSUMER) timestamp=1296 ms, used_size=3526656 bytes (8.6%)
(RDMA_READ_CONSUME_CHECK_CONSUMER) timestamp=1296 ms, used_size=3524608 bytes (8.6%)
(RDMA_READ_CONSUME_CHECK_CONSUMER) timestamp=1296 ms, used_size=3522560 bytes (8.6%)
(RDMA_READ_CONSUME_CHECK_CONSUMER) timestamp=1296 ms, used_size=3520512 bytes (8.6%)
(RDMA_READ_CONSUME_CHECK_CONSUMER) timestamp=1296 ms, used_size=3518464 bytes (8.6%)
(RDMA_READ_CONSUME_CHECK_CONSUMER) timestamp=1296 ms, used_size=3516416 bytes (8.6%)
(RDMA_READ_CONSUME_CHECK_CONSUMER) timestamp=1296 ms, used_size=3514368 bytes (8.6%)
(RDMA_READ_CONSUME_CHECK_CONSUMER) timestamp=1296 ms, used_size=3512320 bytes (8.6%)
(RDMA_READ_CONSUME_CHECK_CONSUMER) timestamp=1296 ms, used_size=3510272 bytes (8.6%)
(RDMA_READ_CONSUME_CHECK_CONSUMER) timestamp=1296 ms, used_size=3508224 bytes (8.6%)
(RDMA_READ_CONSUME_CHECK_CONSUMER) timestamp=1296 ms, used_size=3506176 bytes (8.6%)
(RDMA_READ_CONSUME_CHECK_CONSUMER) timestamp=1296 ms, used_size=3504128 bytes (8.6%)
(RDMA_READ_CONSUME_CHECK_CONSUMER) timestamp=1296 ms, used_size=3502080 bytes (8.6%)
(RDMA_READ_CONSUME_CHECK_CONSUMER) timestamp=1296 ms, used_size=3500032 bytes (8.5%)
(RDMA_READ_CONSUME_CHECK_CONSUMER) timestamp=1296 ms, used_size=3497984 bytes (8.5%)
(RDMA_READ_CONSUME_CHECK_CONSUMER) timestamp=1296 ms, used_size=3495936 bytes (8.5%)
(RDMA_READ_CONSUME_CHECK_CONSUMER) timestamp=1296 ms, used_size=3493888 bytes (8.5%)
(RDMA_READ_CONSUME_CHECK_CONSUMER) timestamp=1296 ms, used_size=3491840 bytes (8.5%)
(RDMA_READ_CONSUME_CHECK_CONSUMER) timestamp=1296 ms, used_size=3489792 bytes (8.5%)
(RDMA_READ_CONSUME_CHECK_CONSUMER) timestamp=1296 ms, used_size=3487744 bytes (8.5%)
(RDMA_READ_CONSUME_CHECK_CONSUMER) timestamp=1296 ms, used_size=3485696 bytes (8.5%)
(RDMA_READ_CONSUME_CHECK_CONSUMER) timestamp=1296 ms, used_size=3483648 bytes (8.5%)
(RDMA_READ_CONSUME_CHECK_CONSUMER) timestamp=1296 ms, used_size=3481600 bytes (8.5%)
(RDMA_READ_CONSUME_CHECK_CONSUMER) timestamp=1296 ms, used_size=3479552 bytes (8.5%)
(RDMA_READ_CONSUME_CHECK_CONSUMER) timestamp=1296 ms, used_size=3477504 bytes (8.5%)
(RDMA_READ_CONSUME_CHECK_CONSUMER) timestamp=1296 ms, used_size=3475456 bytes (8.5%)
(RDMA_READ_CONSUME_CHECK_CONSUMER) timestamp=1296 ms, used_size=3473408 bytes (8.5%)
(RDMA_READ_CONSUME_CHECK_CONSUMER) timestamp=1296 ms, used_size=3471360 bytes (8.5%)
(RDMA_READ_CONSUME_CHECK_CONSUMER) timestamp=1296 ms, used_size=3469312 bytes (8.5%)
(RDMA_READ_CONSUME_CHECK_CONSUMER) timestamp=1296 ms, used_size=3467264 bytes (8.5%)
(RDMA_READ_CONSUME_CHECK_CONSUMER) timestamp=1296 ms, used_size=3465216 bytes (8.5%)
(RDMA_READ_CONSUME_CHECK_CONSUMER) timestamp=1296 ms, used_size=3463168 bytes (8.5%)
(RDMA_READ_CONSUME_CHECK_CONSUMER) timestamp=1296 ms, used_size=3461120 bytes (8.4%)
(RDMA_READ_CONSUME_CHECK_CONSUMER) timestamp=1296 ms, used_size=3459072 bytes (8.4%)
(RDMA_READ_CONSUME_CHECK_CONSUMER) timestamp=1296 ms, used_size=3457024 bytes (8.4%)
(RDMA_READ_CONSUME_CHECK_CONSUMER) timestamp=1296 ms, used_size=3454976 bytes (8.4%)
(RDMA_READ_CONSUME_CHECK_CONSUMER) timestamp=1296 ms, used_size=3452928 bytes (8.4%)
(RDMA_READ_CONSUME_CHECK_CONSUMER) timestamp=1296 ms, used_size=3450880 bytes (8.4%)
(RDMA_READ_CONSUME_CHECK_CONSUMER) timestamp=1296 ms, used_size=3448832 bytes (8.4%)
(RDMA_READ_CONSUME_CHECK_CONSUMER) timestamp=1296 ms, used_size=3446784 bytes (8.4%)
(RDMA_READ_CONSUME_CHECK_CONSUMER) timestamp=1296 ms, used_size=3444736 bytes (8.4%)
(RDMA_READ_CONSUME_CHECK_CONSUMER) timestamp=1296 ms, used_size=3442688 bytes (8.4%)
(RDMA_READ_CONSUME_CHECK_CONSUMER) timestamp=1296 ms, used_size=3440640 bytes (8.4%)
(RDMA_READ_CONSUME_CHECK_CONSUMER) timestamp=1296 ms, used_size=3438592 bytes (8.4%)
(RDMA_READ_CONSUME_CHECK_CONSUMER) timestamp=1296 ms, used_size=3436544 bytes (8.4%)
(RDMA_READ_CONSUME_CHECK_CONSUMER) timestamp=1296 ms, used_size=3434496 bytes (8.4%)
(RDMA_READ_CONSUME_CHECK_CONSUMER) timestamp=1296 ms, used_size=3432448 bytes (8.4%)
(RDMA_READ_CONSUME_CHECK_CONSUMER) timestamp=1296 ms, used_size=3430400 bytes (8.4%)
(RDMA_READ_CONSUME_CHECK_CONSUMER) timestamp=1296 ms, used_size=3428352 bytes (8.4%)
(RDMA_READ_CONSUME_CHECK_CONSUMER) timestamp=1296 ms, used_size=3426304 bytes (8.4%)
(RDMA_READ_CONSUME_CHECK_CONSUMER) timestamp=1296 ms, used_size=3424256 bytes (8.4%)
(RDMA_READ_CONSUME_CHECK_CONSUMER) timestamp=1296 ms, used_size=3422208 bytes (8.4%)
(RDMA_READ_CONSUME_CHECK_CONSUMER) timestamp=1296 ms, used_size=3420160 bytes (8.3%)
(RDMA_READ_CONSUME_CHECK_CONSUMER) timestamp=1296 ms, used_size=3418112 bytes (8.3%)
(RDMA_READ_CONSUME_CHECK_CONSUMER) timestamp=1296 ms, used_size=3416064 bytes (8.3%)
(RDMA_READ_CONSUME_CHECK_CONSUMER) timestamp=1296 ms, used_size=3414016 bytes (8.3%)
(RDMA_READ_CONSUME_CHECK_CONSUMER) timestamp=1296 ms, used_size=3411968 bytes (8.3%)
(RDMA_READ_CONSUME_CHECK_CONSUMER) timestamp=1296 ms, used_size=3409920 bytes (8.3%)
(RDMA_READ_CONSUME_CHECK_CONSUMER) timestamp=1296 ms, used_size=3407872 bytes (8.3%)
(RDMA_READ_CONSUME_CHECK_CONSUMER) timestamp=1296 ms, used_size=3405824 bytes (8.3%)
(RDMA_READ_CONSUME_CHECK_CONSUMER) timestamp=1296 ms, used_size=3403776 bytes (8.3%)
(RDMA_READ_CONSUME_CHECK_CONSUMER) timestamp=1296 ms, used_size=3401728 bytes (8.3%)
(RDMA_READ_CONSUME_CHECK_CONSUMER) timestamp=1296 ms, used_size=3399680 bytes (8.3%)
(RDMA_READ_CONSUME_CHECK_CONSUMER) timestamp=1296 ms, used_size=3397632 bytes (8.3%)
(RDMA_READ_CONSUME_CHECK_CONSUMER) timestamp=1296 ms, used_size=3395584 bytes (8.3%)
(RDMA_READ_CONSUME_CHECK_CONSUMER) timestamp=1296 ms, used_size=3393536 bytes (8.3%)
(RDMA_READ_CONSUME_CHECK_CONSUMER) timestamp=1296 ms, used_size=3391488 bytes (8.3%)
(RDMA_READ_CONSUME_CHECK_CONSUMER) timestamp=1296 ms, used_size=3389440 bytes (8.3%)
(RDMA_READ_CONSUME_CHECK_CONSUMER) timestamp=1296 ms, used_size=3387392 bytes (8.3%)
(RDMA_READ_CONSUME_CHECK_CONSUMER) timestamp=1296 ms, used_size=3385344 bytes (8.3%)
(RDMA_READ_CONSUME_CHECK_CONSUMER) timestamp=1296 ms, used_size=3383296 bytes (8.3%)
(RDMA_READ_CONSUME_CHECK_CONSUMER) timestamp=1296 ms, used_size=3381248 bytes (8.3%)
(RDMA_READ_CONSUME_CHECK_CONSUMER) timestamp=1296 ms, used_size=3379200 bytes (8.2%)
(RDMA_READ_CONSUME_CHECK_CONSUMER) timestamp=1296 ms, used_size=3377152 bytes (8.2%)
(RDMA_READ_CONSUME_CHECK_CONSUMER) timestamp=1296 ms, used_size=3375104 bytes (8.2%)
(RDMA_READ_CONSUME_CHECK_CONSUMER) timestamp=1296 ms, used_size=3373056 bytes (8.2%)
(RDMA_READ_CONSUME_CHECK_CONSUMER) timestamp=1296 ms, used_size=3371008 bytes (8.2%)
(RDMA_READ_CONSUME_CHECK_CONSUMER) timestamp=1296 ms, used_size=3368960 bytes (8.2%)
(RDMA_READ_CONSUME_CHECK_CONSUMER) timestamp=1296 ms, used_size=3366912 bytes (8.2%)
(RDMA_READ_CONSUME_CHECK_CONSUMER) timestamp=1296 ms, used_size=3364864 bytes (8.2%)
(RDMA_READ_CONSUME_CHECK_CONSUMER) timestamp=1296 ms, used_size=3362816 bytes (8.2%)
(RDMA_READ_CONSUME_CHECK_CONSUMER) timestamp=1296 ms, used_size=3360768 bytes (8.2%)
(RDMA_READ_CONSUME_CHECK_CONSUMER) timestamp=1296 ms, used_size=3358720 bytes (8.2%)
(RDMA_READ_CONSUME_CHECK_CONSUMER) timestamp=1296 ms, used_size=3356672 bytes (8.2%)
(RDMA_READ_CONSUME_CHECK_CONSUMER) timestamp=1296 ms, used_size=3354624 bytes (8.2%)
(RDMA_READ_CONSUME_CHECK_CONSUMER) timestamp=1296 ms, used_size=3352576 bytes (8.2%)
(RDMA_READ_CONSUME_CHECK_CONSUMER) timestamp=1296 ms, used_size=3350528 bytes (8.2%)
(RDMA_READ_CONSUME_CHECK_CONSUMER) timestamp=1296 ms, used_size=3348480 bytes (8.2%)
(RDMA_READ_CONSUME_CHECK_CONSUMER) timestamp=1296 ms, used_size=3346432 bytes (8.2%)
(RDMA_READ_CONSUME_CHECK_CONSUMER) timestamp=1296 ms, used_size=3344384 bytes (8.2%)
(RDMA_READ_CONSUME_CHECK_CONSUMER) timestamp=1296 ms, used_size=3342336 bytes (8.2%)
(RDMA_READ_CONSUME_CHECK_CONSUMER) timestamp=1296 ms, used_size=3340288 bytes (8.2%)
(RDMA_READ_CONSUME_CHECK_CONSUMER) timestamp=1296 ms, used_size=3338240 bytes (8.2%)
(RDMA_READ_CONSUME_CHECK_CONSUMER) timestamp=1296 ms, used_size=3336192 bytes (8.1%)
(RDMA_READ_CONSUME_CHECK_CONSUMER) timestamp=1296 ms, used_size=3334144 bytes (8.1%)
(RDMA_READ_CONSUME_CHECK_CONSUMER) timestamp=1296 ms, used_size=3332096 bytes (8.1%)
(RDMA_READ_CONSUME_CHECK_CONSUMER) timestamp=1296 ms, used_size=3330048 bytes (8.1%)
(RDMA_READ_CONSUME_CHECK_CONSUMER) timestamp=1296 ms, used_size=3328000 bytes (8.1%)
(RDMA_READ_CONSUME_CHECK_CONSUMER) timestamp=1296 ms, used_size=3325952 bytes (8.1%)
(RDMA_READ_CONSUME_CHECK_CONSUMER) timestamp=1296 ms, used_size=3323904 bytes (8.1%)
(RDMA_READ_CONSUME_CHECK_CONSUMER) timestamp=1296 ms, used_size=3321856 bytes (8.1%)
(RDMA_READ_CONSUME_CHECK_CONSUMER) timestamp=1296 ms, used_size=3319808 bytes (8.1%)
(RDMA_READ_CONSUME_CHECK_CONSUMER) timestamp=1296 ms, used_size=3317760 bytes (8.1%)
(RDMA_READ_CONSUME_CHECK_CONSUMER) timestamp=1296 ms, used_size=3315712 bytes (8.1%)
(RDMA_READ_CONSUME_CHECK_CONSUMER) timestamp=1296 ms, used_size=3313664 bytes (8.1%)
(RDMA_READ_CONSUME_CHECK_CONSUMER) timestamp=1296 ms, used_size=3311616 bytes (8.1%)
(RDMA_READ_CONSUME_CHECK_CONSUMER) timestamp=1296 ms, used_size=3309568 bytes (8.1%)
(RDMA_READ_CONSUME_CHECK_CONSUMER) timestamp=1296 ms, used_size=3307520 bytes (8.1%)
(RDMA_READ_CONSUME_CHECK_CONSUMER) timestamp=1296 ms, used_size=3305472 bytes (8.1%)
(RDMA_READ_CONSUME_CHECK_CONSUMER) timestamp=1296 ms, used_size=3303424 bytes (8.1%)
(RDMA_READ_CONSUME_CHECK_CONSUMER) timestamp=1296 ms, used_size=3301376 bytes (8.1%)
(RDMA_READ_CONSUME_CHECK_CONSUMER) timestamp=1297 ms, used_size=3299328 bytes (8.1%)
(RDMA_READ_CONSUME_CHECK_CONSUMER) timestamp=1297 ms, used_size=3297280 bytes (8.1%)
(RDMA_READ_CONSUME_CHECK_CONSUMER) timestamp=1297 ms, used_size=3295232 bytes (8.0%)
(RDMA_READ_CONSUME_CHECK_CONSUMER) timestamp=1297 ms, used_size=3293184 bytes (8.0%)
(RDMA_READ_CONSUME_CHECK_CONSUMER) timestamp=1297 ms, used_size=3291136 bytes (8.0%)
(RDMA_READ_CONSUME_CHECK_CONSUMER) timestamp=1297 ms, used_size=3289088 bytes (8.0%)
(RDMA_READ_CONSUME_CHECK_CONSUMER) timestamp=1297 ms, used_size=3287040 bytes (8.0%)
(RDMA_READ_CONSUME_CHECK_CONSUMER) timestamp=1297 ms, used_size=3284992 bytes (8.0%)
(RDMA_READ_CONSUME_CHECK_CONSUMER) timestamp=1297 ms, used_size=3282944 bytes (8.0%)
(RDMA_READ_CONSUME_CHECK_CONSUMER) timestamp=1297 ms, used_size=3280896 bytes (8.0%)
(RDMA_READ_CONSUME_CHECK_CONSUMER) timestamp=1297 ms, used_size=3278848 bytes (8.0%)
(RDMA_READ_CONSUME_CHECK_CONSUMER) timestamp=1297 ms, used_size=3276800 bytes (8.0%)
(RDMA_READ_CONSUME_CHECK_CONSUMER) timestamp=1297 ms, used_size=3274752 bytes (8.0%)
(RDMA_READ_CONSUME_CHECK_CONSUMER) timestamp=1297 ms, used_size=3272704 bytes (8.0%)
(RDMA_READ_CONSUME_CHECK_CONSUMER) timestamp=1297 ms, used_size=3270656 bytes (8.0%)
(RDMA_READ_CONSUME_CHECK_CONSUMER) timestamp=1297 ms, used_size=3268608 bytes (8.0%)
(RDMA_READ_CONSUME_CHECK_CONSUMER) timestamp=1297 ms, used_size=3266560 bytes (8.0%)
(RDMA_READ_CONSUME_CHECK_CONSUMER) timestamp=1297 ms, used_size=3264512 bytes (8.0%)
(RDMA_READ_CONSUME_CHECK_CONSUMER) timestamp=1297 ms, used_size=3262464 bytes (8.0%)
(RDMA_READ_CONSUME_CHECK_CONSUMER) timestamp=1297 ms, used_size=3260416 bytes (8.0%)
(RDMA_READ_CONSUME_CHECK_CONSUMER) timestamp=1297 ms, used_size=3258368 bytes (8.0%)
(RDMA_READ_CONSUME_CHECK_CONSUMER) timestamp=1297 ms, used_size=3256320 bytes (8.0%)
(RDMA_READ_CONSUME_CHECK_CONSUMER) timestamp=1297 ms, used_size=3254272 bytes (7.9%)
(RDMA_READ_CONSUME_CHECK_CONSUMER) timestamp=1297 ms, used_size=3252224 bytes (7.9%)
(RDMA_READ_CONSUME_CHECK_CONSUMER) timestamp=1297 ms, used_size=3250176 bytes (7.9%)
(RDMA_READ_CONSUME_CHECK_CONSUMER) timestamp=1297 ms, used_size=3248128 bytes (7.9%)
(RDMA_READ_CONSUME_CHECK_CONSUMER) timestamp=1297 ms, used_size=3246080 bytes (7.9%)
(RDMA_READ_CONSUME_CHECK_CONSUMER) timestamp=1297 ms, used_size=3244032 bytes (7.9%)
(RDMA_READ_CONSUME_CHECK_CONSUMER) timestamp=1297 ms, used_size=3241984 bytes (7.9%)
(RDMA_READ_CONSUME_CHECK_CONSUMER) timestamp=1297 ms, used_size=3239936 bytes (7.9%)
(RDMA_READ_CONSUME_CHECK_CONSUMER) timestamp=1297 ms, used_size=3237888 bytes (7.9%)
(RDMA_READ_CONSUME_CHECK_CONSUMER) timestamp=1297 ms, used_size=3235840 bytes (7.9%)
(RDMA_READ_CONSUME_CHECK_CONSUMER) timestamp=1297 ms, used_size=3233792 bytes (7.9%)
(RDMA_READ_CONSUME_CHECK_CONSUMER) timestamp=1297 ms, used_size=3231744 bytes (7.9%)
(RDMA_READ_CONSUME_CHECK_CONSUMER) timestamp=1297 ms, used_size=3229696 bytes (7.9%)
(RDMA_READ_CONSUME_CHECK_CONSUMER) timestamp=1297 ms, used_size=3227648 bytes (7.9%)
(RDMA_READ_CONSUME_CHECK_CONSUMER) timestamp=1297 ms, used_size=3225600 bytes (7.9%)
(RDMA_READ_CONSUME_CHECK_CONSUMER) timestamp=1297 ms, used_size=3223552 bytes (7.9%)
(RDMA_READ_CONSUME_CHECK_CONSUMER) timestamp=1297 ms, used_size=3221504 bytes (7.9%)
(RDMA_READ_CONSUME_CHECK_CONSUMER) timestamp=1297 ms, used_size=3219456 bytes (7.9%)
(RDMA_READ_CONSUME_CHECK_CONSUMER) timestamp=1297 ms, used_size=3217408 bytes (7.9%)
(RDMA_READ_CONSUME_CHECK_CONSUMER) timestamp=1297 ms, used_size=3215360 bytes (7.8%)
(RDMA_READ_CONSUME_CHECK_CONSUMER) timestamp=1297 ms, used_size=3213312 bytes (7.8%)
(RDMA_READ_CONSUME_CHECK_CONSUMER) timestamp=1297 ms, used_size=3211264 bytes (7.8%)
(RDMA_READ_CONSUME_CHECK_CONSUMER) timestamp=1297 ms, used_size=3209216 bytes (7.8%)
(RDMA_READ_CONSUME_CHECK_CONSUMER) timestamp=1297 ms, used_size=3207168 bytes (7.8%)
(RDMA_READ_CONSUME_CHECK_CONSUMER) timestamp=1297 ms, used_size=3205120 bytes (7.8%)
(RDMA_READ_CONSUME_CHECK_CONSUMER) timestamp=1297 ms, used_size=3203072 bytes (7.8%)
(RDMA_READ_CONSUME_CHECK_CONSUMER) timestamp=1297 ms, used_size=3201024 bytes (7.8%)
(RDMA_READ_CONSUME_CHECK_CONSUMER) timestamp=1297 ms, used_size=3198976 bytes (7.8%)
(RDMA_READ_CONSUME_CHECK_CONSUMER) timestamp=1297 ms, used_size=3196928 bytes (7.8%)
(RDMA_READ_CONSUME_CHECK_CONSUMER) timestamp=1297 ms, used_size=3194880 bytes (7.8%)
(RDMA_READ_CONSUME_CHECK_CONSUMER) timestamp=1297 ms, used_size=3192832 bytes (7.8%)
(RDMA_READ_CONSUME_CHECK_CONSUMER) timestamp=1297 ms, used_size=3190784 bytes (7.8%)
(RDMA_READ_CONSUME_CHECK_CONSUMER) timestamp=1297 ms, used_size=3188736 bytes (7.8%)
(RDMA_READ_CONSUME_CHECK_CONSUMER) timestamp=1297 ms, used_size=3186688 bytes (7.8%)
(RDMA_READ_CONSUME_CHECK_CONSUMER) timestamp=1297 ms, used_size=3184640 bytes (7.8%)
(RDMA_READ_CONSUME_CHECK_CONSUMER) timestamp=1297 ms, used_size=3182592 bytes (7.8%)
(RDMA_READ_CONSUME_CHECK_CONSUMER) timestamp=1297 ms, used_size=3180544 bytes (7.8%)
(RDMA_READ_CONSUME_CHECK_CONSUMER) timestamp=1297 ms, used_size=3178496 bytes (7.8%)
(RDMA_READ_CONSUME_CHECK_CONSUMER) timestamp=1297 ms, used_size=3176448 bytes (7.8%)
(RDMA_READ_CONSUME_CHECK_CONSUMER) timestamp=1297 ms, used_size=3174400 bytes (7.8%)
(RDMA_READ_CONSUME_CHECK_CONSUMER) timestamp=1297 ms, used_size=3172352 bytes (7.7%)
(RDMA_READ_CONSUME_CHECK_CONSUMER) timestamp=1297 ms, used_size=3170304 bytes (7.7%)
(RDMA_READ_CONSUME_CHECK_CONSUMER) timestamp=1297 ms, used_size=3168256 bytes (7.7%)
(RDMA_READ_CONSUME_CHECK_CONSUMER) timestamp=1297 ms, used_size=3166208 bytes (7.7%)
(RDMA_READ_CONSUME_CHECK_CONSUMER) timestamp=1297 ms, used_size=3164160 bytes (7.7%)
(RDMA_READ_CONSUME_CHECK_CONSUMER) timestamp=1297 ms, used_size=3162112 bytes (7.7%)
(RDMA_READ_CONSUME_CHECK_CONSUMER) timestamp=1297 ms, used_size=3160064 bytes (7.7%)
(RDMA_READ_CONSUME_CHECK_CONSUMER) timestamp=1297 ms, used_size=3158016 bytes (7.7%)
(RDMA_READ_CONSUME_CHECK_CONSUMER) timestamp=1297 ms, used_size=3155968 bytes (7.7%)
(RDMA_READ_CONSUME_CHECK_CONSUMER) timestamp=1297 ms, used_size=3153920 bytes (7.7%)
(RDMA_READ_CONSUME_CHECK_CONSUMER) timestamp=1297 ms, used_size=3151872 bytes (7.7%)
(RDMA_READ_CONSUME_CHECK_CONSUMER) timestamp=1297 ms, used_size=3149824 bytes (7.7%)
(RDMA_READ_CONSUME_CHECK_CONSUMER) timestamp=1297 ms, used_size=3147776 bytes (7.7%)
(RDMA_READ_CONSUME_CHECK_CONSUMER) timestamp=1297 ms, used_size=3145728 bytes (7.7%)
(RDMA_READ_CONSUME_CHECK_CONSUMER) timestamp=1297 ms, used_size=3143680 bytes (7.7%)
(RDMA_READ_CONSUME_CHECK_CONSUMER) timestamp=1297 ms, used_size=3141632 bytes (7.7%)
(RDMA_READ_CONSUME_CHECK_CONSUMER) timestamp=1297 ms, used_size=3139584 bytes (7.7%)
(RDMA_READ_CONSUME_CHECK_CONSUMER) timestamp=1297 ms, used_size=3137536 bytes (7.7%)
(RDMA_READ_CONSUME_CHECK_CONSUMER) timestamp=1297 ms, used_size=3135488 bytes (7.7%)
(RDMA_READ_CONSUME_CHECK_CONSUMER) timestamp=1297 ms, used_size=3133440 bytes (7.7%)
(RDMA_READ_CONSUME_CHECK_CONSUMER) timestamp=1297 ms, used_size=3131392 bytes (7.6%)
(RDMA_READ_CONSUME_CHECK_CONSUMER) timestamp=1297 ms, used_size=3129344 bytes (7.6%)
(RDMA_READ_CONSUME_CHECK_CONSUMER) timestamp=1297 ms, used_size=3127296 bytes (7.6%)
(RDMA_READ_CONSUME_CHECK_CONSUMER) timestamp=1297 ms, used_size=3125248 bytes (7.6%)
(RDMA_READ_CONSUME_CHECK_CONSUMER) timestamp=1297 ms, used_size=3123200 bytes (7.6%)
(RDMA_READ_CONSUME_CHECK_CONSUMER) timestamp=1297 ms, used_size=3121152 bytes (7.6%)
(RDMA_READ_CONSUME_CHECK_CONSUMER) timestamp=1297 ms, used_size=3119104 bytes (7.6%)
(RDMA_READ_CONSUME_CHECK_CONSUMER) timestamp=1297 ms, used_size=3117056 bytes (7.6%)
(RDMA_READ_CONSUME_CHECK_CONSUMER) timestamp=1297 ms, used_size=3115008 bytes (7.6%)
(RDMA_READ_CONSUME_CHECK_CONSUMER) timestamp=1297 ms, used_size=3112960 bytes (7.6%)
(RDMA_READ_CONSUME_CHECK_CONSUMER) timestamp=1297 ms, used_size=3110912 bytes (7.6%)
(RDMA_READ_CONSUME_CHECK_CONSUMER) timestamp=1297 ms, used_size=3108864 bytes (7.6%)
(RDMA_READ_CONSUME_CHECK_CONSUMER) timestamp=1297 ms, used_size=3106816 bytes (7.6%)
(RDMA_READ_CONSUME_CHECK_CONSUMER) timestamp=1297 ms, used_size=3104768 bytes (7.6%)
(RDMA_READ_CONSUME_CHECK_CONSUMER) timestamp=1297 ms, used_size=3102720 bytes (7.6%)
(RDMA_READ_CONSUME_CHECK_CONSUMER) timestamp=1297 ms, used_size=3100672 bytes (7.6%)
(RDMA_READ_CONSUME_CHECK_CONSUMER) timestamp=1297 ms, used_size=3098624 bytes (7.6%)
(RDMA_READ_CONSUME_CHECK_CONSUMER) timestamp=1297 ms, used_size=3096576 bytes (7.6%)
(RDMA_READ_CONSUME_CHECK_CONSUMER) timestamp=1297 ms, used_size=3094528 bytes (7.6%)
(RDMA_READ_CONSUME_CHECK_CONSUMER) timestamp=1297 ms, used_size=3092480 bytes (7.5%)
(RDMA_READ_CONSUME_CHECK_CONSUMER) timestamp=1297 ms, used_size=3090432 bytes (7.5%)
(RDMA_READ_CONSUME_CHECK_CONSUMER) timestamp=1297 ms, used_size=3088384 bytes (7.5%)
(RDMA_READ_CONSUME_CHECK_CONSUMER) timestamp=1297 ms, used_size=3086336 bytes (7.5%)
(RDMA_READ_CONSUME_CHECK_CONSUMER) timestamp=1297 ms, used_size=3084288 bytes (7.5%)
(RDMA_READ_CONSUME_CHECK_CONSUMER) timestamp=1297 ms, used_size=3082240 bytes (7.5%)
(RDMA_READ_CONSUME_CHECK_CONSUMER) timestamp=1297 ms, used_size=3080192 bytes (7.5%)
(RDMA_READ_CONSUME_CHECK_CONSUMER) timestamp=1297 ms, used_size=3078144 bytes (7.5%)
(RDMA_READ_CONSUME_CHECK_CONSUMER) timestamp=1297 ms, used_size=3076096 bytes (7.5%)
(RDMA_READ_CONSUME_CHECK_CONSUMER) timestamp=1297 ms, used_size=3074048 bytes (7.5%)
(RDMA_READ_CONSUME_CHECK_CONSUMER) timestamp=1297 ms, used_size=3072000 bytes (7.5%)
(RDMA_READ_CONSUME_CHECK_CONSUMER) timestamp=1297 ms, used_size=3069952 bytes (7.5%)
(RDMA_READ_CONSUME_CHECK_CONSUMER) timestamp=1297 ms, used_size=3067904 bytes (7.5%)
(RDMA_READ_CONSUME_CHECK_CONSUMER) timestamp=1297 ms, used_size=3065856 bytes (7.5%)
(RDMA_READ_CONSUME_CHECK_CONSUMER) timestamp=1297 ms, used_size=3063808 bytes (7.5%)
(RDMA_READ_CONSUME_CHECK_CONSUMER) timestamp=1297 ms, used_size=3061760 bytes (7.5%)
(RDMA_READ_CONSUME_CHECK_CONSUMER) timestamp=1297 ms, used_size=3059712 bytes (7.5%)
(RDMA_READ_CONSUME_CHECK_CONSUMER) timestamp=1297 ms, used_size=3057664 bytes (7.5%)
(RDMA_READ_CONSUME_CHECK_CONSUMER) timestamp=1297 ms, used_size=3055616 bytes (7.5%)
(RDMA_READ_CONSUME_CHECK_CONSUMER) timestamp=1297 ms, used_size=3053568 bytes (7.5%)
(RDMA_READ_CONSUME_CHECK_CONSUMER) timestamp=1297 ms, used_size=3051520 bytes (7.5%)
(RDMA_READ_CONSUME_CHECK_CONSUMER) timestamp=1297 ms, used_size=3049472 bytes (7.4%)
(RDMA_READ_CONSUME_CHECK_CONSUMER) timestamp=1297 ms, used_size=3047424 bytes (7.4%)
(RDMA_READ_CONSUME_CHECK_CONSUMER) timestamp=1297 ms, used_size=3045376 bytes (7.4%)
(RDMA_READ_CONSUME_CHECK_CONSUMER) timestamp=1297 ms, used_size=3043328 bytes (7.4%)
(RDMA_READ_CONSUME_CHECK_CONSUMER) timestamp=1297 ms, used_size=3041280 bytes (7.4%)
(RDMA_READ_CONSUME_CHECK_CONSUMER) timestamp=1297 ms, used_size=3039232 bytes (7.4%)
(RDMA_READ_CONSUME_CHECK_CONSUMER) timestamp=1297 ms, used_size=3037184 bytes (7.4%)
(RDMA_READ_CONSUME_CHECK_CONSUMER) timestamp=1297 ms, used_size=3035136 bytes (7.4%)
(RDMA_READ_CONSUME_CHECK_CONSUMER) timestamp=1297 ms, used_size=3033088 bytes (7.4%)
(RDMA_READ_CONSUME_CHECK_CONSUMER) timestamp=1297 ms, used_size=3031040 bytes (7.4%)
(RDMA_READ_CONSUME_CHECK_CONSUMER) timestamp=1297 ms, used_size=3028992 bytes (7.4%)
(RDMA_READ_CONSUME_CHECK_CONSUMER) timestamp=1297 ms, used_size=3026944 bytes (7.4%)
(RDMA_READ_CONSUME_CHECK_CONSUMER) timestamp=1297 ms, used_size=3024896 bytes (7.4%)
(RDMA_READ_CONSUME_CHECK_CONSUMER) timestamp=1297 ms, used_size=3022848 bytes (7.4%)
(RDMA_READ_CONSUME_CHECK_CONSUMER) timestamp=1297 ms, used_size=3020800 bytes (7.4%)
(RDMA_READ_CONSUME_CHECK_CONSUMER) timestamp=1297 ms, used_size=3018752 bytes (7.4%)
(RDMA_READ_CONSUME_CHECK_CONSUMER) timestamp=1297 ms, used_size=3016704 bytes (7.4%)
(RDMA_READ_CONSUME_CHECK_CONSUMER) timestamp=1297 ms, used_size=3014656 bytes (7.4%)
(RDMA_READ_CONSUME_CHECK_CONSUMER) timestamp=1297 ms, used_size=3012608 bytes (7.4%)
(RDMA_READ_CONSUME_CHECK_CONSUMER) timestamp=1297 ms, used_size=3010560 bytes (7.3%)
(RDMA_READ_CONSUME_CHECK_CONSUMER) timestamp=1297 ms, used_size=3008512 bytes (7.3%)
(RDMA_READ_CONSUME_CHECK_CONSUMER) timestamp=1297 ms, used_size=3006464 bytes (7.3%)
(RDMA_READ_CONSUME_CHECK_CONSUMER) timestamp=1297 ms, used_size=3004416 bytes (7.3%)
(RDMA_READ_CONSUME_CHECK_CONSUMER) timestamp=1297 ms, used_size=3002368 bytes (7.3%)
(RDMA_READ_CONSUME_CHECK_CONSUMER) timestamp=1297 ms, used_size=3000320 bytes (7.3%)
(RDMA_READ_CONSUME_CHECK_CONSUMER) timestamp=1297 ms, used_size=2998272 bytes (7.3%)
(RDMA_READ_CONSUME_CHECK_CONSUMER) timestamp=1297 ms, used_size=2996224 bytes (7.3%)
(RDMA_READ_CONSUME_CHECK_CONSUMER) timestamp=1297 ms, used_size=2994176 bytes (7.3%)
(RDMA_READ_CONSUME_CHECK_CONSUMER) timestamp=1297 ms, used_size=2992128 bytes (7.3%)
(RDMA_READ_CONSUME_CHECK_CONSUMER) timestamp=1297 ms, used_size=2990080 bytes (7.3%)
(RDMA_READ_CONSUME_CHECK_CONSUMER) timestamp=1297 ms, used_size=2988032 bytes (7.3%)
(RDMA_READ_CONSUME_CHECK_CONSUMER) timestamp=1297 ms, used_size=2985984 bytes (7.3%)
(RDMA_READ_CONSUME_CHECK_CONSUMER) timestamp=1297 ms, used_size=2983936 bytes (7.3%)
(RDMA_READ_CONSUME_CHECK_CONSUMER) timestamp=1297 ms, used_size=2981888 bytes (7.3%)
(RDMA_READ_CONSUME_CHECK_CONSUMER) timestamp=1297 ms, used_size=2979840 bytes (7.3%)
(RDMA_READ_CONSUME_CHECK_CONSUMER) timestamp=1297 ms, used_size=2977792 bytes (7.3%)
(RDMA_READ_CONSUME_CHECK_CONSUMER) timestamp=1297 ms, used_size=2975744 bytes (7.3%)
(RDMA_READ_CONSUME_CHECK_CONSUMER) timestamp=1297 ms, used_size=2973696 bytes (7.3%)
(RDMA_READ_CONSUME_CHECK_CONSUMER) timestamp=1297 ms, used_size=2971648 bytes (7.3%)
(RDMA_READ_CONSUME_CHECK_CONSUMER) timestamp=1297 ms, used_size=2969600 bytes (7.2%)
(RDMA_READ_CONSUME_CHECK_CONSUMER) timestamp=1297 ms, used_size=2967552 bytes (7.2%)
(RDMA_READ_CONSUME_CHECK_CONSUMER) timestamp=1297 ms, used_size=2965504 bytes (7.2%)
(RDMA_READ_CONSUME_CHECK_CONSUMER) timestamp=1297 ms, used_size=2963456 bytes (7.2%)
(RDMA_READ_CONSUME_CHECK_CONSUMER) timestamp=1297 ms, used_size=2961408 bytes (7.2%)
(RDMA_READ_CONSUME_CHECK_CONSUMER) timestamp=1297 ms, used_size=2959360 bytes (7.2%)
(RDMA_READ_CONSUME_CHECK_CONSUMER) timestamp=1297 ms, used_size=2957312 bytes (7.2%)
(RDMA_READ_CONSUME_CHECK_CONSUMER) timestamp=1297 ms, used_size=2955264 bytes (7.2%)
(RDMA_READ_CONSUME_CHECK_CONSUMER) timestamp=1297 ms, used_size=2953216 bytes (7.2%)
(RDMA_READ_CONSUME_CHECK_CONSUMER) timestamp=1297 ms, used_size=2951168 bytes (7.2%)
(RDMA_READ_CONSUME_CHECK_CONSUMER) timestamp=1297 ms, used_size=2949120 bytes (7.2%)
(RDMA_READ_CONSUME_CHECK_CONSUMER) timestamp=1297 ms, used_size=2947072 bytes (7.2%)
(RDMA_READ_CONSUME_CHECK_CONSUMER) timestamp=1297 ms, used_size=2945024 bytes (7.2%)
(RDMA_READ_CONSUME_CHECK_CONSUMER) timestamp=1297 ms, used_size=2942976 bytes (7.2%)
(RDMA_READ_CONSUME_CHECK_CONSUMER) timestamp=1297 ms, used_size=2940928 bytes (7.2%)
(RDMA_READ_CONSUME_CHECK_CONSUMER) timestamp=1297 ms, used_size=2938880 bytes (7.2%)
(RDMA_READ_CONSUME_CHECK_CONSUMER) timestamp=1297 ms, used_size=2936832 bytes (7.2%)
(RDMA_READ_CONSUME_CHECK_CONSUMER) timestamp=1298 ms, used_size=2934784 bytes (7.2%)
(RDMA_READ_CONSUME_CHECK_CONSUMER) timestamp=1298 ms, used_size=2932736 bytes (7.2%)
(RDMA_READ_CONSUME_CHECK_CONSUMER) timestamp=1298 ms, used_size=2930688 bytes (7.2%)
(RDMA_READ_CONSUME_CHECK_CONSUMER) timestamp=1298 ms, used_size=2928640 bytes (7.2%)
(RDMA_READ_CONSUME_CHECK_CONSUMER) timestamp=1298 ms, used_size=2926592 bytes (7.1%)
(RDMA_READ_CONSUME_CHECK_CONSUMER) timestamp=1298 ms, used_size=2924544 bytes (7.1%)
(RDMA_READ_CONSUME_CHECK_CONSUMER) timestamp=1298 ms, used_size=2922496 bytes (7.1%)
(RDMA_READ_CONSUME_CHECK_CONSUMER) timestamp=1298 ms, used_size=2920448 bytes (7.1%)
(RDMA_READ_CONSUME_CHECK_CONSUMER) timestamp=1298 ms, used_size=2918400 bytes (7.1%)
(RDMA_READ_CONSUME_CHECK_CONSUMER) timestamp=1298 ms, used_size=2916352 bytes (7.1%)
(RDMA_READ_CONSUME_CHECK_CONSUMER) timestamp=1298 ms, used_size=2914304 bytes (7.1%)
(RDMA_READ_CONSUME_CHECK_CONSUMER) timestamp=1298 ms, used_size=2912256 bytes (7.1%)
(RDMA_READ_CONSUME_CHECK_CONSUMER) timestamp=1298 ms, used_size=2910208 bytes (7.1%)
(RDMA_READ_CONSUME_CHECK_CONSUMER) timestamp=1298 ms, used_size=2908160 bytes (7.1%)
(RDMA_READ_CONSUME_CHECK_CONSUMER) timestamp=1298 ms, used_size=2906112 bytes (7.1%)
(RDMA_READ_CONSUME_CHECK_CONSUMER) timestamp=1298 ms, used_size=2904064 bytes (7.1%)
(RDMA_READ_CONSUME_CHECK_CONSUMER) timestamp=1298 ms, used_size=2902016 bytes (7.1%)
(RDMA_READ_CONSUME_CHECK_CONSUMER) timestamp=1298 ms, used_size=2899968 bytes (7.1%)
(RDMA_READ_CONSUME_CHECK_CONSUMER) timestamp=1298 ms, used_size=2897920 bytes (7.1%)
(RDMA_READ_CONSUME_CHECK_CONSUMER) timestamp=1298 ms, used_size=2895872 bytes (7.1%)
(RDMA_READ_CONSUME_CHECK_CONSUMER) timestamp=1298 ms, used_size=2893824 bytes (7.1%)
(RDMA_READ_CONSUME_CHECK_CONSUMER) timestamp=1298 ms, used_size=2891776 bytes (7.1%)
(RDMA_READ_CONSUME_CHECK_CONSUMER) timestamp=1298 ms, used_size=2889728 bytes (7.1%)
(RDMA_READ_CONSUME_CHECK_CONSUMER) timestamp=1298 ms, used_size=2887680 bytes (7.0%)
(RDMA_READ_CONSUME_CHECK_CONSUMER) timestamp=1298 ms, used_size=2885632 bytes (7.0%)
(RDMA_READ_CONSUME_CHECK_CONSUMER) timestamp=1298 ms, used_size=2883584 bytes (7.0%)
(RDMA_READ_CONSUME_CHECK_CONSUMER) timestamp=1298 ms, used_size=2881536 bytes (7.0%)
(RDMA_READ_CONSUME_CHECK_CONSUMER) timestamp=1298 ms, used_size=2879488 bytes (7.0%)
(RDMA_READ_CONSUME_CHECK_CONSUMER) timestamp=1298 ms, used_size=2877440 bytes (7.0%)
(RDMA_READ_CONSUME_CHECK_CONSUMER) timestamp=1298 ms, used_size=2875392 bytes (7.0%)
(RDMA_READ_CONSUME_CHECK_CONSUMER) timestamp=1298 ms, used_size=2873344 bytes (7.0%)
(RDMA_READ_CONSUME_CHECK_CONSUMER) timestamp=1298 ms, used_size=2871296 bytes (7.0%)
(RDMA_READ_CONSUME_CHECK_CONSUMER) timestamp=1298 ms, used_size=2869248 bytes (7.0%)
(RDMA_READ_CONSUME_CHECK_CONSUMER) timestamp=1298 ms, used_size=2867200 bytes (7.0%)
(RDMA_READ_CONSUME_CHECK_CONSUMER) timestamp=1298 ms, used_size=2865152 bytes (7.0%)
(RDMA_READ_CONSUME_CHECK_CONSUMER) timestamp=1298 ms, used_size=2863104 bytes (7.0%)
(RDMA_READ_CONSUME_CHECK_CONSUMER) timestamp=1298 ms, used_size=2861056 bytes (7.0%)
(RDMA_READ_CONSUME_CHECK_CONSUMER) timestamp=1298 ms, used_size=2859008 bytes (7.0%)
(RDMA_READ_CONSUME_CHECK_CONSUMER) timestamp=1298 ms, used_size=2856960 bytes (7.0%)
(RDMA_READ_CONSUME_CHECK_CONSUMER) timestamp=1298 ms, used_size=2854912 bytes (7.0%)
(RDMA_READ_CONSUME_CHECK_CONSUMER) timestamp=1298 ms, used_size=2852864 bytes (7.0%)
(RDMA_READ_CONSUME_CHECK_CONSUMER) timestamp=1298 ms, used_size=2850816 bytes (7.0%)
(RDMA_READ_CONSUME_CHECK_CONSUMER) timestamp=1298 ms, used_size=2848768 bytes (7.0%)
(RDMA_READ_CONSUME_CHECK_CONSUMER) timestamp=1298 ms, used_size=2846720 bytes (7.0%)
(RDMA_READ_CONSUME_CHECK_CONSUMER) timestamp=1298 ms, used_size=2844672 bytes (6.9%)
(RDMA_READ_CONSUME_CHECK_CONSUMER) timestamp=1298 ms, used_size=2842624 bytes (6.9%)
(RDMA_READ_CONSUME_CHECK_CONSUMER) timestamp=1298 ms, used_size=2840576 bytes (6.9%)
(RDMA_READ_CONSUME_CHECK_CONSUMER) timestamp=1298 ms, used_size=2838528 bytes (6.9%)
(RDMA_READ_CONSUME_CHECK_CONSUMER) timestamp=1298 ms, used_size=2836480 bytes (6.9%)
(RDMA_READ_CONSUME_CHECK_CONSUMER) timestamp=1298 ms, used_size=2834432 bytes (6.9%)
(RDMA_READ_CONSUME_CHECK_CONSUMER) timestamp=1298 ms, used_size=2832384 bytes (6.9%)
(RDMA_READ_CONSUME_CHECK_CONSUMER) timestamp=1298 ms, used_size=2830336 bytes (6.9%)
(RDMA_READ_CONSUME_CHECK_CONSUMER) timestamp=1298 ms, used_size=2828288 bytes (6.9%)
(RDMA_READ_CONSUME_CHECK_CONSUMER) timestamp=1298 ms, used_size=2826240 bytes (6.9%)
(RDMA_READ_CONSUME_CHECK_CONSUMER) timestamp=1298 ms, used_size=2824192 bytes (6.9%)
(RDMA_READ_CONSUME_CHECK_CONSUMER) timestamp=1298 ms, used_size=2822144 bytes (6.9%)
(RDMA_READ_CONSUME_CHECK_CONSUMER) timestamp=1298 ms, used_size=2820096 bytes (6.9%)
(RDMA_READ_CONSUME_CHECK_CONSUMER) timestamp=1298 ms, used_size=2818048 bytes (6.9%)
(RDMA_READ_CONSUME_CHECK_CONSUMER) timestamp=1298 ms, used_size=2816000 bytes (6.9%)
(RDMA_READ_CONSUME_CHECK_CONSUMER) timestamp=1298 ms, used_size=2813952 bytes (6.9%)
(RDMA_READ_CONSUME_CHECK_CONSUMER) timestamp=1298 ms, used_size=2811904 bytes (6.9%)
(RDMA_READ_CONSUME_CHECK_CONSUMER) timestamp=1298 ms, used_size=2809856 bytes (6.9%)
(RDMA_READ_CONSUME_CHECK_CONSUMER) timestamp=1298 ms, used_size=2807808 bytes (6.9%)
(RDMA_READ_CONSUME_CHECK_CONSUMER) timestamp=1298 ms, used_size=2805760 bytes (6.8%)
(RDMA_READ_CONSUME_CHECK_CONSUMER) timestamp=1298 ms, used_size=2803712 bytes (6.8%)
(RDMA_READ_CONSUME_CHECK_CONSUMER) timestamp=1298 ms, used_size=2801664 bytes (6.8%)
(RDMA_READ_CONSUME_CHECK_CONSUMER) timestamp=1298 ms, used_size=2799616 bytes (6.8%)
(RDMA_READ_CONSUME_CHECK_CONSUMER) timestamp=1298 ms, used_size=2797568 bytes (6.8%)
(RDMA_READ_CONSUME_CHECK_CONSUMER) timestamp=1298 ms, used_size=2795520 bytes (6.8%)
(RDMA_READ_CONSUME_CHECK_CONSUMER) timestamp=1298 ms, used_size=2793472 bytes (6.8%)
(RDMA_READ_CONSUME_CHECK_CONSUMER) timestamp=1298 ms, used_size=2791424 bytes (6.8%)
(RDMA_READ_CONSUME_CHECK_CONSUMER) timestamp=1298 ms, used_size=2789376 bytes (6.8%)
(RDMA_READ_CONSUME_CHECK_CONSUMER) timestamp=1298 ms, used_size=2787328 bytes (6.8%)
(RDMA_READ_CONSUME_CHECK_CONSUMER) timestamp=1298 ms, used_size=2785280 bytes (6.8%)
(RDMA_READ_CONSUME_CHECK_CONSUMER) timestamp=1298 ms, used_size=2783232 bytes (6.8%)
(RDMA_READ_CONSUME_CHECK_CONSUMER) timestamp=1298 ms, used_size=2781184 bytes (6.8%)
(RDMA_READ_CONSUME_CHECK_CONSUMER) timestamp=1298 ms, used_size=2779136 bytes (6.8%)
(RDMA_READ_CONSUME_CHECK_CONSUMER) timestamp=1298 ms, used_size=2777088 bytes (6.8%)
(RDMA_READ_CONSUME_CHECK_CONSUMER) timestamp=1298 ms, used_size=2775040 bytes (6.8%)
(RDMA_READ_CONSUME_CHECK_CONSUMER) timestamp=1298 ms, used_size=2772992 bytes (6.8%)
(RDMA_READ_CONSUME_CHECK_CONSUMER) timestamp=1298 ms, used_size=2770944 bytes (6.8%)
(RDMA_READ_CONSUME_CHECK_CONSUMER) timestamp=1298 ms, used_size=2768896 bytes (6.8%)
(RDMA_READ_CONSUME_CHECK_CONSUMER) timestamp=1298 ms, used_size=2766848 bytes (6.8%)
(RDMA_READ_CONSUME_CHECK_CONSUMER) timestamp=1298 ms, used_size=2764800 bytes (6.8%)
(RDMA_READ_CONSUME_CHECK_CONSUMER) timestamp=1298 ms, used_size=2762752 bytes (6.7%)
(RDMA_READ_CONSUME_CHECK_CONSUMER) timestamp=1298 ms, used_size=2760704 bytes (6.7%)
(RDMA_READ_CONSUME_CHECK_CONSUMER) timestamp=1298 ms, used_size=2758656 bytes (6.7%)
(RDMA_READ_CONSUME_CHECK_CONSUMER) timestamp=1298 ms, used_size=2756608 bytes (6.7%)
(RDMA_READ_CONSUME_CHECK_CONSUMER) timestamp=1298 ms, used_size=2754560 bytes (6.7%)
(RDMA_READ_CONSUME_CHECK_CONSUMER) timestamp=1298 ms, used_size=2752512 bytes (6.7%)
(RDMA_READ_CONSUME_CHECK_CONSUMER) timestamp=1298 ms, used_size=2750464 bytes (6.7%)
(RDMA_READ_CONSUME_CHECK_CONSUMER) timestamp=1298 ms, used_size=2748416 bytes (6.7%)
(RDMA_READ_CONSUME_CHECK_CONSUMER) timestamp=1298 ms, used_size=2746368 bytes (6.7%)
(RDMA_READ_CONSUME_CHECK_CONSUMER) timestamp=1298 ms, used_size=2744320 bytes (6.7%)
(RDMA_READ_CONSUME_CHECK_CONSUMER) timestamp=1298 ms, used_size=2742272 bytes (6.7%)
(RDMA_READ_CONSUME_CHECK_CONSUMER) timestamp=1298 ms, used_size=2740224 bytes (6.7%)
(RDMA_READ_CONSUME_CHECK_CONSUMER) timestamp=1298 ms, used_size=2738176 bytes (6.7%)
(RDMA_READ_CONSUME_CHECK_CONSUMER) timestamp=1298 ms, used_size=2736128 bytes (6.7%)
(RDMA_READ_CONSUME_CHECK_CONSUMER) timestamp=1298 ms, used_size=2734080 bytes (6.7%)
(RDMA_READ_CONSUME_CHECK_CONSUMER) timestamp=1298 ms, used_size=2732032 bytes (6.7%)
(RDMA_READ_CONSUME_CHECK_CONSUMER) timestamp=1298 ms, used_size=2729984 bytes (6.7%)
(RDMA_READ_CONSUME_CHECK_CONSUMER) timestamp=1298 ms, used_size=2727936 bytes (6.7%)
(RDMA_READ_CONSUME_CHECK_CONSUMER) timestamp=1298 ms, used_size=2725888 bytes (6.7%)
(RDMA_READ_CONSUME_CHECK_CONSUMER) timestamp=1298 ms, used_size=2723840 bytes (6.7%)
(RDMA_READ_CONSUME_CHECK_CONSUMER) timestamp=1298 ms, used_size=2721792 bytes (6.6%)
(RDMA_READ_CONSUME_CHECK_CONSUMER) timestamp=1298 ms, used_size=2719744 bytes (6.6%)
(RDMA_READ_CONSUME_CHECK_CONSUMER) timestamp=1298 ms, used_size=2717696 bytes (6.6%)
(RDMA_READ_CONSUME_CHECK_CONSUMER) timestamp=1298 ms, used_size=2715648 bytes (6.6%)
(RDMA_READ_CONSUME_CHECK_CONSUMER) timestamp=1298 ms, used_size=2713600 bytes (6.6%)
(RDMA_READ_CONSUME_CHECK_CONSUMER) timestamp=1298 ms, used_size=2711552 bytes (6.6%)
(RDMA_READ_CONSUME_CHECK_CONSUMER) timestamp=1298 ms, used_size=2709504 bytes (6.6%)
(RDMA_READ_CONSUME_CHECK_CONSUMER) timestamp=1298 ms, used_size=2707456 bytes (6.6%)
(RDMA_READ_CONSUME_CHECK_CONSUMER) timestamp=1298 ms, used_size=2705408 bytes (6.6%)
(RDMA_READ_CONSUME_CHECK_CONSUMER) timestamp=1298 ms, used_size=2703360 bytes (6.6%)
(RDMA_READ_CONSUME_CHECK_CONSUMER) timestamp=1298 ms, used_size=2701312 bytes (6.6%)
(RDMA_READ_CONSUME_CHECK_CONSUMER) timestamp=1298 ms, used_size=2699264 bytes (6.6%)
(RDMA_READ_CONSUME_CHECK_CONSUMER) timestamp=1298 ms, used_size=2697216 bytes (6.6%)
(RDMA_READ_CONSUME_CHECK_CONSUMER) timestamp=1298 ms, used_size=2695168 bytes (6.6%)
(RDMA_READ_CONSUME_CHECK_CONSUMER) timestamp=1298 ms, used_size=2693120 bytes (6.6%)
(RDMA_READ_CONSUME_CHECK_CONSUMER) timestamp=1298 ms, used_size=2691072 bytes (6.6%)
(RDMA_READ_CONSUME_CHECK_CONSUMER) timestamp=1298 ms, used_size=2689024 bytes (6.6%)
(RDMA_READ_CONSUME_CHECK_CONSUMER) timestamp=1298 ms, used_size=2686976 bytes (6.6%)
(RDMA_READ_CONSUME_CHECK_CONSUMER) timestamp=1298 ms, used_size=2684928 bytes (6.6%)
(RDMA_READ_CONSUME_CHECK_CONSUMER) timestamp=1298 ms, used_size=2682880 bytes (6.5%)
(RDMA_READ_CONSUME_CHECK_CONSUMER) timestamp=1298 ms, used_size=2680832 bytes (6.5%)
(RDMA_READ_CONSUME_CHECK_CONSUMER) timestamp=1298 ms, used_size=2678784 bytes (6.5%)
(RDMA_READ_CONSUME_CHECK_CONSUMER) timestamp=1298 ms, used_size=2676736 bytes (6.5%)
(RDMA_READ_CONSUME_CHECK_CONSUMER) timestamp=1298 ms, used_size=2674688 bytes (6.5%)
(RDMA_READ_CONSUME_CHECK_CONSUMER) timestamp=1298 ms, used_size=2672640 bytes (6.5%)
(RDMA_READ_CONSUME_CHECK_CONSUMER) timestamp=1298 ms, used_size=2670592 bytes (6.5%)
(RDMA_READ_CONSUME_CHECK_CONSUMER) timestamp=1298 ms, used_size=2668544 bytes (6.5%)
(RDMA_READ_CONSUME_CHECK_CONSUMER) timestamp=1298 ms, used_size=2666496 bytes (6.5%)
(RDMA_READ_CONSUME_CHECK_CONSUMER) timestamp=1298 ms, used_size=2664448 bytes (6.5%)
(RDMA_READ_CONSUME_CHECK_CONSUMER) timestamp=1298 ms, used_size=2662400 bytes (6.5%)
(RDMA_READ_CONSUME_CHECK_CONSUMER) timestamp=1298 ms, used_size=2660352 bytes (6.5%)
(RDMA_READ_CONSUME_CHECK_CONSUMER) timestamp=1298 ms, used_size=2658304 bytes (6.5%)
(RDMA_READ_CONSUME_CHECK_CONSUMER) timestamp=1298 ms, used_size=2656256 bytes (6.5%)
(RDMA_READ_CONSUME_CHECK_CONSUMER) timestamp=1298 ms, used_size=2654208 bytes (6.5%)
(RDMA_READ_CONSUME_CHECK_CONSUMER) timestamp=1298 ms, used_size=2652160 bytes (6.5%)
(RDMA_READ_CONSUME_CHECK_CONSUMER) timestamp=1298 ms, used_size=2650112 bytes (6.5%)
(RDMA_READ_CONSUME_CHECK_CONSUMER) timestamp=1298 ms, used_size=2648064 bytes (6.5%)
(RDMA_READ_CONSUME_CHECK_CONSUMER) timestamp=1298 ms, used_size=2646016 bytes (6.5%)
(RDMA_READ_CONSUME_CHECK_CONSUMER) timestamp=1298 ms, used_size=2643968 bytes (6.5%)
(RDMA_READ_CONSUME_CHECK_CONSUMER) timestamp=1298 ms, used_size=2641920 bytes (6.5%)
(RDMA_READ_CONSUME_CHECK_CONSUMER) timestamp=1298 ms, used_size=2639872 bytes (6.4%)
(RDMA_READ_CONSUME_CHECK_CONSUMER) timestamp=1298 ms, used_size=2637824 bytes (6.4%)
(RDMA_READ_CONSUME_CHECK_CONSUMER) timestamp=1298 ms, used_size=2635776 bytes (6.4%)
(RDMA_READ_CONSUME_CHECK_CONSUMER) timestamp=1298 ms, used_size=2633728 bytes (6.4%)
(RDMA_READ_CONSUME_CHECK_CONSUMER) timestamp=1298 ms, used_size=2631680 bytes (6.4%)
(RDMA_READ_CONSUME_CHECK_CONSUMER) timestamp=1298 ms, used_size=2629632 bytes (6.4%)
(RDMA_READ_CONSUME_CHECK_CONSUMER) timestamp=1298 ms, used_size=2627584 bytes (6.4%)
(RDMA_READ_CONSUME_CHECK_CONSUMER) timestamp=1298 ms, used_size=2625536 bytes (6.4%)
(RDMA_READ_CONSUME_CHECK_CONSUMER) timestamp=1298 ms, used_size=2623488 bytes (6.4%)
(RDMA_READ_CONSUME_CHECK_CONSUMER) timestamp=1298 ms, used_size=2621440 bytes (6.4%)
(RDMA_READ_CONSUME_CHECK_CONSUMER) timestamp=1298 ms, used_size=2619392 bytes (6.4%)
(RDMA_READ_CONSUME_CHECK_CONSUMER) timestamp=1298 ms, used_size=2617344 bytes (6.4%)
(RDMA_READ_CONSUME_CHECK_CONSUMER) timestamp=1298 ms, used_size=2615296 bytes (6.4%)
(RDMA_READ_CONSUME_CHECK_CONSUMER) timestamp=1298 ms, used_size=2613248 bytes (6.4%)
(RDMA_READ_CONSUME_CHECK_CONSUMER) timestamp=1298 ms, used_size=2611200 bytes (6.4%)
(RDMA_READ_CONSUME_CHECK_CONSUMER) timestamp=1298 ms, used_size=2609152 bytes (6.4%)
(RDMA_READ_CONSUME_CHECK_CONSUMER) timestamp=1298 ms, used_size=2607104 bytes (6.4%)
(RDMA_READ_CONSUME_CHECK_CONSUMER) timestamp=1298 ms, used_size=2605056 bytes (6.4%)
(RDMA_READ_CONSUME_CHECK_CONSUMER) timestamp=1298 ms, used_size=2603008 bytes (6.4%)
(RDMA_READ_CONSUME_CHECK_CONSUMER) timestamp=1298 ms, used_size=2600960 bytes (6.3%)
(RDMA_READ_CONSUME_CHECK_CONSUMER) timestamp=1298 ms, used_size=2598912 bytes (6.3%)
(RDMA_READ_CONSUME_CHECK_CONSUMER) timestamp=1298 ms, used_size=2596864 bytes (6.3%)
(RDMA_READ_CONSUME_CHECK_CONSUMER) timestamp=1298 ms, used_size=2594816 bytes (6.3%)
(RDMA_READ_CONSUME_CHECK_CONSUMER) timestamp=1298 ms, used_size=2592768 bytes (6.3%)
(RDMA_READ_CONSUME_CHECK_CONSUMER) timestamp=1298 ms, used_size=2590720 bytes (6.3%)
(RDMA_READ_CONSUME_CHECK_CONSUMER) timestamp=1298 ms, used_size=2588672 bytes (6.3%)
(RDMA_READ_CONSUME_CHECK_CONSUMER) timestamp=1298 ms, used_size=2586624 bytes (6.3%)
(RDMA_READ_CONSUME_CHECK_CONSUMER) timestamp=1298 ms, used_size=2584576 bytes (6.3%)
(RDMA_READ_CONSUME_CHECK_CONSUMER) timestamp=1298 ms, used_size=2582528 bytes (6.3%)
(RDMA_READ_CONSUME_CHECK_CONSUMER) timestamp=1298 ms, used_size=2580480 bytes (6.3%)
(RDMA_READ_CONSUME_CHECK_CONSUMER) timestamp=1298 ms, used_size=2578432 bytes (6.3%)
(RDMA_READ_CONSUME_CHECK_CONSUMER) timestamp=1298 ms, used_size=2576384 bytes (6.3%)
(RDMA_READ_CONSUME_CHECK_CONSUMER) timestamp=1298 ms, used_size=2574336 bytes (6.3%)
(RDMA_READ_CONSUME_CHECK_CONSUMER) timestamp=1298 ms, used_size=2572288 bytes (6.3%)
(RDMA_READ_CONSUME_CHECK_CONSUMER) timestamp=1298 ms, used_size=2570240 bytes (6.3%)
(RDMA_READ_CONSUME_CHECK_CONSUMER) timestamp=1298 ms, used_size=2568192 bytes (6.3%)
(RDMA_READ_CONSUME_CHECK_CONSUMER) timestamp=1298 ms, used_size=2566144 bytes (6.3%)
(RDMA_READ_CONSUME_CHECK_CONSUMER) timestamp=1299 ms, used_size=2564096 bytes (6.3%)
(RDMA_READ_CONSUME_CHECK_CONSUMER) timestamp=1299 ms, used_size=2562048 bytes (6.3%)
(RDMA_READ_CONSUME_CHECK_CONSUMER) timestamp=1299 ms, used_size=2560000 bytes (6.2%)
(RDMA_READ_CONSUME_CHECK_CONSUMER) timestamp=1299 ms, used_size=2557952 bytes (6.2%)
(RDMA_READ_CONSUME_CHECK_CONSUMER) timestamp=1299 ms, used_size=2555904 bytes (6.2%)
(RDMA_READ_CONSUME_CHECK_CONSUMER) timestamp=1299 ms, used_size=2553856 bytes (6.2%)
(RDMA_READ_CONSUME_CHECK_CONSUMER) timestamp=1299 ms, used_size=2551808 bytes (6.2%)
(RDMA_READ_CONSUME_CHECK_CONSUMER) timestamp=1299 ms, used_size=2549760 bytes (6.2%)
(RDMA_READ_CONSUME_CHECK_CONSUMER) timestamp=1299 ms, used_size=2547712 bytes (6.2%)
(RDMA_READ_CONSUME_CHECK_CONSUMER) timestamp=1299 ms, used_size=2545664 bytes (6.2%)
(RDMA_READ_CONSUME_CHECK_CONSUMER) timestamp=1299 ms, used_size=2543616 bytes (6.2%)
(RDMA_READ_CONSUME_CHECK_CONSUMER) timestamp=1299 ms, used_size=2541568 bytes (6.2%)
(RDMA_READ_CONSUME_CHECK_CONSUMER) timestamp=1299 ms, used_size=2539520 bytes (6.2%)
(RDMA_READ_CONSUME_CHECK_CONSUMER) timestamp=1299 ms, used_size=2537472 bytes (6.2%)
(RDMA_READ_CONSUME_CHECK_CONSUMER) timestamp=1299 ms, used_size=2535424 bytes (6.2%)
(RDMA_READ_CONSUME_CHECK_CONSUMER) timestamp=1299 ms, used_size=2533376 bytes (6.2%)
(RDMA_READ_CONSUME_CHECK_CONSUMER) timestamp=1299 ms, used_size=2531328 bytes (6.2%)
(RDMA_READ_CONSUME_CHECK_CONSUMER) timestamp=1299 ms, used_size=2529280 bytes (6.2%)
(RDMA_READ_CONSUME_CHECK_CONSUMER) timestamp=1299 ms, used_size=2527232 bytes (6.2%)
(RDMA_READ_CONSUME_CHECK_CONSUMER) timestamp=1299 ms, used_size=2525184 bytes (6.2%)
(RDMA_READ_CONSUME_CHECK_CONSUMER) timestamp=1299 ms, used_size=2523136 bytes (6.2%)
(RDMA_READ_CONSUME_CHECK_CONSUMER) timestamp=1299 ms, used_size=2521088 bytes (6.2%)
(RDMA_READ_CONSUME_CHECK_CONSUMER) timestamp=1299 ms, used_size=2519040 bytes (6.2%)
(RDMA_READ_CONSUME_CHECK_CONSUMER) timestamp=1299 ms, used_size=2516992 bytes (6.1%)
(RDMA_READ_CONSUME_CHECK_CONSUMER) timestamp=1299 ms, used_size=2514944 bytes (6.1%)
(RDMA_READ_CONSUME_CHECK_CONSUMER) timestamp=1299 ms, used_size=2512896 bytes (6.1%)
(RDMA_READ_CONSUME_CHECK_CONSUMER) timestamp=1299 ms, used_size=2510848 bytes (6.1%)
(RDMA_READ_CONSUME_CHECK_CONSUMER) timestamp=1299 ms, used_size=2508800 bytes (6.1%)
(RDMA_READ_CONSUME_CHECK_CONSUMER) timestamp=1299 ms, used_size=2506752 bytes (6.1%)
(RDMA_READ_CONSUME_CHECK_CONSUMER) timestamp=1299 ms, used_size=2504704 bytes (6.1%)
(RDMA_READ_CONSUME_CHECK_CONSUMER) timestamp=1299 ms, used_size=2502656 bytes (6.1%)
(RDMA_READ_CONSUME_CHECK_CONSUMER) timestamp=1299 ms, used_size=2500608 bytes (6.1%)
(RDMA_READ_CONSUME_CHECK_CONSUMER) timestamp=1299 ms, used_size=2498560 bytes (6.1%)
(RDMA_READ_CONSUME_CHECK_CONSUMER) timestamp=1299 ms, used_size=2496512 bytes (6.1%)
(RDMA_READ_CONSUME_CHECK_CONSUMER) timestamp=1299 ms, used_size=2494464 bytes (6.1%)
(RDMA_READ_CONSUME_CHECK_CONSUMER) timestamp=1299 ms, used_size=2492416 bytes (6.1%)
(RDMA_READ_CONSUME_CHECK_CONSUMER) timestamp=1299 ms, used_size=2490368 bytes (6.1%)
(RDMA_READ_CONSUME_CHECK_CONSUMER) timestamp=1299 ms, used_size=2488320 bytes (6.1%)
(RDMA_READ_CONSUME_CHECK_CONSUMER) timestamp=1299 ms, used_size=2486272 bytes (6.1%)
(RDMA_READ_CONSUME_CHECK_CONSUMER) timestamp=1299 ms, used_size=2484224 bytes (6.1%)
(RDMA_READ_CONSUME_CHECK_CONSUMER) timestamp=1299 ms, used_size=2482176 bytes (6.1%)
(RDMA_READ_CONSUME_CHECK_CONSUMER) timestamp=1299 ms, used_size=2480128 bytes (6.1%)
(RDMA_READ_CONSUME_CHECK_CONSUMER) timestamp=1299 ms, used_size=2478080 bytes (6.0%)
(RDMA_READ_CONSUME_CHECK_CONSUMER) timestamp=1299 ms, used_size=2476032 bytes (6.0%)
(RDMA_READ_CONSUME_CHECK_CONSUMER) timestamp=1299 ms, used_size=2473984 bytes (6.0%)
(RDMA_READ_CONSUME_CHECK_CONSUMER) timestamp=1299 ms, used_size=2471936 bytes (6.0%)
(RDMA_READ_CONSUME_CHECK_CONSUMER) timestamp=1299 ms, used_size=2469888 bytes (6.0%)
(RDMA_READ_CONSUME_CHECK_CONSUMER) timestamp=1299 ms, used_size=2467840 bytes (6.0%)
(RDMA_READ_CONSUME_CHECK_CONSUMER) timestamp=1299 ms, used_size=2465792 bytes (6.0%)
(RDMA_READ_CONSUME_CHECK_CONSUMER) timestamp=1299 ms, used_size=2463744 bytes (6.0%)
(RDMA_READ_CONSUME_CHECK_CONSUMER) timestamp=1299 ms, used_size=2461696 bytes (6.0%)
(RDMA_READ_CONSUME_CHECK_CONSUMER) timestamp=1299 ms, used_size=2459648 bytes (6.0%)
(RDMA_READ_CONSUME_CHECK_CONSUMER) timestamp=1299 ms, used_size=2457600 bytes (6.0%)
(RDMA_READ_CONSUME_CHECK_CONSUMER) timestamp=1299 ms, used_size=2455552 bytes (6.0%)
(RDMA_READ_CONSUME_CHECK_CONSUMER) timestamp=1299 ms, used_size=2453504 bytes (6.0%)
(RDMA_READ_CONSUME_CHECK_CONSUMER) timestamp=1299 ms, used_size=2451456 bytes (6.0%)
(RDMA_READ_CONSUME_CHECK_CONSUMER) timestamp=1299 ms, used_size=2449408 bytes (6.0%)
(RDMA_READ_CONSUME_CHECK_CONSUMER) timestamp=1299 ms, used_size=2447360 bytes (6.0%)
(RDMA_READ_CONSUME_CHECK_CONSUMER) timestamp=1299 ms, used_size=2445312 bytes (6.0%)
(RDMA_READ_CONSUME_CHECK_CONSUMER) timestamp=1299 ms, used_size=2443264 bytes (6.0%)
(RDMA_READ_CONSUME_CHECK_CONSUMER) timestamp=1299 ms, used_size=2441216 bytes (6.0%)
(RDMA_READ_CONSUME_CHECK_CONSUMER) timestamp=1299 ms, used_size=2439168 bytes (6.0%)
(RDMA_READ_CONSUME_CHECK_CONSUMER) timestamp=1299 ms, used_size=2437120 bytes (6.0%)
(RDMA_READ_CONSUME_CHECK_CONSUMER) timestamp=1299 ms, used_size=2435072 bytes (5.9%)
(RDMA_READ_CONSUME_CHECK_CONSUMER) timestamp=1299 ms, used_size=2433024 bytes (5.9%)
(RDMA_READ_CONSUME_CHECK_CONSUMER) timestamp=1299 ms, used_size=2430976 bytes (5.9%)
(RDMA_READ_CONSUME_CHECK_CONSUMER) timestamp=1299 ms, used_size=2428928 bytes (5.9%)
(RDMA_READ_CONSUME_CHECK_CONSUMER) timestamp=1299 ms, used_size=2426880 bytes (5.9%)
(RDMA_READ_CONSUME_CHECK_CONSUMER) timestamp=1299 ms, used_size=2424832 bytes (5.9%)
(RDMA_READ_CONSUME_CHECK_CONSUMER) timestamp=1299 ms, used_size=2422784 bytes (5.9%)
(RDMA_READ_CONSUME_CHECK_CONSUMER) timestamp=1299 ms, used_size=2420736 bytes (5.9%)
(RDMA_READ_CONSUME_CHECK_CONSUMER) timestamp=1299 ms, used_size=2418688 bytes (5.9%)
(RDMA_READ_CONSUME_CHECK_CONSUMER) timestamp=1299 ms, used_size=2416640 bytes (5.9%)
(RDMA_READ_CONSUME_CHECK_CONSUMER) timestamp=1299 ms, used_size=2414592 bytes (5.9%)
(RDMA_READ_CONSUME_CHECK_CONSUMER) timestamp=1299 ms, used_size=2412544 bytes (5.9%)
(RDMA_READ_CONSUME_CHECK_CONSUMER) timestamp=1299 ms, used_size=2410496 bytes (5.9%)
(RDMA_READ_CONSUME_CHECK_CONSUMER) timestamp=1299 ms, used_size=2408448 bytes (5.9%)
(RDMA_READ_CONSUME_CHECK_CONSUMER) timestamp=1299 ms, used_size=2406400 bytes (5.9%)
(RDMA_READ_CONSUME_CHECK_CONSUMER) timestamp=1299 ms, used_size=2404352 bytes (5.9%)
(RDMA_READ_CONSUME_CHECK_CONSUMER) timestamp=1299 ms, used_size=2402304 bytes (5.9%)
(RDMA_READ_CONSUME_CHECK_CONSUMER) timestamp=1299 ms, used_size=2400256 bytes (5.9%)
(RDMA_READ_CONSUME_CHECK_CONSUMER) timestamp=1299 ms, used_size=2398208 bytes (5.9%)
(RDMA_READ_CONSUME_CHECK_CONSUMER) timestamp=1299 ms, used_size=2396160 bytes (5.8%)
(RDMA_READ_CONSUME_CHECK_CONSUMER) timestamp=1299 ms, used_size=2394112 bytes (5.8%)
(RDMA_READ_CONSUME_CHECK_CONSUMER) timestamp=1299 ms, used_size=2392064 bytes (5.8%)
(RDMA_READ_CONSUME_CHECK_CONSUMER) timestamp=1299 ms, used_size=2390016 bytes (5.8%)
(RDMA_READ_CONSUME_CHECK_CONSUMER) timestamp=1299 ms, used_size=2387968 bytes (5.8%)
(RDMA_READ_CONSUME_CHECK_CONSUMER) timestamp=1299 ms, used_size=2385920 bytes (5.8%)
(RDMA_READ_CONSUME_CHECK_CONSUMER) timestamp=1299 ms, used_size=2383872 bytes (5.8%)
(RDMA_READ_CONSUME_CHECK_CONSUMER) timestamp=1299 ms, used_size=2381824 bytes (5.8%)
(RDMA_READ_CONSUME_CHECK_CONSUMER) timestamp=1299 ms, used_size=2379776 bytes (5.8%)
(RDMA_READ_CONSUME_CHECK_CONSUMER) timestamp=1299 ms, used_size=2377728 bytes (5.8%)
(RDMA_READ_CONSUME_CHECK_CONSUMER) timestamp=1299 ms, used_size=2375680 bytes (5.8%)
(RDMA_READ_CONSUME_CHECK_CONSUMER) timestamp=1299 ms, used_size=2373632 bytes (5.8%)
(RDMA_READ_CONSUME_CHECK_CONSUMER) timestamp=1299 ms, used_size=2371584 bytes (5.8%)
(RDMA_READ_CONSUME_CHECK_CONSUMER) timestamp=1299 ms, used_size=2369536 bytes (5.8%)
(RDMA_READ_CONSUME_CHECK_CONSUMER) timestamp=1299 ms, used_size=2367488 bytes (5.8%)
(RDMA_READ_CONSUME_CHECK_CONSUMER) timestamp=1299 ms, used_size=2365440 bytes (5.8%)
(RDMA_READ_CONSUME_CHECK_CONSUMER) timestamp=1299 ms, used_size=2363392 bytes (5.8%)
(RDMA_READ_CONSUME_CHECK_CONSUMER) timestamp=1299 ms, used_size=2361344 bytes (5.8%)
(RDMA_READ_CONSUME_CHECK_CONSUMER) timestamp=1299 ms, used_size=2359296 bytes (5.8%)
(RDMA_READ_CONSUME_CHECK_CONSUMER) timestamp=1299 ms, used_size=2357248 bytes (5.8%)
(RDMA_READ_CONSUME_CHECK_CONSUMER) timestamp=1299 ms, used_size=2355200 bytes (5.8%)
(RDMA_READ_CONSUME_CHECK_CONSUMER) timestamp=1299 ms, used_size=2353152 bytes (5.7%)
(RDMA_READ_CONSUME_CHECK_CONSUMER) timestamp=1299 ms, used_size=2351104 bytes (5.7%)
(RDMA_READ_CONSUME_CHECK_CONSUMER) timestamp=1299 ms, used_size=2349056 bytes (5.7%)
(RDMA_READ_CONSUME_CHECK_CONSUMER) timestamp=1299 ms, used_size=2347008 bytes (5.7%)
(RDMA_READ_CONSUME_CHECK_CONSUMER) timestamp=1299 ms, used_size=2344960 bytes (5.7%)
(RDMA_READ_CONSUME_CHECK_CONSUMER) timestamp=1299 ms, used_size=2342912 bytes (5.7%)
(RDMA_READ_CONSUME_CHECK_CONSUMER) timestamp=1299 ms, used_size=2340864 bytes (5.7%)
(RDMA_READ_CONSUME_CHECK_CONSUMER) timestamp=1299 ms, used_size=2338816 bytes (5.7%)
(RDMA_READ_CONSUME_CHECK_CONSUMER) timestamp=1299 ms, used_size=2336768 bytes (5.7%)
(RDMA_READ_CONSUME_CHECK_CONSUMER) timestamp=1299 ms, used_size=2334720 bytes (5.7%)
(RDMA_READ_CONSUME_CHECK_CONSUMER) timestamp=1299 ms, used_size=2332672 bytes (5.7%)
(RDMA_READ_CONSUME_CHECK_CONSUMER) timestamp=1299 ms, used_size=2330624 bytes (5.7%)
(RDMA_READ_CONSUME_CHECK_CONSUMER) timestamp=1299 ms, used_size=2328576 bytes (5.7%)
(RDMA_READ_CONSUME_CHECK_CONSUMER) timestamp=1299 ms, used_size=2326528 bytes (5.7%)
(RDMA_READ_CONSUME_CHECK_CONSUMER) timestamp=1299 ms, used_size=2324480 bytes (5.7%)
(RDMA_READ_CONSUME_CHECK_CONSUMER) timestamp=1299 ms, used_size=2322432 bytes (5.7%)
(RDMA_READ_CONSUME_CHECK_CONSUMER) timestamp=1299 ms, used_size=2320384 bytes (5.7%)
(RDMA_READ_CONSUME_CHECK_CONSUMER) timestamp=1299 ms, used_size=2318336 bytes (5.7%)
(RDMA_READ_CONSUME_CHECK_CONSUMER) timestamp=1299 ms, used_size=2316288 bytes (5.7%)
(RDMA_READ_CONSUME_CHECK_CONSUMER) timestamp=1299 ms, used_size=2314240 bytes (5.7%)
(RDMA_READ_CONSUME_CHECK_CONSUMER) timestamp=1299 ms, used_size=2312192 bytes (5.6%)
(RDMA_READ_CONSUME_CHECK_CONSUMER) timestamp=1299 ms, used_size=2310144 bytes (5.6%)
(RDMA_READ_CONSUME_CHECK_CONSUMER) timestamp=1299 ms, used_size=2308096 bytes (5.6%)
(RDMA_READ_CONSUME_CHECK_CONSUMER) timestamp=1299 ms, used_size=2306048 bytes (5.6%)
(RDMA_READ_CONSUME_CHECK_CONSUMER) timestamp=1299 ms, used_size=2304000 bytes (5.6%)
(RDMA_READ_CONSUME_CHECK_CONSUMER) timestamp=1299 ms, used_size=2301952 bytes (5.6%)
(RDMA_READ_CONSUME_CHECK_CONSUMER) timestamp=1299 ms, used_size=2299904 bytes (5.6%)
(RDMA_READ_CONSUME_CHECK_CONSUMER) timestamp=1299 ms, used_size=2297856 bytes (5.6%)
(RDMA_READ_CONSUME_CHECK_CONSUMER) timestamp=1299 ms, used_size=2295808 bytes (5.6%)
(RDMA_READ_CONSUME_CHECK_CONSUMER) timestamp=1299 ms, used_size=2293760 bytes (5.6%)
(RDMA_READ_CONSUME_CHECK_CONSUMER) timestamp=1299 ms, used_size=2291712 bytes (5.6%)
(RDMA_READ_CONSUME_CHECK_CONSUMER) timestamp=1299 ms, used_size=2289664 bytes (5.6%)
(RDMA_READ_CONSUME_CHECK_CONSUMER) timestamp=1299 ms, used_size=2287616 bytes (5.6%)
(RDMA_READ_CONSUME_CHECK_CONSUMER) timestamp=1299 ms, used_size=2285568 bytes (5.6%)
(RDMA_READ_CONSUME_CHECK_CONSUMER) timestamp=1299 ms, used_size=2283520 bytes (5.6%)
(RDMA_READ_CONSUME_CHECK_CONSUMER) timestamp=1299 ms, used_size=2281472 bytes (5.6%)
(RDMA_READ_CONSUME_CHECK_CONSUMER) timestamp=1299 ms, used_size=2279424 bytes (5.6%)
(RDMA_READ_CONSUME_CHECK_CONSUMER) timestamp=1299 ms, used_size=2277376 bytes (5.6%)
(RDMA_READ_CONSUME_CHECK_CONSUMER) timestamp=1299 ms, used_size=2275328 bytes (5.6%)
(RDMA_READ_CONSUME_CHECK_CONSUMER) timestamp=1299 ms, used_size=2273280 bytes (5.5%)
(RDMA_READ_CONSUME_CHECK_CONSUMER) timestamp=1299 ms, used_size=2271232 bytes (5.5%)
(RDMA_READ_CONSUME_CHECK_CONSUMER) timestamp=1299 ms, used_size=2269184 bytes (5.5%)
(RDMA_READ_CONSUME_CHECK_CONSUMER) timestamp=1299 ms, used_size=2267136 bytes (5.5%)
(RDMA_READ_CONSUME_CHECK_CONSUMER) timestamp=1299 ms, used_size=2265088 bytes (5.5%)
(RDMA_READ_CONSUME_CHECK_CONSUMER) timestamp=1299 ms, used_size=2263040 bytes (5.5%)
(RDMA_READ_CONSUME_CHECK_CONSUMER) timestamp=1299 ms, used_size=2260992 bytes (5.5%)
(RDMA_READ_CONSUME_CHECK_CONSUMER) timestamp=1299 ms, used_size=2258944 bytes (5.5%)
(RDMA_READ_CONSUME_CHECK_CONSUMER) timestamp=1299 ms, used_size=2256896 bytes (5.5%)
(RDMA_READ_CONSUME_CHECK_CONSUMER) timestamp=1299 ms, used_size=2254848 bytes (5.5%)
(RDMA_READ_CONSUME_CHECK_CONSUMER) timestamp=1299 ms, used_size=2252800 bytes (5.5%)
(RDMA_READ_CONSUME_CHECK_CONSUMER) timestamp=1299 ms, used_size=2250752 bytes (5.5%)
(RDMA_READ_CONSUME_CHECK_CONSUMER) timestamp=1299 ms, used_size=2248704 bytes (5.5%)
(RDMA_READ_CONSUME_CHECK_CONSUMER) timestamp=1299 ms, used_size=2246656 bytes (5.5%)
(RDMA_READ_CONSUME_CHECK_CONSUMER) timestamp=1299 ms, used_size=2244608 bytes (5.5%)
(RDMA_READ_CONSUME_CHECK_CONSUMER) timestamp=1299 ms, used_size=2242560 bytes (5.5%)
(RDMA_READ_CONSUME_CHECK_CONSUMER) timestamp=1299 ms, used_size=2240512 bytes (5.5%)
(RDMA_READ_CONSUME_CHECK_CONSUMER) timestamp=1299 ms, used_size=2238464 bytes (5.5%)
(RDMA_READ_CONSUME_CHECK_CONSUMER) timestamp=1299 ms, used_size=2236416 bytes (5.5%)
(RDMA_READ_CONSUME_CHECK_CONSUMER) timestamp=1299 ms, used_size=2234368 bytes (5.5%)
(RDMA_READ_CONSUME_CHECK_CONSUMER) timestamp=1299 ms, used_size=2232320 bytes (5.5%)
(RDMA_READ_CONSUME_CHECK_CONSUMER) timestamp=1299 ms, used_size=2230272 bytes (5.4%)
(RDMA_READ_CONSUME_CHECK_CONSUMER) timestamp=1299 ms, used_size=2228224 bytes (5.4%)
(RDMA_READ_CONSUME_CHECK_CONSUMER) timestamp=1299 ms, used_size=2226176 bytes (5.4%)
(RDMA_READ_CONSUME_CHECK_CONSUMER) timestamp=1299 ms, used_size=2224128 bytes (5.4%)
(RDMA_READ_CONSUME_CHECK_CONSUMER) timestamp=1299 ms, used_size=2222080 bytes (5.4%)
(RDMA_READ_CONSUME_CHECK_CONSUMER) timestamp=1299 ms, used_size=2220032 bytes (5.4%)
(RDMA_READ_CONSUME_CHECK_CONSUMER) timestamp=1299 ms, used_size=2217984 bytes (5.4%)
(RDMA_READ_CONSUME_CHECK_CONSUMER) timestamp=1299 ms, used_size=2215936 bytes (5.4%)
(RDMA_READ_CONSUME_CHECK_CONSUMER) timestamp=1299 ms, used_size=2213888 bytes (5.4%)
(RDMA_READ_CONSUME_CHECK_CONSUMER) timestamp=1299 ms, used_size=2211840 bytes (5.4%)
(RDMA_READ_CONSUME_CHECK_CONSUMER) timestamp=1299 ms, used_size=2209792 bytes (5.4%)
(RDMA_READ_CONSUME_CHECK_CONSUMER) timestamp=1299 ms, used_size=2207744 bytes (5.4%)
(RDMA_READ_CONSUME_CHECK_CONSUMER) timestamp=1299 ms, used_size=2205696 bytes (5.4%)
(RDMA_READ_CONSUME_CHECK_CONSUMER) timestamp=1299 ms, used_size=2203648 bytes (5.4%)
(RDMA_READ_CONSUME_CHECK_CONSUMER) timestamp=1299 ms, used_size=2201600 bytes (5.4%)
(RDMA_READ_CONSUME_CHECK_CONSUMER) timestamp=1299 ms, used_size=2199552 bytes (5.4%)
(RDMA_READ_CONSUME_CHECK_CONSUMER) timestamp=1299 ms, used_size=2197504 bytes (5.4%)
(RDMA_READ_CONSUME_CHECK_CONSUMER) timestamp=1299 ms, used_size=2195456 bytes (5.4%)
(RDMA_READ_CONSUME_CHECK_CONSUMER) timestamp=1299 ms, used_size=2193408 bytes (5.4%)
(RDMA_READ_CONSUME_CHECK_CONSUMER) timestamp=1300 ms, used_size=2191360 bytes (5.3%)
(RDMA_READ_CONSUME_CHECK_CONSUMER) timestamp=1300 ms, used_size=2189312 bytes (5.3%)
(RDMA_READ_CONSUME_CHECK_CONSUMER) timestamp=1300 ms, used_size=2187264 bytes (5.3%)
(RDMA_READ_CONSUME_CHECK_CONSUMER) timestamp=1300 ms, used_size=2185216 bytes (5.3%)
(RDMA_READ_CONSUME_CHECK_CONSUMER) timestamp=1300 ms, used_size=2183168 bytes (5.3%)
(RDMA_READ_CONSUME_CHECK_CONSUMER) timestamp=1300 ms, used_size=2181120 bytes (5.3%)
(RDMA_READ_CONSUME_CHECK_CONSUMER) timestamp=1300 ms, used_size=2179072 bytes (5.3%)
(RDMA_READ_CONSUME_CHECK_CONSUMER) timestamp=1300 ms, used_size=2177024 bytes (5.3%)
(RDMA_READ_CONSUME_CHECK_CONSUMER) timestamp=1300 ms, used_size=2174976 bytes (5.3%)
(RDMA_READ_CONSUME_CHECK_CONSUMER) timestamp=1300 ms, used_size=2172928 bytes (5.3%)
(RDMA_READ_CONSUME_CHECK_CONSUMER) timestamp=1300 ms, used_size=2170880 bytes (5.3%)
(RDMA_READ_CONSUME_CHECK_CONSUMER) timestamp=1300 ms, used_size=2168832 bytes (5.3%)
(RDMA_READ_CONSUME_CHECK_CONSUMER) timestamp=1300 ms, used_size=2166784 bytes (5.3%)
(RDMA_READ_CONSUME_CHECK_CONSUMER) timestamp=1300 ms, used_size=2164736 bytes (5.3%)
(RDMA_READ_CONSUME_CHECK_CONSUMER) timestamp=1300 ms, used_size=2162688 bytes (5.3%)
(RDMA_READ_CONSUME_CHECK_CONSUMER) timestamp=1300 ms, used_size=2160640 bytes (5.3%)
(RDMA_READ_CONSUME_CHECK_CONSUMER) timestamp=1300 ms, used_size=2158592 bytes (5.3%)
(RDMA_READ_CONSUME_CHECK_CONSUMER) timestamp=1300 ms, used_size=2156544 bytes (5.3%)
(RDMA_READ_CONSUME_CHECK_CONSUMER) timestamp=1300 ms, used_size=2154496 bytes (5.3%)
(RDMA_READ_CONSUME_CHECK_CONSUMER) timestamp=1300 ms, used_size=2152448 bytes (5.3%)
(RDMA_READ_CONSUME_CHECK_CONSUMER) timestamp=1300 ms, used_size=2150400 bytes (5.2%)
(RDMA_READ_CONSUME_CHECK_CONSUMER) timestamp=1300 ms, used_size=2148352 bytes (5.2%)
(RDMA_READ_CONSUME_CHECK_CONSUMER) timestamp=1300 ms, used_size=2146304 bytes (5.2%)
(RDMA_READ_CONSUME_CHECK_CONSUMER) timestamp=1300 ms, used_size=2144256 bytes (5.2%)
(RDMA_READ_CONSUME_CHECK_CONSUMER) timestamp=1300 ms, used_size=2142208 bytes (5.2%)
(RDMA_READ_CONSUME_CHECK_CONSUMER) timestamp=1300 ms, used_size=2140160 bytes (5.2%)
(RDMA_READ_CONSUME_CHECK_CONSUMER) timestamp=1300 ms, used_size=2138112 bytes (5.2%)
(RDMA_READ_CONSUME_CHECK_CONSUMER) timestamp=1300 ms, used_size=2136064 bytes (5.2%)
(RDMA_READ_CONSUME_CHECK_CONSUMER) timestamp=1300 ms, used_size=2134016 bytes (5.2%)
(RDMA_READ_CONSUME_CHECK_CONSUMER) timestamp=1300 ms, used_size=2131968 bytes (5.2%)
(RDMA_READ_CONSUME_CHECK_CONSUMER) timestamp=1300 ms, used_size=2129920 bytes (5.2%)
(RDMA_READ_CONSUME_CHECK_CONSUMER) timestamp=1300 ms, used_size=2127872 bytes (5.2%)
(RDMA_READ_CONSUME_CHECK_CONSUMER) timestamp=1300 ms, used_size=2125824 bytes (5.2%)
(RDMA_READ_CONSUME_CHECK_CONSUMER) timestamp=1300 ms, used_size=2123776 bytes (5.2%)
(RDMA_READ_CONSUME_CHECK_CONSUMER) timestamp=1300 ms, used_size=2121728 bytes (5.2%)
(RDMA_READ_CONSUME_CHECK_CONSUMER) timestamp=1300 ms, used_size=2119680 bytes (5.2%)
(RDMA_READ_CONSUME_CHECK_CONSUMER) timestamp=1300 ms, used_size=2117632 bytes (5.2%)
(RDMA_READ_CONSUME_CHECK_CONSUMER) timestamp=1300 ms, used_size=2115584 bytes (5.2%)
(RDMA_READ_CONSUME_CHECK_CONSUMER) timestamp=1300 ms, used_size=2113536 bytes (5.2%)
(RDMA_READ_CONSUME_CHECK_CONSUMER) timestamp=1300 ms, used_size=2111488 bytes (5.2%)
(RDMA_READ_CONSUME_CHECK_CONSUMER) timestamp=1300 ms, used_size=2109440 bytes (5.2%)
(RDMA_READ_CONSUME_CHECK_CONSUMER) timestamp=1300 ms, used_size=2107392 bytes (5.1%)
(RDMA_READ_CONSUME_CHECK_CONSUMER) timestamp=1300 ms, used_size=2105344 bytes (5.1%)
(RDMA_READ_CONSUME_CHECK_CONSUMER) timestamp=1300 ms, used_size=2103296 bytes (5.1%)
(RDMA_READ_CONSUME_CHECK_CONSUMER) timestamp=1300 ms, used_size=2101248 bytes (5.1%)
(RDMA_READ_CONSUME_CHECK_CONSUMER) timestamp=1300 ms, used_size=2099200 bytes (5.1%)
(RDMA_READ_CONSUME_CHECK_CONSUMER) timestamp=1300 ms, used_size=2097152 bytes (5.1%)
(RDMA_READ_CONSUME_CHECK_CONSUMER) timestamp=1300 ms, used_size=2095104 bytes (5.1%)
(RDMA_READ_CONSUME_CHECK_CONSUMER) timestamp=1300 ms, used_size=2093056 bytes (5.1%)
(RDMA_READ_CONSUME_CHECK_CONSUMER) timestamp=1300 ms, used_size=2091008 bytes (5.1%)
(RDMA_READ_CONSUME_CHECK_CONSUMER) timestamp=1300 ms, used_size=2088960 bytes (5.1%)
(RDMA_READ_CONSUME_CHECK_CONSUMER) timestamp=1300 ms, used_size=2086912 bytes (5.1%)
(RDMA_READ_CONSUME_CHECK_CONSUMER) timestamp=1300 ms, used_size=2084864 bytes (5.1%)
(RDMA_READ_CONSUME_CHECK_CONSUMER) timestamp=1300 ms, used_size=2082816 bytes (5.1%)
(RDMA_READ_CONSUME_CHECK_CONSUMER) timestamp=1300 ms, used_size=2080768 bytes (5.1%)
(RDMA_READ_CONSUME_CHECK_CONSUMER) timestamp=1300 ms, used_size=2078720 bytes (5.1%)
(RDMA_READ_CONSUME_CHECK_CONSUMER) timestamp=1300 ms, used_size=2076672 bytes (5.1%)
(RDMA_READ_CONSUME_CHECK_CONSUMER) timestamp=1300 ms, used_size=2074624 bytes (5.1%)
(RDMA_READ_CONSUME_CHECK_CONSUMER) timestamp=1300 ms, used_size=2072576 bytes (5.1%)
(RDMA_READ_CONSUME_CHECK_CONSUMER) timestamp=1300 ms, used_size=2070528 bytes (5.1%)
(RDMA_READ_CONSUME_CHECK_CONSUMER) timestamp=1300 ms, used_size=2068480 bytes (5.0%)
(RDMA_READ_CONSUME_CHECK_CONSUMER) timestamp=1300 ms, used_size=2066432 bytes (5.0%)
(RDMA_READ_CONSUME_CHECK_CONSUMER) timestamp=1300 ms, used_size=2064384 bytes (5.0%)
(RDMA_READ_CONSUME_CHECK_CONSUMER) timestamp=1300 ms, used_size=2062336 bytes (5.0%)
(RDMA_READ_CONSUME_CHECK_CONSUMER) timestamp=1300 ms, used_size=2060288 bytes (5.0%)
(RDMA_READ_CONSUME_CHECK_CONSUMER) timestamp=1300 ms, used_size=2058240 bytes (5.0%)
(RDMA_READ_CONSUME_CHECK_CONSUMER) timestamp=1300 ms, used_size=2056192 bytes (5.0%)
(RDMA_READ_CONSUME_CHECK_CONSUMER) timestamp=1300 ms, used_size=2054144 bytes (5.0%)
(RDMA_READ_CONSUME_CHECK_CONSUMER) timestamp=1300 ms, used_size=2052096 bytes (5.0%)
(RDMA_READ_CONSUME_CHECK_CONSUMER) timestamp=1300 ms, used_size=2050048 bytes (5.0%)
(RDMA_READ_CONSUME_CHECK_CONSUMER) timestamp=1300 ms, used_size=2048000 bytes (5.0%)
(RDMA_READ_CONSUME_CHECK_CONSUMER) timestamp=1300 ms, used_size=2045952 bytes (5.0%)
(RDMA_READ_CONSUME_CHECK_CONSUMER) timestamp=1300 ms, used_size=2043904 bytes (5.0%)
(RDMA_READ_CONSUME_CHECK_CONSUMER) timestamp=1300 ms, used_size=2041856 bytes (5.0%)
(RDMA_READ_CONSUME_CHECK_CONSUMER) timestamp=1300 ms, used_size=2039808 bytes (5.0%)
(RDMA_READ_CONSUME_CHECK_CONSUMER) timestamp=1300 ms, used_size=2037760 bytes (5.0%)
(RDMA_READ_CONSUME_CHECK_CONSUMER) timestamp=1300 ms, used_size=2035712 bytes (5.0%)
(RDMA_READ_CONSUME_CHECK_CONSUMER) timestamp=1300 ms, used_size=2033664 bytes (5.0%)
(RDMA_READ_CONSUME_CHECK_CONSUMER) timestamp=1300 ms, used_size=2031616 bytes (5.0%)
(RDMA_READ_CONSUME_CHECK_CONSUMER) timestamp=1300 ms, used_size=2029568 bytes (5.0%)
(RDMA_READ_CONSUME_CHECK_CONSUMER) timestamp=1300 ms, used_size=2027520 bytes (5.0%)
(RDMA_READ_CONSUME_CHECK_CONSUMER) timestamp=1300 ms, used_size=2025472 bytes (4.9%)
(RDMA_READ_CONSUME_CHECK_CONSUMER) timestamp=1300 ms, used_size=2023424 bytes (4.9%)
(RDMA_READ_CONSUME_CHECK_CONSUMER) timestamp=1300 ms, used_size=2021376 bytes (4.9%)
(RDMA_READ_CONSUME_CHECK_CONSUMER) timestamp=1300 ms, used_size=2019328 bytes (4.9%)
(RDMA_READ_CONSUME_CHECK_CONSUMER) timestamp=1300 ms, used_size=2017280 bytes (4.9%)
(RDMA_READ_CONSUME_CHECK_CONSUMER) timestamp=1300 ms, used_size=2015232 bytes (4.9%)
(RDMA_READ_CONSUME_CHECK_CONSUMER) timestamp=1300 ms, used_size=2013184 bytes (4.9%)
(RDMA_READ_CONSUME_CHECK_CONSUMER) timestamp=1300 ms, used_size=2011136 bytes (4.9%)
(RDMA_READ_CONSUME_CHECK_CONSUMER) timestamp=1300 ms, used_size=2009088 bytes (4.9%)
(RDMA_READ_CONSUME_CHECK_CONSUMER) timestamp=1300 ms, used_size=2007040 bytes (4.9%)
(RDMA_READ_CONSUME_CHECK_CONSUMER) timestamp=1300 ms, used_size=2004992 bytes (4.9%)
(RDMA_READ_CONSUME_CHECK_CONSUMER) timestamp=1300 ms, used_size=2002944 bytes (4.9%)
(RDMA_READ_CONSUME_CHECK_CONSUMER) timestamp=1300 ms, used_size=2000896 bytes (4.9%)
(RDMA_READ_CONSUME_CHECK_CONSUMER) timestamp=1300 ms, used_size=1998848 bytes (4.9%)
(RDMA_READ_CONSUME_CHECK_CONSUMER) timestamp=1300 ms, used_size=1996800 bytes (4.9%)
(RDMA_READ_CONSUME_CHECK_CONSUMER) timestamp=1300 ms, used_size=1994752 bytes (4.9%)
(RDMA_READ_CONSUME_CHECK_CONSUMER) timestamp=1300 ms, used_size=1992704 bytes (4.9%)
(RDMA_READ_CONSUME_CHECK_CONSUMER) timestamp=1300 ms, used_size=1990656 bytes (4.9%)
(RDMA_READ_CONSUME_CHECK_CONSUMER) timestamp=1300 ms, used_size=1988608 bytes (4.9%)
(RDMA_READ_CONSUME_CHECK_CONSUMER) timestamp=1300 ms, used_size=1986560 bytes (4.8%)
(RDMA_READ_CONSUME_CHECK_CONSUMER) timestamp=1300 ms, used_size=1984512 bytes (4.8%)
(RDMA_READ_CONSUME_CHECK_CONSUMER) timestamp=1300 ms, used_size=1982464 bytes (4.8%)
(RDMA_READ_CONSUME_CHECK_CONSUMER) timestamp=1300 ms, used_size=1980416 bytes (4.8%)
(RDMA_READ_CONSUME_CHECK_CONSUMER) timestamp=1300 ms, used_size=1978368 bytes (4.8%)
(RDMA_READ_CONSUME_CHECK_CONSUMER) timestamp=1300 ms, used_size=1976320 bytes (4.8%)
(RDMA_READ_CONSUME_CHECK_CONSUMER) timestamp=1300 ms, used_size=1974272 bytes (4.8%)
(RDMA_READ_CONSUME_CHECK_CONSUMER) timestamp=1300 ms, used_size=1972224 bytes (4.8%)
(RDMA_READ_CONSUME_CHECK_CONSUMER) timestamp=1300 ms, used_size=1970176 bytes (4.8%)
(RDMA_READ_CONSUME_CHECK_CONSUMER) timestamp=1300 ms, used_size=1968128 bytes (4.8%)
(RDMA_READ_CONSUME_CHECK_CONSUMER) timestamp=1300 ms, used_size=1966080 bytes (4.8%)
(RDMA_READ_CONSUME_CHECK_CONSUMER) timestamp=1300 ms, used_size=1964032 bytes (4.8%)
(RDMA_READ_CONSUME_CHECK_CONSUMER) timestamp=1300 ms, used_size=1961984 bytes (4.8%)
(RDMA_READ_CONSUME_CHECK_CONSUMER) timestamp=1300 ms, used_size=1959936 bytes (4.8%)
(RDMA_READ_CONSUME_CHECK_CONSUMER) timestamp=1300 ms, used_size=1957888 bytes (4.8%)
(RDMA_READ_CONSUME_CHECK_CONSUMER) timestamp=1300 ms, used_size=1955840 bytes (4.8%)
(RDMA_READ_CONSUME_CHECK_CONSUMER) timestamp=1300 ms, used_size=1953792 bytes (4.8%)
(RDMA_READ_CONSUME_CHECK_CONSUMER) timestamp=1300 ms, used_size=1951744 bytes (4.8%)
(RDMA_READ_CONSUME_CHECK_CONSUMER) timestamp=1300 ms, used_size=1949696 bytes (4.8%)
(RDMA_READ_CONSUME_CHECK_CONSUMER) timestamp=1300 ms, used_size=1947648 bytes (4.8%)
(RDMA_READ_CONSUME_CHECK_CONSUMER) timestamp=1300 ms, used_size=1945600 bytes (4.8%)
(RDMA_READ_CONSUME_CHECK_CONSUMER) timestamp=1300 ms, used_size=1943552 bytes (4.7%)
(RDMA_READ_CONSUME_CHECK_CONSUMER) timestamp=1300 ms, used_size=1941504 bytes (4.7%)
(RDMA_READ_CONSUME_CHECK_CONSUMER) timestamp=1300 ms, used_size=1939456 bytes (4.7%)
(RDMA_READ_CONSUME_CHECK_CONSUMER) timestamp=1300 ms, used_size=1937408 bytes (4.7%)
(RDMA_READ_CONSUME_CHECK_CONSUMER) timestamp=1300 ms, used_size=1935360 bytes (4.7%)
(RDMA_READ_CONSUME_CHECK_CONSUMER) timestamp=1300 ms, used_size=1933312 bytes (4.7%)
(RDMA_READ_CONSUME_CHECK_CONSUMER) timestamp=1300 ms, used_size=1931264 bytes (4.7%)
(RDMA_READ_CONSUME_CHECK_CONSUMER) timestamp=1300 ms, used_size=1929216 bytes (4.7%)
(RDMA_READ_CONSUME_CHECK_CONSUMER) timestamp=1300 ms, used_size=1927168 bytes (4.7%)
(RDMA_READ_CONSUME_CHECK_CONSUMER) timestamp=1300 ms, used_size=1925120 bytes (4.7%)
(RDMA_READ_CONSUME_CHECK_CONSUMER) timestamp=1300 ms, used_size=1923072 bytes (4.7%)
(RDMA_READ_CONSUME_CHECK_CONSUMER) timestamp=1300 ms, used_size=1921024 bytes (4.7%)
(RDMA_READ_CONSUME_CHECK_CONSUMER) timestamp=1300 ms, used_size=1918976 bytes (4.7%)
(RDMA_READ_CONSUME_CHECK_CONSUMER) timestamp=1300 ms, used_size=1916928 bytes (4.7%)
(RDMA_READ_CONSUME_CHECK_CONSUMER) timestamp=1300 ms, used_size=1914880 bytes (4.7%)
(RDMA_READ_CONSUME_CHECK_CONSUMER) timestamp=1300 ms, used_size=1912832 bytes (4.7%)
(RDMA_READ_CONSUME_CHECK_CONSUMER) timestamp=1300 ms, used_size=1910784 bytes (4.7%)
(RDMA_READ_CONSUME_CHECK_CONSUMER) timestamp=1300 ms, used_size=1908736 bytes (4.7%)
(RDMA_READ_CONSUME_CHECK_CONSUMER) timestamp=1300 ms, used_size=1906688 bytes (4.7%)
(RDMA_READ_CONSUME_CHECK_CONSUMER) timestamp=1300 ms, used_size=1904640 bytes (4.7%)
(RDMA_READ_CONSUME_CHECK_CONSUMER) timestamp=1300 ms, used_size=1902592 bytes (4.6%)
(RDMA_READ_CONSUME_CHECK_CONSUMER) timestamp=1300 ms, used_size=1900544 bytes (4.6%)
(RDMA_READ_CONSUME_CHECK_CONSUMER) timestamp=1300 ms, used_size=1898496 bytes (4.6%)
(RDMA_READ_CONSUME_CHECK_CONSUMER) timestamp=1300 ms, used_size=1896448 bytes (4.6%)
(RDMA_READ_CONSUME_CHECK_CONSUMER) timestamp=1300 ms, used_size=1894400 bytes (4.6%)
(RDMA_READ_CONSUME_CHECK_CONSUMER) timestamp=1300 ms, used_size=1892352 bytes (4.6%)
(RDMA_READ_CONSUME_CHECK_CONSUMER) timestamp=1300 ms, used_size=1890304 bytes (4.6%)
(RDMA_READ_CONSUME_CHECK_CONSUMER) timestamp=1300 ms, used_size=1888256 bytes (4.6%)
(RDMA_READ_CONSUME_CHECK_CONSUMER) timestamp=1300 ms, used_size=1886208 bytes (4.6%)
(RDMA_READ_CONSUME_CHECK_CONSUMER) timestamp=1300 ms, used_size=1884160 bytes (4.6%)
(RDMA_READ_CONSUME_CHECK_CONSUMER) timestamp=1300 ms, used_size=1882112 bytes (4.6%)
(RDMA_READ_CONSUME_CHECK_CONSUMER) timestamp=1300 ms, used_size=1880064 bytes (4.6%)
(RDMA_READ_CONSUME_CHECK_CONSUMER) timestamp=1300 ms, used_size=1878016 bytes (4.6%)
(RDMA_READ_CONSUME_CHECK_CONSUMER) timestamp=1300 ms, used_size=1875968 bytes (4.6%)
(RDMA_READ_CONSUME_CHECK_CONSUMER) timestamp=1300 ms, used_size=1873920 bytes (4.6%)
(RDMA_READ_CONSUME_CHECK_CONSUMER) timestamp=1300 ms, used_size=1871872 bytes (4.6%)
(RDMA_READ_CONSUME_CHECK_CONSUMER) timestamp=1300 ms, used_size=1869824 bytes (4.6%)
(RDMA_READ_CONSUME_CHECK_CONSUMER) timestamp=1300 ms, used_size=1867776 bytes (4.6%)
(RDMA_READ_CONSUME_CHECK_CONSUMER) timestamp=1300 ms, used_size=1865728 bytes (4.6%)
(RDMA_READ_CONSUME_CHECK_CONSUMER) timestamp=1300 ms, used_size=1863680 bytes (4.5%)
(RDMA_READ_CONSUME_CHECK_CONSUMER) timestamp=1300 ms, used_size=1861632 bytes (4.5%)
(RDMA_READ_CONSUME_CHECK_CONSUMER) timestamp=1300 ms, used_size=1859584 bytes (4.5%)
(RDMA_READ_CONSUME_CHECK_CONSUMER) timestamp=1300 ms, used_size=1857536 bytes (4.5%)
(RDMA_READ_CONSUME_CHECK_CONSUMER) timestamp=1300 ms, used_size=1855488 bytes (4.5%)
(RDMA_READ_CONSUME_CHECK_CONSUMER) timestamp=1300 ms, used_size=1853440 bytes (4.5%)
(RDMA_READ_CONSUME_CHECK_CONSUMER) timestamp=1300 ms, used_size=1851392 bytes (4.5%)
(RDMA_READ_CONSUME_CHECK_CONSUMER) timestamp=1300 ms, used_size=1849344 bytes (4.5%)
(RDMA_READ_CONSUME_CHECK_CONSUMER) timestamp=1300 ms, used_size=1847296 bytes (4.5%)
(RDMA_READ_CONSUME_CHECK_CONSUMER) timestamp=1300 ms, used_size=1845248 bytes (4.5%)
(RDMA_READ_CONSUME_CHECK_CONSUMER) timestamp=1300 ms, used_size=1843200 bytes (4.5%)
(RDMA_READ_CONSUME_CHECK_CONSUMER) timestamp=1300 ms, used_size=1841152 bytes (4.5%)
(RDMA_READ_CONSUME_CHECK_CONSUMER) timestamp=1300 ms, used_size=1839104 bytes (4.5%)
(RDMA_READ_CONSUME_CHECK_CONSUMER) timestamp=1300 ms, used_size=1837056 bytes (4.5%)
(RDMA_READ_CONSUME_CHECK_CONSUMER) timestamp=1300 ms, used_size=1835008 bytes (4.5%)
(RDMA_READ_CONSUME_CHECK_CONSUMER) timestamp=1300 ms, used_size=1832960 bytes (4.5%)
(RDMA_READ_CONSUME_CHECK_CONSUMER) timestamp=1300 ms, used_size=1830912 bytes (4.5%)
(RDMA_READ_CONSUME_CHECK_CONSUMER) timestamp=1300 ms, used_size=1828864 bytes (4.5%)
(RDMA_READ_CONSUME_CHECK_CONSUMER) timestamp=1300 ms, used_size=1826816 bytes (4.5%)
(RDMA_READ_CONSUME_CHECK_CONSUMER) timestamp=1300 ms, used_size=1824768 bytes (4.5%)
(RDMA_READ_CONSUME_CHECK_CONSUMER) timestamp=1300 ms, used_size=1822720 bytes (4.5%)
(RDMA_READ_CONSUME_CHECK_CONSUMER) timestamp=1300 ms, used_size=1820672 bytes (4.4%)
(RDMA_READ_CONSUME_CHECK_CONSUMER) timestamp=1301 ms, used_size=1818624 bytes (4.4%)
(RDMA_READ_CONSUME_CHECK_CONSUMER) timestamp=1301 ms, used_size=1816576 bytes (4.4%)
(RDMA_READ_CONSUME_CHECK_CONSUMER) timestamp=1301 ms, used_size=1814528 bytes (4.4%)
(RDMA_READ_CONSUME_CHECK_CONSUMER) timestamp=1301 ms, used_size=1812480 bytes (4.4%)
(RDMA_READ_CONSUME_CHECK_CONSUMER) timestamp=1301 ms, used_size=1810432 bytes (4.4%)
(RDMA_READ_CONSUME_CHECK_CONSUMER) timestamp=1301 ms, used_size=1808384 bytes (4.4%)
(RDMA_READ_CONSUME_CHECK_CONSUMER) timestamp=1301 ms, used_size=1806336 bytes (4.4%)
(RDMA_READ_CONSUME_CHECK_CONSUMER) timestamp=1301 ms, used_size=1804288 bytes (4.4%)
(RDMA_READ_CONSUME_CHECK_CONSUMER) timestamp=1301 ms, used_size=1802240 bytes (4.4%)
(RDMA_READ_CONSUME_CHECK_CONSUMER) timestamp=1301 ms, used_size=1800192 bytes (4.4%)
(RDMA_READ_CONSUME_CHECK_CONSUMER) timestamp=1301 ms, used_size=1798144 bytes (4.4%)
(RDMA_READ_CONSUME_CHECK_CONSUMER) timestamp=1301 ms, used_size=1796096 bytes (4.4%)
(RDMA_READ_CONSUME_CHECK_CONSUMER) timestamp=1301 ms, used_size=1794048 bytes (4.4%)
(RDMA_READ_CONSUME_CHECK_CONSUMER) timestamp=1301 ms, used_size=1792000 bytes (4.4%)
(RDMA_READ_CONSUME_CHECK_CONSUMER) timestamp=1301 ms, used_size=1789952 bytes (4.4%)
(RDMA_READ_CONSUME_CHECK_CONSUMER) timestamp=1301 ms, used_size=1787904 bytes (4.4%)
(RDMA_READ_CONSUME_CHECK_CONSUMER) timestamp=1301 ms, used_size=1785856 bytes (4.4%)
(RDMA_READ_CONSUME_CHECK_CONSUMER) timestamp=1301 ms, used_size=1783808 bytes (4.4%)
(RDMA_READ_CONSUME_CHECK_CONSUMER) timestamp=1301 ms, used_size=1781760 bytes (4.3%)
(RDMA_READ_CONSUME_CHECK_CONSUMER) timestamp=1301 ms, used_size=1779712 bytes (4.3%)
(RDMA_READ_CONSUME_CHECK_CONSUMER) timestamp=1301 ms, used_size=1777664 bytes (4.3%)
(RDMA_READ_CONSUME_CHECK_CONSUMER) timestamp=1301 ms, used_size=1775616 bytes (4.3%)
(RDMA_READ_CONSUME_CHECK_CONSUMER) timestamp=1301 ms, used_size=1773568 bytes (4.3%)
(RDMA_READ_CONSUME_CHECK_CONSUMER) timestamp=1301 ms, used_size=1771520 bytes (4.3%)
(RDMA_READ_CONSUME_CHECK_CONSUMER) timestamp=1301 ms, used_size=1769472 bytes (4.3%)
(RDMA_READ_CONSUME_CHECK_CONSUMER) timestamp=1301 ms, used_size=1767424 bytes (4.3%)
(RDMA_READ_CONSUME_CHECK_CONSUMER) timestamp=1301 ms, used_size=1765376 bytes (4.3%)
(RDMA_READ_CONSUME_CHECK_CONSUMER) timestamp=1301 ms, used_size=1763328 bytes (4.3%)
(RDMA_READ_CONSUME_CHECK_CONSUMER) timestamp=1301 ms, used_size=1761280 bytes (4.3%)
(RDMA_READ_CONSUME_CHECK_CONSUMER) timestamp=1301 ms, used_size=1759232 bytes (4.3%)
(RDMA_READ_CONSUME_CHECK_CONSUMER) timestamp=1301 ms, used_size=1757184 bytes (4.3%)
(RDMA_READ_CONSUME_CHECK_CONSUMER) timestamp=1301 ms, used_size=1755136 bytes (4.3%)
(RDMA_READ_CONSUME_CHECK_CONSUMER) timestamp=1301 ms, used_size=1753088 bytes (4.3%)
(RDMA_READ_CONSUME_CHECK_CONSUMER) timestamp=1301 ms, used_size=1751040 bytes (4.3%)
(RDMA_READ_CONSUME_CHECK_CONSUMER) timestamp=1301 ms, used_size=1748992 bytes (4.3%)
(RDMA_READ_CONSUME_CHECK_CONSUMER) timestamp=1301 ms, used_size=1746944 bytes (4.3%)
(RDMA_READ_CONSUME_CHECK_CONSUMER) timestamp=1301 ms, used_size=1744896 bytes (4.3%)
(RDMA_READ_CONSUME_CHECK_CONSUMER) timestamp=1301 ms, used_size=1742848 bytes (4.3%)
(RDMA_READ_CONSUME_CHECK_CONSUMER) timestamp=1301 ms, used_size=1740800 bytes (4.2%)
(RDMA_READ_CONSUME_CHECK_CONSUMER) timestamp=1301 ms, used_size=1738752 bytes (4.2%)
(RDMA_READ_CONSUME_CHECK_CONSUMER) timestamp=1301 ms, used_size=1736704 bytes (4.2%)
(RDMA_READ_CONSUME_CHECK_CONSUMER) timestamp=1301 ms, used_size=1734656 bytes (4.2%)
(RDMA_READ_CONSUME_CHECK_CONSUMER) timestamp=1301 ms, used_size=1732608 bytes (4.2%)
(RDMA_READ_CONSUME_CHECK_CONSUMER) timestamp=1301 ms, used_size=1730560 bytes (4.2%)
(RDMA_READ_CONSUME_CHECK_CONSUMER) timestamp=1301 ms, used_size=1728512 bytes (4.2%)
(RDMA_READ_CONSUME_CHECK_CONSUMER) timestamp=1301 ms, used_size=1726464 bytes (4.2%)
(RDMA_READ_CONSUME_CHECK_CONSUMER) timestamp=1301 ms, used_size=1724416 bytes (4.2%)
(RDMA_READ_CONSUME_CHECK_CONSUMER) timestamp=1301 ms, used_size=1722368 bytes (4.2%)
(RDMA_READ_CONSUME_CHECK_CONSUMER) timestamp=1301 ms, used_size=1720320 bytes (4.2%)
(RDMA_READ_CONSUME_CHECK_CONSUMER) timestamp=1301 ms, used_size=1718272 bytes (4.2%)
(RDMA_READ_CONSUME_CHECK_CONSUMER) timestamp=1301 ms, used_size=1716224 bytes (4.2%)
(RDMA_READ_CONSUME_CHECK_CONSUMER) timestamp=1301 ms, used_size=1714176 bytes (4.2%)
(RDMA_READ_CONSUME_CHECK_CONSUMER) timestamp=1301 ms, used_size=1712128 bytes (4.2%)
(RDMA_READ_CONSUME_CHECK_CONSUMER) timestamp=1301 ms, used_size=1710080 bytes (4.2%)
(RDMA_READ_CONSUME_CHECK_CONSUMER) timestamp=1301 ms, used_size=1708032 bytes (4.2%)
(RDMA_READ_CONSUME_CHECK_CONSUMER) timestamp=1301 ms, used_size=1705984 bytes (4.2%)
(RDMA_READ_CONSUME_CHECK_CONSUMER) timestamp=1301 ms, used_size=1703936 bytes (4.2%)
(RDMA_READ_CONSUME_CHECK_CONSUMER) timestamp=1301 ms, used_size=1701888 bytes (4.2%)
(RDMA_READ_CONSUME_CHECK_CONSUMER) timestamp=1301 ms, used_size=1699840 bytes (4.2%)
(RDMA_READ_CONSUME_CHECK_CONSUMER) timestamp=1301 ms, used_size=1697792 bytes (4.1%)
(RDMA_READ_CONSUME_CHECK_CONSUMER) timestamp=1301 ms, used_size=1695744 bytes (4.1%)
(RDMA_READ_CONSUME_CHECK_CONSUMER) timestamp=1301 ms, used_size=1693696 bytes (4.1%)
(RDMA_READ_CONSUME_CHECK_CONSUMER) timestamp=1301 ms, used_size=1691648 bytes (4.1%)
(RDMA_READ_CONSUME_CHECK_CONSUMER) timestamp=1301 ms, used_size=1689600 bytes (4.1%)
(RDMA_READ_CONSUME_CHECK_CONSUMER) timestamp=1301 ms, used_size=1687552 bytes (4.1%)
(RDMA_READ_CONSUME_CHECK_CONSUMER) timestamp=1301 ms, used_size=1685504 bytes (4.1%)
(RDMA_READ_CONSUME_CHECK_CONSUMER) timestamp=1301 ms, used_size=1683456 bytes (4.1%)
(RDMA_READ_CONSUME_CHECK_CONSUMER) timestamp=1301 ms, used_size=1681408 bytes (4.1%)
(RDMA_READ_CONSUME_CHECK_CONSUMER) timestamp=1301 ms, used_size=1679360 bytes (4.1%)
(RDMA_READ_CONSUME_CHECK_CONSUMER) timestamp=1301 ms, used_size=1677312 bytes (4.1%)
(RDMA_READ_CONSUME_CHECK_CONSUMER) timestamp=1301 ms, used_size=1675264 bytes (4.1%)
(RDMA_READ_CONSUME_CHECK_CONSUMER) timestamp=1301 ms, used_size=1673216 bytes (4.1%)
(RDMA_READ_CONSUME_CHECK_CONSUMER) timestamp=1301 ms, used_size=1671168 bytes (4.1%)
(RDMA_READ_CONSUME_CHECK_CONSUMER) timestamp=1301 ms, used_size=1669120 bytes (4.1%)
(RDMA_READ_CONSUME_CHECK_CONSUMER) timestamp=1301 ms, used_size=1667072 bytes (4.1%)
(RDMA_READ_CONSUME_CHECK_CONSUMER) timestamp=1301 ms, used_size=1665024 bytes (4.1%)
(RDMA_READ_CONSUME_CHECK_CONSUMER) timestamp=1301 ms, used_size=1662976 bytes (4.1%)
(RDMA_READ_CONSUME_CHECK_CONSUMER) timestamp=1301 ms, used_size=1660928 bytes (4.1%)
(RDMA_READ_CONSUME_CHECK_CONSUMER) timestamp=1301 ms, used_size=1658880 bytes (4.0%)
(RDMA_READ_CONSUME_CHECK_CONSUMER) timestamp=1301 ms, used_size=1656832 bytes (4.0%)
(RDMA_READ_CONSUME_CHECK_CONSUMER) timestamp=1301 ms, used_size=1654784 bytes (4.0%)
(RDMA_READ_CONSUME_CHECK_CONSUMER) timestamp=1301 ms, used_size=1652736 bytes (4.0%)
(RDMA_READ_CONSUME_CHECK_CONSUMER) timestamp=1301 ms, used_size=1650688 bytes (4.0%)
(RDMA_READ_CONSUME_CHECK_CONSUMER) timestamp=1301 ms, used_size=1648640 bytes (4.0%)
(RDMA_READ_CONSUME_CHECK_CONSUMER) timestamp=1301 ms, used_size=1646592 bytes (4.0%)
(RDMA_READ_CONSUME_CHECK_CONSUMER) timestamp=1301 ms, used_size=1644544 bytes (4.0%)
(RDMA_READ_CONSUME_CHECK_CONSUMER) timestamp=1301 ms, used_size=1642496 bytes (4.0%)
(RDMA_READ_CONSUME_CHECK_CONSUMER) timestamp=1301 ms, used_size=1640448 bytes (4.0%)
(RDMA_READ_CONSUME_CHECK_CONSUMER) timestamp=1301 ms, used_size=1638400 bytes (4.0%)
(RDMA_READ_CONSUME_CHECK_CONSUMER) timestamp=1301 ms, used_size=1636352 bytes (4.0%)
(RDMA_READ_CONSUME_CHECK_CONSUMER) timestamp=1301 ms, used_size=1634304 bytes (4.0%)
(RDMA_READ_CONSUME_CHECK_CONSUMER) timestamp=1301 ms, used_size=1632256 bytes (4.0%)
(RDMA_READ_CONSUME_CHECK_CONSUMER) timestamp=1301 ms, used_size=1630208 bytes (4.0%)
(RDMA_READ_CONSUME_CHECK_CONSUMER) timestamp=1301 ms, used_size=1628160 bytes (4.0%)
(RDMA_READ_CONSUME_CHECK_CONSUMER) timestamp=1301 ms, used_size=1626112 bytes (4.0%)
(RDMA_READ_CONSUME_CHECK_CONSUMER) timestamp=1301 ms, used_size=1624064 bytes (4.0%)
(RDMA_READ_CONSUME_CHECK_CONSUMER) timestamp=1301 ms, used_size=1622016 bytes (4.0%)
(RDMA_READ_CONSUME_CHECK_CONSUMER) timestamp=1301 ms, used_size=1619968 bytes (4.0%)
(RDMA_READ_CONSUME_CHECK_CONSUMER) timestamp=1301 ms, used_size=1617920 bytes (4.0%)
(RDMA_READ_CONSUME_CHECK_CONSUMER) timestamp=1301 ms, used_size=1615872 bytes (3.9%)
(RDMA_READ_CONSUME_CHECK_CONSUMER) timestamp=1301 ms, used_size=1613824 bytes (3.9%)
(RDMA_READ_CONSUME_CHECK_CONSUMER) timestamp=1301 ms, used_size=1611776 bytes (3.9%)
(RDMA_READ_CONSUME_CHECK_CONSUMER) timestamp=1301 ms, used_size=1609728 bytes (3.9%)
(RDMA_READ_CONSUME_CHECK_CONSUMER) timestamp=1301 ms, used_size=1607680 bytes (3.9%)
(RDMA_READ_CONSUME_CHECK_CONSUMER) timestamp=1301 ms, used_size=1605632 bytes (3.9%)
(RDMA_READ_CONSUME_CHECK_CONSUMER) timestamp=1301 ms, used_size=1603584 bytes (3.9%)
(RDMA_READ_CONSUME_CHECK_CONSUMER) timestamp=1301 ms, used_size=1601536 bytes (3.9%)
(RDMA_READ_CONSUME_CHECK_CONSUMER) timestamp=1301 ms, used_size=1599488 bytes (3.9%)
(RDMA_READ_CONSUME_CHECK_CONSUMER) timestamp=1301 ms, used_size=1597440 bytes (3.9%)
(RDMA_READ_CONSUME_CHECK_CONSUMER) timestamp=1301 ms, used_size=1595392 bytes (3.9%)
(RDMA_READ_CONSUME_CHECK_CONSUMER) timestamp=1301 ms, used_size=1593344 bytes (3.9%)
(RDMA_READ_CONSUME_CHECK_CONSUMER) timestamp=1301 ms, used_size=1591296 bytes (3.9%)
(RDMA_READ_CONSUME_CHECK_CONSUMER) timestamp=1301 ms, used_size=1589248 bytes (3.9%)
(RDMA_READ_CONSUME_CHECK_CONSUMER) timestamp=1301 ms, used_size=1587200 bytes (3.9%)
(RDMA_READ_CONSUME_CHECK_CONSUMER) timestamp=1301 ms, used_size=1585152 bytes (3.9%)
(RDMA_READ_CONSUME_CHECK_CONSUMER) timestamp=1301 ms, used_size=1583104 bytes (3.9%)
(RDMA_READ_CONSUME_CHECK_CONSUMER) timestamp=1301 ms, used_size=1581056 bytes (3.9%)
(RDMA_READ_CONSUME_CHECK_CONSUMER) timestamp=1301 ms, used_size=1579008 bytes (3.9%)
(RDMA_READ_CONSUME_CHECK_CONSUMER) timestamp=1301 ms, used_size=1576960 bytes (3.9%)
(RDMA_READ_CONSUME_CHECK_CONSUMER) timestamp=1301 ms, used_size=1574912 bytes (3.8%)
(RDMA_READ_CONSUME_CHECK_CONSUMER) timestamp=1301 ms, used_size=1572864 bytes (3.8%)
(RDMA_READ_CONSUME_CHECK_CONSUMER) timestamp=1301 ms, used_size=1570816 bytes (3.8%)
(RDMA_READ_CONSUME_CHECK_CONSUMER) timestamp=1301 ms, used_size=1568768 bytes (3.8%)
(RDMA_READ_CONSUME_CHECK_CONSUMER) timestamp=1301 ms, used_size=1566720 bytes (3.8%)
(RDMA_READ_CONSUME_CHECK_CONSUMER) timestamp=1301 ms, used_size=1564672 bytes (3.8%)
(RDMA_READ_CONSUME_CHECK_CONSUMER) timestamp=1301 ms, used_size=1562624 bytes (3.8%)
(RDMA_READ_CONSUME_CHECK_CONSUMER) timestamp=1301 ms, used_size=1560576 bytes (3.8%)
(RDMA_READ_CONSUME_CHECK_CONSUMER) timestamp=1301 ms, used_size=1558528 bytes (3.8%)
(RDMA_READ_CONSUME_CHECK_CONSUMER) timestamp=1301 ms, used_size=1556480 bytes (3.8%)
(RDMA_READ_CONSUME_CHECK_CONSUMER) timestamp=1301 ms, used_size=1554432 bytes (3.8%)
(RDMA_READ_CONSUME_CHECK_CONSUMER) timestamp=1301 ms, used_size=1552384 bytes (3.8%)
(RDMA_READ_CONSUME_CHECK_CONSUMER) timestamp=1301 ms, used_size=1550336 bytes (3.8%)
(RDMA_READ_CONSUME_CHECK_CONSUMER) timestamp=1301 ms, used_size=1548288 bytes (3.8%)
(RDMA_READ_CONSUME_CHECK_CONSUMER) timestamp=1301 ms, used_size=1546240 bytes (3.8%)
(RDMA_READ_CONSUME_CHECK_CONSUMER) timestamp=1301 ms, used_size=1544192 bytes (3.8%)
(RDMA_READ_CONSUME_CHECK_CONSUMER) timestamp=1301 ms, used_size=1542144 bytes (3.8%)
(RDMA_READ_CONSUME_CHECK_CONSUMER) timestamp=1301 ms, used_size=1540096 bytes (3.8%)
(RDMA_READ_CONSUME_CHECK_CONSUMER) timestamp=1301 ms, used_size=1538048 bytes (3.8%)
(RDMA_READ_CONSUME_CHECK_CONSUMER) timestamp=1301 ms, used_size=1536000 bytes (3.8%)
(RDMA_READ_CONSUME_CHECK_CONSUMER) timestamp=1301 ms, used_size=1533952 bytes (3.7%)
(RDMA_READ_CONSUME_CHECK_CONSUMER) timestamp=1301 ms, used_size=1531904 bytes (3.7%)
(RDMA_READ_CONSUME_CHECK_CONSUMER) timestamp=1301 ms, used_size=1529856 bytes (3.7%)
(RDMA_READ_CONSUME_CHECK_CONSUMER) timestamp=1301 ms, used_size=1527808 bytes (3.7%)
(RDMA_READ_CONSUME_CHECK_CONSUMER) timestamp=1301 ms, used_size=1525760 bytes (3.7%)
(RDMA_READ_CONSUME_CHECK_CONSUMER) timestamp=1301 ms, used_size=1523712 bytes (3.7%)
(RDMA_READ_CONSUME_CHECK_CONSUMER) timestamp=1301 ms, used_size=1521664 bytes (3.7%)
(RDMA_READ_CONSUME_CHECK_CONSUMER) timestamp=1301 ms, used_size=1519616 bytes (3.7%)
(RDMA_READ_CONSUME_CHECK_CONSUMER) timestamp=1301 ms, used_size=1517568 bytes (3.7%)
(RDMA_READ_CONSUME_CHECK_CONSUMER) timestamp=1301 ms, used_size=1515520 bytes (3.7%)
(RDMA_READ_CONSUME_CHECK_CONSUMER) timestamp=1301 ms, used_size=1513472 bytes (3.7%)
(RDMA_READ_CONSUME_CHECK_CONSUMER) timestamp=1301 ms, used_size=1511424 bytes (3.7%)
(RDMA_READ_CONSUME_CHECK_CONSUMER) timestamp=1301 ms, used_size=1509376 bytes (3.7%)
(RDMA_READ_CONSUME_CHECK_CONSUMER) timestamp=1301 ms, used_size=1507328 bytes (3.7%)
(RDMA_READ_CONSUME_CHECK_CONSUMER) timestamp=1301 ms, used_size=1505280 bytes (3.7%)
(RDMA_READ_CONSUME_CHECK_CONSUMER) timestamp=1301 ms, used_size=1503232 bytes (3.7%)
(RDMA_READ_CONSUME_CHECK_CONSUMER) timestamp=1301 ms, used_size=1501184 bytes (3.7%)
(RDMA_READ_CONSUME_CHECK_CONSUMER) timestamp=1301 ms, used_size=1499136 bytes (3.7%)
(RDMA_READ_CONSUME_CHECK_CONSUMER) timestamp=1301 ms, used_size=1497088 bytes (3.7%)
(RDMA_READ_CONSUME_CHECK_CONSUMER) timestamp=1301 ms, used_size=1495040 bytes (3.6%)
(RDMA_READ_CONSUME_CHECK_CONSUMER) timestamp=1301 ms, used_size=1492992 bytes (3.6%)
(RDMA_READ_CONSUME_CHECK_CONSUMER) timestamp=1301 ms, used_size=1490944 bytes (3.6%)
(RDMA_READ_CONSUME_CHECK_CONSUMER) timestamp=1301 ms, used_size=1488896 bytes (3.6%)
(RDMA_READ_CONSUME_CHECK_CONSUMER) timestamp=1301 ms, used_size=1486848 bytes (3.6%)
(RDMA_READ_CONSUME_CHECK_CONSUMER) timestamp=1301 ms, used_size=1484800 bytes (3.6%)
(RDMA_READ_CONSUME_CHECK_CONSUMER) timestamp=1301 ms, used_size=1482752 bytes (3.6%)
(RDMA_READ_CONSUME_CHECK_CONSUMER) timestamp=1301 ms, used_size=1480704 bytes (3.6%)
(RDMA_READ_CONSUME_CHECK_CONSUMER) timestamp=1301 ms, used_size=1478656 bytes (3.6%)
(RDMA_READ_CONSUME_CHECK_CONSUMER) timestamp=1301 ms, used_size=1476608 bytes (3.6%)
(RDMA_READ_CONSUME_CHECK_CONSUMER) timestamp=1301 ms, used_size=1474560 bytes (3.6%)
(RDMA_READ_CONSUME_CHECK_CONSUMER) timestamp=1301 ms, used_size=1472512 bytes (3.6%)
(RDMA_READ_CONSUME_CHECK_CONSUMER) timestamp=1301 ms, used_size=1470464 bytes (3.6%)
(RDMA_READ_CONSUME_CHECK_CONSUMER) timestamp=1301 ms, used_size=1468416 bytes (3.6%)
(RDMA_READ_CONSUME_CHECK_CONSUMER) timestamp=1301 ms, used_size=1466368 bytes (3.6%)
(RDMA_READ_CONSUME_CHECK_CONSUMER) timestamp=1301 ms, used_size=1464320 bytes (3.6%)
(RDMA_READ_CONSUME_CHECK_CONSUMER) timestamp=1301 ms, used_size=1462272 bytes (3.6%)
(RDMA_READ_CONSUME_CHECK_CONSUMER) timestamp=1301 ms, used_size=1460224 bytes (3.6%)
(RDMA_READ_CONSUME_CHECK_CONSUMER) timestamp=1301 ms, used_size=1458176 bytes (3.6%)
(RDMA_READ_CONSUME_CHECK_CONSUMER) timestamp=1301 ms, used_size=1456128 bytes (3.6%)
(RDMA_READ_CONSUME_CHECK_CONSUMER) timestamp=1301 ms, used_size=1454080 bytes (3.5%)
(RDMA_READ_CONSUME_CHECK_CONSUMER) timestamp=1301 ms, used_size=1452032 bytes (3.5%)
(RDMA_READ_CONSUME_CHECK_CONSUMER) timestamp=1301 ms, used_size=1449984 bytes (3.5%)
(RDMA_READ_CONSUME_CHECK_CONSUMER) timestamp=1301 ms, used_size=1447936 bytes (3.5%)
(RDMA_READ_CONSUME_CHECK_CONSUMER) timestamp=1301 ms, used_size=1445888 bytes (3.5%)
(RDMA_READ_CONSUME_CHECK_CONSUMER) timestamp=1302 ms, used_size=1443840 bytes (3.5%)
(RDMA_READ_CONSUME_CHECK_CONSUMER) timestamp=1302 ms, used_size=1441792 bytes (3.5%)
(RDMA_READ_CONSUME_CHECK_CONSUMER) timestamp=1302 ms, used_size=1439744 bytes (3.5%)
(RDMA_READ_CONSUME_CHECK_CONSUMER) timestamp=1302 ms, used_size=1437696 bytes (3.5%)
(RDMA_READ_CONSUME_CHECK_CONSUMER) timestamp=1302 ms, used_size=1435648 bytes (3.5%)
(RDMA_READ_CONSUME_CHECK_CONSUMER) timestamp=1302 ms, used_size=1433600 bytes (3.5%)
(RDMA_READ_CONSUME_CHECK_CONSUMER) timestamp=1302 ms, used_size=1431552 bytes (3.5%)
(RDMA_READ_CONSUME_CHECK_CONSUMER) timestamp=1302 ms, used_size=1429504 bytes (3.5%)
(RDMA_READ_CONSUME_CHECK_CONSUMER) timestamp=1302 ms, used_size=1427456 bytes (3.5%)
(RDMA_READ_CONSUME_CHECK_CONSUMER) timestamp=1302 ms, used_size=1425408 bytes (3.5%)
(RDMA_READ_CONSUME_CHECK_CONSUMER) timestamp=1302 ms, used_size=1423360 bytes (3.5%)
(RDMA_READ_CONSUME_CHECK_CONSUMER) timestamp=1302 ms, used_size=1421312 bytes (3.5%)
(RDMA_READ_CONSUME_CHECK_CONSUMER) timestamp=1302 ms, used_size=1419264 bytes (3.5%)
(RDMA_READ_CONSUME_CHECK_CONSUMER) timestamp=1302 ms, used_size=1417216 bytes (3.5%)
(RDMA_READ_CONSUME_CHECK_CONSUMER) timestamp=1302 ms, used_size=1415168 bytes (3.5%)
(RDMA_READ_CONSUME_CHECK_CONSUMER) timestamp=1302 ms, used_size=1413120 bytes (3.5%)
(RDMA_READ_CONSUME_CHECK_CONSUMER) timestamp=1302 ms, used_size=1411072 bytes (3.4%)
(RDMA_READ_CONSUME_CHECK_CONSUMER) timestamp=1302 ms, used_size=1409024 bytes (3.4%)
(RDMA_READ_CONSUME_CHECK_CONSUMER) timestamp=1302 ms, used_size=1406976 bytes (3.4%)
(RDMA_READ_CONSUME_CHECK_CONSUMER) timestamp=1302 ms, used_size=1404928 bytes (3.4%)
(RDMA_READ_CONSUME_CHECK_CONSUMER) timestamp=1302 ms, used_size=1402880 bytes (3.4%)
(RDMA_READ_CONSUME_CHECK_CONSUMER) timestamp=1302 ms, used_size=1400832 bytes (3.4%)
(RDMA_READ_CONSUME_CHECK_CONSUMER) timestamp=1302 ms, used_size=1398784 bytes (3.4%)
(RDMA_READ_CONSUME_CHECK_CONSUMER) timestamp=1302 ms, used_size=1396736 bytes (3.4%)
(RDMA_READ_CONSUME_CHECK_CONSUMER) timestamp=1302 ms, used_size=1394688 bytes (3.4%)
(RDMA_READ_CONSUME_CHECK_CONSUMER) timestamp=1302 ms, used_size=1392640 bytes (3.4%)
(RDMA_READ_CONSUME_CHECK_CONSUMER) timestamp=1302 ms, used_size=1390592 bytes (3.4%)
(RDMA_READ_CONSUME_CHECK_CONSUMER) timestamp=1302 ms, used_size=1388544 bytes (3.4%)
(RDMA_READ_CONSUME_CHECK_CONSUMER) timestamp=1302 ms, used_size=1386496 bytes (3.4%)
(RDMA_READ_CONSUME_CHECK_CONSUMER) timestamp=1302 ms, used_size=1384448 bytes (3.4%)
(RDMA_READ_CONSUME_CHECK_CONSUMER) timestamp=1302 ms, used_size=1382400 bytes (3.4%)
(RDMA_READ_CONSUME_CHECK_CONSUMER) timestamp=1302 ms, used_size=1380352 bytes (3.4%)
(RDMA_READ_CONSUME_CHECK_CONSUMER) timestamp=1302 ms, used_size=1378304 bytes (3.4%)
(RDMA_READ_CONSUME_CHECK_CONSUMER) timestamp=1302 ms, used_size=1376256 bytes (3.4%)
(RDMA_READ_CONSUME_CHECK_CONSUMER) timestamp=1302 ms, used_size=1374208 bytes (3.4%)
(RDMA_READ_CONSUME_CHECK_CONSUMER) timestamp=1302 ms, used_size=1372160 bytes (3.4%)
(RDMA_READ_CONSUME_CHECK_CONSUMER) timestamp=1302 ms, used_size=1370112 bytes (3.3%)
(RDMA_READ_CONSUME_CHECK_CONSUMER) timestamp=1302 ms, used_size=1368064 bytes (3.3%)
(RDMA_READ_CONSUME_CHECK_CONSUMER) timestamp=1302 ms, used_size=1366016 bytes (3.3%)
(RDMA_READ_CONSUME_CHECK_CONSUMER) timestamp=1302 ms, used_size=1363968 bytes (3.3%)
(RDMA_READ_CONSUME_CHECK_CONSUMER) timestamp=1302 ms, used_size=1361920 bytes (3.3%)
(RDMA_READ_CONSUME_CHECK_CONSUMER) timestamp=1302 ms, used_size=1359872 bytes (3.3%)
(RDMA_READ_CONSUME_CHECK_CONSUMER) timestamp=1302 ms, used_size=1357824 bytes (3.3%)
(RDMA_READ_CONSUME_CHECK_CONSUMER) timestamp=1302 ms, used_size=1355776 bytes (3.3%)
(RDMA_READ_CONSUME_CHECK_CONSUMER) timestamp=1302 ms, used_size=1353728 bytes (3.3%)
(RDMA_READ_CONSUME_CHECK_CONSUMER) timestamp=1302 ms, used_size=1351680 bytes (3.3%)
(RDMA_READ_CONSUME_CHECK_CONSUMER) timestamp=1302 ms, used_size=1349632 bytes (3.3%)
(RDMA_READ_CONSUME_CHECK_CONSUMER) timestamp=1302 ms, used_size=1347584 bytes (3.3%)
(RDMA_READ_CONSUME_CHECK_CONSUMER) timestamp=1302 ms, used_size=1345536 bytes (3.3%)
(RDMA_READ_CONSUME_CHECK_CONSUMER) timestamp=1302 ms, used_size=1343488 bytes (3.3%)
(RDMA_READ_CONSUME_CHECK_CONSUMER) timestamp=1302 ms, used_size=1341440 bytes (3.3%)
(RDMA_READ_CONSUME_CHECK_CONSUMER) timestamp=1302 ms, used_size=1339392 bytes (3.3%)
(RDMA_READ_CONSUME_CHECK_CONSUMER) timestamp=1302 ms, used_size=1337344 bytes (3.3%)
(RDMA_READ_CONSUME_CHECK_CONSUMER) timestamp=1302 ms, used_size=1335296 bytes (3.3%)
(RDMA_READ_CONSUME_CHECK_CONSUMER) timestamp=1302 ms, used_size=1333248 bytes (3.3%)
(RDMA_READ_CONSUME_CHECK_CONSUMER) timestamp=1302 ms, used_size=1331200 bytes (3.2%)
(RDMA_READ_CONSUME_CHECK_CONSUMER) timestamp=1302 ms, used_size=1329152 bytes (3.2%)
(RDMA_READ_CONSUME_CHECK_CONSUMER) timestamp=1302 ms, used_size=1327104 bytes (3.2%)
(RDMA_READ_CONSUME_CHECK_CONSUMER) timestamp=1302 ms, used_size=1325056 bytes (3.2%)
(RDMA_READ_CONSUME_CHECK_CONSUMER) timestamp=1302 ms, used_size=1323008 bytes (3.2%)
(RDMA_READ_CONSUME_CHECK_CONSUMER) timestamp=1302 ms, used_size=1320960 bytes (3.2%)
(RDMA_READ_CONSUME_CHECK_CONSUMER) timestamp=1302 ms, used_size=1318912 bytes (3.2%)
(RDMA_READ_CONSUME_CHECK_CONSUMER) timestamp=1302 ms, used_size=1316864 bytes (3.2%)
(RDMA_READ_CONSUME_CHECK_CONSUMER) timestamp=1302 ms, used_size=1314816 bytes (3.2%)
(RDMA_READ_CONSUME_CHECK_CONSUMER) timestamp=1302 ms, used_size=1312768 bytes (3.2%)
(RDMA_READ_CONSUME_CHECK_CONSUMER) timestamp=1302 ms, used_size=1310720 bytes (3.2%)
(RDMA_READ_CONSUME_CHECK_CONSUMER) timestamp=1302 ms, used_size=1308672 bytes (3.2%)
(RDMA_READ_CONSUME_CHECK_CONSUMER) timestamp=1302 ms, used_size=1306624 bytes (3.2%)
(RDMA_READ_CONSUME_CHECK_CONSUMER) timestamp=1302 ms, used_size=1304576 bytes (3.2%)
(RDMA_READ_CONSUME_CHECK_CONSUMER) timestamp=1302 ms, used_size=1302528 bytes (3.2%)
(RDMA_READ_CONSUME_CHECK_CONSUMER) timestamp=1302 ms, used_size=1300480 bytes (3.2%)
(RDMA_READ_CONSUME_CHECK_CONSUMER) timestamp=1302 ms, used_size=1298432 bytes (3.2%)
(RDMA_READ_CONSUME_CHECK_CONSUMER) timestamp=1302 ms, used_size=1296384 bytes (3.2%)
(RDMA_READ_CONSUME_CHECK_CONSUMER) timestamp=1302 ms, used_size=1294336 bytes (3.2%)
(RDMA_READ_CONSUME_CHECK_CONSUMER) timestamp=1302 ms, used_size=1292288 bytes (3.2%)
(RDMA_READ_CONSUME_CHECK_CONSUMER) timestamp=1302 ms, used_size=1290240 bytes (3.1%)
(RDMA_READ_CONSUME_CHECK_CONSUMER) timestamp=1302 ms, used_size=1288192 bytes (3.1%)
(RDMA_READ_CONSUME_CHECK_CONSUMER) timestamp=1302 ms, used_size=1286144 bytes (3.1%)
(RDMA_READ_CONSUME_CHECK_CONSUMER) timestamp=1302 ms, used_size=1284096 bytes (3.1%)
(RDMA_READ_CONSUME_CHECK_CONSUMER) timestamp=1302 ms, used_size=1282048 bytes (3.1%)
(RDMA_READ_CONSUME_CHECK_CONSUMER) timestamp=1302 ms, used_size=1280000 bytes (3.1%)
(RDMA_READ_CONSUME_CHECK_CONSUMER) timestamp=1302 ms, used_size=1277952 bytes (3.1%)
(RDMA_READ_CONSUME_CHECK_CONSUMER) timestamp=1302 ms, used_size=1275904 bytes (3.1%)
(RDMA_READ_CONSUME_CHECK_CONSUMER) timestamp=1302 ms, used_size=1273856 bytes (3.1%)
(RDMA_READ_CONSUME_CHECK_CONSUMER) timestamp=1302 ms, used_size=1271808 bytes (3.1%)
(RDMA_READ_CONSUME_CHECK_CONSUMER) timestamp=1302 ms, used_size=1269760 bytes (3.1%)
(RDMA_READ_CONSUME_CHECK_CONSUMER) timestamp=1302 ms, used_size=1267712 bytes (3.1%)
(RDMA_READ_CONSUME_CHECK_CONSUMER) timestamp=1302 ms, used_size=1265664 bytes (3.1%)
(RDMA_READ_CONSUME_CHECK_CONSUMER) timestamp=1302 ms, used_size=1263616 bytes (3.1%)
(RDMA_READ_CONSUME_CHECK_CONSUMER) timestamp=1302 ms, used_size=1261568 bytes (3.1%)
(RDMA_READ_CONSUME_CHECK_CONSUMER) timestamp=1302 ms, used_size=1259520 bytes (3.1%)
(RDMA_READ_CONSUME_CHECK_CONSUMER) timestamp=1302 ms, used_size=1257472 bytes (3.1%)
(RDMA_READ_CONSUME_CHECK_CONSUMER) timestamp=1302 ms, used_size=1255424 bytes (3.1%)
(RDMA_READ_CONSUME_CHECK_CONSUMER) timestamp=1302 ms, used_size=1253376 bytes (3.1%)
(RDMA_READ_CONSUME_CHECK_CONSUMER) timestamp=1302 ms, used_size=1251328 bytes (3.1%)
(RDMA_READ_CONSUME_CHECK_CONSUMER) timestamp=1302 ms, used_size=1249280 bytes (3.0%)
(RDMA_READ_CONSUME_CHECK_CONSUMER) timestamp=1302 ms, used_size=1247232 bytes (3.0%)
(RDMA_READ_CONSUME_CHECK_CONSUMER) timestamp=1302 ms, used_size=1245184 bytes (3.0%)
(RDMA_READ_CONSUME_CHECK_CONSUMER) timestamp=1302 ms, used_size=1243136 bytes (3.0%)
(RDMA_READ_CONSUME_CHECK_CONSUMER) timestamp=1302 ms, used_size=1241088 bytes (3.0%)
(RDMA_READ_CONSUME_CHECK_CONSUMER) timestamp=1302 ms, used_size=1239040 bytes (3.0%)
(RDMA_READ_CONSUME_CHECK_CONSUMER) timestamp=1302 ms, used_size=1236992 bytes (3.0%)
(RDMA_READ_CONSUME_CHECK_CONSUMER) timestamp=1302 ms, used_size=1234944 bytes (3.0%)
(RDMA_READ_CONSUME_CHECK_CONSUMER) timestamp=1302 ms, used_size=1232896 bytes (3.0%)
(RDMA_READ_CONSUME_CHECK_CONSUMER) timestamp=1302 ms, used_size=1230848 bytes (3.0%)
(RDMA_READ_CONSUME_CHECK_CONSUMER) timestamp=1302 ms, used_size=1228800 bytes (3.0%)
(RDMA_READ_CONSUME_CHECK_CONSUMER) timestamp=1302 ms, used_size=1226752 bytes (3.0%)
(RDMA_READ_CONSUME_CHECK_CONSUMER) timestamp=1302 ms, used_size=1224704 bytes (3.0%)
(RDMA_READ_CONSUME_CHECK_CONSUMER) timestamp=1302 ms, used_size=1222656 bytes (3.0%)
(RDMA_READ_CONSUME_CHECK_CONSUMER) timestamp=1302 ms, used_size=1220608 bytes (3.0%)
(RDMA_READ_CONSUME_CHECK_CONSUMER) timestamp=1302 ms, used_size=1218560 bytes (3.0%)
(RDMA_READ_CONSUME_CHECK_CONSUMER) timestamp=1302 ms, used_size=1216512 bytes (3.0%)
(RDMA_READ_CONSUME_CHECK_CONSUMER) timestamp=1302 ms, used_size=1214464 bytes (3.0%)
(RDMA_READ_CONSUME_CHECK_CONSUMER) timestamp=1302 ms, used_size=1212416 bytes (3.0%)
(RDMA_READ_CONSUME_CHECK_CONSUMER) timestamp=1302 ms, used_size=1210368 bytes (3.0%)
(RDMA_READ_CONSUME_CHECK_CONSUMER) timestamp=1302 ms, used_size=1208320 bytes (3.0%)
(RDMA_READ_CONSUME_CHECK_CONSUMER) timestamp=1302 ms, used_size=1206272 bytes (2.9%)
(RDMA_READ_CONSUME_CHECK_CONSUMER) timestamp=1302 ms, used_size=1204224 bytes (2.9%)
(RDMA_READ_CONSUME_CHECK_CONSUMER) timestamp=1302 ms, used_size=1202176 bytes (2.9%)
(RDMA_READ_CONSUME_CHECK_CONSUMER) timestamp=1302 ms, used_size=1200128 bytes (2.9%)
(RDMA_READ_CONSUME_CHECK_CONSUMER) timestamp=1302 ms, used_size=1198080 bytes (2.9%)
(RDMA_READ_CONSUME_CHECK_CONSUMER) timestamp=1302 ms, used_size=1196032 bytes (2.9%)
(RDMA_READ_CONSUME_CHECK_CONSUMER) timestamp=1302 ms, used_size=1193984 bytes (2.9%)
(RDMA_READ_CONSUME_CHECK_CONSUMER) timestamp=1302 ms, used_size=1191936 bytes (2.9%)
(RDMA_READ_CONSUME_CHECK_CONSUMER) timestamp=1302 ms, used_size=1189888 bytes (2.9%)
(RDMA_READ_CONSUME_CHECK_CONSUMER) timestamp=1302 ms, used_size=1187840 bytes (2.9%)
(RDMA_READ_CONSUME_CHECK_CONSUMER) timestamp=1302 ms, used_size=1185792 bytes (2.9%)
(RDMA_READ_CONSUME_CHECK_CONSUMER) timestamp=1302 ms, used_size=1183744 bytes (2.9%)
(RDMA_READ_CONSUME_CHECK_CONSUMER) timestamp=1302 ms, used_size=1181696 bytes (2.9%)
(RDMA_READ_CONSUME_CHECK_CONSUMER) timestamp=1302 ms, used_size=1179648 bytes (2.9%)
(RDMA_READ_CONSUME_CHECK_CONSUMER) timestamp=1302 ms, used_size=1177600 bytes (2.9%)
(RDMA_READ_CONSUME_CHECK_CONSUMER) timestamp=1302 ms, used_size=1175552 bytes (2.9%)
(RDMA_READ_CONSUME_CHECK_CONSUMER) timestamp=1302 ms, used_size=1173504 bytes (2.9%)
(RDMA_READ_CONSUME_CHECK_CONSUMER) timestamp=1302 ms, used_size=1171456 bytes (2.9%)
(RDMA_READ_CONSUME_CHECK_CONSUMER) timestamp=1302 ms, used_size=1169408 bytes (2.9%)
(RDMA_READ_CONSUME_CHECK_CONSUMER) timestamp=1302 ms, used_size=1167360 bytes (2.9%)
(RDMA_READ_CONSUME_CHECK_CONSUMER) timestamp=1302 ms, used_size=1165312 bytes (2.8%)
(RDMA_READ_CONSUME_CHECK_CONSUMER) timestamp=1302 ms, used_size=1163264 bytes (2.8%)
(RDMA_READ_CONSUME_CHECK_CONSUMER) timestamp=1302 ms, used_size=1161216 bytes (2.8%)
(RDMA_READ_CONSUME_CHECK_CONSUMER) timestamp=1302 ms, used_size=1159168 bytes (2.8%)
(RDMA_READ_CONSUME_CHECK_CONSUMER) timestamp=1302 ms, used_size=1157120 bytes (2.8%)
(RDMA_READ_CONSUME_CHECK_CONSUMER) timestamp=1302 ms, used_size=1155072 bytes (2.8%)
(RDMA_READ_CONSUME_CHECK_CONSUMER) timestamp=1302 ms, used_size=1153024 bytes (2.8%)
(RDMA_READ_CONSUME_CHECK_CONSUMER) timestamp=1302 ms, used_size=1150976 bytes (2.8%)
(RDMA_READ_CONSUME_CHECK_CONSUMER) timestamp=1302 ms, used_size=1148928 bytes (2.8%)
(RDMA_READ_CONSUME_CHECK_CONSUMER) timestamp=1302 ms, used_size=1146880 bytes (2.8%)
(RDMA_READ_CONSUME_CHECK_CONSUMER) timestamp=1302 ms, used_size=1144832 bytes (2.8%)
(RDMA_READ_CONSUME_CHECK_CONSUMER) timestamp=1302 ms, used_size=1142784 bytes (2.8%)
(RDMA_READ_CONSUME_CHECK_CONSUMER) timestamp=1302 ms, used_size=1140736 bytes (2.8%)
(RDMA_READ_CONSUME_CHECK_CONSUMER) timestamp=1302 ms, used_size=1138688 bytes (2.8%)
(RDMA_READ_CONSUME_CHECK_CONSUMER) timestamp=1302 ms, used_size=1136640 bytes (2.8%)
(RDMA_READ_CONSUME_CHECK_CONSUMER) timestamp=1302 ms, used_size=1134592 bytes (2.8%)
(RDMA_READ_CONSUME_CHECK_CONSUMER) timestamp=1302 ms, used_size=1132544 bytes (2.8%)
(RDMA_READ_CONSUME_CHECK_CONSUMER) timestamp=1302 ms, used_size=1130496 bytes (2.8%)
(RDMA_READ_CONSUME_CHECK_CONSUMER) timestamp=1302 ms, used_size=1128448 bytes (2.8%)
(RDMA_READ_CONSUME_CHECK_CONSUMER) timestamp=1302 ms, used_size=1126400 bytes (2.8%)
(RDMA_READ_CONSUME_CHECK_CONSUMER) timestamp=1302 ms, used_size=1124352 bytes (2.7%)
(RDMA_READ_CONSUME_CHECK_CONSUMER) timestamp=1302 ms, used_size=1122304 bytes (2.7%)
(RDMA_READ_CONSUME_CHECK_CONSUMER) timestamp=1302 ms, used_size=1120256 bytes (2.7%)
(RDMA_READ_CONSUME_CHECK_CONSUMER) timestamp=1302 ms, used_size=1118208 bytes (2.7%)
(RDMA_READ_CONSUME_CHECK_CONSUMER) timestamp=1302 ms, used_size=1116160 bytes (2.7%)
(RDMA_READ_CONSUME_CHECK_CONSUMER) timestamp=1302 ms, used_size=1114112 bytes (2.7%)
(RDMA_READ_CONSUME_CHECK_CONSUMER) timestamp=1302 ms, used_size=1112064 bytes (2.7%)
(RDMA_READ_CONSUME_CHECK_CONSUMER) timestamp=1302 ms, used_size=1110016 bytes (2.7%)
(RDMA_READ_CONSUME_CHECK_CONSUMER) timestamp=1302 ms, used_size=1107968 bytes (2.7%)
(RDMA_READ_CONSUME_CHECK_CONSUMER) timestamp=1302 ms, used_size=1105920 bytes (2.7%)
(RDMA_READ_CONSUME_CHECK_CONSUMER) timestamp=1302 ms, used_size=1103872 bytes (2.7%)
(RDMA_READ_CONSUME_CHECK_CONSUMER) timestamp=1302 ms, used_size=1101824 bytes (2.7%)
(RDMA_READ_CONSUME_CHECK_CONSUMER) timestamp=1302 ms, used_size=1099776 bytes (2.7%)
(RDMA_READ_CONSUME_CHECK_CONSUMER) timestamp=1302 ms, used_size=1097728 bytes (2.7%)
(RDMA_READ_CONSUME_CHECK_CONSUMER) timestamp=1302 ms, used_size=1095680 bytes (2.7%)
(RDMA_READ_CONSUME_CHECK_CONSUMER) timestamp=1302 ms, used_size=1093632 bytes (2.7%)
(RDMA_READ_CONSUME_CHECK_CONSUMER) timestamp=1302 ms, used_size=1091584 bytes (2.7%)
(RDMA_READ_CONSUME_CHECK_CONSUMER) timestamp=1302 ms, used_size=1089536 bytes (2.7%)
(RDMA_READ_CONSUME_CHECK_CONSUMER) timestamp=1302 ms, used_size=1087488 bytes (2.7%)
(RDMA_READ_CONSUME_CHECK_CONSUMER) timestamp=1302 ms, used_size=1085440 bytes (2.6%)
(RDMA_READ_CONSUME_CHECK_CONSUMER) timestamp=1302 ms, used_size=1083392 bytes (2.6%)
(RDMA_READ_CONSUME_CHECK_CONSUMER) timestamp=1302 ms, used_size=1081344 bytes (2.6%)
(RDMA_READ_CONSUME_CHECK_CONSUMER) timestamp=1302 ms, used_size=1079296 bytes (2.6%)
(RDMA_READ_CONSUME_CHECK_CONSUMER) timestamp=1302 ms, used_size=1077248 bytes (2.6%)
(RDMA_READ_CONSUME_CHECK_CONSUMER) timestamp=1302 ms, used_size=1075200 bytes (2.6%)
(RDMA_READ_CONSUME_CHECK_CONSUMER) timestamp=1302 ms, used_size=1073152 bytes (2.6%)
(RDMA_READ_CONSUME_CHECK_CONSUMER) timestamp=1302 ms, used_size=1071104 bytes (2.6%)
(RDMA_READ_CONSUME_CHECK_CONSUMER) timestamp=1302 ms, used_size=1069056 bytes (2.6%)
(RDMA_READ_CONSUME_CHECK_CONSUMER) timestamp=1302 ms, used_size=1067008 bytes (2.6%)
(RDMA_READ_CONSUME_CHECK_CONSUMER) timestamp=1302 ms, used_size=1064960 bytes (2.6%)
(RDMA_READ_CONSUME_CHECK_CONSUMER) timestamp=1302 ms, used_size=1062912 bytes (2.6%)
(RDMA_READ_CONSUME_CHECK_CONSUMER) timestamp=1303 ms, used_size=1060864 bytes (2.6%)
(RDMA_READ_CONSUME_CHECK_CONSUMER) timestamp=1303 ms, used_size=1058816 bytes (2.6%)
(RDMA_READ_CONSUME_CHECK_CONSUMER) timestamp=1303 ms, used_size=1056768 bytes (2.6%)
(RDMA_READ_CONSUME_CHECK_CONSUMER) timestamp=1303 ms, used_size=1054720 bytes (2.6%)
(RDMA_READ_CONSUME_CHECK_CONSUMER) timestamp=1303 ms, used_size=1052672 bytes (2.6%)
(RDMA_READ_CONSUME_CHECK_CONSUMER) timestamp=1303 ms, used_size=1050624 bytes (2.6%)
(RDMA_READ_CONSUME_CHECK_CONSUMER) timestamp=1303 ms, used_size=1048576 bytes (2.6%)
(RDMA_READ_CONSUME_CHECK_CONSUMER) timestamp=1303 ms, used_size=1046528 bytes (2.6%)
(RDMA_READ_CONSUME_CHECK_CONSUMER) timestamp=1303 ms, used_size=1044480 bytes (2.5%)
(RDMA_READ_CONSUME_CHECK_CONSUMER) timestamp=1303 ms, used_size=1042432 bytes (2.5%)
(RDMA_READ_CONSUME_CHECK_CONSUMER) timestamp=1303 ms, used_size=1040384 bytes (2.5%)
(RDMA_READ_CONSUME_CHECK_CONSUMER) timestamp=1303 ms, used_size=1038336 bytes (2.5%)
(RDMA_READ_CONSUME_CHECK_CONSUMER) timestamp=1303 ms, used_size=1036288 bytes (2.5%)
(RDMA_READ_CONSUME_CHECK_CONSUMER) timestamp=1303 ms, used_size=1034240 bytes (2.5%)
(RDMA_READ_CONSUME_CHECK_CONSUMER) timestamp=1303 ms, used_size=1032192 bytes (2.5%)
(RDMA_READ_CONSUME_CHECK_CONSUMER) timestamp=1303 ms, used_size=1030144 bytes (2.5%)
(RDMA_READ_CONSUME_CHECK_CONSUMER) timestamp=1303 ms, used_size=1028096 bytes (2.5%)
(RDMA_READ_CONSUME_CHECK_CONSUMER) timestamp=1303 ms, used_size=1026048 bytes (2.5%)
(RDMA_READ_CONSUME_CHECK_CONSUMER) timestamp=1303 ms, used_size=1024000 bytes (2.5%)
(RDMA_READ_CONSUME_CHECK_CONSUMER) timestamp=1303 ms, used_size=1021952 bytes (2.5%)
(RDMA_READ_CONSUME_CHECK_CONSUMER) timestamp=1303 ms, used_size=1019904 bytes (2.5%)
(RDMA_READ_CONSUME_CHECK_CONSUMER) timestamp=1303 ms, used_size=1017856 bytes (2.5%)
(RDMA_READ_CONSUME_CHECK_CONSUMER) timestamp=1303 ms, used_size=1015808 bytes (2.5%)
(RDMA_READ_CONSUME_CHECK_CONSUMER) timestamp=1303 ms, used_size=1013760 bytes (2.5%)
(RDMA_READ_CONSUME_CHECK_CONSUMER) timestamp=1303 ms, used_size=1011712 bytes (2.5%)
(RDMA_READ_CONSUME_CHECK_CONSUMER) timestamp=1303 ms, used_size=1009664 bytes (2.5%)
(RDMA_READ_CONSUME_CHECK_CONSUMER) timestamp=1303 ms, used_size=1007616 bytes (2.5%)
(RDMA_READ_CONSUME_CHECK_CONSUMER) timestamp=1303 ms, used_size=1005568 bytes (2.5%)
(RDMA_READ_CONSUME_CHECK_CONSUMER) timestamp=1303 ms, used_size=1003520 bytes (2.5%)
(RDMA_READ_CONSUME_CHECK_CONSUMER) timestamp=1303 ms, used_size=1001472 bytes (2.4%)
(RDMA_READ_CONSUME_CHECK_CONSUMER) timestamp=1303 ms, used_size=999424 bytes (2.4%)
(RDMA_READ_CONSUME_CHECK_CONSUMER) timestamp=1303 ms, used_size=997376 bytes (2.4%)
(RDMA_READ_CONSUME_CHECK_CONSUMER) timestamp=1303 ms, used_size=995328 bytes (2.4%)
(RDMA_READ_CONSUME_CHECK_CONSUMER) timestamp=1303 ms, used_size=993280 bytes (2.4%)
(RDMA_READ_CONSUME_CHECK_CONSUMER) timestamp=1303 ms, used_size=991232 bytes (2.4%)
(RDMA_READ_CONSUME_CHECK_CONSUMER) timestamp=1303 ms, used_size=989184 bytes (2.4%)
(RDMA_READ_CONSUME_CHECK_CONSUMER) timestamp=1303 ms, used_size=987136 bytes (2.4%)
(RDMA_READ_CONSUME_CHECK_CONSUMER) timestamp=1303 ms, used_size=985088 bytes (2.4%)
(RDMA_READ_CONSUME_CHECK_CONSUMER) timestamp=1303 ms, used_size=983040 bytes (2.4%)
(RDMA_READ_CONSUME_CHECK_CONSUMER) timestamp=1303 ms, used_size=980992 bytes (2.4%)
(RDMA_READ_CONSUME_CHECK_CONSUMER) timestamp=1303 ms, used_size=978944 bytes (2.4%)
(RDMA_READ_CONSUME_CHECK_CONSUMER) timestamp=1303 ms, used_size=976896 bytes (2.4%)
(RDMA_READ_CONSUME_CHECK_CONSUMER) timestamp=1303 ms, used_size=974848 bytes (2.4%)
(RDMA_READ_CONSUME_CHECK_CONSUMER) timestamp=1303 ms, used_size=972800 bytes (2.4%)
(RDMA_READ_CONSUME_CHECK_CONSUMER) timestamp=1303 ms, used_size=970752 bytes (2.4%)
(RDMA_READ_CONSUME_CHECK_CONSUMER) timestamp=1303 ms, used_size=968704 bytes (2.4%)
(RDMA_READ_CONSUME_CHECK_CONSUMER) timestamp=1303 ms, used_size=966656 bytes (2.4%)
(RDMA_READ_CONSUME_CHECK_CONSUMER) timestamp=1303 ms, used_size=964608 bytes (2.4%)
(RDMA_READ_CONSUME_CHECK_CONSUMER) timestamp=1303 ms, used_size=962560 bytes (2.4%)
(RDMA_READ_CONSUME_CHECK_CONSUMER) timestamp=1303 ms, used_size=960512 bytes (2.3%)
(RDMA_READ_CONSUME_CHECK_CONSUMER) timestamp=1303 ms, used_size=958464 bytes (2.3%)
(RDMA_READ_CONSUME_CHECK_CONSUMER) timestamp=1303 ms, used_size=956416 bytes (2.3%)
(RDMA_READ_CONSUME_CHECK_CONSUMER) timestamp=1303 ms, used_size=954368 bytes (2.3%)
(RDMA_READ_CONSUME_CHECK_CONSUMER) timestamp=1303 ms, used_size=952320 bytes (2.3%)
(RDMA_READ_CONSUME_CHECK_CONSUMER) timestamp=1303 ms, used_size=950272 bytes (2.3%)
(RDMA_READ_CONSUME_CHECK_CONSUMER) timestamp=1303 ms, used_size=948224 bytes (2.3%)
(RDMA_READ_CONSUME_CHECK_CONSUMER) timestamp=1303 ms, used_size=946176 bytes (2.3%)
(RDMA_READ_CONSUME_CHECK_CONSUMER) timestamp=1303 ms, used_size=944128 bytes (2.3%)
(RDMA_READ_CONSUME_CHECK_CONSUMER) timestamp=1303 ms, used_size=942080 bytes (2.3%)
(RDMA_READ_CONSUME_CHECK_CONSUMER) timestamp=1303 ms, used_size=940032 bytes (2.3%)
(RDMA_READ_CONSUME_CHECK_CONSUMER) timestamp=1303 ms, used_size=937984 bytes (2.3%)
(RDMA_READ_CONSUME_CHECK_CONSUMER) timestamp=1303 ms, used_size=935936 bytes (2.3%)
(RDMA_READ_CONSUME_CHECK_CONSUMER) timestamp=1303 ms, used_size=933888 bytes (2.3%)
(RDMA_READ_CONSUME_CHECK_CONSUMER) timestamp=1303 ms, used_size=931840 bytes (2.3%)
(RDMA_READ_CONSUME_CHECK_CONSUMER) timestamp=1303 ms, used_size=929792 bytes (2.3%)
(RDMA_READ_CONSUME_CHECK_CONSUMER) timestamp=1303 ms, used_size=927744 bytes (2.3%)
(RDMA_READ_CONSUME_CHECK_CONSUMER) timestamp=1303 ms, used_size=925696 bytes (2.3%)
(RDMA_READ_CONSUME_CHECK_CONSUMER) timestamp=1303 ms, used_size=923648 bytes (2.3%)
(RDMA_READ_CONSUME_CHECK_CONSUMER) timestamp=1303 ms, used_size=921600 bytes (2.2%)
(RDMA_READ_CONSUME_CHECK_CONSUMER) timestamp=1303 ms, used_size=919552 bytes (2.2%)
(RDMA_READ_CONSUME_CHECK_CONSUMER) timestamp=1303 ms, used_size=917504 bytes (2.2%)
(RDMA_READ_CONSUME_CHECK_CONSUMER) timestamp=1303 ms, used_size=915456 bytes (2.2%)
(RDMA_READ_CONSUME_CHECK_CONSUMER) timestamp=1303 ms, used_size=913408 bytes (2.2%)
(RDMA_READ_CONSUME_CHECK_CONSUMER) timestamp=1303 ms, used_size=911360 bytes (2.2%)
(RDMA_READ_CONSUME_CHECK_CONSUMER) timestamp=1303 ms, used_size=909312 bytes (2.2%)
(RDMA_READ_CONSUME_CHECK_CONSUMER) timestamp=1303 ms, used_size=907264 bytes (2.2%)
(RDMA_READ_CONSUME_CHECK_CONSUMER) timestamp=1303 ms, used_size=905216 bytes (2.2%)
(RDMA_READ_CONSUME_CHECK_CONSUMER) timestamp=1303 ms, used_size=903168 bytes (2.2%)
(RDMA_READ_CONSUME_CHECK_CONSUMER) timestamp=1303 ms, used_size=901120 bytes (2.2%)
(RDMA_READ_CONSUME_CHECK_CONSUMER) timestamp=1303 ms, used_size=899072 bytes (2.2%)
(RDMA_READ_CONSUME_CHECK_CONSUMER) timestamp=1303 ms, used_size=897024 bytes (2.2%)
(RDMA_READ_CONSUME_CHECK_CONSUMER) timestamp=1303 ms, used_size=894976 bytes (2.2%)
(RDMA_READ_CONSUME_CHECK_CONSUMER) timestamp=1303 ms, used_size=892928 bytes (2.2%)
(RDMA_READ_CONSUME_CHECK_CONSUMER) timestamp=1303 ms, used_size=890880 bytes (2.2%)
(RDMA_READ_CONSUME_CHECK_CONSUMER) timestamp=1303 ms, used_size=888832 bytes (2.2%)
(RDMA_READ_CONSUME_CHECK_CONSUMER) timestamp=1303 ms, used_size=886784 bytes (2.2%)
(RDMA_READ_CONSUME_CHECK_CONSUMER) timestamp=1303 ms, used_size=884736 bytes (2.2%)
(RDMA_READ_CONSUME_CHECK_CONSUMER) timestamp=1303 ms, used_size=882688 bytes (2.2%)
(RDMA_READ_CONSUME_CHECK_CONSUMER) timestamp=1303 ms, used_size=880640 bytes (2.1%)
(RDMA_READ_CONSUME_CHECK_CONSUMER) timestamp=1303 ms, used_size=878592 bytes (2.1%)
(RDMA_READ_CONSUME_CHECK_CONSUMER) timestamp=1303 ms, used_size=876544 bytes (2.1%)
(RDMA_READ_CONSUME_CHECK_CONSUMER) timestamp=1303 ms, used_size=874496 bytes (2.1%)
(RDMA_READ_CONSUME_CHECK_CONSUMER) timestamp=1303 ms, used_size=872448 bytes (2.1%)
(RDMA_READ_CONSUME_CHECK_CONSUMER) timestamp=1303 ms, used_size=870400 bytes (2.1%)
(RDMA_READ_CONSUME_CHECK_CONSUMER) timestamp=1303 ms, used_size=868352 bytes (2.1%)
(RDMA_READ_CONSUME_CHECK_CONSUMER) timestamp=1303 ms, used_size=866304 bytes (2.1%)
(RDMA_READ_CONSUME_CHECK_CONSUMER) timestamp=1303 ms, used_size=864256 bytes (2.1%)
(RDMA_READ_CONSUME_CHECK_CONSUMER) timestamp=1303 ms, used_size=862208 bytes (2.1%)
(RDMA_READ_CONSUME_CHECK_CONSUMER) timestamp=1303 ms, used_size=860160 bytes (2.1%)
(RDMA_READ_CONSUME_CHECK_CONSUMER) timestamp=1303 ms, used_size=858112 bytes (2.1%)
(RDMA_READ_CONSUME_CHECK_CONSUMER) timestamp=1303 ms, used_size=856064 bytes (2.1%)
(RDMA_READ_CONSUME_CHECK_CONSUMER) timestamp=1303 ms, used_size=854016 bytes (2.1%)
(RDMA_READ_CONSUME_CHECK_CONSUMER) timestamp=1303 ms, used_size=851968 bytes (2.1%)
(RDMA_READ_CONSUME_CHECK_CONSUMER) timestamp=1303 ms, used_size=849920 bytes (2.1%)
(RDMA_READ_CONSUME_CHECK_CONSUMER) timestamp=1303 ms, used_size=847872 bytes (2.1%)
(RDMA_READ_CONSUME_CHECK_CONSUMER) timestamp=1303 ms, used_size=845824 bytes (2.1%)
(RDMA_READ_CONSUME_CHECK_CONSUMER) timestamp=1303 ms, used_size=843776 bytes (2.1%)
(RDMA_READ_CONSUME_CHECK_CONSUMER) timestamp=1303 ms, used_size=841728 bytes (2.1%)
(RDMA_READ_CONSUME_CHECK_CONSUMER) timestamp=1303 ms, used_size=839680 bytes (2.0%)
(RDMA_READ_CONSUME_CHECK_CONSUMER) timestamp=1303 ms, used_size=837632 bytes (2.0%)
(RDMA_READ_CONSUME_CHECK_CONSUMER) timestamp=1303 ms, used_size=835584 bytes (2.0%)
(RDMA_READ_CONSUME_CHECK_CONSUMER) timestamp=1303 ms, used_size=833536 bytes (2.0%)
(RDMA_READ_CONSUME_CHECK_CONSUMER) timestamp=1303 ms, used_size=831488 bytes (2.0%)
(RDMA_READ_CONSUME_CHECK_CONSUMER) timestamp=1303 ms, used_size=829440 bytes (2.0%)
(RDMA_READ_CONSUME_CHECK_CONSUMER) timestamp=1303 ms, used_size=827392 bytes (2.0%)
(RDMA_READ_CONSUME_CHECK_CONSUMER) timestamp=1303 ms, used_size=825344 bytes (2.0%)
(RDMA_READ_CONSUME_CHECK_CONSUMER) timestamp=1303 ms, used_size=823296 bytes (2.0%)
(RDMA_READ_CONSUME_CHECK_CONSUMER) timestamp=1303 ms, used_size=821248 bytes (2.0%)
(RDMA_READ_CONSUME_CHECK_CONSUMER) timestamp=1303 ms, used_size=819200 bytes (2.0%)
(RDMA_READ_CONSUME_CHECK_CONSUMER) timestamp=1303 ms, used_size=817152 bytes (2.0%)
(RDMA_READ_CONSUME_CHECK_CONSUMER) timestamp=1303 ms, used_size=815104 bytes (2.0%)
(RDMA_READ_CONSUME_CHECK_CONSUMER) timestamp=1303 ms, used_size=813056 bytes (2.0%)
(RDMA_READ_CONSUME_CHECK_CONSUMER) timestamp=1303 ms, used_size=811008 bytes (2.0%)
(RDMA_READ_CONSUME_CHECK_CONSUMER) timestamp=1303 ms, used_size=808960 bytes (2.0%)
(RDMA_READ_CONSUME_CHECK_CONSUMER) timestamp=1303 ms, used_size=806912 bytes (2.0%)
(RDMA_READ_CONSUME_CHECK_CONSUMER) timestamp=1303 ms, used_size=804864 bytes (2.0%)
(RDMA_READ_CONSUME_CHECK_CONSUMER) timestamp=1303 ms, used_size=802816 bytes (2.0%)
(RDMA_READ_CONSUME_CHECK_CONSUMER) timestamp=1303 ms, used_size=800768 bytes (2.0%)
(RDMA_READ_CONSUME_CHECK_CONSUMER) timestamp=1303 ms, used_size=798720 bytes (1.9%)
(RDMA_READ_CONSUME_CHECK_CONSUMER) timestamp=1303 ms, used_size=796672 bytes (1.9%)
(RDMA_READ_CONSUME_CHECK_CONSUMER) timestamp=1303 ms, used_size=794624 bytes (1.9%)
(RDMA_READ_CONSUME_CHECK_CONSUMER) timestamp=1303 ms, used_size=792576 bytes (1.9%)
(RDMA_READ_CONSUME_CHECK_CONSUMER) timestamp=1303 ms, used_size=790528 bytes (1.9%)
(RDMA_READ_CONSUME_CHECK_CONSUMER) timestamp=1303 ms, used_size=788480 bytes (1.9%)
(RDMA_READ_CONSUME_CHECK_CONSUMER) timestamp=1303 ms, used_size=786432 bytes (1.9%)
(RDMA_READ_CONSUME_CHECK_CONSUMER) timestamp=1303 ms, used_size=784384 bytes (1.9%)
(RDMA_READ_CONSUME_CHECK_CONSUMER) timestamp=1303 ms, used_size=782336 bytes (1.9%)
(RDMA_READ_CONSUME_CHECK_CONSUMER) timestamp=1303 ms, used_size=780288 bytes (1.9%)
(RDMA_READ_CONSUME_CHECK_CONSUMER) timestamp=1303 ms, used_size=778240 bytes (1.9%)
(RDMA_READ_CONSUME_CHECK_CONSUMER) timestamp=1303 ms, used_size=776192 bytes (1.9%)
(RDMA_READ_CONSUME_CHECK_CONSUMER) timestamp=1303 ms, used_size=774144 bytes (1.9%)
(RDMA_READ_CONSUME_CHECK_CONSUMER) timestamp=1303 ms, used_size=772096 bytes (1.9%)
(RDMA_READ_CONSUME_CHECK_CONSUMER) timestamp=1303 ms, used_size=770048 bytes (1.9%)
(RDMA_READ_CONSUME_CHECK_CONSUMER) timestamp=1303 ms, used_size=768000 bytes (1.9%)
(RDMA_READ_CONSUME_CHECK_CONSUMER) timestamp=1303 ms, used_size=765952 bytes (1.9%)
(RDMA_READ_CONSUME_CHECK_CONSUMER) timestamp=1303 ms, used_size=763904 bytes (1.9%)
(RDMA_READ_CONSUME_CHECK_CONSUMER) timestamp=1303 ms, used_size=761856 bytes (1.9%)
(RDMA_READ_CONSUME_CHECK_CONSUMER) timestamp=1303 ms, used_size=759808 bytes (1.9%)
(RDMA_READ_CONSUME_CHECK_CONSUMER) timestamp=1303 ms, used_size=757760 bytes (1.9%)
(RDMA_READ_CONSUME_CHECK_CONSUMER) timestamp=1303 ms, used_size=755712 bytes (1.8%)
(RDMA_READ_CONSUME_CHECK_CONSUMER) timestamp=1303 ms, used_size=753664 bytes (1.8%)
(RDMA_READ_CONSUME_CHECK_CONSUMER) timestamp=1303 ms, used_size=751616 bytes (1.8%)
(RDMA_READ_CONSUME_CHECK_CONSUMER) timestamp=1303 ms, used_size=749568 bytes (1.8%)
(RDMA_READ_CONSUME_CHECK_CONSUMER) timestamp=1303 ms, used_size=747520 bytes (1.8%)
(RDMA_READ_CONSUME_CHECK_CONSUMER) timestamp=1303 ms, used_size=745472 bytes (1.8%)
(RDMA_READ_CONSUME_CHECK_CONSUMER) timestamp=1303 ms, used_size=743424 bytes (1.8%)
(RDMA_READ_CONSUME_CHECK_CONSUMER) timestamp=1303 ms, used_size=741376 bytes (1.8%)
(RDMA_READ_CONSUME_CHECK_CONSUMER) timestamp=1303 ms, used_size=739328 bytes (1.8%)
(RDMA_READ_CONSUME_CHECK_CONSUMER) timestamp=1303 ms, used_size=737280 bytes (1.8%)
(RDMA_READ_CONSUME_CHECK_CONSUMER) timestamp=1303 ms, used_size=735232 bytes (1.8%)
(RDMA_READ_CONSUME_CHECK_CONSUMER) timestamp=1303 ms, used_size=733184 bytes (1.8%)
(RDMA_READ_CONSUME_CHECK_CONSUMER) timestamp=1303 ms, used_size=731136 bytes (1.8%)
(RDMA_READ_CONSUME_CHECK_CONSUMER) timestamp=1303 ms, used_size=729088 bytes (1.8%)
(RDMA_READ_CONSUME_CHECK_CONSUMER) timestamp=1303 ms, used_size=727040 bytes (1.8%)
(RDMA_READ_CONSUME_CHECK_CONSUMER) timestamp=1303 ms, used_size=724992 bytes (1.8%)
(RDMA_READ_CONSUME_CHECK_CONSUMER) timestamp=1303 ms, used_size=722944 bytes (1.8%)
(RDMA_READ_CONSUME_CHECK_CONSUMER) timestamp=1303 ms, used_size=720896 bytes (1.8%)
(RDMA_READ_CONSUME_CHECK_CONSUMER) timestamp=1303 ms, used_size=718848 bytes (1.8%)
(RDMA_READ_CONSUME_CHECK_CONSUMER) timestamp=1303 ms, used_size=716800 bytes (1.8%)
(RDMA_READ_CONSUME_CHECK_CONSUMER) timestamp=1303 ms, used_size=714752 bytes (1.7%)
(RDMA_READ_CONSUME_CHECK_CONSUMER) timestamp=1303 ms, used_size=712704 bytes (1.7%)
(RDMA_READ_CONSUME_CHECK_CONSUMER) timestamp=1303 ms, used_size=710656 bytes (1.7%)
(RDMA_READ_CONSUME_CHECK_CONSUMER) timestamp=1303 ms, used_size=708608 bytes (1.7%)
(RDMA_READ_CONSUME_CHECK_CONSUMER) timestamp=1303 ms, used_size=706560 bytes (1.7%)
(RDMA_READ_CONSUME_CHECK_CONSUMER) timestamp=1303 ms, used_size=704512 bytes (1.7%)
(RDMA_READ_CONSUME_CHECK_CONSUMER) timestamp=1303 ms, used_size=702464 bytes (1.7%)
(RDMA_READ_CONSUME_CHECK_CONSUMER) timestamp=1303 ms, used_size=700416 bytes (1.7%)
(RDMA_READ_CONSUME_CHECK_CONSUMER) timestamp=1303 ms, used_size=698368 bytes (1.7%)
(RDMA_READ_CONSUME_CHECK_CONSUMER) timestamp=1303 ms, used_size=696320 bytes (1.7%)
(RDMA_READ_CONSUME_CHECK_CONSUMER) timestamp=1303 ms, used_size=694272 bytes (1.7%)
(RDMA_READ_CONSUME_CHECK_CONSUMER) timestamp=1304 ms, used_size=692224 bytes (1.7%)
(RDMA_READ_CONSUME_CHECK_CONSUMER) timestamp=1304 ms, used_size=690176 bytes (1.7%)
(RDMA_READ_CONSUME_CHECK_CONSUMER) timestamp=1304 ms, used_size=688128 bytes (1.7%)
(RDMA_READ_CONSUME_CHECK_CONSUMER) timestamp=1304 ms, used_size=686080 bytes (1.7%)
(RDMA_READ_CONSUME_CHECK_CONSUMER) timestamp=1304 ms, used_size=684032 bytes (1.7%)
(RDMA_READ_CONSUME_CHECK_CONSUMER) timestamp=1304 ms, used_size=681984 bytes (1.7%)
(RDMA_READ_CONSUME_CHECK_CONSUMER) timestamp=1304 ms, used_size=679936 bytes (1.7%)
(RDMA_READ_CONSUME_CHECK_CONSUMER) timestamp=1304 ms, used_size=677888 bytes (1.7%)
(RDMA_READ_CONSUME_CHECK_CONSUMER) timestamp=1304 ms, used_size=675840 bytes (1.6%)
(RDMA_READ_CONSUME_CHECK_CONSUMER) timestamp=1304 ms, used_size=673792 bytes (1.6%)
(RDMA_READ_CONSUME_CHECK_CONSUMER) timestamp=1304 ms, used_size=671744 bytes (1.6%)
(RDMA_READ_CONSUME_CHECK_CONSUMER) timestamp=1304 ms, used_size=669696 bytes (1.6%)
(RDMA_READ_CONSUME_CHECK_CONSUMER) timestamp=1304 ms, used_size=667648 bytes (1.6%)
(RDMA_READ_CONSUME_CHECK_CONSUMER) timestamp=1304 ms, used_size=665600 bytes (1.6%)
(RDMA_READ_CONSUME_CHECK_CONSUMER) timestamp=1304 ms, used_size=663552 bytes (1.6%)
(RDMA_READ_CONSUME_CHECK_CONSUMER) timestamp=1304 ms, used_size=661504 bytes (1.6%)
(RDMA_READ_CONSUME_CHECK_CONSUMER) timestamp=1304 ms, used_size=659456 bytes (1.6%)
(RDMA_READ_CONSUME_CHECK_CONSUMER) timestamp=1304 ms, used_size=657408 bytes (1.6%)
(RDMA_READ_CONSUME_CHECK_CONSUMER) timestamp=1304 ms, used_size=655360 bytes (1.6%)
(RDMA_READ_CONSUME_CHECK_CONSUMER) timestamp=1304 ms, used_size=653312 bytes (1.6%)
(RDMA_READ_CONSUME_CHECK_CONSUMER) timestamp=1304 ms, used_size=651264 bytes (1.6%)
(RDMA_READ_CONSUME_CHECK_CONSUMER) timestamp=1304 ms, used_size=649216 bytes (1.6%)
(RDMA_READ_CONSUME_CHECK_CONSUMER) timestamp=1304 ms, used_size=647168 bytes (1.6%)
(RDMA_READ_CONSUME_CHECK_CONSUMER) timestamp=1304 ms, used_size=645120 bytes (1.6%)
(RDMA_READ_CONSUME_CHECK_CONSUMER) timestamp=1304 ms, used_size=643072 bytes (1.6%)
(RDMA_READ_CONSUME_CHECK_CONSUMER) timestamp=1304 ms, used_size=641024 bytes (1.6%)
(RDMA_READ_CONSUME_CHECK_CONSUMER) timestamp=1304 ms, used_size=638976 bytes (1.6%)
(RDMA_READ_CONSUME_CHECK_CONSUMER) timestamp=1304 ms, used_size=636928 bytes (1.6%)
(RDMA_READ_CONSUME_CHECK_CONSUMER) timestamp=1304 ms, used_size=634880 bytes (1.6%)
(RDMA_READ_CONSUME_CHECK_CONSUMER) timestamp=1304 ms, used_size=632832 bytes (1.5%)
(RDMA_READ_CONSUME_CHECK_CONSUMER) timestamp=1304 ms, used_size=630784 bytes (1.5%)
(RDMA_READ_CONSUME_CHECK_CONSUMER) timestamp=1304 ms, used_size=628736 bytes (1.5%)
(RDMA_READ_CONSUME_CHECK_CONSUMER) timestamp=1304 ms, used_size=626688 bytes (1.5%)
(RDMA_READ_CONSUME_CHECK_CONSUMER) timestamp=1304 ms, used_size=624640 bytes (1.5%)
(RDMA_READ_CONSUME_CHECK_CONSUMER) timestamp=1304 ms, used_size=622592 bytes (1.5%)
(RDMA_READ_CONSUME_CHECK_CONSUMER) timestamp=1304 ms, used_size=620544 bytes (1.5%)
(RDMA_READ_CONSUME_CHECK_CONSUMER) timestamp=1304 ms, used_size=618496 bytes (1.5%)
(RDMA_READ_CONSUME_CHECK_CONSUMER) timestamp=1304 ms, used_size=616448 bytes (1.5%)
(RDMA_READ_CONSUME_CHECK_CONSUMER) timestamp=1304 ms, used_size=614400 bytes (1.5%)
(RDMA_READ_CONSUME_CHECK_CONSUMER) timestamp=1304 ms, used_size=612352 bytes (1.5%)
(RDMA_READ_CONSUME_CHECK_CONSUMER) timestamp=1304 ms, used_size=610304 bytes (1.5%)
(RDMA_READ_CONSUME_CHECK_CONSUMER) timestamp=1304 ms, used_size=608256 bytes (1.5%)
(RDMA_READ_CONSUME_CHECK_CONSUMER) timestamp=1304 ms, used_size=606208 bytes (1.5%)
(RDMA_READ_CONSUME_CHECK_CONSUMER) timestamp=1304 ms, used_size=604160 bytes (1.5%)
(RDMA_READ_CONSUME_CHECK_CONSUMER) timestamp=1304 ms, used_size=602112 bytes (1.5%)
(RDMA_READ_CONSUME_CHECK_CONSUMER) timestamp=1304 ms, used_size=600064 bytes (1.5%)
(RDMA_READ_CONSUME_CHECK_CONSUMER) timestamp=1304 ms, used_size=598016 bytes (1.5%)
(RDMA_READ_CONSUME_CHECK_CONSUMER) timestamp=1304 ms, used_size=595968 bytes (1.5%)
(RDMA_READ_CONSUME_CHECK_CONSUMER) timestamp=1304 ms, used_size=593920 bytes (1.4%)
(RDMA_READ_CONSUME_CHECK_CONSUMER) timestamp=1304 ms, used_size=591872 bytes (1.4%)
(RDMA_READ_CONSUME_CHECK_CONSUMER) timestamp=1304 ms, used_size=589824 bytes (1.4%)
(RDMA_READ_CONSUME_CHECK_CONSUMER) timestamp=1304 ms, used_size=587776 bytes (1.4%)
(RDMA_READ_CONSUME_CHECK_CONSUMER) timestamp=1304 ms, used_size=585728 bytes (1.4%)
(RDMA_READ_CONSUME_CHECK_CONSUMER) timestamp=1304 ms, used_size=583680 bytes (1.4%)
(RDMA_READ_CONSUME_CHECK_CONSUMER) timestamp=1304 ms, used_size=581632 bytes (1.4%)
(RDMA_READ_CONSUME_CHECK_CONSUMER) timestamp=1304 ms, used_size=579584 bytes (1.4%)
(RDMA_READ_CONSUME_CHECK_CONSUMER) timestamp=1304 ms, used_size=577536 bytes (1.4%)
(RDMA_READ_CONSUME_CHECK_CONSUMER) timestamp=1304 ms, used_size=575488 bytes (1.4%)
(RDMA_READ_CONSUME_CHECK_CONSUMER) timestamp=1304 ms, used_size=573440 bytes (1.4%)
(RDMA_READ_CONSUME_CHECK_CONSUMER) timestamp=1304 ms, used_size=571392 bytes (1.4%)
(RDMA_READ_CONSUME_CHECK_CONSUMER) timestamp=1304 ms, used_size=569344 bytes (1.4%)
(RDMA_READ_CONSUME_CHECK_CONSUMER) timestamp=1304 ms, used_size=567296 bytes (1.4%)
(RDMA_READ_CONSUME_CHECK_CONSUMER) timestamp=1304 ms, used_size=565248 bytes (1.4%)
(RDMA_READ_CONSUME_CHECK_CONSUMER) timestamp=1304 ms, used_size=563200 bytes (1.4%)
(RDMA_READ_CONSUME_CHECK_CONSUMER) timestamp=1304 ms, used_size=561152 bytes (1.4%)
(RDMA_READ_CONSUME_CHECK_CONSUMER) timestamp=1304 ms, used_size=559104 bytes (1.4%)
(RDMA_READ_CONSUME_CHECK_CONSUMER) timestamp=1304 ms, used_size=557056 bytes (1.4%)
(RDMA_READ_CONSUME_CHECK_CONSUMER) timestamp=1304 ms, used_size=555008 bytes (1.4%)
(RDMA_READ_CONSUME_CHECK_CONSUMER) timestamp=1304 ms, used_size=552960 bytes (1.4%)
(RDMA_READ_CONSUME_CHECK_CONSUMER) timestamp=1304 ms, used_size=550912 bytes (1.3%)
(RDMA_READ_CONSUME_CHECK_CONSUMER) timestamp=1304 ms, used_size=548864 bytes (1.3%)
(RDMA_READ_CONSUME_CHECK_CONSUMER) timestamp=1304 ms, used_size=546816 bytes (1.3%)
(RDMA_READ_CONSUME_CHECK_CONSUMER) timestamp=1304 ms, used_size=544768 bytes (1.3%)
(RDMA_READ_CONSUME_CHECK_CONSUMER) timestamp=1304 ms, used_size=542720 bytes (1.3%)
(RDMA_READ_CONSUME_CHECK_CONSUMER) timestamp=1304 ms, used_size=540672 bytes (1.3%)
(RDMA_READ_CONSUME_CHECK_CONSUMER) timestamp=1304 ms, used_size=538624 bytes (1.3%)
(RDMA_READ_CONSUME_CHECK_CONSUMER) timestamp=1304 ms, used_size=536576 bytes (1.3%)
(RDMA_READ_CONSUME_CHECK_CONSUMER) timestamp=1304 ms, used_size=534528 bytes (1.3%)
(RDMA_READ_CONSUME_CHECK_CONSUMER) timestamp=1304 ms, used_size=532480 bytes (1.3%)
(RDMA_READ_CONSUME_CHECK_CONSUMER) timestamp=1304 ms, used_size=530432 bytes (1.3%)
(RDMA_READ_CONSUME_CHECK_CONSUMER) timestamp=1304 ms, used_size=528384 bytes (1.3%)
(RDMA_READ_CONSUME_CHECK_CONSUMER) timestamp=1304 ms, used_size=526336 bytes (1.3%)
(RDMA_READ_CONSUME_CHECK_CONSUMER) timestamp=1304 ms, used_size=524288 bytes (1.3%)
(RDMA_READ_CONSUME_CHECK_CONSUMER) timestamp=1304 ms, used_size=522240 bytes (1.3%)
(RDMA_READ_CONSUME_CHECK_CONSUMER) timestamp=1304 ms, used_size=520192 bytes (1.3%)
(RDMA_READ_CONSUME_CHECK_CONSUMER) timestamp=1304 ms, used_size=518144 bytes (1.3%)
(RDMA_READ_CONSUME_CHECK_CONSUMER) timestamp=1304 ms, used_size=516096 bytes (1.3%)
(RDMA_READ_CONSUME_CHECK_CONSUMER) timestamp=1304 ms, used_size=514048 bytes (1.3%)
(RDMA_READ_CONSUME_CHECK_CONSUMER) timestamp=1304 ms, used_size=512000 bytes (1.2%)
(RDMA_READ_CONSUME_CHECK_CONSUMER) timestamp=1304 ms, used_size=509952 bytes (1.2%)
(RDMA_READ_CONSUME_CHECK_CONSUMER) timestamp=1304 ms, used_size=507904 bytes (1.2%)
(RDMA_READ_CONSUME_CHECK_CONSUMER) timestamp=1304 ms, used_size=505856 bytes (1.2%)
(RDMA_READ_CONSUME_CHECK_CONSUMER) timestamp=1304 ms, used_size=503808 bytes (1.2%)
(RDMA_READ_CONSUME_CHECK_CONSUMER) timestamp=1304 ms, used_size=501760 bytes (1.2%)
(RDMA_READ_CONSUME_CHECK_CONSUMER) timestamp=1304 ms, used_size=499712 bytes (1.2%)
(RDMA_READ_CONSUME_CHECK_CONSUMER) timestamp=1304 ms, used_size=497664 bytes (1.2%)
(RDMA_READ_CONSUME_CHECK_CONSUMER) timestamp=1304 ms, used_size=495616 bytes (1.2%)
(RDMA_READ_CONSUME_CHECK_CONSUMER) timestamp=1304 ms, used_size=493568 bytes (1.2%)
(RDMA_READ_CONSUME_CHECK_CONSUMER) timestamp=1304 ms, used_size=491520 bytes (1.2%)
(RDMA_READ_CONSUME_CHECK_CONSUMER) timestamp=1304 ms, used_size=489472 bytes (1.2%)
(RDMA_READ_CONSUME_CHECK_CONSUMER) timestamp=1304 ms, used_size=487424 bytes (1.2%)
(RDMA_READ_CONSUME_CHECK_CONSUMER) timestamp=1304 ms, used_size=485376 bytes (1.2%)
(RDMA_READ_CONSUME_CHECK_CONSUMER) timestamp=1304 ms, used_size=483328 bytes (1.2%)
(RDMA_READ_CONSUME_CHECK_CONSUMER) timestamp=1304 ms, used_size=481280 bytes (1.2%)
(RDMA_READ_CONSUME_CHECK_CONSUMER) timestamp=1304 ms, used_size=479232 bytes (1.2%)
(RDMA_READ_CONSUME_CHECK_CONSUMER) timestamp=1304 ms, used_size=477184 bytes (1.2%)
(RDMA_READ_CONSUME_CHECK_CONSUMER) timestamp=1304 ms, used_size=475136 bytes (1.2%)
(RDMA_READ_CONSUME_CHECK_CONSUMER) timestamp=1304 ms, used_size=473088 bytes (1.2%)
(RDMA_READ_CONSUME_CHECK_CONSUMER) timestamp=1304 ms, used_size=471040 bytes (1.1%)
(RDMA_READ_CONSUME_CHECK_CONSUMER) timestamp=1304 ms, used_size=468992 bytes (1.1%)
(RDMA_READ_CONSUME_CHECK_CONSUMER) timestamp=1304 ms, used_size=466944 bytes (1.1%)
(RDMA_READ_CONSUME_CHECK_CONSUMER) timestamp=1304 ms, used_size=464896 bytes (1.1%)
(RDMA_READ_CONSUME_CHECK_CONSUMER) timestamp=1304 ms, used_size=462848 bytes (1.1%)
(RDMA_READ_CONSUME_CHECK_CONSUMER) timestamp=1304 ms, used_size=460800 bytes (1.1%)
(RDMA_READ_CONSUME_CHECK_CONSUMER) timestamp=1304 ms, used_size=458752 bytes (1.1%)
(RDMA_READ_CONSUME_CHECK_CONSUMER) timestamp=1304 ms, used_size=456704 bytes (1.1%)
(RDMA_READ_CONSUME_CHECK_CONSUMER) timestamp=1304 ms, used_size=454656 bytes (1.1%)
(RDMA_READ_CONSUME_CHECK_CONSUMER) timestamp=1304 ms, used_size=452608 bytes (1.1%)
(RDMA_READ_CONSUME_CHECK_CONSUMER) timestamp=1304 ms, used_size=450560 bytes (1.1%)
(RDMA_READ_CONSUME_CHECK_CONSUMER) timestamp=1304 ms, used_size=448512 bytes (1.1%)
(RDMA_READ_CONSUME_CHECK_CONSUMER) timestamp=1304 ms, used_size=446464 bytes (1.1%)
(RDMA_READ_CONSUME_CHECK_CONSUMER) timestamp=1304 ms, used_size=444416 bytes (1.1%)
(RDMA_READ_CONSUME_CHECK_CONSUMER) timestamp=1304 ms, used_size=442368 bytes (1.1%)
(RDMA_READ_CONSUME_CHECK_CONSUMER) timestamp=1304 ms, used_size=440320 bytes (1.1%)
(RDMA_READ_CONSUME_CHECK_CONSUMER) timestamp=1304 ms, used_size=438272 bytes (1.1%)
(RDMA_READ_CONSUME_CHECK_CONSUMER) timestamp=1304 ms, used_size=436224 bytes (1.1%)
(RDMA_READ_CONSUME_CHECK_CONSUMER) timestamp=1304 ms, used_size=434176 bytes (1.1%)
(RDMA_READ_CONSUME_CHECK_CONSUMER) timestamp=1304 ms, used_size=432128 bytes (1.1%)
(RDMA_READ_CONSUME_CHECK_CONSUMER) timestamp=1304 ms, used_size=430080 bytes (1.1%)
(RDMA_READ_CONSUME_CHECK_CONSUMER) timestamp=1304 ms, used_size=428032 bytes (1.0%)
(RDMA_READ_CONSUME_CHECK_CONSUMER) timestamp=1304 ms, used_size=425984 bytes (1.0%)
(RDMA_READ_CONSUME_CHECK_CONSUMER) timestamp=1304 ms, used_size=423936 bytes (1.0%)
(RDMA_READ_CONSUME_CHECK_CONSUMER) timestamp=1304 ms, used_size=421888 bytes (1.0%)
(RDMA_READ_CONSUME_CHECK_CONSUMER) timestamp=1304 ms, used_size=419840 bytes (1.0%)
(RDMA_READ_CONSUME_CHECK_CONSUMER) timestamp=1304 ms, used_size=417792 bytes (1.0%)
(RDMA_READ_CONSUME_CHECK_CONSUMER) timestamp=1304 ms, used_size=415744 bytes (1.0%)
(RDMA_READ_CONSUME_CHECK_CONSUMER) timestamp=1304 ms, used_size=413696 bytes (1.0%)
(RDMA_READ_CONSUME_CHECK_CONSUMER) timestamp=1304 ms, used_size=411648 bytes (1.0%)
(RDMA_READ_CONSUME_CHECK_CONSUMER) timestamp=1304 ms, used_size=409600 bytes (1.0%)
(RDMA_READ_CONSUME_CHECK_CONSUMER) timestamp=1304 ms, used_size=407552 bytes (1.0%)
(RDMA_READ_CONSUME_CHECK_CONSUMER) timestamp=1304 ms, used_size=405504 bytes (1.0%)
(RDMA_READ_CONSUME_CHECK_CONSUMER) timestamp=1304 ms, used_size=403456 bytes (1.0%)
(RDMA_READ_CONSUME_CHECK_CONSUMER) timestamp=1304 ms, used_size=401408 bytes (1.0%)
(RDMA_READ_CONSUME_CHECK_CONSUMER) timestamp=1304 ms, used_size=399360 bytes (1.0%)
(RDMA_READ_CONSUME_CHECK_CONSUMER) timestamp=1304 ms, used_size=397312 bytes (1.0%)
(RDMA_READ_CONSUME_CHECK_CONSUMER) timestamp=1304 ms, used_size=395264 bytes (1.0%)
(RDMA_READ_CONSUME_CHECK_CONSUMER) timestamp=1304 ms, used_size=393216 bytes (1.0%)
(RDMA_READ_CONSUME_CHECK_CONSUMER) timestamp=1304 ms, used_size=391168 bytes (1.0%)
(RDMA_READ_CONSUME_CHECK_CONSUMER) timestamp=1304 ms, used_size=389120 bytes (0.9%)
(RDMA_READ_CONSUME_CHECK_CONSUMER) timestamp=1304 ms, used_size=387072 bytes (0.9%)
(RDMA_READ_CONSUME_CHECK_CONSUMER) timestamp=1304 ms, used_size=385024 bytes (0.9%)
(RDMA_READ_CONSUME_CHECK_CONSUMER) timestamp=1304 ms, used_size=382976 bytes (0.9%)
(RDMA_READ_CONSUME_CHECK_CONSUMER) timestamp=1304 ms, used_size=380928 bytes (0.9%)
(RDMA_READ_CONSUME_CHECK_CONSUMER) timestamp=1304 ms, used_size=378880 bytes (0.9%)
(RDMA_READ_CONSUME_CHECK_CONSUMER) timestamp=1304 ms, used_size=376832 bytes (0.9%)
(RDMA_READ_CONSUME_CHECK_CONSUMER) timestamp=1304 ms, used_size=374784 bytes (0.9%)
(RDMA_READ_CONSUME_CHECK_CONSUMER) timestamp=1304 ms, used_size=372736 bytes (0.9%)
(RDMA_READ_CONSUME_CHECK_CONSUMER) timestamp=1304 ms, used_size=370688 bytes (0.9%)
(RDMA_READ_CONSUME_CHECK_CONSUMER) timestamp=1304 ms, used_size=368640 bytes (0.9%)
(RDMA_READ_CONSUME_CHECK_CONSUMER) timestamp=1304 ms, used_size=366592 bytes (0.9%)
(RDMA_READ_CONSUME_CHECK_CONSUMER) timestamp=1304 ms, used_size=364544 bytes (0.9%)
(RDMA_READ_CONSUME_CHECK_CONSUMER) timestamp=1304 ms, used_size=362496 bytes (0.9%)
(RDMA_READ_CONSUME_CHECK_CONSUMER) timestamp=1304 ms, used_size=360448 bytes (0.9%)
(RDMA_READ_CONSUME_CHECK_CONSUMER) timestamp=1304 ms, used_size=358400 bytes (0.9%)
(RDMA_READ_CONSUME_CHECK_CONSUMER) timestamp=1304 ms, used_size=356352 bytes (0.9%)
(RDMA_READ_CONSUME_CHECK_CONSUMER) timestamp=1304 ms, used_size=354304 bytes (0.9%)
(RDMA_READ_CONSUME_CHECK_CONSUMER) timestamp=1304 ms, used_size=352256 bytes (0.9%)
(RDMA_READ_CONSUME_CHECK_CONSUMER) timestamp=1304 ms, used_size=350208 bytes (0.9%)
(RDMA_READ_CONSUME_CHECK_CONSUMER) timestamp=1304 ms, used_size=348160 bytes (0.8%)
(RDMA_READ_CONSUME_CHECK_CONSUMER) timestamp=1304 ms, used_size=346112 bytes (0.8%)
(RDMA_READ_CONSUME_CHECK_CONSUMER) timestamp=1304 ms, used_size=344064 bytes (0.8%)
(RDMA_READ_CONSUME_CHECK_CONSUMER) timestamp=1304 ms, used_size=342016 bytes (0.8%)
(RDMA_READ_CONSUME_CHECK_CONSUMER) timestamp=1304 ms, used_size=339968 bytes (0.8%)
(RDMA_READ_CONSUME_CHECK_CONSUMER) timestamp=1304 ms, used_size=337920 bytes (0.8%)
(RDMA_READ_CONSUME_CHECK_CONSUMER) timestamp=1304 ms, used_size=335872 bytes (0.8%)
(RDMA_READ_CONSUME_CHECK_CONSUMER) timestamp=1304 ms, used_size=333824 bytes (0.8%)
(RDMA_READ_CONSUME_CHECK_CONSUMER) timestamp=1305 ms, used_size=331776 bytes (0.8%)
(RDMA_READ_CONSUME_CHECK_CONSUMER) timestamp=1305 ms, used_size=329728 bytes (0.8%)
(RDMA_READ_CONSUME_CHECK_CONSUMER) timestamp=1305 ms, used_size=327680 bytes (0.8%)
(RDMA_READ_CONSUME_CHECK_CONSUMER) timestamp=1305 ms, used_size=325632 bytes (0.8%)
(RDMA_READ_CONSUME_CHECK_CONSUMER) timestamp=1305 ms, used_size=323584 bytes (0.8%)
(RDMA_READ_CONSUME_CHECK_CONSUMER) timestamp=1305 ms, used_size=321536 bytes (0.8%)
(RDMA_READ_CONSUME_CHECK_CONSUMER) timestamp=1305 ms, used_size=319488 bytes (0.8%)
(RDMA_READ_CONSUME_CHECK_CONSUMER) timestamp=1305 ms, used_size=317440 bytes (0.8%)
(RDMA_READ_CONSUME_CHECK_CONSUMER) timestamp=1305 ms, used_size=315392 bytes (0.8%)
(RDMA_READ_CONSUME_CHECK_CONSUMER) timestamp=1305 ms, used_size=313344 bytes (0.8%)
(RDMA_READ_CONSUME_CHECK_CONSUMER) timestamp=1305 ms, used_size=311296 bytes (0.8%)
(RDMA_READ_CONSUME_CHECK_CONSUMER) timestamp=1305 ms, used_size=309248 bytes (0.8%)
(RDMA_READ_CONSUME_CHECK_CONSUMER) timestamp=1305 ms, used_size=307200 bytes (0.8%)
(RDMA_READ_CONSUME_CHECK_CONSUMER) timestamp=1305 ms, used_size=305152 bytes (0.7%)
(RDMA_READ_CONSUME_CHECK_CONSUMER) timestamp=1305 ms, used_size=303104 bytes (0.7%)
(RDMA_READ_CONSUME_CHECK_CONSUMER) timestamp=1305 ms, used_size=301056 bytes (0.7%)
(RDMA_READ_CONSUME_CHECK_CONSUMER) timestamp=1305 ms, used_size=299008 bytes (0.7%)
(RDMA_READ_CONSUME_CHECK_CONSUMER) timestamp=1305 ms, used_size=296960 bytes (0.7%)
(RDMA_READ_CONSUME_CHECK_CONSUMER) timestamp=1305 ms, used_size=294912 bytes (0.7%)
(RDMA_READ_CONSUME_CHECK_CONSUMER) timestamp=1305 ms, used_size=292864 bytes (0.7%)
(RDMA_READ_CONSUME_CHECK_CONSUMER) timestamp=1305 ms, used_size=290816 bytes (0.7%)
(RDMA_READ_CONSUME_CHECK_CONSUMER) timestamp=1305 ms, used_size=288768 bytes (0.7%)
(RDMA_READ_CONSUME_CHECK_CONSUMER) timestamp=1305 ms, used_size=286720 bytes (0.7%)
(RDMA_READ_CONSUME_CHECK_CONSUMER) timestamp=1305 ms, used_size=284672 bytes (0.7%)
(RDMA_READ_CONSUME_CHECK_CONSUMER) timestamp=1305 ms, used_size=282624 bytes (0.7%)
(RDMA_READ_CONSUME_CHECK_CONSUMER) timestamp=1305 ms, used_size=280576 bytes (0.7%)
(RDMA_READ_CONSUME_CHECK_CONSUMER) timestamp=1305 ms, used_size=278528 bytes (0.7%)
(RDMA_READ_CONSUME_CHECK_CONSUMER) timestamp=1305 ms, used_size=276480 bytes (0.7%)
(RDMA_READ_CONSUME_CHECK_CONSUMER) timestamp=1305 ms, used_size=274432 bytes (0.7%)
(RDMA_READ_CONSUME_CHECK_CONSUMER) timestamp=1305 ms, used_size=272384 bytes (0.7%)
(RDMA_READ_CONSUME_CHECK_CONSUMER) timestamp=1305 ms, used_size=270336 bytes (0.7%)
(RDMA_READ_CONSUME_CHECK_CONSUMER) timestamp=1305 ms, used_size=268288 bytes (0.7%)
(RDMA_READ_CONSUME_CHECK_CONSUMER) timestamp=1305 ms, used_size=266240 bytes (0.7%)
(RDMA_READ_CONSUME_CHECK_CONSUMER) timestamp=1305 ms, used_size=264192 bytes (0.6%)
(RDMA_READ_CONSUME_CHECK_CONSUMER) timestamp=1305 ms, used_size=262144 bytes (0.6%)
(RDMA_READ_CONSUME_CHECK_CONSUMER) timestamp=1305 ms, used_size=260096 bytes (0.6%)
(RDMA_READ_CONSUME_CHECK_CONSUMER) timestamp=1305 ms, used_size=258048 bytes (0.6%)
(RDMA_READ_CONSUME_CHECK_CONSUMER) timestamp=1305 ms, used_size=256000 bytes (0.6%)
(RDMA_READ_CONSUME_CHECK_CONSUMER) timestamp=1305 ms, used_size=253952 bytes (0.6%)
(RDMA_READ_CONSUME_CHECK_CONSUMER) timestamp=1305 ms, used_size=251904 bytes (0.6%)
(RDMA_READ_CONSUME_CHECK_CONSUMER) timestamp=1305 ms, used_size=249856 bytes (0.6%)
(RDMA_READ_CONSUME_CHECK_CONSUMER) timestamp=1305 ms, used_size=247808 bytes (0.6%)
(RDMA_READ_CONSUME_CHECK_CONSUMER) timestamp=1305 ms, used_size=245760 bytes (0.6%)
(RDMA_READ_CONSUME_CHECK_CONSUMER) timestamp=1305 ms, used_size=243712 bytes (0.6%)
(RDMA_READ_CONSUME_CHECK_CONSUMER) timestamp=1305 ms, used_size=241664 bytes (0.6%)
(RDMA_READ_CONSUME_CHECK_CONSUMER) timestamp=1305 ms, used_size=239616 bytes (0.6%)
(RDMA_READ_CONSUME_CHECK_CONSUMER) timestamp=1305 ms, used_size=237568 bytes (0.6%)
(RDMA_READ_CONSUME_CHECK_CONSUMER) timestamp=1305 ms, used_size=235520 bytes (0.6%)
(RDMA_READ_CONSUME_CHECK_CONSUMER) timestamp=1305 ms, used_size=233472 bytes (0.6%)
(RDMA_READ_CONSUME_CHECK_CONSUMER) timestamp=1305 ms, used_size=231424 bytes (0.6%)
(RDMA_READ_CONSUME_CHECK_CONSUMER) timestamp=1305 ms, used_size=229376 bytes (0.6%)
(RDMA_READ_CONSUME_CHECK_CONSUMER) timestamp=1305 ms, used_size=227328 bytes (0.6%)
(RDMA_READ_CONSUME_CHECK_CONSUMER) timestamp=1305 ms, used_size=225280 bytes (0.6%)
(RDMA_READ_CONSUME_CHECK_CONSUMER) timestamp=1305 ms, used_size=223232 bytes (0.5%)
(RDMA_READ_CONSUME_CHECK_CONSUMER) timestamp=1305 ms, used_size=221184 bytes (0.5%)
(RDMA_READ_CONSUME_CHECK_CONSUMER) timestamp=1305 ms, used_size=219136 bytes (0.5%)
(RDMA_READ_CONSUME_CHECK_CONSUMER) timestamp=1305 ms, used_size=217088 bytes (0.5%)
(RDMA_READ_CONSUME_CHECK_CONSUMER) timestamp=1305 ms, used_size=215040 bytes (0.5%)
(RDMA_READ_CONSUME_CHECK_CONSUMER) timestamp=1305 ms, used_size=212992 bytes (0.5%)
(RDMA_READ_CONSUME_CHECK_CONSUMER) timestamp=1305 ms, used_size=210944 bytes (0.5%)
(RDMA_READ_CONSUME_CHECK_CONSUMER) timestamp=1305 ms, used_size=208896 bytes (0.5%)
(RDMA_READ_CONSUME_CHECK_CONSUMER) timestamp=1305 ms, used_size=206848 bytes (0.5%)
(RDMA_READ_CONSUME_CHECK_CONSUMER) timestamp=1305 ms, used_size=204800 bytes (0.5%)
(RDMA_READ_CONSUME_CHECK_CONSUMER) timestamp=1305 ms, used_size=202752 bytes (0.5%)
(RDMA_READ_CONSUME_CHECK_CONSUMER) timestamp=1305 ms, used_size=200704 bytes (0.5%)
(RDMA_READ_CONSUME_CHECK_CONSUMER) timestamp=1305 ms, used_size=198656 bytes (0.5%)
(RDMA_READ_CONSUME_CHECK_CONSUMER) timestamp=1305 ms, used_size=196608 bytes (0.5%)
(RDMA_READ_CONSUME_CHECK_CONSUMER) timestamp=1305 ms, used_size=194560 bytes (0.5%)
(RDMA_READ_CONSUME_CHECK_CONSUMER) timestamp=1305 ms, used_size=192512 bytes (0.5%)
(RDMA_READ_CONSUME_CHECK_CONSUMER) timestamp=1305 ms, used_size=190464 bytes (0.5%)
(RDMA_READ_CONSUME_CHECK_CONSUMER) timestamp=1305 ms, used_size=188416 bytes (0.5%)
(RDMA_READ_CONSUME_CHECK_CONSUMER) timestamp=1305 ms, used_size=186368 bytes (0.5%)
(RDMA_READ_CONSUME_CHECK_CONSUMER) timestamp=1305 ms, used_size=184320 bytes (0.5%)
(RDMA_READ_CONSUME_CHECK_CONSUMER) timestamp=1305 ms, used_size=182272 bytes (0.4%)
(RDMA_READ_CONSUME_CHECK_CONSUMER) timestamp=1305 ms, used_size=180224 bytes (0.4%)
(RDMA_READ_CONSUME_CHECK_CONSUMER) timestamp=1305 ms, used_size=178176 bytes (0.4%)
(RDMA_READ_CONSUME_CHECK_CONSUMER) timestamp=1305 ms, used_size=176128 bytes (0.4%)
(RDMA_READ_CONSUME_CHECK_CONSUMER) timestamp=1305 ms, used_size=174080 bytes (0.4%)
(RDMA_READ_CONSUME_CHECK_CONSUMER) timestamp=1305 ms, used_size=172032 bytes (0.4%)
(RDMA_READ_CONSUME_CHECK_CONSUMER) timestamp=1305 ms, used_size=169984 bytes (0.4%)
(RDMA_READ_CONSUME_CHECK_CONSUMER) timestamp=1305 ms, used_size=167936 bytes (0.4%)
(RDMA_READ_CONSUME_CHECK_CONSUMER) timestamp=1305 ms, used_size=165888 bytes (0.4%)
(RDMA_READ_CONSUME_CHECK_CONSUMER) timestamp=1305 ms, used_size=163840 bytes (0.4%)
(RDMA_READ_CONSUME_CHECK_CONSUMER) timestamp=1305 ms, used_size=161792 bytes (0.4%)
(RDMA_READ_CONSUME_CHECK_CONSUMER) timestamp=1305 ms, used_size=159744 bytes (0.4%)
(RDMA_READ_CONSUME_CHECK_CONSUMER) timestamp=1305 ms, used_size=157696 bytes (0.4%)
(RDMA_READ_CONSUME_CHECK_CONSUMER) timestamp=1305 ms, used_size=155648 bytes (0.4%)
(RDMA_READ_CONSUME_CHECK_CONSUMER) timestamp=1305 ms, used_size=153600 bytes (0.4%)
(RDMA_READ_CONSUME_CHECK_CONSUMER) timestamp=1305 ms, used_size=151552 bytes (0.4%)
(RDMA_READ_CONSUME_CHECK_CONSUMER) timestamp=1305 ms, used_size=149504 bytes (0.4%)
(RDMA_READ_CONSUME_CHECK_CONSUMER) timestamp=1305 ms, used_size=147456 bytes (0.4%)
(RDMA_READ_CONSUME_CHECK_CONSUMER) timestamp=1305 ms, used_size=145408 bytes (0.4%)
(RDMA_READ_CONSUME_CHECK_CONSUMER) timestamp=1305 ms, used_size=143360 bytes (0.3%)
(RDMA_READ_CONSUME_CHECK_CONSUMER) timestamp=1305 ms, used_size=141312 bytes (0.3%)
(RDMA_READ_CONSUME_CHECK_CONSUMER) timestamp=1305 ms, used_size=139264 bytes (0.3%)
(RDMA_READ_CONSUME_CHECK_CONSUMER) timestamp=1305 ms, used_size=137216 bytes (0.3%)
(RDMA_READ_CONSUME_CHECK_CONSUMER) timestamp=1305 ms, used_size=135168 bytes (0.3%)
(RDMA_READ_CONSUME_CHECK_CONSUMER) timestamp=1305 ms, used_size=133120 bytes (0.3%)
(RDMA_READ_CONSUME_CHECK_CONSUMER) timestamp=1305 ms, used_size=131072 bytes (0.3%)
(RDMA_READ_CONSUME_CHECK_CONSUMER) timestamp=1305 ms, used_size=129024 bytes (0.3%)
(RDMA_READ_CONSUME_CHECK_CONSUMER) timestamp=1305 ms, used_size=126976 bytes (0.3%)
(RDMA_READ_CONSUME_CHECK_CONSUMER) timestamp=1305 ms, used_size=124928 bytes (0.3%)
(RDMA_READ_CONSUME_CHECK_CONSUMER) timestamp=1305 ms, used_size=122880 bytes (0.3%)
(RDMA_READ_CONSUME_CHECK_CONSUMER) timestamp=1305 ms, used_size=120832 bytes (0.3%)
(RDMA_READ_CONSUME_CHECK_CONSUMER) timestamp=1305 ms, used_size=118784 bytes (0.3%)
(RDMA_READ_CONSUME_CHECK_CONSUMER) timestamp=1305 ms, used_size=116736 bytes (0.3%)
(RDMA_READ_CONSUME_CHECK_CONSUMER) timestamp=1305 ms, used_size=114688 bytes (0.3%)
(RDMA_READ_CONSUME_CHECK_CONSUMER) timestamp=1305 ms, used_size=112640 bytes (0.3%)
(RDMA_READ_CONSUME_CHECK_CONSUMER) timestamp=1305 ms, used_size=110592 bytes (0.3%)
(RDMA_READ_CONSUME_CHECK_CONSUMER) timestamp=1305 ms, used_size=108544 bytes (0.3%)
(RDMA_READ_CONSUME_CHECK_CONSUMER) timestamp=1305 ms, used_size=106496 bytes (0.3%)
(RDMA_READ_CONSUME_CHECK_CONSUMER) timestamp=1305 ms, used_size=104448 bytes (0.3%)
(RDMA_READ_CONSUME_CHECK_CONSUMER) timestamp=1305 ms, used_size=102400 bytes (0.2%)
(RDMA_READ_CONSUME_CHECK_CONSUMER) timestamp=1305 ms, used_size=100352 bytes (0.2%)
(RDMA_READ_CONSUME_CHECK_CONSUMER) timestamp=1305 ms, used_size=98304 bytes (0.2%)
(RDMA_READ_CONSUME_CHECK_CONSUMER) timestamp=1305 ms, used_size=96256 bytes (0.2%)
(RDMA_READ_CONSUME_CHECK_CONSUMER) timestamp=1305 ms, used_size=94208 bytes (0.2%)
(RDMA_READ_CONSUME_CHECK_CONSUMER) timestamp=1305 ms, used_size=92160 bytes (0.2%)
(RDMA_READ_CONSUME_CHECK_CONSUMER) timestamp=1305 ms, used_size=90112 bytes (0.2%)
(RDMA_READ_CONSUME_CHECK_CONSUMER) timestamp=1305 ms, used_size=88064 bytes (0.2%)
(RDMA_READ_CONSUME_CHECK_CONSUMER) timestamp=1305 ms, used_size=86016 bytes (0.2%)
(RDMA_READ_CONSUME_CHECK_CONSUMER) timestamp=1305 ms, used_size=83968 bytes (0.2%)
(RDMA_READ_CONSUME_CHECK_CONSUMER) timestamp=1305 ms, used_size=81920 bytes (0.2%)
(RDMA_READ_CONSUME_CHECK_CONSUMER) timestamp=1305 ms, used_size=79872 bytes (0.2%)
(RDMA_READ_CONSUME_CHECK_CONSUMER) timestamp=1305 ms, used_size=77824 bytes (0.2%)
(RDMA_READ_CONSUME_CHECK_CONSUMER) timestamp=1305 ms, used_size=75776 bytes (0.2%)
(RDMA_READ_CONSUME_CHECK_CONSUMER) timestamp=1305 ms, used_size=73728 bytes (0.2%)
(RDMA_READ_CONSUME_CHECK_CONSUMER) timestamp=1305 ms, used_size=71680 bytes (0.2%)
(RDMA_READ_CONSUME_CHECK_CONSUMER) timestamp=1305 ms, used_size=69632 bytes (0.2%)
(RDMA_READ_CONSUME_CHECK_CONSUMER) timestamp=1305 ms, used_size=67584 bytes (0.2%)
(RDMA_READ_CONSUME_CHECK_CONSUMER) timestamp=1305 ms, used_size=65536 bytes (0.2%)
(RDMA_READ_CONSUME_CHECK_CONSUMER) timestamp=1305 ms, used_size=63488 bytes (0.2%)
(RDMA_READ_CONSUME_CHECK_CONSUMER) timestamp=1305 ms, used_size=61440 bytes (0.1%)
(RDMA_READ_CONSUME_CHECK_CONSUMER) timestamp=1305 ms, used_size=59392 bytes (0.1%)
(RDMA_READ_CONSUME_CHECK_CONSUMER) timestamp=1305 ms, used_size=57344 bytes (0.1%)
(RDMA_READ_CONSUME_CHECK_CONSUMER) timestamp=1305 ms, used_size=55296 bytes (0.1%)
(RDMA_READ_CONSUME_CHECK_CONSUMER) timestamp=1305 ms, used_size=53248 bytes (0.1%)
(RDMA_READ_CONSUME_CHECK_CONSUMER) timestamp=1305 ms, used_size=51200 bytes (0.1%)
(RDMA_READ_CONSUME_CHECK_CONSUMER) timestamp=1305 ms, used_size=49152 bytes (0.1%)
(RDMA_READ_CONSUME_CHECK_CONSUMER) timestamp=1305 ms, used_size=47104 bytes (0.1%)
(RDMA_READ_CONSUME_CHECK_CONSUMER) timestamp=1305 ms, used_size=45056 bytes (0.1%)
(RDMA_READ_CONSUME_CHECK_CONSUMER) timestamp=1305 ms, used_size=43008 bytes (0.1%)
(RDMA_READ_CONSUME_CHECK_CONSUMER) timestamp=1305 ms, used_size=40960 bytes (0.1%)
(RDMA_READ_CONSUME_CHECK_CONSUMER) timestamp=1305 ms, used_size=38912 bytes (0.1%)
(RDMA_READ_CONSUME_CHECK_CONSUMER) timestamp=1305 ms, used_size=36864 bytes (0.1%)
(RDMA_READ_CONSUME_CHECK_CONSUMER) timestamp=1305 ms, used_size=34816 bytes (0.1%)
(RDMA_READ_CONSUME_CHECK_CONSUMER) timestamp=1305 ms, used_size=32768 bytes (0.1%)
(RDMA_READ_CONSUME_CHECK_CONSUMER) timestamp=1305 ms, used_size=30720 bytes (0.1%)
(RDMA_READ_CONSUME_CHECK_CONSUMER) timestamp=1305 ms, used_size=28672 bytes (0.1%)
(RDMA_READ_CONSUME_CHECK_CONSUMER) timestamp=1305 ms, used_size=26624 bytes (0.1%)
(RDMA_READ_CONSUME_CHECK_CONSUMER) timestamp=1305 ms, used_size=24576 bytes (0.1%)
(RDMA_READ_CONSUME_CHECK_CONSUMER) timestamp=1305 ms, used_size=22528 bytes (0.1%)
(RDMA_READ_CONSUME_CHECK_CONSUMER) timestamp=1305 ms, used_size=20480 bytes (0.1%)
(RDMA_READ_CONSUME_CHECK_CONSUMER) timestamp=1305 ms, used_size=18432 bytes (0.0%)
(RDMA_READ_CONSUME_CHECK_CONSUMER) timestamp=1305 ms, used_size=16384 bytes (0.0%)
(RDMA_READ_CONSUME_CHECK_CONSUMER) timestamp=1305 ms, used_size=14336 bytes (0.0%)
(RDMA_READ_CONSUME_CHECK_CONSUMER) timestamp=1305 ms, used_size=12288 bytes (0.0%)
(RDMA_READ_CONSUME_CHECK_CONSUMER) timestamp=1305 ms, used_size=10240 bytes (0.0%)
(RDMA_READ_CONSUME_CHECK_CONSUMER) timestamp=1305 ms, used_size=8192 bytes (0.0%)
(RDMA_READ_CONSUME_CHECK_CONSUMER) timestamp=1305 ms, used_size=6144 bytes (0.0%)
(RDMA_READ_CONSUME_CHECK_CONSUMER) timestamp=1305 ms, used_size=4096 bytes (0.0%)
(RDMA_READ_CONSUME_CHECK_CONSUMER) timestamp=1305 ms, used_size=2048 bytes (0.0%)
(RDMA_READ_CONSUME_CHECK_CONSUMER) timestamp=1305 ms, used_size=0 bytes (0.0%)
(RDMA_READ_CONSUME_CHECK) Cycle 1, Batch 1: CRC32 OK (0xbeaa30f3), 8192 messages verified
(RDMA_READ_CONSUME_CHECK_CONSUMER) timestamp=1305 ms, used_size=16775168 bytes (41.0%)
(RDMA_READ_CONSUME_CHECK_CONSUMER) timestamp=1593 ms, used_size=16773120 bytes (41.0%)
(RDMA_READ_CONSUME_CHECK_CONSUMER) timestamp=1593 ms, used_size=16771072 bytes (40.9%)
(RDMA_READ_CONSUME_CHECK_CONSUMER) timestamp=1593 ms, used_size=16769024 bytes (40.9%)
(RDMA_READ_CONSUME_CHECK_CONSUMER) timestamp=1593 ms, used_size=16766976 bytes (40.9%)
(RDMA_READ_CONSUME_CHECK_CONSUMER) timestamp=1594 ms, used_size=16764928 bytes (40.9%)
(RDMA_READ_CONSUME_CHECK_CONSUMER) timestamp=1594 ms, used_size=16762880 bytes (40.9%)
(RDMA_READ_CONSUME_CHECK_CONSUMER) timestamp=1594 ms, used_size=16760832 bytes (40.9%)
(RDMA_READ_CONSUME_CHECK_CONSUMER) timestamp=1594 ms, used_size=16758784 bytes (40.9%)
(RDMA_READ_CONSUME_CHECK_CONSUMER) timestamp=1594 ms, used_size=16756736 bytes (40.9%)
(RDMA_READ_CONSUME_CHECK_CONSUMER) timestamp=1594 ms, used_size=16754688 bytes (40.9%)
(RDMA_READ_CONSUME_CHECK_CONSUMER) timestamp=1594 ms, used_size=16752640 bytes (40.9%)
(RDMA_READ_CONSUME_CHECK_CONSUMER) timestamp=1594 ms, used_size=16750592 bytes (40.9%)
(RDMA_READ_CONSUME_CHECK_CONSUMER) timestamp=1594 ms, used_size=16748544 bytes (40.9%)
(RDMA_READ_CONSUME_CHECK_CONSUMER) timestamp=1594 ms, used_size=16746496 bytes (40.9%)
(RDMA_READ_CONSUME_CHECK_CONSUMER) timestamp=1594 ms, used_size=16744448 bytes (40.9%)
(RDMA_READ_CONSUME_CHECK_CONSUMER) timestamp=1594 ms, used_size=16742400 bytes (40.9%)
(RDMA_READ_CONSUME_CHECK_CONSUMER) timestamp=1594 ms, used_size=16740352 bytes (40.9%)
(RDMA_READ_CONSUME_CHECK_CONSUMER) timestamp=1594 ms, used_size=16738304 bytes (40.9%)
(RDMA_READ_CONSUME_CHECK_CONSUMER) timestamp=1594 ms, used_size=16736256 bytes (40.9%)
(RDMA_READ_CONSUME_CHECK_CONSUMER) timestamp=1594 ms, used_size=16734208 bytes (40.9%)
(RDMA_READ_CONSUME_CHECK_CONSUMER) timestamp=1594 ms, used_size=16732160 bytes (40.9%)
(RDMA_READ_CONSUME_CHECK_CONSUMER) timestamp=1594 ms, used_size=16730112 bytes (40.8%)
(RDMA_READ_CONSUME_CHECK_CONSUMER) timestamp=1594 ms, used_size=16728064 bytes (40.8%)
(RDMA_READ_CONSUME_CHECK_CONSUMER) timestamp=1594 ms, used_size=16726016 bytes (40.8%)
(RDMA_READ_CONSUME_CHECK_CONSUMER) timestamp=1594 ms, used_size=16723968 bytes (40.8%)
(RDMA_READ_CONSUME_CHECK_CONSUMER) timestamp=1594 ms, used_size=16721920 bytes (40.8%)
(RDMA_READ_CONSUME_CHECK_CONSUMER) timestamp=1594 ms, used_size=16719872 bytes (40.8%)
(RDMA_READ_CONSUME_CHECK_CONSUMER) timestamp=1594 ms, used_size=16717824 bytes (40.8%)
(RDMA_READ_CONSUME_CHECK_CONSUMER) timestamp=1594 ms, used_size=16715776 bytes (40.8%)
(RDMA_READ_CONSUME_CHECK_CONSUMER) timestamp=1594 ms, used_size=16713728 bytes (40.8%)
(RDMA_READ_CONSUME_CHECK_CONSUMER) timestamp=1594 ms, used_size=16711680 bytes (40.8%)
(RDMA_READ_CONSUME_CHECK_CONSUMER) timestamp=1594 ms, used_size=16709632 bytes (40.8%)
(RDMA_READ_CONSUME_CHECK_CONSUMER) timestamp=1594 ms, used_size=16707584 bytes (40.8%)
(RDMA_READ_CONSUME_CHECK_CONSUMER) timestamp=1594 ms, used_size=16705536 bytes (40.8%)
(RDMA_READ_CONSUME_CHECK_CONSUMER) timestamp=1594 ms, used_size=16703488 bytes (40.8%)
(RDMA_READ_CONSUME_CHECK_CONSUMER) timestamp=1594 ms, used_size=16701440 bytes (40.8%)
(RDMA_READ_CONSUME_CHECK_CONSUMER) timestamp=1594 ms, used_size=16699392 bytes (40.8%)
(RDMA_READ_CONSUME_CHECK_CONSUMER) timestamp=1594 ms, used_size=16697344 bytes (40.8%)
(RDMA_READ_CONSUME_CHECK_CONSUMER) timestamp=1594 ms, used_size=16695296 bytes (40.8%)
(RDMA_READ_CONSUME_CHECK_CONSUMER) timestamp=1594 ms, used_size=16693248 bytes (40.8%)
(RDMA_READ_CONSUME_CHECK_CONSUMER) timestamp=1594 ms, used_size=16691200 bytes (40.8%)
(RDMA_READ_CONSUME_CHECK_CONSUMER) timestamp=1594 ms, used_size=16689152 bytes (40.7%)
(RDMA_READ_CONSUME_CHECK_CONSUMER) timestamp=1594 ms, used_size=16687104 bytes (40.7%)
(RDMA_READ_CONSUME_CHECK_CONSUMER) timestamp=1594 ms, used_size=16685056 bytes (40.7%)
(RDMA_READ_CONSUME_CHECK_CONSUMER) timestamp=1594 ms, used_size=16683008 bytes (40.7%)
(RDMA_READ_CONSUME_CHECK_CONSUMER) timestamp=1594 ms, used_size=16680960 bytes (40.7%)
(RDMA_READ_CONSUME_CHECK_CONSUMER) timestamp=1594 ms, used_size=16678912 bytes (40.7%)
(RDMA_READ_CONSUME_CHECK_CONSUMER) timestamp=1594 ms, used_size=16676864 bytes (40.7%)
(RDMA_READ_CONSUME_CHECK_CONSUMER) timestamp=1594 ms, used_size=16674816 bytes (40.7%)
(RDMA_READ_CONSUME_CHECK_CONSUMER) timestamp=1594 ms, used_size=16672768 bytes (40.7%)
(RDMA_READ_CONSUME_CHECK_CONSUMER) timestamp=1594 ms, used_size=16670720 bytes (40.7%)
(RDMA_READ_CONSUME_CHECK_CONSUMER) timestamp=1594 ms, used_size=16668672 bytes (40.7%)
(RDMA_READ_CONSUME_CHECK_CONSUMER) timestamp=1594 ms, used_size=16666624 bytes (40.7%)
(RDMA_READ_CONSUME_CHECK_CONSUMER) timestamp=1594 ms, used_size=16664576 bytes (40.7%)
(RDMA_READ_CONSUME_CHECK_CONSUMER) timestamp=1594 ms, used_size=16662528 bytes (40.7%)
(RDMA_READ_CONSUME_CHECK_CONSUMER) timestamp=1594 ms, used_size=16660480 bytes (40.7%)
(RDMA_READ_CONSUME_CHECK_CONSUMER) timestamp=1594 ms, used_size=16658432 bytes (40.7%)
(RDMA_READ_CONSUME_CHECK_CONSUMER) timestamp=1594 ms, used_size=16656384 bytes (40.7%)
(RDMA_READ_CONSUME_CHECK_CONSUMER) timestamp=1594 ms, used_size=16654336 bytes (40.7%)
(RDMA_READ_CONSUME_CHECK_CONSUMER) timestamp=1594 ms, used_size=16652288 bytes (40.7%)
(RDMA_READ_CONSUME_CHECK_CONSUMER) timestamp=1594 ms, used_size=16650240 bytes (40.6%)
(RDMA_READ_CONSUME_CHECK_CONSUMER) timestamp=1594 ms, used_size=16648192 bytes (40.6%)
(RDMA_READ_CONSUME_CHECK_CONSUMER) timestamp=1594 ms, used_size=16646144 bytes (40.6%)
(RDMA_READ_CONSUME_CHECK_CONSUMER) timestamp=1594 ms, used_size=16644096 bytes (40.6%)
(RDMA_READ_CONSUME_CHECK_CONSUMER) timestamp=1594 ms, used_size=16642048 bytes (40.6%)
(RDMA_READ_CONSUME_CHECK_CONSUMER) timestamp=1594 ms, used_size=16640000 bytes (40.6%)
(RDMA_READ_CONSUME_CHECK_CONSUMER) timestamp=1594 ms, used_size=16637952 bytes (40.6%)
(RDMA_READ_CONSUME_CHECK_CONSUMER) timestamp=1594 ms, used_size=16635904 bytes (40.6%)
(RDMA_READ_CONSUME_CHECK_CONSUMER) timestamp=1594 ms, used_size=16633856 bytes (40.6%)
(RDMA_READ_CONSUME_CHECK_CONSUMER) timestamp=1594 ms, used_size=16631808 bytes (40.6%)
(RDMA_READ_CONSUME_CHECK_CONSUMER) timestamp=1594 ms, used_size=16629760 bytes (40.6%)
(RDMA_READ_CONSUME_CHECK_CONSUMER) timestamp=1594 ms, used_size=16627712 bytes (40.6%)
(RDMA_READ_CONSUME_CHECK_CONSUMER) timestamp=1594 ms, used_size=16625664 bytes (40.6%)
(RDMA_READ_CONSUME_CHECK_CONSUMER) timestamp=1594 ms, used_size=16623616 bytes (40.6%)
(RDMA_READ_CONSUME_CHECK_CONSUMER) timestamp=1594 ms, used_size=16621568 bytes (40.6%)
(RDMA_READ_CONSUME_CHECK_CONSUMER) timestamp=1594 ms, used_size=16619520 bytes (40.6%)
(RDMA_READ_CONSUME_CHECK_CONSUMER) timestamp=1594 ms, used_size=16617472 bytes (40.6%)
(RDMA_READ_CONSUME_CHECK_CONSUMER) timestamp=1594 ms, used_size=16615424 bytes (40.6%)
(RDMA_READ_CONSUME_CHECK_CONSUMER) timestamp=1594 ms, used_size=16613376 bytes (40.6%)
(RDMA_READ_CONSUME_CHECK_CONSUMER) timestamp=1594 ms, used_size=16611328 bytes (40.6%)
(RDMA_READ_CONSUME_CHECK_CONSUMER) timestamp=1594 ms, used_size=16609280 bytes (40.5%)
(RDMA_READ_CONSUME_CHECK_CONSUMER) timestamp=1594 ms, used_size=16607232 bytes (40.5%)
(RDMA_READ_CONSUME_CHECK_CONSUMER) timestamp=1594 ms, used_size=16605184 bytes (40.5%)
(RDMA_READ_CONSUME_CHECK_CONSUMER) timestamp=1594 ms, used_size=16603136 bytes (40.5%)
(RDMA_READ_CONSUME_CHECK_CONSUMER) timestamp=1594 ms, used_size=16601088 bytes (40.5%)
(RDMA_READ_CONSUME_CHECK_CONSUMER) timestamp=1594 ms, used_size=16599040 bytes (40.5%)
(RDMA_READ_CONSUME_CHECK_CONSUMER) timestamp=1594 ms, used_size=16596992 bytes (40.5%)
(RDMA_READ_CONSUME_CHECK_CONSUMER) timestamp=1594 ms, used_size=16594944 bytes (40.5%)
(RDMA_READ_CONSUME_CHECK_CONSUMER) timestamp=1594 ms, used_size=16592896 bytes (40.5%)
(RDMA_READ_CONSUME_CHECK_CONSUMER) timestamp=1594 ms, used_size=16590848 bytes (40.5%)
(RDMA_READ_CONSUME_CHECK_CONSUMER) timestamp=1594 ms, used_size=16588800 bytes (40.5%)
(RDMA_READ_CONSUME_CHECK_CONSUMER) timestamp=1594 ms, used_size=16586752 bytes (40.5%)
(RDMA_READ_CONSUME_CHECK_CONSUMER) timestamp=1594 ms, used_size=16584704 bytes (40.5%)
(RDMA_READ_CONSUME_CHECK_CONSUMER) timestamp=1594 ms, used_size=16582656 bytes (40.5%)
(RDMA_READ_CONSUME_CHECK_CONSUMER) timestamp=1594 ms, used_size=16580608 bytes (40.5%)
(RDMA_READ_CONSUME_CHECK_CONSUMER) timestamp=1594 ms, used_size=16578560 bytes (40.5%)
(RDMA_READ_CONSUME_CHECK_CONSUMER) timestamp=1594 ms, used_size=16576512 bytes (40.5%)
(RDMA_READ_CONSUME_CHECK_CONSUMER) timestamp=1594 ms, used_size=16574464 bytes (40.5%)
(RDMA_READ_CONSUME_CHECK_CONSUMER) timestamp=1594 ms, used_size=16572416 bytes (40.5%)
(RDMA_READ_CONSUME_CHECK_CONSUMER) timestamp=1594 ms, used_size=16570368 bytes (40.5%)
(RDMA_READ_CONSUME_CHECK_CONSUMER) timestamp=1594 ms, used_size=16568320 bytes (40.5%)
(RDMA_READ_CONSUME_CHECK_CONSUMER) timestamp=1594 ms, used_size=16566272 bytes (40.4%)
(RDMA_READ_CONSUME_CHECK_CONSUMER) timestamp=1594 ms, used_size=16564224 bytes (40.4%)
(RDMA_READ_CONSUME_CHECK_CONSUMER) timestamp=1594 ms, used_size=16562176 bytes (40.4%)
(RDMA_READ_CONSUME_CHECK_CONSUMER) timestamp=1594 ms, used_size=16560128 bytes (40.4%)
(RDMA_READ_CONSUME_CHECK_CONSUMER) timestamp=1594 ms, used_size=16558080 bytes (40.4%)
(RDMA_READ_CONSUME_CHECK_CONSUMER) timestamp=1594 ms, used_size=16556032 bytes (40.4%)
(RDMA_READ_CONSUME_CHECK_CONSUMER) timestamp=1594 ms, used_size=16553984 bytes (40.4%)
(RDMA_READ_CONSUME_CHECK_CONSUMER) timestamp=1594 ms, used_size=16551936 bytes (40.4%)
(RDMA_READ_CONSUME_CHECK_CONSUMER) timestamp=1594 ms, used_size=16549888 bytes (40.4%)
(RDMA_READ_CONSUME_CHECK_CONSUMER) timestamp=1594 ms, used_size=16547840 bytes (40.4%)
(RDMA_READ_CONSUME_CHECK_CONSUMER) timestamp=1594 ms, used_size=16545792 bytes (40.4%)
(RDMA_READ_CONSUME_CHECK_CONSUMER) timestamp=1594 ms, used_size=16543744 bytes (40.4%)
(RDMA_READ_CONSUME_CHECK_CONSUMER) timestamp=1594 ms, used_size=16541696 bytes (40.4%)
(RDMA_READ_CONSUME_CHECK_CONSUMER) timestamp=1594 ms, used_size=16539648 bytes (40.4%)
(RDMA_READ_CONSUME_CHECK_CONSUMER) timestamp=1594 ms, used_size=16537600 bytes (40.4%)
(RDMA_READ_CONSUME_CHECK_CONSUMER) timestamp=1594 ms, used_size=16535552 bytes (40.4%)
(RDMA_READ_CONSUME_CHECK_CONSUMER) timestamp=1594 ms, used_size=16533504 bytes (40.4%)
(RDMA_READ_CONSUME_CHECK_CONSUMER) timestamp=1594 ms, used_size=16531456 bytes (40.4%)
(RDMA_READ_CONSUME_CHECK_CONSUMER) timestamp=1594 ms, used_size=16529408 bytes (40.4%)
(RDMA_READ_CONSUME_CHECK_CONSUMER) timestamp=1594 ms, used_size=16527360 bytes (40.4%)
(RDMA_READ_CONSUME_CHECK_CONSUMER) timestamp=1594 ms, used_size=16525312 bytes (40.3%)
(RDMA_READ_CONSUME_CHECK_CONSUMER) timestamp=1594 ms, used_size=16523264 bytes (40.3%)
(RDMA_READ_CONSUME_CHECK_CONSUMER) timestamp=1594 ms, used_size=16521216 bytes (40.3%)
(RDMA_READ_CONSUME_CHECK_CONSUMER) timestamp=1594 ms, used_size=16519168 bytes (40.3%)
(RDMA_READ_CONSUME_CHECK_CONSUMER) timestamp=1594 ms, used_size=16517120 bytes (40.3%)
(RDMA_READ_CONSUME_CHECK_CONSUMER) timestamp=1594 ms, used_size=16515072 bytes (40.3%)
(RDMA_READ_CONSUME_CHECK_CONSUMER) timestamp=1594 ms, used_size=16513024 bytes (40.3%)
(RDMA_READ_CONSUME_CHECK_CONSUMER) timestamp=1594 ms, used_size=16510976 bytes (40.3%)
(RDMA_READ_CONSUME_CHECK_CONSUMER) timestamp=1594 ms, used_size=16508928 bytes (40.3%)
(RDMA_READ_CONSUME_CHECK_CONSUMER) timestamp=1594 ms, used_size=16506880 bytes (40.3%)
(RDMA_READ_CONSUME_CHECK_CONSUMER) timestamp=1594 ms, used_size=16504832 bytes (40.3%)
(RDMA_READ_CONSUME_CHECK_CONSUMER) timestamp=1594 ms, used_size=16502784 bytes (40.3%)
(RDMA_READ_CONSUME_CHECK_CONSUMER) timestamp=1594 ms, used_size=16500736 bytes (40.3%)
(RDMA_READ_CONSUME_CHECK_CONSUMER) timestamp=1594 ms, used_size=16498688 bytes (40.3%)
(RDMA_READ_CONSUME_CHECK_CONSUMER) timestamp=1594 ms, used_size=16496640 bytes (40.3%)
(RDMA_READ_CONSUME_CHECK_CONSUMER) timestamp=1594 ms, used_size=16494592 bytes (40.3%)
(RDMA_READ_CONSUME_CHECK_CONSUMER) timestamp=1594 ms, used_size=16492544 bytes (40.3%)
(RDMA_READ_CONSUME_CHECK_CONSUMER) timestamp=1594 ms, used_size=16490496 bytes (40.3%)
(RDMA_READ_CONSUME_CHECK_CONSUMER) timestamp=1594 ms, used_size=16488448 bytes (40.3%)
(RDMA_READ_CONSUME_CHECK_CONSUMER) timestamp=1594 ms, used_size=16486400 bytes (40.2%)
(RDMA_READ_CONSUME_CHECK_CONSUMER) timestamp=1594 ms, used_size=16484352 bytes (40.2%)
(RDMA_READ_CONSUME_CHECK_CONSUMER) timestamp=1594 ms, used_size=16482304 bytes (40.2%)
(RDMA_READ_CONSUME_CHECK_CONSUMER) timestamp=1594 ms, used_size=16480256 bytes (40.2%)
(RDMA_READ_CONSUME_CHECK_CONSUMER) timestamp=1594 ms, used_size=16478208 bytes (40.2%)
(RDMA_READ_CONSUME_CHECK_CONSUMER) timestamp=1594 ms, used_size=16476160 bytes (40.2%)
(RDMA_READ_CONSUME_CHECK_CONSUMER) timestamp=1594 ms, used_size=16474112 bytes (40.2%)
(RDMA_READ_CONSUME_CHECK_CONSUMER) timestamp=1594 ms, used_size=16472064 bytes (40.2%)
(RDMA_READ_CONSUME_CHECK_CONSUMER) timestamp=1594 ms, used_size=16470016 bytes (40.2%)
(RDMA_READ_CONSUME_CHECK_CONSUMER) timestamp=1594 ms, used_size=16467968 bytes (40.2%)
(RDMA_READ_CONSUME_CHECK_CONSUMER) timestamp=1594 ms, used_size=16465920 bytes (40.2%)
(RDMA_READ_CONSUME_CHECK_CONSUMER) timestamp=1594 ms, used_size=16463872 bytes (40.2%)
(RDMA_READ_CONSUME_CHECK_CONSUMER) timestamp=1594 ms, used_size=16461824 bytes (40.2%)
(RDMA_READ_CONSUME_CHECK_CONSUMER) timestamp=1594 ms, used_size=16459776 bytes (40.2%)
(RDMA_READ_CONSUME_CHECK_CONSUMER) timestamp=1594 ms, used_size=16457728 bytes (40.2%)
(RDMA_READ_CONSUME_CHECK_CONSUMER) timestamp=1594 ms, used_size=16455680 bytes (40.2%)
(RDMA_READ_CONSUME_CHECK_CONSUMER) timestamp=1594 ms, used_size=16453632 bytes (40.2%)
(RDMA_READ_CONSUME_CHECK_CONSUMER) timestamp=1594 ms, used_size=16451584 bytes (40.2%)
(RDMA_READ_CONSUME_CHECK_CONSUMER) timestamp=1594 ms, used_size=16449536 bytes (40.2%)
(RDMA_READ_CONSUME_CHECK_CONSUMER) timestamp=1594 ms, used_size=16447488 bytes (40.2%)
(RDMA_READ_CONSUME_CHECK_CONSUMER) timestamp=1594 ms, used_size=16445440 bytes (40.1%)
(RDMA_READ_CONSUME_CHECK_CONSUMER) timestamp=1594 ms, used_size=16443392 bytes (40.1%)
(RDMA_READ_CONSUME_CHECK_CONSUMER) timestamp=1594 ms, used_size=16441344 bytes (40.1%)
(RDMA_READ_CONSUME_CHECK_CONSUMER) timestamp=1594 ms, used_size=16439296 bytes (40.1%)
(RDMA_READ_CONSUME_CHECK_CONSUMER) timestamp=1594 ms, used_size=16437248 bytes (40.1%)
(RDMA_READ_CONSUME_CHECK_CONSUMER) timestamp=1594 ms, used_size=16435200 bytes (40.1%)
(RDMA_READ_CONSUME_CHECK_CONSUMER) timestamp=1595 ms, used_size=16433152 bytes (40.1%)
(RDMA_READ_CONSUME_CHECK_CONSUMER) timestamp=1595 ms, used_size=16431104 bytes (40.1%)
(RDMA_READ_CONSUME_CHECK_CONSUMER) timestamp=1595 ms, used_size=16429056 bytes (40.1%)
(RDMA_READ_CONSUME_CHECK_CONSUMER) timestamp=1595 ms, used_size=16427008 bytes (40.1%)
(RDMA_READ_CONSUME_CHECK_CONSUMER) timestamp=1595 ms, used_size=16424960 bytes (40.1%)
(RDMA_READ_CONSUME_CHECK_CONSUMER) timestamp=1595 ms, used_size=16422912 bytes (40.1%)
(RDMA_READ_CONSUME_CHECK_CONSUMER) timestamp=1595 ms, used_size=16420864 bytes (40.1%)
(RDMA_READ_CONSUME_CHECK_CONSUMER) timestamp=1595 ms, used_size=16418816 bytes (40.1%)
(RDMA_READ_CONSUME_CHECK_CONSUMER) timestamp=1595 ms, used_size=16416768 bytes (40.1%)
(RDMA_READ_CONSUME_CHECK_CONSUMER) timestamp=1595 ms, used_size=16414720 bytes (40.1%)
(RDMA_READ_CONSUME_CHECK_CONSUMER) timestamp=1595 ms, used_size=16412672 bytes (40.1%)
(RDMA_READ_CONSUME_CHECK_CONSUMER) timestamp=1595 ms, used_size=16410624 bytes (40.1%)
(RDMA_READ_CONSUME_CHECK_CONSUMER) timestamp=1595 ms, used_size=16408576 bytes (40.1%)
(RDMA_READ_CONSUME_CHECK_CONSUMER) timestamp=1595 ms, used_size=16406528 bytes (40.1%)
(RDMA_READ_CONSUME_CHECK_CONSUMER) timestamp=1595 ms, used_size=16404480 bytes (40.0%)
(RDMA_READ_CONSUME_CHECK_CONSUMER) timestamp=1595 ms, used_size=16402432 bytes (40.0%)
(RDMA_READ_CONSUME_CHECK_CONSUMER) timestamp=1595 ms, used_size=16400384 bytes (40.0%)
(RDMA_READ_CONSUME_CHECK_CONSUMER) timestamp=1595 ms, used_size=16398336 bytes (40.0%)
(RDMA_READ_CONSUME_CHECK_CONSUMER) timestamp=1595 ms, used_size=16396288 bytes (40.0%)
(RDMA_READ_CONSUME_CHECK_CONSUMER) timestamp=1595 ms, used_size=16394240 bytes (40.0%)
(RDMA_READ_CONSUME_CHECK_CONSUMER) timestamp=1595 ms, used_size=16392192 bytes (40.0%)
(RDMA_READ_CONSUME_CHECK_CONSUMER) timestamp=1595 ms, used_size=16390144 bytes (40.0%)
(RDMA_READ_CONSUME_CHECK_CONSUMER) timestamp=1595 ms, used_size=16388096 bytes (40.0%)
(RDMA_READ_CONSUME_CHECK_CONSUMER) timestamp=1595 ms, used_size=16386048 bytes (40.0%)
(RDMA_READ_CONSUME_CHECK_CONSUMER) timestamp=1595 ms, used_size=16384000 bytes (40.0%)
(RDMA_READ_CONSUME_CHECK_CONSUMER) timestamp=1595 ms, used_size=16381952 bytes (40.0%)
(RDMA_READ_CONSUME_CHECK_CONSUMER) timestamp=1595 ms, used_size=16379904 bytes (40.0%)
(RDMA_READ_CONSUME_CHECK_CONSUMER) timestamp=1595 ms, used_size=16377856 bytes (40.0%)
(RDMA_READ_CONSUME_CHECK_CONSUMER) timestamp=1595 ms, used_size=16375808 bytes (40.0%)
(RDMA_READ_CONSUME_CHECK_CONSUMER) timestamp=1595 ms, used_size=16373760 bytes (40.0%)
(RDMA_READ_CONSUME_CHECK_CONSUMER) timestamp=1595 ms, used_size=16371712 bytes (40.0%)
(RDMA_READ_CONSUME_CHECK_CONSUMER) timestamp=1595 ms, used_size=16369664 bytes (40.0%)
(RDMA_READ_CONSUME_CHECK_CONSUMER) timestamp=1595 ms, used_size=16367616 bytes (40.0%)
(RDMA_READ_CONSUME_CHECK_CONSUMER) timestamp=1595 ms, used_size=16365568 bytes (40.0%)
(RDMA_READ_CONSUME_CHECK_CONSUMER) timestamp=1595 ms, used_size=16363520 bytes (40.0%)
(RDMA_READ_CONSUME_CHECK_CONSUMER) timestamp=1595 ms, used_size=16361472 bytes (39.9%)
(RDMA_READ_CONSUME_CHECK_CONSUMER) timestamp=1595 ms, used_size=16359424 bytes (39.9%)
(RDMA_READ_CONSUME_CHECK_CONSUMER) timestamp=1595 ms, used_size=16357376 bytes (39.9%)
(RDMA_READ_CONSUME_CHECK_CONSUMER) timestamp=1595 ms, used_size=16355328 bytes (39.9%)
(RDMA_READ_CONSUME_CHECK_CONSUMER) timestamp=1595 ms, used_size=16353280 bytes (39.9%)
(RDMA_READ_CONSUME_CHECK_CONSUMER) timestamp=1595 ms, used_size=16351232 bytes (39.9%)
(RDMA_READ_CONSUME_CHECK_CONSUMER) timestamp=1595 ms, used_size=16349184 bytes (39.9%)
(RDMA_READ_CONSUME_CHECK_CONSUMER) timestamp=1595 ms, used_size=16347136 bytes (39.9%)
(RDMA_READ_CONSUME_CHECK_CONSUMER) timestamp=1595 ms, used_size=16345088 bytes (39.9%)
(RDMA_READ_CONSUME_CHECK_CONSUMER) timestamp=1595 ms, used_size=16343040 bytes (39.9%)
(RDMA_READ_CONSUME_CHECK_CONSUMER) timestamp=1595 ms, used_size=16340992 bytes (39.9%)
(RDMA_READ_CONSUME_CHECK_CONSUMER) timestamp=1595 ms, used_size=16338944 bytes (39.9%)
(RDMA_READ_CONSUME_CHECK_CONSUMER) timestamp=1595 ms, used_size=16336896 bytes (39.9%)
(RDMA_READ_CONSUME_CHECK_CONSUMER) timestamp=1595 ms, used_size=16334848 bytes (39.9%)
(RDMA_READ_CONSUME_CHECK_CONSUMER) timestamp=1595 ms, used_size=16332800 bytes (39.9%)
(RDMA_READ_CONSUME_CHECK_CONSUMER) timestamp=1595 ms, used_size=16330752 bytes (39.9%)
(RDMA_READ_CONSUME_CHECK_CONSUMER) timestamp=1595 ms, used_size=16328704 bytes (39.9%)
(RDMA_READ_CONSUME_CHECK_CONSUMER) timestamp=1595 ms, used_size=16326656 bytes (39.9%)
(RDMA_READ_CONSUME_CHECK_CONSUMER) timestamp=1595 ms, used_size=16324608 bytes (39.9%)
(RDMA_READ_CONSUME_CHECK_CONSUMER) timestamp=1595 ms, used_size=16322560 bytes (39.9%)
(RDMA_READ_CONSUME_CHECK_CONSUMER) timestamp=1595 ms, used_size=16320512 bytes (39.8%)
(RDMA_READ_CONSUME_CHECK_CONSUMER) timestamp=1595 ms, used_size=16318464 bytes (39.8%)
(RDMA_READ_CONSUME_CHECK_CONSUMER) timestamp=1595 ms, used_size=16316416 bytes (39.8%)
(RDMA_READ_CONSUME_CHECK_CONSUMER) timestamp=1595 ms, used_size=16314368 bytes (39.8%)
(RDMA_READ_CONSUME_CHECK_CONSUMER) timestamp=1595 ms, used_size=16312320 bytes (39.8%)
(RDMA_READ_CONSUME_CHECK_CONSUMER) timestamp=1595 ms, used_size=16310272 bytes (39.8%)
(RDMA_READ_CONSUME_CHECK_CONSUMER) timestamp=1595 ms, used_size=16308224 bytes (39.8%)
(RDMA_READ_CONSUME_CHECK_CONSUMER) timestamp=1595 ms, used_size=16306176 bytes (39.8%)
(RDMA_READ_CONSUME_CHECK_CONSUMER) timestamp=1595 ms, used_size=16304128 bytes (39.8%)
(RDMA_READ_CONSUME_CHECK_CONSUMER) timestamp=1595 ms, used_size=16302080 bytes (39.8%)
(RDMA_READ_CONSUME_CHECK_CONSUMER) timestamp=1595 ms, used_size=16300032 bytes (39.8%)
(RDMA_READ_CONSUME_CHECK_CONSUMER) timestamp=1595 ms, used_size=16297984 bytes (39.8%)
(RDMA_READ_CONSUME_CHECK_CONSUMER) timestamp=1595 ms, used_size=16295936 bytes (39.8%)
(RDMA_READ_CONSUME_CHECK_CONSUMER) timestamp=1595 ms, used_size=16293888 bytes (39.8%)
(RDMA_READ_CONSUME_CHECK_CONSUMER) timestamp=1595 ms, used_size=16291840 bytes (39.8%)
(RDMA_READ_CONSUME_CHECK_CONSUMER) timestamp=1595 ms, used_size=16289792 bytes (39.8%)
(RDMA_READ_CONSUME_CHECK_CONSUMER) timestamp=1595 ms, used_size=16287744 bytes (39.8%)
(RDMA_READ_CONSUME_CHECK_CONSUMER) timestamp=1595 ms, used_size=16285696 bytes (39.8%)
(RDMA_READ_CONSUME_CHECK_CONSUMER) timestamp=1595 ms, used_size=16283648 bytes (39.8%)
(RDMA_READ_CONSUME_CHECK_CONSUMER) timestamp=1595 ms, used_size=16281600 bytes (39.8%)
(RDMA_READ_CONSUME_CHECK_CONSUMER) timestamp=1595 ms, used_size=16279552 bytes (39.7%)
(RDMA_READ_CONSUME_CHECK_CONSUMER) timestamp=1595 ms, used_size=16277504 bytes (39.7%)
(RDMA_READ_CONSUME_CHECK_CONSUMER) timestamp=1595 ms, used_size=16275456 bytes (39.7%)
(RDMA_READ_CONSUME_CHECK_CONSUMER) timestamp=1595 ms, used_size=16273408 bytes (39.7%)
(RDMA_READ_CONSUME_CHECK_CONSUMER) timestamp=1595 ms, used_size=16271360 bytes (39.7%)
(RDMA_READ_CONSUME_CHECK_CONSUMER) timestamp=1595 ms, used_size=16269312 bytes (39.7%)
(RDMA_READ_CONSUME_CHECK_CONSUMER) timestamp=1595 ms, used_size=16267264 bytes (39.7%)
(RDMA_READ_CONSUME_CHECK_CONSUMER) timestamp=1595 ms, used_size=16265216 bytes (39.7%)
(RDMA_READ_CONSUME_CHECK_CONSUMER) timestamp=1595 ms, used_size=16263168 bytes (39.7%)
(RDMA_READ_CONSUME_CHECK_CONSUMER) timestamp=1595 ms, used_size=16261120 bytes (39.7%)
(RDMA_READ_CONSUME_CHECK_CONSUMER) timestamp=1595 ms, used_size=16259072 bytes (39.7%)
(RDMA_READ_CONSUME_CHECK_CONSUMER) timestamp=1595 ms, used_size=16257024 bytes (39.7%)
(RDMA_READ_CONSUME_CHECK_CONSUMER) timestamp=1595 ms, used_size=16254976 bytes (39.7%)
(RDMA_READ_CONSUME_CHECK_CONSUMER) timestamp=1595 ms, used_size=16252928 bytes (39.7%)
(RDMA_READ_CONSUME_CHECK_CONSUMER) timestamp=1595 ms, used_size=16250880 bytes (39.7%)
(RDMA_READ_CONSUME_CHECK_CONSUMER) timestamp=1595 ms, used_size=16248832 bytes (39.7%)
(RDMA_READ_CONSUME_CHECK_CONSUMER) timestamp=1595 ms, used_size=16246784 bytes (39.7%)
(RDMA_READ_CONSUME_CHECK_CONSUMER) timestamp=1595 ms, used_size=16244736 bytes (39.7%)
(RDMA_READ_CONSUME_CHECK_CONSUMER) timestamp=1595 ms, used_size=16242688 bytes (39.7%)
(RDMA_READ_CONSUME_CHECK_CONSUMER) timestamp=1595 ms, used_size=16240640 bytes (39.6%)
(RDMA_READ_CONSUME_CHECK_CONSUMER) timestamp=1595 ms, used_size=16238592 bytes (39.6%)
(RDMA_READ_CONSUME_CHECK_CONSUMER) timestamp=1595 ms, used_size=16236544 bytes (39.6%)
(RDMA_READ_CONSUME_CHECK_CONSUMER) timestamp=1595 ms, used_size=16234496 bytes (39.6%)
(RDMA_READ_CONSUME_CHECK_CONSUMER) timestamp=1595 ms, used_size=16232448 bytes (39.6%)
(RDMA_READ_CONSUME_CHECK_CONSUMER) timestamp=1595 ms, used_size=16230400 bytes (39.6%)
(RDMA_READ_CONSUME_CHECK_CONSUMER) timestamp=1595 ms, used_size=16228352 bytes (39.6%)
(RDMA_READ_CONSUME_CHECK_CONSUMER) timestamp=1595 ms, used_size=16226304 bytes (39.6%)
(RDMA_READ_CONSUME_CHECK_CONSUMER) timestamp=1595 ms, used_size=16224256 bytes (39.6%)
(RDMA_READ_CONSUME_CHECK_CONSUMER) timestamp=1595 ms, used_size=16222208 bytes (39.6%)
(RDMA_READ_CONSUME_CHECK_CONSUMER) timestamp=1595 ms, used_size=16220160 bytes (39.6%)
(RDMA_READ_CONSUME_CHECK_CONSUMER) timestamp=1595 ms, used_size=16218112 bytes (39.6%)
(RDMA_READ_CONSUME_CHECK_CONSUMER) timestamp=1595 ms, used_size=16216064 bytes (39.6%)
(RDMA_READ_CONSUME_CHECK_CONSUMER) timestamp=1595 ms, used_size=16214016 bytes (39.6%)
(RDMA_READ_CONSUME_CHECK_CONSUMER) timestamp=1595 ms, used_size=16211968 bytes (39.6%)
(RDMA_READ_CONSUME_CHECK_CONSUMER) timestamp=1595 ms, used_size=16209920 bytes (39.6%)
(RDMA_READ_CONSUME_CHECK_CONSUMER) timestamp=1595 ms, used_size=16207872 bytes (39.6%)
(RDMA_READ_CONSUME_CHECK_CONSUMER) timestamp=1595 ms, used_size=16205824 bytes (39.6%)
(RDMA_READ_CONSUME_CHECK_CONSUMER) timestamp=1595 ms, used_size=16203776 bytes (39.6%)
(RDMA_READ_CONSUME_CHECK_CONSUMER) timestamp=1595 ms, used_size=16201728 bytes (39.6%)
(RDMA_READ_CONSUME_CHECK_CONSUMER) timestamp=1595 ms, used_size=16199680 bytes (39.5%)
(RDMA_READ_CONSUME_CHECK_CONSUMER) timestamp=1595 ms, used_size=16197632 bytes (39.5%)
(RDMA_READ_CONSUME_CHECK_CONSUMER) timestamp=1595 ms, used_size=16195584 bytes (39.5%)
(RDMA_READ_CONSUME_CHECK_CONSUMER) timestamp=1595 ms, used_size=16193536 bytes (39.5%)
(RDMA_READ_CONSUME_CHECK_CONSUMER) timestamp=1595 ms, used_size=16191488 bytes (39.5%)
(RDMA_READ_CONSUME_CHECK_CONSUMER) timestamp=1595 ms, used_size=16189440 bytes (39.5%)
(RDMA_READ_CONSUME_CHECK_CONSUMER) timestamp=1595 ms, used_size=16187392 bytes (39.5%)
(RDMA_READ_CONSUME_CHECK_CONSUMER) timestamp=1595 ms, used_size=16185344 bytes (39.5%)
(RDMA_READ_CONSUME_CHECK_CONSUMER) timestamp=1595 ms, used_size=16183296 bytes (39.5%)
(RDMA_READ_CONSUME_CHECK_CONSUMER) timestamp=1595 ms, used_size=16181248 bytes (39.5%)
(RDMA_READ_CONSUME_CHECK_CONSUMER) timestamp=1595 ms, used_size=16179200 bytes (39.5%)
(RDMA_READ_CONSUME_CHECK_CONSUMER) timestamp=1595 ms, used_size=16177152 bytes (39.5%)
(RDMA_READ_CONSUME_CHECK_CONSUMER) timestamp=1595 ms, used_size=16175104 bytes (39.5%)
(RDMA_READ_CONSUME_CHECK_CONSUMER) timestamp=1595 ms, used_size=16173056 bytes (39.5%)
(RDMA_READ_CONSUME_CHECK_CONSUMER) timestamp=1595 ms, used_size=16171008 bytes (39.5%)
(RDMA_READ_CONSUME_CHECK_CONSUMER) timestamp=1595 ms, used_size=16168960 bytes (39.5%)
(RDMA_READ_CONSUME_CHECK_CONSUMER) timestamp=1595 ms, used_size=16166912 bytes (39.5%)
(RDMA_READ_CONSUME_CHECK_CONSUMER) timestamp=1595 ms, used_size=16164864 bytes (39.5%)
(RDMA_READ_CONSUME_CHECK_CONSUMER) timestamp=1595 ms, used_size=16162816 bytes (39.5%)
(RDMA_READ_CONSUME_CHECK_CONSUMER) timestamp=1595 ms, used_size=16160768 bytes (39.5%)
(RDMA_READ_CONSUME_CHECK_CONSUMER) timestamp=1595 ms, used_size=16158720 bytes (39.5%)
(RDMA_READ_CONSUME_CHECK_CONSUMER) timestamp=1595 ms, used_size=16156672 bytes (39.4%)
(RDMA_READ_CONSUME_CHECK_CONSUMER) timestamp=1595 ms, used_size=16154624 bytes (39.4%)
(RDMA_READ_CONSUME_CHECK_CONSUMER) timestamp=1595 ms, used_size=16152576 bytes (39.4%)
(RDMA_READ_CONSUME_CHECK_CONSUMER) timestamp=1595 ms, used_size=16150528 bytes (39.4%)
(RDMA_READ_CONSUME_CHECK_CONSUMER) timestamp=1595 ms, used_size=16148480 bytes (39.4%)
(RDMA_READ_CONSUME_CHECK_CONSUMER) timestamp=1595 ms, used_size=16146432 bytes (39.4%)
(RDMA_READ_CONSUME_CHECK_CONSUMER) timestamp=1595 ms, used_size=16144384 bytes (39.4%)
(RDMA_READ_CONSUME_CHECK_CONSUMER) timestamp=1595 ms, used_size=16142336 bytes (39.4%)
(RDMA_READ_CONSUME_CHECK_CONSUMER) timestamp=1595 ms, used_size=16140288 bytes (39.4%)
(RDMA_READ_CONSUME_CHECK_CONSUMER) timestamp=1595 ms, used_size=16138240 bytes (39.4%)
(RDMA_READ_CONSUME_CHECK_CONSUMER) timestamp=1595 ms, used_size=16136192 bytes (39.4%)
(RDMA_READ_CONSUME_CHECK_CONSUMER) timestamp=1595 ms, used_size=16134144 bytes (39.4%)
(RDMA_READ_CONSUME_CHECK_CONSUMER) timestamp=1595 ms, used_size=16132096 bytes (39.4%)
(RDMA_READ_CONSUME_CHECK_CONSUMER) timestamp=1595 ms, used_size=16130048 bytes (39.4%)
(RDMA_READ_CONSUME_CHECK_CONSUMER) timestamp=1595 ms, used_size=16128000 bytes (39.4%)
(RDMA_READ_CONSUME_CHECK_CONSUMER) timestamp=1595 ms, used_size=16125952 bytes (39.4%)
(RDMA_READ_CONSUME_CHECK_CONSUMER) timestamp=1595 ms, used_size=16123904 bytes (39.4%)
(RDMA_READ_CONSUME_CHECK_CONSUMER) timestamp=1595 ms, used_size=16121856 bytes (39.4%)
(RDMA_READ_CONSUME_CHECK_CONSUMER) timestamp=1595 ms, used_size=16119808 bytes (39.4%)
(RDMA_READ_CONSUME_CHECK_CONSUMER) timestamp=1595 ms, used_size=16117760 bytes (39.4%)
(RDMA_READ_CONSUME_CHECK_CONSUMER) timestamp=1595 ms, used_size=16115712 bytes (39.3%)
(RDMA_READ_CONSUME_CHECK_CONSUMER) timestamp=1595 ms, used_size=16113664 bytes (39.3%)
(RDMA_READ_CONSUME_CHECK_CONSUMER) timestamp=1595 ms, used_size=16111616 bytes (39.3%)
(RDMA_READ_CONSUME_CHECK_CONSUMER) timestamp=1595 ms, used_size=16109568 bytes (39.3%)
(RDMA_READ_CONSUME_CHECK_CONSUMER) timestamp=1595 ms, used_size=16107520 bytes (39.3%)
(RDMA_READ_CONSUME_CHECK_CONSUMER) timestamp=1595 ms, used_size=16105472 bytes (39.3%)
(RDMA_READ_CONSUME_CHECK_CONSUMER) timestamp=1595 ms, used_size=16103424 bytes (39.3%)
(RDMA_READ_CONSUME_CHECK_CONSUMER) timestamp=1595 ms, used_size=16101376 bytes (39.3%)
(RDMA_READ_CONSUME_CHECK_CONSUMER) timestamp=1595 ms, used_size=16099328 bytes (39.3%)
(RDMA_READ_CONSUME_CHECK_CONSUMER) timestamp=1595 ms, used_size=16097280 bytes (39.3%)
(RDMA_READ_CONSUME_CHECK_CONSUMER) timestamp=1595 ms, used_size=16095232 bytes (39.3%)
(RDMA_READ_CONSUME_CHECK_CONSUMER) timestamp=1595 ms, used_size=16093184 bytes (39.3%)
(RDMA_READ_CONSUME_CHECK_CONSUMER) timestamp=1595 ms, used_size=16091136 bytes (39.3%)
(RDMA_READ_CONSUME_CHECK_CONSUMER) timestamp=1595 ms, used_size=16089088 bytes (39.3%)
(RDMA_READ_CONSUME_CHECK_CONSUMER) timestamp=1595 ms, used_size=16087040 bytes (39.3%)
(RDMA_READ_CONSUME_CHECK_CONSUMER) timestamp=1595 ms, used_size=16084992 bytes (39.3%)
(RDMA_READ_CONSUME_CHECK_CONSUMER) timestamp=1595 ms, used_size=16082944 bytes (39.3%)
(RDMA_READ_CONSUME_CHECK_CONSUMER) timestamp=1595 ms, used_size=16080896 bytes (39.3%)
(RDMA_READ_CONSUME_CHECK_CONSUMER) timestamp=1595 ms, used_size=16078848 bytes (39.3%)
(RDMA_READ_CONSUME_CHECK_CONSUMER) timestamp=1595 ms, used_size=16076800 bytes (39.2%)
(RDMA_READ_CONSUME_CHECK_CONSUMER) timestamp=1595 ms, used_size=16074752 bytes (39.2%)
(RDMA_READ_CONSUME_CHECK_CONSUMER) timestamp=1595 ms, used_size=16072704 bytes (39.2%)
(RDMA_READ_CONSUME_CHECK_CONSUMER) timestamp=1595 ms, used_size=16070656 bytes (39.2%)
(RDMA_READ_CONSUME_CHECK_CONSUMER) timestamp=1595 ms, used_size=16068608 bytes (39.2%)
(RDMA_READ_CONSUME_CHECK_CONSUMER) timestamp=1595 ms, used_size=16066560 bytes (39.2%)
(RDMA_READ_CONSUME_CHECK_CONSUMER) timestamp=1595 ms, used_size=16064512 bytes (39.2%)
(RDMA_READ_CONSUME_CHECK_CONSUMER) timestamp=1595 ms, used_size=16062464 bytes (39.2%)
(RDMA_READ_CONSUME_CHECK_CONSUMER) timestamp=1595 ms, used_size=16060416 bytes (39.2%)
(RDMA_READ_CONSUME_CHECK_CONSUMER) timestamp=1595 ms, used_size=16058368 bytes (39.2%)
(RDMA_READ_CONSUME_CHECK_CONSUMER) timestamp=1596 ms, used_size=16056320 bytes (39.2%)
(RDMA_READ_CONSUME_CHECK_CONSUMER) timestamp=1596 ms, used_size=16054272 bytes (39.2%)
(RDMA_READ_CONSUME_CHECK_CONSUMER) timestamp=1596 ms, used_size=16052224 bytes (39.2%)
(RDMA_READ_CONSUME_CHECK_CONSUMER) timestamp=1596 ms, used_size=16050176 bytes (39.2%)
(RDMA_READ_CONSUME_CHECK_CONSUMER) timestamp=1596 ms, used_size=16048128 bytes (39.2%)
(RDMA_READ_CONSUME_CHECK_CONSUMER) timestamp=1596 ms, used_size=16046080 bytes (39.2%)
(RDMA_READ_CONSUME_CHECK_CONSUMER) timestamp=1596 ms, used_size=16044032 bytes (39.2%)
(RDMA_READ_CONSUME_CHECK_CONSUMER) timestamp=1596 ms, used_size=16041984 bytes (39.2%)
(RDMA_READ_CONSUME_CHECK_CONSUMER) timestamp=1596 ms, used_size=16039936 bytes (39.2%)
(RDMA_READ_CONSUME_CHECK_CONSUMER) timestamp=1596 ms, used_size=16037888 bytes (39.2%)
(RDMA_READ_CONSUME_CHECK_CONSUMER) timestamp=1596 ms, used_size=16035840 bytes (39.1%)
(RDMA_READ_CONSUME_CHECK_CONSUMER) timestamp=1596 ms, used_size=16033792 bytes (39.1%)
(RDMA_READ_CONSUME_CHECK_CONSUMER) timestamp=1596 ms, used_size=16031744 bytes (39.1%)
(RDMA_READ_CONSUME_CHECK_CONSUMER) timestamp=1596 ms, used_size=16029696 bytes (39.1%)
(RDMA_READ_CONSUME_CHECK_CONSUMER) timestamp=1596 ms, used_size=16027648 bytes (39.1%)
(RDMA_READ_CONSUME_CHECK_CONSUMER) timestamp=1596 ms, used_size=16025600 bytes (39.1%)
(RDMA_READ_CONSUME_CHECK_CONSUMER) timestamp=1596 ms, used_size=16023552 bytes (39.1%)
(RDMA_READ_CONSUME_CHECK_CONSUMER) timestamp=1596 ms, used_size=16021504 bytes (39.1%)
(RDMA_READ_CONSUME_CHECK_CONSUMER) timestamp=1596 ms, used_size=16019456 bytes (39.1%)
(RDMA_READ_CONSUME_CHECK_CONSUMER) timestamp=1596 ms, used_size=16017408 bytes (39.1%)
(RDMA_READ_CONSUME_CHECK_CONSUMER) timestamp=1596 ms, used_size=16015360 bytes (39.1%)
(RDMA_READ_CONSUME_CHECK_CONSUMER) timestamp=1596 ms, used_size=16013312 bytes (39.1%)
(RDMA_READ_CONSUME_CHECK_CONSUMER) timestamp=1596 ms, used_size=16011264 bytes (39.1%)
(RDMA_READ_CONSUME_CHECK_CONSUMER) timestamp=1596 ms, used_size=16009216 bytes (39.1%)
(RDMA_READ_CONSUME_CHECK_CONSUMER) timestamp=1596 ms, used_size=16007168 bytes (39.1%)
(RDMA_READ_CONSUME_CHECK_CONSUMER) timestamp=1596 ms, used_size=16005120 bytes (39.1%)
(RDMA_READ_CONSUME_CHECK_CONSUMER) timestamp=1596 ms, used_size=16003072 bytes (39.1%)
(RDMA_READ_CONSUME_CHECK_CONSUMER) timestamp=1596 ms, used_size=16001024 bytes (39.1%)
(RDMA_READ_CONSUME_CHECK_CONSUMER) timestamp=1596 ms, used_size=15998976 bytes (39.1%)
(RDMA_READ_CONSUME_CHECK_CONSUMER) timestamp=1596 ms, used_size=15996928 bytes (39.1%)
(RDMA_READ_CONSUME_CHECK_CONSUMER) timestamp=1596 ms, used_size=15994880 bytes (39.0%)
(RDMA_READ_CONSUME_CHECK_CONSUMER) timestamp=1596 ms, used_size=15992832 bytes (39.0%)
(RDMA_READ_CONSUME_CHECK_CONSUMER) timestamp=1596 ms, used_size=15990784 bytes (39.0%)
(RDMA_READ_CONSUME_CHECK_CONSUMER) timestamp=1596 ms, used_size=15988736 bytes (39.0%)
(RDMA_READ_CONSUME_CHECK_CONSUMER) timestamp=1596 ms, used_size=15986688 bytes (39.0%)
(RDMA_READ_CONSUME_CHECK_CONSUMER) timestamp=1596 ms, used_size=15984640 bytes (39.0%)
(RDMA_READ_CONSUME_CHECK_CONSUMER) timestamp=1596 ms, used_size=15982592 bytes (39.0%)
(RDMA_READ_CONSUME_CHECK_CONSUMER) timestamp=1596 ms, used_size=15980544 bytes (39.0%)
(RDMA_READ_CONSUME_CHECK_CONSUMER) timestamp=1596 ms, used_size=15978496 bytes (39.0%)
(RDMA_READ_CONSUME_CHECK_CONSUMER) timestamp=1596 ms, used_size=15976448 bytes (39.0%)
(RDMA_READ_CONSUME_CHECK_CONSUMER) timestamp=1596 ms, used_size=15974400 bytes (39.0%)
(RDMA_READ_CONSUME_CHECK_CONSUMER) timestamp=1596 ms, used_size=15972352 bytes (39.0%)
(RDMA_READ_CONSUME_CHECK_CONSUMER) timestamp=1596 ms, used_size=15970304 bytes (39.0%)
(RDMA_READ_CONSUME_CHECK_CONSUMER) timestamp=1596 ms, used_size=15968256 bytes (39.0%)
(RDMA_READ_CONSUME_CHECK_CONSUMER) timestamp=1596 ms, used_size=15966208 bytes (39.0%)
(RDMA_READ_CONSUME_CHECK_CONSUMER) timestamp=1596 ms, used_size=15964160 bytes (39.0%)
(RDMA_READ_CONSUME_CHECK_CONSUMER) timestamp=1596 ms, used_size=15962112 bytes (39.0%)
(RDMA_READ_CONSUME_CHECK_CONSUMER) timestamp=1596 ms, used_size=15960064 bytes (39.0%)
(RDMA_READ_CONSUME_CHECK_CONSUMER) timestamp=1596 ms, used_size=15958016 bytes (39.0%)
(RDMA_READ_CONSUME_CHECK_CONSUMER) timestamp=1596 ms, used_size=15955968 bytes (39.0%)
(RDMA_READ_CONSUME_CHECK_CONSUMER) timestamp=1596 ms, used_size=15953920 bytes (39.0%)
(RDMA_READ_CONSUME_CHECK_CONSUMER) timestamp=1596 ms, used_size=15951872 bytes (38.9%)
(RDMA_READ_CONSUME_CHECK_CONSUMER) timestamp=1596 ms, used_size=15949824 bytes (38.9%)
(RDMA_READ_CONSUME_CHECK_CONSUMER) timestamp=1596 ms, used_size=15947776 bytes (38.9%)
(RDMA_READ_CONSUME_CHECK_CONSUMER) timestamp=1596 ms, used_size=15945728 bytes (38.9%)
(RDMA_READ_CONSUME_CHECK_CONSUMER) timestamp=1596 ms, used_size=15943680 bytes (38.9%)
(RDMA_READ_CONSUME_CHECK_CONSUMER) timestamp=1596 ms, used_size=15941632 bytes (38.9%)
(RDMA_READ_CONSUME_CHECK_CONSUMER) timestamp=1596 ms, used_size=15939584 bytes (38.9%)
(RDMA_READ_CONSUME_CHECK_CONSUMER) timestamp=1596 ms, used_size=15937536 bytes (38.9%)
(RDMA_READ_CONSUME_CHECK_CONSUMER) timestamp=1596 ms, used_size=15935488 bytes (38.9%)
(RDMA_READ_CONSUME_CHECK_CONSUMER) timestamp=1596 ms, used_size=15933440 bytes (38.9%)
(RDMA_READ_CONSUME_CHECK_CONSUMER) timestamp=1596 ms, used_size=15931392 bytes (38.9%)
(RDMA_READ_CONSUME_CHECK_CONSUMER) timestamp=1596 ms, used_size=15929344 bytes (38.9%)
(RDMA_READ_CONSUME_CHECK_CONSUMER) timestamp=1596 ms, used_size=15927296 bytes (38.9%)
(RDMA_READ_CONSUME_CHECK_CONSUMER) timestamp=1596 ms, used_size=15925248 bytes (38.9%)
(RDMA_READ_CONSUME_CHECK_CONSUMER) timestamp=1596 ms, used_size=15923200 bytes (38.9%)
(RDMA_READ_CONSUME_CHECK_CONSUMER) timestamp=1596 ms, used_size=15921152 bytes (38.9%)
(RDMA_READ_CONSUME_CHECK_CONSUMER) timestamp=1596 ms, used_size=15919104 bytes (38.9%)
(RDMA_READ_CONSUME_CHECK_CONSUMER) timestamp=1596 ms, used_size=15917056 bytes (38.9%)
(RDMA_READ_CONSUME_CHECK_CONSUMER) timestamp=1596 ms, used_size=15915008 bytes (38.9%)
(RDMA_READ_CONSUME_CHECK_CONSUMER) timestamp=1596 ms, used_size=15912960 bytes (38.9%)
(RDMA_READ_CONSUME_CHECK_CONSUMER) timestamp=1596 ms, used_size=15910912 bytes (38.8%)
(RDMA_READ_CONSUME_CHECK_CONSUMER) timestamp=1596 ms, used_size=15908864 bytes (38.8%)
(RDMA_READ_CONSUME_CHECK_CONSUMER) timestamp=1596 ms, used_size=15906816 bytes (38.8%)
(RDMA_READ_CONSUME_CHECK_CONSUMER) timestamp=1596 ms, used_size=15904768 bytes (38.8%)
(RDMA_READ_CONSUME_CHECK_CONSUMER) timestamp=1596 ms, used_size=15902720 bytes (38.8%)
(RDMA_READ_CONSUME_CHECK_CONSUMER) timestamp=1596 ms, used_size=15900672 bytes (38.8%)
(RDMA_READ_CONSUME_CHECK_CONSUMER) timestamp=1596 ms, used_size=15898624 bytes (38.8%)
(RDMA_READ_CONSUME_CHECK_CONSUMER) timestamp=1596 ms, used_size=15896576 bytes (38.8%)
(RDMA_READ_CONSUME_CHECK_CONSUMER) timestamp=1596 ms, used_size=15894528 bytes (38.8%)
(RDMA_READ_CONSUME_CHECK_CONSUMER) timestamp=1596 ms, used_size=15892480 bytes (38.8%)
(RDMA_READ_CONSUME_CHECK_CONSUMER) timestamp=1596 ms, used_size=15890432 bytes (38.8%)
(RDMA_READ_CONSUME_CHECK_CONSUMER) timestamp=1596 ms, used_size=15888384 bytes (38.8%)
(RDMA_READ_CONSUME_CHECK_CONSUMER) timestamp=1596 ms, used_size=15886336 bytes (38.8%)
(RDMA_READ_CONSUME_CHECK_CONSUMER) timestamp=1596 ms, used_size=15884288 bytes (38.8%)
(RDMA_READ_CONSUME_CHECK_CONSUMER) timestamp=1596 ms, used_size=15882240 bytes (38.8%)
(RDMA_READ_CONSUME_CHECK_CONSUMER) timestamp=1596 ms, used_size=15880192 bytes (38.8%)
(RDMA_READ_CONSUME_CHECK_CONSUMER) timestamp=1596 ms, used_size=15878144 bytes (38.8%)
(RDMA_READ_CONSUME_CHECK_CONSUMER) timestamp=1596 ms, used_size=15876096 bytes (38.8%)
(RDMA_READ_CONSUME_CHECK_CONSUMER) timestamp=1596 ms, used_size=15874048 bytes (38.8%)
(RDMA_READ_CONSUME_CHECK_CONSUMER) timestamp=1596 ms, used_size=15872000 bytes (38.8%)
(RDMA_READ_CONSUME_CHECK_CONSUMER) timestamp=1596 ms, used_size=15869952 bytes (38.7%)
(RDMA_READ_CONSUME_CHECK_CONSUMER) timestamp=1596 ms, used_size=15867904 bytes (38.7%)
(RDMA_READ_CONSUME_CHECK_CONSUMER) timestamp=1596 ms, used_size=15865856 bytes (38.7%)
(RDMA_READ_CONSUME_CHECK_CONSUMER) timestamp=1596 ms, used_size=15863808 bytes (38.7%)
(RDMA_READ_CONSUME_CHECK_CONSUMER) timestamp=1596 ms, used_size=15861760 bytes (38.7%)
(RDMA_READ_CONSUME_CHECK_CONSUMER) timestamp=1596 ms, used_size=15859712 bytes (38.7%)
(RDMA_READ_CONSUME_CHECK_CONSUMER) timestamp=1596 ms, used_size=15857664 bytes (38.7%)
(RDMA_READ_CONSUME_CHECK_CONSUMER) timestamp=1596 ms, used_size=15855616 bytes (38.7%)
(RDMA_READ_CONSUME_CHECK_CONSUMER) timestamp=1596 ms, used_size=15853568 bytes (38.7%)
(RDMA_READ_CONSUME_CHECK_CONSUMER) timestamp=1596 ms, used_size=15851520 bytes (38.7%)
(RDMA_READ_CONSUME_CHECK_CONSUMER) timestamp=1596 ms, used_size=15849472 bytes (38.7%)
(RDMA_READ_CONSUME_CHECK_CONSUMER) timestamp=1596 ms, used_size=15847424 bytes (38.7%)
(RDMA_READ_CONSUME_CHECK_CONSUMER) timestamp=1596 ms, used_size=15845376 bytes (38.7%)
(RDMA_READ_CONSUME_CHECK_CONSUMER) timestamp=1596 ms, used_size=15843328 bytes (38.7%)
(RDMA_READ_CONSUME_CHECK_CONSUMER) timestamp=1596 ms, used_size=15841280 bytes (38.7%)
(RDMA_READ_CONSUME_CHECK_CONSUMER) timestamp=1596 ms, used_size=15839232 bytes (38.7%)
(RDMA_READ_CONSUME_CHECK_CONSUMER) timestamp=1596 ms, used_size=15837184 bytes (38.7%)
(RDMA_READ_CONSUME_CHECK_CONSUMER) timestamp=1596 ms, used_size=15835136 bytes (38.7%)
(RDMA_READ_CONSUME_CHECK_CONSUMER) timestamp=1596 ms, used_size=15833088 bytes (38.7%)
(RDMA_READ_CONSUME_CHECK_CONSUMER) timestamp=1596 ms, used_size=15831040 bytes (38.6%)
(RDMA_READ_CONSUME_CHECK_CONSUMER) timestamp=1596 ms, used_size=15828992 bytes (38.6%)
(RDMA_READ_CONSUME_CHECK_CONSUMER) timestamp=1596 ms, used_size=15826944 bytes (38.6%)
(RDMA_READ_CONSUME_CHECK_CONSUMER) timestamp=1596 ms, used_size=15824896 bytes (38.6%)
(RDMA_READ_CONSUME_CHECK_CONSUMER) timestamp=1596 ms, used_size=15822848 bytes (38.6%)
(RDMA_READ_CONSUME_CHECK_CONSUMER) timestamp=1596 ms, used_size=15820800 bytes (38.6%)
(RDMA_READ_CONSUME_CHECK_CONSUMER) timestamp=1596 ms, used_size=15818752 bytes (38.6%)
(RDMA_READ_CONSUME_CHECK_CONSUMER) timestamp=1596 ms, used_size=15816704 bytes (38.6%)
(RDMA_READ_CONSUME_CHECK_CONSUMER) timestamp=1596 ms, used_size=15814656 bytes (38.6%)
(RDMA_READ_CONSUME_CHECK_CONSUMER) timestamp=1596 ms, used_size=15812608 bytes (38.6%)
(RDMA_READ_CONSUME_CHECK_CONSUMER) timestamp=1596 ms, used_size=15810560 bytes (38.6%)
(RDMA_READ_CONSUME_CHECK_CONSUMER) timestamp=1596 ms, used_size=15808512 bytes (38.6%)
(RDMA_READ_CONSUME_CHECK_CONSUMER) timestamp=1596 ms, used_size=15806464 bytes (38.6%)
(RDMA_READ_CONSUME_CHECK_CONSUMER) timestamp=1596 ms, used_size=15804416 bytes (38.6%)
(RDMA_READ_CONSUME_CHECK_CONSUMER) timestamp=1596 ms, used_size=15802368 bytes (38.6%)
(RDMA_READ_CONSUME_CHECK_CONSUMER) timestamp=1596 ms, used_size=15800320 bytes (38.6%)
(RDMA_READ_CONSUME_CHECK_CONSUMER) timestamp=1596 ms, used_size=15798272 bytes (38.6%)
(RDMA_READ_CONSUME_CHECK_CONSUMER) timestamp=1596 ms, used_size=15796224 bytes (38.6%)
(RDMA_READ_CONSUME_CHECK_CONSUMER) timestamp=1596 ms, used_size=15794176 bytes (38.6%)
(RDMA_READ_CONSUME_CHECK_CONSUMER) timestamp=1596 ms, used_size=15792128 bytes (38.6%)
(RDMA_READ_CONSUME_CHECK_CONSUMER) timestamp=1596 ms, used_size=15790080 bytes (38.5%)
(RDMA_READ_CONSUME_CHECK_CONSUMER) timestamp=1596 ms, used_size=15788032 bytes (38.5%)
(RDMA_READ_CONSUME_CHECK_CONSUMER) timestamp=1596 ms, used_size=15785984 bytes (38.5%)
(RDMA_READ_CONSUME_CHECK_CONSUMER) timestamp=1596 ms, used_size=15783936 bytes (38.5%)
(RDMA_READ_CONSUME_CHECK_CONSUMER) timestamp=1596 ms, used_size=15781888 bytes (38.5%)
(RDMA_READ_CONSUME_CHECK_CONSUMER) timestamp=1596 ms, used_size=15779840 bytes (38.5%)
(RDMA_READ_CONSUME_CHECK_CONSUMER) timestamp=1596 ms, used_size=15777792 bytes (38.5%)
(RDMA_READ_CONSUME_CHECK_CONSUMER) timestamp=1596 ms, used_size=15775744 bytes (38.5%)
(RDMA_READ_CONSUME_CHECK_CONSUMER) timestamp=1596 ms, used_size=15773696 bytes (38.5%)
(RDMA_READ_CONSUME_CHECK_CONSUMER) timestamp=1596 ms, used_size=15771648 bytes (38.5%)
(RDMA_READ_CONSUME_CHECK_CONSUMER) timestamp=1596 ms, used_size=15769600 bytes (38.5%)
(RDMA_READ_CONSUME_CHECK_CONSUMER) timestamp=1596 ms, used_size=15767552 bytes (38.5%)
(RDMA_READ_CONSUME_CHECK_CONSUMER) timestamp=1596 ms, used_size=15765504 bytes (38.5%)
(RDMA_READ_CONSUME_CHECK_CONSUMER) timestamp=1596 ms, used_size=15763456 bytes (38.5%)
(RDMA_READ_CONSUME_CHECK_CONSUMER) timestamp=1596 ms, used_size=15761408 bytes (38.5%)
(RDMA_READ_CONSUME_CHECK_CONSUMER) timestamp=1596 ms, used_size=15759360 bytes (38.5%)
(RDMA_READ_CONSUME_CHECK_CONSUMER) timestamp=1596 ms, used_size=15757312 bytes (38.5%)
(RDMA_READ_CONSUME_CHECK_CONSUMER) timestamp=1596 ms, used_size=15755264 bytes (38.5%)
(RDMA_READ_CONSUME_CHECK_CONSUMER) timestamp=1596 ms, used_size=15753216 bytes (38.5%)
(RDMA_READ_CONSUME_CHECK_CONSUMER) timestamp=1596 ms, used_size=15751168 bytes (38.5%)
(RDMA_READ_CONSUME_CHECK_CONSUMER) timestamp=1596 ms, used_size=15749120 bytes (38.5%)
(RDMA_READ_CONSUME_CHECK_CONSUMER) timestamp=1596 ms, used_size=15747072 bytes (38.4%)
(RDMA_READ_CONSUME_CHECK_CONSUMER) timestamp=1596 ms, used_size=15745024 bytes (38.4%)
(RDMA_READ_CONSUME_CHECK_CONSUMER) timestamp=1596 ms, used_size=15742976 bytes (38.4%)
(RDMA_READ_CONSUME_CHECK_CONSUMER) timestamp=1596 ms, used_size=15740928 bytes (38.4%)
(RDMA_READ_CONSUME_CHECK_CONSUMER) timestamp=1596 ms, used_size=15738880 bytes (38.4%)
(RDMA_READ_CONSUME_CHECK_CONSUMER) timestamp=1596 ms, used_size=15736832 bytes (38.4%)
(RDMA_READ_CONSUME_CHECK_CONSUMER) timestamp=1596 ms, used_size=15734784 bytes (38.4%)
(RDMA_READ_CONSUME_CHECK_CONSUMER) timestamp=1596 ms, used_size=15732736 bytes (38.4%)
(RDMA_READ_CONSUME_CHECK_CONSUMER) timestamp=1596 ms, used_size=15730688 bytes (38.4%)
(RDMA_READ_CONSUME_CHECK_CONSUMER) timestamp=1596 ms, used_size=15728640 bytes (38.4%)
(RDMA_READ_CONSUME_CHECK_CONSUMER) timestamp=1596 ms, used_size=15726592 bytes (38.4%)
(RDMA_READ_CONSUME_CHECK_CONSUMER) timestamp=1596 ms, used_size=15724544 bytes (38.4%)
(RDMA_READ_CONSUME_CHECK_CONSUMER) timestamp=1596 ms, used_size=15722496 bytes (38.4%)
(RDMA_READ_CONSUME_CHECK_CONSUMER) timestamp=1596 ms, used_size=15720448 bytes (38.4%)
(RDMA_READ_CONSUME_CHECK_CONSUMER) timestamp=1596 ms, used_size=15718400 bytes (38.4%)
(RDMA_READ_CONSUME_CHECK_CONSUMER) timestamp=1596 ms, used_size=15716352 bytes (38.4%)
(RDMA_READ_CONSUME_CHECK_CONSUMER) timestamp=1596 ms, used_size=15714304 bytes (38.4%)
(RDMA_READ_CONSUME_CHECK_CONSUMER) timestamp=1596 ms, used_size=15712256 bytes (38.4%)
(RDMA_READ_CONSUME_CHECK_CONSUMER) timestamp=1596 ms, used_size=15710208 bytes (38.4%)
(RDMA_READ_CONSUME_CHECK_CONSUMER) timestamp=1596 ms, used_size=15708160 bytes (38.4%)
(RDMA_READ_CONSUME_CHECK_CONSUMER) timestamp=1596 ms, used_size=15706112 bytes (38.3%)
(RDMA_READ_CONSUME_CHECK_CONSUMER) timestamp=1596 ms, used_size=15704064 bytes (38.3%)
(RDMA_READ_CONSUME_CHECK_CONSUMER) timestamp=1596 ms, used_size=15702016 bytes (38.3%)
(RDMA_READ_CONSUME_CHECK_CONSUMER) timestamp=1596 ms, used_size=15699968 bytes (38.3%)
(RDMA_READ_CONSUME_CHECK_CONSUMER) timestamp=1596 ms, used_size=15697920 bytes (38.3%)
(RDMA_READ_CONSUME_CHECK_CONSUMER) timestamp=1596 ms, used_size=15695872 bytes (38.3%)
(RDMA_READ_CONSUME_CHECK_CONSUMER) timestamp=1596 ms, used_size=15693824 bytes (38.3%)
(RDMA_READ_CONSUME_CHECK_CONSUMER) timestamp=1596 ms, used_size=15691776 bytes (38.3%)
(RDMA_READ_CONSUME_CHECK_CONSUMER) timestamp=1596 ms, used_size=15689728 bytes (38.3%)
(RDMA_READ_CONSUME_CHECK_CONSUMER) timestamp=1597 ms, used_size=15687680 bytes (38.3%)
(RDMA_READ_CONSUME_CHECK_CONSUMER) timestamp=1597 ms, used_size=15685632 bytes (38.3%)
(RDMA_READ_CONSUME_CHECK_CONSUMER) timestamp=1597 ms, used_size=15683584 bytes (38.3%)
(RDMA_READ_CONSUME_CHECK_CONSUMER) timestamp=1597 ms, used_size=15681536 bytes (38.3%)
(RDMA_READ_CONSUME_CHECK_CONSUMER) timestamp=1597 ms, used_size=15679488 bytes (38.3%)
(RDMA_READ_CONSUME_CHECK_CONSUMER) timestamp=1597 ms, used_size=15677440 bytes (38.3%)
(RDMA_READ_CONSUME_CHECK_CONSUMER) timestamp=1597 ms, used_size=15675392 bytes (38.3%)
(RDMA_READ_CONSUME_CHECK_CONSUMER) timestamp=1597 ms, used_size=15673344 bytes (38.3%)
(RDMA_READ_CONSUME_CHECK_CONSUMER) timestamp=1597 ms, used_size=15671296 bytes (38.3%)
(RDMA_READ_CONSUME_CHECK_CONSUMER) timestamp=1597 ms, used_size=15669248 bytes (38.3%)
(RDMA_READ_CONSUME_CHECK_CONSUMER) timestamp=1597 ms, used_size=15667200 bytes (38.2%)
(RDMA_READ_CONSUME_CHECK_CONSUMER) timestamp=1597 ms, used_size=15665152 bytes (38.2%)
(RDMA_READ_CONSUME_CHECK_CONSUMER) timestamp=1597 ms, used_size=15663104 bytes (38.2%)
(RDMA_READ_CONSUME_CHECK_CONSUMER) timestamp=1597 ms, used_size=15661056 bytes (38.2%)
(RDMA_READ_CONSUME_CHECK_CONSUMER) timestamp=1597 ms, used_size=15659008 bytes (38.2%)
(RDMA_READ_CONSUME_CHECK_CONSUMER) timestamp=1597 ms, used_size=15656960 bytes (38.2%)
(RDMA_READ_CONSUME_CHECK_CONSUMER) timestamp=1597 ms, used_size=15654912 bytes (38.2%)
(RDMA_READ_CONSUME_CHECK_CONSUMER) timestamp=1597 ms, used_size=15652864 bytes (38.2%)
(RDMA_READ_CONSUME_CHECK_CONSUMER) timestamp=1597 ms, used_size=15650816 bytes (38.2%)
(RDMA_READ_CONSUME_CHECK_CONSUMER) timestamp=1597 ms, used_size=15648768 bytes (38.2%)
(RDMA_READ_CONSUME_CHECK_CONSUMER) timestamp=1597 ms, used_size=15646720 bytes (38.2%)
(RDMA_READ_CONSUME_CHECK_CONSUMER) timestamp=1597 ms, used_size=15644672 bytes (38.2%)
(RDMA_READ_CONSUME_CHECK_CONSUMER) timestamp=1597 ms, used_size=15642624 bytes (38.2%)
(RDMA_READ_CONSUME_CHECK_CONSUMER) timestamp=1597 ms, used_size=15640576 bytes (38.2%)
(RDMA_READ_CONSUME_CHECK_CONSUMER) timestamp=1597 ms, used_size=15638528 bytes (38.2%)
(RDMA_READ_CONSUME_CHECK_CONSUMER) timestamp=1597 ms, used_size=15636480 bytes (38.2%)
(RDMA_READ_CONSUME_CHECK_CONSUMER) timestamp=1597 ms, used_size=15634432 bytes (38.2%)
(RDMA_READ_CONSUME_CHECK_CONSUMER) timestamp=1597 ms, used_size=15632384 bytes (38.2%)
(RDMA_READ_CONSUME_CHECK_CONSUMER) timestamp=1597 ms, used_size=15630336 bytes (38.2%)
(RDMA_READ_CONSUME_CHECK_CONSUMER) timestamp=1597 ms, used_size=15628288 bytes (38.2%)
(RDMA_READ_CONSUME_CHECK_CONSUMER) timestamp=1597 ms, used_size=15626240 bytes (38.1%)
(RDMA_READ_CONSUME_CHECK_CONSUMER) timestamp=1597 ms, used_size=15624192 bytes (38.1%)
(RDMA_READ_CONSUME_CHECK_CONSUMER) timestamp=1597 ms, used_size=15622144 bytes (38.1%)
(RDMA_READ_CONSUME_CHECK_CONSUMER) timestamp=1597 ms, used_size=15620096 bytes (38.1%)
(RDMA_READ_CONSUME_CHECK_CONSUMER) timestamp=1597 ms, used_size=15618048 bytes (38.1%)
(RDMA_READ_CONSUME_CHECK_CONSUMER) timestamp=1597 ms, used_size=15616000 bytes (38.1%)
(RDMA_READ_CONSUME_CHECK_CONSUMER) timestamp=1597 ms, used_size=15613952 bytes (38.1%)
(RDMA_READ_CONSUME_CHECK_CONSUMER) timestamp=1597 ms, used_size=15611904 bytes (38.1%)
(RDMA_READ_CONSUME_CHECK_CONSUMER) timestamp=1597 ms, used_size=15609856 bytes (38.1%)
(RDMA_READ_CONSUME_CHECK_CONSUMER) timestamp=1597 ms, used_size=15607808 bytes (38.1%)
(RDMA_READ_CONSUME_CHECK_CONSUMER) timestamp=1597 ms, used_size=15605760 bytes (38.1%)
(RDMA_READ_CONSUME_CHECK_CONSUMER) timestamp=1597 ms, used_size=15603712 bytes (38.1%)
(RDMA_READ_CONSUME_CHECK_CONSUMER) timestamp=1597 ms, used_size=15601664 bytes (38.1%)
(RDMA_READ_CONSUME_CHECK_CONSUMER) timestamp=1597 ms, used_size=15599616 bytes (38.1%)
(RDMA_READ_CONSUME_CHECK_CONSUMER) timestamp=1597 ms, used_size=15597568 bytes (38.1%)
(RDMA_READ_CONSUME_CHECK_CONSUMER) timestamp=1597 ms, used_size=15595520 bytes (38.1%)
(RDMA_READ_CONSUME_CHECK_CONSUMER) timestamp=1597 ms, used_size=15593472 bytes (38.1%)
(RDMA_READ_CONSUME_CHECK_CONSUMER) timestamp=1597 ms, used_size=15591424 bytes (38.1%)
(RDMA_READ_CONSUME_CHECK_CONSUMER) timestamp=1597 ms, used_size=15589376 bytes (38.1%)
(RDMA_READ_CONSUME_CHECK_CONSUMER) timestamp=1597 ms, used_size=15587328 bytes (38.1%)
(RDMA_READ_CONSUME_CHECK_CONSUMER) timestamp=1597 ms, used_size=15585280 bytes (38.0%)
(RDMA_READ_CONSUME_CHECK_CONSUMER) timestamp=1597 ms, used_size=15583232 bytes (38.0%)
(RDMA_READ_CONSUME_CHECK_CONSUMER) timestamp=1597 ms, used_size=15581184 bytes (38.0%)
(RDMA_READ_CONSUME_CHECK_CONSUMER) timestamp=1597 ms, used_size=15579136 bytes (38.0%)
(RDMA_READ_CONSUME_CHECK_CONSUMER) timestamp=1597 ms, used_size=15577088 bytes (38.0%)
(RDMA_READ_CONSUME_CHECK_CONSUMER) timestamp=1597 ms, used_size=15575040 bytes (38.0%)
(RDMA_READ_CONSUME_CHECK_CONSUMER) timestamp=1597 ms, used_size=15572992 bytes (38.0%)
(RDMA_READ_CONSUME_CHECK_CONSUMER) timestamp=1597 ms, used_size=15570944 bytes (38.0%)
(RDMA_READ_CONSUME_CHECK_CONSUMER) timestamp=1597 ms, used_size=15568896 bytes (38.0%)
(RDMA_READ_CONSUME_CHECK_CONSUMER) timestamp=1597 ms, used_size=15566848 bytes (38.0%)
(RDMA_READ_CONSUME_CHECK_CONSUMER) timestamp=1597 ms, used_size=15564800 bytes (38.0%)
(RDMA_READ_CONSUME_CHECK_CONSUMER) timestamp=1597 ms, used_size=15562752 bytes (38.0%)
(RDMA_READ_CONSUME_CHECK_CONSUMER) timestamp=1597 ms, used_size=15560704 bytes (38.0%)
(RDMA_READ_CONSUME_CHECK_CONSUMER) timestamp=1597 ms, used_size=15558656 bytes (38.0%)
(RDMA_READ_CONSUME_CHECK_CONSUMER) timestamp=1597 ms, used_size=15556608 bytes (38.0%)
(RDMA_READ_CONSUME_CHECK_CONSUMER) timestamp=1597 ms, used_size=15554560 bytes (38.0%)
(RDMA_READ_CONSUME_CHECK_CONSUMER) timestamp=1597 ms, used_size=15552512 bytes (38.0%)
(RDMA_READ_CONSUME_CHECK_CONSUMER) timestamp=1597 ms, used_size=15550464 bytes (38.0%)
(RDMA_READ_CONSUME_CHECK_CONSUMER) timestamp=1597 ms, used_size=15548416 bytes (38.0%)
(RDMA_READ_CONSUME_CHECK_CONSUMER) timestamp=1597 ms, used_size=15546368 bytes (38.0%)
(RDMA_READ_CONSUME_CHECK_CONSUMER) timestamp=1597 ms, used_size=15544320 bytes (38.0%)
(RDMA_READ_CONSUME_CHECK_CONSUMER) timestamp=1597 ms, used_size=15542272 bytes (37.9%)
(RDMA_READ_CONSUME_CHECK_CONSUMER) timestamp=1597 ms, used_size=15540224 bytes (37.9%)
(RDMA_READ_CONSUME_CHECK_CONSUMER) timestamp=1597 ms, used_size=15538176 bytes (37.9%)
(RDMA_READ_CONSUME_CHECK_CONSUMER) timestamp=1597 ms, used_size=15536128 bytes (37.9%)
(RDMA_READ_CONSUME_CHECK_CONSUMER) timestamp=1597 ms, used_size=15534080 bytes (37.9%)
(RDMA_READ_CONSUME_CHECK_CONSUMER) timestamp=1597 ms, used_size=15532032 bytes (37.9%)
(RDMA_READ_CONSUME_CHECK_CONSUMER) timestamp=1597 ms, used_size=15529984 bytes (37.9%)
(RDMA_READ_CONSUME_CHECK_CONSUMER) timestamp=1597 ms, used_size=15527936 bytes (37.9%)
(RDMA_READ_CONSUME_CHECK_CONSUMER) timestamp=1597 ms, used_size=15525888 bytes (37.9%)
(RDMA_READ_CONSUME_CHECK_CONSUMER) timestamp=1597 ms, used_size=15523840 bytes (37.9%)
(RDMA_READ_CONSUME_CHECK_CONSUMER) timestamp=1597 ms, used_size=15521792 bytes (37.9%)
(RDMA_READ_CONSUME_CHECK_CONSUMER) timestamp=1597 ms, used_size=15519744 bytes (37.9%)
(RDMA_READ_CONSUME_CHECK_CONSUMER) timestamp=1597 ms, used_size=15517696 bytes (37.9%)
(RDMA_READ_CONSUME_CHECK_CONSUMER) timestamp=1597 ms, used_size=15515648 bytes (37.9%)
(RDMA_READ_CONSUME_CHECK_CONSUMER) timestamp=1597 ms, used_size=15513600 bytes (37.9%)
(RDMA_READ_CONSUME_CHECK_CONSUMER) timestamp=1597 ms, used_size=15511552 bytes (37.9%)
(RDMA_READ_CONSUME_CHECK_CONSUMER) timestamp=1597 ms, used_size=15509504 bytes (37.9%)
(RDMA_READ_CONSUME_CHECK_CONSUMER) timestamp=1597 ms, used_size=15507456 bytes (37.9%)
(RDMA_READ_CONSUME_CHECK_CONSUMER) timestamp=1597 ms, used_size=15505408 bytes (37.9%)
(RDMA_READ_CONSUME_CHECK_CONSUMER) timestamp=1597 ms, used_size=15503360 bytes (37.9%)
(RDMA_READ_CONSUME_CHECK_CONSUMER) timestamp=1597 ms, used_size=15501312 bytes (37.8%)
(RDMA_READ_CONSUME_CHECK_CONSUMER) timestamp=1597 ms, used_size=15499264 bytes (37.8%)
(RDMA_READ_CONSUME_CHECK_CONSUMER) timestamp=1597 ms, used_size=15497216 bytes (37.8%)
(RDMA_READ_CONSUME_CHECK_CONSUMER) timestamp=1597 ms, used_size=15495168 bytes (37.8%)
(RDMA_READ_CONSUME_CHECK_CONSUMER) timestamp=1597 ms, used_size=15493120 bytes (37.8%)
(RDMA_READ_CONSUME_CHECK_CONSUMER) timestamp=1597 ms, used_size=15491072 bytes (37.8%)
(RDMA_READ_CONSUME_CHECK_CONSUMER) timestamp=1597 ms, used_size=15489024 bytes (37.8%)
(RDMA_READ_CONSUME_CHECK_CONSUMER) timestamp=1597 ms, used_size=15486976 bytes (37.8%)
(RDMA_READ_CONSUME_CHECK_CONSUMER) timestamp=1597 ms, used_size=15484928 bytes (37.8%)
(RDMA_READ_CONSUME_CHECK_CONSUMER) timestamp=1597 ms, used_size=15482880 bytes (37.8%)
(RDMA_READ_CONSUME_CHECK_CONSUMER) timestamp=1597 ms, used_size=15480832 bytes (37.8%)
(RDMA_READ_CONSUME_CHECK_CONSUMER) timestamp=1597 ms, used_size=15478784 bytes (37.8%)
(RDMA_READ_CONSUME_CHECK_CONSUMER) timestamp=1597 ms, used_size=15476736 bytes (37.8%)
(RDMA_READ_CONSUME_CHECK_CONSUMER) timestamp=1597 ms, used_size=15474688 bytes (37.8%)
(RDMA_READ_CONSUME_CHECK_CONSUMER) timestamp=1597 ms, used_size=15472640 bytes (37.8%)
(RDMA_READ_CONSUME_CHECK_CONSUMER) timestamp=1597 ms, used_size=15470592 bytes (37.8%)
(RDMA_READ_CONSUME_CHECK_CONSUMER) timestamp=1597 ms, used_size=15468544 bytes (37.8%)
(RDMA_READ_CONSUME_CHECK_CONSUMER) timestamp=1597 ms, used_size=15466496 bytes (37.8%)
(RDMA_READ_CONSUME_CHECK_CONSUMER) timestamp=1597 ms, used_size=15464448 bytes (37.8%)
(RDMA_READ_CONSUME_CHECK_CONSUMER) timestamp=1597 ms, used_size=15462400 bytes (37.8%)
(RDMA_READ_CONSUME_CHECK_CONSUMER) timestamp=1597 ms, used_size=15460352 bytes (37.7%)
(RDMA_READ_CONSUME_CHECK_CONSUMER) timestamp=1597 ms, used_size=15458304 bytes (37.7%)
(RDMA_READ_CONSUME_CHECK_CONSUMER) timestamp=1597 ms, used_size=15456256 bytes (37.7%)
(RDMA_READ_CONSUME_CHECK_CONSUMER) timestamp=1597 ms, used_size=15454208 bytes (37.7%)
(RDMA_READ_CONSUME_CHECK_CONSUMER) timestamp=1597 ms, used_size=15452160 bytes (37.7%)
(RDMA_READ_CONSUME_CHECK_CONSUMER) timestamp=1597 ms, used_size=15450112 bytes (37.7%)
(RDMA_READ_CONSUME_CHECK_CONSUMER) timestamp=1597 ms, used_size=15448064 bytes (37.7%)
(RDMA_READ_CONSUME_CHECK_CONSUMER) timestamp=1597 ms, used_size=15446016 bytes (37.7%)
(RDMA_READ_CONSUME_CHECK_CONSUMER) timestamp=1597 ms, used_size=15443968 bytes (37.7%)
(RDMA_READ_CONSUME_CHECK_CONSUMER) timestamp=1597 ms, used_size=15441920 bytes (37.7%)
(RDMA_READ_CONSUME_CHECK_CONSUMER) timestamp=1597 ms, used_size=15439872 bytes (37.7%)
(RDMA_READ_CONSUME_CHECK_CONSUMER) timestamp=1597 ms, used_size=15437824 bytes (37.7%)
(RDMA_READ_CONSUME_CHECK_CONSUMER) timestamp=1597 ms, used_size=15435776 bytes (37.7%)
(RDMA_READ_CONSUME_CHECK_CONSUMER) timestamp=1597 ms, used_size=15433728 bytes (37.7%)
(RDMA_READ_CONSUME_CHECK_CONSUMER) timestamp=1597 ms, used_size=15431680 bytes (37.7%)
(RDMA_READ_CONSUME_CHECK_CONSUMER) timestamp=1597 ms, used_size=15429632 bytes (37.7%)
(RDMA_READ_CONSUME_CHECK_CONSUMER) timestamp=1597 ms, used_size=15427584 bytes (37.7%)
(RDMA_READ_CONSUME_CHECK_CONSUMER) timestamp=1597 ms, used_size=15425536 bytes (37.7%)
(RDMA_READ_CONSUME_CHECK_CONSUMER) timestamp=1597 ms, used_size=15423488 bytes (37.7%)
(RDMA_READ_CONSUME_CHECK_CONSUMER) timestamp=1597 ms, used_size=15421440 bytes (37.6%)
(RDMA_READ_CONSUME_CHECK_CONSUMER) timestamp=1597 ms, used_size=15419392 bytes (37.6%)
(RDMA_READ_CONSUME_CHECK_CONSUMER) timestamp=1597 ms, used_size=15417344 bytes (37.6%)
(RDMA_READ_CONSUME_CHECK_CONSUMER) timestamp=1597 ms, used_size=15415296 bytes (37.6%)
(RDMA_READ_CONSUME_CHECK_CONSUMER) timestamp=1597 ms, used_size=15413248 bytes (37.6%)
(RDMA_READ_CONSUME_CHECK_CONSUMER) timestamp=1597 ms, used_size=15411200 bytes (37.6%)
(RDMA_READ_CONSUME_CHECK_CONSUMER) timestamp=1597 ms, used_size=15409152 bytes (37.6%)
(RDMA_READ_CONSUME_CHECK_CONSUMER) timestamp=1597 ms, used_size=15407104 bytes (37.6%)
(RDMA_READ_CONSUME_CHECK_CONSUMER) timestamp=1597 ms, used_size=15405056 bytes (37.6%)
(RDMA_READ_CONSUME_CHECK_CONSUMER) timestamp=1597 ms, used_size=15403008 bytes (37.6%)
(RDMA_READ_CONSUME_CHECK_CONSUMER) timestamp=1597 ms, used_size=15400960 bytes (37.6%)
(RDMA_READ_CONSUME_CHECK_CONSUMER) timestamp=1597 ms, used_size=15398912 bytes (37.6%)
(RDMA_READ_CONSUME_CHECK_CONSUMER) timestamp=1597 ms, used_size=15396864 bytes (37.6%)
(RDMA_READ_CONSUME_CHECK_CONSUMER) timestamp=1597 ms, used_size=15394816 bytes (37.6%)
(RDMA_READ_CONSUME_CHECK_CONSUMER) timestamp=1597 ms, used_size=15392768 bytes (37.6%)
(RDMA_READ_CONSUME_CHECK_CONSUMER) timestamp=1597 ms, used_size=15390720 bytes (37.6%)
(RDMA_READ_CONSUME_CHECK_CONSUMER) timestamp=1597 ms, used_size=15388672 bytes (37.6%)
(RDMA_READ_CONSUME_CHECK_CONSUMER) timestamp=1597 ms, used_size=15386624 bytes (37.6%)
(RDMA_READ_CONSUME_CHECK_CONSUMER) timestamp=1597 ms, used_size=15384576 bytes (37.6%)
(RDMA_READ_CONSUME_CHECK_CONSUMER) timestamp=1597 ms, used_size=15382528 bytes (37.6%)
(RDMA_READ_CONSUME_CHECK_CONSUMER) timestamp=1597 ms, used_size=15380480 bytes (37.5%)
(RDMA_READ_CONSUME_CHECK_CONSUMER) timestamp=1597 ms, used_size=15378432 bytes (37.5%)
(RDMA_READ_CONSUME_CHECK_CONSUMER) timestamp=1597 ms, used_size=15376384 bytes (37.5%)
(RDMA_READ_CONSUME_CHECK_CONSUMER) timestamp=1597 ms, used_size=15374336 bytes (37.5%)
(RDMA_READ_CONSUME_CHECK_CONSUMER) timestamp=1597 ms, used_size=15372288 bytes (37.5%)
(RDMA_READ_CONSUME_CHECK_CONSUMER) timestamp=1597 ms, used_size=15370240 bytes (37.5%)
(RDMA_READ_CONSUME_CHECK_CONSUMER) timestamp=1597 ms, used_size=15368192 bytes (37.5%)
(RDMA_READ_CONSUME_CHECK_CONSUMER) timestamp=1597 ms, used_size=15366144 bytes (37.5%)
(RDMA_READ_CONSUME_CHECK_CONSUMER) timestamp=1597 ms, used_size=15364096 bytes (37.5%)
(RDMA_READ_CONSUME_CHECK_CONSUMER) timestamp=1597 ms, used_size=15362048 bytes (37.5%)
(RDMA_READ_CONSUME_CHECK_CONSUMER) timestamp=1597 ms, used_size=15360000 bytes (37.5%)
(RDMA_READ_CONSUME_CHECK_CONSUMER) timestamp=1597 ms, used_size=15357952 bytes (37.5%)
(RDMA_READ_CONSUME_CHECK_CONSUMER) timestamp=1597 ms, used_size=15355904 bytes (37.5%)
(RDMA_READ_CONSUME_CHECK_CONSUMER) timestamp=1597 ms, used_size=15353856 bytes (37.5%)
(RDMA_READ_CONSUME_CHECK_CONSUMER) timestamp=1597 ms, used_size=15351808 bytes (37.5%)
(RDMA_READ_CONSUME_CHECK_CONSUMER) timestamp=1597 ms, used_size=15349760 bytes (37.5%)
(RDMA_READ_CONSUME_CHECK_CONSUMER) timestamp=1597 ms, used_size=15347712 bytes (37.5%)
(RDMA_READ_CONSUME_CHECK_CONSUMER) timestamp=1597 ms, used_size=15345664 bytes (37.5%)
(RDMA_READ_CONSUME_CHECK_CONSUMER) timestamp=1597 ms, used_size=15343616 bytes (37.5%)
(RDMA_READ_CONSUME_CHECK_CONSUMER) timestamp=1597 ms, used_size=15341568 bytes (37.5%)
(RDMA_READ_CONSUME_CHECK_CONSUMER) timestamp=1597 ms, used_size=15339520 bytes (37.5%)
(RDMA_READ_CONSUME_CHECK_CONSUMER) timestamp=1597 ms, used_size=15337472 bytes (37.4%)
(RDMA_READ_CONSUME_CHECK_CONSUMER) timestamp=1597 ms, used_size=15335424 bytes (37.4%)
(RDMA_READ_CONSUME_CHECK_CONSUMER) timestamp=1597 ms, used_size=15333376 bytes (37.4%)
(RDMA_READ_CONSUME_CHECK_CONSUMER) timestamp=1597 ms, used_size=15331328 bytes (37.4%)
(RDMA_READ_CONSUME_CHECK_CONSUMER) timestamp=1597 ms, used_size=15329280 bytes (37.4%)
(RDMA_READ_CONSUME_CHECK_CONSUMER) timestamp=1597 ms, used_size=15327232 bytes (37.4%)
(RDMA_READ_CONSUME_CHECK_CONSUMER) timestamp=1597 ms, used_size=15325184 bytes (37.4%)
(RDMA_READ_CONSUME_CHECK_CONSUMER) timestamp=1597 ms, used_size=15323136 bytes (37.4%)
(RDMA_READ_CONSUME_CHECK_CONSUMER) timestamp=1597 ms, used_size=15321088 bytes (37.4%)
(RDMA_READ_CONSUME_CHECK_CONSUMER) timestamp=1598 ms, used_size=15319040 bytes (37.4%)
(RDMA_READ_CONSUME_CHECK_CONSUMER) timestamp=1598 ms, used_size=15316992 bytes (37.4%)
(RDMA_READ_CONSUME_CHECK_CONSUMER) timestamp=1598 ms, used_size=15314944 bytes (37.4%)
(RDMA_READ_CONSUME_CHECK_CONSUMER) timestamp=1598 ms, used_size=15312896 bytes (37.4%)
(RDMA_READ_CONSUME_CHECK_CONSUMER) timestamp=1598 ms, used_size=15310848 bytes (37.4%)
(RDMA_READ_CONSUME_CHECK_CONSUMER) timestamp=1598 ms, used_size=15308800 bytes (37.4%)
(RDMA_READ_CONSUME_CHECK_CONSUMER) timestamp=1598 ms, used_size=15306752 bytes (37.4%)
(RDMA_READ_CONSUME_CHECK_CONSUMER) timestamp=1598 ms, used_size=15304704 bytes (37.4%)
(RDMA_READ_CONSUME_CHECK_CONSUMER) timestamp=1598 ms, used_size=15302656 bytes (37.4%)
(RDMA_READ_CONSUME_CHECK_CONSUMER) timestamp=1598 ms, used_size=15300608 bytes (37.4%)
(RDMA_READ_CONSUME_CHECK_CONSUMER) timestamp=1598 ms, used_size=15298560 bytes (37.4%)
(RDMA_READ_CONSUME_CHECK_CONSUMER) timestamp=1598 ms, used_size=15296512 bytes (37.3%)
(RDMA_READ_CONSUME_CHECK_CONSUMER) timestamp=1598 ms, used_size=15294464 bytes (37.3%)
(RDMA_READ_CONSUME_CHECK_CONSUMER) timestamp=1598 ms, used_size=15292416 bytes (37.3%)
(RDMA_READ_CONSUME_CHECK_CONSUMER) timestamp=1598 ms, used_size=15290368 bytes (37.3%)
(RDMA_READ_CONSUME_CHECK_CONSUMER) timestamp=1598 ms, used_size=15288320 bytes (37.3%)
(RDMA_READ_CONSUME_CHECK_CONSUMER) timestamp=1598 ms, used_size=15286272 bytes (37.3%)
(RDMA_READ_CONSUME_CHECK_CONSUMER) timestamp=1598 ms, used_size=15284224 bytes (37.3%)
(RDMA_READ_CONSUME_CHECK_CONSUMER) timestamp=1598 ms, used_size=15282176 bytes (37.3%)
(RDMA_READ_CONSUME_CHECK_CONSUMER) timestamp=1598 ms, used_size=15280128 bytes (37.3%)
(RDMA_READ_CONSUME_CHECK_CONSUMER) timestamp=1598 ms, used_size=15278080 bytes (37.3%)
(RDMA_READ_CONSUME_CHECK_CONSUMER) timestamp=1598 ms, used_size=15276032 bytes (37.3%)
(RDMA_READ_CONSUME_CHECK_CONSUMER) timestamp=1598 ms, used_size=15273984 bytes (37.3%)
(RDMA_READ_CONSUME_CHECK_CONSUMER) timestamp=1598 ms, used_size=15271936 bytes (37.3%)
(RDMA_READ_CONSUME_CHECK_CONSUMER) timestamp=1598 ms, used_size=15269888 bytes (37.3%)
(RDMA_READ_CONSUME_CHECK_CONSUMER) timestamp=1598 ms, used_size=15267840 bytes (37.3%)
(RDMA_READ_CONSUME_CHECK_CONSUMER) timestamp=1598 ms, used_size=15265792 bytes (37.3%)
(RDMA_READ_CONSUME_CHECK_CONSUMER) timestamp=1598 ms, used_size=15263744 bytes (37.3%)
(RDMA_READ_CONSUME_CHECK_CONSUMER) timestamp=1598 ms, used_size=15261696 bytes (37.3%)
(RDMA_READ_CONSUME_CHECK_CONSUMER) timestamp=1598 ms, used_size=15259648 bytes (37.3%)
(RDMA_READ_CONSUME_CHECK_CONSUMER) timestamp=1598 ms, used_size=15257600 bytes (37.2%)
(RDMA_READ_CONSUME_CHECK_CONSUMER) timestamp=1598 ms, used_size=15255552 bytes (37.2%)
(RDMA_READ_CONSUME_CHECK_CONSUMER) timestamp=1598 ms, used_size=15253504 bytes (37.2%)
(RDMA_READ_CONSUME_CHECK_CONSUMER) timestamp=1598 ms, used_size=15251456 bytes (37.2%)
(RDMA_READ_CONSUME_CHECK_CONSUMER) timestamp=1598 ms, used_size=15249408 bytes (37.2%)
(RDMA_READ_CONSUME_CHECK_CONSUMER) timestamp=1598 ms, used_size=15247360 bytes (37.2%)
(RDMA_READ_CONSUME_CHECK_CONSUMER) timestamp=1598 ms, used_size=15245312 bytes (37.2%)
(RDMA_READ_CONSUME_CHECK_CONSUMER) timestamp=1598 ms, used_size=15243264 bytes (37.2%)
(RDMA_READ_CONSUME_CHECK_CONSUMER) timestamp=1598 ms, used_size=15241216 bytes (37.2%)
(RDMA_READ_CONSUME_CHECK_CONSUMER) timestamp=1598 ms, used_size=15239168 bytes (37.2%)
(RDMA_READ_CONSUME_CHECK_CONSUMER) timestamp=1598 ms, used_size=15237120 bytes (37.2%)
(RDMA_READ_CONSUME_CHECK_CONSUMER) timestamp=1598 ms, used_size=15235072 bytes (37.2%)
(RDMA_READ_CONSUME_CHECK_CONSUMER) timestamp=1598 ms, used_size=15233024 bytes (37.2%)
(RDMA_READ_CONSUME_CHECK_CONSUMER) timestamp=1598 ms, used_size=15230976 bytes (37.2%)
(RDMA_READ_CONSUME_CHECK_CONSUMER) timestamp=1598 ms, used_size=15228928 bytes (37.2%)
(RDMA_READ_CONSUME_CHECK_CONSUMER) timestamp=1598 ms, used_size=15226880 bytes (37.2%)
(RDMA_READ_CONSUME_CHECK_CONSUMER) timestamp=1598 ms, used_size=15224832 bytes (37.2%)
(RDMA_READ_CONSUME_CHECK_CONSUMER) timestamp=1598 ms, used_size=15222784 bytes (37.2%)
(RDMA_READ_CONSUME_CHECK_CONSUMER) timestamp=1598 ms, used_size=15220736 bytes (37.2%)
(RDMA_READ_CONSUME_CHECK_CONSUMER) timestamp=1598 ms, used_size=15218688 bytes (37.2%)
(RDMA_READ_CONSUME_CHECK_CONSUMER) timestamp=1598 ms, used_size=15216640 bytes (37.1%)
(RDMA_READ_CONSUME_CHECK_CONSUMER) timestamp=1598 ms, used_size=15214592 bytes (37.1%)
(RDMA_READ_CONSUME_CHECK_CONSUMER) timestamp=1598 ms, used_size=15212544 bytes (37.1%)
(RDMA_READ_CONSUME_CHECK_CONSUMER) timestamp=1598 ms, used_size=15210496 bytes (37.1%)
(RDMA_READ_CONSUME_CHECK_CONSUMER) timestamp=1598 ms, used_size=15208448 bytes (37.1%)
(RDMA_READ_CONSUME_CHECK_CONSUMER) timestamp=1598 ms, used_size=15206400 bytes (37.1%)
(RDMA_READ_CONSUME_CHECK_CONSUMER) timestamp=1598 ms, used_size=15204352 bytes (37.1%)
(RDMA_READ_CONSUME_CHECK_CONSUMER) timestamp=1598 ms, used_size=15202304 bytes (37.1%)
(RDMA_READ_CONSUME_CHECK_CONSUMER) timestamp=1598 ms, used_size=15200256 bytes (37.1%)
(RDMA_READ_CONSUME_CHECK_CONSUMER) timestamp=1598 ms, used_size=15198208 bytes (37.1%)
(RDMA_READ_CONSUME_CHECK_CONSUMER) timestamp=1598 ms, used_size=15196160 bytes (37.1%)
(RDMA_READ_CONSUME_CHECK_CONSUMER) timestamp=1598 ms, used_size=15194112 bytes (37.1%)
(RDMA_READ_CONSUME_CHECK_CONSUMER) timestamp=1598 ms, used_size=15192064 bytes (37.1%)
(RDMA_READ_CONSUME_CHECK_CONSUMER) timestamp=1598 ms, used_size=15190016 bytes (37.1%)
(RDMA_READ_CONSUME_CHECK_CONSUMER) timestamp=1598 ms, used_size=15187968 bytes (37.1%)
(RDMA_READ_CONSUME_CHECK_CONSUMER) timestamp=1598 ms, used_size=15185920 bytes (37.1%)
(RDMA_READ_CONSUME_CHECK_CONSUMER) timestamp=1598 ms, used_size=15183872 bytes (37.1%)
(RDMA_READ_CONSUME_CHECK_CONSUMER) timestamp=1598 ms, used_size=15181824 bytes (37.1%)
(RDMA_READ_CONSUME_CHECK_CONSUMER) timestamp=1598 ms, used_size=15179776 bytes (37.1%)
(RDMA_READ_CONSUME_CHECK_CONSUMER) timestamp=1598 ms, used_size=15177728 bytes (37.1%)
(RDMA_READ_CONSUME_CHECK_CONSUMER) timestamp=1598 ms, used_size=15175680 bytes (37.0%)
(RDMA_READ_CONSUME_CHECK_CONSUMER) timestamp=1598 ms, used_size=15173632 bytes (37.0%)
(RDMA_READ_CONSUME_CHECK_CONSUMER) timestamp=1598 ms, used_size=15171584 bytes (37.0%)
(RDMA_READ_CONSUME_CHECK_CONSUMER) timestamp=1598 ms, used_size=15169536 bytes (37.0%)
(RDMA_READ_CONSUME_CHECK_CONSUMER) timestamp=1598 ms, used_size=15167488 bytes (37.0%)
(RDMA_READ_CONSUME_CHECK_CONSUMER) timestamp=1598 ms, used_size=15165440 bytes (37.0%)
(RDMA_READ_CONSUME_CHECK_CONSUMER) timestamp=1598 ms, used_size=15163392 bytes (37.0%)
(RDMA_READ_CONSUME_CHECK_CONSUMER) timestamp=1598 ms, used_size=15161344 bytes (37.0%)
(RDMA_READ_CONSUME_CHECK_CONSUMER) timestamp=1598 ms, used_size=15159296 bytes (37.0%)
(RDMA_READ_CONSUME_CHECK_CONSUMER) timestamp=1598 ms, used_size=15157248 bytes (37.0%)
(RDMA_READ_CONSUME_CHECK_CONSUMER) timestamp=1598 ms, used_size=15155200 bytes (37.0%)
(RDMA_READ_CONSUME_CHECK_CONSUMER) timestamp=1598 ms, used_size=15153152 bytes (37.0%)
(RDMA_READ_CONSUME_CHECK_CONSUMER) timestamp=1598 ms, used_size=15151104 bytes (37.0%)
(RDMA_READ_CONSUME_CHECK_CONSUMER) timestamp=1598 ms, used_size=15149056 bytes (37.0%)
(RDMA_READ_CONSUME_CHECK_CONSUMER) timestamp=1598 ms, used_size=15147008 bytes (37.0%)
(RDMA_READ_CONSUME_CHECK_CONSUMER) timestamp=1598 ms, used_size=15144960 bytes (37.0%)
(RDMA_READ_CONSUME_CHECK_CONSUMER) timestamp=1598 ms, used_size=15142912 bytes (37.0%)
(RDMA_READ_CONSUME_CHECK_CONSUMER) timestamp=1598 ms, used_size=15140864 bytes (37.0%)
(RDMA_READ_CONSUME_CHECK_CONSUMER) timestamp=1598 ms, used_size=15138816 bytes (37.0%)
(RDMA_READ_CONSUME_CHECK_CONSUMER) timestamp=1598 ms, used_size=15136768 bytes (37.0%)
(RDMA_READ_CONSUME_CHECK_CONSUMER) timestamp=1598 ms, used_size=15134720 bytes (37.0%)
(RDMA_READ_CONSUME_CHECK_CONSUMER) timestamp=1598 ms, used_size=15132672 bytes (36.9%)
(RDMA_READ_CONSUME_CHECK_CONSUMER) timestamp=1598 ms, used_size=15130624 bytes (36.9%)
(RDMA_READ_CONSUME_CHECK_CONSUMER) timestamp=1598 ms, used_size=15128576 bytes (36.9%)
(RDMA_READ_CONSUME_CHECK_CONSUMER) timestamp=1598 ms, used_size=15126528 bytes (36.9%)
(RDMA_READ_CONSUME_CHECK_CONSUMER) timestamp=1598 ms, used_size=15124480 bytes (36.9%)
(RDMA_READ_CONSUME_CHECK_CONSUMER) timestamp=1598 ms, used_size=15122432 bytes (36.9%)
(RDMA_READ_CONSUME_CHECK_CONSUMER) timestamp=1598 ms, used_size=15120384 bytes (36.9%)
(RDMA_READ_CONSUME_CHECK_CONSUMER) timestamp=1598 ms, used_size=15118336 bytes (36.9%)
(RDMA_READ_CONSUME_CHECK_CONSUMER) timestamp=1598 ms, used_size=15116288 bytes (36.9%)
(RDMA_READ_CONSUME_CHECK_CONSUMER) timestamp=1598 ms, used_size=15114240 bytes (36.9%)
(RDMA_READ_CONSUME_CHECK_CONSUMER) timestamp=1598 ms, used_size=15112192 bytes (36.9%)
(RDMA_READ_CONSUME_CHECK_CONSUMER) timestamp=1598 ms, used_size=15110144 bytes (36.9%)
(RDMA_READ_CONSUME_CHECK_CONSUMER) timestamp=1598 ms, used_size=15108096 bytes (36.9%)
(RDMA_READ_CONSUME_CHECK_CONSUMER) timestamp=1598 ms, used_size=15106048 bytes (36.9%)
(RDMA_READ_CONSUME_CHECK_CONSUMER) timestamp=1598 ms, used_size=15104000 bytes (36.9%)
(RDMA_READ_CONSUME_CHECK_CONSUMER) timestamp=1598 ms, used_size=15101952 bytes (36.9%)
(RDMA_READ_CONSUME_CHECK_CONSUMER) timestamp=1598 ms, used_size=15099904 bytes (36.9%)
(RDMA_READ_CONSUME_CHECK_CONSUMER) timestamp=1598 ms, used_size=15097856 bytes (36.9%)
(RDMA_READ_CONSUME_CHECK_CONSUMER) timestamp=1598 ms, used_size=15095808 bytes (36.9%)
(RDMA_READ_CONSUME_CHECK_CONSUMER) timestamp=1598 ms, used_size=15093760 bytes (36.9%)
(RDMA_READ_CONSUME_CHECK_CONSUMER) timestamp=1598 ms, used_size=15091712 bytes (36.8%)
(RDMA_READ_CONSUME_CHECK_CONSUMER) timestamp=1598 ms, used_size=15089664 bytes (36.8%)
(RDMA_READ_CONSUME_CHECK_CONSUMER) timestamp=1598 ms, used_size=15087616 bytes (36.8%)
(RDMA_READ_CONSUME_CHECK_CONSUMER) timestamp=1598 ms, used_size=15085568 bytes (36.8%)
(RDMA_READ_CONSUME_CHECK_CONSUMER) timestamp=1598 ms, used_size=15083520 bytes (36.8%)
(RDMA_READ_CONSUME_CHECK_CONSUMER) timestamp=1598 ms, used_size=15081472 bytes (36.8%)
(RDMA_READ_CONSUME_CHECK_CONSUMER) timestamp=1598 ms, used_size=15079424 bytes (36.8%)
(RDMA_READ_CONSUME_CHECK_CONSUMER) timestamp=1598 ms, used_size=15077376 bytes (36.8%)
(RDMA_READ_CONSUME_CHECK_CONSUMER) timestamp=1598 ms, used_size=15075328 bytes (36.8%)
(RDMA_READ_CONSUME_CHECK_CONSUMER) timestamp=1598 ms, used_size=15073280 bytes (36.8%)
(RDMA_READ_CONSUME_CHECK_CONSUMER) timestamp=1598 ms, used_size=15071232 bytes (36.8%)
(RDMA_READ_CONSUME_CHECK_CONSUMER) timestamp=1598 ms, used_size=15069184 bytes (36.8%)
(RDMA_READ_CONSUME_CHECK_CONSUMER) timestamp=1598 ms, used_size=15067136 bytes (36.8%)
(RDMA_READ_CONSUME_CHECK_CONSUMER) timestamp=1598 ms, used_size=15065088 bytes (36.8%)
(RDMA_READ_CONSUME_CHECK_CONSUMER) timestamp=1598 ms, used_size=15063040 bytes (36.8%)
(RDMA_READ_CONSUME_CHECK_CONSUMER) timestamp=1598 ms, used_size=15060992 bytes (36.8%)
(RDMA_READ_CONSUME_CHECK_CONSUMER) timestamp=1598 ms, used_size=15058944 bytes (36.8%)
(RDMA_READ_CONSUME_CHECK_CONSUMER) timestamp=1598 ms, used_size=15056896 bytes (36.8%)
(RDMA_READ_CONSUME_CHECK_CONSUMER) timestamp=1598 ms, used_size=15054848 bytes (36.8%)
(RDMA_READ_CONSUME_CHECK_CONSUMER) timestamp=1598 ms, used_size=15052800 bytes (36.8%)
(RDMA_READ_CONSUME_CHECK_CONSUMER) timestamp=1598 ms, used_size=15050752 bytes (36.7%)
(RDMA_READ_CONSUME_CHECK_CONSUMER) timestamp=1598 ms, used_size=15048704 bytes (36.7%)
(RDMA_READ_CONSUME_CHECK_CONSUMER) timestamp=1598 ms, used_size=15046656 bytes (36.7%)
(RDMA_READ_CONSUME_CHECK_CONSUMER) timestamp=1598 ms, used_size=15044608 bytes (36.7%)
(RDMA_READ_CONSUME_CHECK_CONSUMER) timestamp=1598 ms, used_size=15042560 bytes (36.7%)
(RDMA_READ_CONSUME_CHECK_CONSUMER) timestamp=1598 ms, used_size=15040512 bytes (36.7%)
(RDMA_READ_CONSUME_CHECK_CONSUMER) timestamp=1598 ms, used_size=15038464 bytes (36.7%)
(RDMA_READ_CONSUME_CHECK_CONSUMER) timestamp=1598 ms, used_size=15036416 bytes (36.7%)
(RDMA_READ_CONSUME_CHECK_CONSUMER) timestamp=1598 ms, used_size=15034368 bytes (36.7%)
(RDMA_READ_CONSUME_CHECK_CONSUMER) timestamp=1598 ms, used_size=15032320 bytes (36.7%)
(RDMA_READ_CONSUME_CHECK_CONSUMER) timestamp=1598 ms, used_size=15030272 bytes (36.7%)
(RDMA_READ_CONSUME_CHECK_CONSUMER) timestamp=1598 ms, used_size=15028224 bytes (36.7%)
(RDMA_READ_CONSUME_CHECK_CONSUMER) timestamp=1598 ms, used_size=15026176 bytes (36.7%)
(RDMA_READ_CONSUME_CHECK_CONSUMER) timestamp=1598 ms, used_size=15024128 bytes (36.7%)
(RDMA_READ_CONSUME_CHECK_CONSUMER) timestamp=1598 ms, used_size=15022080 bytes (36.7%)
(RDMA_READ_CONSUME_CHECK_CONSUMER) timestamp=1598 ms, used_size=15020032 bytes (36.7%)
(RDMA_READ_CONSUME_CHECK_CONSUMER) timestamp=1598 ms, used_size=15017984 bytes (36.7%)
(RDMA_READ_CONSUME_CHECK_CONSUMER) timestamp=1598 ms, used_size=15015936 bytes (36.7%)
(RDMA_READ_CONSUME_CHECK_CONSUMER) timestamp=1598 ms, used_size=15013888 bytes (36.7%)
(RDMA_READ_CONSUME_CHECK_CONSUMER) timestamp=1598 ms, used_size=15011840 bytes (36.6%)
(RDMA_READ_CONSUME_CHECK_CONSUMER) timestamp=1598 ms, used_size=15009792 bytes (36.6%)
(RDMA_READ_CONSUME_CHECK_CONSUMER) timestamp=1598 ms, used_size=15007744 bytes (36.6%)
(RDMA_READ_CONSUME_CHECK_CONSUMER) timestamp=1598 ms, used_size=15005696 bytes (36.6%)
(RDMA_READ_CONSUME_CHECK_CONSUMER) timestamp=1598 ms, used_size=15003648 bytes (36.6%)
(RDMA_READ_CONSUME_CHECK_CONSUMER) timestamp=1598 ms, used_size=15001600 bytes (36.6%)
(RDMA_READ_CONSUME_CHECK_CONSUMER) timestamp=1598 ms, used_size=14999552 bytes (36.6%)
(RDMA_READ_CONSUME_CHECK_CONSUMER) timestamp=1598 ms, used_size=14997504 bytes (36.6%)
(RDMA_READ_CONSUME_CHECK_CONSUMER) timestamp=1598 ms, used_size=14995456 bytes (36.6%)
(RDMA_READ_CONSUME_CHECK_CONSUMER) timestamp=1598 ms, used_size=14993408 bytes (36.6%)
(RDMA_READ_CONSUME_CHECK_CONSUMER) timestamp=1598 ms, used_size=14991360 bytes (36.6%)
(RDMA_READ_CONSUME_CHECK_CONSUMER) timestamp=1598 ms, used_size=14989312 bytes (36.6%)
(RDMA_READ_CONSUME_CHECK_CONSUMER) timestamp=1598 ms, used_size=14987264 bytes (36.6%)
(RDMA_READ_CONSUME_CHECK_CONSUMER) timestamp=1598 ms, used_size=14985216 bytes (36.6%)
(RDMA_READ_CONSUME_CHECK_CONSUMER) timestamp=1598 ms, used_size=14983168 bytes (36.6%)
(RDMA_READ_CONSUME_CHECK_CONSUMER) timestamp=1598 ms, used_size=14981120 bytes (36.6%)
(RDMA_READ_CONSUME_CHECK_CONSUMER) timestamp=1598 ms, used_size=14979072 bytes (36.6%)
(RDMA_READ_CONSUME_CHECK_CONSUMER) timestamp=1598 ms, used_size=14977024 bytes (36.6%)
(RDMA_READ_CONSUME_CHECK_CONSUMER) timestamp=1598 ms, used_size=14974976 bytes (36.6%)
(RDMA_READ_CONSUME_CHECK_CONSUMER) timestamp=1598 ms, used_size=14972928 bytes (36.6%)
(RDMA_READ_CONSUME_CHECK_CONSUMER) timestamp=1598 ms, used_size=14970880 bytes (36.5%)
(RDMA_READ_CONSUME_CHECK_CONSUMER) timestamp=1598 ms, used_size=14968832 bytes (36.5%)
(RDMA_READ_CONSUME_CHECK_CONSUMER) timestamp=1598 ms, used_size=14966784 bytes (36.5%)
(RDMA_READ_CONSUME_CHECK_CONSUMER) timestamp=1598 ms, used_size=14964736 bytes (36.5%)
(RDMA_READ_CONSUME_CHECK_CONSUMER) timestamp=1598 ms, used_size=14962688 bytes (36.5%)
(RDMA_READ_CONSUME_CHECK_CONSUMER) timestamp=1598 ms, used_size=14960640 bytes (36.5%)
(RDMA_READ_CONSUME_CHECK_CONSUMER) timestamp=1598 ms, used_size=14958592 bytes (36.5%)
(RDMA_READ_CONSUME_CHECK_CONSUMER) timestamp=1598 ms, used_size=14956544 bytes (36.5%)
(RDMA_READ_CONSUME_CHECK_CONSUMER) timestamp=1598 ms, used_size=14954496 bytes (36.5%)
(RDMA_READ_CONSUME_CHECK_CONSUMER) timestamp=1598 ms, used_size=14952448 bytes (36.5%)
(RDMA_READ_CONSUME_CHECK_CONSUMER) timestamp=1598 ms, used_size=14950400 bytes (36.5%)
(RDMA_READ_CONSUME_CHECK_CONSUMER) timestamp=1598 ms, used_size=14948352 bytes (36.5%)
(RDMA_READ_CONSUME_CHECK_CONSUMER) timestamp=1599 ms, used_size=14946304 bytes (36.5%)
(RDMA_READ_CONSUME_CHECK_CONSUMER) timestamp=1599 ms, used_size=14944256 bytes (36.5%)
(RDMA_READ_CONSUME_CHECK_CONSUMER) timestamp=1599 ms, used_size=14942208 bytes (36.5%)
(RDMA_READ_CONSUME_CHECK_CONSUMER) timestamp=1599 ms, used_size=14940160 bytes (36.5%)
(RDMA_READ_CONSUME_CHECK_CONSUMER) timestamp=1599 ms, used_size=14938112 bytes (36.5%)
(RDMA_READ_CONSUME_CHECK_CONSUMER) timestamp=1599 ms, used_size=14936064 bytes (36.5%)
(RDMA_READ_CONSUME_CHECK_CONSUMER) timestamp=1599 ms, used_size=14934016 bytes (36.5%)
(RDMA_READ_CONSUME_CHECK_CONSUMER) timestamp=1599 ms, used_size=14931968 bytes (36.5%)
(RDMA_READ_CONSUME_CHECK_CONSUMER) timestamp=1599 ms, used_size=14929920 bytes (36.5%)
(RDMA_READ_CONSUME_CHECK_CONSUMER) timestamp=1599 ms, used_size=14927872 bytes (36.4%)
(RDMA_READ_CONSUME_CHECK_CONSUMER) timestamp=1599 ms, used_size=14925824 bytes (36.4%)
(RDMA_READ_CONSUME_CHECK_CONSUMER) timestamp=1599 ms, used_size=14923776 bytes (36.4%)
(RDMA_READ_CONSUME_CHECK_CONSUMER) timestamp=1599 ms, used_size=14921728 bytes (36.4%)
(RDMA_READ_CONSUME_CHECK_CONSUMER) timestamp=1599 ms, used_size=14919680 bytes (36.4%)
(RDMA_READ_CONSUME_CHECK_CONSUMER) timestamp=1599 ms, used_size=14917632 bytes (36.4%)
(RDMA_READ_CONSUME_CHECK_CONSUMER) timestamp=1599 ms, used_size=14915584 bytes (36.4%)
(RDMA_READ_CONSUME_CHECK_CONSUMER) timestamp=1599 ms, used_size=14913536 bytes (36.4%)
(RDMA_READ_CONSUME_CHECK_CONSUMER) timestamp=1599 ms, used_size=14911488 bytes (36.4%)
(RDMA_READ_CONSUME_CHECK_CONSUMER) timestamp=1599 ms, used_size=14909440 bytes (36.4%)
(RDMA_READ_CONSUME_CHECK_CONSUMER) timestamp=1599 ms, used_size=14907392 bytes (36.4%)
(RDMA_READ_CONSUME_CHECK_CONSUMER) timestamp=1599 ms, used_size=14905344 bytes (36.4%)
(RDMA_READ_CONSUME_CHECK_CONSUMER) timestamp=1599 ms, used_size=14903296 bytes (36.4%)
(RDMA_READ_CONSUME_CHECK_CONSUMER) timestamp=1599 ms, used_size=14901248 bytes (36.4%)
(RDMA_READ_CONSUME_CHECK_CONSUMER) timestamp=1599 ms, used_size=14899200 bytes (36.4%)
(RDMA_READ_CONSUME_CHECK_CONSUMER) timestamp=1599 ms, used_size=14897152 bytes (36.4%)
(RDMA_READ_CONSUME_CHECK_CONSUMER) timestamp=1599 ms, used_size=14895104 bytes (36.4%)
(RDMA_READ_CONSUME_CHECK_CONSUMER) timestamp=1599 ms, used_size=14893056 bytes (36.4%)
(RDMA_READ_CONSUME_CHECK_CONSUMER) timestamp=1599 ms, used_size=14891008 bytes (36.4%)
(RDMA_READ_CONSUME_CHECK_CONSUMER) timestamp=1599 ms, used_size=14888960 bytes (36.4%)
(RDMA_READ_CONSUME_CHECK_CONSUMER) timestamp=1599 ms, used_size=14886912 bytes (36.3%)
(RDMA_READ_CONSUME_CHECK_CONSUMER) timestamp=1599 ms, used_size=14884864 bytes (36.3%)
(RDMA_READ_CONSUME_CHECK_CONSUMER) timestamp=1599 ms, used_size=14882816 bytes (36.3%)
(RDMA_READ_CONSUME_CHECK_CONSUMER) timestamp=1599 ms, used_size=14880768 bytes (36.3%)
(RDMA_READ_CONSUME_CHECK_CONSUMER) timestamp=1599 ms, used_size=14878720 bytes (36.3%)
(RDMA_READ_CONSUME_CHECK_CONSUMER) timestamp=1599 ms, used_size=14876672 bytes (36.3%)
(RDMA_READ_CONSUME_CHECK_CONSUMER) timestamp=1599 ms, used_size=14874624 bytes (36.3%)
(RDMA_READ_CONSUME_CHECK_CONSUMER) timestamp=1599 ms, used_size=14872576 bytes (36.3%)
(RDMA_READ_CONSUME_CHECK_CONSUMER) timestamp=1599 ms, used_size=14870528 bytes (36.3%)
(RDMA_READ_CONSUME_CHECK_CONSUMER) timestamp=1599 ms, used_size=14868480 bytes (36.3%)
(RDMA_READ_CONSUME_CHECK_CONSUMER) timestamp=1599 ms, used_size=14866432 bytes (36.3%)
(RDMA_READ_CONSUME_CHECK_CONSUMER) timestamp=1599 ms, used_size=14864384 bytes (36.3%)
(RDMA_READ_CONSUME_CHECK_CONSUMER) timestamp=1599 ms, used_size=14862336 bytes (36.3%)
(RDMA_READ_CONSUME_CHECK_CONSUMER) timestamp=1599 ms, used_size=14860288 bytes (36.3%)
(RDMA_READ_CONSUME_CHECK_CONSUMER) timestamp=1599 ms, used_size=14858240 bytes (36.3%)
(RDMA_READ_CONSUME_CHECK_CONSUMER) timestamp=1599 ms, used_size=14856192 bytes (36.3%)
(RDMA_READ_CONSUME_CHECK_CONSUMER) timestamp=1599 ms, used_size=14854144 bytes (36.3%)
(RDMA_READ_CONSUME_CHECK_CONSUMER) timestamp=1599 ms, used_size=14852096 bytes (36.3%)
(RDMA_READ_CONSUME_CHECK_CONSUMER) timestamp=1599 ms, used_size=14850048 bytes (36.3%)
(RDMA_READ_CONSUME_CHECK_CONSUMER) timestamp=1599 ms, used_size=14848000 bytes (36.2%)
(RDMA_READ_CONSUME_CHECK_CONSUMER) timestamp=1599 ms, used_size=14845952 bytes (36.2%)
(RDMA_READ_CONSUME_CHECK_CONSUMER) timestamp=1599 ms, used_size=14843904 bytes (36.2%)
(RDMA_READ_CONSUME_CHECK_CONSUMER) timestamp=1599 ms, used_size=14841856 bytes (36.2%)
(RDMA_READ_CONSUME_CHECK_CONSUMER) timestamp=1599 ms, used_size=14839808 bytes (36.2%)
(RDMA_READ_CONSUME_CHECK_CONSUMER) timestamp=1599 ms, used_size=14837760 bytes (36.2%)
(RDMA_READ_CONSUME_CHECK_CONSUMER) timestamp=1599 ms, used_size=14835712 bytes (36.2%)
(RDMA_READ_CONSUME_CHECK_CONSUMER) timestamp=1599 ms, used_size=14833664 bytes (36.2%)
(RDMA_READ_CONSUME_CHECK_CONSUMER) timestamp=1599 ms, used_size=14831616 bytes (36.2%)
(RDMA_READ_CONSUME_CHECK_CONSUMER) timestamp=1599 ms, used_size=14829568 bytes (36.2%)
(RDMA_READ_CONSUME_CHECK_CONSUMER) timestamp=1599 ms, used_size=14827520 bytes (36.2%)
(RDMA_READ_CONSUME_CHECK_CONSUMER) timestamp=1599 ms, used_size=14825472 bytes (36.2%)
(RDMA_READ_CONSUME_CHECK_CONSUMER) timestamp=1599 ms, used_size=14823424 bytes (36.2%)
(RDMA_READ_CONSUME_CHECK_CONSUMER) timestamp=1599 ms, used_size=14821376 bytes (36.2%)
(RDMA_READ_CONSUME_CHECK_CONSUMER) timestamp=1599 ms, used_size=14819328 bytes (36.2%)
(RDMA_READ_CONSUME_CHECK_CONSUMER) timestamp=1599 ms, used_size=14817280 bytes (36.2%)
(RDMA_READ_CONSUME_CHECK_CONSUMER) timestamp=1599 ms, used_size=14815232 bytes (36.2%)
(RDMA_READ_CONSUME_CHECK_CONSUMER) timestamp=1599 ms, used_size=14813184 bytes (36.2%)
(RDMA_READ_CONSUME_CHECK_CONSUMER) timestamp=1599 ms, used_size=14811136 bytes (36.2%)
(RDMA_READ_CONSUME_CHECK_CONSUMER) timestamp=1599 ms, used_size=14809088 bytes (36.2%)
(RDMA_READ_CONSUME_CHECK_CONSUMER) timestamp=1599 ms, used_size=14807040 bytes (36.1%)
(RDMA_READ_CONSUME_CHECK_CONSUMER) timestamp=1599 ms, used_size=14804992 bytes (36.1%)
(RDMA_READ_CONSUME_CHECK_CONSUMER) timestamp=1599 ms, used_size=14802944 bytes (36.1%)
(RDMA_READ_CONSUME_CHECK_CONSUMER) timestamp=1599 ms, used_size=14800896 bytes (36.1%)
(RDMA_READ_CONSUME_CHECK_CONSUMER) timestamp=1599 ms, used_size=14798848 bytes (36.1%)
(RDMA_READ_CONSUME_CHECK_CONSUMER) timestamp=1599 ms, used_size=14796800 bytes (36.1%)
(RDMA_READ_CONSUME_CHECK_CONSUMER) timestamp=1599 ms, used_size=14794752 bytes (36.1%)
(RDMA_READ_CONSUME_CHECK_CONSUMER) timestamp=1599 ms, used_size=14792704 bytes (36.1%)
(RDMA_READ_CONSUME_CHECK_CONSUMER) timestamp=1599 ms, used_size=14790656 bytes (36.1%)
(RDMA_READ_CONSUME_CHECK_CONSUMER) timestamp=1599 ms, used_size=14788608 bytes (36.1%)
(RDMA_READ_CONSUME_CHECK_CONSUMER) timestamp=1599 ms, used_size=14786560 bytes (36.1%)
(RDMA_READ_CONSUME_CHECK_CONSUMER) timestamp=1599 ms, used_size=14784512 bytes (36.1%)
(RDMA_READ_CONSUME_CHECK_CONSUMER) timestamp=1599 ms, used_size=14782464 bytes (36.1%)
(RDMA_READ_CONSUME_CHECK_CONSUMER) timestamp=1599 ms, used_size=14780416 bytes (36.1%)
(RDMA_READ_CONSUME_CHECK_CONSUMER) timestamp=1599 ms, used_size=14778368 bytes (36.1%)
(RDMA_READ_CONSUME_CHECK_CONSUMER) timestamp=1599 ms, used_size=14776320 bytes (36.1%)
(RDMA_READ_CONSUME_CHECK_CONSUMER) timestamp=1599 ms, used_size=14774272 bytes (36.1%)
(RDMA_READ_CONSUME_CHECK_CONSUMER) timestamp=1599 ms, used_size=14772224 bytes (36.1%)
(RDMA_READ_CONSUME_CHECK_CONSUMER) timestamp=1599 ms, used_size=14770176 bytes (36.1%)
(RDMA_READ_CONSUME_CHECK_CONSUMER) timestamp=1599 ms, used_size=14768128 bytes (36.1%)
(RDMA_READ_CONSUME_CHECK_CONSUMER) timestamp=1599 ms, used_size=14766080 bytes (36.0%)
(RDMA_READ_CONSUME_CHECK_CONSUMER) timestamp=1599 ms, used_size=14764032 bytes (36.0%)
(RDMA_READ_CONSUME_CHECK_CONSUMER) timestamp=1599 ms, used_size=14761984 bytes (36.0%)
(RDMA_READ_CONSUME_CHECK_CONSUMER) timestamp=1599 ms, used_size=14759936 bytes (36.0%)
(RDMA_READ_CONSUME_CHECK_CONSUMER) timestamp=1599 ms, used_size=14757888 bytes (36.0%)
(RDMA_READ_CONSUME_CHECK_CONSUMER) timestamp=1599 ms, used_size=14755840 bytes (36.0%)
(RDMA_READ_CONSUME_CHECK_CONSUMER) timestamp=1599 ms, used_size=14753792 bytes (36.0%)
(RDMA_READ_CONSUME_CHECK_CONSUMER) timestamp=1599 ms, used_size=14751744 bytes (36.0%)
(RDMA_READ_CONSUME_CHECK_CONSUMER) timestamp=1599 ms, used_size=14749696 bytes (36.0%)
(RDMA_READ_CONSUME_CHECK_CONSUMER) timestamp=1599 ms, used_size=14747648 bytes (36.0%)
(RDMA_READ_CONSUME_CHECK_CONSUMER) timestamp=1599 ms, used_size=14745600 bytes (36.0%)
(RDMA_READ_CONSUME_CHECK_CONSUMER) timestamp=1599 ms, used_size=14743552 bytes (36.0%)
(RDMA_READ_CONSUME_CHECK_CONSUMER) timestamp=1599 ms, used_size=14741504 bytes (36.0%)
(RDMA_READ_CONSUME_CHECK_CONSUMER) timestamp=1599 ms, used_size=14739456 bytes (36.0%)
(RDMA_READ_CONSUME_CHECK_CONSUMER) timestamp=1599 ms, used_size=14737408 bytes (36.0%)
(RDMA_READ_CONSUME_CHECK_CONSUMER) timestamp=1599 ms, used_size=14735360 bytes (36.0%)
(RDMA_READ_CONSUME_CHECK_CONSUMER) timestamp=1599 ms, used_size=14733312 bytes (36.0%)
(RDMA_READ_CONSUME_CHECK_CONSUMER) timestamp=1599 ms, used_size=14731264 bytes (36.0%)
(RDMA_READ_CONSUME_CHECK_CONSUMER) timestamp=1599 ms, used_size=14729216 bytes (36.0%)
(RDMA_READ_CONSUME_CHECK_CONSUMER) timestamp=1599 ms, used_size=14727168 bytes (36.0%)
(RDMA_READ_CONSUME_CHECK_CONSUMER) timestamp=1599 ms, used_size=14725120 bytes (36.0%)
(RDMA_READ_CONSUME_CHECK_CONSUMER) timestamp=1599 ms, used_size=14723072 bytes (35.9%)
(RDMA_READ_CONSUME_CHECK_CONSUMER) timestamp=1599 ms, used_size=14721024 bytes (35.9%)
(RDMA_READ_CONSUME_CHECK_CONSUMER) timestamp=1599 ms, used_size=14718976 bytes (35.9%)
(RDMA_READ_CONSUME_CHECK_CONSUMER) timestamp=1599 ms, used_size=14716928 bytes (35.9%)
(RDMA_READ_CONSUME_CHECK_CONSUMER) timestamp=1599 ms, used_size=14714880 bytes (35.9%)
(RDMA_READ_CONSUME_CHECK_CONSUMER) timestamp=1599 ms, used_size=14712832 bytes (35.9%)
(RDMA_READ_CONSUME_CHECK_CONSUMER) timestamp=1599 ms, used_size=14710784 bytes (35.9%)
(RDMA_READ_CONSUME_CHECK_CONSUMER) timestamp=1599 ms, used_size=14708736 bytes (35.9%)
(RDMA_READ_CONSUME_CHECK_CONSUMER) timestamp=1599 ms, used_size=14706688 bytes (35.9%)
(RDMA_READ_CONSUME_CHECK_CONSUMER) timestamp=1599 ms, used_size=14704640 bytes (35.9%)
(RDMA_READ_CONSUME_CHECK_CONSUMER) timestamp=1599 ms, used_size=14702592 bytes (35.9%)
(RDMA_READ_CONSUME_CHECK_CONSUMER) timestamp=1599 ms, used_size=14700544 bytes (35.9%)
(RDMA_READ_CONSUME_CHECK_CONSUMER) timestamp=1599 ms, used_size=14698496 bytes (35.9%)
(RDMA_READ_CONSUME_CHECK_CONSUMER) timestamp=1599 ms, used_size=14696448 bytes (35.9%)
(RDMA_READ_CONSUME_CHECK_CONSUMER) timestamp=1599 ms, used_size=14694400 bytes (35.9%)
(RDMA_READ_CONSUME_CHECK_CONSUMER) timestamp=1599 ms, used_size=14692352 bytes (35.9%)
(RDMA_READ_CONSUME_CHECK_CONSUMER) timestamp=1599 ms, used_size=14690304 bytes (35.9%)
(RDMA_READ_CONSUME_CHECK_CONSUMER) timestamp=1599 ms, used_size=14688256 bytes (35.9%)
(RDMA_READ_CONSUME_CHECK_CONSUMER) timestamp=1599 ms, used_size=14686208 bytes (35.9%)
(RDMA_READ_CONSUME_CHECK_CONSUMER) timestamp=1599 ms, used_size=14684160 bytes (35.9%)
(RDMA_READ_CONSUME_CHECK_CONSUMER) timestamp=1599 ms, used_size=14682112 bytes (35.8%)
(RDMA_READ_CONSUME_CHECK_CONSUMER) timestamp=1599 ms, used_size=14680064 bytes (35.8%)
(RDMA_READ_CONSUME_CHECK_CONSUMER) timestamp=1599 ms, used_size=14678016 bytes (35.8%)
(RDMA_READ_CONSUME_CHECK_CONSUMER) timestamp=1599 ms, used_size=14675968 bytes (35.8%)
(RDMA_READ_CONSUME_CHECK_CONSUMER) timestamp=1599 ms, used_size=14673920 bytes (35.8%)
(RDMA_READ_CONSUME_CHECK_CONSUMER) timestamp=1599 ms, used_size=14671872 bytes (35.8%)
(RDMA_READ_CONSUME_CHECK_CONSUMER) timestamp=1599 ms, used_size=14669824 bytes (35.8%)
(RDMA_READ_CONSUME_CHECK_CONSUMER) timestamp=1599 ms, used_size=14667776 bytes (35.8%)
(RDMA_READ_CONSUME_CHECK_CONSUMER) timestamp=1599 ms, used_size=14665728 bytes (35.8%)
(RDMA_READ_CONSUME_CHECK_CONSUMER) timestamp=1599 ms, used_size=14663680 bytes (35.8%)
(RDMA_READ_CONSUME_CHECK_CONSUMER) timestamp=1599 ms, used_size=14661632 bytes (35.8%)
(RDMA_READ_CONSUME_CHECK_CONSUMER) timestamp=1599 ms, used_size=14659584 bytes (35.8%)
(RDMA_READ_CONSUME_CHECK_CONSUMER) timestamp=1599 ms, used_size=14657536 bytes (35.8%)
(RDMA_READ_CONSUME_CHECK_CONSUMER) timestamp=1599 ms, used_size=14655488 bytes (35.8%)
(RDMA_READ_CONSUME_CHECK_CONSUMER) timestamp=1599 ms, used_size=14653440 bytes (35.8%)
(RDMA_READ_CONSUME_CHECK_CONSUMER) timestamp=1599 ms, used_size=14651392 bytes (35.8%)
(RDMA_READ_CONSUME_CHECK_CONSUMER) timestamp=1599 ms, used_size=14649344 bytes (35.8%)
(RDMA_READ_CONSUME_CHECK_CONSUMER) timestamp=1599 ms, used_size=14647296 bytes (35.8%)
(RDMA_READ_CONSUME_CHECK_CONSUMER) timestamp=1599 ms, used_size=14645248 bytes (35.8%)
(RDMA_READ_CONSUME_CHECK_CONSUMER) timestamp=1599 ms, used_size=14643200 bytes (35.8%)
(RDMA_READ_CONSUME_CHECK_CONSUMER) timestamp=1599 ms, used_size=14641152 bytes (35.7%)
(RDMA_READ_CONSUME_CHECK_CONSUMER) timestamp=1599 ms, used_size=14639104 bytes (35.7%)
(RDMA_READ_CONSUME_CHECK_CONSUMER) timestamp=1599 ms, used_size=14637056 bytes (35.7%)
(RDMA_READ_CONSUME_CHECK_CONSUMER) timestamp=1599 ms, used_size=14635008 bytes (35.7%)
(RDMA_READ_CONSUME_CHECK_CONSUMER) timestamp=1599 ms, used_size=14632960 bytes (35.7%)
(RDMA_READ_CONSUME_CHECK_CONSUMER) timestamp=1599 ms, used_size=14630912 bytes (35.7%)
(RDMA_READ_CONSUME_CHECK_CONSUMER) timestamp=1599 ms, used_size=14628864 bytes (35.7%)
(RDMA_READ_CONSUME_CHECK_CONSUMER) timestamp=1599 ms, used_size=14626816 bytes (35.7%)
(RDMA_READ_CONSUME_CHECK_CONSUMER) timestamp=1599 ms, used_size=14624768 bytes (35.7%)
(RDMA_READ_CONSUME_CHECK_CONSUMER) timestamp=1599 ms, used_size=14622720 bytes (35.7%)
(RDMA_READ_CONSUME_CHECK_CONSUMER) timestamp=1599 ms, used_size=14620672 bytes (35.7%)
(RDMA_READ_CONSUME_CHECK_CONSUMER) timestamp=1599 ms, used_size=14618624 bytes (35.7%)
(RDMA_READ_CONSUME_CHECK_CONSUMER) timestamp=1599 ms, used_size=14616576 bytes (35.7%)
(RDMA_READ_CONSUME_CHECK_CONSUMER) timestamp=1599 ms, used_size=14614528 bytes (35.7%)
(RDMA_READ_CONSUME_CHECK_CONSUMER) timestamp=1599 ms, used_size=14612480 bytes (35.7%)
(RDMA_READ_CONSUME_CHECK_CONSUMER) timestamp=1599 ms, used_size=14610432 bytes (35.7%)
(RDMA_READ_CONSUME_CHECK_CONSUMER) timestamp=1599 ms, used_size=14608384 bytes (35.7%)
(RDMA_READ_CONSUME_CHECK_CONSUMER) timestamp=1599 ms, used_size=14606336 bytes (35.7%)
(RDMA_READ_CONSUME_CHECK_CONSUMER) timestamp=1599 ms, used_size=14604288 bytes (35.7%)
(RDMA_READ_CONSUME_CHECK_CONSUMER) timestamp=1599 ms, used_size=14602240 bytes (35.6%)
(RDMA_READ_CONSUME_CHECK_CONSUMER) timestamp=1599 ms, used_size=14600192 bytes (35.6%)
(RDMA_READ_CONSUME_CHECK_CONSUMER) timestamp=1599 ms, used_size=14598144 bytes (35.6%)
(RDMA_READ_CONSUME_CHECK_CONSUMER) timestamp=1599 ms, used_size=14596096 bytes (35.6%)
(RDMA_READ_CONSUME_CHECK_CONSUMER) timestamp=1599 ms, used_size=14594048 bytes (35.6%)
(RDMA_READ_CONSUME_CHECK_CONSUMER) timestamp=1599 ms, used_size=14592000 bytes (35.6%)
(RDMA_READ_CONSUME_CHECK_CONSUMER) timestamp=1599 ms, used_size=14589952 bytes (35.6%)
(RDMA_READ_CONSUME_CHECK_CONSUMER) timestamp=1599 ms, used_size=14587904 bytes (35.6%)
(RDMA_READ_CONSUME_CHECK_CONSUMER) timestamp=1599 ms, used_size=14585856 bytes (35.6%)
(RDMA_READ_CONSUME_CHECK_CONSUMER) timestamp=1599 ms, used_size=14583808 bytes (35.6%)
(RDMA_READ_CONSUME_CHECK_CONSUMER) timestamp=1599 ms, used_size=14581760 bytes (35.6%)
(RDMA_READ_CONSUME_CHECK_CONSUMER) timestamp=1599 ms, used_size=14579712 bytes (35.6%)
(RDMA_READ_CONSUME_CHECK_CONSUMER) timestamp=1599 ms, used_size=14577664 bytes (35.6%)
(RDMA_READ_CONSUME_CHECK_CONSUMER) timestamp=1599 ms, used_size=14575616 bytes (35.6%)
(RDMA_READ_CONSUME_CHECK_CONSUMER) timestamp=1599 ms, used_size=14573568 bytes (35.6%)
(RDMA_READ_CONSUME_CHECK_CONSUMER) timestamp=1600 ms, used_size=14571520 bytes (35.6%)
(RDMA_READ_CONSUME_CHECK_CONSUMER) timestamp=1600 ms, used_size=14569472 bytes (35.6%)
(RDMA_READ_CONSUME_CHECK_CONSUMER) timestamp=1600 ms, used_size=14567424 bytes (35.6%)
(RDMA_READ_CONSUME_CHECK_CONSUMER) timestamp=1600 ms, used_size=14565376 bytes (35.6%)
(RDMA_READ_CONSUME_CHECK_CONSUMER) timestamp=1600 ms, used_size=14563328 bytes (35.6%)
(RDMA_READ_CONSUME_CHECK_CONSUMER) timestamp=1600 ms, used_size=14561280 bytes (35.5%)
(RDMA_READ_CONSUME_CHECK_CONSUMER) timestamp=1600 ms, used_size=14559232 bytes (35.5%)
(RDMA_READ_CONSUME_CHECK_CONSUMER) timestamp=1600 ms, used_size=14557184 bytes (35.5%)
(RDMA_READ_CONSUME_CHECK_CONSUMER) timestamp=1600 ms, used_size=14555136 bytes (35.5%)
(RDMA_READ_CONSUME_CHECK_CONSUMER) timestamp=1600 ms, used_size=14553088 bytes (35.5%)
(RDMA_READ_CONSUME_CHECK_CONSUMER) timestamp=1600 ms, used_size=14551040 bytes (35.5%)
(RDMA_READ_CONSUME_CHECK_CONSUMER) timestamp=1600 ms, used_size=14548992 bytes (35.5%)
(RDMA_READ_CONSUME_CHECK_CONSUMER) timestamp=1600 ms, used_size=14546944 bytes (35.5%)
(RDMA_READ_CONSUME_CHECK_CONSUMER) timestamp=1600 ms, used_size=14544896 bytes (35.5%)
(RDMA_READ_CONSUME_CHECK_CONSUMER) timestamp=1600 ms, used_size=14542848 bytes (35.5%)
(RDMA_READ_CONSUME_CHECK_CONSUMER) timestamp=1600 ms, used_size=14540800 bytes (35.5%)
(RDMA_READ_CONSUME_CHECK_CONSUMER) timestamp=1600 ms, used_size=14538752 bytes (35.5%)
(RDMA_READ_CONSUME_CHECK_CONSUMER) timestamp=1600 ms, used_size=14536704 bytes (35.5%)
(RDMA_READ_CONSUME_CHECK_CONSUMER) timestamp=1600 ms, used_size=14534656 bytes (35.5%)
(RDMA_READ_CONSUME_CHECK_CONSUMER) timestamp=1600 ms, used_size=14532608 bytes (35.5%)
(RDMA_READ_CONSUME_CHECK_CONSUMER) timestamp=1600 ms, used_size=14530560 bytes (35.5%)
(RDMA_READ_CONSUME_CHECK_CONSUMER) timestamp=1600 ms, used_size=14528512 bytes (35.5%)
(RDMA_READ_CONSUME_CHECK_CONSUMER) timestamp=1600 ms, used_size=14526464 bytes (35.5%)
(RDMA_READ_CONSUME_CHECK_CONSUMER) timestamp=1600 ms, used_size=14524416 bytes (35.5%)
(RDMA_READ_CONSUME_CHECK_CONSUMER) timestamp=1600 ms, used_size=14522368 bytes (35.5%)
(RDMA_READ_CONSUME_CHECK_CONSUMER) timestamp=1600 ms, used_size=14520320 bytes (35.5%)
(RDMA_READ_CONSUME_CHECK_CONSUMER) timestamp=1600 ms, used_size=14518272 bytes (35.4%)
(RDMA_READ_CONSUME_CHECK_CONSUMER) timestamp=1600 ms, used_size=14516224 bytes (35.4%)
(RDMA_READ_CONSUME_CHECK_CONSUMER) timestamp=1600 ms, used_size=14514176 bytes (35.4%)
(RDMA_READ_CONSUME_CHECK_CONSUMER) timestamp=1600 ms, used_size=14512128 bytes (35.4%)
(RDMA_READ_CONSUME_CHECK_CONSUMER) timestamp=1600 ms, used_size=14510080 bytes (35.4%)
(RDMA_READ_CONSUME_CHECK_CONSUMER) timestamp=1600 ms, used_size=14508032 bytes (35.4%)
(RDMA_READ_CONSUME_CHECK_CONSUMER) timestamp=1600 ms, used_size=14505984 bytes (35.4%)
(RDMA_READ_CONSUME_CHECK_CONSUMER) timestamp=1600 ms, used_size=14503936 bytes (35.4%)
(RDMA_READ_CONSUME_CHECK_CONSUMER) timestamp=1600 ms, used_size=14501888 bytes (35.4%)
(RDMA_READ_CONSUME_CHECK_CONSUMER) timestamp=1600 ms, used_size=14499840 bytes (35.4%)
(RDMA_READ_CONSUME_CHECK_CONSUMER) timestamp=1600 ms, used_size=14497792 bytes (35.4%)
(RDMA_READ_CONSUME_CHECK_CONSUMER) timestamp=1600 ms, used_size=14495744 bytes (35.4%)
(RDMA_READ_CONSUME_CHECK_CONSUMER) timestamp=1600 ms, used_size=14493696 bytes (35.4%)
(RDMA_READ_CONSUME_CHECK_CONSUMER) timestamp=1600 ms, used_size=14491648 bytes (35.4%)
(RDMA_READ_CONSUME_CHECK_CONSUMER) timestamp=1600 ms, used_size=14489600 bytes (35.4%)
(RDMA_READ_CONSUME_CHECK_CONSUMER) timestamp=1600 ms, used_size=14487552 bytes (35.4%)
(RDMA_READ_CONSUME_CHECK_CONSUMER) timestamp=1600 ms, used_size=14485504 bytes (35.4%)
(RDMA_READ_CONSUME_CHECK_CONSUMER) timestamp=1600 ms, used_size=14483456 bytes (35.4%)
(RDMA_READ_CONSUME_CHECK_CONSUMER) timestamp=1600 ms, used_size=14481408 bytes (35.4%)
(RDMA_READ_CONSUME_CHECK_CONSUMER) timestamp=1600 ms, used_size=14479360 bytes (35.4%)
(RDMA_READ_CONSUME_CHECK_CONSUMER) timestamp=1600 ms, used_size=14477312 bytes (35.3%)
(RDMA_READ_CONSUME_CHECK_CONSUMER) timestamp=1600 ms, used_size=14475264 bytes (35.3%)
(RDMA_READ_CONSUME_CHECK_CONSUMER) timestamp=1600 ms, used_size=14473216 bytes (35.3%)
(RDMA_READ_CONSUME_CHECK_CONSUMER) timestamp=1600 ms, used_size=14471168 bytes (35.3%)
(RDMA_READ_CONSUME_CHECK_CONSUMER) timestamp=1600 ms, used_size=14469120 bytes (35.3%)
(RDMA_READ_CONSUME_CHECK_CONSUMER) timestamp=1600 ms, used_size=14467072 bytes (35.3%)
(RDMA_READ_CONSUME_CHECK_CONSUMER) timestamp=1600 ms, used_size=14465024 bytes (35.3%)
(RDMA_READ_CONSUME_CHECK_CONSUMER) timestamp=1600 ms, used_size=14462976 bytes (35.3%)
(RDMA_READ_CONSUME_CHECK_CONSUMER) timestamp=1600 ms, used_size=14460928 bytes (35.3%)
(RDMA_READ_CONSUME_CHECK_CONSUMER) timestamp=1600 ms, used_size=14458880 bytes (35.3%)
(RDMA_READ_CONSUME_CHECK_CONSUMER) timestamp=1600 ms, used_size=14456832 bytes (35.3%)
(RDMA_READ_CONSUME_CHECK_CONSUMER) timestamp=1600 ms, used_size=14454784 bytes (35.3%)
(RDMA_READ_CONSUME_CHECK_CONSUMER) timestamp=1600 ms, used_size=14452736 bytes (35.3%)
(RDMA_READ_CONSUME_CHECK_CONSUMER) timestamp=1600 ms, used_size=14450688 bytes (35.3%)
(RDMA_READ_CONSUME_CHECK_CONSUMER) timestamp=1600 ms, used_size=14448640 bytes (35.3%)
(RDMA_READ_CONSUME_CHECK_CONSUMER) timestamp=1600 ms, used_size=14446592 bytes (35.3%)
(RDMA_READ_CONSUME_CHECK_CONSUMER) timestamp=1600 ms, used_size=14444544 bytes (35.3%)
(RDMA_READ_CONSUME_CHECK_CONSUMER) timestamp=1600 ms, used_size=14442496 bytes (35.3%)
(RDMA_READ_CONSUME_CHECK_CONSUMER) timestamp=1600 ms, used_size=14440448 bytes (35.3%)
(RDMA_READ_CONSUME_CHECK_CONSUMER) timestamp=1600 ms, used_size=14438400 bytes (35.2%)
(RDMA_READ_CONSUME_CHECK_CONSUMER) timestamp=1600 ms, used_size=14436352 bytes (35.2%)
(RDMA_READ_CONSUME_CHECK_CONSUMER) timestamp=1600 ms, used_size=14434304 bytes (35.2%)
(RDMA_READ_CONSUME_CHECK_CONSUMER) timestamp=1600 ms, used_size=14432256 bytes (35.2%)
(RDMA_READ_CONSUME_CHECK_CONSUMER) timestamp=1600 ms, used_size=14430208 bytes (35.2%)
(RDMA_READ_CONSUME_CHECK_CONSUMER) timestamp=1600 ms, used_size=14428160 bytes (35.2%)
(RDMA_READ_CONSUME_CHECK_CONSUMER) timestamp=1600 ms, used_size=14426112 bytes (35.2%)
(RDMA_READ_CONSUME_CHECK_CONSUMER) timestamp=1600 ms, used_size=14424064 bytes (35.2%)
(RDMA_READ_CONSUME_CHECK_CONSUMER) timestamp=1600 ms, used_size=14422016 bytes (35.2%)
(RDMA_READ_CONSUME_CHECK_CONSUMER) timestamp=1600 ms, used_size=14419968 bytes (35.2%)
(RDMA_READ_CONSUME_CHECK_CONSUMER) timestamp=1600 ms, used_size=14417920 bytes (35.2%)
(RDMA_READ_CONSUME_CHECK_CONSUMER) timestamp=1600 ms, used_size=14415872 bytes (35.2%)
(RDMA_READ_CONSUME_CHECK_CONSUMER) timestamp=1600 ms, used_size=14413824 bytes (35.2%)
(RDMA_READ_CONSUME_CHECK_CONSUMER) timestamp=1600 ms, used_size=14411776 bytes (35.2%)
(RDMA_READ_CONSUME_CHECK_CONSUMER) timestamp=1600 ms, used_size=14409728 bytes (35.2%)
(RDMA_READ_CONSUME_CHECK_CONSUMER) timestamp=1600 ms, used_size=14407680 bytes (35.2%)
(RDMA_READ_CONSUME_CHECK_CONSUMER) timestamp=1600 ms, used_size=14405632 bytes (35.2%)
(RDMA_READ_CONSUME_CHECK_CONSUMER) timestamp=1600 ms, used_size=14403584 bytes (35.2%)
(RDMA_READ_CONSUME_CHECK_CONSUMER) timestamp=1600 ms, used_size=14401536 bytes (35.2%)
(RDMA_READ_CONSUME_CHECK_CONSUMER) timestamp=1600 ms, used_size=14399488 bytes (35.2%)
(RDMA_READ_CONSUME_CHECK_CONSUMER) timestamp=1600 ms, used_size=14397440 bytes (35.1%)
(RDMA_READ_CONSUME_CHECK_CONSUMER) timestamp=1600 ms, used_size=14395392 bytes (35.1%)
(RDMA_READ_CONSUME_CHECK_CONSUMER) timestamp=1600 ms, used_size=14393344 bytes (35.1%)
(RDMA_READ_CONSUME_CHECK_CONSUMER) timestamp=1600 ms, used_size=14391296 bytes (35.1%)
(RDMA_READ_CONSUME_CHECK_CONSUMER) timestamp=1600 ms, used_size=14389248 bytes (35.1%)
(RDMA_READ_CONSUME_CHECK_CONSUMER) timestamp=1600 ms, used_size=14387200 bytes (35.1%)
(RDMA_READ_CONSUME_CHECK_CONSUMER) timestamp=1600 ms, used_size=14385152 bytes (35.1%)
(RDMA_READ_CONSUME_CHECK_CONSUMER) timestamp=1600 ms, used_size=14383104 bytes (35.1%)
(RDMA_READ_CONSUME_CHECK_CONSUMER) timestamp=1600 ms, used_size=14381056 bytes (35.1%)
(RDMA_READ_CONSUME_CHECK_CONSUMER) timestamp=1600 ms, used_size=14379008 bytes (35.1%)
(RDMA_READ_CONSUME_CHECK_CONSUMER) timestamp=1600 ms, used_size=14376960 bytes (35.1%)
(RDMA_READ_CONSUME_CHECK_CONSUMER) timestamp=1600 ms, used_size=14374912 bytes (35.1%)
(RDMA_READ_CONSUME_CHECK_CONSUMER) timestamp=1600 ms, used_size=14372864 bytes (35.1%)
(RDMA_READ_CONSUME_CHECK_CONSUMER) timestamp=1600 ms, used_size=14370816 bytes (35.1%)
(RDMA_READ_CONSUME_CHECK_CONSUMER) timestamp=1600 ms, used_size=14368768 bytes (35.1%)
(RDMA_READ_CONSUME_CHECK_CONSUMER) timestamp=1600 ms, used_size=14366720 bytes (35.1%)
(RDMA_READ_CONSUME_CHECK_CONSUMER) timestamp=1600 ms, used_size=14364672 bytes (35.1%)
(RDMA_READ_CONSUME_CHECK_CONSUMER) timestamp=1600 ms, used_size=14362624 bytes (35.1%)
(RDMA_READ_CONSUME_CHECK_CONSUMER) timestamp=1600 ms, used_size=14360576 bytes (35.1%)
(RDMA_READ_CONSUME_CHECK_CONSUMER) timestamp=1600 ms, used_size=14358528 bytes (35.1%)
(RDMA_READ_CONSUME_CHECK_CONSUMER) timestamp=1600 ms, used_size=14356480 bytes (35.0%)
(RDMA_READ_CONSUME_CHECK_CONSUMER) timestamp=1600 ms, used_size=14354432 bytes (35.0%)
(RDMA_READ_CONSUME_CHECK_CONSUMER) timestamp=1600 ms, used_size=14352384 bytes (35.0%)
(RDMA_READ_CONSUME_CHECK_CONSUMER) timestamp=1600 ms, used_size=14350336 bytes (35.0%)
(RDMA_READ_CONSUME_CHECK_CONSUMER) timestamp=1600 ms, used_size=14348288 bytes (35.0%)
(RDMA_READ_CONSUME_CHECK_CONSUMER) timestamp=1600 ms, used_size=14346240 bytes (35.0%)
(RDMA_READ_CONSUME_CHECK_CONSUMER) timestamp=1600 ms, used_size=14344192 bytes (35.0%)
(RDMA_READ_CONSUME_CHECK_CONSUMER) timestamp=1600 ms, used_size=14342144 bytes (35.0%)
(RDMA_READ_CONSUME_CHECK_CONSUMER) timestamp=1600 ms, used_size=14340096 bytes (35.0%)
(RDMA_READ_CONSUME_CHECK_CONSUMER) timestamp=1600 ms, used_size=14338048 bytes (35.0%)
(RDMA_READ_CONSUME_CHECK_CONSUMER) timestamp=1600 ms, used_size=14336000 bytes (35.0%)
(RDMA_READ_CONSUME_CHECK_CONSUMER) timestamp=1600 ms, used_size=14333952 bytes (35.0%)
(RDMA_READ_CONSUME_CHECK_CONSUMER) timestamp=1600 ms, used_size=14331904 bytes (35.0%)
(RDMA_READ_CONSUME_CHECK_CONSUMER) timestamp=1600 ms, used_size=14329856 bytes (35.0%)
(RDMA_READ_CONSUME_CHECK_CONSUMER) timestamp=1600 ms, used_size=14327808 bytes (35.0%)
(RDMA_READ_CONSUME_CHECK_CONSUMER) timestamp=1600 ms, used_size=14325760 bytes (35.0%)
(RDMA_READ_CONSUME_CHECK_CONSUMER) timestamp=1600 ms, used_size=14323712 bytes (35.0%)
(RDMA_READ_CONSUME_CHECK_CONSUMER) timestamp=1600 ms, used_size=14321664 bytes (35.0%)
(RDMA_READ_CONSUME_CHECK_CONSUMER) timestamp=1600 ms, used_size=14319616 bytes (35.0%)
(RDMA_READ_CONSUME_CHECK_CONSUMER) timestamp=1600 ms, used_size=14317568 bytes (35.0%)
(RDMA_READ_CONSUME_CHECK_CONSUMER) timestamp=1600 ms, used_size=14315520 bytes (35.0%)
(RDMA_READ_CONSUME_CHECK_CONSUMER) timestamp=1600 ms, used_size=14313472 bytes (34.9%)
(RDMA_READ_CONSUME_CHECK_CONSUMER) timestamp=1600 ms, used_size=14311424 bytes (34.9%)
(RDMA_READ_CONSUME_CHECK_CONSUMER) timestamp=1600 ms, used_size=14309376 bytes (34.9%)
(RDMA_READ_CONSUME_CHECK_CONSUMER) timestamp=1600 ms, used_size=14307328 bytes (34.9%)
(RDMA_READ_CONSUME_CHECK_CONSUMER) timestamp=1600 ms, used_size=14305280 bytes (34.9%)
(RDMA_READ_CONSUME_CHECK_CONSUMER) timestamp=1600 ms, used_size=14303232 bytes (34.9%)
(RDMA_READ_CONSUME_CHECK_CONSUMER) timestamp=1600 ms, used_size=14301184 bytes (34.9%)
(RDMA_READ_CONSUME_CHECK_CONSUMER) timestamp=1600 ms, used_size=14299136 bytes (34.9%)
(RDMA_READ_CONSUME_CHECK_CONSUMER) timestamp=1600 ms, used_size=14297088 bytes (34.9%)
(RDMA_READ_CONSUME_CHECK_CONSUMER) timestamp=1600 ms, used_size=14295040 bytes (34.9%)
(RDMA_READ_CONSUME_CHECK_CONSUMER) timestamp=1600 ms, used_size=14292992 bytes (34.9%)
(RDMA_READ_CONSUME_CHECK_CONSUMER) timestamp=1600 ms, used_size=14290944 bytes (34.9%)
(RDMA_READ_CONSUME_CHECK_CONSUMER) timestamp=1600 ms, used_size=14288896 bytes (34.9%)
(RDMA_READ_CONSUME_CHECK_CONSUMER) timestamp=1600 ms, used_size=14286848 bytes (34.9%)
(RDMA_READ_CONSUME_CHECK_CONSUMER) timestamp=1600 ms, used_size=14284800 bytes (34.9%)
(RDMA_READ_CONSUME_CHECK_CONSUMER) timestamp=1600 ms, used_size=14282752 bytes (34.9%)
(RDMA_READ_CONSUME_CHECK_CONSUMER) timestamp=1600 ms, used_size=14280704 bytes (34.9%)
(RDMA_READ_CONSUME_CHECK_CONSUMER) timestamp=1600 ms, used_size=14278656 bytes (34.9%)
(RDMA_READ_CONSUME_CHECK_CONSUMER) timestamp=1600 ms, used_size=14276608 bytes (34.9%)
(RDMA_READ_CONSUME_CHECK_CONSUMER) timestamp=1600 ms, used_size=14274560 bytes (34.9%)
(RDMA_READ_CONSUME_CHECK_CONSUMER) timestamp=1600 ms, used_size=14272512 bytes (34.8%)
(RDMA_READ_CONSUME_CHECK_CONSUMER) timestamp=1600 ms, used_size=14270464 bytes (34.8%)
(RDMA_READ_CONSUME_CHECK_CONSUMER) timestamp=1600 ms, used_size=14268416 bytes (34.8%)
(RDMA_READ_CONSUME_CHECK_CONSUMER) timestamp=1600 ms, used_size=14266368 bytes (34.8%)
(RDMA_READ_CONSUME_CHECK_CONSUMER) timestamp=1600 ms, used_size=14264320 bytes (34.8%)
(RDMA_READ_CONSUME_CHECK_CONSUMER) timestamp=1600 ms, used_size=14262272 bytes (34.8%)
(RDMA_READ_CONSUME_CHECK_CONSUMER) timestamp=1600 ms, used_size=14260224 bytes (34.8%)
(RDMA_READ_CONSUME_CHECK_CONSUMER) timestamp=1600 ms, used_size=14258176 bytes (34.8%)
(RDMA_READ_CONSUME_CHECK_CONSUMER) timestamp=1600 ms, used_size=14256128 bytes (34.8%)
(RDMA_READ_CONSUME_CHECK_CONSUMER) timestamp=1600 ms, used_size=14254080 bytes (34.8%)
(RDMA_READ_CONSUME_CHECK_CONSUMER) timestamp=1600 ms, used_size=14252032 bytes (34.8%)
(RDMA_READ_CONSUME_CHECK_CONSUMER) timestamp=1600 ms, used_size=14249984 bytes (34.8%)
(RDMA_READ_CONSUME_CHECK_CONSUMER) timestamp=1600 ms, used_size=14247936 bytes (34.8%)
(RDMA_READ_CONSUME_CHECK_CONSUMER) timestamp=1600 ms, used_size=14245888 bytes (34.8%)
(RDMA_READ_CONSUME_CHECK_CONSUMER) timestamp=1600 ms, used_size=14243840 bytes (34.8%)
(RDMA_READ_CONSUME_CHECK_CONSUMER) timestamp=1600 ms, used_size=14241792 bytes (34.8%)
(RDMA_READ_CONSUME_CHECK_CONSUMER) timestamp=1600 ms, used_size=14239744 bytes (34.8%)
(RDMA_READ_CONSUME_CHECK_CONSUMER) timestamp=1600 ms, used_size=14237696 bytes (34.8%)
(RDMA_READ_CONSUME_CHECK_CONSUMER) timestamp=1600 ms, used_size=14235648 bytes (34.8%)
(RDMA_READ_CONSUME_CHECK_CONSUMER) timestamp=1600 ms, used_size=14233600 bytes (34.8%)
(RDMA_READ_CONSUME_CHECK_CONSUMER) timestamp=1600 ms, used_size=14231552 bytes (34.7%)
(RDMA_READ_CONSUME_CHECK_CONSUMER) timestamp=1600 ms, used_size=14229504 bytes (34.7%)
(RDMA_READ_CONSUME_CHECK_CONSUMER) timestamp=1600 ms, used_size=14227456 bytes (34.7%)
(RDMA_READ_CONSUME_CHECK_CONSUMER) timestamp=1600 ms, used_size=14225408 bytes (34.7%)
(RDMA_READ_CONSUME_CHECK_CONSUMER) timestamp=1600 ms, used_size=14223360 bytes (34.7%)
(RDMA_READ_CONSUME_CHECK_CONSUMER) timestamp=1600 ms, used_size=14221312 bytes (34.7%)
(RDMA_READ_CONSUME_CHECK_CONSUMER) timestamp=1600 ms, used_size=14219264 bytes (34.7%)
(RDMA_READ_CONSUME_CHECK_CONSUMER) timestamp=1600 ms, used_size=14217216 bytes (34.7%)
(RDMA_READ_CONSUME_CHECK_CONSUMER) timestamp=1600 ms, used_size=14215168 bytes (34.7%)
(RDMA_READ_CONSUME_CHECK_CONSUMER) timestamp=1600 ms, used_size=14213120 bytes (34.7%)
(RDMA_READ_CONSUME_CHECK_CONSUMER) timestamp=1600 ms, used_size=14211072 bytes (34.7%)
(RDMA_READ_CONSUME_CHECK_CONSUMER) timestamp=1600 ms, used_size=14209024 bytes (34.7%)
(RDMA_READ_CONSUME_CHECK_CONSUMER) timestamp=1600 ms, used_size=14206976 bytes (34.7%)
(RDMA_READ_CONSUME_CHECK_CONSUMER) timestamp=1600 ms, used_size=14204928 bytes (34.7%)
(RDMA_READ_CONSUME_CHECK_CONSUMER) timestamp=1601 ms, used_size=14202880 bytes (34.7%)
(RDMA_READ_CONSUME_CHECK_CONSUMER) timestamp=1601 ms, used_size=14200832 bytes (34.7%)
(RDMA_READ_CONSUME_CHECK_CONSUMER) timestamp=1601 ms, used_size=14198784 bytes (34.7%)
(RDMA_READ_CONSUME_CHECK_CONSUMER) timestamp=1601 ms, used_size=14196736 bytes (34.7%)
(RDMA_READ_CONSUME_CHECK_CONSUMER) timestamp=1601 ms, used_size=14194688 bytes (34.7%)
(RDMA_READ_CONSUME_CHECK_CONSUMER) timestamp=1601 ms, used_size=14192640 bytes (34.6%)
(RDMA_READ_CONSUME_CHECK_CONSUMER) timestamp=1601 ms, used_size=14190592 bytes (34.6%)
(RDMA_READ_CONSUME_CHECK_CONSUMER) timestamp=1601 ms, used_size=14188544 bytes (34.6%)
(RDMA_READ_CONSUME_CHECK_CONSUMER) timestamp=1601 ms, used_size=14186496 bytes (34.6%)
(RDMA_READ_CONSUME_CHECK_CONSUMER) timestamp=1601 ms, used_size=14184448 bytes (34.6%)
(RDMA_READ_CONSUME_CHECK_CONSUMER) timestamp=1601 ms, used_size=14182400 bytes (34.6%)
(RDMA_READ_CONSUME_CHECK_CONSUMER) timestamp=1601 ms, used_size=14180352 bytes (34.6%)
(RDMA_READ_CONSUME_CHECK_CONSUMER) timestamp=1601 ms, used_size=14178304 bytes (34.6%)
(RDMA_READ_CONSUME_CHECK_CONSUMER) timestamp=1601 ms, used_size=14176256 bytes (34.6%)
(RDMA_READ_CONSUME_CHECK_CONSUMER) timestamp=1601 ms, used_size=14174208 bytes (34.6%)
(RDMA_READ_CONSUME_CHECK_CONSUMER) timestamp=1601 ms, used_size=14172160 bytes (34.6%)
(RDMA_READ_CONSUME_CHECK_CONSUMER) timestamp=1601 ms, used_size=14170112 bytes (34.6%)
(RDMA_READ_CONSUME_CHECK_CONSUMER) timestamp=1601 ms, used_size=14168064 bytes (34.6%)
(RDMA_READ_CONSUME_CHECK_CONSUMER) timestamp=1601 ms, used_size=14166016 bytes (34.6%)
(RDMA_READ_CONSUME_CHECK_CONSUMER) timestamp=1601 ms, used_size=14163968 bytes (34.6%)
(RDMA_READ_CONSUME_CHECK_CONSUMER) timestamp=1601 ms, used_size=14161920 bytes (34.6%)
(RDMA_READ_CONSUME_CHECK_CONSUMER) timestamp=1601 ms, used_size=14159872 bytes (34.6%)
(RDMA_READ_CONSUME_CHECK_CONSUMER) timestamp=1601 ms, used_size=14157824 bytes (34.6%)
(RDMA_READ_CONSUME_CHECK_CONSUMER) timestamp=1601 ms, used_size=14155776 bytes (34.6%)
(RDMA_READ_CONSUME_CHECK_CONSUMER) timestamp=1601 ms, used_size=14153728 bytes (34.6%)
(RDMA_READ_CONSUME_CHECK_CONSUMER) timestamp=1601 ms, used_size=14151680 bytes (34.5%)
(RDMA_READ_CONSUME_CHECK_CONSUMER) timestamp=1601 ms, used_size=14149632 bytes (34.5%)
(RDMA_READ_CONSUME_CHECK_CONSUMER) timestamp=1601 ms, used_size=14147584 bytes (34.5%)
(RDMA_READ_CONSUME_CHECK_CONSUMER) timestamp=1601 ms, used_size=14145536 bytes (34.5%)
(RDMA_READ_CONSUME_CHECK_CONSUMER) timestamp=1601 ms, used_size=14143488 bytes (34.5%)
(RDMA_READ_CONSUME_CHECK_CONSUMER) timestamp=1601 ms, used_size=14141440 bytes (34.5%)
(RDMA_READ_CONSUME_CHECK_CONSUMER) timestamp=1601 ms, used_size=14139392 bytes (34.5%)
(RDMA_READ_CONSUME_CHECK_CONSUMER) timestamp=1601 ms, used_size=14137344 bytes (34.5%)
(RDMA_READ_CONSUME_CHECK_CONSUMER) timestamp=1601 ms, used_size=14135296 bytes (34.5%)
(RDMA_READ_CONSUME_CHECK_CONSUMER) timestamp=1601 ms, used_size=14133248 bytes (34.5%)
(RDMA_READ_CONSUME_CHECK_CONSUMER) timestamp=1601 ms, used_size=14131200 bytes (34.5%)
(RDMA_READ_CONSUME_CHECK_CONSUMER) timestamp=1601 ms, used_size=14129152 bytes (34.5%)
(RDMA_READ_CONSUME_CHECK_CONSUMER) timestamp=1601 ms, used_size=14127104 bytes (34.5%)
(RDMA_READ_CONSUME_CHECK_CONSUMER) timestamp=1601 ms, used_size=14125056 bytes (34.5%)
(RDMA_READ_CONSUME_CHECK_CONSUMER) timestamp=1601 ms, used_size=14123008 bytes (34.5%)
(RDMA_READ_CONSUME_CHECK_CONSUMER) timestamp=1601 ms, used_size=14120960 bytes (34.5%)
(RDMA_READ_CONSUME_CHECK_CONSUMER) timestamp=1601 ms, used_size=14118912 bytes (34.5%)
(RDMA_READ_CONSUME_CHECK_CONSUMER) timestamp=1601 ms, used_size=14116864 bytes (34.5%)
(RDMA_READ_CONSUME_CHECK_CONSUMER) timestamp=1601 ms, used_size=14114816 bytes (34.5%)
(RDMA_READ_CONSUME_CHECK_CONSUMER) timestamp=1601 ms, used_size=14112768 bytes (34.5%)
(RDMA_READ_CONSUME_CHECK_CONSUMER) timestamp=1601 ms, used_size=14110720 bytes (34.5%)
(RDMA_READ_CONSUME_CHECK_CONSUMER) timestamp=1601 ms, used_size=14108672 bytes (34.4%)
(RDMA_READ_CONSUME_CHECK_CONSUMER) timestamp=1601 ms, used_size=14106624 bytes (34.4%)
(RDMA_READ_CONSUME_CHECK_CONSUMER) timestamp=1601 ms, used_size=14104576 bytes (34.4%)
(RDMA_READ_CONSUME_CHECK_CONSUMER) timestamp=1601 ms, used_size=14102528 bytes (34.4%)
(RDMA_READ_CONSUME_CHECK_CONSUMER) timestamp=1601 ms, used_size=14100480 bytes (34.4%)
(RDMA_READ_CONSUME_CHECK_CONSUMER) timestamp=1601 ms, used_size=14098432 bytes (34.4%)
(RDMA_READ_CONSUME_CHECK_CONSUMER) timestamp=1601 ms, used_size=14096384 bytes (34.4%)
(RDMA_READ_CONSUME_CHECK_CONSUMER) timestamp=1601 ms, used_size=14094336 bytes (34.4%)
(RDMA_READ_CONSUME_CHECK_CONSUMER) timestamp=1601 ms, used_size=14092288 bytes (34.4%)
(RDMA_READ_CONSUME_CHECK_CONSUMER) timestamp=1601 ms, used_size=14090240 bytes (34.4%)
(RDMA_READ_CONSUME_CHECK_CONSUMER) timestamp=1601 ms, used_size=14088192 bytes (34.4%)
(RDMA_READ_CONSUME_CHECK_CONSUMER) timestamp=1601 ms, used_size=14086144 bytes (34.4%)
(RDMA_READ_CONSUME_CHECK_CONSUMER) timestamp=1601 ms, used_size=14084096 bytes (34.4%)
(RDMA_READ_CONSUME_CHECK_CONSUMER) timestamp=1601 ms, used_size=14082048 bytes (34.4%)
(RDMA_READ_CONSUME_CHECK_CONSUMER) timestamp=1601 ms, used_size=14080000 bytes (34.4%)
(RDMA_READ_CONSUME_CHECK_CONSUMER) timestamp=1601 ms, used_size=14077952 bytes (34.4%)
(RDMA_READ_CONSUME_CHECK_CONSUMER) timestamp=1601 ms, used_size=14075904 bytes (34.4%)
(RDMA_READ_CONSUME_CHECK_CONSUMER) timestamp=1601 ms, used_size=14073856 bytes (34.4%)
(RDMA_READ_CONSUME_CHECK_CONSUMER) timestamp=1601 ms, used_size=14071808 bytes (34.4%)
(RDMA_READ_CONSUME_CHECK_CONSUMER) timestamp=1601 ms, used_size=14069760 bytes (34.4%)
(RDMA_READ_CONSUME_CHECK_CONSUMER) timestamp=1601 ms, used_size=14067712 bytes (34.3%)
(RDMA_READ_CONSUME_CHECK_CONSUMER) timestamp=1601 ms, used_size=14065664 bytes (34.3%)
(RDMA_READ_CONSUME_CHECK_CONSUMER) timestamp=1601 ms, used_size=14063616 bytes (34.3%)
(RDMA_READ_CONSUME_CHECK_CONSUMER) timestamp=1601 ms, used_size=14061568 bytes (34.3%)
(RDMA_READ_CONSUME_CHECK_CONSUMER) timestamp=1601 ms, used_size=14059520 bytes (34.3%)
(RDMA_READ_CONSUME_CHECK_CONSUMER) timestamp=1601 ms, used_size=14057472 bytes (34.3%)
(RDMA_READ_CONSUME_CHECK_CONSUMER) timestamp=1601 ms, used_size=14055424 bytes (34.3%)
(RDMA_READ_CONSUME_CHECK_CONSUMER) timestamp=1601 ms, used_size=14053376 bytes (34.3%)
(RDMA_READ_CONSUME_CHECK_CONSUMER) timestamp=1601 ms, used_size=14051328 bytes (34.3%)
(RDMA_READ_CONSUME_CHECK_CONSUMER) timestamp=1601 ms, used_size=14049280 bytes (34.3%)
(RDMA_READ_CONSUME_CHECK_CONSUMER) timestamp=1601 ms, used_size=14047232 bytes (34.3%)
(RDMA_READ_CONSUME_CHECK_CONSUMER) timestamp=1601 ms, used_size=14045184 bytes (34.3%)
(RDMA_READ_CONSUME_CHECK_CONSUMER) timestamp=1601 ms, used_size=14043136 bytes (34.3%)
(RDMA_READ_CONSUME_CHECK_CONSUMER) timestamp=1601 ms, used_size=14041088 bytes (34.3%)
(RDMA_READ_CONSUME_CHECK_CONSUMER) timestamp=1601 ms, used_size=14039040 bytes (34.3%)
(RDMA_READ_CONSUME_CHECK_CONSUMER) timestamp=1601 ms, used_size=14036992 bytes (34.3%)
(RDMA_READ_CONSUME_CHECK_CONSUMER) timestamp=1601 ms, used_size=14034944 bytes (34.3%)
(RDMA_READ_CONSUME_CHECK_CONSUMER) timestamp=1601 ms, used_size=14032896 bytes (34.3%)
(RDMA_READ_CONSUME_CHECK_CONSUMER) timestamp=1601 ms, used_size=14030848 bytes (34.3%)
(RDMA_READ_CONSUME_CHECK_CONSUMER) timestamp=1601 ms, used_size=14028800 bytes (34.2%)
(RDMA_READ_CONSUME_CHECK_CONSUMER) timestamp=1601 ms, used_size=14026752 bytes (34.2%)
(RDMA_READ_CONSUME_CHECK_CONSUMER) timestamp=1601 ms, used_size=14024704 bytes (34.2%)
(RDMA_READ_CONSUME_CHECK_CONSUMER) timestamp=1601 ms, used_size=14022656 bytes (34.2%)
(RDMA_READ_CONSUME_CHECK_CONSUMER) timestamp=1601 ms, used_size=14020608 bytes (34.2%)
(RDMA_READ_CONSUME_CHECK_CONSUMER) timestamp=1601 ms, used_size=14018560 bytes (34.2%)
(RDMA_READ_CONSUME_CHECK_CONSUMER) timestamp=1601 ms, used_size=14016512 bytes (34.2%)
(RDMA_READ_CONSUME_CHECK_CONSUMER) timestamp=1601 ms, used_size=14014464 bytes (34.2%)
(RDMA_READ_CONSUME_CHECK_CONSUMER) timestamp=1601 ms, used_size=14012416 bytes (34.2%)
(RDMA_READ_CONSUME_CHECK_CONSUMER) timestamp=1601 ms, used_size=14010368 bytes (34.2%)
(RDMA_READ_CONSUME_CHECK_CONSUMER) timestamp=1601 ms, used_size=14008320 bytes (34.2%)
(RDMA_READ_CONSUME_CHECK_CONSUMER) timestamp=1601 ms, used_size=14006272 bytes (34.2%)
(RDMA_READ_CONSUME_CHECK_CONSUMER) timestamp=1601 ms, used_size=14004224 bytes (34.2%)
(RDMA_READ_CONSUME_CHECK_CONSUMER) timestamp=1601 ms, used_size=14002176 bytes (34.2%)
(RDMA_READ_CONSUME_CHECK_CONSUMER) timestamp=1601 ms, used_size=14000128 bytes (34.2%)
(RDMA_READ_CONSUME_CHECK_CONSUMER) timestamp=1601 ms, used_size=13998080 bytes (34.2%)
(RDMA_READ_CONSUME_CHECK_CONSUMER) timestamp=1601 ms, used_size=13996032 bytes (34.2%)
(RDMA_READ_CONSUME_CHECK_CONSUMER) timestamp=1601 ms, used_size=13993984 bytes (34.2%)
(RDMA_READ_CONSUME_CHECK_CONSUMER) timestamp=1601 ms, used_size=13991936 bytes (34.2%)
(RDMA_READ_CONSUME_CHECK_CONSUMER) timestamp=1601 ms, used_size=13989888 bytes (34.2%)
(RDMA_READ_CONSUME_CHECK_CONSUMER) timestamp=1601 ms, used_size=13987840 bytes (34.1%)
(RDMA_READ_CONSUME_CHECK_CONSUMER) timestamp=1601 ms, used_size=13985792 bytes (34.1%)
(RDMA_READ_CONSUME_CHECK_CONSUMER) timestamp=1601 ms, used_size=13983744 bytes (34.1%)
(RDMA_READ_CONSUME_CHECK_CONSUMER) timestamp=1601 ms, used_size=13981696 bytes (34.1%)
(RDMA_READ_CONSUME_CHECK_CONSUMER) timestamp=1601 ms, used_size=13979648 bytes (34.1%)
(RDMA_READ_CONSUME_CHECK_CONSUMER) timestamp=1601 ms, used_size=13977600 bytes (34.1%)
(RDMA_READ_CONSUME_CHECK_CONSUMER) timestamp=1601 ms, used_size=13975552 bytes (34.1%)
(RDMA_READ_CONSUME_CHECK_CONSUMER) timestamp=1601 ms, used_size=13973504 bytes (34.1%)
(RDMA_READ_CONSUME_CHECK_CONSUMER) timestamp=1601 ms, used_size=13971456 bytes (34.1%)
(RDMA_READ_CONSUME_CHECK_CONSUMER) timestamp=1601 ms, used_size=13969408 bytes (34.1%)
(RDMA_READ_CONSUME_CHECK_CONSUMER) timestamp=1601 ms, used_size=13967360 bytes (34.1%)
(RDMA_READ_CONSUME_CHECK_CONSUMER) timestamp=1601 ms, used_size=13965312 bytes (34.1%)
(RDMA_READ_CONSUME_CHECK_CONSUMER) timestamp=1601 ms, used_size=13963264 bytes (34.1%)
(RDMA_READ_CONSUME_CHECK_CONSUMER) timestamp=1601 ms, used_size=13961216 bytes (34.1%)
(RDMA_READ_CONSUME_CHECK_CONSUMER) timestamp=1601 ms, used_size=13959168 bytes (34.1%)
(RDMA_READ_CONSUME_CHECK_CONSUMER) timestamp=1601 ms, used_size=13957120 bytes (34.1%)
(RDMA_READ_CONSUME_CHECK_CONSUMER) timestamp=1601 ms, used_size=13955072 bytes (34.1%)
(RDMA_READ_CONSUME_CHECK_CONSUMER) timestamp=1601 ms, used_size=13953024 bytes (34.1%)
(RDMA_READ_CONSUME_CHECK_CONSUMER) timestamp=1601 ms, used_size=13950976 bytes (34.1%)
(RDMA_READ_CONSUME_CHECK_CONSUMER) timestamp=1601 ms, used_size=13948928 bytes (34.1%)
(RDMA_READ_CONSUME_CHECK_CONSUMER) timestamp=1601 ms, used_size=13946880 bytes (34.0%)
(RDMA_READ_CONSUME_CHECK_CONSUMER) timestamp=1601 ms, used_size=13944832 bytes (34.0%)
(RDMA_READ_CONSUME_CHECK_CONSUMER) timestamp=1601 ms, used_size=13942784 bytes (34.0%)
(RDMA_READ_CONSUME_CHECK_CONSUMER) timestamp=1601 ms, used_size=13940736 bytes (34.0%)
(RDMA_READ_CONSUME_CHECK_CONSUMER) timestamp=1601 ms, used_size=13938688 bytes (34.0%)
(RDMA_READ_CONSUME_CHECK_CONSUMER) timestamp=1601 ms, used_size=13936640 bytes (34.0%)
(RDMA_READ_CONSUME_CHECK_CONSUMER) timestamp=1601 ms, used_size=13934592 bytes (34.0%)
(RDMA_READ_CONSUME_CHECK_CONSUMER) timestamp=1601 ms, used_size=13932544 bytes (34.0%)
(RDMA_READ_CONSUME_CHECK_CONSUMER) timestamp=1601 ms, used_size=13930496 bytes (34.0%)
(RDMA_READ_CONSUME_CHECK_CONSUMER) timestamp=1601 ms, used_size=13928448 bytes (34.0%)
(RDMA_READ_CONSUME_CHECK_CONSUMER) timestamp=1601 ms, used_size=13926400 bytes (34.0%)
(RDMA_READ_CONSUME_CHECK_CONSUMER) timestamp=1601 ms, used_size=13924352 bytes (34.0%)
(RDMA_READ_CONSUME_CHECK_CONSUMER) timestamp=1601 ms, used_size=13922304 bytes (34.0%)
(RDMA_READ_CONSUME_CHECK_CONSUMER) timestamp=1601 ms, used_size=13920256 bytes (34.0%)
(RDMA_READ_CONSUME_CHECK_CONSUMER) timestamp=1601 ms, used_size=13918208 bytes (34.0%)
(RDMA_READ_CONSUME_CHECK_CONSUMER) timestamp=1601 ms, used_size=13916160 bytes (34.0%)
(RDMA_READ_CONSUME_CHECK_CONSUMER) timestamp=1601 ms, used_size=13914112 bytes (34.0%)
(RDMA_READ_CONSUME_CHECK_CONSUMER) timestamp=1601 ms, used_size=13912064 bytes (34.0%)
(RDMA_READ_CONSUME_CHECK_CONSUMER) timestamp=1601 ms, used_size=13910016 bytes (34.0%)
(RDMA_READ_CONSUME_CHECK_CONSUMER) timestamp=1601 ms, used_size=13907968 bytes (34.0%)
(RDMA_READ_CONSUME_CHECK_CONSUMER) timestamp=1601 ms, used_size=13905920 bytes (34.0%)
(RDMA_READ_CONSUME_CHECK_CONSUMER) timestamp=1601 ms, used_size=13903872 bytes (33.9%)
(RDMA_READ_CONSUME_CHECK_CONSUMER) timestamp=1601 ms, used_size=13901824 bytes (33.9%)
(RDMA_READ_CONSUME_CHECK_CONSUMER) timestamp=1601 ms, used_size=13899776 bytes (33.9%)
(RDMA_READ_CONSUME_CHECK_CONSUMER) timestamp=1601 ms, used_size=13897728 bytes (33.9%)
(RDMA_READ_CONSUME_CHECK_CONSUMER) timestamp=1601 ms, used_size=13895680 bytes (33.9%)
(RDMA_READ_CONSUME_CHECK_CONSUMER) timestamp=1601 ms, used_size=13893632 bytes (33.9%)
(RDMA_READ_CONSUME_CHECK_CONSUMER) timestamp=1601 ms, used_size=13891584 bytes (33.9%)
(RDMA_READ_CONSUME_CHECK_CONSUMER) timestamp=1601 ms, used_size=13889536 bytes (33.9%)
(RDMA_READ_CONSUME_CHECK_CONSUMER) timestamp=1601 ms, used_size=13887488 bytes (33.9%)
(RDMA_READ_CONSUME_CHECK_CONSUMER) timestamp=1601 ms, used_size=13885440 bytes (33.9%)
(RDMA_READ_CONSUME_CHECK_CONSUMER) timestamp=1601 ms, used_size=13883392 bytes (33.9%)
(RDMA_READ_CONSUME_CHECK_CONSUMER) timestamp=1601 ms, used_size=13881344 bytes (33.9%)
(RDMA_READ_CONSUME_CHECK_CONSUMER) timestamp=1601 ms, used_size=13879296 bytes (33.9%)
(RDMA_READ_CONSUME_CHECK_CONSUMER) timestamp=1601 ms, used_size=13877248 bytes (33.9%)
(RDMA_READ_CONSUME_CHECK_CONSUMER) timestamp=1601 ms, used_size=13875200 bytes (33.9%)
(RDMA_READ_CONSUME_CHECK_CONSUMER) timestamp=1601 ms, used_size=13873152 bytes (33.9%)
(RDMA_READ_CONSUME_CHECK_CONSUMER) timestamp=1601 ms, used_size=13871104 bytes (33.9%)
(RDMA_READ_CONSUME_CHECK_CONSUMER) timestamp=1601 ms, used_size=13869056 bytes (33.9%)
(RDMA_READ_CONSUME_CHECK_CONSUMER) timestamp=1601 ms, used_size=13867008 bytes (33.9%)
(RDMA_READ_CONSUME_CHECK_CONSUMER) timestamp=1601 ms, used_size=13864960 bytes (33.9%)
(RDMA_READ_CONSUME_CHECK_CONSUMER) timestamp=1601 ms, used_size=13862912 bytes (33.8%)
(RDMA_READ_CONSUME_CHECK_CONSUMER) timestamp=1601 ms, used_size=13860864 bytes (33.8%)
(RDMA_READ_CONSUME_CHECK_CONSUMER) timestamp=1601 ms, used_size=13858816 bytes (33.8%)
(RDMA_READ_CONSUME_CHECK_CONSUMER) timestamp=1601 ms, used_size=13856768 bytes (33.8%)
(RDMA_READ_CONSUME_CHECK_CONSUMER) timestamp=1601 ms, used_size=13854720 bytes (33.8%)
(RDMA_READ_CONSUME_CHECK_CONSUMER) timestamp=1601 ms, used_size=13852672 bytes (33.8%)
(RDMA_READ_CONSUME_CHECK_CONSUMER) timestamp=1601 ms, used_size=13850624 bytes (33.8%)
(RDMA_READ_CONSUME_CHECK_CONSUMER) timestamp=1601 ms, used_size=13848576 bytes (33.8%)
(RDMA_READ_CONSUME_CHECK_CONSUMER) timestamp=1601 ms, used_size=13846528 bytes (33.8%)
(RDMA_READ_CONSUME_CHECK_CONSUMER) timestamp=1601 ms, used_size=13844480 bytes (33.8%)
(RDMA_READ_CONSUME_CHECK_CONSUMER) timestamp=1601 ms, used_size=13842432 bytes (33.8%)
(RDMA_READ_CONSUME_CHECK_CONSUMER) timestamp=1601 ms, used_size=13840384 bytes (33.8%)
(RDMA_READ_CONSUME_CHECK_CONSUMER) timestamp=1601 ms, used_size=13838336 bytes (33.8%)
(RDMA_READ_CONSUME_CHECK_CONSUMER) timestamp=1601 ms, used_size=13836288 bytes (33.8%)
(RDMA_READ_CONSUME_CHECK_CONSUMER) timestamp=1601 ms, used_size=13834240 bytes (33.8%)
(RDMA_READ_CONSUME_CHECK_CONSUMER) timestamp=1601 ms, used_size=13832192 bytes (33.8%)
(RDMA_READ_CONSUME_CHECK_CONSUMER) timestamp=1602 ms, used_size=13830144 bytes (33.8%)
(RDMA_READ_CONSUME_CHECK_CONSUMER) timestamp=1602 ms, used_size=13828096 bytes (33.8%)
(RDMA_READ_CONSUME_CHECK_CONSUMER) timestamp=1602 ms, used_size=13826048 bytes (33.8%)
(RDMA_READ_CONSUME_CHECK_CONSUMER) timestamp=1602 ms, used_size=13824000 bytes (33.8%)
(RDMA_READ_CONSUME_CHECK_CONSUMER) timestamp=1602 ms, used_size=13821952 bytes (33.7%)
(RDMA_READ_CONSUME_CHECK_CONSUMER) timestamp=1602 ms, used_size=13819904 bytes (33.7%)
(RDMA_READ_CONSUME_CHECK_CONSUMER) timestamp=1602 ms, used_size=13817856 bytes (33.7%)
(RDMA_READ_CONSUME_CHECK_CONSUMER) timestamp=1602 ms, used_size=13815808 bytes (33.7%)
(RDMA_READ_CONSUME_CHECK_CONSUMER) timestamp=1602 ms, used_size=13813760 bytes (33.7%)
(RDMA_READ_CONSUME_CHECK_CONSUMER) timestamp=1602 ms, used_size=13811712 bytes (33.7%)
(RDMA_READ_CONSUME_CHECK_CONSUMER) timestamp=1602 ms, used_size=13809664 bytes (33.7%)
(RDMA_READ_CONSUME_CHECK_CONSUMER) timestamp=1602 ms, used_size=13807616 bytes (33.7%)
(RDMA_READ_CONSUME_CHECK_CONSUMER) timestamp=1602 ms, used_size=13805568 bytes (33.7%)
(RDMA_READ_CONSUME_CHECK_CONSUMER) timestamp=1602 ms, used_size=13803520 bytes (33.7%)
(RDMA_READ_CONSUME_CHECK_CONSUMER) timestamp=1602 ms, used_size=13801472 bytes (33.7%)
(RDMA_READ_CONSUME_CHECK_CONSUMER) timestamp=1602 ms, used_size=13799424 bytes (33.7%)
(RDMA_READ_CONSUME_CHECK_CONSUMER) timestamp=1602 ms, used_size=13797376 bytes (33.7%)
(RDMA_READ_CONSUME_CHECK_CONSUMER) timestamp=1602 ms, used_size=13795328 bytes (33.7%)
(RDMA_READ_CONSUME_CHECK_CONSUMER) timestamp=1602 ms, used_size=13793280 bytes (33.7%)
(RDMA_READ_CONSUME_CHECK_CONSUMER) timestamp=1602 ms, used_size=13791232 bytes (33.7%)
(RDMA_READ_CONSUME_CHECK_CONSUMER) timestamp=1602 ms, used_size=13789184 bytes (33.7%)
(RDMA_READ_CONSUME_CHECK_CONSUMER) timestamp=1602 ms, used_size=13787136 bytes (33.7%)
(RDMA_READ_CONSUME_CHECK_CONSUMER) timestamp=1602 ms, used_size=13785088 bytes (33.7%)
(RDMA_READ_CONSUME_CHECK_CONSUMER) timestamp=1602 ms, used_size=13783040 bytes (33.6%)
(RDMA_READ_CONSUME_CHECK_CONSUMER) timestamp=1602 ms, used_size=13780992 bytes (33.6%)
(RDMA_READ_CONSUME_CHECK_CONSUMER) timestamp=1602 ms, used_size=13778944 bytes (33.6%)
(RDMA_READ_CONSUME_CHECK_CONSUMER) timestamp=1602 ms, used_size=13776896 bytes (33.6%)
(RDMA_READ_CONSUME_CHECK_CONSUMER) timestamp=1602 ms, used_size=13774848 bytes (33.6%)
(RDMA_READ_CONSUME_CHECK_CONSUMER) timestamp=1602 ms, used_size=13772800 bytes (33.6%)
(RDMA_READ_CONSUME_CHECK_CONSUMER) timestamp=1602 ms, used_size=13770752 bytes (33.6%)
(RDMA_READ_CONSUME_CHECK_CONSUMER) timestamp=1602 ms, used_size=13768704 bytes (33.6%)
(RDMA_READ_CONSUME_CHECK_CONSUMER) timestamp=1602 ms, used_size=13766656 bytes (33.6%)
(RDMA_READ_CONSUME_CHECK_CONSUMER) timestamp=1602 ms, used_size=13764608 bytes (33.6%)
(RDMA_READ_CONSUME_CHECK_CONSUMER) timestamp=1602 ms, used_size=13762560 bytes (33.6%)
(RDMA_READ_CONSUME_CHECK_CONSUMER) timestamp=1602 ms, used_size=13760512 bytes (33.6%)
(RDMA_READ_CONSUME_CHECK_CONSUMER) timestamp=1602 ms, used_size=13758464 bytes (33.6%)
(RDMA_READ_CONSUME_CHECK_CONSUMER) timestamp=1602 ms, used_size=13756416 bytes (33.6%)
(RDMA_READ_CONSUME_CHECK_CONSUMER) timestamp=1602 ms, used_size=13754368 bytes (33.6%)
(RDMA_READ_CONSUME_CHECK_CONSUMER) timestamp=1602 ms, used_size=13752320 bytes (33.6%)
(RDMA_READ_CONSUME_CHECK_CONSUMER) timestamp=1602 ms, used_size=13750272 bytes (33.6%)
(RDMA_READ_CONSUME_CHECK_CONSUMER) timestamp=1602 ms, used_size=13748224 bytes (33.6%)
(RDMA_READ_CONSUME_CHECK_CONSUMER) timestamp=1602 ms, used_size=13746176 bytes (33.6%)
(RDMA_READ_CONSUME_CHECK_CONSUMER) timestamp=1602 ms, used_size=13744128 bytes (33.6%)
(RDMA_READ_CONSUME_CHECK_CONSUMER) timestamp=1602 ms, used_size=13742080 bytes (33.5%)
(RDMA_READ_CONSUME_CHECK_CONSUMER) timestamp=1602 ms, used_size=13740032 bytes (33.5%)
(RDMA_READ_CONSUME_CHECK_CONSUMER) timestamp=1602 ms, used_size=13737984 bytes (33.5%)
(RDMA_READ_CONSUME_CHECK_CONSUMER) timestamp=1602 ms, used_size=13735936 bytes (33.5%)
(RDMA_READ_CONSUME_CHECK_CONSUMER) timestamp=1602 ms, used_size=13733888 bytes (33.5%)
(RDMA_READ_CONSUME_CHECK_CONSUMER) timestamp=1602 ms, used_size=13731840 bytes (33.5%)
(RDMA_READ_CONSUME_CHECK_CONSUMER) timestamp=1602 ms, used_size=13729792 bytes (33.5%)
(RDMA_READ_CONSUME_CHECK_CONSUMER) timestamp=1602 ms, used_size=13727744 bytes (33.5%)
(RDMA_READ_CONSUME_CHECK_CONSUMER) timestamp=1602 ms, used_size=13725696 bytes (33.5%)
(RDMA_READ_CONSUME_CHECK_CONSUMER) timestamp=1602 ms, used_size=13723648 bytes (33.5%)
(RDMA_READ_CONSUME_CHECK_CONSUMER) timestamp=1602 ms, used_size=13721600 bytes (33.5%)
(RDMA_READ_CONSUME_CHECK_CONSUMER) timestamp=1602 ms, used_size=13719552 bytes (33.5%)
(RDMA_READ_CONSUME_CHECK_CONSUMER) timestamp=1602 ms, used_size=13717504 bytes (33.5%)
(RDMA_READ_CONSUME_CHECK_CONSUMER) timestamp=1602 ms, used_size=13715456 bytes (33.5%)
(RDMA_READ_CONSUME_CHECK_CONSUMER) timestamp=1602 ms, used_size=13713408 bytes (33.5%)
(RDMA_READ_CONSUME_CHECK_CONSUMER) timestamp=1602 ms, used_size=13711360 bytes (33.5%)
(RDMA_READ_CONSUME_CHECK_CONSUMER) timestamp=1602 ms, used_size=13709312 bytes (33.5%)
(RDMA_READ_CONSUME_CHECK_CONSUMER) timestamp=1602 ms, used_size=13707264 bytes (33.5%)
(RDMA_READ_CONSUME_CHECK_CONSUMER) timestamp=1602 ms, used_size=13705216 bytes (33.5%)
(RDMA_READ_CONSUME_CHECK_CONSUMER) timestamp=1602 ms, used_size=13703168 bytes (33.5%)
(RDMA_READ_CONSUME_CHECK_CONSUMER) timestamp=1602 ms, used_size=13701120 bytes (33.5%)
(RDMA_READ_CONSUME_CHECK_CONSUMER) timestamp=1602 ms, used_size=13699072 bytes (33.4%)
(RDMA_READ_CONSUME_CHECK_CONSUMER) timestamp=1602 ms, used_size=13697024 bytes (33.4%)
(RDMA_READ_CONSUME_CHECK_CONSUMER) timestamp=1602 ms, used_size=13694976 bytes (33.4%)
(RDMA_READ_CONSUME_CHECK_CONSUMER) timestamp=1602 ms, used_size=13692928 bytes (33.4%)
(RDMA_READ_CONSUME_CHECK_CONSUMER) timestamp=1602 ms, used_size=13690880 bytes (33.4%)
(RDMA_READ_CONSUME_CHECK_CONSUMER) timestamp=1602 ms, used_size=13688832 bytes (33.4%)
(RDMA_READ_CONSUME_CHECK_CONSUMER) timestamp=1602 ms, used_size=13686784 bytes (33.4%)
(RDMA_READ_CONSUME_CHECK_CONSUMER) timestamp=1602 ms, used_size=13684736 bytes (33.4%)
(RDMA_READ_CONSUME_CHECK_CONSUMER) timestamp=1602 ms, used_size=13682688 bytes (33.4%)
(RDMA_READ_CONSUME_CHECK_CONSUMER) timestamp=1602 ms, used_size=13680640 bytes (33.4%)
(RDMA_READ_CONSUME_CHECK_CONSUMER) timestamp=1602 ms, used_size=13678592 bytes (33.4%)
(RDMA_READ_CONSUME_CHECK_CONSUMER) timestamp=1602 ms, used_size=13676544 bytes (33.4%)
(RDMA_READ_CONSUME_CHECK_CONSUMER) timestamp=1602 ms, used_size=13674496 bytes (33.4%)
(RDMA_READ_CONSUME_CHECK_CONSUMER) timestamp=1602 ms, used_size=13672448 bytes (33.4%)
(RDMA_READ_CONSUME_CHECK_CONSUMER) timestamp=1602 ms, used_size=13670400 bytes (33.4%)
(RDMA_READ_CONSUME_CHECK_CONSUMER) timestamp=1602 ms, used_size=13668352 bytes (33.4%)
(RDMA_READ_CONSUME_CHECK_CONSUMER) timestamp=1602 ms, used_size=13666304 bytes (33.4%)
(RDMA_READ_CONSUME_CHECK_CONSUMER) timestamp=1602 ms, used_size=13664256 bytes (33.4%)
(RDMA_READ_CONSUME_CHECK_CONSUMER) timestamp=1602 ms, used_size=13662208 bytes (33.4%)
(RDMA_READ_CONSUME_CHECK_CONSUMER) timestamp=1602 ms, used_size=13660160 bytes (33.4%)
(RDMA_READ_CONSUME_CHECK_CONSUMER) timestamp=1602 ms, used_size=13658112 bytes (33.3%)
(RDMA_READ_CONSUME_CHECK_CONSUMER) timestamp=1602 ms, used_size=13656064 bytes (33.3%)
(RDMA_READ_CONSUME_CHECK_CONSUMER) timestamp=1602 ms, used_size=13654016 bytes (33.3%)
(RDMA_READ_CONSUME_CHECK_CONSUMER) timestamp=1602 ms, used_size=13651968 bytes (33.3%)
(RDMA_READ_CONSUME_CHECK_CONSUMER) timestamp=1602 ms, used_size=13649920 bytes (33.3%)
(RDMA_READ_CONSUME_CHECK_CONSUMER) timestamp=1602 ms, used_size=13647872 bytes (33.3%)
(RDMA_READ_CONSUME_CHECK_CONSUMER) timestamp=1602 ms, used_size=13645824 bytes (33.3%)
(RDMA_READ_CONSUME_CHECK_CONSUMER) timestamp=1602 ms, used_size=13643776 bytes (33.3%)
(RDMA_READ_CONSUME_CHECK_CONSUMER) timestamp=1602 ms, used_size=13641728 bytes (33.3%)
(RDMA_READ_CONSUME_CHECK_CONSUMER) timestamp=1602 ms, used_size=13639680 bytes (33.3%)
(RDMA_READ_CONSUME_CHECK_CONSUMER) timestamp=1602 ms, used_size=13637632 bytes (33.3%)
(RDMA_READ_CONSUME_CHECK_CONSUMER) timestamp=1602 ms, used_size=13635584 bytes (33.3%)
(RDMA_READ_CONSUME_CHECK_CONSUMER) timestamp=1602 ms, used_size=13633536 bytes (33.3%)
(RDMA_READ_CONSUME_CHECK_CONSUMER) timestamp=1602 ms, used_size=13631488 bytes (33.3%)
(RDMA_READ_CONSUME_CHECK_CONSUMER) timestamp=1602 ms, used_size=13629440 bytes (33.3%)
(RDMA_READ_CONSUME_CHECK_CONSUMER) timestamp=1602 ms, used_size=13627392 bytes (33.3%)
(RDMA_READ_CONSUME_CHECK_CONSUMER) timestamp=1602 ms, used_size=13625344 bytes (33.3%)
(RDMA_READ_CONSUME_CHECK_CONSUMER) timestamp=1602 ms, used_size=13623296 bytes (33.3%)
(RDMA_READ_CONSUME_CHECK_CONSUMER) timestamp=1602 ms, used_size=13621248 bytes (33.3%)
(RDMA_READ_CONSUME_CHECK_CONSUMER) timestamp=1602 ms, used_size=13619200 bytes (33.2%)
(RDMA_READ_CONSUME_CHECK_CONSUMER) timestamp=1602 ms, used_size=13617152 bytes (33.2%)
(RDMA_READ_CONSUME_CHECK_CONSUMER) timestamp=1602 ms, used_size=13615104 bytes (33.2%)
(RDMA_READ_CONSUME_CHECK_CONSUMER) timestamp=1602 ms, used_size=13613056 bytes (33.2%)
(RDMA_READ_CONSUME_CHECK_CONSUMER) timestamp=1602 ms, used_size=13611008 bytes (33.2%)
(RDMA_READ_CONSUME_CHECK_CONSUMER) timestamp=1602 ms, used_size=13608960 bytes (33.2%)
(RDMA_READ_CONSUME_CHECK_CONSUMER) timestamp=1602 ms, used_size=13606912 bytes (33.2%)
(RDMA_READ_CONSUME_CHECK_CONSUMER) timestamp=1602 ms, used_size=13604864 bytes (33.2%)
(RDMA_READ_CONSUME_CHECK_CONSUMER) timestamp=1602 ms, used_size=13602816 bytes (33.2%)
(RDMA_READ_CONSUME_CHECK_CONSUMER) timestamp=1602 ms, used_size=13600768 bytes (33.2%)
(RDMA_READ_CONSUME_CHECK_CONSUMER) timestamp=1602 ms, used_size=13598720 bytes (33.2%)
(RDMA_READ_CONSUME_CHECK_CONSUMER) timestamp=1602 ms, used_size=13596672 bytes (33.2%)
(RDMA_READ_CONSUME_CHECK_CONSUMER) timestamp=1602 ms, used_size=13594624 bytes (33.2%)
(RDMA_READ_CONSUME_CHECK_CONSUMER) timestamp=1602 ms, used_size=13592576 bytes (33.2%)
(RDMA_READ_CONSUME_CHECK_CONSUMER) timestamp=1602 ms, used_size=13590528 bytes (33.2%)
(RDMA_READ_CONSUME_CHECK_CONSUMER) timestamp=1602 ms, used_size=13588480 bytes (33.2%)
(RDMA_READ_CONSUME_CHECK_CONSUMER) timestamp=1602 ms, used_size=13586432 bytes (33.2%)
(RDMA_READ_CONSUME_CHECK_CONSUMER) timestamp=1602 ms, used_size=13584384 bytes (33.2%)
(RDMA_READ_CONSUME_CHECK_CONSUMER) timestamp=1602 ms, used_size=13582336 bytes (33.2%)
(RDMA_READ_CONSUME_CHECK_CONSUMER) timestamp=1602 ms, used_size=13580288 bytes (33.2%)
(RDMA_READ_CONSUME_CHECK_CONSUMER) timestamp=1602 ms, used_size=13578240 bytes (33.1%)
(RDMA_READ_CONSUME_CHECK_CONSUMER) timestamp=1602 ms, used_size=13576192 bytes (33.1%)
(RDMA_READ_CONSUME_CHECK_CONSUMER) timestamp=1602 ms, used_size=13574144 bytes (33.1%)
(RDMA_READ_CONSUME_CHECK_CONSUMER) timestamp=1602 ms, used_size=13572096 bytes (33.1%)
(RDMA_READ_CONSUME_CHECK_CONSUMER) timestamp=1602 ms, used_size=13570048 bytes (33.1%)
(RDMA_READ_CONSUME_CHECK_CONSUMER) timestamp=1602 ms, used_size=13568000 bytes (33.1%)
(RDMA_READ_CONSUME_CHECK_CONSUMER) timestamp=1602 ms, used_size=13565952 bytes (33.1%)
(RDMA_READ_CONSUME_CHECK_CONSUMER) timestamp=1602 ms, used_size=13563904 bytes (33.1%)
(RDMA_READ_CONSUME_CHECK_CONSUMER) timestamp=1602 ms, used_size=13561856 bytes (33.1%)
(RDMA_READ_CONSUME_CHECK_CONSUMER) timestamp=1602 ms, used_size=13559808 bytes (33.1%)
(RDMA_READ_CONSUME_CHECK_CONSUMER) timestamp=1602 ms, used_size=13557760 bytes (33.1%)
(RDMA_READ_CONSUME_CHECK_CONSUMER) timestamp=1602 ms, used_size=13555712 bytes (33.1%)
(RDMA_READ_CONSUME_CHECK_CONSUMER) timestamp=1602 ms, used_size=13553664 bytes (33.1%)
(RDMA_READ_CONSUME_CHECK_CONSUMER) timestamp=1602 ms, used_size=13551616 bytes (33.1%)
(RDMA_READ_CONSUME_CHECK_CONSUMER) timestamp=1602 ms, used_size=13549568 bytes (33.1%)
(RDMA_READ_CONSUME_CHECK_CONSUMER) timestamp=1602 ms, used_size=13547520 bytes (33.1%)
(RDMA_READ_CONSUME_CHECK_CONSUMER) timestamp=1602 ms, used_size=13545472 bytes (33.1%)
(RDMA_READ_CONSUME_CHECK_CONSUMER) timestamp=1602 ms, used_size=13543424 bytes (33.1%)
(RDMA_READ_CONSUME_CHECK_CONSUMER) timestamp=1602 ms, used_size=13541376 bytes (33.1%)
(RDMA_READ_CONSUME_CHECK_CONSUMER) timestamp=1602 ms, used_size=13539328 bytes (33.1%)
(RDMA_READ_CONSUME_CHECK_CONSUMER) timestamp=1602 ms, used_size=13537280 bytes (33.0%)
(RDMA_READ_CONSUME_CHECK_CONSUMER) timestamp=1602 ms, used_size=13535232 bytes (33.0%)
(RDMA_READ_CONSUME_CHECK_CONSUMER) timestamp=1602 ms, used_size=13533184 bytes (33.0%)
(RDMA_READ_CONSUME_CHECK_CONSUMER) timestamp=1602 ms, used_size=13531136 bytes (33.0%)
(RDMA_READ_CONSUME_CHECK_CONSUMER) timestamp=1602 ms, used_size=13529088 bytes (33.0%)
(RDMA_READ_CONSUME_CHECK_CONSUMER) timestamp=1602 ms, used_size=13527040 bytes (33.0%)
(RDMA_READ_CONSUME_CHECK_CONSUMER) timestamp=1602 ms, used_size=13524992 bytes (33.0%)
(RDMA_READ_CONSUME_CHECK_CONSUMER) timestamp=1602 ms, used_size=13522944 bytes (33.0%)
(RDMA_READ_CONSUME_CHECK_CONSUMER) timestamp=1602 ms, used_size=13520896 bytes (33.0%)
(RDMA_READ_CONSUME_CHECK_CONSUMER) timestamp=1602 ms, used_size=13518848 bytes (33.0%)
(RDMA_READ_CONSUME_CHECK_CONSUMER) timestamp=1602 ms, used_size=13516800 bytes (33.0%)
(RDMA_READ_CONSUME_CHECK_CONSUMER) timestamp=1602 ms, used_size=13514752 bytes (33.0%)
(RDMA_READ_CONSUME_CHECK_CONSUMER) timestamp=1602 ms, used_size=13512704 bytes (33.0%)
(RDMA_READ_CONSUME_CHECK_CONSUMER) timestamp=1602 ms, used_size=13510656 bytes (33.0%)
(RDMA_READ_CONSUME_CHECK_CONSUMER) timestamp=1602 ms, used_size=13508608 bytes (33.0%)
(RDMA_READ_CONSUME_CHECK_CONSUMER) timestamp=1602 ms, used_size=13506560 bytes (33.0%)
(RDMA_READ_CONSUME_CHECK_CONSUMER) timestamp=1602 ms, used_size=13504512 bytes (33.0%)
(RDMA_READ_CONSUME_CHECK_CONSUMER) timestamp=1602 ms, used_size=13502464 bytes (33.0%)
(RDMA_READ_CONSUME_CHECK_CONSUMER) timestamp=1602 ms, used_size=13500416 bytes (33.0%)
(RDMA_READ_CONSUME_CHECK_CONSUMER) timestamp=1602 ms, used_size=13498368 bytes (33.0%)
(RDMA_READ_CONSUME_CHECK_CONSUMER) timestamp=1602 ms, used_size=13496320 bytes (33.0%)
(RDMA_READ_CONSUME_CHECK_CONSUMER) timestamp=1602 ms, used_size=13494272 bytes (32.9%)
(RDMA_READ_CONSUME_CHECK_CONSUMER) timestamp=1602 ms, used_size=13492224 bytes (32.9%)
(RDMA_READ_CONSUME_CHECK_CONSUMER) timestamp=1602 ms, used_size=13490176 bytes (32.9%)
(RDMA_READ_CONSUME_CHECK_CONSUMER) timestamp=1602 ms, used_size=13488128 bytes (32.9%)
(RDMA_READ_CONSUME_CHECK_CONSUMER) timestamp=1602 ms, used_size=13486080 bytes (32.9%)
(RDMA_READ_CONSUME_CHECK_CONSUMER) timestamp=1602 ms, used_size=13484032 bytes (32.9%)
(RDMA_READ_CONSUME_CHECK_CONSUMER) timestamp=1602 ms, used_size=13481984 bytes (32.9%)
(RDMA_READ_CONSUME_CHECK_CONSUMER) timestamp=1602 ms, used_size=13479936 bytes (32.9%)
(RDMA_READ_CONSUME_CHECK_CONSUMER) timestamp=1602 ms, used_size=13477888 bytes (32.9%)
(RDMA_READ_CONSUME_CHECK_CONSUMER) timestamp=1602 ms, used_size=13475840 bytes (32.9%)
(RDMA_READ_CONSUME_CHECK_CONSUMER) timestamp=1602 ms, used_size=13473792 bytes (32.9%)
(RDMA_READ_CONSUME_CHECK_CONSUMER) timestamp=1602 ms, used_size=13471744 bytes (32.9%)
(RDMA_READ_CONSUME_CHECK_CONSUMER) timestamp=1602 ms, used_size=13469696 bytes (32.9%)
(RDMA_READ_CONSUME_CHECK_CONSUMER) timestamp=1602 ms, used_size=13467648 bytes (32.9%)
(RDMA_READ_CONSUME_CHECK_CONSUMER) timestamp=1602 ms, used_size=13465600 bytes (32.9%)
(RDMA_READ_CONSUME_CHECK_CONSUMER) timestamp=1602 ms, used_size=13463552 bytes (32.9%)
(RDMA_READ_CONSUME_CHECK_CONSUMER) timestamp=1602 ms, used_size=13461504 bytes (32.9%)
(RDMA_READ_CONSUME_CHECK_CONSUMER) timestamp=1602 ms, used_size=13459456 bytes (32.9%)
(RDMA_READ_CONSUME_CHECK_CONSUMER) timestamp=1602 ms, used_size=13457408 bytes (32.9%)
(RDMA_READ_CONSUME_CHECK_CONSUMER) timestamp=1603 ms, used_size=13455360 bytes (32.9%)
(RDMA_READ_CONSUME_CHECK_CONSUMER) timestamp=1603 ms, used_size=13453312 bytes (32.8%)
(RDMA_READ_CONSUME_CHECK_CONSUMER) timestamp=1603 ms, used_size=13451264 bytes (32.8%)
(RDMA_READ_CONSUME_CHECK_CONSUMER) timestamp=1603 ms, used_size=13449216 bytes (32.8%)
(RDMA_READ_CONSUME_CHECK_CONSUMER) timestamp=1603 ms, used_size=13447168 bytes (32.8%)
(RDMA_READ_CONSUME_CHECK_CONSUMER) timestamp=1603 ms, used_size=13445120 bytes (32.8%)
(RDMA_READ_CONSUME_CHECK_CONSUMER) timestamp=1603 ms, used_size=13443072 bytes (32.8%)
(RDMA_READ_CONSUME_CHECK_CONSUMER) timestamp=1603 ms, used_size=13441024 bytes (32.8%)
(RDMA_READ_CONSUME_CHECK_CONSUMER) timestamp=1603 ms, used_size=13438976 bytes (32.8%)
(RDMA_READ_CONSUME_CHECK_CONSUMER) timestamp=1603 ms, used_size=13436928 bytes (32.8%)
(RDMA_READ_CONSUME_CHECK_CONSUMER) timestamp=1603 ms, used_size=13434880 bytes (32.8%)
(RDMA_READ_CONSUME_CHECK_CONSUMER) timestamp=1603 ms, used_size=13432832 bytes (32.8%)
(RDMA_READ_CONSUME_CHECK_CONSUMER) timestamp=1603 ms, used_size=13430784 bytes (32.8%)
(RDMA_READ_CONSUME_CHECK_CONSUMER) timestamp=1603 ms, used_size=13428736 bytes (32.8%)
(RDMA_READ_CONSUME_CHECK_CONSUMER) timestamp=1603 ms, used_size=13426688 bytes (32.8%)
(RDMA_READ_CONSUME_CHECK_CONSUMER) timestamp=1603 ms, used_size=13424640 bytes (32.8%)
(RDMA_READ_CONSUME_CHECK_CONSUMER) timestamp=1603 ms, used_size=13422592 bytes (32.8%)
(RDMA_READ_CONSUME_CHECK_CONSUMER) timestamp=1603 ms, used_size=13420544 bytes (32.8%)
(RDMA_READ_CONSUME_CHECK_CONSUMER) timestamp=1603 ms, used_size=13418496 bytes (32.8%)
(RDMA_READ_CONSUME_CHECK_CONSUMER) timestamp=1603 ms, used_size=13416448 bytes (32.8%)
(RDMA_READ_CONSUME_CHECK_CONSUMER) timestamp=1603 ms, used_size=13414400 bytes (32.8%)
(RDMA_READ_CONSUME_CHECK_CONSUMER) timestamp=1603 ms, used_size=13412352 bytes (32.7%)
(RDMA_READ_CONSUME_CHECK_CONSUMER) timestamp=1603 ms, used_size=13410304 bytes (32.7%)
(RDMA_READ_CONSUME_CHECK_CONSUMER) timestamp=1603 ms, used_size=13408256 bytes (32.7%)
(RDMA_READ_CONSUME_CHECK_CONSUMER) timestamp=1603 ms, used_size=13406208 bytes (32.7%)
(RDMA_READ_CONSUME_CHECK_CONSUMER) timestamp=1603 ms, used_size=13404160 bytes (32.7%)
(RDMA_READ_CONSUME_CHECK_CONSUMER) timestamp=1603 ms, used_size=13402112 bytes (32.7%)
(RDMA_READ_CONSUME_CHECK_CONSUMER) timestamp=1603 ms, used_size=13400064 bytes (32.7%)
(RDMA_READ_CONSUME_CHECK_CONSUMER) timestamp=1603 ms, used_size=13398016 bytes (32.7%)
(RDMA_READ_CONSUME_CHECK_CONSUMER) timestamp=1603 ms, used_size=13395968 bytes (32.7%)
(RDMA_READ_CONSUME_CHECK_CONSUMER) timestamp=1603 ms, used_size=13393920 bytes (32.7%)
(RDMA_READ_CONSUME_CHECK_CONSUMER) timestamp=1603 ms, used_size=13391872 bytes (32.7%)
(RDMA_READ_CONSUME_CHECK_CONSUMER) timestamp=1603 ms, used_size=13389824 bytes (32.7%)
(RDMA_READ_CONSUME_CHECK_CONSUMER) timestamp=1603 ms, used_size=13387776 bytes (32.7%)
(RDMA_READ_CONSUME_CHECK_CONSUMER) timestamp=1603 ms, used_size=13385728 bytes (32.7%)
(RDMA_READ_CONSUME_CHECK_CONSUMER) timestamp=1603 ms, used_size=13383680 bytes (32.7%)
(RDMA_READ_CONSUME_CHECK_CONSUMER) timestamp=1603 ms, used_size=13381632 bytes (32.7%)
(RDMA_READ_CONSUME_CHECK_CONSUMER) timestamp=1603 ms, used_size=13379584 bytes (32.7%)
(RDMA_READ_CONSUME_CHECK_CONSUMER) timestamp=1603 ms, used_size=13377536 bytes (32.7%)
(RDMA_READ_CONSUME_CHECK_CONSUMER) timestamp=1603 ms, used_size=13375488 bytes (32.7%)
(RDMA_READ_CONSUME_CHECK_CONSUMER) timestamp=1603 ms, used_size=13373440 bytes (32.6%)
(RDMA_READ_CONSUME_CHECK_CONSUMER) timestamp=1603 ms, used_size=13371392 bytes (32.6%)
(RDMA_READ_CONSUME_CHECK_CONSUMER) timestamp=1603 ms, used_size=13369344 bytes (32.6%)
(RDMA_READ_CONSUME_CHECK_CONSUMER) timestamp=1603 ms, used_size=13367296 bytes (32.6%)
(RDMA_READ_CONSUME_CHECK_CONSUMER) timestamp=1603 ms, used_size=13365248 bytes (32.6%)
(RDMA_READ_CONSUME_CHECK_CONSUMER) timestamp=1603 ms, used_size=13363200 bytes (32.6%)
(RDMA_READ_CONSUME_CHECK_CONSUMER) timestamp=1603 ms, used_size=13361152 bytes (32.6%)
(RDMA_READ_CONSUME_CHECK_CONSUMER) timestamp=1603 ms, used_size=13359104 bytes (32.6%)
(RDMA_READ_CONSUME_CHECK_CONSUMER) timestamp=1603 ms, used_size=13357056 bytes (32.6%)
(RDMA_READ_CONSUME_CHECK_CONSUMER) timestamp=1603 ms, used_size=13355008 bytes (32.6%)
(RDMA_READ_CONSUME_CHECK_CONSUMER) timestamp=1603 ms, used_size=13352960 bytes (32.6%)
(RDMA_READ_CONSUME_CHECK_CONSUMER) timestamp=1603 ms, used_size=13350912 bytes (32.6%)
(RDMA_READ_CONSUME_CHECK_CONSUMER) timestamp=1603 ms, used_size=13348864 bytes (32.6%)
(RDMA_READ_CONSUME_CHECK_CONSUMER) timestamp=1603 ms, used_size=13346816 bytes (32.6%)
(RDMA_READ_CONSUME_CHECK_CONSUMER) timestamp=1603 ms, used_size=13344768 bytes (32.6%)
(RDMA_READ_CONSUME_CHECK_CONSUMER) timestamp=1603 ms, used_size=13342720 bytes (32.6%)
(RDMA_READ_CONSUME_CHECK_CONSUMER) timestamp=1603 ms, used_size=13340672 bytes (32.6%)
(RDMA_READ_CONSUME_CHECK_CONSUMER) timestamp=1603 ms, used_size=13338624 bytes (32.6%)
(RDMA_READ_CONSUME_CHECK_CONSUMER) timestamp=1603 ms, used_size=13336576 bytes (32.6%)
(RDMA_READ_CONSUME_CHECK_CONSUMER) timestamp=1603 ms, used_size=13334528 bytes (32.6%)
(RDMA_READ_CONSUME_CHECK_CONSUMER) timestamp=1603 ms, used_size=13332480 bytes (32.5%)
(RDMA_READ_CONSUME_CHECK_CONSUMER) timestamp=1603 ms, used_size=13330432 bytes (32.5%)
(RDMA_READ_CONSUME_CHECK_CONSUMER) timestamp=1603 ms, used_size=13328384 bytes (32.5%)
(RDMA_READ_CONSUME_CHECK_CONSUMER) timestamp=1603 ms, used_size=13326336 bytes (32.5%)
(RDMA_READ_CONSUME_CHECK_CONSUMER) timestamp=1603 ms, used_size=13324288 bytes (32.5%)
(RDMA_READ_CONSUME_CHECK_CONSUMER) timestamp=1603 ms, used_size=13322240 bytes (32.5%)
(RDMA_READ_CONSUME_CHECK_CONSUMER) timestamp=1603 ms, used_size=13320192 bytes (32.5%)
(RDMA_READ_CONSUME_CHECK_CONSUMER) timestamp=1603 ms, used_size=13318144 bytes (32.5%)
(RDMA_READ_CONSUME_CHECK_CONSUMER) timestamp=1603 ms, used_size=13316096 bytes (32.5%)
(RDMA_READ_CONSUME_CHECK_CONSUMER) timestamp=1603 ms, used_size=13314048 bytes (32.5%)
(RDMA_READ_CONSUME_CHECK_CONSUMER) timestamp=1603 ms, used_size=13312000 bytes (32.5%)
(RDMA_READ_CONSUME_CHECK_CONSUMER) timestamp=1603 ms, used_size=13309952 bytes (32.5%)
(RDMA_READ_CONSUME_CHECK_CONSUMER) timestamp=1603 ms, used_size=13307904 bytes (32.5%)
(RDMA_READ_CONSUME_CHECK_CONSUMER) timestamp=1603 ms, used_size=13305856 bytes (32.5%)
(RDMA_READ_CONSUME_CHECK_CONSUMER) timestamp=1603 ms, used_size=13303808 bytes (32.5%)
(RDMA_READ_CONSUME_CHECK_CONSUMER) timestamp=1603 ms, used_size=13301760 bytes (32.5%)
(RDMA_READ_CONSUME_CHECK_CONSUMER) timestamp=1603 ms, used_size=13299712 bytes (32.5%)
(RDMA_READ_CONSUME_CHECK_CONSUMER) timestamp=1603 ms, used_size=13297664 bytes (32.5%)
(RDMA_READ_CONSUME_CHECK_CONSUMER) timestamp=1603 ms, used_size=13295616 bytes (32.5%)
(RDMA_READ_CONSUME_CHECK_CONSUMER) timestamp=1603 ms, used_size=13293568 bytes (32.5%)
(RDMA_READ_CONSUME_CHECK_CONSUMER) timestamp=1603 ms, used_size=13291520 bytes (32.5%)
(RDMA_READ_CONSUME_CHECK_CONSUMER) timestamp=1603 ms, used_size=13289472 bytes (32.4%)
(RDMA_READ_CONSUME_CHECK_CONSUMER) timestamp=1603 ms, used_size=13287424 bytes (32.4%)
(RDMA_READ_CONSUME_CHECK_CONSUMER) timestamp=1603 ms, used_size=13285376 bytes (32.4%)
(RDMA_READ_CONSUME_CHECK_CONSUMER) timestamp=1603 ms, used_size=13283328 bytes (32.4%)
(RDMA_READ_CONSUME_CHECK_CONSUMER) timestamp=1603 ms, used_size=13281280 bytes (32.4%)
(RDMA_READ_CONSUME_CHECK_CONSUMER) timestamp=1603 ms, used_size=13279232 bytes (32.4%)
(RDMA_READ_CONSUME_CHECK_CONSUMER) timestamp=1603 ms, used_size=13277184 bytes (32.4%)
(RDMA_READ_CONSUME_CHECK_CONSUMER) timestamp=1603 ms, used_size=13275136 bytes (32.4%)
(RDMA_READ_CONSUME_CHECK_CONSUMER) timestamp=1603 ms, used_size=13273088 bytes (32.4%)
(RDMA_READ_CONSUME_CHECK_CONSUMER) timestamp=1603 ms, used_size=13271040 bytes (32.4%)
(RDMA_READ_CONSUME_CHECK_CONSUMER) timestamp=1603 ms, used_size=13268992 bytes (32.4%)
(RDMA_READ_CONSUME_CHECK_CONSUMER) timestamp=1603 ms, used_size=13266944 bytes (32.4%)
(RDMA_READ_CONSUME_CHECK_CONSUMER) timestamp=1603 ms, used_size=13264896 bytes (32.4%)
(RDMA_READ_CONSUME_CHECK_CONSUMER) timestamp=1603 ms, used_size=13262848 bytes (32.4%)
(RDMA_READ_CONSUME_CHECK_CONSUMER) timestamp=1603 ms, used_size=13260800 bytes (32.4%)
(RDMA_READ_CONSUME_CHECK_CONSUMER) timestamp=1603 ms, used_size=13258752 bytes (32.4%)
(RDMA_READ_CONSUME_CHECK_CONSUMER) timestamp=1603 ms, used_size=13256704 bytes (32.4%)
(RDMA_READ_CONSUME_CHECK_CONSUMER) timestamp=1603 ms, used_size=13254656 bytes (32.4%)
(RDMA_READ_CONSUME_CHECK_CONSUMER) timestamp=1603 ms, used_size=13252608 bytes (32.4%)
(RDMA_READ_CONSUME_CHECK_CONSUMER) timestamp=1603 ms, used_size=13250560 bytes (32.4%)
(RDMA_READ_CONSUME_CHECK_CONSUMER) timestamp=1603 ms, used_size=13248512 bytes (32.3%)
(RDMA_READ_CONSUME_CHECK_CONSUMER) timestamp=1603 ms, used_size=13246464 bytes (32.3%)
(RDMA_READ_CONSUME_CHECK_CONSUMER) timestamp=1603 ms, used_size=13244416 bytes (32.3%)
(RDMA_READ_CONSUME_CHECK_CONSUMER) timestamp=1603 ms, used_size=13242368 bytes (32.3%)
(RDMA_READ_CONSUME_CHECK_CONSUMER) timestamp=1603 ms, used_size=13240320 bytes (32.3%)
(RDMA_READ_CONSUME_CHECK_CONSUMER) timestamp=1603 ms, used_size=13238272 bytes (32.3%)
(RDMA_READ_CONSUME_CHECK_CONSUMER) timestamp=1603 ms, used_size=13236224 bytes (32.3%)
(RDMA_READ_CONSUME_CHECK_CONSUMER) timestamp=1603 ms, used_size=13234176 bytes (32.3%)
(RDMA_READ_CONSUME_CHECK_CONSUMER) timestamp=1603 ms, used_size=13232128 bytes (32.3%)
(RDMA_READ_CONSUME_CHECK_CONSUMER) timestamp=1603 ms, used_size=13230080 bytes (32.3%)
(RDMA_READ_CONSUME_CHECK_CONSUMER) timestamp=1603 ms, used_size=13228032 bytes (32.3%)
(RDMA_READ_CONSUME_CHECK_CONSUMER) timestamp=1603 ms, used_size=13225984 bytes (32.3%)
(RDMA_READ_CONSUME_CHECK_CONSUMER) timestamp=1603 ms, used_size=13223936 bytes (32.3%)
(RDMA_READ_CONSUME_CHECK_CONSUMER) timestamp=1603 ms, used_size=13221888 bytes (32.3%)
(RDMA_READ_CONSUME_CHECK_CONSUMER) timestamp=1603 ms, used_size=13219840 bytes (32.3%)
(RDMA_READ_CONSUME_CHECK_CONSUMER) timestamp=1603 ms, used_size=13217792 bytes (32.3%)
(RDMA_READ_CONSUME_CHECK_CONSUMER) timestamp=1603 ms, used_size=13215744 bytes (32.3%)
(RDMA_READ_CONSUME_CHECK_CONSUMER) timestamp=1603 ms, used_size=13213696 bytes (32.3%)
(RDMA_READ_CONSUME_CHECK_CONSUMER) timestamp=1603 ms, used_size=13211648 bytes (32.3%)
(RDMA_READ_CONSUME_CHECK_CONSUMER) timestamp=1603 ms, used_size=13209600 bytes (32.2%)
(RDMA_READ_CONSUME_CHECK_CONSUMER) timestamp=1603 ms, used_size=13207552 bytes (32.2%)
(RDMA_READ_CONSUME_CHECK_CONSUMER) timestamp=1603 ms, used_size=13205504 bytes (32.2%)
(RDMA_READ_CONSUME_CHECK_CONSUMER) timestamp=1603 ms, used_size=13203456 bytes (32.2%)
(RDMA_READ_CONSUME_CHECK_CONSUMER) timestamp=1603 ms, used_size=13201408 bytes (32.2%)
(RDMA_READ_CONSUME_CHECK_CONSUMER) timestamp=1603 ms, used_size=13199360 bytes (32.2%)
(RDMA_READ_CONSUME_CHECK_CONSUMER) timestamp=1603 ms, used_size=13197312 bytes (32.2%)
(RDMA_READ_CONSUME_CHECK_CONSUMER) timestamp=1603 ms, used_size=13195264 bytes (32.2%)
(RDMA_READ_CONSUME_CHECK_CONSUMER) timestamp=1603 ms, used_size=13193216 bytes (32.2%)
(RDMA_READ_CONSUME_CHECK_CONSUMER) timestamp=1603 ms, used_size=13191168 bytes (32.2%)
(RDMA_READ_CONSUME_CHECK_CONSUMER) timestamp=1603 ms, used_size=13189120 bytes (32.2%)
(RDMA_READ_CONSUME_CHECK_CONSUMER) timestamp=1603 ms, used_size=13187072 bytes (32.2%)
(RDMA_READ_CONSUME_CHECK_CONSUMER) timestamp=1603 ms, used_size=13185024 bytes (32.2%)
(RDMA_READ_CONSUME_CHECK_CONSUMER) timestamp=1603 ms, used_size=13182976 bytes (32.2%)
(RDMA_READ_CONSUME_CHECK_CONSUMER) timestamp=1603 ms, used_size=13180928 bytes (32.2%)
(RDMA_READ_CONSUME_CHECK_CONSUMER) timestamp=1603 ms, used_size=13178880 bytes (32.2%)
(RDMA_READ_CONSUME_CHECK_CONSUMER) timestamp=1603 ms, used_size=13176832 bytes (32.2%)
(RDMA_READ_CONSUME_CHECK_CONSUMER) timestamp=1603 ms, used_size=13174784 bytes (32.2%)
(RDMA_READ_CONSUME_CHECK_CONSUMER) timestamp=1603 ms, used_size=13172736 bytes (32.2%)
(RDMA_READ_CONSUME_CHECK_CONSUMER) timestamp=1603 ms, used_size=13170688 bytes (32.2%)
(RDMA_READ_CONSUME_CHECK_CONSUMER) timestamp=1603 ms, used_size=13168640 bytes (32.1%)
(RDMA_READ_CONSUME_CHECK_CONSUMER) timestamp=1603 ms, used_size=13166592 bytes (32.1%)
(RDMA_READ_CONSUME_CHECK_CONSUMER) timestamp=1603 ms, used_size=13164544 bytes (32.1%)
(RDMA_READ_CONSUME_CHECK_CONSUMER) timestamp=1603 ms, used_size=13162496 bytes (32.1%)
(RDMA_READ_CONSUME_CHECK_CONSUMER) timestamp=1603 ms, used_size=13160448 bytes (32.1%)
(RDMA_READ_CONSUME_CHECK_CONSUMER) timestamp=1603 ms, used_size=13158400 bytes (32.1%)
(RDMA_READ_CONSUME_CHECK_CONSUMER) timestamp=1603 ms, used_size=13156352 bytes (32.1%)
(RDMA_READ_CONSUME_CHECK_CONSUMER) timestamp=1603 ms, used_size=13154304 bytes (32.1%)
(RDMA_READ_CONSUME_CHECK_CONSUMER) timestamp=1603 ms, used_size=13152256 bytes (32.1%)
(RDMA_READ_CONSUME_CHECK_CONSUMER) timestamp=1603 ms, used_size=13150208 bytes (32.1%)
(RDMA_READ_CONSUME_CHECK_CONSUMER) timestamp=1603 ms, used_size=13148160 bytes (32.1%)
(RDMA_READ_CONSUME_CHECK_CONSUMER) timestamp=1603 ms, used_size=13146112 bytes (32.1%)
(RDMA_READ_CONSUME_CHECK_CONSUMER) timestamp=1603 ms, used_size=13144064 bytes (32.1%)
(RDMA_READ_CONSUME_CHECK_CONSUMER) timestamp=1603 ms, used_size=13142016 bytes (32.1%)
(RDMA_READ_CONSUME_CHECK_CONSUMER) timestamp=1603 ms, used_size=13139968 bytes (32.1%)
(RDMA_READ_CONSUME_CHECK_CONSUMER) timestamp=1603 ms, used_size=13137920 bytes (32.1%)
(RDMA_READ_CONSUME_CHECK_CONSUMER) timestamp=1603 ms, used_size=13135872 bytes (32.1%)
(RDMA_READ_CONSUME_CHECK_CONSUMER) timestamp=1603 ms, used_size=13133824 bytes (32.1%)
(RDMA_READ_CONSUME_CHECK_CONSUMER) timestamp=1603 ms, used_size=13131776 bytes (32.1%)
(RDMA_READ_CONSUME_CHECK_CONSUMER) timestamp=1603 ms, used_size=13129728 bytes (32.1%)
(RDMA_READ_CONSUME_CHECK_CONSUMER) timestamp=1603 ms, used_size=13127680 bytes (32.0%)
(RDMA_READ_CONSUME_CHECK_CONSUMER) timestamp=1603 ms, used_size=13125632 bytes (32.0%)
(RDMA_READ_CONSUME_CHECK_CONSUMER) timestamp=1603 ms, used_size=13123584 bytes (32.0%)
(RDMA_READ_CONSUME_CHECK_CONSUMER) timestamp=1603 ms, used_size=13121536 bytes (32.0%)
(RDMA_READ_CONSUME_CHECK_CONSUMER) timestamp=1603 ms, used_size=13119488 bytes (32.0%)
(RDMA_READ_CONSUME_CHECK_CONSUMER) timestamp=1603 ms, used_size=13117440 bytes (32.0%)
(RDMA_READ_CONSUME_CHECK_CONSUMER) timestamp=1603 ms, used_size=13115392 bytes (32.0%)
(RDMA_READ_CONSUME_CHECK_CONSUMER) timestamp=1603 ms, used_size=13113344 bytes (32.0%)
(RDMA_READ_CONSUME_CHECK_CONSUMER) timestamp=1603 ms, used_size=13111296 bytes (32.0%)
(RDMA_READ_CONSUME_CHECK_CONSUMER) timestamp=1603 ms, used_size=13109248 bytes (32.0%)
(RDMA_READ_CONSUME_CHECK_CONSUMER) timestamp=1603 ms, used_size=13107200 bytes (32.0%)
(RDMA_READ_CONSUME_CHECK_CONSUMER) timestamp=1603 ms, used_size=13105152 bytes (32.0%)
(RDMA_READ_CONSUME_CHECK_CONSUMER) timestamp=1603 ms, used_size=13103104 bytes (32.0%)
(RDMA_READ_CONSUME_CHECK_CONSUMER) timestamp=1603 ms, used_size=13101056 bytes (32.0%)
(RDMA_READ_CONSUME_CHECK_CONSUMER) timestamp=1603 ms, used_size=13099008 bytes (32.0%)
(RDMA_READ_CONSUME_CHECK_CONSUMER) timestamp=1603 ms, used_size=13096960 bytes (32.0%)
(RDMA_READ_CONSUME_CHECK_CONSUMER) timestamp=1603 ms, used_size=13094912 bytes (32.0%)
(RDMA_READ_CONSUME_CHECK_CONSUMER) timestamp=1603 ms, used_size=13092864 bytes (32.0%)
(RDMA_READ_CONSUME_CHECK_CONSUMER) timestamp=1604 ms, used_size=13090816 bytes (32.0%)
(RDMA_READ_CONSUME_CHECK_CONSUMER) timestamp=1604 ms, used_size=13088768 bytes (32.0%)
(RDMA_READ_CONSUME_CHECK_CONSUMER) timestamp=1604 ms, used_size=13086720 bytes (31.9%)
(RDMA_READ_CONSUME_CHECK_CONSUMER) timestamp=1604 ms, used_size=13084672 bytes (31.9%)
(RDMA_READ_CONSUME_CHECK_CONSUMER) timestamp=1604 ms, used_size=13082624 bytes (31.9%)
(RDMA_READ_CONSUME_CHECK_CONSUMER) timestamp=1604 ms, used_size=13080576 bytes (31.9%)
(RDMA_READ_CONSUME_CHECK_CONSUMER) timestamp=1604 ms, used_size=13078528 bytes (31.9%)
(RDMA_READ_CONSUME_CHECK_CONSUMER) timestamp=1604 ms, used_size=13076480 bytes (31.9%)
(RDMA_READ_CONSUME_CHECK_CONSUMER) timestamp=1604 ms, used_size=13074432 bytes (31.9%)
(RDMA_READ_CONSUME_CHECK_CONSUMER) timestamp=1604 ms, used_size=13072384 bytes (31.9%)
(RDMA_READ_CONSUME_CHECK_CONSUMER) timestamp=1604 ms, used_size=13070336 bytes (31.9%)
(RDMA_READ_CONSUME_CHECK_CONSUMER) timestamp=1604 ms, used_size=13068288 bytes (31.9%)
(RDMA_READ_CONSUME_CHECK_CONSUMER) timestamp=1604 ms, used_size=13066240 bytes (31.9%)
(RDMA_READ_CONSUME_CHECK_CONSUMER) timestamp=1604 ms, used_size=13064192 bytes (31.9%)
(RDMA_READ_CONSUME_CHECK_CONSUMER) timestamp=1604 ms, used_size=13062144 bytes (31.9%)
(RDMA_READ_CONSUME_CHECK_CONSUMER) timestamp=1604 ms, used_size=13060096 bytes (31.9%)
(RDMA_READ_CONSUME_CHECK_CONSUMER) timestamp=1604 ms, used_size=13058048 bytes (31.9%)
(RDMA_READ_CONSUME_CHECK_CONSUMER) timestamp=1604 ms, used_size=13056000 bytes (31.9%)
(RDMA_READ_CONSUME_CHECK_CONSUMER) timestamp=1604 ms, used_size=13053952 bytes (31.9%)
(RDMA_READ_CONSUME_CHECK_CONSUMER) timestamp=1604 ms, used_size=13051904 bytes (31.9%)
(RDMA_READ_CONSUME_CHECK_CONSUMER) timestamp=1604 ms, used_size=13049856 bytes (31.9%)
(RDMA_READ_CONSUME_CHECK_CONSUMER) timestamp=1604 ms, used_size=13047808 bytes (31.9%)
(RDMA_READ_CONSUME_CHECK_CONSUMER) timestamp=1604 ms, used_size=13045760 bytes (31.9%)
(RDMA_READ_CONSUME_CHECK_CONSUMER) timestamp=1604 ms, used_size=13043712 bytes (31.8%)
(RDMA_READ_CONSUME_CHECK_CONSUMER) timestamp=1604 ms, used_size=13041664 bytes (31.8%)
(RDMA_READ_CONSUME_CHECK_CONSUMER) timestamp=1604 ms, used_size=13039616 bytes (31.8%)
(RDMA_READ_CONSUME_CHECK_CONSUMER) timestamp=1604 ms, used_size=13037568 bytes (31.8%)
(RDMA_READ_CONSUME_CHECK_CONSUMER) timestamp=1604 ms, used_size=13035520 bytes (31.8%)
(RDMA_READ_CONSUME_CHECK_CONSUMER) timestamp=1604 ms, used_size=13033472 bytes (31.8%)
(RDMA_READ_CONSUME_CHECK_CONSUMER) timestamp=1604 ms, used_size=13031424 bytes (31.8%)
(RDMA_READ_CONSUME_CHECK_CONSUMER) timestamp=1604 ms, used_size=13029376 bytes (31.8%)
(RDMA_READ_CONSUME_CHECK_CONSUMER) timestamp=1604 ms, used_size=13027328 bytes (31.8%)
(RDMA_READ_CONSUME_CHECK_CONSUMER) timestamp=1604 ms, used_size=13025280 bytes (31.8%)
(RDMA_READ_CONSUME_CHECK_CONSUMER) timestamp=1604 ms, used_size=13023232 bytes (31.8%)
(RDMA_READ_CONSUME_CHECK_CONSUMER) timestamp=1604 ms, used_size=13021184 bytes (31.8%)
(RDMA_READ_CONSUME_CHECK_CONSUMER) timestamp=1604 ms, used_size=13019136 bytes (31.8%)
(RDMA_READ_CONSUME_CHECK_CONSUMER) timestamp=1604 ms, used_size=13017088 bytes (31.8%)
(RDMA_READ_CONSUME_CHECK_CONSUMER) timestamp=1604 ms, used_size=13015040 bytes (31.8%)
(RDMA_READ_CONSUME_CHECK_CONSUMER) timestamp=1604 ms, used_size=13012992 bytes (31.8%)
(RDMA_READ_CONSUME_CHECK_CONSUMER) timestamp=1604 ms, used_size=13010944 bytes (31.8%)
(RDMA_READ_CONSUME_CHECK_CONSUMER) timestamp=1604 ms, used_size=13008896 bytes (31.8%)
(RDMA_READ_CONSUME_CHECK_CONSUMER) timestamp=1604 ms, used_size=13006848 bytes (31.8%)
(RDMA_READ_CONSUME_CHECK_CONSUMER) timestamp=1604 ms, used_size=13004800 bytes (31.8%)
(RDMA_READ_CONSUME_CHECK_CONSUMER) timestamp=1604 ms, used_size=13002752 bytes (31.7%)
(RDMA_READ_CONSUME_CHECK_CONSUMER) timestamp=1604 ms, used_size=13000704 bytes (31.7%)
(RDMA_READ_CONSUME_CHECK_CONSUMER) timestamp=1604 ms, used_size=12998656 bytes (31.7%)
(RDMA_READ_CONSUME_CHECK_CONSUMER) timestamp=1604 ms, used_size=12996608 bytes (31.7%)
(RDMA_READ_CONSUME_CHECK_CONSUMER) timestamp=1604 ms, used_size=12994560 bytes (31.7%)
(RDMA_READ_CONSUME_CHECK_CONSUMER) timestamp=1604 ms, used_size=12992512 bytes (31.7%)
(RDMA_READ_CONSUME_CHECK_CONSUMER) timestamp=1604 ms, used_size=12990464 bytes (31.7%)
(RDMA_READ_CONSUME_CHECK_CONSUMER) timestamp=1604 ms, used_size=12988416 bytes (31.7%)
(RDMA_READ_CONSUME_CHECK_CONSUMER) timestamp=1604 ms, used_size=12986368 bytes (31.7%)
(RDMA_READ_CONSUME_CHECK_CONSUMER) timestamp=1604 ms, used_size=12984320 bytes (31.7%)
(RDMA_READ_CONSUME_CHECK_CONSUMER) timestamp=1604 ms, used_size=12982272 bytes (31.7%)
(RDMA_READ_CONSUME_CHECK_CONSUMER) timestamp=1604 ms, used_size=12980224 bytes (31.7%)
(RDMA_READ_CONSUME_CHECK_CONSUMER) timestamp=1604 ms, used_size=12978176 bytes (31.7%)
(RDMA_READ_CONSUME_CHECK_CONSUMER) timestamp=1604 ms, used_size=12976128 bytes (31.7%)
(RDMA_READ_CONSUME_CHECK_CONSUMER) timestamp=1604 ms, used_size=12974080 bytes (31.7%)
(RDMA_READ_CONSUME_CHECK_CONSUMER) timestamp=1604 ms, used_size=12972032 bytes (31.7%)
(RDMA_READ_CONSUME_CHECK_CONSUMER) timestamp=1604 ms, used_size=12969984 bytes (31.7%)
(RDMA_READ_CONSUME_CHECK_CONSUMER) timestamp=1604 ms, used_size=12967936 bytes (31.7%)
(RDMA_READ_CONSUME_CHECK_CONSUMER) timestamp=1604 ms, used_size=12965888 bytes (31.7%)
(RDMA_READ_CONSUME_CHECK_CONSUMER) timestamp=1604 ms, used_size=12963840 bytes (31.6%)
(RDMA_READ_CONSUME_CHECK_CONSUMER) timestamp=1604 ms, used_size=12961792 bytes (31.6%)
(RDMA_READ_CONSUME_CHECK_CONSUMER) timestamp=1604 ms, used_size=12959744 bytes (31.6%)
(RDMA_READ_CONSUME_CHECK_CONSUMER) timestamp=1604 ms, used_size=12957696 bytes (31.6%)
(RDMA_READ_CONSUME_CHECK_CONSUMER) timestamp=1604 ms, used_size=12955648 bytes (31.6%)
(RDMA_READ_CONSUME_CHECK_CONSUMER) timestamp=1604 ms, used_size=12953600 bytes (31.6%)
(RDMA_READ_CONSUME_CHECK_CONSUMER) timestamp=1604 ms, used_size=12951552 bytes (31.6%)
(RDMA_READ_CONSUME_CHECK_CONSUMER) timestamp=1604 ms, used_size=12949504 bytes (31.6%)
(RDMA_READ_CONSUME_CHECK_CONSUMER) timestamp=1604 ms, used_size=12947456 bytes (31.6%)
(RDMA_READ_CONSUME_CHECK_CONSUMER) timestamp=1604 ms, used_size=12945408 bytes (31.6%)
(RDMA_READ_CONSUME_CHECK_CONSUMER) timestamp=1604 ms, used_size=12943360 bytes (31.6%)
(RDMA_READ_CONSUME_CHECK_CONSUMER) timestamp=1604 ms, used_size=12941312 bytes (31.6%)
(RDMA_READ_CONSUME_CHECK_CONSUMER) timestamp=1604 ms, used_size=12939264 bytes (31.6%)
(RDMA_READ_CONSUME_CHECK_CONSUMER) timestamp=1604 ms, used_size=12937216 bytes (31.6%)
(RDMA_READ_CONSUME_CHECK_CONSUMER) timestamp=1604 ms, used_size=12935168 bytes (31.6%)
(RDMA_READ_CONSUME_CHECK_CONSUMER) timestamp=1604 ms, used_size=12933120 bytes (31.6%)
(RDMA_READ_CONSUME_CHECK_CONSUMER) timestamp=1604 ms, used_size=12931072 bytes (31.6%)
(RDMA_READ_CONSUME_CHECK_CONSUMER) timestamp=1604 ms, used_size=12929024 bytes (31.6%)
(RDMA_READ_CONSUME_CHECK_CONSUMER) timestamp=1604 ms, used_size=12926976 bytes (31.6%)
(RDMA_READ_CONSUME_CHECK_CONSUMER) timestamp=1604 ms, used_size=12924928 bytes (31.6%)
(RDMA_READ_CONSUME_CHECK_CONSUMER) timestamp=1604 ms, used_size=12922880 bytes (31.6%)
(RDMA_READ_CONSUME_CHECK_CONSUMER) timestamp=1604 ms, used_size=12920832 bytes (31.5%)
(RDMA_READ_CONSUME_CHECK_CONSUMER) timestamp=1604 ms, used_size=12918784 bytes (31.5%)
(RDMA_READ_CONSUME_CHECK_CONSUMER) timestamp=1604 ms, used_size=12916736 bytes (31.5%)
(RDMA_READ_CONSUME_CHECK_CONSUMER) timestamp=1604 ms, used_size=12914688 bytes (31.5%)
(RDMA_READ_CONSUME_CHECK_CONSUMER) timestamp=1604 ms, used_size=12912640 bytes (31.5%)
(RDMA_READ_CONSUME_CHECK_CONSUMER) timestamp=1604 ms, used_size=12910592 bytes (31.5%)
(RDMA_READ_CONSUME_CHECK_CONSUMER) timestamp=1604 ms, used_size=12908544 bytes (31.5%)
(RDMA_READ_CONSUME_CHECK_CONSUMER) timestamp=1604 ms, used_size=12906496 bytes (31.5%)
(RDMA_READ_CONSUME_CHECK_CONSUMER) timestamp=1604 ms, used_size=12904448 bytes (31.5%)
(RDMA_READ_CONSUME_CHECK_CONSUMER) timestamp=1604 ms, used_size=12902400 bytes (31.5%)
(RDMA_READ_CONSUME_CHECK_CONSUMER) timestamp=1604 ms, used_size=12900352 bytes (31.5%)
(RDMA_READ_CONSUME_CHECK_CONSUMER) timestamp=1604 ms, used_size=12898304 bytes (31.5%)
(RDMA_READ_CONSUME_CHECK_CONSUMER) timestamp=1604 ms, used_size=12896256 bytes (31.5%)
(RDMA_READ_CONSUME_CHECK_CONSUMER) timestamp=1604 ms, used_size=12894208 bytes (31.5%)
(RDMA_READ_CONSUME_CHECK_CONSUMER) timestamp=1604 ms, used_size=12892160 bytes (31.5%)
(RDMA_READ_CONSUME_CHECK_CONSUMER) timestamp=1604 ms, used_size=12890112 bytes (31.5%)
(RDMA_READ_CONSUME_CHECK_CONSUMER) timestamp=1604 ms, used_size=12888064 bytes (31.5%)
(RDMA_READ_CONSUME_CHECK_CONSUMER) timestamp=1604 ms, used_size=12886016 bytes (31.5%)
(RDMA_READ_CONSUME_CHECK_CONSUMER) timestamp=1604 ms, used_size=12883968 bytes (31.5%)
(RDMA_READ_CONSUME_CHECK_CONSUMER) timestamp=1604 ms, used_size=12881920 bytes (31.4%)
(RDMA_READ_CONSUME_CHECK_CONSUMER) timestamp=1604 ms, used_size=12879872 bytes (31.4%)
(RDMA_READ_CONSUME_CHECK_CONSUMER) timestamp=1604 ms, used_size=12877824 bytes (31.4%)
(RDMA_READ_CONSUME_CHECK_CONSUMER) timestamp=1604 ms, used_size=12875776 bytes (31.4%)
(RDMA_READ_CONSUME_CHECK_CONSUMER) timestamp=1604 ms, used_size=12873728 bytes (31.4%)
(RDMA_READ_CONSUME_CHECK_CONSUMER) timestamp=1604 ms, used_size=12871680 bytes (31.4%)
(RDMA_READ_CONSUME_CHECK_CONSUMER) timestamp=1604 ms, used_size=12869632 bytes (31.4%)
(RDMA_READ_CONSUME_CHECK_CONSUMER) timestamp=1604 ms, used_size=12867584 bytes (31.4%)
(RDMA_READ_CONSUME_CHECK_CONSUMER) timestamp=1604 ms, used_size=12865536 bytes (31.4%)
(RDMA_READ_CONSUME_CHECK_CONSUMER) timestamp=1604 ms, used_size=12863488 bytes (31.4%)
(RDMA_READ_CONSUME_CHECK_CONSUMER) timestamp=1604 ms, used_size=12861440 bytes (31.4%)
(RDMA_READ_CONSUME_CHECK_CONSUMER) timestamp=1604 ms, used_size=12859392 bytes (31.4%)
(RDMA_READ_CONSUME_CHECK_CONSUMER) timestamp=1604 ms, used_size=12857344 bytes (31.4%)
(RDMA_READ_CONSUME_CHECK_CONSUMER) timestamp=1604 ms, used_size=12855296 bytes (31.4%)
(RDMA_READ_CONSUME_CHECK_CONSUMER) timestamp=1604 ms, used_size=12853248 bytes (31.4%)
(RDMA_READ_CONSUME_CHECK_CONSUMER) timestamp=1604 ms, used_size=12851200 bytes (31.4%)
(RDMA_READ_CONSUME_CHECK_CONSUMER) timestamp=1604 ms, used_size=12849152 bytes (31.4%)
(RDMA_READ_CONSUME_CHECK_CONSUMER) timestamp=1604 ms, used_size=12847104 bytes (31.4%)
(RDMA_READ_CONSUME_CHECK_CONSUMER) timestamp=1604 ms, used_size=12845056 bytes (31.4%)
(RDMA_READ_CONSUME_CHECK_CONSUMER) timestamp=1604 ms, used_size=12843008 bytes (31.4%)
(RDMA_READ_CONSUME_CHECK_CONSUMER) timestamp=1604 ms, used_size=12840960 bytes (31.4%)
(RDMA_READ_CONSUME_CHECK_CONSUMER) timestamp=1604 ms, used_size=12838912 bytes (31.3%)
(RDMA_READ_CONSUME_CHECK_CONSUMER) timestamp=1604 ms, used_size=12836864 bytes (31.3%)
(RDMA_READ_CONSUME_CHECK_CONSUMER) timestamp=1604 ms, used_size=12834816 bytes (31.3%)
(RDMA_READ_CONSUME_CHECK_CONSUMER) timestamp=1604 ms, used_size=12832768 bytes (31.3%)
(RDMA_READ_CONSUME_CHECK_CONSUMER) timestamp=1604 ms, used_size=12830720 bytes (31.3%)
(RDMA_READ_CONSUME_CHECK_CONSUMER) timestamp=1604 ms, used_size=12828672 bytes (31.3%)
(RDMA_READ_CONSUME_CHECK_CONSUMER) timestamp=1604 ms, used_size=12826624 bytes (31.3%)
(RDMA_READ_CONSUME_CHECK_CONSUMER) timestamp=1604 ms, used_size=12824576 bytes (31.3%)
(RDMA_READ_CONSUME_CHECK_CONSUMER) timestamp=1604 ms, used_size=12822528 bytes (31.3%)
(RDMA_READ_CONSUME_CHECK_CONSUMER) timestamp=1604 ms, used_size=12820480 bytes (31.3%)
(RDMA_READ_CONSUME_CHECK_CONSUMER) timestamp=1604 ms, used_size=12818432 bytes (31.3%)
(RDMA_READ_CONSUME_CHECK_CONSUMER) timestamp=1604 ms, used_size=12816384 bytes (31.3%)
(RDMA_READ_CONSUME_CHECK_CONSUMER) timestamp=1604 ms, used_size=12814336 bytes (31.3%)
(RDMA_READ_CONSUME_CHECK_CONSUMER) timestamp=1604 ms, used_size=12812288 bytes (31.3%)
(RDMA_READ_CONSUME_CHECK_CONSUMER) timestamp=1604 ms, used_size=12810240 bytes (31.3%)
(RDMA_READ_CONSUME_CHECK_CONSUMER) timestamp=1604 ms, used_size=12808192 bytes (31.3%)
(RDMA_READ_CONSUME_CHECK_CONSUMER) timestamp=1604 ms, used_size=12806144 bytes (31.3%)
(RDMA_READ_CONSUME_CHECK_CONSUMER) timestamp=1604 ms, used_size=12804096 bytes (31.3%)
(RDMA_READ_CONSUME_CHECK_CONSUMER) timestamp=1604 ms, used_size=12802048 bytes (31.3%)
(RDMA_READ_CONSUME_CHECK_CONSUMER) timestamp=1604 ms, used_size=12800000 bytes (31.2%)
(RDMA_READ_CONSUME_CHECK_CONSUMER) timestamp=1604 ms, used_size=12797952 bytes (31.2%)
(RDMA_READ_CONSUME_CHECK_CONSUMER) timestamp=1604 ms, used_size=12795904 bytes (31.2%)
(RDMA_READ_CONSUME_CHECK_CONSUMER) timestamp=1604 ms, used_size=12793856 bytes (31.2%)
(RDMA_READ_CONSUME_CHECK_CONSUMER) timestamp=1604 ms, used_size=12791808 bytes (31.2%)
(RDMA_READ_CONSUME_CHECK_CONSUMER) timestamp=1604 ms, used_size=12789760 bytes (31.2%)
(RDMA_READ_CONSUME_CHECK_CONSUMER) timestamp=1604 ms, used_size=12787712 bytes (31.2%)
(RDMA_READ_CONSUME_CHECK_CONSUMER) timestamp=1604 ms, used_size=12785664 bytes (31.2%)
(RDMA_READ_CONSUME_CHECK_CONSUMER) timestamp=1604 ms, used_size=12783616 bytes (31.2%)
(RDMA_READ_CONSUME_CHECK_CONSUMER) timestamp=1604 ms, used_size=12781568 bytes (31.2%)
(RDMA_READ_CONSUME_CHECK_CONSUMER) timestamp=1604 ms, used_size=12779520 bytes (31.2%)
(RDMA_READ_CONSUME_CHECK_CONSUMER) timestamp=1604 ms, used_size=12777472 bytes (31.2%)
(RDMA_READ_CONSUME_CHECK_CONSUMER) timestamp=1604 ms, used_size=12775424 bytes (31.2%)
(RDMA_READ_CONSUME_CHECK_CONSUMER) timestamp=1604 ms, used_size=12773376 bytes (31.2%)
(RDMA_READ_CONSUME_CHECK_CONSUMER) timestamp=1604 ms, used_size=12771328 bytes (31.2%)
(RDMA_READ_CONSUME_CHECK_CONSUMER) timestamp=1604 ms, used_size=12769280 bytes (31.2%)
(RDMA_READ_CONSUME_CHECK_CONSUMER) timestamp=1604 ms, used_size=12767232 bytes (31.2%)
(RDMA_READ_CONSUME_CHECK_CONSUMER) timestamp=1604 ms, used_size=12765184 bytes (31.2%)
(RDMA_READ_CONSUME_CHECK_CONSUMER) timestamp=1604 ms, used_size=12763136 bytes (31.2%)
(RDMA_READ_CONSUME_CHECK_CONSUMER) timestamp=1604 ms, used_size=12761088 bytes (31.2%)
(RDMA_READ_CONSUME_CHECK_CONSUMER) timestamp=1604 ms, used_size=12759040 bytes (31.1%)
(RDMA_READ_CONSUME_CHECK_CONSUMER) timestamp=1604 ms, used_size=12756992 bytes (31.1%)
(RDMA_READ_CONSUME_CHECK_CONSUMER) timestamp=1604 ms, used_size=12754944 bytes (31.1%)
(RDMA_READ_CONSUME_CHECK_CONSUMER) timestamp=1604 ms, used_size=12752896 bytes (31.1%)
(RDMA_READ_CONSUME_CHECK_CONSUMER) timestamp=1604 ms, used_size=12750848 bytes (31.1%)
(RDMA_READ_CONSUME_CHECK_CONSUMER) timestamp=1604 ms, used_size=12748800 bytes (31.1%)
(RDMA_READ_CONSUME_CHECK_CONSUMER) timestamp=1604 ms, used_size=12746752 bytes (31.1%)
(RDMA_READ_CONSUME_CHECK_CONSUMER) timestamp=1604 ms, used_size=12744704 bytes (31.1%)
(RDMA_READ_CONSUME_CHECK_CONSUMER) timestamp=1604 ms, used_size=12742656 bytes (31.1%)
(RDMA_READ_CONSUME_CHECK_CONSUMER) timestamp=1604 ms, used_size=12740608 bytes (31.1%)
(RDMA_READ_CONSUME_CHECK_CONSUMER) timestamp=1604 ms, used_size=12738560 bytes (31.1%)
(RDMA_READ_CONSUME_CHECK_CONSUMER) timestamp=1604 ms, used_size=12736512 bytes (31.1%)
(RDMA_READ_CONSUME_CHECK_CONSUMER) timestamp=1604 ms, used_size=12734464 bytes (31.1%)
(RDMA_READ_CONSUME_CHECK_CONSUMER) timestamp=1604 ms, used_size=12732416 bytes (31.1%)
(RDMA_READ_CONSUME_CHECK_CONSUMER) timestamp=1604 ms, used_size=12730368 bytes (31.1%)
(RDMA_READ_CONSUME_CHECK_CONSUMER) timestamp=1604 ms, used_size=12728320 bytes (31.1%)
(RDMA_READ_CONSUME_CHECK_CONSUMER) timestamp=1604 ms, used_size=12726272 bytes (31.1%)
(RDMA_READ_CONSUME_CHECK_CONSUMER) timestamp=1604 ms, used_size=12724224 bytes (31.1%)
(RDMA_READ_CONSUME_CHECK_CONSUMER) timestamp=1605 ms, used_size=12722176 bytes (31.1%)
(RDMA_READ_CONSUME_CHECK_CONSUMER) timestamp=1605 ms, used_size=12720128 bytes (31.1%)
(RDMA_READ_CONSUME_CHECK_CONSUMER) timestamp=1605 ms, used_size=12718080 bytes (31.1%)
(RDMA_READ_CONSUME_CHECK_CONSUMER) timestamp=1605 ms, used_size=12716032 bytes (31.0%)
(RDMA_READ_CONSUME_CHECK_CONSUMER) timestamp=1605 ms, used_size=12713984 bytes (31.0%)
(RDMA_READ_CONSUME_CHECK_CONSUMER) timestamp=1605 ms, used_size=12711936 bytes (31.0%)
(RDMA_READ_CONSUME_CHECK_CONSUMER) timestamp=1605 ms, used_size=12709888 bytes (31.0%)
(RDMA_READ_CONSUME_CHECK_CONSUMER) timestamp=1605 ms, used_size=12707840 bytes (31.0%)
(RDMA_READ_CONSUME_CHECK_CONSUMER) timestamp=1605 ms, used_size=12705792 bytes (31.0%)
(RDMA_READ_CONSUME_CHECK_CONSUMER) timestamp=1605 ms, used_size=12703744 bytes (31.0%)
(RDMA_READ_CONSUME_CHECK_CONSUMER) timestamp=1605 ms, used_size=12701696 bytes (31.0%)
(RDMA_READ_CONSUME_CHECK_CONSUMER) timestamp=1605 ms, used_size=12699648 bytes (31.0%)
(RDMA_READ_CONSUME_CHECK_CONSUMER) timestamp=1605 ms, used_size=12697600 bytes (31.0%)
(RDMA_READ_CONSUME_CHECK_CONSUMER) timestamp=1605 ms, used_size=12695552 bytes (31.0%)
(RDMA_READ_CONSUME_CHECK_CONSUMER) timestamp=1605 ms, used_size=12693504 bytes (31.0%)
(RDMA_READ_CONSUME_CHECK_CONSUMER) timestamp=1605 ms, used_size=12691456 bytes (31.0%)
(RDMA_READ_CONSUME_CHECK_CONSUMER) timestamp=1605 ms, used_size=12689408 bytes (31.0%)
(RDMA_READ_CONSUME_CHECK_CONSUMER) timestamp=1605 ms, used_size=12687360 bytes (31.0%)
(RDMA_READ_CONSUME_CHECK_CONSUMER) timestamp=1605 ms, used_size=12685312 bytes (31.0%)
(RDMA_READ_CONSUME_CHECK_CONSUMER) timestamp=1605 ms, used_size=12683264 bytes (31.0%)
(RDMA_READ_CONSUME_CHECK_CONSUMER) timestamp=1605 ms, used_size=12681216 bytes (31.0%)
(RDMA_READ_CONSUME_CHECK_CONSUMER) timestamp=1605 ms, used_size=12679168 bytes (31.0%)
(RDMA_READ_CONSUME_CHECK_CONSUMER) timestamp=1605 ms, used_size=12677120 bytes (30.9%)
(RDMA_READ_CONSUME_CHECK_CONSUMER) timestamp=1605 ms, used_size=12675072 bytes (30.9%)
(RDMA_READ_CONSUME_CHECK_CONSUMER) timestamp=1605 ms, used_size=12673024 bytes (30.9%)
(RDMA_READ_CONSUME_CHECK_CONSUMER) timestamp=1605 ms, used_size=12670976 bytes (30.9%)
(RDMA_READ_CONSUME_CHECK_CONSUMER) timestamp=1605 ms, used_size=12668928 bytes (30.9%)
(RDMA_READ_CONSUME_CHECK_CONSUMER) timestamp=1605 ms, used_size=12666880 bytes (30.9%)
(RDMA_READ_CONSUME_CHECK_CONSUMER) timestamp=1605 ms, used_size=12664832 bytes (30.9%)
(RDMA_READ_CONSUME_CHECK_CONSUMER) timestamp=1605 ms, used_size=12662784 bytes (30.9%)
(RDMA_READ_CONSUME_CHECK_CONSUMER) timestamp=1605 ms, used_size=12660736 bytes (30.9%)
(RDMA_READ_CONSUME_CHECK_CONSUMER) timestamp=1605 ms, used_size=12658688 bytes (30.9%)
(RDMA_READ_CONSUME_CHECK_CONSUMER) timestamp=1605 ms, used_size=12656640 bytes (30.9%)
(RDMA_READ_CONSUME_CHECK_CONSUMER) timestamp=1605 ms, used_size=12654592 bytes (30.9%)
(RDMA_READ_CONSUME_CHECK_CONSUMER) timestamp=1605 ms, used_size=12652544 bytes (30.9%)
(RDMA_READ_CONSUME_CHECK_CONSUMER) timestamp=1605 ms, used_size=12650496 bytes (30.9%)
(RDMA_READ_CONSUME_CHECK_CONSUMER) timestamp=1605 ms, used_size=12648448 bytes (30.9%)
(RDMA_READ_CONSUME_CHECK_CONSUMER) timestamp=1605 ms, used_size=12646400 bytes (30.9%)
(RDMA_READ_CONSUME_CHECK_CONSUMER) timestamp=1605 ms, used_size=12644352 bytes (30.9%)
(RDMA_READ_CONSUME_CHECK_CONSUMER) timestamp=1605 ms, used_size=12642304 bytes (30.9%)
(RDMA_READ_CONSUME_CHECK_CONSUMER) timestamp=1605 ms, used_size=12640256 bytes (30.9%)
(RDMA_READ_CONSUME_CHECK_CONSUMER) timestamp=1605 ms, used_size=12638208 bytes (30.9%)
(RDMA_READ_CONSUME_CHECK_CONSUMER) timestamp=1605 ms, used_size=12636160 bytes (30.9%)
(RDMA_READ_CONSUME_CHECK_CONSUMER) timestamp=1605 ms, used_size=12634112 bytes (30.8%)
(RDMA_READ_CONSUME_CHECK_CONSUMER) timestamp=1605 ms, used_size=12632064 bytes (30.8%)
(RDMA_READ_CONSUME_CHECK_CONSUMER) timestamp=1605 ms, used_size=12630016 bytes (30.8%)
(RDMA_READ_CONSUME_CHECK_CONSUMER) timestamp=1605 ms, used_size=12627968 bytes (30.8%)
(RDMA_READ_CONSUME_CHECK_CONSUMER) timestamp=1605 ms, used_size=12625920 bytes (30.8%)
(RDMA_READ_CONSUME_CHECK_CONSUMER) timestamp=1605 ms, used_size=12623872 bytes (30.8%)
(RDMA_READ_CONSUME_CHECK_CONSUMER) timestamp=1605 ms, used_size=12621824 bytes (30.8%)
(RDMA_READ_CONSUME_CHECK_CONSUMER) timestamp=1605 ms, used_size=12619776 bytes (30.8%)
(RDMA_READ_CONSUME_CHECK_CONSUMER) timestamp=1605 ms, used_size=12617728 bytes (30.8%)
(RDMA_READ_CONSUME_CHECK_CONSUMER) timestamp=1605 ms, used_size=12615680 bytes (30.8%)
(RDMA_READ_CONSUME_CHECK_CONSUMER) timestamp=1605 ms, used_size=12613632 bytes (30.8%)
(RDMA_READ_CONSUME_CHECK_CONSUMER) timestamp=1605 ms, used_size=12611584 bytes (30.8%)
(RDMA_READ_CONSUME_CHECK_CONSUMER) timestamp=1605 ms, used_size=12609536 bytes (30.8%)
(RDMA_READ_CONSUME_CHECK_CONSUMER) timestamp=1605 ms, used_size=12607488 bytes (30.8%)
(RDMA_READ_CONSUME_CHECK_CONSUMER) timestamp=1605 ms, used_size=12605440 bytes (30.8%)
(RDMA_READ_CONSUME_CHECK_CONSUMER) timestamp=1605 ms, used_size=12603392 bytes (30.8%)
(RDMA_READ_CONSUME_CHECK_CONSUMER) timestamp=1605 ms, used_size=12601344 bytes (30.8%)
(RDMA_READ_CONSUME_CHECK_CONSUMER) timestamp=1605 ms, used_size=12599296 bytes (30.8%)
(RDMA_READ_CONSUME_CHECK_CONSUMER) timestamp=1605 ms, used_size=12597248 bytes (30.8%)
(RDMA_READ_CONSUME_CHECK_CONSUMER) timestamp=1605 ms, used_size=12595200 bytes (30.8%)
(RDMA_READ_CONSUME_CHECK_CONSUMER) timestamp=1605 ms, used_size=12593152 bytes (30.7%)
(RDMA_READ_CONSUME_CHECK_CONSUMER) timestamp=1605 ms, used_size=12591104 bytes (30.7%)
(RDMA_READ_CONSUME_CHECK_CONSUMER) timestamp=1605 ms, used_size=12589056 bytes (30.7%)
(RDMA_READ_CONSUME_CHECK_CONSUMER) timestamp=1605 ms, used_size=12587008 bytes (30.7%)
(RDMA_READ_CONSUME_CHECK_CONSUMER) timestamp=1605 ms, used_size=12584960 bytes (30.7%)
(RDMA_READ_CONSUME_CHECK_CONSUMER) timestamp=1605 ms, used_size=12582912 bytes (30.7%)
(RDMA_READ_CONSUME_CHECK_CONSUMER) timestamp=1605 ms, used_size=12580864 bytes (30.7%)
(RDMA_READ_CONSUME_CHECK_CONSUMER) timestamp=1605 ms, used_size=12578816 bytes (30.7%)
(RDMA_READ_CONSUME_CHECK_CONSUMER) timestamp=1605 ms, used_size=12576768 bytes (30.7%)
(RDMA_READ_CONSUME_CHECK_CONSUMER) timestamp=1605 ms, used_size=12574720 bytes (30.7%)
(RDMA_READ_CONSUME_CHECK_CONSUMER) timestamp=1605 ms, used_size=12572672 bytes (30.7%)
(RDMA_READ_CONSUME_CHECK_CONSUMER) timestamp=1605 ms, used_size=12570624 bytes (30.7%)
(RDMA_READ_CONSUME_CHECK_CONSUMER) timestamp=1605 ms, used_size=12568576 bytes (30.7%)
(RDMA_READ_CONSUME_CHECK_CONSUMER) timestamp=1605 ms, used_size=12566528 bytes (30.7%)
(RDMA_READ_CONSUME_CHECK_CONSUMER) timestamp=1605 ms, used_size=12564480 bytes (30.7%)
(RDMA_READ_CONSUME_CHECK_CONSUMER) timestamp=1605 ms, used_size=12562432 bytes (30.7%)
(RDMA_READ_CONSUME_CHECK_CONSUMER) timestamp=1605 ms, used_size=12560384 bytes (30.7%)
(RDMA_READ_CONSUME_CHECK_CONSUMER) timestamp=1605 ms, used_size=12558336 bytes (30.7%)
(RDMA_READ_CONSUME_CHECK_CONSUMER) timestamp=1605 ms, used_size=12556288 bytes (30.7%)
(RDMA_READ_CONSUME_CHECK_CONSUMER) timestamp=1605 ms, used_size=12554240 bytes (30.6%)
(RDMA_READ_CONSUME_CHECK_CONSUMER) timestamp=1605 ms, used_size=12552192 bytes (30.6%)
(RDMA_READ_CONSUME_CHECK_CONSUMER) timestamp=1605 ms, used_size=12550144 bytes (30.6%)
(RDMA_READ_CONSUME_CHECK_CONSUMER) timestamp=1605 ms, used_size=12548096 bytes (30.6%)
(RDMA_READ_CONSUME_CHECK_CONSUMER) timestamp=1605 ms, used_size=12546048 bytes (30.6%)
(RDMA_READ_CONSUME_CHECK_CONSUMER) timestamp=1605 ms, used_size=12544000 bytes (30.6%)
(RDMA_READ_CONSUME_CHECK_CONSUMER) timestamp=1605 ms, used_size=12541952 bytes (30.6%)
(RDMA_READ_CONSUME_CHECK_CONSUMER) timestamp=1605 ms, used_size=12539904 bytes (30.6%)
(RDMA_READ_CONSUME_CHECK_CONSUMER) timestamp=1605 ms, used_size=12537856 bytes (30.6%)
(RDMA_READ_CONSUME_CHECK_CONSUMER) timestamp=1605 ms, used_size=12535808 bytes (30.6%)
(RDMA_READ_CONSUME_CHECK_CONSUMER) timestamp=1605 ms, used_size=12533760 bytes (30.6%)
(RDMA_READ_CONSUME_CHECK_CONSUMER) timestamp=1605 ms, used_size=12531712 bytes (30.6%)
(RDMA_READ_CONSUME_CHECK_CONSUMER) timestamp=1605 ms, used_size=12529664 bytes (30.6%)
(RDMA_READ_CONSUME_CHECK_CONSUMER) timestamp=1605 ms, used_size=12527616 bytes (30.6%)
(RDMA_READ_CONSUME_CHECK_CONSUMER) timestamp=1605 ms, used_size=12525568 bytes (30.6%)
(RDMA_READ_CONSUME_CHECK_CONSUMER) timestamp=1605 ms, used_size=12523520 bytes (30.6%)
(RDMA_READ_CONSUME_CHECK_CONSUMER) timestamp=1605 ms, used_size=12521472 bytes (30.6%)
(RDMA_READ_CONSUME_CHECK_CONSUMER) timestamp=1605 ms, used_size=12519424 bytes (30.6%)
(RDMA_READ_CONSUME_CHECK_CONSUMER) timestamp=1605 ms, used_size=12517376 bytes (30.6%)
(RDMA_READ_CONSUME_CHECK_CONSUMER) timestamp=1605 ms, used_size=12515328 bytes (30.6%)
(RDMA_READ_CONSUME_CHECK_CONSUMER) timestamp=1605 ms, used_size=12513280 bytes (30.6%)
(RDMA_READ_CONSUME_CHECK_CONSUMER) timestamp=1605 ms, used_size=12511232 bytes (30.5%)
(RDMA_READ_CONSUME_CHECK_CONSUMER) timestamp=1605 ms, used_size=12509184 bytes (30.5%)
(RDMA_READ_CONSUME_CHECK_CONSUMER) timestamp=1605 ms, used_size=12507136 bytes (30.5%)
(RDMA_READ_CONSUME_CHECK_CONSUMER) timestamp=1605 ms, used_size=12505088 bytes (30.5%)
(RDMA_READ_CONSUME_CHECK_CONSUMER) timestamp=1605 ms, used_size=12503040 bytes (30.5%)
(RDMA_READ_CONSUME_CHECK_CONSUMER) timestamp=1605 ms, used_size=12500992 bytes (30.5%)
(RDMA_READ_CONSUME_CHECK_CONSUMER) timestamp=1605 ms, used_size=12498944 bytes (30.5%)
(RDMA_READ_CONSUME_CHECK_CONSUMER) timestamp=1605 ms, used_size=12496896 bytes (30.5%)
(RDMA_READ_CONSUME_CHECK_CONSUMER) timestamp=1605 ms, used_size=12494848 bytes (30.5%)
(RDMA_READ_CONSUME_CHECK_CONSUMER) timestamp=1605 ms, used_size=12492800 bytes (30.5%)
(RDMA_READ_CONSUME_CHECK_CONSUMER) timestamp=1605 ms, used_size=12490752 bytes (30.5%)
(RDMA_READ_CONSUME_CHECK_CONSUMER) timestamp=1605 ms, used_size=12488704 bytes (30.5%)
(RDMA_READ_CONSUME_CHECK_CONSUMER) timestamp=1605 ms, used_size=12486656 bytes (30.5%)
(RDMA_READ_CONSUME_CHECK_CONSUMER) timestamp=1605 ms, used_size=12484608 bytes (30.5%)
(RDMA_READ_CONSUME_CHECK_CONSUMER) timestamp=1605 ms, used_size=12482560 bytes (30.5%)
(RDMA_READ_CONSUME_CHECK_CONSUMER) timestamp=1605 ms, used_size=12480512 bytes (30.5%)
(RDMA_READ_CONSUME_CHECK_CONSUMER) timestamp=1605 ms, used_size=12478464 bytes (30.5%)
(RDMA_READ_CONSUME_CHECK_CONSUMER) timestamp=1605 ms, used_size=12476416 bytes (30.5%)
(RDMA_READ_CONSUME_CHECK_CONSUMER) timestamp=1605 ms, used_size=12474368 bytes (30.5%)
(RDMA_READ_CONSUME_CHECK_CONSUMER) timestamp=1605 ms, used_size=12472320 bytes (30.4%)
(RDMA_READ_CONSUME_CHECK_CONSUMER) timestamp=1605 ms, used_size=12470272 bytes (30.4%)
(RDMA_READ_CONSUME_CHECK_CONSUMER) timestamp=1605 ms, used_size=12468224 bytes (30.4%)
(RDMA_READ_CONSUME_CHECK_CONSUMER) timestamp=1605 ms, used_size=12466176 bytes (30.4%)
(RDMA_READ_CONSUME_CHECK_CONSUMER) timestamp=1605 ms, used_size=12464128 bytes (30.4%)
(RDMA_READ_CONSUME_CHECK_CONSUMER) timestamp=1605 ms, used_size=12462080 bytes (30.4%)
(RDMA_READ_CONSUME_CHECK_CONSUMER) timestamp=1605 ms, used_size=12460032 bytes (30.4%)
(RDMA_READ_CONSUME_CHECK_CONSUMER) timestamp=1605 ms, used_size=12457984 bytes (30.4%)
(RDMA_READ_CONSUME_CHECK_CONSUMER) timestamp=1605 ms, used_size=12455936 bytes (30.4%)
(RDMA_READ_CONSUME_CHECK_CONSUMER) timestamp=1605 ms, used_size=12453888 bytes (30.4%)
(RDMA_READ_CONSUME_CHECK_CONSUMER) timestamp=1605 ms, used_size=12451840 bytes (30.4%)
(RDMA_READ_CONSUME_CHECK_CONSUMER) timestamp=1605 ms, used_size=12449792 bytes (30.4%)
(RDMA_READ_CONSUME_CHECK_CONSUMER) timestamp=1605 ms, used_size=12447744 bytes (30.4%)
(RDMA_READ_CONSUME_CHECK_CONSUMER) timestamp=1605 ms, used_size=12445696 bytes (30.4%)
(RDMA_READ_CONSUME_CHECK_CONSUMER) timestamp=1605 ms, used_size=12443648 bytes (30.4%)
(RDMA_READ_CONSUME_CHECK_CONSUMER) timestamp=1605 ms, used_size=12441600 bytes (30.4%)
(RDMA_READ_CONSUME_CHECK_CONSUMER) timestamp=1605 ms, used_size=12439552 bytes (30.4%)
(RDMA_READ_CONSUME_CHECK_CONSUMER) timestamp=1605 ms, used_size=12437504 bytes (30.4%)
(RDMA_READ_CONSUME_CHECK_CONSUMER) timestamp=1605 ms, used_size=12435456 bytes (30.4%)
(RDMA_READ_CONSUME_CHECK_CONSUMER) timestamp=1605 ms, used_size=12433408 bytes (30.4%)
(RDMA_READ_CONSUME_CHECK_CONSUMER) timestamp=1605 ms, used_size=12431360 bytes (30.4%)
(RDMA_READ_CONSUME_CHECK_CONSUMER) timestamp=1605 ms, used_size=12429312 bytes (30.3%)
(RDMA_READ_CONSUME_CHECK_CONSUMER) timestamp=1605 ms, used_size=12427264 bytes (30.3%)
(RDMA_READ_CONSUME_CHECK_CONSUMER) timestamp=1605 ms, used_size=12425216 bytes (30.3%)
(RDMA_READ_CONSUME_CHECK_CONSUMER) timestamp=1605 ms, used_size=12423168 bytes (30.3%)
(RDMA_READ_CONSUME_CHECK_CONSUMER) timestamp=1605 ms, used_size=12421120 bytes (30.3%)
(RDMA_READ_CONSUME_CHECK_CONSUMER) timestamp=1605 ms, used_size=12419072 bytes (30.3%)
(RDMA_READ_CONSUME_CHECK_CONSUMER) timestamp=1605 ms, used_size=12417024 bytes (30.3%)
(RDMA_READ_CONSUME_CHECK_CONSUMER) timestamp=1605 ms, used_size=12414976 bytes (30.3%)
(RDMA_READ_CONSUME_CHECK_CONSUMER) timestamp=1605 ms, used_size=12412928 bytes (30.3%)
(RDMA_READ_CONSUME_CHECK_CONSUMER) timestamp=1605 ms, used_size=12410880 bytes (30.3%)
(RDMA_READ_CONSUME_CHECK_CONSUMER) timestamp=1605 ms, used_size=12408832 bytes (30.3%)
(RDMA_READ_CONSUME_CHECK_CONSUMER) timestamp=1605 ms, used_size=12406784 bytes (30.3%)
(RDMA_READ_CONSUME_CHECK_CONSUMER) timestamp=1605 ms, used_size=12404736 bytes (30.3%)
(RDMA_READ_CONSUME_CHECK_CONSUMER) timestamp=1605 ms, used_size=12402688 bytes (30.3%)
(RDMA_READ_CONSUME_CHECK_CONSUMER) timestamp=1605 ms, used_size=12400640 bytes (30.3%)
(RDMA_READ_CONSUME_CHECK_CONSUMER) timestamp=1605 ms, used_size=12398592 bytes (30.3%)
(RDMA_READ_CONSUME_CHECK_CONSUMER) timestamp=1605 ms, used_size=12396544 bytes (30.3%)
(RDMA_READ_CONSUME_CHECK_CONSUMER) timestamp=1605 ms, used_size=12394496 bytes (30.3%)
(RDMA_READ_CONSUME_CHECK_CONSUMER) timestamp=1605 ms, used_size=12392448 bytes (30.3%)
(RDMA_READ_CONSUME_CHECK_CONSUMER) timestamp=1605 ms, used_size=12390400 bytes (30.2%)
(RDMA_READ_CONSUME_CHECK_CONSUMER) timestamp=1605 ms, used_size=12388352 bytes (30.2%)
(RDMA_READ_CONSUME_CHECK_CONSUMER) timestamp=1605 ms, used_size=12386304 bytes (30.2%)
(RDMA_READ_CONSUME_CHECK_CONSUMER) timestamp=1605 ms, used_size=12384256 bytes (30.2%)
(RDMA_READ_CONSUME_CHECK_CONSUMER) timestamp=1605 ms, used_size=12382208 bytes (30.2%)
(RDMA_READ_CONSUME_CHECK_CONSUMER) timestamp=1605 ms, used_size=12380160 bytes (30.2%)
(RDMA_READ_CONSUME_CHECK_CONSUMER) timestamp=1605 ms, used_size=12378112 bytes (30.2%)
(RDMA_READ_CONSUME_CHECK_CONSUMER) timestamp=1605 ms, used_size=12376064 bytes (30.2%)
(RDMA_READ_CONSUME_CHECK_CONSUMER) timestamp=1605 ms, used_size=12374016 bytes (30.2%)
(RDMA_READ_CONSUME_CHECK_CONSUMER) timestamp=1605 ms, used_size=12371968 bytes (30.2%)
(RDMA_READ_CONSUME_CHECK_CONSUMER) timestamp=1605 ms, used_size=12369920 bytes (30.2%)
(RDMA_READ_CONSUME_CHECK_CONSUMER) timestamp=1605 ms, used_size=12367872 bytes (30.2%)
(RDMA_READ_CONSUME_CHECK_CONSUMER) timestamp=1605 ms, used_size=12365824 bytes (30.2%)
(RDMA_READ_CONSUME_CHECK_CONSUMER) timestamp=1605 ms, used_size=12363776 bytes (30.2%)
(RDMA_READ_CONSUME_CHECK_CONSUMER) timestamp=1605 ms, used_size=12361728 bytes (30.2%)
(RDMA_READ_CONSUME_CHECK_CONSUMER) timestamp=1605 ms, used_size=12359680 bytes (30.2%)
(RDMA_READ_CONSUME_CHECK_CONSUMER) timestamp=1605 ms, used_size=12357632 bytes (30.2%)
(RDMA_READ_CONSUME_CHECK_CONSUMER) timestamp=1605 ms, used_size=12355584 bytes (30.2%)
(RDMA_READ_CONSUME_CHECK_CONSUMER) timestamp=1606 ms, used_size=12353536 bytes (30.2%)
(RDMA_READ_CONSUME_CHECK_CONSUMER) timestamp=1606 ms, used_size=12351488 bytes (30.2%)
(RDMA_READ_CONSUME_CHECK_CONSUMER) timestamp=1606 ms, used_size=12349440 bytes (30.1%)
(RDMA_READ_CONSUME_CHECK_CONSUMER) timestamp=1606 ms, used_size=12347392 bytes (30.1%)
(RDMA_READ_CONSUME_CHECK_CONSUMER) timestamp=1606 ms, used_size=12345344 bytes (30.1%)
(RDMA_READ_CONSUME_CHECK_CONSUMER) timestamp=1606 ms, used_size=12343296 bytes (30.1%)
(RDMA_READ_CONSUME_CHECK_CONSUMER) timestamp=1606 ms, used_size=12341248 bytes (30.1%)
(RDMA_READ_CONSUME_CHECK_CONSUMER) timestamp=1606 ms, used_size=12339200 bytes (30.1%)
(RDMA_READ_CONSUME_CHECK_CONSUMER) timestamp=1606 ms, used_size=12337152 bytes (30.1%)
(RDMA_READ_CONSUME_CHECK_CONSUMER) timestamp=1606 ms, used_size=12335104 bytes (30.1%)
(RDMA_READ_CONSUME_CHECK_CONSUMER) timestamp=1606 ms, used_size=12333056 bytes (30.1%)
(RDMA_READ_CONSUME_CHECK_CONSUMER) timestamp=1606 ms, used_size=12331008 bytes (30.1%)
(RDMA_READ_CONSUME_CHECK_CONSUMER) timestamp=1606 ms, used_size=12328960 bytes (30.1%)
(RDMA_READ_CONSUME_CHECK_CONSUMER) timestamp=1606 ms, used_size=12326912 bytes (30.1%)
(RDMA_READ_CONSUME_CHECK_CONSUMER) timestamp=1606 ms, used_size=12324864 bytes (30.1%)
(RDMA_READ_CONSUME_CHECK_CONSUMER) timestamp=1606 ms, used_size=12322816 bytes (30.1%)
(RDMA_READ_CONSUME_CHECK_CONSUMER) timestamp=1606 ms, used_size=12320768 bytes (30.1%)
(RDMA_READ_CONSUME_CHECK_CONSUMER) timestamp=1606 ms, used_size=12318720 bytes (30.1%)
(RDMA_READ_CONSUME_CHECK_CONSUMER) timestamp=1606 ms, used_size=12316672 bytes (30.1%)
(RDMA_READ_CONSUME_CHECK_CONSUMER) timestamp=1606 ms, used_size=12314624 bytes (30.1%)
(RDMA_READ_CONSUME_CHECK_CONSUMER) timestamp=1606 ms, used_size=12312576 bytes (30.1%)
(RDMA_READ_CONSUME_CHECK_CONSUMER) timestamp=1606 ms, used_size=12310528 bytes (30.1%)
(RDMA_READ_CONSUME_CHECK_CONSUMER) timestamp=1606 ms, used_size=12308480 bytes (30.1%)
(RDMA_READ_CONSUME_CHECK_CONSUMER) timestamp=1606 ms, used_size=12306432 bytes (30.0%)
(RDMA_READ_CONSUME_CHECK_CONSUMER) timestamp=1606 ms, used_size=12304384 bytes (30.0%)
(RDMA_READ_CONSUME_CHECK_CONSUMER) timestamp=1606 ms, used_size=12302336 bytes (30.0%)
(RDMA_READ_CONSUME_CHECK_CONSUMER) timestamp=1606 ms, used_size=12300288 bytes (30.0%)
(RDMA_READ_CONSUME_CHECK_CONSUMER) timestamp=1606 ms, used_size=12298240 bytes (30.0%)
(RDMA_READ_CONSUME_CHECK_CONSUMER) timestamp=1606 ms, used_size=12296192 bytes (30.0%)
(RDMA_READ_CONSUME_CHECK_CONSUMER) timestamp=1606 ms, used_size=12294144 bytes (30.0%)
(RDMA_READ_CONSUME_CHECK_CONSUMER) timestamp=1606 ms, used_size=12292096 bytes (30.0%)
(RDMA_READ_CONSUME_CHECK_CONSUMER) timestamp=1606 ms, used_size=12290048 bytes (30.0%)
(RDMA_READ_CONSUME_CHECK_CONSUMER) timestamp=1606 ms, used_size=12288000 bytes (30.0%)
(RDMA_READ_CONSUME_CHECK_CONSUMER) timestamp=1606 ms, used_size=12285952 bytes (30.0%)
(RDMA_READ_CONSUME_CHECK_CONSUMER) timestamp=1606 ms, used_size=12283904 bytes (30.0%)
(RDMA_READ_CONSUME_CHECK_CONSUMER) timestamp=1606 ms, used_size=12281856 bytes (30.0%)
(RDMA_READ_CONSUME_CHECK_CONSUMER) timestamp=1606 ms, used_size=12279808 bytes (30.0%)
(RDMA_READ_CONSUME_CHECK_CONSUMER) timestamp=1606 ms, used_size=12277760 bytes (30.0%)
(RDMA_READ_CONSUME_CHECK_CONSUMER) timestamp=1606 ms, used_size=12275712 bytes (30.0%)
(RDMA_READ_CONSUME_CHECK_CONSUMER) timestamp=1606 ms, used_size=12273664 bytes (30.0%)
(RDMA_READ_CONSUME_CHECK_CONSUMER) timestamp=1606 ms, used_size=12271616 bytes (30.0%)
(RDMA_READ_CONSUME_CHECK_CONSUMER) timestamp=1606 ms, used_size=12269568 bytes (30.0%)
(RDMA_READ_CONSUME_CHECK_CONSUMER) timestamp=1606 ms, used_size=12267520 bytes (29.9%)
(RDMA_READ_CONSUME_CHECK_CONSUMER) timestamp=1606 ms, used_size=12265472 bytes (29.9%)
(RDMA_READ_CONSUME_CHECK_CONSUMER) timestamp=1606 ms, used_size=12263424 bytes (29.9%)
(RDMA_READ_CONSUME_CHECK_CONSUMER) timestamp=1606 ms, used_size=12261376 bytes (29.9%)
(RDMA_READ_CONSUME_CHECK_CONSUMER) timestamp=1606 ms, used_size=12259328 bytes (29.9%)
(RDMA_READ_CONSUME_CHECK_CONSUMER) timestamp=1606 ms, used_size=12257280 bytes (29.9%)
(RDMA_READ_CONSUME_CHECK_CONSUMER) timestamp=1606 ms, used_size=12255232 bytes (29.9%)
(RDMA_READ_CONSUME_CHECK_CONSUMER) timestamp=1606 ms, used_size=12253184 bytes (29.9%)
(RDMA_READ_CONSUME_CHECK_CONSUMER) timestamp=1606 ms, used_size=12251136 bytes (29.9%)
(RDMA_READ_CONSUME_CHECK_CONSUMER) timestamp=1606 ms, used_size=12249088 bytes (29.9%)
(RDMA_READ_CONSUME_CHECK_CONSUMER) timestamp=1606 ms, used_size=12247040 bytes (29.9%)
(RDMA_READ_CONSUME_CHECK_CONSUMER) timestamp=1606 ms, used_size=12244992 bytes (29.9%)
(RDMA_READ_CONSUME_CHECK_CONSUMER) timestamp=1606 ms, used_size=12242944 bytes (29.9%)
(RDMA_READ_CONSUME_CHECK_CONSUMER) timestamp=1606 ms, used_size=12240896 bytes (29.9%)
(RDMA_READ_CONSUME_CHECK_CONSUMER) timestamp=1606 ms, used_size=12238848 bytes (29.9%)
(RDMA_READ_CONSUME_CHECK_CONSUMER) timestamp=1606 ms, used_size=12236800 bytes (29.9%)
(RDMA_READ_CONSUME_CHECK_CONSUMER) timestamp=1606 ms, used_size=12234752 bytes (29.9%)
(RDMA_READ_CONSUME_CHECK_CONSUMER) timestamp=1606 ms, used_size=12232704 bytes (29.9%)
(RDMA_READ_CONSUME_CHECK_CONSUMER) timestamp=1606 ms, used_size=12230656 bytes (29.9%)
(RDMA_READ_CONSUME_CHECK_CONSUMER) timestamp=1606 ms, used_size=12228608 bytes (29.9%)
(RDMA_READ_CONSUME_CHECK_CONSUMER) timestamp=1606 ms, used_size=12226560 bytes (29.9%)
(RDMA_READ_CONSUME_CHECK_CONSUMER) timestamp=1606 ms, used_size=12224512 bytes (29.8%)
(RDMA_READ_CONSUME_CHECK_CONSUMER) timestamp=1606 ms, used_size=12222464 bytes (29.8%)
(RDMA_READ_CONSUME_CHECK_CONSUMER) timestamp=1606 ms, used_size=12220416 bytes (29.8%)
(RDMA_READ_CONSUME_CHECK_CONSUMER) timestamp=1606 ms, used_size=12218368 bytes (29.8%)
(RDMA_READ_CONSUME_CHECK_CONSUMER) timestamp=1606 ms, used_size=12216320 bytes (29.8%)
(RDMA_READ_CONSUME_CHECK_CONSUMER) timestamp=1606 ms, used_size=12214272 bytes (29.8%)
(RDMA_READ_CONSUME_CHECK_CONSUMER) timestamp=1606 ms, used_size=12212224 bytes (29.8%)
(RDMA_READ_CONSUME_CHECK_CONSUMER) timestamp=1606 ms, used_size=12210176 bytes (29.8%)
(RDMA_READ_CONSUME_CHECK_CONSUMER) timestamp=1606 ms, used_size=12208128 bytes (29.8%)
(RDMA_READ_CONSUME_CHECK_CONSUMER) timestamp=1606 ms, used_size=12206080 bytes (29.8%)
(RDMA_READ_CONSUME_CHECK_CONSUMER) timestamp=1606 ms, used_size=12204032 bytes (29.8%)
(RDMA_READ_CONSUME_CHECK_CONSUMER) timestamp=1606 ms, used_size=12201984 bytes (29.8%)
(RDMA_READ_CONSUME_CHECK_CONSUMER) timestamp=1606 ms, used_size=12199936 bytes (29.8%)
(RDMA_READ_CONSUME_CHECK_CONSUMER) timestamp=1606 ms, used_size=12197888 bytes (29.8%)
(RDMA_READ_CONSUME_CHECK_CONSUMER) timestamp=1606 ms, used_size=12195840 bytes (29.8%)
(RDMA_READ_CONSUME_CHECK_CONSUMER) timestamp=1606 ms, used_size=12193792 bytes (29.8%)
(RDMA_READ_CONSUME_CHECK_CONSUMER) timestamp=1606 ms, used_size=12191744 bytes (29.8%)
(RDMA_READ_CONSUME_CHECK_CONSUMER) timestamp=1606 ms, used_size=12189696 bytes (29.8%)
(RDMA_READ_CONSUME_CHECK_CONSUMER) timestamp=1606 ms, used_size=12187648 bytes (29.8%)
(RDMA_READ_CONSUME_CHECK_CONSUMER) timestamp=1606 ms, used_size=12185600 bytes (29.8%)
(RDMA_READ_CONSUME_CHECK_CONSUMER) timestamp=1606 ms, used_size=12183552 bytes (29.7%)
(RDMA_READ_CONSUME_CHECK_CONSUMER) timestamp=1606 ms, used_size=12181504 bytes (29.7%)
(RDMA_READ_CONSUME_CHECK_CONSUMER) timestamp=1606 ms, used_size=12179456 bytes (29.7%)
(RDMA_READ_CONSUME_CHECK_CONSUMER) timestamp=1606 ms, used_size=12177408 bytes (29.7%)
(RDMA_READ_CONSUME_CHECK_CONSUMER) timestamp=1606 ms, used_size=12175360 bytes (29.7%)
(RDMA_READ_CONSUME_CHECK_CONSUMER) timestamp=1606 ms, used_size=12173312 bytes (29.7%)
(RDMA_READ_CONSUME_CHECK_CONSUMER) timestamp=1606 ms, used_size=12171264 bytes (29.7%)
(RDMA_READ_CONSUME_CHECK_CONSUMER) timestamp=1606 ms, used_size=12169216 bytes (29.7%)
(RDMA_READ_CONSUME_CHECK_CONSUMER) timestamp=1606 ms, used_size=12167168 bytes (29.7%)
(RDMA_READ_CONSUME_CHECK_CONSUMER) timestamp=1606 ms, used_size=12165120 bytes (29.7%)
(RDMA_READ_CONSUME_CHECK_CONSUMER) timestamp=1606 ms, used_size=12163072 bytes (29.7%)
(RDMA_READ_CONSUME_CHECK_CONSUMER) timestamp=1606 ms, used_size=12161024 bytes (29.7%)
(RDMA_READ_CONSUME_CHECK_CONSUMER) timestamp=1606 ms, used_size=12158976 bytes (29.7%)
(RDMA_READ_CONSUME_CHECK_CONSUMER) timestamp=1606 ms, used_size=12156928 bytes (29.7%)
(RDMA_READ_CONSUME_CHECK_CONSUMER) timestamp=1606 ms, used_size=12154880 bytes (29.7%)
(RDMA_READ_CONSUME_CHECK_CONSUMER) timestamp=1606 ms, used_size=12152832 bytes (29.7%)
(RDMA_READ_CONSUME_CHECK_CONSUMER) timestamp=1606 ms, used_size=12150784 bytes (29.7%)
(RDMA_READ_CONSUME_CHECK_CONSUMER) timestamp=1606 ms, used_size=12148736 bytes (29.7%)
(RDMA_READ_CONSUME_CHECK_CONSUMER) timestamp=1606 ms, used_size=12146688 bytes (29.7%)
(RDMA_READ_CONSUME_CHECK_CONSUMER) timestamp=1606 ms, used_size=12144640 bytes (29.6%)
(RDMA_READ_CONSUME_CHECK_CONSUMER) timestamp=1606 ms, used_size=12142592 bytes (29.6%)
(RDMA_READ_CONSUME_CHECK_CONSUMER) timestamp=1606 ms, used_size=12140544 bytes (29.6%)
(RDMA_READ_CONSUME_CHECK_CONSUMER) timestamp=1606 ms, used_size=12138496 bytes (29.6%)
(RDMA_READ_CONSUME_CHECK_CONSUMER) timestamp=1606 ms, used_size=12136448 bytes (29.6%)
(RDMA_READ_CONSUME_CHECK_CONSUMER) timestamp=1606 ms, used_size=12134400 bytes (29.6%)
(RDMA_READ_CONSUME_CHECK_CONSUMER) timestamp=1606 ms, used_size=12132352 bytes (29.6%)
(RDMA_READ_CONSUME_CHECK_CONSUMER) timestamp=1606 ms, used_size=12130304 bytes (29.6%)
(RDMA_READ_CONSUME_CHECK_CONSUMER) timestamp=1606 ms, used_size=12128256 bytes (29.6%)
(RDMA_READ_CONSUME_CHECK_CONSUMER) timestamp=1606 ms, used_size=12126208 bytes (29.6%)
(RDMA_READ_CONSUME_CHECK_CONSUMER) timestamp=1606 ms, used_size=12124160 bytes (29.6%)
(RDMA_READ_CONSUME_CHECK_CONSUMER) timestamp=1606 ms, used_size=12122112 bytes (29.6%)
(RDMA_READ_CONSUME_CHECK_CONSUMER) timestamp=1606 ms, used_size=12120064 bytes (29.6%)
(RDMA_READ_CONSUME_CHECK_CONSUMER) timestamp=1606 ms, used_size=12118016 bytes (29.6%)
(RDMA_READ_CONSUME_CHECK_CONSUMER) timestamp=1606 ms, used_size=12115968 bytes (29.6%)
(RDMA_READ_CONSUME_CHECK_CONSUMER) timestamp=1606 ms, used_size=12113920 bytes (29.6%)
(RDMA_READ_CONSUME_CHECK_CONSUMER) timestamp=1606 ms, used_size=12111872 bytes (29.6%)
(RDMA_READ_CONSUME_CHECK_CONSUMER) timestamp=1606 ms, used_size=12109824 bytes (29.6%)
(RDMA_READ_CONSUME_CHECK_CONSUMER) timestamp=1606 ms, used_size=12107776 bytes (29.6%)
(RDMA_READ_CONSUME_CHECK_CONSUMER) timestamp=1606 ms, used_size=12105728 bytes (29.6%)
(RDMA_READ_CONSUME_CHECK_CONSUMER) timestamp=1606 ms, used_size=12103680 bytes (29.6%)
(RDMA_READ_CONSUME_CHECK_CONSUMER) timestamp=1606 ms, used_size=12101632 bytes (29.5%)
(RDMA_READ_CONSUME_CHECK_CONSUMER) timestamp=1606 ms, used_size=12099584 bytes (29.5%)
(RDMA_READ_CONSUME_CHECK_CONSUMER) timestamp=1606 ms, used_size=12097536 bytes (29.5%)
(RDMA_READ_CONSUME_CHECK_CONSUMER) timestamp=1606 ms, used_size=12095488 bytes (29.5%)
(RDMA_READ_CONSUME_CHECK_CONSUMER) timestamp=1606 ms, used_size=12093440 bytes (29.5%)
(RDMA_READ_CONSUME_CHECK_CONSUMER) timestamp=1606 ms, used_size=12091392 bytes (29.5%)
(RDMA_READ_CONSUME_CHECK_CONSUMER) timestamp=1606 ms, used_size=12089344 bytes (29.5%)
(RDMA_READ_CONSUME_CHECK_CONSUMER) timestamp=1606 ms, used_size=12087296 bytes (29.5%)
(RDMA_READ_CONSUME_CHECK_CONSUMER) timestamp=1606 ms, used_size=12085248 bytes (29.5%)
(RDMA_READ_CONSUME_CHECK_CONSUMER) timestamp=1606 ms, used_size=12083200 bytes (29.5%)
(RDMA_READ_CONSUME_CHECK_CONSUMER) timestamp=1606 ms, used_size=12081152 bytes (29.5%)
(RDMA_READ_CONSUME_CHECK_CONSUMER) timestamp=1606 ms, used_size=12079104 bytes (29.5%)
(RDMA_READ_CONSUME_CHECK_CONSUMER) timestamp=1606 ms, used_size=12077056 bytes (29.5%)
(RDMA_READ_CONSUME_CHECK_CONSUMER) timestamp=1606 ms, used_size=12075008 bytes (29.5%)
(RDMA_READ_CONSUME_CHECK_CONSUMER) timestamp=1606 ms, used_size=12072960 bytes (29.5%)
(RDMA_READ_CONSUME_CHECK_CONSUMER) timestamp=1606 ms, used_size=12070912 bytes (29.5%)
(RDMA_READ_CONSUME_CHECK_CONSUMER) timestamp=1606 ms, used_size=12068864 bytes (29.5%)
(RDMA_READ_CONSUME_CHECK_CONSUMER) timestamp=1606 ms, used_size=12066816 bytes (29.5%)
(RDMA_READ_CONSUME_CHECK_CONSUMER) timestamp=1606 ms, used_size=12064768 bytes (29.5%)
(RDMA_READ_CONSUME_CHECK_CONSUMER) timestamp=1606 ms, used_size=12062720 bytes (29.4%)
(RDMA_READ_CONSUME_CHECK_CONSUMER) timestamp=1606 ms, used_size=12060672 bytes (29.4%)
(RDMA_READ_CONSUME_CHECK_CONSUMER) timestamp=1606 ms, used_size=12058624 bytes (29.4%)
(RDMA_READ_CONSUME_CHECK_CONSUMER) timestamp=1606 ms, used_size=12056576 bytes (29.4%)
(RDMA_READ_CONSUME_CHECK_CONSUMER) timestamp=1606 ms, used_size=12054528 bytes (29.4%)
(RDMA_READ_CONSUME_CHECK_CONSUMER) timestamp=1606 ms, used_size=12052480 bytes (29.4%)
(RDMA_READ_CONSUME_CHECK_CONSUMER) timestamp=1606 ms, used_size=12050432 bytes (29.4%)
(RDMA_READ_CONSUME_CHECK_CONSUMER) timestamp=1606 ms, used_size=12048384 bytes (29.4%)
(RDMA_READ_CONSUME_CHECK_CONSUMER) timestamp=1606 ms, used_size=12046336 bytes (29.4%)
(RDMA_READ_CONSUME_CHECK_CONSUMER) timestamp=1606 ms, used_size=12044288 bytes (29.4%)
(RDMA_READ_CONSUME_CHECK_CONSUMER) timestamp=1606 ms, used_size=12042240 bytes (29.4%)
(RDMA_READ_CONSUME_CHECK_CONSUMER) timestamp=1606 ms, used_size=12040192 bytes (29.4%)
(RDMA_READ_CONSUME_CHECK_CONSUMER) timestamp=1606 ms, used_size=12038144 bytes (29.4%)
(RDMA_READ_CONSUME_CHECK_CONSUMER) timestamp=1606 ms, used_size=12036096 bytes (29.4%)
(RDMA_READ_CONSUME_CHECK_CONSUMER) timestamp=1606 ms, used_size=12034048 bytes (29.4%)
(RDMA_READ_CONSUME_CHECK_CONSUMER) timestamp=1606 ms, used_size=12032000 bytes (29.4%)
(RDMA_READ_CONSUME_CHECK_CONSUMER) timestamp=1606 ms, used_size=12029952 bytes (29.4%)
(RDMA_READ_CONSUME_CHECK_CONSUMER) timestamp=1606 ms, used_size=12027904 bytes (29.4%)
(RDMA_READ_CONSUME_CHECK_CONSUMER) timestamp=1606 ms, used_size=12025856 bytes (29.4%)
(RDMA_READ_CONSUME_CHECK_CONSUMER) timestamp=1606 ms, used_size=12023808 bytes (29.4%)
(RDMA_READ_CONSUME_CHECK_CONSUMER) timestamp=1606 ms, used_size=12021760 bytes (29.4%)
(RDMA_READ_CONSUME_CHECK_CONSUMER) timestamp=1606 ms, used_size=12019712 bytes (29.3%)
(RDMA_READ_CONSUME_CHECK_CONSUMER) timestamp=1606 ms, used_size=12017664 bytes (29.3%)
(RDMA_READ_CONSUME_CHECK_CONSUMER) timestamp=1606 ms, used_size=12015616 bytes (29.3%)
(RDMA_READ_CONSUME_CHECK_CONSUMER) timestamp=1606 ms, used_size=12013568 bytes (29.3%)
(RDMA_READ_CONSUME_CHECK_CONSUMER) timestamp=1606 ms, used_size=12011520 bytes (29.3%)
(RDMA_READ_CONSUME_CHECK_CONSUMER) timestamp=1606 ms, used_size=12009472 bytes (29.3%)
(RDMA_READ_CONSUME_CHECK_CONSUMER) timestamp=1606 ms, used_size=12007424 bytes (29.3%)
(RDMA_READ_CONSUME_CHECK_CONSUMER) timestamp=1606 ms, used_size=12005376 bytes (29.3%)
(RDMA_READ_CONSUME_CHECK_CONSUMER) timestamp=1606 ms, used_size=12003328 bytes (29.3%)
(RDMA_READ_CONSUME_CHECK_CONSUMER) timestamp=1606 ms, used_size=12001280 bytes (29.3%)
(RDMA_READ_CONSUME_CHECK_CONSUMER) timestamp=1606 ms, used_size=11999232 bytes (29.3%)
(RDMA_READ_CONSUME_CHECK_CONSUMER) timestamp=1606 ms, used_size=11997184 bytes (29.3%)
(RDMA_READ_CONSUME_CHECK_CONSUMER) timestamp=1606 ms, used_size=11995136 bytes (29.3%)
(RDMA_READ_CONSUME_CHECK_CONSUMER) timestamp=1606 ms, used_size=11993088 bytes (29.3%)
(RDMA_READ_CONSUME_CHECK_CONSUMER) timestamp=1606 ms, used_size=11991040 bytes (29.3%)
(RDMA_READ_CONSUME_CHECK_CONSUMER) timestamp=1606 ms, used_size=11988992 bytes (29.3%)
(RDMA_READ_CONSUME_CHECK_CONSUMER) timestamp=1606 ms, used_size=11986944 bytes (29.3%)
(RDMA_READ_CONSUME_CHECK_CONSUMER) timestamp=1607 ms, used_size=11984896 bytes (29.3%)
(RDMA_READ_CONSUME_CHECK_CONSUMER) timestamp=1607 ms, used_size=11982848 bytes (29.3%)
(RDMA_READ_CONSUME_CHECK_CONSUMER) timestamp=1607 ms, used_size=11980800 bytes (29.2%)
(RDMA_READ_CONSUME_CHECK_CONSUMER) timestamp=1607 ms, used_size=11978752 bytes (29.2%)
(RDMA_READ_CONSUME_CHECK_CONSUMER) timestamp=1607 ms, used_size=11976704 bytes (29.2%)
(RDMA_READ_CONSUME_CHECK_CONSUMER) timestamp=1607 ms, used_size=11974656 bytes (29.2%)
(RDMA_READ_CONSUME_CHECK_CONSUMER) timestamp=1607 ms, used_size=11972608 bytes (29.2%)
(RDMA_READ_CONSUME_CHECK_CONSUMER) timestamp=1607 ms, used_size=11970560 bytes (29.2%)
(RDMA_READ_CONSUME_CHECK_CONSUMER) timestamp=1607 ms, used_size=11968512 bytes (29.2%)
(RDMA_READ_CONSUME_CHECK_CONSUMER) timestamp=1607 ms, used_size=11966464 bytes (29.2%)
(RDMA_READ_CONSUME_CHECK_CONSUMER) timestamp=1607 ms, used_size=11964416 bytes (29.2%)
(RDMA_READ_CONSUME_CHECK_CONSUMER) timestamp=1607 ms, used_size=11962368 bytes (29.2%)
(RDMA_READ_CONSUME_CHECK_CONSUMER) timestamp=1607 ms, used_size=11960320 bytes (29.2%)
(RDMA_READ_CONSUME_CHECK_CONSUMER) timestamp=1607 ms, used_size=11958272 bytes (29.2%)
(RDMA_READ_CONSUME_CHECK_CONSUMER) timestamp=1607 ms, used_size=11956224 bytes (29.2%)
(RDMA_READ_CONSUME_CHECK_CONSUMER) timestamp=1607 ms, used_size=11954176 bytes (29.2%)
(RDMA_READ_CONSUME_CHECK_CONSUMER) timestamp=1607 ms, used_size=11952128 bytes (29.2%)
(RDMA_READ_CONSUME_CHECK_CONSUMER) timestamp=1607 ms, used_size=11950080 bytes (29.2%)
(RDMA_READ_CONSUME_CHECK_CONSUMER) timestamp=1607 ms, used_size=11948032 bytes (29.2%)
(RDMA_READ_CONSUME_CHECK_CONSUMER) timestamp=1607 ms, used_size=11945984 bytes (29.2%)
(RDMA_READ_CONSUME_CHECK_CONSUMER) timestamp=1607 ms, used_size=11943936 bytes (29.2%)
(RDMA_READ_CONSUME_CHECK_CONSUMER) timestamp=1607 ms, used_size=11941888 bytes (29.2%)
(RDMA_READ_CONSUME_CHECK_CONSUMER) timestamp=1607 ms, used_size=11939840 bytes (29.1%)
(RDMA_READ_CONSUME_CHECK_CONSUMER) timestamp=1607 ms, used_size=11937792 bytes (29.1%)
(RDMA_READ_CONSUME_CHECK_CONSUMER) timestamp=1607 ms, used_size=11935744 bytes (29.1%)
(RDMA_READ_CONSUME_CHECK_CONSUMER) timestamp=1607 ms, used_size=11933696 bytes (29.1%)
(RDMA_READ_CONSUME_CHECK_CONSUMER) timestamp=1607 ms, used_size=11931648 bytes (29.1%)
(RDMA_READ_CONSUME_CHECK_CONSUMER) timestamp=1607 ms, used_size=11929600 bytes (29.1%)
(RDMA_READ_CONSUME_CHECK_CONSUMER) timestamp=1607 ms, used_size=11927552 bytes (29.1%)
(RDMA_READ_CONSUME_CHECK_CONSUMER) timestamp=1607 ms, used_size=11925504 bytes (29.1%)
(RDMA_READ_CONSUME_CHECK_CONSUMER) timestamp=1607 ms, used_size=11923456 bytes (29.1%)
(RDMA_READ_CONSUME_CHECK_CONSUMER) timestamp=1607 ms, used_size=11921408 bytes (29.1%)
(RDMA_READ_CONSUME_CHECK_CONSUMER) timestamp=1607 ms, used_size=11919360 bytes (29.1%)
(RDMA_READ_CONSUME_CHECK_CONSUMER) timestamp=1607 ms, used_size=11917312 bytes (29.1%)
(RDMA_READ_CONSUME_CHECK_CONSUMER) timestamp=1607 ms, used_size=11915264 bytes (29.1%)
(RDMA_READ_CONSUME_CHECK_CONSUMER) timestamp=1607 ms, used_size=11913216 bytes (29.1%)
(RDMA_READ_CONSUME_CHECK_CONSUMER) timestamp=1607 ms, used_size=11911168 bytes (29.1%)
(RDMA_READ_CONSUME_CHECK_CONSUMER) timestamp=1607 ms, used_size=11909120 bytes (29.1%)
(RDMA_READ_CONSUME_CHECK_CONSUMER) timestamp=1607 ms, used_size=11907072 bytes (29.1%)
(RDMA_READ_CONSUME_CHECK_CONSUMER) timestamp=1607 ms, used_size=11905024 bytes (29.1%)
(RDMA_READ_CONSUME_CHECK_CONSUMER) timestamp=1607 ms, used_size=11902976 bytes (29.1%)
(RDMA_READ_CONSUME_CHECK_CONSUMER) timestamp=1607 ms, used_size=11900928 bytes (29.1%)
(RDMA_READ_CONSUME_CHECK_CONSUMER) timestamp=1607 ms, used_size=11898880 bytes (29.1%)
(RDMA_READ_CONSUME_CHECK_CONSUMER) timestamp=1607 ms, used_size=11896832 bytes (29.0%)
(RDMA_READ_CONSUME_CHECK_CONSUMER) timestamp=1607 ms, used_size=11894784 bytes (29.0%)
(RDMA_READ_CONSUME_CHECK_CONSUMER) timestamp=1607 ms, used_size=11892736 bytes (29.0%)
(RDMA_READ_CONSUME_CHECK_CONSUMER) timestamp=1607 ms, used_size=11890688 bytes (29.0%)
(RDMA_READ_CONSUME_CHECK_CONSUMER) timestamp=1607 ms, used_size=11888640 bytes (29.0%)
(RDMA_READ_CONSUME_CHECK_CONSUMER) timestamp=1607 ms, used_size=11886592 bytes (29.0%)
(RDMA_READ_CONSUME_CHECK_CONSUMER) timestamp=1607 ms, used_size=11884544 bytes (29.0%)
(RDMA_READ_CONSUME_CHECK_CONSUMER) timestamp=1607 ms, used_size=11882496 bytes (29.0%)
(RDMA_READ_CONSUME_CHECK_CONSUMER) timestamp=1607 ms, used_size=11880448 bytes (29.0%)
(RDMA_READ_CONSUME_CHECK_CONSUMER) timestamp=1607 ms, used_size=11878400 bytes (29.0%)
(RDMA_READ_CONSUME_CHECK_CONSUMER) timestamp=1607 ms, used_size=11876352 bytes (29.0%)
(RDMA_READ_CONSUME_CHECK_CONSUMER) timestamp=1607 ms, used_size=11874304 bytes (29.0%)
(RDMA_READ_CONSUME_CHECK_CONSUMER) timestamp=1607 ms, used_size=11872256 bytes (29.0%)
(RDMA_READ_CONSUME_CHECK_CONSUMER) timestamp=1607 ms, used_size=11870208 bytes (29.0%)
(RDMA_READ_CONSUME_CHECK_CONSUMER) timestamp=1607 ms, used_size=11868160 bytes (29.0%)
(RDMA_READ_CONSUME_CHECK_CONSUMER) timestamp=1607 ms, used_size=11866112 bytes (29.0%)
(RDMA_READ_CONSUME_CHECK_CONSUMER) timestamp=1607 ms, used_size=11864064 bytes (29.0%)
(RDMA_READ_CONSUME_CHECK_CONSUMER) timestamp=1607 ms, used_size=11862016 bytes (29.0%)
(RDMA_READ_CONSUME_CHECK_CONSUMER) timestamp=1607 ms, used_size=11859968 bytes (29.0%)
(RDMA_READ_CONSUME_CHECK_CONSUMER) timestamp=1607 ms, used_size=11857920 bytes (28.9%)
(RDMA_READ_CONSUME_CHECK_CONSUMER) timestamp=1607 ms, used_size=11855872 bytes (28.9%)
(RDMA_READ_CONSUME_CHECK_CONSUMER) timestamp=1607 ms, used_size=11853824 bytes (28.9%)
(RDMA_READ_CONSUME_CHECK_CONSUMER) timestamp=1607 ms, used_size=11851776 bytes (28.9%)
(RDMA_READ_CONSUME_CHECK_CONSUMER) timestamp=1607 ms, used_size=11849728 bytes (28.9%)
(RDMA_READ_CONSUME_CHECK_CONSUMER) timestamp=1607 ms, used_size=11847680 bytes (28.9%)
(RDMA_READ_CONSUME_CHECK_CONSUMER) timestamp=1607 ms, used_size=11845632 bytes (28.9%)
(RDMA_READ_CONSUME_CHECK_CONSUMER) timestamp=1607 ms, used_size=11843584 bytes (28.9%)
(RDMA_READ_CONSUME_CHECK_CONSUMER) timestamp=1607 ms, used_size=11841536 bytes (28.9%)
(RDMA_READ_CONSUME_CHECK_CONSUMER) timestamp=1607 ms, used_size=11839488 bytes (28.9%)
(RDMA_READ_CONSUME_CHECK_CONSUMER) timestamp=1607 ms, used_size=11837440 bytes (28.9%)
(RDMA_READ_CONSUME_CHECK_CONSUMER) timestamp=1607 ms, used_size=11835392 bytes (28.9%)
(RDMA_READ_CONSUME_CHECK_CONSUMER) timestamp=1607 ms, used_size=11833344 bytes (28.9%)
(RDMA_READ_CONSUME_CHECK_CONSUMER) timestamp=1607 ms, used_size=11831296 bytes (28.9%)
(RDMA_READ_CONSUME_CHECK_CONSUMER) timestamp=1607 ms, used_size=11829248 bytes (28.9%)
(RDMA_READ_CONSUME_CHECK_CONSUMER) timestamp=1607 ms, used_size=11827200 bytes (28.9%)
(RDMA_READ_CONSUME_CHECK_CONSUMER) timestamp=1607 ms, used_size=11825152 bytes (28.9%)
(RDMA_READ_CONSUME_CHECK_CONSUMER) timestamp=1607 ms, used_size=11823104 bytes (28.9%)
(RDMA_READ_CONSUME_CHECK_CONSUMER) timestamp=1607 ms, used_size=11821056 bytes (28.9%)
(RDMA_READ_CONSUME_CHECK_CONSUMER) timestamp=1607 ms, used_size=11819008 bytes (28.9%)
(RDMA_READ_CONSUME_CHECK_CONSUMER) timestamp=1607 ms, used_size=11816960 bytes (28.9%)
(RDMA_READ_CONSUME_CHECK_CONSUMER) timestamp=1607 ms, used_size=11814912 bytes (28.8%)
(RDMA_READ_CONSUME_CHECK_CONSUMER) timestamp=1607 ms, used_size=11812864 bytes (28.8%)
(RDMA_READ_CONSUME_CHECK_CONSUMER) timestamp=1607 ms, used_size=11810816 bytes (28.8%)
(RDMA_READ_CONSUME_CHECK_CONSUMER) timestamp=1607 ms, used_size=11808768 bytes (28.8%)
(RDMA_READ_CONSUME_CHECK_CONSUMER) timestamp=1607 ms, used_size=11806720 bytes (28.8%)
(RDMA_READ_CONSUME_CHECK_CONSUMER) timestamp=1607 ms, used_size=11804672 bytes (28.8%)
(RDMA_READ_CONSUME_CHECK_CONSUMER) timestamp=1607 ms, used_size=11802624 bytes (28.8%)
(RDMA_READ_CONSUME_CHECK_CONSUMER) timestamp=1607 ms, used_size=11800576 bytes (28.8%)
(RDMA_READ_CONSUME_CHECK_CONSUMER) timestamp=1607 ms, used_size=11798528 bytes (28.8%)
(RDMA_READ_CONSUME_CHECK_CONSUMER) timestamp=1607 ms, used_size=11796480 bytes (28.8%)
(RDMA_READ_CONSUME_CHECK_CONSUMER) timestamp=1607 ms, used_size=11794432 bytes (28.8%)
(RDMA_READ_CONSUME_CHECK_CONSUMER) timestamp=1607 ms, used_size=11792384 bytes (28.8%)
(RDMA_READ_CONSUME_CHECK_CONSUMER) timestamp=1607 ms, used_size=11790336 bytes (28.8%)
(RDMA_READ_CONSUME_CHECK_CONSUMER) timestamp=1607 ms, used_size=11788288 bytes (28.8%)
(RDMA_READ_CONSUME_CHECK_CONSUMER) timestamp=1607 ms, used_size=11786240 bytes (28.8%)
(RDMA_READ_CONSUME_CHECK_CONSUMER) timestamp=1607 ms, used_size=11784192 bytes (28.8%)
(RDMA_READ_CONSUME_CHECK_CONSUMER) timestamp=1607 ms, used_size=11782144 bytes (28.8%)
(RDMA_READ_CONSUME_CHECK_CONSUMER) timestamp=1607 ms, used_size=11780096 bytes (28.8%)
(RDMA_READ_CONSUME_CHECK_CONSUMER) timestamp=1607 ms, used_size=11778048 bytes (28.8%)
(RDMA_READ_CONSUME_CHECK_CONSUMER) timestamp=1607 ms, used_size=11776000 bytes (28.8%)
(RDMA_READ_CONSUME_CHECK_CONSUMER) timestamp=1607 ms, used_size=11773952 bytes (28.7%)
(RDMA_READ_CONSUME_CHECK_CONSUMER) timestamp=1607 ms, used_size=11771904 bytes (28.7%)
(RDMA_READ_CONSUME_CHECK_CONSUMER) timestamp=1607 ms, used_size=11769856 bytes (28.7%)
(RDMA_READ_CONSUME_CHECK_CONSUMER) timestamp=1607 ms, used_size=11767808 bytes (28.7%)
(RDMA_READ_CONSUME_CHECK_CONSUMER) timestamp=1607 ms, used_size=11765760 bytes (28.7%)
(RDMA_READ_CONSUME_CHECK_CONSUMER) timestamp=1607 ms, used_size=11763712 bytes (28.7%)
(RDMA_READ_CONSUME_CHECK_CONSUMER) timestamp=1607 ms, used_size=11761664 bytes (28.7%)
(RDMA_READ_CONSUME_CHECK_CONSUMER) timestamp=1607 ms, used_size=11759616 bytes (28.7%)
(RDMA_READ_CONSUME_CHECK_CONSUMER) timestamp=1607 ms, used_size=11757568 bytes (28.7%)
(RDMA_READ_CONSUME_CHECK_CONSUMER) timestamp=1607 ms, used_size=11755520 bytes (28.7%)
(RDMA_READ_CONSUME_CHECK_CONSUMER) timestamp=1607 ms, used_size=11753472 bytes (28.7%)
(RDMA_READ_CONSUME_CHECK_CONSUMER) timestamp=1607 ms, used_size=11751424 bytes (28.7%)
(RDMA_READ_CONSUME_CHECK_CONSUMER) timestamp=1607 ms, used_size=11749376 bytes (28.7%)
(RDMA_READ_CONSUME_CHECK_CONSUMER) timestamp=1607 ms, used_size=11747328 bytes (28.7%)
(RDMA_READ_CONSUME_CHECK_CONSUMER) timestamp=1607 ms, used_size=11745280 bytes (28.7%)
(RDMA_READ_CONSUME_CHECK_CONSUMER) timestamp=1607 ms, used_size=11743232 bytes (28.7%)
(RDMA_READ_CONSUME_CHECK_CONSUMER) timestamp=1607 ms, used_size=11741184 bytes (28.7%)
(RDMA_READ_CONSUME_CHECK_CONSUMER) timestamp=1607 ms, used_size=11739136 bytes (28.7%)
(RDMA_READ_CONSUME_CHECK_CONSUMER) timestamp=1607 ms, used_size=11737088 bytes (28.7%)
(RDMA_READ_CONSUME_CHECK_CONSUMER) timestamp=1607 ms, used_size=11735040 bytes (28.6%)
(RDMA_READ_CONSUME_CHECK_CONSUMER) timestamp=1607 ms, used_size=11732992 bytes (28.6%)
(RDMA_READ_CONSUME_CHECK_CONSUMER) timestamp=1607 ms, used_size=11730944 bytes (28.6%)
(RDMA_READ_CONSUME_CHECK_CONSUMER) timestamp=1607 ms, used_size=11728896 bytes (28.6%)
(RDMA_READ_CONSUME_CHECK_CONSUMER) timestamp=1607 ms, used_size=11726848 bytes (28.6%)
(RDMA_READ_CONSUME_CHECK_CONSUMER) timestamp=1607 ms, used_size=11724800 bytes (28.6%)
(RDMA_READ_CONSUME_CHECK_CONSUMER) timestamp=1607 ms, used_size=11722752 bytes (28.6%)
(RDMA_READ_CONSUME_CHECK_CONSUMER) timestamp=1607 ms, used_size=11720704 bytes (28.6%)
(RDMA_READ_CONSUME_CHECK_CONSUMER) timestamp=1607 ms, used_size=11718656 bytes (28.6%)
(RDMA_READ_CONSUME_CHECK_CONSUMER) timestamp=1607 ms, used_size=11716608 bytes (28.6%)
(RDMA_READ_CONSUME_CHECK_CONSUMER) timestamp=1607 ms, used_size=11714560 bytes (28.6%)
(RDMA_READ_CONSUME_CHECK_CONSUMER) timestamp=1607 ms, used_size=11712512 bytes (28.6%)
(RDMA_READ_CONSUME_CHECK_CONSUMER) timestamp=1607 ms, used_size=11710464 bytes (28.6%)
(RDMA_READ_CONSUME_CHECK_CONSUMER) timestamp=1607 ms, used_size=11708416 bytes (28.6%)
(RDMA_READ_CONSUME_CHECK_CONSUMER) timestamp=1607 ms, used_size=11706368 bytes (28.6%)
(RDMA_READ_CONSUME_CHECK_CONSUMER) timestamp=1607 ms, used_size=11704320 bytes (28.6%)
(RDMA_READ_CONSUME_CHECK_CONSUMER) timestamp=1607 ms, used_size=11702272 bytes (28.6%)
(RDMA_READ_CONSUME_CHECK_CONSUMER) timestamp=1607 ms, used_size=11700224 bytes (28.6%)
(RDMA_READ_CONSUME_CHECK_CONSUMER) timestamp=1607 ms, used_size=11698176 bytes (28.6%)
(RDMA_READ_CONSUME_CHECK_CONSUMER) timestamp=1607 ms, used_size=11696128 bytes (28.6%)
(RDMA_READ_CONSUME_CHECK_CONSUMER) timestamp=1607 ms, used_size=11694080 bytes (28.6%)
(RDMA_READ_CONSUME_CHECK_CONSUMER) timestamp=1607 ms, used_size=11692032 bytes (28.5%)
(RDMA_READ_CONSUME_CHECK_CONSUMER) timestamp=1607 ms, used_size=11689984 bytes (28.5%)
(RDMA_READ_CONSUME_CHECK_CONSUMER) timestamp=1607 ms, used_size=11687936 bytes (28.5%)
(RDMA_READ_CONSUME_CHECK_CONSUMER) timestamp=1607 ms, used_size=11685888 bytes (28.5%)
(RDMA_READ_CONSUME_CHECK_CONSUMER) timestamp=1607 ms, used_size=11683840 bytes (28.5%)
(RDMA_READ_CONSUME_CHECK_CONSUMER) timestamp=1607 ms, used_size=11681792 bytes (28.5%)
(RDMA_READ_CONSUME_CHECK_CONSUMER) timestamp=1607 ms, used_size=11679744 bytes (28.5%)
(RDMA_READ_CONSUME_CHECK_CONSUMER) timestamp=1607 ms, used_size=11677696 bytes (28.5%)
(RDMA_READ_CONSUME_CHECK_CONSUMER) timestamp=1607 ms, used_size=11675648 bytes (28.5%)
(RDMA_READ_CONSUME_CHECK_CONSUMER) timestamp=1607 ms, used_size=11673600 bytes (28.5%)
(RDMA_READ_CONSUME_CHECK_CONSUMER) timestamp=1607 ms, used_size=11671552 bytes (28.5%)
(RDMA_READ_CONSUME_CHECK_CONSUMER) timestamp=1607 ms, used_size=11669504 bytes (28.5%)
(RDMA_READ_CONSUME_CHECK_CONSUMER) timestamp=1607 ms, used_size=11667456 bytes (28.5%)
(RDMA_READ_CONSUME_CHECK_CONSUMER) timestamp=1607 ms, used_size=11665408 bytes (28.5%)
(RDMA_READ_CONSUME_CHECK_CONSUMER) timestamp=1607 ms, used_size=11663360 bytes (28.5%)
(RDMA_READ_CONSUME_CHECK_CONSUMER) timestamp=1607 ms, used_size=11661312 bytes (28.5%)
(RDMA_READ_CONSUME_CHECK_CONSUMER) timestamp=1607 ms, used_size=11659264 bytes (28.5%)
(RDMA_READ_CONSUME_CHECK_CONSUMER) timestamp=1607 ms, used_size=11657216 bytes (28.5%)
(RDMA_READ_CONSUME_CHECK_CONSUMER) timestamp=1607 ms, used_size=11655168 bytes (28.5%)
(RDMA_READ_CONSUME_CHECK_CONSUMER) timestamp=1607 ms, used_size=11653120 bytes (28.4%)
(RDMA_READ_CONSUME_CHECK_CONSUMER) timestamp=1607 ms, used_size=11651072 bytes (28.4%)
(RDMA_READ_CONSUME_CHECK_CONSUMER) timestamp=1607 ms, used_size=11649024 bytes (28.4%)
(RDMA_READ_CONSUME_CHECK_CONSUMER) timestamp=1607 ms, used_size=11646976 bytes (28.4%)
(RDMA_READ_CONSUME_CHECK_CONSUMER) timestamp=1607 ms, used_size=11644928 bytes (28.4%)
(RDMA_READ_CONSUME_CHECK_CONSUMER) timestamp=1607 ms, used_size=11642880 bytes (28.4%)
(RDMA_READ_CONSUME_CHECK_CONSUMER) timestamp=1607 ms, used_size=11640832 bytes (28.4%)
(RDMA_READ_CONSUME_CHECK_CONSUMER) timestamp=1607 ms, used_size=11638784 bytes (28.4%)
(RDMA_READ_CONSUME_CHECK_CONSUMER) timestamp=1607 ms, used_size=11636736 bytes (28.4%)
(RDMA_READ_CONSUME_CHECK_CONSUMER) timestamp=1607 ms, used_size=11634688 bytes (28.4%)
(RDMA_READ_CONSUME_CHECK_CONSUMER) timestamp=1607 ms, used_size=11632640 bytes (28.4%)
(RDMA_READ_CONSUME_CHECK_CONSUMER) timestamp=1607 ms, used_size=11630592 bytes (28.4%)
(RDMA_READ_CONSUME_CHECK_CONSUMER) timestamp=1607 ms, used_size=11628544 bytes (28.4%)
(RDMA_READ_CONSUME_CHECK_CONSUMER) timestamp=1607 ms, used_size=11626496 bytes (28.4%)
(RDMA_READ_CONSUME_CHECK_CONSUMER) timestamp=1607 ms, used_size=11624448 bytes (28.4%)
(RDMA_READ_CONSUME_CHECK_CONSUMER) timestamp=1607 ms, used_size=11622400 bytes (28.4%)
(RDMA_READ_CONSUME_CHECK_CONSUMER) timestamp=1607 ms, used_size=11620352 bytes (28.4%)
(RDMA_READ_CONSUME_CHECK_CONSUMER) timestamp=1607 ms, used_size=11618304 bytes (28.4%)
(RDMA_READ_CONSUME_CHECK_CONSUMER) timestamp=1607 ms, used_size=11616256 bytes (28.4%)
(RDMA_READ_CONSUME_CHECK_CONSUMER) timestamp=1607 ms, used_size=11614208 bytes (28.4%)
(RDMA_READ_CONSUME_CHECK_CONSUMER) timestamp=1607 ms, used_size=11612160 bytes (28.4%)
(RDMA_READ_CONSUME_CHECK_CONSUMER) timestamp=1607 ms, used_size=11610112 bytes (28.3%)
(RDMA_READ_CONSUME_CHECK_CONSUMER) timestamp=1607 ms, used_size=11608064 bytes (28.3%)
(RDMA_READ_CONSUME_CHECK_CONSUMER) timestamp=1608 ms, used_size=11606016 bytes (28.3%)
(RDMA_READ_CONSUME_CHECK_CONSUMER) timestamp=1608 ms, used_size=11603968 bytes (28.3%)
(RDMA_READ_CONSUME_CHECK_CONSUMER) timestamp=1608 ms, used_size=11601920 bytes (28.3%)
(RDMA_READ_CONSUME_CHECK_CONSUMER) timestamp=1608 ms, used_size=11599872 bytes (28.3%)
(RDMA_READ_CONSUME_CHECK_CONSUMER) timestamp=1608 ms, used_size=11597824 bytes (28.3%)
(RDMA_READ_CONSUME_CHECK_CONSUMER) timestamp=1608 ms, used_size=11595776 bytes (28.3%)
(RDMA_READ_CONSUME_CHECK_CONSUMER) timestamp=1608 ms, used_size=11593728 bytes (28.3%)
(RDMA_READ_CONSUME_CHECK_CONSUMER) timestamp=1608 ms, used_size=11591680 bytes (28.3%)
(RDMA_READ_CONSUME_CHECK_CONSUMER) timestamp=1608 ms, used_size=11589632 bytes (28.3%)
(RDMA_READ_CONSUME_CHECK_CONSUMER) timestamp=1608 ms, used_size=11587584 bytes (28.3%)
(RDMA_READ_CONSUME_CHECK_CONSUMER) timestamp=1608 ms, used_size=11585536 bytes (28.3%)
(RDMA_READ_CONSUME_CHECK_CONSUMER) timestamp=1608 ms, used_size=11583488 bytes (28.3%)
(RDMA_READ_CONSUME_CHECK_CONSUMER) timestamp=1608 ms, used_size=11581440 bytes (28.3%)
(RDMA_READ_CONSUME_CHECK_CONSUMER) timestamp=1608 ms, used_size=11579392 bytes (28.3%)
(RDMA_READ_CONSUME_CHECK_CONSUMER) timestamp=1608 ms, used_size=11577344 bytes (28.3%)
(RDMA_READ_CONSUME_CHECK_CONSUMER) timestamp=1608 ms, used_size=11575296 bytes (28.3%)
(RDMA_READ_CONSUME_CHECK_CONSUMER) timestamp=1608 ms, used_size=11573248 bytes (28.3%)
(RDMA_READ_CONSUME_CHECK_CONSUMER) timestamp=1608 ms, used_size=11571200 bytes (28.2%)
(RDMA_READ_CONSUME_CHECK_CONSUMER) timestamp=1608 ms, used_size=11569152 bytes (28.2%)
(RDMA_READ_CONSUME_CHECK_CONSUMER) timestamp=1608 ms, used_size=11567104 bytes (28.2%)
(RDMA_READ_CONSUME_CHECK_CONSUMER) timestamp=1608 ms, used_size=11565056 bytes (28.2%)
(RDMA_READ_CONSUME_CHECK_CONSUMER) timestamp=1608 ms, used_size=11563008 bytes (28.2%)
(RDMA_READ_CONSUME_CHECK_CONSUMER) timestamp=1608 ms, used_size=11560960 bytes (28.2%)
(RDMA_READ_CONSUME_CHECK_CONSUMER) timestamp=1608 ms, used_size=11558912 bytes (28.2%)
(RDMA_READ_CONSUME_CHECK_CONSUMER) timestamp=1608 ms, used_size=11556864 bytes (28.2%)
(RDMA_READ_CONSUME_CHECK_CONSUMER) timestamp=1608 ms, used_size=11554816 bytes (28.2%)
(RDMA_READ_CONSUME_CHECK_CONSUMER) timestamp=1608 ms, used_size=11552768 bytes (28.2%)
(RDMA_READ_CONSUME_CHECK_CONSUMER) timestamp=1608 ms, used_size=11550720 bytes (28.2%)
(RDMA_READ_CONSUME_CHECK_CONSUMER) timestamp=1608 ms, used_size=11548672 bytes (28.2%)
(RDMA_READ_CONSUME_CHECK_CONSUMER) timestamp=1608 ms, used_size=11546624 bytes (28.2%)
(RDMA_READ_CONSUME_CHECK_CONSUMER) timestamp=1608 ms, used_size=11544576 bytes (28.2%)
(RDMA_READ_CONSUME_CHECK_CONSUMER) timestamp=1608 ms, used_size=11542528 bytes (28.2%)
(RDMA_READ_CONSUME_CHECK_CONSUMER) timestamp=1608 ms, used_size=11540480 bytes (28.2%)
(RDMA_READ_CONSUME_CHECK_CONSUMER) timestamp=1608 ms, used_size=11538432 bytes (28.2%)
(RDMA_READ_CONSUME_CHECK_CONSUMER) timestamp=1608 ms, used_size=11536384 bytes (28.2%)
(RDMA_READ_CONSUME_CHECK_CONSUMER) timestamp=1608 ms, used_size=11534336 bytes (28.2%)
(RDMA_READ_CONSUME_CHECK_CONSUMER) timestamp=1608 ms, used_size=11532288 bytes (28.2%)
(RDMA_READ_CONSUME_CHECK_CONSUMER) timestamp=1608 ms, used_size=11530240 bytes (28.1%)
(RDMA_READ_CONSUME_CHECK_CONSUMER) timestamp=1608 ms, used_size=11528192 bytes (28.1%)
(RDMA_READ_CONSUME_CHECK_CONSUMER) timestamp=1608 ms, used_size=11526144 bytes (28.1%)
(RDMA_READ_CONSUME_CHECK_CONSUMER) timestamp=1608 ms, used_size=11524096 bytes (28.1%)
(RDMA_READ_CONSUME_CHECK_CONSUMER) timestamp=1608 ms, used_size=11522048 bytes (28.1%)
(RDMA_READ_CONSUME_CHECK_CONSUMER) timestamp=1608 ms, used_size=11520000 bytes (28.1%)
(RDMA_READ_CONSUME_CHECK_CONSUMER) timestamp=1608 ms, used_size=11517952 bytes (28.1%)
(RDMA_READ_CONSUME_CHECK_CONSUMER) timestamp=1608 ms, used_size=11515904 bytes (28.1%)
(RDMA_READ_CONSUME_CHECK_CONSUMER) timestamp=1608 ms, used_size=11513856 bytes (28.1%)
(RDMA_READ_CONSUME_CHECK_CONSUMER) timestamp=1608 ms, used_size=11511808 bytes (28.1%)
(RDMA_READ_CONSUME_CHECK_CONSUMER) timestamp=1608 ms, used_size=11509760 bytes (28.1%)
(RDMA_READ_CONSUME_CHECK_CONSUMER) timestamp=1608 ms, used_size=11507712 bytes (28.1%)
(RDMA_READ_CONSUME_CHECK_CONSUMER) timestamp=1608 ms, used_size=11505664 bytes (28.1%)
(RDMA_READ_CONSUME_CHECK_CONSUMER) timestamp=1608 ms, used_size=11503616 bytes (28.1%)
(RDMA_READ_CONSUME_CHECK_CONSUMER) timestamp=1608 ms, used_size=11501568 bytes (28.1%)
(RDMA_READ_CONSUME_CHECK_CONSUMER) timestamp=1608 ms, used_size=11499520 bytes (28.1%)
(RDMA_READ_CONSUME_CHECK_CONSUMER) timestamp=1608 ms, used_size=11497472 bytes (28.1%)
(RDMA_READ_CONSUME_CHECK_CONSUMER) timestamp=1608 ms, used_size=11495424 bytes (28.1%)
(RDMA_READ_CONSUME_CHECK_CONSUMER) timestamp=1608 ms, used_size=11493376 bytes (28.1%)
(RDMA_READ_CONSUME_CHECK_CONSUMER) timestamp=1608 ms, used_size=11491328 bytes (28.1%)
(RDMA_READ_CONSUME_CHECK_CONSUMER) timestamp=1608 ms, used_size=11489280 bytes (28.1%)
(RDMA_READ_CONSUME_CHECK_CONSUMER) timestamp=1608 ms, used_size=11487232 bytes (28.0%)
(RDMA_READ_CONSUME_CHECK_CONSUMER) timestamp=1608 ms, used_size=11485184 bytes (28.0%)
(RDMA_READ_CONSUME_CHECK_CONSUMER) timestamp=1608 ms, used_size=11483136 bytes (28.0%)
(RDMA_READ_CONSUME_CHECK_CONSUMER) timestamp=1608 ms, used_size=11481088 bytes (28.0%)
(RDMA_READ_CONSUME_CHECK_CONSUMER) timestamp=1608 ms, used_size=11479040 bytes (28.0%)
(RDMA_READ_CONSUME_CHECK_CONSUMER) timestamp=1608 ms, used_size=11476992 bytes (28.0%)
(RDMA_READ_CONSUME_CHECK_CONSUMER) timestamp=1608 ms, used_size=11474944 bytes (28.0%)
(RDMA_READ_CONSUME_CHECK_CONSUMER) timestamp=1608 ms, used_size=11472896 bytes (28.0%)
(RDMA_READ_CONSUME_CHECK_CONSUMER) timestamp=1608 ms, used_size=11470848 bytes (28.0%)
(RDMA_READ_CONSUME_CHECK_CONSUMER) timestamp=1608 ms, used_size=11468800 bytes (28.0%)
(RDMA_READ_CONSUME_CHECK_CONSUMER) timestamp=1608 ms, used_size=11466752 bytes (28.0%)
(RDMA_READ_CONSUME_CHECK_CONSUMER) timestamp=1608 ms, used_size=11464704 bytes (28.0%)
(RDMA_READ_CONSUME_CHECK_CONSUMER) timestamp=1608 ms, used_size=11462656 bytes (28.0%)
(RDMA_READ_CONSUME_CHECK_CONSUMER) timestamp=1608 ms, used_size=11460608 bytes (28.0%)
(RDMA_READ_CONSUME_CHECK_CONSUMER) timestamp=1608 ms, used_size=11458560 bytes (28.0%)
(RDMA_READ_CONSUME_CHECK_CONSUMER) timestamp=1608 ms, used_size=11456512 bytes (28.0%)
(RDMA_READ_CONSUME_CHECK_CONSUMER) timestamp=1608 ms, used_size=11454464 bytes (28.0%)
(RDMA_READ_CONSUME_CHECK_CONSUMER) timestamp=1608 ms, used_size=11452416 bytes (28.0%)
(RDMA_READ_CONSUME_CHECK_CONSUMER) timestamp=1608 ms, used_size=11450368 bytes (28.0%)
(RDMA_READ_CONSUME_CHECK_CONSUMER) timestamp=1608 ms, used_size=11448320 bytes (27.9%)
(RDMA_READ_CONSUME_CHECK_CONSUMER) timestamp=1608 ms, used_size=11446272 bytes (27.9%)
(RDMA_READ_CONSUME_CHECK_CONSUMER) timestamp=1608 ms, used_size=11444224 bytes (27.9%)
(RDMA_READ_CONSUME_CHECK_CONSUMER) timestamp=1608 ms, used_size=11442176 bytes (27.9%)
(RDMA_READ_CONSUME_CHECK_CONSUMER) timestamp=1608 ms, used_size=11440128 bytes (27.9%)
(RDMA_READ_CONSUME_CHECK_CONSUMER) timestamp=1608 ms, used_size=11438080 bytes (27.9%)
(RDMA_READ_CONSUME_CHECK_CONSUMER) timestamp=1608 ms, used_size=11436032 bytes (27.9%)
(RDMA_READ_CONSUME_CHECK_CONSUMER) timestamp=1608 ms, used_size=11433984 bytes (27.9%)
(RDMA_READ_CONSUME_CHECK_CONSUMER) timestamp=1608 ms, used_size=11431936 bytes (27.9%)
(RDMA_READ_CONSUME_CHECK_CONSUMER) timestamp=1608 ms, used_size=11429888 bytes (27.9%)
(RDMA_READ_CONSUME_CHECK_CONSUMER) timestamp=1608 ms, used_size=11427840 bytes (27.9%)
(RDMA_READ_CONSUME_CHECK_CONSUMER) timestamp=1608 ms, used_size=11425792 bytes (27.9%)
(RDMA_READ_CONSUME_CHECK_CONSUMER) timestamp=1608 ms, used_size=11423744 bytes (27.9%)
(RDMA_READ_CONSUME_CHECK_CONSUMER) timestamp=1608 ms, used_size=11421696 bytes (27.9%)
(RDMA_READ_CONSUME_CHECK_CONSUMER) timestamp=1608 ms, used_size=11419648 bytes (27.9%)
(RDMA_READ_CONSUME_CHECK_CONSUMER) timestamp=1608 ms, used_size=11417600 bytes (27.9%)
(RDMA_READ_CONSUME_CHECK_CONSUMER) timestamp=1608 ms, used_size=11415552 bytes (27.9%)
(RDMA_READ_CONSUME_CHECK_CONSUMER) timestamp=1608 ms, used_size=11413504 bytes (27.9%)
(RDMA_READ_CONSUME_CHECK_CONSUMER) timestamp=1608 ms, used_size=11411456 bytes (27.9%)
(RDMA_READ_CONSUME_CHECK_CONSUMER) timestamp=1608 ms, used_size=11409408 bytes (27.9%)
(RDMA_READ_CONSUME_CHECK_CONSUMER) timestamp=1608 ms, used_size=11407360 bytes (27.9%)
(RDMA_READ_CONSUME_CHECK_CONSUMER) timestamp=1608 ms, used_size=11405312 bytes (27.8%)
(RDMA_READ_CONSUME_CHECK_CONSUMER) timestamp=1608 ms, used_size=11403264 bytes (27.8%)
(RDMA_READ_CONSUME_CHECK_CONSUMER) timestamp=1608 ms, used_size=11401216 bytes (27.8%)
(RDMA_READ_CONSUME_CHECK_CONSUMER) timestamp=1608 ms, used_size=11399168 bytes (27.8%)
(RDMA_READ_CONSUME_CHECK_CONSUMER) timestamp=1608 ms, used_size=11397120 bytes (27.8%)
(RDMA_READ_CONSUME_CHECK_CONSUMER) timestamp=1608 ms, used_size=11395072 bytes (27.8%)
(RDMA_READ_CONSUME_CHECK_CONSUMER) timestamp=1608 ms, used_size=11393024 bytes (27.8%)
(RDMA_READ_CONSUME_CHECK_CONSUMER) timestamp=1608 ms, used_size=11390976 bytes (27.8%)
(RDMA_READ_CONSUME_CHECK_CONSUMER) timestamp=1608 ms, used_size=11388928 bytes (27.8%)
(RDMA_READ_CONSUME_CHECK_CONSUMER) timestamp=1608 ms, used_size=11386880 bytes (27.8%)
(RDMA_READ_CONSUME_CHECK_CONSUMER) timestamp=1608 ms, used_size=11384832 bytes (27.8%)
(RDMA_READ_CONSUME_CHECK_CONSUMER) timestamp=1608 ms, used_size=11382784 bytes (27.8%)
(RDMA_READ_CONSUME_CHECK_CONSUMER) timestamp=1608 ms, used_size=11380736 bytes (27.8%)
(RDMA_READ_CONSUME_CHECK_CONSUMER) timestamp=1608 ms, used_size=11378688 bytes (27.8%)
(RDMA_READ_CONSUME_CHECK_CONSUMER) timestamp=1608 ms, used_size=11376640 bytes (27.8%)
(RDMA_READ_CONSUME_CHECK_CONSUMER) timestamp=1608 ms, used_size=11374592 bytes (27.8%)
(RDMA_READ_CONSUME_CHECK_CONSUMER) timestamp=1608 ms, used_size=11372544 bytes (27.8%)
(RDMA_READ_CONSUME_CHECK_CONSUMER) timestamp=1608 ms, used_size=11370496 bytes (27.8%)
(RDMA_READ_CONSUME_CHECK_CONSUMER) timestamp=1608 ms, used_size=11368448 bytes (27.8%)
(RDMA_READ_CONSUME_CHECK_CONSUMER) timestamp=1608 ms, used_size=11366400 bytes (27.8%)
(RDMA_READ_CONSUME_CHECK_CONSUMER) timestamp=1608 ms, used_size=11364352 bytes (27.7%)
(RDMA_READ_CONSUME_CHECK_CONSUMER) timestamp=1608 ms, used_size=11362304 bytes (27.7%)
(RDMA_READ_CONSUME_CHECK_CONSUMER) timestamp=1608 ms, used_size=11360256 bytes (27.7%)
(RDMA_READ_CONSUME_CHECK_CONSUMER) timestamp=1608 ms, used_size=11358208 bytes (27.7%)
(RDMA_READ_CONSUME_CHECK_CONSUMER) timestamp=1608 ms, used_size=11356160 bytes (27.7%)
(RDMA_READ_CONSUME_CHECK_CONSUMER) timestamp=1608 ms, used_size=11354112 bytes (27.7%)
(RDMA_READ_CONSUME_CHECK_CONSUMER) timestamp=1608 ms, used_size=11352064 bytes (27.7%)
(RDMA_READ_CONSUME_CHECK_CONSUMER) timestamp=1608 ms, used_size=11350016 bytes (27.7%)
(RDMA_READ_CONSUME_CHECK_CONSUMER) timestamp=1608 ms, used_size=11347968 bytes (27.7%)
(RDMA_READ_CONSUME_CHECK_CONSUMER) timestamp=1608 ms, used_size=11345920 bytes (27.7%)
(RDMA_READ_CONSUME_CHECK_CONSUMER) timestamp=1608 ms, used_size=11343872 bytes (27.7%)
(RDMA_READ_CONSUME_CHECK_CONSUMER) timestamp=1608 ms, used_size=11341824 bytes (27.7%)
(RDMA_READ_CONSUME_CHECK_CONSUMER) timestamp=1608 ms, used_size=11339776 bytes (27.7%)
(RDMA_READ_CONSUME_CHECK_CONSUMER) timestamp=1608 ms, used_size=11337728 bytes (27.7%)
(RDMA_READ_CONSUME_CHECK_CONSUMER) timestamp=1608 ms, used_size=11335680 bytes (27.7%)
(RDMA_READ_CONSUME_CHECK_CONSUMER) timestamp=1608 ms, used_size=11333632 bytes (27.7%)
(RDMA_READ_CONSUME_CHECK_CONSUMER) timestamp=1608 ms, used_size=11331584 bytes (27.7%)
(RDMA_READ_CONSUME_CHECK_CONSUMER) timestamp=1608 ms, used_size=11329536 bytes (27.7%)
(RDMA_READ_CONSUME_CHECK_CONSUMER) timestamp=1608 ms, used_size=11327488 bytes (27.7%)
(RDMA_READ_CONSUME_CHECK_CONSUMER) timestamp=1608 ms, used_size=11325440 bytes (27.6%)
(RDMA_READ_CONSUME_CHECK_CONSUMER) timestamp=1608 ms, used_size=11323392 bytes (27.6%)
(RDMA_READ_CONSUME_CHECK_CONSUMER) timestamp=1608 ms, used_size=11321344 bytes (27.6%)
(RDMA_READ_CONSUME_CHECK_CONSUMER) timestamp=1608 ms, used_size=11319296 bytes (27.6%)
(RDMA_READ_CONSUME_CHECK_CONSUMER) timestamp=1608 ms, used_size=11317248 bytes (27.6%)
(RDMA_READ_CONSUME_CHECK_CONSUMER) timestamp=1608 ms, used_size=11315200 bytes (27.6%)
(RDMA_READ_CONSUME_CHECK_CONSUMER) timestamp=1608 ms, used_size=11313152 bytes (27.6%)
(RDMA_READ_CONSUME_CHECK_CONSUMER) timestamp=1608 ms, used_size=11311104 bytes (27.6%)
(RDMA_READ_CONSUME_CHECK_CONSUMER) timestamp=1608 ms, used_size=11309056 bytes (27.6%)
(RDMA_READ_CONSUME_CHECK_CONSUMER) timestamp=1608 ms, used_size=11307008 bytes (27.6%)
(RDMA_READ_CONSUME_CHECK_CONSUMER) timestamp=1608 ms, used_size=11304960 bytes (27.6%)
(RDMA_READ_CONSUME_CHECK_CONSUMER) timestamp=1608 ms, used_size=11302912 bytes (27.6%)
(RDMA_READ_CONSUME_CHECK_CONSUMER) timestamp=1608 ms, used_size=11300864 bytes (27.6%)
(RDMA_READ_CONSUME_CHECK_CONSUMER) timestamp=1608 ms, used_size=11298816 bytes (27.6%)
(RDMA_READ_CONSUME_CHECK_CONSUMER) timestamp=1608 ms, used_size=11296768 bytes (27.6%)
(RDMA_READ_CONSUME_CHECK_CONSUMER) timestamp=1608 ms, used_size=11294720 bytes (27.6%)
(RDMA_READ_CONSUME_CHECK_CONSUMER) timestamp=1608 ms, used_size=11292672 bytes (27.6%)
(RDMA_READ_CONSUME_CHECK_CONSUMER) timestamp=1608 ms, used_size=11290624 bytes (27.6%)
(RDMA_READ_CONSUME_CHECK_CONSUMER) timestamp=1608 ms, used_size=11288576 bytes (27.6%)
(RDMA_READ_CONSUME_CHECK_CONSUMER) timestamp=1608 ms, used_size=11286528 bytes (27.6%)
(RDMA_READ_CONSUME_CHECK_CONSUMER) timestamp=1608 ms, used_size=11284480 bytes (27.6%)
(RDMA_READ_CONSUME_CHECK_CONSUMER) timestamp=1608 ms, used_size=11282432 bytes (27.5%)
(RDMA_READ_CONSUME_CHECK_CONSUMER) timestamp=1608 ms, used_size=11280384 bytes (27.5%)
(RDMA_READ_CONSUME_CHECK_CONSUMER) timestamp=1608 ms, used_size=11278336 bytes (27.5%)
(RDMA_READ_CONSUME_CHECK_CONSUMER) timestamp=1608 ms, used_size=11276288 bytes (27.5%)
(RDMA_READ_CONSUME_CHECK_CONSUMER) timestamp=1608 ms, used_size=11274240 bytes (27.5%)
(RDMA_READ_CONSUME_CHECK_CONSUMER) timestamp=1608 ms, used_size=11272192 bytes (27.5%)
(RDMA_READ_CONSUME_CHECK_CONSUMER) timestamp=1608 ms, used_size=11270144 bytes (27.5%)
(RDMA_READ_CONSUME_CHECK_CONSUMER) timestamp=1608 ms, used_size=11268096 bytes (27.5%)
(RDMA_READ_CONSUME_CHECK_CONSUMER) timestamp=1608 ms, used_size=11266048 bytes (27.5%)
(RDMA_READ_CONSUME_CHECK_CONSUMER) timestamp=1608 ms, used_size=11264000 bytes (27.5%)
(RDMA_READ_CONSUME_CHECK_CONSUMER) timestamp=1608 ms, used_size=11261952 bytes (27.5%)
(RDMA_READ_CONSUME_CHECK_CONSUMER) timestamp=1608 ms, used_size=11259904 bytes (27.5%)
(RDMA_READ_CONSUME_CHECK_CONSUMER) timestamp=1608 ms, used_size=11257856 bytes (27.5%)
(RDMA_READ_CONSUME_CHECK_CONSUMER) timestamp=1608 ms, used_size=11255808 bytes (27.5%)
(RDMA_READ_CONSUME_CHECK_CONSUMER) timestamp=1608 ms, used_size=11253760 bytes (27.5%)
(RDMA_READ_CONSUME_CHECK_CONSUMER) timestamp=1608 ms, used_size=11251712 bytes (27.5%)
(RDMA_READ_CONSUME_CHECK_CONSUMER) timestamp=1608 ms, used_size=11249664 bytes (27.5%)
(RDMA_READ_CONSUME_CHECK_CONSUMER) timestamp=1608 ms, used_size=11247616 bytes (27.5%)
(RDMA_READ_CONSUME_CHECK_CONSUMER) timestamp=1608 ms, used_size=11245568 bytes (27.5%)
(RDMA_READ_CONSUME_CHECK_CONSUMER) timestamp=1608 ms, used_size=11243520 bytes (27.4%)
(RDMA_READ_CONSUME_CHECK_CONSUMER) timestamp=1608 ms, used_size=11241472 bytes (27.4%)
(RDMA_READ_CONSUME_CHECK_CONSUMER) timestamp=1608 ms, used_size=11239424 bytes (27.4%)
(RDMA_READ_CONSUME_CHECK_CONSUMER) timestamp=1609 ms, used_size=11237376 bytes (27.4%)
(RDMA_READ_CONSUME_CHECK_CONSUMER) timestamp=1609 ms, used_size=11235328 bytes (27.4%)
(RDMA_READ_CONSUME_CHECK_CONSUMER) timestamp=1609 ms, used_size=11233280 bytes (27.4%)
(RDMA_READ_CONSUME_CHECK_CONSUMER) timestamp=1609 ms, used_size=11231232 bytes (27.4%)
(RDMA_READ_CONSUME_CHECK_CONSUMER) timestamp=1609 ms, used_size=11229184 bytes (27.4%)
(RDMA_READ_CONSUME_CHECK_CONSUMER) timestamp=1609 ms, used_size=11227136 bytes (27.4%)
(RDMA_READ_CONSUME_CHECK_CONSUMER) timestamp=1609 ms, used_size=11225088 bytes (27.4%)
(RDMA_READ_CONSUME_CHECK_CONSUMER) timestamp=1609 ms, used_size=11223040 bytes (27.4%)
(RDMA_READ_CONSUME_CHECK_CONSUMER) timestamp=1609 ms, used_size=11220992 bytes (27.4%)
(RDMA_READ_CONSUME_CHECK_CONSUMER) timestamp=1609 ms, used_size=11218944 bytes (27.4%)
(RDMA_READ_CONSUME_CHECK_CONSUMER) timestamp=1609 ms, used_size=11216896 bytes (27.4%)
(RDMA_READ_CONSUME_CHECK_CONSUMER) timestamp=1609 ms, used_size=11214848 bytes (27.4%)
(RDMA_READ_CONSUME_CHECK_CONSUMER) timestamp=1609 ms, used_size=11212800 bytes (27.4%)
(RDMA_READ_CONSUME_CHECK_CONSUMER) timestamp=1609 ms, used_size=11210752 bytes (27.4%)
(RDMA_READ_CONSUME_CHECK_CONSUMER) timestamp=1609 ms, used_size=11208704 bytes (27.4%)
(RDMA_READ_CONSUME_CHECK_CONSUMER) timestamp=1609 ms, used_size=11206656 bytes (27.4%)
(RDMA_READ_CONSUME_CHECK_CONSUMER) timestamp=1609 ms, used_size=11204608 bytes (27.4%)
(RDMA_READ_CONSUME_CHECK_CONSUMER) timestamp=1609 ms, used_size=11202560 bytes (27.4%)
(RDMA_READ_CONSUME_CHECK_CONSUMER) timestamp=1609 ms, used_size=11200512 bytes (27.3%)
(RDMA_READ_CONSUME_CHECK_CONSUMER) timestamp=1609 ms, used_size=11198464 bytes (27.3%)
(RDMA_READ_CONSUME_CHECK_CONSUMER) timestamp=1609 ms, used_size=11196416 bytes (27.3%)
(RDMA_READ_CONSUME_CHECK_CONSUMER) timestamp=1609 ms, used_size=11194368 bytes (27.3%)
(RDMA_READ_CONSUME_CHECK_CONSUMER) timestamp=1609 ms, used_size=11192320 bytes (27.3%)
(RDMA_READ_CONSUME_CHECK_CONSUMER) timestamp=1609 ms, used_size=11190272 bytes (27.3%)
(RDMA_READ_CONSUME_CHECK_CONSUMER) timestamp=1609 ms, used_size=11188224 bytes (27.3%)
(RDMA_READ_CONSUME_CHECK_CONSUMER) timestamp=1609 ms, used_size=11186176 bytes (27.3%)
(RDMA_READ_CONSUME_CHECK_CONSUMER) timestamp=1609 ms, used_size=11184128 bytes (27.3%)
(RDMA_READ_CONSUME_CHECK_CONSUMER) timestamp=1609 ms, used_size=11182080 bytes (27.3%)
(RDMA_READ_CONSUME_CHECK_CONSUMER) timestamp=1609 ms, used_size=11180032 bytes (27.3%)
(RDMA_READ_CONSUME_CHECK_CONSUMER) timestamp=1609 ms, used_size=11177984 bytes (27.3%)
(RDMA_READ_CONSUME_CHECK_CONSUMER) timestamp=1609 ms, used_size=11175936 bytes (27.3%)
(RDMA_READ_CONSUME_CHECK_CONSUMER) timestamp=1609 ms, used_size=11173888 bytes (27.3%)
(RDMA_READ_CONSUME_CHECK_CONSUMER) timestamp=1609 ms, used_size=11171840 bytes (27.3%)
(RDMA_READ_CONSUME_CHECK_CONSUMER) timestamp=1609 ms, used_size=11169792 bytes (27.3%)
(RDMA_READ_CONSUME_CHECK_CONSUMER) timestamp=1609 ms, used_size=11167744 bytes (27.3%)
(RDMA_READ_CONSUME_CHECK_CONSUMER) timestamp=1609 ms, used_size=11165696 bytes (27.3%)
(RDMA_READ_CONSUME_CHECK_CONSUMER) timestamp=1609 ms, used_size=11163648 bytes (27.3%)
(RDMA_READ_CONSUME_CHECK_CONSUMER) timestamp=1609 ms, used_size=11161600 bytes (27.2%)
(RDMA_READ_CONSUME_CHECK_CONSUMER) timestamp=1609 ms, used_size=11159552 bytes (27.2%)
(RDMA_READ_CONSUME_CHECK_CONSUMER) timestamp=1609 ms, used_size=11157504 bytes (27.2%)
(RDMA_READ_CONSUME_CHECK_CONSUMER) timestamp=1609 ms, used_size=11155456 bytes (27.2%)
(RDMA_READ_CONSUME_CHECK_CONSUMER) timestamp=1609 ms, used_size=11153408 bytes (27.2%)
(RDMA_READ_CONSUME_CHECK_CONSUMER) timestamp=1609 ms, used_size=11151360 bytes (27.2%)
(RDMA_READ_CONSUME_CHECK_CONSUMER) timestamp=1609 ms, used_size=11149312 bytes (27.2%)
(RDMA_READ_CONSUME_CHECK_CONSUMER) timestamp=1609 ms, used_size=11147264 bytes (27.2%)
(RDMA_READ_CONSUME_CHECK_CONSUMER) timestamp=1609 ms, used_size=11145216 bytes (27.2%)
(RDMA_READ_CONSUME_CHECK_CONSUMER) timestamp=1609 ms, used_size=11143168 bytes (27.2%)
(RDMA_READ_CONSUME_CHECK_CONSUMER) timestamp=1609 ms, used_size=11141120 bytes (27.2%)
(RDMA_READ_CONSUME_CHECK_CONSUMER) timestamp=1609 ms, used_size=11139072 bytes (27.2%)
(RDMA_READ_CONSUME_CHECK_CONSUMER) timestamp=1609 ms, used_size=11137024 bytes (27.2%)
(RDMA_READ_CONSUME_CHECK_CONSUMER) timestamp=1609 ms, used_size=11134976 bytes (27.2%)
(RDMA_READ_CONSUME_CHECK_CONSUMER) timestamp=1609 ms, used_size=11132928 bytes (27.2%)
(RDMA_READ_CONSUME_CHECK_CONSUMER) timestamp=1609 ms, used_size=11130880 bytes (27.2%)
(RDMA_READ_CONSUME_CHECK_CONSUMER) timestamp=1609 ms, used_size=11128832 bytes (27.2%)
(RDMA_READ_CONSUME_CHECK_CONSUMER) timestamp=1609 ms, used_size=11126784 bytes (27.2%)
(RDMA_READ_CONSUME_CHECK_CONSUMER) timestamp=1609 ms, used_size=11124736 bytes (27.2%)
(RDMA_READ_CONSUME_CHECK_CONSUMER) timestamp=1609 ms, used_size=11122688 bytes (27.2%)
(RDMA_READ_CONSUME_CHECK_CONSUMER) timestamp=1609 ms, used_size=11120640 bytes (27.1%)
(RDMA_READ_CONSUME_CHECK_CONSUMER) timestamp=1609 ms, used_size=11118592 bytes (27.1%)
(RDMA_READ_CONSUME_CHECK_CONSUMER) timestamp=1609 ms, used_size=11116544 bytes (27.1%)
(RDMA_READ_CONSUME_CHECK_CONSUMER) timestamp=1609 ms, used_size=11114496 bytes (27.1%)
(RDMA_READ_CONSUME_CHECK_CONSUMER) timestamp=1609 ms, used_size=11112448 bytes (27.1%)
(RDMA_READ_CONSUME_CHECK_CONSUMER) timestamp=1609 ms, used_size=11110400 bytes (27.1%)
(RDMA_READ_CONSUME_CHECK_CONSUMER) timestamp=1609 ms, used_size=11108352 bytes (27.1%)
(RDMA_READ_CONSUME_CHECK_CONSUMER) timestamp=1609 ms, used_size=11106304 bytes (27.1%)
(RDMA_READ_CONSUME_CHECK_CONSUMER) timestamp=1609 ms, used_size=11104256 bytes (27.1%)
(RDMA_READ_CONSUME_CHECK_CONSUMER) timestamp=1609 ms, used_size=11102208 bytes (27.1%)
(RDMA_READ_CONSUME_CHECK_CONSUMER) timestamp=1609 ms, used_size=11100160 bytes (27.1%)
(RDMA_READ_CONSUME_CHECK_CONSUMER) timestamp=1609 ms, used_size=11098112 bytes (27.1%)
(RDMA_READ_CONSUME_CHECK_CONSUMER) timestamp=1609 ms, used_size=11096064 bytes (27.1%)
(RDMA_READ_CONSUME_CHECK_CONSUMER) timestamp=1609 ms, used_size=11094016 bytes (27.1%)
(RDMA_READ_CONSUME_CHECK_CONSUMER) timestamp=1609 ms, used_size=11091968 bytes (27.1%)
(RDMA_READ_CONSUME_CHECK_CONSUMER) timestamp=1609 ms, used_size=11089920 bytes (27.1%)
(RDMA_READ_CONSUME_CHECK_CONSUMER) timestamp=1609 ms, used_size=11087872 bytes (27.1%)
(RDMA_READ_CONSUME_CHECK_CONSUMER) timestamp=1609 ms, used_size=11085824 bytes (27.1%)
(RDMA_READ_CONSUME_CHECK_CONSUMER) timestamp=1609 ms, used_size=11083776 bytes (27.1%)
(RDMA_READ_CONSUME_CHECK_CONSUMER) timestamp=1609 ms, used_size=11081728 bytes (27.1%)
(RDMA_READ_CONSUME_CHECK_CONSUMER) timestamp=1609 ms, used_size=11079680 bytes (27.1%)
(RDMA_READ_CONSUME_CHECK_CONSUMER) timestamp=1609 ms, used_size=11077632 bytes (27.0%)
(RDMA_READ_CONSUME_CHECK_CONSUMER) timestamp=1609 ms, used_size=11075584 bytes (27.0%)
(RDMA_READ_CONSUME_CHECK_CONSUMER) timestamp=1609 ms, used_size=11073536 bytes (27.0%)
(RDMA_READ_CONSUME_CHECK_CONSUMER) timestamp=1609 ms, used_size=11071488 bytes (27.0%)
(RDMA_READ_CONSUME_CHECK_CONSUMER) timestamp=1609 ms, used_size=11069440 bytes (27.0%)
(RDMA_READ_CONSUME_CHECK_CONSUMER) timestamp=1609 ms, used_size=11067392 bytes (27.0%)
(RDMA_READ_CONSUME_CHECK_CONSUMER) timestamp=1609 ms, used_size=11065344 bytes (27.0%)
(RDMA_READ_CONSUME_CHECK_CONSUMER) timestamp=1609 ms, used_size=11063296 bytes (27.0%)
(RDMA_READ_CONSUME_CHECK_CONSUMER) timestamp=1609 ms, used_size=11061248 bytes (27.0%)
(RDMA_READ_CONSUME_CHECK_CONSUMER) timestamp=1609 ms, used_size=11059200 bytes (27.0%)
(RDMA_READ_CONSUME_CHECK_CONSUMER) timestamp=1609 ms, used_size=11057152 bytes (27.0%)
(RDMA_READ_CONSUME_CHECK_CONSUMER) timestamp=1609 ms, used_size=11055104 bytes (27.0%)
(RDMA_READ_CONSUME_CHECK_CONSUMER) timestamp=1609 ms, used_size=11053056 bytes (27.0%)
(RDMA_READ_CONSUME_CHECK_CONSUMER) timestamp=1609 ms, used_size=11051008 bytes (27.0%)
(RDMA_READ_CONSUME_CHECK_CONSUMER) timestamp=1609 ms, used_size=11048960 bytes (27.0%)
(RDMA_READ_CONSUME_CHECK_CONSUMER) timestamp=1609 ms, used_size=11046912 bytes (27.0%)
(RDMA_READ_CONSUME_CHECK_CONSUMER) timestamp=1609 ms, used_size=11044864 bytes (27.0%)
(RDMA_READ_CONSUME_CHECK_CONSUMER) timestamp=1609 ms, used_size=11042816 bytes (27.0%)
(RDMA_READ_CONSUME_CHECK_CONSUMER) timestamp=1609 ms, used_size=11040768 bytes (27.0%)
(RDMA_READ_CONSUME_CHECK_CONSUMER) timestamp=1609 ms, used_size=11038720 bytes (26.9%)
(RDMA_READ_CONSUME_CHECK_CONSUMER) timestamp=1609 ms, used_size=11036672 bytes (26.9%)
(RDMA_READ_CONSUME_CHECK_CONSUMER) timestamp=1609 ms, used_size=11034624 bytes (26.9%)
(RDMA_READ_CONSUME_CHECK_CONSUMER) timestamp=1609 ms, used_size=11032576 bytes (26.9%)
(RDMA_READ_CONSUME_CHECK_CONSUMER) timestamp=1609 ms, used_size=11030528 bytes (26.9%)
(RDMA_READ_CONSUME_CHECK_CONSUMER) timestamp=1609 ms, used_size=11028480 bytes (26.9%)
(RDMA_READ_CONSUME_CHECK_CONSUMER) timestamp=1609 ms, used_size=11026432 bytes (26.9%)
(RDMA_READ_CONSUME_CHECK_CONSUMER) timestamp=1609 ms, used_size=11024384 bytes (26.9%)
(RDMA_READ_CONSUME_CHECK_CONSUMER) timestamp=1609 ms, used_size=11022336 bytes (26.9%)
(RDMA_READ_CONSUME_CHECK_CONSUMER) timestamp=1609 ms, used_size=11020288 bytes (26.9%)
(RDMA_READ_CONSUME_CHECK_CONSUMER) timestamp=1609 ms, used_size=11018240 bytes (26.9%)
(RDMA_READ_CONSUME_CHECK_CONSUMER) timestamp=1609 ms, used_size=11016192 bytes (26.9%)
(RDMA_READ_CONSUME_CHECK_CONSUMER) timestamp=1609 ms, used_size=11014144 bytes (26.9%)
(RDMA_READ_CONSUME_CHECK_CONSUMER) timestamp=1609 ms, used_size=11012096 bytes (26.9%)
(RDMA_READ_CONSUME_CHECK_CONSUMER) timestamp=1609 ms, used_size=11010048 bytes (26.9%)
(RDMA_READ_CONSUME_CHECK_CONSUMER) timestamp=1609 ms, used_size=11008000 bytes (26.9%)
(RDMA_READ_CONSUME_CHECK_CONSUMER) timestamp=1609 ms, used_size=11005952 bytes (26.9%)
(RDMA_READ_CONSUME_CHECK_CONSUMER) timestamp=1609 ms, used_size=11003904 bytes (26.9%)
(RDMA_READ_CONSUME_CHECK_CONSUMER) timestamp=1609 ms, used_size=11001856 bytes (26.9%)
(RDMA_READ_CONSUME_CHECK_CONSUMER) timestamp=1609 ms, used_size=10999808 bytes (26.9%)
(RDMA_READ_CONSUME_CHECK_CONSUMER) timestamp=1609 ms, used_size=10997760 bytes (26.9%)
(RDMA_READ_CONSUME_CHECK_CONSUMER) timestamp=1609 ms, used_size=10995712 bytes (26.8%)
(RDMA_READ_CONSUME_CHECK_CONSUMER) timestamp=1609 ms, used_size=10993664 bytes (26.8%)
(RDMA_READ_CONSUME_CHECK_CONSUMER) timestamp=1609 ms, used_size=10991616 bytes (26.8%)
(RDMA_READ_CONSUME_CHECK_CONSUMER) timestamp=1609 ms, used_size=10989568 bytes (26.8%)
(RDMA_READ_CONSUME_CHECK_CONSUMER) timestamp=1609 ms, used_size=10987520 bytes (26.8%)
(RDMA_READ_CONSUME_CHECK_CONSUMER) timestamp=1609 ms, used_size=10985472 bytes (26.8%)
(RDMA_READ_CONSUME_CHECK_CONSUMER) timestamp=1609 ms, used_size=10983424 bytes (26.8%)
(RDMA_READ_CONSUME_CHECK_CONSUMER) timestamp=1609 ms, used_size=10981376 bytes (26.8%)
(RDMA_READ_CONSUME_CHECK_CONSUMER) timestamp=1609 ms, used_size=10979328 bytes (26.8%)
(RDMA_READ_CONSUME_CHECK_CONSUMER) timestamp=1609 ms, used_size=10977280 bytes (26.8%)
(RDMA_READ_CONSUME_CHECK_CONSUMER) timestamp=1609 ms, used_size=10975232 bytes (26.8%)
(RDMA_READ_CONSUME_CHECK_CONSUMER) timestamp=1609 ms, used_size=10973184 bytes (26.8%)
(RDMA_READ_CONSUME_CHECK_CONSUMER) timestamp=1609 ms, used_size=10971136 bytes (26.8%)
(RDMA_READ_CONSUME_CHECK_CONSUMER) timestamp=1609 ms, used_size=10969088 bytes (26.8%)
(RDMA_READ_CONSUME_CHECK_CONSUMER) timestamp=1609 ms, used_size=10967040 bytes (26.8%)
(RDMA_READ_CONSUME_CHECK_CONSUMER) timestamp=1609 ms, used_size=10964992 bytes (26.8%)
(RDMA_READ_CONSUME_CHECK_CONSUMER) timestamp=1609 ms, used_size=10962944 bytes (26.8%)
(RDMA_READ_CONSUME_CHECK_CONSUMER) timestamp=1609 ms, used_size=10960896 bytes (26.8%)
(RDMA_READ_CONSUME_CHECK_CONSUMER) timestamp=1609 ms, used_size=10958848 bytes (26.8%)
(RDMA_READ_CONSUME_CHECK_CONSUMER) timestamp=1609 ms, used_size=10956800 bytes (26.8%)
(RDMA_READ_CONSUME_CHECK_CONSUMER) timestamp=1609 ms, used_size=10954752 bytes (26.7%)
(RDMA_READ_CONSUME_CHECK_CONSUMER) timestamp=1609 ms, used_size=10952704 bytes (26.7%)
(RDMA_READ_CONSUME_CHECK_CONSUMER) timestamp=1609 ms, used_size=10950656 bytes (26.7%)
(RDMA_READ_CONSUME_CHECK_CONSUMER) timestamp=1609 ms, used_size=10948608 bytes (26.7%)
(RDMA_READ_CONSUME_CHECK_CONSUMER) timestamp=1609 ms, used_size=10946560 bytes (26.7%)
(RDMA_READ_CONSUME_CHECK_CONSUMER) timestamp=1609 ms, used_size=10944512 bytes (26.7%)
(RDMA_READ_CONSUME_CHECK_CONSUMER) timestamp=1609 ms, used_size=10942464 bytes (26.7%)
(RDMA_READ_CONSUME_CHECK_CONSUMER) timestamp=1609 ms, used_size=10940416 bytes (26.7%)
(RDMA_READ_CONSUME_CHECK_CONSUMER) timestamp=1609 ms, used_size=10938368 bytes (26.7%)
(RDMA_READ_CONSUME_CHECK_CONSUMER) timestamp=1609 ms, used_size=10936320 bytes (26.7%)
(RDMA_READ_CONSUME_CHECK_CONSUMER) timestamp=1609 ms, used_size=10934272 bytes (26.7%)
(RDMA_READ_CONSUME_CHECK_CONSUMER) timestamp=1609 ms, used_size=10932224 bytes (26.7%)
(RDMA_READ_CONSUME_CHECK_CONSUMER) timestamp=1609 ms, used_size=10930176 bytes (26.7%)
(RDMA_READ_CONSUME_CHECK_CONSUMER) timestamp=1609 ms, used_size=10928128 bytes (26.7%)
(RDMA_READ_CONSUME_CHECK_CONSUMER) timestamp=1609 ms, used_size=10926080 bytes (26.7%)
(RDMA_READ_CONSUME_CHECK_CONSUMER) timestamp=1609 ms, used_size=10924032 bytes (26.7%)
(RDMA_READ_CONSUME_CHECK_CONSUMER) timestamp=1609 ms, used_size=10921984 bytes (26.7%)
(RDMA_READ_CONSUME_CHECK_CONSUMER) timestamp=1609 ms, used_size=10919936 bytes (26.7%)
(RDMA_READ_CONSUME_CHECK_CONSUMER) timestamp=1609 ms, used_size=10917888 bytes (26.7%)
(RDMA_READ_CONSUME_CHECK_CONSUMER) timestamp=1609 ms, used_size=10915840 bytes (26.6%)
(RDMA_READ_CONSUME_CHECK_CONSUMER) timestamp=1609 ms, used_size=10913792 bytes (26.6%)
(RDMA_READ_CONSUME_CHECK_CONSUMER) timestamp=1609 ms, used_size=10911744 bytes (26.6%)
(RDMA_READ_CONSUME_CHECK_CONSUMER) timestamp=1609 ms, used_size=10909696 bytes (26.6%)
(RDMA_READ_CONSUME_CHECK_CONSUMER) timestamp=1609 ms, used_size=10907648 bytes (26.6%)
(RDMA_READ_CONSUME_CHECK_CONSUMER) timestamp=1609 ms, used_size=10905600 bytes (26.6%)
(RDMA_READ_CONSUME_CHECK_CONSUMER) timestamp=1609 ms, used_size=10903552 bytes (26.6%)
(RDMA_READ_CONSUME_CHECK_CONSUMER) timestamp=1609 ms, used_size=10901504 bytes (26.6%)
(RDMA_READ_CONSUME_CHECK_CONSUMER) timestamp=1609 ms, used_size=10899456 bytes (26.6%)
(RDMA_READ_CONSUME_CHECK_CONSUMER) timestamp=1609 ms, used_size=10897408 bytes (26.6%)
(RDMA_READ_CONSUME_CHECK_CONSUMER) timestamp=1609 ms, used_size=10895360 bytes (26.6%)
(RDMA_READ_CONSUME_CHECK_CONSUMER) timestamp=1609 ms, used_size=10893312 bytes (26.6%)
(RDMA_READ_CONSUME_CHECK_CONSUMER) timestamp=1609 ms, used_size=10891264 bytes (26.6%)
(RDMA_READ_CONSUME_CHECK_CONSUMER) timestamp=1609 ms, used_size=10889216 bytes (26.6%)
(RDMA_READ_CONSUME_CHECK_CONSUMER) timestamp=1609 ms, used_size=10887168 bytes (26.6%)
(RDMA_READ_CONSUME_CHECK_CONSUMER) timestamp=1609 ms, used_size=10885120 bytes (26.6%)
(RDMA_READ_CONSUME_CHECK_CONSUMER) timestamp=1609 ms, used_size=10883072 bytes (26.6%)
(RDMA_READ_CONSUME_CHECK_CONSUMER) timestamp=1609 ms, used_size=10881024 bytes (26.6%)
(RDMA_READ_CONSUME_CHECK_CONSUMER) timestamp=1609 ms, used_size=10878976 bytes (26.6%)
(RDMA_READ_CONSUME_CHECK_CONSUMER) timestamp=1609 ms, used_size=10876928 bytes (26.6%)
(RDMA_READ_CONSUME_CHECK_CONSUMER) timestamp=1609 ms, used_size=10874880 bytes (26.6%)
(RDMA_READ_CONSUME_CHECK_CONSUMER) timestamp=1609 ms, used_size=10872832 bytes (26.5%)
(RDMA_READ_CONSUME_CHECK_CONSUMER) timestamp=1609 ms, used_size=10870784 bytes (26.5%)
(RDMA_READ_CONSUME_CHECK_CONSUMER) timestamp=1609 ms, used_size=10868736 bytes (26.5%)
(RDMA_READ_CONSUME_CHECK_CONSUMER) timestamp=1609 ms, used_size=10866688 bytes (26.5%)
(RDMA_READ_CONSUME_CHECK_CONSUMER) timestamp=1610 ms, used_size=10864640 bytes (26.5%)
(RDMA_READ_CONSUME_CHECK_CONSUMER) timestamp=1610 ms, used_size=10862592 bytes (26.5%)
(RDMA_READ_CONSUME_CHECK_CONSUMER) timestamp=1610 ms, used_size=10860544 bytes (26.5%)
(RDMA_READ_CONSUME_CHECK_CONSUMER) timestamp=1610 ms, used_size=10858496 bytes (26.5%)
(RDMA_READ_CONSUME_CHECK_CONSUMER) timestamp=1610 ms, used_size=10856448 bytes (26.5%)
(RDMA_READ_CONSUME_CHECK_CONSUMER) timestamp=1610 ms, used_size=10854400 bytes (26.5%)
(RDMA_READ_CONSUME_CHECK_CONSUMER) timestamp=1610 ms, used_size=10852352 bytes (26.5%)
(RDMA_READ_CONSUME_CHECK_CONSUMER) timestamp=1610 ms, used_size=10850304 bytes (26.5%)
(RDMA_READ_CONSUME_CHECK_CONSUMER) timestamp=1610 ms, used_size=10848256 bytes (26.5%)
(RDMA_READ_CONSUME_CHECK_CONSUMER) timestamp=1610 ms, used_size=10846208 bytes (26.5%)
(RDMA_READ_CONSUME_CHECK_CONSUMER) timestamp=1610 ms, used_size=10844160 bytes (26.5%)
(RDMA_READ_CONSUME_CHECK_CONSUMER) timestamp=1610 ms, used_size=10842112 bytes (26.5%)
(RDMA_READ_CONSUME_CHECK_CONSUMER) timestamp=1610 ms, used_size=10840064 bytes (26.5%)
(RDMA_READ_CONSUME_CHECK_CONSUMER) timestamp=1610 ms, used_size=10838016 bytes (26.5%)
(RDMA_READ_CONSUME_CHECK_CONSUMER) timestamp=1610 ms, used_size=10835968 bytes (26.5%)
(RDMA_READ_CONSUME_CHECK_CONSUMER) timestamp=1610 ms, used_size=10833920 bytes (26.4%)
(RDMA_READ_CONSUME_CHECK_CONSUMER) timestamp=1610 ms, used_size=10831872 bytes (26.4%)
(RDMA_READ_CONSUME_CHECK_CONSUMER) timestamp=1610 ms, used_size=10829824 bytes (26.4%)
(RDMA_READ_CONSUME_CHECK_CONSUMER) timestamp=1610 ms, used_size=10827776 bytes (26.4%)
(RDMA_READ_CONSUME_CHECK_CONSUMER) timestamp=1610 ms, used_size=10825728 bytes (26.4%)
(RDMA_READ_CONSUME_CHECK_CONSUMER) timestamp=1610 ms, used_size=10823680 bytes (26.4%)
(RDMA_READ_CONSUME_CHECK_CONSUMER) timestamp=1610 ms, used_size=10821632 bytes (26.4%)
(RDMA_READ_CONSUME_CHECK_CONSUMER) timestamp=1610 ms, used_size=10819584 bytes (26.4%)
(RDMA_READ_CONSUME_CHECK_CONSUMER) timestamp=1610 ms, used_size=10817536 bytes (26.4%)
(RDMA_READ_CONSUME_CHECK_CONSUMER) timestamp=1610 ms, used_size=10815488 bytes (26.4%)
(RDMA_READ_CONSUME_CHECK_CONSUMER) timestamp=1610 ms, used_size=10813440 bytes (26.4%)
(RDMA_READ_CONSUME_CHECK_CONSUMER) timestamp=1610 ms, used_size=10811392 bytes (26.4%)
(RDMA_READ_CONSUME_CHECK_CONSUMER) timestamp=1610 ms, used_size=10809344 bytes (26.4%)
(RDMA_READ_CONSUME_CHECK_CONSUMER) timestamp=1610 ms, used_size=10807296 bytes (26.4%)
(RDMA_READ_CONSUME_CHECK_CONSUMER) timestamp=1610 ms, used_size=10805248 bytes (26.4%)
(RDMA_READ_CONSUME_CHECK_CONSUMER) timestamp=1610 ms, used_size=10803200 bytes (26.4%)
(RDMA_READ_CONSUME_CHECK_CONSUMER) timestamp=1610 ms, used_size=10801152 bytes (26.4%)
(RDMA_READ_CONSUME_CHECK_CONSUMER) timestamp=1610 ms, used_size=10799104 bytes (26.4%)
(RDMA_READ_CONSUME_CHECK_CONSUMER) timestamp=1610 ms, used_size=10797056 bytes (26.4%)
(RDMA_READ_CONSUME_CHECK_CONSUMER) timestamp=1610 ms, used_size=10795008 bytes (26.4%)
(RDMA_READ_CONSUME_CHECK_CONSUMER) timestamp=1610 ms, used_size=10792960 bytes (26.4%)
(RDMA_READ_CONSUME_CHECK_CONSUMER) timestamp=1610 ms, used_size=10790912 bytes (26.3%)
(RDMA_READ_CONSUME_CHECK_CONSUMER) timestamp=1610 ms, used_size=10788864 bytes (26.3%)
(RDMA_READ_CONSUME_CHECK_CONSUMER) timestamp=1610 ms, used_size=10786816 bytes (26.3%)
(RDMA_READ_CONSUME_CHECK_CONSUMER) timestamp=1610 ms, used_size=10784768 bytes (26.3%)
(RDMA_READ_CONSUME_CHECK_CONSUMER) timestamp=1610 ms, used_size=10782720 bytes (26.3%)
(RDMA_READ_CONSUME_CHECK_CONSUMER) timestamp=1610 ms, used_size=10780672 bytes (26.3%)
(RDMA_READ_CONSUME_CHECK_CONSUMER) timestamp=1610 ms, used_size=10778624 bytes (26.3%)
(RDMA_READ_CONSUME_CHECK_CONSUMER) timestamp=1610 ms, used_size=10776576 bytes (26.3%)
(RDMA_READ_CONSUME_CHECK_CONSUMER) timestamp=1610 ms, used_size=10774528 bytes (26.3%)
(RDMA_READ_CONSUME_CHECK_CONSUMER) timestamp=1610 ms, used_size=10772480 bytes (26.3%)
(RDMA_READ_CONSUME_CHECK_CONSUMER) timestamp=1610 ms, used_size=10770432 bytes (26.3%)
(RDMA_READ_CONSUME_CHECK_CONSUMER) timestamp=1610 ms, used_size=10768384 bytes (26.3%)
(RDMA_READ_CONSUME_CHECK_CONSUMER) timestamp=1610 ms, used_size=10766336 bytes (26.3%)
(RDMA_READ_CONSUME_CHECK_CONSUMER) timestamp=1610 ms, used_size=10764288 bytes (26.3%)
(RDMA_READ_CONSUME_CHECK_CONSUMER) timestamp=1610 ms, used_size=10762240 bytes (26.3%)
(RDMA_READ_CONSUME_CHECK_CONSUMER) timestamp=1610 ms, used_size=10760192 bytes (26.3%)
(RDMA_READ_CONSUME_CHECK_CONSUMER) timestamp=1610 ms, used_size=10758144 bytes (26.3%)
(RDMA_READ_CONSUME_CHECK_CONSUMER) timestamp=1610 ms, used_size=10756096 bytes (26.3%)
(RDMA_READ_CONSUME_CHECK_CONSUMER) timestamp=1610 ms, used_size=10754048 bytes (26.3%)
(RDMA_READ_CONSUME_CHECK_CONSUMER) timestamp=1610 ms, used_size=10752000 bytes (26.2%)
(RDMA_READ_CONSUME_CHECK_CONSUMER) timestamp=1610 ms, used_size=10749952 bytes (26.2%)
(RDMA_READ_CONSUME_CHECK_CONSUMER) timestamp=1610 ms, used_size=10747904 bytes (26.2%)
(RDMA_READ_CONSUME_CHECK_CONSUMER) timestamp=1610 ms, used_size=10745856 bytes (26.2%)
(RDMA_READ_CONSUME_CHECK_CONSUMER) timestamp=1610 ms, used_size=10743808 bytes (26.2%)
(RDMA_READ_CONSUME_CHECK_CONSUMER) timestamp=1610 ms, used_size=10741760 bytes (26.2%)
(RDMA_READ_CONSUME_CHECK_CONSUMER) timestamp=1610 ms, used_size=10739712 bytes (26.2%)
(RDMA_READ_CONSUME_CHECK_CONSUMER) timestamp=1610 ms, used_size=10737664 bytes (26.2%)
(RDMA_READ_CONSUME_CHECK_CONSUMER) timestamp=1610 ms, used_size=10735616 bytes (26.2%)
(RDMA_READ_CONSUME_CHECK_CONSUMER) timestamp=1610 ms, used_size=10733568 bytes (26.2%)
(RDMA_READ_CONSUME_CHECK_CONSUMER) timestamp=1610 ms, used_size=10731520 bytes (26.2%)
(RDMA_READ_CONSUME_CHECK_CONSUMER) timestamp=1610 ms, used_size=10729472 bytes (26.2%)
(RDMA_READ_CONSUME_CHECK_CONSUMER) timestamp=1610 ms, used_size=10727424 bytes (26.2%)
(RDMA_READ_CONSUME_CHECK_CONSUMER) timestamp=1610 ms, used_size=10725376 bytes (26.2%)
(RDMA_READ_CONSUME_CHECK_CONSUMER) timestamp=1610 ms, used_size=10723328 bytes (26.2%)
(RDMA_READ_CONSUME_CHECK_CONSUMER) timestamp=1610 ms, used_size=10721280 bytes (26.2%)
(RDMA_READ_CONSUME_CHECK_CONSUMER) timestamp=1610 ms, used_size=10719232 bytes (26.2%)
(RDMA_READ_CONSUME_CHECK_CONSUMER) timestamp=1610 ms, used_size=10717184 bytes (26.2%)
(RDMA_READ_CONSUME_CHECK_CONSUMER) timestamp=1610 ms, used_size=10715136 bytes (26.2%)
(RDMA_READ_CONSUME_CHECK_CONSUMER) timestamp=1610 ms, used_size=10713088 bytes (26.2%)
(RDMA_READ_CONSUME_CHECK_CONSUMER) timestamp=1610 ms, used_size=10711040 bytes (26.1%)
(RDMA_READ_CONSUME_CHECK_CONSUMER) timestamp=1610 ms, used_size=10708992 bytes (26.1%)
(RDMA_READ_CONSUME_CHECK_CONSUMER) timestamp=1610 ms, used_size=10706944 bytes (26.1%)
(RDMA_READ_CONSUME_CHECK_CONSUMER) timestamp=1610 ms, used_size=10704896 bytes (26.1%)
(RDMA_READ_CONSUME_CHECK_CONSUMER) timestamp=1610 ms, used_size=10702848 bytes (26.1%)
(RDMA_READ_CONSUME_CHECK_CONSUMER) timestamp=1610 ms, used_size=10700800 bytes (26.1%)
(RDMA_READ_CONSUME_CHECK_CONSUMER) timestamp=1610 ms, used_size=10698752 bytes (26.1%)
(RDMA_READ_CONSUME_CHECK_CONSUMER) timestamp=1610 ms, used_size=10696704 bytes (26.1%)
(RDMA_READ_CONSUME_CHECK_CONSUMER) timestamp=1610 ms, used_size=10694656 bytes (26.1%)
(RDMA_READ_CONSUME_CHECK_CONSUMER) timestamp=1610 ms, used_size=10692608 bytes (26.1%)
(RDMA_READ_CONSUME_CHECK_CONSUMER) timestamp=1610 ms, used_size=10690560 bytes (26.1%)
(RDMA_READ_CONSUME_CHECK_CONSUMER) timestamp=1610 ms, used_size=10688512 bytes (26.1%)
(RDMA_READ_CONSUME_CHECK_CONSUMER) timestamp=1610 ms, used_size=10686464 bytes (26.1%)
(RDMA_READ_CONSUME_CHECK_CONSUMER) timestamp=1610 ms, used_size=10684416 bytes (26.1%)
(RDMA_READ_CONSUME_CHECK_CONSUMER) timestamp=1610 ms, used_size=10682368 bytes (26.1%)
(RDMA_READ_CONSUME_CHECK_CONSUMER) timestamp=1610 ms, used_size=10680320 bytes (26.1%)
(RDMA_READ_CONSUME_CHECK_CONSUMER) timestamp=1610 ms, used_size=10678272 bytes (26.1%)
(RDMA_READ_CONSUME_CHECK_CONSUMER) timestamp=1610 ms, used_size=10676224 bytes (26.1%)
(RDMA_READ_CONSUME_CHECK_CONSUMER) timestamp=1610 ms, used_size=10674176 bytes (26.1%)
(RDMA_READ_CONSUME_CHECK_CONSUMER) timestamp=1610 ms, used_size=10672128 bytes (26.1%)
(RDMA_READ_CONSUME_CHECK_CONSUMER) timestamp=1610 ms, used_size=10670080 bytes (26.1%)
(RDMA_READ_CONSUME_CHECK_CONSUMER) timestamp=1610 ms, used_size=10668032 bytes (26.0%)
(RDMA_READ_CONSUME_CHECK_CONSUMER) timestamp=1610 ms, used_size=10665984 bytes (26.0%)
(RDMA_READ_CONSUME_CHECK_CONSUMER) timestamp=1610 ms, used_size=10663936 bytes (26.0%)
(RDMA_READ_CONSUME_CHECK_CONSUMER) timestamp=1610 ms, used_size=10661888 bytes (26.0%)
(RDMA_READ_CONSUME_CHECK_CONSUMER) timestamp=1610 ms, used_size=10659840 bytes (26.0%)
(RDMA_READ_CONSUME_CHECK_CONSUMER) timestamp=1610 ms, used_size=10657792 bytes (26.0%)
(RDMA_READ_CONSUME_CHECK_CONSUMER) timestamp=1610 ms, used_size=10655744 bytes (26.0%)
(RDMA_READ_CONSUME_CHECK_CONSUMER) timestamp=1610 ms, used_size=10653696 bytes (26.0%)
(RDMA_READ_CONSUME_CHECK_CONSUMER) timestamp=1610 ms, used_size=10651648 bytes (26.0%)
(RDMA_READ_CONSUME_CHECK_CONSUMER) timestamp=1610 ms, used_size=10649600 bytes (26.0%)
(RDMA_READ_CONSUME_CHECK_CONSUMER) timestamp=1610 ms, used_size=10647552 bytes (26.0%)
(RDMA_READ_CONSUME_CHECK_CONSUMER) timestamp=1610 ms, used_size=10645504 bytes (26.0%)
(RDMA_READ_CONSUME_CHECK_CONSUMER) timestamp=1610 ms, used_size=10643456 bytes (26.0%)
(RDMA_READ_CONSUME_CHECK_CONSUMER) timestamp=1610 ms, used_size=10641408 bytes (26.0%)
(RDMA_READ_CONSUME_CHECK_CONSUMER) timestamp=1610 ms, used_size=10639360 bytes (26.0%)
(RDMA_READ_CONSUME_CHECK_CONSUMER) timestamp=1610 ms, used_size=10637312 bytes (26.0%)
(RDMA_READ_CONSUME_CHECK_CONSUMER) timestamp=1610 ms, used_size=10635264 bytes (26.0%)
(RDMA_READ_CONSUME_CHECK_CONSUMER) timestamp=1610 ms, used_size=10633216 bytes (26.0%)
(RDMA_READ_CONSUME_CHECK_CONSUMER) timestamp=1610 ms, used_size=10631168 bytes (26.0%)
(RDMA_READ_CONSUME_CHECK_CONSUMER) timestamp=1610 ms, used_size=10629120 bytes (25.9%)
(RDMA_READ_CONSUME_CHECK_CONSUMER) timestamp=1610 ms, used_size=10627072 bytes (25.9%)
(RDMA_READ_CONSUME_CHECK_CONSUMER) timestamp=1610 ms, used_size=10625024 bytes (25.9%)
(RDMA_READ_CONSUME_CHECK_CONSUMER) timestamp=1610 ms, used_size=10622976 bytes (25.9%)
(RDMA_READ_CONSUME_CHECK_CONSUMER) timestamp=1610 ms, used_size=10620928 bytes (25.9%)
(RDMA_READ_CONSUME_CHECK_CONSUMER) timestamp=1610 ms, used_size=10618880 bytes (25.9%)
(RDMA_READ_CONSUME_CHECK_CONSUMER) timestamp=1610 ms, used_size=10616832 bytes (25.9%)
(RDMA_READ_CONSUME_CHECK_CONSUMER) timestamp=1610 ms, used_size=10614784 bytes (25.9%)
(RDMA_READ_CONSUME_CHECK_CONSUMER) timestamp=1610 ms, used_size=10612736 bytes (25.9%)
(RDMA_READ_CONSUME_CHECK_CONSUMER) timestamp=1610 ms, used_size=10610688 bytes (25.9%)
(RDMA_READ_CONSUME_CHECK_CONSUMER) timestamp=1610 ms, used_size=10608640 bytes (25.9%)
(RDMA_READ_CONSUME_CHECK_CONSUMER) timestamp=1610 ms, used_size=10606592 bytes (25.9%)
(RDMA_READ_CONSUME_CHECK_CONSUMER) timestamp=1610 ms, used_size=10604544 bytes (25.9%)
(RDMA_READ_CONSUME_CHECK_CONSUMER) timestamp=1610 ms, used_size=10602496 bytes (25.9%)
(RDMA_READ_CONSUME_CHECK_CONSUMER) timestamp=1610 ms, used_size=10600448 bytes (25.9%)
(RDMA_READ_CONSUME_CHECK_CONSUMER) timestamp=1610 ms, used_size=10598400 bytes (25.9%)
(RDMA_READ_CONSUME_CHECK_CONSUMER) timestamp=1610 ms, used_size=10596352 bytes (25.9%)
(RDMA_READ_CONSUME_CHECK_CONSUMER) timestamp=1610 ms, used_size=10594304 bytes (25.9%)
(RDMA_READ_CONSUME_CHECK_CONSUMER) timestamp=1610 ms, used_size=10592256 bytes (25.9%)
(RDMA_READ_CONSUME_CHECK_CONSUMER) timestamp=1610 ms, used_size=10590208 bytes (25.9%)
(RDMA_READ_CONSUME_CHECK_CONSUMER) timestamp=1610 ms, used_size=10588160 bytes (25.9%)
(RDMA_READ_CONSUME_CHECK_CONSUMER) timestamp=1610 ms, used_size=10586112 bytes (25.8%)
(RDMA_READ_CONSUME_CHECK_CONSUMER) timestamp=1610 ms, used_size=10584064 bytes (25.8%)
(RDMA_READ_CONSUME_CHECK_CONSUMER) timestamp=1610 ms, used_size=10582016 bytes (25.8%)
(RDMA_READ_CONSUME_CHECK_CONSUMER) timestamp=1610 ms, used_size=10579968 bytes (25.8%)
(RDMA_READ_CONSUME_CHECK_CONSUMER) timestamp=1610 ms, used_size=10577920 bytes (25.8%)
(RDMA_READ_CONSUME_CHECK_CONSUMER) timestamp=1610 ms, used_size=10575872 bytes (25.8%)
(RDMA_READ_CONSUME_CHECK_CONSUMER) timestamp=1610 ms, used_size=10573824 bytes (25.8%)
(RDMA_READ_CONSUME_CHECK_CONSUMER) timestamp=1610 ms, used_size=10571776 bytes (25.8%)
(RDMA_READ_CONSUME_CHECK_CONSUMER) timestamp=1610 ms, used_size=10569728 bytes (25.8%)
(RDMA_READ_CONSUME_CHECK_CONSUMER) timestamp=1610 ms, used_size=10567680 bytes (25.8%)
(RDMA_READ_CONSUME_CHECK_CONSUMER) timestamp=1610 ms, used_size=10565632 bytes (25.8%)
(RDMA_READ_CONSUME_CHECK_CONSUMER) timestamp=1610 ms, used_size=10563584 bytes (25.8%)
(RDMA_READ_CONSUME_CHECK_CONSUMER) timestamp=1610 ms, used_size=10561536 bytes (25.8%)
(RDMA_READ_CONSUME_CHECK_CONSUMER) timestamp=1610 ms, used_size=10559488 bytes (25.8%)
(RDMA_READ_CONSUME_CHECK_CONSUMER) timestamp=1610 ms, used_size=10557440 bytes (25.8%)
(RDMA_READ_CONSUME_CHECK_CONSUMER) timestamp=1610 ms, used_size=10555392 bytes (25.8%)
(RDMA_READ_CONSUME_CHECK_CONSUMER) timestamp=1610 ms, used_size=10553344 bytes (25.8%)
(RDMA_READ_CONSUME_CHECK_CONSUMER) timestamp=1610 ms, used_size=10551296 bytes (25.8%)
(RDMA_READ_CONSUME_CHECK_CONSUMER) timestamp=1610 ms, used_size=10549248 bytes (25.8%)
(RDMA_READ_CONSUME_CHECK_CONSUMER) timestamp=1610 ms, used_size=10547200 bytes (25.8%)
(RDMA_READ_CONSUME_CHECK_CONSUMER) timestamp=1610 ms, used_size=10545152 bytes (25.7%)
(RDMA_READ_CONSUME_CHECK_CONSUMER) timestamp=1610 ms, used_size=10543104 bytes (25.7%)
(RDMA_READ_CONSUME_CHECK_CONSUMER) timestamp=1610 ms, used_size=10541056 bytes (25.7%)
(RDMA_READ_CONSUME_CHECK_CONSUMER) timestamp=1610 ms, used_size=10539008 bytes (25.7%)
(RDMA_READ_CONSUME_CHECK_CONSUMER) timestamp=1610 ms, used_size=10536960 bytes (25.7%)
(RDMA_READ_CONSUME_CHECK_CONSUMER) timestamp=1610 ms, used_size=10534912 bytes (25.7%)
(RDMA_READ_CONSUME_CHECK_CONSUMER) timestamp=1610 ms, used_size=10532864 bytes (25.7%)
(RDMA_READ_CONSUME_CHECK_CONSUMER) timestamp=1610 ms, used_size=10530816 bytes (25.7%)
(RDMA_READ_CONSUME_CHECK_CONSUMER) timestamp=1610 ms, used_size=10528768 bytes (25.7%)
(RDMA_READ_CONSUME_CHECK_CONSUMER) timestamp=1610 ms, used_size=10526720 bytes (25.7%)
(RDMA_READ_CONSUME_CHECK_CONSUMER) timestamp=1610 ms, used_size=10524672 bytes (25.7%)
(RDMA_READ_CONSUME_CHECK_CONSUMER) timestamp=1610 ms, used_size=10522624 bytes (25.7%)
(RDMA_READ_CONSUME_CHECK_CONSUMER) timestamp=1610 ms, used_size=10520576 bytes (25.7%)
(RDMA_READ_CONSUME_CHECK_CONSUMER) timestamp=1610 ms, used_size=10518528 bytes (25.7%)
(RDMA_READ_CONSUME_CHECK_CONSUMER) timestamp=1610 ms, used_size=10516480 bytes (25.7%)
(RDMA_READ_CONSUME_CHECK_CONSUMER) timestamp=1610 ms, used_size=10514432 bytes (25.7%)
(RDMA_READ_CONSUME_CHECK_CONSUMER) timestamp=1610 ms, used_size=10512384 bytes (25.7%)
(RDMA_READ_CONSUME_CHECK_CONSUMER) timestamp=1610 ms, used_size=10510336 bytes (25.7%)
(RDMA_READ_CONSUME_CHECK_CONSUMER) timestamp=1610 ms, used_size=10508288 bytes (25.7%)
(RDMA_READ_CONSUME_CHECK_CONSUMER) timestamp=1610 ms, used_size=10506240 bytes (25.6%)
(RDMA_READ_CONSUME_CHECK_CONSUMER) timestamp=1611 ms, used_size=10504192 bytes (25.6%)
(RDMA_READ_CONSUME_CHECK_CONSUMER) timestamp=1611 ms, used_size=10502144 bytes (25.6%)
(RDMA_READ_CONSUME_CHECK_CONSUMER) timestamp=1611 ms, used_size=10500096 bytes (25.6%)
(RDMA_READ_CONSUME_CHECK_CONSUMER) timestamp=1611 ms, used_size=10498048 bytes (25.6%)
(RDMA_READ_CONSUME_CHECK_CONSUMER) timestamp=1611 ms, used_size=10496000 bytes (25.6%)
(RDMA_READ_CONSUME_CHECK_CONSUMER) timestamp=1611 ms, used_size=10493952 bytes (25.6%)
(RDMA_READ_CONSUME_CHECK_CONSUMER) timestamp=1611 ms, used_size=10491904 bytes (25.6%)
(RDMA_READ_CONSUME_CHECK_CONSUMER) timestamp=1611 ms, used_size=10489856 bytes (25.6%)
(RDMA_READ_CONSUME_CHECK_CONSUMER) timestamp=1611 ms, used_size=10487808 bytes (25.6%)
(RDMA_READ_CONSUME_CHECK_CONSUMER) timestamp=1611 ms, used_size=10485760 bytes (25.6%)
(RDMA_READ_CONSUME_CHECK_CONSUMER) timestamp=1611 ms, used_size=10483712 bytes (25.6%)
(RDMA_READ_CONSUME_CHECK_CONSUMER) timestamp=1611 ms, used_size=10481664 bytes (25.6%)
(RDMA_READ_CONSUME_CHECK_CONSUMER) timestamp=1611 ms, used_size=10479616 bytes (25.6%)
(RDMA_READ_CONSUME_CHECK_CONSUMER) timestamp=1611 ms, used_size=10477568 bytes (25.6%)
(RDMA_READ_CONSUME_CHECK_CONSUMER) timestamp=1611 ms, used_size=10475520 bytes (25.6%)
(RDMA_READ_CONSUME_CHECK_CONSUMER) timestamp=1611 ms, used_size=10473472 bytes (25.6%)
(RDMA_READ_CONSUME_CHECK_CONSUMER) timestamp=1611 ms, used_size=10471424 bytes (25.6%)
(RDMA_READ_CONSUME_CHECK_CONSUMER) timestamp=1611 ms, used_size=10469376 bytes (25.6%)
(RDMA_READ_CONSUME_CHECK_CONSUMER) timestamp=1611 ms, used_size=10467328 bytes (25.6%)
(RDMA_READ_CONSUME_CHECK_CONSUMER) timestamp=1611 ms, used_size=10465280 bytes (25.6%)
(RDMA_READ_CONSUME_CHECK_CONSUMER) timestamp=1611 ms, used_size=10463232 bytes (25.5%)
(RDMA_READ_CONSUME_CHECK_CONSUMER) timestamp=1611 ms, used_size=10461184 bytes (25.5%)
(RDMA_READ_CONSUME_CHECK_CONSUMER) timestamp=1611 ms, used_size=10459136 bytes (25.5%)
(RDMA_READ_CONSUME_CHECK_CONSUMER) timestamp=1611 ms, used_size=10457088 bytes (25.5%)
(RDMA_READ_CONSUME_CHECK_CONSUMER) timestamp=1611 ms, used_size=10455040 bytes (25.5%)
(RDMA_READ_CONSUME_CHECK_CONSUMER) timestamp=1611 ms, used_size=10452992 bytes (25.5%)
(RDMA_READ_CONSUME_CHECK_CONSUMER) timestamp=1611 ms, used_size=10450944 bytes (25.5%)
(RDMA_READ_CONSUME_CHECK_CONSUMER) timestamp=1611 ms, used_size=10448896 bytes (25.5%)
(RDMA_READ_CONSUME_CHECK_CONSUMER) timestamp=1611 ms, used_size=10446848 bytes (25.5%)
(RDMA_READ_CONSUME_CHECK_CONSUMER) timestamp=1611 ms, used_size=10444800 bytes (25.5%)
(RDMA_READ_CONSUME_CHECK_CONSUMER) timestamp=1611 ms, used_size=10442752 bytes (25.5%)
(RDMA_READ_CONSUME_CHECK_CONSUMER) timestamp=1611 ms, used_size=10440704 bytes (25.5%)
(RDMA_READ_CONSUME_CHECK_CONSUMER) timestamp=1611 ms, used_size=10438656 bytes (25.5%)
(RDMA_READ_CONSUME_CHECK_CONSUMER) timestamp=1611 ms, used_size=10436608 bytes (25.5%)
(RDMA_READ_CONSUME_CHECK_CONSUMER) timestamp=1611 ms, used_size=10434560 bytes (25.5%)
(RDMA_READ_CONSUME_CHECK_CONSUMER) timestamp=1611 ms, used_size=10432512 bytes (25.5%)
(RDMA_READ_CONSUME_CHECK_CONSUMER) timestamp=1611 ms, used_size=10430464 bytes (25.5%)
(RDMA_READ_CONSUME_CHECK_CONSUMER) timestamp=1611 ms, used_size=10428416 bytes (25.5%)
(RDMA_READ_CONSUME_CHECK_CONSUMER) timestamp=1611 ms, used_size=10426368 bytes (25.5%)
(RDMA_READ_CONSUME_CHECK_CONSUMER) timestamp=1611 ms, used_size=10424320 bytes (25.4%)
(RDMA_READ_CONSUME_CHECK_CONSUMER) timestamp=1611 ms, used_size=10422272 bytes (25.4%)
(RDMA_READ_CONSUME_CHECK_CONSUMER) timestamp=1611 ms, used_size=10420224 bytes (25.4%)
(RDMA_READ_CONSUME_CHECK_CONSUMER) timestamp=1611 ms, used_size=10418176 bytes (25.4%)
(RDMA_READ_CONSUME_CHECK_CONSUMER) timestamp=1611 ms, used_size=10416128 bytes (25.4%)
(RDMA_READ_CONSUME_CHECK_CONSUMER) timestamp=1611 ms, used_size=10414080 bytes (25.4%)
(RDMA_READ_CONSUME_CHECK_CONSUMER) timestamp=1611 ms, used_size=10412032 bytes (25.4%)
(RDMA_READ_CONSUME_CHECK_CONSUMER) timestamp=1611 ms, used_size=10409984 bytes (25.4%)
(RDMA_READ_CONSUME_CHECK_CONSUMER) timestamp=1611 ms, used_size=10407936 bytes (25.4%)
(RDMA_READ_CONSUME_CHECK_CONSUMER) timestamp=1611 ms, used_size=10405888 bytes (25.4%)
(RDMA_READ_CONSUME_CHECK_CONSUMER) timestamp=1611 ms, used_size=10403840 bytes (25.4%)
(RDMA_READ_CONSUME_CHECK_CONSUMER) timestamp=1611 ms, used_size=10401792 bytes (25.4%)
(RDMA_READ_CONSUME_CHECK_CONSUMER) timestamp=1611 ms, used_size=10399744 bytes (25.4%)
(RDMA_READ_CONSUME_CHECK_CONSUMER) timestamp=1611 ms, used_size=10397696 bytes (25.4%)
(RDMA_READ_CONSUME_CHECK_CONSUMER) timestamp=1611 ms, used_size=10395648 bytes (25.4%)
(RDMA_READ_CONSUME_CHECK_CONSUMER) timestamp=1611 ms, used_size=10393600 bytes (25.4%)
(RDMA_READ_CONSUME_CHECK_CONSUMER) timestamp=1611 ms, used_size=10391552 bytes (25.4%)
(RDMA_READ_CONSUME_CHECK_CONSUMER) timestamp=1611 ms, used_size=10389504 bytes (25.4%)
(RDMA_READ_CONSUME_CHECK_CONSUMER) timestamp=1611 ms, used_size=10387456 bytes (25.4%)
(RDMA_READ_CONSUME_CHECK_CONSUMER) timestamp=1611 ms, used_size=10385408 bytes (25.4%)
(RDMA_READ_CONSUME_CHECK_CONSUMER) timestamp=1611 ms, used_size=10383360 bytes (25.4%)
(RDMA_READ_CONSUME_CHECK_CONSUMER) timestamp=1611 ms, used_size=10381312 bytes (25.3%)
(RDMA_READ_CONSUME_CHECK_CONSUMER) timestamp=1611 ms, used_size=10379264 bytes (25.3%)
(RDMA_READ_CONSUME_CHECK_CONSUMER) timestamp=1611 ms, used_size=10377216 bytes (25.3%)
(RDMA_READ_CONSUME_CHECK_CONSUMER) timestamp=1611 ms, used_size=10375168 bytes (25.3%)
(RDMA_READ_CONSUME_CHECK_CONSUMER) timestamp=1611 ms, used_size=10373120 bytes (25.3%)
(RDMA_READ_CONSUME_CHECK_CONSUMER) timestamp=1611 ms, used_size=10371072 bytes (25.3%)
(RDMA_READ_CONSUME_CHECK_CONSUMER) timestamp=1611 ms, used_size=10369024 bytes (25.3%)
(RDMA_READ_CONSUME_CHECK_CONSUMER) timestamp=1611 ms, used_size=10366976 bytes (25.3%)
(RDMA_READ_CONSUME_CHECK_CONSUMER) timestamp=1611 ms, used_size=10364928 bytes (25.3%)
(RDMA_READ_CONSUME_CHECK_CONSUMER) timestamp=1611 ms, used_size=10362880 bytes (25.3%)
(RDMA_READ_CONSUME_CHECK_CONSUMER) timestamp=1611 ms, used_size=10360832 bytes (25.3%)
(RDMA_READ_CONSUME_CHECK_CONSUMER) timestamp=1611 ms, used_size=10358784 bytes (25.3%)
(RDMA_READ_CONSUME_CHECK_CONSUMER) timestamp=1611 ms, used_size=10356736 bytes (25.3%)
(RDMA_READ_CONSUME_CHECK_CONSUMER) timestamp=1611 ms, used_size=10354688 bytes (25.3%)
(RDMA_READ_CONSUME_CHECK_CONSUMER) timestamp=1611 ms, used_size=10352640 bytes (25.3%)
(RDMA_READ_CONSUME_CHECK_CONSUMER) timestamp=1611 ms, used_size=10350592 bytes (25.3%)
(RDMA_READ_CONSUME_CHECK_CONSUMER) timestamp=1611 ms, used_size=10348544 bytes (25.3%)
(RDMA_READ_CONSUME_CHECK_CONSUMER) timestamp=1611 ms, used_size=10346496 bytes (25.3%)
(RDMA_READ_CONSUME_CHECK_CONSUMER) timestamp=1611 ms, used_size=10344448 bytes (25.3%)
(RDMA_READ_CONSUME_CHECK_CONSUMER) timestamp=1611 ms, used_size=10342400 bytes (25.2%)
(RDMA_READ_CONSUME_CHECK_CONSUMER) timestamp=1611 ms, used_size=10340352 bytes (25.2%)
(RDMA_READ_CONSUME_CHECK_CONSUMER) timestamp=1611 ms, used_size=10338304 bytes (25.2%)
(RDMA_READ_CONSUME_CHECK_CONSUMER) timestamp=1611 ms, used_size=10336256 bytes (25.2%)
(RDMA_READ_CONSUME_CHECK_CONSUMER) timestamp=1611 ms, used_size=10334208 bytes (25.2%)
(RDMA_READ_CONSUME_CHECK_CONSUMER) timestamp=1611 ms, used_size=10332160 bytes (25.2%)
(RDMA_READ_CONSUME_CHECK_CONSUMER) timestamp=1611 ms, used_size=10330112 bytes (25.2%)
(RDMA_READ_CONSUME_CHECK_CONSUMER) timestamp=1611 ms, used_size=10328064 bytes (25.2%)
(RDMA_READ_CONSUME_CHECK_CONSUMER) timestamp=1611 ms, used_size=10326016 bytes (25.2%)
(RDMA_READ_CONSUME_CHECK_CONSUMER) timestamp=1611 ms, used_size=10323968 bytes (25.2%)
(RDMA_READ_CONSUME_CHECK_CONSUMER) timestamp=1611 ms, used_size=10321920 bytes (25.2%)
(RDMA_READ_CONSUME_CHECK_CONSUMER) timestamp=1611 ms, used_size=10319872 bytes (25.2%)
(RDMA_READ_CONSUME_CHECK_CONSUMER) timestamp=1611 ms, used_size=10317824 bytes (25.2%)
(RDMA_READ_CONSUME_CHECK_CONSUMER) timestamp=1611 ms, used_size=10315776 bytes (25.2%)
(RDMA_READ_CONSUME_CHECK_CONSUMER) timestamp=1611 ms, used_size=10313728 bytes (25.2%)
(RDMA_READ_CONSUME_CHECK_CONSUMER) timestamp=1611 ms, used_size=10311680 bytes (25.2%)
(RDMA_READ_CONSUME_CHECK_CONSUMER) timestamp=1611 ms, used_size=10309632 bytes (25.2%)
(RDMA_READ_CONSUME_CHECK_CONSUMER) timestamp=1611 ms, used_size=10307584 bytes (25.2%)
(RDMA_READ_CONSUME_CHECK_CONSUMER) timestamp=1611 ms, used_size=10305536 bytes (25.2%)
(RDMA_READ_CONSUME_CHECK_CONSUMER) timestamp=1611 ms, used_size=10303488 bytes (25.2%)
(RDMA_READ_CONSUME_CHECK_CONSUMER) timestamp=1611 ms, used_size=10301440 bytes (25.1%)
(RDMA_READ_CONSUME_CHECK_CONSUMER) timestamp=1611 ms, used_size=10299392 bytes (25.1%)
(RDMA_READ_CONSUME_CHECK_CONSUMER) timestamp=1611 ms, used_size=10297344 bytes (25.1%)
(RDMA_READ_CONSUME_CHECK_CONSUMER) timestamp=1611 ms, used_size=10295296 bytes (25.1%)
(RDMA_READ_CONSUME_CHECK_CONSUMER) timestamp=1611 ms, used_size=10293248 bytes (25.1%)
(RDMA_READ_CONSUME_CHECK_CONSUMER) timestamp=1611 ms, used_size=10291200 bytes (25.1%)
(RDMA_READ_CONSUME_CHECK_CONSUMER) timestamp=1611 ms, used_size=10289152 bytes (25.1%)
(RDMA_READ_CONSUME_CHECK_CONSUMER) timestamp=1611 ms, used_size=10287104 bytes (25.1%)
(RDMA_READ_CONSUME_CHECK_CONSUMER) timestamp=1611 ms, used_size=10285056 bytes (25.1%)
(RDMA_READ_CONSUME_CHECK_CONSUMER) timestamp=1611 ms, used_size=10283008 bytes (25.1%)
(RDMA_READ_CONSUME_CHECK_CONSUMER) timestamp=1611 ms, used_size=10280960 bytes (25.1%)
(RDMA_READ_CONSUME_CHECK_CONSUMER) timestamp=1611 ms, used_size=10278912 bytes (25.1%)
(RDMA_READ_CONSUME_CHECK_CONSUMER) timestamp=1611 ms, used_size=10276864 bytes (25.1%)
(RDMA_READ_CONSUME_CHECK_CONSUMER) timestamp=1611 ms, used_size=10274816 bytes (25.1%)
(RDMA_READ_CONSUME_CHECK_CONSUMER) timestamp=1611 ms, used_size=10272768 bytes (25.1%)
(RDMA_READ_CONSUME_CHECK_CONSUMER) timestamp=1611 ms, used_size=10270720 bytes (25.1%)
(RDMA_READ_CONSUME_CHECK_CONSUMER) timestamp=1611 ms, used_size=10268672 bytes (25.1%)
(RDMA_READ_CONSUME_CHECK_CONSUMER) timestamp=1611 ms, used_size=10266624 bytes (25.1%)
(RDMA_READ_CONSUME_CHECK_CONSUMER) timestamp=1611 ms, used_size=10264576 bytes (25.1%)
(RDMA_READ_CONSUME_CHECK_CONSUMER) timestamp=1611 ms, used_size=10262528 bytes (25.1%)
(RDMA_READ_CONSUME_CHECK_CONSUMER) timestamp=1611 ms, used_size=10260480 bytes (25.1%)
(RDMA_READ_CONSUME_CHECK_CONSUMER) timestamp=1611 ms, used_size=10258432 bytes (25.0%)
(RDMA_READ_CONSUME_CHECK_CONSUMER) timestamp=1611 ms, used_size=10256384 bytes (25.0%)
(RDMA_READ_CONSUME_CHECK_CONSUMER) timestamp=1611 ms, used_size=10254336 bytes (25.0%)
(RDMA_READ_CONSUME_CHECK_CONSUMER) timestamp=1611 ms, used_size=10252288 bytes (25.0%)
(RDMA_READ_CONSUME_CHECK_CONSUMER) timestamp=1611 ms, used_size=10250240 bytes (25.0%)
(RDMA_READ_CONSUME_CHECK_CONSUMER) timestamp=1611 ms, used_size=10248192 bytes (25.0%)
(RDMA_READ_CONSUME_CHECK_CONSUMER) timestamp=1611 ms, used_size=10246144 bytes (25.0%)
(RDMA_READ_CONSUME_CHECK_CONSUMER) timestamp=1611 ms, used_size=10244096 bytes (25.0%)
(RDMA_READ_CONSUME_CHECK_CONSUMER) timestamp=1611 ms, used_size=10242048 bytes (25.0%)
(RDMA_READ_CONSUME_CHECK_CONSUMER) timestamp=1611 ms, used_size=10240000 bytes (25.0%)
(RDMA_READ_CONSUME_CHECK_CONSUMER) timestamp=1611 ms, used_size=10237952 bytes (25.0%)
(RDMA_READ_CONSUME_CHECK_CONSUMER) timestamp=1611 ms, used_size=10235904 bytes (25.0%)
(RDMA_READ_CONSUME_CHECK_CONSUMER) timestamp=1611 ms, used_size=10233856 bytes (25.0%)
(RDMA_READ_CONSUME_CHECK_CONSUMER) timestamp=1611 ms, used_size=10231808 bytes (25.0%)
(RDMA_READ_CONSUME_CHECK_CONSUMER) timestamp=1611 ms, used_size=10229760 bytes (25.0%)
(RDMA_READ_CONSUME_CHECK_CONSUMER) timestamp=1611 ms, used_size=10227712 bytes (25.0%)
(RDMA_READ_CONSUME_CHECK_CONSUMER) timestamp=1611 ms, used_size=10225664 bytes (25.0%)
(RDMA_READ_CONSUME_CHECK_CONSUMER) timestamp=1611 ms, used_size=10223616 bytes (25.0%)
(RDMA_READ_CONSUME_CHECK_CONSUMER) timestamp=1611 ms, used_size=10221568 bytes (25.0%)
(RDMA_READ_CONSUME_CHECK_CONSUMER) timestamp=1611 ms, used_size=10219520 bytes (24.9%)
(RDMA_READ_CONSUME_CHECK_CONSUMER) timestamp=1611 ms, used_size=10217472 bytes (24.9%)
(RDMA_READ_CONSUME_CHECK_CONSUMER) timestamp=1611 ms, used_size=10215424 bytes (24.9%)
(RDMA_READ_CONSUME_CHECK_CONSUMER) timestamp=1611 ms, used_size=10213376 bytes (24.9%)
(RDMA_READ_CONSUME_CHECK_CONSUMER) timestamp=1611 ms, used_size=10211328 bytes (24.9%)
(RDMA_READ_CONSUME_CHECK_CONSUMER) timestamp=1611 ms, used_size=10209280 bytes (24.9%)
(RDMA_READ_CONSUME_CHECK_CONSUMER) timestamp=1611 ms, used_size=10207232 bytes (24.9%)
(RDMA_READ_CONSUME_CHECK_CONSUMER) timestamp=1611 ms, used_size=10205184 bytes (24.9%)
(RDMA_READ_CONSUME_CHECK_CONSUMER) timestamp=1611 ms, used_size=10203136 bytes (24.9%)
(RDMA_READ_CONSUME_CHECK_CONSUMER) timestamp=1611 ms, used_size=10201088 bytes (24.9%)
(RDMA_READ_CONSUME_CHECK_CONSUMER) timestamp=1611 ms, used_size=10199040 bytes (24.9%)
(RDMA_READ_CONSUME_CHECK_CONSUMER) timestamp=1611 ms, used_size=10196992 bytes (24.9%)
(RDMA_READ_CONSUME_CHECK_CONSUMER) timestamp=1611 ms, used_size=10194944 bytes (24.9%)
(RDMA_READ_CONSUME_CHECK_CONSUMER) timestamp=1611 ms, used_size=10192896 bytes (24.9%)
(RDMA_READ_CONSUME_CHECK_CONSUMER) timestamp=1611 ms, used_size=10190848 bytes (24.9%)
(RDMA_READ_CONSUME_CHECK_CONSUMER) timestamp=1611 ms, used_size=10188800 bytes (24.9%)
(RDMA_READ_CONSUME_CHECK_CONSUMER) timestamp=1611 ms, used_size=10186752 bytes (24.9%)
(RDMA_READ_CONSUME_CHECK_CONSUMER) timestamp=1611 ms, used_size=10184704 bytes (24.9%)
(RDMA_READ_CONSUME_CHECK_CONSUMER) timestamp=1611 ms, used_size=10182656 bytes (24.9%)
(RDMA_READ_CONSUME_CHECK_CONSUMER) timestamp=1611 ms, used_size=10180608 bytes (24.9%)
(RDMA_READ_CONSUME_CHECK_CONSUMER) timestamp=1611 ms, used_size=10178560 bytes (24.9%)
(RDMA_READ_CONSUME_CHECK_CONSUMER) timestamp=1611 ms, used_size=10176512 bytes (24.8%)
(RDMA_READ_CONSUME_CHECK_CONSUMER) timestamp=1611 ms, used_size=10174464 bytes (24.8%)
(RDMA_READ_CONSUME_CHECK_CONSUMER) timestamp=1611 ms, used_size=10172416 bytes (24.8%)
(RDMA_READ_CONSUME_CHECK_CONSUMER) timestamp=1611 ms, used_size=10170368 bytes (24.8%)
(RDMA_READ_CONSUME_CHECK_CONSUMER) timestamp=1611 ms, used_size=10168320 bytes (24.8%)
(RDMA_READ_CONSUME_CHECK_CONSUMER) timestamp=1611 ms, used_size=10166272 bytes (24.8%)
(RDMA_READ_CONSUME_CHECK_CONSUMER) timestamp=1611 ms, used_size=10164224 bytes (24.8%)
(RDMA_READ_CONSUME_CHECK_CONSUMER) timestamp=1611 ms, used_size=10162176 bytes (24.8%)
(RDMA_READ_CONSUME_CHECK_CONSUMER) timestamp=1611 ms, used_size=10160128 bytes (24.8%)
(RDMA_READ_CONSUME_CHECK_CONSUMER) timestamp=1611 ms, used_size=10158080 bytes (24.8%)
(RDMA_READ_CONSUME_CHECK_CONSUMER) timestamp=1611 ms, used_size=10156032 bytes (24.8%)
(RDMA_READ_CONSUME_CHECK_CONSUMER) timestamp=1611 ms, used_size=10153984 bytes (24.8%)
(RDMA_READ_CONSUME_CHECK_CONSUMER) timestamp=1611 ms, used_size=10151936 bytes (24.8%)
(RDMA_READ_CONSUME_CHECK_CONSUMER) timestamp=1611 ms, used_size=10149888 bytes (24.8%)
(RDMA_READ_CONSUME_CHECK_CONSUMER) timestamp=1611 ms, used_size=10147840 bytes (24.8%)
(RDMA_READ_CONSUME_CHECK_CONSUMER) timestamp=1611 ms, used_size=10145792 bytes (24.8%)
(RDMA_READ_CONSUME_CHECK_CONSUMER) timestamp=1611 ms, used_size=10143744 bytes (24.8%)
(RDMA_READ_CONSUME_CHECK_CONSUMER) timestamp=1611 ms, used_size=10141696 bytes (24.8%)
(RDMA_READ_CONSUME_CHECK_CONSUMER) timestamp=1612 ms, used_size=10139648 bytes (24.8%)
(RDMA_READ_CONSUME_CHECK_CONSUMER) timestamp=1612 ms, used_size=10137600 bytes (24.8%)
(RDMA_READ_CONSUME_CHECK_CONSUMER) timestamp=1612 ms, used_size=10135552 bytes (24.7%)
(RDMA_READ_CONSUME_CHECK_CONSUMER) timestamp=1612 ms, used_size=10133504 bytes (24.7%)
(RDMA_READ_CONSUME_CHECK_CONSUMER) timestamp=1612 ms, used_size=10131456 bytes (24.7%)
(RDMA_READ_CONSUME_CHECK_CONSUMER) timestamp=1612 ms, used_size=10129408 bytes (24.7%)
(RDMA_READ_CONSUME_CHECK_CONSUMER) timestamp=1612 ms, used_size=10127360 bytes (24.7%)
(RDMA_READ_CONSUME_CHECK_CONSUMER) timestamp=1612 ms, used_size=10125312 bytes (24.7%)
(RDMA_READ_CONSUME_CHECK_CONSUMER) timestamp=1612 ms, used_size=10123264 bytes (24.7%)
(RDMA_READ_CONSUME_CHECK_CONSUMER) timestamp=1612 ms, used_size=10121216 bytes (24.7%)
(RDMA_READ_CONSUME_CHECK_CONSUMER) timestamp=1612 ms, used_size=10119168 bytes (24.7%)
(RDMA_READ_CONSUME_CHECK_CONSUMER) timestamp=1612 ms, used_size=10117120 bytes (24.7%)
(RDMA_READ_CONSUME_CHECK_CONSUMER) timestamp=1612 ms, used_size=10115072 bytes (24.7%)
(RDMA_READ_CONSUME_CHECK_CONSUMER) timestamp=1612 ms, used_size=10113024 bytes (24.7%)
(RDMA_READ_CONSUME_CHECK_CONSUMER) timestamp=1612 ms, used_size=10110976 bytes (24.7%)
(RDMA_READ_CONSUME_CHECK_CONSUMER) timestamp=1612 ms, used_size=10108928 bytes (24.7%)
(RDMA_READ_CONSUME_CHECK_CONSUMER) timestamp=1612 ms, used_size=10106880 bytes (24.7%)
(RDMA_READ_CONSUME_CHECK_CONSUMER) timestamp=1612 ms, used_size=10104832 bytes (24.7%)
(RDMA_READ_CONSUME_CHECK_CONSUMER) timestamp=1612 ms, used_size=10102784 bytes (24.7%)
(RDMA_READ_CONSUME_CHECK_CONSUMER) timestamp=1612 ms, used_size=10100736 bytes (24.7%)
(RDMA_READ_CONSUME_CHECK_CONSUMER) timestamp=1612 ms, used_size=10098688 bytes (24.7%)
(RDMA_READ_CONSUME_CHECK_CONSUMER) timestamp=1612 ms, used_size=10096640 bytes (24.6%)
(RDMA_READ_CONSUME_CHECK_CONSUMER) timestamp=1612 ms, used_size=10094592 bytes (24.6%)
(RDMA_READ_CONSUME_CHECK_CONSUMER) timestamp=1612 ms, used_size=10092544 bytes (24.6%)
(RDMA_READ_CONSUME_CHECK_CONSUMER) timestamp=1612 ms, used_size=10090496 bytes (24.6%)
(RDMA_READ_CONSUME_CHECK_CONSUMER) timestamp=1612 ms, used_size=10088448 bytes (24.6%)
(RDMA_READ_CONSUME_CHECK_CONSUMER) timestamp=1612 ms, used_size=10086400 bytes (24.6%)
(RDMA_READ_CONSUME_CHECK_CONSUMER) timestamp=1612 ms, used_size=10084352 bytes (24.6%)
(RDMA_READ_CONSUME_CHECK_CONSUMER) timestamp=1612 ms, used_size=10082304 bytes (24.6%)
(RDMA_READ_CONSUME_CHECK_CONSUMER) timestamp=1612 ms, used_size=10080256 bytes (24.6%)
(RDMA_READ_CONSUME_CHECK_CONSUMER) timestamp=1612 ms, used_size=10078208 bytes (24.6%)
(RDMA_READ_CONSUME_CHECK_CONSUMER) timestamp=1612 ms, used_size=10076160 bytes (24.6%)
(RDMA_READ_CONSUME_CHECK_CONSUMER) timestamp=1612 ms, used_size=10074112 bytes (24.6%)
(RDMA_READ_CONSUME_CHECK_CONSUMER) timestamp=1612 ms, used_size=10072064 bytes (24.6%)
(RDMA_READ_CONSUME_CHECK_CONSUMER) timestamp=1612 ms, used_size=10070016 bytes (24.6%)
(RDMA_READ_CONSUME_CHECK_CONSUMER) timestamp=1612 ms, used_size=10067968 bytes (24.6%)
(RDMA_READ_CONSUME_CHECK_CONSUMER) timestamp=1612 ms, used_size=10065920 bytes (24.6%)
(RDMA_READ_CONSUME_CHECK_CONSUMER) timestamp=1612 ms, used_size=10063872 bytes (24.6%)
(RDMA_READ_CONSUME_CHECK_CONSUMER) timestamp=1612 ms, used_size=10061824 bytes (24.6%)
(RDMA_READ_CONSUME_CHECK_CONSUMER) timestamp=1612 ms, used_size=10059776 bytes (24.6%)
(RDMA_READ_CONSUME_CHECK_CONSUMER) timestamp=1612 ms, used_size=10057728 bytes (24.6%)
(RDMA_READ_CONSUME_CHECK_CONSUMER) timestamp=1612 ms, used_size=10055680 bytes (24.6%)
(RDMA_READ_CONSUME_CHECK_CONSUMER) timestamp=1612 ms, used_size=10053632 bytes (24.5%)
(RDMA_READ_CONSUME_CHECK_CONSUMER) timestamp=1612 ms, used_size=10051584 bytes (24.5%)
(RDMA_READ_CONSUME_CHECK_CONSUMER) timestamp=1612 ms, used_size=10049536 bytes (24.5%)
(RDMA_READ_CONSUME_CHECK_CONSUMER) timestamp=1612 ms, used_size=10047488 bytes (24.5%)
(RDMA_READ_CONSUME_CHECK_CONSUMER) timestamp=1612 ms, used_size=10045440 bytes (24.5%)
(RDMA_READ_CONSUME_CHECK_CONSUMER) timestamp=1612 ms, used_size=10043392 bytes (24.5%)
(RDMA_READ_CONSUME_CHECK_CONSUMER) timestamp=1612 ms, used_size=10041344 bytes (24.5%)
(RDMA_READ_CONSUME_CHECK_CONSUMER) timestamp=1612 ms, used_size=10039296 bytes (24.5%)
(RDMA_READ_CONSUME_CHECK_CONSUMER) timestamp=1612 ms, used_size=10037248 bytes (24.5%)
(RDMA_READ_CONSUME_CHECK_CONSUMER) timestamp=1612 ms, used_size=10035200 bytes (24.5%)
(RDMA_READ_CONSUME_CHECK_CONSUMER) timestamp=1612 ms, used_size=10033152 bytes (24.5%)
(RDMA_READ_CONSUME_CHECK_CONSUMER) timestamp=1612 ms, used_size=10031104 bytes (24.5%)
(RDMA_READ_CONSUME_CHECK_CONSUMER) timestamp=1612 ms, used_size=10029056 bytes (24.5%)
(RDMA_READ_CONSUME_CHECK_CONSUMER) timestamp=1612 ms, used_size=10027008 bytes (24.5%)
(RDMA_READ_CONSUME_CHECK_CONSUMER) timestamp=1612 ms, used_size=10024960 bytes (24.5%)
(RDMA_READ_CONSUME_CHECK_CONSUMER) timestamp=1612 ms, used_size=10022912 bytes (24.5%)
(RDMA_READ_CONSUME_CHECK_CONSUMER) timestamp=1612 ms, used_size=10020864 bytes (24.5%)
(RDMA_READ_CONSUME_CHECK_CONSUMER) timestamp=1612 ms, used_size=10018816 bytes (24.5%)
(RDMA_READ_CONSUME_CHECK_CONSUMER) timestamp=1612 ms, used_size=10016768 bytes (24.5%)
(RDMA_READ_CONSUME_CHECK_CONSUMER) timestamp=1612 ms, used_size=10014720 bytes (24.4%)
(RDMA_READ_CONSUME_CHECK_CONSUMER) timestamp=1612 ms, used_size=10012672 bytes (24.4%)
(RDMA_READ_CONSUME_CHECK_CONSUMER) timestamp=1612 ms, used_size=10010624 bytes (24.4%)
(RDMA_READ_CONSUME_CHECK_CONSUMER) timestamp=1612 ms, used_size=10008576 bytes (24.4%)
(RDMA_READ_CONSUME_CHECK_CONSUMER) timestamp=1612 ms, used_size=10006528 bytes (24.4%)
(RDMA_READ_CONSUME_CHECK_CONSUMER) timestamp=1612 ms, used_size=10004480 bytes (24.4%)
(RDMA_READ_CONSUME_CHECK_CONSUMER) timestamp=1612 ms, used_size=10002432 bytes (24.4%)
(RDMA_READ_CONSUME_CHECK_CONSUMER) timestamp=1612 ms, used_size=10000384 bytes (24.4%)
(RDMA_READ_CONSUME_CHECK_CONSUMER) timestamp=1612 ms, used_size=9998336 bytes (24.4%)
(RDMA_READ_CONSUME_CHECK_CONSUMER) timestamp=1612 ms, used_size=9996288 bytes (24.4%)
(RDMA_READ_CONSUME_CHECK_CONSUMER) timestamp=1612 ms, used_size=9994240 bytes (24.4%)
(RDMA_READ_CONSUME_CHECK_CONSUMER) timestamp=1612 ms, used_size=9992192 bytes (24.4%)
(RDMA_READ_CONSUME_CHECK_CONSUMER) timestamp=1612 ms, used_size=9990144 bytes (24.4%)
(RDMA_READ_CONSUME_CHECK_CONSUMER) timestamp=1612 ms, used_size=9988096 bytes (24.4%)
(RDMA_READ_CONSUME_CHECK_CONSUMER) timestamp=1612 ms, used_size=9986048 bytes (24.4%)
(RDMA_READ_CONSUME_CHECK_CONSUMER) timestamp=1612 ms, used_size=9984000 bytes (24.4%)
(RDMA_READ_CONSUME_CHECK_CONSUMER) timestamp=1612 ms, used_size=9981952 bytes (24.4%)
(RDMA_READ_CONSUME_CHECK_CONSUMER) timestamp=1612 ms, used_size=9979904 bytes (24.4%)
(RDMA_READ_CONSUME_CHECK_CONSUMER) timestamp=1612 ms, used_size=9977856 bytes (24.4%)
(RDMA_READ_CONSUME_CHECK_CONSUMER) timestamp=1612 ms, used_size=9975808 bytes (24.4%)
(RDMA_READ_CONSUME_CHECK_CONSUMER) timestamp=1612 ms, used_size=9973760 bytes (24.4%)
(RDMA_READ_CONSUME_CHECK_CONSUMER) timestamp=1612 ms, used_size=9971712 bytes (24.3%)
(RDMA_READ_CONSUME_CHECK_CONSUMER) timestamp=1612 ms, used_size=9969664 bytes (24.3%)
(RDMA_READ_CONSUME_CHECK_CONSUMER) timestamp=1612 ms, used_size=9967616 bytes (24.3%)
(RDMA_READ_CONSUME_CHECK_CONSUMER) timestamp=1612 ms, used_size=9965568 bytes (24.3%)
(RDMA_READ_CONSUME_CHECK_CONSUMER) timestamp=1612 ms, used_size=9963520 bytes (24.3%)
(RDMA_READ_CONSUME_CHECK_CONSUMER) timestamp=1612 ms, used_size=9961472 bytes (24.3%)
(RDMA_READ_CONSUME_CHECK_CONSUMER) timestamp=1612 ms, used_size=9959424 bytes (24.3%)
(RDMA_READ_CONSUME_CHECK_CONSUMER) timestamp=1612 ms, used_size=9957376 bytes (24.3%)
(RDMA_READ_CONSUME_CHECK_CONSUMER) timestamp=1612 ms, used_size=9955328 bytes (24.3%)
(RDMA_READ_CONSUME_CHECK_CONSUMER) timestamp=1612 ms, used_size=9953280 bytes (24.3%)
(RDMA_READ_CONSUME_CHECK_CONSUMER) timestamp=1612 ms, used_size=9951232 bytes (24.3%)
(RDMA_READ_CONSUME_CHECK_CONSUMER) timestamp=1612 ms, used_size=9949184 bytes (24.3%)
(RDMA_READ_CONSUME_CHECK_CONSUMER) timestamp=1612 ms, used_size=9947136 bytes (24.3%)
(RDMA_READ_CONSUME_CHECK_CONSUMER) timestamp=1612 ms, used_size=9945088 bytes (24.3%)
(RDMA_READ_CONSUME_CHECK_CONSUMER) timestamp=1612 ms, used_size=9943040 bytes (24.3%)
(RDMA_READ_CONSUME_CHECK_CONSUMER) timestamp=1612 ms, used_size=9940992 bytes (24.3%)
(RDMA_READ_CONSUME_CHECK_CONSUMER) timestamp=1612 ms, used_size=9938944 bytes (24.3%)
(RDMA_READ_CONSUME_CHECK_CONSUMER) timestamp=1612 ms, used_size=9936896 bytes (24.3%)
(RDMA_READ_CONSUME_CHECK_CONSUMER) timestamp=1612 ms, used_size=9934848 bytes (24.3%)
(RDMA_READ_CONSUME_CHECK_CONSUMER) timestamp=1612 ms, used_size=9932800 bytes (24.2%)
(RDMA_READ_CONSUME_CHECK_CONSUMER) timestamp=1612 ms, used_size=9930752 bytes (24.2%)
(RDMA_READ_CONSUME_CHECK_CONSUMER) timestamp=1612 ms, used_size=9928704 bytes (24.2%)
(RDMA_READ_CONSUME_CHECK_CONSUMER) timestamp=1612 ms, used_size=9926656 bytes (24.2%)
(RDMA_READ_CONSUME_CHECK_CONSUMER) timestamp=1612 ms, used_size=9924608 bytes (24.2%)
(RDMA_READ_CONSUME_CHECK_CONSUMER) timestamp=1612 ms, used_size=9922560 bytes (24.2%)
(RDMA_READ_CONSUME_CHECK_CONSUMER) timestamp=1612 ms, used_size=9920512 bytes (24.2%)
(RDMA_READ_CONSUME_CHECK_CONSUMER) timestamp=1612 ms, used_size=9918464 bytes (24.2%)
(RDMA_READ_CONSUME_CHECK_CONSUMER) timestamp=1612 ms, used_size=9916416 bytes (24.2%)
(RDMA_READ_CONSUME_CHECK_CONSUMER) timestamp=1612 ms, used_size=9914368 bytes (24.2%)
(RDMA_READ_CONSUME_CHECK_CONSUMER) timestamp=1612 ms, used_size=9912320 bytes (24.2%)
(RDMA_READ_CONSUME_CHECK_CONSUMER) timestamp=1612 ms, used_size=9910272 bytes (24.2%)
(RDMA_READ_CONSUME_CHECK_CONSUMER) timestamp=1612 ms, used_size=9908224 bytes (24.2%)
(RDMA_READ_CONSUME_CHECK_CONSUMER) timestamp=1612 ms, used_size=9906176 bytes (24.2%)
(RDMA_READ_CONSUME_CHECK_CONSUMER) timestamp=1612 ms, used_size=9904128 bytes (24.2%)
(RDMA_READ_CONSUME_CHECK_CONSUMER) timestamp=1612 ms, used_size=9902080 bytes (24.2%)
(RDMA_READ_CONSUME_CHECK_CONSUMER) timestamp=1612 ms, used_size=9900032 bytes (24.2%)
(RDMA_READ_CONSUME_CHECK_CONSUMER) timestamp=1612 ms, used_size=9897984 bytes (24.2%)
(RDMA_READ_CONSUME_CHECK_CONSUMER) timestamp=1612 ms, used_size=9895936 bytes (24.2%)
(RDMA_READ_CONSUME_CHECK_CONSUMER) timestamp=1612 ms, used_size=9893888 bytes (24.2%)
(RDMA_READ_CONSUME_CHECK_CONSUMER) timestamp=1612 ms, used_size=9891840 bytes (24.1%)
(RDMA_READ_CONSUME_CHECK_CONSUMER) timestamp=1612 ms, used_size=9889792 bytes (24.1%)
(RDMA_READ_CONSUME_CHECK_CONSUMER) timestamp=1612 ms, used_size=9887744 bytes (24.1%)
(RDMA_READ_CONSUME_CHECK_CONSUMER) timestamp=1612 ms, used_size=9885696 bytes (24.1%)
(RDMA_READ_CONSUME_CHECK_CONSUMER) timestamp=1612 ms, used_size=9883648 bytes (24.1%)
(RDMA_READ_CONSUME_CHECK_CONSUMER) timestamp=1612 ms, used_size=9881600 bytes (24.1%)
(RDMA_READ_CONSUME_CHECK_CONSUMER) timestamp=1612 ms, used_size=9879552 bytes (24.1%)
(RDMA_READ_CONSUME_CHECK_CONSUMER) timestamp=1612 ms, used_size=9877504 bytes (24.1%)
(RDMA_READ_CONSUME_CHECK_CONSUMER) timestamp=1612 ms, used_size=9875456 bytes (24.1%)
(RDMA_READ_CONSUME_CHECK_CONSUMER) timestamp=1612 ms, used_size=9873408 bytes (24.1%)
(RDMA_READ_CONSUME_CHECK_CONSUMER) timestamp=1612 ms, used_size=9871360 bytes (24.1%)
(RDMA_READ_CONSUME_CHECK_CONSUMER) timestamp=1612 ms, used_size=9869312 bytes (24.1%)
(RDMA_READ_CONSUME_CHECK_CONSUMER) timestamp=1612 ms, used_size=9867264 bytes (24.1%)
(RDMA_READ_CONSUME_CHECK_CONSUMER) timestamp=1612 ms, used_size=9865216 bytes (24.1%)
(RDMA_READ_CONSUME_CHECK_CONSUMER) timestamp=1612 ms, used_size=9863168 bytes (24.1%)
(RDMA_READ_CONSUME_CHECK_CONSUMER) timestamp=1612 ms, used_size=9861120 bytes (24.1%)
(RDMA_READ_CONSUME_CHECK_CONSUMER) timestamp=1612 ms, used_size=9859072 bytes (24.1%)
(RDMA_READ_CONSUME_CHECK_CONSUMER) timestamp=1612 ms, used_size=9857024 bytes (24.1%)
(RDMA_READ_CONSUME_CHECK_CONSUMER) timestamp=1612 ms, used_size=9854976 bytes (24.1%)
(RDMA_READ_CONSUME_CHECK_CONSUMER) timestamp=1612 ms, used_size=9852928 bytes (24.1%)
(RDMA_READ_CONSUME_CHECK_CONSUMER) timestamp=1612 ms, used_size=9850880 bytes (24.1%)
(RDMA_READ_CONSUME_CHECK_CONSUMER) timestamp=1612 ms, used_size=9848832 bytes (24.0%)
(RDMA_READ_CONSUME_CHECK_CONSUMER) timestamp=1612 ms, used_size=9846784 bytes (24.0%)
(RDMA_READ_CONSUME_CHECK_CONSUMER) timestamp=1612 ms, used_size=9844736 bytes (24.0%)
(RDMA_READ_CONSUME_CHECK_CONSUMER) timestamp=1612 ms, used_size=9842688 bytes (24.0%)
(RDMA_READ_CONSUME_CHECK_CONSUMER) timestamp=1612 ms, used_size=9840640 bytes (24.0%)
(RDMA_READ_CONSUME_CHECK_CONSUMER) timestamp=1612 ms, used_size=9838592 bytes (24.0%)
(RDMA_READ_CONSUME_CHECK_CONSUMER) timestamp=1612 ms, used_size=9836544 bytes (24.0%)
(RDMA_READ_CONSUME_CHECK_CONSUMER) timestamp=1612 ms, used_size=9834496 bytes (24.0%)
(RDMA_READ_CONSUME_CHECK_CONSUMER) timestamp=1612 ms, used_size=9832448 bytes (24.0%)
(RDMA_READ_CONSUME_CHECK_CONSUMER) timestamp=1612 ms, used_size=9830400 bytes (24.0%)
(RDMA_READ_CONSUME_CHECK_CONSUMER) timestamp=1612 ms, used_size=9828352 bytes (24.0%)
(RDMA_READ_CONSUME_CHECK_CONSUMER) timestamp=1612 ms, used_size=9826304 bytes (24.0%)
(RDMA_READ_CONSUME_CHECK_CONSUMER) timestamp=1612 ms, used_size=9824256 bytes (24.0%)
(RDMA_READ_CONSUME_CHECK_CONSUMER) timestamp=1612 ms, used_size=9822208 bytes (24.0%)
(RDMA_READ_CONSUME_CHECK_CONSUMER) timestamp=1612 ms, used_size=9820160 bytes (24.0%)
(RDMA_READ_CONSUME_CHECK_CONSUMER) timestamp=1612 ms, used_size=9818112 bytes (24.0%)
(RDMA_READ_CONSUME_CHECK_CONSUMER) timestamp=1612 ms, used_size=9816064 bytes (24.0%)
(RDMA_READ_CONSUME_CHECK_CONSUMER) timestamp=1612 ms, used_size=9814016 bytes (24.0%)
(RDMA_READ_CONSUME_CHECK_CONSUMER) timestamp=1612 ms, used_size=9811968 bytes (24.0%)
(RDMA_READ_CONSUME_CHECK_CONSUMER) timestamp=1612 ms, used_size=9809920 bytes (23.9%)
(RDMA_READ_CONSUME_CHECK_CONSUMER) timestamp=1612 ms, used_size=9807872 bytes (23.9%)
(RDMA_READ_CONSUME_CHECK_CONSUMER) timestamp=1612 ms, used_size=9805824 bytes (23.9%)
(RDMA_READ_CONSUME_CHECK_CONSUMER) timestamp=1612 ms, used_size=9803776 bytes (23.9%)
(RDMA_READ_CONSUME_CHECK_CONSUMER) timestamp=1612 ms, used_size=9801728 bytes (23.9%)
(RDMA_READ_CONSUME_CHECK_CONSUMER) timestamp=1612 ms, used_size=9799680 bytes (23.9%)
(RDMA_READ_CONSUME_CHECK_CONSUMER) timestamp=1612 ms, used_size=9797632 bytes (23.9%)
(RDMA_READ_CONSUME_CHECK_CONSUMER) timestamp=1612 ms, used_size=9795584 bytes (23.9%)
(RDMA_READ_CONSUME_CHECK_CONSUMER) timestamp=1612 ms, used_size=9793536 bytes (23.9%)
(RDMA_READ_CONSUME_CHECK_CONSUMER) timestamp=1612 ms, used_size=9791488 bytes (23.9%)
(RDMA_READ_CONSUME_CHECK_CONSUMER) timestamp=1612 ms, used_size=9789440 bytes (23.9%)
(RDMA_READ_CONSUME_CHECK_CONSUMER) timestamp=1612 ms, used_size=9787392 bytes (23.9%)
(RDMA_READ_CONSUME_CHECK_CONSUMER) timestamp=1612 ms, used_size=9785344 bytes (23.9%)
(RDMA_READ_CONSUME_CHECK_CONSUMER) timestamp=1612 ms, used_size=9783296 bytes (23.9%)
(RDMA_READ_CONSUME_CHECK_CONSUMER) timestamp=1612 ms, used_size=9781248 bytes (23.9%)
(RDMA_READ_CONSUME_CHECK_CONSUMER) timestamp=1612 ms, used_size=9779200 bytes (23.9%)
(RDMA_READ_CONSUME_CHECK_CONSUMER) timestamp=1612 ms, used_size=9777152 bytes (23.9%)
(RDMA_READ_CONSUME_CHECK_CONSUMER) timestamp=1612 ms, used_size=9775104 bytes (23.9%)
(RDMA_READ_CONSUME_CHECK_CONSUMER) timestamp=1612 ms, used_size=9773056 bytes (23.9%)
(RDMA_READ_CONSUME_CHECK_CONSUMER) timestamp=1612 ms, used_size=9771008 bytes (23.9%)
(RDMA_READ_CONSUME_CHECK_CONSUMER) timestamp=1613 ms, used_size=9768960 bytes (23.9%)
(RDMA_READ_CONSUME_CHECK_CONSUMER) timestamp=1613 ms, used_size=9766912 bytes (23.8%)
(RDMA_READ_CONSUME_CHECK_CONSUMER) timestamp=1613 ms, used_size=9764864 bytes (23.8%)
(RDMA_READ_CONSUME_CHECK_CONSUMER) timestamp=1613 ms, used_size=9762816 bytes (23.8%)
(RDMA_READ_CONSUME_CHECK_CONSUMER) timestamp=1613 ms, used_size=9760768 bytes (23.8%)
(RDMA_READ_CONSUME_CHECK_CONSUMER) timestamp=1613 ms, used_size=9758720 bytes (23.8%)
(RDMA_READ_CONSUME_CHECK_CONSUMER) timestamp=1613 ms, used_size=9756672 bytes (23.8%)
(RDMA_READ_CONSUME_CHECK_CONSUMER) timestamp=1613 ms, used_size=9754624 bytes (23.8%)
(RDMA_READ_CONSUME_CHECK_CONSUMER) timestamp=1613 ms, used_size=9752576 bytes (23.8%)
(RDMA_READ_CONSUME_CHECK_CONSUMER) timestamp=1613 ms, used_size=9750528 bytes (23.8%)
(RDMA_READ_CONSUME_CHECK_CONSUMER) timestamp=1613 ms, used_size=9748480 bytes (23.8%)
(RDMA_READ_CONSUME_CHECK_CONSUMER) timestamp=1613 ms, used_size=9746432 bytes (23.8%)
(RDMA_READ_CONSUME_CHECK_CONSUMER) timestamp=1613 ms, used_size=9744384 bytes (23.8%)
(RDMA_READ_CONSUME_CHECK_CONSUMER) timestamp=1613 ms, used_size=9742336 bytes (23.8%)
(RDMA_READ_CONSUME_CHECK_CONSUMER) timestamp=1613 ms, used_size=9740288 bytes (23.8%)
(RDMA_READ_CONSUME_CHECK_CONSUMER) timestamp=1613 ms, used_size=9738240 bytes (23.8%)
(RDMA_READ_CONSUME_CHECK_CONSUMER) timestamp=1613 ms, used_size=9736192 bytes (23.8%)
(RDMA_READ_CONSUME_CHECK_CONSUMER) timestamp=1613 ms, used_size=9734144 bytes (23.8%)
(RDMA_READ_CONSUME_CHECK_CONSUMER) timestamp=1613 ms, used_size=9732096 bytes (23.8%)
(RDMA_READ_CONSUME_CHECK_CONSUMER) timestamp=1613 ms, used_size=9730048 bytes (23.8%)
(RDMA_READ_CONSUME_CHECK_CONSUMER) timestamp=1613 ms, used_size=9728000 bytes (23.8%)
(RDMA_READ_CONSUME_CHECK_CONSUMER) timestamp=1613 ms, used_size=9725952 bytes (23.7%)
(RDMA_READ_CONSUME_CHECK_CONSUMER) timestamp=1613 ms, used_size=9723904 bytes (23.7%)
(RDMA_READ_CONSUME_CHECK_CONSUMER) timestamp=1613 ms, used_size=9721856 bytes (23.7%)
(RDMA_READ_CONSUME_CHECK_CONSUMER) timestamp=1613 ms, used_size=9719808 bytes (23.7%)
(RDMA_READ_CONSUME_CHECK_CONSUMER) timestamp=1613 ms, used_size=9717760 bytes (23.7%)
(RDMA_READ_CONSUME_CHECK_CONSUMER) timestamp=1613 ms, used_size=9715712 bytes (23.7%)
(RDMA_READ_CONSUME_CHECK_CONSUMER) timestamp=1613 ms, used_size=9713664 bytes (23.7%)
(RDMA_READ_CONSUME_CHECK_CONSUMER) timestamp=1613 ms, used_size=9711616 bytes (23.7%)
(RDMA_READ_CONSUME_CHECK_CONSUMER) timestamp=1613 ms, used_size=9709568 bytes (23.7%)
(RDMA_READ_CONSUME_CHECK_CONSUMER) timestamp=1613 ms, used_size=9707520 bytes (23.7%)
(RDMA_READ_CONSUME_CHECK_CONSUMER) timestamp=1613 ms, used_size=9705472 bytes (23.7%)
(RDMA_READ_CONSUME_CHECK_CONSUMER) timestamp=1613 ms, used_size=9703424 bytes (23.7%)
(RDMA_READ_CONSUME_CHECK_CONSUMER) timestamp=1613 ms, used_size=9701376 bytes (23.7%)
(RDMA_READ_CONSUME_CHECK_CONSUMER) timestamp=1613 ms, used_size=9699328 bytes (23.7%)
(RDMA_READ_CONSUME_CHECK_CONSUMER) timestamp=1613 ms, used_size=9697280 bytes (23.7%)
(RDMA_READ_CONSUME_CHECK_CONSUMER) timestamp=1613 ms, used_size=9695232 bytes (23.7%)
(RDMA_READ_CONSUME_CHECK_CONSUMER) timestamp=1613 ms, used_size=9693184 bytes (23.7%)
(RDMA_READ_CONSUME_CHECK_CONSUMER) timestamp=1613 ms, used_size=9691136 bytes (23.7%)
(RDMA_READ_CONSUME_CHECK_CONSUMER) timestamp=1613 ms, used_size=9689088 bytes (23.7%)
(RDMA_READ_CONSUME_CHECK_CONSUMER) timestamp=1613 ms, used_size=9687040 bytes (23.6%)
(RDMA_READ_CONSUME_CHECK_CONSUMER) timestamp=1613 ms, used_size=9684992 bytes (23.6%)
(RDMA_READ_CONSUME_CHECK_CONSUMER) timestamp=1613 ms, used_size=9682944 bytes (23.6%)
(RDMA_READ_CONSUME_CHECK_CONSUMER) timestamp=1613 ms, used_size=9680896 bytes (23.6%)
(RDMA_READ_CONSUME_CHECK_CONSUMER) timestamp=1613 ms, used_size=9678848 bytes (23.6%)
(RDMA_READ_CONSUME_CHECK_CONSUMER) timestamp=1613 ms, used_size=9676800 bytes (23.6%)
(RDMA_READ_CONSUME_CHECK_CONSUMER) timestamp=1613 ms, used_size=9674752 bytes (23.6%)
(RDMA_READ_CONSUME_CHECK_CONSUMER) timestamp=1613 ms, used_size=9672704 bytes (23.6%)
(RDMA_READ_CONSUME_CHECK_CONSUMER) timestamp=1613 ms, used_size=9670656 bytes (23.6%)
(RDMA_READ_CONSUME_CHECK_CONSUMER) timestamp=1613 ms, used_size=9668608 bytes (23.6%)
(RDMA_READ_CONSUME_CHECK_CONSUMER) timestamp=1613 ms, used_size=9666560 bytes (23.6%)
(RDMA_READ_CONSUME_CHECK_CONSUMER) timestamp=1613 ms, used_size=9664512 bytes (23.6%)
(RDMA_READ_CONSUME_CHECK_CONSUMER) timestamp=1613 ms, used_size=9662464 bytes (23.6%)
(RDMA_READ_CONSUME_CHECK_CONSUMER) timestamp=1613 ms, used_size=9660416 bytes (23.6%)
(RDMA_READ_CONSUME_CHECK_CONSUMER) timestamp=1613 ms, used_size=9658368 bytes (23.6%)
(RDMA_READ_CONSUME_CHECK_CONSUMER) timestamp=1613 ms, used_size=9656320 bytes (23.6%)
(RDMA_READ_CONSUME_CHECK_CONSUMER) timestamp=1613 ms, used_size=9654272 bytes (23.6%)
(RDMA_READ_CONSUME_CHECK_CONSUMER) timestamp=1613 ms, used_size=9652224 bytes (23.6%)
(RDMA_READ_CONSUME_CHECK_CONSUMER) timestamp=1613 ms, used_size=9650176 bytes (23.6%)
(RDMA_READ_CONSUME_CHECK_CONSUMER) timestamp=1613 ms, used_size=9648128 bytes (23.6%)
(RDMA_READ_CONSUME_CHECK_CONSUMER) timestamp=1613 ms, used_size=9646080 bytes (23.6%)
(RDMA_READ_CONSUME_CHECK_CONSUMER) timestamp=1613 ms, used_size=9644032 bytes (23.5%)
(RDMA_READ_CONSUME_CHECK_CONSUMER) timestamp=1613 ms, used_size=9641984 bytes (23.5%)
(RDMA_READ_CONSUME_CHECK_CONSUMER) timestamp=1613 ms, used_size=9639936 bytes (23.5%)
(RDMA_READ_CONSUME_CHECK_CONSUMER) timestamp=1613 ms, used_size=9637888 bytes (23.5%)
(RDMA_READ_CONSUME_CHECK_CONSUMER) timestamp=1613 ms, used_size=9635840 bytes (23.5%)
(RDMA_READ_CONSUME_CHECK_CONSUMER) timestamp=1613 ms, used_size=9633792 bytes (23.5%)
(RDMA_READ_CONSUME_CHECK_CONSUMER) timestamp=1613 ms, used_size=9631744 bytes (23.5%)
(RDMA_READ_CONSUME_CHECK_CONSUMER) timestamp=1613 ms, used_size=9629696 bytes (23.5%)
(RDMA_READ_CONSUME_CHECK_CONSUMER) timestamp=1613 ms, used_size=9627648 bytes (23.5%)
(RDMA_READ_CONSUME_CHECK_CONSUMER) timestamp=1613 ms, used_size=9625600 bytes (23.5%)
(RDMA_READ_CONSUME_CHECK_CONSUMER) timestamp=1613 ms, used_size=9623552 bytes (23.5%)
(RDMA_READ_CONSUME_CHECK_CONSUMER) timestamp=1613 ms, used_size=9621504 bytes (23.5%)
(RDMA_READ_CONSUME_CHECK_CONSUMER) timestamp=1613 ms, used_size=9619456 bytes (23.5%)
(RDMA_READ_CONSUME_CHECK_CONSUMER) timestamp=1613 ms, used_size=9617408 bytes (23.5%)
(RDMA_READ_CONSUME_CHECK_CONSUMER) timestamp=1613 ms, used_size=9615360 bytes (23.5%)
(RDMA_READ_CONSUME_CHECK_CONSUMER) timestamp=1613 ms, used_size=9613312 bytes (23.5%)
(RDMA_READ_CONSUME_CHECK_CONSUMER) timestamp=1613 ms, used_size=9611264 bytes (23.5%)
(RDMA_READ_CONSUME_CHECK_CONSUMER) timestamp=1613 ms, used_size=9609216 bytes (23.5%)
(RDMA_READ_CONSUME_CHECK_CONSUMER) timestamp=1613 ms, used_size=9607168 bytes (23.5%)
(RDMA_READ_CONSUME_CHECK_CONSUMER) timestamp=1613 ms, used_size=9605120 bytes (23.4%)
(RDMA_READ_CONSUME_CHECK_CONSUMER) timestamp=1613 ms, used_size=9603072 bytes (23.4%)
(RDMA_READ_CONSUME_CHECK_CONSUMER) timestamp=1613 ms, used_size=9601024 bytes (23.4%)
(RDMA_READ_CONSUME_CHECK_CONSUMER) timestamp=1613 ms, used_size=9598976 bytes (23.4%)
(RDMA_READ_CONSUME_CHECK_CONSUMER) timestamp=1613 ms, used_size=9596928 bytes (23.4%)
(RDMA_READ_CONSUME_CHECK_CONSUMER) timestamp=1613 ms, used_size=9594880 bytes (23.4%)
(RDMA_READ_CONSUME_CHECK_CONSUMER) timestamp=1613 ms, used_size=9592832 bytes (23.4%)
(RDMA_READ_CONSUME_CHECK_CONSUMER) timestamp=1613 ms, used_size=9590784 bytes (23.4%)
(RDMA_READ_CONSUME_CHECK_CONSUMER) timestamp=1613 ms, used_size=9588736 bytes (23.4%)
(RDMA_READ_CONSUME_CHECK_CONSUMER) timestamp=1613 ms, used_size=9586688 bytes (23.4%)
(RDMA_READ_CONSUME_CHECK_CONSUMER) timestamp=1613 ms, used_size=9584640 bytes (23.4%)
(RDMA_READ_CONSUME_CHECK_CONSUMER) timestamp=1613 ms, used_size=9582592 bytes (23.4%)
(RDMA_READ_CONSUME_CHECK_CONSUMER) timestamp=1613 ms, used_size=9580544 bytes (23.4%)
(RDMA_READ_CONSUME_CHECK_CONSUMER) timestamp=1613 ms, used_size=9578496 bytes (23.4%)
(RDMA_READ_CONSUME_CHECK_CONSUMER) timestamp=1613 ms, used_size=9576448 bytes (23.4%)
(RDMA_READ_CONSUME_CHECK_CONSUMER) timestamp=1613 ms, used_size=9574400 bytes (23.4%)
(RDMA_READ_CONSUME_CHECK_CONSUMER) timestamp=1613 ms, used_size=9572352 bytes (23.4%)
(RDMA_READ_CONSUME_CHECK_CONSUMER) timestamp=1613 ms, used_size=9570304 bytes (23.4%)
(RDMA_READ_CONSUME_CHECK_CONSUMER) timestamp=1613 ms, used_size=9568256 bytes (23.4%)
(RDMA_READ_CONSUME_CHECK_CONSUMER) timestamp=1613 ms, used_size=9566208 bytes (23.4%)
(RDMA_READ_CONSUME_CHECK_CONSUMER) timestamp=1613 ms, used_size=9564160 bytes (23.4%)
(RDMA_READ_CONSUME_CHECK_CONSUMER) timestamp=1613 ms, used_size=9562112 bytes (23.3%)
(RDMA_READ_CONSUME_CHECK_CONSUMER) timestamp=1613 ms, used_size=9560064 bytes (23.3%)
(RDMA_READ_CONSUME_CHECK_CONSUMER) timestamp=1613 ms, used_size=9558016 bytes (23.3%)
(RDMA_READ_CONSUME_CHECK_CONSUMER) timestamp=1613 ms, used_size=9555968 bytes (23.3%)
(RDMA_READ_CONSUME_CHECK_CONSUMER) timestamp=1613 ms, used_size=9553920 bytes (23.3%)
(RDMA_READ_CONSUME_CHECK_CONSUMER) timestamp=1613 ms, used_size=9551872 bytes (23.3%)
(RDMA_READ_CONSUME_CHECK_CONSUMER) timestamp=1613 ms, used_size=9549824 bytes (23.3%)
(RDMA_READ_CONSUME_CHECK_CONSUMER) timestamp=1613 ms, used_size=9547776 bytes (23.3%)
(RDMA_READ_CONSUME_CHECK_CONSUMER) timestamp=1613 ms, used_size=9545728 bytes (23.3%)
(RDMA_READ_CONSUME_CHECK_CONSUMER) timestamp=1613 ms, used_size=9543680 bytes (23.3%)
(RDMA_READ_CONSUME_CHECK_CONSUMER) timestamp=1613 ms, used_size=9541632 bytes (23.3%)
(RDMA_READ_CONSUME_CHECK_CONSUMER) timestamp=1613 ms, used_size=9539584 bytes (23.3%)
(RDMA_READ_CONSUME_CHECK_CONSUMER) timestamp=1613 ms, used_size=9537536 bytes (23.3%)
(RDMA_READ_CONSUME_CHECK_CONSUMER) timestamp=1613 ms, used_size=9535488 bytes (23.3%)
(RDMA_READ_CONSUME_CHECK_CONSUMER) timestamp=1613 ms, used_size=9533440 bytes (23.3%)
(RDMA_READ_CONSUME_CHECK_CONSUMER) timestamp=1613 ms, used_size=9531392 bytes (23.3%)
(RDMA_READ_CONSUME_CHECK_CONSUMER) timestamp=1613 ms, used_size=9529344 bytes (23.3%)
(RDMA_READ_CONSUME_CHECK_CONSUMER) timestamp=1613 ms, used_size=9527296 bytes (23.3%)
(RDMA_READ_CONSUME_CHECK_CONSUMER) timestamp=1613 ms, used_size=9525248 bytes (23.3%)
(RDMA_READ_CONSUME_CHECK_CONSUMER) timestamp=1613 ms, used_size=9523200 bytes (23.2%)
(RDMA_READ_CONSUME_CHECK_CONSUMER) timestamp=1613 ms, used_size=9521152 bytes (23.2%)
(RDMA_READ_CONSUME_CHECK_CONSUMER) timestamp=1613 ms, used_size=9519104 bytes (23.2%)
(RDMA_READ_CONSUME_CHECK_CONSUMER) timestamp=1613 ms, used_size=9517056 bytes (23.2%)
(RDMA_READ_CONSUME_CHECK_CONSUMER) timestamp=1613 ms, used_size=9515008 bytes (23.2%)
(RDMA_READ_CONSUME_CHECK_CONSUMER) timestamp=1613 ms, used_size=9512960 bytes (23.2%)
(RDMA_READ_CONSUME_CHECK_CONSUMER) timestamp=1613 ms, used_size=9510912 bytes (23.2%)
(RDMA_READ_CONSUME_CHECK_CONSUMER) timestamp=1613 ms, used_size=9508864 bytes (23.2%)
(RDMA_READ_CONSUME_CHECK_CONSUMER) timestamp=1613 ms, used_size=9506816 bytes (23.2%)
(RDMA_READ_CONSUME_CHECK_CONSUMER) timestamp=1613 ms, used_size=9504768 bytes (23.2%)
(RDMA_READ_CONSUME_CHECK_CONSUMER) timestamp=1613 ms, used_size=9502720 bytes (23.2%)
(RDMA_READ_CONSUME_CHECK_CONSUMER) timestamp=1613 ms, used_size=9500672 bytes (23.2%)
(RDMA_READ_CONSUME_CHECK_CONSUMER) timestamp=1613 ms, used_size=9498624 bytes (23.2%)
(RDMA_READ_CONSUME_CHECK_CONSUMER) timestamp=1613 ms, used_size=9496576 bytes (23.2%)
(RDMA_READ_CONSUME_CHECK_CONSUMER) timestamp=1613 ms, used_size=9494528 bytes (23.2%)
(RDMA_READ_CONSUME_CHECK_CONSUMER) timestamp=1613 ms, used_size=9492480 bytes (23.2%)
(RDMA_READ_CONSUME_CHECK_CONSUMER) timestamp=1613 ms, used_size=9490432 bytes (23.2%)
(RDMA_READ_CONSUME_CHECK_CONSUMER) timestamp=1613 ms, used_size=9488384 bytes (23.2%)
(RDMA_READ_CONSUME_CHECK_CONSUMER) timestamp=1613 ms, used_size=9486336 bytes (23.2%)
(RDMA_READ_CONSUME_CHECK_CONSUMER) timestamp=1613 ms, used_size=9484288 bytes (23.2%)
(RDMA_READ_CONSUME_CHECK_CONSUMER) timestamp=1613 ms, used_size=9482240 bytes (23.1%)
(RDMA_READ_CONSUME_CHECK_CONSUMER) timestamp=1613 ms, used_size=9480192 bytes (23.1%)
(RDMA_READ_CONSUME_CHECK_CONSUMER) timestamp=1613 ms, used_size=9478144 bytes (23.1%)
(RDMA_READ_CONSUME_CHECK_CONSUMER) timestamp=1613 ms, used_size=9476096 bytes (23.1%)
(RDMA_READ_CONSUME_CHECK_CONSUMER) timestamp=1613 ms, used_size=9474048 bytes (23.1%)
(RDMA_READ_CONSUME_CHECK_CONSUMER) timestamp=1613 ms, used_size=9472000 bytes (23.1%)
(RDMA_READ_CONSUME_CHECK_CONSUMER) timestamp=1613 ms, used_size=9469952 bytes (23.1%)
(RDMA_READ_CONSUME_CHECK_CONSUMER) timestamp=1613 ms, used_size=9467904 bytes (23.1%)
(RDMA_READ_CONSUME_CHECK_CONSUMER) timestamp=1613 ms, used_size=9465856 bytes (23.1%)
(RDMA_READ_CONSUME_CHECK_CONSUMER) timestamp=1613 ms, used_size=9463808 bytes (23.1%)
(RDMA_READ_CONSUME_CHECK_CONSUMER) timestamp=1613 ms, used_size=9461760 bytes (23.1%)
(RDMA_READ_CONSUME_CHECK_CONSUMER) timestamp=1613 ms, used_size=9459712 bytes (23.1%)
(RDMA_READ_CONSUME_CHECK_CONSUMER) timestamp=1613 ms, used_size=9457664 bytes (23.1%)
(RDMA_READ_CONSUME_CHECK_CONSUMER) timestamp=1613 ms, used_size=9455616 bytes (23.1%)
(RDMA_READ_CONSUME_CHECK_CONSUMER) timestamp=1613 ms, used_size=9453568 bytes (23.1%)
(RDMA_READ_CONSUME_CHECK_CONSUMER) timestamp=1613 ms, used_size=9451520 bytes (23.1%)
(RDMA_READ_CONSUME_CHECK_CONSUMER) timestamp=1613 ms, used_size=9449472 bytes (23.1%)
(RDMA_READ_CONSUME_CHECK_CONSUMER) timestamp=1613 ms, used_size=9447424 bytes (23.1%)
(RDMA_READ_CONSUME_CHECK_CONSUMER) timestamp=1613 ms, used_size=9445376 bytes (23.1%)
(RDMA_READ_CONSUME_CHECK_CONSUMER) timestamp=1613 ms, used_size=9443328 bytes (23.1%)
(RDMA_READ_CONSUME_CHECK_CONSUMER) timestamp=1613 ms, used_size=9441280 bytes (23.1%)
(RDMA_READ_CONSUME_CHECK_CONSUMER) timestamp=1613 ms, used_size=9439232 bytes (23.0%)
(RDMA_READ_CONSUME_CHECK_CONSUMER) timestamp=1613 ms, used_size=9437184 bytes (23.0%)
(RDMA_READ_CONSUME_CHECK_CONSUMER) timestamp=1613 ms, used_size=9435136 bytes (23.0%)
(RDMA_READ_CONSUME_CHECK_CONSUMER) timestamp=1613 ms, used_size=9433088 bytes (23.0%)
(RDMA_READ_CONSUME_CHECK_CONSUMER) timestamp=1613 ms, used_size=9431040 bytes (23.0%)
(RDMA_READ_CONSUME_CHECK_CONSUMER) timestamp=1613 ms, used_size=9428992 bytes (23.0%)
(RDMA_READ_CONSUME_CHECK_CONSUMER) timestamp=1613 ms, used_size=9426944 bytes (23.0%)
(RDMA_READ_CONSUME_CHECK_CONSUMER) timestamp=1613 ms, used_size=9424896 bytes (23.0%)
(RDMA_READ_CONSUME_CHECK_CONSUMER) timestamp=1613 ms, used_size=9422848 bytes (23.0%)
(RDMA_READ_CONSUME_CHECK_CONSUMER) timestamp=1613 ms, used_size=9420800 bytes (23.0%)
(RDMA_READ_CONSUME_CHECK_CONSUMER) timestamp=1613 ms, used_size=9418752 bytes (23.0%)
(RDMA_READ_CONSUME_CHECK_CONSUMER) timestamp=1613 ms, used_size=9416704 bytes (23.0%)
(RDMA_READ_CONSUME_CHECK_CONSUMER) timestamp=1613 ms, used_size=9414656 bytes (23.0%)
(RDMA_READ_CONSUME_CHECK_CONSUMER) timestamp=1613 ms, used_size=9412608 bytes (23.0%)
(RDMA_READ_CONSUME_CHECK_CONSUMER) timestamp=1613 ms, used_size=9410560 bytes (23.0%)
(RDMA_READ_CONSUME_CHECK_CONSUMER) timestamp=1613 ms, used_size=9408512 bytes (23.0%)
(RDMA_READ_CONSUME_CHECK_CONSUMER) timestamp=1613 ms, used_size=9406464 bytes (23.0%)
(RDMA_READ_CONSUME_CHECK_CONSUMER) timestamp=1613 ms, used_size=9404416 bytes (23.0%)
(RDMA_READ_CONSUME_CHECK_CONSUMER) timestamp=1613 ms, used_size=9402368 bytes (23.0%)
(RDMA_READ_CONSUME_CHECK_CONSUMER) timestamp=1614 ms, used_size=9400320 bytes (22.9%)
(RDMA_READ_CONSUME_CHECK_CONSUMER) timestamp=1614 ms, used_size=9398272 bytes (22.9%)
(RDMA_READ_CONSUME_CHECK_CONSUMER) timestamp=1614 ms, used_size=9396224 bytes (22.9%)
(RDMA_READ_CONSUME_CHECK_CONSUMER) timestamp=1614 ms, used_size=9394176 bytes (22.9%)
(RDMA_READ_CONSUME_CHECK_CONSUMER) timestamp=1614 ms, used_size=9392128 bytes (22.9%)
(RDMA_READ_CONSUME_CHECK_CONSUMER) timestamp=1614 ms, used_size=9390080 bytes (22.9%)
(RDMA_READ_CONSUME_CHECK_CONSUMER) timestamp=1614 ms, used_size=9388032 bytes (22.9%)
(RDMA_READ_CONSUME_CHECK_CONSUMER) timestamp=1614 ms, used_size=9385984 bytes (22.9%)
(RDMA_READ_CONSUME_CHECK_CONSUMER) timestamp=1614 ms, used_size=9383936 bytes (22.9%)
(RDMA_READ_CONSUME_CHECK_CONSUMER) timestamp=1614 ms, used_size=9381888 bytes (22.9%)
(RDMA_READ_CONSUME_CHECK_CONSUMER) timestamp=1614 ms, used_size=9379840 bytes (22.9%)
(RDMA_READ_CONSUME_CHECK_CONSUMER) timestamp=1614 ms, used_size=9377792 bytes (22.9%)
(RDMA_READ_CONSUME_CHECK_CONSUMER) timestamp=1614 ms, used_size=9375744 bytes (22.9%)
(RDMA_READ_CONSUME_CHECK_CONSUMER) timestamp=1614 ms, used_size=9373696 bytes (22.9%)
(RDMA_READ_CONSUME_CHECK_CONSUMER) timestamp=1614 ms, used_size=9371648 bytes (22.9%)
(RDMA_READ_CONSUME_CHECK_CONSUMER) timestamp=1614 ms, used_size=9369600 bytes (22.9%)
(RDMA_READ_CONSUME_CHECK_CONSUMER) timestamp=1614 ms, used_size=9367552 bytes (22.9%)
(RDMA_READ_CONSUME_CHECK_CONSUMER) timestamp=1614 ms, used_size=9365504 bytes (22.9%)
(RDMA_READ_CONSUME_CHECK_CONSUMER) timestamp=1614 ms, used_size=9363456 bytes (22.9%)
(RDMA_READ_CONSUME_CHECK_CONSUMER) timestamp=1614 ms, used_size=9361408 bytes (22.9%)
(RDMA_READ_CONSUME_CHECK_CONSUMER) timestamp=1614 ms, used_size=9359360 bytes (22.9%)
(RDMA_READ_CONSUME_CHECK_CONSUMER) timestamp=1614 ms, used_size=9357312 bytes (22.8%)
(RDMA_READ_CONSUME_CHECK_CONSUMER) timestamp=1614 ms, used_size=9355264 bytes (22.8%)
(RDMA_READ_CONSUME_CHECK_CONSUMER) timestamp=1614 ms, used_size=9353216 bytes (22.8%)
(RDMA_READ_CONSUME_CHECK_CONSUMER) timestamp=1614 ms, used_size=9351168 bytes (22.8%)
(RDMA_READ_CONSUME_CHECK_CONSUMER) timestamp=1614 ms, used_size=9349120 bytes (22.8%)
(RDMA_READ_CONSUME_CHECK_CONSUMER) timestamp=1614 ms, used_size=9347072 bytes (22.8%)
(RDMA_READ_CONSUME_CHECK_CONSUMER) timestamp=1614 ms, used_size=9345024 bytes (22.8%)
(RDMA_READ_CONSUME_CHECK_CONSUMER) timestamp=1614 ms, used_size=9342976 bytes (22.8%)
(RDMA_READ_CONSUME_CHECK_CONSUMER) timestamp=1614 ms, used_size=9340928 bytes (22.8%)
(RDMA_READ_CONSUME_CHECK_CONSUMER) timestamp=1614 ms, used_size=9338880 bytes (22.8%)
(RDMA_READ_CONSUME_CHECK_CONSUMER) timestamp=1614 ms, used_size=9336832 bytes (22.8%)
(RDMA_READ_CONSUME_CHECK_CONSUMER) timestamp=1614 ms, used_size=9334784 bytes (22.8%)
(RDMA_READ_CONSUME_CHECK_CONSUMER) timestamp=1614 ms, used_size=9332736 bytes (22.8%)
(RDMA_READ_CONSUME_CHECK_CONSUMER) timestamp=1614 ms, used_size=9330688 bytes (22.8%)
(RDMA_READ_CONSUME_CHECK_CONSUMER) timestamp=1614 ms, used_size=9328640 bytes (22.8%)
(RDMA_READ_CONSUME_CHECK_CONSUMER) timestamp=1614 ms, used_size=9326592 bytes (22.8%)
(RDMA_READ_CONSUME_CHECK_CONSUMER) timestamp=1614 ms, used_size=9324544 bytes (22.8%)
(RDMA_READ_CONSUME_CHECK_CONSUMER) timestamp=1614 ms, used_size=9322496 bytes (22.8%)
(RDMA_READ_CONSUME_CHECK_CONSUMER) timestamp=1614 ms, used_size=9320448 bytes (22.8%)
(RDMA_READ_CONSUME_CHECK_CONSUMER) timestamp=1614 ms, used_size=9318400 bytes (22.8%)
(RDMA_READ_CONSUME_CHECK_CONSUMER) timestamp=1614 ms, used_size=9316352 bytes (22.7%)
(RDMA_READ_CONSUME_CHECK_CONSUMER) timestamp=1614 ms, used_size=9314304 bytes (22.7%)
(RDMA_READ_CONSUME_CHECK_CONSUMER) timestamp=1614 ms, used_size=9312256 bytes (22.7%)
(RDMA_READ_CONSUME_CHECK_CONSUMER) timestamp=1614 ms, used_size=9310208 bytes (22.7%)
(RDMA_READ_CONSUME_CHECK_CONSUMER) timestamp=1614 ms, used_size=9308160 bytes (22.7%)
(RDMA_READ_CONSUME_CHECK_CONSUMER) timestamp=1614 ms, used_size=9306112 bytes (22.7%)
(RDMA_READ_CONSUME_CHECK_CONSUMER) timestamp=1614 ms, used_size=9304064 bytes (22.7%)
(RDMA_READ_CONSUME_CHECK_CONSUMER) timestamp=1614 ms, used_size=9302016 bytes (22.7%)
(RDMA_READ_CONSUME_CHECK_CONSUMER) timestamp=1614 ms, used_size=9299968 bytes (22.7%)
(RDMA_READ_CONSUME_CHECK_CONSUMER) timestamp=1614 ms, used_size=9297920 bytes (22.7%)
(RDMA_READ_CONSUME_CHECK_CONSUMER) timestamp=1614 ms, used_size=9295872 bytes (22.7%)
(RDMA_READ_CONSUME_CHECK_CONSUMER) timestamp=1614 ms, used_size=9293824 bytes (22.7%)
(RDMA_READ_CONSUME_CHECK_CONSUMER) timestamp=1614 ms, used_size=9291776 bytes (22.7%)
(RDMA_READ_CONSUME_CHECK_CONSUMER) timestamp=1614 ms, used_size=9289728 bytes (22.7%)
(RDMA_READ_CONSUME_CHECK_CONSUMER) timestamp=1614 ms, used_size=9287680 bytes (22.7%)
(RDMA_READ_CONSUME_CHECK_CONSUMER) timestamp=1614 ms, used_size=9285632 bytes (22.7%)
(RDMA_READ_CONSUME_CHECK_CONSUMER) timestamp=1614 ms, used_size=9283584 bytes (22.7%)
(RDMA_READ_CONSUME_CHECK_CONSUMER) timestamp=1614 ms, used_size=9281536 bytes (22.7%)
(RDMA_READ_CONSUME_CHECK_CONSUMER) timestamp=1614 ms, used_size=9279488 bytes (22.7%)
(RDMA_READ_CONSUME_CHECK_CONSUMER) timestamp=1614 ms, used_size=9277440 bytes (22.6%)
(RDMA_READ_CONSUME_CHECK_CONSUMER) timestamp=1614 ms, used_size=9275392 bytes (22.6%)
(RDMA_READ_CONSUME_CHECK_CONSUMER) timestamp=1614 ms, used_size=9273344 bytes (22.6%)
(RDMA_READ_CONSUME_CHECK_CONSUMER) timestamp=1614 ms, used_size=9271296 bytes (22.6%)
(RDMA_READ_CONSUME_CHECK_CONSUMER) timestamp=1614 ms, used_size=9269248 bytes (22.6%)
(RDMA_READ_CONSUME_CHECK_CONSUMER) timestamp=1614 ms, used_size=9267200 bytes (22.6%)
(RDMA_READ_CONSUME_CHECK_CONSUMER) timestamp=1614 ms, used_size=9265152 bytes (22.6%)
(RDMA_READ_CONSUME_CHECK_CONSUMER) timestamp=1614 ms, used_size=9263104 bytes (22.6%)
(RDMA_READ_CONSUME_CHECK_CONSUMER) timestamp=1614 ms, used_size=9261056 bytes (22.6%)
(RDMA_READ_CONSUME_CHECK_CONSUMER) timestamp=1614 ms, used_size=9259008 bytes (22.6%)
(RDMA_READ_CONSUME_CHECK_CONSUMER) timestamp=1614 ms, used_size=9256960 bytes (22.6%)
(RDMA_READ_CONSUME_CHECK_CONSUMER) timestamp=1614 ms, used_size=9254912 bytes (22.6%)
(RDMA_READ_CONSUME_CHECK_CONSUMER) timestamp=1614 ms, used_size=9252864 bytes (22.6%)
(RDMA_READ_CONSUME_CHECK_CONSUMER) timestamp=1614 ms, used_size=9250816 bytes (22.6%)
(RDMA_READ_CONSUME_CHECK_CONSUMER) timestamp=1614 ms, used_size=9248768 bytes (22.6%)
(RDMA_READ_CONSUME_CHECK_CONSUMER) timestamp=1614 ms, used_size=9246720 bytes (22.6%)
(RDMA_READ_CONSUME_CHECK_CONSUMER) timestamp=1614 ms, used_size=9244672 bytes (22.6%)
(RDMA_READ_CONSUME_CHECK_CONSUMER) timestamp=1614 ms, used_size=9242624 bytes (22.6%)
(RDMA_READ_CONSUME_CHECK_CONSUMER) timestamp=1614 ms, used_size=9240576 bytes (22.6%)
(RDMA_READ_CONSUME_CHECK_CONSUMER) timestamp=1614 ms, used_size=9238528 bytes (22.6%)
(RDMA_READ_CONSUME_CHECK_CONSUMER) timestamp=1614 ms, used_size=9236480 bytes (22.6%)
(RDMA_READ_CONSUME_CHECK_CONSUMER) timestamp=1614 ms, used_size=9234432 bytes (22.5%)
(RDMA_READ_CONSUME_CHECK_CONSUMER) timestamp=1614 ms, used_size=9232384 bytes (22.5%)
(RDMA_READ_CONSUME_CHECK_CONSUMER) timestamp=1614 ms, used_size=9230336 bytes (22.5%)
(RDMA_READ_CONSUME_CHECK_CONSUMER) timestamp=1614 ms, used_size=9228288 bytes (22.5%)
(RDMA_READ_CONSUME_CHECK_CONSUMER) timestamp=1614 ms, used_size=9226240 bytes (22.5%)
(RDMA_READ_CONSUME_CHECK_CONSUMER) timestamp=1614 ms, used_size=9224192 bytes (22.5%)
(RDMA_READ_CONSUME_CHECK_CONSUMER) timestamp=1614 ms, used_size=9222144 bytes (22.5%)
(RDMA_READ_CONSUME_CHECK_CONSUMER) timestamp=1614 ms, used_size=9220096 bytes (22.5%)
(RDMA_READ_CONSUME_CHECK_CONSUMER) timestamp=1614 ms, used_size=9218048 bytes (22.5%)
(RDMA_READ_CONSUME_CHECK_CONSUMER) timestamp=1614 ms, used_size=9216000 bytes (22.5%)
(RDMA_READ_CONSUME_CHECK_CONSUMER) timestamp=1614 ms, used_size=9213952 bytes (22.5%)
(RDMA_READ_CONSUME_CHECK_CONSUMER) timestamp=1614 ms, used_size=9211904 bytes (22.5%)
(RDMA_READ_CONSUME_CHECK_CONSUMER) timestamp=1614 ms, used_size=9209856 bytes (22.5%)
(RDMA_READ_CONSUME_CHECK_CONSUMER) timestamp=1614 ms, used_size=9207808 bytes (22.5%)
(RDMA_READ_CONSUME_CHECK_CONSUMER) timestamp=1614 ms, used_size=9205760 bytes (22.5%)
(RDMA_READ_CONSUME_CHECK_CONSUMER) timestamp=1614 ms, used_size=9203712 bytes (22.5%)
(RDMA_READ_CONSUME_CHECK_CONSUMER) timestamp=1614 ms, used_size=9201664 bytes (22.5%)
(RDMA_READ_CONSUME_CHECK_CONSUMER) timestamp=1614 ms, used_size=9199616 bytes (22.5%)
(RDMA_READ_CONSUME_CHECK_CONSUMER) timestamp=1614 ms, used_size=9197568 bytes (22.5%)
(RDMA_READ_CONSUME_CHECK_CONSUMER) timestamp=1614 ms, used_size=9195520 bytes (22.4%)
(RDMA_READ_CONSUME_CHECK_CONSUMER) timestamp=1614 ms, used_size=9193472 bytes (22.4%)
(RDMA_READ_CONSUME_CHECK_CONSUMER) timestamp=1614 ms, used_size=9191424 bytes (22.4%)
(RDMA_READ_CONSUME_CHECK_CONSUMER) timestamp=1614 ms, used_size=9189376 bytes (22.4%)
(RDMA_READ_CONSUME_CHECK_CONSUMER) timestamp=1614 ms, used_size=9187328 bytes (22.4%)
(RDMA_READ_CONSUME_CHECK_CONSUMER) timestamp=1614 ms, used_size=9185280 bytes (22.4%)
(RDMA_READ_CONSUME_CHECK_CONSUMER) timestamp=1614 ms, used_size=9183232 bytes (22.4%)
(RDMA_READ_CONSUME_CHECK_CONSUMER) timestamp=1614 ms, used_size=9181184 bytes (22.4%)
(RDMA_READ_CONSUME_CHECK_CONSUMER) timestamp=1614 ms, used_size=9179136 bytes (22.4%)
(RDMA_READ_CONSUME_CHECK_CONSUMER) timestamp=1614 ms, used_size=9177088 bytes (22.4%)
(RDMA_READ_CONSUME_CHECK_CONSUMER) timestamp=1614 ms, used_size=9175040 bytes (22.4%)
(RDMA_READ_CONSUME_CHECK_CONSUMER) timestamp=1614 ms, used_size=9172992 bytes (22.4%)
(RDMA_READ_CONSUME_CHECK_CONSUMER) timestamp=1614 ms, used_size=9170944 bytes (22.4%)
(RDMA_READ_CONSUME_CHECK_CONSUMER) timestamp=1614 ms, used_size=9168896 bytes (22.4%)
(RDMA_READ_CONSUME_CHECK_CONSUMER) timestamp=1614 ms, used_size=9166848 bytes (22.4%)
(RDMA_READ_CONSUME_CHECK_CONSUMER) timestamp=1614 ms, used_size=9164800 bytes (22.4%)
(RDMA_READ_CONSUME_CHECK_CONSUMER) timestamp=1614 ms, used_size=9162752 bytes (22.4%)
(RDMA_READ_CONSUME_CHECK_CONSUMER) timestamp=1614 ms, used_size=9160704 bytes (22.4%)
(RDMA_READ_CONSUME_CHECK_CONSUMER) timestamp=1614 ms, used_size=9158656 bytes (22.4%)
(RDMA_READ_CONSUME_CHECK_CONSUMER) timestamp=1614 ms, used_size=9156608 bytes (22.4%)
(RDMA_READ_CONSUME_CHECK_CONSUMER) timestamp=1614 ms, used_size=9154560 bytes (22.4%)
(RDMA_READ_CONSUME_CHECK_CONSUMER) timestamp=1614 ms, used_size=9152512 bytes (22.3%)
(RDMA_READ_CONSUME_CHECK_CONSUMER) timestamp=1614 ms, used_size=9150464 bytes (22.3%)
(RDMA_READ_CONSUME_CHECK_CONSUMER) timestamp=1614 ms, used_size=9148416 bytes (22.3%)
(RDMA_READ_CONSUME_CHECK_CONSUMER) timestamp=1614 ms, used_size=9146368 bytes (22.3%)
(RDMA_READ_CONSUME_CHECK_CONSUMER) timestamp=1614 ms, used_size=9144320 bytes (22.3%)
(RDMA_READ_CONSUME_CHECK_CONSUMER) timestamp=1614 ms, used_size=9142272 bytes (22.3%)
(RDMA_READ_CONSUME_CHECK_CONSUMER) timestamp=1614 ms, used_size=9140224 bytes (22.3%)
(RDMA_READ_CONSUME_CHECK_CONSUMER) timestamp=1614 ms, used_size=9138176 bytes (22.3%)
(RDMA_READ_CONSUME_CHECK_CONSUMER) timestamp=1614 ms, used_size=9136128 bytes (22.3%)
(RDMA_READ_CONSUME_CHECK_CONSUMER) timestamp=1614 ms, used_size=9134080 bytes (22.3%)
(RDMA_READ_CONSUME_CHECK_CONSUMER) timestamp=1614 ms, used_size=9132032 bytes (22.3%)
(RDMA_READ_CONSUME_CHECK_CONSUMER) timestamp=1614 ms, used_size=9129984 bytes (22.3%)
(RDMA_READ_CONSUME_CHECK_CONSUMER) timestamp=1614 ms, used_size=9127936 bytes (22.3%)
(RDMA_READ_CONSUME_CHECK_CONSUMER) timestamp=1614 ms, used_size=9125888 bytes (22.3%)
(RDMA_READ_CONSUME_CHECK_CONSUMER) timestamp=1614 ms, used_size=9123840 bytes (22.3%)
(RDMA_READ_CONSUME_CHECK_CONSUMER) timestamp=1614 ms, used_size=9121792 bytes (22.3%)
(RDMA_READ_CONSUME_CHECK_CONSUMER) timestamp=1614 ms, used_size=9119744 bytes (22.3%)
(RDMA_READ_CONSUME_CHECK_CONSUMER) timestamp=1614 ms, used_size=9117696 bytes (22.3%)
(RDMA_READ_CONSUME_CHECK_CONSUMER) timestamp=1614 ms, used_size=9115648 bytes (22.3%)
(RDMA_READ_CONSUME_CHECK_CONSUMER) timestamp=1614 ms, used_size=9113600 bytes (22.2%)
(RDMA_READ_CONSUME_CHECK_CONSUMER) timestamp=1614 ms, used_size=9111552 bytes (22.2%)
(RDMA_READ_CONSUME_CHECK_CONSUMER) timestamp=1614 ms, used_size=9109504 bytes (22.2%)
(RDMA_READ_CONSUME_CHECK_CONSUMER) timestamp=1614 ms, used_size=9107456 bytes (22.2%)
(RDMA_READ_CONSUME_CHECK_CONSUMER) timestamp=1614 ms, used_size=9105408 bytes (22.2%)
(RDMA_READ_CONSUME_CHECK_CONSUMER) timestamp=1614 ms, used_size=9103360 bytes (22.2%)
(RDMA_READ_CONSUME_CHECK_CONSUMER) timestamp=1614 ms, used_size=9101312 bytes (22.2%)
(RDMA_READ_CONSUME_CHECK_CONSUMER) timestamp=1614 ms, used_size=9099264 bytes (22.2%)
(RDMA_READ_CONSUME_CHECK_CONSUMER) timestamp=1614 ms, used_size=9097216 bytes (22.2%)
(RDMA_READ_CONSUME_CHECK_CONSUMER) timestamp=1614 ms, used_size=9095168 bytes (22.2%)
(RDMA_READ_CONSUME_CHECK_CONSUMER) timestamp=1614 ms, used_size=9093120 bytes (22.2%)
(RDMA_READ_CONSUME_CHECK_CONSUMER) timestamp=1614 ms, used_size=9091072 bytes (22.2%)
(RDMA_READ_CONSUME_CHECK_CONSUMER) timestamp=1614 ms, used_size=9089024 bytes (22.2%)
(RDMA_READ_CONSUME_CHECK_CONSUMER) timestamp=1614 ms, used_size=9086976 bytes (22.2%)
(RDMA_READ_CONSUME_CHECK_CONSUMER) timestamp=1614 ms, used_size=9084928 bytes (22.2%)
(RDMA_READ_CONSUME_CHECK_CONSUMER) timestamp=1614 ms, used_size=9082880 bytes (22.2%)
(RDMA_READ_CONSUME_CHECK_CONSUMER) timestamp=1614 ms, used_size=9080832 bytes (22.2%)
(RDMA_READ_CONSUME_CHECK_CONSUMER) timestamp=1614 ms, used_size=9078784 bytes (22.2%)
(RDMA_READ_CONSUME_CHECK_CONSUMER) timestamp=1614 ms, used_size=9076736 bytes (22.2%)
(RDMA_READ_CONSUME_CHECK_CONSUMER) timestamp=1614 ms, used_size=9074688 bytes (22.2%)
(RDMA_READ_CONSUME_CHECK_CONSUMER) timestamp=1614 ms, used_size=9072640 bytes (22.1%)
(RDMA_READ_CONSUME_CHECK_CONSUMER) timestamp=1614 ms, used_size=9070592 bytes (22.1%)
(RDMA_READ_CONSUME_CHECK_CONSUMER) timestamp=1614 ms, used_size=9068544 bytes (22.1%)
(RDMA_READ_CONSUME_CHECK_CONSUMER) timestamp=1614 ms, used_size=9066496 bytes (22.1%)
(RDMA_READ_CONSUME_CHECK_CONSUMER) timestamp=1614 ms, used_size=9064448 bytes (22.1%)
(RDMA_READ_CONSUME_CHECK_CONSUMER) timestamp=1614 ms, used_size=9062400 bytes (22.1%)
(RDMA_READ_CONSUME_CHECK_CONSUMER) timestamp=1615 ms, used_size=9060352 bytes (22.1%)
(RDMA_READ_CONSUME_CHECK_CONSUMER) timestamp=1615 ms, used_size=9058304 bytes (22.1%)
(RDMA_READ_CONSUME_CHECK_CONSUMER) timestamp=1615 ms, used_size=9056256 bytes (22.1%)
(RDMA_READ_CONSUME_CHECK_CONSUMER) timestamp=1615 ms, used_size=9054208 bytes (22.1%)
(RDMA_READ_CONSUME_CHECK_CONSUMER) timestamp=1615 ms, used_size=9052160 bytes (22.1%)
(RDMA_READ_CONSUME_CHECK_CONSUMER) timestamp=1615 ms, used_size=9050112 bytes (22.1%)
(RDMA_READ_CONSUME_CHECK_CONSUMER) timestamp=1615 ms, used_size=9048064 bytes (22.1%)
(RDMA_READ_CONSUME_CHECK_CONSUMER) timestamp=1615 ms, used_size=9046016 bytes (22.1%)
(RDMA_READ_CONSUME_CHECK_CONSUMER) timestamp=1615 ms, used_size=9043968 bytes (22.1%)
(RDMA_READ_CONSUME_CHECK_CONSUMER) timestamp=1615 ms, used_size=9041920 bytes (22.1%)
(RDMA_READ_CONSUME_CHECK_CONSUMER) timestamp=1615 ms, used_size=9039872 bytes (22.1%)
(RDMA_READ_CONSUME_CHECK_CONSUMER) timestamp=1615 ms, used_size=9037824 bytes (22.1%)
(RDMA_READ_CONSUME_CHECK_CONSUMER) timestamp=1615 ms, used_size=9035776 bytes (22.1%)
(RDMA_READ_CONSUME_CHECK_CONSUMER) timestamp=1615 ms, used_size=9033728 bytes (22.1%)
(RDMA_READ_CONSUME_CHECK_CONSUMER) timestamp=1615 ms, used_size=9031680 bytes (22.1%)
(RDMA_READ_CONSUME_CHECK_CONSUMER) timestamp=1615 ms, used_size=9029632 bytes (22.0%)
(RDMA_READ_CONSUME_CHECK_CONSUMER) timestamp=1615 ms, used_size=9027584 bytes (22.0%)
(RDMA_READ_CONSUME_CHECK_CONSUMER) timestamp=1615 ms, used_size=9025536 bytes (22.0%)
(RDMA_READ_CONSUME_CHECK_CONSUMER) timestamp=1615 ms, used_size=9023488 bytes (22.0%)
(RDMA_READ_CONSUME_CHECK_CONSUMER) timestamp=1615 ms, used_size=9021440 bytes (22.0%)
(RDMA_READ_CONSUME_CHECK_CONSUMER) timestamp=1615 ms, used_size=9019392 bytes (22.0%)
(RDMA_READ_CONSUME_CHECK_CONSUMER) timestamp=1615 ms, used_size=9017344 bytes (22.0%)
(RDMA_READ_CONSUME_CHECK_CONSUMER) timestamp=1615 ms, used_size=9015296 bytes (22.0%)
(RDMA_READ_CONSUME_CHECK_CONSUMER) timestamp=1615 ms, used_size=9013248 bytes (22.0%)
(RDMA_READ_CONSUME_CHECK_CONSUMER) timestamp=1615 ms, used_size=9011200 bytes (22.0%)
(RDMA_READ_CONSUME_CHECK_CONSUMER) timestamp=1615 ms, used_size=9009152 bytes (22.0%)
(RDMA_READ_CONSUME_CHECK_CONSUMER) timestamp=1615 ms, used_size=9007104 bytes (22.0%)
(RDMA_READ_CONSUME_CHECK_CONSUMER) timestamp=1615 ms, used_size=9005056 bytes (22.0%)
(RDMA_READ_CONSUME_CHECK_CONSUMER) timestamp=1615 ms, used_size=9003008 bytes (22.0%)
(RDMA_READ_CONSUME_CHECK_CONSUMER) timestamp=1615 ms, used_size=9000960 bytes (22.0%)
(RDMA_READ_CONSUME_CHECK_CONSUMER) timestamp=1615 ms, used_size=8998912 bytes (22.0%)
(RDMA_READ_CONSUME_CHECK_CONSUMER) timestamp=1615 ms, used_size=8996864 bytes (22.0%)
(RDMA_READ_CONSUME_CHECK_CONSUMER) timestamp=1615 ms, used_size=8994816 bytes (22.0%)
(RDMA_READ_CONSUME_CHECK_CONSUMER) timestamp=1615 ms, used_size=8992768 bytes (22.0%)
(RDMA_READ_CONSUME_CHECK_CONSUMER) timestamp=1615 ms, used_size=8990720 bytes (21.9%)
(RDMA_READ_CONSUME_CHECK_CONSUMER) timestamp=1615 ms, used_size=8988672 bytes (21.9%)
(RDMA_READ_CONSUME_CHECK_CONSUMER) timestamp=1615 ms, used_size=8986624 bytes (21.9%)
(RDMA_READ_CONSUME_CHECK_CONSUMER) timestamp=1615 ms, used_size=8984576 bytes (21.9%)
(RDMA_READ_CONSUME_CHECK_CONSUMER) timestamp=1615 ms, used_size=8982528 bytes (21.9%)
(RDMA_READ_CONSUME_CHECK_CONSUMER) timestamp=1615 ms, used_size=8980480 bytes (21.9%)
(RDMA_READ_CONSUME_CHECK_CONSUMER) timestamp=1615 ms, used_size=8978432 bytes (21.9%)
(RDMA_READ_CONSUME_CHECK_CONSUMER) timestamp=1615 ms, used_size=8976384 bytes (21.9%)
(RDMA_READ_CONSUME_CHECK_CONSUMER) timestamp=1615 ms, used_size=8974336 bytes (21.9%)
(RDMA_READ_CONSUME_CHECK_CONSUMER) timestamp=1615 ms, used_size=8972288 bytes (21.9%)
(RDMA_READ_CONSUME_CHECK_CONSUMER) timestamp=1615 ms, used_size=8970240 bytes (21.9%)
(RDMA_READ_CONSUME_CHECK_CONSUMER) timestamp=1615 ms, used_size=8968192 bytes (21.9%)
(RDMA_READ_CONSUME_CHECK_CONSUMER) timestamp=1615 ms, used_size=8966144 bytes (21.9%)
(RDMA_READ_CONSUME_CHECK_CONSUMER) timestamp=1615 ms, used_size=8964096 bytes (21.9%)
(RDMA_READ_CONSUME_CHECK_CONSUMER) timestamp=1615 ms, used_size=8962048 bytes (21.9%)
(RDMA_READ_CONSUME_CHECK_CONSUMER) timestamp=1615 ms, used_size=8960000 bytes (21.9%)
(RDMA_READ_CONSUME_CHECK_CONSUMER) timestamp=1615 ms, used_size=8957952 bytes (21.9%)
(RDMA_READ_CONSUME_CHECK_CONSUMER) timestamp=1615 ms, used_size=8955904 bytes (21.9%)
(RDMA_READ_CONSUME_CHECK_CONSUMER) timestamp=1615 ms, used_size=8953856 bytes (21.9%)
(RDMA_READ_CONSUME_CHECK_CONSUMER) timestamp=1615 ms, used_size=8951808 bytes (21.9%)
(RDMA_READ_CONSUME_CHECK_CONSUMER) timestamp=1615 ms, used_size=8949760 bytes (21.9%)
(RDMA_READ_CONSUME_CHECK_CONSUMER) timestamp=1615 ms, used_size=8947712 bytes (21.8%)
(RDMA_READ_CONSUME_CHECK_CONSUMER) timestamp=1615 ms, used_size=8945664 bytes (21.8%)
(RDMA_READ_CONSUME_CHECK_CONSUMER) timestamp=1615 ms, used_size=8943616 bytes (21.8%)
(RDMA_READ_CONSUME_CHECK_CONSUMER) timestamp=1615 ms, used_size=8941568 bytes (21.8%)
(RDMA_READ_CONSUME_CHECK_CONSUMER) timestamp=1615 ms, used_size=8939520 bytes (21.8%)
(RDMA_READ_CONSUME_CHECK_CONSUMER) timestamp=1615 ms, used_size=8937472 bytes (21.8%)
(RDMA_READ_CONSUME_CHECK_CONSUMER) timestamp=1615 ms, used_size=8935424 bytes (21.8%)
(RDMA_READ_CONSUME_CHECK_CONSUMER) timestamp=1615 ms, used_size=8933376 bytes (21.8%)
(RDMA_READ_CONSUME_CHECK_CONSUMER) timestamp=1615 ms, used_size=8931328 bytes (21.8%)
(RDMA_READ_CONSUME_CHECK_CONSUMER) timestamp=1615 ms, used_size=8929280 bytes (21.8%)
(RDMA_READ_CONSUME_CHECK_CONSUMER) timestamp=1615 ms, used_size=8927232 bytes (21.8%)
(RDMA_READ_CONSUME_CHECK_CONSUMER) timestamp=1615 ms, used_size=8925184 bytes (21.8%)
(RDMA_READ_CONSUME_CHECK_CONSUMER) timestamp=1615 ms, used_size=8923136 bytes (21.8%)
(RDMA_READ_CONSUME_CHECK_CONSUMER) timestamp=1615 ms, used_size=8921088 bytes (21.8%)
(RDMA_READ_CONSUME_CHECK_CONSUMER) timestamp=1615 ms, used_size=8919040 bytes (21.8%)
(RDMA_READ_CONSUME_CHECK_CONSUMER) timestamp=1615 ms, used_size=8916992 bytes (21.8%)
(RDMA_READ_CONSUME_CHECK_CONSUMER) timestamp=1615 ms, used_size=8914944 bytes (21.8%)
(RDMA_READ_CONSUME_CHECK_CONSUMER) timestamp=1615 ms, used_size=8912896 bytes (21.8%)
(RDMA_READ_CONSUME_CHECK_CONSUMER) timestamp=1615 ms, used_size=8910848 bytes (21.8%)
(RDMA_READ_CONSUME_CHECK_CONSUMER) timestamp=1615 ms, used_size=8908800 bytes (21.8%)
(RDMA_READ_CONSUME_CHECK_CONSUMER) timestamp=1615 ms, used_size=8906752 bytes (21.7%)
(RDMA_READ_CONSUME_CHECK_CONSUMER) timestamp=1615 ms, used_size=8904704 bytes (21.7%)
(RDMA_READ_CONSUME_CHECK_CONSUMER) timestamp=1615 ms, used_size=8902656 bytes (21.7%)
(RDMA_READ_CONSUME_CHECK_CONSUMER) timestamp=1615 ms, used_size=8900608 bytes (21.7%)
(RDMA_READ_CONSUME_CHECK_CONSUMER) timestamp=1615 ms, used_size=8898560 bytes (21.7%)
(RDMA_READ_CONSUME_CHECK_CONSUMER) timestamp=1615 ms, used_size=8896512 bytes (21.7%)
(RDMA_READ_CONSUME_CHECK_CONSUMER) timestamp=1615 ms, used_size=8894464 bytes (21.7%)
(RDMA_READ_CONSUME_CHECK_CONSUMER) timestamp=1615 ms, used_size=8892416 bytes (21.7%)
(RDMA_READ_CONSUME_CHECK_CONSUMER) timestamp=1615 ms, used_size=8890368 bytes (21.7%)
(RDMA_READ_CONSUME_CHECK_CONSUMER) timestamp=1615 ms, used_size=8888320 bytes (21.7%)
(RDMA_READ_CONSUME_CHECK_CONSUMER) timestamp=1615 ms, used_size=8886272 bytes (21.7%)
(RDMA_READ_CONSUME_CHECK_CONSUMER) timestamp=1615 ms, used_size=8884224 bytes (21.7%)
(RDMA_READ_CONSUME_CHECK_CONSUMER) timestamp=1615 ms, used_size=8882176 bytes (21.7%)
(RDMA_READ_CONSUME_CHECK_CONSUMER) timestamp=1615 ms, used_size=8880128 bytes (21.7%)
(RDMA_READ_CONSUME_CHECK_CONSUMER) timestamp=1615 ms, used_size=8878080 bytes (21.7%)
(RDMA_READ_CONSUME_CHECK_CONSUMER) timestamp=1615 ms, used_size=8876032 bytes (21.7%)
(RDMA_READ_CONSUME_CHECK_CONSUMER) timestamp=1615 ms, used_size=8873984 bytes (21.7%)
(RDMA_READ_CONSUME_CHECK_CONSUMER) timestamp=1615 ms, used_size=8871936 bytes (21.7%)
(RDMA_READ_CONSUME_CHECK_CONSUMER) timestamp=1615 ms, used_size=8869888 bytes (21.7%)
(RDMA_READ_CONSUME_CHECK_CONSUMER) timestamp=1615 ms, used_size=8867840 bytes (21.6%)
(RDMA_READ_CONSUME_CHECK_CONSUMER) timestamp=1615 ms, used_size=8865792 bytes (21.6%)
(RDMA_READ_CONSUME_CHECK_CONSUMER) timestamp=1615 ms, used_size=8863744 bytes (21.6%)
(RDMA_READ_CONSUME_CHECK_CONSUMER) timestamp=1615 ms, used_size=8861696 bytes (21.6%)
(RDMA_READ_CONSUME_CHECK_CONSUMER) timestamp=1615 ms, used_size=8859648 bytes (21.6%)
(RDMA_READ_CONSUME_CHECK_CONSUMER) timestamp=1615 ms, used_size=8857600 bytes (21.6%)
(RDMA_READ_CONSUME_CHECK_CONSUMER) timestamp=1615 ms, used_size=8855552 bytes (21.6%)
(RDMA_READ_CONSUME_CHECK_CONSUMER) timestamp=1615 ms, used_size=8853504 bytes (21.6%)
(RDMA_READ_CONSUME_CHECK_CONSUMER) timestamp=1615 ms, used_size=8851456 bytes (21.6%)
(RDMA_READ_CONSUME_CHECK_CONSUMER) timestamp=1615 ms, used_size=8849408 bytes (21.6%)
(RDMA_READ_CONSUME_CHECK_CONSUMER) timestamp=1615 ms, used_size=8847360 bytes (21.6%)
(RDMA_READ_CONSUME_CHECK_CONSUMER) timestamp=1615 ms, used_size=8845312 bytes (21.6%)
(RDMA_READ_CONSUME_CHECK_CONSUMER) timestamp=1615 ms, used_size=8843264 bytes (21.6%)
(RDMA_READ_CONSUME_CHECK_CONSUMER) timestamp=1615 ms, used_size=8841216 bytes (21.6%)
(RDMA_READ_CONSUME_CHECK_CONSUMER) timestamp=1615 ms, used_size=8839168 bytes (21.6%)
(RDMA_READ_CONSUME_CHECK_CONSUMER) timestamp=1615 ms, used_size=8837120 bytes (21.6%)
(RDMA_READ_CONSUME_CHECK_CONSUMER) timestamp=1615 ms, used_size=8835072 bytes (21.6%)
(RDMA_READ_CONSUME_CHECK_CONSUMER) timestamp=1615 ms, used_size=8833024 bytes (21.6%)
(RDMA_READ_CONSUME_CHECK_CONSUMER) timestamp=1615 ms, used_size=8830976 bytes (21.6%)
(RDMA_READ_CONSUME_CHECK_CONSUMER) timestamp=1615 ms, used_size=8828928 bytes (21.6%)
(RDMA_READ_CONSUME_CHECK_CONSUMER) timestamp=1615 ms, used_size=8826880 bytes (21.6%)
(RDMA_READ_CONSUME_CHECK_CONSUMER) timestamp=1615 ms, used_size=8824832 bytes (21.5%)
(RDMA_READ_CONSUME_CHECK_CONSUMER) timestamp=1615 ms, used_size=8822784 bytes (21.5%)
(RDMA_READ_CONSUME_CHECK_CONSUMER) timestamp=1615 ms, used_size=8820736 bytes (21.5%)
(RDMA_READ_CONSUME_CHECK_CONSUMER) timestamp=1615 ms, used_size=8818688 bytes (21.5%)
(RDMA_READ_CONSUME_CHECK_CONSUMER) timestamp=1615 ms, used_size=8816640 bytes (21.5%)
(RDMA_READ_CONSUME_CHECK_CONSUMER) timestamp=1615 ms, used_size=8814592 bytes (21.5%)
(RDMA_READ_CONSUME_CHECK_CONSUMER) timestamp=1615 ms, used_size=8812544 bytes (21.5%)
(RDMA_READ_CONSUME_CHECK_CONSUMER) timestamp=1615 ms, used_size=8810496 bytes (21.5%)
(RDMA_READ_CONSUME_CHECK_CONSUMER) timestamp=1615 ms, used_size=8808448 bytes (21.5%)
(RDMA_READ_CONSUME_CHECK_CONSUMER) timestamp=1615 ms, used_size=8806400 bytes (21.5%)
(RDMA_READ_CONSUME_CHECK_CONSUMER) timestamp=1615 ms, used_size=8804352 bytes (21.5%)
(RDMA_READ_CONSUME_CHECK_CONSUMER) timestamp=1615 ms, used_size=8802304 bytes (21.5%)
(RDMA_READ_CONSUME_CHECK_CONSUMER) timestamp=1615 ms, used_size=8800256 bytes (21.5%)
(RDMA_READ_CONSUME_CHECK_CONSUMER) timestamp=1615 ms, used_size=8798208 bytes (21.5%)
(RDMA_READ_CONSUME_CHECK_CONSUMER) timestamp=1615 ms, used_size=8796160 bytes (21.5%)
(RDMA_READ_CONSUME_CHECK_CONSUMER) timestamp=1615 ms, used_size=8794112 bytes (21.5%)
(RDMA_READ_CONSUME_CHECK_CONSUMER) timestamp=1615 ms, used_size=8792064 bytes (21.5%)
(RDMA_READ_CONSUME_CHECK_CONSUMER) timestamp=1615 ms, used_size=8790016 bytes (21.5%)
(RDMA_READ_CONSUME_CHECK_CONSUMER) timestamp=1615 ms, used_size=8787968 bytes (21.5%)
(RDMA_READ_CONSUME_CHECK_CONSUMER) timestamp=1615 ms, used_size=8785920 bytes (21.4%)
(RDMA_READ_CONSUME_CHECK_CONSUMER) timestamp=1615 ms, used_size=8783872 bytes (21.4%)
(RDMA_READ_CONSUME_CHECK_CONSUMER) timestamp=1615 ms, used_size=8781824 bytes (21.4%)
(RDMA_READ_CONSUME_CHECK_CONSUMER) timestamp=1615 ms, used_size=8779776 bytes (21.4%)
(RDMA_READ_CONSUME_CHECK_CONSUMER) timestamp=1615 ms, used_size=8777728 bytes (21.4%)
(RDMA_READ_CONSUME_CHECK_CONSUMER) timestamp=1615 ms, used_size=8775680 bytes (21.4%)
(RDMA_READ_CONSUME_CHECK_CONSUMER) timestamp=1615 ms, used_size=8773632 bytes (21.4%)
(RDMA_READ_CONSUME_CHECK_CONSUMER) timestamp=1615 ms, used_size=8771584 bytes (21.4%)
(RDMA_READ_CONSUME_CHECK_CONSUMER) timestamp=1615 ms, used_size=8769536 bytes (21.4%)
(RDMA_READ_CONSUME_CHECK_CONSUMER) timestamp=1615 ms, used_size=8767488 bytes (21.4%)
(RDMA_READ_CONSUME_CHECK_CONSUMER) timestamp=1615 ms, used_size=8765440 bytes (21.4%)
(RDMA_READ_CONSUME_CHECK_CONSUMER) timestamp=1615 ms, used_size=8763392 bytes (21.4%)
(RDMA_READ_CONSUME_CHECK_CONSUMER) timestamp=1615 ms, used_size=8761344 bytes (21.4%)
(RDMA_READ_CONSUME_CHECK_CONSUMER) timestamp=1615 ms, used_size=8759296 bytes (21.4%)
(RDMA_READ_CONSUME_CHECK_CONSUMER) timestamp=1615 ms, used_size=8757248 bytes (21.4%)
(RDMA_READ_CONSUME_CHECK_CONSUMER) timestamp=1615 ms, used_size=8755200 bytes (21.4%)
(RDMA_READ_CONSUME_CHECK_CONSUMER) timestamp=1615 ms, used_size=8753152 bytes (21.4%)
(RDMA_READ_CONSUME_CHECK_CONSUMER) timestamp=1615 ms, used_size=8751104 bytes (21.4%)
(RDMA_READ_CONSUME_CHECK_CONSUMER) timestamp=1615 ms, used_size=8749056 bytes (21.4%)
(RDMA_READ_CONSUME_CHECK_CONSUMER) timestamp=1615 ms, used_size=8747008 bytes (21.4%)
(RDMA_READ_CONSUME_CHECK_CONSUMER) timestamp=1615 ms, used_size=8744960 bytes (21.4%)
(RDMA_READ_CONSUME_CHECK_CONSUMER) timestamp=1615 ms, used_size=8742912 bytes (21.3%)
(RDMA_READ_CONSUME_CHECK_CONSUMER) timestamp=1615 ms, used_size=8740864 bytes (21.3%)
(RDMA_READ_CONSUME_CHECK_CONSUMER) timestamp=1615 ms, used_size=8738816 bytes (21.3%)
(RDMA_READ_CONSUME_CHECK_CONSUMER) timestamp=1615 ms, used_size=8736768 bytes (21.3%)
(RDMA_READ_CONSUME_CHECK_CONSUMER) timestamp=1615 ms, used_size=8734720 bytes (21.3%)
(RDMA_READ_CONSUME_CHECK_CONSUMER) timestamp=1615 ms, used_size=8732672 bytes (21.3%)
(RDMA_READ_CONSUME_CHECK_CONSUMER) timestamp=1615 ms, used_size=8730624 bytes (21.3%)
(RDMA_READ_CONSUME_CHECK_CONSUMER) timestamp=1615 ms, used_size=8728576 bytes (21.3%)
(RDMA_READ_CONSUME_CHECK_CONSUMER) timestamp=1615 ms, used_size=8726528 bytes (21.3%)
(RDMA_READ_CONSUME_CHECK_CONSUMER) timestamp=1615 ms, used_size=8724480 bytes (21.3%)
(RDMA_READ_CONSUME_CHECK_CONSUMER) timestamp=1616 ms, used_size=8722432 bytes (21.3%)
(RDMA_READ_CONSUME_CHECK_CONSUMER) timestamp=1616 ms, used_size=8720384 bytes (21.3%)
(RDMA_READ_CONSUME_CHECK_CONSUMER) timestamp=1616 ms, used_size=8718336 bytes (21.3%)
(RDMA_READ_CONSUME_CHECK_CONSUMER) timestamp=1616 ms, used_size=8716288 bytes (21.3%)
(RDMA_READ_CONSUME_CHECK_CONSUMER) timestamp=1616 ms, used_size=8714240 bytes (21.3%)
(RDMA_READ_CONSUME_CHECK_CONSUMER) timestamp=1616 ms, used_size=8712192 bytes (21.3%)
(RDMA_READ_CONSUME_CHECK_CONSUMER) timestamp=1616 ms, used_size=8710144 bytes (21.3%)
(RDMA_READ_CONSUME_CHECK_CONSUMER) timestamp=1616 ms, used_size=8708096 bytes (21.3%)
(RDMA_READ_CONSUME_CHECK_CONSUMER) timestamp=1616 ms, used_size=8706048 bytes (21.3%)
(RDMA_READ_CONSUME_CHECK_CONSUMER) timestamp=1616 ms, used_size=8704000 bytes (21.2%)
(RDMA_READ_CONSUME_CHECK_CONSUMER) timestamp=1616 ms, used_size=8701952 bytes (21.2%)
(RDMA_READ_CONSUME_CHECK_CONSUMER) timestamp=1616 ms, used_size=8699904 bytes (21.2%)
(RDMA_READ_CONSUME_CHECK_CONSUMER) timestamp=1616 ms, used_size=8697856 bytes (21.2%)
(RDMA_READ_CONSUME_CHECK_CONSUMER) timestamp=1616 ms, used_size=8695808 bytes (21.2%)
(RDMA_READ_CONSUME_CHECK_CONSUMER) timestamp=1616 ms, used_size=8693760 bytes (21.2%)
(RDMA_READ_CONSUME_CHECK_CONSUMER) timestamp=1616 ms, used_size=8691712 bytes (21.2%)
(RDMA_READ_CONSUME_CHECK_CONSUMER) timestamp=1616 ms, used_size=8689664 bytes (21.2%)
(RDMA_READ_CONSUME_CHECK_CONSUMER) timestamp=1616 ms, used_size=8687616 bytes (21.2%)
(RDMA_READ_CONSUME_CHECK_CONSUMER) timestamp=1616 ms, used_size=8685568 bytes (21.2%)
(RDMA_READ_CONSUME_CHECK_CONSUMER) timestamp=1616 ms, used_size=8683520 bytes (21.2%)
(RDMA_READ_CONSUME_CHECK_CONSUMER) timestamp=1616 ms, used_size=8681472 bytes (21.2%)
(RDMA_READ_CONSUME_CHECK_CONSUMER) timestamp=1616 ms, used_size=8679424 bytes (21.2%)
(RDMA_READ_CONSUME_CHECK_CONSUMER) timestamp=1616 ms, used_size=8677376 bytes (21.2%)
(RDMA_READ_CONSUME_CHECK_CONSUMER) timestamp=1616 ms, used_size=8675328 bytes (21.2%)
(RDMA_READ_CONSUME_CHECK_CONSUMER) timestamp=1616 ms, used_size=8673280 bytes (21.2%)
(RDMA_READ_CONSUME_CHECK_CONSUMER) timestamp=1616 ms, used_size=8671232 bytes (21.2%)
(RDMA_READ_CONSUME_CHECK_CONSUMER) timestamp=1616 ms, used_size=8669184 bytes (21.2%)
(RDMA_READ_CONSUME_CHECK_CONSUMER) timestamp=1616 ms, used_size=8667136 bytes (21.2%)
(RDMA_READ_CONSUME_CHECK_CONSUMER) timestamp=1616 ms, used_size=8665088 bytes (21.2%)
(RDMA_READ_CONSUME_CHECK_CONSUMER) timestamp=1616 ms, used_size=8663040 bytes (21.1%)
(RDMA_READ_CONSUME_CHECK_CONSUMER) timestamp=1616 ms, used_size=8660992 bytes (21.1%)
(RDMA_READ_CONSUME_CHECK_CONSUMER) timestamp=1616 ms, used_size=8658944 bytes (21.1%)
(RDMA_READ_CONSUME_CHECK_CONSUMER) timestamp=1616 ms, used_size=8656896 bytes (21.1%)
(RDMA_READ_CONSUME_CHECK_CONSUMER) timestamp=1616 ms, used_size=8654848 bytes (21.1%)
(RDMA_READ_CONSUME_CHECK_CONSUMER) timestamp=1616 ms, used_size=8652800 bytes (21.1%)
(RDMA_READ_CONSUME_CHECK_CONSUMER) timestamp=1616 ms, used_size=8650752 bytes (21.1%)
(RDMA_READ_CONSUME_CHECK_CONSUMER) timestamp=1616 ms, used_size=8648704 bytes (21.1%)
(RDMA_READ_CONSUME_CHECK_CONSUMER) timestamp=1616 ms, used_size=8646656 bytes (21.1%)
(RDMA_READ_CONSUME_CHECK_CONSUMER) timestamp=1616 ms, used_size=8644608 bytes (21.1%)
(RDMA_READ_CONSUME_CHECK_CONSUMER) timestamp=1616 ms, used_size=8642560 bytes (21.1%)
(RDMA_READ_CONSUME_CHECK_CONSUMER) timestamp=1616 ms, used_size=8640512 bytes (21.1%)
(RDMA_READ_CONSUME_CHECK_CONSUMER) timestamp=1616 ms, used_size=8638464 bytes (21.1%)
(RDMA_READ_CONSUME_CHECK_CONSUMER) timestamp=1616 ms, used_size=8636416 bytes (21.1%)
(RDMA_READ_CONSUME_CHECK_CONSUMER) timestamp=1616 ms, used_size=8634368 bytes (21.1%)
(RDMA_READ_CONSUME_CHECK_CONSUMER) timestamp=1616 ms, used_size=8632320 bytes (21.1%)
(RDMA_READ_CONSUME_CHECK_CONSUMER) timestamp=1616 ms, used_size=8630272 bytes (21.1%)
(RDMA_READ_CONSUME_CHECK_CONSUMER) timestamp=1616 ms, used_size=8628224 bytes (21.1%)
(RDMA_READ_CONSUME_CHECK_CONSUMER) timestamp=1616 ms, used_size=8626176 bytes (21.1%)
(RDMA_READ_CONSUME_CHECK_CONSUMER) timestamp=1616 ms, used_size=8624128 bytes (21.1%)
(RDMA_READ_CONSUME_CHECK_CONSUMER) timestamp=1616 ms, used_size=8622080 bytes (21.1%)
(RDMA_READ_CONSUME_CHECK_CONSUMER) timestamp=1616 ms, used_size=8620032 bytes (21.0%)
(RDMA_READ_CONSUME_CHECK_CONSUMER) timestamp=1616 ms, used_size=8617984 bytes (21.0%)
(RDMA_READ_CONSUME_CHECK_CONSUMER) timestamp=1616 ms, used_size=8615936 bytes (21.0%)
(RDMA_READ_CONSUME_CHECK_CONSUMER) timestamp=1616 ms, used_size=8613888 bytes (21.0%)
(RDMA_READ_CONSUME_CHECK_CONSUMER) timestamp=1616 ms, used_size=8611840 bytes (21.0%)
(RDMA_READ_CONSUME_CHECK_CONSUMER) timestamp=1616 ms, used_size=8609792 bytes (21.0%)
(RDMA_READ_CONSUME_CHECK_CONSUMER) timestamp=1616 ms, used_size=8607744 bytes (21.0%)
(RDMA_READ_CONSUME_CHECK_CONSUMER) timestamp=1616 ms, used_size=8605696 bytes (21.0%)
(RDMA_READ_CONSUME_CHECK_CONSUMER) timestamp=1616 ms, used_size=8603648 bytes (21.0%)
(RDMA_READ_CONSUME_CHECK_CONSUMER) timestamp=1616 ms, used_size=8601600 bytes (21.0%)
(RDMA_READ_CONSUME_CHECK_CONSUMER) timestamp=1616 ms, used_size=8599552 bytes (21.0%)
(RDMA_READ_CONSUME_CHECK_CONSUMER) timestamp=1616 ms, used_size=8597504 bytes (21.0%)
(RDMA_READ_CONSUME_CHECK_CONSUMER) timestamp=1616 ms, used_size=8595456 bytes (21.0%)
(RDMA_READ_CONSUME_CHECK_CONSUMER) timestamp=1616 ms, used_size=8593408 bytes (21.0%)
(RDMA_READ_CONSUME_CHECK_CONSUMER) timestamp=1616 ms, used_size=8591360 bytes (21.0%)
(RDMA_READ_CONSUME_CHECK_CONSUMER) timestamp=1616 ms, used_size=8589312 bytes (21.0%)
(RDMA_READ_CONSUME_CHECK_CONSUMER) timestamp=1616 ms, used_size=8587264 bytes (21.0%)
(RDMA_READ_CONSUME_CHECK_CONSUMER) timestamp=1616 ms, used_size=8585216 bytes (21.0%)
(RDMA_READ_CONSUME_CHECK_CONSUMER) timestamp=1616 ms, used_size=8583168 bytes (21.0%)
(RDMA_READ_CONSUME_CHECK_CONSUMER) timestamp=1616 ms, used_size=8581120 bytes (20.9%)
(RDMA_READ_CONSUME_CHECK_CONSUMER) timestamp=1616 ms, used_size=8579072 bytes (20.9%)
(RDMA_READ_CONSUME_CHECK_CONSUMER) timestamp=1616 ms, used_size=8577024 bytes (20.9%)
(RDMA_READ_CONSUME_CHECK_CONSUMER) timestamp=1616 ms, used_size=8574976 bytes (20.9%)
(RDMA_READ_CONSUME_CHECK_CONSUMER) timestamp=1616 ms, used_size=8572928 bytes (20.9%)
(RDMA_READ_CONSUME_CHECK_CONSUMER) timestamp=1616 ms, used_size=8570880 bytes (20.9%)
(RDMA_READ_CONSUME_CHECK_CONSUMER) timestamp=1616 ms, used_size=8568832 bytes (20.9%)
(RDMA_READ_CONSUME_CHECK_CONSUMER) timestamp=1616 ms, used_size=8566784 bytes (20.9%)
(RDMA_READ_CONSUME_CHECK_CONSUMER) timestamp=1616 ms, used_size=8564736 bytes (20.9%)
(RDMA_READ_CONSUME_CHECK_CONSUMER) timestamp=1616 ms, used_size=8562688 bytes (20.9%)
(RDMA_READ_CONSUME_CHECK_CONSUMER) timestamp=1616 ms, used_size=8560640 bytes (20.9%)
(RDMA_READ_CONSUME_CHECK_CONSUMER) timestamp=1616 ms, used_size=8558592 bytes (20.9%)
(RDMA_READ_CONSUME_CHECK_CONSUMER) timestamp=1616 ms, used_size=8556544 bytes (20.9%)
(RDMA_READ_CONSUME_CHECK_CONSUMER) timestamp=1616 ms, used_size=8554496 bytes (20.9%)
(RDMA_READ_CONSUME_CHECK_CONSUMER) timestamp=1616 ms, used_size=8552448 bytes (20.9%)
(RDMA_READ_CONSUME_CHECK_CONSUMER) timestamp=1616 ms, used_size=8550400 bytes (20.9%)
(RDMA_READ_CONSUME_CHECK_CONSUMER) timestamp=1616 ms, used_size=8548352 bytes (20.9%)
(RDMA_READ_CONSUME_CHECK_CONSUMER) timestamp=1616 ms, used_size=8546304 bytes (20.9%)
(RDMA_READ_CONSUME_CHECK_CONSUMER) timestamp=1616 ms, used_size=8544256 bytes (20.9%)
(RDMA_READ_CONSUME_CHECK_CONSUMER) timestamp=1616 ms, used_size=8542208 bytes (20.9%)
(RDMA_READ_CONSUME_CHECK_CONSUMER) timestamp=1616 ms, used_size=8540160 bytes (20.9%)
(RDMA_READ_CONSUME_CHECK_CONSUMER) timestamp=1616 ms, used_size=8538112 bytes (20.8%)
(RDMA_READ_CONSUME_CHECK_CONSUMER) timestamp=1616 ms, used_size=8536064 bytes (20.8%)
(RDMA_READ_CONSUME_CHECK_CONSUMER) timestamp=1616 ms, used_size=8534016 bytes (20.8%)
(RDMA_READ_CONSUME_CHECK_CONSUMER) timestamp=1616 ms, used_size=8531968 bytes (20.8%)
(RDMA_READ_CONSUME_CHECK_CONSUMER) timestamp=1616 ms, used_size=8529920 bytes (20.8%)
(RDMA_READ_CONSUME_CHECK_CONSUMER) timestamp=1616 ms, used_size=8527872 bytes (20.8%)
(RDMA_READ_CONSUME_CHECK_CONSUMER) timestamp=1616 ms, used_size=8525824 bytes (20.8%)
(RDMA_READ_CONSUME_CHECK_CONSUMER) timestamp=1616 ms, used_size=8523776 bytes (20.8%)
(RDMA_READ_CONSUME_CHECK_CONSUMER) timestamp=1616 ms, used_size=8521728 bytes (20.8%)
(RDMA_READ_CONSUME_CHECK_CONSUMER) timestamp=1616 ms, used_size=8519680 bytes (20.8%)
(RDMA_READ_CONSUME_CHECK_CONSUMER) timestamp=1616 ms, used_size=8517632 bytes (20.8%)
(RDMA_READ_CONSUME_CHECK_CONSUMER) timestamp=1616 ms, used_size=8515584 bytes (20.8%)
(RDMA_READ_CONSUME_CHECK_CONSUMER) timestamp=1616 ms, used_size=8513536 bytes (20.8%)
(RDMA_READ_CONSUME_CHECK_CONSUMER) timestamp=1616 ms, used_size=8511488 bytes (20.8%)
(RDMA_READ_CONSUME_CHECK_CONSUMER) timestamp=1616 ms, used_size=8509440 bytes (20.8%)
(RDMA_READ_CONSUME_CHECK_CONSUMER) timestamp=1616 ms, used_size=8507392 bytes (20.8%)
(RDMA_READ_CONSUME_CHECK_CONSUMER) timestamp=1616 ms, used_size=8505344 bytes (20.8%)
(RDMA_READ_CONSUME_CHECK_CONSUMER) timestamp=1616 ms, used_size=8503296 bytes (20.8%)
(RDMA_READ_CONSUME_CHECK_CONSUMER) timestamp=1616 ms, used_size=8501248 bytes (20.8%)
(RDMA_READ_CONSUME_CHECK_CONSUMER) timestamp=1616 ms, used_size=8499200 bytes (20.8%)
(RDMA_READ_CONSUME_CHECK_CONSUMER) timestamp=1616 ms, used_size=8497152 bytes (20.7%)
(RDMA_READ_CONSUME_CHECK_CONSUMER) timestamp=1616 ms, used_size=8495104 bytes (20.7%)
(RDMA_READ_CONSUME_CHECK_CONSUMER) timestamp=1616 ms, used_size=8493056 bytes (20.7%)
(RDMA_READ_CONSUME_CHECK_CONSUMER) timestamp=1616 ms, used_size=8491008 bytes (20.7%)
(RDMA_READ_CONSUME_CHECK_CONSUMER) timestamp=1616 ms, used_size=8488960 bytes (20.7%)
(RDMA_READ_CONSUME_CHECK_CONSUMER) timestamp=1616 ms, used_size=8486912 bytes (20.7%)
(RDMA_READ_CONSUME_CHECK_CONSUMER) timestamp=1616 ms, used_size=8484864 bytes (20.7%)
(RDMA_READ_CONSUME_CHECK_CONSUMER) timestamp=1616 ms, used_size=8482816 bytes (20.7%)
(RDMA_READ_CONSUME_CHECK_CONSUMER) timestamp=1616 ms, used_size=8480768 bytes (20.7%)
(RDMA_READ_CONSUME_CHECK_CONSUMER) timestamp=1616 ms, used_size=8478720 bytes (20.7%)
(RDMA_READ_CONSUME_CHECK_CONSUMER) timestamp=1616 ms, used_size=8476672 bytes (20.7%)
(RDMA_READ_CONSUME_CHECK_CONSUMER) timestamp=1616 ms, used_size=8474624 bytes (20.7%)
(RDMA_READ_CONSUME_CHECK_CONSUMER) timestamp=1616 ms, used_size=8472576 bytes (20.7%)
(RDMA_READ_CONSUME_CHECK_CONSUMER) timestamp=1616 ms, used_size=8470528 bytes (20.7%)
(RDMA_READ_CONSUME_CHECK_CONSUMER) timestamp=1616 ms, used_size=8468480 bytes (20.7%)
(RDMA_READ_CONSUME_CHECK_CONSUMER) timestamp=1616 ms, used_size=8466432 bytes (20.7%)
(RDMA_READ_CONSUME_CHECK_CONSUMER) timestamp=1616 ms, used_size=8464384 bytes (20.7%)
(RDMA_READ_CONSUME_CHECK_CONSUMER) timestamp=1616 ms, used_size=8462336 bytes (20.7%)
(RDMA_READ_CONSUME_CHECK_CONSUMER) timestamp=1616 ms, used_size=8460288 bytes (20.7%)
(RDMA_READ_CONSUME_CHECK_CONSUMER) timestamp=1616 ms, used_size=8458240 bytes (20.6%)
(RDMA_READ_CONSUME_CHECK_CONSUMER) timestamp=1616 ms, used_size=8456192 bytes (20.6%)
(RDMA_READ_CONSUME_CHECK_CONSUMER) timestamp=1616 ms, used_size=8454144 bytes (20.6%)
(RDMA_READ_CONSUME_CHECK_CONSUMER) timestamp=1616 ms, used_size=8452096 bytes (20.6%)
(RDMA_READ_CONSUME_CHECK_CONSUMER) timestamp=1616 ms, used_size=8450048 bytes (20.6%)
(RDMA_READ_CONSUME_CHECK_CONSUMER) timestamp=1616 ms, used_size=8448000 bytes (20.6%)
(RDMA_READ_CONSUME_CHECK_CONSUMER) timestamp=1616 ms, used_size=8445952 bytes (20.6%)
(RDMA_READ_CONSUME_CHECK_CONSUMER) timestamp=1616 ms, used_size=8443904 bytes (20.6%)
(RDMA_READ_CONSUME_CHECK_CONSUMER) timestamp=1616 ms, used_size=8441856 bytes (20.6%)
(RDMA_READ_CONSUME_CHECK_CONSUMER) timestamp=1616 ms, used_size=8439808 bytes (20.6%)
(RDMA_READ_CONSUME_CHECK_CONSUMER) timestamp=1616 ms, used_size=8437760 bytes (20.6%)
(RDMA_READ_CONSUME_CHECK_CONSUMER) timestamp=1616 ms, used_size=8435712 bytes (20.6%)
(RDMA_READ_CONSUME_CHECK_CONSUMER) timestamp=1616 ms, used_size=8433664 bytes (20.6%)
(RDMA_READ_CONSUME_CHECK_CONSUMER) timestamp=1616 ms, used_size=8431616 bytes (20.6%)
(RDMA_READ_CONSUME_CHECK_CONSUMER) timestamp=1616 ms, used_size=8429568 bytes (20.6%)
(RDMA_READ_CONSUME_CHECK_CONSUMER) timestamp=1616 ms, used_size=8427520 bytes (20.6%)
(RDMA_READ_CONSUME_CHECK_CONSUMER) timestamp=1616 ms, used_size=8425472 bytes (20.6%)
(RDMA_READ_CONSUME_CHECK_CONSUMER) timestamp=1616 ms, used_size=8423424 bytes (20.6%)
(RDMA_READ_CONSUME_CHECK_CONSUMER) timestamp=1616 ms, used_size=8421376 bytes (20.6%)
(RDMA_READ_CONSUME_CHECK_CONSUMER) timestamp=1616 ms, used_size=8419328 bytes (20.6%)
(RDMA_READ_CONSUME_CHECK_CONSUMER) timestamp=1616 ms, used_size=8417280 bytes (20.6%)
(RDMA_READ_CONSUME_CHECK_CONSUMER) timestamp=1616 ms, used_size=8415232 bytes (20.5%)
(RDMA_READ_CONSUME_CHECK_CONSUMER) timestamp=1616 ms, used_size=8413184 bytes (20.5%)
(RDMA_READ_CONSUME_CHECK_CONSUMER) timestamp=1616 ms, used_size=8411136 bytes (20.5%)
(RDMA_READ_CONSUME_CHECK_CONSUMER) timestamp=1616 ms, used_size=8409088 bytes (20.5%)
(RDMA_READ_CONSUME_CHECK_CONSUMER) timestamp=1616 ms, used_size=8407040 bytes (20.5%)
(RDMA_READ_CONSUME_CHECK_CONSUMER) timestamp=1616 ms, used_size=8404992 bytes (20.5%)
(RDMA_READ_CONSUME_CHECK_CONSUMER) timestamp=1616 ms, used_size=8402944 bytes (20.5%)
(RDMA_READ_CONSUME_CHECK_CONSUMER) timestamp=1616 ms, used_size=8400896 bytes (20.5%)
(RDMA_READ_CONSUME_CHECK_CONSUMER) timestamp=1616 ms, used_size=8398848 bytes (20.5%)
(RDMA_READ_CONSUME_CHECK_CONSUMER) timestamp=1616 ms, used_size=8396800 bytes (20.5%)
(RDMA_READ_CONSUME_CHECK_CONSUMER) timestamp=1616 ms, used_size=8394752 bytes (20.5%)
(RDMA_READ_CONSUME_CHECK_CONSUMER) timestamp=1616 ms, used_size=8392704 bytes (20.5%)
(RDMA_READ_CONSUME_CHECK_CONSUMER) timestamp=1616 ms, used_size=8390656 bytes (20.5%)
(RDMA_READ_CONSUME_CHECK_CONSUMER) timestamp=1616 ms, used_size=8388608 bytes (20.5%)
(RDMA_READ_CONSUME_CHECK_CONSUMER) timestamp=1616 ms, used_size=8386560 bytes (20.5%)
(RDMA_READ_CONSUME_CHECK_CONSUMER) timestamp=1616 ms, used_size=8384512 bytes (20.5%)
(RDMA_READ_CONSUME_CHECK_CONSUMER) timestamp=1616 ms, used_size=8382464 bytes (20.5%)
(RDMA_READ_CONSUME_CHECK_CONSUMER) timestamp=1616 ms, used_size=8380416 bytes (20.5%)
(RDMA_READ_CONSUME_CHECK_CONSUMER) timestamp=1617 ms, used_size=8378368 bytes (20.5%)
(RDMA_READ_CONSUME_CHECK_CONSUMER) timestamp=1617 ms, used_size=8376320 bytes (20.4%)
(RDMA_READ_CONSUME_CHECK_CONSUMER) timestamp=1617 ms, used_size=8374272 bytes (20.4%)
(RDMA_READ_CONSUME_CHECK_CONSUMER) timestamp=1617 ms, used_size=8372224 bytes (20.4%)
(RDMA_READ_CONSUME_CHECK_CONSUMER) timestamp=1617 ms, used_size=8370176 bytes (20.4%)
(RDMA_READ_CONSUME_CHECK_CONSUMER) timestamp=1617 ms, used_size=8368128 bytes (20.4%)
(RDMA_READ_CONSUME_CHECK_CONSUMER) timestamp=1617 ms, used_size=8366080 bytes (20.4%)
(RDMA_READ_CONSUME_CHECK_CONSUMER) timestamp=1617 ms, used_size=8364032 bytes (20.4%)
(RDMA_READ_CONSUME_CHECK_CONSUMER) timestamp=1617 ms, used_size=8361984 bytes (20.4%)
(RDMA_READ_CONSUME_CHECK_CONSUMER) timestamp=1617 ms, used_size=8359936 bytes (20.4%)
(RDMA_READ_CONSUME_CHECK_CONSUMER) timestamp=1617 ms, used_size=8357888 bytes (20.4%)
(RDMA_READ_CONSUME_CHECK_CONSUMER) timestamp=1617 ms, used_size=8355840 bytes (20.4%)
(RDMA_READ_CONSUME_CHECK_CONSUMER) timestamp=1617 ms, used_size=8353792 bytes (20.4%)
(RDMA_READ_CONSUME_CHECK_CONSUMER) timestamp=1617 ms, used_size=8351744 bytes (20.4%)
(RDMA_READ_CONSUME_CHECK_CONSUMER) timestamp=1617 ms, used_size=8349696 bytes (20.4%)
(RDMA_READ_CONSUME_CHECK_CONSUMER) timestamp=1617 ms, used_size=8347648 bytes (20.4%)
(RDMA_READ_CONSUME_CHECK_CONSUMER) timestamp=1617 ms, used_size=8345600 bytes (20.4%)
(RDMA_READ_CONSUME_CHECK_CONSUMER) timestamp=1617 ms, used_size=8343552 bytes (20.4%)
(RDMA_READ_CONSUME_CHECK_CONSUMER) timestamp=1617 ms, used_size=8341504 bytes (20.4%)
(RDMA_READ_CONSUME_CHECK_CONSUMER) timestamp=1617 ms, used_size=8339456 bytes (20.4%)
(RDMA_READ_CONSUME_CHECK_CONSUMER) timestamp=1617 ms, used_size=8337408 bytes (20.4%)
(RDMA_READ_CONSUME_CHECK_CONSUMER) timestamp=1617 ms, used_size=8335360 bytes (20.4%)
(RDMA_READ_CONSUME_CHECK_CONSUMER) timestamp=1617 ms, used_size=8333312 bytes (20.3%)
(RDMA_READ_CONSUME_CHECK_CONSUMER) timestamp=1617 ms, used_size=8331264 bytes (20.3%)
(RDMA_READ_CONSUME_CHECK_CONSUMER) timestamp=1617 ms, used_size=8329216 bytes (20.3%)
(RDMA_READ_CONSUME_CHECK_CONSUMER) timestamp=1617 ms, used_size=8327168 bytes (20.3%)
(RDMA_READ_CONSUME_CHECK_CONSUMER) timestamp=1617 ms, used_size=8325120 bytes (20.3%)
(RDMA_READ_CONSUME_CHECK_CONSUMER) timestamp=1617 ms, used_size=8323072 bytes (20.3%)
(RDMA_READ_CONSUME_CHECK_CONSUMER) timestamp=1617 ms, used_size=8321024 bytes (20.3%)
(RDMA_READ_CONSUME_CHECK_CONSUMER) timestamp=1617 ms, used_size=8318976 bytes (20.3%)
(RDMA_READ_CONSUME_CHECK_CONSUMER) timestamp=1617 ms, used_size=8316928 bytes (20.3%)
(RDMA_READ_CONSUME_CHECK_CONSUMER) timestamp=1617 ms, used_size=8314880 bytes (20.3%)
(RDMA_READ_CONSUME_CHECK_CONSUMER) timestamp=1617 ms, used_size=8312832 bytes (20.3%)
(RDMA_READ_CONSUME_CHECK_CONSUMER) timestamp=1617 ms, used_size=8310784 bytes (20.3%)
(RDMA_READ_CONSUME_CHECK_CONSUMER) timestamp=1617 ms, used_size=8308736 bytes (20.3%)
(RDMA_READ_CONSUME_CHECK_CONSUMER) timestamp=1617 ms, used_size=8306688 bytes (20.3%)
(RDMA_READ_CONSUME_CHECK_CONSUMER) timestamp=1617 ms, used_size=8304640 bytes (20.3%)
(RDMA_READ_CONSUME_CHECK_CONSUMER) timestamp=1617 ms, used_size=8302592 bytes (20.3%)
(RDMA_READ_CONSUME_CHECK_CONSUMER) timestamp=1617 ms, used_size=8300544 bytes (20.3%)
(RDMA_READ_CONSUME_CHECK_CONSUMER) timestamp=1617 ms, used_size=8298496 bytes (20.3%)
(RDMA_READ_CONSUME_CHECK_CONSUMER) timestamp=1617 ms, used_size=8296448 bytes (20.3%)
(RDMA_READ_CONSUME_CHECK_CONSUMER) timestamp=1617 ms, used_size=8294400 bytes (20.2%)
(RDMA_READ_CONSUME_CHECK_CONSUMER) timestamp=1617 ms, used_size=8292352 bytes (20.2%)
(RDMA_READ_CONSUME_CHECK_CONSUMER) timestamp=1617 ms, used_size=8290304 bytes (20.2%)
(RDMA_READ_CONSUME_CHECK_CONSUMER) timestamp=1617 ms, used_size=8288256 bytes (20.2%)
(RDMA_READ_CONSUME_CHECK_CONSUMER) timestamp=1617 ms, used_size=8286208 bytes (20.2%)
(RDMA_READ_CONSUME_CHECK_CONSUMER) timestamp=1617 ms, used_size=8284160 bytes (20.2%)
(RDMA_READ_CONSUME_CHECK_CONSUMER) timestamp=1617 ms, used_size=8282112 bytes (20.2%)
(RDMA_READ_CONSUME_CHECK_CONSUMER) timestamp=1617 ms, used_size=8280064 bytes (20.2%)
(RDMA_READ_CONSUME_CHECK_CONSUMER) timestamp=1617 ms, used_size=8278016 bytes (20.2%)
(RDMA_READ_CONSUME_CHECK_CONSUMER) timestamp=1617 ms, used_size=8275968 bytes (20.2%)
(RDMA_READ_CONSUME_CHECK_CONSUMER) timestamp=1617 ms, used_size=8273920 bytes (20.2%)
(RDMA_READ_CONSUME_CHECK_CONSUMER) timestamp=1617 ms, used_size=8271872 bytes (20.2%)
(RDMA_READ_CONSUME_CHECK_CONSUMER) timestamp=1617 ms, used_size=8269824 bytes (20.2%)
(RDMA_READ_CONSUME_CHECK_CONSUMER) timestamp=1617 ms, used_size=8267776 bytes (20.2%)
(RDMA_READ_CONSUME_CHECK_CONSUMER) timestamp=1617 ms, used_size=8265728 bytes (20.2%)
(RDMA_READ_CONSUME_CHECK_CONSUMER) timestamp=1617 ms, used_size=8263680 bytes (20.2%)
(RDMA_READ_CONSUME_CHECK_CONSUMER) timestamp=1617 ms, used_size=8261632 bytes (20.2%)
(RDMA_READ_CONSUME_CHECK_CONSUMER) timestamp=1617 ms, used_size=8259584 bytes (20.2%)
(RDMA_READ_CONSUME_CHECK_CONSUMER) timestamp=1617 ms, used_size=8257536 bytes (20.2%)
(RDMA_READ_CONSUME_CHECK_CONSUMER) timestamp=1617 ms, used_size=8255488 bytes (20.2%)
(RDMA_READ_CONSUME_CHECK_CONSUMER) timestamp=1617 ms, used_size=8253440 bytes (20.1%)
(RDMA_READ_CONSUME_CHECK_CONSUMER) timestamp=1617 ms, used_size=8251392 bytes (20.1%)
(RDMA_READ_CONSUME_CHECK_CONSUMER) timestamp=1617 ms, used_size=8249344 bytes (20.1%)
(RDMA_READ_CONSUME_CHECK_CONSUMER) timestamp=1617 ms, used_size=8247296 bytes (20.1%)
(RDMA_READ_CONSUME_CHECK_CONSUMER) timestamp=1617 ms, used_size=8245248 bytes (20.1%)
(RDMA_READ_CONSUME_CHECK_CONSUMER) timestamp=1617 ms, used_size=8243200 bytes (20.1%)
(RDMA_READ_CONSUME_CHECK_CONSUMER) timestamp=1617 ms, used_size=8241152 bytes (20.1%)
(RDMA_READ_CONSUME_CHECK_CONSUMER) timestamp=1617 ms, used_size=8239104 bytes (20.1%)
(RDMA_READ_CONSUME_CHECK_CONSUMER) timestamp=1617 ms, used_size=8237056 bytes (20.1%)
(RDMA_READ_CONSUME_CHECK_CONSUMER) timestamp=1617 ms, used_size=8235008 bytes (20.1%)
(RDMA_READ_CONSUME_CHECK_CONSUMER) timestamp=1617 ms, used_size=8232960 bytes (20.1%)
(RDMA_READ_CONSUME_CHECK_CONSUMER) timestamp=1617 ms, used_size=8230912 bytes (20.1%)
(RDMA_READ_CONSUME_CHECK_CONSUMER) timestamp=1617 ms, used_size=8228864 bytes (20.1%)
(RDMA_READ_CONSUME_CHECK_CONSUMER) timestamp=1617 ms, used_size=8226816 bytes (20.1%)
(RDMA_READ_CONSUME_CHECK_CONSUMER) timestamp=1617 ms, used_size=8224768 bytes (20.1%)
(RDMA_READ_CONSUME_CHECK_CONSUMER) timestamp=1617 ms, used_size=8222720 bytes (20.1%)
(RDMA_READ_CONSUME_CHECK_CONSUMER) timestamp=1617 ms, used_size=8220672 bytes (20.1%)
(RDMA_READ_CONSUME_CHECK_CONSUMER) timestamp=1617 ms, used_size=8218624 bytes (20.1%)
(RDMA_READ_CONSUME_CHECK_CONSUMER) timestamp=1617 ms, used_size=8216576 bytes (20.1%)
(RDMA_READ_CONSUME_CHECK_CONSUMER) timestamp=1617 ms, used_size=8214528 bytes (20.1%)
(RDMA_READ_CONSUME_CHECK_CONSUMER) timestamp=1617 ms, used_size=8212480 bytes (20.1%)
(RDMA_READ_CONSUME_CHECK_CONSUMER) timestamp=1617 ms, used_size=8210432 bytes (20.0%)
(RDMA_READ_CONSUME_CHECK_CONSUMER) timestamp=1617 ms, used_size=8208384 bytes (20.0%)
(RDMA_READ_CONSUME_CHECK_CONSUMER) timestamp=1617 ms, used_size=8206336 bytes (20.0%)
(RDMA_READ_CONSUME_CHECK_CONSUMER) timestamp=1617 ms, used_size=8204288 bytes (20.0%)
(RDMA_READ_CONSUME_CHECK_CONSUMER) timestamp=1617 ms, used_size=8202240 bytes (20.0%)
(RDMA_READ_CONSUME_CHECK_CONSUMER) timestamp=1617 ms, used_size=8200192 bytes (20.0%)
(RDMA_READ_CONSUME_CHECK_CONSUMER) timestamp=1617 ms, used_size=8198144 bytes (20.0%)
(RDMA_READ_CONSUME_CHECK_CONSUMER) timestamp=1617 ms, used_size=8196096 bytes (20.0%)
(RDMA_READ_CONSUME_CHECK_CONSUMER) timestamp=1617 ms, used_size=8194048 bytes (20.0%)
(RDMA_READ_CONSUME_CHECK_CONSUMER) timestamp=1617 ms, used_size=8192000 bytes (20.0%)
(RDMA_READ_CONSUME_CHECK_CONSUMER) timestamp=1617 ms, used_size=8189952 bytes (20.0%)
(RDMA_READ_CONSUME_CHECK_CONSUMER) timestamp=1617 ms, used_size=8187904 bytes (20.0%)
(RDMA_READ_CONSUME_CHECK_CONSUMER) timestamp=1617 ms, used_size=8185856 bytes (20.0%)
(RDMA_READ_CONSUME_CHECK_CONSUMER) timestamp=1617 ms, used_size=8183808 bytes (20.0%)
(RDMA_READ_CONSUME_CHECK_CONSUMER) timestamp=1617 ms, used_size=8181760 bytes (20.0%)
(RDMA_READ_CONSUME_CHECK_CONSUMER) timestamp=1617 ms, used_size=8179712 bytes (20.0%)
(RDMA_READ_CONSUME_CHECK_CONSUMER) timestamp=1617 ms, used_size=8177664 bytes (20.0%)
(RDMA_READ_CONSUME_CHECK_CONSUMER) timestamp=1617 ms, used_size=8175616 bytes (20.0%)
(RDMA_READ_CONSUME_CHECK_CONSUMER) timestamp=1617 ms, used_size=8173568 bytes (20.0%)
(RDMA_READ_CONSUME_CHECK_CONSUMER) timestamp=1617 ms, used_size=8171520 bytes (19.9%)
(RDMA_READ_CONSUME_CHECK_CONSUMER) timestamp=1617 ms, used_size=8169472 bytes (19.9%)
(RDMA_READ_CONSUME_CHECK_CONSUMER) timestamp=1617 ms, used_size=8167424 bytes (19.9%)
(RDMA_READ_CONSUME_CHECK_CONSUMER) timestamp=1617 ms, used_size=8165376 bytes (19.9%)
(RDMA_READ_CONSUME_CHECK_CONSUMER) timestamp=1617 ms, used_size=8163328 bytes (19.9%)
(RDMA_READ_CONSUME_CHECK_CONSUMER) timestamp=1617 ms, used_size=8161280 bytes (19.9%)
(RDMA_READ_CONSUME_CHECK_CONSUMER) timestamp=1617 ms, used_size=8159232 bytes (19.9%)
(RDMA_READ_CONSUME_CHECK_CONSUMER) timestamp=1617 ms, used_size=8157184 bytes (19.9%)
(RDMA_READ_CONSUME_CHECK_CONSUMER) timestamp=1617 ms, used_size=8155136 bytes (19.9%)
(RDMA_READ_CONSUME_CHECK_CONSUMER) timestamp=1617 ms, used_size=8153088 bytes (19.9%)
(RDMA_READ_CONSUME_CHECK_CONSUMER) timestamp=1617 ms, used_size=8151040 bytes (19.9%)
(RDMA_READ_CONSUME_CHECK_CONSUMER) timestamp=1617 ms, used_size=8148992 bytes (19.9%)
(RDMA_READ_CONSUME_CHECK_CONSUMER) timestamp=1617 ms, used_size=8146944 bytes (19.9%)
(RDMA_READ_CONSUME_CHECK_CONSUMER) timestamp=1617 ms, used_size=8144896 bytes (19.9%)
(RDMA_READ_CONSUME_CHECK_CONSUMER) timestamp=1617 ms, used_size=8142848 bytes (19.9%)
(RDMA_READ_CONSUME_CHECK_CONSUMER) timestamp=1617 ms, used_size=8140800 bytes (19.9%)
(RDMA_READ_CONSUME_CHECK_CONSUMER) timestamp=1617 ms, used_size=8138752 bytes (19.9%)
(RDMA_READ_CONSUME_CHECK_CONSUMER) timestamp=1617 ms, used_size=8136704 bytes (19.9%)
(RDMA_READ_CONSUME_CHECK_CONSUMER) timestamp=1617 ms, used_size=8134656 bytes (19.9%)
(RDMA_READ_CONSUME_CHECK_CONSUMER) timestamp=1617 ms, used_size=8132608 bytes (19.9%)
(RDMA_READ_CONSUME_CHECK_CONSUMER) timestamp=1617 ms, used_size=8130560 bytes (19.9%)
(RDMA_READ_CONSUME_CHECK_CONSUMER) timestamp=1617 ms, used_size=8128512 bytes (19.8%)
(RDMA_READ_CONSUME_CHECK_CONSUMER) timestamp=1617 ms, used_size=8126464 bytes (19.8%)
(RDMA_READ_CONSUME_CHECK_CONSUMER) timestamp=1617 ms, used_size=8124416 bytes (19.8%)
(RDMA_READ_CONSUME_CHECK_CONSUMER) timestamp=1617 ms, used_size=8122368 bytes (19.8%)
(RDMA_READ_CONSUME_CHECK_CONSUMER) timestamp=1617 ms, used_size=8120320 bytes (19.8%)
(RDMA_READ_CONSUME_CHECK_CONSUMER) timestamp=1617 ms, used_size=8118272 bytes (19.8%)
(RDMA_READ_CONSUME_CHECK_CONSUMER) timestamp=1617 ms, used_size=8116224 bytes (19.8%)
(RDMA_READ_CONSUME_CHECK_CONSUMER) timestamp=1617 ms, used_size=8114176 bytes (19.8%)
(RDMA_READ_CONSUME_CHECK_CONSUMER) timestamp=1617 ms, used_size=8112128 bytes (19.8%)
(RDMA_READ_CONSUME_CHECK_CONSUMER) timestamp=1617 ms, used_size=8110080 bytes (19.8%)
(RDMA_READ_CONSUME_CHECK_CONSUMER) timestamp=1617 ms, used_size=8108032 bytes (19.8%)
(RDMA_READ_CONSUME_CHECK_CONSUMER) timestamp=1617 ms, used_size=8105984 bytes (19.8%)
(RDMA_READ_CONSUME_CHECK_CONSUMER) timestamp=1617 ms, used_size=8103936 bytes (19.8%)
(RDMA_READ_CONSUME_CHECK_CONSUMER) timestamp=1617 ms, used_size=8101888 bytes (19.8%)
(RDMA_READ_CONSUME_CHECK_CONSUMER) timestamp=1617 ms, used_size=8099840 bytes (19.8%)
(RDMA_READ_CONSUME_CHECK_CONSUMER) timestamp=1617 ms, used_size=8097792 bytes (19.8%)
(RDMA_READ_CONSUME_CHECK_CONSUMER) timestamp=1617 ms, used_size=8095744 bytes (19.8%)
(RDMA_READ_CONSUME_CHECK_CONSUMER) timestamp=1617 ms, used_size=8093696 bytes (19.8%)
(RDMA_READ_CONSUME_CHECK_CONSUMER) timestamp=1617 ms, used_size=8091648 bytes (19.8%)
(RDMA_READ_CONSUME_CHECK_CONSUMER) timestamp=1617 ms, used_size=8089600 bytes (19.8%)
(RDMA_READ_CONSUME_CHECK_CONSUMER) timestamp=1617 ms, used_size=8087552 bytes (19.7%)
(RDMA_READ_CONSUME_CHECK_CONSUMER) timestamp=1617 ms, used_size=8085504 bytes (19.7%)
(RDMA_READ_CONSUME_CHECK_CONSUMER) timestamp=1617 ms, used_size=8083456 bytes (19.7%)
(RDMA_READ_CONSUME_CHECK_CONSUMER) timestamp=1617 ms, used_size=8081408 bytes (19.7%)
(RDMA_READ_CONSUME_CHECK_CONSUMER) timestamp=1617 ms, used_size=8079360 bytes (19.7%)
(RDMA_READ_CONSUME_CHECK_CONSUMER) timestamp=1617 ms, used_size=8077312 bytes (19.7%)
(RDMA_READ_CONSUME_CHECK_CONSUMER) timestamp=1617 ms, used_size=8075264 bytes (19.7%)
(RDMA_READ_CONSUME_CHECK_CONSUMER) timestamp=1617 ms, used_size=8073216 bytes (19.7%)
(RDMA_READ_CONSUME_CHECK_CONSUMER) timestamp=1617 ms, used_size=8071168 bytes (19.7%)
(RDMA_READ_CONSUME_CHECK_CONSUMER) timestamp=1617 ms, used_size=8069120 bytes (19.7%)
(RDMA_READ_CONSUME_CHECK_CONSUMER) timestamp=1617 ms, used_size=8067072 bytes (19.7%)
(RDMA_READ_CONSUME_CHECK_CONSUMER) timestamp=1617 ms, used_size=8065024 bytes (19.7%)
(RDMA_READ_CONSUME_CHECK_CONSUMER) timestamp=1617 ms, used_size=8062976 bytes (19.7%)
(RDMA_READ_CONSUME_CHECK_CONSUMER) timestamp=1617 ms, used_size=8060928 bytes (19.7%)
(RDMA_READ_CONSUME_CHECK_CONSUMER) timestamp=1617 ms, used_size=8058880 bytes (19.7%)
(RDMA_READ_CONSUME_CHECK_CONSUMER) timestamp=1617 ms, used_size=8056832 bytes (19.7%)
(RDMA_READ_CONSUME_CHECK_CONSUMER) timestamp=1617 ms, used_size=8054784 bytes (19.7%)
(RDMA_READ_CONSUME_CHECK_CONSUMER) timestamp=1617 ms, used_size=8052736 bytes (19.7%)
(RDMA_READ_CONSUME_CHECK_CONSUMER) timestamp=1617 ms, used_size=8050688 bytes (19.7%)
(RDMA_READ_CONSUME_CHECK_CONSUMER) timestamp=1617 ms, used_size=8048640 bytes (19.6%)
(RDMA_READ_CONSUME_CHECK_CONSUMER) timestamp=1617 ms, used_size=8046592 bytes (19.6%)
(RDMA_READ_CONSUME_CHECK_CONSUMER) timestamp=1618 ms, used_size=8044544 bytes (19.6%)
(RDMA_READ_CONSUME_CHECK_CONSUMER) timestamp=1618 ms, used_size=8042496 bytes (19.6%)
(RDMA_READ_CONSUME_CHECK_CONSUMER) timestamp=1618 ms, used_size=8040448 bytes (19.6%)
(RDMA_READ_CONSUME_CHECK_CONSUMER) timestamp=1618 ms, used_size=8038400 bytes (19.6%)
(RDMA_READ_CONSUME_CHECK_CONSUMER) timestamp=1618 ms, used_size=8036352 bytes (19.6%)
(RDMA_READ_CONSUME_CHECK_CONSUMER) timestamp=1618 ms, used_size=8034304 bytes (19.6%)
(RDMA_READ_CONSUME_CHECK_CONSUMER) timestamp=1618 ms, used_size=8032256 bytes (19.6%)
(RDMA_READ_CONSUME_CHECK_CONSUMER) timestamp=1618 ms, used_size=8030208 bytes (19.6%)
(RDMA_READ_CONSUME_CHECK_CONSUMER) timestamp=1618 ms, used_size=8028160 bytes (19.6%)
(RDMA_READ_CONSUME_CHECK_CONSUMER) timestamp=1618 ms, used_size=8026112 bytes (19.6%)
(RDMA_READ_CONSUME_CHECK_CONSUMER) timestamp=1618 ms, used_size=8024064 bytes (19.6%)
(RDMA_READ_CONSUME_CHECK_CONSUMER) timestamp=1618 ms, used_size=8022016 bytes (19.6%)
(RDMA_READ_CONSUME_CHECK_CONSUMER) timestamp=1618 ms, used_size=8019968 bytes (19.6%)
(RDMA_READ_CONSUME_CHECK_CONSUMER) timestamp=1618 ms, used_size=8017920 bytes (19.6%)
(RDMA_READ_CONSUME_CHECK_CONSUMER) timestamp=1618 ms, used_size=8015872 bytes (19.6%)
(RDMA_READ_CONSUME_CHECK_CONSUMER) timestamp=1618 ms, used_size=8013824 bytes (19.6%)
(RDMA_READ_CONSUME_CHECK_CONSUMER) timestamp=1618 ms, used_size=8011776 bytes (19.6%)
(RDMA_READ_CONSUME_CHECK_CONSUMER) timestamp=1618 ms, used_size=8009728 bytes (19.6%)
(RDMA_READ_CONSUME_CHECK_CONSUMER) timestamp=1618 ms, used_size=8007680 bytes (19.6%)
(RDMA_READ_CONSUME_CHECK_CONSUMER) timestamp=1618 ms, used_size=8005632 bytes (19.5%)
(RDMA_READ_CONSUME_CHECK_CONSUMER) timestamp=1618 ms, used_size=8003584 bytes (19.5%)
(RDMA_READ_CONSUME_CHECK_CONSUMER) timestamp=1618 ms, used_size=8001536 bytes (19.5%)
(RDMA_READ_CONSUME_CHECK_CONSUMER) timestamp=1618 ms, used_size=7999488 bytes (19.5%)
(RDMA_READ_CONSUME_CHECK_CONSUMER) timestamp=1618 ms, used_size=7997440 bytes (19.5%)
(RDMA_READ_CONSUME_CHECK_CONSUMER) timestamp=1618 ms, used_size=7995392 bytes (19.5%)
(RDMA_READ_CONSUME_CHECK_CONSUMER) timestamp=1618 ms, used_size=7993344 bytes (19.5%)
(RDMA_READ_CONSUME_CHECK_CONSUMER) timestamp=1618 ms, used_size=7991296 bytes (19.5%)
(RDMA_READ_CONSUME_CHECK_CONSUMER) timestamp=1618 ms, used_size=7989248 bytes (19.5%)
(RDMA_READ_CONSUME_CHECK_CONSUMER) timestamp=1618 ms, used_size=7987200 bytes (19.5%)
(RDMA_READ_CONSUME_CHECK_CONSUMER) timestamp=1618 ms, used_size=7985152 bytes (19.5%)
(RDMA_READ_CONSUME_CHECK_CONSUMER) timestamp=1618 ms, used_size=7983104 bytes (19.5%)
(RDMA_READ_CONSUME_CHECK_CONSUMER) timestamp=1618 ms, used_size=7981056 bytes (19.5%)
(RDMA_READ_CONSUME_CHECK_CONSUMER) timestamp=1618 ms, used_size=7979008 bytes (19.5%)
(RDMA_READ_CONSUME_CHECK_CONSUMER) timestamp=1618 ms, used_size=7976960 bytes (19.5%)
(RDMA_READ_CONSUME_CHECK_CONSUMER) timestamp=1618 ms, used_size=7974912 bytes (19.5%)
(RDMA_READ_CONSUME_CHECK_CONSUMER) timestamp=1618 ms, used_size=7972864 bytes (19.5%)
(RDMA_READ_CONSUME_CHECK_CONSUMER) timestamp=1618 ms, used_size=7970816 bytes (19.5%)
(RDMA_READ_CONSUME_CHECK_CONSUMER) timestamp=1618 ms, used_size=7968768 bytes (19.5%)
(RDMA_READ_CONSUME_CHECK_CONSUMER) timestamp=1618 ms, used_size=7966720 bytes (19.4%)
(RDMA_READ_CONSUME_CHECK_CONSUMER) timestamp=1618 ms, used_size=7964672 bytes (19.4%)
(RDMA_READ_CONSUME_CHECK_CONSUMER) timestamp=1618 ms, used_size=7962624 bytes (19.4%)
(RDMA_READ_CONSUME_CHECK_CONSUMER) timestamp=1618 ms, used_size=7960576 bytes (19.4%)
(RDMA_READ_CONSUME_CHECK_CONSUMER) timestamp=1618 ms, used_size=7958528 bytes (19.4%)
(RDMA_READ_CONSUME_CHECK_CONSUMER) timestamp=1618 ms, used_size=7956480 bytes (19.4%)
(RDMA_READ_CONSUME_CHECK_CONSUMER) timestamp=1618 ms, used_size=7954432 bytes (19.4%)
(RDMA_READ_CONSUME_CHECK_CONSUMER) timestamp=1618 ms, used_size=7952384 bytes (19.4%)
(RDMA_READ_CONSUME_CHECK_CONSUMER) timestamp=1618 ms, used_size=7950336 bytes (19.4%)
(RDMA_READ_CONSUME_CHECK_CONSUMER) timestamp=1618 ms, used_size=7948288 bytes (19.4%)
(RDMA_READ_CONSUME_CHECK_CONSUMER) timestamp=1618 ms, used_size=7946240 bytes (19.4%)
(RDMA_READ_CONSUME_CHECK_CONSUMER) timestamp=1618 ms, used_size=7944192 bytes (19.4%)
(RDMA_READ_CONSUME_CHECK_CONSUMER) timestamp=1618 ms, used_size=7942144 bytes (19.4%)
(RDMA_READ_CONSUME_CHECK_CONSUMER) timestamp=1618 ms, used_size=7940096 bytes (19.4%)
(RDMA_READ_CONSUME_CHECK_CONSUMER) timestamp=1618 ms, used_size=7938048 bytes (19.4%)
(RDMA_READ_CONSUME_CHECK_CONSUMER) timestamp=1618 ms, used_size=7936000 bytes (19.4%)
(RDMA_READ_CONSUME_CHECK_CONSUMER) timestamp=1618 ms, used_size=7933952 bytes (19.4%)
(RDMA_READ_CONSUME_CHECK_CONSUMER) timestamp=1618 ms, used_size=7931904 bytes (19.4%)
(RDMA_READ_CONSUME_CHECK_CONSUMER) timestamp=1618 ms, used_size=7929856 bytes (19.4%)
(RDMA_READ_CONSUME_CHECK_CONSUMER) timestamp=1618 ms, used_size=7927808 bytes (19.4%)
(RDMA_READ_CONSUME_CHECK_CONSUMER) timestamp=1618 ms, used_size=7925760 bytes (19.4%)
(RDMA_READ_CONSUME_CHECK_CONSUMER) timestamp=1618 ms, used_size=7923712 bytes (19.3%)
(RDMA_READ_CONSUME_CHECK_CONSUMER) timestamp=1618 ms, used_size=7921664 bytes (19.3%)
(RDMA_READ_CONSUME_CHECK_CONSUMER) timestamp=1618 ms, used_size=7919616 bytes (19.3%)
(RDMA_READ_CONSUME_CHECK_CONSUMER) timestamp=1618 ms, used_size=7917568 bytes (19.3%)
(RDMA_READ_CONSUME_CHECK_CONSUMER) timestamp=1618 ms, used_size=7915520 bytes (19.3%)
(RDMA_READ_CONSUME_CHECK_CONSUMER) timestamp=1618 ms, used_size=7913472 bytes (19.3%)
(RDMA_READ_CONSUME_CHECK_CONSUMER) timestamp=1618 ms, used_size=7911424 bytes (19.3%)
(RDMA_READ_CONSUME_CHECK_CONSUMER) timestamp=1618 ms, used_size=7909376 bytes (19.3%)
(RDMA_READ_CONSUME_CHECK_CONSUMER) timestamp=1618 ms, used_size=7907328 bytes (19.3%)
(RDMA_READ_CONSUME_CHECK_CONSUMER) timestamp=1618 ms, used_size=7905280 bytes (19.3%)
(RDMA_READ_CONSUME_CHECK_CONSUMER) timestamp=1618 ms, used_size=7903232 bytes (19.3%)
(RDMA_READ_CONSUME_CHECK_CONSUMER) timestamp=1618 ms, used_size=7901184 bytes (19.3%)
(RDMA_READ_CONSUME_CHECK_CONSUMER) timestamp=1618 ms, used_size=7899136 bytes (19.3%)
(RDMA_READ_CONSUME_CHECK_CONSUMER) timestamp=1618 ms, used_size=7897088 bytes (19.3%)
(RDMA_READ_CONSUME_CHECK_CONSUMER) timestamp=1618 ms, used_size=7895040 bytes (19.3%)
(RDMA_READ_CONSUME_CHECK_CONSUMER) timestamp=1618 ms, used_size=7892992 bytes (19.3%)
(RDMA_READ_CONSUME_CHECK_CONSUMER) timestamp=1618 ms, used_size=7890944 bytes (19.3%)
(RDMA_READ_CONSUME_CHECK_CONSUMER) timestamp=1618 ms, used_size=7888896 bytes (19.3%)
(RDMA_READ_CONSUME_CHECK_CONSUMER) timestamp=1618 ms, used_size=7886848 bytes (19.3%)
(RDMA_READ_CONSUME_CHECK_CONSUMER) timestamp=1618 ms, used_size=7884800 bytes (19.2%)
(RDMA_READ_CONSUME_CHECK_CONSUMER) timestamp=1618 ms, used_size=7882752 bytes (19.2%)
(RDMA_READ_CONSUME_CHECK_CONSUMER) timestamp=1618 ms, used_size=7880704 bytes (19.2%)
(RDMA_READ_CONSUME_CHECK_CONSUMER) timestamp=1618 ms, used_size=7878656 bytes (19.2%)
(RDMA_READ_CONSUME_CHECK_CONSUMER) timestamp=1618 ms, used_size=7876608 bytes (19.2%)
(RDMA_READ_CONSUME_CHECK_CONSUMER) timestamp=1618 ms, used_size=7874560 bytes (19.2%)
(RDMA_READ_CONSUME_CHECK_CONSUMER) timestamp=1618 ms, used_size=7872512 bytes (19.2%)
(RDMA_READ_CONSUME_CHECK_CONSUMER) timestamp=1618 ms, used_size=7870464 bytes (19.2%)
(RDMA_READ_CONSUME_CHECK_CONSUMER) timestamp=1618 ms, used_size=7868416 bytes (19.2%)
(RDMA_READ_CONSUME_CHECK_CONSUMER) timestamp=1618 ms, used_size=7866368 bytes (19.2%)
(RDMA_READ_CONSUME_CHECK_CONSUMER) timestamp=1618 ms, used_size=7864320 bytes (19.2%)
(RDMA_READ_CONSUME_CHECK_CONSUMER) timestamp=1618 ms, used_size=7862272 bytes (19.2%)
(RDMA_READ_CONSUME_CHECK_CONSUMER) timestamp=1618 ms, used_size=7860224 bytes (19.2%)
(RDMA_READ_CONSUME_CHECK_CONSUMER) timestamp=1618 ms, used_size=7858176 bytes (19.2%)
(RDMA_READ_CONSUME_CHECK_CONSUMER) timestamp=1618 ms, used_size=7856128 bytes (19.2%)
(RDMA_READ_CONSUME_CHECK_CONSUMER) timestamp=1618 ms, used_size=7854080 bytes (19.2%)
(RDMA_READ_CONSUME_CHECK_CONSUMER) timestamp=1618 ms, used_size=7852032 bytes (19.2%)
(RDMA_READ_CONSUME_CHECK_CONSUMER) timestamp=1618 ms, used_size=7849984 bytes (19.2%)
(RDMA_READ_CONSUME_CHECK_CONSUMER) timestamp=1618 ms, used_size=7847936 bytes (19.2%)
(RDMA_READ_CONSUME_CHECK_CONSUMER) timestamp=1618 ms, used_size=7845888 bytes (19.2%)
(RDMA_READ_CONSUME_CHECK_CONSUMER) timestamp=1618 ms, used_size=7843840 bytes (19.1%)
(RDMA_READ_CONSUME_CHECK_CONSUMER) timestamp=1618 ms, used_size=7841792 bytes (19.1%)
(RDMA_READ_CONSUME_CHECK_CONSUMER) timestamp=1618 ms, used_size=7839744 bytes (19.1%)
(RDMA_READ_CONSUME_CHECK_CONSUMER) timestamp=1618 ms, used_size=7837696 bytes (19.1%)
(RDMA_READ_CONSUME_CHECK_CONSUMER) timestamp=1618 ms, used_size=7835648 bytes (19.1%)
(RDMA_READ_CONSUME_CHECK_CONSUMER) timestamp=1618 ms, used_size=7833600 bytes (19.1%)
(RDMA_READ_CONSUME_CHECK_CONSUMER) timestamp=1618 ms, used_size=7831552 bytes (19.1%)
(RDMA_READ_CONSUME_CHECK_CONSUMER) timestamp=1618 ms, used_size=7829504 bytes (19.1%)
(RDMA_READ_CONSUME_CHECK_CONSUMER) timestamp=1618 ms, used_size=7827456 bytes (19.1%)
(RDMA_READ_CONSUME_CHECK_CONSUMER) timestamp=1618 ms, used_size=7825408 bytes (19.1%)
(RDMA_READ_CONSUME_CHECK_CONSUMER) timestamp=1618 ms, used_size=7823360 bytes (19.1%)
(RDMA_READ_CONSUME_CHECK_CONSUMER) timestamp=1618 ms, used_size=7821312 bytes (19.1%)
(RDMA_READ_CONSUME_CHECK_CONSUMER) timestamp=1618 ms, used_size=7819264 bytes (19.1%)
(RDMA_READ_CONSUME_CHECK_CONSUMER) timestamp=1618 ms, used_size=7817216 bytes (19.1%)
(RDMA_READ_CONSUME_CHECK_CONSUMER) timestamp=1618 ms, used_size=7815168 bytes (19.1%)
(RDMA_READ_CONSUME_CHECK_CONSUMER) timestamp=1618 ms, used_size=7813120 bytes (19.1%)
(RDMA_READ_CONSUME_CHECK_CONSUMER) timestamp=1618 ms, used_size=7811072 bytes (19.1%)
(RDMA_READ_CONSUME_CHECK_CONSUMER) timestamp=1618 ms, used_size=7809024 bytes (19.1%)
(RDMA_READ_CONSUME_CHECK_CONSUMER) timestamp=1618 ms, used_size=7806976 bytes (19.1%)
(RDMA_READ_CONSUME_CHECK_CONSUMER) timestamp=1618 ms, used_size=7804928 bytes (19.1%)
(RDMA_READ_CONSUME_CHECK_CONSUMER) timestamp=1618 ms, used_size=7802880 bytes (19.1%)
(RDMA_READ_CONSUME_CHECK_CONSUMER) timestamp=1618 ms, used_size=7800832 bytes (19.0%)
(RDMA_READ_CONSUME_CHECK_CONSUMER) timestamp=1618 ms, used_size=7798784 bytes (19.0%)
(RDMA_READ_CONSUME_CHECK_CONSUMER) timestamp=1618 ms, used_size=7796736 bytes (19.0%)
(RDMA_READ_CONSUME_CHECK_CONSUMER) timestamp=1618 ms, used_size=7794688 bytes (19.0%)
(RDMA_READ_CONSUME_CHECK_CONSUMER) timestamp=1618 ms, used_size=7792640 bytes (19.0%)
(RDMA_READ_CONSUME_CHECK_CONSUMER) timestamp=1618 ms, used_size=7790592 bytes (19.0%)
(RDMA_READ_CONSUME_CHECK_CONSUMER) timestamp=1618 ms, used_size=7788544 bytes (19.0%)
(RDMA_READ_CONSUME_CHECK_CONSUMER) timestamp=1618 ms, used_size=7786496 bytes (19.0%)
(RDMA_READ_CONSUME_CHECK_CONSUMER) timestamp=1618 ms, used_size=7784448 bytes (19.0%)
(RDMA_READ_CONSUME_CHECK_CONSUMER) timestamp=1618 ms, used_size=7782400 bytes (19.0%)
(RDMA_READ_CONSUME_CHECK_CONSUMER) timestamp=1618 ms, used_size=7780352 bytes (19.0%)
(RDMA_READ_CONSUME_CHECK_CONSUMER) timestamp=1618 ms, used_size=7778304 bytes (19.0%)
(RDMA_READ_CONSUME_CHECK_CONSUMER) timestamp=1618 ms, used_size=7776256 bytes (19.0%)
(RDMA_READ_CONSUME_CHECK_CONSUMER) timestamp=1618 ms, used_size=7774208 bytes (19.0%)
(RDMA_READ_CONSUME_CHECK_CONSUMER) timestamp=1618 ms, used_size=7772160 bytes (19.0%)
(RDMA_READ_CONSUME_CHECK_CONSUMER) timestamp=1618 ms, used_size=7770112 bytes (19.0%)
(RDMA_READ_CONSUME_CHECK_CONSUMER) timestamp=1618 ms, used_size=7768064 bytes (19.0%)
(RDMA_READ_CONSUME_CHECK_CONSUMER) timestamp=1618 ms, used_size=7766016 bytes (19.0%)
(RDMA_READ_CONSUME_CHECK_CONSUMER) timestamp=1618 ms, used_size=7763968 bytes (19.0%)
(RDMA_READ_CONSUME_CHECK_CONSUMER) timestamp=1618 ms, used_size=7761920 bytes (18.9%)
(RDMA_READ_CONSUME_CHECK_CONSUMER) timestamp=1618 ms, used_size=7759872 bytes (18.9%)
(RDMA_READ_CONSUME_CHECK_CONSUMER) timestamp=1618 ms, used_size=7757824 bytes (18.9%)
(RDMA_READ_CONSUME_CHECK_CONSUMER) timestamp=1618 ms, used_size=7755776 bytes (18.9%)
(RDMA_READ_CONSUME_CHECK_CONSUMER) timestamp=1618 ms, used_size=7753728 bytes (18.9%)
(RDMA_READ_CONSUME_CHECK_CONSUMER) timestamp=1618 ms, used_size=7751680 bytes (18.9%)
(RDMA_READ_CONSUME_CHECK_CONSUMER) timestamp=1618 ms, used_size=7749632 bytes (18.9%)
(RDMA_READ_CONSUME_CHECK_CONSUMER) timestamp=1618 ms, used_size=7747584 bytes (18.9%)
(RDMA_READ_CONSUME_CHECK_CONSUMER) timestamp=1618 ms, used_size=7745536 bytes (18.9%)
(RDMA_READ_CONSUME_CHECK_CONSUMER) timestamp=1618 ms, used_size=7743488 bytes (18.9%)
(RDMA_READ_CONSUME_CHECK_CONSUMER) timestamp=1618 ms, used_size=7741440 bytes (18.9%)
(RDMA_READ_CONSUME_CHECK_CONSUMER) timestamp=1618 ms, used_size=7739392 bytes (18.9%)
(RDMA_READ_CONSUME_CHECK_CONSUMER) timestamp=1618 ms, used_size=7737344 bytes (18.9%)
(RDMA_READ_CONSUME_CHECK_CONSUMER) timestamp=1618 ms, used_size=7735296 bytes (18.9%)
(RDMA_READ_CONSUME_CHECK_CONSUMER) timestamp=1618 ms, used_size=7733248 bytes (18.9%)
(RDMA_READ_CONSUME_CHECK_CONSUMER) timestamp=1618 ms, used_size=7731200 bytes (18.9%)
(RDMA_READ_CONSUME_CHECK_CONSUMER) timestamp=1618 ms, used_size=7729152 bytes (18.9%)
(RDMA_READ_CONSUME_CHECK_CONSUMER) timestamp=1618 ms, used_size=7727104 bytes (18.9%)
(RDMA_READ_CONSUME_CHECK_CONSUMER) timestamp=1618 ms, used_size=7725056 bytes (18.9%)
(RDMA_READ_CONSUME_CHECK_CONSUMER) timestamp=1618 ms, used_size=7723008 bytes (18.9%)
(RDMA_READ_CONSUME_CHECK_CONSUMER) timestamp=1618 ms, used_size=7720960 bytes (18.9%)
(RDMA_READ_CONSUME_CHECK_CONSUMER) timestamp=1618 ms, used_size=7718912 bytes (18.8%)
(RDMA_READ_CONSUME_CHECK_CONSUMER) timestamp=1618 ms, used_size=7716864 bytes (18.8%)
(RDMA_READ_CONSUME_CHECK_CONSUMER) timestamp=1618 ms, used_size=7714816 bytes (18.8%)
(RDMA_READ_CONSUME_CHECK_CONSUMER) timestamp=1618 ms, used_size=7712768 bytes (18.8%)
(RDMA_READ_CONSUME_CHECK_CONSUMER) timestamp=1618 ms, used_size=7710720 bytes (18.8%)
(RDMA_READ_CONSUME_CHECK_CONSUMER) timestamp=1618 ms, used_size=7708672 bytes (18.8%)
(RDMA_READ_CONSUME_CHECK_CONSUMER) timestamp=1618 ms, used_size=7706624 bytes (18.8%)
(RDMA_READ_CONSUME_CHECK_CONSUMER) timestamp=1618 ms, used_size=7704576 bytes (18.8%)
(RDMA_READ_CONSUME_CHECK_CONSUMER) timestamp=1618 ms, used_size=7702528 bytes (18.8%)
(RDMA_READ_CONSUME_CHECK_CONSUMER) timestamp=1618 ms, used_size=7700480 bytes (18.8%)
(RDMA_READ_CONSUME_CHECK_CONSUMER) timestamp=1618 ms, used_size=7698432 bytes (18.8%)
(RDMA_READ_CONSUME_CHECK_CONSUMER) timestamp=1618 ms, used_size=7696384 bytes (18.8%)
(RDMA_READ_CONSUME_CHECK_CONSUMER) timestamp=1618 ms, used_size=7694336 bytes (18.8%)
(RDMA_READ_CONSUME_CHECK_CONSUMER) timestamp=1618 ms, used_size=7692288 bytes (18.8%)
(RDMA_READ_CONSUME_CHECK_CONSUMER) timestamp=1618 ms, used_size=7690240 bytes (18.8%)
(RDMA_READ_CONSUME_CHECK_CONSUMER) timestamp=1618 ms, used_size=7688192 bytes (18.8%)
(RDMA_READ_CONSUME_CHECK_CONSUMER) timestamp=1618 ms, used_size=7686144 bytes (18.8%)
(RDMA_READ_CONSUME_CHECK_CONSUMER) timestamp=1619 ms, used_size=7684096 bytes (18.8%)
(RDMA_READ_CONSUME_CHECK_CONSUMER) timestamp=1619 ms, used_size=7682048 bytes (18.8%)
(RDMA_READ_CONSUME_CHECK_CONSUMER) timestamp=1619 ms, used_size=7680000 bytes (18.8%)
(RDMA_READ_CONSUME_CHECK_CONSUMER) timestamp=1619 ms, used_size=7677952 bytes (18.7%)
(RDMA_READ_CONSUME_CHECK_CONSUMER) timestamp=1619 ms, used_size=7675904 bytes (18.7%)
(RDMA_READ_CONSUME_CHECK_CONSUMER) timestamp=1619 ms, used_size=7673856 bytes (18.7%)
(RDMA_READ_CONSUME_CHECK_CONSUMER) timestamp=1619 ms, used_size=7671808 bytes (18.7%)
(RDMA_READ_CONSUME_CHECK_CONSUMER) timestamp=1619 ms, used_size=7669760 bytes (18.7%)
(RDMA_READ_CONSUME_CHECK_CONSUMER) timestamp=1619 ms, used_size=7667712 bytes (18.7%)
(RDMA_READ_CONSUME_CHECK_CONSUMER) timestamp=1619 ms, used_size=7665664 bytes (18.7%)
(RDMA_READ_CONSUME_CHECK_CONSUMER) timestamp=1619 ms, used_size=7663616 bytes (18.7%)
(RDMA_READ_CONSUME_CHECK_CONSUMER) timestamp=1619 ms, used_size=7661568 bytes (18.7%)
(RDMA_READ_CONSUME_CHECK_CONSUMER) timestamp=1619 ms, used_size=7659520 bytes (18.7%)
(RDMA_READ_CONSUME_CHECK_CONSUMER) timestamp=1619 ms, used_size=7657472 bytes (18.7%)
(RDMA_READ_CONSUME_CHECK_CONSUMER) timestamp=1619 ms, used_size=7655424 bytes (18.7%)
(RDMA_READ_CONSUME_CHECK_CONSUMER) timestamp=1619 ms, used_size=7653376 bytes (18.7%)
(RDMA_READ_CONSUME_CHECK_CONSUMER) timestamp=1619 ms, used_size=7651328 bytes (18.7%)
(RDMA_READ_CONSUME_CHECK_CONSUMER) timestamp=1619 ms, used_size=7649280 bytes (18.7%)
(RDMA_READ_CONSUME_CHECK_CONSUMER) timestamp=1619 ms, used_size=7647232 bytes (18.7%)
(RDMA_READ_CONSUME_CHECK_CONSUMER) timestamp=1619 ms, used_size=7645184 bytes (18.7%)
(RDMA_READ_CONSUME_CHECK_CONSUMER) timestamp=1619 ms, used_size=7643136 bytes (18.7%)
(RDMA_READ_CONSUME_CHECK_CONSUMER) timestamp=1619 ms, used_size=7641088 bytes (18.7%)
(RDMA_READ_CONSUME_CHECK_CONSUMER) timestamp=1619 ms, used_size=7639040 bytes (18.6%)
(RDMA_READ_CONSUME_CHECK_CONSUMER) timestamp=1619 ms, used_size=7636992 bytes (18.6%)
(RDMA_READ_CONSUME_CHECK_CONSUMER) timestamp=1619 ms, used_size=7634944 bytes (18.6%)
(RDMA_READ_CONSUME_CHECK_CONSUMER) timestamp=1619 ms, used_size=7632896 bytes (18.6%)
(RDMA_READ_CONSUME_CHECK_CONSUMER) timestamp=1619 ms, used_size=7630848 bytes (18.6%)
(RDMA_READ_CONSUME_CHECK_CONSUMER) timestamp=1619 ms, used_size=7628800 bytes (18.6%)
(RDMA_READ_CONSUME_CHECK_CONSUMER) timestamp=1619 ms, used_size=7626752 bytes (18.6%)
(RDMA_READ_CONSUME_CHECK_CONSUMER) timestamp=1619 ms, used_size=7624704 bytes (18.6%)
(RDMA_READ_CONSUME_CHECK_CONSUMER) timestamp=1619 ms, used_size=7622656 bytes (18.6%)
(RDMA_READ_CONSUME_CHECK_CONSUMER) timestamp=1619 ms, used_size=7620608 bytes (18.6%)
(RDMA_READ_CONSUME_CHECK_CONSUMER) timestamp=1619 ms, used_size=7618560 bytes (18.6%)
(RDMA_READ_CONSUME_CHECK_CONSUMER) timestamp=1619 ms, used_size=7616512 bytes (18.6%)
(RDMA_READ_CONSUME_CHECK_CONSUMER) timestamp=1619 ms, used_size=7614464 bytes (18.6%)
(RDMA_READ_CONSUME_CHECK_CONSUMER) timestamp=1619 ms, used_size=7612416 bytes (18.6%)
(RDMA_READ_CONSUME_CHECK_CONSUMER) timestamp=1619 ms, used_size=7610368 bytes (18.6%)
(RDMA_READ_CONSUME_CHECK_CONSUMER) timestamp=1619 ms, used_size=7608320 bytes (18.6%)
(RDMA_READ_CONSUME_CHECK_CONSUMER) timestamp=1619 ms, used_size=7606272 bytes (18.6%)
(RDMA_READ_CONSUME_CHECK_CONSUMER) timestamp=1619 ms, used_size=7604224 bytes (18.6%)
(RDMA_READ_CONSUME_CHECK_CONSUMER) timestamp=1619 ms, used_size=7602176 bytes (18.6%)
(RDMA_READ_CONSUME_CHECK_CONSUMER) timestamp=1619 ms, used_size=7600128 bytes (18.6%)
(RDMA_READ_CONSUME_CHECK_CONSUMER) timestamp=1619 ms, used_size=7598080 bytes (18.6%)
(RDMA_READ_CONSUME_CHECK_CONSUMER) timestamp=1619 ms, used_size=7596032 bytes (18.5%)
(RDMA_READ_CONSUME_CHECK_CONSUMER) timestamp=1619 ms, used_size=7593984 bytes (18.5%)
(RDMA_READ_CONSUME_CHECK_CONSUMER) timestamp=1619 ms, used_size=7591936 bytes (18.5%)
(RDMA_READ_CONSUME_CHECK_CONSUMER) timestamp=1619 ms, used_size=7589888 bytes (18.5%)
(RDMA_READ_CONSUME_CHECK_CONSUMER) timestamp=1619 ms, used_size=7587840 bytes (18.5%)
(RDMA_READ_CONSUME_CHECK_CONSUMER) timestamp=1619 ms, used_size=7585792 bytes (18.5%)
(RDMA_READ_CONSUME_CHECK_CONSUMER) timestamp=1619 ms, used_size=7583744 bytes (18.5%)
(RDMA_READ_CONSUME_CHECK_CONSUMER) timestamp=1619 ms, used_size=7581696 bytes (18.5%)
(RDMA_READ_CONSUME_CHECK_CONSUMER) timestamp=1619 ms, used_size=7579648 bytes (18.5%)
(RDMA_READ_CONSUME_CHECK_CONSUMER) timestamp=1619 ms, used_size=7577600 bytes (18.5%)
(RDMA_READ_CONSUME_CHECK_CONSUMER) timestamp=1619 ms, used_size=7575552 bytes (18.5%)
(RDMA_READ_CONSUME_CHECK_CONSUMER) timestamp=1619 ms, used_size=7573504 bytes (18.5%)
(RDMA_READ_CONSUME_CHECK_CONSUMER) timestamp=1619 ms, used_size=7571456 bytes (18.5%)
(RDMA_READ_CONSUME_CHECK_CONSUMER) timestamp=1619 ms, used_size=7569408 bytes (18.5%)
(RDMA_READ_CONSUME_CHECK_CONSUMER) timestamp=1619 ms, used_size=7567360 bytes (18.5%)
(RDMA_READ_CONSUME_CHECK_CONSUMER) timestamp=1619 ms, used_size=7565312 bytes (18.5%)
(RDMA_READ_CONSUME_CHECK_CONSUMER) timestamp=1619 ms, used_size=7563264 bytes (18.5%)
(RDMA_READ_CONSUME_CHECK_CONSUMER) timestamp=1619 ms, used_size=7561216 bytes (18.5%)
(RDMA_READ_CONSUME_CHECK_CONSUMER) timestamp=1619 ms, used_size=7559168 bytes (18.5%)
(RDMA_READ_CONSUME_CHECK_CONSUMER) timestamp=1619 ms, used_size=7557120 bytes (18.4%)
(RDMA_READ_CONSUME_CHECK_CONSUMER) timestamp=1619 ms, used_size=7555072 bytes (18.4%)
(RDMA_READ_CONSUME_CHECK_CONSUMER) timestamp=1619 ms, used_size=7553024 bytes (18.4%)
(RDMA_READ_CONSUME_CHECK_CONSUMER) timestamp=1619 ms, used_size=7550976 bytes (18.4%)
(RDMA_READ_CONSUME_CHECK_CONSUMER) timestamp=1619 ms, used_size=7548928 bytes (18.4%)
(RDMA_READ_CONSUME_CHECK_CONSUMER) timestamp=1619 ms, used_size=7546880 bytes (18.4%)
(RDMA_READ_CONSUME_CHECK_CONSUMER) timestamp=1619 ms, used_size=7544832 bytes (18.4%)
(RDMA_READ_CONSUME_CHECK_CONSUMER) timestamp=1619 ms, used_size=7542784 bytes (18.4%)
(RDMA_READ_CONSUME_CHECK_CONSUMER) timestamp=1619 ms, used_size=7540736 bytes (18.4%)
(RDMA_READ_CONSUME_CHECK_CONSUMER) timestamp=1619 ms, used_size=7538688 bytes (18.4%)
(RDMA_READ_CONSUME_CHECK_CONSUMER) timestamp=1619 ms, used_size=7536640 bytes (18.4%)
(RDMA_READ_CONSUME_CHECK_CONSUMER) timestamp=1619 ms, used_size=7534592 bytes (18.4%)
(RDMA_READ_CONSUME_CHECK_CONSUMER) timestamp=1619 ms, used_size=7532544 bytes (18.4%)
(RDMA_READ_CONSUME_CHECK_CONSUMER) timestamp=1619 ms, used_size=7530496 bytes (18.4%)
(RDMA_READ_CONSUME_CHECK_CONSUMER) timestamp=1619 ms, used_size=7528448 bytes (18.4%)
(RDMA_READ_CONSUME_CHECK_CONSUMER) timestamp=1619 ms, used_size=7526400 bytes (18.4%)
(RDMA_READ_CONSUME_CHECK_CONSUMER) timestamp=1619 ms, used_size=7524352 bytes (18.4%)
(RDMA_READ_CONSUME_CHECK_CONSUMER) timestamp=1619 ms, used_size=7522304 bytes (18.4%)
(RDMA_READ_CONSUME_CHECK_CONSUMER) timestamp=1619 ms, used_size=7520256 bytes (18.4%)
(RDMA_READ_CONSUME_CHECK_CONSUMER) timestamp=1619 ms, used_size=7518208 bytes (18.4%)
(RDMA_READ_CONSUME_CHECK_CONSUMER) timestamp=1619 ms, used_size=7516160 bytes (18.4%)
(RDMA_READ_CONSUME_CHECK_CONSUMER) timestamp=1619 ms, used_size=7514112 bytes (18.3%)
(RDMA_READ_CONSUME_CHECK_CONSUMER) timestamp=1619 ms, used_size=7512064 bytes (18.3%)
(RDMA_READ_CONSUME_CHECK_CONSUMER) timestamp=1619 ms, used_size=7510016 bytes (18.3%)
(RDMA_READ_CONSUME_CHECK_CONSUMER) timestamp=1619 ms, used_size=7507968 bytes (18.3%)
(RDMA_READ_CONSUME_CHECK_CONSUMER) timestamp=1619 ms, used_size=7505920 bytes (18.3%)
(RDMA_READ_CONSUME_CHECK_CONSUMER) timestamp=1619 ms, used_size=7503872 bytes (18.3%)
(RDMA_READ_CONSUME_CHECK_CONSUMER) timestamp=1619 ms, used_size=7501824 bytes (18.3%)
(RDMA_READ_CONSUME_CHECK_CONSUMER) timestamp=1619 ms, used_size=7499776 bytes (18.3%)
(RDMA_READ_CONSUME_CHECK_CONSUMER) timestamp=1619 ms, used_size=7497728 bytes (18.3%)
(RDMA_READ_CONSUME_CHECK_CONSUMER) timestamp=1619 ms, used_size=7495680 bytes (18.3%)
(RDMA_READ_CONSUME_CHECK_CONSUMER) timestamp=1619 ms, used_size=7493632 bytes (18.3%)
(RDMA_READ_CONSUME_CHECK_CONSUMER) timestamp=1619 ms, used_size=7491584 bytes (18.3%)
(RDMA_READ_CONSUME_CHECK_CONSUMER) timestamp=1619 ms, used_size=7489536 bytes (18.3%)
(RDMA_READ_CONSUME_CHECK_CONSUMER) timestamp=1619 ms, used_size=7487488 bytes (18.3%)
(RDMA_READ_CONSUME_CHECK_CONSUMER) timestamp=1619 ms, used_size=7485440 bytes (18.3%)
(RDMA_READ_CONSUME_CHECK_CONSUMER) timestamp=1619 ms, used_size=7483392 bytes (18.3%)
(RDMA_READ_CONSUME_CHECK_CONSUMER) timestamp=1619 ms, used_size=7481344 bytes (18.3%)
(RDMA_READ_CONSUME_CHECK_CONSUMER) timestamp=1619 ms, used_size=7479296 bytes (18.3%)
(RDMA_READ_CONSUME_CHECK_CONSUMER) timestamp=1619 ms, used_size=7477248 bytes (18.3%)
(RDMA_READ_CONSUME_CHECK_CONSUMER) timestamp=1619 ms, used_size=7475200 bytes (18.2%)
(RDMA_READ_CONSUME_CHECK_CONSUMER) timestamp=1619 ms, used_size=7473152 bytes (18.2%)
(RDMA_READ_CONSUME_CHECK_CONSUMER) timestamp=1619 ms, used_size=7471104 bytes (18.2%)
(RDMA_READ_CONSUME_CHECK_CONSUMER) timestamp=1619 ms, used_size=7469056 bytes (18.2%)
(RDMA_READ_CONSUME_CHECK_CONSUMER) timestamp=1619 ms, used_size=7467008 bytes (18.2%)
(RDMA_READ_CONSUME_CHECK_CONSUMER) timestamp=1619 ms, used_size=7464960 bytes (18.2%)
(RDMA_READ_CONSUME_CHECK_CONSUMER) timestamp=1619 ms, used_size=7462912 bytes (18.2%)
(RDMA_READ_CONSUME_CHECK_CONSUMER) timestamp=1619 ms, used_size=7460864 bytes (18.2%)
(RDMA_READ_CONSUME_CHECK_CONSUMER) timestamp=1619 ms, used_size=7458816 bytes (18.2%)
(RDMA_READ_CONSUME_CHECK_CONSUMER) timestamp=1619 ms, used_size=7456768 bytes (18.2%)
(RDMA_READ_CONSUME_CHECK_CONSUMER) timestamp=1619 ms, used_size=7454720 bytes (18.2%)
(RDMA_READ_CONSUME_CHECK_CONSUMER) timestamp=1619 ms, used_size=7452672 bytes (18.2%)
(RDMA_READ_CONSUME_CHECK_CONSUMER) timestamp=1619 ms, used_size=7450624 bytes (18.2%)
(RDMA_READ_CONSUME_CHECK_CONSUMER) timestamp=1619 ms, used_size=7448576 bytes (18.2%)
(RDMA_READ_CONSUME_CHECK_CONSUMER) timestamp=1619 ms, used_size=7446528 bytes (18.2%)
(RDMA_READ_CONSUME_CHECK_CONSUMER) timestamp=1619 ms, used_size=7444480 bytes (18.2%)
(RDMA_READ_CONSUME_CHECK_CONSUMER) timestamp=1619 ms, used_size=7442432 bytes (18.2%)
(RDMA_READ_CONSUME_CHECK_CONSUMER) timestamp=1619 ms, used_size=7440384 bytes (18.2%)
(RDMA_READ_CONSUME_CHECK_CONSUMER) timestamp=1619 ms, used_size=7438336 bytes (18.2%)
(RDMA_READ_CONSUME_CHECK_CONSUMER) timestamp=1619 ms, used_size=7436288 bytes (18.2%)
(RDMA_READ_CONSUME_CHECK_CONSUMER) timestamp=1619 ms, used_size=7434240 bytes (18.1%)
(RDMA_READ_CONSUME_CHECK_CONSUMER) timestamp=1619 ms, used_size=7432192 bytes (18.1%)
(RDMA_READ_CONSUME_CHECK_CONSUMER) timestamp=1619 ms, used_size=7430144 bytes (18.1%)
(RDMA_READ_CONSUME_CHECK_CONSUMER) timestamp=1619 ms, used_size=7428096 bytes (18.1%)
(RDMA_READ_CONSUME_CHECK_CONSUMER) timestamp=1619 ms, used_size=7426048 bytes (18.1%)
(RDMA_READ_CONSUME_CHECK_CONSUMER) timestamp=1619 ms, used_size=7424000 bytes (18.1%)
(RDMA_READ_CONSUME_CHECK_CONSUMER) timestamp=1619 ms, used_size=7421952 bytes (18.1%)
(RDMA_READ_CONSUME_CHECK_CONSUMER) timestamp=1619 ms, used_size=7419904 bytes (18.1%)
(RDMA_READ_CONSUME_CHECK_CONSUMER) timestamp=1619 ms, used_size=7417856 bytes (18.1%)
(RDMA_READ_CONSUME_CHECK_CONSUMER) timestamp=1619 ms, used_size=7415808 bytes (18.1%)
(RDMA_READ_CONSUME_CHECK_CONSUMER) timestamp=1619 ms, used_size=7413760 bytes (18.1%)
(RDMA_READ_CONSUME_CHECK_CONSUMER) timestamp=1619 ms, used_size=7411712 bytes (18.1%)
(RDMA_READ_CONSUME_CHECK_CONSUMER) timestamp=1619 ms, used_size=7409664 bytes (18.1%)
(RDMA_READ_CONSUME_CHECK_CONSUMER) timestamp=1619 ms, used_size=7407616 bytes (18.1%)
(RDMA_READ_CONSUME_CHECK_CONSUMER) timestamp=1619 ms, used_size=7405568 bytes (18.1%)
(RDMA_READ_CONSUME_CHECK_CONSUMER) timestamp=1619 ms, used_size=7403520 bytes (18.1%)
(RDMA_READ_CONSUME_CHECK_CONSUMER) timestamp=1619 ms, used_size=7401472 bytes (18.1%)
(RDMA_READ_CONSUME_CHECK_CONSUMER) timestamp=1619 ms, used_size=7399424 bytes (18.1%)
(RDMA_READ_CONSUME_CHECK_CONSUMER) timestamp=1619 ms, used_size=7397376 bytes (18.1%)
(RDMA_READ_CONSUME_CHECK_CONSUMER) timestamp=1619 ms, used_size=7395328 bytes (18.1%)
(RDMA_READ_CONSUME_CHECK_CONSUMER) timestamp=1619 ms, used_size=7393280 bytes (18.1%)
(RDMA_READ_CONSUME_CHECK_CONSUMER) timestamp=1619 ms, used_size=7391232 bytes (18.0%)
(RDMA_READ_CONSUME_CHECK_CONSUMER) timestamp=1619 ms, used_size=7389184 bytes (18.0%)
(RDMA_READ_CONSUME_CHECK_CONSUMER) timestamp=1619 ms, used_size=7387136 bytes (18.0%)
(RDMA_READ_CONSUME_CHECK_CONSUMER) timestamp=1619 ms, used_size=7385088 bytes (18.0%)
(RDMA_READ_CONSUME_CHECK_CONSUMER) timestamp=1619 ms, used_size=7383040 bytes (18.0%)
(RDMA_READ_CONSUME_CHECK_CONSUMER) timestamp=1619 ms, used_size=7380992 bytes (18.0%)
(RDMA_READ_CONSUME_CHECK_CONSUMER) timestamp=1619 ms, used_size=7378944 bytes (18.0%)
(RDMA_READ_CONSUME_CHECK_CONSUMER) timestamp=1619 ms, used_size=7376896 bytes (18.0%)
(RDMA_READ_CONSUME_CHECK_CONSUMER) timestamp=1619 ms, used_size=7374848 bytes (18.0%)
(RDMA_READ_CONSUME_CHECK_CONSUMER) timestamp=1619 ms, used_size=7372800 bytes (18.0%)
(RDMA_READ_CONSUME_CHECK_CONSUMER) timestamp=1619 ms, used_size=7370752 bytes (18.0%)
(RDMA_READ_CONSUME_CHECK_CONSUMER) timestamp=1619 ms, used_size=7368704 bytes (18.0%)
(RDMA_READ_CONSUME_CHECK_CONSUMER) timestamp=1619 ms, used_size=7366656 bytes (18.0%)
(RDMA_READ_CONSUME_CHECK_CONSUMER) timestamp=1619 ms, used_size=7364608 bytes (18.0%)
(RDMA_READ_CONSUME_CHECK_CONSUMER) timestamp=1619 ms, used_size=7362560 bytes (18.0%)
(RDMA_READ_CONSUME_CHECK_CONSUMER) timestamp=1619 ms, used_size=7360512 bytes (18.0%)
(RDMA_READ_CONSUME_CHECK_CONSUMER) timestamp=1619 ms, used_size=7358464 bytes (18.0%)
(RDMA_READ_CONSUME_CHECK_CONSUMER) timestamp=1619 ms, used_size=7356416 bytes (18.0%)
(RDMA_READ_CONSUME_CHECK_CONSUMER) timestamp=1619 ms, used_size=7354368 bytes (18.0%)
(RDMA_READ_CONSUME_CHECK_CONSUMER) timestamp=1619 ms, used_size=7352320 bytes (17.9%)
(RDMA_READ_CONSUME_CHECK_CONSUMER) timestamp=1619 ms, used_size=7350272 bytes (17.9%)
(RDMA_READ_CONSUME_CHECK_CONSUMER) timestamp=1619 ms, used_size=7348224 bytes (17.9%)
(RDMA_READ_CONSUME_CHECK_CONSUMER) timestamp=1619 ms, used_size=7346176 bytes (17.9%)
(RDMA_READ_CONSUME_CHECK_CONSUMER) timestamp=1619 ms, used_size=7344128 bytes (17.9%)
(RDMA_READ_CONSUME_CHECK_CONSUMER) timestamp=1619 ms, used_size=7342080 bytes (17.9%)
(RDMA_READ_CONSUME_CHECK_CONSUMER) timestamp=1619 ms, used_size=7340032 bytes (17.9%)
(RDMA_READ_CONSUME_CHECK_CONSUMER) timestamp=1619 ms, used_size=7337984 bytes (17.9%)
(RDMA_READ_CONSUME_CHECK_CONSUMER) timestamp=1619 ms, used_size=7335936 bytes (17.9%)
(RDMA_READ_CONSUME_CHECK_CONSUMER) timestamp=1619 ms, used_size=7333888 bytes (17.9%)
(RDMA_READ_CONSUME_CHECK_CONSUMER) timestamp=1619 ms, used_size=7331840 bytes (17.9%)
(RDMA_READ_CONSUME_CHECK_CONSUMER) timestamp=1619 ms, used_size=7329792 bytes (17.9%)
(RDMA_READ_CONSUME_CHECK_CONSUMER) timestamp=1619 ms, used_size=7327744 bytes (17.9%)
(RDMA_READ_CONSUME_CHECK_CONSUMER) timestamp=1619 ms, used_size=7325696 bytes (17.9%)
(RDMA_READ_CONSUME_CHECK_CONSUMER) timestamp=1619 ms, used_size=7323648 bytes (17.9%)
(RDMA_READ_CONSUME_CHECK_CONSUMER) timestamp=1619 ms, used_size=7321600 bytes (17.9%)
(RDMA_READ_CONSUME_CHECK_CONSUMER) timestamp=1619 ms, used_size=7319552 bytes (17.9%)
(RDMA_READ_CONSUME_CHECK_CONSUMER) timestamp=1619 ms, used_size=7317504 bytes (17.9%)
(RDMA_READ_CONSUME_CHECK_CONSUMER) timestamp=1619 ms, used_size=7315456 bytes (17.9%)
(RDMA_READ_CONSUME_CHECK_CONSUMER) timestamp=1620 ms, used_size=7313408 bytes (17.9%)
(RDMA_READ_CONSUME_CHECK_CONSUMER) timestamp=1620 ms, used_size=7311360 bytes (17.9%)
(RDMA_READ_CONSUME_CHECK_CONSUMER) timestamp=1620 ms, used_size=7309312 bytes (17.8%)
(RDMA_READ_CONSUME_CHECK_CONSUMER) timestamp=1620 ms, used_size=7307264 bytes (17.8%)
(RDMA_READ_CONSUME_CHECK_CONSUMER) timestamp=1620 ms, used_size=7305216 bytes (17.8%)
(RDMA_READ_CONSUME_CHECK_CONSUMER) timestamp=1620 ms, used_size=7303168 bytes (17.8%)
(RDMA_READ_CONSUME_CHECK_CONSUMER) timestamp=1620 ms, used_size=7301120 bytes (17.8%)
(RDMA_READ_CONSUME_CHECK_CONSUMER) timestamp=1620 ms, used_size=7299072 bytes (17.8%)
(RDMA_READ_CONSUME_CHECK_CONSUMER) timestamp=1620 ms, used_size=7297024 bytes (17.8%)
(RDMA_READ_CONSUME_CHECK_CONSUMER) timestamp=1620 ms, used_size=7294976 bytes (17.8%)
(RDMA_READ_CONSUME_CHECK_CONSUMER) timestamp=1620 ms, used_size=7292928 bytes (17.8%)
(RDMA_READ_CONSUME_CHECK_CONSUMER) timestamp=1620 ms, used_size=7290880 bytes (17.8%)
(RDMA_READ_CONSUME_CHECK_CONSUMER) timestamp=1620 ms, used_size=7288832 bytes (17.8%)
(RDMA_READ_CONSUME_CHECK_CONSUMER) timestamp=1620 ms, used_size=7286784 bytes (17.8%)
(RDMA_READ_CONSUME_CHECK_CONSUMER) timestamp=1620 ms, used_size=7284736 bytes (17.8%)
(RDMA_READ_CONSUME_CHECK_CONSUMER) timestamp=1620 ms, used_size=7282688 bytes (17.8%)
(RDMA_READ_CONSUME_CHECK_CONSUMER) timestamp=1620 ms, used_size=7280640 bytes (17.8%)
(RDMA_READ_CONSUME_CHECK_CONSUMER) timestamp=1620 ms, used_size=7278592 bytes (17.8%)
(RDMA_READ_CONSUME_CHECK_CONSUMER) timestamp=1620 ms, used_size=7276544 bytes (17.8%)
(RDMA_READ_CONSUME_CHECK_CONSUMER) timestamp=1620 ms, used_size=7274496 bytes (17.8%)
(RDMA_READ_CONSUME_CHECK_CONSUMER) timestamp=1620 ms, used_size=7272448 bytes (17.8%)
(RDMA_READ_CONSUME_CHECK_CONSUMER) timestamp=1620 ms, used_size=7270400 bytes (17.8%)
(RDMA_READ_CONSUME_CHECK_CONSUMER) timestamp=1620 ms, used_size=7268352 bytes (17.7%)
(RDMA_READ_CONSUME_CHECK_CONSUMER) timestamp=1620 ms, used_size=7266304 bytes (17.7%)
(RDMA_READ_CONSUME_CHECK_CONSUMER) timestamp=1620 ms, used_size=7264256 bytes (17.7%)
(RDMA_READ_CONSUME_CHECK_CONSUMER) timestamp=1620 ms, used_size=7262208 bytes (17.7%)
(RDMA_READ_CONSUME_CHECK_CONSUMER) timestamp=1620 ms, used_size=7260160 bytes (17.7%)
(RDMA_READ_CONSUME_CHECK_CONSUMER) timestamp=1620 ms, used_size=7258112 bytes (17.7%)
(RDMA_READ_CONSUME_CHECK_CONSUMER) timestamp=1620 ms, used_size=7256064 bytes (17.7%)
(RDMA_READ_CONSUME_CHECK_CONSUMER) timestamp=1620 ms, used_size=7254016 bytes (17.7%)
(RDMA_READ_CONSUME_CHECK_CONSUMER) timestamp=1620 ms, used_size=7251968 bytes (17.7%)
(RDMA_READ_CONSUME_CHECK_CONSUMER) timestamp=1620 ms, used_size=7249920 bytes (17.7%)
(RDMA_READ_CONSUME_CHECK_CONSUMER) timestamp=1620 ms, used_size=7247872 bytes (17.7%)
(RDMA_READ_CONSUME_CHECK_CONSUMER) timestamp=1620 ms, used_size=7245824 bytes (17.7%)
(RDMA_READ_CONSUME_CHECK_CONSUMER) timestamp=1620 ms, used_size=7243776 bytes (17.7%)
(RDMA_READ_CONSUME_CHECK_CONSUMER) timestamp=1620 ms, used_size=7241728 bytes (17.7%)
(RDMA_READ_CONSUME_CHECK_CONSUMER) timestamp=1620 ms, used_size=7239680 bytes (17.7%)
(RDMA_READ_CONSUME_CHECK_CONSUMER) timestamp=1620 ms, used_size=7237632 bytes (17.7%)
(RDMA_READ_CONSUME_CHECK_CONSUMER) timestamp=1620 ms, used_size=7235584 bytes (17.7%)
(RDMA_READ_CONSUME_CHECK_CONSUMER) timestamp=1620 ms, used_size=7233536 bytes (17.7%)
(RDMA_READ_CONSUME_CHECK_CONSUMER) timestamp=1620 ms, used_size=7231488 bytes (17.7%)
(RDMA_READ_CONSUME_CHECK_CONSUMER) timestamp=1620 ms, used_size=7229440 bytes (17.6%)
(RDMA_READ_CONSUME_CHECK_CONSUMER) timestamp=1620 ms, used_size=7227392 bytes (17.6%)
(RDMA_READ_CONSUME_CHECK_CONSUMER) timestamp=1620 ms, used_size=7225344 bytes (17.6%)
(RDMA_READ_CONSUME_CHECK_CONSUMER) timestamp=1620 ms, used_size=7223296 bytes (17.6%)
(RDMA_READ_CONSUME_CHECK_CONSUMER) timestamp=1620 ms, used_size=7221248 bytes (17.6%)
(RDMA_READ_CONSUME_CHECK_CONSUMER) timestamp=1620 ms, used_size=7219200 bytes (17.6%)
(RDMA_READ_CONSUME_CHECK_CONSUMER) timestamp=1620 ms, used_size=7217152 bytes (17.6%)
(RDMA_READ_CONSUME_CHECK_CONSUMER) timestamp=1620 ms, used_size=7215104 bytes (17.6%)
(RDMA_READ_CONSUME_CHECK_CONSUMER) timestamp=1620 ms, used_size=7213056 bytes (17.6%)
(RDMA_READ_CONSUME_CHECK_CONSUMER) timestamp=1620 ms, used_size=7211008 bytes (17.6%)
(RDMA_READ_CONSUME_CHECK_CONSUMER) timestamp=1620 ms, used_size=7208960 bytes (17.6%)
(RDMA_READ_CONSUME_CHECK_CONSUMER) timestamp=1620 ms, used_size=7206912 bytes (17.6%)
(RDMA_READ_CONSUME_CHECK_CONSUMER) timestamp=1620 ms, used_size=7204864 bytes (17.6%)
(RDMA_READ_CONSUME_CHECK_CONSUMER) timestamp=1620 ms, used_size=7202816 bytes (17.6%)
(RDMA_READ_CONSUME_CHECK_CONSUMER) timestamp=1620 ms, used_size=7200768 bytes (17.6%)
(RDMA_READ_CONSUME_CHECK_CONSUMER) timestamp=1620 ms, used_size=7198720 bytes (17.6%)
(RDMA_READ_CONSUME_CHECK_CONSUMER) timestamp=1620 ms, used_size=7196672 bytes (17.6%)
(RDMA_READ_CONSUME_CHECK_CONSUMER) timestamp=1620 ms, used_size=7194624 bytes (17.6%)
(RDMA_READ_CONSUME_CHECK_CONSUMER) timestamp=1620 ms, used_size=7192576 bytes (17.6%)
(RDMA_READ_CONSUME_CHECK_CONSUMER) timestamp=1620 ms, used_size=7190528 bytes (17.6%)
(RDMA_READ_CONSUME_CHECK_CONSUMER) timestamp=1620 ms, used_size=7188480 bytes (17.6%)
(RDMA_READ_CONSUME_CHECK_CONSUMER) timestamp=1620 ms, used_size=7186432 bytes (17.5%)
(RDMA_READ_CONSUME_CHECK_CONSUMER) timestamp=1620 ms, used_size=7184384 bytes (17.5%)
(RDMA_READ_CONSUME_CHECK_CONSUMER) timestamp=1620 ms, used_size=7182336 bytes (17.5%)
(RDMA_READ_CONSUME_CHECK_CONSUMER) timestamp=1620 ms, used_size=7180288 bytes (17.5%)
(RDMA_READ_CONSUME_CHECK_CONSUMER) timestamp=1620 ms, used_size=7178240 bytes (17.5%)
(RDMA_READ_CONSUME_CHECK_CONSUMER) timestamp=1620 ms, used_size=7176192 bytes (17.5%)
(RDMA_READ_CONSUME_CHECK_CONSUMER) timestamp=1620 ms, used_size=7174144 bytes (17.5%)
(RDMA_READ_CONSUME_CHECK_CONSUMER) timestamp=1620 ms, used_size=7172096 bytes (17.5%)
(RDMA_READ_CONSUME_CHECK_CONSUMER) timestamp=1620 ms, used_size=7170048 bytes (17.5%)
(RDMA_READ_CONSUME_CHECK_CONSUMER) timestamp=1620 ms, used_size=7168000 bytes (17.5%)
(RDMA_READ_CONSUME_CHECK_CONSUMER) timestamp=1620 ms, used_size=7165952 bytes (17.5%)
(RDMA_READ_CONSUME_CHECK_CONSUMER) timestamp=1620 ms, used_size=7163904 bytes (17.5%)
(RDMA_READ_CONSUME_CHECK_CONSUMER) timestamp=1620 ms, used_size=7161856 bytes (17.5%)
(RDMA_READ_CONSUME_CHECK_CONSUMER) timestamp=1620 ms, used_size=7159808 bytes (17.5%)
(RDMA_READ_CONSUME_CHECK_CONSUMER) timestamp=1620 ms, used_size=7157760 bytes (17.5%)
(RDMA_READ_CONSUME_CHECK_CONSUMER) timestamp=1620 ms, used_size=7155712 bytes (17.5%)
(RDMA_READ_CONSUME_CHECK_CONSUMER) timestamp=1620 ms, used_size=7153664 bytes (17.5%)
(RDMA_READ_CONSUME_CHECK_CONSUMER) timestamp=1620 ms, used_size=7151616 bytes (17.5%)
(RDMA_READ_CONSUME_CHECK_CONSUMER) timestamp=1620 ms, used_size=7149568 bytes (17.5%)
(RDMA_READ_CONSUME_CHECK_CONSUMER) timestamp=1620 ms, used_size=7147520 bytes (17.4%)
(RDMA_READ_CONSUME_CHECK_CONSUMER) timestamp=1620 ms, used_size=7145472 bytes (17.4%)
(RDMA_READ_CONSUME_CHECK_CONSUMER) timestamp=1620 ms, used_size=7143424 bytes (17.4%)
(RDMA_READ_CONSUME_CHECK_CONSUMER) timestamp=1620 ms, used_size=7141376 bytes (17.4%)
(RDMA_READ_CONSUME_CHECK_CONSUMER) timestamp=1620 ms, used_size=7139328 bytes (17.4%)
(RDMA_READ_CONSUME_CHECK_CONSUMER) timestamp=1620 ms, used_size=7137280 bytes (17.4%)
(RDMA_READ_CONSUME_CHECK_CONSUMER) timestamp=1620 ms, used_size=7135232 bytes (17.4%)
(RDMA_READ_CONSUME_CHECK_CONSUMER) timestamp=1620 ms, used_size=7133184 bytes (17.4%)
(RDMA_READ_CONSUME_CHECK_CONSUMER) timestamp=1620 ms, used_size=7131136 bytes (17.4%)
(RDMA_READ_CONSUME_CHECK_CONSUMER) timestamp=1620 ms, used_size=7129088 bytes (17.4%)
(RDMA_READ_CONSUME_CHECK_CONSUMER) timestamp=1620 ms, used_size=7127040 bytes (17.4%)
(RDMA_READ_CONSUME_CHECK_CONSUMER) timestamp=1620 ms, used_size=7124992 bytes (17.4%)
(RDMA_READ_CONSUME_CHECK_CONSUMER) timestamp=1620 ms, used_size=7122944 bytes (17.4%)
(RDMA_READ_CONSUME_CHECK_CONSUMER) timestamp=1620 ms, used_size=7120896 bytes (17.4%)
(RDMA_READ_CONSUME_CHECK_CONSUMER) timestamp=1620 ms, used_size=7118848 bytes (17.4%)
(RDMA_READ_CONSUME_CHECK_CONSUMER) timestamp=1620 ms, used_size=7116800 bytes (17.4%)
(RDMA_READ_CONSUME_CHECK_CONSUMER) timestamp=1620 ms, used_size=7114752 bytes (17.4%)
(RDMA_READ_CONSUME_CHECK_CONSUMER) timestamp=1620 ms, used_size=7112704 bytes (17.4%)
(RDMA_READ_CONSUME_CHECK_CONSUMER) timestamp=1620 ms, used_size=7110656 bytes (17.4%)
(RDMA_READ_CONSUME_CHECK_CONSUMER) timestamp=1620 ms, used_size=7108608 bytes (17.4%)
(RDMA_READ_CONSUME_CHECK_CONSUMER) timestamp=1620 ms, used_size=7106560 bytes (17.4%)
(RDMA_READ_CONSUME_CHECK_CONSUMER) timestamp=1620 ms, used_size=7104512 bytes (17.3%)
(RDMA_READ_CONSUME_CHECK_CONSUMER) timestamp=1620 ms, used_size=7102464 bytes (17.3%)
(RDMA_READ_CONSUME_CHECK_CONSUMER) timestamp=1620 ms, used_size=7100416 bytes (17.3%)
(RDMA_READ_CONSUME_CHECK_CONSUMER) timestamp=1620 ms, used_size=7098368 bytes (17.3%)
(RDMA_READ_CONSUME_CHECK_CONSUMER) timestamp=1620 ms, used_size=7096320 bytes (17.3%)
(RDMA_READ_CONSUME_CHECK_CONSUMER) timestamp=1620 ms, used_size=7094272 bytes (17.3%)
(RDMA_READ_CONSUME_CHECK_CONSUMER) timestamp=1620 ms, used_size=7092224 bytes (17.3%)
(RDMA_READ_CONSUME_CHECK_CONSUMER) timestamp=1620 ms, used_size=7090176 bytes (17.3%)
(RDMA_READ_CONSUME_CHECK_CONSUMER) timestamp=1620 ms, used_size=7088128 bytes (17.3%)
(RDMA_READ_CONSUME_CHECK_CONSUMER) timestamp=1620 ms, used_size=7086080 bytes (17.3%)
(RDMA_READ_CONSUME_CHECK_CONSUMER) timestamp=1620 ms, used_size=7084032 bytes (17.3%)
(RDMA_READ_CONSUME_CHECK_CONSUMER) timestamp=1620 ms, used_size=7081984 bytes (17.3%)
(RDMA_READ_CONSUME_CHECK_CONSUMER) timestamp=1620 ms, used_size=7079936 bytes (17.3%)
(RDMA_READ_CONSUME_CHECK_CONSUMER) timestamp=1620 ms, used_size=7077888 bytes (17.3%)
(RDMA_READ_CONSUME_CHECK_CONSUMER) timestamp=1620 ms, used_size=7075840 bytes (17.3%)
(RDMA_READ_CONSUME_CHECK_CONSUMER) timestamp=1620 ms, used_size=7073792 bytes (17.3%)
(RDMA_READ_CONSUME_CHECK_CONSUMER) timestamp=1620 ms, used_size=7071744 bytes (17.3%)
(RDMA_READ_CONSUME_CHECK_CONSUMER) timestamp=1620 ms, used_size=7069696 bytes (17.3%)
(RDMA_READ_CONSUME_CHECK_CONSUMER) timestamp=1620 ms, used_size=7067648 bytes (17.3%)
(RDMA_READ_CONSUME_CHECK_CONSUMER) timestamp=1620 ms, used_size=7065600 bytes (17.2%)
(RDMA_READ_CONSUME_CHECK_CONSUMER) timestamp=1620 ms, used_size=7063552 bytes (17.2%)
(RDMA_READ_CONSUME_CHECK_CONSUMER) timestamp=1620 ms, used_size=7061504 bytes (17.2%)
(RDMA_READ_CONSUME_CHECK_CONSUMER) timestamp=1620 ms, used_size=7059456 bytes (17.2%)
(RDMA_READ_CONSUME_CHECK_CONSUMER) timestamp=1620 ms, used_size=7057408 bytes (17.2%)
(RDMA_READ_CONSUME_CHECK_CONSUMER) timestamp=1620 ms, used_size=7055360 bytes (17.2%)
(RDMA_READ_CONSUME_CHECK_CONSUMER) timestamp=1620 ms, used_size=7053312 bytes (17.2%)
(RDMA_READ_CONSUME_CHECK_CONSUMER) timestamp=1620 ms, used_size=7051264 bytes (17.2%)
(RDMA_READ_CONSUME_CHECK_CONSUMER) timestamp=1620 ms, used_size=7049216 bytes (17.2%)
(RDMA_READ_CONSUME_CHECK_CONSUMER) timestamp=1620 ms, used_size=7047168 bytes (17.2%)
(RDMA_READ_CONSUME_CHECK_CONSUMER) timestamp=1620 ms, used_size=7045120 bytes (17.2%)
(RDMA_READ_CONSUME_CHECK_CONSUMER) timestamp=1620 ms, used_size=7043072 bytes (17.2%)
(RDMA_READ_CONSUME_CHECK_CONSUMER) timestamp=1620 ms, used_size=7041024 bytes (17.2%)
(RDMA_READ_CONSUME_CHECK_CONSUMER) timestamp=1620 ms, used_size=7038976 bytes (17.2%)
(RDMA_READ_CONSUME_CHECK_CONSUMER) timestamp=1620 ms, used_size=7036928 bytes (17.2%)
(RDMA_READ_CONSUME_CHECK_CONSUMER) timestamp=1620 ms, used_size=7034880 bytes (17.2%)
(RDMA_READ_CONSUME_CHECK_CONSUMER) timestamp=1620 ms, used_size=7032832 bytes (17.2%)
(RDMA_READ_CONSUME_CHECK_CONSUMER) timestamp=1620 ms, used_size=7030784 bytes (17.2%)
(RDMA_READ_CONSUME_CHECK_CONSUMER) timestamp=1620 ms, used_size=7028736 bytes (17.2%)
(RDMA_READ_CONSUME_CHECK_CONSUMER) timestamp=1620 ms, used_size=7026688 bytes (17.2%)
(RDMA_READ_CONSUME_CHECK_CONSUMER) timestamp=1620 ms, used_size=7024640 bytes (17.1%)
(RDMA_READ_CONSUME_CHECK_CONSUMER) timestamp=1620 ms, used_size=7022592 bytes (17.1%)
(RDMA_READ_CONSUME_CHECK_CONSUMER) timestamp=1620 ms, used_size=7020544 bytes (17.1%)
(RDMA_READ_CONSUME_CHECK_CONSUMER) timestamp=1620 ms, used_size=7018496 bytes (17.1%)
(RDMA_READ_CONSUME_CHECK_CONSUMER) timestamp=1620 ms, used_size=7016448 bytes (17.1%)
(RDMA_READ_CONSUME_CHECK_CONSUMER) timestamp=1620 ms, used_size=7014400 bytes (17.1%)
(RDMA_READ_CONSUME_CHECK_CONSUMER) timestamp=1620 ms, used_size=7012352 bytes (17.1%)
(RDMA_READ_CONSUME_CHECK_CONSUMER) timestamp=1620 ms, used_size=7010304 bytes (17.1%)
(RDMA_READ_CONSUME_CHECK_CONSUMER) timestamp=1620 ms, used_size=7008256 bytes (17.1%)
(RDMA_READ_CONSUME_CHECK_CONSUMER) timestamp=1620 ms, used_size=7006208 bytes (17.1%)
(RDMA_READ_CONSUME_CHECK_CONSUMER) timestamp=1620 ms, used_size=7004160 bytes (17.1%)
(RDMA_READ_CONSUME_CHECK_CONSUMER) timestamp=1620 ms, used_size=7002112 bytes (17.1%)
(RDMA_READ_CONSUME_CHECK_CONSUMER) timestamp=1620 ms, used_size=7000064 bytes (17.1%)
(RDMA_READ_CONSUME_CHECK_CONSUMER) timestamp=1620 ms, used_size=6998016 bytes (17.1%)
(RDMA_READ_CONSUME_CHECK_CONSUMER) timestamp=1620 ms, used_size=6995968 bytes (17.1%)
(RDMA_READ_CONSUME_CHECK_CONSUMER) timestamp=1620 ms, used_size=6993920 bytes (17.1%)
(RDMA_READ_CONSUME_CHECK_CONSUMER) timestamp=1620 ms, used_size=6991872 bytes (17.1%)
(RDMA_READ_CONSUME_CHECK_CONSUMER) timestamp=1620 ms, used_size=6989824 bytes (17.1%)
(RDMA_READ_CONSUME_CHECK_CONSUMER) timestamp=1620 ms, used_size=6987776 bytes (17.1%)
(RDMA_READ_CONSUME_CHECK_CONSUMER) timestamp=1620 ms, used_size=6985728 bytes (17.1%)
(RDMA_READ_CONSUME_CHECK_CONSUMER) timestamp=1620 ms, used_size=6983680 bytes (17.1%)
(RDMA_READ_CONSUME_CHECK_CONSUMER) timestamp=1620 ms, used_size=6981632 bytes (17.0%)
(RDMA_READ_CONSUME_CHECK_CONSUMER) timestamp=1620 ms, used_size=6979584 bytes (17.0%)
(RDMA_READ_CONSUME_CHECK_CONSUMER) timestamp=1620 ms, used_size=6977536 bytes (17.0%)
(RDMA_READ_CONSUME_CHECK_CONSUMER) timestamp=1620 ms, used_size=6975488 bytes (17.0%)
(RDMA_READ_CONSUME_CHECK_CONSUMER) timestamp=1620 ms, used_size=6973440 bytes (17.0%)
(RDMA_READ_CONSUME_CHECK_CONSUMER) timestamp=1620 ms, used_size=6971392 bytes (17.0%)
(RDMA_READ_CONSUME_CHECK_CONSUMER) timestamp=1620 ms, used_size=6969344 bytes (17.0%)
(RDMA_READ_CONSUME_CHECK_CONSUMER) timestamp=1620 ms, used_size=6967296 bytes (17.0%)
(RDMA_READ_CONSUME_CHECK_CONSUMER) timestamp=1620 ms, used_size=6965248 bytes (17.0%)
(RDMA_READ_CONSUME_CHECK_CONSUMER) timestamp=1620 ms, used_size=6963200 bytes (17.0%)
(RDMA_READ_CONSUME_CHECK_CONSUMER) timestamp=1620 ms, used_size=6961152 bytes (17.0%)
(RDMA_READ_CONSUME_CHECK_CONSUMER) timestamp=1620 ms, used_size=6959104 bytes (17.0%)
(RDMA_READ_CONSUME_CHECK_CONSUMER) timestamp=1621 ms, used_size=6957056 bytes (17.0%)
(RDMA_READ_CONSUME_CHECK_CONSUMER) timestamp=1621 ms, used_size=6955008 bytes (17.0%)
(RDMA_READ_CONSUME_CHECK_CONSUMER) timestamp=1621 ms, used_size=6952960 bytes (17.0%)
(RDMA_READ_CONSUME_CHECK_CONSUMER) timestamp=1621 ms, used_size=6950912 bytes (17.0%)
(RDMA_READ_CONSUME_CHECK_CONSUMER) timestamp=1621 ms, used_size=6948864 bytes (17.0%)
(RDMA_READ_CONSUME_CHECK_CONSUMER) timestamp=1621 ms, used_size=6946816 bytes (17.0%)
(RDMA_READ_CONSUME_CHECK_CONSUMER) timestamp=1621 ms, used_size=6944768 bytes (17.0%)
(RDMA_READ_CONSUME_CHECK_CONSUMER) timestamp=1621 ms, used_size=6942720 bytes (16.9%)
(RDMA_READ_CONSUME_CHECK_CONSUMER) timestamp=1621 ms, used_size=6940672 bytes (16.9%)
(RDMA_READ_CONSUME_CHECK_CONSUMER) timestamp=1621 ms, used_size=6938624 bytes (16.9%)
(RDMA_READ_CONSUME_CHECK_CONSUMER) timestamp=1621 ms, used_size=6936576 bytes (16.9%)
(RDMA_READ_CONSUME_CHECK_CONSUMER) timestamp=1621 ms, used_size=6934528 bytes (16.9%)
(RDMA_READ_CONSUME_CHECK_CONSUMER) timestamp=1621 ms, used_size=6932480 bytes (16.9%)
(RDMA_READ_CONSUME_CHECK_CONSUMER) timestamp=1621 ms, used_size=6930432 bytes (16.9%)
(RDMA_READ_CONSUME_CHECK_CONSUMER) timestamp=1621 ms, used_size=6928384 bytes (16.9%)
(RDMA_READ_CONSUME_CHECK_CONSUMER) timestamp=1621 ms, used_size=6926336 bytes (16.9%)
(RDMA_READ_CONSUME_CHECK_CONSUMER) timestamp=1621 ms, used_size=6924288 bytes (16.9%)
(RDMA_READ_CONSUME_CHECK_CONSUMER) timestamp=1621 ms, used_size=6922240 bytes (16.9%)
(RDMA_READ_CONSUME_CHECK_CONSUMER) timestamp=1621 ms, used_size=6920192 bytes (16.9%)
(RDMA_READ_CONSUME_CHECK_CONSUMER) timestamp=1621 ms, used_size=6918144 bytes (16.9%)
(RDMA_READ_CONSUME_CHECK_CONSUMER) timestamp=1621 ms, used_size=6916096 bytes (16.9%)
(RDMA_READ_CONSUME_CHECK_CONSUMER) timestamp=1621 ms, used_size=6914048 bytes (16.9%)
(RDMA_READ_CONSUME_CHECK_CONSUMER) timestamp=1621 ms, used_size=6912000 bytes (16.9%)
(RDMA_READ_CONSUME_CHECK_CONSUMER) timestamp=1621 ms, used_size=6909952 bytes (16.9%)
(RDMA_READ_CONSUME_CHECK_CONSUMER) timestamp=1621 ms, used_size=6907904 bytes (16.9%)
(RDMA_READ_CONSUME_CHECK_CONSUMER) timestamp=1621 ms, used_size=6905856 bytes (16.9%)
(RDMA_READ_CONSUME_CHECK_CONSUMER) timestamp=1621 ms, used_size=6903808 bytes (16.9%)
(RDMA_READ_CONSUME_CHECK_CONSUMER) timestamp=1621 ms, used_size=6901760 bytes (16.9%)
(RDMA_READ_CONSUME_CHECK_CONSUMER) timestamp=1621 ms, used_size=6899712 bytes (16.8%)
(RDMA_READ_CONSUME_CHECK_CONSUMER) timestamp=1621 ms, used_size=6897664 bytes (16.8%)
(RDMA_READ_CONSUME_CHECK_CONSUMER) timestamp=1621 ms, used_size=6895616 bytes (16.8%)
(RDMA_READ_CONSUME_CHECK_CONSUMER) timestamp=1621 ms, used_size=6893568 bytes (16.8%)
(RDMA_READ_CONSUME_CHECK_CONSUMER) timestamp=1621 ms, used_size=6891520 bytes (16.8%)
(RDMA_READ_CONSUME_CHECK_CONSUMER) timestamp=1621 ms, used_size=6889472 bytes (16.8%)
(RDMA_READ_CONSUME_CHECK_CONSUMER) timestamp=1621 ms, used_size=6887424 bytes (16.8%)
(RDMA_READ_CONSUME_CHECK_CONSUMER) timestamp=1621 ms, used_size=6885376 bytes (16.8%)
(RDMA_READ_CONSUME_CHECK_CONSUMER) timestamp=1621 ms, used_size=6883328 bytes (16.8%)
(RDMA_READ_CONSUME_CHECK_CONSUMER) timestamp=1621 ms, used_size=6881280 bytes (16.8%)
(RDMA_READ_CONSUME_CHECK_CONSUMER) timestamp=1621 ms, used_size=6879232 bytes (16.8%)
(RDMA_READ_CONSUME_CHECK_CONSUMER) timestamp=1621 ms, used_size=6877184 bytes (16.8%)
(RDMA_READ_CONSUME_CHECK_CONSUMER) timestamp=1621 ms, used_size=6875136 bytes (16.8%)
(RDMA_READ_CONSUME_CHECK_CONSUMER) timestamp=1621 ms, used_size=6873088 bytes (16.8%)
(RDMA_READ_CONSUME_CHECK_CONSUMER) timestamp=1621 ms, used_size=6871040 bytes (16.8%)
(RDMA_READ_CONSUME_CHECK_CONSUMER) timestamp=1621 ms, used_size=6868992 bytes (16.8%)
(RDMA_READ_CONSUME_CHECK_CONSUMER) timestamp=1621 ms, used_size=6866944 bytes (16.8%)
(RDMA_READ_CONSUME_CHECK_CONSUMER) timestamp=1621 ms, used_size=6864896 bytes (16.8%)
(RDMA_READ_CONSUME_CHECK_CONSUMER) timestamp=1621 ms, used_size=6862848 bytes (16.8%)
(RDMA_READ_CONSUME_CHECK_CONSUMER) timestamp=1621 ms, used_size=6860800 bytes (16.8%)
(RDMA_READ_CONSUME_CHECK_CONSUMER) timestamp=1621 ms, used_size=6858752 bytes (16.7%)
(RDMA_READ_CONSUME_CHECK_CONSUMER) timestamp=1621 ms, used_size=6856704 bytes (16.7%)
(RDMA_READ_CONSUME_CHECK_CONSUMER) timestamp=1621 ms, used_size=6854656 bytes (16.7%)
(RDMA_READ_CONSUME_CHECK_CONSUMER) timestamp=1621 ms, used_size=6852608 bytes (16.7%)
(RDMA_READ_CONSUME_CHECK_CONSUMER) timestamp=1621 ms, used_size=6850560 bytes (16.7%)
(RDMA_READ_CONSUME_CHECK_CONSUMER) timestamp=1621 ms, used_size=6848512 bytes (16.7%)
(RDMA_READ_CONSUME_CHECK_CONSUMER) timestamp=1621 ms, used_size=6846464 bytes (16.7%)
(RDMA_READ_CONSUME_CHECK_CONSUMER) timestamp=1621 ms, used_size=6844416 bytes (16.7%)
(RDMA_READ_CONSUME_CHECK_CONSUMER) timestamp=1621 ms, used_size=6842368 bytes (16.7%)
(RDMA_READ_CONSUME_CHECK_CONSUMER) timestamp=1621 ms, used_size=6840320 bytes (16.7%)
(RDMA_READ_CONSUME_CHECK_CONSUMER) timestamp=1621 ms, used_size=6838272 bytes (16.7%)
(RDMA_READ_CONSUME_CHECK_CONSUMER) timestamp=1621 ms, used_size=6836224 bytes (16.7%)
(RDMA_READ_CONSUME_CHECK_CONSUMER) timestamp=1621 ms, used_size=6834176 bytes (16.7%)
(RDMA_READ_CONSUME_CHECK_CONSUMER) timestamp=1621 ms, used_size=6832128 bytes (16.7%)
(RDMA_READ_CONSUME_CHECK_CONSUMER) timestamp=1621 ms, used_size=6830080 bytes (16.7%)
(RDMA_READ_CONSUME_CHECK_CONSUMER) timestamp=1621 ms, used_size=6828032 bytes (16.7%)
(RDMA_READ_CONSUME_CHECK_CONSUMER) timestamp=1621 ms, used_size=6825984 bytes (16.7%)
(RDMA_READ_CONSUME_CHECK_CONSUMER) timestamp=1621 ms, used_size=6823936 bytes (16.7%)
(RDMA_READ_CONSUME_CHECK_CONSUMER) timestamp=1621 ms, used_size=6821888 bytes (16.7%)
(RDMA_READ_CONSUME_CHECK_CONSUMER) timestamp=1621 ms, used_size=6819840 bytes (16.6%)
(RDMA_READ_CONSUME_CHECK_CONSUMER) timestamp=1621 ms, used_size=6817792 bytes (16.6%)
(RDMA_READ_CONSUME_CHECK_CONSUMER) timestamp=1621 ms, used_size=6815744 bytes (16.6%)
(RDMA_READ_CONSUME_CHECK_CONSUMER) timestamp=1621 ms, used_size=6813696 bytes (16.6%)
(RDMA_READ_CONSUME_CHECK_CONSUMER) timestamp=1621 ms, used_size=6811648 bytes (16.6%)
(RDMA_READ_CONSUME_CHECK_CONSUMER) timestamp=1621 ms, used_size=6809600 bytes (16.6%)
(RDMA_READ_CONSUME_CHECK_CONSUMER) timestamp=1621 ms, used_size=6807552 bytes (16.6%)
(RDMA_READ_CONSUME_CHECK_CONSUMER) timestamp=1621 ms, used_size=6805504 bytes (16.6%)
(RDMA_READ_CONSUME_CHECK_CONSUMER) timestamp=1621 ms, used_size=6803456 bytes (16.6%)
(RDMA_READ_CONSUME_CHECK_CONSUMER) timestamp=1621 ms, used_size=6801408 bytes (16.6%)
(RDMA_READ_CONSUME_CHECK_CONSUMER) timestamp=1621 ms, used_size=6799360 bytes (16.6%)
(RDMA_READ_CONSUME_CHECK_CONSUMER) timestamp=1621 ms, used_size=6797312 bytes (16.6%)
(RDMA_READ_CONSUME_CHECK_CONSUMER) timestamp=1621 ms, used_size=6795264 bytes (16.6%)
(RDMA_READ_CONSUME_CHECK_CONSUMER) timestamp=1621 ms, used_size=6793216 bytes (16.6%)
(RDMA_READ_CONSUME_CHECK_CONSUMER) timestamp=1621 ms, used_size=6791168 bytes (16.6%)
(RDMA_READ_CONSUME_CHECK_CONSUMER) timestamp=1621 ms, used_size=6789120 bytes (16.6%)
(RDMA_READ_CONSUME_CHECK_CONSUMER) timestamp=1621 ms, used_size=6787072 bytes (16.6%)
(RDMA_READ_CONSUME_CHECK_CONSUMER) timestamp=1621 ms, used_size=6785024 bytes (16.6%)
(RDMA_READ_CONSUME_CHECK_CONSUMER) timestamp=1621 ms, used_size=6782976 bytes (16.6%)
(RDMA_READ_CONSUME_CHECK_CONSUMER) timestamp=1621 ms, used_size=6780928 bytes (16.6%)
(RDMA_READ_CONSUME_CHECK_CONSUMER) timestamp=1621 ms, used_size=6778880 bytes (16.6%)
(RDMA_READ_CONSUME_CHECK_CONSUMER) timestamp=1621 ms, used_size=6776832 bytes (16.5%)
(RDMA_READ_CONSUME_CHECK_CONSUMER) timestamp=1621 ms, used_size=6774784 bytes (16.5%)
(RDMA_READ_CONSUME_CHECK_CONSUMER) timestamp=1621 ms, used_size=6772736 bytes (16.5%)
(RDMA_READ_CONSUME_CHECK_CONSUMER) timestamp=1621 ms, used_size=6770688 bytes (16.5%)
(RDMA_READ_CONSUME_CHECK_CONSUMER) timestamp=1621 ms, used_size=6768640 bytes (16.5%)
(RDMA_READ_CONSUME_CHECK_CONSUMER) timestamp=1621 ms, used_size=6766592 bytes (16.5%)
(RDMA_READ_CONSUME_CHECK_CONSUMER) timestamp=1621 ms, used_size=6764544 bytes (16.5%)
(RDMA_READ_CONSUME_CHECK_CONSUMER) timestamp=1621 ms, used_size=6762496 bytes (16.5%)
(RDMA_READ_CONSUME_CHECK_CONSUMER) timestamp=1621 ms, used_size=6760448 bytes (16.5%)
(RDMA_READ_CONSUME_CHECK_CONSUMER) timestamp=1621 ms, used_size=6758400 bytes (16.5%)
(RDMA_READ_CONSUME_CHECK_CONSUMER) timestamp=1621 ms, used_size=6756352 bytes (16.5%)
(RDMA_READ_CONSUME_CHECK_CONSUMER) timestamp=1621 ms, used_size=6754304 bytes (16.5%)
(RDMA_READ_CONSUME_CHECK_CONSUMER) timestamp=1621 ms, used_size=6752256 bytes (16.5%)
(RDMA_READ_CONSUME_CHECK_CONSUMER) timestamp=1621 ms, used_size=6750208 bytes (16.5%)
(RDMA_READ_CONSUME_CHECK_CONSUMER) timestamp=1621 ms, used_size=6748160 bytes (16.5%)
(RDMA_READ_CONSUME_CHECK_CONSUMER) timestamp=1621 ms, used_size=6746112 bytes (16.5%)
(RDMA_READ_CONSUME_CHECK_CONSUMER) timestamp=1621 ms, used_size=6744064 bytes (16.5%)
(RDMA_READ_CONSUME_CHECK_CONSUMER) timestamp=1621 ms, used_size=6742016 bytes (16.5%)
(RDMA_READ_CONSUME_CHECK_CONSUMER) timestamp=1621 ms, used_size=6739968 bytes (16.5%)
(RDMA_READ_CONSUME_CHECK_CONSUMER) timestamp=1621 ms, used_size=6737920 bytes (16.4%)
(RDMA_READ_CONSUME_CHECK_CONSUMER) timestamp=1621 ms, used_size=6735872 bytes (16.4%)
(RDMA_READ_CONSUME_CHECK_CONSUMER) timestamp=1621 ms, used_size=6733824 bytes (16.4%)
(RDMA_READ_CONSUME_CHECK_CONSUMER) timestamp=1621 ms, used_size=6731776 bytes (16.4%)
(RDMA_READ_CONSUME_CHECK_CONSUMER) timestamp=1621 ms, used_size=6729728 bytes (16.4%)
(RDMA_READ_CONSUME_CHECK_CONSUMER) timestamp=1621 ms, used_size=6727680 bytes (16.4%)
(RDMA_READ_CONSUME_CHECK_CONSUMER) timestamp=1621 ms, used_size=6725632 bytes (16.4%)
(RDMA_READ_CONSUME_CHECK_CONSUMER) timestamp=1621 ms, used_size=6723584 bytes (16.4%)
(RDMA_READ_CONSUME_CHECK_CONSUMER) timestamp=1621 ms, used_size=6721536 bytes (16.4%)
(RDMA_READ_CONSUME_CHECK_CONSUMER) timestamp=1621 ms, used_size=6719488 bytes (16.4%)
(RDMA_READ_CONSUME_CHECK_CONSUMER) timestamp=1621 ms, used_size=6717440 bytes (16.4%)
(RDMA_READ_CONSUME_CHECK_CONSUMER) timestamp=1621 ms, used_size=6715392 bytes (16.4%)
(RDMA_READ_CONSUME_CHECK_CONSUMER) timestamp=1621 ms, used_size=6713344 bytes (16.4%)
(RDMA_READ_CONSUME_CHECK_CONSUMER) timestamp=1621 ms, used_size=6711296 bytes (16.4%)
(RDMA_READ_CONSUME_CHECK_CONSUMER) timestamp=1621 ms, used_size=6709248 bytes (16.4%)
(RDMA_READ_CONSUME_CHECK_CONSUMER) timestamp=1621 ms, used_size=6707200 bytes (16.4%)
(RDMA_READ_CONSUME_CHECK_CONSUMER) timestamp=1621 ms, used_size=6705152 bytes (16.4%)
(RDMA_READ_CONSUME_CHECK_CONSUMER) timestamp=1621 ms, used_size=6703104 bytes (16.4%)
(RDMA_READ_CONSUME_CHECK_CONSUMER) timestamp=1621 ms, used_size=6701056 bytes (16.4%)
(RDMA_READ_CONSUME_CHECK_CONSUMER) timestamp=1621 ms, used_size=6699008 bytes (16.4%)
(RDMA_READ_CONSUME_CHECK_CONSUMER) timestamp=1621 ms, used_size=6696960 bytes (16.4%)
(RDMA_READ_CONSUME_CHECK_CONSUMER) timestamp=1621 ms, used_size=6694912 bytes (16.3%)
(RDMA_READ_CONSUME_CHECK_CONSUMER) timestamp=1621 ms, used_size=6692864 bytes (16.3%)
(RDMA_READ_CONSUME_CHECK_CONSUMER) timestamp=1621 ms, used_size=6690816 bytes (16.3%)
(RDMA_READ_CONSUME_CHECK_CONSUMER) timestamp=1621 ms, used_size=6688768 bytes (16.3%)
(RDMA_READ_CONSUME_CHECK_CONSUMER) timestamp=1621 ms, used_size=6686720 bytes (16.3%)
(RDMA_READ_CONSUME_CHECK_CONSUMER) timestamp=1621 ms, used_size=6684672 bytes (16.3%)
(RDMA_READ_CONSUME_CHECK_CONSUMER) timestamp=1621 ms, used_size=6682624 bytes (16.3%)
(RDMA_READ_CONSUME_CHECK_CONSUMER) timestamp=1621 ms, used_size=6680576 bytes (16.3%)
(RDMA_READ_CONSUME_CHECK_CONSUMER) timestamp=1621 ms, used_size=6678528 bytes (16.3%)
(RDMA_READ_CONSUME_CHECK_CONSUMER) timestamp=1621 ms, used_size=6676480 bytes (16.3%)
(RDMA_READ_CONSUME_CHECK_CONSUMER) timestamp=1621 ms, used_size=6674432 bytes (16.3%)
(RDMA_READ_CONSUME_CHECK_CONSUMER) timestamp=1621 ms, used_size=6672384 bytes (16.3%)
(RDMA_READ_CONSUME_CHECK_CONSUMER) timestamp=1621 ms, used_size=6670336 bytes (16.3%)
(RDMA_READ_CONSUME_CHECK_CONSUMER) timestamp=1621 ms, used_size=6668288 bytes (16.3%)
(RDMA_READ_CONSUME_CHECK_CONSUMER) timestamp=1621 ms, used_size=6666240 bytes (16.3%)
(RDMA_READ_CONSUME_CHECK_CONSUMER) timestamp=1621 ms, used_size=6664192 bytes (16.3%)
(RDMA_READ_CONSUME_CHECK_CONSUMER) timestamp=1621 ms, used_size=6662144 bytes (16.3%)
(RDMA_READ_CONSUME_CHECK_CONSUMER) timestamp=1621 ms, used_size=6660096 bytes (16.3%)
(RDMA_READ_CONSUME_CHECK_CONSUMER) timestamp=1621 ms, used_size=6658048 bytes (16.3%)
(RDMA_READ_CONSUME_CHECK_CONSUMER) timestamp=1621 ms, used_size=6656000 bytes (16.2%)
(RDMA_READ_CONSUME_CHECK_CONSUMER) timestamp=1621 ms, used_size=6653952 bytes (16.2%)
(RDMA_READ_CONSUME_CHECK_CONSUMER) timestamp=1621 ms, used_size=6651904 bytes (16.2%)
(RDMA_READ_CONSUME_CHECK_CONSUMER) timestamp=1621 ms, used_size=6649856 bytes (16.2%)
(RDMA_READ_CONSUME_CHECK_CONSUMER) timestamp=1621 ms, used_size=6647808 bytes (16.2%)
(RDMA_READ_CONSUME_CHECK_CONSUMER) timestamp=1621 ms, used_size=6645760 bytes (16.2%)
(RDMA_READ_CONSUME_CHECK_CONSUMER) timestamp=1621 ms, used_size=6643712 bytes (16.2%)
(RDMA_READ_CONSUME_CHECK_CONSUMER) timestamp=1621 ms, used_size=6641664 bytes (16.2%)
(RDMA_READ_CONSUME_CHECK_CONSUMER) timestamp=1621 ms, used_size=6639616 bytes (16.2%)
(RDMA_READ_CONSUME_CHECK_CONSUMER) timestamp=1621 ms, used_size=6637568 bytes (16.2%)
(RDMA_READ_CONSUME_CHECK_CONSUMER) timestamp=1621 ms, used_size=6635520 bytes (16.2%)
(RDMA_READ_CONSUME_CHECK_CONSUMER) timestamp=1621 ms, used_size=6633472 bytes (16.2%)
(RDMA_READ_CONSUME_CHECK_CONSUMER) timestamp=1621 ms, used_size=6631424 bytes (16.2%)
(RDMA_READ_CONSUME_CHECK_CONSUMER) timestamp=1621 ms, used_size=6629376 bytes (16.2%)
(RDMA_READ_CONSUME_CHECK_CONSUMER) timestamp=1621 ms, used_size=6627328 bytes (16.2%)
(RDMA_READ_CONSUME_CHECK_CONSUMER) timestamp=1621 ms, used_size=6625280 bytes (16.2%)
(RDMA_READ_CONSUME_CHECK_CONSUMER) timestamp=1621 ms, used_size=6623232 bytes (16.2%)
(RDMA_READ_CONSUME_CHECK_CONSUMER) timestamp=1621 ms, used_size=6621184 bytes (16.2%)
(RDMA_READ_CONSUME_CHECK_CONSUMER) timestamp=1621 ms, used_size=6619136 bytes (16.2%)
(RDMA_READ_CONSUME_CHECK_CONSUMER) timestamp=1621 ms, used_size=6617088 bytes (16.2%)
(RDMA_READ_CONSUME_CHECK_CONSUMER) timestamp=1621 ms, used_size=6615040 bytes (16.1%)
(RDMA_READ_CONSUME_CHECK_CONSUMER) timestamp=1621 ms, used_size=6612992 bytes (16.1%)
(RDMA_READ_CONSUME_CHECK_CONSUMER) timestamp=1621 ms, used_size=6610944 bytes (16.1%)
(RDMA_READ_CONSUME_CHECK_CONSUMER) timestamp=1621 ms, used_size=6608896 bytes (16.1%)
(RDMA_READ_CONSUME_CHECK_CONSUMER) timestamp=1621 ms, used_size=6606848 bytes (16.1%)
(RDMA_READ_CONSUME_CHECK_CONSUMER) timestamp=1621 ms, used_size=6604800 bytes (16.1%)
(RDMA_READ_CONSUME_CHECK_CONSUMER) timestamp=1621 ms, used_size=6602752 bytes (16.1%)
(RDMA_READ_CONSUME_CHECK_CONSUMER) timestamp=1621 ms, used_size=6600704 bytes (16.1%)
(RDMA_READ_CONSUME_CHECK_CONSUMER) timestamp=1621 ms, used_size=6598656 bytes (16.1%)
(RDMA_READ_CONSUME_CHECK_CONSUMER) timestamp=1621 ms, used_size=6596608 bytes (16.1%)
(RDMA_READ_CONSUME_CHECK_CONSUMER) timestamp=1621 ms, used_size=6594560 bytes (16.1%)
(RDMA_READ_CONSUME_CHECK_CONSUMER) timestamp=1621 ms, used_size=6592512 bytes (16.1%)
(RDMA_READ_CONSUME_CHECK_CONSUMER) timestamp=1621 ms, used_size=6590464 bytes (16.1%)
(RDMA_READ_CONSUME_CHECK_CONSUMER) timestamp=1621 ms, used_size=6588416 bytes (16.1%)
(RDMA_READ_CONSUME_CHECK_CONSUMER) timestamp=1622 ms, used_size=6586368 bytes (16.1%)
(RDMA_READ_CONSUME_CHECK_CONSUMER) timestamp=1622 ms, used_size=6584320 bytes (16.1%)
(RDMA_READ_CONSUME_CHECK_CONSUMER) timestamp=1622 ms, used_size=6582272 bytes (16.1%)
(RDMA_READ_CONSUME_CHECK_CONSUMER) timestamp=1622 ms, used_size=6580224 bytes (16.1%)
(RDMA_READ_CONSUME_CHECK_CONSUMER) timestamp=1622 ms, used_size=6578176 bytes (16.1%)
(RDMA_READ_CONSUME_CHECK_CONSUMER) timestamp=1622 ms, used_size=6576128 bytes (16.1%)
(RDMA_READ_CONSUME_CHECK_CONSUMER) timestamp=1622 ms, used_size=6574080 bytes (16.1%)
(RDMA_READ_CONSUME_CHECK_CONSUMER) timestamp=1622 ms, used_size=6572032 bytes (16.0%)
(RDMA_READ_CONSUME_CHECK_CONSUMER) timestamp=1622 ms, used_size=6569984 bytes (16.0%)
(RDMA_READ_CONSUME_CHECK_CONSUMER) timestamp=1622 ms, used_size=6567936 bytes (16.0%)
(RDMA_READ_CONSUME_CHECK_CONSUMER) timestamp=1622 ms, used_size=6565888 bytes (16.0%)
(RDMA_READ_CONSUME_CHECK_CONSUMER) timestamp=1622 ms, used_size=6563840 bytes (16.0%)
(RDMA_READ_CONSUME_CHECK_CONSUMER) timestamp=1622 ms, used_size=6561792 bytes (16.0%)
(RDMA_READ_CONSUME_CHECK_CONSUMER) timestamp=1622 ms, used_size=6559744 bytes (16.0%)
(RDMA_READ_CONSUME_CHECK_CONSUMER) timestamp=1622 ms, used_size=6557696 bytes (16.0%)
(RDMA_READ_CONSUME_CHECK_CONSUMER) timestamp=1622 ms, used_size=6555648 bytes (16.0%)
(RDMA_READ_CONSUME_CHECK_CONSUMER) timestamp=1622 ms, used_size=6553600 bytes (16.0%)
(RDMA_READ_CONSUME_CHECK_CONSUMER) timestamp=1622 ms, used_size=6551552 bytes (16.0%)
(RDMA_READ_CONSUME_CHECK_CONSUMER) timestamp=1622 ms, used_size=6549504 bytes (16.0%)
(RDMA_READ_CONSUME_CHECK_CONSUMER) timestamp=1622 ms, used_size=6547456 bytes (16.0%)
(RDMA_READ_CONSUME_CHECK_CONSUMER) timestamp=1622 ms, used_size=6545408 bytes (16.0%)
(RDMA_READ_CONSUME_CHECK_CONSUMER) timestamp=1622 ms, used_size=6543360 bytes (16.0%)
(RDMA_READ_CONSUME_CHECK_CONSUMER) timestamp=1622 ms, used_size=6541312 bytes (16.0%)
(RDMA_READ_CONSUME_CHECK_CONSUMER) timestamp=1622 ms, used_size=6539264 bytes (16.0%)
(RDMA_READ_CONSUME_CHECK_CONSUMER) timestamp=1622 ms, used_size=6537216 bytes (16.0%)
(RDMA_READ_CONSUME_CHECK_CONSUMER) timestamp=1622 ms, used_size=6535168 bytes (16.0%)
(RDMA_READ_CONSUME_CHECK_CONSUMER) timestamp=1622 ms, used_size=6533120 bytes (15.9%)
(RDMA_READ_CONSUME_CHECK_CONSUMER) timestamp=1622 ms, used_size=6531072 bytes (15.9%)
(RDMA_READ_CONSUME_CHECK_CONSUMER) timestamp=1622 ms, used_size=6529024 bytes (15.9%)
(RDMA_READ_CONSUME_CHECK_CONSUMER) timestamp=1622 ms, used_size=6526976 bytes (15.9%)
(RDMA_READ_CONSUME_CHECK_CONSUMER) timestamp=1622 ms, used_size=6524928 bytes (15.9%)
(RDMA_READ_CONSUME_CHECK_CONSUMER) timestamp=1622 ms, used_size=6522880 bytes (15.9%)
(RDMA_READ_CONSUME_CHECK_CONSUMER) timestamp=1622 ms, used_size=6520832 bytes (15.9%)
(RDMA_READ_CONSUME_CHECK_CONSUMER) timestamp=1622 ms, used_size=6518784 bytes (15.9%)
(RDMA_READ_CONSUME_CHECK_CONSUMER) timestamp=1622 ms, used_size=6516736 bytes (15.9%)
(RDMA_READ_CONSUME_CHECK_CONSUMER) timestamp=1622 ms, used_size=6514688 bytes (15.9%)
(RDMA_READ_CONSUME_CHECK_CONSUMER) timestamp=1622 ms, used_size=6512640 bytes (15.9%)
(RDMA_READ_CONSUME_CHECK_CONSUMER) timestamp=1622 ms, used_size=6510592 bytes (15.9%)
(RDMA_READ_CONSUME_CHECK_CONSUMER) timestamp=1622 ms, used_size=6508544 bytes (15.9%)
(RDMA_READ_CONSUME_CHECK_CONSUMER) timestamp=1622 ms, used_size=6506496 bytes (15.9%)
(RDMA_READ_CONSUME_CHECK_CONSUMER) timestamp=1622 ms, used_size=6504448 bytes (15.9%)
(RDMA_READ_CONSUME_CHECK_CONSUMER) timestamp=1622 ms, used_size=6502400 bytes (15.9%)
(RDMA_READ_CONSUME_CHECK_CONSUMER) timestamp=1622 ms, used_size=6500352 bytes (15.9%)
(RDMA_READ_CONSUME_CHECK_CONSUMER) timestamp=1622 ms, used_size=6498304 bytes (15.9%)
(RDMA_READ_CONSUME_CHECK_CONSUMER) timestamp=1622 ms, used_size=6496256 bytes (15.9%)
(RDMA_READ_CONSUME_CHECK_CONSUMER) timestamp=1622 ms, used_size=6494208 bytes (15.9%)
(RDMA_READ_CONSUME_CHECK_CONSUMER) timestamp=1622 ms, used_size=6492160 bytes (15.8%)
(RDMA_READ_CONSUME_CHECK_CONSUMER) timestamp=1622 ms, used_size=6490112 bytes (15.8%)
(RDMA_READ_CONSUME_CHECK_CONSUMER) timestamp=1622 ms, used_size=6488064 bytes (15.8%)
(RDMA_READ_CONSUME_CHECK_CONSUMER) timestamp=1622 ms, used_size=6486016 bytes (15.8%)
(RDMA_READ_CONSUME_CHECK_CONSUMER) timestamp=1622 ms, used_size=6483968 bytes (15.8%)
(RDMA_READ_CONSUME_CHECK_CONSUMER) timestamp=1622 ms, used_size=6481920 bytes (15.8%)
(RDMA_READ_CONSUME_CHECK_CONSUMER) timestamp=1622 ms, used_size=6479872 bytes (15.8%)
(RDMA_READ_CONSUME_CHECK_CONSUMER) timestamp=1622 ms, used_size=6477824 bytes (15.8%)
(RDMA_READ_CONSUME_CHECK_CONSUMER) timestamp=1622 ms, used_size=6475776 bytes (15.8%)
(RDMA_READ_CONSUME_CHECK_CONSUMER) timestamp=1622 ms, used_size=6473728 bytes (15.8%)
(RDMA_READ_CONSUME_CHECK_CONSUMER) timestamp=1622 ms, used_size=6471680 bytes (15.8%)
(RDMA_READ_CONSUME_CHECK_CONSUMER) timestamp=1622 ms, used_size=6469632 bytes (15.8%)
(RDMA_READ_CONSUME_CHECK_CONSUMER) timestamp=1622 ms, used_size=6467584 bytes (15.8%)
(RDMA_READ_CONSUME_CHECK_CONSUMER) timestamp=1622 ms, used_size=6465536 bytes (15.8%)
(RDMA_READ_CONSUME_CHECK_CONSUMER) timestamp=1622 ms, used_size=6463488 bytes (15.8%)
(RDMA_READ_CONSUME_CHECK_CONSUMER) timestamp=1622 ms, used_size=6461440 bytes (15.8%)
(RDMA_READ_CONSUME_CHECK_CONSUMER) timestamp=1622 ms, used_size=6459392 bytes (15.8%)
(RDMA_READ_CONSUME_CHECK_CONSUMER) timestamp=1622 ms, used_size=6457344 bytes (15.8%)
(RDMA_READ_CONSUME_CHECK_CONSUMER) timestamp=1622 ms, used_size=6455296 bytes (15.8%)
(RDMA_READ_CONSUME_CHECK_CONSUMER) timestamp=1622 ms, used_size=6453248 bytes (15.8%)
(RDMA_READ_CONSUME_CHECK_CONSUMER) timestamp=1622 ms, used_size=6451200 bytes (15.8%)
(RDMA_READ_CONSUME_CHECK_CONSUMER) timestamp=1622 ms, used_size=6449152 bytes (15.7%)
(RDMA_READ_CONSUME_CHECK_CONSUMER) timestamp=1622 ms, used_size=6447104 bytes (15.7%)
(RDMA_READ_CONSUME_CHECK_CONSUMER) timestamp=1622 ms, used_size=6445056 bytes (15.7%)
(RDMA_READ_CONSUME_CHECK_CONSUMER) timestamp=1622 ms, used_size=6443008 bytes (15.7%)
(RDMA_READ_CONSUME_CHECK_CONSUMER) timestamp=1622 ms, used_size=6440960 bytes (15.7%)
(RDMA_READ_CONSUME_CHECK_CONSUMER) timestamp=1622 ms, used_size=6438912 bytes (15.7%)
(RDMA_READ_CONSUME_CHECK_CONSUMER) timestamp=1622 ms, used_size=6436864 bytes (15.7%)
(RDMA_READ_CONSUME_CHECK_CONSUMER) timestamp=1622 ms, used_size=6434816 bytes (15.7%)
(RDMA_READ_CONSUME_CHECK_CONSUMER) timestamp=1622 ms, used_size=6432768 bytes (15.7%)
(RDMA_READ_CONSUME_CHECK_CONSUMER) timestamp=1622 ms, used_size=6430720 bytes (15.7%)
(RDMA_READ_CONSUME_CHECK_CONSUMER) timestamp=1622 ms, used_size=6428672 bytes (15.7%)
(RDMA_READ_CONSUME_CHECK_CONSUMER) timestamp=1622 ms, used_size=6426624 bytes (15.7%)
(RDMA_READ_CONSUME_CHECK_CONSUMER) timestamp=1622 ms, used_size=6424576 bytes (15.7%)
(RDMA_READ_CONSUME_CHECK_CONSUMER) timestamp=1622 ms, used_size=6422528 bytes (15.7%)
(RDMA_READ_CONSUME_CHECK_CONSUMER) timestamp=1622 ms, used_size=6420480 bytes (15.7%)
(RDMA_READ_CONSUME_CHECK_CONSUMER) timestamp=1622 ms, used_size=6418432 bytes (15.7%)
(RDMA_READ_CONSUME_CHECK_CONSUMER) timestamp=1622 ms, used_size=6416384 bytes (15.7%)
(RDMA_READ_CONSUME_CHECK_CONSUMER) timestamp=1622 ms, used_size=6414336 bytes (15.7%)
(RDMA_READ_CONSUME_CHECK_CONSUMER) timestamp=1622 ms, used_size=6412288 bytes (15.7%)
(RDMA_READ_CONSUME_CHECK_CONSUMER) timestamp=1622 ms, used_size=6410240 bytes (15.7%)
(RDMA_READ_CONSUME_CHECK_CONSUMER) timestamp=1622 ms, used_size=6408192 bytes (15.6%)
(RDMA_READ_CONSUME_CHECK_CONSUMER) timestamp=1622 ms, used_size=6406144 bytes (15.6%)
(RDMA_READ_CONSUME_CHECK_CONSUMER) timestamp=1622 ms, used_size=6404096 bytes (15.6%)
(RDMA_READ_CONSUME_CHECK_CONSUMER) timestamp=1622 ms, used_size=6402048 bytes (15.6%)
(RDMA_READ_CONSUME_CHECK_CONSUMER) timestamp=1622 ms, used_size=6400000 bytes (15.6%)
(RDMA_READ_CONSUME_CHECK_CONSUMER) timestamp=1622 ms, used_size=6397952 bytes (15.6%)
(RDMA_READ_CONSUME_CHECK_CONSUMER) timestamp=1622 ms, used_size=6395904 bytes (15.6%)
(RDMA_READ_CONSUME_CHECK_CONSUMER) timestamp=1622 ms, used_size=6393856 bytes (15.6%)
(RDMA_READ_CONSUME_CHECK_CONSUMER) timestamp=1622 ms, used_size=6391808 bytes (15.6%)
(RDMA_READ_CONSUME_CHECK_CONSUMER) timestamp=1622 ms, used_size=6389760 bytes (15.6%)
(RDMA_READ_CONSUME_CHECK_CONSUMER) timestamp=1622 ms, used_size=6387712 bytes (15.6%)
(RDMA_READ_CONSUME_CHECK_CONSUMER) timestamp=1622 ms, used_size=6385664 bytes (15.6%)
(RDMA_READ_CONSUME_CHECK_CONSUMER) timestamp=1622 ms, used_size=6383616 bytes (15.6%)
(RDMA_READ_CONSUME_CHECK_CONSUMER) timestamp=1622 ms, used_size=6381568 bytes (15.6%)
(RDMA_READ_CONSUME_CHECK_CONSUMER) timestamp=1622 ms, used_size=6379520 bytes (15.6%)
(RDMA_READ_CONSUME_CHECK_CONSUMER) timestamp=1622 ms, used_size=6377472 bytes (15.6%)
(RDMA_READ_CONSUME_CHECK_CONSUMER) timestamp=1622 ms, used_size=6375424 bytes (15.6%)
(RDMA_READ_CONSUME_CHECK_CONSUMER) timestamp=1622 ms, used_size=6373376 bytes (15.6%)
(RDMA_READ_CONSUME_CHECK_CONSUMER) timestamp=1622 ms, used_size=6371328 bytes (15.6%)
(RDMA_READ_CONSUME_CHECK_CONSUMER) timestamp=1622 ms, used_size=6369280 bytes (15.6%)
(RDMA_READ_CONSUME_CHECK_CONSUMER) timestamp=1622 ms, used_size=6367232 bytes (15.5%)
(RDMA_READ_CONSUME_CHECK_CONSUMER) timestamp=1622 ms, used_size=6365184 bytes (15.5%)
(RDMA_READ_CONSUME_CHECK_CONSUMER) timestamp=1622 ms, used_size=6363136 bytes (15.5%)
(RDMA_READ_CONSUME_CHECK_CONSUMER) timestamp=1622 ms, used_size=6361088 bytes (15.5%)
(RDMA_READ_CONSUME_CHECK_CONSUMER) timestamp=1622 ms, used_size=6359040 bytes (15.5%)
(RDMA_READ_CONSUME_CHECK_CONSUMER) timestamp=1622 ms, used_size=6356992 bytes (15.5%)
(RDMA_READ_CONSUME_CHECK_CONSUMER) timestamp=1622 ms, used_size=6354944 bytes (15.5%)
(RDMA_READ_CONSUME_CHECK_CONSUMER) timestamp=1622 ms, used_size=6352896 bytes (15.5%)
(RDMA_READ_CONSUME_CHECK_CONSUMER) timestamp=1622 ms, used_size=6350848 bytes (15.5%)
(RDMA_READ_CONSUME_CHECK_CONSUMER) timestamp=1622 ms, used_size=6348800 bytes (15.5%)
(RDMA_READ_CONSUME_CHECK_CONSUMER) timestamp=1622 ms, used_size=6346752 bytes (15.5%)
(RDMA_READ_CONSUME_CHECK_CONSUMER) timestamp=1622 ms, used_size=6344704 bytes (15.5%)
(RDMA_READ_CONSUME_CHECK_CONSUMER) timestamp=1622 ms, used_size=6342656 bytes (15.5%)
(RDMA_READ_CONSUME_CHECK_CONSUMER) timestamp=1622 ms, used_size=6340608 bytes (15.5%)
(RDMA_READ_CONSUME_CHECK_CONSUMER) timestamp=1622 ms, used_size=6338560 bytes (15.5%)
(RDMA_READ_CONSUME_CHECK_CONSUMER) timestamp=1622 ms, used_size=6336512 bytes (15.5%)
(RDMA_READ_CONSUME_CHECK_CONSUMER) timestamp=1622 ms, used_size=6334464 bytes (15.5%)
(RDMA_READ_CONSUME_CHECK_CONSUMER) timestamp=1622 ms, used_size=6332416 bytes (15.5%)
(RDMA_READ_CONSUME_CHECK_CONSUMER) timestamp=1622 ms, used_size=6330368 bytes (15.5%)
(RDMA_READ_CONSUME_CHECK_CONSUMER) timestamp=1622 ms, used_size=6328320 bytes (15.4%)
(RDMA_READ_CONSUME_CHECK_CONSUMER) timestamp=1622 ms, used_size=6326272 bytes (15.4%)
(RDMA_READ_CONSUME_CHECK_CONSUMER) timestamp=1622 ms, used_size=6324224 bytes (15.4%)
(RDMA_READ_CONSUME_CHECK_CONSUMER) timestamp=1622 ms, used_size=6322176 bytes (15.4%)
(RDMA_READ_CONSUME_CHECK_CONSUMER) timestamp=1622 ms, used_size=6320128 bytes (15.4%)
(RDMA_READ_CONSUME_CHECK_CONSUMER) timestamp=1622 ms, used_size=6318080 bytes (15.4%)
(RDMA_READ_CONSUME_CHECK_CONSUMER) timestamp=1622 ms, used_size=6316032 bytes (15.4%)
(RDMA_READ_CONSUME_CHECK_CONSUMER) timestamp=1622 ms, used_size=6313984 bytes (15.4%)
(RDMA_READ_CONSUME_CHECK_CONSUMER) timestamp=1622 ms, used_size=6311936 bytes (15.4%)
(RDMA_READ_CONSUME_CHECK_CONSUMER) timestamp=1622 ms, used_size=6309888 bytes (15.4%)
(RDMA_READ_CONSUME_CHECK_CONSUMER) timestamp=1622 ms, used_size=6307840 bytes (15.4%)
(RDMA_READ_CONSUME_CHECK_CONSUMER) timestamp=1622 ms, used_size=6305792 bytes (15.4%)
(RDMA_READ_CONSUME_CHECK_CONSUMER) timestamp=1622 ms, used_size=6303744 bytes (15.4%)
(RDMA_READ_CONSUME_CHECK_CONSUMER) timestamp=1622 ms, used_size=6301696 bytes (15.4%)
(RDMA_READ_CONSUME_CHECK_CONSUMER) timestamp=1622 ms, used_size=6299648 bytes (15.4%)
(RDMA_READ_CONSUME_CHECK_CONSUMER) timestamp=1622 ms, used_size=6297600 bytes (15.4%)
(RDMA_READ_CONSUME_CHECK_CONSUMER) timestamp=1622 ms, used_size=6295552 bytes (15.4%)
(RDMA_READ_CONSUME_CHECK_CONSUMER) timestamp=1622 ms, used_size=6293504 bytes (15.4%)
(RDMA_READ_CONSUME_CHECK_CONSUMER) timestamp=1622 ms, used_size=6291456 bytes (15.4%)
(RDMA_READ_CONSUME_CHECK_CONSUMER) timestamp=1622 ms, used_size=6289408 bytes (15.4%)
(RDMA_READ_CONSUME_CHECK_CONSUMER) timestamp=1622 ms, used_size=6287360 bytes (15.3%)
(RDMA_READ_CONSUME_CHECK_CONSUMER) timestamp=1622 ms, used_size=6285312 bytes (15.3%)
(RDMA_READ_CONSUME_CHECK_CONSUMER) timestamp=1622 ms, used_size=6283264 bytes (15.3%)
(RDMA_READ_CONSUME_CHECK_CONSUMER) timestamp=1622 ms, used_size=6281216 bytes (15.3%)
(RDMA_READ_CONSUME_CHECK_CONSUMER) timestamp=1622 ms, used_size=6279168 bytes (15.3%)
(RDMA_READ_CONSUME_CHECK_CONSUMER) timestamp=1622 ms, used_size=6277120 bytes (15.3%)
(RDMA_READ_CONSUME_CHECK_CONSUMER) timestamp=1622 ms, used_size=6275072 bytes (15.3%)
(RDMA_READ_CONSUME_CHECK_CONSUMER) timestamp=1622 ms, used_size=6273024 bytes (15.3%)
(RDMA_READ_CONSUME_CHECK_CONSUMER) timestamp=1622 ms, used_size=6270976 bytes (15.3%)
(RDMA_READ_CONSUME_CHECK_CONSUMER) timestamp=1622 ms, used_size=6268928 bytes (15.3%)
(RDMA_READ_CONSUME_CHECK_CONSUMER) timestamp=1622 ms, used_size=6266880 bytes (15.3%)
(RDMA_READ_CONSUME_CHECK_CONSUMER) timestamp=1622 ms, used_size=6264832 bytes (15.3%)
(RDMA_READ_CONSUME_CHECK_CONSUMER) timestamp=1622 ms, used_size=6262784 bytes (15.3%)
(RDMA_READ_CONSUME_CHECK_CONSUMER) timestamp=1622 ms, used_size=6260736 bytes (15.3%)
(RDMA_READ_CONSUME_CHECK_CONSUMER) timestamp=1622 ms, used_size=6258688 bytes (15.3%)
(RDMA_READ_CONSUME_CHECK_CONSUMER) timestamp=1622 ms, used_size=6256640 bytes (15.3%)
(RDMA_READ_CONSUME_CHECK_CONSUMER) timestamp=1622 ms, used_size=6254592 bytes (15.3%)
(RDMA_READ_CONSUME_CHECK_CONSUMER) timestamp=1622 ms, used_size=6252544 bytes (15.3%)
(RDMA_READ_CONSUME_CHECK_CONSUMER) timestamp=1622 ms, used_size=6250496 bytes (15.3%)
(RDMA_READ_CONSUME_CHECK_CONSUMER) timestamp=1622 ms, used_size=6248448 bytes (15.3%)
(RDMA_READ_CONSUME_CHECK_CONSUMER) timestamp=1622 ms, used_size=6246400 bytes (15.2%)
(RDMA_READ_CONSUME_CHECK_CONSUMER) timestamp=1622 ms, used_size=6244352 bytes (15.2%)
(RDMA_READ_CONSUME_CHECK_CONSUMER) timestamp=1622 ms, used_size=6242304 bytes (15.2%)
(RDMA_READ_CONSUME_CHECK_CONSUMER) timestamp=1622 ms, used_size=6240256 bytes (15.2%)
(RDMA_READ_CONSUME_CHECK_CONSUMER) timestamp=1622 ms, used_size=6238208 bytes (15.2%)
(RDMA_READ_CONSUME_CHECK_CONSUMER) timestamp=1622 ms, used_size=6236160 bytes (15.2%)
(RDMA_READ_CONSUME_CHECK_CONSUMER) timestamp=1622 ms, used_size=6234112 bytes (15.2%)
(RDMA_READ_CONSUME_CHECK_CONSUMER) timestamp=1622 ms, used_size=6232064 bytes (15.2%)
(RDMA_READ_CONSUME_CHECK_CONSUMER) timestamp=1622 ms, used_size=6230016 bytes (15.2%)
(RDMA_READ_CONSUME_CHECK_CONSUMER) timestamp=1622 ms, used_size=6227968 bytes (15.2%)
(RDMA_READ_CONSUME_CHECK_CONSUMER) timestamp=1623 ms, used_size=6225920 bytes (15.2%)
(RDMA_READ_CONSUME_CHECK_CONSUMER) timestamp=1623 ms, used_size=6223872 bytes (15.2%)
(RDMA_READ_CONSUME_CHECK_CONSUMER) timestamp=1623 ms, used_size=6221824 bytes (15.2%)
(RDMA_READ_CONSUME_CHECK_CONSUMER) timestamp=1623 ms, used_size=6219776 bytes (15.2%)
(RDMA_READ_CONSUME_CHECK_CONSUMER) timestamp=1623 ms, used_size=6217728 bytes (15.2%)
(RDMA_READ_CONSUME_CHECK_CONSUMER) timestamp=1623 ms, used_size=6215680 bytes (15.2%)
(RDMA_READ_CONSUME_CHECK_CONSUMER) timestamp=1623 ms, used_size=6213632 bytes (15.2%)
(RDMA_READ_CONSUME_CHECK_CONSUMER) timestamp=1623 ms, used_size=6211584 bytes (15.2%)
(RDMA_READ_CONSUME_CHECK_CONSUMER) timestamp=1623 ms, used_size=6209536 bytes (15.2%)
(RDMA_READ_CONSUME_CHECK_CONSUMER) timestamp=1623 ms, used_size=6207488 bytes (15.2%)
(RDMA_READ_CONSUME_CHECK_CONSUMER) timestamp=1623 ms, used_size=6205440 bytes (15.2%)
(RDMA_READ_CONSUME_CHECK_CONSUMER) timestamp=1623 ms, used_size=6203392 bytes (15.1%)
(RDMA_READ_CONSUME_CHECK_CONSUMER) timestamp=1623 ms, used_size=6201344 bytes (15.1%)
(RDMA_READ_CONSUME_CHECK_CONSUMER) timestamp=1623 ms, used_size=6199296 bytes (15.1%)
(RDMA_READ_CONSUME_CHECK_CONSUMER) timestamp=1623 ms, used_size=6197248 bytes (15.1%)
(RDMA_READ_CONSUME_CHECK_CONSUMER) timestamp=1623 ms, used_size=6195200 bytes (15.1%)
(RDMA_READ_CONSUME_CHECK_CONSUMER) timestamp=1623 ms, used_size=6193152 bytes (15.1%)
(RDMA_READ_CONSUME_CHECK_CONSUMER) timestamp=1623 ms, used_size=6191104 bytes (15.1%)
(RDMA_READ_CONSUME_CHECK_CONSUMER) timestamp=1623 ms, used_size=6189056 bytes (15.1%)
(RDMA_READ_CONSUME_CHECK_CONSUMER) timestamp=1623 ms, used_size=6187008 bytes (15.1%)
(RDMA_READ_CONSUME_CHECK_CONSUMER) timestamp=1623 ms, used_size=6184960 bytes (15.1%)
(RDMA_READ_CONSUME_CHECK_CONSUMER) timestamp=1623 ms, used_size=6182912 bytes (15.1%)
(RDMA_READ_CONSUME_CHECK_CONSUMER) timestamp=1623 ms, used_size=6180864 bytes (15.1%)
(RDMA_READ_CONSUME_CHECK_CONSUMER) timestamp=1623 ms, used_size=6178816 bytes (15.1%)
(RDMA_READ_CONSUME_CHECK_CONSUMER) timestamp=1623 ms, used_size=6176768 bytes (15.1%)
(RDMA_READ_CONSUME_CHECK_CONSUMER) timestamp=1623 ms, used_size=6174720 bytes (15.1%)
(RDMA_READ_CONSUME_CHECK_CONSUMER) timestamp=1623 ms, used_size=6172672 bytes (15.1%)
(RDMA_READ_CONSUME_CHECK_CONSUMER) timestamp=1623 ms, used_size=6170624 bytes (15.1%)
(RDMA_READ_CONSUME_CHECK_CONSUMER) timestamp=1623 ms, used_size=6168576 bytes (15.1%)
(RDMA_READ_CONSUME_CHECK_CONSUMER) timestamp=1623 ms, used_size=6166528 bytes (15.1%)
(RDMA_READ_CONSUME_CHECK_CONSUMER) timestamp=1623 ms, used_size=6164480 bytes (15.1%)
(RDMA_READ_CONSUME_CHECK_CONSUMER) timestamp=1623 ms, used_size=6162432 bytes (15.0%)
(RDMA_READ_CONSUME_CHECK_CONSUMER) timestamp=1623 ms, used_size=6160384 bytes (15.0%)
(RDMA_READ_CONSUME_CHECK_CONSUMER) timestamp=1623 ms, used_size=6158336 bytes (15.0%)
(RDMA_READ_CONSUME_CHECK_CONSUMER) timestamp=1623 ms, used_size=6156288 bytes (15.0%)
(RDMA_READ_CONSUME_CHECK_CONSUMER) timestamp=1623 ms, used_size=6154240 bytes (15.0%)
(RDMA_READ_CONSUME_CHECK_CONSUMER) timestamp=1623 ms, used_size=6152192 bytes (15.0%)
(RDMA_READ_CONSUME_CHECK_CONSUMER) timestamp=1623 ms, used_size=6150144 bytes (15.0%)
(RDMA_READ_CONSUME_CHECK_CONSUMER) timestamp=1623 ms, used_size=6148096 bytes (15.0%)
(RDMA_READ_CONSUME_CHECK_CONSUMER) timestamp=1623 ms, used_size=6146048 bytes (15.0%)
(RDMA_READ_CONSUME_CHECK_CONSUMER) timestamp=1623 ms, used_size=6144000 bytes (15.0%)
(RDMA_READ_CONSUME_CHECK_CONSUMER) timestamp=1623 ms, used_size=6141952 bytes (15.0%)
(RDMA_READ_CONSUME_CHECK_CONSUMER) timestamp=1623 ms, used_size=6139904 bytes (15.0%)
(RDMA_READ_CONSUME_CHECK_CONSUMER) timestamp=1623 ms, used_size=6137856 bytes (15.0%)
(RDMA_READ_CONSUME_CHECK_CONSUMER) timestamp=1623 ms, used_size=6135808 bytes (15.0%)
(RDMA_READ_CONSUME_CHECK_CONSUMER) timestamp=1623 ms, used_size=6133760 bytes (15.0%)
(RDMA_READ_CONSUME_CHECK_CONSUMER) timestamp=1623 ms, used_size=6131712 bytes (15.0%)
(RDMA_READ_CONSUME_CHECK_CONSUMER) timestamp=1623 ms, used_size=6129664 bytes (15.0%)
(RDMA_READ_CONSUME_CHECK_CONSUMER) timestamp=1623 ms, used_size=6127616 bytes (15.0%)
(RDMA_READ_CONSUME_CHECK_CONSUMER) timestamp=1623 ms, used_size=6125568 bytes (15.0%)
(RDMA_READ_CONSUME_CHECK_CONSUMER) timestamp=1623 ms, used_size=6123520 bytes (14.9%)
(RDMA_READ_CONSUME_CHECK_CONSUMER) timestamp=1623 ms, used_size=6121472 bytes (14.9%)
(RDMA_READ_CONSUME_CHECK_CONSUMER) timestamp=1623 ms, used_size=6119424 bytes (14.9%)
(RDMA_READ_CONSUME_CHECK_CONSUMER) timestamp=1623 ms, used_size=6117376 bytes (14.9%)
(RDMA_READ_CONSUME_CHECK_CONSUMER) timestamp=1623 ms, used_size=6115328 bytes (14.9%)
(RDMA_READ_CONSUME_CHECK_CONSUMER) timestamp=1623 ms, used_size=6113280 bytes (14.9%)
(RDMA_READ_CONSUME_CHECK_CONSUMER) timestamp=1623 ms, used_size=6111232 bytes (14.9%)
(RDMA_READ_CONSUME_CHECK_CONSUMER) timestamp=1623 ms, used_size=6109184 bytes (14.9%)
(RDMA_READ_CONSUME_CHECK_CONSUMER) timestamp=1623 ms, used_size=6107136 bytes (14.9%)
(RDMA_READ_CONSUME_CHECK_CONSUMER) timestamp=1623 ms, used_size=6105088 bytes (14.9%)
(RDMA_READ_CONSUME_CHECK_CONSUMER) timestamp=1623 ms, used_size=6103040 bytes (14.9%)
(RDMA_READ_CONSUME_CHECK_CONSUMER) timestamp=1623 ms, used_size=6100992 bytes (14.9%)
(RDMA_READ_CONSUME_CHECK_CONSUMER) timestamp=1623 ms, used_size=6098944 bytes (14.9%)
(RDMA_READ_CONSUME_CHECK_CONSUMER) timestamp=1623 ms, used_size=6096896 bytes (14.9%)
(RDMA_READ_CONSUME_CHECK_CONSUMER) timestamp=1623 ms, used_size=6094848 bytes (14.9%)
(RDMA_READ_CONSUME_CHECK_CONSUMER) timestamp=1623 ms, used_size=6092800 bytes (14.9%)
(RDMA_READ_CONSUME_CHECK_CONSUMER) timestamp=1623 ms, used_size=6090752 bytes (14.9%)
(RDMA_READ_CONSUME_CHECK_CONSUMER) timestamp=1623 ms, used_size=6088704 bytes (14.9%)
(RDMA_READ_CONSUME_CHECK_CONSUMER) timestamp=1623 ms, used_size=6086656 bytes (14.9%)
(RDMA_READ_CONSUME_CHECK_CONSUMER) timestamp=1623 ms, used_size=6084608 bytes (14.9%)
(RDMA_READ_CONSUME_CHECK_CONSUMER) timestamp=1623 ms, used_size=6082560 bytes (14.8%)
(RDMA_READ_CONSUME_CHECK_CONSUMER) timestamp=1623 ms, used_size=6080512 bytes (14.8%)
(RDMA_READ_CONSUME_CHECK_CONSUMER) timestamp=1623 ms, used_size=6078464 bytes (14.8%)
(RDMA_READ_CONSUME_CHECK_CONSUMER) timestamp=1623 ms, used_size=6076416 bytes (14.8%)
(RDMA_READ_CONSUME_CHECK_CONSUMER) timestamp=1623 ms, used_size=6074368 bytes (14.8%)
(RDMA_READ_CONSUME_CHECK_CONSUMER) timestamp=1623 ms, used_size=6072320 bytes (14.8%)
(RDMA_READ_CONSUME_CHECK_CONSUMER) timestamp=1623 ms, used_size=6070272 bytes (14.8%)
(RDMA_READ_CONSUME_CHECK_CONSUMER) timestamp=1623 ms, used_size=6068224 bytes (14.8%)
(RDMA_READ_CONSUME_CHECK_CONSUMER) timestamp=1623 ms, used_size=6066176 bytes (14.8%)
(RDMA_READ_CONSUME_CHECK_CONSUMER) timestamp=1623 ms, used_size=6064128 bytes (14.8%)
(RDMA_READ_CONSUME_CHECK_CONSUMER) timestamp=1623 ms, used_size=6062080 bytes (14.8%)
(RDMA_READ_CONSUME_CHECK_CONSUMER) timestamp=1623 ms, used_size=6060032 bytes (14.8%)
(RDMA_READ_CONSUME_CHECK_CONSUMER) timestamp=1623 ms, used_size=6057984 bytes (14.8%)
(RDMA_READ_CONSUME_CHECK_CONSUMER) timestamp=1623 ms, used_size=6055936 bytes (14.8%)
(RDMA_READ_CONSUME_CHECK_CONSUMER) timestamp=1623 ms, used_size=6053888 bytes (14.8%)
(RDMA_READ_CONSUME_CHECK_CONSUMER) timestamp=1623 ms, used_size=6051840 bytes (14.8%)
(RDMA_READ_CONSUME_CHECK_CONSUMER) timestamp=1623 ms, used_size=6049792 bytes (14.8%)
(RDMA_READ_CONSUME_CHECK_CONSUMER) timestamp=1623 ms, used_size=6047744 bytes (14.8%)
(RDMA_READ_CONSUME_CHECK_CONSUMER) timestamp=1623 ms, used_size=6045696 bytes (14.8%)
(RDMA_READ_CONSUME_CHECK_CONSUMER) timestamp=1623 ms, used_size=6043648 bytes (14.8%)
(RDMA_READ_CONSUME_CHECK_CONSUMER) timestamp=1623 ms, used_size=6041600 bytes (14.8%)
(RDMA_READ_CONSUME_CHECK_CONSUMER) timestamp=1623 ms, used_size=6039552 bytes (14.7%)
(RDMA_READ_CONSUME_CHECK_CONSUMER) timestamp=1623 ms, used_size=6037504 bytes (14.7%)
(RDMA_READ_CONSUME_CHECK_CONSUMER) timestamp=1623 ms, used_size=6035456 bytes (14.7%)
(RDMA_READ_CONSUME_CHECK_CONSUMER) timestamp=1623 ms, used_size=6033408 bytes (14.7%)
(RDMA_READ_CONSUME_CHECK_CONSUMER) timestamp=1623 ms, used_size=6031360 bytes (14.7%)
(RDMA_READ_CONSUME_CHECK_CONSUMER) timestamp=1623 ms, used_size=6029312 bytes (14.7%)
(RDMA_READ_CONSUME_CHECK_CONSUMER) timestamp=1623 ms, used_size=6027264 bytes (14.7%)
(RDMA_READ_CONSUME_CHECK_CONSUMER) timestamp=1623 ms, used_size=6025216 bytes (14.7%)
(RDMA_READ_CONSUME_CHECK_CONSUMER) timestamp=1623 ms, used_size=6023168 bytes (14.7%)
(RDMA_READ_CONSUME_CHECK_CONSUMER) timestamp=1623 ms, used_size=6021120 bytes (14.7%)
(RDMA_READ_CONSUME_CHECK_CONSUMER) timestamp=1623 ms, used_size=6019072 bytes (14.7%)
(RDMA_READ_CONSUME_CHECK_CONSUMER) timestamp=1623 ms, used_size=6017024 bytes (14.7%)
(RDMA_READ_CONSUME_CHECK_CONSUMER) timestamp=1623 ms, used_size=6014976 bytes (14.7%)
(RDMA_READ_CONSUME_CHECK_CONSUMER) timestamp=1623 ms, used_size=6012928 bytes (14.7%)
(RDMA_READ_CONSUME_CHECK_CONSUMER) timestamp=1623 ms, used_size=6010880 bytes (14.7%)
(RDMA_READ_CONSUME_CHECK_CONSUMER) timestamp=1623 ms, used_size=6008832 bytes (14.7%)
(RDMA_READ_CONSUME_CHECK_CONSUMER) timestamp=1623 ms, used_size=6006784 bytes (14.7%)
(RDMA_READ_CONSUME_CHECK_CONSUMER) timestamp=1623 ms, used_size=6004736 bytes (14.7%)
(RDMA_READ_CONSUME_CHECK_CONSUMER) timestamp=1623 ms, used_size=6002688 bytes (14.7%)
(RDMA_READ_CONSUME_CHECK_CONSUMER) timestamp=1623 ms, used_size=6000640 bytes (14.7%)
(RDMA_READ_CONSUME_CHECK_CONSUMER) timestamp=1623 ms, used_size=5998592 bytes (14.6%)
(RDMA_READ_CONSUME_CHECK_CONSUMER) timestamp=1623 ms, used_size=5996544 bytes (14.6%)
(RDMA_READ_CONSUME_CHECK_CONSUMER) timestamp=1623 ms, used_size=5994496 bytes (14.6%)
(RDMA_READ_CONSUME_CHECK_CONSUMER) timestamp=1623 ms, used_size=5992448 bytes (14.6%)
(RDMA_READ_CONSUME_CHECK_CONSUMER) timestamp=1623 ms, used_size=5990400 bytes (14.6%)
(RDMA_READ_CONSUME_CHECK_CONSUMER) timestamp=1623 ms, used_size=5988352 bytes (14.6%)
(RDMA_READ_CONSUME_CHECK_CONSUMER) timestamp=1623 ms, used_size=5986304 bytes (14.6%)
(RDMA_READ_CONSUME_CHECK_CONSUMER) timestamp=1623 ms, used_size=5984256 bytes (14.6%)
(RDMA_READ_CONSUME_CHECK_CONSUMER) timestamp=1623 ms, used_size=5982208 bytes (14.6%)
(RDMA_READ_CONSUME_CHECK_CONSUMER) timestamp=1623 ms, used_size=5980160 bytes (14.6%)
(RDMA_READ_CONSUME_CHECK_CONSUMER) timestamp=1623 ms, used_size=5978112 bytes (14.6%)
(RDMA_READ_CONSUME_CHECK_CONSUMER) timestamp=1623 ms, used_size=5976064 bytes (14.6%)
(RDMA_READ_CONSUME_CHECK_CONSUMER) timestamp=1623 ms, used_size=5974016 bytes (14.6%)
(RDMA_READ_CONSUME_CHECK_CONSUMER) timestamp=1623 ms, used_size=5971968 bytes (14.6%)
(RDMA_READ_CONSUME_CHECK_CONSUMER) timestamp=1623 ms, used_size=5969920 bytes (14.6%)
(RDMA_READ_CONSUME_CHECK_CONSUMER) timestamp=1623 ms, used_size=5967872 bytes (14.6%)
(RDMA_READ_CONSUME_CHECK_CONSUMER) timestamp=1623 ms, used_size=5965824 bytes (14.6%)
(RDMA_READ_CONSUME_CHECK_CONSUMER) timestamp=1623 ms, used_size=5963776 bytes (14.6%)
(RDMA_READ_CONSUME_CHECK_CONSUMER) timestamp=1623 ms, used_size=5961728 bytes (14.6%)
(RDMA_READ_CONSUME_CHECK_CONSUMER) timestamp=1623 ms, used_size=5959680 bytes (14.6%)
(RDMA_READ_CONSUME_CHECK_CONSUMER) timestamp=1623 ms, used_size=5957632 bytes (14.5%)
(RDMA_READ_CONSUME_CHECK_CONSUMER) timestamp=1623 ms, used_size=5955584 bytes (14.5%)
(RDMA_READ_CONSUME_CHECK_CONSUMER) timestamp=1623 ms, used_size=5953536 bytes (14.5%)
(RDMA_READ_CONSUME_CHECK_CONSUMER) timestamp=1623 ms, used_size=5951488 bytes (14.5%)
(RDMA_READ_CONSUME_CHECK_CONSUMER) timestamp=1623 ms, used_size=5949440 bytes (14.5%)
(RDMA_READ_CONSUME_CHECK_CONSUMER) timestamp=1623 ms, used_size=5947392 bytes (14.5%)
(RDMA_READ_CONSUME_CHECK_CONSUMER) timestamp=1623 ms, used_size=5945344 bytes (14.5%)
(RDMA_READ_CONSUME_CHECK_CONSUMER) timestamp=1623 ms, used_size=5943296 bytes (14.5%)
(RDMA_READ_CONSUME_CHECK_CONSUMER) timestamp=1623 ms, used_size=5941248 bytes (14.5%)
(RDMA_READ_CONSUME_CHECK_CONSUMER) timestamp=1623 ms, used_size=5939200 bytes (14.5%)
(RDMA_READ_CONSUME_CHECK_CONSUMER) timestamp=1623 ms, used_size=5937152 bytes (14.5%)
(RDMA_READ_CONSUME_CHECK_CONSUMER) timestamp=1623 ms, used_size=5935104 bytes (14.5%)
(RDMA_READ_CONSUME_CHECK_CONSUMER) timestamp=1623 ms, used_size=5933056 bytes (14.5%)
(RDMA_READ_CONSUME_CHECK_CONSUMER) timestamp=1623 ms, used_size=5931008 bytes (14.5%)
(RDMA_READ_CONSUME_CHECK_CONSUMER) timestamp=1623 ms, used_size=5928960 bytes (14.5%)
(RDMA_READ_CONSUME_CHECK_CONSUMER) timestamp=1623 ms, used_size=5926912 bytes (14.5%)
(RDMA_READ_CONSUME_CHECK_CONSUMER) timestamp=1623 ms, used_size=5924864 bytes (14.5%)
(RDMA_READ_CONSUME_CHECK_CONSUMER) timestamp=1623 ms, used_size=5922816 bytes (14.5%)
(RDMA_READ_CONSUME_CHECK_CONSUMER) timestamp=1623 ms, used_size=5920768 bytes (14.5%)
(RDMA_READ_CONSUME_CHECK_CONSUMER) timestamp=1623 ms, used_size=5918720 bytes (14.4%)
(RDMA_READ_CONSUME_CHECK_CONSUMER) timestamp=1623 ms, used_size=5916672 bytes (14.4%)
(RDMA_READ_CONSUME_CHECK_CONSUMER) timestamp=1623 ms, used_size=5914624 bytes (14.4%)
(RDMA_READ_CONSUME_CHECK_CONSUMER) timestamp=1623 ms, used_size=5912576 bytes (14.4%)
(RDMA_READ_CONSUME_CHECK_CONSUMER) timestamp=1623 ms, used_size=5910528 bytes (14.4%)
(RDMA_READ_CONSUME_CHECK_CONSUMER) timestamp=1623 ms, used_size=5908480 bytes (14.4%)
(RDMA_READ_CONSUME_CHECK_CONSUMER) timestamp=1623 ms, used_size=5906432 bytes (14.4%)
(RDMA_READ_CONSUME_CHECK_CONSUMER) timestamp=1623 ms, used_size=5904384 bytes (14.4%)
(RDMA_READ_CONSUME_CHECK_CONSUMER) timestamp=1623 ms, used_size=5902336 bytes (14.4%)
(RDMA_READ_CONSUME_CHECK_CONSUMER) timestamp=1623 ms, used_size=5900288 bytes (14.4%)
(RDMA_READ_CONSUME_CHECK_CONSUMER) timestamp=1623 ms, used_size=5898240 bytes (14.4%)
(RDMA_READ_CONSUME_CHECK_CONSUMER) timestamp=1623 ms, used_size=5896192 bytes (14.4%)
(RDMA_READ_CONSUME_CHECK_CONSUMER) timestamp=1623 ms, used_size=5894144 bytes (14.4%)
(RDMA_READ_CONSUME_CHECK_CONSUMER) timestamp=1623 ms, used_size=5892096 bytes (14.4%)
(RDMA_READ_CONSUME_CHECK_CONSUMER) timestamp=1623 ms, used_size=5890048 bytes (14.4%)
(RDMA_READ_CONSUME_CHECK_CONSUMER) timestamp=1623 ms, used_size=5888000 bytes (14.4%)
(RDMA_READ_CONSUME_CHECK_CONSUMER) timestamp=1623 ms, used_size=5885952 bytes (14.4%)
(RDMA_READ_CONSUME_CHECK_CONSUMER) timestamp=1623 ms, used_size=5883904 bytes (14.4%)
(RDMA_READ_CONSUME_CHECK_CONSUMER) timestamp=1623 ms, used_size=5881856 bytes (14.4%)
(RDMA_READ_CONSUME_CHECK_CONSUMER) timestamp=1623 ms, used_size=5879808 bytes (14.4%)
(RDMA_READ_CONSUME_CHECK_CONSUMER) timestamp=1623 ms, used_size=5877760 bytes (14.3%)
(RDMA_READ_CONSUME_CHECK_CONSUMER) timestamp=1623 ms, used_size=5875712 bytes (14.3%)
(RDMA_READ_CONSUME_CHECK_CONSUMER) timestamp=1623 ms, used_size=5873664 bytes (14.3%)
(RDMA_READ_CONSUME_CHECK_CONSUMER) timestamp=1623 ms, used_size=5871616 bytes (14.3%)
(RDMA_READ_CONSUME_CHECK_CONSUMER) timestamp=1623 ms, used_size=5869568 bytes (14.3%)
(RDMA_READ_CONSUME_CHECK_CONSUMER) timestamp=1623 ms, used_size=5867520 bytes (14.3%)
(RDMA_READ_CONSUME_CHECK_CONSUMER) timestamp=1623 ms, used_size=5865472 bytes (14.3%)
(RDMA_READ_CONSUME_CHECK_CONSUMER) timestamp=1623 ms, used_size=5863424 bytes (14.3%)
(RDMA_READ_CONSUME_CHECK_CONSUMER) timestamp=1623 ms, used_size=5861376 bytes (14.3%)
(RDMA_READ_CONSUME_CHECK_CONSUMER) timestamp=1623 ms, used_size=5859328 bytes (14.3%)
(RDMA_READ_CONSUME_CHECK_CONSUMER) timestamp=1623 ms, used_size=5857280 bytes (14.3%)
(RDMA_READ_CONSUME_CHECK_CONSUMER) timestamp=1624 ms, used_size=5855232 bytes (14.3%)
(RDMA_READ_CONSUME_CHECK_CONSUMER) timestamp=1624 ms, used_size=5853184 bytes (14.3%)
(RDMA_READ_CONSUME_CHECK_CONSUMER) timestamp=1624 ms, used_size=5851136 bytes (14.3%)
(RDMA_READ_CONSUME_CHECK_CONSUMER) timestamp=1624 ms, used_size=5849088 bytes (14.3%)
(RDMA_READ_CONSUME_CHECK_CONSUMER) timestamp=1624 ms, used_size=5847040 bytes (14.3%)
(RDMA_READ_CONSUME_CHECK_CONSUMER) timestamp=1624 ms, used_size=5844992 bytes (14.3%)
(RDMA_READ_CONSUME_CHECK_CONSUMER) timestamp=1624 ms, used_size=5842944 bytes (14.3%)
(RDMA_READ_CONSUME_CHECK_CONSUMER) timestamp=1624 ms, used_size=5840896 bytes (14.3%)
(RDMA_READ_CONSUME_CHECK_CONSUMER) timestamp=1624 ms, used_size=5838848 bytes (14.3%)
(RDMA_READ_CONSUME_CHECK_CONSUMER) timestamp=1624 ms, used_size=5836800 bytes (14.2%)
(RDMA_READ_CONSUME_CHECK_CONSUMER) timestamp=1624 ms, used_size=5834752 bytes (14.2%)
(RDMA_READ_CONSUME_CHECK_CONSUMER) timestamp=1624 ms, used_size=5832704 bytes (14.2%)
(RDMA_READ_CONSUME_CHECK_CONSUMER) timestamp=1624 ms, used_size=5830656 bytes (14.2%)
(RDMA_READ_CONSUME_CHECK_CONSUMER) timestamp=1624 ms, used_size=5828608 bytes (14.2%)
(RDMA_READ_CONSUME_CHECK_CONSUMER) timestamp=1624 ms, used_size=5826560 bytes (14.2%)
(RDMA_READ_CONSUME_CHECK_CONSUMER) timestamp=1624 ms, used_size=5824512 bytes (14.2%)
(RDMA_READ_CONSUME_CHECK_CONSUMER) timestamp=1624 ms, used_size=5822464 bytes (14.2%)
(RDMA_READ_CONSUME_CHECK_CONSUMER) timestamp=1624 ms, used_size=5820416 bytes (14.2%)
(RDMA_READ_CONSUME_CHECK_CONSUMER) timestamp=1624 ms, used_size=5818368 bytes (14.2%)
(RDMA_READ_CONSUME_CHECK_CONSUMER) timestamp=1624 ms, used_size=5816320 bytes (14.2%)
(RDMA_READ_CONSUME_CHECK_CONSUMER) timestamp=1624 ms, used_size=5814272 bytes (14.2%)
(RDMA_READ_CONSUME_CHECK_CONSUMER) timestamp=1624 ms, used_size=5812224 bytes (14.2%)
(RDMA_READ_CONSUME_CHECK_CONSUMER) timestamp=1624 ms, used_size=5810176 bytes (14.2%)
(RDMA_READ_CONSUME_CHECK_CONSUMER) timestamp=1624 ms, used_size=5808128 bytes (14.2%)
(RDMA_READ_CONSUME_CHECK_CONSUMER) timestamp=1624 ms, used_size=5806080 bytes (14.2%)
(RDMA_READ_CONSUME_CHECK_CONSUMER) timestamp=1624 ms, used_size=5804032 bytes (14.2%)
(RDMA_READ_CONSUME_CHECK_CONSUMER) timestamp=1624 ms, used_size=5801984 bytes (14.2%)
(RDMA_READ_CONSUME_CHECK_CONSUMER) timestamp=1624 ms, used_size=5799936 bytes (14.2%)
(RDMA_READ_CONSUME_CHECK_CONSUMER) timestamp=1624 ms, used_size=5797888 bytes (14.2%)
(RDMA_READ_CONSUME_CHECK_CONSUMER) timestamp=1624 ms, used_size=5795840 bytes (14.2%)
(RDMA_READ_CONSUME_CHECK_CONSUMER) timestamp=1624 ms, used_size=5793792 bytes (14.1%)
(RDMA_READ_CONSUME_CHECK_CONSUMER) timestamp=1624 ms, used_size=5791744 bytes (14.1%)
(RDMA_READ_CONSUME_CHECK_CONSUMER) timestamp=1624 ms, used_size=5789696 bytes (14.1%)
(RDMA_READ_CONSUME_CHECK_CONSUMER) timestamp=1624 ms, used_size=5787648 bytes (14.1%)
(RDMA_READ_CONSUME_CHECK_CONSUMER) timestamp=1624 ms, used_size=5785600 bytes (14.1%)
(RDMA_READ_CONSUME_CHECK_CONSUMER) timestamp=1624 ms, used_size=5783552 bytes (14.1%)
(RDMA_READ_CONSUME_CHECK_CONSUMER) timestamp=1624 ms, used_size=5781504 bytes (14.1%)
(RDMA_READ_CONSUME_CHECK_CONSUMER) timestamp=1624 ms, used_size=5779456 bytes (14.1%)
(RDMA_READ_CONSUME_CHECK_CONSUMER) timestamp=1624 ms, used_size=5777408 bytes (14.1%)
(RDMA_READ_CONSUME_CHECK_CONSUMER) timestamp=1624 ms, used_size=5775360 bytes (14.1%)
(RDMA_READ_CONSUME_CHECK_CONSUMER) timestamp=1624 ms, used_size=5773312 bytes (14.1%)
(RDMA_READ_CONSUME_CHECK_CONSUMER) timestamp=1624 ms, used_size=5771264 bytes (14.1%)
(RDMA_READ_CONSUME_CHECK_CONSUMER) timestamp=1624 ms, used_size=5769216 bytes (14.1%)
(RDMA_READ_CONSUME_CHECK_CONSUMER) timestamp=1624 ms, used_size=5767168 bytes (14.1%)
(RDMA_READ_CONSUME_CHECK_CONSUMER) timestamp=1624 ms, used_size=5765120 bytes (14.1%)
(RDMA_READ_CONSUME_CHECK_CONSUMER) timestamp=1624 ms, used_size=5763072 bytes (14.1%)
(RDMA_READ_CONSUME_CHECK_CONSUMER) timestamp=1624 ms, used_size=5761024 bytes (14.1%)
(RDMA_READ_CONSUME_CHECK_CONSUMER) timestamp=1624 ms, used_size=5758976 bytes (14.1%)
(RDMA_READ_CONSUME_CHECK_CONSUMER) timestamp=1624 ms, used_size=5756928 bytes (14.1%)
(RDMA_READ_CONSUME_CHECK_CONSUMER) timestamp=1624 ms, used_size=5754880 bytes (14.1%)
(RDMA_READ_CONSUME_CHECK_CONSUMER) timestamp=1624 ms, used_size=5752832 bytes (14.0%)
(RDMA_READ_CONSUME_CHECK_CONSUMER) timestamp=1624 ms, used_size=5750784 bytes (14.0%)
(RDMA_READ_CONSUME_CHECK_CONSUMER) timestamp=1624 ms, used_size=5748736 bytes (14.0%)
(RDMA_READ_CONSUME_CHECK_CONSUMER) timestamp=1624 ms, used_size=5746688 bytes (14.0%)
(RDMA_READ_CONSUME_CHECK_CONSUMER) timestamp=1624 ms, used_size=5744640 bytes (14.0%)
(RDMA_READ_CONSUME_CHECK_CONSUMER) timestamp=1624 ms, used_size=5742592 bytes (14.0%)
(RDMA_READ_CONSUME_CHECK_CONSUMER) timestamp=1624 ms, used_size=5740544 bytes (14.0%)
(RDMA_READ_CONSUME_CHECK_CONSUMER) timestamp=1624 ms, used_size=5738496 bytes (14.0%)
(RDMA_READ_CONSUME_CHECK_CONSUMER) timestamp=1624 ms, used_size=5736448 bytes (14.0%)
(RDMA_READ_CONSUME_CHECK_CONSUMER) timestamp=1624 ms, used_size=5734400 bytes (14.0%)
(RDMA_READ_CONSUME_CHECK_CONSUMER) timestamp=1624 ms, used_size=5732352 bytes (14.0%)
(RDMA_READ_CONSUME_CHECK_CONSUMER) timestamp=1624 ms, used_size=5730304 bytes (14.0%)
(RDMA_READ_CONSUME_CHECK_CONSUMER) timestamp=1624 ms, used_size=5728256 bytes (14.0%)
(RDMA_READ_CONSUME_CHECK_CONSUMER) timestamp=1624 ms, used_size=5726208 bytes (14.0%)
(RDMA_READ_CONSUME_CHECK_CONSUMER) timestamp=1624 ms, used_size=5724160 bytes (14.0%)
(RDMA_READ_CONSUME_CHECK_CONSUMER) timestamp=1624 ms, used_size=5722112 bytes (14.0%)
(RDMA_READ_CONSUME_CHECK_CONSUMER) timestamp=1624 ms, used_size=5720064 bytes (14.0%)
(RDMA_READ_CONSUME_CHECK_CONSUMER) timestamp=1624 ms, used_size=5718016 bytes (14.0%)
(RDMA_READ_CONSUME_CHECK_CONSUMER) timestamp=1624 ms, used_size=5715968 bytes (14.0%)
(RDMA_READ_CONSUME_CHECK_CONSUMER) timestamp=1624 ms, used_size=5713920 bytes (13.9%)
(RDMA_READ_CONSUME_CHECK_CONSUMER) timestamp=1624 ms, used_size=5711872 bytes (13.9%)
(RDMA_READ_CONSUME_CHECK_CONSUMER) timestamp=1624 ms, used_size=5709824 bytes (13.9%)
(RDMA_READ_CONSUME_CHECK_CONSUMER) timestamp=1624 ms, used_size=5707776 bytes (13.9%)
(RDMA_READ_CONSUME_CHECK_CONSUMER) timestamp=1624 ms, used_size=5705728 bytes (13.9%)
(RDMA_READ_CONSUME_CHECK_CONSUMER) timestamp=1624 ms, used_size=5703680 bytes (13.9%)
(RDMA_READ_CONSUME_CHECK_CONSUMER) timestamp=1624 ms, used_size=5701632 bytes (13.9%)
(RDMA_READ_CONSUME_CHECK_CONSUMER) timestamp=1624 ms, used_size=5699584 bytes (13.9%)
(RDMA_READ_CONSUME_CHECK_CONSUMER) timestamp=1624 ms, used_size=5697536 bytes (13.9%)
(RDMA_READ_CONSUME_CHECK_CONSUMER) timestamp=1624 ms, used_size=5695488 bytes (13.9%)
(RDMA_READ_CONSUME_CHECK_CONSUMER) timestamp=1624 ms, used_size=5693440 bytes (13.9%)
(RDMA_READ_CONSUME_CHECK_CONSUMER) timestamp=1624 ms, used_size=5691392 bytes (13.9%)
(RDMA_READ_CONSUME_CHECK_CONSUMER) timestamp=1624 ms, used_size=5689344 bytes (13.9%)
(RDMA_READ_CONSUME_CHECK_CONSUMER) timestamp=1624 ms, used_size=5687296 bytes (13.9%)
(RDMA_READ_CONSUME_CHECK_CONSUMER) timestamp=1624 ms, used_size=5685248 bytes (13.9%)
(RDMA_READ_CONSUME_CHECK_CONSUMER) timestamp=1624 ms, used_size=5683200 bytes (13.9%)
(RDMA_READ_CONSUME_CHECK_CONSUMER) timestamp=1624 ms, used_size=5681152 bytes (13.9%)
(RDMA_READ_CONSUME_CHECK_CONSUMER) timestamp=1624 ms, used_size=5679104 bytes (13.9%)
(RDMA_READ_CONSUME_CHECK_CONSUMER) timestamp=1624 ms, used_size=5677056 bytes (13.9%)
(RDMA_READ_CONSUME_CHECK_CONSUMER) timestamp=1624 ms, used_size=5675008 bytes (13.9%)
(RDMA_READ_CONSUME_CHECK_CONSUMER) timestamp=1624 ms, used_size=5672960 bytes (13.8%)
(RDMA_READ_CONSUME_CHECK_CONSUMER) timestamp=1624 ms, used_size=5670912 bytes (13.8%)
(RDMA_READ_CONSUME_CHECK_CONSUMER) timestamp=1624 ms, used_size=5668864 bytes (13.8%)
(RDMA_READ_CONSUME_CHECK_CONSUMER) timestamp=1624 ms, used_size=5666816 bytes (13.8%)
(RDMA_READ_CONSUME_CHECK_CONSUMER) timestamp=1624 ms, used_size=5664768 bytes (13.8%)
(RDMA_READ_CONSUME_CHECK_CONSUMER) timestamp=1624 ms, used_size=5662720 bytes (13.8%)
(RDMA_READ_CONSUME_CHECK_CONSUMER) timestamp=1624 ms, used_size=5660672 bytes (13.8%)
(RDMA_READ_CONSUME_CHECK_CONSUMER) timestamp=1624 ms, used_size=5658624 bytes (13.8%)
(RDMA_READ_CONSUME_CHECK_CONSUMER) timestamp=1624 ms, used_size=5656576 bytes (13.8%)
(RDMA_READ_CONSUME_CHECK_CONSUMER) timestamp=1624 ms, used_size=5654528 bytes (13.8%)
(RDMA_READ_CONSUME_CHECK_CONSUMER) timestamp=1624 ms, used_size=5652480 bytes (13.8%)
(RDMA_READ_CONSUME_CHECK_CONSUMER) timestamp=1624 ms, used_size=5650432 bytes (13.8%)
(RDMA_READ_CONSUME_CHECK_CONSUMER) timestamp=1624 ms, used_size=5648384 bytes (13.8%)
(RDMA_READ_CONSUME_CHECK_CONSUMER) timestamp=1624 ms, used_size=5646336 bytes (13.8%)
(RDMA_READ_CONSUME_CHECK_CONSUMER) timestamp=1624 ms, used_size=5644288 bytes (13.8%)
(RDMA_READ_CONSUME_CHECK_CONSUMER) timestamp=1624 ms, used_size=5642240 bytes (13.8%)
(RDMA_READ_CONSUME_CHECK_CONSUMER) timestamp=1624 ms, used_size=5640192 bytes (13.8%)
(RDMA_READ_CONSUME_CHECK_CONSUMER) timestamp=1624 ms, used_size=5638144 bytes (13.8%)
(RDMA_READ_CONSUME_CHECK_CONSUMER) timestamp=1624 ms, used_size=5636096 bytes (13.8%)
(RDMA_READ_CONSUME_CHECK_CONSUMER) timestamp=1624 ms, used_size=5634048 bytes (13.8%)
(RDMA_READ_CONSUME_CHECK_CONSUMER) timestamp=1624 ms, used_size=5632000 bytes (13.8%)
(RDMA_READ_CONSUME_CHECK_CONSUMER) timestamp=1624 ms, used_size=5629952 bytes (13.7%)
(RDMA_READ_CONSUME_CHECK_CONSUMER) timestamp=1624 ms, used_size=5627904 bytes (13.7%)
(RDMA_READ_CONSUME_CHECK_CONSUMER) timestamp=1624 ms, used_size=5625856 bytes (13.7%)
(RDMA_READ_CONSUME_CHECK_CONSUMER) timestamp=1624 ms, used_size=5623808 bytes (13.7%)
(RDMA_READ_CONSUME_CHECK_CONSUMER) timestamp=1624 ms, used_size=5621760 bytes (13.7%)
(RDMA_READ_CONSUME_CHECK_CONSUMER) timestamp=1624 ms, used_size=5619712 bytes (13.7%)
(RDMA_READ_CONSUME_CHECK_CONSUMER) timestamp=1624 ms, used_size=5617664 bytes (13.7%)
(RDMA_READ_CONSUME_CHECK_CONSUMER) timestamp=1624 ms, used_size=5615616 bytes (13.7%)
(RDMA_READ_CONSUME_CHECK_CONSUMER) timestamp=1624 ms, used_size=5613568 bytes (13.7%)
(RDMA_READ_CONSUME_CHECK_CONSUMER) timestamp=1624 ms, used_size=5611520 bytes (13.7%)
(RDMA_READ_CONSUME_CHECK_CONSUMER) timestamp=1624 ms, used_size=5609472 bytes (13.7%)
(RDMA_READ_CONSUME_CHECK_CONSUMER) timestamp=1624 ms, used_size=5607424 bytes (13.7%)
(RDMA_READ_CONSUME_CHECK_CONSUMER) timestamp=1624 ms, used_size=5605376 bytes (13.7%)
(RDMA_READ_CONSUME_CHECK_CONSUMER) timestamp=1624 ms, used_size=5603328 bytes (13.7%)
(RDMA_READ_CONSUME_CHECK_CONSUMER) timestamp=1624 ms, used_size=5601280 bytes (13.7%)
(RDMA_READ_CONSUME_CHECK_CONSUMER) timestamp=1624 ms, used_size=5599232 bytes (13.7%)
(RDMA_READ_CONSUME_CHECK_CONSUMER) timestamp=1624 ms, used_size=5597184 bytes (13.7%)
(RDMA_READ_CONSUME_CHECK_CONSUMER) timestamp=1624 ms, used_size=5595136 bytes (13.7%)
(RDMA_READ_CONSUME_CHECK_CONSUMER) timestamp=1624 ms, used_size=5593088 bytes (13.7%)
(RDMA_READ_CONSUME_CHECK_CONSUMER) timestamp=1624 ms, used_size=5591040 bytes (13.7%)
(RDMA_READ_CONSUME_CHECK_CONSUMER) timestamp=1624 ms, used_size=5588992 bytes (13.6%)
(RDMA_READ_CONSUME_CHECK_CONSUMER) timestamp=1624 ms, used_size=5586944 bytes (13.6%)
(RDMA_READ_CONSUME_CHECK_CONSUMER) timestamp=1624 ms, used_size=5584896 bytes (13.6%)
(RDMA_READ_CONSUME_CHECK_CONSUMER) timestamp=1624 ms, used_size=5582848 bytes (13.6%)
(RDMA_READ_CONSUME_CHECK_CONSUMER) timestamp=1624 ms, used_size=5580800 bytes (13.6%)
(RDMA_READ_CONSUME_CHECK_CONSUMER) timestamp=1624 ms, used_size=5578752 bytes (13.6%)
(RDMA_READ_CONSUME_CHECK_CONSUMER) timestamp=1624 ms, used_size=5576704 bytes (13.6%)
(RDMA_READ_CONSUME_CHECK_CONSUMER) timestamp=1624 ms, used_size=5574656 bytes (13.6%)
(RDMA_READ_CONSUME_CHECK_CONSUMER) timestamp=1624 ms, used_size=5572608 bytes (13.6%)
(RDMA_READ_CONSUME_CHECK_CONSUMER) timestamp=1624 ms, used_size=5570560 bytes (13.6%)
(RDMA_READ_CONSUME_CHECK_CONSUMER) timestamp=1624 ms, used_size=5568512 bytes (13.6%)
(RDMA_READ_CONSUME_CHECK_CONSUMER) timestamp=1624 ms, used_size=5566464 bytes (13.6%)
(RDMA_READ_CONSUME_CHECK_CONSUMER) timestamp=1624 ms, used_size=5564416 bytes (13.6%)
(RDMA_READ_CONSUME_CHECK_CONSUMER) timestamp=1624 ms, used_size=5562368 bytes (13.6%)
(RDMA_READ_CONSUME_CHECK_CONSUMER) timestamp=1624 ms, used_size=5560320 bytes (13.6%)
(RDMA_READ_CONSUME_CHECK_CONSUMER) timestamp=1624 ms, used_size=5558272 bytes (13.6%)
(RDMA_READ_CONSUME_CHECK_CONSUMER) timestamp=1624 ms, used_size=5556224 bytes (13.6%)
(RDMA_READ_CONSUME_CHECK_CONSUMER) timestamp=1624 ms, used_size=5554176 bytes (13.6%)
(RDMA_READ_CONSUME_CHECK_CONSUMER) timestamp=1624 ms, used_size=5552128 bytes (13.6%)
(RDMA_READ_CONSUME_CHECK_CONSUMER) timestamp=1624 ms, used_size=5550080 bytes (13.6%)
(RDMA_READ_CONSUME_CHECK_CONSUMER) timestamp=1624 ms, used_size=5548032 bytes (13.5%)
(RDMA_READ_CONSUME_CHECK_CONSUMER) timestamp=1624 ms, used_size=5545984 bytes (13.5%)
(RDMA_READ_CONSUME_CHECK_CONSUMER) timestamp=1624 ms, used_size=5543936 bytes (13.5%)
(RDMA_READ_CONSUME_CHECK_CONSUMER) timestamp=1624 ms, used_size=5541888 bytes (13.5%)
(RDMA_READ_CONSUME_CHECK_CONSUMER) timestamp=1624 ms, used_size=5539840 bytes (13.5%)
(RDMA_READ_CONSUME_CHECK_CONSUMER) timestamp=1624 ms, used_size=5537792 bytes (13.5%)
(RDMA_READ_CONSUME_CHECK_CONSUMER) timestamp=1624 ms, used_size=5535744 bytes (13.5%)
(RDMA_READ_CONSUME_CHECK_CONSUMER) timestamp=1624 ms, used_size=5533696 bytes (13.5%)
(RDMA_READ_CONSUME_CHECK_CONSUMER) timestamp=1624 ms, used_size=5531648 bytes (13.5%)
(RDMA_READ_CONSUME_CHECK_CONSUMER) timestamp=1624 ms, used_size=5529600 bytes (13.5%)
(RDMA_READ_CONSUME_CHECK_CONSUMER) timestamp=1624 ms, used_size=5527552 bytes (13.5%)
(RDMA_READ_CONSUME_CHECK_CONSUMER) timestamp=1624 ms, used_size=5525504 bytes (13.5%)
(RDMA_READ_CONSUME_CHECK_CONSUMER) timestamp=1624 ms, used_size=5523456 bytes (13.5%)
(RDMA_READ_CONSUME_CHECK_CONSUMER) timestamp=1624 ms, used_size=5521408 bytes (13.5%)
(RDMA_READ_CONSUME_CHECK_CONSUMER) timestamp=1624 ms, used_size=5519360 bytes (13.5%)
(RDMA_READ_CONSUME_CHECK_CONSUMER) timestamp=1624 ms, used_size=5517312 bytes (13.5%)
(RDMA_READ_CONSUME_CHECK_CONSUMER) timestamp=1624 ms, used_size=5515264 bytes (13.5%)
(RDMA_READ_CONSUME_CHECK_CONSUMER) timestamp=1624 ms, used_size=5513216 bytes (13.5%)
(RDMA_READ_CONSUME_CHECK_CONSUMER) timestamp=1624 ms, used_size=5511168 bytes (13.5%)
(RDMA_READ_CONSUME_CHECK_CONSUMER) timestamp=1624 ms, used_size=5509120 bytes (13.4%)
(RDMA_READ_CONSUME_CHECK_CONSUMER) timestamp=1624 ms, used_size=5507072 bytes (13.4%)
(RDMA_READ_CONSUME_CHECK_CONSUMER) timestamp=1624 ms, used_size=5505024 bytes (13.4%)
(RDMA_READ_CONSUME_CHECK_CONSUMER) timestamp=1624 ms, used_size=5502976 bytes (13.4%)
(RDMA_READ_CONSUME_CHECK_CONSUMER) timestamp=1624 ms, used_size=5500928 bytes (13.4%)
(RDMA_READ_CONSUME_CHECK_CONSUMER) timestamp=1624 ms, used_size=5498880 bytes (13.4%)
(RDMA_READ_CONSUME_CHECK_CONSUMER) timestamp=1624 ms, used_size=5496832 bytes (13.4%)
(RDMA_READ_CONSUME_CHECK_CONSUMER) timestamp=1624 ms, used_size=5494784 bytes (13.4%)
(RDMA_READ_CONSUME_CHECK_CONSUMER) timestamp=1624 ms, used_size=5492736 bytes (13.4%)
(RDMA_READ_CONSUME_CHECK_CONSUMER) timestamp=1624 ms, used_size=5490688 bytes (13.4%)
(RDMA_READ_CONSUME_CHECK_CONSUMER) timestamp=1625 ms, used_size=5488640 bytes (13.4%)
(RDMA_READ_CONSUME_CHECK_CONSUMER) timestamp=1625 ms, used_size=5486592 bytes (13.4%)
(RDMA_READ_CONSUME_CHECK_CONSUMER) timestamp=1625 ms, used_size=5484544 bytes (13.4%)
(RDMA_READ_CONSUME_CHECK_CONSUMER) timestamp=1625 ms, used_size=5482496 bytes (13.4%)
(RDMA_READ_CONSUME_CHECK_CONSUMER) timestamp=1625 ms, used_size=5480448 bytes (13.4%)
(RDMA_READ_CONSUME_CHECK_CONSUMER) timestamp=1625 ms, used_size=5478400 bytes (13.4%)
(RDMA_READ_CONSUME_CHECK_CONSUMER) timestamp=1625 ms, used_size=5476352 bytes (13.4%)
(RDMA_READ_CONSUME_CHECK_CONSUMER) timestamp=1625 ms, used_size=5474304 bytes (13.4%)
(RDMA_READ_CONSUME_CHECK_CONSUMER) timestamp=1625 ms, used_size=5472256 bytes (13.4%)
(RDMA_READ_CONSUME_CHECK_CONSUMER) timestamp=1625 ms, used_size=5470208 bytes (13.4%)
(RDMA_READ_CONSUME_CHECK_CONSUMER) timestamp=1625 ms, used_size=5468160 bytes (13.3%)
(RDMA_READ_CONSUME_CHECK_CONSUMER) timestamp=1625 ms, used_size=5466112 bytes (13.3%)
(RDMA_READ_CONSUME_CHECK_CONSUMER) timestamp=1625 ms, used_size=5464064 bytes (13.3%)
(RDMA_READ_CONSUME_CHECK_CONSUMER) timestamp=1625 ms, used_size=5462016 bytes (13.3%)
(RDMA_READ_CONSUME_CHECK_CONSUMER) timestamp=1625 ms, used_size=5459968 bytes (13.3%)
(RDMA_READ_CONSUME_CHECK_CONSUMER) timestamp=1625 ms, used_size=5457920 bytes (13.3%)
(RDMA_READ_CONSUME_CHECK_CONSUMER) timestamp=1625 ms, used_size=5455872 bytes (13.3%)
(RDMA_READ_CONSUME_CHECK_CONSUMER) timestamp=1625 ms, used_size=5453824 bytes (13.3%)
(RDMA_READ_CONSUME_CHECK_CONSUMER) timestamp=1625 ms, used_size=5451776 bytes (13.3%)
(RDMA_READ_CONSUME_CHECK_CONSUMER) timestamp=1625 ms, used_size=5449728 bytes (13.3%)
(RDMA_READ_CONSUME_CHECK_CONSUMER) timestamp=1625 ms, used_size=5447680 bytes (13.3%)
(RDMA_READ_CONSUME_CHECK_CONSUMER) timestamp=1625 ms, used_size=5445632 bytes (13.3%)
(RDMA_READ_CONSUME_CHECK_CONSUMER) timestamp=1625 ms, used_size=5443584 bytes (13.3%)
(RDMA_READ_CONSUME_CHECK_CONSUMER) timestamp=1625 ms, used_size=5441536 bytes (13.3%)
(RDMA_READ_CONSUME_CHECK_CONSUMER) timestamp=1625 ms, used_size=5439488 bytes (13.3%)
(RDMA_READ_CONSUME_CHECK_CONSUMER) timestamp=1625 ms, used_size=5437440 bytes (13.3%)
(RDMA_READ_CONSUME_CHECK_CONSUMER) timestamp=1625 ms, used_size=5435392 bytes (13.3%)
(RDMA_READ_CONSUME_CHECK_CONSUMER) timestamp=1625 ms, used_size=5433344 bytes (13.3%)
(RDMA_READ_CONSUME_CHECK_CONSUMER) timestamp=1625 ms, used_size=5431296 bytes (13.3%)
(RDMA_READ_CONSUME_CHECK_CONSUMER) timestamp=1625 ms, used_size=5429248 bytes (13.3%)
(RDMA_READ_CONSUME_CHECK_CONSUMER) timestamp=1625 ms, used_size=5427200 bytes (13.2%)
(RDMA_READ_CONSUME_CHECK_CONSUMER) timestamp=1625 ms, used_size=5425152 bytes (13.2%)
(RDMA_READ_CONSUME_CHECK_CONSUMER) timestamp=1625 ms, used_size=5423104 bytes (13.2%)
(RDMA_READ_CONSUME_CHECK_CONSUMER) timestamp=1625 ms, used_size=5421056 bytes (13.2%)
(RDMA_READ_CONSUME_CHECK_CONSUMER) timestamp=1625 ms, used_size=5419008 bytes (13.2%)
(RDMA_READ_CONSUME_CHECK_CONSUMER) timestamp=1625 ms, used_size=5416960 bytes (13.2%)
(RDMA_READ_CONSUME_CHECK_CONSUMER) timestamp=1625 ms, used_size=5414912 bytes (13.2%)
(RDMA_READ_CONSUME_CHECK_CONSUMER) timestamp=1625 ms, used_size=5412864 bytes (13.2%)
(RDMA_READ_CONSUME_CHECK_CONSUMER) timestamp=1625 ms, used_size=5410816 bytes (13.2%)
(RDMA_READ_CONSUME_CHECK_CONSUMER) timestamp=1625 ms, used_size=5408768 bytes (13.2%)
(RDMA_READ_CONSUME_CHECK_CONSUMER) timestamp=1625 ms, used_size=5406720 bytes (13.2%)
(RDMA_READ_CONSUME_CHECK_CONSUMER) timestamp=1625 ms, used_size=5404672 bytes (13.2%)
(RDMA_READ_CONSUME_CHECK_CONSUMER) timestamp=1625 ms, used_size=5402624 bytes (13.2%)
(RDMA_READ_CONSUME_CHECK_CONSUMER) timestamp=1625 ms, used_size=5400576 bytes (13.2%)
(RDMA_READ_CONSUME_CHECK_CONSUMER) timestamp=1625 ms, used_size=5398528 bytes (13.2%)
(RDMA_READ_CONSUME_CHECK_CONSUMER) timestamp=1625 ms, used_size=5396480 bytes (13.2%)
(RDMA_READ_CONSUME_CHECK_CONSUMER) timestamp=1625 ms, used_size=5394432 bytes (13.2%)
(RDMA_READ_CONSUME_CHECK_CONSUMER) timestamp=1625 ms, used_size=5392384 bytes (13.2%)
(RDMA_READ_CONSUME_CHECK_CONSUMER) timestamp=1625 ms, used_size=5390336 bytes (13.2%)
(RDMA_READ_CONSUME_CHECK_CONSUMER) timestamp=1625 ms, used_size=5388288 bytes (13.2%)
(RDMA_READ_CONSUME_CHECK_CONSUMER) timestamp=1625 ms, used_size=5386240 bytes (13.2%)
(RDMA_READ_CONSUME_CHECK_CONSUMER) timestamp=1625 ms, used_size=5384192 bytes (13.1%)
(RDMA_READ_CONSUME_CHECK_CONSUMER) timestamp=1625 ms, used_size=5382144 bytes (13.1%)
(RDMA_READ_CONSUME_CHECK_CONSUMER) timestamp=1625 ms, used_size=5380096 bytes (13.1%)
(RDMA_READ_CONSUME_CHECK_CONSUMER) timestamp=1625 ms, used_size=5378048 bytes (13.1%)
(RDMA_READ_CONSUME_CHECK_CONSUMER) timestamp=1625 ms, used_size=5376000 bytes (13.1%)
(RDMA_READ_CONSUME_CHECK_CONSUMER) timestamp=1625 ms, used_size=5373952 bytes (13.1%)
(RDMA_READ_CONSUME_CHECK_CONSUMER) timestamp=1625 ms, used_size=5371904 bytes (13.1%)
(RDMA_READ_CONSUME_CHECK_CONSUMER) timestamp=1625 ms, used_size=5369856 bytes (13.1%)
(RDMA_READ_CONSUME_CHECK_CONSUMER) timestamp=1625 ms, used_size=5367808 bytes (13.1%)
(RDMA_READ_CONSUME_CHECK_CONSUMER) timestamp=1625 ms, used_size=5365760 bytes (13.1%)
(RDMA_READ_CONSUME_CHECK_CONSUMER) timestamp=1625 ms, used_size=5363712 bytes (13.1%)
(RDMA_READ_CONSUME_CHECK_CONSUMER) timestamp=1625 ms, used_size=5361664 bytes (13.1%)
(RDMA_READ_CONSUME_CHECK_CONSUMER) timestamp=1625 ms, used_size=5359616 bytes (13.1%)
(RDMA_READ_CONSUME_CHECK_CONSUMER) timestamp=1625 ms, used_size=5357568 bytes (13.1%)
(RDMA_READ_CONSUME_CHECK_CONSUMER) timestamp=1625 ms, used_size=5355520 bytes (13.1%)
(RDMA_READ_CONSUME_CHECK_CONSUMER) timestamp=1625 ms, used_size=5353472 bytes (13.1%)
(RDMA_READ_CONSUME_CHECK_CONSUMER) timestamp=1625 ms, used_size=5351424 bytes (13.1%)
(RDMA_READ_CONSUME_CHECK_CONSUMER) timestamp=1625 ms, used_size=5349376 bytes (13.1%)
(RDMA_READ_CONSUME_CHECK_CONSUMER) timestamp=1625 ms, used_size=5347328 bytes (13.1%)
(RDMA_READ_CONSUME_CHECK_CONSUMER) timestamp=1625 ms, used_size=5345280 bytes (13.1%)
(RDMA_READ_CONSUME_CHECK_CONSUMER) timestamp=1625 ms, used_size=5343232 bytes (13.0%)
(RDMA_READ_CONSUME_CHECK_CONSUMER) timestamp=1625 ms, used_size=5341184 bytes (13.0%)
(RDMA_READ_CONSUME_CHECK_CONSUMER) timestamp=1625 ms, used_size=5339136 bytes (13.0%)
(RDMA_READ_CONSUME_CHECK_CONSUMER) timestamp=1625 ms, used_size=5337088 bytes (13.0%)
(RDMA_READ_CONSUME_CHECK_CONSUMER) timestamp=1625 ms, used_size=5335040 bytes (13.0%)
(RDMA_READ_CONSUME_CHECK_CONSUMER) timestamp=1625 ms, used_size=5332992 bytes (13.0%)
(RDMA_READ_CONSUME_CHECK_CONSUMER) timestamp=1625 ms, used_size=5330944 bytes (13.0%)
(RDMA_READ_CONSUME_CHECK_CONSUMER) timestamp=1625 ms, used_size=5328896 bytes (13.0%)
(RDMA_READ_CONSUME_CHECK_CONSUMER) timestamp=1625 ms, used_size=5326848 bytes (13.0%)
(RDMA_READ_CONSUME_CHECK_CONSUMER) timestamp=1625 ms, used_size=5324800 bytes (13.0%)
(RDMA_READ_CONSUME_CHECK_CONSUMER) timestamp=1625 ms, used_size=5322752 bytes (13.0%)
(RDMA_READ_CONSUME_CHECK_CONSUMER) timestamp=1625 ms, used_size=5320704 bytes (13.0%)
(RDMA_READ_CONSUME_CHECK_CONSUMER) timestamp=1625 ms, used_size=5318656 bytes (13.0%)
(RDMA_READ_CONSUME_CHECK_CONSUMER) timestamp=1625 ms, used_size=5316608 bytes (13.0%)
(RDMA_READ_CONSUME_CHECK_CONSUMER) timestamp=1625 ms, used_size=5314560 bytes (13.0%)
(RDMA_READ_CONSUME_CHECK_CONSUMER) timestamp=1625 ms, used_size=5312512 bytes (13.0%)
(RDMA_READ_CONSUME_CHECK_CONSUMER) timestamp=1625 ms, used_size=5310464 bytes (13.0%)
(RDMA_READ_CONSUME_CHECK_CONSUMER) timestamp=1625 ms, used_size=5308416 bytes (13.0%)
(RDMA_READ_CONSUME_CHECK_CONSUMER) timestamp=1625 ms, used_size=5306368 bytes (13.0%)
(RDMA_READ_CONSUME_CHECK_CONSUMER) timestamp=1625 ms, used_size=5304320 bytes (12.9%)
(RDMA_READ_CONSUME_CHECK_CONSUMER) timestamp=1625 ms, used_size=5302272 bytes (12.9%)
(RDMA_READ_CONSUME_CHECK_CONSUMER) timestamp=1625 ms, used_size=5300224 bytes (12.9%)
(RDMA_READ_CONSUME_CHECK_CONSUMER) timestamp=1625 ms, used_size=5298176 bytes (12.9%)
(RDMA_READ_CONSUME_CHECK_CONSUMER) timestamp=1625 ms, used_size=5296128 bytes (12.9%)
(RDMA_READ_CONSUME_CHECK_CONSUMER) timestamp=1625 ms, used_size=5294080 bytes (12.9%)
(RDMA_READ_CONSUME_CHECK_CONSUMER) timestamp=1625 ms, used_size=5292032 bytes (12.9%)
(RDMA_READ_CONSUME_CHECK_CONSUMER) timestamp=1625 ms, used_size=5289984 bytes (12.9%)
(RDMA_READ_CONSUME_CHECK_CONSUMER) timestamp=1625 ms, used_size=5287936 bytes (12.9%)
(RDMA_READ_CONSUME_CHECK_CONSUMER) timestamp=1625 ms, used_size=5285888 bytes (12.9%)
(RDMA_READ_CONSUME_CHECK_CONSUMER) timestamp=1625 ms, used_size=5283840 bytes (12.9%)
(RDMA_READ_CONSUME_CHECK_CONSUMER) timestamp=1625 ms, used_size=5281792 bytes (12.9%)
(RDMA_READ_CONSUME_CHECK_CONSUMER) timestamp=1625 ms, used_size=5279744 bytes (12.9%)
(RDMA_READ_CONSUME_CHECK_CONSUMER) timestamp=1625 ms, used_size=5277696 bytes (12.9%)
(RDMA_READ_CONSUME_CHECK_CONSUMER) timestamp=1625 ms, used_size=5275648 bytes (12.9%)
(RDMA_READ_CONSUME_CHECK_CONSUMER) timestamp=1625 ms, used_size=5273600 bytes (12.9%)
(RDMA_READ_CONSUME_CHECK_CONSUMER) timestamp=1625 ms, used_size=5271552 bytes (12.9%)
(RDMA_READ_CONSUME_CHECK_CONSUMER) timestamp=1625 ms, used_size=5269504 bytes (12.9%)
(RDMA_READ_CONSUME_CHECK_CONSUMER) timestamp=1625 ms, used_size=5267456 bytes (12.9%)
(RDMA_READ_CONSUME_CHECK_CONSUMER) timestamp=1625 ms, used_size=5265408 bytes (12.9%)
(RDMA_READ_CONSUME_CHECK_CONSUMER) timestamp=1625 ms, used_size=5263360 bytes (12.8%)
(RDMA_READ_CONSUME_CHECK_CONSUMER) timestamp=1625 ms, used_size=5261312 bytes (12.8%)
(RDMA_READ_CONSUME_CHECK_CONSUMER) timestamp=1625 ms, used_size=5259264 bytes (12.8%)
(RDMA_READ_CONSUME_CHECK_CONSUMER) timestamp=1625 ms, used_size=5257216 bytes (12.8%)
(RDMA_READ_CONSUME_CHECK_CONSUMER) timestamp=1625 ms, used_size=5255168 bytes (12.8%)
(RDMA_READ_CONSUME_CHECK_CONSUMER) timestamp=1625 ms, used_size=5253120 bytes (12.8%)
(RDMA_READ_CONSUME_CHECK_CONSUMER) timestamp=1625 ms, used_size=5251072 bytes (12.8%)
(RDMA_READ_CONSUME_CHECK_CONSUMER) timestamp=1625 ms, used_size=5249024 bytes (12.8%)
(RDMA_READ_CONSUME_CHECK_CONSUMER) timestamp=1625 ms, used_size=5246976 bytes (12.8%)
(RDMA_READ_CONSUME_CHECK_CONSUMER) timestamp=1625 ms, used_size=5244928 bytes (12.8%)
(RDMA_READ_CONSUME_CHECK_CONSUMER) timestamp=1625 ms, used_size=5242880 bytes (12.8%)
(RDMA_READ_CONSUME_CHECK_CONSUMER) timestamp=1625 ms, used_size=5240832 bytes (12.8%)
(RDMA_READ_CONSUME_CHECK_CONSUMER) timestamp=1625 ms, used_size=5238784 bytes (12.8%)
(RDMA_READ_CONSUME_CHECK_CONSUMER) timestamp=1625 ms, used_size=5236736 bytes (12.8%)
(RDMA_READ_CONSUME_CHECK_CONSUMER) timestamp=1625 ms, used_size=5234688 bytes (12.8%)
(RDMA_READ_CONSUME_CHECK_CONSUMER) timestamp=1625 ms, used_size=5232640 bytes (12.8%)
(RDMA_READ_CONSUME_CHECK_CONSUMER) timestamp=1625 ms, used_size=5230592 bytes (12.8%)
(RDMA_READ_CONSUME_CHECK_CONSUMER) timestamp=1625 ms, used_size=5228544 bytes (12.8%)
(RDMA_READ_CONSUME_CHECK_CONSUMER) timestamp=1625 ms, used_size=5226496 bytes (12.8%)
(RDMA_READ_CONSUME_CHECK_CONSUMER) timestamp=1625 ms, used_size=5224448 bytes (12.8%)
(RDMA_READ_CONSUME_CHECK_CONSUMER) timestamp=1625 ms, used_size=5222400 bytes (12.8%)
(RDMA_READ_CONSUME_CHECK_CONSUMER) timestamp=1625 ms, used_size=5220352 bytes (12.7%)
(RDMA_READ_CONSUME_CHECK_CONSUMER) timestamp=1625 ms, used_size=5218304 bytes (12.7%)
(RDMA_READ_CONSUME_CHECK_CONSUMER) timestamp=1625 ms, used_size=5216256 bytes (12.7%)
(RDMA_READ_CONSUME_CHECK_CONSUMER) timestamp=1625 ms, used_size=5214208 bytes (12.7%)
(RDMA_READ_CONSUME_CHECK_CONSUMER) timestamp=1625 ms, used_size=5212160 bytes (12.7%)
(RDMA_READ_CONSUME_CHECK_CONSUMER) timestamp=1625 ms, used_size=5210112 bytes (12.7%)
(RDMA_READ_CONSUME_CHECK_CONSUMER) timestamp=1625 ms, used_size=5208064 bytes (12.7%)
(RDMA_READ_CONSUME_CHECK_CONSUMER) timestamp=1625 ms, used_size=5206016 bytes (12.7%)
(RDMA_READ_CONSUME_CHECK_CONSUMER) timestamp=1625 ms, used_size=5203968 bytes (12.7%)
(RDMA_READ_CONSUME_CHECK_CONSUMER) timestamp=1625 ms, used_size=5201920 bytes (12.7%)
(RDMA_READ_CONSUME_CHECK_CONSUMER) timestamp=1625 ms, used_size=5199872 bytes (12.7%)
(RDMA_READ_CONSUME_CHECK_CONSUMER) timestamp=1625 ms, used_size=5197824 bytes (12.7%)
(RDMA_READ_CONSUME_CHECK_CONSUMER) timestamp=1625 ms, used_size=5195776 bytes (12.7%)
(RDMA_READ_CONSUME_CHECK_CONSUMER) timestamp=1625 ms, used_size=5193728 bytes (12.7%)
(RDMA_READ_CONSUME_CHECK_CONSUMER) timestamp=1625 ms, used_size=5191680 bytes (12.7%)
(RDMA_READ_CONSUME_CHECK_CONSUMER) timestamp=1625 ms, used_size=5189632 bytes (12.7%)
(RDMA_READ_CONSUME_CHECK_CONSUMER) timestamp=1625 ms, used_size=5187584 bytes (12.7%)
(RDMA_READ_CONSUME_CHECK_CONSUMER) timestamp=1625 ms, used_size=5185536 bytes (12.7%)
(RDMA_READ_CONSUME_CHECK_CONSUMER) timestamp=1625 ms, used_size=5183488 bytes (12.7%)
(RDMA_READ_CONSUME_CHECK_CONSUMER) timestamp=1625 ms, used_size=5181440 bytes (12.7%)
(RDMA_READ_CONSUME_CHECK_CONSUMER) timestamp=1625 ms, used_size=5179392 bytes (12.6%)
(RDMA_READ_CONSUME_CHECK_CONSUMER) timestamp=1625 ms, used_size=5177344 bytes (12.6%)
(RDMA_READ_CONSUME_CHECK_CONSUMER) timestamp=1625 ms, used_size=5175296 bytes (12.6%)
(RDMA_READ_CONSUME_CHECK_CONSUMER) timestamp=1625 ms, used_size=5173248 bytes (12.6%)
(RDMA_READ_CONSUME_CHECK_CONSUMER) timestamp=1625 ms, used_size=5171200 bytes (12.6%)
(RDMA_READ_CONSUME_CHECK_CONSUMER) timestamp=1625 ms, used_size=5169152 bytes (12.6%)
(RDMA_READ_CONSUME_CHECK_CONSUMER) timestamp=1625 ms, used_size=5167104 bytes (12.6%)
(RDMA_READ_CONSUME_CHECK_CONSUMER) timestamp=1625 ms, used_size=5165056 bytes (12.6%)
(RDMA_READ_CONSUME_CHECK_CONSUMER) timestamp=1625 ms, used_size=5163008 bytes (12.6%)
(RDMA_READ_CONSUME_CHECK_CONSUMER) timestamp=1625 ms, used_size=5160960 bytes (12.6%)
(RDMA_READ_CONSUME_CHECK_CONSUMER) timestamp=1625 ms, used_size=5158912 bytes (12.6%)
(RDMA_READ_CONSUME_CHECK_CONSUMER) timestamp=1625 ms, used_size=5156864 bytes (12.6%)
(RDMA_READ_CONSUME_CHECK_CONSUMER) timestamp=1625 ms, used_size=5154816 bytes (12.6%)
(RDMA_READ_CONSUME_CHECK_CONSUMER) timestamp=1625 ms, used_size=5152768 bytes (12.6%)
(RDMA_READ_CONSUME_CHECK_CONSUMER) timestamp=1625 ms, used_size=5150720 bytes (12.6%)
(RDMA_READ_CONSUME_CHECK_CONSUMER) timestamp=1625 ms, used_size=5148672 bytes (12.6%)
(RDMA_READ_CONSUME_CHECK_CONSUMER) timestamp=1625 ms, used_size=5146624 bytes (12.6%)
(RDMA_READ_CONSUME_CHECK_CONSUMER) timestamp=1625 ms, used_size=5144576 bytes (12.6%)
(RDMA_READ_CONSUME_CHECK_CONSUMER) timestamp=1625 ms, used_size=5142528 bytes (12.6%)
(RDMA_READ_CONSUME_CHECK_CONSUMER) timestamp=1625 ms, used_size=5140480 bytes (12.6%)
(RDMA_READ_CONSUME_CHECK_CONSUMER) timestamp=1625 ms, used_size=5138432 bytes (12.5%)
(RDMA_READ_CONSUME_CHECK_CONSUMER) timestamp=1625 ms, used_size=5136384 bytes (12.5%)
(RDMA_READ_CONSUME_CHECK_CONSUMER) timestamp=1625 ms, used_size=5134336 bytes (12.5%)
(RDMA_READ_CONSUME_CHECK_CONSUMER) timestamp=1625 ms, used_size=5132288 bytes (12.5%)
(RDMA_READ_CONSUME_CHECK_CONSUMER) timestamp=1625 ms, used_size=5130240 bytes (12.5%)
(RDMA_READ_CONSUME_CHECK_CONSUMER) timestamp=1625 ms, used_size=5128192 bytes (12.5%)
(RDMA_READ_CONSUME_CHECK_CONSUMER) timestamp=1625 ms, used_size=5126144 bytes (12.5%)
(RDMA_READ_CONSUME_CHECK_CONSUMER) timestamp=1625 ms, used_size=5124096 bytes (12.5%)
(RDMA_READ_CONSUME_CHECK_CONSUMER) timestamp=1625 ms, used_size=5122048 bytes (12.5%)
(RDMA_READ_CONSUME_CHECK_CONSUMER) timestamp=1626 ms, used_size=5120000 bytes (12.5%)
(RDMA_READ_CONSUME_CHECK_CONSUMER) timestamp=1626 ms, used_size=5117952 bytes (12.5%)
(RDMA_READ_CONSUME_CHECK_CONSUMER) timestamp=1626 ms, used_size=5115904 bytes (12.5%)
(RDMA_READ_CONSUME_CHECK_CONSUMER) timestamp=1626 ms, used_size=5113856 bytes (12.5%)
(RDMA_READ_CONSUME_CHECK_CONSUMER) timestamp=1626 ms, used_size=5111808 bytes (12.5%)
(RDMA_READ_CONSUME_CHECK_CONSUMER) timestamp=1626 ms, used_size=5109760 bytes (12.5%)
(RDMA_READ_CONSUME_CHECK_CONSUMER) timestamp=1626 ms, used_size=5107712 bytes (12.5%)
(RDMA_READ_CONSUME_CHECK_CONSUMER) timestamp=1626 ms, used_size=5105664 bytes (12.5%)
(RDMA_READ_CONSUME_CHECK_CONSUMER) timestamp=1626 ms, used_size=5103616 bytes (12.5%)
(RDMA_READ_CONSUME_CHECK_CONSUMER) timestamp=1626 ms, used_size=5101568 bytes (12.5%)
(RDMA_READ_CONSUME_CHECK_CONSUMER) timestamp=1626 ms, used_size=5099520 bytes (12.4%)
(RDMA_READ_CONSUME_CHECK_CONSUMER) timestamp=1626 ms, used_size=5097472 bytes (12.4%)
(RDMA_READ_CONSUME_CHECK_CONSUMER) timestamp=1626 ms, used_size=5095424 bytes (12.4%)
(RDMA_READ_CONSUME_CHECK_CONSUMER) timestamp=1626 ms, used_size=5093376 bytes (12.4%)
(RDMA_READ_CONSUME_CHECK_CONSUMER) timestamp=1626 ms, used_size=5091328 bytes (12.4%)
(RDMA_READ_CONSUME_CHECK_CONSUMER) timestamp=1626 ms, used_size=5089280 bytes (12.4%)
(RDMA_READ_CONSUME_CHECK_CONSUMER) timestamp=1626 ms, used_size=5087232 bytes (12.4%)
(RDMA_READ_CONSUME_CHECK_CONSUMER) timestamp=1626 ms, used_size=5085184 bytes (12.4%)
(RDMA_READ_CONSUME_CHECK_CONSUMER) timestamp=1626 ms, used_size=5083136 bytes (12.4%)
(RDMA_READ_CONSUME_CHECK_CONSUMER) timestamp=1626 ms, used_size=5081088 bytes (12.4%)
(RDMA_READ_CONSUME_CHECK_CONSUMER) timestamp=1626 ms, used_size=5079040 bytes (12.4%)
(RDMA_READ_CONSUME_CHECK_CONSUMER) timestamp=1626 ms, used_size=5076992 bytes (12.4%)
(RDMA_READ_CONSUME_CHECK_CONSUMER) timestamp=1626 ms, used_size=5074944 bytes (12.4%)
(RDMA_READ_CONSUME_CHECK_CONSUMER) timestamp=1626 ms, used_size=5072896 bytes (12.4%)
(RDMA_READ_CONSUME_CHECK_CONSUMER) timestamp=1626 ms, used_size=5070848 bytes (12.4%)
(RDMA_READ_CONSUME_CHECK_CONSUMER) timestamp=1626 ms, used_size=5068800 bytes (12.4%)
(RDMA_READ_CONSUME_CHECK_CONSUMER) timestamp=1626 ms, used_size=5066752 bytes (12.4%)
(RDMA_READ_CONSUME_CHECK_CONSUMER) timestamp=1626 ms, used_size=5064704 bytes (12.4%)
(RDMA_READ_CONSUME_CHECK_CONSUMER) timestamp=1626 ms, used_size=5062656 bytes (12.4%)
(RDMA_READ_CONSUME_CHECK_CONSUMER) timestamp=1626 ms, used_size=5060608 bytes (12.4%)
(RDMA_READ_CONSUME_CHECK_CONSUMER) timestamp=1626 ms, used_size=5058560 bytes (12.3%)
(RDMA_READ_CONSUME_CHECK_CONSUMER) timestamp=1626 ms, used_size=5056512 bytes (12.3%)
(RDMA_READ_CONSUME_CHECK_CONSUMER) timestamp=1626 ms, used_size=5054464 bytes (12.3%)
(RDMA_READ_CONSUME_CHECK_CONSUMER) timestamp=1626 ms, used_size=5052416 bytes (12.3%)
(RDMA_READ_CONSUME_CHECK_CONSUMER) timestamp=1626 ms, used_size=5050368 bytes (12.3%)
(RDMA_READ_CONSUME_CHECK_CONSUMER) timestamp=1626 ms, used_size=5048320 bytes (12.3%)
(RDMA_READ_CONSUME_CHECK_CONSUMER) timestamp=1626 ms, used_size=5046272 bytes (12.3%)
(RDMA_READ_CONSUME_CHECK_CONSUMER) timestamp=1626 ms, used_size=5044224 bytes (12.3%)
(RDMA_READ_CONSUME_CHECK_CONSUMER) timestamp=1626 ms, used_size=5042176 bytes (12.3%)
(RDMA_READ_CONSUME_CHECK_CONSUMER) timestamp=1626 ms, used_size=5040128 bytes (12.3%)
(RDMA_READ_CONSUME_CHECK_CONSUMER) timestamp=1626 ms, used_size=5038080 bytes (12.3%)
(RDMA_READ_CONSUME_CHECK_CONSUMER) timestamp=1626 ms, used_size=5036032 bytes (12.3%)
(RDMA_READ_CONSUME_CHECK_CONSUMER) timestamp=1626 ms, used_size=5033984 bytes (12.3%)
(RDMA_READ_CONSUME_CHECK_CONSUMER) timestamp=1626 ms, used_size=5031936 bytes (12.3%)
(RDMA_READ_CONSUME_CHECK_CONSUMER) timestamp=1626 ms, used_size=5029888 bytes (12.3%)
(RDMA_READ_CONSUME_CHECK_CONSUMER) timestamp=1626 ms, used_size=5027840 bytes (12.3%)
(RDMA_READ_CONSUME_CHECK_CONSUMER) timestamp=1626 ms, used_size=5025792 bytes (12.3%)
(RDMA_READ_CONSUME_CHECK_CONSUMER) timestamp=1626 ms, used_size=5023744 bytes (12.3%)
(RDMA_READ_CONSUME_CHECK_CONSUMER) timestamp=1626 ms, used_size=5021696 bytes (12.3%)
(RDMA_READ_CONSUME_CHECK_CONSUMER) timestamp=1626 ms, used_size=5019648 bytes (12.3%)
(RDMA_READ_CONSUME_CHECK_CONSUMER) timestamp=1626 ms, used_size=5017600 bytes (12.2%)
(RDMA_READ_CONSUME_CHECK_CONSUMER) timestamp=1626 ms, used_size=5015552 bytes (12.2%)
(RDMA_READ_CONSUME_CHECK_CONSUMER) timestamp=1626 ms, used_size=5013504 bytes (12.2%)
(RDMA_READ_CONSUME_CHECK_CONSUMER) timestamp=1626 ms, used_size=5011456 bytes (12.2%)
(RDMA_READ_CONSUME_CHECK_CONSUMER) timestamp=1626 ms, used_size=5009408 bytes (12.2%)
(RDMA_READ_CONSUME_CHECK_CONSUMER) timestamp=1626 ms, used_size=5007360 bytes (12.2%)
(RDMA_READ_CONSUME_CHECK_CONSUMER) timestamp=1626 ms, used_size=5005312 bytes (12.2%)
(RDMA_READ_CONSUME_CHECK_CONSUMER) timestamp=1626 ms, used_size=5003264 bytes (12.2%)
(RDMA_READ_CONSUME_CHECK_CONSUMER) timestamp=1626 ms, used_size=5001216 bytes (12.2%)
(RDMA_READ_CONSUME_CHECK_CONSUMER) timestamp=1626 ms, used_size=4999168 bytes (12.2%)
(RDMA_READ_CONSUME_CHECK_CONSUMER) timestamp=1626 ms, used_size=4997120 bytes (12.2%)
(RDMA_READ_CONSUME_CHECK_CONSUMER) timestamp=1626 ms, used_size=4995072 bytes (12.2%)
(RDMA_READ_CONSUME_CHECK_CONSUMER) timestamp=1626 ms, used_size=4993024 bytes (12.2%)
(RDMA_READ_CONSUME_CHECK_CONSUMER) timestamp=1626 ms, used_size=4990976 bytes (12.2%)
(RDMA_READ_CONSUME_CHECK_CONSUMER) timestamp=1626 ms, used_size=4988928 bytes (12.2%)
(RDMA_READ_CONSUME_CHECK_CONSUMER) timestamp=1626 ms, used_size=4986880 bytes (12.2%)
(RDMA_READ_CONSUME_CHECK_CONSUMER) timestamp=1626 ms, used_size=4984832 bytes (12.2%)
(RDMA_READ_CONSUME_CHECK_CONSUMER) timestamp=1626 ms, used_size=4982784 bytes (12.2%)
(RDMA_READ_CONSUME_CHECK_CONSUMER) timestamp=1626 ms, used_size=4980736 bytes (12.2%)
(RDMA_READ_CONSUME_CHECK_CONSUMER) timestamp=1626 ms, used_size=4978688 bytes (12.2%)
(RDMA_READ_CONSUME_CHECK_CONSUMER) timestamp=1626 ms, used_size=4976640 bytes (12.2%)
(RDMA_READ_CONSUME_CHECK_CONSUMER) timestamp=1626 ms, used_size=4974592 bytes (12.1%)
(RDMA_READ_CONSUME_CHECK_CONSUMER) timestamp=1626 ms, used_size=4972544 bytes (12.1%)
(RDMA_READ_CONSUME_CHECK_CONSUMER) timestamp=1626 ms, used_size=4970496 bytes (12.1%)
(RDMA_READ_CONSUME_CHECK_CONSUMER) timestamp=1626 ms, used_size=4968448 bytes (12.1%)
(RDMA_READ_CONSUME_CHECK_CONSUMER) timestamp=1626 ms, used_size=4966400 bytes (12.1%)
(RDMA_READ_CONSUME_CHECK_CONSUMER) timestamp=1626 ms, used_size=4964352 bytes (12.1%)
(RDMA_READ_CONSUME_CHECK_CONSUMER) timestamp=1626 ms, used_size=4962304 bytes (12.1%)
(RDMA_READ_CONSUME_CHECK_CONSUMER) timestamp=1626 ms, used_size=4960256 bytes (12.1%)
(RDMA_READ_CONSUME_CHECK_CONSUMER) timestamp=1626 ms, used_size=4958208 bytes (12.1%)
(RDMA_READ_CONSUME_CHECK_CONSUMER) timestamp=1626 ms, used_size=4956160 bytes (12.1%)
(RDMA_READ_CONSUME_CHECK_CONSUMER) timestamp=1626 ms, used_size=4954112 bytes (12.1%)
(RDMA_READ_CONSUME_CHECK_CONSUMER) timestamp=1626 ms, used_size=4952064 bytes (12.1%)
(RDMA_READ_CONSUME_CHECK_CONSUMER) timestamp=1626 ms, used_size=4950016 bytes (12.1%)
(RDMA_READ_CONSUME_CHECK_CONSUMER) timestamp=1626 ms, used_size=4947968 bytes (12.1%)
(RDMA_READ_CONSUME_CHECK_CONSUMER) timestamp=1626 ms, used_size=4945920 bytes (12.1%)
(RDMA_READ_CONSUME_CHECK_CONSUMER) timestamp=1626 ms, used_size=4943872 bytes (12.1%)
(RDMA_READ_CONSUME_CHECK_CONSUMER) timestamp=1626 ms, used_size=4941824 bytes (12.1%)
(RDMA_READ_CONSUME_CHECK_CONSUMER) timestamp=1626 ms, used_size=4939776 bytes (12.1%)
(RDMA_READ_CONSUME_CHECK_CONSUMER) timestamp=1626 ms, used_size=4937728 bytes (12.1%)
(RDMA_READ_CONSUME_CHECK_CONSUMER) timestamp=1626 ms, used_size=4935680 bytes (12.1%)
(RDMA_READ_CONSUME_CHECK_CONSUMER) timestamp=1626 ms, used_size=4933632 bytes (12.0%)
(RDMA_READ_CONSUME_CHECK_CONSUMER) timestamp=1626 ms, used_size=4931584 bytes (12.0%)
(RDMA_READ_CONSUME_CHECK_CONSUMER) timestamp=1626 ms, used_size=4929536 bytes (12.0%)
(RDMA_READ_CONSUME_CHECK_CONSUMER) timestamp=1626 ms, used_size=4927488 bytes (12.0%)
(RDMA_READ_CONSUME_CHECK_CONSUMER) timestamp=1626 ms, used_size=4925440 bytes (12.0%)
(RDMA_READ_CONSUME_CHECK_CONSUMER) timestamp=1626 ms, used_size=4923392 bytes (12.0%)
(RDMA_READ_CONSUME_CHECK_CONSUMER) timestamp=1626 ms, used_size=4921344 bytes (12.0%)
(RDMA_READ_CONSUME_CHECK_CONSUMER) timestamp=1626 ms, used_size=4919296 bytes (12.0%)
(RDMA_READ_CONSUME_CHECK_CONSUMER) timestamp=1626 ms, used_size=4917248 bytes (12.0%)
(RDMA_READ_CONSUME_CHECK_CONSUMER) timestamp=1626 ms, used_size=4915200 bytes (12.0%)
(RDMA_READ_CONSUME_CHECK_CONSUMER) timestamp=1626 ms, used_size=4913152 bytes (12.0%)
(RDMA_READ_CONSUME_CHECK_CONSUMER) timestamp=1626 ms, used_size=4911104 bytes (12.0%)
(RDMA_READ_CONSUME_CHECK_CONSUMER) timestamp=1626 ms, used_size=4909056 bytes (12.0%)
(RDMA_READ_CONSUME_CHECK_CONSUMER) timestamp=1626 ms, used_size=4907008 bytes (12.0%)
(RDMA_READ_CONSUME_CHECK_CONSUMER) timestamp=1626 ms, used_size=4904960 bytes (12.0%)
(RDMA_READ_CONSUME_CHECK_CONSUMER) timestamp=1626 ms, used_size=4902912 bytes (12.0%)
(RDMA_READ_CONSUME_CHECK_CONSUMER) timestamp=1626 ms, used_size=4900864 bytes (12.0%)
(RDMA_READ_CONSUME_CHECK_CONSUMER) timestamp=1626 ms, used_size=4898816 bytes (12.0%)
(RDMA_READ_CONSUME_CHECK_CONSUMER) timestamp=1626 ms, used_size=4896768 bytes (12.0%)
(RDMA_READ_CONSUME_CHECK_CONSUMER) timestamp=1626 ms, used_size=4894720 bytes (11.9%)
(RDMA_READ_CONSUME_CHECK_CONSUMER) timestamp=1626 ms, used_size=4892672 bytes (11.9%)
(RDMA_READ_CONSUME_CHECK_CONSUMER) timestamp=1626 ms, used_size=4890624 bytes (11.9%)
(RDMA_READ_CONSUME_CHECK_CONSUMER) timestamp=1626 ms, used_size=4888576 bytes (11.9%)
(RDMA_READ_CONSUME_CHECK_CONSUMER) timestamp=1626 ms, used_size=4886528 bytes (11.9%)
(RDMA_READ_CONSUME_CHECK_CONSUMER) timestamp=1626 ms, used_size=4884480 bytes (11.9%)
(RDMA_READ_CONSUME_CHECK_CONSUMER) timestamp=1626 ms, used_size=4882432 bytes (11.9%)
(RDMA_READ_CONSUME_CHECK_CONSUMER) timestamp=1626 ms, used_size=4880384 bytes (11.9%)
(RDMA_READ_CONSUME_CHECK_CONSUMER) timestamp=1626 ms, used_size=4878336 bytes (11.9%)
(RDMA_READ_CONSUME_CHECK_CONSUMER) timestamp=1626 ms, used_size=4876288 bytes (11.9%)
(RDMA_READ_CONSUME_CHECK_CONSUMER) timestamp=1626 ms, used_size=4874240 bytes (11.9%)
(RDMA_READ_CONSUME_CHECK_CONSUMER) timestamp=1626 ms, used_size=4872192 bytes (11.9%)
(RDMA_READ_CONSUME_CHECK_CONSUMER) timestamp=1626 ms, used_size=4870144 bytes (11.9%)
(RDMA_READ_CONSUME_CHECK_CONSUMER) timestamp=1626 ms, used_size=4868096 bytes (11.9%)
(RDMA_READ_CONSUME_CHECK_CONSUMER) timestamp=1626 ms, used_size=4866048 bytes (11.9%)
(RDMA_READ_CONSUME_CHECK_CONSUMER) timestamp=1626 ms, used_size=4864000 bytes (11.9%)
(RDMA_READ_CONSUME_CHECK_CONSUMER) timestamp=1626 ms, used_size=4861952 bytes (11.9%)
(RDMA_READ_CONSUME_CHECK_CONSUMER) timestamp=1626 ms, used_size=4859904 bytes (11.9%)
(RDMA_READ_CONSUME_CHECK_CONSUMER) timestamp=1626 ms, used_size=4857856 bytes (11.9%)
(RDMA_READ_CONSUME_CHECK_CONSUMER) timestamp=1626 ms, used_size=4855808 bytes (11.9%)
(RDMA_READ_CONSUME_CHECK_CONSUMER) timestamp=1626 ms, used_size=4853760 bytes (11.8%)
(RDMA_READ_CONSUME_CHECK_CONSUMER) timestamp=1626 ms, used_size=4851712 bytes (11.8%)
(RDMA_READ_CONSUME_CHECK_CONSUMER) timestamp=1626 ms, used_size=4849664 bytes (11.8%)
(RDMA_READ_CONSUME_CHECK_CONSUMER) timestamp=1626 ms, used_size=4847616 bytes (11.8%)
(RDMA_READ_CONSUME_CHECK_CONSUMER) timestamp=1626 ms, used_size=4845568 bytes (11.8%)
(RDMA_READ_CONSUME_CHECK_CONSUMER) timestamp=1626 ms, used_size=4843520 bytes (11.8%)
(RDMA_READ_CONSUME_CHECK_CONSUMER) timestamp=1626 ms, used_size=4841472 bytes (11.8%)
(RDMA_READ_CONSUME_CHECK_CONSUMER) timestamp=1626 ms, used_size=4839424 bytes (11.8%)
(RDMA_READ_CONSUME_CHECK_CONSUMER) timestamp=1626 ms, used_size=4837376 bytes (11.8%)
(RDMA_READ_CONSUME_CHECK_CONSUMER) timestamp=1626 ms, used_size=4835328 bytes (11.8%)
(RDMA_READ_CONSUME_CHECK_CONSUMER) timestamp=1626 ms, used_size=4833280 bytes (11.8%)
(RDMA_READ_CONSUME_CHECK_CONSUMER) timestamp=1626 ms, used_size=4831232 bytes (11.8%)
(RDMA_READ_CONSUME_CHECK_CONSUMER) timestamp=1626 ms, used_size=4829184 bytes (11.8%)
(RDMA_READ_CONSUME_CHECK_CONSUMER) timestamp=1626 ms, used_size=4827136 bytes (11.8%)
(RDMA_READ_CONSUME_CHECK_CONSUMER) timestamp=1626 ms, used_size=4825088 bytes (11.8%)
(RDMA_READ_CONSUME_CHECK_CONSUMER) timestamp=1626 ms, used_size=4823040 bytes (11.8%)
(RDMA_READ_CONSUME_CHECK_CONSUMER) timestamp=1626 ms, used_size=4820992 bytes (11.8%)
(RDMA_READ_CONSUME_CHECK_CONSUMER) timestamp=1626 ms, used_size=4818944 bytes (11.8%)
(RDMA_READ_CONSUME_CHECK_CONSUMER) timestamp=1626 ms, used_size=4816896 bytes (11.8%)
(RDMA_READ_CONSUME_CHECK_CONSUMER) timestamp=1626 ms, used_size=4814848 bytes (11.8%)
(RDMA_READ_CONSUME_CHECK_CONSUMER) timestamp=1626 ms, used_size=4812800 bytes (11.8%)
(RDMA_READ_CONSUME_CHECK_CONSUMER) timestamp=1626 ms, used_size=4810752 bytes (11.7%)
(RDMA_READ_CONSUME_CHECK_CONSUMER) timestamp=1626 ms, used_size=4808704 bytes (11.7%)
(RDMA_READ_CONSUME_CHECK_CONSUMER) timestamp=1626 ms, used_size=4806656 bytes (11.7%)
(RDMA_READ_CONSUME_CHECK_CONSUMER) timestamp=1626 ms, used_size=4804608 bytes (11.7%)
(RDMA_READ_CONSUME_CHECK_CONSUMER) timestamp=1626 ms, used_size=4802560 bytes (11.7%)
(RDMA_READ_CONSUME_CHECK_CONSUMER) timestamp=1626 ms, used_size=4800512 bytes (11.7%)
(RDMA_READ_CONSUME_CHECK_CONSUMER) timestamp=1626 ms, used_size=4798464 bytes (11.7%)
(RDMA_READ_CONSUME_CHECK_CONSUMER) timestamp=1626 ms, used_size=4796416 bytes (11.7%)
(RDMA_READ_CONSUME_CHECK_CONSUMER) timestamp=1626 ms, used_size=4794368 bytes (11.7%)
(RDMA_READ_CONSUME_CHECK_CONSUMER) timestamp=1626 ms, used_size=4792320 bytes (11.7%)
(RDMA_READ_CONSUME_CHECK_CONSUMER) timestamp=1626 ms, used_size=4790272 bytes (11.7%)
(RDMA_READ_CONSUME_CHECK_CONSUMER) timestamp=1626 ms, used_size=4788224 bytes (11.7%)
(RDMA_READ_CONSUME_CHECK_CONSUMER) timestamp=1626 ms, used_size=4786176 bytes (11.7%)
(RDMA_READ_CONSUME_CHECK_CONSUMER) timestamp=1626 ms, used_size=4784128 bytes (11.7%)
(RDMA_READ_CONSUME_CHECK_CONSUMER) timestamp=1626 ms, used_size=4782080 bytes (11.7%)
(RDMA_READ_CONSUME_CHECK_CONSUMER) timestamp=1626 ms, used_size=4780032 bytes (11.7%)
(RDMA_READ_CONSUME_CHECK_CONSUMER) timestamp=1626 ms, used_size=4777984 bytes (11.7%)
(RDMA_READ_CONSUME_CHECK_CONSUMER) timestamp=1626 ms, used_size=4775936 bytes (11.7%)
(RDMA_READ_CONSUME_CHECK_CONSUMER) timestamp=1626 ms, used_size=4773888 bytes (11.7%)
(RDMA_READ_CONSUME_CHECK_CONSUMER) timestamp=1626 ms, used_size=4771840 bytes (11.7%)
(RDMA_READ_CONSUME_CHECK_CONSUMER) timestamp=1626 ms, used_size=4769792 bytes (11.6%)
(RDMA_READ_CONSUME_CHECK_CONSUMER) timestamp=1626 ms, used_size=4767744 bytes (11.6%)
(RDMA_READ_CONSUME_CHECK_CONSUMER) timestamp=1626 ms, used_size=4765696 bytes (11.6%)
(RDMA_READ_CONSUME_CHECK_CONSUMER) timestamp=1626 ms, used_size=4763648 bytes (11.6%)
(RDMA_READ_CONSUME_CHECK_CONSUMER) timestamp=1626 ms, used_size=4761600 bytes (11.6%)
(RDMA_READ_CONSUME_CHECK_CONSUMER) timestamp=1626 ms, used_size=4759552 bytes (11.6%)
(RDMA_READ_CONSUME_CHECK_CONSUMER) timestamp=1626 ms, used_size=4757504 bytes (11.6%)
(RDMA_READ_CONSUME_CHECK_CONSUMER) timestamp=1626 ms, used_size=4755456 bytes (11.6%)
(RDMA_READ_CONSUME_CHECK_CONSUMER) timestamp=1626 ms, used_size=4753408 bytes (11.6%)
(RDMA_READ_CONSUME_CHECK_CONSUMER) timestamp=1626 ms, used_size=4751360 bytes (11.6%)
(RDMA_READ_CONSUME_CHECK_CONSUMER) timestamp=1626 ms, used_size=4749312 bytes (11.6%)
(RDMA_READ_CONSUME_CHECK_CONSUMER) timestamp=1626 ms, used_size=4747264 bytes (11.6%)
(RDMA_READ_CONSUME_CHECK_CONSUMER) timestamp=1626 ms, used_size=4745216 bytes (11.6%)
(RDMA_READ_CONSUME_CHECK_CONSUMER) timestamp=1626 ms, used_size=4743168 bytes (11.6%)
(RDMA_READ_CONSUME_CHECK_CONSUMER) timestamp=1627 ms, used_size=4741120 bytes (11.6%)
(RDMA_READ_CONSUME_CHECK_CONSUMER) timestamp=1627 ms, used_size=4739072 bytes (11.6%)
(RDMA_READ_CONSUME_CHECK_CONSUMER) timestamp=1627 ms, used_size=4737024 bytes (11.6%)
(RDMA_READ_CONSUME_CHECK_CONSUMER) timestamp=1627 ms, used_size=4734976 bytes (11.6%)
(RDMA_READ_CONSUME_CHECK_CONSUMER) timestamp=1627 ms, used_size=4732928 bytes (11.6%)
(RDMA_READ_CONSUME_CHECK_CONSUMER) timestamp=1627 ms, used_size=4730880 bytes (11.6%)
(RDMA_READ_CONSUME_CHECK_CONSUMER) timestamp=1627 ms, used_size=4728832 bytes (11.5%)
(RDMA_READ_CONSUME_CHECK_CONSUMER) timestamp=1627 ms, used_size=4726784 bytes (11.5%)
(RDMA_READ_CONSUME_CHECK_CONSUMER) timestamp=1627 ms, used_size=4724736 bytes (11.5%)
(RDMA_READ_CONSUME_CHECK_CONSUMER) timestamp=1627 ms, used_size=4722688 bytes (11.5%)
(RDMA_READ_CONSUME_CHECK_CONSUMER) timestamp=1627 ms, used_size=4720640 bytes (11.5%)
(RDMA_READ_CONSUME_CHECK_CONSUMER) timestamp=1627 ms, used_size=4718592 bytes (11.5%)
(RDMA_READ_CONSUME_CHECK_CONSUMER) timestamp=1627 ms, used_size=4716544 bytes (11.5%)
(RDMA_READ_CONSUME_CHECK_CONSUMER) timestamp=1627 ms, used_size=4714496 bytes (11.5%)
(RDMA_READ_CONSUME_CHECK_CONSUMER) timestamp=1627 ms, used_size=4712448 bytes (11.5%)
(RDMA_READ_CONSUME_CHECK_CONSUMER) timestamp=1627 ms, used_size=4710400 bytes (11.5%)
(RDMA_READ_CONSUME_CHECK_CONSUMER) timestamp=1627 ms, used_size=4708352 bytes (11.5%)
(RDMA_READ_CONSUME_CHECK_CONSUMER) timestamp=1627 ms, used_size=4706304 bytes (11.5%)
(RDMA_READ_CONSUME_CHECK_CONSUMER) timestamp=1627 ms, used_size=4704256 bytes (11.5%)
(RDMA_READ_CONSUME_CHECK_CONSUMER) timestamp=1627 ms, used_size=4702208 bytes (11.5%)
(RDMA_READ_CONSUME_CHECK_CONSUMER) timestamp=1627 ms, used_size=4700160 bytes (11.5%)
(RDMA_READ_CONSUME_CHECK_CONSUMER) timestamp=1627 ms, used_size=4698112 bytes (11.5%)
(RDMA_READ_CONSUME_CHECK_CONSUMER) timestamp=1627 ms, used_size=4696064 bytes (11.5%)
(RDMA_READ_CONSUME_CHECK_CONSUMER) timestamp=1627 ms, used_size=4694016 bytes (11.5%)
(RDMA_READ_CONSUME_CHECK_CONSUMER) timestamp=1627 ms, used_size=4691968 bytes (11.5%)
(RDMA_READ_CONSUME_CHECK_CONSUMER) timestamp=1627 ms, used_size=4689920 bytes (11.4%)
(RDMA_READ_CONSUME_CHECK_CONSUMER) timestamp=1627 ms, used_size=4687872 bytes (11.4%)
(RDMA_READ_CONSUME_CHECK_CONSUMER) timestamp=1627 ms, used_size=4685824 bytes (11.4%)
(RDMA_READ_CONSUME_CHECK_CONSUMER) timestamp=1627 ms, used_size=4683776 bytes (11.4%)
(RDMA_READ_CONSUME_CHECK_CONSUMER) timestamp=1627 ms, used_size=4681728 bytes (11.4%)
(RDMA_READ_CONSUME_CHECK_CONSUMER) timestamp=1627 ms, used_size=4679680 bytes (11.4%)
(RDMA_READ_CONSUME_CHECK_CONSUMER) timestamp=1627 ms, used_size=4677632 bytes (11.4%)
(RDMA_READ_CONSUME_CHECK_CONSUMER) timestamp=1627 ms, used_size=4675584 bytes (11.4%)
(RDMA_READ_CONSUME_CHECK_CONSUMER) timestamp=1627 ms, used_size=4673536 bytes (11.4%)
(RDMA_READ_CONSUME_CHECK_CONSUMER) timestamp=1627 ms, used_size=4671488 bytes (11.4%)
(RDMA_READ_CONSUME_CHECK_CONSUMER) timestamp=1627 ms, used_size=4669440 bytes (11.4%)
(RDMA_READ_CONSUME_CHECK_CONSUMER) timestamp=1627 ms, used_size=4667392 bytes (11.4%)
(RDMA_READ_CONSUME_CHECK_CONSUMER) timestamp=1627 ms, used_size=4665344 bytes (11.4%)
(RDMA_READ_CONSUME_CHECK_CONSUMER) timestamp=1627 ms, used_size=4663296 bytes (11.4%)
(RDMA_READ_CONSUME_CHECK_CONSUMER) timestamp=1627 ms, used_size=4661248 bytes (11.4%)
(RDMA_READ_CONSUME_CHECK_CONSUMER) timestamp=1627 ms, used_size=4659200 bytes (11.4%)
(RDMA_READ_CONSUME_CHECK_CONSUMER) timestamp=1627 ms, used_size=4657152 bytes (11.4%)
(RDMA_READ_CONSUME_CHECK_CONSUMER) timestamp=1627 ms, used_size=4655104 bytes (11.4%)
(RDMA_READ_CONSUME_CHECK_CONSUMER) timestamp=1627 ms, used_size=4653056 bytes (11.4%)
(RDMA_READ_CONSUME_CHECK_CONSUMER) timestamp=1627 ms, used_size=4651008 bytes (11.4%)
(RDMA_READ_CONSUME_CHECK_CONSUMER) timestamp=1627 ms, used_size=4648960 bytes (11.3%)
(RDMA_READ_CONSUME_CHECK_CONSUMER) timestamp=1627 ms, used_size=4646912 bytes (11.3%)
(RDMA_READ_CONSUME_CHECK_CONSUMER) timestamp=1627 ms, used_size=4644864 bytes (11.3%)
(RDMA_READ_CONSUME_CHECK_CONSUMER) timestamp=1627 ms, used_size=4642816 bytes (11.3%)
(RDMA_READ_CONSUME_CHECK_CONSUMER) timestamp=1627 ms, used_size=4640768 bytes (11.3%)
(RDMA_READ_CONSUME_CHECK_CONSUMER) timestamp=1627 ms, used_size=4638720 bytes (11.3%)
(RDMA_READ_CONSUME_CHECK_CONSUMER) timestamp=1627 ms, used_size=4636672 bytes (11.3%)
(RDMA_READ_CONSUME_CHECK_CONSUMER) timestamp=1627 ms, used_size=4634624 bytes (11.3%)
(RDMA_READ_CONSUME_CHECK_CONSUMER) timestamp=1627 ms, used_size=4632576 bytes (11.3%)
(RDMA_READ_CONSUME_CHECK_CONSUMER) timestamp=1627 ms, used_size=4630528 bytes (11.3%)
(RDMA_READ_CONSUME_CHECK_CONSUMER) timestamp=1627 ms, used_size=4628480 bytes (11.3%)
(RDMA_READ_CONSUME_CHECK_CONSUMER) timestamp=1627 ms, used_size=4626432 bytes (11.3%)
(RDMA_READ_CONSUME_CHECK_CONSUMER) timestamp=1627 ms, used_size=4624384 bytes (11.3%)
(RDMA_READ_CONSUME_CHECK_CONSUMER) timestamp=1627 ms, used_size=4622336 bytes (11.3%)
(RDMA_READ_CONSUME_CHECK_CONSUMER) timestamp=1627 ms, used_size=4620288 bytes (11.3%)
(RDMA_READ_CONSUME_CHECK_CONSUMER) timestamp=1627 ms, used_size=4618240 bytes (11.3%)
(RDMA_READ_CONSUME_CHECK_CONSUMER) timestamp=1627 ms, used_size=4616192 bytes (11.3%)
(RDMA_READ_CONSUME_CHECK_CONSUMER) timestamp=1627 ms, used_size=4614144 bytes (11.3%)
(RDMA_READ_CONSUME_CHECK_CONSUMER) timestamp=1627 ms, used_size=4612096 bytes (11.3%)
(RDMA_READ_CONSUME_CHECK_CONSUMER) timestamp=1627 ms, used_size=4610048 bytes (11.3%)
(RDMA_READ_CONSUME_CHECK_CONSUMER) timestamp=1627 ms, used_size=4608000 bytes (11.2%)
(RDMA_READ_CONSUME_CHECK_CONSUMER) timestamp=1627 ms, used_size=4605952 bytes (11.2%)
(RDMA_READ_CONSUME_CHECK_CONSUMER) timestamp=1627 ms, used_size=4603904 bytes (11.2%)
(RDMA_READ_CONSUME_CHECK_CONSUMER) timestamp=1627 ms, used_size=4601856 bytes (11.2%)
(RDMA_READ_CONSUME_CHECK_CONSUMER) timestamp=1627 ms, used_size=4599808 bytes (11.2%)
(RDMA_READ_CONSUME_CHECK_CONSUMER) timestamp=1627 ms, used_size=4597760 bytes (11.2%)
(RDMA_READ_CONSUME_CHECK_CONSUMER) timestamp=1627 ms, used_size=4595712 bytes (11.2%)
(RDMA_READ_CONSUME_CHECK_CONSUMER) timestamp=1627 ms, used_size=4593664 bytes (11.2%)
(RDMA_READ_CONSUME_CHECK_CONSUMER) timestamp=1627 ms, used_size=4591616 bytes (11.2%)
(RDMA_READ_CONSUME_CHECK_CONSUMER) timestamp=1627 ms, used_size=4589568 bytes (11.2%)
(RDMA_READ_CONSUME_CHECK_CONSUMER) timestamp=1627 ms, used_size=4587520 bytes (11.2%)
(RDMA_READ_CONSUME_CHECK_CONSUMER) timestamp=1627 ms, used_size=4585472 bytes (11.2%)
(RDMA_READ_CONSUME_CHECK_CONSUMER) timestamp=1627 ms, used_size=4583424 bytes (11.2%)
(RDMA_READ_CONSUME_CHECK_CONSUMER) timestamp=1627 ms, used_size=4581376 bytes (11.2%)
(RDMA_READ_CONSUME_CHECK_CONSUMER) timestamp=1627 ms, used_size=4579328 bytes (11.2%)
(RDMA_READ_CONSUME_CHECK_CONSUMER) timestamp=1627 ms, used_size=4577280 bytes (11.2%)
(RDMA_READ_CONSUME_CHECK_CONSUMER) timestamp=1627 ms, used_size=4575232 bytes (11.2%)
(RDMA_READ_CONSUME_CHECK_CONSUMER) timestamp=1627 ms, used_size=4573184 bytes (11.2%)
(RDMA_READ_CONSUME_CHECK_CONSUMER) timestamp=1627 ms, used_size=4571136 bytes (11.2%)
(RDMA_READ_CONSUME_CHECK_CONSUMER) timestamp=1627 ms, used_size=4569088 bytes (11.2%)
(RDMA_READ_CONSUME_CHECK_CONSUMER) timestamp=1627 ms, used_size=4567040 bytes (11.2%)
(RDMA_READ_CONSUME_CHECK_CONSUMER) timestamp=1627 ms, used_size=4564992 bytes (11.1%)
(RDMA_READ_CONSUME_CHECK_CONSUMER) timestamp=1627 ms, used_size=4562944 bytes (11.1%)
(RDMA_READ_CONSUME_CHECK_CONSUMER) timestamp=1627 ms, used_size=4560896 bytes (11.1%)
(RDMA_READ_CONSUME_CHECK_CONSUMER) timestamp=1627 ms, used_size=4558848 bytes (11.1%)
(RDMA_READ_CONSUME_CHECK_CONSUMER) timestamp=1627 ms, used_size=4556800 bytes (11.1%)
(RDMA_READ_CONSUME_CHECK_CONSUMER) timestamp=1627 ms, used_size=4554752 bytes (11.1%)
(RDMA_READ_CONSUME_CHECK_CONSUMER) timestamp=1627 ms, used_size=4552704 bytes (11.1%)
(RDMA_READ_CONSUME_CHECK_CONSUMER) timestamp=1627 ms, used_size=4550656 bytes (11.1%)
(RDMA_READ_CONSUME_CHECK_CONSUMER) timestamp=1627 ms, used_size=4548608 bytes (11.1%)
(RDMA_READ_CONSUME_CHECK_CONSUMER) timestamp=1627 ms, used_size=4546560 bytes (11.1%)
(RDMA_READ_CONSUME_CHECK_CONSUMER) timestamp=1627 ms, used_size=4544512 bytes (11.1%)
(RDMA_READ_CONSUME_CHECK_CONSUMER) timestamp=1627 ms, used_size=4542464 bytes (11.1%)
(RDMA_READ_CONSUME_CHECK_CONSUMER) timestamp=1627 ms, used_size=4540416 bytes (11.1%)
(RDMA_READ_CONSUME_CHECK_CONSUMER) timestamp=1627 ms, used_size=4538368 bytes (11.1%)
(RDMA_READ_CONSUME_CHECK_CONSUMER) timestamp=1627 ms, used_size=4536320 bytes (11.1%)
(RDMA_READ_CONSUME_CHECK_CONSUMER) timestamp=1627 ms, used_size=4534272 bytes (11.1%)
(RDMA_READ_CONSUME_CHECK_CONSUMER) timestamp=1627 ms, used_size=4532224 bytes (11.1%)
(RDMA_READ_CONSUME_CHECK_CONSUMER) timestamp=1627 ms, used_size=4530176 bytes (11.1%)
(RDMA_READ_CONSUME_CHECK_CONSUMER) timestamp=1627 ms, used_size=4528128 bytes (11.1%)
(RDMA_READ_CONSUME_CHECK_CONSUMER) timestamp=1627 ms, used_size=4526080 bytes (11.1%)
(RDMA_READ_CONSUME_CHECK_CONSUMER) timestamp=1627 ms, used_size=4524032 bytes (11.0%)
(RDMA_READ_CONSUME_CHECK_CONSUMER) timestamp=1627 ms, used_size=4521984 bytes (11.0%)
(RDMA_READ_CONSUME_CHECK_CONSUMER) timestamp=1627 ms, used_size=4519936 bytes (11.0%)
(RDMA_READ_CONSUME_CHECK_CONSUMER) timestamp=1627 ms, used_size=4517888 bytes (11.0%)
(RDMA_READ_CONSUME_CHECK_CONSUMER) timestamp=1627 ms, used_size=4515840 bytes (11.0%)
(RDMA_READ_CONSUME_CHECK_CONSUMER) timestamp=1627 ms, used_size=4513792 bytes (11.0%)
(RDMA_READ_CONSUME_CHECK_CONSUMER) timestamp=1627 ms, used_size=4511744 bytes (11.0%)
(RDMA_READ_CONSUME_CHECK_CONSUMER) timestamp=1627 ms, used_size=4509696 bytes (11.0%)
(RDMA_READ_CONSUME_CHECK_CONSUMER) timestamp=1627 ms, used_size=4507648 bytes (11.0%)
(RDMA_READ_CONSUME_CHECK_CONSUMER) timestamp=1627 ms, used_size=4505600 bytes (11.0%)
(RDMA_READ_CONSUME_CHECK_CONSUMER) timestamp=1627 ms, used_size=4503552 bytes (11.0%)
(RDMA_READ_CONSUME_CHECK_CONSUMER) timestamp=1627 ms, used_size=4501504 bytes (11.0%)
(RDMA_READ_CONSUME_CHECK_CONSUMER) timestamp=1627 ms, used_size=4499456 bytes (11.0%)
(RDMA_READ_CONSUME_CHECK_CONSUMER) timestamp=1627 ms, used_size=4497408 bytes (11.0%)
(RDMA_READ_CONSUME_CHECK_CONSUMER) timestamp=1627 ms, used_size=4495360 bytes (11.0%)
(RDMA_READ_CONSUME_CHECK_CONSUMER) timestamp=1627 ms, used_size=4493312 bytes (11.0%)
(RDMA_READ_CONSUME_CHECK_CONSUMER) timestamp=1627 ms, used_size=4491264 bytes (11.0%)
(RDMA_READ_CONSUME_CHECK_CONSUMER) timestamp=1627 ms, used_size=4489216 bytes (11.0%)
(RDMA_READ_CONSUME_CHECK_CONSUMER) timestamp=1627 ms, used_size=4487168 bytes (11.0%)
(RDMA_READ_CONSUME_CHECK_CONSUMER) timestamp=1627 ms, used_size=4485120 bytes (10.9%)
(RDMA_READ_CONSUME_CHECK_CONSUMER) timestamp=1627 ms, used_size=4483072 bytes (10.9%)
(RDMA_READ_CONSUME_CHECK_CONSUMER) timestamp=1627 ms, used_size=4481024 bytes (10.9%)
(RDMA_READ_CONSUME_CHECK_CONSUMER) timestamp=1627 ms, used_size=4478976 bytes (10.9%)
(RDMA_READ_CONSUME_CHECK_CONSUMER) timestamp=1627 ms, used_size=4476928 bytes (10.9%)
(RDMA_READ_CONSUME_CHECK_CONSUMER) timestamp=1627 ms, used_size=4474880 bytes (10.9%)
(RDMA_READ_CONSUME_CHECK_CONSUMER) timestamp=1627 ms, used_size=4472832 bytes (10.9%)
(RDMA_READ_CONSUME_CHECK_CONSUMER) timestamp=1627 ms, used_size=4470784 bytes (10.9%)
(RDMA_READ_CONSUME_CHECK_CONSUMER) timestamp=1627 ms, used_size=4468736 bytes (10.9%)
(RDMA_READ_CONSUME_CHECK_CONSUMER) timestamp=1627 ms, used_size=4466688 bytes (10.9%)
(RDMA_READ_CONSUME_CHECK_CONSUMER) timestamp=1627 ms, used_size=4464640 bytes (10.9%)
(RDMA_READ_CONSUME_CHECK_CONSUMER) timestamp=1627 ms, used_size=4462592 bytes (10.9%)
(RDMA_READ_CONSUME_CHECK_CONSUMER) timestamp=1627 ms, used_size=4460544 bytes (10.9%)
(RDMA_READ_CONSUME_CHECK_CONSUMER) timestamp=1627 ms, used_size=4458496 bytes (10.9%)
(RDMA_READ_CONSUME_CHECK_CONSUMER) timestamp=1627 ms, used_size=4456448 bytes (10.9%)
(RDMA_READ_CONSUME_CHECK_CONSUMER) timestamp=1627 ms, used_size=4454400 bytes (10.9%)
(RDMA_READ_CONSUME_CHECK_CONSUMER) timestamp=1627 ms, used_size=4452352 bytes (10.9%)
(RDMA_READ_CONSUME_CHECK_CONSUMER) timestamp=1627 ms, used_size=4450304 bytes (10.9%)
(RDMA_READ_CONSUME_CHECK_CONSUMER) timestamp=1627 ms, used_size=4448256 bytes (10.9%)
(RDMA_READ_CONSUME_CHECK_CONSUMER) timestamp=1627 ms, used_size=4446208 bytes (10.9%)
(RDMA_READ_CONSUME_CHECK_CONSUMER) timestamp=1627 ms, used_size=4444160 bytes (10.8%)
(RDMA_READ_CONSUME_CHECK_CONSUMER) timestamp=1627 ms, used_size=4442112 bytes (10.8%)
(RDMA_READ_CONSUME_CHECK_CONSUMER) timestamp=1627 ms, used_size=4440064 bytes (10.8%)
(RDMA_READ_CONSUME_CHECK_CONSUMER) timestamp=1627 ms, used_size=4438016 bytes (10.8%)
(RDMA_READ_CONSUME_CHECK_CONSUMER) timestamp=1627 ms, used_size=4435968 bytes (10.8%)
(RDMA_READ_CONSUME_CHECK_CONSUMER) timestamp=1627 ms, used_size=4433920 bytes (10.8%)
(RDMA_READ_CONSUME_CHECK_CONSUMER) timestamp=1627 ms, used_size=4431872 bytes (10.8%)
(RDMA_READ_CONSUME_CHECK_CONSUMER) timestamp=1627 ms, used_size=4429824 bytes (10.8%)
(RDMA_READ_CONSUME_CHECK_CONSUMER) timestamp=1627 ms, used_size=4427776 bytes (10.8%)
(RDMA_READ_CONSUME_CHECK_CONSUMER) timestamp=1627 ms, used_size=4425728 bytes (10.8%)
(RDMA_READ_CONSUME_CHECK_CONSUMER) timestamp=1627 ms, used_size=4423680 bytes (10.8%)
(RDMA_READ_CONSUME_CHECK_CONSUMER) timestamp=1627 ms, used_size=4421632 bytes (10.8%)
(RDMA_READ_CONSUME_CHECK_CONSUMER) timestamp=1627 ms, used_size=4419584 bytes (10.8%)
(RDMA_READ_CONSUME_CHECK_CONSUMER) timestamp=1627 ms, used_size=4417536 bytes (10.8%)
(RDMA_READ_CONSUME_CHECK_CONSUMER) timestamp=1627 ms, used_size=4415488 bytes (10.8%)
(RDMA_READ_CONSUME_CHECK_CONSUMER) timestamp=1627 ms, used_size=4413440 bytes (10.8%)
(RDMA_READ_CONSUME_CHECK_CONSUMER) timestamp=1627 ms, used_size=4411392 bytes (10.8%)
(RDMA_READ_CONSUME_CHECK_CONSUMER) timestamp=1627 ms, used_size=4409344 bytes (10.8%)
(RDMA_READ_CONSUME_CHECK_CONSUMER) timestamp=1627 ms, used_size=4407296 bytes (10.8%)
(RDMA_READ_CONSUME_CHECK_CONSUMER) timestamp=1627 ms, used_size=4405248 bytes (10.8%)
(RDMA_READ_CONSUME_CHECK_CONSUMER) timestamp=1627 ms, used_size=4403200 bytes (10.8%)
(RDMA_READ_CONSUME_CHECK_CONSUMER) timestamp=1627 ms, used_size=4401152 bytes (10.7%)
(RDMA_READ_CONSUME_CHECK_CONSUMER) timestamp=1627 ms, used_size=4399104 bytes (10.7%)
(RDMA_READ_CONSUME_CHECK_CONSUMER) timestamp=1627 ms, used_size=4397056 bytes (10.7%)
(RDMA_READ_CONSUME_CHECK_CONSUMER) timestamp=1627 ms, used_size=4395008 bytes (10.7%)
(RDMA_READ_CONSUME_CHECK_CONSUMER) timestamp=1627 ms, used_size=4392960 bytes (10.7%)
(RDMA_READ_CONSUME_CHECK_CONSUMER) timestamp=1627 ms, used_size=4390912 bytes (10.7%)
(RDMA_READ_CONSUME_CHECK_CONSUMER) timestamp=1627 ms, used_size=4388864 bytes (10.7%)
(RDMA_READ_CONSUME_CHECK_CONSUMER) timestamp=1627 ms, used_size=4386816 bytes (10.7%)
(RDMA_READ_CONSUME_CHECK_CONSUMER) timestamp=1627 ms, used_size=4384768 bytes (10.7%)
(RDMA_READ_CONSUME_CHECK_CONSUMER) timestamp=1627 ms, used_size=4382720 bytes (10.7%)
(RDMA_READ_CONSUME_CHECK_CONSUMER) timestamp=1627 ms, used_size=4380672 bytes (10.7%)
(RDMA_READ_CONSUME_CHECK_CONSUMER) timestamp=1627 ms, used_size=4378624 bytes (10.7%)
(RDMA_READ_CONSUME_CHECK_CONSUMER) timestamp=1627 ms, used_size=4376576 bytes (10.7%)
(RDMA_READ_CONSUME_CHECK_CONSUMER) timestamp=1628 ms, used_size=4374528 bytes (10.7%)
(RDMA_READ_CONSUME_CHECK_CONSUMER) timestamp=1628 ms, used_size=4372480 bytes (10.7%)
(RDMA_READ_CONSUME_CHECK_CONSUMER) timestamp=1628 ms, used_size=4370432 bytes (10.7%)
(RDMA_READ_CONSUME_CHECK_CONSUMER) timestamp=1628 ms, used_size=4368384 bytes (10.7%)
(RDMA_READ_CONSUME_CHECK_CONSUMER) timestamp=1628 ms, used_size=4366336 bytes (10.7%)
(RDMA_READ_CONSUME_CHECK_CONSUMER) timestamp=1628 ms, used_size=4364288 bytes (10.7%)
(RDMA_READ_CONSUME_CHECK_CONSUMER) timestamp=1628 ms, used_size=4362240 bytes (10.7%)
(RDMA_READ_CONSUME_CHECK_CONSUMER) timestamp=1628 ms, used_size=4360192 bytes (10.6%)
(RDMA_READ_CONSUME_CHECK_CONSUMER) timestamp=1628 ms, used_size=4358144 bytes (10.6%)
(RDMA_READ_CONSUME_CHECK_CONSUMER) timestamp=1628 ms, used_size=4356096 bytes (10.6%)
(RDMA_READ_CONSUME_CHECK_CONSUMER) timestamp=1628 ms, used_size=4354048 bytes (10.6%)
(RDMA_READ_CONSUME_CHECK_CONSUMER) timestamp=1628 ms, used_size=4352000 bytes (10.6%)
(RDMA_READ_CONSUME_CHECK_CONSUMER) timestamp=1628 ms, used_size=4349952 bytes (10.6%)
(RDMA_READ_CONSUME_CHECK_CONSUMER) timestamp=1628 ms, used_size=4347904 bytes (10.6%)
(RDMA_READ_CONSUME_CHECK_CONSUMER) timestamp=1628 ms, used_size=4345856 bytes (10.6%)
(RDMA_READ_CONSUME_CHECK_CONSUMER) timestamp=1628 ms, used_size=4343808 bytes (10.6%)
(RDMA_READ_CONSUME_CHECK_CONSUMER) timestamp=1628 ms, used_size=4341760 bytes (10.6%)
(RDMA_READ_CONSUME_CHECK_CONSUMER) timestamp=1628 ms, used_size=4339712 bytes (10.6%)
(RDMA_READ_CONSUME_CHECK_CONSUMER) timestamp=1628 ms, used_size=4337664 bytes (10.6%)
(RDMA_READ_CONSUME_CHECK_CONSUMER) timestamp=1628 ms, used_size=4335616 bytes (10.6%)
(RDMA_READ_CONSUME_CHECK_CONSUMER) timestamp=1628 ms, used_size=4333568 bytes (10.6%)
(RDMA_READ_CONSUME_CHECK_CONSUMER) timestamp=1628 ms, used_size=4331520 bytes (10.6%)
(RDMA_READ_CONSUME_CHECK_CONSUMER) timestamp=1628 ms, used_size=4329472 bytes (10.6%)
(RDMA_READ_CONSUME_CHECK_CONSUMER) timestamp=1628 ms, used_size=4327424 bytes (10.6%)
(RDMA_READ_CONSUME_CHECK_CONSUMER) timestamp=1628 ms, used_size=4325376 bytes (10.6%)
(RDMA_READ_CONSUME_CHECK_CONSUMER) timestamp=1628 ms, used_size=4323328 bytes (10.6%)
(RDMA_READ_CONSUME_CHECK_CONSUMER) timestamp=1628 ms, used_size=4321280 bytes (10.6%)
(RDMA_READ_CONSUME_CHECK_CONSUMER) timestamp=1628 ms, used_size=4319232 bytes (10.5%)
(RDMA_READ_CONSUME_CHECK_CONSUMER) timestamp=1628 ms, used_size=4317184 bytes (10.5%)
(RDMA_READ_CONSUME_CHECK_CONSUMER) timestamp=1628 ms, used_size=4315136 bytes (10.5%)
(RDMA_READ_CONSUME_CHECK_CONSUMER) timestamp=1628 ms, used_size=4313088 bytes (10.5%)
(RDMA_READ_CONSUME_CHECK_CONSUMER) timestamp=1628 ms, used_size=4311040 bytes (10.5%)
(RDMA_READ_CONSUME_CHECK_CONSUMER) timestamp=1628 ms, used_size=4308992 bytes (10.5%)
(RDMA_READ_CONSUME_CHECK_CONSUMER) timestamp=1628 ms, used_size=4306944 bytes (10.5%)
(RDMA_READ_CONSUME_CHECK_CONSUMER) timestamp=1628 ms, used_size=4304896 bytes (10.5%)
(RDMA_READ_CONSUME_CHECK_CONSUMER) timestamp=1628 ms, used_size=4302848 bytes (10.5%)
(RDMA_READ_CONSUME_CHECK_CONSUMER) timestamp=1628 ms, used_size=4300800 bytes (10.5%)
(RDMA_READ_CONSUME_CHECK_CONSUMER) timestamp=1628 ms, used_size=4298752 bytes (10.5%)
(RDMA_READ_CONSUME_CHECK_CONSUMER) timestamp=1628 ms, used_size=4296704 bytes (10.5%)
(RDMA_READ_CONSUME_CHECK_CONSUMER) timestamp=1628 ms, used_size=4294656 bytes (10.5%)
(RDMA_READ_CONSUME_CHECK_CONSUMER) timestamp=1628 ms, used_size=4292608 bytes (10.5%)
(RDMA_READ_CONSUME_CHECK_CONSUMER) timestamp=1628 ms, used_size=4290560 bytes (10.5%)
(RDMA_READ_CONSUME_CHECK_CONSUMER) timestamp=1628 ms, used_size=4288512 bytes (10.5%)
(RDMA_READ_CONSUME_CHECK_CONSUMER) timestamp=1628 ms, used_size=4286464 bytes (10.5%)
(RDMA_READ_CONSUME_CHECK_CONSUMER) timestamp=1628 ms, used_size=4284416 bytes (10.5%)
(RDMA_READ_CONSUME_CHECK_CONSUMER) timestamp=1628 ms, used_size=4282368 bytes (10.5%)
(RDMA_READ_CONSUME_CHECK_CONSUMER) timestamp=1628 ms, used_size=4280320 bytes (10.4%)
(RDMA_READ_CONSUME_CHECK_CONSUMER) timestamp=1628 ms, used_size=4278272 bytes (10.4%)
(RDMA_READ_CONSUME_CHECK_CONSUMER) timestamp=1628 ms, used_size=4276224 bytes (10.4%)
(RDMA_READ_CONSUME_CHECK_CONSUMER) timestamp=1628 ms, used_size=4274176 bytes (10.4%)
(RDMA_READ_CONSUME_CHECK_CONSUMER) timestamp=1628 ms, used_size=4272128 bytes (10.4%)
(RDMA_READ_CONSUME_CHECK_CONSUMER) timestamp=1628 ms, used_size=4270080 bytes (10.4%)
(RDMA_READ_CONSUME_CHECK_CONSUMER) timestamp=1628 ms, used_size=4268032 bytes (10.4%)
(RDMA_READ_CONSUME_CHECK_CONSUMER) timestamp=1628 ms, used_size=4265984 bytes (10.4%)
(RDMA_READ_CONSUME_CHECK_CONSUMER) timestamp=1628 ms, used_size=4263936 bytes (10.4%)
(RDMA_READ_CONSUME_CHECK_CONSUMER) timestamp=1628 ms, used_size=4261888 bytes (10.4%)
(RDMA_READ_CONSUME_CHECK_CONSUMER) timestamp=1628 ms, used_size=4259840 bytes (10.4%)
(RDMA_READ_CONSUME_CHECK_CONSUMER) timestamp=1628 ms, used_size=4257792 bytes (10.4%)
(RDMA_READ_CONSUME_CHECK_CONSUMER) timestamp=1628 ms, used_size=4255744 bytes (10.4%)
(RDMA_READ_CONSUME_CHECK_CONSUMER) timestamp=1628 ms, used_size=4253696 bytes (10.4%)
(RDMA_READ_CONSUME_CHECK_CONSUMER) timestamp=1628 ms, used_size=4251648 bytes (10.4%)
(RDMA_READ_CONSUME_CHECK_CONSUMER) timestamp=1628 ms, used_size=4249600 bytes (10.4%)
(RDMA_READ_CONSUME_CHECK_CONSUMER) timestamp=1628 ms, used_size=4247552 bytes (10.4%)
(RDMA_READ_CONSUME_CHECK_CONSUMER) timestamp=1628 ms, used_size=4245504 bytes (10.4%)
(RDMA_READ_CONSUME_CHECK_CONSUMER) timestamp=1628 ms, used_size=4243456 bytes (10.4%)
(RDMA_READ_CONSUME_CHECK_CONSUMER) timestamp=1628 ms, used_size=4241408 bytes (10.4%)
(RDMA_READ_CONSUME_CHECK_CONSUMER) timestamp=1628 ms, used_size=4239360 bytes (10.3%)
(RDMA_READ_CONSUME_CHECK_CONSUMER) timestamp=1628 ms, used_size=4237312 bytes (10.3%)
(RDMA_READ_CONSUME_CHECK_CONSUMER) timestamp=1628 ms, used_size=4235264 bytes (10.3%)
(RDMA_READ_CONSUME_CHECK_CONSUMER) timestamp=1628 ms, used_size=4233216 bytes (10.3%)
(RDMA_READ_CONSUME_CHECK_CONSUMER) timestamp=1628 ms, used_size=4231168 bytes (10.3%)
(RDMA_READ_CONSUME_CHECK_CONSUMER) timestamp=1628 ms, used_size=4229120 bytes (10.3%)
(RDMA_READ_CONSUME_CHECK_CONSUMER) timestamp=1628 ms, used_size=4227072 bytes (10.3%)
(RDMA_READ_CONSUME_CHECK_CONSUMER) timestamp=1628 ms, used_size=4225024 bytes (10.3%)
(RDMA_READ_CONSUME_CHECK_CONSUMER) timestamp=1628 ms, used_size=4222976 bytes (10.3%)
(RDMA_READ_CONSUME_CHECK_CONSUMER) timestamp=1628 ms, used_size=4220928 bytes (10.3%)
(RDMA_READ_CONSUME_CHECK_CONSUMER) timestamp=1628 ms, used_size=4218880 bytes (10.3%)
(RDMA_READ_CONSUME_CHECK_CONSUMER) timestamp=1628 ms, used_size=4216832 bytes (10.3%)
(RDMA_READ_CONSUME_CHECK_CONSUMER) timestamp=1628 ms, used_size=4214784 bytes (10.3%)
(RDMA_READ_CONSUME_CHECK_CONSUMER) timestamp=1628 ms, used_size=4212736 bytes (10.3%)
(RDMA_READ_CONSUME_CHECK_CONSUMER) timestamp=1628 ms, used_size=4210688 bytes (10.3%)
(RDMA_READ_CONSUME_CHECK_CONSUMER) timestamp=1628 ms, used_size=4208640 bytes (10.3%)
(RDMA_READ_CONSUME_CHECK_CONSUMER) timestamp=1628 ms, used_size=4206592 bytes (10.3%)
(RDMA_READ_CONSUME_CHECK_CONSUMER) timestamp=1628 ms, used_size=4204544 bytes (10.3%)
(RDMA_READ_CONSUME_CHECK_CONSUMER) timestamp=1628 ms, used_size=4202496 bytes (10.3%)
(RDMA_READ_CONSUME_CHECK_CONSUMER) timestamp=1628 ms, used_size=4200448 bytes (10.3%)
(RDMA_READ_CONSUME_CHECK_CONSUMER) timestamp=1628 ms, used_size=4198400 bytes (10.2%)
(RDMA_READ_CONSUME_CHECK_CONSUMER) timestamp=1628 ms, used_size=4196352 bytes (10.2%)
(RDMA_READ_CONSUME_CHECK_CONSUMER) timestamp=1628 ms, used_size=4194304 bytes (10.2%)
(RDMA_READ_CONSUME_CHECK_CONSUMER) timestamp=1628 ms, used_size=4192256 bytes (10.2%)
(RDMA_READ_CONSUME_CHECK_CONSUMER) timestamp=1628 ms, used_size=4190208 bytes (10.2%)
(RDMA_READ_CONSUME_CHECK_CONSUMER) timestamp=1628 ms, used_size=4188160 bytes (10.2%)
(RDMA_READ_CONSUME_CHECK_CONSUMER) timestamp=1628 ms, used_size=4186112 bytes (10.2%)
(RDMA_READ_CONSUME_CHECK_CONSUMER) timestamp=1628 ms, used_size=4184064 bytes (10.2%)
(RDMA_READ_CONSUME_CHECK_CONSUMER) timestamp=1628 ms, used_size=4182016 bytes (10.2%)
(RDMA_READ_CONSUME_CHECK_CONSUMER) timestamp=1628 ms, used_size=4179968 bytes (10.2%)
(RDMA_READ_CONSUME_CHECK_CONSUMER) timestamp=1628 ms, used_size=4177920 bytes (10.2%)
(RDMA_READ_CONSUME_CHECK_CONSUMER) timestamp=1628 ms, used_size=4175872 bytes (10.2%)
(RDMA_READ_CONSUME_CHECK_CONSUMER) timestamp=1628 ms, used_size=4173824 bytes (10.2%)
(RDMA_READ_CONSUME_CHECK_CONSUMER) timestamp=1628 ms, used_size=4171776 bytes (10.2%)
(RDMA_READ_CONSUME_CHECK_CONSUMER) timestamp=1628 ms, used_size=4169728 bytes (10.2%)
(RDMA_READ_CONSUME_CHECK_CONSUMER) timestamp=1628 ms, used_size=4167680 bytes (10.2%)
(RDMA_READ_CONSUME_CHECK_CONSUMER) timestamp=1628 ms, used_size=4165632 bytes (10.2%)
(RDMA_READ_CONSUME_CHECK_CONSUMER) timestamp=1628 ms, used_size=4163584 bytes (10.2%)
(RDMA_READ_CONSUME_CHECK_CONSUMER) timestamp=1628 ms, used_size=4161536 bytes (10.2%)
(RDMA_READ_CONSUME_CHECK_CONSUMER) timestamp=1628 ms, used_size=4159488 bytes (10.2%)
(RDMA_READ_CONSUME_CHECK_CONSUMER) timestamp=1628 ms, used_size=4157440 bytes (10.2%)
(RDMA_READ_CONSUME_CHECK_CONSUMER) timestamp=1628 ms, used_size=4155392 bytes (10.1%)
(RDMA_READ_CONSUME_CHECK_CONSUMER) timestamp=1628 ms, used_size=4153344 bytes (10.1%)
(RDMA_READ_CONSUME_CHECK_CONSUMER) timestamp=1628 ms, used_size=4151296 bytes (10.1%)
(RDMA_READ_CONSUME_CHECK_CONSUMER) timestamp=1628 ms, used_size=4149248 bytes (10.1%)
(RDMA_READ_CONSUME_CHECK_CONSUMER) timestamp=1628 ms, used_size=4147200 bytes (10.1%)
(RDMA_READ_CONSUME_CHECK_CONSUMER) timestamp=1628 ms, used_size=4145152 bytes (10.1%)
(RDMA_READ_CONSUME_CHECK_CONSUMER) timestamp=1628 ms, used_size=4143104 bytes (10.1%)
(RDMA_READ_CONSUME_CHECK_CONSUMER) timestamp=1628 ms, used_size=4141056 bytes (10.1%)
(RDMA_READ_CONSUME_CHECK_CONSUMER) timestamp=1628 ms, used_size=4139008 bytes (10.1%)
(RDMA_READ_CONSUME_CHECK_CONSUMER) timestamp=1628 ms, used_size=4136960 bytes (10.1%)
(RDMA_READ_CONSUME_CHECK_CONSUMER) timestamp=1628 ms, used_size=4134912 bytes (10.1%)
(RDMA_READ_CONSUME_CHECK_CONSUMER) timestamp=1628 ms, used_size=4132864 bytes (10.1%)
(RDMA_READ_CONSUME_CHECK_CONSUMER) timestamp=1628 ms, used_size=4130816 bytes (10.1%)
(RDMA_READ_CONSUME_CHECK_CONSUMER) timestamp=1628 ms, used_size=4128768 bytes (10.1%)
(RDMA_READ_CONSUME_CHECK_CONSUMER) timestamp=1628 ms, used_size=4126720 bytes (10.1%)
(RDMA_READ_CONSUME_CHECK_CONSUMER) timestamp=1628 ms, used_size=4124672 bytes (10.1%)
(RDMA_READ_CONSUME_CHECK_CONSUMER) timestamp=1628 ms, used_size=4122624 bytes (10.1%)
(RDMA_READ_CONSUME_CHECK_CONSUMER) timestamp=1628 ms, used_size=4120576 bytes (10.1%)
(RDMA_READ_CONSUME_CHECK_CONSUMER) timestamp=1628 ms, used_size=4118528 bytes (10.1%)
(RDMA_READ_CONSUME_CHECK_CONSUMER) timestamp=1628 ms, used_size=4116480 bytes (10.1%)
(RDMA_READ_CONSUME_CHECK_CONSUMER) timestamp=1628 ms, used_size=4114432 bytes (10.0%)
(RDMA_READ_CONSUME_CHECK_CONSUMER) timestamp=1628 ms, used_size=4112384 bytes (10.0%)
(RDMA_READ_CONSUME_CHECK_CONSUMER) timestamp=1628 ms, used_size=4110336 bytes (10.0%)
(RDMA_READ_CONSUME_CHECK_CONSUMER) timestamp=1628 ms, used_size=4108288 bytes (10.0%)
(RDMA_READ_CONSUME_CHECK_CONSUMER) timestamp=1628 ms, used_size=4106240 bytes (10.0%)
(RDMA_READ_CONSUME_CHECK_CONSUMER) timestamp=1628 ms, used_size=4104192 bytes (10.0%)
(RDMA_READ_CONSUME_CHECK_CONSUMER) timestamp=1628 ms, used_size=4102144 bytes (10.0%)
(RDMA_READ_CONSUME_CHECK_CONSUMER) timestamp=1628 ms, used_size=4100096 bytes (10.0%)
(RDMA_READ_CONSUME_CHECK_CONSUMER) timestamp=1628 ms, used_size=4098048 bytes (10.0%)
(RDMA_READ_CONSUME_CHECK_CONSUMER) timestamp=1628 ms, used_size=4096000 bytes (10.0%)
(RDMA_READ_CONSUME_CHECK_CONSUMER) timestamp=1628 ms, used_size=4093952 bytes (10.0%)
(RDMA_READ_CONSUME_CHECK_CONSUMER) timestamp=1628 ms, used_size=4091904 bytes (10.0%)
(RDMA_READ_CONSUME_CHECK_CONSUMER) timestamp=1628 ms, used_size=4089856 bytes (10.0%)
(RDMA_READ_CONSUME_CHECK_CONSUMER) timestamp=1628 ms, used_size=4087808 bytes (10.0%)
(RDMA_READ_CONSUME_CHECK_CONSUMER) timestamp=1628 ms, used_size=4085760 bytes (10.0%)
(RDMA_READ_CONSUME_CHECK_CONSUMER) timestamp=1628 ms, used_size=4083712 bytes (10.0%)
(RDMA_READ_CONSUME_CHECK_CONSUMER) timestamp=1628 ms, used_size=4081664 bytes (10.0%)
(RDMA_READ_CONSUME_CHECK_CONSUMER) timestamp=1628 ms, used_size=4079616 bytes (10.0%)
(RDMA_READ_CONSUME_CHECK_CONSUMER) timestamp=1628 ms, used_size=4077568 bytes (10.0%)
(RDMA_READ_CONSUME_CHECK_CONSUMER) timestamp=1628 ms, used_size=4075520 bytes (9.9%)
(RDMA_READ_CONSUME_CHECK_CONSUMER) timestamp=1628 ms, used_size=4073472 bytes (9.9%)
(RDMA_READ_CONSUME_CHECK_CONSUMER) timestamp=1628 ms, used_size=4071424 bytes (9.9%)
(RDMA_READ_CONSUME_CHECK_CONSUMER) timestamp=1628 ms, used_size=4069376 bytes (9.9%)
(RDMA_READ_CONSUME_CHECK_CONSUMER) timestamp=1628 ms, used_size=4067328 bytes (9.9%)
(RDMA_READ_CONSUME_CHECK_CONSUMER) timestamp=1628 ms, used_size=4065280 bytes (9.9%)
(RDMA_READ_CONSUME_CHECK_CONSUMER) timestamp=1628 ms, used_size=4063232 bytes (9.9%)
(RDMA_READ_CONSUME_CHECK_CONSUMER) timestamp=1628 ms, used_size=4061184 bytes (9.9%)
(RDMA_READ_CONSUME_CHECK_CONSUMER) timestamp=1628 ms, used_size=4059136 bytes (9.9%)
(RDMA_READ_CONSUME_CHECK_CONSUMER) timestamp=1628 ms, used_size=4057088 bytes (9.9%)
(RDMA_READ_CONSUME_CHECK_CONSUMER) timestamp=1628 ms, used_size=4055040 bytes (9.9%)
(RDMA_READ_CONSUME_CHECK_CONSUMER) timestamp=1628 ms, used_size=4052992 bytes (9.9%)
(RDMA_READ_CONSUME_CHECK_CONSUMER) timestamp=1628 ms, used_size=4050944 bytes (9.9%)
(RDMA_READ_CONSUME_CHECK_CONSUMER) timestamp=1628 ms, used_size=4048896 bytes (9.9%)
(RDMA_READ_CONSUME_CHECK_CONSUMER) timestamp=1628 ms, used_size=4046848 bytes (9.9%)
(RDMA_READ_CONSUME_CHECK_CONSUMER) timestamp=1628 ms, used_size=4044800 bytes (9.9%)
(RDMA_READ_CONSUME_CHECK_CONSUMER) timestamp=1628 ms, used_size=4042752 bytes (9.9%)
(RDMA_READ_CONSUME_CHECK_CONSUMER) timestamp=1628 ms, used_size=4040704 bytes (9.9%)
(RDMA_READ_CONSUME_CHECK_CONSUMER) timestamp=1628 ms, used_size=4038656 bytes (9.9%)
(RDMA_READ_CONSUME_CHECK_CONSUMER) timestamp=1628 ms, used_size=4036608 bytes (9.9%)
(RDMA_READ_CONSUME_CHECK_CONSUMER) timestamp=1628 ms, used_size=4034560 bytes (9.8%)
(RDMA_READ_CONSUME_CHECK_CONSUMER) timestamp=1628 ms, used_size=4032512 bytes (9.8%)
(RDMA_READ_CONSUME_CHECK_CONSUMER) timestamp=1628 ms, used_size=4030464 bytes (9.8%)
(RDMA_READ_CONSUME_CHECK_CONSUMER) timestamp=1628 ms, used_size=4028416 bytes (9.8%)
(RDMA_READ_CONSUME_CHECK_CONSUMER) timestamp=1628 ms, used_size=4026368 bytes (9.8%)
(RDMA_READ_CONSUME_CHECK_CONSUMER) timestamp=1628 ms, used_size=4024320 bytes (9.8%)
(RDMA_READ_CONSUME_CHECK_CONSUMER) timestamp=1628 ms, used_size=4022272 bytes (9.8%)
(RDMA_READ_CONSUME_CHECK_CONSUMER) timestamp=1628 ms, used_size=4020224 bytes (9.8%)
(RDMA_READ_CONSUME_CHECK_CONSUMER) timestamp=1628 ms, used_size=4018176 bytes (9.8%)
(RDMA_READ_CONSUME_CHECK_CONSUMER) timestamp=1628 ms, used_size=4016128 bytes (9.8%)
(RDMA_READ_CONSUME_CHECK_CONSUMER) timestamp=1628 ms, used_size=4014080 bytes (9.8%)
(RDMA_READ_CONSUME_CHECK_CONSUMER) timestamp=1628 ms, used_size=4012032 bytes (9.8%)
(RDMA_READ_CONSUME_CHECK_CONSUMER) timestamp=1628 ms, used_size=4009984 bytes (9.8%)
(RDMA_READ_CONSUME_CHECK_CONSUMER) timestamp=1628 ms, used_size=4007936 bytes (9.8%)
(RDMA_READ_CONSUME_CHECK_CONSUMER) timestamp=1628 ms, used_size=4005888 bytes (9.8%)
(RDMA_READ_CONSUME_CHECK_CONSUMER) timestamp=1628 ms, used_size=4003840 bytes (9.8%)
(RDMA_READ_CONSUME_CHECK_CONSUMER) timestamp=1629 ms, used_size=4001792 bytes (9.8%)
(RDMA_READ_CONSUME_CHECK_CONSUMER) timestamp=1629 ms, used_size=3999744 bytes (9.8%)
(RDMA_READ_CONSUME_CHECK_CONSUMER) timestamp=1629 ms, used_size=3997696 bytes (9.8%)
(RDMA_READ_CONSUME_CHECK_CONSUMER) timestamp=1629 ms, used_size=3995648 bytes (9.8%)
(RDMA_READ_CONSUME_CHECK_CONSUMER) timestamp=1629 ms, used_size=3993600 bytes (9.8%)
(RDMA_READ_CONSUME_CHECK_CONSUMER) timestamp=1629 ms, used_size=3991552 bytes (9.7%)
(RDMA_READ_CONSUME_CHECK_CONSUMER) timestamp=1629 ms, used_size=3989504 bytes (9.7%)
(RDMA_READ_CONSUME_CHECK_CONSUMER) timestamp=1629 ms, used_size=3987456 bytes (9.7%)
(RDMA_READ_CONSUME_CHECK_CONSUMER) timestamp=1629 ms, used_size=3985408 bytes (9.7%)
(RDMA_READ_CONSUME_CHECK_CONSUMER) timestamp=1629 ms, used_size=3983360 bytes (9.7%)
(RDMA_READ_CONSUME_CHECK_CONSUMER) timestamp=1629 ms, used_size=3981312 bytes (9.7%)
(RDMA_READ_CONSUME_CHECK_CONSUMER) timestamp=1629 ms, used_size=3979264 bytes (9.7%)
(RDMA_READ_CONSUME_CHECK_CONSUMER) timestamp=1629 ms, used_size=3977216 bytes (9.7%)
(RDMA_READ_CONSUME_CHECK_CONSUMER) timestamp=1629 ms, used_size=3975168 bytes (9.7%)
(RDMA_READ_CONSUME_CHECK_CONSUMER) timestamp=1629 ms, used_size=3973120 bytes (9.7%)
(RDMA_READ_CONSUME_CHECK_CONSUMER) timestamp=1629 ms, used_size=3971072 bytes (9.7%)
(RDMA_READ_CONSUME_CHECK_CONSUMER) timestamp=1629 ms, used_size=3969024 bytes (9.7%)
(RDMA_READ_CONSUME_CHECK_CONSUMER) timestamp=1629 ms, used_size=3966976 bytes (9.7%)
(RDMA_READ_CONSUME_CHECK_CONSUMER) timestamp=1629 ms, used_size=3964928 bytes (9.7%)
(RDMA_READ_CONSUME_CHECK_CONSUMER) timestamp=1629 ms, used_size=3962880 bytes (9.7%)
(RDMA_READ_CONSUME_CHECK_CONSUMER) timestamp=1629 ms, used_size=3960832 bytes (9.7%)
(RDMA_READ_CONSUME_CHECK_CONSUMER) timestamp=1629 ms, used_size=3958784 bytes (9.7%)
(RDMA_READ_CONSUME_CHECK_CONSUMER) timestamp=1629 ms, used_size=3956736 bytes (9.7%)
(RDMA_READ_CONSUME_CHECK_CONSUMER) timestamp=1629 ms, used_size=3954688 bytes (9.7%)
(RDMA_READ_CONSUME_CHECK_CONSUMER) timestamp=1629 ms, used_size=3952640 bytes (9.7%)
(RDMA_READ_CONSUME_CHECK_CONSUMER) timestamp=1629 ms, used_size=3950592 bytes (9.6%)
(RDMA_READ_CONSUME_CHECK_CONSUMER) timestamp=1629 ms, used_size=3948544 bytes (9.6%)
(RDMA_READ_CONSUME_CHECK_CONSUMER) timestamp=1629 ms, used_size=3946496 bytes (9.6%)
(RDMA_READ_CONSUME_CHECK_CONSUMER) timestamp=1629 ms, used_size=3944448 bytes (9.6%)
(RDMA_READ_CONSUME_CHECK_CONSUMER) timestamp=1629 ms, used_size=3942400 bytes (9.6%)
(RDMA_READ_CONSUME_CHECK_CONSUMER) timestamp=1629 ms, used_size=3940352 bytes (9.6%)
(RDMA_READ_CONSUME_CHECK_CONSUMER) timestamp=1629 ms, used_size=3938304 bytes (9.6%)
(RDMA_READ_CONSUME_CHECK_CONSUMER) timestamp=1629 ms, used_size=3936256 bytes (9.6%)
(RDMA_READ_CONSUME_CHECK_CONSUMER) timestamp=1629 ms, used_size=3934208 bytes (9.6%)
(RDMA_READ_CONSUME_CHECK_CONSUMER) timestamp=1629 ms, used_size=3932160 bytes (9.6%)
(RDMA_READ_CONSUME_CHECK_CONSUMER) timestamp=1629 ms, used_size=3930112 bytes (9.6%)
(RDMA_READ_CONSUME_CHECK_CONSUMER) timestamp=1629 ms, used_size=3928064 bytes (9.6%)
(RDMA_READ_CONSUME_CHECK_CONSUMER) timestamp=1629 ms, used_size=3926016 bytes (9.6%)
(RDMA_READ_CONSUME_CHECK_CONSUMER) timestamp=1629 ms, used_size=3923968 bytes (9.6%)
(RDMA_READ_CONSUME_CHECK_CONSUMER) timestamp=1629 ms, used_size=3921920 bytes (9.6%)
(RDMA_READ_CONSUME_CHECK_CONSUMER) timestamp=1629 ms, used_size=3919872 bytes (9.6%)
(RDMA_READ_CONSUME_CHECK_CONSUMER) timestamp=1629 ms, used_size=3917824 bytes (9.6%)
(RDMA_READ_CONSUME_CHECK_CONSUMER) timestamp=1629 ms, used_size=3915776 bytes (9.6%)
(RDMA_READ_CONSUME_CHECK_CONSUMER) timestamp=1629 ms, used_size=3913728 bytes (9.6%)
(RDMA_READ_CONSUME_CHECK_CONSUMER) timestamp=1629 ms, used_size=3911680 bytes (9.6%)
(RDMA_READ_CONSUME_CHECK_CONSUMER) timestamp=1629 ms, used_size=3909632 bytes (9.5%)
(RDMA_READ_CONSUME_CHECK_CONSUMER) timestamp=1629 ms, used_size=3907584 bytes (9.5%)
(RDMA_READ_CONSUME_CHECK_CONSUMER) timestamp=1629 ms, used_size=3905536 bytes (9.5%)
(RDMA_READ_CONSUME_CHECK_CONSUMER) timestamp=1629 ms, used_size=3903488 bytes (9.5%)
(RDMA_READ_CONSUME_CHECK_CONSUMER) timestamp=1629 ms, used_size=3901440 bytes (9.5%)
(RDMA_READ_CONSUME_CHECK_CONSUMER) timestamp=1629 ms, used_size=3899392 bytes (9.5%)
(RDMA_READ_CONSUME_CHECK_CONSUMER) timestamp=1629 ms, used_size=3897344 bytes (9.5%)
(RDMA_READ_CONSUME_CHECK_CONSUMER) timestamp=1629 ms, used_size=3895296 bytes (9.5%)
(RDMA_READ_CONSUME_CHECK_CONSUMER) timestamp=1629 ms, used_size=3893248 bytes (9.5%)
(RDMA_READ_CONSUME_CHECK_CONSUMER) timestamp=1629 ms, used_size=3891200 bytes (9.5%)
(RDMA_READ_CONSUME_CHECK_CONSUMER) timestamp=1629 ms, used_size=3889152 bytes (9.5%)
(RDMA_READ_CONSUME_CHECK_CONSUMER) timestamp=1629 ms, used_size=3887104 bytes (9.5%)
(RDMA_READ_CONSUME_CHECK_CONSUMER) timestamp=1629 ms, used_size=3885056 bytes (9.5%)
(RDMA_READ_CONSUME_CHECK_CONSUMER) timestamp=1629 ms, used_size=3883008 bytes (9.5%)
(RDMA_READ_CONSUME_CHECK_CONSUMER) timestamp=1629 ms, used_size=3880960 bytes (9.5%)
(RDMA_READ_CONSUME_CHECK_CONSUMER) timestamp=1629 ms, used_size=3878912 bytes (9.5%)
(RDMA_READ_CONSUME_CHECK_CONSUMER) timestamp=1629 ms, used_size=3876864 bytes (9.5%)
(RDMA_READ_CONSUME_CHECK_CONSUMER) timestamp=1629 ms, used_size=3874816 bytes (9.5%)
(RDMA_READ_CONSUME_CHECK_CONSUMER) timestamp=1629 ms, used_size=3872768 bytes (9.5%)
(RDMA_READ_CONSUME_CHECK_CONSUMER) timestamp=1629 ms, used_size=3870720 bytes (9.4%)
(RDMA_READ_CONSUME_CHECK_CONSUMER) timestamp=1629 ms, used_size=3868672 bytes (9.4%)
(RDMA_READ_CONSUME_CHECK_CONSUMER) timestamp=1629 ms, used_size=3866624 bytes (9.4%)
(RDMA_READ_CONSUME_CHECK_CONSUMER) timestamp=1629 ms, used_size=3864576 bytes (9.4%)
(RDMA_READ_CONSUME_CHECK_CONSUMER) timestamp=1629 ms, used_size=3862528 bytes (9.4%)
(RDMA_READ_CONSUME_CHECK_CONSUMER) timestamp=1629 ms, used_size=3860480 bytes (9.4%)
(RDMA_READ_CONSUME_CHECK_CONSUMER) timestamp=1629 ms, used_size=3858432 bytes (9.4%)
(RDMA_READ_CONSUME_CHECK_CONSUMER) timestamp=1629 ms, used_size=3856384 bytes (9.4%)
(RDMA_READ_CONSUME_CHECK_CONSUMER) timestamp=1629 ms, used_size=3854336 bytes (9.4%)
(RDMA_READ_CONSUME_CHECK_CONSUMER) timestamp=1629 ms, used_size=3852288 bytes (9.4%)
(RDMA_READ_CONSUME_CHECK_CONSUMER) timestamp=1629 ms, used_size=3850240 bytes (9.4%)
(RDMA_READ_CONSUME_CHECK_CONSUMER) timestamp=1629 ms, used_size=3848192 bytes (9.4%)
(RDMA_READ_CONSUME_CHECK_CONSUMER) timestamp=1629 ms, used_size=3846144 bytes (9.4%)
(RDMA_READ_CONSUME_CHECK_CONSUMER) timestamp=1629 ms, used_size=3844096 bytes (9.4%)
(RDMA_READ_CONSUME_CHECK_CONSUMER) timestamp=1629 ms, used_size=3842048 bytes (9.4%)
(RDMA_READ_CONSUME_CHECK_CONSUMER) timestamp=1629 ms, used_size=3840000 bytes (9.4%)
(RDMA_READ_CONSUME_CHECK_CONSUMER) timestamp=1629 ms, used_size=3837952 bytes (9.4%)
(RDMA_READ_CONSUME_CHECK_CONSUMER) timestamp=1629 ms, used_size=3835904 bytes (9.4%)
(RDMA_READ_CONSUME_CHECK_CONSUMER) timestamp=1629 ms, used_size=3833856 bytes (9.4%)
(RDMA_READ_CONSUME_CHECK_CONSUMER) timestamp=1629 ms, used_size=3831808 bytes (9.4%)
(RDMA_READ_CONSUME_CHECK_CONSUMER) timestamp=1629 ms, used_size=3829760 bytes (9.3%)
(RDMA_READ_CONSUME_CHECK_CONSUMER) timestamp=1629 ms, used_size=3827712 bytes (9.3%)
(RDMA_READ_CONSUME_CHECK_CONSUMER) timestamp=1629 ms, used_size=3825664 bytes (9.3%)
(RDMA_READ_CONSUME_CHECK_CONSUMER) timestamp=1629 ms, used_size=3823616 bytes (9.3%)
(RDMA_READ_CONSUME_CHECK_CONSUMER) timestamp=1629 ms, used_size=3821568 bytes (9.3%)
(RDMA_READ_CONSUME_CHECK_CONSUMER) timestamp=1629 ms, used_size=3819520 bytes (9.3%)
(RDMA_READ_CONSUME_CHECK_CONSUMER) timestamp=1629 ms, used_size=3817472 bytes (9.3%)
(RDMA_READ_CONSUME_CHECK_CONSUMER) timestamp=1629 ms, used_size=3815424 bytes (9.3%)
(RDMA_READ_CONSUME_CHECK_CONSUMER) timestamp=1629 ms, used_size=3813376 bytes (9.3%)
(RDMA_READ_CONSUME_CHECK_CONSUMER) timestamp=1629 ms, used_size=3811328 bytes (9.3%)
(RDMA_READ_CONSUME_CHECK_CONSUMER) timestamp=1629 ms, used_size=3809280 bytes (9.3%)
(RDMA_READ_CONSUME_CHECK_CONSUMER) timestamp=1629 ms, used_size=3807232 bytes (9.3%)
(RDMA_READ_CONSUME_CHECK_CONSUMER) timestamp=1629 ms, used_size=3805184 bytes (9.3%)
(RDMA_READ_CONSUME_CHECK_CONSUMER) timestamp=1629 ms, used_size=3803136 bytes (9.3%)
(RDMA_READ_CONSUME_CHECK_CONSUMER) timestamp=1629 ms, used_size=3801088 bytes (9.3%)
(RDMA_READ_CONSUME_CHECK_CONSUMER) timestamp=1629 ms, used_size=3799040 bytes (9.3%)
(RDMA_READ_CONSUME_CHECK_CONSUMER) timestamp=1629 ms, used_size=3796992 bytes (9.3%)
(RDMA_READ_CONSUME_CHECK_CONSUMER) timestamp=1629 ms, used_size=3794944 bytes (9.3%)
(RDMA_READ_CONSUME_CHECK_CONSUMER) timestamp=1629 ms, used_size=3792896 bytes (9.3%)
(RDMA_READ_CONSUME_CHECK_CONSUMER) timestamp=1629 ms, used_size=3790848 bytes (9.3%)
(RDMA_READ_CONSUME_CHECK_CONSUMER) timestamp=1629 ms, used_size=3788800 bytes (9.2%)
(RDMA_READ_CONSUME_CHECK_CONSUMER) timestamp=1629 ms, used_size=3786752 bytes (9.2%)
(RDMA_READ_CONSUME_CHECK_CONSUMER) timestamp=1629 ms, used_size=3784704 bytes (9.2%)
(RDMA_READ_CONSUME_CHECK_CONSUMER) timestamp=1629 ms, used_size=3782656 bytes (9.2%)
(RDMA_READ_CONSUME_CHECK_CONSUMER) timestamp=1629 ms, used_size=3780608 bytes (9.2%)
(RDMA_READ_CONSUME_CHECK_CONSUMER) timestamp=1629 ms, used_size=3778560 bytes (9.2%)
(RDMA_READ_CONSUME_CHECK_CONSUMER) timestamp=1629 ms, used_size=3776512 bytes (9.2%)
(RDMA_READ_CONSUME_CHECK_CONSUMER) timestamp=1629 ms, used_size=3774464 bytes (9.2%)
(RDMA_READ_CONSUME_CHECK_CONSUMER) timestamp=1629 ms, used_size=3772416 bytes (9.2%)
(RDMA_READ_CONSUME_CHECK_CONSUMER) timestamp=1629 ms, used_size=3770368 bytes (9.2%)
(RDMA_READ_CONSUME_CHECK_CONSUMER) timestamp=1629 ms, used_size=3768320 bytes (9.2%)
(RDMA_READ_CONSUME_CHECK_CONSUMER) timestamp=1629 ms, used_size=3766272 bytes (9.2%)
(RDMA_READ_CONSUME_CHECK_CONSUMER) timestamp=1629 ms, used_size=3764224 bytes (9.2%)
(RDMA_READ_CONSUME_CHECK_CONSUMER) timestamp=1629 ms, used_size=3762176 bytes (9.2%)
(RDMA_READ_CONSUME_CHECK_CONSUMER) timestamp=1629 ms, used_size=3760128 bytes (9.2%)
(RDMA_READ_CONSUME_CHECK_CONSUMER) timestamp=1629 ms, used_size=3758080 bytes (9.2%)
(RDMA_READ_CONSUME_CHECK_CONSUMER) timestamp=1629 ms, used_size=3756032 bytes (9.2%)
(RDMA_READ_CONSUME_CHECK_CONSUMER) timestamp=1629 ms, used_size=3753984 bytes (9.2%)
(RDMA_READ_CONSUME_CHECK_CONSUMER) timestamp=1629 ms, used_size=3751936 bytes (9.2%)
(RDMA_READ_CONSUME_CHECK_CONSUMER) timestamp=1629 ms, used_size=3749888 bytes (9.2%)
(RDMA_READ_CONSUME_CHECK_CONSUMER) timestamp=1629 ms, used_size=3747840 bytes (9.2%)
(RDMA_READ_CONSUME_CHECK_CONSUMER) timestamp=1629 ms, used_size=3745792 bytes (9.1%)
(RDMA_READ_CONSUME_CHECK_CONSUMER) timestamp=1629 ms, used_size=3743744 bytes (9.1%)
(RDMA_READ_CONSUME_CHECK_CONSUMER) timestamp=1629 ms, used_size=3741696 bytes (9.1%)
(RDMA_READ_CONSUME_CHECK_CONSUMER) timestamp=1629 ms, used_size=3739648 bytes (9.1%)
(RDMA_READ_CONSUME_CHECK_CONSUMER) timestamp=1629 ms, used_size=3737600 bytes (9.1%)
(RDMA_READ_CONSUME_CHECK_CONSUMER) timestamp=1629 ms, used_size=3735552 bytes (9.1%)
(RDMA_READ_CONSUME_CHECK_CONSUMER) timestamp=1629 ms, used_size=3733504 bytes (9.1%)
(RDMA_READ_CONSUME_CHECK_CONSUMER) timestamp=1629 ms, used_size=3731456 bytes (9.1%)
(RDMA_READ_CONSUME_CHECK_CONSUMER) timestamp=1629 ms, used_size=3729408 bytes (9.1%)
(RDMA_READ_CONSUME_CHECK_CONSUMER) timestamp=1629 ms, used_size=3727360 bytes (9.1%)
(RDMA_READ_CONSUME_CHECK_CONSUMER) timestamp=1629 ms, used_size=3725312 bytes (9.1%)
(RDMA_READ_CONSUME_CHECK_CONSUMER) timestamp=1629 ms, used_size=3723264 bytes (9.1%)
(RDMA_READ_CONSUME_CHECK_CONSUMER) timestamp=1629 ms, used_size=3721216 bytes (9.1%)
(RDMA_READ_CONSUME_CHECK_CONSUMER) timestamp=1629 ms, used_size=3719168 bytes (9.1%)
(RDMA_READ_CONSUME_CHECK_CONSUMER) timestamp=1629 ms, used_size=3717120 bytes (9.1%)
(RDMA_READ_CONSUME_CHECK_CONSUMER) timestamp=1629 ms, used_size=3715072 bytes (9.1%)
(RDMA_READ_CONSUME_CHECK_CONSUMER) timestamp=1629 ms, used_size=3713024 bytes (9.1%)
(RDMA_READ_CONSUME_CHECK_CONSUMER) timestamp=1629 ms, used_size=3710976 bytes (9.1%)
(RDMA_READ_CONSUME_CHECK_CONSUMER) timestamp=1629 ms, used_size=3708928 bytes (9.1%)
(RDMA_READ_CONSUME_CHECK_CONSUMER) timestamp=1629 ms, used_size=3706880 bytes (9.1%)
(RDMA_READ_CONSUME_CHECK_CONSUMER) timestamp=1629 ms, used_size=3704832 bytes (9.0%)
(RDMA_READ_CONSUME_CHECK_CONSUMER) timestamp=1629 ms, used_size=3702784 bytes (9.0%)
(RDMA_READ_CONSUME_CHECK_CONSUMER) timestamp=1629 ms, used_size=3700736 bytes (9.0%)
(RDMA_READ_CONSUME_CHECK_CONSUMER) timestamp=1629 ms, used_size=3698688 bytes (9.0%)
(RDMA_READ_CONSUME_CHECK_CONSUMER) timestamp=1629 ms, used_size=3696640 bytes (9.0%)
(RDMA_READ_CONSUME_CHECK_CONSUMER) timestamp=1629 ms, used_size=3694592 bytes (9.0%)
(RDMA_READ_CONSUME_CHECK_CONSUMER) timestamp=1629 ms, used_size=3692544 bytes (9.0%)
(RDMA_READ_CONSUME_CHECK_CONSUMER) timestamp=1629 ms, used_size=3690496 bytes (9.0%)
(RDMA_READ_CONSUME_CHECK_CONSUMER) timestamp=1629 ms, used_size=3688448 bytes (9.0%)
(RDMA_READ_CONSUME_CHECK_CONSUMER) timestamp=1629 ms, used_size=3686400 bytes (9.0%)
(RDMA_READ_CONSUME_CHECK_CONSUMER) timestamp=1629 ms, used_size=3684352 bytes (9.0%)
(RDMA_READ_CONSUME_CHECK_CONSUMER) timestamp=1629 ms, used_size=3682304 bytes (9.0%)
(RDMA_READ_CONSUME_CHECK_CONSUMER) timestamp=1629 ms, used_size=3680256 bytes (9.0%)
(RDMA_READ_CONSUME_CHECK_CONSUMER) timestamp=1629 ms, used_size=3678208 bytes (9.0%)
(RDMA_READ_CONSUME_CHECK_CONSUMER) timestamp=1629 ms, used_size=3676160 bytes (9.0%)
(RDMA_READ_CONSUME_CHECK_CONSUMER) timestamp=1629 ms, used_size=3674112 bytes (9.0%)
(RDMA_READ_CONSUME_CHECK_CONSUMER) timestamp=1629 ms, used_size=3672064 bytes (9.0%)
(RDMA_READ_CONSUME_CHECK_CONSUMER) timestamp=1629 ms, used_size=3670016 bytes (9.0%)
(RDMA_READ_CONSUME_CHECK_CONSUMER) timestamp=1629 ms, used_size=3667968 bytes (9.0%)
(RDMA_READ_CONSUME_CHECK_CONSUMER) timestamp=1629 ms, used_size=3665920 bytes (8.9%)
(RDMA_READ_CONSUME_CHECK_CONSUMER) timestamp=1629 ms, used_size=3663872 bytes (8.9%)
(RDMA_READ_CONSUME_CHECK_CONSUMER) timestamp=1629 ms, used_size=3661824 bytes (8.9%)
(RDMA_READ_CONSUME_CHECK_CONSUMER) timestamp=1629 ms, used_size=3659776 bytes (8.9%)
(RDMA_READ_CONSUME_CHECK_CONSUMER) timestamp=1629 ms, used_size=3657728 bytes (8.9%)
(RDMA_READ_CONSUME_CHECK_CONSUMER) timestamp=1629 ms, used_size=3655680 bytes (8.9%)
(RDMA_READ_CONSUME_CHECK_CONSUMER) timestamp=1629 ms, used_size=3653632 bytes (8.9%)
(RDMA_READ_CONSUME_CHECK_CONSUMER) timestamp=1629 ms, used_size=3651584 bytes (8.9%)
(RDMA_READ_CONSUME_CHECK_CONSUMER) timestamp=1629 ms, used_size=3649536 bytes (8.9%)
(RDMA_READ_CONSUME_CHECK_CONSUMER) timestamp=1629 ms, used_size=3647488 bytes (8.9%)
(RDMA_READ_CONSUME_CHECK_CONSUMER) timestamp=1629 ms, used_size=3645440 bytes (8.9%)
(RDMA_READ_CONSUME_CHECK_CONSUMER) timestamp=1629 ms, used_size=3643392 bytes (8.9%)
(RDMA_READ_CONSUME_CHECK_CONSUMER) timestamp=1629 ms, used_size=3641344 bytes (8.9%)
(RDMA_READ_CONSUME_CHECK_CONSUMER) timestamp=1629 ms, used_size=3639296 bytes (8.9%)
(RDMA_READ_CONSUME_CHECK_CONSUMER) timestamp=1629 ms, used_size=3637248 bytes (8.9%)
(RDMA_READ_CONSUME_CHECK_CONSUMER) timestamp=1629 ms, used_size=3635200 bytes (8.9%)
(RDMA_READ_CONSUME_CHECK_CONSUMER) timestamp=1629 ms, used_size=3633152 bytes (8.9%)
(RDMA_READ_CONSUME_CHECK_CONSUMER) timestamp=1629 ms, used_size=3631104 bytes (8.9%)
(RDMA_READ_CONSUME_CHECK_CONSUMER) timestamp=1629 ms, used_size=3629056 bytes (8.9%)
(RDMA_READ_CONSUME_CHECK_CONSUMER) timestamp=1629 ms, used_size=3627008 bytes (8.9%)
(RDMA_READ_CONSUME_CHECK_CONSUMER) timestamp=1630 ms, used_size=3624960 bytes (8.8%)
(RDMA_READ_CONSUME_CHECK_CONSUMER) timestamp=1630 ms, used_size=3622912 bytes (8.8%)
(RDMA_READ_CONSUME_CHECK_CONSUMER) timestamp=1630 ms, used_size=3620864 bytes (8.8%)
(RDMA_READ_CONSUME_CHECK_CONSUMER) timestamp=1630 ms, used_size=3618816 bytes (8.8%)
(RDMA_READ_CONSUME_CHECK_CONSUMER) timestamp=1630 ms, used_size=3616768 bytes (8.8%)
(RDMA_READ_CONSUME_CHECK_CONSUMER) timestamp=1630 ms, used_size=3614720 bytes (8.8%)
(RDMA_READ_CONSUME_CHECK_CONSUMER) timestamp=1630 ms, used_size=3612672 bytes (8.8%)
(RDMA_READ_CONSUME_CHECK_CONSUMER) timestamp=1630 ms, used_size=3610624 bytes (8.8%)
(RDMA_READ_CONSUME_CHECK_CONSUMER) timestamp=1630 ms, used_size=3608576 bytes (8.8%)
(RDMA_READ_CONSUME_CHECK_CONSUMER) timestamp=1630 ms, used_size=3606528 bytes (8.8%)
(RDMA_READ_CONSUME_CHECK_CONSUMER) timestamp=1630 ms, used_size=3604480 bytes (8.8%)
(RDMA_READ_CONSUME_CHECK_CONSUMER) timestamp=1630 ms, used_size=3602432 bytes (8.8%)
(RDMA_READ_CONSUME_CHECK_CONSUMER) timestamp=1630 ms, used_size=3600384 bytes (8.8%)
(RDMA_READ_CONSUME_CHECK_CONSUMER) timestamp=1630 ms, used_size=3598336 bytes (8.8%)
(RDMA_READ_CONSUME_CHECK_CONSUMER) timestamp=1630 ms, used_size=3596288 bytes (8.8%)
(RDMA_READ_CONSUME_CHECK_CONSUMER) timestamp=1630 ms, used_size=3594240 bytes (8.8%)
(RDMA_READ_CONSUME_CHECK_CONSUMER) timestamp=1630 ms, used_size=3592192 bytes (8.8%)
(RDMA_READ_CONSUME_CHECK_CONSUMER) timestamp=1630 ms, used_size=3590144 bytes (8.8%)
(RDMA_READ_CONSUME_CHECK_CONSUMER) timestamp=1630 ms, used_size=3588096 bytes (8.8%)
(RDMA_READ_CONSUME_CHECK_CONSUMER) timestamp=1630 ms, used_size=3586048 bytes (8.8%)
(RDMA_READ_CONSUME_CHECK_CONSUMER) timestamp=1630 ms, used_size=3584000 bytes (8.8%)
(RDMA_READ_CONSUME_CHECK_CONSUMER) timestamp=1630 ms, used_size=3581952 bytes (8.7%)
(RDMA_READ_CONSUME_CHECK_CONSUMER) timestamp=1630 ms, used_size=3579904 bytes (8.7%)
(RDMA_READ_CONSUME_CHECK_CONSUMER) timestamp=1630 ms, used_size=3577856 bytes (8.7%)
(RDMA_READ_CONSUME_CHECK_CONSUMER) timestamp=1630 ms, used_size=3575808 bytes (8.7%)
(RDMA_READ_CONSUME_CHECK_CONSUMER) timestamp=1630 ms, used_size=3573760 bytes (8.7%)
(RDMA_READ_CONSUME_CHECK_CONSUMER) timestamp=1630 ms, used_size=3571712 bytes (8.7%)
(RDMA_READ_CONSUME_CHECK_CONSUMER) timestamp=1630 ms, used_size=3569664 bytes (8.7%)
(RDMA_READ_CONSUME_CHECK_CONSUMER) timestamp=1630 ms, used_size=3567616 bytes (8.7%)
(RDMA_READ_CONSUME_CHECK_CONSUMER) timestamp=1630 ms, used_size=3565568 bytes (8.7%)
(RDMA_READ_CONSUME_CHECK_CONSUMER) timestamp=1630 ms, used_size=3563520 bytes (8.7%)
(RDMA_READ_CONSUME_CHECK_CONSUMER) timestamp=1630 ms, used_size=3561472 bytes (8.7%)
(RDMA_READ_CONSUME_CHECK_CONSUMER) timestamp=1630 ms, used_size=3559424 bytes (8.7%)
(RDMA_READ_CONSUME_CHECK_CONSUMER) timestamp=1630 ms, used_size=3557376 bytes (8.7%)
(RDMA_READ_CONSUME_CHECK_CONSUMER) timestamp=1630 ms, used_size=3555328 bytes (8.7%)
(RDMA_READ_CONSUME_CHECK_CONSUMER) timestamp=1630 ms, used_size=3553280 bytes (8.7%)
(RDMA_READ_CONSUME_CHECK_CONSUMER) timestamp=1630 ms, used_size=3551232 bytes (8.7%)
(RDMA_READ_CONSUME_CHECK_CONSUMER) timestamp=1630 ms, used_size=3549184 bytes (8.7%)
(RDMA_READ_CONSUME_CHECK_CONSUMER) timestamp=1630 ms, used_size=3547136 bytes (8.7%)
(RDMA_READ_CONSUME_CHECK_CONSUMER) timestamp=1630 ms, used_size=3545088 bytes (8.7%)
(RDMA_READ_CONSUME_CHECK_CONSUMER) timestamp=1630 ms, used_size=3543040 bytes (8.7%)
(RDMA_READ_CONSUME_CHECK_CONSUMER) timestamp=1630 ms, used_size=3540992 bytes (8.6%)
(RDMA_READ_CONSUME_CHECK_CONSUMER) timestamp=1630 ms, used_size=3538944 bytes (8.6%)
(RDMA_READ_CONSUME_CHECK_CONSUMER) timestamp=1630 ms, used_size=3536896 bytes (8.6%)
(RDMA_READ_CONSUME_CHECK_CONSUMER) timestamp=1630 ms, used_size=3534848 bytes (8.6%)
(RDMA_READ_CONSUME_CHECK_CONSUMER) timestamp=1630 ms, used_size=3532800 bytes (8.6%)
(RDMA_READ_CONSUME_CHECK_CONSUMER) timestamp=1630 ms, used_size=3530752 bytes (8.6%)
(RDMA_READ_CONSUME_CHECK_CONSUMER) timestamp=1630 ms, used_size=3528704 bytes (8.6%)
(RDMA_READ_CONSUME_CHECK_CONSUMER) timestamp=1630 ms, used_size=3526656 bytes (8.6%)
(RDMA_READ_CONSUME_CHECK_CONSUMER) timestamp=1630 ms, used_size=3524608 bytes (8.6%)
(RDMA_READ_CONSUME_CHECK_CONSUMER) timestamp=1630 ms, used_size=3522560 bytes (8.6%)
(RDMA_READ_CONSUME_CHECK_CONSUMER) timestamp=1630 ms, used_size=3520512 bytes (8.6%)
(RDMA_READ_CONSUME_CHECK_CONSUMER) timestamp=1630 ms, used_size=3518464 bytes (8.6%)
(RDMA_READ_CONSUME_CHECK_CONSUMER) timestamp=1630 ms, used_size=3516416 bytes (8.6%)
(RDMA_READ_CONSUME_CHECK_CONSUMER) timestamp=1630 ms, used_size=3514368 bytes (8.6%)
(RDMA_READ_CONSUME_CHECK_CONSUMER) timestamp=1630 ms, used_size=3512320 bytes (8.6%)
(RDMA_READ_CONSUME_CHECK_CONSUMER) timestamp=1630 ms, used_size=3510272 bytes (8.6%)
(RDMA_READ_CONSUME_CHECK_CONSUMER) timestamp=1630 ms, used_size=3508224 bytes (8.6%)
(RDMA_READ_CONSUME_CHECK_CONSUMER) timestamp=1630 ms, used_size=3506176 bytes (8.6%)
(RDMA_READ_CONSUME_CHECK_CONSUMER) timestamp=1630 ms, used_size=3504128 bytes (8.6%)
(RDMA_READ_CONSUME_CHECK_CONSUMER) timestamp=1630 ms, used_size=3502080 bytes (8.6%)
(RDMA_READ_CONSUME_CHECK_CONSUMER) timestamp=1630 ms, used_size=3500032 bytes (8.5%)
(RDMA_READ_CONSUME_CHECK_CONSUMER) timestamp=1630 ms, used_size=3497984 bytes (8.5%)
(RDMA_READ_CONSUME_CHECK_CONSUMER) timestamp=1630 ms, used_size=3495936 bytes (8.5%)
(RDMA_READ_CONSUME_CHECK_CONSUMER) timestamp=1630 ms, used_size=3493888 bytes (8.5%)
(RDMA_READ_CONSUME_CHECK_CONSUMER) timestamp=1630 ms, used_size=3491840 bytes (8.5%)
(RDMA_READ_CONSUME_CHECK_CONSUMER) timestamp=1630 ms, used_size=3489792 bytes (8.5%)
(RDMA_READ_CONSUME_CHECK_CONSUMER) timestamp=1630 ms, used_size=3487744 bytes (8.5%)
(RDMA_READ_CONSUME_CHECK_CONSUMER) timestamp=1630 ms, used_size=3485696 bytes (8.5%)
(RDMA_READ_CONSUME_CHECK_CONSUMER) timestamp=1630 ms, used_size=3483648 bytes (8.5%)
(RDMA_READ_CONSUME_CHECK_CONSUMER) timestamp=1630 ms, used_size=3481600 bytes (8.5%)
(RDMA_READ_CONSUME_CHECK_CONSUMER) timestamp=1630 ms, used_size=3479552 bytes (8.5%)
(RDMA_READ_CONSUME_CHECK_CONSUMER) timestamp=1630 ms, used_size=3477504 bytes (8.5%)
(RDMA_READ_CONSUME_CHECK_CONSUMER) timestamp=1630 ms, used_size=3475456 bytes (8.5%)
(RDMA_READ_CONSUME_CHECK_CONSUMER) timestamp=1630 ms, used_size=3473408 bytes (8.5%)
(RDMA_READ_CONSUME_CHECK_CONSUMER) timestamp=1630 ms, used_size=3471360 bytes (8.5%)
(RDMA_READ_CONSUME_CHECK_CONSUMER) timestamp=1630 ms, used_size=3469312 bytes (8.5%)
(RDMA_READ_CONSUME_CHECK_CONSUMER) timestamp=1630 ms, used_size=3467264 bytes (8.5%)
(RDMA_READ_CONSUME_CHECK_CONSUMER) timestamp=1630 ms, used_size=3465216 bytes (8.5%)
(RDMA_READ_CONSUME_CHECK_CONSUMER) timestamp=1630 ms, used_size=3463168 bytes (8.5%)
(RDMA_READ_CONSUME_CHECK_CONSUMER) timestamp=1630 ms, used_size=3461120 bytes (8.4%)
(RDMA_READ_CONSUME_CHECK_CONSUMER) timestamp=1630 ms, used_size=3459072 bytes (8.4%)
(RDMA_READ_CONSUME_CHECK_CONSUMER) timestamp=1630 ms, used_size=3457024 bytes (8.4%)
(RDMA_READ_CONSUME_CHECK_CONSUMER) timestamp=1630 ms, used_size=3454976 bytes (8.4%)
(RDMA_READ_CONSUME_CHECK_CONSUMER) timestamp=1630 ms, used_size=3452928 bytes (8.4%)
(RDMA_READ_CONSUME_CHECK_CONSUMER) timestamp=1630 ms, used_size=3450880 bytes (8.4%)
(RDMA_READ_CONSUME_CHECK_CONSUMER) timestamp=1630 ms, used_size=3448832 bytes (8.4%)
(RDMA_READ_CONSUME_CHECK_CONSUMER) timestamp=1630 ms, used_size=3446784 bytes (8.4%)
(RDMA_READ_CONSUME_CHECK_CONSUMER) timestamp=1630 ms, used_size=3444736 bytes (8.4%)
(RDMA_READ_CONSUME_CHECK_CONSUMER) timestamp=1630 ms, used_size=3442688 bytes (8.4%)
(RDMA_READ_CONSUME_CHECK_CONSUMER) timestamp=1630 ms, used_size=3440640 bytes (8.4%)
(RDMA_READ_CONSUME_CHECK_CONSUMER) timestamp=1630 ms, used_size=3438592 bytes (8.4%)
(RDMA_READ_CONSUME_CHECK_CONSUMER) timestamp=1630 ms, used_size=3436544 bytes (8.4%)
(RDMA_READ_CONSUME_CHECK_CONSUMER) timestamp=1630 ms, used_size=3434496 bytes (8.4%)
(RDMA_READ_CONSUME_CHECK_CONSUMER) timestamp=1630 ms, used_size=3432448 bytes (8.4%)
(RDMA_READ_CONSUME_CHECK_CONSUMER) timestamp=1630 ms, used_size=3430400 bytes (8.4%)
(RDMA_READ_CONSUME_CHECK_CONSUMER) timestamp=1630 ms, used_size=3428352 bytes (8.4%)
(RDMA_READ_CONSUME_CHECK_CONSUMER) timestamp=1630 ms, used_size=3426304 bytes (8.4%)
(RDMA_READ_CONSUME_CHECK_CONSUMER) timestamp=1630 ms, used_size=3424256 bytes (8.4%)
(RDMA_READ_CONSUME_CHECK_CONSUMER) timestamp=1630 ms, used_size=3422208 bytes (8.4%)
(RDMA_READ_CONSUME_CHECK_CONSUMER) timestamp=1630 ms, used_size=3420160 bytes (8.3%)
(RDMA_READ_CONSUME_CHECK_CONSUMER) timestamp=1630 ms, used_size=3418112 bytes (8.3%)
(RDMA_READ_CONSUME_CHECK_CONSUMER) timestamp=1630 ms, used_size=3416064 bytes (8.3%)
(RDMA_READ_CONSUME_CHECK_CONSUMER) timestamp=1630 ms, used_size=3414016 bytes (8.3%)
(RDMA_READ_CONSUME_CHECK_CONSUMER) timestamp=1630 ms, used_size=3411968 bytes (8.3%)
(RDMA_READ_CONSUME_CHECK_CONSUMER) timestamp=1630 ms, used_size=3409920 bytes (8.3%)
(RDMA_READ_CONSUME_CHECK_CONSUMER) timestamp=1630 ms, used_size=3407872 bytes (8.3%)
(RDMA_READ_CONSUME_CHECK_CONSUMER) timestamp=1630 ms, used_size=3405824 bytes (8.3%)
(RDMA_READ_CONSUME_CHECK_CONSUMER) timestamp=1630 ms, used_size=3403776 bytes (8.3%)
(RDMA_READ_CONSUME_CHECK_CONSUMER) timestamp=1630 ms, used_size=3401728 bytes (8.3%)
(RDMA_READ_CONSUME_CHECK_CONSUMER) timestamp=1630 ms, used_size=3399680 bytes (8.3%)
(RDMA_READ_CONSUME_CHECK_CONSUMER) timestamp=1630 ms, used_size=3397632 bytes (8.3%)
(RDMA_READ_CONSUME_CHECK_CONSUMER) timestamp=1630 ms, used_size=3395584 bytes (8.3%)
(RDMA_READ_CONSUME_CHECK_CONSUMER) timestamp=1630 ms, used_size=3393536 bytes (8.3%)
(RDMA_READ_CONSUME_CHECK_CONSUMER) timestamp=1630 ms, used_size=3391488 bytes (8.3%)
(RDMA_READ_CONSUME_CHECK_CONSUMER) timestamp=1630 ms, used_size=3389440 bytes (8.3%)
(RDMA_READ_CONSUME_CHECK_CONSUMER) timestamp=1630 ms, used_size=3387392 bytes (8.3%)
(RDMA_READ_CONSUME_CHECK_CONSUMER) timestamp=1630 ms, used_size=3385344 bytes (8.3%)
(RDMA_READ_CONSUME_CHECK_CONSUMER) timestamp=1630 ms, used_size=3383296 bytes (8.3%)
(RDMA_READ_CONSUME_CHECK_CONSUMER) timestamp=1630 ms, used_size=3381248 bytes (8.3%)
(RDMA_READ_CONSUME_CHECK_CONSUMER) timestamp=1630 ms, used_size=3379200 bytes (8.2%)
(RDMA_READ_CONSUME_CHECK_CONSUMER) timestamp=1630 ms, used_size=3377152 bytes (8.2%)
(RDMA_READ_CONSUME_CHECK_CONSUMER) timestamp=1630 ms, used_size=3375104 bytes (8.2%)
(RDMA_READ_CONSUME_CHECK_CONSUMER) timestamp=1630 ms, used_size=3373056 bytes (8.2%)
(RDMA_READ_CONSUME_CHECK_CONSUMER) timestamp=1630 ms, used_size=3371008 bytes (8.2%)
(RDMA_READ_CONSUME_CHECK_CONSUMER) timestamp=1630 ms, used_size=3368960 bytes (8.2%)
(RDMA_READ_CONSUME_CHECK_CONSUMER) timestamp=1630 ms, used_size=3366912 bytes (8.2%)
(RDMA_READ_CONSUME_CHECK_CONSUMER) timestamp=1630 ms, used_size=3364864 bytes (8.2%)
(RDMA_READ_CONSUME_CHECK_CONSUMER) timestamp=1630 ms, used_size=3362816 bytes (8.2%)
(RDMA_READ_CONSUME_CHECK_CONSUMER) timestamp=1630 ms, used_size=3360768 bytes (8.2%)
(RDMA_READ_CONSUME_CHECK_CONSUMER) timestamp=1630 ms, used_size=3358720 bytes (8.2%)
(RDMA_READ_CONSUME_CHECK_CONSUMER) timestamp=1630 ms, used_size=3356672 bytes (8.2%)
(RDMA_READ_CONSUME_CHECK_CONSUMER) timestamp=1630 ms, used_size=3354624 bytes (8.2%)
(RDMA_READ_CONSUME_CHECK_CONSUMER) timestamp=1630 ms, used_size=3352576 bytes (8.2%)
(RDMA_READ_CONSUME_CHECK_CONSUMER) timestamp=1630 ms, used_size=3350528 bytes (8.2%)
(RDMA_READ_CONSUME_CHECK_CONSUMER) timestamp=1630 ms, used_size=3348480 bytes (8.2%)
(RDMA_READ_CONSUME_CHECK_CONSUMER) timestamp=1630 ms, used_size=3346432 bytes (8.2%)
(RDMA_READ_CONSUME_CHECK_CONSUMER) timestamp=1630 ms, used_size=3344384 bytes (8.2%)
(RDMA_READ_CONSUME_CHECK_CONSUMER) timestamp=1630 ms, used_size=3342336 bytes (8.2%)
(RDMA_READ_CONSUME_CHECK_CONSUMER) timestamp=1630 ms, used_size=3340288 bytes (8.2%)
(RDMA_READ_CONSUME_CHECK_CONSUMER) timestamp=1630 ms, used_size=3338240 bytes (8.2%)
(RDMA_READ_CONSUME_CHECK_CONSUMER) timestamp=1630 ms, used_size=3336192 bytes (8.1%)
(RDMA_READ_CONSUME_CHECK_CONSUMER) timestamp=1630 ms, used_size=3334144 bytes (8.1%)
(RDMA_READ_CONSUME_CHECK_CONSUMER) timestamp=1630 ms, used_size=3332096 bytes (8.1%)
(RDMA_READ_CONSUME_CHECK_CONSUMER) timestamp=1630 ms, used_size=3330048 bytes (8.1%)
(RDMA_READ_CONSUME_CHECK_CONSUMER) timestamp=1630 ms, used_size=3328000 bytes (8.1%)
(RDMA_READ_CONSUME_CHECK_CONSUMER) timestamp=1630 ms, used_size=3325952 bytes (8.1%)
(RDMA_READ_CONSUME_CHECK_CONSUMER) timestamp=1630 ms, used_size=3323904 bytes (8.1%)
(RDMA_READ_CONSUME_CHECK_CONSUMER) timestamp=1630 ms, used_size=3321856 bytes (8.1%)
(RDMA_READ_CONSUME_CHECK_CONSUMER) timestamp=1630 ms, used_size=3319808 bytes (8.1%)
(RDMA_READ_CONSUME_CHECK_CONSUMER) timestamp=1630 ms, used_size=3317760 bytes (8.1%)
(RDMA_READ_CONSUME_CHECK_CONSUMER) timestamp=1630 ms, used_size=3315712 bytes (8.1%)
(RDMA_READ_CONSUME_CHECK_CONSUMER) timestamp=1630 ms, used_size=3313664 bytes (8.1%)
(RDMA_READ_CONSUME_CHECK_CONSUMER) timestamp=1630 ms, used_size=3311616 bytes (8.1%)
(RDMA_READ_CONSUME_CHECK_CONSUMER) timestamp=1630 ms, used_size=3309568 bytes (8.1%)
(RDMA_READ_CONSUME_CHECK_CONSUMER) timestamp=1630 ms, used_size=3307520 bytes (8.1%)
(RDMA_READ_CONSUME_CHECK_CONSUMER) timestamp=1630 ms, used_size=3305472 bytes (8.1%)
(RDMA_READ_CONSUME_CHECK_CONSUMER) timestamp=1630 ms, used_size=3303424 bytes (8.1%)
(RDMA_READ_CONSUME_CHECK_CONSUMER) timestamp=1630 ms, used_size=3301376 bytes (8.1%)
(RDMA_READ_CONSUME_CHECK_CONSUMER) timestamp=1630 ms, used_size=3299328 bytes (8.1%)
(RDMA_READ_CONSUME_CHECK_CONSUMER) timestamp=1630 ms, used_size=3297280 bytes (8.1%)
(RDMA_READ_CONSUME_CHECK_CONSUMER) timestamp=1630 ms, used_size=3295232 bytes (8.0%)
(RDMA_READ_CONSUME_CHECK_CONSUMER) timestamp=1630 ms, used_size=3293184 bytes (8.0%)
(RDMA_READ_CONSUME_CHECK_CONSUMER) timestamp=1630 ms, used_size=3291136 bytes (8.0%)
(RDMA_READ_CONSUME_CHECK_CONSUMER) timestamp=1630 ms, used_size=3289088 bytes (8.0%)
(RDMA_READ_CONSUME_CHECK_CONSUMER) timestamp=1630 ms, used_size=3287040 bytes (8.0%)
(RDMA_READ_CONSUME_CHECK_CONSUMER) timestamp=1630 ms, used_size=3284992 bytes (8.0%)
(RDMA_READ_CONSUME_CHECK_CONSUMER) timestamp=1630 ms, used_size=3282944 bytes (8.0%)
(RDMA_READ_CONSUME_CHECK_CONSUMER) timestamp=1630 ms, used_size=3280896 bytes (8.0%)
(RDMA_READ_CONSUME_CHECK_CONSUMER) timestamp=1630 ms, used_size=3278848 bytes (8.0%)
(RDMA_READ_CONSUME_CHECK_CONSUMER) timestamp=1630 ms, used_size=3276800 bytes (8.0%)
(RDMA_READ_CONSUME_CHECK_CONSUMER) timestamp=1630 ms, used_size=3274752 bytes (8.0%)
(RDMA_READ_CONSUME_CHECK_CONSUMER) timestamp=1630 ms, used_size=3272704 bytes (8.0%)
(RDMA_READ_CONSUME_CHECK_CONSUMER) timestamp=1630 ms, used_size=3270656 bytes (8.0%)
(RDMA_READ_CONSUME_CHECK_CONSUMER) timestamp=1630 ms, used_size=3268608 bytes (8.0%)
(RDMA_READ_CONSUME_CHECK_CONSUMER) timestamp=1630 ms, used_size=3266560 bytes (8.0%)
(RDMA_READ_CONSUME_CHECK_CONSUMER) timestamp=1630 ms, used_size=3264512 bytes (8.0%)
(RDMA_READ_CONSUME_CHECK_CONSUMER) timestamp=1630 ms, used_size=3262464 bytes (8.0%)
(RDMA_READ_CONSUME_CHECK_CONSUMER) timestamp=1630 ms, used_size=3260416 bytes (8.0%)
(RDMA_READ_CONSUME_CHECK_CONSUMER) timestamp=1631 ms, used_size=3258368 bytes (8.0%)
(RDMA_READ_CONSUME_CHECK_CONSUMER) timestamp=1631 ms, used_size=3256320 bytes (8.0%)
(RDMA_READ_CONSUME_CHECK_CONSUMER) timestamp=1631 ms, used_size=3254272 bytes (7.9%)
(RDMA_READ_CONSUME_CHECK_CONSUMER) timestamp=1631 ms, used_size=3252224 bytes (7.9%)
(RDMA_READ_CONSUME_CHECK_CONSUMER) timestamp=1631 ms, used_size=3250176 bytes (7.9%)
(RDMA_READ_CONSUME_CHECK_CONSUMER) timestamp=1631 ms, used_size=3248128 bytes (7.9%)
(RDMA_READ_CONSUME_CHECK_CONSUMER) timestamp=1631 ms, used_size=3246080 bytes (7.9%)
(RDMA_READ_CONSUME_CHECK_CONSUMER) timestamp=1631 ms, used_size=3244032 bytes (7.9%)
(RDMA_READ_CONSUME_CHECK_CONSUMER) timestamp=1631 ms, used_size=3241984 bytes (7.9%)
(RDMA_READ_CONSUME_CHECK_CONSUMER) timestamp=1631 ms, used_size=3239936 bytes (7.9%)
(RDMA_READ_CONSUME_CHECK_CONSUMER) timestamp=1631 ms, used_size=3237888 bytes (7.9%)
(RDMA_READ_CONSUME_CHECK_CONSUMER) timestamp=1631 ms, used_size=3235840 bytes (7.9%)
(RDMA_READ_CONSUME_CHECK_CONSUMER) timestamp=1631 ms, used_size=3233792 bytes (7.9%)
(RDMA_READ_CONSUME_CHECK_CONSUMER) timestamp=1631 ms, used_size=3231744 bytes (7.9%)
(RDMA_READ_CONSUME_CHECK_CONSUMER) timestamp=1631 ms, used_size=3229696 bytes (7.9%)
(RDMA_READ_CONSUME_CHECK_CONSUMER) timestamp=1631 ms, used_size=3227648 bytes (7.9%)
(RDMA_READ_CONSUME_CHECK_CONSUMER) timestamp=1631 ms, used_size=3225600 bytes (7.9%)
(RDMA_READ_CONSUME_CHECK_CONSUMER) timestamp=1631 ms, used_size=3223552 bytes (7.9%)
(RDMA_READ_CONSUME_CHECK_CONSUMER) timestamp=1631 ms, used_size=3221504 bytes (7.9%)
(RDMA_READ_CONSUME_CHECK_CONSUMER) timestamp=1631 ms, used_size=3219456 bytes (7.9%)
(RDMA_READ_CONSUME_CHECK_CONSUMER) timestamp=1631 ms, used_size=3217408 bytes (7.9%)
(RDMA_READ_CONSUME_CHECK_CONSUMER) timestamp=1631 ms, used_size=3215360 bytes (7.8%)
(RDMA_READ_CONSUME_CHECK_CONSUMER) timestamp=1631 ms, used_size=3213312 bytes (7.8%)
(RDMA_READ_CONSUME_CHECK_CONSUMER) timestamp=1631 ms, used_size=3211264 bytes (7.8%)
(RDMA_READ_CONSUME_CHECK_CONSUMER) timestamp=1631 ms, used_size=3209216 bytes (7.8%)
(RDMA_READ_CONSUME_CHECK_CONSUMER) timestamp=1631 ms, used_size=3207168 bytes (7.8%)
(RDMA_READ_CONSUME_CHECK_CONSUMER) timestamp=1631 ms, used_size=3205120 bytes (7.8%)
(RDMA_READ_CONSUME_CHECK_CONSUMER) timestamp=1631 ms, used_size=3203072 bytes (7.8%)
(RDMA_READ_CONSUME_CHECK_CONSUMER) timestamp=1631 ms, used_size=3201024 bytes (7.8%)
(RDMA_READ_CONSUME_CHECK_CONSUMER) timestamp=1631 ms, used_size=3198976 bytes (7.8%)
(RDMA_READ_CONSUME_CHECK_CONSUMER) timestamp=1631 ms, used_size=3196928 bytes (7.8%)
(RDMA_READ_CONSUME_CHECK_CONSUMER) timestamp=1631 ms, used_size=3194880 bytes (7.8%)
(RDMA_READ_CONSUME_CHECK_CONSUMER) timestamp=1631 ms, used_size=3192832 bytes (7.8%)
(RDMA_READ_CONSUME_CHECK_CONSUMER) timestamp=1631 ms, used_size=3190784 bytes (7.8%)
(RDMA_READ_CONSUME_CHECK_CONSUMER) timestamp=1631 ms, used_size=3188736 bytes (7.8%)
(RDMA_READ_CONSUME_CHECK_CONSUMER) timestamp=1631 ms, used_size=3186688 bytes (7.8%)
(RDMA_READ_CONSUME_CHECK_CONSUMER) timestamp=1631 ms, used_size=3184640 bytes (7.8%)
(RDMA_READ_CONSUME_CHECK_CONSUMER) timestamp=1631 ms, used_size=3182592 bytes (7.8%)
(RDMA_READ_CONSUME_CHECK_CONSUMER) timestamp=1631 ms, used_size=3180544 bytes (7.8%)
(RDMA_READ_CONSUME_CHECK_CONSUMER) timestamp=1631 ms, used_size=3178496 bytes (7.8%)
(RDMA_READ_CONSUME_CHECK_CONSUMER) timestamp=1631 ms, used_size=3176448 bytes (7.8%)
(RDMA_READ_CONSUME_CHECK_CONSUMER) timestamp=1631 ms, used_size=3174400 bytes (7.8%)
(RDMA_READ_CONSUME_CHECK_CONSUMER) timestamp=1631 ms, used_size=3172352 bytes (7.7%)
(RDMA_READ_CONSUME_CHECK_CONSUMER) timestamp=1631 ms, used_size=3170304 bytes (7.7%)
(RDMA_READ_CONSUME_CHECK_CONSUMER) timestamp=1631 ms, used_size=3168256 bytes (7.7%)
(RDMA_READ_CONSUME_CHECK_CONSUMER) timestamp=1631 ms, used_size=3166208 bytes (7.7%)
(RDMA_READ_CONSUME_CHECK_CONSUMER) timestamp=1631 ms, used_size=3164160 bytes (7.7%)
(RDMA_READ_CONSUME_CHECK_CONSUMER) timestamp=1631 ms, used_size=3162112 bytes (7.7%)
(RDMA_READ_CONSUME_CHECK_CONSUMER) timestamp=1631 ms, used_size=3160064 bytes (7.7%)
(RDMA_READ_CONSUME_CHECK_CONSUMER) timestamp=1631 ms, used_size=3158016 bytes (7.7%)
(RDMA_READ_CONSUME_CHECK_CONSUMER) timestamp=1631 ms, used_size=3155968 bytes (7.7%)
(RDMA_READ_CONSUME_CHECK_CONSUMER) timestamp=1631 ms, used_size=3153920 bytes (7.7%)
(RDMA_READ_CONSUME_CHECK_CONSUMER) timestamp=1631 ms, used_size=3151872 bytes (7.7%)
(RDMA_READ_CONSUME_CHECK_CONSUMER) timestamp=1631 ms, used_size=3149824 bytes (7.7%)
(RDMA_READ_CONSUME_CHECK_CONSUMER) timestamp=1631 ms, used_size=3147776 bytes (7.7%)
(RDMA_READ_CONSUME_CHECK_CONSUMER) timestamp=1631 ms, used_size=3145728 bytes (7.7%)
(RDMA_READ_CONSUME_CHECK_CONSUMER) timestamp=1631 ms, used_size=3143680 bytes (7.7%)
(RDMA_READ_CONSUME_CHECK_CONSUMER) timestamp=1631 ms, used_size=3141632 bytes (7.7%)
(RDMA_READ_CONSUME_CHECK_CONSUMER) timestamp=1631 ms, used_size=3139584 bytes (7.7%)
(RDMA_READ_CONSUME_CHECK_CONSUMER) timestamp=1631 ms, used_size=3137536 bytes (7.7%)
(RDMA_READ_CONSUME_CHECK_CONSUMER) timestamp=1631 ms, used_size=3135488 bytes (7.7%)
(RDMA_READ_CONSUME_CHECK_CONSUMER) timestamp=1631 ms, used_size=3133440 bytes (7.7%)
(RDMA_READ_CONSUME_CHECK_CONSUMER) timestamp=1631 ms, used_size=3131392 bytes (7.6%)
(RDMA_READ_CONSUME_CHECK_CONSUMER) timestamp=1631 ms, used_size=3129344 bytes (7.6%)
(RDMA_READ_CONSUME_CHECK_CONSUMER) timestamp=1631 ms, used_size=3127296 bytes (7.6%)
(RDMA_READ_CONSUME_CHECK_CONSUMER) timestamp=1631 ms, used_size=3125248 bytes (7.6%)
(RDMA_READ_CONSUME_CHECK_CONSUMER) timestamp=1631 ms, used_size=3123200 bytes (7.6%)
(RDMA_READ_CONSUME_CHECK_CONSUMER) timestamp=1631 ms, used_size=3121152 bytes (7.6%)
(RDMA_READ_CONSUME_CHECK_CONSUMER) timestamp=1631 ms, used_size=3119104 bytes (7.6%)
(RDMA_READ_CONSUME_CHECK_CONSUMER) timestamp=1631 ms, used_size=3117056 bytes (7.6%)
(RDMA_READ_CONSUME_CHECK_CONSUMER) timestamp=1631 ms, used_size=3115008 bytes (7.6%)
(RDMA_READ_CONSUME_CHECK_CONSUMER) timestamp=1631 ms, used_size=3112960 bytes (7.6%)
(RDMA_READ_CONSUME_CHECK_CONSUMER) timestamp=1631 ms, used_size=3110912 bytes (7.6%)
(RDMA_READ_CONSUME_CHECK_CONSUMER) timestamp=1631 ms, used_size=3108864 bytes (7.6%)
(RDMA_READ_CONSUME_CHECK_CONSUMER) timestamp=1631 ms, used_size=3106816 bytes (7.6%)
(RDMA_READ_CONSUME_CHECK_CONSUMER) timestamp=1631 ms, used_size=3104768 bytes (7.6%)
(RDMA_READ_CONSUME_CHECK_CONSUMER) timestamp=1631 ms, used_size=3102720 bytes (7.6%)
(RDMA_READ_CONSUME_CHECK_CONSUMER) timestamp=1631 ms, used_size=3100672 bytes (7.6%)
(RDMA_READ_CONSUME_CHECK_CONSUMER) timestamp=1631 ms, used_size=3098624 bytes (7.6%)
(RDMA_READ_CONSUME_CHECK_CONSUMER) timestamp=1631 ms, used_size=3096576 bytes (7.6%)
(RDMA_READ_CONSUME_CHECK_CONSUMER) timestamp=1631 ms, used_size=3094528 bytes (7.6%)
(RDMA_READ_CONSUME_CHECK_CONSUMER) timestamp=1631 ms, used_size=3092480 bytes (7.5%)
(RDMA_READ_CONSUME_CHECK_CONSUMER) timestamp=1631 ms, used_size=3090432 bytes (7.5%)
(RDMA_READ_CONSUME_CHECK_CONSUMER) timestamp=1631 ms, used_size=3088384 bytes (7.5%)
(RDMA_READ_CONSUME_CHECK_CONSUMER) timestamp=1631 ms, used_size=3086336 bytes (7.5%)
(RDMA_READ_CONSUME_CHECK_CONSUMER) timestamp=1631 ms, used_size=3084288 bytes (7.5%)
(RDMA_READ_CONSUME_CHECK_CONSUMER) timestamp=1631 ms, used_size=3082240 bytes (7.5%)
(RDMA_READ_CONSUME_CHECK_CONSUMER) timestamp=1631 ms, used_size=3080192 bytes (7.5%)
(RDMA_READ_CONSUME_CHECK_CONSUMER) timestamp=1631 ms, used_size=3078144 bytes (7.5%)
(RDMA_READ_CONSUME_CHECK_CONSUMER) timestamp=1631 ms, used_size=3076096 bytes (7.5%)
(RDMA_READ_CONSUME_CHECK_CONSUMER) timestamp=1631 ms, used_size=3074048 bytes (7.5%)
(RDMA_READ_CONSUME_CHECK_CONSUMER) timestamp=1631 ms, used_size=3072000 bytes (7.5%)
(RDMA_READ_CONSUME_CHECK_CONSUMER) timestamp=1631 ms, used_size=3069952 bytes (7.5%)
(RDMA_READ_CONSUME_CHECK_CONSUMER) timestamp=1631 ms, used_size=3067904 bytes (7.5%)
(RDMA_READ_CONSUME_CHECK_CONSUMER) timestamp=1631 ms, used_size=3065856 bytes (7.5%)
(RDMA_READ_CONSUME_CHECK_CONSUMER) timestamp=1631 ms, used_size=3063808 bytes (7.5%)
(RDMA_READ_CONSUME_CHECK_CONSUMER) timestamp=1631 ms, used_size=3061760 bytes (7.5%)
(RDMA_READ_CONSUME_CHECK_CONSUMER) timestamp=1631 ms, used_size=3059712 bytes (7.5%)
(RDMA_READ_CONSUME_CHECK_CONSUMER) timestamp=1631 ms, used_size=3057664 bytes (7.5%)
(RDMA_READ_CONSUME_CHECK_CONSUMER) timestamp=1631 ms, used_size=3055616 bytes (7.5%)
(RDMA_READ_CONSUME_CHECK_CONSUMER) timestamp=1631 ms, used_size=3053568 bytes (7.5%)
(RDMA_READ_CONSUME_CHECK_CONSUMER) timestamp=1631 ms, used_size=3051520 bytes (7.5%)
(RDMA_READ_CONSUME_CHECK_CONSUMER) timestamp=1631 ms, used_size=3049472 bytes (7.4%)
(RDMA_READ_CONSUME_CHECK_CONSUMER) timestamp=1631 ms, used_size=3047424 bytes (7.4%)
(RDMA_READ_CONSUME_CHECK_CONSUMER) timestamp=1631 ms, used_size=3045376 bytes (7.4%)
(RDMA_READ_CONSUME_CHECK_CONSUMER) timestamp=1631 ms, used_size=3043328 bytes (7.4%)
(RDMA_READ_CONSUME_CHECK_CONSUMER) timestamp=1631 ms, used_size=3041280 bytes (7.4%)
(RDMA_READ_CONSUME_CHECK_CONSUMER) timestamp=1631 ms, used_size=3039232 bytes (7.4%)
(RDMA_READ_CONSUME_CHECK_CONSUMER) timestamp=1631 ms, used_size=3037184 bytes (7.4%)
(RDMA_READ_CONSUME_CHECK_CONSUMER) timestamp=1631 ms, used_size=3035136 bytes (7.4%)
(RDMA_READ_CONSUME_CHECK_CONSUMER) timestamp=1631 ms, used_size=3033088 bytes (7.4%)
(RDMA_READ_CONSUME_CHECK_CONSUMER) timestamp=1631 ms, used_size=3031040 bytes (7.4%)
(RDMA_READ_CONSUME_CHECK_CONSUMER) timestamp=1631 ms, used_size=3028992 bytes (7.4%)
(RDMA_READ_CONSUME_CHECK_CONSUMER) timestamp=1631 ms, used_size=3026944 bytes (7.4%)
(RDMA_READ_CONSUME_CHECK_CONSUMER) timestamp=1631 ms, used_size=3024896 bytes (7.4%)
(RDMA_READ_CONSUME_CHECK_CONSUMER) timestamp=1631 ms, used_size=3022848 bytes (7.4%)
(RDMA_READ_CONSUME_CHECK_CONSUMER) timestamp=1631 ms, used_size=3020800 bytes (7.4%)
(RDMA_READ_CONSUME_CHECK_CONSUMER) timestamp=1631 ms, used_size=3018752 bytes (7.4%)
(RDMA_READ_CONSUME_CHECK_CONSUMER) timestamp=1631 ms, used_size=3016704 bytes (7.4%)
(RDMA_READ_CONSUME_CHECK_CONSUMER) timestamp=1631 ms, used_size=3014656 bytes (7.4%)
(RDMA_READ_CONSUME_CHECK_CONSUMER) timestamp=1631 ms, used_size=3012608 bytes (7.4%)
(RDMA_READ_CONSUME_CHECK_CONSUMER) timestamp=1631 ms, used_size=3010560 bytes (7.3%)
(RDMA_READ_CONSUME_CHECK_CONSUMER) timestamp=1631 ms, used_size=3008512 bytes (7.3%)
(RDMA_READ_CONSUME_CHECK_CONSUMER) timestamp=1631 ms, used_size=3006464 bytes (7.3%)
(RDMA_READ_CONSUME_CHECK_CONSUMER) timestamp=1631 ms, used_size=3004416 bytes (7.3%)
(RDMA_READ_CONSUME_CHECK_CONSUMER) timestamp=1631 ms, used_size=3002368 bytes (7.3%)
(RDMA_READ_CONSUME_CHECK_CONSUMER) timestamp=1631 ms, used_size=3000320 bytes (7.3%)
(RDMA_READ_CONSUME_CHECK_CONSUMER) timestamp=1631 ms, used_size=2998272 bytes (7.3%)
(RDMA_READ_CONSUME_CHECK_CONSUMER) timestamp=1631 ms, used_size=2996224 bytes (7.3%)
(RDMA_READ_CONSUME_CHECK_CONSUMER) timestamp=1631 ms, used_size=2994176 bytes (7.3%)
(RDMA_READ_CONSUME_CHECK_CONSUMER) timestamp=1631 ms, used_size=2992128 bytes (7.3%)
(RDMA_READ_CONSUME_CHECK_CONSUMER) timestamp=1631 ms, used_size=2990080 bytes (7.3%)
(RDMA_READ_CONSUME_CHECK_CONSUMER) timestamp=1631 ms, used_size=2988032 bytes (7.3%)
(RDMA_READ_CONSUME_CHECK_CONSUMER) timestamp=1631 ms, used_size=2985984 bytes (7.3%)
(RDMA_READ_CONSUME_CHECK_CONSUMER) timestamp=1631 ms, used_size=2983936 bytes (7.3%)
(RDMA_READ_CONSUME_CHECK_CONSUMER) timestamp=1631 ms, used_size=2981888 bytes (7.3%)
(RDMA_READ_CONSUME_CHECK_CONSUMER) timestamp=1631 ms, used_size=2979840 bytes (7.3%)
(RDMA_READ_CONSUME_CHECK_CONSUMER) timestamp=1631 ms, used_size=2977792 bytes (7.3%)
(RDMA_READ_CONSUME_CHECK_CONSUMER) timestamp=1631 ms, used_size=2975744 bytes (7.3%)
(RDMA_READ_CONSUME_CHECK_CONSUMER) timestamp=1631 ms, used_size=2973696 bytes (7.3%)
(RDMA_READ_CONSUME_CHECK_CONSUMER) timestamp=1631 ms, used_size=2971648 bytes (7.3%)
(RDMA_READ_CONSUME_CHECK_CONSUMER) timestamp=1631 ms, used_size=2969600 bytes (7.2%)
(RDMA_READ_CONSUME_CHECK_CONSUMER) timestamp=1631 ms, used_size=2967552 bytes (7.2%)
(RDMA_READ_CONSUME_CHECK_CONSUMER) timestamp=1631 ms, used_size=2965504 bytes (7.2%)
(RDMA_READ_CONSUME_CHECK_CONSUMER) timestamp=1631 ms, used_size=2963456 bytes (7.2%)
(RDMA_READ_CONSUME_CHECK_CONSUMER) timestamp=1631 ms, used_size=2961408 bytes (7.2%)
(RDMA_READ_CONSUME_CHECK_CONSUMER) timestamp=1631 ms, used_size=2959360 bytes (7.2%)
(RDMA_READ_CONSUME_CHECK_CONSUMER) timestamp=1631 ms, used_size=2957312 bytes (7.2%)
(RDMA_READ_CONSUME_CHECK_CONSUMER) timestamp=1631 ms, used_size=2955264 bytes (7.2%)
(RDMA_READ_CONSUME_CHECK_CONSUMER) timestamp=1631 ms, used_size=2953216 bytes (7.2%)
(RDMA_READ_CONSUME_CHECK_CONSUMER) timestamp=1631 ms, used_size=2951168 bytes (7.2%)
(RDMA_READ_CONSUME_CHECK_CONSUMER) timestamp=1631 ms, used_size=2949120 bytes (7.2%)
(RDMA_READ_CONSUME_CHECK_CONSUMER) timestamp=1631 ms, used_size=2947072 bytes (7.2%)
(RDMA_READ_CONSUME_CHECK_CONSUMER) timestamp=1631 ms, used_size=2945024 bytes (7.2%)
(RDMA_READ_CONSUME_CHECK_CONSUMER) timestamp=1631 ms, used_size=2942976 bytes (7.2%)
(RDMA_READ_CONSUME_CHECK_CONSUMER) timestamp=1631 ms, used_size=2940928 bytes (7.2%)
(RDMA_READ_CONSUME_CHECK_CONSUMER) timestamp=1631 ms, used_size=2938880 bytes (7.2%)
(RDMA_READ_CONSUME_CHECK_CONSUMER) timestamp=1631 ms, used_size=2936832 bytes (7.2%)
(RDMA_READ_CONSUME_CHECK_CONSUMER) timestamp=1631 ms, used_size=2934784 bytes (7.2%)
(RDMA_READ_CONSUME_CHECK_CONSUMER) timestamp=1631 ms, used_size=2932736 bytes (7.2%)
(RDMA_READ_CONSUME_CHECK_CONSUMER) timestamp=1631 ms, used_size=2930688 bytes (7.2%)
(RDMA_READ_CONSUME_CHECK_CONSUMER) timestamp=1631 ms, used_size=2928640 bytes (7.2%)
(RDMA_READ_CONSUME_CHECK_CONSUMER) timestamp=1631 ms, used_size=2926592 bytes (7.1%)
(RDMA_READ_CONSUME_CHECK_CONSUMER) timestamp=1631 ms, used_size=2924544 bytes (7.1%)
(RDMA_READ_CONSUME_CHECK_CONSUMER) timestamp=1631 ms, used_size=2922496 bytes (7.1%)
(RDMA_READ_CONSUME_CHECK_CONSUMER) timestamp=1631 ms, used_size=2920448 bytes (7.1%)
(RDMA_READ_CONSUME_CHECK_CONSUMER) timestamp=1631 ms, used_size=2918400 bytes (7.1%)
(RDMA_READ_CONSUME_CHECK_CONSUMER) timestamp=1631 ms, used_size=2916352 bytes (7.1%)
(RDMA_READ_CONSUME_CHECK_CONSUMER) timestamp=1631 ms, used_size=2914304 bytes (7.1%)
(RDMA_READ_CONSUME_CHECK_CONSUMER) timestamp=1631 ms, used_size=2912256 bytes (7.1%)
(RDMA_READ_CONSUME_CHECK_CONSUMER) timestamp=1631 ms, used_size=2910208 bytes (7.1%)
(RDMA_READ_CONSUME_CHECK_CONSUMER) timestamp=1631 ms, used_size=2908160 bytes (7.1%)
(RDMA_READ_CONSUME_CHECK_CONSUMER) timestamp=1631 ms, used_size=2906112 bytes (7.1%)
(RDMA_READ_CONSUME_CHECK_CONSUMER) timestamp=1631 ms, used_size=2904064 bytes (7.1%)
(RDMA_READ_CONSUME_CHECK_CONSUMER) timestamp=1631 ms, used_size=2902016 bytes (7.1%)
(RDMA_READ_CONSUME_CHECK_CONSUMER) timestamp=1631 ms, used_size=2899968 bytes (7.1%)
(RDMA_READ_CONSUME_CHECK_CONSUMER) timestamp=1631 ms, used_size=2897920 bytes (7.1%)
(RDMA_READ_CONSUME_CHECK_CONSUMER) timestamp=1631 ms, used_size=2895872 bytes (7.1%)
(RDMA_READ_CONSUME_CHECK_CONSUMER) timestamp=1631 ms, used_size=2893824 bytes (7.1%)
(RDMA_READ_CONSUME_CHECK_CONSUMER) timestamp=1631 ms, used_size=2891776 bytes (7.1%)
(RDMA_READ_CONSUME_CHECK_CONSUMER) timestamp=1631 ms, used_size=2889728 bytes (7.1%)
(RDMA_READ_CONSUME_CHECK_CONSUMER) timestamp=1631 ms, used_size=2887680 bytes (7.0%)
(RDMA_READ_CONSUME_CHECK_CONSUMER) timestamp=1631 ms, used_size=2885632 bytes (7.0%)
(RDMA_READ_CONSUME_CHECK_CONSUMER) timestamp=1631 ms, used_size=2883584 bytes (7.0%)
(RDMA_READ_CONSUME_CHECK_CONSUMER) timestamp=1631 ms, used_size=2881536 bytes (7.0%)
(RDMA_READ_CONSUME_CHECK_CONSUMER) timestamp=1631 ms, used_size=2879488 bytes (7.0%)
(RDMA_READ_CONSUME_CHECK_CONSUMER) timestamp=1632 ms, used_size=2877440 bytes (7.0%)
(RDMA_READ_CONSUME_CHECK_CONSUMER) timestamp=1632 ms, used_size=2875392 bytes (7.0%)
(RDMA_READ_CONSUME_CHECK_CONSUMER) timestamp=1632 ms, used_size=2873344 bytes (7.0%)
(RDMA_READ_CONSUME_CHECK_CONSUMER) timestamp=1632 ms, used_size=2871296 bytes (7.0%)
(RDMA_READ_CONSUME_CHECK_CONSUMER) timestamp=1632 ms, used_size=2869248 bytes (7.0%)
(RDMA_READ_CONSUME_CHECK_CONSUMER) timestamp=1632 ms, used_size=2867200 bytes (7.0%)
(RDMA_READ_CONSUME_CHECK_CONSUMER) timestamp=1632 ms, used_size=2865152 bytes (7.0%)
(RDMA_READ_CONSUME_CHECK_CONSUMER) timestamp=1632 ms, used_size=2863104 bytes (7.0%)
(RDMA_READ_CONSUME_CHECK_CONSUMER) timestamp=1632 ms, used_size=2861056 bytes (7.0%)
(RDMA_READ_CONSUME_CHECK_CONSUMER) timestamp=1632 ms, used_size=2859008 bytes (7.0%)
(RDMA_READ_CONSUME_CHECK_CONSUMER) timestamp=1632 ms, used_size=2856960 bytes (7.0%)
(RDMA_READ_CONSUME_CHECK_CONSUMER) timestamp=1632 ms, used_size=2854912 bytes (7.0%)
(RDMA_READ_CONSUME_CHECK_CONSUMER) timestamp=1632 ms, used_size=2852864 bytes (7.0%)
(RDMA_READ_CONSUME_CHECK_CONSUMER) timestamp=1632 ms, used_size=2850816 bytes (7.0%)
(RDMA_READ_CONSUME_CHECK_CONSUMER) timestamp=1632 ms, used_size=2848768 bytes (7.0%)
(RDMA_READ_CONSUME_CHECK_CONSUMER) timestamp=1632 ms, used_size=2846720 bytes (7.0%)
(RDMA_READ_CONSUME_CHECK_CONSUMER) timestamp=1632 ms, used_size=2844672 bytes (6.9%)
(RDMA_READ_CONSUME_CHECK_CONSUMER) timestamp=1632 ms, used_size=2842624 bytes (6.9%)
(RDMA_READ_CONSUME_CHECK_CONSUMER) timestamp=1632 ms, used_size=2840576 bytes (6.9%)
(RDMA_READ_CONSUME_CHECK_CONSUMER) timestamp=1632 ms, used_size=2838528 bytes (6.9%)
(RDMA_READ_CONSUME_CHECK_CONSUMER) timestamp=1632 ms, used_size=2836480 bytes (6.9%)
(RDMA_READ_CONSUME_CHECK_CONSUMER) timestamp=1632 ms, used_size=2834432 bytes (6.9%)
(RDMA_READ_CONSUME_CHECK_CONSUMER) timestamp=1632 ms, used_size=2832384 bytes (6.9%)
(RDMA_READ_CONSUME_CHECK_CONSUMER) timestamp=1632 ms, used_size=2830336 bytes (6.9%)
(RDMA_READ_CONSUME_CHECK_CONSUMER) timestamp=1632 ms, used_size=2828288 bytes (6.9%)
(RDMA_READ_CONSUME_CHECK_CONSUMER) timestamp=1632 ms, used_size=2826240 bytes (6.9%)
(RDMA_READ_CONSUME_CHECK_CONSUMER) timestamp=1632 ms, used_size=2824192 bytes (6.9%)
(RDMA_READ_CONSUME_CHECK_CONSUMER) timestamp=1632 ms, used_size=2822144 bytes (6.9%)
(RDMA_READ_CONSUME_CHECK_CONSUMER) timestamp=1632 ms, used_size=2820096 bytes (6.9%)
(RDMA_READ_CONSUME_CHECK_CONSUMER) timestamp=1632 ms, used_size=2818048 bytes (6.9%)
(RDMA_READ_CONSUME_CHECK_CONSUMER) timestamp=1632 ms, used_size=2816000 bytes (6.9%)
(RDMA_READ_CONSUME_CHECK_CONSUMER) timestamp=1632 ms, used_size=2813952 bytes (6.9%)
(RDMA_READ_CONSUME_CHECK_CONSUMER) timestamp=1632 ms, used_size=2811904 bytes (6.9%)
(RDMA_READ_CONSUME_CHECK_CONSUMER) timestamp=1632 ms, used_size=2809856 bytes (6.9%)
(RDMA_READ_CONSUME_CHECK_CONSUMER) timestamp=1632 ms, used_size=2807808 bytes (6.9%)
(RDMA_READ_CONSUME_CHECK_CONSUMER) timestamp=1632 ms, used_size=2805760 bytes (6.8%)
(RDMA_READ_CONSUME_CHECK_CONSUMER) timestamp=1632 ms, used_size=2803712 bytes (6.8%)
(RDMA_READ_CONSUME_CHECK_CONSUMER) timestamp=1632 ms, used_size=2801664 bytes (6.8%)
(RDMA_READ_CONSUME_CHECK_CONSUMER) timestamp=1632 ms, used_size=2799616 bytes (6.8%)
(RDMA_READ_CONSUME_CHECK_CONSUMER) timestamp=1632 ms, used_size=2797568 bytes (6.8%)
(RDMA_READ_CONSUME_CHECK_CONSUMER) timestamp=1632 ms, used_size=2795520 bytes (6.8%)
(RDMA_READ_CONSUME_CHECK_CONSUMER) timestamp=1632 ms, used_size=2793472 bytes (6.8%)
(RDMA_READ_CONSUME_CHECK_CONSUMER) timestamp=1632 ms, used_size=2791424 bytes (6.8%)
(RDMA_READ_CONSUME_CHECK_CONSUMER) timestamp=1632 ms, used_size=2789376 bytes (6.8%)
(RDMA_READ_CONSUME_CHECK_CONSUMER) timestamp=1632 ms, used_size=2787328 bytes (6.8%)
(RDMA_READ_CONSUME_CHECK_CONSUMER) timestamp=1632 ms, used_size=2785280 bytes (6.8%)
(RDMA_READ_CONSUME_CHECK_CONSUMER) timestamp=1632 ms, used_size=2783232 bytes (6.8%)
(RDMA_READ_CONSUME_CHECK_CONSUMER) timestamp=1632 ms, used_size=2781184 bytes (6.8%)
(RDMA_READ_CONSUME_CHECK_CONSUMER) timestamp=1632 ms, used_size=2779136 bytes (6.8%)
(RDMA_READ_CONSUME_CHECK_CONSUMER) timestamp=1632 ms, used_size=2777088 bytes (6.8%)
(RDMA_READ_CONSUME_CHECK_CONSUMER) timestamp=1632 ms, used_size=2775040 bytes (6.8%)
(RDMA_READ_CONSUME_CHECK_CONSUMER) timestamp=1632 ms, used_size=2772992 bytes (6.8%)
(RDMA_READ_CONSUME_CHECK_CONSUMER) timestamp=1632 ms, used_size=2770944 bytes (6.8%)
(RDMA_READ_CONSUME_CHECK_CONSUMER) timestamp=1632 ms, used_size=2768896 bytes (6.8%)
(RDMA_READ_CONSUME_CHECK_CONSUMER) timestamp=1632 ms, used_size=2766848 bytes (6.8%)
(RDMA_READ_CONSUME_CHECK_CONSUMER) timestamp=1632 ms, used_size=2764800 bytes (6.8%)
(RDMA_READ_CONSUME_CHECK_CONSUMER) timestamp=1632 ms, used_size=2762752 bytes (6.7%)
(RDMA_READ_CONSUME_CHECK_CONSUMER) timestamp=1632 ms, used_size=2760704 bytes (6.7%)
(RDMA_READ_CONSUME_CHECK_CONSUMER) timestamp=1632 ms, used_size=2758656 bytes (6.7%)
(RDMA_READ_CONSUME_CHECK_CONSUMER) timestamp=1632 ms, used_size=2756608 bytes (6.7%)
(RDMA_READ_CONSUME_CHECK_CONSUMER) timestamp=1632 ms, used_size=2754560 bytes (6.7%)
(RDMA_READ_CONSUME_CHECK_CONSUMER) timestamp=1632 ms, used_size=2752512 bytes (6.7%)
(RDMA_READ_CONSUME_CHECK_CONSUMER) timestamp=1632 ms, used_size=2750464 bytes (6.7%)
(RDMA_READ_CONSUME_CHECK_CONSUMER) timestamp=1632 ms, used_size=2748416 bytes (6.7%)
(RDMA_READ_CONSUME_CHECK_CONSUMER) timestamp=1632 ms, used_size=2746368 bytes (6.7%)
(RDMA_READ_CONSUME_CHECK_CONSUMER) timestamp=1632 ms, used_size=2744320 bytes (6.7%)
(RDMA_READ_CONSUME_CHECK_CONSUMER) timestamp=1632 ms, used_size=2742272 bytes (6.7%)
(RDMA_READ_CONSUME_CHECK_CONSUMER) timestamp=1632 ms, used_size=2740224 bytes (6.7%)
(RDMA_READ_CONSUME_CHECK_CONSUMER) timestamp=1632 ms, used_size=2738176 bytes (6.7%)
(RDMA_READ_CONSUME_CHECK_CONSUMER) timestamp=1632 ms, used_size=2736128 bytes (6.7%)
(RDMA_READ_CONSUME_CHECK_CONSUMER) timestamp=1632 ms, used_size=2734080 bytes (6.7%)
(RDMA_READ_CONSUME_CHECK_CONSUMER) timestamp=1632 ms, used_size=2732032 bytes (6.7%)
(RDMA_READ_CONSUME_CHECK_CONSUMER) timestamp=1632 ms, used_size=2729984 bytes (6.7%)
(RDMA_READ_CONSUME_CHECK_CONSUMER) timestamp=1632 ms, used_size=2727936 bytes (6.7%)
(RDMA_READ_CONSUME_CHECK_CONSUMER) timestamp=1632 ms, used_size=2725888 bytes (6.7%)
(RDMA_READ_CONSUME_CHECK_CONSUMER) timestamp=1632 ms, used_size=2723840 bytes (6.7%)
(RDMA_READ_CONSUME_CHECK_CONSUMER) timestamp=1632 ms, used_size=2721792 bytes (6.6%)
(RDMA_READ_CONSUME_CHECK_CONSUMER) timestamp=1632 ms, used_size=2719744 bytes (6.6%)
(RDMA_READ_CONSUME_CHECK_CONSUMER) timestamp=1632 ms, used_size=2717696 bytes (6.6%)
(RDMA_READ_CONSUME_CHECK_CONSUMER) timestamp=1632 ms, used_size=2715648 bytes (6.6%)
(RDMA_READ_CONSUME_CHECK_CONSUMER) timestamp=1632 ms, used_size=2713600 bytes (6.6%)
(RDMA_READ_CONSUME_CHECK_CONSUMER) timestamp=1632 ms, used_size=2711552 bytes (6.6%)
(RDMA_READ_CONSUME_CHECK_CONSUMER) timestamp=1632 ms, used_size=2709504 bytes (6.6%)
(RDMA_READ_CONSUME_CHECK_CONSUMER) timestamp=1632 ms, used_size=2707456 bytes (6.6%)
(RDMA_READ_CONSUME_CHECK_CONSUMER) timestamp=1632 ms, used_size=2705408 bytes (6.6%)
(RDMA_READ_CONSUME_CHECK_CONSUMER) timestamp=1632 ms, used_size=2703360 bytes (6.6%)
(RDMA_READ_CONSUME_CHECK_CONSUMER) timestamp=1632 ms, used_size=2701312 bytes (6.6%)
(RDMA_READ_CONSUME_CHECK_CONSUMER) timestamp=1632 ms, used_size=2699264 bytes (6.6%)
(RDMA_READ_CONSUME_CHECK_CONSUMER) timestamp=1632 ms, used_size=2697216 bytes (6.6%)
(RDMA_READ_CONSUME_CHECK_CONSUMER) timestamp=1632 ms, used_size=2695168 bytes (6.6%)
(RDMA_READ_CONSUME_CHECK_CONSUMER) timestamp=1632 ms, used_size=2693120 bytes (6.6%)
(RDMA_READ_CONSUME_CHECK_CONSUMER) timestamp=1632 ms, used_size=2691072 bytes (6.6%)
(RDMA_READ_CONSUME_CHECK_CONSUMER) timestamp=1632 ms, used_size=2689024 bytes (6.6%)
(RDMA_READ_CONSUME_CHECK_CONSUMER) timestamp=1632 ms, used_size=2686976 bytes (6.6%)
(RDMA_READ_CONSUME_CHECK_CONSUMER) timestamp=1632 ms, used_size=2684928 bytes (6.6%)
(RDMA_READ_CONSUME_CHECK_CONSUMER) timestamp=1632 ms, used_size=2682880 bytes (6.5%)
(RDMA_READ_CONSUME_CHECK_CONSUMER) timestamp=1632 ms, used_size=2680832 bytes (6.5%)
(RDMA_READ_CONSUME_CHECK_CONSUMER) timestamp=1632 ms, used_size=2678784 bytes (6.5%)
(RDMA_READ_CONSUME_CHECK_CONSUMER) timestamp=1632 ms, used_size=2676736 bytes (6.5%)
(RDMA_READ_CONSUME_CHECK_CONSUMER) timestamp=1632 ms, used_size=2674688 bytes (6.5%)
(RDMA_READ_CONSUME_CHECK_CONSUMER) timestamp=1632 ms, used_size=2672640 bytes (6.5%)
(RDMA_READ_CONSUME_CHECK_CONSUMER) timestamp=1632 ms, used_size=2670592 bytes (6.5%)
(RDMA_READ_CONSUME_CHECK_CONSUMER) timestamp=1632 ms, used_size=2668544 bytes (6.5%)
(RDMA_READ_CONSUME_CHECK_CONSUMER) timestamp=1632 ms, used_size=2666496 bytes (6.5%)
(RDMA_READ_CONSUME_CHECK_CONSUMER) timestamp=1632 ms, used_size=2664448 bytes (6.5%)
(RDMA_READ_CONSUME_CHECK_CONSUMER) timestamp=1632 ms, used_size=2662400 bytes (6.5%)
(RDMA_READ_CONSUME_CHECK_CONSUMER) timestamp=1632 ms, used_size=2660352 bytes (6.5%)
(RDMA_READ_CONSUME_CHECK_CONSUMER) timestamp=1632 ms, used_size=2658304 bytes (6.5%)
(RDMA_READ_CONSUME_CHECK_CONSUMER) timestamp=1632 ms, used_size=2656256 bytes (6.5%)
(RDMA_READ_CONSUME_CHECK_CONSUMER) timestamp=1632 ms, used_size=2654208 bytes (6.5%)
(RDMA_READ_CONSUME_CHECK_CONSUMER) timestamp=1632 ms, used_size=2652160 bytes (6.5%)
(RDMA_READ_CONSUME_CHECK_CONSUMER) timestamp=1632 ms, used_size=2650112 bytes (6.5%)
(RDMA_READ_CONSUME_CHECK_CONSUMER) timestamp=1632 ms, used_size=2648064 bytes (6.5%)
(RDMA_READ_CONSUME_CHECK_CONSUMER) timestamp=1632 ms, used_size=2646016 bytes (6.5%)
(RDMA_READ_CONSUME_CHECK_CONSUMER) timestamp=1632 ms, used_size=2643968 bytes (6.5%)
(RDMA_READ_CONSUME_CHECK_CONSUMER) timestamp=1632 ms, used_size=2641920 bytes (6.5%)
(RDMA_READ_CONSUME_CHECK_CONSUMER) timestamp=1632 ms, used_size=2639872 bytes (6.4%)
(RDMA_READ_CONSUME_CHECK_CONSUMER) timestamp=1632 ms, used_size=2637824 bytes (6.4%)
(RDMA_READ_CONSUME_CHECK_CONSUMER) timestamp=1632 ms, used_size=2635776 bytes (6.4%)
(RDMA_READ_CONSUME_CHECK_CONSUMER) timestamp=1632 ms, used_size=2633728 bytes (6.4%)
(RDMA_READ_CONSUME_CHECK_CONSUMER) timestamp=1632 ms, used_size=2631680 bytes (6.4%)
(RDMA_READ_CONSUME_CHECK_CONSUMER) timestamp=1632 ms, used_size=2629632 bytes (6.4%)
(RDMA_READ_CONSUME_CHECK_CONSUMER) timestamp=1632 ms, used_size=2627584 bytes (6.4%)
(RDMA_READ_CONSUME_CHECK_CONSUMER) timestamp=1632 ms, used_size=2625536 bytes (6.4%)
(RDMA_READ_CONSUME_CHECK_CONSUMER) timestamp=1632 ms, used_size=2623488 bytes (6.4%)
(RDMA_READ_CONSUME_CHECK_CONSUMER) timestamp=1632 ms, used_size=2621440 bytes (6.4%)
(RDMA_READ_CONSUME_CHECK_CONSUMER) timestamp=1632 ms, used_size=2619392 bytes (6.4%)
(RDMA_READ_CONSUME_CHECK_CONSUMER) timestamp=1632 ms, used_size=2617344 bytes (6.4%)
(RDMA_READ_CONSUME_CHECK_CONSUMER) timestamp=1632 ms, used_size=2615296 bytes (6.4%)
(RDMA_READ_CONSUME_CHECK_CONSUMER) timestamp=1632 ms, used_size=2613248 bytes (6.4%)
(RDMA_READ_CONSUME_CHECK_CONSUMER) timestamp=1632 ms, used_size=2611200 bytes (6.4%)
(RDMA_READ_CONSUME_CHECK_CONSUMER) timestamp=1632 ms, used_size=2609152 bytes (6.4%)
(RDMA_READ_CONSUME_CHECK_CONSUMER) timestamp=1632 ms, used_size=2607104 bytes (6.4%)
(RDMA_READ_CONSUME_CHECK_CONSUMER) timestamp=1632 ms, used_size=2605056 bytes (6.4%)
(RDMA_READ_CONSUME_CHECK_CONSUMER) timestamp=1632 ms, used_size=2603008 bytes (6.4%)
(RDMA_READ_CONSUME_CHECK_CONSUMER) timestamp=1632 ms, used_size=2600960 bytes (6.3%)
(RDMA_READ_CONSUME_CHECK_CONSUMER) timestamp=1632 ms, used_size=2598912 bytes (6.3%)
(RDMA_READ_CONSUME_CHECK_CONSUMER) timestamp=1632 ms, used_size=2596864 bytes (6.3%)
(RDMA_READ_CONSUME_CHECK_CONSUMER) timestamp=1632 ms, used_size=2594816 bytes (6.3%)
(RDMA_READ_CONSUME_CHECK_CONSUMER) timestamp=1632 ms, used_size=2592768 bytes (6.3%)
(RDMA_READ_CONSUME_CHECK_CONSUMER) timestamp=1632 ms, used_size=2590720 bytes (6.3%)
(RDMA_READ_CONSUME_CHECK_CONSUMER) timestamp=1632 ms, used_size=2588672 bytes (6.3%)
(RDMA_READ_CONSUME_CHECK_CONSUMER) timestamp=1632 ms, used_size=2586624 bytes (6.3%)
(RDMA_READ_CONSUME_CHECK_CONSUMER) timestamp=1632 ms, used_size=2584576 bytes (6.3%)
(RDMA_READ_CONSUME_CHECK_CONSUMER) timestamp=1632 ms, used_size=2582528 bytes (6.3%)
(RDMA_READ_CONSUME_CHECK_CONSUMER) timestamp=1632 ms, used_size=2580480 bytes (6.3%)
(RDMA_READ_CONSUME_CHECK_CONSUMER) timestamp=1632 ms, used_size=2578432 bytes (6.3%)
(RDMA_READ_CONSUME_CHECK_CONSUMER) timestamp=1632 ms, used_size=2576384 bytes (6.3%)
(RDMA_READ_CONSUME_CHECK_CONSUMER) timestamp=1632 ms, used_size=2574336 bytes (6.3%)
(RDMA_READ_CONSUME_CHECK_CONSUMER) timestamp=1632 ms, used_size=2572288 bytes (6.3%)
(RDMA_READ_CONSUME_CHECK_CONSUMER) timestamp=1632 ms, used_size=2570240 bytes (6.3%)
(RDMA_READ_CONSUME_CHECK_CONSUMER) timestamp=1632 ms, used_size=2568192 bytes (6.3%)
(RDMA_READ_CONSUME_CHECK_CONSUMER) timestamp=1632 ms, used_size=2566144 bytes (6.3%)
(RDMA_READ_CONSUME_CHECK_CONSUMER) timestamp=1632 ms, used_size=2564096 bytes (6.3%)
(RDMA_READ_CONSUME_CHECK_CONSUMER) timestamp=1632 ms, used_size=2562048 bytes (6.3%)
(RDMA_READ_CONSUME_CHECK_CONSUMER) timestamp=1632 ms, used_size=2560000 bytes (6.2%)
(RDMA_READ_CONSUME_CHECK_CONSUMER) timestamp=1632 ms, used_size=2557952 bytes (6.2%)
(RDMA_READ_CONSUME_CHECK_CONSUMER) timestamp=1632 ms, used_size=2555904 bytes (6.2%)
(RDMA_READ_CONSUME_CHECK_CONSUMER) timestamp=1632 ms, used_size=2553856 bytes (6.2%)
(RDMA_READ_CONSUME_CHECK_CONSUMER) timestamp=1632 ms, used_size=2551808 bytes (6.2%)
(RDMA_READ_CONSUME_CHECK_CONSUMER) timestamp=1632 ms, used_size=2549760 bytes (6.2%)
(RDMA_READ_CONSUME_CHECK_CONSUMER) timestamp=1632 ms, used_size=2547712 bytes (6.2%)
(RDMA_READ_CONSUME_CHECK_CONSUMER) timestamp=1632 ms, used_size=2545664 bytes (6.2%)
(RDMA_READ_CONSUME_CHECK_CONSUMER) timestamp=1632 ms, used_size=2543616 bytes (6.2%)
(RDMA_READ_CONSUME_CHECK_CONSUMER) timestamp=1632 ms, used_size=2541568 bytes (6.2%)
(RDMA_READ_CONSUME_CHECK_CONSUMER) timestamp=1632 ms, used_size=2539520 bytes (6.2%)
(RDMA_READ_CONSUME_CHECK_CONSUMER) timestamp=1632 ms, used_size=2537472 bytes (6.2%)
(RDMA_READ_CONSUME_CHECK_CONSUMER) timestamp=1632 ms, used_size=2535424 bytes (6.2%)
(RDMA_READ_CONSUME_CHECK_CONSUMER) timestamp=1632 ms, used_size=2533376 bytes (6.2%)
(RDMA_READ_CONSUME_CHECK_CONSUMER) timestamp=1632 ms, used_size=2531328 bytes (6.2%)
(RDMA_READ_CONSUME_CHECK_CONSUMER) timestamp=1632 ms, used_size=2529280 bytes (6.2%)
(RDMA_READ_CONSUME_CHECK_CONSUMER) timestamp=1632 ms, used_size=2527232 bytes (6.2%)
(RDMA_READ_CONSUME_CHECK_CONSUMER) timestamp=1632 ms, used_size=2525184 bytes (6.2%)
(RDMA_READ_CONSUME_CHECK_CONSUMER) timestamp=1632 ms, used_size=2523136 bytes (6.2%)
(RDMA_READ_CONSUME_CHECK_CONSUMER) timestamp=1632 ms, used_size=2521088 bytes (6.2%)
(RDMA_READ_CONSUME_CHECK_CONSUMER) timestamp=1632 ms, used_size=2519040 bytes (6.2%)
(RDMA_READ_CONSUME_CHECK_CONSUMER) timestamp=1632 ms, used_size=2516992 bytes (6.1%)
(RDMA_READ_CONSUME_CHECK_CONSUMER) timestamp=1632 ms, used_size=2514944 bytes (6.1%)
(RDMA_READ_CONSUME_CHECK_CONSUMER) timestamp=1632 ms, used_size=2512896 bytes (6.1%)
(RDMA_READ_CONSUME_CHECK_CONSUMER) timestamp=1633 ms, used_size=2510848 bytes (6.1%)
(RDMA_READ_CONSUME_CHECK_CONSUMER) timestamp=1633 ms, used_size=2508800 bytes (6.1%)
(RDMA_READ_CONSUME_CHECK_CONSUMER) timestamp=1633 ms, used_size=2506752 bytes (6.1%)
(RDMA_READ_CONSUME_CHECK_CONSUMER) timestamp=1633 ms, used_size=2504704 bytes (6.1%)
(RDMA_READ_CONSUME_CHECK_CONSUMER) timestamp=1633 ms, used_size=2502656 bytes (6.1%)
(RDMA_READ_CONSUME_CHECK_CONSUMER) timestamp=1633 ms, used_size=2500608 bytes (6.1%)
(RDMA_READ_CONSUME_CHECK_CONSUMER) timestamp=1633 ms, used_size=2498560 bytes (6.1%)
(RDMA_READ_CONSUME_CHECK_CONSUMER) timestamp=1633 ms, used_size=2496512 bytes (6.1%)
(RDMA_READ_CONSUME_CHECK_CONSUMER) timestamp=1633 ms, used_size=2494464 bytes (6.1%)
(RDMA_READ_CONSUME_CHECK_CONSUMER) timestamp=1633 ms, used_size=2492416 bytes (6.1%)
(RDMA_READ_CONSUME_CHECK_CONSUMER) timestamp=1633 ms, used_size=2490368 bytes (6.1%)
(RDMA_READ_CONSUME_CHECK_CONSUMER) timestamp=1633 ms, used_size=2488320 bytes (6.1%)
(RDMA_READ_CONSUME_CHECK_CONSUMER) timestamp=1633 ms, used_size=2486272 bytes (6.1%)
(RDMA_READ_CONSUME_CHECK_CONSUMER) timestamp=1633 ms, used_size=2484224 bytes (6.1%)
(RDMA_READ_CONSUME_CHECK_CONSUMER) timestamp=1633 ms, used_size=2482176 bytes (6.1%)
(RDMA_READ_CONSUME_CHECK_CONSUMER) timestamp=1633 ms, used_size=2480128 bytes (6.1%)
(RDMA_READ_CONSUME_CHECK_CONSUMER) timestamp=1633 ms, used_size=2478080 bytes (6.0%)
(RDMA_READ_CONSUME_CHECK_CONSUMER) timestamp=1633 ms, used_size=2476032 bytes (6.0%)
(RDMA_READ_CONSUME_CHECK_CONSUMER) timestamp=1633 ms, used_size=2473984 bytes (6.0%)
(RDMA_READ_CONSUME_CHECK_CONSUMER) timestamp=1633 ms, used_size=2471936 bytes (6.0%)
(RDMA_READ_CONSUME_CHECK_CONSUMER) timestamp=1633 ms, used_size=2469888 bytes (6.0%)
(RDMA_READ_CONSUME_CHECK_CONSUMER) timestamp=1633 ms, used_size=2467840 bytes (6.0%)
(RDMA_READ_CONSUME_CHECK_CONSUMER) timestamp=1633 ms, used_size=2465792 bytes (6.0%)
(RDMA_READ_CONSUME_CHECK_CONSUMER) timestamp=1633 ms, used_size=2463744 bytes (6.0%)
(RDMA_READ_CONSUME_CHECK_CONSUMER) timestamp=1633 ms, used_size=2461696 bytes (6.0%)
(RDMA_READ_CONSUME_CHECK_CONSUMER) timestamp=1633 ms, used_size=2459648 bytes (6.0%)
(RDMA_READ_CONSUME_CHECK_CONSUMER) timestamp=1633 ms, used_size=2457600 bytes (6.0%)
(RDMA_READ_CONSUME_CHECK_CONSUMER) timestamp=1633 ms, used_size=2455552 bytes (6.0%)
(RDMA_READ_CONSUME_CHECK_CONSUMER) timestamp=1633 ms, used_size=2453504 bytes (6.0%)
(RDMA_READ_CONSUME_CHECK_CONSUMER) timestamp=1633 ms, used_size=2451456 bytes (6.0%)
(RDMA_READ_CONSUME_CHECK_CONSUMER) timestamp=1633 ms, used_size=2449408 bytes (6.0%)
(RDMA_READ_CONSUME_CHECK_CONSUMER) timestamp=1633 ms, used_size=2447360 bytes (6.0%)
(RDMA_READ_CONSUME_CHECK_CONSUMER) timestamp=1633 ms, used_size=2445312 bytes (6.0%)
(RDMA_READ_CONSUME_CHECK_CONSUMER) timestamp=1633 ms, used_size=2443264 bytes (6.0%)
(RDMA_READ_CONSUME_CHECK_CONSUMER) timestamp=1633 ms, used_size=2441216 bytes (6.0%)
(RDMA_READ_CONSUME_CHECK_CONSUMER) timestamp=1633 ms, used_size=2439168 bytes (6.0%)
(RDMA_READ_CONSUME_CHECK_CONSUMER) timestamp=1633 ms, used_size=2437120 bytes (6.0%)
(RDMA_READ_CONSUME_CHECK_CONSUMER) timestamp=1633 ms, used_size=2435072 bytes (5.9%)
(RDMA_READ_CONSUME_CHECK_CONSUMER) timestamp=1633 ms, used_size=2433024 bytes (5.9%)
(RDMA_READ_CONSUME_CHECK_CONSUMER) timestamp=1633 ms, used_size=2430976 bytes (5.9%)
(RDMA_READ_CONSUME_CHECK_CONSUMER) timestamp=1633 ms, used_size=2428928 bytes (5.9%)
(RDMA_READ_CONSUME_CHECK_CONSUMER) timestamp=1633 ms, used_size=2426880 bytes (5.9%)
(RDMA_READ_CONSUME_CHECK_CONSUMER) timestamp=1633 ms, used_size=2424832 bytes (5.9%)
(RDMA_READ_CONSUME_CHECK_CONSUMER) timestamp=1633 ms, used_size=2422784 bytes (5.9%)
(RDMA_READ_CONSUME_CHECK_CONSUMER) timestamp=1633 ms, used_size=2420736 bytes (5.9%)
(RDMA_READ_CONSUME_CHECK_CONSUMER) timestamp=1633 ms, used_size=2418688 bytes (5.9%)
(RDMA_READ_CONSUME_CHECK_CONSUMER) timestamp=1633 ms, used_size=2416640 bytes (5.9%)
(RDMA_READ_CONSUME_CHECK_CONSUMER) timestamp=1633 ms, used_size=2414592 bytes (5.9%)
(RDMA_READ_CONSUME_CHECK_CONSUMER) timestamp=1633 ms, used_size=2412544 bytes (5.9%)
(RDMA_READ_CONSUME_CHECK_CONSUMER) timestamp=1633 ms, used_size=2410496 bytes (5.9%)
(RDMA_READ_CONSUME_CHECK_CONSUMER) timestamp=1633 ms, used_size=2408448 bytes (5.9%)
(RDMA_READ_CONSUME_CHECK_CONSUMER) timestamp=1633 ms, used_size=2406400 bytes (5.9%)
(RDMA_READ_CONSUME_CHECK_CONSUMER) timestamp=1633 ms, used_size=2404352 bytes (5.9%)
(RDMA_READ_CONSUME_CHECK_CONSUMER) timestamp=1633 ms, used_size=2402304 bytes (5.9%)
(RDMA_READ_CONSUME_CHECK_CONSUMER) timestamp=1633 ms, used_size=2400256 bytes (5.9%)
(RDMA_READ_CONSUME_CHECK_CONSUMER) timestamp=1633 ms, used_size=2398208 bytes (5.9%)
(RDMA_READ_CONSUME_CHECK_CONSUMER) timestamp=1633 ms, used_size=2396160 bytes (5.8%)
(RDMA_READ_CONSUME_CHECK_CONSUMER) timestamp=1633 ms, used_size=2394112 bytes (5.8%)
(RDMA_READ_CONSUME_CHECK_CONSUMER) timestamp=1633 ms, used_size=2392064 bytes (5.8%)
(RDMA_READ_CONSUME_CHECK_CONSUMER) timestamp=1633 ms, used_size=2390016 bytes (5.8%)
(RDMA_READ_CONSUME_CHECK_CONSUMER) timestamp=1633 ms, used_size=2387968 bytes (5.8%)
(RDMA_READ_CONSUME_CHECK_CONSUMER) timestamp=1633 ms, used_size=2385920 bytes (5.8%)
(RDMA_READ_CONSUME_CHECK_CONSUMER) timestamp=1633 ms, used_size=2383872 bytes (5.8%)
(RDMA_READ_CONSUME_CHECK_CONSUMER) timestamp=1633 ms, used_size=2381824 bytes (5.8%)
(RDMA_READ_CONSUME_CHECK_CONSUMER) timestamp=1633 ms, used_size=2379776 bytes (5.8%)
(RDMA_READ_CONSUME_CHECK_CONSUMER) timestamp=1633 ms, used_size=2377728 bytes (5.8%)
(RDMA_READ_CONSUME_CHECK_CONSUMER) timestamp=1633 ms, used_size=2375680 bytes (5.8%)
(RDMA_READ_CONSUME_CHECK_CONSUMER) timestamp=1633 ms, used_size=2373632 bytes (5.8%)
(RDMA_READ_CONSUME_CHECK_CONSUMER) timestamp=1633 ms, used_size=2371584 bytes (5.8%)
(RDMA_READ_CONSUME_CHECK_CONSUMER) timestamp=1633 ms, used_size=2369536 bytes (5.8%)
(RDMA_READ_CONSUME_CHECK_CONSUMER) timestamp=1633 ms, used_size=2367488 bytes (5.8%)
(RDMA_READ_CONSUME_CHECK_CONSUMER) timestamp=1633 ms, used_size=2365440 bytes (5.8%)
(RDMA_READ_CONSUME_CHECK_CONSUMER) timestamp=1633 ms, used_size=2363392 bytes (5.8%)
(RDMA_READ_CONSUME_CHECK_CONSUMER) timestamp=1633 ms, used_size=2361344 bytes (5.8%)
(RDMA_READ_CONSUME_CHECK_CONSUMER) timestamp=1633 ms, used_size=2359296 bytes (5.8%)
(RDMA_READ_CONSUME_CHECK_CONSUMER) timestamp=1633 ms, used_size=2357248 bytes (5.8%)
(RDMA_READ_CONSUME_CHECK_CONSUMER) timestamp=1633 ms, used_size=2355200 bytes (5.8%)
(RDMA_READ_CONSUME_CHECK_CONSUMER) timestamp=1633 ms, used_size=2353152 bytes (5.7%)
(RDMA_READ_CONSUME_CHECK_CONSUMER) timestamp=1633 ms, used_size=2351104 bytes (5.7%)
(RDMA_READ_CONSUME_CHECK_CONSUMER) timestamp=1633 ms, used_size=2349056 bytes (5.7%)
(RDMA_READ_CONSUME_CHECK_CONSUMER) timestamp=1633 ms, used_size=2347008 bytes (5.7%)
(RDMA_READ_CONSUME_CHECK_CONSUMER) timestamp=1633 ms, used_size=2344960 bytes (5.7%)
(RDMA_READ_CONSUME_CHECK_CONSUMER) timestamp=1633 ms, used_size=2342912 bytes (5.7%)
(RDMA_READ_CONSUME_CHECK_CONSUMER) timestamp=1633 ms, used_size=2340864 bytes (5.7%)
(RDMA_READ_CONSUME_CHECK_CONSUMER) timestamp=1633 ms, used_size=2338816 bytes (5.7%)
(RDMA_READ_CONSUME_CHECK_CONSUMER) timestamp=1633 ms, used_size=2336768 bytes (5.7%)
(RDMA_READ_CONSUME_CHECK_CONSUMER) timestamp=1633 ms, used_size=2334720 bytes (5.7%)
(RDMA_READ_CONSUME_CHECK_CONSUMER) timestamp=1633 ms, used_size=2332672 bytes (5.7%)
(RDMA_READ_CONSUME_CHECK_CONSUMER) timestamp=1633 ms, used_size=2330624 bytes (5.7%)
(RDMA_READ_CONSUME_CHECK_CONSUMER) timestamp=1633 ms, used_size=2328576 bytes (5.7%)
(RDMA_READ_CONSUME_CHECK_CONSUMER) timestamp=1633 ms, used_size=2326528 bytes (5.7%)
(RDMA_READ_CONSUME_CHECK_CONSUMER) timestamp=1633 ms, used_size=2324480 bytes (5.7%)
(RDMA_READ_CONSUME_CHECK_CONSUMER) timestamp=1633 ms, used_size=2322432 bytes (5.7%)
(RDMA_READ_CONSUME_CHECK_CONSUMER) timestamp=1633 ms, used_size=2320384 bytes (5.7%)
(RDMA_READ_CONSUME_CHECK_CONSUMER) timestamp=1633 ms, used_size=2318336 bytes (5.7%)
(RDMA_READ_CONSUME_CHECK_CONSUMER) timestamp=1633 ms, used_size=2316288 bytes (5.7%)
(RDMA_READ_CONSUME_CHECK_CONSUMER) timestamp=1633 ms, used_size=2314240 bytes (5.7%)
(RDMA_READ_CONSUME_CHECK_CONSUMER) timestamp=1633 ms, used_size=2312192 bytes (5.6%)
(RDMA_READ_CONSUME_CHECK_CONSUMER) timestamp=1633 ms, used_size=2310144 bytes (5.6%)
(RDMA_READ_CONSUME_CHECK_CONSUMER) timestamp=1633 ms, used_size=2308096 bytes (5.6%)
(RDMA_READ_CONSUME_CHECK_CONSUMER) timestamp=1633 ms, used_size=2306048 bytes (5.6%)
(RDMA_READ_CONSUME_CHECK_CONSUMER) timestamp=1633 ms, used_size=2304000 bytes (5.6%)
(RDMA_READ_CONSUME_CHECK_CONSUMER) timestamp=1633 ms, used_size=2301952 bytes (5.6%)
(RDMA_READ_CONSUME_CHECK_CONSUMER) timestamp=1633 ms, used_size=2299904 bytes (5.6%)
(RDMA_READ_CONSUME_CHECK_CONSUMER) timestamp=1633 ms, used_size=2297856 bytes (5.6%)
(RDMA_READ_CONSUME_CHECK_CONSUMER) timestamp=1633 ms, used_size=2295808 bytes (5.6%)
(RDMA_READ_CONSUME_CHECK_CONSUMER) timestamp=1633 ms, used_size=2293760 bytes (5.6%)
(RDMA_READ_CONSUME_CHECK_CONSUMER) timestamp=1633 ms, used_size=2291712 bytes (5.6%)
(RDMA_READ_CONSUME_CHECK_CONSUMER) timestamp=1633 ms, used_size=2289664 bytes (5.6%)
(RDMA_READ_CONSUME_CHECK_CONSUMER) timestamp=1633 ms, used_size=2287616 bytes (5.6%)
(RDMA_READ_CONSUME_CHECK_CONSUMER) timestamp=1633 ms, used_size=2285568 bytes (5.6%)
(RDMA_READ_CONSUME_CHECK_CONSUMER) timestamp=1633 ms, used_size=2283520 bytes (5.6%)
(RDMA_READ_CONSUME_CHECK_CONSUMER) timestamp=1633 ms, used_size=2281472 bytes (5.6%)
(RDMA_READ_CONSUME_CHECK_CONSUMER) timestamp=1633 ms, used_size=2279424 bytes (5.6%)
(RDMA_READ_CONSUME_CHECK_CONSUMER) timestamp=1633 ms, used_size=2277376 bytes (5.6%)
(RDMA_READ_CONSUME_CHECK_CONSUMER) timestamp=1633 ms, used_size=2275328 bytes (5.6%)
(RDMA_READ_CONSUME_CHECK_CONSUMER) timestamp=1633 ms, used_size=2273280 bytes (5.5%)
(RDMA_READ_CONSUME_CHECK_CONSUMER) timestamp=1633 ms, used_size=2271232 bytes (5.5%)
(RDMA_READ_CONSUME_CHECK_CONSUMER) timestamp=1633 ms, used_size=2269184 bytes (5.5%)
(RDMA_READ_CONSUME_CHECK_CONSUMER) timestamp=1633 ms, used_size=2267136 bytes (5.5%)
(RDMA_READ_CONSUME_CHECK_CONSUMER) timestamp=1633 ms, used_size=2265088 bytes (5.5%)
(RDMA_READ_CONSUME_CHECK_CONSUMER) timestamp=1633 ms, used_size=2263040 bytes (5.5%)
(RDMA_READ_CONSUME_CHECK_CONSUMER) timestamp=1633 ms, used_size=2260992 bytes (5.5%)
(RDMA_READ_CONSUME_CHECK_CONSUMER) timestamp=1633 ms, used_size=2258944 bytes (5.5%)
(RDMA_READ_CONSUME_CHECK_CONSUMER) timestamp=1633 ms, used_size=2256896 bytes (5.5%)
(RDMA_READ_CONSUME_CHECK_CONSUMER) timestamp=1633 ms, used_size=2254848 bytes (5.5%)
(RDMA_READ_CONSUME_CHECK_CONSUMER) timestamp=1633 ms, used_size=2252800 bytes (5.5%)
(RDMA_READ_CONSUME_CHECK_CONSUMER) timestamp=1633 ms, used_size=2250752 bytes (5.5%)
(RDMA_READ_CONSUME_CHECK_CONSUMER) timestamp=1633 ms, used_size=2248704 bytes (5.5%)
(RDMA_READ_CONSUME_CHECK_CONSUMER) timestamp=1633 ms, used_size=2246656 bytes (5.5%)
(RDMA_READ_CONSUME_CHECK_CONSUMER) timestamp=1633 ms, used_size=2244608 bytes (5.5%)
(RDMA_READ_CONSUME_CHECK_CONSUMER) timestamp=1633 ms, used_size=2242560 bytes (5.5%)
(RDMA_READ_CONSUME_CHECK_CONSUMER) timestamp=1633 ms, used_size=2240512 bytes (5.5%)
(RDMA_READ_CONSUME_CHECK_CONSUMER) timestamp=1633 ms, used_size=2238464 bytes (5.5%)
(RDMA_READ_CONSUME_CHECK_CONSUMER) timestamp=1633 ms, used_size=2236416 bytes (5.5%)
(RDMA_READ_CONSUME_CHECK_CONSUMER) timestamp=1633 ms, used_size=2234368 bytes (5.5%)
(RDMA_READ_CONSUME_CHECK_CONSUMER) timestamp=1633 ms, used_size=2232320 bytes (5.5%)
(RDMA_READ_CONSUME_CHECK_CONSUMER) timestamp=1633 ms, used_size=2230272 bytes (5.4%)
(RDMA_READ_CONSUME_CHECK_CONSUMER) timestamp=1633 ms, used_size=2228224 bytes (5.4%)
(RDMA_READ_CONSUME_CHECK_CONSUMER) timestamp=1633 ms, used_size=2226176 bytes (5.4%)
(RDMA_READ_CONSUME_CHECK_CONSUMER) timestamp=1633 ms, used_size=2224128 bytes (5.4%)
(RDMA_READ_CONSUME_CHECK_CONSUMER) timestamp=1633 ms, used_size=2222080 bytes (5.4%)
(RDMA_READ_CONSUME_CHECK_CONSUMER) timestamp=1633 ms, used_size=2220032 bytes (5.4%)
(RDMA_READ_CONSUME_CHECK_CONSUMER) timestamp=1633 ms, used_size=2217984 bytes (5.4%)
(RDMA_READ_CONSUME_CHECK_CONSUMER) timestamp=1633 ms, used_size=2215936 bytes (5.4%)
(RDMA_READ_CONSUME_CHECK_CONSUMER) timestamp=1633 ms, used_size=2213888 bytes (5.4%)
(RDMA_READ_CONSUME_CHECK_CONSUMER) timestamp=1633 ms, used_size=2211840 bytes (5.4%)
(RDMA_READ_CONSUME_CHECK_CONSUMER) timestamp=1633 ms, used_size=2209792 bytes (5.4%)
(RDMA_READ_CONSUME_CHECK_CONSUMER) timestamp=1633 ms, used_size=2207744 bytes (5.4%)
(RDMA_READ_CONSUME_CHECK_CONSUMER) timestamp=1633 ms, used_size=2205696 bytes (5.4%)
(RDMA_READ_CONSUME_CHECK_CONSUMER) timestamp=1633 ms, used_size=2203648 bytes (5.4%)
(RDMA_READ_CONSUME_CHECK_CONSUMER) timestamp=1633 ms, used_size=2201600 bytes (5.4%)
(RDMA_READ_CONSUME_CHECK_CONSUMER) timestamp=1633 ms, used_size=2199552 bytes (5.4%)
(RDMA_READ_CONSUME_CHECK_CONSUMER) timestamp=1633 ms, used_size=2197504 bytes (5.4%)
(RDMA_READ_CONSUME_CHECK_CONSUMER) timestamp=1633 ms, used_size=2195456 bytes (5.4%)
(RDMA_READ_CONSUME_CHECK_CONSUMER) timestamp=1633 ms, used_size=2193408 bytes (5.4%)
(RDMA_READ_CONSUME_CHECK_CONSUMER) timestamp=1633 ms, used_size=2191360 bytes (5.3%)
(RDMA_READ_CONSUME_CHECK_CONSUMER) timestamp=1633 ms, used_size=2189312 bytes (5.3%)
(RDMA_READ_CONSUME_CHECK_CONSUMER) timestamp=1633 ms, used_size=2187264 bytes (5.3%)
(RDMA_READ_CONSUME_CHECK_CONSUMER) timestamp=1633 ms, used_size=2185216 bytes (5.3%)
(RDMA_READ_CONSUME_CHECK_CONSUMER) timestamp=1633 ms, used_size=2183168 bytes (5.3%)
(RDMA_READ_CONSUME_CHECK_CONSUMER) timestamp=1633 ms, used_size=2181120 bytes (5.3%)
(RDMA_READ_CONSUME_CHECK_CONSUMER) timestamp=1633 ms, used_size=2179072 bytes (5.3%)
(RDMA_READ_CONSUME_CHECK_CONSUMER) timestamp=1633 ms, used_size=2177024 bytes (5.3%)
(RDMA_READ_CONSUME_CHECK_CONSUMER) timestamp=1633 ms, used_size=2174976 bytes (5.3%)
(RDMA_READ_CONSUME_CHECK_CONSUMER) timestamp=1633 ms, used_size=2172928 bytes (5.3%)
(RDMA_READ_CONSUME_CHECK_CONSUMER) timestamp=1633 ms, used_size=2170880 bytes (5.3%)
(RDMA_READ_CONSUME_CHECK_CONSUMER) timestamp=1633 ms, used_size=2168832 bytes (5.3%)
(RDMA_READ_CONSUME_CHECK_CONSUMER) timestamp=1633 ms, used_size=2166784 bytes (5.3%)
(RDMA_READ_CONSUME_CHECK_CONSUMER) timestamp=1633 ms, used_size=2164736 bytes (5.3%)
(RDMA_READ_CONSUME_CHECK_CONSUMER) timestamp=1633 ms, used_size=2162688 bytes (5.3%)
(RDMA_READ_CONSUME_CHECK_CONSUMER) timestamp=1633 ms, used_size=2160640 bytes (5.3%)
(RDMA_READ_CONSUME_CHECK_CONSUMER) timestamp=1633 ms, used_size=2158592 bytes (5.3%)
(RDMA_READ_CONSUME_CHECK_CONSUMER) timestamp=1633 ms, used_size=2156544 bytes (5.3%)
(RDMA_READ_CONSUME_CHECK_CONSUMER) timestamp=1633 ms, used_size=2154496 bytes (5.3%)
(RDMA_READ_CONSUME_CHECK_CONSUMER) timestamp=1633 ms, used_size=2152448 bytes (5.3%)
(RDMA_READ_CONSUME_CHECK_CONSUMER) timestamp=1633 ms, used_size=2150400 bytes (5.2%)
(RDMA_READ_CONSUME_CHECK_CONSUMER) timestamp=1633 ms, used_size=2148352 bytes (5.2%)
(RDMA_READ_CONSUME_CHECK_CONSUMER) timestamp=1633 ms, used_size=2146304 bytes (5.2%)
(RDMA_READ_CONSUME_CHECK_CONSUMER) timestamp=1633 ms, used_size=2144256 bytes (5.2%)
(RDMA_READ_CONSUME_CHECK_CONSUMER) timestamp=1633 ms, used_size=2142208 bytes (5.2%)
(RDMA_READ_CONSUME_CHECK_CONSUMER) timestamp=1633 ms, used_size=2140160 bytes (5.2%)
(RDMA_READ_CONSUME_CHECK_CONSUMER) timestamp=1633 ms, used_size=2138112 bytes (5.2%)
(RDMA_READ_CONSUME_CHECK_CONSUMER) timestamp=1633 ms, used_size=2136064 bytes (5.2%)
(RDMA_READ_CONSUME_CHECK_CONSUMER) timestamp=1633 ms, used_size=2134016 bytes (5.2%)
(RDMA_READ_CONSUME_CHECK_CONSUMER) timestamp=1634 ms, used_size=2131968 bytes (5.2%)
(RDMA_READ_CONSUME_CHECK_CONSUMER) timestamp=1634 ms, used_size=2129920 bytes (5.2%)
(RDMA_READ_CONSUME_CHECK_CONSUMER) timestamp=1634 ms, used_size=2127872 bytes (5.2%)
(RDMA_READ_CONSUME_CHECK_CONSUMER) timestamp=1634 ms, used_size=2125824 bytes (5.2%)
(RDMA_READ_CONSUME_CHECK_CONSUMER) timestamp=1634 ms, used_size=2123776 bytes (5.2%)
(RDMA_READ_CONSUME_CHECK_CONSUMER) timestamp=1634 ms, used_size=2121728 bytes (5.2%)
(RDMA_READ_CONSUME_CHECK_CONSUMER) timestamp=1634 ms, used_size=2119680 bytes (5.2%)
(RDMA_READ_CONSUME_CHECK_CONSUMER) timestamp=1634 ms, used_size=2117632 bytes (5.2%)
(RDMA_READ_CONSUME_CHECK_CONSUMER) timestamp=1634 ms, used_size=2115584 bytes (5.2%)
(RDMA_READ_CONSUME_CHECK_CONSUMER) timestamp=1634 ms, used_size=2113536 bytes (5.2%)
(RDMA_READ_CONSUME_CHECK_CONSUMER) timestamp=1634 ms, used_size=2111488 bytes (5.2%)
(RDMA_READ_CONSUME_CHECK_CONSUMER) timestamp=1634 ms, used_size=2109440 bytes (5.2%)
(RDMA_READ_CONSUME_CHECK_CONSUMER) timestamp=1634 ms, used_size=2107392 bytes (5.1%)
(RDMA_READ_CONSUME_CHECK_CONSUMER) timestamp=1634 ms, used_size=2105344 bytes (5.1%)
(RDMA_READ_CONSUME_CHECK_CONSUMER) timestamp=1634 ms, used_size=2103296 bytes (5.1%)
(RDMA_READ_CONSUME_CHECK_CONSUMER) timestamp=1634 ms, used_size=2101248 bytes (5.1%)
(RDMA_READ_CONSUME_CHECK_CONSUMER) timestamp=1634 ms, used_size=2099200 bytes (5.1%)
(RDMA_READ_CONSUME_CHECK_CONSUMER) timestamp=1634 ms, used_size=2097152 bytes (5.1%)
(RDMA_READ_CONSUME_CHECK_CONSUMER) timestamp=1634 ms, used_size=2095104 bytes (5.1%)
(RDMA_READ_CONSUME_CHECK_CONSUMER) timestamp=1634 ms, used_size=2093056 bytes (5.1%)
(RDMA_READ_CONSUME_CHECK_CONSUMER) timestamp=1634 ms, used_size=2091008 bytes (5.1%)
(RDMA_READ_CONSUME_CHECK_CONSUMER) timestamp=1634 ms, used_size=2088960 bytes (5.1%)
(RDMA_READ_CONSUME_CHECK_CONSUMER) timestamp=1634 ms, used_size=2086912 bytes (5.1%)
(RDMA_READ_CONSUME_CHECK_CONSUMER) timestamp=1634 ms, used_size=2084864 bytes (5.1%)
(RDMA_READ_CONSUME_CHECK_CONSUMER) timestamp=1634 ms, used_size=2082816 bytes (5.1%)
(RDMA_READ_CONSUME_CHECK_CONSUMER) timestamp=1634 ms, used_size=2080768 bytes (5.1%)
(RDMA_READ_CONSUME_CHECK_CONSUMER) timestamp=1634 ms, used_size=2078720 bytes (5.1%)
(RDMA_READ_CONSUME_CHECK_CONSUMER) timestamp=1634 ms, used_size=2076672 bytes (5.1%)
(RDMA_READ_CONSUME_CHECK_CONSUMER) timestamp=1634 ms, used_size=2074624 bytes (5.1%)
(RDMA_READ_CONSUME_CHECK_CONSUMER) timestamp=1634 ms, used_size=2072576 bytes (5.1%)
(RDMA_READ_CONSUME_CHECK_CONSUMER) timestamp=1634 ms, used_size=2070528 bytes (5.1%)
(RDMA_READ_CONSUME_CHECK_CONSUMER) timestamp=1634 ms, used_size=2068480 bytes (5.0%)
(RDMA_READ_CONSUME_CHECK_CONSUMER) timestamp=1634 ms, used_size=2066432 bytes (5.0%)
(RDMA_READ_CONSUME_CHECK_CONSUMER) timestamp=1634 ms, used_size=2064384 bytes (5.0%)
(RDMA_READ_CONSUME_CHECK_CONSUMER) timestamp=1634 ms, used_size=2062336 bytes (5.0%)
(RDMA_READ_CONSUME_CHECK_CONSUMER) timestamp=1634 ms, used_size=2060288 bytes (5.0%)
(RDMA_READ_CONSUME_CHECK_CONSUMER) timestamp=1634 ms, used_size=2058240 bytes (5.0%)
(RDMA_READ_CONSUME_CHECK_CONSUMER) timestamp=1634 ms, used_size=2056192 bytes (5.0%)
(RDMA_READ_CONSUME_CHECK_CONSUMER) timestamp=1634 ms, used_size=2054144 bytes (5.0%)
(RDMA_READ_CONSUME_CHECK_CONSUMER) timestamp=1634 ms, used_size=2052096 bytes (5.0%)
(RDMA_READ_CONSUME_CHECK_CONSUMER) timestamp=1634 ms, used_size=2050048 bytes (5.0%)
(RDMA_READ_CONSUME_CHECK_CONSUMER) timestamp=1634 ms, used_size=2048000 bytes (5.0%)
(RDMA_READ_CONSUME_CHECK_CONSUMER) timestamp=1634 ms, used_size=2045952 bytes (5.0%)
(RDMA_READ_CONSUME_CHECK_CONSUMER) timestamp=1634 ms, used_size=2043904 bytes (5.0%)
(RDMA_READ_CONSUME_CHECK_CONSUMER) timestamp=1634 ms, used_size=2041856 bytes (5.0%)
(RDMA_READ_CONSUME_CHECK_CONSUMER) timestamp=1634 ms, used_size=2039808 bytes (5.0%)
(RDMA_READ_CONSUME_CHECK_CONSUMER) timestamp=1634 ms, used_size=2037760 bytes (5.0%)
(RDMA_READ_CONSUME_CHECK_CONSUMER) timestamp=1634 ms, used_size=2035712 bytes (5.0%)
(RDMA_READ_CONSUME_CHECK_CONSUMER) timestamp=1634 ms, used_size=2033664 bytes (5.0%)
(RDMA_READ_CONSUME_CHECK_CONSUMER) timestamp=1634 ms, used_size=2031616 bytes (5.0%)
(RDMA_READ_CONSUME_CHECK_CONSUMER) timestamp=1634 ms, used_size=2029568 bytes (5.0%)
(RDMA_READ_CONSUME_CHECK_CONSUMER) timestamp=1634 ms, used_size=2027520 bytes (5.0%)
(RDMA_READ_CONSUME_CHECK_CONSUMER) timestamp=1634 ms, used_size=2025472 bytes (4.9%)
(RDMA_READ_CONSUME_CHECK_CONSUMER) timestamp=1634 ms, used_size=2023424 bytes (4.9%)
(RDMA_READ_CONSUME_CHECK_CONSUMER) timestamp=1634 ms, used_size=2021376 bytes (4.9%)
(RDMA_READ_CONSUME_CHECK_CONSUMER) timestamp=1634 ms, used_size=2019328 bytes (4.9%)
(RDMA_READ_CONSUME_CHECK_CONSUMER) timestamp=1634 ms, used_size=2017280 bytes (4.9%)
(RDMA_READ_CONSUME_CHECK_CONSUMER) timestamp=1634 ms, used_size=2015232 bytes (4.9%)
(RDMA_READ_CONSUME_CHECK_CONSUMER) timestamp=1634 ms, used_size=2013184 bytes (4.9%)
(RDMA_READ_CONSUME_CHECK_CONSUMER) timestamp=1634 ms, used_size=2011136 bytes (4.9%)
(RDMA_READ_CONSUME_CHECK_CONSUMER) timestamp=1634 ms, used_size=2009088 bytes (4.9%)
(RDMA_READ_CONSUME_CHECK_CONSUMER) timestamp=1634 ms, used_size=2007040 bytes (4.9%)
(RDMA_READ_CONSUME_CHECK_CONSUMER) timestamp=1634 ms, used_size=2004992 bytes (4.9%)
(RDMA_READ_CONSUME_CHECK_CONSUMER) timestamp=1634 ms, used_size=2002944 bytes (4.9%)
(RDMA_READ_CONSUME_CHECK_CONSUMER) timestamp=1634 ms, used_size=2000896 bytes (4.9%)
(RDMA_READ_CONSUME_CHECK_CONSUMER) timestamp=1634 ms, used_size=1998848 bytes (4.9%)
(RDMA_READ_CONSUME_CHECK_CONSUMER) timestamp=1634 ms, used_size=1996800 bytes (4.9%)
(RDMA_READ_CONSUME_CHECK_CONSUMER) timestamp=1634 ms, used_size=1994752 bytes (4.9%)
(RDMA_READ_CONSUME_CHECK_CONSUMER) timestamp=1634 ms, used_size=1992704 bytes (4.9%)
(RDMA_READ_CONSUME_CHECK_CONSUMER) timestamp=1634 ms, used_size=1990656 bytes (4.9%)
(RDMA_READ_CONSUME_CHECK_CONSUMER) timestamp=1634 ms, used_size=1988608 bytes (4.9%)
(RDMA_READ_CONSUME_CHECK_CONSUMER) timestamp=1634 ms, used_size=1986560 bytes (4.8%)
(RDMA_READ_CONSUME_CHECK_CONSUMER) timestamp=1634 ms, used_size=1984512 bytes (4.8%)
(RDMA_READ_CONSUME_CHECK_CONSUMER) timestamp=1634 ms, used_size=1982464 bytes (4.8%)
(RDMA_READ_CONSUME_CHECK_CONSUMER) timestamp=1634 ms, used_size=1980416 bytes (4.8%)
(RDMA_READ_CONSUME_CHECK_CONSUMER) timestamp=1634 ms, used_size=1978368 bytes (4.8%)
(RDMA_READ_CONSUME_CHECK_CONSUMER) timestamp=1634 ms, used_size=1976320 bytes (4.8%)
(RDMA_READ_CONSUME_CHECK_CONSUMER) timestamp=1634 ms, used_size=1974272 bytes (4.8%)
(RDMA_READ_CONSUME_CHECK_CONSUMER) timestamp=1634 ms, used_size=1972224 bytes (4.8%)
(RDMA_READ_CONSUME_CHECK_CONSUMER) timestamp=1634 ms, used_size=1970176 bytes (4.8%)
(RDMA_READ_CONSUME_CHECK_CONSUMER) timestamp=1634 ms, used_size=1968128 bytes (4.8%)
(RDMA_READ_CONSUME_CHECK_CONSUMER) timestamp=1634 ms, used_size=1966080 bytes (4.8%)
(RDMA_READ_CONSUME_CHECK_CONSUMER) timestamp=1634 ms, used_size=1964032 bytes (4.8%)
(RDMA_READ_CONSUME_CHECK_CONSUMER) timestamp=1634 ms, used_size=1961984 bytes (4.8%)
(RDMA_READ_CONSUME_CHECK_CONSUMER) timestamp=1634 ms, used_size=1959936 bytes (4.8%)
(RDMA_READ_CONSUME_CHECK_CONSUMER) timestamp=1634 ms, used_size=1957888 bytes (4.8%)
(RDMA_READ_CONSUME_CHECK_CONSUMER) timestamp=1634 ms, used_size=1955840 bytes (4.8%)
(RDMA_READ_CONSUME_CHECK_CONSUMER) timestamp=1634 ms, used_size=1953792 bytes (4.8%)
(RDMA_READ_CONSUME_CHECK_CONSUMER) timestamp=1634 ms, used_size=1951744 bytes (4.8%)
(RDMA_READ_CONSUME_CHECK_CONSUMER) timestamp=1634 ms, used_size=1949696 bytes (4.8%)
(RDMA_READ_CONSUME_CHECK_CONSUMER) timestamp=1634 ms, used_size=1947648 bytes (4.8%)
(RDMA_READ_CONSUME_CHECK_CONSUMER) timestamp=1634 ms, used_size=1945600 bytes (4.8%)
(RDMA_READ_CONSUME_CHECK_CONSUMER) timestamp=1634 ms, used_size=1943552 bytes (4.7%)
(RDMA_READ_CONSUME_CHECK_CONSUMER) timestamp=1634 ms, used_size=1941504 bytes (4.7%)
(RDMA_READ_CONSUME_CHECK_CONSUMER) timestamp=1634 ms, used_size=1939456 bytes (4.7%)
(RDMA_READ_CONSUME_CHECK_CONSUMER) timestamp=1634 ms, used_size=1937408 bytes (4.7%)
(RDMA_READ_CONSUME_CHECK_CONSUMER) timestamp=1634 ms, used_size=1935360 bytes (4.7%)
(RDMA_READ_CONSUME_CHECK_CONSUMER) timestamp=1634 ms, used_size=1933312 bytes (4.7%)
(RDMA_READ_CONSUME_CHECK_CONSUMER) timestamp=1634 ms, used_size=1931264 bytes (4.7%)
(RDMA_READ_CONSUME_CHECK_CONSUMER) timestamp=1634 ms, used_size=1929216 bytes (4.7%)
(RDMA_READ_CONSUME_CHECK_CONSUMER) timestamp=1634 ms, used_size=1927168 bytes (4.7%)
(RDMA_READ_CONSUME_CHECK_CONSUMER) timestamp=1634 ms, used_size=1925120 bytes (4.7%)
(RDMA_READ_CONSUME_CHECK_CONSUMER) timestamp=1634 ms, used_size=1923072 bytes (4.7%)
(RDMA_READ_CONSUME_CHECK_CONSUMER) timestamp=1634 ms, used_size=1921024 bytes (4.7%)
(RDMA_READ_CONSUME_CHECK_CONSUMER) timestamp=1634 ms, used_size=1918976 bytes (4.7%)
(RDMA_READ_CONSUME_CHECK_CONSUMER) timestamp=1634 ms, used_size=1916928 bytes (4.7%)
(RDMA_READ_CONSUME_CHECK_CONSUMER) timestamp=1634 ms, used_size=1914880 bytes (4.7%)
(RDMA_READ_CONSUME_CHECK_CONSUMER) timestamp=1634 ms, used_size=1912832 bytes (4.7%)
(RDMA_READ_CONSUME_CHECK_CONSUMER) timestamp=1634 ms, used_size=1910784 bytes (4.7%)
(RDMA_READ_CONSUME_CHECK_CONSUMER) timestamp=1634 ms, used_size=1908736 bytes (4.7%)
(RDMA_READ_CONSUME_CHECK_CONSUMER) timestamp=1634 ms, used_size=1906688 bytes (4.7%)
(RDMA_READ_CONSUME_CHECK_CONSUMER) timestamp=1634 ms, used_size=1904640 bytes (4.7%)
(RDMA_READ_CONSUME_CHECK_CONSUMER) timestamp=1634 ms, used_size=1902592 bytes (4.6%)
(RDMA_READ_CONSUME_CHECK_CONSUMER) timestamp=1634 ms, used_size=1900544 bytes (4.6%)
(RDMA_READ_CONSUME_CHECK_CONSUMER) timestamp=1634 ms, used_size=1898496 bytes (4.6%)
(RDMA_READ_CONSUME_CHECK_CONSUMER) timestamp=1634 ms, used_size=1896448 bytes (4.6%)
(RDMA_READ_CONSUME_CHECK_CONSUMER) timestamp=1634 ms, used_size=1894400 bytes (4.6%)
(RDMA_READ_CONSUME_CHECK_CONSUMER) timestamp=1634 ms, used_size=1892352 bytes (4.6%)
(RDMA_READ_CONSUME_CHECK_CONSUMER) timestamp=1634 ms, used_size=1890304 bytes (4.6%)
(RDMA_READ_CONSUME_CHECK_CONSUMER) timestamp=1634 ms, used_size=1888256 bytes (4.6%)
(RDMA_READ_CONSUME_CHECK_CONSUMER) timestamp=1634 ms, used_size=1886208 bytes (4.6%)
(RDMA_READ_CONSUME_CHECK_CONSUMER) timestamp=1634 ms, used_size=1884160 bytes (4.6%)
(RDMA_READ_CONSUME_CHECK_CONSUMER) timestamp=1634 ms, used_size=1882112 bytes (4.6%)
(RDMA_READ_CONSUME_CHECK_CONSUMER) timestamp=1634 ms, used_size=1880064 bytes (4.6%)
(RDMA_READ_CONSUME_CHECK_CONSUMER) timestamp=1634 ms, used_size=1878016 bytes (4.6%)
(RDMA_READ_CONSUME_CHECK_CONSUMER) timestamp=1634 ms, used_size=1875968 bytes (4.6%)
(RDMA_READ_CONSUME_CHECK_CONSUMER) timestamp=1634 ms, used_size=1873920 bytes (4.6%)
(RDMA_READ_CONSUME_CHECK_CONSUMER) timestamp=1634 ms, used_size=1871872 bytes (4.6%)
(RDMA_READ_CONSUME_CHECK_CONSUMER) timestamp=1634 ms, used_size=1869824 bytes (4.6%)
(RDMA_READ_CONSUME_CHECK_CONSUMER) timestamp=1634 ms, used_size=1867776 bytes (4.6%)
(RDMA_READ_CONSUME_CHECK_CONSUMER) timestamp=1634 ms, used_size=1865728 bytes (4.6%)
(RDMA_READ_CONSUME_CHECK_CONSUMER) timestamp=1634 ms, used_size=1863680 bytes (4.5%)
(RDMA_READ_CONSUME_CHECK_CONSUMER) timestamp=1634 ms, used_size=1861632 bytes (4.5%)
(RDMA_READ_CONSUME_CHECK_CONSUMER) timestamp=1634 ms, used_size=1859584 bytes (4.5%)
(RDMA_READ_CONSUME_CHECK_CONSUMER) timestamp=1634 ms, used_size=1857536 bytes (4.5%)
(RDMA_READ_CONSUME_CHECK_CONSUMER) timestamp=1634 ms, used_size=1855488 bytes (4.5%)
(RDMA_READ_CONSUME_CHECK_CONSUMER) timestamp=1634 ms, used_size=1853440 bytes (4.5%)
(RDMA_READ_CONSUME_CHECK_CONSUMER) timestamp=1634 ms, used_size=1851392 bytes (4.5%)
(RDMA_READ_CONSUME_CHECK_CONSUMER) timestamp=1634 ms, used_size=1849344 bytes (4.5%)
(RDMA_READ_CONSUME_CHECK_CONSUMER) timestamp=1634 ms, used_size=1847296 bytes (4.5%)
(RDMA_READ_CONSUME_CHECK_CONSUMER) timestamp=1634 ms, used_size=1845248 bytes (4.5%)
(RDMA_READ_CONSUME_CHECK_CONSUMER) timestamp=1634 ms, used_size=1843200 bytes (4.5%)
(RDMA_READ_CONSUME_CHECK_CONSUMER) timestamp=1634 ms, used_size=1841152 bytes (4.5%)
(RDMA_READ_CONSUME_CHECK_CONSUMER) timestamp=1634 ms, used_size=1839104 bytes (4.5%)
(RDMA_READ_CONSUME_CHECK_CONSUMER) timestamp=1634 ms, used_size=1837056 bytes (4.5%)
(RDMA_READ_CONSUME_CHECK_CONSUMER) timestamp=1634 ms, used_size=1835008 bytes (4.5%)
(RDMA_READ_CONSUME_CHECK_CONSUMER) timestamp=1634 ms, used_size=1832960 bytes (4.5%)
(RDMA_READ_CONSUME_CHECK_CONSUMER) timestamp=1634 ms, used_size=1830912 bytes (4.5%)
(RDMA_READ_CONSUME_CHECK_CONSUMER) timestamp=1634 ms, used_size=1828864 bytes (4.5%)
(RDMA_READ_CONSUME_CHECK_CONSUMER) timestamp=1634 ms, used_size=1826816 bytes (4.5%)
(RDMA_READ_CONSUME_CHECK_CONSUMER) timestamp=1634 ms, used_size=1824768 bytes (4.5%)
(RDMA_READ_CONSUME_CHECK_CONSUMER) timestamp=1634 ms, used_size=1822720 bytes (4.5%)
(RDMA_READ_CONSUME_CHECK_CONSUMER) timestamp=1634 ms, used_size=1820672 bytes (4.4%)
(RDMA_READ_CONSUME_CHECK_CONSUMER) timestamp=1634 ms, used_size=1818624 bytes (4.4%)
(RDMA_READ_CONSUME_CHECK_CONSUMER) timestamp=1634 ms, used_size=1816576 bytes (4.4%)
(RDMA_READ_CONSUME_CHECK_CONSUMER) timestamp=1634 ms, used_size=1814528 bytes (4.4%)
(RDMA_READ_CONSUME_CHECK_CONSUMER) timestamp=1634 ms, used_size=1812480 bytes (4.4%)
(RDMA_READ_CONSUME_CHECK_CONSUMER) timestamp=1634 ms, used_size=1810432 bytes (4.4%)
(RDMA_READ_CONSUME_CHECK_CONSUMER) timestamp=1634 ms, used_size=1808384 bytes (4.4%)
(RDMA_READ_CONSUME_CHECK_CONSUMER) timestamp=1634 ms, used_size=1806336 bytes (4.4%)
(RDMA_READ_CONSUME_CHECK_CONSUMER) timestamp=1634 ms, used_size=1804288 bytes (4.4%)
(RDMA_READ_CONSUME_CHECK_CONSUMER) timestamp=1634 ms, used_size=1802240 bytes (4.4%)
(RDMA_READ_CONSUME_CHECK_CONSUMER) timestamp=1634 ms, used_size=1800192 bytes (4.4%)
(RDMA_READ_CONSUME_CHECK_CONSUMER) timestamp=1634 ms, used_size=1798144 bytes (4.4%)
(RDMA_READ_CONSUME_CHECK_CONSUMER) timestamp=1634 ms, used_size=1796096 bytes (4.4%)
(RDMA_READ_CONSUME_CHECK_CONSUMER) timestamp=1634 ms, used_size=1794048 bytes (4.4%)
(RDMA_READ_CONSUME_CHECK_CONSUMER) timestamp=1634 ms, used_size=1792000 bytes (4.4%)
(RDMA_READ_CONSUME_CHECK_CONSUMER) timestamp=1634 ms, used_size=1789952 bytes (4.4%)
(RDMA_READ_CONSUME_CHECK_CONSUMER) timestamp=1634 ms, used_size=1787904 bytes (4.4%)
(RDMA_READ_CONSUME_CHECK_CONSUMER) timestamp=1634 ms, used_size=1785856 bytes (4.4%)
(RDMA_READ_CONSUME_CHECK_CONSUMER) timestamp=1634 ms, used_size=1783808 bytes (4.4%)
(RDMA_READ_CONSUME_CHECK_CONSUMER) timestamp=1634 ms, used_size=1781760 bytes (4.3%)
(RDMA_READ_CONSUME_CHECK_CONSUMER) timestamp=1634 ms, used_size=1779712 bytes (4.3%)
(RDMA_READ_CONSUME_CHECK_CONSUMER) timestamp=1634 ms, used_size=1777664 bytes (4.3%)
(RDMA_READ_CONSUME_CHECK_CONSUMER) timestamp=1634 ms, used_size=1775616 bytes (4.3%)
(RDMA_READ_CONSUME_CHECK_CONSUMER) timestamp=1634 ms, used_size=1773568 bytes (4.3%)
(RDMA_READ_CONSUME_CHECK_CONSUMER) timestamp=1634 ms, used_size=1771520 bytes (4.3%)
(RDMA_READ_CONSUME_CHECK_CONSUMER) timestamp=1634 ms, used_size=1769472 bytes (4.3%)
(RDMA_READ_CONSUME_CHECK_CONSUMER) timestamp=1634 ms, used_size=1767424 bytes (4.3%)
(RDMA_READ_CONSUME_CHECK_CONSUMER) timestamp=1634 ms, used_size=1765376 bytes (4.3%)
(RDMA_READ_CONSUME_CHECK_CONSUMER) timestamp=1635 ms, used_size=1763328 bytes (4.3%)
(RDMA_READ_CONSUME_CHECK_CONSUMER) timestamp=1635 ms, used_size=1761280 bytes (4.3%)
(RDMA_READ_CONSUME_CHECK_CONSUMER) timestamp=1635 ms, used_size=1759232 bytes (4.3%)
(RDMA_READ_CONSUME_CHECK_CONSUMER) timestamp=1635 ms, used_size=1757184 bytes (4.3%)
(RDMA_READ_CONSUME_CHECK_CONSUMER) timestamp=1635 ms, used_size=1755136 bytes (4.3%)
(RDMA_READ_CONSUME_CHECK_CONSUMER) timestamp=1635 ms, used_size=1753088 bytes (4.3%)
(RDMA_READ_CONSUME_CHECK_CONSUMER) timestamp=1635 ms, used_size=1751040 bytes (4.3%)
(RDMA_READ_CONSUME_CHECK_CONSUMER) timestamp=1635 ms, used_size=1748992 bytes (4.3%)
(RDMA_READ_CONSUME_CHECK_CONSUMER) timestamp=1635 ms, used_size=1746944 bytes (4.3%)
(RDMA_READ_CONSUME_CHECK_CONSUMER) timestamp=1635 ms, used_size=1744896 bytes (4.3%)
(RDMA_READ_CONSUME_CHECK_CONSUMER) timestamp=1635 ms, used_size=1742848 bytes (4.3%)
(RDMA_READ_CONSUME_CHECK_CONSUMER) timestamp=1635 ms, used_size=1740800 bytes (4.2%)
(RDMA_READ_CONSUME_CHECK_CONSUMER) timestamp=1635 ms, used_size=1738752 bytes (4.2%)
(RDMA_READ_CONSUME_CHECK_CONSUMER) timestamp=1635 ms, used_size=1736704 bytes (4.2%)
(RDMA_READ_CONSUME_CHECK_CONSUMER) timestamp=1635 ms, used_size=1734656 bytes (4.2%)
(RDMA_READ_CONSUME_CHECK_CONSUMER) timestamp=1635 ms, used_size=1732608 bytes (4.2%)
(RDMA_READ_CONSUME_CHECK_CONSUMER) timestamp=1635 ms, used_size=1730560 bytes (4.2%)
(RDMA_READ_CONSUME_CHECK_CONSUMER) timestamp=1635 ms, used_size=1728512 bytes (4.2%)
(RDMA_READ_CONSUME_CHECK_CONSUMER) timestamp=1635 ms, used_size=1726464 bytes (4.2%)
(RDMA_READ_CONSUME_CHECK_CONSUMER) timestamp=1635 ms, used_size=1724416 bytes (4.2%)
(RDMA_READ_CONSUME_CHECK_CONSUMER) timestamp=1635 ms, used_size=1722368 bytes (4.2%)
(RDMA_READ_CONSUME_CHECK_CONSUMER) timestamp=1635 ms, used_size=1720320 bytes (4.2%)
(RDMA_READ_CONSUME_CHECK_CONSUMER) timestamp=1635 ms, used_size=1718272 bytes (4.2%)
(RDMA_READ_CONSUME_CHECK_CONSUMER) timestamp=1635 ms, used_size=1716224 bytes (4.2%)
(RDMA_READ_CONSUME_CHECK_CONSUMER) timestamp=1635 ms, used_size=1714176 bytes (4.2%)
(RDMA_READ_CONSUME_CHECK_CONSUMER) timestamp=1635 ms, used_size=1712128 bytes (4.2%)
(RDMA_READ_CONSUME_CHECK_CONSUMER) timestamp=1635 ms, used_size=1710080 bytes (4.2%)
(RDMA_READ_CONSUME_CHECK_CONSUMER) timestamp=1635 ms, used_size=1708032 bytes (4.2%)
(RDMA_READ_CONSUME_CHECK_CONSUMER) timestamp=1635 ms, used_size=1705984 bytes (4.2%)
(RDMA_READ_CONSUME_CHECK_CONSUMER) timestamp=1635 ms, used_size=1703936 bytes (4.2%)
(RDMA_READ_CONSUME_CHECK_CONSUMER) timestamp=1635 ms, used_size=1701888 bytes (4.2%)
(RDMA_READ_CONSUME_CHECK_CONSUMER) timestamp=1635 ms, used_size=1699840 bytes (4.2%)
(RDMA_READ_CONSUME_CHECK_CONSUMER) timestamp=1635 ms, used_size=1697792 bytes (4.1%)
(RDMA_READ_CONSUME_CHECK_CONSUMER) timestamp=1635 ms, used_size=1695744 bytes (4.1%)
(RDMA_READ_CONSUME_CHECK_CONSUMER) timestamp=1635 ms, used_size=1693696 bytes (4.1%)
(RDMA_READ_CONSUME_CHECK_CONSUMER) timestamp=1635 ms, used_size=1691648 bytes (4.1%)
(RDMA_READ_CONSUME_CHECK_CONSUMER) timestamp=1635 ms, used_size=1689600 bytes (4.1%)
(RDMA_READ_CONSUME_CHECK_CONSUMER) timestamp=1635 ms, used_size=1687552 bytes (4.1%)
(RDMA_READ_CONSUME_CHECK_CONSUMER) timestamp=1635 ms, used_size=1685504 bytes (4.1%)
(RDMA_READ_CONSUME_CHECK_CONSUMER) timestamp=1635 ms, used_size=1683456 bytes (4.1%)
(RDMA_READ_CONSUME_CHECK_CONSUMER) timestamp=1635 ms, used_size=1681408 bytes (4.1%)
(RDMA_READ_CONSUME_CHECK_CONSUMER) timestamp=1635 ms, used_size=1679360 bytes (4.1%)
(RDMA_READ_CONSUME_CHECK_CONSUMER) timestamp=1635 ms, used_size=1677312 bytes (4.1%)
(RDMA_READ_CONSUME_CHECK_CONSUMER) timestamp=1635 ms, used_size=1675264 bytes (4.1%)
(RDMA_READ_CONSUME_CHECK_CONSUMER) timestamp=1635 ms, used_size=1673216 bytes (4.1%)
(RDMA_READ_CONSUME_CHECK_CONSUMER) timestamp=1635 ms, used_size=1671168 bytes (4.1%)
(RDMA_READ_CONSUME_CHECK_CONSUMER) timestamp=1635 ms, used_size=1669120 bytes (4.1%)
(RDMA_READ_CONSUME_CHECK_CONSUMER) timestamp=1635 ms, used_size=1667072 bytes (4.1%)
(RDMA_READ_CONSUME_CHECK_CONSUMER) timestamp=1635 ms, used_size=1665024 bytes (4.1%)
(RDMA_READ_CONSUME_CHECK_CONSUMER) timestamp=1635 ms, used_size=1662976 bytes (4.1%)
(RDMA_READ_CONSUME_CHECK_CONSUMER) timestamp=1635 ms, used_size=1660928 bytes (4.1%)
(RDMA_READ_CONSUME_CHECK_CONSUMER) timestamp=1635 ms, used_size=1658880 bytes (4.0%)
(RDMA_READ_CONSUME_CHECK_CONSUMER) timestamp=1635 ms, used_size=1656832 bytes (4.0%)
(RDMA_READ_CONSUME_CHECK_CONSUMER) timestamp=1635 ms, used_size=1654784 bytes (4.0%)
(RDMA_READ_CONSUME_CHECK_CONSUMER) timestamp=1635 ms, used_size=1652736 bytes (4.0%)
(RDMA_READ_CONSUME_CHECK_CONSUMER) timestamp=1635 ms, used_size=1650688 bytes (4.0%)
(RDMA_READ_CONSUME_CHECK_CONSUMER) timestamp=1635 ms, used_size=1648640 bytes (4.0%)
(RDMA_READ_CONSUME_CHECK_CONSUMER) timestamp=1635 ms, used_size=1646592 bytes (4.0%)
(RDMA_READ_CONSUME_CHECK_CONSUMER) timestamp=1635 ms, used_size=1644544 bytes (4.0%)
(RDMA_READ_CONSUME_CHECK_CONSUMER) timestamp=1635 ms, used_size=1642496 bytes (4.0%)
(RDMA_READ_CONSUME_CHECK_CONSUMER) timestamp=1635 ms, used_size=1640448 bytes (4.0%)
(RDMA_READ_CONSUME_CHECK_CONSUMER) timestamp=1635 ms, used_size=1638400 bytes (4.0%)
(RDMA_READ_CONSUME_CHECK_CONSUMER) timestamp=1635 ms, used_size=1636352 bytes (4.0%)
(RDMA_READ_CONSUME_CHECK_CONSUMER) timestamp=1635 ms, used_size=1634304 bytes (4.0%)
(RDMA_READ_CONSUME_CHECK_CONSUMER) timestamp=1635 ms, used_size=1632256 bytes (4.0%)
(RDMA_READ_CONSUME_CHECK_CONSUMER) timestamp=1635 ms, used_size=1630208 bytes (4.0%)
(RDMA_READ_CONSUME_CHECK_CONSUMER) timestamp=1635 ms, used_size=1628160 bytes (4.0%)
(RDMA_READ_CONSUME_CHECK_CONSUMER) timestamp=1635 ms, used_size=1626112 bytes (4.0%)
(RDMA_READ_CONSUME_CHECK_CONSUMER) timestamp=1635 ms, used_size=1624064 bytes (4.0%)
(RDMA_READ_CONSUME_CHECK_CONSUMER) timestamp=1635 ms, used_size=1622016 bytes (4.0%)
(RDMA_READ_CONSUME_CHECK_CONSUMER) timestamp=1635 ms, used_size=1619968 bytes (4.0%)
(RDMA_READ_CONSUME_CHECK_CONSUMER) timestamp=1635 ms, used_size=1617920 bytes (4.0%)
(RDMA_READ_CONSUME_CHECK_CONSUMER) timestamp=1635 ms, used_size=1615872 bytes (3.9%)
(RDMA_READ_CONSUME_CHECK_CONSUMER) timestamp=1635 ms, used_size=1613824 bytes (3.9%)
(RDMA_READ_CONSUME_CHECK_CONSUMER) timestamp=1635 ms, used_size=1611776 bytes (3.9%)
(RDMA_READ_CONSUME_CHECK_CONSUMER) timestamp=1635 ms, used_size=1609728 bytes (3.9%)
(RDMA_READ_CONSUME_CHECK_CONSUMER) timestamp=1635 ms, used_size=1607680 bytes (3.9%)
(RDMA_READ_CONSUME_CHECK_CONSUMER) timestamp=1635 ms, used_size=1605632 bytes (3.9%)
(RDMA_READ_CONSUME_CHECK_CONSUMER) timestamp=1635 ms, used_size=1603584 bytes (3.9%)
(RDMA_READ_CONSUME_CHECK_CONSUMER) timestamp=1635 ms, used_size=1601536 bytes (3.9%)
(RDMA_READ_CONSUME_CHECK_CONSUMER) timestamp=1635 ms, used_size=1599488 bytes (3.9%)
(RDMA_READ_CONSUME_CHECK_CONSUMER) timestamp=1635 ms, used_size=1597440 bytes (3.9%)
(RDMA_READ_CONSUME_CHECK_CONSUMER) timestamp=1635 ms, used_size=1595392 bytes (3.9%)
(RDMA_READ_CONSUME_CHECK_CONSUMER) timestamp=1635 ms, used_size=1593344 bytes (3.9%)
(RDMA_READ_CONSUME_CHECK_CONSUMER) timestamp=1635 ms, used_size=1591296 bytes (3.9%)
(RDMA_READ_CONSUME_CHECK_CONSUMER) timestamp=1635 ms, used_size=1589248 bytes (3.9%)
(RDMA_READ_CONSUME_CHECK_CONSUMER) timestamp=1635 ms, used_size=1587200 bytes (3.9%)
(RDMA_READ_CONSUME_CHECK_CONSUMER) timestamp=1635 ms, used_size=1585152 bytes (3.9%)
(RDMA_READ_CONSUME_CHECK_CONSUMER) timestamp=1635 ms, used_size=1583104 bytes (3.9%)
(RDMA_READ_CONSUME_CHECK_CONSUMER) timestamp=1635 ms, used_size=1581056 bytes (3.9%)
(RDMA_READ_CONSUME_CHECK_CONSUMER) timestamp=1635 ms, used_size=1579008 bytes (3.9%)
(RDMA_READ_CONSUME_CHECK_CONSUMER) timestamp=1635 ms, used_size=1576960 bytes (3.9%)
(RDMA_READ_CONSUME_CHECK_CONSUMER) timestamp=1635 ms, used_size=1574912 bytes (3.8%)
(RDMA_READ_CONSUME_CHECK_CONSUMER) timestamp=1635 ms, used_size=1572864 bytes (3.8%)
(RDMA_READ_CONSUME_CHECK_CONSUMER) timestamp=1635 ms, used_size=1570816 bytes (3.8%)
(RDMA_READ_CONSUME_CHECK_CONSUMER) timestamp=1635 ms, used_size=1568768 bytes (3.8%)
(RDMA_READ_CONSUME_CHECK_CONSUMER) timestamp=1635 ms, used_size=1566720 bytes (3.8%)
(RDMA_READ_CONSUME_CHECK_CONSUMER) timestamp=1635 ms, used_size=1564672 bytes (3.8%)
(RDMA_READ_CONSUME_CHECK_CONSUMER) timestamp=1635 ms, used_size=1562624 bytes (3.8%)
(RDMA_READ_CONSUME_CHECK_CONSUMER) timestamp=1635 ms, used_size=1560576 bytes (3.8%)
(RDMA_READ_CONSUME_CHECK_CONSUMER) timestamp=1635 ms, used_size=1558528 bytes (3.8%)
(RDMA_READ_CONSUME_CHECK_CONSUMER) timestamp=1635 ms, used_size=1556480 bytes (3.8%)
(RDMA_READ_CONSUME_CHECK_CONSUMER) timestamp=1635 ms, used_size=1554432 bytes (3.8%)
(RDMA_READ_CONSUME_CHECK_CONSUMER) timestamp=1635 ms, used_size=1552384 bytes (3.8%)
(RDMA_READ_CONSUME_CHECK_CONSUMER) timestamp=1635 ms, used_size=1550336 bytes (3.8%)
(RDMA_READ_CONSUME_CHECK_CONSUMER) timestamp=1635 ms, used_size=1548288 bytes (3.8%)
(RDMA_READ_CONSUME_CHECK_CONSUMER) timestamp=1635 ms, used_size=1546240 bytes (3.8%)
(RDMA_READ_CONSUME_CHECK_CONSUMER) timestamp=1635 ms, used_size=1544192 bytes (3.8%)
(RDMA_READ_CONSUME_CHECK_CONSUMER) timestamp=1635 ms, used_size=1542144 bytes (3.8%)
(RDMA_READ_CONSUME_CHECK_CONSUMER) timestamp=1635 ms, used_size=1540096 bytes (3.8%)
(RDMA_READ_CONSUME_CHECK_CONSUMER) timestamp=1635 ms, used_size=1538048 bytes (3.8%)
(RDMA_READ_CONSUME_CHECK_CONSUMER) timestamp=1635 ms, used_size=1536000 bytes (3.8%)
(RDMA_READ_CONSUME_CHECK_CONSUMER) timestamp=1635 ms, used_size=1533952 bytes (3.7%)
(RDMA_READ_CONSUME_CHECK_CONSUMER) timestamp=1635 ms, used_size=1531904 bytes (3.7%)
(RDMA_READ_CONSUME_CHECK_CONSUMER) timestamp=1635 ms, used_size=1529856 bytes (3.7%)
(RDMA_READ_CONSUME_CHECK_CONSUMER) timestamp=1635 ms, used_size=1527808 bytes (3.7%)
(RDMA_READ_CONSUME_CHECK_CONSUMER) timestamp=1635 ms, used_size=1525760 bytes (3.7%)
(RDMA_READ_CONSUME_CHECK_CONSUMER) timestamp=1635 ms, used_size=1523712 bytes (3.7%)
(RDMA_READ_CONSUME_CHECK_CONSUMER) timestamp=1635 ms, used_size=1521664 bytes (3.7%)
(RDMA_READ_CONSUME_CHECK_CONSUMER) timestamp=1635 ms, used_size=1519616 bytes (3.7%)
(RDMA_READ_CONSUME_CHECK_CONSUMER) timestamp=1635 ms, used_size=1517568 bytes (3.7%)
(RDMA_READ_CONSUME_CHECK_CONSUMER) timestamp=1635 ms, used_size=1515520 bytes (3.7%)
(RDMA_READ_CONSUME_CHECK_CONSUMER) timestamp=1635 ms, used_size=1513472 bytes (3.7%)
(RDMA_READ_CONSUME_CHECK_CONSUMER) timestamp=1635 ms, used_size=1511424 bytes (3.7%)
(RDMA_READ_CONSUME_CHECK_CONSUMER) timestamp=1635 ms, used_size=1509376 bytes (3.7%)
(RDMA_READ_CONSUME_CHECK_CONSUMER) timestamp=1635 ms, used_size=1507328 bytes (3.7%)
(RDMA_READ_CONSUME_CHECK_CONSUMER) timestamp=1635 ms, used_size=1505280 bytes (3.7%)
(RDMA_READ_CONSUME_CHECK_CONSUMER) timestamp=1635 ms, used_size=1503232 bytes (3.7%)
(RDMA_READ_CONSUME_CHECK_CONSUMER) timestamp=1635 ms, used_size=1501184 bytes (3.7%)
(RDMA_READ_CONSUME_CHECK_CONSUMER) timestamp=1635 ms, used_size=1499136 bytes (3.7%)
(RDMA_READ_CONSUME_CHECK_CONSUMER) timestamp=1635 ms, used_size=1497088 bytes (3.7%)
(RDMA_READ_CONSUME_CHECK_CONSUMER) timestamp=1635 ms, used_size=1495040 bytes (3.6%)
(RDMA_READ_CONSUME_CHECK_CONSUMER) timestamp=1635 ms, used_size=1492992 bytes (3.6%)
(RDMA_READ_CONSUME_CHECK_CONSUMER) timestamp=1635 ms, used_size=1490944 bytes (3.6%)
(RDMA_READ_CONSUME_CHECK_CONSUMER) timestamp=1635 ms, used_size=1488896 bytes (3.6%)
(RDMA_READ_CONSUME_CHECK_CONSUMER) timestamp=1635 ms, used_size=1486848 bytes (3.6%)
(RDMA_READ_CONSUME_CHECK_CONSUMER) timestamp=1635 ms, used_size=1484800 bytes (3.6%)
(RDMA_READ_CONSUME_CHECK_CONSUMER) timestamp=1635 ms, used_size=1482752 bytes (3.6%)
(RDMA_READ_CONSUME_CHECK_CONSUMER) timestamp=1635 ms, used_size=1480704 bytes (3.6%)
(RDMA_READ_CONSUME_CHECK_CONSUMER) timestamp=1635 ms, used_size=1478656 bytes (3.6%)
(RDMA_READ_CONSUME_CHECK_CONSUMER) timestamp=1635 ms, used_size=1476608 bytes (3.6%)
(RDMA_READ_CONSUME_CHECK_CONSUMER) timestamp=1635 ms, used_size=1474560 bytes (3.6%)
(RDMA_READ_CONSUME_CHECK_CONSUMER) timestamp=1635 ms, used_size=1472512 bytes (3.6%)
(RDMA_READ_CONSUME_CHECK_CONSUMER) timestamp=1635 ms, used_size=1470464 bytes (3.6%)
(RDMA_READ_CONSUME_CHECK_CONSUMER) timestamp=1635 ms, used_size=1468416 bytes (3.6%)
(RDMA_READ_CONSUME_CHECK_CONSUMER) timestamp=1635 ms, used_size=1466368 bytes (3.6%)
(RDMA_READ_CONSUME_CHECK_CONSUMER) timestamp=1635 ms, used_size=1464320 bytes (3.6%)
(RDMA_READ_CONSUME_CHECK_CONSUMER) timestamp=1635 ms, used_size=1462272 bytes (3.6%)
(RDMA_READ_CONSUME_CHECK_CONSUMER) timestamp=1635 ms, used_size=1460224 bytes (3.6%)
(RDMA_READ_CONSUME_CHECK_CONSUMER) timestamp=1635 ms, used_size=1458176 bytes (3.6%)
(RDMA_READ_CONSUME_CHECK_CONSUMER) timestamp=1635 ms, used_size=1456128 bytes (3.6%)
(RDMA_READ_CONSUME_CHECK_CONSUMER) timestamp=1635 ms, used_size=1454080 bytes (3.5%)
(RDMA_READ_CONSUME_CHECK_CONSUMER) timestamp=1635 ms, used_size=1452032 bytes (3.5%)
(RDMA_READ_CONSUME_CHECK_CONSUMER) timestamp=1635 ms, used_size=1449984 bytes (3.5%)
(RDMA_READ_CONSUME_CHECK_CONSUMER) timestamp=1635 ms, used_size=1447936 bytes (3.5%)
(RDMA_READ_CONSUME_CHECK_CONSUMER) timestamp=1635 ms, used_size=1445888 bytes (3.5%)
(RDMA_READ_CONSUME_CHECK_CONSUMER) timestamp=1635 ms, used_size=1443840 bytes (3.5%)
(RDMA_READ_CONSUME_CHECK_CONSUMER) timestamp=1635 ms, used_size=1441792 bytes (3.5%)
(RDMA_READ_CONSUME_CHECK_CONSUMER) timestamp=1635 ms, used_size=1439744 bytes (3.5%)
(RDMA_READ_CONSUME_CHECK_CONSUMER) timestamp=1635 ms, used_size=1437696 bytes (3.5%)
(RDMA_READ_CONSUME_CHECK_CONSUMER) timestamp=1635 ms, used_size=1435648 bytes (3.5%)
(RDMA_READ_CONSUME_CHECK_CONSUMER) timestamp=1635 ms, used_size=1433600 bytes (3.5%)
(RDMA_READ_CONSUME_CHECK_CONSUMER) timestamp=1635 ms, used_size=1431552 bytes (3.5%)
(RDMA_READ_CONSUME_CHECK_CONSUMER) timestamp=1635 ms, used_size=1429504 bytes (3.5%)
(RDMA_READ_CONSUME_CHECK_CONSUMER) timestamp=1635 ms, used_size=1427456 bytes (3.5%)
(RDMA_READ_CONSUME_CHECK_CONSUMER) timestamp=1635 ms, used_size=1425408 bytes (3.5%)
(RDMA_READ_CONSUME_CHECK_CONSUMER) timestamp=1635 ms, used_size=1423360 bytes (3.5%)
(RDMA_READ_CONSUME_CHECK_CONSUMER) timestamp=1635 ms, used_size=1421312 bytes (3.5%)
(RDMA_READ_CONSUME_CHECK_CONSUMER) timestamp=1635 ms, used_size=1419264 bytes (3.5%)
(RDMA_READ_CONSUME_CHECK_CONSUMER) timestamp=1635 ms, used_size=1417216 bytes (3.5%)
(RDMA_READ_CONSUME_CHECK_CONSUMER) timestamp=1635 ms, used_size=1415168 bytes (3.5%)
(RDMA_READ_CONSUME_CHECK_CONSUMER) timestamp=1635 ms, used_size=1413120 bytes (3.5%)
(RDMA_READ_CONSUME_CHECK_CONSUMER) timestamp=1635 ms, used_size=1411072 bytes (3.4%)
(RDMA_READ_CONSUME_CHECK_CONSUMER) timestamp=1635 ms, used_size=1409024 bytes (3.4%)
(RDMA_READ_CONSUME_CHECK_CONSUMER) timestamp=1635 ms, used_size=1406976 bytes (3.4%)
(RDMA_READ_CONSUME_CHECK_CONSUMER) timestamp=1635 ms, used_size=1404928 bytes (3.4%)
(RDMA_READ_CONSUME_CHECK_CONSUMER) timestamp=1635 ms, used_size=1402880 bytes (3.4%)
(RDMA_READ_CONSUME_CHECK_CONSUMER) timestamp=1635 ms, used_size=1400832 bytes (3.4%)
(RDMA_READ_CONSUME_CHECK_CONSUMER) timestamp=1635 ms, used_size=1398784 bytes (3.4%)
(RDMA_READ_CONSUME_CHECK_CONSUMER) timestamp=1635 ms, used_size=1396736 bytes (3.4%)
(RDMA_READ_CONSUME_CHECK_CONSUMER) timestamp=1636 ms, used_size=1394688 bytes (3.4%)
(RDMA_READ_CONSUME_CHECK_CONSUMER) timestamp=1636 ms, used_size=1392640 bytes (3.4%)
(RDMA_READ_CONSUME_CHECK_CONSUMER) timestamp=1636 ms, used_size=1390592 bytes (3.4%)
(RDMA_READ_CONSUME_CHECK_CONSUMER) timestamp=1636 ms, used_size=1388544 bytes (3.4%)
(RDMA_READ_CONSUME_CHECK_CONSUMER) timestamp=1636 ms, used_size=1386496 bytes (3.4%)
(RDMA_READ_CONSUME_CHECK_CONSUMER) timestamp=1636 ms, used_size=1384448 bytes (3.4%)
(RDMA_READ_CONSUME_CHECK_CONSUMER) timestamp=1636 ms, used_size=1382400 bytes (3.4%)
(RDMA_READ_CONSUME_CHECK_CONSUMER) timestamp=1636 ms, used_size=1380352 bytes (3.4%)
(RDMA_READ_CONSUME_CHECK_CONSUMER) timestamp=1636 ms, used_size=1378304 bytes (3.4%)
(RDMA_READ_CONSUME_CHECK_CONSUMER) timestamp=1636 ms, used_size=1376256 bytes (3.4%)
(RDMA_READ_CONSUME_CHECK_CONSUMER) timestamp=1636 ms, used_size=1374208 bytes (3.4%)
(RDMA_READ_CONSUME_CHECK_CONSUMER) timestamp=1636 ms, used_size=1372160 bytes (3.4%)
(RDMA_READ_CONSUME_CHECK_CONSUMER) timestamp=1636 ms, used_size=1370112 bytes (3.3%)
(RDMA_READ_CONSUME_CHECK_CONSUMER) timestamp=1636 ms, used_size=1368064 bytes (3.3%)
(RDMA_READ_CONSUME_CHECK_CONSUMER) timestamp=1636 ms, used_size=1366016 bytes (3.3%)
(RDMA_READ_CONSUME_CHECK_CONSUMER) timestamp=1636 ms, used_size=1363968 bytes (3.3%)
(RDMA_READ_CONSUME_CHECK_CONSUMER) timestamp=1636 ms, used_size=1361920 bytes (3.3%)
(RDMA_READ_CONSUME_CHECK_CONSUMER) timestamp=1636 ms, used_size=1359872 bytes (3.3%)
(RDMA_READ_CONSUME_CHECK_CONSUMER) timestamp=1636 ms, used_size=1357824 bytes (3.3%)
(RDMA_READ_CONSUME_CHECK_CONSUMER) timestamp=1636 ms, used_size=1355776 bytes (3.3%)
(RDMA_READ_CONSUME_CHECK_CONSUMER) timestamp=1636 ms, used_size=1353728 bytes (3.3%)
(RDMA_READ_CONSUME_CHECK_CONSUMER) timestamp=1636 ms, used_size=1351680 bytes (3.3%)
(RDMA_READ_CONSUME_CHECK_CONSUMER) timestamp=1636 ms, used_size=1349632 bytes (3.3%)
(RDMA_READ_CONSUME_CHECK_CONSUMER) timestamp=1636 ms, used_size=1347584 bytes (3.3%)
(RDMA_READ_CONSUME_CHECK_CONSUMER) timestamp=1636 ms, used_size=1345536 bytes (3.3%)
(RDMA_READ_CONSUME_CHECK_CONSUMER) timestamp=1636 ms, used_size=1343488 bytes (3.3%)
(RDMA_READ_CONSUME_CHECK_CONSUMER) timestamp=1636 ms, used_size=1341440 bytes (3.3%)
(RDMA_READ_CONSUME_CHECK_CONSUMER) timestamp=1636 ms, used_size=1339392 bytes (3.3%)
(RDMA_READ_CONSUME_CHECK_CONSUMER) timestamp=1636 ms, used_size=1337344 bytes (3.3%)
(RDMA_READ_CONSUME_CHECK_CONSUMER) timestamp=1636 ms, used_size=1335296 bytes (3.3%)
(RDMA_READ_CONSUME_CHECK_CONSUMER) timestamp=1636 ms, used_size=1333248 bytes (3.3%)
(RDMA_READ_CONSUME_CHECK_CONSUMER) timestamp=1636 ms, used_size=1331200 bytes (3.2%)
(RDMA_READ_CONSUME_CHECK_CONSUMER) timestamp=1636 ms, used_size=1329152 bytes (3.2%)
(RDMA_READ_CONSUME_CHECK_CONSUMER) timestamp=1636 ms, used_size=1327104 bytes (3.2%)
(RDMA_READ_CONSUME_CHECK_CONSUMER) timestamp=1636 ms, used_size=1325056 bytes (3.2%)
(RDMA_READ_CONSUME_CHECK_CONSUMER) timestamp=1636 ms, used_size=1323008 bytes (3.2%)
(RDMA_READ_CONSUME_CHECK_CONSUMER) timestamp=1636 ms, used_size=1320960 bytes (3.2%)
(RDMA_READ_CONSUME_CHECK_CONSUMER) timestamp=1636 ms, used_size=1318912 bytes (3.2%)
(RDMA_READ_CONSUME_CHECK_CONSUMER) timestamp=1636 ms, used_size=1316864 bytes (3.2%)
(RDMA_READ_CONSUME_CHECK_CONSUMER) timestamp=1636 ms, used_size=1314816 bytes (3.2%)
(RDMA_READ_CONSUME_CHECK_CONSUMER) timestamp=1636 ms, used_size=1312768 bytes (3.2%)
(RDMA_READ_CONSUME_CHECK_CONSUMER) timestamp=1636 ms, used_size=1310720 bytes (3.2%)
(RDMA_READ_CONSUME_CHECK_CONSUMER) timestamp=1636 ms, used_size=1308672 bytes (3.2%)
(RDMA_READ_CONSUME_CHECK_CONSUMER) timestamp=1636 ms, used_size=1306624 bytes (3.2%)
(RDMA_READ_CONSUME_CHECK_CONSUMER) timestamp=1636 ms, used_size=1304576 bytes (3.2%)
(RDMA_READ_CONSUME_CHECK_CONSUMER) timestamp=1636 ms, used_size=1302528 bytes (3.2%)
(RDMA_READ_CONSUME_CHECK_CONSUMER) timestamp=1636 ms, used_size=1300480 bytes (3.2%)
(RDMA_READ_CONSUME_CHECK_CONSUMER) timestamp=1636 ms, used_size=1298432 bytes (3.2%)
(RDMA_READ_CONSUME_CHECK_CONSUMER) timestamp=1636 ms, used_size=1296384 bytes (3.2%)
(RDMA_READ_CONSUME_CHECK_CONSUMER) timestamp=1636 ms, used_size=1294336 bytes (3.2%)
(RDMA_READ_CONSUME_CHECK_CONSUMER) timestamp=1636 ms, used_size=1292288 bytes (3.2%)
(RDMA_READ_CONSUME_CHECK_CONSUMER) timestamp=1636 ms, used_size=1290240 bytes (3.1%)
(RDMA_READ_CONSUME_CHECK_CONSUMER) timestamp=1636 ms, used_size=1288192 bytes (3.1%)
(RDMA_READ_CONSUME_CHECK_CONSUMER) timestamp=1636 ms, used_size=1286144 bytes (3.1%)
(RDMA_READ_CONSUME_CHECK_CONSUMER) timestamp=1636 ms, used_size=1284096 bytes (3.1%)
(RDMA_READ_CONSUME_CHECK_CONSUMER) timestamp=1636 ms, used_size=1282048 bytes (3.1%)
(RDMA_READ_CONSUME_CHECK_CONSUMER) timestamp=1636 ms, used_size=1280000 bytes (3.1%)
(RDMA_READ_CONSUME_CHECK_CONSUMER) timestamp=1636 ms, used_size=1277952 bytes (3.1%)
(RDMA_READ_CONSUME_CHECK_CONSUMER) timestamp=1636 ms, used_size=1275904 bytes (3.1%)
(RDMA_READ_CONSUME_CHECK_CONSUMER) timestamp=1636 ms, used_size=1273856 bytes (3.1%)
(RDMA_READ_CONSUME_CHECK_CONSUMER) timestamp=1636 ms, used_size=1271808 bytes (3.1%)
(RDMA_READ_CONSUME_CHECK_CONSUMER) timestamp=1636 ms, used_size=1269760 bytes (3.1%)
(RDMA_READ_CONSUME_CHECK_CONSUMER) timestamp=1636 ms, used_size=1267712 bytes (3.1%)
(RDMA_READ_CONSUME_CHECK_CONSUMER) timestamp=1636 ms, used_size=1265664 bytes (3.1%)
(RDMA_READ_CONSUME_CHECK_CONSUMER) timestamp=1636 ms, used_size=1263616 bytes (3.1%)
(RDMA_READ_CONSUME_CHECK_CONSUMER) timestamp=1636 ms, used_size=1261568 bytes (3.1%)
(RDMA_READ_CONSUME_CHECK_CONSUMER) timestamp=1636 ms, used_size=1259520 bytes (3.1%)
(RDMA_READ_CONSUME_CHECK_CONSUMER) timestamp=1636 ms, used_size=1257472 bytes (3.1%)
(RDMA_READ_CONSUME_CHECK_CONSUMER) timestamp=1636 ms, used_size=1255424 bytes (3.1%)
(RDMA_READ_CONSUME_CHECK_CONSUMER) timestamp=1636 ms, used_size=1253376 bytes (3.1%)
(RDMA_READ_CONSUME_CHECK_CONSUMER) timestamp=1636 ms, used_size=1251328 bytes (3.1%)
(RDMA_READ_CONSUME_CHECK_CONSUMER) timestamp=1636 ms, used_size=1249280 bytes (3.0%)
(RDMA_READ_CONSUME_CHECK_CONSUMER) timestamp=1636 ms, used_size=1247232 bytes (3.0%)
(RDMA_READ_CONSUME_CHECK_CONSUMER) timestamp=1636 ms, used_size=1245184 bytes (3.0%)
(RDMA_READ_CONSUME_CHECK_CONSUMER) timestamp=1636 ms, used_size=1243136 bytes (3.0%)
(RDMA_READ_CONSUME_CHECK_CONSUMER) timestamp=1636 ms, used_size=1241088 bytes (3.0%)
(RDMA_READ_CONSUME_CHECK_CONSUMER) timestamp=1636 ms, used_size=1239040 bytes (3.0%)
(RDMA_READ_CONSUME_CHECK_CONSUMER) timestamp=1636 ms, used_size=1236992 bytes (3.0%)
(RDMA_READ_CONSUME_CHECK_CONSUMER) timestamp=1636 ms, used_size=1234944 bytes (3.0%)
(RDMA_READ_CONSUME_CHECK_CONSUMER) timestamp=1636 ms, used_size=1232896 bytes (3.0%)
(RDMA_READ_CONSUME_CHECK_CONSUMER) timestamp=1636 ms, used_size=1230848 bytes (3.0%)
(RDMA_READ_CONSUME_CHECK_CONSUMER) timestamp=1636 ms, used_size=1228800 bytes (3.0%)
(RDMA_READ_CONSUME_CHECK_CONSUMER) timestamp=1636 ms, used_size=1226752 bytes (3.0%)
(RDMA_READ_CONSUME_CHECK_CONSUMER) timestamp=1636 ms, used_size=1224704 bytes (3.0%)
(RDMA_READ_CONSUME_CHECK_CONSUMER) timestamp=1636 ms, used_size=1222656 bytes (3.0%)
(RDMA_READ_CONSUME_CHECK_CONSUMER) timestamp=1636 ms, used_size=1220608 bytes (3.0%)
(RDMA_READ_CONSUME_CHECK_CONSUMER) timestamp=1636 ms, used_size=1218560 bytes (3.0%)
(RDMA_READ_CONSUME_CHECK_CONSUMER) timestamp=1636 ms, used_size=1216512 bytes (3.0%)
(RDMA_READ_CONSUME_CHECK_CONSUMER) timestamp=1636 ms, used_size=1214464 bytes (3.0%)
(RDMA_READ_CONSUME_CHECK_CONSUMER) timestamp=1636 ms, used_size=1212416 bytes (3.0%)
(RDMA_READ_CONSUME_CHECK_CONSUMER) timestamp=1636 ms, used_size=1210368 bytes (3.0%)
(RDMA_READ_CONSUME_CHECK_CONSUMER) timestamp=1636 ms, used_size=1208320 bytes (3.0%)
(RDMA_READ_CONSUME_CHECK_CONSUMER) timestamp=1636 ms, used_size=1206272 bytes (2.9%)
(RDMA_READ_CONSUME_CHECK_CONSUMER) timestamp=1636 ms, used_size=1204224 bytes (2.9%)
(RDMA_READ_CONSUME_CHECK_CONSUMER) timestamp=1636 ms, used_size=1202176 bytes (2.9%)
(RDMA_READ_CONSUME_CHECK_CONSUMER) timestamp=1636 ms, used_size=1200128 bytes (2.9%)
(RDMA_READ_CONSUME_CHECK_CONSUMER) timestamp=1636 ms, used_size=1198080 bytes (2.9%)
(RDMA_READ_CONSUME_CHECK_CONSUMER) timestamp=1636 ms, used_size=1196032 bytes (2.9%)
(RDMA_READ_CONSUME_CHECK_CONSUMER) timestamp=1636 ms, used_size=1193984 bytes (2.9%)
(RDMA_READ_CONSUME_CHECK_CONSUMER) timestamp=1636 ms, used_size=1191936 bytes (2.9%)
(RDMA_READ_CONSUME_CHECK_CONSUMER) timestamp=1636 ms, used_size=1189888 bytes (2.9%)
(RDMA_READ_CONSUME_CHECK_CONSUMER) timestamp=1636 ms, used_size=1187840 bytes (2.9%)
(RDMA_READ_CONSUME_CHECK_CONSUMER) timestamp=1636 ms, used_size=1185792 bytes (2.9%)
(RDMA_READ_CONSUME_CHECK_CONSUMER) timestamp=1636 ms, used_size=1183744 bytes (2.9%)
(RDMA_READ_CONSUME_CHECK_CONSUMER) timestamp=1636 ms, used_size=1181696 bytes (2.9%)
(RDMA_READ_CONSUME_CHECK_CONSUMER) timestamp=1636 ms, used_size=1179648 bytes (2.9%)
(RDMA_READ_CONSUME_CHECK_CONSUMER) timestamp=1636 ms, used_size=1177600 bytes (2.9%)
(RDMA_READ_CONSUME_CHECK_CONSUMER) timestamp=1636 ms, used_size=1175552 bytes (2.9%)
(RDMA_READ_CONSUME_CHECK_CONSUMER) timestamp=1636 ms, used_size=1173504 bytes (2.9%)
(RDMA_READ_CONSUME_CHECK_CONSUMER) timestamp=1636 ms, used_size=1171456 bytes (2.9%)
(RDMA_READ_CONSUME_CHECK_CONSUMER) timestamp=1636 ms, used_size=1169408 bytes (2.9%)
(RDMA_READ_CONSUME_CHECK_CONSUMER) timestamp=1636 ms, used_size=1167360 bytes (2.9%)
(RDMA_READ_CONSUME_CHECK_CONSUMER) timestamp=1636 ms, used_size=1165312 bytes (2.8%)
(RDMA_READ_CONSUME_CHECK_CONSUMER) timestamp=1636 ms, used_size=1163264 bytes (2.8%)
(RDMA_READ_CONSUME_CHECK_CONSUMER) timestamp=1636 ms, used_size=1161216 bytes (2.8%)
(RDMA_READ_CONSUME_CHECK_CONSUMER) timestamp=1636 ms, used_size=1159168 bytes (2.8%)
(RDMA_READ_CONSUME_CHECK_CONSUMER) timestamp=1636 ms, used_size=1157120 bytes (2.8%)
(RDMA_READ_CONSUME_CHECK_CONSUMER) timestamp=1636 ms, used_size=1155072 bytes (2.8%)
(RDMA_READ_CONSUME_CHECK_CONSUMER) timestamp=1636 ms, used_size=1153024 bytes (2.8%)
(RDMA_READ_CONSUME_CHECK_CONSUMER) timestamp=1636 ms, used_size=1150976 bytes (2.8%)
(RDMA_READ_CONSUME_CHECK_CONSUMER) timestamp=1636 ms, used_size=1148928 bytes (2.8%)
(RDMA_READ_CONSUME_CHECK_CONSUMER) timestamp=1636 ms, used_size=1146880 bytes (2.8%)
(RDMA_READ_CONSUME_CHECK_CONSUMER) timestamp=1636 ms, used_size=1144832 bytes (2.8%)
(RDMA_READ_CONSUME_CHECK_CONSUMER) timestamp=1636 ms, used_size=1142784 bytes (2.8%)
(RDMA_READ_CONSUME_CHECK_CONSUMER) timestamp=1636 ms, used_size=1140736 bytes (2.8%)
(RDMA_READ_CONSUME_CHECK_CONSUMER) timestamp=1636 ms, used_size=1138688 bytes (2.8%)
(RDMA_READ_CONSUME_CHECK_CONSUMER) timestamp=1636 ms, used_size=1136640 bytes (2.8%)
(RDMA_READ_CONSUME_CHECK_CONSUMER) timestamp=1636 ms, used_size=1134592 bytes (2.8%)
(RDMA_READ_CONSUME_CHECK_CONSUMER) timestamp=1636 ms, used_size=1132544 bytes (2.8%)
(RDMA_READ_CONSUME_CHECK_CONSUMER) timestamp=1636 ms, used_size=1130496 bytes (2.8%)
(RDMA_READ_CONSUME_CHECK_CONSUMER) timestamp=1636 ms, used_size=1128448 bytes (2.8%)
(RDMA_READ_CONSUME_CHECK_CONSUMER) timestamp=1636 ms, used_size=1126400 bytes (2.8%)
(RDMA_READ_CONSUME_CHECK_CONSUMER) timestamp=1636 ms, used_size=1124352 bytes (2.7%)
(RDMA_READ_CONSUME_CHECK_CONSUMER) timestamp=1636 ms, used_size=1122304 bytes (2.7%)
(RDMA_READ_CONSUME_CHECK_CONSUMER) timestamp=1636 ms, used_size=1120256 bytes (2.7%)
(RDMA_READ_CONSUME_CHECK_CONSUMER) timestamp=1636 ms, used_size=1118208 bytes (2.7%)
(RDMA_READ_CONSUME_CHECK_CONSUMER) timestamp=1636 ms, used_size=1116160 bytes (2.7%)
(RDMA_READ_CONSUME_CHECK_CONSUMER) timestamp=1636 ms, used_size=1114112 bytes (2.7%)
(RDMA_READ_CONSUME_CHECK_CONSUMER) timestamp=1636 ms, used_size=1112064 bytes (2.7%)
(RDMA_READ_CONSUME_CHECK_CONSUMER) timestamp=1636 ms, used_size=1110016 bytes (2.7%)
(RDMA_READ_CONSUME_CHECK_CONSUMER) timestamp=1636 ms, used_size=1107968 bytes (2.7%)
(RDMA_READ_CONSUME_CHECK_CONSUMER) timestamp=1636 ms, used_size=1105920 bytes (2.7%)
(RDMA_READ_CONSUME_CHECK_CONSUMER) timestamp=1636 ms, used_size=1103872 bytes (2.7%)
(RDMA_READ_CONSUME_CHECK_CONSUMER) timestamp=1636 ms, used_size=1101824 bytes (2.7%)
(RDMA_READ_CONSUME_CHECK_CONSUMER) timestamp=1636 ms, used_size=1099776 bytes (2.7%)
(RDMA_READ_CONSUME_CHECK_CONSUMER) timestamp=1636 ms, used_size=1097728 bytes (2.7%)
(RDMA_READ_CONSUME_CHECK_CONSUMER) timestamp=1636 ms, used_size=1095680 bytes (2.7%)
(RDMA_READ_CONSUME_CHECK_CONSUMER) timestamp=1636 ms, used_size=1093632 bytes (2.7%)
(RDMA_READ_CONSUME_CHECK_CONSUMER) timestamp=1636 ms, used_size=1091584 bytes (2.7%)
(RDMA_READ_CONSUME_CHECK_CONSUMER) timestamp=1636 ms, used_size=1089536 bytes (2.7%)
(RDMA_READ_CONSUME_CHECK_CONSUMER) timestamp=1636 ms, used_size=1087488 bytes (2.7%)
(RDMA_READ_CONSUME_CHECK_CONSUMER) timestamp=1636 ms, used_size=1085440 bytes (2.6%)
(RDMA_READ_CONSUME_CHECK_CONSUMER) timestamp=1636 ms, used_size=1083392 bytes (2.6%)
(RDMA_READ_CONSUME_CHECK_CONSUMER) timestamp=1636 ms, used_size=1081344 bytes (2.6%)
(RDMA_READ_CONSUME_CHECK_CONSUMER) timestamp=1636 ms, used_size=1079296 bytes (2.6%)
(RDMA_READ_CONSUME_CHECK_CONSUMER) timestamp=1636 ms, used_size=1077248 bytes (2.6%)
(RDMA_READ_CONSUME_CHECK_CONSUMER) timestamp=1636 ms, used_size=1075200 bytes (2.6%)
(RDMA_READ_CONSUME_CHECK_CONSUMER) timestamp=1636 ms, used_size=1073152 bytes (2.6%)
(RDMA_READ_CONSUME_CHECK_CONSUMER) timestamp=1636 ms, used_size=1071104 bytes (2.6%)
(RDMA_READ_CONSUME_CHECK_CONSUMER) timestamp=1636 ms, used_size=1069056 bytes (2.6%)
(RDMA_READ_CONSUME_CHECK_CONSUMER) timestamp=1636 ms, used_size=1067008 bytes (2.6%)
(RDMA_READ_CONSUME_CHECK_CONSUMER) timestamp=1636 ms, used_size=1064960 bytes (2.6%)
(RDMA_READ_CONSUME_CHECK_CONSUMER) timestamp=1636 ms, used_size=1062912 bytes (2.6%)
(RDMA_READ_CONSUME_CHECK_CONSUMER) timestamp=1636 ms, used_size=1060864 bytes (2.6%)
(RDMA_READ_CONSUME_CHECK_CONSUMER) timestamp=1636 ms, used_size=1058816 bytes (2.6%)
(RDMA_READ_CONSUME_CHECK_CONSUMER) timestamp=1636 ms, used_size=1056768 bytes (2.6%)
(RDMA_READ_CONSUME_CHECK_CONSUMER) timestamp=1636 ms, used_size=1054720 bytes (2.6%)
(RDMA_READ_CONSUME_CHECK_CONSUMER) timestamp=1636 ms, used_size=1052672 bytes (2.6%)
(RDMA_READ_CONSUME_CHECK_CONSUMER) timestamp=1636 ms, used_size=1050624 bytes (2.6%)
(RDMA_READ_CONSUME_CHECK_CONSUMER) timestamp=1636 ms, used_size=1048576 bytes (2.6%)
(RDMA_READ_CONSUME_CHECK_CONSUMER) timestamp=1636 ms, used_size=1046528 bytes (2.6%)
(RDMA_READ_CONSUME_CHECK_CONSUMER) timestamp=1636 ms, used_size=1044480 bytes (2.5%)
(RDMA_READ_CONSUME_CHECK_CONSUMER) timestamp=1636 ms, used_size=1042432 bytes (2.5%)
(RDMA_READ_CONSUME_CHECK_CONSUMER) timestamp=1636 ms, used_size=1040384 bytes (2.5%)
(RDMA_READ_CONSUME_CHECK_CONSUMER) timestamp=1636 ms, used_size=1038336 bytes (2.5%)
(RDMA_READ_CONSUME_CHECK_CONSUMER) timestamp=1636 ms, used_size=1036288 bytes (2.5%)
(RDMA_READ_CONSUME_CHECK_CONSUMER) timestamp=1636 ms, used_size=1034240 bytes (2.5%)
(RDMA_READ_CONSUME_CHECK_CONSUMER) timestamp=1636 ms, used_size=1032192 bytes (2.5%)
(RDMA_READ_CONSUME_CHECK_CONSUMER) timestamp=1636 ms, used_size=1030144 bytes (2.5%)
(RDMA_READ_CONSUME_CHECK_CONSUMER) timestamp=1637 ms, used_size=1028096 bytes (2.5%)
(RDMA_READ_CONSUME_CHECK_CONSUMER) timestamp=1637 ms, used_size=1026048 bytes (2.5%)
(RDMA_READ_CONSUME_CHECK_CONSUMER) timestamp=1637 ms, used_size=1024000 bytes (2.5%)
(RDMA_READ_CONSUME_CHECK_CONSUMER) timestamp=1637 ms, used_size=1021952 bytes (2.5%)
(RDMA_READ_CONSUME_CHECK_CONSUMER) timestamp=1637 ms, used_size=1019904 bytes (2.5%)
(RDMA_READ_CONSUME_CHECK_CONSUMER) timestamp=1637 ms, used_size=1017856 bytes (2.5%)
(RDMA_READ_CONSUME_CHECK_CONSUMER) timestamp=1637 ms, used_size=1015808 bytes (2.5%)
(RDMA_READ_CONSUME_CHECK_CONSUMER) timestamp=1637 ms, used_size=1013760 bytes (2.5%)
(RDMA_READ_CONSUME_CHECK_CONSUMER) timestamp=1637 ms, used_size=1011712 bytes (2.5%)
(RDMA_READ_CONSUME_CHECK_CONSUMER) timestamp=1637 ms, used_size=1009664 bytes (2.5%)
(RDMA_READ_CONSUME_CHECK_CONSUMER) timestamp=1637 ms, used_size=1007616 bytes (2.5%)
(RDMA_READ_CONSUME_CHECK_CONSUMER) timestamp=1637 ms, used_size=1005568 bytes (2.5%)
(RDMA_READ_CONSUME_CHECK_CONSUMER) timestamp=1637 ms, used_size=1003520 bytes (2.5%)
(RDMA_READ_CONSUME_CHECK_CONSUMER) timestamp=1637 ms, used_size=1001472 bytes (2.4%)
(RDMA_READ_CONSUME_CHECK_CONSUMER) timestamp=1637 ms, used_size=999424 bytes (2.4%)
(RDMA_READ_CONSUME_CHECK_CONSUMER) timestamp=1637 ms, used_size=997376 bytes (2.4%)
(RDMA_READ_CONSUME_CHECK_CONSUMER) timestamp=1637 ms, used_size=995328 bytes (2.4%)
(RDMA_READ_CONSUME_CHECK_CONSUMER) timestamp=1637 ms, used_size=993280 bytes (2.4%)
(RDMA_READ_CONSUME_CHECK_CONSUMER) timestamp=1637 ms, used_size=991232 bytes (2.4%)
(RDMA_READ_CONSUME_CHECK_CONSUMER) timestamp=1637 ms, used_size=989184 bytes (2.4%)
(RDMA_READ_CONSUME_CHECK_CONSUMER) timestamp=1637 ms, used_size=987136 bytes (2.4%)
(RDMA_READ_CONSUME_CHECK_CONSUMER) timestamp=1637 ms, used_size=985088 bytes (2.4%)
(RDMA_READ_CONSUME_CHECK_CONSUMER) timestamp=1637 ms, used_size=983040 bytes (2.4%)
(RDMA_READ_CONSUME_CHECK_CONSUMER) timestamp=1637 ms, used_size=980992 bytes (2.4%)
(RDMA_READ_CONSUME_CHECK_CONSUMER) timestamp=1637 ms, used_size=978944 bytes (2.4%)
(RDMA_READ_CONSUME_CHECK_CONSUMER) timestamp=1637 ms, used_size=976896 bytes (2.4%)
(RDMA_READ_CONSUME_CHECK_CONSUMER) timestamp=1637 ms, used_size=974848 bytes (2.4%)
(RDMA_READ_CONSUME_CHECK_CONSUMER) timestamp=1637 ms, used_size=972800 bytes (2.4%)
(RDMA_READ_CONSUME_CHECK_CONSUMER) timestamp=1637 ms, used_size=970752 bytes (2.4%)
(RDMA_READ_CONSUME_CHECK_CONSUMER) timestamp=1637 ms, used_size=968704 bytes (2.4%)
(RDMA_READ_CONSUME_CHECK_CONSUMER) timestamp=1637 ms, used_size=966656 bytes (2.4%)
(RDMA_READ_CONSUME_CHECK_CONSUMER) timestamp=1637 ms, used_size=964608 bytes (2.4%)
(RDMA_READ_CONSUME_CHECK_CONSUMER) timestamp=1637 ms, used_size=962560 bytes (2.4%)
(RDMA_READ_CONSUME_CHECK_CONSUMER) timestamp=1637 ms, used_size=960512 bytes (2.3%)
(RDMA_READ_CONSUME_CHECK_CONSUMER) timestamp=1637 ms, used_size=958464 bytes (2.3%)
(RDMA_READ_CONSUME_CHECK_CONSUMER) timestamp=1637 ms, used_size=956416 bytes (2.3%)
(RDMA_READ_CONSUME_CHECK_CONSUMER) timestamp=1637 ms, used_size=954368 bytes (2.3%)
(RDMA_READ_CONSUME_CHECK_CONSUMER) timestamp=1637 ms, used_size=952320 bytes (2.3%)
(RDMA_READ_CONSUME_CHECK_CONSUMER) timestamp=1637 ms, used_size=950272 bytes (2.3%)
(RDMA_READ_CONSUME_CHECK_CONSUMER) timestamp=1637 ms, used_size=948224 bytes (2.3%)
(RDMA_READ_CONSUME_CHECK_CONSUMER) timestamp=1637 ms, used_size=946176 bytes (2.3%)
(RDMA_READ_CONSUME_CHECK_CONSUMER) timestamp=1637 ms, used_size=944128 bytes (2.3%)
(RDMA_READ_CONSUME_CHECK_CONSUMER) timestamp=1637 ms, used_size=942080 bytes (2.3%)
(RDMA_READ_CONSUME_CHECK_CONSUMER) timestamp=1637 ms, used_size=940032 bytes (2.3%)
(RDMA_READ_CONSUME_CHECK_CONSUMER) timestamp=1637 ms, used_size=937984 bytes (2.3%)
(RDMA_READ_CONSUME_CHECK_CONSUMER) timestamp=1637 ms, used_size=935936 bytes (2.3%)
(RDMA_READ_CONSUME_CHECK_CONSUMER) timestamp=1637 ms, used_size=933888 bytes (2.3%)
(RDMA_READ_CONSUME_CHECK_CONSUMER) timestamp=1637 ms, used_size=931840 bytes (2.3%)
(RDMA_READ_CONSUME_CHECK_CONSUMER) timestamp=1637 ms, used_size=929792 bytes (2.3%)
(RDMA_READ_CONSUME_CHECK_CONSUMER) timestamp=1637 ms, used_size=927744 bytes (2.3%)
(RDMA_READ_CONSUME_CHECK_CONSUMER) timestamp=1637 ms, used_size=925696 bytes (2.3%)
(RDMA_READ_CONSUME_CHECK_CONSUMER) timestamp=1637 ms, used_size=923648 bytes (2.3%)
(RDMA_READ_CONSUME_CHECK_CONSUMER) timestamp=1637 ms, used_size=921600 bytes (2.2%)
(RDMA_READ_CONSUME_CHECK_CONSUMER) timestamp=1637 ms, used_size=919552 bytes (2.2%)
(RDMA_READ_CONSUME_CHECK_CONSUMER) timestamp=1637 ms, used_size=917504 bytes (2.2%)
(RDMA_READ_CONSUME_CHECK_CONSUMER) timestamp=1637 ms, used_size=915456 bytes (2.2%)
(RDMA_READ_CONSUME_CHECK_CONSUMER) timestamp=1637 ms, used_size=913408 bytes (2.2%)
(RDMA_READ_CONSUME_CHECK_CONSUMER) timestamp=1637 ms, used_size=911360 bytes (2.2%)
(RDMA_READ_CONSUME_CHECK_CONSUMER) timestamp=1637 ms, used_size=909312 bytes (2.2%)
(RDMA_READ_CONSUME_CHECK_CONSUMER) timestamp=1637 ms, used_size=907264 bytes (2.2%)
(RDMA_READ_CONSUME_CHECK_CONSUMER) timestamp=1637 ms, used_size=905216 bytes (2.2%)
(RDMA_READ_CONSUME_CHECK_CONSUMER) timestamp=1637 ms, used_size=903168 bytes (2.2%)
(RDMA_READ_CONSUME_CHECK_CONSUMER) timestamp=1637 ms, used_size=901120 bytes (2.2%)
(RDMA_READ_CONSUME_CHECK_CONSUMER) timestamp=1637 ms, used_size=899072 bytes (2.2%)
(RDMA_READ_CONSUME_CHECK_CONSUMER) timestamp=1637 ms, used_size=897024 bytes (2.2%)
(RDMA_READ_CONSUME_CHECK_CONSUMER) timestamp=1637 ms, used_size=894976 bytes (2.2%)
(RDMA_READ_CONSUME_CHECK_CONSUMER) timestamp=1637 ms, used_size=892928 bytes (2.2%)
(RDMA_READ_CONSUME_CHECK_CONSUMER) timestamp=1637 ms, used_size=890880 bytes (2.2%)
(RDMA_READ_CONSUME_CHECK_CONSUMER) timestamp=1637 ms, used_size=888832 bytes (2.2%)
(RDMA_READ_CONSUME_CHECK_CONSUMER) timestamp=1637 ms, used_size=886784 bytes (2.2%)
(RDMA_READ_CONSUME_CHECK_CONSUMER) timestamp=1637 ms, used_size=884736 bytes (2.2%)
(RDMA_READ_CONSUME_CHECK_CONSUMER) timestamp=1637 ms, used_size=882688 bytes (2.2%)
(RDMA_READ_CONSUME_CHECK_CONSUMER) timestamp=1637 ms, used_size=880640 bytes (2.1%)
(RDMA_READ_CONSUME_CHECK_CONSUMER) timestamp=1637 ms, used_size=878592 bytes (2.1%)
(RDMA_READ_CONSUME_CHECK_CONSUMER) timestamp=1637 ms, used_size=876544 bytes (2.1%)
(RDMA_READ_CONSUME_CHECK_CONSUMER) timestamp=1637 ms, used_size=874496 bytes (2.1%)
(RDMA_READ_CONSUME_CHECK_CONSUMER) timestamp=1637 ms, used_size=872448 bytes (2.1%)
(RDMA_READ_CONSUME_CHECK_CONSUMER) timestamp=1637 ms, used_size=870400 bytes (2.1%)
(RDMA_READ_CONSUME_CHECK_CONSUMER) timestamp=1637 ms, used_size=868352 bytes (2.1%)
(RDMA_READ_CONSUME_CHECK_CONSUMER) timestamp=1637 ms, used_size=866304 bytes (2.1%)
(RDMA_READ_CONSUME_CHECK_CONSUMER) timestamp=1637 ms, used_size=864256 bytes (2.1%)
(RDMA_READ_CONSUME_CHECK_CONSUMER) timestamp=1637 ms, used_size=862208 bytes (2.1%)
(RDMA_READ_CONSUME_CHECK_CONSUMER) timestamp=1637 ms, used_size=860160 bytes (2.1%)
(RDMA_READ_CONSUME_CHECK_CONSUMER) timestamp=1637 ms, used_size=858112 bytes (2.1%)
(RDMA_READ_CONSUME_CHECK_CONSUMER) timestamp=1637 ms, used_size=856064 bytes (2.1%)
(RDMA_READ_CONSUME_CHECK_CONSUMER) timestamp=1637 ms, used_size=854016 bytes (2.1%)
(RDMA_READ_CONSUME_CHECK_CONSUMER) timestamp=1637 ms, used_size=851968 bytes (2.1%)
(RDMA_READ_CONSUME_CHECK_CONSUMER) timestamp=1637 ms, used_size=849920 bytes (2.1%)
(RDMA_READ_CONSUME_CHECK_CONSUMER) timestamp=1637 ms, used_size=847872 bytes (2.1%)
(RDMA_READ_CONSUME_CHECK_CONSUMER) timestamp=1637 ms, used_size=845824 bytes (2.1%)
(RDMA_READ_CONSUME_CHECK_CONSUMER) timestamp=1637 ms, used_size=843776 bytes (2.1%)
(RDMA_READ_CONSUME_CHECK_CONSUMER) timestamp=1637 ms, used_size=841728 bytes (2.1%)
(RDMA_READ_CONSUME_CHECK_CONSUMER) timestamp=1637 ms, used_size=839680 bytes (2.0%)
(RDMA_READ_CONSUME_CHECK_CONSUMER) timestamp=1637 ms, used_size=837632 bytes (2.0%)
(RDMA_READ_CONSUME_CHECK_CONSUMER) timestamp=1637 ms, used_size=835584 bytes (2.0%)
(RDMA_READ_CONSUME_CHECK_CONSUMER) timestamp=1637 ms, used_size=833536 bytes (2.0%)
(RDMA_READ_CONSUME_CHECK_CONSUMER) timestamp=1637 ms, used_size=831488 bytes (2.0%)
(RDMA_READ_CONSUME_CHECK_CONSUMER) timestamp=1637 ms, used_size=829440 bytes (2.0%)
(RDMA_READ_CONSUME_CHECK_CONSUMER) timestamp=1637 ms, used_size=827392 bytes (2.0%)
(RDMA_READ_CONSUME_CHECK_CONSUMER) timestamp=1637 ms, used_size=825344 bytes (2.0%)
(RDMA_READ_CONSUME_CHECK_CONSUMER) timestamp=1637 ms, used_size=823296 bytes (2.0%)
(RDMA_READ_CONSUME_CHECK_CONSUMER) timestamp=1637 ms, used_size=821248 bytes (2.0%)
(RDMA_READ_CONSUME_CHECK_CONSUMER) timestamp=1637 ms, used_size=819200 bytes (2.0%)
(RDMA_READ_CONSUME_CHECK_CONSUMER) timestamp=1637 ms, used_size=817152 bytes (2.0%)
(RDMA_READ_CONSUME_CHECK_CONSUMER) timestamp=1637 ms, used_size=815104 bytes (2.0%)
(RDMA_READ_CONSUME_CHECK_CONSUMER) timestamp=1637 ms, used_size=813056 bytes (2.0%)
(RDMA_READ_CONSUME_CHECK_CONSUMER) timestamp=1637 ms, used_size=811008 bytes (2.0%)
(RDMA_READ_CONSUME_CHECK_CONSUMER) timestamp=1637 ms, used_size=808960 bytes (2.0%)
(RDMA_READ_CONSUME_CHECK_CONSUMER) timestamp=1637 ms, used_size=806912 bytes (2.0%)
(RDMA_READ_CONSUME_CHECK_CONSUMER) timestamp=1637 ms, used_size=804864 bytes (2.0%)
(RDMA_READ_CONSUME_CHECK_CONSUMER) timestamp=1637 ms, used_size=802816 bytes (2.0%)
(RDMA_READ_CONSUME_CHECK_CONSUMER) timestamp=1637 ms, used_size=800768 bytes (2.0%)
(RDMA_READ_CONSUME_CHECK_CONSUMER) timestamp=1637 ms, used_size=798720 bytes (1.9%)
(RDMA_READ_CONSUME_CHECK_CONSUMER) timestamp=1637 ms, used_size=796672 bytes (1.9%)
(RDMA_READ_CONSUME_CHECK_CONSUMER) timestamp=1637 ms, used_size=794624 bytes (1.9%)
(RDMA_READ_CONSUME_CHECK_CONSUMER) timestamp=1637 ms, used_size=792576 bytes (1.9%)
(RDMA_READ_CONSUME_CHECK_CONSUMER) timestamp=1637 ms, used_size=790528 bytes (1.9%)
(RDMA_READ_CONSUME_CHECK_CONSUMER) timestamp=1637 ms, used_size=788480 bytes (1.9%)
(RDMA_READ_CONSUME_CHECK_CONSUMER) timestamp=1637 ms, used_size=786432 bytes (1.9%)
(RDMA_READ_CONSUME_CHECK_CONSUMER) timestamp=1637 ms, used_size=784384 bytes (1.9%)
(RDMA_READ_CONSUME_CHECK_CONSUMER) timestamp=1637 ms, used_size=782336 bytes (1.9%)
(RDMA_READ_CONSUME_CHECK_CONSUMER) timestamp=1637 ms, used_size=780288 bytes (1.9%)
(RDMA_READ_CONSUME_CHECK_CONSUMER) timestamp=1637 ms, used_size=778240 bytes (1.9%)
(RDMA_READ_CONSUME_CHECK_CONSUMER) timestamp=1637 ms, used_size=776192 bytes (1.9%)
(RDMA_READ_CONSUME_CHECK_CONSUMER) timestamp=1637 ms, used_size=774144 bytes (1.9%)
(RDMA_READ_CONSUME_CHECK_CONSUMER) timestamp=1637 ms, used_size=772096 bytes (1.9%)
(RDMA_READ_CONSUME_CHECK_CONSUMER) timestamp=1637 ms, used_size=770048 bytes (1.9%)
(RDMA_READ_CONSUME_CHECK_CONSUMER) timestamp=1637 ms, used_size=768000 bytes (1.9%)
(RDMA_READ_CONSUME_CHECK_CONSUMER) timestamp=1637 ms, used_size=765952 bytes (1.9%)
(RDMA_READ_CONSUME_CHECK_CONSUMER) timestamp=1637 ms, used_size=763904 bytes (1.9%)
(RDMA_READ_CONSUME_CHECK_CONSUMER) timestamp=1637 ms, used_size=761856 bytes (1.9%)
(RDMA_READ_CONSUME_CHECK_CONSUMER) timestamp=1637 ms, used_size=759808 bytes (1.9%)
(RDMA_READ_CONSUME_CHECK_CONSUMER) timestamp=1637 ms, used_size=757760 bytes (1.9%)
(RDMA_READ_CONSUME_CHECK_CONSUMER) timestamp=1637 ms, used_size=755712 bytes (1.8%)
(RDMA_READ_CONSUME_CHECK_CONSUMER) timestamp=1637 ms, used_size=753664 bytes (1.8%)
(RDMA_READ_CONSUME_CHECK_CONSUMER) timestamp=1637 ms, used_size=751616 bytes (1.8%)
(RDMA_READ_CONSUME_CHECK_CONSUMER) timestamp=1637 ms, used_size=749568 bytes (1.8%)
(RDMA_READ_CONSUME_CHECK_CONSUMER) timestamp=1637 ms, used_size=747520 bytes (1.8%)
(RDMA_READ_CONSUME_CHECK_CONSUMER) timestamp=1637 ms, used_size=745472 bytes (1.8%)
(RDMA_READ_CONSUME_CHECK_CONSUMER) timestamp=1637 ms, used_size=743424 bytes (1.8%)
(RDMA_READ_CONSUME_CHECK_CONSUMER) timestamp=1637 ms, used_size=741376 bytes (1.8%)
(RDMA_READ_CONSUME_CHECK_CONSUMER) timestamp=1637 ms, used_size=739328 bytes (1.8%)
(RDMA_READ_CONSUME_CHECK_CONSUMER) timestamp=1637 ms, used_size=737280 bytes (1.8%)
(RDMA_READ_CONSUME_CHECK_CONSUMER) timestamp=1637 ms, used_size=735232 bytes (1.8%)
(RDMA_READ_CONSUME_CHECK_CONSUMER) timestamp=1637 ms, used_size=733184 bytes (1.8%)
(RDMA_READ_CONSUME_CHECK_CONSUMER) timestamp=1637 ms, used_size=731136 bytes (1.8%)
(RDMA_READ_CONSUME_CHECK_CONSUMER) timestamp=1637 ms, used_size=729088 bytes (1.8%)
(RDMA_READ_CONSUME_CHECK_CONSUMER) timestamp=1637 ms, used_size=727040 bytes (1.8%)
(RDMA_READ_CONSUME_CHECK_CONSUMER) timestamp=1637 ms, used_size=724992 bytes (1.8%)
(RDMA_READ_CONSUME_CHECK_CONSUMER) timestamp=1637 ms, used_size=722944 bytes (1.8%)
(RDMA_READ_CONSUME_CHECK_CONSUMER) timestamp=1637 ms, used_size=720896 bytes (1.8%)
(RDMA_READ_CONSUME_CHECK_CONSUMER) timestamp=1637 ms, used_size=718848 bytes (1.8%)
(RDMA_READ_CONSUME_CHECK_CONSUMER) timestamp=1637 ms, used_size=716800 bytes (1.8%)
(RDMA_READ_CONSUME_CHECK_CONSUMER) timestamp=1637 ms, used_size=714752 bytes (1.7%)
(RDMA_READ_CONSUME_CHECK_CONSUMER) timestamp=1637 ms, used_size=712704 bytes (1.7%)
(RDMA_READ_CONSUME_CHECK_CONSUMER) timestamp=1637 ms, used_size=710656 bytes (1.7%)
(RDMA_READ_CONSUME_CHECK_CONSUMER) timestamp=1637 ms, used_size=708608 bytes (1.7%)
(RDMA_READ_CONSUME_CHECK_CONSUMER) timestamp=1637 ms, used_size=706560 bytes (1.7%)
(RDMA_READ_CONSUME_CHECK_CONSUMER) timestamp=1637 ms, used_size=704512 bytes (1.7%)
(RDMA_READ_CONSUME_CHECK_CONSUMER) timestamp=1637 ms, used_size=702464 bytes (1.7%)
(RDMA_READ_CONSUME_CHECK_CONSUMER) timestamp=1637 ms, used_size=700416 bytes (1.7%)
(RDMA_READ_CONSUME_CHECK_CONSUMER) timestamp=1637 ms, used_size=698368 bytes (1.7%)
(RDMA_READ_CONSUME_CHECK_CONSUMER) timestamp=1637 ms, used_size=696320 bytes (1.7%)
(RDMA_READ_CONSUME_CHECK_CONSUMER) timestamp=1637 ms, used_size=694272 bytes (1.7%)
(RDMA_READ_CONSUME_CHECK_CONSUMER) timestamp=1637 ms, used_size=692224 bytes (1.7%)
(RDMA_READ_CONSUME_CHECK_CONSUMER) timestamp=1637 ms, used_size=690176 bytes (1.7%)
(RDMA_READ_CONSUME_CHECK_CONSUMER) timestamp=1637 ms, used_size=688128 bytes (1.7%)
(RDMA_READ_CONSUME_CHECK_CONSUMER) timestamp=1637 ms, used_size=686080 bytes (1.7%)
(RDMA_READ_CONSUME_CHECK_CONSUMER) timestamp=1637 ms, used_size=684032 bytes (1.7%)
(RDMA_READ_CONSUME_CHECK_CONSUMER) timestamp=1637 ms, used_size=681984 bytes (1.7%)
(RDMA_READ_CONSUME_CHECK_CONSUMER) timestamp=1637 ms, used_size=679936 bytes (1.7%)
(RDMA_READ_CONSUME_CHECK_CONSUMER) timestamp=1637 ms, used_size=677888 bytes (1.7%)
(RDMA_READ_CONSUME_CHECK_CONSUMER) timestamp=1637 ms, used_size=675840 bytes (1.6%)
(RDMA_READ_CONSUME_CHECK_CONSUMER) timestamp=1637 ms, used_size=673792 bytes (1.6%)
(RDMA_READ_CONSUME_CHECK_CONSUMER) timestamp=1637 ms, used_size=671744 bytes (1.6%)
(RDMA_READ_CONSUME_CHECK_CONSUMER) timestamp=1637 ms, used_size=669696 bytes (1.6%)
(RDMA_READ_CONSUME_CHECK_CONSUMER) timestamp=1637 ms, used_size=667648 bytes (1.6%)
(RDMA_READ_CONSUME_CHECK_CONSUMER) timestamp=1637 ms, used_size=665600 bytes (1.6%)
(RDMA_READ_CONSUME_CHECK_CONSUMER) timestamp=1637 ms, used_size=663552 bytes (1.6%)
(RDMA_READ_CONSUME_CHECK_CONSUMER) timestamp=1637 ms, used_size=661504 bytes (1.6%)
(RDMA_READ_CONSUME_CHECK_CONSUMER) timestamp=1637 ms, used_size=659456 bytes (1.6%)
(RDMA_READ_CONSUME_CHECK_CONSUMER) timestamp=1637 ms, used_size=657408 bytes (1.6%)
(RDMA_READ_CONSUME_CHECK_CONSUMER) timestamp=1638 ms, used_size=655360 bytes (1.6%)
(RDMA_READ_CONSUME_CHECK_CONSUMER) timestamp=1638 ms, used_size=653312 bytes (1.6%)
(RDMA_READ_CONSUME_CHECK_CONSUMER) timestamp=1638 ms, used_size=651264 bytes (1.6%)
(RDMA_READ_CONSUME_CHECK_CONSUMER) timestamp=1638 ms, used_size=649216 bytes (1.6%)
(RDMA_READ_CONSUME_CHECK_CONSUMER) timestamp=1638 ms, used_size=647168 bytes (1.6%)
(RDMA_READ_CONSUME_CHECK_CONSUMER) timestamp=1638 ms, used_size=645120 bytes (1.6%)
(RDMA_READ_CONSUME_CHECK_CONSUMER) timestamp=1638 ms, used_size=643072 bytes (1.6%)
(RDMA_READ_CONSUME_CHECK_CONSUMER) timestamp=1638 ms, used_size=641024 bytes (1.6%)
(RDMA_READ_CONSUME_CHECK_CONSUMER) timestamp=1638 ms, used_size=638976 bytes (1.6%)
(RDMA_READ_CONSUME_CHECK_CONSUMER) timestamp=1638 ms, used_size=636928 bytes (1.6%)
(RDMA_READ_CONSUME_CHECK_CONSUMER) timestamp=1638 ms, used_size=634880 bytes (1.6%)
(RDMA_READ_CONSUME_CHECK_CONSUMER) timestamp=1638 ms, used_size=632832 bytes (1.5%)
(RDMA_READ_CONSUME_CHECK_CONSUMER) timestamp=1638 ms, used_size=630784 bytes (1.5%)
(RDMA_READ_CONSUME_CHECK_CONSUMER) timestamp=1638 ms, used_size=628736 bytes (1.5%)
(RDMA_READ_CONSUME_CHECK_CONSUMER) timestamp=1638 ms, used_size=626688 bytes (1.5%)
(RDMA_READ_CONSUME_CHECK_CONSUMER) timestamp=1638 ms, used_size=624640 bytes (1.5%)
(RDMA_READ_CONSUME_CHECK_CONSUMER) timestamp=1638 ms, used_size=622592 bytes (1.5%)
(RDMA_READ_CONSUME_CHECK_CONSUMER) timestamp=1638 ms, used_size=620544 bytes (1.5%)
(RDMA_READ_CONSUME_CHECK_CONSUMER) timestamp=1638 ms, used_size=618496 bytes (1.5%)
(RDMA_READ_CONSUME_CHECK_CONSUMER) timestamp=1638 ms, used_size=616448 bytes (1.5%)
(RDMA_READ_CONSUME_CHECK_CONSUMER) timestamp=1638 ms, used_size=614400 bytes (1.5%)
(RDMA_READ_CONSUME_CHECK_CONSUMER) timestamp=1638 ms, used_size=612352 bytes (1.5%)
(RDMA_READ_CONSUME_CHECK_CONSUMER) timestamp=1638 ms, used_size=610304 bytes (1.5%)
(RDMA_READ_CONSUME_CHECK_CONSUMER) timestamp=1638 ms, used_size=608256 bytes (1.5%)
(RDMA_READ_CONSUME_CHECK_CONSUMER) timestamp=1638 ms, used_size=606208 bytes (1.5%)
(RDMA_READ_CONSUME_CHECK_CONSUMER) timestamp=1638 ms, used_size=604160 bytes (1.5%)
(RDMA_READ_CONSUME_CHECK_CONSUMER) timestamp=1638 ms, used_size=602112 bytes (1.5%)
(RDMA_READ_CONSUME_CHECK_CONSUMER) timestamp=1638 ms, used_size=600064 bytes (1.5%)
(RDMA_READ_CONSUME_CHECK_CONSUMER) timestamp=1638 ms, used_size=598016 bytes (1.5%)
(RDMA_READ_CONSUME_CHECK_CONSUMER) timestamp=1638 ms, used_size=595968 bytes (1.5%)
(RDMA_READ_CONSUME_CHECK_CONSUMER) timestamp=1638 ms, used_size=593920 bytes (1.4%)
(RDMA_READ_CONSUME_CHECK_CONSUMER) timestamp=1638 ms, used_size=591872 bytes (1.4%)
(RDMA_READ_CONSUME_CHECK_CONSUMER) timestamp=1638 ms, used_size=589824 bytes (1.4%)
(RDMA_READ_CONSUME_CHECK_CONSUMER) timestamp=1638 ms, used_size=587776 bytes (1.4%)
(RDMA_READ_CONSUME_CHECK_CONSUMER) timestamp=1638 ms, used_size=585728 bytes (1.4%)
(RDMA_READ_CONSUME_CHECK_CONSUMER) timestamp=1638 ms, used_size=583680 bytes (1.4%)
(RDMA_READ_CONSUME_CHECK_CONSUMER) timestamp=1638 ms, used_size=581632 bytes (1.4%)
(RDMA_READ_CONSUME_CHECK_CONSUMER) timestamp=1638 ms, used_size=579584 bytes (1.4%)
(RDMA_READ_CONSUME_CHECK_CONSUMER) timestamp=1638 ms, used_size=577536 bytes (1.4%)
(RDMA_READ_CONSUME_CHECK_CONSUMER) timestamp=1638 ms, used_size=575488 bytes (1.4%)
(RDMA_READ_CONSUME_CHECK_CONSUMER) timestamp=1638 ms, used_size=573440 bytes (1.4%)
(RDMA_READ_CONSUME_CHECK_CONSUMER) timestamp=1638 ms, used_size=571392 bytes (1.4%)
(RDMA_READ_CONSUME_CHECK_CONSUMER) timestamp=1638 ms, used_size=569344 bytes (1.4%)
(RDMA_READ_CONSUME_CHECK_CONSUMER) timestamp=1638 ms, used_size=567296 bytes (1.4%)
(RDMA_READ_CONSUME_CHECK_CONSUMER) timestamp=1638 ms, used_size=565248 bytes (1.4%)
(RDMA_READ_CONSUME_CHECK_CONSUMER) timestamp=1638 ms, used_size=563200 bytes (1.4%)
(RDMA_READ_CONSUME_CHECK_CONSUMER) timestamp=1638 ms, used_size=561152 bytes (1.4%)
(RDMA_READ_CONSUME_CHECK_CONSUMER) timestamp=1638 ms, used_size=559104 bytes (1.4%)
(RDMA_READ_CONSUME_CHECK_CONSUMER) timestamp=1638 ms, used_size=557056 bytes (1.4%)
(RDMA_READ_CONSUME_CHECK_CONSUMER) timestamp=1638 ms, used_size=555008 bytes (1.4%)
(RDMA_READ_CONSUME_CHECK_CONSUMER) timestamp=1638 ms, used_size=552960 bytes (1.4%)
(RDMA_READ_CONSUME_CHECK_CONSUMER) timestamp=1638 ms, used_size=550912 bytes (1.3%)
(RDMA_READ_CONSUME_CHECK_CONSUMER) timestamp=1638 ms, used_size=548864 bytes (1.3%)
(RDMA_READ_CONSUME_CHECK_CONSUMER) timestamp=1638 ms, used_size=546816 bytes (1.3%)
(RDMA_READ_CONSUME_CHECK_CONSUMER) timestamp=1638 ms, used_size=544768 bytes (1.3%)
(RDMA_READ_CONSUME_CHECK_CONSUMER) timestamp=1638 ms, used_size=542720 bytes (1.3%)
(RDMA_READ_CONSUME_CHECK_CONSUMER) timestamp=1638 ms, used_size=540672 bytes (1.3%)
(RDMA_READ_CONSUME_CHECK_CONSUMER) timestamp=1638 ms, used_size=538624 bytes (1.3%)
(RDMA_READ_CONSUME_CHECK_CONSUMER) timestamp=1638 ms, used_size=536576 bytes (1.3%)
(RDMA_READ_CONSUME_CHECK_CONSUMER) timestamp=1638 ms, used_size=534528 bytes (1.3%)
(RDMA_READ_CONSUME_CHECK_CONSUMER) timestamp=1638 ms, used_size=532480 bytes (1.3%)
(RDMA_READ_CONSUME_CHECK_CONSUMER) timestamp=1638 ms, used_size=530432 bytes (1.3%)
(RDMA_READ_CONSUME_CHECK_CONSUMER) timestamp=1638 ms, used_size=528384 bytes (1.3%)
(RDMA_READ_CONSUME_CHECK_CONSUMER) timestamp=1638 ms, used_size=526336 bytes (1.3%)
(RDMA_READ_CONSUME_CHECK_CONSUMER) timestamp=1638 ms, used_size=524288 bytes (1.3%)
(RDMA_READ_CONSUME_CHECK_CONSUMER) timestamp=1638 ms, used_size=522240 bytes (1.3%)
(RDMA_READ_CONSUME_CHECK_CONSUMER) timestamp=1638 ms, used_size=520192 bytes (1.3%)
(RDMA_READ_CONSUME_CHECK_CONSUMER) timestamp=1638 ms, used_size=518144 bytes (1.3%)
(RDMA_READ_CONSUME_CHECK_CONSUMER) timestamp=1638 ms, used_size=516096 bytes (1.3%)
(RDMA_READ_CONSUME_CHECK_CONSUMER) timestamp=1638 ms, used_size=514048 bytes (1.3%)
(RDMA_READ_CONSUME_CHECK_CONSUMER) timestamp=1638 ms, used_size=512000 bytes (1.2%)
(RDMA_READ_CONSUME_CHECK_CONSUMER) timestamp=1638 ms, used_size=509952 bytes (1.2%)
(RDMA_READ_CONSUME_CHECK_CONSUMER) timestamp=1638 ms, used_size=507904 bytes (1.2%)
(RDMA_READ_CONSUME_CHECK_CONSUMER) timestamp=1638 ms, used_size=505856 bytes (1.2%)
(RDMA_READ_CONSUME_CHECK_CONSUMER) timestamp=1638 ms, used_size=503808 bytes (1.2%)
(RDMA_READ_CONSUME_CHECK_CONSUMER) timestamp=1638 ms, used_size=501760 bytes (1.2%)
(RDMA_READ_CONSUME_CHECK_CONSUMER) timestamp=1638 ms, used_size=499712 bytes (1.2%)
(RDMA_READ_CONSUME_CHECK_CONSUMER) timestamp=1638 ms, used_size=497664 bytes (1.2%)
(RDMA_READ_CONSUME_CHECK_CONSUMER) timestamp=1638 ms, used_size=495616 bytes (1.2%)
(RDMA_READ_CONSUME_CHECK_CONSUMER) timestamp=1638 ms, used_size=493568 bytes (1.2%)
(RDMA_READ_CONSUME_CHECK_CONSUMER) timestamp=1638 ms, used_size=491520 bytes (1.2%)
(RDMA_READ_CONSUME_CHECK_CONSUMER) timestamp=1638 ms, used_size=489472 bytes (1.2%)
(RDMA_READ_CONSUME_CHECK_CONSUMER) timestamp=1638 ms, used_size=487424 bytes (1.2%)
(RDMA_READ_CONSUME_CHECK_CONSUMER) timestamp=1638 ms, used_size=485376 bytes (1.2%)
(RDMA_READ_CONSUME_CHECK_CONSUMER) timestamp=1638 ms, used_size=483328 bytes (1.2%)
(RDMA_READ_CONSUME_CHECK_CONSUMER) timestamp=1638 ms, used_size=481280 bytes (1.2%)
(RDMA_READ_CONSUME_CHECK_CONSUMER) timestamp=1638 ms, used_size=479232 bytes (1.2%)
(RDMA_READ_CONSUME_CHECK_CONSUMER) timestamp=1638 ms, used_size=477184 bytes (1.2%)
(RDMA_READ_CONSUME_CHECK_CONSUMER) timestamp=1638 ms, used_size=475136 bytes (1.2%)
(RDMA_READ_CONSUME_CHECK_CONSUMER) timestamp=1638 ms, used_size=473088 bytes (1.2%)
(RDMA_READ_CONSUME_CHECK_CONSUMER) timestamp=1638 ms, used_size=471040 bytes (1.1%)
(RDMA_READ_CONSUME_CHECK_CONSUMER) timestamp=1638 ms, used_size=468992 bytes (1.1%)
(RDMA_READ_CONSUME_CHECK_CONSUMER) timestamp=1638 ms, used_size=466944 bytes (1.1%)
(RDMA_READ_CONSUME_CHECK_CONSUMER) timestamp=1638 ms, used_size=464896 bytes (1.1%)
(RDMA_READ_CONSUME_CHECK_CONSUMER) timestamp=1638 ms, used_size=462848 bytes (1.1%)
(RDMA_READ_CONSUME_CHECK_CONSUMER) timestamp=1638 ms, used_size=460800 bytes (1.1%)
(RDMA_READ_CONSUME_CHECK_CONSUMER) timestamp=1638 ms, used_size=458752 bytes (1.1%)
(RDMA_READ_CONSUME_CHECK_CONSUMER) timestamp=1638 ms, used_size=456704 bytes (1.1%)
(RDMA_READ_CONSUME_CHECK_CONSUMER) timestamp=1638 ms, used_size=454656 bytes (1.1%)
(RDMA_READ_CONSUME_CHECK_CONSUMER) timestamp=1638 ms, used_size=452608 bytes (1.1%)
(RDMA_READ_CONSUME_CHECK_CONSUMER) timestamp=1638 ms, used_size=450560 bytes (1.1%)
(RDMA_READ_CONSUME_CHECK_CONSUMER) timestamp=1638 ms, used_size=448512 bytes (1.1%)
(RDMA_READ_CONSUME_CHECK_CONSUMER) timestamp=1638 ms, used_size=446464 bytes (1.1%)
(RDMA_READ_CONSUME_CHECK_CONSUMER) timestamp=1638 ms, used_size=444416 bytes (1.1%)
(RDMA_READ_CONSUME_CHECK_CONSUMER) timestamp=1638 ms, used_size=442368 bytes (1.1%)
(RDMA_READ_CONSUME_CHECK_CONSUMER) timestamp=1638 ms, used_size=440320 bytes (1.1%)
(RDMA_READ_CONSUME_CHECK_CONSUMER) timestamp=1638 ms, used_size=438272 bytes (1.1%)
(RDMA_READ_CONSUME_CHECK_CONSUMER) timestamp=1638 ms, used_size=436224 bytes (1.1%)
(RDMA_READ_CONSUME_CHECK_CONSUMER) timestamp=1638 ms, used_size=434176 bytes (1.1%)
(RDMA_READ_CONSUME_CHECK_CONSUMER) timestamp=1638 ms, used_size=432128 bytes (1.1%)
(RDMA_READ_CONSUME_CHECK_CONSUMER) timestamp=1638 ms, used_size=430080 bytes (1.1%)
(RDMA_READ_CONSUME_CHECK_CONSUMER) timestamp=1638 ms, used_size=428032 bytes (1.0%)
(RDMA_READ_CONSUME_CHECK_CONSUMER) timestamp=1638 ms, used_size=425984 bytes (1.0%)
(RDMA_READ_CONSUME_CHECK_CONSUMER) timestamp=1638 ms, used_size=423936 bytes (1.0%)
(RDMA_READ_CONSUME_CHECK_CONSUMER) timestamp=1638 ms, used_size=421888 bytes (1.0%)
(RDMA_READ_CONSUME_CHECK_CONSUMER) timestamp=1638 ms, used_size=419840 bytes (1.0%)
(RDMA_READ_CONSUME_CHECK_CONSUMER) timestamp=1638 ms, used_size=417792 bytes (1.0%)
(RDMA_READ_CONSUME_CHECK_CONSUMER) timestamp=1638 ms, used_size=415744 bytes (1.0%)
(RDMA_READ_CONSUME_CHECK_CONSUMER) timestamp=1638 ms, used_size=413696 bytes (1.0%)
(RDMA_READ_CONSUME_CHECK_CONSUMER) timestamp=1638 ms, used_size=411648 bytes (1.0%)
(RDMA_READ_CONSUME_CHECK_CONSUMER) timestamp=1638 ms, used_size=409600 bytes (1.0%)
(RDMA_READ_CONSUME_CHECK_CONSUMER) timestamp=1638 ms, used_size=407552 bytes (1.0%)
(RDMA_READ_CONSUME_CHECK_CONSUMER) timestamp=1638 ms, used_size=405504 bytes (1.0%)
(RDMA_READ_CONSUME_CHECK_CONSUMER) timestamp=1638 ms, used_size=403456 bytes (1.0%)
(RDMA_READ_CONSUME_CHECK_CONSUMER) timestamp=1638 ms, used_size=401408 bytes (1.0%)
(RDMA_READ_CONSUME_CHECK_CONSUMER) timestamp=1638 ms, used_size=399360 bytes (1.0%)
(RDMA_READ_CONSUME_CHECK_CONSUMER) timestamp=1638 ms, used_size=397312 bytes (1.0%)
(RDMA_READ_CONSUME_CHECK_CONSUMER) timestamp=1638 ms, used_size=395264 bytes (1.0%)
(RDMA_READ_CONSUME_CHECK_CONSUMER) timestamp=1638 ms, used_size=393216 bytes (1.0%)
(RDMA_READ_CONSUME_CHECK_CONSUMER) timestamp=1638 ms, used_size=391168 bytes (1.0%)
(RDMA_READ_CONSUME_CHECK_CONSUMER) timestamp=1638 ms, used_size=389120 bytes (0.9%)
(RDMA_READ_CONSUME_CHECK_CONSUMER) timestamp=1638 ms, used_size=387072 bytes (0.9%)
(RDMA_READ_CONSUME_CHECK_CONSUMER) timestamp=1638 ms, used_size=385024 bytes (0.9%)
(RDMA_READ_CONSUME_CHECK_CONSUMER) timestamp=1638 ms, used_size=382976 bytes (0.9%)
(RDMA_READ_CONSUME_CHECK_CONSUMER) timestamp=1638 ms, used_size=380928 bytes (0.9%)
(RDMA_READ_CONSUME_CHECK_CONSUMER) timestamp=1638 ms, used_size=378880 bytes (0.9%)
(RDMA_READ_CONSUME_CHECK_CONSUMER) timestamp=1638 ms, used_size=376832 bytes (0.9%)
(RDMA_READ_CONSUME_CHECK_CONSUMER) timestamp=1638 ms, used_size=374784 bytes (0.9%)
(RDMA_READ_CONSUME_CHECK_CONSUMER) timestamp=1638 ms, used_size=372736 bytes (0.9%)
(RDMA_READ_CONSUME_CHECK_CONSUMER) timestamp=1638 ms, used_size=370688 bytes (0.9%)
(RDMA_READ_CONSUME_CHECK_CONSUMER) timestamp=1638 ms, used_size=368640 bytes (0.9%)
(RDMA_READ_CONSUME_CHECK_CONSUMER) timestamp=1638 ms, used_size=366592 bytes (0.9%)
(RDMA_READ_CONSUME_CHECK_CONSUMER) timestamp=1638 ms, used_size=364544 bytes (0.9%)
(RDMA_READ_CONSUME_CHECK_CONSUMER) timestamp=1638 ms, used_size=362496 bytes (0.9%)
(RDMA_READ_CONSUME_CHECK_CONSUMER) timestamp=1638 ms, used_size=360448 bytes (0.9%)
(RDMA_READ_CONSUME_CHECK_CONSUMER) timestamp=1638 ms, used_size=358400 bytes (0.9%)
(RDMA_READ_CONSUME_CHECK_CONSUMER) timestamp=1638 ms, used_size=356352 bytes (0.9%)
(RDMA_READ_CONSUME_CHECK_CONSUMER) timestamp=1638 ms, used_size=354304 bytes (0.9%)
(RDMA_READ_CONSUME_CHECK_CONSUMER) timestamp=1638 ms, used_size=352256 bytes (0.9%)
(RDMA_READ_CONSUME_CHECK_CONSUMER) timestamp=1638 ms, used_size=350208 bytes (0.9%)
(RDMA_READ_CONSUME_CHECK_CONSUMER) timestamp=1638 ms, used_size=348160 bytes (0.8%)
(RDMA_READ_CONSUME_CHECK_CONSUMER) timestamp=1638 ms, used_size=346112 bytes (0.8%)
(RDMA_READ_CONSUME_CHECK_CONSUMER) timestamp=1638 ms, used_size=344064 bytes (0.8%)
(RDMA_READ_CONSUME_CHECK_CONSUMER) timestamp=1638 ms, used_size=342016 bytes (0.8%)
(RDMA_READ_CONSUME_CHECK_CONSUMER) timestamp=1638 ms, used_size=339968 bytes (0.8%)
(RDMA_READ_CONSUME_CHECK_CONSUMER) timestamp=1638 ms, used_size=337920 bytes (0.8%)
(RDMA_READ_CONSUME_CHECK_CONSUMER) timestamp=1638 ms, used_size=335872 bytes (0.8%)
(RDMA_READ_CONSUME_CHECK_CONSUMER) timestamp=1638 ms, used_size=333824 bytes (0.8%)
(RDMA_READ_CONSUME_CHECK_CONSUMER) timestamp=1638 ms, used_size=331776 bytes (0.8%)
(RDMA_READ_CONSUME_CHECK_CONSUMER) timestamp=1638 ms, used_size=329728 bytes (0.8%)
(RDMA_READ_CONSUME_CHECK_CONSUMER) timestamp=1638 ms, used_size=327680 bytes (0.8%)
(RDMA_READ_CONSUME_CHECK_CONSUMER) timestamp=1638 ms, used_size=325632 bytes (0.8%)
(RDMA_READ_CONSUME_CHECK_CONSUMER) timestamp=1638 ms, used_size=323584 bytes (0.8%)
(RDMA_READ_CONSUME_CHECK_CONSUMER) timestamp=1638 ms, used_size=321536 bytes (0.8%)
(RDMA_READ_CONSUME_CHECK_CONSUMER) timestamp=1638 ms, used_size=319488 bytes (0.8%)
(RDMA_READ_CONSUME_CHECK_CONSUMER) timestamp=1638 ms, used_size=317440 bytes (0.8%)
(RDMA_READ_CONSUME_CHECK_CONSUMER) timestamp=1638 ms, used_size=315392 bytes (0.8%)
(RDMA_READ_CONSUME_CHECK_CONSUMER) timestamp=1638 ms, used_size=313344 bytes (0.8%)
(RDMA_READ_CONSUME_CHECK_CONSUMER) timestamp=1638 ms, used_size=311296 bytes (0.8%)
(RDMA_READ_CONSUME_CHECK_CONSUMER) timestamp=1638 ms, used_size=309248 bytes (0.8%)
(RDMA_READ_CONSUME_CHECK_CONSUMER) timestamp=1638 ms, used_size=307200 bytes (0.8%)
(RDMA_READ_CONSUME_CHECK_CONSUMER) timestamp=1638 ms, used_size=305152 bytes (0.7%)
(RDMA_READ_CONSUME_CHECK_CONSUMER) timestamp=1638 ms, used_size=303104 bytes (0.7%)
(RDMA_READ_CONSUME_CHECK_CONSUMER) timestamp=1638 ms, used_size=301056 bytes (0.7%)
(RDMA_READ_CONSUME_CHECK_CONSUMER) timestamp=1638 ms, used_size=299008 bytes (0.7%)
(RDMA_READ_CONSUME_CHECK_CONSUMER) timestamp=1638 ms, used_size=296960 bytes (0.7%)
(RDMA_READ_CONSUME_CHECK_CONSUMER) timestamp=1638 ms, used_size=294912 bytes (0.7%)
(RDMA_READ_CONSUME_CHECK_CONSUMER) timestamp=1638 ms, used_size=292864 bytes (0.7%)
(RDMA_READ_CONSUME_CHECK_CONSUMER) timestamp=1638 ms, used_size=290816 bytes (0.7%)
(RDMA_READ_CONSUME_CHECK_CONSUMER) timestamp=1638 ms, used_size=288768 bytes (0.7%)
(RDMA_READ_CONSUME_CHECK_CONSUMER) timestamp=1638 ms, used_size=286720 bytes (0.7%)
(RDMA_READ_CONSUME_CHECK_CONSUMER) timestamp=1638 ms, used_size=284672 bytes (0.7%)
(RDMA_READ_CONSUME_CHECK_CONSUMER) timestamp=1638 ms, used_size=282624 bytes (0.7%)
(RDMA_READ_CONSUME_CHECK_CONSUMER) timestamp=1639 ms, used_size=280576 bytes (0.7%)
(RDMA_READ_CONSUME_CHECK_CONSUMER) timestamp=1639 ms, used_size=278528 bytes (0.7%)
(RDMA_READ_CONSUME_CHECK_CONSUMER) timestamp=1639 ms, used_size=276480 bytes (0.7%)
(RDMA_READ_CONSUME_CHECK_CONSUMER) timestamp=1639 ms, used_size=274432 bytes (0.7%)
(RDMA_READ_CONSUME_CHECK_CONSUMER) timestamp=1639 ms, used_size=272384 bytes (0.7%)
(RDMA_READ_CONSUME_CHECK_CONSUMER) timestamp=1639 ms, used_size=270336 bytes (0.7%)
(RDMA_READ_CONSUME_CHECK_CONSUMER) timestamp=1639 ms, used_size=268288 bytes (0.7%)
(RDMA_READ_CONSUME_CHECK_CONSUMER) timestamp=1639 ms, used_size=266240 bytes (0.7%)
(RDMA_READ_CONSUME_CHECK_CONSUMER) timestamp=1639 ms, used_size=264192 bytes (0.6%)
(RDMA_READ_CONSUME_CHECK_CONSUMER) timestamp=1639 ms, used_size=262144 bytes (0.6%)
(RDMA_READ_CONSUME_CHECK_CONSUMER) timestamp=1639 ms, used_size=260096 bytes (0.6%)
(RDMA_READ_CONSUME_CHECK_CONSUMER) timestamp=1639 ms, used_size=258048 bytes (0.6%)
(RDMA_READ_CONSUME_CHECK_CONSUMER) timestamp=1639 ms, used_size=256000 bytes (0.6%)
(RDMA_READ_CONSUME_CHECK_CONSUMER) timestamp=1639 ms, used_size=253952 bytes (0.6%)
(RDMA_READ_CONSUME_CHECK_CONSUMER) timestamp=1639 ms, used_size=251904 bytes (0.6%)
(RDMA_READ_CONSUME_CHECK_CONSUMER) timestamp=1639 ms, used_size=249856 bytes (0.6%)
(RDMA_READ_CONSUME_CHECK_CONSUMER) timestamp=1639 ms, used_size=247808 bytes (0.6%)
(RDMA_READ_CONSUME_CHECK_CONSUMER) timestamp=1639 ms, used_size=245760 bytes (0.6%)
(RDMA_READ_CONSUME_CHECK_CONSUMER) timestamp=1639 ms, used_size=243712 bytes (0.6%)
(RDMA_READ_CONSUME_CHECK_CONSUMER) timestamp=1639 ms, used_size=241664 bytes (0.6%)
(RDMA_READ_CONSUME_CHECK_CONSUMER) timestamp=1639 ms, used_size=239616 bytes (0.6%)
(RDMA_READ_CONSUME_CHECK_CONSUMER) timestamp=1639 ms, used_size=237568 bytes (0.6%)
(RDMA_READ_CONSUME_CHECK_CONSUMER) timestamp=1639 ms, used_size=235520 bytes (0.6%)
(RDMA_READ_CONSUME_CHECK_CONSUMER) timestamp=1639 ms, used_size=233472 bytes (0.6%)
(RDMA_READ_CONSUME_CHECK_CONSUMER) timestamp=1639 ms, used_size=231424 bytes (0.6%)
(RDMA_READ_CONSUME_CHECK_CONSUMER) timestamp=1639 ms, used_size=229376 bytes (0.6%)
(RDMA_READ_CONSUME_CHECK_CONSUMER) timestamp=1639 ms, used_size=227328 bytes (0.6%)
(RDMA_READ_CONSUME_CHECK_CONSUMER) timestamp=1639 ms, used_size=225280 bytes (0.6%)
(RDMA_READ_CONSUME_CHECK_CONSUMER) timestamp=1639 ms, used_size=223232 bytes (0.5%)
(RDMA_READ_CONSUME_CHECK_CONSUMER) timestamp=1639 ms, used_size=221184 bytes (0.5%)
(RDMA_READ_CONSUME_CHECK_CONSUMER) timestamp=1639 ms, used_size=219136 bytes (0.5%)
(RDMA_READ_CONSUME_CHECK_CONSUMER) timestamp=1639 ms, used_size=217088 bytes (0.5%)
(RDMA_READ_CONSUME_CHECK_CONSUMER) timestamp=1639 ms, used_size=215040 bytes (0.5%)
(RDMA_READ_CONSUME_CHECK_CONSUMER) timestamp=1639 ms, used_size=212992 bytes (0.5%)
(RDMA_READ_CONSUME_CHECK_CONSUMER) timestamp=1639 ms, used_size=210944 bytes (0.5%)
(RDMA_READ_CONSUME_CHECK_CONSUMER) timestamp=1639 ms, used_size=208896 bytes (0.5%)
(RDMA_READ_CONSUME_CHECK_CONSUMER) timestamp=1639 ms, used_size=206848 bytes (0.5%)
(RDMA_READ_CONSUME_CHECK_CONSUMER) timestamp=1639 ms, used_size=204800 bytes (0.5%)
(RDMA_READ_CONSUME_CHECK_CONSUMER) timestamp=1639 ms, used_size=202752 bytes (0.5%)
(RDMA_READ_CONSUME_CHECK_CONSUMER) timestamp=1639 ms, used_size=200704 bytes (0.5%)
(RDMA_READ_CONSUME_CHECK_CONSUMER) timestamp=1639 ms, used_size=198656 bytes (0.5%)
(RDMA_READ_CONSUME_CHECK_CONSUMER) timestamp=1639 ms, used_size=196608 bytes (0.5%)
(RDMA_READ_CONSUME_CHECK_CONSUMER) timestamp=1639 ms, used_size=194560 bytes (0.5%)
(RDMA_READ_CONSUME_CHECK_CONSUMER) timestamp=1639 ms, used_size=192512 bytes (0.5%)
(RDMA_READ_CONSUME_CHECK_CONSUMER) timestamp=1639 ms, used_size=190464 bytes (0.5%)
(RDMA_READ_CONSUME_CHECK_CONSUMER) timestamp=1639 ms, used_size=188416 bytes (0.5%)
(RDMA_READ_CONSUME_CHECK_CONSUMER) timestamp=1639 ms, used_size=186368 bytes (0.5%)
(RDMA_READ_CONSUME_CHECK_CONSUMER) timestamp=1639 ms, used_size=184320 bytes (0.5%)
(RDMA_READ_CONSUME_CHECK_CONSUMER) timestamp=1639 ms, used_size=182272 bytes (0.4%)
(RDMA_READ_CONSUME_CHECK_CONSUMER) timestamp=1639 ms, used_size=180224 bytes (0.4%)
(RDMA_READ_CONSUME_CHECK_CONSUMER) timestamp=1639 ms, used_size=178176 bytes (0.4%)
(RDMA_READ_CONSUME_CHECK_CONSUMER) timestamp=1639 ms, used_size=176128 bytes (0.4%)
(RDMA_READ_CONSUME_CHECK_CONSUMER) timestamp=1639 ms, used_size=174080 bytes (0.4%)
(RDMA_READ_CONSUME_CHECK_CONSUMER) timestamp=1639 ms, used_size=172032 bytes (0.4%)
(RDMA_READ_CONSUME_CHECK_CONSUMER) timestamp=1639 ms, used_size=169984 bytes (0.4%)
(RDMA_READ_CONSUME_CHECK_CONSUMER) timestamp=1639 ms, used_size=167936 bytes (0.4%)
(RDMA_READ_CONSUME_CHECK_CONSUMER) timestamp=1639 ms, used_size=165888 bytes (0.4%)
(RDMA_READ_CONSUME_CHECK_CONSUMER) timestamp=1639 ms, used_size=163840 bytes (0.4%)
(RDMA_READ_CONSUME_CHECK_CONSUMER) timestamp=1639 ms, used_size=161792 bytes (0.4%)
(RDMA_READ_CONSUME_CHECK_CONSUMER) timestamp=1639 ms, used_size=159744 bytes (0.4%)
(RDMA_READ_CONSUME_CHECK_CONSUMER) timestamp=1639 ms, used_size=157696 bytes (0.4%)
(RDMA_READ_CONSUME_CHECK_CONSUMER) timestamp=1639 ms, used_size=155648 bytes (0.4%)
(RDMA_READ_CONSUME_CHECK_CONSUMER) timestamp=1639 ms, used_size=153600 bytes (0.4%)
(RDMA_READ_CONSUME_CHECK_CONSUMER) timestamp=1639 ms, used_size=151552 bytes (0.4%)
(RDMA_READ_CONSUME_CHECK_CONSUMER) timestamp=1639 ms, used_size=149504 bytes (0.4%)
(RDMA_READ_CONSUME_CHECK_CONSUMER) timestamp=1639 ms, used_size=147456 bytes (0.4%)
(RDMA_READ_CONSUME_CHECK_CONSUMER) timestamp=1639 ms, used_size=145408 bytes (0.4%)
(RDMA_READ_CONSUME_CHECK_CONSUMER) timestamp=1639 ms, used_size=143360 bytes (0.3%)
(RDMA_READ_CONSUME_CHECK_CONSUMER) timestamp=1639 ms, used_size=141312 bytes (0.3%)
(RDMA_READ_CONSUME_CHECK_CONSUMER) timestamp=1639 ms, used_size=139264 bytes (0.3%)
(RDMA_READ_CONSUME_CHECK_CONSUMER) timestamp=1639 ms, used_size=137216 bytes (0.3%)
(RDMA_READ_CONSUME_CHECK_CONSUMER) timestamp=1639 ms, used_size=135168 bytes (0.3%)
(RDMA_READ_CONSUME_CHECK_CONSUMER) timestamp=1639 ms, used_size=133120 bytes (0.3%)
(RDMA_READ_CONSUME_CHECK_CONSUMER) timestamp=1639 ms, used_size=131072 bytes (0.3%)
(RDMA_READ_CONSUME_CHECK_CONSUMER) timestamp=1639 ms, used_size=129024 bytes (0.3%)
(RDMA_READ_CONSUME_CHECK_CONSUMER) timestamp=1639 ms, used_size=126976 bytes (0.3%)
(RDMA_READ_CONSUME_CHECK_CONSUMER) timestamp=1639 ms, used_size=124928 bytes (0.3%)
(RDMA_READ_CONSUME_CHECK_CONSUMER) timestamp=1639 ms, used_size=122880 bytes (0.3%)
(RDMA_READ_CONSUME_CHECK_CONSUMER) timestamp=1639 ms, used_size=120832 bytes (0.3%)
(RDMA_READ_CONSUME_CHECK_CONSUMER) timestamp=1639 ms, used_size=118784 bytes (0.3%)
(RDMA_READ_CONSUME_CHECK_CONSUMER) timestamp=1639 ms, used_size=116736 bytes (0.3%)
(RDMA_READ_CONSUME_CHECK_CONSUMER) timestamp=1639 ms, used_size=114688 bytes (0.3%)
(RDMA_READ_CONSUME_CHECK_CONSUMER) timestamp=1639 ms, used_size=112640 bytes (0.3%)
(RDMA_READ_CONSUME_CHECK_CONSUMER) timestamp=1639 ms, used_size=110592 bytes (0.3%)
(RDMA_READ_CONSUME_CHECK_CONSUMER) timestamp=1639 ms, used_size=108544 bytes (0.3%)
(RDMA_READ_CONSUME_CHECK_CONSUMER) timestamp=1639 ms, used_size=106496 bytes (0.3%)
(RDMA_READ_CONSUME_CHECK_CONSUMER) timestamp=1639 ms, used_size=104448 bytes (0.3%)
(RDMA_READ_CONSUME_CHECK_CONSUMER) timestamp=1639 ms, used_size=102400 bytes (0.2%)
(RDMA_READ_CONSUME_CHECK_CONSUMER) timestamp=1639 ms, used_size=100352 bytes (0.2%)
(RDMA_READ_CONSUME_CHECK_CONSUMER) timestamp=1639 ms, used_size=98304 bytes (0.2%)
(RDMA_READ_CONSUME_CHECK_CONSUMER) timestamp=1639 ms, used_size=96256 bytes (0.2%)
(RDMA_READ_CONSUME_CHECK_CONSUMER) timestamp=1639 ms, used_size=94208 bytes (0.2%)
(RDMA_READ_CONSUME_CHECK_CONSUMER) timestamp=1639 ms, used_size=92160 bytes (0.2%)
(RDMA_READ_CONSUME_CHECK_CONSUMER) timestamp=1639 ms, used_size=90112 bytes (0.2%)
(RDMA_READ_CONSUME_CHECK_CONSUMER) timestamp=1639 ms, used_size=88064 bytes (0.2%)
(RDMA_READ_CONSUME_CHECK_CONSUMER) timestamp=1639 ms, used_size=86016 bytes (0.2%)
(RDMA_READ_CONSUME_CHECK_CONSUMER) timestamp=1639 ms, used_size=83968 bytes (0.2%)
(RDMA_READ_CONSUME_CHECK_CONSUMER) timestamp=1639 ms, used_size=81920 bytes (0.2%)
(RDMA_READ_CONSUME_CHECK_CONSUMER) timestamp=1639 ms, used_size=79872 bytes (0.2%)
(RDMA_READ_CONSUME_CHECK_CONSUMER) timestamp=1639 ms, used_size=77824 bytes (0.2%)
(RDMA_READ_CONSUME_CHECK_CONSUMER) timestamp=1639 ms, used_size=75776 bytes (0.2%)
(RDMA_READ_CONSUME_CHECK_CONSUMER) timestamp=1639 ms, used_size=73728 bytes (0.2%)
(RDMA_READ_CONSUME_CHECK_CONSUMER) timestamp=1639 ms, used_size=71680 bytes (0.2%)
(RDMA_READ_CONSUME_CHECK_CONSUMER) timestamp=1639 ms, used_size=69632 bytes (0.2%)
(RDMA_READ_CONSUME_CHECK_CONSUMER) timestamp=1639 ms, used_size=67584 bytes (0.2%)
(RDMA_READ_CONSUME_CHECK_CONSUMER) timestamp=1639 ms, used_size=65536 bytes (0.2%)
(RDMA_READ_CONSUME_CHECK_CONSUMER) timestamp=1639 ms, used_size=63488 bytes (0.2%)
(RDMA_READ_CONSUME_CHECK_CONSUMER) timestamp=1639 ms, used_size=61440 bytes (0.1%)
(RDMA_READ_CONSUME_CHECK_CONSUMER) timestamp=1639 ms, used_size=59392 bytes (0.1%)
(RDMA_READ_CONSUME_CHECK_CONSUMER) timestamp=1639 ms, used_size=57344 bytes (0.1%)
(RDMA_READ_CONSUME_CHECK_CONSUMER) timestamp=1639 ms, used_size=55296 bytes (0.1%)
(RDMA_READ_CONSUME_CHECK_CONSUMER) timestamp=1639 ms, used_size=53248 bytes (0.1%)
(RDMA_READ_CONSUME_CHECK_CONSUMER) timestamp=1639 ms, used_size=51200 bytes (0.1%)
(RDMA_READ_CONSUME_CHECK_CONSUMER) timestamp=1639 ms, used_size=49152 bytes (0.1%)
(RDMA_READ_CONSUME_CHECK_CONSUMER) timestamp=1639 ms, used_size=47104 bytes (0.1%)
(RDMA_READ_CONSUME_CHECK_CONSUMER) timestamp=1639 ms, used_size=45056 bytes (0.1%)
(RDMA_READ_CONSUME_CHECK_CONSUMER) timestamp=1639 ms, used_size=43008 bytes (0.1%)
(RDMA_READ_CONSUME_CHECK_CONSUMER) timestamp=1639 ms, used_size=40960 bytes (0.1%)
(RDMA_READ_CONSUME_CHECK_CONSUMER) timestamp=1639 ms, used_size=38912 bytes (0.1%)
(RDMA_READ_CONSUME_CHECK_CONSUMER) timestamp=1639 ms, used_size=36864 bytes (0.1%)
(RDMA_READ_CONSUME_CHECK_CONSUMER) timestamp=1639 ms, used_size=34816 bytes (0.1%)
(RDMA_READ_CONSUME_CHECK_CONSUMER) timestamp=1639 ms, used_size=32768 bytes (0.1%)
(RDMA_READ_CONSUME_CHECK_CONSUMER) timestamp=1639 ms, used_size=30720 bytes (0.1%)
(RDMA_READ_CONSUME_CHECK_CONSUMER) timestamp=1639 ms, used_size=28672 bytes (0.1%)
(RDMA_READ_CONSUME_CHECK_CONSUMER) timestamp=1639 ms, used_size=26624 bytes (0.1%)
(RDMA_READ_CONSUME_CHECK_CONSUMER) timestamp=1639 ms, used_size=24576 bytes (0.1%)
(RDMA_READ_CONSUME_CHECK_CONSUMER) timestamp=1639 ms, used_size=22528 bytes (0.1%)
(RDMA_READ_CONSUME_CHECK_CONSUMER) timestamp=1639 ms, used_size=20480 bytes (0.1%)
(RDMA_READ_CONSUME_CHECK_CONSUMER) timestamp=1639 ms, used_size=18432 bytes (0.0%)
(RDMA_READ_CONSUME_CHECK_CONSUMER) timestamp=1639 ms, used_size=16384 bytes (0.0%)
(RDMA_READ_CONSUME_CHECK_CONSUMER) timestamp=1639 ms, used_size=14336 bytes (0.0%)
(RDMA_READ_CONSUME_CHECK_CONSUMER) timestamp=1639 ms, used_size=12288 bytes (0.0%)
(RDMA_READ_CONSUME_CHECK_CONSUMER) timestamp=1639 ms, used_size=10240 bytes (0.0%)
(RDMA_READ_CONSUME_CHECK_CONSUMER) timestamp=1639 ms, used_size=8192 bytes (0.0%)
(RDMA_READ_CONSUME_CHECK_CONSUMER) timestamp=1639 ms, used_size=6144 bytes (0.0%)
(RDMA_READ_CONSUME_CHECK_CONSUMER) timestamp=1639 ms, used_size=4096 bytes (0.0%)
(RDMA_READ_CONSUME_CHECK_CONSUMER) timestamp=1639 ms, used_size=2048 bytes (0.0%)
(RDMA_READ_CONSUME_CHECK_CONSUMER) timestamp=1639 ms, used_size=0 bytes (0.0%)
(RDMA_READ_CONSUME_CHECK) Cycle 1, Batch 2: CRC32 OK (0xcee97786), 3616 messages verified
t1:0:843938696:117413274:40960000
(RDMA_READ_CONSUME_CHECK) Cycle 1 completed
(RDMA_READ_CONSUME_CHECK) Starting cycle 2
(RDMA_READ_CONSUME_CHECK_CONSUMER) timestamp=1639 ms, used_size=7403520 bytes (18.1%)
(RDMA_READ_CONSUME_CHECK_CONSUMER) timestamp=1680 ms, used_size=7401472 bytes (18.1%)
(RDMA_READ_CONSUME_CHECK_CONSUMER) timestamp=1680 ms, used_size=7399424 bytes (18.1%)
(RDMA_READ_CONSUME_CHECK_CONSUMER) timestamp=1680 ms, used_size=7397376 bytes (18.1%)
(RDMA_READ_CONSUME_CHECK_CONSUMER) timestamp=1680 ms, used_size=7395328 bytes (18.1%)
(RDMA_READ_CONSUME_CHECK_CONSUMER) timestamp=1680 ms, used_size=7393280 bytes (18.1%)
(RDMA_READ_CONSUME_CHECK_CONSUMER) timestamp=1680 ms, used_size=7391232 bytes (18.0%)
(RDMA_READ_CONSUME_CHECK_CONSUMER) timestamp=1680 ms, used_size=7389184 bytes (18.0%)
(RDMA_READ_CONSUME_CHECK_CONSUMER) timestamp=1680 ms, used_size=7387136 bytes (18.0%)
(RDMA_READ_CONSUME_CHECK_CONSUMER) timestamp=1680 ms, used_size=7385088 bytes (18.0%)
(RDMA_READ_CONSUME_CHECK_CONSUMER) timestamp=1680 ms, used_size=7383040 bytes (18.0%)
(RDMA_READ_CONSUME_CHECK_CONSUMER) timestamp=1680 ms, used_size=7380992 bytes (18.0%)
(RDMA_READ_CONSUME_CHECK_CONSUMER) timestamp=1680 ms, used_size=7378944 bytes (18.0%)
(RDMA_READ_CONSUME_CHECK_CONSUMER) timestamp=1680 ms, used_size=7376896 bytes (18.0%)
(RDMA_READ_CONSUME_CHECK_CONSUMER) timestamp=1680 ms, used_size=7374848 bytes (18.0%)
(RDMA_READ_CONSUME_CHECK_CONSUMER) timestamp=1680 ms, used_size=7372800 bytes (18.0%)
(RDMA_READ_CONSUME_CHECK_CONSUMER) timestamp=1680 ms, used_size=7370752 bytes (18.0%)
(RDMA_READ_CONSUME_CHECK_CONSUMER) timestamp=1680 ms, used_size=7368704 bytes (18.0%)
(RDMA_READ_CONSUME_CHECK_CONSUMER) timestamp=1680 ms, used_size=7366656 bytes (18.0%)
(RDMA_READ_CONSUME_CHECK_CONSUMER) timestamp=1680 ms, used_size=7364608 bytes (18.0%)
(RDMA_READ_CONSUME_CHECK_CONSUMER) timestamp=1680 ms, used_size=7362560 bytes (18.0%)
(RDMA_READ_CONSUME_CHECK_CONSUMER) timestamp=1680 ms, used_size=7360512 bytes (18.0%)
(RDMA_READ_CONSUME_CHECK_CONSUMER) timestamp=1680 ms, used_size=7358464 bytes (18.0%)
(RDMA_READ_CONSUME_CHECK_CONSUMER) timestamp=1680 ms, used_size=7356416 bytes (18.0%)
(RDMA_READ_CONSUME_CHECK_CONSUMER) timestamp=1680 ms, used_size=7354368 bytes (18.0%)
(RDMA_READ_CONSUME_CHECK_CONSUMER) timestamp=1680 ms, used_size=7352320 bytes (17.9%)
(RDMA_READ_CONSUME_CHECK_CONSUMER) timestamp=1680 ms, used_size=7350272 bytes (17.9%)
(RDMA_READ_CONSUME_CHECK_CONSUMER) timestamp=1680 ms, used_size=7348224 bytes (17.9%)
(RDMA_READ_CONSUME_CHECK_CONSUMER) timestamp=1680 ms, used_size=7346176 bytes (17.9%)
(RDMA_READ_CONSUME_CHECK_CONSUMER) timestamp=1680 ms, used_size=7344128 bytes (17.9%)
(RDMA_READ_CONSUME_CHECK_CONSUMER) timestamp=1680 ms, used_size=7342080 bytes (17.9%)
(RDMA_READ_CONSUME_CHECK_CONSUMER) timestamp=1680 ms, used_size=7340032 bytes (17.9%)
(RDMA_READ_CONSUME_CHECK_CONSUMER) timestamp=1680 ms, used_size=7337984 bytes (17.9%)
(RDMA_READ_CONSUME_CHECK_CONSUMER) timestamp=1680 ms, used_size=7335936 bytes (17.9%)
(RDMA_READ_CONSUME_CHECK_CONSUMER) timestamp=1680 ms, used_size=7333888 bytes (17.9%)
(RDMA_READ_CONSUME_CHECK_CONSUMER) timestamp=1680 ms, used_size=7331840 bytes (17.9%)
(RDMA_READ_CONSUME_CHECK_CONSUMER) timestamp=1680 ms, used_size=7329792 bytes (17.9%)
(RDMA_READ_CONSUME_CHECK_CONSUMER) timestamp=1680 ms, used_size=7327744 bytes (17.9%)
(RDMA_READ_CONSUME_CHECK_CONSUMER) timestamp=1680 ms, used_size=7325696 bytes (17.9%)
(RDMA_READ_CONSUME_CHECK_CONSUMER) timestamp=1680 ms, used_size=7323648 bytes (17.9%)
(RDMA_READ_CONSUME_CHECK_CONSUMER) timestamp=1680 ms, used_size=7321600 bytes (17.9%)
(RDMA_READ_CONSUME_CHECK_CONSUMER) timestamp=1680 ms, used_size=7319552 bytes (17.9%)
(RDMA_READ_CONSUME_CHECK_CONSUMER) timestamp=1680 ms, used_size=7317504 bytes (17.9%)
(RDMA_READ_CONSUME_CHECK_CONSUMER) timestamp=1680 ms, used_size=7315456 bytes (17.9%)
(RDMA_READ_CONSUME_CHECK_CONSUMER) timestamp=1680 ms, used_size=7313408 bytes (17.9%)
(RDMA_READ_CONSUME_CHECK_CONSUMER) timestamp=1680 ms, used_size=7311360 bytes (17.9%)
(RDMA_READ_CONSUME_CHECK_CONSUMER) timestamp=1680 ms, used_size=7309312 bytes (17.8%)
(RDMA_READ_CONSUME_CHECK_CONSUMER) timestamp=1680 ms, used_size=7307264 bytes (17.8%)
(RDMA_READ_CONSUME_CHECK_CONSUMER) timestamp=1680 ms, used_size=7305216 bytes (17.8%)
(RDMA_READ_CONSUME_CHECK_CONSUMER) timestamp=1680 ms, used_size=7303168 bytes (17.8%)
(RDMA_READ_CONSUME_CHECK_CONSUMER) timestamp=1680 ms, used_size=7301120 bytes (17.8%)
(RDMA_READ_CONSUME_CHECK_CONSUMER) timestamp=1680 ms, used_size=7299072 bytes (17.8%)
(RDMA_READ_CONSUME_CHECK_CONSUMER) timestamp=1680 ms, used_size=7297024 bytes (17.8%)
(RDMA_READ_CONSUME_CHECK_CONSUMER) timestamp=1680 ms, used_size=7294976 bytes (17.8%)
(RDMA_READ_CONSUME_CHECK_CONSUMER) timestamp=1680 ms, used_size=7292928 bytes (17.8%)
(RDMA_READ_CONSUME_CHECK_CONSUMER) timestamp=1680 ms, used_size=7290880 bytes (17.8%)
(RDMA_READ_CONSUME_CHECK_CONSUMER) timestamp=1680 ms, used_size=7288832 bytes (17.8%)
(RDMA_READ_CONSUME_CHECK_CONSUMER) timestamp=1680 ms, used_size=7286784 bytes (17.8%)
(RDMA_READ_CONSUME_CHECK_CONSUMER) timestamp=1680 ms, used_size=7284736 bytes (17.8%)
(RDMA_READ_CONSUME_CHECK_CONSUMER) timestamp=1680 ms, used_size=7282688 bytes (17.8%)
(RDMA_READ_CONSUME_CHECK_CONSUMER) timestamp=1680 ms, used_size=7280640 bytes (17.8%)
(RDMA_READ_CONSUME_CHECK_CONSUMER) timestamp=1680 ms, used_size=7278592 bytes (17.8%)
(RDMA_READ_CONSUME_CHECK_CONSUMER) timestamp=1680 ms, used_size=7276544 bytes (17.8%)
(RDMA_READ_CONSUME_CHECK_CONSUMER) timestamp=1680 ms, used_size=7274496 bytes (17.8%)
(RDMA_READ_CONSUME_CHECK_CONSUMER) timestamp=1680 ms, used_size=7272448 bytes (17.8%)
(RDMA_READ_CONSUME_CHECK_CONSUMER) timestamp=1680 ms, used_size=7270400 bytes (17.8%)
(RDMA_READ_CONSUME_CHECK_CONSUMER) timestamp=1680 ms, used_size=7268352 bytes (17.7%)
(RDMA_READ_CONSUME_CHECK_CONSUMER) timestamp=1680 ms, used_size=7266304 bytes (17.7%)
(RDMA_READ_CONSUME_CHECK_CONSUMER) timestamp=1680 ms, used_size=7264256 bytes (17.7%)
(RDMA_READ_CONSUME_CHECK_CONSUMER) timestamp=1680 ms, used_size=7262208 bytes (17.7%)
(RDMA_READ_CONSUME_CHECK_CONSUMER) timestamp=1680 ms, used_size=7260160 bytes (17.7%)
(RDMA_READ_CONSUME_CHECK_CONSUMER) timestamp=1680 ms, used_size=7258112 bytes (17.7%)
(RDMA_READ_CONSUME_CHECK_CONSUMER) timestamp=1680 ms, used_size=7256064 bytes (17.7%)
(RDMA_READ_CONSUME_CHECK_CONSUMER) timestamp=1680 ms, used_size=7254016 bytes (17.7%)
(RDMA_READ_CONSUME_CHECK_CONSUMER) timestamp=1680 ms, used_size=7251968 bytes (17.7%)
(RDMA_READ_CONSUME_CHECK_CONSUMER) timestamp=1680 ms, used_size=7249920 bytes (17.7%)
(RDMA_READ_CONSUME_CHECK_CONSUMER) timestamp=1680 ms, used_size=7247872 bytes (17.7%)
(RDMA_READ_CONSUME_CHECK_CONSUMER) timestamp=1680 ms, used_size=7245824 bytes (17.7%)
(RDMA_READ_CONSUME_CHECK_CONSUMER) timestamp=1680 ms, used_size=7243776 bytes (17.7%)
(RDMA_READ_CONSUME_CHECK_CONSUMER) timestamp=1680 ms, used_size=7241728 bytes (17.7%)
(RDMA_READ_CONSUME_CHECK_CONSUMER) timestamp=1680 ms, used_size=7239680 bytes (17.7%)
(RDMA_READ_CONSUME_CHECK_CONSUMER) timestamp=1680 ms, used_size=7237632 bytes (17.7%)
(RDMA_READ_CONSUME_CHECK_CONSUMER) timestamp=1680 ms, used_size=7235584 bytes (17.7%)
(RDMA_READ_CONSUME_CHECK_CONSUMER) timestamp=1680 ms, used_size=7233536 bytes (17.7%)
(RDMA_READ_CONSUME_CHECK_CONSUMER) timestamp=1680 ms, used_size=7231488 bytes (17.7%)
(RDMA_READ_CONSUME_CHECK_CONSUMER) timestamp=1680 ms, used_size=7229440 bytes (17.6%)
(RDMA_READ_CONSUME_CHECK_CONSUMER) timestamp=1680 ms, used_size=7227392 bytes (17.6%)
(RDMA_READ_CONSUME_CHECK_CONSUMER) timestamp=1680 ms, used_size=7225344 bytes (17.6%)
(RDMA_READ_CONSUME_CHECK_CONSUMER) timestamp=1680 ms, used_size=7223296 bytes (17.6%)
(RDMA_READ_CONSUME_CHECK_CONSUMER) timestamp=1680 ms, used_size=7221248 bytes (17.6%)
(RDMA_READ_CONSUME_CHECK_CONSUMER) timestamp=1680 ms, used_size=7219200 bytes (17.6%)
(RDMA_READ_CONSUME_CHECK_CONSUMER) timestamp=1680 ms, used_size=7217152 bytes (17.6%)
(RDMA_READ_CONSUME_CHECK_CONSUMER) timestamp=1680 ms, used_size=7215104 bytes (17.6%)
(RDMA_READ_CONSUME_CHECK_CONSUMER) timestamp=1680 ms, used_size=7213056 bytes (17.6%)
(RDMA_READ_CONSUME_CHECK_CONSUMER) timestamp=1680 ms, used_size=7211008 bytes (17.6%)
(RDMA_READ_CONSUME_CHECK_CONSUMER) timestamp=1680 ms, used_size=7208960 bytes (17.6%)
(RDMA_READ_CONSUME_CHECK_CONSUMER) timestamp=1680 ms, used_size=7206912 bytes (17.6%)
(RDMA_READ_CONSUME_CHECK_CONSUMER) timestamp=1680 ms, used_size=7204864 bytes (17.6%)
(RDMA_READ_CONSUME_CHECK_CONSUMER) timestamp=1680 ms, used_size=7202816 bytes (17.6%)
(RDMA_READ_CONSUME_CHECK_CONSUMER) timestamp=1680 ms, used_size=7200768 bytes (17.6%)
(RDMA_READ_CONSUME_CHECK_CONSUMER) timestamp=1680 ms, used_size=7198720 bytes (17.6%)
(RDMA_READ_CONSUME_CHECK_CONSUMER) timestamp=1680 ms, used_size=7196672 bytes (17.6%)
(RDMA_READ_CONSUME_CHECK_CONSUMER) timestamp=1680 ms, used_size=7194624 bytes (17.6%)
(RDMA_READ_CONSUME_CHECK_CONSUMER) timestamp=1680 ms, used_size=7192576 bytes (17.6%)
(RDMA_READ_CONSUME_CHECK_CONSUMER) timestamp=1681 ms, used_size=7190528 bytes (17.6%)
(RDMA_READ_CONSUME_CHECK_CONSUMER) timestamp=1681 ms, used_size=7188480 bytes (17.6%)
(RDMA_READ_CONSUME_CHECK_CONSUMER) timestamp=1681 ms, used_size=7186432 bytes (17.5%)
(RDMA_READ_CONSUME_CHECK_CONSUMER) timestamp=1681 ms, used_size=7184384 bytes (17.5%)
(RDMA_READ_CONSUME_CHECK_CONSUMER) timestamp=1681 ms, used_size=7182336 bytes (17.5%)
(RDMA_READ_CONSUME_CHECK_CONSUMER) timestamp=1681 ms, used_size=7180288 bytes (17.5%)
(RDMA_READ_CONSUME_CHECK_CONSUMER) timestamp=1681 ms, used_size=7178240 bytes (17.5%)
(RDMA_READ_CONSUME_CHECK_CONSUMER) timestamp=1681 ms, used_size=7176192 bytes (17.5%)
(RDMA_READ_CONSUME_CHECK_CONSUMER) timestamp=1681 ms, used_size=7174144 bytes (17.5%)
(RDMA_READ_CONSUME_CHECK_CONSUMER) timestamp=1681 ms, used_size=7172096 bytes (17.5%)
(RDMA_READ_CONSUME_CHECK_CONSUMER) timestamp=1681 ms, used_size=7170048 bytes (17.5%)
(RDMA_READ_CONSUME_CHECK_CONSUMER) timestamp=1681 ms, used_size=7168000 bytes (17.5%)
(RDMA_READ_CONSUME_CHECK_CONSUMER) timestamp=1681 ms, used_size=7165952 bytes (17.5%)
(RDMA_READ_CONSUME_CHECK_CONSUMER) timestamp=1681 ms, used_size=7163904 bytes (17.5%)
(RDMA_READ_CONSUME_CHECK_CONSUMER) timestamp=1681 ms, used_size=7161856 bytes (17.5%)
(RDMA_READ_CONSUME_CHECK_CONSUMER) timestamp=1681 ms, used_size=7159808 bytes (17.5%)
(RDMA_READ_CONSUME_CHECK_CONSUMER) timestamp=1681 ms, used_size=7157760 bytes (17.5%)
(RDMA_READ_CONSUME_CHECK_CONSUMER) timestamp=1681 ms, used_size=7155712 bytes (17.5%)
(RDMA_READ_CONSUME_CHECK_CONSUMER) timestamp=1681 ms, used_size=7153664 bytes (17.5%)
(RDMA_READ_CONSUME_CHECK_CONSUMER) timestamp=1681 ms, used_size=7151616 bytes (17.5%)
(RDMA_READ_CONSUME_CHECK_CONSUMER) timestamp=1681 ms, used_size=7149568 bytes (17.5%)
(RDMA_READ_CONSUME_CHECK_CONSUMER) timestamp=1681 ms, used_size=7147520 bytes (17.4%)
(RDMA_READ_CONSUME_CHECK_CONSUMER) timestamp=1681 ms, used_size=7145472 bytes (17.4%)
(RDMA_READ_CONSUME_CHECK_CONSUMER) timestamp=1681 ms, used_size=7143424 bytes (17.4%)
(RDMA_READ_CONSUME_CHECK_CONSUMER) timestamp=1681 ms, used_size=7141376 bytes (17.4%)
(RDMA_READ_CONSUME_CHECK_CONSUMER) timestamp=1681 ms, used_size=7139328 bytes (17.4%)
(RDMA_READ_CONSUME_CHECK_CONSUMER) timestamp=1681 ms, used_size=7137280 bytes (17.4%)
(RDMA_READ_CONSUME_CHECK_CONSUMER) timestamp=1681 ms, used_size=7135232 bytes (17.4%)
(RDMA_READ_CONSUME_CHECK_CONSUMER) timestamp=1681 ms, used_size=7133184 bytes (17.4%)
(RDMA_READ_CONSUME_CHECK_CONSUMER) timestamp=1681 ms, used_size=7131136 bytes (17.4%)
(RDMA_READ_CONSUME_CHECK_CONSUMER) timestamp=1681 ms, used_size=7129088 bytes (17.4%)
(RDMA_READ_CONSUME_CHECK_CONSUMER) timestamp=1681 ms, used_size=7127040 bytes (17.4%)
(RDMA_READ_CONSUME_CHECK_CONSUMER) timestamp=1681 ms, used_size=7124992 bytes (17.4%)
(RDMA_READ_CONSUME_CHECK_CONSUMER) timestamp=1681 ms, used_size=7122944 bytes (17.4%)
(RDMA_READ_CONSUME_CHECK_CONSUMER) timestamp=1681 ms, used_size=7120896 bytes (17.4%)
(RDMA_READ_CONSUME_CHECK_CONSUMER) timestamp=1681 ms, used_size=7118848 bytes (17.4%)
(RDMA_READ_CONSUME_CHECK_CONSUMER) timestamp=1681 ms, used_size=7116800 bytes (17.4%)
(RDMA_READ_CONSUME_CHECK_CONSUMER) timestamp=1681 ms, used_size=7114752 bytes (17.4%)
(RDMA_READ_CONSUME_CHECK_CONSUMER) timestamp=1681 ms, used_size=7112704 bytes (17.4%)
(RDMA_READ_CONSUME_CHECK_CONSUMER) timestamp=1681 ms, used_size=7110656 bytes (17.4%)
(RDMA_READ_CONSUME_CHECK_CONSUMER) timestamp=1681 ms, used_size=7108608 bytes (17.4%)
(RDMA_READ_CONSUME_CHECK_CONSUMER) timestamp=1681 ms, used_size=7106560 bytes (17.4%)
(RDMA_READ_CONSUME_CHECK_CONSUMER) timestamp=1681 ms, used_size=7104512 bytes (17.3%)
(RDMA_READ_CONSUME_CHECK_CONSUMER) timestamp=1681 ms, used_size=7102464 bytes (17.3%)
(RDMA_READ_CONSUME_CHECK_CONSUMER) timestamp=1681 ms, used_size=7100416 bytes (17.3%)
(RDMA_READ_CONSUME_CHECK_CONSUMER) timestamp=1681 ms, used_size=7098368 bytes (17.3%)
(RDMA_READ_CONSUME_CHECK_CONSUMER) timestamp=1681 ms, used_size=7096320 bytes (17.3%)
(RDMA_READ_CONSUME_CHECK_CONSUMER) timestamp=1681 ms, used_size=7094272 bytes (17.3%)
(RDMA_READ_CONSUME_CHECK_CONSUMER) timestamp=1681 ms, used_size=7092224 bytes (17.3%)
(RDMA_READ_CONSUME_CHECK_CONSUMER) timestamp=1681 ms, used_size=7090176 bytes (17.3%)
(RDMA_READ_CONSUME_CHECK_CONSUMER) timestamp=1681 ms, used_size=7088128 bytes (17.3%)
(RDMA_READ_CONSUME_CHECK_CONSUMER) timestamp=1681 ms, used_size=7086080 bytes (17.3%)
(RDMA_READ_CONSUME_CHECK_CONSUMER) timestamp=1681 ms, used_size=7084032 bytes (17.3%)
(RDMA_READ_CONSUME_CHECK_CONSUMER) timestamp=1681 ms, used_size=7081984 bytes (17.3%)
(RDMA_READ_CONSUME_CHECK_CONSUMER) timestamp=1681 ms, used_size=7079936 bytes (17.3%)
(RDMA_READ_CONSUME_CHECK_CONSUMER) timestamp=1681 ms, used_size=7077888 bytes (17.3%)
(RDMA_READ_CONSUME_CHECK_CONSUMER) timestamp=1681 ms, used_size=7075840 bytes (17.3%)
(RDMA_READ_CONSUME_CHECK_CONSUMER) timestamp=1681 ms, used_size=7073792 bytes (17.3%)
(RDMA_READ_CONSUME_CHECK_CONSUMER) timestamp=1681 ms, used_size=7071744 bytes (17.3%)
(RDMA_READ_CONSUME_CHECK_CONSUMER) timestamp=1681 ms, used_size=7069696 bytes (17.3%)
(RDMA_READ_CONSUME_CHECK_CONSUMER) timestamp=1681 ms, used_size=7067648 bytes (17.3%)
(RDMA_READ_CONSUME_CHECK_CONSUMER) timestamp=1681 ms, used_size=7065600 bytes (17.2%)
(RDMA_READ_CONSUME_CHECK_CONSUMER) timestamp=1681 ms, used_size=7063552 bytes (17.2%)
(RDMA_READ_CONSUME_CHECK_CONSUMER) timestamp=1681 ms, used_size=7061504 bytes (17.2%)
(RDMA_READ_CONSUME_CHECK_CONSUMER) timestamp=1681 ms, used_size=7059456 bytes (17.2%)
(RDMA_READ_CONSUME_CHECK_CONSUMER) timestamp=1681 ms, used_size=7057408 bytes (17.2%)
(RDMA_READ_CONSUME_CHECK_CONSUMER) timestamp=1681 ms, used_size=7055360 bytes (17.2%)
(RDMA_READ_CONSUME_CHECK_CONSUMER) timestamp=1681 ms, used_size=7053312 bytes (17.2%)
(RDMA_READ_CONSUME_CHECK_CONSUMER) timestamp=1681 ms, used_size=7051264 bytes (17.2%)
(RDMA_READ_CONSUME_CHECK_CONSUMER) timestamp=1681 ms, used_size=7049216 bytes (17.2%)
(RDMA_READ_CONSUME_CHECK_CONSUMER) timestamp=1681 ms, used_size=7047168 bytes (17.2%)
(RDMA_READ_CONSUME_CHECK_CONSUMER) timestamp=1681 ms, used_size=7045120 bytes (17.2%)
(RDMA_READ_CONSUME_CHECK_CONSUMER) timestamp=1681 ms, used_size=7043072 bytes (17.2%)
(RDMA_READ_CONSUME_CHECK_CONSUMER) timestamp=1681 ms, used_size=7041024 bytes (17.2%)
(RDMA_READ_CONSUME_CHECK_CONSUMER) timestamp=1681 ms, used_size=7038976 bytes (17.2%)
(RDMA_READ_CONSUME_CHECK_CONSUMER) timestamp=1681 ms, used_size=7036928 bytes (17.2%)
(RDMA_READ_CONSUME_CHECK_CONSUMER) timestamp=1681 ms, used_size=7034880 bytes (17.2%)
(RDMA_READ_CONSUME_CHECK_CONSUMER) timestamp=1681 ms, used_size=7032832 bytes (17.2%)
(RDMA_READ_CONSUME_CHECK_CONSUMER) timestamp=1681 ms, used_size=7030784 bytes (17.2%)
(RDMA_READ_CONSUME_CHECK_CONSUMER) timestamp=1681 ms, used_size=7028736 bytes (17.2%)
(RDMA_READ_CONSUME_CHECK_CONSUMER) timestamp=1681 ms, used_size=7026688 bytes (17.2%)
(RDMA_READ_CONSUME_CHECK_CONSUMER) timestamp=1681 ms, used_size=7024640 bytes (17.1%)
(RDMA_READ_CONSUME_CHECK_CONSUMER) timestamp=1681 ms, used_size=7022592 bytes (17.1%)
(RDMA_READ_CONSUME_CHECK_CONSUMER) timestamp=1681 ms, used_size=7020544 bytes (17.1%)
(RDMA_READ_CONSUME_CHECK_CONSUMER) timestamp=1681 ms, used_size=7018496 bytes (17.1%)
(RDMA_READ_CONSUME_CHECK_CONSUMER) timestamp=1681 ms, used_size=7016448 bytes (17.1%)
(RDMA_READ_CONSUME_CHECK_CONSUMER) timestamp=1681 ms, used_size=7014400 bytes (17.1%)
(RDMA_READ_CONSUME_CHECK_CONSUMER) timestamp=1681 ms, used_size=7012352 bytes (17.1%)
(RDMA_READ_CONSUME_CHECK_CONSUMER) timestamp=1681 ms, used_size=7010304 bytes (17.1%)
(RDMA_READ_CONSUME_CHECK_CONSUMER) timestamp=1681 ms, used_size=7008256 bytes (17.1%)
(RDMA_READ_CONSUME_CHECK_CONSUMER) timestamp=1681 ms, used_size=7006208 bytes (17.1%)
(RDMA_READ_CONSUME_CHECK_CONSUMER) timestamp=1681 ms, used_size=7004160 bytes (17.1%)
(RDMA_READ_CONSUME_CHECK_CONSUMER) timestamp=1681 ms, used_size=7002112 bytes (17.1%)
(RDMA_READ_CONSUME_CHECK_CONSUMER) timestamp=1681 ms, used_size=7000064 bytes (17.1%)
(RDMA_READ_CONSUME_CHECK_CONSUMER) timestamp=1681 ms, used_size=6998016 bytes (17.1%)
(RDMA_READ_CONSUME_CHECK_CONSUMER) timestamp=1681 ms, used_size=6995968 bytes (17.1%)
(RDMA_READ_CONSUME_CHECK_CONSUMER) timestamp=1681 ms, used_size=6993920 bytes (17.1%)
(RDMA_READ_CONSUME_CHECK_CONSUMER) timestamp=1681 ms, used_size=6991872 bytes (17.1%)
(RDMA_READ_CONSUME_CHECK_CONSUMER) timestamp=1681 ms, used_size=6989824 bytes (17.1%)
(RDMA_READ_CONSUME_CHECK_CONSUMER) timestamp=1681 ms, used_size=6987776 bytes (17.1%)
(RDMA_READ_CONSUME_CHECK_CONSUMER) timestamp=1681 ms, used_size=6985728 bytes (17.1%)
(RDMA_READ_CONSUME_CHECK_CONSUMER) timestamp=1681 ms, used_size=6983680 bytes (17.1%)
(RDMA_READ_CONSUME_CHECK_CONSUMER) timestamp=1681 ms, used_size=6981632 bytes (17.0%)
(RDMA_READ_CONSUME_CHECK_CONSUMER) timestamp=1681 ms, used_size=6979584 bytes (17.0%)
(RDMA_READ_CONSUME_CHECK_CONSUMER) timestamp=1681 ms, used_size=6977536 bytes (17.0%)
(RDMA_READ_CONSUME_CHECK_CONSUMER) timestamp=1681 ms, used_size=6975488 bytes (17.0%)
(RDMA_READ_CONSUME_CHECK_CONSUMER) timestamp=1681 ms, used_size=6973440 bytes (17.0%)
(RDMA_READ_CONSUME_CHECK_CONSUMER) timestamp=1681 ms, used_size=6971392 bytes (17.0%)
(RDMA_READ_CONSUME_CHECK_CONSUMER) timestamp=1681 ms, used_size=6969344 bytes (17.0%)
(RDMA_READ_CONSUME_CHECK_CONSUMER) timestamp=1681 ms, used_size=6967296 bytes (17.0%)
(RDMA_READ_CONSUME_CHECK_CONSUMER) timestamp=1681 ms, used_size=6965248 bytes (17.0%)
(RDMA_READ_CONSUME_CHECK_CONSUMER) timestamp=1681 ms, used_size=6963200 bytes (17.0%)
(RDMA_READ_CONSUME_CHECK_CONSUMER) timestamp=1681 ms, used_size=6961152 bytes (17.0%)
(RDMA_READ_CONSUME_CHECK_CONSUMER) timestamp=1681 ms, used_size=6959104 bytes (17.0%)
(RDMA_READ_CONSUME_CHECK_CONSUMER) timestamp=1681 ms, used_size=6957056 bytes (17.0%)
(RDMA_READ_CONSUME_CHECK_CONSUMER) timestamp=1681 ms, used_size=6955008 bytes (17.0%)
(RDMA_READ_CONSUME_CHECK_CONSUMER) timestamp=1681 ms, used_size=6952960 bytes (17.0%)
(RDMA_READ_CONSUME_CHECK_CONSUMER) timestamp=1681 ms, used_size=6950912 bytes (17.0%)
(RDMA_READ_CONSUME_CHECK_CONSUMER) timestamp=1681 ms, used_size=6948864 bytes (17.0%)
(RDMA_READ_CONSUME_CHECK_CONSUMER) timestamp=1681 ms, used_size=6946816 bytes (17.0%)
(RDMA_READ_CONSUME_CHECK_CONSUMER) timestamp=1681 ms, used_size=6944768 bytes (17.0%)
(RDMA_READ_CONSUME_CHECK_CONSUMER) timestamp=1681 ms, used_size=6942720 bytes (16.9%)
(RDMA_READ_CONSUME_CHECK_CONSUMER) timestamp=1681 ms, used_size=6940672 bytes (16.9%)
(RDMA_READ_CONSUME_CHECK_CONSUMER) timestamp=1681 ms, used_size=6938624 bytes (16.9%)
(RDMA_READ_CONSUME_CHECK_CONSUMER) timestamp=1681 ms, used_size=6936576 bytes (16.9%)
(RDMA_READ_CONSUME_CHECK_CONSUMER) timestamp=1681 ms, used_size=6934528 bytes (16.9%)
(RDMA_READ_CONSUME_CHECK_CONSUMER) timestamp=1681 ms, used_size=6932480 bytes (16.9%)
(RDMA_READ_CONSUME_CHECK_CONSUMER) timestamp=1681 ms, used_size=6930432 bytes (16.9%)
(RDMA_READ_CONSUME_CHECK_CONSUMER) timestamp=1681 ms, used_size=6928384 bytes (16.9%)
(RDMA_READ_CONSUME_CHECK_CONSUMER) timestamp=1681 ms, used_size=6926336 bytes (16.9%)
(RDMA_READ_CONSUME_CHECK_CONSUMER) timestamp=1681 ms, used_size=6924288 bytes (16.9%)
(RDMA_READ_CONSUME_CHECK_CONSUMER) timestamp=1681 ms, used_size=6922240 bytes (16.9%)
(RDMA_READ_CONSUME_CHECK_CONSUMER) timestamp=1681 ms, used_size=6920192 bytes (16.9%)
(RDMA_READ_CONSUME_CHECK_CONSUMER) timestamp=1681 ms, used_size=6918144 bytes (16.9%)
(RDMA_READ_CONSUME_CHECK_CONSUMER) timestamp=1681 ms, used_size=6916096 bytes (16.9%)
(RDMA_READ_CONSUME_CHECK_CONSUMER) timestamp=1681 ms, used_size=6914048 bytes (16.9%)
(RDMA_READ_CONSUME_CHECK_CONSUMER) timestamp=1681 ms, used_size=6912000 bytes (16.9%)
(RDMA_READ_CONSUME_CHECK_CONSUMER) timestamp=1681 ms, used_size=6909952 bytes (16.9%)
(RDMA_READ_CONSUME_CHECK_CONSUMER) timestamp=1681 ms, used_size=6907904 bytes (16.9%)
(RDMA_READ_CONSUME_CHECK_CONSUMER) timestamp=1681 ms, used_size=6905856 bytes (16.9%)
(RDMA_READ_CONSUME_CHECK_CONSUMER) timestamp=1681 ms, used_size=6903808 bytes (16.9%)
(RDMA_READ_CONSUME_CHECK_CONSUMER) timestamp=1681 ms, used_size=6901760 bytes (16.9%)
(RDMA_READ_CONSUME_CHECK_CONSUMER) timestamp=1681 ms, used_size=6899712 bytes (16.8%)
(RDMA_READ_CONSUME_CHECK_CONSUMER) timestamp=1681 ms, used_size=6897664 bytes (16.8%)
(RDMA_READ_CONSUME_CHECK_CONSUMER) timestamp=1681 ms, used_size=6895616 bytes (16.8%)
(RDMA_READ_CONSUME_CHECK_CONSUMER) timestamp=1681 ms, used_size=6893568 bytes (16.8%)
(RDMA_READ_CONSUME_CHECK_CONSUMER) timestamp=1681 ms, used_size=6891520 bytes (16.8%)
(RDMA_READ_CONSUME_CHECK_CONSUMER) timestamp=1681 ms, used_size=6889472 bytes (16.8%)
(RDMA_READ_CONSUME_CHECK_CONSUMER) timestamp=1681 ms, used_size=6887424 bytes (16.8%)
(RDMA_READ_CONSUME_CHECK_CONSUMER) timestamp=1681 ms, used_size=6885376 bytes (16.8%)
(RDMA_READ_CONSUME_CHECK_CONSUMER) timestamp=1681 ms, used_size=6883328 bytes (16.8%)
(RDMA_READ_CONSUME_CHECK_CONSUMER) timestamp=1681 ms, used_size=6881280 bytes (16.8%)
(RDMA_READ_CONSUME_CHECK_CONSUMER) timestamp=1681 ms, used_size=6879232 bytes (16.8%)
(RDMA_READ_CONSUME_CHECK_CONSUMER) timestamp=1681 ms, used_size=6877184 bytes (16.8%)
(RDMA_READ_CONSUME_CHECK_CONSUMER) timestamp=1681 ms, used_size=6875136 bytes (16.8%)
(RDMA_READ_CONSUME_CHECK_CONSUMER) timestamp=1681 ms, used_size=6873088 bytes (16.8%)
(RDMA_READ_CONSUME_CHECK_CONSUMER) timestamp=1681 ms, used_size=6871040 bytes (16.8%)
(RDMA_READ_CONSUME_CHECK_CONSUMER) timestamp=1681 ms, used_size=6868992 bytes (16.8%)
(RDMA_READ_CONSUME_CHECK_CONSUMER) timestamp=1681 ms, used_size=6866944 bytes (16.8%)
(RDMA_READ_CONSUME_CHECK_CONSUMER) timestamp=1681 ms, used_size=6864896 bytes (16.8%)
(RDMA_READ_CONSUME_CHECK_CONSUMER) timestamp=1681 ms, used_size=6862848 bytes (16.8%)
(RDMA_READ_CONSUME_CHECK_CONSUMER) timestamp=1681 ms, used_size=6860800 bytes (16.8%)
(RDMA_READ_CONSUME_CHECK_CONSUMER) timestamp=1681 ms, used_size=6858752 bytes (16.7%)
(RDMA_READ_CONSUME_CHECK_CONSUMER) timestamp=1681 ms, used_size=6856704 bytes (16.7%)
(RDMA_READ_CONSUME_CHECK_CONSUMER) timestamp=1681 ms, used_size=6854656 bytes (16.7%)
(RDMA_READ_CONSUME_CHECK_CONSUMER) timestamp=1681 ms, used_size=6852608 bytes (16.7%)
(RDMA_READ_CONSUME_CHECK_CONSUMER) timestamp=1681 ms, used_size=6850560 bytes (16.7%)
(RDMA_READ_CONSUME_CHECK_CONSUMER) timestamp=1681 ms, used_size=6848512 bytes (16.7%)
(RDMA_READ_CONSUME_CHECK_CONSUMER) timestamp=1681 ms, used_size=6846464 bytes (16.7%)
(RDMA_READ_CONSUME_CHECK_CONSUMER) timestamp=1681 ms, used_size=6844416 bytes (16.7%)
(RDMA_READ_CONSUME_CHECK_CONSUMER) timestamp=1681 ms, used_size=6842368 bytes (16.7%)
(RDMA_READ_CONSUME_CHECK_CONSUMER) timestamp=1681 ms, used_size=6840320 bytes (16.7%)
(RDMA_READ_CONSUME_CHECK_CONSUMER) timestamp=1681 ms, used_size=6838272 bytes (16.7%)
(RDMA_READ_CONSUME_CHECK_CONSUMER) timestamp=1681 ms, used_size=6836224 bytes (16.7%)
(RDMA_READ_CONSUME_CHECK_CONSUMER) timestamp=1681 ms, used_size=6834176 bytes (16.7%)
(RDMA_READ_CONSUME_CHECK_CONSUMER) timestamp=1681 ms, used_size=6832128 bytes (16.7%)
(RDMA_READ_CONSUME_CHECK_CONSUMER) timestamp=1681 ms, used_size=6830080 bytes (16.7%)
(RDMA_READ_CONSUME_CHECK_CONSUMER) timestamp=1681 ms, used_size=6828032 bytes (16.7%)
(RDMA_READ_CONSUME_CHECK_CONSUMER) timestamp=1681 ms, used_size=6825984 bytes (16.7%)
(RDMA_READ_CONSUME_CHECK_CONSUMER) timestamp=1681 ms, used_size=6823936 bytes (16.7%)
(RDMA_READ_CONSUME_CHECK_CONSUMER) timestamp=1682 ms, used_size=6821888 bytes (16.7%)
(RDMA_READ_CONSUME_CHECK_CONSUMER) timestamp=1682 ms, used_size=6819840 bytes (16.6%)
(RDMA_READ_CONSUME_CHECK_CONSUMER) timestamp=1682 ms, used_size=6817792 bytes (16.6%)
(RDMA_READ_CONSUME_CHECK_CONSUMER) timestamp=1682 ms, used_size=6815744 bytes (16.6%)
(RDMA_READ_CONSUME_CHECK_CONSUMER) timestamp=1682 ms, used_size=6813696 bytes (16.6%)
(RDMA_READ_CONSUME_CHECK_CONSUMER) timestamp=1682 ms, used_size=6811648 bytes (16.6%)
(RDMA_READ_CONSUME_CHECK_CONSUMER) timestamp=1682 ms, used_size=6809600 bytes (16.6%)
(RDMA_READ_CONSUME_CHECK_CONSUMER) timestamp=1682 ms, used_size=6807552 bytes (16.6%)
(RDMA_READ_CONSUME_CHECK_CONSUMER) timestamp=1682 ms, used_size=6805504 bytes (16.6%)
(RDMA_READ_CONSUME_CHECK_CONSUMER) timestamp=1682 ms, used_size=6803456 bytes (16.6%)
(RDMA_READ_CONSUME_CHECK_CONSUMER) timestamp=1682 ms, used_size=6801408 bytes (16.6%)
(RDMA_READ_CONSUME_CHECK_CONSUMER) timestamp=1682 ms, used_size=6799360 bytes (16.6%)
(RDMA_READ_CONSUME_CHECK_CONSUMER) timestamp=1682 ms, used_size=6797312 bytes (16.6%)
(RDMA_READ_CONSUME_CHECK_CONSUMER) timestamp=1682 ms, used_size=6795264 bytes (16.6%)
(RDMA_READ_CONSUME_CHECK_CONSUMER) timestamp=1682 ms, used_size=6793216 bytes (16.6%)
(RDMA_READ_CONSUME_CHECK_CONSUMER) timestamp=1682 ms, used_size=6791168 bytes (16.6%)
(RDMA_READ_CONSUME_CHECK_CONSUMER) timestamp=1682 ms, used_size=6789120 bytes (16.6%)
(RDMA_READ_CONSUME_CHECK_CONSUMER) timestamp=1682 ms, used_size=6787072 bytes (16.6%)
(RDMA_READ_CONSUME_CHECK_CONSUMER) timestamp=1682 ms, used_size=6785024 bytes (16.6%)
(RDMA_READ_CONSUME_CHECK_CONSUMER) timestamp=1682 ms, used_size=6782976 bytes (16.6%)
(RDMA_READ_CONSUME_CHECK_CONSUMER) timestamp=1682 ms, used_size=6780928 bytes (16.6%)
(RDMA_READ_CONSUME_CHECK_CONSUMER) timestamp=1682 ms, used_size=6778880 bytes (16.6%)
(RDMA_READ_CONSUME_CHECK_CONSUMER) timestamp=1682 ms, used_size=6776832 bytes (16.5%)
(RDMA_READ_CONSUME_CHECK_CONSUMER) timestamp=1682 ms, used_size=6774784 bytes (16.5%)
(RDMA_READ_CONSUME_CHECK_CONSUMER) timestamp=1682 ms, used_size=6772736 bytes (16.5%)
(RDMA_READ_CONSUME_CHECK_CONSUMER) timestamp=1682 ms, used_size=6770688 bytes (16.5%)
(RDMA_READ_CONSUME_CHECK_CONSUMER) timestamp=1682 ms, used_size=6768640 bytes (16.5%)
(RDMA_READ_CONSUME_CHECK_CONSUMER) timestamp=1682 ms, used_size=6766592 bytes (16.5%)
(RDMA_READ_CONSUME_CHECK_CONSUMER) timestamp=1682 ms, used_size=6764544 bytes (16.5%)
(RDMA_READ_CONSUME_CHECK_CONSUMER) timestamp=1682 ms, used_size=6762496 bytes (16.5%)
(RDMA_READ_CONSUME_CHECK_CONSUMER) timestamp=1682 ms, used_size=6760448 bytes (16.5%)
(RDMA_READ_CONSUME_CHECK_CONSUMER) timestamp=1682 ms, used_size=6758400 bytes (16.5%)
(RDMA_READ_CONSUME_CHECK_CONSUMER) timestamp=1682 ms, used_size=6756352 bytes (16.5%)
(RDMA_READ_CONSUME_CHECK_CONSUMER) timestamp=1682 ms, used_size=6754304 bytes (16.5%)
(RDMA_READ_CONSUME_CHECK_CONSUMER) timestamp=1682 ms, used_size=6752256 bytes (16.5%)
(RDMA_READ_CONSUME_CHECK_CONSUMER) timestamp=1682 ms, used_size=6750208 bytes (16.5%)
(RDMA_READ_CONSUME_CHECK_CONSUMER) timestamp=1682 ms, used_size=6748160 bytes (16.5%)
(RDMA_READ_CONSUME_CHECK_CONSUMER) timestamp=1682 ms, used_size=6746112 bytes (16.5%)
(RDMA_READ_CONSUME_CHECK_CONSUMER) timestamp=1682 ms, used_size=6744064 bytes (16.5%)
(RDMA_READ_CONSUME_CHECK_CONSUMER) timestamp=1682 ms, used_size=6742016 bytes (16.5%)
(RDMA_READ_CONSUME_CHECK_CONSUMER) timestamp=1682 ms, used_size=6739968 bytes (16.5%)
(RDMA_READ_CONSUME_CHECK_CONSUMER) timestamp=1682 ms, used_size=6737920 bytes (16.4%)
(RDMA_READ_CONSUME_CHECK_CONSUMER) timestamp=1682 ms, used_size=6735872 bytes (16.4%)
(RDMA_READ_CONSUME_CHECK_CONSUMER) timestamp=1682 ms, used_size=6733824 bytes (16.4%)
(RDMA_READ_CONSUME_CHECK_CONSUMER) timestamp=1682 ms, used_size=6731776 bytes (16.4%)
(RDMA_READ_CONSUME_CHECK_CONSUMER) timestamp=1682 ms, used_size=6729728 bytes (16.4%)
(RDMA_READ_CONSUME_CHECK_CONSUMER) timestamp=1682 ms, used_size=6727680 bytes (16.4%)
(RDMA_READ_CONSUME_CHECK_CONSUMER) timestamp=1682 ms, used_size=6725632 bytes (16.4%)
(RDMA_READ_CONSUME_CHECK_CONSUMER) timestamp=1682 ms, used_size=6723584 bytes (16.4%)
(RDMA_READ_CONSUME_CHECK_CONSUMER) timestamp=1682 ms, used_size=6721536 bytes (16.4%)
(RDMA_READ_CONSUME_CHECK_CONSUMER) timestamp=1682 ms, used_size=6719488 bytes (16.4%)
(RDMA_READ_CONSUME_CHECK_CONSUMER) timestamp=1682 ms, used_size=6717440 bytes (16.4%)
(RDMA_READ_CONSUME_CHECK_CONSUMER) timestamp=1682 ms, used_size=6715392 bytes (16.4%)
(RDMA_READ_CONSUME_CHECK_CONSUMER) timestamp=1682 ms, used_size=6713344 bytes (16.4%)
(RDMA_READ_CONSUME_CHECK_CONSUMER) timestamp=1682 ms, used_size=6711296 bytes (16.4%)
(RDMA_READ_CONSUME_CHECK_CONSUMER) timestamp=1682 ms, used_size=6709248 bytes (16.4%)
(RDMA_READ_CONSUME_CHECK_CONSUMER) timestamp=1682 ms, used_size=6707200 bytes (16.4%)
(RDMA_READ_CONSUME_CHECK_CONSUMER) timestamp=1682 ms, used_size=6705152 bytes (16.4%)
(RDMA_READ_CONSUME_CHECK_CONSUMER) timestamp=1682 ms, used_size=6703104 bytes (16.4%)
(RDMA_READ_CONSUME_CHECK_CONSUMER) timestamp=1682 ms, used_size=6701056 bytes (16.4%)
(RDMA_READ_CONSUME_CHECK_CONSUMER) timestamp=1682 ms, used_size=6699008 bytes (16.4%)
(RDMA_READ_CONSUME_CHECK_CONSUMER) timestamp=1682 ms, used_size=6696960 bytes (16.4%)
(RDMA_READ_CONSUME_CHECK_CONSUMER) timestamp=1682 ms, used_size=6694912 bytes (16.3%)
(RDMA_READ_CONSUME_CHECK_CONSUMER) timestamp=1682 ms, used_size=6692864 bytes (16.3%)
(RDMA_READ_CONSUME_CHECK_CONSUMER) timestamp=1682 ms, used_size=6690816 bytes (16.3%)
(RDMA_READ_CONSUME_CHECK_CONSUMER) timestamp=1682 ms, used_size=6688768 bytes (16.3%)
(RDMA_READ_CONSUME_CHECK_CONSUMER) timestamp=1682 ms, used_size=6686720 bytes (16.3%)
(RDMA_READ_CONSUME_CHECK_CONSUMER) timestamp=1682 ms, used_size=6684672 bytes (16.3%)
(RDMA_READ_CONSUME_CHECK_CONSUMER) timestamp=1682 ms, used_size=6682624 bytes (16.3%)
(RDMA_READ_CONSUME_CHECK_CONSUMER) timestamp=1682 ms, used_size=6680576 bytes (16.3%)
(RDMA_READ_CONSUME_CHECK_CONSUMER) timestamp=1682 ms, used_size=6678528 bytes (16.3%)
(RDMA_READ_CONSUME_CHECK_CONSUMER) timestamp=1682 ms, used_size=6676480 bytes (16.3%)
(RDMA_READ_CONSUME_CHECK_CONSUMER) timestamp=1682 ms, used_size=6674432 bytes (16.3%)
(RDMA_READ_CONSUME_CHECK_CONSUMER) timestamp=1682 ms, used_size=6672384 bytes (16.3%)
(RDMA_READ_CONSUME_CHECK_CONSUMER) timestamp=1682 ms, used_size=6670336 bytes (16.3%)
(RDMA_READ_CONSUME_CHECK_CONSUMER) timestamp=1682 ms, used_size=6668288 bytes (16.3%)
(RDMA_READ_CONSUME_CHECK_CONSUMER) timestamp=1682 ms, used_size=6666240 bytes (16.3%)
(RDMA_READ_CONSUME_CHECK_CONSUMER) timestamp=1682 ms, used_size=6664192 bytes (16.3%)
(RDMA_READ_CONSUME_CHECK_CONSUMER) timestamp=1682 ms, used_size=6662144 bytes (16.3%)
(RDMA_READ_CONSUME_CHECK_CONSUMER) timestamp=1682 ms, used_size=6660096 bytes (16.3%)
(RDMA_READ_CONSUME_CHECK_CONSUMER) timestamp=1682 ms, used_size=6658048 bytes (16.3%)
(RDMA_READ_CONSUME_CHECK_CONSUMER) timestamp=1682 ms, used_size=6656000 bytes (16.2%)
(RDMA_READ_CONSUME_CHECK_CONSUMER) timestamp=1682 ms, used_size=6653952 bytes (16.2%)
(RDMA_READ_CONSUME_CHECK_CONSUMER) timestamp=1682 ms, used_size=6651904 bytes (16.2%)
(RDMA_READ_CONSUME_CHECK_CONSUMER) timestamp=1682 ms, used_size=6649856 bytes (16.2%)
(RDMA_READ_CONSUME_CHECK_CONSUMER) timestamp=1682 ms, used_size=6647808 bytes (16.2%)
(RDMA_READ_CONSUME_CHECK_CONSUMER) timestamp=1682 ms, used_size=6645760 bytes (16.2%)
(RDMA_READ_CONSUME_CHECK_CONSUMER) timestamp=1682 ms, used_size=6643712 bytes (16.2%)
(RDMA_READ_CONSUME_CHECK_CONSUMER) timestamp=1682 ms, used_size=6641664 bytes (16.2%)
(RDMA_READ_CONSUME_CHECK_CONSUMER) timestamp=1682 ms, used_size=6639616 bytes (16.2%)
(RDMA_READ_CONSUME_CHECK_CONSUMER) timestamp=1682 ms, used_size=6637568 bytes (16.2%)
(RDMA_READ_CONSUME_CHECK_CONSUMER) timestamp=1682 ms, used_size=6635520 bytes (16.2%)
(RDMA_READ_CONSUME_CHECK_CONSUMER) timestamp=1682 ms, used_size=6633472 bytes (16.2%)
(RDMA_READ_CONSUME_CHECK_CONSUMER) timestamp=1682 ms, used_size=6631424 bytes (16.2%)
(RDMA_READ_CONSUME_CHECK_CONSUMER) timestamp=1682 ms, used_size=6629376 bytes (16.2%)
(RDMA_READ_CONSUME_CHECK_CONSUMER) timestamp=1682 ms, used_size=6627328 bytes (16.2%)
(RDMA_READ_CONSUME_CHECK_CONSUMER) timestamp=1682 ms, used_size=6625280 bytes (16.2%)
(RDMA_READ_CONSUME_CHECK_CONSUMER) timestamp=1682 ms, used_size=6623232 bytes (16.2%)
(RDMA_READ_CONSUME_CHECK_CONSUMER) timestamp=1682 ms, used_size=6621184 bytes (16.2%)
(RDMA_READ_CONSUME_CHECK_CONSUMER) timestamp=1682 ms, used_size=6619136 bytes (16.2%)
(RDMA_READ_CONSUME_CHECK_CONSUMER) timestamp=1682 ms, used_size=6617088 bytes (16.2%)
(RDMA_READ_CONSUME_CHECK_CONSUMER) timestamp=1682 ms, used_size=6615040 bytes (16.1%)
(RDMA_READ_CONSUME_CHECK_CONSUMER) timestamp=1682 ms, used_size=6612992 bytes (16.1%)
(RDMA_READ_CONSUME_CHECK_CONSUMER) timestamp=1682 ms, used_size=6610944 bytes (16.1%)
(RDMA_READ_CONSUME_CHECK_CONSUMER) timestamp=1682 ms, used_size=6608896 bytes (16.1%)
(RDMA_READ_CONSUME_CHECK_CONSUMER) timestamp=1682 ms, used_size=6606848 bytes (16.1%)
(RDMA_READ_CONSUME_CHECK_CONSUMER) timestamp=1682 ms, used_size=6604800 bytes (16.1%)
(RDMA_READ_CONSUME_CHECK_CONSUMER) timestamp=1682 ms, used_size=6602752 bytes (16.1%)
(RDMA_READ_CONSUME_CHECK_CONSUMER) timestamp=1682 ms, used_size=6600704 bytes (16.1%)
(RDMA_READ_CONSUME_CHECK_CONSUMER) timestamp=1682 ms, used_size=6598656 bytes (16.1%)
(RDMA_READ_CONSUME_CHECK_CONSUMER) timestamp=1682 ms, used_size=6596608 bytes (16.1%)
(RDMA_READ_CONSUME_CHECK_CONSUMER) timestamp=1682 ms, used_size=6594560 bytes (16.1%)
(RDMA_READ_CONSUME_CHECK_CONSUMER) timestamp=1682 ms, used_size=6592512 bytes (16.1%)
(RDMA_READ_CONSUME_CHECK_CONSUMER) timestamp=1682 ms, used_size=6590464 bytes (16.1%)
(RDMA_READ_CONSUME_CHECK_CONSUMER) timestamp=1682 ms, used_size=6588416 bytes (16.1%)
(RDMA_READ_CONSUME_CHECK_CONSUMER) timestamp=1682 ms, used_size=6586368 bytes (16.1%)
(RDMA_READ_CONSUME_CHECK_CONSUMER) timestamp=1682 ms, used_size=6584320 bytes (16.1%)
(RDMA_READ_CONSUME_CHECK_CONSUMER) timestamp=1682 ms, used_size=6582272 bytes (16.1%)
(RDMA_READ_CONSUME_CHECK_CONSUMER) timestamp=1682 ms, used_size=6580224 bytes (16.1%)
(RDMA_READ_CONSUME_CHECK_CONSUMER) timestamp=1682 ms, used_size=6578176 bytes (16.1%)
(RDMA_READ_CONSUME_CHECK_CONSUMER) timestamp=1682 ms, used_size=6576128 bytes (16.1%)
(RDMA_READ_CONSUME_CHECK_CONSUMER) timestamp=1682 ms, used_size=6574080 bytes (16.1%)
(RDMA_READ_CONSUME_CHECK_CONSUMER) timestamp=1682 ms, used_size=6572032 bytes (16.0%)
(RDMA_READ_CONSUME_CHECK_CONSUMER) timestamp=1682 ms, used_size=6569984 bytes (16.0%)
(RDMA_READ_CONSUME_CHECK_CONSUMER) timestamp=1682 ms, used_size=6567936 bytes (16.0%)
(RDMA_READ_CONSUME_CHECK_CONSUMER) timestamp=1682 ms, used_size=6565888 bytes (16.0%)
(RDMA_READ_CONSUME_CHECK_CONSUMER) timestamp=1682 ms, used_size=6563840 bytes (16.0%)
(RDMA_READ_CONSUME_CHECK_CONSUMER) timestamp=1682 ms, used_size=6561792 bytes (16.0%)
(RDMA_READ_CONSUME_CHECK_CONSUMER) timestamp=1682 ms, used_size=6559744 bytes (16.0%)
(RDMA_READ_CONSUME_CHECK_CONSUMER) timestamp=1682 ms, used_size=6557696 bytes (16.0%)
(RDMA_READ_CONSUME_CHECK_CONSUMER) timestamp=1682 ms, used_size=6555648 bytes (16.0%)
(RDMA_READ_CONSUME_CHECK_CONSUMER) timestamp=1682 ms, used_size=6553600 bytes (16.0%)
(RDMA_READ_CONSUME_CHECK_CONSUMER) timestamp=1682 ms, used_size=6551552 bytes (16.0%)
(RDMA_READ_CONSUME_CHECK_CONSUMER) timestamp=1682 ms, used_size=6549504 bytes (16.0%)
(RDMA_READ_CONSUME_CHECK_CONSUMER) timestamp=1682 ms, used_size=6547456 bytes (16.0%)
(RDMA_READ_CONSUME_CHECK_CONSUMER) timestamp=1682 ms, used_size=6545408 bytes (16.0%)
(RDMA_READ_CONSUME_CHECK_CONSUMER) timestamp=1682 ms, used_size=6543360 bytes (16.0%)
(RDMA_READ_CONSUME_CHECK_CONSUMER) timestamp=1682 ms, used_size=6541312 bytes (16.0%)
(RDMA_READ_CONSUME_CHECK_CONSUMER) timestamp=1682 ms, used_size=6539264 bytes (16.0%)
(RDMA_READ_CONSUME_CHECK_CONSUMER) timestamp=1682 ms, used_size=6537216 bytes (16.0%)
(RDMA_READ_CONSUME_CHECK_CONSUMER) timestamp=1682 ms, used_size=6535168 bytes (16.0%)
(RDMA_READ_CONSUME_CHECK_CONSUMER) timestamp=1682 ms, used_size=6533120 bytes (15.9%)
(RDMA_READ_CONSUME_CHECK_CONSUMER) timestamp=1682 ms, used_size=6531072 bytes (15.9%)
(RDMA_READ_CONSUME_CHECK_CONSUMER) timestamp=1682 ms, used_size=6529024 bytes (15.9%)
(RDMA_READ_CONSUME_CHECK_CONSUMER) timestamp=1682 ms, used_size=6526976 bytes (15.9%)
(RDMA_READ_CONSUME_CHECK_CONSUMER) timestamp=1682 ms, used_size=6524928 bytes (15.9%)
(RDMA_READ_CONSUME_CHECK_CONSUMER) timestamp=1682 ms, used_size=6522880 bytes (15.9%)
(RDMA_READ_CONSUME_CHECK_CONSUMER) timestamp=1682 ms, used_size=6520832 bytes (15.9%)
(RDMA_READ_CONSUME_CHECK_CONSUMER) timestamp=1682 ms, used_size=6518784 bytes (15.9%)
(RDMA_READ_CONSUME_CHECK_CONSUMER) timestamp=1682 ms, used_size=6516736 bytes (15.9%)
(RDMA_READ_CONSUME_CHECK_CONSUMER) timestamp=1682 ms, used_size=6514688 bytes (15.9%)
(RDMA_READ_CONSUME_CHECK_CONSUMER) timestamp=1682 ms, used_size=6512640 bytes (15.9%)
(RDMA_READ_CONSUME_CHECK_CONSUMER) timestamp=1682 ms, used_size=6510592 bytes (15.9%)
(RDMA_READ_CONSUME_CHECK_CONSUMER) timestamp=1682 ms, used_size=6508544 bytes (15.9%)
(RDMA_READ_CONSUME_CHECK_CONSUMER) timestamp=1682 ms, used_size=6506496 bytes (15.9%)
(RDMA_READ_CONSUME_CHECK_CONSUMER) timestamp=1682 ms, used_size=6504448 bytes (15.9%)
(RDMA_READ_CONSUME_CHECK_CONSUMER) timestamp=1682 ms, used_size=6502400 bytes (15.9%)
(RDMA_READ_CONSUME_CHECK_CONSUMER) timestamp=1682 ms, used_size=6500352 bytes (15.9%)
(RDMA_READ_CONSUME_CHECK_CONSUMER) timestamp=1682 ms, used_size=6498304 bytes (15.9%)
(RDMA_READ_CONSUME_CHECK_CONSUMER) timestamp=1682 ms, used_size=6496256 bytes (15.9%)
(RDMA_READ_CONSUME_CHECK_CONSUMER) timestamp=1682 ms, used_size=6494208 bytes (15.9%)
(RDMA_READ_CONSUME_CHECK_CONSUMER) timestamp=1682 ms, used_size=6492160 bytes (15.8%)
(RDMA_READ_CONSUME_CHECK_CONSUMER) timestamp=1682 ms, used_size=6490112 bytes (15.8%)
(RDMA_READ_CONSUME_CHECK_CONSUMER) timestamp=1682 ms, used_size=6488064 bytes (15.8%)
(RDMA_READ_CONSUME_CHECK_CONSUMER) timestamp=1682 ms, used_size=6486016 bytes (15.8%)
(RDMA_READ_CONSUME_CHECK_CONSUMER) timestamp=1682 ms, used_size=6483968 bytes (15.8%)
(RDMA_READ_CONSUME_CHECK_CONSUMER) timestamp=1682 ms, used_size=6481920 bytes (15.8%)
(RDMA_READ_CONSUME_CHECK_CONSUMER) timestamp=1682 ms, used_size=6479872 bytes (15.8%)
(RDMA_READ_CONSUME_CHECK_CONSUMER) timestamp=1682 ms, used_size=6477824 bytes (15.8%)
(RDMA_READ_CONSUME_CHECK_CONSUMER) timestamp=1682 ms, used_size=6475776 bytes (15.8%)
(RDMA_READ_CONSUME_CHECK_CONSUMER) timestamp=1682 ms, used_size=6473728 bytes (15.8%)
(RDMA_READ_CONSUME_CHECK_CONSUMER) timestamp=1682 ms, used_size=6471680 bytes (15.8%)
(RDMA_READ_CONSUME_CHECK_CONSUMER) timestamp=1682 ms, used_size=6469632 bytes (15.8%)
(RDMA_READ_CONSUME_CHECK_CONSUMER) timestamp=1682 ms, used_size=6467584 bytes (15.8%)
(RDMA_READ_CONSUME_CHECK_CONSUMER) timestamp=1682 ms, used_size=6465536 bytes (15.8%)
(RDMA_READ_CONSUME_CHECK_CONSUMER) timestamp=1682 ms, used_size=6463488 bytes (15.8%)
(RDMA_READ_CONSUME_CHECK_CONSUMER) timestamp=1682 ms, used_size=6461440 bytes (15.8%)
(RDMA_READ_CONSUME_CHECK_CONSUMER) timestamp=1682 ms, used_size=6459392 bytes (15.8%)
(RDMA_READ_CONSUME_CHECK_CONSUMER) timestamp=1682 ms, used_size=6457344 bytes (15.8%)
(RDMA_READ_CONSUME_CHECK_CONSUMER) timestamp=1682 ms, used_size=6455296 bytes (15.8%)
(RDMA_READ_CONSUME_CHECK_CONSUMER) timestamp=1683 ms, used_size=6453248 bytes (15.8%)
(RDMA_READ_CONSUME_CHECK_CONSUMER) timestamp=1683 ms, used_size=6451200 bytes (15.8%)
(RDMA_READ_CONSUME_CHECK_CONSUMER) timestamp=1683 ms, used_size=6449152 bytes (15.7%)
(RDMA_READ_CONSUME_CHECK_CONSUMER) timestamp=1683 ms, used_size=6447104 bytes (15.7%)
(RDMA_READ_CONSUME_CHECK_CONSUMER) timestamp=1683 ms, used_size=6445056 bytes (15.7%)
(RDMA_READ_CONSUME_CHECK_CONSUMER) timestamp=1683 ms, used_size=6443008 bytes (15.7%)
(RDMA_READ_CONSUME_CHECK_CONSUMER) timestamp=1683 ms, used_size=6440960 bytes (15.7%)
(RDMA_READ_CONSUME_CHECK_CONSUMER) timestamp=1683 ms, used_size=6438912 bytes (15.7%)
(RDMA_READ_CONSUME_CHECK_CONSUMER) timestamp=1683 ms, used_size=6436864 bytes (15.7%)
(RDMA_READ_CONSUME_CHECK_CONSUMER) timestamp=1683 ms, used_size=6434816 bytes (15.7%)
(RDMA_READ_CONSUME_CHECK_CONSUMER) timestamp=1683 ms, used_size=6432768 bytes (15.7%)
(RDMA_READ_CONSUME_CHECK_CONSUMER) timestamp=1683 ms, used_size=6430720 bytes (15.7%)
(RDMA_READ_CONSUME_CHECK_CONSUMER) timestamp=1683 ms, used_size=6428672 bytes (15.7%)
(RDMA_READ_CONSUME_CHECK_CONSUMER) timestamp=1683 ms, used_size=6426624 bytes (15.7%)
(RDMA_READ_CONSUME_CHECK_CONSUMER) timestamp=1683 ms, used_size=6424576 bytes (15.7%)
(RDMA_READ_CONSUME_CHECK_CONSUMER) timestamp=1683 ms, used_size=6422528 bytes (15.7%)
(RDMA_READ_CONSUME_CHECK_CONSUMER) timestamp=1683 ms, used_size=6420480 bytes (15.7%)
(RDMA_READ_CONSUME_CHECK_CONSUMER) timestamp=1683 ms, used_size=6418432 bytes (15.7%)
(RDMA_READ_CONSUME_CHECK_CONSUMER) timestamp=1683 ms, used_size=6416384 bytes (15.7%)
(RDMA_READ_CONSUME_CHECK_CONSUMER) timestamp=1683 ms, used_size=6414336 bytes (15.7%)
(RDMA_READ_CONSUME_CHECK_CONSUMER) timestamp=1683 ms, used_size=6412288 bytes (15.7%)
(RDMA_READ_CONSUME_CHECK_CONSUMER) timestamp=1683 ms, used_size=6410240 bytes (15.7%)
(RDMA_READ_CONSUME_CHECK_CONSUMER) timestamp=1683 ms, used_size=6408192 bytes (15.6%)
(RDMA_READ_CONSUME_CHECK_CONSUMER) timestamp=1683 ms, used_size=6406144 bytes (15.6%)
(RDMA_READ_CONSUME_CHECK_CONSUMER) timestamp=1683 ms, used_size=6404096 bytes (15.6%)
(RDMA_READ_CONSUME_CHECK_CONSUMER) timestamp=1683 ms, used_size=6402048 bytes (15.6%)
(RDMA_READ_CONSUME_CHECK_CONSUMER) timestamp=1683 ms, used_size=6400000 bytes (15.6%)
(RDMA_READ_CONSUME_CHECK_CONSUMER) timestamp=1683 ms, used_size=6397952 bytes (15.6%)
(RDMA_READ_CONSUME_CHECK_CONSUMER) timestamp=1683 ms, used_size=6395904 bytes (15.6%)
(RDMA_READ_CONSUME_CHECK_CONSUMER) timestamp=1683 ms, used_size=6393856 bytes (15.6%)
(RDMA_READ_CONSUME_CHECK_CONSUMER) timestamp=1683 ms, used_size=6391808 bytes (15.6%)
(RDMA_READ_CONSUME_CHECK_CONSUMER) timestamp=1683 ms, used_size=6389760 bytes (15.6%)
(RDMA_READ_CONSUME_CHECK_CONSUMER) timestamp=1683 ms, used_size=6387712 bytes (15.6%)
(RDMA_READ_CONSUME_CHECK_CONSUMER) timestamp=1683 ms, used_size=6385664 bytes (15.6%)
(RDMA_READ_CONSUME_CHECK_CONSUMER) timestamp=1683 ms, used_size=6383616 bytes (15.6%)
(RDMA_READ_CONSUME_CHECK_CONSUMER) timestamp=1683 ms, used_size=6381568 bytes (15.6%)
(RDMA_READ_CONSUME_CHECK_CONSUMER) timestamp=1683 ms, used_size=6379520 bytes (15.6%)
(RDMA_READ_CONSUME_CHECK_CONSUMER) timestamp=1683 ms, used_size=6377472 bytes (15.6%)
(RDMA_READ_CONSUME_CHECK_CONSUMER) timestamp=1683 ms, used_size=6375424 bytes (15.6%)
(RDMA_READ_CONSUME_CHECK_CONSUMER) timestamp=1683 ms, used_size=6373376 bytes (15.6%)
(RDMA_READ_CONSUME_CHECK_CONSUMER) timestamp=1683 ms, used_size=6371328 bytes (15.6%)
(RDMA_READ_CONSUME_CHECK_CONSUMER) timestamp=1683 ms, used_size=6369280 bytes (15.6%)
(RDMA_READ_CONSUME_CHECK_CONSUMER) timestamp=1683 ms, used_size=6367232 bytes (15.5%)
(RDMA_READ_CONSUME_CHECK_CONSUMER) timestamp=1683 ms, used_size=6365184 bytes (15.5%)
(RDMA_READ_CONSUME_CHECK_CONSUMER) timestamp=1683 ms, used_size=6363136 bytes (15.5%)
(RDMA_READ_CONSUME_CHECK_CONSUMER) timestamp=1683 ms, used_size=6361088 bytes (15.5%)
(RDMA_READ_CONSUME_CHECK_CONSUMER) timestamp=1683 ms, used_size=6359040 bytes (15.5%)
(RDMA_READ_CONSUME_CHECK_CONSUMER) timestamp=1683 ms, used_size=6356992 bytes (15.5%)
(RDMA_READ_CONSUME_CHECK_CONSUMER) timestamp=1683 ms, used_size=6354944 bytes (15.5%)
(RDMA_READ_CONSUME_CHECK_CONSUMER) timestamp=1683 ms, used_size=6352896 bytes (15.5%)
(RDMA_READ_CONSUME_CHECK_CONSUMER) timestamp=1683 ms, used_size=6350848 bytes (15.5%)
(RDMA_READ_CONSUME_CHECK_CONSUMER) timestamp=1683 ms, used_size=6348800 bytes (15.5%)
(RDMA_READ_CONSUME_CHECK_CONSUMER) timestamp=1683 ms, used_size=6346752 bytes (15.5%)
(RDMA_READ_CONSUME_CHECK_CONSUMER) timestamp=1683 ms, used_size=6344704 bytes (15.5%)
(RDMA_READ_CONSUME_CHECK_CONSUMER) timestamp=1683 ms, used_size=6342656 bytes (15.5%)
(RDMA_READ_CONSUME_CHECK_CONSUMER) timestamp=1683 ms, used_size=6340608 bytes (15.5%)
(RDMA_READ_CONSUME_CHECK_CONSUMER) timestamp=1683 ms, used_size=6338560 bytes (15.5%)
(RDMA_READ_CONSUME_CHECK_CONSUMER) timestamp=1683 ms, used_size=6336512 bytes (15.5%)
(RDMA_READ_CONSUME_CHECK_CONSUMER) timestamp=1683 ms, used_size=6334464 bytes (15.5%)
(RDMA_READ_CONSUME_CHECK_CONSUMER) timestamp=1683 ms, used_size=6332416 bytes (15.5%)
(RDMA_READ_CONSUME_CHECK_CONSUMER) timestamp=1683 ms, used_size=6330368 bytes (15.5%)
(RDMA_READ_CONSUME_CHECK_CONSUMER) timestamp=1683 ms, used_size=6328320 bytes (15.4%)
(RDMA_READ_CONSUME_CHECK_CONSUMER) timestamp=1683 ms, used_size=6326272 bytes (15.4%)
(RDMA_READ_CONSUME_CHECK_CONSUMER) timestamp=1683 ms, used_size=6324224 bytes (15.4%)
(RDMA_READ_CONSUME_CHECK_CONSUMER) timestamp=1683 ms, used_size=6322176 bytes (15.4%)
(RDMA_READ_CONSUME_CHECK_CONSUMER) timestamp=1683 ms, used_size=6320128 bytes (15.4%)
(RDMA_READ_CONSUME_CHECK_CONSUMER) timestamp=1683 ms, used_size=6318080 bytes (15.4%)
(RDMA_READ_CONSUME_CHECK_CONSUMER) timestamp=1683 ms, used_size=6316032 bytes (15.4%)
(RDMA_READ_CONSUME_CHECK_CONSUMER) timestamp=1683 ms, used_size=6313984 bytes (15.4%)
(RDMA_READ_CONSUME_CHECK_CONSUMER) timestamp=1683 ms, used_size=6311936 bytes (15.4%)
(RDMA_READ_CONSUME_CHECK_CONSUMER) timestamp=1683 ms, used_size=6309888 bytes (15.4%)
(RDMA_READ_CONSUME_CHECK_CONSUMER) timestamp=1683 ms, used_size=6307840 bytes (15.4%)
(RDMA_READ_CONSUME_CHECK_CONSUMER) timestamp=1683 ms, used_size=6305792 bytes (15.4%)
(RDMA_READ_CONSUME_CHECK_CONSUMER) timestamp=1683 ms, used_size=6303744 bytes (15.4%)
(RDMA_READ_CONSUME_CHECK_CONSUMER) timestamp=1683 ms, used_size=6301696 bytes (15.4%)
(RDMA_READ_CONSUME_CHECK_CONSUMER) timestamp=1683 ms, used_size=6299648 bytes (15.4%)
(RDMA_READ_CONSUME_CHECK_CONSUMER) timestamp=1683 ms, used_size=6297600 bytes (15.4%)
(RDMA_READ_CONSUME_CHECK_CONSUMER) timestamp=1683 ms, used_size=6295552 bytes (15.4%)
(RDMA_READ_CONSUME_CHECK_CONSUMER) timestamp=1683 ms, used_size=6293504 bytes (15.4%)
(RDMA_READ_CONSUME_CHECK_CONSUMER) timestamp=1683 ms, used_size=6291456 bytes (15.4%)
(RDMA_READ_CONSUME_CHECK_CONSUMER) timestamp=1683 ms, used_size=6289408 bytes (15.4%)
(RDMA_READ_CONSUME_CHECK_CONSUMER) timestamp=1683 ms, used_size=6287360 bytes (15.3%)
(RDMA_READ_CONSUME_CHECK_CONSUMER) timestamp=1683 ms, used_size=6285312 bytes (15.3%)
(RDMA_READ_CONSUME_CHECK_CONSUMER) timestamp=1683 ms, used_size=6283264 bytes (15.3%)
(RDMA_READ_CONSUME_CHECK_CONSUMER) timestamp=1683 ms, used_size=6281216 bytes (15.3%)
(RDMA_READ_CONSUME_CHECK_CONSUMER) timestamp=1683 ms, used_size=6279168 bytes (15.3%)
(RDMA_READ_CONSUME_CHECK_CONSUMER) timestamp=1683 ms, used_size=6277120 bytes (15.3%)
(RDMA_READ_CONSUME_CHECK_CONSUMER) timestamp=1683 ms, used_size=6275072 bytes (15.3%)
(RDMA_READ_CONSUME_CHECK_CONSUMER) timestamp=1683 ms, used_size=6273024 bytes (15.3%)
(RDMA_READ_CONSUME_CHECK_CONSUMER) timestamp=1683 ms, used_size=6270976 bytes (15.3%)
(RDMA_READ_CONSUME_CHECK_CONSUMER) timestamp=1683 ms, used_size=6268928 bytes (15.3%)
(RDMA_READ_CONSUME_CHECK_CONSUMER) timestamp=1683 ms, used_size=6266880 bytes (15.3%)
(RDMA_READ_CONSUME_CHECK_CONSUMER) timestamp=1683 ms, used_size=6264832 bytes (15.3%)
(RDMA_READ_CONSUME_CHECK_CONSUMER) timestamp=1683 ms, used_size=6262784 bytes (15.3%)
(RDMA_READ_CONSUME_CHECK_CONSUMER) timestamp=1683 ms, used_size=6260736 bytes (15.3%)
(RDMA_READ_CONSUME_CHECK_CONSUMER) timestamp=1683 ms, used_size=6258688 bytes (15.3%)
(RDMA_READ_CONSUME_CHECK_CONSUMER) timestamp=1683 ms, used_size=6256640 bytes (15.3%)
(RDMA_READ_CONSUME_CHECK_CONSUMER) timestamp=1683 ms, used_size=6254592 bytes (15.3%)
(RDMA_READ_CONSUME_CHECK_CONSUMER) timestamp=1683 ms, used_size=6252544 bytes (15.3%)
(RDMA_READ_CONSUME_CHECK_CONSUMER) timestamp=1683 ms, used_size=6250496 bytes (15.3%)
(RDMA_READ_CONSUME_CHECK_CONSUMER) timestamp=1683 ms, used_size=6248448 bytes (15.3%)
(RDMA_READ_CONSUME_CHECK_CONSUMER) timestamp=1683 ms, used_size=6246400 bytes (15.2%)
(RDMA_READ_CONSUME_CHECK_CONSUMER) timestamp=1683 ms, used_size=6244352 bytes (15.2%)
(RDMA_READ_CONSUME_CHECK_CONSUMER) timestamp=1683 ms, used_size=6242304 bytes (15.2%)
(RDMA_READ_CONSUME_CHECK_CONSUMER) timestamp=1683 ms, used_size=6240256 bytes (15.2%)
(RDMA_READ_CONSUME_CHECK_CONSUMER) timestamp=1683 ms, used_size=6238208 bytes (15.2%)
(RDMA_READ_CONSUME_CHECK_CONSUMER) timestamp=1683 ms, used_size=6236160 bytes (15.2%)
(RDMA_READ_CONSUME_CHECK_CONSUMER) timestamp=1683 ms, used_size=6234112 bytes (15.2%)
(RDMA_READ_CONSUME_CHECK_CONSUMER) timestamp=1683 ms, used_size=6232064 bytes (15.2%)
(RDMA_READ_CONSUME_CHECK_CONSUMER) timestamp=1683 ms, used_size=6230016 bytes (15.2%)
(RDMA_READ_CONSUME_CHECK_CONSUMER) timestamp=1683 ms, used_size=6227968 bytes (15.2%)
(RDMA_READ_CONSUME_CHECK_CONSUMER) timestamp=1683 ms, used_size=6225920 bytes (15.2%)
(RDMA_READ_CONSUME_CHECK_CONSUMER) timestamp=1683 ms, used_size=6223872 bytes (15.2%)
(RDMA_READ_CONSUME_CHECK_CONSUMER) timestamp=1683 ms, used_size=6221824 bytes (15.2%)
(RDMA_READ_CONSUME_CHECK_CONSUMER) timestamp=1683 ms, used_size=6219776 bytes (15.2%)
(RDMA_READ_CONSUME_CHECK_CONSUMER) timestamp=1683 ms, used_size=6217728 bytes (15.2%)
(RDMA_READ_CONSUME_CHECK_CONSUMER) timestamp=1683 ms, used_size=6215680 bytes (15.2%)
(RDMA_READ_CONSUME_CHECK_CONSUMER) timestamp=1683 ms, used_size=6213632 bytes (15.2%)
(RDMA_READ_CONSUME_CHECK_CONSUMER) timestamp=1683 ms, used_size=6211584 bytes (15.2%)
(RDMA_READ_CONSUME_CHECK_CONSUMER) timestamp=1683 ms, used_size=6209536 bytes (15.2%)
(RDMA_READ_CONSUME_CHECK_CONSUMER) timestamp=1683 ms, used_size=6207488 bytes (15.2%)
(RDMA_READ_CONSUME_CHECK_CONSUMER) timestamp=1683 ms, used_size=6205440 bytes (15.2%)
(RDMA_READ_CONSUME_CHECK_CONSUMER) timestamp=1683 ms, used_size=6203392 bytes (15.1%)
(RDMA_READ_CONSUME_CHECK_CONSUMER) timestamp=1683 ms, used_size=6201344 bytes (15.1%)
(RDMA_READ_CONSUME_CHECK_CONSUMER) timestamp=1683 ms, used_size=6199296 bytes (15.1%)
(RDMA_READ_CONSUME_CHECK_CONSUMER) timestamp=1683 ms, used_size=6197248 bytes (15.1%)
(RDMA_READ_CONSUME_CHECK_CONSUMER) timestamp=1683 ms, used_size=6195200 bytes (15.1%)
(RDMA_READ_CONSUME_CHECK_CONSUMER) timestamp=1683 ms, used_size=6193152 bytes (15.1%)
(RDMA_READ_CONSUME_CHECK_CONSUMER) timestamp=1683 ms, used_size=6191104 bytes (15.1%)
(RDMA_READ_CONSUME_CHECK_CONSUMER) timestamp=1683 ms, used_size=6189056 bytes (15.1%)
(RDMA_READ_CONSUME_CHECK_CONSUMER) timestamp=1683 ms, used_size=6187008 bytes (15.1%)
(RDMA_READ_CONSUME_CHECK_CONSUMER) timestamp=1683 ms, used_size=6184960 bytes (15.1%)
(RDMA_READ_CONSUME_CHECK_CONSUMER) timestamp=1683 ms, used_size=6182912 bytes (15.1%)
(RDMA_READ_CONSUME_CHECK_CONSUMER) timestamp=1683 ms, used_size=6180864 bytes (15.1%)
(RDMA_READ_CONSUME_CHECK_CONSUMER) timestamp=1683 ms, used_size=6178816 bytes (15.1%)
(RDMA_READ_CONSUME_CHECK_CONSUMER) timestamp=1683 ms, used_size=6176768 bytes (15.1%)
(RDMA_READ_CONSUME_CHECK_CONSUMER) timestamp=1683 ms, used_size=6174720 bytes (15.1%)
(RDMA_READ_CONSUME_CHECK_CONSUMER) timestamp=1683 ms, used_size=6172672 bytes (15.1%)
(RDMA_READ_CONSUME_CHECK_CONSUMER) timestamp=1683 ms, used_size=6170624 bytes (15.1%)
(RDMA_READ_CONSUME_CHECK_CONSUMER) timestamp=1683 ms, used_size=6168576 bytes (15.1%)
(RDMA_READ_CONSUME_CHECK_CONSUMER) timestamp=1683 ms, used_size=6166528 bytes (15.1%)
(RDMA_READ_CONSUME_CHECK_CONSUMER) timestamp=1683 ms, used_size=6164480 bytes (15.1%)
(RDMA_READ_CONSUME_CHECK_CONSUMER) timestamp=1683 ms, used_size=6162432 bytes (15.0%)
(RDMA_READ_CONSUME_CHECK_CONSUMER) timestamp=1683 ms, used_size=6160384 bytes (15.0%)
(RDMA_READ_CONSUME_CHECK_CONSUMER) timestamp=1683 ms, used_size=6158336 bytes (15.0%)
(RDMA_READ_CONSUME_CHECK_CONSUMER) timestamp=1683 ms, used_size=6156288 bytes (15.0%)
(RDMA_READ_CONSUME_CHECK_CONSUMER) timestamp=1683 ms, used_size=6154240 bytes (15.0%)
(RDMA_READ_CONSUME_CHECK_CONSUMER) timestamp=1683 ms, used_size=6152192 bytes (15.0%)
(RDMA_READ_CONSUME_CHECK_CONSUMER) timestamp=1683 ms, used_size=6150144 bytes (15.0%)
(RDMA_READ_CONSUME_CHECK_CONSUMER) timestamp=1683 ms, used_size=6148096 bytes (15.0%)
(RDMA_READ_CONSUME_CHECK_CONSUMER) timestamp=1683 ms, used_size=6146048 bytes (15.0%)
(RDMA_READ_CONSUME_CHECK_CONSUMER) timestamp=1683 ms, used_size=6144000 bytes (15.0%)
(RDMA_READ_CONSUME_CHECK_CONSUMER) timestamp=1683 ms, used_size=6141952 bytes (15.0%)
(RDMA_READ_CONSUME_CHECK_CONSUMER) timestamp=1683 ms, used_size=6139904 bytes (15.0%)
(RDMA_READ_CONSUME_CHECK_CONSUMER) timestamp=1683 ms, used_size=6137856 bytes (15.0%)
(RDMA_READ_CONSUME_CHECK_CONSUMER) timestamp=1683 ms, used_size=6135808 bytes (15.0%)
(RDMA_READ_CONSUME_CHECK_CONSUMER) timestamp=1683 ms, used_size=6133760 bytes (15.0%)
(RDMA_READ_CONSUME_CHECK_CONSUMER) timestamp=1683 ms, used_size=6131712 bytes (15.0%)
(RDMA_READ_CONSUME_CHECK_CONSUMER) timestamp=1683 ms, used_size=6129664 bytes (15.0%)
(RDMA_READ_CONSUME_CHECK_CONSUMER) timestamp=1683 ms, used_size=6127616 bytes (15.0%)
(RDMA_READ_CONSUME_CHECK_CONSUMER) timestamp=1683 ms, used_size=6125568 bytes (15.0%)
(RDMA_READ_CONSUME_CHECK_CONSUMER) timestamp=1683 ms, used_size=6123520 bytes (14.9%)
(RDMA_READ_CONSUME_CHECK_CONSUMER) timestamp=1683 ms, used_size=6121472 bytes (14.9%)
(RDMA_READ_CONSUME_CHECK_CONSUMER) timestamp=1683 ms, used_size=6119424 bytes (14.9%)
(RDMA_READ_CONSUME_CHECK_CONSUMER) timestamp=1683 ms, used_size=6117376 bytes (14.9%)
(RDMA_READ_CONSUME_CHECK_CONSUMER) timestamp=1683 ms, used_size=6115328 bytes (14.9%)
(RDMA_READ_CONSUME_CHECK_CONSUMER) timestamp=1683 ms, used_size=6113280 bytes (14.9%)
(RDMA_READ_CONSUME_CHECK_CONSUMER) timestamp=1683 ms, used_size=6111232 bytes (14.9%)
(RDMA_READ_CONSUME_CHECK_CONSUMER) timestamp=1683 ms, used_size=6109184 bytes (14.9%)
(RDMA_READ_CONSUME_CHECK_CONSUMER) timestamp=1683 ms, used_size=6107136 bytes (14.9%)
(RDMA_READ_CONSUME_CHECK_CONSUMER) timestamp=1683 ms, used_size=6105088 bytes (14.9%)
(RDMA_READ_CONSUME_CHECK_CONSUMER) timestamp=1683 ms, used_size=6103040 bytes (14.9%)
(RDMA_READ_CONSUME_CHECK_CONSUMER) timestamp=1683 ms, used_size=6100992 bytes (14.9%)
(RDMA_READ_CONSUME_CHECK_CONSUMER) timestamp=1683 ms, used_size=6098944 bytes (14.9%)
(RDMA_READ_CONSUME_CHECK_CONSUMER) timestamp=1683 ms, used_size=6096896 bytes (14.9%)
(RDMA_READ_CONSUME_CHECK_CONSUMER) timestamp=1683 ms, used_size=6094848 bytes (14.9%)
(RDMA_READ_CONSUME_CHECK_CONSUMER) timestamp=1683 ms, used_size=6092800 bytes (14.9%)
(RDMA_READ_CONSUME_CHECK_CONSUMER) timestamp=1683 ms, used_size=6090752 bytes (14.9%)
(RDMA_READ_CONSUME_CHECK_CONSUMER) timestamp=1684 ms, used_size=6088704 bytes (14.9%)
(RDMA_READ_CONSUME_CHECK_CONSUMER) timestamp=1684 ms, used_size=6086656 bytes (14.9%)
(RDMA_READ_CONSUME_CHECK_CONSUMER) timestamp=1684 ms, used_size=6084608 bytes (14.9%)
(RDMA_READ_CONSUME_CHECK_CONSUMER) timestamp=1684 ms, used_size=6082560 bytes (14.8%)
(RDMA_READ_CONSUME_CHECK_CONSUMER) timestamp=1684 ms, used_size=6080512 bytes (14.8%)
(RDMA_READ_CONSUME_CHECK_CONSUMER) timestamp=1684 ms, used_size=6078464 bytes (14.8%)
(RDMA_READ_CONSUME_CHECK_CONSUMER) timestamp=1684 ms, used_size=6076416 bytes (14.8%)
(RDMA_READ_CONSUME_CHECK_CONSUMER) timestamp=1684 ms, used_size=6074368 bytes (14.8%)
(RDMA_READ_CONSUME_CHECK_CONSUMER) timestamp=1684 ms, used_size=6072320 bytes (14.8%)
(RDMA_READ_CONSUME_CHECK_CONSUMER) timestamp=1684 ms, used_size=6070272 bytes (14.8%)
(RDMA_READ_CONSUME_CHECK_CONSUMER) timestamp=1684 ms, used_size=6068224 bytes (14.8%)
(RDMA_READ_CONSUME_CHECK_CONSUMER) timestamp=1684 ms, used_size=6066176 bytes (14.8%)
(RDMA_READ_CONSUME_CHECK_CONSUMER) timestamp=1684 ms, used_size=6064128 bytes (14.8%)
(RDMA_READ_CONSUME_CHECK_CONSUMER) timestamp=1684 ms, used_size=6062080 bytes (14.8%)
(RDMA_READ_CONSUME_CHECK_CONSUMER) timestamp=1684 ms, used_size=6060032 bytes (14.8%)
(RDMA_READ_CONSUME_CHECK_CONSUMER) timestamp=1684 ms, used_size=6057984 bytes (14.8%)
(RDMA_READ_CONSUME_CHECK_CONSUMER) timestamp=1684 ms, used_size=6055936 bytes (14.8%)
(RDMA_READ_CONSUME_CHECK_CONSUMER) timestamp=1684 ms, used_size=6053888 bytes (14.8%)
(RDMA_READ_CONSUME_CHECK_CONSUMER) timestamp=1684 ms, used_size=6051840 bytes (14.8%)
(RDMA_READ_CONSUME_CHECK_CONSUMER) timestamp=1684 ms, used_size=6049792 bytes (14.8%)
(RDMA_READ_CONSUME_CHECK_CONSUMER) timestamp=1684 ms, used_size=6047744 bytes (14.8%)
(RDMA_READ_CONSUME_CHECK_CONSUMER) timestamp=1684 ms, used_size=6045696 bytes (14.8%)
(RDMA_READ_CONSUME_CHECK_CONSUMER) timestamp=1684 ms, used_size=6043648 bytes (14.8%)
(RDMA_READ_CONSUME_CHECK_CONSUMER) timestamp=1684 ms, used_size=6041600 bytes (14.8%)
(RDMA_READ_CONSUME_CHECK_CONSUMER) timestamp=1684 ms, used_size=6039552 bytes (14.7%)
(RDMA_READ_CONSUME_CHECK_CONSUMER) timestamp=1684 ms, used_size=6037504 bytes (14.7%)
(RDMA_READ_CONSUME_CHECK_CONSUMER) timestamp=1684 ms, used_size=6035456 bytes (14.7%)
(RDMA_READ_CONSUME_CHECK_CONSUMER) timestamp=1684 ms, used_size=6033408 bytes (14.7%)
(RDMA_READ_CONSUME_CHECK_CONSUMER) timestamp=1684 ms, used_size=6031360 bytes (14.7%)
(RDMA_READ_CONSUME_CHECK_CONSUMER) timestamp=1684 ms, used_size=6029312 bytes (14.7%)
(RDMA_READ_CONSUME_CHECK_CONSUMER) timestamp=1684 ms, used_size=6027264 bytes (14.7%)
(RDMA_READ_CONSUME_CHECK_CONSUMER) timestamp=1684 ms, used_size=6025216 bytes (14.7%)
(RDMA_READ_CONSUME_CHECK_CONSUMER) timestamp=1684 ms, used_size=6023168 bytes (14.7%)
(RDMA_READ_CONSUME_CHECK_CONSUMER) timestamp=1684 ms, used_size=6021120 bytes (14.7%)
(RDMA_READ_CONSUME_CHECK_CONSUMER) timestamp=1684 ms, used_size=6019072 bytes (14.7%)
(RDMA_READ_CONSUME_CHECK_CONSUMER) timestamp=1684 ms, used_size=6017024 bytes (14.7%)
(RDMA_READ_CONSUME_CHECK_CONSUMER) timestamp=1684 ms, used_size=6014976 bytes (14.7%)
(RDMA_READ_CONSUME_CHECK_CONSUMER) timestamp=1684 ms, used_size=6012928 bytes (14.7%)
(RDMA_READ_CONSUME_CHECK_CONSUMER) timestamp=1684 ms, used_size=6010880 bytes (14.7%)
(RDMA_READ_CONSUME_CHECK_CONSUMER) timestamp=1684 ms, used_size=6008832 bytes (14.7%)
(RDMA_READ_CONSUME_CHECK_CONSUMER) timestamp=1684 ms, used_size=6006784 bytes (14.7%)
(RDMA_READ_CONSUME_CHECK_CONSUMER) timestamp=1684 ms, used_size=6004736 bytes (14.7%)
(RDMA_READ_CONSUME_CHECK_CONSUMER) timestamp=1684 ms, used_size=6002688 bytes (14.7%)
(RDMA_READ_CONSUME_CHECK_CONSUMER) timestamp=1684 ms, used_size=6000640 bytes (14.7%)
(RDMA_READ_CONSUME_CHECK_CONSUMER) timestamp=1684 ms, used_size=5998592 bytes (14.6%)
(RDMA_READ_CONSUME_CHECK_CONSUMER) timestamp=1684 ms, used_size=5996544 bytes (14.6%)
(RDMA_READ_CONSUME_CHECK_CONSUMER) timestamp=1684 ms, used_size=5994496 bytes (14.6%)
(RDMA_READ_CONSUME_CHECK_CONSUMER) timestamp=1684 ms, used_size=5992448 bytes (14.6%)
(RDMA_READ_CONSUME_CHECK_CONSUMER) timestamp=1684 ms, used_size=5990400 bytes (14.6%)
(RDMA_READ_CONSUME_CHECK_CONSUMER) timestamp=1684 ms, used_size=5988352 bytes (14.6%)
(RDMA_READ_CONSUME_CHECK_CONSUMER) timestamp=1684 ms, used_size=5986304 bytes (14.6%)
(RDMA_READ_CONSUME_CHECK_CONSUMER) timestamp=1684 ms, used_size=5984256 bytes (14.6%)
(RDMA_READ_CONSUME_CHECK_CONSUMER) timestamp=1684 ms, used_size=5982208 bytes (14.6%)
(RDMA_READ_CONSUME_CHECK_CONSUMER) timestamp=1684 ms, used_size=5980160 bytes (14.6%)
(RDMA_READ_CONSUME_CHECK_CONSUMER) timestamp=1684 ms, used_size=5978112 bytes (14.6%)
(RDMA_READ_CONSUME_CHECK_CONSUMER) timestamp=1684 ms, used_size=5976064 bytes (14.6%)
(RDMA_READ_CONSUME_CHECK_CONSUMER) timestamp=1684 ms, used_size=5974016 bytes (14.6%)
(RDMA_READ_CONSUME_CHECK_CONSUMER) timestamp=1684 ms, used_size=5971968 bytes (14.6%)
(RDMA_READ_CONSUME_CHECK_CONSUMER) timestamp=1684 ms, used_size=5969920 bytes (14.6%)
(RDMA_READ_CONSUME_CHECK_CONSUMER) timestamp=1684 ms, used_size=5967872 bytes (14.6%)
(RDMA_READ_CONSUME_CHECK_CONSUMER) timestamp=1684 ms, used_size=5965824 bytes (14.6%)
(RDMA_READ_CONSUME_CHECK_CONSUMER) timestamp=1684 ms, used_size=5963776 bytes (14.6%)
(RDMA_READ_CONSUME_CHECK_CONSUMER) timestamp=1684 ms, used_size=5961728 bytes (14.6%)
(RDMA_READ_CONSUME_CHECK_CONSUMER) timestamp=1684 ms, used_size=5959680 bytes (14.6%)
(RDMA_READ_CONSUME_CHECK_CONSUMER) timestamp=1684 ms, used_size=5957632 bytes (14.5%)
(RDMA_READ_CONSUME_CHECK_CONSUMER) timestamp=1684 ms, used_size=5955584 bytes (14.5%)
(RDMA_READ_CONSUME_CHECK_CONSUMER) timestamp=1684 ms, used_size=5953536 bytes (14.5%)
(RDMA_READ_CONSUME_CHECK_CONSUMER) timestamp=1684 ms, used_size=5951488 bytes (14.5%)
(RDMA_READ_CONSUME_CHECK_CONSUMER) timestamp=1684 ms, used_size=5949440 bytes (14.5%)
(RDMA_READ_CONSUME_CHECK_CONSUMER) timestamp=1684 ms, used_size=5947392 bytes (14.5%)
(RDMA_READ_CONSUME_CHECK_CONSUMER) timestamp=1684 ms, used_size=5945344 bytes (14.5%)
(RDMA_READ_CONSUME_CHECK_CONSUMER) timestamp=1684 ms, used_size=5943296 bytes (14.5%)
(RDMA_READ_CONSUME_CHECK_CONSUMER) timestamp=1684 ms, used_size=5941248 bytes (14.5%)
(RDMA_READ_CONSUME_CHECK_CONSUMER) timestamp=1684 ms, used_size=5939200 bytes (14.5%)
(RDMA_READ_CONSUME_CHECK_CONSUMER) timestamp=1684 ms, used_size=5937152 bytes (14.5%)
(RDMA_READ_CONSUME_CHECK_CONSUMER) timestamp=1684 ms, used_size=5935104 bytes (14.5%)
(RDMA_READ_CONSUME_CHECK_CONSUMER) timestamp=1684 ms, used_size=5933056 bytes (14.5%)
(RDMA_READ_CONSUME_CHECK_CONSUMER) timestamp=1684 ms, used_size=5931008 bytes (14.5%)
(RDMA_READ_CONSUME_CHECK_CONSUMER) timestamp=1684 ms, used_size=5928960 bytes (14.5%)
(RDMA_READ_CONSUME_CHECK_CONSUMER) timestamp=1684 ms, used_size=5926912 bytes (14.5%)
(RDMA_READ_CONSUME_CHECK_CONSUMER) timestamp=1684 ms, used_size=5924864 bytes (14.5%)
(RDMA_READ_CONSUME_CHECK_CONSUMER) timestamp=1684 ms, used_size=5922816 bytes (14.5%)
(RDMA_READ_CONSUME_CHECK_CONSUMER) timestamp=1684 ms, used_size=5920768 bytes (14.5%)
(RDMA_READ_CONSUME_CHECK_CONSUMER) timestamp=1684 ms, used_size=5918720 bytes (14.4%)
(RDMA_READ_CONSUME_CHECK_CONSUMER) timestamp=1684 ms, used_size=5916672 bytes (14.4%)
(RDMA_READ_CONSUME_CHECK_CONSUMER) timestamp=1684 ms, used_size=5914624 bytes (14.4%)
(RDMA_READ_CONSUME_CHECK_CONSUMER) timestamp=1684 ms, used_size=5912576 bytes (14.4%)
(RDMA_READ_CONSUME_CHECK_CONSUMER) timestamp=1684 ms, used_size=5910528 bytes (14.4%)
(RDMA_READ_CONSUME_CHECK_CONSUMER) timestamp=1684 ms, used_size=5908480 bytes (14.4%)
(RDMA_READ_CONSUME_CHECK_CONSUMER) timestamp=1684 ms, used_size=5906432 bytes (14.4%)
(RDMA_READ_CONSUME_CHECK_CONSUMER) timestamp=1684 ms, used_size=5904384 bytes (14.4%)
(RDMA_READ_CONSUME_CHECK_CONSUMER) timestamp=1684 ms, used_size=5902336 bytes (14.4%)
(RDMA_READ_CONSUME_CHECK_CONSUMER) timestamp=1684 ms, used_size=5900288 bytes (14.4%)
(RDMA_READ_CONSUME_CHECK_CONSUMER) timestamp=1684 ms, used_size=5898240 bytes (14.4%)
(RDMA_READ_CONSUME_CHECK_CONSUMER) timestamp=1684 ms, used_size=5896192 bytes (14.4%)
(RDMA_READ_CONSUME_CHECK_CONSUMER) timestamp=1684 ms, used_size=5894144 bytes (14.4%)
(RDMA_READ_CONSUME_CHECK_CONSUMER) timestamp=1684 ms, used_size=5892096 bytes (14.4%)
(RDMA_READ_CONSUME_CHECK_CONSUMER) timestamp=1684 ms, used_size=5890048 bytes (14.4%)
(RDMA_READ_CONSUME_CHECK_CONSUMER) timestamp=1684 ms, used_size=5888000 bytes (14.4%)
(RDMA_READ_CONSUME_CHECK_CONSUMER) timestamp=1684 ms, used_size=5885952 bytes (14.4%)
(RDMA_READ_CONSUME_CHECK_CONSUMER) timestamp=1684 ms, used_size=5883904 bytes (14.4%)
(RDMA_READ_CONSUME_CHECK_CONSUMER) timestamp=1684 ms, used_size=5881856 bytes (14.4%)
(RDMA_READ_CONSUME_CHECK_CONSUMER) timestamp=1684 ms, used_size=5879808 bytes (14.4%)
(RDMA_READ_CONSUME_CHECK_CONSUMER) timestamp=1684 ms, used_size=5877760 bytes (14.3%)
(RDMA_READ_CONSUME_CHECK_CONSUMER) timestamp=1684 ms, used_size=5875712 bytes (14.3%)
(RDMA_READ_CONSUME_CHECK_CONSUMER) timestamp=1684 ms, used_size=5873664 bytes (14.3%)
(RDMA_READ_CONSUME_CHECK_CONSUMER) timestamp=1684 ms, used_size=5871616 bytes (14.3%)
(RDMA_READ_CONSUME_CHECK_CONSUMER) timestamp=1684 ms, used_size=5869568 bytes (14.3%)
(RDMA_READ_CONSUME_CHECK_CONSUMER) timestamp=1684 ms, used_size=5867520 bytes (14.3%)
(RDMA_READ_CONSUME_CHECK_CONSUMER) timestamp=1684 ms, used_size=5865472 bytes (14.3%)
(RDMA_READ_CONSUME_CHECK_CONSUMER) timestamp=1684 ms, used_size=5863424 bytes (14.3%)
(RDMA_READ_CONSUME_CHECK_CONSUMER) timestamp=1684 ms, used_size=5861376 bytes (14.3%)
(RDMA_READ_CONSUME_CHECK_CONSUMER) timestamp=1684 ms, used_size=5859328 bytes (14.3%)
(RDMA_READ_CONSUME_CHECK_CONSUMER) timestamp=1684 ms, used_size=5857280 bytes (14.3%)
(RDMA_READ_CONSUME_CHECK_CONSUMER) timestamp=1684 ms, used_size=5855232 bytes (14.3%)
(RDMA_READ_CONSUME_CHECK_CONSUMER) timestamp=1684 ms, used_size=5853184 bytes (14.3%)
(RDMA_READ_CONSUME_CHECK_CONSUMER) timestamp=1684 ms, used_size=5851136 bytes (14.3%)
(RDMA_READ_CONSUME_CHECK_CONSUMER) timestamp=1684 ms, used_size=5849088 bytes (14.3%)
(RDMA_READ_CONSUME_CHECK_CONSUMER) timestamp=1684 ms, used_size=5847040 bytes (14.3%)
(RDMA_READ_CONSUME_CHECK_CONSUMER) timestamp=1684 ms, used_size=5844992 bytes (14.3%)
(RDMA_READ_CONSUME_CHECK_CONSUMER) timestamp=1684 ms, used_size=5842944 bytes (14.3%)
(RDMA_READ_CONSUME_CHECK_CONSUMER) timestamp=1684 ms, used_size=5840896 bytes (14.3%)
(RDMA_READ_CONSUME_CHECK_CONSUMER) timestamp=1684 ms, used_size=5838848 bytes (14.3%)
(RDMA_READ_CONSUME_CHECK_CONSUMER) timestamp=1684 ms, used_size=5836800 bytes (14.2%)
(RDMA_READ_CONSUME_CHECK_CONSUMER) timestamp=1684 ms, used_size=5834752 bytes (14.2%)
(RDMA_READ_CONSUME_CHECK_CONSUMER) timestamp=1684 ms, used_size=5832704 bytes (14.2%)
(RDMA_READ_CONSUME_CHECK_CONSUMER) timestamp=1684 ms, used_size=5830656 bytes (14.2%)
(RDMA_READ_CONSUME_CHECK_CONSUMER) timestamp=1684 ms, used_size=5828608 bytes (14.2%)
(RDMA_READ_CONSUME_CHECK_CONSUMER) timestamp=1684 ms, used_size=5826560 bytes (14.2%)
(RDMA_READ_CONSUME_CHECK_CONSUMER) timestamp=1684 ms, used_size=5824512 bytes (14.2%)
(RDMA_READ_CONSUME_CHECK_CONSUMER) timestamp=1684 ms, used_size=5822464 bytes (14.2%)
(RDMA_READ_CONSUME_CHECK_CONSUMER) timestamp=1684 ms, used_size=5820416 bytes (14.2%)
(RDMA_READ_CONSUME_CHECK_CONSUMER) timestamp=1684 ms, used_size=5818368 bytes (14.2%)
(RDMA_READ_CONSUME_CHECK_CONSUMER) timestamp=1684 ms, used_size=5816320 bytes (14.2%)
(RDMA_READ_CONSUME_CHECK_CONSUMER) timestamp=1684 ms, used_size=5814272 bytes (14.2%)
(RDMA_READ_CONSUME_CHECK_CONSUMER) timestamp=1684 ms, used_size=5812224 bytes (14.2%)
(RDMA_READ_CONSUME_CHECK_CONSUMER) timestamp=1684 ms, used_size=5810176 bytes (14.2%)
(RDMA_READ_CONSUME_CHECK_CONSUMER) timestamp=1684 ms, used_size=5808128 bytes (14.2%)
(RDMA_READ_CONSUME_CHECK_CONSUMER) timestamp=1684 ms, used_size=5806080 bytes (14.2%)
(RDMA_READ_CONSUME_CHECK_CONSUMER) timestamp=1684 ms, used_size=5804032 bytes (14.2%)
(RDMA_READ_CONSUME_CHECK_CONSUMER) timestamp=1684 ms, used_size=5801984 bytes (14.2%)
(RDMA_READ_CONSUME_CHECK_CONSUMER) timestamp=1684 ms, used_size=5799936 bytes (14.2%)
(RDMA_READ_CONSUME_CHECK_CONSUMER) timestamp=1684 ms, used_size=5797888 bytes (14.2%)
(RDMA_READ_CONSUME_CHECK_CONSUMER) timestamp=1684 ms, used_size=5795840 bytes (14.2%)
(RDMA_READ_CONSUME_CHECK_CONSUMER) timestamp=1684 ms, used_size=5793792 bytes (14.1%)
(RDMA_READ_CONSUME_CHECK_CONSUMER) timestamp=1684 ms, used_size=5791744 bytes (14.1%)
(RDMA_READ_CONSUME_CHECK_CONSUMER) timestamp=1684 ms, used_size=5789696 bytes (14.1%)
(RDMA_READ_CONSUME_CHECK_CONSUMER) timestamp=1684 ms, used_size=5787648 bytes (14.1%)
(RDMA_READ_CONSUME_CHECK_CONSUMER) timestamp=1684 ms, used_size=5785600 bytes (14.1%)
(RDMA_READ_CONSUME_CHECK_CONSUMER) timestamp=1684 ms, used_size=5783552 bytes (14.1%)
(RDMA_READ_CONSUME_CHECK_CONSUMER) timestamp=1684 ms, used_size=5781504 bytes (14.1%)
(RDMA_READ_CONSUME_CHECK_CONSUMER) timestamp=1684 ms, used_size=5779456 bytes (14.1%)
(RDMA_READ_CONSUME_CHECK_CONSUMER) timestamp=1684 ms, used_size=5777408 bytes (14.1%)
(RDMA_READ_CONSUME_CHECK_CONSUMER) timestamp=1684 ms, used_size=5775360 bytes (14.1%)
(RDMA_READ_CONSUME_CHECK_CONSUMER) timestamp=1684 ms, used_size=5773312 bytes (14.1%)
(RDMA_READ_CONSUME_CHECK_CONSUMER) timestamp=1684 ms, used_size=5771264 bytes (14.1%)
(RDMA_READ_CONSUME_CHECK_CONSUMER) timestamp=1684 ms, used_size=5769216 bytes (14.1%)
(RDMA_READ_CONSUME_CHECK_CONSUMER) timestamp=1684 ms, used_size=5767168 bytes (14.1%)
(RDMA_READ_CONSUME_CHECK_CONSUMER) timestamp=1684 ms, used_size=5765120 bytes (14.1%)
(RDMA_READ_CONSUME_CHECK_CONSUMER) timestamp=1684 ms, used_size=5763072 bytes (14.1%)
(RDMA_READ_CONSUME_CHECK_CONSUMER) timestamp=1684 ms, used_size=5761024 bytes (14.1%)
(RDMA_READ_CONSUME_CHECK_CONSUMER) timestamp=1684 ms, used_size=5758976 bytes (14.1%)
(RDMA_READ_CONSUME_CHECK_CONSUMER) timestamp=1684 ms, used_size=5756928 bytes (14.1%)
(RDMA_READ_CONSUME_CHECK_CONSUMER) timestamp=1684 ms, used_size=5754880 bytes (14.1%)
(RDMA_READ_CONSUME_CHECK_CONSUMER) timestamp=1684 ms, used_size=5752832 bytes (14.0%)
(RDMA_READ_CONSUME_CHECK_CONSUMER) timestamp=1684 ms, used_size=5750784 bytes (14.0%)
(RDMA_READ_CONSUME_CHECK_CONSUMER) timestamp=1684 ms, used_size=5748736 bytes (14.0%)
(RDMA_READ_CONSUME_CHECK_CONSUMER) timestamp=1684 ms, used_size=5746688 bytes (14.0%)
(RDMA_READ_CONSUME_CHECK_CONSUMER) timestamp=1684 ms, used_size=5744640 bytes (14.0%)
(RDMA_READ_CONSUME_CHECK_CONSUMER) timestamp=1684 ms, used_size=5742592 bytes (14.0%)
(RDMA_READ_CONSUME_CHECK_CONSUMER) timestamp=1684 ms, used_size=5740544 bytes (14.0%)
(RDMA_READ_CONSUME_CHECK_CONSUMER) timestamp=1684 ms, used_size=5738496 bytes (14.0%)
(RDMA_READ_CONSUME_CHECK_CONSUMER) timestamp=1684 ms, used_size=5736448 bytes (14.0%)
(RDMA_READ_CONSUME_CHECK_CONSUMER) timestamp=1684 ms, used_size=5734400 bytes (14.0%)
(RDMA_READ_CONSUME_CHECK_CONSUMER) timestamp=1684 ms, used_size=5732352 bytes (14.0%)
(RDMA_READ_CONSUME_CHECK_CONSUMER) timestamp=1684 ms, used_size=5730304 bytes (14.0%)
(RDMA_READ_CONSUME_CHECK_CONSUMER) timestamp=1685 ms, used_size=5728256 bytes (14.0%)
(RDMA_READ_CONSUME_CHECK_CONSUMER) timestamp=1685 ms, used_size=5726208 bytes (14.0%)
(RDMA_READ_CONSUME_CHECK_CONSUMER) timestamp=1685 ms, used_size=5724160 bytes (14.0%)
(RDMA_READ_CONSUME_CHECK_CONSUMER) timestamp=1685 ms, used_size=5722112 bytes (14.0%)
(RDMA_READ_CONSUME_CHECK_CONSUMER) timestamp=1685 ms, used_size=5720064 bytes (14.0%)
(RDMA_READ_CONSUME_CHECK_CONSUMER) timestamp=1685 ms, used_size=5718016 bytes (14.0%)
(RDMA_READ_CONSUME_CHECK_CONSUMER) timestamp=1685 ms, used_size=5715968 bytes (14.0%)
(RDMA_READ_CONSUME_CHECK_CONSUMER) timestamp=1685 ms, used_size=5713920 bytes (13.9%)
(RDMA_READ_CONSUME_CHECK_CONSUMER) timestamp=1685 ms, used_size=5711872 bytes (13.9%)
(RDMA_READ_CONSUME_CHECK_CONSUMER) timestamp=1685 ms, used_size=5709824 bytes (13.9%)
(RDMA_READ_CONSUME_CHECK_CONSUMER) timestamp=1685 ms, used_size=5707776 bytes (13.9%)
(RDMA_READ_CONSUME_CHECK_CONSUMER) timestamp=1685 ms, used_size=5705728 bytes (13.9%)
(RDMA_READ_CONSUME_CHECK_CONSUMER) timestamp=1685 ms, used_size=5703680 bytes (13.9%)
(RDMA_READ_CONSUME_CHECK_CONSUMER) timestamp=1685 ms, used_size=5701632 bytes (13.9%)
(RDMA_READ_CONSUME_CHECK_CONSUMER) timestamp=1685 ms, used_size=5699584 bytes (13.9%)
(RDMA_READ_CONSUME_CHECK_CONSUMER) timestamp=1685 ms, used_size=5697536 bytes (13.9%)
(RDMA_READ_CONSUME_CHECK_CONSUMER) timestamp=1685 ms, used_size=5695488 bytes (13.9%)
(RDMA_READ_CONSUME_CHECK_CONSUMER) timestamp=1685 ms, used_size=5693440 bytes (13.9%)
(RDMA_READ_CONSUME_CHECK_CONSUMER) timestamp=1685 ms, used_size=5691392 bytes (13.9%)
(RDMA_READ_CONSUME_CHECK_CONSUMER) timestamp=1685 ms, used_size=5689344 bytes (13.9%)
(RDMA_READ_CONSUME_CHECK_CONSUMER) timestamp=1685 ms, used_size=5687296 bytes (13.9%)
(RDMA_READ_CONSUME_CHECK_CONSUMER) timestamp=1685 ms, used_size=5685248 bytes (13.9%)
(RDMA_READ_CONSUME_CHECK_CONSUMER) timestamp=1685 ms, used_size=5683200 bytes (13.9%)
(RDMA_READ_CONSUME_CHECK_CONSUMER) timestamp=1685 ms, used_size=5681152 bytes (13.9%)
(RDMA_READ_CONSUME_CHECK_CONSUMER) timestamp=1685 ms, used_size=5679104 bytes (13.9%)
(RDMA_READ_CONSUME_CHECK_CONSUMER) timestamp=1685 ms, used_size=5677056 bytes (13.9%)
(RDMA_READ_CONSUME_CHECK_CONSUMER) timestamp=1685 ms, used_size=5675008 bytes (13.9%)
(RDMA_READ_CONSUME_CHECK_CONSUMER) timestamp=1685 ms, used_size=5672960 bytes (13.8%)
(RDMA_READ_CONSUME_CHECK_CONSUMER) timestamp=1685 ms, used_size=5670912 bytes (13.8%)
(RDMA_READ_CONSUME_CHECK_CONSUMER) timestamp=1685 ms, used_size=5668864 bytes (13.8%)
(RDMA_READ_CONSUME_CHECK_CONSUMER) timestamp=1685 ms, used_size=5666816 bytes (13.8%)
(RDMA_READ_CONSUME_CHECK_CONSUMER) timestamp=1685 ms, used_size=5664768 bytes (13.8%)
(RDMA_READ_CONSUME_CHECK_CONSUMER) timestamp=1685 ms, used_size=5662720 bytes (13.8%)
(RDMA_READ_CONSUME_CHECK_CONSUMER) timestamp=1685 ms, used_size=5660672 bytes (13.8%)
(RDMA_READ_CONSUME_CHECK_CONSUMER) timestamp=1685 ms, used_size=5658624 bytes (13.8%)
(RDMA_READ_CONSUME_CHECK_CONSUMER) timestamp=1685 ms, used_size=5656576 bytes (13.8%)
(RDMA_READ_CONSUME_CHECK_CONSUMER) timestamp=1685 ms, used_size=5654528 bytes (13.8%)
(RDMA_READ_CONSUME_CHECK_CONSUMER) timestamp=1685 ms, used_size=5652480 bytes (13.8%)
(RDMA_READ_CONSUME_CHECK_CONSUMER) timestamp=1685 ms, used_size=5650432 bytes (13.8%)
(RDMA_READ_CONSUME_CHECK_CONSUMER) timestamp=1685 ms, used_size=5648384 bytes (13.8%)
(RDMA_READ_CONSUME_CHECK_CONSUMER) timestamp=1685 ms, used_size=5646336 bytes (13.8%)
(RDMA_READ_CONSUME_CHECK_CONSUMER) timestamp=1685 ms, used_size=5644288 bytes (13.8%)
(RDMA_READ_CONSUME_CHECK_CONSUMER) timestamp=1685 ms, used_size=5642240 bytes (13.8%)
(RDMA_READ_CONSUME_CHECK_CONSUMER) timestamp=1685 ms, used_size=5640192 bytes (13.8%)
(RDMA_READ_CONSUME_CHECK_CONSUMER) timestamp=1685 ms, used_size=5638144 bytes (13.8%)
(RDMA_READ_CONSUME_CHECK_CONSUMER) timestamp=1685 ms, used_size=5636096 bytes (13.8%)
(RDMA_READ_CONSUME_CHECK_CONSUMER) timestamp=1685 ms, used_size=5634048 bytes (13.8%)
(RDMA_READ_CONSUME_CHECK_CONSUMER) timestamp=1685 ms, used_size=5632000 bytes (13.8%)
(RDMA_READ_CONSUME_CHECK_CONSUMER) timestamp=1685 ms, used_size=5629952 bytes (13.7%)
(RDMA_READ_CONSUME_CHECK_CONSUMER) timestamp=1685 ms, used_size=5627904 bytes (13.7%)
(RDMA_READ_CONSUME_CHECK_CONSUMER) timestamp=1685 ms, used_size=5625856 bytes (13.7%)
(RDMA_READ_CONSUME_CHECK_CONSUMER) timestamp=1685 ms, used_size=5623808 bytes (13.7%)
(RDMA_READ_CONSUME_CHECK_CONSUMER) timestamp=1685 ms, used_size=5621760 bytes (13.7%)
(RDMA_READ_CONSUME_CHECK_CONSUMER) timestamp=1685 ms, used_size=5619712 bytes (13.7%)
(RDMA_READ_CONSUME_CHECK_CONSUMER) timestamp=1685 ms, used_size=5617664 bytes (13.7%)
(RDMA_READ_CONSUME_CHECK_CONSUMER) timestamp=1685 ms, used_size=5615616 bytes (13.7%)
(RDMA_READ_CONSUME_CHECK_CONSUMER) timestamp=1685 ms, used_size=5613568 bytes (13.7%)
(RDMA_READ_CONSUME_CHECK_CONSUMER) timestamp=1685 ms, used_size=5611520 bytes (13.7%)
(RDMA_READ_CONSUME_CHECK_CONSUMER) timestamp=1685 ms, used_size=5609472 bytes (13.7%)
(RDMA_READ_CONSUME_CHECK_CONSUMER) timestamp=1685 ms, used_size=5607424 bytes (13.7%)
(RDMA_READ_CONSUME_CHECK_CONSUMER) timestamp=1685 ms, used_size=5605376 bytes (13.7%)
(RDMA_READ_CONSUME_CHECK_CONSUMER) timestamp=1685 ms, used_size=5603328 bytes (13.7%)
(RDMA_READ_CONSUME_CHECK_CONSUMER) timestamp=1685 ms, used_size=5601280 bytes (13.7%)
(RDMA_READ_CONSUME_CHECK_CONSUMER) timestamp=1685 ms, used_size=5599232 bytes (13.7%)
(RDMA_READ_CONSUME_CHECK_CONSUMER) timestamp=1685 ms, used_size=5597184 bytes (13.7%)
(RDMA_READ_CONSUME_CHECK_CONSUMER) timestamp=1685 ms, used_size=5595136 bytes (13.7%)
(RDMA_READ_CONSUME_CHECK_CONSUMER) timestamp=1685 ms, used_size=5593088 bytes (13.7%)
(RDMA_READ_CONSUME_CHECK_CONSUMER) timestamp=1685 ms, used_size=5591040 bytes (13.7%)
(RDMA_READ_CONSUME_CHECK_CONSUMER) timestamp=1685 ms, used_size=5588992 bytes (13.6%)
(RDMA_READ_CONSUME_CHECK_CONSUMER) timestamp=1685 ms, used_size=5586944 bytes (13.6%)
(RDMA_READ_CONSUME_CHECK_CONSUMER) timestamp=1685 ms, used_size=5584896 bytes (13.6%)
(RDMA_READ_CONSUME_CHECK_CONSUMER) timestamp=1685 ms, used_size=5582848 bytes (13.6%)
(RDMA_READ_CONSUME_CHECK_CONSUMER) timestamp=1685 ms, used_size=5580800 bytes (13.6%)
(RDMA_READ_CONSUME_CHECK_CONSUMER) timestamp=1685 ms, used_size=5578752 bytes (13.6%)
(RDMA_READ_CONSUME_CHECK_CONSUMER) timestamp=1685 ms, used_size=5576704 bytes (13.6%)
(RDMA_READ_CONSUME_CHECK_CONSUMER) timestamp=1685 ms, used_size=5574656 bytes (13.6%)
(RDMA_READ_CONSUME_CHECK_CONSUMER) timestamp=1685 ms, used_size=5572608 bytes (13.6%)
(RDMA_READ_CONSUME_CHECK_CONSUMER) timestamp=1685 ms, used_size=5570560 bytes (13.6%)
(RDMA_READ_CONSUME_CHECK_CONSUMER) timestamp=1685 ms, used_size=5568512 bytes (13.6%)
(RDMA_READ_CONSUME_CHECK_CONSUMER) timestamp=1685 ms, used_size=5566464 bytes (13.6%)
(RDMA_READ_CONSUME_CHECK_CONSUMER) timestamp=1685 ms, used_size=5564416 bytes (13.6%)
(RDMA_READ_CONSUME_CHECK_CONSUMER) timestamp=1685 ms, used_size=5562368 bytes (13.6%)
(RDMA_READ_CONSUME_CHECK_CONSUMER) timestamp=1685 ms, used_size=5560320 bytes (13.6%)
(RDMA_READ_CONSUME_CHECK_CONSUMER) timestamp=1685 ms, used_size=5558272 bytes (13.6%)
(RDMA_READ_CONSUME_CHECK_CONSUMER) timestamp=1685 ms, used_size=5556224 bytes (13.6%)
(RDMA_READ_CONSUME_CHECK_CONSUMER) timestamp=1685 ms, used_size=5554176 bytes (13.6%)
(RDMA_READ_CONSUME_CHECK_CONSUMER) timestamp=1685 ms, used_size=5552128 bytes (13.6%)
(RDMA_READ_CONSUME_CHECK_CONSUMER) timestamp=1685 ms, used_size=5550080 bytes (13.6%)
(RDMA_READ_CONSUME_CHECK_CONSUMER) timestamp=1685 ms, used_size=5548032 bytes (13.5%)
(RDMA_READ_CONSUME_CHECK_CONSUMER) timestamp=1685 ms, used_size=5545984 bytes (13.5%)
(RDMA_READ_CONSUME_CHECK_CONSUMER) timestamp=1685 ms, used_size=5543936 bytes (13.5%)
(RDMA_READ_CONSUME_CHECK_CONSUMER) timestamp=1685 ms, used_size=5541888 bytes (13.5%)
(RDMA_READ_CONSUME_CHECK_CONSUMER) timestamp=1685 ms, used_size=5539840 bytes (13.5%)
(RDMA_READ_CONSUME_CHECK_CONSUMER) timestamp=1685 ms, used_size=5537792 bytes (13.5%)
(RDMA_READ_CONSUME_CHECK_CONSUMER) timestamp=1685 ms, used_size=5535744 bytes (13.5%)
(RDMA_READ_CONSUME_CHECK_CONSUMER) timestamp=1685 ms, used_size=5533696 bytes (13.5%)
(RDMA_READ_CONSUME_CHECK_CONSUMER) timestamp=1685 ms, used_size=5531648 bytes (13.5%)
(RDMA_READ_CONSUME_CHECK_CONSUMER) timestamp=1685 ms, used_size=5529600 bytes (13.5%)
(RDMA_READ_CONSUME_CHECK_CONSUMER) timestamp=1685 ms, used_size=5527552 bytes (13.5%)
(RDMA_READ_CONSUME_CHECK_CONSUMER) timestamp=1685 ms, used_size=5525504 bytes (13.5%)
(RDMA_READ_CONSUME_CHECK_CONSUMER) timestamp=1685 ms, used_size=5523456 bytes (13.5%)
(RDMA_READ_CONSUME_CHECK_CONSUMER) timestamp=1685 ms, used_size=5521408 bytes (13.5%)
(RDMA_READ_CONSUME_CHECK_CONSUMER) timestamp=1685 ms, used_size=5519360 bytes (13.5%)
(RDMA_READ_CONSUME_CHECK_CONSUMER) timestamp=1685 ms, used_size=5517312 bytes (13.5%)
(RDMA_READ_CONSUME_CHECK_CONSUMER) timestamp=1685 ms, used_size=5515264 bytes (13.5%)
(RDMA_READ_CONSUME_CHECK_CONSUMER) timestamp=1685 ms, used_size=5513216 bytes (13.5%)
(RDMA_READ_CONSUME_CHECK_CONSUMER) timestamp=1685 ms, used_size=5511168 bytes (13.5%)
(RDMA_READ_CONSUME_CHECK_CONSUMER) timestamp=1685 ms, used_size=5509120 bytes (13.4%)
(RDMA_READ_CONSUME_CHECK_CONSUMER) timestamp=1685 ms, used_size=5507072 bytes (13.4%)
(RDMA_READ_CONSUME_CHECK_CONSUMER) timestamp=1685 ms, used_size=5505024 bytes (13.4%)
(RDMA_READ_CONSUME_CHECK_CONSUMER) timestamp=1685 ms, used_size=5502976 bytes (13.4%)
(RDMA_READ_CONSUME_CHECK_CONSUMER) timestamp=1685 ms, used_size=5500928 bytes (13.4%)
(RDMA_READ_CONSUME_CHECK_CONSUMER) timestamp=1685 ms, used_size=5498880 bytes (13.4%)
(RDMA_READ_CONSUME_CHECK_CONSUMER) timestamp=1685 ms, used_size=5496832 bytes (13.4%)
(RDMA_READ_CONSUME_CHECK_CONSUMER) timestamp=1685 ms, used_size=5494784 bytes (13.4%)
(RDMA_READ_CONSUME_CHECK_CONSUMER) timestamp=1685 ms, used_size=5492736 bytes (13.4%)
(RDMA_READ_CONSUME_CHECK_CONSUMER) timestamp=1685 ms, used_size=5490688 bytes (13.4%)
(RDMA_READ_CONSUME_CHECK_CONSUMER) timestamp=1685 ms, used_size=5488640 bytes (13.4%)
(RDMA_READ_CONSUME_CHECK_CONSUMER) timestamp=1685 ms, used_size=5486592 bytes (13.4%)
(RDMA_READ_CONSUME_CHECK_CONSUMER) timestamp=1685 ms, used_size=5484544 bytes (13.4%)
(RDMA_READ_CONSUME_CHECK_CONSUMER) timestamp=1685 ms, used_size=5482496 bytes (13.4%)
(RDMA_READ_CONSUME_CHECK_CONSUMER) timestamp=1685 ms, used_size=5480448 bytes (13.4%)
(RDMA_READ_CONSUME_CHECK_CONSUMER) timestamp=1685 ms, used_size=5478400 bytes (13.4%)
(RDMA_READ_CONSUME_CHECK_CONSUMER) timestamp=1685 ms, used_size=5476352 bytes (13.4%)
(RDMA_READ_CONSUME_CHECK_CONSUMER) timestamp=1685 ms, used_size=5474304 bytes (13.4%)
(RDMA_READ_CONSUME_CHECK_CONSUMER) timestamp=1685 ms, used_size=5472256 bytes (13.4%)
(RDMA_READ_CONSUME_CHECK_CONSUMER) timestamp=1685 ms, used_size=5470208 bytes (13.4%)
(RDMA_READ_CONSUME_CHECK_CONSUMER) timestamp=1685 ms, used_size=5468160 bytes (13.3%)
(RDMA_READ_CONSUME_CHECK_CONSUMER) timestamp=1685 ms, used_size=5466112 bytes (13.3%)
(RDMA_READ_CONSUME_CHECK_CONSUMER) timestamp=1685 ms, used_size=5464064 bytes (13.3%)
(RDMA_READ_CONSUME_CHECK_CONSUMER) timestamp=1685 ms, used_size=5462016 bytes (13.3%)
(RDMA_READ_CONSUME_CHECK_CONSUMER) timestamp=1685 ms, used_size=5459968 bytes (13.3%)
(RDMA_READ_CONSUME_CHECK_CONSUMER) timestamp=1685 ms, used_size=5457920 bytes (13.3%)
(RDMA_READ_CONSUME_CHECK_CONSUMER) timestamp=1685 ms, used_size=5455872 bytes (13.3%)
(RDMA_READ_CONSUME_CHECK_CONSUMER) timestamp=1685 ms, used_size=5453824 bytes (13.3%)
(RDMA_READ_CONSUME_CHECK_CONSUMER) timestamp=1685 ms, used_size=5451776 bytes (13.3%)
(RDMA_READ_CONSUME_CHECK_CONSUMER) timestamp=1685 ms, used_size=5449728 bytes (13.3%)
(RDMA_READ_CONSUME_CHECK_CONSUMER) timestamp=1685 ms, used_size=5447680 bytes (13.3%)
(RDMA_READ_CONSUME_CHECK_CONSUMER) timestamp=1685 ms, used_size=5445632 bytes (13.3%)
(RDMA_READ_CONSUME_CHECK_CONSUMER) timestamp=1685 ms, used_size=5443584 bytes (13.3%)
(RDMA_READ_CONSUME_CHECK_CONSUMER) timestamp=1685 ms, used_size=5441536 bytes (13.3%)
(RDMA_READ_CONSUME_CHECK_CONSUMER) timestamp=1685 ms, used_size=5439488 bytes (13.3%)
(RDMA_READ_CONSUME_CHECK_CONSUMER) timestamp=1685 ms, used_size=5437440 bytes (13.3%)
(RDMA_READ_CONSUME_CHECK_CONSUMER) timestamp=1685 ms, used_size=5435392 bytes (13.3%)
(RDMA_READ_CONSUME_CHECK_CONSUMER) timestamp=1685 ms, used_size=5433344 bytes (13.3%)
(RDMA_READ_CONSUME_CHECK_CONSUMER) timestamp=1685 ms, used_size=5431296 bytes (13.3%)
(RDMA_READ_CONSUME_CHECK_CONSUMER) timestamp=1685 ms, used_size=5429248 bytes (13.3%)
(RDMA_READ_CONSUME_CHECK_CONSUMER) timestamp=1685 ms, used_size=5427200 bytes (13.2%)
(RDMA_READ_CONSUME_CHECK_CONSUMER) timestamp=1685 ms, used_size=5425152 bytes (13.2%)
(RDMA_READ_CONSUME_CHECK_CONSUMER) timestamp=1685 ms, used_size=5423104 bytes (13.2%)
(RDMA_READ_CONSUME_CHECK_CONSUMER) timestamp=1685 ms, used_size=5421056 bytes (13.2%)
(RDMA_READ_CONSUME_CHECK_CONSUMER) timestamp=1685 ms, used_size=5419008 bytes (13.2%)
(RDMA_READ_CONSUME_CHECK_CONSUMER) timestamp=1685 ms, used_size=5416960 bytes (13.2%)
(RDMA_READ_CONSUME_CHECK_CONSUMER) timestamp=1685 ms, used_size=5414912 bytes (13.2%)
(RDMA_READ_CONSUME_CHECK_CONSUMER) timestamp=1685 ms, used_size=5412864 bytes (13.2%)
(RDMA_READ_CONSUME_CHECK_CONSUMER) timestamp=1685 ms, used_size=5410816 bytes (13.2%)
(RDMA_READ_CONSUME_CHECK_CONSUMER) timestamp=1685 ms, used_size=5408768 bytes (13.2%)
(RDMA_READ_CONSUME_CHECK_CONSUMER) timestamp=1685 ms, used_size=5406720 bytes (13.2%)
(RDMA_READ_CONSUME_CHECK_CONSUMER) timestamp=1685 ms, used_size=5404672 bytes (13.2%)
(RDMA_READ_CONSUME_CHECK_CONSUMER) timestamp=1685 ms, used_size=5402624 bytes (13.2%)
(RDMA_READ_CONSUME_CHECK_CONSUMER) timestamp=1685 ms, used_size=5400576 bytes (13.2%)
(RDMA_READ_CONSUME_CHECK_CONSUMER) timestamp=1685 ms, used_size=5398528 bytes (13.2%)
(RDMA_READ_CONSUME_CHECK_CONSUMER) timestamp=1685 ms, used_size=5396480 bytes (13.2%)
(RDMA_READ_CONSUME_CHECK_CONSUMER) timestamp=1685 ms, used_size=5394432 bytes (13.2%)
(RDMA_READ_CONSUME_CHECK_CONSUMER) timestamp=1685 ms, used_size=5392384 bytes (13.2%)
(RDMA_READ_CONSUME_CHECK_CONSUMER) timestamp=1685 ms, used_size=5390336 bytes (13.2%)
(RDMA_READ_CONSUME_CHECK_CONSUMER) timestamp=1685 ms, used_size=5388288 bytes (13.2%)
(RDMA_READ_CONSUME_CHECK_CONSUMER) timestamp=1685 ms, used_size=5386240 bytes (13.2%)
(RDMA_READ_CONSUME_CHECK_CONSUMER) timestamp=1685 ms, used_size=5384192 bytes (13.1%)
(RDMA_READ_CONSUME_CHECK_CONSUMER) timestamp=1685 ms, used_size=5382144 bytes (13.1%)
(RDMA_READ_CONSUME_CHECK_CONSUMER) timestamp=1685 ms, used_size=5380096 bytes (13.1%)
(RDMA_READ_CONSUME_CHECK_CONSUMER) timestamp=1685 ms, used_size=5378048 bytes (13.1%)
(RDMA_READ_CONSUME_CHECK_CONSUMER) timestamp=1685 ms, used_size=5376000 bytes (13.1%)
(RDMA_READ_CONSUME_CHECK_CONSUMER) timestamp=1685 ms, used_size=5373952 bytes (13.1%)
(RDMA_READ_CONSUME_CHECK_CONSUMER) timestamp=1685 ms, used_size=5371904 bytes (13.1%)
(RDMA_READ_CONSUME_CHECK_CONSUMER) timestamp=1685 ms, used_size=5369856 bytes (13.1%)
(RDMA_READ_CONSUME_CHECK_CONSUMER) timestamp=1685 ms, used_size=5367808 bytes (13.1%)
(RDMA_READ_CONSUME_CHECK_CONSUMER) timestamp=1685 ms, used_size=5365760 bytes (13.1%)
(RDMA_READ_CONSUME_CHECK_CONSUMER) timestamp=1685 ms, used_size=5363712 bytes (13.1%)
(RDMA_READ_CONSUME_CHECK_CONSUMER) timestamp=1686 ms, used_size=5361664 bytes (13.1%)
(RDMA_READ_CONSUME_CHECK_CONSUMER) timestamp=1686 ms, used_size=5359616 bytes (13.1%)
(RDMA_READ_CONSUME_CHECK_CONSUMER) timestamp=1686 ms, used_size=5357568 bytes (13.1%)
(RDMA_READ_CONSUME_CHECK_CONSUMER) timestamp=1686 ms, used_size=5355520 bytes (13.1%)
(RDMA_READ_CONSUME_CHECK_CONSUMER) timestamp=1686 ms, used_size=5353472 bytes (13.1%)
(RDMA_READ_CONSUME_CHECK_CONSUMER) timestamp=1686 ms, used_size=5351424 bytes (13.1%)
(RDMA_READ_CONSUME_CHECK_CONSUMER) timestamp=1686 ms, used_size=5349376 bytes (13.1%)
(RDMA_READ_CONSUME_CHECK_CONSUMER) timestamp=1686 ms, used_size=5347328 bytes (13.1%)
(RDMA_READ_CONSUME_CHECK_CONSUMER) timestamp=1686 ms, used_size=5345280 bytes (13.1%)
(RDMA_READ_CONSUME_CHECK_CONSUMER) timestamp=1686 ms, used_size=5343232 bytes (13.0%)
(RDMA_READ_CONSUME_CHECK_CONSUMER) timestamp=1686 ms, used_size=5341184 bytes (13.0%)
(RDMA_READ_CONSUME_CHECK_CONSUMER) timestamp=1686 ms, used_size=5339136 bytes (13.0%)
(RDMA_READ_CONSUME_CHECK_CONSUMER) timestamp=1686 ms, used_size=5337088 bytes (13.0%)
(RDMA_READ_CONSUME_CHECK_CONSUMER) timestamp=1686 ms, used_size=5335040 bytes (13.0%)
(RDMA_READ_CONSUME_CHECK_CONSUMER) timestamp=1686 ms, used_size=5332992 bytes (13.0%)
(RDMA_READ_CONSUME_CHECK_CONSUMER) timestamp=1686 ms, used_size=5330944 bytes (13.0%)
(RDMA_READ_CONSUME_CHECK_CONSUMER) timestamp=1686 ms, used_size=5328896 bytes (13.0%)
(RDMA_READ_CONSUME_CHECK_CONSUMER) timestamp=1686 ms, used_size=5326848 bytes (13.0%)
(RDMA_READ_CONSUME_CHECK_CONSUMER) timestamp=1686 ms, used_size=5324800 bytes (13.0%)
(RDMA_READ_CONSUME_CHECK_CONSUMER) timestamp=1686 ms, used_size=5322752 bytes (13.0%)
(RDMA_READ_CONSUME_CHECK_CONSUMER) timestamp=1686 ms, used_size=5320704 bytes (13.0%)
(RDMA_READ_CONSUME_CHECK_CONSUMER) timestamp=1686 ms, used_size=5318656 bytes (13.0%)
(RDMA_READ_CONSUME_CHECK_CONSUMER) timestamp=1686 ms, used_size=5316608 bytes (13.0%)
(RDMA_READ_CONSUME_CHECK_CONSUMER) timestamp=1686 ms, used_size=5314560 bytes (13.0%)
(RDMA_READ_CONSUME_CHECK_CONSUMER) timestamp=1686 ms, used_size=5312512 bytes (13.0%)
(RDMA_READ_CONSUME_CHECK_CONSUMER) timestamp=1686 ms, used_size=5310464 bytes (13.0%)
(RDMA_READ_CONSUME_CHECK_CONSUMER) timestamp=1686 ms, used_size=5308416 bytes (13.0%)
(RDMA_READ_CONSUME_CHECK_CONSUMER) timestamp=1686 ms, used_size=5306368 bytes (13.0%)
(RDMA_READ_CONSUME_CHECK_CONSUMER) timestamp=1686 ms, used_size=5304320 bytes (12.9%)
(RDMA_READ_CONSUME_CHECK_CONSUMER) timestamp=1686 ms, used_size=5302272 bytes (12.9%)
(RDMA_READ_CONSUME_CHECK_CONSUMER) timestamp=1686 ms, used_size=5300224 bytes (12.9%)
(RDMA_READ_CONSUME_CHECK_CONSUMER) timestamp=1686 ms, used_size=5298176 bytes (12.9%)
(RDMA_READ_CONSUME_CHECK_CONSUMER) timestamp=1686 ms, used_size=5296128 bytes (12.9%)
(RDMA_READ_CONSUME_CHECK_CONSUMER) timestamp=1686 ms, used_size=5294080 bytes (12.9%)
(RDMA_READ_CONSUME_CHECK_CONSUMER) timestamp=1686 ms, used_size=5292032 bytes (12.9%)
(RDMA_READ_CONSUME_CHECK_CONSUMER) timestamp=1686 ms, used_size=5289984 bytes (12.9%)
(RDMA_READ_CONSUME_CHECK_CONSUMER) timestamp=1686 ms, used_size=5287936 bytes (12.9%)
(RDMA_READ_CONSUME_CHECK_CONSUMER) timestamp=1686 ms, used_size=5285888 bytes (12.9%)
(RDMA_READ_CONSUME_CHECK_CONSUMER) timestamp=1686 ms, used_size=5283840 bytes (12.9%)
(RDMA_READ_CONSUME_CHECK_CONSUMER) timestamp=1686 ms, used_size=5281792 bytes (12.9%)
(RDMA_READ_CONSUME_CHECK_CONSUMER) timestamp=1686 ms, used_size=5279744 bytes (12.9%)
(RDMA_READ_CONSUME_CHECK_CONSUMER) timestamp=1686 ms, used_size=5277696 bytes (12.9%)
(RDMA_READ_CONSUME_CHECK_CONSUMER) timestamp=1686 ms, used_size=5275648 bytes (12.9%)
(RDMA_READ_CONSUME_CHECK_CONSUMER) timestamp=1686 ms, used_size=5273600 bytes (12.9%)
(RDMA_READ_CONSUME_CHECK_CONSUMER) timestamp=1686 ms, used_size=5271552 bytes (12.9%)
(RDMA_READ_CONSUME_CHECK_CONSUMER) timestamp=1686 ms, used_size=5269504 bytes (12.9%)
(RDMA_READ_CONSUME_CHECK_CONSUMER) timestamp=1686 ms, used_size=5267456 bytes (12.9%)
(RDMA_READ_CONSUME_CHECK_CONSUMER) timestamp=1686 ms, used_size=5265408 bytes (12.9%)
(RDMA_READ_CONSUME_CHECK_CONSUMER) timestamp=1686 ms, used_size=5263360 bytes (12.8%)
(RDMA_READ_CONSUME_CHECK_CONSUMER) timestamp=1686 ms, used_size=5261312 bytes (12.8%)
(RDMA_READ_CONSUME_CHECK_CONSUMER) timestamp=1686 ms, used_size=5259264 bytes (12.8%)
(RDMA_READ_CONSUME_CHECK_CONSUMER) timestamp=1686 ms, used_size=5257216 bytes (12.8%)
(RDMA_READ_CONSUME_CHECK_CONSUMER) timestamp=1686 ms, used_size=5255168 bytes (12.8%)
(RDMA_READ_CONSUME_CHECK_CONSUMER) timestamp=1686 ms, used_size=5253120 bytes (12.8%)
(RDMA_READ_CONSUME_CHECK_CONSUMER) timestamp=1686 ms, used_size=5251072 bytes (12.8%)
(RDMA_READ_CONSUME_CHECK_CONSUMER) timestamp=1686 ms, used_size=5249024 bytes (12.8%)
(RDMA_READ_CONSUME_CHECK_CONSUMER) timestamp=1686 ms, used_size=5246976 bytes (12.8%)
(RDMA_READ_CONSUME_CHECK_CONSUMER) timestamp=1686 ms, used_size=5244928 bytes (12.8%)
(RDMA_READ_CONSUME_CHECK_CONSUMER) timestamp=1686 ms, used_size=5242880 bytes (12.8%)
(RDMA_READ_CONSUME_CHECK_CONSUMER) timestamp=1686 ms, used_size=5240832 bytes (12.8%)
(RDMA_READ_CONSUME_CHECK_CONSUMER) timestamp=1686 ms, used_size=5238784 bytes (12.8%)
(RDMA_READ_CONSUME_CHECK_CONSUMER) timestamp=1686 ms, used_size=5236736 bytes (12.8%)
(RDMA_READ_CONSUME_CHECK_CONSUMER) timestamp=1686 ms, used_size=5234688 bytes (12.8%)
(RDMA_READ_CONSUME_CHECK_CONSUMER) timestamp=1686 ms, used_size=5232640 bytes (12.8%)
(RDMA_READ_CONSUME_CHECK_CONSUMER) timestamp=1686 ms, used_size=5230592 bytes (12.8%)
(RDMA_READ_CONSUME_CHECK_CONSUMER) timestamp=1686 ms, used_size=5228544 bytes (12.8%)
(RDMA_READ_CONSUME_CHECK_CONSUMER) timestamp=1686 ms, used_size=5226496 bytes (12.8%)
(RDMA_READ_CONSUME_CHECK_CONSUMER) timestamp=1686 ms, used_size=5224448 bytes (12.8%)
(RDMA_READ_CONSUME_CHECK_CONSUMER) timestamp=1686 ms, used_size=5222400 bytes (12.8%)
(RDMA_READ_CONSUME_CHECK_CONSUMER) timestamp=1686 ms, used_size=5220352 bytes (12.7%)
(RDMA_READ_CONSUME_CHECK_CONSUMER) timestamp=1686 ms, used_size=5218304 bytes (12.7%)
(RDMA_READ_CONSUME_CHECK_CONSUMER) timestamp=1686 ms, used_size=5216256 bytes (12.7%)
(RDMA_READ_CONSUME_CHECK_CONSUMER) timestamp=1686 ms, used_size=5214208 bytes (12.7%)
(RDMA_READ_CONSUME_CHECK_CONSUMER) timestamp=1686 ms, used_size=5212160 bytes (12.7%)
(RDMA_READ_CONSUME_CHECK_CONSUMER) timestamp=1686 ms, used_size=5210112 bytes (12.7%)
(RDMA_READ_CONSUME_CHECK_CONSUMER) timestamp=1686 ms, used_size=5208064 bytes (12.7%)
(RDMA_READ_CONSUME_CHECK_CONSUMER) timestamp=1686 ms, used_size=5206016 bytes (12.7%)
(RDMA_READ_CONSUME_CHECK_CONSUMER) timestamp=1686 ms, used_size=5203968 bytes (12.7%)
(RDMA_READ_CONSUME_CHECK_CONSUMER) timestamp=1686 ms, used_size=5201920 bytes (12.7%)
(RDMA_READ_CONSUME_CHECK_CONSUMER) timestamp=1686 ms, used_size=5199872 bytes (12.7%)
(RDMA_READ_CONSUME_CHECK_CONSUMER) timestamp=1686 ms, used_size=5197824 bytes (12.7%)
(RDMA_READ_CONSUME_CHECK_CONSUMER) timestamp=1686 ms, used_size=5195776 bytes (12.7%)
(RDMA_READ_CONSUME_CHECK_CONSUMER) timestamp=1686 ms, used_size=5193728 bytes (12.7%)
(RDMA_READ_CONSUME_CHECK_CONSUMER) timestamp=1686 ms, used_size=5191680 bytes (12.7%)
(RDMA_READ_CONSUME_CHECK_CONSUMER) timestamp=1686 ms, used_size=5189632 bytes (12.7%)
(RDMA_READ_CONSUME_CHECK_CONSUMER) timestamp=1686 ms, used_size=5187584 bytes (12.7%)
(RDMA_READ_CONSUME_CHECK_CONSUMER) timestamp=1686 ms, used_size=5185536 bytes (12.7%)
(RDMA_READ_CONSUME_CHECK_CONSUMER) timestamp=1686 ms, used_size=5183488 bytes (12.7%)
(RDMA_READ_CONSUME_CHECK_CONSUMER) timestamp=1686 ms, used_size=5181440 bytes (12.7%)
(RDMA_READ_CONSUME_CHECK_CONSUMER) timestamp=1686 ms, used_size=5179392 bytes (12.6%)
(RDMA_READ_CONSUME_CHECK_CONSUMER) timestamp=1686 ms, used_size=5177344 bytes (12.6%)
(RDMA_READ_CONSUME_CHECK_CONSUMER) timestamp=1686 ms, used_size=5175296 bytes (12.6%)
(RDMA_READ_CONSUME_CHECK_CONSUMER) timestamp=1686 ms, used_size=5173248 bytes (12.6%)
(RDMA_READ_CONSUME_CHECK_CONSUMER) timestamp=1686 ms, used_size=5171200 bytes (12.6%)
(RDMA_READ_CONSUME_CHECK_CONSUMER) timestamp=1686 ms, used_size=5169152 bytes (12.6%)
(RDMA_READ_CONSUME_CHECK_CONSUMER) timestamp=1686 ms, used_size=5167104 bytes (12.6%)
(RDMA_READ_CONSUME_CHECK_CONSUMER) timestamp=1686 ms, used_size=5165056 bytes (12.6%)
(RDMA_READ_CONSUME_CHECK_CONSUMER) timestamp=1686 ms, used_size=5163008 bytes (12.6%)
(RDMA_READ_CONSUME_CHECK_CONSUMER) timestamp=1686 ms, used_size=5160960 bytes (12.6%)
(RDMA_READ_CONSUME_CHECK_CONSUMER) timestamp=1686 ms, used_size=5158912 bytes (12.6%)
(RDMA_READ_CONSUME_CHECK_CONSUMER) timestamp=1686 ms, used_size=5156864 bytes (12.6%)
(RDMA_READ_CONSUME_CHECK_CONSUMER) timestamp=1686 ms, used_size=5154816 bytes (12.6%)
(RDMA_READ_CONSUME_CHECK_CONSUMER) timestamp=1686 ms, used_size=5152768 bytes (12.6%)
(RDMA_READ_CONSUME_CHECK_CONSUMER) timestamp=1686 ms, used_size=5150720 bytes (12.6%)
(RDMA_READ_CONSUME_CHECK_CONSUMER) timestamp=1686 ms, used_size=5148672 bytes (12.6%)
(RDMA_READ_CONSUME_CHECK_CONSUMER) timestamp=1686 ms, used_size=5146624 bytes (12.6%)
(RDMA_READ_CONSUME_CHECK_CONSUMER) timestamp=1686 ms, used_size=5144576 bytes (12.6%)
(RDMA_READ_CONSUME_CHECK_CONSUMER) timestamp=1686 ms, used_size=5142528 bytes (12.6%)
(RDMA_READ_CONSUME_CHECK_CONSUMER) timestamp=1686 ms, used_size=5140480 bytes (12.6%)
(RDMA_READ_CONSUME_CHECK_CONSUMER) timestamp=1686 ms, used_size=5138432 bytes (12.5%)
(RDMA_READ_CONSUME_CHECK_CONSUMER) timestamp=1686 ms, used_size=5136384 bytes (12.5%)
(RDMA_READ_CONSUME_CHECK_CONSUMER) timestamp=1686 ms, used_size=5134336 bytes (12.5%)
(RDMA_READ_CONSUME_CHECK_CONSUMER) timestamp=1686 ms, used_size=5132288 bytes (12.5%)
(RDMA_READ_CONSUME_CHECK_CONSUMER) timestamp=1686 ms, used_size=5130240 bytes (12.5%)
(RDMA_READ_CONSUME_CHECK_CONSUMER) timestamp=1686 ms, used_size=5128192 bytes (12.5%)
(RDMA_READ_CONSUME_CHECK_CONSUMER) timestamp=1686 ms, used_size=5126144 bytes (12.5%)
(RDMA_READ_CONSUME_CHECK_CONSUMER) timestamp=1686 ms, used_size=5124096 bytes (12.5%)
(RDMA_READ_CONSUME_CHECK_CONSUMER) timestamp=1686 ms, used_size=5122048 bytes (12.5%)
(RDMA_READ_CONSUME_CHECK_CONSUMER) timestamp=1686 ms, used_size=5120000 bytes (12.5%)
(RDMA_READ_CONSUME_CHECK_CONSUMER) timestamp=1686 ms, used_size=5117952 bytes (12.5%)
(RDMA_READ_CONSUME_CHECK_CONSUMER) timestamp=1686 ms, used_size=5115904 bytes (12.5%)
(RDMA_READ_CONSUME_CHECK_CONSUMER) timestamp=1686 ms, used_size=5113856 bytes (12.5%)
(RDMA_READ_CONSUME_CHECK_CONSUMER) timestamp=1686 ms, used_size=5111808 bytes (12.5%)
(RDMA_READ_CONSUME_CHECK_CONSUMER) timestamp=1686 ms, used_size=5109760 bytes (12.5%)
(RDMA_READ_CONSUME_CHECK_CONSUMER) timestamp=1686 ms, used_size=5107712 bytes (12.5%)
(RDMA_READ_CONSUME_CHECK_CONSUMER) timestamp=1686 ms, used_size=5105664 bytes (12.5%)
(RDMA_READ_CONSUME_CHECK_CONSUMER) timestamp=1686 ms, used_size=5103616 bytes (12.5%)
(RDMA_READ_CONSUME_CHECK_CONSUMER) timestamp=1686 ms, used_size=5101568 bytes (12.5%)
(RDMA_READ_CONSUME_CHECK_CONSUMER) timestamp=1686 ms, used_size=5099520 bytes (12.4%)
(RDMA_READ_CONSUME_CHECK_CONSUMER) timestamp=1686 ms, used_size=5097472 bytes (12.4%)
(RDMA_READ_CONSUME_CHECK_CONSUMER) timestamp=1686 ms, used_size=5095424 bytes (12.4%)
(RDMA_READ_CONSUME_CHECK_CONSUMER) timestamp=1686 ms, used_size=5093376 bytes (12.4%)
(RDMA_READ_CONSUME_CHECK_CONSUMER) timestamp=1686 ms, used_size=5091328 bytes (12.4%)
(RDMA_READ_CONSUME_CHECK_CONSUMER) timestamp=1686 ms, used_size=5089280 bytes (12.4%)
(RDMA_READ_CONSUME_CHECK_CONSUMER) timestamp=1686 ms, used_size=5087232 bytes (12.4%)
(RDMA_READ_CONSUME_CHECK_CONSUMER) timestamp=1686 ms, used_size=5085184 bytes (12.4%)
(RDMA_READ_CONSUME_CHECK_CONSUMER) timestamp=1686 ms, used_size=5083136 bytes (12.4%)
(RDMA_READ_CONSUME_CHECK_CONSUMER) timestamp=1686 ms, used_size=5081088 bytes (12.4%)
(RDMA_READ_CONSUME_CHECK_CONSUMER) timestamp=1686 ms, used_size=5079040 bytes (12.4%)
(RDMA_READ_CONSUME_CHECK_CONSUMER) timestamp=1686 ms, used_size=5076992 bytes (12.4%)
(RDMA_READ_CONSUME_CHECK_CONSUMER) timestamp=1686 ms, used_size=5074944 bytes (12.4%)
(RDMA_READ_CONSUME_CHECK_CONSUMER) timestamp=1686 ms, used_size=5072896 bytes (12.4%)
(RDMA_READ_CONSUME_CHECK_CONSUMER) timestamp=1686 ms, used_size=5070848 bytes (12.4%)
(RDMA_READ_CONSUME_CHECK_CONSUMER) timestamp=1686 ms, used_size=5068800 bytes (12.4%)
(RDMA_READ_CONSUME_CHECK_CONSUMER) timestamp=1686 ms, used_size=5066752 bytes (12.4%)
(RDMA_READ_CONSUME_CHECK_CONSUMER) timestamp=1686 ms, used_size=5064704 bytes (12.4%)
(RDMA_READ_CONSUME_CHECK_CONSUMER) timestamp=1686 ms, used_size=5062656 bytes (12.4%)
(RDMA_READ_CONSUME_CHECK_CONSUMER) timestamp=1686 ms, used_size=5060608 bytes (12.4%)
(RDMA_READ_CONSUME_CHECK_CONSUMER) timestamp=1686 ms, used_size=5058560 bytes (12.3%)
(RDMA_READ_CONSUME_CHECK_CONSUMER) timestamp=1686 ms, used_size=5056512 bytes (12.3%)
(RDMA_READ_CONSUME_CHECK_CONSUMER) timestamp=1686 ms, used_size=5054464 bytes (12.3%)
(RDMA_READ_CONSUME_CHECK_CONSUMER) timestamp=1686 ms, used_size=5052416 bytes (12.3%)
(RDMA_READ_CONSUME_CHECK_CONSUMER) timestamp=1686 ms, used_size=5050368 bytes (12.3%)
(RDMA_READ_CONSUME_CHECK_CONSUMER) timestamp=1686 ms, used_size=5048320 bytes (12.3%)
(RDMA_READ_CONSUME_CHECK_CONSUMER) timestamp=1686 ms, used_size=5046272 bytes (12.3%)
(RDMA_READ_CONSUME_CHECK_CONSUMER) timestamp=1686 ms, used_size=5044224 bytes (12.3%)
(RDMA_READ_CONSUME_CHECK_CONSUMER) timestamp=1686 ms, used_size=5042176 bytes (12.3%)
(RDMA_READ_CONSUME_CHECK_CONSUMER) timestamp=1686 ms, used_size=5040128 bytes (12.3%)
(RDMA_READ_CONSUME_CHECK_CONSUMER) timestamp=1686 ms, used_size=5038080 bytes (12.3%)
(RDMA_READ_CONSUME_CHECK_CONSUMER) timestamp=1686 ms, used_size=5036032 bytes (12.3%)
(RDMA_READ_CONSUME_CHECK_CONSUMER) timestamp=1686 ms, used_size=5033984 bytes (12.3%)
(RDMA_READ_CONSUME_CHECK_CONSUMER) timestamp=1686 ms, used_size=5031936 bytes (12.3%)
(RDMA_READ_CONSUME_CHECK_CONSUMER) timestamp=1686 ms, used_size=5029888 bytes (12.3%)
(RDMA_READ_CONSUME_CHECK_CONSUMER) timestamp=1686 ms, used_size=5027840 bytes (12.3%)
(RDMA_READ_CONSUME_CHECK_CONSUMER) timestamp=1686 ms, used_size=5025792 bytes (12.3%)
(RDMA_READ_CONSUME_CHECK_CONSUMER) timestamp=1686 ms, used_size=5023744 bytes (12.3%)
(RDMA_READ_CONSUME_CHECK_CONSUMER) timestamp=1686 ms, used_size=5021696 bytes (12.3%)
(RDMA_READ_CONSUME_CHECK_CONSUMER) timestamp=1686 ms, used_size=5019648 bytes (12.3%)
(RDMA_READ_CONSUME_CHECK_CONSUMER) timestamp=1686 ms, used_size=5017600 bytes (12.2%)
(RDMA_READ_CONSUME_CHECK_CONSUMER) timestamp=1686 ms, used_size=5015552 bytes (12.2%)
(RDMA_READ_CONSUME_CHECK_CONSUMER) timestamp=1686 ms, used_size=5013504 bytes (12.2%)
(RDMA_READ_CONSUME_CHECK_CONSUMER) timestamp=1686 ms, used_size=5011456 bytes (12.2%)
(RDMA_READ_CONSUME_CHECK_CONSUMER) timestamp=1686 ms, used_size=5009408 bytes (12.2%)
(RDMA_READ_CONSUME_CHECK_CONSUMER) timestamp=1686 ms, used_size=5007360 bytes (12.2%)
(RDMA_READ_CONSUME_CHECK_CONSUMER) timestamp=1686 ms, used_size=5005312 bytes (12.2%)
(RDMA_READ_CONSUME_CHECK_CONSUMER) timestamp=1686 ms, used_size=5003264 bytes (12.2%)
(RDMA_READ_CONSUME_CHECK_CONSUMER) timestamp=1686 ms, used_size=5001216 bytes (12.2%)
(RDMA_READ_CONSUME_CHECK_CONSUMER) timestamp=1686 ms, used_size=4999168 bytes (12.2%)
(RDMA_READ_CONSUME_CHECK_CONSUMER) timestamp=1686 ms, used_size=4997120 bytes (12.2%)
(RDMA_READ_CONSUME_CHECK_CONSUMER) timestamp=1686 ms, used_size=4995072 bytes (12.2%)
(RDMA_READ_CONSUME_CHECK_CONSUMER) timestamp=1687 ms, used_size=4993024 bytes (12.2%)
(RDMA_READ_CONSUME_CHECK_CONSUMER) timestamp=1687 ms, used_size=4990976 bytes (12.2%)
(RDMA_READ_CONSUME_CHECK_CONSUMER) timestamp=1687 ms, used_size=4988928 bytes (12.2%)
(RDMA_READ_CONSUME_CHECK_CONSUMER) timestamp=1687 ms, used_size=4986880 bytes (12.2%)
(RDMA_READ_CONSUME_CHECK_CONSUMER) timestamp=1687 ms, used_size=4984832 bytes (12.2%)
(RDMA_READ_CONSUME_CHECK_CONSUMER) timestamp=1687 ms, used_size=4982784 bytes (12.2%)
(RDMA_READ_CONSUME_CHECK_CONSUMER) timestamp=1687 ms, used_size=4980736 bytes (12.2%)
(RDMA_READ_CONSUME_CHECK_CONSUMER) timestamp=1687 ms, used_size=4978688 bytes (12.2%)
(RDMA_READ_CONSUME_CHECK_CONSUMER) timestamp=1687 ms, used_size=4976640 bytes (12.2%)
(RDMA_READ_CONSUME_CHECK_CONSUMER) timestamp=1687 ms, used_size=4974592 bytes (12.1%)
(RDMA_READ_CONSUME_CHECK_CONSUMER) timestamp=1687 ms, used_size=4972544 bytes (12.1%)
(RDMA_READ_CONSUME_CHECK_CONSUMER) timestamp=1687 ms, used_size=4970496 bytes (12.1%)
(RDMA_READ_CONSUME_CHECK_CONSUMER) timestamp=1687 ms, used_size=4968448 bytes (12.1%)
(RDMA_READ_CONSUME_CHECK_CONSUMER) timestamp=1687 ms, used_size=4966400 bytes (12.1%)
(RDMA_READ_CONSUME_CHECK_CONSUMER) timestamp=1687 ms, used_size=4964352 bytes (12.1%)
(RDMA_READ_CONSUME_CHECK_CONSUMER) timestamp=1687 ms, used_size=4962304 bytes (12.1%)
(RDMA_READ_CONSUME_CHECK_CONSUMER) timestamp=1687 ms, used_size=4960256 bytes (12.1%)
(RDMA_READ_CONSUME_CHECK_CONSUMER) timestamp=1687 ms, used_size=4958208 bytes (12.1%)
(RDMA_READ_CONSUME_CHECK_CONSUMER) timestamp=1687 ms, used_size=4956160 bytes (12.1%)
(RDMA_READ_CONSUME_CHECK_CONSUMER) timestamp=1687 ms, used_size=4954112 bytes (12.1%)
(RDMA_READ_CONSUME_CHECK_CONSUMER) timestamp=1687 ms, used_size=4952064 bytes (12.1%)
(RDMA_READ_CONSUME_CHECK_CONSUMER) timestamp=1687 ms, used_size=4950016 bytes (12.1%)
(RDMA_READ_CONSUME_CHECK_CONSUMER) timestamp=1687 ms, used_size=4947968 bytes (12.1%)
(RDMA_READ_CONSUME_CHECK_CONSUMER) timestamp=1687 ms, used_size=4945920 bytes (12.1%)
(RDMA_READ_CONSUME_CHECK_CONSUMER) timestamp=1687 ms, used_size=4943872 bytes (12.1%)
(RDMA_READ_CONSUME_CHECK_CONSUMER) timestamp=1687 ms, used_size=4941824 bytes (12.1%)
(RDMA_READ_CONSUME_CHECK_CONSUMER) timestamp=1687 ms, used_size=4939776 bytes (12.1%)
(RDMA_READ_CONSUME_CHECK_CONSUMER) timestamp=1687 ms, used_size=4937728 bytes (12.1%)
(RDMA_READ_CONSUME_CHECK_CONSUMER) timestamp=1687 ms, used_size=4935680 bytes (12.1%)
(RDMA_READ_CONSUME_CHECK_CONSUMER) timestamp=1687 ms, used_size=4933632 bytes (12.0%)
(RDMA_READ_CONSUME_CHECK_CONSUMER) timestamp=1687 ms, used_size=4931584 bytes (12.0%)
(RDMA_READ_CONSUME_CHECK_CONSUMER) timestamp=1687 ms, used_size=4929536 bytes (12.0%)
(RDMA_READ_CONSUME_CHECK_CONSUMER) timestamp=1687 ms, used_size=4927488 bytes (12.0%)
(RDMA_READ_CONSUME_CHECK_CONSUMER) timestamp=1687 ms, used_size=4925440 bytes (12.0%)
(RDMA_READ_CONSUME_CHECK_CONSUMER) timestamp=1687 ms, used_size=4923392 bytes (12.0%)
(RDMA_READ_CONSUME_CHECK_CONSUMER) timestamp=1687 ms, used_size=4921344 bytes (12.0%)
(RDMA_READ_CONSUME_CHECK_CONSUMER) timestamp=1687 ms, used_size=4919296 bytes (12.0%)
(RDMA_READ_CONSUME_CHECK_CONSUMER) timestamp=1687 ms, used_size=4917248 bytes (12.0%)
(RDMA_READ_CONSUME_CHECK_CONSUMER) timestamp=1687 ms, used_size=4915200 bytes (12.0%)
(RDMA_READ_CONSUME_CHECK_CONSUMER) timestamp=1687 ms, used_size=4913152 bytes (12.0%)
(RDMA_READ_CONSUME_CHECK_CONSUMER) timestamp=1687 ms, used_size=4911104 bytes (12.0%)
(RDMA_READ_CONSUME_CHECK_CONSUMER) timestamp=1687 ms, used_size=4909056 bytes (12.0%)
(RDMA_READ_CONSUME_CHECK_CONSUMER) timestamp=1687 ms, used_size=4907008 bytes (12.0%)
(RDMA_READ_CONSUME_CHECK_CONSUMER) timestamp=1687 ms, used_size=4904960 bytes (12.0%)
(RDMA_READ_CONSUME_CHECK_CONSUMER) timestamp=1687 ms, used_size=4902912 bytes (12.0%)
(RDMA_READ_CONSUME_CHECK_CONSUMER) timestamp=1687 ms, used_size=4900864 bytes (12.0%)
(RDMA_READ_CONSUME_CHECK_CONSUMER) timestamp=1687 ms, used_size=4898816 bytes (12.0%)
(RDMA_READ_CONSUME_CHECK_CONSUMER) timestamp=1687 ms, used_size=4896768 bytes (12.0%)
(RDMA_READ_CONSUME_CHECK_CONSUMER) timestamp=1687 ms, used_size=4894720 bytes (11.9%)
(RDMA_READ_CONSUME_CHECK_CONSUMER) timestamp=1687 ms, used_size=4892672 bytes (11.9%)
(RDMA_READ_CONSUME_CHECK_CONSUMER) timestamp=1687 ms, used_size=4890624 bytes (11.9%)
(RDMA_READ_CONSUME_CHECK_CONSUMER) timestamp=1687 ms, used_size=4888576 bytes (11.9%)
(RDMA_READ_CONSUME_CHECK_CONSUMER) timestamp=1687 ms, used_size=4886528 bytes (11.9%)
(RDMA_READ_CONSUME_CHECK_CONSUMER) timestamp=1687 ms, used_size=4884480 bytes (11.9%)
(RDMA_READ_CONSUME_CHECK_CONSUMER) timestamp=1687 ms, used_size=4882432 bytes (11.9%)
(RDMA_READ_CONSUME_CHECK_CONSUMER) timestamp=1687 ms, used_size=4880384 bytes (11.9%)
(RDMA_READ_CONSUME_CHECK_CONSUMER) timestamp=1687 ms, used_size=4878336 bytes (11.9%)
(RDMA_READ_CONSUME_CHECK_CONSUMER) timestamp=1687 ms, used_size=4876288 bytes (11.9%)
(RDMA_READ_CONSUME_CHECK_CONSUMER) timestamp=1687 ms, used_size=4874240 bytes (11.9%)
(RDMA_READ_CONSUME_CHECK_CONSUMER) timestamp=1687 ms, used_size=4872192 bytes (11.9%)
(RDMA_READ_CONSUME_CHECK_CONSUMER) timestamp=1687 ms, used_size=4870144 bytes (11.9%)
(RDMA_READ_CONSUME_CHECK_CONSUMER) timestamp=1687 ms, used_size=4868096 bytes (11.9%)
(RDMA_READ_CONSUME_CHECK_CONSUMER) timestamp=1687 ms, used_size=4866048 bytes (11.9%)
(RDMA_READ_CONSUME_CHECK_CONSUMER) timestamp=1687 ms, used_size=4864000 bytes (11.9%)
(RDMA_READ_CONSUME_CHECK_CONSUMER) timestamp=1687 ms, used_size=4861952 bytes (11.9%)
(RDMA_READ_CONSUME_CHECK_CONSUMER) timestamp=1687 ms, used_size=4859904 bytes (11.9%)
(RDMA_READ_CONSUME_CHECK_CONSUMER) timestamp=1687 ms, used_size=4857856 bytes (11.9%)
(RDMA_READ_CONSUME_CHECK_CONSUMER) timestamp=1687 ms, used_size=4855808 bytes (11.9%)
(RDMA_READ_CONSUME_CHECK_CONSUMER) timestamp=1687 ms, used_size=4853760 bytes (11.8%)
(RDMA_READ_CONSUME_CHECK_CONSUMER) timestamp=1687 ms, used_size=4851712 bytes (11.8%)
(RDMA_READ_CONSUME_CHECK_CONSUMER) timestamp=1687 ms, used_size=4849664 bytes (11.8%)
(RDMA_READ_CONSUME_CHECK_CONSUMER) timestamp=1687 ms, used_size=4847616 bytes (11.8%)
(RDMA_READ_CONSUME_CHECK_CONSUMER) timestamp=1687 ms, used_size=4845568 bytes (11.8%)
(RDMA_READ_CONSUME_CHECK_CONSUMER) timestamp=1687 ms, used_size=4843520 bytes (11.8%)
(RDMA_READ_CONSUME_CHECK_CONSUMER) timestamp=1687 ms, used_size=4841472 bytes (11.8%)
(RDMA_READ_CONSUME_CHECK_CONSUMER) timestamp=1687 ms, used_size=4839424 bytes (11.8%)
(RDMA_READ_CONSUME_CHECK_CONSUMER) timestamp=1687 ms, used_size=4837376 bytes (11.8%)
(RDMA_READ_CONSUME_CHECK_CONSUMER) timestamp=1687 ms, used_size=4835328 bytes (11.8%)
(RDMA_READ_CONSUME_CHECK_CONSUMER) timestamp=1687 ms, used_size=4833280 bytes (11.8%)
(RDMA_READ_CONSUME_CHECK_CONSUMER) timestamp=1687 ms, used_size=4831232 bytes (11.8%)
(RDMA_READ_CONSUME_CHECK_CONSUMER) timestamp=1687 ms, used_size=4829184 bytes (11.8%)
(RDMA_READ_CONSUME_CHECK_CONSUMER) timestamp=1687 ms, used_size=4827136 bytes (11.8%)
(RDMA_READ_CONSUME_CHECK_CONSUMER) timestamp=1687 ms, used_size=4825088 bytes (11.8%)
(RDMA_READ_CONSUME_CHECK_CONSUMER) timestamp=1687 ms, used_size=4823040 bytes (11.8%)
(RDMA_READ_CONSUME_CHECK_CONSUMER) timestamp=1687 ms, used_size=4820992 bytes (11.8%)
(RDMA_READ_CONSUME_CHECK_CONSUMER) timestamp=1687 ms, used_size=4818944 bytes (11.8%)
(RDMA_READ_CONSUME_CHECK_CONSUMER) timestamp=1687 ms, used_size=4816896 bytes (11.8%)
(RDMA_READ_CONSUME_CHECK_CONSUMER) timestamp=1687 ms, used_size=4814848 bytes (11.8%)
(RDMA_READ_CONSUME_CHECK_CONSUMER) timestamp=1687 ms, used_size=4812800 bytes (11.8%)
(RDMA_READ_CONSUME_CHECK_CONSUMER) timestamp=1687 ms, used_size=4810752 bytes (11.7%)
(RDMA_READ_CONSUME_CHECK_CONSUMER) timestamp=1687 ms, used_size=4808704 bytes (11.7%)
(RDMA_READ_CONSUME_CHECK_CONSUMER) timestamp=1687 ms, used_size=4806656 bytes (11.7%)
(RDMA_READ_CONSUME_CHECK_CONSUMER) timestamp=1687 ms, used_size=4804608 bytes (11.7%)
(RDMA_READ_CONSUME_CHECK_CONSUMER) timestamp=1687 ms, used_size=4802560 bytes (11.7%)
(RDMA_READ_CONSUME_CHECK_CONSUMER) timestamp=1687 ms, used_size=4800512 bytes (11.7%)
(RDMA_READ_CONSUME_CHECK_CONSUMER) timestamp=1687 ms, used_size=4798464 bytes (11.7%)
(RDMA_READ_CONSUME_CHECK_CONSUMER) timestamp=1687 ms, used_size=4796416 bytes (11.7%)
(RDMA_READ_CONSUME_CHECK_CONSUMER) timestamp=1687 ms, used_size=4794368 bytes (11.7%)
(RDMA_READ_CONSUME_CHECK_CONSUMER) timestamp=1687 ms, used_size=4792320 bytes (11.7%)
(RDMA_READ_CONSUME_CHECK_CONSUMER) timestamp=1687 ms, used_size=4790272 bytes (11.7%)
(RDMA_READ_CONSUME_CHECK_CONSUMER) timestamp=1687 ms, used_size=4788224 bytes (11.7%)
(RDMA_READ_CONSUME_CHECK_CONSUMER) timestamp=1687 ms, used_size=4786176 bytes (11.7%)
(RDMA_READ_CONSUME_CHECK_CONSUMER) timestamp=1687 ms, used_size=4784128 bytes (11.7%)
(RDMA_READ_CONSUME_CHECK_CONSUMER) timestamp=1687 ms, used_size=4782080 bytes (11.7%)
(RDMA_READ_CONSUME_CHECK_CONSUMER) timestamp=1687 ms, used_size=4780032 bytes (11.7%)
(RDMA_READ_CONSUME_CHECK_CONSUMER) timestamp=1687 ms, used_size=4777984 bytes (11.7%)
(RDMA_READ_CONSUME_CHECK_CONSUMER) timestamp=1687 ms, used_size=4775936 bytes (11.7%)
(RDMA_READ_CONSUME_CHECK_CONSUMER) timestamp=1687 ms, used_size=4773888 bytes (11.7%)
(RDMA_READ_CONSUME_CHECK_CONSUMER) timestamp=1687 ms, used_size=4771840 bytes (11.7%)
(RDMA_READ_CONSUME_CHECK_CONSUMER) timestamp=1687 ms, used_size=4769792 bytes (11.6%)
(RDMA_READ_CONSUME_CHECK_CONSUMER) timestamp=1687 ms, used_size=4767744 bytes (11.6%)
(RDMA_READ_CONSUME_CHECK_CONSUMER) timestamp=1687 ms, used_size=4765696 bytes (11.6%)
(RDMA_READ_CONSUME_CHECK_CONSUMER) timestamp=1687 ms, used_size=4763648 bytes (11.6%)
(RDMA_READ_CONSUME_CHECK_CONSUMER) timestamp=1687 ms, used_size=4761600 bytes (11.6%)
(RDMA_READ_CONSUME_CHECK_CONSUMER) timestamp=1687 ms, used_size=4759552 bytes (11.6%)
(RDMA_READ_CONSUME_CHECK_CONSUMER) timestamp=1687 ms, used_size=4757504 bytes (11.6%)
(RDMA_READ_CONSUME_CHECK_CONSUMER) timestamp=1687 ms, used_size=4755456 bytes (11.6%)
(RDMA_READ_CONSUME_CHECK_CONSUMER) timestamp=1687 ms, used_size=4753408 bytes (11.6%)
(RDMA_READ_CONSUME_CHECK_CONSUMER) timestamp=1687 ms, used_size=4751360 bytes (11.6%)
(RDMA_READ_CONSUME_CHECK_CONSUMER) timestamp=1687 ms, used_size=4749312 bytes (11.6%)
(RDMA_READ_CONSUME_CHECK_CONSUMER) timestamp=1687 ms, used_size=4747264 bytes (11.6%)
(RDMA_READ_CONSUME_CHECK_CONSUMER) timestamp=1687 ms, used_size=4745216 bytes (11.6%)
(RDMA_READ_CONSUME_CHECK_CONSUMER) timestamp=1687 ms, used_size=4743168 bytes (11.6%)
(RDMA_READ_CONSUME_CHECK_CONSUMER) timestamp=1687 ms, used_size=4741120 bytes (11.6%)
(RDMA_READ_CONSUME_CHECK_CONSUMER) timestamp=1687 ms, used_size=4739072 bytes (11.6%)
(RDMA_READ_CONSUME_CHECK_CONSUMER) timestamp=1687 ms, used_size=4737024 bytes (11.6%)
(RDMA_READ_CONSUME_CHECK_CONSUMER) timestamp=1687 ms, used_size=4734976 bytes (11.6%)
(RDMA_READ_CONSUME_CHECK_CONSUMER) timestamp=1687 ms, used_size=4732928 bytes (11.6%)
(RDMA_READ_CONSUME_CHECK_CONSUMER) timestamp=1687 ms, used_size=4730880 bytes (11.6%)
(RDMA_READ_CONSUME_CHECK_CONSUMER) timestamp=1687 ms, used_size=4728832 bytes (11.5%)
(RDMA_READ_CONSUME_CHECK_CONSUMER) timestamp=1687 ms, used_size=4726784 bytes (11.5%)
(RDMA_READ_CONSUME_CHECK_CONSUMER) timestamp=1687 ms, used_size=4724736 bytes (11.5%)
(RDMA_READ_CONSUME_CHECK_CONSUMER) timestamp=1687 ms, used_size=4722688 bytes (11.5%)
(RDMA_READ_CONSUME_CHECK_CONSUMER) timestamp=1687 ms, used_size=4720640 bytes (11.5%)
(RDMA_READ_CONSUME_CHECK_CONSUMER) timestamp=1687 ms, used_size=4718592 bytes (11.5%)
(RDMA_READ_CONSUME_CHECK_CONSUMER) timestamp=1687 ms, used_size=4716544 bytes (11.5%)
(RDMA_READ_CONSUME_CHECK_CONSUMER) timestamp=1687 ms, used_size=4714496 bytes (11.5%)
(RDMA_READ_CONSUME_CHECK_CONSUMER) timestamp=1687 ms, used_size=4712448 bytes (11.5%)
(RDMA_READ_CONSUME_CHECK_CONSUMER) timestamp=1687 ms, used_size=4710400 bytes (11.5%)
(RDMA_READ_CONSUME_CHECK_CONSUMER) timestamp=1687 ms, used_size=4708352 bytes (11.5%)
(RDMA_READ_CONSUME_CHECK_CONSUMER) timestamp=1687 ms, used_size=4706304 bytes (11.5%)
(RDMA_READ_CONSUME_CHECK_CONSUMER) timestamp=1687 ms, used_size=4704256 bytes (11.5%)
(RDMA_READ_CONSUME_CHECK_CONSUMER) timestamp=1687 ms, used_size=4702208 bytes (11.5%)
(RDMA_READ_CONSUME_CHECK_CONSUMER) timestamp=1687 ms, used_size=4700160 bytes (11.5%)
(RDMA_READ_CONSUME_CHECK_CONSUMER) timestamp=1687 ms, used_size=4698112 bytes (11.5%)
(RDMA_READ_CONSUME_CHECK_CONSUMER) timestamp=1687 ms, used_size=4696064 bytes (11.5%)
(RDMA_READ_CONSUME_CHECK_CONSUMER) timestamp=1687 ms, used_size=4694016 bytes (11.5%)
(RDMA_READ_CONSUME_CHECK_CONSUMER) timestamp=1687 ms, used_size=4691968 bytes (11.5%)
(RDMA_READ_CONSUME_CHECK_CONSUMER) timestamp=1687 ms, used_size=4689920 bytes (11.4%)
(RDMA_READ_CONSUME_CHECK_CONSUMER) timestamp=1687 ms, used_size=4687872 bytes (11.4%)
(RDMA_READ_CONSUME_CHECK_CONSUMER) timestamp=1687 ms, used_size=4685824 bytes (11.4%)
(RDMA_READ_CONSUME_CHECK_CONSUMER) timestamp=1687 ms, used_size=4683776 bytes (11.4%)
(RDMA_READ_CONSUME_CHECK_CONSUMER) timestamp=1687 ms, used_size=4681728 bytes (11.4%)
(RDMA_READ_CONSUME_CHECK_CONSUMER) timestamp=1687 ms, used_size=4679680 bytes (11.4%)
(RDMA_READ_CONSUME_CHECK_CONSUMER) timestamp=1687 ms, used_size=4677632 bytes (11.4%)
(RDMA_READ_CONSUME_CHECK_CONSUMER) timestamp=1687 ms, used_size=4675584 bytes (11.4%)
(RDMA_READ_CONSUME_CHECK_CONSUMER) timestamp=1687 ms, used_size=4673536 bytes (11.4%)
(RDMA_READ_CONSUME_CHECK_CONSUMER) timestamp=1687 ms, used_size=4671488 bytes (11.4%)
(RDMA_READ_CONSUME_CHECK_CONSUMER) timestamp=1687 ms, used_size=4669440 bytes (11.4%)
(RDMA_READ_CONSUME_CHECK_CONSUMER) timestamp=1687 ms, used_size=4667392 bytes (11.4%)
(RDMA_READ_CONSUME_CHECK_CONSUMER) timestamp=1687 ms, used_size=4665344 bytes (11.4%)
(RDMA_READ_CONSUME_CHECK_CONSUMER) timestamp=1687 ms, used_size=4663296 bytes (11.4%)
(RDMA_READ_CONSUME_CHECK_CONSUMER) timestamp=1687 ms, used_size=4661248 bytes (11.4%)
(RDMA_READ_CONSUME_CHECK_CONSUMER) timestamp=1687 ms, used_size=4659200 bytes (11.4%)
(RDMA_READ_CONSUME_CHECK_CONSUMER) timestamp=1687 ms, used_size=4657152 bytes (11.4%)
(RDMA_READ_CONSUME_CHECK_CONSUMER) timestamp=1687 ms, used_size=4655104 bytes (11.4%)
(RDMA_READ_CONSUME_CHECK_CONSUMER) timestamp=1687 ms, used_size=4653056 bytes (11.4%)
(RDMA_READ_CONSUME_CHECK_CONSUMER) timestamp=1687 ms, used_size=4651008 bytes (11.4%)
(RDMA_READ_CONSUME_CHECK_CONSUMER) timestamp=1687 ms, used_size=4648960 bytes (11.3%)
(RDMA_READ_CONSUME_CHECK_CONSUMER) timestamp=1687 ms, used_size=4646912 bytes (11.3%)
(RDMA_READ_CONSUME_CHECK_CONSUMER) timestamp=1687 ms, used_size=4644864 bytes (11.3%)
(RDMA_READ_CONSUME_CHECK_CONSUMER) timestamp=1687 ms, used_size=4642816 bytes (11.3%)
(RDMA_READ_CONSUME_CHECK_CONSUMER) timestamp=1687 ms, used_size=4640768 bytes (11.3%)
(RDMA_READ_CONSUME_CHECK_CONSUMER) timestamp=1687 ms, used_size=4638720 bytes (11.3%)
(RDMA_READ_CONSUME_CHECK_CONSUMER) timestamp=1687 ms, used_size=4636672 bytes (11.3%)
(RDMA_READ_CONSUME_CHECK_CONSUMER) timestamp=1687 ms, used_size=4634624 bytes (11.3%)
(RDMA_READ_CONSUME_CHECK_CONSUMER) timestamp=1687 ms, used_size=4632576 bytes (11.3%)
(RDMA_READ_CONSUME_CHECK_CONSUMER) timestamp=1687 ms, used_size=4630528 bytes (11.3%)
(RDMA_READ_CONSUME_CHECK_CONSUMER) timestamp=1687 ms, used_size=4628480 bytes (11.3%)
(RDMA_READ_CONSUME_CHECK_CONSUMER) timestamp=1687 ms, used_size=4626432 bytes (11.3%)
(RDMA_READ_CONSUME_CHECK_CONSUMER) timestamp=1688 ms, used_size=4624384 bytes (11.3%)
(RDMA_READ_CONSUME_CHECK_CONSUMER) timestamp=1688 ms, used_size=4622336 bytes (11.3%)
(RDMA_READ_CONSUME_CHECK_CONSUMER) timestamp=1688 ms, used_size=4620288 bytes (11.3%)
(RDMA_READ_CONSUME_CHECK_CONSUMER) timestamp=1688 ms, used_size=4618240 bytes (11.3%)
(RDMA_READ_CONSUME_CHECK_CONSUMER) timestamp=1688 ms, used_size=4616192 bytes (11.3%)
(RDMA_READ_CONSUME_CHECK_CONSUMER) timestamp=1688 ms, used_size=4614144 bytes (11.3%)
(RDMA_READ_CONSUME_CHECK_CONSUMER) timestamp=1688 ms, used_size=4612096 bytes (11.3%)
(RDMA_READ_CONSUME_CHECK_CONSUMER) timestamp=1688 ms, used_size=4610048 bytes (11.3%)
(RDMA_READ_CONSUME_CHECK_CONSUMER) timestamp=1688 ms, used_size=4608000 bytes (11.2%)
(RDMA_READ_CONSUME_CHECK_CONSUMER) timestamp=1688 ms, used_size=4605952 bytes (11.2%)
(RDMA_READ_CONSUME_CHECK_CONSUMER) timestamp=1688 ms, used_size=4603904 bytes (11.2%)
(RDMA_READ_CONSUME_CHECK_CONSUMER) timestamp=1688 ms, used_size=4601856 bytes (11.2%)
(RDMA_READ_CONSUME_CHECK_CONSUMER) timestamp=1688 ms, used_size=4599808 bytes (11.2%)
(RDMA_READ_CONSUME_CHECK_CONSUMER) timestamp=1688 ms, used_size=4597760 bytes (11.2%)
(RDMA_READ_CONSUME_CHECK_CONSUMER) timestamp=1688 ms, used_size=4595712 bytes (11.2%)
(RDMA_READ_CONSUME_CHECK_CONSUMER) timestamp=1688 ms, used_size=4593664 bytes (11.2%)
(RDMA_READ_CONSUME_CHECK_CONSUMER) timestamp=1688 ms, used_size=4591616 bytes (11.2%)
(RDMA_READ_CONSUME_CHECK_CONSUMER) timestamp=1688 ms, used_size=4589568 bytes (11.2%)
(RDMA_READ_CONSUME_CHECK_CONSUMER) timestamp=1688 ms, used_size=4587520 bytes (11.2%)
(RDMA_READ_CONSUME_CHECK_CONSUMER) timestamp=1688 ms, used_size=4585472 bytes (11.2%)
(RDMA_READ_CONSUME_CHECK_CONSUMER) timestamp=1688 ms, used_size=4583424 bytes (11.2%)
(RDMA_READ_CONSUME_CHECK_CONSUMER) timestamp=1688 ms, used_size=4581376 bytes (11.2%)
(RDMA_READ_CONSUME_CHECK_CONSUMER) timestamp=1688 ms, used_size=4579328 bytes (11.2%)
(RDMA_READ_CONSUME_CHECK_CONSUMER) timestamp=1688 ms, used_size=4577280 bytes (11.2%)
(RDMA_READ_CONSUME_CHECK_CONSUMER) timestamp=1688 ms, used_size=4575232 bytes (11.2%)
(RDMA_READ_CONSUME_CHECK_CONSUMER) timestamp=1688 ms, used_size=4573184 bytes (11.2%)
(RDMA_READ_CONSUME_CHECK_CONSUMER) timestamp=1688 ms, used_size=4571136 bytes (11.2%)
(RDMA_READ_CONSUME_CHECK_CONSUMER) timestamp=1688 ms, used_size=4569088 bytes (11.2%)
(RDMA_READ_CONSUME_CHECK_CONSUMER) timestamp=1688 ms, used_size=4567040 bytes (11.2%)
(RDMA_READ_CONSUME_CHECK_CONSUMER) timestamp=1688 ms, used_size=4564992 bytes (11.1%)
(RDMA_READ_CONSUME_CHECK_CONSUMER) timestamp=1688 ms, used_size=4562944 bytes (11.1%)
(RDMA_READ_CONSUME_CHECK_CONSUMER) timestamp=1688 ms, used_size=4560896 bytes (11.1%)
(RDMA_READ_CONSUME_CHECK_CONSUMER) timestamp=1688 ms, used_size=4558848 bytes (11.1%)
(RDMA_READ_CONSUME_CHECK_CONSUMER) timestamp=1688 ms, used_size=4556800 bytes (11.1%)
(RDMA_READ_CONSUME_CHECK_CONSUMER) timestamp=1688 ms, used_size=4554752 bytes (11.1%)
(RDMA_READ_CONSUME_CHECK_CONSUMER) timestamp=1688 ms, used_size=4552704 bytes (11.1%)
(RDMA_READ_CONSUME_CHECK_CONSUMER) timestamp=1688 ms, used_size=4550656 bytes (11.1%)
(RDMA_READ_CONSUME_CHECK_CONSUMER) timestamp=1688 ms, used_size=4548608 bytes (11.1%)
(RDMA_READ_CONSUME_CHECK_CONSUMER) timestamp=1688 ms, used_size=4546560 bytes (11.1%)
(RDMA_READ_CONSUME_CHECK_CONSUMER) timestamp=1688 ms, used_size=4544512 bytes (11.1%)
(RDMA_READ_CONSUME_CHECK_CONSUMER) timestamp=1688 ms, used_size=4542464 bytes (11.1%)
(RDMA_READ_CONSUME_CHECK_CONSUMER) timestamp=1688 ms, used_size=4540416 bytes (11.1%)
(RDMA_READ_CONSUME_CHECK_CONSUMER) timestamp=1688 ms, used_size=4538368 bytes (11.1%)
(RDMA_READ_CONSUME_CHECK_CONSUMER) timestamp=1688 ms, used_size=4536320 bytes (11.1%)
(RDMA_READ_CONSUME_CHECK_CONSUMER) timestamp=1688 ms, used_size=4534272 bytes (11.1%)
(RDMA_READ_CONSUME_CHECK_CONSUMER) timestamp=1688 ms, used_size=4532224 bytes (11.1%)
(RDMA_READ_CONSUME_CHECK_CONSUMER) timestamp=1688 ms, used_size=4530176 bytes (11.1%)
(RDMA_READ_CONSUME_CHECK_CONSUMER) timestamp=1688 ms, used_size=4528128 bytes (11.1%)
(RDMA_READ_CONSUME_CHECK_CONSUMER) timestamp=1688 ms, used_size=4526080 bytes (11.1%)
(RDMA_READ_CONSUME_CHECK_CONSUMER) timestamp=1688 ms, used_size=4524032 bytes (11.0%)
(RDMA_READ_CONSUME_CHECK_CONSUMER) timestamp=1688 ms, used_size=4521984 bytes (11.0%)
(RDMA_READ_CONSUME_CHECK_CONSUMER) timestamp=1688 ms, used_size=4519936 bytes (11.0%)
(RDMA_READ_CONSUME_CHECK_CONSUMER) timestamp=1688 ms, used_size=4517888 bytes (11.0%)
(RDMA_READ_CONSUME_CHECK_CONSUMER) timestamp=1688 ms, used_size=4515840 bytes (11.0%)
(RDMA_READ_CONSUME_CHECK_CONSUMER) timestamp=1688 ms, used_size=4513792 bytes (11.0%)
(RDMA_READ_CONSUME_CHECK_CONSUMER) timestamp=1688 ms, used_size=4511744 bytes (11.0%)
(RDMA_READ_CONSUME_CHECK_CONSUMER) timestamp=1688 ms, used_size=4509696 bytes (11.0%)
(RDMA_READ_CONSUME_CHECK_CONSUMER) timestamp=1688 ms, used_size=4507648 bytes (11.0%)
(RDMA_READ_CONSUME_CHECK_CONSUMER) timestamp=1688 ms, used_size=4505600 bytes (11.0%)
(RDMA_READ_CONSUME_CHECK_CONSUMER) timestamp=1688 ms, used_size=4503552 bytes (11.0%)
(RDMA_READ_CONSUME_CHECK_CONSUMER) timestamp=1688 ms, used_size=4501504 bytes (11.0%)
(RDMA_READ_CONSUME_CHECK_CONSUMER) timestamp=1688 ms, used_size=4499456 bytes (11.0%)
(RDMA_READ_CONSUME_CHECK_CONSUMER) timestamp=1688 ms, used_size=4497408 bytes (11.0%)
(RDMA_READ_CONSUME_CHECK_CONSUMER) timestamp=1688 ms, used_size=4495360 bytes (11.0%)
(RDMA_READ_CONSUME_CHECK_CONSUMER) timestamp=1688 ms, used_size=4493312 bytes (11.0%)
(RDMA_READ_CONSUME_CHECK_CONSUMER) timestamp=1688 ms, used_size=4491264 bytes (11.0%)
(RDMA_READ_CONSUME_CHECK_CONSUMER) timestamp=1688 ms, used_size=4489216 bytes (11.0%)
(RDMA_READ_CONSUME_CHECK_CONSUMER) timestamp=1688 ms, used_size=4487168 bytes (11.0%)
(RDMA_READ_CONSUME_CHECK_CONSUMER) timestamp=1688 ms, used_size=4485120 bytes (10.9%)
(RDMA_READ_CONSUME_CHECK_CONSUMER) timestamp=1688 ms, used_size=4483072 bytes (10.9%)
(RDMA_READ_CONSUME_CHECK_CONSUMER) timestamp=1688 ms, used_size=4481024 bytes (10.9%)
(RDMA_READ_CONSUME_CHECK_CONSUMER) timestamp=1688 ms, used_size=4478976 bytes (10.9%)
(RDMA_READ_CONSUME_CHECK_CONSUMER) timestamp=1688 ms, used_size=4476928 bytes (10.9%)
(RDMA_READ_CONSUME_CHECK_CONSUMER) timestamp=1688 ms, used_size=4474880 bytes (10.9%)
(RDMA_READ_CONSUME_CHECK_CONSUMER) timestamp=1688 ms, used_size=4472832 bytes (10.9%)
(RDMA_READ_CONSUME_CHECK_CONSUMER) timestamp=1688 ms, used_size=4470784 bytes (10.9%)
(RDMA_READ_CONSUME_CHECK_CONSUMER) timestamp=1688 ms, used_size=4468736 bytes (10.9%)
(RDMA_READ_CONSUME_CHECK_CONSUMER) timestamp=1688 ms, used_size=4466688 bytes (10.9%)
(RDMA_READ_CONSUME_CHECK_CONSUMER) timestamp=1688 ms, used_size=4464640 bytes (10.9%)
(RDMA_READ_CONSUME_CHECK_CONSUMER) timestamp=1688 ms, used_size=4462592 bytes (10.9%)
(RDMA_READ_CONSUME_CHECK_CONSUMER) timestamp=1688 ms, used_size=4460544 bytes (10.9%)
(RDMA_READ_CONSUME_CHECK_CONSUMER) timestamp=1688 ms, used_size=4458496 bytes (10.9%)
(RDMA_READ_CONSUME_CHECK_CONSUMER) timestamp=1688 ms, used_size=4456448 bytes (10.9%)
(RDMA_READ_CONSUME_CHECK_CONSUMER) timestamp=1688 ms, used_size=4454400 bytes (10.9%)
(RDMA_READ_CONSUME_CHECK_CONSUMER) timestamp=1688 ms, used_size=4452352 bytes (10.9%)
(RDMA_READ_CONSUME_CHECK_CONSUMER) timestamp=1688 ms, used_size=4450304 bytes (10.9%)
(RDMA_READ_CONSUME_CHECK_CONSUMER) timestamp=1688 ms, used_size=4448256 bytes (10.9%)
(RDMA_READ_CONSUME_CHECK_CONSUMER) timestamp=1688 ms, used_size=4446208 bytes (10.9%)
(RDMA_READ_CONSUME_CHECK_CONSUMER) timestamp=1688 ms, used_size=4444160 bytes (10.8%)
(RDMA_READ_CONSUME_CHECK_CONSUMER) timestamp=1688 ms, used_size=4442112 bytes (10.8%)
(RDMA_READ_CONSUME_CHECK_CONSUMER) timestamp=1688 ms, used_size=4440064 bytes (10.8%)
(RDMA_READ_CONSUME_CHECK_CONSUMER) timestamp=1688 ms, used_size=4438016 bytes (10.8%)
(RDMA_READ_CONSUME_CHECK_CONSUMER) timestamp=1688 ms, used_size=4435968 bytes (10.8%)
(RDMA_READ_CONSUME_CHECK_CONSUMER) timestamp=1688 ms, used_size=4433920 bytes (10.8%)
(RDMA_READ_CONSUME_CHECK_CONSUMER) timestamp=1688 ms, used_size=4431872 bytes (10.8%)
(RDMA_READ_CONSUME_CHECK_CONSUMER) timestamp=1688 ms, used_size=4429824 bytes (10.8%)
(RDMA_READ_CONSUME_CHECK_CONSUMER) timestamp=1688 ms, used_size=4427776 bytes (10.8%)
(RDMA_READ_CONSUME_CHECK_CONSUMER) timestamp=1688 ms, used_size=4425728 bytes (10.8%)
(RDMA_READ_CONSUME_CHECK_CONSUMER) timestamp=1688 ms, used_size=4423680 bytes (10.8%)
(RDMA_READ_CONSUME_CHECK_CONSUMER) timestamp=1688 ms, used_size=4421632 bytes (10.8%)
(RDMA_READ_CONSUME_CHECK_CONSUMER) timestamp=1688 ms, used_size=4419584 bytes (10.8%)
(RDMA_READ_CONSUME_CHECK_CONSUMER) timestamp=1688 ms, used_size=4417536 bytes (10.8%)
(RDMA_READ_CONSUME_CHECK_CONSUMER) timestamp=1688 ms, used_size=4415488 bytes (10.8%)
(RDMA_READ_CONSUME_CHECK_CONSUMER) timestamp=1688 ms, used_size=4413440 bytes (10.8%)
(RDMA_READ_CONSUME_CHECK_CONSUMER) timestamp=1688 ms, used_size=4411392 bytes (10.8%)
(RDMA_READ_CONSUME_CHECK_CONSUMER) timestamp=1688 ms, used_size=4409344 bytes (10.8%)
(RDMA_READ_CONSUME_CHECK_CONSUMER) timestamp=1688 ms, used_size=4407296 bytes (10.8%)
(RDMA_READ_CONSUME_CHECK_CONSUMER) timestamp=1688 ms, used_size=4405248 bytes (10.8%)
(RDMA_READ_CONSUME_CHECK_CONSUMER) timestamp=1688 ms, used_size=4403200 bytes (10.8%)
(RDMA_READ_CONSUME_CHECK_CONSUMER) timestamp=1688 ms, used_size=4401152 bytes (10.7%)
(RDMA_READ_CONSUME_CHECK_CONSUMER) timestamp=1688 ms, used_size=4399104 bytes (10.7%)
(RDMA_READ_CONSUME_CHECK_CONSUMER) timestamp=1688 ms, used_size=4397056 bytes (10.7%)
(RDMA_READ_CONSUME_CHECK_CONSUMER) timestamp=1688 ms, used_size=4395008 bytes (10.7%)
(RDMA_READ_CONSUME_CHECK_CONSUMER) timestamp=1688 ms, used_size=4392960 bytes (10.7%)
(RDMA_READ_CONSUME_CHECK_CONSUMER) timestamp=1688 ms, used_size=4390912 bytes (10.7%)
(RDMA_READ_CONSUME_CHECK_CONSUMER) timestamp=1688 ms, used_size=4388864 bytes (10.7%)
(RDMA_READ_CONSUME_CHECK_CONSUMER) timestamp=1688 ms, used_size=4386816 bytes (10.7%)
(RDMA_READ_CONSUME_CHECK_CONSUMER) timestamp=1688 ms, used_size=4384768 bytes (10.7%)
(RDMA_READ_CONSUME_CHECK_CONSUMER) timestamp=1688 ms, used_size=4382720 bytes (10.7%)
(RDMA_READ_CONSUME_CHECK_CONSUMER) timestamp=1688 ms, used_size=4380672 bytes (10.7%)
(RDMA_READ_CONSUME_CHECK_CONSUMER) timestamp=1688 ms, used_size=4378624 bytes (10.7%)
(RDMA_READ_CONSUME_CHECK_CONSUMER) timestamp=1688 ms, used_size=4376576 bytes (10.7%)
(RDMA_READ_CONSUME_CHECK_CONSUMER) timestamp=1688 ms, used_size=4374528 bytes (10.7%)
(RDMA_READ_CONSUME_CHECK_CONSUMER) timestamp=1688 ms, used_size=4372480 bytes (10.7%)
(RDMA_READ_CONSUME_CHECK_CONSUMER) timestamp=1688 ms, used_size=4370432 bytes (10.7%)
(RDMA_READ_CONSUME_CHECK_CONSUMER) timestamp=1688 ms, used_size=4368384 bytes (10.7%)
(RDMA_READ_CONSUME_CHECK_CONSUMER) timestamp=1688 ms, used_size=4366336 bytes (10.7%)
(RDMA_READ_CONSUME_CHECK_CONSUMER) timestamp=1688 ms, used_size=4364288 bytes (10.7%)
(RDMA_READ_CONSUME_CHECK_CONSUMER) timestamp=1688 ms, used_size=4362240 bytes (10.7%)
(RDMA_READ_CONSUME_CHECK_CONSUMER) timestamp=1688 ms, used_size=4360192 bytes (10.6%)
(RDMA_READ_CONSUME_CHECK_CONSUMER) timestamp=1688 ms, used_size=4358144 bytes (10.6%)
(RDMA_READ_CONSUME_CHECK_CONSUMER) timestamp=1688 ms, used_size=4356096 bytes (10.6%)
(RDMA_READ_CONSUME_CHECK_CONSUMER) timestamp=1688 ms, used_size=4354048 bytes (10.6%)
(RDMA_READ_CONSUME_CHECK_CONSUMER) timestamp=1688 ms, used_size=4352000 bytes (10.6%)
(RDMA_READ_CONSUME_CHECK_CONSUMER) timestamp=1688 ms, used_size=4349952 bytes (10.6%)
(RDMA_READ_CONSUME_CHECK_CONSUMER) timestamp=1688 ms, used_size=4347904 bytes (10.6%)
(RDMA_READ_CONSUME_CHECK_CONSUMER) timestamp=1688 ms, used_size=4345856 bytes (10.6%)
(RDMA_READ_CONSUME_CHECK_CONSUMER) timestamp=1688 ms, used_size=4343808 bytes (10.6%)
(RDMA_READ_CONSUME_CHECK_CONSUMER) timestamp=1688 ms, used_size=4341760 bytes (10.6%)
(RDMA_READ_CONSUME_CHECK_CONSUMER) timestamp=1688 ms, used_size=4339712 bytes (10.6%)
(RDMA_READ_CONSUME_CHECK_CONSUMER) timestamp=1688 ms, used_size=4337664 bytes (10.6%)
(RDMA_READ_CONSUME_CHECK_CONSUMER) timestamp=1688 ms, used_size=4335616 bytes (10.6%)
(RDMA_READ_CONSUME_CHECK_CONSUMER) timestamp=1688 ms, used_size=4333568 bytes (10.6%)
(RDMA_READ_CONSUME_CHECK_CONSUMER) timestamp=1688 ms, used_size=4331520 bytes (10.6%)
(RDMA_READ_CONSUME_CHECK_CONSUMER) timestamp=1688 ms, used_size=4329472 bytes (10.6%)
(RDMA_READ_CONSUME_CHECK_CONSUMER) timestamp=1688 ms, used_size=4327424 bytes (10.6%)
(RDMA_READ_CONSUME_CHECK_CONSUMER) timestamp=1688 ms, used_size=4325376 bytes (10.6%)
(RDMA_READ_CONSUME_CHECK_CONSUMER) timestamp=1688 ms, used_size=4323328 bytes (10.6%)
(RDMA_READ_CONSUME_CHECK_CONSUMER) timestamp=1688 ms, used_size=4321280 bytes (10.6%)
(RDMA_READ_CONSUME_CHECK_CONSUMER) timestamp=1688 ms, used_size=4319232 bytes (10.5%)
(RDMA_READ_CONSUME_CHECK_CONSUMER) timestamp=1688 ms, used_size=4317184 bytes (10.5%)
(RDMA_READ_CONSUME_CHECK_CONSUMER) timestamp=1688 ms, used_size=4315136 bytes (10.5%)
(RDMA_READ_CONSUME_CHECK_CONSUMER) timestamp=1688 ms, used_size=4313088 bytes (10.5%)
(RDMA_READ_CONSUME_CHECK_CONSUMER) timestamp=1688 ms, used_size=4311040 bytes (10.5%)
(RDMA_READ_CONSUME_CHECK_CONSUMER) timestamp=1688 ms, used_size=4308992 bytes (10.5%)
(RDMA_READ_CONSUME_CHECK_CONSUMER) timestamp=1688 ms, used_size=4306944 bytes (10.5%)
(RDMA_READ_CONSUME_CHECK_CONSUMER) timestamp=1688 ms, used_size=4304896 bytes (10.5%)
(RDMA_READ_CONSUME_CHECK_CONSUMER) timestamp=1688 ms, used_size=4302848 bytes (10.5%)
(RDMA_READ_CONSUME_CHECK_CONSUMER) timestamp=1688 ms, used_size=4300800 bytes (10.5%)
(RDMA_READ_CONSUME_CHECK_CONSUMER) timestamp=1688 ms, used_size=4298752 bytes (10.5%)
(RDMA_READ_CONSUME_CHECK_CONSUMER) timestamp=1688 ms, used_size=4296704 bytes (10.5%)
(RDMA_READ_CONSUME_CHECK_CONSUMER) timestamp=1688 ms, used_size=4294656 bytes (10.5%)
(RDMA_READ_CONSUME_CHECK_CONSUMER) timestamp=1688 ms, used_size=4292608 bytes (10.5%)
(RDMA_READ_CONSUME_CHECK_CONSUMER) timestamp=1688 ms, used_size=4290560 bytes (10.5%)
(RDMA_READ_CONSUME_CHECK_CONSUMER) timestamp=1688 ms, used_size=4288512 bytes (10.5%)
(RDMA_READ_CONSUME_CHECK_CONSUMER) timestamp=1688 ms, used_size=4286464 bytes (10.5%)
(RDMA_READ_CONSUME_CHECK_CONSUMER) timestamp=1688 ms, used_size=4284416 bytes (10.5%)
(RDMA_READ_CONSUME_CHECK_CONSUMER) timestamp=1688 ms, used_size=4282368 bytes (10.5%)
(RDMA_READ_CONSUME_CHECK_CONSUMER) timestamp=1688 ms, used_size=4280320 bytes (10.4%)
(RDMA_READ_CONSUME_CHECK_CONSUMER) timestamp=1688 ms, used_size=4278272 bytes (10.4%)
(RDMA_READ_CONSUME_CHECK_CONSUMER) timestamp=1688 ms, used_size=4276224 bytes (10.4%)
(RDMA_READ_CONSUME_CHECK_CONSUMER) timestamp=1688 ms, used_size=4274176 bytes (10.4%)
(RDMA_READ_CONSUME_CHECK_CONSUMER) timestamp=1688 ms, used_size=4272128 bytes (10.4%)
(RDMA_READ_CONSUME_CHECK_CONSUMER) timestamp=1688 ms, used_size=4270080 bytes (10.4%)
(RDMA_READ_CONSUME_CHECK_CONSUMER) timestamp=1688 ms, used_size=4268032 bytes (10.4%)
(RDMA_READ_CONSUME_CHECK_CONSUMER) timestamp=1688 ms, used_size=4265984 bytes (10.4%)
(RDMA_READ_CONSUME_CHECK_CONSUMER) timestamp=1688 ms, used_size=4263936 bytes (10.4%)
(RDMA_READ_CONSUME_CHECK_CONSUMER) timestamp=1688 ms, used_size=4261888 bytes (10.4%)
(RDMA_READ_CONSUME_CHECK_CONSUMER) timestamp=1689 ms, used_size=4259840 bytes (10.4%)
(RDMA_READ_CONSUME_CHECK_CONSUMER) timestamp=1689 ms, used_size=4257792 bytes (10.4%)
(RDMA_READ_CONSUME_CHECK_CONSUMER) timestamp=1689 ms, used_size=4255744 bytes (10.4%)
(RDMA_READ_CONSUME_CHECK_CONSUMER) timestamp=1689 ms, used_size=4253696 bytes (10.4%)
(RDMA_READ_CONSUME_CHECK_CONSUMER) timestamp=1689 ms, used_size=4251648 bytes (10.4%)
(RDMA_READ_CONSUME_CHECK_CONSUMER) timestamp=1689 ms, used_size=4249600 bytes (10.4%)
(RDMA_READ_CONSUME_CHECK_CONSUMER) timestamp=1689 ms, used_size=4247552 bytes (10.4%)
(RDMA_READ_CONSUME_CHECK_CONSUMER) timestamp=1689 ms, used_size=4245504 bytes (10.4%)
(RDMA_READ_CONSUME_CHECK_CONSUMER) timestamp=1689 ms, used_size=4243456 bytes (10.4%)
(RDMA_READ_CONSUME_CHECK_CONSUMER) timestamp=1689 ms, used_size=4241408 bytes (10.4%)
(RDMA_READ_CONSUME_CHECK_CONSUMER) timestamp=1689 ms, used_size=4239360 bytes (10.3%)
(RDMA_READ_CONSUME_CHECK_CONSUMER) timestamp=1689 ms, used_size=4237312 bytes (10.3%)
(RDMA_READ_CONSUME_CHECK_CONSUMER) timestamp=1689 ms, used_size=4235264 bytes (10.3%)
(RDMA_READ_CONSUME_CHECK_CONSUMER) timestamp=1689 ms, used_size=4233216 bytes (10.3%)
(RDMA_READ_CONSUME_CHECK_CONSUMER) timestamp=1689 ms, used_size=4231168 bytes (10.3%)
(RDMA_READ_CONSUME_CHECK_CONSUMER) timestamp=1689 ms, used_size=4229120 bytes (10.3%)
(RDMA_READ_CONSUME_CHECK_CONSUMER) timestamp=1689 ms, used_size=4227072 bytes (10.3%)
(RDMA_READ_CONSUME_CHECK_CONSUMER) timestamp=1689 ms, used_size=4225024 bytes (10.3%)
(RDMA_READ_CONSUME_CHECK_CONSUMER) timestamp=1689 ms, used_size=4222976 bytes (10.3%)
(RDMA_READ_CONSUME_CHECK_CONSUMER) timestamp=1689 ms, used_size=4220928 bytes (10.3%)
(RDMA_READ_CONSUME_CHECK_CONSUMER) timestamp=1689 ms, used_size=4218880 bytes (10.3%)
(RDMA_READ_CONSUME_CHECK_CONSUMER) timestamp=1689 ms, used_size=4216832 bytes (10.3%)
(RDMA_READ_CONSUME_CHECK_CONSUMER) timestamp=1689 ms, used_size=4214784 bytes (10.3%)
(RDMA_READ_CONSUME_CHECK_CONSUMER) timestamp=1689 ms, used_size=4212736 bytes (10.3%)
(RDMA_READ_CONSUME_CHECK_CONSUMER) timestamp=1689 ms, used_size=4210688 bytes (10.3%)
(RDMA_READ_CONSUME_CHECK_CONSUMER) timestamp=1689 ms, used_size=4208640 bytes (10.3%)
(RDMA_READ_CONSUME_CHECK_CONSUMER) timestamp=1689 ms, used_size=4206592 bytes (10.3%)
(RDMA_READ_CONSUME_CHECK_CONSUMER) timestamp=1689 ms, used_size=4204544 bytes (10.3%)
(RDMA_READ_CONSUME_CHECK_CONSUMER) timestamp=1689 ms, used_size=4202496 bytes (10.3%)
(RDMA_READ_CONSUME_CHECK_CONSUMER) timestamp=1689 ms, used_size=4200448 bytes (10.3%)
(RDMA_READ_CONSUME_CHECK_CONSUMER) timestamp=1689 ms, used_size=4198400 bytes (10.2%)
(RDMA_READ_CONSUME_CHECK_CONSUMER) timestamp=1689 ms, used_size=4196352 bytes (10.2%)
(RDMA_READ_CONSUME_CHECK_CONSUMER) timestamp=1689 ms, used_size=4194304 bytes (10.2%)
(RDMA_READ_CONSUME_CHECK_CONSUMER) timestamp=1689 ms, used_size=4192256 bytes (10.2%)
(RDMA_READ_CONSUME_CHECK_CONSUMER) timestamp=1689 ms, used_size=4190208 bytes (10.2%)
(RDMA_READ_CONSUME_CHECK_CONSUMER) timestamp=1689 ms, used_size=4188160 bytes (10.2%)
(RDMA_READ_CONSUME_CHECK_CONSUMER) timestamp=1689 ms, used_size=4186112 bytes (10.2%)
(RDMA_READ_CONSUME_CHECK_CONSUMER) timestamp=1689 ms, used_size=4184064 bytes (10.2%)
(RDMA_READ_CONSUME_CHECK_CONSUMER) timestamp=1689 ms, used_size=4182016 bytes (10.2%)
(RDMA_READ_CONSUME_CHECK_CONSUMER) timestamp=1689 ms, used_size=4179968 bytes (10.2%)
(RDMA_READ_CONSUME_CHECK_CONSUMER) timestamp=1689 ms, used_size=4177920 bytes (10.2%)
(RDMA_READ_CONSUME_CHECK_CONSUMER) timestamp=1689 ms, used_size=4175872 bytes (10.2%)
(RDMA_READ_CONSUME_CHECK_CONSUMER) timestamp=1689 ms, used_size=4173824 bytes (10.2%)
(RDMA_READ_CONSUME_CHECK_CONSUMER) timestamp=1689 ms, used_size=4171776 bytes (10.2%)
(RDMA_READ_CONSUME_CHECK_CONSUMER) timestamp=1689 ms, used_size=4169728 bytes (10.2%)
(RDMA_READ_CONSUME_CHECK_CONSUMER) timestamp=1689 ms, used_size=4167680 bytes (10.2%)
(RDMA_READ_CONSUME_CHECK_CONSUMER) timestamp=1689 ms, used_size=4165632 bytes (10.2%)
(RDMA_READ_CONSUME_CHECK_CONSUMER) timestamp=1689 ms, used_size=4163584 bytes (10.2%)
(RDMA_READ_CONSUME_CHECK_CONSUMER) timestamp=1689 ms, used_size=4161536 bytes (10.2%)
(RDMA_READ_CONSUME_CHECK_CONSUMER) timestamp=1689 ms, used_size=4159488 bytes (10.2%)
(RDMA_READ_CONSUME_CHECK_CONSUMER) timestamp=1689 ms, used_size=4157440 bytes (10.2%)
(RDMA_READ_CONSUME_CHECK_CONSUMER) timestamp=1689 ms, used_size=4155392 bytes (10.1%)
(RDMA_READ_CONSUME_CHECK_CONSUMER) timestamp=1689 ms, used_size=4153344 bytes (10.1%)
(RDMA_READ_CONSUME_CHECK_CONSUMER) timestamp=1689 ms, used_size=4151296 bytes (10.1%)
(RDMA_READ_CONSUME_CHECK_CONSUMER) timestamp=1689 ms, used_size=4149248 bytes (10.1%)
(RDMA_READ_CONSUME_CHECK_CONSUMER) timestamp=1689 ms, used_size=4147200 bytes (10.1%)
(RDMA_READ_CONSUME_CHECK_CONSUMER) timestamp=1689 ms, used_size=4145152 bytes (10.1%)
(RDMA_READ_CONSUME_CHECK_CONSUMER) timestamp=1689 ms, used_size=4143104 bytes (10.1%)
(RDMA_READ_CONSUME_CHECK_CONSUMER) timestamp=1689 ms, used_size=4141056 bytes (10.1%)
(RDMA_READ_CONSUME_CHECK_CONSUMER) timestamp=1689 ms, used_size=4139008 bytes (10.1%)
(RDMA_READ_CONSUME_CHECK_CONSUMER) timestamp=1689 ms, used_size=4136960 bytes (10.1%)
(RDMA_READ_CONSUME_CHECK_CONSUMER) timestamp=1689 ms, used_size=4134912 bytes (10.1%)
(RDMA_READ_CONSUME_CHECK_CONSUMER) timestamp=1689 ms, used_size=4132864 bytes (10.1%)
(RDMA_READ_CONSUME_CHECK_CONSUMER) timestamp=1689 ms, used_size=4130816 bytes (10.1%)
(RDMA_READ_CONSUME_CHECK_CONSUMER) timestamp=1689 ms, used_size=4128768 bytes (10.1%)
(RDMA_READ_CONSUME_CHECK_CONSUMER) timestamp=1689 ms, used_size=4126720 bytes (10.1%)
(RDMA_READ_CONSUME_CHECK_CONSUMER) timestamp=1689 ms, used_size=4124672 bytes (10.1%)
(RDMA_READ_CONSUME_CHECK_CONSUMER) timestamp=1689 ms, used_size=4122624 bytes (10.1%)
(RDMA_READ_CONSUME_CHECK_CONSUMER) timestamp=1689 ms, used_size=4120576 bytes (10.1%)
(RDMA_READ_CONSUME_CHECK_CONSUMER) timestamp=1689 ms, used_size=4118528 bytes (10.1%)
(RDMA_READ_CONSUME_CHECK_CONSUMER) timestamp=1689 ms, used_size=4116480 bytes (10.1%)
(RDMA_READ_CONSUME_CHECK_CONSUMER) timestamp=1689 ms, used_size=4114432 bytes (10.0%)
(RDMA_READ_CONSUME_CHECK_CONSUMER) timestamp=1689 ms, used_size=4112384 bytes (10.0%)
(RDMA_READ_CONSUME_CHECK_CONSUMER) timestamp=1689 ms, used_size=4110336 bytes (10.0%)
(RDMA_READ_CONSUME_CHECK_CONSUMER) timestamp=1689 ms, used_size=4108288 bytes (10.0%)
(RDMA_READ_CONSUME_CHECK_CONSUMER) timestamp=1689 ms, used_size=4106240 bytes (10.0%)
(RDMA_READ_CONSUME_CHECK_CONSUMER) timestamp=1689 ms, used_size=4104192 bytes (10.0%)
(RDMA_READ_CONSUME_CHECK_CONSUMER) timestamp=1689 ms, used_size=4102144 bytes (10.0%)
(RDMA_READ_CONSUME_CHECK_CONSUMER) timestamp=1689 ms, used_size=4100096 bytes (10.0%)
(RDMA_READ_CONSUME_CHECK_CONSUMER) timestamp=1689 ms, used_size=4098048 bytes (10.0%)
(RDMA_READ_CONSUME_CHECK_CONSUMER) timestamp=1689 ms, used_size=4096000 bytes (10.0%)
(RDMA_READ_CONSUME_CHECK_CONSUMER) timestamp=1689 ms, used_size=4093952 bytes (10.0%)
(RDMA_READ_CONSUME_CHECK_CONSUMER) timestamp=1689 ms, used_size=4091904 bytes (10.0%)
(RDMA_READ_CONSUME_CHECK_CONSUMER) timestamp=1689 ms, used_size=4089856 bytes (10.0%)
(RDMA_READ_CONSUME_CHECK_CONSUMER) timestamp=1689 ms, used_size=4087808 bytes (10.0%)
(RDMA_READ_CONSUME_CHECK_CONSUMER) timestamp=1689 ms, used_size=4085760 bytes (10.0%)
(RDMA_READ_CONSUME_CHECK_CONSUMER) timestamp=1689 ms, used_size=4083712 bytes (10.0%)
(RDMA_READ_CONSUME_CHECK_CONSUMER) timestamp=1689 ms, used_size=4081664 bytes (10.0%)
(RDMA_READ_CONSUME_CHECK_CONSUMER) timestamp=1689 ms, used_size=4079616 bytes (10.0%)
(RDMA_READ_CONSUME_CHECK_CONSUMER) timestamp=1689 ms, used_size=4077568 bytes (10.0%)
(RDMA_READ_CONSUME_CHECK_CONSUMER) timestamp=1689 ms, used_size=4075520 bytes (9.9%)
(RDMA_READ_CONSUME_CHECK_CONSUMER) timestamp=1689 ms, used_size=4073472 bytes (9.9%)
(RDMA_READ_CONSUME_CHECK_CONSUMER) timestamp=1689 ms, used_size=4071424 bytes (9.9%)
(RDMA_READ_CONSUME_CHECK_CONSUMER) timestamp=1689 ms, used_size=4069376 bytes (9.9%)
(RDMA_READ_CONSUME_CHECK_CONSUMER) timestamp=1689 ms, used_size=4067328 bytes (9.9%)
(RDMA_READ_CONSUME_CHECK_CONSUMER) timestamp=1689 ms, used_size=4065280 bytes (9.9%)
(RDMA_READ_CONSUME_CHECK_CONSUMER) timestamp=1689 ms, used_size=4063232 bytes (9.9%)
(RDMA_READ_CONSUME_CHECK_CONSUMER) timestamp=1689 ms, used_size=4061184 bytes (9.9%)
(RDMA_READ_CONSUME_CHECK_CONSUMER) timestamp=1689 ms, used_size=4059136 bytes (9.9%)
(RDMA_READ_CONSUME_CHECK_CONSUMER) timestamp=1689 ms, used_size=4057088 bytes (9.9%)
(RDMA_READ_CONSUME_CHECK_CONSUMER) timestamp=1689 ms, used_size=4055040 bytes (9.9%)
(RDMA_READ_CONSUME_CHECK_CONSUMER) timestamp=1689 ms, used_size=4052992 bytes (9.9%)
(RDMA_READ_CONSUME_CHECK_CONSUMER) timestamp=1689 ms, used_size=4050944 bytes (9.9%)
(RDMA_READ_CONSUME_CHECK_CONSUMER) timestamp=1689 ms, used_size=4048896 bytes (9.9%)
(RDMA_READ_CONSUME_CHECK_CONSUMER) timestamp=1689 ms, used_size=4046848 bytes (9.9%)
(RDMA_READ_CONSUME_CHECK_CONSUMER) timestamp=1689 ms, used_size=4044800 bytes (9.9%)
(RDMA_READ_CONSUME_CHECK_CONSUMER) timestamp=1689 ms, used_size=4042752 bytes (9.9%)
(RDMA_READ_CONSUME_CHECK_CONSUMER) timestamp=1689 ms, used_size=4040704 bytes (9.9%)
(RDMA_READ_CONSUME_CHECK_CONSUMER) timestamp=1689 ms, used_size=4038656 bytes (9.9%)
(RDMA_READ_CONSUME_CHECK_CONSUMER) timestamp=1689 ms, used_size=4036608 bytes (9.9%)
(RDMA_READ_CONSUME_CHECK_CONSUMER) timestamp=1689 ms, used_size=4034560 bytes (9.8%)
(RDMA_READ_CONSUME_CHECK_CONSUMER) timestamp=1689 ms, used_size=4032512 bytes (9.8%)
(RDMA_READ_CONSUME_CHECK_CONSUMER) timestamp=1689 ms, used_size=4030464 bytes (9.8%)
(RDMA_READ_CONSUME_CHECK_CONSUMER) timestamp=1689 ms, used_size=4028416 bytes (9.8%)
(RDMA_READ_CONSUME_CHECK_CONSUMER) timestamp=1689 ms, used_size=4026368 bytes (9.8%)
(RDMA_READ_CONSUME_CHECK_CONSUMER) timestamp=1689 ms, used_size=4024320 bytes (9.8%)
(RDMA_READ_CONSUME_CHECK_CONSUMER) timestamp=1689 ms, used_size=4022272 bytes (9.8%)
(RDMA_READ_CONSUME_CHECK_CONSUMER) timestamp=1689 ms, used_size=4020224 bytes (9.8%)
(RDMA_READ_CONSUME_CHECK_CONSUMER) timestamp=1689 ms, used_size=4018176 bytes (9.8%)
(RDMA_READ_CONSUME_CHECK_CONSUMER) timestamp=1689 ms, used_size=4016128 bytes (9.8%)
(RDMA_READ_CONSUME_CHECK_CONSUMER) timestamp=1689 ms, used_size=4014080 bytes (9.8%)
(RDMA_READ_CONSUME_CHECK_CONSUMER) timestamp=1689 ms, used_size=4012032 bytes (9.8%)
(RDMA_READ_CONSUME_CHECK_CONSUMER) timestamp=1689 ms, used_size=4009984 bytes (9.8%)
(RDMA_READ_CONSUME_CHECK_CONSUMER) timestamp=1689 ms, used_size=4007936 bytes (9.8%)
(RDMA_READ_CONSUME_CHECK_CONSUMER) timestamp=1689 ms, used_size=4005888 bytes (9.8%)
(RDMA_READ_CONSUME_CHECK_CONSUMER) timestamp=1689 ms, used_size=4003840 bytes (9.8%)
(RDMA_READ_CONSUME_CHECK_CONSUMER) timestamp=1689 ms, used_size=4001792 bytes (9.8%)
(RDMA_READ_CONSUME_CHECK_CONSUMER) timestamp=1689 ms, used_size=3999744 bytes (9.8%)
(RDMA_READ_CONSUME_CHECK_CONSUMER) timestamp=1689 ms, used_size=3997696 bytes (9.8%)
(RDMA_READ_CONSUME_CHECK_CONSUMER) timestamp=1689 ms, used_size=3995648 bytes (9.8%)
(RDMA_READ_CONSUME_CHECK_CONSUMER) timestamp=1689 ms, used_size=3993600 bytes (9.8%)
(RDMA_READ_CONSUME_CHECK_CONSUMER) timestamp=1689 ms, used_size=3991552 bytes (9.7%)
(RDMA_READ_CONSUME_CHECK_CONSUMER) timestamp=1689 ms, used_size=3989504 bytes (9.7%)
(RDMA_READ_CONSUME_CHECK_CONSUMER) timestamp=1689 ms, used_size=3987456 bytes (9.7%)
(RDMA_READ_CONSUME_CHECK_CONSUMER) timestamp=1689 ms, used_size=3985408 bytes (9.7%)
(RDMA_READ_CONSUME_CHECK_CONSUMER) timestamp=1689 ms, used_size=3983360 bytes (9.7%)
(RDMA_READ_CONSUME_CHECK_CONSUMER) timestamp=1689 ms, used_size=3981312 bytes (9.7%)
(RDMA_READ_CONSUME_CHECK_CONSUMER) timestamp=1689 ms, used_size=3979264 bytes (9.7%)
(RDMA_READ_CONSUME_CHECK_CONSUMER) timestamp=1689 ms, used_size=3977216 bytes (9.7%)
(RDMA_READ_CONSUME_CHECK_CONSUMER) timestamp=1689 ms, used_size=3975168 bytes (9.7%)
(RDMA_READ_CONSUME_CHECK_CONSUMER) timestamp=1689 ms, used_size=3973120 bytes (9.7%)
(RDMA_READ_CONSUME_CHECK_CONSUMER) timestamp=1689 ms, used_size=3971072 bytes (9.7%)
(RDMA_READ_CONSUME_CHECK_CONSUMER) timestamp=1689 ms, used_size=3969024 bytes (9.7%)
(RDMA_READ_CONSUME_CHECK_CONSUMER) timestamp=1689 ms, used_size=3966976 bytes (9.7%)
(RDMA_READ_CONSUME_CHECK_CONSUMER) timestamp=1689 ms, used_size=3964928 bytes (9.7%)
(RDMA_READ_CONSUME_CHECK_CONSUMER) timestamp=1689 ms, used_size=3962880 bytes (9.7%)
(RDMA_READ_CONSUME_CHECK_CONSUMER) timestamp=1689 ms, used_size=3960832 bytes (9.7%)
(RDMA_READ_CONSUME_CHECK_CONSUMER) timestamp=1689 ms, used_size=3958784 bytes (9.7%)
(RDMA_READ_CONSUME_CHECK_CONSUMER) timestamp=1689 ms, used_size=3956736 bytes (9.7%)
(RDMA_READ_CONSUME_CHECK_CONSUMER) timestamp=1689 ms, used_size=3954688 bytes (9.7%)
(RDMA_READ_CONSUME_CHECK_CONSUMER) timestamp=1689 ms, used_size=3952640 bytes (9.7%)
(RDMA_READ_CONSUME_CHECK_CONSUMER) timestamp=1689 ms, used_size=3950592 bytes (9.6%)
(RDMA_READ_CONSUME_CHECK_CONSUMER) timestamp=1689 ms, used_size=3948544 bytes (9.6%)
(RDMA_READ_CONSUME_CHECK_CONSUMER) timestamp=1689 ms, used_size=3946496 bytes (9.6%)
(RDMA_READ_CONSUME_CHECK_CONSUMER) timestamp=1689 ms, used_size=3944448 bytes (9.6%)
(RDMA_READ_CONSUME_CHECK_CONSUMER) timestamp=1689 ms, used_size=3942400 bytes (9.6%)
(RDMA_READ_CONSUME_CHECK_CONSUMER) timestamp=1689 ms, used_size=3940352 bytes (9.6%)
(RDMA_READ_CONSUME_CHECK_CONSUMER) timestamp=1689 ms, used_size=3938304 bytes (9.6%)
(RDMA_READ_CONSUME_CHECK_CONSUMER) timestamp=1689 ms, used_size=3936256 bytes (9.6%)
(RDMA_READ_CONSUME_CHECK_CONSUMER) timestamp=1689 ms, used_size=3934208 bytes (9.6%)
(RDMA_READ_CONSUME_CHECK_CONSUMER) timestamp=1689 ms, used_size=3932160 bytes (9.6%)
(RDMA_READ_CONSUME_CHECK_CONSUMER) timestamp=1689 ms, used_size=3930112 bytes (9.6%)
(RDMA_READ_CONSUME_CHECK_CONSUMER) timestamp=1689 ms, used_size=3928064 bytes (9.6%)
(RDMA_READ_CONSUME_CHECK_CONSUMER) timestamp=1689 ms, used_size=3926016 bytes (9.6%)
(RDMA_READ_CONSUME_CHECK_CONSUMER) timestamp=1689 ms, used_size=3923968 bytes (9.6%)
(RDMA_READ_CONSUME_CHECK_CONSUMER) timestamp=1689 ms, used_size=3921920 bytes (9.6%)
(RDMA_READ_CONSUME_CHECK_CONSUMER) timestamp=1689 ms, used_size=3919872 bytes (9.6%)
(RDMA_READ_CONSUME_CHECK_CONSUMER) timestamp=1689 ms, used_size=3917824 bytes (9.6%)
(RDMA_READ_CONSUME_CHECK_CONSUMER) timestamp=1689 ms, used_size=3915776 bytes (9.6%)
(RDMA_READ_CONSUME_CHECK_CONSUMER) timestamp=1689 ms, used_size=3913728 bytes (9.6%)
(RDMA_READ_CONSUME_CHECK_CONSUMER) timestamp=1689 ms, used_size=3911680 bytes (9.6%)
(RDMA_READ_CONSUME_CHECK_CONSUMER) timestamp=1689 ms, used_size=3909632 bytes (9.5%)
(RDMA_READ_CONSUME_CHECK_CONSUMER) timestamp=1689 ms, used_size=3907584 bytes (9.5%)
(RDMA_READ_CONSUME_CHECK_CONSUMER) timestamp=1689 ms, used_size=3905536 bytes (9.5%)
(RDMA_READ_CONSUME_CHECK_CONSUMER) timestamp=1689 ms, used_size=3903488 bytes (9.5%)
(RDMA_READ_CONSUME_CHECK_CONSUMER) timestamp=1689 ms, used_size=3901440 bytes (9.5%)
(RDMA_READ_CONSUME_CHECK_CONSUMER) timestamp=1689 ms, used_size=3899392 bytes (9.5%)
(RDMA_READ_CONSUME_CHECK_CONSUMER) timestamp=1689 ms, used_size=3897344 bytes (9.5%)
(RDMA_READ_CONSUME_CHECK_CONSUMER) timestamp=1689 ms, used_size=3895296 bytes (9.5%)
(RDMA_READ_CONSUME_CHECK_CONSUMER) timestamp=1689 ms, used_size=3893248 bytes (9.5%)
(RDMA_READ_CONSUME_CHECK_CONSUMER) timestamp=1689 ms, used_size=3891200 bytes (9.5%)
(RDMA_READ_CONSUME_CHECK_CONSUMER) timestamp=1689 ms, used_size=3889152 bytes (9.5%)
(RDMA_READ_CONSUME_CHECK_CONSUMER) timestamp=1690 ms, used_size=3887104 bytes (9.5%)
(RDMA_READ_CONSUME_CHECK_CONSUMER) timestamp=1690 ms, used_size=3885056 bytes (9.5%)
(RDMA_READ_CONSUME_CHECK_CONSUMER) timestamp=1690 ms, used_size=3883008 bytes (9.5%)
(RDMA_READ_CONSUME_CHECK_CONSUMER) timestamp=1690 ms, used_size=3880960 bytes (9.5%)
(RDMA_READ_CONSUME_CHECK_CONSUMER) timestamp=1690 ms, used_size=3878912 bytes (9.5%)
(RDMA_READ_CONSUME_CHECK_CONSUMER) timestamp=1690 ms, used_size=3876864 bytes (9.5%)
(RDMA_READ_CONSUME_CHECK_CONSUMER) timestamp=1690 ms, used_size=3874816 bytes (9.5%)
(RDMA_READ_CONSUME_CHECK_CONSUMER) timestamp=1690 ms, used_size=3872768 bytes (9.5%)
(RDMA_READ_CONSUME_CHECK_CONSUMER) timestamp=1690 ms, used_size=3870720 bytes (9.4%)
(RDMA_READ_CONSUME_CHECK_CONSUMER) timestamp=1690 ms, used_size=3868672 bytes (9.4%)
(RDMA_READ_CONSUME_CHECK_CONSUMER) timestamp=1690 ms, used_size=3866624 bytes (9.4%)
(RDMA_READ_CONSUME_CHECK_CONSUMER) timestamp=1690 ms, used_size=3864576 bytes (9.4%)
(RDMA_READ_CONSUME_CHECK_CONSUMER) timestamp=1690 ms, used_size=3862528 bytes (9.4%)
(RDMA_READ_CONSUME_CHECK_CONSUMER) timestamp=1690 ms, used_size=3860480 bytes (9.4%)
(RDMA_READ_CONSUME_CHECK_CONSUMER) timestamp=1690 ms, used_size=3858432 bytes (9.4%)
(RDMA_READ_CONSUME_CHECK_CONSUMER) timestamp=1690 ms, used_size=3856384 bytes (9.4%)
(RDMA_READ_CONSUME_CHECK_CONSUMER) timestamp=1690 ms, used_size=3854336 bytes (9.4%)
(RDMA_READ_CONSUME_CHECK_CONSUMER) timestamp=1690 ms, used_size=3852288 bytes (9.4%)
(RDMA_READ_CONSUME_CHECK_CONSUMER) timestamp=1690 ms, used_size=3850240 bytes (9.4%)
(RDMA_READ_CONSUME_CHECK_CONSUMER) timestamp=1690 ms, used_size=3848192 bytes (9.4%)
(RDMA_READ_CONSUME_CHECK_CONSUMER) timestamp=1690 ms, used_size=3846144 bytes (9.4%)
(RDMA_READ_CONSUME_CHECK_CONSUMER) timestamp=1690 ms, used_size=3844096 bytes (9.4%)
(RDMA_READ_CONSUME_CHECK_CONSUMER) timestamp=1690 ms, used_size=3842048 bytes (9.4%)
(RDMA_READ_CONSUME_CHECK_CONSUMER) timestamp=1690 ms, used_size=3840000 bytes (9.4%)
(RDMA_READ_CONSUME_CHECK_CONSUMER) timestamp=1690 ms, used_size=3837952 bytes (9.4%)
(RDMA_READ_CONSUME_CHECK_CONSUMER) timestamp=1690 ms, used_size=3835904 bytes (9.4%)
(RDMA_READ_CONSUME_CHECK_CONSUMER) timestamp=1690 ms, used_size=3833856 bytes (9.4%)
(RDMA_READ_CONSUME_CHECK_CONSUMER) timestamp=1690 ms, used_size=3831808 bytes (9.4%)
(RDMA_READ_CONSUME_CHECK_CONSUMER) timestamp=1690 ms, used_size=3829760 bytes (9.3%)
(RDMA_READ_CONSUME_CHECK_CONSUMER) timestamp=1690 ms, used_size=3827712 bytes (9.3%)
(RDMA_READ_CONSUME_CHECK_CONSUMER) timestamp=1690 ms, used_size=3825664 bytes (9.3%)
(RDMA_READ_CONSUME_CHECK_CONSUMER) timestamp=1690 ms, used_size=3823616 bytes (9.3%)
(RDMA_READ_CONSUME_CHECK_CONSUMER) timestamp=1690 ms, used_size=3821568 bytes (9.3%)
(RDMA_READ_CONSUME_CHECK_CONSUMER) timestamp=1690 ms, used_size=3819520 bytes (9.3%)
(RDMA_READ_CONSUME_CHECK_CONSUMER) timestamp=1690 ms, used_size=3817472 bytes (9.3%)
(RDMA_READ_CONSUME_CHECK_CONSUMER) timestamp=1690 ms, used_size=3815424 bytes (9.3%)
(RDMA_READ_CONSUME_CHECK_CONSUMER) timestamp=1690 ms, used_size=3813376 bytes (9.3%)
(RDMA_READ_CONSUME_CHECK_CONSUMER) timestamp=1690 ms, used_size=3811328 bytes (9.3%)
(RDMA_READ_CONSUME_CHECK_CONSUMER) timestamp=1690 ms, used_size=3809280 bytes (9.3%)
(RDMA_READ_CONSUME_CHECK_CONSUMER) timestamp=1690 ms, used_size=3807232 bytes (9.3%)
(RDMA_READ_CONSUME_CHECK_CONSUMER) timestamp=1690 ms, used_size=3805184 bytes (9.3%)
(RDMA_READ_CONSUME_CHECK_CONSUMER) timestamp=1690 ms, used_size=3803136 bytes (9.3%)
(RDMA_READ_CONSUME_CHECK_CONSUMER) timestamp=1690 ms, used_size=3801088 bytes (9.3%)
(RDMA_READ_CONSUME_CHECK_CONSUMER) timestamp=1690 ms, used_size=3799040 bytes (9.3%)
(RDMA_READ_CONSUME_CHECK_CONSUMER) timestamp=1690 ms, used_size=3796992 bytes (9.3%)
(RDMA_READ_CONSUME_CHECK_CONSUMER) timestamp=1690 ms, used_size=3794944 bytes (9.3%)
(RDMA_READ_CONSUME_CHECK_CONSUMER) timestamp=1690 ms, used_size=3792896 bytes (9.3%)
(RDMA_READ_CONSUME_CHECK_CONSUMER) timestamp=1690 ms, used_size=3790848 bytes (9.3%)
(RDMA_READ_CONSUME_CHECK_CONSUMER) timestamp=1690 ms, used_size=3788800 bytes (9.2%)
(RDMA_READ_CONSUME_CHECK_CONSUMER) timestamp=1690 ms, used_size=3786752 bytes (9.2%)
(RDMA_READ_CONSUME_CHECK_CONSUMER) timestamp=1690 ms, used_size=3784704 bytes (9.2%)
(RDMA_READ_CONSUME_CHECK_CONSUMER) timestamp=1690 ms, used_size=3782656 bytes (9.2%)
(RDMA_READ_CONSUME_CHECK_CONSUMER) timestamp=1690 ms, used_size=3780608 bytes (9.2%)
(RDMA_READ_CONSUME_CHECK_CONSUMER) timestamp=1690 ms, used_size=3778560 bytes (9.2%)
(RDMA_READ_CONSUME_CHECK_CONSUMER) timestamp=1690 ms, used_size=3776512 bytes (9.2%)
(RDMA_READ_CONSUME_CHECK_CONSUMER) timestamp=1690 ms, used_size=3774464 bytes (9.2%)
(RDMA_READ_CONSUME_CHECK_CONSUMER) timestamp=1690 ms, used_size=3772416 bytes (9.2%)
(RDMA_READ_CONSUME_CHECK_CONSUMER) timestamp=1690 ms, used_size=3770368 bytes (9.2%)
(RDMA_READ_CONSUME_CHECK_CONSUMER) timestamp=1690 ms, used_size=3768320 bytes (9.2%)
(RDMA_READ_CONSUME_CHECK_CONSUMER) timestamp=1690 ms, used_size=3766272 bytes (9.2%)
(RDMA_READ_CONSUME_CHECK_CONSUMER) timestamp=1690 ms, used_size=3764224 bytes (9.2%)
(RDMA_READ_CONSUME_CHECK_CONSUMER) timestamp=1690 ms, used_size=3762176 bytes (9.2%)
(RDMA_READ_CONSUME_CHECK_CONSUMER) timestamp=1690 ms, used_size=3760128 bytes (9.2%)
(RDMA_READ_CONSUME_CHECK_CONSUMER) timestamp=1690 ms, used_size=3758080 bytes (9.2%)
(RDMA_READ_CONSUME_CHECK_CONSUMER) timestamp=1690 ms, used_size=3756032 bytes (9.2%)
(RDMA_READ_CONSUME_CHECK_CONSUMER) timestamp=1690 ms, used_size=3753984 bytes (9.2%)
(RDMA_READ_CONSUME_CHECK_CONSUMER) timestamp=1690 ms, used_size=3751936 bytes (9.2%)
(RDMA_READ_CONSUME_CHECK_CONSUMER) timestamp=1690 ms, used_size=3749888 bytes (9.2%)
(RDMA_READ_CONSUME_CHECK_CONSUMER) timestamp=1690 ms, used_size=3747840 bytes (9.2%)
(RDMA_READ_CONSUME_CHECK_CONSUMER) timestamp=1690 ms, used_size=3745792 bytes (9.1%)
(RDMA_READ_CONSUME_CHECK_CONSUMER) timestamp=1690 ms, used_size=3743744 bytes (9.1%)
(RDMA_READ_CONSUME_CHECK_CONSUMER) timestamp=1690 ms, used_size=3741696 bytes (9.1%)
(RDMA_READ_CONSUME_CHECK_CONSUMER) timestamp=1690 ms, used_size=3739648 bytes (9.1%)
(RDMA_READ_CONSUME_CHECK_CONSUMER) timestamp=1690 ms, used_size=3737600 bytes (9.1%)
(RDMA_READ_CONSUME_CHECK_CONSUMER) timestamp=1690 ms, used_size=3735552 bytes (9.1%)
(RDMA_READ_CONSUME_CHECK_CONSUMER) timestamp=1690 ms, used_size=3733504 bytes (9.1%)
(RDMA_READ_CONSUME_CHECK_CONSUMER) timestamp=1690 ms, used_size=3731456 bytes (9.1%)
(RDMA_READ_CONSUME_CHECK_CONSUMER) timestamp=1690 ms, used_size=3729408 bytes (9.1%)
(RDMA_READ_CONSUME_CHECK_CONSUMER) timestamp=1690 ms, used_size=3727360 bytes (9.1%)
(RDMA_READ_CONSUME_CHECK_CONSUMER) timestamp=1690 ms, used_size=3725312 bytes (9.1%)
(RDMA_READ_CONSUME_CHECK_CONSUMER) timestamp=1690 ms, used_size=3723264 bytes (9.1%)
(RDMA_READ_CONSUME_CHECK_CONSUMER) timestamp=1690 ms, used_size=3721216 bytes (9.1%)
(RDMA_READ_CONSUME_CHECK_CONSUMER) timestamp=1690 ms, used_size=3719168 bytes (9.1%)
(RDMA_READ_CONSUME_CHECK_CONSUMER) timestamp=1690 ms, used_size=3717120 bytes (9.1%)
(RDMA_READ_CONSUME_CHECK_CONSUMER) timestamp=1690 ms, used_size=3715072 bytes (9.1%)
(RDMA_READ_CONSUME_CHECK_CONSUMER) timestamp=1690 ms, used_size=3713024 bytes (9.1%)
(RDMA_READ_CONSUME_CHECK_CONSUMER) timestamp=1690 ms, used_size=3710976 bytes (9.1%)
(RDMA_READ_CONSUME_CHECK_CONSUMER) timestamp=1690 ms, used_size=3708928 bytes (9.1%)
(RDMA_READ_CONSUME_CHECK_CONSUMER) timestamp=1690 ms, used_size=3706880 bytes (9.1%)
(RDMA_READ_CONSUME_CHECK_CONSUMER) timestamp=1690 ms, used_size=3704832 bytes (9.0%)
(RDMA_READ_CONSUME_CHECK_CONSUMER) timestamp=1690 ms, used_size=3702784 bytes (9.0%)
(RDMA_READ_CONSUME_CHECK_CONSUMER) timestamp=1690 ms, used_size=3700736 bytes (9.0%)
(RDMA_READ_CONSUME_CHECK_CONSUMER) timestamp=1690 ms, used_size=3698688 bytes (9.0%)
(RDMA_READ_CONSUME_CHECK_CONSUMER) timestamp=1690 ms, used_size=3696640 bytes (9.0%)
(RDMA_READ_CONSUME_CHECK_CONSUMER) timestamp=1690 ms, used_size=3694592 bytes (9.0%)
(RDMA_READ_CONSUME_CHECK_CONSUMER) timestamp=1690 ms, used_size=3692544 bytes (9.0%)
(RDMA_READ_CONSUME_CHECK_CONSUMER) timestamp=1690 ms, used_size=3690496 bytes (9.0%)
(RDMA_READ_CONSUME_CHECK_CONSUMER) timestamp=1690 ms, used_size=3688448 bytes (9.0%)
(RDMA_READ_CONSUME_CHECK_CONSUMER) timestamp=1690 ms, used_size=3686400 bytes (9.0%)
(RDMA_READ_CONSUME_CHECK_CONSUMER) timestamp=1690 ms, used_size=3684352 bytes (9.0%)
(RDMA_READ_CONSUME_CHECK_CONSUMER) timestamp=1690 ms, used_size=3682304 bytes (9.0%)
(RDMA_READ_CONSUME_CHECK_CONSUMER) timestamp=1690 ms, used_size=3680256 bytes (9.0%)
(RDMA_READ_CONSUME_CHECK_CONSUMER) timestamp=1690 ms, used_size=3678208 bytes (9.0%)
(RDMA_READ_CONSUME_CHECK_CONSUMER) timestamp=1690 ms, used_size=3676160 bytes (9.0%)
(RDMA_READ_CONSUME_CHECK_CONSUMER) timestamp=1690 ms, used_size=3674112 bytes (9.0%)
(RDMA_READ_CONSUME_CHECK_CONSUMER) timestamp=1690 ms, used_size=3672064 bytes (9.0%)
(RDMA_READ_CONSUME_CHECK_CONSUMER) timestamp=1690 ms, used_size=3670016 bytes (9.0%)
(RDMA_READ_CONSUME_CHECK_CONSUMER) timestamp=1690 ms, used_size=3667968 bytes (9.0%)
(RDMA_READ_CONSUME_CHECK_CONSUMER) timestamp=1690 ms, used_size=3665920 bytes (8.9%)
(RDMA_READ_CONSUME_CHECK_CONSUMER) timestamp=1690 ms, used_size=3663872 bytes (8.9%)
(RDMA_READ_CONSUME_CHECK_CONSUMER) timestamp=1690 ms, used_size=3661824 bytes (8.9%)
(RDMA_READ_CONSUME_CHECK_CONSUMER) timestamp=1690 ms, used_size=3659776 bytes (8.9%)
(RDMA_READ_CONSUME_CHECK_CONSUMER) timestamp=1690 ms, used_size=3657728 bytes (8.9%)
(RDMA_READ_CONSUME_CHECK_CONSUMER) timestamp=1690 ms, used_size=3655680 bytes (8.9%)
(RDMA_READ_CONSUME_CHECK_CONSUMER) timestamp=1690 ms, used_size=3653632 bytes (8.9%)
(RDMA_READ_CONSUME_CHECK_CONSUMER) timestamp=1690 ms, used_size=3651584 bytes (8.9%)
(RDMA_READ_CONSUME_CHECK_CONSUMER) timestamp=1690 ms, used_size=3649536 bytes (8.9%)
(RDMA_READ_CONSUME_CHECK_CONSUMER) timestamp=1690 ms, used_size=3647488 bytes (8.9%)
(RDMA_READ_CONSUME_CHECK_CONSUMER) timestamp=1690 ms, used_size=3645440 bytes (8.9%)
(RDMA_READ_CONSUME_CHECK_CONSUMER) timestamp=1690 ms, used_size=3643392 bytes (8.9%)
(RDMA_READ_CONSUME_CHECK_CONSUMER) timestamp=1690 ms, used_size=3641344 bytes (8.9%)
(RDMA_READ_CONSUME_CHECK_CONSUMER) timestamp=1690 ms, used_size=3639296 bytes (8.9%)
(RDMA_READ_CONSUME_CHECK_CONSUMER) timestamp=1690 ms, used_size=3637248 bytes (8.9%)
(RDMA_READ_CONSUME_CHECK_CONSUMER) timestamp=1690 ms, used_size=3635200 bytes (8.9%)
(RDMA_READ_CONSUME_CHECK_CONSUMER) timestamp=1690 ms, used_size=3633152 bytes (8.9%)
(RDMA_READ_CONSUME_CHECK_CONSUMER) timestamp=1690 ms, used_size=3631104 bytes (8.9%)
(RDMA_READ_CONSUME_CHECK_CONSUMER) timestamp=1690 ms, used_size=3629056 bytes (8.9%)
(RDMA_READ_CONSUME_CHECK_CONSUMER) timestamp=1690 ms, used_size=3627008 bytes (8.9%)
(RDMA_READ_CONSUME_CHECK_CONSUMER) timestamp=1690 ms, used_size=3624960 bytes (8.8%)
(RDMA_READ_CONSUME_CHECK_CONSUMER) timestamp=1690 ms, used_size=3622912 bytes (8.8%)
(RDMA_READ_CONSUME_CHECK_CONSUMER) timestamp=1690 ms, used_size=3620864 bytes (8.8%)
(RDMA_READ_CONSUME_CHECK_CONSUMER) timestamp=1690 ms, used_size=3618816 bytes (8.8%)
(RDMA_READ_CONSUME_CHECK_CONSUMER) timestamp=1690 ms, used_size=3616768 bytes (8.8%)
(RDMA_READ_CONSUME_CHECK_CONSUMER) timestamp=1690 ms, used_size=3614720 bytes (8.8%)
(RDMA_READ_CONSUME_CHECK_CONSUMER) timestamp=1690 ms, used_size=3612672 bytes (8.8%)
(RDMA_READ_CONSUME_CHECK_CONSUMER) timestamp=1690 ms, used_size=3610624 bytes (8.8%)
(RDMA_READ_CONSUME_CHECK_CONSUMER) timestamp=1690 ms, used_size=3608576 bytes (8.8%)
(RDMA_READ_CONSUME_CHECK_CONSUMER) timestamp=1690 ms, used_size=3606528 bytes (8.8%)
(RDMA_READ_CONSUME_CHECK_CONSUMER) timestamp=1690 ms, used_size=3604480 bytes (8.8%)
(RDMA_READ_CONSUME_CHECK_CONSUMER) timestamp=1690 ms, used_size=3602432 bytes (8.8%)
(RDMA_READ_CONSUME_CHECK_CONSUMER) timestamp=1690 ms, used_size=3600384 bytes (8.8%)
(RDMA_READ_CONSUME_CHECK_CONSUMER) timestamp=1690 ms, used_size=3598336 bytes (8.8%)
(RDMA_READ_CONSUME_CHECK_CONSUMER) timestamp=1690 ms, used_size=3596288 bytes (8.8%)
(RDMA_READ_CONSUME_CHECK_CONSUMER) timestamp=1690 ms, used_size=3594240 bytes (8.8%)
(RDMA_READ_CONSUME_CHECK_CONSUMER) timestamp=1690 ms, used_size=3592192 bytes (8.8%)
(RDMA_READ_CONSUME_CHECK_CONSUMER) timestamp=1690 ms, used_size=3590144 bytes (8.8%)
(RDMA_READ_CONSUME_CHECK_CONSUMER) timestamp=1690 ms, used_size=3588096 bytes (8.8%)
(RDMA_READ_CONSUME_CHECK_CONSUMER) timestamp=1690 ms, used_size=3586048 bytes (8.8%)
(RDMA_READ_CONSUME_CHECK_CONSUMER) timestamp=1690 ms, used_size=3584000 bytes (8.8%)
(RDMA_READ_CONSUME_CHECK_CONSUMER) timestamp=1690 ms, used_size=3581952 bytes (8.7%)
(RDMA_READ_CONSUME_CHECK_CONSUMER) timestamp=1690 ms, used_size=3579904 bytes (8.7%)
(RDMA_READ_CONSUME_CHECK_CONSUMER) timestamp=1690 ms, used_size=3577856 bytes (8.7%)
(RDMA_READ_CONSUME_CHECK_CONSUMER) timestamp=1690 ms, used_size=3575808 bytes (8.7%)
(RDMA_READ_CONSUME_CHECK_CONSUMER) timestamp=1690 ms, used_size=3573760 bytes (8.7%)
(RDMA_READ_CONSUME_CHECK_CONSUMER) timestamp=1690 ms, used_size=3571712 bytes (8.7%)
(RDMA_READ_CONSUME_CHECK_CONSUMER) timestamp=1690 ms, used_size=3569664 bytes (8.7%)
(RDMA_READ_CONSUME_CHECK_CONSUMER) timestamp=1690 ms, used_size=3567616 bytes (8.7%)
(RDMA_READ_CONSUME_CHECK_CONSUMER) timestamp=1690 ms, used_size=3565568 bytes (8.7%)
(RDMA_READ_CONSUME_CHECK_CONSUMER) timestamp=1690 ms, used_size=3563520 bytes (8.7%)
(RDMA_READ_CONSUME_CHECK_CONSUMER) timestamp=1690 ms, used_size=3561472 bytes (8.7%)
(RDMA_READ_CONSUME_CHECK_CONSUMER) timestamp=1690 ms, used_size=3559424 bytes (8.7%)
(RDMA_READ_CONSUME_CHECK_CONSUMER) timestamp=1690 ms, used_size=3557376 bytes (8.7%)
(RDMA_READ_CONSUME_CHECK_CONSUMER) timestamp=1690 ms, used_size=3555328 bytes (8.7%)
(RDMA_READ_CONSUME_CHECK_CONSUMER) timestamp=1690 ms, used_size=3553280 bytes (8.7%)
(RDMA_READ_CONSUME_CHECK_CONSUMER) timestamp=1690 ms, used_size=3551232 bytes (8.7%)
(RDMA_READ_CONSUME_CHECK_CONSUMER) timestamp=1690 ms, used_size=3549184 bytes (8.7%)
(RDMA_READ_CONSUME_CHECK_CONSUMER) timestamp=1690 ms, used_size=3547136 bytes (8.7%)
(RDMA_READ_CONSUME_CHECK_CONSUMER) timestamp=1690 ms, used_size=3545088 bytes (8.7%)
(RDMA_READ_CONSUME_CHECK_CONSUMER) timestamp=1690 ms, used_size=3543040 bytes (8.7%)
(RDMA_READ_CONSUME_CHECK_CONSUMER) timestamp=1690 ms, used_size=3540992 bytes (8.6%)
(RDMA_READ_CONSUME_CHECK_CONSUMER) timestamp=1690 ms, used_size=3538944 bytes (8.6%)
(RDMA_READ_CONSUME_CHECK_CONSUMER) timestamp=1690 ms, used_size=3536896 bytes (8.6%)
(RDMA_READ_CONSUME_CHECK_CONSUMER) timestamp=1690 ms, used_size=3534848 bytes (8.6%)
(RDMA_READ_CONSUME_CHECK_CONSUMER) timestamp=1690 ms, used_size=3532800 bytes (8.6%)
(RDMA_READ_CONSUME_CHECK_CONSUMER) timestamp=1690 ms, used_size=3530752 bytes (8.6%)
(RDMA_READ_CONSUME_CHECK_CONSUMER) timestamp=1690 ms, used_size=3528704 bytes (8.6%)
(RDMA_READ_CONSUME_CHECK_CONSUMER) timestamp=1690 ms, used_size=3526656 bytes (8.6%)
(RDMA_READ_CONSUME_CHECK_CONSUMER) timestamp=1690 ms, used_size=3524608 bytes (8.6%)
(RDMA_READ_CONSUME_CHECK_CONSUMER) timestamp=1690 ms, used_size=3522560 bytes (8.6%)
(RDMA_READ_CONSUME_CHECK_CONSUMER) timestamp=1690 ms, used_size=3520512 bytes (8.6%)
(RDMA_READ_CONSUME_CHECK_CONSUMER) timestamp=1690 ms, used_size=3518464 bytes (8.6%)
(RDMA_READ_CONSUME_CHECK_CONSUMER) timestamp=1690 ms, used_size=3516416 bytes (8.6%)
(RDMA_READ_CONSUME_CHECK_CONSUMER) timestamp=1690 ms, used_size=3514368 bytes (8.6%)
(RDMA_READ_CONSUME_CHECK_CONSUMER) timestamp=1691 ms, used_size=3512320 bytes (8.6%)
(RDMA_READ_CONSUME_CHECK_CONSUMER) timestamp=1691 ms, used_size=3510272 bytes (8.6%)
(RDMA_READ_CONSUME_CHECK_CONSUMER) timestamp=1691 ms, used_size=3508224 bytes (8.6%)
(RDMA_READ_CONSUME_CHECK_CONSUMER) timestamp=1691 ms, used_size=3506176 bytes (8.6%)
(RDMA_READ_CONSUME_CHECK_CONSUMER) timestamp=1691 ms, used_size=3504128 bytes (8.6%)
(RDMA_READ_CONSUME_CHECK_CONSUMER) timestamp=1691 ms, used_size=3502080 bytes (8.6%)
(RDMA_READ_CONSUME_CHECK_CONSUMER) timestamp=1691 ms, used_size=3500032 bytes (8.5%)
(RDMA_READ_CONSUME_CHECK_CONSUMER) timestamp=1691 ms, used_size=3497984 bytes (8.5%)
(RDMA_READ_CONSUME_CHECK_CONSUMER) timestamp=1691 ms, used_size=3495936 bytes (8.5%)
(RDMA_READ_CONSUME_CHECK_CONSUMER) timestamp=1691 ms, used_size=3493888 bytes (8.5%)
(RDMA_READ_CONSUME_CHECK_CONSUMER) timestamp=1691 ms, used_size=3491840 bytes (8.5%)
(RDMA_READ_CONSUME_CHECK_CONSUMER) timestamp=1691 ms, used_size=3489792 bytes (8.5%)
(RDMA_READ_CONSUME_CHECK_CONSUMER) timestamp=1691 ms, used_size=3487744 bytes (8.5%)
(RDMA_READ_CONSUME_CHECK_CONSUMER) timestamp=1691 ms, used_size=3485696 bytes (8.5%)
(RDMA_READ_CONSUME_CHECK_CONSUMER) timestamp=1691 ms, used_size=3483648 bytes (8.5%)
(RDMA_READ_CONSUME_CHECK_CONSUMER) timestamp=1691 ms, used_size=3481600 bytes (8.5%)
(RDMA_READ_CONSUME_CHECK_CONSUMER) timestamp=1691 ms, used_size=3479552 bytes (8.5%)
(RDMA_READ_CONSUME_CHECK_CONSUMER) timestamp=1691 ms, used_size=3477504 bytes (8.5%)
(RDMA_READ_CONSUME_CHECK_CONSUMER) timestamp=1691 ms, used_size=3475456 bytes (8.5%)
(RDMA_READ_CONSUME_CHECK_CONSUMER) timestamp=1691 ms, used_size=3473408 bytes (8.5%)
(RDMA_READ_CONSUME_CHECK_CONSUMER) timestamp=1691 ms, used_size=3471360 bytes (8.5%)
(RDMA_READ_CONSUME_CHECK_CONSUMER) timestamp=1691 ms, used_size=3469312 bytes (8.5%)
(RDMA_READ_CONSUME_CHECK_CONSUMER) timestamp=1691 ms, used_size=3467264 bytes (8.5%)
(RDMA_READ_CONSUME_CHECK_CONSUMER) timestamp=1691 ms, used_size=3465216 bytes (8.5%)
(RDMA_READ_CONSUME_CHECK_CONSUMER) timestamp=1691 ms, used_size=3463168 bytes (8.5%)
(RDMA_READ_CONSUME_CHECK_CONSUMER) timestamp=1691 ms, used_size=3461120 bytes (8.4%)
(RDMA_READ_CONSUME_CHECK_CONSUMER) timestamp=1691 ms, used_size=3459072 bytes (8.4%)
(RDMA_READ_CONSUME_CHECK_CONSUMER) timestamp=1691 ms, used_size=3457024 bytes (8.4%)
(RDMA_READ_CONSUME_CHECK_CONSUMER) timestamp=1691 ms, used_size=3454976 bytes (8.4%)
(RDMA_READ_CONSUME_CHECK_CONSUMER) timestamp=1691 ms, used_size=3452928 bytes (8.4%)
(RDMA_READ_CONSUME_CHECK_CONSUMER) timestamp=1691 ms, used_size=3450880 bytes (8.4%)
(RDMA_READ_CONSUME_CHECK_CONSUMER) timestamp=1691 ms, used_size=3448832 bytes (8.4%)
(RDMA_READ_CONSUME_CHECK_CONSUMER) timestamp=1691 ms, used_size=3446784 bytes (8.4%)
(RDMA_READ_CONSUME_CHECK_CONSUMER) timestamp=1691 ms, used_size=3444736 bytes (8.4%)
(RDMA_READ_CONSUME_CHECK_CONSUMER) timestamp=1691 ms, used_size=3442688 bytes (8.4%)
(RDMA_READ_CONSUME_CHECK_CONSUMER) timestamp=1691 ms, used_size=3440640 bytes (8.4%)
(RDMA_READ_CONSUME_CHECK_CONSUMER) timestamp=1691 ms, used_size=3438592 bytes (8.4%)
(RDMA_READ_CONSUME_CHECK_CONSUMER) timestamp=1691 ms, used_size=3436544 bytes (8.4%)
(RDMA_READ_CONSUME_CHECK_CONSUMER) timestamp=1691 ms, used_size=3434496 bytes (8.4%)
(RDMA_READ_CONSUME_CHECK_CONSUMER) timestamp=1691 ms, used_size=3432448 bytes (8.4%)
(RDMA_READ_CONSUME_CHECK_CONSUMER) timestamp=1691 ms, used_size=3430400 bytes (8.4%)
(RDMA_READ_CONSUME_CHECK_CONSUMER) timestamp=1691 ms, used_size=3428352 bytes (8.4%)
(RDMA_READ_CONSUME_CHECK_CONSUMER) timestamp=1691 ms, used_size=3426304 bytes (8.4%)
(RDMA_READ_CONSUME_CHECK_CONSUMER) timestamp=1691 ms, used_size=3424256 bytes (8.4%)
(RDMA_READ_CONSUME_CHECK_CONSUMER) timestamp=1691 ms, used_size=3422208 bytes (8.4%)
(RDMA_READ_CONSUME_CHECK_CONSUMER) timestamp=1691 ms, used_size=3420160 bytes (8.3%)
(RDMA_READ_CONSUME_CHECK_CONSUMER) timestamp=1691 ms, used_size=3418112 bytes (8.3%)
(RDMA_READ_CONSUME_CHECK_CONSUMER) timestamp=1691 ms, used_size=3416064 bytes (8.3%)
(RDMA_READ_CONSUME_CHECK_CONSUMER) timestamp=1691 ms, used_size=3414016 bytes (8.3%)
(RDMA_READ_CONSUME_CHECK_CONSUMER) timestamp=1691 ms, used_size=3411968 bytes (8.3%)
(RDMA_READ_CONSUME_CHECK_CONSUMER) timestamp=1691 ms, used_size=3409920 bytes (8.3%)
(RDMA_READ_CONSUME_CHECK_CONSUMER) timestamp=1691 ms, used_size=3407872 bytes (8.3%)
(RDMA_READ_CONSUME_CHECK_CONSUMER) timestamp=1691 ms, used_size=3405824 bytes (8.3%)
(RDMA_READ_CONSUME_CHECK_CONSUMER) timestamp=1691 ms, used_size=3403776 bytes (8.3%)
(RDMA_READ_CONSUME_CHECK_CONSUMER) timestamp=1691 ms, used_size=3401728 bytes (8.3%)
(RDMA_READ_CONSUME_CHECK_CONSUMER) timestamp=1691 ms, used_size=3399680 bytes (8.3%)
(RDMA_READ_CONSUME_CHECK_CONSUMER) timestamp=1691 ms, used_size=3397632 bytes (8.3%)
(RDMA_READ_CONSUME_CHECK_CONSUMER) timestamp=1691 ms, used_size=3395584 bytes (8.3%)
(RDMA_READ_CONSUME_CHECK_CONSUMER) timestamp=1691 ms, used_size=3393536 bytes (8.3%)
(RDMA_READ_CONSUME_CHECK_CONSUMER) timestamp=1691 ms, used_size=3391488 bytes (8.3%)
(RDMA_READ_CONSUME_CHECK_CONSUMER) timestamp=1691 ms, used_size=3389440 bytes (8.3%)
(RDMA_READ_CONSUME_CHECK_CONSUMER) timestamp=1691 ms, used_size=3387392 bytes (8.3%)
(RDMA_READ_CONSUME_CHECK_CONSUMER) timestamp=1691 ms, used_size=3385344 bytes (8.3%)
(RDMA_READ_CONSUME_CHECK_CONSUMER) timestamp=1691 ms, used_size=3383296 bytes (8.3%)
(RDMA_READ_CONSUME_CHECK_CONSUMER) timestamp=1691 ms, used_size=3381248 bytes (8.3%)
(RDMA_READ_CONSUME_CHECK_CONSUMER) timestamp=1691 ms, used_size=3379200 bytes (8.2%)
(RDMA_READ_CONSUME_CHECK_CONSUMER) timestamp=1691 ms, used_size=3377152 bytes (8.2%)
(RDMA_READ_CONSUME_CHECK_CONSUMER) timestamp=1691 ms, used_size=3375104 bytes (8.2%)
(RDMA_READ_CONSUME_CHECK_CONSUMER) timestamp=1691 ms, used_size=3373056 bytes (8.2%)
(RDMA_READ_CONSUME_CHECK_CONSUMER) timestamp=1691 ms, used_size=3371008 bytes (8.2%)
(RDMA_READ_CONSUME_CHECK_CONSUMER) timestamp=1691 ms, used_size=3368960 bytes (8.2%)
(RDMA_READ_CONSUME_CHECK_CONSUMER) timestamp=1691 ms, used_size=3366912 bytes (8.2%)
(RDMA_READ_CONSUME_CHECK_CONSUMER) timestamp=1691 ms, used_size=3364864 bytes (8.2%)
(RDMA_READ_CONSUME_CHECK_CONSUMER) timestamp=1691 ms, used_size=3362816 bytes (8.2%)
(RDMA_READ_CONSUME_CHECK_CONSUMER) timestamp=1691 ms, used_size=3360768 bytes (8.2%)
(RDMA_READ_CONSUME_CHECK_CONSUMER) timestamp=1691 ms, used_size=3358720 bytes (8.2%)
(RDMA_READ_CONSUME_CHECK_CONSUMER) timestamp=1691 ms, used_size=3356672 bytes (8.2%)
(RDMA_READ_CONSUME_CHECK_CONSUMER) timestamp=1691 ms, used_size=3354624 bytes (8.2%)
(RDMA_READ_CONSUME_CHECK_CONSUMER) timestamp=1691 ms, used_size=3352576 bytes (8.2%)
(RDMA_READ_CONSUME_CHECK_CONSUMER) timestamp=1691 ms, used_size=3350528 bytes (8.2%)
(RDMA_READ_CONSUME_CHECK_CONSUMER) timestamp=1691 ms, used_size=3348480 bytes (8.2%)
(RDMA_READ_CONSUME_CHECK_CONSUMER) timestamp=1691 ms, used_size=3346432 bytes (8.2%)
(RDMA_READ_CONSUME_CHECK_CONSUMER) timestamp=1691 ms, used_size=3344384 bytes (8.2%)
(RDMA_READ_CONSUME_CHECK_CONSUMER) timestamp=1691 ms, used_size=3342336 bytes (8.2%)
(RDMA_READ_CONSUME_CHECK_CONSUMER) timestamp=1691 ms, used_size=3340288 bytes (8.2%)
(RDMA_READ_CONSUME_CHECK_CONSUMER) timestamp=1691 ms, used_size=3338240 bytes (8.2%)
(RDMA_READ_CONSUME_CHECK_CONSUMER) timestamp=1691 ms, used_size=3336192 bytes (8.1%)
(RDMA_READ_CONSUME_CHECK_CONSUMER) timestamp=1691 ms, used_size=3334144 bytes (8.1%)
(RDMA_READ_CONSUME_CHECK_CONSUMER) timestamp=1691 ms, used_size=3332096 bytes (8.1%)
(RDMA_READ_CONSUME_CHECK_CONSUMER) timestamp=1691 ms, used_size=3330048 bytes (8.1%)
(RDMA_READ_CONSUME_CHECK_CONSUMER) timestamp=1691 ms, used_size=3328000 bytes (8.1%)
(RDMA_READ_CONSUME_CHECK_CONSUMER) timestamp=1691 ms, used_size=3325952 bytes (8.1%)
(RDMA_READ_CONSUME_CHECK_CONSUMER) timestamp=1691 ms, used_size=3323904 bytes (8.1%)
(RDMA_READ_CONSUME_CHECK_CONSUMER) timestamp=1691 ms, used_size=3321856 bytes (8.1%)
(RDMA_READ_CONSUME_CHECK_CONSUMER) timestamp=1691 ms, used_size=3319808 bytes (8.1%)
(RDMA_READ_CONSUME_CHECK_CONSUMER) timestamp=1691 ms, used_size=3317760 bytes (8.1%)
(RDMA_READ_CONSUME_CHECK_CONSUMER) timestamp=1691 ms, used_size=3315712 bytes (8.1%)
(RDMA_READ_CONSUME_CHECK_CONSUMER) timestamp=1691 ms, used_size=3313664 bytes (8.1%)
(RDMA_READ_CONSUME_CHECK_CONSUMER) timestamp=1691 ms, used_size=3311616 bytes (8.1%)
(RDMA_READ_CONSUME_CHECK_CONSUMER) timestamp=1691 ms, used_size=3309568 bytes (8.1%)
(RDMA_READ_CONSUME_CHECK_CONSUMER) timestamp=1691 ms, used_size=3307520 bytes (8.1%)
(RDMA_READ_CONSUME_CHECK_CONSUMER) timestamp=1691 ms, used_size=3305472 bytes (8.1%)
(RDMA_READ_CONSUME_CHECK_CONSUMER) timestamp=1691 ms, used_size=3303424 bytes (8.1%)
(RDMA_READ_CONSUME_CHECK_CONSUMER) timestamp=1691 ms, used_size=3301376 bytes (8.1%)
(RDMA_READ_CONSUME_CHECK_CONSUMER) timestamp=1691 ms, used_size=3299328 bytes (8.1%)
(RDMA_READ_CONSUME_CHECK_CONSUMER) timestamp=1691 ms, used_size=3297280 bytes (8.1%)
(RDMA_READ_CONSUME_CHECK_CONSUMER) timestamp=1691 ms, used_size=3295232 bytes (8.0%)
(RDMA_READ_CONSUME_CHECK_CONSUMER) timestamp=1691 ms, used_size=3293184 bytes (8.0%)
(RDMA_READ_CONSUME_CHECK_CONSUMER) timestamp=1691 ms, used_size=3291136 bytes (8.0%)
(RDMA_READ_CONSUME_CHECK_CONSUMER) timestamp=1691 ms, used_size=3289088 bytes (8.0%)
(RDMA_READ_CONSUME_CHECK_CONSUMER) timestamp=1691 ms, used_size=3287040 bytes (8.0%)
(RDMA_READ_CONSUME_CHECK_CONSUMER) timestamp=1691 ms, used_size=3284992 bytes (8.0%)
(RDMA_READ_CONSUME_CHECK_CONSUMER) timestamp=1691 ms, used_size=3282944 bytes (8.0%)
(RDMA_READ_CONSUME_CHECK_CONSUMER) timestamp=1691 ms, used_size=3280896 bytes (8.0%)
(RDMA_READ_CONSUME_CHECK_CONSUMER) timestamp=1691 ms, used_size=3278848 bytes (8.0%)
(RDMA_READ_CONSUME_CHECK_CONSUMER) timestamp=1691 ms, used_size=3276800 bytes (8.0%)
(RDMA_READ_CONSUME_CHECK_CONSUMER) timestamp=1691 ms, used_size=3274752 bytes (8.0%)
(RDMA_READ_CONSUME_CHECK_CONSUMER) timestamp=1691 ms, used_size=3272704 bytes (8.0%)
(RDMA_READ_CONSUME_CHECK_CONSUMER) timestamp=1691 ms, used_size=3270656 bytes (8.0%)
(RDMA_READ_CONSUME_CHECK_CONSUMER) timestamp=1691 ms, used_size=3268608 bytes (8.0%)
(RDMA_READ_CONSUME_CHECK_CONSUMER) timestamp=1691 ms, used_size=3266560 bytes (8.0%)
(RDMA_READ_CONSUME_CHECK_CONSUMER) timestamp=1691 ms, used_size=3264512 bytes (8.0%)
(RDMA_READ_CONSUME_CHECK_CONSUMER) timestamp=1691 ms, used_size=3262464 bytes (8.0%)
(RDMA_READ_CONSUME_CHECK_CONSUMER) timestamp=1691 ms, used_size=3260416 bytes (8.0%)
(RDMA_READ_CONSUME_CHECK_CONSUMER) timestamp=1691 ms, used_size=3258368 bytes (8.0%)
(RDMA_READ_CONSUME_CHECK_CONSUMER) timestamp=1691 ms, used_size=3256320 bytes (8.0%)
(RDMA_READ_CONSUME_CHECK_CONSUMER) timestamp=1691 ms, used_size=3254272 bytes (7.9%)
(RDMA_READ_CONSUME_CHECK_CONSUMER) timestamp=1691 ms, used_size=3252224 bytes (7.9%)
(RDMA_READ_CONSUME_CHECK_CONSUMER) timestamp=1691 ms, used_size=3250176 bytes (7.9%)
(RDMA_READ_CONSUME_CHECK_CONSUMER) timestamp=1691 ms, used_size=3248128 bytes (7.9%)
(RDMA_READ_CONSUME_CHECK_CONSUMER) timestamp=1691 ms, used_size=3246080 bytes (7.9%)
(RDMA_READ_CONSUME_CHECK_CONSUMER) timestamp=1691 ms, used_size=3244032 bytes (7.9%)
(RDMA_READ_CONSUME_CHECK_CONSUMER) timestamp=1691 ms, used_size=3241984 bytes (7.9%)
(RDMA_READ_CONSUME_CHECK_CONSUMER) timestamp=1691 ms, used_size=3239936 bytes (7.9%)
(RDMA_READ_CONSUME_CHECK_CONSUMER) timestamp=1691 ms, used_size=3237888 bytes (7.9%)
(RDMA_READ_CONSUME_CHECK_CONSUMER) timestamp=1691 ms, used_size=3235840 bytes (7.9%)
(RDMA_READ_CONSUME_CHECK_CONSUMER) timestamp=1691 ms, used_size=3233792 bytes (7.9%)
(RDMA_READ_CONSUME_CHECK_CONSUMER) timestamp=1691 ms, used_size=3231744 bytes (7.9%)
(RDMA_READ_CONSUME_CHECK_CONSUMER) timestamp=1691 ms, used_size=3229696 bytes (7.9%)
(RDMA_READ_CONSUME_CHECK_CONSUMER) timestamp=1691 ms, used_size=3227648 bytes (7.9%)
(RDMA_READ_CONSUME_CHECK_CONSUMER) timestamp=1691 ms, used_size=3225600 bytes (7.9%)
(RDMA_READ_CONSUME_CHECK_CONSUMER) timestamp=1691 ms, used_size=3223552 bytes (7.9%)
(RDMA_READ_CONSUME_CHECK_CONSUMER) timestamp=1691 ms, used_size=3221504 bytes (7.9%)
(RDMA_READ_CONSUME_CHECK_CONSUMER) timestamp=1691 ms, used_size=3219456 bytes (7.9%)
(RDMA_READ_CONSUME_CHECK_CONSUMER) timestamp=1691 ms, used_size=3217408 bytes (7.9%)
(RDMA_READ_CONSUME_CHECK_CONSUMER) timestamp=1691 ms, used_size=3215360 bytes (7.8%)
(RDMA_READ_CONSUME_CHECK_CONSUMER) timestamp=1691 ms, used_size=3213312 bytes (7.8%)
(RDMA_READ_CONSUME_CHECK_CONSUMER) timestamp=1691 ms, used_size=3211264 bytes (7.8%)
(RDMA_READ_CONSUME_CHECK_CONSUMER) timestamp=1691 ms, used_size=3209216 bytes (7.8%)
(RDMA_READ_CONSUME_CHECK_CONSUMER) timestamp=1691 ms, used_size=3207168 bytes (7.8%)
(RDMA_READ_CONSUME_CHECK_CONSUMER) timestamp=1691 ms, used_size=3205120 bytes (7.8%)
(RDMA_READ_CONSUME_CHECK_CONSUMER) timestamp=1691 ms, used_size=3203072 bytes (7.8%)
(RDMA_READ_CONSUME_CHECK_CONSUMER) timestamp=1691 ms, used_size=3201024 bytes (7.8%)
(RDMA_READ_CONSUME_CHECK_CONSUMER) timestamp=1691 ms, used_size=3198976 bytes (7.8%)
(RDMA_READ_CONSUME_CHECK_CONSUMER) timestamp=1691 ms, used_size=3196928 bytes (7.8%)
(RDMA_READ_CONSUME_CHECK_CONSUMER) timestamp=1691 ms, used_size=3194880 bytes (7.8%)
(RDMA_READ_CONSUME_CHECK_CONSUMER) timestamp=1691 ms, used_size=3192832 bytes (7.8%)
(RDMA_READ_CONSUME_CHECK_CONSUMER) timestamp=1691 ms, used_size=3190784 bytes (7.8%)
(RDMA_READ_CONSUME_CHECK_CONSUMER) timestamp=1691 ms, used_size=3188736 bytes (7.8%)
(RDMA_READ_CONSUME_CHECK_CONSUMER) timestamp=1691 ms, used_size=3186688 bytes (7.8%)
(RDMA_READ_CONSUME_CHECK_CONSUMER) timestamp=1691 ms, used_size=3184640 bytes (7.8%)
(RDMA_READ_CONSUME_CHECK_CONSUMER) timestamp=1691 ms, used_size=3182592 bytes (7.8%)
(RDMA_READ_CONSUME_CHECK_CONSUMER) timestamp=1691 ms, used_size=3180544 bytes (7.8%)
(RDMA_READ_CONSUME_CHECK_CONSUMER) timestamp=1691 ms, used_size=3178496 bytes (7.8%)
(RDMA_READ_CONSUME_CHECK_CONSUMER) timestamp=1691 ms, used_size=3176448 bytes (7.8%)
(RDMA_READ_CONSUME_CHECK_CONSUMER) timestamp=1691 ms, used_size=3174400 bytes (7.8%)
(RDMA_READ_CONSUME_CHECK_CONSUMER) timestamp=1691 ms, used_size=3172352 bytes (7.7%)
(RDMA_READ_CONSUME_CHECK_CONSUMER) timestamp=1691 ms, used_size=3170304 bytes (7.7%)
(RDMA_READ_CONSUME_CHECK_CONSUMER) timestamp=1691 ms, used_size=3168256 bytes (7.7%)
(RDMA_READ_CONSUME_CHECK_CONSUMER) timestamp=1691 ms, used_size=3166208 bytes (7.7%)
(RDMA_READ_CONSUME_CHECK_CONSUMER) timestamp=1691 ms, used_size=3164160 bytes (7.7%)
(RDMA_READ_CONSUME_CHECK_CONSUMER) timestamp=1691 ms, used_size=3162112 bytes (7.7%)
(RDMA_READ_CONSUME_CHECK_CONSUMER) timestamp=1691 ms, used_size=3160064 bytes (7.7%)
(RDMA_READ_CONSUME_CHECK_CONSUMER) timestamp=1691 ms, used_size=3158016 bytes (7.7%)
(RDMA_READ_CONSUME_CHECK_CONSUMER) timestamp=1691 ms, used_size=3155968 bytes (7.7%)
(RDMA_READ_CONSUME_CHECK_CONSUMER) timestamp=1691 ms, used_size=3153920 bytes (7.7%)
(RDMA_READ_CONSUME_CHECK_CONSUMER) timestamp=1691 ms, used_size=3151872 bytes (7.7%)
(RDMA_READ_CONSUME_CHECK_CONSUMER) timestamp=1691 ms, used_size=3149824 bytes (7.7%)
(RDMA_READ_CONSUME_CHECK_CONSUMER) timestamp=1691 ms, used_size=3147776 bytes (7.7%)
(RDMA_READ_CONSUME_CHECK_CONSUMER) timestamp=1691 ms, used_size=3145728 bytes (7.7%)
(RDMA_READ_CONSUME_CHECK_CONSUMER) timestamp=1691 ms, used_size=3143680 bytes (7.7%)
(RDMA_READ_CONSUME_CHECK_CONSUMER) timestamp=1691 ms, used_size=3141632 bytes (7.7%)
(RDMA_READ_CONSUME_CHECK_CONSUMER) timestamp=1692 ms, used_size=3139584 bytes (7.7%)
(RDMA_READ_CONSUME_CHECK_CONSUMER) timestamp=1692 ms, used_size=3137536 bytes (7.7%)
(RDMA_READ_CONSUME_CHECK_CONSUMER) timestamp=1692 ms, used_size=3135488 bytes (7.7%)
(RDMA_READ_CONSUME_CHECK_CONSUMER) timestamp=1692 ms, used_size=3133440 bytes (7.7%)
(RDMA_READ_CONSUME_CHECK_CONSUMER) timestamp=1692 ms, used_size=3131392 bytes (7.6%)
(RDMA_READ_CONSUME_CHECK_CONSUMER) timestamp=1692 ms, used_size=3129344 bytes (7.6%)
(RDMA_READ_CONSUME_CHECK_CONSUMER) timestamp=1692 ms, used_size=3127296 bytes (7.6%)
(RDMA_READ_CONSUME_CHECK_CONSUMER) timestamp=1692 ms, used_size=3125248 bytes (7.6%)
(RDMA_READ_CONSUME_CHECK_CONSUMER) timestamp=1692 ms, used_size=3123200 bytes (7.6%)
(RDMA_READ_CONSUME_CHECK_CONSUMER) timestamp=1692 ms, used_size=3121152 bytes (7.6%)
(RDMA_READ_CONSUME_CHECK_CONSUMER) timestamp=1692 ms, used_size=3119104 bytes (7.6%)
(RDMA_READ_CONSUME_CHECK_CONSUMER) timestamp=1692 ms, used_size=3117056 bytes (7.6%)
(RDMA_READ_CONSUME_CHECK_CONSUMER) timestamp=1692 ms, used_size=3115008 bytes (7.6%)
(RDMA_READ_CONSUME_CHECK_CONSUMER) timestamp=1692 ms, used_size=3112960 bytes (7.6%)
(RDMA_READ_CONSUME_CHECK_CONSUMER) timestamp=1692 ms, used_size=3110912 bytes (7.6%)
(RDMA_READ_CONSUME_CHECK_CONSUMER) timestamp=1692 ms, used_size=3108864 bytes (7.6%)
(RDMA_READ_CONSUME_CHECK_CONSUMER) timestamp=1692 ms, used_size=3106816 bytes (7.6%)
(RDMA_READ_CONSUME_CHECK_CONSUMER) timestamp=1692 ms, used_size=3104768 bytes (7.6%)
(RDMA_READ_CONSUME_CHECK_CONSUMER) timestamp=1692 ms, used_size=3102720 bytes (7.6%)
(RDMA_READ_CONSUME_CHECK_CONSUMER) timestamp=1692 ms, used_size=3100672 bytes (7.6%)
(RDMA_READ_CONSUME_CHECK_CONSUMER) timestamp=1692 ms, used_size=3098624 bytes (7.6%)
(RDMA_READ_CONSUME_CHECK_CONSUMER) timestamp=1692 ms, used_size=3096576 bytes (7.6%)
(RDMA_READ_CONSUME_CHECK_CONSUMER) timestamp=1692 ms, used_size=3094528 bytes (7.6%)
(RDMA_READ_CONSUME_CHECK_CONSUMER) timestamp=1692 ms, used_size=3092480 bytes (7.5%)
(RDMA_READ_CONSUME_CHECK_CONSUMER) timestamp=1692 ms, used_size=3090432 bytes (7.5%)
(RDMA_READ_CONSUME_CHECK_CONSUMER) timestamp=1692 ms, used_size=3088384 bytes (7.5%)
(RDMA_READ_CONSUME_CHECK_CONSUMER) timestamp=1692 ms, used_size=3086336 bytes (7.5%)
(RDMA_READ_CONSUME_CHECK_CONSUMER) timestamp=1692 ms, used_size=3084288 bytes (7.5%)
(RDMA_READ_CONSUME_CHECK_CONSUMER) timestamp=1692 ms, used_size=3082240 bytes (7.5%)
(RDMA_READ_CONSUME_CHECK_CONSUMER) timestamp=1692 ms, used_size=3080192 bytes (7.5%)
(RDMA_READ_CONSUME_CHECK_CONSUMER) timestamp=1692 ms, used_size=3078144 bytes (7.5%)
(RDMA_READ_CONSUME_CHECK_CONSUMER) timestamp=1692 ms, used_size=3076096 bytes (7.5%)
(RDMA_READ_CONSUME_CHECK_CONSUMER) timestamp=1692 ms, used_size=3074048 bytes (7.5%)
(RDMA_READ_CONSUME_CHECK_CONSUMER) timestamp=1692 ms, used_size=3072000 bytes (7.5%)
(RDMA_READ_CONSUME_CHECK_CONSUMER) timestamp=1692 ms, used_size=3069952 bytes (7.5%)
(RDMA_READ_CONSUME_CHECK_CONSUMER) timestamp=1692 ms, used_size=3067904 bytes (7.5%)
(RDMA_READ_CONSUME_CHECK_CONSUMER) timestamp=1692 ms, used_size=3065856 bytes (7.5%)
(RDMA_READ_CONSUME_CHECK_CONSUMER) timestamp=1692 ms, used_size=3063808 bytes (7.5%)
(RDMA_READ_CONSUME_CHECK_CONSUMER) timestamp=1692 ms, used_size=3061760 bytes (7.5%)
(RDMA_READ_CONSUME_CHECK_CONSUMER) timestamp=1692 ms, used_size=3059712 bytes (7.5%)
(RDMA_READ_CONSUME_CHECK_CONSUMER) timestamp=1692 ms, used_size=3057664 bytes (7.5%)
(RDMA_READ_CONSUME_CHECK_CONSUMER) timestamp=1692 ms, used_size=3055616 bytes (7.5%)
(RDMA_READ_CONSUME_CHECK_CONSUMER) timestamp=1692 ms, used_size=3053568 bytes (7.5%)
(RDMA_READ_CONSUME_CHECK_CONSUMER) timestamp=1692 ms, used_size=3051520 bytes (7.5%)
(RDMA_READ_CONSUME_CHECK_CONSUMER) timestamp=1692 ms, used_size=3049472 bytes (7.4%)
(RDMA_READ_CONSUME_CHECK_CONSUMER) timestamp=1692 ms, used_size=3047424 bytes (7.4%)
(RDMA_READ_CONSUME_CHECK_CONSUMER) timestamp=1692 ms, used_size=3045376 bytes (7.4%)
(RDMA_READ_CONSUME_CHECK_CONSUMER) timestamp=1692 ms, used_size=3043328 bytes (7.4%)
(RDMA_READ_CONSUME_CHECK_CONSUMER) timestamp=1692 ms, used_size=3041280 bytes (7.4%)
(RDMA_READ_CONSUME_CHECK_CONSUMER) timestamp=1692 ms, used_size=3039232 bytes (7.4%)
(RDMA_READ_CONSUME_CHECK_CONSUMER) timestamp=1692 ms, used_size=3037184 bytes (7.4%)
(RDMA_READ_CONSUME_CHECK_CONSUMER) timestamp=1692 ms, used_size=3035136 bytes (7.4%)
(RDMA_READ_CONSUME_CHECK_CONSUMER) timestamp=1692 ms, used_size=3033088 bytes (7.4%)
(RDMA_READ_CONSUME_CHECK_CONSUMER) timestamp=1692 ms, used_size=3031040 bytes (7.4%)
(RDMA_READ_CONSUME_CHECK_CONSUMER) timestamp=1692 ms, used_size=3028992 bytes (7.4%)
(RDMA_READ_CONSUME_CHECK_CONSUMER) timestamp=1692 ms, used_size=3026944 bytes (7.4%)
(RDMA_READ_CONSUME_CHECK_CONSUMER) timestamp=1692 ms, used_size=3024896 bytes (7.4%)
(RDMA_READ_CONSUME_CHECK_CONSUMER) timestamp=1692 ms, used_size=3022848 bytes (7.4%)
(RDMA_READ_CONSUME_CHECK_CONSUMER) timestamp=1692 ms, used_size=3020800 bytes (7.4%)
(RDMA_READ_CONSUME_CHECK_CONSUMER) timestamp=1692 ms, used_size=3018752 bytes (7.4%)
(RDMA_READ_CONSUME_CHECK_CONSUMER) timestamp=1692 ms, used_size=3016704 bytes (7.4%)
(RDMA_READ_CONSUME_CHECK_CONSUMER) timestamp=1692 ms, used_size=3014656 bytes (7.4%)
(RDMA_READ_CONSUME_CHECK_CONSUMER) timestamp=1692 ms, used_size=3012608 bytes (7.4%)
(RDMA_READ_CONSUME_CHECK_CONSUMER) timestamp=1692 ms, used_size=3010560 bytes (7.3%)
(RDMA_READ_CONSUME_CHECK_CONSUMER) timestamp=1692 ms, used_size=3008512 bytes (7.3%)
(RDMA_READ_CONSUME_CHECK_CONSUMER) timestamp=1692 ms, used_size=3006464 bytes (7.3%)
(RDMA_READ_CONSUME_CHECK_CONSUMER) timestamp=1692 ms, used_size=3004416 bytes (7.3%)
(RDMA_READ_CONSUME_CHECK_CONSUMER) timestamp=1692 ms, used_size=3002368 bytes (7.3%)
(RDMA_READ_CONSUME_CHECK_CONSUMER) timestamp=1692 ms, used_size=3000320 bytes (7.3%)
(RDMA_READ_CONSUME_CHECK_CONSUMER) timestamp=1692 ms, used_size=2998272 bytes (7.3%)
(RDMA_READ_CONSUME_CHECK_CONSUMER) timestamp=1692 ms, used_size=2996224 bytes (7.3%)
(RDMA_READ_CONSUME_CHECK_CONSUMER) timestamp=1692 ms, used_size=2994176 bytes (7.3%)
(RDMA_READ_CONSUME_CHECK_CONSUMER) timestamp=1692 ms, used_size=2992128 bytes (7.3%)
(RDMA_READ_CONSUME_CHECK_CONSUMER) timestamp=1692 ms, used_size=2990080 bytes (7.3%)
(RDMA_READ_CONSUME_CHECK_CONSUMER) timestamp=1692 ms, used_size=2988032 bytes (7.3%)
(RDMA_READ_CONSUME_CHECK_CONSUMER) timestamp=1692 ms, used_size=2985984 bytes (7.3%)
(RDMA_READ_CONSUME_CHECK_CONSUMER) timestamp=1692 ms, used_size=2983936 bytes (7.3%)
(RDMA_READ_CONSUME_CHECK_CONSUMER) timestamp=1692 ms, used_size=2981888 bytes (7.3%)
(RDMA_READ_CONSUME_CHECK_CONSUMER) timestamp=1692 ms, used_size=2979840 bytes (7.3%)
(RDMA_READ_CONSUME_CHECK_CONSUMER) timestamp=1692 ms, used_size=2977792 bytes (7.3%)
(RDMA_READ_CONSUME_CHECK_CONSUMER) timestamp=1692 ms, used_size=2975744 bytes (7.3%)
(RDMA_READ_CONSUME_CHECK_CONSUMER) timestamp=1692 ms, used_size=2973696 bytes (7.3%)
(RDMA_READ_CONSUME_CHECK_CONSUMER) timestamp=1692 ms, used_size=2971648 bytes (7.3%)
(RDMA_READ_CONSUME_CHECK_CONSUMER) timestamp=1692 ms, used_size=2969600 bytes (7.2%)
(RDMA_READ_CONSUME_CHECK_CONSUMER) timestamp=1692 ms, used_size=2967552 bytes (7.2%)
(RDMA_READ_CONSUME_CHECK_CONSUMER) timestamp=1692 ms, used_size=2965504 bytes (7.2%)
(RDMA_READ_CONSUME_CHECK_CONSUMER) timestamp=1692 ms, used_size=2963456 bytes (7.2%)
(RDMA_READ_CONSUME_CHECK_CONSUMER) timestamp=1692 ms, used_size=2961408 bytes (7.2%)
(RDMA_READ_CONSUME_CHECK_CONSUMER) timestamp=1692 ms, used_size=2959360 bytes (7.2%)
(RDMA_READ_CONSUME_CHECK_CONSUMER) timestamp=1692 ms, used_size=2957312 bytes (7.2%)
(RDMA_READ_CONSUME_CHECK_CONSUMER) timestamp=1692 ms, used_size=2955264 bytes (7.2%)
(RDMA_READ_CONSUME_CHECK_CONSUMER) timestamp=1692 ms, used_size=2953216 bytes (7.2%)
(RDMA_READ_CONSUME_CHECK_CONSUMER) timestamp=1692 ms, used_size=2951168 bytes (7.2%)
(RDMA_READ_CONSUME_CHECK_CONSUMER) timestamp=1692 ms, used_size=2949120 bytes (7.2%)
(RDMA_READ_CONSUME_CHECK_CONSUMER) timestamp=1692 ms, used_size=2947072 bytes (7.2%)
(RDMA_READ_CONSUME_CHECK_CONSUMER) timestamp=1692 ms, used_size=2945024 bytes (7.2%)
(RDMA_READ_CONSUME_CHECK_CONSUMER) timestamp=1692 ms, used_size=2942976 bytes (7.2%)
(RDMA_READ_CONSUME_CHECK_CONSUMER) timestamp=1692 ms, used_size=2940928 bytes (7.2%)
(RDMA_READ_CONSUME_CHECK_CONSUMER) timestamp=1692 ms, used_size=2938880 bytes (7.2%)
(RDMA_READ_CONSUME_CHECK_CONSUMER) timestamp=1692 ms, used_size=2936832 bytes (7.2%)
(RDMA_READ_CONSUME_CHECK_CONSUMER) timestamp=1692 ms, used_size=2934784 bytes (7.2%)
(RDMA_READ_CONSUME_CHECK_CONSUMER) timestamp=1692 ms, used_size=2932736 bytes (7.2%)
(RDMA_READ_CONSUME_CHECK_CONSUMER) timestamp=1692 ms, used_size=2930688 bytes (7.2%)
(RDMA_READ_CONSUME_CHECK_CONSUMER) timestamp=1692 ms, used_size=2928640 bytes (7.2%)
(RDMA_READ_CONSUME_CHECK_CONSUMER) timestamp=1692 ms, used_size=2926592 bytes (7.1%)
(RDMA_READ_CONSUME_CHECK_CONSUMER) timestamp=1692 ms, used_size=2924544 bytes (7.1%)
(RDMA_READ_CONSUME_CHECK_CONSUMER) timestamp=1692 ms, used_size=2922496 bytes (7.1%)
(RDMA_READ_CONSUME_CHECK_CONSUMER) timestamp=1692 ms, used_size=2920448 bytes (7.1%)
(RDMA_READ_CONSUME_CHECK_CONSUMER) timestamp=1692 ms, used_size=2918400 bytes (7.1%)
(RDMA_READ_CONSUME_CHECK_CONSUMER) timestamp=1692 ms, used_size=2916352 bytes (7.1%)
(RDMA_READ_CONSUME_CHECK_CONSUMER) timestamp=1692 ms, used_size=2914304 bytes (7.1%)
(RDMA_READ_CONSUME_CHECK_CONSUMER) timestamp=1692 ms, used_size=2912256 bytes (7.1%)
(RDMA_READ_CONSUME_CHECK_CONSUMER) timestamp=1692 ms, used_size=2910208 bytes (7.1%)
(RDMA_READ_CONSUME_CHECK_CONSUMER) timestamp=1692 ms, used_size=2908160 bytes (7.1%)
(RDMA_READ_CONSUME_CHECK_CONSUMER) timestamp=1692 ms, used_size=2906112 bytes (7.1%)
(RDMA_READ_CONSUME_CHECK_CONSUMER) timestamp=1692 ms, used_size=2904064 bytes (7.1%)
(RDMA_READ_CONSUME_CHECK_CONSUMER) timestamp=1692 ms, used_size=2902016 bytes (7.1%)
(RDMA_READ_CONSUME_CHECK_CONSUMER) timestamp=1692 ms, used_size=2899968 bytes (7.1%)
(RDMA_READ_CONSUME_CHECK_CONSUMER) timestamp=1692 ms, used_size=2897920 bytes (7.1%)
(RDMA_READ_CONSUME_CHECK_CONSUMER) timestamp=1692 ms, used_size=2895872 bytes (7.1%)
(RDMA_READ_CONSUME_CHECK_CONSUMER) timestamp=1692 ms, used_size=2893824 bytes (7.1%)
(RDMA_READ_CONSUME_CHECK_CONSUMER) timestamp=1692 ms, used_size=2891776 bytes (7.1%)
(RDMA_READ_CONSUME_CHECK_CONSUMER) timestamp=1692 ms, used_size=2889728 bytes (7.1%)
(RDMA_READ_CONSUME_CHECK_CONSUMER) timestamp=1692 ms, used_size=2887680 bytes (7.0%)
(RDMA_READ_CONSUME_CHECK_CONSUMER) timestamp=1692 ms, used_size=2885632 bytes (7.0%)
(RDMA_READ_CONSUME_CHECK_CONSUMER) timestamp=1692 ms, used_size=2883584 bytes (7.0%)
(RDMA_READ_CONSUME_CHECK_CONSUMER) timestamp=1692 ms, used_size=2881536 bytes (7.0%)
(RDMA_READ_CONSUME_CHECK_CONSUMER) timestamp=1692 ms, used_size=2879488 bytes (7.0%)
(RDMA_READ_CONSUME_CHECK_CONSUMER) timestamp=1692 ms, used_size=2877440 bytes (7.0%)
(RDMA_READ_CONSUME_CHECK_CONSUMER) timestamp=1692 ms, used_size=2875392 bytes (7.0%)
(RDMA_READ_CONSUME_CHECK_CONSUMER) timestamp=1692 ms, used_size=2873344 bytes (7.0%)
(RDMA_READ_CONSUME_CHECK_CONSUMER) timestamp=1692 ms, used_size=2871296 bytes (7.0%)
(RDMA_READ_CONSUME_CHECK_CONSUMER) timestamp=1692 ms, used_size=2869248 bytes (7.0%)
(RDMA_READ_CONSUME_CHECK_CONSUMER) timestamp=1692 ms, used_size=2867200 bytes (7.0%)
(RDMA_READ_CONSUME_CHECK_CONSUMER) timestamp=1692 ms, used_size=2865152 bytes (7.0%)
(RDMA_READ_CONSUME_CHECK_CONSUMER) timestamp=1692 ms, used_size=2863104 bytes (7.0%)
(RDMA_READ_CONSUME_CHECK_CONSUMER) timestamp=1692 ms, used_size=2861056 bytes (7.0%)
(RDMA_READ_CONSUME_CHECK_CONSUMER) timestamp=1692 ms, used_size=2859008 bytes (7.0%)
(RDMA_READ_CONSUME_CHECK_CONSUMER) timestamp=1692 ms, used_size=2856960 bytes (7.0%)
(RDMA_READ_CONSUME_CHECK_CONSUMER) timestamp=1692 ms, used_size=2854912 bytes (7.0%)
(RDMA_READ_CONSUME_CHECK_CONSUMER) timestamp=1692 ms, used_size=2852864 bytes (7.0%)
(RDMA_READ_CONSUME_CHECK_CONSUMER) timestamp=1692 ms, used_size=2850816 bytes (7.0%)
(RDMA_READ_CONSUME_CHECK_CONSUMER) timestamp=1692 ms, used_size=2848768 bytes (7.0%)
(RDMA_READ_CONSUME_CHECK_CONSUMER) timestamp=1692 ms, used_size=2846720 bytes (7.0%)
(RDMA_READ_CONSUME_CHECK_CONSUMER) timestamp=1692 ms, used_size=2844672 bytes (6.9%)
(RDMA_READ_CONSUME_CHECK_CONSUMER) timestamp=1692 ms, used_size=2842624 bytes (6.9%)
(RDMA_READ_CONSUME_CHECK_CONSUMER) timestamp=1692 ms, used_size=2840576 bytes (6.9%)
(RDMA_READ_CONSUME_CHECK_CONSUMER) timestamp=1692 ms, used_size=2838528 bytes (6.9%)
(RDMA_READ_CONSUME_CHECK_CONSUMER) timestamp=1692 ms, used_size=2836480 bytes (6.9%)
(RDMA_READ_CONSUME_CHECK_CONSUMER) timestamp=1692 ms, used_size=2834432 bytes (6.9%)
(RDMA_READ_CONSUME_CHECK_CONSUMER) timestamp=1692 ms, used_size=2832384 bytes (6.9%)
(RDMA_READ_CONSUME_CHECK_CONSUMER) timestamp=1692 ms, used_size=2830336 bytes (6.9%)
(RDMA_READ_CONSUME_CHECK_CONSUMER) timestamp=1692 ms, used_size=2828288 bytes (6.9%)
(RDMA_READ_CONSUME_CHECK_CONSUMER) timestamp=1692 ms, used_size=2826240 bytes (6.9%)
(RDMA_READ_CONSUME_CHECK_CONSUMER) timestamp=1692 ms, used_size=2824192 bytes (6.9%)
(RDMA_READ_CONSUME_CHECK_CONSUMER) timestamp=1692 ms, used_size=2822144 bytes (6.9%)
(RDMA_READ_CONSUME_CHECK_CONSUMER) timestamp=1692 ms, used_size=2820096 bytes (6.9%)
(RDMA_READ_CONSUME_CHECK_CONSUMER) timestamp=1692 ms, used_size=2818048 bytes (6.9%)
(RDMA_READ_CONSUME_CHECK_CONSUMER) timestamp=1692 ms, used_size=2816000 bytes (6.9%)
(RDMA_READ_CONSUME_CHECK_CONSUMER) timestamp=1692 ms, used_size=2813952 bytes (6.9%)
(RDMA_READ_CONSUME_CHECK_CONSUMER) timestamp=1692 ms, used_size=2811904 bytes (6.9%)
(RDMA_READ_CONSUME_CHECK_CONSUMER) timestamp=1692 ms, used_size=2809856 bytes (6.9%)
(RDMA_READ_CONSUME_CHECK_CONSUMER) timestamp=1692 ms, used_size=2807808 bytes (6.9%)
(RDMA_READ_CONSUME_CHECK_CONSUMER) timestamp=1692 ms, used_size=2805760 bytes (6.8%)
(RDMA_READ_CONSUME_CHECK_CONSUMER) timestamp=1692 ms, used_size=2803712 bytes (6.8%)
(RDMA_READ_CONSUME_CHECK_CONSUMER) timestamp=1692 ms, used_size=2801664 bytes (6.8%)
(RDMA_READ_CONSUME_CHECK_CONSUMER) timestamp=1692 ms, used_size=2799616 bytes (6.8%)
(RDMA_READ_CONSUME_CHECK_CONSUMER) timestamp=1692 ms, used_size=2797568 bytes (6.8%)
(RDMA_READ_CONSUME_CHECK_CONSUMER) timestamp=1692 ms, used_size=2795520 bytes (6.8%)
(RDMA_READ_CONSUME_CHECK_CONSUMER) timestamp=1692 ms, used_size=2793472 bytes (6.8%)
(RDMA_READ_CONSUME_CHECK_CONSUMER) timestamp=1692 ms, used_size=2791424 bytes (6.8%)
(RDMA_READ_CONSUME_CHECK_CONSUMER) timestamp=1692 ms, used_size=2789376 bytes (6.8%)
(RDMA_READ_CONSUME_CHECK_CONSUMER) timestamp=1692 ms, used_size=2787328 bytes (6.8%)
(RDMA_READ_CONSUME_CHECK_CONSUMER) timestamp=1692 ms, used_size=2785280 bytes (6.8%)
(RDMA_READ_CONSUME_CHECK_CONSUMER) timestamp=1692 ms, used_size=2783232 bytes (6.8%)
(RDMA_READ_CONSUME_CHECK_CONSUMER) timestamp=1692 ms, used_size=2781184 bytes (6.8%)
(RDMA_READ_CONSUME_CHECK_CONSUMER) timestamp=1692 ms, used_size=2779136 bytes (6.8%)
(RDMA_READ_CONSUME_CHECK_CONSUMER) timestamp=1692 ms, used_size=2777088 bytes (6.8%)
(RDMA_READ_CONSUME_CHECK_CONSUMER) timestamp=1692 ms, used_size=2775040 bytes (6.8%)
(RDMA_READ_CONSUME_CHECK_CONSUMER) timestamp=1693 ms, used_size=2772992 bytes (6.8%)
(RDMA_READ_CONSUME_CHECK_CONSUMER) timestamp=1693 ms, used_size=2770944 bytes (6.8%)
(RDMA_READ_CONSUME_CHECK_CONSUMER) timestamp=1693 ms, used_size=2768896 bytes (6.8%)
(RDMA_READ_CONSUME_CHECK_CONSUMER) timestamp=1693 ms, used_size=2766848 bytes (6.8%)
(RDMA_READ_CONSUME_CHECK_CONSUMER) timestamp=1693 ms, used_size=2764800 bytes (6.8%)
(RDMA_READ_CONSUME_CHECK_CONSUMER) timestamp=1693 ms, used_size=2762752 bytes (6.7%)
(RDMA_READ_CONSUME_CHECK_CONSUMER) timestamp=1693 ms, used_size=2760704 bytes (6.7%)
(RDMA_READ_CONSUME_CHECK_CONSUMER) timestamp=1693 ms, used_size=2758656 bytes (6.7%)
(RDMA_READ_CONSUME_CHECK_CONSUMER) timestamp=1693 ms, used_size=2756608 bytes (6.7%)
(RDMA_READ_CONSUME_CHECK_CONSUMER) timestamp=1693 ms, used_size=2754560 bytes (6.7%)
(RDMA_READ_CONSUME_CHECK_CONSUMER) timestamp=1693 ms, used_size=2752512 bytes (6.7%)
(RDMA_READ_CONSUME_CHECK_CONSUMER) timestamp=1693 ms, used_size=2750464 bytes (6.7%)
(RDMA_READ_CONSUME_CHECK_CONSUMER) timestamp=1693 ms, used_size=2748416 bytes (6.7%)
(RDMA_READ_CONSUME_CHECK_CONSUMER) timestamp=1693 ms, used_size=2746368 bytes (6.7%)
(RDMA_READ_CONSUME_CHECK_CONSUMER) timestamp=1693 ms, used_size=2744320 bytes (6.7%)
(RDMA_READ_CONSUME_CHECK_CONSUMER) timestamp=1693 ms, used_size=2742272 bytes (6.7%)
(RDMA_READ_CONSUME_CHECK_CONSUMER) timestamp=1693 ms, used_size=2740224 bytes (6.7%)
(RDMA_READ_CONSUME_CHECK_CONSUMER) timestamp=1693 ms, used_size=2738176 bytes (6.7%)
(RDMA_READ_CONSUME_CHECK_CONSUMER) timestamp=1693 ms, used_size=2736128 bytes (6.7%)
(RDMA_READ_CONSUME_CHECK_CONSUMER) timestamp=1693 ms, used_size=2734080 bytes (6.7%)
(RDMA_READ_CONSUME_CHECK_CONSUMER) timestamp=1693 ms, used_size=2732032 bytes (6.7%)
(RDMA_READ_CONSUME_CHECK_CONSUMER) timestamp=1693 ms, used_size=2729984 bytes (6.7%)
(RDMA_READ_CONSUME_CHECK_CONSUMER) timestamp=1693 ms, used_size=2727936 bytes (6.7%)
(RDMA_READ_CONSUME_CHECK_CONSUMER) timestamp=1693 ms, used_size=2725888 bytes (6.7%)
(RDMA_READ_CONSUME_CHECK_CONSUMER) timestamp=1693 ms, used_size=2723840 bytes (6.7%)
(RDMA_READ_CONSUME_CHECK_CONSUMER) timestamp=1693 ms, used_size=2721792 bytes (6.6%)
(RDMA_READ_CONSUME_CHECK_CONSUMER) timestamp=1693 ms, used_size=2719744 bytes (6.6%)
(RDMA_READ_CONSUME_CHECK_CONSUMER) timestamp=1693 ms, used_size=2717696 bytes (6.6%)
(RDMA_READ_CONSUME_CHECK_CONSUMER) timestamp=1693 ms, used_size=2715648 bytes (6.6%)
(RDMA_READ_CONSUME_CHECK_CONSUMER) timestamp=1693 ms, used_size=2713600 bytes (6.6%)
(RDMA_READ_CONSUME_CHECK_CONSUMER) timestamp=1693 ms, used_size=2711552 bytes (6.6%)
(RDMA_READ_CONSUME_CHECK_CONSUMER) timestamp=1693 ms, used_size=2709504 bytes (6.6%)
(RDMA_READ_CONSUME_CHECK_CONSUMER) timestamp=1693 ms, used_size=2707456 bytes (6.6%)
(RDMA_READ_CONSUME_CHECK_CONSUMER) timestamp=1693 ms, used_size=2705408 bytes (6.6%)
(RDMA_READ_CONSUME_CHECK_CONSUMER) timestamp=1693 ms, used_size=2703360 bytes (6.6%)
(RDMA_READ_CONSUME_CHECK_CONSUMER) timestamp=1693 ms, used_size=2701312 bytes (6.6%)
(RDMA_READ_CONSUME_CHECK_CONSUMER) timestamp=1693 ms, used_size=2699264 bytes (6.6%)
(RDMA_READ_CONSUME_CHECK_CONSUMER) timestamp=1693 ms, used_size=2697216 bytes (6.6%)
(RDMA_READ_CONSUME_CHECK_CONSUMER) timestamp=1693 ms, used_size=2695168 bytes (6.6%)
(RDMA_READ_CONSUME_CHECK_CONSUMER) timestamp=1693 ms, used_size=2693120 bytes (6.6%)
(RDMA_READ_CONSUME_CHECK_CONSUMER) timestamp=1693 ms, used_size=2691072 bytes (6.6%)
(RDMA_READ_CONSUME_CHECK_CONSUMER) timestamp=1693 ms, used_size=2689024 bytes (6.6%)
(RDMA_READ_CONSUME_CHECK_CONSUMER) timestamp=1693 ms, used_size=2686976 bytes (6.6%)
(RDMA_READ_CONSUME_CHECK_CONSUMER) timestamp=1693 ms, used_size=2684928 bytes (6.6%)
(RDMA_READ_CONSUME_CHECK_CONSUMER) timestamp=1693 ms, used_size=2682880 bytes (6.5%)
(RDMA_READ_CONSUME_CHECK_CONSUMER) timestamp=1693 ms, used_size=2680832 bytes (6.5%)
(RDMA_READ_CONSUME_CHECK_CONSUMER) timestamp=1693 ms, used_size=2678784 bytes (6.5%)
(RDMA_READ_CONSUME_CHECK_CONSUMER) timestamp=1693 ms, used_size=2676736 bytes (6.5%)
(RDMA_READ_CONSUME_CHECK_CONSUMER) timestamp=1693 ms, used_size=2674688 bytes (6.5%)
(RDMA_READ_CONSUME_CHECK_CONSUMER) timestamp=1693 ms, used_size=2672640 bytes (6.5%)
(RDMA_READ_CONSUME_CHECK_CONSUMER) timestamp=1693 ms, used_size=2670592 bytes (6.5%)
(RDMA_READ_CONSUME_CHECK_CONSUMER) timestamp=1693 ms, used_size=2668544 bytes (6.5%)
(RDMA_READ_CONSUME_CHECK_CONSUMER) timestamp=1693 ms, used_size=2666496 bytes (6.5%)
(RDMA_READ_CONSUME_CHECK_CONSUMER) timestamp=1693 ms, used_size=2664448 bytes (6.5%)
(RDMA_READ_CONSUME_CHECK_CONSUMER) timestamp=1693 ms, used_size=2662400 bytes (6.5%)
(RDMA_READ_CONSUME_CHECK_CONSUMER) timestamp=1693 ms, used_size=2660352 bytes (6.5%)
(RDMA_READ_CONSUME_CHECK_CONSUMER) timestamp=1693 ms, used_size=2658304 bytes (6.5%)
(RDMA_READ_CONSUME_CHECK_CONSUMER) timestamp=1693 ms, used_size=2656256 bytes (6.5%)
(RDMA_READ_CONSUME_CHECK_CONSUMER) timestamp=1693 ms, used_size=2654208 bytes (6.5%)
(RDMA_READ_CONSUME_CHECK_CONSUMER) timestamp=1693 ms, used_size=2652160 bytes (6.5%)
(RDMA_READ_CONSUME_CHECK_CONSUMER) timestamp=1693 ms, used_size=2650112 bytes (6.5%)
(RDMA_READ_CONSUME_CHECK_CONSUMER) timestamp=1693 ms, used_size=2648064 bytes (6.5%)
(RDMA_READ_CONSUME_CHECK_CONSUMER) timestamp=1693 ms, used_size=2646016 bytes (6.5%)
(RDMA_READ_CONSUME_CHECK_CONSUMER) timestamp=1693 ms, used_size=2643968 bytes (6.5%)
(RDMA_READ_CONSUME_CHECK_CONSUMER) timestamp=1693 ms, used_size=2641920 bytes (6.5%)
(RDMA_READ_CONSUME_CHECK_CONSUMER) timestamp=1693 ms, used_size=2639872 bytes (6.4%)
(RDMA_READ_CONSUME_CHECK_CONSUMER) timestamp=1693 ms, used_size=2637824 bytes (6.4%)
(RDMA_READ_CONSUME_CHECK_CONSUMER) timestamp=1693 ms, used_size=2635776 bytes (6.4%)
(RDMA_READ_CONSUME_CHECK_CONSUMER) timestamp=1693 ms, used_size=2633728 bytes (6.4%)
(RDMA_READ_CONSUME_CHECK_CONSUMER) timestamp=1693 ms, used_size=2631680 bytes (6.4%)
(RDMA_READ_CONSUME_CHECK_CONSUMER) timestamp=1693 ms, used_size=2629632 bytes (6.4%)
(RDMA_READ_CONSUME_CHECK_CONSUMER) timestamp=1693 ms, used_size=2627584 bytes (6.4%)
(RDMA_READ_CONSUME_CHECK_CONSUMER) timestamp=1693 ms, used_size=2625536 bytes (6.4%)
(RDMA_READ_CONSUME_CHECK_CONSUMER) timestamp=1693 ms, used_size=2623488 bytes (6.4%)
(RDMA_READ_CONSUME_CHECK_CONSUMER) timestamp=1693 ms, used_size=2621440 bytes (6.4%)
(RDMA_READ_CONSUME_CHECK_CONSUMER) timestamp=1693 ms, used_size=2619392 bytes (6.4%)
(RDMA_READ_CONSUME_CHECK_CONSUMER) timestamp=1693 ms, used_size=2617344 bytes (6.4%)
(RDMA_READ_CONSUME_CHECK_CONSUMER) timestamp=1693 ms, used_size=2615296 bytes (6.4%)
(RDMA_READ_CONSUME_CHECK_CONSUMER) timestamp=1693 ms, used_size=2613248 bytes (6.4%)
(RDMA_READ_CONSUME_CHECK_CONSUMER) timestamp=1693 ms, used_size=2611200 bytes (6.4%)
(RDMA_READ_CONSUME_CHECK_CONSUMER) timestamp=1693 ms, used_size=2609152 bytes (6.4%)
(RDMA_READ_CONSUME_CHECK_CONSUMER) timestamp=1693 ms, used_size=2607104 bytes (6.4%)
(RDMA_READ_CONSUME_CHECK_CONSUMER) timestamp=1693 ms, used_size=2605056 bytes (6.4%)
(RDMA_READ_CONSUME_CHECK_CONSUMER) timestamp=1693 ms, used_size=2603008 bytes (6.4%)
(RDMA_READ_CONSUME_CHECK_CONSUMER) timestamp=1693 ms, used_size=2600960 bytes (6.3%)
(RDMA_READ_CONSUME_CHECK_CONSUMER) timestamp=1693 ms, used_size=2598912 bytes (6.3%)
(RDMA_READ_CONSUME_CHECK_CONSUMER) timestamp=1693 ms, used_size=2596864 bytes (6.3%)
(RDMA_READ_CONSUME_CHECK_CONSUMER) timestamp=1693 ms, used_size=2594816 bytes (6.3%)
(RDMA_READ_CONSUME_CHECK_CONSUMER) timestamp=1693 ms, used_size=2592768 bytes (6.3%)
(RDMA_READ_CONSUME_CHECK_CONSUMER) timestamp=1693 ms, used_size=2590720 bytes (6.3%)
(RDMA_READ_CONSUME_CHECK_CONSUMER) timestamp=1693 ms, used_size=2588672 bytes (6.3%)
(RDMA_READ_CONSUME_CHECK_CONSUMER) timestamp=1693 ms, used_size=2586624 bytes (6.3%)
(RDMA_READ_CONSUME_CHECK_CONSUMER) timestamp=1693 ms, used_size=2584576 bytes (6.3%)
(RDMA_READ_CONSUME_CHECK_CONSUMER) timestamp=1693 ms, used_size=2582528 bytes (6.3%)
(RDMA_READ_CONSUME_CHECK_CONSUMER) timestamp=1693 ms, used_size=2580480 bytes (6.3%)
(RDMA_READ_CONSUME_CHECK_CONSUMER) timestamp=1693 ms, used_size=2578432 bytes (6.3%)
(RDMA_READ_CONSUME_CHECK_CONSUMER) timestamp=1693 ms, used_size=2576384 bytes (6.3%)
(RDMA_READ_CONSUME_CHECK_CONSUMER) timestamp=1693 ms, used_size=2574336 bytes (6.3%)
(RDMA_READ_CONSUME_CHECK_CONSUMER) timestamp=1693 ms, used_size=2572288 bytes (6.3%)
(RDMA_READ_CONSUME_CHECK_CONSUMER) timestamp=1693 ms, used_size=2570240 bytes (6.3%)
(RDMA_READ_CONSUME_CHECK_CONSUMER) timestamp=1693 ms, used_size=2568192 bytes (6.3%)
(RDMA_READ_CONSUME_CHECK_CONSUMER) timestamp=1693 ms, used_size=2566144 bytes (6.3%)
(RDMA_READ_CONSUME_CHECK_CONSUMER) timestamp=1693 ms, used_size=2564096 bytes (6.3%)
(RDMA_READ_CONSUME_CHECK_CONSUMER) timestamp=1693 ms, used_size=2562048 bytes (6.3%)
(RDMA_READ_CONSUME_CHECK_CONSUMER) timestamp=1693 ms, used_size=2560000 bytes (6.2%)
(RDMA_READ_CONSUME_CHECK_CONSUMER) timestamp=1693 ms, used_size=2557952 bytes (6.2%)
(RDMA_READ_CONSUME_CHECK_CONSUMER) timestamp=1693 ms, used_size=2555904 bytes (6.2%)
(RDMA_READ_CONSUME_CHECK_CONSUMER) timestamp=1693 ms, used_size=2553856 bytes (6.2%)
(RDMA_READ_CONSUME_CHECK_CONSUMER) timestamp=1693 ms, used_size=2551808 bytes (6.2%)
(RDMA_READ_CONSUME_CHECK_CONSUMER) timestamp=1693 ms, used_size=2549760 bytes (6.2%)
(RDMA_READ_CONSUME_CHECK_CONSUMER) timestamp=1693 ms, used_size=2547712 bytes (6.2%)
(RDMA_READ_CONSUME_CHECK_CONSUMER) timestamp=1693 ms, used_size=2545664 bytes (6.2%)
(RDMA_READ_CONSUME_CHECK_CONSUMER) timestamp=1693 ms, used_size=2543616 bytes (6.2%)
(RDMA_READ_CONSUME_CHECK_CONSUMER) timestamp=1693 ms, used_size=2541568 bytes (6.2%)
(RDMA_READ_CONSUME_CHECK_CONSUMER) timestamp=1693 ms, used_size=2539520 bytes (6.2%)
(RDMA_READ_CONSUME_CHECK_CONSUMER) timestamp=1693 ms, used_size=2537472 bytes (6.2%)
(RDMA_READ_CONSUME_CHECK_CONSUMER) timestamp=1693 ms, used_size=2535424 bytes (6.2%)
(RDMA_READ_CONSUME_CHECK_CONSUMER) timestamp=1693 ms, used_size=2533376 bytes (6.2%)
(RDMA_READ_CONSUME_CHECK_CONSUMER) timestamp=1693 ms, used_size=2531328 bytes (6.2%)
(RDMA_READ_CONSUME_CHECK_CONSUMER) timestamp=1693 ms, used_size=2529280 bytes (6.2%)
(RDMA_READ_CONSUME_CHECK_CONSUMER) timestamp=1693 ms, used_size=2527232 bytes (6.2%)
(RDMA_READ_CONSUME_CHECK_CONSUMER) timestamp=1693 ms, used_size=2525184 bytes (6.2%)
(RDMA_READ_CONSUME_CHECK_CONSUMER) timestamp=1693 ms, used_size=2523136 bytes (6.2%)
(RDMA_READ_CONSUME_CHECK_CONSUMER) timestamp=1693 ms, used_size=2521088 bytes (6.2%)
(RDMA_READ_CONSUME_CHECK_CONSUMER) timestamp=1693 ms, used_size=2519040 bytes (6.2%)
(RDMA_READ_CONSUME_CHECK_CONSUMER) timestamp=1693 ms, used_size=2516992 bytes (6.1%)
(RDMA_READ_CONSUME_CHECK_CONSUMER) timestamp=1693 ms, used_size=2514944 bytes (6.1%)
(RDMA_READ_CONSUME_CHECK_CONSUMER) timestamp=1693 ms, used_size=2512896 bytes (6.1%)
(RDMA_READ_CONSUME_CHECK_CONSUMER) timestamp=1693 ms, used_size=2510848 bytes (6.1%)
(RDMA_READ_CONSUME_CHECK_CONSUMER) timestamp=1693 ms, used_size=2508800 bytes (6.1%)
(RDMA_READ_CONSUME_CHECK_CONSUMER) timestamp=1693 ms, used_size=2506752 bytes (6.1%)
(RDMA_READ_CONSUME_CHECK_CONSUMER) timestamp=1693 ms, used_size=2504704 bytes (6.1%)
(RDMA_READ_CONSUME_CHECK_CONSUMER) timestamp=1693 ms, used_size=2502656 bytes (6.1%)
(RDMA_READ_CONSUME_CHECK_CONSUMER) timestamp=1693 ms, used_size=2500608 bytes (6.1%)
(RDMA_READ_CONSUME_CHECK_CONSUMER) timestamp=1693 ms, used_size=2498560 bytes (6.1%)
(RDMA_READ_CONSUME_CHECK_CONSUMER) timestamp=1693 ms, used_size=2496512 bytes (6.1%)
(RDMA_READ_CONSUME_CHECK_CONSUMER) timestamp=1693 ms, used_size=2494464 bytes (6.1%)
(RDMA_READ_CONSUME_CHECK_CONSUMER) timestamp=1693 ms, used_size=2492416 bytes (6.1%)
(RDMA_READ_CONSUME_CHECK_CONSUMER) timestamp=1693 ms, used_size=2490368 bytes (6.1%)
(RDMA_READ_CONSUME_CHECK_CONSUMER) timestamp=1693 ms, used_size=2488320 bytes (6.1%)
(RDMA_READ_CONSUME_CHECK_CONSUMER) timestamp=1693 ms, used_size=2486272 bytes (6.1%)
(RDMA_READ_CONSUME_CHECK_CONSUMER) timestamp=1693 ms, used_size=2484224 bytes (6.1%)
(RDMA_READ_CONSUME_CHECK_CONSUMER) timestamp=1693 ms, used_size=2482176 bytes (6.1%)
(RDMA_READ_CONSUME_CHECK_CONSUMER) timestamp=1693 ms, used_size=2480128 bytes (6.1%)
(RDMA_READ_CONSUME_CHECK_CONSUMER) timestamp=1693 ms, used_size=2478080 bytes (6.0%)
(RDMA_READ_CONSUME_CHECK_CONSUMER) timestamp=1693 ms, used_size=2476032 bytes (6.0%)
(RDMA_READ_CONSUME_CHECK_CONSUMER) timestamp=1693 ms, used_size=2473984 bytes (6.0%)
(RDMA_READ_CONSUME_CHECK_CONSUMER) timestamp=1693 ms, used_size=2471936 bytes (6.0%)
(RDMA_READ_CONSUME_CHECK_CONSUMER) timestamp=1693 ms, used_size=2469888 bytes (6.0%)
(RDMA_READ_CONSUME_CHECK_CONSUMER) timestamp=1693 ms, used_size=2467840 bytes (6.0%)
(RDMA_READ_CONSUME_CHECK_CONSUMER) timestamp=1693 ms, used_size=2465792 bytes (6.0%)
(RDMA_READ_CONSUME_CHECK_CONSUMER) timestamp=1693 ms, used_size=2463744 bytes (6.0%)
(RDMA_READ_CONSUME_CHECK_CONSUMER) timestamp=1693 ms, used_size=2461696 bytes (6.0%)
(RDMA_READ_CONSUME_CHECK_CONSUMER) timestamp=1693 ms, used_size=2459648 bytes (6.0%)
(RDMA_READ_CONSUME_CHECK_CONSUMER) timestamp=1693 ms, used_size=2457600 bytes (6.0%)
(RDMA_READ_CONSUME_CHECK_CONSUMER) timestamp=1693 ms, used_size=2455552 bytes (6.0%)
(RDMA_READ_CONSUME_CHECK_CONSUMER) timestamp=1693 ms, used_size=2453504 bytes (6.0%)
(RDMA_READ_CONSUME_CHECK_CONSUMER) timestamp=1693 ms, used_size=2451456 bytes (6.0%)
(RDMA_READ_CONSUME_CHECK_CONSUMER) timestamp=1693 ms, used_size=2449408 bytes (6.0%)
(RDMA_READ_CONSUME_CHECK_CONSUMER) timestamp=1693 ms, used_size=2447360 bytes (6.0%)
(RDMA_READ_CONSUME_CHECK_CONSUMER) timestamp=1693 ms, used_size=2445312 bytes (6.0%)
(RDMA_READ_CONSUME_CHECK_CONSUMER) timestamp=1693 ms, used_size=2443264 bytes (6.0%)
(RDMA_READ_CONSUME_CHECK_CONSUMER) timestamp=1693 ms, used_size=2441216 bytes (6.0%)
(RDMA_READ_CONSUME_CHECK_CONSUMER) timestamp=1693 ms, used_size=2439168 bytes (6.0%)
(RDMA_READ_CONSUME_CHECK_CONSUMER) timestamp=1693 ms, used_size=2437120 bytes (6.0%)
(RDMA_READ_CONSUME_CHECK_CONSUMER) timestamp=1693 ms, used_size=2435072 bytes (5.9%)
(RDMA_READ_CONSUME_CHECK_CONSUMER) timestamp=1693 ms, used_size=2433024 bytes (5.9%)
(RDMA_READ_CONSUME_CHECK_CONSUMER) timestamp=1693 ms, used_size=2430976 bytes (5.9%)
(RDMA_READ_CONSUME_CHECK_CONSUMER) timestamp=1693 ms, used_size=2428928 bytes (5.9%)
(RDMA_READ_CONSUME_CHECK_CONSUMER) timestamp=1693 ms, used_size=2426880 bytes (5.9%)
(RDMA_READ_CONSUME_CHECK_CONSUMER) timestamp=1693 ms, used_size=2424832 bytes (5.9%)
(RDMA_READ_CONSUME_CHECK_CONSUMER) timestamp=1693 ms, used_size=2422784 bytes (5.9%)
(RDMA_READ_CONSUME_CHECK_CONSUMER) timestamp=1693 ms, used_size=2420736 bytes (5.9%)
(RDMA_READ_CONSUME_CHECK_CONSUMER) timestamp=1693 ms, used_size=2418688 bytes (5.9%)
(RDMA_READ_CONSUME_CHECK_CONSUMER) timestamp=1693 ms, used_size=2416640 bytes (5.9%)
(RDMA_READ_CONSUME_CHECK_CONSUMER) timestamp=1693 ms, used_size=2414592 bytes (5.9%)
(RDMA_READ_CONSUME_CHECK_CONSUMER) timestamp=1693 ms, used_size=2412544 bytes (5.9%)
(RDMA_READ_CONSUME_CHECK_CONSUMER) timestamp=1693 ms, used_size=2410496 bytes (5.9%)
(RDMA_READ_CONSUME_CHECK_CONSUMER) timestamp=1693 ms, used_size=2408448 bytes (5.9%)
(RDMA_READ_CONSUME_CHECK_CONSUMER) timestamp=1693 ms, used_size=2406400 bytes (5.9%)
(RDMA_READ_CONSUME_CHECK_CONSUMER) timestamp=1694 ms, used_size=2404352 bytes (5.9%)
(RDMA_READ_CONSUME_CHECK_CONSUMER) timestamp=1694 ms, used_size=2402304 bytes (5.9%)
(RDMA_READ_CONSUME_CHECK_CONSUMER) timestamp=1694 ms, used_size=2400256 bytes (5.9%)
(RDMA_READ_CONSUME_CHECK_CONSUMER) timestamp=1694 ms, used_size=2398208 bytes (5.9%)
(RDMA_READ_CONSUME_CHECK_CONSUMER) timestamp=1694 ms, used_size=2396160 bytes (5.8%)
(RDMA_READ_CONSUME_CHECK_CONSUMER) timestamp=1694 ms, used_size=2394112 bytes (5.8%)
(RDMA_READ_CONSUME_CHECK_CONSUMER) timestamp=1694 ms, used_size=2392064 bytes (5.8%)
(RDMA_READ_CONSUME_CHECK_CONSUMER) timestamp=1694 ms, used_size=2390016 bytes (5.8%)
(RDMA_READ_CONSUME_CHECK_CONSUMER) timestamp=1694 ms, used_size=2387968 bytes (5.8%)
(RDMA_READ_CONSUME_CHECK_CONSUMER) timestamp=1694 ms, used_size=2385920 bytes (5.8%)
(RDMA_READ_CONSUME_CHECK_CONSUMER) timestamp=1694 ms, used_size=2383872 bytes (5.8%)
(RDMA_READ_CONSUME_CHECK_CONSUMER) timestamp=1694 ms, used_size=2381824 bytes (5.8%)
(RDMA_READ_CONSUME_CHECK_CONSUMER) timestamp=1694 ms, used_size=2379776 bytes (5.8%)
(RDMA_READ_CONSUME_CHECK_CONSUMER) timestamp=1694 ms, used_size=2377728 bytes (5.8%)
(RDMA_READ_CONSUME_CHECK_CONSUMER) timestamp=1694 ms, used_size=2375680 bytes (5.8%)
(RDMA_READ_CONSUME_CHECK_CONSUMER) timestamp=1694 ms, used_size=2373632 bytes (5.8%)
(RDMA_READ_CONSUME_CHECK_CONSUMER) timestamp=1694 ms, used_size=2371584 bytes (5.8%)
(RDMA_READ_CONSUME_CHECK_CONSUMER) timestamp=1694 ms, used_size=2369536 bytes (5.8%)
(RDMA_READ_CONSUME_CHECK_CONSUMER) timestamp=1694 ms, used_size=2367488 bytes (5.8%)
(RDMA_READ_CONSUME_CHECK_CONSUMER) timestamp=1694 ms, used_size=2365440 bytes (5.8%)
(RDMA_READ_CONSUME_CHECK_CONSUMER) timestamp=1694 ms, used_size=2363392 bytes (5.8%)
(RDMA_READ_CONSUME_CHECK_CONSUMER) timestamp=1694 ms, used_size=2361344 bytes (5.8%)
(RDMA_READ_CONSUME_CHECK_CONSUMER) timestamp=1694 ms, used_size=2359296 bytes (5.8%)
(RDMA_READ_CONSUME_CHECK_CONSUMER) timestamp=1694 ms, used_size=2357248 bytes (5.8%)
(RDMA_READ_CONSUME_CHECK_CONSUMER) timestamp=1694 ms, used_size=2355200 bytes (5.8%)
(RDMA_READ_CONSUME_CHECK_CONSUMER) timestamp=1694 ms, used_size=2353152 bytes (5.7%)
(RDMA_READ_CONSUME_CHECK_CONSUMER) timestamp=1694 ms, used_size=2351104 bytes (5.7%)
(RDMA_READ_CONSUME_CHECK_CONSUMER) timestamp=1694 ms, used_size=2349056 bytes (5.7%)
(RDMA_READ_CONSUME_CHECK_CONSUMER) timestamp=1694 ms, used_size=2347008 bytes (5.7%)
(RDMA_READ_CONSUME_CHECK_CONSUMER) timestamp=1694 ms, used_size=2344960 bytes (5.7%)
(RDMA_READ_CONSUME_CHECK_CONSUMER) timestamp=1694 ms, used_size=2342912 bytes (5.7%)
(RDMA_READ_CONSUME_CHECK_CONSUMER) timestamp=1694 ms, used_size=2340864 bytes (5.7%)
(RDMA_READ_CONSUME_CHECK_CONSUMER) timestamp=1694 ms, used_size=2338816 bytes (5.7%)
(RDMA_READ_CONSUME_CHECK_CONSUMER) timestamp=1694 ms, used_size=2336768 bytes (5.7%)
(RDMA_READ_CONSUME_CHECK_CONSUMER) timestamp=1694 ms, used_size=2334720 bytes (5.7%)
(RDMA_READ_CONSUME_CHECK_CONSUMER) timestamp=1694 ms, used_size=2332672 bytes (5.7%)
(RDMA_READ_CONSUME_CHECK_CONSUMER) timestamp=1694 ms, used_size=2330624 bytes (5.7%)
(RDMA_READ_CONSUME_CHECK_CONSUMER) timestamp=1694 ms, used_size=2328576 bytes (5.7%)
(RDMA_READ_CONSUME_CHECK_CONSUMER) timestamp=1694 ms, used_size=2326528 bytes (5.7%)
(RDMA_READ_CONSUME_CHECK_CONSUMER) timestamp=1694 ms, used_size=2324480 bytes (5.7%)
(RDMA_READ_CONSUME_CHECK_CONSUMER) timestamp=1694 ms, used_size=2322432 bytes (5.7%)
(RDMA_READ_CONSUME_CHECK_CONSUMER) timestamp=1694 ms, used_size=2320384 bytes (5.7%)
(RDMA_READ_CONSUME_CHECK_CONSUMER) timestamp=1694 ms, used_size=2318336 bytes (5.7%)
(RDMA_READ_CONSUME_CHECK_CONSUMER) timestamp=1694 ms, used_size=2316288 bytes (5.7%)
(RDMA_READ_CONSUME_CHECK_CONSUMER) timestamp=1694 ms, used_size=2314240 bytes (5.7%)
(RDMA_READ_CONSUME_CHECK_CONSUMER) timestamp=1694 ms, used_size=2312192 bytes (5.6%)
(RDMA_READ_CONSUME_CHECK_CONSUMER) timestamp=1694 ms, used_size=2310144 bytes (5.6%)
(RDMA_READ_CONSUME_CHECK_CONSUMER) timestamp=1694 ms, used_size=2308096 bytes (5.6%)
(RDMA_READ_CONSUME_CHECK_CONSUMER) timestamp=1694 ms, used_size=2306048 bytes (5.6%)
(RDMA_READ_CONSUME_CHECK_CONSUMER) timestamp=1694 ms, used_size=2304000 bytes (5.6%)
(RDMA_READ_CONSUME_CHECK_CONSUMER) timestamp=1694 ms, used_size=2301952 bytes (5.6%)
(RDMA_READ_CONSUME_CHECK_CONSUMER) timestamp=1694 ms, used_size=2299904 bytes (5.6%)
(RDMA_READ_CONSUME_CHECK_CONSUMER) timestamp=1694 ms, used_size=2297856 bytes (5.6%)
(RDMA_READ_CONSUME_CHECK_CONSUMER) timestamp=1694 ms, used_size=2295808 bytes (5.6%)
(RDMA_READ_CONSUME_CHECK_CONSUMER) timestamp=1694 ms, used_size=2293760 bytes (5.6%)
(RDMA_READ_CONSUME_CHECK_CONSUMER) timestamp=1694 ms, used_size=2291712 bytes (5.6%)
(RDMA_READ_CONSUME_CHECK_CONSUMER) timestamp=1694 ms, used_size=2289664 bytes (5.6%)
(RDMA_READ_CONSUME_CHECK_CONSUMER) timestamp=1694 ms, used_size=2287616 bytes (5.6%)
(RDMA_READ_CONSUME_CHECK_CONSUMER) timestamp=1694 ms, used_size=2285568 bytes (5.6%)
(RDMA_READ_CONSUME_CHECK_CONSUMER) timestamp=1694 ms, used_size=2283520 bytes (5.6%)
(RDMA_READ_CONSUME_CHECK_CONSUMER) timestamp=1694 ms, used_size=2281472 bytes (5.6%)
(RDMA_READ_CONSUME_CHECK_CONSUMER) timestamp=1694 ms, used_size=2279424 bytes (5.6%)
(RDMA_READ_CONSUME_CHECK_CONSUMER) timestamp=1694 ms, used_size=2277376 bytes (5.6%)
(RDMA_READ_CONSUME_CHECK_CONSUMER) timestamp=1694 ms, used_size=2275328 bytes (5.6%)
(RDMA_READ_CONSUME_CHECK_CONSUMER) timestamp=1694 ms, used_size=2273280 bytes (5.5%)
(RDMA_READ_CONSUME_CHECK_CONSUMER) timestamp=1694 ms, used_size=2271232 bytes (5.5%)
(RDMA_READ_CONSUME_CHECK_CONSUMER) timestamp=1694 ms, used_size=2269184 bytes (5.5%)
(RDMA_READ_CONSUME_CHECK_CONSUMER) timestamp=1694 ms, used_size=2267136 bytes (5.5%)
(RDMA_READ_CONSUME_CHECK_CONSUMER) timestamp=1694 ms, used_size=2265088 bytes (5.5%)
(RDMA_READ_CONSUME_CHECK_CONSUMER) timestamp=1694 ms, used_size=2263040 bytes (5.5%)
(RDMA_READ_CONSUME_CHECK_CONSUMER) timestamp=1694 ms, used_size=2260992 bytes (5.5%)
(RDMA_READ_CONSUME_CHECK_CONSUMER) timestamp=1694 ms, used_size=2258944 bytes (5.5%)
(RDMA_READ_CONSUME_CHECK_CONSUMER) timestamp=1694 ms, used_size=2256896 bytes (5.5%)
(RDMA_READ_CONSUME_CHECK_CONSUMER) timestamp=1694 ms, used_size=2254848 bytes (5.5%)
(RDMA_READ_CONSUME_CHECK_CONSUMER) timestamp=1694 ms, used_size=2252800 bytes (5.5%)
(RDMA_READ_CONSUME_CHECK_CONSUMER) timestamp=1694 ms, used_size=2250752 bytes (5.5%)
(RDMA_READ_CONSUME_CHECK_CONSUMER) timestamp=1694 ms, used_size=2248704 bytes (5.5%)
(RDMA_READ_CONSUME_CHECK_CONSUMER) timestamp=1694 ms, used_size=2246656 bytes (5.5%)
(RDMA_READ_CONSUME_CHECK_CONSUMER) timestamp=1694 ms, used_size=2244608 bytes (5.5%)
(RDMA_READ_CONSUME_CHECK_CONSUMER) timestamp=1694 ms, used_size=2242560 bytes (5.5%)
(RDMA_READ_CONSUME_CHECK_CONSUMER) timestamp=1694 ms, used_size=2240512 bytes (5.5%)
(RDMA_READ_CONSUME_CHECK_CONSUMER) timestamp=1694 ms, used_size=2238464 bytes (5.5%)
(RDMA_READ_CONSUME_CHECK_CONSUMER) timestamp=1694 ms, used_size=2236416 bytes (5.5%)
(RDMA_READ_CONSUME_CHECK_CONSUMER) timestamp=1694 ms, used_size=2234368 bytes (5.5%)
(RDMA_READ_CONSUME_CHECK_CONSUMER) timestamp=1694 ms, used_size=2232320 bytes (5.5%)
(RDMA_READ_CONSUME_CHECK_CONSUMER) timestamp=1694 ms, used_size=2230272 bytes (5.4%)
(RDMA_READ_CONSUME_CHECK_CONSUMER) timestamp=1694 ms, used_size=2228224 bytes (5.4%)
(RDMA_READ_CONSUME_CHECK_CONSUMER) timestamp=1694 ms, used_size=2226176 bytes (5.4%)
(RDMA_READ_CONSUME_CHECK_CONSUMER) timestamp=1694 ms, used_size=2224128 bytes (5.4%)
(RDMA_READ_CONSUME_CHECK_CONSUMER) timestamp=1694 ms, used_size=2222080 bytes (5.4%)
(RDMA_READ_CONSUME_CHECK_CONSUMER) timestamp=1694 ms, used_size=2220032 bytes (5.4%)
(RDMA_READ_CONSUME_CHECK_CONSUMER) timestamp=1694 ms, used_size=2217984 bytes (5.4%)
(RDMA_READ_CONSUME_CHECK_CONSUMER) timestamp=1694 ms, used_size=2215936 bytes (5.4%)
(RDMA_READ_CONSUME_CHECK_CONSUMER) timestamp=1694 ms, used_size=2213888 bytes (5.4%)
(RDMA_READ_CONSUME_CHECK_CONSUMER) timestamp=1694 ms, used_size=2211840 bytes (5.4%)
(RDMA_READ_CONSUME_CHECK_CONSUMER) timestamp=1694 ms, used_size=2209792 bytes (5.4%)
(RDMA_READ_CONSUME_CHECK_CONSUMER) timestamp=1694 ms, used_size=2207744 bytes (5.4%)
(RDMA_READ_CONSUME_CHECK_CONSUMER) timestamp=1694 ms, used_size=2205696 bytes (5.4%)
(RDMA_READ_CONSUME_CHECK_CONSUMER) timestamp=1694 ms, used_size=2203648 bytes (5.4%)
(RDMA_READ_CONSUME_CHECK_CONSUMER) timestamp=1694 ms, used_size=2201600 bytes (5.4%)
(RDMA_READ_CONSUME_CHECK_CONSUMER) timestamp=1694 ms, used_size=2199552 bytes (5.4%)
(RDMA_READ_CONSUME_CHECK_CONSUMER) timestamp=1694 ms, used_size=2197504 bytes (5.4%)
(RDMA_READ_CONSUME_CHECK_CONSUMER) timestamp=1694 ms, used_size=2195456 bytes (5.4%)
(RDMA_READ_CONSUME_CHECK_CONSUMER) timestamp=1694 ms, used_size=2193408 bytes (5.4%)
(RDMA_READ_CONSUME_CHECK_CONSUMER) timestamp=1694 ms, used_size=2191360 bytes (5.3%)
(RDMA_READ_CONSUME_CHECK_CONSUMER) timestamp=1694 ms, used_size=2189312 bytes (5.3%)
(RDMA_READ_CONSUME_CHECK_CONSUMER) timestamp=1694 ms, used_size=2187264 bytes (5.3%)
(RDMA_READ_CONSUME_CHECK_CONSUMER) timestamp=1694 ms, used_size=2185216 bytes (5.3%)
(RDMA_READ_CONSUME_CHECK_CONSUMER) timestamp=1694 ms, used_size=2183168 bytes (5.3%)
(RDMA_READ_CONSUME_CHECK_CONSUMER) timestamp=1694 ms, used_size=2181120 bytes (5.3%)
(RDMA_READ_CONSUME_CHECK_CONSUMER) timestamp=1694 ms, used_size=2179072 bytes (5.3%)
(RDMA_READ_CONSUME_CHECK_CONSUMER) timestamp=1694 ms, used_size=2177024 bytes (5.3%)
(RDMA_READ_CONSUME_CHECK_CONSUMER) timestamp=1694 ms, used_size=2174976 bytes (5.3%)
(RDMA_READ_CONSUME_CHECK_CONSUMER) timestamp=1694 ms, used_size=2172928 bytes (5.3%)
(RDMA_READ_CONSUME_CHECK_CONSUMER) timestamp=1694 ms, used_size=2170880 bytes (5.3%)
(RDMA_READ_CONSUME_CHECK_CONSUMER) timestamp=1694 ms, used_size=2168832 bytes (5.3%)
(RDMA_READ_CONSUME_CHECK_CONSUMER) timestamp=1694 ms, used_size=2166784 bytes (5.3%)
(RDMA_READ_CONSUME_CHECK_CONSUMER) timestamp=1694 ms, used_size=2164736 bytes (5.3%)
(RDMA_READ_CONSUME_CHECK_CONSUMER) timestamp=1694 ms, used_size=2162688 bytes (5.3%)
(RDMA_READ_CONSUME_CHECK_CONSUMER) timestamp=1694 ms, used_size=2160640 bytes (5.3%)
(RDMA_READ_CONSUME_CHECK_CONSUMER) timestamp=1694 ms, used_size=2158592 bytes (5.3%)
(RDMA_READ_CONSUME_CHECK_CONSUMER) timestamp=1694 ms, used_size=2156544 bytes (5.3%)
(RDMA_READ_CONSUME_CHECK_CONSUMER) timestamp=1694 ms, used_size=2154496 bytes (5.3%)
(RDMA_READ_CONSUME_CHECK_CONSUMER) timestamp=1694 ms, used_size=2152448 bytes (5.3%)
(RDMA_READ_CONSUME_CHECK_CONSUMER) timestamp=1694 ms, used_size=2150400 bytes (5.2%)
(RDMA_READ_CONSUME_CHECK_CONSUMER) timestamp=1694 ms, used_size=2148352 bytes (5.2%)
(RDMA_READ_CONSUME_CHECK_CONSUMER) timestamp=1694 ms, used_size=2146304 bytes (5.2%)
(RDMA_READ_CONSUME_CHECK_CONSUMER) timestamp=1694 ms, used_size=2144256 bytes (5.2%)
(RDMA_READ_CONSUME_CHECK_CONSUMER) timestamp=1694 ms, used_size=2142208 bytes (5.2%)
(RDMA_READ_CONSUME_CHECK_CONSUMER) timestamp=1694 ms, used_size=2140160 bytes (5.2%)
(RDMA_READ_CONSUME_CHECK_CONSUMER) timestamp=1694 ms, used_size=2138112 bytes (5.2%)
(RDMA_READ_CONSUME_CHECK_CONSUMER) timestamp=1694 ms, used_size=2136064 bytes (5.2%)
(RDMA_READ_CONSUME_CHECK_CONSUMER) timestamp=1694 ms, used_size=2134016 bytes (5.2%)
(RDMA_READ_CONSUME_CHECK_CONSUMER) timestamp=1694 ms, used_size=2131968 bytes (5.2%)
(RDMA_READ_CONSUME_CHECK_CONSUMER) timestamp=1694 ms, used_size=2129920 bytes (5.2%)
(RDMA_READ_CONSUME_CHECK_CONSUMER) timestamp=1694 ms, used_size=2127872 bytes (5.2%)
(RDMA_READ_CONSUME_CHECK_CONSUMER) timestamp=1694 ms, used_size=2125824 bytes (5.2%)
(RDMA_READ_CONSUME_CHECK_CONSUMER) timestamp=1694 ms, used_size=2123776 bytes (5.2%)
(RDMA_READ_CONSUME_CHECK_CONSUMER) timestamp=1694 ms, used_size=2121728 bytes (5.2%)
(RDMA_READ_CONSUME_CHECK_CONSUMER) timestamp=1694 ms, used_size=2119680 bytes (5.2%)
(RDMA_READ_CONSUME_CHECK_CONSUMER) timestamp=1694 ms, used_size=2117632 bytes (5.2%)
(RDMA_READ_CONSUME_CHECK_CONSUMER) timestamp=1694 ms, used_size=2115584 bytes (5.2%)
(RDMA_READ_CONSUME_CHECK_CONSUMER) timestamp=1694 ms, used_size=2113536 bytes (5.2%)
(RDMA_READ_CONSUME_CHECK_CONSUMER) timestamp=1694 ms, used_size=2111488 bytes (5.2%)
(RDMA_READ_CONSUME_CHECK_CONSUMER) timestamp=1694 ms, used_size=2109440 bytes (5.2%)
(RDMA_READ_CONSUME_CHECK_CONSUMER) timestamp=1694 ms, used_size=2107392 bytes (5.1%)
(RDMA_READ_CONSUME_CHECK_CONSUMER) timestamp=1694 ms, used_size=2105344 bytes (5.1%)
(RDMA_READ_CONSUME_CHECK_CONSUMER) timestamp=1694 ms, used_size=2103296 bytes (5.1%)
(RDMA_READ_CONSUME_CHECK_CONSUMER) timestamp=1694 ms, used_size=2101248 bytes (5.1%)
(RDMA_READ_CONSUME_CHECK_CONSUMER) timestamp=1694 ms, used_size=2099200 bytes (5.1%)
(RDMA_READ_CONSUME_CHECK_CONSUMER) timestamp=1694 ms, used_size=2097152 bytes (5.1%)
(RDMA_READ_CONSUME_CHECK_CONSUMER) timestamp=1694 ms, used_size=2095104 bytes (5.1%)
(RDMA_READ_CONSUME_CHECK_CONSUMER) timestamp=1694 ms, used_size=2093056 bytes (5.1%)
(RDMA_READ_CONSUME_CHECK_CONSUMER) timestamp=1694 ms, used_size=2091008 bytes (5.1%)
(RDMA_READ_CONSUME_CHECK_CONSUMER) timestamp=1694 ms, used_size=2088960 bytes (5.1%)
(RDMA_READ_CONSUME_CHECK_CONSUMER) timestamp=1694 ms, used_size=2086912 bytes (5.1%)
(RDMA_READ_CONSUME_CHECK_CONSUMER) timestamp=1694 ms, used_size=2084864 bytes (5.1%)
(RDMA_READ_CONSUME_CHECK_CONSUMER) timestamp=1694 ms, used_size=2082816 bytes (5.1%)
(RDMA_READ_CONSUME_CHECK_CONSUMER) timestamp=1694 ms, used_size=2080768 bytes (5.1%)
(RDMA_READ_CONSUME_CHECK_CONSUMER) timestamp=1694 ms, used_size=2078720 bytes (5.1%)
(RDMA_READ_CONSUME_CHECK_CONSUMER) timestamp=1694 ms, used_size=2076672 bytes (5.1%)
(RDMA_READ_CONSUME_CHECK_CONSUMER) timestamp=1694 ms, used_size=2074624 bytes (5.1%)
(RDMA_READ_CONSUME_CHECK_CONSUMER) timestamp=1694 ms, used_size=2072576 bytes (5.1%)
(RDMA_READ_CONSUME_CHECK_CONSUMER) timestamp=1694 ms, used_size=2070528 bytes (5.1%)
(RDMA_READ_CONSUME_CHECK_CONSUMER) timestamp=1694 ms, used_size=2068480 bytes (5.0%)
(RDMA_READ_CONSUME_CHECK_CONSUMER) timestamp=1694 ms, used_size=2066432 bytes (5.0%)
(RDMA_READ_CONSUME_CHECK_CONSUMER) timestamp=1694 ms, used_size=2064384 bytes (5.0%)
(RDMA_READ_CONSUME_CHECK_CONSUMER) timestamp=1694 ms, used_size=2062336 bytes (5.0%)
(RDMA_READ_CONSUME_CHECK_CONSUMER) timestamp=1694 ms, used_size=2060288 bytes (5.0%)
(RDMA_READ_CONSUME_CHECK_CONSUMER) timestamp=1694 ms, used_size=2058240 bytes (5.0%)
(RDMA_READ_CONSUME_CHECK_CONSUMER) timestamp=1694 ms, used_size=2056192 bytes (5.0%)
(RDMA_READ_CONSUME_CHECK_CONSUMER) timestamp=1694 ms, used_size=2054144 bytes (5.0%)
(RDMA_READ_CONSUME_CHECK_CONSUMER) timestamp=1694 ms, used_size=2052096 bytes (5.0%)
(RDMA_READ_CONSUME_CHECK_CONSUMER) timestamp=1694 ms, used_size=2050048 bytes (5.0%)
(RDMA_READ_CONSUME_CHECK_CONSUMER) timestamp=1694 ms, used_size=2048000 bytes (5.0%)
(RDMA_READ_CONSUME_CHECK_CONSUMER) timestamp=1694 ms, used_size=2045952 bytes (5.0%)
(RDMA_READ_CONSUME_CHECK_CONSUMER) timestamp=1694 ms, used_size=2043904 bytes (5.0%)
(RDMA_READ_CONSUME_CHECK_CONSUMER) timestamp=1694 ms, used_size=2041856 bytes (5.0%)
(RDMA_READ_CONSUME_CHECK_CONSUMER) timestamp=1695 ms, used_size=2039808 bytes (5.0%)
(RDMA_READ_CONSUME_CHECK_CONSUMER) timestamp=1695 ms, used_size=2037760 bytes (5.0%)
(RDMA_READ_CONSUME_CHECK_CONSUMER) timestamp=1695 ms, used_size=2035712 bytes (5.0%)
(RDMA_READ_CONSUME_CHECK_CONSUMER) timestamp=1695 ms, used_size=2033664 bytes (5.0%)
(RDMA_READ_CONSUME_CHECK_CONSUMER) timestamp=1695 ms, used_size=2031616 bytes (5.0%)
(RDMA_READ_CONSUME_CHECK_CONSUMER) timestamp=1695 ms, used_size=2029568 bytes (5.0%)
(RDMA_READ_CONSUME_CHECK_CONSUMER) timestamp=1695 ms, used_size=2027520 bytes (5.0%)
(RDMA_READ_CONSUME_CHECK_CONSUMER) timestamp=1695 ms, used_size=2025472 bytes (4.9%)
(RDMA_READ_CONSUME_CHECK_CONSUMER) timestamp=1695 ms, used_size=2023424 bytes (4.9%)
(RDMA_READ_CONSUME_CHECK_CONSUMER) timestamp=1695 ms, used_size=2021376 bytes (4.9%)
(RDMA_READ_CONSUME_CHECK_CONSUMER) timestamp=1695 ms, used_size=2019328 bytes (4.9%)
(RDMA_READ_CONSUME_CHECK_CONSUMER) timestamp=1695 ms, used_size=2017280 bytes (4.9%)
(RDMA_READ_CONSUME_CHECK_CONSUMER) timestamp=1695 ms, used_size=2015232 bytes (4.9%)
(RDMA_READ_CONSUME_CHECK_CONSUMER) timestamp=1695 ms, used_size=2013184 bytes (4.9%)
(RDMA_READ_CONSUME_CHECK_CONSUMER) timestamp=1695 ms, used_size=2011136 bytes (4.9%)
(RDMA_READ_CONSUME_CHECK_CONSUMER) timestamp=1695 ms, used_size=2009088 bytes (4.9%)
(RDMA_READ_CONSUME_CHECK_CONSUMER) timestamp=1695 ms, used_size=2007040 bytes (4.9%)
(RDMA_READ_CONSUME_CHECK_CONSUMER) timestamp=1695 ms, used_size=2004992 bytes (4.9%)
(RDMA_READ_CONSUME_CHECK_CONSUMER) timestamp=1695 ms, used_size=2002944 bytes (4.9%)
(RDMA_READ_CONSUME_CHECK_CONSUMER) timestamp=1695 ms, used_size=2000896 bytes (4.9%)
(RDMA_READ_CONSUME_CHECK_CONSUMER) timestamp=1695 ms, used_size=1998848 bytes (4.9%)
(RDMA_READ_CONSUME_CHECK_CONSUMER) timestamp=1695 ms, used_size=1996800 bytes (4.9%)
(RDMA_READ_CONSUME_CHECK_CONSUMER) timestamp=1695 ms, used_size=1994752 bytes (4.9%)
(RDMA_READ_CONSUME_CHECK_CONSUMER) timestamp=1695 ms, used_size=1992704 bytes (4.9%)
(RDMA_READ_CONSUME_CHECK_CONSUMER) timestamp=1695 ms, used_size=1990656 bytes (4.9%)
(RDMA_READ_CONSUME_CHECK_CONSUMER) timestamp=1695 ms, used_size=1988608 bytes (4.9%)
(RDMA_READ_CONSUME_CHECK_CONSUMER) timestamp=1695 ms, used_size=1986560 bytes (4.8%)
(RDMA_READ_CONSUME_CHECK_CONSUMER) timestamp=1695 ms, used_size=1984512 bytes (4.8%)
(RDMA_READ_CONSUME_CHECK_CONSUMER) timestamp=1695 ms, used_size=1982464 bytes (4.8%)
(RDMA_READ_CONSUME_CHECK_CONSUMER) timestamp=1695 ms, used_size=1980416 bytes (4.8%)
(RDMA_READ_CONSUME_CHECK_CONSUMER) timestamp=1695 ms, used_size=1978368 bytes (4.8%)
(RDMA_READ_CONSUME_CHECK_CONSUMER) timestamp=1695 ms, used_size=1976320 bytes (4.8%)
(RDMA_READ_CONSUME_CHECK_CONSUMER) timestamp=1695 ms, used_size=1974272 bytes (4.8%)
(RDMA_READ_CONSUME_CHECK_CONSUMER) timestamp=1695 ms, used_size=1972224 bytes (4.8%)
(RDMA_READ_CONSUME_CHECK_CONSUMER) timestamp=1695 ms, used_size=1970176 bytes (4.8%)
(RDMA_READ_CONSUME_CHECK_CONSUMER) timestamp=1695 ms, used_size=1968128 bytes (4.8%)
(RDMA_READ_CONSUME_CHECK_CONSUMER) timestamp=1695 ms, used_size=1966080 bytes (4.8%)
(RDMA_READ_CONSUME_CHECK_CONSUMER) timestamp=1695 ms, used_size=1964032 bytes (4.8%)
(RDMA_READ_CONSUME_CHECK_CONSUMER) timestamp=1695 ms, used_size=1961984 bytes (4.8%)
(RDMA_READ_CONSUME_CHECK_CONSUMER) timestamp=1695 ms, used_size=1959936 bytes (4.8%)
(RDMA_READ_CONSUME_CHECK_CONSUMER) timestamp=1695 ms, used_size=1957888 bytes (4.8%)
(RDMA_READ_CONSUME_CHECK_CONSUMER) timestamp=1695 ms, used_size=1955840 bytes (4.8%)
(RDMA_READ_CONSUME_CHECK_CONSUMER) timestamp=1695 ms, used_size=1953792 bytes (4.8%)
(RDMA_READ_CONSUME_CHECK_CONSUMER) timestamp=1695 ms, used_size=1951744 bytes (4.8%)
(RDMA_READ_CONSUME_CHECK_CONSUMER) timestamp=1695 ms, used_size=1949696 bytes (4.8%)
(RDMA_READ_CONSUME_CHECK_CONSUMER) timestamp=1695 ms, used_size=1947648 bytes (4.8%)
(RDMA_READ_CONSUME_CHECK_CONSUMER) timestamp=1695 ms, used_size=1945600 bytes (4.8%)
(RDMA_READ_CONSUME_CHECK_CONSUMER) timestamp=1695 ms, used_size=1943552 bytes (4.7%)
(RDMA_READ_CONSUME_CHECK_CONSUMER) timestamp=1695 ms, used_size=1941504 bytes (4.7%)
(RDMA_READ_CONSUME_CHECK_CONSUMER) timestamp=1695 ms, used_size=1939456 bytes (4.7%)
(RDMA_READ_CONSUME_CHECK_CONSUMER) timestamp=1695 ms, used_size=1937408 bytes (4.7%)
(RDMA_READ_CONSUME_CHECK_CONSUMER) timestamp=1695 ms, used_size=1935360 bytes (4.7%)
(RDMA_READ_CONSUME_CHECK_CONSUMER) timestamp=1695 ms, used_size=1933312 bytes (4.7%)
(RDMA_READ_CONSUME_CHECK_CONSUMER) timestamp=1695 ms, used_size=1931264 bytes (4.7%)
(RDMA_READ_CONSUME_CHECK_CONSUMER) timestamp=1695 ms, used_size=1929216 bytes (4.7%)
(RDMA_READ_CONSUME_CHECK_CONSUMER) timestamp=1695 ms, used_size=1927168 bytes (4.7%)
(RDMA_READ_CONSUME_CHECK_CONSUMER) timestamp=1695 ms, used_size=1925120 bytes (4.7%)
(RDMA_READ_CONSUME_CHECK_CONSUMER) timestamp=1695 ms, used_size=1923072 bytes (4.7%)
(RDMA_READ_CONSUME_CHECK_CONSUMER) timestamp=1695 ms, used_size=1921024 bytes (4.7%)
(RDMA_READ_CONSUME_CHECK_CONSUMER) timestamp=1695 ms, used_size=1918976 bytes (4.7%)
(RDMA_READ_CONSUME_CHECK_CONSUMER) timestamp=1695 ms, used_size=1916928 bytes (4.7%)
(RDMA_READ_CONSUME_CHECK_CONSUMER) timestamp=1695 ms, used_size=1914880 bytes (4.7%)
(RDMA_READ_CONSUME_CHECK_CONSUMER) timestamp=1695 ms, used_size=1912832 bytes (4.7%)
(RDMA_READ_CONSUME_CHECK_CONSUMER) timestamp=1695 ms, used_size=1910784 bytes (4.7%)
(RDMA_READ_CONSUME_CHECK_CONSUMER) timestamp=1695 ms, used_size=1908736 bytes (4.7%)
(RDMA_READ_CONSUME_CHECK_CONSUMER) timestamp=1695 ms, used_size=1906688 bytes (4.7%)
(RDMA_READ_CONSUME_CHECK_CONSUMER) timestamp=1695 ms, used_size=1904640 bytes (4.7%)
(RDMA_READ_CONSUME_CHECK_CONSUMER) timestamp=1695 ms, used_size=1902592 bytes (4.6%)
(RDMA_READ_CONSUME_CHECK_CONSUMER) timestamp=1695 ms, used_size=1900544 bytes (4.6%)
(RDMA_READ_CONSUME_CHECK_CONSUMER) timestamp=1695 ms, used_size=1898496 bytes (4.6%)
(RDMA_READ_CONSUME_CHECK_CONSUMER) timestamp=1695 ms, used_size=1896448 bytes (4.6%)
(RDMA_READ_CONSUME_CHECK_CONSUMER) timestamp=1695 ms, used_size=1894400 bytes (4.6%)
(RDMA_READ_CONSUME_CHECK_CONSUMER) timestamp=1695 ms, used_size=1892352 bytes (4.6%)
(RDMA_READ_CONSUME_CHECK_CONSUMER) timestamp=1695 ms, used_size=1890304 bytes (4.6%)
(RDMA_READ_CONSUME_CHECK_CONSUMER) timestamp=1695 ms, used_size=1888256 bytes (4.6%)
(RDMA_READ_CONSUME_CHECK_CONSUMER) timestamp=1695 ms, used_size=1886208 bytes (4.6%)
(RDMA_READ_CONSUME_CHECK_CONSUMER) timestamp=1695 ms, used_size=1884160 bytes (4.6%)
(RDMA_READ_CONSUME_CHECK_CONSUMER) timestamp=1695 ms, used_size=1882112 bytes (4.6%)
(RDMA_READ_CONSUME_CHECK_CONSUMER) timestamp=1695 ms, used_size=1880064 bytes (4.6%)
(RDMA_READ_CONSUME_CHECK_CONSUMER) timestamp=1695 ms, used_size=1878016 bytes (4.6%)
(RDMA_READ_CONSUME_CHECK_CONSUMER) timestamp=1695 ms, used_size=1875968 bytes (4.6%)
(RDMA_READ_CONSUME_CHECK_CONSUMER) timestamp=1695 ms, used_size=1873920 bytes (4.6%)
(RDMA_READ_CONSUME_CHECK_CONSUMER) timestamp=1695 ms, used_size=1871872 bytes (4.6%)
(RDMA_READ_CONSUME_CHECK_CONSUMER) timestamp=1695 ms, used_size=1869824 bytes (4.6%)
(RDMA_READ_CONSUME_CHECK_CONSUMER) timestamp=1695 ms, used_size=1867776 bytes (4.6%)
(RDMA_READ_CONSUME_CHECK_CONSUMER) timestamp=1695 ms, used_size=1865728 bytes (4.6%)
(RDMA_READ_CONSUME_CHECK_CONSUMER) timestamp=1695 ms, used_size=1863680 bytes (4.5%)
(RDMA_READ_CONSUME_CHECK_CONSUMER) timestamp=1695 ms, used_size=1861632 bytes (4.5%)
(RDMA_READ_CONSUME_CHECK_CONSUMER) timestamp=1695 ms, used_size=1859584 bytes (4.5%)
(RDMA_READ_CONSUME_CHECK_CONSUMER) timestamp=1695 ms, used_size=1857536 bytes (4.5%)
(RDMA_READ_CONSUME_CHECK_CONSUMER) timestamp=1695 ms, used_size=1855488 bytes (4.5%)
(RDMA_READ_CONSUME_CHECK_CONSUMER) timestamp=1695 ms, used_size=1853440 bytes (4.5%)
(RDMA_READ_CONSUME_CHECK_CONSUMER) timestamp=1695 ms, used_size=1851392 bytes (4.5%)
(RDMA_READ_CONSUME_CHECK_CONSUMER) timestamp=1695 ms, used_size=1849344 bytes (4.5%)
(RDMA_READ_CONSUME_CHECK_CONSUMER) timestamp=1695 ms, used_size=1847296 bytes (4.5%)
(RDMA_READ_CONSUME_CHECK_CONSUMER) timestamp=1695 ms, used_size=1845248 bytes (4.5%)
(RDMA_READ_CONSUME_CHECK_CONSUMER) timestamp=1695 ms, used_size=1843200 bytes (4.5%)
(RDMA_READ_CONSUME_CHECK_CONSUMER) timestamp=1695 ms, used_size=1841152 bytes (4.5%)
(RDMA_READ_CONSUME_CHECK_CONSUMER) timestamp=1695 ms, used_size=1839104 bytes (4.5%)
(RDMA_READ_CONSUME_CHECK_CONSUMER) timestamp=1695 ms, used_size=1837056 bytes (4.5%)
(RDMA_READ_CONSUME_CHECK_CONSUMER) timestamp=1695 ms, used_size=1835008 bytes (4.5%)
(RDMA_READ_CONSUME_CHECK_CONSUMER) timestamp=1695 ms, used_size=1832960 bytes (4.5%)
(RDMA_READ_CONSUME_CHECK_CONSUMER) timestamp=1695 ms, used_size=1830912 bytes (4.5%)
(RDMA_READ_CONSUME_CHECK_CONSUMER) timestamp=1695 ms, used_size=1828864 bytes (4.5%)
(RDMA_READ_CONSUME_CHECK_CONSUMER) timestamp=1695 ms, used_size=1826816 bytes (4.5%)
(RDMA_READ_CONSUME_CHECK_CONSUMER) timestamp=1695 ms, used_size=1824768 bytes (4.5%)
(RDMA_READ_CONSUME_CHECK_CONSUMER) timestamp=1695 ms, used_size=1822720 bytes (4.5%)
(RDMA_READ_CONSUME_CHECK_CONSUMER) timestamp=1695 ms, used_size=1820672 bytes (4.4%)
(RDMA_READ_CONSUME_CHECK_CONSUMER) timestamp=1695 ms, used_size=1818624 bytes (4.4%)
(RDMA_READ_CONSUME_CHECK_CONSUMER) timestamp=1695 ms, used_size=1816576 bytes (4.4%)
(RDMA_READ_CONSUME_CHECK_CONSUMER) timestamp=1695 ms, used_size=1814528 bytes (4.4%)
(RDMA_READ_CONSUME_CHECK_CONSUMER) timestamp=1695 ms, used_size=1812480 bytes (4.4%)
(RDMA_READ_CONSUME_CHECK_CONSUMER) timestamp=1695 ms, used_size=1810432 bytes (4.4%)
(RDMA_READ_CONSUME_CHECK_CONSUMER) timestamp=1695 ms, used_size=1808384 bytes (4.4%)
(RDMA_READ_CONSUME_CHECK_CONSUMER) timestamp=1695 ms, used_size=1806336 bytes (4.4%)
(RDMA_READ_CONSUME_CHECK_CONSUMER) timestamp=1695 ms, used_size=1804288 bytes (4.4%)
(RDMA_READ_CONSUME_CHECK_CONSUMER) timestamp=1695 ms, used_size=1802240 bytes (4.4%)
(RDMA_READ_CONSUME_CHECK_CONSUMER) timestamp=1695 ms, used_size=1800192 bytes (4.4%)
(RDMA_READ_CONSUME_CHECK_CONSUMER) timestamp=1695 ms, used_size=1798144 bytes (4.4%)
(RDMA_READ_CONSUME_CHECK_CONSUMER) timestamp=1695 ms, used_size=1796096 bytes (4.4%)
(RDMA_READ_CONSUME_CHECK_CONSUMER) timestamp=1695 ms, used_size=1794048 bytes (4.4%)
(RDMA_READ_CONSUME_CHECK_CONSUMER) timestamp=1695 ms, used_size=1792000 bytes (4.4%)
(RDMA_READ_CONSUME_CHECK_CONSUMER) timestamp=1695 ms, used_size=1789952 bytes (4.4%)
(RDMA_READ_CONSUME_CHECK_CONSUMER) timestamp=1695 ms, used_size=1787904 bytes (4.4%)
(RDMA_READ_CONSUME_CHECK_CONSUMER) timestamp=1695 ms, used_size=1785856 bytes (4.4%)
(RDMA_READ_CONSUME_CHECK_CONSUMER) timestamp=1695 ms, used_size=1783808 bytes (4.4%)
(RDMA_READ_CONSUME_CHECK_CONSUMER) timestamp=1695 ms, used_size=1781760 bytes (4.3%)
(RDMA_READ_CONSUME_CHECK_CONSUMER) timestamp=1695 ms, used_size=1779712 bytes (4.3%)
(RDMA_READ_CONSUME_CHECK_CONSUMER) timestamp=1695 ms, used_size=1777664 bytes (4.3%)
(RDMA_READ_CONSUME_CHECK_CONSUMER) timestamp=1695 ms, used_size=1775616 bytes (4.3%)
(RDMA_READ_CONSUME_CHECK_CONSUMER) timestamp=1695 ms, used_size=1773568 bytes (4.3%)
(RDMA_READ_CONSUME_CHECK_CONSUMER) timestamp=1695 ms, used_size=1771520 bytes (4.3%)
(RDMA_READ_CONSUME_CHECK_CONSUMER) timestamp=1695 ms, used_size=1769472 bytes (4.3%)
(RDMA_READ_CONSUME_CHECK_CONSUMER) timestamp=1695 ms, used_size=1767424 bytes (4.3%)
(RDMA_READ_CONSUME_CHECK_CONSUMER) timestamp=1695 ms, used_size=1765376 bytes (4.3%)
(RDMA_READ_CONSUME_CHECK_CONSUMER) timestamp=1695 ms, used_size=1763328 bytes (4.3%)
(RDMA_READ_CONSUME_CHECK_CONSUMER) timestamp=1695 ms, used_size=1761280 bytes (4.3%)
(RDMA_READ_CONSUME_CHECK_CONSUMER) timestamp=1695 ms, used_size=1759232 bytes (4.3%)
(RDMA_READ_CONSUME_CHECK_CONSUMER) timestamp=1695 ms, used_size=1757184 bytes (4.3%)
(RDMA_READ_CONSUME_CHECK_CONSUMER) timestamp=1695 ms, used_size=1755136 bytes (4.3%)
(RDMA_READ_CONSUME_CHECK_CONSUMER) timestamp=1695 ms, used_size=1753088 bytes (4.3%)
(RDMA_READ_CONSUME_CHECK_CONSUMER) timestamp=1695 ms, used_size=1751040 bytes (4.3%)
(RDMA_READ_CONSUME_CHECK_CONSUMER) timestamp=1695 ms, used_size=1748992 bytes (4.3%)
(RDMA_READ_CONSUME_CHECK_CONSUMER) timestamp=1695 ms, used_size=1746944 bytes (4.3%)
(RDMA_READ_CONSUME_CHECK_CONSUMER) timestamp=1695 ms, used_size=1744896 bytes (4.3%)
(RDMA_READ_CONSUME_CHECK_CONSUMER) timestamp=1695 ms, used_size=1742848 bytes (4.3%)
(RDMA_READ_CONSUME_CHECK_CONSUMER) timestamp=1695 ms, used_size=1740800 bytes (4.2%)
(RDMA_READ_CONSUME_CHECK_CONSUMER) timestamp=1695 ms, used_size=1738752 bytes (4.2%)
(RDMA_READ_CONSUME_CHECK_CONSUMER) timestamp=1695 ms, used_size=1736704 bytes (4.2%)
(RDMA_READ_CONSUME_CHECK_CONSUMER) timestamp=1695 ms, used_size=1734656 bytes (4.2%)
(RDMA_READ_CONSUME_CHECK_CONSUMER) timestamp=1695 ms, used_size=1732608 bytes (4.2%)
(RDMA_READ_CONSUME_CHECK_CONSUMER) timestamp=1695 ms, used_size=1730560 bytes (4.2%)
(RDMA_READ_CONSUME_CHECK_CONSUMER) timestamp=1695 ms, used_size=1728512 bytes (4.2%)
(RDMA_READ_CONSUME_CHECK_CONSUMER) timestamp=1695 ms, used_size=1726464 bytes (4.2%)
(RDMA_READ_CONSUME_CHECK_CONSUMER) timestamp=1695 ms, used_size=1724416 bytes (4.2%)
(RDMA_READ_CONSUME_CHECK_CONSUMER) timestamp=1695 ms, used_size=1722368 bytes (4.2%)
(RDMA_READ_CONSUME_CHECK_CONSUMER) timestamp=1695 ms, used_size=1720320 bytes (4.2%)
(RDMA_READ_CONSUME_CHECK_CONSUMER) timestamp=1695 ms, used_size=1718272 bytes (4.2%)
(RDMA_READ_CONSUME_CHECK_CONSUMER) timestamp=1695 ms, used_size=1716224 bytes (4.2%)
(RDMA_READ_CONSUME_CHECK_CONSUMER) timestamp=1695 ms, used_size=1714176 bytes (4.2%)
(RDMA_READ_CONSUME_CHECK_CONSUMER) timestamp=1695 ms, used_size=1712128 bytes (4.2%)
(RDMA_READ_CONSUME_CHECK_CONSUMER) timestamp=1695 ms, used_size=1710080 bytes (4.2%)
(RDMA_READ_CONSUME_CHECK_CONSUMER) timestamp=1695 ms, used_size=1708032 bytes (4.2%)
(RDMA_READ_CONSUME_CHECK_CONSUMER) timestamp=1695 ms, used_size=1705984 bytes (4.2%)
(RDMA_READ_CONSUME_CHECK_CONSUMER) timestamp=1695 ms, used_size=1703936 bytes (4.2%)
(RDMA_READ_CONSUME_CHECK_CONSUMER) timestamp=1695 ms, used_size=1701888 bytes (4.2%)
(RDMA_READ_CONSUME_CHECK_CONSUMER) timestamp=1695 ms, used_size=1699840 bytes (4.2%)
(RDMA_READ_CONSUME_CHECK_CONSUMER) timestamp=1695 ms, used_size=1697792 bytes (4.1%)
(RDMA_READ_CONSUME_CHECK_CONSUMER) timestamp=1695 ms, used_size=1695744 bytes (4.1%)
(RDMA_READ_CONSUME_CHECK_CONSUMER) timestamp=1695 ms, used_size=1693696 bytes (4.1%)
(RDMA_READ_CONSUME_CHECK_CONSUMER) timestamp=1695 ms, used_size=1691648 bytes (4.1%)
(RDMA_READ_CONSUME_CHECK_CONSUMER) timestamp=1695 ms, used_size=1689600 bytes (4.1%)
(RDMA_READ_CONSUME_CHECK_CONSUMER) timestamp=1695 ms, used_size=1687552 bytes (4.1%)
(RDMA_READ_CONSUME_CHECK_CONSUMER) timestamp=1695 ms, used_size=1685504 bytes (4.1%)
(RDMA_READ_CONSUME_CHECK_CONSUMER) timestamp=1695 ms, used_size=1683456 bytes (4.1%)
(RDMA_READ_CONSUME_CHECK_CONSUMER) timestamp=1695 ms, used_size=1681408 bytes (4.1%)
(RDMA_READ_CONSUME_CHECK_CONSUMER) timestamp=1695 ms, used_size=1679360 bytes (4.1%)
(RDMA_READ_CONSUME_CHECK_CONSUMER) timestamp=1695 ms, used_size=1677312 bytes (4.1%)
(RDMA_READ_CONSUME_CHECK_CONSUMER) timestamp=1695 ms, used_size=1675264 bytes (4.1%)
(RDMA_READ_CONSUME_CHECK_CONSUMER) timestamp=1695 ms, used_size=1673216 bytes (4.1%)
(RDMA_READ_CONSUME_CHECK_CONSUMER) timestamp=1696 ms, used_size=1671168 bytes (4.1%)
(RDMA_READ_CONSUME_CHECK_CONSUMER) timestamp=1696 ms, used_size=1669120 bytes (4.1%)
(RDMA_READ_CONSUME_CHECK_CONSUMER) timestamp=1696 ms, used_size=1667072 bytes (4.1%)
(RDMA_READ_CONSUME_CHECK_CONSUMER) timestamp=1696 ms, used_size=1665024 bytes (4.1%)
(RDMA_READ_CONSUME_CHECK_CONSUMER) timestamp=1696 ms, used_size=1662976 bytes (4.1%)
(RDMA_READ_CONSUME_CHECK_CONSUMER) timestamp=1696 ms, used_size=1660928 bytes (4.1%)
(RDMA_READ_CONSUME_CHECK_CONSUMER) timestamp=1696 ms, used_size=1658880 bytes (4.0%)
(RDMA_READ_CONSUME_CHECK_CONSUMER) timestamp=1696 ms, used_size=1656832 bytes (4.0%)
(RDMA_READ_CONSUME_CHECK_CONSUMER) timestamp=1696 ms, used_size=1654784 bytes (4.0%)
(RDMA_READ_CONSUME_CHECK_CONSUMER) timestamp=1696 ms, used_size=1652736 bytes (4.0%)
(RDMA_READ_CONSUME_CHECK_CONSUMER) timestamp=1696 ms, used_size=1650688 bytes (4.0%)
(RDMA_READ_CONSUME_CHECK_CONSUMER) timestamp=1696 ms, used_size=1648640 bytes (4.0%)
(RDMA_READ_CONSUME_CHECK_CONSUMER) timestamp=1696 ms, used_size=1646592 bytes (4.0%)
(RDMA_READ_CONSUME_CHECK_CONSUMER) timestamp=1696 ms, used_size=1644544 bytes (4.0%)
(RDMA_READ_CONSUME_CHECK_CONSUMER) timestamp=1696 ms, used_size=1642496 bytes (4.0%)
(RDMA_READ_CONSUME_CHECK_CONSUMER) timestamp=1696 ms, used_size=1640448 bytes (4.0%)
(RDMA_READ_CONSUME_CHECK_CONSUMER) timestamp=1696 ms, used_size=1638400 bytes (4.0%)
(RDMA_READ_CONSUME_CHECK_CONSUMER) timestamp=1696 ms, used_size=1636352 bytes (4.0%)
(RDMA_READ_CONSUME_CHECK_CONSUMER) timestamp=1696 ms, used_size=1634304 bytes (4.0%)
(RDMA_READ_CONSUME_CHECK_CONSUMER) timestamp=1696 ms, used_size=1632256 bytes (4.0%)
(RDMA_READ_CONSUME_CHECK_CONSUMER) timestamp=1696 ms, used_size=1630208 bytes (4.0%)
(RDMA_READ_CONSUME_CHECK_CONSUMER) timestamp=1696 ms, used_size=1628160 bytes (4.0%)
(RDMA_READ_CONSUME_CHECK_CONSUMER) timestamp=1696 ms, used_size=1626112 bytes (4.0%)
(RDMA_READ_CONSUME_CHECK_CONSUMER) timestamp=1696 ms, used_size=1624064 bytes (4.0%)
(RDMA_READ_CONSUME_CHECK_CONSUMER) timestamp=1696 ms, used_size=1622016 bytes (4.0%)
(RDMA_READ_CONSUME_CHECK_CONSUMER) timestamp=1696 ms, used_size=1619968 bytes (4.0%)
(RDMA_READ_CONSUME_CHECK_CONSUMER) timestamp=1696 ms, used_size=1617920 bytes (4.0%)
(RDMA_READ_CONSUME_CHECK_CONSUMER) timestamp=1696 ms, used_size=1615872 bytes (3.9%)
(RDMA_READ_CONSUME_CHECK_CONSUMER) timestamp=1696 ms, used_size=1613824 bytes (3.9%)
(RDMA_READ_CONSUME_CHECK_CONSUMER) timestamp=1696 ms, used_size=1611776 bytes (3.9%)
(RDMA_READ_CONSUME_CHECK_CONSUMER) timestamp=1696 ms, used_size=1609728 bytes (3.9%)
(RDMA_READ_CONSUME_CHECK_CONSUMER) timestamp=1696 ms, used_size=1607680 bytes (3.9%)
(RDMA_READ_CONSUME_CHECK_CONSUMER) timestamp=1696 ms, used_size=1605632 bytes (3.9%)
(RDMA_READ_CONSUME_CHECK_CONSUMER) timestamp=1696 ms, used_size=1603584 bytes (3.9%)
(RDMA_READ_CONSUME_CHECK_CONSUMER) timestamp=1696 ms, used_size=1601536 bytes (3.9%)
(RDMA_READ_CONSUME_CHECK_CONSUMER) timestamp=1696 ms, used_size=1599488 bytes (3.9%)
(RDMA_READ_CONSUME_CHECK_CONSUMER) timestamp=1696 ms, used_size=1597440 bytes (3.9%)
(RDMA_READ_CONSUME_CHECK_CONSUMER) timestamp=1696 ms, used_size=1595392 bytes (3.9%)
(RDMA_READ_CONSUME_CHECK_CONSUMER) timestamp=1696 ms, used_size=1593344 bytes (3.9%)
(RDMA_READ_CONSUME_CHECK_CONSUMER) timestamp=1696 ms, used_size=1591296 bytes (3.9%)
(RDMA_READ_CONSUME_CHECK_CONSUMER) timestamp=1696 ms, used_size=1589248 bytes (3.9%)
(RDMA_READ_CONSUME_CHECK_CONSUMER) timestamp=1696 ms, used_size=1587200 bytes (3.9%)
(RDMA_READ_CONSUME_CHECK_CONSUMER) timestamp=1696 ms, used_size=1585152 bytes (3.9%)
(RDMA_READ_CONSUME_CHECK_CONSUMER) timestamp=1696 ms, used_size=1583104 bytes (3.9%)
(RDMA_READ_CONSUME_CHECK_CONSUMER) timestamp=1696 ms, used_size=1581056 bytes (3.9%)
(RDMA_READ_CONSUME_CHECK_CONSUMER) timestamp=1696 ms, used_size=1579008 bytes (3.9%)
(RDMA_READ_CONSUME_CHECK_CONSUMER) timestamp=1696 ms, used_size=1576960 bytes (3.9%)
(RDMA_READ_CONSUME_CHECK_CONSUMER) timestamp=1696 ms, used_size=1574912 bytes (3.8%)
(RDMA_READ_CONSUME_CHECK_CONSUMER) timestamp=1696 ms, used_size=1572864 bytes (3.8%)
(RDMA_READ_CONSUME_CHECK_CONSUMER) timestamp=1696 ms, used_size=1570816 bytes (3.8%)
(RDMA_READ_CONSUME_CHECK_CONSUMER) timestamp=1696 ms, used_size=1568768 bytes (3.8%)
(RDMA_READ_CONSUME_CHECK_CONSUMER) timestamp=1696 ms, used_size=1566720 bytes (3.8%)
(RDMA_READ_CONSUME_CHECK_CONSUMER) timestamp=1696 ms, used_size=1564672 bytes (3.8%)
(RDMA_READ_CONSUME_CHECK_CONSUMER) timestamp=1696 ms, used_size=1562624 bytes (3.8%)
(RDMA_READ_CONSUME_CHECK_CONSUMER) timestamp=1696 ms, used_size=1560576 bytes (3.8%)
(RDMA_READ_CONSUME_CHECK_CONSUMER) timestamp=1696 ms, used_size=1558528 bytes (3.8%)
(RDMA_READ_CONSUME_CHECK_CONSUMER) timestamp=1696 ms, used_size=1556480 bytes (3.8%)
(RDMA_READ_CONSUME_CHECK_CONSUMER) timestamp=1696 ms, used_size=1554432 bytes (3.8%)
(RDMA_READ_CONSUME_CHECK_CONSUMER) timestamp=1696 ms, used_size=1552384 bytes (3.8%)
(RDMA_READ_CONSUME_CHECK_CONSUMER) timestamp=1696 ms, used_size=1550336 bytes (3.8%)
(RDMA_READ_CONSUME_CHECK_CONSUMER) timestamp=1696 ms, used_size=1548288 bytes (3.8%)
(RDMA_READ_CONSUME_CHECK_CONSUMER) timestamp=1696 ms, used_size=1546240 bytes (3.8%)
(RDMA_READ_CONSUME_CHECK_CONSUMER) timestamp=1696 ms, used_size=1544192 bytes (3.8%)
(RDMA_READ_CONSUME_CHECK_CONSUMER) timestamp=1696 ms, used_size=1542144 bytes (3.8%)
(RDMA_READ_CONSUME_CHECK_CONSUMER) timestamp=1696 ms, used_size=1540096 bytes (3.8%)
(RDMA_READ_CONSUME_CHECK_CONSUMER) timestamp=1696 ms, used_size=1538048 bytes (3.8%)
(RDMA_READ_CONSUME_CHECK_CONSUMER) timestamp=1696 ms, used_size=1536000 bytes (3.8%)
(RDMA_READ_CONSUME_CHECK_CONSUMER) timestamp=1696 ms, used_size=1533952 bytes (3.7%)
(RDMA_READ_CONSUME_CHECK_CONSUMER) timestamp=1696 ms, used_size=1531904 bytes (3.7%)
(RDMA_READ_CONSUME_CHECK_CONSUMER) timestamp=1696 ms, used_size=1529856 bytes (3.7%)
(RDMA_READ_CONSUME_CHECK_CONSUMER) timestamp=1696 ms, used_size=1527808 bytes (3.7%)
(RDMA_READ_CONSUME_CHECK_CONSUMER) timestamp=1696 ms, used_size=1525760 bytes (3.7%)
(RDMA_READ_CONSUME_CHECK_CONSUMER) timestamp=1696 ms, used_size=1523712 bytes (3.7%)
(RDMA_READ_CONSUME_CHECK_CONSUMER) timestamp=1696 ms, used_size=1521664 bytes (3.7%)
(RDMA_READ_CONSUME_CHECK_CONSUMER) timestamp=1696 ms, used_size=1519616 bytes (3.7%)
(RDMA_READ_CONSUME_CHECK_CONSUMER) timestamp=1696 ms, used_size=1517568 bytes (3.7%)
(RDMA_READ_CONSUME_CHECK_CONSUMER) timestamp=1696 ms, used_size=1515520 bytes (3.7%)
(RDMA_READ_CONSUME_CHECK_CONSUMER) timestamp=1696 ms, used_size=1513472 bytes (3.7%)
(RDMA_READ_CONSUME_CHECK_CONSUMER) timestamp=1696 ms, used_size=1511424 bytes (3.7%)
(RDMA_READ_CONSUME_CHECK_CONSUMER) timestamp=1696 ms, used_size=1509376 bytes (3.7%)
(RDMA_READ_CONSUME_CHECK_CONSUMER) timestamp=1696 ms, used_size=1507328 bytes (3.7%)
(RDMA_READ_CONSUME_CHECK_CONSUMER) timestamp=1696 ms, used_size=1505280 bytes (3.7%)
(RDMA_READ_CONSUME_CHECK_CONSUMER) timestamp=1696 ms, used_size=1503232 bytes (3.7%)
(RDMA_READ_CONSUME_CHECK_CONSUMER) timestamp=1696 ms, used_size=1501184 bytes (3.7%)
(RDMA_READ_CONSUME_CHECK_CONSUMER) timestamp=1696 ms, used_size=1499136 bytes (3.7%)
(RDMA_READ_CONSUME_CHECK_CONSUMER) timestamp=1696 ms, used_size=1497088 bytes (3.7%)
(RDMA_READ_CONSUME_CHECK_CONSUMER) timestamp=1696 ms, used_size=1495040 bytes (3.6%)
(RDMA_READ_CONSUME_CHECK_CONSUMER) timestamp=1696 ms, used_size=1492992 bytes (3.6%)
(RDMA_READ_CONSUME_CHECK_CONSUMER) timestamp=1696 ms, used_size=1490944 bytes (3.6%)
(RDMA_READ_CONSUME_CHECK_CONSUMER) timestamp=1696 ms, used_size=1488896 bytes (3.6%)
(RDMA_READ_CONSUME_CHECK_CONSUMER) timestamp=1696 ms, used_size=1486848 bytes (3.6%)
(RDMA_READ_CONSUME_CHECK_CONSUMER) timestamp=1696 ms, used_size=1484800 bytes (3.6%)
(RDMA_READ_CONSUME_CHECK_CONSUMER) timestamp=1696 ms, used_size=1482752 bytes (3.6%)
(RDMA_READ_CONSUME_CHECK_CONSUMER) timestamp=1696 ms, used_size=1480704 bytes (3.6%)
(RDMA_READ_CONSUME_CHECK_CONSUMER) timestamp=1696 ms, used_size=1478656 bytes (3.6%)
(RDMA_READ_CONSUME_CHECK_CONSUMER) timestamp=1696 ms, used_size=1476608 bytes (3.6%)
(RDMA_READ_CONSUME_CHECK_CONSUMER) timestamp=1696 ms, used_size=1474560 bytes (3.6%)
(RDMA_READ_CONSUME_CHECK_CONSUMER) timestamp=1696 ms, used_size=1472512 bytes (3.6%)
(RDMA_READ_CONSUME_CHECK_CONSUMER) timestamp=1696 ms, used_size=1470464 bytes (3.6%)
(RDMA_READ_CONSUME_CHECK_CONSUMER) timestamp=1696 ms, used_size=1468416 bytes (3.6%)
(RDMA_READ_CONSUME_CHECK_CONSUMER) timestamp=1696 ms, used_size=1466368 bytes (3.6%)
(RDMA_READ_CONSUME_CHECK_CONSUMER) timestamp=1696 ms, used_size=1464320 bytes (3.6%)
(RDMA_READ_CONSUME_CHECK_CONSUMER) timestamp=1696 ms, used_size=1462272 bytes (3.6%)
(RDMA_READ_CONSUME_CHECK_CONSUMER) timestamp=1696 ms, used_size=1460224 bytes (3.6%)
(RDMA_READ_CONSUME_CHECK_CONSUMER) timestamp=1696 ms, used_size=1458176 bytes (3.6%)
(RDMA_READ_CONSUME_CHECK_CONSUMER) timestamp=1696 ms, used_size=1456128 bytes (3.6%)
(RDMA_READ_CONSUME_CHECK_CONSUMER) timestamp=1696 ms, used_size=1454080 bytes (3.5%)
(RDMA_READ_CONSUME_CHECK_CONSUMER) timestamp=1696 ms, used_size=1452032 bytes (3.5%)
(RDMA_READ_CONSUME_CHECK_CONSUMER) timestamp=1696 ms, used_size=1449984 bytes (3.5%)
(RDMA_READ_CONSUME_CHECK_CONSUMER) timestamp=1696 ms, used_size=1447936 bytes (3.5%)
(RDMA_READ_CONSUME_CHECK_CONSUMER) timestamp=1696 ms, used_size=1445888 bytes (3.5%)
(RDMA_READ_CONSUME_CHECK_CONSUMER) timestamp=1696 ms, used_size=1443840 bytes (3.5%)
(RDMA_READ_CONSUME_CHECK_CONSUMER) timestamp=1696 ms, used_size=1441792 bytes (3.5%)
(RDMA_READ_CONSUME_CHECK_CONSUMER) timestamp=1696 ms, used_size=1439744 bytes (3.5%)
(RDMA_READ_CONSUME_CHECK_CONSUMER) timestamp=1696 ms, used_size=1437696 bytes (3.5%)
(RDMA_READ_CONSUME_CHECK_CONSUMER) timestamp=1696 ms, used_size=1435648 bytes (3.5%)
(RDMA_READ_CONSUME_CHECK_CONSUMER) timestamp=1696 ms, used_size=1433600 bytes (3.5%)
(RDMA_READ_CONSUME_CHECK_CONSUMER) timestamp=1696 ms, used_size=1431552 bytes (3.5%)
(RDMA_READ_CONSUME_CHECK_CONSUMER) timestamp=1696 ms, used_size=1429504 bytes (3.5%)
(RDMA_READ_CONSUME_CHECK_CONSUMER) timestamp=1696 ms, used_size=1427456 bytes (3.5%)
(RDMA_READ_CONSUME_CHECK_CONSUMER) timestamp=1696 ms, used_size=1425408 bytes (3.5%)
(RDMA_READ_CONSUME_CHECK_CONSUMER) timestamp=1696 ms, used_size=1423360 bytes (3.5%)
(RDMA_READ_CONSUME_CHECK_CONSUMER) timestamp=1696 ms, used_size=1421312 bytes (3.5%)
(RDMA_READ_CONSUME_CHECK_CONSUMER) timestamp=1696 ms, used_size=1419264 bytes (3.5%)
(RDMA_READ_CONSUME_CHECK_CONSUMER) timestamp=1696 ms, used_size=1417216 bytes (3.5%)
(RDMA_READ_CONSUME_CHECK_CONSUMER) timestamp=1696 ms, used_size=1415168 bytes (3.5%)
(RDMA_READ_CONSUME_CHECK_CONSUMER) timestamp=1696 ms, used_size=1413120 bytes (3.5%)
(RDMA_READ_CONSUME_CHECK_CONSUMER) timestamp=1696 ms, used_size=1411072 bytes (3.4%)
(RDMA_READ_CONSUME_CHECK_CONSUMER) timestamp=1696 ms, used_size=1409024 bytes (3.4%)
(RDMA_READ_CONSUME_CHECK_CONSUMER) timestamp=1696 ms, used_size=1406976 bytes (3.4%)
(RDMA_READ_CONSUME_CHECK_CONSUMER) timestamp=1696 ms, used_size=1404928 bytes (3.4%)
(RDMA_READ_CONSUME_CHECK_CONSUMER) timestamp=1696 ms, used_size=1402880 bytes (3.4%)
(RDMA_READ_CONSUME_CHECK_CONSUMER) timestamp=1696 ms, used_size=1400832 bytes (3.4%)
(RDMA_READ_CONSUME_CHECK_CONSUMER) timestamp=1696 ms, used_size=1398784 bytes (3.4%)
(RDMA_READ_CONSUME_CHECK_CONSUMER) timestamp=1696 ms, used_size=1396736 bytes (3.4%)
(RDMA_READ_CONSUME_CHECK_CONSUMER) timestamp=1696 ms, used_size=1394688 bytes (3.4%)
(RDMA_READ_CONSUME_CHECK_CONSUMER) timestamp=1696 ms, used_size=1392640 bytes (3.4%)
(RDMA_READ_CONSUME_CHECK_CONSUMER) timestamp=1696 ms, used_size=1390592 bytes (3.4%)
(RDMA_READ_CONSUME_CHECK_CONSUMER) timestamp=1696 ms, used_size=1388544 bytes (3.4%)
(RDMA_READ_CONSUME_CHECK_CONSUMER) timestamp=1696 ms, used_size=1386496 bytes (3.4%)
(RDMA_READ_CONSUME_CHECK_CONSUMER) timestamp=1696 ms, used_size=1384448 bytes (3.4%)
(RDMA_READ_CONSUME_CHECK_CONSUMER) timestamp=1696 ms, used_size=1382400 bytes (3.4%)
(RDMA_READ_CONSUME_CHECK_CONSUMER) timestamp=1696 ms, used_size=1380352 bytes (3.4%)
(RDMA_READ_CONSUME_CHECK_CONSUMER) timestamp=1696 ms, used_size=1378304 bytes (3.4%)
(RDMA_READ_CONSUME_CHECK_CONSUMER) timestamp=1696 ms, used_size=1376256 bytes (3.4%)
(RDMA_READ_CONSUME_CHECK_CONSUMER) timestamp=1696 ms, used_size=1374208 bytes (3.4%)
(RDMA_READ_CONSUME_CHECK_CONSUMER) timestamp=1696 ms, used_size=1372160 bytes (3.4%)
(RDMA_READ_CONSUME_CHECK_CONSUMER) timestamp=1696 ms, used_size=1370112 bytes (3.3%)
(RDMA_READ_CONSUME_CHECK_CONSUMER) timestamp=1696 ms, used_size=1368064 bytes (3.3%)
(RDMA_READ_CONSUME_CHECK_CONSUMER) timestamp=1696 ms, used_size=1366016 bytes (3.3%)
(RDMA_READ_CONSUME_CHECK_CONSUMER) timestamp=1696 ms, used_size=1363968 bytes (3.3%)
(RDMA_READ_CONSUME_CHECK_CONSUMER) timestamp=1696 ms, used_size=1361920 bytes (3.3%)
(RDMA_READ_CONSUME_CHECK_CONSUMER) timestamp=1696 ms, used_size=1359872 bytes (3.3%)
(RDMA_READ_CONSUME_CHECK_CONSUMER) timestamp=1696 ms, used_size=1357824 bytes (3.3%)
(RDMA_READ_CONSUME_CHECK_CONSUMER) timestamp=1696 ms, used_size=1355776 bytes (3.3%)
(RDMA_READ_CONSUME_CHECK_CONSUMER) timestamp=1696 ms, used_size=1353728 bytes (3.3%)
(RDMA_READ_CONSUME_CHECK_CONSUMER) timestamp=1696 ms, used_size=1351680 bytes (3.3%)
(RDMA_READ_CONSUME_CHECK_CONSUMER) timestamp=1696 ms, used_size=1349632 bytes (3.3%)
(RDMA_READ_CONSUME_CHECK_CONSUMER) timestamp=1696 ms, used_size=1347584 bytes (3.3%)
(RDMA_READ_CONSUME_CHECK_CONSUMER) timestamp=1696 ms, used_size=1345536 bytes (3.3%)
(RDMA_READ_CONSUME_CHECK_CONSUMER) timestamp=1696 ms, used_size=1343488 bytes (3.3%)
(RDMA_READ_CONSUME_CHECK_CONSUMER) timestamp=1696 ms, used_size=1341440 bytes (3.3%)
(RDMA_READ_CONSUME_CHECK_CONSUMER) timestamp=1696 ms, used_size=1339392 bytes (3.3%)
(RDMA_READ_CONSUME_CHECK_CONSUMER) timestamp=1696 ms, used_size=1337344 bytes (3.3%)
(RDMA_READ_CONSUME_CHECK_CONSUMER) timestamp=1696 ms, used_size=1335296 bytes (3.3%)
(RDMA_READ_CONSUME_CHECK_CONSUMER) timestamp=1696 ms, used_size=1333248 bytes (3.3%)
(RDMA_READ_CONSUME_CHECK_CONSUMER) timestamp=1696 ms, used_size=1331200 bytes (3.2%)
(RDMA_READ_CONSUME_CHECK_CONSUMER) timestamp=1696 ms, used_size=1329152 bytes (3.2%)
(RDMA_READ_CONSUME_CHECK_CONSUMER) timestamp=1696 ms, used_size=1327104 bytes (3.2%)
(RDMA_READ_CONSUME_CHECK_CONSUMER) timestamp=1696 ms, used_size=1325056 bytes (3.2%)
(RDMA_READ_CONSUME_CHECK_CONSUMER) timestamp=1696 ms, used_size=1323008 bytes (3.2%)
(RDMA_READ_CONSUME_CHECK_CONSUMER) timestamp=1696 ms, used_size=1320960 bytes (3.2%)
(RDMA_READ_CONSUME_CHECK_CONSUMER) timestamp=1696 ms, used_size=1318912 bytes (3.2%)
(RDMA_READ_CONSUME_CHECK_CONSUMER) timestamp=1696 ms, used_size=1316864 bytes (3.2%)
(RDMA_READ_CONSUME_CHECK_CONSUMER) timestamp=1696 ms, used_size=1314816 bytes (3.2%)
(RDMA_READ_CONSUME_CHECK_CONSUMER) timestamp=1696 ms, used_size=1312768 bytes (3.2%)
(RDMA_READ_CONSUME_CHECK_CONSUMER) timestamp=1696 ms, used_size=1310720 bytes (3.2%)
(RDMA_READ_CONSUME_CHECK_CONSUMER) timestamp=1696 ms, used_size=1308672 bytes (3.2%)
(RDMA_READ_CONSUME_CHECK_CONSUMER) timestamp=1696 ms, used_size=1306624 bytes (3.2%)
(RDMA_READ_CONSUME_CHECK_CONSUMER) timestamp=1697 ms, used_size=1304576 bytes (3.2%)
(RDMA_READ_CONSUME_CHECK_CONSUMER) timestamp=1697 ms, used_size=1302528 bytes (3.2%)
(RDMA_READ_CONSUME_CHECK_CONSUMER) timestamp=1697 ms, used_size=1300480 bytes (3.2%)
(RDMA_READ_CONSUME_CHECK_CONSUMER) timestamp=1697 ms, used_size=1298432 bytes (3.2%)
(RDMA_READ_CONSUME_CHECK_CONSUMER) timestamp=1697 ms, used_size=1296384 bytes (3.2%)
(RDMA_READ_CONSUME_CHECK_CONSUMER) timestamp=1697 ms, used_size=1294336 bytes (3.2%)
(RDMA_READ_CONSUME_CHECK_CONSUMER) timestamp=1697 ms, used_size=1292288 bytes (3.2%)
(RDMA_READ_CONSUME_CHECK_CONSUMER) timestamp=1697 ms, used_size=1290240 bytes (3.1%)
(RDMA_READ_CONSUME_CHECK_CONSUMER) timestamp=1697 ms, used_size=1288192 bytes (3.1%)
(RDMA_READ_CONSUME_CHECK_CONSUMER) timestamp=1697 ms, used_size=1286144 bytes (3.1%)
(RDMA_READ_CONSUME_CHECK_CONSUMER) timestamp=1697 ms, used_size=1284096 bytes (3.1%)
(RDMA_READ_CONSUME_CHECK_CONSUMER) timestamp=1697 ms, used_size=1282048 bytes (3.1%)
(RDMA_READ_CONSUME_CHECK_CONSUMER) timestamp=1697 ms, used_size=1280000 bytes (3.1%)
(RDMA_READ_CONSUME_CHECK_CONSUMER) timestamp=1697 ms, used_size=1277952 bytes (3.1%)
(RDMA_READ_CONSUME_CHECK_CONSUMER) timestamp=1697 ms, used_size=1275904 bytes (3.1%)
(RDMA_READ_CONSUME_CHECK_CONSUMER) timestamp=1697 ms, used_size=1273856 bytes (3.1%)
(RDMA_READ_CONSUME_CHECK_CONSUMER) timestamp=1697 ms, used_size=1271808 bytes (3.1%)
(RDMA_READ_CONSUME_CHECK_CONSUMER) timestamp=1697 ms, used_size=1269760 bytes (3.1%)
(RDMA_READ_CONSUME_CHECK_CONSUMER) timestamp=1697 ms, used_size=1267712 bytes (3.1%)
(RDMA_READ_CONSUME_CHECK_CONSUMER) timestamp=1697 ms, used_size=1265664 bytes (3.1%)
(RDMA_READ_CONSUME_CHECK_CONSUMER) timestamp=1697 ms, used_size=1263616 bytes (3.1%)
(RDMA_READ_CONSUME_CHECK_CONSUMER) timestamp=1697 ms, used_size=1261568 bytes (3.1%)
(RDMA_READ_CONSUME_CHECK_CONSUMER) timestamp=1697 ms, used_size=1259520 bytes (3.1%)
(RDMA_READ_CONSUME_CHECK_CONSUMER) timestamp=1697 ms, used_size=1257472 bytes (3.1%)
(RDMA_READ_CONSUME_CHECK_CONSUMER) timestamp=1697 ms, used_size=1255424 bytes (3.1%)
(RDMA_READ_CONSUME_CHECK_CONSUMER) timestamp=1697 ms, used_size=1253376 bytes (3.1%)
(RDMA_READ_CONSUME_CHECK_CONSUMER) timestamp=1697 ms, used_size=1251328 bytes (3.1%)
(RDMA_READ_CONSUME_CHECK_CONSUMER) timestamp=1697 ms, used_size=1249280 bytes (3.0%)
(RDMA_READ_CONSUME_CHECK_CONSUMER) timestamp=1697 ms, used_size=1247232 bytes (3.0%)
(RDMA_READ_CONSUME_CHECK_CONSUMER) timestamp=1697 ms, used_size=1245184 bytes (3.0%)
(RDMA_READ_CONSUME_CHECK_CONSUMER) timestamp=1697 ms, used_size=1243136 bytes (3.0%)
(RDMA_READ_CONSUME_CHECK_CONSUMER) timestamp=1697 ms, used_size=1241088 bytes (3.0%)
(RDMA_READ_CONSUME_CHECK_CONSUMER) timestamp=1697 ms, used_size=1239040 bytes (3.0%)
(RDMA_READ_CONSUME_CHECK_CONSUMER) timestamp=1697 ms, used_size=1236992 bytes (3.0%)
(RDMA_READ_CONSUME_CHECK_CONSUMER) timestamp=1697 ms, used_size=1234944 bytes (3.0%)
(RDMA_READ_CONSUME_CHECK_CONSUMER) timestamp=1697 ms, used_size=1232896 bytes (3.0%)
(RDMA_READ_CONSUME_CHECK_CONSUMER) timestamp=1697 ms, used_size=1230848 bytes (3.0%)
(RDMA_READ_CONSUME_CHECK_CONSUMER) timestamp=1697 ms, used_size=1228800 bytes (3.0%)
(RDMA_READ_CONSUME_CHECK_CONSUMER) timestamp=1697 ms, used_size=1226752 bytes (3.0%)
(RDMA_READ_CONSUME_CHECK_CONSUMER) timestamp=1697 ms, used_size=1224704 bytes (3.0%)
(RDMA_READ_CONSUME_CHECK_CONSUMER) timestamp=1697 ms, used_size=1222656 bytes (3.0%)
(RDMA_READ_CONSUME_CHECK_CONSUMER) timestamp=1697 ms, used_size=1220608 bytes (3.0%)
(RDMA_READ_CONSUME_CHECK_CONSUMER) timestamp=1697 ms, used_size=1218560 bytes (3.0%)
(RDMA_READ_CONSUME_CHECK_CONSUMER) timestamp=1697 ms, used_size=1216512 bytes (3.0%)
(RDMA_READ_CONSUME_CHECK_CONSUMER) timestamp=1697 ms, used_size=1214464 bytes (3.0%)
(RDMA_READ_CONSUME_CHECK_CONSUMER) timestamp=1697 ms, used_size=1212416 bytes (3.0%)
(RDMA_READ_CONSUME_CHECK_CONSUMER) timestamp=1697 ms, used_size=1210368 bytes (3.0%)
(RDMA_READ_CONSUME_CHECK_CONSUMER) timestamp=1697 ms, used_size=1208320 bytes (3.0%)
(RDMA_READ_CONSUME_CHECK_CONSUMER) timestamp=1697 ms, used_size=1206272 bytes (2.9%)
(RDMA_READ_CONSUME_CHECK_CONSUMER) timestamp=1697 ms, used_size=1204224 bytes (2.9%)
(RDMA_READ_CONSUME_CHECK_CONSUMER) timestamp=1697 ms, used_size=1202176 bytes (2.9%)
(RDMA_READ_CONSUME_CHECK_CONSUMER) timestamp=1697 ms, used_size=1200128 bytes (2.9%)
(RDMA_READ_CONSUME_CHECK_CONSUMER) timestamp=1697 ms, used_size=1198080 bytes (2.9%)
(RDMA_READ_CONSUME_CHECK_CONSUMER) timestamp=1697 ms, used_size=1196032 bytes (2.9%)
(RDMA_READ_CONSUME_CHECK_CONSUMER) timestamp=1697 ms, used_size=1193984 bytes (2.9%)
(RDMA_READ_CONSUME_CHECK_CONSUMER) timestamp=1697 ms, used_size=1191936 bytes (2.9%)
(RDMA_READ_CONSUME_CHECK_CONSUMER) timestamp=1697 ms, used_size=1189888 bytes (2.9%)
(RDMA_READ_CONSUME_CHECK_CONSUMER) timestamp=1697 ms, used_size=1187840 bytes (2.9%)
(RDMA_READ_CONSUME_CHECK_CONSUMER) timestamp=1697 ms, used_size=1185792 bytes (2.9%)
(RDMA_READ_CONSUME_CHECK_CONSUMER) timestamp=1697 ms, used_size=1183744 bytes (2.9%)
(RDMA_READ_CONSUME_CHECK_CONSUMER) timestamp=1697 ms, used_size=1181696 bytes (2.9%)
(RDMA_READ_CONSUME_CHECK_CONSUMER) timestamp=1697 ms, used_size=1179648 bytes (2.9%)
(RDMA_READ_CONSUME_CHECK_CONSUMER) timestamp=1697 ms, used_size=1177600 bytes (2.9%)
(RDMA_READ_CONSUME_CHECK_CONSUMER) timestamp=1697 ms, used_size=1175552 bytes (2.9%)
(RDMA_READ_CONSUME_CHECK_CONSUMER) timestamp=1697 ms, used_size=1173504 bytes (2.9%)
(RDMA_READ_CONSUME_CHECK_CONSUMER) timestamp=1697 ms, used_size=1171456 bytes (2.9%)
(RDMA_READ_CONSUME_CHECK_CONSUMER) timestamp=1697 ms, used_size=1169408 bytes (2.9%)
(RDMA_READ_CONSUME_CHECK_CONSUMER) timestamp=1697 ms, used_size=1167360 bytes (2.9%)
(RDMA_READ_CONSUME_CHECK_CONSUMER) timestamp=1697 ms, used_size=1165312 bytes (2.8%)
(RDMA_READ_CONSUME_CHECK_CONSUMER) timestamp=1697 ms, used_size=1163264 bytes (2.8%)
(RDMA_READ_CONSUME_CHECK_CONSUMER) timestamp=1697 ms, used_size=1161216 bytes (2.8%)
(RDMA_READ_CONSUME_CHECK_CONSUMER) timestamp=1697 ms, used_size=1159168 bytes (2.8%)
(RDMA_READ_CONSUME_CHECK_CONSUMER) timestamp=1697 ms, used_size=1157120 bytes (2.8%)
(RDMA_READ_CONSUME_CHECK_CONSUMER) timestamp=1697 ms, used_size=1155072 bytes (2.8%)
(RDMA_READ_CONSUME_CHECK_CONSUMER) timestamp=1697 ms, used_size=1153024 bytes (2.8%)
(RDMA_READ_CONSUME_CHECK_CONSUMER) timestamp=1697 ms, used_size=1150976 bytes (2.8%)
(RDMA_READ_CONSUME_CHECK_CONSUMER) timestamp=1697 ms, used_size=1148928 bytes (2.8%)
(RDMA_READ_CONSUME_CHECK_CONSUMER) timestamp=1697 ms, used_size=1146880 bytes (2.8%)
(RDMA_READ_CONSUME_CHECK_CONSUMER) timestamp=1697 ms, used_size=1144832 bytes (2.8%)
(RDMA_READ_CONSUME_CHECK_CONSUMER) timestamp=1697 ms, used_size=1142784 bytes (2.8%)
(RDMA_READ_CONSUME_CHECK_CONSUMER) timestamp=1697 ms, used_size=1140736 bytes (2.8%)
(RDMA_READ_CONSUME_CHECK_CONSUMER) timestamp=1697 ms, used_size=1138688 bytes (2.8%)
(RDMA_READ_CONSUME_CHECK_CONSUMER) timestamp=1697 ms, used_size=1136640 bytes (2.8%)
(RDMA_READ_CONSUME_CHECK_CONSUMER) timestamp=1697 ms, used_size=1134592 bytes (2.8%)
(RDMA_READ_CONSUME_CHECK_CONSUMER) timestamp=1697 ms, used_size=1132544 bytes (2.8%)
(RDMA_READ_CONSUME_CHECK_CONSUMER) timestamp=1697 ms, used_size=1130496 bytes (2.8%)
(RDMA_READ_CONSUME_CHECK_CONSUMER) timestamp=1697 ms, used_size=1128448 bytes (2.8%)
(RDMA_READ_CONSUME_CHECK_CONSUMER) timestamp=1697 ms, used_size=1126400 bytes (2.8%)
(RDMA_READ_CONSUME_CHECK_CONSUMER) timestamp=1697 ms, used_size=1124352 bytes (2.7%)
(RDMA_READ_CONSUME_CHECK_CONSUMER) timestamp=1697 ms, used_size=1122304 bytes (2.7%)
(RDMA_READ_CONSUME_CHECK_CONSUMER) timestamp=1697 ms, used_size=1120256 bytes (2.7%)
(RDMA_READ_CONSUME_CHECK_CONSUMER) timestamp=1697 ms, used_size=1118208 bytes (2.7%)
(RDMA_READ_CONSUME_CHECK_CONSUMER) timestamp=1697 ms, used_size=1116160 bytes (2.7%)
(RDMA_READ_CONSUME_CHECK_CONSUMER) timestamp=1697 ms, used_size=1114112 bytes (2.7%)
(RDMA_READ_CONSUME_CHECK_CONSUMER) timestamp=1697 ms, used_size=1112064 bytes (2.7%)
(RDMA_READ_CONSUME_CHECK_CONSUMER) timestamp=1697 ms, used_size=1110016 bytes (2.7%)
(RDMA_READ_CONSUME_CHECK_CONSUMER) timestamp=1697 ms, used_size=1107968 bytes (2.7%)
(RDMA_READ_CONSUME_CHECK_CONSUMER) timestamp=1697 ms, used_size=1105920 bytes (2.7%)
(RDMA_READ_CONSUME_CHECK_CONSUMER) timestamp=1697 ms, used_size=1103872 bytes (2.7%)
(RDMA_READ_CONSUME_CHECK_CONSUMER) timestamp=1697 ms, used_size=1101824 bytes (2.7%)
(RDMA_READ_CONSUME_CHECK_CONSUMER) timestamp=1697 ms, used_size=1099776 bytes (2.7%)
(RDMA_READ_CONSUME_CHECK_CONSUMER) timestamp=1697 ms, used_size=1097728 bytes (2.7%)
(RDMA_READ_CONSUME_CHECK_CONSUMER) timestamp=1697 ms, used_size=1095680 bytes (2.7%)
(RDMA_READ_CONSUME_CHECK_CONSUMER) timestamp=1697 ms, used_size=1093632 bytes (2.7%)
(RDMA_READ_CONSUME_CHECK_CONSUMER) timestamp=1697 ms, used_size=1091584 bytes (2.7%)
(RDMA_READ_CONSUME_CHECK_CONSUMER) timestamp=1697 ms, used_size=1089536 bytes (2.7%)
(RDMA_READ_CONSUME_CHECK_CONSUMER) timestamp=1697 ms, used_size=1087488 bytes (2.7%)
(RDMA_READ_CONSUME_CHECK_CONSUMER) timestamp=1697 ms, used_size=1085440 bytes (2.6%)
(RDMA_READ_CONSUME_CHECK_CONSUMER) timestamp=1697 ms, used_size=1083392 bytes (2.6%)
(RDMA_READ_CONSUME_CHECK_CONSUMER) timestamp=1697 ms, used_size=1081344 bytes (2.6%)
(RDMA_READ_CONSUME_CHECK_CONSUMER) timestamp=1697 ms, used_size=1079296 bytes (2.6%)
(RDMA_READ_CONSUME_CHECK_CONSUMER) timestamp=1697 ms, used_size=1077248 bytes (2.6%)
(RDMA_READ_CONSUME_CHECK_CONSUMER) timestamp=1697 ms, used_size=1075200 bytes (2.6%)
(RDMA_READ_CONSUME_CHECK_CONSUMER) timestamp=1697 ms, used_size=1073152 bytes (2.6%)
(RDMA_READ_CONSUME_CHECK_CONSUMER) timestamp=1697 ms, used_size=1071104 bytes (2.6%)
(RDMA_READ_CONSUME_CHECK_CONSUMER) timestamp=1697 ms, used_size=1069056 bytes (2.6%)
(RDMA_READ_CONSUME_CHECK_CONSUMER) timestamp=1697 ms, used_size=1067008 bytes (2.6%)
(RDMA_READ_CONSUME_CHECK_CONSUMER) timestamp=1697 ms, used_size=1064960 bytes (2.6%)
(RDMA_READ_CONSUME_CHECK_CONSUMER) timestamp=1697 ms, used_size=1062912 bytes (2.6%)
(RDMA_READ_CONSUME_CHECK_CONSUMER) timestamp=1697 ms, used_size=1060864 bytes (2.6%)
(RDMA_READ_CONSUME_CHECK_CONSUMER) timestamp=1697 ms, used_size=1058816 bytes (2.6%)
(RDMA_READ_CONSUME_CHECK_CONSUMER) timestamp=1697 ms, used_size=1056768 bytes (2.6%)
(RDMA_READ_CONSUME_CHECK_CONSUMER) timestamp=1697 ms, used_size=1054720 bytes (2.6%)
(RDMA_READ_CONSUME_CHECK_CONSUMER) timestamp=1697 ms, used_size=1052672 bytes (2.6%)
(RDMA_READ_CONSUME_CHECK_CONSUMER) timestamp=1697 ms, used_size=1050624 bytes (2.6%)
(RDMA_READ_CONSUME_CHECK_CONSUMER) timestamp=1697 ms, used_size=1048576 bytes (2.6%)
(RDMA_READ_CONSUME_CHECK_CONSUMER) timestamp=1697 ms, used_size=1046528 bytes (2.6%)
(RDMA_READ_CONSUME_CHECK_CONSUMER) timestamp=1697 ms, used_size=1044480 bytes (2.5%)
(RDMA_READ_CONSUME_CHECK_CONSUMER) timestamp=1697 ms, used_size=1042432 bytes (2.5%)
(RDMA_READ_CONSUME_CHECK_CONSUMER) timestamp=1697 ms, used_size=1040384 bytes (2.5%)
(RDMA_READ_CONSUME_CHECK_CONSUMER) timestamp=1697 ms, used_size=1038336 bytes (2.5%)
(RDMA_READ_CONSUME_CHECK_CONSUMER) timestamp=1697 ms, used_size=1036288 bytes (2.5%)
(RDMA_READ_CONSUME_CHECK_CONSUMER) timestamp=1697 ms, used_size=1034240 bytes (2.5%)
(RDMA_READ_CONSUME_CHECK_CONSUMER) timestamp=1697 ms, used_size=1032192 bytes (2.5%)
(RDMA_READ_CONSUME_CHECK_CONSUMER) timestamp=1697 ms, used_size=1030144 bytes (2.5%)
(RDMA_READ_CONSUME_CHECK_CONSUMER) timestamp=1697 ms, used_size=1028096 bytes (2.5%)
(RDMA_READ_CONSUME_CHECK_CONSUMER) timestamp=1697 ms, used_size=1026048 bytes (2.5%)
(RDMA_READ_CONSUME_CHECK_CONSUMER) timestamp=1697 ms, used_size=1024000 bytes (2.5%)
(RDMA_READ_CONSUME_CHECK_CONSUMER) timestamp=1697 ms, used_size=1021952 bytes (2.5%)
(RDMA_READ_CONSUME_CHECK_CONSUMER) timestamp=1697 ms, used_size=1019904 bytes (2.5%)
(RDMA_READ_CONSUME_CHECK_CONSUMER) timestamp=1697 ms, used_size=1017856 bytes (2.5%)
(RDMA_READ_CONSUME_CHECK_CONSUMER) timestamp=1697 ms, used_size=1015808 bytes (2.5%)
(RDMA_READ_CONSUME_CHECK_CONSUMER) timestamp=1697 ms, used_size=1013760 bytes (2.5%)
(RDMA_READ_CONSUME_CHECK_CONSUMER) timestamp=1697 ms, used_size=1011712 bytes (2.5%)
(RDMA_READ_CONSUME_CHECK_CONSUMER) timestamp=1697 ms, used_size=1009664 bytes (2.5%)
(RDMA_READ_CONSUME_CHECK_CONSUMER) timestamp=1697 ms, used_size=1007616 bytes (2.5%)
(RDMA_READ_CONSUME_CHECK_CONSUMER) timestamp=1697 ms, used_size=1005568 bytes (2.5%)
(RDMA_READ_CONSUME_CHECK_CONSUMER) timestamp=1697 ms, used_size=1003520 bytes (2.5%)
(RDMA_READ_CONSUME_CHECK_CONSUMER) timestamp=1697 ms, used_size=1001472 bytes (2.4%)
(RDMA_READ_CONSUME_CHECK_CONSUMER) timestamp=1697 ms, used_size=999424 bytes (2.4%)
(RDMA_READ_CONSUME_CHECK_CONSUMER) timestamp=1697 ms, used_size=997376 bytes (2.4%)
(RDMA_READ_CONSUME_CHECK_CONSUMER) timestamp=1697 ms, used_size=995328 bytes (2.4%)
(RDMA_READ_CONSUME_CHECK_CONSUMER) timestamp=1697 ms, used_size=993280 bytes (2.4%)
(RDMA_READ_CONSUME_CHECK_CONSUMER) timestamp=1697 ms, used_size=991232 bytes (2.4%)
(RDMA_READ_CONSUME_CHECK_CONSUMER) timestamp=1697 ms, used_size=989184 bytes (2.4%)
(RDMA_READ_CONSUME_CHECK_CONSUMER) timestamp=1697 ms, used_size=987136 bytes (2.4%)
(RDMA_READ_CONSUME_CHECK_CONSUMER) timestamp=1697 ms, used_size=985088 bytes (2.4%)
(RDMA_READ_CONSUME_CHECK_CONSUMER) timestamp=1697 ms, used_size=983040 bytes (2.4%)
(RDMA_READ_CONSUME_CHECK_CONSUMER) timestamp=1697 ms, used_size=980992 bytes (2.4%)
(RDMA_READ_CONSUME_CHECK_CONSUMER) timestamp=1697 ms, used_size=978944 bytes (2.4%)
(RDMA_READ_CONSUME_CHECK_CONSUMER) timestamp=1697 ms, used_size=976896 bytes (2.4%)
(RDMA_READ_CONSUME_CHECK_CONSUMER) timestamp=1697 ms, used_size=974848 bytes (2.4%)
(RDMA_READ_CONSUME_CHECK_CONSUMER) timestamp=1697 ms, used_size=972800 bytes (2.4%)
(RDMA_READ_CONSUME_CHECK_CONSUMER) timestamp=1697 ms, used_size=970752 bytes (2.4%)
(RDMA_READ_CONSUME_CHECK_CONSUMER) timestamp=1697 ms, used_size=968704 bytes (2.4%)
(RDMA_READ_CONSUME_CHECK_CONSUMER) timestamp=1697 ms, used_size=966656 bytes (2.4%)
(RDMA_READ_CONSUME_CHECK_CONSUMER) timestamp=1697 ms, used_size=964608 bytes (2.4%)
(RDMA_READ_CONSUME_CHECK_CONSUMER) timestamp=1697 ms, used_size=962560 bytes (2.4%)
(RDMA_READ_CONSUME_CHECK_CONSUMER) timestamp=1697 ms, used_size=960512 bytes (2.3%)
(RDMA_READ_CONSUME_CHECK_CONSUMER) timestamp=1697 ms, used_size=958464 bytes (2.3%)
(RDMA_READ_CONSUME_CHECK_CONSUMER) timestamp=1697 ms, used_size=956416 bytes (2.3%)
(RDMA_READ_CONSUME_CHECK_CONSUMER) timestamp=1697 ms, used_size=954368 bytes (2.3%)
(RDMA_READ_CONSUME_CHECK_CONSUMER) timestamp=1697 ms, used_size=952320 bytes (2.3%)
(RDMA_READ_CONSUME_CHECK_CONSUMER) timestamp=1697 ms, used_size=950272 bytes (2.3%)
(RDMA_READ_CONSUME_CHECK_CONSUMER) timestamp=1697 ms, used_size=948224 bytes (2.3%)
(RDMA_READ_CONSUME_CHECK_CONSUMER) timestamp=1697 ms, used_size=946176 bytes (2.3%)
(RDMA_READ_CONSUME_CHECK_CONSUMER) timestamp=1697 ms, used_size=944128 bytes (2.3%)
(RDMA_READ_CONSUME_CHECK_CONSUMER) timestamp=1697 ms, used_size=942080 bytes (2.3%)
(RDMA_READ_CONSUME_CHECK_CONSUMER) timestamp=1698 ms, used_size=940032 bytes (2.3%)
(RDMA_READ_CONSUME_CHECK_CONSUMER) timestamp=1698 ms, used_size=937984 bytes (2.3%)
(RDMA_READ_CONSUME_CHECK_CONSUMER) timestamp=1698 ms, used_size=935936 bytes (2.3%)
(RDMA_READ_CONSUME_CHECK_CONSUMER) timestamp=1698 ms, used_size=933888 bytes (2.3%)
(RDMA_READ_CONSUME_CHECK_CONSUMER) timestamp=1698 ms, used_size=931840 bytes (2.3%)
(RDMA_READ_CONSUME_CHECK_CONSUMER) timestamp=1698 ms, used_size=929792 bytes (2.3%)
(RDMA_READ_CONSUME_CHECK_CONSUMER) timestamp=1698 ms, used_size=927744 bytes (2.3%)
(RDMA_READ_CONSUME_CHECK_CONSUMER) timestamp=1698 ms, used_size=925696 bytes (2.3%)
(RDMA_READ_CONSUME_CHECK_CONSUMER) timestamp=1698 ms, used_size=923648 bytes (2.3%)
(RDMA_READ_CONSUME_CHECK_CONSUMER) timestamp=1698 ms, used_size=921600 bytes (2.2%)
(RDMA_READ_CONSUME_CHECK_CONSUMER) timestamp=1698 ms, used_size=919552 bytes (2.2%)
(RDMA_READ_CONSUME_CHECK_CONSUMER) timestamp=1698 ms, used_size=917504 bytes (2.2%)
(RDMA_READ_CONSUME_CHECK_CONSUMER) timestamp=1698 ms, used_size=915456 bytes (2.2%)
(RDMA_READ_CONSUME_CHECK_CONSUMER) timestamp=1698 ms, used_size=913408 bytes (2.2%)
(RDMA_READ_CONSUME_CHECK_CONSUMER) timestamp=1698 ms, used_size=911360 bytes (2.2%)
(RDMA_READ_CONSUME_CHECK_CONSUMER) timestamp=1698 ms, used_size=909312 bytes (2.2%)
(RDMA_READ_CONSUME_CHECK_CONSUMER) timestamp=1698 ms, used_size=907264 bytes (2.2%)
(RDMA_READ_CONSUME_CHECK_CONSUMER) timestamp=1698 ms, used_size=905216 bytes (2.2%)
(RDMA_READ_CONSUME_CHECK_CONSUMER) timestamp=1698 ms, used_size=903168 bytes (2.2%)
(RDMA_READ_CONSUME_CHECK_CONSUMER) timestamp=1698 ms, used_size=901120 bytes (2.2%)
(RDMA_READ_CONSUME_CHECK_CONSUMER) timestamp=1698 ms, used_size=899072 bytes (2.2%)
(RDMA_READ_CONSUME_CHECK_CONSUMER) timestamp=1698 ms, used_size=897024 bytes (2.2%)
(RDMA_READ_CONSUME_CHECK_CONSUMER) timestamp=1698 ms, used_size=894976 bytes (2.2%)
(RDMA_READ_CONSUME_CHECK_CONSUMER) timestamp=1698 ms, used_size=892928 bytes (2.2%)
(RDMA_READ_CONSUME_CHECK_CONSUMER) timestamp=1698 ms, used_size=890880 bytes (2.2%)
(RDMA_READ_CONSUME_CHECK_CONSUMER) timestamp=1698 ms, used_size=888832 bytes (2.2%)
(RDMA_READ_CONSUME_CHECK_CONSUMER) timestamp=1698 ms, used_size=886784 bytes (2.2%)
(RDMA_READ_CONSUME_CHECK_CONSUMER) timestamp=1698 ms, used_size=884736 bytes (2.2%)
(RDMA_READ_CONSUME_CHECK_CONSUMER) timestamp=1698 ms, used_size=882688 bytes (2.2%)
(RDMA_READ_CONSUME_CHECK_CONSUMER) timestamp=1698 ms, used_size=880640 bytes (2.1%)
(RDMA_READ_CONSUME_CHECK_CONSUMER) timestamp=1698 ms, used_size=878592 bytes (2.1%)
(RDMA_READ_CONSUME_CHECK_CONSUMER) timestamp=1698 ms, used_size=876544 bytes (2.1%)
(RDMA_READ_CONSUME_CHECK_CONSUMER) timestamp=1698 ms, used_size=874496 bytes (2.1%)
(RDMA_READ_CONSUME_CHECK_CONSUMER) timestamp=1698 ms, used_size=872448 bytes (2.1%)
(RDMA_READ_CONSUME_CHECK_CONSUMER) timestamp=1698 ms, used_size=870400 bytes (2.1%)
(RDMA_READ_CONSUME_CHECK_CONSUMER) timestamp=1698 ms, used_size=868352 bytes (2.1%)
(RDMA_READ_CONSUME_CHECK_CONSUMER) timestamp=1698 ms, used_size=866304 bytes (2.1%)
(RDMA_READ_CONSUME_CHECK_CONSUMER) timestamp=1698 ms, used_size=864256 bytes (2.1%)
(RDMA_READ_CONSUME_CHECK_CONSUMER) timestamp=1698 ms, used_size=862208 bytes (2.1%)
(RDMA_READ_CONSUME_CHECK_CONSUMER) timestamp=1698 ms, used_size=860160 bytes (2.1%)
(RDMA_READ_CONSUME_CHECK_CONSUMER) timestamp=1698 ms, used_size=858112 bytes (2.1%)
(RDMA_READ_CONSUME_CHECK_CONSUMER) timestamp=1698 ms, used_size=856064 bytes (2.1%)
(RDMA_READ_CONSUME_CHECK_CONSUMER) timestamp=1698 ms, used_size=854016 bytes (2.1%)
(RDMA_READ_CONSUME_CHECK_CONSUMER) timestamp=1698 ms, used_size=851968 bytes (2.1%)
(RDMA_READ_CONSUME_CHECK_CONSUMER) timestamp=1698 ms, used_size=849920 bytes (2.1%)
(RDMA_READ_CONSUME_CHECK_CONSUMER) timestamp=1698 ms, used_size=847872 bytes (2.1%)
(RDMA_READ_CONSUME_CHECK_CONSUMER) timestamp=1698 ms, used_size=845824 bytes (2.1%)
(RDMA_READ_CONSUME_CHECK_CONSUMER) timestamp=1698 ms, used_size=843776 bytes (2.1%)
(RDMA_READ_CONSUME_CHECK_CONSUMER) timestamp=1698 ms, used_size=841728 bytes (2.1%)
(RDMA_READ_CONSUME_CHECK_CONSUMER) timestamp=1698 ms, used_size=839680 bytes (2.0%)
(RDMA_READ_CONSUME_CHECK_CONSUMER) timestamp=1698 ms, used_size=837632 bytes (2.0%)
(RDMA_READ_CONSUME_CHECK_CONSUMER) timestamp=1698 ms, used_size=835584 bytes (2.0%)
(RDMA_READ_CONSUME_CHECK_CONSUMER) timestamp=1698 ms, used_size=833536 bytes (2.0%)
(RDMA_READ_CONSUME_CHECK_CONSUMER) timestamp=1698 ms, used_size=831488 bytes (2.0%)
(RDMA_READ_CONSUME_CHECK_CONSUMER) timestamp=1698 ms, used_size=829440 bytes (2.0%)
(RDMA_READ_CONSUME_CHECK_CONSUMER) timestamp=1698 ms, used_size=827392 bytes (2.0%)
(RDMA_READ_CONSUME_CHECK_CONSUMER) timestamp=1698 ms, used_size=825344 bytes (2.0%)
(RDMA_READ_CONSUME_CHECK_CONSUMER) timestamp=1698 ms, used_size=823296 bytes (2.0%)
(RDMA_READ_CONSUME_CHECK_CONSUMER) timestamp=1698 ms, used_size=821248 bytes (2.0%)
(RDMA_READ_CONSUME_CHECK_CONSUMER) timestamp=1698 ms, used_size=819200 bytes (2.0%)
(RDMA_READ_CONSUME_CHECK_CONSUMER) timestamp=1698 ms, used_size=817152 bytes (2.0%)
(RDMA_READ_CONSUME_CHECK_CONSUMER) timestamp=1698 ms, used_size=815104 bytes (2.0%)
(RDMA_READ_CONSUME_CHECK_CONSUMER) timestamp=1698 ms, used_size=813056 bytes (2.0%)
(RDMA_READ_CONSUME_CHECK_CONSUMER) timestamp=1698 ms, used_size=811008 bytes (2.0%)
(RDMA_READ_CONSUME_CHECK_CONSUMER) timestamp=1698 ms, used_size=808960 bytes (2.0%)
(RDMA_READ_CONSUME_CHECK_CONSUMER) timestamp=1698 ms, used_size=806912 bytes (2.0%)
(RDMA_READ_CONSUME_CHECK_CONSUMER) timestamp=1698 ms, used_size=804864 bytes (2.0%)
(RDMA_READ_CONSUME_CHECK_CONSUMER) timestamp=1698 ms, used_size=802816 bytes (2.0%)
(RDMA_READ_CONSUME_CHECK_CONSUMER) timestamp=1698 ms, used_size=800768 bytes (2.0%)
(RDMA_READ_CONSUME_CHECK_CONSUMER) timestamp=1698 ms, used_size=798720 bytes (1.9%)
(RDMA_READ_CONSUME_CHECK_CONSUMER) timestamp=1698 ms, used_size=796672 bytes (1.9%)
(RDMA_READ_CONSUME_CHECK_CONSUMER) timestamp=1698 ms, used_size=794624 bytes (1.9%)
(RDMA_READ_CONSUME_CHECK_CONSUMER) timestamp=1698 ms, used_size=792576 bytes (1.9%)
(RDMA_READ_CONSUME_CHECK_CONSUMER) timestamp=1698 ms, used_size=790528 bytes (1.9%)
(RDMA_READ_CONSUME_CHECK_CONSUMER) timestamp=1698 ms, used_size=788480 bytes (1.9%)
(RDMA_READ_CONSUME_CHECK_CONSUMER) timestamp=1698 ms, used_size=786432 bytes (1.9%)
(RDMA_READ_CONSUME_CHECK_CONSUMER) timestamp=1698 ms, used_size=784384 bytes (1.9%)
(RDMA_READ_CONSUME_CHECK_CONSUMER) timestamp=1698 ms, used_size=782336 bytes (1.9%)
(RDMA_READ_CONSUME_CHECK_CONSUMER) timestamp=1698 ms, used_size=780288 bytes (1.9%)
(RDMA_READ_CONSUME_CHECK_CONSUMER) timestamp=1698 ms, used_size=778240 bytes (1.9%)
(RDMA_READ_CONSUME_CHECK_CONSUMER) timestamp=1698 ms, used_size=776192 bytes (1.9%)
(RDMA_READ_CONSUME_CHECK_CONSUMER) timestamp=1698 ms, used_size=774144 bytes (1.9%)
(RDMA_READ_CONSUME_CHECK_CONSUMER) timestamp=1698 ms, used_size=772096 bytes (1.9%)
(RDMA_READ_CONSUME_CHECK_CONSUMER) timestamp=1698 ms, used_size=770048 bytes (1.9%)
(RDMA_READ_CONSUME_CHECK_CONSUMER) timestamp=1698 ms, used_size=768000 bytes (1.9%)
(RDMA_READ_CONSUME_CHECK_CONSUMER) timestamp=1698 ms, used_size=765952 bytes (1.9%)
(RDMA_READ_CONSUME_CHECK_CONSUMER) timestamp=1698 ms, used_size=763904 bytes (1.9%)
(RDMA_READ_CONSUME_CHECK_CONSUMER) timestamp=1698 ms, used_size=761856 bytes (1.9%)
(RDMA_READ_CONSUME_CHECK_CONSUMER) timestamp=1698 ms, used_size=759808 bytes (1.9%)
(RDMA_READ_CONSUME_CHECK_CONSUMER) timestamp=1698 ms, used_size=757760 bytes (1.9%)
(RDMA_READ_CONSUME_CHECK_CONSUMER) timestamp=1698 ms, used_size=755712 bytes (1.8%)
(RDMA_READ_CONSUME_CHECK_CONSUMER) timestamp=1698 ms, used_size=753664 bytes (1.8%)
(RDMA_READ_CONSUME_CHECK_CONSUMER) timestamp=1698 ms, used_size=751616 bytes (1.8%)
(RDMA_READ_CONSUME_CHECK_CONSUMER) timestamp=1698 ms, used_size=749568 bytes (1.8%)
(RDMA_READ_CONSUME_CHECK_CONSUMER) timestamp=1698 ms, used_size=747520 bytes (1.8%)
(RDMA_READ_CONSUME_CHECK_CONSUMER) timestamp=1698 ms, used_size=745472 bytes (1.8%)
(RDMA_READ_CONSUME_CHECK_CONSUMER) timestamp=1698 ms, used_size=743424 bytes (1.8%)
(RDMA_READ_CONSUME_CHECK_CONSUMER) timestamp=1698 ms, used_size=741376 bytes (1.8%)
(RDMA_READ_CONSUME_CHECK_CONSUMER) timestamp=1698 ms, used_size=739328 bytes (1.8%)
(RDMA_READ_CONSUME_CHECK_CONSUMER) timestamp=1698 ms, used_size=737280 bytes (1.8%)
(RDMA_READ_CONSUME_CHECK_CONSUMER) timestamp=1698 ms, used_size=735232 bytes (1.8%)
(RDMA_READ_CONSUME_CHECK_CONSUMER) timestamp=1698 ms, used_size=733184 bytes (1.8%)
(RDMA_READ_CONSUME_CHECK_CONSUMER) timestamp=1698 ms, used_size=731136 bytes (1.8%)
(RDMA_READ_CONSUME_CHECK_CONSUMER) timestamp=1698 ms, used_size=729088 bytes (1.8%)
(RDMA_READ_CONSUME_CHECK_CONSUMER) timestamp=1698 ms, used_size=727040 bytes (1.8%)
(RDMA_READ_CONSUME_CHECK_CONSUMER) timestamp=1698 ms, used_size=724992 bytes (1.8%)
(RDMA_READ_CONSUME_CHECK_CONSUMER) timestamp=1698 ms, used_size=722944 bytes (1.8%)
(RDMA_READ_CONSUME_CHECK_CONSUMER) timestamp=1698 ms, used_size=720896 bytes (1.8%)
(RDMA_READ_CONSUME_CHECK_CONSUMER) timestamp=1698 ms, used_size=718848 bytes (1.8%)
(RDMA_READ_CONSUME_CHECK_CONSUMER) timestamp=1698 ms, used_size=716800 bytes (1.8%)
(RDMA_READ_CONSUME_CHECK_CONSUMER) timestamp=1698 ms, used_size=714752 bytes (1.7%)
(RDMA_READ_CONSUME_CHECK_CONSUMER) timestamp=1698 ms, used_size=712704 bytes (1.7%)
(RDMA_READ_CONSUME_CHECK_CONSUMER) timestamp=1698 ms, used_size=710656 bytes (1.7%)
(RDMA_READ_CONSUME_CHECK_CONSUMER) timestamp=1698 ms, used_size=708608 bytes (1.7%)
(RDMA_READ_CONSUME_CHECK_CONSUMER) timestamp=1698 ms, used_size=706560 bytes (1.7%)
(RDMA_READ_CONSUME_CHECK_CONSUMER) timestamp=1698 ms, used_size=704512 bytes (1.7%)
(RDMA_READ_CONSUME_CHECK_CONSUMER) timestamp=1698 ms, used_size=702464 bytes (1.7%)
(RDMA_READ_CONSUME_CHECK_CONSUMER) timestamp=1698 ms, used_size=700416 bytes (1.7%)
(RDMA_READ_CONSUME_CHECK_CONSUMER) timestamp=1698 ms, used_size=698368 bytes (1.7%)
(RDMA_READ_CONSUME_CHECK_CONSUMER) timestamp=1698 ms, used_size=696320 bytes (1.7%)
(RDMA_READ_CONSUME_CHECK_CONSUMER) timestamp=1698 ms, used_size=694272 bytes (1.7%)
(RDMA_READ_CONSUME_CHECK_CONSUMER) timestamp=1698 ms, used_size=692224 bytes (1.7%)
(RDMA_READ_CONSUME_CHECK_CONSUMER) timestamp=1698 ms, used_size=690176 bytes (1.7%)
(RDMA_READ_CONSUME_CHECK_CONSUMER) timestamp=1698 ms, used_size=688128 bytes (1.7%)
(RDMA_READ_CONSUME_CHECK_CONSUMER) timestamp=1698 ms, used_size=686080 bytes (1.7%)
(RDMA_READ_CONSUME_CHECK_CONSUMER) timestamp=1698 ms, used_size=684032 bytes (1.7%)
(RDMA_READ_CONSUME_CHECK_CONSUMER) timestamp=1698 ms, used_size=681984 bytes (1.7%)
(RDMA_READ_CONSUME_CHECK_CONSUMER) timestamp=1698 ms, used_size=679936 bytes (1.7%)
(RDMA_READ_CONSUME_CHECK_CONSUMER) timestamp=1698 ms, used_size=677888 bytes (1.7%)
(RDMA_READ_CONSUME_CHECK_CONSUMER) timestamp=1698 ms, used_size=675840 bytes (1.6%)
(RDMA_READ_CONSUME_CHECK_CONSUMER) timestamp=1698 ms, used_size=673792 bytes (1.6%)
(RDMA_READ_CONSUME_CHECK_CONSUMER) timestamp=1698 ms, used_size=671744 bytes (1.6%)
(RDMA_READ_CONSUME_CHECK_CONSUMER) timestamp=1698 ms, used_size=669696 bytes (1.6%)
(RDMA_READ_CONSUME_CHECK_CONSUMER) timestamp=1698 ms, used_size=667648 bytes (1.6%)
(RDMA_READ_CONSUME_CHECK_CONSUMER) timestamp=1698 ms, used_size=665600 bytes (1.6%)
(RDMA_READ_CONSUME_CHECK_CONSUMER) timestamp=1698 ms, used_size=663552 bytes (1.6%)
(RDMA_READ_CONSUME_CHECK_CONSUMER) timestamp=1698 ms, used_size=661504 bytes (1.6%)
(RDMA_READ_CONSUME_CHECK_CONSUMER) timestamp=1698 ms, used_size=659456 bytes (1.6%)
(RDMA_READ_CONSUME_CHECK_CONSUMER) timestamp=1698 ms, used_size=657408 bytes (1.6%)
(RDMA_READ_CONSUME_CHECK_CONSUMER) timestamp=1698 ms, used_size=655360 bytes (1.6%)
(RDMA_READ_CONSUME_CHECK_CONSUMER) timestamp=1698 ms, used_size=653312 bytes (1.6%)
(RDMA_READ_CONSUME_CHECK_CONSUMER) timestamp=1698 ms, used_size=651264 bytes (1.6%)
(RDMA_READ_CONSUME_CHECK_CONSUMER) timestamp=1698 ms, used_size=649216 bytes (1.6%)
(RDMA_READ_CONSUME_CHECK_CONSUMER) timestamp=1698 ms, used_size=647168 bytes (1.6%)
(RDMA_READ_CONSUME_CHECK_CONSUMER) timestamp=1698 ms, used_size=645120 bytes (1.6%)
(RDMA_READ_CONSUME_CHECK_CONSUMER) timestamp=1698 ms, used_size=643072 bytes (1.6%)
(RDMA_READ_CONSUME_CHECK_CONSUMER) timestamp=1698 ms, used_size=641024 bytes (1.6%)
(RDMA_READ_CONSUME_CHECK_CONSUMER) timestamp=1698 ms, used_size=638976 bytes (1.6%)
(RDMA_READ_CONSUME_CHECK_CONSUMER) timestamp=1698 ms, used_size=636928 bytes (1.6%)
(RDMA_READ_CONSUME_CHECK_CONSUMER) timestamp=1698 ms, used_size=634880 bytes (1.6%)
(RDMA_READ_CONSUME_CHECK_CONSUMER) timestamp=1698 ms, used_size=632832 bytes (1.5%)
(RDMA_READ_CONSUME_CHECK_CONSUMER) timestamp=1698 ms, used_size=630784 bytes (1.5%)
(RDMA_READ_CONSUME_CHECK_CONSUMER) timestamp=1698 ms, used_size=628736 bytes (1.5%)
(RDMA_READ_CONSUME_CHECK_CONSUMER) timestamp=1698 ms, used_size=626688 bytes (1.5%)
(RDMA_READ_CONSUME_CHECK_CONSUMER) timestamp=1698 ms, used_size=624640 bytes (1.5%)
(RDMA_READ_CONSUME_CHECK_CONSUMER) timestamp=1698 ms, used_size=622592 bytes (1.5%)
(RDMA_READ_CONSUME_CHECK_CONSUMER) timestamp=1698 ms, used_size=620544 bytes (1.5%)
(RDMA_READ_CONSUME_CHECK_CONSUMER) timestamp=1698 ms, used_size=618496 bytes (1.5%)
(RDMA_READ_CONSUME_CHECK_CONSUMER) timestamp=1698 ms, used_size=616448 bytes (1.5%)
(RDMA_READ_CONSUME_CHECK_CONSUMER) timestamp=1698 ms, used_size=614400 bytes (1.5%)
(RDMA_READ_CONSUME_CHECK_CONSUMER) timestamp=1698 ms, used_size=612352 bytes (1.5%)
(RDMA_READ_CONSUME_CHECK_CONSUMER) timestamp=1698 ms, used_size=610304 bytes (1.5%)
(RDMA_READ_CONSUME_CHECK_CONSUMER) timestamp=1698 ms, used_size=608256 bytes (1.5%)
(RDMA_READ_CONSUME_CHECK_CONSUMER) timestamp=1698 ms, used_size=606208 bytes (1.5%)
(RDMA_READ_CONSUME_CHECK_CONSUMER) timestamp=1698 ms, used_size=604160 bytes (1.5%)
(RDMA_READ_CONSUME_CHECK_CONSUMER) timestamp=1698 ms, used_size=602112 bytes (1.5%)
(RDMA_READ_CONSUME_CHECK_CONSUMER) timestamp=1698 ms, used_size=600064 bytes (1.5%)
(RDMA_READ_CONSUME_CHECK_CONSUMER) timestamp=1698 ms, used_size=598016 bytes (1.5%)
(RDMA_READ_CONSUME_CHECK_CONSUMER) timestamp=1698 ms, used_size=595968 bytes (1.5%)
(RDMA_READ_CONSUME_CHECK_CONSUMER) timestamp=1698 ms, used_size=593920 bytes (1.4%)
(RDMA_READ_CONSUME_CHECK_CONSUMER) timestamp=1698 ms, used_size=591872 bytes (1.4%)
(RDMA_READ_CONSUME_CHECK_CONSUMER) timestamp=1698 ms, used_size=589824 bytes (1.4%)
(RDMA_READ_CONSUME_CHECK_CONSUMER) timestamp=1698 ms, used_size=587776 bytes (1.4%)
(RDMA_READ_CONSUME_CHECK_CONSUMER) timestamp=1698 ms, used_size=585728 bytes (1.4%)
(RDMA_READ_CONSUME_CHECK_CONSUMER) timestamp=1698 ms, used_size=583680 bytes (1.4%)
(RDMA_READ_CONSUME_CHECK_CONSUMER) timestamp=1698 ms, used_size=581632 bytes (1.4%)
(RDMA_READ_CONSUME_CHECK_CONSUMER) timestamp=1698 ms, used_size=579584 bytes (1.4%)
(RDMA_READ_CONSUME_CHECK_CONSUMER) timestamp=1698 ms, used_size=577536 bytes (1.4%)
(RDMA_READ_CONSUME_CHECK_CONSUMER) timestamp=1698 ms, used_size=575488 bytes (1.4%)
(RDMA_READ_CONSUME_CHECK_CONSUMER) timestamp=1698 ms, used_size=573440 bytes (1.4%)
(RDMA_READ_CONSUME_CHECK_CONSUMER) timestamp=1698 ms, used_size=571392 bytes (1.4%)
(RDMA_READ_CONSUME_CHECK_CONSUMER) timestamp=1698 ms, used_size=569344 bytes (1.4%)
(RDMA_READ_CONSUME_CHECK_CONSUMER) timestamp=1698 ms, used_size=567296 bytes (1.4%)
(RDMA_READ_CONSUME_CHECK_CONSUMER) timestamp=1698 ms, used_size=565248 bytes (1.4%)
(RDMA_READ_CONSUME_CHECK_CONSUMER) timestamp=1699 ms, used_size=563200 bytes (1.4%)
(RDMA_READ_CONSUME_CHECK_CONSUMER) timestamp=1699 ms, used_size=561152 bytes (1.4%)
(RDMA_READ_CONSUME_CHECK_CONSUMER) timestamp=1699 ms, used_size=559104 bytes (1.4%)
(RDMA_READ_CONSUME_CHECK_CONSUMER) timestamp=1699 ms, used_size=557056 bytes (1.4%)
(RDMA_READ_CONSUME_CHECK_CONSUMER) timestamp=1699 ms, used_size=555008 bytes (1.4%)
(RDMA_READ_CONSUME_CHECK_CONSUMER) timestamp=1699 ms, used_size=552960 bytes (1.4%)
(RDMA_READ_CONSUME_CHECK_CONSUMER) timestamp=1699 ms, used_size=550912 bytes (1.3%)
(RDMA_READ_CONSUME_CHECK_CONSUMER) timestamp=1699 ms, used_size=548864 bytes (1.3%)
(RDMA_READ_CONSUME_CHECK_CONSUMER) timestamp=1699 ms, used_size=546816 bytes (1.3%)
(RDMA_READ_CONSUME_CHECK_CONSUMER) timestamp=1699 ms, used_size=544768 bytes (1.3%)
(RDMA_READ_CONSUME_CHECK_CONSUMER) timestamp=1699 ms, used_size=542720 bytes (1.3%)
(RDMA_READ_CONSUME_CHECK_CONSUMER) timestamp=1699 ms, used_size=540672 bytes (1.3%)
(RDMA_READ_CONSUME_CHECK_CONSUMER) timestamp=1699 ms, used_size=538624 bytes (1.3%)
(RDMA_READ_CONSUME_CHECK_CONSUMER) timestamp=1699 ms, used_size=536576 bytes (1.3%)
(RDMA_READ_CONSUME_CHECK_CONSUMER) timestamp=1699 ms, used_size=534528 bytes (1.3%)
(RDMA_READ_CONSUME_CHECK_CONSUMER) timestamp=1699 ms, used_size=532480 bytes (1.3%)
(RDMA_READ_CONSUME_CHECK_CONSUMER) timestamp=1699 ms, used_size=530432 bytes (1.3%)
(RDMA_READ_CONSUME_CHECK_CONSUMER) timestamp=1699 ms, used_size=528384 bytes (1.3%)
(RDMA_READ_CONSUME_CHECK_CONSUMER) timestamp=1699 ms, used_size=526336 bytes (1.3%)
(RDMA_READ_CONSUME_CHECK_CONSUMER) timestamp=1699 ms, used_size=524288 bytes (1.3%)
(RDMA_READ_CONSUME_CHECK_CONSUMER) timestamp=1699 ms, used_size=522240 bytes (1.3%)
(RDMA_READ_CONSUME_CHECK_CONSUMER) timestamp=1699 ms, used_size=520192 bytes (1.3%)
(RDMA_READ_CONSUME_CHECK_CONSUMER) timestamp=1699 ms, used_size=518144 bytes (1.3%)
(RDMA_READ_CONSUME_CHECK_CONSUMER) timestamp=1699 ms, used_size=516096 bytes (1.3%)
(RDMA_READ_CONSUME_CHECK_CONSUMER) timestamp=1699 ms, used_size=514048 bytes (1.3%)
(RDMA_READ_CONSUME_CHECK_CONSUMER) timestamp=1699 ms, used_size=512000 bytes (1.2%)
(RDMA_READ_CONSUME_CHECK_CONSUMER) timestamp=1699 ms, used_size=509952 bytes (1.2%)
(RDMA_READ_CONSUME_CHECK_CONSUMER) timestamp=1699 ms, used_size=507904 bytes (1.2%)
(RDMA_READ_CONSUME_CHECK_CONSUMER) timestamp=1699 ms, used_size=505856 bytes (1.2%)
(RDMA_READ_CONSUME_CHECK_CONSUMER) timestamp=1699 ms, used_size=503808 bytes (1.2%)
(RDMA_READ_CONSUME_CHECK_CONSUMER) timestamp=1699 ms, used_size=501760 bytes (1.2%)
(RDMA_READ_CONSUME_CHECK_CONSUMER) timestamp=1699 ms, used_size=499712 bytes (1.2%)
(RDMA_READ_CONSUME_CHECK_CONSUMER) timestamp=1699 ms, used_size=497664 bytes (1.2%)
(RDMA_READ_CONSUME_CHECK_CONSUMER) timestamp=1699 ms, used_size=495616 bytes (1.2%)
(RDMA_READ_CONSUME_CHECK_CONSUMER) timestamp=1699 ms, used_size=493568 bytes (1.2%)
(RDMA_READ_CONSUME_CHECK_CONSUMER) timestamp=1699 ms, used_size=491520 bytes (1.2%)
(RDMA_READ_CONSUME_CHECK_CONSUMER) timestamp=1699 ms, used_size=489472 bytes (1.2%)
(RDMA_READ_CONSUME_CHECK_CONSUMER) timestamp=1699 ms, used_size=487424 bytes (1.2%)
(RDMA_READ_CONSUME_CHECK_CONSUMER) timestamp=1699 ms, used_size=485376 bytes (1.2%)
(RDMA_READ_CONSUME_CHECK_CONSUMER) timestamp=1699 ms, used_size=483328 bytes (1.2%)
(RDMA_READ_CONSUME_CHECK_CONSUMER) timestamp=1699 ms, used_size=481280 bytes (1.2%)
(RDMA_READ_CONSUME_CHECK_CONSUMER) timestamp=1699 ms, used_size=479232 bytes (1.2%)
(RDMA_READ_CONSUME_CHECK_CONSUMER) timestamp=1699 ms, used_size=477184 bytes (1.2%)
(RDMA_READ_CONSUME_CHECK_CONSUMER) timestamp=1699 ms, used_size=475136 bytes (1.2%)
(RDMA_READ_CONSUME_CHECK_CONSUMER) timestamp=1699 ms, used_size=473088 bytes (1.2%)
(RDMA_READ_CONSUME_CHECK_CONSUMER) timestamp=1699 ms, used_size=471040 bytes (1.1%)
(RDMA_READ_CONSUME_CHECK_CONSUMER) timestamp=1699 ms, used_size=468992 bytes (1.1%)
(RDMA_READ_CONSUME_CHECK_CONSUMER) timestamp=1699 ms, used_size=466944 bytes (1.1%)
(RDMA_READ_CONSUME_CHECK_CONSUMER) timestamp=1699 ms, used_size=464896 bytes (1.1%)
(RDMA_READ_CONSUME_CHECK_CONSUMER) timestamp=1699 ms, used_size=462848 bytes (1.1%)
(RDMA_READ_CONSUME_CHECK_CONSUMER) timestamp=1699 ms, used_size=460800 bytes (1.1%)
(RDMA_READ_CONSUME_CHECK_CONSUMER) timestamp=1699 ms, used_size=458752 bytes (1.1%)
(RDMA_READ_CONSUME_CHECK_CONSUMER) timestamp=1699 ms, used_size=456704 bytes (1.1%)
(RDMA_READ_CONSUME_CHECK_CONSUMER) timestamp=1699 ms, used_size=454656 bytes (1.1%)
(RDMA_READ_CONSUME_CHECK_CONSUMER) timestamp=1699 ms, used_size=452608 bytes (1.1%)
(RDMA_READ_CONSUME_CHECK_CONSUMER) timestamp=1699 ms, used_size=450560 bytes (1.1%)
(RDMA_READ_CONSUME_CHECK_CONSUMER) timestamp=1699 ms, used_size=448512 bytes (1.1%)
(RDMA_READ_CONSUME_CHECK_CONSUMER) timestamp=1699 ms, used_size=446464 bytes (1.1%)
(RDMA_READ_CONSUME_CHECK_CONSUMER) timestamp=1699 ms, used_size=444416 bytes (1.1%)
(RDMA_READ_CONSUME_CHECK_CONSUMER) timestamp=1699 ms, used_size=442368 bytes (1.1%)
(RDMA_READ_CONSUME_CHECK_CONSUMER) timestamp=1699 ms, used_size=440320 bytes (1.1%)
(RDMA_READ_CONSUME_CHECK_CONSUMER) timestamp=1699 ms, used_size=438272 bytes (1.1%)
(RDMA_READ_CONSUME_CHECK_CONSUMER) timestamp=1699 ms, used_size=436224 bytes (1.1%)
(RDMA_READ_CONSUME_CHECK_CONSUMER) timestamp=1699 ms, used_size=434176 bytes (1.1%)
(RDMA_READ_CONSUME_CHECK_CONSUMER) timestamp=1699 ms, used_size=432128 bytes (1.1%)
(RDMA_READ_CONSUME_CHECK_CONSUMER) timestamp=1699 ms, used_size=430080 bytes (1.1%)
(RDMA_READ_CONSUME_CHECK_CONSUMER) timestamp=1699 ms, used_size=428032 bytes (1.0%)
(RDMA_READ_CONSUME_CHECK_CONSUMER) timestamp=1699 ms, used_size=425984 bytes (1.0%)
(RDMA_READ_CONSUME_CHECK_CONSUMER) timestamp=1699 ms, used_size=423936 bytes (1.0%)
(RDMA_READ_CONSUME_CHECK_CONSUMER) timestamp=1699 ms, used_size=421888 bytes (1.0%)
(RDMA_READ_CONSUME_CHECK_CONSUMER) timestamp=1699 ms, used_size=419840 bytes (1.0%)
(RDMA_READ_CONSUME_CHECK_CONSUMER) timestamp=1699 ms, used_size=417792 bytes (1.0%)
(RDMA_READ_CONSUME_CHECK_CONSUMER) timestamp=1699 ms, used_size=415744 bytes (1.0%)
(RDMA_READ_CONSUME_CHECK_CONSUMER) timestamp=1699 ms, used_size=413696 bytes (1.0%)
(RDMA_READ_CONSUME_CHECK_CONSUMER) timestamp=1699 ms, used_size=411648 bytes (1.0%)
(RDMA_READ_CONSUME_CHECK_CONSUMER) timestamp=1699 ms, used_size=409600 bytes (1.0%)
(RDMA_READ_CONSUME_CHECK_CONSUMER) timestamp=1699 ms, used_size=407552 bytes (1.0%)
(RDMA_READ_CONSUME_CHECK_CONSUMER) timestamp=1699 ms, used_size=405504 bytes (1.0%)
(RDMA_READ_CONSUME_CHECK_CONSUMER) timestamp=1699 ms, used_size=403456 bytes (1.0%)
(RDMA_READ_CONSUME_CHECK_CONSUMER) timestamp=1699 ms, used_size=401408 bytes (1.0%)
(RDMA_READ_CONSUME_CHECK_CONSUMER) timestamp=1699 ms, used_size=399360 bytes (1.0%)
(RDMA_READ_CONSUME_CHECK_CONSUMER) timestamp=1699 ms, used_size=397312 bytes (1.0%)
(RDMA_READ_CONSUME_CHECK_CONSUMER) timestamp=1699 ms, used_size=395264 bytes (1.0%)
(RDMA_READ_CONSUME_CHECK_CONSUMER) timestamp=1699 ms, used_size=393216 bytes (1.0%)
(RDMA_READ_CONSUME_CHECK_CONSUMER) timestamp=1699 ms, used_size=391168 bytes (1.0%)
(RDMA_READ_CONSUME_CHECK_CONSUMER) timestamp=1699 ms, used_size=389120 bytes (0.9%)
(RDMA_READ_CONSUME_CHECK_CONSUMER) timestamp=1699 ms, used_size=387072 bytes (0.9%)
(RDMA_READ_CONSUME_CHECK_CONSUMER) timestamp=1699 ms, used_size=385024 bytes (0.9%)
(RDMA_READ_CONSUME_CHECK_CONSUMER) timestamp=1699 ms, used_size=382976 bytes (0.9%)
(RDMA_READ_CONSUME_CHECK_CONSUMER) timestamp=1699 ms, used_size=380928 bytes (0.9%)
(RDMA_READ_CONSUME_CHECK_CONSUMER) timestamp=1699 ms, used_size=378880 bytes (0.9%)
(RDMA_READ_CONSUME_CHECK_CONSUMER) timestamp=1699 ms, used_size=376832 bytes (0.9%)
(RDMA_READ_CONSUME_CHECK_CONSUMER) timestamp=1699 ms, used_size=374784 bytes (0.9%)
(RDMA_READ_CONSUME_CHECK_CONSUMER) timestamp=1699 ms, used_size=372736 bytes (0.9%)
(RDMA_READ_CONSUME_CHECK_CONSUMER) timestamp=1699 ms, used_size=370688 bytes (0.9%)
(RDMA_READ_CONSUME_CHECK_CONSUMER) timestamp=1699 ms, used_size=368640 bytes (0.9%)
(RDMA_READ_CONSUME_CHECK_CONSUMER) timestamp=1699 ms, used_size=366592 bytes (0.9%)
(RDMA_READ_CONSUME_CHECK_CONSUMER) timestamp=1699 ms, used_size=364544 bytes (0.9%)
(RDMA_READ_CONSUME_CHECK_CONSUMER) timestamp=1699 ms, used_size=362496 bytes (0.9%)
(RDMA_READ_CONSUME_CHECK_CONSUMER) timestamp=1699 ms, used_size=360448 bytes (0.9%)
(RDMA_READ_CONSUME_CHECK_CONSUMER) timestamp=1699 ms, used_size=358400 bytes (0.9%)
(RDMA_READ_CONSUME_CHECK_CONSUMER) timestamp=1699 ms, used_size=356352 bytes (0.9%)
(RDMA_READ_CONSUME_CHECK_CONSUMER) timestamp=1699 ms, used_size=354304 bytes (0.9%)
(RDMA_READ_CONSUME_CHECK_CONSUMER) timestamp=1699 ms, used_size=352256 bytes (0.9%)
(RDMA_READ_CONSUME_CHECK_CONSUMER) timestamp=1699 ms, used_size=350208 bytes (0.9%)
(RDMA_READ_CONSUME_CHECK_CONSUMER) timestamp=1699 ms, used_size=348160 bytes (0.8%)
(RDMA_READ_CONSUME_CHECK_CONSUMER) timestamp=1699 ms, used_size=346112 bytes (0.8%)
(RDMA_READ_CONSUME_CHECK_CONSUMER) timestamp=1699 ms, used_size=344064 bytes (0.8%)
(RDMA_READ_CONSUME_CHECK_CONSUMER) timestamp=1699 ms, used_size=342016 bytes (0.8%)
(RDMA_READ_CONSUME_CHECK_CONSUMER) timestamp=1699 ms, used_size=339968 bytes (0.8%)
(RDMA_READ_CONSUME_CHECK_CONSUMER) timestamp=1699 ms, used_size=337920 bytes (0.8%)
(RDMA_READ_CONSUME_CHECK_CONSUMER) timestamp=1699 ms, used_size=335872 bytes (0.8%)
(RDMA_READ_CONSUME_CHECK_CONSUMER) timestamp=1699 ms, used_size=333824 bytes (0.8%)
(RDMA_READ_CONSUME_CHECK_CONSUMER) timestamp=1699 ms, used_size=331776 bytes (0.8%)
(RDMA_READ_CONSUME_CHECK_CONSUMER) timestamp=1699 ms, used_size=329728 bytes (0.8%)
(RDMA_READ_CONSUME_CHECK_CONSUMER) timestamp=1699 ms, used_size=327680 bytes (0.8%)
(RDMA_READ_CONSUME_CHECK_CONSUMER) timestamp=1699 ms, used_size=325632 bytes (0.8%)
(RDMA_READ_CONSUME_CHECK_CONSUMER) timestamp=1699 ms, used_size=323584 bytes (0.8%)
(RDMA_READ_CONSUME_CHECK_CONSUMER) timestamp=1699 ms, used_size=321536 bytes (0.8%)
(RDMA_READ_CONSUME_CHECK_CONSUMER) timestamp=1699 ms, used_size=319488 bytes (0.8%)
(RDMA_READ_CONSUME_CHECK_CONSUMER) timestamp=1699 ms, used_size=317440 bytes (0.8%)
(RDMA_READ_CONSUME_CHECK_CONSUMER) timestamp=1699 ms, used_size=315392 bytes (0.8%)
(RDMA_READ_CONSUME_CHECK_CONSUMER) timestamp=1699 ms, used_size=313344 bytes (0.8%)
(RDMA_READ_CONSUME_CHECK_CONSUMER) timestamp=1699 ms, used_size=311296 bytes (0.8%)
(RDMA_READ_CONSUME_CHECK_CONSUMER) timestamp=1699 ms, used_size=309248 bytes (0.8%)
(RDMA_READ_CONSUME_CHECK_CONSUMER) timestamp=1699 ms, used_size=307200 bytes (0.8%)
(RDMA_READ_CONSUME_CHECK_CONSUMER) timestamp=1699 ms, used_size=305152 bytes (0.7%)
(RDMA_READ_CONSUME_CHECK_CONSUMER) timestamp=1699 ms, used_size=303104 bytes (0.7%)
(RDMA_READ_CONSUME_CHECK_CONSUMER) timestamp=1699 ms, used_size=301056 bytes (0.7%)
(RDMA_READ_CONSUME_CHECK_CONSUMER) timestamp=1699 ms, used_size=299008 bytes (0.7%)
(RDMA_READ_CONSUME_CHECK_CONSUMER) timestamp=1699 ms, used_size=296960 bytes (0.7%)
(RDMA_READ_CONSUME_CHECK_CONSUMER) timestamp=1699 ms, used_size=294912 bytes (0.7%)
(RDMA_READ_CONSUME_CHECK_CONSUMER) timestamp=1699 ms, used_size=292864 bytes (0.7%)
(RDMA_READ_CONSUME_CHECK_CONSUMER) timestamp=1699 ms, used_size=290816 bytes (0.7%)
(RDMA_READ_CONSUME_CHECK_CONSUMER) timestamp=1699 ms, used_size=288768 bytes (0.7%)
(RDMA_READ_CONSUME_CHECK_CONSUMER) timestamp=1699 ms, used_size=286720 bytes (0.7%)
(RDMA_READ_CONSUME_CHECK_CONSUMER) timestamp=1699 ms, used_size=284672 bytes (0.7%)
(RDMA_READ_CONSUME_CHECK_CONSUMER) timestamp=1699 ms, used_size=282624 bytes (0.7%)
(RDMA_READ_CONSUME_CHECK_CONSUMER) timestamp=1699 ms, used_size=280576 bytes (0.7%)
(RDMA_READ_CONSUME_CHECK_CONSUMER) timestamp=1699 ms, used_size=278528 bytes (0.7%)
(RDMA_READ_CONSUME_CHECK_CONSUMER) timestamp=1699 ms, used_size=276480 bytes (0.7%)
(RDMA_READ_CONSUME_CHECK_CONSUMER) timestamp=1699 ms, used_size=274432 bytes (0.7%)
(RDMA_READ_CONSUME_CHECK_CONSUMER) timestamp=1699 ms, used_size=272384 bytes (0.7%)
(RDMA_READ_CONSUME_CHECK_CONSUMER) timestamp=1699 ms, used_size=270336 bytes (0.7%)
(RDMA_READ_CONSUME_CHECK_CONSUMER) timestamp=1699 ms, used_size=268288 bytes (0.7%)
(RDMA_READ_CONSUME_CHECK_CONSUMER) timestamp=1699 ms, used_size=266240 bytes (0.7%)
(RDMA_READ_CONSUME_CHECK_CONSUMER) timestamp=1699 ms, used_size=264192 bytes (0.6%)
(RDMA_READ_CONSUME_CHECK_CONSUMER) timestamp=1699 ms, used_size=262144 bytes (0.6%)
(RDMA_READ_CONSUME_CHECK_CONSUMER) timestamp=1699 ms, used_size=260096 bytes (0.6%)
(RDMA_READ_CONSUME_CHECK_CONSUMER) timestamp=1699 ms, used_size=258048 bytes (0.6%)
(RDMA_READ_CONSUME_CHECK_CONSUMER) timestamp=1699 ms, used_size=256000 bytes (0.6%)
(RDMA_READ_CONSUME_CHECK_CONSUMER) timestamp=1699 ms, used_size=253952 bytes (0.6%)
(RDMA_READ_CONSUME_CHECK_CONSUMER) timestamp=1699 ms, used_size=251904 bytes (0.6%)
(RDMA_READ_CONSUME_CHECK_CONSUMER) timestamp=1699 ms, used_size=249856 bytes (0.6%)
(RDMA_READ_CONSUME_CHECK_CONSUMER) timestamp=1699 ms, used_size=247808 bytes (0.6%)
(RDMA_READ_CONSUME_CHECK_CONSUMER) timestamp=1699 ms, used_size=245760 bytes (0.6%)
(RDMA_READ_CONSUME_CHECK_CONSUMER) timestamp=1699 ms, used_size=243712 bytes (0.6%)
(RDMA_READ_CONSUME_CHECK_CONSUMER) timestamp=1699 ms, used_size=241664 bytes (0.6%)
(RDMA_READ_CONSUME_CHECK_CONSUMER) timestamp=1699 ms, used_size=239616 bytes (0.6%)
(RDMA_READ_CONSUME_CHECK_CONSUMER) timestamp=1699 ms, used_size=237568 bytes (0.6%)
(RDMA_READ_CONSUME_CHECK_CONSUMER) timestamp=1699 ms, used_size=235520 bytes (0.6%)
(RDMA_READ_CONSUME_CHECK_CONSUMER) timestamp=1699 ms, used_size=233472 bytes (0.6%)
(RDMA_READ_CONSUME_CHECK_CONSUMER) timestamp=1699 ms, used_size=231424 bytes (0.6%)
(RDMA_READ_CONSUME_CHECK_CONSUMER) timestamp=1699 ms, used_size=229376 bytes (0.6%)
(RDMA_READ_CONSUME_CHECK_CONSUMER) timestamp=1699 ms, used_size=227328 bytes (0.6%)
(RDMA_READ_CONSUME_CHECK_CONSUMER) timestamp=1699 ms, used_size=225280 bytes (0.6%)
(RDMA_READ_CONSUME_CHECK_CONSUMER) timestamp=1699 ms, used_size=223232 bytes (0.5%)
(RDMA_READ_CONSUME_CHECK_CONSUMER) timestamp=1699 ms, used_size=221184 bytes (0.5%)
(RDMA_READ_CONSUME_CHECK_CONSUMER) timestamp=1699 ms, used_size=219136 bytes (0.5%)
(RDMA_READ_CONSUME_CHECK_CONSUMER) timestamp=1699 ms, used_size=217088 bytes (0.5%)
(RDMA_READ_CONSUME_CHECK_CONSUMER) timestamp=1699 ms, used_size=215040 bytes (0.5%)
(RDMA_READ_CONSUME_CHECK_CONSUMER) timestamp=1699 ms, used_size=212992 bytes (0.5%)
(RDMA_READ_CONSUME_CHECK_CONSUMER) timestamp=1699 ms, used_size=210944 bytes (0.5%)
(RDMA_READ_CONSUME_CHECK_CONSUMER) timestamp=1699 ms, used_size=208896 bytes (0.5%)
(RDMA_READ_CONSUME_CHECK_CONSUMER) timestamp=1699 ms, used_size=206848 bytes (0.5%)
(RDMA_READ_CONSUME_CHECK_CONSUMER) timestamp=1699 ms, used_size=204800 bytes (0.5%)
(RDMA_READ_CONSUME_CHECK_CONSUMER) timestamp=1699 ms, used_size=202752 bytes (0.5%)
(RDMA_READ_CONSUME_CHECK_CONSUMER) timestamp=1699 ms, used_size=200704 bytes (0.5%)
(RDMA_READ_CONSUME_CHECK_CONSUMER) timestamp=1699 ms, used_size=198656 bytes (0.5%)
(RDMA_READ_CONSUME_CHECK_CONSUMER) timestamp=1699 ms, used_size=196608 bytes (0.5%)
(RDMA_READ_CONSUME_CHECK_CONSUMER) timestamp=1699 ms, used_size=194560 bytes (0.5%)
(RDMA_READ_CONSUME_CHECK_CONSUMER) timestamp=1699 ms, used_size=192512 bytes (0.5%)
(RDMA_READ_CONSUME_CHECK_CONSUMER) timestamp=1700 ms, used_size=190464 bytes (0.5%)
(RDMA_READ_CONSUME_CHECK_CONSUMER) timestamp=1700 ms, used_size=188416 bytes (0.5%)
(RDMA_READ_CONSUME_CHECK_CONSUMER) timestamp=1700 ms, used_size=186368 bytes (0.5%)
(RDMA_READ_CONSUME_CHECK_CONSUMER) timestamp=1700 ms, used_size=184320 bytes (0.5%)
(RDMA_READ_CONSUME_CHECK_CONSUMER) timestamp=1700 ms, used_size=182272 bytes (0.4%)
(RDMA_READ_CONSUME_CHECK_CONSUMER) timestamp=1700 ms, used_size=180224 bytes (0.4%)
(RDMA_READ_CONSUME_CHECK_CONSUMER) timestamp=1700 ms, used_size=178176 bytes (0.4%)
(RDMA_READ_CONSUME_CHECK_CONSUMER) timestamp=1700 ms, used_size=176128 bytes (0.4%)
(RDMA_READ_CONSUME_CHECK_CONSUMER) timestamp=1700 ms, used_size=174080 bytes (0.4%)
(RDMA_READ_CONSUME_CHECK_CONSUMER) timestamp=1700 ms, used_size=172032 bytes (0.4%)
(RDMA_READ_CONSUME_CHECK_CONSUMER) timestamp=1700 ms, used_size=169984 bytes (0.4%)
(RDMA_READ_CONSUME_CHECK_CONSUMER) timestamp=1700 ms, used_size=167936 bytes (0.4%)
(RDMA_READ_CONSUME_CHECK_CONSUMER) timestamp=1700 ms, used_size=165888 bytes (0.4%)
(RDMA_READ_CONSUME_CHECK_CONSUMER) timestamp=1700 ms, used_size=163840 bytes (0.4%)
(RDMA_READ_CONSUME_CHECK_CONSUMER) timestamp=1700 ms, used_size=161792 bytes (0.4%)
(RDMA_READ_CONSUME_CHECK_CONSUMER) timestamp=1700 ms, used_size=159744 bytes (0.4%)
(RDMA_READ_CONSUME_CHECK_CONSUMER) timestamp=1700 ms, used_size=157696 bytes (0.4%)
(RDMA_READ_CONSUME_CHECK_CONSUMER) timestamp=1700 ms, used_size=155648 bytes (0.4%)
(RDMA_READ_CONSUME_CHECK_CONSUMER) timestamp=1700 ms, used_size=153600 bytes (0.4%)
(RDMA_READ_CONSUME_CHECK_CONSUMER) timestamp=1700 ms, used_size=151552 bytes (0.4%)
(RDMA_READ_CONSUME_CHECK_CONSUMER) timestamp=1700 ms, used_size=149504 bytes (0.4%)
(RDMA_READ_CONSUME_CHECK_CONSUMER) timestamp=1700 ms, used_size=147456 bytes (0.4%)
(RDMA_READ_CONSUME_CHECK_CONSUMER) timestamp=1700 ms, used_size=145408 bytes (0.4%)
(RDMA_READ_CONSUME_CHECK_CONSUMER) timestamp=1700 ms, used_size=143360 bytes (0.3%)
(RDMA_READ_CONSUME_CHECK_CONSUMER) timestamp=1700 ms, used_size=141312 bytes (0.3%)
(RDMA_READ_CONSUME_CHECK_CONSUMER) timestamp=1700 ms, used_size=139264 bytes (0.3%)
(RDMA_READ_CONSUME_CHECK_CONSUMER) timestamp=1700 ms, used_size=137216 bytes (0.3%)
(RDMA_READ_CONSUME_CHECK_CONSUMER) timestamp=1700 ms, used_size=135168 bytes (0.3%)
(RDMA_READ_CONSUME_CHECK_CONSUMER) timestamp=1700 ms, used_size=133120 bytes (0.3%)
(RDMA_READ_CONSUME_CHECK_CONSUMER) timestamp=1700 ms, used_size=131072 bytes (0.3%)
(RDMA_READ_CONSUME_CHECK_CONSUMER) timestamp=1700 ms, used_size=129024 bytes (0.3%)
(RDMA_READ_CONSUME_CHECK_CONSUMER) timestamp=1700 ms, used_size=126976 bytes (0.3%)
(RDMA_READ_CONSUME_CHECK_CONSUMER) timestamp=1700 ms, used_size=124928 bytes (0.3%)
(RDMA_READ_CONSUME_CHECK_CONSUMER) timestamp=1700 ms, used_size=122880 bytes (0.3%)
(RDMA_READ_CONSUME_CHECK_CONSUMER) timestamp=1700 ms, used_size=120832 bytes (0.3%)
(RDMA_READ_CONSUME_CHECK_CONSUMER) timestamp=1700 ms, used_size=118784 bytes (0.3%)
(RDMA_READ_CONSUME_CHECK_CONSUMER) timestamp=1700 ms, used_size=116736 bytes (0.3%)
(RDMA_READ_CONSUME_CHECK_CONSUMER) timestamp=1700 ms, used_size=114688 bytes (0.3%)
(RDMA_READ_CONSUME_CHECK_CONSUMER) timestamp=1700 ms, used_size=112640 bytes (0.3%)
(RDMA_READ_CONSUME_CHECK_CONSUMER) timestamp=1700 ms, used_size=110592 bytes (0.3%)
(RDMA_READ_CONSUME_CHECK_CONSUMER) timestamp=1700 ms, used_size=108544 bytes (0.3%)
(RDMA_READ_CONSUME_CHECK_CONSUMER) timestamp=1700 ms, used_size=106496 bytes (0.3%)
(RDMA_READ_CONSUME_CHECK_CONSUMER) timestamp=1700 ms, used_size=104448 bytes (0.3%)
(RDMA_READ_CONSUME_CHECK_CONSUMER) timestamp=1700 ms, used_size=102400 bytes (0.2%)
(RDMA_READ_CONSUME_CHECK_CONSUMER) timestamp=1700 ms, used_size=100352 bytes (0.2%)
(RDMA_READ_CONSUME_CHECK_CONSUMER) timestamp=1700 ms, used_size=98304 bytes (0.2%)
(RDMA_READ_CONSUME_CHECK_CONSUMER) timestamp=1700 ms, used_size=96256 bytes (0.2%)
(RDMA_READ_CONSUME_CHECK_CONSUMER) timestamp=1700 ms, used_size=94208 bytes (0.2%)
(RDMA_READ_CONSUME_CHECK_CONSUMER) timestamp=1700 ms, used_size=92160 bytes (0.2%)
(RDMA_READ_CONSUME_CHECK_CONSUMER) timestamp=1700 ms, used_size=90112 bytes (0.2%)
(RDMA_READ_CONSUME_CHECK_CONSUMER) timestamp=1700 ms, used_size=88064 bytes (0.2%)
(RDMA_READ_CONSUME_CHECK_CONSUMER) timestamp=1700 ms, used_size=86016 bytes (0.2%)
(RDMA_READ_CONSUME_CHECK_CONSUMER) timestamp=1700 ms, used_size=83968 bytes (0.2%)
(RDMA_READ_CONSUME_CHECK_CONSUMER) timestamp=1700 ms, used_size=81920 bytes (0.2%)
(RDMA_READ_CONSUME_CHECK_CONSUMER) timestamp=1700 ms, used_size=79872 bytes (0.2%)
(RDMA_READ_CONSUME_CHECK_CONSUMER) timestamp=1700 ms, used_size=77824 bytes (0.2%)
(RDMA_READ_CONSUME_CHECK_CONSUMER) timestamp=1700 ms, used_size=75776 bytes (0.2%)
(RDMA_READ_CONSUME_CHECK_CONSUMER) timestamp=1700 ms, used_size=73728 bytes (0.2%)
(RDMA_READ_CONSUME_CHECK_CONSUMER) timestamp=1700 ms, used_size=71680 bytes (0.2%)
(RDMA_READ_CONSUME_CHECK_CONSUMER) timestamp=1700 ms, used_size=69632 bytes (0.2%)
(RDMA_READ_CONSUME_CHECK_CONSUMER) timestamp=1700 ms, used_size=67584 bytes (0.2%)
(RDMA_READ_CONSUME_CHECK_CONSUMER) timestamp=1700 ms, used_size=65536 bytes (0.2%)
(RDMA_READ_CONSUME_CHECK_CONSUMER) timestamp=1700 ms, used_size=63488 bytes (0.2%)
(RDMA_READ_CONSUME_CHECK_CONSUMER) timestamp=1700 ms, used_size=61440 bytes (0.1%)
(RDMA_READ_CONSUME_CHECK_CONSUMER) timestamp=1700 ms, used_size=59392 bytes (0.1%)
(RDMA_READ_CONSUME_CHECK_CONSUMER) timestamp=1700 ms, used_size=57344 bytes (0.1%)
(RDMA_READ_CONSUME_CHECK_CONSUMER) timestamp=1700 ms, used_size=55296 bytes (0.1%)
(RDMA_READ_CONSUME_CHECK_CONSUMER) timestamp=1700 ms, used_size=53248 bytes (0.1%)
(RDMA_READ_CONSUME_CHECK_CONSUMER) timestamp=1700 ms, used_size=51200 bytes (0.1%)
(RDMA_READ_CONSUME_CHECK_CONSUMER) timestamp=1700 ms, used_size=49152 bytes (0.1%)
(RDMA_READ_CONSUME_CHECK_CONSUMER) timestamp=1700 ms, used_size=47104 bytes (0.1%)
(RDMA_READ_CONSUME_CHECK_CONSUMER) timestamp=1700 ms, used_size=45056 bytes (0.1%)
(RDMA_READ_CONSUME_CHECK_CONSUMER) timestamp=1700 ms, used_size=43008 bytes (0.1%)
(RDMA_READ_CONSUME_CHECK_CONSUMER) timestamp=1700 ms, used_size=40960 bytes (0.1%)
(RDMA_READ_CONSUME_CHECK_CONSUMER) timestamp=1700 ms, used_size=38912 bytes (0.1%)
(RDMA_READ_CONSUME_CHECK_CONSUMER) timestamp=1700 ms, used_size=36864 bytes (0.1%)
(RDMA_READ_CONSUME_CHECK_CONSUMER) timestamp=1700 ms, used_size=34816 bytes (0.1%)
(RDMA_READ_CONSUME_CHECK_CONSUMER) timestamp=1700 ms, used_size=32768 bytes (0.1%)
(RDMA_READ_CONSUME_CHECK_CONSUMER) timestamp=1700 ms, used_size=30720 bytes (0.1%)
(RDMA_READ_CONSUME_CHECK_CONSUMER) timestamp=1700 ms, used_size=28672 bytes (0.1%)
(RDMA_READ_CONSUME_CHECK_CONSUMER) timestamp=1700 ms, used_size=26624 bytes (0.1%)
(RDMA_READ_CONSUME_CHECK_CONSUMER) timestamp=1700 ms, used_size=24576 bytes (0.1%)
(RDMA_READ_CONSUME_CHECK_CONSUMER) timestamp=1700 ms, used_size=22528 bytes (0.1%)
(RDMA_READ_CONSUME_CHECK_CONSUMER) timestamp=1700 ms, used_size=20480 bytes (0.1%)
(RDMA_READ_CONSUME_CHECK_CONSUMER) timestamp=1700 ms, used_size=18432 bytes (0.0%)
(RDMA_READ_CONSUME_CHECK_CONSUMER) timestamp=1700 ms, used_size=16384 bytes (0.0%)
(RDMA_READ_CONSUME_CHECK_CONSUMER) timestamp=1700 ms, used_size=14336 bytes (0.0%)
(RDMA_READ_CONSUME_CHECK_CONSUMER) timestamp=1700 ms, used_size=12288 bytes (0.0%)
(RDMA_READ_CONSUME_CHECK_CONSUMER) timestamp=1700 ms, used_size=10240 bytes (0.0%)
(RDMA_READ_CONSUME_CHECK_CONSUMER) timestamp=1700 ms, used_size=8192 bytes (0.0%)
(RDMA_READ_CONSUME_CHECK_CONSUMER) timestamp=1700 ms, used_size=6144 bytes (0.0%)
(RDMA_READ_CONSUME_CHECK_CONSUMER) timestamp=1700 ms, used_size=4096 bytes (0.0%)
(RDMA_READ_CONSUME_CHECK_CONSUMER) timestamp=1700 ms, used_size=2048 bytes (0.0%)
(RDMA_READ_CONSUME_CHECK_CONSUMER) timestamp=1700 ms, used_size=0 bytes (0.0%)
(RDMA_READ_CONSUME_CHECK) Cycle 2, Batch 0: CRC32 OK (0xbeaa30f3), 8192 messages verified
(RDMA_READ_CONSUME_CHECK_CONSUMER) timestamp=1700 ms, used_size=16775168 bytes (41.0%)
(RDMA_READ_CONSUME_CHECK_CONSUMER) timestamp=2038 ms, used_size=16773120 bytes (41.0%)
(RDMA_READ_CONSUME_CHECK_CONSUMER) timestamp=2038 ms, used_size=16771072 bytes (40.9%)
(RDMA_READ_CONSUME_CHECK_CONSUMER) timestamp=2038 ms, used_size=16769024 bytes (40.9%)
(RDMA_READ_CONSUME_CHECK_CONSUMER) timestamp=2039 ms, used_size=16766976 bytes (40.9%)
(RDMA_READ_CONSUME_CHECK_CONSUMER) timestamp=2039 ms, used_size=16764928 bytes (40.9%)
(RDMA_READ_CONSUME_CHECK_CONSUMER) timestamp=2039 ms, used_size=16762880 bytes (40.9%)
(RDMA_READ_CONSUME_CHECK_CONSUMER) timestamp=2039 ms, used_size=16760832 bytes (40.9%)
(RDMA_READ_CONSUME_CHECK_CONSUMER) timestamp=2039 ms, used_size=16758784 bytes (40.9%)
(RDMA_READ_CONSUME_CHECK_CONSUMER) timestamp=2039 ms, used_size=16756736 bytes (40.9%)
(RDMA_READ_CONSUME_CHECK_CONSUMER) timestamp=2039 ms, used_size=16754688 bytes (40.9%)
(RDMA_READ_CONSUME_CHECK_CONSUMER) timestamp=2039 ms, used_size=16752640 bytes (40.9%)
(RDMA_READ_CONSUME_CHECK_CONSUMER) timestamp=2039 ms, used_size=16750592 bytes (40.9%)
(RDMA_READ_CONSUME_CHECK_CONSUMER) timestamp=2039 ms, used_size=16748544 bytes (40.9%)
(RDMA_READ_CONSUME_CHECK_CONSUMER) timestamp=2039 ms, used_size=16746496 bytes (40.9%)
(RDMA_READ_CONSUME_CHECK_CONSUMER) timestamp=2039 ms, used_size=16744448 bytes (40.9%)
(RDMA_READ_CONSUME_CHECK_CONSUMER) timestamp=2039 ms, used_size=16742400 bytes (40.9%)
(RDMA_READ_CONSUME_CHECK_CONSUMER) timestamp=2039 ms, used_size=16740352 bytes (40.9%)
(RDMA_READ_CONSUME_CHECK_CONSUMER) timestamp=2039 ms, used_size=16738304 bytes (40.9%)
(RDMA_READ_CONSUME_CHECK_CONSUMER) timestamp=2039 ms, used_size=16736256 bytes (40.9%)
(RDMA_READ_CONSUME_CHECK_CONSUMER) timestamp=2039 ms, used_size=16734208 bytes (40.9%)
(RDMA_READ_CONSUME_CHECK_CONSUMER) timestamp=2039 ms, used_size=16732160 bytes (40.9%)
(RDMA_READ_CONSUME_CHECK_CONSUMER) timestamp=2039 ms, used_size=16730112 bytes (40.8%)
(RDMA_READ_CONSUME_CHECK_CONSUMER) timestamp=2039 ms, used_size=16728064 bytes (40.8%)
(RDMA_READ_CONSUME_CHECK_CONSUMER) timestamp=2039 ms, used_size=16726016 bytes (40.8%)
(RDMA_READ_CONSUME_CHECK_CONSUMER) timestamp=2039 ms, used_size=16723968 bytes (40.8%)
(RDMA_READ_CONSUME_CHECK_CONSUMER) timestamp=2039 ms, used_size=16721920 bytes (40.8%)
(RDMA_READ_CONSUME_CHECK_CONSUMER) timestamp=2039 ms, used_size=16719872 bytes (40.8%)
(RDMA_READ_CONSUME_CHECK_CONSUMER) timestamp=2039 ms, used_size=16717824 bytes (40.8%)
(RDMA_READ_CONSUME_CHECK_CONSUMER) timestamp=2039 ms, used_size=16715776 bytes (40.8%)
(RDMA_READ_CONSUME_CHECK_CONSUMER) timestamp=2039 ms, used_size=16713728 bytes (40.8%)
(RDMA_READ_CONSUME_CHECK_CONSUMER) timestamp=2039 ms, used_size=16711680 bytes (40.8%)
(RDMA_READ_CONSUME_CHECK_CONSUMER) timestamp=2039 ms, used_size=16709632 bytes (40.8%)
(RDMA_READ_CONSUME_CHECK_CONSUMER) timestamp=2039 ms, used_size=16707584 bytes (40.8%)
(RDMA_READ_CONSUME_CHECK_CONSUMER) timestamp=2039 ms, used_size=16705536 bytes (40.8%)
(RDMA_READ_CONSUME_CHECK_CONSUMER) timestamp=2039 ms, used_size=16703488 bytes (40.8%)
(RDMA_READ_CONSUME_CHECK_CONSUMER) timestamp=2039 ms, used_size=16701440 bytes (40.8%)
(RDMA_READ_CONSUME_CHECK_CONSUMER) timestamp=2039 ms, used_size=16699392 bytes (40.8%)
(RDMA_READ_CONSUME_CHECK_CONSUMER) timestamp=2039 ms, used_size=16697344 bytes (40.8%)
(RDMA_READ_CONSUME_CHECK_CONSUMER) timestamp=2039 ms, used_size=16695296 bytes (40.8%)
(RDMA_READ_CONSUME_CHECK_CONSUMER) timestamp=2039 ms, used_size=16693248 bytes (40.8%)
(RDMA_READ_CONSUME_CHECK_CONSUMER) timestamp=2039 ms, used_size=16691200 bytes (40.8%)
(RDMA_READ_CONSUME_CHECK_CONSUMER) timestamp=2039 ms, used_size=16689152 bytes (40.7%)
(RDMA_READ_CONSUME_CHECK_CONSUMER) timestamp=2039 ms, used_size=16687104 bytes (40.7%)
(RDMA_READ_CONSUME_CHECK_CONSUMER) timestamp=2039 ms, used_size=16685056 bytes (40.7%)
(RDMA_READ_CONSUME_CHECK_CONSUMER) timestamp=2039 ms, used_size=16683008 bytes (40.7%)
(RDMA_READ_CONSUME_CHECK_CONSUMER) timestamp=2039 ms, used_size=16680960 bytes (40.7%)
(RDMA_READ_CONSUME_CHECK_CONSUMER) timestamp=2039 ms, used_size=16678912 bytes (40.7%)
(RDMA_READ_CONSUME_CHECK_CONSUMER) timestamp=2039 ms, used_size=16676864 bytes (40.7%)
(RDMA_READ_CONSUME_CHECK_CONSUMER) timestamp=2039 ms, used_size=16674816 bytes (40.7%)
(RDMA_READ_CONSUME_CHECK_CONSUMER) timestamp=2039 ms, used_size=16672768 bytes (40.7%)
(RDMA_READ_CONSUME_CHECK_CONSUMER) timestamp=2039 ms, used_size=16670720 bytes (40.7%)
(RDMA_READ_CONSUME_CHECK_CONSUMER) timestamp=2039 ms, used_size=16668672 bytes (40.7%)
(RDMA_READ_CONSUME_CHECK_CONSUMER) timestamp=2039 ms, used_size=16666624 bytes (40.7%)
(RDMA_READ_CONSUME_CHECK_CONSUMER) timestamp=2039 ms, used_size=16664576 bytes (40.7%)
(RDMA_READ_CONSUME_CHECK_CONSUMER) timestamp=2039 ms, used_size=16662528 bytes (40.7%)
(RDMA_READ_CONSUME_CHECK_CONSUMER) timestamp=2039 ms, used_size=16660480 bytes (40.7%)
(RDMA_READ_CONSUME_CHECK_CONSUMER) timestamp=2039 ms, used_size=16658432 bytes (40.7%)
(RDMA_READ_CONSUME_CHECK_CONSUMER) timestamp=2039 ms, used_size=16656384 bytes (40.7%)
(RDMA_READ_CONSUME_CHECK_CONSUMER) timestamp=2039 ms, used_size=16654336 bytes (40.7%)
(RDMA_READ_CONSUME_CHECK_CONSUMER) timestamp=2039 ms, used_size=16652288 bytes (40.7%)
(RDMA_READ_CONSUME_CHECK_CONSUMER) timestamp=2039 ms, used_size=16650240 bytes (40.6%)
(RDMA_READ_CONSUME_CHECK_CONSUMER) timestamp=2039 ms, used_size=16648192 bytes (40.6%)
(RDMA_READ_CONSUME_CHECK_CONSUMER) timestamp=2039 ms, used_size=16646144 bytes (40.6%)
(RDMA_READ_CONSUME_CHECK_CONSUMER) timestamp=2039 ms, used_size=16644096 bytes (40.6%)
(RDMA_READ_CONSUME_CHECK_CONSUMER) timestamp=2039 ms, used_size=16642048 bytes (40.6%)
(RDMA_READ_CONSUME_CHECK_CONSUMER) timestamp=2039 ms, used_size=16640000 bytes (40.6%)
(RDMA_READ_CONSUME_CHECK_CONSUMER) timestamp=2039 ms, used_size=16637952 bytes (40.6%)
(RDMA_READ_CONSUME_CHECK_CONSUMER) timestamp=2039 ms, used_size=16635904 bytes (40.6%)
(RDMA_READ_CONSUME_CHECK_CONSUMER) timestamp=2039 ms, used_size=16633856 bytes (40.6%)
(RDMA_READ_CONSUME_CHECK_CONSUMER) timestamp=2039 ms, used_size=16631808 bytes (40.6%)
(RDMA_READ_CONSUME_CHECK_CONSUMER) timestamp=2039 ms, used_size=16629760 bytes (40.6%)
(RDMA_READ_CONSUME_CHECK_CONSUMER) timestamp=2039 ms, used_size=16627712 bytes (40.6%)
(RDMA_READ_CONSUME_CHECK_CONSUMER) timestamp=2039 ms, used_size=16625664 bytes (40.6%)
(RDMA_READ_CONSUME_CHECK_CONSUMER) timestamp=2039 ms, used_size=16623616 bytes (40.6%)
(RDMA_READ_CONSUME_CHECK_CONSUMER) timestamp=2039 ms, used_size=16621568 bytes (40.6%)
(RDMA_READ_CONSUME_CHECK_CONSUMER) timestamp=2039 ms, used_size=16619520 bytes (40.6%)
(RDMA_READ_CONSUME_CHECK_CONSUMER) timestamp=2039 ms, used_size=16617472 bytes (40.6%)
(RDMA_READ_CONSUME_CHECK_CONSUMER) timestamp=2039 ms, used_size=16615424 bytes (40.6%)
(RDMA_READ_CONSUME_CHECK_CONSUMER) timestamp=2039 ms, used_size=16613376 bytes (40.6%)
(RDMA_READ_CONSUME_CHECK_CONSUMER) timestamp=2039 ms, used_size=16611328 bytes (40.6%)
(RDMA_READ_CONSUME_CHECK_CONSUMER) timestamp=2039 ms, used_size=16609280 bytes (40.5%)
(RDMA_READ_CONSUME_CHECK_CONSUMER) timestamp=2039 ms, used_size=16607232 bytes (40.5%)
(RDMA_READ_CONSUME_CHECK_CONSUMER) timestamp=2039 ms, used_size=16605184 bytes (40.5%)
(RDMA_READ_CONSUME_CHECK_CONSUMER) timestamp=2039 ms, used_size=16603136 bytes (40.5%)
(RDMA_READ_CONSUME_CHECK_CONSUMER) timestamp=2039 ms, used_size=16601088 bytes (40.5%)
(RDMA_READ_CONSUME_CHECK_CONSUMER) timestamp=2039 ms, used_size=16599040 bytes (40.5%)
(RDMA_READ_CONSUME_CHECK_CONSUMER) timestamp=2039 ms, used_size=16596992 bytes (40.5%)
(RDMA_READ_CONSUME_CHECK_CONSUMER) timestamp=2039 ms, used_size=16594944 bytes (40.5%)
(RDMA_READ_CONSUME_CHECK_CONSUMER) timestamp=2039 ms, used_size=16592896 bytes (40.5%)
(RDMA_READ_CONSUME_CHECK_CONSUMER) timestamp=2039 ms, used_size=16590848 bytes (40.5%)
(RDMA_READ_CONSUME_CHECK_CONSUMER) timestamp=2039 ms, used_size=16588800 bytes (40.5%)
(RDMA_READ_CONSUME_CHECK_CONSUMER) timestamp=2039 ms, used_size=16586752 bytes (40.5%)
(RDMA_READ_CONSUME_CHECK_CONSUMER) timestamp=2039 ms, used_size=16584704 bytes (40.5%)
(RDMA_READ_CONSUME_CHECK_CONSUMER) timestamp=2039 ms, used_size=16582656 bytes (40.5%)
(RDMA_READ_CONSUME_CHECK_CONSUMER) timestamp=2039 ms, used_size=16580608 bytes (40.5%)
(RDMA_READ_CONSUME_CHECK_CONSUMER) timestamp=2039 ms, used_size=16578560 bytes (40.5%)
(RDMA_READ_CONSUME_CHECK_CONSUMER) timestamp=2039 ms, used_size=16576512 bytes (40.5%)
(RDMA_READ_CONSUME_CHECK_CONSUMER) timestamp=2039 ms, used_size=16574464 bytes (40.5%)
(RDMA_READ_CONSUME_CHECK_CONSUMER) timestamp=2039 ms, used_size=16572416 bytes (40.5%)
(RDMA_READ_CONSUME_CHECK_CONSUMER) timestamp=2039 ms, used_size=16570368 bytes (40.5%)
(RDMA_READ_CONSUME_CHECK_CONSUMER) timestamp=2039 ms, used_size=16568320 bytes (40.5%)
(RDMA_READ_CONSUME_CHECK_CONSUMER) timestamp=2039 ms, used_size=16566272 bytes (40.4%)
(RDMA_READ_CONSUME_CHECK_CONSUMER) timestamp=2039 ms, used_size=16564224 bytes (40.4%)
(RDMA_READ_CONSUME_CHECK_CONSUMER) timestamp=2039 ms, used_size=16562176 bytes (40.4%)
(RDMA_READ_CONSUME_CHECK_CONSUMER) timestamp=2039 ms, used_size=16560128 bytes (40.4%)
(RDMA_READ_CONSUME_CHECK_CONSUMER) timestamp=2039 ms, used_size=16558080 bytes (40.4%)
(RDMA_READ_CONSUME_CHECK_CONSUMER) timestamp=2039 ms, used_size=16556032 bytes (40.4%)
(RDMA_READ_CONSUME_CHECK_CONSUMER) timestamp=2039 ms, used_size=16553984 bytes (40.4%)
(RDMA_READ_CONSUME_CHECK_CONSUMER) timestamp=2039 ms, used_size=16551936 bytes (40.4%)
(RDMA_READ_CONSUME_CHECK_CONSUMER) timestamp=2039 ms, used_size=16549888 bytes (40.4%)
(RDMA_READ_CONSUME_CHECK_CONSUMER) timestamp=2039 ms, used_size=16547840 bytes (40.4%)
(RDMA_READ_CONSUME_CHECK_CONSUMER) timestamp=2039 ms, used_size=16545792 bytes (40.4%)
(RDMA_READ_CONSUME_CHECK_CONSUMER) timestamp=2039 ms, used_size=16543744 bytes (40.4%)
(RDMA_READ_CONSUME_CHECK_CONSUMER) timestamp=2039 ms, used_size=16541696 bytes (40.4%)
(RDMA_READ_CONSUME_CHECK_CONSUMER) timestamp=2039 ms, used_size=16539648 bytes (40.4%)
(RDMA_READ_CONSUME_CHECK_CONSUMER) timestamp=2039 ms, used_size=16537600 bytes (40.4%)
(RDMA_READ_CONSUME_CHECK_CONSUMER) timestamp=2039 ms, used_size=16535552 bytes (40.4%)
(RDMA_READ_CONSUME_CHECK_CONSUMER) timestamp=2039 ms, used_size=16533504 bytes (40.4%)
(RDMA_READ_CONSUME_CHECK_CONSUMER) timestamp=2039 ms, used_size=16531456 bytes (40.4%)
(RDMA_READ_CONSUME_CHECK_CONSUMER) timestamp=2039 ms, used_size=16529408 bytes (40.4%)
(RDMA_READ_CONSUME_CHECK_CONSUMER) timestamp=2039 ms, used_size=16527360 bytes (40.4%)
(RDMA_READ_CONSUME_CHECK_CONSUMER) timestamp=2039 ms, used_size=16525312 bytes (40.3%)
(RDMA_READ_CONSUME_CHECK_CONSUMER) timestamp=2039 ms, used_size=16523264 bytes (40.3%)
(RDMA_READ_CONSUME_CHECK_CONSUMER) timestamp=2039 ms, used_size=16521216 bytes (40.3%)
(RDMA_READ_CONSUME_CHECK_CONSUMER) timestamp=2039 ms, used_size=16519168 bytes (40.3%)
(RDMA_READ_CONSUME_CHECK_CONSUMER) timestamp=2039 ms, used_size=16517120 bytes (40.3%)
(RDMA_READ_CONSUME_CHECK_CONSUMER) timestamp=2039 ms, used_size=16515072 bytes (40.3%)
(RDMA_READ_CONSUME_CHECK_CONSUMER) timestamp=2039 ms, used_size=16513024 bytes (40.3%)
(RDMA_READ_CONSUME_CHECK_CONSUMER) timestamp=2039 ms, used_size=16510976 bytes (40.3%)
(RDMA_READ_CONSUME_CHECK_CONSUMER) timestamp=2039 ms, used_size=16508928 bytes (40.3%)
(RDMA_READ_CONSUME_CHECK_CONSUMER) timestamp=2039 ms, used_size=16506880 bytes (40.3%)
(RDMA_READ_CONSUME_CHECK_CONSUMER) timestamp=2039 ms, used_size=16504832 bytes (40.3%)
(RDMA_READ_CONSUME_CHECK_CONSUMER) timestamp=2039 ms, used_size=16502784 bytes (40.3%)
(RDMA_READ_CONSUME_CHECK_CONSUMER) timestamp=2039 ms, used_size=16500736 bytes (40.3%)
(RDMA_READ_CONSUME_CHECK_CONSUMER) timestamp=2039 ms, used_size=16498688 bytes (40.3%)
(RDMA_READ_CONSUME_CHECK_CONSUMER) timestamp=2039 ms, used_size=16496640 bytes (40.3%)
(RDMA_READ_CONSUME_CHECK_CONSUMER) timestamp=2039 ms, used_size=16494592 bytes (40.3%)
(RDMA_READ_CONSUME_CHECK_CONSUMER) timestamp=2039 ms, used_size=16492544 bytes (40.3%)
(RDMA_READ_CONSUME_CHECK_CONSUMER) timestamp=2039 ms, used_size=16490496 bytes (40.3%)
(RDMA_READ_CONSUME_CHECK_CONSUMER) timestamp=2039 ms, used_size=16488448 bytes (40.3%)
(RDMA_READ_CONSUME_CHECK_CONSUMER) timestamp=2039 ms, used_size=16486400 bytes (40.2%)
(RDMA_READ_CONSUME_CHECK_CONSUMER) timestamp=2039 ms, used_size=16484352 bytes (40.2%)
(RDMA_READ_CONSUME_CHECK_CONSUMER) timestamp=2039 ms, used_size=16482304 bytes (40.2%)
(RDMA_READ_CONSUME_CHECK_CONSUMER) timestamp=2039 ms, used_size=16480256 bytes (40.2%)
(RDMA_READ_CONSUME_CHECK_CONSUMER) timestamp=2039 ms, used_size=16478208 bytes (40.2%)
(RDMA_READ_CONSUME_CHECK_CONSUMER) timestamp=2039 ms, used_size=16476160 bytes (40.2%)
(RDMA_READ_CONSUME_CHECK_CONSUMER) timestamp=2039 ms, used_size=16474112 bytes (40.2%)
(RDMA_READ_CONSUME_CHECK_CONSUMER) timestamp=2039 ms, used_size=16472064 bytes (40.2%)
(RDMA_READ_CONSUME_CHECK_CONSUMER) timestamp=2039 ms, used_size=16470016 bytes (40.2%)
(RDMA_READ_CONSUME_CHECK_CONSUMER) timestamp=2039 ms, used_size=16467968 bytes (40.2%)
(RDMA_READ_CONSUME_CHECK_CONSUMER) timestamp=2039 ms, used_size=16465920 bytes (40.2%)
(RDMA_READ_CONSUME_CHECK_CONSUMER) timestamp=2039 ms, used_size=16463872 bytes (40.2%)
(RDMA_READ_CONSUME_CHECK_CONSUMER) timestamp=2039 ms, used_size=16461824 bytes (40.2%)
(RDMA_READ_CONSUME_CHECK_CONSUMER) timestamp=2039 ms, used_size=16459776 bytes (40.2%)
(RDMA_READ_CONSUME_CHECK_CONSUMER) timestamp=2039 ms, used_size=16457728 bytes (40.2%)
(RDMA_READ_CONSUME_CHECK_CONSUMER) timestamp=2039 ms, used_size=16455680 bytes (40.2%)
(RDMA_READ_CONSUME_CHECK_CONSUMER) timestamp=2039 ms, used_size=16453632 bytes (40.2%)
(RDMA_READ_CONSUME_CHECK_CONSUMER) timestamp=2039 ms, used_size=16451584 bytes (40.2%)
(RDMA_READ_CONSUME_CHECK_CONSUMER) timestamp=2039 ms, used_size=16449536 bytes (40.2%)
(RDMA_READ_CONSUME_CHECK_CONSUMER) timestamp=2039 ms, used_size=16447488 bytes (40.2%)
(RDMA_READ_CONSUME_CHECK_CONSUMER) timestamp=2039 ms, used_size=16445440 bytes (40.1%)
(RDMA_READ_CONSUME_CHECK_CONSUMER) timestamp=2040 ms, used_size=16443392 bytes (40.1%)
(RDMA_READ_CONSUME_CHECK_CONSUMER) timestamp=2040 ms, used_size=16441344 bytes (40.1%)
(RDMA_READ_CONSUME_CHECK_CONSUMER) timestamp=2040 ms, used_size=16439296 bytes (40.1%)
(RDMA_READ_CONSUME_CHECK_CONSUMER) timestamp=2040 ms, used_size=16437248 bytes (40.1%)
(RDMA_READ_CONSUME_CHECK_CONSUMER) timestamp=2040 ms, used_size=16435200 bytes (40.1%)
(RDMA_READ_CONSUME_CHECK_CONSUMER) timestamp=2040 ms, used_size=16433152 bytes (40.1%)
(RDMA_READ_CONSUME_CHECK_CONSUMER) timestamp=2040 ms, used_size=16431104 bytes (40.1%)
(RDMA_READ_CONSUME_CHECK_CONSUMER) timestamp=2040 ms, used_size=16429056 bytes (40.1%)
(RDMA_READ_CONSUME_CHECK_CONSUMER) timestamp=2040 ms, used_size=16427008 bytes (40.1%)
(RDMA_READ_CONSUME_CHECK_CONSUMER) timestamp=2040 ms, used_size=16424960 bytes (40.1%)
(RDMA_READ_CONSUME_CHECK_CONSUMER) timestamp=2040 ms, used_size=16422912 bytes (40.1%)
(RDMA_READ_CONSUME_CHECK_CONSUMER) timestamp=2040 ms, used_size=16420864 bytes (40.1%)
(RDMA_READ_CONSUME_CHECK_CONSUMER) timestamp=2040 ms, used_size=16418816 bytes (40.1%)
(RDMA_READ_CONSUME_CHECK_CONSUMER) timestamp=2040 ms, used_size=16416768 bytes (40.1%)
(RDMA_READ_CONSUME_CHECK_CONSUMER) timestamp=2040 ms, used_size=16414720 bytes (40.1%)
(RDMA_READ_CONSUME_CHECK_CONSUMER) timestamp=2040 ms, used_size=16412672 bytes (40.1%)
(RDMA_READ_CONSUME_CHECK_CONSUMER) timestamp=2040 ms, used_size=16410624 bytes (40.1%)
(RDMA_READ_CONSUME_CHECK_CONSUMER) timestamp=2040 ms, used_size=16408576 bytes (40.1%)
(RDMA_READ_CONSUME_CHECK_CONSUMER) timestamp=2040 ms, used_size=16406528 bytes (40.1%)
(RDMA_READ_CONSUME_CHECK_CONSUMER) timestamp=2040 ms, used_size=16404480 bytes (40.0%)
(RDMA_READ_CONSUME_CHECK_CONSUMER) timestamp=2040 ms, used_size=16402432 bytes (40.0%)
(RDMA_READ_CONSUME_CHECK_CONSUMER) timestamp=2040 ms, used_size=16400384 bytes (40.0%)
(RDMA_READ_CONSUME_CHECK_CONSUMER) timestamp=2040 ms, used_size=16398336 bytes (40.0%)
(RDMA_READ_CONSUME_CHECK_CONSUMER) timestamp=2040 ms, used_size=16396288 bytes (40.0%)
(RDMA_READ_CONSUME_CHECK_CONSUMER) timestamp=2040 ms, used_size=16394240 bytes (40.0%)
(RDMA_READ_CONSUME_CHECK_CONSUMER) timestamp=2040 ms, used_size=16392192 bytes (40.0%)
(RDMA_READ_CONSUME_CHECK_CONSUMER) timestamp=2040 ms, used_size=16390144 bytes (40.0%)
(RDMA_READ_CONSUME_CHECK_CONSUMER) timestamp=2040 ms, used_size=16388096 bytes (40.0%)
(RDMA_READ_CONSUME_CHECK_CONSUMER) timestamp=2040 ms, used_size=16386048 bytes (40.0%)
(RDMA_READ_CONSUME_CHECK_CONSUMER) timestamp=2040 ms, used_size=16384000 bytes (40.0%)
(RDMA_READ_CONSUME_CHECK_CONSUMER) timestamp=2040 ms, used_size=16381952 bytes (40.0%)
(RDMA_READ_CONSUME_CHECK_CONSUMER) timestamp=2040 ms, used_size=16379904 bytes (40.0%)
(RDMA_READ_CONSUME_CHECK_CONSUMER) timestamp=2040 ms, used_size=16377856 bytes (40.0%)
(RDMA_READ_CONSUME_CHECK_CONSUMER) timestamp=2040 ms, used_size=16375808 bytes (40.0%)
(RDMA_READ_CONSUME_CHECK_CONSUMER) timestamp=2040 ms, used_size=16373760 bytes (40.0%)
(RDMA_READ_CONSUME_CHECK_CONSUMER) timestamp=2040 ms, used_size=16371712 bytes (40.0%)
(RDMA_READ_CONSUME_CHECK_CONSUMER) timestamp=2040 ms, used_size=16369664 bytes (40.0%)
(RDMA_READ_CONSUME_CHECK_CONSUMER) timestamp=2040 ms, used_size=16367616 bytes (40.0%)
(RDMA_READ_CONSUME_CHECK_CONSUMER) timestamp=2040 ms, used_size=16365568 bytes (40.0%)
(RDMA_READ_CONSUME_CHECK_CONSUMER) timestamp=2040 ms, used_size=16363520 bytes (40.0%)
(RDMA_READ_CONSUME_CHECK_CONSUMER) timestamp=2040 ms, used_size=16361472 bytes (39.9%)
(RDMA_READ_CONSUME_CHECK_CONSUMER) timestamp=2040 ms, used_size=16359424 bytes (39.9%)
(RDMA_READ_CONSUME_CHECK_CONSUMER) timestamp=2040 ms, used_size=16357376 bytes (39.9%)
(RDMA_READ_CONSUME_CHECK_CONSUMER) timestamp=2040 ms, used_size=16355328 bytes (39.9%)
(RDMA_READ_CONSUME_CHECK_CONSUMER) timestamp=2040 ms, used_size=16353280 bytes (39.9%)
(RDMA_READ_CONSUME_CHECK_CONSUMER) timestamp=2040 ms, used_size=16351232 bytes (39.9%)
(RDMA_READ_CONSUME_CHECK_CONSUMER) timestamp=2040 ms, used_size=16349184 bytes (39.9%)
(RDMA_READ_CONSUME_CHECK_CONSUMER) timestamp=2040 ms, used_size=16347136 bytes (39.9%)
(RDMA_READ_CONSUME_CHECK_CONSUMER) timestamp=2040 ms, used_size=16345088 bytes (39.9%)
(RDMA_READ_CONSUME_CHECK_CONSUMER) timestamp=2040 ms, used_size=16343040 bytes (39.9%)
(RDMA_READ_CONSUME_CHECK_CONSUMER) timestamp=2040 ms, used_size=16340992 bytes (39.9%)
(RDMA_READ_CONSUME_CHECK_CONSUMER) timestamp=2040 ms, used_size=16338944 bytes (39.9%)
(RDMA_READ_CONSUME_CHECK_CONSUMER) timestamp=2040 ms, used_size=16336896 bytes (39.9%)
(RDMA_READ_CONSUME_CHECK_CONSUMER) timestamp=2040 ms, used_size=16334848 bytes (39.9%)
(RDMA_READ_CONSUME_CHECK_CONSUMER) timestamp=2040 ms, used_size=16332800 bytes (39.9%)
(RDMA_READ_CONSUME_CHECK_CONSUMER) timestamp=2040 ms, used_size=16330752 bytes (39.9%)
(RDMA_READ_CONSUME_CHECK_CONSUMER) timestamp=2040 ms, used_size=16328704 bytes (39.9%)
(RDMA_READ_CONSUME_CHECK_CONSUMER) timestamp=2040 ms, used_size=16326656 bytes (39.9%)
(RDMA_READ_CONSUME_CHECK_CONSUMER) timestamp=2040 ms, used_size=16324608 bytes (39.9%)
(RDMA_READ_CONSUME_CHECK_CONSUMER) timestamp=2040 ms, used_size=16322560 bytes (39.9%)
(RDMA_READ_CONSUME_CHECK_CONSUMER) timestamp=2040 ms, used_size=16320512 bytes (39.8%)
(RDMA_READ_CONSUME_CHECK_CONSUMER) timestamp=2040 ms, used_size=16318464 bytes (39.8%)
(RDMA_READ_CONSUME_CHECK_CONSUMER) timestamp=2040 ms, used_size=16316416 bytes (39.8%)
(RDMA_READ_CONSUME_CHECK_CONSUMER) timestamp=2040 ms, used_size=16314368 bytes (39.8%)
(RDMA_READ_CONSUME_CHECK_CONSUMER) timestamp=2040 ms, used_size=16312320 bytes (39.8%)
(RDMA_READ_CONSUME_CHECK_CONSUMER) timestamp=2040 ms, used_size=16310272 bytes (39.8%)
(RDMA_READ_CONSUME_CHECK_CONSUMER) timestamp=2040 ms, used_size=16308224 bytes (39.8%)
(RDMA_READ_CONSUME_CHECK_CONSUMER) timestamp=2040 ms, used_size=16306176 bytes (39.8%)
(RDMA_READ_CONSUME_CHECK_CONSUMER) timestamp=2040 ms, used_size=16304128 bytes (39.8%)
(RDMA_READ_CONSUME_CHECK_CONSUMER) timestamp=2040 ms, used_size=16302080 bytes (39.8%)
(RDMA_READ_CONSUME_CHECK_CONSUMER) timestamp=2040 ms, used_size=16300032 bytes (39.8%)
(RDMA_READ_CONSUME_CHECK_CONSUMER) timestamp=2040 ms, used_size=16297984 bytes (39.8%)
(RDMA_READ_CONSUME_CHECK_CONSUMER) timestamp=2040 ms, used_size=16295936 bytes (39.8%)
(RDMA_READ_CONSUME_CHECK_CONSUMER) timestamp=2040 ms, used_size=16293888 bytes (39.8%)
(RDMA_READ_CONSUME_CHECK_CONSUMER) timestamp=2040 ms, used_size=16291840 bytes (39.8%)
(RDMA_READ_CONSUME_CHECK_CONSUMER) timestamp=2040 ms, used_size=16289792 bytes (39.8%)
(RDMA_READ_CONSUME_CHECK_CONSUMER) timestamp=2040 ms, used_size=16287744 bytes (39.8%)
(RDMA_READ_CONSUME_CHECK_CONSUMER) timestamp=2040 ms, used_size=16285696 bytes (39.8%)
(RDMA_READ_CONSUME_CHECK_CONSUMER) timestamp=2040 ms, used_size=16283648 bytes (39.8%)
(RDMA_READ_CONSUME_CHECK_CONSUMER) timestamp=2040 ms, used_size=16281600 bytes (39.8%)
(RDMA_READ_CONSUME_CHECK_CONSUMER) timestamp=2040 ms, used_size=16279552 bytes (39.7%)
(RDMA_READ_CONSUME_CHECK_CONSUMER) timestamp=2040 ms, used_size=16277504 bytes (39.7%)
(RDMA_READ_CONSUME_CHECK_CONSUMER) timestamp=2040 ms, used_size=16275456 bytes (39.7%)
(RDMA_READ_CONSUME_CHECK_CONSUMER) timestamp=2040 ms, used_size=16273408 bytes (39.7%)
(RDMA_READ_CONSUME_CHECK_CONSUMER) timestamp=2040 ms, used_size=16271360 bytes (39.7%)
(RDMA_READ_CONSUME_CHECK_CONSUMER) timestamp=2040 ms, used_size=16269312 bytes (39.7%)
(RDMA_READ_CONSUME_CHECK_CONSUMER) timestamp=2040 ms, used_size=16267264 bytes (39.7%)
(RDMA_READ_CONSUME_CHECK_CONSUMER) timestamp=2040 ms, used_size=16265216 bytes (39.7%)
(RDMA_READ_CONSUME_CHECK_CONSUMER) timestamp=2040 ms, used_size=16263168 bytes (39.7%)
(RDMA_READ_CONSUME_CHECK_CONSUMER) timestamp=2040 ms, used_size=16261120 bytes (39.7%)
(RDMA_READ_CONSUME_CHECK_CONSUMER) timestamp=2040 ms, used_size=16259072 bytes (39.7%)
(RDMA_READ_CONSUME_CHECK_CONSUMER) timestamp=2040 ms, used_size=16257024 bytes (39.7%)
(RDMA_READ_CONSUME_CHECK_CONSUMER) timestamp=2040 ms, used_size=16254976 bytes (39.7%)
(RDMA_READ_CONSUME_CHECK_CONSUMER) timestamp=2040 ms, used_size=16252928 bytes (39.7%)
(RDMA_READ_CONSUME_CHECK_CONSUMER) timestamp=2040 ms, used_size=16250880 bytes (39.7%)
(RDMA_READ_CONSUME_CHECK_CONSUMER) timestamp=2040 ms, used_size=16248832 bytes (39.7%)
(RDMA_READ_CONSUME_CHECK_CONSUMER) timestamp=2040 ms, used_size=16246784 bytes (39.7%)
(RDMA_READ_CONSUME_CHECK_CONSUMER) timestamp=2040 ms, used_size=16244736 bytes (39.7%)
(RDMA_READ_CONSUME_CHECK_CONSUMER) timestamp=2040 ms, used_size=16242688 bytes (39.7%)
(RDMA_READ_CONSUME_CHECK_CONSUMER) timestamp=2040 ms, used_size=16240640 bytes (39.6%)
(RDMA_READ_CONSUME_CHECK_CONSUMER) timestamp=2040 ms, used_size=16238592 bytes (39.6%)
(RDMA_READ_CONSUME_CHECK_CONSUMER) timestamp=2040 ms, used_size=16236544 bytes (39.6%)
(RDMA_READ_CONSUME_CHECK_CONSUMER) timestamp=2040 ms, used_size=16234496 bytes (39.6%)
(RDMA_READ_CONSUME_CHECK_CONSUMER) timestamp=2040 ms, used_size=16232448 bytes (39.6%)
(RDMA_READ_CONSUME_CHECK_CONSUMER) timestamp=2040 ms, used_size=16230400 bytes (39.6%)
(RDMA_READ_CONSUME_CHECK_CONSUMER) timestamp=2040 ms, used_size=16228352 bytes (39.6%)
(RDMA_READ_CONSUME_CHECK_CONSUMER) timestamp=2040 ms, used_size=16226304 bytes (39.6%)
(RDMA_READ_CONSUME_CHECK_CONSUMER) timestamp=2040 ms, used_size=16224256 bytes (39.6%)
(RDMA_READ_CONSUME_CHECK_CONSUMER) timestamp=2040 ms, used_size=16222208 bytes (39.6%)
(RDMA_READ_CONSUME_CHECK_CONSUMER) timestamp=2040 ms, used_size=16220160 bytes (39.6%)
(RDMA_READ_CONSUME_CHECK_CONSUMER) timestamp=2040 ms, used_size=16218112 bytes (39.6%)
(RDMA_READ_CONSUME_CHECK_CONSUMER) timestamp=2040 ms, used_size=16216064 bytes (39.6%)
(RDMA_READ_CONSUME_CHECK_CONSUMER) timestamp=2040 ms, used_size=16214016 bytes (39.6%)
(RDMA_READ_CONSUME_CHECK_CONSUMER) timestamp=2040 ms, used_size=16211968 bytes (39.6%)
(RDMA_READ_CONSUME_CHECK_CONSUMER) timestamp=2040 ms, used_size=16209920 bytes (39.6%)
(RDMA_READ_CONSUME_CHECK_CONSUMER) timestamp=2040 ms, used_size=16207872 bytes (39.6%)
(RDMA_READ_CONSUME_CHECK_CONSUMER) timestamp=2040 ms, used_size=16205824 bytes (39.6%)
(RDMA_READ_CONSUME_CHECK_CONSUMER) timestamp=2040 ms, used_size=16203776 bytes (39.6%)
(RDMA_READ_CONSUME_CHECK_CONSUMER) timestamp=2040 ms, used_size=16201728 bytes (39.6%)
(RDMA_READ_CONSUME_CHECK_CONSUMER) timestamp=2040 ms, used_size=16199680 bytes (39.5%)
(RDMA_READ_CONSUME_CHECK_CONSUMER) timestamp=2040 ms, used_size=16197632 bytes (39.5%)
(RDMA_READ_CONSUME_CHECK_CONSUMER) timestamp=2040 ms, used_size=16195584 bytes (39.5%)
(RDMA_READ_CONSUME_CHECK_CONSUMER) timestamp=2040 ms, used_size=16193536 bytes (39.5%)
(RDMA_READ_CONSUME_CHECK_CONSUMER) timestamp=2040 ms, used_size=16191488 bytes (39.5%)
(RDMA_READ_CONSUME_CHECK_CONSUMER) timestamp=2040 ms, used_size=16189440 bytes (39.5%)
(RDMA_READ_CONSUME_CHECK_CONSUMER) timestamp=2040 ms, used_size=16187392 bytes (39.5%)
(RDMA_READ_CONSUME_CHECK_CONSUMER) timestamp=2040 ms, used_size=16185344 bytes (39.5%)
(RDMA_READ_CONSUME_CHECK_CONSUMER) timestamp=2040 ms, used_size=16183296 bytes (39.5%)
(RDMA_READ_CONSUME_CHECK_CONSUMER) timestamp=2040 ms, used_size=16181248 bytes (39.5%)
(RDMA_READ_CONSUME_CHECK_CONSUMER) timestamp=2040 ms, used_size=16179200 bytes (39.5%)
(RDMA_READ_CONSUME_CHECK_CONSUMER) timestamp=2040 ms, used_size=16177152 bytes (39.5%)
(RDMA_READ_CONSUME_CHECK_CONSUMER) timestamp=2040 ms, used_size=16175104 bytes (39.5%)
(RDMA_READ_CONSUME_CHECK_CONSUMER) timestamp=2040 ms, used_size=16173056 bytes (39.5%)
(RDMA_READ_CONSUME_CHECK_CONSUMER) timestamp=2040 ms, used_size=16171008 bytes (39.5%)
(RDMA_READ_CONSUME_CHECK_CONSUMER) timestamp=2040 ms, used_size=16168960 bytes (39.5%)
(RDMA_READ_CONSUME_CHECK_CONSUMER) timestamp=2040 ms, used_size=16166912 bytes (39.5%)
(RDMA_READ_CONSUME_CHECK_CONSUMER) timestamp=2040 ms, used_size=16164864 bytes (39.5%)
(RDMA_READ_CONSUME_CHECK_CONSUMER) timestamp=2040 ms, used_size=16162816 bytes (39.5%)
(RDMA_READ_CONSUME_CHECK_CONSUMER) timestamp=2040 ms, used_size=16160768 bytes (39.5%)
(RDMA_READ_CONSUME_CHECK_CONSUMER) timestamp=2040 ms, used_size=16158720 bytes (39.5%)
(RDMA_READ_CONSUME_CHECK_CONSUMER) timestamp=2040 ms, used_size=16156672 bytes (39.4%)
(RDMA_READ_CONSUME_CHECK_CONSUMER) timestamp=2040 ms, used_size=16154624 bytes (39.4%)
(RDMA_READ_CONSUME_CHECK_CONSUMER) timestamp=2040 ms, used_size=16152576 bytes (39.4%)
(RDMA_READ_CONSUME_CHECK_CONSUMER) timestamp=2040 ms, used_size=16150528 bytes (39.4%)
(RDMA_READ_CONSUME_CHECK_CONSUMER) timestamp=2040 ms, used_size=16148480 bytes (39.4%)
(RDMA_READ_CONSUME_CHECK_CONSUMER) timestamp=2040 ms, used_size=16146432 bytes (39.4%)
(RDMA_READ_CONSUME_CHECK_CONSUMER) timestamp=2040 ms, used_size=16144384 bytes (39.4%)
(RDMA_READ_CONSUME_CHECK_CONSUMER) timestamp=2040 ms, used_size=16142336 bytes (39.4%)
(RDMA_READ_CONSUME_CHECK_CONSUMER) timestamp=2040 ms, used_size=16140288 bytes (39.4%)
(RDMA_READ_CONSUME_CHECK_CONSUMER) timestamp=2040 ms, used_size=16138240 bytes (39.4%)
(RDMA_READ_CONSUME_CHECK_CONSUMER) timestamp=2040 ms, used_size=16136192 bytes (39.4%)
(RDMA_READ_CONSUME_CHECK_CONSUMER) timestamp=2040 ms, used_size=16134144 bytes (39.4%)
(RDMA_READ_CONSUME_CHECK_CONSUMER) timestamp=2040 ms, used_size=16132096 bytes (39.4%)
(RDMA_READ_CONSUME_CHECK_CONSUMER) timestamp=2040 ms, used_size=16130048 bytes (39.4%)
(RDMA_READ_CONSUME_CHECK_CONSUMER) timestamp=2040 ms, used_size=16128000 bytes (39.4%)
(RDMA_READ_CONSUME_CHECK_CONSUMER) timestamp=2040 ms, used_size=16125952 bytes (39.4%)
(RDMA_READ_CONSUME_CHECK_CONSUMER) timestamp=2040 ms, used_size=16123904 bytes (39.4%)
(RDMA_READ_CONSUME_CHECK_CONSUMER) timestamp=2040 ms, used_size=16121856 bytes (39.4%)
(RDMA_READ_CONSUME_CHECK_CONSUMER) timestamp=2040 ms, used_size=16119808 bytes (39.4%)
(RDMA_READ_CONSUME_CHECK_CONSUMER) timestamp=2040 ms, used_size=16117760 bytes (39.4%)
(RDMA_READ_CONSUME_CHECK_CONSUMER) timestamp=2040 ms, used_size=16115712 bytes (39.3%)
(RDMA_READ_CONSUME_CHECK_CONSUMER) timestamp=2040 ms, used_size=16113664 bytes (39.3%)
(RDMA_READ_CONSUME_CHECK_CONSUMER) timestamp=2040 ms, used_size=16111616 bytes (39.3%)
(RDMA_READ_CONSUME_CHECK_CONSUMER) timestamp=2040 ms, used_size=16109568 bytes (39.3%)
(RDMA_READ_CONSUME_CHECK_CONSUMER) timestamp=2040 ms, used_size=16107520 bytes (39.3%)
(RDMA_READ_CONSUME_CHECK_CONSUMER) timestamp=2040 ms, used_size=16105472 bytes (39.3%)
(RDMA_READ_CONSUME_CHECK_CONSUMER) timestamp=2040 ms, used_size=16103424 bytes (39.3%)
(RDMA_READ_CONSUME_CHECK_CONSUMER) timestamp=2040 ms, used_size=16101376 bytes (39.3%)
(RDMA_READ_CONSUME_CHECK_CONSUMER) timestamp=2040 ms, used_size=16099328 bytes (39.3%)
(RDMA_READ_CONSUME_CHECK_CONSUMER) timestamp=2040 ms, used_size=16097280 bytes (39.3%)
(RDMA_READ_CONSUME_CHECK_CONSUMER) timestamp=2040 ms, used_size=16095232 bytes (39.3%)
(RDMA_READ_CONSUME_CHECK_CONSUMER) timestamp=2040 ms, used_size=16093184 bytes (39.3%)
(RDMA_READ_CONSUME_CHECK_CONSUMER) timestamp=2040 ms, used_size=16091136 bytes (39.3%)
(RDMA_READ_CONSUME_CHECK_CONSUMER) timestamp=2040 ms, used_size=16089088 bytes (39.3%)
(RDMA_READ_CONSUME_CHECK_CONSUMER) timestamp=2040 ms, used_size=16087040 bytes (39.3%)
(RDMA_READ_CONSUME_CHECK_CONSUMER) timestamp=2040 ms, used_size=16084992 bytes (39.3%)
(RDMA_READ_CONSUME_CHECK_CONSUMER) timestamp=2040 ms, used_size=16082944 bytes (39.3%)
(RDMA_READ_CONSUME_CHECK_CONSUMER) timestamp=2040 ms, used_size=16080896 bytes (39.3%)
(RDMA_READ_CONSUME_CHECK_CONSUMER) timestamp=2040 ms, used_size=16078848 bytes (39.3%)
(RDMA_READ_CONSUME_CHECK_CONSUMER) timestamp=2040 ms, used_size=16076800 bytes (39.2%)
(RDMA_READ_CONSUME_CHECK_CONSUMER) timestamp=2040 ms, used_size=16074752 bytes (39.2%)
(RDMA_READ_CONSUME_CHECK_CONSUMER) timestamp=2041 ms, used_size=16072704 bytes (39.2%)
(RDMA_READ_CONSUME_CHECK_CONSUMER) timestamp=2041 ms, used_size=16070656 bytes (39.2%)
(RDMA_READ_CONSUME_CHECK_CONSUMER) timestamp=2041 ms, used_size=16068608 bytes (39.2%)
(RDMA_READ_CONSUME_CHECK_CONSUMER) timestamp=2041 ms, used_size=16066560 bytes (39.2%)
(RDMA_READ_CONSUME_CHECK_CONSUMER) timestamp=2041 ms, used_size=16064512 bytes (39.2%)
(RDMA_READ_CONSUME_CHECK_CONSUMER) timestamp=2041 ms, used_size=16062464 bytes (39.2%)
(RDMA_READ_CONSUME_CHECK_CONSUMER) timestamp=2041 ms, used_size=16060416 bytes (39.2%)
(RDMA_READ_CONSUME_CHECK_CONSUMER) timestamp=2041 ms, used_size=16058368 bytes (39.2%)
(RDMA_READ_CONSUME_CHECK_CONSUMER) timestamp=2041 ms, used_size=16056320 bytes (39.2%)
(RDMA_READ_CONSUME_CHECK_CONSUMER) timestamp=2041 ms, used_size=16054272 bytes (39.2%)
(RDMA_READ_CONSUME_CHECK_CONSUMER) timestamp=2041 ms, used_size=16052224 bytes (39.2%)
(RDMA_READ_CONSUME_CHECK_CONSUMER) timestamp=2041 ms, used_size=16050176 bytes (39.2%)
(RDMA_READ_CONSUME_CHECK_CONSUMER) timestamp=2041 ms, used_size=16048128 bytes (39.2%)
(RDMA_READ_CONSUME_CHECK_CONSUMER) timestamp=2041 ms, used_size=16046080 bytes (39.2%)
(RDMA_READ_CONSUME_CHECK_CONSUMER) timestamp=2041 ms, used_size=16044032 bytes (39.2%)
(RDMA_READ_CONSUME_CHECK_CONSUMER) timestamp=2041 ms, used_size=16041984 bytes (39.2%)
(RDMA_READ_CONSUME_CHECK_CONSUMER) timestamp=2041 ms, used_size=16039936 bytes (39.2%)
(RDMA_READ_CONSUME_CHECK_CONSUMER) timestamp=2041 ms, used_size=16037888 bytes (39.2%)
(RDMA_READ_CONSUME_CHECK_CONSUMER) timestamp=2041 ms, used_size=16035840 bytes (39.1%)
(RDMA_READ_CONSUME_CHECK_CONSUMER) timestamp=2041 ms, used_size=16033792 bytes (39.1%)
(RDMA_READ_CONSUME_CHECK_CONSUMER) timestamp=2041 ms, used_size=16031744 bytes (39.1%)
(RDMA_READ_CONSUME_CHECK_CONSUMER) timestamp=2041 ms, used_size=16029696 bytes (39.1%)
(RDMA_READ_CONSUME_CHECK_CONSUMER) timestamp=2041 ms, used_size=16027648 bytes (39.1%)
(RDMA_READ_CONSUME_CHECK_CONSUMER) timestamp=2041 ms, used_size=16025600 bytes (39.1%)
(RDMA_READ_CONSUME_CHECK_CONSUMER) timestamp=2041 ms, used_size=16023552 bytes (39.1%)
(RDMA_READ_CONSUME_CHECK_CONSUMER) timestamp=2041 ms, used_size=16021504 bytes (39.1%)
(RDMA_READ_CONSUME_CHECK_CONSUMER) timestamp=2041 ms, used_size=16019456 bytes (39.1%)
(RDMA_READ_CONSUME_CHECK_CONSUMER) timestamp=2041 ms, used_size=16017408 bytes (39.1%)
(RDMA_READ_CONSUME_CHECK_CONSUMER) timestamp=2041 ms, used_size=16015360 bytes (39.1%)
(RDMA_READ_CONSUME_CHECK_CONSUMER) timestamp=2041 ms, used_size=16013312 bytes (39.1%)
(RDMA_READ_CONSUME_CHECK_CONSUMER) timestamp=2041 ms, used_size=16011264 bytes (39.1%)
(RDMA_READ_CONSUME_CHECK_CONSUMER) timestamp=2041 ms, used_size=16009216 bytes (39.1%)
(RDMA_READ_CONSUME_CHECK_CONSUMER) timestamp=2041 ms, used_size=16007168 bytes (39.1%)
(RDMA_READ_CONSUME_CHECK_CONSUMER) timestamp=2041 ms, used_size=16005120 bytes (39.1%)
(RDMA_READ_CONSUME_CHECK_CONSUMER) timestamp=2041 ms, used_size=16003072 bytes (39.1%)
(RDMA_READ_CONSUME_CHECK_CONSUMER) timestamp=2041 ms, used_size=16001024 bytes (39.1%)
(RDMA_READ_CONSUME_CHECK_CONSUMER) timestamp=2041 ms, used_size=15998976 bytes (39.1%)
(RDMA_READ_CONSUME_CHECK_CONSUMER) timestamp=2041 ms, used_size=15996928 bytes (39.1%)
(RDMA_READ_CONSUME_CHECK_CONSUMER) timestamp=2041 ms, used_size=15994880 bytes (39.0%)
(RDMA_READ_CONSUME_CHECK_CONSUMER) timestamp=2041 ms, used_size=15992832 bytes (39.0%)
(RDMA_READ_CONSUME_CHECK_CONSUMER) timestamp=2041 ms, used_size=15990784 bytes (39.0%)
(RDMA_READ_CONSUME_CHECK_CONSUMER) timestamp=2041 ms, used_size=15988736 bytes (39.0%)
(RDMA_READ_CONSUME_CHECK_CONSUMER) timestamp=2041 ms, used_size=15986688 bytes (39.0%)
(RDMA_READ_CONSUME_CHECK_CONSUMER) timestamp=2041 ms, used_size=15984640 bytes (39.0%)
(RDMA_READ_CONSUME_CHECK_CONSUMER) timestamp=2041 ms, used_size=15982592 bytes (39.0%)
(RDMA_READ_CONSUME_CHECK_CONSUMER) timestamp=2041 ms, used_size=15980544 bytes (39.0%)
(RDMA_READ_CONSUME_CHECK_CONSUMER) timestamp=2041 ms, used_size=15978496 bytes (39.0%)
(RDMA_READ_CONSUME_CHECK_CONSUMER) timestamp=2041 ms, used_size=15976448 bytes (39.0%)
(RDMA_READ_CONSUME_CHECK_CONSUMER) timestamp=2041 ms, used_size=15974400 bytes (39.0%)
(RDMA_READ_CONSUME_CHECK_CONSUMER) timestamp=2041 ms, used_size=15972352 bytes (39.0%)
(RDMA_READ_CONSUME_CHECK_CONSUMER) timestamp=2041 ms, used_size=15970304 bytes (39.0%)
(RDMA_READ_CONSUME_CHECK_CONSUMER) timestamp=2041 ms, used_size=15968256 bytes (39.0%)
(RDMA_READ_CONSUME_CHECK_CONSUMER) timestamp=2041 ms, used_size=15966208 bytes (39.0%)
(RDMA_READ_CONSUME_CHECK_CONSUMER) timestamp=2041 ms, used_size=15964160 bytes (39.0%)
(RDMA_READ_CONSUME_CHECK_CONSUMER) timestamp=2041 ms, used_size=15962112 bytes (39.0%)
(RDMA_READ_CONSUME_CHECK_CONSUMER) timestamp=2041 ms, used_size=15960064 bytes (39.0%)
(RDMA_READ_CONSUME_CHECK_CONSUMER) timestamp=2041 ms, used_size=15958016 bytes (39.0%)
(RDMA_READ_CONSUME_CHECK_CONSUMER) timestamp=2041 ms, used_size=15955968 bytes (39.0%)
(RDMA_READ_CONSUME_CHECK_CONSUMER) timestamp=2041 ms, used_size=15953920 bytes (39.0%)
(RDMA_READ_CONSUME_CHECK_CONSUMER) timestamp=2041 ms, used_size=15951872 bytes (38.9%)
(RDMA_READ_CONSUME_CHECK_CONSUMER) timestamp=2041 ms, used_size=15949824 bytes (38.9%)
(RDMA_READ_CONSUME_CHECK_CONSUMER) timestamp=2041 ms, used_size=15947776 bytes (38.9%)
(RDMA_READ_CONSUME_CHECK_CONSUMER) timestamp=2041 ms, used_size=15945728 bytes (38.9%)
(RDMA_READ_CONSUME_CHECK_CONSUMER) timestamp=2041 ms, used_size=15943680 bytes (38.9%)
(RDMA_READ_CONSUME_CHECK_CONSUMER) timestamp=2041 ms, used_size=15941632 bytes (38.9%)
(RDMA_READ_CONSUME_CHECK_CONSUMER) timestamp=2041 ms, used_size=15939584 bytes (38.9%)
(RDMA_READ_CONSUME_CHECK_CONSUMER) timestamp=2041 ms, used_size=15937536 bytes (38.9%)
(RDMA_READ_CONSUME_CHECK_CONSUMER) timestamp=2041 ms, used_size=15935488 bytes (38.9%)
(RDMA_READ_CONSUME_CHECK_CONSUMER) timestamp=2041 ms, used_size=15933440 bytes (38.9%)
(RDMA_READ_CONSUME_CHECK_CONSUMER) timestamp=2041 ms, used_size=15931392 bytes (38.9%)
(RDMA_READ_CONSUME_CHECK_CONSUMER) timestamp=2041 ms, used_size=15929344 bytes (38.9%)
(RDMA_READ_CONSUME_CHECK_CONSUMER) timestamp=2041 ms, used_size=15927296 bytes (38.9%)
(RDMA_READ_CONSUME_CHECK_CONSUMER) timestamp=2041 ms, used_size=15925248 bytes (38.9%)
(RDMA_READ_CONSUME_CHECK_CONSUMER) timestamp=2041 ms, used_size=15923200 bytes (38.9%)
(RDMA_READ_CONSUME_CHECK_CONSUMER) timestamp=2041 ms, used_size=15921152 bytes (38.9%)
(RDMA_READ_CONSUME_CHECK_CONSUMER) timestamp=2041 ms, used_size=15919104 bytes (38.9%)
(RDMA_READ_CONSUME_CHECK_CONSUMER) timestamp=2041 ms, used_size=15917056 bytes (38.9%)
(RDMA_READ_CONSUME_CHECK_CONSUMER) timestamp=2041 ms, used_size=15915008 bytes (38.9%)
(RDMA_READ_CONSUME_CHECK_CONSUMER) timestamp=2041 ms, used_size=15912960 bytes (38.9%)
(RDMA_READ_CONSUME_CHECK_CONSUMER) timestamp=2041 ms, used_size=15910912 bytes (38.8%)
(RDMA_READ_CONSUME_CHECK_CONSUMER) timestamp=2041 ms, used_size=15908864 bytes (38.8%)
(RDMA_READ_CONSUME_CHECK_CONSUMER) timestamp=2041 ms, used_size=15906816 bytes (38.8%)
(RDMA_READ_CONSUME_CHECK_CONSUMER) timestamp=2041 ms, used_size=15904768 bytes (38.8%)
(RDMA_READ_CONSUME_CHECK_CONSUMER) timestamp=2041 ms, used_size=15902720 bytes (38.8%)
(RDMA_READ_CONSUME_CHECK_CONSUMER) timestamp=2041 ms, used_size=15900672 bytes (38.8%)
(RDMA_READ_CONSUME_CHECK_CONSUMER) timestamp=2041 ms, used_size=15898624 bytes (38.8%)
(RDMA_READ_CONSUME_CHECK_CONSUMER) timestamp=2041 ms, used_size=15896576 bytes (38.8%)
(RDMA_READ_CONSUME_CHECK_CONSUMER) timestamp=2041 ms, used_size=15894528 bytes (38.8%)
(RDMA_READ_CONSUME_CHECK_CONSUMER) timestamp=2041 ms, used_size=15892480 bytes (38.8%)
(RDMA_READ_CONSUME_CHECK_CONSUMER) timestamp=2041 ms, used_size=15890432 bytes (38.8%)
(RDMA_READ_CONSUME_CHECK_CONSUMER) timestamp=2041 ms, used_size=15888384 bytes (38.8%)
(RDMA_READ_CONSUME_CHECK_CONSUMER) timestamp=2041 ms, used_size=15886336 bytes (38.8%)
(RDMA_READ_CONSUME_CHECK_CONSUMER) timestamp=2041 ms, used_size=15884288 bytes (38.8%)
(RDMA_READ_CONSUME_CHECK_CONSUMER) timestamp=2041 ms, used_size=15882240 bytes (38.8%)
(RDMA_READ_CONSUME_CHECK_CONSUMER) timestamp=2041 ms, used_size=15880192 bytes (38.8%)
(RDMA_READ_CONSUME_CHECK_CONSUMER) timestamp=2041 ms, used_size=15878144 bytes (38.8%)
(RDMA_READ_CONSUME_CHECK_CONSUMER) timestamp=2041 ms, used_size=15876096 bytes (38.8%)
(RDMA_READ_CONSUME_CHECK_CONSUMER) timestamp=2041 ms, used_size=15874048 bytes (38.8%)
(RDMA_READ_CONSUME_CHECK_CONSUMER) timestamp=2041 ms, used_size=15872000 bytes (38.8%)
(RDMA_READ_CONSUME_CHECK_CONSUMER) timestamp=2041 ms, used_size=15869952 bytes (38.7%)
(RDMA_READ_CONSUME_CHECK_CONSUMER) timestamp=2041 ms, used_size=15867904 bytes (38.7%)
(RDMA_READ_CONSUME_CHECK_CONSUMER) timestamp=2041 ms, used_size=15865856 bytes (38.7%)
(RDMA_READ_CONSUME_CHECK_CONSUMER) timestamp=2041 ms, used_size=15863808 bytes (38.7%)
(RDMA_READ_CONSUME_CHECK_CONSUMER) timestamp=2041 ms, used_size=15861760 bytes (38.7%)
(RDMA_READ_CONSUME_CHECK_CONSUMER) timestamp=2041 ms, used_size=15859712 bytes (38.7%)
(RDMA_READ_CONSUME_CHECK_CONSUMER) timestamp=2041 ms, used_size=15857664 bytes (38.7%)
(RDMA_READ_CONSUME_CHECK_CONSUMER) timestamp=2041 ms, used_size=15855616 bytes (38.7%)
(RDMA_READ_CONSUME_CHECK_CONSUMER) timestamp=2041 ms, used_size=15853568 bytes (38.7%)
(RDMA_READ_CONSUME_CHECK_CONSUMER) timestamp=2041 ms, used_size=15851520 bytes (38.7%)
(RDMA_READ_CONSUME_CHECK_CONSUMER) timestamp=2041 ms, used_size=15849472 bytes (38.7%)
(RDMA_READ_CONSUME_CHECK_CONSUMER) timestamp=2041 ms, used_size=15847424 bytes (38.7%)
(RDMA_READ_CONSUME_CHECK_CONSUMER) timestamp=2041 ms, used_size=15845376 bytes (38.7%)
(RDMA_READ_CONSUME_CHECK_CONSUMER) timestamp=2041 ms, used_size=15843328 bytes (38.7%)
(RDMA_READ_CONSUME_CHECK_CONSUMER) timestamp=2041 ms, used_size=15841280 bytes (38.7%)
(RDMA_READ_CONSUME_CHECK_CONSUMER) timestamp=2041 ms, used_size=15839232 bytes (38.7%)
(RDMA_READ_CONSUME_CHECK_CONSUMER) timestamp=2041 ms, used_size=15837184 bytes (38.7%)
(RDMA_READ_CONSUME_CHECK_CONSUMER) timestamp=2041 ms, used_size=15835136 bytes (38.7%)
(RDMA_READ_CONSUME_CHECK_CONSUMER) timestamp=2041 ms, used_size=15833088 bytes (38.7%)
(RDMA_READ_CONSUME_CHECK_CONSUMER) timestamp=2041 ms, used_size=15831040 bytes (38.6%)
(RDMA_READ_CONSUME_CHECK_CONSUMER) timestamp=2041 ms, used_size=15828992 bytes (38.6%)
(RDMA_READ_CONSUME_CHECK_CONSUMER) timestamp=2041 ms, used_size=15826944 bytes (38.6%)
(RDMA_READ_CONSUME_CHECK_CONSUMER) timestamp=2041 ms, used_size=15824896 bytes (38.6%)
(RDMA_READ_CONSUME_CHECK_CONSUMER) timestamp=2041 ms, used_size=15822848 bytes (38.6%)
(RDMA_READ_CONSUME_CHECK_CONSUMER) timestamp=2041 ms, used_size=15820800 bytes (38.6%)
(RDMA_READ_CONSUME_CHECK_CONSUMER) timestamp=2041 ms, used_size=15818752 bytes (38.6%)
(RDMA_READ_CONSUME_CHECK_CONSUMER) timestamp=2041 ms, used_size=15816704 bytes (38.6%)
(RDMA_READ_CONSUME_CHECK_CONSUMER) timestamp=2041 ms, used_size=15814656 bytes (38.6%)
(RDMA_READ_CONSUME_CHECK_CONSUMER) timestamp=2041 ms, used_size=15812608 bytes (38.6%)
(RDMA_READ_CONSUME_CHECK_CONSUMER) timestamp=2041 ms, used_size=15810560 bytes (38.6%)
(RDMA_READ_CONSUME_CHECK_CONSUMER) timestamp=2041 ms, used_size=15808512 bytes (38.6%)
(RDMA_READ_CONSUME_CHECK_CONSUMER) timestamp=2041 ms, used_size=15806464 bytes (38.6%)
(RDMA_READ_CONSUME_CHECK_CONSUMER) timestamp=2041 ms, used_size=15804416 bytes (38.6%)
(RDMA_READ_CONSUME_CHECK_CONSUMER) timestamp=2041 ms, used_size=15802368 bytes (38.6%)
(RDMA_READ_CONSUME_CHECK_CONSUMER) timestamp=2041 ms, used_size=15800320 bytes (38.6%)
(RDMA_READ_CONSUME_CHECK_CONSUMER) timestamp=2041 ms, used_size=15798272 bytes (38.6%)
(RDMA_READ_CONSUME_CHECK_CONSUMER) timestamp=2041 ms, used_size=15796224 bytes (38.6%)
(RDMA_READ_CONSUME_CHECK_CONSUMER) timestamp=2041 ms, used_size=15794176 bytes (38.6%)
(RDMA_READ_CONSUME_CHECK_CONSUMER) timestamp=2041 ms, used_size=15792128 bytes (38.6%)
(RDMA_READ_CONSUME_CHECK_CONSUMER) timestamp=2041 ms, used_size=15790080 bytes (38.5%)
(RDMA_READ_CONSUME_CHECK_CONSUMER) timestamp=2041 ms, used_size=15788032 bytes (38.5%)
(RDMA_READ_CONSUME_CHECK_CONSUMER) timestamp=2041 ms, used_size=15785984 bytes (38.5%)
(RDMA_READ_CONSUME_CHECK_CONSUMER) timestamp=2041 ms, used_size=15783936 bytes (38.5%)
(RDMA_READ_CONSUME_CHECK_CONSUMER) timestamp=2041 ms, used_size=15781888 bytes (38.5%)
(RDMA_READ_CONSUME_CHECK_CONSUMER) timestamp=2041 ms, used_size=15779840 bytes (38.5%)
(RDMA_READ_CONSUME_CHECK_CONSUMER) timestamp=2041 ms, used_size=15777792 bytes (38.5%)
(RDMA_READ_CONSUME_CHECK_CONSUMER) timestamp=2041 ms, used_size=15775744 bytes (38.5%)
(RDMA_READ_CONSUME_CHECK_CONSUMER) timestamp=2041 ms, used_size=15773696 bytes (38.5%)
(RDMA_READ_CONSUME_CHECK_CONSUMER) timestamp=2041 ms, used_size=15771648 bytes (38.5%)
(RDMA_READ_CONSUME_CHECK_CONSUMER) timestamp=2041 ms, used_size=15769600 bytes (38.5%)
(RDMA_READ_CONSUME_CHECK_CONSUMER) timestamp=2041 ms, used_size=15767552 bytes (38.5%)
(RDMA_READ_CONSUME_CHECK_CONSUMER) timestamp=2041 ms, used_size=15765504 bytes (38.5%)
(RDMA_READ_CONSUME_CHECK_CONSUMER) timestamp=2041 ms, used_size=15763456 bytes (38.5%)
(RDMA_READ_CONSUME_CHECK_CONSUMER) timestamp=2041 ms, used_size=15761408 bytes (38.5%)
(RDMA_READ_CONSUME_CHECK_CONSUMER) timestamp=2041 ms, used_size=15759360 bytes (38.5%)
(RDMA_READ_CONSUME_CHECK_CONSUMER) timestamp=2041 ms, used_size=15757312 bytes (38.5%)
(RDMA_READ_CONSUME_CHECK_CONSUMER) timestamp=2041 ms, used_size=15755264 bytes (38.5%)
(RDMA_READ_CONSUME_CHECK_CONSUMER) timestamp=2041 ms, used_size=15753216 bytes (38.5%)
(RDMA_READ_CONSUME_CHECK_CONSUMER) timestamp=2041 ms, used_size=15751168 bytes (38.5%)
(RDMA_READ_CONSUME_CHECK_CONSUMER) timestamp=2041 ms, used_size=15749120 bytes (38.5%)
(RDMA_READ_CONSUME_CHECK_CONSUMER) timestamp=2041 ms, used_size=15747072 bytes (38.4%)
(RDMA_READ_CONSUME_CHECK_CONSUMER) timestamp=2041 ms, used_size=15745024 bytes (38.4%)
(RDMA_READ_CONSUME_CHECK_CONSUMER) timestamp=2041 ms, used_size=15742976 bytes (38.4%)
(RDMA_READ_CONSUME_CHECK_CONSUMER) timestamp=2041 ms, used_size=15740928 bytes (38.4%)
(RDMA_READ_CONSUME_CHECK_CONSUMER) timestamp=2041 ms, used_size=15738880 bytes (38.4%)
(RDMA_READ_CONSUME_CHECK_CONSUMER) timestamp=2041 ms, used_size=15736832 bytes (38.4%)
(RDMA_READ_CONSUME_CHECK_CONSUMER) timestamp=2041 ms, used_size=15734784 bytes (38.4%)
(RDMA_READ_CONSUME_CHECK_CONSUMER) timestamp=2041 ms, used_size=15732736 bytes (38.4%)
(RDMA_READ_CONSUME_CHECK_CONSUMER) timestamp=2041 ms, used_size=15730688 bytes (38.4%)
(RDMA_READ_CONSUME_CHECK_CONSUMER) timestamp=2041 ms, used_size=15728640 bytes (38.4%)
(RDMA_READ_CONSUME_CHECK_CONSUMER) timestamp=2041 ms, used_size=15726592 bytes (38.4%)
(RDMA_READ_CONSUME_CHECK_CONSUMER) timestamp=2041 ms, used_size=15724544 bytes (38.4%)
(RDMA_READ_CONSUME_CHECK_CONSUMER) timestamp=2041 ms, used_size=15722496 bytes (38.4%)
(RDMA_READ_CONSUME_CHECK_CONSUMER) timestamp=2041 ms, used_size=15720448 bytes (38.4%)
(RDMA_READ_CONSUME_CHECK_CONSUMER) timestamp=2041 ms, used_size=15718400 bytes (38.4%)
(RDMA_READ_CONSUME_CHECK_CONSUMER) timestamp=2041 ms, used_size=15716352 bytes (38.4%)
(RDMA_READ_CONSUME_CHECK_CONSUMER) timestamp=2041 ms, used_size=15714304 bytes (38.4%)
(RDMA_READ_CONSUME_CHECK_CONSUMER) timestamp=2041 ms, used_size=15712256 bytes (38.4%)
(RDMA_READ_CONSUME_CHECK_CONSUMER) timestamp=2041 ms, used_size=15710208 bytes (38.4%)
(RDMA_READ_CONSUME_CHECK_CONSUMER) timestamp=2041 ms, used_size=15708160 bytes (38.4%)
(RDMA_READ_CONSUME_CHECK_CONSUMER) timestamp=2041 ms, used_size=15706112 bytes (38.3%)
(RDMA_READ_CONSUME_CHECK_CONSUMER) timestamp=2041 ms, used_size=15704064 bytes (38.3%)
(RDMA_READ_CONSUME_CHECK_CONSUMER) timestamp=2042 ms, used_size=15702016 bytes (38.3%)
(RDMA_READ_CONSUME_CHECK_CONSUMER) timestamp=2042 ms, used_size=15699968 bytes (38.3%)
(RDMA_READ_CONSUME_CHECK_CONSUMER) timestamp=2042 ms, used_size=15697920 bytes (38.3%)
(RDMA_READ_CONSUME_CHECK_CONSUMER) timestamp=2042 ms, used_size=15695872 bytes (38.3%)
(RDMA_READ_CONSUME_CHECK_CONSUMER) timestamp=2042 ms, used_size=15693824 bytes (38.3%)
(RDMA_READ_CONSUME_CHECK_CONSUMER) timestamp=2042 ms, used_size=15691776 bytes (38.3%)
(RDMA_READ_CONSUME_CHECK_CONSUMER) timestamp=2042 ms, used_size=15689728 bytes (38.3%)
(RDMA_READ_CONSUME_CHECK_CONSUMER) timestamp=2042 ms, used_size=15687680 bytes (38.3%)
(RDMA_READ_CONSUME_CHECK_CONSUMER) timestamp=2042 ms, used_size=15685632 bytes (38.3%)
(RDMA_READ_CONSUME_CHECK_CONSUMER) timestamp=2042 ms, used_size=15683584 bytes (38.3%)
(RDMA_READ_CONSUME_CHECK_CONSUMER) timestamp=2042 ms, used_size=15681536 bytes (38.3%)
(RDMA_READ_CONSUME_CHECK_CONSUMER) timestamp=2042 ms, used_size=15679488 bytes (38.3%)
(RDMA_READ_CONSUME_CHECK_CONSUMER) timestamp=2042 ms, used_size=15677440 bytes (38.3%)
(RDMA_READ_CONSUME_CHECK_CONSUMER) timestamp=2042 ms, used_size=15675392 bytes (38.3%)
(RDMA_READ_CONSUME_CHECK_CONSUMER) timestamp=2042 ms, used_size=15673344 bytes (38.3%)
(RDMA_READ_CONSUME_CHECK_CONSUMER) timestamp=2042 ms, used_size=15671296 bytes (38.3%)
(RDMA_READ_CONSUME_CHECK_CONSUMER) timestamp=2042 ms, used_size=15669248 bytes (38.3%)
(RDMA_READ_CONSUME_CHECK_CONSUMER) timestamp=2042 ms, used_size=15667200 bytes (38.2%)
(RDMA_READ_CONSUME_CHECK_CONSUMER) timestamp=2042 ms, used_size=15665152 bytes (38.2%)
(RDMA_READ_CONSUME_CHECK_CONSUMER) timestamp=2042 ms, used_size=15663104 bytes (38.2%)
(RDMA_READ_CONSUME_CHECK_CONSUMER) timestamp=2042 ms, used_size=15661056 bytes (38.2%)
(RDMA_READ_CONSUME_CHECK_CONSUMER) timestamp=2042 ms, used_size=15659008 bytes (38.2%)
(RDMA_READ_CONSUME_CHECK_CONSUMER) timestamp=2042 ms, used_size=15656960 bytes (38.2%)
(RDMA_READ_CONSUME_CHECK_CONSUMER) timestamp=2042 ms, used_size=15654912 bytes (38.2%)
(RDMA_READ_CONSUME_CHECK_CONSUMER) timestamp=2042 ms, used_size=15652864 bytes (38.2%)
(RDMA_READ_CONSUME_CHECK_CONSUMER) timestamp=2042 ms, used_size=15650816 bytes (38.2%)
(RDMA_READ_CONSUME_CHECK_CONSUMER) timestamp=2042 ms, used_size=15648768 bytes (38.2%)
(RDMA_READ_CONSUME_CHECK_CONSUMER) timestamp=2042 ms, used_size=15646720 bytes (38.2%)
(RDMA_READ_CONSUME_CHECK_CONSUMER) timestamp=2042 ms, used_size=15644672 bytes (38.2%)
(RDMA_READ_CONSUME_CHECK_CONSUMER) timestamp=2042 ms, used_size=15642624 bytes (38.2%)
(RDMA_READ_CONSUME_CHECK_CONSUMER) timestamp=2042 ms, used_size=15640576 bytes (38.2%)
(RDMA_READ_CONSUME_CHECK_CONSUMER) timestamp=2042 ms, used_size=15638528 bytes (38.2%)
(RDMA_READ_CONSUME_CHECK_CONSUMER) timestamp=2042 ms, used_size=15636480 bytes (38.2%)
(RDMA_READ_CONSUME_CHECK_CONSUMER) timestamp=2042 ms, used_size=15634432 bytes (38.2%)
(RDMA_READ_CONSUME_CHECK_CONSUMER) timestamp=2042 ms, used_size=15632384 bytes (38.2%)
(RDMA_READ_CONSUME_CHECK_CONSUMER) timestamp=2042 ms, used_size=15630336 bytes (38.2%)
(RDMA_READ_CONSUME_CHECK_CONSUMER) timestamp=2042 ms, used_size=15628288 bytes (38.2%)
(RDMA_READ_CONSUME_CHECK_CONSUMER) timestamp=2042 ms, used_size=15626240 bytes (38.1%)
(RDMA_READ_CONSUME_CHECK_CONSUMER) timestamp=2042 ms, used_size=15624192 bytes (38.1%)
(RDMA_READ_CONSUME_CHECK_CONSUMER) timestamp=2042 ms, used_size=15622144 bytes (38.1%)
(RDMA_READ_CONSUME_CHECK_CONSUMER) timestamp=2042 ms, used_size=15620096 bytes (38.1%)
(RDMA_READ_CONSUME_CHECK_CONSUMER) timestamp=2042 ms, used_size=15618048 bytes (38.1%)
(RDMA_READ_CONSUME_CHECK_CONSUMER) timestamp=2042 ms, used_size=15616000 bytes (38.1%)
(RDMA_READ_CONSUME_CHECK_CONSUMER) timestamp=2042 ms, used_size=15613952 bytes (38.1%)
(RDMA_READ_CONSUME_CHECK_CONSUMER) timestamp=2042 ms, used_size=15611904 bytes (38.1%)
(RDMA_READ_CONSUME_CHECK_CONSUMER) timestamp=2042 ms, used_size=15609856 bytes (38.1%)
(RDMA_READ_CONSUME_CHECK_CONSUMER) timestamp=2042 ms, used_size=15607808 bytes (38.1%)
(RDMA_READ_CONSUME_CHECK_CONSUMER) timestamp=2042 ms, used_size=15605760 bytes (38.1%)
(RDMA_READ_CONSUME_CHECK_CONSUMER) timestamp=2042 ms, used_size=15603712 bytes (38.1%)
(RDMA_READ_CONSUME_CHECK_CONSUMER) timestamp=2042 ms, used_size=15601664 bytes (38.1%)
(RDMA_READ_CONSUME_CHECK_CONSUMER) timestamp=2042 ms, used_size=15599616 bytes (38.1%)
(RDMA_READ_CONSUME_CHECK_CONSUMER) timestamp=2042 ms, used_size=15597568 bytes (38.1%)
(RDMA_READ_CONSUME_CHECK_CONSUMER) timestamp=2042 ms, used_size=15595520 bytes (38.1%)
(RDMA_READ_CONSUME_CHECK_CONSUMER) timestamp=2042 ms, used_size=15593472 bytes (38.1%)
(RDMA_READ_CONSUME_CHECK_CONSUMER) timestamp=2042 ms, used_size=15591424 bytes (38.1%)
(RDMA_READ_CONSUME_CHECK_CONSUMER) timestamp=2042 ms, used_size=15589376 bytes (38.1%)
(RDMA_READ_CONSUME_CHECK_CONSUMER) timestamp=2042 ms, used_size=15587328 bytes (38.1%)
(RDMA_READ_CONSUME_CHECK_CONSUMER) timestamp=2042 ms, used_size=15585280 bytes (38.0%)
(RDMA_READ_CONSUME_CHECK_CONSUMER) timestamp=2042 ms, used_size=15583232 bytes (38.0%)
(RDMA_READ_CONSUME_CHECK_CONSUMER) timestamp=2042 ms, used_size=15581184 bytes (38.0%)
(RDMA_READ_CONSUME_CHECK_CONSUMER) timestamp=2042 ms, used_size=15579136 bytes (38.0%)
(RDMA_READ_CONSUME_CHECK_CONSUMER) timestamp=2042 ms, used_size=15577088 bytes (38.0%)
(RDMA_READ_CONSUME_CHECK_CONSUMER) timestamp=2042 ms, used_size=15575040 bytes (38.0%)
(RDMA_READ_CONSUME_CHECK_CONSUMER) timestamp=2042 ms, used_size=15572992 bytes (38.0%)
(RDMA_READ_CONSUME_CHECK_CONSUMER) timestamp=2042 ms, used_size=15570944 bytes (38.0%)
(RDMA_READ_CONSUME_CHECK_CONSUMER) timestamp=2042 ms, used_size=15568896 bytes (38.0%)
(RDMA_READ_CONSUME_CHECK_CONSUMER) timestamp=2042 ms, used_size=15566848 bytes (38.0%)
(RDMA_READ_CONSUME_CHECK_CONSUMER) timestamp=2042 ms, used_size=15564800 bytes (38.0%)
(RDMA_READ_CONSUME_CHECK_CONSUMER) timestamp=2042 ms, used_size=15562752 bytes (38.0%)
(RDMA_READ_CONSUME_CHECK_CONSUMER) timestamp=2042 ms, used_size=15560704 bytes (38.0%)
(RDMA_READ_CONSUME_CHECK_CONSUMER) timestamp=2042 ms, used_size=15558656 bytes (38.0%)
(RDMA_READ_CONSUME_CHECK_CONSUMER) timestamp=2042 ms, used_size=15556608 bytes (38.0%)
(RDMA_READ_CONSUME_CHECK_CONSUMER) timestamp=2042 ms, used_size=15554560 bytes (38.0%)
(RDMA_READ_CONSUME_CHECK_CONSUMER) timestamp=2042 ms, used_size=15552512 bytes (38.0%)
(RDMA_READ_CONSUME_CHECK_CONSUMER) timestamp=2042 ms, used_size=15550464 bytes (38.0%)
(RDMA_READ_CONSUME_CHECK_CONSUMER) timestamp=2042 ms, used_size=15548416 bytes (38.0%)
(RDMA_READ_CONSUME_CHECK_CONSUMER) timestamp=2042 ms, used_size=15546368 bytes (38.0%)
(RDMA_READ_CONSUME_CHECK_CONSUMER) timestamp=2042 ms, used_size=15544320 bytes (38.0%)
(RDMA_READ_CONSUME_CHECK_CONSUMER) timestamp=2042 ms, used_size=15542272 bytes (37.9%)
(RDMA_READ_CONSUME_CHECK_CONSUMER) timestamp=2042 ms, used_size=15540224 bytes (37.9%)
(RDMA_READ_CONSUME_CHECK_CONSUMER) timestamp=2042 ms, used_size=15538176 bytes (37.9%)
(RDMA_READ_CONSUME_CHECK_CONSUMER) timestamp=2042 ms, used_size=15536128 bytes (37.9%)
(RDMA_READ_CONSUME_CHECK_CONSUMER) timestamp=2042 ms, used_size=15534080 bytes (37.9%)
(RDMA_READ_CONSUME_CHECK_CONSUMER) timestamp=2042 ms, used_size=15532032 bytes (37.9%)
(RDMA_READ_CONSUME_CHECK_CONSUMER) timestamp=2042 ms, used_size=15529984 bytes (37.9%)
(RDMA_READ_CONSUME_CHECK_CONSUMER) timestamp=2042 ms, used_size=15527936 bytes (37.9%)
(RDMA_READ_CONSUME_CHECK_CONSUMER) timestamp=2042 ms, used_size=15525888 bytes (37.9%)
(RDMA_READ_CONSUME_CHECK_CONSUMER) timestamp=2042 ms, used_size=15523840 bytes (37.9%)
(RDMA_READ_CONSUME_CHECK_CONSUMER) timestamp=2042 ms, used_size=15521792 bytes (37.9%)
(RDMA_READ_CONSUME_CHECK_CONSUMER) timestamp=2042 ms, used_size=15519744 bytes (37.9%)
(RDMA_READ_CONSUME_CHECK_CONSUMER) timestamp=2042 ms, used_size=15517696 bytes (37.9%)
(RDMA_READ_CONSUME_CHECK_CONSUMER) timestamp=2042 ms, used_size=15515648 bytes (37.9%)
(RDMA_READ_CONSUME_CHECK_CONSUMER) timestamp=2042 ms, used_size=15513600 bytes (37.9%)
(RDMA_READ_CONSUME_CHECK_CONSUMER) timestamp=2042 ms, used_size=15511552 bytes (37.9%)
(RDMA_READ_CONSUME_CHECK_CONSUMER) timestamp=2042 ms, used_size=15509504 bytes (37.9%)
(RDMA_READ_CONSUME_CHECK_CONSUMER) timestamp=2042 ms, used_size=15507456 bytes (37.9%)
(RDMA_READ_CONSUME_CHECK_CONSUMER) timestamp=2042 ms, used_size=15505408 bytes (37.9%)
(RDMA_READ_CONSUME_CHECK_CONSUMER) timestamp=2042 ms, used_size=15503360 bytes (37.9%)
(RDMA_READ_CONSUME_CHECK_CONSUMER) timestamp=2042 ms, used_size=15501312 bytes (37.8%)
(RDMA_READ_CONSUME_CHECK_CONSUMER) timestamp=2042 ms, used_size=15499264 bytes (37.8%)
(RDMA_READ_CONSUME_CHECK_CONSUMER) timestamp=2042 ms, used_size=15497216 bytes (37.8%)
(RDMA_READ_CONSUME_CHECK_CONSUMER) timestamp=2042 ms, used_size=15495168 bytes (37.8%)
(RDMA_READ_CONSUME_CHECK_CONSUMER) timestamp=2042 ms, used_size=15493120 bytes (37.8%)
(RDMA_READ_CONSUME_CHECK_CONSUMER) timestamp=2042 ms, used_size=15491072 bytes (37.8%)
(RDMA_READ_CONSUME_CHECK_CONSUMER) timestamp=2042 ms, used_size=15489024 bytes (37.8%)
(RDMA_READ_CONSUME_CHECK_CONSUMER) timestamp=2042 ms, used_size=15486976 bytes (37.8%)
(RDMA_READ_CONSUME_CHECK_CONSUMER) timestamp=2042 ms, used_size=15484928 bytes (37.8%)
(RDMA_READ_CONSUME_CHECK_CONSUMER) timestamp=2042 ms, used_size=15482880 bytes (37.8%)
(RDMA_READ_CONSUME_CHECK_CONSUMER) timestamp=2042 ms, used_size=15480832 bytes (37.8%)
(RDMA_READ_CONSUME_CHECK_CONSUMER) timestamp=2042 ms, used_size=15478784 bytes (37.8%)
(RDMA_READ_CONSUME_CHECK_CONSUMER) timestamp=2042 ms, used_size=15476736 bytes (37.8%)
(RDMA_READ_CONSUME_CHECK_CONSUMER) timestamp=2042 ms, used_size=15474688 bytes (37.8%)
(RDMA_READ_CONSUME_CHECK_CONSUMER) timestamp=2042 ms, used_size=15472640 bytes (37.8%)
(RDMA_READ_CONSUME_CHECK_CONSUMER) timestamp=2042 ms, used_size=15470592 bytes (37.8%)
(RDMA_READ_CONSUME_CHECK_CONSUMER) timestamp=2042 ms, used_size=15468544 bytes (37.8%)
(RDMA_READ_CONSUME_CHECK_CONSUMER) timestamp=2042 ms, used_size=15466496 bytes (37.8%)
(RDMA_READ_CONSUME_CHECK_CONSUMER) timestamp=2042 ms, used_size=15464448 bytes (37.8%)
(RDMA_READ_CONSUME_CHECK_CONSUMER) timestamp=2042 ms, used_size=15462400 bytes (37.8%)
(RDMA_READ_CONSUME_CHECK_CONSUMER) timestamp=2042 ms, used_size=15460352 bytes (37.7%)
(RDMA_READ_CONSUME_CHECK_CONSUMER) timestamp=2042 ms, used_size=15458304 bytes (37.7%)
(RDMA_READ_CONSUME_CHECK_CONSUMER) timestamp=2042 ms, used_size=15456256 bytes (37.7%)
(RDMA_READ_CONSUME_CHECK_CONSUMER) timestamp=2042 ms, used_size=15454208 bytes (37.7%)
(RDMA_READ_CONSUME_CHECK_CONSUMER) timestamp=2042 ms, used_size=15452160 bytes (37.7%)
(RDMA_READ_CONSUME_CHECK_CONSUMER) timestamp=2042 ms, used_size=15450112 bytes (37.7%)
(RDMA_READ_CONSUME_CHECK_CONSUMER) timestamp=2042 ms, used_size=15448064 bytes (37.7%)
(RDMA_READ_CONSUME_CHECK_CONSUMER) timestamp=2042 ms, used_size=15446016 bytes (37.7%)
(RDMA_READ_CONSUME_CHECK_CONSUMER) timestamp=2042 ms, used_size=15443968 bytes (37.7%)
(RDMA_READ_CONSUME_CHECK_CONSUMER) timestamp=2042 ms, used_size=15441920 bytes (37.7%)
(RDMA_READ_CONSUME_CHECK_CONSUMER) timestamp=2042 ms, used_size=15439872 bytes (37.7%)
(RDMA_READ_CONSUME_CHECK_CONSUMER) timestamp=2042 ms, used_size=15437824 bytes (37.7%)
(RDMA_READ_CONSUME_CHECK_CONSUMER) timestamp=2042 ms, used_size=15435776 bytes (37.7%)
(RDMA_READ_CONSUME_CHECK_CONSUMER) timestamp=2042 ms, used_size=15433728 bytes (37.7%)
(RDMA_READ_CONSUME_CHECK_CONSUMER) timestamp=2042 ms, used_size=15431680 bytes (37.7%)
(RDMA_READ_CONSUME_CHECK_CONSUMER) timestamp=2042 ms, used_size=15429632 bytes (37.7%)
(RDMA_READ_CONSUME_CHECK_CONSUMER) timestamp=2042 ms, used_size=15427584 bytes (37.7%)
(RDMA_READ_CONSUME_CHECK_CONSUMER) timestamp=2042 ms, used_size=15425536 bytes (37.7%)
(RDMA_READ_CONSUME_CHECK_CONSUMER) timestamp=2042 ms, used_size=15423488 bytes (37.7%)
(RDMA_READ_CONSUME_CHECK_CONSUMER) timestamp=2042 ms, used_size=15421440 bytes (37.6%)
(RDMA_READ_CONSUME_CHECK_CONSUMER) timestamp=2042 ms, used_size=15419392 bytes (37.6%)
(RDMA_READ_CONSUME_CHECK_CONSUMER) timestamp=2042 ms, used_size=15417344 bytes (37.6%)
(RDMA_READ_CONSUME_CHECK_CONSUMER) timestamp=2042 ms, used_size=15415296 bytes (37.6%)
(RDMA_READ_CONSUME_CHECK_CONSUMER) timestamp=2042 ms, used_size=15413248 bytes (37.6%)
(RDMA_READ_CONSUME_CHECK_CONSUMER) timestamp=2042 ms, used_size=15411200 bytes (37.6%)
(RDMA_READ_CONSUME_CHECK_CONSUMER) timestamp=2042 ms, used_size=15409152 bytes (37.6%)
(RDMA_READ_CONSUME_CHECK_CONSUMER) timestamp=2042 ms, used_size=15407104 bytes (37.6%)
(RDMA_READ_CONSUME_CHECK_CONSUMER) timestamp=2042 ms, used_size=15405056 bytes (37.6%)
(RDMA_READ_CONSUME_CHECK_CONSUMER) timestamp=2042 ms, used_size=15403008 bytes (37.6%)
(RDMA_READ_CONSUME_CHECK_CONSUMER) timestamp=2042 ms, used_size=15400960 bytes (37.6%)
(RDMA_READ_CONSUME_CHECK_CONSUMER) timestamp=2042 ms, used_size=15398912 bytes (37.6%)
(RDMA_READ_CONSUME_CHECK_CONSUMER) timestamp=2042 ms, used_size=15396864 bytes (37.6%)
(RDMA_READ_CONSUME_CHECK_CONSUMER) timestamp=2042 ms, used_size=15394816 bytes (37.6%)
(RDMA_READ_CONSUME_CHECK_CONSUMER) timestamp=2042 ms, used_size=15392768 bytes (37.6%)
(RDMA_READ_CONSUME_CHECK_CONSUMER) timestamp=2042 ms, used_size=15390720 bytes (37.6%)
(RDMA_READ_CONSUME_CHECK_CONSUMER) timestamp=2042 ms, used_size=15388672 bytes (37.6%)
(RDMA_READ_CONSUME_CHECK_CONSUMER) timestamp=2042 ms, used_size=15386624 bytes (37.6%)
(RDMA_READ_CONSUME_CHECK_CONSUMER) timestamp=2042 ms, used_size=15384576 bytes (37.6%)
(RDMA_READ_CONSUME_CHECK_CONSUMER) timestamp=2042 ms, used_size=15382528 bytes (37.6%)
(RDMA_READ_CONSUME_CHECK_CONSUMER) timestamp=2042 ms, used_size=15380480 bytes (37.5%)
(RDMA_READ_CONSUME_CHECK_CONSUMER) timestamp=2042 ms, used_size=15378432 bytes (37.5%)
(RDMA_READ_CONSUME_CHECK_CONSUMER) timestamp=2042 ms, used_size=15376384 bytes (37.5%)
(RDMA_READ_CONSUME_CHECK_CONSUMER) timestamp=2042 ms, used_size=15374336 bytes (37.5%)
(RDMA_READ_CONSUME_CHECK_CONSUMER) timestamp=2042 ms, used_size=15372288 bytes (37.5%)
(RDMA_READ_CONSUME_CHECK_CONSUMER) timestamp=2042 ms, used_size=15370240 bytes (37.5%)
(RDMA_READ_CONSUME_CHECK_CONSUMER) timestamp=2042 ms, used_size=15368192 bytes (37.5%)
(RDMA_READ_CONSUME_CHECK_CONSUMER) timestamp=2042 ms, used_size=15366144 bytes (37.5%)
(RDMA_READ_CONSUME_CHECK_CONSUMER) timestamp=2042 ms, used_size=15364096 bytes (37.5%)
(RDMA_READ_CONSUME_CHECK_CONSUMER) timestamp=2042 ms, used_size=15362048 bytes (37.5%)
(RDMA_READ_CONSUME_CHECK_CONSUMER) timestamp=2042 ms, used_size=15360000 bytes (37.5%)
(RDMA_READ_CONSUME_CHECK_CONSUMER) timestamp=2042 ms, used_size=15357952 bytes (37.5%)
(RDMA_READ_CONSUME_CHECK_CONSUMER) timestamp=2042 ms, used_size=15355904 bytes (37.5%)
(RDMA_READ_CONSUME_CHECK_CONSUMER) timestamp=2042 ms, used_size=15353856 bytes (37.5%)
(RDMA_READ_CONSUME_CHECK_CONSUMER) timestamp=2042 ms, used_size=15351808 bytes (37.5%)
(RDMA_READ_CONSUME_CHECK_CONSUMER) timestamp=2042 ms, used_size=15349760 bytes (37.5%)
(RDMA_READ_CONSUME_CHECK_CONSUMER) timestamp=2042 ms, used_size=15347712 bytes (37.5%)
(RDMA_READ_CONSUME_CHECK_CONSUMER) timestamp=2042 ms, used_size=15345664 bytes (37.5%)
(RDMA_READ_CONSUME_CHECK_CONSUMER) timestamp=2042 ms, used_size=15343616 bytes (37.5%)
(RDMA_READ_CONSUME_CHECK_CONSUMER) timestamp=2042 ms, used_size=15341568 bytes (37.5%)
(RDMA_READ_CONSUME_CHECK_CONSUMER) timestamp=2042 ms, used_size=15339520 bytes (37.5%)
(RDMA_READ_CONSUME_CHECK_CONSUMER) timestamp=2042 ms, used_size=15337472 bytes (37.4%)
(RDMA_READ_CONSUME_CHECK_CONSUMER) timestamp=2042 ms, used_size=15335424 bytes (37.4%)
(RDMA_READ_CONSUME_CHECK_CONSUMER) timestamp=2042 ms, used_size=15333376 bytes (37.4%)
(RDMA_READ_CONSUME_CHECK_CONSUMER) timestamp=2042 ms, used_size=15331328 bytes (37.4%)
(RDMA_READ_CONSUME_CHECK_CONSUMER) timestamp=2042 ms, used_size=15329280 bytes (37.4%)
(RDMA_READ_CONSUME_CHECK_CONSUMER) timestamp=2042 ms, used_size=15327232 bytes (37.4%)
(RDMA_READ_CONSUME_CHECK_CONSUMER) timestamp=2042 ms, used_size=15325184 bytes (37.4%)
(RDMA_READ_CONSUME_CHECK_CONSUMER) timestamp=2043 ms, used_size=15323136 bytes (37.4%)
(RDMA_READ_CONSUME_CHECK_CONSUMER) timestamp=2043 ms, used_size=15321088 bytes (37.4%)
(RDMA_READ_CONSUME_CHECK_CONSUMER) timestamp=2043 ms, used_size=15319040 bytes (37.4%)
(RDMA_READ_CONSUME_CHECK_CONSUMER) timestamp=2043 ms, used_size=15316992 bytes (37.4%)
(RDMA_READ_CONSUME_CHECK_CONSUMER) timestamp=2043 ms, used_size=15314944 bytes (37.4%)
(RDMA_READ_CONSUME_CHECK_CONSUMER) timestamp=2043 ms, used_size=15312896 bytes (37.4%)
(RDMA_READ_CONSUME_CHECK_CONSUMER) timestamp=2043 ms, used_size=15310848 bytes (37.4%)
(RDMA_READ_CONSUME_CHECK_CONSUMER) timestamp=2043 ms, used_size=15308800 bytes (37.4%)
(RDMA_READ_CONSUME_CHECK_CONSUMER) timestamp=2043 ms, used_size=15306752 bytes (37.4%)
(RDMA_READ_CONSUME_CHECK_CONSUMER) timestamp=2043 ms, used_size=15304704 bytes (37.4%)
(RDMA_READ_CONSUME_CHECK_CONSUMER) timestamp=2043 ms, used_size=15302656 bytes (37.4%)
(RDMA_READ_CONSUME_CHECK_CONSUMER) timestamp=2043 ms, used_size=15300608 bytes (37.4%)
(RDMA_READ_CONSUME_CHECK_CONSUMER) timestamp=2043 ms, used_size=15298560 bytes (37.4%)
(RDMA_READ_CONSUME_CHECK_CONSUMER) timestamp=2043 ms, used_size=15296512 bytes (37.3%)
(RDMA_READ_CONSUME_CHECK_CONSUMER) timestamp=2043 ms, used_size=15294464 bytes (37.3%)
(RDMA_READ_CONSUME_CHECK_CONSUMER) timestamp=2043 ms, used_size=15292416 bytes (37.3%)
(RDMA_READ_CONSUME_CHECK_CONSUMER) timestamp=2043 ms, used_size=15290368 bytes (37.3%)
(RDMA_READ_CONSUME_CHECK_CONSUMER) timestamp=2043 ms, used_size=15288320 bytes (37.3%)
(RDMA_READ_CONSUME_CHECK_CONSUMER) timestamp=2043 ms, used_size=15286272 bytes (37.3%)
(RDMA_READ_CONSUME_CHECK_CONSUMER) timestamp=2043 ms, used_size=15284224 bytes (37.3%)
(RDMA_READ_CONSUME_CHECK_CONSUMER) timestamp=2043 ms, used_size=15282176 bytes (37.3%)
(RDMA_READ_CONSUME_CHECK_CONSUMER) timestamp=2043 ms, used_size=15280128 bytes (37.3%)
(RDMA_READ_CONSUME_CHECK_CONSUMER) timestamp=2043 ms, used_size=15278080 bytes (37.3%)
(RDMA_READ_CONSUME_CHECK_CONSUMER) timestamp=2043 ms, used_size=15276032 bytes (37.3%)
(RDMA_READ_CONSUME_CHECK_CONSUMER) timestamp=2043 ms, used_size=15273984 bytes (37.3%)
(RDMA_READ_CONSUME_CHECK_CONSUMER) timestamp=2043 ms, used_size=15271936 bytes (37.3%)
(RDMA_READ_CONSUME_CHECK_CONSUMER) timestamp=2043 ms, used_size=15269888 bytes (37.3%)
(RDMA_READ_CONSUME_CHECK_CONSUMER) timestamp=2043 ms, used_size=15267840 bytes (37.3%)
(RDMA_READ_CONSUME_CHECK_CONSUMER) timestamp=2043 ms, used_size=15265792 bytes (37.3%)
(RDMA_READ_CONSUME_CHECK_CONSUMER) timestamp=2043 ms, used_size=15263744 bytes (37.3%)
(RDMA_READ_CONSUME_CHECK_CONSUMER) timestamp=2043 ms, used_size=15261696 bytes (37.3%)
(RDMA_READ_CONSUME_CHECK_CONSUMER) timestamp=2043 ms, used_size=15259648 bytes (37.3%)
(RDMA_READ_CONSUME_CHECK_CONSUMER) timestamp=2043 ms, used_size=15257600 bytes (37.2%)
(RDMA_READ_CONSUME_CHECK_CONSUMER) timestamp=2043 ms, used_size=15255552 bytes (37.2%)
(RDMA_READ_CONSUME_CHECK_CONSUMER) timestamp=2043 ms, used_size=15253504 bytes (37.2%)
(RDMA_READ_CONSUME_CHECK_CONSUMER) timestamp=2043 ms, used_size=15251456 bytes (37.2%)
(RDMA_READ_CONSUME_CHECK_CONSUMER) timestamp=2043 ms, used_size=15249408 bytes (37.2%)
(RDMA_READ_CONSUME_CHECK_CONSUMER) timestamp=2043 ms, used_size=15247360 bytes (37.2%)
(RDMA_READ_CONSUME_CHECK_CONSUMER) timestamp=2043 ms, used_size=15245312 bytes (37.2%)
(RDMA_READ_CONSUME_CHECK_CONSUMER) timestamp=2043 ms, used_size=15243264 bytes (37.2%)
(RDMA_READ_CONSUME_CHECK_CONSUMER) timestamp=2043 ms, used_size=15241216 bytes (37.2%)
(RDMA_READ_CONSUME_CHECK_CONSUMER) timestamp=2043 ms, used_size=15239168 bytes (37.2%)
(RDMA_READ_CONSUME_CHECK_CONSUMER) timestamp=2043 ms, used_size=15237120 bytes (37.2%)
(RDMA_READ_CONSUME_CHECK_CONSUMER) timestamp=2043 ms, used_size=15235072 bytes (37.2%)
(RDMA_READ_CONSUME_CHECK_CONSUMER) timestamp=2043 ms, used_size=15233024 bytes (37.2%)
(RDMA_READ_CONSUME_CHECK_CONSUMER) timestamp=2043 ms, used_size=15230976 bytes (37.2%)
(RDMA_READ_CONSUME_CHECK_CONSUMER) timestamp=2043 ms, used_size=15228928 bytes (37.2%)
(RDMA_READ_CONSUME_CHECK_CONSUMER) timestamp=2043 ms, used_size=15226880 bytes (37.2%)
(RDMA_READ_CONSUME_CHECK_CONSUMER) timestamp=2043 ms, used_size=15224832 bytes (37.2%)
(RDMA_READ_CONSUME_CHECK_CONSUMER) timestamp=2043 ms, used_size=15222784 bytes (37.2%)
(RDMA_READ_CONSUME_CHECK_CONSUMER) timestamp=2043 ms, used_size=15220736 bytes (37.2%)
(RDMA_READ_CONSUME_CHECK_CONSUMER) timestamp=2043 ms, used_size=15218688 bytes (37.2%)
(RDMA_READ_CONSUME_CHECK_CONSUMER) timestamp=2043 ms, used_size=15216640 bytes (37.1%)
(RDMA_READ_CONSUME_CHECK_CONSUMER) timestamp=2043 ms, used_size=15214592 bytes (37.1%)
(RDMA_READ_CONSUME_CHECK_CONSUMER) timestamp=2043 ms, used_size=15212544 bytes (37.1%)
(RDMA_READ_CONSUME_CHECK_CONSUMER) timestamp=2043 ms, used_size=15210496 bytes (37.1%)
(RDMA_READ_CONSUME_CHECK_CONSUMER) timestamp=2043 ms, used_size=15208448 bytes (37.1%)
(RDMA_READ_CONSUME_CHECK_CONSUMER) timestamp=2043 ms, used_size=15206400 bytes (37.1%)
(RDMA_READ_CONSUME_CHECK_CONSUMER) timestamp=2043 ms, used_size=15204352 bytes (37.1%)
(RDMA_READ_CONSUME_CHECK_CONSUMER) timestamp=2043 ms, used_size=15202304 bytes (37.1%)
(RDMA_READ_CONSUME_CHECK_CONSUMER) timestamp=2043 ms, used_size=15200256 bytes (37.1%)
(RDMA_READ_CONSUME_CHECK_CONSUMER) timestamp=2043 ms, used_size=15198208 bytes (37.1%)
(RDMA_READ_CONSUME_CHECK_CONSUMER) timestamp=2043 ms, used_size=15196160 bytes (37.1%)
(RDMA_READ_CONSUME_CHECK_CONSUMER) timestamp=2043 ms, used_size=15194112 bytes (37.1%)
(RDMA_READ_CONSUME_CHECK_CONSUMER) timestamp=2043 ms, used_size=15192064 bytes (37.1%)
(RDMA_READ_CONSUME_CHECK_CONSUMER) timestamp=2043 ms, used_size=15190016 bytes (37.1%)
(RDMA_READ_CONSUME_CHECK_CONSUMER) timestamp=2043 ms, used_size=15187968 bytes (37.1%)
(RDMA_READ_CONSUME_CHECK_CONSUMER) timestamp=2043 ms, used_size=15185920 bytes (37.1%)
(RDMA_READ_CONSUME_CHECK_CONSUMER) timestamp=2043 ms, used_size=15183872 bytes (37.1%)
(RDMA_READ_CONSUME_CHECK_CONSUMER) timestamp=2043 ms, used_size=15181824 bytes (37.1%)
(RDMA_READ_CONSUME_CHECK_CONSUMER) timestamp=2043 ms, used_size=15179776 bytes (37.1%)
(RDMA_READ_CONSUME_CHECK_CONSUMER) timestamp=2043 ms, used_size=15177728 bytes (37.1%)
(RDMA_READ_CONSUME_CHECK_CONSUMER) timestamp=2043 ms, used_size=15175680 bytes (37.0%)
(RDMA_READ_CONSUME_CHECK_CONSUMER) timestamp=2043 ms, used_size=15173632 bytes (37.0%)
(RDMA_READ_CONSUME_CHECK_CONSUMER) timestamp=2043 ms, used_size=15171584 bytes (37.0%)
(RDMA_READ_CONSUME_CHECK_CONSUMER) timestamp=2043 ms, used_size=15169536 bytes (37.0%)
(RDMA_READ_CONSUME_CHECK_CONSUMER) timestamp=2043 ms, used_size=15167488 bytes (37.0%)
(RDMA_READ_CONSUME_CHECK_CONSUMER) timestamp=2043 ms, used_size=15165440 bytes (37.0%)
(RDMA_READ_CONSUME_CHECK_CONSUMER) timestamp=2043 ms, used_size=15163392 bytes (37.0%)
(RDMA_READ_CONSUME_CHECK_CONSUMER) timestamp=2043 ms, used_size=15161344 bytes (37.0%)
(RDMA_READ_CONSUME_CHECK_CONSUMER) timestamp=2043 ms, used_size=15159296 bytes (37.0%)
(RDMA_READ_CONSUME_CHECK_CONSUMER) timestamp=2043 ms, used_size=15157248 bytes (37.0%)
(RDMA_READ_CONSUME_CHECK_CONSUMER) timestamp=2043 ms, used_size=15155200 bytes (37.0%)
(RDMA_READ_CONSUME_CHECK_CONSUMER) timestamp=2043 ms, used_size=15153152 bytes (37.0%)
(RDMA_READ_CONSUME_CHECK_CONSUMER) timestamp=2043 ms, used_size=15151104 bytes (37.0%)
(RDMA_READ_CONSUME_CHECK_CONSUMER) timestamp=2043 ms, used_size=15149056 bytes (37.0%)
(RDMA_READ_CONSUME_CHECK_CONSUMER) timestamp=2043 ms, used_size=15147008 bytes (37.0%)
(RDMA_READ_CONSUME_CHECK_CONSUMER) timestamp=2043 ms, used_size=15144960 bytes (37.0%)
(RDMA_READ_CONSUME_CHECK_CONSUMER) timestamp=2043 ms, used_size=15142912 bytes (37.0%)
(RDMA_READ_CONSUME_CHECK_CONSUMER) timestamp=2043 ms, used_size=15140864 bytes (37.0%)
(RDMA_READ_CONSUME_CHECK_CONSUMER) timestamp=2043 ms, used_size=15138816 bytes (37.0%)
(RDMA_READ_CONSUME_CHECK_CONSUMER) timestamp=2043 ms, used_size=15136768 bytes (37.0%)
(RDMA_READ_CONSUME_CHECK_CONSUMER) timestamp=2043 ms, used_size=15134720 bytes (37.0%)
(RDMA_READ_CONSUME_CHECK_CONSUMER) timestamp=2043 ms, used_size=15132672 bytes (36.9%)
(RDMA_READ_CONSUME_CHECK_CONSUMER) timestamp=2043 ms, used_size=15130624 bytes (36.9%)
(RDMA_READ_CONSUME_CHECK_CONSUMER) timestamp=2043 ms, used_size=15128576 bytes (36.9%)
(RDMA_READ_CONSUME_CHECK_CONSUMER) timestamp=2043 ms, used_size=15126528 bytes (36.9%)
(RDMA_READ_CONSUME_CHECK_CONSUMER) timestamp=2043 ms, used_size=15124480 bytes (36.9%)
(RDMA_READ_CONSUME_CHECK_CONSUMER) timestamp=2043 ms, used_size=15122432 bytes (36.9%)
(RDMA_READ_CONSUME_CHECK_CONSUMER) timestamp=2043 ms, used_size=15120384 bytes (36.9%)
(RDMA_READ_CONSUME_CHECK_CONSUMER) timestamp=2043 ms, used_size=15118336 bytes (36.9%)
(RDMA_READ_CONSUME_CHECK_CONSUMER) timestamp=2043 ms, used_size=15116288 bytes (36.9%)
(RDMA_READ_CONSUME_CHECK_CONSUMER) timestamp=2043 ms, used_size=15114240 bytes (36.9%)
(RDMA_READ_CONSUME_CHECK_CONSUMER) timestamp=2043 ms, used_size=15112192 bytes (36.9%)
(RDMA_READ_CONSUME_CHECK_CONSUMER) timestamp=2043 ms, used_size=15110144 bytes (36.9%)
(RDMA_READ_CONSUME_CHECK_CONSUMER) timestamp=2043 ms, used_size=15108096 bytes (36.9%)
(RDMA_READ_CONSUME_CHECK_CONSUMER) timestamp=2043 ms, used_size=15106048 bytes (36.9%)
(RDMA_READ_CONSUME_CHECK_CONSUMER) timestamp=2043 ms, used_size=15104000 bytes (36.9%)
(RDMA_READ_CONSUME_CHECK_CONSUMER) timestamp=2043 ms, used_size=15101952 bytes (36.9%)
(RDMA_READ_CONSUME_CHECK_CONSUMER) timestamp=2043 ms, used_size=15099904 bytes (36.9%)
(RDMA_READ_CONSUME_CHECK_CONSUMER) timestamp=2043 ms, used_size=15097856 bytes (36.9%)
(RDMA_READ_CONSUME_CHECK_CONSUMER) timestamp=2043 ms, used_size=15095808 bytes (36.9%)
(RDMA_READ_CONSUME_CHECK_CONSUMER) timestamp=2043 ms, used_size=15093760 bytes (36.9%)
(RDMA_READ_CONSUME_CHECK_CONSUMER) timestamp=2043 ms, used_size=15091712 bytes (36.8%)
(RDMA_READ_CONSUME_CHECK_CONSUMER) timestamp=2043 ms, used_size=15089664 bytes (36.8%)
(RDMA_READ_CONSUME_CHECK_CONSUMER) timestamp=2043 ms, used_size=15087616 bytes (36.8%)
(RDMA_READ_CONSUME_CHECK_CONSUMER) timestamp=2043 ms, used_size=15085568 bytes (36.8%)
(RDMA_READ_CONSUME_CHECK_CONSUMER) timestamp=2043 ms, used_size=15083520 bytes (36.8%)
(RDMA_READ_CONSUME_CHECK_CONSUMER) timestamp=2043 ms, used_size=15081472 bytes (36.8%)
(RDMA_READ_CONSUME_CHECK_CONSUMER) timestamp=2043 ms, used_size=15079424 bytes (36.8%)
(RDMA_READ_CONSUME_CHECK_CONSUMER) timestamp=2043 ms, used_size=15077376 bytes (36.8%)
(RDMA_READ_CONSUME_CHECK_CONSUMER) timestamp=2043 ms, used_size=15075328 bytes (36.8%)
(RDMA_READ_CONSUME_CHECK_CONSUMER) timestamp=2043 ms, used_size=15073280 bytes (36.8%)
(RDMA_READ_CONSUME_CHECK_CONSUMER) timestamp=2043 ms, used_size=15071232 bytes (36.8%)
(RDMA_READ_CONSUME_CHECK_CONSUMER) timestamp=2043 ms, used_size=15069184 bytes (36.8%)
(RDMA_READ_CONSUME_CHECK_CONSUMER) timestamp=2043 ms, used_size=15067136 bytes (36.8%)
(RDMA_READ_CONSUME_CHECK_CONSUMER) timestamp=2043 ms, used_size=15065088 bytes (36.8%)
(RDMA_READ_CONSUME_CHECK_CONSUMER) timestamp=2043 ms, used_size=15063040 bytes (36.8%)
(RDMA_READ_CONSUME_CHECK_CONSUMER) timestamp=2043 ms, used_size=15060992 bytes (36.8%)
(RDMA_READ_CONSUME_CHECK_CONSUMER) timestamp=2043 ms, used_size=15058944 bytes (36.8%)
(RDMA_READ_CONSUME_CHECK_CONSUMER) timestamp=2043 ms, used_size=15056896 bytes (36.8%)
(RDMA_READ_CONSUME_CHECK_CONSUMER) timestamp=2043 ms, used_size=15054848 bytes (36.8%)
(RDMA_READ_CONSUME_CHECK_CONSUMER) timestamp=2043 ms, used_size=15052800 bytes (36.8%)
(RDMA_READ_CONSUME_CHECK_CONSUMER) timestamp=2043 ms, used_size=15050752 bytes (36.7%)
(RDMA_READ_CONSUME_CHECK_CONSUMER) timestamp=2043 ms, used_size=15048704 bytes (36.7%)
(RDMA_READ_CONSUME_CHECK_CONSUMER) timestamp=2043 ms, used_size=15046656 bytes (36.7%)
(RDMA_READ_CONSUME_CHECK_CONSUMER) timestamp=2043 ms, used_size=15044608 bytes (36.7%)
(RDMA_READ_CONSUME_CHECK_CONSUMER) timestamp=2043 ms, used_size=15042560 bytes (36.7%)
(RDMA_READ_CONSUME_CHECK_CONSUMER) timestamp=2043 ms, used_size=15040512 bytes (36.7%)
(RDMA_READ_CONSUME_CHECK_CONSUMER) timestamp=2043 ms, used_size=15038464 bytes (36.7%)
(RDMA_READ_CONSUME_CHECK_CONSUMER) timestamp=2043 ms, used_size=15036416 bytes (36.7%)
(RDMA_READ_CONSUME_CHECK_CONSUMER) timestamp=2043 ms, used_size=15034368 bytes (36.7%)
(RDMA_READ_CONSUME_CHECK_CONSUMER) timestamp=2043 ms, used_size=15032320 bytes (36.7%)
(RDMA_READ_CONSUME_CHECK_CONSUMER) timestamp=2043 ms, used_size=15030272 bytes (36.7%)
(RDMA_READ_CONSUME_CHECK_CONSUMER) timestamp=2043 ms, used_size=15028224 bytes (36.7%)
(RDMA_READ_CONSUME_CHECK_CONSUMER) timestamp=2043 ms, used_size=15026176 bytes (36.7%)
(RDMA_READ_CONSUME_CHECK_CONSUMER) timestamp=2043 ms, used_size=15024128 bytes (36.7%)
(RDMA_READ_CONSUME_CHECK_CONSUMER) timestamp=2043 ms, used_size=15022080 bytes (36.7%)
(RDMA_READ_CONSUME_CHECK_CONSUMER) timestamp=2043 ms, used_size=15020032 bytes (36.7%)
(RDMA_READ_CONSUME_CHECK_CONSUMER) timestamp=2043 ms, used_size=15017984 bytes (36.7%)
(RDMA_READ_CONSUME_CHECK_CONSUMER) timestamp=2043 ms, used_size=15015936 bytes (36.7%)
(RDMA_READ_CONSUME_CHECK_CONSUMER) timestamp=2043 ms, used_size=15013888 bytes (36.7%)
(RDMA_READ_CONSUME_CHECK_CONSUMER) timestamp=2043 ms, used_size=15011840 bytes (36.6%)
(RDMA_READ_CONSUME_CHECK_CONSUMER) timestamp=2043 ms, used_size=15009792 bytes (36.6%)
(RDMA_READ_CONSUME_CHECK_CONSUMER) timestamp=2043 ms, used_size=15007744 bytes (36.6%)
(RDMA_READ_CONSUME_CHECK_CONSUMER) timestamp=2043 ms, used_size=15005696 bytes (36.6%)
(RDMA_READ_CONSUME_CHECK_CONSUMER) timestamp=2043 ms, used_size=15003648 bytes (36.6%)
(RDMA_READ_CONSUME_CHECK_CONSUMER) timestamp=2043 ms, used_size=15001600 bytes (36.6%)
(RDMA_READ_CONSUME_CHECK_CONSUMER) timestamp=2043 ms, used_size=14999552 bytes (36.6%)
(RDMA_READ_CONSUME_CHECK_CONSUMER) timestamp=2043 ms, used_size=14997504 bytes (36.6%)
(RDMA_READ_CONSUME_CHECK_CONSUMER) timestamp=2043 ms, used_size=14995456 bytes (36.6%)
(RDMA_READ_CONSUME_CHECK_CONSUMER) timestamp=2043 ms, used_size=14993408 bytes (36.6%)
(RDMA_READ_CONSUME_CHECK_CONSUMER) timestamp=2043 ms, used_size=14991360 bytes (36.6%)
(RDMA_READ_CONSUME_CHECK_CONSUMER) timestamp=2043 ms, used_size=14989312 bytes (36.6%)
(RDMA_READ_CONSUME_CHECK_CONSUMER) timestamp=2043 ms, used_size=14987264 bytes (36.6%)
(RDMA_READ_CONSUME_CHECK_CONSUMER) timestamp=2043 ms, used_size=14985216 bytes (36.6%)
(RDMA_READ_CONSUME_CHECK_CONSUMER) timestamp=2043 ms, used_size=14983168 bytes (36.6%)
(RDMA_READ_CONSUME_CHECK_CONSUMER) timestamp=2043 ms, used_size=14981120 bytes (36.6%)
(RDMA_READ_CONSUME_CHECK_CONSUMER) timestamp=2043 ms, used_size=14979072 bytes (36.6%)
(RDMA_READ_CONSUME_CHECK_CONSUMER) timestamp=2043 ms, used_size=14977024 bytes (36.6%)
(RDMA_READ_CONSUME_CHECK_CONSUMER) timestamp=2043 ms, used_size=14974976 bytes (36.6%)
(RDMA_READ_CONSUME_CHECK_CONSUMER) timestamp=2043 ms, used_size=14972928 bytes (36.6%)
(RDMA_READ_CONSUME_CHECK_CONSUMER) timestamp=2043 ms, used_size=14970880 bytes (36.5%)
(RDMA_READ_CONSUME_CHECK_CONSUMER) timestamp=2043 ms, used_size=14968832 bytes (36.5%)
(RDMA_READ_CONSUME_CHECK_CONSUMER) timestamp=2043 ms, used_size=14966784 bytes (36.5%)
(RDMA_READ_CONSUME_CHECK_CONSUMER) timestamp=2043 ms, used_size=14964736 bytes (36.5%)
(RDMA_READ_CONSUME_CHECK_CONSUMER) timestamp=2043 ms, used_size=14962688 bytes (36.5%)
(RDMA_READ_CONSUME_CHECK_CONSUMER) timestamp=2043 ms, used_size=14960640 bytes (36.5%)
(RDMA_READ_CONSUME_CHECK_CONSUMER) timestamp=2043 ms, used_size=14958592 bytes (36.5%)
(RDMA_READ_CONSUME_CHECK_CONSUMER) timestamp=2043 ms, used_size=14956544 bytes (36.5%)
(RDMA_READ_CONSUME_CHECK_CONSUMER) timestamp=2043 ms, used_size=14954496 bytes (36.5%)
(RDMA_READ_CONSUME_CHECK_CONSUMER) timestamp=2044 ms, used_size=14952448 bytes (36.5%)
(RDMA_READ_CONSUME_CHECK_CONSUMER) timestamp=2044 ms, used_size=14950400 bytes (36.5%)
(RDMA_READ_CONSUME_CHECK_CONSUMER) timestamp=2044 ms, used_size=14948352 bytes (36.5%)
(RDMA_READ_CONSUME_CHECK_CONSUMER) timestamp=2044 ms, used_size=14946304 bytes (36.5%)
(RDMA_READ_CONSUME_CHECK_CONSUMER) timestamp=2044 ms, used_size=14944256 bytes (36.5%)
(RDMA_READ_CONSUME_CHECK_CONSUMER) timestamp=2044 ms, used_size=14942208 bytes (36.5%)
(RDMA_READ_CONSUME_CHECK_CONSUMER) timestamp=2044 ms, used_size=14940160 bytes (36.5%)
(RDMA_READ_CONSUME_CHECK_CONSUMER) timestamp=2044 ms, used_size=14938112 bytes (36.5%)
(RDMA_READ_CONSUME_CHECK_CONSUMER) timestamp=2044 ms, used_size=14936064 bytes (36.5%)
(RDMA_READ_CONSUME_CHECK_CONSUMER) timestamp=2044 ms, used_size=14934016 bytes (36.5%)
(RDMA_READ_CONSUME_CHECK_CONSUMER) timestamp=2044 ms, used_size=14931968 bytes (36.5%)
(RDMA_READ_CONSUME_CHECK_CONSUMER) timestamp=2044 ms, used_size=14929920 bytes (36.5%)
(RDMA_READ_CONSUME_CHECK_CONSUMER) timestamp=2044 ms, used_size=14927872 bytes (36.4%)
(RDMA_READ_CONSUME_CHECK_CONSUMER) timestamp=2044 ms, used_size=14925824 bytes (36.4%)
(RDMA_READ_CONSUME_CHECK_CONSUMER) timestamp=2044 ms, used_size=14923776 bytes (36.4%)
(RDMA_READ_CONSUME_CHECK_CONSUMER) timestamp=2044 ms, used_size=14921728 bytes (36.4%)
(RDMA_READ_CONSUME_CHECK_CONSUMER) timestamp=2044 ms, used_size=14919680 bytes (36.4%)
(RDMA_READ_CONSUME_CHECK_CONSUMER) timestamp=2044 ms, used_size=14917632 bytes (36.4%)
(RDMA_READ_CONSUME_CHECK_CONSUMER) timestamp=2044 ms, used_size=14915584 bytes (36.4%)
(RDMA_READ_CONSUME_CHECK_CONSUMER) timestamp=2044 ms, used_size=14913536 bytes (36.4%)
(RDMA_READ_CONSUME_CHECK_CONSUMER) timestamp=2044 ms, used_size=14911488 bytes (36.4%)
(RDMA_READ_CONSUME_CHECK_CONSUMER) timestamp=2044 ms, used_size=14909440 bytes (36.4%)
(RDMA_READ_CONSUME_CHECK_CONSUMER) timestamp=2044 ms, used_size=14907392 bytes (36.4%)
(RDMA_READ_CONSUME_CHECK_CONSUMER) timestamp=2044 ms, used_size=14905344 bytes (36.4%)
(RDMA_READ_CONSUME_CHECK_CONSUMER) timestamp=2044 ms, used_size=14903296 bytes (36.4%)
(RDMA_READ_CONSUME_CHECK_CONSUMER) timestamp=2044 ms, used_size=14901248 bytes (36.4%)
(RDMA_READ_CONSUME_CHECK_CONSUMER) timestamp=2044 ms, used_size=14899200 bytes (36.4%)
(RDMA_READ_CONSUME_CHECK_CONSUMER) timestamp=2044 ms, used_size=14897152 bytes (36.4%)
(RDMA_READ_CONSUME_CHECK_CONSUMER) timestamp=2044 ms, used_size=14895104 bytes (36.4%)
(RDMA_READ_CONSUME_CHECK_CONSUMER) timestamp=2044 ms, used_size=14893056 bytes (36.4%)
(RDMA_READ_CONSUME_CHECK_CONSUMER) timestamp=2044 ms, used_size=14891008 bytes (36.4%)
(RDMA_READ_CONSUME_CHECK_CONSUMER) timestamp=2044 ms, used_size=14888960 bytes (36.4%)
(RDMA_READ_CONSUME_CHECK_CONSUMER) timestamp=2044 ms, used_size=14886912 bytes (36.3%)
(RDMA_READ_CONSUME_CHECK_CONSUMER) timestamp=2044 ms, used_size=14884864 bytes (36.3%)
(RDMA_READ_CONSUME_CHECK_CONSUMER) timestamp=2044 ms, used_size=14882816 bytes (36.3%)
(RDMA_READ_CONSUME_CHECK_CONSUMER) timestamp=2044 ms, used_size=14880768 bytes (36.3%)
(RDMA_READ_CONSUME_CHECK_CONSUMER) timestamp=2044 ms, used_size=14878720 bytes (36.3%)
(RDMA_READ_CONSUME_CHECK_CONSUMER) timestamp=2044 ms, used_size=14876672 bytes (36.3%)
(RDMA_READ_CONSUME_CHECK_CONSUMER) timestamp=2044 ms, used_size=14874624 bytes (36.3%)
(RDMA_READ_CONSUME_CHECK_CONSUMER) timestamp=2044 ms, used_size=14872576 bytes (36.3%)
(RDMA_READ_CONSUME_CHECK_CONSUMER) timestamp=2044 ms, used_size=14870528 bytes (36.3%)
(RDMA_READ_CONSUME_CHECK_CONSUMER) timestamp=2044 ms, used_size=14868480 bytes (36.3%)
(RDMA_READ_CONSUME_CHECK_CONSUMER) timestamp=2044 ms, used_size=14866432 bytes (36.3%)
(RDMA_READ_CONSUME_CHECK_CONSUMER) timestamp=2044 ms, used_size=14864384 bytes (36.3%)
(RDMA_READ_CONSUME_CHECK_CONSUMER) timestamp=2044 ms, used_size=14862336 bytes (36.3%)
(RDMA_READ_CONSUME_CHECK_CONSUMER) timestamp=2044 ms, used_size=14860288 bytes (36.3%)
(RDMA_READ_CONSUME_CHECK_CONSUMER) timestamp=2044 ms, used_size=14858240 bytes (36.3%)
(RDMA_READ_CONSUME_CHECK_CONSUMER) timestamp=2044 ms, used_size=14856192 bytes (36.3%)
(RDMA_READ_CONSUME_CHECK_CONSUMER) timestamp=2044 ms, used_size=14854144 bytes (36.3%)
(RDMA_READ_CONSUME_CHECK_CONSUMER) timestamp=2044 ms, used_size=14852096 bytes (36.3%)
(RDMA_READ_CONSUME_CHECK_CONSUMER) timestamp=2044 ms, used_size=14850048 bytes (36.3%)
(RDMA_READ_CONSUME_CHECK_CONSUMER) timestamp=2044 ms, used_size=14848000 bytes (36.2%)
(RDMA_READ_CONSUME_CHECK_CONSUMER) timestamp=2044 ms, used_size=14845952 bytes (36.2%)
(RDMA_READ_CONSUME_CHECK_CONSUMER) timestamp=2044 ms, used_size=14843904 bytes (36.2%)
(RDMA_READ_CONSUME_CHECK_CONSUMER) timestamp=2044 ms, used_size=14841856 bytes (36.2%)
(RDMA_READ_CONSUME_CHECK_CONSUMER) timestamp=2044 ms, used_size=14839808 bytes (36.2%)
(RDMA_READ_CONSUME_CHECK_CONSUMER) timestamp=2044 ms, used_size=14837760 bytes (36.2%)
(RDMA_READ_CONSUME_CHECK_CONSUMER) timestamp=2044 ms, used_size=14835712 bytes (36.2%)
(RDMA_READ_CONSUME_CHECK_CONSUMER) timestamp=2044 ms, used_size=14833664 bytes (36.2%)
(RDMA_READ_CONSUME_CHECK_CONSUMER) timestamp=2044 ms, used_size=14831616 bytes (36.2%)
(RDMA_READ_CONSUME_CHECK_CONSUMER) timestamp=2044 ms, used_size=14829568 bytes (36.2%)
(RDMA_READ_CONSUME_CHECK_CONSUMER) timestamp=2044 ms, used_size=14827520 bytes (36.2%)
(RDMA_READ_CONSUME_CHECK_CONSUMER) timestamp=2044 ms, used_size=14825472 bytes (36.2%)
(RDMA_READ_CONSUME_CHECK_CONSUMER) timestamp=2044 ms, used_size=14823424 bytes (36.2%)
(RDMA_READ_CONSUME_CHECK_CONSUMER) timestamp=2044 ms, used_size=14821376 bytes (36.2%)
(RDMA_READ_CONSUME_CHECK_CONSUMER) timestamp=2044 ms, used_size=14819328 bytes (36.2%)
(RDMA_READ_CONSUME_CHECK_CONSUMER) timestamp=2044 ms, used_size=14817280 bytes (36.2%)
(RDMA_READ_CONSUME_CHECK_CONSUMER) timestamp=2044 ms, used_size=14815232 bytes (36.2%)
(RDMA_READ_CONSUME_CHECK_CONSUMER) timestamp=2044 ms, used_size=14813184 bytes (36.2%)
(RDMA_READ_CONSUME_CHECK_CONSUMER) timestamp=2044 ms, used_size=14811136 bytes (36.2%)
(RDMA_READ_CONSUME_CHECK_CONSUMER) timestamp=2044 ms, used_size=14809088 bytes (36.2%)
(RDMA_READ_CONSUME_CHECK_CONSUMER) timestamp=2044 ms, used_size=14807040 bytes (36.1%)
(RDMA_READ_CONSUME_CHECK_CONSUMER) timestamp=2044 ms, used_size=14804992 bytes (36.1%)
(RDMA_READ_CONSUME_CHECK_CONSUMER) timestamp=2044 ms, used_size=14802944 bytes (36.1%)
(RDMA_READ_CONSUME_CHECK_CONSUMER) timestamp=2044 ms, used_size=14800896 bytes (36.1%)
(RDMA_READ_CONSUME_CHECK_CONSUMER) timestamp=2044 ms, used_size=14798848 bytes (36.1%)
(RDMA_READ_CONSUME_CHECK_CONSUMER) timestamp=2044 ms, used_size=14796800 bytes (36.1%)
(RDMA_READ_CONSUME_CHECK_CONSUMER) timestamp=2044 ms, used_size=14794752 bytes (36.1%)
(RDMA_READ_CONSUME_CHECK_CONSUMER) timestamp=2044 ms, used_size=14792704 bytes (36.1%)
(RDMA_READ_CONSUME_CHECK_CONSUMER) timestamp=2044 ms, used_size=14790656 bytes (36.1%)
(RDMA_READ_CONSUME_CHECK_CONSUMER) timestamp=2044 ms, used_size=14788608 bytes (36.1%)
(RDMA_READ_CONSUME_CHECK_CONSUMER) timestamp=2044 ms, used_size=14786560 bytes (36.1%)
(RDMA_READ_CONSUME_CHECK_CONSUMER) timestamp=2044 ms, used_size=14784512 bytes (36.1%)
(RDMA_READ_CONSUME_CHECK_CONSUMER) timestamp=2044 ms, used_size=14782464 bytes (36.1%)
(RDMA_READ_CONSUME_CHECK_CONSUMER) timestamp=2044 ms, used_size=14780416 bytes (36.1%)
(RDMA_READ_CONSUME_CHECK_CONSUMER) timestamp=2044 ms, used_size=14778368 bytes (36.1%)
(RDMA_READ_CONSUME_CHECK_CONSUMER) timestamp=2044 ms, used_size=14776320 bytes (36.1%)
(RDMA_READ_CONSUME_CHECK_CONSUMER) timestamp=2044 ms, used_size=14774272 bytes (36.1%)
(RDMA_READ_CONSUME_CHECK_CONSUMER) timestamp=2044 ms, used_size=14772224 bytes (36.1%)
(RDMA_READ_CONSUME_CHECK_CONSUMER) timestamp=2044 ms, used_size=14770176 bytes (36.1%)
(RDMA_READ_CONSUME_CHECK_CONSUMER) timestamp=2044 ms, used_size=14768128 bytes (36.1%)
(RDMA_READ_CONSUME_CHECK_CONSUMER) timestamp=2044 ms, used_size=14766080 bytes (36.0%)
(RDMA_READ_CONSUME_CHECK_CONSUMER) timestamp=2044 ms, used_size=14764032 bytes (36.0%)
(RDMA_READ_CONSUME_CHECK_CONSUMER) timestamp=2044 ms, used_size=14761984 bytes (36.0%)
(RDMA_READ_CONSUME_CHECK_CONSUMER) timestamp=2044 ms, used_size=14759936 bytes (36.0%)
(RDMA_READ_CONSUME_CHECK_CONSUMER) timestamp=2044 ms, used_size=14757888 bytes (36.0%)
(RDMA_READ_CONSUME_CHECK_CONSUMER) timestamp=2044 ms, used_size=14755840 bytes (36.0%)
(RDMA_READ_CONSUME_CHECK_CONSUMER) timestamp=2044 ms, used_size=14753792 bytes (36.0%)
(RDMA_READ_CONSUME_CHECK_CONSUMER) timestamp=2044 ms, used_size=14751744 bytes (36.0%)
(RDMA_READ_CONSUME_CHECK_CONSUMER) timestamp=2044 ms, used_size=14749696 bytes (36.0%)
(RDMA_READ_CONSUME_CHECK_CONSUMER) timestamp=2044 ms, used_size=14747648 bytes (36.0%)
(RDMA_READ_CONSUME_CHECK_CONSUMER) timestamp=2044 ms, used_size=14745600 bytes (36.0%)
(RDMA_READ_CONSUME_CHECK_CONSUMER) timestamp=2044 ms, used_size=14743552 bytes (36.0%)
(RDMA_READ_CONSUME_CHECK_CONSUMER) timestamp=2044 ms, used_size=14741504 bytes (36.0%)
(RDMA_READ_CONSUME_CHECK_CONSUMER) timestamp=2044 ms, used_size=14739456 bytes (36.0%)
(RDMA_READ_CONSUME_CHECK_CONSUMER) timestamp=2044 ms, used_size=14737408 bytes (36.0%)
(RDMA_READ_CONSUME_CHECK_CONSUMER) timestamp=2044 ms, used_size=14735360 bytes (36.0%)
(RDMA_READ_CONSUME_CHECK_CONSUMER) timestamp=2044 ms, used_size=14733312 bytes (36.0%)
(RDMA_READ_CONSUME_CHECK_CONSUMER) timestamp=2044 ms, used_size=14731264 bytes (36.0%)
(RDMA_READ_CONSUME_CHECK_CONSUMER) timestamp=2044 ms, used_size=14729216 bytes (36.0%)
(RDMA_READ_CONSUME_CHECK_CONSUMER) timestamp=2044 ms, used_size=14727168 bytes (36.0%)
(RDMA_READ_CONSUME_CHECK_CONSUMER) timestamp=2044 ms, used_size=14725120 bytes (36.0%)
(RDMA_READ_CONSUME_CHECK_CONSUMER) timestamp=2044 ms, used_size=14723072 bytes (35.9%)
(RDMA_READ_CONSUME_CHECK_CONSUMER) timestamp=2044 ms, used_size=14721024 bytes (35.9%)
(RDMA_READ_CONSUME_CHECK_CONSUMER) timestamp=2044 ms, used_size=14718976 bytes (35.9%)
(RDMA_READ_CONSUME_CHECK_CONSUMER) timestamp=2044 ms, used_size=14716928 bytes (35.9%)
(RDMA_READ_CONSUME_CHECK_CONSUMER) timestamp=2044 ms, used_size=14714880 bytes (35.9%)
(RDMA_READ_CONSUME_CHECK_CONSUMER) timestamp=2044 ms, used_size=14712832 bytes (35.9%)
(RDMA_READ_CONSUME_CHECK_CONSUMER) timestamp=2044 ms, used_size=14710784 bytes (35.9%)
(RDMA_READ_CONSUME_CHECK_CONSUMER) timestamp=2044 ms, used_size=14708736 bytes (35.9%)
(RDMA_READ_CONSUME_CHECK_CONSUMER) timestamp=2044 ms, used_size=14706688 bytes (35.9%)
(RDMA_READ_CONSUME_CHECK_CONSUMER) timestamp=2044 ms, used_size=14704640 bytes (35.9%)
(RDMA_READ_CONSUME_CHECK_CONSUMER) timestamp=2044 ms, used_size=14702592 bytes (35.9%)
(RDMA_READ_CONSUME_CHECK_CONSUMER) timestamp=2044 ms, used_size=14700544 bytes (35.9%)
(RDMA_READ_CONSUME_CHECK_CONSUMER) timestamp=2044 ms, used_size=14698496 bytes (35.9%)
(RDMA_READ_CONSUME_CHECK_CONSUMER) timestamp=2044 ms, used_size=14696448 bytes (35.9%)
(RDMA_READ_CONSUME_CHECK_CONSUMER) timestamp=2044 ms, used_size=14694400 bytes (35.9%)
(RDMA_READ_CONSUME_CHECK_CONSUMER) timestamp=2044 ms, used_size=14692352 bytes (35.9%)
(RDMA_READ_CONSUME_CHECK_CONSUMER) timestamp=2044 ms, used_size=14690304 bytes (35.9%)
(RDMA_READ_CONSUME_CHECK_CONSUMER) timestamp=2044 ms, used_size=14688256 bytes (35.9%)
(RDMA_READ_CONSUME_CHECK_CONSUMER) timestamp=2044 ms, used_size=14686208 bytes (35.9%)
(RDMA_READ_CONSUME_CHECK_CONSUMER) timestamp=2044 ms, used_size=14684160 bytes (35.9%)
(RDMA_READ_CONSUME_CHECK_CONSUMER) timestamp=2044 ms, used_size=14682112 bytes (35.8%)
(RDMA_READ_CONSUME_CHECK_CONSUMER) timestamp=2044 ms, used_size=14680064 bytes (35.8%)
(RDMA_READ_CONSUME_CHECK_CONSUMER) timestamp=2044 ms, used_size=14678016 bytes (35.8%)
(RDMA_READ_CONSUME_CHECK_CONSUMER) timestamp=2044 ms, used_size=14675968 bytes (35.8%)
(RDMA_READ_CONSUME_CHECK_CONSUMER) timestamp=2044 ms, used_size=14673920 bytes (35.8%)
(RDMA_READ_CONSUME_CHECK_CONSUMER) timestamp=2044 ms, used_size=14671872 bytes (35.8%)
(RDMA_READ_CONSUME_CHECK_CONSUMER) timestamp=2044 ms, used_size=14669824 bytes (35.8%)
(RDMA_READ_CONSUME_CHECK_CONSUMER) timestamp=2044 ms, used_size=14667776 bytes (35.8%)
(RDMA_READ_CONSUME_CHECK_CONSUMER) timestamp=2044 ms, used_size=14665728 bytes (35.8%)
(RDMA_READ_CONSUME_CHECK_CONSUMER) timestamp=2044 ms, used_size=14663680 bytes (35.8%)
(RDMA_READ_CONSUME_CHECK_CONSUMER) timestamp=2044 ms, used_size=14661632 bytes (35.8%)
(RDMA_READ_CONSUME_CHECK_CONSUMER) timestamp=2044 ms, used_size=14659584 bytes (35.8%)
(RDMA_READ_CONSUME_CHECK_CONSUMER) timestamp=2044 ms, used_size=14657536 bytes (35.8%)
(RDMA_READ_CONSUME_CHECK_CONSUMER) timestamp=2044 ms, used_size=14655488 bytes (35.8%)
(RDMA_READ_CONSUME_CHECK_CONSUMER) timestamp=2044 ms, used_size=14653440 bytes (35.8%)
(RDMA_READ_CONSUME_CHECK_CONSUMER) timestamp=2044 ms, used_size=14651392 bytes (35.8%)
(RDMA_READ_CONSUME_CHECK_CONSUMER) timestamp=2044 ms, used_size=14649344 bytes (35.8%)
(RDMA_READ_CONSUME_CHECK_CONSUMER) timestamp=2044 ms, used_size=14647296 bytes (35.8%)
(RDMA_READ_CONSUME_CHECK_CONSUMER) timestamp=2044 ms, used_size=14645248 bytes (35.8%)
(RDMA_READ_CONSUME_CHECK_CONSUMER) timestamp=2044 ms, used_size=14643200 bytes (35.8%)
(RDMA_READ_CONSUME_CHECK_CONSUMER) timestamp=2044 ms, used_size=14641152 bytes (35.7%)
(RDMA_READ_CONSUME_CHECK_CONSUMER) timestamp=2044 ms, used_size=14639104 bytes (35.7%)
(RDMA_READ_CONSUME_CHECK_CONSUMER) timestamp=2044 ms, used_size=14637056 bytes (35.7%)
(RDMA_READ_CONSUME_CHECK_CONSUMER) timestamp=2044 ms, used_size=14635008 bytes (35.7%)
(RDMA_READ_CONSUME_CHECK_CONSUMER) timestamp=2044 ms, used_size=14632960 bytes (35.7%)
(RDMA_READ_CONSUME_CHECK_CONSUMER) timestamp=2044 ms, used_size=14630912 bytes (35.7%)
(RDMA_READ_CONSUME_CHECK_CONSUMER) timestamp=2044 ms, used_size=14628864 bytes (35.7%)
(RDMA_READ_CONSUME_CHECK_CONSUMER) timestamp=2044 ms, used_size=14626816 bytes (35.7%)
(RDMA_READ_CONSUME_CHECK_CONSUMER) timestamp=2044 ms, used_size=14624768 bytes (35.7%)
(RDMA_READ_CONSUME_CHECK_CONSUMER) timestamp=2044 ms, used_size=14622720 bytes (35.7%)
(RDMA_READ_CONSUME_CHECK_CONSUMER) timestamp=2044 ms, used_size=14620672 bytes (35.7%)
(RDMA_READ_CONSUME_CHECK_CONSUMER) timestamp=2044 ms, used_size=14618624 bytes (35.7%)
(RDMA_READ_CONSUME_CHECK_CONSUMER) timestamp=2044 ms, used_size=14616576 bytes (35.7%)
(RDMA_READ_CONSUME_CHECK_CONSUMER) timestamp=2044 ms, used_size=14614528 bytes (35.7%)
(RDMA_READ_CONSUME_CHECK_CONSUMER) timestamp=2044 ms, used_size=14612480 bytes (35.7%)
(RDMA_READ_CONSUME_CHECK_CONSUMER) timestamp=2044 ms, used_size=14610432 bytes (35.7%)
(RDMA_READ_CONSUME_CHECK_CONSUMER) timestamp=2044 ms, used_size=14608384 bytes (35.7%)
(RDMA_READ_CONSUME_CHECK_CONSUMER) timestamp=2044 ms, used_size=14606336 bytes (35.7%)
(RDMA_READ_CONSUME_CHECK_CONSUMER) timestamp=2044 ms, used_size=14604288 bytes (35.7%)
(RDMA_READ_CONSUME_CHECK_CONSUMER) timestamp=2044 ms, used_size=14602240 bytes (35.6%)
(RDMA_READ_CONSUME_CHECK_CONSUMER) timestamp=2044 ms, used_size=14600192 bytes (35.6%)
(RDMA_READ_CONSUME_CHECK_CONSUMER) timestamp=2044 ms, used_size=14598144 bytes (35.6%)
(RDMA_READ_CONSUME_CHECK_CONSUMER) timestamp=2044 ms, used_size=14596096 bytes (35.6%)
(RDMA_READ_CONSUME_CHECK_CONSUMER) timestamp=2044 ms, used_size=14594048 bytes (35.6%)
(RDMA_READ_CONSUME_CHECK_CONSUMER) timestamp=2044 ms, used_size=14592000 bytes (35.6%)
(RDMA_READ_CONSUME_CHECK_CONSUMER) timestamp=2044 ms, used_size=14589952 bytes (35.6%)
(RDMA_READ_CONSUME_CHECK_CONSUMER) timestamp=2044 ms, used_size=14587904 bytes (35.6%)
(RDMA_READ_CONSUME_CHECK_CONSUMER) timestamp=2044 ms, used_size=14585856 bytes (35.6%)
(RDMA_READ_CONSUME_CHECK_CONSUMER) timestamp=2044 ms, used_size=14583808 bytes (35.6%)
(RDMA_READ_CONSUME_CHECK_CONSUMER) timestamp=2044 ms, used_size=14581760 bytes (35.6%)
(RDMA_READ_CONSUME_CHECK_CONSUMER) timestamp=2045 ms, used_size=14579712 bytes (35.6%)
(RDMA_READ_CONSUME_CHECK_CONSUMER) timestamp=2045 ms, used_size=14577664 bytes (35.6%)
(RDMA_READ_CONSUME_CHECK_CONSUMER) timestamp=2045 ms, used_size=14575616 bytes (35.6%)
(RDMA_READ_CONSUME_CHECK_CONSUMER) timestamp=2045 ms, used_size=14573568 bytes (35.6%)
(RDMA_READ_CONSUME_CHECK_CONSUMER) timestamp=2045 ms, used_size=14571520 bytes (35.6%)
(RDMA_READ_CONSUME_CHECK_CONSUMER) timestamp=2045 ms, used_size=14569472 bytes (35.6%)
(RDMA_READ_CONSUME_CHECK_CONSUMER) timestamp=2045 ms, used_size=14567424 bytes (35.6%)
(RDMA_READ_CONSUME_CHECK_CONSUMER) timestamp=2045 ms, used_size=14565376 bytes (35.6%)
(RDMA_READ_CONSUME_CHECK_CONSUMER) timestamp=2045 ms, used_size=14563328 bytes (35.6%)
(RDMA_READ_CONSUME_CHECK_CONSUMER) timestamp=2045 ms, used_size=14561280 bytes (35.5%)
(RDMA_READ_CONSUME_CHECK_CONSUMER) timestamp=2045 ms, used_size=14559232 bytes (35.5%)
(RDMA_READ_CONSUME_CHECK_CONSUMER) timestamp=2045 ms, used_size=14557184 bytes (35.5%)
(RDMA_READ_CONSUME_CHECK_CONSUMER) timestamp=2045 ms, used_size=14555136 bytes (35.5%)
(RDMA_READ_CONSUME_CHECK_CONSUMER) timestamp=2045 ms, used_size=14553088 bytes (35.5%)
(RDMA_READ_CONSUME_CHECK_CONSUMER) timestamp=2045 ms, used_size=14551040 bytes (35.5%)
(RDMA_READ_CONSUME_CHECK_CONSUMER) timestamp=2045 ms, used_size=14548992 bytes (35.5%)
(RDMA_READ_CONSUME_CHECK_CONSUMER) timestamp=2045 ms, used_size=14546944 bytes (35.5%)
(RDMA_READ_CONSUME_CHECK_CONSUMER) timestamp=2045 ms, used_size=14544896 bytes (35.5%)
(RDMA_READ_CONSUME_CHECK_CONSUMER) timestamp=2045 ms, used_size=14542848 bytes (35.5%)
(RDMA_READ_CONSUME_CHECK_CONSUMER) timestamp=2045 ms, used_size=14540800 bytes (35.5%)
(RDMA_READ_CONSUME_CHECK_CONSUMER) timestamp=2045 ms, used_size=14538752 bytes (35.5%)
(RDMA_READ_CONSUME_CHECK_CONSUMER) timestamp=2045 ms, used_size=14536704 bytes (35.5%)
(RDMA_READ_CONSUME_CHECK_CONSUMER) timestamp=2045 ms, used_size=14534656 bytes (35.5%)
(RDMA_READ_CONSUME_CHECK_CONSUMER) timestamp=2045 ms, used_size=14532608 bytes (35.5%)
(RDMA_READ_CONSUME_CHECK_CONSUMER) timestamp=2045 ms, used_size=14530560 bytes (35.5%)
(RDMA_READ_CONSUME_CHECK_CONSUMER) timestamp=2045 ms, used_size=14528512 bytes (35.5%)
(RDMA_READ_CONSUME_CHECK_CONSUMER) timestamp=2045 ms, used_size=14526464 bytes (35.5%)
(RDMA_READ_CONSUME_CHECK_CONSUMER) timestamp=2045 ms, used_size=14524416 bytes (35.5%)
(RDMA_READ_CONSUME_CHECK_CONSUMER) timestamp=2045 ms, used_size=14522368 bytes (35.5%)
(RDMA_READ_CONSUME_CHECK_CONSUMER) timestamp=2045 ms, used_size=14520320 bytes (35.5%)
(RDMA_READ_CONSUME_CHECK_CONSUMER) timestamp=2045 ms, used_size=14518272 bytes (35.4%)
(RDMA_READ_CONSUME_CHECK_CONSUMER) timestamp=2045 ms, used_size=14516224 bytes (35.4%)
(RDMA_READ_CONSUME_CHECK_CONSUMER) timestamp=2045 ms, used_size=14514176 bytes (35.4%)
(RDMA_READ_CONSUME_CHECK_CONSUMER) timestamp=2045 ms, used_size=14512128 bytes (35.4%)
(RDMA_READ_CONSUME_CHECK_CONSUMER) timestamp=2045 ms, used_size=14510080 bytes (35.4%)
(RDMA_READ_CONSUME_CHECK_CONSUMER) timestamp=2045 ms, used_size=14508032 bytes (35.4%)
(RDMA_READ_CONSUME_CHECK_CONSUMER) timestamp=2045 ms, used_size=14505984 bytes (35.4%)
(RDMA_READ_CONSUME_CHECK_CONSUMER) timestamp=2045 ms, used_size=14503936 bytes (35.4%)
(RDMA_READ_CONSUME_CHECK_CONSUMER) timestamp=2045 ms, used_size=14501888 bytes (35.4%)
(RDMA_READ_CONSUME_CHECK_CONSUMER) timestamp=2045 ms, used_size=14499840 bytes (35.4%)
(RDMA_READ_CONSUME_CHECK_CONSUMER) timestamp=2045 ms, used_size=14497792 bytes (35.4%)
(RDMA_READ_CONSUME_CHECK_CONSUMER) timestamp=2045 ms, used_size=14495744 bytes (35.4%)
(RDMA_READ_CONSUME_CHECK_CONSUMER) timestamp=2045 ms, used_size=14493696 bytes (35.4%)
(RDMA_READ_CONSUME_CHECK_CONSUMER) timestamp=2045 ms, used_size=14491648 bytes (35.4%)
(RDMA_READ_CONSUME_CHECK_CONSUMER) timestamp=2045 ms, used_size=14489600 bytes (35.4%)
(RDMA_READ_CONSUME_CHECK_CONSUMER) timestamp=2045 ms, used_size=14487552 bytes (35.4%)
(RDMA_READ_CONSUME_CHECK_CONSUMER) timestamp=2045 ms, used_size=14485504 bytes (35.4%)
(RDMA_READ_CONSUME_CHECK_CONSUMER) timestamp=2045 ms, used_size=14483456 bytes (35.4%)
(RDMA_READ_CONSUME_CHECK_CONSUMER) timestamp=2045 ms, used_size=14481408 bytes (35.4%)
(RDMA_READ_CONSUME_CHECK_CONSUMER) timestamp=2045 ms, used_size=14479360 bytes (35.4%)
(RDMA_READ_CONSUME_CHECK_CONSUMER) timestamp=2045 ms, used_size=14477312 bytes (35.3%)
(RDMA_READ_CONSUME_CHECK_CONSUMER) timestamp=2045 ms, used_size=14475264 bytes (35.3%)
(RDMA_READ_CONSUME_CHECK_CONSUMER) timestamp=2045 ms, used_size=14473216 bytes (35.3%)
(RDMA_READ_CONSUME_CHECK_CONSUMER) timestamp=2045 ms, used_size=14471168 bytes (35.3%)
(RDMA_READ_CONSUME_CHECK_CONSUMER) timestamp=2045 ms, used_size=14469120 bytes (35.3%)
(RDMA_READ_CONSUME_CHECK_CONSUMER) timestamp=2045 ms, used_size=14467072 bytes (35.3%)
(RDMA_READ_CONSUME_CHECK_CONSUMER) timestamp=2045 ms, used_size=14465024 bytes (35.3%)
(RDMA_READ_CONSUME_CHECK_CONSUMER) timestamp=2045 ms, used_size=14462976 bytes (35.3%)
(RDMA_READ_CONSUME_CHECK_CONSUMER) timestamp=2045 ms, used_size=14460928 bytes (35.3%)
(RDMA_READ_CONSUME_CHECK_CONSUMER) timestamp=2045 ms, used_size=14458880 bytes (35.3%)
(RDMA_READ_CONSUME_CHECK_CONSUMER) timestamp=2045 ms, used_size=14456832 bytes (35.3%)
(RDMA_READ_CONSUME_CHECK_CONSUMER) timestamp=2045 ms, used_size=14454784 bytes (35.3%)
(RDMA_READ_CONSUME_CHECK_CONSUMER) timestamp=2045 ms, used_size=14452736 bytes (35.3%)
(RDMA_READ_CONSUME_CHECK_CONSUMER) timestamp=2045 ms, used_size=14450688 bytes (35.3%)
(RDMA_READ_CONSUME_CHECK_CONSUMER) timestamp=2045 ms, used_size=14448640 bytes (35.3%)
(RDMA_READ_CONSUME_CHECK_CONSUMER) timestamp=2045 ms, used_size=14446592 bytes (35.3%)
(RDMA_READ_CONSUME_CHECK_CONSUMER) timestamp=2045 ms, used_size=14444544 bytes (35.3%)
(RDMA_READ_CONSUME_CHECK_CONSUMER) timestamp=2045 ms, used_size=14442496 bytes (35.3%)
(RDMA_READ_CONSUME_CHECK_CONSUMER) timestamp=2045 ms, used_size=14440448 bytes (35.3%)
(RDMA_READ_CONSUME_CHECK_CONSUMER) timestamp=2045 ms, used_size=14438400 bytes (35.2%)
(RDMA_READ_CONSUME_CHECK_CONSUMER) timestamp=2045 ms, used_size=14436352 bytes (35.2%)
(RDMA_READ_CONSUME_CHECK_CONSUMER) timestamp=2045 ms, used_size=14434304 bytes (35.2%)
(RDMA_READ_CONSUME_CHECK_CONSUMER) timestamp=2045 ms, used_size=14432256 bytes (35.2%)
(RDMA_READ_CONSUME_CHECK_CONSUMER) timestamp=2045 ms, used_size=14430208 bytes (35.2%)
(RDMA_READ_CONSUME_CHECK_CONSUMER) timestamp=2045 ms, used_size=14428160 bytes (35.2%)
(RDMA_READ_CONSUME_CHECK_CONSUMER) timestamp=2045 ms, used_size=14426112 bytes (35.2%)
(RDMA_READ_CONSUME_CHECK_CONSUMER) timestamp=2045 ms, used_size=14424064 bytes (35.2%)
(RDMA_READ_CONSUME_CHECK_CONSUMER) timestamp=2045 ms, used_size=14422016 bytes (35.2%)
(RDMA_READ_CONSUME_CHECK_CONSUMER) timestamp=2045 ms, used_size=14419968 bytes (35.2%)
(RDMA_READ_CONSUME_CHECK_CONSUMER) timestamp=2045 ms, used_size=14417920 bytes (35.2%)
(RDMA_READ_CONSUME_CHECK_CONSUMER) timestamp=2045 ms, used_size=14415872 bytes (35.2%)
(RDMA_READ_CONSUME_CHECK_CONSUMER) timestamp=2045 ms, used_size=14413824 bytes (35.2%)
(RDMA_READ_CONSUME_CHECK_CONSUMER) timestamp=2045 ms, used_size=14411776 bytes (35.2%)
(RDMA_READ_CONSUME_CHECK_CONSUMER) timestamp=2045 ms, used_size=14409728 bytes (35.2%)
(RDMA_READ_CONSUME_CHECK_CONSUMER) timestamp=2045 ms, used_size=14407680 bytes (35.2%)
(RDMA_READ_CONSUME_CHECK_CONSUMER) timestamp=2045 ms, used_size=14405632 bytes (35.2%)
(RDMA_READ_CONSUME_CHECK_CONSUMER) timestamp=2045 ms, used_size=14403584 bytes (35.2%)
(RDMA_READ_CONSUME_CHECK_CONSUMER) timestamp=2045 ms, used_size=14401536 bytes (35.2%)
(RDMA_READ_CONSUME_CHECK_CONSUMER) timestamp=2045 ms, used_size=14399488 bytes (35.2%)
(RDMA_READ_CONSUME_CHECK_CONSUMER) timestamp=2045 ms, used_size=14397440 bytes (35.1%)
(RDMA_READ_CONSUME_CHECK_CONSUMER) timestamp=2045 ms, used_size=14395392 bytes (35.1%)
(RDMA_READ_CONSUME_CHECK_CONSUMER) timestamp=2045 ms, used_size=14393344 bytes (35.1%)
(RDMA_READ_CONSUME_CHECK_CONSUMER) timestamp=2045 ms, used_size=14391296 bytes (35.1%)
(RDMA_READ_CONSUME_CHECK_CONSUMER) timestamp=2045 ms, used_size=14389248 bytes (35.1%)
(RDMA_READ_CONSUME_CHECK_CONSUMER) timestamp=2045 ms, used_size=14387200 bytes (35.1%)
(RDMA_READ_CONSUME_CHECK_CONSUMER) timestamp=2045 ms, used_size=14385152 bytes (35.1%)
(RDMA_READ_CONSUME_CHECK_CONSUMER) timestamp=2045 ms, used_size=14383104 bytes (35.1%)
(RDMA_READ_CONSUME_CHECK_CONSUMER) timestamp=2045 ms, used_size=14381056 bytes (35.1%)
(RDMA_READ_CONSUME_CHECK_CONSUMER) timestamp=2045 ms, used_size=14379008 bytes (35.1%)
(RDMA_READ_CONSUME_CHECK_CONSUMER) timestamp=2045 ms, used_size=14376960 bytes (35.1%)
(RDMA_READ_CONSUME_CHECK_CONSUMER) timestamp=2045 ms, used_size=14374912 bytes (35.1%)
(RDMA_READ_CONSUME_CHECK_CONSUMER) timestamp=2045 ms, used_size=14372864 bytes (35.1%)
(RDMA_READ_CONSUME_CHECK_CONSUMER) timestamp=2045 ms, used_size=14370816 bytes (35.1%)
(RDMA_READ_CONSUME_CHECK_CONSUMER) timestamp=2045 ms, used_size=14368768 bytes (35.1%)
(RDMA_READ_CONSUME_CHECK_CONSUMER) timestamp=2045 ms, used_size=14366720 bytes (35.1%)
(RDMA_READ_CONSUME_CHECK_CONSUMER) timestamp=2045 ms, used_size=14364672 bytes (35.1%)
(RDMA_READ_CONSUME_CHECK_CONSUMER) timestamp=2045 ms, used_size=14362624 bytes (35.1%)
(RDMA_READ_CONSUME_CHECK_CONSUMER) timestamp=2045 ms, used_size=14360576 bytes (35.1%)
(RDMA_READ_CONSUME_CHECK_CONSUMER) timestamp=2045 ms, used_size=14358528 bytes (35.1%)
(RDMA_READ_CONSUME_CHECK_CONSUMER) timestamp=2045 ms, used_size=14356480 bytes (35.0%)
(RDMA_READ_CONSUME_CHECK_CONSUMER) timestamp=2045 ms, used_size=14354432 bytes (35.0%)
(RDMA_READ_CONSUME_CHECK_CONSUMER) timestamp=2045 ms, used_size=14352384 bytes (35.0%)
(RDMA_READ_CONSUME_CHECK_CONSUMER) timestamp=2045 ms, used_size=14350336 bytes (35.0%)
(RDMA_READ_CONSUME_CHECK_CONSUMER) timestamp=2045 ms, used_size=14348288 bytes (35.0%)
(RDMA_READ_CONSUME_CHECK_CONSUMER) timestamp=2045 ms, used_size=14346240 bytes (35.0%)
(RDMA_READ_CONSUME_CHECK_CONSUMER) timestamp=2045 ms, used_size=14344192 bytes (35.0%)
(RDMA_READ_CONSUME_CHECK_CONSUMER) timestamp=2045 ms, used_size=14342144 bytes (35.0%)
(RDMA_READ_CONSUME_CHECK_CONSUMER) timestamp=2045 ms, used_size=14340096 bytes (35.0%)
(RDMA_READ_CONSUME_CHECK_CONSUMER) timestamp=2045 ms, used_size=14338048 bytes (35.0%)
(RDMA_READ_CONSUME_CHECK_CONSUMER) timestamp=2045 ms, used_size=14336000 bytes (35.0%)
(RDMA_READ_CONSUME_CHECK_CONSUMER) timestamp=2045 ms, used_size=14333952 bytes (35.0%)
(RDMA_READ_CONSUME_CHECK_CONSUMER) timestamp=2045 ms, used_size=14331904 bytes (35.0%)
(RDMA_READ_CONSUME_CHECK_CONSUMER) timestamp=2045 ms, used_size=14329856 bytes (35.0%)
(RDMA_READ_CONSUME_CHECK_CONSUMER) timestamp=2045 ms, used_size=14327808 bytes (35.0%)
(RDMA_READ_CONSUME_CHECK_CONSUMER) timestamp=2045 ms, used_size=14325760 bytes (35.0%)
(RDMA_READ_CONSUME_CHECK_CONSUMER) timestamp=2045 ms, used_size=14323712 bytes (35.0%)
(RDMA_READ_CONSUME_CHECK_CONSUMER) timestamp=2045 ms, used_size=14321664 bytes (35.0%)
(RDMA_READ_CONSUME_CHECK_CONSUMER) timestamp=2045 ms, used_size=14319616 bytes (35.0%)
(RDMA_READ_CONSUME_CHECK_CONSUMER) timestamp=2045 ms, used_size=14317568 bytes (35.0%)
(RDMA_READ_CONSUME_CHECK_CONSUMER) timestamp=2045 ms, used_size=14315520 bytes (35.0%)
(RDMA_READ_CONSUME_CHECK_CONSUMER) timestamp=2045 ms, used_size=14313472 bytes (34.9%)
(RDMA_READ_CONSUME_CHECK_CONSUMER) timestamp=2045 ms, used_size=14311424 bytes (34.9%)
(RDMA_READ_CONSUME_CHECK_CONSUMER) timestamp=2045 ms, used_size=14309376 bytes (34.9%)
(RDMA_READ_CONSUME_CHECK_CONSUMER) timestamp=2045 ms, used_size=14307328 bytes (34.9%)
(RDMA_READ_CONSUME_CHECK_CONSUMER) timestamp=2045 ms, used_size=14305280 bytes (34.9%)
(RDMA_READ_CONSUME_CHECK_CONSUMER) timestamp=2045 ms, used_size=14303232 bytes (34.9%)
(RDMA_READ_CONSUME_CHECK_CONSUMER) timestamp=2045 ms, used_size=14301184 bytes (34.9%)
(RDMA_READ_CONSUME_CHECK_CONSUMER) timestamp=2045 ms, used_size=14299136 bytes (34.9%)
(RDMA_READ_CONSUME_CHECK_CONSUMER) timestamp=2045 ms, used_size=14297088 bytes (34.9%)
(RDMA_READ_CONSUME_CHECK_CONSUMER) timestamp=2045 ms, used_size=14295040 bytes (34.9%)
(RDMA_READ_CONSUME_CHECK_CONSUMER) timestamp=2045 ms, used_size=14292992 bytes (34.9%)
(RDMA_READ_CONSUME_CHECK_CONSUMER) timestamp=2045 ms, used_size=14290944 bytes (34.9%)
(RDMA_READ_CONSUME_CHECK_CONSUMER) timestamp=2045 ms, used_size=14288896 bytes (34.9%)
(RDMA_READ_CONSUME_CHECK_CONSUMER) timestamp=2045 ms, used_size=14286848 bytes (34.9%)
(RDMA_READ_CONSUME_CHECK_CONSUMER) timestamp=2045 ms, used_size=14284800 bytes (34.9%)
(RDMA_READ_CONSUME_CHECK_CONSUMER) timestamp=2045 ms, used_size=14282752 bytes (34.9%)
(RDMA_READ_CONSUME_CHECK_CONSUMER) timestamp=2045 ms, used_size=14280704 bytes (34.9%)
(RDMA_READ_CONSUME_CHECK_CONSUMER) timestamp=2045 ms, used_size=14278656 bytes (34.9%)
(RDMA_READ_CONSUME_CHECK_CONSUMER) timestamp=2045 ms, used_size=14276608 bytes (34.9%)
(RDMA_READ_CONSUME_CHECK_CONSUMER) timestamp=2045 ms, used_size=14274560 bytes (34.9%)
(RDMA_READ_CONSUME_CHECK_CONSUMER) timestamp=2045 ms, used_size=14272512 bytes (34.8%)
(RDMA_READ_CONSUME_CHECK_CONSUMER) timestamp=2045 ms, used_size=14270464 bytes (34.8%)
(RDMA_READ_CONSUME_CHECK_CONSUMER) timestamp=2045 ms, used_size=14268416 bytes (34.8%)
(RDMA_READ_CONSUME_CHECK_CONSUMER) timestamp=2045 ms, used_size=14266368 bytes (34.8%)
(RDMA_READ_CONSUME_CHECK_CONSUMER) timestamp=2045 ms, used_size=14264320 bytes (34.8%)
(RDMA_READ_CONSUME_CHECK_CONSUMER) timestamp=2045 ms, used_size=14262272 bytes (34.8%)
(RDMA_READ_CONSUME_CHECK_CONSUMER) timestamp=2045 ms, used_size=14260224 bytes (34.8%)
(RDMA_READ_CONSUME_CHECK_CONSUMER) timestamp=2045 ms, used_size=14258176 bytes (34.8%)
(RDMA_READ_CONSUME_CHECK_CONSUMER) timestamp=2045 ms, used_size=14256128 bytes (34.8%)
(RDMA_READ_CONSUME_CHECK_CONSUMER) timestamp=2045 ms, used_size=14254080 bytes (34.8%)
(RDMA_READ_CONSUME_CHECK_CONSUMER) timestamp=2045 ms, used_size=14252032 bytes (34.8%)
(RDMA_READ_CONSUME_CHECK_CONSUMER) timestamp=2045 ms, used_size=14249984 bytes (34.8%)
(RDMA_READ_CONSUME_CHECK_CONSUMER) timestamp=2045 ms, used_size=14247936 bytes (34.8%)
(RDMA_READ_CONSUME_CHECK_CONSUMER) timestamp=2045 ms, used_size=14245888 bytes (34.8%)
(RDMA_READ_CONSUME_CHECK_CONSUMER) timestamp=2045 ms, used_size=14243840 bytes (34.8%)
(RDMA_READ_CONSUME_CHECK_CONSUMER) timestamp=2045 ms, used_size=14241792 bytes (34.8%)
(RDMA_READ_CONSUME_CHECK_CONSUMER) timestamp=2045 ms, used_size=14239744 bytes (34.8%)
(RDMA_READ_CONSUME_CHECK_CONSUMER) timestamp=2045 ms, used_size=14237696 bytes (34.8%)
(RDMA_READ_CONSUME_CHECK_CONSUMER) timestamp=2045 ms, used_size=14235648 bytes (34.8%)
(RDMA_READ_CONSUME_CHECK_CONSUMER) timestamp=2045 ms, used_size=14233600 bytes (34.8%)
(RDMA_READ_CONSUME_CHECK_CONSUMER) timestamp=2045 ms, used_size=14231552 bytes (34.7%)
(RDMA_READ_CONSUME_CHECK_CONSUMER) timestamp=2045 ms, used_size=14229504 bytes (34.7%)
(RDMA_READ_CONSUME_CHECK_CONSUMER) timestamp=2045 ms, used_size=14227456 bytes (34.7%)
(RDMA_READ_CONSUME_CHECK_CONSUMER) timestamp=2045 ms, used_size=14225408 bytes (34.7%)
(RDMA_READ_CONSUME_CHECK_CONSUMER) timestamp=2045 ms, used_size=14223360 bytes (34.7%)
(RDMA_READ_CONSUME_CHECK_CONSUMER) timestamp=2045 ms, used_size=14221312 bytes (34.7%)
(RDMA_READ_CONSUME_CHECK_CONSUMER) timestamp=2045 ms, used_size=14219264 bytes (34.7%)
(RDMA_READ_CONSUME_CHECK_CONSUMER) timestamp=2045 ms, used_size=14217216 bytes (34.7%)
(RDMA_READ_CONSUME_CHECK_CONSUMER) timestamp=2045 ms, used_size=14215168 bytes (34.7%)
(RDMA_READ_CONSUME_CHECK_CONSUMER) timestamp=2045 ms, used_size=14213120 bytes (34.7%)
(RDMA_READ_CONSUME_CHECK_CONSUMER) timestamp=2046 ms, used_size=14211072 bytes (34.7%)
(RDMA_READ_CONSUME_CHECK_CONSUMER) timestamp=2046 ms, used_size=14209024 bytes (34.7%)
(RDMA_READ_CONSUME_CHECK_CONSUMER) timestamp=2046 ms, used_size=14206976 bytes (34.7%)
(RDMA_READ_CONSUME_CHECK_CONSUMER) timestamp=2046 ms, used_size=14204928 bytes (34.7%)
(RDMA_READ_CONSUME_CHECK_CONSUMER) timestamp=2046 ms, used_size=14202880 bytes (34.7%)
(RDMA_READ_CONSUME_CHECK_CONSUMER) timestamp=2046 ms, used_size=14200832 bytes (34.7%)
(RDMA_READ_CONSUME_CHECK_CONSUMER) timestamp=2046 ms, used_size=14198784 bytes (34.7%)
(RDMA_READ_CONSUME_CHECK_CONSUMER) timestamp=2046 ms, used_size=14196736 bytes (34.7%)
(RDMA_READ_CONSUME_CHECK_CONSUMER) timestamp=2046 ms, used_size=14194688 bytes (34.7%)
(RDMA_READ_CONSUME_CHECK_CONSUMER) timestamp=2046 ms, used_size=14192640 bytes (34.6%)
(RDMA_READ_CONSUME_CHECK_CONSUMER) timestamp=2046 ms, used_size=14190592 bytes (34.6%)
(RDMA_READ_CONSUME_CHECK_CONSUMER) timestamp=2046 ms, used_size=14188544 bytes (34.6%)
(RDMA_READ_CONSUME_CHECK_CONSUMER) timestamp=2046 ms, used_size=14186496 bytes (34.6%)
(RDMA_READ_CONSUME_CHECK_CONSUMER) timestamp=2046 ms, used_size=14184448 bytes (34.6%)
(RDMA_READ_CONSUME_CHECK_CONSUMER) timestamp=2046 ms, used_size=14182400 bytes (34.6%)
(RDMA_READ_CONSUME_CHECK_CONSUMER) timestamp=2046 ms, used_size=14180352 bytes (34.6%)
(RDMA_READ_CONSUME_CHECK_CONSUMER) timestamp=2046 ms, used_size=14178304 bytes (34.6%)
(RDMA_READ_CONSUME_CHECK_CONSUMER) timestamp=2046 ms, used_size=14176256 bytes (34.6%)
(RDMA_READ_CONSUME_CHECK_CONSUMER) timestamp=2046 ms, used_size=14174208 bytes (34.6%)
(RDMA_READ_CONSUME_CHECK_CONSUMER) timestamp=2046 ms, used_size=14172160 bytes (34.6%)
(RDMA_READ_CONSUME_CHECK_CONSUMER) timestamp=2046 ms, used_size=14170112 bytes (34.6%)
(RDMA_READ_CONSUME_CHECK_CONSUMER) timestamp=2046 ms, used_size=14168064 bytes (34.6%)
(RDMA_READ_CONSUME_CHECK_CONSUMER) timestamp=2046 ms, used_size=14166016 bytes (34.6%)
(RDMA_READ_CONSUME_CHECK_CONSUMER) timestamp=2046 ms, used_size=14163968 bytes (34.6%)
(RDMA_READ_CONSUME_CHECK_CONSUMER) timestamp=2046 ms, used_size=14161920 bytes (34.6%)
(RDMA_READ_CONSUME_CHECK_CONSUMER) timestamp=2046 ms, used_size=14159872 bytes (34.6%)
(RDMA_READ_CONSUME_CHECK_CONSUMER) timestamp=2046 ms, used_size=14157824 bytes (34.6%)
(RDMA_READ_CONSUME_CHECK_CONSUMER) timestamp=2046 ms, used_size=14155776 bytes (34.6%)
(RDMA_READ_CONSUME_CHECK_CONSUMER) timestamp=2046 ms, used_size=14153728 bytes (34.6%)
(RDMA_READ_CONSUME_CHECK_CONSUMER) timestamp=2046 ms, used_size=14151680 bytes (34.5%)
(RDMA_READ_CONSUME_CHECK_CONSUMER) timestamp=2046 ms, used_size=14149632 bytes (34.5%)
(RDMA_READ_CONSUME_CHECK_CONSUMER) timestamp=2046 ms, used_size=14147584 bytes (34.5%)
(RDMA_READ_CONSUME_CHECK_CONSUMER) timestamp=2046 ms, used_size=14145536 bytes (34.5%)
(RDMA_READ_CONSUME_CHECK_CONSUMER) timestamp=2046 ms, used_size=14143488 bytes (34.5%)
(RDMA_READ_CONSUME_CHECK_CONSUMER) timestamp=2046 ms, used_size=14141440 bytes (34.5%)
(RDMA_READ_CONSUME_CHECK_CONSUMER) timestamp=2046 ms, used_size=14139392 bytes (34.5%)
(RDMA_READ_CONSUME_CHECK_CONSUMER) timestamp=2046 ms, used_size=14137344 bytes (34.5%)
(RDMA_READ_CONSUME_CHECK_CONSUMER) timestamp=2046 ms, used_size=14135296 bytes (34.5%)
(RDMA_READ_CONSUME_CHECK_CONSUMER) timestamp=2046 ms, used_size=14133248 bytes (34.5%)
(RDMA_READ_CONSUME_CHECK_CONSUMER) timestamp=2046 ms, used_size=14131200 bytes (34.5%)
(RDMA_READ_CONSUME_CHECK_CONSUMER) timestamp=2046 ms, used_size=14129152 bytes (34.5%)
(RDMA_READ_CONSUME_CHECK_CONSUMER) timestamp=2046 ms, used_size=14127104 bytes (34.5%)
(RDMA_READ_CONSUME_CHECK_CONSUMER) timestamp=2046 ms, used_size=14125056 bytes (34.5%)
(RDMA_READ_CONSUME_CHECK_CONSUMER) timestamp=2046 ms, used_size=14123008 bytes (34.5%)
(RDMA_READ_CONSUME_CHECK_CONSUMER) timestamp=2046 ms, used_size=14120960 bytes (34.5%)
(RDMA_READ_CONSUME_CHECK_CONSUMER) timestamp=2046 ms, used_size=14118912 bytes (34.5%)
(RDMA_READ_CONSUME_CHECK_CONSUMER) timestamp=2046 ms, used_size=14116864 bytes (34.5%)
(RDMA_READ_CONSUME_CHECK_CONSUMER) timestamp=2046 ms, used_size=14114816 bytes (34.5%)
(RDMA_READ_CONSUME_CHECK_CONSUMER) timestamp=2046 ms, used_size=14112768 bytes (34.5%)
(RDMA_READ_CONSUME_CHECK_CONSUMER) timestamp=2046 ms, used_size=14110720 bytes (34.5%)
(RDMA_READ_CONSUME_CHECK_CONSUMER) timestamp=2046 ms, used_size=14108672 bytes (34.4%)
(RDMA_READ_CONSUME_CHECK_CONSUMER) timestamp=2046 ms, used_size=14106624 bytes (34.4%)
(RDMA_READ_CONSUME_CHECK_CONSUMER) timestamp=2046 ms, used_size=14104576 bytes (34.4%)
(RDMA_READ_CONSUME_CHECK_CONSUMER) timestamp=2046 ms, used_size=14102528 bytes (34.4%)
(RDMA_READ_CONSUME_CHECK_CONSUMER) timestamp=2046 ms, used_size=14100480 bytes (34.4%)
(RDMA_READ_CONSUME_CHECK_CONSUMER) timestamp=2046 ms, used_size=14098432 bytes (34.4%)
(RDMA_READ_CONSUME_CHECK_CONSUMER) timestamp=2046 ms, used_size=14096384 bytes (34.4%)
(RDMA_READ_CONSUME_CHECK_CONSUMER) timestamp=2046 ms, used_size=14094336 bytes (34.4%)
(RDMA_READ_CONSUME_CHECK_CONSUMER) timestamp=2046 ms, used_size=14092288 bytes (34.4%)
(RDMA_READ_CONSUME_CHECK_CONSUMER) timestamp=2046 ms, used_size=14090240 bytes (34.4%)
(RDMA_READ_CONSUME_CHECK_CONSUMER) timestamp=2046 ms, used_size=14088192 bytes (34.4%)
(RDMA_READ_CONSUME_CHECK_CONSUMER) timestamp=2046 ms, used_size=14086144 bytes (34.4%)
(RDMA_READ_CONSUME_CHECK_CONSUMER) timestamp=2046 ms, used_size=14084096 bytes (34.4%)
(RDMA_READ_CONSUME_CHECK_CONSUMER) timestamp=2046 ms, used_size=14082048 bytes (34.4%)
(RDMA_READ_CONSUME_CHECK_CONSUMER) timestamp=2046 ms, used_size=14080000 bytes (34.4%)
(RDMA_READ_CONSUME_CHECK_CONSUMER) timestamp=2046 ms, used_size=14077952 bytes (34.4%)
(RDMA_READ_CONSUME_CHECK_CONSUMER) timestamp=2046 ms, used_size=14075904 bytes (34.4%)
(RDMA_READ_CONSUME_CHECK_CONSUMER) timestamp=2046 ms, used_size=14073856 bytes (34.4%)
(RDMA_READ_CONSUME_CHECK_CONSUMER) timestamp=2046 ms, used_size=14071808 bytes (34.4%)
(RDMA_READ_CONSUME_CHECK_CONSUMER) timestamp=2046 ms, used_size=14069760 bytes (34.4%)
(RDMA_READ_CONSUME_CHECK_CONSUMER) timestamp=2046 ms, used_size=14067712 bytes (34.3%)
(RDMA_READ_CONSUME_CHECK_CONSUMER) timestamp=2046 ms, used_size=14065664 bytes (34.3%)
(RDMA_READ_CONSUME_CHECK_CONSUMER) timestamp=2046 ms, used_size=14063616 bytes (34.3%)
(RDMA_READ_CONSUME_CHECK_CONSUMER) timestamp=2046 ms, used_size=14061568 bytes (34.3%)
(RDMA_READ_CONSUME_CHECK_CONSUMER) timestamp=2046 ms, used_size=14059520 bytes (34.3%)
(RDMA_READ_CONSUME_CHECK_CONSUMER) timestamp=2046 ms, used_size=14057472 bytes (34.3%)
(RDMA_READ_CONSUME_CHECK_CONSUMER) timestamp=2046 ms, used_size=14055424 bytes (34.3%)
(RDMA_READ_CONSUME_CHECK_CONSUMER) timestamp=2046 ms, used_size=14053376 bytes (34.3%)
(RDMA_READ_CONSUME_CHECK_CONSUMER) timestamp=2046 ms, used_size=14051328 bytes (34.3%)
(RDMA_READ_CONSUME_CHECK_CONSUMER) timestamp=2046 ms, used_size=14049280 bytes (34.3%)
(RDMA_READ_CONSUME_CHECK_CONSUMER) timestamp=2046 ms, used_size=14047232 bytes (34.3%)
(RDMA_READ_CONSUME_CHECK_CONSUMER) timestamp=2046 ms, used_size=14045184 bytes (34.3%)
(RDMA_READ_CONSUME_CHECK_CONSUMER) timestamp=2046 ms, used_size=14043136 bytes (34.3%)
(RDMA_READ_CONSUME_CHECK_CONSUMER) timestamp=2046 ms, used_size=14041088 bytes (34.3%)
(RDMA_READ_CONSUME_CHECK_CONSUMER) timestamp=2046 ms, used_size=14039040 bytes (34.3%)
(RDMA_READ_CONSUME_CHECK_CONSUMER) timestamp=2046 ms, used_size=14036992 bytes (34.3%)
(RDMA_READ_CONSUME_CHECK_CONSUMER) timestamp=2046 ms, used_size=14034944 bytes (34.3%)
(RDMA_READ_CONSUME_CHECK_CONSUMER) timestamp=2046 ms, used_size=14032896 bytes (34.3%)
(RDMA_READ_CONSUME_CHECK_CONSUMER) timestamp=2046 ms, used_size=14030848 bytes (34.3%)
(RDMA_READ_CONSUME_CHECK_CONSUMER) timestamp=2046 ms, used_size=14028800 bytes (34.2%)
(RDMA_READ_CONSUME_CHECK_CONSUMER) timestamp=2046 ms, used_size=14026752 bytes (34.2%)
(RDMA_READ_CONSUME_CHECK_CONSUMER) timestamp=2046 ms, used_size=14024704 bytes (34.2%)
(RDMA_READ_CONSUME_CHECK_CONSUMER) timestamp=2046 ms, used_size=14022656 bytes (34.2%)
(RDMA_READ_CONSUME_CHECK_CONSUMER) timestamp=2046 ms, used_size=14020608 bytes (34.2%)
(RDMA_READ_CONSUME_CHECK_CONSUMER) timestamp=2046 ms, used_size=14018560 bytes (34.2%)
(RDMA_READ_CONSUME_CHECK_CONSUMER) timestamp=2046 ms, used_size=14016512 bytes (34.2%)
(RDMA_READ_CONSUME_CHECK_CONSUMER) timestamp=2046 ms, used_size=14014464 bytes (34.2%)
(RDMA_READ_CONSUME_CHECK_CONSUMER) timestamp=2046 ms, used_size=14012416 bytes (34.2%)
(RDMA_READ_CONSUME_CHECK_CONSUMER) timestamp=2046 ms, used_size=14010368 bytes (34.2%)
(RDMA_READ_CONSUME_CHECK_CONSUMER) timestamp=2046 ms, used_size=14008320 bytes (34.2%)
(RDMA_READ_CONSUME_CHECK_CONSUMER) timestamp=2046 ms, used_size=14006272 bytes (34.2%)
(RDMA_READ_CONSUME_CHECK_CONSUMER) timestamp=2046 ms, used_size=14004224 bytes (34.2%)
(RDMA_READ_CONSUME_CHECK_CONSUMER) timestamp=2046 ms, used_size=14002176 bytes (34.2%)
(RDMA_READ_CONSUME_CHECK_CONSUMER) timestamp=2046 ms, used_size=14000128 bytes (34.2%)
(RDMA_READ_CONSUME_CHECK_CONSUMER) timestamp=2046 ms, used_size=13998080 bytes (34.2%)
(RDMA_READ_CONSUME_CHECK_CONSUMER) timestamp=2046 ms, used_size=13996032 bytes (34.2%)
(RDMA_READ_CONSUME_CHECK_CONSUMER) timestamp=2046 ms, used_size=13993984 bytes (34.2%)
(RDMA_READ_CONSUME_CHECK_CONSUMER) timestamp=2046 ms, used_size=13991936 bytes (34.2%)
(RDMA_READ_CONSUME_CHECK_CONSUMER) timestamp=2046 ms, used_size=13989888 bytes (34.2%)
(RDMA_READ_CONSUME_CHECK_CONSUMER) timestamp=2046 ms, used_size=13987840 bytes (34.1%)
(RDMA_READ_CONSUME_CHECK_CONSUMER) timestamp=2046 ms, used_size=13985792 bytes (34.1%)
(RDMA_READ_CONSUME_CHECK_CONSUMER) timestamp=2046 ms, used_size=13983744 bytes (34.1%)
(RDMA_READ_CONSUME_CHECK_CONSUMER) timestamp=2046 ms, used_size=13981696 bytes (34.1%)
(RDMA_READ_CONSUME_CHECK_CONSUMER) timestamp=2046 ms, used_size=13979648 bytes (34.1%)
(RDMA_READ_CONSUME_CHECK_CONSUMER) timestamp=2046 ms, used_size=13977600 bytes (34.1%)
(RDMA_READ_CONSUME_CHECK_CONSUMER) timestamp=2046 ms, used_size=13975552 bytes (34.1%)
(RDMA_READ_CONSUME_CHECK_CONSUMER) timestamp=2046 ms, used_size=13973504 bytes (34.1%)
(RDMA_READ_CONSUME_CHECK_CONSUMER) timestamp=2046 ms, used_size=13971456 bytes (34.1%)
(RDMA_READ_CONSUME_CHECK_CONSUMER) timestamp=2046 ms, used_size=13969408 bytes (34.1%)
(RDMA_READ_CONSUME_CHECK_CONSUMER) timestamp=2046 ms, used_size=13967360 bytes (34.1%)
(RDMA_READ_CONSUME_CHECK_CONSUMER) timestamp=2046 ms, used_size=13965312 bytes (34.1%)
(RDMA_READ_CONSUME_CHECK_CONSUMER) timestamp=2046 ms, used_size=13963264 bytes (34.1%)
(RDMA_READ_CONSUME_CHECK_CONSUMER) timestamp=2046 ms, used_size=13961216 bytes (34.1%)
(RDMA_READ_CONSUME_CHECK_CONSUMER) timestamp=2046 ms, used_size=13959168 bytes (34.1%)
(RDMA_READ_CONSUME_CHECK_CONSUMER) timestamp=2046 ms, used_size=13957120 bytes (34.1%)
(RDMA_READ_CONSUME_CHECK_CONSUMER) timestamp=2046 ms, used_size=13955072 bytes (34.1%)
(RDMA_READ_CONSUME_CHECK_CONSUMER) timestamp=2046 ms, used_size=13953024 bytes (34.1%)
(RDMA_READ_CONSUME_CHECK_CONSUMER) timestamp=2046 ms, used_size=13950976 bytes (34.1%)
(RDMA_READ_CONSUME_CHECK_CONSUMER) timestamp=2046 ms, used_size=13948928 bytes (34.1%)
(RDMA_READ_CONSUME_CHECK_CONSUMER) timestamp=2046 ms, used_size=13946880 bytes (34.0%)
(RDMA_READ_CONSUME_CHECK_CONSUMER) timestamp=2046 ms, used_size=13944832 bytes (34.0%)
(RDMA_READ_CONSUME_CHECK_CONSUMER) timestamp=2046 ms, used_size=13942784 bytes (34.0%)
(RDMA_READ_CONSUME_CHECK_CONSUMER) timestamp=2046 ms, used_size=13940736 bytes (34.0%)
(RDMA_READ_CONSUME_CHECK_CONSUMER) timestamp=2046 ms, used_size=13938688 bytes (34.0%)
(RDMA_READ_CONSUME_CHECK_CONSUMER) timestamp=2046 ms, used_size=13936640 bytes (34.0%)
(RDMA_READ_CONSUME_CHECK_CONSUMER) timestamp=2046 ms, used_size=13934592 bytes (34.0%)
(RDMA_READ_CONSUME_CHECK_CONSUMER) timestamp=2046 ms, used_size=13932544 bytes (34.0%)
(RDMA_READ_CONSUME_CHECK_CONSUMER) timestamp=2046 ms, used_size=13930496 bytes (34.0%)
(RDMA_READ_CONSUME_CHECK_CONSUMER) timestamp=2046 ms, used_size=13928448 bytes (34.0%)
(RDMA_READ_CONSUME_CHECK_CONSUMER) timestamp=2046 ms, used_size=13926400 bytes (34.0%)
(RDMA_READ_CONSUME_CHECK_CONSUMER) timestamp=2046 ms, used_size=13924352 bytes (34.0%)
(RDMA_READ_CONSUME_CHECK_CONSUMER) timestamp=2046 ms, used_size=13922304 bytes (34.0%)
(RDMA_READ_CONSUME_CHECK_CONSUMER) timestamp=2046 ms, used_size=13920256 bytes (34.0%)
(RDMA_READ_CONSUME_CHECK_CONSUMER) timestamp=2046 ms, used_size=13918208 bytes (34.0%)
(RDMA_READ_CONSUME_CHECK_CONSUMER) timestamp=2046 ms, used_size=13916160 bytes (34.0%)
(RDMA_READ_CONSUME_CHECK_CONSUMER) timestamp=2046 ms, used_size=13914112 bytes (34.0%)
(RDMA_READ_CONSUME_CHECK_CONSUMER) timestamp=2046 ms, used_size=13912064 bytes (34.0%)
(RDMA_READ_CONSUME_CHECK_CONSUMER) timestamp=2046 ms, used_size=13910016 bytes (34.0%)
(RDMA_READ_CONSUME_CHECK_CONSUMER) timestamp=2046 ms, used_size=13907968 bytes (34.0%)
(RDMA_READ_CONSUME_CHECK_CONSUMER) timestamp=2046 ms, used_size=13905920 bytes (34.0%)
(RDMA_READ_CONSUME_CHECK_CONSUMER) timestamp=2046 ms, used_size=13903872 bytes (33.9%)
(RDMA_READ_CONSUME_CHECK_CONSUMER) timestamp=2046 ms, used_size=13901824 bytes (33.9%)
(RDMA_READ_CONSUME_CHECK_CONSUMER) timestamp=2046 ms, used_size=13899776 bytes (33.9%)
(RDMA_READ_CONSUME_CHECK_CONSUMER) timestamp=2046 ms, used_size=13897728 bytes (33.9%)
(RDMA_READ_CONSUME_CHECK_CONSUMER) timestamp=2046 ms, used_size=13895680 bytes (33.9%)
(RDMA_READ_CONSUME_CHECK_CONSUMER) timestamp=2046 ms, used_size=13893632 bytes (33.9%)
(RDMA_READ_CONSUME_CHECK_CONSUMER) timestamp=2046 ms, used_size=13891584 bytes (33.9%)
(RDMA_READ_CONSUME_CHECK_CONSUMER) timestamp=2046 ms, used_size=13889536 bytes (33.9%)
(RDMA_READ_CONSUME_CHECK_CONSUMER) timestamp=2046 ms, used_size=13887488 bytes (33.9%)
(RDMA_READ_CONSUME_CHECK_CONSUMER) timestamp=2046 ms, used_size=13885440 bytes (33.9%)
(RDMA_READ_CONSUME_CHECK_CONSUMER) timestamp=2046 ms, used_size=13883392 bytes (33.9%)
(RDMA_READ_CONSUME_CHECK_CONSUMER) timestamp=2046 ms, used_size=13881344 bytes (33.9%)
(RDMA_READ_CONSUME_CHECK_CONSUMER) timestamp=2046 ms, used_size=13879296 bytes (33.9%)
(RDMA_READ_CONSUME_CHECK_CONSUMER) timestamp=2046 ms, used_size=13877248 bytes (33.9%)
(RDMA_READ_CONSUME_CHECK_CONSUMER) timestamp=2046 ms, used_size=13875200 bytes (33.9%)
(RDMA_READ_CONSUME_CHECK_CONSUMER) timestamp=2046 ms, used_size=13873152 bytes (33.9%)
(RDMA_READ_CONSUME_CHECK_CONSUMER) timestamp=2046 ms, used_size=13871104 bytes (33.9%)
(RDMA_READ_CONSUME_CHECK_CONSUMER) timestamp=2046 ms, used_size=13869056 bytes (33.9%)
(RDMA_READ_CONSUME_CHECK_CONSUMER) timestamp=2046 ms, used_size=13867008 bytes (33.9%)
(RDMA_READ_CONSUME_CHECK_CONSUMER) timestamp=2046 ms, used_size=13864960 bytes (33.9%)
(RDMA_READ_CONSUME_CHECK_CONSUMER) timestamp=2046 ms, used_size=13862912 bytes (33.8%)
(RDMA_READ_CONSUME_CHECK_CONSUMER) timestamp=2046 ms, used_size=13860864 bytes (33.8%)
(RDMA_READ_CONSUME_CHECK_CONSUMER) timestamp=2046 ms, used_size=13858816 bytes (33.8%)
(RDMA_READ_CONSUME_CHECK_CONSUMER) timestamp=2046 ms, used_size=13856768 bytes (33.8%)
(RDMA_READ_CONSUME_CHECK_CONSUMER) timestamp=2046 ms, used_size=13854720 bytes (33.8%)
(RDMA_READ_CONSUME_CHECK_CONSUMER) timestamp=2046 ms, used_size=13852672 bytes (33.8%)
(RDMA_READ_CONSUME_CHECK_CONSUMER) timestamp=2046 ms, used_size=13850624 bytes (33.8%)
(RDMA_READ_CONSUME_CHECK_CONSUMER) timestamp=2046 ms, used_size=13848576 bytes (33.8%)
(RDMA_READ_CONSUME_CHECK_CONSUMER) timestamp=2046 ms, used_size=13846528 bytes (33.8%)
(RDMA_READ_CONSUME_CHECK_CONSUMER) timestamp=2046 ms, used_size=13844480 bytes (33.8%)
(RDMA_READ_CONSUME_CHECK_CONSUMER) timestamp=2046 ms, used_size=13842432 bytes (33.8%)
(RDMA_READ_CONSUME_CHECK_CONSUMER) timestamp=2046 ms, used_size=13840384 bytes (33.8%)
(RDMA_READ_CONSUME_CHECK_CONSUMER) timestamp=2046 ms, used_size=13838336 bytes (33.8%)
(RDMA_READ_CONSUME_CHECK_CONSUMER) timestamp=2046 ms, used_size=13836288 bytes (33.8%)
(RDMA_READ_CONSUME_CHECK_CONSUMER) timestamp=2046 ms, used_size=13834240 bytes (33.8%)
(RDMA_READ_CONSUME_CHECK_CONSUMER) timestamp=2047 ms, used_size=13832192 bytes (33.8%)
(RDMA_READ_CONSUME_CHECK_CONSUMER) timestamp=2047 ms, used_size=13830144 bytes (33.8%)
(RDMA_READ_CONSUME_CHECK_CONSUMER) timestamp=2047 ms, used_size=13828096 bytes (33.8%)
(RDMA_READ_CONSUME_CHECK_CONSUMER) timestamp=2047 ms, used_size=13826048 bytes (33.8%)
(RDMA_READ_CONSUME_CHECK_CONSUMER) timestamp=2047 ms, used_size=13824000 bytes (33.8%)
(RDMA_READ_CONSUME_CHECK_CONSUMER) timestamp=2047 ms, used_size=13821952 bytes (33.7%)
(RDMA_READ_CONSUME_CHECK_CONSUMER) timestamp=2047 ms, used_size=13819904 bytes (33.7%)
(RDMA_READ_CONSUME_CHECK_CONSUMER) timestamp=2047 ms, used_size=13817856 bytes (33.7%)
(RDMA_READ_CONSUME_CHECK_CONSUMER) timestamp=2047 ms, used_size=13815808 bytes (33.7%)
(RDMA_READ_CONSUME_CHECK_CONSUMER) timestamp=2047 ms, used_size=13813760 bytes (33.7%)
(RDMA_READ_CONSUME_CHECK_CONSUMER) timestamp=2047 ms, used_size=13811712 bytes (33.7%)
(RDMA_READ_CONSUME_CHECK_CONSUMER) timestamp=2047 ms, used_size=13809664 bytes (33.7%)
(RDMA_READ_CONSUME_CHECK_CONSUMER) timestamp=2047 ms, used_size=13807616 bytes (33.7%)
(RDMA_READ_CONSUME_CHECK_CONSUMER) timestamp=2047 ms, used_size=13805568 bytes (33.7%)
(RDMA_READ_CONSUME_CHECK_CONSUMER) timestamp=2047 ms, used_size=13803520 bytes (33.7%)
(RDMA_READ_CONSUME_CHECK_CONSUMER) timestamp=2047 ms, used_size=13801472 bytes (33.7%)
(RDMA_READ_CONSUME_CHECK_CONSUMER) timestamp=2047 ms, used_size=13799424 bytes (33.7%)
(RDMA_READ_CONSUME_CHECK_CONSUMER) timestamp=2047 ms, used_size=13797376 bytes (33.7%)
(RDMA_READ_CONSUME_CHECK_CONSUMER) timestamp=2047 ms, used_size=13795328 bytes (33.7%)
(RDMA_READ_CONSUME_CHECK_CONSUMER) timestamp=2047 ms, used_size=13793280 bytes (33.7%)
(RDMA_READ_CONSUME_CHECK_CONSUMER) timestamp=2047 ms, used_size=13791232 bytes (33.7%)
(RDMA_READ_CONSUME_CHECK_CONSUMER) timestamp=2047 ms, used_size=13789184 bytes (33.7%)
(RDMA_READ_CONSUME_CHECK_CONSUMER) timestamp=2047 ms, used_size=13787136 bytes (33.7%)
(RDMA_READ_CONSUME_CHECK_CONSUMER) timestamp=2047 ms, used_size=13785088 bytes (33.7%)
(RDMA_READ_CONSUME_CHECK_CONSUMER) timestamp=2047 ms, used_size=13783040 bytes (33.6%)
(RDMA_READ_CONSUME_CHECK_CONSUMER) timestamp=2047 ms, used_size=13780992 bytes (33.6%)
(RDMA_READ_CONSUME_CHECK_CONSUMER) timestamp=2047 ms, used_size=13778944 bytes (33.6%)
(RDMA_READ_CONSUME_CHECK_CONSUMER) timestamp=2047 ms, used_size=13776896 bytes (33.6%)
(RDMA_READ_CONSUME_CHECK_CONSUMER) timestamp=2047 ms, used_size=13774848 bytes (33.6%)
(RDMA_READ_CONSUME_CHECK_CONSUMER) timestamp=2047 ms, used_size=13772800 bytes (33.6%)
(RDMA_READ_CONSUME_CHECK_CONSUMER) timestamp=2047 ms, used_size=13770752 bytes (33.6%)
(RDMA_READ_CONSUME_CHECK_CONSUMER) timestamp=2047 ms, used_size=13768704 bytes (33.6%)
(RDMA_READ_CONSUME_CHECK_CONSUMER) timestamp=2047 ms, used_size=13766656 bytes (33.6%)
(RDMA_READ_CONSUME_CHECK_CONSUMER) timestamp=2047 ms, used_size=13764608 bytes (33.6%)
(RDMA_READ_CONSUME_CHECK_CONSUMER) timestamp=2047 ms, used_size=13762560 bytes (33.6%)
(RDMA_READ_CONSUME_CHECK_CONSUMER) timestamp=2047 ms, used_size=13760512 bytes (33.6%)
(RDMA_READ_CONSUME_CHECK_CONSUMER) timestamp=2047 ms, used_size=13758464 bytes (33.6%)
(RDMA_READ_CONSUME_CHECK_CONSUMER) timestamp=2047 ms, used_size=13756416 bytes (33.6%)
(RDMA_READ_CONSUME_CHECK_CONSUMER) timestamp=2047 ms, used_size=13754368 bytes (33.6%)
(RDMA_READ_CONSUME_CHECK_CONSUMER) timestamp=2047 ms, used_size=13752320 bytes (33.6%)
(RDMA_READ_CONSUME_CHECK_CONSUMER) timestamp=2047 ms, used_size=13750272 bytes (33.6%)
(RDMA_READ_CONSUME_CHECK_CONSUMER) timestamp=2047 ms, used_size=13748224 bytes (33.6%)
(RDMA_READ_CONSUME_CHECK_CONSUMER) timestamp=2047 ms, used_size=13746176 bytes (33.6%)
(RDMA_READ_CONSUME_CHECK_CONSUMER) timestamp=2047 ms, used_size=13744128 bytes (33.6%)
(RDMA_READ_CONSUME_CHECK_CONSUMER) timestamp=2047 ms, used_size=13742080 bytes (33.5%)
(RDMA_READ_CONSUME_CHECK_CONSUMER) timestamp=2047 ms, used_size=13740032 bytes (33.5%)
(RDMA_READ_CONSUME_CHECK_CONSUMER) timestamp=2047 ms, used_size=13737984 bytes (33.5%)
(RDMA_READ_CONSUME_CHECK_CONSUMER) timestamp=2047 ms, used_size=13735936 bytes (33.5%)
(RDMA_READ_CONSUME_CHECK_CONSUMER) timestamp=2047 ms, used_size=13733888 bytes (33.5%)
(RDMA_READ_CONSUME_CHECK_CONSUMER) timestamp=2047 ms, used_size=13731840 bytes (33.5%)
(RDMA_READ_CONSUME_CHECK_CONSUMER) timestamp=2047 ms, used_size=13729792 bytes (33.5%)
(RDMA_READ_CONSUME_CHECK_CONSUMER) timestamp=2047 ms, used_size=13727744 bytes (33.5%)
(RDMA_READ_CONSUME_CHECK_CONSUMER) timestamp=2047 ms, used_size=13725696 bytes (33.5%)
(RDMA_READ_CONSUME_CHECK_CONSUMER) timestamp=2047 ms, used_size=13723648 bytes (33.5%)
(RDMA_READ_CONSUME_CHECK_CONSUMER) timestamp=2047 ms, used_size=13721600 bytes (33.5%)
(RDMA_READ_CONSUME_CHECK_CONSUMER) timestamp=2047 ms, used_size=13719552 bytes (33.5%)
(RDMA_READ_CONSUME_CHECK_CONSUMER) timestamp=2047 ms, used_size=13717504 bytes (33.5%)
(RDMA_READ_CONSUME_CHECK_CONSUMER) timestamp=2047 ms, used_size=13715456 bytes (33.5%)
(RDMA_READ_CONSUME_CHECK_CONSUMER) timestamp=2047 ms, used_size=13713408 bytes (33.5%)
(RDMA_READ_CONSUME_CHECK_CONSUMER) timestamp=2047 ms, used_size=13711360 bytes (33.5%)
(RDMA_READ_CONSUME_CHECK_CONSUMER) timestamp=2047 ms, used_size=13709312 bytes (33.5%)
(RDMA_READ_CONSUME_CHECK_CONSUMER) timestamp=2047 ms, used_size=13707264 bytes (33.5%)
(RDMA_READ_CONSUME_CHECK_CONSUMER) timestamp=2047 ms, used_size=13705216 bytes (33.5%)
(RDMA_READ_CONSUME_CHECK_CONSUMER) timestamp=2047 ms, used_size=13703168 bytes (33.5%)
(RDMA_READ_CONSUME_CHECK_CONSUMER) timestamp=2047 ms, used_size=13701120 bytes (33.5%)
(RDMA_READ_CONSUME_CHECK_CONSUMER) timestamp=2047 ms, used_size=13699072 bytes (33.4%)
(RDMA_READ_CONSUME_CHECK_CONSUMER) timestamp=2047 ms, used_size=13697024 bytes (33.4%)
(RDMA_READ_CONSUME_CHECK_CONSUMER) timestamp=2047 ms, used_size=13694976 bytes (33.4%)
(RDMA_READ_CONSUME_CHECK_CONSUMER) timestamp=2047 ms, used_size=13692928 bytes (33.4%)
(RDMA_READ_CONSUME_CHECK_CONSUMER) timestamp=2047 ms, used_size=13690880 bytes (33.4%)
(RDMA_READ_CONSUME_CHECK_CONSUMER) timestamp=2047 ms, used_size=13688832 bytes (33.4%)
(RDMA_READ_CONSUME_CHECK_CONSUMER) timestamp=2047 ms, used_size=13686784 bytes (33.4%)
(RDMA_READ_CONSUME_CHECK_CONSUMER) timestamp=2047 ms, used_size=13684736 bytes (33.4%)
(RDMA_READ_CONSUME_CHECK_CONSUMER) timestamp=2047 ms, used_size=13682688 bytes (33.4%)
(RDMA_READ_CONSUME_CHECK_CONSUMER) timestamp=2047 ms, used_size=13680640 bytes (33.4%)
(RDMA_READ_CONSUME_CHECK_CONSUMER) timestamp=2047 ms, used_size=13678592 bytes (33.4%)
(RDMA_READ_CONSUME_CHECK_CONSUMER) timestamp=2047 ms, used_size=13676544 bytes (33.4%)
(RDMA_READ_CONSUME_CHECK_CONSUMER) timestamp=2047 ms, used_size=13674496 bytes (33.4%)
(RDMA_READ_CONSUME_CHECK_CONSUMER) timestamp=2047 ms, used_size=13672448 bytes (33.4%)
(RDMA_READ_CONSUME_CHECK_CONSUMER) timestamp=2047 ms, used_size=13670400 bytes (33.4%)
(RDMA_READ_CONSUME_CHECK_CONSUMER) timestamp=2047 ms, used_size=13668352 bytes (33.4%)
(RDMA_READ_CONSUME_CHECK_CONSUMER) timestamp=2047 ms, used_size=13666304 bytes (33.4%)
(RDMA_READ_CONSUME_CHECK_CONSUMER) timestamp=2047 ms, used_size=13664256 bytes (33.4%)
(RDMA_READ_CONSUME_CHECK_CONSUMER) timestamp=2047 ms, used_size=13662208 bytes (33.4%)
(RDMA_READ_CONSUME_CHECK_CONSUMER) timestamp=2047 ms, used_size=13660160 bytes (33.4%)
(RDMA_READ_CONSUME_CHECK_CONSUMER) timestamp=2047 ms, used_size=13658112 bytes (33.3%)
(RDMA_READ_CONSUME_CHECK_CONSUMER) timestamp=2047 ms, used_size=13656064 bytes (33.3%)
(RDMA_READ_CONSUME_CHECK_CONSUMER) timestamp=2047 ms, used_size=13654016 bytes (33.3%)
(RDMA_READ_CONSUME_CHECK_CONSUMER) timestamp=2047 ms, used_size=13651968 bytes (33.3%)
(RDMA_READ_CONSUME_CHECK_CONSUMER) timestamp=2047 ms, used_size=13649920 bytes (33.3%)
(RDMA_READ_CONSUME_CHECK_CONSUMER) timestamp=2047 ms, used_size=13647872 bytes (33.3%)
(RDMA_READ_CONSUME_CHECK_CONSUMER) timestamp=2047 ms, used_size=13645824 bytes (33.3%)
(RDMA_READ_CONSUME_CHECK_CONSUMER) timestamp=2047 ms, used_size=13643776 bytes (33.3%)
(RDMA_READ_CONSUME_CHECK_CONSUMER) timestamp=2047 ms, used_size=13641728 bytes (33.3%)
(RDMA_READ_CONSUME_CHECK_CONSUMER) timestamp=2047 ms, used_size=13639680 bytes (33.3%)
(RDMA_READ_CONSUME_CHECK_CONSUMER) timestamp=2047 ms, used_size=13637632 bytes (33.3%)
(RDMA_READ_CONSUME_CHECK_CONSUMER) timestamp=2047 ms, used_size=13635584 bytes (33.3%)
(RDMA_READ_CONSUME_CHECK_CONSUMER) timestamp=2047 ms, used_size=13633536 bytes (33.3%)
(RDMA_READ_CONSUME_CHECK_CONSUMER) timestamp=2047 ms, used_size=13631488 bytes (33.3%)
(RDMA_READ_CONSUME_CHECK_CONSUMER) timestamp=2047 ms, used_size=13629440 bytes (33.3%)
(RDMA_READ_CONSUME_CHECK_CONSUMER) timestamp=2047 ms, used_size=13627392 bytes (33.3%)
(RDMA_READ_CONSUME_CHECK_CONSUMER) timestamp=2047 ms, used_size=13625344 bytes (33.3%)
(RDMA_READ_CONSUME_CHECK_CONSUMER) timestamp=2047 ms, used_size=13623296 bytes (33.3%)
(RDMA_READ_CONSUME_CHECK_CONSUMER) timestamp=2047 ms, used_size=13621248 bytes (33.3%)
(RDMA_READ_CONSUME_CHECK_CONSUMER) timestamp=2047 ms, used_size=13619200 bytes (33.2%)
(RDMA_READ_CONSUME_CHECK_CONSUMER) timestamp=2047 ms, used_size=13617152 bytes (33.2%)
(RDMA_READ_CONSUME_CHECK_CONSUMER) timestamp=2047 ms, used_size=13615104 bytes (33.2%)
(RDMA_READ_CONSUME_CHECK_CONSUMER) timestamp=2047 ms, used_size=13613056 bytes (33.2%)
(RDMA_READ_CONSUME_CHECK_CONSUMER) timestamp=2047 ms, used_size=13611008 bytes (33.2%)
(RDMA_READ_CONSUME_CHECK_CONSUMER) timestamp=2047 ms, used_size=13608960 bytes (33.2%)
(RDMA_READ_CONSUME_CHECK_CONSUMER) timestamp=2047 ms, used_size=13606912 bytes (33.2%)
(RDMA_READ_CONSUME_CHECK_CONSUMER) timestamp=2047 ms, used_size=13604864 bytes (33.2%)
(RDMA_READ_CONSUME_CHECK_CONSUMER) timestamp=2047 ms, used_size=13602816 bytes (33.2%)
(RDMA_READ_CONSUME_CHECK_CONSUMER) timestamp=2047 ms, used_size=13600768 bytes (33.2%)
(RDMA_READ_CONSUME_CHECK_CONSUMER) timestamp=2047 ms, used_size=13598720 bytes (33.2%)
(RDMA_READ_CONSUME_CHECK_CONSUMER) timestamp=2047 ms, used_size=13596672 bytes (33.2%)
(RDMA_READ_CONSUME_CHECK_CONSUMER) timestamp=2047 ms, used_size=13594624 bytes (33.2%)
(RDMA_READ_CONSUME_CHECK_CONSUMER) timestamp=2047 ms, used_size=13592576 bytes (33.2%)
(RDMA_READ_CONSUME_CHECK_CONSUMER) timestamp=2047 ms, used_size=13590528 bytes (33.2%)
(RDMA_READ_CONSUME_CHECK_CONSUMER) timestamp=2047 ms, used_size=13588480 bytes (33.2%)
(RDMA_READ_CONSUME_CHECK_CONSUMER) timestamp=2047 ms, used_size=13586432 bytes (33.2%)
(RDMA_READ_CONSUME_CHECK_CONSUMER) timestamp=2047 ms, used_size=13584384 bytes (33.2%)
(RDMA_READ_CONSUME_CHECK_CONSUMER) timestamp=2047 ms, used_size=13582336 bytes (33.2%)
(RDMA_READ_CONSUME_CHECK_CONSUMER) timestamp=2047 ms, used_size=13580288 bytes (33.2%)
(RDMA_READ_CONSUME_CHECK_CONSUMER) timestamp=2047 ms, used_size=13578240 bytes (33.1%)
(RDMA_READ_CONSUME_CHECK_CONSUMER) timestamp=2047 ms, used_size=13576192 bytes (33.1%)
(RDMA_READ_CONSUME_CHECK_CONSUMER) timestamp=2047 ms, used_size=13574144 bytes (33.1%)
(RDMA_READ_CONSUME_CHECK_CONSUMER) timestamp=2047 ms, used_size=13572096 bytes (33.1%)
(RDMA_READ_CONSUME_CHECK_CONSUMER) timestamp=2047 ms, used_size=13570048 bytes (33.1%)
(RDMA_READ_CONSUME_CHECK_CONSUMER) timestamp=2047 ms, used_size=13568000 bytes (33.1%)
(RDMA_READ_CONSUME_CHECK_CONSUMER) timestamp=2047 ms, used_size=13565952 bytes (33.1%)
(RDMA_READ_CONSUME_CHECK_CONSUMER) timestamp=2047 ms, used_size=13563904 bytes (33.1%)
(RDMA_READ_CONSUME_CHECK_CONSUMER) timestamp=2047 ms, used_size=13561856 bytes (33.1%)
(RDMA_READ_CONSUME_CHECK_CONSUMER) timestamp=2047 ms, used_size=13559808 bytes (33.1%)
(RDMA_READ_CONSUME_CHECK_CONSUMER) timestamp=2047 ms, used_size=13557760 bytes (33.1%)
(RDMA_READ_CONSUME_CHECK_CONSUMER) timestamp=2047 ms, used_size=13555712 bytes (33.1%)
(RDMA_READ_CONSUME_CHECK_CONSUMER) timestamp=2047 ms, used_size=13553664 bytes (33.1%)
(RDMA_READ_CONSUME_CHECK_CONSUMER) timestamp=2047 ms, used_size=13551616 bytes (33.1%)
(RDMA_READ_CONSUME_CHECK_CONSUMER) timestamp=2047 ms, used_size=13549568 bytes (33.1%)
(RDMA_READ_CONSUME_CHECK_CONSUMER) timestamp=2047 ms, used_size=13547520 bytes (33.1%)
(RDMA_READ_CONSUME_CHECK_CONSUMER) timestamp=2047 ms, used_size=13545472 bytes (33.1%)
(RDMA_READ_CONSUME_CHECK_CONSUMER) timestamp=2047 ms, used_size=13543424 bytes (33.1%)
(RDMA_READ_CONSUME_CHECK_CONSUMER) timestamp=2047 ms, used_size=13541376 bytes (33.1%)
(RDMA_READ_CONSUME_CHECK_CONSUMER) timestamp=2047 ms, used_size=13539328 bytes (33.1%)
(RDMA_READ_CONSUME_CHECK_CONSUMER) timestamp=2047 ms, used_size=13537280 bytes (33.0%)
(RDMA_READ_CONSUME_CHECK_CONSUMER) timestamp=2047 ms, used_size=13535232 bytes (33.0%)
(RDMA_READ_CONSUME_CHECK_CONSUMER) timestamp=2047 ms, used_size=13533184 bytes (33.0%)
(RDMA_READ_CONSUME_CHECK_CONSUMER) timestamp=2047 ms, used_size=13531136 bytes (33.0%)
(RDMA_READ_CONSUME_CHECK_CONSUMER) timestamp=2047 ms, used_size=13529088 bytes (33.0%)
(RDMA_READ_CONSUME_CHECK_CONSUMER) timestamp=2047 ms, used_size=13527040 bytes (33.0%)
(RDMA_READ_CONSUME_CHECK_CONSUMER) timestamp=2047 ms, used_size=13524992 bytes (33.0%)
(RDMA_READ_CONSUME_CHECK_CONSUMER) timestamp=2047 ms, used_size=13522944 bytes (33.0%)
(RDMA_READ_CONSUME_CHECK_CONSUMER) timestamp=2047 ms, used_size=13520896 bytes (33.0%)
(RDMA_READ_CONSUME_CHECK_CONSUMER) timestamp=2047 ms, used_size=13518848 bytes (33.0%)
(RDMA_READ_CONSUME_CHECK_CONSUMER) timestamp=2047 ms, used_size=13516800 bytes (33.0%)
(RDMA_READ_CONSUME_CHECK_CONSUMER) timestamp=2047 ms, used_size=13514752 bytes (33.0%)
(RDMA_READ_CONSUME_CHECK_CONSUMER) timestamp=2047 ms, used_size=13512704 bytes (33.0%)
(RDMA_READ_CONSUME_CHECK_CONSUMER) timestamp=2047 ms, used_size=13510656 bytes (33.0%)
(RDMA_READ_CONSUME_CHECK_CONSUMER) timestamp=2047 ms, used_size=13508608 bytes (33.0%)
(RDMA_READ_CONSUME_CHECK_CONSUMER) timestamp=2047 ms, used_size=13506560 bytes (33.0%)
(RDMA_READ_CONSUME_CHECK_CONSUMER) timestamp=2047 ms, used_size=13504512 bytes (33.0%)
(RDMA_READ_CONSUME_CHECK_CONSUMER) timestamp=2047 ms, used_size=13502464 bytes (33.0%)
(RDMA_READ_CONSUME_CHECK_CONSUMER) timestamp=2047 ms, used_size=13500416 bytes (33.0%)
(RDMA_READ_CONSUME_CHECK_CONSUMER) timestamp=2047 ms, used_size=13498368 bytes (33.0%)
(RDMA_READ_CONSUME_CHECK_CONSUMER) timestamp=2047 ms, used_size=13496320 bytes (33.0%)
(RDMA_READ_CONSUME_CHECK_CONSUMER) timestamp=2047 ms, used_size=13494272 bytes (32.9%)
(RDMA_READ_CONSUME_CHECK_CONSUMER) timestamp=2047 ms, used_size=13492224 bytes (32.9%)
(RDMA_READ_CONSUME_CHECK_CONSUMER) timestamp=2047 ms, used_size=13490176 bytes (32.9%)
(RDMA_READ_CONSUME_CHECK_CONSUMER) timestamp=2047 ms, used_size=13488128 bytes (32.9%)
(RDMA_READ_CONSUME_CHECK_CONSUMER) timestamp=2047 ms, used_size=13486080 bytes (32.9%)
(RDMA_READ_CONSUME_CHECK_CONSUMER) timestamp=2047 ms, used_size=13484032 bytes (32.9%)
(RDMA_READ_CONSUME_CHECK_CONSUMER) timestamp=2047 ms, used_size=13481984 bytes (32.9%)
(RDMA_READ_CONSUME_CHECK_CONSUMER) timestamp=2047 ms, used_size=13479936 bytes (32.9%)
(RDMA_READ_CONSUME_CHECK_CONSUMER) timestamp=2047 ms, used_size=13477888 bytes (32.9%)
(RDMA_READ_CONSUME_CHECK_CONSUMER) timestamp=2047 ms, used_size=13475840 bytes (32.9%)
(RDMA_READ_CONSUME_CHECK_CONSUMER) timestamp=2047 ms, used_size=13473792 bytes (32.9%)
(RDMA_READ_CONSUME_CHECK_CONSUMER) timestamp=2047 ms, used_size=13471744 bytes (32.9%)
(RDMA_READ_CONSUME_CHECK_CONSUMER) timestamp=2047 ms, used_size=13469696 bytes (32.9%)
(RDMA_READ_CONSUME_CHECK_CONSUMER) timestamp=2047 ms, used_size=13467648 bytes (32.9%)
(RDMA_READ_CONSUME_CHECK_CONSUMER) timestamp=2047 ms, used_size=13465600 bytes (32.9%)
(RDMA_READ_CONSUME_CHECK_CONSUMER) timestamp=2048 ms, used_size=13463552 bytes (32.9%)
(RDMA_READ_CONSUME_CHECK_CONSUMER) timestamp=2048 ms, used_size=13461504 bytes (32.9%)
(RDMA_READ_CONSUME_CHECK_CONSUMER) timestamp=2048 ms, used_size=13459456 bytes (32.9%)
(RDMA_READ_CONSUME_CHECK_CONSUMER) timestamp=2048 ms, used_size=13457408 bytes (32.9%)
(RDMA_READ_CONSUME_CHECK_CONSUMER) timestamp=2048 ms, used_size=13455360 bytes (32.9%)
(RDMA_READ_CONSUME_CHECK_CONSUMER) timestamp=2048 ms, used_size=13453312 bytes (32.8%)
(RDMA_READ_CONSUME_CHECK_CONSUMER) timestamp=2048 ms, used_size=13451264 bytes (32.8%)
(RDMA_READ_CONSUME_CHECK_CONSUMER) timestamp=2048 ms, used_size=13449216 bytes (32.8%)
(RDMA_READ_CONSUME_CHECK_CONSUMER) timestamp=2048 ms, used_size=13447168 bytes (32.8%)
(RDMA_READ_CONSUME_CHECK_CONSUMER) timestamp=2048 ms, used_size=13445120 bytes (32.8%)
(RDMA_READ_CONSUME_CHECK_CONSUMER) timestamp=2048 ms, used_size=13443072 bytes (32.8%)
(RDMA_READ_CONSUME_CHECK_CONSUMER) timestamp=2048 ms, used_size=13441024 bytes (32.8%)
(RDMA_READ_CONSUME_CHECK_CONSUMER) timestamp=2048 ms, used_size=13438976 bytes (32.8%)
(RDMA_READ_CONSUME_CHECK_CONSUMER) timestamp=2048 ms, used_size=13436928 bytes (32.8%)
(RDMA_READ_CONSUME_CHECK_CONSUMER) timestamp=2048 ms, used_size=13434880 bytes (32.8%)
(RDMA_READ_CONSUME_CHECK_CONSUMER) timestamp=2048 ms, used_size=13432832 bytes (32.8%)
(RDMA_READ_CONSUME_CHECK_CONSUMER) timestamp=2048 ms, used_size=13430784 bytes (32.8%)
(RDMA_READ_CONSUME_CHECK_CONSUMER) timestamp=2048 ms, used_size=13428736 bytes (32.8%)
(RDMA_READ_CONSUME_CHECK_CONSUMER) timestamp=2048 ms, used_size=13426688 bytes (32.8%)
(RDMA_READ_CONSUME_CHECK_CONSUMER) timestamp=2048 ms, used_size=13424640 bytes (32.8%)
(RDMA_READ_CONSUME_CHECK_CONSUMER) timestamp=2048 ms, used_size=13422592 bytes (32.8%)
(RDMA_READ_CONSUME_CHECK_CONSUMER) timestamp=2048 ms, used_size=13420544 bytes (32.8%)
(RDMA_READ_CONSUME_CHECK_CONSUMER) timestamp=2048 ms, used_size=13418496 bytes (32.8%)
(RDMA_READ_CONSUME_CHECK_CONSUMER) timestamp=2048 ms, used_size=13416448 bytes (32.8%)
(RDMA_READ_CONSUME_CHECK_CONSUMER) timestamp=2048 ms, used_size=13414400 bytes (32.8%)
(RDMA_READ_CONSUME_CHECK_CONSUMER) timestamp=2048 ms, used_size=13412352 bytes (32.7%)
(RDMA_READ_CONSUME_CHECK_CONSUMER) timestamp=2048 ms, used_size=13410304 bytes (32.7%)
(RDMA_READ_CONSUME_CHECK_CONSUMER) timestamp=2048 ms, used_size=13408256 bytes (32.7%)
(RDMA_READ_CONSUME_CHECK_CONSUMER) timestamp=2048 ms, used_size=13406208 bytes (32.7%)
(RDMA_READ_CONSUME_CHECK_CONSUMER) timestamp=2048 ms, used_size=13404160 bytes (32.7%)
(RDMA_READ_CONSUME_CHECK_CONSUMER) timestamp=2048 ms, used_size=13402112 bytes (32.7%)
(RDMA_READ_CONSUME_CHECK_CONSUMER) timestamp=2048 ms, used_size=13400064 bytes (32.7%)
(RDMA_READ_CONSUME_CHECK_CONSUMER) timestamp=2048 ms, used_size=13398016 bytes (32.7%)
(RDMA_READ_CONSUME_CHECK_CONSUMER) timestamp=2048 ms, used_size=13395968 bytes (32.7%)
(RDMA_READ_CONSUME_CHECK_CONSUMER) timestamp=2048 ms, used_size=13393920 bytes (32.7%)
(RDMA_READ_CONSUME_CHECK_CONSUMER) timestamp=2048 ms, used_size=13391872 bytes (32.7%)
(RDMA_READ_CONSUME_CHECK_CONSUMER) timestamp=2048 ms, used_size=13389824 bytes (32.7%)
(RDMA_READ_CONSUME_CHECK_CONSUMER) timestamp=2048 ms, used_size=13387776 bytes (32.7%)
(RDMA_READ_CONSUME_CHECK_CONSUMER) timestamp=2048 ms, used_size=13385728 bytes (32.7%)
(RDMA_READ_CONSUME_CHECK_CONSUMER) timestamp=2048 ms, used_size=13383680 bytes (32.7%)
(RDMA_READ_CONSUME_CHECK_CONSUMER) timestamp=2048 ms, used_size=13381632 bytes (32.7%)
(RDMA_READ_CONSUME_CHECK_CONSUMER) timestamp=2048 ms, used_size=13379584 bytes (32.7%)
(RDMA_READ_CONSUME_CHECK_CONSUMER) timestamp=2048 ms, used_size=13377536 bytes (32.7%)
(RDMA_READ_CONSUME_CHECK_CONSUMER) timestamp=2048 ms, used_size=13375488 bytes (32.7%)
(RDMA_READ_CONSUME_CHECK_CONSUMER) timestamp=2048 ms, used_size=13373440 bytes (32.6%)
(RDMA_READ_CONSUME_CHECK_CONSUMER) timestamp=2048 ms, used_size=13371392 bytes (32.6%)
(RDMA_READ_CONSUME_CHECK_CONSUMER) timestamp=2048 ms, used_size=13369344 bytes (32.6%)
(RDMA_READ_CONSUME_CHECK_CONSUMER) timestamp=2048 ms, used_size=13367296 bytes (32.6%)
(RDMA_READ_CONSUME_CHECK_CONSUMER) timestamp=2048 ms, used_size=13365248 bytes (32.6%)
(RDMA_READ_CONSUME_CHECK_CONSUMER) timestamp=2048 ms, used_size=13363200 bytes (32.6%)
(RDMA_READ_CONSUME_CHECK_CONSUMER) timestamp=2048 ms, used_size=13361152 bytes (32.6%)
(RDMA_READ_CONSUME_CHECK_CONSUMER) timestamp=2048 ms, used_size=13359104 bytes (32.6%)
(RDMA_READ_CONSUME_CHECK_CONSUMER) timestamp=2048 ms, used_size=13357056 bytes (32.6%)
(RDMA_READ_CONSUME_CHECK_CONSUMER) timestamp=2048 ms, used_size=13355008 bytes (32.6%)
(RDMA_READ_CONSUME_CHECK_CONSUMER) timestamp=2048 ms, used_size=13352960 bytes (32.6%)
(RDMA_READ_CONSUME_CHECK_CONSUMER) timestamp=2048 ms, used_size=13350912 bytes (32.6%)
(RDMA_READ_CONSUME_CHECK_CONSUMER) timestamp=2048 ms, used_size=13348864 bytes (32.6%)
(RDMA_READ_CONSUME_CHECK_CONSUMER) timestamp=2048 ms, used_size=13346816 bytes (32.6%)
(RDMA_READ_CONSUME_CHECK_CONSUMER) timestamp=2048 ms, used_size=13344768 bytes (32.6%)
(RDMA_READ_CONSUME_CHECK_CONSUMER) timestamp=2048 ms, used_size=13342720 bytes (32.6%)
(RDMA_READ_CONSUME_CHECK_CONSUMER) timestamp=2048 ms, used_size=13340672 bytes (32.6%)
(RDMA_READ_CONSUME_CHECK_CONSUMER) timestamp=2048 ms, used_size=13338624 bytes (32.6%)
(RDMA_READ_CONSUME_CHECK_CONSUMER) timestamp=2048 ms, used_size=13336576 bytes (32.6%)
(RDMA_READ_CONSUME_CHECK_CONSUMER) timestamp=2048 ms, used_size=13334528 bytes (32.6%)
(RDMA_READ_CONSUME_CHECK_CONSUMER) timestamp=2048 ms, used_size=13332480 bytes (32.5%)
(RDMA_READ_CONSUME_CHECK_CONSUMER) timestamp=2048 ms, used_size=13330432 bytes (32.5%)
(RDMA_READ_CONSUME_CHECK_CONSUMER) timestamp=2048 ms, used_size=13328384 bytes (32.5%)
(RDMA_READ_CONSUME_CHECK_CONSUMER) timestamp=2048 ms, used_size=13326336 bytes (32.5%)
(RDMA_READ_CONSUME_CHECK_CONSUMER) timestamp=2048 ms, used_size=13324288 bytes (32.5%)
(RDMA_READ_CONSUME_CHECK_CONSUMER) timestamp=2048 ms, used_size=13322240 bytes (32.5%)
(RDMA_READ_CONSUME_CHECK_CONSUMER) timestamp=2048 ms, used_size=13320192 bytes (32.5%)
(RDMA_READ_CONSUME_CHECK_CONSUMER) timestamp=2048 ms, used_size=13318144 bytes (32.5%)
(RDMA_READ_CONSUME_CHECK_CONSUMER) timestamp=2048 ms, used_size=13316096 bytes (32.5%)
(RDMA_READ_CONSUME_CHECK_CONSUMER) timestamp=2048 ms, used_size=13314048 bytes (32.5%)
(RDMA_READ_CONSUME_CHECK_CONSUMER) timestamp=2048 ms, used_size=13312000 bytes (32.5%)
(RDMA_READ_CONSUME_CHECK_CONSUMER) timestamp=2048 ms, used_size=13309952 bytes (32.5%)
(RDMA_READ_CONSUME_CHECK_CONSUMER) timestamp=2048 ms, used_size=13307904 bytes (32.5%)
(RDMA_READ_CONSUME_CHECK_CONSUMER) timestamp=2048 ms, used_size=13305856 bytes (32.5%)
(RDMA_READ_CONSUME_CHECK_CONSUMER) timestamp=2048 ms, used_size=13303808 bytes (32.5%)
(RDMA_READ_CONSUME_CHECK_CONSUMER) timestamp=2048 ms, used_size=13301760 bytes (32.5%)
(RDMA_READ_CONSUME_CHECK_CONSUMER) timestamp=2048 ms, used_size=13299712 bytes (32.5%)
(RDMA_READ_CONSUME_CHECK_CONSUMER) timestamp=2048 ms, used_size=13297664 bytes (32.5%)
(RDMA_READ_CONSUME_CHECK_CONSUMER) timestamp=2048 ms, used_size=13295616 bytes (32.5%)
(RDMA_READ_CONSUME_CHECK_CONSUMER) timestamp=2048 ms, used_size=13293568 bytes (32.5%)
(RDMA_READ_CONSUME_CHECK_CONSUMER) timestamp=2048 ms, used_size=13291520 bytes (32.5%)
(RDMA_READ_CONSUME_CHECK_CONSUMER) timestamp=2048 ms, used_size=13289472 bytes (32.4%)
(RDMA_READ_CONSUME_CHECK_CONSUMER) timestamp=2048 ms, used_size=13287424 bytes (32.4%)
(RDMA_READ_CONSUME_CHECK_CONSUMER) timestamp=2048 ms, used_size=13285376 bytes (32.4%)
(RDMA_READ_CONSUME_CHECK_CONSUMER) timestamp=2048 ms, used_size=13283328 bytes (32.4%)
(RDMA_READ_CONSUME_CHECK_CONSUMER) timestamp=2048 ms, used_size=13281280 bytes (32.4%)
(RDMA_READ_CONSUME_CHECK_CONSUMER) timestamp=2048 ms, used_size=13279232 bytes (32.4%)
(RDMA_READ_CONSUME_CHECK_CONSUMER) timestamp=2048 ms, used_size=13277184 bytes (32.4%)
(RDMA_READ_CONSUME_CHECK_CONSUMER) timestamp=2048 ms, used_size=13275136 bytes (32.4%)
(RDMA_READ_CONSUME_CHECK_CONSUMER) timestamp=2048 ms, used_size=13273088 bytes (32.4%)
(RDMA_READ_CONSUME_CHECK_CONSUMER) timestamp=2048 ms, used_size=13271040 bytes (32.4%)
(RDMA_READ_CONSUME_CHECK_CONSUMER) timestamp=2048 ms, used_size=13268992 bytes (32.4%)
(RDMA_READ_CONSUME_CHECK_CONSUMER) timestamp=2048 ms, used_size=13266944 bytes (32.4%)
(RDMA_READ_CONSUME_CHECK_CONSUMER) timestamp=2048 ms, used_size=13264896 bytes (32.4%)
(RDMA_READ_CONSUME_CHECK_CONSUMER) timestamp=2048 ms, used_size=13262848 bytes (32.4%)
(RDMA_READ_CONSUME_CHECK_CONSUMER) timestamp=2048 ms, used_size=13260800 bytes (32.4%)
(RDMA_READ_CONSUME_CHECK_CONSUMER) timestamp=2048 ms, used_size=13258752 bytes (32.4%)
(RDMA_READ_CONSUME_CHECK_CONSUMER) timestamp=2048 ms, used_size=13256704 bytes (32.4%)
(RDMA_READ_CONSUME_CHECK_CONSUMER) timestamp=2048 ms, used_size=13254656 bytes (32.4%)
(RDMA_READ_CONSUME_CHECK_CONSUMER) timestamp=2048 ms, used_size=13252608 bytes (32.4%)
(RDMA_READ_CONSUME_CHECK_CONSUMER) timestamp=2048 ms, used_size=13250560 bytes (32.4%)
(RDMA_READ_CONSUME_CHECK_CONSUMER) timestamp=2048 ms, used_size=13248512 bytes (32.3%)
(RDMA_READ_CONSUME_CHECK_CONSUMER) timestamp=2048 ms, used_size=13246464 bytes (32.3%)
(RDMA_READ_CONSUME_CHECK_CONSUMER) timestamp=2048 ms, used_size=13244416 bytes (32.3%)
(RDMA_READ_CONSUME_CHECK_CONSUMER) timestamp=2048 ms, used_size=13242368 bytes (32.3%)
(RDMA_READ_CONSUME_CHECK_CONSUMER) timestamp=2048 ms, used_size=13240320 bytes (32.3%)
(RDMA_READ_CONSUME_CHECK_CONSUMER) timestamp=2048 ms, used_size=13238272 bytes (32.3%)
(RDMA_READ_CONSUME_CHECK_CONSUMER) timestamp=2048 ms, used_size=13236224 bytes (32.3%)
(RDMA_READ_CONSUME_CHECK_CONSUMER) timestamp=2048 ms, used_size=13234176 bytes (32.3%)
(RDMA_READ_CONSUME_CHECK_CONSUMER) timestamp=2048 ms, used_size=13232128 bytes (32.3%)
(RDMA_READ_CONSUME_CHECK_CONSUMER) timestamp=2048 ms, used_size=13230080 bytes (32.3%)
(RDMA_READ_CONSUME_CHECK_CONSUMER) timestamp=2048 ms, used_size=13228032 bytes (32.3%)
(RDMA_READ_CONSUME_CHECK_CONSUMER) timestamp=2048 ms, used_size=13225984 bytes (32.3%)
(RDMA_READ_CONSUME_CHECK_CONSUMER) timestamp=2048 ms, used_size=13223936 bytes (32.3%)
(RDMA_READ_CONSUME_CHECK_CONSUMER) timestamp=2048 ms, used_size=13221888 bytes (32.3%)
(RDMA_READ_CONSUME_CHECK_CONSUMER) timestamp=2048 ms, used_size=13219840 bytes (32.3%)
(RDMA_READ_CONSUME_CHECK_CONSUMER) timestamp=2048 ms, used_size=13217792 bytes (32.3%)
(RDMA_READ_CONSUME_CHECK_CONSUMER) timestamp=2048 ms, used_size=13215744 bytes (32.3%)
(RDMA_READ_CONSUME_CHECK_CONSUMER) timestamp=2048 ms, used_size=13213696 bytes (32.3%)
(RDMA_READ_CONSUME_CHECK_CONSUMER) timestamp=2048 ms, used_size=13211648 bytes (32.3%)
(RDMA_READ_CONSUME_CHECK_CONSUMER) timestamp=2048 ms, used_size=13209600 bytes (32.2%)
(RDMA_READ_CONSUME_CHECK_CONSUMER) timestamp=2048 ms, used_size=13207552 bytes (32.2%)
(RDMA_READ_CONSUME_CHECK_CONSUMER) timestamp=2048 ms, used_size=13205504 bytes (32.2%)
(RDMA_READ_CONSUME_CHECK_CONSUMER) timestamp=2048 ms, used_size=13203456 bytes (32.2%)
(RDMA_READ_CONSUME_CHECK_CONSUMER) timestamp=2048 ms, used_size=13201408 bytes (32.2%)
(RDMA_READ_CONSUME_CHECK_CONSUMER) timestamp=2048 ms, used_size=13199360 bytes (32.2%)
(RDMA_READ_CONSUME_CHECK_CONSUMER) timestamp=2048 ms, used_size=13197312 bytes (32.2%)
(RDMA_READ_CONSUME_CHECK_CONSUMER) timestamp=2048 ms, used_size=13195264 bytes (32.2%)
(RDMA_READ_CONSUME_CHECK_CONSUMER) timestamp=2048 ms, used_size=13193216 bytes (32.2%)
(RDMA_READ_CONSUME_CHECK_CONSUMER) timestamp=2048 ms, used_size=13191168 bytes (32.2%)
(RDMA_READ_CONSUME_CHECK_CONSUMER) timestamp=2048 ms, used_size=13189120 bytes (32.2%)
(RDMA_READ_CONSUME_CHECK_CONSUMER) timestamp=2048 ms, used_size=13187072 bytes (32.2%)
(RDMA_READ_CONSUME_CHECK_CONSUMER) timestamp=2048 ms, used_size=13185024 bytes (32.2%)
(RDMA_READ_CONSUME_CHECK_CONSUMER) timestamp=2048 ms, used_size=13182976 bytes (32.2%)
(RDMA_READ_CONSUME_CHECK_CONSUMER) timestamp=2048 ms, used_size=13180928 bytes (32.2%)
(RDMA_READ_CONSUME_CHECK_CONSUMER) timestamp=2048 ms, used_size=13178880 bytes (32.2%)
(RDMA_READ_CONSUME_CHECK_CONSUMER) timestamp=2048 ms, used_size=13176832 bytes (32.2%)
(RDMA_READ_CONSUME_CHECK_CONSUMER) timestamp=2048 ms, used_size=13174784 bytes (32.2%)
(RDMA_READ_CONSUME_CHECK_CONSUMER) timestamp=2048 ms, used_size=13172736 bytes (32.2%)
(RDMA_READ_CONSUME_CHECK_CONSUMER) timestamp=2048 ms, used_size=13170688 bytes (32.2%)
(RDMA_READ_CONSUME_CHECK_CONSUMER) timestamp=2048 ms, used_size=13168640 bytes (32.1%)
(RDMA_READ_CONSUME_CHECK_CONSUMER) timestamp=2048 ms, used_size=13166592 bytes (32.1%)
(RDMA_READ_CONSUME_CHECK_CONSUMER) timestamp=2048 ms, used_size=13164544 bytes (32.1%)
(RDMA_READ_CONSUME_CHECK_CONSUMER) timestamp=2048 ms, used_size=13162496 bytes (32.1%)
(RDMA_READ_CONSUME_CHECK_CONSUMER) timestamp=2048 ms, used_size=13160448 bytes (32.1%)
(RDMA_READ_CONSUME_CHECK_CONSUMER) timestamp=2048 ms, used_size=13158400 bytes (32.1%)
(RDMA_READ_CONSUME_CHECK_CONSUMER) timestamp=2048 ms, used_size=13156352 bytes (32.1%)
(RDMA_READ_CONSUME_CHECK_CONSUMER) timestamp=2048 ms, used_size=13154304 bytes (32.1%)
(RDMA_READ_CONSUME_CHECK_CONSUMER) timestamp=2048 ms, used_size=13152256 bytes (32.1%)
(RDMA_READ_CONSUME_CHECK_CONSUMER) timestamp=2048 ms, used_size=13150208 bytes (32.1%)
(RDMA_READ_CONSUME_CHECK_CONSUMER) timestamp=2048 ms, used_size=13148160 bytes (32.1%)
(RDMA_READ_CONSUME_CHECK_CONSUMER) timestamp=2048 ms, used_size=13146112 bytes (32.1%)
(RDMA_READ_CONSUME_CHECK_CONSUMER) timestamp=2048 ms, used_size=13144064 bytes (32.1%)
(RDMA_READ_CONSUME_CHECK_CONSUMER) timestamp=2048 ms, used_size=13142016 bytes (32.1%)
(RDMA_READ_CONSUME_CHECK_CONSUMER) timestamp=2048 ms, used_size=13139968 bytes (32.1%)
(RDMA_READ_CONSUME_CHECK_CONSUMER) timestamp=2048 ms, used_size=13137920 bytes (32.1%)
(RDMA_READ_CONSUME_CHECK_CONSUMER) timestamp=2048 ms, used_size=13135872 bytes (32.1%)
(RDMA_READ_CONSUME_CHECK_CONSUMER) timestamp=2048 ms, used_size=13133824 bytes (32.1%)
(RDMA_READ_CONSUME_CHECK_CONSUMER) timestamp=2048 ms, used_size=13131776 bytes (32.1%)
(RDMA_READ_CONSUME_CHECK_CONSUMER) timestamp=2048 ms, used_size=13129728 bytes (32.1%)
(RDMA_READ_CONSUME_CHECK_CONSUMER) timestamp=2048 ms, used_size=13127680 bytes (32.0%)
(RDMA_READ_CONSUME_CHECK_CONSUMER) timestamp=2048 ms, used_size=13125632 bytes (32.0%)
(RDMA_READ_CONSUME_CHECK_CONSUMER) timestamp=2048 ms, used_size=13123584 bytes (32.0%)
(RDMA_READ_CONSUME_CHECK_CONSUMER) timestamp=2048 ms, used_size=13121536 bytes (32.0%)
(RDMA_READ_CONSUME_CHECK_CONSUMER) timestamp=2048 ms, used_size=13119488 bytes (32.0%)
(RDMA_READ_CONSUME_CHECK_CONSUMER) timestamp=2048 ms, used_size=13117440 bytes (32.0%)
(RDMA_READ_CONSUME_CHECK_CONSUMER) timestamp=2048 ms, used_size=13115392 bytes (32.0%)
(RDMA_READ_CONSUME_CHECK_CONSUMER) timestamp=2048 ms, used_size=13113344 bytes (32.0%)
(RDMA_READ_CONSUME_CHECK_CONSUMER) timestamp=2048 ms, used_size=13111296 bytes (32.0%)
(RDMA_READ_CONSUME_CHECK_CONSUMER) timestamp=2048 ms, used_size=13109248 bytes (32.0%)
(RDMA_READ_CONSUME_CHECK_CONSUMER) timestamp=2048 ms, used_size=13107200 bytes (32.0%)
(RDMA_READ_CONSUME_CHECK_CONSUMER) timestamp=2048 ms, used_size=13105152 bytes (32.0%)
(RDMA_READ_CONSUME_CHECK_CONSUMER) timestamp=2048 ms, used_size=13103104 bytes (32.0%)
(RDMA_READ_CONSUME_CHECK_CONSUMER) timestamp=2048 ms, used_size=13101056 bytes (32.0%)
(RDMA_READ_CONSUME_CHECK_CONSUMER) timestamp=2048 ms, used_size=13099008 bytes (32.0%)
(RDMA_READ_CONSUME_CHECK_CONSUMER) timestamp=2048 ms, used_size=13096960 bytes (32.0%)
(RDMA_READ_CONSUME_CHECK_CONSUMER) timestamp=2048 ms, used_size=13094912 bytes (32.0%)
(RDMA_READ_CONSUME_CHECK_CONSUMER) timestamp=2048 ms, used_size=13092864 bytes (32.0%)
(RDMA_READ_CONSUME_CHECK_CONSUMER) timestamp=2048 ms, used_size=13090816 bytes (32.0%)
(RDMA_READ_CONSUME_CHECK_CONSUMER) timestamp=2048 ms, used_size=13088768 bytes (32.0%)
(RDMA_READ_CONSUME_CHECK_CONSUMER) timestamp=2048 ms, used_size=13086720 bytes (31.9%)
(RDMA_READ_CONSUME_CHECK_CONSUMER) timestamp=2048 ms, used_size=13084672 bytes (31.9%)
(RDMA_READ_CONSUME_CHECK_CONSUMER) timestamp=2049 ms, used_size=13082624 bytes (31.9%)
(RDMA_READ_CONSUME_CHECK_CONSUMER) timestamp=2049 ms, used_size=13080576 bytes (31.9%)
(RDMA_READ_CONSUME_CHECK_CONSUMER) timestamp=2049 ms, used_size=13078528 bytes (31.9%)
(RDMA_READ_CONSUME_CHECK_CONSUMER) timestamp=2049 ms, used_size=13076480 bytes (31.9%)
(RDMA_READ_CONSUME_CHECK_CONSUMER) timestamp=2049 ms, used_size=13074432 bytes (31.9%)
(RDMA_READ_CONSUME_CHECK_CONSUMER) timestamp=2049 ms, used_size=13072384 bytes (31.9%)
(RDMA_READ_CONSUME_CHECK_CONSUMER) timestamp=2049 ms, used_size=13070336 bytes (31.9%)
(RDMA_READ_CONSUME_CHECK_CONSUMER) timestamp=2049 ms, used_size=13068288 bytes (31.9%)
(RDMA_READ_CONSUME_CHECK_CONSUMER) timestamp=2049 ms, used_size=13066240 bytes (31.9%)
(RDMA_READ_CONSUME_CHECK_CONSUMER) timestamp=2049 ms, used_size=13064192 bytes (31.9%)
(RDMA_READ_CONSUME_CHECK_CONSUMER) timestamp=2049 ms, used_size=13062144 bytes (31.9%)
(RDMA_READ_CONSUME_CHECK_CONSUMER) timestamp=2049 ms, used_size=13060096 bytes (31.9%)
(RDMA_READ_CONSUME_CHECK_CONSUMER) timestamp=2049 ms, used_size=13058048 bytes (31.9%)
(RDMA_READ_CONSUME_CHECK_CONSUMER) timestamp=2049 ms, used_size=13056000 bytes (31.9%)
(RDMA_READ_CONSUME_CHECK_CONSUMER) timestamp=2049 ms, used_size=13053952 bytes (31.9%)
(RDMA_READ_CONSUME_CHECK_CONSUMER) timestamp=2049 ms, used_size=13051904 bytes (31.9%)
(RDMA_READ_CONSUME_CHECK_CONSUMER) timestamp=2049 ms, used_size=13049856 bytes (31.9%)
(RDMA_READ_CONSUME_CHECK_CONSUMER) timestamp=2049 ms, used_size=13047808 bytes (31.9%)
(RDMA_READ_CONSUME_CHECK_CONSUMER) timestamp=2049 ms, used_size=13045760 bytes (31.9%)
(RDMA_READ_CONSUME_CHECK_CONSUMER) timestamp=2049 ms, used_size=13043712 bytes (31.8%)
(RDMA_READ_CONSUME_CHECK_CONSUMER) timestamp=2049 ms, used_size=13041664 bytes (31.8%)
(RDMA_READ_CONSUME_CHECK_CONSUMER) timestamp=2049 ms, used_size=13039616 bytes (31.8%)
(RDMA_READ_CONSUME_CHECK_CONSUMER) timestamp=2049 ms, used_size=13037568 bytes (31.8%)
(RDMA_READ_CONSUME_CHECK_CONSUMER) timestamp=2049 ms, used_size=13035520 bytes (31.8%)
(RDMA_READ_CONSUME_CHECK_CONSUMER) timestamp=2049 ms, used_size=13033472 bytes (31.8%)
(RDMA_READ_CONSUME_CHECK_CONSUMER) timestamp=2049 ms, used_size=13031424 bytes (31.8%)
(RDMA_READ_CONSUME_CHECK_CONSUMER) timestamp=2049 ms, used_size=13029376 bytes (31.8%)
(RDMA_READ_CONSUME_CHECK_CONSUMER) timestamp=2049 ms, used_size=13027328 bytes (31.8%)
(RDMA_READ_CONSUME_CHECK_CONSUMER) timestamp=2049 ms, used_size=13025280 bytes (31.8%)
(RDMA_READ_CONSUME_CHECK_CONSUMER) timestamp=2049 ms, used_size=13023232 bytes (31.8%)
(RDMA_READ_CONSUME_CHECK_CONSUMER) timestamp=2049 ms, used_size=13021184 bytes (31.8%)
(RDMA_READ_CONSUME_CHECK_CONSUMER) timestamp=2049 ms, used_size=13019136 bytes (31.8%)
(RDMA_READ_CONSUME_CHECK_CONSUMER) timestamp=2049 ms, used_size=13017088 bytes (31.8%)
(RDMA_READ_CONSUME_CHECK_CONSUMER) timestamp=2049 ms, used_size=13015040 bytes (31.8%)
(RDMA_READ_CONSUME_CHECK_CONSUMER) timestamp=2049 ms, used_size=13012992 bytes (31.8%)
(RDMA_READ_CONSUME_CHECK_CONSUMER) timestamp=2049 ms, used_size=13010944 bytes (31.8%)
(RDMA_READ_CONSUME_CHECK_CONSUMER) timestamp=2049 ms, used_size=13008896 bytes (31.8%)
(RDMA_READ_CONSUME_CHECK_CONSUMER) timestamp=2049 ms, used_size=13006848 bytes (31.8%)
(RDMA_READ_CONSUME_CHECK_CONSUMER) timestamp=2049 ms, used_size=13004800 bytes (31.8%)
(RDMA_READ_CONSUME_CHECK_CONSUMER) timestamp=2049 ms, used_size=13002752 bytes (31.7%)
(RDMA_READ_CONSUME_CHECK_CONSUMER) timestamp=2049 ms, used_size=13000704 bytes (31.7%)
(RDMA_READ_CONSUME_CHECK_CONSUMER) timestamp=2049 ms, used_size=12998656 bytes (31.7%)
(RDMA_READ_CONSUME_CHECK_CONSUMER) timestamp=2049 ms, used_size=12996608 bytes (31.7%)
(RDMA_READ_CONSUME_CHECK_CONSUMER) timestamp=2049 ms, used_size=12994560 bytes (31.7%)
(RDMA_READ_CONSUME_CHECK_CONSUMER) timestamp=2049 ms, used_size=12992512 bytes (31.7%)
(RDMA_READ_CONSUME_CHECK_CONSUMER) timestamp=2049 ms, used_size=12990464 bytes (31.7%)
(RDMA_READ_CONSUME_CHECK_CONSUMER) timestamp=2049 ms, used_size=12988416 bytes (31.7%)
(RDMA_READ_CONSUME_CHECK_CONSUMER) timestamp=2049 ms, used_size=12986368 bytes (31.7%)
(RDMA_READ_CONSUME_CHECK_CONSUMER) timestamp=2049 ms, used_size=12984320 bytes (31.7%)
(RDMA_READ_CONSUME_CHECK_CONSUMER) timestamp=2049 ms, used_size=12982272 bytes (31.7%)
(RDMA_READ_CONSUME_CHECK_CONSUMER) timestamp=2049 ms, used_size=12980224 bytes (31.7%)
(RDMA_READ_CONSUME_CHECK_CONSUMER) timestamp=2049 ms, used_size=12978176 bytes (31.7%)
(RDMA_READ_CONSUME_CHECK_CONSUMER) timestamp=2049 ms, used_size=12976128 bytes (31.7%)
(RDMA_READ_CONSUME_CHECK_CONSUMER) timestamp=2049 ms, used_size=12974080 bytes (31.7%)
(RDMA_READ_CONSUME_CHECK_CONSUMER) timestamp=2049 ms, used_size=12972032 bytes (31.7%)
(RDMA_READ_CONSUME_CHECK_CONSUMER) timestamp=2049 ms, used_size=12969984 bytes (31.7%)
(RDMA_READ_CONSUME_CHECK_CONSUMER) timestamp=2049 ms, used_size=12967936 bytes (31.7%)
(RDMA_READ_CONSUME_CHECK_CONSUMER) timestamp=2049 ms, used_size=12965888 bytes (31.7%)
(RDMA_READ_CONSUME_CHECK_CONSUMER) timestamp=2049 ms, used_size=12963840 bytes (31.6%)
(RDMA_READ_CONSUME_CHECK_CONSUMER) timestamp=2049 ms, used_size=12961792 bytes (31.6%)
(RDMA_READ_CONSUME_CHECK_CONSUMER) timestamp=2049 ms, used_size=12959744 bytes (31.6%)
(RDMA_READ_CONSUME_CHECK_CONSUMER) timestamp=2049 ms, used_size=12957696 bytes (31.6%)
(RDMA_READ_CONSUME_CHECK_CONSUMER) timestamp=2049 ms, used_size=12955648 bytes (31.6%)
(RDMA_READ_CONSUME_CHECK_CONSUMER) timestamp=2049 ms, used_size=12953600 bytes (31.6%)
(RDMA_READ_CONSUME_CHECK_CONSUMER) timestamp=2049 ms, used_size=12951552 bytes (31.6%)
(RDMA_READ_CONSUME_CHECK_CONSUMER) timestamp=2049 ms, used_size=12949504 bytes (31.6%)
(RDMA_READ_CONSUME_CHECK_CONSUMER) timestamp=2049 ms, used_size=12947456 bytes (31.6%)
(RDMA_READ_CONSUME_CHECK_CONSUMER) timestamp=2049 ms, used_size=12945408 bytes (31.6%)
(RDMA_READ_CONSUME_CHECK_CONSUMER) timestamp=2049 ms, used_size=12943360 bytes (31.6%)
(RDMA_READ_CONSUME_CHECK_CONSUMER) timestamp=2049 ms, used_size=12941312 bytes (31.6%)
(RDMA_READ_CONSUME_CHECK_CONSUMER) timestamp=2049 ms, used_size=12939264 bytes (31.6%)
(RDMA_READ_CONSUME_CHECK_CONSUMER) timestamp=2049 ms, used_size=12937216 bytes (31.6%)
(RDMA_READ_CONSUME_CHECK_CONSUMER) timestamp=2049 ms, used_size=12935168 bytes (31.6%)
(RDMA_READ_CONSUME_CHECK_CONSUMER) timestamp=2049 ms, used_size=12933120 bytes (31.6%)
(RDMA_READ_CONSUME_CHECK_CONSUMER) timestamp=2049 ms, used_size=12931072 bytes (31.6%)
(RDMA_READ_CONSUME_CHECK_CONSUMER) timestamp=2049 ms, used_size=12929024 bytes (31.6%)
(RDMA_READ_CONSUME_CHECK_CONSUMER) timestamp=2049 ms, used_size=12926976 bytes (31.6%)
(RDMA_READ_CONSUME_CHECK_CONSUMER) timestamp=2049 ms, used_size=12924928 bytes (31.6%)
(RDMA_READ_CONSUME_CHECK_CONSUMER) timestamp=2049 ms, used_size=12922880 bytes (31.6%)
(RDMA_READ_CONSUME_CHECK_CONSUMER) timestamp=2049 ms, used_size=12920832 bytes (31.5%)
(RDMA_READ_CONSUME_CHECK_CONSUMER) timestamp=2049 ms, used_size=12918784 bytes (31.5%)
(RDMA_READ_CONSUME_CHECK_CONSUMER) timestamp=2049 ms, used_size=12916736 bytes (31.5%)
(RDMA_READ_CONSUME_CHECK_CONSUMER) timestamp=2049 ms, used_size=12914688 bytes (31.5%)
(RDMA_READ_CONSUME_CHECK_CONSUMER) timestamp=2049 ms, used_size=12912640 bytes (31.5%)
(RDMA_READ_CONSUME_CHECK_CONSUMER) timestamp=2049 ms, used_size=12910592 bytes (31.5%)
(RDMA_READ_CONSUME_CHECK_CONSUMER) timestamp=2049 ms, used_size=12908544 bytes (31.5%)
(RDMA_READ_CONSUME_CHECK_CONSUMER) timestamp=2049 ms, used_size=12906496 bytes (31.5%)
(RDMA_READ_CONSUME_CHECK_CONSUMER) timestamp=2049 ms, used_size=12904448 bytes (31.5%)
(RDMA_READ_CONSUME_CHECK_CONSUMER) timestamp=2049 ms, used_size=12902400 bytes (31.5%)
(RDMA_READ_CONSUME_CHECK_CONSUMER) timestamp=2049 ms, used_size=12900352 bytes (31.5%)
(RDMA_READ_CONSUME_CHECK_CONSUMER) timestamp=2049 ms, used_size=12898304 bytes (31.5%)
(RDMA_READ_CONSUME_CHECK_CONSUMER) timestamp=2049 ms, used_size=12896256 bytes (31.5%)
(RDMA_READ_CONSUME_CHECK_CONSUMER) timestamp=2049 ms, used_size=12894208 bytes (31.5%)
(RDMA_READ_CONSUME_CHECK_CONSUMER) timestamp=2049 ms, used_size=12892160 bytes (31.5%)
(RDMA_READ_CONSUME_CHECK_CONSUMER) timestamp=2049 ms, used_size=12890112 bytes (31.5%)
(RDMA_READ_CONSUME_CHECK_CONSUMER) timestamp=2049 ms, used_size=12888064 bytes (31.5%)
(RDMA_READ_CONSUME_CHECK_CONSUMER) timestamp=2049 ms, used_size=12886016 bytes (31.5%)
(RDMA_READ_CONSUME_CHECK_CONSUMER) timestamp=2049 ms, used_size=12883968 bytes (31.5%)
(RDMA_READ_CONSUME_CHECK_CONSUMER) timestamp=2049 ms, used_size=12881920 bytes (31.4%)
(RDMA_READ_CONSUME_CHECK_CONSUMER) timestamp=2049 ms, used_size=12879872 bytes (31.4%)
(RDMA_READ_CONSUME_CHECK_CONSUMER) timestamp=2049 ms, used_size=12877824 bytes (31.4%)
(RDMA_READ_CONSUME_CHECK_CONSUMER) timestamp=2049 ms, used_size=12875776 bytes (31.4%)
(RDMA_READ_CONSUME_CHECK_CONSUMER) timestamp=2049 ms, used_size=12873728 bytes (31.4%)
(RDMA_READ_CONSUME_CHECK_CONSUMER) timestamp=2049 ms, used_size=12871680 bytes (31.4%)
(RDMA_READ_CONSUME_CHECK_CONSUMER) timestamp=2049 ms, used_size=12869632 bytes (31.4%)
(RDMA_READ_CONSUME_CHECK_CONSUMER) timestamp=2049 ms, used_size=12867584 bytes (31.4%)
(RDMA_READ_CONSUME_CHECK_CONSUMER) timestamp=2049 ms, used_size=12865536 bytes (31.4%)
(RDMA_READ_CONSUME_CHECK_CONSUMER) timestamp=2049 ms, used_size=12863488 bytes (31.4%)
(RDMA_READ_CONSUME_CHECK_CONSUMER) timestamp=2049 ms, used_size=12861440 bytes (31.4%)
(RDMA_READ_CONSUME_CHECK_CONSUMER) timestamp=2049 ms, used_size=12859392 bytes (31.4%)
(RDMA_READ_CONSUME_CHECK_CONSUMER) timestamp=2049 ms, used_size=12857344 bytes (31.4%)
(RDMA_READ_CONSUME_CHECK_CONSUMER) timestamp=2049 ms, used_size=12855296 bytes (31.4%)
(RDMA_READ_CONSUME_CHECK_CONSUMER) timestamp=2049 ms, used_size=12853248 bytes (31.4%)
(RDMA_READ_CONSUME_CHECK_CONSUMER) timestamp=2049 ms, used_size=12851200 bytes (31.4%)
(RDMA_READ_CONSUME_CHECK_CONSUMER) timestamp=2049 ms, used_size=12849152 bytes (31.4%)
(RDMA_READ_CONSUME_CHECK_CONSUMER) timestamp=2049 ms, used_size=12847104 bytes (31.4%)
(RDMA_READ_CONSUME_CHECK_CONSUMER) timestamp=2049 ms, used_size=12845056 bytes (31.4%)
(RDMA_READ_CONSUME_CHECK_CONSUMER) timestamp=2049 ms, used_size=12843008 bytes (31.4%)
(RDMA_READ_CONSUME_CHECK_CONSUMER) timestamp=2049 ms, used_size=12840960 bytes (31.4%)
(RDMA_READ_CONSUME_CHECK_CONSUMER) timestamp=2049 ms, used_size=12838912 bytes (31.3%)
(RDMA_READ_CONSUME_CHECK_CONSUMER) timestamp=2049 ms, used_size=12836864 bytes (31.3%)
(RDMA_READ_CONSUME_CHECK_CONSUMER) timestamp=2049 ms, used_size=12834816 bytes (31.3%)
(RDMA_READ_CONSUME_CHECK_CONSUMER) timestamp=2049 ms, used_size=12832768 bytes (31.3%)
(RDMA_READ_CONSUME_CHECK_CONSUMER) timestamp=2049 ms, used_size=12830720 bytes (31.3%)
(RDMA_READ_CONSUME_CHECK_CONSUMER) timestamp=2049 ms, used_size=12828672 bytes (31.3%)
(RDMA_READ_CONSUME_CHECK_CONSUMER) timestamp=2049 ms, used_size=12826624 bytes (31.3%)
(RDMA_READ_CONSUME_CHECK_CONSUMER) timestamp=2049 ms, used_size=12824576 bytes (31.3%)
(RDMA_READ_CONSUME_CHECK_CONSUMER) timestamp=2049 ms, used_size=12822528 bytes (31.3%)
(RDMA_READ_CONSUME_CHECK_CONSUMER) timestamp=2049 ms, used_size=12820480 bytes (31.3%)
(RDMA_READ_CONSUME_CHECK_CONSUMER) timestamp=2049 ms, used_size=12818432 bytes (31.3%)
(RDMA_READ_CONSUME_CHECK_CONSUMER) timestamp=2049 ms, used_size=12816384 bytes (31.3%)
(RDMA_READ_CONSUME_CHECK_CONSUMER) timestamp=2049 ms, used_size=12814336 bytes (31.3%)
(RDMA_READ_CONSUME_CHECK_CONSUMER) timestamp=2049 ms, used_size=12812288 bytes (31.3%)
(RDMA_READ_CONSUME_CHECK_CONSUMER) timestamp=2049 ms, used_size=12810240 bytes (31.3%)
(RDMA_READ_CONSUME_CHECK_CONSUMER) timestamp=2049 ms, used_size=12808192 bytes (31.3%)
(RDMA_READ_CONSUME_CHECK_CONSUMER) timestamp=2049 ms, used_size=12806144 bytes (31.3%)
(RDMA_READ_CONSUME_CHECK_CONSUMER) timestamp=2049 ms, used_size=12804096 bytes (31.3%)
(RDMA_READ_CONSUME_CHECK_CONSUMER) timestamp=2049 ms, used_size=12802048 bytes (31.3%)
(RDMA_READ_CONSUME_CHECK_CONSUMER) timestamp=2049 ms, used_size=12800000 bytes (31.2%)
(RDMA_READ_CONSUME_CHECK_CONSUMER) timestamp=2049 ms, used_size=12797952 bytes (31.2%)
(RDMA_READ_CONSUME_CHECK_CONSUMER) timestamp=2049 ms, used_size=12795904 bytes (31.2%)
(RDMA_READ_CONSUME_CHECK_CONSUMER) timestamp=2049 ms, used_size=12793856 bytes (31.2%)
(RDMA_READ_CONSUME_CHECK_CONSUMER) timestamp=2049 ms, used_size=12791808 bytes (31.2%)
(RDMA_READ_CONSUME_CHECK_CONSUMER) timestamp=2049 ms, used_size=12789760 bytes (31.2%)
(RDMA_READ_CONSUME_CHECK_CONSUMER) timestamp=2049 ms, used_size=12787712 bytes (31.2%)
(RDMA_READ_CONSUME_CHECK_CONSUMER) timestamp=2049 ms, used_size=12785664 bytes (31.2%)
(RDMA_READ_CONSUME_CHECK_CONSUMER) timestamp=2049 ms, used_size=12783616 bytes (31.2%)
(RDMA_READ_CONSUME_CHECK_CONSUMER) timestamp=2049 ms, used_size=12781568 bytes (31.2%)
(RDMA_READ_CONSUME_CHECK_CONSUMER) timestamp=2049 ms, used_size=12779520 bytes (31.2%)
(RDMA_READ_CONSUME_CHECK_CONSUMER) timestamp=2049 ms, used_size=12777472 bytes (31.2%)
(RDMA_READ_CONSUME_CHECK_CONSUMER) timestamp=2049 ms, used_size=12775424 bytes (31.2%)
(RDMA_READ_CONSUME_CHECK_CONSUMER) timestamp=2049 ms, used_size=12773376 bytes (31.2%)
(RDMA_READ_CONSUME_CHECK_CONSUMER) timestamp=2049 ms, used_size=12771328 bytes (31.2%)
(RDMA_READ_CONSUME_CHECK_CONSUMER) timestamp=2049 ms, used_size=12769280 bytes (31.2%)
(RDMA_READ_CONSUME_CHECK_CONSUMER) timestamp=2049 ms, used_size=12767232 bytes (31.2%)
(RDMA_READ_CONSUME_CHECK_CONSUMER) timestamp=2049 ms, used_size=12765184 bytes (31.2%)
(RDMA_READ_CONSUME_CHECK_CONSUMER) timestamp=2049 ms, used_size=12763136 bytes (31.2%)
(RDMA_READ_CONSUME_CHECK_CONSUMER) timestamp=2049 ms, used_size=12761088 bytes (31.2%)
(RDMA_READ_CONSUME_CHECK_CONSUMER) timestamp=2049 ms, used_size=12759040 bytes (31.1%)
(RDMA_READ_CONSUME_CHECK_CONSUMER) timestamp=2049 ms, used_size=12756992 bytes (31.1%)
(RDMA_READ_CONSUME_CHECK_CONSUMER) timestamp=2049 ms, used_size=12754944 bytes (31.1%)
(RDMA_READ_CONSUME_CHECK_CONSUMER) timestamp=2049 ms, used_size=12752896 bytes (31.1%)
(RDMA_READ_CONSUME_CHECK_CONSUMER) timestamp=2049 ms, used_size=12750848 bytes (31.1%)
(RDMA_READ_CONSUME_CHECK_CONSUMER) timestamp=2049 ms, used_size=12748800 bytes (31.1%)
(RDMA_READ_CONSUME_CHECK_CONSUMER) timestamp=2049 ms, used_size=12746752 bytes (31.1%)
(RDMA_READ_CONSUME_CHECK_CONSUMER) timestamp=2049 ms, used_size=12744704 bytes (31.1%)
(RDMA_READ_CONSUME_CHECK_CONSUMER) timestamp=2049 ms, used_size=12742656 bytes (31.1%)
(RDMA_READ_CONSUME_CHECK_CONSUMER) timestamp=2049 ms, used_size=12740608 bytes (31.1%)
(RDMA_READ_CONSUME_CHECK_CONSUMER) timestamp=2049 ms, used_size=12738560 bytes (31.1%)
(RDMA_READ_CONSUME_CHECK_CONSUMER) timestamp=2049 ms, used_size=12736512 bytes (31.1%)
(RDMA_READ_CONSUME_CHECK_CONSUMER) timestamp=2049 ms, used_size=12734464 bytes (31.1%)
(RDMA_READ_CONSUME_CHECK_CONSUMER) timestamp=2049 ms, used_size=12732416 bytes (31.1%)
(RDMA_READ_CONSUME_CHECK_CONSUMER) timestamp=2049 ms, used_size=12730368 bytes (31.1%)
(RDMA_READ_CONSUME_CHECK_CONSUMER) timestamp=2049 ms, used_size=12728320 bytes (31.1%)
(RDMA_READ_CONSUME_CHECK_CONSUMER) timestamp=2049 ms, used_size=12726272 bytes (31.1%)
(RDMA_READ_CONSUME_CHECK_CONSUMER) timestamp=2049 ms, used_size=12724224 bytes (31.1%)
(RDMA_READ_CONSUME_CHECK_CONSUMER) timestamp=2049 ms, used_size=12722176 bytes (31.1%)
(RDMA_READ_CONSUME_CHECK_CONSUMER) timestamp=2049 ms, used_size=12720128 bytes (31.1%)
(RDMA_READ_CONSUME_CHECK_CONSUMER) timestamp=2049 ms, used_size=12718080 bytes (31.1%)
(RDMA_READ_CONSUME_CHECK_CONSUMER) timestamp=2049 ms, used_size=12716032 bytes (31.0%)
(RDMA_READ_CONSUME_CHECK_CONSUMER) timestamp=2050 ms, used_size=12713984 bytes (31.0%)
(RDMA_READ_CONSUME_CHECK_CONSUMER) timestamp=2050 ms, used_size=12711936 bytes (31.0%)
(RDMA_READ_CONSUME_CHECK_CONSUMER) timestamp=2050 ms, used_size=12709888 bytes (31.0%)
(RDMA_READ_CONSUME_CHECK_CONSUMER) timestamp=2050 ms, used_size=12707840 bytes (31.0%)
(RDMA_READ_CONSUME_CHECK_CONSUMER) timestamp=2050 ms, used_size=12705792 bytes (31.0%)
(RDMA_READ_CONSUME_CHECK_CONSUMER) timestamp=2050 ms, used_size=12703744 bytes (31.0%)
(RDMA_READ_CONSUME_CHECK_CONSUMER) timestamp=2050 ms, used_size=12701696 bytes (31.0%)
(RDMA_READ_CONSUME_CHECK_CONSUMER) timestamp=2050 ms, used_size=12699648 bytes (31.0%)
(RDMA_READ_CONSUME_CHECK_CONSUMER) timestamp=2050 ms, used_size=12697600 bytes (31.0%)
(RDMA_READ_CONSUME_CHECK_CONSUMER) timestamp=2050 ms, used_size=12695552 bytes (31.0%)
(RDMA_READ_CONSUME_CHECK_CONSUMER) timestamp=2050 ms, used_size=12693504 bytes (31.0%)
(RDMA_READ_CONSUME_CHECK_CONSUMER) timestamp=2050 ms, used_size=12691456 bytes (31.0%)
(RDMA_READ_CONSUME_CHECK_CONSUMER) timestamp=2050 ms, used_size=12689408 bytes (31.0%)
(RDMA_READ_CONSUME_CHECK_CONSUMER) timestamp=2050 ms, used_size=12687360 bytes (31.0%)
(RDMA_READ_CONSUME_CHECK_CONSUMER) timestamp=2050 ms, used_size=12685312 bytes (31.0%)
(RDMA_READ_CONSUME_CHECK_CONSUMER) timestamp=2050 ms, used_size=12683264 bytes (31.0%)
(RDMA_READ_CONSUME_CHECK_CONSUMER) timestamp=2050 ms, used_size=12681216 bytes (31.0%)
(RDMA_READ_CONSUME_CHECK_CONSUMER) timestamp=2050 ms, used_size=12679168 bytes (31.0%)
(RDMA_READ_CONSUME_CHECK_CONSUMER) timestamp=2050 ms, used_size=12677120 bytes (30.9%)
(RDMA_READ_CONSUME_CHECK_CONSUMER) timestamp=2050 ms, used_size=12675072 bytes (30.9%)
(RDMA_READ_CONSUME_CHECK_CONSUMER) timestamp=2050 ms, used_size=12673024 bytes (30.9%)
(RDMA_READ_CONSUME_CHECK_CONSUMER) timestamp=2050 ms, used_size=12670976 bytes (30.9%)
(RDMA_READ_CONSUME_CHECK_CONSUMER) timestamp=2050 ms, used_size=12668928 bytes (30.9%)
(RDMA_READ_CONSUME_CHECK_CONSUMER) timestamp=2050 ms, used_size=12666880 bytes (30.9%)
(RDMA_READ_CONSUME_CHECK_CONSUMER) timestamp=2050 ms, used_size=12664832 bytes (30.9%)
(RDMA_READ_CONSUME_CHECK_CONSUMER) timestamp=2050 ms, used_size=12662784 bytes (30.9%)
(RDMA_READ_CONSUME_CHECK_CONSUMER) timestamp=2050 ms, used_size=12660736 bytes (30.9%)
(RDMA_READ_CONSUME_CHECK_CONSUMER) timestamp=2050 ms, used_size=12658688 bytes (30.9%)
(RDMA_READ_CONSUME_CHECK_CONSUMER) timestamp=2050 ms, used_size=12656640 bytes (30.9%)
(RDMA_READ_CONSUME_CHECK_CONSUMER) timestamp=2050 ms, used_size=12654592 bytes (30.9%)
(RDMA_READ_CONSUME_CHECK_CONSUMER) timestamp=2050 ms, used_size=12652544 bytes (30.9%)
(RDMA_READ_CONSUME_CHECK_CONSUMER) timestamp=2050 ms, used_size=12650496 bytes (30.9%)
(RDMA_READ_CONSUME_CHECK_CONSUMER) timestamp=2050 ms, used_size=12648448 bytes (30.9%)
(RDMA_READ_CONSUME_CHECK_CONSUMER) timestamp=2050 ms, used_size=12646400 bytes (30.9%)
(RDMA_READ_CONSUME_CHECK_CONSUMER) timestamp=2050 ms, used_size=12644352 bytes (30.9%)
(RDMA_READ_CONSUME_CHECK_CONSUMER) timestamp=2050 ms, used_size=12642304 bytes (30.9%)
(RDMA_READ_CONSUME_CHECK_CONSUMER) timestamp=2050 ms, used_size=12640256 bytes (30.9%)
(RDMA_READ_CONSUME_CHECK_CONSUMER) timestamp=2050 ms, used_size=12638208 bytes (30.9%)
(RDMA_READ_CONSUME_CHECK_CONSUMER) timestamp=2050 ms, used_size=12636160 bytes (30.9%)
(RDMA_READ_CONSUME_CHECK_CONSUMER) timestamp=2050 ms, used_size=12634112 bytes (30.8%)
(RDMA_READ_CONSUME_CHECK_CONSUMER) timestamp=2050 ms, used_size=12632064 bytes (30.8%)
(RDMA_READ_CONSUME_CHECK_CONSUMER) timestamp=2050 ms, used_size=12630016 bytes (30.8%)
(RDMA_READ_CONSUME_CHECK_CONSUMER) timestamp=2050 ms, used_size=12627968 bytes (30.8%)
(RDMA_READ_CONSUME_CHECK_CONSUMER) timestamp=2050 ms, used_size=12625920 bytes (30.8%)
(RDMA_READ_CONSUME_CHECK_CONSUMER) timestamp=2050 ms, used_size=12623872 bytes (30.8%)
(RDMA_READ_CONSUME_CHECK_CONSUMER) timestamp=2050 ms, used_size=12621824 bytes (30.8%)
(RDMA_READ_CONSUME_CHECK_CONSUMER) timestamp=2050 ms, used_size=12619776 bytes (30.8%)
(RDMA_READ_CONSUME_CHECK_CONSUMER) timestamp=2050 ms, used_size=12617728 bytes (30.8%)
(RDMA_READ_CONSUME_CHECK_CONSUMER) timestamp=2050 ms, used_size=12615680 bytes (30.8%)
(RDMA_READ_CONSUME_CHECK_CONSUMER) timestamp=2050 ms, used_size=12613632 bytes (30.8%)
(RDMA_READ_CONSUME_CHECK_CONSUMER) timestamp=2050 ms, used_size=12611584 bytes (30.8%)
(RDMA_READ_CONSUME_CHECK_CONSUMER) timestamp=2050 ms, used_size=12609536 bytes (30.8%)
(RDMA_READ_CONSUME_CHECK_CONSUMER) timestamp=2050 ms, used_size=12607488 bytes (30.8%)
(RDMA_READ_CONSUME_CHECK_CONSUMER) timestamp=2050 ms, used_size=12605440 bytes (30.8%)
(RDMA_READ_CONSUME_CHECK_CONSUMER) timestamp=2050 ms, used_size=12603392 bytes (30.8%)
(RDMA_READ_CONSUME_CHECK_CONSUMER) timestamp=2050 ms, used_size=12601344 bytes (30.8%)
(RDMA_READ_CONSUME_CHECK_CONSUMER) timestamp=2050 ms, used_size=12599296 bytes (30.8%)
(RDMA_READ_CONSUME_CHECK_CONSUMER) timestamp=2050 ms, used_size=12597248 bytes (30.8%)
(RDMA_READ_CONSUME_CHECK_CONSUMER) timestamp=2050 ms, used_size=12595200 bytes (30.8%)
(RDMA_READ_CONSUME_CHECK_CONSUMER) timestamp=2050 ms, used_size=12593152 bytes (30.7%)
(RDMA_READ_CONSUME_CHECK_CONSUMER) timestamp=2050 ms, used_size=12591104 bytes (30.7%)
(RDMA_READ_CONSUME_CHECK_CONSUMER) timestamp=2050 ms, used_size=12589056 bytes (30.7%)
(RDMA_READ_CONSUME_CHECK_CONSUMER) timestamp=2050 ms, used_size=12587008 bytes (30.7%)
(RDMA_READ_CONSUME_CHECK_CONSUMER) timestamp=2050 ms, used_size=12584960 bytes (30.7%)
(RDMA_READ_CONSUME_CHECK_CONSUMER) timestamp=2050 ms, used_size=12582912 bytes (30.7%)
(RDMA_READ_CONSUME_CHECK_CONSUMER) timestamp=2050 ms, used_size=12580864 bytes (30.7%)
(RDMA_READ_CONSUME_CHECK_CONSUMER) timestamp=2050 ms, used_size=12578816 bytes (30.7%)
(RDMA_READ_CONSUME_CHECK_CONSUMER) timestamp=2050 ms, used_size=12576768 bytes (30.7%)
(RDMA_READ_CONSUME_CHECK_CONSUMER) timestamp=2050 ms, used_size=12574720 bytes (30.7%)
(RDMA_READ_CONSUME_CHECK_CONSUMER) timestamp=2050 ms, used_size=12572672 bytes (30.7%)
(RDMA_READ_CONSUME_CHECK_CONSUMER) timestamp=2050 ms, used_size=12570624 bytes (30.7%)
(RDMA_READ_CONSUME_CHECK_CONSUMER) timestamp=2050 ms, used_size=12568576 bytes (30.7%)
(RDMA_READ_CONSUME_CHECK_CONSUMER) timestamp=2050 ms, used_size=12566528 bytes (30.7%)
(RDMA_READ_CONSUME_CHECK_CONSUMER) timestamp=2050 ms, used_size=12564480 bytes (30.7%)
(RDMA_READ_CONSUME_CHECK_CONSUMER) timestamp=2050 ms, used_size=12562432 bytes (30.7%)
(RDMA_READ_CONSUME_CHECK_CONSUMER) timestamp=2050 ms, used_size=12560384 bytes (30.7%)
(RDMA_READ_CONSUME_CHECK_CONSUMER) timestamp=2050 ms, used_size=12558336 bytes (30.7%)
(RDMA_READ_CONSUME_CHECK_CONSUMER) timestamp=2050 ms, used_size=12556288 bytes (30.7%)
(RDMA_READ_CONSUME_CHECK_CONSUMER) timestamp=2050 ms, used_size=12554240 bytes (30.6%)
(RDMA_READ_CONSUME_CHECK_CONSUMER) timestamp=2050 ms, used_size=12552192 bytes (30.6%)
(RDMA_READ_CONSUME_CHECK_CONSUMER) timestamp=2050 ms, used_size=12550144 bytes (30.6%)
(RDMA_READ_CONSUME_CHECK_CONSUMER) timestamp=2050 ms, used_size=12548096 bytes (30.6%)
(RDMA_READ_CONSUME_CHECK_CONSUMER) timestamp=2050 ms, used_size=12546048 bytes (30.6%)
(RDMA_READ_CONSUME_CHECK_CONSUMER) timestamp=2050 ms, used_size=12544000 bytes (30.6%)
(RDMA_READ_CONSUME_CHECK_CONSUMER) timestamp=2050 ms, used_size=12541952 bytes (30.6%)
(RDMA_READ_CONSUME_CHECK_CONSUMER) timestamp=2050 ms, used_size=12539904 bytes (30.6%)
(RDMA_READ_CONSUME_CHECK_CONSUMER) timestamp=2050 ms, used_size=12537856 bytes (30.6%)
(RDMA_READ_CONSUME_CHECK_CONSUMER) timestamp=2050 ms, used_size=12535808 bytes (30.6%)
(RDMA_READ_CONSUME_CHECK_CONSUMER) timestamp=2050 ms, used_size=12533760 bytes (30.6%)
(RDMA_READ_CONSUME_CHECK_CONSUMER) timestamp=2050 ms, used_size=12531712 bytes (30.6%)
(RDMA_READ_CONSUME_CHECK_CONSUMER) timestamp=2050 ms, used_size=12529664 bytes (30.6%)
(RDMA_READ_CONSUME_CHECK_CONSUMER) timestamp=2050 ms, used_size=12527616 bytes (30.6%)
(RDMA_READ_CONSUME_CHECK_CONSUMER) timestamp=2050 ms, used_size=12525568 bytes (30.6%)
(RDMA_READ_CONSUME_CHECK_CONSUMER) timestamp=2050 ms, used_size=12523520 bytes (30.6%)
(RDMA_READ_CONSUME_CHECK_CONSUMER) timestamp=2050 ms, used_size=12521472 bytes (30.6%)
(RDMA_READ_CONSUME_CHECK_CONSUMER) timestamp=2050 ms, used_size=12519424 bytes (30.6%)
(RDMA_READ_CONSUME_CHECK_CONSUMER) timestamp=2050 ms, used_size=12517376 bytes (30.6%)
(RDMA_READ_CONSUME_CHECK_CONSUMER) timestamp=2050 ms, used_size=12515328 bytes (30.6%)
(RDMA_READ_CONSUME_CHECK_CONSUMER) timestamp=2050 ms, used_size=12513280 bytes (30.6%)
(RDMA_READ_CONSUME_CHECK_CONSUMER) timestamp=2050 ms, used_size=12511232 bytes (30.5%)
(RDMA_READ_CONSUME_CHECK_CONSUMER) timestamp=2050 ms, used_size=12509184 bytes (30.5%)
(RDMA_READ_CONSUME_CHECK_CONSUMER) timestamp=2050 ms, used_size=12507136 bytes (30.5%)
(RDMA_READ_CONSUME_CHECK_CONSUMER) timestamp=2050 ms, used_size=12505088 bytes (30.5%)
(RDMA_READ_CONSUME_CHECK_CONSUMER) timestamp=2050 ms, used_size=12503040 bytes (30.5%)
(RDMA_READ_CONSUME_CHECK_CONSUMER) timestamp=2050 ms, used_size=12500992 bytes (30.5%)
(RDMA_READ_CONSUME_CHECK_CONSUMER) timestamp=2050 ms, used_size=12498944 bytes (30.5%)
(RDMA_READ_CONSUME_CHECK_CONSUMER) timestamp=2050 ms, used_size=12496896 bytes (30.5%)
(RDMA_READ_CONSUME_CHECK_CONSUMER) timestamp=2050 ms, used_size=12494848 bytes (30.5%)
(RDMA_READ_CONSUME_CHECK_CONSUMER) timestamp=2050 ms, used_size=12492800 bytes (30.5%)
(RDMA_READ_CONSUME_CHECK_CONSUMER) timestamp=2050 ms, used_size=12490752 bytes (30.5%)
(RDMA_READ_CONSUME_CHECK_CONSUMER) timestamp=2050 ms, used_size=12488704 bytes (30.5%)
(RDMA_READ_CONSUME_CHECK_CONSUMER) timestamp=2050 ms, used_size=12486656 bytes (30.5%)
(RDMA_READ_CONSUME_CHECK_CONSUMER) timestamp=2050 ms, used_size=12484608 bytes (30.5%)
(RDMA_READ_CONSUME_CHECK_CONSUMER) timestamp=2050 ms, used_size=12482560 bytes (30.5%)
(RDMA_READ_CONSUME_CHECK_CONSUMER) timestamp=2050 ms, used_size=12480512 bytes (30.5%)
(RDMA_READ_CONSUME_CHECK_CONSUMER) timestamp=2050 ms, used_size=12478464 bytes (30.5%)
(RDMA_READ_CONSUME_CHECK_CONSUMER) timestamp=2050 ms, used_size=12476416 bytes (30.5%)
(RDMA_READ_CONSUME_CHECK_CONSUMER) timestamp=2050 ms, used_size=12474368 bytes (30.5%)
(RDMA_READ_CONSUME_CHECK_CONSUMER) timestamp=2050 ms, used_size=12472320 bytes (30.4%)
(RDMA_READ_CONSUME_CHECK_CONSUMER) timestamp=2050 ms, used_size=12470272 bytes (30.4%)
(RDMA_READ_CONSUME_CHECK_CONSUMER) timestamp=2050 ms, used_size=12468224 bytes (30.4%)
(RDMA_READ_CONSUME_CHECK_CONSUMER) timestamp=2050 ms, used_size=12466176 bytes (30.4%)
(RDMA_READ_CONSUME_CHECK_CONSUMER) timestamp=2050 ms, used_size=12464128 bytes (30.4%)
(RDMA_READ_CONSUME_CHECK_CONSUMER) timestamp=2050 ms, used_size=12462080 bytes (30.4%)
(RDMA_READ_CONSUME_CHECK_CONSUMER) timestamp=2050 ms, used_size=12460032 bytes (30.4%)
(RDMA_READ_CONSUME_CHECK_CONSUMER) timestamp=2050 ms, used_size=12457984 bytes (30.4%)
(RDMA_READ_CONSUME_CHECK_CONSUMER) timestamp=2050 ms, used_size=12455936 bytes (30.4%)
(RDMA_READ_CONSUME_CHECK_CONSUMER) timestamp=2050 ms, used_size=12453888 bytes (30.4%)
(RDMA_READ_CONSUME_CHECK_CONSUMER) timestamp=2050 ms, used_size=12451840 bytes (30.4%)
(RDMA_READ_CONSUME_CHECK_CONSUMER) timestamp=2050 ms, used_size=12449792 bytes (30.4%)
(RDMA_READ_CONSUME_CHECK_CONSUMER) timestamp=2050 ms, used_size=12447744 bytes (30.4%)
(RDMA_READ_CONSUME_CHECK_CONSUMER) timestamp=2050 ms, used_size=12445696 bytes (30.4%)
(RDMA_READ_CONSUME_CHECK_CONSUMER) timestamp=2050 ms, used_size=12443648 bytes (30.4%)
(RDMA_READ_CONSUME_CHECK_CONSUMER) timestamp=2050 ms, used_size=12441600 bytes (30.4%)
(RDMA_READ_CONSUME_CHECK_CONSUMER) timestamp=2050 ms, used_size=12439552 bytes (30.4%)
(RDMA_READ_CONSUME_CHECK_CONSUMER) timestamp=2050 ms, used_size=12437504 bytes (30.4%)
(RDMA_READ_CONSUME_CHECK_CONSUMER) timestamp=2050 ms, used_size=12435456 bytes (30.4%)
(RDMA_READ_CONSUME_CHECK_CONSUMER) timestamp=2050 ms, used_size=12433408 bytes (30.4%)
(RDMA_READ_CONSUME_CHECK_CONSUMER) timestamp=2050 ms, used_size=12431360 bytes (30.4%)
(RDMA_READ_CONSUME_CHECK_CONSUMER) timestamp=2050 ms, used_size=12429312 bytes (30.3%)
(RDMA_READ_CONSUME_CHECK_CONSUMER) timestamp=2050 ms, used_size=12427264 bytes (30.3%)
(RDMA_READ_CONSUME_CHECK_CONSUMER) timestamp=2050 ms, used_size=12425216 bytes (30.3%)
(RDMA_READ_CONSUME_CHECK_CONSUMER) timestamp=2050 ms, used_size=12423168 bytes (30.3%)
(RDMA_READ_CONSUME_CHECK_CONSUMER) timestamp=2050 ms, used_size=12421120 bytes (30.3%)
(RDMA_READ_CONSUME_CHECK_CONSUMER) timestamp=2050 ms, used_size=12419072 bytes (30.3%)
(RDMA_READ_CONSUME_CHECK_CONSUMER) timestamp=2050 ms, used_size=12417024 bytes (30.3%)
(RDMA_READ_CONSUME_CHECK_CONSUMER) timestamp=2050 ms, used_size=12414976 bytes (30.3%)
(RDMA_READ_CONSUME_CHECK_CONSUMER) timestamp=2050 ms, used_size=12412928 bytes (30.3%)
(RDMA_READ_CONSUME_CHECK_CONSUMER) timestamp=2050 ms, used_size=12410880 bytes (30.3%)
(RDMA_READ_CONSUME_CHECK_CONSUMER) timestamp=2050 ms, used_size=12408832 bytes (30.3%)
(RDMA_READ_CONSUME_CHECK_CONSUMER) timestamp=2050 ms, used_size=12406784 bytes (30.3%)
(RDMA_READ_CONSUME_CHECK_CONSUMER) timestamp=2050 ms, used_size=12404736 bytes (30.3%)
(RDMA_READ_CONSUME_CHECK_CONSUMER) timestamp=2050 ms, used_size=12402688 bytes (30.3%)
(RDMA_READ_CONSUME_CHECK_CONSUMER) timestamp=2050 ms, used_size=12400640 bytes (30.3%)
(RDMA_READ_CONSUME_CHECK_CONSUMER) timestamp=2050 ms, used_size=12398592 bytes (30.3%)
(RDMA_READ_CONSUME_CHECK_CONSUMER) timestamp=2050 ms, used_size=12396544 bytes (30.3%)
(RDMA_READ_CONSUME_CHECK_CONSUMER) timestamp=2050 ms, used_size=12394496 bytes (30.3%)
(RDMA_READ_CONSUME_CHECK_CONSUMER) timestamp=2050 ms, used_size=12392448 bytes (30.3%)
(RDMA_READ_CONSUME_CHECK_CONSUMER) timestamp=2050 ms, used_size=12390400 bytes (30.2%)
(RDMA_READ_CONSUME_CHECK_CONSUMER) timestamp=2050 ms, used_size=12388352 bytes (30.2%)
(RDMA_READ_CONSUME_CHECK_CONSUMER) timestamp=2050 ms, used_size=12386304 bytes (30.2%)
(RDMA_READ_CONSUME_CHECK_CONSUMER) timestamp=2050 ms, used_size=12384256 bytes (30.2%)
(RDMA_READ_CONSUME_CHECK_CONSUMER) timestamp=2050 ms, used_size=12382208 bytes (30.2%)
(RDMA_READ_CONSUME_CHECK_CONSUMER) timestamp=2050 ms, used_size=12380160 bytes (30.2%)
(RDMA_READ_CONSUME_CHECK_CONSUMER) timestamp=2050 ms, used_size=12378112 bytes (30.2%)
(RDMA_READ_CONSUME_CHECK_CONSUMER) timestamp=2050 ms, used_size=12376064 bytes (30.2%)
(RDMA_READ_CONSUME_CHECK_CONSUMER) timestamp=2050 ms, used_size=12374016 bytes (30.2%)
(RDMA_READ_CONSUME_CHECK_CONSUMER) timestamp=2050 ms, used_size=12371968 bytes (30.2%)
(RDMA_READ_CONSUME_CHECK_CONSUMER) timestamp=2050 ms, used_size=12369920 bytes (30.2%)
(RDMA_READ_CONSUME_CHECK_CONSUMER) timestamp=2050 ms, used_size=12367872 bytes (30.2%)
(RDMA_READ_CONSUME_CHECK_CONSUMER) timestamp=2050 ms, used_size=12365824 bytes (30.2%)
(RDMA_READ_CONSUME_CHECK_CONSUMER) timestamp=2050 ms, used_size=12363776 bytes (30.2%)
(RDMA_READ_CONSUME_CHECK_CONSUMER) timestamp=2050 ms, used_size=12361728 bytes (30.2%)
(RDMA_READ_CONSUME_CHECK_CONSUMER) timestamp=2050 ms, used_size=12359680 bytes (30.2%)
(RDMA_READ_CONSUME_CHECK_CONSUMER) timestamp=2050 ms, used_size=12357632 bytes (30.2%)
(RDMA_READ_CONSUME_CHECK_CONSUMER) timestamp=2050 ms, used_size=12355584 bytes (30.2%)
(RDMA_READ_CONSUME_CHECK_CONSUMER) timestamp=2050 ms, used_size=12353536 bytes (30.2%)
(RDMA_READ_CONSUME_CHECK_CONSUMER) timestamp=2050 ms, used_size=12351488 bytes (30.2%)
(RDMA_READ_CONSUME_CHECK_CONSUMER) timestamp=2050 ms, used_size=12349440 bytes (30.1%)
(RDMA_READ_CONSUME_CHECK_CONSUMER) timestamp=2050 ms, used_size=12347392 bytes (30.1%)
(RDMA_READ_CONSUME_CHECK_CONSUMER) timestamp=2050 ms, used_size=12345344 bytes (30.1%)
(RDMA_READ_CONSUME_CHECK_CONSUMER) timestamp=2051 ms, used_size=12343296 bytes (30.1%)
(RDMA_READ_CONSUME_CHECK_CONSUMER) timestamp=2051 ms, used_size=12341248 bytes (30.1%)
(RDMA_READ_CONSUME_CHECK_CONSUMER) timestamp=2051 ms, used_size=12339200 bytes (30.1%)
(RDMA_READ_CONSUME_CHECK_CONSUMER) timestamp=2051 ms, used_size=12337152 bytes (30.1%)
(RDMA_READ_CONSUME_CHECK_CONSUMER) timestamp=2051 ms, used_size=12335104 bytes (30.1%)
(RDMA_READ_CONSUME_CHECK_CONSUMER) timestamp=2051 ms, used_size=12333056 bytes (30.1%)
(RDMA_READ_CONSUME_CHECK_CONSUMER) timestamp=2051 ms, used_size=12331008 bytes (30.1%)
(RDMA_READ_CONSUME_CHECK_CONSUMER) timestamp=2051 ms, used_size=12328960 bytes (30.1%)
(RDMA_READ_CONSUME_CHECK_CONSUMER) timestamp=2051 ms, used_size=12326912 bytes (30.1%)
(RDMA_READ_CONSUME_CHECK_CONSUMER) timestamp=2051 ms, used_size=12324864 bytes (30.1%)
(RDMA_READ_CONSUME_CHECK_CONSUMER) timestamp=2051 ms, used_size=12322816 bytes (30.1%)
(RDMA_READ_CONSUME_CHECK_CONSUMER) timestamp=2051 ms, used_size=12320768 bytes (30.1%)
(RDMA_READ_CONSUME_CHECK_CONSUMER) timestamp=2051 ms, used_size=12318720 bytes (30.1%)
(RDMA_READ_CONSUME_CHECK_CONSUMER) timestamp=2051 ms, used_size=12316672 bytes (30.1%)
(RDMA_READ_CONSUME_CHECK_CONSUMER) timestamp=2051 ms, used_size=12314624 bytes (30.1%)
(RDMA_READ_CONSUME_CHECK_CONSUMER) timestamp=2051 ms, used_size=12312576 bytes (30.1%)
(RDMA_READ_CONSUME_CHECK_CONSUMER) timestamp=2051 ms, used_size=12310528 bytes (30.1%)
(RDMA_READ_CONSUME_CHECK_CONSUMER) timestamp=2051 ms, used_size=12308480 bytes (30.1%)
(RDMA_READ_CONSUME_CHECK_CONSUMER) timestamp=2051 ms, used_size=12306432 bytes (30.0%)
(RDMA_READ_CONSUME_CHECK_CONSUMER) timestamp=2051 ms, used_size=12304384 bytes (30.0%)
(RDMA_READ_CONSUME_CHECK_CONSUMER) timestamp=2051 ms, used_size=12302336 bytes (30.0%)
(RDMA_READ_CONSUME_CHECK_CONSUMER) timestamp=2051 ms, used_size=12300288 bytes (30.0%)
(RDMA_READ_CONSUME_CHECK_CONSUMER) timestamp=2051 ms, used_size=12298240 bytes (30.0%)
(RDMA_READ_CONSUME_CHECK_CONSUMER) timestamp=2051 ms, used_size=12296192 bytes (30.0%)
(RDMA_READ_CONSUME_CHECK_CONSUMER) timestamp=2051 ms, used_size=12294144 bytes (30.0%)
(RDMA_READ_CONSUME_CHECK_CONSUMER) timestamp=2051 ms, used_size=12292096 bytes (30.0%)
(RDMA_READ_CONSUME_CHECK_CONSUMER) timestamp=2051 ms, used_size=12290048 bytes (30.0%)
(RDMA_READ_CONSUME_CHECK_CONSUMER) timestamp=2051 ms, used_size=12288000 bytes (30.0%)
(RDMA_READ_CONSUME_CHECK_CONSUMER) timestamp=2051 ms, used_size=12285952 bytes (30.0%)
(RDMA_READ_CONSUME_CHECK_CONSUMER) timestamp=2051 ms, used_size=12283904 bytes (30.0%)
(RDMA_READ_CONSUME_CHECK_CONSUMER) timestamp=2051 ms, used_size=12281856 bytes (30.0%)
(RDMA_READ_CONSUME_CHECK_CONSUMER) timestamp=2051 ms, used_size=12279808 bytes (30.0%)
(RDMA_READ_CONSUME_CHECK_CONSUMER) timestamp=2051 ms, used_size=12277760 bytes (30.0%)
(RDMA_READ_CONSUME_CHECK_CONSUMER) timestamp=2051 ms, used_size=12275712 bytes (30.0%)
(RDMA_READ_CONSUME_CHECK_CONSUMER) timestamp=2051 ms, used_size=12273664 bytes (30.0%)
(RDMA_READ_CONSUME_CHECK_CONSUMER) timestamp=2051 ms, used_size=12271616 bytes (30.0%)
(RDMA_READ_CONSUME_CHECK_CONSUMER) timestamp=2051 ms, used_size=12269568 bytes (30.0%)
(RDMA_READ_CONSUME_CHECK_CONSUMER) timestamp=2051 ms, used_size=12267520 bytes (29.9%)
(RDMA_READ_CONSUME_CHECK_CONSUMER) timestamp=2051 ms, used_size=12265472 bytes (29.9%)
(RDMA_READ_CONSUME_CHECK_CONSUMER) timestamp=2051 ms, used_size=12263424 bytes (29.9%)
(RDMA_READ_CONSUME_CHECK_CONSUMER) timestamp=2051 ms, used_size=12261376 bytes (29.9%)
(RDMA_READ_CONSUME_CHECK_CONSUMER) timestamp=2051 ms, used_size=12259328 bytes (29.9%)
(RDMA_READ_CONSUME_CHECK_CONSUMER) timestamp=2051 ms, used_size=12257280 bytes (29.9%)
(RDMA_READ_CONSUME_CHECK_CONSUMER) timestamp=2051 ms, used_size=12255232 bytes (29.9%)
(RDMA_READ_CONSUME_CHECK_CONSUMER) timestamp=2051 ms, used_size=12253184 bytes (29.9%)
(RDMA_READ_CONSUME_CHECK_CONSUMER) timestamp=2051 ms, used_size=12251136 bytes (29.9%)
(RDMA_READ_CONSUME_CHECK_CONSUMER) timestamp=2051 ms, used_size=12249088 bytes (29.9%)
(RDMA_READ_CONSUME_CHECK_CONSUMER) timestamp=2051 ms, used_size=12247040 bytes (29.9%)
(RDMA_READ_CONSUME_CHECK_CONSUMER) timestamp=2051 ms, used_size=12244992 bytes (29.9%)
(RDMA_READ_CONSUME_CHECK_CONSUMER) timestamp=2051 ms, used_size=12242944 bytes (29.9%)
(RDMA_READ_CONSUME_CHECK_CONSUMER) timestamp=2051 ms, used_size=12240896 bytes (29.9%)
(RDMA_READ_CONSUME_CHECK_CONSUMER) timestamp=2051 ms, used_size=12238848 bytes (29.9%)
(RDMA_READ_CONSUME_CHECK_CONSUMER) timestamp=2051 ms, used_size=12236800 bytes (29.9%)
(RDMA_READ_CONSUME_CHECK_CONSUMER) timestamp=2051 ms, used_size=12234752 bytes (29.9%)
(RDMA_READ_CONSUME_CHECK_CONSUMER) timestamp=2051 ms, used_size=12232704 bytes (29.9%)
(RDMA_READ_CONSUME_CHECK_CONSUMER) timestamp=2051 ms, used_size=12230656 bytes (29.9%)
(RDMA_READ_CONSUME_CHECK_CONSUMER) timestamp=2051 ms, used_size=12228608 bytes (29.9%)
(RDMA_READ_CONSUME_CHECK_CONSUMER) timestamp=2051 ms, used_size=12226560 bytes (29.9%)
(RDMA_READ_CONSUME_CHECK_CONSUMER) timestamp=2051 ms, used_size=12224512 bytes (29.8%)
(RDMA_READ_CONSUME_CHECK_CONSUMER) timestamp=2051 ms, used_size=12222464 bytes (29.8%)
(RDMA_READ_CONSUME_CHECK_CONSUMER) timestamp=2051 ms, used_size=12220416 bytes (29.8%)
(RDMA_READ_CONSUME_CHECK_CONSUMER) timestamp=2051 ms, used_size=12218368 bytes (29.8%)
(RDMA_READ_CONSUME_CHECK_CONSUMER) timestamp=2051 ms, used_size=12216320 bytes (29.8%)
(RDMA_READ_CONSUME_CHECK_CONSUMER) timestamp=2051 ms, used_size=12214272 bytes (29.8%)
(RDMA_READ_CONSUME_CHECK_CONSUMER) timestamp=2051 ms, used_size=12212224 bytes (29.8%)
(RDMA_READ_CONSUME_CHECK_CONSUMER) timestamp=2051 ms, used_size=12210176 bytes (29.8%)
(RDMA_READ_CONSUME_CHECK_CONSUMER) timestamp=2051 ms, used_size=12208128 bytes (29.8%)
(RDMA_READ_CONSUME_CHECK_CONSUMER) timestamp=2051 ms, used_size=12206080 bytes (29.8%)
(RDMA_READ_CONSUME_CHECK_CONSUMER) timestamp=2051 ms, used_size=12204032 bytes (29.8%)
(RDMA_READ_CONSUME_CHECK_CONSUMER) timestamp=2051 ms, used_size=12201984 bytes (29.8%)
(RDMA_READ_CONSUME_CHECK_CONSUMER) timestamp=2051 ms, used_size=12199936 bytes (29.8%)
(RDMA_READ_CONSUME_CHECK_CONSUMER) timestamp=2051 ms, used_size=12197888 bytes (29.8%)
(RDMA_READ_CONSUME_CHECK_CONSUMER) timestamp=2051 ms, used_size=12195840 bytes (29.8%)
(RDMA_READ_CONSUME_CHECK_CONSUMER) timestamp=2051 ms, used_size=12193792 bytes (29.8%)
(RDMA_READ_CONSUME_CHECK_CONSUMER) timestamp=2051 ms, used_size=12191744 bytes (29.8%)
(RDMA_READ_CONSUME_CHECK_CONSUMER) timestamp=2051 ms, used_size=12189696 bytes (29.8%)
(RDMA_READ_CONSUME_CHECK_CONSUMER) timestamp=2051 ms, used_size=12187648 bytes (29.8%)
(RDMA_READ_CONSUME_CHECK_CONSUMER) timestamp=2051 ms, used_size=12185600 bytes (29.8%)
(RDMA_READ_CONSUME_CHECK_CONSUMER) timestamp=2051 ms, used_size=12183552 bytes (29.7%)
(RDMA_READ_CONSUME_CHECK_CONSUMER) timestamp=2051 ms, used_size=12181504 bytes (29.7%)
(RDMA_READ_CONSUME_CHECK_CONSUMER) timestamp=2051 ms, used_size=12179456 bytes (29.7%)
(RDMA_READ_CONSUME_CHECK_CONSUMER) timestamp=2051 ms, used_size=12177408 bytes (29.7%)
(RDMA_READ_CONSUME_CHECK_CONSUMER) timestamp=2051 ms, used_size=12175360 bytes (29.7%)
(RDMA_READ_CONSUME_CHECK_CONSUMER) timestamp=2051 ms, used_size=12173312 bytes (29.7%)
(RDMA_READ_CONSUME_CHECK_CONSUMER) timestamp=2051 ms, used_size=12171264 bytes (29.7%)
(RDMA_READ_CONSUME_CHECK_CONSUMER) timestamp=2051 ms, used_size=12169216 bytes (29.7%)
(RDMA_READ_CONSUME_CHECK_CONSUMER) timestamp=2051 ms, used_size=12167168 bytes (29.7%)
(RDMA_READ_CONSUME_CHECK_CONSUMER) timestamp=2051 ms, used_size=12165120 bytes (29.7%)
(RDMA_READ_CONSUME_CHECK_CONSUMER) timestamp=2051 ms, used_size=12163072 bytes (29.7%)
(RDMA_READ_CONSUME_CHECK_CONSUMER) timestamp=2051 ms, used_size=12161024 bytes (29.7%)
(RDMA_READ_CONSUME_CHECK_CONSUMER) timestamp=2051 ms, used_size=12158976 bytes (29.7%)
(RDMA_READ_CONSUME_CHECK_CONSUMER) timestamp=2051 ms, used_size=12156928 bytes (29.7%)
(RDMA_READ_CONSUME_CHECK_CONSUMER) timestamp=2051 ms, used_size=12154880 bytes (29.7%)
(RDMA_READ_CONSUME_CHECK_CONSUMER) timestamp=2051 ms, used_size=12152832 bytes (29.7%)
(RDMA_READ_CONSUME_CHECK_CONSUMER) timestamp=2051 ms, used_size=12150784 bytes (29.7%)
(RDMA_READ_CONSUME_CHECK_CONSUMER) timestamp=2051 ms, used_size=12148736 bytes (29.7%)
(RDMA_READ_CONSUME_CHECK_CONSUMER) timestamp=2051 ms, used_size=12146688 bytes (29.7%)
(RDMA_READ_CONSUME_CHECK_CONSUMER) timestamp=2051 ms, used_size=12144640 bytes (29.6%)
(RDMA_READ_CONSUME_CHECK_CONSUMER) timestamp=2051 ms, used_size=12142592 bytes (29.6%)
(RDMA_READ_CONSUME_CHECK_CONSUMER) timestamp=2051 ms, used_size=12140544 bytes (29.6%)
(RDMA_READ_CONSUME_CHECK_CONSUMER) timestamp=2051 ms, used_size=12138496 bytes (29.6%)
(RDMA_READ_CONSUME_CHECK_CONSUMER) timestamp=2051 ms, used_size=12136448 bytes (29.6%)
(RDMA_READ_CONSUME_CHECK_CONSUMER) timestamp=2051 ms, used_size=12134400 bytes (29.6%)
(RDMA_READ_CONSUME_CHECK_CONSUMER) timestamp=2051 ms, used_size=12132352 bytes (29.6%)
(RDMA_READ_CONSUME_CHECK_CONSUMER) timestamp=2051 ms, used_size=12130304 bytes (29.6%)
(RDMA_READ_CONSUME_CHECK_CONSUMER) timestamp=2051 ms, used_size=12128256 bytes (29.6%)
(RDMA_READ_CONSUME_CHECK_CONSUMER) timestamp=2051 ms, used_size=12126208 bytes (29.6%)
(RDMA_READ_CONSUME_CHECK_CONSUMER) timestamp=2051 ms, used_size=12124160 bytes (29.6%)
(RDMA_READ_CONSUME_CHECK_CONSUMER) timestamp=2051 ms, used_size=12122112 bytes (29.6%)
(RDMA_READ_CONSUME_CHECK_CONSUMER) timestamp=2051 ms, used_size=12120064 bytes (29.6%)
(RDMA_READ_CONSUME_CHECK_CONSUMER) timestamp=2051 ms, used_size=12118016 bytes (29.6%)
(RDMA_READ_CONSUME_CHECK_CONSUMER) timestamp=2051 ms, used_size=12115968 bytes (29.6%)
(RDMA_READ_CONSUME_CHECK_CONSUMER) timestamp=2051 ms, used_size=12113920 bytes (29.6%)
(RDMA_READ_CONSUME_CHECK_CONSUMER) timestamp=2051 ms, used_size=12111872 bytes (29.6%)
(RDMA_READ_CONSUME_CHECK_CONSUMER) timestamp=2051 ms, used_size=12109824 bytes (29.6%)
(RDMA_READ_CONSUME_CHECK_CONSUMER) timestamp=2051 ms, used_size=12107776 bytes (29.6%)
(RDMA_READ_CONSUME_CHECK_CONSUMER) timestamp=2051 ms, used_size=12105728 bytes (29.6%)
(RDMA_READ_CONSUME_CHECK_CONSUMER) timestamp=2051 ms, used_size=12103680 bytes (29.6%)
(RDMA_READ_CONSUME_CHECK_CONSUMER) timestamp=2051 ms, used_size=12101632 bytes (29.5%)
(RDMA_READ_CONSUME_CHECK_CONSUMER) timestamp=2051 ms, used_size=12099584 bytes (29.5%)
(RDMA_READ_CONSUME_CHECK_CONSUMER) timestamp=2051 ms, used_size=12097536 bytes (29.5%)
(RDMA_READ_CONSUME_CHECK_CONSUMER) timestamp=2051 ms, used_size=12095488 bytes (29.5%)
(RDMA_READ_CONSUME_CHECK_CONSUMER) timestamp=2051 ms, used_size=12093440 bytes (29.5%)
(RDMA_READ_CONSUME_CHECK_CONSUMER) timestamp=2051 ms, used_size=12091392 bytes (29.5%)
(RDMA_READ_CONSUME_CHECK_CONSUMER) timestamp=2051 ms, used_size=12089344 bytes (29.5%)
(RDMA_READ_CONSUME_CHECK_CONSUMER) timestamp=2051 ms, used_size=12087296 bytes (29.5%)
(RDMA_READ_CONSUME_CHECK_CONSUMER) timestamp=2051 ms, used_size=12085248 bytes (29.5%)
(RDMA_READ_CONSUME_CHECK_CONSUMER) timestamp=2051 ms, used_size=12083200 bytes (29.5%)
(RDMA_READ_CONSUME_CHECK_CONSUMER) timestamp=2051 ms, used_size=12081152 bytes (29.5%)
(RDMA_READ_CONSUME_CHECK_CONSUMER) timestamp=2051 ms, used_size=12079104 bytes (29.5%)
(RDMA_READ_CONSUME_CHECK_CONSUMER) timestamp=2051 ms, used_size=12077056 bytes (29.5%)
(RDMA_READ_CONSUME_CHECK_CONSUMER) timestamp=2051 ms, used_size=12075008 bytes (29.5%)
(RDMA_READ_CONSUME_CHECK_CONSUMER) timestamp=2051 ms, used_size=12072960 bytes (29.5%)
(RDMA_READ_CONSUME_CHECK_CONSUMER) timestamp=2051 ms, used_size=12070912 bytes (29.5%)
(RDMA_READ_CONSUME_CHECK_CONSUMER) timestamp=2051 ms, used_size=12068864 bytes (29.5%)
(RDMA_READ_CONSUME_CHECK_CONSUMER) timestamp=2051 ms, used_size=12066816 bytes (29.5%)
(RDMA_READ_CONSUME_CHECK_CONSUMER) timestamp=2051 ms, used_size=12064768 bytes (29.5%)
(RDMA_READ_CONSUME_CHECK_CONSUMER) timestamp=2051 ms, used_size=12062720 bytes (29.4%)
(RDMA_READ_CONSUME_CHECK_CONSUMER) timestamp=2051 ms, used_size=12060672 bytes (29.4%)
(RDMA_READ_CONSUME_CHECK_CONSUMER) timestamp=2051 ms, used_size=12058624 bytes (29.4%)
(RDMA_READ_CONSUME_CHECK_CONSUMER) timestamp=2051 ms, used_size=12056576 bytes (29.4%)
(RDMA_READ_CONSUME_CHECK_CONSUMER) timestamp=2051 ms, used_size=12054528 bytes (29.4%)
(RDMA_READ_CONSUME_CHECK_CONSUMER) timestamp=2051 ms, used_size=12052480 bytes (29.4%)
(RDMA_READ_CONSUME_CHECK_CONSUMER) timestamp=2051 ms, used_size=12050432 bytes (29.4%)
(RDMA_READ_CONSUME_CHECK_CONSUMER) timestamp=2051 ms, used_size=12048384 bytes (29.4%)
(RDMA_READ_CONSUME_CHECK_CONSUMER) timestamp=2051 ms, used_size=12046336 bytes (29.4%)
(RDMA_READ_CONSUME_CHECK_CONSUMER) timestamp=2051 ms, used_size=12044288 bytes (29.4%)
(RDMA_READ_CONSUME_CHECK_CONSUMER) timestamp=2051 ms, used_size=12042240 bytes (29.4%)
(RDMA_READ_CONSUME_CHECK_CONSUMER) timestamp=2051 ms, used_size=12040192 bytes (29.4%)
(RDMA_READ_CONSUME_CHECK_CONSUMER) timestamp=2051 ms, used_size=12038144 bytes (29.4%)
(RDMA_READ_CONSUME_CHECK_CONSUMER) timestamp=2051 ms, used_size=12036096 bytes (29.4%)
(RDMA_READ_CONSUME_CHECK_CONSUMER) timestamp=2051 ms, used_size=12034048 bytes (29.4%)
(RDMA_READ_CONSUME_CHECK_CONSUMER) timestamp=2051 ms, used_size=12032000 bytes (29.4%)
(RDMA_READ_CONSUME_CHECK_CONSUMER) timestamp=2051 ms, used_size=12029952 bytes (29.4%)
(RDMA_READ_CONSUME_CHECK_CONSUMER) timestamp=2051 ms, used_size=12027904 bytes (29.4%)
(RDMA_READ_CONSUME_CHECK_CONSUMER) timestamp=2051 ms, used_size=12025856 bytes (29.4%)
(RDMA_READ_CONSUME_CHECK_CONSUMER) timestamp=2051 ms, used_size=12023808 bytes (29.4%)
(RDMA_READ_CONSUME_CHECK_CONSUMER) timestamp=2051 ms, used_size=12021760 bytes (29.4%)
(RDMA_READ_CONSUME_CHECK_CONSUMER) timestamp=2051 ms, used_size=12019712 bytes (29.3%)
(RDMA_READ_CONSUME_CHECK_CONSUMER) timestamp=2051 ms, used_size=12017664 bytes (29.3%)
(RDMA_READ_CONSUME_CHECK_CONSUMER) timestamp=2051 ms, used_size=12015616 bytes (29.3%)
(RDMA_READ_CONSUME_CHECK_CONSUMER) timestamp=2051 ms, used_size=12013568 bytes (29.3%)
(RDMA_READ_CONSUME_CHECK_CONSUMER) timestamp=2051 ms, used_size=12011520 bytes (29.3%)
(RDMA_READ_CONSUME_CHECK_CONSUMER) timestamp=2051 ms, used_size=12009472 bytes (29.3%)
(RDMA_READ_CONSUME_CHECK_CONSUMER) timestamp=2051 ms, used_size=12007424 bytes (29.3%)
(RDMA_READ_CONSUME_CHECK_CONSUMER) timestamp=2051 ms, used_size=12005376 bytes (29.3%)
(RDMA_READ_CONSUME_CHECK_CONSUMER) timestamp=2051 ms, used_size=12003328 bytes (29.3%)
(RDMA_READ_CONSUME_CHECK_CONSUMER) timestamp=2051 ms, used_size=12001280 bytes (29.3%)
(RDMA_READ_CONSUME_CHECK_CONSUMER) timestamp=2051 ms, used_size=11999232 bytes (29.3%)
(RDMA_READ_CONSUME_CHECK_CONSUMER) timestamp=2051 ms, used_size=11997184 bytes (29.3%)
(RDMA_READ_CONSUME_CHECK_CONSUMER) timestamp=2051 ms, used_size=11995136 bytes (29.3%)
(RDMA_READ_CONSUME_CHECK_CONSUMER) timestamp=2051 ms, used_size=11993088 bytes (29.3%)
(RDMA_READ_CONSUME_CHECK_CONSUMER) timestamp=2051 ms, used_size=11991040 bytes (29.3%)
(RDMA_READ_CONSUME_CHECK_CONSUMER) timestamp=2051 ms, used_size=11988992 bytes (29.3%)
(RDMA_READ_CONSUME_CHECK_CONSUMER) timestamp=2051 ms, used_size=11986944 bytes (29.3%)
(RDMA_READ_CONSUME_CHECK_CONSUMER) timestamp=2051 ms, used_size=11984896 bytes (29.3%)
(RDMA_READ_CONSUME_CHECK_CONSUMER) timestamp=2051 ms, used_size=11982848 bytes (29.3%)
(RDMA_READ_CONSUME_CHECK_CONSUMER) timestamp=2052 ms, used_size=11980800 bytes (29.2%)
(RDMA_READ_CONSUME_CHECK_CONSUMER) timestamp=2052 ms, used_size=11978752 bytes (29.2%)
(RDMA_READ_CONSUME_CHECK_CONSUMER) timestamp=2052 ms, used_size=11976704 bytes (29.2%)
(RDMA_READ_CONSUME_CHECK_CONSUMER) timestamp=2052 ms, used_size=11974656 bytes (29.2%)
(RDMA_READ_CONSUME_CHECK_CONSUMER) timestamp=2052 ms, used_size=11972608 bytes (29.2%)
(RDMA_READ_CONSUME_CHECK_CONSUMER) timestamp=2052 ms, used_size=11970560 bytes (29.2%)
(RDMA_READ_CONSUME_CHECK_CONSUMER) timestamp=2052 ms, used_size=11968512 bytes (29.2%)
(RDMA_READ_CONSUME_CHECK_CONSUMER) timestamp=2052 ms, used_size=11966464 bytes (29.2%)
(RDMA_READ_CONSUME_CHECK_CONSUMER) timestamp=2052 ms, used_size=11964416 bytes (29.2%)
(RDMA_READ_CONSUME_CHECK_CONSUMER) timestamp=2052 ms, used_size=11962368 bytes (29.2%)
(RDMA_READ_CONSUME_CHECK_CONSUMER) timestamp=2052 ms, used_size=11960320 bytes (29.2%)
(RDMA_READ_CONSUME_CHECK_CONSUMER) timestamp=2052 ms, used_size=11958272 bytes (29.2%)
(RDMA_READ_CONSUME_CHECK_CONSUMER) timestamp=2052 ms, used_size=11956224 bytes (29.2%)
(RDMA_READ_CONSUME_CHECK_CONSUMER) timestamp=2052 ms, used_size=11954176 bytes (29.2%)
(RDMA_READ_CONSUME_CHECK_CONSUMER) timestamp=2052 ms, used_size=11952128 bytes (29.2%)
(RDMA_READ_CONSUME_CHECK_CONSUMER) timestamp=2052 ms, used_size=11950080 bytes (29.2%)
(RDMA_READ_CONSUME_CHECK_CONSUMER) timestamp=2052 ms, used_size=11948032 bytes (29.2%)
(RDMA_READ_CONSUME_CHECK_CONSUMER) timestamp=2052 ms, used_size=11945984 bytes (29.2%)
(RDMA_READ_CONSUME_CHECK_CONSUMER) timestamp=2052 ms, used_size=11943936 bytes (29.2%)
(RDMA_READ_CONSUME_CHECK_CONSUMER) timestamp=2052 ms, used_size=11941888 bytes (29.2%)
(RDMA_READ_CONSUME_CHECK_CONSUMER) timestamp=2052 ms, used_size=11939840 bytes (29.1%)
(RDMA_READ_CONSUME_CHECK_CONSUMER) timestamp=2052 ms, used_size=11937792 bytes (29.1%)
(RDMA_READ_CONSUME_CHECK_CONSUMER) timestamp=2052 ms, used_size=11935744 bytes (29.1%)
(RDMA_READ_CONSUME_CHECK_CONSUMER) timestamp=2052 ms, used_size=11933696 bytes (29.1%)
(RDMA_READ_CONSUME_CHECK_CONSUMER) timestamp=2052 ms, used_size=11931648 bytes (29.1%)
(RDMA_READ_CONSUME_CHECK_CONSUMER) timestamp=2052 ms, used_size=11929600 bytes (29.1%)
(RDMA_READ_CONSUME_CHECK_CONSUMER) timestamp=2052 ms, used_size=11927552 bytes (29.1%)
(RDMA_READ_CONSUME_CHECK_CONSUMER) timestamp=2052 ms, used_size=11925504 bytes (29.1%)
(RDMA_READ_CONSUME_CHECK_CONSUMER) timestamp=2052 ms, used_size=11923456 bytes (29.1%)
(RDMA_READ_CONSUME_CHECK_CONSUMER) timestamp=2052 ms, used_size=11921408 bytes (29.1%)
(RDMA_READ_CONSUME_CHECK_CONSUMER) timestamp=2052 ms, used_size=11919360 bytes (29.1%)
(RDMA_READ_CONSUME_CHECK_CONSUMER) timestamp=2052 ms, used_size=11917312 bytes (29.1%)
(RDMA_READ_CONSUME_CHECK_CONSUMER) timestamp=2052 ms, used_size=11915264 bytes (29.1%)
(RDMA_READ_CONSUME_CHECK_CONSUMER) timestamp=2052 ms, used_size=11913216 bytes (29.1%)
(RDMA_READ_CONSUME_CHECK_CONSUMER) timestamp=2052 ms, used_size=11911168 bytes (29.1%)
(RDMA_READ_CONSUME_CHECK_CONSUMER) timestamp=2052 ms, used_size=11909120 bytes (29.1%)
(RDMA_READ_CONSUME_CHECK_CONSUMER) timestamp=2052 ms, used_size=11907072 bytes (29.1%)
(RDMA_READ_CONSUME_CHECK_CONSUMER) timestamp=2052 ms, used_size=11905024 bytes (29.1%)
(RDMA_READ_CONSUME_CHECK_CONSUMER) timestamp=2052 ms, used_size=11902976 bytes (29.1%)
(RDMA_READ_CONSUME_CHECK_CONSUMER) timestamp=2052 ms, used_size=11900928 bytes (29.1%)
(RDMA_READ_CONSUME_CHECK_CONSUMER) timestamp=2052 ms, used_size=11898880 bytes (29.1%)
(RDMA_READ_CONSUME_CHECK_CONSUMER) timestamp=2052 ms, used_size=11896832 bytes (29.0%)
(RDMA_READ_CONSUME_CHECK_CONSUMER) timestamp=2052 ms, used_size=11894784 bytes (29.0%)
(RDMA_READ_CONSUME_CHECK_CONSUMER) timestamp=2052 ms, used_size=11892736 bytes (29.0%)
(RDMA_READ_CONSUME_CHECK_CONSUMER) timestamp=2052 ms, used_size=11890688 bytes (29.0%)
(RDMA_READ_CONSUME_CHECK_CONSUMER) timestamp=2052 ms, used_size=11888640 bytes (29.0%)
(RDMA_READ_CONSUME_CHECK_CONSUMER) timestamp=2052 ms, used_size=11886592 bytes (29.0%)
(RDMA_READ_CONSUME_CHECK_CONSUMER) timestamp=2052 ms, used_size=11884544 bytes (29.0%)
(RDMA_READ_CONSUME_CHECK_CONSUMER) timestamp=2052 ms, used_size=11882496 bytes (29.0%)
(RDMA_READ_CONSUME_CHECK_CONSUMER) timestamp=2052 ms, used_size=11880448 bytes (29.0%)
(RDMA_READ_CONSUME_CHECK_CONSUMER) timestamp=2052 ms, used_size=11878400 bytes (29.0%)
(RDMA_READ_CONSUME_CHECK_CONSUMER) timestamp=2052 ms, used_size=11876352 bytes (29.0%)
(RDMA_READ_CONSUME_CHECK_CONSUMER) timestamp=2052 ms, used_size=11874304 bytes (29.0%)
(RDMA_READ_CONSUME_CHECK_CONSUMER) timestamp=2052 ms, used_size=11872256 bytes (29.0%)
(RDMA_READ_CONSUME_CHECK_CONSUMER) timestamp=2052 ms, used_size=11870208 bytes (29.0%)
(RDMA_READ_CONSUME_CHECK_CONSUMER) timestamp=2052 ms, used_size=11868160 bytes (29.0%)
(RDMA_READ_CONSUME_CHECK_CONSUMER) timestamp=2052 ms, used_size=11866112 bytes (29.0%)
(RDMA_READ_CONSUME_CHECK_CONSUMER) timestamp=2052 ms, used_size=11864064 bytes (29.0%)
(RDMA_READ_CONSUME_CHECK_CONSUMER) timestamp=2052 ms, used_size=11862016 bytes (29.0%)
(RDMA_READ_CONSUME_CHECK_CONSUMER) timestamp=2052 ms, used_size=11859968 bytes (29.0%)
(RDMA_READ_CONSUME_CHECK_CONSUMER) timestamp=2052 ms, used_size=11857920 bytes (28.9%)
(RDMA_READ_CONSUME_CHECK_CONSUMER) timestamp=2052 ms, used_size=11855872 bytes (28.9%)
(RDMA_READ_CONSUME_CHECK_CONSUMER) timestamp=2052 ms, used_size=11853824 bytes (28.9%)
(RDMA_READ_CONSUME_CHECK_CONSUMER) timestamp=2052 ms, used_size=11851776 bytes (28.9%)
(RDMA_READ_CONSUME_CHECK_CONSUMER) timestamp=2052 ms, used_size=11849728 bytes (28.9%)
(RDMA_READ_CONSUME_CHECK_CONSUMER) timestamp=2052 ms, used_size=11847680 bytes (28.9%)
(RDMA_READ_CONSUME_CHECK_CONSUMER) timestamp=2052 ms, used_size=11845632 bytes (28.9%)
(RDMA_READ_CONSUME_CHECK_CONSUMER) timestamp=2052 ms, used_size=11843584 bytes (28.9%)
(RDMA_READ_CONSUME_CHECK_CONSUMER) timestamp=2052 ms, used_size=11841536 bytes (28.9%)
(RDMA_READ_CONSUME_CHECK_CONSUMER) timestamp=2052 ms, used_size=11839488 bytes (28.9%)
(RDMA_READ_CONSUME_CHECK_CONSUMER) timestamp=2052 ms, used_size=11837440 bytes (28.9%)
(RDMA_READ_CONSUME_CHECK_CONSUMER) timestamp=2052 ms, used_size=11835392 bytes (28.9%)
(RDMA_READ_CONSUME_CHECK_CONSUMER) timestamp=2052 ms, used_size=11833344 bytes (28.9%)
(RDMA_READ_CONSUME_CHECK_CONSUMER) timestamp=2052 ms, used_size=11831296 bytes (28.9%)
(RDMA_READ_CONSUME_CHECK_CONSUMER) timestamp=2052 ms, used_size=11829248 bytes (28.9%)
(RDMA_READ_CONSUME_CHECK_CONSUMER) timestamp=2052 ms, used_size=11827200 bytes (28.9%)
(RDMA_READ_CONSUME_CHECK_CONSUMER) timestamp=2052 ms, used_size=11825152 bytes (28.9%)
(RDMA_READ_CONSUME_CHECK_CONSUMER) timestamp=2052 ms, used_size=11823104 bytes (28.9%)
(RDMA_READ_CONSUME_CHECK_CONSUMER) timestamp=2052 ms, used_size=11821056 bytes (28.9%)
(RDMA_READ_CONSUME_CHECK_CONSUMER) timestamp=2052 ms, used_size=11819008 bytes (28.9%)
(RDMA_READ_CONSUME_CHECK_CONSUMER) timestamp=2052 ms, used_size=11816960 bytes (28.9%)
(RDMA_READ_CONSUME_CHECK_CONSUMER) timestamp=2052 ms, used_size=11814912 bytes (28.8%)
(RDMA_READ_CONSUME_CHECK_CONSUMER) timestamp=2052 ms, used_size=11812864 bytes (28.8%)
(RDMA_READ_CONSUME_CHECK_CONSUMER) timestamp=2052 ms, used_size=11810816 bytes (28.8%)
(RDMA_READ_CONSUME_CHECK_CONSUMER) timestamp=2052 ms, used_size=11808768 bytes (28.8%)
(RDMA_READ_CONSUME_CHECK_CONSUMER) timestamp=2052 ms, used_size=11806720 bytes (28.8%)
(RDMA_READ_CONSUME_CHECK_CONSUMER) timestamp=2052 ms, used_size=11804672 bytes (28.8%)
(RDMA_READ_CONSUME_CHECK_CONSUMER) timestamp=2052 ms, used_size=11802624 bytes (28.8%)
(RDMA_READ_CONSUME_CHECK_CONSUMER) timestamp=2052 ms, used_size=11800576 bytes (28.8%)
(RDMA_READ_CONSUME_CHECK_CONSUMER) timestamp=2052 ms, used_size=11798528 bytes (28.8%)
(RDMA_READ_CONSUME_CHECK_CONSUMER) timestamp=2052 ms, used_size=11796480 bytes (28.8%)
(RDMA_READ_CONSUME_CHECK_CONSUMER) timestamp=2052 ms, used_size=11794432 bytes (28.8%)
(RDMA_READ_CONSUME_CHECK_CONSUMER) timestamp=2052 ms, used_size=11792384 bytes (28.8%)
(RDMA_READ_CONSUME_CHECK_CONSUMER) timestamp=2052 ms, used_size=11790336 bytes (28.8%)
(RDMA_READ_CONSUME_CHECK_CONSUMER) timestamp=2052 ms, used_size=11788288 bytes (28.8%)
(RDMA_READ_CONSUME_CHECK_CONSUMER) timestamp=2052 ms, used_size=11786240 bytes (28.8%)
(RDMA_READ_CONSUME_CHECK_CONSUMER) timestamp=2052 ms, used_size=11784192 bytes (28.8%)
(RDMA_READ_CONSUME_CHECK_CONSUMER) timestamp=2052 ms, used_size=11782144 bytes (28.8%)
(RDMA_READ_CONSUME_CHECK_CONSUMER) timestamp=2052 ms, used_size=11780096 bytes (28.8%)
(RDMA_READ_CONSUME_CHECK_CONSUMER) timestamp=2052 ms, used_size=11778048 bytes (28.8%)
(RDMA_READ_CONSUME_CHECK_CONSUMER) timestamp=2052 ms, used_size=11776000 bytes (28.8%)
(RDMA_READ_CONSUME_CHECK_CONSUMER) timestamp=2052 ms, used_size=11773952 bytes (28.7%)
(RDMA_READ_CONSUME_CHECK_CONSUMER) timestamp=2052 ms, used_size=11771904 bytes (28.7%)
(RDMA_READ_CONSUME_CHECK_CONSUMER) timestamp=2052 ms, used_size=11769856 bytes (28.7%)
(RDMA_READ_CONSUME_CHECK_CONSUMER) timestamp=2052 ms, used_size=11767808 bytes (28.7%)
(RDMA_READ_CONSUME_CHECK_CONSUMER) timestamp=2052 ms, used_size=11765760 bytes (28.7%)
(RDMA_READ_CONSUME_CHECK_CONSUMER) timestamp=2052 ms, used_size=11763712 bytes (28.7%)
(RDMA_READ_CONSUME_CHECK_CONSUMER) timestamp=2052 ms, used_size=11761664 bytes (28.7%)
(RDMA_READ_CONSUME_CHECK_CONSUMER) timestamp=2052 ms, used_size=11759616 bytes (28.7%)
(RDMA_READ_CONSUME_CHECK_CONSUMER) timestamp=2052 ms, used_size=11757568 bytes (28.7%)
(RDMA_READ_CONSUME_CHECK_CONSUMER) timestamp=2052 ms, used_size=11755520 bytes (28.7%)
(RDMA_READ_CONSUME_CHECK_CONSUMER) timestamp=2052 ms, used_size=11753472 bytes (28.7%)
(RDMA_READ_CONSUME_CHECK_CONSUMER) timestamp=2052 ms, used_size=11751424 bytes (28.7%)
(RDMA_READ_CONSUME_CHECK_CONSUMER) timestamp=2052 ms, used_size=11749376 bytes (28.7%)
(RDMA_READ_CONSUME_CHECK_CONSUMER) timestamp=2052 ms, used_size=11747328 bytes (28.7%)
(RDMA_READ_CONSUME_CHECK_CONSUMER) timestamp=2052 ms, used_size=11745280 bytes (28.7%)
(RDMA_READ_CONSUME_CHECK_CONSUMER) timestamp=2052 ms, used_size=11743232 bytes (28.7%)
(RDMA_READ_CONSUME_CHECK_CONSUMER) timestamp=2052 ms, used_size=11741184 bytes (28.7%)
(RDMA_READ_CONSUME_CHECK_CONSUMER) timestamp=2052 ms, used_size=11739136 bytes (28.7%)
(RDMA_READ_CONSUME_CHECK_CONSUMER) timestamp=2052 ms, used_size=11737088 bytes (28.7%)
(RDMA_READ_CONSUME_CHECK_CONSUMER) timestamp=2052 ms, used_size=11735040 bytes (28.6%)
(RDMA_READ_CONSUME_CHECK_CONSUMER) timestamp=2052 ms, used_size=11732992 bytes (28.6%)
(RDMA_READ_CONSUME_CHECK_CONSUMER) timestamp=2052 ms, used_size=11730944 bytes (28.6%)
(RDMA_READ_CONSUME_CHECK_CONSUMER) timestamp=2052 ms, used_size=11728896 bytes (28.6%)
(RDMA_READ_CONSUME_CHECK_CONSUMER) timestamp=2052 ms, used_size=11726848 bytes (28.6%)
(RDMA_READ_CONSUME_CHECK_CONSUMER) timestamp=2052 ms, used_size=11724800 bytes (28.6%)
(RDMA_READ_CONSUME_CHECK_CONSUMER) timestamp=2052 ms, used_size=11722752 bytes (28.6%)
(RDMA_READ_CONSUME_CHECK_CONSUMER) timestamp=2052 ms, used_size=11720704 bytes (28.6%)
(RDMA_READ_CONSUME_CHECK_CONSUMER) timestamp=2052 ms, used_size=11718656 bytes (28.6%)
(RDMA_READ_CONSUME_CHECK_CONSUMER) timestamp=2052 ms, used_size=11716608 bytes (28.6%)
(RDMA_READ_CONSUME_CHECK_CONSUMER) timestamp=2052 ms, used_size=11714560 bytes (28.6%)
(RDMA_READ_CONSUME_CHECK_CONSUMER) timestamp=2052 ms, used_size=11712512 bytes (28.6%)
(RDMA_READ_CONSUME_CHECK_CONSUMER) timestamp=2052 ms, used_size=11710464 bytes (28.6%)
(RDMA_READ_CONSUME_CHECK_CONSUMER) timestamp=2052 ms, used_size=11708416 bytes (28.6%)
(RDMA_READ_CONSUME_CHECK_CONSUMER) timestamp=2052 ms, used_size=11706368 bytes (28.6%)
(RDMA_READ_CONSUME_CHECK_CONSUMER) timestamp=2052 ms, used_size=11704320 bytes (28.6%)
(RDMA_READ_CONSUME_CHECK_CONSUMER) timestamp=2052 ms, used_size=11702272 bytes (28.6%)
(RDMA_READ_CONSUME_CHECK_CONSUMER) timestamp=2052 ms, used_size=11700224 bytes (28.6%)
(RDMA_READ_CONSUME_CHECK_CONSUMER) timestamp=2052 ms, used_size=11698176 bytes (28.6%)
(RDMA_READ_CONSUME_CHECK_CONSUMER) timestamp=2052 ms, used_size=11696128 bytes (28.6%)
(RDMA_READ_CONSUME_CHECK_CONSUMER) timestamp=2052 ms, used_size=11694080 bytes (28.6%)
(RDMA_READ_CONSUME_CHECK_CONSUMER) timestamp=2052 ms, used_size=11692032 bytes (28.5%)
(RDMA_READ_CONSUME_CHECK_CONSUMER) timestamp=2052 ms, used_size=11689984 bytes (28.5%)
(RDMA_READ_CONSUME_CHECK_CONSUMER) timestamp=2052 ms, used_size=11687936 bytes (28.5%)
(RDMA_READ_CONSUME_CHECK_CONSUMER) timestamp=2052 ms, used_size=11685888 bytes (28.5%)
(RDMA_READ_CONSUME_CHECK_CONSUMER) timestamp=2052 ms, used_size=11683840 bytes (28.5%)
(RDMA_READ_CONSUME_CHECK_CONSUMER) timestamp=2052 ms, used_size=11681792 bytes (28.5%)
(RDMA_READ_CONSUME_CHECK_CONSUMER) timestamp=2052 ms, used_size=11679744 bytes (28.5%)
(RDMA_READ_CONSUME_CHECK_CONSUMER) timestamp=2052 ms, used_size=11677696 bytes (28.5%)
(RDMA_READ_CONSUME_CHECK_CONSUMER) timestamp=2052 ms, used_size=11675648 bytes (28.5%)
(RDMA_READ_CONSUME_CHECK_CONSUMER) timestamp=2052 ms, used_size=11673600 bytes (28.5%)
(RDMA_READ_CONSUME_CHECK_CONSUMER) timestamp=2052 ms, used_size=11671552 bytes (28.5%)
(RDMA_READ_CONSUME_CHECK_CONSUMER) timestamp=2052 ms, used_size=11669504 bytes (28.5%)
(RDMA_READ_CONSUME_CHECK_CONSUMER) timestamp=2052 ms, used_size=11667456 bytes (28.5%)
(RDMA_READ_CONSUME_CHECK_CONSUMER) timestamp=2052 ms, used_size=11665408 bytes (28.5%)
(RDMA_READ_CONSUME_CHECK_CONSUMER) timestamp=2052 ms, used_size=11663360 bytes (28.5%)
(RDMA_READ_CONSUME_CHECK_CONSUMER) timestamp=2052 ms, used_size=11661312 bytes (28.5%)
(RDMA_READ_CONSUME_CHECK_CONSUMER) timestamp=2052 ms, used_size=11659264 bytes (28.5%)
(RDMA_READ_CONSUME_CHECK_CONSUMER) timestamp=2052 ms, used_size=11657216 bytes (28.5%)
(RDMA_READ_CONSUME_CHECK_CONSUMER) timestamp=2052 ms, used_size=11655168 bytes (28.5%)
(RDMA_READ_CONSUME_CHECK_CONSUMER) timestamp=2052 ms, used_size=11653120 bytes (28.4%)
(RDMA_READ_CONSUME_CHECK_CONSUMER) timestamp=2052 ms, used_size=11651072 bytes (28.4%)
(RDMA_READ_CONSUME_CHECK_CONSUMER) timestamp=2052 ms, used_size=11649024 bytes (28.4%)
(RDMA_READ_CONSUME_CHECK_CONSUMER) timestamp=2052 ms, used_size=11646976 bytes (28.4%)
(RDMA_READ_CONSUME_CHECK_CONSUMER) timestamp=2052 ms, used_size=11644928 bytes (28.4%)
(RDMA_READ_CONSUME_CHECK_CONSUMER) timestamp=2052 ms, used_size=11642880 bytes (28.4%)
(RDMA_READ_CONSUME_CHECK_CONSUMER) timestamp=2052 ms, used_size=11640832 bytes (28.4%)
(RDMA_READ_CONSUME_CHECK_CONSUMER) timestamp=2052 ms, used_size=11638784 bytes (28.4%)
(RDMA_READ_CONSUME_CHECK_CONSUMER) timestamp=2052 ms, used_size=11636736 bytes (28.4%)
(RDMA_READ_CONSUME_CHECK_CONSUMER) timestamp=2052 ms, used_size=11634688 bytes (28.4%)
(RDMA_READ_CONSUME_CHECK_CONSUMER) timestamp=2052 ms, used_size=11632640 bytes (28.4%)
(RDMA_READ_CONSUME_CHECK_CONSUMER) timestamp=2052 ms, used_size=11630592 bytes (28.4%)
(RDMA_READ_CONSUME_CHECK_CONSUMER) timestamp=2052 ms, used_size=11628544 bytes (28.4%)
(RDMA_READ_CONSUME_CHECK_CONSUMER) timestamp=2052 ms, used_size=11626496 bytes (28.4%)
(RDMA_READ_CONSUME_CHECK_CONSUMER) timestamp=2052 ms, used_size=11624448 bytes (28.4%)
(RDMA_READ_CONSUME_CHECK_CONSUMER) timestamp=2052 ms, used_size=11622400 bytes (28.4%)
(RDMA_READ_CONSUME_CHECK_CONSUMER) timestamp=2052 ms, used_size=11620352 bytes (28.4%)
(RDMA_READ_CONSUME_CHECK_CONSUMER) timestamp=2052 ms, used_size=11618304 bytes (28.4%)
(RDMA_READ_CONSUME_CHECK_CONSUMER) timestamp=2052 ms, used_size=11616256 bytes (28.4%)
(RDMA_READ_CONSUME_CHECK_CONSUMER) timestamp=2052 ms, used_size=11614208 bytes (28.4%)
(RDMA_READ_CONSUME_CHECK_CONSUMER) timestamp=2052 ms, used_size=11612160 bytes (28.4%)
(RDMA_READ_CONSUME_CHECK_CONSUMER) timestamp=2052 ms, used_size=11610112 bytes (28.3%)
(RDMA_READ_CONSUME_CHECK_CONSUMER) timestamp=2052 ms, used_size=11608064 bytes (28.3%)
(RDMA_READ_CONSUME_CHECK_CONSUMER) timestamp=2053 ms, used_size=11606016 bytes (28.3%)
(RDMA_READ_CONSUME_CHECK_CONSUMER) timestamp=2053 ms, used_size=11603968 bytes (28.3%)
(RDMA_READ_CONSUME_CHECK_CONSUMER) timestamp=2053 ms, used_size=11601920 bytes (28.3%)
(RDMA_READ_CONSUME_CHECK_CONSUMER) timestamp=2053 ms, used_size=11599872 bytes (28.3%)
(RDMA_READ_CONSUME_CHECK_CONSUMER) timestamp=2053 ms, used_size=11597824 bytes (28.3%)
(RDMA_READ_CONSUME_CHECK_CONSUMER) timestamp=2053 ms, used_size=11595776 bytes (28.3%)
(RDMA_READ_CONSUME_CHECK_CONSUMER) timestamp=2053 ms, used_size=11593728 bytes (28.3%)
(RDMA_READ_CONSUME_CHECK_CONSUMER) timestamp=2053 ms, used_size=11591680 bytes (28.3%)
(RDMA_READ_CONSUME_CHECK_CONSUMER) timestamp=2053 ms, used_size=11589632 bytes (28.3%)
(RDMA_READ_CONSUME_CHECK_CONSUMER) timestamp=2053 ms, used_size=11587584 bytes (28.3%)
(RDMA_READ_CONSUME_CHECK_CONSUMER) timestamp=2053 ms, used_size=11585536 bytes (28.3%)
(RDMA_READ_CONSUME_CHECK_CONSUMER) timestamp=2053 ms, used_size=11583488 bytes (28.3%)
(RDMA_READ_CONSUME_CHECK_CONSUMER) timestamp=2053 ms, used_size=11581440 bytes (28.3%)
(RDMA_READ_CONSUME_CHECK_CONSUMER) timestamp=2053 ms, used_size=11579392 bytes (28.3%)
(RDMA_READ_CONSUME_CHECK_CONSUMER) timestamp=2053 ms, used_size=11577344 bytes (28.3%)
(RDMA_READ_CONSUME_CHECK_CONSUMER) timestamp=2053 ms, used_size=11575296 bytes (28.3%)
(RDMA_READ_CONSUME_CHECK_CONSUMER) timestamp=2053 ms, used_size=11573248 bytes (28.3%)
(RDMA_READ_CONSUME_CHECK_CONSUMER) timestamp=2053 ms, used_size=11571200 bytes (28.2%)
(RDMA_READ_CONSUME_CHECK_CONSUMER) timestamp=2053 ms, used_size=11569152 bytes (28.2%)
(RDMA_READ_CONSUME_CHECK_CONSUMER) timestamp=2053 ms, used_size=11567104 bytes (28.2%)
(RDMA_READ_CONSUME_CHECK_CONSUMER) timestamp=2053 ms, used_size=11565056 bytes (28.2%)
(RDMA_READ_CONSUME_CHECK_CONSUMER) timestamp=2053 ms, used_size=11563008 bytes (28.2%)
(RDMA_READ_CONSUME_CHECK_CONSUMER) timestamp=2053 ms, used_size=11560960 bytes (28.2%)
(RDMA_READ_CONSUME_CHECK_CONSUMER) timestamp=2053 ms, used_size=11558912 bytes (28.2%)
(RDMA_READ_CONSUME_CHECK_CONSUMER) timestamp=2053 ms, used_size=11556864 bytes (28.2%)
(RDMA_READ_CONSUME_CHECK_CONSUMER) timestamp=2053 ms, used_size=11554816 bytes (28.2%)
(RDMA_READ_CONSUME_CHECK_CONSUMER) timestamp=2053 ms, used_size=11552768 bytes (28.2%)
(RDMA_READ_CONSUME_CHECK_CONSUMER) timestamp=2053 ms, used_size=11550720 bytes (28.2%)
(RDMA_READ_CONSUME_CHECK_CONSUMER) timestamp=2053 ms, used_size=11548672 bytes (28.2%)
(RDMA_READ_CONSUME_CHECK_CONSUMER) timestamp=2053 ms, used_size=11546624 bytes (28.2%)
(RDMA_READ_CONSUME_CHECK_CONSUMER) timestamp=2053 ms, used_size=11544576 bytes (28.2%)
(RDMA_READ_CONSUME_CHECK_CONSUMER) timestamp=2053 ms, used_size=11542528 bytes (28.2%)
(RDMA_READ_CONSUME_CHECK_CONSUMER) timestamp=2053 ms, used_size=11540480 bytes (28.2%)
(RDMA_READ_CONSUME_CHECK_CONSUMER) timestamp=2053 ms, used_size=11538432 bytes (28.2%)
(RDMA_READ_CONSUME_CHECK_CONSUMER) timestamp=2053 ms, used_size=11536384 bytes (28.2%)
(RDMA_READ_CONSUME_CHECK_CONSUMER) timestamp=2053 ms, used_size=11534336 bytes (28.2%)
(RDMA_READ_CONSUME_CHECK_CONSUMER) timestamp=2053 ms, used_size=11532288 bytes (28.2%)
(RDMA_READ_CONSUME_CHECK_CONSUMER) timestamp=2053 ms, used_size=11530240 bytes (28.1%)
(RDMA_READ_CONSUME_CHECK_CONSUMER) timestamp=2053 ms, used_size=11528192 bytes (28.1%)
(RDMA_READ_CONSUME_CHECK_CONSUMER) timestamp=2053 ms, used_size=11526144 bytes (28.1%)
(RDMA_READ_CONSUME_CHECK_CONSUMER) timestamp=2053 ms, used_size=11524096 bytes (28.1%)
(RDMA_READ_CONSUME_CHECK_CONSUMER) timestamp=2053 ms, used_size=11522048 bytes (28.1%)
(RDMA_READ_CONSUME_CHECK_CONSUMER) timestamp=2053 ms, used_size=11520000 bytes (28.1%)
(RDMA_READ_CONSUME_CHECK_CONSUMER) timestamp=2053 ms, used_size=11517952 bytes (28.1%)
(RDMA_READ_CONSUME_CHECK_CONSUMER) timestamp=2053 ms, used_size=11515904 bytes (28.1%)
(RDMA_READ_CONSUME_CHECK_CONSUMER) timestamp=2053 ms, used_size=11513856 bytes (28.1%)
(RDMA_READ_CONSUME_CHECK_CONSUMER) timestamp=2053 ms, used_size=11511808 bytes (28.1%)
(RDMA_READ_CONSUME_CHECK_CONSUMER) timestamp=2053 ms, used_size=11509760 bytes (28.1%)
(RDMA_READ_CONSUME_CHECK_CONSUMER) timestamp=2053 ms, used_size=11507712 bytes (28.1%)
(RDMA_READ_CONSUME_CHECK_CONSUMER) timestamp=2053 ms, used_size=11505664 bytes (28.1%)
(RDMA_READ_CONSUME_CHECK_CONSUMER) timestamp=2053 ms, used_size=11503616 bytes (28.1%)
(RDMA_READ_CONSUME_CHECK_CONSUMER) timestamp=2053 ms, used_size=11501568 bytes (28.1%)
(RDMA_READ_CONSUME_CHECK_CONSUMER) timestamp=2053 ms, used_size=11499520 bytes (28.1%)
(RDMA_READ_CONSUME_CHECK_CONSUMER) timestamp=2053 ms, used_size=11497472 bytes (28.1%)
(RDMA_READ_CONSUME_CHECK_CONSUMER) timestamp=2053 ms, used_size=11495424 bytes (28.1%)
(RDMA_READ_CONSUME_CHECK_CONSUMER) timestamp=2053 ms, used_size=11493376 bytes (28.1%)
(RDMA_READ_CONSUME_CHECK_CONSUMER) timestamp=2053 ms, used_size=11491328 bytes (28.1%)
(RDMA_READ_CONSUME_CHECK_CONSUMER) timestamp=2053 ms, used_size=11489280 bytes (28.1%)
(RDMA_READ_CONSUME_CHECK_CONSUMER) timestamp=2053 ms, used_size=11487232 bytes (28.0%)
(RDMA_READ_CONSUME_CHECK_CONSUMER) timestamp=2053 ms, used_size=11485184 bytes (28.0%)
(RDMA_READ_CONSUME_CHECK_CONSUMER) timestamp=2053 ms, used_size=11483136 bytes (28.0%)
(RDMA_READ_CONSUME_CHECK_CONSUMER) timestamp=2053 ms, used_size=11481088 bytes (28.0%)
(RDMA_READ_CONSUME_CHECK_CONSUMER) timestamp=2053 ms, used_size=11479040 bytes (28.0%)
(RDMA_READ_CONSUME_CHECK_CONSUMER) timestamp=2053 ms, used_size=11476992 bytes (28.0%)
(RDMA_READ_CONSUME_CHECK_CONSUMER) timestamp=2053 ms, used_size=11474944 bytes (28.0%)
(RDMA_READ_CONSUME_CHECK_CONSUMER) timestamp=2053 ms, used_size=11472896 bytes (28.0%)
(RDMA_READ_CONSUME_CHECK_CONSUMER) timestamp=2053 ms, used_size=11470848 bytes (28.0%)
(RDMA_READ_CONSUME_CHECK_CONSUMER) timestamp=2053 ms, used_size=11468800 bytes (28.0%)
(RDMA_READ_CONSUME_CHECK_CONSUMER) timestamp=2053 ms, used_size=11466752 bytes (28.0%)
(RDMA_READ_CONSUME_CHECK_CONSUMER) timestamp=2053 ms, used_size=11464704 bytes (28.0%)
(RDMA_READ_CONSUME_CHECK_CONSUMER) timestamp=2053 ms, used_size=11462656 bytes (28.0%)
(RDMA_READ_CONSUME_CHECK_CONSUMER) timestamp=2053 ms, used_size=11460608 bytes (28.0%)
(RDMA_READ_CONSUME_CHECK_CONSUMER) timestamp=2053 ms, used_size=11458560 bytes (28.0%)
(RDMA_READ_CONSUME_CHECK_CONSUMER) timestamp=2053 ms, used_size=11456512 bytes (28.0%)
(RDMA_READ_CONSUME_CHECK_CONSUMER) timestamp=2053 ms, used_size=11454464 bytes (28.0%)
(RDMA_READ_CONSUME_CHECK_CONSUMER) timestamp=2053 ms, used_size=11452416 bytes (28.0%)
(RDMA_READ_CONSUME_CHECK_CONSUMER) timestamp=2053 ms, used_size=11450368 bytes (28.0%)
(RDMA_READ_CONSUME_CHECK_CONSUMER) timestamp=2053 ms, used_size=11448320 bytes (27.9%)
(RDMA_READ_CONSUME_CHECK_CONSUMER) timestamp=2053 ms, used_size=11446272 bytes (27.9%)
(RDMA_READ_CONSUME_CHECK_CONSUMER) timestamp=2053 ms, used_size=11444224 bytes (27.9%)
(RDMA_READ_CONSUME_CHECK_CONSUMER) timestamp=2053 ms, used_size=11442176 bytes (27.9%)
(RDMA_READ_CONSUME_CHECK_CONSUMER) timestamp=2053 ms, used_size=11440128 bytes (27.9%)
(RDMA_READ_CONSUME_CHECK_CONSUMER) timestamp=2053 ms, used_size=11438080 bytes (27.9%)
(RDMA_READ_CONSUME_CHECK_CONSUMER) timestamp=2053 ms, used_size=11436032 bytes (27.9%)
(RDMA_READ_CONSUME_CHECK_CONSUMER) timestamp=2053 ms, used_size=11433984 bytes (27.9%)
(RDMA_READ_CONSUME_CHECK_CONSUMER) timestamp=2053 ms, used_size=11431936 bytes (27.9%)
(RDMA_READ_CONSUME_CHECK_CONSUMER) timestamp=2053 ms, used_size=11429888 bytes (27.9%)
(RDMA_READ_CONSUME_CHECK_CONSUMER) timestamp=2053 ms, used_size=11427840 bytes (27.9%)
(RDMA_READ_CONSUME_CHECK_CONSUMER) timestamp=2053 ms, used_size=11425792 bytes (27.9%)
(RDMA_READ_CONSUME_CHECK_CONSUMER) timestamp=2053 ms, used_size=11423744 bytes (27.9%)
(RDMA_READ_CONSUME_CHECK_CONSUMER) timestamp=2053 ms, used_size=11421696 bytes (27.9%)
(RDMA_READ_CONSUME_CHECK_CONSUMER) timestamp=2053 ms, used_size=11419648 bytes (27.9%)
(RDMA_READ_CONSUME_CHECK_CONSUMER) timestamp=2053 ms, used_size=11417600 bytes (27.9%)
(RDMA_READ_CONSUME_CHECK_CONSUMER) timestamp=2053 ms, used_size=11415552 bytes (27.9%)
(RDMA_READ_CONSUME_CHECK_CONSUMER) timestamp=2053 ms, used_size=11413504 bytes (27.9%)
(RDMA_READ_CONSUME_CHECK_CONSUMER) timestamp=2053 ms, used_size=11411456 bytes (27.9%)
(RDMA_READ_CONSUME_CHECK_CONSUMER) timestamp=2053 ms, used_size=11409408 bytes (27.9%)
(RDMA_READ_CONSUME_CHECK_CONSUMER) timestamp=2053 ms, used_size=11407360 bytes (27.9%)
(RDMA_READ_CONSUME_CHECK_CONSUMER) timestamp=2053 ms, used_size=11405312 bytes (27.8%)
(RDMA_READ_CONSUME_CHECK_CONSUMER) timestamp=2053 ms, used_size=11403264 bytes (27.8%)
(RDMA_READ_CONSUME_CHECK_CONSUMER) timestamp=2053 ms, used_size=11401216 bytes (27.8%)
(RDMA_READ_CONSUME_CHECK_CONSUMER) timestamp=2053 ms, used_size=11399168 bytes (27.8%)
(RDMA_READ_CONSUME_CHECK_CONSUMER) timestamp=2053 ms, used_size=11397120 bytes (27.8%)
(RDMA_READ_CONSUME_CHECK_CONSUMER) timestamp=2053 ms, used_size=11395072 bytes (27.8%)
(RDMA_READ_CONSUME_CHECK_CONSUMER) timestamp=2053 ms, used_size=11393024 bytes (27.8%)
(RDMA_READ_CONSUME_CHECK_CONSUMER) timestamp=2053 ms, used_size=11390976 bytes (27.8%)
(RDMA_READ_CONSUME_CHECK_CONSUMER) timestamp=2053 ms, used_size=11388928 bytes (27.8%)
(RDMA_READ_CONSUME_CHECK_CONSUMER) timestamp=2053 ms, used_size=11386880 bytes (27.8%)
(RDMA_READ_CONSUME_CHECK_CONSUMER) timestamp=2053 ms, used_size=11384832 bytes (27.8%)
(RDMA_READ_CONSUME_CHECK_CONSUMER) timestamp=2053 ms, used_size=11382784 bytes (27.8%)
(RDMA_READ_CONSUME_CHECK_CONSUMER) timestamp=2053 ms, used_size=11380736 bytes (27.8%)
(RDMA_READ_CONSUME_CHECK_CONSUMER) timestamp=2053 ms, used_size=11378688 bytes (27.8%)
(RDMA_READ_CONSUME_CHECK_CONSUMER) timestamp=2053 ms, used_size=11376640 bytes (27.8%)
(RDMA_READ_CONSUME_CHECK_CONSUMER) timestamp=2053 ms, used_size=11374592 bytes (27.8%)
(RDMA_READ_CONSUME_CHECK_CONSUMER) timestamp=2053 ms, used_size=11372544 bytes (27.8%)
(RDMA_READ_CONSUME_CHECK_CONSUMER) timestamp=2053 ms, used_size=11370496 bytes (27.8%)
(RDMA_READ_CONSUME_CHECK_CONSUMER) timestamp=2053 ms, used_size=11368448 bytes (27.8%)
(RDMA_READ_CONSUME_CHECK_CONSUMER) timestamp=2053 ms, used_size=11366400 bytes (27.8%)
(RDMA_READ_CONSUME_CHECK_CONSUMER) timestamp=2053 ms, used_size=11364352 bytes (27.7%)
(RDMA_READ_CONSUME_CHECK_CONSUMER) timestamp=2053 ms, used_size=11362304 bytes (27.7%)
(RDMA_READ_CONSUME_CHECK_CONSUMER) timestamp=2053 ms, used_size=11360256 bytes (27.7%)
(RDMA_READ_CONSUME_CHECK_CONSUMER) timestamp=2053 ms, used_size=11358208 bytes (27.7%)
(RDMA_READ_CONSUME_CHECK_CONSUMER) timestamp=2053 ms, used_size=11356160 bytes (27.7%)
(RDMA_READ_CONSUME_CHECK_CONSUMER) timestamp=2053 ms, used_size=11354112 bytes (27.7%)
(RDMA_READ_CONSUME_CHECK_CONSUMER) timestamp=2053 ms, used_size=11352064 bytes (27.7%)
(RDMA_READ_CONSUME_CHECK_CONSUMER) timestamp=2053 ms, used_size=11350016 bytes (27.7%)
(RDMA_READ_CONSUME_CHECK_CONSUMER) timestamp=2053 ms, used_size=11347968 bytes (27.7%)
(RDMA_READ_CONSUME_CHECK_CONSUMER) timestamp=2053 ms, used_size=11345920 bytes (27.7%)
(RDMA_READ_CONSUME_CHECK_CONSUMER) timestamp=2053 ms, used_size=11343872 bytes (27.7%)
(RDMA_READ_CONSUME_CHECK_CONSUMER) timestamp=2053 ms, used_size=11341824 bytes (27.7%)
(RDMA_READ_CONSUME_CHECK_CONSUMER) timestamp=2053 ms, used_size=11339776 bytes (27.7%)
(RDMA_READ_CONSUME_CHECK_CONSUMER) timestamp=2053 ms, used_size=11337728 bytes (27.7%)
(RDMA_READ_CONSUME_CHECK_CONSUMER) timestamp=2053 ms, used_size=11335680 bytes (27.7%)
(RDMA_READ_CONSUME_CHECK_CONSUMER) timestamp=2053 ms, used_size=11333632 bytes (27.7%)
(RDMA_READ_CONSUME_CHECK_CONSUMER) timestamp=2053 ms, used_size=11331584 bytes (27.7%)
(RDMA_READ_CONSUME_CHECK_CONSUMER) timestamp=2053 ms, used_size=11329536 bytes (27.7%)
(RDMA_READ_CONSUME_CHECK_CONSUMER) timestamp=2053 ms, used_size=11327488 bytes (27.7%)
(RDMA_READ_CONSUME_CHECK_CONSUMER) timestamp=2053 ms, used_size=11325440 bytes (27.6%)
(RDMA_READ_CONSUME_CHECK_CONSUMER) timestamp=2053 ms, used_size=11323392 bytes (27.6%)
(RDMA_READ_CONSUME_CHECK_CONSUMER) timestamp=2053 ms, used_size=11321344 bytes (27.6%)
(RDMA_READ_CONSUME_CHECK_CONSUMER) timestamp=2053 ms, used_size=11319296 bytes (27.6%)
(RDMA_READ_CONSUME_CHECK_CONSUMER) timestamp=2053 ms, used_size=11317248 bytes (27.6%)
(RDMA_READ_CONSUME_CHECK_CONSUMER) timestamp=2053 ms, used_size=11315200 bytes (27.6%)
(RDMA_READ_CONSUME_CHECK_CONSUMER) timestamp=2053 ms, used_size=11313152 bytes (27.6%)
(RDMA_READ_CONSUME_CHECK_CONSUMER) timestamp=2053 ms, used_size=11311104 bytes (27.6%)
(RDMA_READ_CONSUME_CHECK_CONSUMER) timestamp=2053 ms, used_size=11309056 bytes (27.6%)
(RDMA_READ_CONSUME_CHECK_CONSUMER) timestamp=2053 ms, used_size=11307008 bytes (27.6%)
(RDMA_READ_CONSUME_CHECK_CONSUMER) timestamp=2053 ms, used_size=11304960 bytes (27.6%)
(RDMA_READ_CONSUME_CHECK_CONSUMER) timestamp=2053 ms, used_size=11302912 bytes (27.6%)
(RDMA_READ_CONSUME_CHECK_CONSUMER) timestamp=2053 ms, used_size=11300864 bytes (27.6%)
(RDMA_READ_CONSUME_CHECK_CONSUMER) timestamp=2053 ms, used_size=11298816 bytes (27.6%)
(RDMA_READ_CONSUME_CHECK_CONSUMER) timestamp=2053 ms, used_size=11296768 bytes (27.6%)
(RDMA_READ_CONSUME_CHECK_CONSUMER) timestamp=2053 ms, used_size=11294720 bytes (27.6%)
(RDMA_READ_CONSUME_CHECK_CONSUMER) timestamp=2053 ms, used_size=11292672 bytes (27.6%)
(RDMA_READ_CONSUME_CHECK_CONSUMER) timestamp=2053 ms, used_size=11290624 bytes (27.6%)
(RDMA_READ_CONSUME_CHECK_CONSUMER) timestamp=2053 ms, used_size=11288576 bytes (27.6%)
(RDMA_READ_CONSUME_CHECK_CONSUMER) timestamp=2053 ms, used_size=11286528 bytes (27.6%)
(RDMA_READ_CONSUME_CHECK_CONSUMER) timestamp=2053 ms, used_size=11284480 bytes (27.6%)
(RDMA_READ_CONSUME_CHECK_CONSUMER) timestamp=2053 ms, used_size=11282432 bytes (27.5%)
(RDMA_READ_CONSUME_CHECK_CONSUMER) timestamp=2053 ms, used_size=11280384 bytes (27.5%)
(RDMA_READ_CONSUME_CHECK_CONSUMER) timestamp=2053 ms, used_size=11278336 bytes (27.5%)
(RDMA_READ_CONSUME_CHECK_CONSUMER) timestamp=2053 ms, used_size=11276288 bytes (27.5%)
(RDMA_READ_CONSUME_CHECK_CONSUMER) timestamp=2053 ms, used_size=11274240 bytes (27.5%)
(RDMA_READ_CONSUME_CHECK_CONSUMER) timestamp=2053 ms, used_size=11272192 bytes (27.5%)
(RDMA_READ_CONSUME_CHECK_CONSUMER) timestamp=2053 ms, used_size=11270144 bytes (27.5%)
(RDMA_READ_CONSUME_CHECK_CONSUMER) timestamp=2053 ms, used_size=11268096 bytes (27.5%)
(RDMA_READ_CONSUME_CHECK_CONSUMER) timestamp=2053 ms, used_size=11266048 bytes (27.5%)
(RDMA_READ_CONSUME_CHECK_CONSUMER) timestamp=2053 ms, used_size=11264000 bytes (27.5%)
(RDMA_READ_CONSUME_CHECK_CONSUMER) timestamp=2053 ms, used_size=11261952 bytes (27.5%)
(RDMA_READ_CONSUME_CHECK_CONSUMER) timestamp=2053 ms, used_size=11259904 bytes (27.5%)
(RDMA_READ_CONSUME_CHECK_CONSUMER) timestamp=2053 ms, used_size=11257856 bytes (27.5%)
(RDMA_READ_CONSUME_CHECK_CONSUMER) timestamp=2053 ms, used_size=11255808 bytes (27.5%)
(RDMA_READ_CONSUME_CHECK_CONSUMER) timestamp=2053 ms, used_size=11253760 bytes (27.5%)
(RDMA_READ_CONSUME_CHECK_CONSUMER) timestamp=2053 ms, used_size=11251712 bytes (27.5%)
(RDMA_READ_CONSUME_CHECK_CONSUMER) timestamp=2053 ms, used_size=11249664 bytes (27.5%)
(RDMA_READ_CONSUME_CHECK_CONSUMER) timestamp=2053 ms, used_size=11247616 bytes (27.5%)
(RDMA_READ_CONSUME_CHECK_CONSUMER) timestamp=2053 ms, used_size=11245568 bytes (27.5%)
(RDMA_READ_CONSUME_CHECK_CONSUMER) timestamp=2053 ms, used_size=11243520 bytes (27.4%)
(RDMA_READ_CONSUME_CHECK_CONSUMER) timestamp=2053 ms, used_size=11241472 bytes (27.4%)
(RDMA_READ_CONSUME_CHECK_CONSUMER) timestamp=2054 ms, used_size=11239424 bytes (27.4%)
(RDMA_READ_CONSUME_CHECK_CONSUMER) timestamp=2054 ms, used_size=11237376 bytes (27.4%)
(RDMA_READ_CONSUME_CHECK_CONSUMER) timestamp=2054 ms, used_size=11235328 bytes (27.4%)
(RDMA_READ_CONSUME_CHECK_CONSUMER) timestamp=2054 ms, used_size=11233280 bytes (27.4%)
(RDMA_READ_CONSUME_CHECK_CONSUMER) timestamp=2054 ms, used_size=11231232 bytes (27.4%)
(RDMA_READ_CONSUME_CHECK_CONSUMER) timestamp=2054 ms, used_size=11229184 bytes (27.4%)
(RDMA_READ_CONSUME_CHECK_CONSUMER) timestamp=2054 ms, used_size=11227136 bytes (27.4%)
(RDMA_READ_CONSUME_CHECK_CONSUMER) timestamp=2054 ms, used_size=11225088 bytes (27.4%)
(RDMA_READ_CONSUME_CHECK_CONSUMER) timestamp=2054 ms, used_size=11223040 bytes (27.4%)
(RDMA_READ_CONSUME_CHECK_CONSUMER) timestamp=2054 ms, used_size=11220992 bytes (27.4%)
(RDMA_READ_CONSUME_CHECK_CONSUMER) timestamp=2054 ms, used_size=11218944 bytes (27.4%)
(RDMA_READ_CONSUME_CHECK_CONSUMER) timestamp=2054 ms, used_size=11216896 bytes (27.4%)
(RDMA_READ_CONSUME_CHECK_CONSUMER) timestamp=2054 ms, used_size=11214848 bytes (27.4%)
(RDMA_READ_CONSUME_CHECK_CONSUMER) timestamp=2054 ms, used_size=11212800 bytes (27.4%)
(RDMA_READ_CONSUME_CHECK_CONSUMER) timestamp=2054 ms, used_size=11210752 bytes (27.4%)
(RDMA_READ_CONSUME_CHECK_CONSUMER) timestamp=2054 ms, used_size=11208704 bytes (27.4%)
(RDMA_READ_CONSUME_CHECK_CONSUMER) timestamp=2054 ms, used_size=11206656 bytes (27.4%)
(RDMA_READ_CONSUME_CHECK_CONSUMER) timestamp=2054 ms, used_size=11204608 bytes (27.4%)
(RDMA_READ_CONSUME_CHECK_CONSUMER) timestamp=2054 ms, used_size=11202560 bytes (27.4%)
(RDMA_READ_CONSUME_CHECK_CONSUMER) timestamp=2054 ms, used_size=11200512 bytes (27.3%)
(RDMA_READ_CONSUME_CHECK_CONSUMER) timestamp=2054 ms, used_size=11198464 bytes (27.3%)
(RDMA_READ_CONSUME_CHECK_CONSUMER) timestamp=2054 ms, used_size=11196416 bytes (27.3%)
(RDMA_READ_CONSUME_CHECK_CONSUMER) timestamp=2054 ms, used_size=11194368 bytes (27.3%)
(RDMA_READ_CONSUME_CHECK_CONSUMER) timestamp=2054 ms, used_size=11192320 bytes (27.3%)
(RDMA_READ_CONSUME_CHECK_CONSUMER) timestamp=2054 ms, used_size=11190272 bytes (27.3%)
(RDMA_READ_CONSUME_CHECK_CONSUMER) timestamp=2054 ms, used_size=11188224 bytes (27.3%)
(RDMA_READ_CONSUME_CHECK_CONSUMER) timestamp=2054 ms, used_size=11186176 bytes (27.3%)
(RDMA_READ_CONSUME_CHECK_CONSUMER) timestamp=2054 ms, used_size=11184128 bytes (27.3%)
(RDMA_READ_CONSUME_CHECK_CONSUMER) timestamp=2054 ms, used_size=11182080 bytes (27.3%)
(RDMA_READ_CONSUME_CHECK_CONSUMER) timestamp=2054 ms, used_size=11180032 bytes (27.3%)
(RDMA_READ_CONSUME_CHECK_CONSUMER) timestamp=2054 ms, used_size=11177984 bytes (27.3%)
(RDMA_READ_CONSUME_CHECK_CONSUMER) timestamp=2054 ms, used_size=11175936 bytes (27.3%)
(RDMA_READ_CONSUME_CHECK_CONSUMER) timestamp=2054 ms, used_size=11173888 bytes (27.3%)
(RDMA_READ_CONSUME_CHECK_CONSUMER) timestamp=2054 ms, used_size=11171840 bytes (27.3%)
(RDMA_READ_CONSUME_CHECK_CONSUMER) timestamp=2054 ms, used_size=11169792 bytes (27.3%)
(RDMA_READ_CONSUME_CHECK_CONSUMER) timestamp=2054 ms, used_size=11167744 bytes (27.3%)
(RDMA_READ_CONSUME_CHECK_CONSUMER) timestamp=2054 ms, used_size=11165696 bytes (27.3%)
(RDMA_READ_CONSUME_CHECK_CONSUMER) timestamp=2054 ms, used_size=11163648 bytes (27.3%)
(RDMA_READ_CONSUME_CHECK_CONSUMER) timestamp=2054 ms, used_size=11161600 bytes (27.2%)
(RDMA_READ_CONSUME_CHECK_CONSUMER) timestamp=2054 ms, used_size=11159552 bytes (27.2%)
(RDMA_READ_CONSUME_CHECK_CONSUMER) timestamp=2054 ms, used_size=11157504 bytes (27.2%)
(RDMA_READ_CONSUME_CHECK_CONSUMER) timestamp=2054 ms, used_size=11155456 bytes (27.2%)
(RDMA_READ_CONSUME_CHECK_CONSUMER) timestamp=2054 ms, used_size=11153408 bytes (27.2%)
(RDMA_READ_CONSUME_CHECK_CONSUMER) timestamp=2054 ms, used_size=11151360 bytes (27.2%)
(RDMA_READ_CONSUME_CHECK_CONSUMER) timestamp=2054 ms, used_size=11149312 bytes (27.2%)
(RDMA_READ_CONSUME_CHECK_CONSUMER) timestamp=2054 ms, used_size=11147264 bytes (27.2%)
(RDMA_READ_CONSUME_CHECK_CONSUMER) timestamp=2054 ms, used_size=11145216 bytes (27.2%)
(RDMA_READ_CONSUME_CHECK_CONSUMER) timestamp=2054 ms, used_size=11143168 bytes (27.2%)
(RDMA_READ_CONSUME_CHECK_CONSUMER) timestamp=2054 ms, used_size=11141120 bytes (27.2%)
(RDMA_READ_CONSUME_CHECK_CONSUMER) timestamp=2054 ms, used_size=11139072 bytes (27.2%)
(RDMA_READ_CONSUME_CHECK_CONSUMER) timestamp=2054 ms, used_size=11137024 bytes (27.2%)
(RDMA_READ_CONSUME_CHECK_CONSUMER) timestamp=2054 ms, used_size=11134976 bytes (27.2%)
(RDMA_READ_CONSUME_CHECK_CONSUMER) timestamp=2054 ms, used_size=11132928 bytes (27.2%)
(RDMA_READ_CONSUME_CHECK_CONSUMER) timestamp=2054 ms, used_size=11130880 bytes (27.2%)
(RDMA_READ_CONSUME_CHECK_CONSUMER) timestamp=2054 ms, used_size=11128832 bytes (27.2%)
(RDMA_READ_CONSUME_CHECK_CONSUMER) timestamp=2054 ms, used_size=11126784 bytes (27.2%)
(RDMA_READ_CONSUME_CHECK_CONSUMER) timestamp=2054 ms, used_size=11124736 bytes (27.2%)
(RDMA_READ_CONSUME_CHECK_CONSUMER) timestamp=2054 ms, used_size=11122688 bytes (27.2%)
(RDMA_READ_CONSUME_CHECK_CONSUMER) timestamp=2054 ms, used_size=11120640 bytes (27.1%)
(RDMA_READ_CONSUME_CHECK_CONSUMER) timestamp=2054 ms, used_size=11118592 bytes (27.1%)
(RDMA_READ_CONSUME_CHECK_CONSUMER) timestamp=2054 ms, used_size=11116544 bytes (27.1%)
(RDMA_READ_CONSUME_CHECK_CONSUMER) timestamp=2054 ms, used_size=11114496 bytes (27.1%)
(RDMA_READ_CONSUME_CHECK_CONSUMER) timestamp=2054 ms, used_size=11112448 bytes (27.1%)
(RDMA_READ_CONSUME_CHECK_CONSUMER) timestamp=2054 ms, used_size=11110400 bytes (27.1%)
(RDMA_READ_CONSUME_CHECK_CONSUMER) timestamp=2054 ms, used_size=11108352 bytes (27.1%)
(RDMA_READ_CONSUME_CHECK_CONSUMER) timestamp=2054 ms, used_size=11106304 bytes (27.1%)
(RDMA_READ_CONSUME_CHECK_CONSUMER) timestamp=2054 ms, used_size=11104256 bytes (27.1%)
(RDMA_READ_CONSUME_CHECK_CONSUMER) timestamp=2054 ms, used_size=11102208 bytes (27.1%)
(RDMA_READ_CONSUME_CHECK_CONSUMER) timestamp=2054 ms, used_size=11100160 bytes (27.1%)
(RDMA_READ_CONSUME_CHECK_CONSUMER) timestamp=2054 ms, used_size=11098112 bytes (27.1%)
(RDMA_READ_CONSUME_CHECK_CONSUMER) timestamp=2054 ms, used_size=11096064 bytes (27.1%)
(RDMA_READ_CONSUME_CHECK_CONSUMER) timestamp=2054 ms, used_size=11094016 bytes (27.1%)
(RDMA_READ_CONSUME_CHECK_CONSUMER) timestamp=2054 ms, used_size=11091968 bytes (27.1%)
(RDMA_READ_CONSUME_CHECK_CONSUMER) timestamp=2054 ms, used_size=11089920 bytes (27.1%)
(RDMA_READ_CONSUME_CHECK_CONSUMER) timestamp=2054 ms, used_size=11087872 bytes (27.1%)
(RDMA_READ_CONSUME_CHECK_CONSUMER) timestamp=2054 ms, used_size=11085824 bytes (27.1%)
(RDMA_READ_CONSUME_CHECK_CONSUMER) timestamp=2054 ms, used_size=11083776 bytes (27.1%)
(RDMA_READ_CONSUME_CHECK_CONSUMER) timestamp=2054 ms, used_size=11081728 bytes (27.1%)
(RDMA_READ_CONSUME_CHECK_CONSUMER) timestamp=2054 ms, used_size=11079680 bytes (27.1%)
(RDMA_READ_CONSUME_CHECK_CONSUMER) timestamp=2054 ms, used_size=11077632 bytes (27.0%)
(RDMA_READ_CONSUME_CHECK_CONSUMER) timestamp=2054 ms, used_size=11075584 bytes (27.0%)
(RDMA_READ_CONSUME_CHECK_CONSUMER) timestamp=2054 ms, used_size=11073536 bytes (27.0%)
(RDMA_READ_CONSUME_CHECK_CONSUMER) timestamp=2054 ms, used_size=11071488 bytes (27.0%)
(RDMA_READ_CONSUME_CHECK_CONSUMER) timestamp=2054 ms, used_size=11069440 bytes (27.0%)
(RDMA_READ_CONSUME_CHECK_CONSUMER) timestamp=2054 ms, used_size=11067392 bytes (27.0%)
(RDMA_READ_CONSUME_CHECK_CONSUMER) timestamp=2054 ms, used_size=11065344 bytes (27.0%)
(RDMA_READ_CONSUME_CHECK_CONSUMER) timestamp=2054 ms, used_size=11063296 bytes (27.0%)
(RDMA_READ_CONSUME_CHECK_CONSUMER) timestamp=2054 ms, used_size=11061248 bytes (27.0%)
(RDMA_READ_CONSUME_CHECK_CONSUMER) timestamp=2054 ms, used_size=11059200 bytes (27.0%)
(RDMA_READ_CONSUME_CHECK_CONSUMER) timestamp=2054 ms, used_size=11057152 bytes (27.0%)
(RDMA_READ_CONSUME_CHECK_CONSUMER) timestamp=2054 ms, used_size=11055104 bytes (27.0%)
(RDMA_READ_CONSUME_CHECK_CONSUMER) timestamp=2054 ms, used_size=11053056 bytes (27.0%)
(RDMA_READ_CONSUME_CHECK_CONSUMER) timestamp=2054 ms, used_size=11051008 bytes (27.0%)
(RDMA_READ_CONSUME_CHECK_CONSUMER) timestamp=2054 ms, used_size=11048960 bytes (27.0%)
(RDMA_READ_CONSUME_CHECK_CONSUMER) timestamp=2054 ms, used_size=11046912 bytes (27.0%)
(RDMA_READ_CONSUME_CHECK_CONSUMER) timestamp=2054 ms, used_size=11044864 bytes (27.0%)
(RDMA_READ_CONSUME_CHECK_CONSUMER) timestamp=2054 ms, used_size=11042816 bytes (27.0%)
(RDMA_READ_CONSUME_CHECK_CONSUMER) timestamp=2054 ms, used_size=11040768 bytes (27.0%)
(RDMA_READ_CONSUME_CHECK_CONSUMER) timestamp=2054 ms, used_size=11038720 bytes (26.9%)
(RDMA_READ_CONSUME_CHECK_CONSUMER) timestamp=2054 ms, used_size=11036672 bytes (26.9%)
(RDMA_READ_CONSUME_CHECK_CONSUMER) timestamp=2054 ms, used_size=11034624 bytes (26.9%)
(RDMA_READ_CONSUME_CHECK_CONSUMER) timestamp=2054 ms, used_size=11032576 bytes (26.9%)
(RDMA_READ_CONSUME_CHECK_CONSUMER) timestamp=2054 ms, used_size=11030528 bytes (26.9%)
(RDMA_READ_CONSUME_CHECK_CONSUMER) timestamp=2054 ms, used_size=11028480 bytes (26.9%)
(RDMA_READ_CONSUME_CHECK_CONSUMER) timestamp=2054 ms, used_size=11026432 bytes (26.9%)
(RDMA_READ_CONSUME_CHECK_CONSUMER) timestamp=2054 ms, used_size=11024384 bytes (26.9%)
(RDMA_READ_CONSUME_CHECK_CONSUMER) timestamp=2054 ms, used_size=11022336 bytes (26.9%)
(RDMA_READ_CONSUME_CHECK_CONSUMER) timestamp=2054 ms, used_size=11020288 bytes (26.9%)
(RDMA_READ_CONSUME_CHECK_CONSUMER) timestamp=2054 ms, used_size=11018240 bytes (26.9%)
(RDMA_READ_CONSUME_CHECK_CONSUMER) timestamp=2054 ms, used_size=11016192 bytes (26.9%)
(RDMA_READ_CONSUME_CHECK_CONSUMER) timestamp=2054 ms, used_size=11014144 bytes (26.9%)
(RDMA_READ_CONSUME_CHECK_CONSUMER) timestamp=2054 ms, used_size=11012096 bytes (26.9%)
(RDMA_READ_CONSUME_CHECK_CONSUMER) timestamp=2054 ms, used_size=11010048 bytes (26.9%)
(RDMA_READ_CONSUME_CHECK_CONSUMER) timestamp=2054 ms, used_size=11008000 bytes (26.9%)
(RDMA_READ_CONSUME_CHECK_CONSUMER) timestamp=2054 ms, used_size=11005952 bytes (26.9%)
(RDMA_READ_CONSUME_CHECK_CONSUMER) timestamp=2054 ms, used_size=11003904 bytes (26.9%)
(RDMA_READ_CONSUME_CHECK_CONSUMER) timestamp=2054 ms, used_size=11001856 bytes (26.9%)
(RDMA_READ_CONSUME_CHECK_CONSUMER) timestamp=2054 ms, used_size=10999808 bytes (26.9%)
(RDMA_READ_CONSUME_CHECK_CONSUMER) timestamp=2054 ms, used_size=10997760 bytes (26.9%)
(RDMA_READ_CONSUME_CHECK_CONSUMER) timestamp=2054 ms, used_size=10995712 bytes (26.8%)
(RDMA_READ_CONSUME_CHECK_CONSUMER) timestamp=2054 ms, used_size=10993664 bytes (26.8%)
(RDMA_READ_CONSUME_CHECK_CONSUMER) timestamp=2054 ms, used_size=10991616 bytes (26.8%)
(RDMA_READ_CONSUME_CHECK_CONSUMER) timestamp=2054 ms, used_size=10989568 bytes (26.8%)
(RDMA_READ_CONSUME_CHECK_CONSUMER) timestamp=2054 ms, used_size=10987520 bytes (26.8%)
(RDMA_READ_CONSUME_CHECK_CONSUMER) timestamp=2054 ms, used_size=10985472 bytes (26.8%)
(RDMA_READ_CONSUME_CHECK_CONSUMER) timestamp=2054 ms, used_size=10983424 bytes (26.8%)
(RDMA_READ_CONSUME_CHECK_CONSUMER) timestamp=2054 ms, used_size=10981376 bytes (26.8%)
(RDMA_READ_CONSUME_CHECK_CONSUMER) timestamp=2054 ms, used_size=10979328 bytes (26.8%)
(RDMA_READ_CONSUME_CHECK_CONSUMER) timestamp=2054 ms, used_size=10977280 bytes (26.8%)
(RDMA_READ_CONSUME_CHECK_CONSUMER) timestamp=2054 ms, used_size=10975232 bytes (26.8%)
(RDMA_READ_CONSUME_CHECK_CONSUMER) timestamp=2054 ms, used_size=10973184 bytes (26.8%)
(RDMA_READ_CONSUME_CHECK_CONSUMER) timestamp=2054 ms, used_size=10971136 bytes (26.8%)
(RDMA_READ_CONSUME_CHECK_CONSUMER) timestamp=2054 ms, used_size=10969088 bytes (26.8%)
(RDMA_READ_CONSUME_CHECK_CONSUMER) timestamp=2054 ms, used_size=10967040 bytes (26.8%)
(RDMA_READ_CONSUME_CHECK_CONSUMER) timestamp=2054 ms, used_size=10964992 bytes (26.8%)
(RDMA_READ_CONSUME_CHECK_CONSUMER) timestamp=2054 ms, used_size=10962944 bytes (26.8%)
(RDMA_READ_CONSUME_CHECK_CONSUMER) timestamp=2054 ms, used_size=10960896 bytes (26.8%)
(RDMA_READ_CONSUME_CHECK_CONSUMER) timestamp=2054 ms, used_size=10958848 bytes (26.8%)
(RDMA_READ_CONSUME_CHECK_CONSUMER) timestamp=2054 ms, used_size=10956800 bytes (26.8%)
(RDMA_READ_CONSUME_CHECK_CONSUMER) timestamp=2054 ms, used_size=10954752 bytes (26.7%)
(RDMA_READ_CONSUME_CHECK_CONSUMER) timestamp=2054 ms, used_size=10952704 bytes (26.7%)
(RDMA_READ_CONSUME_CHECK_CONSUMER) timestamp=2054 ms, used_size=10950656 bytes (26.7%)
(RDMA_READ_CONSUME_CHECK_CONSUMER) timestamp=2054 ms, used_size=10948608 bytes (26.7%)
(RDMA_READ_CONSUME_CHECK_CONSUMER) timestamp=2054 ms, used_size=10946560 bytes (26.7%)
(RDMA_READ_CONSUME_CHECK_CONSUMER) timestamp=2054 ms, used_size=10944512 bytes (26.7%)
(RDMA_READ_CONSUME_CHECK_CONSUMER) timestamp=2054 ms, used_size=10942464 bytes (26.7%)
(RDMA_READ_CONSUME_CHECK_CONSUMER) timestamp=2054 ms, used_size=10940416 bytes (26.7%)
(RDMA_READ_CONSUME_CHECK_CONSUMER) timestamp=2054 ms, used_size=10938368 bytes (26.7%)
(RDMA_READ_CONSUME_CHECK_CONSUMER) timestamp=2054 ms, used_size=10936320 bytes (26.7%)
(RDMA_READ_CONSUME_CHECK_CONSUMER) timestamp=2054 ms, used_size=10934272 bytes (26.7%)
(RDMA_READ_CONSUME_CHECK_CONSUMER) timestamp=2054 ms, used_size=10932224 bytes (26.7%)
(RDMA_READ_CONSUME_CHECK_CONSUMER) timestamp=2054 ms, used_size=10930176 bytes (26.7%)
(RDMA_READ_CONSUME_CHECK_CONSUMER) timestamp=2054 ms, used_size=10928128 bytes (26.7%)
(RDMA_READ_CONSUME_CHECK_CONSUMER) timestamp=2054 ms, used_size=10926080 bytes (26.7%)
(RDMA_READ_CONSUME_CHECK_CONSUMER) timestamp=2054 ms, used_size=10924032 bytes (26.7%)
(RDMA_READ_CONSUME_CHECK_CONSUMER) timestamp=2054 ms, used_size=10921984 bytes (26.7%)
(RDMA_READ_CONSUME_CHECK_CONSUMER) timestamp=2054 ms, used_size=10919936 bytes (26.7%)
(RDMA_READ_CONSUME_CHECK_CONSUMER) timestamp=2054 ms, used_size=10917888 bytes (26.7%)
(RDMA_READ_CONSUME_CHECK_CONSUMER) timestamp=2054 ms, used_size=10915840 bytes (26.6%)
(RDMA_READ_CONSUME_CHECK_CONSUMER) timestamp=2054 ms, used_size=10913792 bytes (26.6%)
(RDMA_READ_CONSUME_CHECK_CONSUMER) timestamp=2054 ms, used_size=10911744 bytes (26.6%)
(RDMA_READ_CONSUME_CHECK_CONSUMER) timestamp=2054 ms, used_size=10909696 bytes (26.6%)
(RDMA_READ_CONSUME_CHECK_CONSUMER) timestamp=2054 ms, used_size=10907648 bytes (26.6%)
(RDMA_READ_CONSUME_CHECK_CONSUMER) timestamp=2054 ms, used_size=10905600 bytes (26.6%)
(RDMA_READ_CONSUME_CHECK_CONSUMER) timestamp=2054 ms, used_size=10903552 bytes (26.6%)
(RDMA_READ_CONSUME_CHECK_CONSUMER) timestamp=2054 ms, used_size=10901504 bytes (26.6%)
(RDMA_READ_CONSUME_CHECK_CONSUMER) timestamp=2054 ms, used_size=10899456 bytes (26.6%)
(RDMA_READ_CONSUME_CHECK_CONSUMER) timestamp=2054 ms, used_size=10897408 bytes (26.6%)
(RDMA_READ_CONSUME_CHECK_CONSUMER) timestamp=2054 ms, used_size=10895360 bytes (26.6%)
(RDMA_READ_CONSUME_CHECK_CONSUMER) timestamp=2054 ms, used_size=10893312 bytes (26.6%)
(RDMA_READ_CONSUME_CHECK_CONSUMER) timestamp=2054 ms, used_size=10891264 bytes (26.6%)
(RDMA_READ_CONSUME_CHECK_CONSUMER) timestamp=2054 ms, used_size=10889216 bytes (26.6%)
(RDMA_READ_CONSUME_CHECK_CONSUMER) timestamp=2054 ms, used_size=10887168 bytes (26.6%)
(RDMA_READ_CONSUME_CHECK_CONSUMER) timestamp=2054 ms, used_size=10885120 bytes (26.6%)
(RDMA_READ_CONSUME_CHECK_CONSUMER) timestamp=2054 ms, used_size=10883072 bytes (26.6%)
(RDMA_READ_CONSUME_CHECK_CONSUMER) timestamp=2054 ms, used_size=10881024 bytes (26.6%)
(RDMA_READ_CONSUME_CHECK_CONSUMER) timestamp=2054 ms, used_size=10878976 bytes (26.6%)
(RDMA_READ_CONSUME_CHECK_CONSUMER) timestamp=2054 ms, used_size=10876928 bytes (26.6%)
(RDMA_READ_CONSUME_CHECK_CONSUMER) timestamp=2054 ms, used_size=10874880 bytes (26.6%)
(RDMA_READ_CONSUME_CHECK_CONSUMER) timestamp=2054 ms, used_size=10872832 bytes (26.5%)
(RDMA_READ_CONSUME_CHECK_CONSUMER) timestamp=2054 ms, used_size=10870784 bytes (26.5%)
(RDMA_READ_CONSUME_CHECK_CONSUMER) timestamp=2054 ms, used_size=10868736 bytes (26.5%)
(RDMA_READ_CONSUME_CHECK_CONSUMER) timestamp=2054 ms, used_size=10866688 bytes (26.5%)
(RDMA_READ_CONSUME_CHECK_CONSUMER) timestamp=2055 ms, used_size=10864640 bytes (26.5%)
(RDMA_READ_CONSUME_CHECK_CONSUMER) timestamp=2055 ms, used_size=10862592 bytes (26.5%)
(RDMA_READ_CONSUME_CHECK_CONSUMER) timestamp=2055 ms, used_size=10860544 bytes (26.5%)
(RDMA_READ_CONSUME_CHECK_CONSUMER) timestamp=2055 ms, used_size=10858496 bytes (26.5%)
(RDMA_READ_CONSUME_CHECK_CONSUMER) timestamp=2055 ms, used_size=10856448 bytes (26.5%)
(RDMA_READ_CONSUME_CHECK_CONSUMER) timestamp=2055 ms, used_size=10854400 bytes (26.5%)
(RDMA_READ_CONSUME_CHECK_CONSUMER) timestamp=2055 ms, used_size=10852352 bytes (26.5%)
(RDMA_READ_CONSUME_CHECK_CONSUMER) timestamp=2055 ms, used_size=10850304 bytes (26.5%)
(RDMA_READ_CONSUME_CHECK_CONSUMER) timestamp=2055 ms, used_size=10848256 bytes (26.5%)
(RDMA_READ_CONSUME_CHECK_CONSUMER) timestamp=2055 ms, used_size=10846208 bytes (26.5%)
(RDMA_READ_CONSUME_CHECK_CONSUMER) timestamp=2055 ms, used_size=10844160 bytes (26.5%)
(RDMA_READ_CONSUME_CHECK_CONSUMER) timestamp=2055 ms, used_size=10842112 bytes (26.5%)
(RDMA_READ_CONSUME_CHECK_CONSUMER) timestamp=2055 ms, used_size=10840064 bytes (26.5%)
(RDMA_READ_CONSUME_CHECK_CONSUMER) timestamp=2055 ms, used_size=10838016 bytes (26.5%)
(RDMA_READ_CONSUME_CHECK_CONSUMER) timestamp=2055 ms, used_size=10835968 bytes (26.5%)
(RDMA_READ_CONSUME_CHECK_CONSUMER) timestamp=2055 ms, used_size=10833920 bytes (26.4%)
(RDMA_READ_CONSUME_CHECK_CONSUMER) timestamp=2055 ms, used_size=10831872 bytes (26.4%)
(RDMA_READ_CONSUME_CHECK_CONSUMER) timestamp=2055 ms, used_size=10829824 bytes (26.4%)
(RDMA_READ_CONSUME_CHECK_CONSUMER) timestamp=2055 ms, used_size=10827776 bytes (26.4%)
(RDMA_READ_CONSUME_CHECK_CONSUMER) timestamp=2055 ms, used_size=10825728 bytes (26.4%)
(RDMA_READ_CONSUME_CHECK_CONSUMER) timestamp=2055 ms, used_size=10823680 bytes (26.4%)
(RDMA_READ_CONSUME_CHECK_CONSUMER) timestamp=2055 ms, used_size=10821632 bytes (26.4%)
(RDMA_READ_CONSUME_CHECK_CONSUMER) timestamp=2055 ms, used_size=10819584 bytes (26.4%)
(RDMA_READ_CONSUME_CHECK_CONSUMER) timestamp=2055 ms, used_size=10817536 bytes (26.4%)
(RDMA_READ_CONSUME_CHECK_CONSUMER) timestamp=2055 ms, used_size=10815488 bytes (26.4%)
(RDMA_READ_CONSUME_CHECK_CONSUMER) timestamp=2055 ms, used_size=10813440 bytes (26.4%)
(RDMA_READ_CONSUME_CHECK_CONSUMER) timestamp=2055 ms, used_size=10811392 bytes (26.4%)
(RDMA_READ_CONSUME_CHECK_CONSUMER) timestamp=2055 ms, used_size=10809344 bytes (26.4%)
(RDMA_READ_CONSUME_CHECK_CONSUMER) timestamp=2055 ms, used_size=10807296 bytes (26.4%)
(RDMA_READ_CONSUME_CHECK_CONSUMER) timestamp=2055 ms, used_size=10805248 bytes (26.4%)
(RDMA_READ_CONSUME_CHECK_CONSUMER) timestamp=2055 ms, used_size=10803200 bytes (26.4%)
(RDMA_READ_CONSUME_CHECK_CONSUMER) timestamp=2055 ms, used_size=10801152 bytes (26.4%)
(RDMA_READ_CONSUME_CHECK_CONSUMER) timestamp=2055 ms, used_size=10799104 bytes (26.4%)
(RDMA_READ_CONSUME_CHECK_CONSUMER) timestamp=2055 ms, used_size=10797056 bytes (26.4%)
(RDMA_READ_CONSUME_CHECK_CONSUMER) timestamp=2055 ms, used_size=10795008 bytes (26.4%)
(RDMA_READ_CONSUME_CHECK_CONSUMER) timestamp=2055 ms, used_size=10792960 bytes (26.4%)
(RDMA_READ_CONSUME_CHECK_CONSUMER) timestamp=2055 ms, used_size=10790912 bytes (26.3%)
(RDMA_READ_CONSUME_CHECK_CONSUMER) timestamp=2055 ms, used_size=10788864 bytes (26.3%)
(RDMA_READ_CONSUME_CHECK_CONSUMER) timestamp=2055 ms, used_size=10786816 bytes (26.3%)
(RDMA_READ_CONSUME_CHECK_CONSUMER) timestamp=2055 ms, used_size=10784768 bytes (26.3%)
(RDMA_READ_CONSUME_CHECK_CONSUMER) timestamp=2055 ms, used_size=10782720 bytes (26.3%)
(RDMA_READ_CONSUME_CHECK_CONSUMER) timestamp=2055 ms, used_size=10780672 bytes (26.3%)
(RDMA_READ_CONSUME_CHECK_CONSUMER) timestamp=2055 ms, used_size=10778624 bytes (26.3%)
(RDMA_READ_CONSUME_CHECK_CONSUMER) timestamp=2055 ms, used_size=10776576 bytes (26.3%)
(RDMA_READ_CONSUME_CHECK_CONSUMER) timestamp=2055 ms, used_size=10774528 bytes (26.3%)
(RDMA_READ_CONSUME_CHECK_CONSUMER) timestamp=2055 ms, used_size=10772480 bytes (26.3%)
(RDMA_READ_CONSUME_CHECK_CONSUMER) timestamp=2055 ms, used_size=10770432 bytes (26.3%)
(RDMA_READ_CONSUME_CHECK_CONSUMER) timestamp=2055 ms, used_size=10768384 bytes (26.3%)
(RDMA_READ_CONSUME_CHECK_CONSUMER) timestamp=2055 ms, used_size=10766336 bytes (26.3%)
(RDMA_READ_CONSUME_CHECK_CONSUMER) timestamp=2055 ms, used_size=10764288 bytes (26.3%)
(RDMA_READ_CONSUME_CHECK_CONSUMER) timestamp=2055 ms, used_size=10762240 bytes (26.3%)
(RDMA_READ_CONSUME_CHECK_CONSUMER) timestamp=2055 ms, used_size=10760192 bytes (26.3%)
(RDMA_READ_CONSUME_CHECK_CONSUMER) timestamp=2055 ms, used_size=10758144 bytes (26.3%)
(RDMA_READ_CONSUME_CHECK_CONSUMER) timestamp=2055 ms, used_size=10756096 bytes (26.3%)
(RDMA_READ_CONSUME_CHECK_CONSUMER) timestamp=2055 ms, used_size=10754048 bytes (26.3%)
(RDMA_READ_CONSUME_CHECK_CONSUMER) timestamp=2055 ms, used_size=10752000 bytes (26.2%)
(RDMA_READ_CONSUME_CHECK_CONSUMER) timestamp=2055 ms, used_size=10749952 bytes (26.2%)
(RDMA_READ_CONSUME_CHECK_CONSUMER) timestamp=2055 ms, used_size=10747904 bytes (26.2%)
(RDMA_READ_CONSUME_CHECK_CONSUMER) timestamp=2055 ms, used_size=10745856 bytes (26.2%)
(RDMA_READ_CONSUME_CHECK_CONSUMER) timestamp=2055 ms, used_size=10743808 bytes (26.2%)
(RDMA_READ_CONSUME_CHECK_CONSUMER) timestamp=2055 ms, used_size=10741760 bytes (26.2%)
(RDMA_READ_CONSUME_CHECK_CONSUMER) timestamp=2055 ms, used_size=10739712 bytes (26.2%)
(RDMA_READ_CONSUME_CHECK_CONSUMER) timestamp=2055 ms, used_size=10737664 bytes (26.2%)
(RDMA_READ_CONSUME_CHECK_CONSUMER) timestamp=2055 ms, used_size=10735616 bytes (26.2%)
(RDMA_READ_CONSUME_CHECK_CONSUMER) timestamp=2055 ms, used_size=10733568 bytes (26.2%)
(RDMA_READ_CONSUME_CHECK_CONSUMER) timestamp=2055 ms, used_size=10731520 bytes (26.2%)
(RDMA_READ_CONSUME_CHECK_CONSUMER) timestamp=2055 ms, used_size=10729472 bytes (26.2%)
(RDMA_READ_CONSUME_CHECK_CONSUMER) timestamp=2055 ms, used_size=10727424 bytes (26.2%)
(RDMA_READ_CONSUME_CHECK_CONSUMER) timestamp=2055 ms, used_size=10725376 bytes (26.2%)
(RDMA_READ_CONSUME_CHECK_CONSUMER) timestamp=2055 ms, used_size=10723328 bytes (26.2%)
(RDMA_READ_CONSUME_CHECK_CONSUMER) timestamp=2055 ms, used_size=10721280 bytes (26.2%)
(RDMA_READ_CONSUME_CHECK_CONSUMER) timestamp=2055 ms, used_size=10719232 bytes (26.2%)
(RDMA_READ_CONSUME_CHECK_CONSUMER) timestamp=2055 ms, used_size=10717184 bytes (26.2%)
(RDMA_READ_CONSUME_CHECK_CONSUMER) timestamp=2055 ms, used_size=10715136 bytes (26.2%)
(RDMA_READ_CONSUME_CHECK_CONSUMER) timestamp=2055 ms, used_size=10713088 bytes (26.2%)
(RDMA_READ_CONSUME_CHECK_CONSUMER) timestamp=2055 ms, used_size=10711040 bytes (26.1%)
(RDMA_READ_CONSUME_CHECK_CONSUMER) timestamp=2055 ms, used_size=10708992 bytes (26.1%)
(RDMA_READ_CONSUME_CHECK_CONSUMER) timestamp=2055 ms, used_size=10706944 bytes (26.1%)
(RDMA_READ_CONSUME_CHECK_CONSUMER) timestamp=2055 ms, used_size=10704896 bytes (26.1%)
(RDMA_READ_CONSUME_CHECK_CONSUMER) timestamp=2055 ms, used_size=10702848 bytes (26.1%)
(RDMA_READ_CONSUME_CHECK_CONSUMER) timestamp=2055 ms, used_size=10700800 bytes (26.1%)
(RDMA_READ_CONSUME_CHECK_CONSUMER) timestamp=2055 ms, used_size=10698752 bytes (26.1%)
(RDMA_READ_CONSUME_CHECK_CONSUMER) timestamp=2055 ms, used_size=10696704 bytes (26.1%)
(RDMA_READ_CONSUME_CHECK_CONSUMER) timestamp=2055 ms, used_size=10694656 bytes (26.1%)
(RDMA_READ_CONSUME_CHECK_CONSUMER) timestamp=2055 ms, used_size=10692608 bytes (26.1%)
(RDMA_READ_CONSUME_CHECK_CONSUMER) timestamp=2055 ms, used_size=10690560 bytes (26.1%)
(RDMA_READ_CONSUME_CHECK_CONSUMER) timestamp=2055 ms, used_size=10688512 bytes (26.1%)
(RDMA_READ_CONSUME_CHECK_CONSUMER) timestamp=2055 ms, used_size=10686464 bytes (26.1%)
(RDMA_READ_CONSUME_CHECK_CONSUMER) timestamp=2055 ms, used_size=10684416 bytes (26.1%)
(RDMA_READ_CONSUME_CHECK_CONSUMER) timestamp=2055 ms, used_size=10682368 bytes (26.1%)
(RDMA_READ_CONSUME_CHECK_CONSUMER) timestamp=2055 ms, used_size=10680320 bytes (26.1%)
(RDMA_READ_CONSUME_CHECK_CONSUMER) timestamp=2055 ms, used_size=10678272 bytes (26.1%)
(RDMA_READ_CONSUME_CHECK_CONSUMER) timestamp=2055 ms, used_size=10676224 bytes (26.1%)
(RDMA_READ_CONSUME_CHECK_CONSUMER) timestamp=2055 ms, used_size=10674176 bytes (26.1%)
(RDMA_READ_CONSUME_CHECK_CONSUMER) timestamp=2055 ms, used_size=10672128 bytes (26.1%)
(RDMA_READ_CONSUME_CHECK_CONSUMER) timestamp=2055 ms, used_size=10670080 bytes (26.1%)
(RDMA_READ_CONSUME_CHECK_CONSUMER) timestamp=2055 ms, used_size=10668032 bytes (26.0%)
(RDMA_READ_CONSUME_CHECK_CONSUMER) timestamp=2055 ms, used_size=10665984 bytes (26.0%)
(RDMA_READ_CONSUME_CHECK_CONSUMER) timestamp=2055 ms, used_size=10663936 bytes (26.0%)
(RDMA_READ_CONSUME_CHECK_CONSUMER) timestamp=2055 ms, used_size=10661888 bytes (26.0%)
(RDMA_READ_CONSUME_CHECK_CONSUMER) timestamp=2055 ms, used_size=10659840 bytes (26.0%)
(RDMA_READ_CONSUME_CHECK_CONSUMER) timestamp=2055 ms, used_size=10657792 bytes (26.0%)
(RDMA_READ_CONSUME_CHECK_CONSUMER) timestamp=2055 ms, used_size=10655744 bytes (26.0%)
(RDMA_READ_CONSUME_CHECK_CONSUMER) timestamp=2055 ms, used_size=10653696 bytes (26.0%)
(RDMA_READ_CONSUME_CHECK_CONSUMER) timestamp=2055 ms, used_size=10651648 bytes (26.0%)
(RDMA_READ_CONSUME_CHECK_CONSUMER) timestamp=2055 ms, used_size=10649600 bytes (26.0%)
(RDMA_READ_CONSUME_CHECK_CONSUMER) timestamp=2055 ms, used_size=10647552 bytes (26.0%)
(RDMA_READ_CONSUME_CHECK_CONSUMER) timestamp=2055 ms, used_size=10645504 bytes (26.0%)
(RDMA_READ_CONSUME_CHECK_CONSUMER) timestamp=2055 ms, used_size=10643456 bytes (26.0%)
(RDMA_READ_CONSUME_CHECK_CONSUMER) timestamp=2055 ms, used_size=10641408 bytes (26.0%)
(RDMA_READ_CONSUME_CHECK_CONSUMER) timestamp=2055 ms, used_size=10639360 bytes (26.0%)
(RDMA_READ_CONSUME_CHECK_CONSUMER) timestamp=2055 ms, used_size=10637312 bytes (26.0%)
(RDMA_READ_CONSUME_CHECK_CONSUMER) timestamp=2055 ms, used_size=10635264 bytes (26.0%)
(RDMA_READ_CONSUME_CHECK_CONSUMER) timestamp=2055 ms, used_size=10633216 bytes (26.0%)
(RDMA_READ_CONSUME_CHECK_CONSUMER) timestamp=2055 ms, used_size=10631168 bytes (26.0%)
(RDMA_READ_CONSUME_CHECK_CONSUMER) timestamp=2055 ms, used_size=10629120 bytes (25.9%)
(RDMA_READ_CONSUME_CHECK_CONSUMER) timestamp=2055 ms, used_size=10627072 bytes (25.9%)
(RDMA_READ_CONSUME_CHECK_CONSUMER) timestamp=2055 ms, used_size=10625024 bytes (25.9%)
(RDMA_READ_CONSUME_CHECK_CONSUMER) timestamp=2055 ms, used_size=10622976 bytes (25.9%)
(RDMA_READ_CONSUME_CHECK_CONSUMER) timestamp=2055 ms, used_size=10620928 bytes (25.9%)
(RDMA_READ_CONSUME_CHECK_CONSUMER) timestamp=2055 ms, used_size=10618880 bytes (25.9%)
(RDMA_READ_CONSUME_CHECK_CONSUMER) timestamp=2055 ms, used_size=10616832 bytes (25.9%)
(RDMA_READ_CONSUME_CHECK_CONSUMER) timestamp=2055 ms, used_size=10614784 bytes (25.9%)
(RDMA_READ_CONSUME_CHECK_CONSUMER) timestamp=2055 ms, used_size=10612736 bytes (25.9%)
(RDMA_READ_CONSUME_CHECK_CONSUMER) timestamp=2055 ms, used_size=10610688 bytes (25.9%)
(RDMA_READ_CONSUME_CHECK_CONSUMER) timestamp=2055 ms, used_size=10608640 bytes (25.9%)
(RDMA_READ_CONSUME_CHECK_CONSUMER) timestamp=2055 ms, used_size=10606592 bytes (25.9%)
(RDMA_READ_CONSUME_CHECK_CONSUMER) timestamp=2055 ms, used_size=10604544 bytes (25.9%)
(RDMA_READ_CONSUME_CHECK_CONSUMER) timestamp=2055 ms, used_size=10602496 bytes (25.9%)
(RDMA_READ_CONSUME_CHECK_CONSUMER) timestamp=2055 ms, used_size=10600448 bytes (25.9%)
(RDMA_READ_CONSUME_CHECK_CONSUMER) timestamp=2055 ms, used_size=10598400 bytes (25.9%)
(RDMA_READ_CONSUME_CHECK_CONSUMER) timestamp=2055 ms, used_size=10596352 bytes (25.9%)
(RDMA_READ_CONSUME_CHECK_CONSUMER) timestamp=2055 ms, used_size=10594304 bytes (25.9%)
(RDMA_READ_CONSUME_CHECK_CONSUMER) timestamp=2055 ms, used_size=10592256 bytes (25.9%)
(RDMA_READ_CONSUME_CHECK_CONSUMER) timestamp=2055 ms, used_size=10590208 bytes (25.9%)
(RDMA_READ_CONSUME_CHECK_CONSUMER) timestamp=2055 ms, used_size=10588160 bytes (25.9%)
(RDMA_READ_CONSUME_CHECK_CONSUMER) timestamp=2055 ms, used_size=10586112 bytes (25.8%)
(RDMA_READ_CONSUME_CHECK_CONSUMER) timestamp=2055 ms, used_size=10584064 bytes (25.8%)
(RDMA_READ_CONSUME_CHECK_CONSUMER) timestamp=2055 ms, used_size=10582016 bytes (25.8%)
(RDMA_READ_CONSUME_CHECK_CONSUMER) timestamp=2055 ms, used_size=10579968 bytes (25.8%)
(RDMA_READ_CONSUME_CHECK_CONSUMER) timestamp=2055 ms, used_size=10577920 bytes (25.8%)
(RDMA_READ_CONSUME_CHECK_CONSUMER) timestamp=2055 ms, used_size=10575872 bytes (25.8%)
(RDMA_READ_CONSUME_CHECK_CONSUMER) timestamp=2055 ms, used_size=10573824 bytes (25.8%)
(RDMA_READ_CONSUME_CHECK_CONSUMER) timestamp=2055 ms, used_size=10571776 bytes (25.8%)
(RDMA_READ_CONSUME_CHECK_CONSUMER) timestamp=2055 ms, used_size=10569728 bytes (25.8%)
(RDMA_READ_CONSUME_CHECK_CONSUMER) timestamp=2055 ms, used_size=10567680 bytes (25.8%)
(RDMA_READ_CONSUME_CHECK_CONSUMER) timestamp=2055 ms, used_size=10565632 bytes (25.8%)
(RDMA_READ_CONSUME_CHECK_CONSUMER) timestamp=2055 ms, used_size=10563584 bytes (25.8%)
(RDMA_READ_CONSUME_CHECK_CONSUMER) timestamp=2055 ms, used_size=10561536 bytes (25.8%)
(RDMA_READ_CONSUME_CHECK_CONSUMER) timestamp=2055 ms, used_size=10559488 bytes (25.8%)
(RDMA_READ_CONSUME_CHECK_CONSUMER) timestamp=2055 ms, used_size=10557440 bytes (25.8%)
(RDMA_READ_CONSUME_CHECK_CONSUMER) timestamp=2055 ms, used_size=10555392 bytes (25.8%)
(RDMA_READ_CONSUME_CHECK_CONSUMER) timestamp=2055 ms, used_size=10553344 bytes (25.8%)
(RDMA_READ_CONSUME_CHECK_CONSUMER) timestamp=2055 ms, used_size=10551296 bytes (25.8%)
(RDMA_READ_CONSUME_CHECK_CONSUMER) timestamp=2055 ms, used_size=10549248 bytes (25.8%)
(RDMA_READ_CONSUME_CHECK_CONSUMER) timestamp=2055 ms, used_size=10547200 bytes (25.8%)
(RDMA_READ_CONSUME_CHECK_CONSUMER) timestamp=2055 ms, used_size=10545152 bytes (25.7%)
(RDMA_READ_CONSUME_CHECK_CONSUMER) timestamp=2055 ms, used_size=10543104 bytes (25.7%)
(RDMA_READ_CONSUME_CHECK_CONSUMER) timestamp=2055 ms, used_size=10541056 bytes (25.7%)
(RDMA_READ_CONSUME_CHECK_CONSUMER) timestamp=2055 ms, used_size=10539008 bytes (25.7%)
(RDMA_READ_CONSUME_CHECK_CONSUMER) timestamp=2055 ms, used_size=10536960 bytes (25.7%)
(RDMA_READ_CONSUME_CHECK_CONSUMER) timestamp=2055 ms, used_size=10534912 bytes (25.7%)
(RDMA_READ_CONSUME_CHECK_CONSUMER) timestamp=2055 ms, used_size=10532864 bytes (25.7%)
(RDMA_READ_CONSUME_CHECK_CONSUMER) timestamp=2055 ms, used_size=10530816 bytes (25.7%)
(RDMA_READ_CONSUME_CHECK_CONSUMER) timestamp=2055 ms, used_size=10528768 bytes (25.7%)
(RDMA_READ_CONSUME_CHECK_CONSUMER) timestamp=2055 ms, used_size=10526720 bytes (25.7%)
(RDMA_READ_CONSUME_CHECK_CONSUMER) timestamp=2055 ms, used_size=10524672 bytes (25.7%)
(RDMA_READ_CONSUME_CHECK_CONSUMER) timestamp=2055 ms, used_size=10522624 bytes (25.7%)
(RDMA_READ_CONSUME_CHECK_CONSUMER) timestamp=2055 ms, used_size=10520576 bytes (25.7%)
(RDMA_READ_CONSUME_CHECK_CONSUMER) timestamp=2055 ms, used_size=10518528 bytes (25.7%)
(RDMA_READ_CONSUME_CHECK_CONSUMER) timestamp=2055 ms, used_size=10516480 bytes (25.7%)
(RDMA_READ_CONSUME_CHECK_CONSUMER) timestamp=2055 ms, used_size=10514432 bytes (25.7%)
(RDMA_READ_CONSUME_CHECK_CONSUMER) timestamp=2055 ms, used_size=10512384 bytes (25.7%)
(RDMA_READ_CONSUME_CHECK_CONSUMER) timestamp=2055 ms, used_size=10510336 bytes (25.7%)
(RDMA_READ_CONSUME_CHECK_CONSUMER) timestamp=2055 ms, used_size=10508288 bytes (25.7%)
(RDMA_READ_CONSUME_CHECK_CONSUMER) timestamp=2055 ms, used_size=10506240 bytes (25.6%)
(RDMA_READ_CONSUME_CHECK_CONSUMER) timestamp=2055 ms, used_size=10504192 bytes (25.6%)
(RDMA_READ_CONSUME_CHECK_CONSUMER) timestamp=2055 ms, used_size=10502144 bytes (25.6%)
(RDMA_READ_CONSUME_CHECK_CONSUMER) timestamp=2055 ms, used_size=10500096 bytes (25.6%)
(RDMA_READ_CONSUME_CHECK_CONSUMER) timestamp=2055 ms, used_size=10498048 bytes (25.6%)
(RDMA_READ_CONSUME_CHECK_CONSUMER) timestamp=2056 ms, used_size=10496000 bytes (25.6%)
(RDMA_READ_CONSUME_CHECK_CONSUMER) timestamp=2056 ms, used_size=10493952 bytes (25.6%)
(RDMA_READ_CONSUME_CHECK_CONSUMER) timestamp=2056 ms, used_size=10491904 bytes (25.6%)
(RDMA_READ_CONSUME_CHECK_CONSUMER) timestamp=2056 ms, used_size=10489856 bytes (25.6%)
(RDMA_READ_CONSUME_CHECK_CONSUMER) timestamp=2056 ms, used_size=10487808 bytes (25.6%)
(RDMA_READ_CONSUME_CHECK_CONSUMER) timestamp=2056 ms, used_size=10485760 bytes (25.6%)
(RDMA_READ_CONSUME_CHECK_CONSUMER) timestamp=2056 ms, used_size=10483712 bytes (25.6%)
(RDMA_READ_CONSUME_CHECK_CONSUMER) timestamp=2056 ms, used_size=10481664 bytes (25.6%)
(RDMA_READ_CONSUME_CHECK_CONSUMER) timestamp=2056 ms, used_size=10479616 bytes (25.6%)
(RDMA_READ_CONSUME_CHECK_CONSUMER) timestamp=2056 ms, used_size=10477568 bytes (25.6%)
(RDMA_READ_CONSUME_CHECK_CONSUMER) timestamp=2056 ms, used_size=10475520 bytes (25.6%)
(RDMA_READ_CONSUME_CHECK_CONSUMER) timestamp=2056 ms, used_size=10473472 bytes (25.6%)
(RDMA_READ_CONSUME_CHECK_CONSUMER) timestamp=2056 ms, used_size=10471424 bytes (25.6%)
(RDMA_READ_CONSUME_CHECK_CONSUMER) timestamp=2056 ms, used_size=10469376 bytes (25.6%)
(RDMA_READ_CONSUME_CHECK_CONSUMER) timestamp=2056 ms, used_size=10467328 bytes (25.6%)
(RDMA_READ_CONSUME_CHECK_CONSUMER) timestamp=2056 ms, used_size=10465280 bytes (25.6%)
(RDMA_READ_CONSUME_CHECK_CONSUMER) timestamp=2056 ms, used_size=10463232 bytes (25.5%)
(RDMA_READ_CONSUME_CHECK_CONSUMER) timestamp=2056 ms, used_size=10461184 bytes (25.5%)
(RDMA_READ_CONSUME_CHECK_CONSUMER) timestamp=2056 ms, used_size=10459136 bytes (25.5%)
(RDMA_READ_CONSUME_CHECK_CONSUMER) timestamp=2056 ms, used_size=10457088 bytes (25.5%)
(RDMA_READ_CONSUME_CHECK_CONSUMER) timestamp=2056 ms, used_size=10455040 bytes (25.5%)
(RDMA_READ_CONSUME_CHECK_CONSUMER) timestamp=2056 ms, used_size=10452992 bytes (25.5%)
(RDMA_READ_CONSUME_CHECK_CONSUMER) timestamp=2056 ms, used_size=10450944 bytes (25.5%)
(RDMA_READ_CONSUME_CHECK_CONSUMER) timestamp=2056 ms, used_size=10448896 bytes (25.5%)
(RDMA_READ_CONSUME_CHECK_CONSUMER) timestamp=2056 ms, used_size=10446848 bytes (25.5%)
(RDMA_READ_CONSUME_CHECK_CONSUMER) timestamp=2056 ms, used_size=10444800 bytes (25.5%)
(RDMA_READ_CONSUME_CHECK_CONSUMER) timestamp=2056 ms, used_size=10442752 bytes (25.5%)
(RDMA_READ_CONSUME_CHECK_CONSUMER) timestamp=2056 ms, used_size=10440704 bytes (25.5%)
(RDMA_READ_CONSUME_CHECK_CONSUMER) timestamp=2056 ms, used_size=10438656 bytes (25.5%)
(RDMA_READ_CONSUME_CHECK_CONSUMER) timestamp=2056 ms, used_size=10436608 bytes (25.5%)
(RDMA_READ_CONSUME_CHECK_CONSUMER) timestamp=2056 ms, used_size=10434560 bytes (25.5%)
(RDMA_READ_CONSUME_CHECK_CONSUMER) timestamp=2056 ms, used_size=10432512 bytes (25.5%)
(RDMA_READ_CONSUME_CHECK_CONSUMER) timestamp=2056 ms, used_size=10430464 bytes (25.5%)
(RDMA_READ_CONSUME_CHECK_CONSUMER) timestamp=2056 ms, used_size=10428416 bytes (25.5%)
(RDMA_READ_CONSUME_CHECK_CONSUMER) timestamp=2056 ms, used_size=10426368 bytes (25.5%)
(RDMA_READ_CONSUME_CHECK_CONSUMER) timestamp=2056 ms, used_size=10424320 bytes (25.4%)
(RDMA_READ_CONSUME_CHECK_CONSUMER) timestamp=2056 ms, used_size=10422272 bytes (25.4%)
(RDMA_READ_CONSUME_CHECK_CONSUMER) timestamp=2056 ms, used_size=10420224 bytes (25.4%)
(RDMA_READ_CONSUME_CHECK_CONSUMER) timestamp=2056 ms, used_size=10418176 bytes (25.4%)
(RDMA_READ_CONSUME_CHECK_CONSUMER) timestamp=2056 ms, used_size=10416128 bytes (25.4%)
(RDMA_READ_CONSUME_CHECK_CONSUMER) timestamp=2056 ms, used_size=10414080 bytes (25.4%)
(RDMA_READ_CONSUME_CHECK_CONSUMER) timestamp=2056 ms, used_size=10412032 bytes (25.4%)
(RDMA_READ_CONSUME_CHECK_CONSUMER) timestamp=2056 ms, used_size=10409984 bytes (25.4%)
(RDMA_READ_CONSUME_CHECK_CONSUMER) timestamp=2056 ms, used_size=10407936 bytes (25.4%)
(RDMA_READ_CONSUME_CHECK_CONSUMER) timestamp=2056 ms, used_size=10405888 bytes (25.4%)
(RDMA_READ_CONSUME_CHECK_CONSUMER) timestamp=2056 ms, used_size=10403840 bytes (25.4%)
(RDMA_READ_CONSUME_CHECK_CONSUMER) timestamp=2056 ms, used_size=10401792 bytes (25.4%)
(RDMA_READ_CONSUME_CHECK_CONSUMER) timestamp=2056 ms, used_size=10399744 bytes (25.4%)
(RDMA_READ_CONSUME_CHECK_CONSUMER) timestamp=2056 ms, used_size=10397696 bytes (25.4%)
(RDMA_READ_CONSUME_CHECK_CONSUMER) timestamp=2056 ms, used_size=10395648 bytes (25.4%)
(RDMA_READ_CONSUME_CHECK_CONSUMER) timestamp=2056 ms, used_size=10393600 bytes (25.4%)
(RDMA_READ_CONSUME_CHECK_CONSUMER) timestamp=2056 ms, used_size=10391552 bytes (25.4%)
(RDMA_READ_CONSUME_CHECK_CONSUMER) timestamp=2056 ms, used_size=10389504 bytes (25.4%)
(RDMA_READ_CONSUME_CHECK_CONSUMER) timestamp=2056 ms, used_size=10387456 bytes (25.4%)
(RDMA_READ_CONSUME_CHECK_CONSUMER) timestamp=2056 ms, used_size=10385408 bytes (25.4%)
(RDMA_READ_CONSUME_CHECK_CONSUMER) timestamp=2056 ms, used_size=10383360 bytes (25.4%)
(RDMA_READ_CONSUME_CHECK_CONSUMER) timestamp=2056 ms, used_size=10381312 bytes (25.3%)
(RDMA_READ_CONSUME_CHECK_CONSUMER) timestamp=2056 ms, used_size=10379264 bytes (25.3%)
(RDMA_READ_CONSUME_CHECK_CONSUMER) timestamp=2056 ms, used_size=10377216 bytes (25.3%)
(RDMA_READ_CONSUME_CHECK_CONSUMER) timestamp=2056 ms, used_size=10375168 bytes (25.3%)
(RDMA_READ_CONSUME_CHECK_CONSUMER) timestamp=2056 ms, used_size=10373120 bytes (25.3%)
(RDMA_READ_CONSUME_CHECK_CONSUMER) timestamp=2056 ms, used_size=10371072 bytes (25.3%)
(RDMA_READ_CONSUME_CHECK_CONSUMER) timestamp=2056 ms, used_size=10369024 bytes (25.3%)
(RDMA_READ_CONSUME_CHECK_CONSUMER) timestamp=2056 ms, used_size=10366976 bytes (25.3%)
(RDMA_READ_CONSUME_CHECK_CONSUMER) timestamp=2056 ms, used_size=10364928 bytes (25.3%)
(RDMA_READ_CONSUME_CHECK_CONSUMER) timestamp=2056 ms, used_size=10362880 bytes (25.3%)
(RDMA_READ_CONSUME_CHECK_CONSUMER) timestamp=2056 ms, used_size=10360832 bytes (25.3%)
(RDMA_READ_CONSUME_CHECK_CONSUMER) timestamp=2056 ms, used_size=10358784 bytes (25.3%)
(RDMA_READ_CONSUME_CHECK_CONSUMER) timestamp=2056 ms, used_size=10356736 bytes (25.3%)
(RDMA_READ_CONSUME_CHECK_CONSUMER) timestamp=2056 ms, used_size=10354688 bytes (25.3%)
(RDMA_READ_CONSUME_CHECK_CONSUMER) timestamp=2056 ms, used_size=10352640 bytes (25.3%)
(RDMA_READ_CONSUME_CHECK_CONSUMER) timestamp=2056 ms, used_size=10350592 bytes (25.3%)
(RDMA_READ_CONSUME_CHECK_CONSUMER) timestamp=2056 ms, used_size=10348544 bytes (25.3%)
(RDMA_READ_CONSUME_CHECK_CONSUMER) timestamp=2056 ms, used_size=10346496 bytes (25.3%)
(RDMA_READ_CONSUME_CHECK_CONSUMER) timestamp=2056 ms, used_size=10344448 bytes (25.3%)
(RDMA_READ_CONSUME_CHECK_CONSUMER) timestamp=2056 ms, used_size=10342400 bytes (25.2%)
(RDMA_READ_CONSUME_CHECK_CONSUMER) timestamp=2056 ms, used_size=10340352 bytes (25.2%)
(RDMA_READ_CONSUME_CHECK_CONSUMER) timestamp=2056 ms, used_size=10338304 bytes (25.2%)
(RDMA_READ_CONSUME_CHECK_CONSUMER) timestamp=2056 ms, used_size=10336256 bytes (25.2%)
(RDMA_READ_CONSUME_CHECK_CONSUMER) timestamp=2056 ms, used_size=10334208 bytes (25.2%)
(RDMA_READ_CONSUME_CHECK_CONSUMER) timestamp=2056 ms, used_size=10332160 bytes (25.2%)
(RDMA_READ_CONSUME_CHECK_CONSUMER) timestamp=2056 ms, used_size=10330112 bytes (25.2%)
(RDMA_READ_CONSUME_CHECK_CONSUMER) timestamp=2056 ms, used_size=10328064 bytes (25.2%)
(RDMA_READ_CONSUME_CHECK_CONSUMER) timestamp=2056 ms, used_size=10326016 bytes (25.2%)
(RDMA_READ_CONSUME_CHECK_CONSUMER) timestamp=2056 ms, used_size=10323968 bytes (25.2%)
(RDMA_READ_CONSUME_CHECK_CONSUMER) timestamp=2056 ms, used_size=10321920 bytes (25.2%)
(RDMA_READ_CONSUME_CHECK_CONSUMER) timestamp=2056 ms, used_size=10319872 bytes (25.2%)
(RDMA_READ_CONSUME_CHECK_CONSUMER) timestamp=2056 ms, used_size=10317824 bytes (25.2%)
(RDMA_READ_CONSUME_CHECK_CONSUMER) timestamp=2056 ms, used_size=10315776 bytes (25.2%)
(RDMA_READ_CONSUME_CHECK_CONSUMER) timestamp=2056 ms, used_size=10313728 bytes (25.2%)
(RDMA_READ_CONSUME_CHECK_CONSUMER) timestamp=2056 ms, used_size=10311680 bytes (25.2%)
(RDMA_READ_CONSUME_CHECK_CONSUMER) timestamp=2056 ms, used_size=10309632 bytes (25.2%)
(RDMA_READ_CONSUME_CHECK_CONSUMER) timestamp=2056 ms, used_size=10307584 bytes (25.2%)
(RDMA_READ_CONSUME_CHECK_CONSUMER) timestamp=2056 ms, used_size=10305536 bytes (25.2%)
(RDMA_READ_CONSUME_CHECK_CONSUMER) timestamp=2056 ms, used_size=10303488 bytes (25.2%)
(RDMA_READ_CONSUME_CHECK_CONSUMER) timestamp=2056 ms, used_size=10301440 bytes (25.1%)
(RDMA_READ_CONSUME_CHECK_CONSUMER) timestamp=2056 ms, used_size=10299392 bytes (25.1%)
(RDMA_READ_CONSUME_CHECK_CONSUMER) timestamp=2056 ms, used_size=10297344 bytes (25.1%)
(RDMA_READ_CONSUME_CHECK_CONSUMER) timestamp=2056 ms, used_size=10295296 bytes (25.1%)
(RDMA_READ_CONSUME_CHECK_CONSUMER) timestamp=2056 ms, used_size=10293248 bytes (25.1%)
(RDMA_READ_CONSUME_CHECK_CONSUMER) timestamp=2056 ms, used_size=10291200 bytes (25.1%)
(RDMA_READ_CONSUME_CHECK_CONSUMER) timestamp=2056 ms, used_size=10289152 bytes (25.1%)
(RDMA_READ_CONSUME_CHECK_CONSUMER) timestamp=2056 ms, used_size=10287104 bytes (25.1%)
(RDMA_READ_CONSUME_CHECK_CONSUMER) timestamp=2056 ms, used_size=10285056 bytes (25.1%)
(RDMA_READ_CONSUME_CHECK_CONSUMER) timestamp=2056 ms, used_size=10283008 bytes (25.1%)
(RDMA_READ_CONSUME_CHECK_CONSUMER) timestamp=2056 ms, used_size=10280960 bytes (25.1%)
(RDMA_READ_CONSUME_CHECK_CONSUMER) timestamp=2056 ms, used_size=10278912 bytes (25.1%)
(RDMA_READ_CONSUME_CHECK_CONSUMER) timestamp=2056 ms, used_size=10276864 bytes (25.1%)
(RDMA_READ_CONSUME_CHECK_CONSUMER) timestamp=2056 ms, used_size=10274816 bytes (25.1%)
(RDMA_READ_CONSUME_CHECK_CONSUMER) timestamp=2056 ms, used_size=10272768 bytes (25.1%)
(RDMA_READ_CONSUME_CHECK_CONSUMER) timestamp=2056 ms, used_size=10270720 bytes (25.1%)
(RDMA_READ_CONSUME_CHECK_CONSUMER) timestamp=2056 ms, used_size=10268672 bytes (25.1%)
(RDMA_READ_CONSUME_CHECK_CONSUMER) timestamp=2056 ms, used_size=10266624 bytes (25.1%)
(RDMA_READ_CONSUME_CHECK_CONSUMER) timestamp=2056 ms, used_size=10264576 bytes (25.1%)
(RDMA_READ_CONSUME_CHECK_CONSUMER) timestamp=2056 ms, used_size=10262528 bytes (25.1%)
(RDMA_READ_CONSUME_CHECK_CONSUMER) timestamp=2056 ms, used_size=10260480 bytes (25.1%)
(RDMA_READ_CONSUME_CHECK_CONSUMER) timestamp=2056 ms, used_size=10258432 bytes (25.0%)
(RDMA_READ_CONSUME_CHECK_CONSUMER) timestamp=2056 ms, used_size=10256384 bytes (25.0%)
(RDMA_READ_CONSUME_CHECK_CONSUMER) timestamp=2056 ms, used_size=10254336 bytes (25.0%)
(RDMA_READ_CONSUME_CHECK_CONSUMER) timestamp=2056 ms, used_size=10252288 bytes (25.0%)
(RDMA_READ_CONSUME_CHECK_CONSUMER) timestamp=2056 ms, used_size=10250240 bytes (25.0%)
(RDMA_READ_CONSUME_CHECK_CONSUMER) timestamp=2056 ms, used_size=10248192 bytes (25.0%)
(RDMA_READ_CONSUME_CHECK_CONSUMER) timestamp=2056 ms, used_size=10246144 bytes (25.0%)
(RDMA_READ_CONSUME_CHECK_CONSUMER) timestamp=2056 ms, used_size=10244096 bytes (25.0%)
(RDMA_READ_CONSUME_CHECK_CONSUMER) timestamp=2056 ms, used_size=10242048 bytes (25.0%)
(RDMA_READ_CONSUME_CHECK_CONSUMER) timestamp=2056 ms, used_size=10240000 bytes (25.0%)
(RDMA_READ_CONSUME_CHECK_CONSUMER) timestamp=2056 ms, used_size=10237952 bytes (25.0%)
(RDMA_READ_CONSUME_CHECK_CONSUMER) timestamp=2056 ms, used_size=10235904 bytes (25.0%)
(RDMA_READ_CONSUME_CHECK_CONSUMER) timestamp=2056 ms, used_size=10233856 bytes (25.0%)
(RDMA_READ_CONSUME_CHECK_CONSUMER) timestamp=2056 ms, used_size=10231808 bytes (25.0%)
(RDMA_READ_CONSUME_CHECK_CONSUMER) timestamp=2056 ms, used_size=10229760 bytes (25.0%)
(RDMA_READ_CONSUME_CHECK_CONSUMER) timestamp=2056 ms, used_size=10227712 bytes (25.0%)
(RDMA_READ_CONSUME_CHECK_CONSUMER) timestamp=2056 ms, used_size=10225664 bytes (25.0%)
(RDMA_READ_CONSUME_CHECK_CONSUMER) timestamp=2056 ms, used_size=10223616 bytes (25.0%)
(RDMA_READ_CONSUME_CHECK_CONSUMER) timestamp=2056 ms, used_size=10221568 bytes (25.0%)
(RDMA_READ_CONSUME_CHECK_CONSUMER) timestamp=2056 ms, used_size=10219520 bytes (24.9%)
(RDMA_READ_CONSUME_CHECK_CONSUMER) timestamp=2056 ms, used_size=10217472 bytes (24.9%)
(RDMA_READ_CONSUME_CHECK_CONSUMER) timestamp=2056 ms, used_size=10215424 bytes (24.9%)
(RDMA_READ_CONSUME_CHECK_CONSUMER) timestamp=2056 ms, used_size=10213376 bytes (24.9%)
(RDMA_READ_CONSUME_CHECK_CONSUMER) timestamp=2056 ms, used_size=10211328 bytes (24.9%)
(RDMA_READ_CONSUME_CHECK_CONSUMER) timestamp=2056 ms, used_size=10209280 bytes (24.9%)
(RDMA_READ_CONSUME_CHECK_CONSUMER) timestamp=2056 ms, used_size=10207232 bytes (24.9%)
(RDMA_READ_CONSUME_CHECK_CONSUMER) timestamp=2056 ms, used_size=10205184 bytes (24.9%)
(RDMA_READ_CONSUME_CHECK_CONSUMER) timestamp=2056 ms, used_size=10203136 bytes (24.9%)
(RDMA_READ_CONSUME_CHECK_CONSUMER) timestamp=2056 ms, used_size=10201088 bytes (24.9%)
(RDMA_READ_CONSUME_CHECK_CONSUMER) timestamp=2056 ms, used_size=10199040 bytes (24.9%)
(RDMA_READ_CONSUME_CHECK_CONSUMER) timestamp=2056 ms, used_size=10196992 bytes (24.9%)
(RDMA_READ_CONSUME_CHECK_CONSUMER) timestamp=2056 ms, used_size=10194944 bytes (24.9%)
(RDMA_READ_CONSUME_CHECK_CONSUMER) timestamp=2056 ms, used_size=10192896 bytes (24.9%)
(RDMA_READ_CONSUME_CHECK_CONSUMER) timestamp=2056 ms, used_size=10190848 bytes (24.9%)
(RDMA_READ_CONSUME_CHECK_CONSUMER) timestamp=2056 ms, used_size=10188800 bytes (24.9%)
(RDMA_READ_CONSUME_CHECK_CONSUMER) timestamp=2056 ms, used_size=10186752 bytes (24.9%)
(RDMA_READ_CONSUME_CHECK_CONSUMER) timestamp=2056 ms, used_size=10184704 bytes (24.9%)
(RDMA_READ_CONSUME_CHECK_CONSUMER) timestamp=2056 ms, used_size=10182656 bytes (24.9%)
(RDMA_READ_CONSUME_CHECK_CONSUMER) timestamp=2056 ms, used_size=10180608 bytes (24.9%)
(RDMA_READ_CONSUME_CHECK_CONSUMER) timestamp=2056 ms, used_size=10178560 bytes (24.9%)
(RDMA_READ_CONSUME_CHECK_CONSUMER) timestamp=2056 ms, used_size=10176512 bytes (24.8%)
(RDMA_READ_CONSUME_CHECK_CONSUMER) timestamp=2056 ms, used_size=10174464 bytes (24.8%)
(RDMA_READ_CONSUME_CHECK_CONSUMER) timestamp=2056 ms, used_size=10172416 bytes (24.8%)
(RDMA_READ_CONSUME_CHECK_CONSUMER) timestamp=2056 ms, used_size=10170368 bytes (24.8%)
(RDMA_READ_CONSUME_CHECK_CONSUMER) timestamp=2056 ms, used_size=10168320 bytes (24.8%)
(RDMA_READ_CONSUME_CHECK_CONSUMER) timestamp=2056 ms, used_size=10166272 bytes (24.8%)
(RDMA_READ_CONSUME_CHECK_CONSUMER) timestamp=2056 ms, used_size=10164224 bytes (24.8%)
(RDMA_READ_CONSUME_CHECK_CONSUMER) timestamp=2056 ms, used_size=10162176 bytes (24.8%)
(RDMA_READ_CONSUME_CHECK_CONSUMER) timestamp=2056 ms, used_size=10160128 bytes (24.8%)
(RDMA_READ_CONSUME_CHECK_CONSUMER) timestamp=2056 ms, used_size=10158080 bytes (24.8%)
(RDMA_READ_CONSUME_CHECK_CONSUMER) timestamp=2056 ms, used_size=10156032 bytes (24.8%)
(RDMA_READ_CONSUME_CHECK_CONSUMER) timestamp=2056 ms, used_size=10153984 bytes (24.8%)
(RDMA_READ_CONSUME_CHECK_CONSUMER) timestamp=2056 ms, used_size=10151936 bytes (24.8%)
(RDMA_READ_CONSUME_CHECK_CONSUMER) timestamp=2056 ms, used_size=10149888 bytes (24.8%)
(RDMA_READ_CONSUME_CHECK_CONSUMER) timestamp=2056 ms, used_size=10147840 bytes (24.8%)
(RDMA_READ_CONSUME_CHECK_CONSUMER) timestamp=2056 ms, used_size=10145792 bytes (24.8%)
(RDMA_READ_CONSUME_CHECK_CONSUMER) timestamp=2056 ms, used_size=10143744 bytes (24.8%)
(RDMA_READ_CONSUME_CHECK_CONSUMER) timestamp=2056 ms, used_size=10141696 bytes (24.8%)
(RDMA_READ_CONSUME_CHECK_CONSUMER) timestamp=2056 ms, used_size=10139648 bytes (24.8%)
(RDMA_READ_CONSUME_CHECK_CONSUMER) timestamp=2056 ms, used_size=10137600 bytes (24.8%)
(RDMA_READ_CONSUME_CHECK_CONSUMER) timestamp=2056 ms, used_size=10135552 bytes (24.7%)
(RDMA_READ_CONSUME_CHECK_CONSUMER) timestamp=2056 ms, used_size=10133504 bytes (24.7%)
(RDMA_READ_CONSUME_CHECK_CONSUMER) timestamp=2056 ms, used_size=10131456 bytes (24.7%)
(RDMA_READ_CONSUME_CHECK_CONSUMER) timestamp=2057 ms, used_size=10129408 bytes (24.7%)
(RDMA_READ_CONSUME_CHECK_CONSUMER) timestamp=2057 ms, used_size=10127360 bytes (24.7%)
(RDMA_READ_CONSUME_CHECK_CONSUMER) timestamp=2057 ms, used_size=10125312 bytes (24.7%)
(RDMA_READ_CONSUME_CHECK_CONSUMER) timestamp=2057 ms, used_size=10123264 bytes (24.7%)
(RDMA_READ_CONSUME_CHECK_CONSUMER) timestamp=2057 ms, used_size=10121216 bytes (24.7%)
(RDMA_READ_CONSUME_CHECK_CONSUMER) timestamp=2057 ms, used_size=10119168 bytes (24.7%)
(RDMA_READ_CONSUME_CHECK_CONSUMER) timestamp=2057 ms, used_size=10117120 bytes (24.7%)
(RDMA_READ_CONSUME_CHECK_CONSUMER) timestamp=2057 ms, used_size=10115072 bytes (24.7%)
(RDMA_READ_CONSUME_CHECK_CONSUMER) timestamp=2057 ms, used_size=10113024 bytes (24.7%)
(RDMA_READ_CONSUME_CHECK_CONSUMER) timestamp=2057 ms, used_size=10110976 bytes (24.7%)
(RDMA_READ_CONSUME_CHECK_CONSUMER) timestamp=2057 ms, used_size=10108928 bytes (24.7%)
(RDMA_READ_CONSUME_CHECK_CONSUMER) timestamp=2057 ms, used_size=10106880 bytes (24.7%)
(RDMA_READ_CONSUME_CHECK_CONSUMER) timestamp=2057 ms, used_size=10104832 bytes (24.7%)
(RDMA_READ_CONSUME_CHECK_CONSUMER) timestamp=2057 ms, used_size=10102784 bytes (24.7%)
(RDMA_READ_CONSUME_CHECK_CONSUMER) timestamp=2057 ms, used_size=10100736 bytes (24.7%)
(RDMA_READ_CONSUME_CHECK_CONSUMER) timestamp=2057 ms, used_size=10098688 bytes (24.7%)
(RDMA_READ_CONSUME_CHECK_CONSUMER) timestamp=2057 ms, used_size=10096640 bytes (24.6%)
(RDMA_READ_CONSUME_CHECK_CONSUMER) timestamp=2057 ms, used_size=10094592 bytes (24.6%)
(RDMA_READ_CONSUME_CHECK_CONSUMER) timestamp=2057 ms, used_size=10092544 bytes (24.6%)
(RDMA_READ_CONSUME_CHECK_CONSUMER) timestamp=2057 ms, used_size=10090496 bytes (24.6%)
(RDMA_READ_CONSUME_CHECK_CONSUMER) timestamp=2057 ms, used_size=10088448 bytes (24.6%)
(RDMA_READ_CONSUME_CHECK_CONSUMER) timestamp=2057 ms, used_size=10086400 bytes (24.6%)
(RDMA_READ_CONSUME_CHECK_CONSUMER) timestamp=2057 ms, used_size=10084352 bytes (24.6%)
(RDMA_READ_CONSUME_CHECK_CONSUMER) timestamp=2057 ms, used_size=10082304 bytes (24.6%)
(RDMA_READ_CONSUME_CHECK_CONSUMER) timestamp=2057 ms, used_size=10080256 bytes (24.6%)
(RDMA_READ_CONSUME_CHECK_CONSUMER) timestamp=2057 ms, used_size=10078208 bytes (24.6%)
(RDMA_READ_CONSUME_CHECK_CONSUMER) timestamp=2057 ms, used_size=10076160 bytes (24.6%)
(RDMA_READ_CONSUME_CHECK_CONSUMER) timestamp=2057 ms, used_size=10074112 bytes (24.6%)
(RDMA_READ_CONSUME_CHECK_CONSUMER) timestamp=2057 ms, used_size=10072064 bytes (24.6%)
(RDMA_READ_CONSUME_CHECK_CONSUMER) timestamp=2057 ms, used_size=10070016 bytes (24.6%)
(RDMA_READ_CONSUME_CHECK_CONSUMER) timestamp=2057 ms, used_size=10067968 bytes (24.6%)
(RDMA_READ_CONSUME_CHECK_CONSUMER) timestamp=2057 ms, used_size=10065920 bytes (24.6%)
(RDMA_READ_CONSUME_CHECK_CONSUMER) timestamp=2057 ms, used_size=10063872 bytes (24.6%)
(RDMA_READ_CONSUME_CHECK_CONSUMER) timestamp=2057 ms, used_size=10061824 bytes (24.6%)
(RDMA_READ_CONSUME_CHECK_CONSUMER) timestamp=2057 ms, used_size=10059776 bytes (24.6%)
(RDMA_READ_CONSUME_CHECK_CONSUMER) timestamp=2057 ms, used_size=10057728 bytes (24.6%)
(RDMA_READ_CONSUME_CHECK_CONSUMER) timestamp=2057 ms, used_size=10055680 bytes (24.6%)
(RDMA_READ_CONSUME_CHECK_CONSUMER) timestamp=2057 ms, used_size=10053632 bytes (24.5%)
(RDMA_READ_CONSUME_CHECK_CONSUMER) timestamp=2057 ms, used_size=10051584 bytes (24.5%)
(RDMA_READ_CONSUME_CHECK_CONSUMER) timestamp=2057 ms, used_size=10049536 bytes (24.5%)
(RDMA_READ_CONSUME_CHECK_CONSUMER) timestamp=2057 ms, used_size=10047488 bytes (24.5%)
(RDMA_READ_CONSUME_CHECK_CONSUMER) timestamp=2057 ms, used_size=10045440 bytes (24.5%)
(RDMA_READ_CONSUME_CHECK_CONSUMER) timestamp=2057 ms, used_size=10043392 bytes (24.5%)
(RDMA_READ_CONSUME_CHECK_CONSUMER) timestamp=2057 ms, used_size=10041344 bytes (24.5%)
(RDMA_READ_CONSUME_CHECK_CONSUMER) timestamp=2057 ms, used_size=10039296 bytes (24.5%)
(RDMA_READ_CONSUME_CHECK_CONSUMER) timestamp=2057 ms, used_size=10037248 bytes (24.5%)
(RDMA_READ_CONSUME_CHECK_CONSUMER) timestamp=2057 ms, used_size=10035200 bytes (24.5%)
(RDMA_READ_CONSUME_CHECK_CONSUMER) timestamp=2057 ms, used_size=10033152 bytes (24.5%)
(RDMA_READ_CONSUME_CHECK_CONSUMER) timestamp=2057 ms, used_size=10031104 bytes (24.5%)
(RDMA_READ_CONSUME_CHECK_CONSUMER) timestamp=2057 ms, used_size=10029056 bytes (24.5%)
(RDMA_READ_CONSUME_CHECK_CONSUMER) timestamp=2057 ms, used_size=10027008 bytes (24.5%)
(RDMA_READ_CONSUME_CHECK_CONSUMER) timestamp=2057 ms, used_size=10024960 bytes (24.5%)
(RDMA_READ_CONSUME_CHECK_CONSUMER) timestamp=2057 ms, used_size=10022912 bytes (24.5%)
(RDMA_READ_CONSUME_CHECK_CONSUMER) timestamp=2057 ms, used_size=10020864 bytes (24.5%)
(RDMA_READ_CONSUME_CHECK_CONSUMER) timestamp=2057 ms, used_size=10018816 bytes (24.5%)
(RDMA_READ_CONSUME_CHECK_CONSUMER) timestamp=2057 ms, used_size=10016768 bytes (24.5%)
(RDMA_READ_CONSUME_CHECK_CONSUMER) timestamp=2057 ms, used_size=10014720 bytes (24.4%)
(RDMA_READ_CONSUME_CHECK_CONSUMER) timestamp=2057 ms, used_size=10012672 bytes (24.4%)
(RDMA_READ_CONSUME_CHECK_CONSUMER) timestamp=2057 ms, used_size=10010624 bytes (24.4%)
(RDMA_READ_CONSUME_CHECK_CONSUMER) timestamp=2057 ms, used_size=10008576 bytes (24.4%)
(RDMA_READ_CONSUME_CHECK_CONSUMER) timestamp=2057 ms, used_size=10006528 bytes (24.4%)
(RDMA_READ_CONSUME_CHECK_CONSUMER) timestamp=2057 ms, used_size=10004480 bytes (24.4%)
(RDMA_READ_CONSUME_CHECK_CONSUMER) timestamp=2057 ms, used_size=10002432 bytes (24.4%)
(RDMA_READ_CONSUME_CHECK_CONSUMER) timestamp=2057 ms, used_size=10000384 bytes (24.4%)
(RDMA_READ_CONSUME_CHECK_CONSUMER) timestamp=2057 ms, used_size=9998336 bytes (24.4%)
(RDMA_READ_CONSUME_CHECK_CONSUMER) timestamp=2057 ms, used_size=9996288 bytes (24.4%)
(RDMA_READ_CONSUME_CHECK_CONSUMER) timestamp=2057 ms, used_size=9994240 bytes (24.4%)
(RDMA_READ_CONSUME_CHECK_CONSUMER) timestamp=2057 ms, used_size=9992192 bytes (24.4%)
(RDMA_READ_CONSUME_CHECK_CONSUMER) timestamp=2057 ms, used_size=9990144 bytes (24.4%)
(RDMA_READ_CONSUME_CHECK_CONSUMER) timestamp=2057 ms, used_size=9988096 bytes (24.4%)
(RDMA_READ_CONSUME_CHECK_CONSUMER) timestamp=2057 ms, used_size=9986048 bytes (24.4%)
(RDMA_READ_CONSUME_CHECK_CONSUMER) timestamp=2057 ms, used_size=9984000 bytes (24.4%)
(RDMA_READ_CONSUME_CHECK_CONSUMER) timestamp=2057 ms, used_size=9981952 bytes (24.4%)
(RDMA_READ_CONSUME_CHECK_CONSUMER) timestamp=2057 ms, used_size=9979904 bytes (24.4%)
(RDMA_READ_CONSUME_CHECK_CONSUMER) timestamp=2057 ms, used_size=9977856 bytes (24.4%)
(RDMA_READ_CONSUME_CHECK_CONSUMER) timestamp=2057 ms, used_size=9975808 bytes (24.4%)
(RDMA_READ_CONSUME_CHECK_CONSUMER) timestamp=2057 ms, used_size=9973760 bytes (24.4%)
(RDMA_READ_CONSUME_CHECK_CONSUMER) timestamp=2057 ms, used_size=9971712 bytes (24.3%)
(RDMA_READ_CONSUME_CHECK_CONSUMER) timestamp=2057 ms, used_size=9969664 bytes (24.3%)
(RDMA_READ_CONSUME_CHECK_CONSUMER) timestamp=2057 ms, used_size=9967616 bytes (24.3%)
(RDMA_READ_CONSUME_CHECK_CONSUMER) timestamp=2057 ms, used_size=9965568 bytes (24.3%)
(RDMA_READ_CONSUME_CHECK_CONSUMER) timestamp=2057 ms, used_size=9963520 bytes (24.3%)
(RDMA_READ_CONSUME_CHECK_CONSUMER) timestamp=2057 ms, used_size=9961472 bytes (24.3%)
(RDMA_READ_CONSUME_CHECK_CONSUMER) timestamp=2057 ms, used_size=9959424 bytes (24.3%)
(RDMA_READ_CONSUME_CHECK_CONSUMER) timestamp=2057 ms, used_size=9957376 bytes (24.3%)
(RDMA_READ_CONSUME_CHECK_CONSUMER) timestamp=2057 ms, used_size=9955328 bytes (24.3%)
(RDMA_READ_CONSUME_CHECK_CONSUMER) timestamp=2057 ms, used_size=9953280 bytes (24.3%)
(RDMA_READ_CONSUME_CHECK_CONSUMER) timestamp=2057 ms, used_size=9951232 bytes (24.3%)
(RDMA_READ_CONSUME_CHECK_CONSUMER) timestamp=2057 ms, used_size=9949184 bytes (24.3%)
(RDMA_READ_CONSUME_CHECK_CONSUMER) timestamp=2057 ms, used_size=9947136 bytes (24.3%)
(RDMA_READ_CONSUME_CHECK_CONSUMER) timestamp=2057 ms, used_size=9945088 bytes (24.3%)
(RDMA_READ_CONSUME_CHECK_CONSUMER) timestamp=2057 ms, used_size=9943040 bytes (24.3%)
(RDMA_READ_CONSUME_CHECK_CONSUMER) timestamp=2057 ms, used_size=9940992 bytes (24.3%)
(RDMA_READ_CONSUME_CHECK_CONSUMER) timestamp=2057 ms, used_size=9938944 bytes (24.3%)
(RDMA_READ_CONSUME_CHECK_CONSUMER) timestamp=2057 ms, used_size=9936896 bytes (24.3%)
(RDMA_READ_CONSUME_CHECK_CONSUMER) timestamp=2057 ms, used_size=9934848 bytes (24.3%)
(RDMA_READ_CONSUME_CHECK_CONSUMER) timestamp=2057 ms, used_size=9932800 bytes (24.2%)
(RDMA_READ_CONSUME_CHECK_CONSUMER) timestamp=2057 ms, used_size=9930752 bytes (24.2%)
(RDMA_READ_CONSUME_CHECK_CONSUMER) timestamp=2057 ms, used_size=9928704 bytes (24.2%)
(RDMA_READ_CONSUME_CHECK_CONSUMER) timestamp=2057 ms, used_size=9926656 bytes (24.2%)
(RDMA_READ_CONSUME_CHECK_CONSUMER) timestamp=2057 ms, used_size=9924608 bytes (24.2%)
(RDMA_READ_CONSUME_CHECK_CONSUMER) timestamp=2057 ms, used_size=9922560 bytes (24.2%)
(RDMA_READ_CONSUME_CHECK_CONSUMER) timestamp=2057 ms, used_size=9920512 bytes (24.2%)
(RDMA_READ_CONSUME_CHECK_CONSUMER) timestamp=2057 ms, used_size=9918464 bytes (24.2%)
(RDMA_READ_CONSUME_CHECK_CONSUMER) timestamp=2057 ms, used_size=9916416 bytes (24.2%)
(RDMA_READ_CONSUME_CHECK_CONSUMER) timestamp=2057 ms, used_size=9914368 bytes (24.2%)
(RDMA_READ_CONSUME_CHECK_CONSUMER) timestamp=2057 ms, used_size=9912320 bytes (24.2%)
(RDMA_READ_CONSUME_CHECK_CONSUMER) timestamp=2057 ms, used_size=9910272 bytes (24.2%)
(RDMA_READ_CONSUME_CHECK_CONSUMER) timestamp=2057 ms, used_size=9908224 bytes (24.2%)
(RDMA_READ_CONSUME_CHECK_CONSUMER) timestamp=2057 ms, used_size=9906176 bytes (24.2%)
(RDMA_READ_CONSUME_CHECK_CONSUMER) timestamp=2057 ms, used_size=9904128 bytes (24.2%)
(RDMA_READ_CONSUME_CHECK_CONSUMER) timestamp=2057 ms, used_size=9902080 bytes (24.2%)
(RDMA_READ_CONSUME_CHECK_CONSUMER) timestamp=2057 ms, used_size=9900032 bytes (24.2%)
(RDMA_READ_CONSUME_CHECK_CONSUMER) timestamp=2057 ms, used_size=9897984 bytes (24.2%)
(RDMA_READ_CONSUME_CHECK_CONSUMER) timestamp=2057 ms, used_size=9895936 bytes (24.2%)
(RDMA_READ_CONSUME_CHECK_CONSUMER) timestamp=2057 ms, used_size=9893888 bytes (24.2%)
(RDMA_READ_CONSUME_CHECK_CONSUMER) timestamp=2057 ms, used_size=9891840 bytes (24.1%)
(RDMA_READ_CONSUME_CHECK_CONSUMER) timestamp=2057 ms, used_size=9889792 bytes (24.1%)
(RDMA_READ_CONSUME_CHECK_CONSUMER) timestamp=2057 ms, used_size=9887744 bytes (24.1%)
(RDMA_READ_CONSUME_CHECK_CONSUMER) timestamp=2057 ms, used_size=9885696 bytes (24.1%)
(RDMA_READ_CONSUME_CHECK_CONSUMER) timestamp=2057 ms, used_size=9883648 bytes (24.1%)
(RDMA_READ_CONSUME_CHECK_CONSUMER) timestamp=2057 ms, used_size=9881600 bytes (24.1%)
(RDMA_READ_CONSUME_CHECK_CONSUMER) timestamp=2057 ms, used_size=9879552 bytes (24.1%)
(RDMA_READ_CONSUME_CHECK_CONSUMER) timestamp=2057 ms, used_size=9877504 bytes (24.1%)
(RDMA_READ_CONSUME_CHECK_CONSUMER) timestamp=2057 ms, used_size=9875456 bytes (24.1%)
(RDMA_READ_CONSUME_CHECK_CONSUMER) timestamp=2057 ms, used_size=9873408 bytes (24.1%)
(RDMA_READ_CONSUME_CHECK_CONSUMER) timestamp=2057 ms, used_size=9871360 bytes (24.1%)
(RDMA_READ_CONSUME_CHECK_CONSUMER) timestamp=2057 ms, used_size=9869312 bytes (24.1%)
(RDMA_READ_CONSUME_CHECK_CONSUMER) timestamp=2057 ms, used_size=9867264 bytes (24.1%)
(RDMA_READ_CONSUME_CHECK_CONSUMER) timestamp=2057 ms, used_size=9865216 bytes (24.1%)
(RDMA_READ_CONSUME_CHECK_CONSUMER) timestamp=2057 ms, used_size=9863168 bytes (24.1%)
(RDMA_READ_CONSUME_CHECK_CONSUMER) timestamp=2057 ms, used_size=9861120 bytes (24.1%)
(RDMA_READ_CONSUME_CHECK_CONSUMER) timestamp=2057 ms, used_size=9859072 bytes (24.1%)
(RDMA_READ_CONSUME_CHECK_CONSUMER) timestamp=2057 ms, used_size=9857024 bytes (24.1%)
(RDMA_READ_CONSUME_CHECK_CONSUMER) timestamp=2057 ms, used_size=9854976 bytes (24.1%)
(RDMA_READ_CONSUME_CHECK_CONSUMER) timestamp=2057 ms, used_size=9852928 bytes (24.1%)
(RDMA_READ_CONSUME_CHECK_CONSUMER) timestamp=2057 ms, used_size=9850880 bytes (24.1%)
(RDMA_READ_CONSUME_CHECK_CONSUMER) timestamp=2057 ms, used_size=9848832 bytes (24.0%)
(RDMA_READ_CONSUME_CHECK_CONSUMER) timestamp=2057 ms, used_size=9846784 bytes (24.0%)
(RDMA_READ_CONSUME_CHECK_CONSUMER) timestamp=2057 ms, used_size=9844736 bytes (24.0%)
(RDMA_READ_CONSUME_CHECK_CONSUMER) timestamp=2057 ms, used_size=9842688 bytes (24.0%)
(RDMA_READ_CONSUME_CHECK_CONSUMER) timestamp=2057 ms, used_size=9840640 bytes (24.0%)
(RDMA_READ_CONSUME_CHECK_CONSUMER) timestamp=2057 ms, used_size=9838592 bytes (24.0%)
(RDMA_READ_CONSUME_CHECK_CONSUMER) timestamp=2057 ms, used_size=9836544 bytes (24.0%)
(RDMA_READ_CONSUME_CHECK_CONSUMER) timestamp=2057 ms, used_size=9834496 bytes (24.0%)
(RDMA_READ_CONSUME_CHECK_CONSUMER) timestamp=2057 ms, used_size=9832448 bytes (24.0%)
(RDMA_READ_CONSUME_CHECK_CONSUMER) timestamp=2057 ms, used_size=9830400 bytes (24.0%)
(RDMA_READ_CONSUME_CHECK_CONSUMER) timestamp=2057 ms, used_size=9828352 bytes (24.0%)
(RDMA_READ_CONSUME_CHECK_CONSUMER) timestamp=2057 ms, used_size=9826304 bytes (24.0%)
(RDMA_READ_CONSUME_CHECK_CONSUMER) timestamp=2057 ms, used_size=9824256 bytes (24.0%)
(RDMA_READ_CONSUME_CHECK_CONSUMER) timestamp=2057 ms, used_size=9822208 bytes (24.0%)
(RDMA_READ_CONSUME_CHECK_CONSUMER) timestamp=2057 ms, used_size=9820160 bytes (24.0%)
(RDMA_READ_CONSUME_CHECK_CONSUMER) timestamp=2057 ms, used_size=9818112 bytes (24.0%)
(RDMA_READ_CONSUME_CHECK_CONSUMER) timestamp=2057 ms, used_size=9816064 bytes (24.0%)
(RDMA_READ_CONSUME_CHECK_CONSUMER) timestamp=2057 ms, used_size=9814016 bytes (24.0%)
(RDMA_READ_CONSUME_CHECK_CONSUMER) timestamp=2057 ms, used_size=9811968 bytes (24.0%)
(RDMA_READ_CONSUME_CHECK_CONSUMER) timestamp=2057 ms, used_size=9809920 bytes (23.9%)
(RDMA_READ_CONSUME_CHECK_CONSUMER) timestamp=2057 ms, used_size=9807872 bytes (23.9%)
(RDMA_READ_CONSUME_CHECK_CONSUMER) timestamp=2057 ms, used_size=9805824 bytes (23.9%)
(RDMA_READ_CONSUME_CHECK_CONSUMER) timestamp=2057 ms, used_size=9803776 bytes (23.9%)
(RDMA_READ_CONSUME_CHECK_CONSUMER) timestamp=2057 ms, used_size=9801728 bytes (23.9%)
(RDMA_READ_CONSUME_CHECK_CONSUMER) timestamp=2057 ms, used_size=9799680 bytes (23.9%)
(RDMA_READ_CONSUME_CHECK_CONSUMER) timestamp=2057 ms, used_size=9797632 bytes (23.9%)
(RDMA_READ_CONSUME_CHECK_CONSUMER) timestamp=2057 ms, used_size=9795584 bytes (23.9%)
(RDMA_READ_CONSUME_CHECK_CONSUMER) timestamp=2057 ms, used_size=9793536 bytes (23.9%)
(RDMA_READ_CONSUME_CHECK_CONSUMER) timestamp=2057 ms, used_size=9791488 bytes (23.9%)
(RDMA_READ_CONSUME_CHECK_CONSUMER) timestamp=2057 ms, used_size=9789440 bytes (23.9%)
(RDMA_READ_CONSUME_CHECK_CONSUMER) timestamp=2057 ms, used_size=9787392 bytes (23.9%)
(RDMA_READ_CONSUME_CHECK_CONSUMER) timestamp=2057 ms, used_size=9785344 bytes (23.9%)
(RDMA_READ_CONSUME_CHECK_CONSUMER) timestamp=2057 ms, used_size=9783296 bytes (23.9%)
(RDMA_READ_CONSUME_CHECK_CONSUMER) timestamp=2057 ms, used_size=9781248 bytes (23.9%)
(RDMA_READ_CONSUME_CHECK_CONSUMER) timestamp=2057 ms, used_size=9779200 bytes (23.9%)
(RDMA_READ_CONSUME_CHECK_CONSUMER) timestamp=2057 ms, used_size=9777152 bytes (23.9%)
(RDMA_READ_CONSUME_CHECK_CONSUMER) timestamp=2057 ms, used_size=9775104 bytes (23.9%)
(RDMA_READ_CONSUME_CHECK_CONSUMER) timestamp=2057 ms, used_size=9773056 bytes (23.9%)
(RDMA_READ_CONSUME_CHECK_CONSUMER) timestamp=2057 ms, used_size=9771008 bytes (23.9%)
(RDMA_READ_CONSUME_CHECK_CONSUMER) timestamp=2057 ms, used_size=9768960 bytes (23.9%)
(RDMA_READ_CONSUME_CHECK_CONSUMER) timestamp=2057 ms, used_size=9766912 bytes (23.8%)
(RDMA_READ_CONSUME_CHECK_CONSUMER) timestamp=2057 ms, used_size=9764864 bytes (23.8%)
(RDMA_READ_CONSUME_CHECK_CONSUMER) timestamp=2057 ms, used_size=9762816 bytes (23.8%)
(RDMA_READ_CONSUME_CHECK_CONSUMER) timestamp=2057 ms, used_size=9760768 bytes (23.8%)
(RDMA_READ_CONSUME_CHECK_CONSUMER) timestamp=2057 ms, used_size=9758720 bytes (23.8%)
(RDMA_READ_CONSUME_CHECK_CONSUMER) timestamp=2057 ms, used_size=9756672 bytes (23.8%)
(RDMA_READ_CONSUME_CHECK_CONSUMER) timestamp=2057 ms, used_size=9754624 bytes (23.8%)
(RDMA_READ_CONSUME_CHECK_CONSUMER) timestamp=2057 ms, used_size=9752576 bytes (23.8%)
(RDMA_READ_CONSUME_CHECK_CONSUMER) timestamp=2057 ms, used_size=9750528 bytes (23.8%)
(RDMA_READ_CONSUME_CHECK_CONSUMER) timestamp=2058 ms, used_size=9748480 bytes (23.8%)
(RDMA_READ_CONSUME_CHECK_CONSUMER) timestamp=2058 ms, used_size=9746432 bytes (23.8%)
(RDMA_READ_CONSUME_CHECK_CONSUMER) timestamp=2058 ms, used_size=9744384 bytes (23.8%)
(RDMA_READ_CONSUME_CHECK_CONSUMER) timestamp=2058 ms, used_size=9742336 bytes (23.8%)
(RDMA_READ_CONSUME_CHECK_CONSUMER) timestamp=2058 ms, used_size=9740288 bytes (23.8%)
(RDMA_READ_CONSUME_CHECK_CONSUMER) timestamp=2058 ms, used_size=9738240 bytes (23.8%)
(RDMA_READ_CONSUME_CHECK_CONSUMER) timestamp=2058 ms, used_size=9736192 bytes (23.8%)
(RDMA_READ_CONSUME_CHECK_CONSUMER) timestamp=2058 ms, used_size=9734144 bytes (23.8%)
(RDMA_READ_CONSUME_CHECK_CONSUMER) timestamp=2058 ms, used_size=9732096 bytes (23.8%)
(RDMA_READ_CONSUME_CHECK_CONSUMER) timestamp=2058 ms, used_size=9730048 bytes (23.8%)
(RDMA_READ_CONSUME_CHECK_CONSUMER) timestamp=2058 ms, used_size=9728000 bytes (23.8%)
(RDMA_READ_CONSUME_CHECK_CONSUMER) timestamp=2058 ms, used_size=9725952 bytes (23.7%)
(RDMA_READ_CONSUME_CHECK_CONSUMER) timestamp=2058 ms, used_size=9723904 bytes (23.7%)
(RDMA_READ_CONSUME_CHECK_CONSUMER) timestamp=2058 ms, used_size=9721856 bytes (23.7%)
(RDMA_READ_CONSUME_CHECK_CONSUMER) timestamp=2058 ms, used_size=9719808 bytes (23.7%)
(RDMA_READ_CONSUME_CHECK_CONSUMER) timestamp=2058 ms, used_size=9717760 bytes (23.7%)
(RDMA_READ_CONSUME_CHECK_CONSUMER) timestamp=2058 ms, used_size=9715712 bytes (23.7%)
(RDMA_READ_CONSUME_CHECK_CONSUMER) timestamp=2058 ms, used_size=9713664 bytes (23.7%)
(RDMA_READ_CONSUME_CHECK_CONSUMER) timestamp=2058 ms, used_size=9711616 bytes (23.7%)
(RDMA_READ_CONSUME_CHECK_CONSUMER) timestamp=2058 ms, used_size=9709568 bytes (23.7%)
(RDMA_READ_CONSUME_CHECK_CONSUMER) timestamp=2058 ms, used_size=9707520 bytes (23.7%)
(RDMA_READ_CONSUME_CHECK_CONSUMER) timestamp=2058 ms, used_size=9705472 bytes (23.7%)
(RDMA_READ_CONSUME_CHECK_CONSUMER) timestamp=2058 ms, used_size=9703424 bytes (23.7%)
(RDMA_READ_CONSUME_CHECK_CONSUMER) timestamp=2058 ms, used_size=9701376 bytes (23.7%)
(RDMA_READ_CONSUME_CHECK_CONSUMER) timestamp=2058 ms, used_size=9699328 bytes (23.7%)
(RDMA_READ_CONSUME_CHECK_CONSUMER) timestamp=2058 ms, used_size=9697280 bytes (23.7%)
(RDMA_READ_CONSUME_CHECK_CONSUMER) timestamp=2058 ms, used_size=9695232 bytes (23.7%)
(RDMA_READ_CONSUME_CHECK_CONSUMER) timestamp=2058 ms, used_size=9693184 bytes (23.7%)
(RDMA_READ_CONSUME_CHECK_CONSUMER) timestamp=2058 ms, used_size=9691136 bytes (23.7%)
(RDMA_READ_CONSUME_CHECK_CONSUMER) timestamp=2058 ms, used_size=9689088 bytes (23.7%)
(RDMA_READ_CONSUME_CHECK_CONSUMER) timestamp=2058 ms, used_size=9687040 bytes (23.6%)
(RDMA_READ_CONSUME_CHECK_CONSUMER) timestamp=2058 ms, used_size=9684992 bytes (23.6%)
(RDMA_READ_CONSUME_CHECK_CONSUMER) timestamp=2058 ms, used_size=9682944 bytes (23.6%)
(RDMA_READ_CONSUME_CHECK_CONSUMER) timestamp=2058 ms, used_size=9680896 bytes (23.6%)
(RDMA_READ_CONSUME_CHECK_CONSUMER) timestamp=2058 ms, used_size=9678848 bytes (23.6%)
(RDMA_READ_CONSUME_CHECK_CONSUMER) timestamp=2058 ms, used_size=9676800 bytes (23.6%)
(RDMA_READ_CONSUME_CHECK_CONSUMER) timestamp=2058 ms, used_size=9674752 bytes (23.6%)
(RDMA_READ_CONSUME_CHECK_CONSUMER) timestamp=2058 ms, used_size=9672704 bytes (23.6%)
(RDMA_READ_CONSUME_CHECK_CONSUMER) timestamp=2058 ms, used_size=9670656 bytes (23.6%)
(RDMA_READ_CONSUME_CHECK_CONSUMER) timestamp=2058 ms, used_size=9668608 bytes (23.6%)
(RDMA_READ_CONSUME_CHECK_CONSUMER) timestamp=2058 ms, used_size=9666560 bytes (23.6%)
(RDMA_READ_CONSUME_CHECK_CONSUMER) timestamp=2058 ms, used_size=9664512 bytes (23.6%)
(RDMA_READ_CONSUME_CHECK_CONSUMER) timestamp=2058 ms, used_size=9662464 bytes (23.6%)
(RDMA_READ_CONSUME_CHECK_CONSUMER) timestamp=2058 ms, used_size=9660416 bytes (23.6%)
(RDMA_READ_CONSUME_CHECK_CONSUMER) timestamp=2058 ms, used_size=9658368 bytes (23.6%)
(RDMA_READ_CONSUME_CHECK_CONSUMER) timestamp=2058 ms, used_size=9656320 bytes (23.6%)
(RDMA_READ_CONSUME_CHECK_CONSUMER) timestamp=2058 ms, used_size=9654272 bytes (23.6%)
(RDMA_READ_CONSUME_CHECK_CONSUMER) timestamp=2058 ms, used_size=9652224 bytes (23.6%)
(RDMA_READ_CONSUME_CHECK_CONSUMER) timestamp=2058 ms, used_size=9650176 bytes (23.6%)
(RDMA_READ_CONSUME_CHECK_CONSUMER) timestamp=2058 ms, used_size=9648128 bytes (23.6%)
(RDMA_READ_CONSUME_CHECK_CONSUMER) timestamp=2058 ms, used_size=9646080 bytes (23.6%)
(RDMA_READ_CONSUME_CHECK_CONSUMER) timestamp=2058 ms, used_size=9644032 bytes (23.5%)
(RDMA_READ_CONSUME_CHECK_CONSUMER) timestamp=2058 ms, used_size=9641984 bytes (23.5%)
(RDMA_READ_CONSUME_CHECK_CONSUMER) timestamp=2058 ms, used_size=9639936 bytes (23.5%)
(RDMA_READ_CONSUME_CHECK_CONSUMER) timestamp=2058 ms, used_size=9637888 bytes (23.5%)
(RDMA_READ_CONSUME_CHECK_CONSUMER) timestamp=2058 ms, used_size=9635840 bytes (23.5%)
(RDMA_READ_CONSUME_CHECK_CONSUMER) timestamp=2058 ms, used_size=9633792 bytes (23.5%)
(RDMA_READ_CONSUME_CHECK_CONSUMER) timestamp=2058 ms, used_size=9631744 bytes (23.5%)
(RDMA_READ_CONSUME_CHECK_CONSUMER) timestamp=2058 ms, used_size=9629696 bytes (23.5%)
(RDMA_READ_CONSUME_CHECK_CONSUMER) timestamp=2058 ms, used_size=9627648 bytes (23.5%)
(RDMA_READ_CONSUME_CHECK_CONSUMER) timestamp=2058 ms, used_size=9625600 bytes (23.5%)
(RDMA_READ_CONSUME_CHECK_CONSUMER) timestamp=2058 ms, used_size=9623552 bytes (23.5%)
(RDMA_READ_CONSUME_CHECK_CONSUMER) timestamp=2058 ms, used_size=9621504 bytes (23.5%)
(RDMA_READ_CONSUME_CHECK_CONSUMER) timestamp=2058 ms, used_size=9619456 bytes (23.5%)
(RDMA_READ_CONSUME_CHECK_CONSUMER) timestamp=2058 ms, used_size=9617408 bytes (23.5%)
(RDMA_READ_CONSUME_CHECK_CONSUMER) timestamp=2058 ms, used_size=9615360 bytes (23.5%)
(RDMA_READ_CONSUME_CHECK_CONSUMER) timestamp=2058 ms, used_size=9613312 bytes (23.5%)
(RDMA_READ_CONSUME_CHECK_CONSUMER) timestamp=2058 ms, used_size=9611264 bytes (23.5%)
(RDMA_READ_CONSUME_CHECK_CONSUMER) timestamp=2058 ms, used_size=9609216 bytes (23.5%)
(RDMA_READ_CONSUME_CHECK_CONSUMER) timestamp=2058 ms, used_size=9607168 bytes (23.5%)
(RDMA_READ_CONSUME_CHECK_CONSUMER) timestamp=2058 ms, used_size=9605120 bytes (23.4%)
(RDMA_READ_CONSUME_CHECK_CONSUMER) timestamp=2058 ms, used_size=9603072 bytes (23.4%)
(RDMA_READ_CONSUME_CHECK_CONSUMER) timestamp=2058 ms, used_size=9601024 bytes (23.4%)
(RDMA_READ_CONSUME_CHECK_CONSUMER) timestamp=2058 ms, used_size=9598976 bytes (23.4%)
(RDMA_READ_CONSUME_CHECK_CONSUMER) timestamp=2058 ms, used_size=9596928 bytes (23.4%)
(RDMA_READ_CONSUME_CHECK_CONSUMER) timestamp=2058 ms, used_size=9594880 bytes (23.4%)
(RDMA_READ_CONSUME_CHECK_CONSUMER) timestamp=2058 ms, used_size=9592832 bytes (23.4%)
(RDMA_READ_CONSUME_CHECK_CONSUMER) timestamp=2058 ms, used_size=9590784 bytes (23.4%)
(RDMA_READ_CONSUME_CHECK_CONSUMER) timestamp=2058 ms, used_size=9588736 bytes (23.4%)
(RDMA_READ_CONSUME_CHECK_CONSUMER) timestamp=2058 ms, used_size=9586688 bytes (23.4%)
(RDMA_READ_CONSUME_CHECK_CONSUMER) timestamp=2058 ms, used_size=9584640 bytes (23.4%)
(RDMA_READ_CONSUME_CHECK_CONSUMER) timestamp=2058 ms, used_size=9582592 bytes (23.4%)
(RDMA_READ_CONSUME_CHECK_CONSUMER) timestamp=2058 ms, used_size=9580544 bytes (23.4%)
(RDMA_READ_CONSUME_CHECK_CONSUMER) timestamp=2058 ms, used_size=9578496 bytes (23.4%)
(RDMA_READ_CONSUME_CHECK_CONSUMER) timestamp=2058 ms, used_size=9576448 bytes (23.4%)
(RDMA_READ_CONSUME_CHECK_CONSUMER) timestamp=2058 ms, used_size=9574400 bytes (23.4%)
(RDMA_READ_CONSUME_CHECK_CONSUMER) timestamp=2058 ms, used_size=9572352 bytes (23.4%)
(RDMA_READ_CONSUME_CHECK_CONSUMER) timestamp=2058 ms, used_size=9570304 bytes (23.4%)
(RDMA_READ_CONSUME_CHECK_CONSUMER) timestamp=2058 ms, used_size=9568256 bytes (23.4%)
(RDMA_READ_CONSUME_CHECK_CONSUMER) timestamp=2058 ms, used_size=9566208 bytes (23.4%)
(RDMA_READ_CONSUME_CHECK_CONSUMER) timestamp=2058 ms, used_size=9564160 bytes (23.4%)
(RDMA_READ_CONSUME_CHECK_CONSUMER) timestamp=2058 ms, used_size=9562112 bytes (23.3%)
(RDMA_READ_CONSUME_CHECK_CONSUMER) timestamp=2058 ms, used_size=9560064 bytes (23.3%)
(RDMA_READ_CONSUME_CHECK_CONSUMER) timestamp=2058 ms, used_size=9558016 bytes (23.3%)
(RDMA_READ_CONSUME_CHECK_CONSUMER) timestamp=2058 ms, used_size=9555968 bytes (23.3%)
(RDMA_READ_CONSUME_CHECK_CONSUMER) timestamp=2058 ms, used_size=9553920 bytes (23.3%)
(RDMA_READ_CONSUME_CHECK_CONSUMER) timestamp=2058 ms, used_size=9551872 bytes (23.3%)
(RDMA_READ_CONSUME_CHECK_CONSUMER) timestamp=2058 ms, used_size=9549824 bytes (23.3%)
(RDMA_READ_CONSUME_CHECK_CONSUMER) timestamp=2058 ms, used_size=9547776 bytes (23.3%)
(RDMA_READ_CONSUME_CHECK_CONSUMER) timestamp=2058 ms, used_size=9545728 bytes (23.3%)
(RDMA_READ_CONSUME_CHECK_CONSUMER) timestamp=2058 ms, used_size=9543680 bytes (23.3%)
(RDMA_READ_CONSUME_CHECK_CONSUMER) timestamp=2058 ms, used_size=9541632 bytes (23.3%)
(RDMA_READ_CONSUME_CHECK_CONSUMER) timestamp=2058 ms, used_size=9539584 bytes (23.3%)
(RDMA_READ_CONSUME_CHECK_CONSUMER) timestamp=2058 ms, used_size=9537536 bytes (23.3%)
(RDMA_READ_CONSUME_CHECK_CONSUMER) timestamp=2058 ms, used_size=9535488 bytes (23.3%)
(RDMA_READ_CONSUME_CHECK_CONSUMER) timestamp=2058 ms, used_size=9533440 bytes (23.3%)
(RDMA_READ_CONSUME_CHECK_CONSUMER) timestamp=2058 ms, used_size=9531392 bytes (23.3%)
(RDMA_READ_CONSUME_CHECK_CONSUMER) timestamp=2058 ms, used_size=9529344 bytes (23.3%)
(RDMA_READ_CONSUME_CHECK_CONSUMER) timestamp=2058 ms, used_size=9527296 bytes (23.3%)
(RDMA_READ_CONSUME_CHECK_CONSUMER) timestamp=2058 ms, used_size=9525248 bytes (23.3%)
(RDMA_READ_CONSUME_CHECK_CONSUMER) timestamp=2058 ms, used_size=9523200 bytes (23.2%)
(RDMA_READ_CONSUME_CHECK_CONSUMER) timestamp=2058 ms, used_size=9521152 bytes (23.2%)
(RDMA_READ_CONSUME_CHECK_CONSUMER) timestamp=2058 ms, used_size=9519104 bytes (23.2%)
(RDMA_READ_CONSUME_CHECK_CONSUMER) timestamp=2058 ms, used_size=9517056 bytes (23.2%)
(RDMA_READ_CONSUME_CHECK_CONSUMER) timestamp=2058 ms, used_size=9515008 bytes (23.2%)
(RDMA_READ_CONSUME_CHECK_CONSUMER) timestamp=2058 ms, used_size=9512960 bytes (23.2%)
(RDMA_READ_CONSUME_CHECK_CONSUMER) timestamp=2058 ms, used_size=9510912 bytes (23.2%)
(RDMA_READ_CONSUME_CHECK_CONSUMER) timestamp=2058 ms, used_size=9508864 bytes (23.2%)
(RDMA_READ_CONSUME_CHECK_CONSUMER) timestamp=2058 ms, used_size=9506816 bytes (23.2%)
(RDMA_READ_CONSUME_CHECK_CONSUMER) timestamp=2058 ms, used_size=9504768 bytes (23.2%)
(RDMA_READ_CONSUME_CHECK_CONSUMER) timestamp=2058 ms, used_size=9502720 bytes (23.2%)
(RDMA_READ_CONSUME_CHECK_CONSUMER) timestamp=2058 ms, used_size=9500672 bytes (23.2%)
(RDMA_READ_CONSUME_CHECK_CONSUMER) timestamp=2058 ms, used_size=9498624 bytes (23.2%)
(RDMA_READ_CONSUME_CHECK_CONSUMER) timestamp=2058 ms, used_size=9496576 bytes (23.2%)
(RDMA_READ_CONSUME_CHECK_CONSUMER) timestamp=2058 ms, used_size=9494528 bytes (23.2%)
(RDMA_READ_CONSUME_CHECK_CONSUMER) timestamp=2058 ms, used_size=9492480 bytes (23.2%)
(RDMA_READ_CONSUME_CHECK_CONSUMER) timestamp=2058 ms, used_size=9490432 bytes (23.2%)
(RDMA_READ_CONSUME_CHECK_CONSUMER) timestamp=2058 ms, used_size=9488384 bytes (23.2%)
(RDMA_READ_CONSUME_CHECK_CONSUMER) timestamp=2058 ms, used_size=9486336 bytes (23.2%)
(RDMA_READ_CONSUME_CHECK_CONSUMER) timestamp=2058 ms, used_size=9484288 bytes (23.2%)
(RDMA_READ_CONSUME_CHECK_CONSUMER) timestamp=2058 ms, used_size=9482240 bytes (23.1%)
(RDMA_READ_CONSUME_CHECK_CONSUMER) timestamp=2058 ms, used_size=9480192 bytes (23.1%)
(RDMA_READ_CONSUME_CHECK_CONSUMER) timestamp=2058 ms, used_size=9478144 bytes (23.1%)
(RDMA_READ_CONSUME_CHECK_CONSUMER) timestamp=2058 ms, used_size=9476096 bytes (23.1%)
(RDMA_READ_CONSUME_CHECK_CONSUMER) timestamp=2058 ms, used_size=9474048 bytes (23.1%)
(RDMA_READ_CONSUME_CHECK_CONSUMER) timestamp=2058 ms, used_size=9472000 bytes (23.1%)
(RDMA_READ_CONSUME_CHECK_CONSUMER) timestamp=2058 ms, used_size=9469952 bytes (23.1%)
(RDMA_READ_CONSUME_CHECK_CONSUMER) timestamp=2058 ms, used_size=9467904 bytes (23.1%)
(RDMA_READ_CONSUME_CHECK_CONSUMER) timestamp=2058 ms, used_size=9465856 bytes (23.1%)
(RDMA_READ_CONSUME_CHECK_CONSUMER) timestamp=2058 ms, used_size=9463808 bytes (23.1%)
(RDMA_READ_CONSUME_CHECK_CONSUMER) timestamp=2058 ms, used_size=9461760 bytes (23.1%)
(RDMA_READ_CONSUME_CHECK_CONSUMER) timestamp=2058 ms, used_size=9459712 bytes (23.1%)
(RDMA_READ_CONSUME_CHECK_CONSUMER) timestamp=2058 ms, used_size=9457664 bytes (23.1%)
(RDMA_READ_CONSUME_CHECK_CONSUMER) timestamp=2058 ms, used_size=9455616 bytes (23.1%)
(RDMA_READ_CONSUME_CHECK_CONSUMER) timestamp=2058 ms, used_size=9453568 bytes (23.1%)
(RDMA_READ_CONSUME_CHECK_CONSUMER) timestamp=2058 ms, used_size=9451520 bytes (23.1%)
(RDMA_READ_CONSUME_CHECK_CONSUMER) timestamp=2058 ms, used_size=9449472 bytes (23.1%)
(RDMA_READ_CONSUME_CHECK_CONSUMER) timestamp=2058 ms, used_size=9447424 bytes (23.1%)
(RDMA_READ_CONSUME_CHECK_CONSUMER) timestamp=2058 ms, used_size=9445376 bytes (23.1%)
(RDMA_READ_CONSUME_CHECK_CONSUMER) timestamp=2058 ms, used_size=9443328 bytes (23.1%)
(RDMA_READ_CONSUME_CHECK_CONSUMER) timestamp=2058 ms, used_size=9441280 bytes (23.1%)
(RDMA_READ_CONSUME_CHECK_CONSUMER) timestamp=2058 ms, used_size=9439232 bytes (23.0%)
(RDMA_READ_CONSUME_CHECK_CONSUMER) timestamp=2058 ms, used_size=9437184 bytes (23.0%)
(RDMA_READ_CONSUME_CHECK_CONSUMER) timestamp=2058 ms, used_size=9435136 bytes (23.0%)
(RDMA_READ_CONSUME_CHECK_CONSUMER) timestamp=2058 ms, used_size=9433088 bytes (23.0%)
(RDMA_READ_CONSUME_CHECK_CONSUMER) timestamp=2058 ms, used_size=9431040 bytes (23.0%)
(RDMA_READ_CONSUME_CHECK_CONSUMER) timestamp=2058 ms, used_size=9428992 bytes (23.0%)
(RDMA_READ_CONSUME_CHECK_CONSUMER) timestamp=2058 ms, used_size=9426944 bytes (23.0%)
(RDMA_READ_CONSUME_CHECK_CONSUMER) timestamp=2058 ms, used_size=9424896 bytes (23.0%)
(RDMA_READ_CONSUME_CHECK_CONSUMER) timestamp=2058 ms, used_size=9422848 bytes (23.0%)
(RDMA_READ_CONSUME_CHECK_CONSUMER) timestamp=2058 ms, used_size=9420800 bytes (23.0%)
(RDMA_READ_CONSUME_CHECK_CONSUMER) timestamp=2058 ms, used_size=9418752 bytes (23.0%)
(RDMA_READ_CONSUME_CHECK_CONSUMER) timestamp=2058 ms, used_size=9416704 bytes (23.0%)
(RDMA_READ_CONSUME_CHECK_CONSUMER) timestamp=2058 ms, used_size=9414656 bytes (23.0%)
(RDMA_READ_CONSUME_CHECK_CONSUMER) timestamp=2058 ms, used_size=9412608 bytes (23.0%)
(RDMA_READ_CONSUME_CHECK_CONSUMER) timestamp=2058 ms, used_size=9410560 bytes (23.0%)
(RDMA_READ_CONSUME_CHECK_CONSUMER) timestamp=2058 ms, used_size=9408512 bytes (23.0%)
(RDMA_READ_CONSUME_CHECK_CONSUMER) timestamp=2058 ms, used_size=9406464 bytes (23.0%)
(RDMA_READ_CONSUME_CHECK_CONSUMER) timestamp=2058 ms, used_size=9404416 bytes (23.0%)
(RDMA_READ_CONSUME_CHECK_CONSUMER) timestamp=2058 ms, used_size=9402368 bytes (23.0%)
(RDMA_READ_CONSUME_CHECK_CONSUMER) timestamp=2058 ms, used_size=9400320 bytes (22.9%)
(RDMA_READ_CONSUME_CHECK_CONSUMER) timestamp=2058 ms, used_size=9398272 bytes (22.9%)
(RDMA_READ_CONSUME_CHECK_CONSUMER) timestamp=2058 ms, used_size=9396224 bytes (22.9%)
(RDMA_READ_CONSUME_CHECK_CONSUMER) timestamp=2058 ms, used_size=9394176 bytes (22.9%)
(RDMA_READ_CONSUME_CHECK_CONSUMER) timestamp=2058 ms, used_size=9392128 bytes (22.9%)
(RDMA_READ_CONSUME_CHECK_CONSUMER) timestamp=2058 ms, used_size=9390080 bytes (22.9%)
(RDMA_READ_CONSUME_CHECK_CONSUMER) timestamp=2058 ms, used_size=9388032 bytes (22.9%)
(RDMA_READ_CONSUME_CHECK_CONSUMER) timestamp=2058 ms, used_size=9385984 bytes (22.9%)
(RDMA_READ_CONSUME_CHECK_CONSUMER) timestamp=2058 ms, used_size=9383936 bytes (22.9%)
(RDMA_READ_CONSUME_CHECK_CONSUMER) timestamp=2059 ms, used_size=9381888 bytes (22.9%)
(RDMA_READ_CONSUME_CHECK_CONSUMER) timestamp=2059 ms, used_size=9379840 bytes (22.9%)
(RDMA_READ_CONSUME_CHECK_CONSUMER) timestamp=2059 ms, used_size=9377792 bytes (22.9%)
(RDMA_READ_CONSUME_CHECK_CONSUMER) timestamp=2059 ms, used_size=9375744 bytes (22.9%)
(RDMA_READ_CONSUME_CHECK_CONSUMER) timestamp=2059 ms, used_size=9373696 bytes (22.9%)
(RDMA_READ_CONSUME_CHECK_CONSUMER) timestamp=2059 ms, used_size=9371648 bytes (22.9%)
(RDMA_READ_CONSUME_CHECK_CONSUMER) timestamp=2059 ms, used_size=9369600 bytes (22.9%)
(RDMA_READ_CONSUME_CHECK_CONSUMER) timestamp=2059 ms, used_size=9367552 bytes (22.9%)
(RDMA_READ_CONSUME_CHECK_CONSUMER) timestamp=2059 ms, used_size=9365504 bytes (22.9%)
(RDMA_READ_CONSUME_CHECK_CONSUMER) timestamp=2059 ms, used_size=9363456 bytes (22.9%)
(RDMA_READ_CONSUME_CHECK_CONSUMER) timestamp=2059 ms, used_size=9361408 bytes (22.9%)
(RDMA_READ_CONSUME_CHECK_CONSUMER) timestamp=2059 ms, used_size=9359360 bytes (22.9%)
(RDMA_READ_CONSUME_CHECK_CONSUMER) timestamp=2059 ms, used_size=9357312 bytes (22.8%)
(RDMA_READ_CONSUME_CHECK_CONSUMER) timestamp=2059 ms, used_size=9355264 bytes (22.8%)
(RDMA_READ_CONSUME_CHECK_CONSUMER) timestamp=2059 ms, used_size=9353216 bytes (22.8%)
(RDMA_READ_CONSUME_CHECK_CONSUMER) timestamp=2059 ms, used_size=9351168 bytes (22.8%)
(RDMA_READ_CONSUME_CHECK_CONSUMER) timestamp=2059 ms, used_size=9349120 bytes (22.8%)
(RDMA_READ_CONSUME_CHECK_CONSUMER) timestamp=2059 ms, used_size=9347072 bytes (22.8%)
(RDMA_READ_CONSUME_CHECK_CONSUMER) timestamp=2059 ms, used_size=9345024 bytes (22.8%)
(RDMA_READ_CONSUME_CHECK_CONSUMER) timestamp=2059 ms, used_size=9342976 bytes (22.8%)
(RDMA_READ_CONSUME_CHECK_CONSUMER) timestamp=2059 ms, used_size=9340928 bytes (22.8%)
(RDMA_READ_CONSUME_CHECK_CONSUMER) timestamp=2059 ms, used_size=9338880 bytes (22.8%)
(RDMA_READ_CONSUME_CHECK_CONSUMER) timestamp=2059 ms, used_size=9336832 bytes (22.8%)
(RDMA_READ_CONSUME_CHECK_CONSUMER) timestamp=2059 ms, used_size=9334784 bytes (22.8%)
(RDMA_READ_CONSUME_CHECK_CONSUMER) timestamp=2059 ms, used_size=9332736 bytes (22.8%)
(RDMA_READ_CONSUME_CHECK_CONSUMER) timestamp=2059 ms, used_size=9330688 bytes (22.8%)
(RDMA_READ_CONSUME_CHECK_CONSUMER) timestamp=2059 ms, used_size=9328640 bytes (22.8%)
(RDMA_READ_CONSUME_CHECK_CONSUMER) timestamp=2059 ms, used_size=9326592 bytes (22.8%)
(RDMA_READ_CONSUME_CHECK_CONSUMER) timestamp=2059 ms, used_size=9324544 bytes (22.8%)
(RDMA_READ_CONSUME_CHECK_CONSUMER) timestamp=2059 ms, used_size=9322496 bytes (22.8%)
(RDMA_READ_CONSUME_CHECK_CONSUMER) timestamp=2059 ms, used_size=9320448 bytes (22.8%)
(RDMA_READ_CONSUME_CHECK_CONSUMER) timestamp=2059 ms, used_size=9318400 bytes (22.8%)
(RDMA_READ_CONSUME_CHECK_CONSUMER) timestamp=2059 ms, used_size=9316352 bytes (22.7%)
(RDMA_READ_CONSUME_CHECK_CONSUMER) timestamp=2059 ms, used_size=9314304 bytes (22.7%)
(RDMA_READ_CONSUME_CHECK_CONSUMER) timestamp=2059 ms, used_size=9312256 bytes (22.7%)
(RDMA_READ_CONSUME_CHECK_CONSUMER) timestamp=2059 ms, used_size=9310208 bytes (22.7%)
(RDMA_READ_CONSUME_CHECK_CONSUMER) timestamp=2059 ms, used_size=9308160 bytes (22.7%)
(RDMA_READ_CONSUME_CHECK_CONSUMER) timestamp=2059 ms, used_size=9306112 bytes (22.7%)
(RDMA_READ_CONSUME_CHECK_CONSUMER) timestamp=2059 ms, used_size=9304064 bytes (22.7%)
(RDMA_READ_CONSUME_CHECK_CONSUMER) timestamp=2059 ms, used_size=9302016 bytes (22.7%)
(RDMA_READ_CONSUME_CHECK_CONSUMER) timestamp=2059 ms, used_size=9299968 bytes (22.7%)
(RDMA_READ_CONSUME_CHECK_CONSUMER) timestamp=2059 ms, used_size=9297920 bytes (22.7%)
(RDMA_READ_CONSUME_CHECK_CONSUMER) timestamp=2059 ms, used_size=9295872 bytes (22.7%)
(RDMA_READ_CONSUME_CHECK_CONSUMER) timestamp=2059 ms, used_size=9293824 bytes (22.7%)
(RDMA_READ_CONSUME_CHECK_CONSUMER) timestamp=2059 ms, used_size=9291776 bytes (22.7%)
(RDMA_READ_CONSUME_CHECK_CONSUMER) timestamp=2059 ms, used_size=9289728 bytes (22.7%)
(RDMA_READ_CONSUME_CHECK_CONSUMER) timestamp=2059 ms, used_size=9287680 bytes (22.7%)
(RDMA_READ_CONSUME_CHECK_CONSUMER) timestamp=2059 ms, used_size=9285632 bytes (22.7%)
(RDMA_READ_CONSUME_CHECK_CONSUMER) timestamp=2059 ms, used_size=9283584 bytes (22.7%)
(RDMA_READ_CONSUME_CHECK_CONSUMER) timestamp=2059 ms, used_size=9281536 bytes (22.7%)
(RDMA_READ_CONSUME_CHECK_CONSUMER) timestamp=2059 ms, used_size=9279488 bytes (22.7%)
(RDMA_READ_CONSUME_CHECK_CONSUMER) timestamp=2059 ms, used_size=9277440 bytes (22.6%)
(RDMA_READ_CONSUME_CHECK_CONSUMER) timestamp=2059 ms, used_size=9275392 bytes (22.6%)
(RDMA_READ_CONSUME_CHECK_CONSUMER) timestamp=2059 ms, used_size=9273344 bytes (22.6%)
(RDMA_READ_CONSUME_CHECK_CONSUMER) timestamp=2059 ms, used_size=9271296 bytes (22.6%)
(RDMA_READ_CONSUME_CHECK_CONSUMER) timestamp=2059 ms, used_size=9269248 bytes (22.6%)
(RDMA_READ_CONSUME_CHECK_CONSUMER) timestamp=2059 ms, used_size=9267200 bytes (22.6%)
(RDMA_READ_CONSUME_CHECK_CONSUMER) timestamp=2059 ms, used_size=9265152 bytes (22.6%)
(RDMA_READ_CONSUME_CHECK_CONSUMER) timestamp=2059 ms, used_size=9263104 bytes (22.6%)
(RDMA_READ_CONSUME_CHECK_CONSUMER) timestamp=2059 ms, used_size=9261056 bytes (22.6%)
(RDMA_READ_CONSUME_CHECK_CONSUMER) timestamp=2059 ms, used_size=9259008 bytes (22.6%)
(RDMA_READ_CONSUME_CHECK_CONSUMER) timestamp=2059 ms, used_size=9256960 bytes (22.6%)
(RDMA_READ_CONSUME_CHECK_CONSUMER) timestamp=2059 ms, used_size=9254912 bytes (22.6%)
(RDMA_READ_CONSUME_CHECK_CONSUMER) timestamp=2059 ms, used_size=9252864 bytes (22.6%)
(RDMA_READ_CONSUME_CHECK_CONSUMER) timestamp=2059 ms, used_size=9250816 bytes (22.6%)
(RDMA_READ_CONSUME_CHECK_CONSUMER) timestamp=2059 ms, used_size=9248768 bytes (22.6%)
(RDMA_READ_CONSUME_CHECK_CONSUMER) timestamp=2059 ms, used_size=9246720 bytes (22.6%)
(RDMA_READ_CONSUME_CHECK_CONSUMER) timestamp=2059 ms, used_size=9244672 bytes (22.6%)
(RDMA_READ_CONSUME_CHECK_CONSUMER) timestamp=2059 ms, used_size=9242624 bytes (22.6%)
(RDMA_READ_CONSUME_CHECK_CONSUMER) timestamp=2059 ms, used_size=9240576 bytes (22.6%)
(RDMA_READ_CONSUME_CHECK_CONSUMER) timestamp=2059 ms, used_size=9238528 bytes (22.6%)
(RDMA_READ_CONSUME_CHECK_CONSUMER) timestamp=2059 ms, used_size=9236480 bytes (22.6%)
(RDMA_READ_CONSUME_CHECK_CONSUMER) timestamp=2059 ms, used_size=9234432 bytes (22.5%)
(RDMA_READ_CONSUME_CHECK_CONSUMER) timestamp=2059 ms, used_size=9232384 bytes (22.5%)
(RDMA_READ_CONSUME_CHECK_CONSUMER) timestamp=2059 ms, used_size=9230336 bytes (22.5%)
(RDMA_READ_CONSUME_CHECK_CONSUMER) timestamp=2059 ms, used_size=9228288 bytes (22.5%)
(RDMA_READ_CONSUME_CHECK_CONSUMER) timestamp=2059 ms, used_size=9226240 bytes (22.5%)
(RDMA_READ_CONSUME_CHECK_CONSUMER) timestamp=2059 ms, used_size=9224192 bytes (22.5%)
(RDMA_READ_CONSUME_CHECK_CONSUMER) timestamp=2059 ms, used_size=9222144 bytes (22.5%)
(RDMA_READ_CONSUME_CHECK_CONSUMER) timestamp=2059 ms, used_size=9220096 bytes (22.5%)
(RDMA_READ_CONSUME_CHECK_CONSUMER) timestamp=2059 ms, used_size=9218048 bytes (22.5%)
(RDMA_READ_CONSUME_CHECK_CONSUMER) timestamp=2059 ms, used_size=9216000 bytes (22.5%)
(RDMA_READ_CONSUME_CHECK_CONSUMER) timestamp=2059 ms, used_size=9213952 bytes (22.5%)
(RDMA_READ_CONSUME_CHECK_CONSUMER) timestamp=2059 ms, used_size=9211904 bytes (22.5%)
(RDMA_READ_CONSUME_CHECK_CONSUMER) timestamp=2059 ms, used_size=9209856 bytes (22.5%)
(RDMA_READ_CONSUME_CHECK_CONSUMER) timestamp=2059 ms, used_size=9207808 bytes (22.5%)
(RDMA_READ_CONSUME_CHECK_CONSUMER) timestamp=2059 ms, used_size=9205760 bytes (22.5%)
(RDMA_READ_CONSUME_CHECK_CONSUMER) timestamp=2059 ms, used_size=9203712 bytes (22.5%)
(RDMA_READ_CONSUME_CHECK_CONSUMER) timestamp=2059 ms, used_size=9201664 bytes (22.5%)
(RDMA_READ_CONSUME_CHECK_CONSUMER) timestamp=2059 ms, used_size=9199616 bytes (22.5%)
(RDMA_READ_CONSUME_CHECK_CONSUMER) timestamp=2059 ms, used_size=9197568 bytes (22.5%)
(RDMA_READ_CONSUME_CHECK_CONSUMER) timestamp=2059 ms, used_size=9195520 bytes (22.4%)
(RDMA_READ_CONSUME_CHECK_CONSUMER) timestamp=2059 ms, used_size=9193472 bytes (22.4%)
(RDMA_READ_CONSUME_CHECK_CONSUMER) timestamp=2059 ms, used_size=9191424 bytes (22.4%)
(RDMA_READ_CONSUME_CHECK_CONSUMER) timestamp=2059 ms, used_size=9189376 bytes (22.4%)
(RDMA_READ_CONSUME_CHECK_CONSUMER) timestamp=2059 ms, used_size=9187328 bytes (22.4%)
(RDMA_READ_CONSUME_CHECK_CONSUMER) timestamp=2059 ms, used_size=9185280 bytes (22.4%)
(RDMA_READ_CONSUME_CHECK_CONSUMER) timestamp=2059 ms, used_size=9183232 bytes (22.4%)
(RDMA_READ_CONSUME_CHECK_CONSUMER) timestamp=2059 ms, used_size=9181184 bytes (22.4%)
(RDMA_READ_CONSUME_CHECK_CONSUMER) timestamp=2059 ms, used_size=9179136 bytes (22.4%)
(RDMA_READ_CONSUME_CHECK_CONSUMER) timestamp=2059 ms, used_size=9177088 bytes (22.4%)
(RDMA_READ_CONSUME_CHECK_CONSUMER) timestamp=2059 ms, used_size=9175040 bytes (22.4%)
(RDMA_READ_CONSUME_CHECK_CONSUMER) timestamp=2059 ms, used_size=9172992 bytes (22.4%)
(RDMA_READ_CONSUME_CHECK_CONSUMER) timestamp=2059 ms, used_size=9170944 bytes (22.4%)
(RDMA_READ_CONSUME_CHECK_CONSUMER) timestamp=2059 ms, used_size=9168896 bytes (22.4%)
(RDMA_READ_CONSUME_CHECK_CONSUMER) timestamp=2059 ms, used_size=9166848 bytes (22.4%)
(RDMA_READ_CONSUME_CHECK_CONSUMER) timestamp=2059 ms, used_size=9164800 bytes (22.4%)
(RDMA_READ_CONSUME_CHECK_CONSUMER) timestamp=2059 ms, used_size=9162752 bytes (22.4%)
(RDMA_READ_CONSUME_CHECK_CONSUMER) timestamp=2059 ms, used_size=9160704 bytes (22.4%)
(RDMA_READ_CONSUME_CHECK_CONSUMER) timestamp=2059 ms, used_size=9158656 bytes (22.4%)
(RDMA_READ_CONSUME_CHECK_CONSUMER) timestamp=2059 ms, used_size=9156608 bytes (22.4%)
(RDMA_READ_CONSUME_CHECK_CONSUMER) timestamp=2059 ms, used_size=9154560 bytes (22.4%)
(RDMA_READ_CONSUME_CHECK_CONSUMER) timestamp=2059 ms, used_size=9152512 bytes (22.3%)
(RDMA_READ_CONSUME_CHECK_CONSUMER) timestamp=2059 ms, used_size=9150464 bytes (22.3%)
(RDMA_READ_CONSUME_CHECK_CONSUMER) timestamp=2059 ms, used_size=9148416 bytes (22.3%)
(RDMA_READ_CONSUME_CHECK_CONSUMER) timestamp=2059 ms, used_size=9146368 bytes (22.3%)
(RDMA_READ_CONSUME_CHECK_CONSUMER) timestamp=2059 ms, used_size=9144320 bytes (22.3%)
(RDMA_READ_CONSUME_CHECK_CONSUMER) timestamp=2059 ms, used_size=9142272 bytes (22.3%)
(RDMA_READ_CONSUME_CHECK_CONSUMER) timestamp=2059 ms, used_size=9140224 bytes (22.3%)
(RDMA_READ_CONSUME_CHECK_CONSUMER) timestamp=2059 ms, used_size=9138176 bytes (22.3%)
(RDMA_READ_CONSUME_CHECK_CONSUMER) timestamp=2059 ms, used_size=9136128 bytes (22.3%)
(RDMA_READ_CONSUME_CHECK_CONSUMER) timestamp=2059 ms, used_size=9134080 bytes (22.3%)
(RDMA_READ_CONSUME_CHECK_CONSUMER) timestamp=2059 ms, used_size=9132032 bytes (22.3%)
(RDMA_READ_CONSUME_CHECK_CONSUMER) timestamp=2059 ms, used_size=9129984 bytes (22.3%)
(RDMA_READ_CONSUME_CHECK_CONSUMER) timestamp=2059 ms, used_size=9127936 bytes (22.3%)
(RDMA_READ_CONSUME_CHECK_CONSUMER) timestamp=2059 ms, used_size=9125888 bytes (22.3%)
(RDMA_READ_CONSUME_CHECK_CONSUMER) timestamp=2059 ms, used_size=9123840 bytes (22.3%)
(RDMA_READ_CONSUME_CHECK_CONSUMER) timestamp=2059 ms, used_size=9121792 bytes (22.3%)
(RDMA_READ_CONSUME_CHECK_CONSUMER) timestamp=2059 ms, used_size=9119744 bytes (22.3%)
(RDMA_READ_CONSUME_CHECK_CONSUMER) timestamp=2059 ms, used_size=9117696 bytes (22.3%)
(RDMA_READ_CONSUME_CHECK_CONSUMER) timestamp=2059 ms, used_size=9115648 bytes (22.3%)
(RDMA_READ_CONSUME_CHECK_CONSUMER) timestamp=2059 ms, used_size=9113600 bytes (22.2%)
(RDMA_READ_CONSUME_CHECK_CONSUMER) timestamp=2059 ms, used_size=9111552 bytes (22.2%)
(RDMA_READ_CONSUME_CHECK_CONSUMER) timestamp=2059 ms, used_size=9109504 bytes (22.2%)
(RDMA_READ_CONSUME_CHECK_CONSUMER) timestamp=2059 ms, used_size=9107456 bytes (22.2%)
(RDMA_READ_CONSUME_CHECK_CONSUMER) timestamp=2059 ms, used_size=9105408 bytes (22.2%)
(RDMA_READ_CONSUME_CHECK_CONSUMER) timestamp=2059 ms, used_size=9103360 bytes (22.2%)
(RDMA_READ_CONSUME_CHECK_CONSUMER) timestamp=2059 ms, used_size=9101312 bytes (22.2%)
(RDMA_READ_CONSUME_CHECK_CONSUMER) timestamp=2059 ms, used_size=9099264 bytes (22.2%)
(RDMA_READ_CONSUME_CHECK_CONSUMER) timestamp=2059 ms, used_size=9097216 bytes (22.2%)
(RDMA_READ_CONSUME_CHECK_CONSUMER) timestamp=2059 ms, used_size=9095168 bytes (22.2%)
(RDMA_READ_CONSUME_CHECK_CONSUMER) timestamp=2059 ms, used_size=9093120 bytes (22.2%)
(RDMA_READ_CONSUME_CHECK_CONSUMER) timestamp=2059 ms, used_size=9091072 bytes (22.2%)
(RDMA_READ_CONSUME_CHECK_CONSUMER) timestamp=2059 ms, used_size=9089024 bytes (22.2%)
(RDMA_READ_CONSUME_CHECK_CONSUMER) timestamp=2059 ms, used_size=9086976 bytes (22.2%)
(RDMA_READ_CONSUME_CHECK_CONSUMER) timestamp=2059 ms, used_size=9084928 bytes (22.2%)
(RDMA_READ_CONSUME_CHECK_CONSUMER) timestamp=2059 ms, used_size=9082880 bytes (22.2%)
(RDMA_READ_CONSUME_CHECK_CONSUMER) timestamp=2059 ms, used_size=9080832 bytes (22.2%)
(RDMA_READ_CONSUME_CHECK_CONSUMER) timestamp=2059 ms, used_size=9078784 bytes (22.2%)
(RDMA_READ_CONSUME_CHECK_CONSUMER) timestamp=2059 ms, used_size=9076736 bytes (22.2%)
(RDMA_READ_CONSUME_CHECK_CONSUMER) timestamp=2059 ms, used_size=9074688 bytes (22.2%)
(RDMA_READ_CONSUME_CHECK_CONSUMER) timestamp=2059 ms, used_size=9072640 bytes (22.1%)
(RDMA_READ_CONSUME_CHECK_CONSUMER) timestamp=2059 ms, used_size=9070592 bytes (22.1%)
(RDMA_READ_CONSUME_CHECK_CONSUMER) timestamp=2059 ms, used_size=9068544 bytes (22.1%)
(RDMA_READ_CONSUME_CHECK_CONSUMER) timestamp=2059 ms, used_size=9066496 bytes (22.1%)
(RDMA_READ_CONSUME_CHECK_CONSUMER) timestamp=2059 ms, used_size=9064448 bytes (22.1%)
(RDMA_READ_CONSUME_CHECK_CONSUMER) timestamp=2059 ms, used_size=9062400 bytes (22.1%)
(RDMA_READ_CONSUME_CHECK_CONSUMER) timestamp=2059 ms, used_size=9060352 bytes (22.1%)
(RDMA_READ_CONSUME_CHECK_CONSUMER) timestamp=2059 ms, used_size=9058304 bytes (22.1%)
(RDMA_READ_CONSUME_CHECK_CONSUMER) timestamp=2059 ms, used_size=9056256 bytes (22.1%)
(RDMA_READ_CONSUME_CHECK_CONSUMER) timestamp=2059 ms, used_size=9054208 bytes (22.1%)
(RDMA_READ_CONSUME_CHECK_CONSUMER) timestamp=2059 ms, used_size=9052160 bytes (22.1%)
(RDMA_READ_CONSUME_CHECK_CONSUMER) timestamp=2059 ms, used_size=9050112 bytes (22.1%)
(RDMA_READ_CONSUME_CHECK_CONSUMER) timestamp=2059 ms, used_size=9048064 bytes (22.1%)
(RDMA_READ_CONSUME_CHECK_CONSUMER) timestamp=2059 ms, used_size=9046016 bytes (22.1%)
(RDMA_READ_CONSUME_CHECK_CONSUMER) timestamp=2059 ms, used_size=9043968 bytes (22.1%)
(RDMA_READ_CONSUME_CHECK_CONSUMER) timestamp=2059 ms, used_size=9041920 bytes (22.1%)
(RDMA_READ_CONSUME_CHECK_CONSUMER) timestamp=2059 ms, used_size=9039872 bytes (22.1%)
(RDMA_READ_CONSUME_CHECK_CONSUMER) timestamp=2059 ms, used_size=9037824 bytes (22.1%)
(RDMA_READ_CONSUME_CHECK_CONSUMER) timestamp=2059 ms, used_size=9035776 bytes (22.1%)
(RDMA_READ_CONSUME_CHECK_CONSUMER) timestamp=2059 ms, used_size=9033728 bytes (22.1%)
(RDMA_READ_CONSUME_CHECK_CONSUMER) timestamp=2059 ms, used_size=9031680 bytes (22.1%)
(RDMA_READ_CONSUME_CHECK_CONSUMER) timestamp=2059 ms, used_size=9029632 bytes (22.0%)
(RDMA_READ_CONSUME_CHECK_CONSUMER) timestamp=2059 ms, used_size=9027584 bytes (22.0%)
(RDMA_READ_CONSUME_CHECK_CONSUMER) timestamp=2059 ms, used_size=9025536 bytes (22.0%)
(RDMA_READ_CONSUME_CHECK_CONSUMER) timestamp=2059 ms, used_size=9023488 bytes (22.0%)
(RDMA_READ_CONSUME_CHECK_CONSUMER) timestamp=2059 ms, used_size=9021440 bytes (22.0%)
(RDMA_READ_CONSUME_CHECK_CONSUMER) timestamp=2059 ms, used_size=9019392 bytes (22.0%)
(RDMA_READ_CONSUME_CHECK_CONSUMER) timestamp=2059 ms, used_size=9017344 bytes (22.0%)
(RDMA_READ_CONSUME_CHECK_CONSUMER) timestamp=2059 ms, used_size=9015296 bytes (22.0%)
(RDMA_READ_CONSUME_CHECK_CONSUMER) timestamp=2060 ms, used_size=9013248 bytes (22.0%)
(RDMA_READ_CONSUME_CHECK_CONSUMER) timestamp=2060 ms, used_size=9011200 bytes (22.0%)
(RDMA_READ_CONSUME_CHECK_CONSUMER) timestamp=2060 ms, used_size=9009152 bytes (22.0%)
(RDMA_READ_CONSUME_CHECK_CONSUMER) timestamp=2060 ms, used_size=9007104 bytes (22.0%)
(RDMA_READ_CONSUME_CHECK_CONSUMER) timestamp=2060 ms, used_size=9005056 bytes (22.0%)
(RDMA_READ_CONSUME_CHECK_CONSUMER) timestamp=2060 ms, used_size=9003008 bytes (22.0%)
(RDMA_READ_CONSUME_CHECK_CONSUMER) timestamp=2060 ms, used_size=9000960 bytes (22.0%)
(RDMA_READ_CONSUME_CHECK_CONSUMER) timestamp=2060 ms, used_size=8998912 bytes (22.0%)
(RDMA_READ_CONSUME_CHECK_CONSUMER) timestamp=2060 ms, used_size=8996864 bytes (22.0%)
(RDMA_READ_CONSUME_CHECK_CONSUMER) timestamp=2060 ms, used_size=8994816 bytes (22.0%)
(RDMA_READ_CONSUME_CHECK_CONSUMER) timestamp=2060 ms, used_size=8992768 bytes (22.0%)
(RDMA_READ_CONSUME_CHECK_CONSUMER) timestamp=2060 ms, used_size=8990720 bytes (21.9%)
(RDMA_READ_CONSUME_CHECK_CONSUMER) timestamp=2060 ms, used_size=8988672 bytes (21.9%)
(RDMA_READ_CONSUME_CHECK_CONSUMER) timestamp=2060 ms, used_size=8986624 bytes (21.9%)
(RDMA_READ_CONSUME_CHECK_CONSUMER) timestamp=2060 ms, used_size=8984576 bytes (21.9%)
(RDMA_READ_CONSUME_CHECK_CONSUMER) timestamp=2060 ms, used_size=8982528 bytes (21.9%)
(RDMA_READ_CONSUME_CHECK_CONSUMER) timestamp=2060 ms, used_size=8980480 bytes (21.9%)
(RDMA_READ_CONSUME_CHECK_CONSUMER) timestamp=2060 ms, used_size=8978432 bytes (21.9%)
(RDMA_READ_CONSUME_CHECK_CONSUMER) timestamp=2060 ms, used_size=8976384 bytes (21.9%)
(RDMA_READ_CONSUME_CHECK_CONSUMER) timestamp=2060 ms, used_size=8974336 bytes (21.9%)
(RDMA_READ_CONSUME_CHECK_CONSUMER) timestamp=2060 ms, used_size=8972288 bytes (21.9%)
(RDMA_READ_CONSUME_CHECK_CONSUMER) timestamp=2060 ms, used_size=8970240 bytes (21.9%)
(RDMA_READ_CONSUME_CHECK_CONSUMER) timestamp=2060 ms, used_size=8968192 bytes (21.9%)
(RDMA_READ_CONSUME_CHECK_CONSUMER) timestamp=2060 ms, used_size=8966144 bytes (21.9%)
(RDMA_READ_CONSUME_CHECK_CONSUMER) timestamp=2060 ms, used_size=8964096 bytes (21.9%)
(RDMA_READ_CONSUME_CHECK_CONSUMER) timestamp=2060 ms, used_size=8962048 bytes (21.9%)
(RDMA_READ_CONSUME_CHECK_CONSUMER) timestamp=2060 ms, used_size=8960000 bytes (21.9%)
(RDMA_READ_CONSUME_CHECK_CONSUMER) timestamp=2060 ms, used_size=8957952 bytes (21.9%)
(RDMA_READ_CONSUME_CHECK_CONSUMER) timestamp=2060 ms, used_size=8955904 bytes (21.9%)
(RDMA_READ_CONSUME_CHECK_CONSUMER) timestamp=2060 ms, used_size=8953856 bytes (21.9%)
(RDMA_READ_CONSUME_CHECK_CONSUMER) timestamp=2060 ms, used_size=8951808 bytes (21.9%)
(RDMA_READ_CONSUME_CHECK_CONSUMER) timestamp=2060 ms, used_size=8949760 bytes (21.9%)
(RDMA_READ_CONSUME_CHECK_CONSUMER) timestamp=2060 ms, used_size=8947712 bytes (21.8%)
(RDMA_READ_CONSUME_CHECK_CONSUMER) timestamp=2060 ms, used_size=8945664 bytes (21.8%)
(RDMA_READ_CONSUME_CHECK_CONSUMER) timestamp=2060 ms, used_size=8943616 bytes (21.8%)
(RDMA_READ_CONSUME_CHECK_CONSUMER) timestamp=2060 ms, used_size=8941568 bytes (21.8%)
(RDMA_READ_CONSUME_CHECK_CONSUMER) timestamp=2060 ms, used_size=8939520 bytes (21.8%)
(RDMA_READ_CONSUME_CHECK_CONSUMER) timestamp=2060 ms, used_size=8937472 bytes (21.8%)
(RDMA_READ_CONSUME_CHECK_CONSUMER) timestamp=2060 ms, used_size=8935424 bytes (21.8%)
(RDMA_READ_CONSUME_CHECK_CONSUMER) timestamp=2060 ms, used_size=8933376 bytes (21.8%)
(RDMA_READ_CONSUME_CHECK_CONSUMER) timestamp=2060 ms, used_size=8931328 bytes (21.8%)
(RDMA_READ_CONSUME_CHECK_CONSUMER) timestamp=2060 ms, used_size=8929280 bytes (21.8%)
(RDMA_READ_CONSUME_CHECK_CONSUMER) timestamp=2060 ms, used_size=8927232 bytes (21.8%)
(RDMA_READ_CONSUME_CHECK_CONSUMER) timestamp=2060 ms, used_size=8925184 bytes (21.8%)
(RDMA_READ_CONSUME_CHECK_CONSUMER) timestamp=2060 ms, used_size=8923136 bytes (21.8%)
(RDMA_READ_CONSUME_CHECK_CONSUMER) timestamp=2060 ms, used_size=8921088 bytes (21.8%)
(RDMA_READ_CONSUME_CHECK_CONSUMER) timestamp=2060 ms, used_size=8919040 bytes (21.8%)
(RDMA_READ_CONSUME_CHECK_CONSUMER) timestamp=2060 ms, used_size=8916992 bytes (21.8%)
(RDMA_READ_CONSUME_CHECK_CONSUMER) timestamp=2060 ms, used_size=8914944 bytes (21.8%)
(RDMA_READ_CONSUME_CHECK_CONSUMER) timestamp=2060 ms, used_size=8912896 bytes (21.8%)
(RDMA_READ_CONSUME_CHECK_CONSUMER) timestamp=2060 ms, used_size=8910848 bytes (21.8%)
(RDMA_READ_CONSUME_CHECK_CONSUMER) timestamp=2060 ms, used_size=8908800 bytes (21.8%)
(RDMA_READ_CONSUME_CHECK_CONSUMER) timestamp=2060 ms, used_size=8906752 bytes (21.7%)
(RDMA_READ_CONSUME_CHECK_CONSUMER) timestamp=2060 ms, used_size=8904704 bytes (21.7%)
(RDMA_READ_CONSUME_CHECK_CONSUMER) timestamp=2060 ms, used_size=8902656 bytes (21.7%)
(RDMA_READ_CONSUME_CHECK_CONSUMER) timestamp=2060 ms, used_size=8900608 bytes (21.7%)
(RDMA_READ_CONSUME_CHECK_CONSUMER) timestamp=2060 ms, used_size=8898560 bytes (21.7%)
(RDMA_READ_CONSUME_CHECK_CONSUMER) timestamp=2060 ms, used_size=8896512 bytes (21.7%)
(RDMA_READ_CONSUME_CHECK_CONSUMER) timestamp=2060 ms, used_size=8894464 bytes (21.7%)
(RDMA_READ_CONSUME_CHECK_CONSUMER) timestamp=2060 ms, used_size=8892416 bytes (21.7%)
(RDMA_READ_CONSUME_CHECK_CONSUMER) timestamp=2060 ms, used_size=8890368 bytes (21.7%)
(RDMA_READ_CONSUME_CHECK_CONSUMER) timestamp=2060 ms, used_size=8888320 bytes (21.7%)
(RDMA_READ_CONSUME_CHECK_CONSUMER) timestamp=2060 ms, used_size=8886272 bytes (21.7%)
(RDMA_READ_CONSUME_CHECK_CONSUMER) timestamp=2060 ms, used_size=8884224 bytes (21.7%)
(RDMA_READ_CONSUME_CHECK_CONSUMER) timestamp=2060 ms, used_size=8882176 bytes (21.7%)
(RDMA_READ_CONSUME_CHECK_CONSUMER) timestamp=2060 ms, used_size=8880128 bytes (21.7%)
(RDMA_READ_CONSUME_CHECK_CONSUMER) timestamp=2060 ms, used_size=8878080 bytes (21.7%)
(RDMA_READ_CONSUME_CHECK_CONSUMER) timestamp=2060 ms, used_size=8876032 bytes (21.7%)
(RDMA_READ_CONSUME_CHECK_CONSUMER) timestamp=2060 ms, used_size=8873984 bytes (21.7%)
(RDMA_READ_CONSUME_CHECK_CONSUMER) timestamp=2060 ms, used_size=8871936 bytes (21.7%)
(RDMA_READ_CONSUME_CHECK_CONSUMER) timestamp=2060 ms, used_size=8869888 bytes (21.7%)
(RDMA_READ_CONSUME_CHECK_CONSUMER) timestamp=2060 ms, used_size=8867840 bytes (21.6%)
(RDMA_READ_CONSUME_CHECK_CONSUMER) timestamp=2060 ms, used_size=8865792 bytes (21.6%)
(RDMA_READ_CONSUME_CHECK_CONSUMER) timestamp=2060 ms, used_size=8863744 bytes (21.6%)
(RDMA_READ_CONSUME_CHECK_CONSUMER) timestamp=2060 ms, used_size=8861696 bytes (21.6%)
(RDMA_READ_CONSUME_CHECK_CONSUMER) timestamp=2060 ms, used_size=8859648 bytes (21.6%)
(RDMA_READ_CONSUME_CHECK_CONSUMER) timestamp=2060 ms, used_size=8857600 bytes (21.6%)
(RDMA_READ_CONSUME_CHECK_CONSUMER) timestamp=2060 ms, used_size=8855552 bytes (21.6%)
(RDMA_READ_CONSUME_CHECK_CONSUMER) timestamp=2060 ms, used_size=8853504 bytes (21.6%)
(RDMA_READ_CONSUME_CHECK_CONSUMER) timestamp=2060 ms, used_size=8851456 bytes (21.6%)
(RDMA_READ_CONSUME_CHECK_CONSUMER) timestamp=2060 ms, used_size=8849408 bytes (21.6%)
(RDMA_READ_CONSUME_CHECK_CONSUMER) timestamp=2060 ms, used_size=8847360 bytes (21.6%)
(RDMA_READ_CONSUME_CHECK_CONSUMER) timestamp=2060 ms, used_size=8845312 bytes (21.6%)
(RDMA_READ_CONSUME_CHECK_CONSUMER) timestamp=2060 ms, used_size=8843264 bytes (21.6%)
(RDMA_READ_CONSUME_CHECK_CONSUMER) timestamp=2060 ms, used_size=8841216 bytes (21.6%)
(RDMA_READ_CONSUME_CHECK_CONSUMER) timestamp=2060 ms, used_size=8839168 bytes (21.6%)
(RDMA_READ_CONSUME_CHECK_CONSUMER) timestamp=2060 ms, used_size=8837120 bytes (21.6%)
(RDMA_READ_CONSUME_CHECK_CONSUMER) timestamp=2060 ms, used_size=8835072 bytes (21.6%)
(RDMA_READ_CONSUME_CHECK_CONSUMER) timestamp=2060 ms, used_size=8833024 bytes (21.6%)
(RDMA_READ_CONSUME_CHECK_CONSUMER) timestamp=2060 ms, used_size=8830976 bytes (21.6%)
(RDMA_READ_CONSUME_CHECK_CONSUMER) timestamp=2060 ms, used_size=8828928 bytes (21.6%)
(RDMA_READ_CONSUME_CHECK_CONSUMER) timestamp=2060 ms, used_size=8826880 bytes (21.6%)
(RDMA_READ_CONSUME_CHECK_CONSUMER) timestamp=2060 ms, used_size=8824832 bytes (21.5%)
(RDMA_READ_CONSUME_CHECK_CONSUMER) timestamp=2060 ms, used_size=8822784 bytes (21.5%)
(RDMA_READ_CONSUME_CHECK_CONSUMER) timestamp=2060 ms, used_size=8820736 bytes (21.5%)
(RDMA_READ_CONSUME_CHECK_CONSUMER) timestamp=2060 ms, used_size=8818688 bytes (21.5%)
(RDMA_READ_CONSUME_CHECK_CONSUMER) timestamp=2060 ms, used_size=8816640 bytes (21.5%)
(RDMA_READ_CONSUME_CHECK_CONSUMER) timestamp=2060 ms, used_size=8814592 bytes (21.5%)
(RDMA_READ_CONSUME_CHECK_CONSUMER) timestamp=2060 ms, used_size=8812544 bytes (21.5%)
(RDMA_READ_CONSUME_CHECK_CONSUMER) timestamp=2060 ms, used_size=8810496 bytes (21.5%)
(RDMA_READ_CONSUME_CHECK_CONSUMER) timestamp=2060 ms, used_size=8808448 bytes (21.5%)
(RDMA_READ_CONSUME_CHECK_CONSUMER) timestamp=2060 ms, used_size=8806400 bytes (21.5%)
(RDMA_READ_CONSUME_CHECK_CONSUMER) timestamp=2060 ms, used_size=8804352 bytes (21.5%)
(RDMA_READ_CONSUME_CHECK_CONSUMER) timestamp=2060 ms, used_size=8802304 bytes (21.5%)
(RDMA_READ_CONSUME_CHECK_CONSUMER) timestamp=2060 ms, used_size=8800256 bytes (21.5%)
(RDMA_READ_CONSUME_CHECK_CONSUMER) timestamp=2060 ms, used_size=8798208 bytes (21.5%)
(RDMA_READ_CONSUME_CHECK_CONSUMER) timestamp=2060 ms, used_size=8796160 bytes (21.5%)
(RDMA_READ_CONSUME_CHECK_CONSUMER) timestamp=2060 ms, used_size=8794112 bytes (21.5%)
(RDMA_READ_CONSUME_CHECK_CONSUMER) timestamp=2060 ms, used_size=8792064 bytes (21.5%)
(RDMA_READ_CONSUME_CHECK_CONSUMER) timestamp=2060 ms, used_size=8790016 bytes (21.5%)
(RDMA_READ_CONSUME_CHECK_CONSUMER) timestamp=2060 ms, used_size=8787968 bytes (21.5%)
(RDMA_READ_CONSUME_CHECK_CONSUMER) timestamp=2060 ms, used_size=8785920 bytes (21.4%)
(RDMA_READ_CONSUME_CHECK_CONSUMER) timestamp=2060 ms, used_size=8783872 bytes (21.4%)
(RDMA_READ_CONSUME_CHECK_CONSUMER) timestamp=2060 ms, used_size=8781824 bytes (21.4%)
(RDMA_READ_CONSUME_CHECK_CONSUMER) timestamp=2060 ms, used_size=8779776 bytes (21.4%)
(RDMA_READ_CONSUME_CHECK_CONSUMER) timestamp=2060 ms, used_size=8777728 bytes (21.4%)
(RDMA_READ_CONSUME_CHECK_CONSUMER) timestamp=2060 ms, used_size=8775680 bytes (21.4%)
(RDMA_READ_CONSUME_CHECK_CONSUMER) timestamp=2060 ms, used_size=8773632 bytes (21.4%)
(RDMA_READ_CONSUME_CHECK_CONSUMER) timestamp=2060 ms, used_size=8771584 bytes (21.4%)
(RDMA_READ_CONSUME_CHECK_CONSUMER) timestamp=2060 ms, used_size=8769536 bytes (21.4%)
(RDMA_READ_CONSUME_CHECK_CONSUMER) timestamp=2060 ms, used_size=8767488 bytes (21.4%)
(RDMA_READ_CONSUME_CHECK_CONSUMER) timestamp=2060 ms, used_size=8765440 bytes (21.4%)
(RDMA_READ_CONSUME_CHECK_CONSUMER) timestamp=2060 ms, used_size=8763392 bytes (21.4%)
(RDMA_READ_CONSUME_CHECK_CONSUMER) timestamp=2060 ms, used_size=8761344 bytes (21.4%)
(RDMA_READ_CONSUME_CHECK_CONSUMER) timestamp=2060 ms, used_size=8759296 bytes (21.4%)
(RDMA_READ_CONSUME_CHECK_CONSUMER) timestamp=2060 ms, used_size=8757248 bytes (21.4%)
(RDMA_READ_CONSUME_CHECK_CONSUMER) timestamp=2060 ms, used_size=8755200 bytes (21.4%)
(RDMA_READ_CONSUME_CHECK_CONSUMER) timestamp=2060 ms, used_size=8753152 bytes (21.4%)
(RDMA_READ_CONSUME_CHECK_CONSUMER) timestamp=2060 ms, used_size=8751104 bytes (21.4%)
(RDMA_READ_CONSUME_CHECK_CONSUMER) timestamp=2060 ms, used_size=8749056 bytes (21.4%)
(RDMA_READ_CONSUME_CHECK_CONSUMER) timestamp=2060 ms, used_size=8747008 bytes (21.4%)
(RDMA_READ_CONSUME_CHECK_CONSUMER) timestamp=2060 ms, used_size=8744960 bytes (21.4%)
(RDMA_READ_CONSUME_CHECK_CONSUMER) timestamp=2060 ms, used_size=8742912 bytes (21.3%)
(RDMA_READ_CONSUME_CHECK_CONSUMER) timestamp=2060 ms, used_size=8740864 bytes (21.3%)
(RDMA_READ_CONSUME_CHECK_CONSUMER) timestamp=2060 ms, used_size=8738816 bytes (21.3%)
(RDMA_READ_CONSUME_CHECK_CONSUMER) timestamp=2060 ms, used_size=8736768 bytes (21.3%)
(RDMA_READ_CONSUME_CHECK_CONSUMER) timestamp=2060 ms, used_size=8734720 bytes (21.3%)
(RDMA_READ_CONSUME_CHECK_CONSUMER) timestamp=2060 ms, used_size=8732672 bytes (21.3%)
(RDMA_READ_CONSUME_CHECK_CONSUMER) timestamp=2060 ms, used_size=8730624 bytes (21.3%)
(RDMA_READ_CONSUME_CHECK_CONSUMER) timestamp=2060 ms, used_size=8728576 bytes (21.3%)
(RDMA_READ_CONSUME_CHECK_CONSUMER) timestamp=2060 ms, used_size=8726528 bytes (21.3%)
(RDMA_READ_CONSUME_CHECK_CONSUMER) timestamp=2060 ms, used_size=8724480 bytes (21.3%)
(RDMA_READ_CONSUME_CHECK_CONSUMER) timestamp=2060 ms, used_size=8722432 bytes (21.3%)
(RDMA_READ_CONSUME_CHECK_CONSUMER) timestamp=2060 ms, used_size=8720384 bytes (21.3%)
(RDMA_READ_CONSUME_CHECK_CONSUMER) timestamp=2060 ms, used_size=8718336 bytes (21.3%)
(RDMA_READ_CONSUME_CHECK_CONSUMER) timestamp=2060 ms, used_size=8716288 bytes (21.3%)
(RDMA_READ_CONSUME_CHECK_CONSUMER) timestamp=2060 ms, used_size=8714240 bytes (21.3%)
(RDMA_READ_CONSUME_CHECK_CONSUMER) timestamp=2060 ms, used_size=8712192 bytes (21.3%)
(RDMA_READ_CONSUME_CHECK_CONSUMER) timestamp=2060 ms, used_size=8710144 bytes (21.3%)
(RDMA_READ_CONSUME_CHECK_CONSUMER) timestamp=2060 ms, used_size=8708096 bytes (21.3%)
(RDMA_READ_CONSUME_CHECK_CONSUMER) timestamp=2060 ms, used_size=8706048 bytes (21.3%)
(RDMA_READ_CONSUME_CHECK_CONSUMER) timestamp=2060 ms, used_size=8704000 bytes (21.2%)
(RDMA_READ_CONSUME_CHECK_CONSUMER) timestamp=2060 ms, used_size=8701952 bytes (21.2%)
(RDMA_READ_CONSUME_CHECK_CONSUMER) timestamp=2060 ms, used_size=8699904 bytes (21.2%)
(RDMA_READ_CONSUME_CHECK_CONSUMER) timestamp=2060 ms, used_size=8697856 bytes (21.2%)
(RDMA_READ_CONSUME_CHECK_CONSUMER) timestamp=2060 ms, used_size=8695808 bytes (21.2%)
(RDMA_READ_CONSUME_CHECK_CONSUMER) timestamp=2060 ms, used_size=8693760 bytes (21.2%)
(RDMA_READ_CONSUME_CHECK_CONSUMER) timestamp=2060 ms, used_size=8691712 bytes (21.2%)
(RDMA_READ_CONSUME_CHECK_CONSUMER) timestamp=2060 ms, used_size=8689664 bytes (21.2%)
(RDMA_READ_CONSUME_CHECK_CONSUMER) timestamp=2060 ms, used_size=8687616 bytes (21.2%)
(RDMA_READ_CONSUME_CHECK_CONSUMER) timestamp=2060 ms, used_size=8685568 bytes (21.2%)
(RDMA_READ_CONSUME_CHECK_CONSUMER) timestamp=2060 ms, used_size=8683520 bytes (21.2%)
(RDMA_READ_CONSUME_CHECK_CONSUMER) timestamp=2060 ms, used_size=8681472 bytes (21.2%)
(RDMA_READ_CONSUME_CHECK_CONSUMER) timestamp=2060 ms, used_size=8679424 bytes (21.2%)
(RDMA_READ_CONSUME_CHECK_CONSUMER) timestamp=2060 ms, used_size=8677376 bytes (21.2%)
(RDMA_READ_CONSUME_CHECK_CONSUMER) timestamp=2060 ms, used_size=8675328 bytes (21.2%)
(RDMA_READ_CONSUME_CHECK_CONSUMER) timestamp=2060 ms, used_size=8673280 bytes (21.2%)
(RDMA_READ_CONSUME_CHECK_CONSUMER) timestamp=2060 ms, used_size=8671232 bytes (21.2%)
(RDMA_READ_CONSUME_CHECK_CONSUMER) timestamp=2060 ms, used_size=8669184 bytes (21.2%)
(RDMA_READ_CONSUME_CHECK_CONSUMER) timestamp=2060 ms, used_size=8667136 bytes (21.2%)
(RDMA_READ_CONSUME_CHECK_CONSUMER) timestamp=2060 ms, used_size=8665088 bytes (21.2%)
(RDMA_READ_CONSUME_CHECK_CONSUMER) timestamp=2060 ms, used_size=8663040 bytes (21.1%)
(RDMA_READ_CONSUME_CHECK_CONSUMER) timestamp=2060 ms, used_size=8660992 bytes (21.1%)
(RDMA_READ_CONSUME_CHECK_CONSUMER) timestamp=2060 ms, used_size=8658944 bytes (21.1%)
(RDMA_READ_CONSUME_CHECK_CONSUMER) timestamp=2060 ms, used_size=8656896 bytes (21.1%)
(RDMA_READ_CONSUME_CHECK_CONSUMER) timestamp=2060 ms, used_size=8654848 bytes (21.1%)
(RDMA_READ_CONSUME_CHECK_CONSUMER) timestamp=2060 ms, used_size=8652800 bytes (21.1%)
(RDMA_READ_CONSUME_CHECK_CONSUMER) timestamp=2060 ms, used_size=8650752 bytes (21.1%)
(RDMA_READ_CONSUME_CHECK_CONSUMER) timestamp=2060 ms, used_size=8648704 bytes (21.1%)
(RDMA_READ_CONSUME_CHECK_CONSUMER) timestamp=2060 ms, used_size=8646656 bytes (21.1%)
(RDMA_READ_CONSUME_CHECK_CONSUMER) timestamp=2061 ms, used_size=8644608 bytes (21.1%)
(RDMA_READ_CONSUME_CHECK_CONSUMER) timestamp=2061 ms, used_size=8642560 bytes (21.1%)
(RDMA_READ_CONSUME_CHECK_CONSUMER) timestamp=2061 ms, used_size=8640512 bytes (21.1%)
(RDMA_READ_CONSUME_CHECK_CONSUMER) timestamp=2061 ms, used_size=8638464 bytes (21.1%)
(RDMA_READ_CONSUME_CHECK_CONSUMER) timestamp=2061 ms, used_size=8636416 bytes (21.1%)
(RDMA_READ_CONSUME_CHECK_CONSUMER) timestamp=2061 ms, used_size=8634368 bytes (21.1%)
(RDMA_READ_CONSUME_CHECK_CONSUMER) timestamp=2061 ms, used_size=8632320 bytes (21.1%)
(RDMA_READ_CONSUME_CHECK_CONSUMER) timestamp=2061 ms, used_size=8630272 bytes (21.1%)
(RDMA_READ_CONSUME_CHECK_CONSUMER) timestamp=2061 ms, used_size=8628224 bytes (21.1%)
(RDMA_READ_CONSUME_CHECK_CONSUMER) timestamp=2061 ms, used_size=8626176 bytes (21.1%)
(RDMA_READ_CONSUME_CHECK_CONSUMER) timestamp=2061 ms, used_size=8624128 bytes (21.1%)
(RDMA_READ_CONSUME_CHECK_CONSUMER) timestamp=2061 ms, used_size=8622080 bytes (21.1%)
(RDMA_READ_CONSUME_CHECK_CONSUMER) timestamp=2061 ms, used_size=8620032 bytes (21.0%)
(RDMA_READ_CONSUME_CHECK_CONSUMER) timestamp=2061 ms, used_size=8617984 bytes (21.0%)
(RDMA_READ_CONSUME_CHECK_CONSUMER) timestamp=2061 ms, used_size=8615936 bytes (21.0%)
(RDMA_READ_CONSUME_CHECK_CONSUMER) timestamp=2061 ms, used_size=8613888 bytes (21.0%)
(RDMA_READ_CONSUME_CHECK_CONSUMER) timestamp=2061 ms, used_size=8611840 bytes (21.0%)
(RDMA_READ_CONSUME_CHECK_CONSUMER) timestamp=2061 ms, used_size=8609792 bytes (21.0%)
(RDMA_READ_CONSUME_CHECK_CONSUMER) timestamp=2061 ms, used_size=8607744 bytes (21.0%)
(RDMA_READ_CONSUME_CHECK_CONSUMER) timestamp=2061 ms, used_size=8605696 bytes (21.0%)
(RDMA_READ_CONSUME_CHECK_CONSUMER) timestamp=2061 ms, used_size=8603648 bytes (21.0%)
(RDMA_READ_CONSUME_CHECK_CONSUMER) timestamp=2061 ms, used_size=8601600 bytes (21.0%)
(RDMA_READ_CONSUME_CHECK_CONSUMER) timestamp=2061 ms, used_size=8599552 bytes (21.0%)
(RDMA_READ_CONSUME_CHECK_CONSUMER) timestamp=2061 ms, used_size=8597504 bytes (21.0%)
(RDMA_READ_CONSUME_CHECK_CONSUMER) timestamp=2061 ms, used_size=8595456 bytes (21.0%)
(RDMA_READ_CONSUME_CHECK_CONSUMER) timestamp=2061 ms, used_size=8593408 bytes (21.0%)
(RDMA_READ_CONSUME_CHECK_CONSUMER) timestamp=2061 ms, used_size=8591360 bytes (21.0%)
(RDMA_READ_CONSUME_CHECK_CONSUMER) timestamp=2061 ms, used_size=8589312 bytes (21.0%)
(RDMA_READ_CONSUME_CHECK_CONSUMER) timestamp=2061 ms, used_size=8587264 bytes (21.0%)
(RDMA_READ_CONSUME_CHECK_CONSUMER) timestamp=2061 ms, used_size=8585216 bytes (21.0%)
(RDMA_READ_CONSUME_CHECK_CONSUMER) timestamp=2061 ms, used_size=8583168 bytes (21.0%)
(RDMA_READ_CONSUME_CHECK_CONSUMER) timestamp=2061 ms, used_size=8581120 bytes (20.9%)
(RDMA_READ_CONSUME_CHECK_CONSUMER) timestamp=2061 ms, used_size=8579072 bytes (20.9%)
(RDMA_READ_CONSUME_CHECK_CONSUMER) timestamp=2061 ms, used_size=8577024 bytes (20.9%)
(RDMA_READ_CONSUME_CHECK_CONSUMER) timestamp=2061 ms, used_size=8574976 bytes (20.9%)
(RDMA_READ_CONSUME_CHECK_CONSUMER) timestamp=2061 ms, used_size=8572928 bytes (20.9%)
(RDMA_READ_CONSUME_CHECK_CONSUMER) timestamp=2061 ms, used_size=8570880 bytes (20.9%)
(RDMA_READ_CONSUME_CHECK_CONSUMER) timestamp=2061 ms, used_size=8568832 bytes (20.9%)
(RDMA_READ_CONSUME_CHECK_CONSUMER) timestamp=2061 ms, used_size=8566784 bytes (20.9%)
(RDMA_READ_CONSUME_CHECK_CONSUMER) timestamp=2061 ms, used_size=8564736 bytes (20.9%)
(RDMA_READ_CONSUME_CHECK_CONSUMER) timestamp=2061 ms, used_size=8562688 bytes (20.9%)
(RDMA_READ_CONSUME_CHECK_CONSUMER) timestamp=2061 ms, used_size=8560640 bytes (20.9%)
(RDMA_READ_CONSUME_CHECK_CONSUMER) timestamp=2061 ms, used_size=8558592 bytes (20.9%)
(RDMA_READ_CONSUME_CHECK_CONSUMER) timestamp=2061 ms, used_size=8556544 bytes (20.9%)
(RDMA_READ_CONSUME_CHECK_CONSUMER) timestamp=2061 ms, used_size=8554496 bytes (20.9%)
(RDMA_READ_CONSUME_CHECK_CONSUMER) timestamp=2061 ms, used_size=8552448 bytes (20.9%)
(RDMA_READ_CONSUME_CHECK_CONSUMER) timestamp=2061 ms, used_size=8550400 bytes (20.9%)
(RDMA_READ_CONSUME_CHECK_CONSUMER) timestamp=2061 ms, used_size=8548352 bytes (20.9%)
(RDMA_READ_CONSUME_CHECK_CONSUMER) timestamp=2061 ms, used_size=8546304 bytes (20.9%)
(RDMA_READ_CONSUME_CHECK_CONSUMER) timestamp=2061 ms, used_size=8544256 bytes (20.9%)
(RDMA_READ_CONSUME_CHECK_CONSUMER) timestamp=2061 ms, used_size=8542208 bytes (20.9%)
(RDMA_READ_CONSUME_CHECK_CONSUMER) timestamp=2061 ms, used_size=8540160 bytes (20.9%)
(RDMA_READ_CONSUME_CHECK_CONSUMER) timestamp=2061 ms, used_size=8538112 bytes (20.8%)
(RDMA_READ_CONSUME_CHECK_CONSUMER) timestamp=2061 ms, used_size=8536064 bytes (20.8%)
(RDMA_READ_CONSUME_CHECK_CONSUMER) timestamp=2061 ms, used_size=8534016 bytes (20.8%)
(RDMA_READ_CONSUME_CHECK_CONSUMER) timestamp=2061 ms, used_size=8531968 bytes (20.8%)
(RDMA_READ_CONSUME_CHECK_CONSUMER) timestamp=2061 ms, used_size=8529920 bytes (20.8%)
(RDMA_READ_CONSUME_CHECK_CONSUMER) timestamp=2061 ms, used_size=8527872 bytes (20.8%)
(RDMA_READ_CONSUME_CHECK_CONSUMER) timestamp=2061 ms, used_size=8525824 bytes (20.8%)
(RDMA_READ_CONSUME_CHECK_CONSUMER) timestamp=2061 ms, used_size=8523776 bytes (20.8%)
(RDMA_READ_CONSUME_CHECK_CONSUMER) timestamp=2061 ms, used_size=8521728 bytes (20.8%)
(RDMA_READ_CONSUME_CHECK_CONSUMER) timestamp=2061 ms, used_size=8519680 bytes (20.8%)
(RDMA_READ_CONSUME_CHECK_CONSUMER) timestamp=2061 ms, used_size=8517632 bytes (20.8%)
(RDMA_READ_CONSUME_CHECK_CONSUMER) timestamp=2061 ms, used_size=8515584 bytes (20.8%)
(RDMA_READ_CONSUME_CHECK_CONSUMER) timestamp=2061 ms, used_size=8513536 bytes (20.8%)
(RDMA_READ_CONSUME_CHECK_CONSUMER) timestamp=2061 ms, used_size=8511488 bytes (20.8%)
(RDMA_READ_CONSUME_CHECK_CONSUMER) timestamp=2061 ms, used_size=8509440 bytes (20.8%)
(RDMA_READ_CONSUME_CHECK_CONSUMER) timestamp=2061 ms, used_size=8507392 bytes (20.8%)
(RDMA_READ_CONSUME_CHECK_CONSUMER) timestamp=2061 ms, used_size=8505344 bytes (20.8%)
(RDMA_READ_CONSUME_CHECK_CONSUMER) timestamp=2061 ms, used_size=8503296 bytes (20.8%)
(RDMA_READ_CONSUME_CHECK_CONSUMER) timestamp=2061 ms, used_size=8501248 bytes (20.8%)
(RDMA_READ_CONSUME_CHECK_CONSUMER) timestamp=2061 ms, used_size=8499200 bytes (20.8%)
(RDMA_READ_CONSUME_CHECK_CONSUMER) timestamp=2061 ms, used_size=8497152 bytes (20.7%)
(RDMA_READ_CONSUME_CHECK_CONSUMER) timestamp=2061 ms, used_size=8495104 bytes (20.7%)
(RDMA_READ_CONSUME_CHECK_CONSUMER) timestamp=2061 ms, used_size=8493056 bytes (20.7%)
(RDMA_READ_CONSUME_CHECK_CONSUMER) timestamp=2061 ms, used_size=8491008 bytes (20.7%)
(RDMA_READ_CONSUME_CHECK_CONSUMER) timestamp=2061 ms, used_size=8488960 bytes (20.7%)
(RDMA_READ_CONSUME_CHECK_CONSUMER) timestamp=2061 ms, used_size=8486912 bytes (20.7%)
(RDMA_READ_CONSUME_CHECK_CONSUMER) timestamp=2061 ms, used_size=8484864 bytes (20.7%)
(RDMA_READ_CONSUME_CHECK_CONSUMER) timestamp=2061 ms, used_size=8482816 bytes (20.7%)
(RDMA_READ_CONSUME_CHECK_CONSUMER) timestamp=2061 ms, used_size=8480768 bytes (20.7%)
(RDMA_READ_CONSUME_CHECK_CONSUMER) timestamp=2061 ms, used_size=8478720 bytes (20.7%)
(RDMA_READ_CONSUME_CHECK_CONSUMER) timestamp=2061 ms, used_size=8476672 bytes (20.7%)
(RDMA_READ_CONSUME_CHECK_CONSUMER) timestamp=2061 ms, used_size=8474624 bytes (20.7%)
(RDMA_READ_CONSUME_CHECK_CONSUMER) timestamp=2061 ms, used_size=8472576 bytes (20.7%)
(RDMA_READ_CONSUME_CHECK_CONSUMER) timestamp=2061 ms, used_size=8470528 bytes (20.7%)
(RDMA_READ_CONSUME_CHECK_CONSUMER) timestamp=2061 ms, used_size=8468480 bytes (20.7%)
(RDMA_READ_CONSUME_CHECK_CONSUMER) timestamp=2061 ms, used_size=8466432 bytes (20.7%)
(RDMA_READ_CONSUME_CHECK_CONSUMER) timestamp=2061 ms, used_size=8464384 bytes (20.7%)
(RDMA_READ_CONSUME_CHECK_CONSUMER) timestamp=2061 ms, used_size=8462336 bytes (20.7%)
(RDMA_READ_CONSUME_CHECK_CONSUMER) timestamp=2061 ms, used_size=8460288 bytes (20.7%)
(RDMA_READ_CONSUME_CHECK_CONSUMER) timestamp=2061 ms, used_size=8458240 bytes (20.6%)
(RDMA_READ_CONSUME_CHECK_CONSUMER) timestamp=2061 ms, used_size=8456192 bytes (20.6%)
(RDMA_READ_CONSUME_CHECK_CONSUMER) timestamp=2061 ms, used_size=8454144 bytes (20.6%)
(RDMA_READ_CONSUME_CHECK_CONSUMER) timestamp=2061 ms, used_size=8452096 bytes (20.6%)
(RDMA_READ_CONSUME_CHECK_CONSUMER) timestamp=2061 ms, used_size=8450048 bytes (20.6%)
(RDMA_READ_CONSUME_CHECK_CONSUMER) timestamp=2061 ms, used_size=8448000 bytes (20.6%)
(RDMA_READ_CONSUME_CHECK_CONSUMER) timestamp=2061 ms, used_size=8445952 bytes (20.6%)
(RDMA_READ_CONSUME_CHECK_CONSUMER) timestamp=2061 ms, used_size=8443904 bytes (20.6%)
(RDMA_READ_CONSUME_CHECK_CONSUMER) timestamp=2061 ms, used_size=8441856 bytes (20.6%)
(RDMA_READ_CONSUME_CHECK_CONSUMER) timestamp=2061 ms, used_size=8439808 bytes (20.6%)
(RDMA_READ_CONSUME_CHECK_CONSUMER) timestamp=2061 ms, used_size=8437760 bytes (20.6%)
(RDMA_READ_CONSUME_CHECK_CONSUMER) timestamp=2061 ms, used_size=8435712 bytes (20.6%)
(RDMA_READ_CONSUME_CHECK_CONSUMER) timestamp=2061 ms, used_size=8433664 bytes (20.6%)
(RDMA_READ_CONSUME_CHECK_CONSUMER) timestamp=2061 ms, used_size=8431616 bytes (20.6%)
(RDMA_READ_CONSUME_CHECK_CONSUMER) timestamp=2061 ms, used_size=8429568 bytes (20.6%)
(RDMA_READ_CONSUME_CHECK_CONSUMER) timestamp=2061 ms, used_size=8427520 bytes (20.6%)
(RDMA_READ_CONSUME_CHECK_CONSUMER) timestamp=2061 ms, used_size=8425472 bytes (20.6%)
(RDMA_READ_CONSUME_CHECK_CONSUMER) timestamp=2061 ms, used_size=8423424 bytes (20.6%)
(RDMA_READ_CONSUME_CHECK_CONSUMER) timestamp=2061 ms, used_size=8421376 bytes (20.6%)
(RDMA_READ_CONSUME_CHECK_CONSUMER) timestamp=2061 ms, used_size=8419328 bytes (20.6%)
(RDMA_READ_CONSUME_CHECK_CONSUMER) timestamp=2061 ms, used_size=8417280 bytes (20.6%)
(RDMA_READ_CONSUME_CHECK_CONSUMER) timestamp=2061 ms, used_size=8415232 bytes (20.5%)
(RDMA_READ_CONSUME_CHECK_CONSUMER) timestamp=2061 ms, used_size=8413184 bytes (20.5%)
(RDMA_READ_CONSUME_CHECK_CONSUMER) timestamp=2061 ms, used_size=8411136 bytes (20.5%)
(RDMA_READ_CONSUME_CHECK_CONSUMER) timestamp=2061 ms, used_size=8409088 bytes (20.5%)
(RDMA_READ_CONSUME_CHECK_CONSUMER) timestamp=2061 ms, used_size=8407040 bytes (20.5%)
(RDMA_READ_CONSUME_CHECK_CONSUMER) timestamp=2061 ms, used_size=8404992 bytes (20.5%)
(RDMA_READ_CONSUME_CHECK_CONSUMER) timestamp=2061 ms, used_size=8402944 bytes (20.5%)
(RDMA_READ_CONSUME_CHECK_CONSUMER) timestamp=2061 ms, used_size=8400896 bytes (20.5%)
(RDMA_READ_CONSUME_CHECK_CONSUMER) timestamp=2061 ms, used_size=8398848 bytes (20.5%)
(RDMA_READ_CONSUME_CHECK_CONSUMER) timestamp=2061 ms, used_size=8396800 bytes (20.5%)
(RDMA_READ_CONSUME_CHECK_CONSUMER) timestamp=2061 ms, used_size=8394752 bytes (20.5%)
(RDMA_READ_CONSUME_CHECK_CONSUMER) timestamp=2061 ms, used_size=8392704 bytes (20.5%)
(RDMA_READ_CONSUME_CHECK_CONSUMER) timestamp=2061 ms, used_size=8390656 bytes (20.5%)
(RDMA_READ_CONSUME_CHECK_CONSUMER) timestamp=2061 ms, used_size=8388608 bytes (20.5%)
(RDMA_READ_CONSUME_CHECK_CONSUMER) timestamp=2061 ms, used_size=8386560 bytes (20.5%)
(RDMA_READ_CONSUME_CHECK_CONSUMER) timestamp=2061 ms, used_size=8384512 bytes (20.5%)
(RDMA_READ_CONSUME_CHECK_CONSUMER) timestamp=2061 ms, used_size=8382464 bytes (20.5%)
(RDMA_READ_CONSUME_CHECK_CONSUMER) timestamp=2061 ms, used_size=8380416 bytes (20.5%)
(RDMA_READ_CONSUME_CHECK_CONSUMER) timestamp=2061 ms, used_size=8378368 bytes (20.5%)
(RDMA_READ_CONSUME_CHECK_CONSUMER) timestamp=2061 ms, used_size=8376320 bytes (20.4%)
(RDMA_READ_CONSUME_CHECK_CONSUMER) timestamp=2061 ms, used_size=8374272 bytes (20.4%)
(RDMA_READ_CONSUME_CHECK_CONSUMER) timestamp=2061 ms, used_size=8372224 bytes (20.4%)
(RDMA_READ_CONSUME_CHECK_CONSUMER) timestamp=2061 ms, used_size=8370176 bytes (20.4%)
(RDMA_READ_CONSUME_CHECK_CONSUMER) timestamp=2061 ms, used_size=8368128 bytes (20.4%)
(RDMA_READ_CONSUME_CHECK_CONSUMER) timestamp=2061 ms, used_size=8366080 bytes (20.4%)
(RDMA_READ_CONSUME_CHECK_CONSUMER) timestamp=2061 ms, used_size=8364032 bytes (20.4%)
(RDMA_READ_CONSUME_CHECK_CONSUMER) timestamp=2061 ms, used_size=8361984 bytes (20.4%)
(RDMA_READ_CONSUME_CHECK_CONSUMER) timestamp=2061 ms, used_size=8359936 bytes (20.4%)
(RDMA_READ_CONSUME_CHECK_CONSUMER) timestamp=2061 ms, used_size=8357888 bytes (20.4%)
(RDMA_READ_CONSUME_CHECK_CONSUMER) timestamp=2061 ms, used_size=8355840 bytes (20.4%)
(RDMA_READ_CONSUME_CHECK_CONSUMER) timestamp=2061 ms, used_size=8353792 bytes (20.4%)
(RDMA_READ_CONSUME_CHECK_CONSUMER) timestamp=2061 ms, used_size=8351744 bytes (20.4%)
(RDMA_READ_CONSUME_CHECK_CONSUMER) timestamp=2061 ms, used_size=8349696 bytes (20.4%)
(RDMA_READ_CONSUME_CHECK_CONSUMER) timestamp=2061 ms, used_size=8347648 bytes (20.4%)
(RDMA_READ_CONSUME_CHECK_CONSUMER) timestamp=2061 ms, used_size=8345600 bytes (20.4%)
(RDMA_READ_CONSUME_CHECK_CONSUMER) timestamp=2061 ms, used_size=8343552 bytes (20.4%)
(RDMA_READ_CONSUME_CHECK_CONSUMER) timestamp=2061 ms, used_size=8341504 bytes (20.4%)
(RDMA_READ_CONSUME_CHECK_CONSUMER) timestamp=2061 ms, used_size=8339456 bytes (20.4%)
(RDMA_READ_CONSUME_CHECK_CONSUMER) timestamp=2061 ms, used_size=8337408 bytes (20.4%)
(RDMA_READ_CONSUME_CHECK_CONSUMER) timestamp=2061 ms, used_size=8335360 bytes (20.4%)
(RDMA_READ_CONSUME_CHECK_CONSUMER) timestamp=2061 ms, used_size=8333312 bytes (20.3%)
(RDMA_READ_CONSUME_CHECK_CONSUMER) timestamp=2061 ms, used_size=8331264 bytes (20.3%)
(RDMA_READ_CONSUME_CHECK_CONSUMER) timestamp=2061 ms, used_size=8329216 bytes (20.3%)
(RDMA_READ_CONSUME_CHECK_CONSUMER) timestamp=2061 ms, used_size=8327168 bytes (20.3%)
(RDMA_READ_CONSUME_CHECK_CONSUMER) timestamp=2061 ms, used_size=8325120 bytes (20.3%)
(RDMA_READ_CONSUME_CHECK_CONSUMER) timestamp=2061 ms, used_size=8323072 bytes (20.3%)
(RDMA_READ_CONSUME_CHECK_CONSUMER) timestamp=2061 ms, used_size=8321024 bytes (20.3%)
(RDMA_READ_CONSUME_CHECK_CONSUMER) timestamp=2061 ms, used_size=8318976 bytes (20.3%)
(RDMA_READ_CONSUME_CHECK_CONSUMER) timestamp=2061 ms, used_size=8316928 bytes (20.3%)
(RDMA_READ_CONSUME_CHECK_CONSUMER) timestamp=2061 ms, used_size=8314880 bytes (20.3%)
(RDMA_READ_CONSUME_CHECK_CONSUMER) timestamp=2061 ms, used_size=8312832 bytes (20.3%)
(RDMA_READ_CONSUME_CHECK_CONSUMER) timestamp=2061 ms, used_size=8310784 bytes (20.3%)
(RDMA_READ_CONSUME_CHECK_CONSUMER) timestamp=2061 ms, used_size=8308736 bytes (20.3%)
(RDMA_READ_CONSUME_CHECK_CONSUMER) timestamp=2061 ms, used_size=8306688 bytes (20.3%)
(RDMA_READ_CONSUME_CHECK_CONSUMER) timestamp=2061 ms, used_size=8304640 bytes (20.3%)
(RDMA_READ_CONSUME_CHECK_CONSUMER) timestamp=2061 ms, used_size=8302592 bytes (20.3%)
(RDMA_READ_CONSUME_CHECK_CONSUMER) timestamp=2061 ms, used_size=8300544 bytes (20.3%)
(RDMA_READ_CONSUME_CHECK_CONSUMER) timestamp=2061 ms, used_size=8298496 bytes (20.3%)
(RDMA_READ_CONSUME_CHECK_CONSUMER) timestamp=2061 ms, used_size=8296448 bytes (20.3%)
(RDMA_READ_CONSUME_CHECK_CONSUMER) timestamp=2061 ms, used_size=8294400 bytes (20.2%)
(RDMA_READ_CONSUME_CHECK_CONSUMER) timestamp=2061 ms, used_size=8292352 bytes (20.2%)
(RDMA_READ_CONSUME_CHECK_CONSUMER) timestamp=2061 ms, used_size=8290304 bytes (20.2%)
(RDMA_READ_CONSUME_CHECK_CONSUMER) timestamp=2061 ms, used_size=8288256 bytes (20.2%)
(RDMA_READ_CONSUME_CHECK_CONSUMER) timestamp=2061 ms, used_size=8286208 bytes (20.2%)
(RDMA_READ_CONSUME_CHECK_CONSUMER) timestamp=2061 ms, used_size=8284160 bytes (20.2%)
(RDMA_READ_CONSUME_CHECK_CONSUMER) timestamp=2061 ms, used_size=8282112 bytes (20.2%)
(RDMA_READ_CONSUME_CHECK_CONSUMER) timestamp=2062 ms, used_size=8280064 bytes (20.2%)
(RDMA_READ_CONSUME_CHECK_CONSUMER) timestamp=2062 ms, used_size=8278016 bytes (20.2%)
(RDMA_READ_CONSUME_CHECK_CONSUMER) timestamp=2062 ms, used_size=8275968 bytes (20.2%)
(RDMA_READ_CONSUME_CHECK_CONSUMER) timestamp=2062 ms, used_size=8273920 bytes (20.2%)
(RDMA_READ_CONSUME_CHECK_CONSUMER) timestamp=2062 ms, used_size=8271872 bytes (20.2%)
(RDMA_READ_CONSUME_CHECK_CONSUMER) timestamp=2062 ms, used_size=8269824 bytes (20.2%)
(RDMA_READ_CONSUME_CHECK_CONSUMER) timestamp=2062 ms, used_size=8267776 bytes (20.2%)
(RDMA_READ_CONSUME_CHECK_CONSUMER) timestamp=2062 ms, used_size=8265728 bytes (20.2%)
(RDMA_READ_CONSUME_CHECK_CONSUMER) timestamp=2062 ms, used_size=8263680 bytes (20.2%)
(RDMA_READ_CONSUME_CHECK_CONSUMER) timestamp=2062 ms, used_size=8261632 bytes (20.2%)
(RDMA_READ_CONSUME_CHECK_CONSUMER) timestamp=2062 ms, used_size=8259584 bytes (20.2%)
(RDMA_READ_CONSUME_CHECK_CONSUMER) timestamp=2062 ms, used_size=8257536 bytes (20.2%)
(RDMA_READ_CONSUME_CHECK_CONSUMER) timestamp=2062 ms, used_size=8255488 bytes (20.2%)
(RDMA_READ_CONSUME_CHECK_CONSUMER) timestamp=2062 ms, used_size=8253440 bytes (20.1%)
(RDMA_READ_CONSUME_CHECK_CONSUMER) timestamp=2062 ms, used_size=8251392 bytes (20.1%)
(RDMA_READ_CONSUME_CHECK_CONSUMER) timestamp=2062 ms, used_size=8249344 bytes (20.1%)
(RDMA_READ_CONSUME_CHECK_CONSUMER) timestamp=2062 ms, used_size=8247296 bytes (20.1%)
(RDMA_READ_CONSUME_CHECK_CONSUMER) timestamp=2062 ms, used_size=8245248 bytes (20.1%)
(RDMA_READ_CONSUME_CHECK_CONSUMER) timestamp=2062 ms, used_size=8243200 bytes (20.1%)
(RDMA_READ_CONSUME_CHECK_CONSUMER) timestamp=2062 ms, used_size=8241152 bytes (20.1%)
(RDMA_READ_CONSUME_CHECK_CONSUMER) timestamp=2062 ms, used_size=8239104 bytes (20.1%)
(RDMA_READ_CONSUME_CHECK_CONSUMER) timestamp=2062 ms, used_size=8237056 bytes (20.1%)
(RDMA_READ_CONSUME_CHECK_CONSUMER) timestamp=2062 ms, used_size=8235008 bytes (20.1%)
(RDMA_READ_CONSUME_CHECK_CONSUMER) timestamp=2062 ms, used_size=8232960 bytes (20.1%)
(RDMA_READ_CONSUME_CHECK_CONSUMER) timestamp=2062 ms, used_size=8230912 bytes (20.1%)
(RDMA_READ_CONSUME_CHECK_CONSUMER) timestamp=2062 ms, used_size=8228864 bytes (20.1%)
(RDMA_READ_CONSUME_CHECK_CONSUMER) timestamp=2062 ms, used_size=8226816 bytes (20.1%)
(RDMA_READ_CONSUME_CHECK_CONSUMER) timestamp=2062 ms, used_size=8224768 bytes (20.1%)
(RDMA_READ_CONSUME_CHECK_CONSUMER) timestamp=2062 ms, used_size=8222720 bytes (20.1%)
(RDMA_READ_CONSUME_CHECK_CONSUMER) timestamp=2062 ms, used_size=8220672 bytes (20.1%)
(RDMA_READ_CONSUME_CHECK_CONSUMER) timestamp=2062 ms, used_size=8218624 bytes (20.1%)
(RDMA_READ_CONSUME_CHECK_CONSUMER) timestamp=2062 ms, used_size=8216576 bytes (20.1%)
(RDMA_READ_CONSUME_CHECK_CONSUMER) timestamp=2062 ms, used_size=8214528 bytes (20.1%)
(RDMA_READ_CONSUME_CHECK_CONSUMER) timestamp=2062 ms, used_size=8212480 bytes (20.1%)
(RDMA_READ_CONSUME_CHECK_CONSUMER) timestamp=2062 ms, used_size=8210432 bytes (20.0%)
(RDMA_READ_CONSUME_CHECK_CONSUMER) timestamp=2062 ms, used_size=8208384 bytes (20.0%)
(RDMA_READ_CONSUME_CHECK_CONSUMER) timestamp=2062 ms, used_size=8206336 bytes (20.0%)
(RDMA_READ_CONSUME_CHECK_CONSUMER) timestamp=2062 ms, used_size=8204288 bytes (20.0%)
(RDMA_READ_CONSUME_CHECK_CONSUMER) timestamp=2062 ms, used_size=8202240 bytes (20.0%)
(RDMA_READ_CONSUME_CHECK_CONSUMER) timestamp=2062 ms, used_size=8200192 bytes (20.0%)
(RDMA_READ_CONSUME_CHECK_CONSUMER) timestamp=2062 ms, used_size=8198144 bytes (20.0%)
(RDMA_READ_CONSUME_CHECK_CONSUMER) timestamp=2062 ms, used_size=8196096 bytes (20.0%)
(RDMA_READ_CONSUME_CHECK_CONSUMER) timestamp=2062 ms, used_size=8194048 bytes (20.0%)
(RDMA_READ_CONSUME_CHECK_CONSUMER) timestamp=2062 ms, used_size=8192000 bytes (20.0%)
(RDMA_READ_CONSUME_CHECK_CONSUMER) timestamp=2062 ms, used_size=8189952 bytes (20.0%)
(RDMA_READ_CONSUME_CHECK_CONSUMER) timestamp=2062 ms, used_size=8187904 bytes (20.0%)
(RDMA_READ_CONSUME_CHECK_CONSUMER) timestamp=2062 ms, used_size=8185856 bytes (20.0%)
(RDMA_READ_CONSUME_CHECK_CONSUMER) timestamp=2062 ms, used_size=8183808 bytes (20.0%)
(RDMA_READ_CONSUME_CHECK_CONSUMER) timestamp=2062 ms, used_size=8181760 bytes (20.0%)
(RDMA_READ_CONSUME_CHECK_CONSUMER) timestamp=2062 ms, used_size=8179712 bytes (20.0%)
(RDMA_READ_CONSUME_CHECK_CONSUMER) timestamp=2062 ms, used_size=8177664 bytes (20.0%)
(RDMA_READ_CONSUME_CHECK_CONSUMER) timestamp=2062 ms, used_size=8175616 bytes (20.0%)
(RDMA_READ_CONSUME_CHECK_CONSUMER) timestamp=2062 ms, used_size=8173568 bytes (20.0%)
(RDMA_READ_CONSUME_CHECK_CONSUMER) timestamp=2062 ms, used_size=8171520 bytes (19.9%)
(RDMA_READ_CONSUME_CHECK_CONSUMER) timestamp=2062 ms, used_size=8169472 bytes (19.9%)
(RDMA_READ_CONSUME_CHECK_CONSUMER) timestamp=2062 ms, used_size=8167424 bytes (19.9%)
(RDMA_READ_CONSUME_CHECK_CONSUMER) timestamp=2062 ms, used_size=8165376 bytes (19.9%)
(RDMA_READ_CONSUME_CHECK_CONSUMER) timestamp=2062 ms, used_size=8163328 bytes (19.9%)
(RDMA_READ_CONSUME_CHECK_CONSUMER) timestamp=2062 ms, used_size=8161280 bytes (19.9%)
(RDMA_READ_CONSUME_CHECK_CONSUMER) timestamp=2062 ms, used_size=8159232 bytes (19.9%)
(RDMA_READ_CONSUME_CHECK_CONSUMER) timestamp=2062 ms, used_size=8157184 bytes (19.9%)
(RDMA_READ_CONSUME_CHECK_CONSUMER) timestamp=2062 ms, used_size=8155136 bytes (19.9%)
(RDMA_READ_CONSUME_CHECK_CONSUMER) timestamp=2062 ms, used_size=8153088 bytes (19.9%)
(RDMA_READ_CONSUME_CHECK_CONSUMER) timestamp=2062 ms, used_size=8151040 bytes (19.9%)
(RDMA_READ_CONSUME_CHECK_CONSUMER) timestamp=2062 ms, used_size=8148992 bytes (19.9%)
(RDMA_READ_CONSUME_CHECK_CONSUMER) timestamp=2062 ms, used_size=8146944 bytes (19.9%)
(RDMA_READ_CONSUME_CHECK_CONSUMER) timestamp=2062 ms, used_size=8144896 bytes (19.9%)
(RDMA_READ_CONSUME_CHECK_CONSUMER) timestamp=2062 ms, used_size=8142848 bytes (19.9%)
(RDMA_READ_CONSUME_CHECK_CONSUMER) timestamp=2062 ms, used_size=8140800 bytes (19.9%)
(RDMA_READ_CONSUME_CHECK_CONSUMER) timestamp=2062 ms, used_size=8138752 bytes (19.9%)
(RDMA_READ_CONSUME_CHECK_CONSUMER) timestamp=2062 ms, used_size=8136704 bytes (19.9%)
(RDMA_READ_CONSUME_CHECK_CONSUMER) timestamp=2062 ms, used_size=8134656 bytes (19.9%)
(RDMA_READ_CONSUME_CHECK_CONSUMER) timestamp=2062 ms, used_size=8132608 bytes (19.9%)
(RDMA_READ_CONSUME_CHECK_CONSUMER) timestamp=2062 ms, used_size=8130560 bytes (19.9%)
(RDMA_READ_CONSUME_CHECK_CONSUMER) timestamp=2062 ms, used_size=8128512 bytes (19.8%)
(RDMA_READ_CONSUME_CHECK_CONSUMER) timestamp=2062 ms, used_size=8126464 bytes (19.8%)
(RDMA_READ_CONSUME_CHECK_CONSUMER) timestamp=2062 ms, used_size=8124416 bytes (19.8%)
(RDMA_READ_CONSUME_CHECK_CONSUMER) timestamp=2062 ms, used_size=8122368 bytes (19.8%)
(RDMA_READ_CONSUME_CHECK_CONSUMER) timestamp=2062 ms, used_size=8120320 bytes (19.8%)
(RDMA_READ_CONSUME_CHECK_CONSUMER) timestamp=2062 ms, used_size=8118272 bytes (19.8%)
(RDMA_READ_CONSUME_CHECK_CONSUMER) timestamp=2062 ms, used_size=8116224 bytes (19.8%)
(RDMA_READ_CONSUME_CHECK_CONSUMER) timestamp=2062 ms, used_size=8114176 bytes (19.8%)
(RDMA_READ_CONSUME_CHECK_CONSUMER) timestamp=2062 ms, used_size=8112128 bytes (19.8%)
(RDMA_READ_CONSUME_CHECK_CONSUMER) timestamp=2062 ms, used_size=8110080 bytes (19.8%)
(RDMA_READ_CONSUME_CHECK_CONSUMER) timestamp=2062 ms, used_size=8108032 bytes (19.8%)
(RDMA_READ_CONSUME_CHECK_CONSUMER) timestamp=2062 ms, used_size=8105984 bytes (19.8%)
(RDMA_READ_CONSUME_CHECK_CONSUMER) timestamp=2062 ms, used_size=8103936 bytes (19.8%)
(RDMA_READ_CONSUME_CHECK_CONSUMER) timestamp=2062 ms, used_size=8101888 bytes (19.8%)
(RDMA_READ_CONSUME_CHECK_CONSUMER) timestamp=2062 ms, used_size=8099840 bytes (19.8%)
(RDMA_READ_CONSUME_CHECK_CONSUMER) timestamp=2062 ms, used_size=8097792 bytes (19.8%)
(RDMA_READ_CONSUME_CHECK_CONSUMER) timestamp=2062 ms, used_size=8095744 bytes (19.8%)
(RDMA_READ_CONSUME_CHECK_CONSUMER) timestamp=2062 ms, used_size=8093696 bytes (19.8%)
(RDMA_READ_CONSUME_CHECK_CONSUMER) timestamp=2062 ms, used_size=8091648 bytes (19.8%)
(RDMA_READ_CONSUME_CHECK_CONSUMER) timestamp=2062 ms, used_size=8089600 bytes (19.8%)
(RDMA_READ_CONSUME_CHECK_CONSUMER) timestamp=2062 ms, used_size=8087552 bytes (19.7%)
(RDMA_READ_CONSUME_CHECK_CONSUMER) timestamp=2062 ms, used_size=8085504 bytes (19.7%)
(RDMA_READ_CONSUME_CHECK_CONSUMER) timestamp=2062 ms, used_size=8083456 bytes (19.7%)
(RDMA_READ_CONSUME_CHECK_CONSUMER) timestamp=2062 ms, used_size=8081408 bytes (19.7%)
(RDMA_READ_CONSUME_CHECK_CONSUMER) timestamp=2062 ms, used_size=8079360 bytes (19.7%)
(RDMA_READ_CONSUME_CHECK_CONSUMER) timestamp=2062 ms, used_size=8077312 bytes (19.7%)
(RDMA_READ_CONSUME_CHECK_CONSUMER) timestamp=2062 ms, used_size=8075264 bytes (19.7%)
(RDMA_READ_CONSUME_CHECK_CONSUMER) timestamp=2062 ms, used_size=8073216 bytes (19.7%)
(RDMA_READ_CONSUME_CHECK_CONSUMER) timestamp=2062 ms, used_size=8071168 bytes (19.7%)
(RDMA_READ_CONSUME_CHECK_CONSUMER) timestamp=2062 ms, used_size=8069120 bytes (19.7%)
(RDMA_READ_CONSUME_CHECK_CONSUMER) timestamp=2062 ms, used_size=8067072 bytes (19.7%)
(RDMA_READ_CONSUME_CHECK_CONSUMER) timestamp=2062 ms, used_size=8065024 bytes (19.7%)
(RDMA_READ_CONSUME_CHECK_CONSUMER) timestamp=2062 ms, used_size=8062976 bytes (19.7%)
(RDMA_READ_CONSUME_CHECK_CONSUMER) timestamp=2062 ms, used_size=8060928 bytes (19.7%)
(RDMA_READ_CONSUME_CHECK_CONSUMER) timestamp=2062 ms, used_size=8058880 bytes (19.7%)
(RDMA_READ_CONSUME_CHECK_CONSUMER) timestamp=2062 ms, used_size=8056832 bytes (19.7%)
(RDMA_READ_CONSUME_CHECK_CONSUMER) timestamp=2062 ms, used_size=8054784 bytes (19.7%)
(RDMA_READ_CONSUME_CHECK_CONSUMER) timestamp=2062 ms, used_size=8052736 bytes (19.7%)
(RDMA_READ_CONSUME_CHECK_CONSUMER) timestamp=2062 ms, used_size=8050688 bytes (19.7%)
(RDMA_READ_CONSUME_CHECK_CONSUMER) timestamp=2062 ms, used_size=8048640 bytes (19.6%)
(RDMA_READ_CONSUME_CHECK_CONSUMER) timestamp=2062 ms, used_size=8046592 bytes (19.6%)
(RDMA_READ_CONSUME_CHECK_CONSUMER) timestamp=2062 ms, used_size=8044544 bytes (19.6%)
(RDMA_READ_CONSUME_CHECK_CONSUMER) timestamp=2062 ms, used_size=8042496 bytes (19.6%)
(RDMA_READ_CONSUME_CHECK_CONSUMER) timestamp=2062 ms, used_size=8040448 bytes (19.6%)
(RDMA_READ_CONSUME_CHECK_CONSUMER) timestamp=2062 ms, used_size=8038400 bytes (19.6%)
(RDMA_READ_CONSUME_CHECK_CONSUMER) timestamp=2062 ms, used_size=8036352 bytes (19.6%)
(RDMA_READ_CONSUME_CHECK_CONSUMER) timestamp=2062 ms, used_size=8034304 bytes (19.6%)
(RDMA_READ_CONSUME_CHECK_CONSUMER) timestamp=2062 ms, used_size=8032256 bytes (19.6%)
(RDMA_READ_CONSUME_CHECK_CONSUMER) timestamp=2062 ms, used_size=8030208 bytes (19.6%)
(RDMA_READ_CONSUME_CHECK_CONSUMER) timestamp=2062 ms, used_size=8028160 bytes (19.6%)
(RDMA_READ_CONSUME_CHECK_CONSUMER) timestamp=2062 ms, used_size=8026112 bytes (19.6%)
(RDMA_READ_CONSUME_CHECK_CONSUMER) timestamp=2062 ms, used_size=8024064 bytes (19.6%)
(RDMA_READ_CONSUME_CHECK_CONSUMER) timestamp=2062 ms, used_size=8022016 bytes (19.6%)
(RDMA_READ_CONSUME_CHECK_CONSUMER) timestamp=2062 ms, used_size=8019968 bytes (19.6%)
(RDMA_READ_CONSUME_CHECK_CONSUMER) timestamp=2062 ms, used_size=8017920 bytes (19.6%)
(RDMA_READ_CONSUME_CHECK_CONSUMER) timestamp=2062 ms, used_size=8015872 bytes (19.6%)
(RDMA_READ_CONSUME_CHECK_CONSUMER) timestamp=2062 ms, used_size=8013824 bytes (19.6%)
(RDMA_READ_CONSUME_CHECK_CONSUMER) timestamp=2062 ms, used_size=8011776 bytes (19.6%)
(RDMA_READ_CONSUME_CHECK_CONSUMER) timestamp=2062 ms, used_size=8009728 bytes (19.6%)
(RDMA_READ_CONSUME_CHECK_CONSUMER) timestamp=2062 ms, used_size=8007680 bytes (19.6%)
(RDMA_READ_CONSUME_CHECK_CONSUMER) timestamp=2062 ms, used_size=8005632 bytes (19.5%)
(RDMA_READ_CONSUME_CHECK_CONSUMER) timestamp=2062 ms, used_size=8003584 bytes (19.5%)
(RDMA_READ_CONSUME_CHECK_CONSUMER) timestamp=2062 ms, used_size=8001536 bytes (19.5%)
(RDMA_READ_CONSUME_CHECK_CONSUMER) timestamp=2062 ms, used_size=7999488 bytes (19.5%)
(RDMA_READ_CONSUME_CHECK_CONSUMER) timestamp=2062 ms, used_size=7997440 bytes (19.5%)
(RDMA_READ_CONSUME_CHECK_CONSUMER) timestamp=2062 ms, used_size=7995392 bytes (19.5%)
(RDMA_READ_CONSUME_CHECK_CONSUMER) timestamp=2062 ms, used_size=7993344 bytes (19.5%)
(RDMA_READ_CONSUME_CHECK_CONSUMER) timestamp=2062 ms, used_size=7991296 bytes (19.5%)
(RDMA_READ_CONSUME_CHECK_CONSUMER) timestamp=2062 ms, used_size=7989248 bytes (19.5%)
(RDMA_READ_CONSUME_CHECK_CONSUMER) timestamp=2062 ms, used_size=7987200 bytes (19.5%)
(RDMA_READ_CONSUME_CHECK_CONSUMER) timestamp=2062 ms, used_size=7985152 bytes (19.5%)
(RDMA_READ_CONSUME_CHECK_CONSUMER) timestamp=2062 ms, used_size=7983104 bytes (19.5%)
(RDMA_READ_CONSUME_CHECK_CONSUMER) timestamp=2062 ms, used_size=7981056 bytes (19.5%)
(RDMA_READ_CONSUME_CHECK_CONSUMER) timestamp=2062 ms, used_size=7979008 bytes (19.5%)
(RDMA_READ_CONSUME_CHECK_CONSUMER) timestamp=2062 ms, used_size=7976960 bytes (19.5%)
(RDMA_READ_CONSUME_CHECK_CONSUMER) timestamp=2062 ms, used_size=7974912 bytes (19.5%)
(RDMA_READ_CONSUME_CHECK_CONSUMER) timestamp=2062 ms, used_size=7972864 bytes (19.5%)
(RDMA_READ_CONSUME_CHECK_CONSUMER) timestamp=2062 ms, used_size=7970816 bytes (19.5%)
(RDMA_READ_CONSUME_CHECK_CONSUMER) timestamp=2062 ms, used_size=7968768 bytes (19.5%)
(RDMA_READ_CONSUME_CHECK_CONSUMER) timestamp=2062 ms, used_size=7966720 bytes (19.4%)
(RDMA_READ_CONSUME_CHECK_CONSUMER) timestamp=2062 ms, used_size=7964672 bytes (19.4%)
(RDMA_READ_CONSUME_CHECK_CONSUMER) timestamp=2062 ms, used_size=7962624 bytes (19.4%)
(RDMA_READ_CONSUME_CHECK_CONSUMER) timestamp=2062 ms, used_size=7960576 bytes (19.4%)
(RDMA_READ_CONSUME_CHECK_CONSUMER) timestamp=2062 ms, used_size=7958528 bytes (19.4%)
(RDMA_READ_CONSUME_CHECK_CONSUMER) timestamp=2062 ms, used_size=7956480 bytes (19.4%)
(RDMA_READ_CONSUME_CHECK_CONSUMER) timestamp=2062 ms, used_size=7954432 bytes (19.4%)
(RDMA_READ_CONSUME_CHECK_CONSUMER) timestamp=2062 ms, used_size=7952384 bytes (19.4%)
(RDMA_READ_CONSUME_CHECK_CONSUMER) timestamp=2062 ms, used_size=7950336 bytes (19.4%)
(RDMA_READ_CONSUME_CHECK_CONSUMER) timestamp=2062 ms, used_size=7948288 bytes (19.4%)
(RDMA_READ_CONSUME_CHECK_CONSUMER) timestamp=2062 ms, used_size=7946240 bytes (19.4%)
(RDMA_READ_CONSUME_CHECK_CONSUMER) timestamp=2062 ms, used_size=7944192 bytes (19.4%)
(RDMA_READ_CONSUME_CHECK_CONSUMER) timestamp=2062 ms, used_size=7942144 bytes (19.4%)
(RDMA_READ_CONSUME_CHECK_CONSUMER) timestamp=2062 ms, used_size=7940096 bytes (19.4%)
(RDMA_READ_CONSUME_CHECK_CONSUMER) timestamp=2062 ms, used_size=7938048 bytes (19.4%)
(RDMA_READ_CONSUME_CHECK_CONSUMER) timestamp=2062 ms, used_size=7936000 bytes (19.4%)
(RDMA_READ_CONSUME_CHECK_CONSUMER) timestamp=2062 ms, used_size=7933952 bytes (19.4%)
(RDMA_READ_CONSUME_CHECK_CONSUMER) timestamp=2062 ms, used_size=7931904 bytes (19.4%)
(RDMA_READ_CONSUME_CHECK_CONSUMER) timestamp=2062 ms, used_size=7929856 bytes (19.4%)
(RDMA_READ_CONSUME_CHECK_CONSUMER) timestamp=2062 ms, used_size=7927808 bytes (19.4%)
(RDMA_READ_CONSUME_CHECK_CONSUMER) timestamp=2062 ms, used_size=7925760 bytes (19.4%)
(RDMA_READ_CONSUME_CHECK_CONSUMER) timestamp=2062 ms, used_size=7923712 bytes (19.3%)
(RDMA_READ_CONSUME_CHECK_CONSUMER) timestamp=2062 ms, used_size=7921664 bytes (19.3%)
(RDMA_READ_CONSUME_CHECK_CONSUMER) timestamp=2062 ms, used_size=7919616 bytes (19.3%)
(RDMA_READ_CONSUME_CHECK_CONSUMER) timestamp=2062 ms, used_size=7917568 bytes (19.3%)
(RDMA_READ_CONSUME_CHECK_CONSUMER) timestamp=2062 ms, used_size=7915520 bytes (19.3%)
(RDMA_READ_CONSUME_CHECK_CONSUMER) timestamp=2062 ms, used_size=7913472 bytes (19.3%)
(RDMA_READ_CONSUME_CHECK_CONSUMER) timestamp=2062 ms, used_size=7911424 bytes (19.3%)
(RDMA_READ_CONSUME_CHECK_CONSUMER) timestamp=2063 ms, used_size=7909376 bytes (19.3%)
(RDMA_READ_CONSUME_CHECK_CONSUMER) timestamp=2063 ms, used_size=7907328 bytes (19.3%)
(RDMA_READ_CONSUME_CHECK_CONSUMER) timestamp=2063 ms, used_size=7905280 bytes (19.3%)
(RDMA_READ_CONSUME_CHECK_CONSUMER) timestamp=2063 ms, used_size=7903232 bytes (19.3%)
(RDMA_READ_CONSUME_CHECK_CONSUMER) timestamp=2063 ms, used_size=7901184 bytes (19.3%)
(RDMA_READ_CONSUME_CHECK_CONSUMER) timestamp=2063 ms, used_size=7899136 bytes (19.3%)
(RDMA_READ_CONSUME_CHECK_CONSUMER) timestamp=2063 ms, used_size=7897088 bytes (19.3%)
(RDMA_READ_CONSUME_CHECK_CONSUMER) timestamp=2063 ms, used_size=7895040 bytes (19.3%)
(RDMA_READ_CONSUME_CHECK_CONSUMER) timestamp=2063 ms, used_size=7892992 bytes (19.3%)
(RDMA_READ_CONSUME_CHECK_CONSUMER) timestamp=2063 ms, used_size=7890944 bytes (19.3%)
(RDMA_READ_CONSUME_CHECK_CONSUMER) timestamp=2063 ms, used_size=7888896 bytes (19.3%)
(RDMA_READ_CONSUME_CHECK_CONSUMER) timestamp=2063 ms, used_size=7886848 bytes (19.3%)
(RDMA_READ_CONSUME_CHECK_CONSUMER) timestamp=2063 ms, used_size=7884800 bytes (19.2%)
(RDMA_READ_CONSUME_CHECK_CONSUMER) timestamp=2063 ms, used_size=7882752 bytes (19.2%)
(RDMA_READ_CONSUME_CHECK_CONSUMER) timestamp=2063 ms, used_size=7880704 bytes (19.2%)
(RDMA_READ_CONSUME_CHECK_CONSUMER) timestamp=2063 ms, used_size=7878656 bytes (19.2%)
(RDMA_READ_CONSUME_CHECK_CONSUMER) timestamp=2063 ms, used_size=7876608 bytes (19.2%)
(RDMA_READ_CONSUME_CHECK_CONSUMER) timestamp=2063 ms, used_size=7874560 bytes (19.2%)
(RDMA_READ_CONSUME_CHECK_CONSUMER) timestamp=2063 ms, used_size=7872512 bytes (19.2%)
(RDMA_READ_CONSUME_CHECK_CONSUMER) timestamp=2063 ms, used_size=7870464 bytes (19.2%)
(RDMA_READ_CONSUME_CHECK_CONSUMER) timestamp=2063 ms, used_size=7868416 bytes (19.2%)
(RDMA_READ_CONSUME_CHECK_CONSUMER) timestamp=2063 ms, used_size=7866368 bytes (19.2%)
(RDMA_READ_CONSUME_CHECK_CONSUMER) timestamp=2063 ms, used_size=7864320 bytes (19.2%)
(RDMA_READ_CONSUME_CHECK_CONSUMER) timestamp=2063 ms, used_size=7862272 bytes (19.2%)
(RDMA_READ_CONSUME_CHECK_CONSUMER) timestamp=2063 ms, used_size=7860224 bytes (19.2%)
(RDMA_READ_CONSUME_CHECK_CONSUMER) timestamp=2063 ms, used_size=7858176 bytes (19.2%)
(RDMA_READ_CONSUME_CHECK_CONSUMER) timestamp=2063 ms, used_size=7856128 bytes (19.2%)
(RDMA_READ_CONSUME_CHECK_CONSUMER) timestamp=2063 ms, used_size=7854080 bytes (19.2%)
(RDMA_READ_CONSUME_CHECK_CONSUMER) timestamp=2063 ms, used_size=7852032 bytes (19.2%)
(RDMA_READ_CONSUME_CHECK_CONSUMER) timestamp=2063 ms, used_size=7849984 bytes (19.2%)
(RDMA_READ_CONSUME_CHECK_CONSUMER) timestamp=2063 ms, used_size=7847936 bytes (19.2%)
(RDMA_READ_CONSUME_CHECK_CONSUMER) timestamp=2063 ms, used_size=7845888 bytes (19.2%)
(RDMA_READ_CONSUME_CHECK_CONSUMER) timestamp=2063 ms, used_size=7843840 bytes (19.1%)
(RDMA_READ_CONSUME_CHECK_CONSUMER) timestamp=2063 ms, used_size=7841792 bytes (19.1%)
(RDMA_READ_CONSUME_CHECK_CONSUMER) timestamp=2063 ms, used_size=7839744 bytes (19.1%)
(RDMA_READ_CONSUME_CHECK_CONSUMER) timestamp=2063 ms, used_size=7837696 bytes (19.1%)
(RDMA_READ_CONSUME_CHECK_CONSUMER) timestamp=2063 ms, used_size=7835648 bytes (19.1%)
(RDMA_READ_CONSUME_CHECK_CONSUMER) timestamp=2063 ms, used_size=7833600 bytes (19.1%)
(RDMA_READ_CONSUME_CHECK_CONSUMER) timestamp=2063 ms, used_size=7831552 bytes (19.1%)
(RDMA_READ_CONSUME_CHECK_CONSUMER) timestamp=2063 ms, used_size=7829504 bytes (19.1%)
(RDMA_READ_CONSUME_CHECK_CONSUMER) timestamp=2063 ms, used_size=7827456 bytes (19.1%)
(RDMA_READ_CONSUME_CHECK_CONSUMER) timestamp=2063 ms, used_size=7825408 bytes (19.1%)
(RDMA_READ_CONSUME_CHECK_CONSUMER) timestamp=2063 ms, used_size=7823360 bytes (19.1%)
(RDMA_READ_CONSUME_CHECK_CONSUMER) timestamp=2063 ms, used_size=7821312 bytes (19.1%)
(RDMA_READ_CONSUME_CHECK_CONSUMER) timestamp=2063 ms, used_size=7819264 bytes (19.1%)
(RDMA_READ_CONSUME_CHECK_CONSUMER) timestamp=2063 ms, used_size=7817216 bytes (19.1%)
(RDMA_READ_CONSUME_CHECK_CONSUMER) timestamp=2063 ms, used_size=7815168 bytes (19.1%)
(RDMA_READ_CONSUME_CHECK_CONSUMER) timestamp=2063 ms, used_size=7813120 bytes (19.1%)
(RDMA_READ_CONSUME_CHECK_CONSUMER) timestamp=2063 ms, used_size=7811072 bytes (19.1%)
(RDMA_READ_CONSUME_CHECK_CONSUMER) timestamp=2063 ms, used_size=7809024 bytes (19.1%)
(RDMA_READ_CONSUME_CHECK_CONSUMER) timestamp=2063 ms, used_size=7806976 bytes (19.1%)
(RDMA_READ_CONSUME_CHECK_CONSUMER) timestamp=2063 ms, used_size=7804928 bytes (19.1%)
(RDMA_READ_CONSUME_CHECK_CONSUMER) timestamp=2063 ms, used_size=7802880 bytes (19.1%)
(RDMA_READ_CONSUME_CHECK_CONSUMER) timestamp=2063 ms, used_size=7800832 bytes (19.0%)
(RDMA_READ_CONSUME_CHECK_CONSUMER) timestamp=2063 ms, used_size=7798784 bytes (19.0%)
(RDMA_READ_CONSUME_CHECK_CONSUMER) timestamp=2063 ms, used_size=7796736 bytes (19.0%)
(RDMA_READ_CONSUME_CHECK_CONSUMER) timestamp=2063 ms, used_size=7794688 bytes (19.0%)
(RDMA_READ_CONSUME_CHECK_CONSUMER) timestamp=2063 ms, used_size=7792640 bytes (19.0%)
(RDMA_READ_CONSUME_CHECK_CONSUMER) timestamp=2063 ms, used_size=7790592 bytes (19.0%)
(RDMA_READ_CONSUME_CHECK_CONSUMER) timestamp=2063 ms, used_size=7788544 bytes (19.0%)
(RDMA_READ_CONSUME_CHECK_CONSUMER) timestamp=2063 ms, used_size=7786496 bytes (19.0%)
(RDMA_READ_CONSUME_CHECK_CONSUMER) timestamp=2063 ms, used_size=7784448 bytes (19.0%)
(RDMA_READ_CONSUME_CHECK_CONSUMER) timestamp=2063 ms, used_size=7782400 bytes (19.0%)
(RDMA_READ_CONSUME_CHECK_CONSUMER) timestamp=2063 ms, used_size=7780352 bytes (19.0%)
(RDMA_READ_CONSUME_CHECK_CONSUMER) timestamp=2063 ms, used_size=7778304 bytes (19.0%)
(RDMA_READ_CONSUME_CHECK_CONSUMER) timestamp=2063 ms, used_size=7776256 bytes (19.0%)
(RDMA_READ_CONSUME_CHECK_CONSUMER) timestamp=2063 ms, used_size=7774208 bytes (19.0%)
(RDMA_READ_CONSUME_CHECK_CONSUMER) timestamp=2063 ms, used_size=7772160 bytes (19.0%)
(RDMA_READ_CONSUME_CHECK_CONSUMER) timestamp=2063 ms, used_size=7770112 bytes (19.0%)
(RDMA_READ_CONSUME_CHECK_CONSUMER) timestamp=2063 ms, used_size=7768064 bytes (19.0%)
(RDMA_READ_CONSUME_CHECK_CONSUMER) timestamp=2063 ms, used_size=7766016 bytes (19.0%)
(RDMA_READ_CONSUME_CHECK_CONSUMER) timestamp=2063 ms, used_size=7763968 bytes (19.0%)
(RDMA_READ_CONSUME_CHECK_CONSUMER) timestamp=2063 ms, used_size=7761920 bytes (18.9%)
(RDMA_READ_CONSUME_CHECK_CONSUMER) timestamp=2063 ms, used_size=7759872 bytes (18.9%)
(RDMA_READ_CONSUME_CHECK_CONSUMER) timestamp=2063 ms, used_size=7757824 bytes (18.9%)
(RDMA_READ_CONSUME_CHECK_CONSUMER) timestamp=2063 ms, used_size=7755776 bytes (18.9%)
(RDMA_READ_CONSUME_CHECK_CONSUMER) timestamp=2063 ms, used_size=7753728 bytes (18.9%)
(RDMA_READ_CONSUME_CHECK_CONSUMER) timestamp=2063 ms, used_size=7751680 bytes (18.9%)
(RDMA_READ_CONSUME_CHECK_CONSUMER) timestamp=2063 ms, used_size=7749632 bytes (18.9%)
(RDMA_READ_CONSUME_CHECK_CONSUMER) timestamp=2063 ms, used_size=7747584 bytes (18.9%)
(RDMA_READ_CONSUME_CHECK_CONSUMER) timestamp=2063 ms, used_size=7745536 bytes (18.9%)
(RDMA_READ_CONSUME_CHECK_CONSUMER) timestamp=2063 ms, used_size=7743488 bytes (18.9%)
(RDMA_READ_CONSUME_CHECK_CONSUMER) timestamp=2063 ms, used_size=7741440 bytes (18.9%)
(RDMA_READ_CONSUME_CHECK_CONSUMER) timestamp=2063 ms, used_size=7739392 bytes (18.9%)
(RDMA_READ_CONSUME_CHECK_CONSUMER) timestamp=2063 ms, used_size=7737344 bytes (18.9%)
(RDMA_READ_CONSUME_CHECK_CONSUMER) timestamp=2063 ms, used_size=7735296 bytes (18.9%)
(RDMA_READ_CONSUME_CHECK_CONSUMER) timestamp=2063 ms, used_size=7733248 bytes (18.9%)
(RDMA_READ_CONSUME_CHECK_CONSUMER) timestamp=2063 ms, used_size=7731200 bytes (18.9%)
(RDMA_READ_CONSUME_CHECK_CONSUMER) timestamp=2063 ms, used_size=7729152 bytes (18.9%)
(RDMA_READ_CONSUME_CHECK_CONSUMER) timestamp=2063 ms, used_size=7727104 bytes (18.9%)
(RDMA_READ_CONSUME_CHECK_CONSUMER) timestamp=2063 ms, used_size=7725056 bytes (18.9%)
(RDMA_READ_CONSUME_CHECK_CONSUMER) timestamp=2063 ms, used_size=7723008 bytes (18.9%)
(RDMA_READ_CONSUME_CHECK_CONSUMER) timestamp=2063 ms, used_size=7720960 bytes (18.9%)
(RDMA_READ_CONSUME_CHECK_CONSUMER) timestamp=2063 ms, used_size=7718912 bytes (18.8%)
(RDMA_READ_CONSUME_CHECK_CONSUMER) timestamp=2063 ms, used_size=7716864 bytes (18.8%)
(RDMA_READ_CONSUME_CHECK_CONSUMER) timestamp=2063 ms, used_size=7714816 bytes (18.8%)
(RDMA_READ_CONSUME_CHECK_CONSUMER) timestamp=2063 ms, used_size=7712768 bytes (18.8%)
(RDMA_READ_CONSUME_CHECK_CONSUMER) timestamp=2063 ms, used_size=7710720 bytes (18.8%)
(RDMA_READ_CONSUME_CHECK_CONSUMER) timestamp=2063 ms, used_size=7708672 bytes (18.8%)
(RDMA_READ_CONSUME_CHECK_CONSUMER) timestamp=2063 ms, used_size=7706624 bytes (18.8%)
(RDMA_READ_CONSUME_CHECK_CONSUMER) timestamp=2063 ms, used_size=7704576 bytes (18.8%)
(RDMA_READ_CONSUME_CHECK_CONSUMER) timestamp=2063 ms, used_size=7702528 bytes (18.8%)
(RDMA_READ_CONSUME_CHECK_CONSUMER) timestamp=2063 ms, used_size=7700480 bytes (18.8%)
(RDMA_READ_CONSUME_CHECK_CONSUMER) timestamp=2063 ms, used_size=7698432 bytes (18.8%)
(RDMA_READ_CONSUME_CHECK_CONSUMER) timestamp=2063 ms, used_size=7696384 bytes (18.8%)
(RDMA_READ_CONSUME_CHECK_CONSUMER) timestamp=2063 ms, used_size=7694336 bytes (18.8%)
(RDMA_READ_CONSUME_CHECK_CONSUMER) timestamp=2063 ms, used_size=7692288 bytes (18.8%)
(RDMA_READ_CONSUME_CHECK_CONSUMER) timestamp=2063 ms, used_size=7690240 bytes (18.8%)
(RDMA_READ_CONSUME_CHECK_CONSUMER) timestamp=2063 ms, used_size=7688192 bytes (18.8%)
(RDMA_READ_CONSUME_CHECK_CONSUMER) timestamp=2063 ms, used_size=7686144 bytes (18.8%)
(RDMA_READ_CONSUME_CHECK_CONSUMER) timestamp=2063 ms, used_size=7684096 bytes (18.8%)
(RDMA_READ_CONSUME_CHECK_CONSUMER) timestamp=2063 ms, used_size=7682048 bytes (18.8%)
(RDMA_READ_CONSUME_CHECK_CONSUMER) timestamp=2063 ms, used_size=7680000 bytes (18.8%)
(RDMA_READ_CONSUME_CHECK_CONSUMER) timestamp=2063 ms, used_size=7677952 bytes (18.7%)
(RDMA_READ_CONSUME_CHECK_CONSUMER) timestamp=2063 ms, used_size=7675904 bytes (18.7%)
(RDMA_READ_CONSUME_CHECK_CONSUMER) timestamp=2063 ms, used_size=7673856 bytes (18.7%)
(RDMA_READ_CONSUME_CHECK_CONSUMER) timestamp=2063 ms, used_size=7671808 bytes (18.7%)
(RDMA_READ_CONSUME_CHECK_CONSUMER) timestamp=2063 ms, used_size=7669760 bytes (18.7%)
(RDMA_READ_CONSUME_CHECK_CONSUMER) timestamp=2063 ms, used_size=7667712 bytes (18.7%)
(RDMA_READ_CONSUME_CHECK_CONSUMER) timestamp=2063 ms, used_size=7665664 bytes (18.7%)
(RDMA_READ_CONSUME_CHECK_CONSUMER) timestamp=2063 ms, used_size=7663616 bytes (18.7%)
(RDMA_READ_CONSUME_CHECK_CONSUMER) timestamp=2063 ms, used_size=7661568 bytes (18.7%)
(RDMA_READ_CONSUME_CHECK_CONSUMER) timestamp=2063 ms, used_size=7659520 bytes (18.7%)
(RDMA_READ_CONSUME_CHECK_CONSUMER) timestamp=2063 ms, used_size=7657472 bytes (18.7%)
(RDMA_READ_CONSUME_CHECK_CONSUMER) timestamp=2063 ms, used_size=7655424 bytes (18.7%)
(RDMA_READ_CONSUME_CHECK_CONSUMER) timestamp=2063 ms, used_size=7653376 bytes (18.7%)
(RDMA_READ_CONSUME_CHECK_CONSUMER) timestamp=2063 ms, used_size=7651328 bytes (18.7%)
(RDMA_READ_CONSUME_CHECK_CONSUMER) timestamp=2063 ms, used_size=7649280 bytes (18.7%)
(RDMA_READ_CONSUME_CHECK_CONSUMER) timestamp=2063 ms, used_size=7647232 bytes (18.7%)
(RDMA_READ_CONSUME_CHECK_CONSUMER) timestamp=2063 ms, used_size=7645184 bytes (18.7%)
(RDMA_READ_CONSUME_CHECK_CONSUMER) timestamp=2063 ms, used_size=7643136 bytes (18.7%)
(RDMA_READ_CONSUME_CHECK_CONSUMER) timestamp=2063 ms, used_size=7641088 bytes (18.7%)
(RDMA_READ_CONSUME_CHECK_CONSUMER) timestamp=2063 ms, used_size=7639040 bytes (18.6%)
(RDMA_READ_CONSUME_CHECK_CONSUMER) timestamp=2063 ms, used_size=7636992 bytes (18.6%)
(RDMA_READ_CONSUME_CHECK_CONSUMER) timestamp=2063 ms, used_size=7634944 bytes (18.6%)
(RDMA_READ_CONSUME_CHECK_CONSUMER) timestamp=2063 ms, used_size=7632896 bytes (18.6%)
(RDMA_READ_CONSUME_CHECK_CONSUMER) timestamp=2063 ms, used_size=7630848 bytes (18.6%)
(RDMA_READ_CONSUME_CHECK_CONSUMER) timestamp=2063 ms, used_size=7628800 bytes (18.6%)
(RDMA_READ_CONSUME_CHECK_CONSUMER) timestamp=2063 ms, used_size=7626752 bytes (18.6%)
(RDMA_READ_CONSUME_CHECK_CONSUMER) timestamp=2063 ms, used_size=7624704 bytes (18.6%)
(RDMA_READ_CONSUME_CHECK_CONSUMER) timestamp=2063 ms, used_size=7622656 bytes (18.6%)
(RDMA_READ_CONSUME_CHECK_CONSUMER) timestamp=2063 ms, used_size=7620608 bytes (18.6%)
(RDMA_READ_CONSUME_CHECK_CONSUMER) timestamp=2063 ms, used_size=7618560 bytes (18.6%)
(RDMA_READ_CONSUME_CHECK_CONSUMER) timestamp=2063 ms, used_size=7616512 bytes (18.6%)
(RDMA_READ_CONSUME_CHECK_CONSUMER) timestamp=2063 ms, used_size=7614464 bytes (18.6%)
(RDMA_READ_CONSUME_CHECK_CONSUMER) timestamp=2063 ms, used_size=7612416 bytes (18.6%)
(RDMA_READ_CONSUME_CHECK_CONSUMER) timestamp=2063 ms, used_size=7610368 bytes (18.6%)
(RDMA_READ_CONSUME_CHECK_CONSUMER) timestamp=2063 ms, used_size=7608320 bytes (18.6%)
(RDMA_READ_CONSUME_CHECK_CONSUMER) timestamp=2063 ms, used_size=7606272 bytes (18.6%)
(RDMA_READ_CONSUME_CHECK_CONSUMER) timestamp=2063 ms, used_size=7604224 bytes (18.6%)
(RDMA_READ_CONSUME_CHECK_CONSUMER) timestamp=2063 ms, used_size=7602176 bytes (18.6%)
(RDMA_READ_CONSUME_CHECK_CONSUMER) timestamp=2063 ms, used_size=7600128 bytes (18.6%)
(RDMA_READ_CONSUME_CHECK_CONSUMER) timestamp=2063 ms, used_size=7598080 bytes (18.6%)
(RDMA_READ_CONSUME_CHECK_CONSUMER) timestamp=2063 ms, used_size=7596032 bytes (18.5%)
(RDMA_READ_CONSUME_CHECK_CONSUMER) timestamp=2063 ms, used_size=7593984 bytes (18.5%)
(RDMA_READ_CONSUME_CHECK_CONSUMER) timestamp=2063 ms, used_size=7591936 bytes (18.5%)
(RDMA_READ_CONSUME_CHECK_CONSUMER) timestamp=2063 ms, used_size=7589888 bytes (18.5%)
(RDMA_READ_CONSUME_CHECK_CONSUMER) timestamp=2063 ms, used_size=7587840 bytes (18.5%)
(RDMA_READ_CONSUME_CHECK_CONSUMER) timestamp=2063 ms, used_size=7585792 bytes (18.5%)
(RDMA_READ_CONSUME_CHECK_CONSUMER) timestamp=2063 ms, used_size=7583744 bytes (18.5%)
(RDMA_READ_CONSUME_CHECK_CONSUMER) timestamp=2063 ms, used_size=7581696 bytes (18.5%)
(RDMA_READ_CONSUME_CHECK_CONSUMER) timestamp=2063 ms, used_size=7579648 bytes (18.5%)
(RDMA_READ_CONSUME_CHECK_CONSUMER) timestamp=2063 ms, used_size=7577600 bytes (18.5%)
(RDMA_READ_CONSUME_CHECK_CONSUMER) timestamp=2063 ms, used_size=7575552 bytes (18.5%)
(RDMA_READ_CONSUME_CHECK_CONSUMER) timestamp=2063 ms, used_size=7573504 bytes (18.5%)
(RDMA_READ_CONSUME_CHECK_CONSUMER) timestamp=2063 ms, used_size=7571456 bytes (18.5%)
(RDMA_READ_CONSUME_CHECK_CONSUMER) timestamp=2063 ms, used_size=7569408 bytes (18.5%)
(RDMA_READ_CONSUME_CHECK_CONSUMER) timestamp=2063 ms, used_size=7567360 bytes (18.5%)
(RDMA_READ_CONSUME_CHECK_CONSUMER) timestamp=2063 ms, used_size=7565312 bytes (18.5%)
(RDMA_READ_CONSUME_CHECK_CONSUMER) timestamp=2063 ms, used_size=7563264 bytes (18.5%)
(RDMA_READ_CONSUME_CHECK_CONSUMER) timestamp=2063 ms, used_size=7561216 bytes (18.5%)
(RDMA_READ_CONSUME_CHECK_CONSUMER) timestamp=2063 ms, used_size=7559168 bytes (18.5%)
(RDMA_READ_CONSUME_CHECK_CONSUMER) timestamp=2063 ms, used_size=7557120 bytes (18.4%)
(RDMA_READ_CONSUME_CHECK_CONSUMER) timestamp=2063 ms, used_size=7555072 bytes (18.4%)
(RDMA_READ_CONSUME_CHECK_CONSUMER) timestamp=2063 ms, used_size=7553024 bytes (18.4%)
(RDMA_READ_CONSUME_CHECK_CONSUMER) timestamp=2063 ms, used_size=7550976 bytes (18.4%)
(RDMA_READ_CONSUME_CHECK_CONSUMER) timestamp=2063 ms, used_size=7548928 bytes (18.4%)
(RDMA_READ_CONSUME_CHECK_CONSUMER) timestamp=2063 ms, used_size=7546880 bytes (18.4%)
(RDMA_READ_CONSUME_CHECK_CONSUMER) timestamp=2063 ms, used_size=7544832 bytes (18.4%)
(RDMA_READ_CONSUME_CHECK_CONSUMER) timestamp=2063 ms, used_size=7542784 bytes (18.4%)
(RDMA_READ_CONSUME_CHECK_CONSUMER) timestamp=2063 ms, used_size=7540736 bytes (18.4%)
(RDMA_READ_CONSUME_CHECK_CONSUMER) timestamp=2063 ms, used_size=7538688 bytes (18.4%)
(RDMA_READ_CONSUME_CHECK_CONSUMER) timestamp=2064 ms, used_size=7536640 bytes (18.4%)
(RDMA_READ_CONSUME_CHECK_CONSUMER) timestamp=2064 ms, used_size=7534592 bytes (18.4%)
(RDMA_READ_CONSUME_CHECK_CONSUMER) timestamp=2064 ms, used_size=7532544 bytes (18.4%)
(RDMA_READ_CONSUME_CHECK_CONSUMER) timestamp=2064 ms, used_size=7530496 bytes (18.4%)
(RDMA_READ_CONSUME_CHECK_CONSUMER) timestamp=2064 ms, used_size=7528448 bytes (18.4%)
(RDMA_READ_CONSUME_CHECK_CONSUMER) timestamp=2064 ms, used_size=7526400 bytes (18.4%)
(RDMA_READ_CONSUME_CHECK_CONSUMER) timestamp=2064 ms, used_size=7524352 bytes (18.4%)
(RDMA_READ_CONSUME_CHECK_CONSUMER) timestamp=2064 ms, used_size=7522304 bytes (18.4%)
(RDMA_READ_CONSUME_CHECK_CONSUMER) timestamp=2064 ms, used_size=7520256 bytes (18.4%)
(RDMA_READ_CONSUME_CHECK_CONSUMER) timestamp=2064 ms, used_size=7518208 bytes (18.4%)
(RDMA_READ_CONSUME_CHECK_CONSUMER) timestamp=2064 ms, used_size=7516160 bytes (18.4%)
(RDMA_READ_CONSUME_CHECK_CONSUMER) timestamp=2064 ms, used_size=7514112 bytes (18.3%)
(RDMA_READ_CONSUME_CHECK_CONSUMER) timestamp=2064 ms, used_size=7512064 bytes (18.3%)
(RDMA_READ_CONSUME_CHECK_CONSUMER) timestamp=2064 ms, used_size=7510016 bytes (18.3%)
(RDMA_READ_CONSUME_CHECK_CONSUMER) timestamp=2064 ms, used_size=7507968 bytes (18.3%)
(RDMA_READ_CONSUME_CHECK_CONSUMER) timestamp=2064 ms, used_size=7505920 bytes (18.3%)
(RDMA_READ_CONSUME_CHECK_CONSUMER) timestamp=2064 ms, used_size=7503872 bytes (18.3%)
(RDMA_READ_CONSUME_CHECK_CONSUMER) timestamp=2064 ms, used_size=7501824 bytes (18.3%)
(RDMA_READ_CONSUME_CHECK_CONSUMER) timestamp=2064 ms, used_size=7499776 bytes (18.3%)
(RDMA_READ_CONSUME_CHECK_CONSUMER) timestamp=2064 ms, used_size=7497728 bytes (18.3%)
(RDMA_READ_CONSUME_CHECK_CONSUMER) timestamp=2064 ms, used_size=7495680 bytes (18.3%)
(RDMA_READ_CONSUME_CHECK_CONSUMER) timestamp=2064 ms, used_size=7493632 bytes (18.3%)
(RDMA_READ_CONSUME_CHECK_CONSUMER) timestamp=2064 ms, used_size=7491584 bytes (18.3%)
(RDMA_READ_CONSUME_CHECK_CONSUMER) timestamp=2064 ms, used_size=7489536 bytes (18.3%)
(RDMA_READ_CONSUME_CHECK_CONSUMER) timestamp=2064 ms, used_size=7487488 bytes (18.3%)
(RDMA_READ_CONSUME_CHECK_CONSUMER) timestamp=2064 ms, used_size=7485440 bytes (18.3%)
(RDMA_READ_CONSUME_CHECK_CONSUMER) timestamp=2064 ms, used_size=7483392 bytes (18.3%)
(RDMA_READ_CONSUME_CHECK_CONSUMER) timestamp=2064 ms, used_size=7481344 bytes (18.3%)
(RDMA_READ_CONSUME_CHECK_CONSUMER) timestamp=2064 ms, used_size=7479296 bytes (18.3%)
(RDMA_READ_CONSUME_CHECK_CONSUMER) timestamp=2064 ms, used_size=7477248 bytes (18.3%)
(RDMA_READ_CONSUME_CHECK_CONSUMER) timestamp=2064 ms, used_size=7475200 bytes (18.2%)
(RDMA_READ_CONSUME_CHECK_CONSUMER) timestamp=2064 ms, used_size=7473152 bytes (18.2%)
(RDMA_READ_CONSUME_CHECK_CONSUMER) timestamp=2064 ms, used_size=7471104 bytes (18.2%)
(RDMA_READ_CONSUME_CHECK_CONSUMER) timestamp=2064 ms, used_size=7469056 bytes (18.2%)
(RDMA_READ_CONSUME_CHECK_CONSUMER) timestamp=2064 ms, used_size=7467008 bytes (18.2%)
(RDMA_READ_CONSUME_CHECK_CONSUMER) timestamp=2064 ms, used_size=7464960 bytes (18.2%)
(RDMA_READ_CONSUME_CHECK_CONSUMER) timestamp=2064 ms, used_size=7462912 bytes (18.2%)
(RDMA_READ_CONSUME_CHECK_CONSUMER) timestamp=2064 ms, used_size=7460864 bytes (18.2%)
(RDMA_READ_CONSUME_CHECK_CONSUMER) timestamp=2064 ms, used_size=7458816 bytes (18.2%)
(RDMA_READ_CONSUME_CHECK_CONSUMER) timestamp=2064 ms, used_size=7456768 bytes (18.2%)
(RDMA_READ_CONSUME_CHECK_CONSUMER) timestamp=2064 ms, used_size=7454720 bytes (18.2%)
(RDMA_READ_CONSUME_CHECK_CONSUMER) timestamp=2064 ms, used_size=7452672 bytes (18.2%)
(RDMA_READ_CONSUME_CHECK_CONSUMER) timestamp=2064 ms, used_size=7450624 bytes (18.2%)
(RDMA_READ_CONSUME_CHECK_CONSUMER) timestamp=2064 ms, used_size=7448576 bytes (18.2%)
(RDMA_READ_CONSUME_CHECK_CONSUMER) timestamp=2064 ms, used_size=7446528 bytes (18.2%)
(RDMA_READ_CONSUME_CHECK_CONSUMER) timestamp=2064 ms, used_size=7444480 bytes (18.2%)
(RDMA_READ_CONSUME_CHECK_CONSUMER) timestamp=2064 ms, used_size=7442432 bytes (18.2%)
(RDMA_READ_CONSUME_CHECK_CONSUMER) timestamp=2064 ms, used_size=7440384 bytes (18.2%)
(RDMA_READ_CONSUME_CHECK_CONSUMER) timestamp=2064 ms, used_size=7438336 bytes (18.2%)
(RDMA_READ_CONSUME_CHECK_CONSUMER) timestamp=2064 ms, used_size=7436288 bytes (18.2%)
(RDMA_READ_CONSUME_CHECK_CONSUMER) timestamp=2064 ms, used_size=7434240 bytes (18.1%)
(RDMA_READ_CONSUME_CHECK_CONSUMER) timestamp=2064 ms, used_size=7432192 bytes (18.1%)
(RDMA_READ_CONSUME_CHECK_CONSUMER) timestamp=2064 ms, used_size=7430144 bytes (18.1%)
(RDMA_READ_CONSUME_CHECK_CONSUMER) timestamp=2064 ms, used_size=7428096 bytes (18.1%)
(RDMA_READ_CONSUME_CHECK_CONSUMER) timestamp=2064 ms, used_size=7426048 bytes (18.1%)
(RDMA_READ_CONSUME_CHECK_CONSUMER) timestamp=2064 ms, used_size=7424000 bytes (18.1%)
(RDMA_READ_CONSUME_CHECK_CONSUMER) timestamp=2064 ms, used_size=7421952 bytes (18.1%)
(RDMA_READ_CONSUME_CHECK_CONSUMER) timestamp=2064 ms, used_size=7419904 bytes (18.1%)
(RDMA_READ_CONSUME_CHECK_CONSUMER) timestamp=2064 ms, used_size=7417856 bytes (18.1%)
(RDMA_READ_CONSUME_CHECK_CONSUMER) timestamp=2064 ms, used_size=7415808 bytes (18.1%)
(RDMA_READ_CONSUME_CHECK_CONSUMER) timestamp=2064 ms, used_size=7413760 bytes (18.1%)
(RDMA_READ_CONSUME_CHECK_CONSUMER) timestamp=2064 ms, used_size=7411712 bytes (18.1%)
(RDMA_READ_CONSUME_CHECK_CONSUMER) timestamp=2064 ms, used_size=7409664 bytes (18.1%)
(RDMA_READ_CONSUME_CHECK_CONSUMER) timestamp=2064 ms, used_size=7407616 bytes (18.1%)
(RDMA_READ_CONSUME_CHECK_CONSUMER) timestamp=2064 ms, used_size=7405568 bytes (18.1%)
(RDMA_READ_CONSUME_CHECK_CONSUMER) timestamp=2064 ms, used_size=7403520 bytes (18.1%)
(RDMA_READ_CONSUME_CHECK_CONSUMER) timestamp=2064 ms, used_size=7401472 bytes (18.1%)
(RDMA_READ_CONSUME_CHECK_CONSUMER) timestamp=2064 ms, used_size=7399424 bytes (18.1%)
(RDMA_READ_CONSUME_CHECK_CONSUMER) timestamp=2064 ms, used_size=7397376 bytes (18.1%)
(RDMA_READ_CONSUME_CHECK_CONSUMER) timestamp=2064 ms, used_size=7395328 bytes (18.1%)
(RDMA_READ_CONSUME_CHECK_CONSUMER) timestamp=2064 ms, used_size=7393280 bytes (18.1%)
(RDMA_READ_CONSUME_CHECK_CONSUMER) timestamp=2064 ms, used_size=7391232 bytes (18.0%)
(RDMA_READ_CONSUME_CHECK_CONSUMER) timestamp=2064 ms, used_size=7389184 bytes (18.0%)
(RDMA_READ_CONSUME_CHECK_CONSUMER) timestamp=2064 ms, used_size=7387136 bytes (18.0%)
(RDMA_READ_CONSUME_CHECK_CONSUMER) timestamp=2064 ms, used_size=7385088 bytes (18.0%)
(RDMA_READ_CONSUME_CHECK_CONSUMER) timestamp=2064 ms, used_size=7383040 bytes (18.0%)
(RDMA_READ_CONSUME_CHECK_CONSUMER) timestamp=2064 ms, used_size=7380992 bytes (18.0%)
(RDMA_READ_CONSUME_CHECK_CONSUMER) timestamp=2064 ms, used_size=7378944 bytes (18.0%)
(RDMA_READ_CONSUME_CHECK_CONSUMER) timestamp=2064 ms, used_size=7376896 bytes (18.0%)
(RDMA_READ_CONSUME_CHECK_CONSUMER) timestamp=2064 ms, used_size=7374848 bytes (18.0%)
(RDMA_READ_CONSUME_CHECK_CONSUMER) timestamp=2064 ms, used_size=7372800 bytes (18.0%)
(RDMA_READ_CONSUME_CHECK_CONSUMER) timestamp=2064 ms, used_size=7370752 bytes (18.0%)
(RDMA_READ_CONSUME_CHECK_CONSUMER) timestamp=2064 ms, used_size=7368704 bytes (18.0%)
(RDMA_READ_CONSUME_CHECK_CONSUMER) timestamp=2064 ms, used_size=7366656 bytes (18.0%)
(RDMA_READ_CONSUME_CHECK_CONSUMER) timestamp=2064 ms, used_size=7364608 bytes (18.0%)
(RDMA_READ_CONSUME_CHECK_CONSUMER) timestamp=2064 ms, used_size=7362560 bytes (18.0%)
(RDMA_READ_CONSUME_CHECK_CONSUMER) timestamp=2064 ms, used_size=7360512 bytes (18.0%)
(RDMA_READ_CONSUME_CHECK_CONSUMER) timestamp=2064 ms, used_size=7358464 bytes (18.0%)
(RDMA_READ_CONSUME_CHECK_CONSUMER) timestamp=2064 ms, used_size=7356416 bytes (18.0%)
(RDMA_READ_CONSUME_CHECK_CONSUMER) timestamp=2064 ms, used_size=7354368 bytes (18.0%)
(RDMA_READ_CONSUME_CHECK_CONSUMER) timestamp=2064 ms, used_size=7352320 bytes (17.9%)
(RDMA_READ_CONSUME_CHECK_CONSUMER) timestamp=2064 ms, used_size=7350272 bytes (17.9%)
(RDMA_READ_CONSUME_CHECK_CONSUMER) timestamp=2064 ms, used_size=7348224 bytes (17.9%)
(RDMA_READ_CONSUME_CHECK_CONSUMER) timestamp=2064 ms, used_size=7346176 bytes (17.9%)
(RDMA_READ_CONSUME_CHECK_CONSUMER) timestamp=2064 ms, used_size=7344128 bytes (17.9%)
(RDMA_READ_CONSUME_CHECK_CONSUMER) timestamp=2064 ms, used_size=7342080 bytes (17.9%)
(RDMA_READ_CONSUME_CHECK_CONSUMER) timestamp=2064 ms, used_size=7340032 bytes (17.9%)
(RDMA_READ_CONSUME_CHECK_CONSUMER) timestamp=2064 ms, used_size=7337984 bytes (17.9%)
(RDMA_READ_CONSUME_CHECK_CONSUMER) timestamp=2064 ms, used_size=7335936 bytes (17.9%)
(RDMA_READ_CONSUME_CHECK_CONSUMER) timestamp=2064 ms, used_size=7333888 bytes (17.9%)
(RDMA_READ_CONSUME_CHECK_CONSUMER) timestamp=2064 ms, used_size=7331840 bytes (17.9%)
(RDMA_READ_CONSUME_CHECK_CONSUMER) timestamp=2064 ms, used_size=7329792 bytes (17.9%)
(RDMA_READ_CONSUME_CHECK_CONSUMER) timestamp=2064 ms, used_size=7327744 bytes (17.9%)
(RDMA_READ_CONSUME_CHECK_CONSUMER) timestamp=2064 ms, used_size=7325696 bytes (17.9%)
(RDMA_READ_CONSUME_CHECK_CONSUMER) timestamp=2064 ms, used_size=7323648 bytes (17.9%)
(RDMA_READ_CONSUME_CHECK_CONSUMER) timestamp=2064 ms, used_size=7321600 bytes (17.9%)
(RDMA_READ_CONSUME_CHECK_CONSUMER) timestamp=2064 ms, used_size=7319552 bytes (17.9%)
(RDMA_READ_CONSUME_CHECK_CONSUMER) timestamp=2064 ms, used_size=7317504 bytes (17.9%)
(RDMA_READ_CONSUME_CHECK_CONSUMER) timestamp=2064 ms, used_size=7315456 bytes (17.9%)
(RDMA_READ_CONSUME_CHECK_CONSUMER) timestamp=2064 ms, used_size=7313408 bytes (17.9%)
(RDMA_READ_CONSUME_CHECK_CONSUMER) timestamp=2064 ms, used_size=7311360 bytes (17.9%)
(RDMA_READ_CONSUME_CHECK_CONSUMER) timestamp=2064 ms, used_size=7309312 bytes (17.8%)
(RDMA_READ_CONSUME_CHECK_CONSUMER) timestamp=2064 ms, used_size=7307264 bytes (17.8%)
(RDMA_READ_CONSUME_CHECK_CONSUMER) timestamp=2064 ms, used_size=7305216 bytes (17.8%)
(RDMA_READ_CONSUME_CHECK_CONSUMER) timestamp=2064 ms, used_size=7303168 bytes (17.8%)
(RDMA_READ_CONSUME_CHECK_CONSUMER) timestamp=2064 ms, used_size=7301120 bytes (17.8%)
(RDMA_READ_CONSUME_CHECK_CONSUMER) timestamp=2064 ms, used_size=7299072 bytes (17.8%)
(RDMA_READ_CONSUME_CHECK_CONSUMER) timestamp=2064 ms, used_size=7297024 bytes (17.8%)
(RDMA_READ_CONSUME_CHECK_CONSUMER) timestamp=2064 ms, used_size=7294976 bytes (17.8%)
(RDMA_READ_CONSUME_CHECK_CONSUMER) timestamp=2064 ms, used_size=7292928 bytes (17.8%)
(RDMA_READ_CONSUME_CHECK_CONSUMER) timestamp=2064 ms, used_size=7290880 bytes (17.8%)
(RDMA_READ_CONSUME_CHECK_CONSUMER) timestamp=2064 ms, used_size=7288832 bytes (17.8%)
(RDMA_READ_CONSUME_CHECK_CONSUMER) timestamp=2064 ms, used_size=7286784 bytes (17.8%)
(RDMA_READ_CONSUME_CHECK_CONSUMER) timestamp=2064 ms, used_size=7284736 bytes (17.8%)
(RDMA_READ_CONSUME_CHECK_CONSUMER) timestamp=2064 ms, used_size=7282688 bytes (17.8%)
(RDMA_READ_CONSUME_CHECK_CONSUMER) timestamp=2064 ms, used_size=7280640 bytes (17.8%)
(RDMA_READ_CONSUME_CHECK_CONSUMER) timestamp=2064 ms, used_size=7278592 bytes (17.8%)
(RDMA_READ_CONSUME_CHECK_CONSUMER) timestamp=2064 ms, used_size=7276544 bytes (17.8%)
(RDMA_READ_CONSUME_CHECK_CONSUMER) timestamp=2064 ms, used_size=7274496 bytes (17.8%)
(RDMA_READ_CONSUME_CHECK_CONSUMER) timestamp=2064 ms, used_size=7272448 bytes (17.8%)
(RDMA_READ_CONSUME_CHECK_CONSUMER) timestamp=2064 ms, used_size=7270400 bytes (17.8%)
(RDMA_READ_CONSUME_CHECK_CONSUMER) timestamp=2064 ms, used_size=7268352 bytes (17.7%)
(RDMA_READ_CONSUME_CHECK_CONSUMER) timestamp=2064 ms, used_size=7266304 bytes (17.7%)
(RDMA_READ_CONSUME_CHECK_CONSUMER) timestamp=2064 ms, used_size=7264256 bytes (17.7%)
(RDMA_READ_CONSUME_CHECK_CONSUMER) timestamp=2064 ms, used_size=7262208 bytes (17.7%)
(RDMA_READ_CONSUME_CHECK_CONSUMER) timestamp=2064 ms, used_size=7260160 bytes (17.7%)
(RDMA_READ_CONSUME_CHECK_CONSUMER) timestamp=2064 ms, used_size=7258112 bytes (17.7%)
(RDMA_READ_CONSUME_CHECK_CONSUMER) timestamp=2064 ms, used_size=7256064 bytes (17.7%)
(RDMA_READ_CONSUME_CHECK_CONSUMER) timestamp=2064 ms, used_size=7254016 bytes (17.7%)
(RDMA_READ_CONSUME_CHECK_CONSUMER) timestamp=2064 ms, used_size=7251968 bytes (17.7%)
(RDMA_READ_CONSUME_CHECK_CONSUMER) timestamp=2064 ms, used_size=7249920 bytes (17.7%)
(RDMA_READ_CONSUME_CHECK_CONSUMER) timestamp=2064 ms, used_size=7247872 bytes (17.7%)
(RDMA_READ_CONSUME_CHECK_CONSUMER) timestamp=2064 ms, used_size=7245824 bytes (17.7%)
(RDMA_READ_CONSUME_CHECK_CONSUMER) timestamp=2064 ms, used_size=7243776 bytes (17.7%)
(RDMA_READ_CONSUME_CHECK_CONSUMER) timestamp=2064 ms, used_size=7241728 bytes (17.7%)
(RDMA_READ_CONSUME_CHECK_CONSUMER) timestamp=2064 ms, used_size=7239680 bytes (17.7%)
(RDMA_READ_CONSUME_CHECK_CONSUMER) timestamp=2064 ms, used_size=7237632 bytes (17.7%)
(RDMA_READ_CONSUME_CHECK_CONSUMER) timestamp=2064 ms, used_size=7235584 bytes (17.7%)
(RDMA_READ_CONSUME_CHECK_CONSUMER) timestamp=2064 ms, used_size=7233536 bytes (17.7%)
(RDMA_READ_CONSUME_CHECK_CONSUMER) timestamp=2064 ms, used_size=7231488 bytes (17.7%)
(RDMA_READ_CONSUME_CHECK_CONSUMER) timestamp=2064 ms, used_size=7229440 bytes (17.6%)
(RDMA_READ_CONSUME_CHECK_CONSUMER) timestamp=2064 ms, used_size=7227392 bytes (17.6%)
(RDMA_READ_CONSUME_CHECK_CONSUMER) timestamp=2064 ms, used_size=7225344 bytes (17.6%)
(RDMA_READ_CONSUME_CHECK_CONSUMER) timestamp=2064 ms, used_size=7223296 bytes (17.6%)
(RDMA_READ_CONSUME_CHECK_CONSUMER) timestamp=2064 ms, used_size=7221248 bytes (17.6%)
(RDMA_READ_CONSUME_CHECK_CONSUMER) timestamp=2064 ms, used_size=7219200 bytes (17.6%)
(RDMA_READ_CONSUME_CHECK_CONSUMER) timestamp=2064 ms, used_size=7217152 bytes (17.6%)
(RDMA_READ_CONSUME_CHECK_CONSUMER) timestamp=2064 ms, used_size=7215104 bytes (17.6%)
(RDMA_READ_CONSUME_CHECK_CONSUMER) timestamp=2064 ms, used_size=7213056 bytes (17.6%)
(RDMA_READ_CONSUME_CHECK_CONSUMER) timestamp=2064 ms, used_size=7211008 bytes (17.6%)
(RDMA_READ_CONSUME_CHECK_CONSUMER) timestamp=2064 ms, used_size=7208960 bytes (17.6%)
(RDMA_READ_CONSUME_CHECK_CONSUMER) timestamp=2064 ms, used_size=7206912 bytes (17.6%)
(RDMA_READ_CONSUME_CHECK_CONSUMER) timestamp=2064 ms, used_size=7204864 bytes (17.6%)
(RDMA_READ_CONSUME_CHECK_CONSUMER) timestamp=2064 ms, used_size=7202816 bytes (17.6%)
(RDMA_READ_CONSUME_CHECK_CONSUMER) timestamp=2064 ms, used_size=7200768 bytes (17.6%)
(RDMA_READ_CONSUME_CHECK_CONSUMER) timestamp=2064 ms, used_size=7198720 bytes (17.6%)
(RDMA_READ_CONSUME_CHECK_CONSUMER) timestamp=2064 ms, used_size=7196672 bytes (17.6%)
(RDMA_READ_CONSUME_CHECK_CONSUMER) timestamp=2064 ms, used_size=7194624 bytes (17.6%)
(RDMA_READ_CONSUME_CHECK_CONSUMER) timestamp=2064 ms, used_size=7192576 bytes (17.6%)
(RDMA_READ_CONSUME_CHECK_CONSUMER) timestamp=2064 ms, used_size=7190528 bytes (17.6%)
(RDMA_READ_CONSUME_CHECK_CONSUMER) timestamp=2064 ms, used_size=7188480 bytes (17.6%)
(RDMA_READ_CONSUME_CHECK_CONSUMER) timestamp=2064 ms, used_size=7186432 bytes (17.5%)
(RDMA_READ_CONSUME_CHECK_CONSUMER) timestamp=2064 ms, used_size=7184384 bytes (17.5%)
(RDMA_READ_CONSUME_CHECK_CONSUMER) timestamp=2064 ms, used_size=7182336 bytes (17.5%)
(RDMA_READ_CONSUME_CHECK_CONSUMER) timestamp=2064 ms, used_size=7180288 bytes (17.5%)
(RDMA_READ_CONSUME_CHECK_CONSUMER) timestamp=2064 ms, used_size=7178240 bytes (17.5%)
(RDMA_READ_CONSUME_CHECK_CONSUMER) timestamp=2064 ms, used_size=7176192 bytes (17.5%)
(RDMA_READ_CONSUME_CHECK_CONSUMER) timestamp=2065 ms, used_size=7174144 bytes (17.5%)
(RDMA_READ_CONSUME_CHECK_CONSUMER) timestamp=2065 ms, used_size=7172096 bytes (17.5%)
(RDMA_READ_CONSUME_CHECK_CONSUMER) timestamp=2065 ms, used_size=7170048 bytes (17.5%)
(RDMA_READ_CONSUME_CHECK_CONSUMER) timestamp=2065 ms, used_size=7168000 bytes (17.5%)
(RDMA_READ_CONSUME_CHECK_CONSUMER) timestamp=2065 ms, used_size=7165952 bytes (17.5%)
(RDMA_READ_CONSUME_CHECK_CONSUMER) timestamp=2065 ms, used_size=7163904 bytes (17.5%)
(RDMA_READ_CONSUME_CHECK_CONSUMER) timestamp=2065 ms, used_size=7161856 bytes (17.5%)
(RDMA_READ_CONSUME_CHECK_CONSUMER) timestamp=2065 ms, used_size=7159808 bytes (17.5%)
(RDMA_READ_CONSUME_CHECK_CONSUMER) timestamp=2065 ms, used_size=7157760 bytes (17.5%)
(RDMA_READ_CONSUME_CHECK_CONSUMER) timestamp=2065 ms, used_size=7155712 bytes (17.5%)
(RDMA_READ_CONSUME_CHECK_CONSUMER) timestamp=2065 ms, used_size=7153664 bytes (17.5%)
(RDMA_READ_CONSUME_CHECK_CONSUMER) timestamp=2065 ms, used_size=7151616 bytes (17.5%)
(RDMA_READ_CONSUME_CHECK_CONSUMER) timestamp=2065 ms, used_size=7149568 bytes (17.5%)
(RDMA_READ_CONSUME_CHECK_CONSUMER) timestamp=2065 ms, used_size=7147520 bytes (17.4%)
(RDMA_READ_CONSUME_CHECK_CONSUMER) timestamp=2065 ms, used_size=7145472 bytes (17.4%)
(RDMA_READ_CONSUME_CHECK_CONSUMER) timestamp=2065 ms, used_size=7143424 bytes (17.4%)
(RDMA_READ_CONSUME_CHECK_CONSUMER) timestamp=2065 ms, used_size=7141376 bytes (17.4%)
(RDMA_READ_CONSUME_CHECK_CONSUMER) timestamp=2065 ms, used_size=7139328 bytes (17.4%)
(RDMA_READ_CONSUME_CHECK_CONSUMER) timestamp=2065 ms, used_size=7137280 bytes (17.4%)
(RDMA_READ_CONSUME_CHECK_CONSUMER) timestamp=2065 ms, used_size=7135232 bytes (17.4%)
(RDMA_READ_CONSUME_CHECK_CONSUMER) timestamp=2065 ms, used_size=7133184 bytes (17.4%)
(RDMA_READ_CONSUME_CHECK_CONSUMER) timestamp=2065 ms, used_size=7131136 bytes (17.4%)
(RDMA_READ_CONSUME_CHECK_CONSUMER) timestamp=2065 ms, used_size=7129088 bytes (17.4%)
(RDMA_READ_CONSUME_CHECK_CONSUMER) timestamp=2065 ms, used_size=7127040 bytes (17.4%)
(RDMA_READ_CONSUME_CHECK_CONSUMER) timestamp=2065 ms, used_size=7124992 bytes (17.4%)
(RDMA_READ_CONSUME_CHECK_CONSUMER) timestamp=2065 ms, used_size=7122944 bytes (17.4%)
(RDMA_READ_CONSUME_CHECK_CONSUMER) timestamp=2065 ms, used_size=7120896 bytes (17.4%)
(RDMA_READ_CONSUME_CHECK_CONSUMER) timestamp=2065 ms, used_size=7118848 bytes (17.4%)
(RDMA_READ_CONSUME_CHECK_CONSUMER) timestamp=2065 ms, used_size=7116800 bytes (17.4%)
(RDMA_READ_CONSUME_CHECK_CONSUMER) timestamp=2065 ms, used_size=7114752 bytes (17.4%)
(RDMA_READ_CONSUME_CHECK_CONSUMER) timestamp=2065 ms, used_size=7112704 bytes (17.4%)
(RDMA_READ_CONSUME_CHECK_CONSUMER) timestamp=2065 ms, used_size=7110656 bytes (17.4%)
(RDMA_READ_CONSUME_CHECK_CONSUMER) timestamp=2065 ms, used_size=7108608 bytes (17.4%)
(RDMA_READ_CONSUME_CHECK_CONSUMER) timestamp=2065 ms, used_size=7106560 bytes (17.4%)
(RDMA_READ_CONSUME_CHECK_CONSUMER) timestamp=2065 ms, used_size=7104512 bytes (17.3%)
(RDMA_READ_CONSUME_CHECK_CONSUMER) timestamp=2065 ms, used_size=7102464 bytes (17.3%)
(RDMA_READ_CONSUME_CHECK_CONSUMER) timestamp=2065 ms, used_size=7100416 bytes (17.3%)
(RDMA_READ_CONSUME_CHECK_CONSUMER) timestamp=2065 ms, used_size=7098368 bytes (17.3%)
(RDMA_READ_CONSUME_CHECK_CONSUMER) timestamp=2065 ms, used_size=7096320 bytes (17.3%)
(RDMA_READ_CONSUME_CHECK_CONSUMER) timestamp=2065 ms, used_size=7094272 bytes (17.3%)
(RDMA_READ_CONSUME_CHECK_CONSUMER) timestamp=2065 ms, used_size=7092224 bytes (17.3%)
(RDMA_READ_CONSUME_CHECK_CONSUMER) timestamp=2065 ms, used_size=7090176 bytes (17.3%)
(RDMA_READ_CONSUME_CHECK_CONSUMER) timestamp=2065 ms, used_size=7088128 bytes (17.3%)
(RDMA_READ_CONSUME_CHECK_CONSUMER) timestamp=2065 ms, used_size=7086080 bytes (17.3%)
(RDMA_READ_CONSUME_CHECK_CONSUMER) timestamp=2065 ms, used_size=7084032 bytes (17.3%)
(RDMA_READ_CONSUME_CHECK_CONSUMER) timestamp=2065 ms, used_size=7081984 bytes (17.3%)
(RDMA_READ_CONSUME_CHECK_CONSUMER) timestamp=2065 ms, used_size=7079936 bytes (17.3%)
(RDMA_READ_CONSUME_CHECK_CONSUMER) timestamp=2065 ms, used_size=7077888 bytes (17.3%)
(RDMA_READ_CONSUME_CHECK_CONSUMER) timestamp=2065 ms, used_size=7075840 bytes (17.3%)
(RDMA_READ_CONSUME_CHECK_CONSUMER) timestamp=2065 ms, used_size=7073792 bytes (17.3%)
(RDMA_READ_CONSUME_CHECK_CONSUMER) timestamp=2065 ms, used_size=7071744 bytes (17.3%)
(RDMA_READ_CONSUME_CHECK_CONSUMER) timestamp=2065 ms, used_size=7069696 bytes (17.3%)
(RDMA_READ_CONSUME_CHECK_CONSUMER) timestamp=2065 ms, used_size=7067648 bytes (17.3%)
(RDMA_READ_CONSUME_CHECK_CONSUMER) timestamp=2065 ms, used_size=7065600 bytes (17.2%)
(RDMA_READ_CONSUME_CHECK_CONSUMER) timestamp=2065 ms, used_size=7063552 bytes (17.2%)
(RDMA_READ_CONSUME_CHECK_CONSUMER) timestamp=2065 ms, used_size=7061504 bytes (17.2%)
(RDMA_READ_CONSUME_CHECK_CONSUMER) timestamp=2065 ms, used_size=7059456 bytes (17.2%)
(RDMA_READ_CONSUME_CHECK_CONSUMER) timestamp=2065 ms, used_size=7057408 bytes (17.2%)
(RDMA_READ_CONSUME_CHECK_CONSUMER) timestamp=2065 ms, used_size=7055360 bytes (17.2%)
(RDMA_READ_CONSUME_CHECK_CONSUMER) timestamp=2065 ms, used_size=7053312 bytes (17.2%)
(RDMA_READ_CONSUME_CHECK_CONSUMER) timestamp=2065 ms, used_size=7051264 bytes (17.2%)
(RDMA_READ_CONSUME_CHECK_CONSUMER) timestamp=2065 ms, used_size=7049216 bytes (17.2%)
(RDMA_READ_CONSUME_CHECK_CONSUMER) timestamp=2065 ms, used_size=7047168 bytes (17.2%)
(RDMA_READ_CONSUME_CHECK_CONSUMER) timestamp=2065 ms, used_size=7045120 bytes (17.2%)
(RDMA_READ_CONSUME_CHECK_CONSUMER) timestamp=2065 ms, used_size=7043072 bytes (17.2%)
(RDMA_READ_CONSUME_CHECK_CONSUMER) timestamp=2065 ms, used_size=7041024 bytes (17.2%)
(RDMA_READ_CONSUME_CHECK_CONSUMER) timestamp=2065 ms, used_size=7038976 bytes (17.2%)
(RDMA_READ_CONSUME_CHECK_CONSUMER) timestamp=2065 ms, used_size=7036928 bytes (17.2%)
(RDMA_READ_CONSUME_CHECK_CONSUMER) timestamp=2065 ms, used_size=7034880 bytes (17.2%)
(RDMA_READ_CONSUME_CHECK_CONSUMER) timestamp=2065 ms, used_size=7032832 bytes (17.2%)
(RDMA_READ_CONSUME_CHECK_CONSUMER) timestamp=2065 ms, used_size=7030784 bytes (17.2%)
(RDMA_READ_CONSUME_CHECK_CONSUMER) timestamp=2065 ms, used_size=7028736 bytes (17.2%)
(RDMA_READ_CONSUME_CHECK_CONSUMER) timestamp=2065 ms, used_size=7026688 bytes (17.2%)
(RDMA_READ_CONSUME_CHECK_CONSUMER) timestamp=2065 ms, used_size=7024640 bytes (17.1%)
(RDMA_READ_CONSUME_CHECK_CONSUMER) timestamp=2065 ms, used_size=7022592 bytes (17.1%)
(RDMA_READ_CONSUME_CHECK_CONSUMER) timestamp=2065 ms, used_size=7020544 bytes (17.1%)
(RDMA_READ_CONSUME_CHECK_CONSUMER) timestamp=2065 ms, used_size=7018496 bytes (17.1%)
(RDMA_READ_CONSUME_CHECK_CONSUMER) timestamp=2065 ms, used_size=7016448 bytes (17.1%)
(RDMA_READ_CONSUME_CHECK_CONSUMER) timestamp=2065 ms, used_size=7014400 bytes (17.1%)
(RDMA_READ_CONSUME_CHECK_CONSUMER) timestamp=2065 ms, used_size=7012352 bytes (17.1%)
(RDMA_READ_CONSUME_CHECK_CONSUMER) timestamp=2065 ms, used_size=7010304 bytes (17.1%)
(RDMA_READ_CONSUME_CHECK_CONSUMER) timestamp=2065 ms, used_size=7008256 bytes (17.1%)
(RDMA_READ_CONSUME_CHECK_CONSUMER) timestamp=2065 ms, used_size=7006208 bytes (17.1%)
(RDMA_READ_CONSUME_CHECK_CONSUMER) timestamp=2065 ms, used_size=7004160 bytes (17.1%)
(RDMA_READ_CONSUME_CHECK_CONSUMER) timestamp=2065 ms, used_size=7002112 bytes (17.1%)
(RDMA_READ_CONSUME_CHECK_CONSUMER) timestamp=2065 ms, used_size=7000064 bytes (17.1%)
(RDMA_READ_CONSUME_CHECK_CONSUMER) timestamp=2065 ms, used_size=6998016 bytes (17.1%)
(RDMA_READ_CONSUME_CHECK_CONSUMER) timestamp=2065 ms, used_size=6995968 bytes (17.1%)
(RDMA_READ_CONSUME_CHECK_CONSUMER) timestamp=2065 ms, used_size=6993920 bytes (17.1%)
(RDMA_READ_CONSUME_CHECK_CONSUMER) timestamp=2065 ms, used_size=6991872 bytes (17.1%)
(RDMA_READ_CONSUME_CHECK_CONSUMER) timestamp=2065 ms, used_size=6989824 bytes (17.1%)
(RDMA_READ_CONSUME_CHECK_CONSUMER) timestamp=2065 ms, used_size=6987776 bytes (17.1%)
(RDMA_READ_CONSUME_CHECK_CONSUMER) timestamp=2065 ms, used_size=6985728 bytes (17.1%)
(RDMA_READ_CONSUME_CHECK_CONSUMER) timestamp=2065 ms, used_size=6983680 bytes (17.1%)
(RDMA_READ_CONSUME_CHECK_CONSUMER) timestamp=2065 ms, used_size=6981632 bytes (17.0%)
(RDMA_READ_CONSUME_CHECK_CONSUMER) timestamp=2065 ms, used_size=6979584 bytes (17.0%)
(RDMA_READ_CONSUME_CHECK_CONSUMER) timestamp=2065 ms, used_size=6977536 bytes (17.0%)
(RDMA_READ_CONSUME_CHECK_CONSUMER) timestamp=2065 ms, used_size=6975488 bytes (17.0%)
(RDMA_READ_CONSUME_CHECK_CONSUMER) timestamp=2065 ms, used_size=6973440 bytes (17.0%)
(RDMA_READ_CONSUME_CHECK_CONSUMER) timestamp=2065 ms, used_size=6971392 bytes (17.0%)
(RDMA_READ_CONSUME_CHECK_CONSUMER) timestamp=2065 ms, used_size=6969344 bytes (17.0%)
(RDMA_READ_CONSUME_CHECK_CONSUMER) timestamp=2065 ms, used_size=6967296 bytes (17.0%)
(RDMA_READ_CONSUME_CHECK_CONSUMER) timestamp=2065 ms, used_size=6965248 bytes (17.0%)
(RDMA_READ_CONSUME_CHECK_CONSUMER) timestamp=2065 ms, used_size=6963200 bytes (17.0%)
(RDMA_READ_CONSUME_CHECK_CONSUMER) timestamp=2065 ms, used_size=6961152 bytes (17.0%)
(RDMA_READ_CONSUME_CHECK_CONSUMER) timestamp=2065 ms, used_size=6959104 bytes (17.0%)
(RDMA_READ_CONSUME_CHECK_CONSUMER) timestamp=2065 ms, used_size=6957056 bytes (17.0%)
(RDMA_READ_CONSUME_CHECK_CONSUMER) timestamp=2065 ms, used_size=6955008 bytes (17.0%)
(RDMA_READ_CONSUME_CHECK_CONSUMER) timestamp=2065 ms, used_size=6952960 bytes (17.0%)
(RDMA_READ_CONSUME_CHECK_CONSUMER) timestamp=2065 ms, used_size=6950912 bytes (17.0%)
(RDMA_READ_CONSUME_CHECK_CONSUMER) timestamp=2065 ms, used_size=6948864 bytes (17.0%)
(RDMA_READ_CONSUME_CHECK_CONSUMER) timestamp=2065 ms, used_size=6946816 bytes (17.0%)
(RDMA_READ_CONSUME_CHECK_CONSUMER) timestamp=2065 ms, used_size=6944768 bytes (17.0%)
(RDMA_READ_CONSUME_CHECK_CONSUMER) timestamp=2065 ms, used_size=6942720 bytes (16.9%)
(RDMA_READ_CONSUME_CHECK_CONSUMER) timestamp=2065 ms, used_size=6940672 bytes (16.9%)
(RDMA_READ_CONSUME_CHECK_CONSUMER) timestamp=2065 ms, used_size=6938624 bytes (16.9%)
(RDMA_READ_CONSUME_CHECK_CONSUMER) timestamp=2065 ms, used_size=6936576 bytes (16.9%)
(RDMA_READ_CONSUME_CHECK_CONSUMER) timestamp=2065 ms, used_size=6934528 bytes (16.9%)
(RDMA_READ_CONSUME_CHECK_CONSUMER) timestamp=2065 ms, used_size=6932480 bytes (16.9%)
(RDMA_READ_CONSUME_CHECK_CONSUMER) timestamp=2065 ms, used_size=6930432 bytes (16.9%)
(RDMA_READ_CONSUME_CHECK_CONSUMER) timestamp=2065 ms, used_size=6928384 bytes (16.9%)
(RDMA_READ_CONSUME_CHECK_CONSUMER) timestamp=2065 ms, used_size=6926336 bytes (16.9%)
(RDMA_READ_CONSUME_CHECK_CONSUMER) timestamp=2065 ms, used_size=6924288 bytes (16.9%)
(RDMA_READ_CONSUME_CHECK_CONSUMER) timestamp=2065 ms, used_size=6922240 bytes (16.9%)
(RDMA_READ_CONSUME_CHECK_CONSUMER) timestamp=2065 ms, used_size=6920192 bytes (16.9%)
(RDMA_READ_CONSUME_CHECK_CONSUMER) timestamp=2065 ms, used_size=6918144 bytes (16.9%)
(RDMA_READ_CONSUME_CHECK_CONSUMER) timestamp=2065 ms, used_size=6916096 bytes (16.9%)
(RDMA_READ_CONSUME_CHECK_CONSUMER) timestamp=2065 ms, used_size=6914048 bytes (16.9%)
(RDMA_READ_CONSUME_CHECK_CONSUMER) timestamp=2065 ms, used_size=6912000 bytes (16.9%)
(RDMA_READ_CONSUME_CHECK_CONSUMER) timestamp=2065 ms, used_size=6909952 bytes (16.9%)
(RDMA_READ_CONSUME_CHECK_CONSUMER) timestamp=2065 ms, used_size=6907904 bytes (16.9%)
(RDMA_READ_CONSUME_CHECK_CONSUMER) timestamp=2065 ms, used_size=6905856 bytes (16.9%)
(RDMA_READ_CONSUME_CHECK_CONSUMER) timestamp=2065 ms, used_size=6903808 bytes (16.9%)
(RDMA_READ_CONSUME_CHECK_CONSUMER) timestamp=2065 ms, used_size=6901760 bytes (16.9%)
(RDMA_READ_CONSUME_CHECK_CONSUMER) timestamp=2065 ms, used_size=6899712 bytes (16.8%)
(RDMA_READ_CONSUME_CHECK_CONSUMER) timestamp=2065 ms, used_size=6897664 bytes (16.8%)
(RDMA_READ_CONSUME_CHECK_CONSUMER) timestamp=2065 ms, used_size=6895616 bytes (16.8%)
(RDMA_READ_CONSUME_CHECK_CONSUMER) timestamp=2065 ms, used_size=6893568 bytes (16.8%)
(RDMA_READ_CONSUME_CHECK_CONSUMER) timestamp=2065 ms, used_size=6891520 bytes (16.8%)
(RDMA_READ_CONSUME_CHECK_CONSUMER) timestamp=2065 ms, used_size=6889472 bytes (16.8%)
(RDMA_READ_CONSUME_CHECK_CONSUMER) timestamp=2065 ms, used_size=6887424 bytes (16.8%)
(RDMA_READ_CONSUME_CHECK_CONSUMER) timestamp=2065 ms, used_size=6885376 bytes (16.8%)
(RDMA_READ_CONSUME_CHECK_CONSUMER) timestamp=2065 ms, used_size=6883328 bytes (16.8%)
(RDMA_READ_CONSUME_CHECK_CONSUMER) timestamp=2065 ms, used_size=6881280 bytes (16.8%)
(RDMA_READ_CONSUME_CHECK_CONSUMER) timestamp=2065 ms, used_size=6879232 bytes (16.8%)
(RDMA_READ_CONSUME_CHECK_CONSUMER) timestamp=2065 ms, used_size=6877184 bytes (16.8%)
(RDMA_READ_CONSUME_CHECK_CONSUMER) timestamp=2065 ms, used_size=6875136 bytes (16.8%)
(RDMA_READ_CONSUME_CHECK_CONSUMER) timestamp=2065 ms, used_size=6873088 bytes (16.8%)
(RDMA_READ_CONSUME_CHECK_CONSUMER) timestamp=2065 ms, used_size=6871040 bytes (16.8%)
(RDMA_READ_CONSUME_CHECK_CONSUMER) timestamp=2065 ms, used_size=6868992 bytes (16.8%)
(RDMA_READ_CONSUME_CHECK_CONSUMER) timestamp=2065 ms, used_size=6866944 bytes (16.8%)
(RDMA_READ_CONSUME_CHECK_CONSUMER) timestamp=2065 ms, used_size=6864896 bytes (16.8%)
(RDMA_READ_CONSUME_CHECK_CONSUMER) timestamp=2065 ms, used_size=6862848 bytes (16.8%)
(RDMA_READ_CONSUME_CHECK_CONSUMER) timestamp=2065 ms, used_size=6860800 bytes (16.8%)
(RDMA_READ_CONSUME_CHECK_CONSUMER) timestamp=2065 ms, used_size=6858752 bytes (16.7%)
(RDMA_READ_CONSUME_CHECK_CONSUMER) timestamp=2065 ms, used_size=6856704 bytes (16.7%)
(RDMA_READ_CONSUME_CHECK_CONSUMER) timestamp=2065 ms, used_size=6854656 bytes (16.7%)
(RDMA_READ_CONSUME_CHECK_CONSUMER) timestamp=2065 ms, used_size=6852608 bytes (16.7%)
(RDMA_READ_CONSUME_CHECK_CONSUMER) timestamp=2065 ms, used_size=6850560 bytes (16.7%)
(RDMA_READ_CONSUME_CHECK_CONSUMER) timestamp=2065 ms, used_size=6848512 bytes (16.7%)
(RDMA_READ_CONSUME_CHECK_CONSUMER) timestamp=2065 ms, used_size=6846464 bytes (16.7%)
(RDMA_READ_CONSUME_CHECK_CONSUMER) timestamp=2065 ms, used_size=6844416 bytes (16.7%)
(RDMA_READ_CONSUME_CHECK_CONSUMER) timestamp=2065 ms, used_size=6842368 bytes (16.7%)
(RDMA_READ_CONSUME_CHECK_CONSUMER) timestamp=2065 ms, used_size=6840320 bytes (16.7%)
(RDMA_READ_CONSUME_CHECK_CONSUMER) timestamp=2065 ms, used_size=6838272 bytes (16.7%)
(RDMA_READ_CONSUME_CHECK_CONSUMER) timestamp=2065 ms, used_size=6836224 bytes (16.7%)
(RDMA_READ_CONSUME_CHECK_CONSUMER) timestamp=2065 ms, used_size=6834176 bytes (16.7%)
(RDMA_READ_CONSUME_CHECK_CONSUMER) timestamp=2065 ms, used_size=6832128 bytes (16.7%)
(RDMA_READ_CONSUME_CHECK_CONSUMER) timestamp=2065 ms, used_size=6830080 bytes (16.7%)
(RDMA_READ_CONSUME_CHECK_CONSUMER) timestamp=2065 ms, used_size=6828032 bytes (16.7%)
(RDMA_READ_CONSUME_CHECK_CONSUMER) timestamp=2065 ms, used_size=6825984 bytes (16.7%)
(RDMA_READ_CONSUME_CHECK_CONSUMER) timestamp=2065 ms, used_size=6823936 bytes (16.7%)
(RDMA_READ_CONSUME_CHECK_CONSUMER) timestamp=2065 ms, used_size=6821888 bytes (16.7%)
(RDMA_READ_CONSUME_CHECK_CONSUMER) timestamp=2065 ms, used_size=6819840 bytes (16.6%)
(RDMA_READ_CONSUME_CHECK_CONSUMER) timestamp=2065 ms, used_size=6817792 bytes (16.6%)
(RDMA_READ_CONSUME_CHECK_CONSUMER) timestamp=2065 ms, used_size=6815744 bytes (16.6%)
(RDMA_READ_CONSUME_CHECK_CONSUMER) timestamp=2065 ms, used_size=6813696 bytes (16.6%)
(RDMA_READ_CONSUME_CHECK_CONSUMER) timestamp=2065 ms, used_size=6811648 bytes (16.6%)
(RDMA_READ_CONSUME_CHECK_CONSUMER) timestamp=2065 ms, used_size=6809600 bytes (16.6%)
(RDMA_READ_CONSUME_CHECK_CONSUMER) timestamp=2066 ms, used_size=6807552 bytes (16.6%)
(RDMA_READ_CONSUME_CHECK_CONSUMER) timestamp=2066 ms, used_size=6805504 bytes (16.6%)
(RDMA_READ_CONSUME_CHECK_CONSUMER) timestamp=2066 ms, used_size=6803456 bytes (16.6%)
(RDMA_READ_CONSUME_CHECK_CONSUMER) timestamp=2066 ms, used_size=6801408 bytes (16.6%)
(RDMA_READ_CONSUME_CHECK_CONSUMER) timestamp=2066 ms, used_size=6799360 bytes (16.6%)
(RDMA_READ_CONSUME_CHECK_CONSUMER) timestamp=2066 ms, used_size=6797312 bytes (16.6%)
(RDMA_READ_CONSUME_CHECK_CONSUMER) timestamp=2066 ms, used_size=6795264 bytes (16.6%)
(RDMA_READ_CONSUME_CHECK_CONSUMER) timestamp=2066 ms, used_size=6793216 bytes (16.6%)
(RDMA_READ_CONSUME_CHECK_CONSUMER) timestamp=2066 ms, used_size=6791168 bytes (16.6%)
(RDMA_READ_CONSUME_CHECK_CONSUMER) timestamp=2066 ms, used_size=6789120 bytes (16.6%)
(RDMA_READ_CONSUME_CHECK_CONSUMER) timestamp=2066 ms, used_size=6787072 bytes (16.6%)
(RDMA_READ_CONSUME_CHECK_CONSUMER) timestamp=2066 ms, used_size=6785024 bytes (16.6%)
(RDMA_READ_CONSUME_CHECK_CONSUMER) timestamp=2066 ms, used_size=6782976 bytes (16.6%)
(RDMA_READ_CONSUME_CHECK_CONSUMER) timestamp=2066 ms, used_size=6780928 bytes (16.6%)
(RDMA_READ_CONSUME_CHECK_CONSUMER) timestamp=2066 ms, used_size=6778880 bytes (16.6%)
(RDMA_READ_CONSUME_CHECK_CONSUMER) timestamp=2066 ms, used_size=6776832 bytes (16.5%)
(RDMA_READ_CONSUME_CHECK_CONSUMER) timestamp=2066 ms, used_size=6774784 bytes (16.5%)
(RDMA_READ_CONSUME_CHECK_CONSUMER) timestamp=2066 ms, used_size=6772736 bytes (16.5%)
(RDMA_READ_CONSUME_CHECK_CONSUMER) timestamp=2066 ms, used_size=6770688 bytes (16.5%)
(RDMA_READ_CONSUME_CHECK_CONSUMER) timestamp=2066 ms, used_size=6768640 bytes (16.5%)
(RDMA_READ_CONSUME_CHECK_CONSUMER) timestamp=2066 ms, used_size=6766592 bytes (16.5%)
(RDMA_READ_CONSUME_CHECK_CONSUMER) timestamp=2066 ms, used_size=6764544 bytes (16.5%)
(RDMA_READ_CONSUME_CHECK_CONSUMER) timestamp=2066 ms, used_size=6762496 bytes (16.5%)
(RDMA_READ_CONSUME_CHECK_CONSUMER) timestamp=2066 ms, used_size=6760448 bytes (16.5%)
(RDMA_READ_CONSUME_CHECK_CONSUMER) timestamp=2066 ms, used_size=6758400 bytes (16.5%)
(RDMA_READ_CONSUME_CHECK_CONSUMER) timestamp=2066 ms, used_size=6756352 bytes (16.5%)
(RDMA_READ_CONSUME_CHECK_CONSUMER) timestamp=2066 ms, used_size=6754304 bytes (16.5%)
(RDMA_READ_CONSUME_CHECK_CONSUMER) timestamp=2066 ms, used_size=6752256 bytes (16.5%)
(RDMA_READ_CONSUME_CHECK_CONSUMER) timestamp=2066 ms, used_size=6750208 bytes (16.5%)
(RDMA_READ_CONSUME_CHECK_CONSUMER) timestamp=2066 ms, used_size=6748160 bytes (16.5%)
(RDMA_READ_CONSUME_CHECK_CONSUMER) timestamp=2066 ms, used_size=6746112 bytes (16.5%)
(RDMA_READ_CONSUME_CHECK_CONSUMER) timestamp=2066 ms, used_size=6744064 bytes (16.5%)
(RDMA_READ_CONSUME_CHECK_CONSUMER) timestamp=2066 ms, used_size=6742016 bytes (16.5%)
(RDMA_READ_CONSUME_CHECK_CONSUMER) timestamp=2066 ms, used_size=6739968 bytes (16.5%)
(RDMA_READ_CONSUME_CHECK_CONSUMER) timestamp=2066 ms, used_size=6737920 bytes (16.4%)
(RDMA_READ_CONSUME_CHECK_CONSUMER) timestamp=2066 ms, used_size=6735872 bytes (16.4%)
(RDMA_READ_CONSUME_CHECK_CONSUMER) timestamp=2066 ms, used_size=6733824 bytes (16.4%)
(RDMA_READ_CONSUME_CHECK_CONSUMER) timestamp=2066 ms, used_size=6731776 bytes (16.4%)
(RDMA_READ_CONSUME_CHECK_CONSUMER) timestamp=2066 ms, used_size=6729728 bytes (16.4%)
(RDMA_READ_CONSUME_CHECK_CONSUMER) timestamp=2066 ms, used_size=6727680 bytes (16.4%)
(RDMA_READ_CONSUME_CHECK_CONSUMER) timestamp=2066 ms, used_size=6725632 bytes (16.4%)
(RDMA_READ_CONSUME_CHECK_CONSUMER) timestamp=2066 ms, used_size=6723584 bytes (16.4%)
(RDMA_READ_CONSUME_CHECK_CONSUMER) timestamp=2066 ms, used_size=6721536 bytes (16.4%)
(RDMA_READ_CONSUME_CHECK_CONSUMER) timestamp=2066 ms, used_size=6719488 bytes (16.4%)
(RDMA_READ_CONSUME_CHECK_CONSUMER) timestamp=2066 ms, used_size=6717440 bytes (16.4%)
(RDMA_READ_CONSUME_CHECK_CONSUMER) timestamp=2066 ms, used_size=6715392 bytes (16.4%)
(RDMA_READ_CONSUME_CHECK_CONSUMER) timestamp=2066 ms, used_size=6713344 bytes (16.4%)
(RDMA_READ_CONSUME_CHECK_CONSUMER) timestamp=2066 ms, used_size=6711296 bytes (16.4%)
(RDMA_READ_CONSUME_CHECK_CONSUMER) timestamp=2066 ms, used_size=6709248 bytes (16.4%)
(RDMA_READ_CONSUME_CHECK_CONSUMER) timestamp=2066 ms, used_size=6707200 bytes (16.4%)
(RDMA_READ_CONSUME_CHECK_CONSUMER) timestamp=2066 ms, used_size=6705152 bytes (16.4%)
(RDMA_READ_CONSUME_CHECK_CONSUMER) timestamp=2066 ms, used_size=6703104 bytes (16.4%)
(RDMA_READ_CONSUME_CHECK_CONSUMER) timestamp=2066 ms, used_size=6701056 bytes (16.4%)
(RDMA_READ_CONSUME_CHECK_CONSUMER) timestamp=2066 ms, used_size=6699008 bytes (16.4%)
(RDMA_READ_CONSUME_CHECK_CONSUMER) timestamp=2066 ms, used_size=6696960 bytes (16.4%)
(RDMA_READ_CONSUME_CHECK_CONSUMER) timestamp=2066 ms, used_size=6694912 bytes (16.3%)
(RDMA_READ_CONSUME_CHECK_CONSUMER) timestamp=2066 ms, used_size=6692864 bytes (16.3%)
(RDMA_READ_CONSUME_CHECK_CONSUMER) timestamp=2066 ms, used_size=6690816 bytes (16.3%)
(RDMA_READ_CONSUME_CHECK_CONSUMER) timestamp=2066 ms, used_size=6688768 bytes (16.3%)
(RDMA_READ_CONSUME_CHECK_CONSUMER) timestamp=2066 ms, used_size=6686720 bytes (16.3%)
(RDMA_READ_CONSUME_CHECK_CONSUMER) timestamp=2066 ms, used_size=6684672 bytes (16.3%)
(RDMA_READ_CONSUME_CHECK_CONSUMER) timestamp=2066 ms, used_size=6682624 bytes (16.3%)
(RDMA_READ_CONSUME_CHECK_CONSUMER) timestamp=2066 ms, used_size=6680576 bytes (16.3%)
(RDMA_READ_CONSUME_CHECK_CONSUMER) timestamp=2066 ms, used_size=6678528 bytes (16.3%)
(RDMA_READ_CONSUME_CHECK_CONSUMER) timestamp=2066 ms, used_size=6676480 bytes (16.3%)
(RDMA_READ_CONSUME_CHECK_CONSUMER) timestamp=2066 ms, used_size=6674432 bytes (16.3%)
(RDMA_READ_CONSUME_CHECK_CONSUMER) timestamp=2066 ms, used_size=6672384 bytes (16.3%)
(RDMA_READ_CONSUME_CHECK_CONSUMER) timestamp=2066 ms, used_size=6670336 bytes (16.3%)
(RDMA_READ_CONSUME_CHECK_CONSUMER) timestamp=2066 ms, used_size=6668288 bytes (16.3%)
(RDMA_READ_CONSUME_CHECK_CONSUMER) timestamp=2066 ms, used_size=6666240 bytes (16.3%)
(RDMA_READ_CONSUME_CHECK_CONSUMER) timestamp=2066 ms, used_size=6664192 bytes (16.3%)
(RDMA_READ_CONSUME_CHECK_CONSUMER) timestamp=2066 ms, used_size=6662144 bytes (16.3%)
(RDMA_READ_CONSUME_CHECK_CONSUMER) timestamp=2066 ms, used_size=6660096 bytes (16.3%)
(RDMA_READ_CONSUME_CHECK_CONSUMER) timestamp=2066 ms, used_size=6658048 bytes (16.3%)
(RDMA_READ_CONSUME_CHECK_CONSUMER) timestamp=2066 ms, used_size=6656000 bytes (16.2%)
(RDMA_READ_CONSUME_CHECK_CONSUMER) timestamp=2066 ms, used_size=6653952 bytes (16.2%)
(RDMA_READ_CONSUME_CHECK_CONSUMER) timestamp=2066 ms, used_size=6651904 bytes (16.2%)
(RDMA_READ_CONSUME_CHECK_CONSUMER) timestamp=2066 ms, used_size=6649856 bytes (16.2%)
(RDMA_READ_CONSUME_CHECK_CONSUMER) timestamp=2066 ms, used_size=6647808 bytes (16.2%)
(RDMA_READ_CONSUME_CHECK_CONSUMER) timestamp=2066 ms, used_size=6645760 bytes (16.2%)
(RDMA_READ_CONSUME_CHECK_CONSUMER) timestamp=2066 ms, used_size=6643712 bytes (16.2%)
(RDMA_READ_CONSUME_CHECK_CONSUMER) timestamp=2066 ms, used_size=6641664 bytes (16.2%)
(RDMA_READ_CONSUME_CHECK_CONSUMER) timestamp=2066 ms, used_size=6639616 bytes (16.2%)
(RDMA_READ_CONSUME_CHECK_CONSUMER) timestamp=2066 ms, used_size=6637568 bytes (16.2%)
(RDMA_READ_CONSUME_CHECK_CONSUMER) timestamp=2066 ms, used_size=6635520 bytes (16.2%)
(RDMA_READ_CONSUME_CHECK_CONSUMER) timestamp=2066 ms, used_size=6633472 bytes (16.2%)
(RDMA_READ_CONSUME_CHECK_CONSUMER) timestamp=2066 ms, used_size=6631424 bytes (16.2%)
(RDMA_READ_CONSUME_CHECK_CONSUMER) timestamp=2066 ms, used_size=6629376 bytes (16.2%)
(RDMA_READ_CONSUME_CHECK_CONSUMER) timestamp=2066 ms, used_size=6627328 bytes (16.2%)
(RDMA_READ_CONSUME_CHECK_CONSUMER) timestamp=2066 ms, used_size=6625280 bytes (16.2%)
(RDMA_READ_CONSUME_CHECK_CONSUMER) timestamp=2066 ms, used_size=6623232 bytes (16.2%)
(RDMA_READ_CONSUME_CHECK_CONSUMER) timestamp=2066 ms, used_size=6621184 bytes (16.2%)
(RDMA_READ_CONSUME_CHECK_CONSUMER) timestamp=2066 ms, used_size=6619136 bytes (16.2%)
(RDMA_READ_CONSUME_CHECK_CONSUMER) timestamp=2066 ms, used_size=6617088 bytes (16.2%)
(RDMA_READ_CONSUME_CHECK_CONSUMER) timestamp=2066 ms, used_size=6615040 bytes (16.1%)
(RDMA_READ_CONSUME_CHECK_CONSUMER) timestamp=2066 ms, used_size=6612992 bytes (16.1%)
(RDMA_READ_CONSUME_CHECK_CONSUMER) timestamp=2066 ms, used_size=6610944 bytes (16.1%)
(RDMA_READ_CONSUME_CHECK_CONSUMER) timestamp=2066 ms, used_size=6608896 bytes (16.1%)
(RDMA_READ_CONSUME_CHECK_CONSUMER) timestamp=2066 ms, used_size=6606848 bytes (16.1%)
(RDMA_READ_CONSUME_CHECK_CONSUMER) timestamp=2066 ms, used_size=6604800 bytes (16.1%)
(RDMA_READ_CONSUME_CHECK_CONSUMER) timestamp=2066 ms, used_size=6602752 bytes (16.1%)
(RDMA_READ_CONSUME_CHECK_CONSUMER) timestamp=2066 ms, used_size=6600704 bytes (16.1%)
(RDMA_READ_CONSUME_CHECK_CONSUMER) timestamp=2066 ms, used_size=6598656 bytes (16.1%)
(RDMA_READ_CONSUME_CHECK_CONSUMER) timestamp=2066 ms, used_size=6596608 bytes (16.1%)
(RDMA_READ_CONSUME_CHECK_CONSUMER) timestamp=2066 ms, used_size=6594560 bytes (16.1%)
(RDMA_READ_CONSUME_CHECK_CONSUMER) timestamp=2066 ms, used_size=6592512 bytes (16.1%)
(RDMA_READ_CONSUME_CHECK_CONSUMER) timestamp=2066 ms, used_size=6590464 bytes (16.1%)
(RDMA_READ_CONSUME_CHECK_CONSUMER) timestamp=2066 ms, used_size=6588416 bytes (16.1%)
(RDMA_READ_CONSUME_CHECK_CONSUMER) timestamp=2066 ms, used_size=6586368 bytes (16.1%)
(RDMA_READ_CONSUME_CHECK_CONSUMER) timestamp=2066 ms, used_size=6584320 bytes (16.1%)
(RDMA_READ_CONSUME_CHECK_CONSUMER) timestamp=2066 ms, used_size=6582272 bytes (16.1%)
(RDMA_READ_CONSUME_CHECK_CONSUMER) timestamp=2066 ms, used_size=6580224 bytes (16.1%)
(RDMA_READ_CONSUME_CHECK_CONSUMER) timestamp=2066 ms, used_size=6578176 bytes (16.1%)
(RDMA_READ_CONSUME_CHECK_CONSUMER) timestamp=2066 ms, used_size=6576128 bytes (16.1%)
(RDMA_READ_CONSUME_CHECK_CONSUMER) timestamp=2066 ms, used_size=6574080 bytes (16.1%)
(RDMA_READ_CONSUME_CHECK_CONSUMER) timestamp=2066 ms, used_size=6572032 bytes (16.0%)
(RDMA_READ_CONSUME_CHECK_CONSUMER) timestamp=2066 ms, used_size=6569984 bytes (16.0%)
(RDMA_READ_CONSUME_CHECK_CONSUMER) timestamp=2066 ms, used_size=6567936 bytes (16.0%)
(RDMA_READ_CONSUME_CHECK_CONSUMER) timestamp=2066 ms, used_size=6565888 bytes (16.0%)
(RDMA_READ_CONSUME_CHECK_CONSUMER) timestamp=2066 ms, used_size=6563840 bytes (16.0%)
(RDMA_READ_CONSUME_CHECK_CONSUMER) timestamp=2066 ms, used_size=6561792 bytes (16.0%)
(RDMA_READ_CONSUME_CHECK_CONSUMER) timestamp=2066 ms, used_size=6559744 bytes (16.0%)
(RDMA_READ_CONSUME_CHECK_CONSUMER) timestamp=2066 ms, used_size=6557696 bytes (16.0%)
(RDMA_READ_CONSUME_CHECK_CONSUMER) timestamp=2066 ms, used_size=6555648 bytes (16.0%)
(RDMA_READ_CONSUME_CHECK_CONSUMER) timestamp=2066 ms, used_size=6553600 bytes (16.0%)
(RDMA_READ_CONSUME_CHECK_CONSUMER) timestamp=2066 ms, used_size=6551552 bytes (16.0%)
(RDMA_READ_CONSUME_CHECK_CONSUMER) timestamp=2066 ms, used_size=6549504 bytes (16.0%)
(RDMA_READ_CONSUME_CHECK_CONSUMER) timestamp=2066 ms, used_size=6547456 bytes (16.0%)
(RDMA_READ_CONSUME_CHECK_CONSUMER) timestamp=2066 ms, used_size=6545408 bytes (16.0%)
(RDMA_READ_CONSUME_CHECK_CONSUMER) timestamp=2066 ms, used_size=6543360 bytes (16.0%)
(RDMA_READ_CONSUME_CHECK_CONSUMER) timestamp=2066 ms, used_size=6541312 bytes (16.0%)
(RDMA_READ_CONSUME_CHECK_CONSUMER) timestamp=2066 ms, used_size=6539264 bytes (16.0%)
(RDMA_READ_CONSUME_CHECK_CONSUMER) timestamp=2066 ms, used_size=6537216 bytes (16.0%)
(RDMA_READ_CONSUME_CHECK_CONSUMER) timestamp=2066 ms, used_size=6535168 bytes (16.0%)
(RDMA_READ_CONSUME_CHECK_CONSUMER) timestamp=2066 ms, used_size=6533120 bytes (15.9%)
(RDMA_READ_CONSUME_CHECK_CONSUMER) timestamp=2066 ms, used_size=6531072 bytes (15.9%)
(RDMA_READ_CONSUME_CHECK_CONSUMER) timestamp=2066 ms, used_size=6529024 bytes (15.9%)
(RDMA_READ_CONSUME_CHECK_CONSUMER) timestamp=2066 ms, used_size=6526976 bytes (15.9%)
(RDMA_READ_CONSUME_CHECK_CONSUMER) timestamp=2066 ms, used_size=6524928 bytes (15.9%)
(RDMA_READ_CONSUME_CHECK_CONSUMER) timestamp=2066 ms, used_size=6522880 bytes (15.9%)
(RDMA_READ_CONSUME_CHECK_CONSUMER) timestamp=2066 ms, used_size=6520832 bytes (15.9%)
(RDMA_READ_CONSUME_CHECK_CONSUMER) timestamp=2066 ms, used_size=6518784 bytes (15.9%)
(RDMA_READ_CONSUME_CHECK_CONSUMER) timestamp=2066 ms, used_size=6516736 bytes (15.9%)
(RDMA_READ_CONSUME_CHECK_CONSUMER) timestamp=2066 ms, used_size=6514688 bytes (15.9%)
(RDMA_READ_CONSUME_CHECK_CONSUMER) timestamp=2066 ms, used_size=6512640 bytes (15.9%)
(RDMA_READ_CONSUME_CHECK_CONSUMER) timestamp=2066 ms, used_size=6510592 bytes (15.9%)
(RDMA_READ_CONSUME_CHECK_CONSUMER) timestamp=2066 ms, used_size=6508544 bytes (15.9%)
(RDMA_READ_CONSUME_CHECK_CONSUMER) timestamp=2066 ms, used_size=6506496 bytes (15.9%)
(RDMA_READ_CONSUME_CHECK_CONSUMER) timestamp=2066 ms, used_size=6504448 bytes (15.9%)
(RDMA_READ_CONSUME_CHECK_CONSUMER) timestamp=2066 ms, used_size=6502400 bytes (15.9%)
(RDMA_READ_CONSUME_CHECK_CONSUMER) timestamp=2066 ms, used_size=6500352 bytes (15.9%)
(RDMA_READ_CONSUME_CHECK_CONSUMER) timestamp=2066 ms, used_size=6498304 bytes (15.9%)
(RDMA_READ_CONSUME_CHECK_CONSUMER) timestamp=2066 ms, used_size=6496256 bytes (15.9%)
(RDMA_READ_CONSUME_CHECK_CONSUMER) timestamp=2066 ms, used_size=6494208 bytes (15.9%)
(RDMA_READ_CONSUME_CHECK_CONSUMER) timestamp=2066 ms, used_size=6492160 bytes (15.8%)
(RDMA_READ_CONSUME_CHECK_CONSUMER) timestamp=2066 ms, used_size=6490112 bytes (15.8%)
(RDMA_READ_CONSUME_CHECK_CONSUMER) timestamp=2066 ms, used_size=6488064 bytes (15.8%)
(RDMA_READ_CONSUME_CHECK_CONSUMER) timestamp=2066 ms, used_size=6486016 bytes (15.8%)
(RDMA_READ_CONSUME_CHECK_CONSUMER) timestamp=2066 ms, used_size=6483968 bytes (15.8%)
(RDMA_READ_CONSUME_CHECK_CONSUMER) timestamp=2066 ms, used_size=6481920 bytes (15.8%)
(RDMA_READ_CONSUME_CHECK_CONSUMER) timestamp=2066 ms, used_size=6479872 bytes (15.8%)
(RDMA_READ_CONSUME_CHECK_CONSUMER) timestamp=2066 ms, used_size=6477824 bytes (15.8%)
(RDMA_READ_CONSUME_CHECK_CONSUMER) timestamp=2066 ms, used_size=6475776 bytes (15.8%)
(RDMA_READ_CONSUME_CHECK_CONSUMER) timestamp=2066 ms, used_size=6473728 bytes (15.8%)
(RDMA_READ_CONSUME_CHECK_CONSUMER) timestamp=2066 ms, used_size=6471680 bytes (15.8%)
(RDMA_READ_CONSUME_CHECK_CONSUMER) timestamp=2066 ms, used_size=6469632 bytes (15.8%)
(RDMA_READ_CONSUME_CHECK_CONSUMER) timestamp=2066 ms, used_size=6467584 bytes (15.8%)
(RDMA_READ_CONSUME_CHECK_CONSUMER) timestamp=2066 ms, used_size=6465536 bytes (15.8%)
(RDMA_READ_CONSUME_CHECK_CONSUMER) timestamp=2066 ms, used_size=6463488 bytes (15.8%)
(RDMA_READ_CONSUME_CHECK_CONSUMER) timestamp=2066 ms, used_size=6461440 bytes (15.8%)
(RDMA_READ_CONSUME_CHECK_CONSUMER) timestamp=2066 ms, used_size=6459392 bytes (15.8%)
(RDMA_READ_CONSUME_CHECK_CONSUMER) timestamp=2066 ms, used_size=6457344 bytes (15.8%)
(RDMA_READ_CONSUME_CHECK_CONSUMER) timestamp=2066 ms, used_size=6455296 bytes (15.8%)
(RDMA_READ_CONSUME_CHECK_CONSUMER) timestamp=2066 ms, used_size=6453248 bytes (15.8%)
(RDMA_READ_CONSUME_CHECK_CONSUMER) timestamp=2066 ms, used_size=6451200 bytes (15.8%)
(RDMA_READ_CONSUME_CHECK_CONSUMER) timestamp=2066 ms, used_size=6449152 bytes (15.7%)
(RDMA_READ_CONSUME_CHECK_CONSUMER) timestamp=2066 ms, used_size=6447104 bytes (15.7%)
(RDMA_READ_CONSUME_CHECK_CONSUMER) timestamp=2066 ms, used_size=6445056 bytes (15.7%)
(RDMA_READ_CONSUME_CHECK_CONSUMER) timestamp=2067 ms, used_size=6443008 bytes (15.7%)
(RDMA_READ_CONSUME_CHECK_CONSUMER) timestamp=2067 ms, used_size=6440960 bytes (15.7%)
(RDMA_READ_CONSUME_CHECK_CONSUMER) timestamp=2067 ms, used_size=6438912 bytes (15.7%)
(RDMA_READ_CONSUME_CHECK_CONSUMER) timestamp=2067 ms, used_size=6436864 bytes (15.7%)
(RDMA_READ_CONSUME_CHECK_CONSUMER) timestamp=2067 ms, used_size=6434816 bytes (15.7%)
(RDMA_READ_CONSUME_CHECK_CONSUMER) timestamp=2067 ms, used_size=6432768 bytes (15.7%)
(RDMA_READ_CONSUME_CHECK_CONSUMER) timestamp=2067 ms, used_size=6430720 bytes (15.7%)
(RDMA_READ_CONSUME_CHECK_CONSUMER) timestamp=2067 ms, used_size=6428672 bytes (15.7%)
(RDMA_READ_CONSUME_CHECK_CONSUMER) timestamp=2067 ms, used_size=6426624 bytes (15.7%)
(RDMA_READ_CONSUME_CHECK_CONSUMER) timestamp=2067 ms, used_size=6424576 bytes (15.7%)
(RDMA_READ_CONSUME_CHECK_CONSUMER) timestamp=2067 ms, used_size=6422528 bytes (15.7%)
(RDMA_READ_CONSUME_CHECK_CONSUMER) timestamp=2067 ms, used_size=6420480 bytes (15.7%)
(RDMA_READ_CONSUME_CHECK_CONSUMER) timestamp=2067 ms, used_size=6418432 bytes (15.7%)
(RDMA_READ_CONSUME_CHECK_CONSUMER) timestamp=2067 ms, used_size=6416384 bytes (15.7%)
(RDMA_READ_CONSUME_CHECK_CONSUMER) timestamp=2067 ms, used_size=6414336 bytes (15.7%)
(RDMA_READ_CONSUME_CHECK_CONSUMER) timestamp=2067 ms, used_size=6412288 bytes (15.7%)
(RDMA_READ_CONSUME_CHECK_CONSUMER) timestamp=2067 ms, used_size=6410240 bytes (15.7%)
(RDMA_READ_CONSUME_CHECK_CONSUMER) timestamp=2067 ms, used_size=6408192 bytes (15.6%)
(RDMA_READ_CONSUME_CHECK_CONSUMER) timestamp=2067 ms, used_size=6406144 bytes (15.6%)
(RDMA_READ_CONSUME_CHECK_CONSUMER) timestamp=2067 ms, used_size=6404096 bytes (15.6%)
(RDMA_READ_CONSUME_CHECK_CONSUMER) timestamp=2067 ms, used_size=6402048 bytes (15.6%)
(RDMA_READ_CONSUME_CHECK_CONSUMER) timestamp=2067 ms, used_size=6400000 bytes (15.6%)
(RDMA_READ_CONSUME_CHECK_CONSUMER) timestamp=2067 ms, used_size=6397952 bytes (15.6%)
(RDMA_READ_CONSUME_CHECK_CONSUMER) timestamp=2067 ms, used_size=6395904 bytes (15.6%)
(RDMA_READ_CONSUME_CHECK_CONSUMER) timestamp=2067 ms, used_size=6393856 bytes (15.6%)
(RDMA_READ_CONSUME_CHECK_CONSUMER) timestamp=2067 ms, used_size=6391808 bytes (15.6%)
(RDMA_READ_CONSUME_CHECK_CONSUMER) timestamp=2067 ms, used_size=6389760 bytes (15.6%)
(RDMA_READ_CONSUME_CHECK_CONSUMER) timestamp=2067 ms, used_size=6387712 bytes (15.6%)
(RDMA_READ_CONSUME_CHECK_CONSUMER) timestamp=2067 ms, used_size=6385664 bytes (15.6%)
(RDMA_READ_CONSUME_CHECK_CONSUMER) timestamp=2067 ms, used_size=6383616 bytes (15.6%)
(RDMA_READ_CONSUME_CHECK_CONSUMER) timestamp=2067 ms, used_size=6381568 bytes (15.6%)
(RDMA_READ_CONSUME_CHECK_CONSUMER) timestamp=2067 ms, used_size=6379520 bytes (15.6%)
(RDMA_READ_CONSUME_CHECK_CONSUMER) timestamp=2067 ms, used_size=6377472 bytes (15.6%)
(RDMA_READ_CONSUME_CHECK_CONSUMER) timestamp=2067 ms, used_size=6375424 bytes (15.6%)
(RDMA_READ_CONSUME_CHECK_CONSUMER) timestamp=2067 ms, used_size=6373376 bytes (15.6%)
(RDMA_READ_CONSUME_CHECK_CONSUMER) timestamp=2067 ms, used_size=6371328 bytes (15.6%)
(RDMA_READ_CONSUME_CHECK_CONSUMER) timestamp=2067 ms, used_size=6369280 bytes (15.6%)
(RDMA_READ_CONSUME_CHECK_CONSUMER) timestamp=2067 ms, used_size=6367232 bytes (15.5%)
(RDMA_READ_CONSUME_CHECK_CONSUMER) timestamp=2067 ms, used_size=6365184 bytes (15.5%)
(RDMA_READ_CONSUME_CHECK_CONSUMER) timestamp=2067 ms, used_size=6363136 bytes (15.5%)
(RDMA_READ_CONSUME_CHECK_CONSUMER) timestamp=2067 ms, used_size=6361088 bytes (15.5%)
(RDMA_READ_CONSUME_CHECK_CONSUMER) timestamp=2067 ms, used_size=6359040 bytes (15.5%)
(RDMA_READ_CONSUME_CHECK_CONSUMER) timestamp=2067 ms, used_size=6356992 bytes (15.5%)
(RDMA_READ_CONSUME_CHECK_CONSUMER) timestamp=2067 ms, used_size=6354944 bytes (15.5%)
(RDMA_READ_CONSUME_CHECK_CONSUMER) timestamp=2067 ms, used_size=6352896 bytes (15.5%)
(RDMA_READ_CONSUME_CHECK_CONSUMER) timestamp=2067 ms, used_size=6350848 bytes (15.5%)
(RDMA_READ_CONSUME_CHECK_CONSUMER) timestamp=2067 ms, used_size=6348800 bytes (15.5%)
(RDMA_READ_CONSUME_CHECK_CONSUMER) timestamp=2067 ms, used_size=6346752 bytes (15.5%)
(RDMA_READ_CONSUME_CHECK_CONSUMER) timestamp=2067 ms, used_size=6344704 bytes (15.5%)
(RDMA_READ_CONSUME_CHECK_CONSUMER) timestamp=2067 ms, used_size=6342656 bytes (15.5%)
(RDMA_READ_CONSUME_CHECK_CONSUMER) timestamp=2067 ms, used_size=6340608 bytes (15.5%)
(RDMA_READ_CONSUME_CHECK_CONSUMER) timestamp=2067 ms, used_size=6338560 bytes (15.5%)
(RDMA_READ_CONSUME_CHECK_CONSUMER) timestamp=2067 ms, used_size=6336512 bytes (15.5%)
(RDMA_READ_CONSUME_CHECK_CONSUMER) timestamp=2067 ms, used_size=6334464 bytes (15.5%)
(RDMA_READ_CONSUME_CHECK_CONSUMER) timestamp=2067 ms, used_size=6332416 bytes (15.5%)
(RDMA_READ_CONSUME_CHECK_CONSUMER) timestamp=2067 ms, used_size=6330368 bytes (15.5%)
(RDMA_READ_CONSUME_CHECK_CONSUMER) timestamp=2067 ms, used_size=6328320 bytes (15.4%)
(RDMA_READ_CONSUME_CHECK_CONSUMER) timestamp=2067 ms, used_size=6326272 bytes (15.4%)
(RDMA_READ_CONSUME_CHECK_CONSUMER) timestamp=2067 ms, used_size=6324224 bytes (15.4%)
(RDMA_READ_CONSUME_CHECK_CONSUMER) timestamp=2067 ms, used_size=6322176 bytes (15.4%)
(RDMA_READ_CONSUME_CHECK_CONSUMER) timestamp=2067 ms, used_size=6320128 bytes (15.4%)
(RDMA_READ_CONSUME_CHECK_CONSUMER) timestamp=2067 ms, used_size=6318080 bytes (15.4%)
(RDMA_READ_CONSUME_CHECK_CONSUMER) timestamp=2067 ms, used_size=6316032 bytes (15.4%)
(RDMA_READ_CONSUME_CHECK_CONSUMER) timestamp=2067 ms, used_size=6313984 bytes (15.4%)
(RDMA_READ_CONSUME_CHECK_CONSUMER) timestamp=2067 ms, used_size=6311936 bytes (15.4%)
(RDMA_READ_CONSUME_CHECK_CONSUMER) timestamp=2067 ms, used_size=6309888 bytes (15.4%)
(RDMA_READ_CONSUME_CHECK_CONSUMER) timestamp=2067 ms, used_size=6307840 bytes (15.4%)
(RDMA_READ_CONSUME_CHECK_CONSUMER) timestamp=2067 ms, used_size=6305792 bytes (15.4%)
(RDMA_READ_CONSUME_CHECK_CONSUMER) timestamp=2067 ms, used_size=6303744 bytes (15.4%)
(RDMA_READ_CONSUME_CHECK_CONSUMER) timestamp=2067 ms, used_size=6301696 bytes (15.4%)
(RDMA_READ_CONSUME_CHECK_CONSUMER) timestamp=2067 ms, used_size=6299648 bytes (15.4%)
(RDMA_READ_CONSUME_CHECK_CONSUMER) timestamp=2067 ms, used_size=6297600 bytes (15.4%)
(RDMA_READ_CONSUME_CHECK_CONSUMER) timestamp=2067 ms, used_size=6295552 bytes (15.4%)
(RDMA_READ_CONSUME_CHECK_CONSUMER) timestamp=2067 ms, used_size=6293504 bytes (15.4%)
(RDMA_READ_CONSUME_CHECK_CONSUMER) timestamp=2067 ms, used_size=6291456 bytes (15.4%)
(RDMA_READ_CONSUME_CHECK_CONSUMER) timestamp=2067 ms, used_size=6289408 bytes (15.4%)
(RDMA_READ_CONSUME_CHECK_CONSUMER) timestamp=2067 ms, used_size=6287360 bytes (15.3%)
(RDMA_READ_CONSUME_CHECK_CONSUMER) timestamp=2067 ms, used_size=6285312 bytes (15.3%)
(RDMA_READ_CONSUME_CHECK_CONSUMER) timestamp=2067 ms, used_size=6283264 bytes (15.3%)
(RDMA_READ_CONSUME_CHECK_CONSUMER) timestamp=2067 ms, used_size=6281216 bytes (15.3%)
(RDMA_READ_CONSUME_CHECK_CONSUMER) timestamp=2067 ms, used_size=6279168 bytes (15.3%)
(RDMA_READ_CONSUME_CHECK_CONSUMER) timestamp=2067 ms, used_size=6277120 bytes (15.3%)
(RDMA_READ_CONSUME_CHECK_CONSUMER) timestamp=2067 ms, used_size=6275072 bytes (15.3%)
(RDMA_READ_CONSUME_CHECK_CONSUMER) timestamp=2067 ms, used_size=6273024 bytes (15.3%)
(RDMA_READ_CONSUME_CHECK_CONSUMER) timestamp=2067 ms, used_size=6270976 bytes (15.3%)
(RDMA_READ_CONSUME_CHECK_CONSUMER) timestamp=2067 ms, used_size=6268928 bytes (15.3%)
(RDMA_READ_CONSUME_CHECK_CONSUMER) timestamp=2067 ms, used_size=6266880 bytes (15.3%)
(RDMA_READ_CONSUME_CHECK_CONSUMER) timestamp=2067 ms, used_size=6264832 bytes (15.3%)
(RDMA_READ_CONSUME_CHECK_CONSUMER) timestamp=2067 ms, used_size=6262784 bytes (15.3%)
(RDMA_READ_CONSUME_CHECK_CONSUMER) timestamp=2067 ms, used_size=6260736 bytes (15.3%)
(RDMA_READ_CONSUME_CHECK_CONSUMER) timestamp=2067 ms, used_size=6258688 bytes (15.3%)
(RDMA_READ_CONSUME_CHECK_CONSUMER) timestamp=2067 ms, used_size=6256640 bytes (15.3%)
(RDMA_READ_CONSUME_CHECK_CONSUMER) timestamp=2067 ms, used_size=6254592 bytes (15.3%)
(RDMA_READ_CONSUME_CHECK_CONSUMER) timestamp=2067 ms, used_size=6252544 bytes (15.3%)
(RDMA_READ_CONSUME_CHECK_CONSUMER) timestamp=2067 ms, used_size=6250496 bytes (15.3%)
(RDMA_READ_CONSUME_CHECK_CONSUMER) timestamp=2067 ms, used_size=6248448 bytes (15.3%)
(RDMA_READ_CONSUME_CHECK_CONSUMER) timestamp=2067 ms, used_size=6246400 bytes (15.2%)
(RDMA_READ_CONSUME_CHECK_CONSUMER) timestamp=2067 ms, used_size=6244352 bytes (15.2%)
(RDMA_READ_CONSUME_CHECK_CONSUMER) timestamp=2067 ms, used_size=6242304 bytes (15.2%)
(RDMA_READ_CONSUME_CHECK_CONSUMER) timestamp=2067 ms, used_size=6240256 bytes (15.2%)
(RDMA_READ_CONSUME_CHECK_CONSUMER) timestamp=2067 ms, used_size=6238208 bytes (15.2%)
(RDMA_READ_CONSUME_CHECK_CONSUMER) timestamp=2067 ms, used_size=6236160 bytes (15.2%)
(RDMA_READ_CONSUME_CHECK_CONSUMER) timestamp=2067 ms, used_size=6234112 bytes (15.2%)
(RDMA_READ_CONSUME_CHECK_CONSUMER) timestamp=2067 ms, used_size=6232064 bytes (15.2%)
(RDMA_READ_CONSUME_CHECK_CONSUMER) timestamp=2067 ms, used_size=6230016 bytes (15.2%)
(RDMA_READ_CONSUME_CHECK_CONSUMER) timestamp=2067 ms, used_size=6227968 bytes (15.2%)
(RDMA_READ_CONSUME_CHECK_CONSUMER) timestamp=2067 ms, used_size=6225920 bytes (15.2%)
(RDMA_READ_CONSUME_CHECK_CONSUMER) timestamp=2067 ms, used_size=6223872 bytes (15.2%)
(RDMA_READ_CONSUME_CHECK_CONSUMER) timestamp=2067 ms, used_size=6221824 bytes (15.2%)
(RDMA_READ_CONSUME_CHECK_CONSUMER) timestamp=2067 ms, used_size=6219776 bytes (15.2%)
(RDMA_READ_CONSUME_CHECK_CONSUMER) timestamp=2067 ms, used_size=6217728 bytes (15.2%)
(RDMA_READ_CONSUME_CHECK_CONSUMER) timestamp=2067 ms, used_size=6215680 bytes (15.2%)
(RDMA_READ_CONSUME_CHECK_CONSUMER) timestamp=2067 ms, used_size=6213632 bytes (15.2%)
(RDMA_READ_CONSUME_CHECK_CONSUMER) timestamp=2067 ms, used_size=6211584 bytes (15.2%)
(RDMA_READ_CONSUME_CHECK_CONSUMER) timestamp=2067 ms, used_size=6209536 bytes (15.2%)
(RDMA_READ_CONSUME_CHECK_CONSUMER) timestamp=2067 ms, used_size=6207488 bytes (15.2%)
(RDMA_READ_CONSUME_CHECK_CONSUMER) timestamp=2067 ms, used_size=6205440 bytes (15.2%)
(RDMA_READ_CONSUME_CHECK_CONSUMER) timestamp=2067 ms, used_size=6203392 bytes (15.1%)
(RDMA_READ_CONSUME_CHECK_CONSUMER) timestamp=2067 ms, used_size=6201344 bytes (15.1%)
(RDMA_READ_CONSUME_CHECK_CONSUMER) timestamp=2067 ms, used_size=6199296 bytes (15.1%)
(RDMA_READ_CONSUME_CHECK_CONSUMER) timestamp=2067 ms, used_size=6197248 bytes (15.1%)
(RDMA_READ_CONSUME_CHECK_CONSUMER) timestamp=2067 ms, used_size=6195200 bytes (15.1%)
(RDMA_READ_CONSUME_CHECK_CONSUMER) timestamp=2067 ms, used_size=6193152 bytes (15.1%)
(RDMA_READ_CONSUME_CHECK_CONSUMER) timestamp=2067 ms, used_size=6191104 bytes (15.1%)
(RDMA_READ_CONSUME_CHECK_CONSUMER) timestamp=2067 ms, used_size=6189056 bytes (15.1%)
(RDMA_READ_CONSUME_CHECK_CONSUMER) timestamp=2067 ms, used_size=6187008 bytes (15.1%)
(RDMA_READ_CONSUME_CHECK_CONSUMER) timestamp=2067 ms, used_size=6184960 bytes (15.1%)
(RDMA_READ_CONSUME_CHECK_CONSUMER) timestamp=2067 ms, used_size=6182912 bytes (15.1%)
(RDMA_READ_CONSUME_CHECK_CONSUMER) timestamp=2067 ms, used_size=6180864 bytes (15.1%)
(RDMA_READ_CONSUME_CHECK_CONSUMER) timestamp=2067 ms, used_size=6178816 bytes (15.1%)
(RDMA_READ_CONSUME_CHECK_CONSUMER) timestamp=2067 ms, used_size=6176768 bytes (15.1%)
(RDMA_READ_CONSUME_CHECK_CONSUMER) timestamp=2067 ms, used_size=6174720 bytes (15.1%)
(RDMA_READ_CONSUME_CHECK_CONSUMER) timestamp=2067 ms, used_size=6172672 bytes (15.1%)
(RDMA_READ_CONSUME_CHECK_CONSUMER) timestamp=2067 ms, used_size=6170624 bytes (15.1%)
(RDMA_READ_CONSUME_CHECK_CONSUMER) timestamp=2067 ms, used_size=6168576 bytes (15.1%)
(RDMA_READ_CONSUME_CHECK_CONSUMER) timestamp=2067 ms, used_size=6166528 bytes (15.1%)
(RDMA_READ_CONSUME_CHECK_CONSUMER) timestamp=2067 ms, used_size=6164480 bytes (15.1%)
(RDMA_READ_CONSUME_CHECK_CONSUMER) timestamp=2067 ms, used_size=6162432 bytes (15.0%)
(RDMA_READ_CONSUME_CHECK_CONSUMER) timestamp=2067 ms, used_size=6160384 bytes (15.0%)
(RDMA_READ_CONSUME_CHECK_CONSUMER) timestamp=2067 ms, used_size=6158336 bytes (15.0%)
(RDMA_READ_CONSUME_CHECK_CONSUMER) timestamp=2067 ms, used_size=6156288 bytes (15.0%)
(RDMA_READ_CONSUME_CHECK_CONSUMER) timestamp=2067 ms, used_size=6154240 bytes (15.0%)
(RDMA_READ_CONSUME_CHECK_CONSUMER) timestamp=2067 ms, used_size=6152192 bytes (15.0%)
(RDMA_READ_CONSUME_CHECK_CONSUMER) timestamp=2067 ms, used_size=6150144 bytes (15.0%)
(RDMA_READ_CONSUME_CHECK_CONSUMER) timestamp=2067 ms, used_size=6148096 bytes (15.0%)
(RDMA_READ_CONSUME_CHECK_CONSUMER) timestamp=2067 ms, used_size=6146048 bytes (15.0%)
(RDMA_READ_CONSUME_CHECK_CONSUMER) timestamp=2067 ms, used_size=6144000 bytes (15.0%)
(RDMA_READ_CONSUME_CHECK_CONSUMER) timestamp=2067 ms, used_size=6141952 bytes (15.0%)
(RDMA_READ_CONSUME_CHECK_CONSUMER) timestamp=2067 ms, used_size=6139904 bytes (15.0%)
(RDMA_READ_CONSUME_CHECK_CONSUMER) timestamp=2067 ms, used_size=6137856 bytes (15.0%)
(RDMA_READ_CONSUME_CHECK_CONSUMER) timestamp=2067 ms, used_size=6135808 bytes (15.0%)
(RDMA_READ_CONSUME_CHECK_CONSUMER) timestamp=2067 ms, used_size=6133760 bytes (15.0%)
(RDMA_READ_CONSUME_CHECK_CONSUMER) timestamp=2067 ms, used_size=6131712 bytes (15.0%)
(RDMA_READ_CONSUME_CHECK_CONSUMER) timestamp=2067 ms, used_size=6129664 bytes (15.0%)
(RDMA_READ_CONSUME_CHECK_CONSUMER) timestamp=2067 ms, used_size=6127616 bytes (15.0%)
(RDMA_READ_CONSUME_CHECK_CONSUMER) timestamp=2067 ms, used_size=6125568 bytes (15.0%)
(RDMA_READ_CONSUME_CHECK_CONSUMER) timestamp=2067 ms, used_size=6123520 bytes (14.9%)
(RDMA_READ_CONSUME_CHECK_CONSUMER) timestamp=2067 ms, used_size=6121472 bytes (14.9%)
(RDMA_READ_CONSUME_CHECK_CONSUMER) timestamp=2067 ms, used_size=6119424 bytes (14.9%)
(RDMA_READ_CONSUME_CHECK_CONSUMER) timestamp=2067 ms, used_size=6117376 bytes (14.9%)
(RDMA_READ_CONSUME_CHECK_CONSUMER) timestamp=2067 ms, used_size=6115328 bytes (14.9%)
(RDMA_READ_CONSUME_CHECK_CONSUMER) timestamp=2067 ms, used_size=6113280 bytes (14.9%)
(RDMA_READ_CONSUME_CHECK_CONSUMER) timestamp=2067 ms, used_size=6111232 bytes (14.9%)
(RDMA_READ_CONSUME_CHECK_CONSUMER) timestamp=2067 ms, used_size=6109184 bytes (14.9%)
(RDMA_READ_CONSUME_CHECK_CONSUMER) timestamp=2067 ms, used_size=6107136 bytes (14.9%)
(RDMA_READ_CONSUME_CHECK_CONSUMER) timestamp=2067 ms, used_size=6105088 bytes (14.9%)
(RDMA_READ_CONSUME_CHECK_CONSUMER) timestamp=2067 ms, used_size=6103040 bytes (14.9%)
(RDMA_READ_CONSUME_CHECK_CONSUMER) timestamp=2067 ms, used_size=6100992 bytes (14.9%)
(RDMA_READ_CONSUME_CHECK_CONSUMER) timestamp=2067 ms, used_size=6098944 bytes (14.9%)
(RDMA_READ_CONSUME_CHECK_CONSUMER) timestamp=2067 ms, used_size=6096896 bytes (14.9%)
(RDMA_READ_CONSUME_CHECK_CONSUMER) timestamp=2067 ms, used_size=6094848 bytes (14.9%)
(RDMA_READ_CONSUME_CHECK_CONSUMER) timestamp=2067 ms, used_size=6092800 bytes (14.9%)
(RDMA_READ_CONSUME_CHECK_CONSUMER) timestamp=2067 ms, used_size=6090752 bytes (14.9%)
(RDMA_READ_CONSUME_CHECK_CONSUMER) timestamp=2067 ms, used_size=6088704 bytes (14.9%)
(RDMA_READ_CONSUME_CHECK_CONSUMER) timestamp=2067 ms, used_size=6086656 bytes (14.9%)
(RDMA_READ_CONSUME_CHECK_CONSUMER) timestamp=2067 ms, used_size=6084608 bytes (14.9%)
(RDMA_READ_CONSUME_CHECK_CONSUMER) timestamp=2067 ms, used_size=6082560 bytes (14.8%)
(RDMA_READ_CONSUME_CHECK_CONSUMER) timestamp=2067 ms, used_size=6080512 bytes (14.8%)
(RDMA_READ_CONSUME_CHECK_CONSUMER) timestamp=2067 ms, used_size=6078464 bytes (14.8%)
(RDMA_READ_CONSUME_CHECK_CONSUMER) timestamp=2067 ms, used_size=6076416 bytes (14.8%)
(RDMA_READ_CONSUME_CHECK_CONSUMER) timestamp=2068 ms, used_size=6074368 bytes (14.8%)
(RDMA_READ_CONSUME_CHECK_CONSUMER) timestamp=2068 ms, used_size=6072320 bytes (14.8%)
(RDMA_READ_CONSUME_CHECK_CONSUMER) timestamp=2068 ms, used_size=6070272 bytes (14.8%)
(RDMA_READ_CONSUME_CHECK_CONSUMER) timestamp=2068 ms, used_size=6068224 bytes (14.8%)
(RDMA_READ_CONSUME_CHECK_CONSUMER) timestamp=2068 ms, used_size=6066176 bytes (14.8%)
(RDMA_READ_CONSUME_CHECK_CONSUMER) timestamp=2068 ms, used_size=6064128 bytes (14.8%)
(RDMA_READ_CONSUME_CHECK_CONSUMER) timestamp=2068 ms, used_size=6062080 bytes (14.8%)
(RDMA_READ_CONSUME_CHECK_CONSUMER) timestamp=2068 ms, used_size=6060032 bytes (14.8%)
(RDMA_READ_CONSUME_CHECK_CONSUMER) timestamp=2068 ms, used_size=6057984 bytes (14.8%)
(RDMA_READ_CONSUME_CHECK_CONSUMER) timestamp=2068 ms, used_size=6055936 bytes (14.8%)
(RDMA_READ_CONSUME_CHECK_CONSUMER) timestamp=2068 ms, used_size=6053888 bytes (14.8%)
(RDMA_READ_CONSUME_CHECK_CONSUMER) timestamp=2068 ms, used_size=6051840 bytes (14.8%)
(RDMA_READ_CONSUME_CHECK_CONSUMER) timestamp=2068 ms, used_size=6049792 bytes (14.8%)
(RDMA_READ_CONSUME_CHECK_CONSUMER) timestamp=2068 ms, used_size=6047744 bytes (14.8%)
(RDMA_READ_CONSUME_CHECK_CONSUMER) timestamp=2068 ms, used_size=6045696 bytes (14.8%)
(RDMA_READ_CONSUME_CHECK_CONSUMER) timestamp=2068 ms, used_size=6043648 bytes (14.8%)
(RDMA_READ_CONSUME_CHECK_CONSUMER) timestamp=2068 ms, used_size=6041600 bytes (14.8%)
(RDMA_READ_CONSUME_CHECK_CONSUMER) timestamp=2068 ms, used_size=6039552 bytes (14.7%)
(RDMA_READ_CONSUME_CHECK_CONSUMER) timestamp=2068 ms, used_size=6037504 bytes (14.7%)
(RDMA_READ_CONSUME_CHECK_CONSUMER) timestamp=2068 ms, used_size=6035456 bytes (14.7%)
(RDMA_READ_CONSUME_CHECK_CONSUMER) timestamp=2068 ms, used_size=6033408 bytes (14.7%)
(RDMA_READ_CONSUME_CHECK_CONSUMER) timestamp=2068 ms, used_size=6031360 bytes (14.7%)
(RDMA_READ_CONSUME_CHECK_CONSUMER) timestamp=2068 ms, used_size=6029312 bytes (14.7%)
(RDMA_READ_CONSUME_CHECK_CONSUMER) timestamp=2068 ms, used_size=6027264 bytes (14.7%)
(RDMA_READ_CONSUME_CHECK_CONSUMER) timestamp=2068 ms, used_size=6025216 bytes (14.7%)
(RDMA_READ_CONSUME_CHECK_CONSUMER) timestamp=2068 ms, used_size=6023168 bytes (14.7%)
(RDMA_READ_CONSUME_CHECK_CONSUMER) timestamp=2068 ms, used_size=6021120 bytes (14.7%)
(RDMA_READ_CONSUME_CHECK_CONSUMER) timestamp=2068 ms, used_size=6019072 bytes (14.7%)
(RDMA_READ_CONSUME_CHECK_CONSUMER) timestamp=2068 ms, used_size=6017024 bytes (14.7%)
(RDMA_READ_CONSUME_CHECK_CONSUMER) timestamp=2068 ms, used_size=6014976 bytes (14.7%)
(RDMA_READ_CONSUME_CHECK_CONSUMER) timestamp=2068 ms, used_size=6012928 bytes (14.7%)
(RDMA_READ_CONSUME_CHECK_CONSUMER) timestamp=2068 ms, used_size=6010880 bytes (14.7%)
(RDMA_READ_CONSUME_CHECK_CONSUMER) timestamp=2068 ms, used_size=6008832 bytes (14.7%)
(RDMA_READ_CONSUME_CHECK_CONSUMER) timestamp=2068 ms, used_size=6006784 bytes (14.7%)
(RDMA_READ_CONSUME_CHECK_CONSUMER) timestamp=2068 ms, used_size=6004736 bytes (14.7%)
(RDMA_READ_CONSUME_CHECK_CONSUMER) timestamp=2068 ms, used_size=6002688 bytes (14.7%)
(RDMA_READ_CONSUME_CHECK_CONSUMER) timestamp=2068 ms, used_size=6000640 bytes (14.7%)
(RDMA_READ_CONSUME_CHECK_CONSUMER) timestamp=2068 ms, used_size=5998592 bytes (14.6%)
(RDMA_READ_CONSUME_CHECK_CONSUMER) timestamp=2068 ms, used_size=5996544 bytes (14.6%)
(RDMA_READ_CONSUME_CHECK_CONSUMER) timestamp=2068 ms, used_size=5994496 bytes (14.6%)
(RDMA_READ_CONSUME_CHECK_CONSUMER) timestamp=2068 ms, used_size=5992448 bytes (14.6%)
(RDMA_READ_CONSUME_CHECK_CONSUMER) timestamp=2068 ms, used_size=5990400 bytes (14.6%)
(RDMA_READ_CONSUME_CHECK_CONSUMER) timestamp=2068 ms, used_size=5988352 bytes (14.6%)
(RDMA_READ_CONSUME_CHECK_CONSUMER) timestamp=2068 ms, used_size=5986304 bytes (14.6%)
(RDMA_READ_CONSUME_CHECK_CONSUMER) timestamp=2068 ms, used_size=5984256 bytes (14.6%)
(RDMA_READ_CONSUME_CHECK_CONSUMER) timestamp=2068 ms, used_size=5982208 bytes (14.6%)
(RDMA_READ_CONSUME_CHECK_CONSUMER) timestamp=2068 ms, used_size=5980160 bytes (14.6%)
(RDMA_READ_CONSUME_CHECK_CONSUMER) timestamp=2068 ms, used_size=5978112 bytes (14.6%)
(RDMA_READ_CONSUME_CHECK_CONSUMER) timestamp=2068 ms, used_size=5976064 bytes (14.6%)
(RDMA_READ_CONSUME_CHECK_CONSUMER) timestamp=2068 ms, used_size=5974016 bytes (14.6%)
(RDMA_READ_CONSUME_CHECK_CONSUMER) timestamp=2068 ms, used_size=5971968 bytes (14.6%)
(RDMA_READ_CONSUME_CHECK_CONSUMER) timestamp=2068 ms, used_size=5969920 bytes (14.6%)
(RDMA_READ_CONSUME_CHECK_CONSUMER) timestamp=2068 ms, used_size=5967872 bytes (14.6%)
(RDMA_READ_CONSUME_CHECK_CONSUMER) timestamp=2068 ms, used_size=5965824 bytes (14.6%)
(RDMA_READ_CONSUME_CHECK_CONSUMER) timestamp=2068 ms, used_size=5963776 bytes (14.6%)
(RDMA_READ_CONSUME_CHECK_CONSUMER) timestamp=2068 ms, used_size=5961728 bytes (14.6%)
(RDMA_READ_CONSUME_CHECK_CONSUMER) timestamp=2068 ms, used_size=5959680 bytes (14.6%)
(RDMA_READ_CONSUME_CHECK_CONSUMER) timestamp=2068 ms, used_size=5957632 bytes (14.5%)
(RDMA_READ_CONSUME_CHECK_CONSUMER) timestamp=2068 ms, used_size=5955584 bytes (14.5%)
(RDMA_READ_CONSUME_CHECK_CONSUMER) timestamp=2068 ms, used_size=5953536 bytes (14.5%)
(RDMA_READ_CONSUME_CHECK_CONSUMER) timestamp=2068 ms, used_size=5951488 bytes (14.5%)
(RDMA_READ_CONSUME_CHECK_CONSUMER) timestamp=2068 ms, used_size=5949440 bytes (14.5%)
(RDMA_READ_CONSUME_CHECK_CONSUMER) timestamp=2068 ms, used_size=5947392 bytes (14.5%)
(RDMA_READ_CONSUME_CHECK_CONSUMER) timestamp=2068 ms, used_size=5945344 bytes (14.5%)
(RDMA_READ_CONSUME_CHECK_CONSUMER) timestamp=2068 ms, used_size=5943296 bytes (14.5%)
(RDMA_READ_CONSUME_CHECK_CONSUMER) timestamp=2068 ms, used_size=5941248 bytes (14.5%)
(RDMA_READ_CONSUME_CHECK_CONSUMER) timestamp=2068 ms, used_size=5939200 bytes (14.5%)
(RDMA_READ_CONSUME_CHECK_CONSUMER) timestamp=2068 ms, used_size=5937152 bytes (14.5%)
(RDMA_READ_CONSUME_CHECK_CONSUMER) timestamp=2068 ms, used_size=5935104 bytes (14.5%)
(RDMA_READ_CONSUME_CHECK_CONSUMER) timestamp=2068 ms, used_size=5933056 bytes (14.5%)
(RDMA_READ_CONSUME_CHECK_CONSUMER) timestamp=2068 ms, used_size=5931008 bytes (14.5%)
(RDMA_READ_CONSUME_CHECK_CONSUMER) timestamp=2068 ms, used_size=5928960 bytes (14.5%)
(RDMA_READ_CONSUME_CHECK_CONSUMER) timestamp=2068 ms, used_size=5926912 bytes (14.5%)
(RDMA_READ_CONSUME_CHECK_CONSUMER) timestamp=2068 ms, used_size=5924864 bytes (14.5%)
(RDMA_READ_CONSUME_CHECK_CONSUMER) timestamp=2068 ms, used_size=5922816 bytes (14.5%)
(RDMA_READ_CONSUME_CHECK_CONSUMER) timestamp=2068 ms, used_size=5920768 bytes (14.5%)
(RDMA_READ_CONSUME_CHECK_CONSUMER) timestamp=2068 ms, used_size=5918720 bytes (14.4%)
(RDMA_READ_CONSUME_CHECK_CONSUMER) timestamp=2068 ms, used_size=5916672 bytes (14.4%)
(RDMA_READ_CONSUME_CHECK_CONSUMER) timestamp=2068 ms, used_size=5914624 bytes (14.4%)
(RDMA_READ_CONSUME_CHECK_CONSUMER) timestamp=2068 ms, used_size=5912576 bytes (14.4%)
(RDMA_READ_CONSUME_CHECK_CONSUMER) timestamp=2068 ms, used_size=5910528 bytes (14.4%)
(RDMA_READ_CONSUME_CHECK_CONSUMER) timestamp=2068 ms, used_size=5908480 bytes (14.4%)
(RDMA_READ_CONSUME_CHECK_CONSUMER) timestamp=2068 ms, used_size=5906432 bytes (14.4%)
(RDMA_READ_CONSUME_CHECK_CONSUMER) timestamp=2068 ms, used_size=5904384 bytes (14.4%)
(RDMA_READ_CONSUME_CHECK_CONSUMER) timestamp=2068 ms, used_size=5902336 bytes (14.4%)
(RDMA_READ_CONSUME_CHECK_CONSUMER) timestamp=2068 ms, used_size=5900288 bytes (14.4%)
(RDMA_READ_CONSUME_CHECK_CONSUMER) timestamp=2068 ms, used_size=5898240 bytes (14.4%)
(RDMA_READ_CONSUME_CHECK_CONSUMER) timestamp=2068 ms, used_size=5896192 bytes (14.4%)
(RDMA_READ_CONSUME_CHECK_CONSUMER) timestamp=2068 ms, used_size=5894144 bytes (14.4%)
(RDMA_READ_CONSUME_CHECK_CONSUMER) timestamp=2068 ms, used_size=5892096 bytes (14.4%)
(RDMA_READ_CONSUME_CHECK_CONSUMER) timestamp=2068 ms, used_size=5890048 bytes (14.4%)
(RDMA_READ_CONSUME_CHECK_CONSUMER) timestamp=2068 ms, used_size=5888000 bytes (14.4%)
(RDMA_READ_CONSUME_CHECK_CONSUMER) timestamp=2068 ms, used_size=5885952 bytes (14.4%)
(RDMA_READ_CONSUME_CHECK_CONSUMER) timestamp=2068 ms, used_size=5883904 bytes (14.4%)
(RDMA_READ_CONSUME_CHECK_CONSUMER) timestamp=2068 ms, used_size=5881856 bytes (14.4%)
(RDMA_READ_CONSUME_CHECK_CONSUMER) timestamp=2068 ms, used_size=5879808 bytes (14.4%)
(RDMA_READ_CONSUME_CHECK_CONSUMER) timestamp=2068 ms, used_size=5877760 bytes (14.3%)
(RDMA_READ_CONSUME_CHECK_CONSUMER) timestamp=2068 ms, used_size=5875712 bytes (14.3%)
(RDMA_READ_CONSUME_CHECK_CONSUMER) timestamp=2068 ms, used_size=5873664 bytes (14.3%)
(RDMA_READ_CONSUME_CHECK_CONSUMER) timestamp=2068 ms, used_size=5871616 bytes (14.3%)
(RDMA_READ_CONSUME_CHECK_CONSUMER) timestamp=2068 ms, used_size=5869568 bytes (14.3%)
(RDMA_READ_CONSUME_CHECK_CONSUMER) timestamp=2068 ms, used_size=5867520 bytes (14.3%)
(RDMA_READ_CONSUME_CHECK_CONSUMER) timestamp=2068 ms, used_size=5865472 bytes (14.3%)
(RDMA_READ_CONSUME_CHECK_CONSUMER) timestamp=2068 ms, used_size=5863424 bytes (14.3%)
(RDMA_READ_CONSUME_CHECK_CONSUMER) timestamp=2068 ms, used_size=5861376 bytes (14.3%)
(RDMA_READ_CONSUME_CHECK_CONSUMER) timestamp=2068 ms, used_size=5859328 bytes (14.3%)
(RDMA_READ_CONSUME_CHECK_CONSUMER) timestamp=2068 ms, used_size=5857280 bytes (14.3%)
(RDMA_READ_CONSUME_CHECK_CONSUMER) timestamp=2068 ms, used_size=5855232 bytes (14.3%)
(RDMA_READ_CONSUME_CHECK_CONSUMER) timestamp=2068 ms, used_size=5853184 bytes (14.3%)
(RDMA_READ_CONSUME_CHECK_CONSUMER) timestamp=2068 ms, used_size=5851136 bytes (14.3%)
(RDMA_READ_CONSUME_CHECK_CONSUMER) timestamp=2068 ms, used_size=5849088 bytes (14.3%)
(RDMA_READ_CONSUME_CHECK_CONSUMER) timestamp=2068 ms, used_size=5847040 bytes (14.3%)
(RDMA_READ_CONSUME_CHECK_CONSUMER) timestamp=2068 ms, used_size=5844992 bytes (14.3%)
(RDMA_READ_CONSUME_CHECK_CONSUMER) timestamp=2068 ms, used_size=5842944 bytes (14.3%)
(RDMA_READ_CONSUME_CHECK_CONSUMER) timestamp=2068 ms, used_size=5840896 bytes (14.3%)
(RDMA_READ_CONSUME_CHECK_CONSUMER) timestamp=2068 ms, used_size=5838848 bytes (14.3%)
(RDMA_READ_CONSUME_CHECK_CONSUMER) timestamp=2068 ms, used_size=5836800 bytes (14.2%)
(RDMA_READ_CONSUME_CHECK_CONSUMER) timestamp=2068 ms, used_size=5834752 bytes (14.2%)
(RDMA_READ_CONSUME_CHECK_CONSUMER) timestamp=2068 ms, used_size=5832704 bytes (14.2%)
(RDMA_READ_CONSUME_CHECK_CONSUMER) timestamp=2068 ms, used_size=5830656 bytes (14.2%)
(RDMA_READ_CONSUME_CHECK_CONSUMER) timestamp=2068 ms, used_size=5828608 bytes (14.2%)
(RDMA_READ_CONSUME_CHECK_CONSUMER) timestamp=2068 ms, used_size=5826560 bytes (14.2%)
(RDMA_READ_CONSUME_CHECK_CONSUMER) timestamp=2068 ms, used_size=5824512 bytes (14.2%)
(RDMA_READ_CONSUME_CHECK_CONSUMER) timestamp=2068 ms, used_size=5822464 bytes (14.2%)
(RDMA_READ_CONSUME_CHECK_CONSUMER) timestamp=2068 ms, used_size=5820416 bytes (14.2%)
(RDMA_READ_CONSUME_CHECK_CONSUMER) timestamp=2068 ms, used_size=5818368 bytes (14.2%)
(RDMA_READ_CONSUME_CHECK_CONSUMER) timestamp=2068 ms, used_size=5816320 bytes (14.2%)
(RDMA_READ_CONSUME_CHECK_CONSUMER) timestamp=2068 ms, used_size=5814272 bytes (14.2%)
(RDMA_READ_CONSUME_CHECK_CONSUMER) timestamp=2068 ms, used_size=5812224 bytes (14.2%)
(RDMA_READ_CONSUME_CHECK_CONSUMER) timestamp=2068 ms, used_size=5810176 bytes (14.2%)
(RDMA_READ_CONSUME_CHECK_CONSUMER) timestamp=2068 ms, used_size=5808128 bytes (14.2%)
(RDMA_READ_CONSUME_CHECK_CONSUMER) timestamp=2068 ms, used_size=5806080 bytes (14.2%)
(RDMA_READ_CONSUME_CHECK_CONSUMER) timestamp=2068 ms, used_size=5804032 bytes (14.2%)
(RDMA_READ_CONSUME_CHECK_CONSUMER) timestamp=2068 ms, used_size=5801984 bytes (14.2%)
(RDMA_READ_CONSUME_CHECK_CONSUMER) timestamp=2068 ms, used_size=5799936 bytes (14.2%)
(RDMA_READ_CONSUME_CHECK_CONSUMER) timestamp=2068 ms, used_size=5797888 bytes (14.2%)
(RDMA_READ_CONSUME_CHECK_CONSUMER) timestamp=2068 ms, used_size=5795840 bytes (14.2%)
(RDMA_READ_CONSUME_CHECK_CONSUMER) timestamp=2068 ms, used_size=5793792 bytes (14.1%)
(RDMA_READ_CONSUME_CHECK_CONSUMER) timestamp=2068 ms, used_size=5791744 bytes (14.1%)
(RDMA_READ_CONSUME_CHECK_CONSUMER) timestamp=2068 ms, used_size=5789696 bytes (14.1%)
(RDMA_READ_CONSUME_CHECK_CONSUMER) timestamp=2068 ms, used_size=5787648 bytes (14.1%)
(RDMA_READ_CONSUME_CHECK_CONSUMER) timestamp=2068 ms, used_size=5785600 bytes (14.1%)
(RDMA_READ_CONSUME_CHECK_CONSUMER) timestamp=2068 ms, used_size=5783552 bytes (14.1%)
(RDMA_READ_CONSUME_CHECK_CONSUMER) timestamp=2068 ms, used_size=5781504 bytes (14.1%)
(RDMA_READ_CONSUME_CHECK_CONSUMER) timestamp=2068 ms, used_size=5779456 bytes (14.1%)
(RDMA_READ_CONSUME_CHECK_CONSUMER) timestamp=2068 ms, used_size=5777408 bytes (14.1%)
(RDMA_READ_CONSUME_CHECK_CONSUMER) timestamp=2068 ms, used_size=5775360 bytes (14.1%)
(RDMA_READ_CONSUME_CHECK_CONSUMER) timestamp=2068 ms, used_size=5773312 bytes (14.1%)
(RDMA_READ_CONSUME_CHECK_CONSUMER) timestamp=2068 ms, used_size=5771264 bytes (14.1%)
(RDMA_READ_CONSUME_CHECK_CONSUMER) timestamp=2068 ms, used_size=5769216 bytes (14.1%)
(RDMA_READ_CONSUME_CHECK_CONSUMER) timestamp=2068 ms, used_size=5767168 bytes (14.1%)
(RDMA_READ_CONSUME_CHECK_CONSUMER) timestamp=2068 ms, used_size=5765120 bytes (14.1%)
(RDMA_READ_CONSUME_CHECK_CONSUMER) timestamp=2068 ms, used_size=5763072 bytes (14.1%)
(RDMA_READ_CONSUME_CHECK_CONSUMER) timestamp=2068 ms, used_size=5761024 bytes (14.1%)
(RDMA_READ_CONSUME_CHECK_CONSUMER) timestamp=2068 ms, used_size=5758976 bytes (14.1%)
(RDMA_READ_CONSUME_CHECK_CONSUMER) timestamp=2068 ms, used_size=5756928 bytes (14.1%)
(RDMA_READ_CONSUME_CHECK_CONSUMER) timestamp=2068 ms, used_size=5754880 bytes (14.1%)
(RDMA_READ_CONSUME_CHECK_CONSUMER) timestamp=2068 ms, used_size=5752832 bytes (14.0%)
(RDMA_READ_CONSUME_CHECK_CONSUMER) timestamp=2068 ms, used_size=5750784 bytes (14.0%)
(RDMA_READ_CONSUME_CHECK_CONSUMER) timestamp=2068 ms, used_size=5748736 bytes (14.0%)
(RDMA_READ_CONSUME_CHECK_CONSUMER) timestamp=2068 ms, used_size=5746688 bytes (14.0%)
(RDMA_READ_CONSUME_CHECK_CONSUMER) timestamp=2068 ms, used_size=5744640 bytes (14.0%)
(RDMA_READ_CONSUME_CHECK_CONSUMER) timestamp=2068 ms, used_size=5742592 bytes (14.0%)
(RDMA_READ_CONSUME_CHECK_CONSUMER) timestamp=2068 ms, used_size=5740544 bytes (14.0%)
(RDMA_READ_CONSUME_CHECK_CONSUMER) timestamp=2068 ms, used_size=5738496 bytes (14.0%)
(RDMA_READ_CONSUME_CHECK_CONSUMER) timestamp=2068 ms, used_size=5736448 bytes (14.0%)
(RDMA_READ_CONSUME_CHECK_CONSUMER) timestamp=2068 ms, used_size=5734400 bytes (14.0%)
(RDMA_READ_CONSUME_CHECK_CONSUMER) timestamp=2068 ms, used_size=5732352 bytes (14.0%)
(RDMA_READ_CONSUME_CHECK_CONSUMER) timestamp=2068 ms, used_size=5730304 bytes (14.0%)
(RDMA_READ_CONSUME_CHECK_CONSUMER) timestamp=2068 ms, used_size=5728256 bytes (14.0%)
(RDMA_READ_CONSUME_CHECK_CONSUMER) timestamp=2068 ms, used_size=5726208 bytes (14.0%)
(RDMA_READ_CONSUME_CHECK_CONSUMER) timestamp=2068 ms, used_size=5724160 bytes (14.0%)
(RDMA_READ_CONSUME_CHECK_CONSUMER) timestamp=2068 ms, used_size=5722112 bytes (14.0%)
(RDMA_READ_CONSUME_CHECK_CONSUMER) timestamp=2068 ms, used_size=5720064 bytes (14.0%)
(RDMA_READ_CONSUME_CHECK_CONSUMER) timestamp=2068 ms, used_size=5718016 bytes (14.0%)
(RDMA_READ_CONSUME_CHECK_CONSUMER) timestamp=2068 ms, used_size=5715968 bytes (14.0%)
(RDMA_READ_CONSUME_CHECK_CONSUMER) timestamp=2068 ms, used_size=5713920 bytes (13.9%)
(RDMA_READ_CONSUME_CHECK_CONSUMER) timestamp=2068 ms, used_size=5711872 bytes (13.9%)
(RDMA_READ_CONSUME_CHECK_CONSUMER) timestamp=2068 ms, used_size=5709824 bytes (13.9%)
(RDMA_READ_CONSUME_CHECK_CONSUMER) timestamp=2068 ms, used_size=5707776 bytes (13.9%)
(RDMA_READ_CONSUME_CHECK_CONSUMER) timestamp=2069 ms, used_size=5705728 bytes (13.9%)
(RDMA_READ_CONSUME_CHECK_CONSUMER) timestamp=2069 ms, used_size=5703680 bytes (13.9%)
(RDMA_READ_CONSUME_CHECK_CONSUMER) timestamp=2069 ms, used_size=5701632 bytes (13.9%)
(RDMA_READ_CONSUME_CHECK_CONSUMER) timestamp=2069 ms, used_size=5699584 bytes (13.9%)
(RDMA_READ_CONSUME_CHECK_CONSUMER) timestamp=2069 ms, used_size=5697536 bytes (13.9%)
(RDMA_READ_CONSUME_CHECK_CONSUMER) timestamp=2069 ms, used_size=5695488 bytes (13.9%)
(RDMA_READ_CONSUME_CHECK_CONSUMER) timestamp=2069 ms, used_size=5693440 bytes (13.9%)
(RDMA_READ_CONSUME_CHECK_CONSUMER) timestamp=2069 ms, used_size=5691392 bytes (13.9%)
(RDMA_READ_CONSUME_CHECK_CONSUMER) timestamp=2069 ms, used_size=5689344 bytes (13.9%)
(RDMA_READ_CONSUME_CHECK_CONSUMER) timestamp=2069 ms, used_size=5687296 bytes (13.9%)
(RDMA_READ_CONSUME_CHECK_CONSUMER) timestamp=2069 ms, used_size=5685248 bytes (13.9%)
(RDMA_READ_CONSUME_CHECK_CONSUMER) timestamp=2069 ms, used_size=5683200 bytes (13.9%)
(RDMA_READ_CONSUME_CHECK_CONSUMER) timestamp=2069 ms, used_size=5681152 bytes (13.9%)
(RDMA_READ_CONSUME_CHECK_CONSUMER) timestamp=2069 ms, used_size=5679104 bytes (13.9%)
(RDMA_READ_CONSUME_CHECK_CONSUMER) timestamp=2069 ms, used_size=5677056 bytes (13.9%)
(RDMA_READ_CONSUME_CHECK_CONSUMER) timestamp=2069 ms, used_size=5675008 bytes (13.9%)
(RDMA_READ_CONSUME_CHECK_CONSUMER) timestamp=2069 ms, used_size=5672960 bytes (13.8%)
(RDMA_READ_CONSUME_CHECK_CONSUMER) timestamp=2069 ms, used_size=5670912 bytes (13.8%)
(RDMA_READ_CONSUME_CHECK_CONSUMER) timestamp=2069 ms, used_size=5668864 bytes (13.8%)
(RDMA_READ_CONSUME_CHECK_CONSUMER) timestamp=2069 ms, used_size=5666816 bytes (13.8%)
(RDMA_READ_CONSUME_CHECK_CONSUMER) timestamp=2069 ms, used_size=5664768 bytes (13.8%)
(RDMA_READ_CONSUME_CHECK_CONSUMER) timestamp=2069 ms, used_size=5662720 bytes (13.8%)
(RDMA_READ_CONSUME_CHECK_CONSUMER) timestamp=2069 ms, used_size=5660672 bytes (13.8%)
(RDMA_READ_CONSUME_CHECK_CONSUMER) timestamp=2069 ms, used_size=5658624 bytes (13.8%)
(RDMA_READ_CONSUME_CHECK_CONSUMER) timestamp=2069 ms, used_size=5656576 bytes (13.8%)
(RDMA_READ_CONSUME_CHECK_CONSUMER) timestamp=2069 ms, used_size=5654528 bytes (13.8%)
(RDMA_READ_CONSUME_CHECK_CONSUMER) timestamp=2069 ms, used_size=5652480 bytes (13.8%)
(RDMA_READ_CONSUME_CHECK_CONSUMER) timestamp=2069 ms, used_size=5650432 bytes (13.8%)
(RDMA_READ_CONSUME_CHECK_CONSUMER) timestamp=2069 ms, used_size=5648384 bytes (13.8%)
(RDMA_READ_CONSUME_CHECK_CONSUMER) timestamp=2069 ms, used_size=5646336 bytes (13.8%)
(RDMA_READ_CONSUME_CHECK_CONSUMER) timestamp=2069 ms, used_size=5644288 bytes (13.8%)
(RDMA_READ_CONSUME_CHECK_CONSUMER) timestamp=2069 ms, used_size=5642240 bytes (13.8%)
(RDMA_READ_CONSUME_CHECK_CONSUMER) timestamp=2069 ms, used_size=5640192 bytes (13.8%)
(RDMA_READ_CONSUME_CHECK_CONSUMER) timestamp=2069 ms, used_size=5638144 bytes (13.8%)
(RDMA_READ_CONSUME_CHECK_CONSUMER) timestamp=2069 ms, used_size=5636096 bytes (13.8%)
(RDMA_READ_CONSUME_CHECK_CONSUMER) timestamp=2069 ms, used_size=5634048 bytes (13.8%)
(RDMA_READ_CONSUME_CHECK_CONSUMER) timestamp=2069 ms, used_size=5632000 bytes (13.8%)
(RDMA_READ_CONSUME_CHECK_CONSUMER) timestamp=2069 ms, used_size=5629952 bytes (13.7%)
(RDMA_READ_CONSUME_CHECK_CONSUMER) timestamp=2069 ms, used_size=5627904 bytes (13.7%)
(RDMA_READ_CONSUME_CHECK_CONSUMER) timestamp=2069 ms, used_size=5625856 bytes (13.7%)
(RDMA_READ_CONSUME_CHECK_CONSUMER) timestamp=2069 ms, used_size=5623808 bytes (13.7%)
(RDMA_READ_CONSUME_CHECK_CONSUMER) timestamp=2069 ms, used_size=5621760 bytes (13.7%)
(RDMA_READ_CONSUME_CHECK_CONSUMER) timestamp=2069 ms, used_size=5619712 bytes (13.7%)
(RDMA_READ_CONSUME_CHECK_CONSUMER) timestamp=2069 ms, used_size=5617664 bytes (13.7%)
(RDMA_READ_CONSUME_CHECK_CONSUMER) timestamp=2069 ms, used_size=5615616 bytes (13.7%)
(RDMA_READ_CONSUME_CHECK_CONSUMER) timestamp=2069 ms, used_size=5613568 bytes (13.7%)
(RDMA_READ_CONSUME_CHECK_CONSUMER) timestamp=2069 ms, used_size=5611520 bytes (13.7%)
(RDMA_READ_CONSUME_CHECK_CONSUMER) timestamp=2069 ms, used_size=5609472 bytes (13.7%)
(RDMA_READ_CONSUME_CHECK_CONSUMER) timestamp=2069 ms, used_size=5607424 bytes (13.7%)
(RDMA_READ_CONSUME_CHECK_CONSUMER) timestamp=2069 ms, used_size=5605376 bytes (13.7%)
(RDMA_READ_CONSUME_CHECK_CONSUMER) timestamp=2069 ms, used_size=5603328 bytes (13.7%)
(RDMA_READ_CONSUME_CHECK_CONSUMER) timestamp=2069 ms, used_size=5601280 bytes (13.7%)
(RDMA_READ_CONSUME_CHECK_CONSUMER) timestamp=2069 ms, used_size=5599232 bytes (13.7%)
(RDMA_READ_CONSUME_CHECK_CONSUMER) timestamp=2069 ms, used_size=5597184 bytes (13.7%)
(RDMA_READ_CONSUME_CHECK_CONSUMER) timestamp=2069 ms, used_size=5595136 bytes (13.7%)
(RDMA_READ_CONSUME_CHECK_CONSUMER) timestamp=2069 ms, used_size=5593088 bytes (13.7%)
(RDMA_READ_CONSUME_CHECK_CONSUMER) timestamp=2069 ms, used_size=5591040 bytes (13.7%)
(RDMA_READ_CONSUME_CHECK_CONSUMER) timestamp=2069 ms, used_size=5588992 bytes (13.6%)
(RDMA_READ_CONSUME_CHECK_CONSUMER) timestamp=2069 ms, used_size=5586944 bytes (13.6%)
(RDMA_READ_CONSUME_CHECK_CONSUMER) timestamp=2069 ms, used_size=5584896 bytes (13.6%)
(RDMA_READ_CONSUME_CHECK_CONSUMER) timestamp=2069 ms, used_size=5582848 bytes (13.6%)
(RDMA_READ_CONSUME_CHECK_CONSUMER) timestamp=2069 ms, used_size=5580800 bytes (13.6%)
(RDMA_READ_CONSUME_CHECK_CONSUMER) timestamp=2069 ms, used_size=5578752 bytes (13.6%)
(RDMA_READ_CONSUME_CHECK_CONSUMER) timestamp=2069 ms, used_size=5576704 bytes (13.6%)
(RDMA_READ_CONSUME_CHECK_CONSUMER) timestamp=2069 ms, used_size=5574656 bytes (13.6%)
(RDMA_READ_CONSUME_CHECK_CONSUMER) timestamp=2069 ms, used_size=5572608 bytes (13.6%)
(RDMA_READ_CONSUME_CHECK_CONSUMER) timestamp=2069 ms, used_size=5570560 bytes (13.6%)
(RDMA_READ_CONSUME_CHECK_CONSUMER) timestamp=2069 ms, used_size=5568512 bytes (13.6%)
(RDMA_READ_CONSUME_CHECK_CONSUMER) timestamp=2069 ms, used_size=5566464 bytes (13.6%)
(RDMA_READ_CONSUME_CHECK_CONSUMER) timestamp=2069 ms, used_size=5564416 bytes (13.6%)
(RDMA_READ_CONSUME_CHECK_CONSUMER) timestamp=2069 ms, used_size=5562368 bytes (13.6%)
(RDMA_READ_CONSUME_CHECK_CONSUMER) timestamp=2069 ms, used_size=5560320 bytes (13.6%)
(RDMA_READ_CONSUME_CHECK_CONSUMER) timestamp=2069 ms, used_size=5558272 bytes (13.6%)
(RDMA_READ_CONSUME_CHECK_CONSUMER) timestamp=2069 ms, used_size=5556224 bytes (13.6%)
(RDMA_READ_CONSUME_CHECK_CONSUMER) timestamp=2069 ms, used_size=5554176 bytes (13.6%)
(RDMA_READ_CONSUME_CHECK_CONSUMER) timestamp=2069 ms, used_size=5552128 bytes (13.6%)
(RDMA_READ_CONSUME_CHECK_CONSUMER) timestamp=2069 ms, used_size=5550080 bytes (13.6%)
(RDMA_READ_CONSUME_CHECK_CONSUMER) timestamp=2069 ms, used_size=5548032 bytes (13.5%)
(RDMA_READ_CONSUME_CHECK_CONSUMER) timestamp=2069 ms, used_size=5545984 bytes (13.5%)
(RDMA_READ_CONSUME_CHECK_CONSUMER) timestamp=2069 ms, used_size=5543936 bytes (13.5%)
(RDMA_READ_CONSUME_CHECK_CONSUMER) timestamp=2069 ms, used_size=5541888 bytes (13.5%)
(RDMA_READ_CONSUME_CHECK_CONSUMER) timestamp=2069 ms, used_size=5539840 bytes (13.5%)
(RDMA_READ_CONSUME_CHECK_CONSUMER) timestamp=2069 ms, used_size=5537792 bytes (13.5%)
(RDMA_READ_CONSUME_CHECK_CONSUMER) timestamp=2069 ms, used_size=5535744 bytes (13.5%)
(RDMA_READ_CONSUME_CHECK_CONSUMER) timestamp=2069 ms, used_size=5533696 bytes (13.5%)
(RDMA_READ_CONSUME_CHECK_CONSUMER) timestamp=2069 ms, used_size=5531648 bytes (13.5%)
(RDMA_READ_CONSUME_CHECK_CONSUMER) timestamp=2069 ms, used_size=5529600 bytes (13.5%)
(RDMA_READ_CONSUME_CHECK_CONSUMER) timestamp=2069 ms, used_size=5527552 bytes (13.5%)
(RDMA_READ_CONSUME_CHECK_CONSUMER) timestamp=2069 ms, used_size=5525504 bytes (13.5%)
(RDMA_READ_CONSUME_CHECK_CONSUMER) timestamp=2069 ms, used_size=5523456 bytes (13.5%)
(RDMA_READ_CONSUME_CHECK_CONSUMER) timestamp=2069 ms, used_size=5521408 bytes (13.5%)
(RDMA_READ_CONSUME_CHECK_CONSUMER) timestamp=2069 ms, used_size=5519360 bytes (13.5%)
(RDMA_READ_CONSUME_CHECK_CONSUMER) timestamp=2069 ms, used_size=5517312 bytes (13.5%)
(RDMA_READ_CONSUME_CHECK_CONSUMER) timestamp=2069 ms, used_size=5515264 bytes (13.5%)
(RDMA_READ_CONSUME_CHECK_CONSUMER) timestamp=2069 ms, used_size=5513216 bytes (13.5%)
(RDMA_READ_CONSUME_CHECK_CONSUMER) timestamp=2069 ms, used_size=5511168 bytes (13.5%)
(RDMA_READ_CONSUME_CHECK_CONSUMER) timestamp=2069 ms, used_size=5509120 bytes (13.4%)
(RDMA_READ_CONSUME_CHECK_CONSUMER) timestamp=2069 ms, used_size=5507072 bytes (13.4%)
(RDMA_READ_CONSUME_CHECK_CONSUMER) timestamp=2069 ms, used_size=5505024 bytes (13.4%)
(RDMA_READ_CONSUME_CHECK_CONSUMER) timestamp=2069 ms, used_size=5502976 bytes (13.4%)
(RDMA_READ_CONSUME_CHECK_CONSUMER) timestamp=2069 ms, used_size=5500928 bytes (13.4%)
(RDMA_READ_CONSUME_CHECK_CONSUMER) timestamp=2069 ms, used_size=5498880 bytes (13.4%)
(RDMA_READ_CONSUME_CHECK_CONSUMER) timestamp=2069 ms, used_size=5496832 bytes (13.4%)
(RDMA_READ_CONSUME_CHECK_CONSUMER) timestamp=2069 ms, used_size=5494784 bytes (13.4%)
(RDMA_READ_CONSUME_CHECK_CONSUMER) timestamp=2069 ms, used_size=5492736 bytes (13.4%)
(RDMA_READ_CONSUME_CHECK_CONSUMER) timestamp=2069 ms, used_size=5490688 bytes (13.4%)
(RDMA_READ_CONSUME_CHECK_CONSUMER) timestamp=2069 ms, used_size=5488640 bytes (13.4%)
(RDMA_READ_CONSUME_CHECK_CONSUMER) timestamp=2069 ms, used_size=5486592 bytes (13.4%)
(RDMA_READ_CONSUME_CHECK_CONSUMER) timestamp=2069 ms, used_size=5484544 bytes (13.4%)
(RDMA_READ_CONSUME_CHECK_CONSUMER) timestamp=2069 ms, used_size=5482496 bytes (13.4%)
(RDMA_READ_CONSUME_CHECK_CONSUMER) timestamp=2069 ms, used_size=5480448 bytes (13.4%)
(RDMA_READ_CONSUME_CHECK_CONSUMER) timestamp=2069 ms, used_size=5478400 bytes (13.4%)
(RDMA_READ_CONSUME_CHECK_CONSUMER) timestamp=2069 ms, used_size=5476352 bytes (13.4%)
(RDMA_READ_CONSUME_CHECK_CONSUMER) timestamp=2069 ms, used_size=5474304 bytes (13.4%)
(RDMA_READ_CONSUME_CHECK_CONSUMER) timestamp=2069 ms, used_size=5472256 bytes (13.4%)
(RDMA_READ_CONSUME_CHECK_CONSUMER) timestamp=2069 ms, used_size=5470208 bytes (13.4%)
(RDMA_READ_CONSUME_CHECK_CONSUMER) timestamp=2069 ms, used_size=5468160 bytes (13.3%)
(RDMA_READ_CONSUME_CHECK_CONSUMER) timestamp=2069 ms, used_size=5466112 bytes (13.3%)
(RDMA_READ_CONSUME_CHECK_CONSUMER) timestamp=2069 ms, used_size=5464064 bytes (13.3%)
(RDMA_READ_CONSUME_CHECK_CONSUMER) timestamp=2069 ms, used_size=5462016 bytes (13.3%)
(RDMA_READ_CONSUME_CHECK_CONSUMER) timestamp=2069 ms, used_size=5459968 bytes (13.3%)
(RDMA_READ_CONSUME_CHECK_CONSUMER) timestamp=2069 ms, used_size=5457920 bytes (13.3%)
(RDMA_READ_CONSUME_CHECK_CONSUMER) timestamp=2069 ms, used_size=5455872 bytes (13.3%)
(RDMA_READ_CONSUME_CHECK_CONSUMER) timestamp=2069 ms, used_size=5453824 bytes (13.3%)
(RDMA_READ_CONSUME_CHECK_CONSUMER) timestamp=2069 ms, used_size=5451776 bytes (13.3%)
(RDMA_READ_CONSUME_CHECK_CONSUMER) timestamp=2069 ms, used_size=5449728 bytes (13.3%)
(RDMA_READ_CONSUME_CHECK_CONSUMER) timestamp=2069 ms, used_size=5447680 bytes (13.3%)
(RDMA_READ_CONSUME_CHECK_CONSUMER) timestamp=2069 ms, used_size=5445632 bytes (13.3%)
(RDMA_READ_CONSUME_CHECK_CONSUMER) timestamp=2069 ms, used_size=5443584 bytes (13.3%)
(RDMA_READ_CONSUME_CHECK_CONSUMER) timestamp=2069 ms, used_size=5441536 bytes (13.3%)
(RDMA_READ_CONSUME_CHECK_CONSUMER) timestamp=2069 ms, used_size=5439488 bytes (13.3%)
(RDMA_READ_CONSUME_CHECK_CONSUMER) timestamp=2069 ms, used_size=5437440 bytes (13.3%)
(RDMA_READ_CONSUME_CHECK_CONSUMER) timestamp=2069 ms, used_size=5435392 bytes (13.3%)
(RDMA_READ_CONSUME_CHECK_CONSUMER) timestamp=2069 ms, used_size=5433344 bytes (13.3%)
(RDMA_READ_CONSUME_CHECK_CONSUMER) timestamp=2069 ms, used_size=5431296 bytes (13.3%)
(RDMA_READ_CONSUME_CHECK_CONSUMER) timestamp=2069 ms, used_size=5429248 bytes (13.3%)
(RDMA_READ_CONSUME_CHECK_CONSUMER) timestamp=2069 ms, used_size=5427200 bytes (13.2%)
(RDMA_READ_CONSUME_CHECK_CONSUMER) timestamp=2069 ms, used_size=5425152 bytes (13.2%)
(RDMA_READ_CONSUME_CHECK_CONSUMER) timestamp=2069 ms, used_size=5423104 bytes (13.2%)
(RDMA_READ_CONSUME_CHECK_CONSUMER) timestamp=2069 ms, used_size=5421056 bytes (13.2%)
(RDMA_READ_CONSUME_CHECK_CONSUMER) timestamp=2069 ms, used_size=5419008 bytes (13.2%)
(RDMA_READ_CONSUME_CHECK_CONSUMER) timestamp=2069 ms, used_size=5416960 bytes (13.2%)
(RDMA_READ_CONSUME_CHECK_CONSUMER) timestamp=2069 ms, used_size=5414912 bytes (13.2%)
(RDMA_READ_CONSUME_CHECK_CONSUMER) timestamp=2069 ms, used_size=5412864 bytes (13.2%)
(RDMA_READ_CONSUME_CHECK_CONSUMER) timestamp=2069 ms, used_size=5410816 bytes (13.2%)
(RDMA_READ_CONSUME_CHECK_CONSUMER) timestamp=2069 ms, used_size=5408768 bytes (13.2%)
(RDMA_READ_CONSUME_CHECK_CONSUMER) timestamp=2069 ms, used_size=5406720 bytes (13.2%)
(RDMA_READ_CONSUME_CHECK_CONSUMER) timestamp=2069 ms, used_size=5404672 bytes (13.2%)
(RDMA_READ_CONSUME_CHECK_CONSUMER) timestamp=2069 ms, used_size=5402624 bytes (13.2%)
(RDMA_READ_CONSUME_CHECK_CONSUMER) timestamp=2069 ms, used_size=5400576 bytes (13.2%)
(RDMA_READ_CONSUME_CHECK_CONSUMER) timestamp=2069 ms, used_size=5398528 bytes (13.2%)
(RDMA_READ_CONSUME_CHECK_CONSUMER) timestamp=2069 ms, used_size=5396480 bytes (13.2%)
(RDMA_READ_CONSUME_CHECK_CONSUMER) timestamp=2069 ms, used_size=5394432 bytes (13.2%)
(RDMA_READ_CONSUME_CHECK_CONSUMER) timestamp=2069 ms, used_size=5392384 bytes (13.2%)
(RDMA_READ_CONSUME_CHECK_CONSUMER) timestamp=2069 ms, used_size=5390336 bytes (13.2%)
(RDMA_READ_CONSUME_CHECK_CONSUMER) timestamp=2069 ms, used_size=5388288 bytes (13.2%)
(RDMA_READ_CONSUME_CHECK_CONSUMER) timestamp=2069 ms, used_size=5386240 bytes (13.2%)
(RDMA_READ_CONSUME_CHECK_CONSUMER) timestamp=2069 ms, used_size=5384192 bytes (13.1%)
(RDMA_READ_CONSUME_CHECK_CONSUMER) timestamp=2069 ms, used_size=5382144 bytes (13.1%)
(RDMA_READ_CONSUME_CHECK_CONSUMER) timestamp=2069 ms, used_size=5380096 bytes (13.1%)
(RDMA_READ_CONSUME_CHECK_CONSUMER) timestamp=2069 ms, used_size=5378048 bytes (13.1%)
(RDMA_READ_CONSUME_CHECK_CONSUMER) timestamp=2069 ms, used_size=5376000 bytes (13.1%)
(RDMA_READ_CONSUME_CHECK_CONSUMER) timestamp=2069 ms, used_size=5373952 bytes (13.1%)
(RDMA_READ_CONSUME_CHECK_CONSUMER) timestamp=2069 ms, used_size=5371904 bytes (13.1%)
(RDMA_READ_CONSUME_CHECK_CONSUMER) timestamp=2069 ms, used_size=5369856 bytes (13.1%)
(RDMA_READ_CONSUME_CHECK_CONSUMER) timestamp=2069 ms, used_size=5367808 bytes (13.1%)
(RDMA_READ_CONSUME_CHECK_CONSUMER) timestamp=2069 ms, used_size=5365760 bytes (13.1%)
(RDMA_READ_CONSUME_CHECK_CONSUMER) timestamp=2069 ms, used_size=5363712 bytes (13.1%)
(RDMA_READ_CONSUME_CHECK_CONSUMER) timestamp=2069 ms, used_size=5361664 bytes (13.1%)
(RDMA_READ_CONSUME_CHECK_CONSUMER) timestamp=2069 ms, used_size=5359616 bytes (13.1%)
(RDMA_READ_CONSUME_CHECK_CONSUMER) timestamp=2069 ms, used_size=5357568 bytes (13.1%)
(RDMA_READ_CONSUME_CHECK_CONSUMER) timestamp=2069 ms, used_size=5355520 bytes (13.1%)
(RDMA_READ_CONSUME_CHECK_CONSUMER) timestamp=2069 ms, used_size=5353472 bytes (13.1%)
(RDMA_READ_CONSUME_CHECK_CONSUMER) timestamp=2069 ms, used_size=5351424 bytes (13.1%)
(RDMA_READ_CONSUME_CHECK_CONSUMER) timestamp=2069 ms, used_size=5349376 bytes (13.1%)
(RDMA_READ_CONSUME_CHECK_CONSUMER) timestamp=2069 ms, used_size=5347328 bytes (13.1%)
(RDMA_READ_CONSUME_CHECK_CONSUMER) timestamp=2069 ms, used_size=5345280 bytes (13.1%)
(RDMA_READ_CONSUME_CHECK_CONSUMER) timestamp=2069 ms, used_size=5343232 bytes (13.0%)
(RDMA_READ_CONSUME_CHECK_CONSUMER) timestamp=2069 ms, used_size=5341184 bytes (13.0%)
(RDMA_READ_CONSUME_CHECK_CONSUMER) timestamp=2069 ms, used_size=5339136 bytes (13.0%)
(RDMA_READ_CONSUME_CHECK_CONSUMER) timestamp=2069 ms, used_size=5337088 bytes (13.0%)
(RDMA_READ_CONSUME_CHECK_CONSUMER) timestamp=2070 ms, used_size=5335040 bytes (13.0%)
(RDMA_READ_CONSUME_CHECK_CONSUMER) timestamp=2070 ms, used_size=5332992 bytes (13.0%)
(RDMA_READ_CONSUME_CHECK_CONSUMER) timestamp=2070 ms, used_size=5330944 bytes (13.0%)
(RDMA_READ_CONSUME_CHECK_CONSUMER) timestamp=2070 ms, used_size=5328896 bytes (13.0%)
(RDMA_READ_CONSUME_CHECK_CONSUMER) timestamp=2070 ms, used_size=5326848 bytes (13.0%)
(RDMA_READ_CONSUME_CHECK_CONSUMER) timestamp=2070 ms, used_size=5324800 bytes (13.0%)
(RDMA_READ_CONSUME_CHECK_CONSUMER) timestamp=2070 ms, used_size=5322752 bytes (13.0%)
(RDMA_READ_CONSUME_CHECK_CONSUMER) timestamp=2070 ms, used_size=5320704 bytes (13.0%)
(RDMA_READ_CONSUME_CHECK_CONSUMER) timestamp=2070 ms, used_size=5318656 bytes (13.0%)
(RDMA_READ_CONSUME_CHECK_CONSUMER) timestamp=2070 ms, used_size=5316608 bytes (13.0%)
(RDMA_READ_CONSUME_CHECK_CONSUMER) timestamp=2070 ms, used_size=5314560 bytes (13.0%)
(RDMA_READ_CONSUME_CHECK_CONSUMER) timestamp=2070 ms, used_size=5312512 bytes (13.0%)
(RDMA_READ_CONSUME_CHECK_CONSUMER) timestamp=2070 ms, used_size=5310464 bytes (13.0%)
(RDMA_READ_CONSUME_CHECK_CONSUMER) timestamp=2070 ms, used_size=5308416 bytes (13.0%)
(RDMA_READ_CONSUME_CHECK_CONSUMER) timestamp=2070 ms, used_size=5306368 bytes (13.0%)
(RDMA_READ_CONSUME_CHECK_CONSUMER) timestamp=2070 ms, used_size=5304320 bytes (12.9%)
(RDMA_READ_CONSUME_CHECK_CONSUMER) timestamp=2070 ms, used_size=5302272 bytes (12.9%)
(RDMA_READ_CONSUME_CHECK_CONSUMER) timestamp=2070 ms, used_size=5300224 bytes (12.9%)
(RDMA_READ_CONSUME_CHECK_CONSUMER) timestamp=2070 ms, used_size=5298176 bytes (12.9%)
(RDMA_READ_CONSUME_CHECK_CONSUMER) timestamp=2070 ms, used_size=5296128 bytes (12.9%)
(RDMA_READ_CONSUME_CHECK_CONSUMER) timestamp=2070 ms, used_size=5294080 bytes (12.9%)
(RDMA_READ_CONSUME_CHECK_CONSUMER) timestamp=2070 ms, used_size=5292032 bytes (12.9%)
(RDMA_READ_CONSUME_CHECK_CONSUMER) timestamp=2070 ms, used_size=5289984 bytes (12.9%)
(RDMA_READ_CONSUME_CHECK_CONSUMER) timestamp=2070 ms, used_size=5287936 bytes (12.9%)
(RDMA_READ_CONSUME_CHECK_CONSUMER) timestamp=2070 ms, used_size=5285888 bytes (12.9%)
(RDMA_READ_CONSUME_CHECK_CONSUMER) timestamp=2070 ms, used_size=5283840 bytes (12.9%)
(RDMA_READ_CONSUME_CHECK_CONSUMER) timestamp=2070 ms, used_size=5281792 bytes (12.9%)
(RDMA_READ_CONSUME_CHECK_CONSUMER) timestamp=2070 ms, used_size=5279744 bytes (12.9%)
(RDMA_READ_CONSUME_CHECK_CONSUMER) timestamp=2070 ms, used_size=5277696 bytes (12.9%)
(RDMA_READ_CONSUME_CHECK_CONSUMER) timestamp=2070 ms, used_size=5275648 bytes (12.9%)
(RDMA_READ_CONSUME_CHECK_CONSUMER) timestamp=2070 ms, used_size=5273600 bytes (12.9%)
(RDMA_READ_CONSUME_CHECK_CONSUMER) timestamp=2070 ms, used_size=5271552 bytes (12.9%)
(RDMA_READ_CONSUME_CHECK_CONSUMER) timestamp=2070 ms, used_size=5269504 bytes (12.9%)
(RDMA_READ_CONSUME_CHECK_CONSUMER) timestamp=2070 ms, used_size=5267456 bytes (12.9%)
(RDMA_READ_CONSUME_CHECK_CONSUMER) timestamp=2070 ms, used_size=5265408 bytes (12.9%)
(RDMA_READ_CONSUME_CHECK_CONSUMER) timestamp=2070 ms, used_size=5263360 bytes (12.8%)
(RDMA_READ_CONSUME_CHECK_CONSUMER) timestamp=2070 ms, used_size=5261312 bytes (12.8%)
(RDMA_READ_CONSUME_CHECK_CONSUMER) timestamp=2070 ms, used_size=5259264 bytes (12.8%)
(RDMA_READ_CONSUME_CHECK_CONSUMER) timestamp=2070 ms, used_size=5257216 bytes (12.8%)
(RDMA_READ_CONSUME_CHECK_CONSUMER) timestamp=2070 ms, used_size=5255168 bytes (12.8%)
(RDMA_READ_CONSUME_CHECK_CONSUMER) timestamp=2070 ms, used_size=5253120 bytes (12.8%)
(RDMA_READ_CONSUME_CHECK_CONSUMER) timestamp=2070 ms, used_size=5251072 bytes (12.8%)
(RDMA_READ_CONSUME_CHECK_CONSUMER) timestamp=2070 ms, used_size=5249024 bytes (12.8%)
(RDMA_READ_CONSUME_CHECK_CONSUMER) timestamp=2070 ms, used_size=5246976 bytes (12.8%)
(RDMA_READ_CONSUME_CHECK_CONSUMER) timestamp=2070 ms, used_size=5244928 bytes (12.8%)
(RDMA_READ_CONSUME_CHECK_CONSUMER) timestamp=2070 ms, used_size=5242880 bytes (12.8%)
(RDMA_READ_CONSUME_CHECK_CONSUMER) timestamp=2070 ms, used_size=5240832 bytes (12.8%)
(RDMA_READ_CONSUME_CHECK_CONSUMER) timestamp=2070 ms, used_size=5238784 bytes (12.8%)
(RDMA_READ_CONSUME_CHECK_CONSUMER) timestamp=2070 ms, used_size=5236736 bytes (12.8%)
(RDMA_READ_CONSUME_CHECK_CONSUMER) timestamp=2070 ms, used_size=5234688 bytes (12.8%)
(RDMA_READ_CONSUME_CHECK_CONSUMER) timestamp=2070 ms, used_size=5232640 bytes (12.8%)
(RDMA_READ_CONSUME_CHECK_CONSUMER) timestamp=2070 ms, used_size=5230592 bytes (12.8%)
(RDMA_READ_CONSUME_CHECK_CONSUMER) timestamp=2070 ms, used_size=5228544 bytes (12.8%)
(RDMA_READ_CONSUME_CHECK_CONSUMER) timestamp=2070 ms, used_size=5226496 bytes (12.8%)
(RDMA_READ_CONSUME_CHECK_CONSUMER) timestamp=2070 ms, used_size=5224448 bytes (12.8%)
(RDMA_READ_CONSUME_CHECK_CONSUMER) timestamp=2070 ms, used_size=5222400 bytes (12.8%)
(RDMA_READ_CONSUME_CHECK_CONSUMER) timestamp=2070 ms, used_size=5220352 bytes (12.7%)
(RDMA_READ_CONSUME_CHECK_CONSUMER) timestamp=2070 ms, used_size=5218304 bytes (12.7%)
(RDMA_READ_CONSUME_CHECK_CONSUMER) timestamp=2070 ms, used_size=5216256 bytes (12.7%)
(RDMA_READ_CONSUME_CHECK_CONSUMER) timestamp=2070 ms, used_size=5214208 bytes (12.7%)
(RDMA_READ_CONSUME_CHECK_CONSUMER) timestamp=2070 ms, used_size=5212160 bytes (12.7%)
(RDMA_READ_CONSUME_CHECK_CONSUMER) timestamp=2070 ms, used_size=5210112 bytes (12.7%)
(RDMA_READ_CONSUME_CHECK_CONSUMER) timestamp=2070 ms, used_size=5208064 bytes (12.7%)
(RDMA_READ_CONSUME_CHECK_CONSUMER) timestamp=2070 ms, used_size=5206016 bytes (12.7%)
(RDMA_READ_CONSUME_CHECK_CONSUMER) timestamp=2070 ms, used_size=5203968 bytes (12.7%)
(RDMA_READ_CONSUME_CHECK_CONSUMER) timestamp=2070 ms, used_size=5201920 bytes (12.7%)
(RDMA_READ_CONSUME_CHECK_CONSUMER) timestamp=2070 ms, used_size=5199872 bytes (12.7%)
(RDMA_READ_CONSUME_CHECK_CONSUMER) timestamp=2070 ms, used_size=5197824 bytes (12.7%)
(RDMA_READ_CONSUME_CHECK_CONSUMER) timestamp=2070 ms, used_size=5195776 bytes (12.7%)
(RDMA_READ_CONSUME_CHECK_CONSUMER) timestamp=2070 ms, used_size=5193728 bytes (12.7%)
(RDMA_READ_CONSUME_CHECK_CONSUMER) timestamp=2070 ms, used_size=5191680 bytes (12.7%)
(RDMA_READ_CONSUME_CHECK_CONSUMER) timestamp=2070 ms, used_size=5189632 bytes (12.7%)
(RDMA_READ_CONSUME_CHECK_CONSUMER) timestamp=2070 ms, used_size=5187584 bytes (12.7%)
(RDMA_READ_CONSUME_CHECK_CONSUMER) timestamp=2070 ms, used_size=5185536 bytes (12.7%)
(RDMA_READ_CONSUME_CHECK_CONSUMER) timestamp=2070 ms, used_size=5183488 bytes (12.7%)
(RDMA_READ_CONSUME_CHECK_CONSUMER) timestamp=2070 ms, used_size=5181440 bytes (12.7%)
(RDMA_READ_CONSUME_CHECK_CONSUMER) timestamp=2070 ms, used_size=5179392 bytes (12.6%)
(RDMA_READ_CONSUME_CHECK_CONSUMER) timestamp=2070 ms, used_size=5177344 bytes (12.6%)
(RDMA_READ_CONSUME_CHECK_CONSUMER) timestamp=2070 ms, used_size=5175296 bytes (12.6%)
(RDMA_READ_CONSUME_CHECK_CONSUMER) timestamp=2070 ms, used_size=5173248 bytes (12.6%)
(RDMA_READ_CONSUME_CHECK_CONSUMER) timestamp=2070 ms, used_size=5171200 bytes (12.6%)
(RDMA_READ_CONSUME_CHECK_CONSUMER) timestamp=2070 ms, used_size=5169152 bytes (12.6%)
(RDMA_READ_CONSUME_CHECK_CONSUMER) timestamp=2070 ms, used_size=5167104 bytes (12.6%)
(RDMA_READ_CONSUME_CHECK_CONSUMER) timestamp=2070 ms, used_size=5165056 bytes (12.6%)
(RDMA_READ_CONSUME_CHECK_CONSUMER) timestamp=2070 ms, used_size=5163008 bytes (12.6%)
(RDMA_READ_CONSUME_CHECK_CONSUMER) timestamp=2070 ms, used_size=5160960 bytes (12.6%)
(RDMA_READ_CONSUME_CHECK_CONSUMER) timestamp=2070 ms, used_size=5158912 bytes (12.6%)
(RDMA_READ_CONSUME_CHECK_CONSUMER) timestamp=2070 ms, used_size=5156864 bytes (12.6%)
(RDMA_READ_CONSUME_CHECK_CONSUMER) timestamp=2070 ms, used_size=5154816 bytes (12.6%)
(RDMA_READ_CONSUME_CHECK_CONSUMER) timestamp=2070 ms, used_size=5152768 bytes (12.6%)
(RDMA_READ_CONSUME_CHECK_CONSUMER) timestamp=2070 ms, used_size=5150720 bytes (12.6%)
(RDMA_READ_CONSUME_CHECK_CONSUMER) timestamp=2070 ms, used_size=5148672 bytes (12.6%)
(RDMA_READ_CONSUME_CHECK_CONSUMER) timestamp=2070 ms, used_size=5146624 bytes (12.6%)
(RDMA_READ_CONSUME_CHECK_CONSUMER) timestamp=2070 ms, used_size=5144576 bytes (12.6%)
(RDMA_READ_CONSUME_CHECK_CONSUMER) timestamp=2070 ms, used_size=5142528 bytes (12.6%)
(RDMA_READ_CONSUME_CHECK_CONSUMER) timestamp=2070 ms, used_size=5140480 bytes (12.6%)
(RDMA_READ_CONSUME_CHECK_CONSUMER) timestamp=2070 ms, used_size=5138432 bytes (12.5%)
(RDMA_READ_CONSUME_CHECK_CONSUMER) timestamp=2070 ms, used_size=5136384 bytes (12.5%)
(RDMA_READ_CONSUME_CHECK_CONSUMER) timestamp=2070 ms, used_size=5134336 bytes (12.5%)
(RDMA_READ_CONSUME_CHECK_CONSUMER) timestamp=2070 ms, used_size=5132288 bytes (12.5%)
(RDMA_READ_CONSUME_CHECK_CONSUMER) timestamp=2070 ms, used_size=5130240 bytes (12.5%)
(RDMA_READ_CONSUME_CHECK_CONSUMER) timestamp=2070 ms, used_size=5128192 bytes (12.5%)
(RDMA_READ_CONSUME_CHECK_CONSUMER) timestamp=2070 ms, used_size=5126144 bytes (12.5%)
(RDMA_READ_CONSUME_CHECK_CONSUMER) timestamp=2070 ms, used_size=5124096 bytes (12.5%)
(RDMA_READ_CONSUME_CHECK_CONSUMER) timestamp=2070 ms, used_size=5122048 bytes (12.5%)
(RDMA_READ_CONSUME_CHECK_CONSUMER) timestamp=2070 ms, used_size=5120000 bytes (12.5%)
(RDMA_READ_CONSUME_CHECK_CONSUMER) timestamp=2070 ms, used_size=5117952 bytes (12.5%)
(RDMA_READ_CONSUME_CHECK_CONSUMER) timestamp=2070 ms, used_size=5115904 bytes (12.5%)
(RDMA_READ_CONSUME_CHECK_CONSUMER) timestamp=2070 ms, used_size=5113856 bytes (12.5%)
(RDMA_READ_CONSUME_CHECK_CONSUMER) timestamp=2070 ms, used_size=5111808 bytes (12.5%)
(RDMA_READ_CONSUME_CHECK_CONSUMER) timestamp=2070 ms, used_size=5109760 bytes (12.5%)
(RDMA_READ_CONSUME_CHECK_CONSUMER) timestamp=2070 ms, used_size=5107712 bytes (12.5%)
(RDMA_READ_CONSUME_CHECK_CONSUMER) timestamp=2070 ms, used_size=5105664 bytes (12.5%)
(RDMA_READ_CONSUME_CHECK_CONSUMER) timestamp=2070 ms, used_size=5103616 bytes (12.5%)
(RDMA_READ_CONSUME_CHECK_CONSUMER) timestamp=2070 ms, used_size=5101568 bytes (12.5%)
(RDMA_READ_CONSUME_CHECK_CONSUMER) timestamp=2070 ms, used_size=5099520 bytes (12.4%)
(RDMA_READ_CONSUME_CHECK_CONSUMER) timestamp=2070 ms, used_size=5097472 bytes (12.4%)
(RDMA_READ_CONSUME_CHECK_CONSUMER) timestamp=2070 ms, used_size=5095424 bytes (12.4%)
(RDMA_READ_CONSUME_CHECK_CONSUMER) timestamp=2070 ms, used_size=5093376 bytes (12.4%)
(RDMA_READ_CONSUME_CHECK_CONSUMER) timestamp=2070 ms, used_size=5091328 bytes (12.4%)
(RDMA_READ_CONSUME_CHECK_CONSUMER) timestamp=2070 ms, used_size=5089280 bytes (12.4%)
(RDMA_READ_CONSUME_CHECK_CONSUMER) timestamp=2070 ms, used_size=5087232 bytes (12.4%)
(RDMA_READ_CONSUME_CHECK_CONSUMER) timestamp=2070 ms, used_size=5085184 bytes (12.4%)
(RDMA_READ_CONSUME_CHECK_CONSUMER) timestamp=2070 ms, used_size=5083136 bytes (12.4%)
(RDMA_READ_CONSUME_CHECK_CONSUMER) timestamp=2070 ms, used_size=5081088 bytes (12.4%)
(RDMA_READ_CONSUME_CHECK_CONSUMER) timestamp=2070 ms, used_size=5079040 bytes (12.4%)
(RDMA_READ_CONSUME_CHECK_CONSUMER) timestamp=2070 ms, used_size=5076992 bytes (12.4%)
(RDMA_READ_CONSUME_CHECK_CONSUMER) timestamp=2070 ms, used_size=5074944 bytes (12.4%)
(RDMA_READ_CONSUME_CHECK_CONSUMER) timestamp=2070 ms, used_size=5072896 bytes (12.4%)
(RDMA_READ_CONSUME_CHECK_CONSUMER) timestamp=2070 ms, used_size=5070848 bytes (12.4%)
(RDMA_READ_CONSUME_CHECK_CONSUMER) timestamp=2070 ms, used_size=5068800 bytes (12.4%)
(RDMA_READ_CONSUME_CHECK_CONSUMER) timestamp=2070 ms, used_size=5066752 bytes (12.4%)
(RDMA_READ_CONSUME_CHECK_CONSUMER) timestamp=2070 ms, used_size=5064704 bytes (12.4%)
(RDMA_READ_CONSUME_CHECK_CONSUMER) timestamp=2070 ms, used_size=5062656 bytes (12.4%)
(RDMA_READ_CONSUME_CHECK_CONSUMER) timestamp=2070 ms, used_size=5060608 bytes (12.4%)
(RDMA_READ_CONSUME_CHECK_CONSUMER) timestamp=2070 ms, used_size=5058560 bytes (12.3%)
(RDMA_READ_CONSUME_CHECK_CONSUMER) timestamp=2070 ms, used_size=5056512 bytes (12.3%)
(RDMA_READ_CONSUME_CHECK_CONSUMER) timestamp=2070 ms, used_size=5054464 bytes (12.3%)
(RDMA_READ_CONSUME_CHECK_CONSUMER) timestamp=2070 ms, used_size=5052416 bytes (12.3%)
(RDMA_READ_CONSUME_CHECK_CONSUMER) timestamp=2070 ms, used_size=5050368 bytes (12.3%)
(RDMA_READ_CONSUME_CHECK_CONSUMER) timestamp=2070 ms, used_size=5048320 bytes (12.3%)
(RDMA_READ_CONSUME_CHECK_CONSUMER) timestamp=2070 ms, used_size=5046272 bytes (12.3%)
(RDMA_READ_CONSUME_CHECK_CONSUMER) timestamp=2070 ms, used_size=5044224 bytes (12.3%)
(RDMA_READ_CONSUME_CHECK_CONSUMER) timestamp=2070 ms, used_size=5042176 bytes (12.3%)
(RDMA_READ_CONSUME_CHECK_CONSUMER) timestamp=2070 ms, used_size=5040128 bytes (12.3%)
(RDMA_READ_CONSUME_CHECK_CONSUMER) timestamp=2070 ms, used_size=5038080 bytes (12.3%)
(RDMA_READ_CONSUME_CHECK_CONSUMER) timestamp=2070 ms, used_size=5036032 bytes (12.3%)
(RDMA_READ_CONSUME_CHECK_CONSUMER) timestamp=2070 ms, used_size=5033984 bytes (12.3%)
(RDMA_READ_CONSUME_CHECK_CONSUMER) timestamp=2070 ms, used_size=5031936 bytes (12.3%)
(RDMA_READ_CONSUME_CHECK_CONSUMER) timestamp=2070 ms, used_size=5029888 bytes (12.3%)
(RDMA_READ_CONSUME_CHECK_CONSUMER) timestamp=2070 ms, used_size=5027840 bytes (12.3%)
(RDMA_READ_CONSUME_CHECK_CONSUMER) timestamp=2070 ms, used_size=5025792 bytes (12.3%)
(RDMA_READ_CONSUME_CHECK_CONSUMER) timestamp=2070 ms, used_size=5023744 bytes (12.3%)
(RDMA_READ_CONSUME_CHECK_CONSUMER) timestamp=2070 ms, used_size=5021696 bytes (12.3%)
(RDMA_READ_CONSUME_CHECK_CONSUMER) timestamp=2070 ms, used_size=5019648 bytes (12.3%)
(RDMA_READ_CONSUME_CHECK_CONSUMER) timestamp=2070 ms, used_size=5017600 bytes (12.2%)
(RDMA_READ_CONSUME_CHECK_CONSUMER) timestamp=2070 ms, used_size=5015552 bytes (12.2%)
(RDMA_READ_CONSUME_CHECK_CONSUMER) timestamp=2070 ms, used_size=5013504 bytes (12.2%)
(RDMA_READ_CONSUME_CHECK_CONSUMER) timestamp=2070 ms, used_size=5011456 bytes (12.2%)
(RDMA_READ_CONSUME_CHECK_CONSUMER) timestamp=2070 ms, used_size=5009408 bytes (12.2%)
(RDMA_READ_CONSUME_CHECK_CONSUMER) timestamp=2070 ms, used_size=5007360 bytes (12.2%)
(RDMA_READ_CONSUME_CHECK_CONSUMER) timestamp=2070 ms, used_size=5005312 bytes (12.2%)
(RDMA_READ_CONSUME_CHECK_CONSUMER) timestamp=2070 ms, used_size=5003264 bytes (12.2%)
(RDMA_READ_CONSUME_CHECK_CONSUMER) timestamp=2070 ms, used_size=5001216 bytes (12.2%)
(RDMA_READ_CONSUME_CHECK_CONSUMER) timestamp=2070 ms, used_size=4999168 bytes (12.2%)
(RDMA_READ_CONSUME_CHECK_CONSUMER) timestamp=2070 ms, used_size=4997120 bytes (12.2%)
(RDMA_READ_CONSUME_CHECK_CONSUMER) timestamp=2070 ms, used_size=4995072 bytes (12.2%)
(RDMA_READ_CONSUME_CHECK_CONSUMER) timestamp=2070 ms, used_size=4993024 bytes (12.2%)
(RDMA_READ_CONSUME_CHECK_CONSUMER) timestamp=2070 ms, used_size=4990976 bytes (12.2%)
(RDMA_READ_CONSUME_CHECK_CONSUMER) timestamp=2070 ms, used_size=4988928 bytes (12.2%)
(RDMA_READ_CONSUME_CHECK_CONSUMER) timestamp=2070 ms, used_size=4986880 bytes (12.2%)
(RDMA_READ_CONSUME_CHECK_CONSUMER) timestamp=2070 ms, used_size=4984832 bytes (12.2%)
(RDMA_READ_CONSUME_CHECK_CONSUMER) timestamp=2070 ms, used_size=4982784 bytes (12.2%)
(RDMA_READ_CONSUME_CHECK_CONSUMER) timestamp=2070 ms, used_size=4980736 bytes (12.2%)
(RDMA_READ_CONSUME_CHECK_CONSUMER) timestamp=2071 ms, used_size=4978688 bytes (12.2%)
(RDMA_READ_CONSUME_CHECK_CONSUMER) timestamp=2071 ms, used_size=4976640 bytes (12.2%)
(RDMA_READ_CONSUME_CHECK_CONSUMER) timestamp=2071 ms, used_size=4974592 bytes (12.1%)
(RDMA_READ_CONSUME_CHECK_CONSUMER) timestamp=2071 ms, used_size=4972544 bytes (12.1%)
(RDMA_READ_CONSUME_CHECK_CONSUMER) timestamp=2071 ms, used_size=4970496 bytes (12.1%)
(RDMA_READ_CONSUME_CHECK_CONSUMER) timestamp=2071 ms, used_size=4968448 bytes (12.1%)
(RDMA_READ_CONSUME_CHECK_CONSUMER) timestamp=2071 ms, used_size=4966400 bytes (12.1%)
(RDMA_READ_CONSUME_CHECK_CONSUMER) timestamp=2071 ms, used_size=4964352 bytes (12.1%)
(RDMA_READ_CONSUME_CHECK_CONSUMER) timestamp=2071 ms, used_size=4962304 bytes (12.1%)
(RDMA_READ_CONSUME_CHECK_CONSUMER) timestamp=2071 ms, used_size=4960256 bytes (12.1%)
(RDMA_READ_CONSUME_CHECK_CONSUMER) timestamp=2071 ms, used_size=4958208 bytes (12.1%)
(RDMA_READ_CONSUME_CHECK_CONSUMER) timestamp=2071 ms, used_size=4956160 bytes (12.1%)
(RDMA_READ_CONSUME_CHECK_CONSUMER) timestamp=2071 ms, used_size=4954112 bytes (12.1%)
(RDMA_READ_CONSUME_CHECK_CONSUMER) timestamp=2071 ms, used_size=4952064 bytes (12.1%)
(RDMA_READ_CONSUME_CHECK_CONSUMER) timestamp=2071 ms, used_size=4950016 bytes (12.1%)
(RDMA_READ_CONSUME_CHECK_CONSUMER) timestamp=2071 ms, used_size=4947968 bytes (12.1%)
(RDMA_READ_CONSUME_CHECK_CONSUMER) timestamp=2071 ms, used_size=4945920 bytes (12.1%)
(RDMA_READ_CONSUME_CHECK_CONSUMER) timestamp=2071 ms, used_size=4943872 bytes (12.1%)
(RDMA_READ_CONSUME_CHECK_CONSUMER) timestamp=2071 ms, used_size=4941824 bytes (12.1%)
(RDMA_READ_CONSUME_CHECK_CONSUMER) timestamp=2071 ms, used_size=4939776 bytes (12.1%)
(RDMA_READ_CONSUME_CHECK_CONSUMER) timestamp=2071 ms, used_size=4937728 bytes (12.1%)
(RDMA_READ_CONSUME_CHECK_CONSUMER) timestamp=2071 ms, used_size=4935680 bytes (12.1%)
(RDMA_READ_CONSUME_CHECK_CONSUMER) timestamp=2071 ms, used_size=4933632 bytes (12.0%)
(RDMA_READ_CONSUME_CHECK_CONSUMER) timestamp=2071 ms, used_size=4931584 bytes (12.0%)
(RDMA_READ_CONSUME_CHECK_CONSUMER) timestamp=2071 ms, used_size=4929536 bytes (12.0%)
(RDMA_READ_CONSUME_CHECK_CONSUMER) timestamp=2071 ms, used_size=4927488 bytes (12.0%)
(RDMA_READ_CONSUME_CHECK_CONSUMER) timestamp=2071 ms, used_size=4925440 bytes (12.0%)
(RDMA_READ_CONSUME_CHECK_CONSUMER) timestamp=2071 ms, used_size=4923392 bytes (12.0%)
(RDMA_READ_CONSUME_CHECK_CONSUMER) timestamp=2071 ms, used_size=4921344 bytes (12.0%)
(RDMA_READ_CONSUME_CHECK_CONSUMER) timestamp=2071 ms, used_size=4919296 bytes (12.0%)
(RDMA_READ_CONSUME_CHECK_CONSUMER) timestamp=2071 ms, used_size=4917248 bytes (12.0%)
(RDMA_READ_CONSUME_CHECK_CONSUMER) timestamp=2071 ms, used_size=4915200 bytes (12.0%)
(RDMA_READ_CONSUME_CHECK_CONSUMER) timestamp=2071 ms, used_size=4913152 bytes (12.0%)
(RDMA_READ_CONSUME_CHECK_CONSUMER) timestamp=2071 ms, used_size=4911104 bytes (12.0%)
(RDMA_READ_CONSUME_CHECK_CONSUMER) timestamp=2071 ms, used_size=4909056 bytes (12.0%)
(RDMA_READ_CONSUME_CHECK_CONSUMER) timestamp=2071 ms, used_size=4907008 bytes (12.0%)
(RDMA_READ_CONSUME_CHECK_CONSUMER) timestamp=2071 ms, used_size=4904960 bytes (12.0%)
(RDMA_READ_CONSUME_CHECK_CONSUMER) timestamp=2071 ms, used_size=4902912 bytes (12.0%)
(RDMA_READ_CONSUME_CHECK_CONSUMER) timestamp=2071 ms, used_size=4900864 bytes (12.0%)
(RDMA_READ_CONSUME_CHECK_CONSUMER) timestamp=2071 ms, used_size=4898816 bytes (12.0%)
(RDMA_READ_CONSUME_CHECK_CONSUMER) timestamp=2071 ms, used_size=4896768 bytes (12.0%)
(RDMA_READ_CONSUME_CHECK_CONSUMER) timestamp=2071 ms, used_size=4894720 bytes (11.9%)
(RDMA_READ_CONSUME_CHECK_CONSUMER) timestamp=2071 ms, used_size=4892672 bytes (11.9%)
(RDMA_READ_CONSUME_CHECK_CONSUMER) timestamp=2071 ms, used_size=4890624 bytes (11.9%)
(RDMA_READ_CONSUME_CHECK_CONSUMER) timestamp=2071 ms, used_size=4888576 bytes (11.9%)
(RDMA_READ_CONSUME_CHECK_CONSUMER) timestamp=2071 ms, used_size=4886528 bytes (11.9%)
(RDMA_READ_CONSUME_CHECK_CONSUMER) timestamp=2071 ms, used_size=4884480 bytes (11.9%)
(RDMA_READ_CONSUME_CHECK_CONSUMER) timestamp=2071 ms, used_size=4882432 bytes (11.9%)
(RDMA_READ_CONSUME_CHECK_CONSUMER) timestamp=2071 ms, used_size=4880384 bytes (11.9%)
(RDMA_READ_CONSUME_CHECK_CONSUMER) timestamp=2071 ms, used_size=4878336 bytes (11.9%)
(RDMA_READ_CONSUME_CHECK_CONSUMER) timestamp=2071 ms, used_size=4876288 bytes (11.9%)
(RDMA_READ_CONSUME_CHECK_CONSUMER) timestamp=2071 ms, used_size=4874240 bytes (11.9%)
(RDMA_READ_CONSUME_CHECK_CONSUMER) timestamp=2071 ms, used_size=4872192 bytes (11.9%)
(RDMA_READ_CONSUME_CHECK_CONSUMER) timestamp=2071 ms, used_size=4870144 bytes (11.9%)
(RDMA_READ_CONSUME_CHECK_CONSUMER) timestamp=2071 ms, used_size=4868096 bytes (11.9%)
(RDMA_READ_CONSUME_CHECK_CONSUMER) timestamp=2071 ms, used_size=4866048 bytes (11.9%)
(RDMA_READ_CONSUME_CHECK_CONSUMER) timestamp=2071 ms, used_size=4864000 bytes (11.9%)
(RDMA_READ_CONSUME_CHECK_CONSUMER) timestamp=2071 ms, used_size=4861952 bytes (11.9%)
(RDMA_READ_CONSUME_CHECK_CONSUMER) timestamp=2071 ms, used_size=4859904 bytes (11.9%)
(RDMA_READ_CONSUME_CHECK_CONSUMER) timestamp=2071 ms, used_size=4857856 bytes (11.9%)
(RDMA_READ_CONSUME_CHECK_CONSUMER) timestamp=2071 ms, used_size=4855808 bytes (11.9%)
(RDMA_READ_CONSUME_CHECK_CONSUMER) timestamp=2071 ms, used_size=4853760 bytes (11.8%)
(RDMA_READ_CONSUME_CHECK_CONSUMER) timestamp=2071 ms, used_size=4851712 bytes (11.8%)
(RDMA_READ_CONSUME_CHECK_CONSUMER) timestamp=2071 ms, used_size=4849664 bytes (11.8%)
(RDMA_READ_CONSUME_CHECK_CONSUMER) timestamp=2071 ms, used_size=4847616 bytes (11.8%)
(RDMA_READ_CONSUME_CHECK_CONSUMER) timestamp=2071 ms, used_size=4845568 bytes (11.8%)
(RDMA_READ_CONSUME_CHECK_CONSUMER) timestamp=2071 ms, used_size=4843520 bytes (11.8%)
(RDMA_READ_CONSUME_CHECK_CONSUMER) timestamp=2071 ms, used_size=4841472 bytes (11.8%)
(RDMA_READ_CONSUME_CHECK_CONSUMER) timestamp=2071 ms, used_size=4839424 bytes (11.8%)
(RDMA_READ_CONSUME_CHECK_CONSUMER) timestamp=2071 ms, used_size=4837376 bytes (11.8%)
(RDMA_READ_CONSUME_CHECK_CONSUMER) timestamp=2071 ms, used_size=4835328 bytes (11.8%)
(RDMA_READ_CONSUME_CHECK_CONSUMER) timestamp=2071 ms, used_size=4833280 bytes (11.8%)
(RDMA_READ_CONSUME_CHECK_CONSUMER) timestamp=2071 ms, used_size=4831232 bytes (11.8%)
(RDMA_READ_CONSUME_CHECK_CONSUMER) timestamp=2071 ms, used_size=4829184 bytes (11.8%)
(RDMA_READ_CONSUME_CHECK_CONSUMER) timestamp=2071 ms, used_size=4827136 bytes (11.8%)
(RDMA_READ_CONSUME_CHECK_CONSUMER) timestamp=2071 ms, used_size=4825088 bytes (11.8%)
(RDMA_READ_CONSUME_CHECK_CONSUMER) timestamp=2071 ms, used_size=4823040 bytes (11.8%)
(RDMA_READ_CONSUME_CHECK_CONSUMER) timestamp=2071 ms, used_size=4820992 bytes (11.8%)
(RDMA_READ_CONSUME_CHECK_CONSUMER) timestamp=2071 ms, used_size=4818944 bytes (11.8%)
(RDMA_READ_CONSUME_CHECK_CONSUMER) timestamp=2071 ms, used_size=4816896 bytes (11.8%)
(RDMA_READ_CONSUME_CHECK_CONSUMER) timestamp=2071 ms, used_size=4814848 bytes (11.8%)
(RDMA_READ_CONSUME_CHECK_CONSUMER) timestamp=2071 ms, used_size=4812800 bytes (11.8%)
(RDMA_READ_CONSUME_CHECK_CONSUMER) timestamp=2071 ms, used_size=4810752 bytes (11.7%)
(RDMA_READ_CONSUME_CHECK_CONSUMER) timestamp=2071 ms, used_size=4808704 bytes (11.7%)
(RDMA_READ_CONSUME_CHECK_CONSUMER) timestamp=2071 ms, used_size=4806656 bytes (11.7%)
(RDMA_READ_CONSUME_CHECK_CONSUMER) timestamp=2071 ms, used_size=4804608 bytes (11.7%)
(RDMA_READ_CONSUME_CHECK_CONSUMER) timestamp=2071 ms, used_size=4802560 bytes (11.7%)
(RDMA_READ_CONSUME_CHECK_CONSUMER) timestamp=2071 ms, used_size=4800512 bytes (11.7%)
(RDMA_READ_CONSUME_CHECK_CONSUMER) timestamp=2071 ms, used_size=4798464 bytes (11.7%)
(RDMA_READ_CONSUME_CHECK_CONSUMER) timestamp=2071 ms, used_size=4796416 bytes (11.7%)
(RDMA_READ_CONSUME_CHECK_CONSUMER) timestamp=2071 ms, used_size=4794368 bytes (11.7%)
(RDMA_READ_CONSUME_CHECK_CONSUMER) timestamp=2071 ms, used_size=4792320 bytes (11.7%)
(RDMA_READ_CONSUME_CHECK_CONSUMER) timestamp=2071 ms, used_size=4790272 bytes (11.7%)
(RDMA_READ_CONSUME_CHECK_CONSUMER) timestamp=2071 ms, used_size=4788224 bytes (11.7%)
(RDMA_READ_CONSUME_CHECK_CONSUMER) timestamp=2071 ms, used_size=4786176 bytes (11.7%)
(RDMA_READ_CONSUME_CHECK_CONSUMER) timestamp=2071 ms, used_size=4784128 bytes (11.7%)
(RDMA_READ_CONSUME_CHECK_CONSUMER) timestamp=2071 ms, used_size=4782080 bytes (11.7%)
(RDMA_READ_CONSUME_CHECK_CONSUMER) timestamp=2071 ms, used_size=4780032 bytes (11.7%)
(RDMA_READ_CONSUME_CHECK_CONSUMER) timestamp=2071 ms, used_size=4777984 bytes (11.7%)
(RDMA_READ_CONSUME_CHECK_CONSUMER) timestamp=2071 ms, used_size=4775936 bytes (11.7%)
(RDMA_READ_CONSUME_CHECK_CONSUMER) timestamp=2071 ms, used_size=4773888 bytes (11.7%)
(RDMA_READ_CONSUME_CHECK_CONSUMER) timestamp=2071 ms, used_size=4771840 bytes (11.7%)
(RDMA_READ_CONSUME_CHECK_CONSUMER) timestamp=2071 ms, used_size=4769792 bytes (11.6%)
(RDMA_READ_CONSUME_CHECK_CONSUMER) timestamp=2071 ms, used_size=4767744 bytes (11.6%)
(RDMA_READ_CONSUME_CHECK_CONSUMER) timestamp=2071 ms, used_size=4765696 bytes (11.6%)
(RDMA_READ_CONSUME_CHECK_CONSUMER) timestamp=2071 ms, used_size=4763648 bytes (11.6%)
(RDMA_READ_CONSUME_CHECK_CONSUMER) timestamp=2071 ms, used_size=4761600 bytes (11.6%)
(RDMA_READ_CONSUME_CHECK_CONSUMER) timestamp=2071 ms, used_size=4759552 bytes (11.6%)
(RDMA_READ_CONSUME_CHECK_CONSUMER) timestamp=2071 ms, used_size=4757504 bytes (11.6%)
(RDMA_READ_CONSUME_CHECK_CONSUMER) timestamp=2071 ms, used_size=4755456 bytes (11.6%)
(RDMA_READ_CONSUME_CHECK_CONSUMER) timestamp=2071 ms, used_size=4753408 bytes (11.6%)
(RDMA_READ_CONSUME_CHECK_CONSUMER) timestamp=2071 ms, used_size=4751360 bytes (11.6%)
(RDMA_READ_CONSUME_CHECK_CONSUMER) timestamp=2071 ms, used_size=4749312 bytes (11.6%)
(RDMA_READ_CONSUME_CHECK_CONSUMER) timestamp=2071 ms, used_size=4747264 bytes (11.6%)
(RDMA_READ_CONSUME_CHECK_CONSUMER) timestamp=2071 ms, used_size=4745216 bytes (11.6%)
(RDMA_READ_CONSUME_CHECK_CONSUMER) timestamp=2071 ms, used_size=4743168 bytes (11.6%)
(RDMA_READ_CONSUME_CHECK_CONSUMER) timestamp=2071 ms, used_size=4741120 bytes (11.6%)
(RDMA_READ_CONSUME_CHECK_CONSUMER) timestamp=2071 ms, used_size=4739072 bytes (11.6%)
(RDMA_READ_CONSUME_CHECK_CONSUMER) timestamp=2071 ms, used_size=4737024 bytes (11.6%)
(RDMA_READ_CONSUME_CHECK_CONSUMER) timestamp=2071 ms, used_size=4734976 bytes (11.6%)
(RDMA_READ_CONSUME_CHECK_CONSUMER) timestamp=2071 ms, used_size=4732928 bytes (11.6%)
(RDMA_READ_CONSUME_CHECK_CONSUMER) timestamp=2071 ms, used_size=4730880 bytes (11.6%)
(RDMA_READ_CONSUME_CHECK_CONSUMER) timestamp=2071 ms, used_size=4728832 bytes (11.5%)
(RDMA_READ_CONSUME_CHECK_CONSUMER) timestamp=2071 ms, used_size=4726784 bytes (11.5%)
(RDMA_READ_CONSUME_CHECK_CONSUMER) timestamp=2071 ms, used_size=4724736 bytes (11.5%)
(RDMA_READ_CONSUME_CHECK_CONSUMER) timestamp=2071 ms, used_size=4722688 bytes (11.5%)
(RDMA_READ_CONSUME_CHECK_CONSUMER) timestamp=2071 ms, used_size=4720640 bytes (11.5%)
(RDMA_READ_CONSUME_CHECK_CONSUMER) timestamp=2071 ms, used_size=4718592 bytes (11.5%)
(RDMA_READ_CONSUME_CHECK_CONSUMER) timestamp=2071 ms, used_size=4716544 bytes (11.5%)
(RDMA_READ_CONSUME_CHECK_CONSUMER) timestamp=2071 ms, used_size=4714496 bytes (11.5%)
(RDMA_READ_CONSUME_CHECK_CONSUMER) timestamp=2071 ms, used_size=4712448 bytes (11.5%)
(RDMA_READ_CONSUME_CHECK_CONSUMER) timestamp=2071 ms, used_size=4710400 bytes (11.5%)
(RDMA_READ_CONSUME_CHECK_CONSUMER) timestamp=2071 ms, used_size=4708352 bytes (11.5%)
(RDMA_READ_CONSUME_CHECK_CONSUMER) timestamp=2071 ms, used_size=4706304 bytes (11.5%)
(RDMA_READ_CONSUME_CHECK_CONSUMER) timestamp=2071 ms, used_size=4704256 bytes (11.5%)
(RDMA_READ_CONSUME_CHECK_CONSUMER) timestamp=2071 ms, used_size=4702208 bytes (11.5%)
(RDMA_READ_CONSUME_CHECK_CONSUMER) timestamp=2071 ms, used_size=4700160 bytes (11.5%)
(RDMA_READ_CONSUME_CHECK_CONSUMER) timestamp=2071 ms, used_size=4698112 bytes (11.5%)
(RDMA_READ_CONSUME_CHECK_CONSUMER) timestamp=2071 ms, used_size=4696064 bytes (11.5%)
(RDMA_READ_CONSUME_CHECK_CONSUMER) timestamp=2071 ms, used_size=4694016 bytes (11.5%)
(RDMA_READ_CONSUME_CHECK_CONSUMER) timestamp=2071 ms, used_size=4691968 bytes (11.5%)
(RDMA_READ_CONSUME_CHECK_CONSUMER) timestamp=2071 ms, used_size=4689920 bytes (11.4%)
(RDMA_READ_CONSUME_CHECK_CONSUMER) timestamp=2071 ms, used_size=4687872 bytes (11.4%)
(RDMA_READ_CONSUME_CHECK_CONSUMER) timestamp=2071 ms, used_size=4685824 bytes (11.4%)
(RDMA_READ_CONSUME_CHECK_CONSUMER) timestamp=2071 ms, used_size=4683776 bytes (11.4%)
(RDMA_READ_CONSUME_CHECK_CONSUMER) timestamp=2071 ms, used_size=4681728 bytes (11.4%)
(RDMA_READ_CONSUME_CHECK_CONSUMER) timestamp=2071 ms, used_size=4679680 bytes (11.4%)
(RDMA_READ_CONSUME_CHECK_CONSUMER) timestamp=2071 ms, used_size=4677632 bytes (11.4%)
(RDMA_READ_CONSUME_CHECK_CONSUMER) timestamp=2071 ms, used_size=4675584 bytes (11.4%)
(RDMA_READ_CONSUME_CHECK_CONSUMER) timestamp=2071 ms, used_size=4673536 bytes (11.4%)
(RDMA_READ_CONSUME_CHECK_CONSUMER) timestamp=2071 ms, used_size=4671488 bytes (11.4%)
(RDMA_READ_CONSUME_CHECK_CONSUMER) timestamp=2071 ms, used_size=4669440 bytes (11.4%)
(RDMA_READ_CONSUME_CHECK_CONSUMER) timestamp=2071 ms, used_size=4667392 bytes (11.4%)
(RDMA_READ_CONSUME_CHECK_CONSUMER) timestamp=2071 ms, used_size=4665344 bytes (11.4%)
(RDMA_READ_CONSUME_CHECK_CONSUMER) timestamp=2071 ms, used_size=4663296 bytes (11.4%)
(RDMA_READ_CONSUME_CHECK_CONSUMER) timestamp=2071 ms, used_size=4661248 bytes (11.4%)
(RDMA_READ_CONSUME_CHECK_CONSUMER) timestamp=2071 ms, used_size=4659200 bytes (11.4%)
(RDMA_READ_CONSUME_CHECK_CONSUMER) timestamp=2071 ms, used_size=4657152 bytes (11.4%)
(RDMA_READ_CONSUME_CHECK_CONSUMER) timestamp=2071 ms, used_size=4655104 bytes (11.4%)
(RDMA_READ_CONSUME_CHECK_CONSUMER) timestamp=2071 ms, used_size=4653056 bytes (11.4%)
(RDMA_READ_CONSUME_CHECK_CONSUMER) timestamp=2071 ms, used_size=4651008 bytes (11.4%)
(RDMA_READ_CONSUME_CHECK_CONSUMER) timestamp=2071 ms, used_size=4648960 bytes (11.3%)
(RDMA_READ_CONSUME_CHECK_CONSUMER) timestamp=2071 ms, used_size=4646912 bytes (11.3%)
(RDMA_READ_CONSUME_CHECK_CONSUMER) timestamp=2071 ms, used_size=4644864 bytes (11.3%)
(RDMA_READ_CONSUME_CHECK_CONSUMER) timestamp=2071 ms, used_size=4642816 bytes (11.3%)
(RDMA_READ_CONSUME_CHECK_CONSUMER) timestamp=2071 ms, used_size=4640768 bytes (11.3%)
(RDMA_READ_CONSUME_CHECK_CONSUMER) timestamp=2071 ms, used_size=4638720 bytes (11.3%)
(RDMA_READ_CONSUME_CHECK_CONSUMER) timestamp=2071 ms, used_size=4636672 bytes (11.3%)
(RDMA_READ_CONSUME_CHECK_CONSUMER) timestamp=2071 ms, used_size=4634624 bytes (11.3%)
(RDMA_READ_CONSUME_CHECK_CONSUMER) timestamp=2071 ms, used_size=4632576 bytes (11.3%)
(RDMA_READ_CONSUME_CHECK_CONSUMER) timestamp=2071 ms, used_size=4630528 bytes (11.3%)
(RDMA_READ_CONSUME_CHECK_CONSUMER) timestamp=2071 ms, used_size=4628480 bytes (11.3%)
(RDMA_READ_CONSUME_CHECK_CONSUMER) timestamp=2071 ms, used_size=4626432 bytes (11.3%)
(RDMA_READ_CONSUME_CHECK_CONSUMER) timestamp=2071 ms, used_size=4624384 bytes (11.3%)
(RDMA_READ_CONSUME_CHECK_CONSUMER) timestamp=2071 ms, used_size=4622336 bytes (11.3%)
(RDMA_READ_CONSUME_CHECK_CONSUMER) timestamp=2071 ms, used_size=4620288 bytes (11.3%)
(RDMA_READ_CONSUME_CHECK_CONSUMER) timestamp=2071 ms, used_size=4618240 bytes (11.3%)
(RDMA_READ_CONSUME_CHECK_CONSUMER) timestamp=2071 ms, used_size=4616192 bytes (11.3%)
(RDMA_READ_CONSUME_CHECK_CONSUMER) timestamp=2071 ms, used_size=4614144 bytes (11.3%)
(RDMA_READ_CONSUME_CHECK_CONSUMER) timestamp=2072 ms, used_size=4612096 bytes (11.3%)
(RDMA_READ_CONSUME_CHECK_CONSUMER) timestamp=2072 ms, used_size=4610048 bytes (11.3%)
(RDMA_READ_CONSUME_CHECK_CONSUMER) timestamp=2072 ms, used_size=4608000 bytes (11.2%)
(RDMA_READ_CONSUME_CHECK_CONSUMER) timestamp=2072 ms, used_size=4605952 bytes (11.2%)
(RDMA_READ_CONSUME_CHECK_CONSUMER) timestamp=2072 ms, used_size=4603904 bytes (11.2%)
(RDMA_READ_CONSUME_CHECK_CONSUMER) timestamp=2072 ms, used_size=4601856 bytes (11.2%)
(RDMA_READ_CONSUME_CHECK_CONSUMER) timestamp=2072 ms, used_size=4599808 bytes (11.2%)
(RDMA_READ_CONSUME_CHECK_CONSUMER) timestamp=2072 ms, used_size=4597760 bytes (11.2%)
(RDMA_READ_CONSUME_CHECK_CONSUMER) timestamp=2072 ms, used_size=4595712 bytes (11.2%)
(RDMA_READ_CONSUME_CHECK_CONSUMER) timestamp=2072 ms, used_size=4593664 bytes (11.2%)
(RDMA_READ_CONSUME_CHECK_CONSUMER) timestamp=2072 ms, used_size=4591616 bytes (11.2%)
(RDMA_READ_CONSUME_CHECK_CONSUMER) timestamp=2072 ms, used_size=4589568 bytes (11.2%)
(RDMA_READ_CONSUME_CHECK_CONSUMER) timestamp=2072 ms, used_size=4587520 bytes (11.2%)
(RDMA_READ_CONSUME_CHECK_CONSUMER) timestamp=2072 ms, used_size=4585472 bytes (11.2%)
(RDMA_READ_CONSUME_CHECK_CONSUMER) timestamp=2072 ms, used_size=4583424 bytes (11.2%)
(RDMA_READ_CONSUME_CHECK_CONSUMER) timestamp=2072 ms, used_size=4581376 bytes (11.2%)
(RDMA_READ_CONSUME_CHECK_CONSUMER) timestamp=2072 ms, used_size=4579328 bytes (11.2%)
(RDMA_READ_CONSUME_CHECK_CONSUMER) timestamp=2072 ms, used_size=4577280 bytes (11.2%)
(RDMA_READ_CONSUME_CHECK_CONSUMER) timestamp=2072 ms, used_size=4575232 bytes (11.2%)
(RDMA_READ_CONSUME_CHECK_CONSUMER) timestamp=2072 ms, used_size=4573184 bytes (11.2%)
(RDMA_READ_CONSUME_CHECK_CONSUMER) timestamp=2072 ms, used_size=4571136 bytes (11.2%)
(RDMA_READ_CONSUME_CHECK_CONSUMER) timestamp=2072 ms, used_size=4569088 bytes (11.2%)
(RDMA_READ_CONSUME_CHECK_CONSUMER) timestamp=2072 ms, used_size=4567040 bytes (11.2%)
(RDMA_READ_CONSUME_CHECK_CONSUMER) timestamp=2072 ms, used_size=4564992 bytes (11.1%)
(RDMA_READ_CONSUME_CHECK_CONSUMER) timestamp=2072 ms, used_size=4562944 bytes (11.1%)
(RDMA_READ_CONSUME_CHECK_CONSUMER) timestamp=2072 ms, used_size=4560896 bytes (11.1%)
(RDMA_READ_CONSUME_CHECK_CONSUMER) timestamp=2072 ms, used_size=4558848 bytes (11.1%)
(RDMA_READ_CONSUME_CHECK_CONSUMER) timestamp=2072 ms, used_size=4556800 bytes (11.1%)
(RDMA_READ_CONSUME_CHECK_CONSUMER) timestamp=2072 ms, used_size=4554752 bytes (11.1%)
(RDMA_READ_CONSUME_CHECK_CONSUMER) timestamp=2072 ms, used_size=4552704 bytes (11.1%)
(RDMA_READ_CONSUME_CHECK_CONSUMER) timestamp=2072 ms, used_size=4550656 bytes (11.1%)
(RDMA_READ_CONSUME_CHECK_CONSUMER) timestamp=2072 ms, used_size=4548608 bytes (11.1%)
(RDMA_READ_CONSUME_CHECK_CONSUMER) timestamp=2072 ms, used_size=4546560 bytes (11.1%)
(RDMA_READ_CONSUME_CHECK_CONSUMER) timestamp=2072 ms, used_size=4544512 bytes (11.1%)
(RDMA_READ_CONSUME_CHECK_CONSUMER) timestamp=2072 ms, used_size=4542464 bytes (11.1%)
(RDMA_READ_CONSUME_CHECK_CONSUMER) timestamp=2072 ms, used_size=4540416 bytes (11.1%)
(RDMA_READ_CONSUME_CHECK_CONSUMER) timestamp=2072 ms, used_size=4538368 bytes (11.1%)
(RDMA_READ_CONSUME_CHECK_CONSUMER) timestamp=2072 ms, used_size=4536320 bytes (11.1%)
(RDMA_READ_CONSUME_CHECK_CONSUMER) timestamp=2072 ms, used_size=4534272 bytes (11.1%)
(RDMA_READ_CONSUME_CHECK_CONSUMER) timestamp=2072 ms, used_size=4532224 bytes (11.1%)
(RDMA_READ_CONSUME_CHECK_CONSUMER) timestamp=2072 ms, used_size=4530176 bytes (11.1%)
(RDMA_READ_CONSUME_CHECK_CONSUMER) timestamp=2072 ms, used_size=4528128 bytes (11.1%)
(RDMA_READ_CONSUME_CHECK_CONSUMER) timestamp=2072 ms, used_size=4526080 bytes (11.1%)
(RDMA_READ_CONSUME_CHECK_CONSUMER) timestamp=2072 ms, used_size=4524032 bytes (11.0%)
(RDMA_READ_CONSUME_CHECK_CONSUMER) timestamp=2072 ms, used_size=4521984 bytes (11.0%)
(RDMA_READ_CONSUME_CHECK_CONSUMER) timestamp=2072 ms, used_size=4519936 bytes (11.0%)
(RDMA_READ_CONSUME_CHECK_CONSUMER) timestamp=2072 ms, used_size=4517888 bytes (11.0%)
(RDMA_READ_CONSUME_CHECK_CONSUMER) timestamp=2072 ms, used_size=4515840 bytes (11.0%)
(RDMA_READ_CONSUME_CHECK_CONSUMER) timestamp=2072 ms, used_size=4513792 bytes (11.0%)
(RDMA_READ_CONSUME_CHECK_CONSUMER) timestamp=2072 ms, used_size=4511744 bytes (11.0%)
(RDMA_READ_CONSUME_CHECK_CONSUMER) timestamp=2072 ms, used_size=4509696 bytes (11.0%)
(RDMA_READ_CONSUME_CHECK_CONSUMER) timestamp=2072 ms, used_size=4507648 bytes (11.0%)
(RDMA_READ_CONSUME_CHECK_CONSUMER) timestamp=2072 ms, used_size=4505600 bytes (11.0%)
(RDMA_READ_CONSUME_CHECK_CONSUMER) timestamp=2072 ms, used_size=4503552 bytes (11.0%)
(RDMA_READ_CONSUME_CHECK_CONSUMER) timestamp=2072 ms, used_size=4501504 bytes (11.0%)
(RDMA_READ_CONSUME_CHECK_CONSUMER) timestamp=2072 ms, used_size=4499456 bytes (11.0%)
(RDMA_READ_CONSUME_CHECK_CONSUMER) timestamp=2072 ms, used_size=4497408 bytes (11.0%)
(RDMA_READ_CONSUME_CHECK_CONSUMER) timestamp=2072 ms, used_size=4495360 bytes (11.0%)
(RDMA_READ_CONSUME_CHECK_CONSUMER) timestamp=2072 ms, used_size=4493312 bytes (11.0%)
(RDMA_READ_CONSUME_CHECK_CONSUMER) timestamp=2072 ms, used_size=4491264 bytes (11.0%)
(RDMA_READ_CONSUME_CHECK_CONSUMER) timestamp=2072 ms, used_size=4489216 bytes (11.0%)
(RDMA_READ_CONSUME_CHECK_CONSUMER) timestamp=2072 ms, used_size=4487168 bytes (11.0%)
(RDMA_READ_CONSUME_CHECK_CONSUMER) timestamp=2072 ms, used_size=4485120 bytes (10.9%)
(RDMA_READ_CONSUME_CHECK_CONSUMER) timestamp=2072 ms, used_size=4483072 bytes (10.9%)
(RDMA_READ_CONSUME_CHECK_CONSUMER) timestamp=2072 ms, used_size=4481024 bytes (10.9%)
(RDMA_READ_CONSUME_CHECK_CONSUMER) timestamp=2072 ms, used_size=4478976 bytes (10.9%)
(RDMA_READ_CONSUME_CHECK_CONSUMER) timestamp=2072 ms, used_size=4476928 bytes (10.9%)
(RDMA_READ_CONSUME_CHECK_CONSUMER) timestamp=2072 ms, used_size=4474880 bytes (10.9%)
(RDMA_READ_CONSUME_CHECK_CONSUMER) timestamp=2072 ms, used_size=4472832 bytes (10.9%)
(RDMA_READ_CONSUME_CHECK_CONSUMER) timestamp=2072 ms, used_size=4470784 bytes (10.9%)
(RDMA_READ_CONSUME_CHECK_CONSUMER) timestamp=2072 ms, used_size=4468736 bytes (10.9%)
(RDMA_READ_CONSUME_CHECK_CONSUMER) timestamp=2072 ms, used_size=4466688 bytes (10.9%)
(RDMA_READ_CONSUME_CHECK_CONSUMER) timestamp=2072 ms, used_size=4464640 bytes (10.9%)
(RDMA_READ_CONSUME_CHECK_CONSUMER) timestamp=2072 ms, used_size=4462592 bytes (10.9%)
(RDMA_READ_CONSUME_CHECK_CONSUMER) timestamp=2072 ms, used_size=4460544 bytes (10.9%)
(RDMA_READ_CONSUME_CHECK_CONSUMER) timestamp=2072 ms, used_size=4458496 bytes (10.9%)
(RDMA_READ_CONSUME_CHECK_CONSUMER) timestamp=2072 ms, used_size=4456448 bytes (10.9%)
(RDMA_READ_CONSUME_CHECK_CONSUMER) timestamp=2072 ms, used_size=4454400 bytes (10.9%)
(RDMA_READ_CONSUME_CHECK_CONSUMER) timestamp=2072 ms, used_size=4452352 bytes (10.9%)
(RDMA_READ_CONSUME_CHECK_CONSUMER) timestamp=2072 ms, used_size=4450304 bytes (10.9%)
(RDMA_READ_CONSUME_CHECK_CONSUMER) timestamp=2072 ms, used_size=4448256 bytes (10.9%)
(RDMA_READ_CONSUME_CHECK_CONSUMER) timestamp=2072 ms, used_size=4446208 bytes (10.9%)
(RDMA_READ_CONSUME_CHECK_CONSUMER) timestamp=2072 ms, used_size=4444160 bytes (10.8%)
(RDMA_READ_CONSUME_CHECK_CONSUMER) timestamp=2072 ms, used_size=4442112 bytes (10.8%)
(RDMA_READ_CONSUME_CHECK_CONSUMER) timestamp=2072 ms, used_size=4440064 bytes (10.8%)
(RDMA_READ_CONSUME_CHECK_CONSUMER) timestamp=2072 ms, used_size=4438016 bytes (10.8%)
(RDMA_READ_CONSUME_CHECK_CONSUMER) timestamp=2072 ms, used_size=4435968 bytes (10.8%)
(RDMA_READ_CONSUME_CHECK_CONSUMER) timestamp=2072 ms, used_size=4433920 bytes (10.8%)
(RDMA_READ_CONSUME_CHECK_CONSUMER) timestamp=2072 ms, used_size=4431872 bytes (10.8%)
(RDMA_READ_CONSUME_CHECK_CONSUMER) timestamp=2072 ms, used_size=4429824 bytes (10.8%)
(RDMA_READ_CONSUME_CHECK_CONSUMER) timestamp=2072 ms, used_size=4427776 bytes (10.8%)
(RDMA_READ_CONSUME_CHECK_CONSUMER) timestamp=2072 ms, used_size=4425728 bytes (10.8%)
(RDMA_READ_CONSUME_CHECK_CONSUMER) timestamp=2072 ms, used_size=4423680 bytes (10.8%)
(RDMA_READ_CONSUME_CHECK_CONSUMER) timestamp=2072 ms, used_size=4421632 bytes (10.8%)
(RDMA_READ_CONSUME_CHECK_CONSUMER) timestamp=2072 ms, used_size=4419584 bytes (10.8%)
(RDMA_READ_CONSUME_CHECK_CONSUMER) timestamp=2072 ms, used_size=4417536 bytes (10.8%)
(RDMA_READ_CONSUME_CHECK_CONSUMER) timestamp=2072 ms, used_size=4415488 bytes (10.8%)
(RDMA_READ_CONSUME_CHECK_CONSUMER) timestamp=2072 ms, used_size=4413440 bytes (10.8%)
(RDMA_READ_CONSUME_CHECK_CONSUMER) timestamp=2072 ms, used_size=4411392 bytes (10.8%)
(RDMA_READ_CONSUME_CHECK_CONSUMER) timestamp=2072 ms, used_size=4409344 bytes (10.8%)
(RDMA_READ_CONSUME_CHECK_CONSUMER) timestamp=2072 ms, used_size=4407296 bytes (10.8%)
(RDMA_READ_CONSUME_CHECK_CONSUMER) timestamp=2072 ms, used_size=4405248 bytes (10.8%)
(RDMA_READ_CONSUME_CHECK_CONSUMER) timestamp=2072 ms, used_size=4403200 bytes (10.8%)
(RDMA_READ_CONSUME_CHECK_CONSUMER) timestamp=2072 ms, used_size=4401152 bytes (10.7%)
(RDMA_READ_CONSUME_CHECK_CONSUMER) timestamp=2072 ms, used_size=4399104 bytes (10.7%)
(RDMA_READ_CONSUME_CHECK_CONSUMER) timestamp=2072 ms, used_size=4397056 bytes (10.7%)
(RDMA_READ_CONSUME_CHECK_CONSUMER) timestamp=2072 ms, used_size=4395008 bytes (10.7%)
(RDMA_READ_CONSUME_CHECK_CONSUMER) timestamp=2072 ms, used_size=4392960 bytes (10.7%)
(RDMA_READ_CONSUME_CHECK_CONSUMER) timestamp=2072 ms, used_size=4390912 bytes (10.7%)
(RDMA_READ_CONSUME_CHECK_CONSUMER) timestamp=2072 ms, used_size=4388864 bytes (10.7%)
(RDMA_READ_CONSUME_CHECK_CONSUMER) timestamp=2072 ms, used_size=4386816 bytes (10.7%)
(RDMA_READ_CONSUME_CHECK_CONSUMER) timestamp=2072 ms, used_size=4384768 bytes (10.7%)
(RDMA_READ_CONSUME_CHECK_CONSUMER) timestamp=2072 ms, used_size=4382720 bytes (10.7%)
(RDMA_READ_CONSUME_CHECK_CONSUMER) timestamp=2072 ms, used_size=4380672 bytes (10.7%)
(RDMA_READ_CONSUME_CHECK_CONSUMER) timestamp=2072 ms, used_size=4378624 bytes (10.7%)
(RDMA_READ_CONSUME_CHECK_CONSUMER) timestamp=2072 ms, used_size=4376576 bytes (10.7%)
(RDMA_READ_CONSUME_CHECK_CONSUMER) timestamp=2072 ms, used_size=4374528 bytes (10.7%)
(RDMA_READ_CONSUME_CHECK_CONSUMER) timestamp=2072 ms, used_size=4372480 bytes (10.7%)
(RDMA_READ_CONSUME_CHECK_CONSUMER) timestamp=2072 ms, used_size=4370432 bytes (10.7%)
(RDMA_READ_CONSUME_CHECK_CONSUMER) timestamp=2072 ms, used_size=4368384 bytes (10.7%)
(RDMA_READ_CONSUME_CHECK_CONSUMER) timestamp=2072 ms, used_size=4366336 bytes (10.7%)
(RDMA_READ_CONSUME_CHECK_CONSUMER) timestamp=2072 ms, used_size=4364288 bytes (10.7%)
(RDMA_READ_CONSUME_CHECK_CONSUMER) timestamp=2072 ms, used_size=4362240 bytes (10.7%)
(RDMA_READ_CONSUME_CHECK_CONSUMER) timestamp=2072 ms, used_size=4360192 bytes (10.6%)
(RDMA_READ_CONSUME_CHECK_CONSUMER) timestamp=2072 ms, used_size=4358144 bytes (10.6%)
(RDMA_READ_CONSUME_CHECK_CONSUMER) timestamp=2072 ms, used_size=4356096 bytes (10.6%)
(RDMA_READ_CONSUME_CHECK_CONSUMER) timestamp=2072 ms, used_size=4354048 bytes (10.6%)
(RDMA_READ_CONSUME_CHECK_CONSUMER) timestamp=2072 ms, used_size=4352000 bytes (10.6%)
(RDMA_READ_CONSUME_CHECK_CONSUMER) timestamp=2072 ms, used_size=4349952 bytes (10.6%)
(RDMA_READ_CONSUME_CHECK_CONSUMER) timestamp=2072 ms, used_size=4347904 bytes (10.6%)
(RDMA_READ_CONSUME_CHECK_CONSUMER) timestamp=2072 ms, used_size=4345856 bytes (10.6%)
(RDMA_READ_CONSUME_CHECK_CONSUMER) timestamp=2072 ms, used_size=4343808 bytes (10.6%)
(RDMA_READ_CONSUME_CHECK_CONSUMER) timestamp=2072 ms, used_size=4341760 bytes (10.6%)
(RDMA_READ_CONSUME_CHECK_CONSUMER) timestamp=2072 ms, used_size=4339712 bytes (10.6%)
(RDMA_READ_CONSUME_CHECK_CONSUMER) timestamp=2072 ms, used_size=4337664 bytes (10.6%)
(RDMA_READ_CONSUME_CHECK_CONSUMER) timestamp=2072 ms, used_size=4335616 bytes (10.6%)
(RDMA_READ_CONSUME_CHECK_CONSUMER) timestamp=2072 ms, used_size=4333568 bytes (10.6%)
(RDMA_READ_CONSUME_CHECK_CONSUMER) timestamp=2072 ms, used_size=4331520 bytes (10.6%)
(RDMA_READ_CONSUME_CHECK_CONSUMER) timestamp=2072 ms, used_size=4329472 bytes (10.6%)
(RDMA_READ_CONSUME_CHECK_CONSUMER) timestamp=2072 ms, used_size=4327424 bytes (10.6%)
(RDMA_READ_CONSUME_CHECK_CONSUMER) timestamp=2072 ms, used_size=4325376 bytes (10.6%)
(RDMA_READ_CONSUME_CHECK_CONSUMER) timestamp=2072 ms, used_size=4323328 bytes (10.6%)
(RDMA_READ_CONSUME_CHECK_CONSUMER) timestamp=2072 ms, used_size=4321280 bytes (10.6%)
(RDMA_READ_CONSUME_CHECK_CONSUMER) timestamp=2072 ms, used_size=4319232 bytes (10.5%)
(RDMA_READ_CONSUME_CHECK_CONSUMER) timestamp=2072 ms, used_size=4317184 bytes (10.5%)
(RDMA_READ_CONSUME_CHECK_CONSUMER) timestamp=2072 ms, used_size=4315136 bytes (10.5%)
(RDMA_READ_CONSUME_CHECK_CONSUMER) timestamp=2072 ms, used_size=4313088 bytes (10.5%)
(RDMA_READ_CONSUME_CHECK_CONSUMER) timestamp=2072 ms, used_size=4311040 bytes (10.5%)
(RDMA_READ_CONSUME_CHECK_CONSUMER) timestamp=2072 ms, used_size=4308992 bytes (10.5%)
(RDMA_READ_CONSUME_CHECK_CONSUMER) timestamp=2072 ms, used_size=4306944 bytes (10.5%)
(RDMA_READ_CONSUME_CHECK_CONSUMER) timestamp=2072 ms, used_size=4304896 bytes (10.5%)
(RDMA_READ_CONSUME_CHECK_CONSUMER) timestamp=2072 ms, used_size=4302848 bytes (10.5%)
(RDMA_READ_CONSUME_CHECK_CONSUMER) timestamp=2072 ms, used_size=4300800 bytes (10.5%)
(RDMA_READ_CONSUME_CHECK_CONSUMER) timestamp=2072 ms, used_size=4298752 bytes (10.5%)
(RDMA_READ_CONSUME_CHECK_CONSUMER) timestamp=2072 ms, used_size=4296704 bytes (10.5%)
(RDMA_READ_CONSUME_CHECK_CONSUMER) timestamp=2072 ms, used_size=4294656 bytes (10.5%)
(RDMA_READ_CONSUME_CHECK_CONSUMER) timestamp=2072 ms, used_size=4292608 bytes (10.5%)
(RDMA_READ_CONSUME_CHECK_CONSUMER) timestamp=2072 ms, used_size=4290560 bytes (10.5%)
(RDMA_READ_CONSUME_CHECK_CONSUMER) timestamp=2072 ms, used_size=4288512 bytes (10.5%)
(RDMA_READ_CONSUME_CHECK_CONSUMER) timestamp=2072 ms, used_size=4286464 bytes (10.5%)
(RDMA_READ_CONSUME_CHECK_CONSUMER) timestamp=2072 ms, used_size=4284416 bytes (10.5%)
(RDMA_READ_CONSUME_CHECK_CONSUMER) timestamp=2072 ms, used_size=4282368 bytes (10.5%)
(RDMA_READ_CONSUME_CHECK_CONSUMER) timestamp=2072 ms, used_size=4280320 bytes (10.4%)
(RDMA_READ_CONSUME_CHECK_CONSUMER) timestamp=2072 ms, used_size=4278272 bytes (10.4%)
(RDMA_READ_CONSUME_CHECK_CONSUMER) timestamp=2072 ms, used_size=4276224 bytes (10.4%)
(RDMA_READ_CONSUME_CHECK_CONSUMER) timestamp=2072 ms, used_size=4274176 bytes (10.4%)
(RDMA_READ_CONSUME_CHECK_CONSUMER) timestamp=2072 ms, used_size=4272128 bytes (10.4%)
(RDMA_READ_CONSUME_CHECK_CONSUMER) timestamp=2072 ms, used_size=4270080 bytes (10.4%)
(RDMA_READ_CONSUME_CHECK_CONSUMER) timestamp=2072 ms, used_size=4268032 bytes (10.4%)
(RDMA_READ_CONSUME_CHECK_CONSUMER) timestamp=2072 ms, used_size=4265984 bytes (10.4%)
(RDMA_READ_CONSUME_CHECK_CONSUMER) timestamp=2072 ms, used_size=4263936 bytes (10.4%)
(RDMA_READ_CONSUME_CHECK_CONSUMER) timestamp=2072 ms, used_size=4261888 bytes (10.4%)
(RDMA_READ_CONSUME_CHECK_CONSUMER) timestamp=2072 ms, used_size=4259840 bytes (10.4%)
(RDMA_READ_CONSUME_CHECK_CONSUMER) timestamp=2072 ms, used_size=4257792 bytes (10.4%)
(RDMA_READ_CONSUME_CHECK_CONSUMER) timestamp=2072 ms, used_size=4255744 bytes (10.4%)
(RDMA_READ_CONSUME_CHECK_CONSUMER) timestamp=2072 ms, used_size=4253696 bytes (10.4%)
(RDMA_READ_CONSUME_CHECK_CONSUMER) timestamp=2072 ms, used_size=4251648 bytes (10.4%)
(RDMA_READ_CONSUME_CHECK_CONSUMER) timestamp=2072 ms, used_size=4249600 bytes (10.4%)
(RDMA_READ_CONSUME_CHECK_CONSUMER) timestamp=2072 ms, used_size=4247552 bytes (10.4%)
(RDMA_READ_CONSUME_CHECK_CONSUMER) timestamp=2072 ms, used_size=4245504 bytes (10.4%)
(RDMA_READ_CONSUME_CHECK_CONSUMER) timestamp=2072 ms, used_size=4243456 bytes (10.4%)
(RDMA_READ_CONSUME_CHECK_CONSUMER) timestamp=2073 ms, used_size=4241408 bytes (10.4%)
(RDMA_READ_CONSUME_CHECK_CONSUMER) timestamp=2073 ms, used_size=4239360 bytes (10.3%)
(RDMA_READ_CONSUME_CHECK_CONSUMER) timestamp=2073 ms, used_size=4237312 bytes (10.3%)
(RDMA_READ_CONSUME_CHECK_CONSUMER) timestamp=2073 ms, used_size=4235264 bytes (10.3%)
(RDMA_READ_CONSUME_CHECK_CONSUMER) timestamp=2073 ms, used_size=4233216 bytes (10.3%)
(RDMA_READ_CONSUME_CHECK_CONSUMER) timestamp=2073 ms, used_size=4231168 bytes (10.3%)
(RDMA_READ_CONSUME_CHECK_CONSUMER) timestamp=2073 ms, used_size=4229120 bytes (10.3%)
(RDMA_READ_CONSUME_CHECK_CONSUMER) timestamp=2073 ms, used_size=4227072 bytes (10.3%)
(RDMA_READ_CONSUME_CHECK_CONSUMER) timestamp=2073 ms, used_size=4225024 bytes (10.3%)
(RDMA_READ_CONSUME_CHECK_CONSUMER) timestamp=2073 ms, used_size=4222976 bytes (10.3%)
(RDMA_READ_CONSUME_CHECK_CONSUMER) timestamp=2073 ms, used_size=4220928 bytes (10.3%)
(RDMA_READ_CONSUME_CHECK_CONSUMER) timestamp=2073 ms, used_size=4218880 bytes (10.3%)
(RDMA_READ_CONSUME_CHECK_CONSUMER) timestamp=2073 ms, used_size=4216832 bytes (10.3%)
(RDMA_READ_CONSUME_CHECK_CONSUMER) timestamp=2073 ms, used_size=4214784 bytes (10.3%)
(RDMA_READ_CONSUME_CHECK_CONSUMER) timestamp=2073 ms, used_size=4212736 bytes (10.3%)
(RDMA_READ_CONSUME_CHECK_CONSUMER) timestamp=2073 ms, used_size=4210688 bytes (10.3%)
(RDMA_READ_CONSUME_CHECK_CONSUMER) timestamp=2073 ms, used_size=4208640 bytes (10.3%)
(RDMA_READ_CONSUME_CHECK_CONSUMER) timestamp=2073 ms, used_size=4206592 bytes (10.3%)
(RDMA_READ_CONSUME_CHECK_CONSUMER) timestamp=2073 ms, used_size=4204544 bytes (10.3%)
(RDMA_READ_CONSUME_CHECK_CONSUMER) timestamp=2073 ms, used_size=4202496 bytes (10.3%)
(RDMA_READ_CONSUME_CHECK_CONSUMER) timestamp=2073 ms, used_size=4200448 bytes (10.3%)
(RDMA_READ_CONSUME_CHECK_CONSUMER) timestamp=2073 ms, used_size=4198400 bytes (10.2%)
(RDMA_READ_CONSUME_CHECK_CONSUMER) timestamp=2073 ms, used_size=4196352 bytes (10.2%)
(RDMA_READ_CONSUME_CHECK_CONSUMER) timestamp=2073 ms, used_size=4194304 bytes (10.2%)
(RDMA_READ_CONSUME_CHECK_CONSUMER) timestamp=2073 ms, used_size=4192256 bytes (10.2%)
(RDMA_READ_CONSUME_CHECK_CONSUMER) timestamp=2073 ms, used_size=4190208 bytes (10.2%)
(RDMA_READ_CONSUME_CHECK_CONSUMER) timestamp=2073 ms, used_size=4188160 bytes (10.2%)
(RDMA_READ_CONSUME_CHECK_CONSUMER) timestamp=2073 ms, used_size=4186112 bytes (10.2%)
(RDMA_READ_CONSUME_CHECK_CONSUMER) timestamp=2073 ms, used_size=4184064 bytes (10.2%)
(RDMA_READ_CONSUME_CHECK_CONSUMER) timestamp=2073 ms, used_size=4182016 bytes (10.2%)
(RDMA_READ_CONSUME_CHECK_CONSUMER) timestamp=2073 ms, used_size=4179968 bytes (10.2%)
(RDMA_READ_CONSUME_CHECK_CONSUMER) timestamp=2073 ms, used_size=4177920 bytes (10.2%)
(RDMA_READ_CONSUME_CHECK_CONSUMER) timestamp=2073 ms, used_size=4175872 bytes (10.2%)
(RDMA_READ_CONSUME_CHECK_CONSUMER) timestamp=2073 ms, used_size=4173824 bytes (10.2%)
(RDMA_READ_CONSUME_CHECK_CONSUMER) timestamp=2073 ms, used_size=4171776 bytes (10.2%)
(RDMA_READ_CONSUME_CHECK_CONSUMER) timestamp=2073 ms, used_size=4169728 bytes (10.2%)
(RDMA_READ_CONSUME_CHECK_CONSUMER) timestamp=2073 ms, used_size=4167680 bytes (10.2%)
(RDMA_READ_CONSUME_CHECK_CONSUMER) timestamp=2073 ms, used_size=4165632 bytes (10.2%)
(RDMA_READ_CONSUME_CHECK_CONSUMER) timestamp=2073 ms, used_size=4163584 bytes (10.2%)
(RDMA_READ_CONSUME_CHECK_CONSUMER) timestamp=2073 ms, used_size=4161536 bytes (10.2%)
(RDMA_READ_CONSUME_CHECK_CONSUMER) timestamp=2073 ms, used_size=4159488 bytes (10.2%)
(RDMA_READ_CONSUME_CHECK_CONSUMER) timestamp=2073 ms, used_size=4157440 bytes (10.2%)
(RDMA_READ_CONSUME_CHECK_CONSUMER) timestamp=2073 ms, used_size=4155392 bytes (10.1%)
(RDMA_READ_CONSUME_CHECK_CONSUMER) timestamp=2073 ms, used_size=4153344 bytes (10.1%)
(RDMA_READ_CONSUME_CHECK_CONSUMER) timestamp=2073 ms, used_size=4151296 bytes (10.1%)
(RDMA_READ_CONSUME_CHECK_CONSUMER) timestamp=2073 ms, used_size=4149248 bytes (10.1%)
(RDMA_READ_CONSUME_CHECK_CONSUMER) timestamp=2073 ms, used_size=4147200 bytes (10.1%)
(RDMA_READ_CONSUME_CHECK_CONSUMER) timestamp=2073 ms, used_size=4145152 bytes (10.1%)
(RDMA_READ_CONSUME_CHECK_CONSUMER) timestamp=2073 ms, used_size=4143104 bytes (10.1%)
(RDMA_READ_CONSUME_CHECK_CONSUMER) timestamp=2073 ms, used_size=4141056 bytes (10.1%)
(RDMA_READ_CONSUME_CHECK_CONSUMER) timestamp=2073 ms, used_size=4139008 bytes (10.1%)
(RDMA_READ_CONSUME_CHECK_CONSUMER) timestamp=2073 ms, used_size=4136960 bytes (10.1%)
(RDMA_READ_CONSUME_CHECK_CONSUMER) timestamp=2073 ms, used_size=4134912 bytes (10.1%)
(RDMA_READ_CONSUME_CHECK_CONSUMER) timestamp=2073 ms, used_size=4132864 bytes (10.1%)
(RDMA_READ_CONSUME_CHECK_CONSUMER) timestamp=2073 ms, used_size=4130816 bytes (10.1%)
(RDMA_READ_CONSUME_CHECK_CONSUMER) timestamp=2073 ms, used_size=4128768 bytes (10.1%)
(RDMA_READ_CONSUME_CHECK_CONSUMER) timestamp=2073 ms, used_size=4126720 bytes (10.1%)
(RDMA_READ_CONSUME_CHECK_CONSUMER) timestamp=2073 ms, used_size=4124672 bytes (10.1%)
(RDMA_READ_CONSUME_CHECK_CONSUMER) timestamp=2073 ms, used_size=4122624 bytes (10.1%)
(RDMA_READ_CONSUME_CHECK_CONSUMER) timestamp=2073 ms, used_size=4120576 bytes (10.1%)
(RDMA_READ_CONSUME_CHECK_CONSUMER) timestamp=2073 ms, used_size=4118528 bytes (10.1%)
(RDMA_READ_CONSUME_CHECK_CONSUMER) timestamp=2073 ms, used_size=4116480 bytes (10.1%)
(RDMA_READ_CONSUME_CHECK_CONSUMER) timestamp=2073 ms, used_size=4114432 bytes (10.0%)
(RDMA_READ_CONSUME_CHECK_CONSUMER) timestamp=2073 ms, used_size=4112384 bytes (10.0%)
(RDMA_READ_CONSUME_CHECK_CONSUMER) timestamp=2073 ms, used_size=4110336 bytes (10.0%)
(RDMA_READ_CONSUME_CHECK_CONSUMER) timestamp=2073 ms, used_size=4108288 bytes (10.0%)
(RDMA_READ_CONSUME_CHECK_CONSUMER) timestamp=2073 ms, used_size=4106240 bytes (10.0%)
(RDMA_READ_CONSUME_CHECK_CONSUMER) timestamp=2073 ms, used_size=4104192 bytes (10.0%)
(RDMA_READ_CONSUME_CHECK_CONSUMER) timestamp=2073 ms, used_size=4102144 bytes (10.0%)
(RDMA_READ_CONSUME_CHECK_CONSUMER) timestamp=2073 ms, used_size=4100096 bytes (10.0%)
(RDMA_READ_CONSUME_CHECK_CONSUMER) timestamp=2073 ms, used_size=4098048 bytes (10.0%)
(RDMA_READ_CONSUME_CHECK_CONSUMER) timestamp=2073 ms, used_size=4096000 bytes (10.0%)
(RDMA_READ_CONSUME_CHECK_CONSUMER) timestamp=2073 ms, used_size=4093952 bytes (10.0%)
(RDMA_READ_CONSUME_CHECK_CONSUMER) timestamp=2073 ms, used_size=4091904 bytes (10.0%)
(RDMA_READ_CONSUME_CHECK_CONSUMER) timestamp=2073 ms, used_size=4089856 bytes (10.0%)
(RDMA_READ_CONSUME_CHECK_CONSUMER) timestamp=2073 ms, used_size=4087808 bytes (10.0%)
(RDMA_READ_CONSUME_CHECK_CONSUMER) timestamp=2073 ms, used_size=4085760 bytes (10.0%)
(RDMA_READ_CONSUME_CHECK_CONSUMER) timestamp=2073 ms, used_size=4083712 bytes (10.0%)
(RDMA_READ_CONSUME_CHECK_CONSUMER) timestamp=2073 ms, used_size=4081664 bytes (10.0%)
(RDMA_READ_CONSUME_CHECK_CONSUMER) timestamp=2073 ms, used_size=4079616 bytes (10.0%)
(RDMA_READ_CONSUME_CHECK_CONSUMER) timestamp=2073 ms, used_size=4077568 bytes (10.0%)
(RDMA_READ_CONSUME_CHECK_CONSUMER) timestamp=2073 ms, used_size=4075520 bytes (9.9%)
(RDMA_READ_CONSUME_CHECK_CONSUMER) timestamp=2073 ms, used_size=4073472 bytes (9.9%)
(RDMA_READ_CONSUME_CHECK_CONSUMER) timestamp=2073 ms, used_size=4071424 bytes (9.9%)
(RDMA_READ_CONSUME_CHECK_CONSUMER) timestamp=2073 ms, used_size=4069376 bytes (9.9%)
(RDMA_READ_CONSUME_CHECK_CONSUMER) timestamp=2073 ms, used_size=4067328 bytes (9.9%)
(RDMA_READ_CONSUME_CHECK_CONSUMER) timestamp=2073 ms, used_size=4065280 bytes (9.9%)
(RDMA_READ_CONSUME_CHECK_CONSUMER) timestamp=2073 ms, used_size=4063232 bytes (9.9%)
(RDMA_READ_CONSUME_CHECK_CONSUMER) timestamp=2073 ms, used_size=4061184 bytes (9.9%)
(RDMA_READ_CONSUME_CHECK_CONSUMER) timestamp=2073 ms, used_size=4059136 bytes (9.9%)
(RDMA_READ_CONSUME_CHECK_CONSUMER) timestamp=2073 ms, used_size=4057088 bytes (9.9%)
(RDMA_READ_CONSUME_CHECK_CONSUMER) timestamp=2073 ms, used_size=4055040 bytes (9.9%)
(RDMA_READ_CONSUME_CHECK_CONSUMER) timestamp=2073 ms, used_size=4052992 bytes (9.9%)
(RDMA_READ_CONSUME_CHECK_CONSUMER) timestamp=2073 ms, used_size=4050944 bytes (9.9%)
(RDMA_READ_CONSUME_CHECK_CONSUMER) timestamp=2073 ms, used_size=4048896 bytes (9.9%)
(RDMA_READ_CONSUME_CHECK_CONSUMER) timestamp=2073 ms, used_size=4046848 bytes (9.9%)
(RDMA_READ_CONSUME_CHECK_CONSUMER) timestamp=2073 ms, used_size=4044800 bytes (9.9%)
(RDMA_READ_CONSUME_CHECK_CONSUMER) timestamp=2073 ms, used_size=4042752 bytes (9.9%)
(RDMA_READ_CONSUME_CHECK_CONSUMER) timestamp=2073 ms, used_size=4040704 bytes (9.9%)
(RDMA_READ_CONSUME_CHECK_CONSUMER) timestamp=2073 ms, used_size=4038656 bytes (9.9%)
(RDMA_READ_CONSUME_CHECK_CONSUMER) timestamp=2073 ms, used_size=4036608 bytes (9.9%)
(RDMA_READ_CONSUME_CHECK_CONSUMER) timestamp=2073 ms, used_size=4034560 bytes (9.8%)
(RDMA_READ_CONSUME_CHECK_CONSUMER) timestamp=2073 ms, used_size=4032512 bytes (9.8%)
(RDMA_READ_CONSUME_CHECK_CONSUMER) timestamp=2073 ms, used_size=4030464 bytes (9.8%)
(RDMA_READ_CONSUME_CHECK_CONSUMER) timestamp=2073 ms, used_size=4028416 bytes (9.8%)
(RDMA_READ_CONSUME_CHECK_CONSUMER) timestamp=2073 ms, used_size=4026368 bytes (9.8%)
(RDMA_READ_CONSUME_CHECK_CONSUMER) timestamp=2073 ms, used_size=4024320 bytes (9.8%)
(RDMA_READ_CONSUME_CHECK_CONSUMER) timestamp=2073 ms, used_size=4022272 bytes (9.8%)
(RDMA_READ_CONSUME_CHECK_CONSUMER) timestamp=2073 ms, used_size=4020224 bytes (9.8%)
(RDMA_READ_CONSUME_CHECK_CONSUMER) timestamp=2073 ms, used_size=4018176 bytes (9.8%)
(RDMA_READ_CONSUME_CHECK_CONSUMER) timestamp=2073 ms, used_size=4016128 bytes (9.8%)
(RDMA_READ_CONSUME_CHECK_CONSUMER) timestamp=2073 ms, used_size=4014080 bytes (9.8%)
(RDMA_READ_CONSUME_CHECK_CONSUMER) timestamp=2073 ms, used_size=4012032 bytes (9.8%)
(RDMA_READ_CONSUME_CHECK_CONSUMER) timestamp=2073 ms, used_size=4009984 bytes (9.8%)
(RDMA_READ_CONSUME_CHECK_CONSUMER) timestamp=2073 ms, used_size=4007936 bytes (9.8%)
(RDMA_READ_CONSUME_CHECK_CONSUMER) timestamp=2073 ms, used_size=4005888 bytes (9.8%)
(RDMA_READ_CONSUME_CHECK_CONSUMER) timestamp=2073 ms, used_size=4003840 bytes (9.8%)
(RDMA_READ_CONSUME_CHECK_CONSUMER) timestamp=2073 ms, used_size=4001792 bytes (9.8%)
(RDMA_READ_CONSUME_CHECK_CONSUMER) timestamp=2073 ms, used_size=3999744 bytes (9.8%)
(RDMA_READ_CONSUME_CHECK_CONSUMER) timestamp=2073 ms, used_size=3997696 bytes (9.8%)
(RDMA_READ_CONSUME_CHECK_CONSUMER) timestamp=2073 ms, used_size=3995648 bytes (9.8%)
(RDMA_READ_CONSUME_CHECK_CONSUMER) timestamp=2073 ms, used_size=3993600 bytes (9.8%)
(RDMA_READ_CONSUME_CHECK_CONSUMER) timestamp=2073 ms, used_size=3991552 bytes (9.7%)
(RDMA_READ_CONSUME_CHECK_CONSUMER) timestamp=2073 ms, used_size=3989504 bytes (9.7%)
(RDMA_READ_CONSUME_CHECK_CONSUMER) timestamp=2073 ms, used_size=3987456 bytes (9.7%)
(RDMA_READ_CONSUME_CHECK_CONSUMER) timestamp=2073 ms, used_size=3985408 bytes (9.7%)
(RDMA_READ_CONSUME_CHECK_CONSUMER) timestamp=2073 ms, used_size=3983360 bytes (9.7%)
(RDMA_READ_CONSUME_CHECK_CONSUMER) timestamp=2073 ms, used_size=3981312 bytes (9.7%)
(RDMA_READ_CONSUME_CHECK_CONSUMER) timestamp=2073 ms, used_size=3979264 bytes (9.7%)
(RDMA_READ_CONSUME_CHECK_CONSUMER) timestamp=2073 ms, used_size=3977216 bytes (9.7%)
(RDMA_READ_CONSUME_CHECK_CONSUMER) timestamp=2073 ms, used_size=3975168 bytes (9.7%)
(RDMA_READ_CONSUME_CHECK_CONSUMER) timestamp=2073 ms, used_size=3973120 bytes (9.7%)
(RDMA_READ_CONSUME_CHECK_CONSUMER) timestamp=2073 ms, used_size=3971072 bytes (9.7%)
(RDMA_READ_CONSUME_CHECK_CONSUMER) timestamp=2073 ms, used_size=3969024 bytes (9.7%)
(RDMA_READ_CONSUME_CHECK_CONSUMER) timestamp=2073 ms, used_size=3966976 bytes (9.7%)
(RDMA_READ_CONSUME_CHECK_CONSUMER) timestamp=2073 ms, used_size=3964928 bytes (9.7%)
(RDMA_READ_CONSUME_CHECK_CONSUMER) timestamp=2073 ms, used_size=3962880 bytes (9.7%)
(RDMA_READ_CONSUME_CHECK_CONSUMER) timestamp=2073 ms, used_size=3960832 bytes (9.7%)
(RDMA_READ_CONSUME_CHECK_CONSUMER) timestamp=2073 ms, used_size=3958784 bytes (9.7%)
(RDMA_READ_CONSUME_CHECK_CONSUMER) timestamp=2073 ms, used_size=3956736 bytes (9.7%)
(RDMA_READ_CONSUME_CHECK_CONSUMER) timestamp=2073 ms, used_size=3954688 bytes (9.7%)
(RDMA_READ_CONSUME_CHECK_CONSUMER) timestamp=2073 ms, used_size=3952640 bytes (9.7%)
(RDMA_READ_CONSUME_CHECK_CONSUMER) timestamp=2073 ms, used_size=3950592 bytes (9.6%)
(RDMA_READ_CONSUME_CHECK_CONSUMER) timestamp=2073 ms, used_size=3948544 bytes (9.6%)
(RDMA_READ_CONSUME_CHECK_CONSUMER) timestamp=2073 ms, used_size=3946496 bytes (9.6%)
(RDMA_READ_CONSUME_CHECK_CONSUMER) timestamp=2073 ms, used_size=3944448 bytes (9.6%)
(RDMA_READ_CONSUME_CHECK_CONSUMER) timestamp=2073 ms, used_size=3942400 bytes (9.6%)
(RDMA_READ_CONSUME_CHECK_CONSUMER) timestamp=2073 ms, used_size=3940352 bytes (9.6%)
(RDMA_READ_CONSUME_CHECK_CONSUMER) timestamp=2073 ms, used_size=3938304 bytes (9.6%)
(RDMA_READ_CONSUME_CHECK_CONSUMER) timestamp=2073 ms, used_size=3936256 bytes (9.6%)
(RDMA_READ_CONSUME_CHECK_CONSUMER) timestamp=2073 ms, used_size=3934208 bytes (9.6%)
(RDMA_READ_CONSUME_CHECK_CONSUMER) timestamp=2073 ms, used_size=3932160 bytes (9.6%)
(RDMA_READ_CONSUME_CHECK_CONSUMER) timestamp=2073 ms, used_size=3930112 bytes (9.6%)
(RDMA_READ_CONSUME_CHECK_CONSUMER) timestamp=2073 ms, used_size=3928064 bytes (9.6%)
(RDMA_READ_CONSUME_CHECK_CONSUMER) timestamp=2073 ms, used_size=3926016 bytes (9.6%)
(RDMA_READ_CONSUME_CHECK_CONSUMER) timestamp=2073 ms, used_size=3923968 bytes (9.6%)
(RDMA_READ_CONSUME_CHECK_CONSUMER) timestamp=2073 ms, used_size=3921920 bytes (9.6%)
(RDMA_READ_CONSUME_CHECK_CONSUMER) timestamp=2073 ms, used_size=3919872 bytes (9.6%)
(RDMA_READ_CONSUME_CHECK_CONSUMER) timestamp=2073 ms, used_size=3917824 bytes (9.6%)
(RDMA_READ_CONSUME_CHECK_CONSUMER) timestamp=2073 ms, used_size=3915776 bytes (9.6%)
(RDMA_READ_CONSUME_CHECK_CONSUMER) timestamp=2073 ms, used_size=3913728 bytes (9.6%)
(RDMA_READ_CONSUME_CHECK_CONSUMER) timestamp=2073 ms, used_size=3911680 bytes (9.6%)
(RDMA_READ_CONSUME_CHECK_CONSUMER) timestamp=2073 ms, used_size=3909632 bytes (9.5%)
(RDMA_READ_CONSUME_CHECK_CONSUMER) timestamp=2073 ms, used_size=3907584 bytes (9.5%)
(RDMA_READ_CONSUME_CHECK_CONSUMER) timestamp=2073 ms, used_size=3905536 bytes (9.5%)
(RDMA_READ_CONSUME_CHECK_CONSUMER) timestamp=2073 ms, used_size=3903488 bytes (9.5%)
(RDMA_READ_CONSUME_CHECK_CONSUMER) timestamp=2073 ms, used_size=3901440 bytes (9.5%)
(RDMA_READ_CONSUME_CHECK_CONSUMER) timestamp=2073 ms, used_size=3899392 bytes (9.5%)
(RDMA_READ_CONSUME_CHECK_CONSUMER) timestamp=2073 ms, used_size=3897344 bytes (9.5%)
(RDMA_READ_CONSUME_CHECK_CONSUMER) timestamp=2073 ms, used_size=3895296 bytes (9.5%)
(RDMA_READ_CONSUME_CHECK_CONSUMER) timestamp=2073 ms, used_size=3893248 bytes (9.5%)
(RDMA_READ_CONSUME_CHECK_CONSUMER) timestamp=2073 ms, used_size=3891200 bytes (9.5%)
(RDMA_READ_CONSUME_CHECK_CONSUMER) timestamp=2073 ms, used_size=3889152 bytes (9.5%)
(RDMA_READ_CONSUME_CHECK_CONSUMER) timestamp=2073 ms, used_size=3887104 bytes (9.5%)
(RDMA_READ_CONSUME_CHECK_CONSUMER) timestamp=2073 ms, used_size=3885056 bytes (9.5%)
(RDMA_READ_CONSUME_CHECK_CONSUMER) timestamp=2073 ms, used_size=3883008 bytes (9.5%)
(RDMA_READ_CONSUME_CHECK_CONSUMER) timestamp=2073 ms, used_size=3880960 bytes (9.5%)
(RDMA_READ_CONSUME_CHECK_CONSUMER) timestamp=2073 ms, used_size=3878912 bytes (9.5%)
(RDMA_READ_CONSUME_CHECK_CONSUMER) timestamp=2073 ms, used_size=3876864 bytes (9.5%)
(RDMA_READ_CONSUME_CHECK_CONSUMER) timestamp=2074 ms, used_size=3874816 bytes (9.5%)
(RDMA_READ_CONSUME_CHECK_CONSUMER) timestamp=2074 ms, used_size=3872768 bytes (9.5%)
(RDMA_READ_CONSUME_CHECK_CONSUMER) timestamp=2074 ms, used_size=3870720 bytes (9.4%)
(RDMA_READ_CONSUME_CHECK_CONSUMER) timestamp=2074 ms, used_size=3868672 bytes (9.4%)
(RDMA_READ_CONSUME_CHECK_CONSUMER) timestamp=2074 ms, used_size=3866624 bytes (9.4%)
(RDMA_READ_CONSUME_CHECK_CONSUMER) timestamp=2074 ms, used_size=3864576 bytes (9.4%)
(RDMA_READ_CONSUME_CHECK_CONSUMER) timestamp=2074 ms, used_size=3862528 bytes (9.4%)
(RDMA_READ_CONSUME_CHECK_CONSUMER) timestamp=2074 ms, used_size=3860480 bytes (9.4%)
(RDMA_READ_CONSUME_CHECK_CONSUMER) timestamp=2074 ms, used_size=3858432 bytes (9.4%)
(RDMA_READ_CONSUME_CHECK_CONSUMER) timestamp=2074 ms, used_size=3856384 bytes (9.4%)
(RDMA_READ_CONSUME_CHECK_CONSUMER) timestamp=2074 ms, used_size=3854336 bytes (9.4%)
(RDMA_READ_CONSUME_CHECK_CONSUMER) timestamp=2074 ms, used_size=3852288 bytes (9.4%)
(RDMA_READ_CONSUME_CHECK_CONSUMER) timestamp=2074 ms, used_size=3850240 bytes (9.4%)
(RDMA_READ_CONSUME_CHECK_CONSUMER) timestamp=2074 ms, used_size=3848192 bytes (9.4%)
(RDMA_READ_CONSUME_CHECK_CONSUMER) timestamp=2074 ms, used_size=3846144 bytes (9.4%)
(RDMA_READ_CONSUME_CHECK_CONSUMER) timestamp=2074 ms, used_size=3844096 bytes (9.4%)
(RDMA_READ_CONSUME_CHECK_CONSUMER) timestamp=2074 ms, used_size=3842048 bytes (9.4%)
(RDMA_READ_CONSUME_CHECK_CONSUMER) timestamp=2074 ms, used_size=3840000 bytes (9.4%)
(RDMA_READ_CONSUME_CHECK_CONSUMER) timestamp=2074 ms, used_size=3837952 bytes (9.4%)
(RDMA_READ_CONSUME_CHECK_CONSUMER) timestamp=2074 ms, used_size=3835904 bytes (9.4%)
(RDMA_READ_CONSUME_CHECK_CONSUMER) timestamp=2074 ms, used_size=3833856 bytes (9.4%)
(RDMA_READ_CONSUME_CHECK_CONSUMER) timestamp=2074 ms, used_size=3831808 bytes (9.4%)
(RDMA_READ_CONSUME_CHECK_CONSUMER) timestamp=2074 ms, used_size=3829760 bytes (9.3%)
(RDMA_READ_CONSUME_CHECK_CONSUMER) timestamp=2074 ms, used_size=3827712 bytes (9.3%)
(RDMA_READ_CONSUME_CHECK_CONSUMER) timestamp=2074 ms, used_size=3825664 bytes (9.3%)
(RDMA_READ_CONSUME_CHECK_CONSUMER) timestamp=2074 ms, used_size=3823616 bytes (9.3%)
(RDMA_READ_CONSUME_CHECK_CONSUMER) timestamp=2074 ms, used_size=3821568 bytes (9.3%)
(RDMA_READ_CONSUME_CHECK_CONSUMER) timestamp=2074 ms, used_size=3819520 bytes (9.3%)
(RDMA_READ_CONSUME_CHECK_CONSUMER) timestamp=2074 ms, used_size=3817472 bytes (9.3%)
(RDMA_READ_CONSUME_CHECK_CONSUMER) timestamp=2074 ms, used_size=3815424 bytes (9.3%)
(RDMA_READ_CONSUME_CHECK_CONSUMER) timestamp=2074 ms, used_size=3813376 bytes (9.3%)
(RDMA_READ_CONSUME_CHECK_CONSUMER) timestamp=2074 ms, used_size=3811328 bytes (9.3%)
(RDMA_READ_CONSUME_CHECK_CONSUMER) timestamp=2074 ms, used_size=3809280 bytes (9.3%)
(RDMA_READ_CONSUME_CHECK_CONSUMER) timestamp=2074 ms, used_size=3807232 bytes (9.3%)
(RDMA_READ_CONSUME_CHECK_CONSUMER) timestamp=2074 ms, used_size=3805184 bytes (9.3%)
(RDMA_READ_CONSUME_CHECK_CONSUMER) timestamp=2074 ms, used_size=3803136 bytes (9.3%)
(RDMA_READ_CONSUME_CHECK_CONSUMER) timestamp=2074 ms, used_size=3801088 bytes (9.3%)
(RDMA_READ_CONSUME_CHECK_CONSUMER) timestamp=2074 ms, used_size=3799040 bytes (9.3%)
(RDMA_READ_CONSUME_CHECK_CONSUMER) timestamp=2074 ms, used_size=3796992 bytes (9.3%)
(RDMA_READ_CONSUME_CHECK_CONSUMER) timestamp=2074 ms, used_size=3794944 bytes (9.3%)
(RDMA_READ_CONSUME_CHECK_CONSUMER) timestamp=2074 ms, used_size=3792896 bytes (9.3%)
(RDMA_READ_CONSUME_CHECK_CONSUMER) timestamp=2074 ms, used_size=3790848 bytes (9.3%)
(RDMA_READ_CONSUME_CHECK_CONSUMER) timestamp=2074 ms, used_size=3788800 bytes (9.2%)
(RDMA_READ_CONSUME_CHECK_CONSUMER) timestamp=2074 ms, used_size=3786752 bytes (9.2%)
(RDMA_READ_CONSUME_CHECK_CONSUMER) timestamp=2074 ms, used_size=3784704 bytes (9.2%)
(RDMA_READ_CONSUME_CHECK_CONSUMER) timestamp=2074 ms, used_size=3782656 bytes (9.2%)
(RDMA_READ_CONSUME_CHECK_CONSUMER) timestamp=2074 ms, used_size=3780608 bytes (9.2%)
(RDMA_READ_CONSUME_CHECK_CONSUMER) timestamp=2074 ms, used_size=3778560 bytes (9.2%)
(RDMA_READ_CONSUME_CHECK_CONSUMER) timestamp=2074 ms, used_size=3776512 bytes (9.2%)
(RDMA_READ_CONSUME_CHECK_CONSUMER) timestamp=2074 ms, used_size=3774464 bytes (9.2%)
(RDMA_READ_CONSUME_CHECK_CONSUMER) timestamp=2074 ms, used_size=3772416 bytes (9.2%)
(RDMA_READ_CONSUME_CHECK_CONSUMER) timestamp=2074 ms, used_size=3770368 bytes (9.2%)
(RDMA_READ_CONSUME_CHECK_CONSUMER) timestamp=2074 ms, used_size=3768320 bytes (9.2%)
(RDMA_READ_CONSUME_CHECK_CONSUMER) timestamp=2074 ms, used_size=3766272 bytes (9.2%)
(RDMA_READ_CONSUME_CHECK_CONSUMER) timestamp=2074 ms, used_size=3764224 bytes (9.2%)
(RDMA_READ_CONSUME_CHECK_CONSUMER) timestamp=2074 ms, used_size=3762176 bytes (9.2%)
(RDMA_READ_CONSUME_CHECK_CONSUMER) timestamp=2074 ms, used_size=3760128 bytes (9.2%)
(RDMA_READ_CONSUME_CHECK_CONSUMER) timestamp=2074 ms, used_size=3758080 bytes (9.2%)
(RDMA_READ_CONSUME_CHECK_CONSUMER) timestamp=2074 ms, used_size=3756032 bytes (9.2%)
(RDMA_READ_CONSUME_CHECK_CONSUMER) timestamp=2074 ms, used_size=3753984 bytes (9.2%)
(RDMA_READ_CONSUME_CHECK_CONSUMER) timestamp=2074 ms, used_size=3751936 bytes (9.2%)
(RDMA_READ_CONSUME_CHECK_CONSUMER) timestamp=2074 ms, used_size=3749888 bytes (9.2%)
(RDMA_READ_CONSUME_CHECK_CONSUMER) timestamp=2074 ms, used_size=3747840 bytes (9.2%)
(RDMA_READ_CONSUME_CHECK_CONSUMER) timestamp=2074 ms, used_size=3745792 bytes (9.1%)
(RDMA_READ_CONSUME_CHECK_CONSUMER) timestamp=2074 ms, used_size=3743744 bytes (9.1%)
(RDMA_READ_CONSUME_CHECK_CONSUMER) timestamp=2074 ms, used_size=3741696 bytes (9.1%)
(RDMA_READ_CONSUME_CHECK_CONSUMER) timestamp=2074 ms, used_size=3739648 bytes (9.1%)
(RDMA_READ_CONSUME_CHECK_CONSUMER) timestamp=2074 ms, used_size=3737600 bytes (9.1%)
(RDMA_READ_CONSUME_CHECK_CONSUMER) timestamp=2074 ms, used_size=3735552 bytes (9.1%)
(RDMA_READ_CONSUME_CHECK_CONSUMER) timestamp=2074 ms, used_size=3733504 bytes (9.1%)
(RDMA_READ_CONSUME_CHECK_CONSUMER) timestamp=2074 ms, used_size=3731456 bytes (9.1%)
(RDMA_READ_CONSUME_CHECK_CONSUMER) timestamp=2074 ms, used_size=3729408 bytes (9.1%)
(RDMA_READ_CONSUME_CHECK_CONSUMER) timestamp=2074 ms, used_size=3727360 bytes (9.1%)
(RDMA_READ_CONSUME_CHECK_CONSUMER) timestamp=2074 ms, used_size=3725312 bytes (9.1%)
(RDMA_READ_CONSUME_CHECK_CONSUMER) timestamp=2074 ms, used_size=3723264 bytes (9.1%)
(RDMA_READ_CONSUME_CHECK_CONSUMER) timestamp=2074 ms, used_size=3721216 bytes (9.1%)
(RDMA_READ_CONSUME_CHECK_CONSUMER) timestamp=2074 ms, used_size=3719168 bytes (9.1%)
(RDMA_READ_CONSUME_CHECK_CONSUMER) timestamp=2074 ms, used_size=3717120 bytes (9.1%)
(RDMA_READ_CONSUME_CHECK_CONSUMER) timestamp=2074 ms, used_size=3715072 bytes (9.1%)
(RDMA_READ_CONSUME_CHECK_CONSUMER) timestamp=2074 ms, used_size=3713024 bytes (9.1%)
(RDMA_READ_CONSUME_CHECK_CONSUMER) timestamp=2074 ms, used_size=3710976 bytes (9.1%)
(RDMA_READ_CONSUME_CHECK_CONSUMER) timestamp=2074 ms, used_size=3708928 bytes (9.1%)
(RDMA_READ_CONSUME_CHECK_CONSUMER) timestamp=2074 ms, used_size=3706880 bytes (9.1%)
(RDMA_READ_CONSUME_CHECK_CONSUMER) timestamp=2074 ms, used_size=3704832 bytes (9.0%)
(RDMA_READ_CONSUME_CHECK_CONSUMER) timestamp=2074 ms, used_size=3702784 bytes (9.0%)
(RDMA_READ_CONSUME_CHECK_CONSUMER) timestamp=2074 ms, used_size=3700736 bytes (9.0%)
(RDMA_READ_CONSUME_CHECK_CONSUMER) timestamp=2074 ms, used_size=3698688 bytes (9.0%)
(RDMA_READ_CONSUME_CHECK_CONSUMER) timestamp=2074 ms, used_size=3696640 bytes (9.0%)
(RDMA_READ_CONSUME_CHECK_CONSUMER) timestamp=2074 ms, used_size=3694592 bytes (9.0%)
(RDMA_READ_CONSUME_CHECK_CONSUMER) timestamp=2074 ms, used_size=3692544 bytes (9.0%)
(RDMA_READ_CONSUME_CHECK_CONSUMER) timestamp=2074 ms, used_size=3690496 bytes (9.0%)
(RDMA_READ_CONSUME_CHECK_CONSUMER) timestamp=2074 ms, used_size=3688448 bytes (9.0%)
(RDMA_READ_CONSUME_CHECK_CONSUMER) timestamp=2074 ms, used_size=3686400 bytes (9.0%)
(RDMA_READ_CONSUME_CHECK_CONSUMER) timestamp=2074 ms, used_size=3684352 bytes (9.0%)
(RDMA_READ_CONSUME_CHECK_CONSUMER) timestamp=2074 ms, used_size=3682304 bytes (9.0%)
(RDMA_READ_CONSUME_CHECK_CONSUMER) timestamp=2074 ms, used_size=3680256 bytes (9.0%)
(RDMA_READ_CONSUME_CHECK_CONSUMER) timestamp=2074 ms, used_size=3678208 bytes (9.0%)
(RDMA_READ_CONSUME_CHECK_CONSUMER) timestamp=2074 ms, used_size=3676160 bytes (9.0%)
(RDMA_READ_CONSUME_CHECK_CONSUMER) timestamp=2074 ms, used_size=3674112 bytes (9.0%)
(RDMA_READ_CONSUME_CHECK_CONSUMER) timestamp=2074 ms, used_size=3672064 bytes (9.0%)
(RDMA_READ_CONSUME_CHECK_CONSUMER) timestamp=2074 ms, used_size=3670016 bytes (9.0%)
(RDMA_READ_CONSUME_CHECK_CONSUMER) timestamp=2074 ms, used_size=3667968 bytes (9.0%)
(RDMA_READ_CONSUME_CHECK_CONSUMER) timestamp=2074 ms, used_size=3665920 bytes (8.9%)
(RDMA_READ_CONSUME_CHECK_CONSUMER) timestamp=2074 ms, used_size=3663872 bytes (8.9%)
(RDMA_READ_CONSUME_CHECK_CONSUMER) timestamp=2074 ms, used_size=3661824 bytes (8.9%)
(RDMA_READ_CONSUME_CHECK_CONSUMER) timestamp=2074 ms, used_size=3659776 bytes (8.9%)
(RDMA_READ_CONSUME_CHECK_CONSUMER) timestamp=2074 ms, used_size=3657728 bytes (8.9%)
(RDMA_READ_CONSUME_CHECK_CONSUMER) timestamp=2074 ms, used_size=3655680 bytes (8.9%)
(RDMA_READ_CONSUME_CHECK_CONSUMER) timestamp=2074 ms, used_size=3653632 bytes (8.9%)
(RDMA_READ_CONSUME_CHECK_CONSUMER) timestamp=2074 ms, used_size=3651584 bytes (8.9%)
(RDMA_READ_CONSUME_CHECK_CONSUMER) timestamp=2074 ms, used_size=3649536 bytes (8.9%)
(RDMA_READ_CONSUME_CHECK_CONSUMER) timestamp=2074 ms, used_size=3647488 bytes (8.9%)
(RDMA_READ_CONSUME_CHECK_CONSUMER) timestamp=2074 ms, used_size=3645440 bytes (8.9%)
(RDMA_READ_CONSUME_CHECK_CONSUMER) timestamp=2074 ms, used_size=3643392 bytes (8.9%)
(RDMA_READ_CONSUME_CHECK_CONSUMER) timestamp=2074 ms, used_size=3641344 bytes (8.9%)
(RDMA_READ_CONSUME_CHECK_CONSUMER) timestamp=2074 ms, used_size=3639296 bytes (8.9%)
(RDMA_READ_CONSUME_CHECK_CONSUMER) timestamp=2074 ms, used_size=3637248 bytes (8.9%)
(RDMA_READ_CONSUME_CHECK_CONSUMER) timestamp=2074 ms, used_size=3635200 bytes (8.9%)
(RDMA_READ_CONSUME_CHECK_CONSUMER) timestamp=2074 ms, used_size=3633152 bytes (8.9%)
(RDMA_READ_CONSUME_CHECK_CONSUMER) timestamp=2074 ms, used_size=3631104 bytes (8.9%)
(RDMA_READ_CONSUME_CHECK_CONSUMER) timestamp=2074 ms, used_size=3629056 bytes (8.9%)
(RDMA_READ_CONSUME_CHECK_CONSUMER) timestamp=2074 ms, used_size=3627008 bytes (8.9%)
(RDMA_READ_CONSUME_CHECK_CONSUMER) timestamp=2074 ms, used_size=3624960 bytes (8.8%)
(RDMA_READ_CONSUME_CHECK_CONSUMER) timestamp=2074 ms, used_size=3622912 bytes (8.8%)
(RDMA_READ_CONSUME_CHECK_CONSUMER) timestamp=2074 ms, used_size=3620864 bytes (8.8%)
(RDMA_READ_CONSUME_CHECK_CONSUMER) timestamp=2074 ms, used_size=3618816 bytes (8.8%)
(RDMA_READ_CONSUME_CHECK_CONSUMER) timestamp=2074 ms, used_size=3616768 bytes (8.8%)
(RDMA_READ_CONSUME_CHECK_CONSUMER) timestamp=2074 ms, used_size=3614720 bytes (8.8%)
(RDMA_READ_CONSUME_CHECK_CONSUMER) timestamp=2074 ms, used_size=3612672 bytes (8.8%)
(RDMA_READ_CONSUME_CHECK_CONSUMER) timestamp=2074 ms, used_size=3610624 bytes (8.8%)
(RDMA_READ_CONSUME_CHECK_CONSUMER) timestamp=2074 ms, used_size=3608576 bytes (8.8%)
(RDMA_READ_CONSUME_CHECK_CONSUMER) timestamp=2074 ms, used_size=3606528 bytes (8.8%)
(RDMA_READ_CONSUME_CHECK_CONSUMER) timestamp=2074 ms, used_size=3604480 bytes (8.8%)
(RDMA_READ_CONSUME_CHECK_CONSUMER) timestamp=2074 ms, used_size=3602432 bytes (8.8%)
(RDMA_READ_CONSUME_CHECK_CONSUMER) timestamp=2074 ms, used_size=3600384 bytes (8.8%)
(RDMA_READ_CONSUME_CHECK_CONSUMER) timestamp=2074 ms, used_size=3598336 bytes (8.8%)
(RDMA_READ_CONSUME_CHECK_CONSUMER) timestamp=2074 ms, used_size=3596288 bytes (8.8%)
(RDMA_READ_CONSUME_CHECK_CONSUMER) timestamp=2074 ms, used_size=3594240 bytes (8.8%)
(RDMA_READ_CONSUME_CHECK_CONSUMER) timestamp=2074 ms, used_size=3592192 bytes (8.8%)
(RDMA_READ_CONSUME_CHECK_CONSUMER) timestamp=2074 ms, used_size=3590144 bytes (8.8%)
(RDMA_READ_CONSUME_CHECK_CONSUMER) timestamp=2074 ms, used_size=3588096 bytes (8.8%)
(RDMA_READ_CONSUME_CHECK_CONSUMER) timestamp=2074 ms, used_size=3586048 bytes (8.8%)
(RDMA_READ_CONSUME_CHECK_CONSUMER) timestamp=2074 ms, used_size=3584000 bytes (8.8%)
(RDMA_READ_CONSUME_CHECK_CONSUMER) timestamp=2074 ms, used_size=3581952 bytes (8.7%)
(RDMA_READ_CONSUME_CHECK_CONSUMER) timestamp=2074 ms, used_size=3579904 bytes (8.7%)
(RDMA_READ_CONSUME_CHECK_CONSUMER) timestamp=2074 ms, used_size=3577856 bytes (8.7%)
(RDMA_READ_CONSUME_CHECK_CONSUMER) timestamp=2074 ms, used_size=3575808 bytes (8.7%)
(RDMA_READ_CONSUME_CHECK_CONSUMER) timestamp=2074 ms, used_size=3573760 bytes (8.7%)
(RDMA_READ_CONSUME_CHECK_CONSUMER) timestamp=2074 ms, used_size=3571712 bytes (8.7%)
(RDMA_READ_CONSUME_CHECK_CONSUMER) timestamp=2074 ms, used_size=3569664 bytes (8.7%)
(RDMA_READ_CONSUME_CHECK_CONSUMER) timestamp=2074 ms, used_size=3567616 bytes (8.7%)
(RDMA_READ_CONSUME_CHECK_CONSUMER) timestamp=2074 ms, used_size=3565568 bytes (8.7%)
(RDMA_READ_CONSUME_CHECK_CONSUMER) timestamp=2074 ms, used_size=3563520 bytes (8.7%)
(RDMA_READ_CONSUME_CHECK_CONSUMER) timestamp=2074 ms, used_size=3561472 bytes (8.7%)
(RDMA_READ_CONSUME_CHECK_CONSUMER) timestamp=2074 ms, used_size=3559424 bytes (8.7%)
(RDMA_READ_CONSUME_CHECK_CONSUMER) timestamp=2074 ms, used_size=3557376 bytes (8.7%)
(RDMA_READ_CONSUME_CHECK_CONSUMER) timestamp=2074 ms, used_size=3555328 bytes (8.7%)
(RDMA_READ_CONSUME_CHECK_CONSUMER) timestamp=2074 ms, used_size=3553280 bytes (8.7%)
(RDMA_READ_CONSUME_CHECK_CONSUMER) timestamp=2074 ms, used_size=3551232 bytes (8.7%)
(RDMA_READ_CONSUME_CHECK_CONSUMER) timestamp=2074 ms, used_size=3549184 bytes (8.7%)
(RDMA_READ_CONSUME_CHECK_CONSUMER) timestamp=2074 ms, used_size=3547136 bytes (8.7%)
(RDMA_READ_CONSUME_CHECK_CONSUMER) timestamp=2074 ms, used_size=3545088 bytes (8.7%)
(RDMA_READ_CONSUME_CHECK_CONSUMER) timestamp=2074 ms, used_size=3543040 bytes (8.7%)
(RDMA_READ_CONSUME_CHECK_CONSUMER) timestamp=2074 ms, used_size=3540992 bytes (8.6%)
(RDMA_READ_CONSUME_CHECK_CONSUMER) timestamp=2074 ms, used_size=3538944 bytes (8.6%)
(RDMA_READ_CONSUME_CHECK_CONSUMER) timestamp=2074 ms, used_size=3536896 bytes (8.6%)
(RDMA_READ_CONSUME_CHECK_CONSUMER) timestamp=2074 ms, used_size=3534848 bytes (8.6%)
(RDMA_READ_CONSUME_CHECK_CONSUMER) timestamp=2074 ms, used_size=3532800 bytes (8.6%)
(RDMA_READ_CONSUME_CHECK_CONSUMER) timestamp=2074 ms, used_size=3530752 bytes (8.6%)
(RDMA_READ_CONSUME_CHECK_CONSUMER) timestamp=2074 ms, used_size=3528704 bytes (8.6%)
(RDMA_READ_CONSUME_CHECK_CONSUMER) timestamp=2074 ms, used_size=3526656 bytes (8.6%)
(RDMA_READ_CONSUME_CHECK_CONSUMER) timestamp=2074 ms, used_size=3524608 bytes (8.6%)
(RDMA_READ_CONSUME_CHECK_CONSUMER) timestamp=2074 ms, used_size=3522560 bytes (8.6%)
(RDMA_READ_CONSUME_CHECK_CONSUMER) timestamp=2074 ms, used_size=3520512 bytes (8.6%)
(RDMA_READ_CONSUME_CHECK_CONSUMER) timestamp=2074 ms, used_size=3518464 bytes (8.6%)
(RDMA_READ_CONSUME_CHECK_CONSUMER) timestamp=2074 ms, used_size=3516416 bytes (8.6%)
(RDMA_READ_CONSUME_CHECK_CONSUMER) timestamp=2074 ms, used_size=3514368 bytes (8.6%)
(RDMA_READ_CONSUME_CHECK_CONSUMER) timestamp=2074 ms, used_size=3512320 bytes (8.6%)
(RDMA_READ_CONSUME_CHECK_CONSUMER) timestamp=2074 ms, used_size=3510272 bytes (8.6%)
(RDMA_READ_CONSUME_CHECK_CONSUMER) timestamp=2075 ms, used_size=3508224 bytes (8.6%)
(RDMA_READ_CONSUME_CHECK_CONSUMER) timestamp=2075 ms, used_size=3506176 bytes (8.6%)
(RDMA_READ_CONSUME_CHECK_CONSUMER) timestamp=2075 ms, used_size=3504128 bytes (8.6%)
(RDMA_READ_CONSUME_CHECK_CONSUMER) timestamp=2075 ms, used_size=3502080 bytes (8.6%)
(RDMA_READ_CONSUME_CHECK_CONSUMER) timestamp=2075 ms, used_size=3500032 bytes (8.5%)
(RDMA_READ_CONSUME_CHECK_CONSUMER) timestamp=2075 ms, used_size=3497984 bytes (8.5%)
(RDMA_READ_CONSUME_CHECK_CONSUMER) timestamp=2075 ms, used_size=3495936 bytes (8.5%)
(RDMA_READ_CONSUME_CHECK_CONSUMER) timestamp=2075 ms, used_size=3493888 bytes (8.5%)
(RDMA_READ_CONSUME_CHECK_CONSUMER) timestamp=2075 ms, used_size=3491840 bytes (8.5%)
(RDMA_READ_CONSUME_CHECK_CONSUMER) timestamp=2075 ms, used_size=3489792 bytes (8.5%)
(RDMA_READ_CONSUME_CHECK_CONSUMER) timestamp=2075 ms, used_size=3487744 bytes (8.5%)
(RDMA_READ_CONSUME_CHECK_CONSUMER) timestamp=2075 ms, used_size=3485696 bytes (8.5%)
(RDMA_READ_CONSUME_CHECK_CONSUMER) timestamp=2075 ms, used_size=3483648 bytes (8.5%)
(RDMA_READ_CONSUME_CHECK_CONSUMER) timestamp=2075 ms, used_size=3481600 bytes (8.5%)
(RDMA_READ_CONSUME_CHECK_CONSUMER) timestamp=2075 ms, used_size=3479552 bytes (8.5%)
(RDMA_READ_CONSUME_CHECK_CONSUMER) timestamp=2075 ms, used_size=3477504 bytes (8.5%)
(RDMA_READ_CONSUME_CHECK_CONSUMER) timestamp=2075 ms, used_size=3475456 bytes (8.5%)
(RDMA_READ_CONSUME_CHECK_CONSUMER) timestamp=2075 ms, used_size=3473408 bytes (8.5%)
(RDMA_READ_CONSUME_CHECK_CONSUMER) timestamp=2075 ms, used_size=3471360 bytes (8.5%)
(RDMA_READ_CONSUME_CHECK_CONSUMER) timestamp=2075 ms, used_size=3469312 bytes (8.5%)
(RDMA_READ_CONSUME_CHECK_CONSUMER) timestamp=2075 ms, used_size=3467264 bytes (8.5%)
(RDMA_READ_CONSUME_CHECK_CONSUMER) timestamp=2075 ms, used_size=3465216 bytes (8.5%)
(RDMA_READ_CONSUME_CHECK_CONSUMER) timestamp=2075 ms, used_size=3463168 bytes (8.5%)
(RDMA_READ_CONSUME_CHECK_CONSUMER) timestamp=2075 ms, used_size=3461120 bytes (8.4%)
(RDMA_READ_CONSUME_CHECK_CONSUMER) timestamp=2075 ms, used_size=3459072 bytes (8.4%)
(RDMA_READ_CONSUME_CHECK_CONSUMER) timestamp=2075 ms, used_size=3457024 bytes (8.4%)
(RDMA_READ_CONSUME_CHECK_CONSUMER) timestamp=2075 ms, used_size=3454976 bytes (8.4%)
(RDMA_READ_CONSUME_CHECK_CONSUMER) timestamp=2075 ms, used_size=3452928 bytes (8.4%)
(RDMA_READ_CONSUME_CHECK_CONSUMER) timestamp=2075 ms, used_size=3450880 bytes (8.4%)
(RDMA_READ_CONSUME_CHECK_CONSUMER) timestamp=2075 ms, used_size=3448832 bytes (8.4%)
(RDMA_READ_CONSUME_CHECK_CONSUMER) timestamp=2075 ms, used_size=3446784 bytes (8.4%)
(RDMA_READ_CONSUME_CHECK_CONSUMER) timestamp=2075 ms, used_size=3444736 bytes (8.4%)
(RDMA_READ_CONSUME_CHECK_CONSUMER) timestamp=2075 ms, used_size=3442688 bytes (8.4%)
(RDMA_READ_CONSUME_CHECK_CONSUMER) timestamp=2075 ms, used_size=3440640 bytes (8.4%)
(RDMA_READ_CONSUME_CHECK_CONSUMER) timestamp=2075 ms, used_size=3438592 bytes (8.4%)
(RDMA_READ_CONSUME_CHECK_CONSUMER) timestamp=2075 ms, used_size=3436544 bytes (8.4%)
(RDMA_READ_CONSUME_CHECK_CONSUMER) timestamp=2075 ms, used_size=3434496 bytes (8.4%)
(RDMA_READ_CONSUME_CHECK_CONSUMER) timestamp=2075 ms, used_size=3432448 bytes (8.4%)
(RDMA_READ_CONSUME_CHECK_CONSUMER) timestamp=2075 ms, used_size=3430400 bytes (8.4%)
(RDMA_READ_CONSUME_CHECK_CONSUMER) timestamp=2075 ms, used_size=3428352 bytes (8.4%)
(RDMA_READ_CONSUME_CHECK_CONSUMER) timestamp=2075 ms, used_size=3426304 bytes (8.4%)
(RDMA_READ_CONSUME_CHECK_CONSUMER) timestamp=2075 ms, used_size=3424256 bytes (8.4%)
(RDMA_READ_CONSUME_CHECK_CONSUMER) timestamp=2075 ms, used_size=3422208 bytes (8.4%)
(RDMA_READ_CONSUME_CHECK_CONSUMER) timestamp=2075 ms, used_size=3420160 bytes (8.3%)
(RDMA_READ_CONSUME_CHECK_CONSUMER) timestamp=2075 ms, used_size=3418112 bytes (8.3%)
(RDMA_READ_CONSUME_CHECK_CONSUMER) timestamp=2075 ms, used_size=3416064 bytes (8.3%)
(RDMA_READ_CONSUME_CHECK_CONSUMER) timestamp=2075 ms, used_size=3414016 bytes (8.3%)
(RDMA_READ_CONSUME_CHECK_CONSUMER) timestamp=2075 ms, used_size=3411968 bytes (8.3%)
(RDMA_READ_CONSUME_CHECK_CONSUMER) timestamp=2075 ms, used_size=3409920 bytes (8.3%)
(RDMA_READ_CONSUME_CHECK_CONSUMER) timestamp=2075 ms, used_size=3407872 bytes (8.3%)
(RDMA_READ_CONSUME_CHECK_CONSUMER) timestamp=2075 ms, used_size=3405824 bytes (8.3%)
(RDMA_READ_CONSUME_CHECK_CONSUMER) timestamp=2075 ms, used_size=3403776 bytes (8.3%)
(RDMA_READ_CONSUME_CHECK_CONSUMER) timestamp=2075 ms, used_size=3401728 bytes (8.3%)
(RDMA_READ_CONSUME_CHECK_CONSUMER) timestamp=2075 ms, used_size=3399680 bytes (8.3%)
(RDMA_READ_CONSUME_CHECK_CONSUMER) timestamp=2075 ms, used_size=3397632 bytes (8.3%)
(RDMA_READ_CONSUME_CHECK_CONSUMER) timestamp=2075 ms, used_size=3395584 bytes (8.3%)
(RDMA_READ_CONSUME_CHECK_CONSUMER) timestamp=2075 ms, used_size=3393536 bytes (8.3%)
(RDMA_READ_CONSUME_CHECK_CONSUMER) timestamp=2075 ms, used_size=3391488 bytes (8.3%)
(RDMA_READ_CONSUME_CHECK_CONSUMER) timestamp=2075 ms, used_size=3389440 bytes (8.3%)
(RDMA_READ_CONSUME_CHECK_CONSUMER) timestamp=2075 ms, used_size=3387392 bytes (8.3%)
(RDMA_READ_CONSUME_CHECK_CONSUMER) timestamp=2075 ms, used_size=3385344 bytes (8.3%)
(RDMA_READ_CONSUME_CHECK_CONSUMER) timestamp=2075 ms, used_size=3383296 bytes (8.3%)
(RDMA_READ_CONSUME_CHECK_CONSUMER) timestamp=2075 ms, used_size=3381248 bytes (8.3%)
(RDMA_READ_CONSUME_CHECK_CONSUMER) timestamp=2075 ms, used_size=3379200 bytes (8.2%)
(RDMA_READ_CONSUME_CHECK_CONSUMER) timestamp=2075 ms, used_size=3377152 bytes (8.2%)
(RDMA_READ_CONSUME_CHECK_CONSUMER) timestamp=2075 ms, used_size=3375104 bytes (8.2%)
(RDMA_READ_CONSUME_CHECK_CONSUMER) timestamp=2075 ms, used_size=3373056 bytes (8.2%)
(RDMA_READ_CONSUME_CHECK_CONSUMER) timestamp=2075 ms, used_size=3371008 bytes (8.2%)
(RDMA_READ_CONSUME_CHECK_CONSUMER) timestamp=2075 ms, used_size=3368960 bytes (8.2%)
(RDMA_READ_CONSUME_CHECK_CONSUMER) timestamp=2075 ms, used_size=3366912 bytes (8.2%)
(RDMA_READ_CONSUME_CHECK_CONSUMER) timestamp=2075 ms, used_size=3364864 bytes (8.2%)
(RDMA_READ_CONSUME_CHECK_CONSUMER) timestamp=2075 ms, used_size=3362816 bytes (8.2%)
(RDMA_READ_CONSUME_CHECK_CONSUMER) timestamp=2075 ms, used_size=3360768 bytes (8.2%)
(RDMA_READ_CONSUME_CHECK_CONSUMER) timestamp=2075 ms, used_size=3358720 bytes (8.2%)
(RDMA_READ_CONSUME_CHECK_CONSUMER) timestamp=2075 ms, used_size=3356672 bytes (8.2%)
(RDMA_READ_CONSUME_CHECK_CONSUMER) timestamp=2075 ms, used_size=3354624 bytes (8.2%)
(RDMA_READ_CONSUME_CHECK_CONSUMER) timestamp=2075 ms, used_size=3352576 bytes (8.2%)
(RDMA_READ_CONSUME_CHECK_CONSUMER) timestamp=2075 ms, used_size=3350528 bytes (8.2%)
(RDMA_READ_CONSUME_CHECK_CONSUMER) timestamp=2075 ms, used_size=3348480 bytes (8.2%)
(RDMA_READ_CONSUME_CHECK_CONSUMER) timestamp=2075 ms, used_size=3346432 bytes (8.2%)
(RDMA_READ_CONSUME_CHECK_CONSUMER) timestamp=2075 ms, used_size=3344384 bytes (8.2%)
(RDMA_READ_CONSUME_CHECK_CONSUMER) timestamp=2075 ms, used_size=3342336 bytes (8.2%)
(RDMA_READ_CONSUME_CHECK_CONSUMER) timestamp=2075 ms, used_size=3340288 bytes (8.2%)
(RDMA_READ_CONSUME_CHECK_CONSUMER) timestamp=2075 ms, used_size=3338240 bytes (8.2%)
(RDMA_READ_CONSUME_CHECK_CONSUMER) timestamp=2075 ms, used_size=3336192 bytes (8.1%)
(RDMA_READ_CONSUME_CHECK_CONSUMER) timestamp=2075 ms, used_size=3334144 bytes (8.1%)
(RDMA_READ_CONSUME_CHECK_CONSUMER) timestamp=2075 ms, used_size=3332096 bytes (8.1%)
(RDMA_READ_CONSUME_CHECK_CONSUMER) timestamp=2075 ms, used_size=3330048 bytes (8.1%)
(RDMA_READ_CONSUME_CHECK_CONSUMER) timestamp=2075 ms, used_size=3328000 bytes (8.1%)
(RDMA_READ_CONSUME_CHECK_CONSUMER) timestamp=2075 ms, used_size=3325952 bytes (8.1%)
(RDMA_READ_CONSUME_CHECK_CONSUMER) timestamp=2075 ms, used_size=3323904 bytes (8.1%)
(RDMA_READ_CONSUME_CHECK_CONSUMER) timestamp=2075 ms, used_size=3321856 bytes (8.1%)
(RDMA_READ_CONSUME_CHECK_CONSUMER) timestamp=2075 ms, used_size=3319808 bytes (8.1%)
(RDMA_READ_CONSUME_CHECK_CONSUMER) timestamp=2075 ms, used_size=3317760 bytes (8.1%)
(RDMA_READ_CONSUME_CHECK_CONSUMER) timestamp=2075 ms, used_size=3315712 bytes (8.1%)
(RDMA_READ_CONSUME_CHECK_CONSUMER) timestamp=2075 ms, used_size=3313664 bytes (8.1%)
(RDMA_READ_CONSUME_CHECK_CONSUMER) timestamp=2075 ms, used_size=3311616 bytes (8.1%)
(RDMA_READ_CONSUME_CHECK_CONSUMER) timestamp=2075 ms, used_size=3309568 bytes (8.1%)
(RDMA_READ_CONSUME_CHECK_CONSUMER) timestamp=2075 ms, used_size=3307520 bytes (8.1%)
(RDMA_READ_CONSUME_CHECK_CONSUMER) timestamp=2075 ms, used_size=3305472 bytes (8.1%)
(RDMA_READ_CONSUME_CHECK_CONSUMER) timestamp=2075 ms, used_size=3303424 bytes (8.1%)
(RDMA_READ_CONSUME_CHECK_CONSUMER) timestamp=2075 ms, used_size=3301376 bytes (8.1%)
(RDMA_READ_CONSUME_CHECK_CONSUMER) timestamp=2075 ms, used_size=3299328 bytes (8.1%)
(RDMA_READ_CONSUME_CHECK_CONSUMER) timestamp=2075 ms, used_size=3297280 bytes (8.1%)
(RDMA_READ_CONSUME_CHECK_CONSUMER) timestamp=2075 ms, used_size=3295232 bytes (8.0%)
(RDMA_READ_CONSUME_CHECK_CONSUMER) timestamp=2075 ms, used_size=3293184 bytes (8.0%)
(RDMA_READ_CONSUME_CHECK_CONSUMER) timestamp=2075 ms, used_size=3291136 bytes (8.0%)
(RDMA_READ_CONSUME_CHECK_CONSUMER) timestamp=2075 ms, used_size=3289088 bytes (8.0%)
(RDMA_READ_CONSUME_CHECK_CONSUMER) timestamp=2075 ms, used_size=3287040 bytes (8.0%)
(RDMA_READ_CONSUME_CHECK_CONSUMER) timestamp=2075 ms, used_size=3284992 bytes (8.0%)
(RDMA_READ_CONSUME_CHECK_CONSUMER) timestamp=2075 ms, used_size=3282944 bytes (8.0%)
(RDMA_READ_CONSUME_CHECK_CONSUMER) timestamp=2075 ms, used_size=3280896 bytes (8.0%)
(RDMA_READ_CONSUME_CHECK_CONSUMER) timestamp=2075 ms, used_size=3278848 bytes (8.0%)
(RDMA_READ_CONSUME_CHECK_CONSUMER) timestamp=2075 ms, used_size=3276800 bytes (8.0%)
(RDMA_READ_CONSUME_CHECK_CONSUMER) timestamp=2075 ms, used_size=3274752 bytes (8.0%)
(RDMA_READ_CONSUME_CHECK_CONSUMER) timestamp=2075 ms, used_size=3272704 bytes (8.0%)
(RDMA_READ_CONSUME_CHECK_CONSUMER) timestamp=2075 ms, used_size=3270656 bytes (8.0%)
(RDMA_READ_CONSUME_CHECK_CONSUMER) timestamp=2075 ms, used_size=3268608 bytes (8.0%)
(RDMA_READ_CONSUME_CHECK_CONSUMER) timestamp=2075 ms, used_size=3266560 bytes (8.0%)
(RDMA_READ_CONSUME_CHECK_CONSUMER) timestamp=2075 ms, used_size=3264512 bytes (8.0%)
(RDMA_READ_CONSUME_CHECK_CONSUMER) timestamp=2075 ms, used_size=3262464 bytes (8.0%)
(RDMA_READ_CONSUME_CHECK_CONSUMER) timestamp=2075 ms, used_size=3260416 bytes (8.0%)
(RDMA_READ_CONSUME_CHECK_CONSUMER) timestamp=2075 ms, used_size=3258368 bytes (8.0%)
(RDMA_READ_CONSUME_CHECK_CONSUMER) timestamp=2075 ms, used_size=3256320 bytes (8.0%)
(RDMA_READ_CONSUME_CHECK_CONSUMER) timestamp=2075 ms, used_size=3254272 bytes (7.9%)
(RDMA_READ_CONSUME_CHECK_CONSUMER) timestamp=2075 ms, used_size=3252224 bytes (7.9%)
(RDMA_READ_CONSUME_CHECK_CONSUMER) timestamp=2075 ms, used_size=3250176 bytes (7.9%)
(RDMA_READ_CONSUME_CHECK_CONSUMER) timestamp=2075 ms, used_size=3248128 bytes (7.9%)
(RDMA_READ_CONSUME_CHECK_CONSUMER) timestamp=2075 ms, used_size=3246080 bytes (7.9%)
(RDMA_READ_CONSUME_CHECK_CONSUMER) timestamp=2075 ms, used_size=3244032 bytes (7.9%)
(RDMA_READ_CONSUME_CHECK_CONSUMER) timestamp=2075 ms, used_size=3241984 bytes (7.9%)
(RDMA_READ_CONSUME_CHECK_CONSUMER) timestamp=2075 ms, used_size=3239936 bytes (7.9%)
(RDMA_READ_CONSUME_CHECK_CONSUMER) timestamp=2075 ms, used_size=3237888 bytes (7.9%)
(RDMA_READ_CONSUME_CHECK_CONSUMER) timestamp=2075 ms, used_size=3235840 bytes (7.9%)
(RDMA_READ_CONSUME_CHECK_CONSUMER) timestamp=2075 ms, used_size=3233792 bytes (7.9%)
(RDMA_READ_CONSUME_CHECK_CONSUMER) timestamp=2075 ms, used_size=3231744 bytes (7.9%)
(RDMA_READ_CONSUME_CHECK_CONSUMER) timestamp=2075 ms, used_size=3229696 bytes (7.9%)
(RDMA_READ_CONSUME_CHECK_CONSUMER) timestamp=2075 ms, used_size=3227648 bytes (7.9%)
(RDMA_READ_CONSUME_CHECK_CONSUMER) timestamp=2075 ms, used_size=3225600 bytes (7.9%)
(RDMA_READ_CONSUME_CHECK_CONSUMER) timestamp=2075 ms, used_size=3223552 bytes (7.9%)
(RDMA_READ_CONSUME_CHECK_CONSUMER) timestamp=2075 ms, used_size=3221504 bytes (7.9%)
(RDMA_READ_CONSUME_CHECK_CONSUMER) timestamp=2075 ms, used_size=3219456 bytes (7.9%)
(RDMA_READ_CONSUME_CHECK_CONSUMER) timestamp=2075 ms, used_size=3217408 bytes (7.9%)
(RDMA_READ_CONSUME_CHECK_CONSUMER) timestamp=2075 ms, used_size=3215360 bytes (7.8%)
(RDMA_READ_CONSUME_CHECK_CONSUMER) timestamp=2075 ms, used_size=3213312 bytes (7.8%)
(RDMA_READ_CONSUME_CHECK_CONSUMER) timestamp=2075 ms, used_size=3211264 bytes (7.8%)
(RDMA_READ_CONSUME_CHECK_CONSUMER) timestamp=2075 ms, used_size=3209216 bytes (7.8%)
(RDMA_READ_CONSUME_CHECK_CONSUMER) timestamp=2075 ms, used_size=3207168 bytes (7.8%)
(RDMA_READ_CONSUME_CHECK_CONSUMER) timestamp=2075 ms, used_size=3205120 bytes (7.8%)
(RDMA_READ_CONSUME_CHECK_CONSUMER) timestamp=2075 ms, used_size=3203072 bytes (7.8%)
(RDMA_READ_CONSUME_CHECK_CONSUMER) timestamp=2075 ms, used_size=3201024 bytes (7.8%)
(RDMA_READ_CONSUME_CHECK_CONSUMER) timestamp=2075 ms, used_size=3198976 bytes (7.8%)
(RDMA_READ_CONSUME_CHECK_CONSUMER) timestamp=2075 ms, used_size=3196928 bytes (7.8%)
(RDMA_READ_CONSUME_CHECK_CONSUMER) timestamp=2075 ms, used_size=3194880 bytes (7.8%)
(RDMA_READ_CONSUME_CHECK_CONSUMER) timestamp=2075 ms, used_size=3192832 bytes (7.8%)
(RDMA_READ_CONSUME_CHECK_CONSUMER) timestamp=2075 ms, used_size=3190784 bytes (7.8%)
(RDMA_READ_CONSUME_CHECK_CONSUMER) timestamp=2075 ms, used_size=3188736 bytes (7.8%)
(RDMA_READ_CONSUME_CHECK_CONSUMER) timestamp=2075 ms, used_size=3186688 bytes (7.8%)
(RDMA_READ_CONSUME_CHECK_CONSUMER) timestamp=2075 ms, used_size=3184640 bytes (7.8%)
(RDMA_READ_CONSUME_CHECK_CONSUMER) timestamp=2075 ms, used_size=3182592 bytes (7.8%)
(RDMA_READ_CONSUME_CHECK_CONSUMER) timestamp=2075 ms, used_size=3180544 bytes (7.8%)
(RDMA_READ_CONSUME_CHECK_CONSUMER) timestamp=2075 ms, used_size=3178496 bytes (7.8%)
(RDMA_READ_CONSUME_CHECK_CONSUMER) timestamp=2075 ms, used_size=3176448 bytes (7.8%)
(RDMA_READ_CONSUME_CHECK_CONSUMER) timestamp=2075 ms, used_size=3174400 bytes (7.8%)
(RDMA_READ_CONSUME_CHECK_CONSUMER) timestamp=2075 ms, used_size=3172352 bytes (7.7%)
(RDMA_READ_CONSUME_CHECK_CONSUMER) timestamp=2075 ms, used_size=3170304 bytes (7.7%)
(RDMA_READ_CONSUME_CHECK_CONSUMER) timestamp=2075 ms, used_size=3168256 bytes (7.7%)
(RDMA_READ_CONSUME_CHECK_CONSUMER) timestamp=2075 ms, used_size=3166208 bytes (7.7%)
(RDMA_READ_CONSUME_CHECK_CONSUMER) timestamp=2075 ms, used_size=3164160 bytes (7.7%)
(RDMA_READ_CONSUME_CHECK_CONSUMER) timestamp=2075 ms, used_size=3162112 bytes (7.7%)
(RDMA_READ_CONSUME_CHECK_CONSUMER) timestamp=2075 ms, used_size=3160064 bytes (7.7%)
(RDMA_READ_CONSUME_CHECK_CONSUMER) timestamp=2075 ms, used_size=3158016 bytes (7.7%)
(RDMA_READ_CONSUME_CHECK_CONSUMER) timestamp=2075 ms, used_size=3155968 bytes (7.7%)
(RDMA_READ_CONSUME_CHECK_CONSUMER) timestamp=2075 ms, used_size=3153920 bytes (7.7%)
(RDMA_READ_CONSUME_CHECK_CONSUMER) timestamp=2075 ms, used_size=3151872 bytes (7.7%)
(RDMA_READ_CONSUME_CHECK_CONSUMER) timestamp=2075 ms, used_size=3149824 bytes (7.7%)
(RDMA_READ_CONSUME_CHECK_CONSUMER) timestamp=2075 ms, used_size=3147776 bytes (7.7%)
(RDMA_READ_CONSUME_CHECK_CONSUMER) timestamp=2075 ms, used_size=3145728 bytes (7.7%)
(RDMA_READ_CONSUME_CHECK_CONSUMER) timestamp=2075 ms, used_size=3143680 bytes (7.7%)
(RDMA_READ_CONSUME_CHECK_CONSUMER) timestamp=2075 ms, used_size=3141632 bytes (7.7%)
(RDMA_READ_CONSUME_CHECK_CONSUMER) timestamp=2075 ms, used_size=3139584 bytes (7.7%)
(RDMA_READ_CONSUME_CHECK_CONSUMER) timestamp=2075 ms, used_size=3137536 bytes (7.7%)
(RDMA_READ_CONSUME_CHECK_CONSUMER) timestamp=2075 ms, used_size=3135488 bytes (7.7%)
(RDMA_READ_CONSUME_CHECK_CONSUMER) timestamp=2075 ms, used_size=3133440 bytes (7.7%)
(RDMA_READ_CONSUME_CHECK_CONSUMER) timestamp=2075 ms, used_size=3131392 bytes (7.6%)
(RDMA_READ_CONSUME_CHECK_CONSUMER) timestamp=2076 ms, used_size=3129344 bytes (7.6%)
(RDMA_READ_CONSUME_CHECK_CONSUMER) timestamp=2076 ms, used_size=3127296 bytes (7.6%)
(RDMA_READ_CONSUME_CHECK_CONSUMER) timestamp=2076 ms, used_size=3125248 bytes (7.6%)
(RDMA_READ_CONSUME_CHECK_CONSUMER) timestamp=2076 ms, used_size=3123200 bytes (7.6%)
(RDMA_READ_CONSUME_CHECK_CONSUMER) timestamp=2076 ms, used_size=3121152 bytes (7.6%)
(RDMA_READ_CONSUME_CHECK_CONSUMER) timestamp=2076 ms, used_size=3119104 bytes (7.6%)
(RDMA_READ_CONSUME_CHECK_CONSUMER) timestamp=2076 ms, used_size=3117056 bytes (7.6%)
(RDMA_READ_CONSUME_CHECK_CONSUMER) timestamp=2076 ms, used_size=3115008 bytes (7.6%)
(RDMA_READ_CONSUME_CHECK_CONSUMER) timestamp=2076 ms, used_size=3112960 bytes (7.6%)
(RDMA_READ_CONSUME_CHECK_CONSUMER) timestamp=2076 ms, used_size=3110912 bytes (7.6%)
(RDMA_READ_CONSUME_CHECK_CONSUMER) timestamp=2076 ms, used_size=3108864 bytes (7.6%)
(RDMA_READ_CONSUME_CHECK_CONSUMER) timestamp=2076 ms, used_size=3106816 bytes (7.6%)
(RDMA_READ_CONSUME_CHECK_CONSUMER) timestamp=2076 ms, used_size=3104768 bytes (7.6%)
(RDMA_READ_CONSUME_CHECK_CONSUMER) timestamp=2076 ms, used_size=3102720 bytes (7.6%)
(RDMA_READ_CONSUME_CHECK_CONSUMER) timestamp=2076 ms, used_size=3100672 bytes (7.6%)
(RDMA_READ_CONSUME_CHECK_CONSUMER) timestamp=2076 ms, used_size=3098624 bytes (7.6%)
(RDMA_READ_CONSUME_CHECK_CONSUMER) timestamp=2076 ms, used_size=3096576 bytes (7.6%)
(RDMA_READ_CONSUME_CHECK_CONSUMER) timestamp=2076 ms, used_size=3094528 bytes (7.6%)
(RDMA_READ_CONSUME_CHECK_CONSUMER) timestamp=2076 ms, used_size=3092480 bytes (7.5%)
(RDMA_READ_CONSUME_CHECK_CONSUMER) timestamp=2076 ms, used_size=3090432 bytes (7.5%)
(RDMA_READ_CONSUME_CHECK_CONSUMER) timestamp=2076 ms, used_size=3088384 bytes (7.5%)
(RDMA_READ_CONSUME_CHECK_CONSUMER) timestamp=2076 ms, used_size=3086336 bytes (7.5%)
(RDMA_READ_CONSUME_CHECK_CONSUMER) timestamp=2076 ms, used_size=3084288 bytes (7.5%)
(RDMA_READ_CONSUME_CHECK_CONSUMER) timestamp=2076 ms, used_size=3082240 bytes (7.5%)
(RDMA_READ_CONSUME_CHECK_CONSUMER) timestamp=2076 ms, used_size=3080192 bytes (7.5%)
(RDMA_READ_CONSUME_CHECK_CONSUMER) timestamp=2076 ms, used_size=3078144 bytes (7.5%)
(RDMA_READ_CONSUME_CHECK_CONSUMER) timestamp=2076 ms, used_size=3076096 bytes (7.5%)
(RDMA_READ_CONSUME_CHECK_CONSUMER) timestamp=2076 ms, used_size=3074048 bytes (7.5%)
(RDMA_READ_CONSUME_CHECK_CONSUMER) timestamp=2076 ms, used_size=3072000 bytes (7.5%)
(RDMA_READ_CONSUME_CHECK_CONSUMER) timestamp=2076 ms, used_size=3069952 bytes (7.5%)
(RDMA_READ_CONSUME_CHECK_CONSUMER) timestamp=2076 ms, used_size=3067904 bytes (7.5%)
(RDMA_READ_CONSUME_CHECK_CONSUMER) timestamp=2076 ms, used_size=3065856 bytes (7.5%)
(RDMA_READ_CONSUME_CHECK_CONSUMER) timestamp=2076 ms, used_size=3063808 bytes (7.5%)
(RDMA_READ_CONSUME_CHECK_CONSUMER) timestamp=2076 ms, used_size=3061760 bytes (7.5%)
(RDMA_READ_CONSUME_CHECK_CONSUMER) timestamp=2076 ms, used_size=3059712 bytes (7.5%)
(RDMA_READ_CONSUME_CHECK_CONSUMER) timestamp=2076 ms, used_size=3057664 bytes (7.5%)
(RDMA_READ_CONSUME_CHECK_CONSUMER) timestamp=2076 ms, used_size=3055616 bytes (7.5%)
(RDMA_READ_CONSUME_CHECK_CONSUMER) timestamp=2076 ms, used_size=3053568 bytes (7.5%)
(RDMA_READ_CONSUME_CHECK_CONSUMER) timestamp=2076 ms, used_size=3051520 bytes (7.5%)
(RDMA_READ_CONSUME_CHECK_CONSUMER) timestamp=2076 ms, used_size=3049472 bytes (7.4%)
(RDMA_READ_CONSUME_CHECK_CONSUMER) timestamp=2076 ms, used_size=3047424 bytes (7.4%)
(RDMA_READ_CONSUME_CHECK_CONSUMER) timestamp=2076 ms, used_size=3045376 bytes (7.4%)
(RDMA_READ_CONSUME_CHECK_CONSUMER) timestamp=2076 ms, used_size=3043328 bytes (7.4%)
(RDMA_READ_CONSUME_CHECK_CONSUMER) timestamp=2076 ms, used_size=3041280 bytes (7.4%)
(RDMA_READ_CONSUME_CHECK_CONSUMER) timestamp=2076 ms, used_size=3039232 bytes (7.4%)
(RDMA_READ_CONSUME_CHECK_CONSUMER) timestamp=2076 ms, used_size=3037184 bytes (7.4%)
(RDMA_READ_CONSUME_CHECK_CONSUMER) timestamp=2076 ms, used_size=3035136 bytes (7.4%)
(RDMA_READ_CONSUME_CHECK_CONSUMER) timestamp=2076 ms, used_size=3033088 bytes (7.4%)
(RDMA_READ_CONSUME_CHECK_CONSUMER) timestamp=2076 ms, used_size=3031040 bytes (7.4%)
(RDMA_READ_CONSUME_CHECK_CONSUMER) timestamp=2076 ms, used_size=3028992 bytes (7.4%)
(RDMA_READ_CONSUME_CHECK_CONSUMER) timestamp=2076 ms, used_size=3026944 bytes (7.4%)
(RDMA_READ_CONSUME_CHECK_CONSUMER) timestamp=2076 ms, used_size=3024896 bytes (7.4%)
(RDMA_READ_CONSUME_CHECK_CONSUMER) timestamp=2076 ms, used_size=3022848 bytes (7.4%)
(RDMA_READ_CONSUME_CHECK_CONSUMER) timestamp=2076 ms, used_size=3020800 bytes (7.4%)
(RDMA_READ_CONSUME_CHECK_CONSUMER) timestamp=2076 ms, used_size=3018752 bytes (7.4%)
(RDMA_READ_CONSUME_CHECK_CONSUMER) timestamp=2076 ms, used_size=3016704 bytes (7.4%)
(RDMA_READ_CONSUME_CHECK_CONSUMER) timestamp=2076 ms, used_size=3014656 bytes (7.4%)
(RDMA_READ_CONSUME_CHECK_CONSUMER) timestamp=2076 ms, used_size=3012608 bytes (7.4%)
(RDMA_READ_CONSUME_CHECK_CONSUMER) timestamp=2076 ms, used_size=3010560 bytes (7.3%)
(RDMA_READ_CONSUME_CHECK_CONSUMER) timestamp=2076 ms, used_size=3008512 bytes (7.3%)
(RDMA_READ_CONSUME_CHECK_CONSUMER) timestamp=2076 ms, used_size=3006464 bytes (7.3%)
(RDMA_READ_CONSUME_CHECK_CONSUMER) timestamp=2076 ms, used_size=3004416 bytes (7.3%)
(RDMA_READ_CONSUME_CHECK_CONSUMER) timestamp=2076 ms, used_size=3002368 bytes (7.3%)
(RDMA_READ_CONSUME_CHECK_CONSUMER) timestamp=2076 ms, used_size=3000320 bytes (7.3%)
(RDMA_READ_CONSUME_CHECK_CONSUMER) timestamp=2076 ms, used_size=2998272 bytes (7.3%)
(RDMA_READ_CONSUME_CHECK_CONSUMER) timestamp=2076 ms, used_size=2996224 bytes (7.3%)
(RDMA_READ_CONSUME_CHECK_CONSUMER) timestamp=2076 ms, used_size=2994176 bytes (7.3%)
(RDMA_READ_CONSUME_CHECK_CONSUMER) timestamp=2076 ms, used_size=2992128 bytes (7.3%)
(RDMA_READ_CONSUME_CHECK_CONSUMER) timestamp=2076 ms, used_size=2990080 bytes (7.3%)
(RDMA_READ_CONSUME_CHECK_CONSUMER) timestamp=2076 ms, used_size=2988032 bytes (7.3%)
(RDMA_READ_CONSUME_CHECK_CONSUMER) timestamp=2076 ms, used_size=2985984 bytes (7.3%)
(RDMA_READ_CONSUME_CHECK_CONSUMER) timestamp=2076 ms, used_size=2983936 bytes (7.3%)
(RDMA_READ_CONSUME_CHECK_CONSUMER) timestamp=2076 ms, used_size=2981888 bytes (7.3%)
(RDMA_READ_CONSUME_CHECK_CONSUMER) timestamp=2076 ms, used_size=2979840 bytes (7.3%)
(RDMA_READ_CONSUME_CHECK_CONSUMER) timestamp=2076 ms, used_size=2977792 bytes (7.3%)
(RDMA_READ_CONSUME_CHECK_CONSUMER) timestamp=2076 ms, used_size=2975744 bytes (7.3%)
(RDMA_READ_CONSUME_CHECK_CONSUMER) timestamp=2076 ms, used_size=2973696 bytes (7.3%)
(RDMA_READ_CONSUME_CHECK_CONSUMER) timestamp=2076 ms, used_size=2971648 bytes (7.3%)
(RDMA_READ_CONSUME_CHECK_CONSUMER) timestamp=2076 ms, used_size=2969600 bytes (7.2%)
(RDMA_READ_CONSUME_CHECK_CONSUMER) timestamp=2076 ms, used_size=2967552 bytes (7.2%)
(RDMA_READ_CONSUME_CHECK_CONSUMER) timestamp=2076 ms, used_size=2965504 bytes (7.2%)
(RDMA_READ_CONSUME_CHECK_CONSUMER) timestamp=2076 ms, used_size=2963456 bytes (7.2%)
(RDMA_READ_CONSUME_CHECK_CONSUMER) timestamp=2076 ms, used_size=2961408 bytes (7.2%)
(RDMA_READ_CONSUME_CHECK_CONSUMER) timestamp=2076 ms, used_size=2959360 bytes (7.2%)
(RDMA_READ_CONSUME_CHECK_CONSUMER) timestamp=2076 ms, used_size=2957312 bytes (7.2%)
(RDMA_READ_CONSUME_CHECK_CONSUMER) timestamp=2076 ms, used_size=2955264 bytes (7.2%)
(RDMA_READ_CONSUME_CHECK_CONSUMER) timestamp=2076 ms, used_size=2953216 bytes (7.2%)
(RDMA_READ_CONSUME_CHECK_CONSUMER) timestamp=2076 ms, used_size=2951168 bytes (7.2%)
(RDMA_READ_CONSUME_CHECK_CONSUMER) timestamp=2076 ms, used_size=2949120 bytes (7.2%)
(RDMA_READ_CONSUME_CHECK_CONSUMER) timestamp=2076 ms, used_size=2947072 bytes (7.2%)
(RDMA_READ_CONSUME_CHECK_CONSUMER) timestamp=2076 ms, used_size=2945024 bytes (7.2%)
(RDMA_READ_CONSUME_CHECK_CONSUMER) timestamp=2076 ms, used_size=2942976 bytes (7.2%)
(RDMA_READ_CONSUME_CHECK_CONSUMER) timestamp=2076 ms, used_size=2940928 bytes (7.2%)
(RDMA_READ_CONSUME_CHECK_CONSUMER) timestamp=2076 ms, used_size=2938880 bytes (7.2%)
(RDMA_READ_CONSUME_CHECK_CONSUMER) timestamp=2076 ms, used_size=2936832 bytes (7.2%)
(RDMA_READ_CONSUME_CHECK_CONSUMER) timestamp=2076 ms, used_size=2934784 bytes (7.2%)
(RDMA_READ_CONSUME_CHECK_CONSUMER) timestamp=2076 ms, used_size=2932736 bytes (7.2%)
(RDMA_READ_CONSUME_CHECK_CONSUMER) timestamp=2076 ms, used_size=2930688 bytes (7.2%)
(RDMA_READ_CONSUME_CHECK_CONSUMER) timestamp=2076 ms, used_size=2928640 bytes (7.2%)
(RDMA_READ_CONSUME_CHECK_CONSUMER) timestamp=2076 ms, used_size=2926592 bytes (7.1%)
(RDMA_READ_CONSUME_CHECK_CONSUMER) timestamp=2076 ms, used_size=2924544 bytes (7.1%)
(RDMA_READ_CONSUME_CHECK_CONSUMER) timestamp=2076 ms, used_size=2922496 bytes (7.1%)
(RDMA_READ_CONSUME_CHECK_CONSUMER) timestamp=2076 ms, used_size=2920448 bytes (7.1%)
(RDMA_READ_CONSUME_CHECK_CONSUMER) timestamp=2076 ms, used_size=2918400 bytes (7.1%)
(RDMA_READ_CONSUME_CHECK_CONSUMER) timestamp=2076 ms, used_size=2916352 bytes (7.1%)
(RDMA_READ_CONSUME_CHECK_CONSUMER) timestamp=2076 ms, used_size=2914304 bytes (7.1%)
(RDMA_READ_CONSUME_CHECK_CONSUMER) timestamp=2076 ms, used_size=2912256 bytes (7.1%)
(RDMA_READ_CONSUME_CHECK_CONSUMER) timestamp=2076 ms, used_size=2910208 bytes (7.1%)
(RDMA_READ_CONSUME_CHECK_CONSUMER) timestamp=2076 ms, used_size=2908160 bytes (7.1%)
(RDMA_READ_CONSUME_CHECK_CONSUMER) timestamp=2076 ms, used_size=2906112 bytes (7.1%)
(RDMA_READ_CONSUME_CHECK_CONSUMER) timestamp=2076 ms, used_size=2904064 bytes (7.1%)
(RDMA_READ_CONSUME_CHECK_CONSUMER) timestamp=2076 ms, used_size=2902016 bytes (7.1%)
(RDMA_READ_CONSUME_CHECK_CONSUMER) timestamp=2076 ms, used_size=2899968 bytes (7.1%)
(RDMA_READ_CONSUME_CHECK_CONSUMER) timestamp=2076 ms, used_size=2897920 bytes (7.1%)
(RDMA_READ_CONSUME_CHECK_CONSUMER) timestamp=2076 ms, used_size=2895872 bytes (7.1%)
(RDMA_READ_CONSUME_CHECK_CONSUMER) timestamp=2076 ms, used_size=2893824 bytes (7.1%)
(RDMA_READ_CONSUME_CHECK_CONSUMER) timestamp=2076 ms, used_size=2891776 bytes (7.1%)
(RDMA_READ_CONSUME_CHECK_CONSUMER) timestamp=2076 ms, used_size=2889728 bytes (7.1%)
(RDMA_READ_CONSUME_CHECK_CONSUMER) timestamp=2076 ms, used_size=2887680 bytes (7.0%)
(RDMA_READ_CONSUME_CHECK_CONSUMER) timestamp=2076 ms, used_size=2885632 bytes (7.0%)
(RDMA_READ_CONSUME_CHECK_CONSUMER) timestamp=2076 ms, used_size=2883584 bytes (7.0%)
(RDMA_READ_CONSUME_CHECK_CONSUMER) timestamp=2076 ms, used_size=2881536 bytes (7.0%)
(RDMA_READ_CONSUME_CHECK_CONSUMER) timestamp=2076 ms, used_size=2879488 bytes (7.0%)
(RDMA_READ_CONSUME_CHECK_CONSUMER) timestamp=2076 ms, used_size=2877440 bytes (7.0%)
(RDMA_READ_CONSUME_CHECK_CONSUMER) timestamp=2076 ms, used_size=2875392 bytes (7.0%)
(RDMA_READ_CONSUME_CHECK_CONSUMER) timestamp=2076 ms, used_size=2873344 bytes (7.0%)
(RDMA_READ_CONSUME_CHECK_CONSUMER) timestamp=2076 ms, used_size=2871296 bytes (7.0%)
(RDMA_READ_CONSUME_CHECK_CONSUMER) timestamp=2076 ms, used_size=2869248 bytes (7.0%)
(RDMA_READ_CONSUME_CHECK_CONSUMER) timestamp=2076 ms, used_size=2867200 bytes (7.0%)
(RDMA_READ_CONSUME_CHECK_CONSUMER) timestamp=2076 ms, used_size=2865152 bytes (7.0%)
(RDMA_READ_CONSUME_CHECK_CONSUMER) timestamp=2076 ms, used_size=2863104 bytes (7.0%)
(RDMA_READ_CONSUME_CHECK_CONSUMER) timestamp=2076 ms, used_size=2861056 bytes (7.0%)
(RDMA_READ_CONSUME_CHECK_CONSUMER) timestamp=2076 ms, used_size=2859008 bytes (7.0%)
(RDMA_READ_CONSUME_CHECK_CONSUMER) timestamp=2076 ms, used_size=2856960 bytes (7.0%)
(RDMA_READ_CONSUME_CHECK_CONSUMER) timestamp=2076 ms, used_size=2854912 bytes (7.0%)
(RDMA_READ_CONSUME_CHECK_CONSUMER) timestamp=2076 ms, used_size=2852864 bytes (7.0%)
(RDMA_READ_CONSUME_CHECK_CONSUMER) timestamp=2076 ms, used_size=2850816 bytes (7.0%)
(RDMA_READ_CONSUME_CHECK_CONSUMER) timestamp=2076 ms, used_size=2848768 bytes (7.0%)
(RDMA_READ_CONSUME_CHECK_CONSUMER) timestamp=2076 ms, used_size=2846720 bytes (7.0%)
(RDMA_READ_CONSUME_CHECK_CONSUMER) timestamp=2076 ms, used_size=2844672 bytes (6.9%)
(RDMA_READ_CONSUME_CHECK_CONSUMER) timestamp=2076 ms, used_size=2842624 bytes (6.9%)
(RDMA_READ_CONSUME_CHECK_CONSUMER) timestamp=2076 ms, used_size=2840576 bytes (6.9%)
(RDMA_READ_CONSUME_CHECK_CONSUMER) timestamp=2076 ms, used_size=2838528 bytes (6.9%)
(RDMA_READ_CONSUME_CHECK_CONSUMER) timestamp=2076 ms, used_size=2836480 bytes (6.9%)
(RDMA_READ_CONSUME_CHECK_CONSUMER) timestamp=2076 ms, used_size=2834432 bytes (6.9%)
(RDMA_READ_CONSUME_CHECK_CONSUMER) timestamp=2076 ms, used_size=2832384 bytes (6.9%)
(RDMA_READ_CONSUME_CHECK_CONSUMER) timestamp=2076 ms, used_size=2830336 bytes (6.9%)
(RDMA_READ_CONSUME_CHECK_CONSUMER) timestamp=2076 ms, used_size=2828288 bytes (6.9%)
(RDMA_READ_CONSUME_CHECK_CONSUMER) timestamp=2076 ms, used_size=2826240 bytes (6.9%)
(RDMA_READ_CONSUME_CHECK_CONSUMER) timestamp=2076 ms, used_size=2824192 bytes (6.9%)
(RDMA_READ_CONSUME_CHECK_CONSUMER) timestamp=2076 ms, used_size=2822144 bytes (6.9%)
(RDMA_READ_CONSUME_CHECK_CONSUMER) timestamp=2076 ms, used_size=2820096 bytes (6.9%)
(RDMA_READ_CONSUME_CHECK_CONSUMER) timestamp=2076 ms, used_size=2818048 bytes (6.9%)
(RDMA_READ_CONSUME_CHECK_CONSUMER) timestamp=2076 ms, used_size=2816000 bytes (6.9%)
(RDMA_READ_CONSUME_CHECK_CONSUMER) timestamp=2076 ms, used_size=2813952 bytes (6.9%)
(RDMA_READ_CONSUME_CHECK_CONSUMER) timestamp=2076 ms, used_size=2811904 bytes (6.9%)
(RDMA_READ_CONSUME_CHECK_CONSUMER) timestamp=2076 ms, used_size=2809856 bytes (6.9%)
(RDMA_READ_CONSUME_CHECK_CONSUMER) timestamp=2076 ms, used_size=2807808 bytes (6.9%)
(RDMA_READ_CONSUME_CHECK_CONSUMER) timestamp=2076 ms, used_size=2805760 bytes (6.8%)
(RDMA_READ_CONSUME_CHECK_CONSUMER) timestamp=2076 ms, used_size=2803712 bytes (6.8%)
(RDMA_READ_CONSUME_CHECK_CONSUMER) timestamp=2076 ms, used_size=2801664 bytes (6.8%)
(RDMA_READ_CONSUME_CHECK_CONSUMER) timestamp=2076 ms, used_size=2799616 bytes (6.8%)
(RDMA_READ_CONSUME_CHECK_CONSUMER) timestamp=2076 ms, used_size=2797568 bytes (6.8%)
(RDMA_READ_CONSUME_CHECK_CONSUMER) timestamp=2076 ms, used_size=2795520 bytes (6.8%)
(RDMA_READ_CONSUME_CHECK_CONSUMER) timestamp=2076 ms, used_size=2793472 bytes (6.8%)
(RDMA_READ_CONSUME_CHECK_CONSUMER) timestamp=2076 ms, used_size=2791424 bytes (6.8%)
(RDMA_READ_CONSUME_CHECK_CONSUMER) timestamp=2076 ms, used_size=2789376 bytes (6.8%)
(RDMA_READ_CONSUME_CHECK_CONSUMER) timestamp=2076 ms, used_size=2787328 bytes (6.8%)
(RDMA_READ_CONSUME_CHECK_CONSUMER) timestamp=2076 ms, used_size=2785280 bytes (6.8%)
(RDMA_READ_CONSUME_CHECK_CONSUMER) timestamp=2076 ms, used_size=2783232 bytes (6.8%)
(RDMA_READ_CONSUME_CHECK_CONSUMER) timestamp=2076 ms, used_size=2781184 bytes (6.8%)
(RDMA_READ_CONSUME_CHECK_CONSUMER) timestamp=2076 ms, used_size=2779136 bytes (6.8%)
(RDMA_READ_CONSUME_CHECK_CONSUMER) timestamp=2076 ms, used_size=2777088 bytes (6.8%)
(RDMA_READ_CONSUME_CHECK_CONSUMER) timestamp=2076 ms, used_size=2775040 bytes (6.8%)
(RDMA_READ_CONSUME_CHECK_CONSUMER) timestamp=2076 ms, used_size=2772992 bytes (6.8%)
(RDMA_READ_CONSUME_CHECK_CONSUMER) timestamp=2076 ms, used_size=2770944 bytes (6.8%)
(RDMA_READ_CONSUME_CHECK_CONSUMER) timestamp=2076 ms, used_size=2768896 bytes (6.8%)
(RDMA_READ_CONSUME_CHECK_CONSUMER) timestamp=2076 ms, used_size=2766848 bytes (6.8%)
(RDMA_READ_CONSUME_CHECK_CONSUMER) timestamp=2076 ms, used_size=2764800 bytes (6.8%)
(RDMA_READ_CONSUME_CHECK_CONSUMER) timestamp=2076 ms, used_size=2762752 bytes (6.7%)
(RDMA_READ_CONSUME_CHECK_CONSUMER) timestamp=2076 ms, used_size=2760704 bytes (6.7%)
(RDMA_READ_CONSUME_CHECK_CONSUMER) timestamp=2076 ms, used_size=2758656 bytes (6.7%)
(RDMA_READ_CONSUME_CHECK_CONSUMER) timestamp=2077 ms, used_size=2756608 bytes (6.7%)
(RDMA_READ_CONSUME_CHECK_CONSUMER) timestamp=2077 ms, used_size=2754560 bytes (6.7%)
(RDMA_READ_CONSUME_CHECK_CONSUMER) timestamp=2077 ms, used_size=2752512 bytes (6.7%)
(RDMA_READ_CONSUME_CHECK_CONSUMER) timestamp=2077 ms, used_size=2750464 bytes (6.7%)
(RDMA_READ_CONSUME_CHECK_CONSUMER) timestamp=2077 ms, used_size=2748416 bytes (6.7%)
(RDMA_READ_CONSUME_CHECK_CONSUMER) timestamp=2077 ms, used_size=2746368 bytes (6.7%)
(RDMA_READ_CONSUME_CHECK_CONSUMER) timestamp=2077 ms, used_size=2744320 bytes (6.7%)
(RDMA_READ_CONSUME_CHECK_CONSUMER) timestamp=2077 ms, used_size=2742272 bytes (6.7%)
(RDMA_READ_CONSUME_CHECK_CONSUMER) timestamp=2077 ms, used_size=2740224 bytes (6.7%)
(RDMA_READ_CONSUME_CHECK_CONSUMER) timestamp=2077 ms, used_size=2738176 bytes (6.7%)
(RDMA_READ_CONSUME_CHECK_CONSUMER) timestamp=2077 ms, used_size=2736128 bytes (6.7%)
(RDMA_READ_CONSUME_CHECK_CONSUMER) timestamp=2077 ms, used_size=2734080 bytes (6.7%)
(RDMA_READ_CONSUME_CHECK_CONSUMER) timestamp=2077 ms, used_size=2732032 bytes (6.7%)
(RDMA_READ_CONSUME_CHECK_CONSUMER) timestamp=2077 ms, used_size=2729984 bytes (6.7%)
(RDMA_READ_CONSUME_CHECK_CONSUMER) timestamp=2077 ms, used_size=2727936 bytes (6.7%)
(RDMA_READ_CONSUME_CHECK_CONSUMER) timestamp=2077 ms, used_size=2725888 bytes (6.7%)
(RDMA_READ_CONSUME_CHECK_CONSUMER) timestamp=2077 ms, used_size=2723840 bytes (6.7%)
(RDMA_READ_CONSUME_CHECK_CONSUMER) timestamp=2077 ms, used_size=2721792 bytes (6.6%)
(RDMA_READ_CONSUME_CHECK_CONSUMER) timestamp=2077 ms, used_size=2719744 bytes (6.6%)
(RDMA_READ_CONSUME_CHECK_CONSUMER) timestamp=2077 ms, used_size=2717696 bytes (6.6%)
(RDMA_READ_CONSUME_CHECK_CONSUMER) timestamp=2077 ms, used_size=2715648 bytes (6.6%)
(RDMA_READ_CONSUME_CHECK_CONSUMER) timestamp=2077 ms, used_size=2713600 bytes (6.6%)
(RDMA_READ_CONSUME_CHECK_CONSUMER) timestamp=2077 ms, used_size=2711552 bytes (6.6%)
(RDMA_READ_CONSUME_CHECK_CONSUMER) timestamp=2077 ms, used_size=2709504 bytes (6.6%)
(RDMA_READ_CONSUME_CHECK_CONSUMER) timestamp=2077 ms, used_size=2707456 bytes (6.6%)
(RDMA_READ_CONSUME_CHECK_CONSUMER) timestamp=2077 ms, used_size=2705408 bytes (6.6%)
(RDMA_READ_CONSUME_CHECK_CONSUMER) timestamp=2077 ms, used_size=2703360 bytes (6.6%)
(RDMA_READ_CONSUME_CHECK_CONSUMER) timestamp=2077 ms, used_size=2701312 bytes (6.6%)
(RDMA_READ_CONSUME_CHECK_CONSUMER) timestamp=2077 ms, used_size=2699264 bytes (6.6%)
(RDMA_READ_CONSUME_CHECK_CONSUMER) timestamp=2077 ms, used_size=2697216 bytes (6.6%)
(RDMA_READ_CONSUME_CHECK_CONSUMER) timestamp=2077 ms, used_size=2695168 bytes (6.6%)
(RDMA_READ_CONSUME_CHECK_CONSUMER) timestamp=2077 ms, used_size=2693120 bytes (6.6%)
(RDMA_READ_CONSUME_CHECK_CONSUMER) timestamp=2077 ms, used_size=2691072 bytes (6.6%)
(RDMA_READ_CONSUME_CHECK_CONSUMER) timestamp=2077 ms, used_size=2689024 bytes (6.6%)
(RDMA_READ_CONSUME_CHECK_CONSUMER) timestamp=2077 ms, used_size=2686976 bytes (6.6%)
(RDMA_READ_CONSUME_CHECK_CONSUMER) timestamp=2077 ms, used_size=2684928 bytes (6.6%)
(RDMA_READ_CONSUME_CHECK_CONSUMER) timestamp=2077 ms, used_size=2682880 bytes (6.5%)
(RDMA_READ_CONSUME_CHECK_CONSUMER) timestamp=2077 ms, used_size=2680832 bytes (6.5%)
(RDMA_READ_CONSUME_CHECK_CONSUMER) timestamp=2077 ms, used_size=2678784 bytes (6.5%)
(RDMA_READ_CONSUME_CHECK_CONSUMER) timestamp=2077 ms, used_size=2676736 bytes (6.5%)
(RDMA_READ_CONSUME_CHECK_CONSUMER) timestamp=2077 ms, used_size=2674688 bytes (6.5%)
(RDMA_READ_CONSUME_CHECK_CONSUMER) timestamp=2077 ms, used_size=2672640 bytes (6.5%)
(RDMA_READ_CONSUME_CHECK_CONSUMER) timestamp=2077 ms, used_size=2670592 bytes (6.5%)
(RDMA_READ_CONSUME_CHECK_CONSUMER) timestamp=2077 ms, used_size=2668544 bytes (6.5%)
(RDMA_READ_CONSUME_CHECK_CONSUMER) timestamp=2077 ms, used_size=2666496 bytes (6.5%)
(RDMA_READ_CONSUME_CHECK_CONSUMER) timestamp=2077 ms, used_size=2664448 bytes (6.5%)
(RDMA_READ_CONSUME_CHECK_CONSUMER) timestamp=2077 ms, used_size=2662400 bytes (6.5%)
(RDMA_READ_CONSUME_CHECK_CONSUMER) timestamp=2077 ms, used_size=2660352 bytes (6.5%)
(RDMA_READ_CONSUME_CHECK_CONSUMER) timestamp=2077 ms, used_size=2658304 bytes (6.5%)
(RDMA_READ_CONSUME_CHECK_CONSUMER) timestamp=2077 ms, used_size=2656256 bytes (6.5%)
(RDMA_READ_CONSUME_CHECK_CONSUMER) timestamp=2077 ms, used_size=2654208 bytes (6.5%)
(RDMA_READ_CONSUME_CHECK_CONSUMER) timestamp=2077 ms, used_size=2652160 bytes (6.5%)
(RDMA_READ_CONSUME_CHECK_CONSUMER) timestamp=2077 ms, used_size=2650112 bytes (6.5%)
(RDMA_READ_CONSUME_CHECK_CONSUMER) timestamp=2077 ms, used_size=2648064 bytes (6.5%)
(RDMA_READ_CONSUME_CHECK_CONSUMER) timestamp=2077 ms, used_size=2646016 bytes (6.5%)
(RDMA_READ_CONSUME_CHECK_CONSUMER) timestamp=2077 ms, used_size=2643968 bytes (6.5%)
(RDMA_READ_CONSUME_CHECK_CONSUMER) timestamp=2077 ms, used_size=2641920 bytes (6.5%)
(RDMA_READ_CONSUME_CHECK_CONSUMER) timestamp=2077 ms, used_size=2639872 bytes (6.4%)
(RDMA_READ_CONSUME_CHECK_CONSUMER) timestamp=2077 ms, used_size=2637824 bytes (6.4%)
(RDMA_READ_CONSUME_CHECK_CONSUMER) timestamp=2077 ms, used_size=2635776 bytes (6.4%)
(RDMA_READ_CONSUME_CHECK_CONSUMER) timestamp=2077 ms, used_size=2633728 bytes (6.4%)
(RDMA_READ_CONSUME_CHECK_CONSUMER) timestamp=2077 ms, used_size=2631680 bytes (6.4%)
(RDMA_READ_CONSUME_CHECK_CONSUMER) timestamp=2077 ms, used_size=2629632 bytes (6.4%)
(RDMA_READ_CONSUME_CHECK_CONSUMER) timestamp=2077 ms, used_size=2627584 bytes (6.4%)
(RDMA_READ_CONSUME_CHECK_CONSUMER) timestamp=2077 ms, used_size=2625536 bytes (6.4%)
(RDMA_READ_CONSUME_CHECK_CONSUMER) timestamp=2077 ms, used_size=2623488 bytes (6.4%)
(RDMA_READ_CONSUME_CHECK_CONSUMER) timestamp=2077 ms, used_size=2621440 bytes (6.4%)
(RDMA_READ_CONSUME_CHECK_CONSUMER) timestamp=2077 ms, used_size=2619392 bytes (6.4%)
(RDMA_READ_CONSUME_CHECK_CONSUMER) timestamp=2077 ms, used_size=2617344 bytes (6.4%)
(RDMA_READ_CONSUME_CHECK_CONSUMER) timestamp=2077 ms, used_size=2615296 bytes (6.4%)
(RDMA_READ_CONSUME_CHECK_CONSUMER) timestamp=2077 ms, used_size=2613248 bytes (6.4%)
(RDMA_READ_CONSUME_CHECK_CONSUMER) timestamp=2077 ms, used_size=2611200 bytes (6.4%)
(RDMA_READ_CONSUME_CHECK_CONSUMER) timestamp=2077 ms, used_size=2609152 bytes (6.4%)
(RDMA_READ_CONSUME_CHECK_CONSUMER) timestamp=2077 ms, used_size=2607104 bytes (6.4%)
(RDMA_READ_CONSUME_CHECK_CONSUMER) timestamp=2077 ms, used_size=2605056 bytes (6.4%)
(RDMA_READ_CONSUME_CHECK_CONSUMER) timestamp=2077 ms, used_size=2603008 bytes (6.4%)
(RDMA_READ_CONSUME_CHECK_CONSUMER) timestamp=2077 ms, used_size=2600960 bytes (6.3%)
(RDMA_READ_CONSUME_CHECK_CONSUMER) timestamp=2077 ms, used_size=2598912 bytes (6.3%)
(RDMA_READ_CONSUME_CHECK_CONSUMER) timestamp=2077 ms, used_size=2596864 bytes (6.3%)
(RDMA_READ_CONSUME_CHECK_CONSUMER) timestamp=2077 ms, used_size=2594816 bytes (6.3%)
(RDMA_READ_CONSUME_CHECK_CONSUMER) timestamp=2077 ms, used_size=2592768 bytes (6.3%)
(RDMA_READ_CONSUME_CHECK_CONSUMER) timestamp=2077 ms, used_size=2590720 bytes (6.3%)
(RDMA_READ_CONSUME_CHECK_CONSUMER) timestamp=2077 ms, used_size=2588672 bytes (6.3%)
(RDMA_READ_CONSUME_CHECK_CONSUMER) timestamp=2077 ms, used_size=2586624 bytes (6.3%)
(RDMA_READ_CONSUME_CHECK_CONSUMER) timestamp=2077 ms, used_size=2584576 bytes (6.3%)
(RDMA_READ_CONSUME_CHECK_CONSUMER) timestamp=2077 ms, used_size=2582528 bytes (6.3%)
(RDMA_READ_CONSUME_CHECK_CONSUMER) timestamp=2077 ms, used_size=2580480 bytes (6.3%)
(RDMA_READ_CONSUME_CHECK_CONSUMER) timestamp=2077 ms, used_size=2578432 bytes (6.3%)
(RDMA_READ_CONSUME_CHECK_CONSUMER) timestamp=2077 ms, used_size=2576384 bytes (6.3%)
(RDMA_READ_CONSUME_CHECK_CONSUMER) timestamp=2077 ms, used_size=2574336 bytes (6.3%)
(RDMA_READ_CONSUME_CHECK_CONSUMER) timestamp=2077 ms, used_size=2572288 bytes (6.3%)
(RDMA_READ_CONSUME_CHECK_CONSUMER) timestamp=2077 ms, used_size=2570240 bytes (6.3%)
(RDMA_READ_CONSUME_CHECK_CONSUMER) timestamp=2077 ms, used_size=2568192 bytes (6.3%)
(RDMA_READ_CONSUME_CHECK_CONSUMER) timestamp=2077 ms, used_size=2566144 bytes (6.3%)
(RDMA_READ_CONSUME_CHECK_CONSUMER) timestamp=2077 ms, used_size=2564096 bytes (6.3%)
(RDMA_READ_CONSUME_CHECK_CONSUMER) timestamp=2077 ms, used_size=2562048 bytes (6.3%)
(RDMA_READ_CONSUME_CHECK_CONSUMER) timestamp=2077 ms, used_size=2560000 bytes (6.2%)
(RDMA_READ_CONSUME_CHECK_CONSUMER) timestamp=2077 ms, used_size=2557952 bytes (6.2%)
(RDMA_READ_CONSUME_CHECK_CONSUMER) timestamp=2077 ms, used_size=2555904 bytes (6.2%)
(RDMA_READ_CONSUME_CHECK_CONSUMER) timestamp=2077 ms, used_size=2553856 bytes (6.2%)
(RDMA_READ_CONSUME_CHECK_CONSUMER) timestamp=2077 ms, used_size=2551808 bytes (6.2%)
(RDMA_READ_CONSUME_CHECK_CONSUMER) timestamp=2077 ms, used_size=2549760 bytes (6.2%)
(RDMA_READ_CONSUME_CHECK_CONSUMER) timestamp=2077 ms, used_size=2547712 bytes (6.2%)
(RDMA_READ_CONSUME_CHECK_CONSUMER) timestamp=2077 ms, used_size=2545664 bytes (6.2%)
(RDMA_READ_CONSUME_CHECK_CONSUMER) timestamp=2077 ms, used_size=2543616 bytes (6.2%)
(RDMA_READ_CONSUME_CHECK_CONSUMER) timestamp=2077 ms, used_size=2541568 bytes (6.2%)
(RDMA_READ_CONSUME_CHECK_CONSUMER) timestamp=2077 ms, used_size=2539520 bytes (6.2%)
(RDMA_READ_CONSUME_CHECK_CONSUMER) timestamp=2077 ms, used_size=2537472 bytes (6.2%)
(RDMA_READ_CONSUME_CHECK_CONSUMER) timestamp=2077 ms, used_size=2535424 bytes (6.2%)
(RDMA_READ_CONSUME_CHECK_CONSUMER) timestamp=2077 ms, used_size=2533376 bytes (6.2%)
(RDMA_READ_CONSUME_CHECK_CONSUMER) timestamp=2077 ms, used_size=2531328 bytes (6.2%)
(RDMA_READ_CONSUME_CHECK_CONSUMER) timestamp=2077 ms, used_size=2529280 bytes (6.2%)
(RDMA_READ_CONSUME_CHECK_CONSUMER) timestamp=2077 ms, used_size=2527232 bytes (6.2%)
(RDMA_READ_CONSUME_CHECK_CONSUMER) timestamp=2077 ms, used_size=2525184 bytes (6.2%)
(RDMA_READ_CONSUME_CHECK_CONSUMER) timestamp=2077 ms, used_size=2523136 bytes (6.2%)
(RDMA_READ_CONSUME_CHECK_CONSUMER) timestamp=2077 ms, used_size=2521088 bytes (6.2%)
(RDMA_READ_CONSUME_CHECK_CONSUMER) timestamp=2077 ms, used_size=2519040 bytes (6.2%)
(RDMA_READ_CONSUME_CHECK_CONSUMER) timestamp=2077 ms, used_size=2516992 bytes (6.1%)
(RDMA_READ_CONSUME_CHECK_CONSUMER) timestamp=2077 ms, used_size=2514944 bytes (6.1%)
(RDMA_READ_CONSUME_CHECK_CONSUMER) timestamp=2077 ms, used_size=2512896 bytes (6.1%)
(RDMA_READ_CONSUME_CHECK_CONSUMER) timestamp=2077 ms, used_size=2510848 bytes (6.1%)
(RDMA_READ_CONSUME_CHECK_CONSUMER) timestamp=2077 ms, used_size=2508800 bytes (6.1%)
(RDMA_READ_CONSUME_CHECK_CONSUMER) timestamp=2077 ms, used_size=2506752 bytes (6.1%)
(RDMA_READ_CONSUME_CHECK_CONSUMER) timestamp=2077 ms, used_size=2504704 bytes (6.1%)
(RDMA_READ_CONSUME_CHECK_CONSUMER) timestamp=2077 ms, used_size=2502656 bytes (6.1%)
(RDMA_READ_CONSUME_CHECK_CONSUMER) timestamp=2077 ms, used_size=2500608 bytes (6.1%)
(RDMA_READ_CONSUME_CHECK_CONSUMER) timestamp=2077 ms, used_size=2498560 bytes (6.1%)
(RDMA_READ_CONSUME_CHECK_CONSUMER) timestamp=2077 ms, used_size=2496512 bytes (6.1%)
(RDMA_READ_CONSUME_CHECK_CONSUMER) timestamp=2077 ms, used_size=2494464 bytes (6.1%)
(RDMA_READ_CONSUME_CHECK_CONSUMER) timestamp=2077 ms, used_size=2492416 bytes (6.1%)
(RDMA_READ_CONSUME_CHECK_CONSUMER) timestamp=2077 ms, used_size=2490368 bytes (6.1%)
(RDMA_READ_CONSUME_CHECK_CONSUMER) timestamp=2077 ms, used_size=2488320 bytes (6.1%)
(RDMA_READ_CONSUME_CHECK_CONSUMER) timestamp=2077 ms, used_size=2486272 bytes (6.1%)
(RDMA_READ_CONSUME_CHECK_CONSUMER) timestamp=2077 ms, used_size=2484224 bytes (6.1%)
(RDMA_READ_CONSUME_CHECK_CONSUMER) timestamp=2077 ms, used_size=2482176 bytes (6.1%)
(RDMA_READ_CONSUME_CHECK_CONSUMER) timestamp=2077 ms, used_size=2480128 bytes (6.1%)
(RDMA_READ_CONSUME_CHECK_CONSUMER) timestamp=2077 ms, used_size=2478080 bytes (6.0%)
(RDMA_READ_CONSUME_CHECK_CONSUMER) timestamp=2077 ms, used_size=2476032 bytes (6.0%)
(RDMA_READ_CONSUME_CHECK_CONSUMER) timestamp=2077 ms, used_size=2473984 bytes (6.0%)
(RDMA_READ_CONSUME_CHECK_CONSUMER) timestamp=2077 ms, used_size=2471936 bytes (6.0%)
(RDMA_READ_CONSUME_CHECK_CONSUMER) timestamp=2077 ms, used_size=2469888 bytes (6.0%)
(RDMA_READ_CONSUME_CHECK_CONSUMER) timestamp=2077 ms, used_size=2467840 bytes (6.0%)
(RDMA_READ_CONSUME_CHECK_CONSUMER) timestamp=2077 ms, used_size=2465792 bytes (6.0%)
(RDMA_READ_CONSUME_CHECK_CONSUMER) timestamp=2077 ms, used_size=2463744 bytes (6.0%)
(RDMA_READ_CONSUME_CHECK_CONSUMER) timestamp=2077 ms, used_size=2461696 bytes (6.0%)
(RDMA_READ_CONSUME_CHECK_CONSUMER) timestamp=2077 ms, used_size=2459648 bytes (6.0%)
(RDMA_READ_CONSUME_CHECK_CONSUMER) timestamp=2077 ms, used_size=2457600 bytes (6.0%)
(RDMA_READ_CONSUME_CHECK_CONSUMER) timestamp=2077 ms, used_size=2455552 bytes (6.0%)
(RDMA_READ_CONSUME_CHECK_CONSUMER) timestamp=2077 ms, used_size=2453504 bytes (6.0%)
(RDMA_READ_CONSUME_CHECK_CONSUMER) timestamp=2077 ms, used_size=2451456 bytes (6.0%)
(RDMA_READ_CONSUME_CHECK_CONSUMER) timestamp=2077 ms, used_size=2449408 bytes (6.0%)
(RDMA_READ_CONSUME_CHECK_CONSUMER) timestamp=2077 ms, used_size=2447360 bytes (6.0%)
(RDMA_READ_CONSUME_CHECK_CONSUMER) timestamp=2077 ms, used_size=2445312 bytes (6.0%)
(RDMA_READ_CONSUME_CHECK_CONSUMER) timestamp=2077 ms, used_size=2443264 bytes (6.0%)
(RDMA_READ_CONSUME_CHECK_CONSUMER) timestamp=2077 ms, used_size=2441216 bytes (6.0%)
(RDMA_READ_CONSUME_CHECK_CONSUMER) timestamp=2077 ms, used_size=2439168 bytes (6.0%)
(RDMA_READ_CONSUME_CHECK_CONSUMER) timestamp=2077 ms, used_size=2437120 bytes (6.0%)
(RDMA_READ_CONSUME_CHECK_CONSUMER) timestamp=2077 ms, used_size=2435072 bytes (5.9%)
(RDMA_READ_CONSUME_CHECK_CONSUMER) timestamp=2077 ms, used_size=2433024 bytes (5.9%)
(RDMA_READ_CONSUME_CHECK_CONSUMER) timestamp=2077 ms, used_size=2430976 bytes (5.9%)
(RDMA_READ_CONSUME_CHECK_CONSUMER) timestamp=2077 ms, used_size=2428928 bytes (5.9%)
(RDMA_READ_CONSUME_CHECK_CONSUMER) timestamp=2077 ms, used_size=2426880 bytes (5.9%)
(RDMA_READ_CONSUME_CHECK_CONSUMER) timestamp=2077 ms, used_size=2424832 bytes (5.9%)
(RDMA_READ_CONSUME_CHECK_CONSUMER) timestamp=2077 ms, used_size=2422784 bytes (5.9%)
(RDMA_READ_CONSUME_CHECK_CONSUMER) timestamp=2077 ms, used_size=2420736 bytes (5.9%)
(RDMA_READ_CONSUME_CHECK_CONSUMER) timestamp=2077 ms, used_size=2418688 bytes (5.9%)
(RDMA_READ_CONSUME_CHECK_CONSUMER) timestamp=2077 ms, used_size=2416640 bytes (5.9%)
(RDMA_READ_CONSUME_CHECK_CONSUMER) timestamp=2077 ms, used_size=2414592 bytes (5.9%)
(RDMA_READ_CONSUME_CHECK_CONSUMER) timestamp=2077 ms, used_size=2412544 bytes (5.9%)
(RDMA_READ_CONSUME_CHECK_CONSUMER) timestamp=2077 ms, used_size=2410496 bytes (5.9%)
(RDMA_READ_CONSUME_CHECK_CONSUMER) timestamp=2077 ms, used_size=2408448 bytes (5.9%)
(RDMA_READ_CONSUME_CHECK_CONSUMER) timestamp=2077 ms, used_size=2406400 bytes (5.9%)
(RDMA_READ_CONSUME_CHECK_CONSUMER) timestamp=2077 ms, used_size=2404352 bytes (5.9%)
(RDMA_READ_CONSUME_CHECK_CONSUMER) timestamp=2077 ms, used_size=2402304 bytes (5.9%)
(RDMA_READ_CONSUME_CHECK_CONSUMER) timestamp=2077 ms, used_size=2400256 bytes (5.9%)
(RDMA_READ_CONSUME_CHECK_CONSUMER) timestamp=2077 ms, used_size=2398208 bytes (5.9%)
(RDMA_READ_CONSUME_CHECK_CONSUMER) timestamp=2077 ms, used_size=2396160 bytes (5.8%)
(RDMA_READ_CONSUME_CHECK_CONSUMER) timestamp=2077 ms, used_size=2394112 bytes (5.8%)
(RDMA_READ_CONSUME_CHECK_CONSUMER) timestamp=2077 ms, used_size=2392064 bytes (5.8%)
(RDMA_READ_CONSUME_CHECK_CONSUMER) timestamp=2077 ms, used_size=2390016 bytes (5.8%)
(RDMA_READ_CONSUME_CHECK_CONSUMER) timestamp=2077 ms, used_size=2387968 bytes (5.8%)
(RDMA_READ_CONSUME_CHECK_CONSUMER) timestamp=2077 ms, used_size=2385920 bytes (5.8%)
(RDMA_READ_CONSUME_CHECK_CONSUMER) timestamp=2077 ms, used_size=2383872 bytes (5.8%)
(RDMA_READ_CONSUME_CHECK_CONSUMER) timestamp=2078 ms, used_size=2381824 bytes (5.8%)
(RDMA_READ_CONSUME_CHECK_CONSUMER) timestamp=2078 ms, used_size=2379776 bytes (5.8%)
(RDMA_READ_CONSUME_CHECK_CONSUMER) timestamp=2078 ms, used_size=2377728 bytes (5.8%)
(RDMA_READ_CONSUME_CHECK_CONSUMER) timestamp=2078 ms, used_size=2375680 bytes (5.8%)
(RDMA_READ_CONSUME_CHECK_CONSUMER) timestamp=2078 ms, used_size=2373632 bytes (5.8%)
(RDMA_READ_CONSUME_CHECK_CONSUMER) timestamp=2078 ms, used_size=2371584 bytes (5.8%)
(RDMA_READ_CONSUME_CHECK_CONSUMER) timestamp=2078 ms, used_size=2369536 bytes (5.8%)
(RDMA_READ_CONSUME_CHECK_CONSUMER) timestamp=2078 ms, used_size=2367488 bytes (5.8%)
(RDMA_READ_CONSUME_CHECK_CONSUMER) timestamp=2078 ms, used_size=2365440 bytes (5.8%)
(RDMA_READ_CONSUME_CHECK_CONSUMER) timestamp=2078 ms, used_size=2363392 bytes (5.8%)
(RDMA_READ_CONSUME_CHECK_CONSUMER) timestamp=2078 ms, used_size=2361344 bytes (5.8%)
(RDMA_READ_CONSUME_CHECK_CONSUMER) timestamp=2078 ms, used_size=2359296 bytes (5.8%)
(RDMA_READ_CONSUME_CHECK_CONSUMER) timestamp=2078 ms, used_size=2357248 bytes (5.8%)
(RDMA_READ_CONSUME_CHECK_CONSUMER) timestamp=2078 ms, used_size=2355200 bytes (5.8%)
(RDMA_READ_CONSUME_CHECK_CONSUMER) timestamp=2078 ms, used_size=2353152 bytes (5.7%)
(RDMA_READ_CONSUME_CHECK_CONSUMER) timestamp=2078 ms, used_size=2351104 bytes (5.7%)
(RDMA_READ_CONSUME_CHECK_CONSUMER) timestamp=2078 ms, used_size=2349056 bytes (5.7%)
(RDMA_READ_CONSUME_CHECK_CONSUMER) timestamp=2078 ms, used_size=2347008 bytes (5.7%)
(RDMA_READ_CONSUME_CHECK_CONSUMER) timestamp=2078 ms, used_size=2344960 bytes (5.7%)
(RDMA_READ_CONSUME_CHECK_CONSUMER) timestamp=2078 ms, used_size=2342912 bytes (5.7%)
(RDMA_READ_CONSUME_CHECK_CONSUMER) timestamp=2078 ms, used_size=2340864 bytes (5.7%)
(RDMA_READ_CONSUME_CHECK_CONSUMER) timestamp=2078 ms, used_size=2338816 bytes (5.7%)
(RDMA_READ_CONSUME_CHECK_CONSUMER) timestamp=2078 ms, used_size=2336768 bytes (5.7%)
(RDMA_READ_CONSUME_CHECK_CONSUMER) timestamp=2078 ms, used_size=2334720 bytes (5.7%)
(RDMA_READ_CONSUME_CHECK_CONSUMER) timestamp=2078 ms, used_size=2332672 bytes (5.7%)
(RDMA_READ_CONSUME_CHECK_CONSUMER) timestamp=2078 ms, used_size=2330624 bytes (5.7%)
(RDMA_READ_CONSUME_CHECK_CONSUMER) timestamp=2078 ms, used_size=2328576 bytes (5.7%)
(RDMA_READ_CONSUME_CHECK_CONSUMER) timestamp=2078 ms, used_size=2326528 bytes (5.7%)
(RDMA_READ_CONSUME_CHECK_CONSUMER) timestamp=2078 ms, used_size=2324480 bytes (5.7%)
(RDMA_READ_CONSUME_CHECK_CONSUMER) timestamp=2078 ms, used_size=2322432 bytes (5.7%)
(RDMA_READ_CONSUME_CHECK_CONSUMER) timestamp=2078 ms, used_size=2320384 bytes (5.7%)
(RDMA_READ_CONSUME_CHECK_CONSUMER) timestamp=2078 ms, used_size=2318336 bytes (5.7%)
(RDMA_READ_CONSUME_CHECK_CONSUMER) timestamp=2078 ms, used_size=2316288 bytes (5.7%)
(RDMA_READ_CONSUME_CHECK_CONSUMER) timestamp=2078 ms, used_size=2314240 bytes (5.7%)
(RDMA_READ_CONSUME_CHECK_CONSUMER) timestamp=2078 ms, used_size=2312192 bytes (5.6%)
(RDMA_READ_CONSUME_CHECK_CONSUMER) timestamp=2078 ms, used_size=2310144 bytes (5.6%)
(RDMA_READ_CONSUME_CHECK_CONSUMER) timestamp=2078 ms, used_size=2308096 bytes (5.6%)
(RDMA_READ_CONSUME_CHECK_CONSUMER) timestamp=2078 ms, used_size=2306048 bytes (5.6%)
(RDMA_READ_CONSUME_CHECK_CONSUMER) timestamp=2078 ms, used_size=2304000 bytes (5.6%)
(RDMA_READ_CONSUME_CHECK_CONSUMER) timestamp=2078 ms, used_size=2301952 bytes (5.6%)
(RDMA_READ_CONSUME_CHECK_CONSUMER) timestamp=2078 ms, used_size=2299904 bytes (5.6%)
(RDMA_READ_CONSUME_CHECK_CONSUMER) timestamp=2078 ms, used_size=2297856 bytes (5.6%)
(RDMA_READ_CONSUME_CHECK_CONSUMER) timestamp=2078 ms, used_size=2295808 bytes (5.6%)
(RDMA_READ_CONSUME_CHECK_CONSUMER) timestamp=2078 ms, used_size=2293760 bytes (5.6%)
(RDMA_READ_CONSUME_CHECK_CONSUMER) timestamp=2078 ms, used_size=2291712 bytes (5.6%)
(RDMA_READ_CONSUME_CHECK_CONSUMER) timestamp=2078 ms, used_size=2289664 bytes (5.6%)
(RDMA_READ_CONSUME_CHECK_CONSUMER) timestamp=2078 ms, used_size=2287616 bytes (5.6%)
(RDMA_READ_CONSUME_CHECK_CONSUMER) timestamp=2078 ms, used_size=2285568 bytes (5.6%)
(RDMA_READ_CONSUME_CHECK_CONSUMER) timestamp=2078 ms, used_size=2283520 bytes (5.6%)
(RDMA_READ_CONSUME_CHECK_CONSUMER) timestamp=2078 ms, used_size=2281472 bytes (5.6%)
(RDMA_READ_CONSUME_CHECK_CONSUMER) timestamp=2078 ms, used_size=2279424 bytes (5.6%)
(RDMA_READ_CONSUME_CHECK_CONSUMER) timestamp=2078 ms, used_size=2277376 bytes (5.6%)
(RDMA_READ_CONSUME_CHECK_CONSUMER) timestamp=2078 ms, used_size=2275328 bytes (5.6%)
(RDMA_READ_CONSUME_CHECK_CONSUMER) timestamp=2078 ms, used_size=2273280 bytes (5.5%)
(RDMA_READ_CONSUME_CHECK_CONSUMER) timestamp=2078 ms, used_size=2271232 bytes (5.5%)
(RDMA_READ_CONSUME_CHECK_CONSUMER) timestamp=2078 ms, used_size=2269184 bytes (5.5%)
(RDMA_READ_CONSUME_CHECK_CONSUMER) timestamp=2078 ms, used_size=2267136 bytes (5.5%)
(RDMA_READ_CONSUME_CHECK_CONSUMER) timestamp=2078 ms, used_size=2265088 bytes (5.5%)
(RDMA_READ_CONSUME_CHECK_CONSUMER) timestamp=2078 ms, used_size=2263040 bytes (5.5%)
(RDMA_READ_CONSUME_CHECK_CONSUMER) timestamp=2078 ms, used_size=2260992 bytes (5.5%)
(RDMA_READ_CONSUME_CHECK_CONSUMER) timestamp=2078 ms, used_size=2258944 bytes (5.5%)
(RDMA_READ_CONSUME_CHECK_CONSUMER) timestamp=2078 ms, used_size=2256896 bytes (5.5%)
(RDMA_READ_CONSUME_CHECK_CONSUMER) timestamp=2078 ms, used_size=2254848 bytes (5.5%)
(RDMA_READ_CONSUME_CHECK_CONSUMER) timestamp=2078 ms, used_size=2252800 bytes (5.5%)
(RDMA_READ_CONSUME_CHECK_CONSUMER) timestamp=2078 ms, used_size=2250752 bytes (5.5%)
(RDMA_READ_CONSUME_CHECK_CONSUMER) timestamp=2078 ms, used_size=2248704 bytes (5.5%)
(RDMA_READ_CONSUME_CHECK_CONSUMER) timestamp=2078 ms, used_size=2246656 bytes (5.5%)
(RDMA_READ_CONSUME_CHECK_CONSUMER) timestamp=2078 ms, used_size=2244608 bytes (5.5%)
(RDMA_READ_CONSUME_CHECK_CONSUMER) timestamp=2078 ms, used_size=2242560 bytes (5.5%)
(RDMA_READ_CONSUME_CHECK_CONSUMER) timestamp=2078 ms, used_size=2240512 bytes (5.5%)
(RDMA_READ_CONSUME_CHECK_CONSUMER) timestamp=2078 ms, used_size=2238464 bytes (5.5%)
(RDMA_READ_CONSUME_CHECK_CONSUMER) timestamp=2078 ms, used_size=2236416 bytes (5.5%)
(RDMA_READ_CONSUME_CHECK_CONSUMER) timestamp=2078 ms, used_size=2234368 bytes (5.5%)
(RDMA_READ_CONSUME_CHECK_CONSUMER) timestamp=2078 ms, used_size=2232320 bytes (5.5%)
(RDMA_READ_CONSUME_CHECK_CONSUMER) timestamp=2078 ms, used_size=2230272 bytes (5.4%)
(RDMA_READ_CONSUME_CHECK_CONSUMER) timestamp=2078 ms, used_size=2228224 bytes (5.4%)
(RDMA_READ_CONSUME_CHECK_CONSUMER) timestamp=2078 ms, used_size=2226176 bytes (5.4%)
(RDMA_READ_CONSUME_CHECK_CONSUMER) timestamp=2078 ms, used_size=2224128 bytes (5.4%)
(RDMA_READ_CONSUME_CHECK_CONSUMER) timestamp=2078 ms, used_size=2222080 bytes (5.4%)
(RDMA_READ_CONSUME_CHECK_CONSUMER) timestamp=2078 ms, used_size=2220032 bytes (5.4%)
(RDMA_READ_CONSUME_CHECK_CONSUMER) timestamp=2078 ms, used_size=2217984 bytes (5.4%)
(RDMA_READ_CONSUME_CHECK_CONSUMER) timestamp=2078 ms, used_size=2215936 bytes (5.4%)
(RDMA_READ_CONSUME_CHECK_CONSUMER) timestamp=2078 ms, used_size=2213888 bytes (5.4%)
(RDMA_READ_CONSUME_CHECK_CONSUMER) timestamp=2078 ms, used_size=2211840 bytes (5.4%)
(RDMA_READ_CONSUME_CHECK_CONSUMER) timestamp=2078 ms, used_size=2209792 bytes (5.4%)
(RDMA_READ_CONSUME_CHECK_CONSUMER) timestamp=2078 ms, used_size=2207744 bytes (5.4%)
(RDMA_READ_CONSUME_CHECK_CONSUMER) timestamp=2078 ms, used_size=2205696 bytes (5.4%)
(RDMA_READ_CONSUME_CHECK_CONSUMER) timestamp=2078 ms, used_size=2203648 bytes (5.4%)
(RDMA_READ_CONSUME_CHECK_CONSUMER) timestamp=2078 ms, used_size=2201600 bytes (5.4%)
(RDMA_READ_CONSUME_CHECK_CONSUMER) timestamp=2078 ms, used_size=2199552 bytes (5.4%)
(RDMA_READ_CONSUME_CHECK_CONSUMER) timestamp=2078 ms, used_size=2197504 bytes (5.4%)
(RDMA_READ_CONSUME_CHECK_CONSUMER) timestamp=2078 ms, used_size=2195456 bytes (5.4%)
(RDMA_READ_CONSUME_CHECK_CONSUMER) timestamp=2078 ms, used_size=2193408 bytes (5.4%)
(RDMA_READ_CONSUME_CHECK_CONSUMER) timestamp=2078 ms, used_size=2191360 bytes (5.3%)
(RDMA_READ_CONSUME_CHECK_CONSUMER) timestamp=2078 ms, used_size=2189312 bytes (5.3%)
(RDMA_READ_CONSUME_CHECK_CONSUMER) timestamp=2078 ms, used_size=2187264 bytes (5.3%)
(RDMA_READ_CONSUME_CHECK_CONSUMER) timestamp=2078 ms, used_size=2185216 bytes (5.3%)
(RDMA_READ_CONSUME_CHECK_CONSUMER) timestamp=2078 ms, used_size=2183168 bytes (5.3%)
(RDMA_READ_CONSUME_CHECK_CONSUMER) timestamp=2078 ms, used_size=2181120 bytes (5.3%)
(RDMA_READ_CONSUME_CHECK_CONSUMER) timestamp=2078 ms, used_size=2179072 bytes (5.3%)
(RDMA_READ_CONSUME_CHECK_CONSUMER) timestamp=2078 ms, used_size=2177024 bytes (5.3%)
(RDMA_READ_CONSUME_CHECK_CONSUMER) timestamp=2078 ms, used_size=2174976 bytes (5.3%)
(RDMA_READ_CONSUME_CHECK_CONSUMER) timestamp=2078 ms, used_size=2172928 bytes (5.3%)
(RDMA_READ_CONSUME_CHECK_CONSUMER) timestamp=2078 ms, used_size=2170880 bytes (5.3%)
(RDMA_READ_CONSUME_CHECK_CONSUMER) timestamp=2078 ms, used_size=2168832 bytes (5.3%)
(RDMA_READ_CONSUME_CHECK_CONSUMER) timestamp=2078 ms, used_size=2166784 bytes (5.3%)
(RDMA_READ_CONSUME_CHECK_CONSUMER) timestamp=2078 ms, used_size=2164736 bytes (5.3%)
(RDMA_READ_CONSUME_CHECK_CONSUMER) timestamp=2078 ms, used_size=2162688 bytes (5.3%)
(RDMA_READ_CONSUME_CHECK_CONSUMER) timestamp=2078 ms, used_size=2160640 bytes (5.3%)
(RDMA_READ_CONSUME_CHECK_CONSUMER) timestamp=2078 ms, used_size=2158592 bytes (5.3%)
(RDMA_READ_CONSUME_CHECK_CONSUMER) timestamp=2078 ms, used_size=2156544 bytes (5.3%)
(RDMA_READ_CONSUME_CHECK_CONSUMER) timestamp=2078 ms, used_size=2154496 bytes (5.3%)
(RDMA_READ_CONSUME_CHECK_CONSUMER) timestamp=2078 ms, used_size=2152448 bytes (5.3%)
(RDMA_READ_CONSUME_CHECK_CONSUMER) timestamp=2078 ms, used_size=2150400 bytes (5.2%)
(RDMA_READ_CONSUME_CHECK_CONSUMER) timestamp=2078 ms, used_size=2148352 bytes (5.2%)
(RDMA_READ_CONSUME_CHECK_CONSUMER) timestamp=2078 ms, used_size=2146304 bytes (5.2%)
(RDMA_READ_CONSUME_CHECK_CONSUMER) timestamp=2078 ms, used_size=2144256 bytes (5.2%)
(RDMA_READ_CONSUME_CHECK_CONSUMER) timestamp=2078 ms, used_size=2142208 bytes (5.2%)
(RDMA_READ_CONSUME_CHECK_CONSUMER) timestamp=2078 ms, used_size=2140160 bytes (5.2%)
(RDMA_READ_CONSUME_CHECK_CONSUMER) timestamp=2078 ms, used_size=2138112 bytes (5.2%)
(RDMA_READ_CONSUME_CHECK_CONSUMER) timestamp=2078 ms, used_size=2136064 bytes (5.2%)
(RDMA_READ_CONSUME_CHECK_CONSUMER) timestamp=2078 ms, used_size=2134016 bytes (5.2%)
(RDMA_READ_CONSUME_CHECK_CONSUMER) timestamp=2078 ms, used_size=2131968 bytes (5.2%)
(RDMA_READ_CONSUME_CHECK_CONSUMER) timestamp=2078 ms, used_size=2129920 bytes (5.2%)
(RDMA_READ_CONSUME_CHECK_CONSUMER) timestamp=2078 ms, used_size=2127872 bytes (5.2%)
(RDMA_READ_CONSUME_CHECK_CONSUMER) timestamp=2078 ms, used_size=2125824 bytes (5.2%)
(RDMA_READ_CONSUME_CHECK_CONSUMER) timestamp=2078 ms, used_size=2123776 bytes (5.2%)
(RDMA_READ_CONSUME_CHECK_CONSUMER) timestamp=2078 ms, used_size=2121728 bytes (5.2%)
(RDMA_READ_CONSUME_CHECK_CONSUMER) timestamp=2078 ms, used_size=2119680 bytes (5.2%)
(RDMA_READ_CONSUME_CHECK_CONSUMER) timestamp=2078 ms, used_size=2117632 bytes (5.2%)
(RDMA_READ_CONSUME_CHECK_CONSUMER) timestamp=2078 ms, used_size=2115584 bytes (5.2%)
(RDMA_READ_CONSUME_CHECK_CONSUMER) timestamp=2078 ms, used_size=2113536 bytes (5.2%)
(RDMA_READ_CONSUME_CHECK_CONSUMER) timestamp=2078 ms, used_size=2111488 bytes (5.2%)
(RDMA_READ_CONSUME_CHECK_CONSUMER) timestamp=2078 ms, used_size=2109440 bytes (5.2%)
(RDMA_READ_CONSUME_CHECK_CONSUMER) timestamp=2078 ms, used_size=2107392 bytes (5.1%)
(RDMA_READ_CONSUME_CHECK_CONSUMER) timestamp=2078 ms, used_size=2105344 bytes (5.1%)
(RDMA_READ_CONSUME_CHECK_CONSUMER) timestamp=2078 ms, used_size=2103296 bytes (5.1%)
(RDMA_READ_CONSUME_CHECK_CONSUMER) timestamp=2078 ms, used_size=2101248 bytes (5.1%)
(RDMA_READ_CONSUME_CHECK_CONSUMER) timestamp=2078 ms, used_size=2099200 bytes (5.1%)
(RDMA_READ_CONSUME_CHECK_CONSUMER) timestamp=2078 ms, used_size=2097152 bytes (5.1%)
(RDMA_READ_CONSUME_CHECK_CONSUMER) timestamp=2078 ms, used_size=2095104 bytes (5.1%)
(RDMA_READ_CONSUME_CHECK_CONSUMER) timestamp=2078 ms, used_size=2093056 bytes (5.1%)
(RDMA_READ_CONSUME_CHECK_CONSUMER) timestamp=2078 ms, used_size=2091008 bytes (5.1%)
(RDMA_READ_CONSUME_CHECK_CONSUMER) timestamp=2078 ms, used_size=2088960 bytes (5.1%)
(RDMA_READ_CONSUME_CHECK_CONSUMER) timestamp=2078 ms, used_size=2086912 bytes (5.1%)
(RDMA_READ_CONSUME_CHECK_CONSUMER) timestamp=2078 ms, used_size=2084864 bytes (5.1%)
(RDMA_READ_CONSUME_CHECK_CONSUMER) timestamp=2078 ms, used_size=2082816 bytes (5.1%)
(RDMA_READ_CONSUME_CHECK_CONSUMER) timestamp=2078 ms, used_size=2080768 bytes (5.1%)
(RDMA_READ_CONSUME_CHECK_CONSUMER) timestamp=2078 ms, used_size=2078720 bytes (5.1%)
(RDMA_READ_CONSUME_CHECK_CONSUMER) timestamp=2078 ms, used_size=2076672 bytes (5.1%)
(RDMA_READ_CONSUME_CHECK_CONSUMER) timestamp=2078 ms, used_size=2074624 bytes (5.1%)
(RDMA_READ_CONSUME_CHECK_CONSUMER) timestamp=2078 ms, used_size=2072576 bytes (5.1%)
(RDMA_READ_CONSUME_CHECK_CONSUMER) timestamp=2078 ms, used_size=2070528 bytes (5.1%)
(RDMA_READ_CONSUME_CHECK_CONSUMER) timestamp=2078 ms, used_size=2068480 bytes (5.0%)
(RDMA_READ_CONSUME_CHECK_CONSUMER) timestamp=2078 ms, used_size=2066432 bytes (5.0%)
(RDMA_READ_CONSUME_CHECK_CONSUMER) timestamp=2078 ms, used_size=2064384 bytes (5.0%)
(RDMA_READ_CONSUME_CHECK_CONSUMER) timestamp=2078 ms, used_size=2062336 bytes (5.0%)
(RDMA_READ_CONSUME_CHECK_CONSUMER) timestamp=2078 ms, used_size=2060288 bytes (5.0%)
(RDMA_READ_CONSUME_CHECK_CONSUMER) timestamp=2078 ms, used_size=2058240 bytes (5.0%)
(RDMA_READ_CONSUME_CHECK_CONSUMER) timestamp=2078 ms, used_size=2056192 bytes (5.0%)
(RDMA_READ_CONSUME_CHECK_CONSUMER) timestamp=2078 ms, used_size=2054144 bytes (5.0%)
(RDMA_READ_CONSUME_CHECK_CONSUMER) timestamp=2078 ms, used_size=2052096 bytes (5.0%)
(RDMA_READ_CONSUME_CHECK_CONSUMER) timestamp=2078 ms, used_size=2050048 bytes (5.0%)
(RDMA_READ_CONSUME_CHECK_CONSUMER) timestamp=2078 ms, used_size=2048000 bytes (5.0%)
(RDMA_READ_CONSUME_CHECK_CONSUMER) timestamp=2078 ms, used_size=2045952 bytes (5.0%)
(RDMA_READ_CONSUME_CHECK_CONSUMER) timestamp=2078 ms, used_size=2043904 bytes (5.0%)
(RDMA_READ_CONSUME_CHECK_CONSUMER) timestamp=2078 ms, used_size=2041856 bytes (5.0%)
(RDMA_READ_CONSUME_CHECK_CONSUMER) timestamp=2078 ms, used_size=2039808 bytes (5.0%)
(RDMA_READ_CONSUME_CHECK_CONSUMER) timestamp=2078 ms, used_size=2037760 bytes (5.0%)
(RDMA_READ_CONSUME_CHECK_CONSUMER) timestamp=2078 ms, used_size=2035712 bytes (5.0%)
(RDMA_READ_CONSUME_CHECK_CONSUMER) timestamp=2078 ms, used_size=2033664 bytes (5.0%)
(RDMA_READ_CONSUME_CHECK_CONSUMER) timestamp=2078 ms, used_size=2031616 bytes (5.0%)
(RDMA_READ_CONSUME_CHECK_CONSUMER) timestamp=2078 ms, used_size=2029568 bytes (5.0%)
(RDMA_READ_CONSUME_CHECK_CONSUMER) timestamp=2078 ms, used_size=2027520 bytes (5.0%)
(RDMA_READ_CONSUME_CHECK_CONSUMER) timestamp=2078 ms, used_size=2025472 bytes (4.9%)
(RDMA_READ_CONSUME_CHECK_CONSUMER) timestamp=2078 ms, used_size=2023424 bytes (4.9%)
(RDMA_READ_CONSUME_CHECK_CONSUMER) timestamp=2078 ms, used_size=2021376 bytes (4.9%)
(RDMA_READ_CONSUME_CHECK_CONSUMER) timestamp=2078 ms, used_size=2019328 bytes (4.9%)
(RDMA_READ_CONSUME_CHECK_CONSUMER) timestamp=2078 ms, used_size=2017280 bytes (4.9%)
(RDMA_READ_CONSUME_CHECK_CONSUMER) timestamp=2078 ms, used_size=2015232 bytes (4.9%)
(RDMA_READ_CONSUME_CHECK_CONSUMER) timestamp=2078 ms, used_size=2013184 bytes (4.9%)
(RDMA_READ_CONSUME_CHECK_CONSUMER) timestamp=2078 ms, used_size=2011136 bytes (4.9%)
(RDMA_READ_CONSUME_CHECK_CONSUMER) timestamp=2079 ms, used_size=2009088 bytes (4.9%)
(RDMA_READ_CONSUME_CHECK_CONSUMER) timestamp=2079 ms, used_size=2007040 bytes (4.9%)
(RDMA_READ_CONSUME_CHECK_CONSUMER) timestamp=2079 ms, used_size=2004992 bytes (4.9%)
(RDMA_READ_CONSUME_CHECK_CONSUMER) timestamp=2079 ms, used_size=2002944 bytes (4.9%)
(RDMA_READ_CONSUME_CHECK_CONSUMER) timestamp=2079 ms, used_size=2000896 bytes (4.9%)
(RDMA_READ_CONSUME_CHECK_CONSUMER) timestamp=2079 ms, used_size=1998848 bytes (4.9%)
(RDMA_READ_CONSUME_CHECK_CONSUMER) timestamp=2079 ms, used_size=1996800 bytes (4.9%)
(RDMA_READ_CONSUME_CHECK_CONSUMER) timestamp=2079 ms, used_size=1994752 bytes (4.9%)
(RDMA_READ_CONSUME_CHECK_CONSUMER) timestamp=2079 ms, used_size=1992704 bytes (4.9%)
(RDMA_READ_CONSUME_CHECK_CONSUMER) timestamp=2079 ms, used_size=1990656 bytes (4.9%)
(RDMA_READ_CONSUME_CHECK_CONSUMER) timestamp=2079 ms, used_size=1988608 bytes (4.9%)
(RDMA_READ_CONSUME_CHECK_CONSUMER) timestamp=2079 ms, used_size=1986560 bytes (4.8%)
(RDMA_READ_CONSUME_CHECK_CONSUMER) timestamp=2079 ms, used_size=1984512 bytes (4.8%)
(RDMA_READ_CONSUME_CHECK_CONSUMER) timestamp=2079 ms, used_size=1982464 bytes (4.8%)
(RDMA_READ_CONSUME_CHECK_CONSUMER) timestamp=2079 ms, used_size=1980416 bytes (4.8%)
(RDMA_READ_CONSUME_CHECK_CONSUMER) timestamp=2079 ms, used_size=1978368 bytes (4.8%)
(RDMA_READ_CONSUME_CHECK_CONSUMER) timestamp=2079 ms, used_size=1976320 bytes (4.8%)
(RDMA_READ_CONSUME_CHECK_CONSUMER) timestamp=2079 ms, used_size=1974272 bytes (4.8%)
(RDMA_READ_CONSUME_CHECK_CONSUMER) timestamp=2079 ms, used_size=1972224 bytes (4.8%)
(RDMA_READ_CONSUME_CHECK_CONSUMER) timestamp=2079 ms, used_size=1970176 bytes (4.8%)
(RDMA_READ_CONSUME_CHECK_CONSUMER) timestamp=2079 ms, used_size=1968128 bytes (4.8%)
(RDMA_READ_CONSUME_CHECK_CONSUMER) timestamp=2079 ms, used_size=1966080 bytes (4.8%)
(RDMA_READ_CONSUME_CHECK_CONSUMER) timestamp=2079 ms, used_size=1964032 bytes (4.8%)
(RDMA_READ_CONSUME_CHECK_CONSUMER) timestamp=2079 ms, used_size=1961984 bytes (4.8%)
(RDMA_READ_CONSUME_CHECK_CONSUMER) timestamp=2079 ms, used_size=1959936 bytes (4.8%)
(RDMA_READ_CONSUME_CHECK_CONSUMER) timestamp=2079 ms, used_size=1957888 bytes (4.8%)
(RDMA_READ_CONSUME_CHECK_CONSUMER) timestamp=2079 ms, used_size=1955840 bytes (4.8%)
(RDMA_READ_CONSUME_CHECK_CONSUMER) timestamp=2079 ms, used_size=1953792 bytes (4.8%)
(RDMA_READ_CONSUME_CHECK_CONSUMER) timestamp=2079 ms, used_size=1951744 bytes (4.8%)
(RDMA_READ_CONSUME_CHECK_CONSUMER) timestamp=2079 ms, used_size=1949696 bytes (4.8%)
(RDMA_READ_CONSUME_CHECK_CONSUMER) timestamp=2079 ms, used_size=1947648 bytes (4.8%)
(RDMA_READ_CONSUME_CHECK_CONSUMER) timestamp=2079 ms, used_size=1945600 bytes (4.8%)
(RDMA_READ_CONSUME_CHECK_CONSUMER) timestamp=2079 ms, used_size=1943552 bytes (4.7%)
(RDMA_READ_CONSUME_CHECK_CONSUMER) timestamp=2079 ms, used_size=1941504 bytes (4.7%)
(RDMA_READ_CONSUME_CHECK_CONSUMER) timestamp=2079 ms, used_size=1939456 bytes (4.7%)
(RDMA_READ_CONSUME_CHECK_CONSUMER) timestamp=2079 ms, used_size=1937408 bytes (4.7%)
(RDMA_READ_CONSUME_CHECK_CONSUMER) timestamp=2079 ms, used_size=1935360 bytes (4.7%)
(RDMA_READ_CONSUME_CHECK_CONSUMER) timestamp=2079 ms, used_size=1933312 bytes (4.7%)
(RDMA_READ_CONSUME_CHECK_CONSUMER) timestamp=2079 ms, used_size=1931264 bytes (4.7%)
(RDMA_READ_CONSUME_CHECK_CONSUMER) timestamp=2079 ms, used_size=1929216 bytes (4.7%)
(RDMA_READ_CONSUME_CHECK_CONSUMER) timestamp=2079 ms, used_size=1927168 bytes (4.7%)
(RDMA_READ_CONSUME_CHECK_CONSUMER) timestamp=2079 ms, used_size=1925120 bytes (4.7%)
(RDMA_READ_CONSUME_CHECK_CONSUMER) timestamp=2079 ms, used_size=1923072 bytes (4.7%)
(RDMA_READ_CONSUME_CHECK_CONSUMER) timestamp=2079 ms, used_size=1921024 bytes (4.7%)
(RDMA_READ_CONSUME_CHECK_CONSUMER) timestamp=2079 ms, used_size=1918976 bytes (4.7%)
(RDMA_READ_CONSUME_CHECK_CONSUMER) timestamp=2079 ms, used_size=1916928 bytes (4.7%)
(RDMA_READ_CONSUME_CHECK_CONSUMER) timestamp=2079 ms, used_size=1914880 bytes (4.7%)
(RDMA_READ_CONSUME_CHECK_CONSUMER) timestamp=2079 ms, used_size=1912832 bytes (4.7%)
(RDMA_READ_CONSUME_CHECK_CONSUMER) timestamp=2079 ms, used_size=1910784 bytes (4.7%)
(RDMA_READ_CONSUME_CHECK_CONSUMER) timestamp=2079 ms, used_size=1908736 bytes (4.7%)
(RDMA_READ_CONSUME_CHECK_CONSUMER) timestamp=2079 ms, used_size=1906688 bytes (4.7%)
(RDMA_READ_CONSUME_CHECK_CONSUMER) timestamp=2079 ms, used_size=1904640 bytes (4.7%)
(RDMA_READ_CONSUME_CHECK_CONSUMER) timestamp=2079 ms, used_size=1902592 bytes (4.6%)
(RDMA_READ_CONSUME_CHECK_CONSUMER) timestamp=2079 ms, used_size=1900544 bytes (4.6%)
(RDMA_READ_CONSUME_CHECK_CONSUMER) timestamp=2079 ms, used_size=1898496 bytes (4.6%)
(RDMA_READ_CONSUME_CHECK_CONSUMER) timestamp=2079 ms, used_size=1896448 bytes (4.6%)
(RDMA_READ_CONSUME_CHECK_CONSUMER) timestamp=2079 ms, used_size=1894400 bytes (4.6%)
(RDMA_READ_CONSUME_CHECK_CONSUMER) timestamp=2079 ms, used_size=1892352 bytes (4.6%)
(RDMA_READ_CONSUME_CHECK_CONSUMER) timestamp=2079 ms, used_size=1890304 bytes (4.6%)
(RDMA_READ_CONSUME_CHECK_CONSUMER) timestamp=2079 ms, used_size=1888256 bytes (4.6%)
(RDMA_READ_CONSUME_CHECK_CONSUMER) timestamp=2079 ms, used_size=1886208 bytes (4.6%)
(RDMA_READ_CONSUME_CHECK_CONSUMER) timestamp=2079 ms, used_size=1884160 bytes (4.6%)
(RDMA_READ_CONSUME_CHECK_CONSUMER) timestamp=2079 ms, used_size=1882112 bytes (4.6%)
(RDMA_READ_CONSUME_CHECK_CONSUMER) timestamp=2079 ms, used_size=1880064 bytes (4.6%)
(RDMA_READ_CONSUME_CHECK_CONSUMER) timestamp=2079 ms, used_size=1878016 bytes (4.6%)
(RDMA_READ_CONSUME_CHECK_CONSUMER) timestamp=2079 ms, used_size=1875968 bytes (4.6%)
(RDMA_READ_CONSUME_CHECK_CONSUMER) timestamp=2079 ms, used_size=1873920 bytes (4.6%)
(RDMA_READ_CONSUME_CHECK_CONSUMER) timestamp=2079 ms, used_size=1871872 bytes (4.6%)
(RDMA_READ_CONSUME_CHECK_CONSUMER) timestamp=2079 ms, used_size=1869824 bytes (4.6%)
(RDMA_READ_CONSUME_CHECK_CONSUMER) timestamp=2079 ms, used_size=1867776 bytes (4.6%)
(RDMA_READ_CONSUME_CHECK_CONSUMER) timestamp=2079 ms, used_size=1865728 bytes (4.6%)
(RDMA_READ_CONSUME_CHECK_CONSUMER) timestamp=2079 ms, used_size=1863680 bytes (4.5%)
(RDMA_READ_CONSUME_CHECK_CONSUMER) timestamp=2079 ms, used_size=1861632 bytes (4.5%)
(RDMA_READ_CONSUME_CHECK_CONSUMER) timestamp=2079 ms, used_size=1859584 bytes (4.5%)
(RDMA_READ_CONSUME_CHECK_CONSUMER) timestamp=2079 ms, used_size=1857536 bytes (4.5%)
(RDMA_READ_CONSUME_CHECK_CONSUMER) timestamp=2079 ms, used_size=1855488 bytes (4.5%)
(RDMA_READ_CONSUME_CHECK_CONSUMER) timestamp=2079 ms, used_size=1853440 bytes (4.5%)
(RDMA_READ_CONSUME_CHECK_CONSUMER) timestamp=2079 ms, used_size=1851392 bytes (4.5%)
(RDMA_READ_CONSUME_CHECK_CONSUMER) timestamp=2079 ms, used_size=1849344 bytes (4.5%)
(RDMA_READ_CONSUME_CHECK_CONSUMER) timestamp=2079 ms, used_size=1847296 bytes (4.5%)
(RDMA_READ_CONSUME_CHECK_CONSUMER) timestamp=2079 ms, used_size=1845248 bytes (4.5%)
(RDMA_READ_CONSUME_CHECK_CONSUMER) timestamp=2079 ms, used_size=1843200 bytes (4.5%)
(RDMA_READ_CONSUME_CHECK_CONSUMER) timestamp=2079 ms, used_size=1841152 bytes (4.5%)
(RDMA_READ_CONSUME_CHECK_CONSUMER) timestamp=2079 ms, used_size=1839104 bytes (4.5%)
(RDMA_READ_CONSUME_CHECK_CONSUMER) timestamp=2079 ms, used_size=1837056 bytes (4.5%)
(RDMA_READ_CONSUME_CHECK_CONSUMER) timestamp=2079 ms, used_size=1835008 bytes (4.5%)
(RDMA_READ_CONSUME_CHECK_CONSUMER) timestamp=2079 ms, used_size=1832960 bytes (4.5%)
(RDMA_READ_CONSUME_CHECK_CONSUMER) timestamp=2079 ms, used_size=1830912 bytes (4.5%)
(RDMA_READ_CONSUME_CHECK_CONSUMER) timestamp=2079 ms, used_size=1828864 bytes (4.5%)
(RDMA_READ_CONSUME_CHECK_CONSUMER) timestamp=2079 ms, used_size=1826816 bytes (4.5%)
(RDMA_READ_CONSUME_CHECK_CONSUMER) timestamp=2079 ms, used_size=1824768 bytes (4.5%)
(RDMA_READ_CONSUME_CHECK_CONSUMER) timestamp=2079 ms, used_size=1822720 bytes (4.5%)
(RDMA_READ_CONSUME_CHECK_CONSUMER) timestamp=2079 ms, used_size=1820672 bytes (4.4%)
(RDMA_READ_CONSUME_CHECK_CONSUMER) timestamp=2079 ms, used_size=1818624 bytes (4.4%)
(RDMA_READ_CONSUME_CHECK_CONSUMER) timestamp=2079 ms, used_size=1816576 bytes (4.4%)
(RDMA_READ_CONSUME_CHECK_CONSUMER) timestamp=2079 ms, used_size=1814528 bytes (4.4%)
(RDMA_READ_CONSUME_CHECK_CONSUMER) timestamp=2079 ms, used_size=1812480 bytes (4.4%)
(RDMA_READ_CONSUME_CHECK_CONSUMER) timestamp=2079 ms, used_size=1810432 bytes (4.4%)
(RDMA_READ_CONSUME_CHECK_CONSUMER) timestamp=2079 ms, used_size=1808384 bytes (4.4%)
(RDMA_READ_CONSUME_CHECK_CONSUMER) timestamp=2079 ms, used_size=1806336 bytes (4.4%)
(RDMA_READ_CONSUME_CHECK_CONSUMER) timestamp=2079 ms, used_size=1804288 bytes (4.4%)
(RDMA_READ_CONSUME_CHECK_CONSUMER) timestamp=2079 ms, used_size=1802240 bytes (4.4%)
(RDMA_READ_CONSUME_CHECK_CONSUMER) timestamp=2079 ms, used_size=1800192 bytes (4.4%)
(RDMA_READ_CONSUME_CHECK_CONSUMER) timestamp=2079 ms, used_size=1798144 bytes (4.4%)
(RDMA_READ_CONSUME_CHECK_CONSUMER) timestamp=2079 ms, used_size=1796096 bytes (4.4%)
(RDMA_READ_CONSUME_CHECK_CONSUMER) timestamp=2079 ms, used_size=1794048 bytes (4.4%)
(RDMA_READ_CONSUME_CHECK_CONSUMER) timestamp=2079 ms, used_size=1792000 bytes (4.4%)
(RDMA_READ_CONSUME_CHECK_CONSUMER) timestamp=2079 ms, used_size=1789952 bytes (4.4%)
(RDMA_READ_CONSUME_CHECK_CONSUMER) timestamp=2079 ms, used_size=1787904 bytes (4.4%)
(RDMA_READ_CONSUME_CHECK_CONSUMER) timestamp=2079 ms, used_size=1785856 bytes (4.4%)
(RDMA_READ_CONSUME_CHECK_CONSUMER) timestamp=2079 ms, used_size=1783808 bytes (4.4%)
(RDMA_READ_CONSUME_CHECK_CONSUMER) timestamp=2079 ms, used_size=1781760 bytes (4.3%)
(RDMA_READ_CONSUME_CHECK_CONSUMER) timestamp=2079 ms, used_size=1779712 bytes (4.3%)
(RDMA_READ_CONSUME_CHECK_CONSUMER) timestamp=2079 ms, used_size=1777664 bytes (4.3%)
(RDMA_READ_CONSUME_CHECK_CONSUMER) timestamp=2079 ms, used_size=1775616 bytes (4.3%)
(RDMA_READ_CONSUME_CHECK_CONSUMER) timestamp=2079 ms, used_size=1773568 bytes (4.3%)
(RDMA_READ_CONSUME_CHECK_CONSUMER) timestamp=2079 ms, used_size=1771520 bytes (4.3%)
(RDMA_READ_CONSUME_CHECK_CONSUMER) timestamp=2079 ms, used_size=1769472 bytes (4.3%)
(RDMA_READ_CONSUME_CHECK_CONSUMER) timestamp=2079 ms, used_size=1767424 bytes (4.3%)
(RDMA_READ_CONSUME_CHECK_CONSUMER) timestamp=2079 ms, used_size=1765376 bytes (4.3%)
(RDMA_READ_CONSUME_CHECK_CONSUMER) timestamp=2079 ms, used_size=1763328 bytes (4.3%)
(RDMA_READ_CONSUME_CHECK_CONSUMER) timestamp=2079 ms, used_size=1761280 bytes (4.3%)
(RDMA_READ_CONSUME_CHECK_CONSUMER) timestamp=2079 ms, used_size=1759232 bytes (4.3%)
(RDMA_READ_CONSUME_CHECK_CONSUMER) timestamp=2079 ms, used_size=1757184 bytes (4.3%)
(RDMA_READ_CONSUME_CHECK_CONSUMER) timestamp=2079 ms, used_size=1755136 bytes (4.3%)
(RDMA_READ_CONSUME_CHECK_CONSUMER) timestamp=2079 ms, used_size=1753088 bytes (4.3%)
(RDMA_READ_CONSUME_CHECK_CONSUMER) timestamp=2079 ms, used_size=1751040 bytes (4.3%)
(RDMA_READ_CONSUME_CHECK_CONSUMER) timestamp=2079 ms, used_size=1748992 bytes (4.3%)
(RDMA_READ_CONSUME_CHECK_CONSUMER) timestamp=2079 ms, used_size=1746944 bytes (4.3%)
(RDMA_READ_CONSUME_CHECK_CONSUMER) timestamp=2079 ms, used_size=1744896 bytes (4.3%)
(RDMA_READ_CONSUME_CHECK_CONSUMER) timestamp=2079 ms, used_size=1742848 bytes (4.3%)
(RDMA_READ_CONSUME_CHECK_CONSUMER) timestamp=2079 ms, used_size=1740800 bytes (4.2%)
(RDMA_READ_CONSUME_CHECK_CONSUMER) timestamp=2079 ms, used_size=1738752 bytes (4.2%)
(RDMA_READ_CONSUME_CHECK_CONSUMER) timestamp=2079 ms, used_size=1736704 bytes (4.2%)
(RDMA_READ_CONSUME_CHECK_CONSUMER) timestamp=2079 ms, used_size=1734656 bytes (4.2%)
(RDMA_READ_CONSUME_CHECK_CONSUMER) timestamp=2079 ms, used_size=1732608 bytes (4.2%)
(RDMA_READ_CONSUME_CHECK_CONSUMER) timestamp=2079 ms, used_size=1730560 bytes (4.2%)
(RDMA_READ_CONSUME_CHECK_CONSUMER) timestamp=2079 ms, used_size=1728512 bytes (4.2%)
(RDMA_READ_CONSUME_CHECK_CONSUMER) timestamp=2079 ms, used_size=1726464 bytes (4.2%)
(RDMA_READ_CONSUME_CHECK_CONSUMER) timestamp=2079 ms, used_size=1724416 bytes (4.2%)
(RDMA_READ_CONSUME_CHECK_CONSUMER) timestamp=2079 ms, used_size=1722368 bytes (4.2%)
(RDMA_READ_CONSUME_CHECK_CONSUMER) timestamp=2079 ms, used_size=1720320 bytes (4.2%)
(RDMA_READ_CONSUME_CHECK_CONSUMER) timestamp=2079 ms, used_size=1718272 bytes (4.2%)
(RDMA_READ_CONSUME_CHECK_CONSUMER) timestamp=2079 ms, used_size=1716224 bytes (4.2%)
(RDMA_READ_CONSUME_CHECK_CONSUMER) timestamp=2079 ms, used_size=1714176 bytes (4.2%)
(RDMA_READ_CONSUME_CHECK_CONSUMER) timestamp=2079 ms, used_size=1712128 bytes (4.2%)
(RDMA_READ_CONSUME_CHECK_CONSUMER) timestamp=2079 ms, used_size=1710080 bytes (4.2%)
(RDMA_READ_CONSUME_CHECK_CONSUMER) timestamp=2079 ms, used_size=1708032 bytes (4.2%)
(RDMA_READ_CONSUME_CHECK_CONSUMER) timestamp=2079 ms, used_size=1705984 bytes (4.2%)
(RDMA_READ_CONSUME_CHECK_CONSUMER) timestamp=2079 ms, used_size=1703936 bytes (4.2%)
(RDMA_READ_CONSUME_CHECK_CONSUMER) timestamp=2079 ms, used_size=1701888 bytes (4.2%)
(RDMA_READ_CONSUME_CHECK_CONSUMER) timestamp=2079 ms, used_size=1699840 bytes (4.2%)
(RDMA_READ_CONSUME_CHECK_CONSUMER) timestamp=2079 ms, used_size=1697792 bytes (4.1%)
(RDMA_READ_CONSUME_CHECK_CONSUMER) timestamp=2079 ms, used_size=1695744 bytes (4.1%)
(RDMA_READ_CONSUME_CHECK_CONSUMER) timestamp=2079 ms, used_size=1693696 bytes (4.1%)
(RDMA_READ_CONSUME_CHECK_CONSUMER) timestamp=2079 ms, used_size=1691648 bytes (4.1%)
(RDMA_READ_CONSUME_CHECK_CONSUMER) timestamp=2079 ms, used_size=1689600 bytes (4.1%)
(RDMA_READ_CONSUME_CHECK_CONSUMER) timestamp=2079 ms, used_size=1687552 bytes (4.1%)
(RDMA_READ_CONSUME_CHECK_CONSUMER) timestamp=2079 ms, used_size=1685504 bytes (4.1%)
(RDMA_READ_CONSUME_CHECK_CONSUMER) timestamp=2079 ms, used_size=1683456 bytes (4.1%)
(RDMA_READ_CONSUME_CHECK_CONSUMER) timestamp=2079 ms, used_size=1681408 bytes (4.1%)
(RDMA_READ_CONSUME_CHECK_CONSUMER) timestamp=2079 ms, used_size=1679360 bytes (4.1%)
(RDMA_READ_CONSUME_CHECK_CONSUMER) timestamp=2079 ms, used_size=1677312 bytes (4.1%)
(RDMA_READ_CONSUME_CHECK_CONSUMER) timestamp=2079 ms, used_size=1675264 bytes (4.1%)
(RDMA_READ_CONSUME_CHECK_CONSUMER) timestamp=2079 ms, used_size=1673216 bytes (4.1%)
(RDMA_READ_CONSUME_CHECK_CONSUMER) timestamp=2079 ms, used_size=1671168 bytes (4.1%)
(RDMA_READ_CONSUME_CHECK_CONSUMER) timestamp=2079 ms, used_size=1669120 bytes (4.1%)
(RDMA_READ_CONSUME_CHECK_CONSUMER) timestamp=2079 ms, used_size=1667072 bytes (4.1%)
(RDMA_READ_CONSUME_CHECK_CONSUMER) timestamp=2079 ms, used_size=1665024 bytes (4.1%)
(RDMA_READ_CONSUME_CHECK_CONSUMER) timestamp=2079 ms, used_size=1662976 bytes (4.1%)
(RDMA_READ_CONSUME_CHECK_CONSUMER) timestamp=2079 ms, used_size=1660928 bytes (4.1%)
(RDMA_READ_CONSUME_CHECK_CONSUMER) timestamp=2079 ms, used_size=1658880 bytes (4.0%)
(RDMA_READ_CONSUME_CHECK_CONSUMER) timestamp=2079 ms, used_size=1656832 bytes (4.0%)
(RDMA_READ_CONSUME_CHECK_CONSUMER) timestamp=2079 ms, used_size=1654784 bytes (4.0%)
(RDMA_READ_CONSUME_CHECK_CONSUMER) timestamp=2079 ms, used_size=1652736 bytes (4.0%)
(RDMA_READ_CONSUME_CHECK_CONSUMER) timestamp=2079 ms, used_size=1650688 bytes (4.0%)
(RDMA_READ_CONSUME_CHECK_CONSUMER) timestamp=2079 ms, used_size=1648640 bytes (4.0%)
(RDMA_READ_CONSUME_CHECK_CONSUMER) timestamp=2079 ms, used_size=1646592 bytes (4.0%)
(RDMA_READ_CONSUME_CHECK_CONSUMER) timestamp=2079 ms, used_size=1644544 bytes (4.0%)
(RDMA_READ_CONSUME_CHECK_CONSUMER) timestamp=2079 ms, used_size=1642496 bytes (4.0%)
(RDMA_READ_CONSUME_CHECK_CONSUMER) timestamp=2079 ms, used_size=1640448 bytes (4.0%)
(RDMA_READ_CONSUME_CHECK_CONSUMER) timestamp=2080 ms, used_size=1638400 bytes (4.0%)
(RDMA_READ_CONSUME_CHECK_CONSUMER) timestamp=2080 ms, used_size=1636352 bytes (4.0%)
(RDMA_READ_CONSUME_CHECK_CONSUMER) timestamp=2080 ms, used_size=1634304 bytes (4.0%)
(RDMA_READ_CONSUME_CHECK_CONSUMER) timestamp=2080 ms, used_size=1632256 bytes (4.0%)
(RDMA_READ_CONSUME_CHECK_CONSUMER) timestamp=2080 ms, used_size=1630208 bytes (4.0%)
(RDMA_READ_CONSUME_CHECK_CONSUMER) timestamp=2080 ms, used_size=1628160 bytes (4.0%)
(RDMA_READ_CONSUME_CHECK_CONSUMER) timestamp=2080 ms, used_size=1626112 bytes (4.0%)
(RDMA_READ_CONSUME_CHECK_CONSUMER) timestamp=2080 ms, used_size=1624064 bytes (4.0%)
(RDMA_READ_CONSUME_CHECK_CONSUMER) timestamp=2080 ms, used_size=1622016 bytes (4.0%)
(RDMA_READ_CONSUME_CHECK_CONSUMER) timestamp=2080 ms, used_size=1619968 bytes (4.0%)
(RDMA_READ_CONSUME_CHECK_CONSUMER) timestamp=2080 ms, used_size=1617920 bytes (4.0%)
(RDMA_READ_CONSUME_CHECK_CONSUMER) timestamp=2080 ms, used_size=1615872 bytes (3.9%)
(RDMA_READ_CONSUME_CHECK_CONSUMER) timestamp=2080 ms, used_size=1613824 bytes (3.9%)
(RDMA_READ_CONSUME_CHECK_CONSUMER) timestamp=2080 ms, used_size=1611776 bytes (3.9%)
(RDMA_READ_CONSUME_CHECK_CONSUMER) timestamp=2080 ms, used_size=1609728 bytes (3.9%)
(RDMA_READ_CONSUME_CHECK_CONSUMER) timestamp=2080 ms, used_size=1607680 bytes (3.9%)
(RDMA_READ_CONSUME_CHECK_CONSUMER) timestamp=2080 ms, used_size=1605632 bytes (3.9%)
(RDMA_READ_CONSUME_CHECK_CONSUMER) timestamp=2080 ms, used_size=1603584 bytes (3.9%)
(RDMA_READ_CONSUME_CHECK_CONSUMER) timestamp=2080 ms, used_size=1601536 bytes (3.9%)
(RDMA_READ_CONSUME_CHECK_CONSUMER) timestamp=2080 ms, used_size=1599488 bytes (3.9%)
(RDMA_READ_CONSUME_CHECK_CONSUMER) timestamp=2080 ms, used_size=1597440 bytes (3.9%)
(RDMA_READ_CONSUME_CHECK_CONSUMER) timestamp=2080 ms, used_size=1595392 bytes (3.9%)
(RDMA_READ_CONSUME_CHECK_CONSUMER) timestamp=2080 ms, used_size=1593344 bytes (3.9%)
(RDMA_READ_CONSUME_CHECK_CONSUMER) timestamp=2080 ms, used_size=1591296 bytes (3.9%)
(RDMA_READ_CONSUME_CHECK_CONSUMER) timestamp=2080 ms, used_size=1589248 bytes (3.9%)
(RDMA_READ_CONSUME_CHECK_CONSUMER) timestamp=2080 ms, used_size=1587200 bytes (3.9%)
(RDMA_READ_CONSUME_CHECK_CONSUMER) timestamp=2080 ms, used_size=1585152 bytes (3.9%)
(RDMA_READ_CONSUME_CHECK_CONSUMER) timestamp=2080 ms, used_size=1583104 bytes (3.9%)
(RDMA_READ_CONSUME_CHECK_CONSUMER) timestamp=2080 ms, used_size=1581056 bytes (3.9%)
(RDMA_READ_CONSUME_CHECK_CONSUMER) timestamp=2080 ms, used_size=1579008 bytes (3.9%)
(RDMA_READ_CONSUME_CHECK_CONSUMER) timestamp=2080 ms, used_size=1576960 bytes (3.9%)
(RDMA_READ_CONSUME_CHECK_CONSUMER) timestamp=2080 ms, used_size=1574912 bytes (3.8%)
(RDMA_READ_CONSUME_CHECK_CONSUMER) timestamp=2080 ms, used_size=1572864 bytes (3.8%)
(RDMA_READ_CONSUME_CHECK_CONSUMER) timestamp=2080 ms, used_size=1570816 bytes (3.8%)
(RDMA_READ_CONSUME_CHECK_CONSUMER) timestamp=2080 ms, used_size=1568768 bytes (3.8%)
(RDMA_READ_CONSUME_CHECK_CONSUMER) timestamp=2080 ms, used_size=1566720 bytes (3.8%)
(RDMA_READ_CONSUME_CHECK_CONSUMER) timestamp=2080 ms, used_size=1564672 bytes (3.8%)
(RDMA_READ_CONSUME_CHECK_CONSUMER) timestamp=2080 ms, used_size=1562624 bytes (3.8%)
(RDMA_READ_CONSUME_CHECK_CONSUMER) timestamp=2080 ms, used_size=1560576 bytes (3.8%)
(RDMA_READ_CONSUME_CHECK_CONSUMER) timestamp=2080 ms, used_size=1558528 bytes (3.8%)
(RDMA_READ_CONSUME_CHECK_CONSUMER) timestamp=2080 ms, used_size=1556480 bytes (3.8%)
(RDMA_READ_CONSUME_CHECK_CONSUMER) timestamp=2080 ms, used_size=1554432 bytes (3.8%)
(RDMA_READ_CONSUME_CHECK_CONSUMER) timestamp=2080 ms, used_size=1552384 bytes (3.8%)
(RDMA_READ_CONSUME_CHECK_CONSUMER) timestamp=2080 ms, used_size=1550336 bytes (3.8%)
(RDMA_READ_CONSUME_CHECK_CONSUMER) timestamp=2080 ms, used_size=1548288 bytes (3.8%)
(RDMA_READ_CONSUME_CHECK_CONSUMER) timestamp=2080 ms, used_size=1546240 bytes (3.8%)
(RDMA_READ_CONSUME_CHECK_CONSUMER) timestamp=2080 ms, used_size=1544192 bytes (3.8%)
(RDMA_READ_CONSUME_CHECK_CONSUMER) timestamp=2080 ms, used_size=1542144 bytes (3.8%)
(RDMA_READ_CONSUME_CHECK_CONSUMER) timestamp=2080 ms, used_size=1540096 bytes (3.8%)
(RDMA_READ_CONSUME_CHECK_CONSUMER) timestamp=2080 ms, used_size=1538048 bytes (3.8%)
(RDMA_READ_CONSUME_CHECK_CONSUMER) timestamp=2080 ms, used_size=1536000 bytes (3.8%)
(RDMA_READ_CONSUME_CHECK_CONSUMER) timestamp=2080 ms, used_size=1533952 bytes (3.7%)
(RDMA_READ_CONSUME_CHECK_CONSUMER) timestamp=2080 ms, used_size=1531904 bytes (3.7%)
(RDMA_READ_CONSUME_CHECK_CONSUMER) timestamp=2080 ms, used_size=1529856 bytes (3.7%)
(RDMA_READ_CONSUME_CHECK_CONSUMER) timestamp=2080 ms, used_size=1527808 bytes (3.7%)
(RDMA_READ_CONSUME_CHECK_CONSUMER) timestamp=2080 ms, used_size=1525760 bytes (3.7%)
(RDMA_READ_CONSUME_CHECK_CONSUMER) timestamp=2080 ms, used_size=1523712 bytes (3.7%)
(RDMA_READ_CONSUME_CHECK_CONSUMER) timestamp=2080 ms, used_size=1521664 bytes (3.7%)
(RDMA_READ_CONSUME_CHECK_CONSUMER) timestamp=2080 ms, used_size=1519616 bytes (3.7%)
(RDMA_READ_CONSUME_CHECK_CONSUMER) timestamp=2080 ms, used_size=1517568 bytes (3.7%)
(RDMA_READ_CONSUME_CHECK_CONSUMER) timestamp=2080 ms, used_size=1515520 bytes (3.7%)
(RDMA_READ_CONSUME_CHECK_CONSUMER) timestamp=2080 ms, used_size=1513472 bytes (3.7%)
(RDMA_READ_CONSUME_CHECK_CONSUMER) timestamp=2080 ms, used_size=1511424 bytes (3.7%)
(RDMA_READ_CONSUME_CHECK_CONSUMER) timestamp=2080 ms, used_size=1509376 bytes (3.7%)
(RDMA_READ_CONSUME_CHECK_CONSUMER) timestamp=2080 ms, used_size=1507328 bytes (3.7%)
(RDMA_READ_CONSUME_CHECK_CONSUMER) timestamp=2080 ms, used_size=1505280 bytes (3.7%)
(RDMA_READ_CONSUME_CHECK_CONSUMER) timestamp=2080 ms, used_size=1503232 bytes (3.7%)
(RDMA_READ_CONSUME_CHECK_CONSUMER) timestamp=2080 ms, used_size=1501184 bytes (3.7%)
(RDMA_READ_CONSUME_CHECK_CONSUMER) timestamp=2080 ms, used_size=1499136 bytes (3.7%)
(RDMA_READ_CONSUME_CHECK_CONSUMER) timestamp=2080 ms, used_size=1497088 bytes (3.7%)
(RDMA_READ_CONSUME_CHECK_CONSUMER) timestamp=2080 ms, used_size=1495040 bytes (3.6%)
(RDMA_READ_CONSUME_CHECK_CONSUMER) timestamp=2080 ms, used_size=1492992 bytes (3.6%)
(RDMA_READ_CONSUME_CHECK_CONSUMER) timestamp=2080 ms, used_size=1490944 bytes (3.6%)
(RDMA_READ_CONSUME_CHECK_CONSUMER) timestamp=2080 ms, used_size=1488896 bytes (3.6%)
(RDMA_READ_CONSUME_CHECK_CONSUMER) timestamp=2080 ms, used_size=1486848 bytes (3.6%)
(RDMA_READ_CONSUME_CHECK_CONSUMER) timestamp=2080 ms, used_size=1484800 bytes (3.6%)
(RDMA_READ_CONSUME_CHECK_CONSUMER) timestamp=2080 ms, used_size=1482752 bytes (3.6%)
(RDMA_READ_CONSUME_CHECK_CONSUMER) timestamp=2080 ms, used_size=1480704 bytes (3.6%)
(RDMA_READ_CONSUME_CHECK_CONSUMER) timestamp=2080 ms, used_size=1478656 bytes (3.6%)
(RDMA_READ_CONSUME_CHECK_CONSUMER) timestamp=2080 ms, used_size=1476608 bytes (3.6%)
(RDMA_READ_CONSUME_CHECK_CONSUMER) timestamp=2080 ms, used_size=1474560 bytes (3.6%)
(RDMA_READ_CONSUME_CHECK_CONSUMER) timestamp=2080 ms, used_size=1472512 bytes (3.6%)
(RDMA_READ_CONSUME_CHECK_CONSUMER) timestamp=2080 ms, used_size=1470464 bytes (3.6%)
(RDMA_READ_CONSUME_CHECK_CONSUMER) timestamp=2080 ms, used_size=1468416 bytes (3.6%)
(RDMA_READ_CONSUME_CHECK_CONSUMER) timestamp=2080 ms, used_size=1466368 bytes (3.6%)
(RDMA_READ_CONSUME_CHECK_CONSUMER) timestamp=2080 ms, used_size=1464320 bytes (3.6%)
(RDMA_READ_CONSUME_CHECK_CONSUMER) timestamp=2080 ms, used_size=1462272 bytes (3.6%)
(RDMA_READ_CONSUME_CHECK_CONSUMER) timestamp=2080 ms, used_size=1460224 bytes (3.6%)
(RDMA_READ_CONSUME_CHECK_CONSUMER) timestamp=2080 ms, used_size=1458176 bytes (3.6%)
(RDMA_READ_CONSUME_CHECK_CONSUMER) timestamp=2080 ms, used_size=1456128 bytes (3.6%)
(RDMA_READ_CONSUME_CHECK_CONSUMER) timestamp=2080 ms, used_size=1454080 bytes (3.5%)
(RDMA_READ_CONSUME_CHECK_CONSUMER) timestamp=2080 ms, used_size=1452032 bytes (3.5%)
(RDMA_READ_CONSUME_CHECK_CONSUMER) timestamp=2080 ms, used_size=1449984 bytes (3.5%)
(RDMA_READ_CONSUME_CHECK_CONSUMER) timestamp=2080 ms, used_size=1447936 bytes (3.5%)
(RDMA_READ_CONSUME_CHECK_CONSUMER) timestamp=2080 ms, used_size=1445888 bytes (3.5%)
(RDMA_READ_CONSUME_CHECK_CONSUMER) timestamp=2080 ms, used_size=1443840 bytes (3.5%)
(RDMA_READ_CONSUME_CHECK_CONSUMER) timestamp=2080 ms, used_size=1441792 bytes (3.5%)
(RDMA_READ_CONSUME_CHECK_CONSUMER) timestamp=2080 ms, used_size=1439744 bytes (3.5%)
(RDMA_READ_CONSUME_CHECK_CONSUMER) timestamp=2080 ms, used_size=1437696 bytes (3.5%)
(RDMA_READ_CONSUME_CHECK_CONSUMER) timestamp=2080 ms, used_size=1435648 bytes (3.5%)
(RDMA_READ_CONSUME_CHECK_CONSUMER) timestamp=2080 ms, used_size=1433600 bytes (3.5%)
(RDMA_READ_CONSUME_CHECK_CONSUMER) timestamp=2080 ms, used_size=1431552 bytes (3.5%)
(RDMA_READ_CONSUME_CHECK_CONSUMER) timestamp=2080 ms, used_size=1429504 bytes (3.5%)
(RDMA_READ_CONSUME_CHECK_CONSUMER) timestamp=2080 ms, used_size=1427456 bytes (3.5%)
(RDMA_READ_CONSUME_CHECK_CONSUMER) timestamp=2080 ms, used_size=1425408 bytes (3.5%)
(RDMA_READ_CONSUME_CHECK_CONSUMER) timestamp=2080 ms, used_size=1423360 bytes (3.5%)
(RDMA_READ_CONSUME_CHECK_CONSUMER) timestamp=2080 ms, used_size=1421312 bytes (3.5%)
(RDMA_READ_CONSUME_CHECK_CONSUMER) timestamp=2080 ms, used_size=1419264 bytes (3.5%)
(RDMA_READ_CONSUME_CHECK_CONSUMER) timestamp=2080 ms, used_size=1417216 bytes (3.5%)
(RDMA_READ_CONSUME_CHECK_CONSUMER) timestamp=2080 ms, used_size=1415168 bytes (3.5%)
(RDMA_READ_CONSUME_CHECK_CONSUMER) timestamp=2080 ms, used_size=1413120 bytes (3.5%)
(RDMA_READ_CONSUME_CHECK_CONSUMER) timestamp=2080 ms, used_size=1411072 bytes (3.4%)
(RDMA_READ_CONSUME_CHECK_CONSUMER) timestamp=2080 ms, used_size=1409024 bytes (3.4%)
(RDMA_READ_CONSUME_CHECK_CONSUMER) timestamp=2080 ms, used_size=1406976 bytes (3.4%)
(RDMA_READ_CONSUME_CHECK_CONSUMER) timestamp=2080 ms, used_size=1404928 bytes (3.4%)
(RDMA_READ_CONSUME_CHECK_CONSUMER) timestamp=2080 ms, used_size=1402880 bytes (3.4%)
(RDMA_READ_CONSUME_CHECK_CONSUMER) timestamp=2080 ms, used_size=1400832 bytes (3.4%)
(RDMA_READ_CONSUME_CHECK_CONSUMER) timestamp=2080 ms, used_size=1398784 bytes (3.4%)
(RDMA_READ_CONSUME_CHECK_CONSUMER) timestamp=2080 ms, used_size=1396736 bytes (3.4%)
(RDMA_READ_CONSUME_CHECK_CONSUMER) timestamp=2080 ms, used_size=1394688 bytes (3.4%)
(RDMA_READ_CONSUME_CHECK_CONSUMER) timestamp=2080 ms, used_size=1392640 bytes (3.4%)
(RDMA_READ_CONSUME_CHECK_CONSUMER) timestamp=2080 ms, used_size=1390592 bytes (3.4%)
(RDMA_READ_CONSUME_CHECK_CONSUMER) timestamp=2080 ms, used_size=1388544 bytes (3.4%)
(RDMA_READ_CONSUME_CHECK_CONSUMER) timestamp=2080 ms, used_size=1386496 bytes (3.4%)
(RDMA_READ_CONSUME_CHECK_CONSUMER) timestamp=2080 ms, used_size=1384448 bytes (3.4%)
(RDMA_READ_CONSUME_CHECK_CONSUMER) timestamp=2080 ms, used_size=1382400 bytes (3.4%)
(RDMA_READ_CONSUME_CHECK_CONSUMER) timestamp=2080 ms, used_size=1380352 bytes (3.4%)
(RDMA_READ_CONSUME_CHECK_CONSUMER) timestamp=2080 ms, used_size=1378304 bytes (3.4%)
(RDMA_READ_CONSUME_CHECK_CONSUMER) timestamp=2080 ms, used_size=1376256 bytes (3.4%)
(RDMA_READ_CONSUME_CHECK_CONSUMER) timestamp=2080 ms, used_size=1374208 bytes (3.4%)
(RDMA_READ_CONSUME_CHECK_CONSUMER) timestamp=2080 ms, used_size=1372160 bytes (3.4%)
(RDMA_READ_CONSUME_CHECK_CONSUMER) timestamp=2080 ms, used_size=1370112 bytes (3.3%)
(RDMA_READ_CONSUME_CHECK_CONSUMER) timestamp=2080 ms, used_size=1368064 bytes (3.3%)
(RDMA_READ_CONSUME_CHECK_CONSUMER) timestamp=2080 ms, used_size=1366016 bytes (3.3%)
(RDMA_READ_CONSUME_CHECK_CONSUMER) timestamp=2080 ms, used_size=1363968 bytes (3.3%)
(RDMA_READ_CONSUME_CHECK_CONSUMER) timestamp=2080 ms, used_size=1361920 bytes (3.3%)
(RDMA_READ_CONSUME_CHECK_CONSUMER) timestamp=2080 ms, used_size=1359872 bytes (3.3%)
(RDMA_READ_CONSUME_CHECK_CONSUMER) timestamp=2080 ms, used_size=1357824 bytes (3.3%)
(RDMA_READ_CONSUME_CHECK_CONSUMER) timestamp=2080 ms, used_size=1355776 bytes (3.3%)
(RDMA_READ_CONSUME_CHECK_CONSUMER) timestamp=2080 ms, used_size=1353728 bytes (3.3%)
(RDMA_READ_CONSUME_CHECK_CONSUMER) timestamp=2080 ms, used_size=1351680 bytes (3.3%)
(RDMA_READ_CONSUME_CHECK_CONSUMER) timestamp=2080 ms, used_size=1349632 bytes (3.3%)
(RDMA_READ_CONSUME_CHECK_CONSUMER) timestamp=2080 ms, used_size=1347584 bytes (3.3%)
(RDMA_READ_CONSUME_CHECK_CONSUMER) timestamp=2080 ms, used_size=1345536 bytes (3.3%)
(RDMA_READ_CONSUME_CHECK_CONSUMER) timestamp=2080 ms, used_size=1343488 bytes (3.3%)
(RDMA_READ_CONSUME_CHECK_CONSUMER) timestamp=2080 ms, used_size=1341440 bytes (3.3%)
(RDMA_READ_CONSUME_CHECK_CONSUMER) timestamp=2080 ms, used_size=1339392 bytes (3.3%)
(RDMA_READ_CONSUME_CHECK_CONSUMER) timestamp=2080 ms, used_size=1337344 bytes (3.3%)
(RDMA_READ_CONSUME_CHECK_CONSUMER) timestamp=2080 ms, used_size=1335296 bytes (3.3%)
(RDMA_READ_CONSUME_CHECK_CONSUMER) timestamp=2080 ms, used_size=1333248 bytes (3.3%)
(RDMA_READ_CONSUME_CHECK_CONSUMER) timestamp=2080 ms, used_size=1331200 bytes (3.2%)
(RDMA_READ_CONSUME_CHECK_CONSUMER) timestamp=2080 ms, used_size=1329152 bytes (3.2%)
(RDMA_READ_CONSUME_CHECK_CONSUMER) timestamp=2080 ms, used_size=1327104 bytes (3.2%)
(RDMA_READ_CONSUME_CHECK_CONSUMER) timestamp=2080 ms, used_size=1325056 bytes (3.2%)
(RDMA_READ_CONSUME_CHECK_CONSUMER) timestamp=2080 ms, used_size=1323008 bytes (3.2%)
(RDMA_READ_CONSUME_CHECK_CONSUMER) timestamp=2080 ms, used_size=1320960 bytes (3.2%)
(RDMA_READ_CONSUME_CHECK_CONSUMER) timestamp=2080 ms, used_size=1318912 bytes (3.2%)
(RDMA_READ_CONSUME_CHECK_CONSUMER) timestamp=2080 ms, used_size=1316864 bytes (3.2%)
(RDMA_READ_CONSUME_CHECK_CONSUMER) timestamp=2080 ms, used_size=1314816 bytes (3.2%)
(RDMA_READ_CONSUME_CHECK_CONSUMER) timestamp=2080 ms, used_size=1312768 bytes (3.2%)
(RDMA_READ_CONSUME_CHECK_CONSUMER) timestamp=2080 ms, used_size=1310720 bytes (3.2%)
(RDMA_READ_CONSUME_CHECK_CONSUMER) timestamp=2080 ms, used_size=1308672 bytes (3.2%)
(RDMA_READ_CONSUME_CHECK_CONSUMER) timestamp=2080 ms, used_size=1306624 bytes (3.2%)
(RDMA_READ_CONSUME_CHECK_CONSUMER) timestamp=2080 ms, used_size=1304576 bytes (3.2%)
(RDMA_READ_CONSUME_CHECK_CONSUMER) timestamp=2080 ms, used_size=1302528 bytes (3.2%)
(RDMA_READ_CONSUME_CHECK_CONSUMER) timestamp=2080 ms, used_size=1300480 bytes (3.2%)
(RDMA_READ_CONSUME_CHECK_CONSUMER) timestamp=2080 ms, used_size=1298432 bytes (3.2%)
(RDMA_READ_CONSUME_CHECK_CONSUMER) timestamp=2080 ms, used_size=1296384 bytes (3.2%)
(RDMA_READ_CONSUME_CHECK_CONSUMER) timestamp=2080 ms, used_size=1294336 bytes (3.2%)
(RDMA_READ_CONSUME_CHECK_CONSUMER) timestamp=2080 ms, used_size=1292288 bytes (3.2%)
(RDMA_READ_CONSUME_CHECK_CONSUMER) timestamp=2080 ms, used_size=1290240 bytes (3.1%)
(RDMA_READ_CONSUME_CHECK_CONSUMER) timestamp=2080 ms, used_size=1288192 bytes (3.1%)
(RDMA_READ_CONSUME_CHECK_CONSUMER) timestamp=2080 ms, used_size=1286144 bytes (3.1%)
(RDMA_READ_CONSUME_CHECK_CONSUMER) timestamp=2080 ms, used_size=1284096 bytes (3.1%)
(RDMA_READ_CONSUME_CHECK_CONSUMER) timestamp=2080 ms, used_size=1282048 bytes (3.1%)
(RDMA_READ_CONSUME_CHECK_CONSUMER) timestamp=2080 ms, used_size=1280000 bytes (3.1%)
(RDMA_READ_CONSUME_CHECK_CONSUMER) timestamp=2080 ms, used_size=1277952 bytes (3.1%)
(RDMA_READ_CONSUME_CHECK_CONSUMER) timestamp=2080 ms, used_size=1275904 bytes (3.1%)
(RDMA_READ_CONSUME_CHECK_CONSUMER) timestamp=2080 ms, used_size=1273856 bytes (3.1%)
(RDMA_READ_CONSUME_CHECK_CONSUMER) timestamp=2080 ms, used_size=1271808 bytes (3.1%)
(RDMA_READ_CONSUME_CHECK_CONSUMER) timestamp=2080 ms, used_size=1269760 bytes (3.1%)
(RDMA_READ_CONSUME_CHECK_CONSUMER) timestamp=2080 ms, used_size=1267712 bytes (3.1%)
(RDMA_READ_CONSUME_CHECK_CONSUMER) timestamp=2081 ms, used_size=1265664 bytes (3.1%)
(RDMA_READ_CONSUME_CHECK_CONSUMER) timestamp=2081 ms, used_size=1263616 bytes (3.1%)
(RDMA_READ_CONSUME_CHECK_CONSUMER) timestamp=2081 ms, used_size=1261568 bytes (3.1%)
(RDMA_READ_CONSUME_CHECK_CONSUMER) timestamp=2081 ms, used_size=1259520 bytes (3.1%)
(RDMA_READ_CONSUME_CHECK_CONSUMER) timestamp=2081 ms, used_size=1257472 bytes (3.1%)
(RDMA_READ_CONSUME_CHECK_CONSUMER) timestamp=2081 ms, used_size=1255424 bytes (3.1%)
(RDMA_READ_CONSUME_CHECK_CONSUMER) timestamp=2081 ms, used_size=1253376 bytes (3.1%)
(RDMA_READ_CONSUME_CHECK_CONSUMER) timestamp=2081 ms, used_size=1251328 bytes (3.1%)
(RDMA_READ_CONSUME_CHECK_CONSUMER) timestamp=2081 ms, used_size=1249280 bytes (3.0%)
(RDMA_READ_CONSUME_CHECK_CONSUMER) timestamp=2081 ms, used_size=1247232 bytes (3.0%)
(RDMA_READ_CONSUME_CHECK_CONSUMER) timestamp=2081 ms, used_size=1245184 bytes (3.0%)
(RDMA_READ_CONSUME_CHECK_CONSUMER) timestamp=2081 ms, used_size=1243136 bytes (3.0%)
(RDMA_READ_CONSUME_CHECK_CONSUMER) timestamp=2081 ms, used_size=1241088 bytes (3.0%)
(RDMA_READ_CONSUME_CHECK_CONSUMER) timestamp=2081 ms, used_size=1239040 bytes (3.0%)
(RDMA_READ_CONSUME_CHECK_CONSUMER) timestamp=2081 ms, used_size=1236992 bytes (3.0%)
(RDMA_READ_CONSUME_CHECK_CONSUMER) timestamp=2081 ms, used_size=1234944 bytes (3.0%)
(RDMA_READ_CONSUME_CHECK_CONSUMER) timestamp=2081 ms, used_size=1232896 bytes (3.0%)
(RDMA_READ_CONSUME_CHECK_CONSUMER) timestamp=2081 ms, used_size=1230848 bytes (3.0%)
(RDMA_READ_CONSUME_CHECK_CONSUMER) timestamp=2081 ms, used_size=1228800 bytes (3.0%)
(RDMA_READ_CONSUME_CHECK_CONSUMER) timestamp=2081 ms, used_size=1226752 bytes (3.0%)
(RDMA_READ_CONSUME_CHECK_CONSUMER) timestamp=2081 ms, used_size=1224704 bytes (3.0%)
(RDMA_READ_CONSUME_CHECK_CONSUMER) timestamp=2081 ms, used_size=1222656 bytes (3.0%)
(RDMA_READ_CONSUME_CHECK_CONSUMER) timestamp=2081 ms, used_size=1220608 bytes (3.0%)
(RDMA_READ_CONSUME_CHECK_CONSUMER) timestamp=2081 ms, used_size=1218560 bytes (3.0%)
(RDMA_READ_CONSUME_CHECK_CONSUMER) timestamp=2081 ms, used_size=1216512 bytes (3.0%)
(RDMA_READ_CONSUME_CHECK_CONSUMER) timestamp=2081 ms, used_size=1214464 bytes (3.0%)
(RDMA_READ_CONSUME_CHECK_CONSUMER) timestamp=2081 ms, used_size=1212416 bytes (3.0%)
(RDMA_READ_CONSUME_CHECK_CONSUMER) timestamp=2081 ms, used_size=1210368 bytes (3.0%)
(RDMA_READ_CONSUME_CHECK_CONSUMER) timestamp=2081 ms, used_size=1208320 bytes (3.0%)
(RDMA_READ_CONSUME_CHECK_CONSUMER) timestamp=2081 ms, used_size=1206272 bytes (2.9%)
(RDMA_READ_CONSUME_CHECK_CONSUMER) timestamp=2081 ms, used_size=1204224 bytes (2.9%)
(RDMA_READ_CONSUME_CHECK_CONSUMER) timestamp=2081 ms, used_size=1202176 bytes (2.9%)
(RDMA_READ_CONSUME_CHECK_CONSUMER) timestamp=2081 ms, used_size=1200128 bytes (2.9%)
(RDMA_READ_CONSUME_CHECK_CONSUMER) timestamp=2081 ms, used_size=1198080 bytes (2.9%)
(RDMA_READ_CONSUME_CHECK_CONSUMER) timestamp=2081 ms, used_size=1196032 bytes (2.9%)
(RDMA_READ_CONSUME_CHECK_CONSUMER) timestamp=2081 ms, used_size=1193984 bytes (2.9%)
(RDMA_READ_CONSUME_CHECK_CONSUMER) timestamp=2081 ms, used_size=1191936 bytes (2.9%)
(RDMA_READ_CONSUME_CHECK_CONSUMER) timestamp=2081 ms, used_size=1189888 bytes (2.9%)
(RDMA_READ_CONSUME_CHECK_CONSUMER) timestamp=2081 ms, used_size=1187840 bytes (2.9%)
(RDMA_READ_CONSUME_CHECK_CONSUMER) timestamp=2081 ms, used_size=1185792 bytes (2.9%)
(RDMA_READ_CONSUME_CHECK_CONSUMER) timestamp=2081 ms, used_size=1183744 bytes (2.9%)
(RDMA_READ_CONSUME_CHECK_CONSUMER) timestamp=2081 ms, used_size=1181696 bytes (2.9%)
(RDMA_READ_CONSUME_CHECK_CONSUMER) timestamp=2081 ms, used_size=1179648 bytes (2.9%)
(RDMA_READ_CONSUME_CHECK_CONSUMER) timestamp=2081 ms, used_size=1177600 bytes (2.9%)
(RDMA_READ_CONSUME_CHECK_CONSUMER) timestamp=2081 ms, used_size=1175552 bytes (2.9%)
(RDMA_READ_CONSUME_CHECK_CONSUMER) timestamp=2081 ms, used_size=1173504 bytes (2.9%)
(RDMA_READ_CONSUME_CHECK_CONSUMER) timestamp=2081 ms, used_size=1171456 bytes (2.9%)
(RDMA_READ_CONSUME_CHECK_CONSUMER) timestamp=2081 ms, used_size=1169408 bytes (2.9%)
(RDMA_READ_CONSUME_CHECK_CONSUMER) timestamp=2081 ms, used_size=1167360 bytes (2.9%)
(RDMA_READ_CONSUME_CHECK_CONSUMER) timestamp=2081 ms, used_size=1165312 bytes (2.8%)
(RDMA_READ_CONSUME_CHECK_CONSUMER) timestamp=2081 ms, used_size=1163264 bytes (2.8%)
(RDMA_READ_CONSUME_CHECK_CONSUMER) timestamp=2081 ms, used_size=1161216 bytes (2.8%)
(RDMA_READ_CONSUME_CHECK_CONSUMER) timestamp=2081 ms, used_size=1159168 bytes (2.8%)
(RDMA_READ_CONSUME_CHECK_CONSUMER) timestamp=2081 ms, used_size=1157120 bytes (2.8%)
(RDMA_READ_CONSUME_CHECK_CONSUMER) timestamp=2081 ms, used_size=1155072 bytes (2.8%)
(RDMA_READ_CONSUME_CHECK_CONSUMER) timestamp=2081 ms, used_size=1153024 bytes (2.8%)
(RDMA_READ_CONSUME_CHECK_CONSUMER) timestamp=2081 ms, used_size=1150976 bytes (2.8%)
(RDMA_READ_CONSUME_CHECK_CONSUMER) timestamp=2081 ms, used_size=1148928 bytes (2.8%)
(RDMA_READ_CONSUME_CHECK_CONSUMER) timestamp=2081 ms, used_size=1146880 bytes (2.8%)
(RDMA_READ_CONSUME_CHECK_CONSUMER) timestamp=2081 ms, used_size=1144832 bytes (2.8%)
(RDMA_READ_CONSUME_CHECK_CONSUMER) timestamp=2081 ms, used_size=1142784 bytes (2.8%)
(RDMA_READ_CONSUME_CHECK_CONSUMER) timestamp=2081 ms, used_size=1140736 bytes (2.8%)
(RDMA_READ_CONSUME_CHECK_CONSUMER) timestamp=2081 ms, used_size=1138688 bytes (2.8%)
(RDMA_READ_CONSUME_CHECK_CONSUMER) timestamp=2081 ms, used_size=1136640 bytes (2.8%)
(RDMA_READ_CONSUME_CHECK_CONSUMER) timestamp=2081 ms, used_size=1134592 bytes (2.8%)
(RDMA_READ_CONSUME_CHECK_CONSUMER) timestamp=2081 ms, used_size=1132544 bytes (2.8%)
(RDMA_READ_CONSUME_CHECK_CONSUMER) timestamp=2081 ms, used_size=1130496 bytes (2.8%)
(RDMA_READ_CONSUME_CHECK_CONSUMER) timestamp=2081 ms, used_size=1128448 bytes (2.8%)
(RDMA_READ_CONSUME_CHECK_CONSUMER) timestamp=2081 ms, used_size=1126400 bytes (2.8%)
(RDMA_READ_CONSUME_CHECK_CONSUMER) timestamp=2081 ms, used_size=1124352 bytes (2.7%)
(RDMA_READ_CONSUME_CHECK_CONSUMER) timestamp=2081 ms, used_size=1122304 bytes (2.7%)
(RDMA_READ_CONSUME_CHECK_CONSUMER) timestamp=2081 ms, used_size=1120256 bytes (2.7%)
(RDMA_READ_CONSUME_CHECK_CONSUMER) timestamp=2081 ms, used_size=1118208 bytes (2.7%)
(RDMA_READ_CONSUME_CHECK_CONSUMER) timestamp=2081 ms, used_size=1116160 bytes (2.7%)
(RDMA_READ_CONSUME_CHECK_CONSUMER) timestamp=2081 ms, used_size=1114112 bytes (2.7%)
(RDMA_READ_CONSUME_CHECK_CONSUMER) timestamp=2081 ms, used_size=1112064 bytes (2.7%)
(RDMA_READ_CONSUME_CHECK_CONSUMER) timestamp=2081 ms, used_size=1110016 bytes (2.7%)
(RDMA_READ_CONSUME_CHECK_CONSUMER) timestamp=2081 ms, used_size=1107968 bytes (2.7%)
(RDMA_READ_CONSUME_CHECK_CONSUMER) timestamp=2081 ms, used_size=1105920 bytes (2.7%)
(RDMA_READ_CONSUME_CHECK_CONSUMER) timestamp=2081 ms, used_size=1103872 bytes (2.7%)
(RDMA_READ_CONSUME_CHECK_CONSUMER) timestamp=2081 ms, used_size=1101824 bytes (2.7%)
(RDMA_READ_CONSUME_CHECK_CONSUMER) timestamp=2081 ms, used_size=1099776 bytes (2.7%)
(RDMA_READ_CONSUME_CHECK_CONSUMER) timestamp=2081 ms, used_size=1097728 bytes (2.7%)
(RDMA_READ_CONSUME_CHECK_CONSUMER) timestamp=2081 ms, used_size=1095680 bytes (2.7%)
(RDMA_READ_CONSUME_CHECK_CONSUMER) timestamp=2081 ms, used_size=1093632 bytes (2.7%)
(RDMA_READ_CONSUME_CHECK_CONSUMER) timestamp=2081 ms, used_size=1091584 bytes (2.7%)
(RDMA_READ_CONSUME_CHECK_CONSUMER) timestamp=2081 ms, used_size=1089536 bytes (2.7%)
(RDMA_READ_CONSUME_CHECK_CONSUMER) timestamp=2081 ms, used_size=1087488 bytes (2.7%)
(RDMA_READ_CONSUME_CHECK_CONSUMER) timestamp=2081 ms, used_size=1085440 bytes (2.6%)
(RDMA_READ_CONSUME_CHECK_CONSUMER) timestamp=2081 ms, used_size=1083392 bytes (2.6%)
(RDMA_READ_CONSUME_CHECK_CONSUMER) timestamp=2081 ms, used_size=1081344 bytes (2.6%)
(RDMA_READ_CONSUME_CHECK_CONSUMER) timestamp=2081 ms, used_size=1079296 bytes (2.6%)
(RDMA_READ_CONSUME_CHECK_CONSUMER) timestamp=2081 ms, used_size=1077248 bytes (2.6%)
(RDMA_READ_CONSUME_CHECK_CONSUMER) timestamp=2081 ms, used_size=1075200 bytes (2.6%)
(RDMA_READ_CONSUME_CHECK_CONSUMER) timestamp=2081 ms, used_size=1073152 bytes (2.6%)
(RDMA_READ_CONSUME_CHECK_CONSUMER) timestamp=2081 ms, used_size=1071104 bytes (2.6%)
(RDMA_READ_CONSUME_CHECK_CONSUMER) timestamp=2081 ms, used_size=1069056 bytes (2.6%)
(RDMA_READ_CONSUME_CHECK_CONSUMER) timestamp=2081 ms, used_size=1067008 bytes (2.6%)
(RDMA_READ_CONSUME_CHECK_CONSUMER) timestamp=2081 ms, used_size=1064960 bytes (2.6%)
(RDMA_READ_CONSUME_CHECK_CONSUMER) timestamp=2081 ms, used_size=1062912 bytes (2.6%)
(RDMA_READ_CONSUME_CHECK_CONSUMER) timestamp=2081 ms, used_size=1060864 bytes (2.6%)
(RDMA_READ_CONSUME_CHECK_CONSUMER) timestamp=2081 ms, used_size=1058816 bytes (2.6%)
(RDMA_READ_CONSUME_CHECK_CONSUMER) timestamp=2081 ms, used_size=1056768 bytes (2.6%)
(RDMA_READ_CONSUME_CHECK_CONSUMER) timestamp=2081 ms, used_size=1054720 bytes (2.6%)
(RDMA_READ_CONSUME_CHECK_CONSUMER) timestamp=2081 ms, used_size=1052672 bytes (2.6%)
(RDMA_READ_CONSUME_CHECK_CONSUMER) timestamp=2081 ms, used_size=1050624 bytes (2.6%)
(RDMA_READ_CONSUME_CHECK_CONSUMER) timestamp=2081 ms, used_size=1048576 bytes (2.6%)
(RDMA_READ_CONSUME_CHECK_CONSUMER) timestamp=2081 ms, used_size=1046528 bytes (2.6%)
(RDMA_READ_CONSUME_CHECK_CONSUMER) timestamp=2081 ms, used_size=1044480 bytes (2.5%)
(RDMA_READ_CONSUME_CHECK_CONSUMER) timestamp=2081 ms, used_size=1042432 bytes (2.5%)
(RDMA_READ_CONSUME_CHECK_CONSUMER) timestamp=2081 ms, used_size=1040384 bytes (2.5%)
(RDMA_READ_CONSUME_CHECK_CONSUMER) timestamp=2081 ms, used_size=1038336 bytes (2.5%)
(RDMA_READ_CONSUME_CHECK_CONSUMER) timestamp=2081 ms, used_size=1036288 bytes (2.5%)
(RDMA_READ_CONSUME_CHECK_CONSUMER) timestamp=2081 ms, used_size=1034240 bytes (2.5%)
(RDMA_READ_CONSUME_CHECK_CONSUMER) timestamp=2081 ms, used_size=1032192 bytes (2.5%)
(RDMA_READ_CONSUME_CHECK_CONSUMER) timestamp=2081 ms, used_size=1030144 bytes (2.5%)
(RDMA_READ_CONSUME_CHECK_CONSUMER) timestamp=2081 ms, used_size=1028096 bytes (2.5%)
(RDMA_READ_CONSUME_CHECK_CONSUMER) timestamp=2081 ms, used_size=1026048 bytes (2.5%)
(RDMA_READ_CONSUME_CHECK_CONSUMER) timestamp=2081 ms, used_size=1024000 bytes (2.5%)
(RDMA_READ_CONSUME_CHECK_CONSUMER) timestamp=2081 ms, used_size=1021952 bytes (2.5%)
(RDMA_READ_CONSUME_CHECK_CONSUMER) timestamp=2081 ms, used_size=1019904 bytes (2.5%)
(RDMA_READ_CONSUME_CHECK_CONSUMER) timestamp=2081 ms, used_size=1017856 bytes (2.5%)
(RDMA_READ_CONSUME_CHECK_CONSUMER) timestamp=2081 ms, used_size=1015808 bytes (2.5%)
(RDMA_READ_CONSUME_CHECK_CONSUMER) timestamp=2081 ms, used_size=1013760 bytes (2.5%)
(RDMA_READ_CONSUME_CHECK_CONSUMER) timestamp=2081 ms, used_size=1011712 bytes (2.5%)
(RDMA_READ_CONSUME_CHECK_CONSUMER) timestamp=2081 ms, used_size=1009664 bytes (2.5%)
(RDMA_READ_CONSUME_CHECK_CONSUMER) timestamp=2081 ms, used_size=1007616 bytes (2.5%)
(RDMA_READ_CONSUME_CHECK_CONSUMER) timestamp=2081 ms, used_size=1005568 bytes (2.5%)
(RDMA_READ_CONSUME_CHECK_CONSUMER) timestamp=2081 ms, used_size=1003520 bytes (2.5%)
(RDMA_READ_CONSUME_CHECK_CONSUMER) timestamp=2081 ms, used_size=1001472 bytes (2.4%)
(RDMA_READ_CONSUME_CHECK_CONSUMER) timestamp=2081 ms, used_size=999424 bytes (2.4%)
(RDMA_READ_CONSUME_CHECK_CONSUMER) timestamp=2081 ms, used_size=997376 bytes (2.4%)
(RDMA_READ_CONSUME_CHECK_CONSUMER) timestamp=2081 ms, used_size=995328 bytes (2.4%)
(RDMA_READ_CONSUME_CHECK_CONSUMER) timestamp=2081 ms, used_size=993280 bytes (2.4%)
(RDMA_READ_CONSUME_CHECK_CONSUMER) timestamp=2081 ms, used_size=991232 bytes (2.4%)
(RDMA_READ_CONSUME_CHECK_CONSUMER) timestamp=2081 ms, used_size=989184 bytes (2.4%)
(RDMA_READ_CONSUME_CHECK_CONSUMER) timestamp=2081 ms, used_size=987136 bytes (2.4%)
(RDMA_READ_CONSUME_CHECK_CONSUMER) timestamp=2081 ms, used_size=985088 bytes (2.4%)
(RDMA_READ_CONSUME_CHECK_CONSUMER) timestamp=2081 ms, used_size=983040 bytes (2.4%)
(RDMA_READ_CONSUME_CHECK_CONSUMER) timestamp=2081 ms, used_size=980992 bytes (2.4%)
(RDMA_READ_CONSUME_CHECK_CONSUMER) timestamp=2081 ms, used_size=978944 bytes (2.4%)
(RDMA_READ_CONSUME_CHECK_CONSUMER) timestamp=2081 ms, used_size=976896 bytes (2.4%)
(RDMA_READ_CONSUME_CHECK_CONSUMER) timestamp=2081 ms, used_size=974848 bytes (2.4%)
(RDMA_READ_CONSUME_CHECK_CONSUMER) timestamp=2081 ms, used_size=972800 bytes (2.4%)
(RDMA_READ_CONSUME_CHECK_CONSUMER) timestamp=2081 ms, used_size=970752 bytes (2.4%)
(RDMA_READ_CONSUME_CHECK_CONSUMER) timestamp=2081 ms, used_size=968704 bytes (2.4%)
(RDMA_READ_CONSUME_CHECK_CONSUMER) timestamp=2081 ms, used_size=966656 bytes (2.4%)
(RDMA_READ_CONSUME_CHECK_CONSUMER) timestamp=2081 ms, used_size=964608 bytes (2.4%)
(RDMA_READ_CONSUME_CHECK_CONSUMER) timestamp=2081 ms, used_size=962560 bytes (2.4%)
(RDMA_READ_CONSUME_CHECK_CONSUMER) timestamp=2081 ms, used_size=960512 bytes (2.3%)
(RDMA_READ_CONSUME_CHECK_CONSUMER) timestamp=2081 ms, used_size=958464 bytes (2.3%)
(RDMA_READ_CONSUME_CHECK_CONSUMER) timestamp=2081 ms, used_size=956416 bytes (2.3%)
(RDMA_READ_CONSUME_CHECK_CONSUMER) timestamp=2081 ms, used_size=954368 bytes (2.3%)
(RDMA_READ_CONSUME_CHECK_CONSUMER) timestamp=2081 ms, used_size=952320 bytes (2.3%)
(RDMA_READ_CONSUME_CHECK_CONSUMER) timestamp=2081 ms, used_size=950272 bytes (2.3%)
(RDMA_READ_CONSUME_CHECK_CONSUMER) timestamp=2081 ms, used_size=948224 bytes (2.3%)
(RDMA_READ_CONSUME_CHECK_CONSUMER) timestamp=2081 ms, used_size=946176 bytes (2.3%)
(RDMA_READ_CONSUME_CHECK_CONSUMER) timestamp=2081 ms, used_size=944128 bytes (2.3%)
(RDMA_READ_CONSUME_CHECK_CONSUMER) timestamp=2081 ms, used_size=942080 bytes (2.3%)
(RDMA_READ_CONSUME_CHECK_CONSUMER) timestamp=2081 ms, used_size=940032 bytes (2.3%)
(RDMA_READ_CONSUME_CHECK_CONSUMER) timestamp=2081 ms, used_size=937984 bytes (2.3%)
(RDMA_READ_CONSUME_CHECK_CONSUMER) timestamp=2081 ms, used_size=935936 bytes (2.3%)
(RDMA_READ_CONSUME_CHECK_CONSUMER) timestamp=2081 ms, used_size=933888 bytes (2.3%)
(RDMA_READ_CONSUME_CHECK_CONSUMER) timestamp=2081 ms, used_size=931840 bytes (2.3%)
(RDMA_READ_CONSUME_CHECK_CONSUMER) timestamp=2081 ms, used_size=929792 bytes (2.3%)
(RDMA_READ_CONSUME_CHECK_CONSUMER) timestamp=2081 ms, used_size=927744 bytes (2.3%)
(RDMA_READ_CONSUME_CHECK_CONSUMER) timestamp=2081 ms, used_size=925696 bytes (2.3%)
(RDMA_READ_CONSUME_CHECK_CONSUMER) timestamp=2081 ms, used_size=923648 bytes (2.3%)
(RDMA_READ_CONSUME_CHECK_CONSUMER) timestamp=2081 ms, used_size=921600 bytes (2.2%)
(RDMA_READ_CONSUME_CHECK_CONSUMER) timestamp=2081 ms, used_size=919552 bytes (2.2%)
(RDMA_READ_CONSUME_CHECK_CONSUMER) timestamp=2081 ms, used_size=917504 bytes (2.2%)
(RDMA_READ_CONSUME_CHECK_CONSUMER) timestamp=2081 ms, used_size=915456 bytes (2.2%)
(RDMA_READ_CONSUME_CHECK_CONSUMER) timestamp=2081 ms, used_size=913408 bytes (2.2%)
(RDMA_READ_CONSUME_CHECK_CONSUMER) timestamp=2081 ms, used_size=911360 bytes (2.2%)
(RDMA_READ_CONSUME_CHECK_CONSUMER) timestamp=2081 ms, used_size=909312 bytes (2.2%)
(RDMA_READ_CONSUME_CHECK_CONSUMER) timestamp=2081 ms, used_size=907264 bytes (2.2%)
(RDMA_READ_CONSUME_CHECK_CONSUMER) timestamp=2081 ms, used_size=905216 bytes (2.2%)
(RDMA_READ_CONSUME_CHECK_CONSUMER) timestamp=2081 ms, used_size=903168 bytes (2.2%)
(RDMA_READ_CONSUME_CHECK_CONSUMER) timestamp=2081 ms, used_size=901120 bytes (2.2%)
(RDMA_READ_CONSUME_CHECK_CONSUMER) timestamp=2081 ms, used_size=899072 bytes (2.2%)
(RDMA_READ_CONSUME_CHECK_CONSUMER) timestamp=2082 ms, used_size=897024 bytes (2.2%)
(RDMA_READ_CONSUME_CHECK_CONSUMER) timestamp=2082 ms, used_size=894976 bytes (2.2%)
(RDMA_READ_CONSUME_CHECK_CONSUMER) timestamp=2082 ms, used_size=892928 bytes (2.2%)
(RDMA_READ_CONSUME_CHECK_CONSUMER) timestamp=2082 ms, used_size=890880 bytes (2.2%)
(RDMA_READ_CONSUME_CHECK_CONSUMER) timestamp=2082 ms, used_size=888832 bytes (2.2%)
(RDMA_READ_CONSUME_CHECK_CONSUMER) timestamp=2082 ms, used_size=886784 bytes (2.2%)
(RDMA_READ_CONSUME_CHECK_CONSUMER) timestamp=2082 ms, used_size=884736 bytes (2.2%)
(RDMA_READ_CONSUME_CHECK_CONSUMER) timestamp=2082 ms, used_size=882688 bytes (2.2%)
(RDMA_READ_CONSUME_CHECK_CONSUMER) timestamp=2082 ms, used_size=880640 bytes (2.1%)
(RDMA_READ_CONSUME_CHECK_CONSUMER) timestamp=2082 ms, used_size=878592 bytes (2.1%)
(RDMA_READ_CONSUME_CHECK_CONSUMER) timestamp=2082 ms, used_size=876544 bytes (2.1%)
(RDMA_READ_CONSUME_CHECK_CONSUMER) timestamp=2082 ms, used_size=874496 bytes (2.1%)
(RDMA_READ_CONSUME_CHECK_CONSUMER) timestamp=2082 ms, used_size=872448 bytes (2.1%)
(RDMA_READ_CONSUME_CHECK_CONSUMER) timestamp=2082 ms, used_size=870400 bytes (2.1%)
(RDMA_READ_CONSUME_CHECK_CONSUMER) timestamp=2082 ms, used_size=868352 bytes (2.1%)
(RDMA_READ_CONSUME_CHECK_CONSUMER) timestamp=2082 ms, used_size=866304 bytes (2.1%)
(RDMA_READ_CONSUME_CHECK_CONSUMER) timestamp=2082 ms, used_size=864256 bytes (2.1%)
(RDMA_READ_CONSUME_CHECK_CONSUMER) timestamp=2082 ms, used_size=862208 bytes (2.1%)
(RDMA_READ_CONSUME_CHECK_CONSUMER) timestamp=2082 ms, used_size=860160 bytes (2.1%)
(RDMA_READ_CONSUME_CHECK_CONSUMER) timestamp=2082 ms, used_size=858112 bytes (2.1%)
(RDMA_READ_CONSUME_CHECK_CONSUMER) timestamp=2082 ms, used_size=856064 bytes (2.1%)
(RDMA_READ_CONSUME_CHECK_CONSUMER) timestamp=2082 ms, used_size=854016 bytes (2.1%)
(RDMA_READ_CONSUME_CHECK_CONSUMER) timestamp=2082 ms, used_size=851968 bytes (2.1%)
(RDMA_READ_CONSUME_CHECK_CONSUMER) timestamp=2082 ms, used_size=849920 bytes (2.1%)
(RDMA_READ_CONSUME_CHECK_CONSUMER) timestamp=2082 ms, used_size=847872 bytes (2.1%)
(RDMA_READ_CONSUME_CHECK_CONSUMER) timestamp=2082 ms, used_size=845824 bytes (2.1%)
(RDMA_READ_CONSUME_CHECK_CONSUMER) timestamp=2082 ms, used_size=843776 bytes (2.1%)
(RDMA_READ_CONSUME_CHECK_CONSUMER) timestamp=2082 ms, used_size=841728 bytes (2.1%)
(RDMA_READ_CONSUME_CHECK_CONSUMER) timestamp=2082 ms, used_size=839680 bytes (2.0%)
(RDMA_READ_CONSUME_CHECK_CONSUMER) timestamp=2082 ms, used_size=837632 bytes (2.0%)
(RDMA_READ_CONSUME_CHECK_CONSUMER) timestamp=2082 ms, used_size=835584 bytes (2.0%)
(RDMA_READ_CONSUME_CHECK_CONSUMER) timestamp=2082 ms, used_size=833536 bytes (2.0%)
(RDMA_READ_CONSUME_CHECK_CONSUMER) timestamp=2082 ms, used_size=831488 bytes (2.0%)
(RDMA_READ_CONSUME_CHECK_CONSUMER) timestamp=2082 ms, used_size=829440 bytes (2.0%)
(RDMA_READ_CONSUME_CHECK_CONSUMER) timestamp=2082 ms, used_size=827392 bytes (2.0%)
(RDMA_READ_CONSUME_CHECK_CONSUMER) timestamp=2082 ms, used_size=825344 bytes (2.0%)
(RDMA_READ_CONSUME_CHECK_CONSUMER) timestamp=2082 ms, used_size=823296 bytes (2.0%)
(RDMA_READ_CONSUME_CHECK_CONSUMER) timestamp=2082 ms, used_size=821248 bytes (2.0%)
(RDMA_READ_CONSUME_CHECK_CONSUMER) timestamp=2082 ms, used_size=819200 bytes (2.0%)
(RDMA_READ_CONSUME_CHECK_CONSUMER) timestamp=2082 ms, used_size=817152 bytes (2.0%)
(RDMA_READ_CONSUME_CHECK_CONSUMER) timestamp=2082 ms, used_size=815104 bytes (2.0%)
(RDMA_READ_CONSUME_CHECK_CONSUMER) timestamp=2082 ms, used_size=813056 bytes (2.0%)
(RDMA_READ_CONSUME_CHECK_CONSUMER) timestamp=2082 ms, used_size=811008 bytes (2.0%)
(RDMA_READ_CONSUME_CHECK_CONSUMER) timestamp=2082 ms, used_size=808960 bytes (2.0%)
(RDMA_READ_CONSUME_CHECK_CONSUMER) timestamp=2082 ms, used_size=806912 bytes (2.0%)
(RDMA_READ_CONSUME_CHECK_CONSUMER) timestamp=2082 ms, used_size=804864 bytes (2.0%)
(RDMA_READ_CONSUME_CHECK_CONSUMER) timestamp=2082 ms, used_size=802816 bytes (2.0%)
(RDMA_READ_CONSUME_CHECK_CONSUMER) timestamp=2082 ms, used_size=800768 bytes (2.0%)
(RDMA_READ_CONSUME_CHECK_CONSUMER) timestamp=2082 ms, used_size=798720 bytes (1.9%)
(RDMA_READ_CONSUME_CHECK_CONSUMER) timestamp=2082 ms, used_size=796672 bytes (1.9%)
(RDMA_READ_CONSUME_CHECK_CONSUMER) timestamp=2082 ms, used_size=794624 bytes (1.9%)
(RDMA_READ_CONSUME_CHECK_CONSUMER) timestamp=2082 ms, used_size=792576 bytes (1.9%)
(RDMA_READ_CONSUME_CHECK_CONSUMER) timestamp=2082 ms, used_size=790528 bytes (1.9%)
(RDMA_READ_CONSUME_CHECK_CONSUMER) timestamp=2082 ms, used_size=788480 bytes (1.9%)
(RDMA_READ_CONSUME_CHECK_CONSUMER) timestamp=2082 ms, used_size=786432 bytes (1.9%)
(RDMA_READ_CONSUME_CHECK_CONSUMER) timestamp=2082 ms, used_size=784384 bytes (1.9%)
(RDMA_READ_CONSUME_CHECK_CONSUMER) timestamp=2082 ms, used_size=782336 bytes (1.9%)
(RDMA_READ_CONSUME_CHECK_CONSUMER) timestamp=2082 ms, used_size=780288 bytes (1.9%)
(RDMA_READ_CONSUME_CHECK_CONSUMER) timestamp=2082 ms, used_size=778240 bytes (1.9%)
(RDMA_READ_CONSUME_CHECK_CONSUMER) timestamp=2082 ms, used_size=776192 bytes (1.9%)
(RDMA_READ_CONSUME_CHECK_CONSUMER) timestamp=2082 ms, used_size=774144 bytes (1.9%)
(RDMA_READ_CONSUME_CHECK_CONSUMER) timestamp=2082 ms, used_size=772096 bytes (1.9%)
(RDMA_READ_CONSUME_CHECK_CONSUMER) timestamp=2082 ms, used_size=770048 bytes (1.9%)
(RDMA_READ_CONSUME_CHECK_CONSUMER) timestamp=2082 ms, used_size=768000 bytes (1.9%)
(RDMA_READ_CONSUME_CHECK_CONSUMER) timestamp=2082 ms, used_size=765952 bytes (1.9%)
(RDMA_READ_CONSUME_CHECK_CONSUMER) timestamp=2082 ms, used_size=763904 bytes (1.9%)
(RDMA_READ_CONSUME_CHECK_CONSUMER) timestamp=2082 ms, used_size=761856 bytes (1.9%)
(RDMA_READ_CONSUME_CHECK_CONSUMER) timestamp=2082 ms, used_size=759808 bytes (1.9%)
(RDMA_READ_CONSUME_CHECK_CONSUMER) timestamp=2082 ms, used_size=757760 bytes (1.9%)
(RDMA_READ_CONSUME_CHECK_CONSUMER) timestamp=2082 ms, used_size=755712 bytes (1.8%)
(RDMA_READ_CONSUME_CHECK_CONSUMER) timestamp=2082 ms, used_size=753664 bytes (1.8%)
(RDMA_READ_CONSUME_CHECK_CONSUMER) timestamp=2082 ms, used_size=751616 bytes (1.8%)
(RDMA_READ_CONSUME_CHECK_CONSUMER) timestamp=2082 ms, used_size=749568 bytes (1.8%)
(RDMA_READ_CONSUME_CHECK_CONSUMER) timestamp=2082 ms, used_size=747520 bytes (1.8%)
(RDMA_READ_CONSUME_CHECK_CONSUMER) timestamp=2082 ms, used_size=745472 bytes (1.8%)
(RDMA_READ_CONSUME_CHECK_CONSUMER) timestamp=2082 ms, used_size=743424 bytes (1.8%)
(RDMA_READ_CONSUME_CHECK_CONSUMER) timestamp=2082 ms, used_size=741376 bytes (1.8%)
(RDMA_READ_CONSUME_CHECK_CONSUMER) timestamp=2082 ms, used_size=739328 bytes (1.8%)
(RDMA_READ_CONSUME_CHECK_CONSUMER) timestamp=2082 ms, used_size=737280 bytes (1.8%)
(RDMA_READ_CONSUME_CHECK_CONSUMER) timestamp=2082 ms, used_size=735232 bytes (1.8%)
(RDMA_READ_CONSUME_CHECK_CONSUMER) timestamp=2082 ms, used_size=733184 bytes (1.8%)
(RDMA_READ_CONSUME_CHECK_CONSUMER) timestamp=2082 ms, used_size=731136 bytes (1.8%)
(RDMA_READ_CONSUME_CHECK_CONSUMER) timestamp=2082 ms, used_size=729088 bytes (1.8%)
(RDMA_READ_CONSUME_CHECK_CONSUMER) timestamp=2082 ms, used_size=727040 bytes (1.8%)
(RDMA_READ_CONSUME_CHECK_CONSUMER) timestamp=2082 ms, used_size=724992 bytes (1.8%)
(RDMA_READ_CONSUME_CHECK_CONSUMER) timestamp=2082 ms, used_size=722944 bytes (1.8%)
(RDMA_READ_CONSUME_CHECK_CONSUMER) timestamp=2082 ms, used_size=720896 bytes (1.8%)
(RDMA_READ_CONSUME_CHECK_CONSUMER) timestamp=2082 ms, used_size=718848 bytes (1.8%)
(RDMA_READ_CONSUME_CHECK_CONSUMER) timestamp=2082 ms, used_size=716800 bytes (1.8%)
(RDMA_READ_CONSUME_CHECK_CONSUMER) timestamp=2082 ms, used_size=714752 bytes (1.7%)
(RDMA_READ_CONSUME_CHECK_CONSUMER) timestamp=2082 ms, used_size=712704 bytes (1.7%)
(RDMA_READ_CONSUME_CHECK_CONSUMER) timestamp=2082 ms, used_size=710656 bytes (1.7%)
(RDMA_READ_CONSUME_CHECK_CONSUMER) timestamp=2082 ms, used_size=708608 bytes (1.7%)
(RDMA_READ_CONSUME_CHECK_CONSUMER) timestamp=2082 ms, used_size=706560 bytes (1.7%)
(RDMA_READ_CONSUME_CHECK_CONSUMER) timestamp=2082 ms, used_size=704512 bytes (1.7%)
(RDMA_READ_CONSUME_CHECK_CONSUMER) timestamp=2082 ms, used_size=702464 bytes (1.7%)
(RDMA_READ_CONSUME_CHECK_CONSUMER) timestamp=2082 ms, used_size=700416 bytes (1.7%)
(RDMA_READ_CONSUME_CHECK_CONSUMER) timestamp=2082 ms, used_size=698368 bytes (1.7%)
(RDMA_READ_CONSUME_CHECK_CONSUMER) timestamp=2082 ms, used_size=696320 bytes (1.7%)
(RDMA_READ_CONSUME_CHECK_CONSUMER) timestamp=2082 ms, used_size=694272 bytes (1.7%)
(RDMA_READ_CONSUME_CHECK_CONSUMER) timestamp=2082 ms, used_size=692224 bytes (1.7%)
(RDMA_READ_CONSUME_CHECK_CONSUMER) timestamp=2082 ms, used_size=690176 bytes (1.7%)
(RDMA_READ_CONSUME_CHECK_CONSUMER) timestamp=2082 ms, used_size=688128 bytes (1.7%)
(RDMA_READ_CONSUME_CHECK_CONSUMER) timestamp=2082 ms, used_size=686080 bytes (1.7%)
(RDMA_READ_CONSUME_CHECK_CONSUMER) timestamp=2082 ms, used_size=684032 bytes (1.7%)
(RDMA_READ_CONSUME_CHECK_CONSUMER) timestamp=2082 ms, used_size=681984 bytes (1.7%)
(RDMA_READ_CONSUME_CHECK_CONSUMER) timestamp=2082 ms, used_size=679936 bytes (1.7%)
(RDMA_READ_CONSUME_CHECK_CONSUMER) timestamp=2082 ms, used_size=677888 bytes (1.7%)
(RDMA_READ_CONSUME_CHECK_CONSUMER) timestamp=2082 ms, used_size=675840 bytes (1.6%)
(RDMA_READ_CONSUME_CHECK_CONSUMER) timestamp=2082 ms, used_size=673792 bytes (1.6%)
(RDMA_READ_CONSUME_CHECK_CONSUMER) timestamp=2082 ms, used_size=671744 bytes (1.6%)
(RDMA_READ_CONSUME_CHECK_CONSUMER) timestamp=2082 ms, used_size=669696 bytes (1.6%)
(RDMA_READ_CONSUME_CHECK_CONSUMER) timestamp=2082 ms, used_size=667648 bytes (1.6%)
(RDMA_READ_CONSUME_CHECK_CONSUMER) timestamp=2082 ms, used_size=665600 bytes (1.6%)
(RDMA_READ_CONSUME_CHECK_CONSUMER) timestamp=2082 ms, used_size=663552 bytes (1.6%)
(RDMA_READ_CONSUME_CHECK_CONSUMER) timestamp=2082 ms, used_size=661504 bytes (1.6%)
(RDMA_READ_CONSUME_CHECK_CONSUMER) timestamp=2082 ms, used_size=659456 bytes (1.6%)
(RDMA_READ_CONSUME_CHECK_CONSUMER) timestamp=2082 ms, used_size=657408 bytes (1.6%)
(RDMA_READ_CONSUME_CHECK_CONSUMER) timestamp=2082 ms, used_size=655360 bytes (1.6%)
(RDMA_READ_CONSUME_CHECK_CONSUMER) timestamp=2082 ms, used_size=653312 bytes (1.6%)
(RDMA_READ_CONSUME_CHECK_CONSUMER) timestamp=2082 ms, used_size=651264 bytes (1.6%)
(RDMA_READ_CONSUME_CHECK_CONSUMER) timestamp=2082 ms, used_size=649216 bytes (1.6%)
(RDMA_READ_CONSUME_CHECK_CONSUMER) timestamp=2082 ms, used_size=647168 bytes (1.6%)
(RDMA_READ_CONSUME_CHECK_CONSUMER) timestamp=2082 ms, used_size=645120 bytes (1.6%)
(RDMA_READ_CONSUME_CHECK_CONSUMER) timestamp=2082 ms, used_size=643072 bytes (1.6%)
(RDMA_READ_CONSUME_CHECK_CONSUMER) timestamp=2082 ms, used_size=641024 bytes (1.6%)
(RDMA_READ_CONSUME_CHECK_CONSUMER) timestamp=2082 ms, used_size=638976 bytes (1.6%)
(RDMA_READ_CONSUME_CHECK_CONSUMER) timestamp=2082 ms, used_size=636928 bytes (1.6%)
(RDMA_READ_CONSUME_CHECK_CONSUMER) timestamp=2082 ms, used_size=634880 bytes (1.6%)
(RDMA_READ_CONSUME_CHECK_CONSUMER) timestamp=2082 ms, used_size=632832 bytes (1.5%)
(RDMA_READ_CONSUME_CHECK_CONSUMER) timestamp=2082 ms, used_size=630784 bytes (1.5%)
(RDMA_READ_CONSUME_CHECK_CONSUMER) timestamp=2082 ms, used_size=628736 bytes (1.5%)
(RDMA_READ_CONSUME_CHECK_CONSUMER) timestamp=2082 ms, used_size=626688 bytes (1.5%)
(RDMA_READ_CONSUME_CHECK_CONSUMER) timestamp=2082 ms, used_size=624640 bytes (1.5%)
(RDMA_READ_CONSUME_CHECK_CONSUMER) timestamp=2082 ms, used_size=622592 bytes (1.5%)
(RDMA_READ_CONSUME_CHECK_CONSUMER) timestamp=2082 ms, used_size=620544 bytes (1.5%)
(RDMA_READ_CONSUME_CHECK_CONSUMER) timestamp=2082 ms, used_size=618496 bytes (1.5%)
(RDMA_READ_CONSUME_CHECK_CONSUMER) timestamp=2082 ms, used_size=616448 bytes (1.5%)
(RDMA_READ_CONSUME_CHECK_CONSUMER) timestamp=2082 ms, used_size=614400 bytes (1.5%)
(RDMA_READ_CONSUME_CHECK_CONSUMER) timestamp=2082 ms, used_size=612352 bytes (1.5%)
(RDMA_READ_CONSUME_CHECK_CONSUMER) timestamp=2082 ms, used_size=610304 bytes (1.5%)
(RDMA_READ_CONSUME_CHECK_CONSUMER) timestamp=2082 ms, used_size=608256 bytes (1.5%)
(RDMA_READ_CONSUME_CHECK_CONSUMER) timestamp=2082 ms, used_size=606208 bytes (1.5%)
(RDMA_READ_CONSUME_CHECK_CONSUMER) timestamp=2082 ms, used_size=604160 bytes (1.5%)
(RDMA_READ_CONSUME_CHECK_CONSUMER) timestamp=2082 ms, used_size=602112 bytes (1.5%)
(RDMA_READ_CONSUME_CHECK_CONSUMER) timestamp=2082 ms, used_size=600064 bytes (1.5%)
(RDMA_READ_CONSUME_CHECK_CONSUMER) timestamp=2082 ms, used_size=598016 bytes (1.5%)
(RDMA_READ_CONSUME_CHECK_CONSUMER) timestamp=2082 ms, used_size=595968 bytes (1.5%)
(RDMA_READ_CONSUME_CHECK_CONSUMER) timestamp=2082 ms, used_size=593920 bytes (1.4%)
(RDMA_READ_CONSUME_CHECK_CONSUMER) timestamp=2082 ms, used_size=591872 bytes (1.4%)
(RDMA_READ_CONSUME_CHECK_CONSUMER) timestamp=2082 ms, used_size=589824 bytes (1.4%)
(RDMA_READ_CONSUME_CHECK_CONSUMER) timestamp=2082 ms, used_size=587776 bytes (1.4%)
(RDMA_READ_CONSUME_CHECK_CONSUMER) timestamp=2082 ms, used_size=585728 bytes (1.4%)
(RDMA_READ_CONSUME_CHECK_CONSUMER) timestamp=2082 ms, used_size=583680 bytes (1.4%)
(RDMA_READ_CONSUME_CHECK_CONSUMER) timestamp=2082 ms, used_size=581632 bytes (1.4%)
(RDMA_READ_CONSUME_CHECK_CONSUMER) timestamp=2082 ms, used_size=579584 bytes (1.4%)
(RDMA_READ_CONSUME_CHECK_CONSUMER) timestamp=2082 ms, used_size=577536 bytes (1.4%)
(RDMA_READ_CONSUME_CHECK_CONSUMER) timestamp=2082 ms, used_size=575488 bytes (1.4%)
(RDMA_READ_CONSUME_CHECK_CONSUMER) timestamp=2082 ms, used_size=573440 bytes (1.4%)
(RDMA_READ_CONSUME_CHECK_CONSUMER) timestamp=2082 ms, used_size=571392 bytes (1.4%)
(RDMA_READ_CONSUME_CHECK_CONSUMER) timestamp=2082 ms, used_size=569344 bytes (1.4%)
(RDMA_READ_CONSUME_CHECK_CONSUMER) timestamp=2082 ms, used_size=567296 bytes (1.4%)
(RDMA_READ_CONSUME_CHECK_CONSUMER) timestamp=2082 ms, used_size=565248 bytes (1.4%)
(RDMA_READ_CONSUME_CHECK_CONSUMER) timestamp=2082 ms, used_size=563200 bytes (1.4%)
(RDMA_READ_CONSUME_CHECK_CONSUMER) timestamp=2082 ms, used_size=561152 bytes (1.4%)
(RDMA_READ_CONSUME_CHECK_CONSUMER) timestamp=2082 ms, used_size=559104 bytes (1.4%)
(RDMA_READ_CONSUME_CHECK_CONSUMER) timestamp=2082 ms, used_size=557056 bytes (1.4%)
(RDMA_READ_CONSUME_CHECK_CONSUMER) timestamp=2082 ms, used_size=555008 bytes (1.4%)
(RDMA_READ_CONSUME_CHECK_CONSUMER) timestamp=2082 ms, used_size=552960 bytes (1.4%)
(RDMA_READ_CONSUME_CHECK_CONSUMER) timestamp=2082 ms, used_size=550912 bytes (1.3%)
(RDMA_READ_CONSUME_CHECK_CONSUMER) timestamp=2082 ms, used_size=548864 bytes (1.3%)
(RDMA_READ_CONSUME_CHECK_CONSUMER) timestamp=2082 ms, used_size=546816 bytes (1.3%)
(RDMA_READ_CONSUME_CHECK_CONSUMER) timestamp=2082 ms, used_size=544768 bytes (1.3%)
(RDMA_READ_CONSUME_CHECK_CONSUMER) timestamp=2082 ms, used_size=542720 bytes (1.3%)
(RDMA_READ_CONSUME_CHECK_CONSUMER) timestamp=2082 ms, used_size=540672 bytes (1.3%)
(RDMA_READ_CONSUME_CHECK_CONSUMER) timestamp=2082 ms, used_size=538624 bytes (1.3%)
(RDMA_READ_CONSUME_CHECK_CONSUMER) timestamp=2083 ms, used_size=536576 bytes (1.3%)
(RDMA_READ_CONSUME_CHECK_CONSUMER) timestamp=2083 ms, used_size=534528 bytes (1.3%)
(RDMA_READ_CONSUME_CHECK_CONSUMER) timestamp=2083 ms, used_size=532480 bytes (1.3%)
(RDMA_READ_CONSUME_CHECK_CONSUMER) timestamp=2083 ms, used_size=530432 bytes (1.3%)
(RDMA_READ_CONSUME_CHECK_CONSUMER) timestamp=2083 ms, used_size=528384 bytes (1.3%)
(RDMA_READ_CONSUME_CHECK_CONSUMER) timestamp=2083 ms, used_size=526336 bytes (1.3%)
(RDMA_READ_CONSUME_CHECK_CONSUMER) timestamp=2083 ms, used_size=524288 bytes (1.3%)
(RDMA_READ_CONSUME_CHECK_CONSUMER) timestamp=2083 ms, used_size=522240 bytes (1.3%)
(RDMA_READ_CONSUME_CHECK_CONSUMER) timestamp=2083 ms, used_size=520192 bytes (1.3%)
(RDMA_READ_CONSUME_CHECK_CONSUMER) timestamp=2083 ms, used_size=518144 bytes (1.3%)
(RDMA_READ_CONSUME_CHECK_CONSUMER) timestamp=2083 ms, used_size=516096 bytes (1.3%)
(RDMA_READ_CONSUME_CHECK_CONSUMER) timestamp=2083 ms, used_size=514048 bytes (1.3%)
(RDMA_READ_CONSUME_CHECK_CONSUMER) timestamp=2083 ms, used_size=512000 bytes (1.2%)
(RDMA_READ_CONSUME_CHECK_CONSUMER) timestamp=2083 ms, used_size=509952 bytes (1.2%)
(RDMA_READ_CONSUME_CHECK_CONSUMER) timestamp=2083 ms, used_size=507904 bytes (1.2%)
(RDMA_READ_CONSUME_CHECK_CONSUMER) timestamp=2083 ms, used_size=505856 bytes (1.2%)
(RDMA_READ_CONSUME_CHECK_CONSUMER) timestamp=2083 ms, used_size=503808 bytes (1.2%)
(RDMA_READ_CONSUME_CHECK_CONSUMER) timestamp=2083 ms, used_size=501760 bytes (1.2%)
(RDMA_READ_CONSUME_CHECK_CONSUMER) timestamp=2083 ms, used_size=499712 bytes (1.2%)
(RDMA_READ_CONSUME_CHECK_CONSUMER) timestamp=2083 ms, used_size=497664 bytes (1.2%)
(RDMA_READ_CONSUME_CHECK_CONSUMER) timestamp=2083 ms, used_size=495616 bytes (1.2%)
(RDMA_READ_CONSUME_CHECK_CONSUMER) timestamp=2083 ms, used_size=493568 bytes (1.2%)
(RDMA_READ_CONSUME_CHECK_CONSUMER) timestamp=2083 ms, used_size=491520 bytes (1.2%)
(RDMA_READ_CONSUME_CHECK_CONSUMER) timestamp=2083 ms, used_size=489472 bytes (1.2%)
(RDMA_READ_CONSUME_CHECK_CONSUMER) timestamp=2083 ms, used_size=487424 bytes (1.2%)
(RDMA_READ_CONSUME_CHECK_CONSUMER) timestamp=2083 ms, used_size=485376 bytes (1.2%)
(RDMA_READ_CONSUME_CHECK_CONSUMER) timestamp=2083 ms, used_size=483328 bytes (1.2%)
(RDMA_READ_CONSUME_CHECK_CONSUMER) timestamp=2083 ms, used_size=481280 bytes (1.2%)
(RDMA_READ_CONSUME_CHECK_CONSUMER) timestamp=2083 ms, used_size=479232 bytes (1.2%)
(RDMA_READ_CONSUME_CHECK_CONSUMER) timestamp=2083 ms, used_size=477184 bytes (1.2%)
(RDMA_READ_CONSUME_CHECK_CONSUMER) timestamp=2083 ms, used_size=475136 bytes (1.2%)
(RDMA_READ_CONSUME_CHECK_CONSUMER) timestamp=2083 ms, used_size=473088 bytes (1.2%)
(RDMA_READ_CONSUME_CHECK_CONSUMER) timestamp=2083 ms, used_size=471040 bytes (1.1%)
(RDMA_READ_CONSUME_CHECK_CONSUMER) timestamp=2083 ms, used_size=468992 bytes (1.1%)
(RDMA_READ_CONSUME_CHECK_CONSUMER) timestamp=2083 ms, used_size=466944 bytes (1.1%)
(RDMA_READ_CONSUME_CHECK_CONSUMER) timestamp=2083 ms, used_size=464896 bytes (1.1%)
(RDMA_READ_CONSUME_CHECK_CONSUMER) timestamp=2083 ms, used_size=462848 bytes (1.1%)
(RDMA_READ_CONSUME_CHECK_CONSUMER) timestamp=2083 ms, used_size=460800 bytes (1.1%)
(RDMA_READ_CONSUME_CHECK_CONSUMER) timestamp=2083 ms, used_size=458752 bytes (1.1%)
(RDMA_READ_CONSUME_CHECK_CONSUMER) timestamp=2083 ms, used_size=456704 bytes (1.1%)
(RDMA_READ_CONSUME_CHECK_CONSUMER) timestamp=2083 ms, used_size=454656 bytes (1.1%)
(RDMA_READ_CONSUME_CHECK_CONSUMER) timestamp=2083 ms, used_size=452608 bytes (1.1%)
(RDMA_READ_CONSUME_CHECK_CONSUMER) timestamp=2083 ms, used_size=450560 bytes (1.1%)
(RDMA_READ_CONSUME_CHECK_CONSUMER) timestamp=2083 ms, used_size=448512 bytes (1.1%)
(RDMA_READ_CONSUME_CHECK_CONSUMER) timestamp=2083 ms, used_size=446464 bytes (1.1%)
(RDMA_READ_CONSUME_CHECK_CONSUMER) timestamp=2083 ms, used_size=444416 bytes (1.1%)
(RDMA_READ_CONSUME_CHECK_CONSUMER) timestamp=2083 ms, used_size=442368 bytes (1.1%)
(RDMA_READ_CONSUME_CHECK_CONSUMER) timestamp=2083 ms, used_size=440320 bytes (1.1%)
(RDMA_READ_CONSUME_CHECK_CONSUMER) timestamp=2083 ms, used_size=438272 bytes (1.1%)
(RDMA_READ_CONSUME_CHECK_CONSUMER) timestamp=2083 ms, used_size=436224 bytes (1.1%)
(RDMA_READ_CONSUME_CHECK_CONSUMER) timestamp=2083 ms, used_size=434176 bytes (1.1%)
(RDMA_READ_CONSUME_CHECK_CONSUMER) timestamp=2083 ms, used_size=432128 bytes (1.1%)
(RDMA_READ_CONSUME_CHECK_CONSUMER) timestamp=2083 ms, used_size=430080 bytes (1.1%)
(RDMA_READ_CONSUME_CHECK_CONSUMER) timestamp=2083 ms, used_size=428032 bytes (1.0%)
(RDMA_READ_CONSUME_CHECK_CONSUMER) timestamp=2083 ms, used_size=425984 bytes (1.0%)
(RDMA_READ_CONSUME_CHECK_CONSUMER) timestamp=2083 ms, used_size=423936 bytes (1.0%)
(RDMA_READ_CONSUME_CHECK_CONSUMER) timestamp=2083 ms, used_size=421888 bytes (1.0%)
(RDMA_READ_CONSUME_CHECK_CONSUMER) timestamp=2083 ms, used_size=419840 bytes (1.0%)
(RDMA_READ_CONSUME_CHECK_CONSUMER) timestamp=2083 ms, used_size=417792 bytes (1.0%)
(RDMA_READ_CONSUME_CHECK_CONSUMER) timestamp=2083 ms, used_size=415744 bytes (1.0%)
(RDMA_READ_CONSUME_CHECK_CONSUMER) timestamp=2083 ms, used_size=413696 bytes (1.0%)
(RDMA_READ_CONSUME_CHECK_CONSUMER) timestamp=2083 ms, used_size=411648 bytes (1.0%)
(RDMA_READ_CONSUME_CHECK_CONSUMER) timestamp=2083 ms, used_size=409600 bytes (1.0%)
(RDMA_READ_CONSUME_CHECK_CONSUMER) timestamp=2083 ms, used_size=407552 bytes (1.0%)
(RDMA_READ_CONSUME_CHECK_CONSUMER) timestamp=2083 ms, used_size=405504 bytes (1.0%)
(RDMA_READ_CONSUME_CHECK_CONSUMER) timestamp=2083 ms, used_size=403456 bytes (1.0%)
(RDMA_READ_CONSUME_CHECK_CONSUMER) timestamp=2083 ms, used_size=401408 bytes (1.0%)
(RDMA_READ_CONSUME_CHECK_CONSUMER) timestamp=2083 ms, used_size=399360 bytes (1.0%)
(RDMA_READ_CONSUME_CHECK_CONSUMER) timestamp=2083 ms, used_size=397312 bytes (1.0%)
(RDMA_READ_CONSUME_CHECK_CONSUMER) timestamp=2083 ms, used_size=395264 bytes (1.0%)
(RDMA_READ_CONSUME_CHECK_CONSUMER) timestamp=2083 ms, used_size=393216 bytes (1.0%)
(RDMA_READ_CONSUME_CHECK_CONSUMER) timestamp=2083 ms, used_size=391168 bytes (1.0%)
(RDMA_READ_CONSUME_CHECK_CONSUMER) timestamp=2083 ms, used_size=389120 bytes (0.9%)
(RDMA_READ_CONSUME_CHECK_CONSUMER) timestamp=2083 ms, used_size=387072 bytes (0.9%)
(RDMA_READ_CONSUME_CHECK_CONSUMER) timestamp=2083 ms, used_size=385024 bytes (0.9%)
(RDMA_READ_CONSUME_CHECK_CONSUMER) timestamp=2083 ms, used_size=382976 bytes (0.9%)
(RDMA_READ_CONSUME_CHECK_CONSUMER) timestamp=2083 ms, used_size=380928 bytes (0.9%)
(RDMA_READ_CONSUME_CHECK_CONSUMER) timestamp=2083 ms, used_size=378880 bytes (0.9%)
(RDMA_READ_CONSUME_CHECK_CONSUMER) timestamp=2083 ms, used_size=376832 bytes (0.9%)
(RDMA_READ_CONSUME_CHECK_CONSUMER) timestamp=2083 ms, used_size=374784 bytes (0.9%)
(RDMA_READ_CONSUME_CHECK_CONSUMER) timestamp=2083 ms, used_size=372736 bytes (0.9%)
(RDMA_READ_CONSUME_CHECK_CONSUMER) timestamp=2083 ms, used_size=370688 bytes (0.9%)
(RDMA_READ_CONSUME_CHECK_CONSUMER) timestamp=2083 ms, used_size=368640 bytes (0.9%)
(RDMA_READ_CONSUME_CHECK_CONSUMER) timestamp=2083 ms, used_size=366592 bytes (0.9%)
(RDMA_READ_CONSUME_CHECK_CONSUMER) timestamp=2083 ms, used_size=364544 bytes (0.9%)
(RDMA_READ_CONSUME_CHECK_CONSUMER) timestamp=2083 ms, used_size=362496 bytes (0.9%)
(RDMA_READ_CONSUME_CHECK_CONSUMER) timestamp=2083 ms, used_size=360448 bytes (0.9%)
(RDMA_READ_CONSUME_CHECK_CONSUMER) timestamp=2083 ms, used_size=358400 bytes (0.9%)
(RDMA_READ_CONSUME_CHECK_CONSUMER) timestamp=2083 ms, used_size=356352 bytes (0.9%)
(RDMA_READ_CONSUME_CHECK_CONSUMER) timestamp=2083 ms, used_size=354304 bytes (0.9%)
(RDMA_READ_CONSUME_CHECK_CONSUMER) timestamp=2083 ms, used_size=352256 bytes (0.9%)
(RDMA_READ_CONSUME_CHECK_CONSUMER) timestamp=2083 ms, used_size=350208 bytes (0.9%)
(RDMA_READ_CONSUME_CHECK_CONSUMER) timestamp=2083 ms, used_size=348160 bytes (0.8%)
(RDMA_READ_CONSUME_CHECK_CONSUMER) timestamp=2083 ms, used_size=346112 bytes (0.8%)
(RDMA_READ_CONSUME_CHECK_CONSUMER) timestamp=2083 ms, used_size=344064 bytes (0.8%)
(RDMA_READ_CONSUME_CHECK_CONSUMER) timestamp=2083 ms, used_size=342016 bytes (0.8%)
(RDMA_READ_CONSUME_CHECK_CONSUMER) timestamp=2083 ms, used_size=339968 bytes (0.8%)
(RDMA_READ_CONSUME_CHECK_CONSUMER) timestamp=2083 ms, used_size=337920 bytes (0.8%)
(RDMA_READ_CONSUME_CHECK_CONSUMER) timestamp=2083 ms, used_size=335872 bytes (0.8%)
(RDMA_READ_CONSUME_CHECK_CONSUMER) timestamp=2083 ms, used_size=333824 bytes (0.8%)
(RDMA_READ_CONSUME_CHECK_CONSUMER) timestamp=2083 ms, used_size=331776 bytes (0.8%)
(RDMA_READ_CONSUME_CHECK_CONSUMER) timestamp=2083 ms, used_size=329728 bytes (0.8%)
(RDMA_READ_CONSUME_CHECK_CONSUMER) timestamp=2083 ms, used_size=327680 bytes (0.8%)
(RDMA_READ_CONSUME_CHECK_CONSUMER) timestamp=2083 ms, used_size=325632 bytes (0.8%)
(RDMA_READ_CONSUME_CHECK_CONSUMER) timestamp=2083 ms, used_size=323584 bytes (0.8%)
(RDMA_READ_CONSUME_CHECK_CONSUMER) timestamp=2083 ms, used_size=321536 bytes (0.8%)
(RDMA_READ_CONSUME_CHECK_CONSUMER) timestamp=2083 ms, used_size=319488 bytes (0.8%)
(RDMA_READ_CONSUME_CHECK_CONSUMER) timestamp=2083 ms, used_size=317440 bytes (0.8%)
(RDMA_READ_CONSUME_CHECK_CONSUMER) timestamp=2083 ms, used_size=315392 bytes (0.8%)
(RDMA_READ_CONSUME_CHECK_CONSUMER) timestamp=2083 ms, used_size=313344 bytes (0.8%)
(RDMA_READ_CONSUME_CHECK_CONSUMER) timestamp=2083 ms, used_size=311296 bytes (0.8%)
(RDMA_READ_CONSUME_CHECK_CONSUMER) timestamp=2083 ms, used_size=309248 bytes (0.8%)
(RDMA_READ_CONSUME_CHECK_CONSUMER) timestamp=2083 ms, used_size=307200 bytes (0.8%)
(RDMA_READ_CONSUME_CHECK_CONSUMER) timestamp=2083 ms, used_size=305152 bytes (0.7%)
(RDMA_READ_CONSUME_CHECK_CONSUMER) timestamp=2083 ms, used_size=303104 bytes (0.7%)
(RDMA_READ_CONSUME_CHECK_CONSUMER) timestamp=2083 ms, used_size=301056 bytes (0.7%)
(RDMA_READ_CONSUME_CHECK_CONSUMER) timestamp=2083 ms, used_size=299008 bytes (0.7%)
(RDMA_READ_CONSUME_CHECK_CONSUMER) timestamp=2083 ms, used_size=296960 bytes (0.7%)
(RDMA_READ_CONSUME_CHECK_CONSUMER) timestamp=2083 ms, used_size=294912 bytes (0.7%)
(RDMA_READ_CONSUME_CHECK_CONSUMER) timestamp=2083 ms, used_size=292864 bytes (0.7%)
(RDMA_READ_CONSUME_CHECK_CONSUMER) timestamp=2083 ms, used_size=290816 bytes (0.7%)
(RDMA_READ_CONSUME_CHECK_CONSUMER) timestamp=2083 ms, used_size=288768 bytes (0.7%)
(RDMA_READ_CONSUME_CHECK_CONSUMER) timestamp=2083 ms, used_size=286720 bytes (0.7%)
(RDMA_READ_CONSUME_CHECK_CONSUMER) timestamp=2083 ms, used_size=284672 bytes (0.7%)
(RDMA_READ_CONSUME_CHECK_CONSUMER) timestamp=2083 ms, used_size=282624 bytes (0.7%)
(RDMA_READ_CONSUME_CHECK_CONSUMER) timestamp=2083 ms, used_size=280576 bytes (0.7%)
(RDMA_READ_CONSUME_CHECK_CONSUMER) timestamp=2083 ms, used_size=278528 bytes (0.7%)
(RDMA_READ_CONSUME_CHECK_CONSUMER) timestamp=2083 ms, used_size=276480 bytes (0.7%)
(RDMA_READ_CONSUME_CHECK_CONSUMER) timestamp=2083 ms, used_size=274432 bytes (0.7%)
(RDMA_READ_CONSUME_CHECK_CONSUMER) timestamp=2083 ms, used_size=272384 bytes (0.7%)
(RDMA_READ_CONSUME_CHECK_CONSUMER) timestamp=2083 ms, used_size=270336 bytes (0.7%)
(RDMA_READ_CONSUME_CHECK_CONSUMER) timestamp=2083 ms, used_size=268288 bytes (0.7%)
(RDMA_READ_CONSUME_CHECK_CONSUMER) timestamp=2083 ms, used_size=266240 bytes (0.7%)
(RDMA_READ_CONSUME_CHECK_CONSUMER) timestamp=2083 ms, used_size=264192 bytes (0.6%)
(RDMA_READ_CONSUME_CHECK_CONSUMER) timestamp=2083 ms, used_size=262144 bytes (0.6%)
(RDMA_READ_CONSUME_CHECK_CONSUMER) timestamp=2083 ms, used_size=260096 bytes (0.6%)
(RDMA_READ_CONSUME_CHECK_CONSUMER) timestamp=2083 ms, used_size=258048 bytes (0.6%)
(RDMA_READ_CONSUME_CHECK_CONSUMER) timestamp=2083 ms, used_size=256000 bytes (0.6%)
(RDMA_READ_CONSUME_CHECK_CONSUMER) timestamp=2083 ms, used_size=253952 bytes (0.6%)
(RDMA_READ_CONSUME_CHECK_CONSUMER) timestamp=2083 ms, used_size=251904 bytes (0.6%)
(RDMA_READ_CONSUME_CHECK_CONSUMER) timestamp=2083 ms, used_size=249856 bytes (0.6%)
(RDMA_READ_CONSUME_CHECK_CONSUMER) timestamp=2083 ms, used_size=247808 bytes (0.6%)
(RDMA_READ_CONSUME_CHECK_CONSUMER) timestamp=2083 ms, used_size=245760 bytes (0.6%)
(RDMA_READ_CONSUME_CHECK_CONSUMER) timestamp=2083 ms, used_size=243712 bytes (0.6%)
(RDMA_READ_CONSUME_CHECK_CONSUMER) timestamp=2083 ms, used_size=241664 bytes (0.6%)
(RDMA_READ_CONSUME_CHECK_CONSUMER) timestamp=2083 ms, used_size=239616 bytes (0.6%)
(RDMA_READ_CONSUME_CHECK_CONSUMER) timestamp=2083 ms, used_size=237568 bytes (0.6%)
(RDMA_READ_CONSUME_CHECK_CONSUMER) timestamp=2083 ms, used_size=235520 bytes (0.6%)
(RDMA_READ_CONSUME_CHECK_CONSUMER) timestamp=2083 ms, used_size=233472 bytes (0.6%)
(RDMA_READ_CONSUME_CHECK_CONSUMER) timestamp=2083 ms, used_size=231424 bytes (0.6%)
(RDMA_READ_CONSUME_CHECK_CONSUMER) timestamp=2083 ms, used_size=229376 bytes (0.6%)
(RDMA_READ_CONSUME_CHECK_CONSUMER) timestamp=2083 ms, used_size=227328 bytes (0.6%)
(RDMA_READ_CONSUME_CHECK_CONSUMER) timestamp=2083 ms, used_size=225280 bytes (0.6%)
(RDMA_READ_CONSUME_CHECK_CONSUMER) timestamp=2083 ms, used_size=223232 bytes (0.5%)
(RDMA_READ_CONSUME_CHECK_CONSUMER) timestamp=2083 ms, used_size=221184 bytes (0.5%)
(RDMA_READ_CONSUME_CHECK_CONSUMER) timestamp=2083 ms, used_size=219136 bytes (0.5%)
(RDMA_READ_CONSUME_CHECK_CONSUMER) timestamp=2083 ms, used_size=217088 bytes (0.5%)
(RDMA_READ_CONSUME_CHECK_CONSUMER) timestamp=2083 ms, used_size=215040 bytes (0.5%)
(RDMA_READ_CONSUME_CHECK_CONSUMER) timestamp=2083 ms, used_size=212992 bytes (0.5%)
(RDMA_READ_CONSUME_CHECK_CONSUMER) timestamp=2083 ms, used_size=210944 bytes (0.5%)
(RDMA_READ_CONSUME_CHECK_CONSUMER) timestamp=2083 ms, used_size=208896 bytes (0.5%)
(RDMA_READ_CONSUME_CHECK_CONSUMER) timestamp=2083 ms, used_size=206848 bytes (0.5%)
(RDMA_READ_CONSUME_CHECK_CONSUMER) timestamp=2083 ms, used_size=204800 bytes (0.5%)
(RDMA_READ_CONSUME_CHECK_CONSUMER) timestamp=2083 ms, used_size=202752 bytes (0.5%)
(RDMA_READ_CONSUME_CHECK_CONSUMER) timestamp=2083 ms, used_size=200704 bytes (0.5%)
(RDMA_READ_CONSUME_CHECK_CONSUMER) timestamp=2083 ms, used_size=198656 bytes (0.5%)
(RDMA_READ_CONSUME_CHECK_CONSUMER) timestamp=2083 ms, used_size=196608 bytes (0.5%)
(RDMA_READ_CONSUME_CHECK_CONSUMER) timestamp=2083 ms, used_size=194560 bytes (0.5%)
(RDMA_READ_CONSUME_CHECK_CONSUMER) timestamp=2083 ms, used_size=192512 bytes (0.5%)
(RDMA_READ_CONSUME_CHECK_CONSUMER) timestamp=2083 ms, used_size=190464 bytes (0.5%)
(RDMA_READ_CONSUME_CHECK_CONSUMER) timestamp=2083 ms, used_size=188416 bytes (0.5%)
(RDMA_READ_CONSUME_CHECK_CONSUMER) timestamp=2083 ms, used_size=186368 bytes (0.5%)
(RDMA_READ_CONSUME_CHECK_CONSUMER) timestamp=2083 ms, used_size=184320 bytes (0.5%)
(RDMA_READ_CONSUME_CHECK_CONSUMER) timestamp=2083 ms, used_size=182272 bytes (0.4%)
(RDMA_READ_CONSUME_CHECK_CONSUMER) timestamp=2083 ms, used_size=180224 bytes (0.4%)
(RDMA_READ_CONSUME_CHECK_CONSUMER) timestamp=2084 ms, used_size=178176 bytes (0.4%)
(RDMA_READ_CONSUME_CHECK_CONSUMER) timestamp=2084 ms, used_size=176128 bytes (0.4%)
(RDMA_READ_CONSUME_CHECK_CONSUMER) timestamp=2084 ms, used_size=174080 bytes (0.4%)
(RDMA_READ_CONSUME_CHECK_CONSUMER) timestamp=2084 ms, used_size=172032 bytes (0.4%)
(RDMA_READ_CONSUME_CHECK_CONSUMER) timestamp=2084 ms, used_size=169984 bytes (0.4%)
(RDMA_READ_CONSUME_CHECK_CONSUMER) timestamp=2084 ms, used_size=167936 bytes (0.4%)
(RDMA_READ_CONSUME_CHECK_CONSUMER) timestamp=2084 ms, used_size=165888 bytes (0.4%)
(RDMA_READ_CONSUME_CHECK_CONSUMER) timestamp=2084 ms, used_size=163840 bytes (0.4%)
(RDMA_READ_CONSUME_CHECK_CONSUMER) timestamp=2084 ms, used_size=161792 bytes (0.4%)
(RDMA_READ_CONSUME_CHECK_CONSUMER) timestamp=2084 ms, used_size=159744 bytes (0.4%)
(RDMA_READ_CONSUME_CHECK_CONSUMER) timestamp=2084 ms, used_size=157696 bytes (0.4%)
(RDMA_READ_CONSUME_CHECK_CONSUMER) timestamp=2084 ms, used_size=155648 bytes (0.4%)
(RDMA_READ_CONSUME_CHECK_CONSUMER) timestamp=2084 ms, used_size=153600 bytes (0.4%)
(RDMA_READ_CONSUME_CHECK_CONSUMER) timestamp=2084 ms, used_size=151552 bytes (0.4%)
(RDMA_READ_CONSUME_CHECK_CONSUMER) timestamp=2084 ms, used_size=149504 bytes (0.4%)
(RDMA_READ_CONSUME_CHECK_CONSUMER) timestamp=2084 ms, used_size=147456 bytes (0.4%)
(RDMA_READ_CONSUME_CHECK_CONSUMER) timestamp=2084 ms, used_size=145408 bytes (0.4%)
(RDMA_READ_CONSUME_CHECK_CONSUMER) timestamp=2084 ms, used_size=143360 bytes (0.3%)
(RDMA_READ_CONSUME_CHECK_CONSUMER) timestamp=2084 ms, used_size=141312 bytes (0.3%)
(RDMA_READ_CONSUME_CHECK_CONSUMER) timestamp=2084 ms, used_size=139264 bytes (0.3%)
(RDMA_READ_CONSUME_CHECK_CONSUMER) timestamp=2084 ms, used_size=137216 bytes (0.3%)
(RDMA_READ_CONSUME_CHECK_CONSUMER) timestamp=2084 ms, used_size=135168 bytes (0.3%)
(RDMA_READ_CONSUME_CHECK_CONSUMER) timestamp=2084 ms, used_size=133120 bytes (0.3%)
(RDMA_READ_CONSUME_CHECK_CONSUMER) timestamp=2084 ms, used_size=131072 bytes (0.3%)
(RDMA_READ_CONSUME_CHECK_CONSUMER) timestamp=2084 ms, used_size=129024 bytes (0.3%)
(RDMA_READ_CONSUME_CHECK_CONSUMER) timestamp=2084 ms, used_size=126976 bytes (0.3%)
(RDMA_READ_CONSUME_CHECK_CONSUMER) timestamp=2084 ms, used_size=124928 bytes (0.3%)
(RDMA_READ_CONSUME_CHECK_CONSUMER) timestamp=2084 ms, used_size=122880 bytes (0.3%)
(RDMA_READ_CONSUME_CHECK_CONSUMER) timestamp=2084 ms, used_size=120832 bytes (0.3%)
(RDMA_READ_CONSUME_CHECK_CONSUMER) timestamp=2084 ms, used_size=118784 bytes (0.3%)
(RDMA_READ_CONSUME_CHECK_CONSUMER) timestamp=2084 ms, used_size=116736 bytes (0.3%)
(RDMA_READ_CONSUME_CHECK_CONSUMER) timestamp=2084 ms, used_size=114688 bytes (0.3%)
(RDMA_READ_CONSUME_CHECK_CONSUMER) timestamp=2084 ms, used_size=112640 bytes (0.3%)
(RDMA_READ_CONSUME_CHECK_CONSUMER) timestamp=2084 ms, used_size=110592 bytes (0.3%)
(RDMA_READ_CONSUME_CHECK_CONSUMER) timestamp=2084 ms, used_size=108544 bytes (0.3%)
(RDMA_READ_CONSUME_CHECK_CONSUMER) timestamp=2084 ms, used_size=106496 bytes (0.3%)
(RDMA_READ_CONSUME_CHECK_CONSUMER) timestamp=2084 ms, used_size=104448 bytes (0.3%)
(RDMA_READ_CONSUME_CHECK_CONSUMER) timestamp=2084 ms, used_size=102400 bytes (0.2%)
(RDMA_READ_CONSUME_CHECK_CONSUMER) timestamp=2084 ms, used_size=100352 bytes (0.2%)
(RDMA_READ_CONSUME_CHECK_CONSUMER) timestamp=2084 ms, used_size=98304 bytes (0.2%)
(RDMA_READ_CONSUME_CHECK_CONSUMER) timestamp=2084 ms, used_size=96256 bytes (0.2%)
(RDMA_READ_CONSUME_CHECK_CONSUMER) timestamp=2084 ms, used_size=94208 bytes (0.2%)
(RDMA_READ_CONSUME_CHECK_CONSUMER) timestamp=2084 ms, used_size=92160 bytes (0.2%)
(RDMA_READ_CONSUME_CHECK_CONSUMER) timestamp=2084 ms, used_size=90112 bytes (0.2%)
(RDMA_READ_CONSUME_CHECK_CONSUMER) timestamp=2084 ms, used_size=88064 bytes (0.2%)
(RDMA_READ_CONSUME_CHECK_CONSUMER) timestamp=2084 ms, used_size=86016 bytes (0.2%)
(RDMA_READ_CONSUME_CHECK_CONSUMER) timestamp=2084 ms, used_size=83968 bytes (0.2%)
(RDMA_READ_CONSUME_CHECK_CONSUMER) timestamp=2084 ms, used_size=81920 bytes (0.2%)
(RDMA_READ_CONSUME_CHECK_CONSUMER) timestamp=2084 ms, used_size=79872 bytes (0.2%)
(RDMA_READ_CONSUME_CHECK_CONSUMER) timestamp=2084 ms, used_size=77824 bytes (0.2%)
(RDMA_READ_CONSUME_CHECK_CONSUMER) timestamp=2084 ms, used_size=75776 bytes (0.2%)
(RDMA_READ_CONSUME_CHECK_CONSUMER) timestamp=2084 ms, used_size=73728 bytes (0.2%)
(RDMA_READ_CONSUME_CHECK_CONSUMER) timestamp=2084 ms, used_size=71680 bytes (0.2%)
(RDMA_READ_CONSUME_CHECK_CONSUMER) timestamp=2084 ms, used_size=69632 bytes (0.2%)
(RDMA_READ_CONSUME_CHECK_CONSUMER) timestamp=2084 ms, used_size=67584 bytes (0.2%)
(RDMA_READ_CONSUME_CHECK_CONSUMER) timestamp=2084 ms, used_size=65536 bytes (0.2%)
(RDMA_READ_CONSUME_CHECK_CONSUMER) timestamp=2084 ms, used_size=63488 bytes (0.2%)
(RDMA_READ_CONSUME_CHECK_CONSUMER) timestamp=2084 ms, used_size=61440 bytes (0.1%)
(RDMA_READ_CONSUME_CHECK_CONSUMER) timestamp=2084 ms, used_size=59392 bytes (0.1%)
(RDMA_READ_CONSUME_CHECK_CONSUMER) timestamp=2084 ms, used_size=57344 bytes (0.1%)
(RDMA_READ_CONSUME_CHECK_CONSUMER) timestamp=2084 ms, used_size=55296 bytes (0.1%)
(RDMA_READ_CONSUME_CHECK_CONSUMER) timestamp=2084 ms, used_size=53248 bytes (0.1%)
(RDMA_READ_CONSUME_CHECK_CONSUMER) timestamp=2084 ms, used_size=51200 bytes (0.1%)
(RDMA_READ_CONSUME_CHECK_CONSUMER) timestamp=2084 ms, used_size=49152 bytes (0.1%)
(RDMA_READ_CONSUME_CHECK_CONSUMER) timestamp=2084 ms, used_size=47104 bytes (0.1%)
(RDMA_READ_CONSUME_CHECK_CONSUMER) timestamp=2084 ms, used_size=45056 bytes (0.1%)
(RDMA_READ_CONSUME_CHECK_CONSUMER) timestamp=2084 ms, used_size=43008 bytes (0.1%)
(RDMA_READ_CONSUME_CHECK_CONSUMER) timestamp=2084 ms, used_size=40960 bytes (0.1%)
(RDMA_READ_CONSUME_CHECK_CONSUMER) timestamp=2084 ms, used_size=38912 bytes (0.1%)
(RDMA_READ_CONSUME_CHECK_CONSUMER) timestamp=2084 ms, used_size=36864 bytes (0.1%)
(RDMA_READ_CONSUME_CHECK_CONSUMER) timestamp=2084 ms, used_size=34816 bytes (0.1%)
(RDMA_READ_CONSUME_CHECK_CONSUMER) timestamp=2084 ms, used_size=32768 bytes (0.1%)
(RDMA_READ_CONSUME_CHECK_CONSUMER) timestamp=2084 ms, used_size=30720 bytes (0.1%)
(RDMA_READ_CONSUME_CHECK_CONSUMER) timestamp=2084 ms, used_size=28672 bytes (0.1%)
(RDMA_READ_CONSUME_CHECK_CONSUMER) timestamp=2084 ms, used_size=26624 bytes (0.1%)
(RDMA_READ_CONSUME_CHECK_CONSUMER) timestamp=2084 ms, used_size=24576 bytes (0.1%)
(RDMA_READ_CONSUME_CHECK_CONSUMER) timestamp=2084 ms, used_size=22528 bytes (0.1%)
(RDMA_READ_CONSUME_CHECK_CONSUMER) timestamp=2084 ms, used_size=20480 bytes (0.1%)
(RDMA_READ_CONSUME_CHECK_CONSUMER) timestamp=2084 ms, used_size=18432 bytes (0.0%)
(RDMA_READ_CONSUME_CHECK_CONSUMER) timestamp=2084 ms, used_size=16384 bytes (0.0%)
(RDMA_READ_CONSUME_CHECK_CONSUMER) timestamp=2084 ms, used_size=14336 bytes (0.0%)
(RDMA_READ_CONSUME_CHECK_CONSUMER) timestamp=2084 ms, used_size=12288 bytes (0.0%)
(RDMA_READ_CONSUME_CHECK_CONSUMER) timestamp=2084 ms, used_size=10240 bytes (0.0%)
(RDMA_READ_CONSUME_CHECK_CONSUMER) timestamp=2084 ms, used_size=8192 bytes (0.0%)
(RDMA_READ_CONSUME_CHECK_CONSUMER) timestamp=2084 ms, used_size=6144 bytes (0.0%)
(RDMA_READ_CONSUME_CHECK_CONSUMER) timestamp=2084 ms, used_size=4096 bytes (0.0%)
(RDMA_READ_CONSUME_CHECK_CONSUMER) timestamp=2084 ms, used_size=2048 bytes (0.0%)
(RDMA_READ_CONSUME_CHECK_CONSUMER) timestamp=2084 ms, used_size=0 bytes (0.0%)
(RDMA_READ_CONSUME_CHECK) Cycle 2, Batch 1: CRC32 OK (0xbeaa30f3), 8192 messages verified
(RDMA_READ_CONSUME_CHECK_CONSUMER) timestamp=2084 ms, used_size=16775168 bytes (41.0%)
(RDMA_READ_CONSUME_CHECK_CONSUMER) timestamp=2385 ms, used_size=16773120 bytes (41.0%)
(RDMA_READ_CONSUME_CHECK_CONSUMER) timestamp=2385 ms, used_size=16771072 bytes (40.9%)
(RDMA_READ_CONSUME_CHECK_CONSUMER) timestamp=2385 ms, used_size=16769024 bytes (40.9%)
(RDMA_READ_CONSUME_CHECK_CONSUMER) timestamp=2385 ms, used_size=16766976 bytes (40.9%)
(RDMA_READ_CONSUME_CHECK_CONSUMER) timestamp=2385 ms, used_size=16764928 bytes (40.9%)
(RDMA_READ_CONSUME_CHECK_CONSUMER) timestamp=2385 ms, used_size=16762880 bytes (40.9%)
(RDMA_READ_CONSUME_CHECK_CONSUMER) timestamp=2385 ms, used_size=16760832 bytes (40.9%)
(RDMA_READ_CONSUME_CHECK_CONSUMER) timestamp=2385 ms, used_size=16758784 bytes (40.9%)
(RDMA_READ_CONSUME_CHECK_CONSUMER) timestamp=2385 ms, used_size=16756736 bytes (40.9%)
(RDMA_READ_CONSUME_CHECK_CONSUMER) timestamp=2385 ms, used_size=16754688 bytes (40.9%)
(RDMA_READ_CONSUME_CHECK_CONSUMER) timestamp=2385 ms, used_size=16752640 bytes (40.9%)
(RDMA_READ_CONSUME_CHECK_CONSUMER) timestamp=2385 ms, used_size=16750592 bytes (40.9%)
(RDMA_READ_CONSUME_CHECK_CONSUMER) timestamp=2385 ms, used_size=16748544 bytes (40.9%)
(RDMA_READ_CONSUME_CHECK_CONSUMER) timestamp=2385 ms, used_size=16746496 bytes (40.9%)
(RDMA_READ_CONSUME_CHECK_CONSUMER) timestamp=2385 ms, used_size=16744448 bytes (40.9%)
(RDMA_READ_CONSUME_CHECK_CONSUMER) timestamp=2385 ms, used_size=16742400 bytes (40.9%)
(RDMA_READ_CONSUME_CHECK_CONSUMER) timestamp=2385 ms, used_size=16740352 bytes (40.9%)
(RDMA_READ_CONSUME_CHECK_CONSUMER) timestamp=2385 ms, used_size=16738304 bytes (40.9%)
(RDMA_READ_CONSUME_CHECK_CONSUMER) timestamp=2385 ms, used_size=16736256 bytes (40.9%)
(RDMA_READ_CONSUME_CHECK_CONSUMER) timestamp=2385 ms, used_size=16734208 bytes (40.9%)
(RDMA_READ_CONSUME_CHECK_CONSUMER) timestamp=2385 ms, used_size=16732160 bytes (40.9%)
(RDMA_READ_CONSUME_CHECK_CONSUMER) timestamp=2385 ms, used_size=16730112 bytes (40.8%)
(RDMA_READ_CONSUME_CHECK_CONSUMER) timestamp=2385 ms, used_size=16728064 bytes (40.8%)
(RDMA_READ_CONSUME_CHECK_CONSUMER) timestamp=2385 ms, used_size=16726016 bytes (40.8%)
(RDMA_READ_CONSUME_CHECK_CONSUMER) timestamp=2385 ms, used_size=16723968 bytes (40.8%)
(RDMA_READ_CONSUME_CHECK_CONSUMER) timestamp=2385 ms, used_size=16721920 bytes (40.8%)
(RDMA_READ_CONSUME_CHECK_CONSUMER) timestamp=2385 ms, used_size=16719872 bytes (40.8%)
(RDMA_READ_CONSUME_CHECK_CONSUMER) timestamp=2385 ms, used_size=16717824 bytes (40.8%)
(RDMA_READ_CONSUME_CHECK_CONSUMER) timestamp=2385 ms, used_size=16715776 bytes (40.8%)
(RDMA_READ_CONSUME_CHECK_CONSUMER) timestamp=2385 ms, used_size=16713728 bytes (40.8%)
(RDMA_READ_CONSUME_CHECK_CONSUMER) timestamp=2385 ms, used_size=16711680 bytes (40.8%)
(RDMA_READ_CONSUME_CHECK_CONSUMER) timestamp=2385 ms, used_size=16709632 bytes (40.8%)
(RDMA_READ_CONSUME_CHECK_CONSUMER) timestamp=2385 ms, used_size=16707584 bytes (40.8%)
(RDMA_READ_CONSUME_CHECK_CONSUMER) timestamp=2385 ms, used_size=16705536 bytes (40.8%)
(RDMA_READ_CONSUME_CHECK_CONSUMER) timestamp=2385 ms, used_size=16703488 bytes (40.8%)
(RDMA_READ_CONSUME_CHECK_CONSUMER) timestamp=2385 ms, used_size=16701440 bytes (40.8%)
(RDMA_READ_CONSUME_CHECK_CONSUMER) timestamp=2385 ms, used_size=16699392 bytes (40.8%)
(RDMA_READ_CONSUME_CHECK_CONSUMER) timestamp=2385 ms, used_size=16697344 bytes (40.8%)
(RDMA_READ_CONSUME_CHECK_CONSUMER) timestamp=2385 ms, used_size=16695296 bytes (40.8%)
(RDMA_READ_CONSUME_CHECK_CONSUMER) timestamp=2385 ms, used_size=16693248 bytes (40.8%)
(RDMA_READ_CONSUME_CHECK_CONSUMER) timestamp=2385 ms, used_size=16691200 bytes (40.8%)
(RDMA_READ_CONSUME_CHECK_CONSUMER) timestamp=2385 ms, used_size=16689152 bytes (40.7%)
(RDMA_READ_CONSUME_CHECK_CONSUMER) timestamp=2385 ms, used_size=16687104 bytes (40.7%)
(RDMA_READ_CONSUME_CHECK_CONSUMER) timestamp=2385 ms, used_size=16685056 bytes (40.7%)
(RDMA_READ_CONSUME_CHECK_CONSUMER) timestamp=2385 ms, used_size=16683008 bytes (40.7%)
(RDMA_READ_CONSUME_CHECK_CONSUMER) timestamp=2385 ms, used_size=16680960 bytes (40.7%)
(RDMA_READ_CONSUME_CHECK_CONSUMER) timestamp=2385 ms, used_size=16678912 bytes (40.7%)
(RDMA_READ_CONSUME_CHECK_CONSUMER) timestamp=2385 ms, used_size=16676864 bytes (40.7%)
(RDMA_READ_CONSUME_CHECK_CONSUMER) timestamp=2385 ms, used_size=16674816 bytes (40.7%)
(RDMA_READ_CONSUME_CHECK_CONSUMER) timestamp=2385 ms, used_size=16672768 bytes (40.7%)
(RDMA_READ_CONSUME_CHECK_CONSUMER) timestamp=2385 ms, used_size=16670720 bytes (40.7%)
(RDMA_READ_CONSUME_CHECK_CONSUMER) timestamp=2385 ms, used_size=16668672 bytes (40.7%)
(RDMA_READ_CONSUME_CHECK_CONSUMER) timestamp=2385 ms, used_size=16666624 bytes (40.7%)
(RDMA_READ_CONSUME_CHECK_CONSUMER) timestamp=2385 ms, used_size=16664576 bytes (40.7%)
(RDMA_READ_CONSUME_CHECK_CONSUMER) timestamp=2385 ms, used_size=16662528 bytes (40.7%)
(RDMA_READ_CONSUME_CHECK_CONSUMER) timestamp=2385 ms, used_size=16660480 bytes (40.7%)
(RDMA_READ_CONSUME_CHECK_CONSUMER) timestamp=2385 ms, used_size=16658432 bytes (40.7%)
(RDMA_READ_CONSUME_CHECK_CONSUMER) timestamp=2385 ms, used_size=16656384 bytes (40.7%)
(RDMA_READ_CONSUME_CHECK_CONSUMER) timestamp=2385 ms, used_size=16654336 bytes (40.7%)
(RDMA_READ_CONSUME_CHECK_CONSUMER) timestamp=2385 ms, used_size=16652288 bytes (40.7%)
(RDMA_READ_CONSUME_CHECK_CONSUMER) timestamp=2385 ms, used_size=16650240 bytes (40.6%)
(RDMA_READ_CONSUME_CHECK_CONSUMER) timestamp=2385 ms, used_size=16648192 bytes (40.6%)
(RDMA_READ_CONSUME_CHECK_CONSUMER) timestamp=2385 ms, used_size=16646144 bytes (40.6%)
(RDMA_READ_CONSUME_CHECK_CONSUMER) timestamp=2385 ms, used_size=16644096 bytes (40.6%)
(RDMA_READ_CONSUME_CHECK_CONSUMER) timestamp=2385 ms, used_size=16642048 bytes (40.6%)
(RDMA_READ_CONSUME_CHECK_CONSUMER) timestamp=2385 ms, used_size=16640000 bytes (40.6%)
(RDMA_READ_CONSUME_CHECK_CONSUMER) timestamp=2385 ms, used_size=16637952 bytes (40.6%)
(RDMA_READ_CONSUME_CHECK_CONSUMER) timestamp=2385 ms, used_size=16635904 bytes (40.6%)
(RDMA_READ_CONSUME_CHECK_CONSUMER) timestamp=2385 ms, used_size=16633856 bytes (40.6%)
(RDMA_READ_CONSUME_CHECK_CONSUMER) timestamp=2385 ms, used_size=16631808 bytes (40.6%)
(RDMA_READ_CONSUME_CHECK_CONSUMER) timestamp=2385 ms, used_size=16629760 bytes (40.6%)
(RDMA_READ_CONSUME_CHECK_CONSUMER) timestamp=2385 ms, used_size=16627712 bytes (40.6%)
(RDMA_READ_CONSUME_CHECK_CONSUMER) timestamp=2385 ms, used_size=16625664 bytes (40.6%)
(RDMA_READ_CONSUME_CHECK_CONSUMER) timestamp=2385 ms, used_size=16623616 bytes (40.6%)
(RDMA_READ_CONSUME_CHECK_CONSUMER) timestamp=2385 ms, used_size=16621568 bytes (40.6%)
(RDMA_READ_CONSUME_CHECK_CONSUMER) timestamp=2385 ms, used_size=16619520 bytes (40.6%)
(RDMA_READ_CONSUME_CHECK_CONSUMER) timestamp=2385 ms, used_size=16617472 bytes (40.6%)
(RDMA_READ_CONSUME_CHECK_CONSUMER) timestamp=2385 ms, used_size=16615424 bytes (40.6%)
(RDMA_READ_CONSUME_CHECK_CONSUMER) timestamp=2385 ms, used_size=16613376 bytes (40.6%)
(RDMA_READ_CONSUME_CHECK_CONSUMER) timestamp=2385 ms, used_size=16611328 bytes (40.6%)
(RDMA_READ_CONSUME_CHECK_CONSUMER) timestamp=2385 ms, used_size=16609280 bytes (40.5%)
(RDMA_READ_CONSUME_CHECK_CONSUMER) timestamp=2385 ms, used_size=16607232 bytes (40.5%)
(RDMA_READ_CONSUME_CHECK_CONSUMER) timestamp=2385 ms, used_size=16605184 bytes (40.5%)
(RDMA_READ_CONSUME_CHECK_CONSUMER) timestamp=2385 ms, used_size=16603136 bytes (40.5%)
(RDMA_READ_CONSUME_CHECK_CONSUMER) timestamp=2386 ms, used_size=16601088 bytes (40.5%)
(RDMA_READ_CONSUME_CHECK_CONSUMER) timestamp=2386 ms, used_size=16599040 bytes (40.5%)
(RDMA_READ_CONSUME_CHECK_CONSUMER) timestamp=2386 ms, used_size=16596992 bytes (40.5%)
(RDMA_READ_CONSUME_CHECK_CONSUMER) timestamp=2386 ms, used_size=16594944 bytes (40.5%)
(RDMA_READ_CONSUME_CHECK_CONSUMER) timestamp=2386 ms, used_size=16592896 bytes (40.5%)
(RDMA_READ_CONSUME_CHECK_CONSUMER) timestamp=2386 ms, used_size=16590848 bytes (40.5%)
(RDMA_READ_CONSUME_CHECK_CONSUMER) timestamp=2386 ms, used_size=16588800 bytes (40.5%)
(RDMA_READ_CONSUME_CHECK_CONSUMER) timestamp=2386 ms, used_size=16586752 bytes (40.5%)
(RDMA_READ_CONSUME_CHECK_CONSUMER) timestamp=2386 ms, used_size=16584704 bytes (40.5%)
(RDMA_READ_CONSUME_CHECK_CONSUMER) timestamp=2386 ms, used_size=16582656 bytes (40.5%)
(RDMA_READ_CONSUME_CHECK_CONSUMER) timestamp=2386 ms, used_size=16580608 bytes (40.5%)
(RDMA_READ_CONSUME_CHECK_CONSUMER) timestamp=2386 ms, used_size=16578560 bytes (40.5%)
(RDMA_READ_CONSUME_CHECK_CONSUMER) timestamp=2386 ms, used_size=16576512 bytes (40.5%)
(RDMA_READ_CONSUME_CHECK_CONSUMER) timestamp=2386 ms, used_size=16574464 bytes (40.5%)
(RDMA_READ_CONSUME_CHECK_CONSUMER) timestamp=2386 ms, used_size=16572416 bytes (40.5%)
(RDMA_READ_CONSUME_CHECK_CONSUMER) timestamp=2386 ms, used_size=16570368 bytes (40.5%)
(RDMA_READ_CONSUME_CHECK_CONSUMER) timestamp=2386 ms, used_size=16568320 bytes (40.5%)
(RDMA_READ_CONSUME_CHECK_CONSUMER) timestamp=2386 ms, used_size=16566272 bytes (40.4%)
(RDMA_READ_CONSUME_CHECK_CONSUMER) timestamp=2386 ms, used_size=16564224 bytes (40.4%)
(RDMA_READ_CONSUME_CHECK_CONSUMER) timestamp=2386 ms, used_size=16562176 bytes (40.4%)
(RDMA_READ_CONSUME_CHECK_CONSUMER) timestamp=2386 ms, used_size=16560128 bytes (40.4%)
(RDMA_READ_CONSUME_CHECK_CONSUMER) timestamp=2386 ms, used_size=16558080 bytes (40.4%)
(RDMA_READ_CONSUME_CHECK_CONSUMER) timestamp=2386 ms, used_size=16556032 bytes (40.4%)
(RDMA_READ_CONSUME_CHECK_CONSUMER) timestamp=2386 ms, used_size=16553984 bytes (40.4%)
(RDMA_READ_CONSUME_CHECK_CONSUMER) timestamp=2386 ms, used_size=16551936 bytes (40.4%)
(RDMA_READ_CONSUME_CHECK_CONSUMER) timestamp=2386 ms, used_size=16549888 bytes (40.4%)
(RDMA_READ_CONSUME_CHECK_CONSUMER) timestamp=2386 ms, used_size=16547840 bytes (40.4%)
(RDMA_READ_CONSUME_CHECK_CONSUMER) timestamp=2386 ms, used_size=16545792 bytes (40.4%)
(RDMA_READ_CONSUME_CHECK_CONSUMER) timestamp=2386 ms, used_size=16543744 bytes (40.4%)
(RDMA_READ_CONSUME_CHECK_CONSUMER) timestamp=2386 ms, used_size=16541696 bytes (40.4%)
(RDMA_READ_CONSUME_CHECK_CONSUMER) timestamp=2386 ms, used_size=16539648 bytes (40.4%)
(RDMA_READ_CONSUME_CHECK_CONSUMER) timestamp=2386 ms, used_size=16537600 bytes (40.4%)
(RDMA_READ_CONSUME_CHECK_CONSUMER) timestamp=2386 ms, used_size=16535552 bytes (40.4%)
(RDMA_READ_CONSUME_CHECK_CONSUMER) timestamp=2386 ms, used_size=16533504 bytes (40.4%)
(RDMA_READ_CONSUME_CHECK_CONSUMER) timestamp=2386 ms, used_size=16531456 bytes (40.4%)
(RDMA_READ_CONSUME_CHECK_CONSUMER) timestamp=2386 ms, used_size=16529408 bytes (40.4%)
(RDMA_READ_CONSUME_CHECK_CONSUMER) timestamp=2386 ms, used_size=16527360 bytes (40.4%)
(RDMA_READ_CONSUME_CHECK_CONSUMER) timestamp=2386 ms, used_size=16525312 bytes (40.3%)
(RDMA_READ_CONSUME_CHECK_CONSUMER) timestamp=2386 ms, used_size=16523264 bytes (40.3%)
(RDMA_READ_CONSUME_CHECK_CONSUMER) timestamp=2386 ms, used_size=16521216 bytes (40.3%)
(RDMA_READ_CONSUME_CHECK_CONSUMER) timestamp=2386 ms, used_size=16519168 bytes (40.3%)
(RDMA_READ_CONSUME_CHECK_CONSUMER) timestamp=2386 ms, used_size=16517120 bytes (40.3%)
(RDMA_READ_CONSUME_CHECK_CONSUMER) timestamp=2386 ms, used_size=16515072 bytes (40.3%)
(RDMA_READ_CONSUME_CHECK_CONSUMER) timestamp=2386 ms, used_size=16513024 bytes (40.3%)
(RDMA_READ_CONSUME_CHECK_CONSUMER) timestamp=2386 ms, used_size=16510976 bytes (40.3%)
(RDMA_READ_CONSUME_CHECK_CONSUMER) timestamp=2386 ms, used_size=16508928 bytes (40.3%)
(RDMA_READ_CONSUME_CHECK_CONSUMER) timestamp=2386 ms, used_size=16506880 bytes (40.3%)
(RDMA_READ_CONSUME_CHECK_CONSUMER) timestamp=2386 ms, used_size=16504832 bytes (40.3%)
(RDMA_READ_CONSUME_CHECK_CONSUMER) timestamp=2386 ms, used_size=16502784 bytes (40.3%)
(RDMA_READ_CONSUME_CHECK_CONSUMER) timestamp=2386 ms, used_size=16500736 bytes (40.3%)
(RDMA_READ_CONSUME_CHECK_CONSUMER) timestamp=2386 ms, used_size=16498688 bytes (40.3%)
(RDMA_READ_CONSUME_CHECK_CONSUMER) timestamp=2386 ms, used_size=16496640 bytes (40.3%)
(RDMA_READ_CONSUME_CHECK_CONSUMER) timestamp=2386 ms, used_size=16494592 bytes (40.3%)
(RDMA_READ_CONSUME_CHECK_CONSUMER) timestamp=2386 ms, used_size=16492544 bytes (40.3%)
(RDMA_READ_CONSUME_CHECK_CONSUMER) timestamp=2386 ms, used_size=16490496 bytes (40.3%)
(RDMA_READ_CONSUME_CHECK_CONSUMER) timestamp=2386 ms, used_size=16488448 bytes (40.3%)
(RDMA_READ_CONSUME_CHECK_CONSUMER) timestamp=2386 ms, used_size=16486400 bytes (40.2%)
(RDMA_READ_CONSUME_CHECK_CONSUMER) timestamp=2386 ms, used_size=16484352 bytes (40.2%)
(RDMA_READ_CONSUME_CHECK_CONSUMER) timestamp=2386 ms, used_size=16482304 bytes (40.2%)
(RDMA_READ_CONSUME_CHECK_CONSUMER) timestamp=2386 ms, used_size=16480256 bytes (40.2%)
(RDMA_READ_CONSUME_CHECK_CONSUMER) timestamp=2386 ms, used_size=16478208 bytes (40.2%)
(RDMA_READ_CONSUME_CHECK_CONSUMER) timestamp=2386 ms, used_size=16476160 bytes (40.2%)
(RDMA_READ_CONSUME_CHECK_CONSUMER) timestamp=2386 ms, used_size=16474112 bytes (40.2%)
(RDMA_READ_CONSUME_CHECK_CONSUMER) timestamp=2386 ms, used_size=16472064 bytes (40.2%)
(RDMA_READ_CONSUME_CHECK_CONSUMER) timestamp=2386 ms, used_size=16470016 bytes (40.2%)
(RDMA_READ_CONSUME_CHECK_CONSUMER) timestamp=2386 ms, used_size=16467968 bytes (40.2%)
(RDMA_READ_CONSUME_CHECK_CONSUMER) timestamp=2386 ms, used_size=16465920 bytes (40.2%)
(RDMA_READ_CONSUME_CHECK_CONSUMER) timestamp=2386 ms, used_size=16463872 bytes (40.2%)
(RDMA_READ_CONSUME_CHECK_CONSUMER) timestamp=2386 ms, used_size=16461824 bytes (40.2%)
(RDMA_READ_CONSUME_CHECK_CONSUMER) timestamp=2386 ms, used_size=16459776 bytes (40.2%)
(RDMA_READ_CONSUME_CHECK_CONSUMER) timestamp=2386 ms, used_size=16457728 bytes (40.2%)
(RDMA_READ_CONSUME_CHECK_CONSUMER) timestamp=2386 ms, used_size=16455680 bytes (40.2%)
(RDMA_READ_CONSUME_CHECK_CONSUMER) timestamp=2386 ms, used_size=16453632 bytes (40.2%)
(RDMA_READ_CONSUME_CHECK_CONSUMER) timestamp=2386 ms, used_size=16451584 bytes (40.2%)
(RDMA_READ_CONSUME_CHECK_CONSUMER) timestamp=2386 ms, used_size=16449536 bytes (40.2%)
(RDMA_READ_CONSUME_CHECK_CONSUMER) timestamp=2386 ms, used_size=16447488 bytes (40.2%)
(RDMA_READ_CONSUME_CHECK_CONSUMER) timestamp=2386 ms, used_size=16445440 bytes (40.1%)
(RDMA_READ_CONSUME_CHECK_CONSUMER) timestamp=2386 ms, used_size=16443392 bytes (40.1%)
(RDMA_READ_CONSUME_CHECK_CONSUMER) timestamp=2386 ms, used_size=16441344 bytes (40.1%)
(RDMA_READ_CONSUME_CHECK_CONSUMER) timestamp=2386 ms, used_size=16439296 bytes (40.1%)
(RDMA_READ_CONSUME_CHECK_CONSUMER) timestamp=2386 ms, used_size=16437248 bytes (40.1%)
(RDMA_READ_CONSUME_CHECK_CONSUMER) timestamp=2386 ms, used_size=16435200 bytes (40.1%)
(RDMA_READ_CONSUME_CHECK_CONSUMER) timestamp=2386 ms, used_size=16433152 bytes (40.1%)
(RDMA_READ_CONSUME_CHECK_CONSUMER) timestamp=2386 ms, used_size=16431104 bytes (40.1%)
(RDMA_READ_CONSUME_CHECK_CONSUMER) timestamp=2386 ms, used_size=16429056 bytes (40.1%)
(RDMA_READ_CONSUME_CHECK_CONSUMER) timestamp=2386 ms, used_size=16427008 bytes (40.1%)
(RDMA_READ_CONSUME_CHECK_CONSUMER) timestamp=2386 ms, used_size=16424960 bytes (40.1%)
(RDMA_READ_CONSUME_CHECK_CONSUMER) timestamp=2386 ms, used_size=16422912 bytes (40.1%)
(RDMA_READ_CONSUME_CHECK_CONSUMER) timestamp=2386 ms, used_size=16420864 bytes (40.1%)
(RDMA_READ_CONSUME_CHECK_CONSUMER) timestamp=2386 ms, used_size=16418816 bytes (40.1%)
(RDMA_READ_CONSUME_CHECK_CONSUMER) timestamp=2386 ms, used_size=16416768 bytes (40.1%)
(RDMA_READ_CONSUME_CHECK_CONSUMER) timestamp=2386 ms, used_size=16414720 bytes (40.1%)
(RDMA_READ_CONSUME_CHECK_CONSUMER) timestamp=2386 ms, used_size=16412672 bytes (40.1%)
(RDMA_READ_CONSUME_CHECK_CONSUMER) timestamp=2386 ms, used_size=16410624 bytes (40.1%)
(RDMA_READ_CONSUME_CHECK_CONSUMER) timestamp=2386 ms, used_size=16408576 bytes (40.1%)
(RDMA_READ_CONSUME_CHECK_CONSUMER) timestamp=2386 ms, used_size=16406528 bytes (40.1%)
(RDMA_READ_CONSUME_CHECK_CONSUMER) timestamp=2386 ms, used_size=16404480 bytes (40.0%)
(RDMA_READ_CONSUME_CHECK_CONSUMER) timestamp=2386 ms, used_size=16402432 bytes (40.0%)
(RDMA_READ_CONSUME_CHECK_CONSUMER) timestamp=2386 ms, used_size=16400384 bytes (40.0%)
(RDMA_READ_CONSUME_CHECK_CONSUMER) timestamp=2386 ms, used_size=16398336 bytes (40.0%)
(RDMA_READ_CONSUME_CHECK_CONSUMER) timestamp=2386 ms, used_size=16396288 bytes (40.0%)
(RDMA_READ_CONSUME_CHECK_CONSUMER) timestamp=2386 ms, used_size=16394240 bytes (40.0%)
(RDMA_READ_CONSUME_CHECK_CONSUMER) timestamp=2386 ms, used_size=16392192 bytes (40.0%)
(RDMA_READ_CONSUME_CHECK_CONSUMER) timestamp=2386 ms, used_size=16390144 bytes (40.0%)
(RDMA_READ_CONSUME_CHECK_CONSUMER) timestamp=2386 ms, used_size=16388096 bytes (40.0%)
(RDMA_READ_CONSUME_CHECK_CONSUMER) timestamp=2386 ms, used_size=16386048 bytes (40.0%)
(RDMA_READ_CONSUME_CHECK_CONSUMER) timestamp=2386 ms, used_size=16384000 bytes (40.0%)
(RDMA_READ_CONSUME_CHECK_CONSUMER) timestamp=2386 ms, used_size=16381952 bytes (40.0%)
(RDMA_READ_CONSUME_CHECK_CONSUMER) timestamp=2386 ms, used_size=16379904 bytes (40.0%)
(RDMA_READ_CONSUME_CHECK_CONSUMER) timestamp=2386 ms, used_size=16377856 bytes (40.0%)
(RDMA_READ_CONSUME_CHECK_CONSUMER) timestamp=2386 ms, used_size=16375808 bytes (40.0%)
(RDMA_READ_CONSUME_CHECK_CONSUMER) timestamp=2386 ms, used_size=16373760 bytes (40.0%)
(RDMA_READ_CONSUME_CHECK_CONSUMER) timestamp=2386 ms, used_size=16371712 bytes (40.0%)
(RDMA_READ_CONSUME_CHECK_CONSUMER) timestamp=2386 ms, used_size=16369664 bytes (40.0%)
(RDMA_READ_CONSUME_CHECK_CONSUMER) timestamp=2386 ms, used_size=16367616 bytes (40.0%)
(RDMA_READ_CONSUME_CHECK_CONSUMER) timestamp=2386 ms, used_size=16365568 bytes (40.0%)
(RDMA_READ_CONSUME_CHECK_CONSUMER) timestamp=2386 ms, used_size=16363520 bytes (40.0%)
(RDMA_READ_CONSUME_CHECK_CONSUMER) timestamp=2386 ms, used_size=16361472 bytes (39.9%)
(RDMA_READ_CONSUME_CHECK_CONSUMER) timestamp=2386 ms, used_size=16359424 bytes (39.9%)
(RDMA_READ_CONSUME_CHECK_CONSUMER) timestamp=2386 ms, used_size=16357376 bytes (39.9%)
(RDMA_READ_CONSUME_CHECK_CONSUMER) timestamp=2386 ms, used_size=16355328 bytes (39.9%)
(RDMA_READ_CONSUME_CHECK_CONSUMER) timestamp=2386 ms, used_size=16353280 bytes (39.9%)
(RDMA_READ_CONSUME_CHECK_CONSUMER) timestamp=2386 ms, used_size=16351232 bytes (39.9%)
(RDMA_READ_CONSUME_CHECK_CONSUMER) timestamp=2386 ms, used_size=16349184 bytes (39.9%)
(RDMA_READ_CONSUME_CHECK_CONSUMER) timestamp=2386 ms, used_size=16347136 bytes (39.9%)
(RDMA_READ_CONSUME_CHECK_CONSUMER) timestamp=2386 ms, used_size=16345088 bytes (39.9%)
(RDMA_READ_CONSUME_CHECK_CONSUMER) timestamp=2386 ms, used_size=16343040 bytes (39.9%)
(RDMA_READ_CONSUME_CHECK_CONSUMER) timestamp=2386 ms, used_size=16340992 bytes (39.9%)
(RDMA_READ_CONSUME_CHECK_CONSUMER) timestamp=2386 ms, used_size=16338944 bytes (39.9%)
(RDMA_READ_CONSUME_CHECK_CONSUMER) timestamp=2386 ms, used_size=16336896 bytes (39.9%)
(RDMA_READ_CONSUME_CHECK_CONSUMER) timestamp=2386 ms, used_size=16334848 bytes (39.9%)
(RDMA_READ_CONSUME_CHECK_CONSUMER) timestamp=2386 ms, used_size=16332800 bytes (39.9%)
(RDMA_READ_CONSUME_CHECK_CONSUMER) timestamp=2386 ms, used_size=16330752 bytes (39.9%)
(RDMA_READ_CONSUME_CHECK_CONSUMER) timestamp=2386 ms, used_size=16328704 bytes (39.9%)
(RDMA_READ_CONSUME_CHECK_CONSUMER) timestamp=2386 ms, used_size=16326656 bytes (39.9%)
(RDMA_READ_CONSUME_CHECK_CONSUMER) timestamp=2386 ms, used_size=16324608 bytes (39.9%)
(RDMA_READ_CONSUME_CHECK_CONSUMER) timestamp=2386 ms, used_size=16322560 bytes (39.9%)
(RDMA_READ_CONSUME_CHECK_CONSUMER) timestamp=2386 ms, used_size=16320512 bytes (39.8%)
(RDMA_READ_CONSUME_CHECK_CONSUMER) timestamp=2386 ms, used_size=16318464 bytes (39.8%)
(RDMA_READ_CONSUME_CHECK_CONSUMER) timestamp=2386 ms, used_size=16316416 bytes (39.8%)
(RDMA_READ_CONSUME_CHECK_CONSUMER) timestamp=2386 ms, used_size=16314368 bytes (39.8%)
(RDMA_READ_CONSUME_CHECK_CONSUMER) timestamp=2386 ms, used_size=16312320 bytes (39.8%)
(RDMA_READ_CONSUME_CHECK_CONSUMER) timestamp=2386 ms, used_size=16310272 bytes (39.8%)
(RDMA_READ_CONSUME_CHECK_CONSUMER) timestamp=2386 ms, used_size=16308224 bytes (39.8%)
(RDMA_READ_CONSUME_CHECK_CONSUMER) timestamp=2386 ms, used_size=16306176 bytes (39.8%)
(RDMA_READ_CONSUME_CHECK_CONSUMER) timestamp=2386 ms, used_size=16304128 bytes (39.8%)
(RDMA_READ_CONSUME_CHECK_CONSUMER) timestamp=2386 ms, used_size=16302080 bytes (39.8%)
(RDMA_READ_CONSUME_CHECK_CONSUMER) timestamp=2386 ms, used_size=16300032 bytes (39.8%)
(RDMA_READ_CONSUME_CHECK_CONSUMER) timestamp=2386 ms, used_size=16297984 bytes (39.8%)
(RDMA_READ_CONSUME_CHECK_CONSUMER) timestamp=2386 ms, used_size=16295936 bytes (39.8%)
(RDMA_READ_CONSUME_CHECK_CONSUMER) timestamp=2386 ms, used_size=16293888 bytes (39.8%)
(RDMA_READ_CONSUME_CHECK_CONSUMER) timestamp=2386 ms, used_size=16291840 bytes (39.8%)
(RDMA_READ_CONSUME_CHECK_CONSUMER) timestamp=2386 ms, used_size=16289792 bytes (39.8%)
(RDMA_READ_CONSUME_CHECK_CONSUMER) timestamp=2386 ms, used_size=16287744 bytes (39.8%)
(RDMA_READ_CONSUME_CHECK_CONSUMER) timestamp=2386 ms, used_size=16285696 bytes (39.8%)
(RDMA_READ_CONSUME_CHECK_CONSUMER) timestamp=2386 ms, used_size=16283648 bytes (39.8%)
(RDMA_READ_CONSUME_CHECK_CONSUMER) timestamp=2386 ms, used_size=16281600 bytes (39.8%)
(RDMA_READ_CONSUME_CHECK_CONSUMER) timestamp=2386 ms, used_size=16279552 bytes (39.7%)
(RDMA_READ_CONSUME_CHECK_CONSUMER) timestamp=2386 ms, used_size=16277504 bytes (39.7%)
(RDMA_READ_CONSUME_CHECK_CONSUMER) timestamp=2386 ms, used_size=16275456 bytes (39.7%)
(RDMA_READ_CONSUME_CHECK_CONSUMER) timestamp=2386 ms, used_size=16273408 bytes (39.7%)
(RDMA_READ_CONSUME_CHECK_CONSUMER) timestamp=2386 ms, used_size=16271360 bytes (39.7%)
(RDMA_READ_CONSUME_CHECK_CONSUMER) timestamp=2386 ms, used_size=16269312 bytes (39.7%)
(RDMA_READ_CONSUME_CHECK_CONSUMER) timestamp=2386 ms, used_size=16267264 bytes (39.7%)
(RDMA_READ_CONSUME_CHECK_CONSUMER) timestamp=2386 ms, used_size=16265216 bytes (39.7%)
(RDMA_READ_CONSUME_CHECK_CONSUMER) timestamp=2386 ms, used_size=16263168 bytes (39.7%)
(RDMA_READ_CONSUME_CHECK_CONSUMER) timestamp=2386 ms, used_size=16261120 bytes (39.7%)
(RDMA_READ_CONSUME_CHECK_CONSUMER) timestamp=2386 ms, used_size=16259072 bytes (39.7%)
(RDMA_READ_CONSUME_CHECK_CONSUMER) timestamp=2386 ms, used_size=16257024 bytes (39.7%)
(RDMA_READ_CONSUME_CHECK_CONSUMER) timestamp=2386 ms, used_size=16254976 bytes (39.7%)
(RDMA_READ_CONSUME_CHECK_CONSUMER) timestamp=2386 ms, used_size=16252928 bytes (39.7%)
(RDMA_READ_CONSUME_CHECK_CONSUMER) timestamp=2386 ms, used_size=16250880 bytes (39.7%)
(RDMA_READ_CONSUME_CHECK_CONSUMER) timestamp=2386 ms, used_size=16248832 bytes (39.7%)
(RDMA_READ_CONSUME_CHECK_CONSUMER) timestamp=2386 ms, used_size=16246784 bytes (39.7%)
(RDMA_READ_CONSUME_CHECK_CONSUMER) timestamp=2386 ms, used_size=16244736 bytes (39.7%)
(RDMA_READ_CONSUME_CHECK_CONSUMER) timestamp=2386 ms, used_size=16242688 bytes (39.7%)
(RDMA_READ_CONSUME_CHECK_CONSUMER) timestamp=2386 ms, used_size=16240640 bytes (39.6%)
(RDMA_READ_CONSUME_CHECK_CONSUMER) timestamp=2387 ms, used_size=16238592 bytes (39.6%)
(RDMA_READ_CONSUME_CHECK_CONSUMER) timestamp=2387 ms, used_size=16236544 bytes (39.6%)
(RDMA_READ_CONSUME_CHECK_CONSUMER) timestamp=2387 ms, used_size=16234496 bytes (39.6%)
(RDMA_READ_CONSUME_CHECK_CONSUMER) timestamp=2387 ms, used_size=16232448 bytes (39.6%)
(RDMA_READ_CONSUME_CHECK_CONSUMER) timestamp=2387 ms, used_size=16230400 bytes (39.6%)
(RDMA_READ_CONSUME_CHECK_CONSUMER) timestamp=2387 ms, used_size=16228352 bytes (39.6%)
(RDMA_READ_CONSUME_CHECK_CONSUMER) timestamp=2387 ms, used_size=16226304 bytes (39.6%)
(RDMA_READ_CONSUME_CHECK_CONSUMER) timestamp=2387 ms, used_size=16224256 bytes (39.6%)
(RDMA_READ_CONSUME_CHECK_CONSUMER) timestamp=2387 ms, used_size=16222208 bytes (39.6%)
(RDMA_READ_CONSUME_CHECK_CONSUMER) timestamp=2387 ms, used_size=16220160 bytes (39.6%)
(RDMA_READ_CONSUME_CHECK_CONSUMER) timestamp=2387 ms, used_size=16218112 bytes (39.6%)
(RDMA_READ_CONSUME_CHECK_CONSUMER) timestamp=2387 ms, used_size=16216064 bytes (39.6%)
(RDMA_READ_CONSUME_CHECK_CONSUMER) timestamp=2387 ms, used_size=16214016 bytes (39.6%)
(RDMA_READ_CONSUME_CHECK_CONSUMER) timestamp=2387 ms, used_size=16211968 bytes (39.6%)
(RDMA_READ_CONSUME_CHECK_CONSUMER) timestamp=2387 ms, used_size=16209920 bytes (39.6%)
(RDMA_READ_CONSUME_CHECK_CONSUMER) timestamp=2387 ms, used_size=16207872 bytes (39.6%)
(RDMA_READ_CONSUME_CHECK_CONSUMER) timestamp=2387 ms, used_size=16205824 bytes (39.6%)
(RDMA_READ_CONSUME_CHECK_CONSUMER) timestamp=2387 ms, used_size=16203776 bytes (39.6%)
(RDMA_READ_CONSUME_CHECK_CONSUMER) timestamp=2387 ms, used_size=16201728 bytes (39.6%)
(RDMA_READ_CONSUME_CHECK_CONSUMER) timestamp=2387 ms, used_size=16199680 bytes (39.5%)
(RDMA_READ_CONSUME_CHECK_CONSUMER) timestamp=2387 ms, used_size=16197632 bytes (39.5%)
(RDMA_READ_CONSUME_CHECK_CONSUMER) timestamp=2387 ms, used_size=16195584 bytes (39.5%)
(RDMA_READ_CONSUME_CHECK_CONSUMER) timestamp=2387 ms, used_size=16193536 bytes (39.5%)
(RDMA_READ_CONSUME_CHECK_CONSUMER) timestamp=2387 ms, used_size=16191488 bytes (39.5%)
(RDMA_READ_CONSUME_CHECK_CONSUMER) timestamp=2387 ms, used_size=16189440 bytes (39.5%)
(RDMA_READ_CONSUME_CHECK_CONSUMER) timestamp=2387 ms, used_size=16187392 bytes (39.5%)
(RDMA_READ_CONSUME_CHECK_CONSUMER) timestamp=2387 ms, used_size=16185344 bytes (39.5%)
(RDMA_READ_CONSUME_CHECK_CONSUMER) timestamp=2387 ms, used_size=16183296 bytes (39.5%)
(RDMA_READ_CONSUME_CHECK_CONSUMER) timestamp=2387 ms, used_size=16181248 bytes (39.5%)
(RDMA_READ_CONSUME_CHECK_CONSUMER) timestamp=2387 ms, used_size=16179200 bytes (39.5%)
(RDMA_READ_CONSUME_CHECK_CONSUMER) timestamp=2387 ms, used_size=16177152 bytes (39.5%)
(RDMA_READ_CONSUME_CHECK_CONSUMER) timestamp=2387 ms, used_size=16175104 bytes (39.5%)
(RDMA_READ_CONSUME_CHECK_CONSUMER) timestamp=2387 ms, used_size=16173056 bytes (39.5%)
(RDMA_READ_CONSUME_CHECK_CONSUMER) timestamp=2387 ms, used_size=16171008 bytes (39.5%)
(RDMA_READ_CONSUME_CHECK_CONSUMER) timestamp=2387 ms, used_size=16168960 bytes (39.5%)
(RDMA_READ_CONSUME_CHECK_CONSUMER) timestamp=2387 ms, used_size=16166912 bytes (39.5%)
(RDMA_READ_CONSUME_CHECK_CONSUMER) timestamp=2387 ms, used_size=16164864 bytes (39.5%)
(RDMA_READ_CONSUME_CHECK_CONSUMER) timestamp=2387 ms, used_size=16162816 bytes (39.5%)
(RDMA_READ_CONSUME_CHECK_CONSUMER) timestamp=2387 ms, used_size=16160768 bytes (39.5%)
(RDMA_READ_CONSUME_CHECK_CONSUMER) timestamp=2387 ms, used_size=16158720 bytes (39.5%)
(RDMA_READ_CONSUME_CHECK_CONSUMER) timestamp=2387 ms, used_size=16156672 bytes (39.4%)
(RDMA_READ_CONSUME_CHECK_CONSUMER) timestamp=2387 ms, used_size=16154624 bytes (39.4%)
(RDMA_READ_CONSUME_CHECK_CONSUMER) timestamp=2387 ms, used_size=16152576 bytes (39.4%)
(RDMA_READ_CONSUME_CHECK_CONSUMER) timestamp=2387 ms, used_size=16150528 bytes (39.4%)
(RDMA_READ_CONSUME_CHECK_CONSUMER) timestamp=2387 ms, used_size=16148480 bytes (39.4%)
(RDMA_READ_CONSUME_CHECK_CONSUMER) timestamp=2387 ms, used_size=16146432 bytes (39.4%)
(RDMA_READ_CONSUME_CHECK_CONSUMER) timestamp=2387 ms, used_size=16144384 bytes (39.4%)
(RDMA_READ_CONSUME_CHECK_CONSUMER) timestamp=2387 ms, used_size=16142336 bytes (39.4%)
(RDMA_READ_CONSUME_CHECK_CONSUMER) timestamp=2387 ms, used_size=16140288 bytes (39.4%)
(RDMA_READ_CONSUME_CHECK_CONSUMER) timestamp=2387 ms, used_size=16138240 bytes (39.4%)
(RDMA_READ_CONSUME_CHECK_CONSUMER) timestamp=2387 ms, used_size=16136192 bytes (39.4%)
(RDMA_READ_CONSUME_CHECK_CONSUMER) timestamp=2387 ms, used_size=16134144 bytes (39.4%)
(RDMA_READ_CONSUME_CHECK_CONSUMER) timestamp=2387 ms, used_size=16132096 bytes (39.4%)
(RDMA_READ_CONSUME_CHECK_CONSUMER) timestamp=2387 ms, used_size=16130048 bytes (39.4%)
(RDMA_READ_CONSUME_CHECK_CONSUMER) timestamp=2387 ms, used_size=16128000 bytes (39.4%)
(RDMA_READ_CONSUME_CHECK_CONSUMER) timestamp=2387 ms, used_size=16125952 bytes (39.4%)
(RDMA_READ_CONSUME_CHECK_CONSUMER) timestamp=2387 ms, used_size=16123904 bytes (39.4%)
(RDMA_READ_CONSUME_CHECK_CONSUMER) timestamp=2387 ms, used_size=16121856 bytes (39.4%)
(RDMA_READ_CONSUME_CHECK_CONSUMER) timestamp=2387 ms, used_size=16119808 bytes (39.4%)
(RDMA_READ_CONSUME_CHECK_CONSUMER) timestamp=2387 ms, used_size=16117760 bytes (39.4%)
(RDMA_READ_CONSUME_CHECK_CONSUMER) timestamp=2387 ms, used_size=16115712 bytes (39.3%)
(RDMA_READ_CONSUME_CHECK_CONSUMER) timestamp=2387 ms, used_size=16113664 bytes (39.3%)
(RDMA_READ_CONSUME_CHECK_CONSUMER) timestamp=2387 ms, used_size=16111616 bytes (39.3%)
(RDMA_READ_CONSUME_CHECK_CONSUMER) timestamp=2387 ms, used_size=16109568 bytes (39.3%)
(RDMA_READ_CONSUME_CHECK_CONSUMER) timestamp=2387 ms, used_size=16107520 bytes (39.3%)
(RDMA_READ_CONSUME_CHECK_CONSUMER) timestamp=2387 ms, used_size=16105472 bytes (39.3%)
(RDMA_READ_CONSUME_CHECK_CONSUMER) timestamp=2387 ms, used_size=16103424 bytes (39.3%)
(RDMA_READ_CONSUME_CHECK_CONSUMER) timestamp=2387 ms, used_size=16101376 bytes (39.3%)
(RDMA_READ_CONSUME_CHECK_CONSUMER) timestamp=2387 ms, used_size=16099328 bytes (39.3%)
(RDMA_READ_CONSUME_CHECK_CONSUMER) timestamp=2387 ms, used_size=16097280 bytes (39.3%)
(RDMA_READ_CONSUME_CHECK_CONSUMER) timestamp=2387 ms, used_size=16095232 bytes (39.3%)
(RDMA_READ_CONSUME_CHECK_CONSUMER) timestamp=2387 ms, used_size=16093184 bytes (39.3%)
(RDMA_READ_CONSUME_CHECK_CONSUMER) timestamp=2387 ms, used_size=16091136 bytes (39.3%)
(RDMA_READ_CONSUME_CHECK_CONSUMER) timestamp=2387 ms, used_size=16089088 bytes (39.3%)
(RDMA_READ_CONSUME_CHECK_CONSUMER) timestamp=2387 ms, used_size=16087040 bytes (39.3%)
(RDMA_READ_CONSUME_CHECK_CONSUMER) timestamp=2387 ms, used_size=16084992 bytes (39.3%)
(RDMA_READ_CONSUME_CHECK_CONSUMER) timestamp=2387 ms, used_size=16082944 bytes (39.3%)
(RDMA_READ_CONSUME_CHECK_CONSUMER) timestamp=2387 ms, used_size=16080896 bytes (39.3%)
(RDMA_READ_CONSUME_CHECK_CONSUMER) timestamp=2387 ms, used_size=16078848 bytes (39.3%)
(RDMA_READ_CONSUME_CHECK_CONSUMER) timestamp=2387 ms, used_size=16076800 bytes (39.2%)
(RDMA_READ_CONSUME_CHECK_CONSUMER) timestamp=2387 ms, used_size=16074752 bytes (39.2%)
(RDMA_READ_CONSUME_CHECK_CONSUMER) timestamp=2387 ms, used_size=16072704 bytes (39.2%)
(RDMA_READ_CONSUME_CHECK_CONSUMER) timestamp=2387 ms, used_size=16070656 bytes (39.2%)
(RDMA_READ_CONSUME_CHECK_CONSUMER) timestamp=2387 ms, used_size=16068608 bytes (39.2%)
(RDMA_READ_CONSUME_CHECK_CONSUMER) timestamp=2387 ms, used_size=16066560 bytes (39.2%)
(RDMA_READ_CONSUME_CHECK_CONSUMER) timestamp=2387 ms, used_size=16064512 bytes (39.2%)
(RDMA_READ_CONSUME_CHECK_CONSUMER) timestamp=2387 ms, used_size=16062464 bytes (39.2%)
(RDMA_READ_CONSUME_CHECK_CONSUMER) timestamp=2387 ms, used_size=16060416 bytes (39.2%)
(RDMA_READ_CONSUME_CHECK_CONSUMER) timestamp=2387 ms, used_size=16058368 bytes (39.2%)
(RDMA_READ_CONSUME_CHECK_CONSUMER) timestamp=2387 ms, used_size=16056320 bytes (39.2%)
(RDMA_READ_CONSUME_CHECK_CONSUMER) timestamp=2387 ms, used_size=16054272 bytes (39.2%)
(RDMA_READ_CONSUME_CHECK_CONSUMER) timestamp=2387 ms, used_size=16052224 bytes (39.2%)
(RDMA_READ_CONSUME_CHECK_CONSUMER) timestamp=2387 ms, used_size=16050176 bytes (39.2%)
(RDMA_READ_CONSUME_CHECK_CONSUMER) timestamp=2387 ms, used_size=16048128 bytes (39.2%)
(RDMA_READ_CONSUME_CHECK_CONSUMER) timestamp=2387 ms, used_size=16046080 bytes (39.2%)
(RDMA_READ_CONSUME_CHECK_CONSUMER) timestamp=2387 ms, used_size=16044032 bytes (39.2%)
(RDMA_READ_CONSUME_CHECK_CONSUMER) timestamp=2387 ms, used_size=16041984 bytes (39.2%)
(RDMA_READ_CONSUME_CHECK_CONSUMER) timestamp=2387 ms, used_size=16039936 bytes (39.2%)
(RDMA_READ_CONSUME_CHECK_CONSUMER) timestamp=2387 ms, used_size=16037888 bytes (39.2%)
(RDMA_READ_CONSUME_CHECK_CONSUMER) timestamp=2387 ms, used_size=16035840 bytes (39.1%)
(RDMA_READ_CONSUME_CHECK_CONSUMER) timestamp=2387 ms, used_size=16033792 bytes (39.1%)
(RDMA_READ_CONSUME_CHECK_CONSUMER) timestamp=2387 ms, used_size=16031744 bytes (39.1%)
(RDMA_READ_CONSUME_CHECK_CONSUMER) timestamp=2387 ms, used_size=16029696 bytes (39.1%)
(RDMA_READ_CONSUME_CHECK_CONSUMER) timestamp=2387 ms, used_size=16027648 bytes (39.1%)
(RDMA_READ_CONSUME_CHECK_CONSUMER) timestamp=2387 ms, used_size=16025600 bytes (39.1%)
(RDMA_READ_CONSUME_CHECK_CONSUMER) timestamp=2387 ms, used_size=16023552 bytes (39.1%)
(RDMA_READ_CONSUME_CHECK_CONSUMER) timestamp=2387 ms, used_size=16021504 bytes (39.1%)
(RDMA_READ_CONSUME_CHECK_CONSUMER) timestamp=2387 ms, used_size=16019456 bytes (39.1%)
(RDMA_READ_CONSUME_CHECK_CONSUMER) timestamp=2387 ms, used_size=16017408 bytes (39.1%)
(RDMA_READ_CONSUME_CHECK_CONSUMER) timestamp=2387 ms, used_size=16015360 bytes (39.1%)
(RDMA_READ_CONSUME_CHECK_CONSUMER) timestamp=2387 ms, used_size=16013312 bytes (39.1%)
(RDMA_READ_CONSUME_CHECK_CONSUMER) timestamp=2387 ms, used_size=16011264 bytes (39.1%)
(RDMA_READ_CONSUME_CHECK_CONSUMER) timestamp=2387 ms, used_size=16009216 bytes (39.1%)
(RDMA_READ_CONSUME_CHECK_CONSUMER) timestamp=2387 ms, used_size=16007168 bytes (39.1%)
(RDMA_READ_CONSUME_CHECK_CONSUMER) timestamp=2387 ms, used_size=16005120 bytes (39.1%)
(RDMA_READ_CONSUME_CHECK_CONSUMER) timestamp=2387 ms, used_size=16003072 bytes (39.1%)
(RDMA_READ_CONSUME_CHECK_CONSUMER) timestamp=2387 ms, used_size=16001024 bytes (39.1%)
(RDMA_READ_CONSUME_CHECK_CONSUMER) timestamp=2387 ms, used_size=15998976 bytes (39.1%)
(RDMA_READ_CONSUME_CHECK_CONSUMER) timestamp=2387 ms, used_size=15996928 bytes (39.1%)
(RDMA_READ_CONSUME_CHECK_CONSUMER) timestamp=2387 ms, used_size=15994880 bytes (39.0%)
(RDMA_READ_CONSUME_CHECK_CONSUMER) timestamp=2387 ms, used_size=15992832 bytes (39.0%)
(RDMA_READ_CONSUME_CHECK_CONSUMER) timestamp=2387 ms, used_size=15990784 bytes (39.0%)
(RDMA_READ_CONSUME_CHECK_CONSUMER) timestamp=2387 ms, used_size=15988736 bytes (39.0%)
(RDMA_READ_CONSUME_CHECK_CONSUMER) timestamp=2387 ms, used_size=15986688 bytes (39.0%)
(RDMA_READ_CONSUME_CHECK_CONSUMER) timestamp=2387 ms, used_size=15984640 bytes (39.0%)
(RDMA_READ_CONSUME_CHECK_CONSUMER) timestamp=2387 ms, used_size=15982592 bytes (39.0%)
(RDMA_READ_CONSUME_CHECK_CONSUMER) timestamp=2387 ms, used_size=15980544 bytes (39.0%)
(RDMA_READ_CONSUME_CHECK_CONSUMER) timestamp=2387 ms, used_size=15978496 bytes (39.0%)
(RDMA_READ_CONSUME_CHECK_CONSUMER) timestamp=2387 ms, used_size=15976448 bytes (39.0%)
(RDMA_READ_CONSUME_CHECK_CONSUMER) timestamp=2387 ms, used_size=15974400 bytes (39.0%)
(RDMA_READ_CONSUME_CHECK_CONSUMER) timestamp=2387 ms, used_size=15972352 bytes (39.0%)
(RDMA_READ_CONSUME_CHECK_CONSUMER) timestamp=2387 ms, used_size=15970304 bytes (39.0%)
(RDMA_READ_CONSUME_CHECK_CONSUMER) timestamp=2387 ms, used_size=15968256 bytes (39.0%)
(RDMA_READ_CONSUME_CHECK_CONSUMER) timestamp=2387 ms, used_size=15966208 bytes (39.0%)
(RDMA_READ_CONSUME_CHECK_CONSUMER) timestamp=2387 ms, used_size=15964160 bytes (39.0%)
(RDMA_READ_CONSUME_CHECK_CONSUMER) timestamp=2387 ms, used_size=15962112 bytes (39.0%)
(RDMA_READ_CONSUME_CHECK_CONSUMER) timestamp=2387 ms, used_size=15960064 bytes (39.0%)
(RDMA_READ_CONSUME_CHECK_CONSUMER) timestamp=2387 ms, used_size=15958016 bytes (39.0%)
(RDMA_READ_CONSUME_CHECK_CONSUMER) timestamp=2387 ms, used_size=15955968 bytes (39.0%)
(RDMA_READ_CONSUME_CHECK_CONSUMER) timestamp=2387 ms, used_size=15953920 bytes (39.0%)
(RDMA_READ_CONSUME_CHECK_CONSUMER) timestamp=2387 ms, used_size=15951872 bytes (38.9%)
(RDMA_READ_CONSUME_CHECK_CONSUMER) timestamp=2387 ms, used_size=15949824 bytes (38.9%)
(RDMA_READ_CONSUME_CHECK_CONSUMER) timestamp=2387 ms, used_size=15947776 bytes (38.9%)
(RDMA_READ_CONSUME_CHECK_CONSUMER) timestamp=2387 ms, used_size=15945728 bytes (38.9%)
(RDMA_READ_CONSUME_CHECK_CONSUMER) timestamp=2387 ms, used_size=15943680 bytes (38.9%)
(RDMA_READ_CONSUME_CHECK_CONSUMER) timestamp=2387 ms, used_size=15941632 bytes (38.9%)
(RDMA_READ_CONSUME_CHECK_CONSUMER) timestamp=2387 ms, used_size=15939584 bytes (38.9%)
(RDMA_READ_CONSUME_CHECK_CONSUMER) timestamp=2387 ms, used_size=15937536 bytes (38.9%)
(RDMA_READ_CONSUME_CHECK_CONSUMER) timestamp=2387 ms, used_size=15935488 bytes (38.9%)
(RDMA_READ_CONSUME_CHECK_CONSUMER) timestamp=2387 ms, used_size=15933440 bytes (38.9%)
(RDMA_READ_CONSUME_CHECK_CONSUMER) timestamp=2387 ms, used_size=15931392 bytes (38.9%)
(RDMA_READ_CONSUME_CHECK_CONSUMER) timestamp=2387 ms, used_size=15929344 bytes (38.9%)
(RDMA_READ_CONSUME_CHECK_CONSUMER) timestamp=2387 ms, used_size=15927296 bytes (38.9%)
(RDMA_READ_CONSUME_CHECK_CONSUMER) timestamp=2387 ms, used_size=15925248 bytes (38.9%)
(RDMA_READ_CONSUME_CHECK_CONSUMER) timestamp=2387 ms, used_size=15923200 bytes (38.9%)
(RDMA_READ_CONSUME_CHECK_CONSUMER) timestamp=2387 ms, used_size=15921152 bytes (38.9%)
(RDMA_READ_CONSUME_CHECK_CONSUMER) timestamp=2387 ms, used_size=15919104 bytes (38.9%)
(RDMA_READ_CONSUME_CHECK_CONSUMER) timestamp=2387 ms, used_size=15917056 bytes (38.9%)
(RDMA_READ_CONSUME_CHECK_CONSUMER) timestamp=2387 ms, used_size=15915008 bytes (38.9%)
(RDMA_READ_CONSUME_CHECK_CONSUMER) timestamp=2387 ms, used_size=15912960 bytes (38.9%)
(RDMA_READ_CONSUME_CHECK_CONSUMER) timestamp=2387 ms, used_size=15910912 bytes (38.8%)
(RDMA_READ_CONSUME_CHECK_CONSUMER) timestamp=2387 ms, used_size=15908864 bytes (38.8%)
(RDMA_READ_CONSUME_CHECK_CONSUMER) timestamp=2387 ms, used_size=15906816 bytes (38.8%)
(RDMA_READ_CONSUME_CHECK_CONSUMER) timestamp=2387 ms, used_size=15904768 bytes (38.8%)
(RDMA_READ_CONSUME_CHECK_CONSUMER) timestamp=2387 ms, used_size=15902720 bytes (38.8%)
(RDMA_READ_CONSUME_CHECK_CONSUMER) timestamp=2387 ms, used_size=15900672 bytes (38.8%)
(RDMA_READ_CONSUME_CHECK_CONSUMER) timestamp=2387 ms, used_size=15898624 bytes (38.8%)
(RDMA_READ_CONSUME_CHECK_CONSUMER) timestamp=2387 ms, used_size=15896576 bytes (38.8%)
(RDMA_READ_CONSUME_CHECK_CONSUMER) timestamp=2387 ms, used_size=15894528 bytes (38.8%)
(RDMA_READ_CONSUME_CHECK_CONSUMER) timestamp=2387 ms, used_size=15892480 bytes (38.8%)
(RDMA_READ_CONSUME_CHECK_CONSUMER) timestamp=2387 ms, used_size=15890432 bytes (38.8%)
(RDMA_READ_CONSUME_CHECK_CONSUMER) timestamp=2387 ms, used_size=15888384 bytes (38.8%)
(RDMA_READ_CONSUME_CHECK_CONSUMER) timestamp=2387 ms, used_size=15886336 bytes (38.8%)
(RDMA_READ_CONSUME_CHECK_CONSUMER) timestamp=2387 ms, used_size=15884288 bytes (38.8%)
(RDMA_READ_CONSUME_CHECK_CONSUMER) timestamp=2387 ms, used_size=15882240 bytes (38.8%)
(RDMA_READ_CONSUME_CHECK_CONSUMER) timestamp=2387 ms, used_size=15880192 bytes (38.8%)
(RDMA_READ_CONSUME_CHECK_CONSUMER) timestamp=2387 ms, used_size=15878144 bytes (38.8%)
(RDMA_READ_CONSUME_CHECK_CONSUMER) timestamp=2387 ms, used_size=15876096 bytes (38.8%)
(RDMA_READ_CONSUME_CHECK_CONSUMER) timestamp=2387 ms, used_size=15874048 bytes (38.8%)
(RDMA_READ_CONSUME_CHECK_CONSUMER) timestamp=2388 ms, used_size=15872000 bytes (38.8%)
(RDMA_READ_CONSUME_CHECK_CONSUMER) timestamp=2388 ms, used_size=15869952 bytes (38.7%)
(RDMA_READ_CONSUME_CHECK_CONSUMER) timestamp=2388 ms, used_size=15867904 bytes (38.7%)
(RDMA_READ_CONSUME_CHECK_CONSUMER) timestamp=2388 ms, used_size=15865856 bytes (38.7%)
(RDMA_READ_CONSUME_CHECK_CONSUMER) timestamp=2388 ms, used_size=15863808 bytes (38.7%)
(RDMA_READ_CONSUME_CHECK_CONSUMER) timestamp=2388 ms, used_size=15861760 bytes (38.7%)
(RDMA_READ_CONSUME_CHECK_CONSUMER) timestamp=2388 ms, used_size=15859712 bytes (38.7%)
(RDMA_READ_CONSUME_CHECK_CONSUMER) timestamp=2388 ms, used_size=15857664 bytes (38.7%)
(RDMA_READ_CONSUME_CHECK_CONSUMER) timestamp=2388 ms, used_size=15855616 bytes (38.7%)
(RDMA_READ_CONSUME_CHECK_CONSUMER) timestamp=2388 ms, used_size=15853568 bytes (38.7%)
(RDMA_READ_CONSUME_CHECK_CONSUMER) timestamp=2388 ms, used_size=15851520 bytes (38.7%)
(RDMA_READ_CONSUME_CHECK_CONSUMER) timestamp=2388 ms, used_size=15849472 bytes (38.7%)
(RDMA_READ_CONSUME_CHECK_CONSUMER) timestamp=2388 ms, used_size=15847424 bytes (38.7%)
(RDMA_READ_CONSUME_CHECK_CONSUMER) timestamp=2388 ms, used_size=15845376 bytes (38.7%)
(RDMA_READ_CONSUME_CHECK_CONSUMER) timestamp=2388 ms, used_size=15843328 bytes (38.7%)
(RDMA_READ_CONSUME_CHECK_CONSUMER) timestamp=2388 ms, used_size=15841280 bytes (38.7%)
(RDMA_READ_CONSUME_CHECK_CONSUMER) timestamp=2388 ms, used_size=15839232 bytes (38.7%)
(RDMA_READ_CONSUME_CHECK_CONSUMER) timestamp=2388 ms, used_size=15837184 bytes (38.7%)
(RDMA_READ_CONSUME_CHECK_CONSUMER) timestamp=2388 ms, used_size=15835136 bytes (38.7%)
(RDMA_READ_CONSUME_CHECK_CONSUMER) timestamp=2388 ms, used_size=15833088 bytes (38.7%)
(RDMA_READ_CONSUME_CHECK_CONSUMER) timestamp=2388 ms, used_size=15831040 bytes (38.6%)
(RDMA_READ_CONSUME_CHECK_CONSUMER) timestamp=2388 ms, used_size=15828992 bytes (38.6%)
(RDMA_READ_CONSUME_CHECK_CONSUMER) timestamp=2388 ms, used_size=15826944 bytes (38.6%)
(RDMA_READ_CONSUME_CHECK_CONSUMER) timestamp=2388 ms, used_size=15824896 bytes (38.6%)
(RDMA_READ_CONSUME_CHECK_CONSUMER) timestamp=2388 ms, used_size=15822848 bytes (38.6%)
(RDMA_READ_CONSUME_CHECK_CONSUMER) timestamp=2388 ms, used_size=15820800 bytes (38.6%)
(RDMA_READ_CONSUME_CHECK_CONSUMER) timestamp=2388 ms, used_size=15818752 bytes (38.6%)
(RDMA_READ_CONSUME_CHECK_CONSUMER) timestamp=2388 ms, used_size=15816704 bytes (38.6%)
(RDMA_READ_CONSUME_CHECK_CONSUMER) timestamp=2388 ms, used_size=15814656 bytes (38.6%)
(RDMA_READ_CONSUME_CHECK_CONSUMER) timestamp=2388 ms, used_size=15812608 bytes (38.6%)
(RDMA_READ_CONSUME_CHECK_CONSUMER) timestamp=2388 ms, used_size=15810560 bytes (38.6%)
(RDMA_READ_CONSUME_CHECK_CONSUMER) timestamp=2388 ms, used_size=15808512 bytes (38.6%)
(RDMA_READ_CONSUME_CHECK_CONSUMER) timestamp=2388 ms, used_size=15806464 bytes (38.6%)
(RDMA_READ_CONSUME_CHECK_CONSUMER) timestamp=2388 ms, used_size=15804416 bytes (38.6%)
(RDMA_READ_CONSUME_CHECK_CONSUMER) timestamp=2388 ms, used_size=15802368 bytes (38.6%)
(RDMA_READ_CONSUME_CHECK_CONSUMER) timestamp=2388 ms, used_size=15800320 bytes (38.6%)
(RDMA_READ_CONSUME_CHECK_CONSUMER) timestamp=2388 ms, used_size=15798272 bytes (38.6%)
(RDMA_READ_CONSUME_CHECK_CONSUMER) timestamp=2388 ms, used_size=15796224 bytes (38.6%)
(RDMA_READ_CONSUME_CHECK_CONSUMER) timestamp=2388 ms, used_size=15794176 bytes (38.6%)
(RDMA_READ_CONSUME_CHECK_CONSUMER) timestamp=2388 ms, used_size=15792128 bytes (38.6%)
(RDMA_READ_CONSUME_CHECK_CONSUMER) timestamp=2388 ms, used_size=15790080 bytes (38.5%)
(RDMA_READ_CONSUME_CHECK_CONSUMER) timestamp=2388 ms, used_size=15788032 bytes (38.5%)
(RDMA_READ_CONSUME_CHECK_CONSUMER) timestamp=2388 ms, used_size=15785984 bytes (38.5%)
(RDMA_READ_CONSUME_CHECK_CONSUMER) timestamp=2388 ms, used_size=15783936 bytes (38.5%)
(RDMA_READ_CONSUME_CHECK_CONSUMER) timestamp=2388 ms, used_size=15781888 bytes (38.5%)
(RDMA_READ_CONSUME_CHECK_CONSUMER) timestamp=2388 ms, used_size=15779840 bytes (38.5%)
(RDMA_READ_CONSUME_CHECK_CONSUMER) timestamp=2388 ms, used_size=15777792 bytes (38.5%)
(RDMA_READ_CONSUME_CHECK_CONSUMER) timestamp=2388 ms, used_size=15775744 bytes (38.5%)
(RDMA_READ_CONSUME_CHECK_CONSUMER) timestamp=2388 ms, used_size=15773696 bytes (38.5%)
(RDMA_READ_CONSUME_CHECK_CONSUMER) timestamp=2388 ms, used_size=15771648 bytes (38.5%)
(RDMA_READ_CONSUME_CHECK_CONSUMER) timestamp=2388 ms, used_size=15769600 bytes (38.5%)
(RDMA_READ_CONSUME_CHECK_CONSUMER) timestamp=2388 ms, used_size=15767552 bytes (38.5%)
(RDMA_READ_CONSUME_CHECK_CONSUMER) timestamp=2388 ms, used_size=15765504 bytes (38.5%)
(RDMA_READ_CONSUME_CHECK_CONSUMER) timestamp=2388 ms, used_size=15763456 bytes (38.5%)
(RDMA_READ_CONSUME_CHECK_CONSUMER) timestamp=2388 ms, used_size=15761408 bytes (38.5%)
(RDMA_READ_CONSUME_CHECK_CONSUMER) timestamp=2388 ms, used_size=15759360 bytes (38.5%)
(RDMA_READ_CONSUME_CHECK_CONSUMER) timestamp=2388 ms, used_size=15757312 bytes (38.5%)
(RDMA_READ_CONSUME_CHECK_CONSUMER) timestamp=2388 ms, used_size=15755264 bytes (38.5%)
(RDMA_READ_CONSUME_CHECK_CONSUMER) timestamp=2388 ms, used_size=15753216 bytes (38.5%)
(RDMA_READ_CONSUME_CHECK_CONSUMER) timestamp=2388 ms, used_size=15751168 bytes (38.5%)
(RDMA_READ_CONSUME_CHECK_CONSUMER) timestamp=2388 ms, used_size=15749120 bytes (38.5%)
(RDMA_READ_CONSUME_CHECK_CONSUMER) timestamp=2388 ms, used_size=15747072 bytes (38.4%)
(RDMA_READ_CONSUME_CHECK_CONSUMER) timestamp=2388 ms, used_size=15745024 bytes (38.4%)
(RDMA_READ_CONSUME_CHECK_CONSUMER) timestamp=2388 ms, used_size=15742976 bytes (38.4%)
(RDMA_READ_CONSUME_CHECK_CONSUMER) timestamp=2388 ms, used_size=15740928 bytes (38.4%)
(RDMA_READ_CONSUME_CHECK_CONSUMER) timestamp=2388 ms, used_size=15738880 bytes (38.4%)
(RDMA_READ_CONSUME_CHECK_CONSUMER) timestamp=2388 ms, used_size=15736832 bytes (38.4%)
(RDMA_READ_CONSUME_CHECK_CONSUMER) timestamp=2388 ms, used_size=15734784 bytes (38.4%)
(RDMA_READ_CONSUME_CHECK_CONSUMER) timestamp=2388 ms, used_size=15732736 bytes (38.4%)
(RDMA_READ_CONSUME_CHECK_CONSUMER) timestamp=2388 ms, used_size=15730688 bytes (38.4%)
(RDMA_READ_CONSUME_CHECK_CONSUMER) timestamp=2388 ms, used_size=15728640 bytes (38.4%)
(RDMA_READ_CONSUME_CHECK_CONSUMER) timestamp=2388 ms, used_size=15726592 bytes (38.4%)
(RDMA_READ_CONSUME_CHECK_CONSUMER) timestamp=2388 ms, used_size=15724544 bytes (38.4%)
(RDMA_READ_CONSUME_CHECK_CONSUMER) timestamp=2388 ms, used_size=15722496 bytes (38.4%)
(RDMA_READ_CONSUME_CHECK_CONSUMER) timestamp=2388 ms, used_size=15720448 bytes (38.4%)
(RDMA_READ_CONSUME_CHECK_CONSUMER) timestamp=2388 ms, used_size=15718400 bytes (38.4%)
(RDMA_READ_CONSUME_CHECK_CONSUMER) timestamp=2388 ms, used_size=15716352 bytes (38.4%)
(RDMA_READ_CONSUME_CHECK_CONSUMER) timestamp=2388 ms, used_size=15714304 bytes (38.4%)
(RDMA_READ_CONSUME_CHECK_CONSUMER) timestamp=2388 ms, used_size=15712256 bytes (38.4%)
(RDMA_READ_CONSUME_CHECK_CONSUMER) timestamp=2388 ms, used_size=15710208 bytes (38.4%)
(RDMA_READ_CONSUME_CHECK_CONSUMER) timestamp=2388 ms, used_size=15708160 bytes (38.4%)
(RDMA_READ_CONSUME_CHECK_CONSUMER) timestamp=2388 ms, used_size=15706112 bytes (38.3%)
(RDMA_READ_CONSUME_CHECK_CONSUMER) timestamp=2388 ms, used_size=15704064 bytes (38.3%)
(RDMA_READ_CONSUME_CHECK_CONSUMER) timestamp=2388 ms, used_size=15702016 bytes (38.3%)
(RDMA_READ_CONSUME_CHECK_CONSUMER) timestamp=2388 ms, used_size=15699968 bytes (38.3%)
(RDMA_READ_CONSUME_CHECK_CONSUMER) timestamp=2388 ms, used_size=15697920 bytes (38.3%)
(RDMA_READ_CONSUME_CHECK_CONSUMER) timestamp=2388 ms, used_size=15695872 bytes (38.3%)
(RDMA_READ_CONSUME_CHECK_CONSUMER) timestamp=2388 ms, used_size=15693824 bytes (38.3%)
(RDMA_READ_CONSUME_CHECK_CONSUMER) timestamp=2388 ms, used_size=15691776 bytes (38.3%)
(RDMA_READ_CONSUME_CHECK_CONSUMER) timestamp=2388 ms, used_size=15689728 bytes (38.3%)
(RDMA_READ_CONSUME_CHECK_CONSUMER) timestamp=2388 ms, used_size=15687680 bytes (38.3%)
(RDMA_READ_CONSUME_CHECK_CONSUMER) timestamp=2388 ms, used_size=15685632 bytes (38.3%)
(RDMA_READ_CONSUME_CHECK_CONSUMER) timestamp=2388 ms, used_size=15683584 bytes (38.3%)
(RDMA_READ_CONSUME_CHECK_CONSUMER) timestamp=2388 ms, used_size=15681536 bytes (38.3%)
(RDMA_READ_CONSUME_CHECK_CONSUMER) timestamp=2388 ms, used_size=15679488 bytes (38.3%)
(RDMA_READ_CONSUME_CHECK_CONSUMER) timestamp=2388 ms, used_size=15677440 bytes (38.3%)
(RDMA_READ_CONSUME_CHECK_CONSUMER) timestamp=2388 ms, used_size=15675392 bytes (38.3%)
(RDMA_READ_CONSUME_CHECK_CONSUMER) timestamp=2388 ms, used_size=15673344 bytes (38.3%)
(RDMA_READ_CONSUME_CHECK_CONSUMER) timestamp=2388 ms, used_size=15671296 bytes (38.3%)
(RDMA_READ_CONSUME_CHECK_CONSUMER) timestamp=2388 ms, used_size=15669248 bytes (38.3%)
(RDMA_READ_CONSUME_CHECK_CONSUMER) timestamp=2388 ms, used_size=15667200 bytes (38.2%)
(RDMA_READ_CONSUME_CHECK_CONSUMER) timestamp=2388 ms, used_size=15665152 bytes (38.2%)
(RDMA_READ_CONSUME_CHECK_CONSUMER) timestamp=2388 ms, used_size=15663104 bytes (38.2%)
(RDMA_READ_CONSUME_CHECK_CONSUMER) timestamp=2388 ms, used_size=15661056 bytes (38.2%)
(RDMA_READ_CONSUME_CHECK_CONSUMER) timestamp=2388 ms, used_size=15659008 bytes (38.2%)
(RDMA_READ_CONSUME_CHECK_CONSUMER) timestamp=2388 ms, used_size=15656960 bytes (38.2%)
(RDMA_READ_CONSUME_CHECK_CONSUMER) timestamp=2388 ms, used_size=15654912 bytes (38.2%)
(RDMA_READ_CONSUME_CHECK_CONSUMER) timestamp=2388 ms, used_size=15652864 bytes (38.2%)
(RDMA_READ_CONSUME_CHECK_CONSUMER) timestamp=2388 ms, used_size=15650816 bytes (38.2%)
(RDMA_READ_CONSUME_CHECK_CONSUMER) timestamp=2388 ms, used_size=15648768 bytes (38.2%)
(RDMA_READ_CONSUME_CHECK_CONSUMER) timestamp=2388 ms, used_size=15646720 bytes (38.2%)
(RDMA_READ_CONSUME_CHECK_CONSUMER) timestamp=2388 ms, used_size=15644672 bytes (38.2%)
(RDMA_READ_CONSUME_CHECK_CONSUMER) timestamp=2388 ms, used_size=15642624 bytes (38.2%)
(RDMA_READ_CONSUME_CHECK_CONSUMER) timestamp=2388 ms, used_size=15640576 bytes (38.2%)
(RDMA_READ_CONSUME_CHECK_CONSUMER) timestamp=2388 ms, used_size=15638528 bytes (38.2%)
(RDMA_READ_CONSUME_CHECK_CONSUMER) timestamp=2388 ms, used_size=15636480 bytes (38.2%)
(RDMA_READ_CONSUME_CHECK_CONSUMER) timestamp=2388 ms, used_size=15634432 bytes (38.2%)
(RDMA_READ_CONSUME_CHECK_CONSUMER) timestamp=2388 ms, used_size=15632384 bytes (38.2%)
(RDMA_READ_CONSUME_CHECK_CONSUMER) timestamp=2388 ms, used_size=15630336 bytes (38.2%)
(RDMA_READ_CONSUME_CHECK_CONSUMER) timestamp=2388 ms, used_size=15628288 bytes (38.2%)
(RDMA_READ_CONSUME_CHECK_CONSUMER) timestamp=2388 ms, used_size=15626240 bytes (38.1%)
(RDMA_READ_CONSUME_CHECK_CONSUMER) timestamp=2388 ms, used_size=15624192 bytes (38.1%)
(RDMA_READ_CONSUME_CHECK_CONSUMER) timestamp=2388 ms, used_size=15622144 bytes (38.1%)
(RDMA_READ_CONSUME_CHECK_CONSUMER) timestamp=2388 ms, used_size=15620096 bytes (38.1%)
(RDMA_READ_CONSUME_CHECK_CONSUMER) timestamp=2388 ms, used_size=15618048 bytes (38.1%)
(RDMA_READ_CONSUME_CHECK_CONSUMER) timestamp=2388 ms, used_size=15616000 bytes (38.1%)
(RDMA_READ_CONSUME_CHECK_CONSUMER) timestamp=2388 ms, used_size=15613952 bytes (38.1%)
(RDMA_READ_CONSUME_CHECK_CONSUMER) timestamp=2388 ms, used_size=15611904 bytes (38.1%)
(RDMA_READ_CONSUME_CHECK_CONSUMER) timestamp=2388 ms, used_size=15609856 bytes (38.1%)
(RDMA_READ_CONSUME_CHECK_CONSUMER) timestamp=2388 ms, used_size=15607808 bytes (38.1%)
(RDMA_READ_CONSUME_CHECK_CONSUMER) timestamp=2388 ms, used_size=15605760 bytes (38.1%)
(RDMA_READ_CONSUME_CHECK_CONSUMER) timestamp=2388 ms, used_size=15603712 bytes (38.1%)
(RDMA_READ_CONSUME_CHECK_CONSUMER) timestamp=2388 ms, used_size=15601664 bytes (38.1%)
(RDMA_READ_CONSUME_CHECK_CONSUMER) timestamp=2388 ms, used_size=15599616 bytes (38.1%)
(RDMA_READ_CONSUME_CHECK_CONSUMER) timestamp=2388 ms, used_size=15597568 bytes (38.1%)
(RDMA_READ_CONSUME_CHECK_CONSUMER) timestamp=2388 ms, used_size=15595520 bytes (38.1%)
(RDMA_READ_CONSUME_CHECK_CONSUMER) timestamp=2388 ms, used_size=15593472 bytes (38.1%)
(RDMA_READ_CONSUME_CHECK_CONSUMER) timestamp=2388 ms, used_size=15591424 bytes (38.1%)
(RDMA_READ_CONSUME_CHECK_CONSUMER) timestamp=2388 ms, used_size=15589376 bytes (38.1%)
(RDMA_READ_CONSUME_CHECK_CONSUMER) timestamp=2388 ms, used_size=15587328 bytes (38.1%)
(RDMA_READ_CONSUME_CHECK_CONSUMER) timestamp=2388 ms, used_size=15585280 bytes (38.0%)
(RDMA_READ_CONSUME_CHECK_CONSUMER) timestamp=2388 ms, used_size=15583232 bytes (38.0%)
(RDMA_READ_CONSUME_CHECK_CONSUMER) timestamp=2388 ms, used_size=15581184 bytes (38.0%)
(RDMA_READ_CONSUME_CHECK_CONSUMER) timestamp=2388 ms, used_size=15579136 bytes (38.0%)
(RDMA_READ_CONSUME_CHECK_CONSUMER) timestamp=2388 ms, used_size=15577088 bytes (38.0%)
(RDMA_READ_CONSUME_CHECK_CONSUMER) timestamp=2388 ms, used_size=15575040 bytes (38.0%)
(RDMA_READ_CONSUME_CHECK_CONSUMER) timestamp=2388 ms, used_size=15572992 bytes (38.0%)
(RDMA_READ_CONSUME_CHECK_CONSUMER) timestamp=2388 ms, used_size=15570944 bytes (38.0%)
(RDMA_READ_CONSUME_CHECK_CONSUMER) timestamp=2388 ms, used_size=15568896 bytes (38.0%)
(RDMA_READ_CONSUME_CHECK_CONSUMER) timestamp=2388 ms, used_size=15566848 bytes (38.0%)
(RDMA_READ_CONSUME_CHECK_CONSUMER) timestamp=2388 ms, used_size=15564800 bytes (38.0%)
(RDMA_READ_CONSUME_CHECK_CONSUMER) timestamp=2388 ms, used_size=15562752 bytes (38.0%)
(RDMA_READ_CONSUME_CHECK_CONSUMER) timestamp=2388 ms, used_size=15560704 bytes (38.0%)
(RDMA_READ_CONSUME_CHECK_CONSUMER) timestamp=2388 ms, used_size=15558656 bytes (38.0%)
(RDMA_READ_CONSUME_CHECK_CONSUMER) timestamp=2388 ms, used_size=15556608 bytes (38.0%)
(RDMA_READ_CONSUME_CHECK_CONSUMER) timestamp=2388 ms, used_size=15554560 bytes (38.0%)
(RDMA_READ_CONSUME_CHECK_CONSUMER) timestamp=2388 ms, used_size=15552512 bytes (38.0%)
(RDMA_READ_CONSUME_CHECK_CONSUMER) timestamp=2388 ms, used_size=15550464 bytes (38.0%)
(RDMA_READ_CONSUME_CHECK_CONSUMER) timestamp=2388 ms, used_size=15548416 bytes (38.0%)
(RDMA_READ_CONSUME_CHECK_CONSUMER) timestamp=2388 ms, used_size=15546368 bytes (38.0%)
(RDMA_READ_CONSUME_CHECK_CONSUMER) timestamp=2388 ms, used_size=15544320 bytes (38.0%)
(RDMA_READ_CONSUME_CHECK_CONSUMER) timestamp=2388 ms, used_size=15542272 bytes (37.9%)
(RDMA_READ_CONSUME_CHECK_CONSUMER) timestamp=2388 ms, used_size=15540224 bytes (37.9%)
(RDMA_READ_CONSUME_CHECK_CONSUMER) timestamp=2388 ms, used_size=15538176 bytes (37.9%)
(RDMA_READ_CONSUME_CHECK_CONSUMER) timestamp=2388 ms, used_size=15536128 bytes (37.9%)
(RDMA_READ_CONSUME_CHECK_CONSUMER) timestamp=2388 ms, used_size=15534080 bytes (37.9%)
(RDMA_READ_CONSUME_CHECK_CONSUMER) timestamp=2388 ms, used_size=15532032 bytes (37.9%)
(RDMA_READ_CONSUME_CHECK_CONSUMER) timestamp=2388 ms, used_size=15529984 bytes (37.9%)
(RDMA_READ_CONSUME_CHECK_CONSUMER) timestamp=2388 ms, used_size=15527936 bytes (37.9%)
(RDMA_READ_CONSUME_CHECK_CONSUMER) timestamp=2388 ms, used_size=15525888 bytes (37.9%)
(RDMA_READ_CONSUME_CHECK_CONSUMER) timestamp=2388 ms, used_size=15523840 bytes (37.9%)
(RDMA_READ_CONSUME_CHECK_CONSUMER) timestamp=2388 ms, used_size=15521792 bytes (37.9%)
(RDMA_READ_CONSUME_CHECK_CONSUMER) timestamp=2388 ms, used_size=15519744 bytes (37.9%)
(RDMA_READ_CONSUME_CHECK_CONSUMER) timestamp=2388 ms, used_size=15517696 bytes (37.9%)
(RDMA_READ_CONSUME_CHECK_CONSUMER) timestamp=2388 ms, used_size=15515648 bytes (37.9%)
(RDMA_READ_CONSUME_CHECK_CONSUMER) timestamp=2388 ms, used_size=15513600 bytes (37.9%)
(RDMA_READ_CONSUME_CHECK_CONSUMER) timestamp=2388 ms, used_size=15511552 bytes (37.9%)
(RDMA_READ_CONSUME_CHECK_CONSUMER) timestamp=2388 ms, used_size=15509504 bytes (37.9%)
(RDMA_READ_CONSUME_CHECK_CONSUMER) timestamp=2388 ms, used_size=15507456 bytes (37.9%)
(RDMA_READ_CONSUME_CHECK_CONSUMER) timestamp=2388 ms, used_size=15505408 bytes (37.9%)
(RDMA_READ_CONSUME_CHECK_CONSUMER) timestamp=2388 ms, used_size=15503360 bytes (37.9%)
(RDMA_READ_CONSUME_CHECK_CONSUMER) timestamp=2388 ms, used_size=15501312 bytes (37.8%)
(RDMA_READ_CONSUME_CHECK_CONSUMER) timestamp=2389 ms, used_size=15499264 bytes (37.8%)
(RDMA_READ_CONSUME_CHECK_CONSUMER) timestamp=2389 ms, used_size=15497216 bytes (37.8%)
(RDMA_READ_CONSUME_CHECK_CONSUMER) timestamp=2389 ms, used_size=15495168 bytes (37.8%)
(RDMA_READ_CONSUME_CHECK_CONSUMER) timestamp=2389 ms, used_size=15493120 bytes (37.8%)
(RDMA_READ_CONSUME_CHECK_CONSUMER) timestamp=2389 ms, used_size=15491072 bytes (37.8%)
(RDMA_READ_CONSUME_CHECK_CONSUMER) timestamp=2389 ms, used_size=15489024 bytes (37.8%)
(RDMA_READ_CONSUME_CHECK_CONSUMER) timestamp=2389 ms, used_size=15486976 bytes (37.8%)
(RDMA_READ_CONSUME_CHECK_CONSUMER) timestamp=2389 ms, used_size=15484928 bytes (37.8%)
(RDMA_READ_CONSUME_CHECK_CONSUMER) timestamp=2389 ms, used_size=15482880 bytes (37.8%)
(RDMA_READ_CONSUME_CHECK_CONSUMER) timestamp=2389 ms, used_size=15480832 bytes (37.8%)
(RDMA_READ_CONSUME_CHECK_CONSUMER) timestamp=2389 ms, used_size=15478784 bytes (37.8%)
(RDMA_READ_CONSUME_CHECK_CONSUMER) timestamp=2389 ms, used_size=15476736 bytes (37.8%)
(RDMA_READ_CONSUME_CHECK_CONSUMER) timestamp=2389 ms, used_size=15474688 bytes (37.8%)
(RDMA_READ_CONSUME_CHECK_CONSUMER) timestamp=2389 ms, used_size=15472640 bytes (37.8%)
(RDMA_READ_CONSUME_CHECK_CONSUMER) timestamp=2389 ms, used_size=15470592 bytes (37.8%)
(RDMA_READ_CONSUME_CHECK_CONSUMER) timestamp=2389 ms, used_size=15468544 bytes (37.8%)
(RDMA_READ_CONSUME_CHECK_CONSUMER) timestamp=2389 ms, used_size=15466496 bytes (37.8%)
(RDMA_READ_CONSUME_CHECK_CONSUMER) timestamp=2389 ms, used_size=15464448 bytes (37.8%)
(RDMA_READ_CONSUME_CHECK_CONSUMER) timestamp=2389 ms, used_size=15462400 bytes (37.8%)
(RDMA_READ_CONSUME_CHECK_CONSUMER) timestamp=2389 ms, used_size=15460352 bytes (37.7%)
(RDMA_READ_CONSUME_CHECK_CONSUMER) timestamp=2389 ms, used_size=15458304 bytes (37.7%)
(RDMA_READ_CONSUME_CHECK_CONSUMER) timestamp=2389 ms, used_size=15456256 bytes (37.7%)
(RDMA_READ_CONSUME_CHECK_CONSUMER) timestamp=2389 ms, used_size=15454208 bytes (37.7%)
(RDMA_READ_CONSUME_CHECK_CONSUMER) timestamp=2389 ms, used_size=15452160 bytes (37.7%)
(RDMA_READ_CONSUME_CHECK_CONSUMER) timestamp=2389 ms, used_size=15450112 bytes (37.7%)
(RDMA_READ_CONSUME_CHECK_CONSUMER) timestamp=2389 ms, used_size=15448064 bytes (37.7%)
(RDMA_READ_CONSUME_CHECK_CONSUMER) timestamp=2389 ms, used_size=15446016 bytes (37.7%)
(RDMA_READ_CONSUME_CHECK_CONSUMER) timestamp=2389 ms, used_size=15443968 bytes (37.7%)
(RDMA_READ_CONSUME_CHECK_CONSUMER) timestamp=2389 ms, used_size=15441920 bytes (37.7%)
(RDMA_READ_CONSUME_CHECK_CONSUMER) timestamp=2389 ms, used_size=15439872 bytes (37.7%)
(RDMA_READ_CONSUME_CHECK_CONSUMER) timestamp=2389 ms, used_size=15437824 bytes (37.7%)
(RDMA_READ_CONSUME_CHECK_CONSUMER) timestamp=2389 ms, used_size=15435776 bytes (37.7%)
(RDMA_READ_CONSUME_CHECK_CONSUMER) timestamp=2389 ms, used_size=15433728 bytes (37.7%)
(RDMA_READ_CONSUME_CHECK_CONSUMER) timestamp=2389 ms, used_size=15431680 bytes (37.7%)
(RDMA_READ_CONSUME_CHECK_CONSUMER) timestamp=2389 ms, used_size=15429632 bytes (37.7%)
(RDMA_READ_CONSUME_CHECK_CONSUMER) timestamp=2389 ms, used_size=15427584 bytes (37.7%)
(RDMA_READ_CONSUME_CHECK_CONSUMER) timestamp=2389 ms, used_size=15425536 bytes (37.7%)
(RDMA_READ_CONSUME_CHECK_CONSUMER) timestamp=2389 ms, used_size=15423488 bytes (37.7%)
(RDMA_READ_CONSUME_CHECK_CONSUMER) timestamp=2389 ms, used_size=15421440 bytes (37.6%)
(RDMA_READ_CONSUME_CHECK_CONSUMER) timestamp=2389 ms, used_size=15419392 bytes (37.6%)
(RDMA_READ_CONSUME_CHECK_CONSUMER) timestamp=2389 ms, used_size=15417344 bytes (37.6%)
(RDMA_READ_CONSUME_CHECK_CONSUMER) timestamp=2389 ms, used_size=15415296 bytes (37.6%)
(RDMA_READ_CONSUME_CHECK_CONSUMER) timestamp=2389 ms, used_size=15413248 bytes (37.6%)
(RDMA_READ_CONSUME_CHECK_CONSUMER) timestamp=2389 ms, used_size=15411200 bytes (37.6%)
(RDMA_READ_CONSUME_CHECK_CONSUMER) timestamp=2389 ms, used_size=15409152 bytes (37.6%)
(RDMA_READ_CONSUME_CHECK_CONSUMER) timestamp=2389 ms, used_size=15407104 bytes (37.6%)
(RDMA_READ_CONSUME_CHECK_CONSUMER) timestamp=2389 ms, used_size=15405056 bytes (37.6%)
(RDMA_READ_CONSUME_CHECK_CONSUMER) timestamp=2389 ms, used_size=15403008 bytes (37.6%)
(RDMA_READ_CONSUME_CHECK_CONSUMER) timestamp=2389 ms, used_size=15400960 bytes (37.6%)
(RDMA_READ_CONSUME_CHECK_CONSUMER) timestamp=2389 ms, used_size=15398912 bytes (37.6%)
(RDMA_READ_CONSUME_CHECK_CONSUMER) timestamp=2389 ms, used_size=15396864 bytes (37.6%)
(RDMA_READ_CONSUME_CHECK_CONSUMER) timestamp=2389 ms, used_size=15394816 bytes (37.6%)
(RDMA_READ_CONSUME_CHECK_CONSUMER) timestamp=2389 ms, used_size=15392768 bytes (37.6%)
(RDMA_READ_CONSUME_CHECK_CONSUMER) timestamp=2389 ms, used_size=15390720 bytes (37.6%)
(RDMA_READ_CONSUME_CHECK_CONSUMER) timestamp=2389 ms, used_size=15388672 bytes (37.6%)
(RDMA_READ_CONSUME_CHECK_CONSUMER) timestamp=2389 ms, used_size=15386624 bytes (37.6%)
(RDMA_READ_CONSUME_CHECK_CONSUMER) timestamp=2389 ms, used_size=15384576 bytes (37.6%)
(RDMA_READ_CONSUME_CHECK_CONSUMER) timestamp=2389 ms, used_size=15382528 bytes (37.6%)
(RDMA_READ_CONSUME_CHECK_CONSUMER) timestamp=2389 ms, used_size=15380480 bytes (37.5%)
(RDMA_READ_CONSUME_CHECK_CONSUMER) timestamp=2389 ms, used_size=15378432 bytes (37.5%)
(RDMA_READ_CONSUME_CHECK_CONSUMER) timestamp=2389 ms, used_size=15376384 bytes (37.5%)
(RDMA_READ_CONSUME_CHECK_CONSUMER) timestamp=2389 ms, used_size=15374336 bytes (37.5%)
(RDMA_READ_CONSUME_CHECK_CONSUMER) timestamp=2389 ms, used_size=15372288 bytes (37.5%)
(RDMA_READ_CONSUME_CHECK_CONSUMER) timestamp=2389 ms, used_size=15370240 bytes (37.5%)
(RDMA_READ_CONSUME_CHECK_CONSUMER) timestamp=2389 ms, used_size=15368192 bytes (37.5%)
(RDMA_READ_CONSUME_CHECK_CONSUMER) timestamp=2389 ms, used_size=15366144 bytes (37.5%)
(RDMA_READ_CONSUME_CHECK_CONSUMER) timestamp=2389 ms, used_size=15364096 bytes (37.5%)
(RDMA_READ_CONSUME_CHECK_CONSUMER) timestamp=2389 ms, used_size=15362048 bytes (37.5%)
(RDMA_READ_CONSUME_CHECK_CONSUMER) timestamp=2389 ms, used_size=15360000 bytes (37.5%)
(RDMA_READ_CONSUME_CHECK_CONSUMER) timestamp=2389 ms, used_size=15357952 bytes (37.5%)
(RDMA_READ_CONSUME_CHECK_CONSUMER) timestamp=2389 ms, used_size=15355904 bytes (37.5%)
(RDMA_READ_CONSUME_CHECK_CONSUMER) timestamp=2389 ms, used_size=15353856 bytes (37.5%)
(RDMA_READ_CONSUME_CHECK_CONSUMER) timestamp=2389 ms, used_size=15351808 bytes (37.5%)
(RDMA_READ_CONSUME_CHECK_CONSUMER) timestamp=2389 ms, used_size=15349760 bytes (37.5%)
(RDMA_READ_CONSUME_CHECK_CONSUMER) timestamp=2389 ms, used_size=15347712 bytes (37.5%)
(RDMA_READ_CONSUME_CHECK_CONSUMER) timestamp=2389 ms, used_size=15345664 bytes (37.5%)
(RDMA_READ_CONSUME_CHECK_CONSUMER) timestamp=2389 ms, used_size=15343616 bytes (37.5%)
(RDMA_READ_CONSUME_CHECK_CONSUMER) timestamp=2389 ms, used_size=15341568 bytes (37.5%)
(RDMA_READ_CONSUME_CHECK_CONSUMER) timestamp=2389 ms, used_size=15339520 bytes (37.5%)
(RDMA_READ_CONSUME_CHECK_CONSUMER) timestamp=2389 ms, used_size=15337472 bytes (37.4%)
(RDMA_READ_CONSUME_CHECK_CONSUMER) timestamp=2389 ms, used_size=15335424 bytes (37.4%)
(RDMA_READ_CONSUME_CHECK_CONSUMER) timestamp=2389 ms, used_size=15333376 bytes (37.4%)
(RDMA_READ_CONSUME_CHECK_CONSUMER) timestamp=2389 ms, used_size=15331328 bytes (37.4%)
(RDMA_READ_CONSUME_CHECK_CONSUMER) timestamp=2389 ms, used_size=15329280 bytes (37.4%)
(RDMA_READ_CONSUME_CHECK_CONSUMER) timestamp=2389 ms, used_size=15327232 bytes (37.4%)
(RDMA_READ_CONSUME_CHECK_CONSUMER) timestamp=2389 ms, used_size=15325184 bytes (37.4%)
(RDMA_READ_CONSUME_CHECK_CONSUMER) timestamp=2389 ms, used_size=15323136 bytes (37.4%)
(RDMA_READ_CONSUME_CHECK_CONSUMER) timestamp=2389 ms, used_size=15321088 bytes (37.4%)
(RDMA_READ_CONSUME_CHECK_CONSUMER) timestamp=2389 ms, used_size=15319040 bytes (37.4%)
(RDMA_READ_CONSUME_CHECK_CONSUMER) timestamp=2389 ms, used_size=15316992 bytes (37.4%)
(RDMA_READ_CONSUME_CHECK_CONSUMER) timestamp=2389 ms, used_size=15314944 bytes (37.4%)
(RDMA_READ_CONSUME_CHECK_CONSUMER) timestamp=2389 ms, used_size=15312896 bytes (37.4%)
(RDMA_READ_CONSUME_CHECK_CONSUMER) timestamp=2389 ms, used_size=15310848 bytes (37.4%)
(RDMA_READ_CONSUME_CHECK_CONSUMER) timestamp=2389 ms, used_size=15308800 bytes (37.4%)
(RDMA_READ_CONSUME_CHECK_CONSUMER) timestamp=2389 ms, used_size=15306752 bytes (37.4%)
(RDMA_READ_CONSUME_CHECK_CONSUMER) timestamp=2389 ms, used_size=15304704 bytes (37.4%)
(RDMA_READ_CONSUME_CHECK_CONSUMER) timestamp=2389 ms, used_size=15302656 bytes (37.4%)
(RDMA_READ_CONSUME_CHECK_CONSUMER) timestamp=2389 ms, used_size=15300608 bytes (37.4%)
(RDMA_READ_CONSUME_CHECK_CONSUMER) timestamp=2389 ms, used_size=15298560 bytes (37.4%)
(RDMA_READ_CONSUME_CHECK_CONSUMER) timestamp=2389 ms, used_size=15296512 bytes (37.3%)
(RDMA_READ_CONSUME_CHECK_CONSUMER) timestamp=2389 ms, used_size=15294464 bytes (37.3%)
(RDMA_READ_CONSUME_CHECK_CONSUMER) timestamp=2389 ms, used_size=15292416 bytes (37.3%)
(RDMA_READ_CONSUME_CHECK_CONSUMER) timestamp=2389 ms, used_size=15290368 bytes (37.3%)
(RDMA_READ_CONSUME_CHECK_CONSUMER) timestamp=2389 ms, used_size=15288320 bytes (37.3%)
(RDMA_READ_CONSUME_CHECK_CONSUMER) timestamp=2389 ms, used_size=15286272 bytes (37.3%)
(RDMA_READ_CONSUME_CHECK_CONSUMER) timestamp=2389 ms, used_size=15284224 bytes (37.3%)
(RDMA_READ_CONSUME_CHECK_CONSUMER) timestamp=2389 ms, used_size=15282176 bytes (37.3%)
(RDMA_READ_CONSUME_CHECK_CONSUMER) timestamp=2389 ms, used_size=15280128 bytes (37.3%)
(RDMA_READ_CONSUME_CHECK_CONSUMER) timestamp=2389 ms, used_size=15278080 bytes (37.3%)
(RDMA_READ_CONSUME_CHECK_CONSUMER) timestamp=2389 ms, used_size=15276032 bytes (37.3%)
(RDMA_READ_CONSUME_CHECK_CONSUMER) timestamp=2389 ms, used_size=15273984 bytes (37.3%)
(RDMA_READ_CONSUME_CHECK_CONSUMER) timestamp=2389 ms, used_size=15271936 bytes (37.3%)
(RDMA_READ_CONSUME_CHECK_CONSUMER) timestamp=2389 ms, used_size=15269888 bytes (37.3%)
(RDMA_READ_CONSUME_CHECK_CONSUMER) timestamp=2389 ms, used_size=15267840 bytes (37.3%)
(RDMA_READ_CONSUME_CHECK_CONSUMER) timestamp=2389 ms, used_size=15265792 bytes (37.3%)
(RDMA_READ_CONSUME_CHECK_CONSUMER) timestamp=2389 ms, used_size=15263744 bytes (37.3%)
(RDMA_READ_CONSUME_CHECK_CONSUMER) timestamp=2389 ms, used_size=15261696 bytes (37.3%)
(RDMA_READ_CONSUME_CHECK_CONSUMER) timestamp=2389 ms, used_size=15259648 bytes (37.3%)
(RDMA_READ_CONSUME_CHECK_CONSUMER) timestamp=2389 ms, used_size=15257600 bytes (37.2%)
(RDMA_READ_CONSUME_CHECK_CONSUMER) timestamp=2389 ms, used_size=15255552 bytes (37.2%)
(RDMA_READ_CONSUME_CHECK_CONSUMER) timestamp=2389 ms, used_size=15253504 bytes (37.2%)
(RDMA_READ_CONSUME_CHECK_CONSUMER) timestamp=2389 ms, used_size=15251456 bytes (37.2%)
(RDMA_READ_CONSUME_CHECK_CONSUMER) timestamp=2389 ms, used_size=15249408 bytes (37.2%)
(RDMA_READ_CONSUME_CHECK_CONSUMER) timestamp=2389 ms, used_size=15247360 bytes (37.2%)
(RDMA_READ_CONSUME_CHECK_CONSUMER) timestamp=2389 ms, used_size=15245312 bytes (37.2%)
(RDMA_READ_CONSUME_CHECK_CONSUMER) timestamp=2389 ms, used_size=15243264 bytes (37.2%)
(RDMA_READ_CONSUME_CHECK_CONSUMER) timestamp=2389 ms, used_size=15241216 bytes (37.2%)
(RDMA_READ_CONSUME_CHECK_CONSUMER) timestamp=2389 ms, used_size=15239168 bytes (37.2%)
(RDMA_READ_CONSUME_CHECK_CONSUMER) timestamp=2389 ms, used_size=15237120 bytes (37.2%)
(RDMA_READ_CONSUME_CHECK_CONSUMER) timestamp=2389 ms, used_size=15235072 bytes (37.2%)
(RDMA_READ_CONSUME_CHECK_CONSUMER) timestamp=2389 ms, used_size=15233024 bytes (37.2%)
(RDMA_READ_CONSUME_CHECK_CONSUMER) timestamp=2389 ms, used_size=15230976 bytes (37.2%)
(RDMA_READ_CONSUME_CHECK_CONSUMER) timestamp=2389 ms, used_size=15228928 bytes (37.2%)
(RDMA_READ_CONSUME_CHECK_CONSUMER) timestamp=2389 ms, used_size=15226880 bytes (37.2%)
(RDMA_READ_CONSUME_CHECK_CONSUMER) timestamp=2389 ms, used_size=15224832 bytes (37.2%)
(RDMA_READ_CONSUME_CHECK_CONSUMER) timestamp=2389 ms, used_size=15222784 bytes (37.2%)
(RDMA_READ_CONSUME_CHECK_CONSUMER) timestamp=2389 ms, used_size=15220736 bytes (37.2%)
(RDMA_READ_CONSUME_CHECK_CONSUMER) timestamp=2389 ms, used_size=15218688 bytes (37.2%)
(RDMA_READ_CONSUME_CHECK_CONSUMER) timestamp=2389 ms, used_size=15216640 bytes (37.1%)
(RDMA_READ_CONSUME_CHECK_CONSUMER) timestamp=2389 ms, used_size=15214592 bytes (37.1%)
(RDMA_READ_CONSUME_CHECK_CONSUMER) timestamp=2389 ms, used_size=15212544 bytes (37.1%)
(RDMA_READ_CONSUME_CHECK_CONSUMER) timestamp=2389 ms, used_size=15210496 bytes (37.1%)
(RDMA_READ_CONSUME_CHECK_CONSUMER) timestamp=2389 ms, used_size=15208448 bytes (37.1%)
(RDMA_READ_CONSUME_CHECK_CONSUMER) timestamp=2389 ms, used_size=15206400 bytes (37.1%)
(RDMA_READ_CONSUME_CHECK_CONSUMER) timestamp=2389 ms, used_size=15204352 bytes (37.1%)
(RDMA_READ_CONSUME_CHECK_CONSUMER) timestamp=2389 ms, used_size=15202304 bytes (37.1%)
(RDMA_READ_CONSUME_CHECK_CONSUMER) timestamp=2389 ms, used_size=15200256 bytes (37.1%)
(RDMA_READ_CONSUME_CHECK_CONSUMER) timestamp=2389 ms, used_size=15198208 bytes (37.1%)
(RDMA_READ_CONSUME_CHECK_CONSUMER) timestamp=2389 ms, used_size=15196160 bytes (37.1%)
(RDMA_READ_CONSUME_CHECK_CONSUMER) timestamp=2389 ms, used_size=15194112 bytes (37.1%)
(RDMA_READ_CONSUME_CHECK_CONSUMER) timestamp=2389 ms, used_size=15192064 bytes (37.1%)
(RDMA_READ_CONSUME_CHECK_CONSUMER) timestamp=2389 ms, used_size=15190016 bytes (37.1%)
(RDMA_READ_CONSUME_CHECK_CONSUMER) timestamp=2389 ms, used_size=15187968 bytes (37.1%)
(RDMA_READ_CONSUME_CHECK_CONSUMER) timestamp=2389 ms, used_size=15185920 bytes (37.1%)
(RDMA_READ_CONSUME_CHECK_CONSUMER) timestamp=2389 ms, used_size=15183872 bytes (37.1%)
(RDMA_READ_CONSUME_CHECK_CONSUMER) timestamp=2389 ms, used_size=15181824 bytes (37.1%)
(RDMA_READ_CONSUME_CHECK_CONSUMER) timestamp=2389 ms, used_size=15179776 bytes (37.1%)
(RDMA_READ_CONSUME_CHECK_CONSUMER) timestamp=2389 ms, used_size=15177728 bytes (37.1%)
(RDMA_READ_CONSUME_CHECK_CONSUMER) timestamp=2389 ms, used_size=15175680 bytes (37.0%)
(RDMA_READ_CONSUME_CHECK_CONSUMER) timestamp=2389 ms, used_size=15173632 bytes (37.0%)
(RDMA_READ_CONSUME_CHECK_CONSUMER) timestamp=2389 ms, used_size=15171584 bytes (37.0%)
(RDMA_READ_CONSUME_CHECK_CONSUMER) timestamp=2389 ms, used_size=15169536 bytes (37.0%)
(RDMA_READ_CONSUME_CHECK_CONSUMER) timestamp=2389 ms, used_size=15167488 bytes (37.0%)
(RDMA_READ_CONSUME_CHECK_CONSUMER) timestamp=2389 ms, used_size=15165440 bytes (37.0%)
(RDMA_READ_CONSUME_CHECK_CONSUMER) timestamp=2389 ms, used_size=15163392 bytes (37.0%)
(RDMA_READ_CONSUME_CHECK_CONSUMER) timestamp=2389 ms, used_size=15161344 bytes (37.0%)
(RDMA_READ_CONSUME_CHECK_CONSUMER) timestamp=2389 ms, used_size=15159296 bytes (37.0%)
(RDMA_READ_CONSUME_CHECK_CONSUMER) timestamp=2389 ms, used_size=15157248 bytes (37.0%)
(RDMA_READ_CONSUME_CHECK_CONSUMER) timestamp=2389 ms, used_size=15155200 bytes (37.0%)
(RDMA_READ_CONSUME_CHECK_CONSUMER) timestamp=2389 ms, used_size=15153152 bytes (37.0%)
(RDMA_READ_CONSUME_CHECK_CONSUMER) timestamp=2389 ms, used_size=15151104 bytes (37.0%)
(RDMA_READ_CONSUME_CHECK_CONSUMER) timestamp=2389 ms, used_size=15149056 bytes (37.0%)
(RDMA_READ_CONSUME_CHECK_CONSUMER) timestamp=2389 ms, used_size=15147008 bytes (37.0%)
(RDMA_READ_CONSUME_CHECK_CONSUMER) timestamp=2389 ms, used_size=15144960 bytes (37.0%)
(RDMA_READ_CONSUME_CHECK_CONSUMER) timestamp=2389 ms, used_size=15142912 bytes (37.0%)
(RDMA_READ_CONSUME_CHECK_CONSUMER) timestamp=2389 ms, used_size=15140864 bytes (37.0%)
(RDMA_READ_CONSUME_CHECK_CONSUMER) timestamp=2389 ms, used_size=15138816 bytes (37.0%)
(RDMA_READ_CONSUME_CHECK_CONSUMER) timestamp=2389 ms, used_size=15136768 bytes (37.0%)
(RDMA_READ_CONSUME_CHECK_CONSUMER) timestamp=2389 ms, used_size=15134720 bytes (37.0%)
(RDMA_READ_CONSUME_CHECK_CONSUMER) timestamp=2389 ms, used_size=15132672 bytes (36.9%)
(RDMA_READ_CONSUME_CHECK_CONSUMER) timestamp=2389 ms, used_size=15130624 bytes (36.9%)
(RDMA_READ_CONSUME_CHECK_CONSUMER) timestamp=2389 ms, used_size=15128576 bytes (36.9%)
(RDMA_READ_CONSUME_CHECK_CONSUMER) timestamp=2390 ms, used_size=15126528 bytes (36.9%)
(RDMA_READ_CONSUME_CHECK_CONSUMER) timestamp=2390 ms, used_size=15124480 bytes (36.9%)
(RDMA_READ_CONSUME_CHECK_CONSUMER) timestamp=2390 ms, used_size=15122432 bytes (36.9%)
(RDMA_READ_CONSUME_CHECK_CONSUMER) timestamp=2390 ms, used_size=15120384 bytes (36.9%)
(RDMA_READ_CONSUME_CHECK_CONSUMER) timestamp=2390 ms, used_size=15118336 bytes (36.9%)
(RDMA_READ_CONSUME_CHECK_CONSUMER) timestamp=2390 ms, used_size=15116288 bytes (36.9%)
(RDMA_READ_CONSUME_CHECK_CONSUMER) timestamp=2390 ms, used_size=15114240 bytes (36.9%)
(RDMA_READ_CONSUME_CHECK_CONSUMER) timestamp=2390 ms, used_size=15112192 bytes (36.9%)
(RDMA_READ_CONSUME_CHECK_CONSUMER) timestamp=2390 ms, used_size=15110144 bytes (36.9%)
(RDMA_READ_CONSUME_CHECK_CONSUMER) timestamp=2390 ms, used_size=15108096 bytes (36.9%)
(RDMA_READ_CONSUME_CHECK_CONSUMER) timestamp=2390 ms, used_size=15106048 bytes (36.9%)
(RDMA_READ_CONSUME_CHECK_CONSUMER) timestamp=2390 ms, used_size=15104000 bytes (36.9%)
(RDMA_READ_CONSUME_CHECK_CONSUMER) timestamp=2390 ms, used_size=15101952 bytes (36.9%)
(RDMA_READ_CONSUME_CHECK_CONSUMER) timestamp=2390 ms, used_size=15099904 bytes (36.9%)
(RDMA_READ_CONSUME_CHECK_CONSUMER) timestamp=2390 ms, used_size=15097856 bytes (36.9%)
(RDMA_READ_CONSUME_CHECK_CONSUMER) timestamp=2390 ms, used_size=15095808 bytes (36.9%)
(RDMA_READ_CONSUME_CHECK_CONSUMER) timestamp=2390 ms, used_size=15093760 bytes (36.9%)
(RDMA_READ_CONSUME_CHECK_CONSUMER) timestamp=2390 ms, used_size=15091712 bytes (36.8%)
(RDMA_READ_CONSUME_CHECK_CONSUMER) timestamp=2390 ms, used_size=15089664 bytes (36.8%)
(RDMA_READ_CONSUME_CHECK_CONSUMER) timestamp=2390 ms, used_size=15087616 bytes (36.8%)
(RDMA_READ_CONSUME_CHECK_CONSUMER) timestamp=2390 ms, used_size=15085568 bytes (36.8%)
(RDMA_READ_CONSUME_CHECK_CONSUMER) timestamp=2390 ms, used_size=15083520 bytes (36.8%)
(RDMA_READ_CONSUME_CHECK_CONSUMER) timestamp=2390 ms, used_size=15081472 bytes (36.8%)
(RDMA_READ_CONSUME_CHECK_CONSUMER) timestamp=2390 ms, used_size=15079424 bytes (36.8%)
(RDMA_READ_CONSUME_CHECK_CONSUMER) timestamp=2390 ms, used_size=15077376 bytes (36.8%)
(RDMA_READ_CONSUME_CHECK_CONSUMER) timestamp=2390 ms, used_size=15075328 bytes (36.8%)
(RDMA_READ_CONSUME_CHECK_CONSUMER) timestamp=2390 ms, used_size=15073280 bytes (36.8%)
(RDMA_READ_CONSUME_CHECK_CONSUMER) timestamp=2390 ms, used_size=15071232 bytes (36.8%)
(RDMA_READ_CONSUME_CHECK_CONSUMER) timestamp=2390 ms, used_size=15069184 bytes (36.8%)
(RDMA_READ_CONSUME_CHECK_CONSUMER) timestamp=2390 ms, used_size=15067136 bytes (36.8%)
(RDMA_READ_CONSUME_CHECK_CONSUMER) timestamp=2390 ms, used_size=15065088 bytes (36.8%)
(RDMA_READ_CONSUME_CHECK_CONSUMER) timestamp=2390 ms, used_size=15063040 bytes (36.8%)
(RDMA_READ_CONSUME_CHECK_CONSUMER) timestamp=2390 ms, used_size=15060992 bytes (36.8%)
(RDMA_READ_CONSUME_CHECK_CONSUMER) timestamp=2390 ms, used_size=15058944 bytes (36.8%)
(RDMA_READ_CONSUME_CHECK_CONSUMER) timestamp=2390 ms, used_size=15056896 bytes (36.8%)
(RDMA_READ_CONSUME_CHECK_CONSUMER) timestamp=2390 ms, used_size=15054848 bytes (36.8%)
(RDMA_READ_CONSUME_CHECK_CONSUMER) timestamp=2390 ms, used_size=15052800 bytes (36.8%)
(RDMA_READ_CONSUME_CHECK_CONSUMER) timestamp=2390 ms, used_size=15050752 bytes (36.7%)
(RDMA_READ_CONSUME_CHECK_CONSUMER) timestamp=2390 ms, used_size=15048704 bytes (36.7%)
(RDMA_READ_CONSUME_CHECK_CONSUMER) timestamp=2390 ms, used_size=15046656 bytes (36.7%)
(RDMA_READ_CONSUME_CHECK_CONSUMER) timestamp=2390 ms, used_size=15044608 bytes (36.7%)
(RDMA_READ_CONSUME_CHECK_CONSUMER) timestamp=2390 ms, used_size=15042560 bytes (36.7%)
(RDMA_READ_CONSUME_CHECK_CONSUMER) timestamp=2390 ms, used_size=15040512 bytes (36.7%)
(RDMA_READ_CONSUME_CHECK_CONSUMER) timestamp=2390 ms, used_size=15038464 bytes (36.7%)
(RDMA_READ_CONSUME_CHECK_CONSUMER) timestamp=2390 ms, used_size=15036416 bytes (36.7%)
(RDMA_READ_CONSUME_CHECK_CONSUMER) timestamp=2390 ms, used_size=15034368 bytes (36.7%)
(RDMA_READ_CONSUME_CHECK_CONSUMER) timestamp=2390 ms, used_size=15032320 bytes (36.7%)
(RDMA_READ_CONSUME_CHECK_CONSUMER) timestamp=2390 ms, used_size=15030272 bytes (36.7%)
(RDMA_READ_CONSUME_CHECK_CONSUMER) timestamp=2390 ms, used_size=15028224 bytes (36.7%)
(RDMA_READ_CONSUME_CHECK_CONSUMER) timestamp=2390 ms, used_size=15026176 bytes (36.7%)
(RDMA_READ_CONSUME_CHECK_CONSUMER) timestamp=2390 ms, used_size=15024128 bytes (36.7%)
(RDMA_READ_CONSUME_CHECK_CONSUMER) timestamp=2390 ms, used_size=15022080 bytes (36.7%)
(RDMA_READ_CONSUME_CHECK_CONSUMER) timestamp=2390 ms, used_size=15020032 bytes (36.7%)
(RDMA_READ_CONSUME_CHECK_CONSUMER) timestamp=2390 ms, used_size=15017984 bytes (36.7%)
(RDMA_READ_CONSUME_CHECK_CONSUMER) timestamp=2390 ms, used_size=15015936 bytes (36.7%)
(RDMA_READ_CONSUME_CHECK_CONSUMER) timestamp=2390 ms, used_size=15013888 bytes (36.7%)
(RDMA_READ_CONSUME_CHECK_CONSUMER) timestamp=2390 ms, used_size=15011840 bytes (36.6%)
(RDMA_READ_CONSUME_CHECK_CONSUMER) timestamp=2390 ms, used_size=15009792 bytes (36.6%)
(RDMA_READ_CONSUME_CHECK_CONSUMER) timestamp=2390 ms, used_size=15007744 bytes (36.6%)
(RDMA_READ_CONSUME_CHECK_CONSUMER) timestamp=2390 ms, used_size=15005696 bytes (36.6%)
(RDMA_READ_CONSUME_CHECK_CONSUMER) timestamp=2390 ms, used_size=15003648 bytes (36.6%)
(RDMA_READ_CONSUME_CHECK_CONSUMER) timestamp=2390 ms, used_size=15001600 bytes (36.6%)
(RDMA_READ_CONSUME_CHECK_CONSUMER) timestamp=2390 ms, used_size=14999552 bytes (36.6%)
(RDMA_READ_CONSUME_CHECK_CONSUMER) timestamp=2390 ms, used_size=14997504 bytes (36.6%)
(RDMA_READ_CONSUME_CHECK_CONSUMER) timestamp=2390 ms, used_size=14995456 bytes (36.6%)
(RDMA_READ_CONSUME_CHECK_CONSUMER) timestamp=2390 ms, used_size=14993408 bytes (36.6%)
(RDMA_READ_CONSUME_CHECK_CONSUMER) timestamp=2390 ms, used_size=14991360 bytes (36.6%)
(RDMA_READ_CONSUME_CHECK_CONSUMER) timestamp=2390 ms, used_size=14989312 bytes (36.6%)
(RDMA_READ_CONSUME_CHECK_CONSUMER) timestamp=2390 ms, used_size=14987264 bytes (36.6%)
(RDMA_READ_CONSUME_CHECK_CONSUMER) timestamp=2390 ms, used_size=14985216 bytes (36.6%)
(RDMA_READ_CONSUME_CHECK_CONSUMER) timestamp=2390 ms, used_size=14983168 bytes (36.6%)
(RDMA_READ_CONSUME_CHECK_CONSUMER) timestamp=2390 ms, used_size=14981120 bytes (36.6%)
(RDMA_READ_CONSUME_CHECK_CONSUMER) timestamp=2390 ms, used_size=14979072 bytes (36.6%)
(RDMA_READ_CONSUME_CHECK_CONSUMER) timestamp=2390 ms, used_size=14977024 bytes (36.6%)
(RDMA_READ_CONSUME_CHECK_CONSUMER) timestamp=2390 ms, used_size=14974976 bytes (36.6%)
(RDMA_READ_CONSUME_CHECK_CONSUMER) timestamp=2390 ms, used_size=14972928 bytes (36.6%)
(RDMA_READ_CONSUME_CHECK_CONSUMER) timestamp=2390 ms, used_size=14970880 bytes (36.5%)
(RDMA_READ_CONSUME_CHECK_CONSUMER) timestamp=2390 ms, used_size=14968832 bytes (36.5%)
(RDMA_READ_CONSUME_CHECK_CONSUMER) timestamp=2390 ms, used_size=14966784 bytes (36.5%)
(RDMA_READ_CONSUME_CHECK_CONSUMER) timestamp=2390 ms, used_size=14964736 bytes (36.5%)
(RDMA_READ_CONSUME_CHECK_CONSUMER) timestamp=2390 ms, used_size=14962688 bytes (36.5%)
(RDMA_READ_CONSUME_CHECK_CONSUMER) timestamp=2390 ms, used_size=14960640 bytes (36.5%)
(RDMA_READ_CONSUME_CHECK_CONSUMER) timestamp=2390 ms, used_size=14958592 bytes (36.5%)
(RDMA_READ_CONSUME_CHECK_CONSUMER) timestamp=2390 ms, used_size=14956544 bytes (36.5%)
(RDMA_READ_CONSUME_CHECK_CONSUMER) timestamp=2390 ms, used_size=14954496 bytes (36.5%)
(RDMA_READ_CONSUME_CHECK_CONSUMER) timestamp=2390 ms, used_size=14952448 bytes (36.5%)
(RDMA_READ_CONSUME_CHECK_CONSUMER) timestamp=2390 ms, used_size=14950400 bytes (36.5%)
(RDMA_READ_CONSUME_CHECK_CONSUMER) timestamp=2390 ms, used_size=14948352 bytes (36.5%)
(RDMA_READ_CONSUME_CHECK_CONSUMER) timestamp=2390 ms, used_size=14946304 bytes (36.5%)
(RDMA_READ_CONSUME_CHECK_CONSUMER) timestamp=2390 ms, used_size=14944256 bytes (36.5%)
(RDMA_READ_CONSUME_CHECK_CONSUMER) timestamp=2390 ms, used_size=14942208 bytes (36.5%)
(RDMA_READ_CONSUME_CHECK_CONSUMER) timestamp=2390 ms, used_size=14940160 bytes (36.5%)
(RDMA_READ_CONSUME_CHECK_CONSUMER) timestamp=2390 ms, used_size=14938112 bytes (36.5%)
(RDMA_READ_CONSUME_CHECK_CONSUMER) timestamp=2390 ms, used_size=14936064 bytes (36.5%)
(RDMA_READ_CONSUME_CHECK_CONSUMER) timestamp=2390 ms, used_size=14934016 bytes (36.5%)
(RDMA_READ_CONSUME_CHECK_CONSUMER) timestamp=2390 ms, used_size=14931968 bytes (36.5%)
(RDMA_READ_CONSUME_CHECK_CONSUMER) timestamp=2390 ms, used_size=14929920 bytes (36.5%)
(RDMA_READ_CONSUME_CHECK_CONSUMER) timestamp=2390 ms, used_size=14927872 bytes (36.4%)
(RDMA_READ_CONSUME_CHECK_CONSUMER) timestamp=2390 ms, used_size=14925824 bytes (36.4%)
(RDMA_READ_CONSUME_CHECK_CONSUMER) timestamp=2390 ms, used_size=14923776 bytes (36.4%)
(RDMA_READ_CONSUME_CHECK_CONSUMER) timestamp=2390 ms, used_size=14921728 bytes (36.4%)
(RDMA_READ_CONSUME_CHECK_CONSUMER) timestamp=2390 ms, used_size=14919680 bytes (36.4%)
(RDMA_READ_CONSUME_CHECK_CONSUMER) timestamp=2390 ms, used_size=14917632 bytes (36.4%)
(RDMA_READ_CONSUME_CHECK_CONSUMER) timestamp=2390 ms, used_size=14915584 bytes (36.4%)
(RDMA_READ_CONSUME_CHECK_CONSUMER) timestamp=2390 ms, used_size=14913536 bytes (36.4%)
(RDMA_READ_CONSUME_CHECK_CONSUMER) timestamp=2390 ms, used_size=14911488 bytes (36.4%)
(RDMA_READ_CONSUME_CHECK_CONSUMER) timestamp=2390 ms, used_size=14909440 bytes (36.4%)
(RDMA_READ_CONSUME_CHECK_CONSUMER) timestamp=2390 ms, used_size=14907392 bytes (36.4%)
(RDMA_READ_CONSUME_CHECK_CONSUMER) timestamp=2390 ms, used_size=14905344 bytes (36.4%)
(RDMA_READ_CONSUME_CHECK_CONSUMER) timestamp=2390 ms, used_size=14903296 bytes (36.4%)
(RDMA_READ_CONSUME_CHECK_CONSUMER) timestamp=2390 ms, used_size=14901248 bytes (36.4%)
(RDMA_READ_CONSUME_CHECK_CONSUMER) timestamp=2390 ms, used_size=14899200 bytes (36.4%)
(RDMA_READ_CONSUME_CHECK_CONSUMER) timestamp=2390 ms, used_size=14897152 bytes (36.4%)
(RDMA_READ_CONSUME_CHECK_CONSUMER) timestamp=2390 ms, used_size=14895104 bytes (36.4%)
(RDMA_READ_CONSUME_CHECK_CONSUMER) timestamp=2390 ms, used_size=14893056 bytes (36.4%)
(RDMA_READ_CONSUME_CHECK_CONSUMER) timestamp=2390 ms, used_size=14891008 bytes (36.4%)
(RDMA_READ_CONSUME_CHECK_CONSUMER) timestamp=2390 ms, used_size=14888960 bytes (36.4%)
(RDMA_READ_CONSUME_CHECK_CONSUMER) timestamp=2390 ms, used_size=14886912 bytes (36.3%)
(RDMA_READ_CONSUME_CHECK_CONSUMER) timestamp=2390 ms, used_size=14884864 bytes (36.3%)
(RDMA_READ_CONSUME_CHECK_CONSUMER) timestamp=2390 ms, used_size=14882816 bytes (36.3%)
(RDMA_READ_CONSUME_CHECK_CONSUMER) timestamp=2390 ms, used_size=14880768 bytes (36.3%)
(RDMA_READ_CONSUME_CHECK_CONSUMER) timestamp=2390 ms, used_size=14878720 bytes (36.3%)
(RDMA_READ_CONSUME_CHECK_CONSUMER) timestamp=2390 ms, used_size=14876672 bytes (36.3%)
(RDMA_READ_CONSUME_CHECK_CONSUMER) timestamp=2390 ms, used_size=14874624 bytes (36.3%)
(RDMA_READ_CONSUME_CHECK_CONSUMER) timestamp=2390 ms, used_size=14872576 bytes (36.3%)
(RDMA_READ_CONSUME_CHECK_CONSUMER) timestamp=2390 ms, used_size=14870528 bytes (36.3%)
(RDMA_READ_CONSUME_CHECK_CONSUMER) timestamp=2390 ms, used_size=14868480 bytes (36.3%)
(RDMA_READ_CONSUME_CHECK_CONSUMER) timestamp=2390 ms, used_size=14866432 bytes (36.3%)
(RDMA_READ_CONSUME_CHECK_CONSUMER) timestamp=2390 ms, used_size=14864384 bytes (36.3%)
(RDMA_READ_CONSUME_CHECK_CONSUMER) timestamp=2390 ms, used_size=14862336 bytes (36.3%)
(RDMA_READ_CONSUME_CHECK_CONSUMER) timestamp=2390 ms, used_size=14860288 bytes (36.3%)
(RDMA_READ_CONSUME_CHECK_CONSUMER) timestamp=2390 ms, used_size=14858240 bytes (36.3%)
(RDMA_READ_CONSUME_CHECK_CONSUMER) timestamp=2390 ms, used_size=14856192 bytes (36.3%)
(RDMA_READ_CONSUME_CHECK_CONSUMER) timestamp=2390 ms, used_size=14854144 bytes (36.3%)
(RDMA_READ_CONSUME_CHECK_CONSUMER) timestamp=2390 ms, used_size=14852096 bytes (36.3%)
(RDMA_READ_CONSUME_CHECK_CONSUMER) timestamp=2390 ms, used_size=14850048 bytes (36.3%)
(RDMA_READ_CONSUME_CHECK_CONSUMER) timestamp=2390 ms, used_size=14848000 bytes (36.2%)
(RDMA_READ_CONSUME_CHECK_CONSUMER) timestamp=2390 ms, used_size=14845952 bytes (36.2%)
(RDMA_READ_CONSUME_CHECK_CONSUMER) timestamp=2390 ms, used_size=14843904 bytes (36.2%)
(RDMA_READ_CONSUME_CHECK_CONSUMER) timestamp=2390 ms, used_size=14841856 bytes (36.2%)
(RDMA_READ_CONSUME_CHECK_CONSUMER) timestamp=2390 ms, used_size=14839808 bytes (36.2%)
(RDMA_READ_CONSUME_CHECK_CONSUMER) timestamp=2390 ms, used_size=14837760 bytes (36.2%)
(RDMA_READ_CONSUME_CHECK_CONSUMER) timestamp=2390 ms, used_size=14835712 bytes (36.2%)
(RDMA_READ_CONSUME_CHECK_CONSUMER) timestamp=2390 ms, used_size=14833664 bytes (36.2%)
(RDMA_READ_CONSUME_CHECK_CONSUMER) timestamp=2390 ms, used_size=14831616 bytes (36.2%)
(RDMA_READ_CONSUME_CHECK_CONSUMER) timestamp=2390 ms, used_size=14829568 bytes (36.2%)
(RDMA_READ_CONSUME_CHECK_CONSUMER) timestamp=2390 ms, used_size=14827520 bytes (36.2%)
(RDMA_READ_CONSUME_CHECK_CONSUMER) timestamp=2390 ms, used_size=14825472 bytes (36.2%)
(RDMA_READ_CONSUME_CHECK_CONSUMER) timestamp=2390 ms, used_size=14823424 bytes (36.2%)
(RDMA_READ_CONSUME_CHECK_CONSUMER) timestamp=2390 ms, used_size=14821376 bytes (36.2%)
(RDMA_READ_CONSUME_CHECK_CONSUMER) timestamp=2390 ms, used_size=14819328 bytes (36.2%)
(RDMA_READ_CONSUME_CHECK_CONSUMER) timestamp=2390 ms, used_size=14817280 bytes (36.2%)
(RDMA_READ_CONSUME_CHECK_CONSUMER) timestamp=2390 ms, used_size=14815232 bytes (36.2%)
(RDMA_READ_CONSUME_CHECK_CONSUMER) timestamp=2390 ms, used_size=14813184 bytes (36.2%)
(RDMA_READ_CONSUME_CHECK_CONSUMER) timestamp=2390 ms, used_size=14811136 bytes (36.2%)
(RDMA_READ_CONSUME_CHECK_CONSUMER) timestamp=2390 ms, used_size=14809088 bytes (36.2%)
(RDMA_READ_CONSUME_CHECK_CONSUMER) timestamp=2390 ms, used_size=14807040 bytes (36.1%)
(RDMA_READ_CONSUME_CHECK_CONSUMER) timestamp=2390 ms, used_size=14804992 bytes (36.1%)
(RDMA_READ_CONSUME_CHECK_CONSUMER) timestamp=2390 ms, used_size=14802944 bytes (36.1%)
(RDMA_READ_CONSUME_CHECK_CONSUMER) timestamp=2390 ms, used_size=14800896 bytes (36.1%)
(RDMA_READ_CONSUME_CHECK_CONSUMER) timestamp=2390 ms, used_size=14798848 bytes (36.1%)
(RDMA_READ_CONSUME_CHECK_CONSUMER) timestamp=2390 ms, used_size=14796800 bytes (36.1%)
(RDMA_READ_CONSUME_CHECK_CONSUMER) timestamp=2390 ms, used_size=14794752 bytes (36.1%)
(RDMA_READ_CONSUME_CHECK_CONSUMER) timestamp=2390 ms, used_size=14792704 bytes (36.1%)
(RDMA_READ_CONSUME_CHECK_CONSUMER) timestamp=2390 ms, used_size=14790656 bytes (36.1%)
(RDMA_READ_CONSUME_CHECK_CONSUMER) timestamp=2390 ms, used_size=14788608 bytes (36.1%)
(RDMA_READ_CONSUME_CHECK_CONSUMER) timestamp=2390 ms, used_size=14786560 bytes (36.1%)
(RDMA_READ_CONSUME_CHECK_CONSUMER) timestamp=2390 ms, used_size=14784512 bytes (36.1%)
(RDMA_READ_CONSUME_CHECK_CONSUMER) timestamp=2390 ms, used_size=14782464 bytes (36.1%)
(RDMA_READ_CONSUME_CHECK_CONSUMER) timestamp=2390 ms, used_size=14780416 bytes (36.1%)
(RDMA_READ_CONSUME_CHECK_CONSUMER) timestamp=2390 ms, used_size=14778368 bytes (36.1%)
(RDMA_READ_CONSUME_CHECK_CONSUMER) timestamp=2390 ms, used_size=14776320 bytes (36.1%)
(RDMA_READ_CONSUME_CHECK_CONSUMER) timestamp=2390 ms, used_size=14774272 bytes (36.1%)
(RDMA_READ_CONSUME_CHECK_CONSUMER) timestamp=2390 ms, used_size=14772224 bytes (36.1%)
(RDMA_READ_CONSUME_CHECK_CONSUMER) timestamp=2390 ms, used_size=14770176 bytes (36.1%)
(RDMA_READ_CONSUME_CHECK_CONSUMER) timestamp=2390 ms, used_size=14768128 bytes (36.1%)
(RDMA_READ_CONSUME_CHECK_CONSUMER) timestamp=2390 ms, used_size=14766080 bytes (36.0%)
(RDMA_READ_CONSUME_CHECK_CONSUMER) timestamp=2390 ms, used_size=14764032 bytes (36.0%)
(RDMA_READ_CONSUME_CHECK_CONSUMER) timestamp=2390 ms, used_size=14761984 bytes (36.0%)
(RDMA_READ_CONSUME_CHECK_CONSUMER) timestamp=2390 ms, used_size=14759936 bytes (36.0%)
(RDMA_READ_CONSUME_CHECK_CONSUMER) timestamp=2391 ms, used_size=14757888 bytes (36.0%)
(RDMA_READ_CONSUME_CHECK_CONSUMER) timestamp=2391 ms, used_size=14755840 bytes (36.0%)
(RDMA_READ_CONSUME_CHECK_CONSUMER) timestamp=2391 ms, used_size=14753792 bytes (36.0%)
(RDMA_READ_CONSUME_CHECK_CONSUMER) timestamp=2391 ms, used_size=14751744 bytes (36.0%)
(RDMA_READ_CONSUME_CHECK_CONSUMER) timestamp=2391 ms, used_size=14749696 bytes (36.0%)
(RDMA_READ_CONSUME_CHECK_CONSUMER) timestamp=2391 ms, used_size=14747648 bytes (36.0%)
(RDMA_READ_CONSUME_CHECK_CONSUMER) timestamp=2391 ms, used_size=14745600 bytes (36.0%)
(RDMA_READ_CONSUME_CHECK_CONSUMER) timestamp=2391 ms, used_size=14743552 bytes (36.0%)
(RDMA_READ_CONSUME_CHECK_CONSUMER) timestamp=2391 ms, used_size=14741504 bytes (36.0%)
(RDMA_READ_CONSUME_CHECK_CONSUMER) timestamp=2391 ms, used_size=14739456 bytes (36.0%)
(RDMA_READ_CONSUME_CHECK_CONSUMER) timestamp=2391 ms, used_size=14737408 bytes (36.0%)
(RDMA_READ_CONSUME_CHECK_CONSUMER) timestamp=2391 ms, used_size=14735360 bytes (36.0%)
(RDMA_READ_CONSUME_CHECK_CONSUMER) timestamp=2391 ms, used_size=14733312 bytes (36.0%)
(RDMA_READ_CONSUME_CHECK_CONSUMER) timestamp=2391 ms, used_size=14731264 bytes (36.0%)
(RDMA_READ_CONSUME_CHECK_CONSUMER) timestamp=2391 ms, used_size=14729216 bytes (36.0%)
(RDMA_READ_CONSUME_CHECK_CONSUMER) timestamp=2391 ms, used_size=14727168 bytes (36.0%)
(RDMA_READ_CONSUME_CHECK_CONSUMER) timestamp=2391 ms, used_size=14725120 bytes (36.0%)
(RDMA_READ_CONSUME_CHECK_CONSUMER) timestamp=2391 ms, used_size=14723072 bytes (35.9%)
(RDMA_READ_CONSUME_CHECK_CONSUMER) timestamp=2391 ms, used_size=14721024 bytes (35.9%)
(RDMA_READ_CONSUME_CHECK_CONSUMER) timestamp=2391 ms, used_size=14718976 bytes (35.9%)
(RDMA_READ_CONSUME_CHECK_CONSUMER) timestamp=2391 ms, used_size=14716928 bytes (35.9%)
(RDMA_READ_CONSUME_CHECK_CONSUMER) timestamp=2391 ms, used_size=14714880 bytes (35.9%)
(RDMA_READ_CONSUME_CHECK_CONSUMER) timestamp=2391 ms, used_size=14712832 bytes (35.9%)
(RDMA_READ_CONSUME_CHECK_CONSUMER) timestamp=2391 ms, used_size=14710784 bytes (35.9%)
(RDMA_READ_CONSUME_CHECK_CONSUMER) timestamp=2391 ms, used_size=14708736 bytes (35.9%)
(RDMA_READ_CONSUME_CHECK_CONSUMER) timestamp=2391 ms, used_size=14706688 bytes (35.9%)
(RDMA_READ_CONSUME_CHECK_CONSUMER) timestamp=2391 ms, used_size=14704640 bytes (35.9%)
(RDMA_READ_CONSUME_CHECK_CONSUMER) timestamp=2391 ms, used_size=14702592 bytes (35.9%)
(RDMA_READ_CONSUME_CHECK_CONSUMER) timestamp=2391 ms, used_size=14700544 bytes (35.9%)
(RDMA_READ_CONSUME_CHECK_CONSUMER) timestamp=2391 ms, used_size=14698496 bytes (35.9%)
(RDMA_READ_CONSUME_CHECK_CONSUMER) timestamp=2391 ms, used_size=14696448 bytes (35.9%)
(RDMA_READ_CONSUME_CHECK_CONSUMER) timestamp=2391 ms, used_size=14694400 bytes (35.9%)
(RDMA_READ_CONSUME_CHECK_CONSUMER) timestamp=2391 ms, used_size=14692352 bytes (35.9%)
(RDMA_READ_CONSUME_CHECK_CONSUMER) timestamp=2391 ms, used_size=14690304 bytes (35.9%)
(RDMA_READ_CONSUME_CHECK_CONSUMER) timestamp=2391 ms, used_size=14688256 bytes (35.9%)
(RDMA_READ_CONSUME_CHECK_CONSUMER) timestamp=2391 ms, used_size=14686208 bytes (35.9%)
(RDMA_READ_CONSUME_CHECK_CONSUMER) timestamp=2391 ms, used_size=14684160 bytes (35.9%)
(RDMA_READ_CONSUME_CHECK_CONSUMER) timestamp=2391 ms, used_size=14682112 bytes (35.8%)
(RDMA_READ_CONSUME_CHECK_CONSUMER) timestamp=2391 ms, used_size=14680064 bytes (35.8%)
(RDMA_READ_CONSUME_CHECK_CONSUMER) timestamp=2391 ms, used_size=14678016 bytes (35.8%)
(RDMA_READ_CONSUME_CHECK_CONSUMER) timestamp=2391 ms, used_size=14675968 bytes (35.8%)
(RDMA_READ_CONSUME_CHECK_CONSUMER) timestamp=2391 ms, used_size=14673920 bytes (35.8%)
(RDMA_READ_CONSUME_CHECK_CONSUMER) timestamp=2391 ms, used_size=14671872 bytes (35.8%)
(RDMA_READ_CONSUME_CHECK_CONSUMER) timestamp=2391 ms, used_size=14669824 bytes (35.8%)
(RDMA_READ_CONSUME_CHECK_CONSUMER) timestamp=2391 ms, used_size=14667776 bytes (35.8%)
(RDMA_READ_CONSUME_CHECK_CONSUMER) timestamp=2391 ms, used_size=14665728 bytes (35.8%)
(RDMA_READ_CONSUME_CHECK_CONSUMER) timestamp=2391 ms, used_size=14663680 bytes (35.8%)
(RDMA_READ_CONSUME_CHECK_CONSUMER) timestamp=2391 ms, used_size=14661632 bytes (35.8%)
(RDMA_READ_CONSUME_CHECK_CONSUMER) timestamp=2391 ms, used_size=14659584 bytes (35.8%)
(RDMA_READ_CONSUME_CHECK_CONSUMER) timestamp=2391 ms, used_size=14657536 bytes (35.8%)
(RDMA_READ_CONSUME_CHECK_CONSUMER) timestamp=2391 ms, used_size=14655488 bytes (35.8%)
(RDMA_READ_CONSUME_CHECK_CONSUMER) timestamp=2391 ms, used_size=14653440 bytes (35.8%)
(RDMA_READ_CONSUME_CHECK_CONSUMER) timestamp=2391 ms, used_size=14651392 bytes (35.8%)
(RDMA_READ_CONSUME_CHECK_CONSUMER) timestamp=2391 ms, used_size=14649344 bytes (35.8%)
(RDMA_READ_CONSUME_CHECK_CONSUMER) timestamp=2391 ms, used_size=14647296 bytes (35.8%)
(RDMA_READ_CONSUME_CHECK_CONSUMER) timestamp=2391 ms, used_size=14645248 bytes (35.8%)
(RDMA_READ_CONSUME_CHECK_CONSUMER) timestamp=2391 ms, used_size=14643200 bytes (35.8%)
(RDMA_READ_CONSUME_CHECK_CONSUMER) timestamp=2391 ms, used_size=14641152 bytes (35.7%)
(RDMA_READ_CONSUME_CHECK_CONSUMER) timestamp=2391 ms, used_size=14639104 bytes (35.7%)
(RDMA_READ_CONSUME_CHECK_CONSUMER) timestamp=2391 ms, used_size=14637056 bytes (35.7%)
(RDMA_READ_CONSUME_CHECK_CONSUMER) timestamp=2391 ms, used_size=14635008 bytes (35.7%)
(RDMA_READ_CONSUME_CHECK_CONSUMER) timestamp=2391 ms, used_size=14632960 bytes (35.7%)
(RDMA_READ_CONSUME_CHECK_CONSUMER) timestamp=2391 ms, used_size=14630912 bytes (35.7%)
(RDMA_READ_CONSUME_CHECK_CONSUMER) timestamp=2391 ms, used_size=14628864 bytes (35.7%)
(RDMA_READ_CONSUME_CHECK_CONSUMER) timestamp=2391 ms, used_size=14626816 bytes (35.7%)
(RDMA_READ_CONSUME_CHECK_CONSUMER) timestamp=2391 ms, used_size=14624768 bytes (35.7%)
(RDMA_READ_CONSUME_CHECK_CONSUMER) timestamp=2391 ms, used_size=14622720 bytes (35.7%)
(RDMA_READ_CONSUME_CHECK_CONSUMER) timestamp=2391 ms, used_size=14620672 bytes (35.7%)
(RDMA_READ_CONSUME_CHECK_CONSUMER) timestamp=2391 ms, used_size=14618624 bytes (35.7%)
(RDMA_READ_CONSUME_CHECK_CONSUMER) timestamp=2391 ms, used_size=14616576 bytes (35.7%)
(RDMA_READ_CONSUME_CHECK_CONSUMER) timestamp=2391 ms, used_size=14614528 bytes (35.7%)
(RDMA_READ_CONSUME_CHECK_CONSUMER) timestamp=2391 ms, used_size=14612480 bytes (35.7%)
(RDMA_READ_CONSUME_CHECK_CONSUMER) timestamp=2391 ms, used_size=14610432 bytes (35.7%)
(RDMA_READ_CONSUME_CHECK_CONSUMER) timestamp=2391 ms, used_size=14608384 bytes (35.7%)
(RDMA_READ_CONSUME_CHECK_CONSUMER) timestamp=2391 ms, used_size=14606336 bytes (35.7%)
(RDMA_READ_CONSUME_CHECK_CONSUMER) timestamp=2391 ms, used_size=14604288 bytes (35.7%)
(RDMA_READ_CONSUME_CHECK_CONSUMER) timestamp=2391 ms, used_size=14602240 bytes (35.6%)
(RDMA_READ_CONSUME_CHECK_CONSUMER) timestamp=2391 ms, used_size=14600192 bytes (35.6%)
(RDMA_READ_CONSUME_CHECK_CONSUMER) timestamp=2391 ms, used_size=14598144 bytes (35.6%)
(RDMA_READ_CONSUME_CHECK_CONSUMER) timestamp=2391 ms, used_size=14596096 bytes (35.6%)
(RDMA_READ_CONSUME_CHECK_CONSUMER) timestamp=2391 ms, used_size=14594048 bytes (35.6%)
(RDMA_READ_CONSUME_CHECK_CONSUMER) timestamp=2391 ms, used_size=14592000 bytes (35.6%)
(RDMA_READ_CONSUME_CHECK_CONSUMER) timestamp=2391 ms, used_size=14589952 bytes (35.6%)
(RDMA_READ_CONSUME_CHECK_CONSUMER) timestamp=2391 ms, used_size=14587904 bytes (35.6%)
(RDMA_READ_CONSUME_CHECK_CONSUMER) timestamp=2391 ms, used_size=14585856 bytes (35.6%)
(RDMA_READ_CONSUME_CHECK_CONSUMER) timestamp=2391 ms, used_size=14583808 bytes (35.6%)
(RDMA_READ_CONSUME_CHECK_CONSUMER) timestamp=2391 ms, used_size=14581760 bytes (35.6%)
(RDMA_READ_CONSUME_CHECK_CONSUMER) timestamp=2391 ms, used_size=14579712 bytes (35.6%)
(RDMA_READ_CONSUME_CHECK_CONSUMER) timestamp=2391 ms, used_size=14577664 bytes (35.6%)
(RDMA_READ_CONSUME_CHECK_CONSUMER) timestamp=2391 ms, used_size=14575616 bytes (35.6%)
(RDMA_READ_CONSUME_CHECK_CONSUMER) timestamp=2391 ms, used_size=14573568 bytes (35.6%)
(RDMA_READ_CONSUME_CHECK_CONSUMER) timestamp=2391 ms, used_size=14571520 bytes (35.6%)
(RDMA_READ_CONSUME_CHECK_CONSUMER) timestamp=2391 ms, used_size=14569472 bytes (35.6%)
(RDMA_READ_CONSUME_CHECK_CONSUMER) timestamp=2391 ms, used_size=14567424 bytes (35.6%)
(RDMA_READ_CONSUME_CHECK_CONSUMER) timestamp=2391 ms, used_size=14565376 bytes (35.6%)
(RDMA_READ_CONSUME_CHECK_CONSUMER) timestamp=2391 ms, used_size=14563328 bytes (35.6%)
(RDMA_READ_CONSUME_CHECK_CONSUMER) timestamp=2391 ms, used_size=14561280 bytes (35.5%)
(RDMA_READ_CONSUME_CHECK_CONSUMER) timestamp=2391 ms, used_size=14559232 bytes (35.5%)
(RDMA_READ_CONSUME_CHECK_CONSUMER) timestamp=2391 ms, used_size=14557184 bytes (35.5%)
(RDMA_READ_CONSUME_CHECK_CONSUMER) timestamp=2391 ms, used_size=14555136 bytes (35.5%)
(RDMA_READ_CONSUME_CHECK_CONSUMER) timestamp=2391 ms, used_size=14553088 bytes (35.5%)
(RDMA_READ_CONSUME_CHECK_CONSUMER) timestamp=2391 ms, used_size=14551040 bytes (35.5%)
(RDMA_READ_CONSUME_CHECK_CONSUMER) timestamp=2391 ms, used_size=14548992 bytes (35.5%)
(RDMA_READ_CONSUME_CHECK_CONSUMER) timestamp=2391 ms, used_size=14546944 bytes (35.5%)
(RDMA_READ_CONSUME_CHECK_CONSUMER) timestamp=2391 ms, used_size=14544896 bytes (35.5%)
(RDMA_READ_CONSUME_CHECK_CONSUMER) timestamp=2391 ms, used_size=14542848 bytes (35.5%)
(RDMA_READ_CONSUME_CHECK_CONSUMER) timestamp=2391 ms, used_size=14540800 bytes (35.5%)
(RDMA_READ_CONSUME_CHECK_CONSUMER) timestamp=2391 ms, used_size=14538752 bytes (35.5%)
(RDMA_READ_CONSUME_CHECK_CONSUMER) timestamp=2391 ms, used_size=14536704 bytes (35.5%)
(RDMA_READ_CONSUME_CHECK_CONSUMER) timestamp=2391 ms, used_size=14534656 bytes (35.5%)
(RDMA_READ_CONSUME_CHECK_CONSUMER) timestamp=2391 ms, used_size=14532608 bytes (35.5%)
(RDMA_READ_CONSUME_CHECK_CONSUMER) timestamp=2391 ms, used_size=14530560 bytes (35.5%)
(RDMA_READ_CONSUME_CHECK_CONSUMER) timestamp=2391 ms, used_size=14528512 bytes (35.5%)
(RDMA_READ_CONSUME_CHECK_CONSUMER) timestamp=2391 ms, used_size=14526464 bytes (35.5%)
(RDMA_READ_CONSUME_CHECK_CONSUMER) timestamp=2391 ms, used_size=14524416 bytes (35.5%)
(RDMA_READ_CONSUME_CHECK_CONSUMER) timestamp=2391 ms, used_size=14522368 bytes (35.5%)
(RDMA_READ_CONSUME_CHECK_CONSUMER) timestamp=2391 ms, used_size=14520320 bytes (35.5%)
(RDMA_READ_CONSUME_CHECK_CONSUMER) timestamp=2391 ms, used_size=14518272 bytes (35.4%)
(RDMA_READ_CONSUME_CHECK_CONSUMER) timestamp=2391 ms, used_size=14516224 bytes (35.4%)
(RDMA_READ_CONSUME_CHECK_CONSUMER) timestamp=2391 ms, used_size=14514176 bytes (35.4%)
(RDMA_READ_CONSUME_CHECK_CONSUMER) timestamp=2391 ms, used_size=14512128 bytes (35.4%)
(RDMA_READ_CONSUME_CHECK_CONSUMER) timestamp=2391 ms, used_size=14510080 bytes (35.4%)
(RDMA_READ_CONSUME_CHECK_CONSUMER) timestamp=2391 ms, used_size=14508032 bytes (35.4%)
(RDMA_READ_CONSUME_CHECK_CONSUMER) timestamp=2391 ms, used_size=14505984 bytes (35.4%)
(RDMA_READ_CONSUME_CHECK_CONSUMER) timestamp=2391 ms, used_size=14503936 bytes (35.4%)
(RDMA_READ_CONSUME_CHECK_CONSUMER) timestamp=2391 ms, used_size=14501888 bytes (35.4%)
(RDMA_READ_CONSUME_CHECK_CONSUMER) timestamp=2391 ms, used_size=14499840 bytes (35.4%)
(RDMA_READ_CONSUME_CHECK_CONSUMER) timestamp=2391 ms, used_size=14497792 bytes (35.4%)
(RDMA_READ_CONSUME_CHECK_CONSUMER) timestamp=2391 ms, used_size=14495744 bytes (35.4%)
(RDMA_READ_CONSUME_CHECK_CONSUMER) timestamp=2391 ms, used_size=14493696 bytes (35.4%)
(RDMA_READ_CONSUME_CHECK_CONSUMER) timestamp=2391 ms, used_size=14491648 bytes (35.4%)
(RDMA_READ_CONSUME_CHECK_CONSUMER) timestamp=2391 ms, used_size=14489600 bytes (35.4%)
(RDMA_READ_CONSUME_CHECK_CONSUMER) timestamp=2391 ms, used_size=14487552 bytes (35.4%)
(RDMA_READ_CONSUME_CHECK_CONSUMER) timestamp=2391 ms, used_size=14485504 bytes (35.4%)
(RDMA_READ_CONSUME_CHECK_CONSUMER) timestamp=2391 ms, used_size=14483456 bytes (35.4%)
(RDMA_READ_CONSUME_CHECK_CONSUMER) timestamp=2391 ms, used_size=14481408 bytes (35.4%)
(RDMA_READ_CONSUME_CHECK_CONSUMER) timestamp=2391 ms, used_size=14479360 bytes (35.4%)
(RDMA_READ_CONSUME_CHECK_CONSUMER) timestamp=2391 ms, used_size=14477312 bytes (35.3%)
(RDMA_READ_CONSUME_CHECK_CONSUMER) timestamp=2391 ms, used_size=14475264 bytes (35.3%)
(RDMA_READ_CONSUME_CHECK_CONSUMER) timestamp=2391 ms, used_size=14473216 bytes (35.3%)
(RDMA_READ_CONSUME_CHECK_CONSUMER) timestamp=2391 ms, used_size=14471168 bytes (35.3%)
(RDMA_READ_CONSUME_CHECK_CONSUMER) timestamp=2391 ms, used_size=14469120 bytes (35.3%)
(RDMA_READ_CONSUME_CHECK_CONSUMER) timestamp=2391 ms, used_size=14467072 bytes (35.3%)
(RDMA_READ_CONSUME_CHECK_CONSUMER) timestamp=2391 ms, used_size=14465024 bytes (35.3%)
(RDMA_READ_CONSUME_CHECK_CONSUMER) timestamp=2391 ms, used_size=14462976 bytes (35.3%)
(RDMA_READ_CONSUME_CHECK_CONSUMER) timestamp=2391 ms, used_size=14460928 bytes (35.3%)
(RDMA_READ_CONSUME_CHECK_CONSUMER) timestamp=2391 ms, used_size=14458880 bytes (35.3%)
(RDMA_READ_CONSUME_CHECK_CONSUMER) timestamp=2391 ms, used_size=14456832 bytes (35.3%)
(RDMA_READ_CONSUME_CHECK_CONSUMER) timestamp=2391 ms, used_size=14454784 bytes (35.3%)
(RDMA_READ_CONSUME_CHECK_CONSUMER) timestamp=2391 ms, used_size=14452736 bytes (35.3%)
(RDMA_READ_CONSUME_CHECK_CONSUMER) timestamp=2391 ms, used_size=14450688 bytes (35.3%)
(RDMA_READ_CONSUME_CHECK_CONSUMER) timestamp=2391 ms, used_size=14448640 bytes (35.3%)
(RDMA_READ_CONSUME_CHECK_CONSUMER) timestamp=2391 ms, used_size=14446592 bytes (35.3%)
(RDMA_READ_CONSUME_CHECK_CONSUMER) timestamp=2391 ms, used_size=14444544 bytes (35.3%)
(RDMA_READ_CONSUME_CHECK_CONSUMER) timestamp=2391 ms, used_size=14442496 bytes (35.3%)
(RDMA_READ_CONSUME_CHECK_CONSUMER) timestamp=2391 ms, used_size=14440448 bytes (35.3%)
(RDMA_READ_CONSUME_CHECK_CONSUMER) timestamp=2391 ms, used_size=14438400 bytes (35.2%)
(RDMA_READ_CONSUME_CHECK_CONSUMER) timestamp=2391 ms, used_size=14436352 bytes (35.2%)
(RDMA_READ_CONSUME_CHECK_CONSUMER) timestamp=2391 ms, used_size=14434304 bytes (35.2%)
(RDMA_READ_CONSUME_CHECK_CONSUMER) timestamp=2391 ms, used_size=14432256 bytes (35.2%)
(RDMA_READ_CONSUME_CHECK_CONSUMER) timestamp=2391 ms, used_size=14430208 bytes (35.2%)
(RDMA_READ_CONSUME_CHECK_CONSUMER) timestamp=2391 ms, used_size=14428160 bytes (35.2%)
(RDMA_READ_CONSUME_CHECK_CONSUMER) timestamp=2391 ms, used_size=14426112 bytes (35.2%)
(RDMA_READ_CONSUME_CHECK_CONSUMER) timestamp=2391 ms, used_size=14424064 bytes (35.2%)
(RDMA_READ_CONSUME_CHECK_CONSUMER) timestamp=2391 ms, used_size=14422016 bytes (35.2%)
(RDMA_READ_CONSUME_CHECK_CONSUMER) timestamp=2391 ms, used_size=14419968 bytes (35.2%)
(RDMA_READ_CONSUME_CHECK_CONSUMER) timestamp=2391 ms, used_size=14417920 bytes (35.2%)
(RDMA_READ_CONSUME_CHECK_CONSUMER) timestamp=2391 ms, used_size=14415872 bytes (35.2%)
(RDMA_READ_CONSUME_CHECK_CONSUMER) timestamp=2391 ms, used_size=14413824 bytes (35.2%)
(RDMA_READ_CONSUME_CHECK_CONSUMER) timestamp=2391 ms, used_size=14411776 bytes (35.2%)
(RDMA_READ_CONSUME_CHECK_CONSUMER) timestamp=2391 ms, used_size=14409728 bytes (35.2%)
(RDMA_READ_CONSUME_CHECK_CONSUMER) timestamp=2391 ms, used_size=14407680 bytes (35.2%)
(RDMA_READ_CONSUME_CHECK_CONSUMER) timestamp=2391 ms, used_size=14405632 bytes (35.2%)
(RDMA_READ_CONSUME_CHECK_CONSUMER) timestamp=2391 ms, used_size=14403584 bytes (35.2%)
(RDMA_READ_CONSUME_CHECK_CONSUMER) timestamp=2391 ms, used_size=14401536 bytes (35.2%)
(RDMA_READ_CONSUME_CHECK_CONSUMER) timestamp=2391 ms, used_size=14399488 bytes (35.2%)
(RDMA_READ_CONSUME_CHECK_CONSUMER) timestamp=2391 ms, used_size=14397440 bytes (35.1%)
(RDMA_READ_CONSUME_CHECK_CONSUMER) timestamp=2391 ms, used_size=14395392 bytes (35.1%)
(RDMA_READ_CONSUME_CHECK_CONSUMER) timestamp=2391 ms, used_size=14393344 bytes (35.1%)
(RDMA_READ_CONSUME_CHECK_CONSUMER) timestamp=2391 ms, used_size=14391296 bytes (35.1%)
(RDMA_READ_CONSUME_CHECK_CONSUMER) timestamp=2391 ms, used_size=14389248 bytes (35.1%)
(RDMA_READ_CONSUME_CHECK_CONSUMER) timestamp=2392 ms, used_size=14387200 bytes (35.1%)
(RDMA_READ_CONSUME_CHECK_CONSUMER) timestamp=2392 ms, used_size=14385152 bytes (35.1%)
(RDMA_READ_CONSUME_CHECK_CONSUMER) timestamp=2392 ms, used_size=14383104 bytes (35.1%)
(RDMA_READ_CONSUME_CHECK_CONSUMER) timestamp=2392 ms, used_size=14381056 bytes (35.1%)
(RDMA_READ_CONSUME_CHECK_CONSUMER) timestamp=2392 ms, used_size=14379008 bytes (35.1%)
(RDMA_READ_CONSUME_CHECK_CONSUMER) timestamp=2392 ms, used_size=14376960 bytes (35.1%)
(RDMA_READ_CONSUME_CHECK_CONSUMER) timestamp=2392 ms, used_size=14374912 bytes (35.1%)
(RDMA_READ_CONSUME_CHECK_CONSUMER) timestamp=2392 ms, used_size=14372864 bytes (35.1%)
(RDMA_READ_CONSUME_CHECK_CONSUMER) timestamp=2392 ms, used_size=14370816 bytes (35.1%)
(RDMA_READ_CONSUME_CHECK_CONSUMER) timestamp=2392 ms, used_size=14368768 bytes (35.1%)
(RDMA_READ_CONSUME_CHECK_CONSUMER) timestamp=2392 ms, used_size=14366720 bytes (35.1%)
(RDMA_READ_CONSUME_CHECK_CONSUMER) timestamp=2392 ms, used_size=14364672 bytes (35.1%)
(RDMA_READ_CONSUME_CHECK_CONSUMER) timestamp=2392 ms, used_size=14362624 bytes (35.1%)
(RDMA_READ_CONSUME_CHECK_CONSUMER) timestamp=2392 ms, used_size=14360576 bytes (35.1%)
(RDMA_READ_CONSUME_CHECK_CONSUMER) timestamp=2392 ms, used_size=14358528 bytes (35.1%)
(RDMA_READ_CONSUME_CHECK_CONSUMER) timestamp=2392 ms, used_size=14356480 bytes (35.0%)
(RDMA_READ_CONSUME_CHECK_CONSUMER) timestamp=2392 ms, used_size=14354432 bytes (35.0%)
(RDMA_READ_CONSUME_CHECK_CONSUMER) timestamp=2392 ms, used_size=14352384 bytes (35.0%)
(RDMA_READ_CONSUME_CHECK_CONSUMER) timestamp=2392 ms, used_size=14350336 bytes (35.0%)
(RDMA_READ_CONSUME_CHECK_CONSUMER) timestamp=2392 ms, used_size=14348288 bytes (35.0%)
(RDMA_READ_CONSUME_CHECK_CONSUMER) timestamp=2392 ms, used_size=14346240 bytes (35.0%)
(RDMA_READ_CONSUME_CHECK_CONSUMER) timestamp=2392 ms, used_size=14344192 bytes (35.0%)
(RDMA_READ_CONSUME_CHECK_CONSUMER) timestamp=2392 ms, used_size=14342144 bytes (35.0%)
(RDMA_READ_CONSUME_CHECK_CONSUMER) timestamp=2392 ms, used_size=14340096 bytes (35.0%)
(RDMA_READ_CONSUME_CHECK_CONSUMER) timestamp=2392 ms, used_size=14338048 bytes (35.0%)
(RDMA_READ_CONSUME_CHECK_CONSUMER) timestamp=2392 ms, used_size=14336000 bytes (35.0%)
(RDMA_READ_CONSUME_CHECK_CONSUMER) timestamp=2392 ms, used_size=14333952 bytes (35.0%)
(RDMA_READ_CONSUME_CHECK_CONSUMER) timestamp=2392 ms, used_size=14331904 bytes (35.0%)
(RDMA_READ_CONSUME_CHECK_CONSUMER) timestamp=2392 ms, used_size=14329856 bytes (35.0%)
(RDMA_READ_CONSUME_CHECK_CONSUMER) timestamp=2392 ms, used_size=14327808 bytes (35.0%)
(RDMA_READ_CONSUME_CHECK_CONSUMER) timestamp=2392 ms, used_size=14325760 bytes (35.0%)
(RDMA_READ_CONSUME_CHECK_CONSUMER) timestamp=2392 ms, used_size=14323712 bytes (35.0%)
(RDMA_READ_CONSUME_CHECK_CONSUMER) timestamp=2392 ms, used_size=14321664 bytes (35.0%)
(RDMA_READ_CONSUME_CHECK_CONSUMER) timestamp=2392 ms, used_size=14319616 bytes (35.0%)
(RDMA_READ_CONSUME_CHECK_CONSUMER) timestamp=2392 ms, used_size=14317568 bytes (35.0%)
(RDMA_READ_CONSUME_CHECK_CONSUMER) timestamp=2392 ms, used_size=14315520 bytes (35.0%)
(RDMA_READ_CONSUME_CHECK_CONSUMER) timestamp=2392 ms, used_size=14313472 bytes (34.9%)
(RDMA_READ_CONSUME_CHECK_CONSUMER) timestamp=2392 ms, used_size=14311424 bytes (34.9%)
(RDMA_READ_CONSUME_CHECK_CONSUMER) timestamp=2392 ms, used_size=14309376 bytes (34.9%)
(RDMA_READ_CONSUME_CHECK_CONSUMER) timestamp=2392 ms, used_size=14307328 bytes (34.9%)
(RDMA_READ_CONSUME_CHECK_CONSUMER) timestamp=2392 ms, used_size=14305280 bytes (34.9%)
(RDMA_READ_CONSUME_CHECK_CONSUMER) timestamp=2392 ms, used_size=14303232 bytes (34.9%)
(RDMA_READ_CONSUME_CHECK_CONSUMER) timestamp=2392 ms, used_size=14301184 bytes (34.9%)
(RDMA_READ_CONSUME_CHECK_CONSUMER) timestamp=2392 ms, used_size=14299136 bytes (34.9%)
(RDMA_READ_CONSUME_CHECK_CONSUMER) timestamp=2392 ms, used_size=14297088 bytes (34.9%)
(RDMA_READ_CONSUME_CHECK_CONSUMER) timestamp=2392 ms, used_size=14295040 bytes (34.9%)
(RDMA_READ_CONSUME_CHECK_CONSUMER) timestamp=2392 ms, used_size=14292992 bytes (34.9%)
(RDMA_READ_CONSUME_CHECK_CONSUMER) timestamp=2392 ms, used_size=14290944 bytes (34.9%)
(RDMA_READ_CONSUME_CHECK_CONSUMER) timestamp=2392 ms, used_size=14288896 bytes (34.9%)
(RDMA_READ_CONSUME_CHECK_CONSUMER) timestamp=2392 ms, used_size=14286848 bytes (34.9%)
(RDMA_READ_CONSUME_CHECK_CONSUMER) timestamp=2392 ms, used_size=14284800 bytes (34.9%)
(RDMA_READ_CONSUME_CHECK_CONSUMER) timestamp=2392 ms, used_size=14282752 bytes (34.9%)
(RDMA_READ_CONSUME_CHECK_CONSUMER) timestamp=2392 ms, used_size=14280704 bytes (34.9%)
(RDMA_READ_CONSUME_CHECK_CONSUMER) timestamp=2392 ms, used_size=14278656 bytes (34.9%)
(RDMA_READ_CONSUME_CHECK_CONSUMER) timestamp=2392 ms, used_size=14276608 bytes (34.9%)
(RDMA_READ_CONSUME_CHECK_CONSUMER) timestamp=2392 ms, used_size=14274560 bytes (34.9%)
(RDMA_READ_CONSUME_CHECK_CONSUMER) timestamp=2392 ms, used_size=14272512 bytes (34.8%)
(RDMA_READ_CONSUME_CHECK_CONSUMER) timestamp=2392 ms, used_size=14270464 bytes (34.8%)
(RDMA_READ_CONSUME_CHECK_CONSUMER) timestamp=2392 ms, used_size=14268416 bytes (34.8%)
(RDMA_READ_CONSUME_CHECK_CONSUMER) timestamp=2392 ms, used_size=14266368 bytes (34.8%)
(RDMA_READ_CONSUME_CHECK_CONSUMER) timestamp=2392 ms, used_size=14264320 bytes (34.8%)
(RDMA_READ_CONSUME_CHECK_CONSUMER) timestamp=2392 ms, used_size=14262272 bytes (34.8%)
(RDMA_READ_CONSUME_CHECK_CONSUMER) timestamp=2392 ms, used_size=14260224 bytes (34.8%)
(RDMA_READ_CONSUME_CHECK_CONSUMER) timestamp=2392 ms, used_size=14258176 bytes (34.8%)
(RDMA_READ_CONSUME_CHECK_CONSUMER) timestamp=2392 ms, used_size=14256128 bytes (34.8%)
(RDMA_READ_CONSUME_CHECK_CONSUMER) timestamp=2392 ms, used_size=14254080 bytes (34.8%)
(RDMA_READ_CONSUME_CHECK_CONSUMER) timestamp=2392 ms, used_size=14252032 bytes (34.8%)
(RDMA_READ_CONSUME_CHECK_CONSUMER) timestamp=2392 ms, used_size=14249984 bytes (34.8%)
(RDMA_READ_CONSUME_CHECK_CONSUMER) timestamp=2392 ms, used_size=14247936 bytes (34.8%)
(RDMA_READ_CONSUME_CHECK_CONSUMER) timestamp=2392 ms, used_size=14245888 bytes (34.8%)
(RDMA_READ_CONSUME_CHECK_CONSUMER) timestamp=2392 ms, used_size=14243840 bytes (34.8%)
(RDMA_READ_CONSUME_CHECK_CONSUMER) timestamp=2392 ms, used_size=14241792 bytes (34.8%)
(RDMA_READ_CONSUME_CHECK_CONSUMER) timestamp=2392 ms, used_size=14239744 bytes (34.8%)
(RDMA_READ_CONSUME_CHECK_CONSUMER) timestamp=2392 ms, used_size=14237696 bytes (34.8%)
(RDMA_READ_CONSUME_CHECK_CONSUMER) timestamp=2392 ms, used_size=14235648 bytes (34.8%)
(RDMA_READ_CONSUME_CHECK_CONSUMER) timestamp=2392 ms, used_size=14233600 bytes (34.8%)
(RDMA_READ_CONSUME_CHECK_CONSUMER) timestamp=2392 ms, used_size=14231552 bytes (34.7%)
(RDMA_READ_CONSUME_CHECK_CONSUMER) timestamp=2392 ms, used_size=14229504 bytes (34.7%)
(RDMA_READ_CONSUME_CHECK_CONSUMER) timestamp=2392 ms, used_size=14227456 bytes (34.7%)
(RDMA_READ_CONSUME_CHECK_CONSUMER) timestamp=2392 ms, used_size=14225408 bytes (34.7%)
(RDMA_READ_CONSUME_CHECK_CONSUMER) timestamp=2392 ms, used_size=14223360 bytes (34.7%)
(RDMA_READ_CONSUME_CHECK_CONSUMER) timestamp=2392 ms, used_size=14221312 bytes (34.7%)
(RDMA_READ_CONSUME_CHECK_CONSUMER) timestamp=2392 ms, used_size=14219264 bytes (34.7%)
(RDMA_READ_CONSUME_CHECK_CONSUMER) timestamp=2392 ms, used_size=14217216 bytes (34.7%)
(RDMA_READ_CONSUME_CHECK_CONSUMER) timestamp=2392 ms, used_size=14215168 bytes (34.7%)
(RDMA_READ_CONSUME_CHECK_CONSUMER) timestamp=2392 ms, used_size=14213120 bytes (34.7%)
(RDMA_READ_CONSUME_CHECK_CONSUMER) timestamp=2392 ms, used_size=14211072 bytes (34.7%)
(RDMA_READ_CONSUME_CHECK_CONSUMER) timestamp=2392 ms, used_size=14209024 bytes (34.7%)
(RDMA_READ_CONSUME_CHECK_CONSUMER) timestamp=2392 ms, used_size=14206976 bytes (34.7%)
(RDMA_READ_CONSUME_CHECK_CONSUMER) timestamp=2392 ms, used_size=14204928 bytes (34.7%)
(RDMA_READ_CONSUME_CHECK_CONSUMER) timestamp=2392 ms, used_size=14202880 bytes (34.7%)
(RDMA_READ_CONSUME_CHECK_CONSUMER) timestamp=2392 ms, used_size=14200832 bytes (34.7%)
(RDMA_READ_CONSUME_CHECK_CONSUMER) timestamp=2392 ms, used_size=14198784 bytes (34.7%)
(RDMA_READ_CONSUME_CHECK_CONSUMER) timestamp=2392 ms, used_size=14196736 bytes (34.7%)
(RDMA_READ_CONSUME_CHECK_CONSUMER) timestamp=2392 ms, used_size=14194688 bytes (34.7%)
(RDMA_READ_CONSUME_CHECK_CONSUMER) timestamp=2392 ms, used_size=14192640 bytes (34.6%)
(RDMA_READ_CONSUME_CHECK_CONSUMER) timestamp=2392 ms, used_size=14190592 bytes (34.6%)
(RDMA_READ_CONSUME_CHECK_CONSUMER) timestamp=2392 ms, used_size=14188544 bytes (34.6%)
(RDMA_READ_CONSUME_CHECK_CONSUMER) timestamp=2392 ms, used_size=14186496 bytes (34.6%)
(RDMA_READ_CONSUME_CHECK_CONSUMER) timestamp=2392 ms, used_size=14184448 bytes (34.6%)
(RDMA_READ_CONSUME_CHECK_CONSUMER) timestamp=2392 ms, used_size=14182400 bytes (34.6%)
(RDMA_READ_CONSUME_CHECK_CONSUMER) timestamp=2392 ms, used_size=14180352 bytes (34.6%)
(RDMA_READ_CONSUME_CHECK_CONSUMER) timestamp=2392 ms, used_size=14178304 bytes (34.6%)
(RDMA_READ_CONSUME_CHECK_CONSUMER) timestamp=2392 ms, used_size=14176256 bytes (34.6%)
(RDMA_READ_CONSUME_CHECK_CONSUMER) timestamp=2392 ms, used_size=14174208 bytes (34.6%)
(RDMA_READ_CONSUME_CHECK_CONSUMER) timestamp=2392 ms, used_size=14172160 bytes (34.6%)
(RDMA_READ_CONSUME_CHECK_CONSUMER) timestamp=2392 ms, used_size=14170112 bytes (34.6%)
(RDMA_READ_CONSUME_CHECK_CONSUMER) timestamp=2392 ms, used_size=14168064 bytes (34.6%)
(RDMA_READ_CONSUME_CHECK_CONSUMER) timestamp=2392 ms, used_size=14166016 bytes (34.6%)
(RDMA_READ_CONSUME_CHECK_CONSUMER) timestamp=2392 ms, used_size=14163968 bytes (34.6%)
(RDMA_READ_CONSUME_CHECK_CONSUMER) timestamp=2392 ms, used_size=14161920 bytes (34.6%)
(RDMA_READ_CONSUME_CHECK_CONSUMER) timestamp=2392 ms, used_size=14159872 bytes (34.6%)
(RDMA_READ_CONSUME_CHECK_CONSUMER) timestamp=2392 ms, used_size=14157824 bytes (34.6%)
(RDMA_READ_CONSUME_CHECK_CONSUMER) timestamp=2392 ms, used_size=14155776 bytes (34.6%)
(RDMA_READ_CONSUME_CHECK_CONSUMER) timestamp=2392 ms, used_size=14153728 bytes (34.6%)
(RDMA_READ_CONSUME_CHECK_CONSUMER) timestamp=2392 ms, used_size=14151680 bytes (34.5%)
(RDMA_READ_CONSUME_CHECK_CONSUMER) timestamp=2392 ms, used_size=14149632 bytes (34.5%)
(RDMA_READ_CONSUME_CHECK_CONSUMER) timestamp=2392 ms, used_size=14147584 bytes (34.5%)
(RDMA_READ_CONSUME_CHECK_CONSUMER) timestamp=2392 ms, used_size=14145536 bytes (34.5%)
(RDMA_READ_CONSUME_CHECK_CONSUMER) timestamp=2392 ms, used_size=14143488 bytes (34.5%)
(RDMA_READ_CONSUME_CHECK_CONSUMER) timestamp=2392 ms, used_size=14141440 bytes (34.5%)
(RDMA_READ_CONSUME_CHECK_CONSUMER) timestamp=2392 ms, used_size=14139392 bytes (34.5%)
(RDMA_READ_CONSUME_CHECK_CONSUMER) timestamp=2392 ms, used_size=14137344 bytes (34.5%)
(RDMA_READ_CONSUME_CHECK_CONSUMER) timestamp=2392 ms, used_size=14135296 bytes (34.5%)
(RDMA_READ_CONSUME_CHECK_CONSUMER) timestamp=2392 ms, used_size=14133248 bytes (34.5%)
(RDMA_READ_CONSUME_CHECK_CONSUMER) timestamp=2392 ms, used_size=14131200 bytes (34.5%)
(RDMA_READ_CONSUME_CHECK_CONSUMER) timestamp=2392 ms, used_size=14129152 bytes (34.5%)
(RDMA_READ_CONSUME_CHECK_CONSUMER) timestamp=2392 ms, used_size=14127104 bytes (34.5%)
(RDMA_READ_CONSUME_CHECK_CONSUMER) timestamp=2392 ms, used_size=14125056 bytes (34.5%)
(RDMA_READ_CONSUME_CHECK_CONSUMER) timestamp=2392 ms, used_size=14123008 bytes (34.5%)
(RDMA_READ_CONSUME_CHECK_CONSUMER) timestamp=2392 ms, used_size=14120960 bytes (34.5%)
(RDMA_READ_CONSUME_CHECK_CONSUMER) timestamp=2392 ms, used_size=14118912 bytes (34.5%)
(RDMA_READ_CONSUME_CHECK_CONSUMER) timestamp=2392 ms, used_size=14116864 bytes (34.5%)
(RDMA_READ_CONSUME_CHECK_CONSUMER) timestamp=2392 ms, used_size=14114816 bytes (34.5%)
(RDMA_READ_CONSUME_CHECK_CONSUMER) timestamp=2392 ms, used_size=14112768 bytes (34.5%)
(RDMA_READ_CONSUME_CHECK_CONSUMER) timestamp=2392 ms, used_size=14110720 bytes (34.5%)
(RDMA_READ_CONSUME_CHECK_CONSUMER) timestamp=2392 ms, used_size=14108672 bytes (34.4%)
(RDMA_READ_CONSUME_CHECK_CONSUMER) timestamp=2392 ms, used_size=14106624 bytes (34.4%)
(RDMA_READ_CONSUME_CHECK_CONSUMER) timestamp=2392 ms, used_size=14104576 bytes (34.4%)
(RDMA_READ_CONSUME_CHECK_CONSUMER) timestamp=2392 ms, used_size=14102528 bytes (34.4%)
(RDMA_READ_CONSUME_CHECK_CONSUMER) timestamp=2392 ms, used_size=14100480 bytes (34.4%)
(RDMA_READ_CONSUME_CHECK_CONSUMER) timestamp=2392 ms, used_size=14098432 bytes (34.4%)
(RDMA_READ_CONSUME_CHECK_CONSUMER) timestamp=2392 ms, used_size=14096384 bytes (34.4%)
(RDMA_READ_CONSUME_CHECK_CONSUMER) timestamp=2392 ms, used_size=14094336 bytes (34.4%)
(RDMA_READ_CONSUME_CHECK_CONSUMER) timestamp=2392 ms, used_size=14092288 bytes (34.4%)
(RDMA_READ_CONSUME_CHECK_CONSUMER) timestamp=2392 ms, used_size=14090240 bytes (34.4%)
(RDMA_READ_CONSUME_CHECK_CONSUMER) timestamp=2392 ms, used_size=14088192 bytes (34.4%)
(RDMA_READ_CONSUME_CHECK_CONSUMER) timestamp=2392 ms, used_size=14086144 bytes (34.4%)
(RDMA_READ_CONSUME_CHECK_CONSUMER) timestamp=2392 ms, used_size=14084096 bytes (34.4%)
(RDMA_READ_CONSUME_CHECK_CONSUMER) timestamp=2392 ms, used_size=14082048 bytes (34.4%)
(RDMA_READ_CONSUME_CHECK_CONSUMER) timestamp=2392 ms, used_size=14080000 bytes (34.4%)
(RDMA_READ_CONSUME_CHECK_CONSUMER) timestamp=2392 ms, used_size=14077952 bytes (34.4%)
(RDMA_READ_CONSUME_CHECK_CONSUMER) timestamp=2392 ms, used_size=14075904 bytes (34.4%)
(RDMA_READ_CONSUME_CHECK_CONSUMER) timestamp=2392 ms, used_size=14073856 bytes (34.4%)
(RDMA_READ_CONSUME_CHECK_CONSUMER) timestamp=2392 ms, used_size=14071808 bytes (34.4%)
(RDMA_READ_CONSUME_CHECK_CONSUMER) timestamp=2392 ms, used_size=14069760 bytes (34.4%)
(RDMA_READ_CONSUME_CHECK_CONSUMER) timestamp=2392 ms, used_size=14067712 bytes (34.3%)
(RDMA_READ_CONSUME_CHECK_CONSUMER) timestamp=2392 ms, used_size=14065664 bytes (34.3%)
(RDMA_READ_CONSUME_CHECK_CONSUMER) timestamp=2392 ms, used_size=14063616 bytes (34.3%)
(RDMA_READ_CONSUME_CHECK_CONSUMER) timestamp=2392 ms, used_size=14061568 bytes (34.3%)
(RDMA_READ_CONSUME_CHECK_CONSUMER) timestamp=2392 ms, used_size=14059520 bytes (34.3%)
(RDMA_READ_CONSUME_CHECK_CONSUMER) timestamp=2392 ms, used_size=14057472 bytes (34.3%)
(RDMA_READ_CONSUME_CHECK_CONSUMER) timestamp=2392 ms, used_size=14055424 bytes (34.3%)
(RDMA_READ_CONSUME_CHECK_CONSUMER) timestamp=2392 ms, used_size=14053376 bytes (34.3%)
(RDMA_READ_CONSUME_CHECK_CONSUMER) timestamp=2392 ms, used_size=14051328 bytes (34.3%)
(RDMA_READ_CONSUME_CHECK_CONSUMER) timestamp=2392 ms, used_size=14049280 bytes (34.3%)
(RDMA_READ_CONSUME_CHECK_CONSUMER) timestamp=2392 ms, used_size=14047232 bytes (34.3%)
(RDMA_READ_CONSUME_CHECK_CONSUMER) timestamp=2392 ms, used_size=14045184 bytes (34.3%)
(RDMA_READ_CONSUME_CHECK_CONSUMER) timestamp=2392 ms, used_size=14043136 bytes (34.3%)
(RDMA_READ_CONSUME_CHECK_CONSUMER) timestamp=2392 ms, used_size=14041088 bytes (34.3%)
(RDMA_READ_CONSUME_CHECK_CONSUMER) timestamp=2392 ms, used_size=14039040 bytes (34.3%)
(RDMA_READ_CONSUME_CHECK_CONSUMER) timestamp=2392 ms, used_size=14036992 bytes (34.3%)
(RDMA_READ_CONSUME_CHECK_CONSUMER) timestamp=2392 ms, used_size=14034944 bytes (34.3%)
(RDMA_READ_CONSUME_CHECK_CONSUMER) timestamp=2392 ms, used_size=14032896 bytes (34.3%)
(RDMA_READ_CONSUME_CHECK_CONSUMER) timestamp=2392 ms, used_size=14030848 bytes (34.3%)
(RDMA_READ_CONSUME_CHECK_CONSUMER) timestamp=2392 ms, used_size=14028800 bytes (34.2%)
(RDMA_READ_CONSUME_CHECK_CONSUMER) timestamp=2392 ms, used_size=14026752 bytes (34.2%)
(RDMA_READ_CONSUME_CHECK_CONSUMER) timestamp=2392 ms, used_size=14024704 bytes (34.2%)
(RDMA_READ_CONSUME_CHECK_CONSUMER) timestamp=2392 ms, used_size=14022656 bytes (34.2%)
(RDMA_READ_CONSUME_CHECK_CONSUMER) timestamp=2392 ms, used_size=14020608 bytes (34.2%)
(RDMA_READ_CONSUME_CHECK_CONSUMER) timestamp=2392 ms, used_size=14018560 bytes (34.2%)
(RDMA_READ_CONSUME_CHECK_CONSUMER) timestamp=2393 ms, used_size=14016512 bytes (34.2%)
(RDMA_READ_CONSUME_CHECK_CONSUMER) timestamp=2393 ms, used_size=14014464 bytes (34.2%)
(RDMA_READ_CONSUME_CHECK_CONSUMER) timestamp=2393 ms, used_size=14012416 bytes (34.2%)
(RDMA_READ_CONSUME_CHECK_CONSUMER) timestamp=2393 ms, used_size=14010368 bytes (34.2%)
(RDMA_READ_CONSUME_CHECK_CONSUMER) timestamp=2393 ms, used_size=14008320 bytes (34.2%)
(RDMA_READ_CONSUME_CHECK_CONSUMER) timestamp=2393 ms, used_size=14006272 bytes (34.2%)
(RDMA_READ_CONSUME_CHECK_CONSUMER) timestamp=2393 ms, used_size=14004224 bytes (34.2%)
(RDMA_READ_CONSUME_CHECK_CONSUMER) timestamp=2393 ms, used_size=14002176 bytes (34.2%)
(RDMA_READ_CONSUME_CHECK_CONSUMER) timestamp=2393 ms, used_size=14000128 bytes (34.2%)
(RDMA_READ_CONSUME_CHECK_CONSUMER) timestamp=2393 ms, used_size=13998080 bytes (34.2%)
(RDMA_READ_CONSUME_CHECK_CONSUMER) timestamp=2393 ms, used_size=13996032 bytes (34.2%)
(RDMA_READ_CONSUME_CHECK_CONSUMER) timestamp=2393 ms, used_size=13993984 bytes (34.2%)
(RDMA_READ_CONSUME_CHECK_CONSUMER) timestamp=2393 ms, used_size=13991936 bytes (34.2%)
(RDMA_READ_CONSUME_CHECK_CONSUMER) timestamp=2393 ms, used_size=13989888 bytes (34.2%)
(RDMA_READ_CONSUME_CHECK_CONSUMER) timestamp=2393 ms, used_size=13987840 bytes (34.1%)
(RDMA_READ_CONSUME_CHECK_CONSUMER) timestamp=2393 ms, used_size=13985792 bytes (34.1%)
(RDMA_READ_CONSUME_CHECK_CONSUMER) timestamp=2393 ms, used_size=13983744 bytes (34.1%)
(RDMA_READ_CONSUME_CHECK_CONSUMER) timestamp=2393 ms, used_size=13981696 bytes (34.1%)
(RDMA_READ_CONSUME_CHECK_CONSUMER) timestamp=2393 ms, used_size=13979648 bytes (34.1%)
(RDMA_READ_CONSUME_CHECK_CONSUMER) timestamp=2393 ms, used_size=13977600 bytes (34.1%)
(RDMA_READ_CONSUME_CHECK_CONSUMER) timestamp=2393 ms, used_size=13975552 bytes (34.1%)
(RDMA_READ_CONSUME_CHECK_CONSUMER) timestamp=2393 ms, used_size=13973504 bytes (34.1%)
(RDMA_READ_CONSUME_CHECK_CONSUMER) timestamp=2393 ms, used_size=13971456 bytes (34.1%)
(RDMA_READ_CONSUME_CHECK_CONSUMER) timestamp=2393 ms, used_size=13969408 bytes (34.1%)
(RDMA_READ_CONSUME_CHECK_CONSUMER) timestamp=2393 ms, used_size=13967360 bytes (34.1%)
(RDMA_READ_CONSUME_CHECK_CONSUMER) timestamp=2393 ms, used_size=13965312 bytes (34.1%)
(RDMA_READ_CONSUME_CHECK_CONSUMER) timestamp=2393 ms, used_size=13963264 bytes (34.1%)
(RDMA_READ_CONSUME_CHECK_CONSUMER) timestamp=2393 ms, used_size=13961216 bytes (34.1%)
(RDMA_READ_CONSUME_CHECK_CONSUMER) timestamp=2393 ms, used_size=13959168 bytes (34.1%)
(RDMA_READ_CONSUME_CHECK_CONSUMER) timestamp=2393 ms, used_size=13957120 bytes (34.1%)
(RDMA_READ_CONSUME_CHECK_CONSUMER) timestamp=2393 ms, used_size=13955072 bytes (34.1%)
(RDMA_READ_CONSUME_CHECK_CONSUMER) timestamp=2393 ms, used_size=13953024 bytes (34.1%)
(RDMA_READ_CONSUME_CHECK_CONSUMER) timestamp=2393 ms, used_size=13950976 bytes (34.1%)
(RDMA_READ_CONSUME_CHECK_CONSUMER) timestamp=2393 ms, used_size=13948928 bytes (34.1%)
(RDMA_READ_CONSUME_CHECK_CONSUMER) timestamp=2393 ms, used_size=13946880 bytes (34.0%)
(RDMA_READ_CONSUME_CHECK_CONSUMER) timestamp=2393 ms, used_size=13944832 bytes (34.0%)
(RDMA_READ_CONSUME_CHECK_CONSUMER) timestamp=2393 ms, used_size=13942784 bytes (34.0%)
(RDMA_READ_CONSUME_CHECK_CONSUMER) timestamp=2393 ms, used_size=13940736 bytes (34.0%)
(RDMA_READ_CONSUME_CHECK_CONSUMER) timestamp=2393 ms, used_size=13938688 bytes (34.0%)
(RDMA_READ_CONSUME_CHECK_CONSUMER) timestamp=2393 ms, used_size=13936640 bytes (34.0%)
(RDMA_READ_CONSUME_CHECK_CONSUMER) timestamp=2393 ms, used_size=13934592 bytes (34.0%)
(RDMA_READ_CONSUME_CHECK_CONSUMER) timestamp=2393 ms, used_size=13932544 bytes (34.0%)
(RDMA_READ_CONSUME_CHECK_CONSUMER) timestamp=2393 ms, used_size=13930496 bytes (34.0%)
(RDMA_READ_CONSUME_CHECK_CONSUMER) timestamp=2393 ms, used_size=13928448 bytes (34.0%)
(RDMA_READ_CONSUME_CHECK_CONSUMER) timestamp=2393 ms, used_size=13926400 bytes (34.0%)
(RDMA_READ_CONSUME_CHECK_CONSUMER) timestamp=2393 ms, used_size=13924352 bytes (34.0%)
(RDMA_READ_CONSUME_CHECK_CONSUMER) timestamp=2393 ms, used_size=13922304 bytes (34.0%)
(RDMA_READ_CONSUME_CHECK_CONSUMER) timestamp=2393 ms, used_size=13920256 bytes (34.0%)
(RDMA_READ_CONSUME_CHECK_CONSUMER) timestamp=2393 ms, used_size=13918208 bytes (34.0%)
(RDMA_READ_CONSUME_CHECK_CONSUMER) timestamp=2393 ms, used_size=13916160 bytes (34.0%)
(RDMA_READ_CONSUME_CHECK_CONSUMER) timestamp=2393 ms, used_size=13914112 bytes (34.0%)
(RDMA_READ_CONSUME_CHECK_CONSUMER) timestamp=2393 ms, used_size=13912064 bytes (34.0%)
(RDMA_READ_CONSUME_CHECK_CONSUMER) timestamp=2393 ms, used_size=13910016 bytes (34.0%)
(RDMA_READ_CONSUME_CHECK_CONSUMER) timestamp=2393 ms, used_size=13907968 bytes (34.0%)
(RDMA_READ_CONSUME_CHECK_CONSUMER) timestamp=2393 ms, used_size=13905920 bytes (34.0%)
(RDMA_READ_CONSUME_CHECK_CONSUMER) timestamp=2393 ms, used_size=13903872 bytes (33.9%)
(RDMA_READ_CONSUME_CHECK_CONSUMER) timestamp=2393 ms, used_size=13901824 bytes (33.9%)
(RDMA_READ_CONSUME_CHECK_CONSUMER) timestamp=2393 ms, used_size=13899776 bytes (33.9%)
(RDMA_READ_CONSUME_CHECK_CONSUMER) timestamp=2393 ms, used_size=13897728 bytes (33.9%)
(RDMA_READ_CONSUME_CHECK_CONSUMER) timestamp=2393 ms, used_size=13895680 bytes (33.9%)
(RDMA_READ_CONSUME_CHECK_CONSUMER) timestamp=2393 ms, used_size=13893632 bytes (33.9%)
(RDMA_READ_CONSUME_CHECK_CONSUMER) timestamp=2393 ms, used_size=13891584 bytes (33.9%)
(RDMA_READ_CONSUME_CHECK_CONSUMER) timestamp=2393 ms, used_size=13889536 bytes (33.9%)
(RDMA_READ_CONSUME_CHECK_CONSUMER) timestamp=2393 ms, used_size=13887488 bytes (33.9%)
(RDMA_READ_CONSUME_CHECK_CONSUMER) timestamp=2393 ms, used_size=13885440 bytes (33.9%)
(RDMA_READ_CONSUME_CHECK_CONSUMER) timestamp=2393 ms, used_size=13883392 bytes (33.9%)
(RDMA_READ_CONSUME_CHECK_CONSUMER) timestamp=2393 ms, used_size=13881344 bytes (33.9%)
(RDMA_READ_CONSUME_CHECK_CONSUMER) timestamp=2393 ms, used_size=13879296 bytes (33.9%)
(RDMA_READ_CONSUME_CHECK_CONSUMER) timestamp=2393 ms, used_size=13877248 bytes (33.9%)
(RDMA_READ_CONSUME_CHECK_CONSUMER) timestamp=2393 ms, used_size=13875200 bytes (33.9%)
(RDMA_READ_CONSUME_CHECK_CONSUMER) timestamp=2393 ms, used_size=13873152 bytes (33.9%)
(RDMA_READ_CONSUME_CHECK_CONSUMER) timestamp=2393 ms, used_size=13871104 bytes (33.9%)
(RDMA_READ_CONSUME_CHECK_CONSUMER) timestamp=2393 ms, used_size=13869056 bytes (33.9%)
(RDMA_READ_CONSUME_CHECK_CONSUMER) timestamp=2393 ms, used_size=13867008 bytes (33.9%)
(RDMA_READ_CONSUME_CHECK_CONSUMER) timestamp=2393 ms, used_size=13864960 bytes (33.9%)
(RDMA_READ_CONSUME_CHECK_CONSUMER) timestamp=2393 ms, used_size=13862912 bytes (33.8%)
(RDMA_READ_CONSUME_CHECK_CONSUMER) timestamp=2393 ms, used_size=13860864 bytes (33.8%)
(RDMA_READ_CONSUME_CHECK_CONSUMER) timestamp=2393 ms, used_size=13858816 bytes (33.8%)
(RDMA_READ_CONSUME_CHECK_CONSUMER) timestamp=2393 ms, used_size=13856768 bytes (33.8%)
(RDMA_READ_CONSUME_CHECK_CONSUMER) timestamp=2393 ms, used_size=13854720 bytes (33.8%)
(RDMA_READ_CONSUME_CHECK_CONSUMER) timestamp=2393 ms, used_size=13852672 bytes (33.8%)
(RDMA_READ_CONSUME_CHECK_CONSUMER) timestamp=2393 ms, used_size=13850624 bytes (33.8%)
(RDMA_READ_CONSUME_CHECK_CONSUMER) timestamp=2393 ms, used_size=13848576 bytes (33.8%)
(RDMA_READ_CONSUME_CHECK_CONSUMER) timestamp=2393 ms, used_size=13846528 bytes (33.8%)
(RDMA_READ_CONSUME_CHECK_CONSUMER) timestamp=2393 ms, used_size=13844480 bytes (33.8%)
(RDMA_READ_CONSUME_CHECK_CONSUMER) timestamp=2393 ms, used_size=13842432 bytes (33.8%)
(RDMA_READ_CONSUME_CHECK_CONSUMER) timestamp=2393 ms, used_size=13840384 bytes (33.8%)
(RDMA_READ_CONSUME_CHECK_CONSUMER) timestamp=2393 ms, used_size=13838336 bytes (33.8%)
(RDMA_READ_CONSUME_CHECK_CONSUMER) timestamp=2393 ms, used_size=13836288 bytes (33.8%)
(RDMA_READ_CONSUME_CHECK_CONSUMER) timestamp=2393 ms, used_size=13834240 bytes (33.8%)
(RDMA_READ_CONSUME_CHECK_CONSUMER) timestamp=2393 ms, used_size=13832192 bytes (33.8%)
(RDMA_READ_CONSUME_CHECK_CONSUMER) timestamp=2393 ms, used_size=13830144 bytes (33.8%)
(RDMA_READ_CONSUME_CHECK_CONSUMER) timestamp=2393 ms, used_size=13828096 bytes (33.8%)
(RDMA_READ_CONSUME_CHECK_CONSUMER) timestamp=2393 ms, used_size=13826048 bytes (33.8%)
(RDMA_READ_CONSUME_CHECK_CONSUMER) timestamp=2393 ms, used_size=13824000 bytes (33.8%)
(RDMA_READ_CONSUME_CHECK_CONSUMER) timestamp=2393 ms, used_size=13821952 bytes (33.7%)
(RDMA_READ_CONSUME_CHECK_CONSUMER) timestamp=2393 ms, used_size=13819904 bytes (33.7%)
(RDMA_READ_CONSUME_CHECK_CONSUMER) timestamp=2393 ms, used_size=13817856 bytes (33.7%)
(RDMA_READ_CONSUME_CHECK_CONSUMER) timestamp=2393 ms, used_size=13815808 bytes (33.7%)
(RDMA_READ_CONSUME_CHECK_CONSUMER) timestamp=2393 ms, used_size=13813760 bytes (33.7%)
(RDMA_READ_CONSUME_CHECK_CONSUMER) timestamp=2393 ms, used_size=13811712 bytes (33.7%)
(RDMA_READ_CONSUME_CHECK_CONSUMER) timestamp=2393 ms, used_size=13809664 bytes (33.7%)
(RDMA_READ_CONSUME_CHECK_CONSUMER) timestamp=2393 ms, used_size=13807616 bytes (33.7%)
(RDMA_READ_CONSUME_CHECK_CONSUMER) timestamp=2393 ms, used_size=13805568 bytes (33.7%)
(RDMA_READ_CONSUME_CHECK_CONSUMER) timestamp=2393 ms, used_size=13803520 bytes (33.7%)
(RDMA_READ_CONSUME_CHECK_CONSUMER) timestamp=2393 ms, used_size=13801472 bytes (33.7%)
(RDMA_READ_CONSUME_CHECK_CONSUMER) timestamp=2393 ms, used_size=13799424 bytes (33.7%)
(RDMA_READ_CONSUME_CHECK_CONSUMER) timestamp=2393 ms, used_size=13797376 bytes (33.7%)
(RDMA_READ_CONSUME_CHECK_CONSUMER) timestamp=2393 ms, used_size=13795328 bytes (33.7%)
(RDMA_READ_CONSUME_CHECK_CONSUMER) timestamp=2393 ms, used_size=13793280 bytes (33.7%)
(RDMA_READ_CONSUME_CHECK_CONSUMER) timestamp=2393 ms, used_size=13791232 bytes (33.7%)
(RDMA_READ_CONSUME_CHECK_CONSUMER) timestamp=2393 ms, used_size=13789184 bytes (33.7%)
(RDMA_READ_CONSUME_CHECK_CONSUMER) timestamp=2393 ms, used_size=13787136 bytes (33.7%)
(RDMA_READ_CONSUME_CHECK_CONSUMER) timestamp=2393 ms, used_size=13785088 bytes (33.7%)
(RDMA_READ_CONSUME_CHECK_CONSUMER) timestamp=2393 ms, used_size=13783040 bytes (33.6%)
(RDMA_READ_CONSUME_CHECK_CONSUMER) timestamp=2393 ms, used_size=13780992 bytes (33.6%)
(RDMA_READ_CONSUME_CHECK_CONSUMER) timestamp=2393 ms, used_size=13778944 bytes (33.6%)
(RDMA_READ_CONSUME_CHECK_CONSUMER) timestamp=2393 ms, used_size=13776896 bytes (33.6%)
(RDMA_READ_CONSUME_CHECK_CONSUMER) timestamp=2393 ms, used_size=13774848 bytes (33.6%)
(RDMA_READ_CONSUME_CHECK_CONSUMER) timestamp=2393 ms, used_size=13772800 bytes (33.6%)
(RDMA_READ_CONSUME_CHECK_CONSUMER) timestamp=2393 ms, used_size=13770752 bytes (33.6%)
(RDMA_READ_CONSUME_CHECK_CONSUMER) timestamp=2393 ms, used_size=13768704 bytes (33.6%)
(RDMA_READ_CONSUME_CHECK_CONSUMER) timestamp=2393 ms, used_size=13766656 bytes (33.6%)
(RDMA_READ_CONSUME_CHECK_CONSUMER) timestamp=2393 ms, used_size=13764608 bytes (33.6%)
(RDMA_READ_CONSUME_CHECK_CONSUMER) timestamp=2393 ms, used_size=13762560 bytes (33.6%)
(RDMA_READ_CONSUME_CHECK_CONSUMER) timestamp=2393 ms, used_size=13760512 bytes (33.6%)
(RDMA_READ_CONSUME_CHECK_CONSUMER) timestamp=2393 ms, used_size=13758464 bytes (33.6%)
(RDMA_READ_CONSUME_CHECK_CONSUMER) timestamp=2393 ms, used_size=13756416 bytes (33.6%)
(RDMA_READ_CONSUME_CHECK_CONSUMER) timestamp=2393 ms, used_size=13754368 bytes (33.6%)
(RDMA_READ_CONSUME_CHECK_CONSUMER) timestamp=2393 ms, used_size=13752320 bytes (33.6%)
(RDMA_READ_CONSUME_CHECK_CONSUMER) timestamp=2393 ms, used_size=13750272 bytes (33.6%)
(RDMA_READ_CONSUME_CHECK_CONSUMER) timestamp=2393 ms, used_size=13748224 bytes (33.6%)
(RDMA_READ_CONSUME_CHECK_CONSUMER) timestamp=2393 ms, used_size=13746176 bytes (33.6%)
(RDMA_READ_CONSUME_CHECK_CONSUMER) timestamp=2393 ms, used_size=13744128 bytes (33.6%)
(RDMA_READ_CONSUME_CHECK_CONSUMER) timestamp=2393 ms, used_size=13742080 bytes (33.5%)
(RDMA_READ_CONSUME_CHECK_CONSUMER) timestamp=2393 ms, used_size=13740032 bytes (33.5%)
(RDMA_READ_CONSUME_CHECK_CONSUMER) timestamp=2393 ms, used_size=13737984 bytes (33.5%)
(RDMA_READ_CONSUME_CHECK_CONSUMER) timestamp=2393 ms, used_size=13735936 bytes (33.5%)
(RDMA_READ_CONSUME_CHECK_CONSUMER) timestamp=2393 ms, used_size=13733888 bytes (33.5%)
(RDMA_READ_CONSUME_CHECK_CONSUMER) timestamp=2393 ms, used_size=13731840 bytes (33.5%)
(RDMA_READ_CONSUME_CHECK_CONSUMER) timestamp=2393 ms, used_size=13729792 bytes (33.5%)
(RDMA_READ_CONSUME_CHECK_CONSUMER) timestamp=2393 ms, used_size=13727744 bytes (33.5%)
(RDMA_READ_CONSUME_CHECK_CONSUMER) timestamp=2393 ms, used_size=13725696 bytes (33.5%)
(RDMA_READ_CONSUME_CHECK_CONSUMER) timestamp=2393 ms, used_size=13723648 bytes (33.5%)
(RDMA_READ_CONSUME_CHECK_CONSUMER) timestamp=2393 ms, used_size=13721600 bytes (33.5%)
(RDMA_READ_CONSUME_CHECK_CONSUMER) timestamp=2393 ms, used_size=13719552 bytes (33.5%)
(RDMA_READ_CONSUME_CHECK_CONSUMER) timestamp=2393 ms, used_size=13717504 bytes (33.5%)
(RDMA_READ_CONSUME_CHECK_CONSUMER) timestamp=2393 ms, used_size=13715456 bytes (33.5%)
(RDMA_READ_CONSUME_CHECK_CONSUMER) timestamp=2393 ms, used_size=13713408 bytes (33.5%)
(RDMA_READ_CONSUME_CHECK_CONSUMER) timestamp=2393 ms, used_size=13711360 bytes (33.5%)
(RDMA_READ_CONSUME_CHECK_CONSUMER) timestamp=2393 ms, used_size=13709312 bytes (33.5%)
(RDMA_READ_CONSUME_CHECK_CONSUMER) timestamp=2393 ms, used_size=13707264 bytes (33.5%)
(RDMA_READ_CONSUME_CHECK_CONSUMER) timestamp=2393 ms, used_size=13705216 bytes (33.5%)
(RDMA_READ_CONSUME_CHECK_CONSUMER) timestamp=2393 ms, used_size=13703168 bytes (33.5%)
(RDMA_READ_CONSUME_CHECK_CONSUMER) timestamp=2393 ms, used_size=13701120 bytes (33.5%)
(RDMA_READ_CONSUME_CHECK_CONSUMER) timestamp=2393 ms, used_size=13699072 bytes (33.4%)
(RDMA_READ_CONSUME_CHECK_CONSUMER) timestamp=2393 ms, used_size=13697024 bytes (33.4%)
(RDMA_READ_CONSUME_CHECK_CONSUMER) timestamp=2393 ms, used_size=13694976 bytes (33.4%)
(RDMA_READ_CONSUME_CHECK_CONSUMER) timestamp=2393 ms, used_size=13692928 bytes (33.4%)
(RDMA_READ_CONSUME_CHECK_CONSUMER) timestamp=2393 ms, used_size=13690880 bytes (33.4%)
(RDMA_READ_CONSUME_CHECK_CONSUMER) timestamp=2393 ms, used_size=13688832 bytes (33.4%)
(RDMA_READ_CONSUME_CHECK_CONSUMER) timestamp=2393 ms, used_size=13686784 bytes (33.4%)
(RDMA_READ_CONSUME_CHECK_CONSUMER) timestamp=2393 ms, used_size=13684736 bytes (33.4%)
(RDMA_READ_CONSUME_CHECK_CONSUMER) timestamp=2393 ms, used_size=13682688 bytes (33.4%)
(RDMA_READ_CONSUME_CHECK_CONSUMER) timestamp=2393 ms, used_size=13680640 bytes (33.4%)
(RDMA_READ_CONSUME_CHECK_CONSUMER) timestamp=2393 ms, used_size=13678592 bytes (33.4%)
(RDMA_READ_CONSUME_CHECK_CONSUMER) timestamp=2393 ms, used_size=13676544 bytes (33.4%)
(RDMA_READ_CONSUME_CHECK_CONSUMER) timestamp=2393 ms, used_size=13674496 bytes (33.4%)
(RDMA_READ_CONSUME_CHECK_CONSUMER) timestamp=2393 ms, used_size=13672448 bytes (33.4%)
(RDMA_READ_CONSUME_CHECK_CONSUMER) timestamp=2393 ms, used_size=13670400 bytes (33.4%)
(RDMA_READ_CONSUME_CHECK_CONSUMER) timestamp=2393 ms, used_size=13668352 bytes (33.4%)
(RDMA_READ_CONSUME_CHECK_CONSUMER) timestamp=2393 ms, used_size=13666304 bytes (33.4%)
(RDMA_READ_CONSUME_CHECK_CONSUMER) timestamp=2393 ms, used_size=13664256 bytes (33.4%)
(RDMA_READ_CONSUME_CHECK_CONSUMER) timestamp=2393 ms, used_size=13662208 bytes (33.4%)
(RDMA_READ_CONSUME_CHECK_CONSUMER) timestamp=2393 ms, used_size=13660160 bytes (33.4%)
(RDMA_READ_CONSUME_CHECK_CONSUMER) timestamp=2393 ms, used_size=13658112 bytes (33.3%)
(RDMA_READ_CONSUME_CHECK_CONSUMER) timestamp=2393 ms, used_size=13656064 bytes (33.3%)
(RDMA_READ_CONSUME_CHECK_CONSUMER) timestamp=2393 ms, used_size=13654016 bytes (33.3%)
(RDMA_READ_CONSUME_CHECK_CONSUMER) timestamp=2393 ms, used_size=13651968 bytes (33.3%)
(RDMA_READ_CONSUME_CHECK_CONSUMER) timestamp=2394 ms, used_size=13649920 bytes (33.3%)
(RDMA_READ_CONSUME_CHECK_CONSUMER) timestamp=2394 ms, used_size=13647872 bytes (33.3%)
(RDMA_READ_CONSUME_CHECK_CONSUMER) timestamp=2394 ms, used_size=13645824 bytes (33.3%)
(RDMA_READ_CONSUME_CHECK_CONSUMER) timestamp=2394 ms, used_size=13643776 bytes (33.3%)
(RDMA_READ_CONSUME_CHECK_CONSUMER) timestamp=2394 ms, used_size=13641728 bytes (33.3%)
(RDMA_READ_CONSUME_CHECK_CONSUMER) timestamp=2394 ms, used_size=13639680 bytes (33.3%)
(RDMA_READ_CONSUME_CHECK_CONSUMER) timestamp=2394 ms, used_size=13637632 bytes (33.3%)
(RDMA_READ_CONSUME_CHECK_CONSUMER) timestamp=2394 ms, used_size=13635584 bytes (33.3%)
(RDMA_READ_CONSUME_CHECK_CONSUMER) timestamp=2394 ms, used_size=13633536 bytes (33.3%)
(RDMA_READ_CONSUME_CHECK_CONSUMER) timestamp=2394 ms, used_size=13631488 bytes (33.3%)
(RDMA_READ_CONSUME_CHECK_CONSUMER) timestamp=2394 ms, used_size=13629440 bytes (33.3%)
(RDMA_READ_CONSUME_CHECK_CONSUMER) timestamp=2394 ms, used_size=13627392 bytes (33.3%)
(RDMA_READ_CONSUME_CHECK_CONSUMER) timestamp=2394 ms, used_size=13625344 bytes (33.3%)
(RDMA_READ_CONSUME_CHECK_CONSUMER) timestamp=2394 ms, used_size=13623296 bytes (33.3%)
(RDMA_READ_CONSUME_CHECK_CONSUMER) timestamp=2394 ms, used_size=13621248 bytes (33.3%)
(RDMA_READ_CONSUME_CHECK_CONSUMER) timestamp=2394 ms, used_size=13619200 bytes (33.2%)
(RDMA_READ_CONSUME_CHECK_CONSUMER) timestamp=2394 ms, used_size=13617152 bytes (33.2%)
(RDMA_READ_CONSUME_CHECK_CONSUMER) timestamp=2394 ms, used_size=13615104 bytes (33.2%)
(RDMA_READ_CONSUME_CHECK_CONSUMER) timestamp=2394 ms, used_size=13613056 bytes (33.2%)
(RDMA_READ_CONSUME_CHECK_CONSUMER) timestamp=2394 ms, used_size=13611008 bytes (33.2%)
(RDMA_READ_CONSUME_CHECK_CONSUMER) timestamp=2394 ms, used_size=13608960 bytes (33.2%)
(RDMA_READ_CONSUME_CHECK_CONSUMER) timestamp=2394 ms, used_size=13606912 bytes (33.2%)
(RDMA_READ_CONSUME_CHECK_CONSUMER) timestamp=2394 ms, used_size=13604864 bytes (33.2%)
(RDMA_READ_CONSUME_CHECK_CONSUMER) timestamp=2394 ms, used_size=13602816 bytes (33.2%)
(RDMA_READ_CONSUME_CHECK_CONSUMER) timestamp=2394 ms, used_size=13600768 bytes (33.2%)
(RDMA_READ_CONSUME_CHECK_CONSUMER) timestamp=2394 ms, used_size=13598720 bytes (33.2%)
(RDMA_READ_CONSUME_CHECK_CONSUMER) timestamp=2394 ms, used_size=13596672 bytes (33.2%)
(RDMA_READ_CONSUME_CHECK_CONSUMER) timestamp=2394 ms, used_size=13594624 bytes (33.2%)
(RDMA_READ_CONSUME_CHECK_CONSUMER) timestamp=2394 ms, used_size=13592576 bytes (33.2%)
(RDMA_READ_CONSUME_CHECK_CONSUMER) timestamp=2394 ms, used_size=13590528 bytes (33.2%)
(RDMA_READ_CONSUME_CHECK_CONSUMER) timestamp=2394 ms, used_size=13588480 bytes (33.2%)
(RDMA_READ_CONSUME_CHECK_CONSUMER) timestamp=2394 ms, used_size=13586432 bytes (33.2%)
(RDMA_READ_CONSUME_CHECK_CONSUMER) timestamp=2394 ms, used_size=13584384 bytes (33.2%)
(RDMA_READ_CONSUME_CHECK_CONSUMER) timestamp=2394 ms, used_size=13582336 bytes (33.2%)
(RDMA_READ_CONSUME_CHECK_CONSUMER) timestamp=2394 ms, used_size=13580288 bytes (33.2%)
(RDMA_READ_CONSUME_CHECK_CONSUMER) timestamp=2394 ms, used_size=13578240 bytes (33.1%)
(RDMA_READ_CONSUME_CHECK_CONSUMER) timestamp=2394 ms, used_size=13576192 bytes (33.1%)
(RDMA_READ_CONSUME_CHECK_CONSUMER) timestamp=2394 ms, used_size=13574144 bytes (33.1%)
(RDMA_READ_CONSUME_CHECK_CONSUMER) timestamp=2394 ms, used_size=13572096 bytes (33.1%)
(RDMA_READ_CONSUME_CHECK_CONSUMER) timestamp=2394 ms, used_size=13570048 bytes (33.1%)
(RDMA_READ_CONSUME_CHECK_CONSUMER) timestamp=2394 ms, used_size=13568000 bytes (33.1%)
(RDMA_READ_CONSUME_CHECK_CONSUMER) timestamp=2394 ms, used_size=13565952 bytes (33.1%)
(RDMA_READ_CONSUME_CHECK_CONSUMER) timestamp=2394 ms, used_size=13563904 bytes (33.1%)
(RDMA_READ_CONSUME_CHECK_CONSUMER) timestamp=2394 ms, used_size=13561856 bytes (33.1%)
(RDMA_READ_CONSUME_CHECK_CONSUMER) timestamp=2394 ms, used_size=13559808 bytes (33.1%)
(RDMA_READ_CONSUME_CHECK_CONSUMER) timestamp=2394 ms, used_size=13557760 bytes (33.1%)
(RDMA_READ_CONSUME_CHECK_CONSUMER) timestamp=2394 ms, used_size=13555712 bytes (33.1%)
(RDMA_READ_CONSUME_CHECK_CONSUMER) timestamp=2394 ms, used_size=13553664 bytes (33.1%)
(RDMA_READ_CONSUME_CHECK_CONSUMER) timestamp=2394 ms, used_size=13551616 bytes (33.1%)
(RDMA_READ_CONSUME_CHECK_CONSUMER) timestamp=2394 ms, used_size=13549568 bytes (33.1%)
(RDMA_READ_CONSUME_CHECK_CONSUMER) timestamp=2394 ms, used_size=13547520 bytes (33.1%)
(RDMA_READ_CONSUME_CHECK_CONSUMER) timestamp=2394 ms, used_size=13545472 bytes (33.1%)
(RDMA_READ_CONSUME_CHECK_CONSUMER) timestamp=2394 ms, used_size=13543424 bytes (33.1%)
(RDMA_READ_CONSUME_CHECK_CONSUMER) timestamp=2394 ms, used_size=13541376 bytes (33.1%)
(RDMA_READ_CONSUME_CHECK_CONSUMER) timestamp=2394 ms, used_size=13539328 bytes (33.1%)
(RDMA_READ_CONSUME_CHECK_CONSUMER) timestamp=2394 ms, used_size=13537280 bytes (33.0%)
(RDMA_READ_CONSUME_CHECK_CONSUMER) timestamp=2394 ms, used_size=13535232 bytes (33.0%)
(RDMA_READ_CONSUME_CHECK_CONSUMER) timestamp=2394 ms, used_size=13533184 bytes (33.0%)
(RDMA_READ_CONSUME_CHECK_CONSUMER) timestamp=2394 ms, used_size=13531136 bytes (33.0%)
(RDMA_READ_CONSUME_CHECK_CONSUMER) timestamp=2394 ms, used_size=13529088 bytes (33.0%)
(RDMA_READ_CONSUME_CHECK_CONSUMER) timestamp=2394 ms, used_size=13527040 bytes (33.0%)
(RDMA_READ_CONSUME_CHECK_CONSUMER) timestamp=2394 ms, used_size=13524992 bytes (33.0%)
(RDMA_READ_CONSUME_CHECK_CONSUMER) timestamp=2394 ms, used_size=13522944 bytes (33.0%)
(RDMA_READ_CONSUME_CHECK_CONSUMER) timestamp=2394 ms, used_size=13520896 bytes (33.0%)
(RDMA_READ_CONSUME_CHECK_CONSUMER) timestamp=2394 ms, used_size=13518848 bytes (33.0%)
(RDMA_READ_CONSUME_CHECK_CONSUMER) timestamp=2394 ms, used_size=13516800 bytes (33.0%)
(RDMA_READ_CONSUME_CHECK_CONSUMER) timestamp=2394 ms, used_size=13514752 bytes (33.0%)
(RDMA_READ_CONSUME_CHECK_CONSUMER) timestamp=2394 ms, used_size=13512704 bytes (33.0%)
(RDMA_READ_CONSUME_CHECK_CONSUMER) timestamp=2394 ms, used_size=13510656 bytes (33.0%)
(RDMA_READ_CONSUME_CHECK_CONSUMER) timestamp=2394 ms, used_size=13508608 bytes (33.0%)
(RDMA_READ_CONSUME_CHECK_CONSUMER) timestamp=2394 ms, used_size=13506560 bytes (33.0%)
(RDMA_READ_CONSUME_CHECK_CONSUMER) timestamp=2394 ms, used_size=13504512 bytes (33.0%)
(RDMA_READ_CONSUME_CHECK_CONSUMER) timestamp=2394 ms, used_size=13502464 bytes (33.0%)
(RDMA_READ_CONSUME_CHECK_CONSUMER) timestamp=2394 ms, used_size=13500416 bytes (33.0%)
(RDMA_READ_CONSUME_CHECK_CONSUMER) timestamp=2394 ms, used_size=13498368 bytes (33.0%)
(RDMA_READ_CONSUME_CHECK_CONSUMER) timestamp=2394 ms, used_size=13496320 bytes (33.0%)
(RDMA_READ_CONSUME_CHECK_CONSUMER) timestamp=2394 ms, used_size=13494272 bytes (32.9%)
(RDMA_READ_CONSUME_CHECK_CONSUMER) timestamp=2394 ms, used_size=13492224 bytes (32.9%)
(RDMA_READ_CONSUME_CHECK_CONSUMER) timestamp=2394 ms, used_size=13490176 bytes (32.9%)
(RDMA_READ_CONSUME_CHECK_CONSUMER) timestamp=2394 ms, used_size=13488128 bytes (32.9%)
(RDMA_READ_CONSUME_CHECK_CONSUMER) timestamp=2394 ms, used_size=13486080 bytes (32.9%)
(RDMA_READ_CONSUME_CHECK_CONSUMER) timestamp=2394 ms, used_size=13484032 bytes (32.9%)
(RDMA_READ_CONSUME_CHECK_CONSUMER) timestamp=2394 ms, used_size=13481984 bytes (32.9%)
(RDMA_READ_CONSUME_CHECK_CONSUMER) timestamp=2394 ms, used_size=13479936 bytes (32.9%)
(RDMA_READ_CONSUME_CHECK_CONSUMER) timestamp=2394 ms, used_size=13477888 bytes (32.9%)
(RDMA_READ_CONSUME_CHECK_CONSUMER) timestamp=2394 ms, used_size=13475840 bytes (32.9%)
(RDMA_READ_CONSUME_CHECK_CONSUMER) timestamp=2394 ms, used_size=13473792 bytes (32.9%)
(RDMA_READ_CONSUME_CHECK_CONSUMER) timestamp=2394 ms, used_size=13471744 bytes (32.9%)
(RDMA_READ_CONSUME_CHECK_CONSUMER) timestamp=2394 ms, used_size=13469696 bytes (32.9%)
(RDMA_READ_CONSUME_CHECK_CONSUMER) timestamp=2394 ms, used_size=13467648 bytes (32.9%)
(RDMA_READ_CONSUME_CHECK_CONSUMER) timestamp=2394 ms, used_size=13465600 bytes (32.9%)
(RDMA_READ_CONSUME_CHECK_CONSUMER) timestamp=2394 ms, used_size=13463552 bytes (32.9%)
(RDMA_READ_CONSUME_CHECK_CONSUMER) timestamp=2394 ms, used_size=13461504 bytes (32.9%)
(RDMA_READ_CONSUME_CHECK_CONSUMER) timestamp=2394 ms, used_size=13459456 bytes (32.9%)
(RDMA_READ_CONSUME_CHECK_CONSUMER) timestamp=2394 ms, used_size=13457408 bytes (32.9%)
(RDMA_READ_CONSUME_CHECK_CONSUMER) timestamp=2394 ms, used_size=13455360 bytes (32.9%)
(RDMA_READ_CONSUME_CHECK_CONSUMER) timestamp=2394 ms, used_size=13453312 bytes (32.8%)
(RDMA_READ_CONSUME_CHECK_CONSUMER) timestamp=2394 ms, used_size=13451264 bytes (32.8%)
(RDMA_READ_CONSUME_CHECK_CONSUMER) timestamp=2394 ms, used_size=13449216 bytes (32.8%)
(RDMA_READ_CONSUME_CHECK_CONSUMER) timestamp=2394 ms, used_size=13447168 bytes (32.8%)
(RDMA_READ_CONSUME_CHECK_CONSUMER) timestamp=2394 ms, used_size=13445120 bytes (32.8%)
(RDMA_READ_CONSUME_CHECK_CONSUMER) timestamp=2394 ms, used_size=13443072 bytes (32.8%)
(RDMA_READ_CONSUME_CHECK_CONSUMER) timestamp=2394 ms, used_size=13441024 bytes (32.8%)
(RDMA_READ_CONSUME_CHECK_CONSUMER) timestamp=2394 ms, used_size=13438976 bytes (32.8%)
(RDMA_READ_CONSUME_CHECK_CONSUMER) timestamp=2394 ms, used_size=13436928 bytes (32.8%)
(RDMA_READ_CONSUME_CHECK_CONSUMER) timestamp=2394 ms, used_size=13434880 bytes (32.8%)
(RDMA_READ_CONSUME_CHECK_CONSUMER) timestamp=2394 ms, used_size=13432832 bytes (32.8%)
(RDMA_READ_CONSUME_CHECK_CONSUMER) timestamp=2394 ms, used_size=13430784 bytes (32.8%)
(RDMA_READ_CONSUME_CHECK_CONSUMER) timestamp=2394 ms, used_size=13428736 bytes (32.8%)
(RDMA_READ_CONSUME_CHECK_CONSUMER) timestamp=2394 ms, used_size=13426688 bytes (32.8%)
(RDMA_READ_CONSUME_CHECK_CONSUMER) timestamp=2394 ms, used_size=13424640 bytes (32.8%)
(RDMA_READ_CONSUME_CHECK_CONSUMER) timestamp=2394 ms, used_size=13422592 bytes (32.8%)
(RDMA_READ_CONSUME_CHECK_CONSUMER) timestamp=2394 ms, used_size=13420544 bytes (32.8%)
(RDMA_READ_CONSUME_CHECK_CONSUMER) timestamp=2394 ms, used_size=13418496 bytes (32.8%)
(RDMA_READ_CONSUME_CHECK_CONSUMER) timestamp=2394 ms, used_size=13416448 bytes (32.8%)
(RDMA_READ_CONSUME_CHECK_CONSUMER) timestamp=2394 ms, used_size=13414400 bytes (32.8%)
(RDMA_READ_CONSUME_CHECK_CONSUMER) timestamp=2394 ms, used_size=13412352 bytes (32.7%)
(RDMA_READ_CONSUME_CHECK_CONSUMER) timestamp=2394 ms, used_size=13410304 bytes (32.7%)
(RDMA_READ_CONSUME_CHECK_CONSUMER) timestamp=2394 ms, used_size=13408256 bytes (32.7%)
(RDMA_READ_CONSUME_CHECK_CONSUMER) timestamp=2394 ms, used_size=13406208 bytes (32.7%)
(RDMA_READ_CONSUME_CHECK_CONSUMER) timestamp=2394 ms, used_size=13404160 bytes (32.7%)
(RDMA_READ_CONSUME_CHECK_CONSUMER) timestamp=2394 ms, used_size=13402112 bytes (32.7%)
(RDMA_READ_CONSUME_CHECK_CONSUMER) timestamp=2394 ms, used_size=13400064 bytes (32.7%)
(RDMA_READ_CONSUME_CHECK_CONSUMER) timestamp=2394 ms, used_size=13398016 bytes (32.7%)
(RDMA_READ_CONSUME_CHECK_CONSUMER) timestamp=2394 ms, used_size=13395968 bytes (32.7%)
(RDMA_READ_CONSUME_CHECK_CONSUMER) timestamp=2394 ms, used_size=13393920 bytes (32.7%)
(RDMA_READ_CONSUME_CHECK_CONSUMER) timestamp=2394 ms, used_size=13391872 bytes (32.7%)
(RDMA_READ_CONSUME_CHECK_CONSUMER) timestamp=2394 ms, used_size=13389824 bytes (32.7%)
(RDMA_READ_CONSUME_CHECK_CONSUMER) timestamp=2394 ms, used_size=13387776 bytes (32.7%)
(RDMA_READ_CONSUME_CHECK_CONSUMER) timestamp=2394 ms, used_size=13385728 bytes (32.7%)
(RDMA_READ_CONSUME_CHECK_CONSUMER) timestamp=2394 ms, used_size=13383680 bytes (32.7%)
(RDMA_READ_CONSUME_CHECK_CONSUMER) timestamp=2394 ms, used_size=13381632 bytes (32.7%)
(RDMA_READ_CONSUME_CHECK_CONSUMER) timestamp=2394 ms, used_size=13379584 bytes (32.7%)
(RDMA_READ_CONSUME_CHECK_CONSUMER) timestamp=2394 ms, used_size=13377536 bytes (32.7%)
(RDMA_READ_CONSUME_CHECK_CONSUMER) timestamp=2394 ms, used_size=13375488 bytes (32.7%)
(RDMA_READ_CONSUME_CHECK_CONSUMER) timestamp=2394 ms, used_size=13373440 bytes (32.6%)
(RDMA_READ_CONSUME_CHECK_CONSUMER) timestamp=2394 ms, used_size=13371392 bytes (32.6%)
(RDMA_READ_CONSUME_CHECK_CONSUMER) timestamp=2394 ms, used_size=13369344 bytes (32.6%)
(RDMA_READ_CONSUME_CHECK_CONSUMER) timestamp=2394 ms, used_size=13367296 bytes (32.6%)
(RDMA_READ_CONSUME_CHECK_CONSUMER) timestamp=2394 ms, used_size=13365248 bytes (32.6%)
(RDMA_READ_CONSUME_CHECK_CONSUMER) timestamp=2394 ms, used_size=13363200 bytes (32.6%)
(RDMA_READ_CONSUME_CHECK_CONSUMER) timestamp=2394 ms, used_size=13361152 bytes (32.6%)
(RDMA_READ_CONSUME_CHECK_CONSUMER) timestamp=2394 ms, used_size=13359104 bytes (32.6%)
(RDMA_READ_CONSUME_CHECK_CONSUMER) timestamp=2394 ms, used_size=13357056 bytes (32.6%)
(RDMA_READ_CONSUME_CHECK_CONSUMER) timestamp=2394 ms, used_size=13355008 bytes (32.6%)
(RDMA_READ_CONSUME_CHECK_CONSUMER) timestamp=2394 ms, used_size=13352960 bytes (32.6%)
(RDMA_READ_CONSUME_CHECK_CONSUMER) timestamp=2394 ms, used_size=13350912 bytes (32.6%)
(RDMA_READ_CONSUME_CHECK_CONSUMER) timestamp=2394 ms, used_size=13348864 bytes (32.6%)
(RDMA_READ_CONSUME_CHECK_CONSUMER) timestamp=2394 ms, used_size=13346816 bytes (32.6%)
(RDMA_READ_CONSUME_CHECK_CONSUMER) timestamp=2394 ms, used_size=13344768 bytes (32.6%)
(RDMA_READ_CONSUME_CHECK_CONSUMER) timestamp=2394 ms, used_size=13342720 bytes (32.6%)
(RDMA_READ_CONSUME_CHECK_CONSUMER) timestamp=2394 ms, used_size=13340672 bytes (32.6%)
(RDMA_READ_CONSUME_CHECK_CONSUMER) timestamp=2394 ms, used_size=13338624 bytes (32.6%)
(RDMA_READ_CONSUME_CHECK_CONSUMER) timestamp=2394 ms, used_size=13336576 bytes (32.6%)
(RDMA_READ_CONSUME_CHECK_CONSUMER) timestamp=2394 ms, used_size=13334528 bytes (32.6%)
(RDMA_READ_CONSUME_CHECK_CONSUMER) timestamp=2394 ms, used_size=13332480 bytes (32.5%)
(RDMA_READ_CONSUME_CHECK_CONSUMER) timestamp=2394 ms, used_size=13330432 bytes (32.5%)
(RDMA_READ_CONSUME_CHECK_CONSUMER) timestamp=2394 ms, used_size=13328384 bytes (32.5%)
(RDMA_READ_CONSUME_CHECK_CONSUMER) timestamp=2394 ms, used_size=13326336 bytes (32.5%)
(RDMA_READ_CONSUME_CHECK_CONSUMER) timestamp=2394 ms, used_size=13324288 bytes (32.5%)
(RDMA_READ_CONSUME_CHECK_CONSUMER) timestamp=2394 ms, used_size=13322240 bytes (32.5%)
(RDMA_READ_CONSUME_CHECK_CONSUMER) timestamp=2394 ms, used_size=13320192 bytes (32.5%)
(RDMA_READ_CONSUME_CHECK_CONSUMER) timestamp=2394 ms, used_size=13318144 bytes (32.5%)
(RDMA_READ_CONSUME_CHECK_CONSUMER) timestamp=2394 ms, used_size=13316096 bytes (32.5%)
(RDMA_READ_CONSUME_CHECK_CONSUMER) timestamp=2394 ms, used_size=13314048 bytes (32.5%)
(RDMA_READ_CONSUME_CHECK_CONSUMER) timestamp=2394 ms, used_size=13312000 bytes (32.5%)
(RDMA_READ_CONSUME_CHECK_CONSUMER) timestamp=2394 ms, used_size=13309952 bytes (32.5%)
(RDMA_READ_CONSUME_CHECK_CONSUMER) timestamp=2394 ms, used_size=13307904 bytes (32.5%)
(RDMA_READ_CONSUME_CHECK_CONSUMER) timestamp=2394 ms, used_size=13305856 bytes (32.5%)
(RDMA_READ_CONSUME_CHECK_CONSUMER) timestamp=2394 ms, used_size=13303808 bytes (32.5%)
(RDMA_READ_CONSUME_CHECK_CONSUMER) timestamp=2394 ms, used_size=13301760 bytes (32.5%)
(RDMA_READ_CONSUME_CHECK_CONSUMER) timestamp=2394 ms, used_size=13299712 bytes (32.5%)
(RDMA_READ_CONSUME_CHECK_CONSUMER) timestamp=2394 ms, used_size=13297664 bytes (32.5%)
(RDMA_READ_CONSUME_CHECK_CONSUMER) timestamp=2394 ms, used_size=13295616 bytes (32.5%)
(RDMA_READ_CONSUME_CHECK_CONSUMER) timestamp=2394 ms, used_size=13293568 bytes (32.5%)
(RDMA_READ_CONSUME_CHECK_CONSUMER) timestamp=2394 ms, used_size=13291520 bytes (32.5%)
(RDMA_READ_CONSUME_CHECK_CONSUMER) timestamp=2394 ms, used_size=13289472 bytes (32.4%)
(RDMA_READ_CONSUME_CHECK_CONSUMER) timestamp=2394 ms, used_size=13287424 bytes (32.4%)
(RDMA_READ_CONSUME_CHECK_CONSUMER) timestamp=2394 ms, used_size=13285376 bytes (32.4%)
(RDMA_READ_CONSUME_CHECK_CONSUMER) timestamp=2394 ms, used_size=13283328 bytes (32.4%)
(RDMA_READ_CONSUME_CHECK_CONSUMER) timestamp=2394 ms, used_size=13281280 bytes (32.4%)
(RDMA_READ_CONSUME_CHECK_CONSUMER) timestamp=2394 ms, used_size=13279232 bytes (32.4%)
(RDMA_READ_CONSUME_CHECK_CONSUMER) timestamp=2394 ms, used_size=13277184 bytes (32.4%)
(RDMA_READ_CONSUME_CHECK_CONSUMER) timestamp=2394 ms, used_size=13275136 bytes (32.4%)
(RDMA_READ_CONSUME_CHECK_CONSUMER) timestamp=2394 ms, used_size=13273088 bytes (32.4%)
(RDMA_READ_CONSUME_CHECK_CONSUMER) timestamp=2394 ms, used_size=13271040 bytes (32.4%)
(RDMA_READ_CONSUME_CHECK_CONSUMER) timestamp=2395 ms, used_size=13268992 bytes (32.4%)
(RDMA_READ_CONSUME_CHECK_CONSUMER) timestamp=2395 ms, used_size=13266944 bytes (32.4%)
(RDMA_READ_CONSUME_CHECK_CONSUMER) timestamp=2395 ms, used_size=13264896 bytes (32.4%)
(RDMA_READ_CONSUME_CHECK_CONSUMER) timestamp=2395 ms, used_size=13262848 bytes (32.4%)
(RDMA_READ_CONSUME_CHECK_CONSUMER) timestamp=2395 ms, used_size=13260800 bytes (32.4%)
(RDMA_READ_CONSUME_CHECK_CONSUMER) timestamp=2395 ms, used_size=13258752 bytes (32.4%)
(RDMA_READ_CONSUME_CHECK_CONSUMER) timestamp=2395 ms, used_size=13256704 bytes (32.4%)
(RDMA_READ_CONSUME_CHECK_CONSUMER) timestamp=2395 ms, used_size=13254656 bytes (32.4%)
(RDMA_READ_CONSUME_CHECK_CONSUMER) timestamp=2395 ms, used_size=13252608 bytes (32.4%)
(RDMA_READ_CONSUME_CHECK_CONSUMER) timestamp=2395 ms, used_size=13250560 bytes (32.4%)
(RDMA_READ_CONSUME_CHECK_CONSUMER) timestamp=2395 ms, used_size=13248512 bytes (32.3%)
(RDMA_READ_CONSUME_CHECK_CONSUMER) timestamp=2395 ms, used_size=13246464 bytes (32.3%)
(RDMA_READ_CONSUME_CHECK_CONSUMER) timestamp=2395 ms, used_size=13244416 bytes (32.3%)
(RDMA_READ_CONSUME_CHECK_CONSUMER) timestamp=2395 ms, used_size=13242368 bytes (32.3%)
(RDMA_READ_CONSUME_CHECK_CONSUMER) timestamp=2395 ms, used_size=13240320 bytes (32.3%)
(RDMA_READ_CONSUME_CHECK_CONSUMER) timestamp=2395 ms, used_size=13238272 bytes (32.3%)
(RDMA_READ_CONSUME_CHECK_CONSUMER) timestamp=2395 ms, used_size=13236224 bytes (32.3%)
(RDMA_READ_CONSUME_CHECK_CONSUMER) timestamp=2395 ms, used_size=13234176 bytes (32.3%)
(RDMA_READ_CONSUME_CHECK_CONSUMER) timestamp=2395 ms, used_size=13232128 bytes (32.3%)
(RDMA_READ_CONSUME_CHECK_CONSUMER) timestamp=2395 ms, used_size=13230080 bytes (32.3%)
(RDMA_READ_CONSUME_CHECK_CONSUMER) timestamp=2395 ms, used_size=13228032 bytes (32.3%)
(RDMA_READ_CONSUME_CHECK_CONSUMER) timestamp=2395 ms, used_size=13225984 bytes (32.3%)
(RDMA_READ_CONSUME_CHECK_CONSUMER) timestamp=2395 ms, used_size=13223936 bytes (32.3%)
(RDMA_READ_CONSUME_CHECK_CONSUMER) timestamp=2395 ms, used_size=13221888 bytes (32.3%)
(RDMA_READ_CONSUME_CHECK_CONSUMER) timestamp=2395 ms, used_size=13219840 bytes (32.3%)
(RDMA_READ_CONSUME_CHECK_CONSUMER) timestamp=2395 ms, used_size=13217792 bytes (32.3%)
(RDMA_READ_CONSUME_CHECK_CONSUMER) timestamp=2395 ms, used_size=13215744 bytes (32.3%)
(RDMA_READ_CONSUME_CHECK_CONSUMER) timestamp=2395 ms, used_size=13213696 bytes (32.3%)
(RDMA_READ_CONSUME_CHECK_CONSUMER) timestamp=2395 ms, used_size=13211648 bytes (32.3%)
(RDMA_READ_CONSUME_CHECK_CONSUMER) timestamp=2395 ms, used_size=13209600 bytes (32.2%)
(RDMA_READ_CONSUME_CHECK_CONSUMER) timestamp=2395 ms, used_size=13207552 bytes (32.2%)
(RDMA_READ_CONSUME_CHECK_CONSUMER) timestamp=2395 ms, used_size=13205504 bytes (32.2%)
(RDMA_READ_CONSUME_CHECK_CONSUMER) timestamp=2395 ms, used_size=13203456 bytes (32.2%)
(RDMA_READ_CONSUME_CHECK_CONSUMER) timestamp=2395 ms, used_size=13201408 bytes (32.2%)
(RDMA_READ_CONSUME_CHECK_CONSUMER) timestamp=2395 ms, used_size=13199360 bytes (32.2%)
(RDMA_READ_CONSUME_CHECK_CONSUMER) timestamp=2395 ms, used_size=13197312 bytes (32.2%)
(RDMA_READ_CONSUME_CHECK_CONSUMER) timestamp=2395 ms, used_size=13195264 bytes (32.2%)
(RDMA_READ_CONSUME_CHECK_CONSUMER) timestamp=2395 ms, used_size=13193216 bytes (32.2%)
(RDMA_READ_CONSUME_CHECK_CONSUMER) timestamp=2395 ms, used_size=13191168 bytes (32.2%)
(RDMA_READ_CONSUME_CHECK_CONSUMER) timestamp=2395 ms, used_size=13189120 bytes (32.2%)
(RDMA_READ_CONSUME_CHECK_CONSUMER) timestamp=2395 ms, used_size=13187072 bytes (32.2%)
(RDMA_READ_CONSUME_CHECK_CONSUMER) timestamp=2395 ms, used_size=13185024 bytes (32.2%)
(RDMA_READ_CONSUME_CHECK_CONSUMER) timestamp=2395 ms, used_size=13182976 bytes (32.2%)
(RDMA_READ_CONSUME_CHECK_CONSUMER) timestamp=2395 ms, used_size=13180928 bytes (32.2%)
(RDMA_READ_CONSUME_CHECK_CONSUMER) timestamp=2395 ms, used_size=13178880 bytes (32.2%)
(RDMA_READ_CONSUME_CHECK_CONSUMER) timestamp=2395 ms, used_size=13176832 bytes (32.2%)
(RDMA_READ_CONSUME_CHECK_CONSUMER) timestamp=2395 ms, used_size=13174784 bytes (32.2%)
(RDMA_READ_CONSUME_CHECK_CONSUMER) timestamp=2395 ms, used_size=13172736 bytes (32.2%)
(RDMA_READ_CONSUME_CHECK_CONSUMER) timestamp=2395 ms, used_size=13170688 bytes (32.2%)
(RDMA_READ_CONSUME_CHECK_CONSUMER) timestamp=2395 ms, used_size=13168640 bytes (32.1%)
(RDMA_READ_CONSUME_CHECK_CONSUMER) timestamp=2395 ms, used_size=13166592 bytes (32.1%)
(RDMA_READ_CONSUME_CHECK_CONSUMER) timestamp=2395 ms, used_size=13164544 bytes (32.1%)
(RDMA_READ_CONSUME_CHECK_CONSUMER) timestamp=2395 ms, used_size=13162496 bytes (32.1%)
(RDMA_READ_CONSUME_CHECK_CONSUMER) timestamp=2395 ms, used_size=13160448 bytes (32.1%)
(RDMA_READ_CONSUME_CHECK_CONSUMER) timestamp=2395 ms, used_size=13158400 bytes (32.1%)
(RDMA_READ_CONSUME_CHECK_CONSUMER) timestamp=2395 ms, used_size=13156352 bytes (32.1%)
(RDMA_READ_CONSUME_CHECK_CONSUMER) timestamp=2395 ms, used_size=13154304 bytes (32.1%)
(RDMA_READ_CONSUME_CHECK_CONSUMER) timestamp=2395 ms, used_size=13152256 bytes (32.1%)
(RDMA_READ_CONSUME_CHECK_CONSUMER) timestamp=2395 ms, used_size=13150208 bytes (32.1%)
(RDMA_READ_CONSUME_CHECK_CONSUMER) timestamp=2395 ms, used_size=13148160 bytes (32.1%)
(RDMA_READ_CONSUME_CHECK_CONSUMER) timestamp=2395 ms, used_size=13146112 bytes (32.1%)
(RDMA_READ_CONSUME_CHECK_CONSUMER) timestamp=2395 ms, used_size=13144064 bytes (32.1%)
(RDMA_READ_CONSUME_CHECK_CONSUMER) timestamp=2395 ms, used_size=13142016 bytes (32.1%)
(RDMA_READ_CONSUME_CHECK_CONSUMER) timestamp=2395 ms, used_size=13139968 bytes (32.1%)
(RDMA_READ_CONSUME_CHECK_CONSUMER) timestamp=2395 ms, used_size=13137920 bytes (32.1%)
(RDMA_READ_CONSUME_CHECK_CONSUMER) timestamp=2395 ms, used_size=13135872 bytes (32.1%)
(RDMA_READ_CONSUME_CHECK_CONSUMER) timestamp=2395 ms, used_size=13133824 bytes (32.1%)
(RDMA_READ_CONSUME_CHECK_CONSUMER) timestamp=2395 ms, used_size=13131776 bytes (32.1%)
(RDMA_READ_CONSUME_CHECK_CONSUMER) timestamp=2395 ms, used_size=13129728 bytes (32.1%)
(RDMA_READ_CONSUME_CHECK_CONSUMER) timestamp=2395 ms, used_size=13127680 bytes (32.0%)
(RDMA_READ_CONSUME_CHECK_CONSUMER) timestamp=2395 ms, used_size=13125632 bytes (32.0%)
(RDMA_READ_CONSUME_CHECK_CONSUMER) timestamp=2395 ms, used_size=13123584 bytes (32.0%)
(RDMA_READ_CONSUME_CHECK_CONSUMER) timestamp=2395 ms, used_size=13121536 bytes (32.0%)
(RDMA_READ_CONSUME_CHECK_CONSUMER) timestamp=2395 ms, used_size=13119488 bytes (32.0%)
(RDMA_READ_CONSUME_CHECK_CONSUMER) timestamp=2395 ms, used_size=13117440 bytes (32.0%)
(RDMA_READ_CONSUME_CHECK_CONSUMER) timestamp=2395 ms, used_size=13115392 bytes (32.0%)
(RDMA_READ_CONSUME_CHECK_CONSUMER) timestamp=2395 ms, used_size=13113344 bytes (32.0%)
(RDMA_READ_CONSUME_CHECK_CONSUMER) timestamp=2395 ms, used_size=13111296 bytes (32.0%)
(RDMA_READ_CONSUME_CHECK_CONSUMER) timestamp=2395 ms, used_size=13109248 bytes (32.0%)
(RDMA_READ_CONSUME_CHECK_CONSUMER) timestamp=2395 ms, used_size=13107200 bytes (32.0%)
(RDMA_READ_CONSUME_CHECK_CONSUMER) timestamp=2395 ms, used_size=13105152 bytes (32.0%)
(RDMA_READ_CONSUME_CHECK_CONSUMER) timestamp=2395 ms, used_size=13103104 bytes (32.0%)
(RDMA_READ_CONSUME_CHECK_CONSUMER) timestamp=2395 ms, used_size=13101056 bytes (32.0%)
(RDMA_READ_CONSUME_CHECK_CONSUMER) timestamp=2395 ms, used_size=13099008 bytes (32.0%)
(RDMA_READ_CONSUME_CHECK_CONSUMER) timestamp=2395 ms, used_size=13096960 bytes (32.0%)
(RDMA_READ_CONSUME_CHECK_CONSUMER) timestamp=2395 ms, used_size=13094912 bytes (32.0%)
(RDMA_READ_CONSUME_CHECK_CONSUMER) timestamp=2395 ms, used_size=13092864 bytes (32.0%)
(RDMA_READ_CONSUME_CHECK_CONSUMER) timestamp=2395 ms, used_size=13090816 bytes (32.0%)
(RDMA_READ_CONSUME_CHECK_CONSUMER) timestamp=2395 ms, used_size=13088768 bytes (32.0%)
(RDMA_READ_CONSUME_CHECK_CONSUMER) timestamp=2395 ms, used_size=13086720 bytes (31.9%)
(RDMA_READ_CONSUME_CHECK_CONSUMER) timestamp=2395 ms, used_size=13084672 bytes (31.9%)
(RDMA_READ_CONSUME_CHECK_CONSUMER) timestamp=2395 ms, used_size=13082624 bytes (31.9%)
(RDMA_READ_CONSUME_CHECK_CONSUMER) timestamp=2395 ms, used_size=13080576 bytes (31.9%)
(RDMA_READ_CONSUME_CHECK_CONSUMER) timestamp=2395 ms, used_size=13078528 bytes (31.9%)
(RDMA_READ_CONSUME_CHECK_CONSUMER) timestamp=2395 ms, used_size=13076480 bytes (31.9%)
(RDMA_READ_CONSUME_CHECK_CONSUMER) timestamp=2395 ms, used_size=13074432 bytes (31.9%)
(RDMA_READ_CONSUME_CHECK_CONSUMER) timestamp=2395 ms, used_size=13072384 bytes (31.9%)
(RDMA_READ_CONSUME_CHECK_CONSUMER) timestamp=2395 ms, used_size=13070336 bytes (31.9%)
(RDMA_READ_CONSUME_CHECK_CONSUMER) timestamp=2395 ms, used_size=13068288 bytes (31.9%)
(RDMA_READ_CONSUME_CHECK_CONSUMER) timestamp=2395 ms, used_size=13066240 bytes (31.9%)
(RDMA_READ_CONSUME_CHECK_CONSUMER) timestamp=2395 ms, used_size=13064192 bytes (31.9%)
(RDMA_READ_CONSUME_CHECK_CONSUMER) timestamp=2395 ms, used_size=13062144 bytes (31.9%)
(RDMA_READ_CONSUME_CHECK_CONSUMER) timestamp=2395 ms, used_size=13060096 bytes (31.9%)
(RDMA_READ_CONSUME_CHECK_CONSUMER) timestamp=2395 ms, used_size=13058048 bytes (31.9%)
(RDMA_READ_CONSUME_CHECK_CONSUMER) timestamp=2395 ms, used_size=13056000 bytes (31.9%)
(RDMA_READ_CONSUME_CHECK_CONSUMER) timestamp=2395 ms, used_size=13053952 bytes (31.9%)
(RDMA_READ_CONSUME_CHECK_CONSUMER) timestamp=2395 ms, used_size=13051904 bytes (31.9%)
(RDMA_READ_CONSUME_CHECK_CONSUMER) timestamp=2395 ms, used_size=13049856 bytes (31.9%)
(RDMA_READ_CONSUME_CHECK_CONSUMER) timestamp=2395 ms, used_size=13047808 bytes (31.9%)
(RDMA_READ_CONSUME_CHECK_CONSUMER) timestamp=2395 ms, used_size=13045760 bytes (31.9%)
(RDMA_READ_CONSUME_CHECK_CONSUMER) timestamp=2395 ms, used_size=13043712 bytes (31.8%)
(RDMA_READ_CONSUME_CHECK_CONSUMER) timestamp=2395 ms, used_size=13041664 bytes (31.8%)
(RDMA_READ_CONSUME_CHECK_CONSUMER) timestamp=2395 ms, used_size=13039616 bytes (31.8%)
(RDMA_READ_CONSUME_CHECK_CONSUMER) timestamp=2395 ms, used_size=13037568 bytes (31.8%)
(RDMA_READ_CONSUME_CHECK_CONSUMER) timestamp=2395 ms, used_size=13035520 bytes (31.8%)
(RDMA_READ_CONSUME_CHECK_CONSUMER) timestamp=2395 ms, used_size=13033472 bytes (31.8%)
(RDMA_READ_CONSUME_CHECK_CONSUMER) timestamp=2395 ms, used_size=13031424 bytes (31.8%)
(RDMA_READ_CONSUME_CHECK_CONSUMER) timestamp=2395 ms, used_size=13029376 bytes (31.8%)
(RDMA_READ_CONSUME_CHECK_CONSUMER) timestamp=2395 ms, used_size=13027328 bytes (31.8%)
(RDMA_READ_CONSUME_CHECK_CONSUMER) timestamp=2395 ms, used_size=13025280 bytes (31.8%)
(RDMA_READ_CONSUME_CHECK_CONSUMER) timestamp=2395 ms, used_size=13023232 bytes (31.8%)
(RDMA_READ_CONSUME_CHECK_CONSUMER) timestamp=2395 ms, used_size=13021184 bytes (31.8%)
(RDMA_READ_CONSUME_CHECK_CONSUMER) timestamp=2395 ms, used_size=13019136 bytes (31.8%)
(RDMA_READ_CONSUME_CHECK_CONSUMER) timestamp=2395 ms, used_size=13017088 bytes (31.8%)
(RDMA_READ_CONSUME_CHECK_CONSUMER) timestamp=2395 ms, used_size=13015040 bytes (31.8%)
(RDMA_READ_CONSUME_CHECK_CONSUMER) timestamp=2395 ms, used_size=13012992 bytes (31.8%)
(RDMA_READ_CONSUME_CHECK_CONSUMER) timestamp=2395 ms, used_size=13010944 bytes (31.8%)
(RDMA_READ_CONSUME_CHECK_CONSUMER) timestamp=2395 ms, used_size=13008896 bytes (31.8%)
(RDMA_READ_CONSUME_CHECK_CONSUMER) timestamp=2395 ms, used_size=13006848 bytes (31.8%)
(RDMA_READ_CONSUME_CHECK_CONSUMER) timestamp=2395 ms, used_size=13004800 bytes (31.8%)
(RDMA_READ_CONSUME_CHECK_CONSUMER) timestamp=2395 ms, used_size=13002752 bytes (31.7%)
(RDMA_READ_CONSUME_CHECK_CONSUMER) timestamp=2395 ms, used_size=13000704 bytes (31.7%)
(RDMA_READ_CONSUME_CHECK_CONSUMER) timestamp=2395 ms, used_size=12998656 bytes (31.7%)
(RDMA_READ_CONSUME_CHECK_CONSUMER) timestamp=2395 ms, used_size=12996608 bytes (31.7%)
(RDMA_READ_CONSUME_CHECK_CONSUMER) timestamp=2395 ms, used_size=12994560 bytes (31.7%)
(RDMA_READ_CONSUME_CHECK_CONSUMER) timestamp=2395 ms, used_size=12992512 bytes (31.7%)
(RDMA_READ_CONSUME_CHECK_CONSUMER) timestamp=2395 ms, used_size=12990464 bytes (31.7%)
(RDMA_READ_CONSUME_CHECK_CONSUMER) timestamp=2395 ms, used_size=12988416 bytes (31.7%)
(RDMA_READ_CONSUME_CHECK_CONSUMER) timestamp=2395 ms, used_size=12986368 bytes (31.7%)
(RDMA_READ_CONSUME_CHECK_CONSUMER) timestamp=2395 ms, used_size=12984320 bytes (31.7%)
(RDMA_READ_CONSUME_CHECK_CONSUMER) timestamp=2395 ms, used_size=12982272 bytes (31.7%)
(RDMA_READ_CONSUME_CHECK_CONSUMER) timestamp=2395 ms, used_size=12980224 bytes (31.7%)
(RDMA_READ_CONSUME_CHECK_CONSUMER) timestamp=2395 ms, used_size=12978176 bytes (31.7%)
(RDMA_READ_CONSUME_CHECK_CONSUMER) timestamp=2395 ms, used_size=12976128 bytes (31.7%)
(RDMA_READ_CONSUME_CHECK_CONSUMER) timestamp=2395 ms, used_size=12974080 bytes (31.7%)
(RDMA_READ_CONSUME_CHECK_CONSUMER) timestamp=2395 ms, used_size=12972032 bytes (31.7%)
(RDMA_READ_CONSUME_CHECK_CONSUMER) timestamp=2395 ms, used_size=12969984 bytes (31.7%)
(RDMA_READ_CONSUME_CHECK_CONSUMER) timestamp=2395 ms, used_size=12967936 bytes (31.7%)
(RDMA_READ_CONSUME_CHECK_CONSUMER) timestamp=2395 ms, used_size=12965888 bytes (31.7%)
(RDMA_READ_CONSUME_CHECK_CONSUMER) timestamp=2395 ms, used_size=12963840 bytes (31.6%)
(RDMA_READ_CONSUME_CHECK_CONSUMER) timestamp=2395 ms, used_size=12961792 bytes (31.6%)
(RDMA_READ_CONSUME_CHECK_CONSUMER) timestamp=2395 ms, used_size=12959744 bytes (31.6%)
(RDMA_READ_CONSUME_CHECK_CONSUMER) timestamp=2395 ms, used_size=12957696 bytes (31.6%)
(RDMA_READ_CONSUME_CHECK_CONSUMER) timestamp=2395 ms, used_size=12955648 bytes (31.6%)
(RDMA_READ_CONSUME_CHECK_CONSUMER) timestamp=2395 ms, used_size=12953600 bytes (31.6%)
(RDMA_READ_CONSUME_CHECK_CONSUMER) timestamp=2395 ms, used_size=12951552 bytes (31.6%)
(RDMA_READ_CONSUME_CHECK_CONSUMER) timestamp=2395 ms, used_size=12949504 bytes (31.6%)
(RDMA_READ_CONSUME_CHECK_CONSUMER) timestamp=2395 ms, used_size=12947456 bytes (31.6%)
(RDMA_READ_CONSUME_CHECK_CONSUMER) timestamp=2395 ms, used_size=12945408 bytes (31.6%)
(RDMA_READ_CONSUME_CHECK_CONSUMER) timestamp=2395 ms, used_size=12943360 bytes (31.6%)
(RDMA_READ_CONSUME_CHECK_CONSUMER) timestamp=2395 ms, used_size=12941312 bytes (31.6%)
(RDMA_READ_CONSUME_CHECK_CONSUMER) timestamp=2395 ms, used_size=12939264 bytes (31.6%)
(RDMA_READ_CONSUME_CHECK_CONSUMER) timestamp=2395 ms, used_size=12937216 bytes (31.6%)
(RDMA_READ_CONSUME_CHECK_CONSUMER) timestamp=2395 ms, used_size=12935168 bytes (31.6%)
(RDMA_READ_CONSUME_CHECK_CONSUMER) timestamp=2395 ms, used_size=12933120 bytes (31.6%)
(RDMA_READ_CONSUME_CHECK_CONSUMER) timestamp=2395 ms, used_size=12931072 bytes (31.6%)
(RDMA_READ_CONSUME_CHECK_CONSUMER) timestamp=2395 ms, used_size=12929024 bytes (31.6%)
(RDMA_READ_CONSUME_CHECK_CONSUMER) timestamp=2395 ms, used_size=12926976 bytes (31.6%)
(RDMA_READ_CONSUME_CHECK_CONSUMER) timestamp=2395 ms, used_size=12924928 bytes (31.6%)
(RDMA_READ_CONSUME_CHECK_CONSUMER) timestamp=2395 ms, used_size=12922880 bytes (31.6%)
(RDMA_READ_CONSUME_CHECK_CONSUMER) timestamp=2395 ms, used_size=12920832 bytes (31.5%)
(RDMA_READ_CONSUME_CHECK_CONSUMER) timestamp=2395 ms, used_size=12918784 bytes (31.5%)
(RDMA_READ_CONSUME_CHECK_CONSUMER) timestamp=2395 ms, used_size=12916736 bytes (31.5%)
(RDMA_READ_CONSUME_CHECK_CONSUMER) timestamp=2395 ms, used_size=12914688 bytes (31.5%)
(RDMA_READ_CONSUME_CHECK_CONSUMER) timestamp=2395 ms, used_size=12912640 bytes (31.5%)
(RDMA_READ_CONSUME_CHECK_CONSUMER) timestamp=2395 ms, used_size=12910592 bytes (31.5%)
(RDMA_READ_CONSUME_CHECK_CONSUMER) timestamp=2395 ms, used_size=12908544 bytes (31.5%)
(RDMA_READ_CONSUME_CHECK_CONSUMER) timestamp=2395 ms, used_size=12906496 bytes (31.5%)
(RDMA_READ_CONSUME_CHECK_CONSUMER) timestamp=2395 ms, used_size=12904448 bytes (31.5%)
(RDMA_READ_CONSUME_CHECK_CONSUMER) timestamp=2396 ms, used_size=12902400 bytes (31.5%)
(RDMA_READ_CONSUME_CHECK_CONSUMER) timestamp=2396 ms, used_size=12900352 bytes (31.5%)
(RDMA_READ_CONSUME_CHECK_CONSUMER) timestamp=2396 ms, used_size=12898304 bytes (31.5%)
(RDMA_READ_CONSUME_CHECK_CONSUMER) timestamp=2396 ms, used_size=12896256 bytes (31.5%)
(RDMA_READ_CONSUME_CHECK_CONSUMER) timestamp=2396 ms, used_size=12894208 bytes (31.5%)
(RDMA_READ_CONSUME_CHECK_CONSUMER) timestamp=2396 ms, used_size=12892160 bytes (31.5%)
(RDMA_READ_CONSUME_CHECK_CONSUMER) timestamp=2396 ms, used_size=12890112 bytes (31.5%)
(RDMA_READ_CONSUME_CHECK_CONSUMER) timestamp=2396 ms, used_size=12888064 bytes (31.5%)
(RDMA_READ_CONSUME_CHECK_CONSUMER) timestamp=2396 ms, used_size=12886016 bytes (31.5%)
(RDMA_READ_CONSUME_CHECK_CONSUMER) timestamp=2396 ms, used_size=12883968 bytes (31.5%)
(RDMA_READ_CONSUME_CHECK_CONSUMER) timestamp=2396 ms, used_size=12881920 bytes (31.4%)
(RDMA_READ_CONSUME_CHECK_CONSUMER) timestamp=2396 ms, used_size=12879872 bytes (31.4%)
(RDMA_READ_CONSUME_CHECK_CONSUMER) timestamp=2396 ms, used_size=12877824 bytes (31.4%)
(RDMA_READ_CONSUME_CHECK_CONSUMER) timestamp=2396 ms, used_size=12875776 bytes (31.4%)
(RDMA_READ_CONSUME_CHECK_CONSUMER) timestamp=2396 ms, used_size=12873728 bytes (31.4%)
(RDMA_READ_CONSUME_CHECK_CONSUMER) timestamp=2396 ms, used_size=12871680 bytes (31.4%)
(RDMA_READ_CONSUME_CHECK_CONSUMER) timestamp=2396 ms, used_size=12869632 bytes (31.4%)
(RDMA_READ_CONSUME_CHECK_CONSUMER) timestamp=2396 ms, used_size=12867584 bytes (31.4%)
(RDMA_READ_CONSUME_CHECK_CONSUMER) timestamp=2396 ms, used_size=12865536 bytes (31.4%)
(RDMA_READ_CONSUME_CHECK_CONSUMER) timestamp=2396 ms, used_size=12863488 bytes (31.4%)
(RDMA_READ_CONSUME_CHECK_CONSUMER) timestamp=2396 ms, used_size=12861440 bytes (31.4%)
(RDMA_READ_CONSUME_CHECK_CONSUMER) timestamp=2396 ms, used_size=12859392 bytes (31.4%)
(RDMA_READ_CONSUME_CHECK_CONSUMER) timestamp=2396 ms, used_size=12857344 bytes (31.4%)
(RDMA_READ_CONSUME_CHECK_CONSUMER) timestamp=2396 ms, used_size=12855296 bytes (31.4%)
(RDMA_READ_CONSUME_CHECK_CONSUMER) timestamp=2396 ms, used_size=12853248 bytes (31.4%)
(RDMA_READ_CONSUME_CHECK_CONSUMER) timestamp=2396 ms, used_size=12851200 bytes (31.4%)
(RDMA_READ_CONSUME_CHECK_CONSUMER) timestamp=2396 ms, used_size=12849152 bytes (31.4%)
(RDMA_READ_CONSUME_CHECK_CONSUMER) timestamp=2396 ms, used_size=12847104 bytes (31.4%)
(RDMA_READ_CONSUME_CHECK_CONSUMER) timestamp=2396 ms, used_size=12845056 bytes (31.4%)
(RDMA_READ_CONSUME_CHECK_CONSUMER) timestamp=2396 ms, used_size=12843008 bytes (31.4%)
(RDMA_READ_CONSUME_CHECK_CONSUMER) timestamp=2396 ms, used_size=12840960 bytes (31.4%)
(RDMA_READ_CONSUME_CHECK_CONSUMER) timestamp=2396 ms, used_size=12838912 bytes (31.3%)
(RDMA_READ_CONSUME_CHECK_CONSUMER) timestamp=2396 ms, used_size=12836864 bytes (31.3%)
(RDMA_READ_CONSUME_CHECK_CONSUMER) timestamp=2396 ms, used_size=12834816 bytes (31.3%)
(RDMA_READ_CONSUME_CHECK_CONSUMER) timestamp=2396 ms, used_size=12832768 bytes (31.3%)
(RDMA_READ_CONSUME_CHECK_CONSUMER) timestamp=2396 ms, used_size=12830720 bytes (31.3%)
(RDMA_READ_CONSUME_CHECK_CONSUMER) timestamp=2396 ms, used_size=12828672 bytes (31.3%)
(RDMA_READ_CONSUME_CHECK_CONSUMER) timestamp=2396 ms, used_size=12826624 bytes (31.3%)
(RDMA_READ_CONSUME_CHECK_CONSUMER) timestamp=2396 ms, used_size=12824576 bytes (31.3%)
(RDMA_READ_CONSUME_CHECK_CONSUMER) timestamp=2396 ms, used_size=12822528 bytes (31.3%)
(RDMA_READ_CONSUME_CHECK_CONSUMER) timestamp=2396 ms, used_size=12820480 bytes (31.3%)
(RDMA_READ_CONSUME_CHECK_CONSUMER) timestamp=2396 ms, used_size=12818432 bytes (31.3%)
(RDMA_READ_CONSUME_CHECK_CONSUMER) timestamp=2396 ms, used_size=12816384 bytes (31.3%)
(RDMA_READ_CONSUME_CHECK_CONSUMER) timestamp=2396 ms, used_size=12814336 bytes (31.3%)
(RDMA_READ_CONSUME_CHECK_CONSUMER) timestamp=2396 ms, used_size=12812288 bytes (31.3%)
(RDMA_READ_CONSUME_CHECK_CONSUMER) timestamp=2396 ms, used_size=12810240 bytes (31.3%)
(RDMA_READ_CONSUME_CHECK_CONSUMER) timestamp=2396 ms, used_size=12808192 bytes (31.3%)
(RDMA_READ_CONSUME_CHECK_CONSUMER) timestamp=2396 ms, used_size=12806144 bytes (31.3%)
(RDMA_READ_CONSUME_CHECK_CONSUMER) timestamp=2396 ms, used_size=12804096 bytes (31.3%)
(RDMA_READ_CONSUME_CHECK_CONSUMER) timestamp=2396 ms, used_size=12802048 bytes (31.3%)
(RDMA_READ_CONSUME_CHECK_CONSUMER) timestamp=2396 ms, used_size=12800000 bytes (31.2%)
(RDMA_READ_CONSUME_CHECK_CONSUMER) timestamp=2396 ms, used_size=12797952 bytes (31.2%)
(RDMA_READ_CONSUME_CHECK_CONSUMER) timestamp=2396 ms, used_size=12795904 bytes (31.2%)
(RDMA_READ_CONSUME_CHECK_CONSUMER) timestamp=2396 ms, used_size=12793856 bytes (31.2%)
(RDMA_READ_CONSUME_CHECK_CONSUMER) timestamp=2396 ms, used_size=12791808 bytes (31.2%)
(RDMA_READ_CONSUME_CHECK_CONSUMER) timestamp=2396 ms, used_size=12789760 bytes (31.2%)
(RDMA_READ_CONSUME_CHECK_CONSUMER) timestamp=2396 ms, used_size=12787712 bytes (31.2%)
(RDMA_READ_CONSUME_CHECK_CONSUMER) timestamp=2396 ms, used_size=12785664 bytes (31.2%)
(RDMA_READ_CONSUME_CHECK_CONSUMER) timestamp=2396 ms, used_size=12783616 bytes (31.2%)
(RDMA_READ_CONSUME_CHECK_CONSUMER) timestamp=2396 ms, used_size=12781568 bytes (31.2%)
(RDMA_READ_CONSUME_CHECK_CONSUMER) timestamp=2396 ms, used_size=12779520 bytes (31.2%)
(RDMA_READ_CONSUME_CHECK_CONSUMER) timestamp=2396 ms, used_size=12777472 bytes (31.2%)
(RDMA_READ_CONSUME_CHECK_CONSUMER) timestamp=2396 ms, used_size=12775424 bytes (31.2%)
(RDMA_READ_CONSUME_CHECK_CONSUMER) timestamp=2396 ms, used_size=12773376 bytes (31.2%)
(RDMA_READ_CONSUME_CHECK_CONSUMER) timestamp=2396 ms, used_size=12771328 bytes (31.2%)
(RDMA_READ_CONSUME_CHECK_CONSUMER) timestamp=2396 ms, used_size=12769280 bytes (31.2%)
(RDMA_READ_CONSUME_CHECK_CONSUMER) timestamp=2396 ms, used_size=12767232 bytes (31.2%)
(RDMA_READ_CONSUME_CHECK_CONSUMER) timestamp=2396 ms, used_size=12765184 bytes (31.2%)
(RDMA_READ_CONSUME_CHECK_CONSUMER) timestamp=2396 ms, used_size=12763136 bytes (31.2%)
(RDMA_READ_CONSUME_CHECK_CONSUMER) timestamp=2396 ms, used_size=12761088 bytes (31.2%)
(RDMA_READ_CONSUME_CHECK_CONSUMER) timestamp=2396 ms, used_size=12759040 bytes (31.1%)
(RDMA_READ_CONSUME_CHECK_CONSUMER) timestamp=2396 ms, used_size=12756992 bytes (31.1%)
(RDMA_READ_CONSUME_CHECK_CONSUMER) timestamp=2396 ms, used_size=12754944 bytes (31.1%)
(RDMA_READ_CONSUME_CHECK_CONSUMER) timestamp=2396 ms, used_size=12752896 bytes (31.1%)
(RDMA_READ_CONSUME_CHECK_CONSUMER) timestamp=2396 ms, used_size=12750848 bytes (31.1%)
(RDMA_READ_CONSUME_CHECK_CONSUMER) timestamp=2396 ms, used_size=12748800 bytes (31.1%)
(RDMA_READ_CONSUME_CHECK_CONSUMER) timestamp=2396 ms, used_size=12746752 bytes (31.1%)
(RDMA_READ_CONSUME_CHECK_CONSUMER) timestamp=2396 ms, used_size=12744704 bytes (31.1%)
(RDMA_READ_CONSUME_CHECK_CONSUMER) timestamp=2396 ms, used_size=12742656 bytes (31.1%)
(RDMA_READ_CONSUME_CHECK_CONSUMER) timestamp=2396 ms, used_size=12740608 bytes (31.1%)
(RDMA_READ_CONSUME_CHECK_CONSUMER) timestamp=2396 ms, used_size=12738560 bytes (31.1%)
(RDMA_READ_CONSUME_CHECK_CONSUMER) timestamp=2396 ms, used_size=12736512 bytes (31.1%)
(RDMA_READ_CONSUME_CHECK_CONSUMER) timestamp=2396 ms, used_size=12734464 bytes (31.1%)
(RDMA_READ_CONSUME_CHECK_CONSUMER) timestamp=2396 ms, used_size=12732416 bytes (31.1%)
(RDMA_READ_CONSUME_CHECK_CONSUMER) timestamp=2396 ms, used_size=12730368 bytes (31.1%)
(RDMA_READ_CONSUME_CHECK_CONSUMER) timestamp=2396 ms, used_size=12728320 bytes (31.1%)
(RDMA_READ_CONSUME_CHECK_CONSUMER) timestamp=2396 ms, used_size=12726272 bytes (31.1%)
(RDMA_READ_CONSUME_CHECK_CONSUMER) timestamp=2396 ms, used_size=12724224 bytes (31.1%)
(RDMA_READ_CONSUME_CHECK_CONSUMER) timestamp=2396 ms, used_size=12722176 bytes (31.1%)
(RDMA_READ_CONSUME_CHECK_CONSUMER) timestamp=2396 ms, used_size=12720128 bytes (31.1%)
(RDMA_READ_CONSUME_CHECK_CONSUMER) timestamp=2396 ms, used_size=12718080 bytes (31.1%)
(RDMA_READ_CONSUME_CHECK_CONSUMER) timestamp=2396 ms, used_size=12716032 bytes (31.0%)
(RDMA_READ_CONSUME_CHECK_CONSUMER) timestamp=2396 ms, used_size=12713984 bytes (31.0%)
(RDMA_READ_CONSUME_CHECK_CONSUMER) timestamp=2396 ms, used_size=12711936 bytes (31.0%)
(RDMA_READ_CONSUME_CHECK_CONSUMER) timestamp=2396 ms, used_size=12709888 bytes (31.0%)
(RDMA_READ_CONSUME_CHECK_CONSUMER) timestamp=2396 ms, used_size=12707840 bytes (31.0%)
(RDMA_READ_CONSUME_CHECK_CONSUMER) timestamp=2396 ms, used_size=12705792 bytes (31.0%)
(RDMA_READ_CONSUME_CHECK_CONSUMER) timestamp=2396 ms, used_size=12703744 bytes (31.0%)
(RDMA_READ_CONSUME_CHECK_CONSUMER) timestamp=2396 ms, used_size=12701696 bytes (31.0%)
(RDMA_READ_CONSUME_CHECK_CONSUMER) timestamp=2396 ms, used_size=12699648 bytes (31.0%)
(RDMA_READ_CONSUME_CHECK_CONSUMER) timestamp=2396 ms, used_size=12697600 bytes (31.0%)
(RDMA_READ_CONSUME_CHECK_CONSUMER) timestamp=2396 ms, used_size=12695552 bytes (31.0%)
(RDMA_READ_CONSUME_CHECK_CONSUMER) timestamp=2396 ms, used_size=12693504 bytes (31.0%)
(RDMA_READ_CONSUME_CHECK_CONSUMER) timestamp=2396 ms, used_size=12691456 bytes (31.0%)
(RDMA_READ_CONSUME_CHECK_CONSUMER) timestamp=2396 ms, used_size=12689408 bytes (31.0%)
(RDMA_READ_CONSUME_CHECK_CONSUMER) timestamp=2396 ms, used_size=12687360 bytes (31.0%)
(RDMA_READ_CONSUME_CHECK_CONSUMER) timestamp=2396 ms, used_size=12685312 bytes (31.0%)
(RDMA_READ_CONSUME_CHECK_CONSUMER) timestamp=2396 ms, used_size=12683264 bytes (31.0%)
(RDMA_READ_CONSUME_CHECK_CONSUMER) timestamp=2396 ms, used_size=12681216 bytes (31.0%)
(RDMA_READ_CONSUME_CHECK_CONSUMER) timestamp=2396 ms, used_size=12679168 bytes (31.0%)
(RDMA_READ_CONSUME_CHECK_CONSUMER) timestamp=2396 ms, used_size=12677120 bytes (30.9%)
(RDMA_READ_CONSUME_CHECK_CONSUMER) timestamp=2396 ms, used_size=12675072 bytes (30.9%)
(RDMA_READ_CONSUME_CHECK_CONSUMER) timestamp=2396 ms, used_size=12673024 bytes (30.9%)
(RDMA_READ_CONSUME_CHECK_CONSUMER) timestamp=2396 ms, used_size=12670976 bytes (30.9%)
(RDMA_READ_CONSUME_CHECK_CONSUMER) timestamp=2396 ms, used_size=12668928 bytes (30.9%)
(RDMA_READ_CONSUME_CHECK_CONSUMER) timestamp=2396 ms, used_size=12666880 bytes (30.9%)
(RDMA_READ_CONSUME_CHECK_CONSUMER) timestamp=2396 ms, used_size=12664832 bytes (30.9%)
(RDMA_READ_CONSUME_CHECK_CONSUMER) timestamp=2396 ms, used_size=12662784 bytes (30.9%)
(RDMA_READ_CONSUME_CHECK_CONSUMER) timestamp=2396 ms, used_size=12660736 bytes (30.9%)
(RDMA_READ_CONSUME_CHECK_CONSUMER) timestamp=2396 ms, used_size=12658688 bytes (30.9%)
(RDMA_READ_CONSUME_CHECK_CONSUMER) timestamp=2396 ms, used_size=12656640 bytes (30.9%)
(RDMA_READ_CONSUME_CHECK_CONSUMER) timestamp=2396 ms, used_size=12654592 bytes (30.9%)
(RDMA_READ_CONSUME_CHECK_CONSUMER) timestamp=2396 ms, used_size=12652544 bytes (30.9%)
(RDMA_READ_CONSUME_CHECK_CONSUMER) timestamp=2396 ms, used_size=12650496 bytes (30.9%)
(RDMA_READ_CONSUME_CHECK_CONSUMER) timestamp=2396 ms, used_size=12648448 bytes (30.9%)
(RDMA_READ_CONSUME_CHECK_CONSUMER) timestamp=2396 ms, used_size=12646400 bytes (30.9%)
(RDMA_READ_CONSUME_CHECK_CONSUMER) timestamp=2396 ms, used_size=12644352 bytes (30.9%)
(RDMA_READ_CONSUME_CHECK_CONSUMER) timestamp=2396 ms, used_size=12642304 bytes (30.9%)
(RDMA_READ_CONSUME_CHECK_CONSUMER) timestamp=2396 ms, used_size=12640256 bytes (30.9%)
(RDMA_READ_CONSUME_CHECK_CONSUMER) timestamp=2396 ms, used_size=12638208 bytes (30.9%)
(RDMA_READ_CONSUME_CHECK_CONSUMER) timestamp=2396 ms, used_size=12636160 bytes (30.9%)
(RDMA_READ_CONSUME_CHECK_CONSUMER) timestamp=2396 ms, used_size=12634112 bytes (30.8%)
(RDMA_READ_CONSUME_CHECK_CONSUMER) timestamp=2396 ms, used_size=12632064 bytes (30.8%)
(RDMA_READ_CONSUME_CHECK_CONSUMER) timestamp=2396 ms, used_size=12630016 bytes (30.8%)
(RDMA_READ_CONSUME_CHECK_CONSUMER) timestamp=2396 ms, used_size=12627968 bytes (30.8%)
(RDMA_READ_CONSUME_CHECK_CONSUMER) timestamp=2396 ms, used_size=12625920 bytes (30.8%)
(RDMA_READ_CONSUME_CHECK_CONSUMER) timestamp=2396 ms, used_size=12623872 bytes (30.8%)
(RDMA_READ_CONSUME_CHECK_CONSUMER) timestamp=2396 ms, used_size=12621824 bytes (30.8%)
(RDMA_READ_CONSUME_CHECK_CONSUMER) timestamp=2396 ms, used_size=12619776 bytes (30.8%)
(RDMA_READ_CONSUME_CHECK_CONSUMER) timestamp=2396 ms, used_size=12617728 bytes (30.8%)
(RDMA_READ_CONSUME_CHECK_CONSUMER) timestamp=2396 ms, used_size=12615680 bytes (30.8%)
(RDMA_READ_CONSUME_CHECK_CONSUMER) timestamp=2396 ms, used_size=12613632 bytes (30.8%)
(RDMA_READ_CONSUME_CHECK_CONSUMER) timestamp=2396 ms, used_size=12611584 bytes (30.8%)
(RDMA_READ_CONSUME_CHECK_CONSUMER) timestamp=2396 ms, used_size=12609536 bytes (30.8%)
(RDMA_READ_CONSUME_CHECK_CONSUMER) timestamp=2396 ms, used_size=12607488 bytes (30.8%)
(RDMA_READ_CONSUME_CHECK_CONSUMER) timestamp=2396 ms, used_size=12605440 bytes (30.8%)
(RDMA_READ_CONSUME_CHECK_CONSUMER) timestamp=2396 ms, used_size=12603392 bytes (30.8%)
(RDMA_READ_CONSUME_CHECK_CONSUMER) timestamp=2396 ms, used_size=12601344 bytes (30.8%)
(RDMA_READ_CONSUME_CHECK_CONSUMER) timestamp=2396 ms, used_size=12599296 bytes (30.8%)
(RDMA_READ_CONSUME_CHECK_CONSUMER) timestamp=2396 ms, used_size=12597248 bytes (30.8%)
(RDMA_READ_CONSUME_CHECK_CONSUMER) timestamp=2396 ms, used_size=12595200 bytes (30.8%)
(RDMA_READ_CONSUME_CHECK_CONSUMER) timestamp=2396 ms, used_size=12593152 bytes (30.7%)
(RDMA_READ_CONSUME_CHECK_CONSUMER) timestamp=2396 ms, used_size=12591104 bytes (30.7%)
(RDMA_READ_CONSUME_CHECK_CONSUMER) timestamp=2396 ms, used_size=12589056 bytes (30.7%)
(RDMA_READ_CONSUME_CHECK_CONSUMER) timestamp=2396 ms, used_size=12587008 bytes (30.7%)
(RDMA_READ_CONSUME_CHECK_CONSUMER) timestamp=2396 ms, used_size=12584960 bytes (30.7%)
(RDMA_READ_CONSUME_CHECK_CONSUMER) timestamp=2396 ms, used_size=12582912 bytes (30.7%)
(RDMA_READ_CONSUME_CHECK_CONSUMER) timestamp=2396 ms, used_size=12580864 bytes (30.7%)
(RDMA_READ_CONSUME_CHECK_CONSUMER) timestamp=2396 ms, used_size=12578816 bytes (30.7%)
(RDMA_READ_CONSUME_CHECK_CONSUMER) timestamp=2396 ms, used_size=12576768 bytes (30.7%)
(RDMA_READ_CONSUME_CHECK_CONSUMER) timestamp=2396 ms, used_size=12574720 bytes (30.7%)
(RDMA_READ_CONSUME_CHECK_CONSUMER) timestamp=2396 ms, used_size=12572672 bytes (30.7%)
(RDMA_READ_CONSUME_CHECK_CONSUMER) timestamp=2396 ms, used_size=12570624 bytes (30.7%)
(RDMA_READ_CONSUME_CHECK_CONSUMER) timestamp=2396 ms, used_size=12568576 bytes (30.7%)
(RDMA_READ_CONSUME_CHECK_CONSUMER) timestamp=2396 ms, used_size=12566528 bytes (30.7%)
(RDMA_READ_CONSUME_CHECK_CONSUMER) timestamp=2396 ms, used_size=12564480 bytes (30.7%)
(RDMA_READ_CONSUME_CHECK_CONSUMER) timestamp=2396 ms, used_size=12562432 bytes (30.7%)
(RDMA_READ_CONSUME_CHECK_CONSUMER) timestamp=2396 ms, used_size=12560384 bytes (30.7%)
(RDMA_READ_CONSUME_CHECK_CONSUMER) timestamp=2396 ms, used_size=12558336 bytes (30.7%)
(RDMA_READ_CONSUME_CHECK_CONSUMER) timestamp=2396 ms, used_size=12556288 bytes (30.7%)
(RDMA_READ_CONSUME_CHECK_CONSUMER) timestamp=2396 ms, used_size=12554240 bytes (30.6%)
(RDMA_READ_CONSUME_CHECK_CONSUMER) timestamp=2396 ms, used_size=12552192 bytes (30.6%)
(RDMA_READ_CONSUME_CHECK_CONSUMER) timestamp=2396 ms, used_size=12550144 bytes (30.6%)
(RDMA_READ_CONSUME_CHECK_CONSUMER) timestamp=2396 ms, used_size=12548096 bytes (30.6%)
(RDMA_READ_CONSUME_CHECK_CONSUMER) timestamp=2396 ms, used_size=12546048 bytes (30.6%)
(RDMA_READ_CONSUME_CHECK_CONSUMER) timestamp=2396 ms, used_size=12544000 bytes (30.6%)
(RDMA_READ_CONSUME_CHECK_CONSUMER) timestamp=2396 ms, used_size=12541952 bytes (30.6%)
(RDMA_READ_CONSUME_CHECK_CONSUMER) timestamp=2396 ms, used_size=12539904 bytes (30.6%)
(RDMA_READ_CONSUME_CHECK_CONSUMER) timestamp=2396 ms, used_size=12537856 bytes (30.6%)
(RDMA_READ_CONSUME_CHECK_CONSUMER) timestamp=2396 ms, used_size=12535808 bytes (30.6%)
(RDMA_READ_CONSUME_CHECK_CONSUMER) timestamp=2397 ms, used_size=12533760 bytes (30.6%)
(RDMA_READ_CONSUME_CHECK_CONSUMER) timestamp=2397 ms, used_size=12531712 bytes (30.6%)
(RDMA_READ_CONSUME_CHECK_CONSUMER) timestamp=2397 ms, used_size=12529664 bytes (30.6%)
(RDMA_READ_CONSUME_CHECK_CONSUMER) timestamp=2397 ms, used_size=12527616 bytes (30.6%)
(RDMA_READ_CONSUME_CHECK_CONSUMER) timestamp=2397 ms, used_size=12525568 bytes (30.6%)
(RDMA_READ_CONSUME_CHECK_CONSUMER) timestamp=2397 ms, used_size=12523520 bytes (30.6%)
(RDMA_READ_CONSUME_CHECK_CONSUMER) timestamp=2397 ms, used_size=12521472 bytes (30.6%)
(RDMA_READ_CONSUME_CHECK_CONSUMER) timestamp=2397 ms, used_size=12519424 bytes (30.6%)
(RDMA_READ_CONSUME_CHECK_CONSUMER) timestamp=2397 ms, used_size=12517376 bytes (30.6%)
(RDMA_READ_CONSUME_CHECK_CONSUMER) timestamp=2397 ms, used_size=12515328 bytes (30.6%)
(RDMA_READ_CONSUME_CHECK_CONSUMER) timestamp=2397 ms, used_size=12513280 bytes (30.6%)
(RDMA_READ_CONSUME_CHECK_CONSUMER) timestamp=2397 ms, used_size=12511232 bytes (30.5%)
(RDMA_READ_CONSUME_CHECK_CONSUMER) timestamp=2397 ms, used_size=12509184 bytes (30.5%)
(RDMA_READ_CONSUME_CHECK_CONSUMER) timestamp=2397 ms, used_size=12507136 bytes (30.5%)
(RDMA_READ_CONSUME_CHECK_CONSUMER) timestamp=2397 ms, used_size=12505088 bytes (30.5%)
(RDMA_READ_CONSUME_CHECK_CONSUMER) timestamp=2397 ms, used_size=12503040 bytes (30.5%)
(RDMA_READ_CONSUME_CHECK_CONSUMER) timestamp=2397 ms, used_size=12500992 bytes (30.5%)
(RDMA_READ_CONSUME_CHECK_CONSUMER) timestamp=2397 ms, used_size=12498944 bytes (30.5%)
(RDMA_READ_CONSUME_CHECK_CONSUMER) timestamp=2397 ms, used_size=12496896 bytes (30.5%)
(RDMA_READ_CONSUME_CHECK_CONSUMER) timestamp=2397 ms, used_size=12494848 bytes (30.5%)
(RDMA_READ_CONSUME_CHECK_CONSUMER) timestamp=2397 ms, used_size=12492800 bytes (30.5%)
(RDMA_READ_CONSUME_CHECK_CONSUMER) timestamp=2397 ms, used_size=12490752 bytes (30.5%)
(RDMA_READ_CONSUME_CHECK_CONSUMER) timestamp=2397 ms, used_size=12488704 bytes (30.5%)
(RDMA_READ_CONSUME_CHECK_CONSUMER) timestamp=2397 ms, used_size=12486656 bytes (30.5%)
(RDMA_READ_CONSUME_CHECK_CONSUMER) timestamp=2397 ms, used_size=12484608 bytes (30.5%)
(RDMA_READ_CONSUME_CHECK_CONSUMER) timestamp=2397 ms, used_size=12482560 bytes (30.5%)
(RDMA_READ_CONSUME_CHECK_CONSUMER) timestamp=2397 ms, used_size=12480512 bytes (30.5%)
(RDMA_READ_CONSUME_CHECK_CONSUMER) timestamp=2397 ms, used_size=12478464 bytes (30.5%)
(RDMA_READ_CONSUME_CHECK_CONSUMER) timestamp=2397 ms, used_size=12476416 bytes (30.5%)
(RDMA_READ_CONSUME_CHECK_CONSUMER) timestamp=2397 ms, used_size=12474368 bytes (30.5%)
(RDMA_READ_CONSUME_CHECK_CONSUMER) timestamp=2397 ms, used_size=12472320 bytes (30.4%)
(RDMA_READ_CONSUME_CHECK_CONSUMER) timestamp=2397 ms, used_size=12470272 bytes (30.4%)
(RDMA_READ_CONSUME_CHECK_CONSUMER) timestamp=2397 ms, used_size=12468224 bytes (30.4%)
(RDMA_READ_CONSUME_CHECK_CONSUMER) timestamp=2397 ms, used_size=12466176 bytes (30.4%)
(RDMA_READ_CONSUME_CHECK_CONSUMER) timestamp=2397 ms, used_size=12464128 bytes (30.4%)
(RDMA_READ_CONSUME_CHECK_CONSUMER) timestamp=2397 ms, used_size=12462080 bytes (30.4%)
(RDMA_READ_CONSUME_CHECK_CONSUMER) timestamp=2397 ms, used_size=12460032 bytes (30.4%)
(RDMA_READ_CONSUME_CHECK_CONSUMER) timestamp=2397 ms, used_size=12457984 bytes (30.4%)
(RDMA_READ_CONSUME_CHECK_CONSUMER) timestamp=2397 ms, used_size=12455936 bytes (30.4%)
(RDMA_READ_CONSUME_CHECK_CONSUMER) timestamp=2397 ms, used_size=12453888 bytes (30.4%)
(RDMA_READ_CONSUME_CHECK_CONSUMER) timestamp=2397 ms, used_size=12451840 bytes (30.4%)
(RDMA_READ_CONSUME_CHECK_CONSUMER) timestamp=2397 ms, used_size=12449792 bytes (30.4%)
(RDMA_READ_CONSUME_CHECK_CONSUMER) timestamp=2397 ms, used_size=12447744 bytes (30.4%)
(RDMA_READ_CONSUME_CHECK_CONSUMER) timestamp=2397 ms, used_size=12445696 bytes (30.4%)
(RDMA_READ_CONSUME_CHECK_CONSUMER) timestamp=2397 ms, used_size=12443648 bytes (30.4%)
(RDMA_READ_CONSUME_CHECK_CONSUMER) timestamp=2397 ms, used_size=12441600 bytes (30.4%)
(RDMA_READ_CONSUME_CHECK_CONSUMER) timestamp=2397 ms, used_size=12439552 bytes (30.4%)
(RDMA_READ_CONSUME_CHECK_CONSUMER) timestamp=2397 ms, used_size=12437504 bytes (30.4%)
(RDMA_READ_CONSUME_CHECK_CONSUMER) timestamp=2397 ms, used_size=12435456 bytes (30.4%)
(RDMA_READ_CONSUME_CHECK_CONSUMER) timestamp=2397 ms, used_size=12433408 bytes (30.4%)
(RDMA_READ_CONSUME_CHECK_CONSUMER) timestamp=2397 ms, used_size=12431360 bytes (30.4%)
(RDMA_READ_CONSUME_CHECK_CONSUMER) timestamp=2397 ms, used_size=12429312 bytes (30.3%)
(RDMA_READ_CONSUME_CHECK_CONSUMER) timestamp=2397 ms, used_size=12427264 bytes (30.3%)
(RDMA_READ_CONSUME_CHECK_CONSUMER) timestamp=2397 ms, used_size=12425216 bytes (30.3%)
(RDMA_READ_CONSUME_CHECK_CONSUMER) timestamp=2397 ms, used_size=12423168 bytes (30.3%)
(RDMA_READ_CONSUME_CHECK_CONSUMER) timestamp=2397 ms, used_size=12421120 bytes (30.3%)
(RDMA_READ_CONSUME_CHECK_CONSUMER) timestamp=2397 ms, used_size=12419072 bytes (30.3%)
(RDMA_READ_CONSUME_CHECK_CONSUMER) timestamp=2397 ms, used_size=12417024 bytes (30.3%)
(RDMA_READ_CONSUME_CHECK_CONSUMER) timestamp=2397 ms, used_size=12414976 bytes (30.3%)
(RDMA_READ_CONSUME_CHECK_CONSUMER) timestamp=2397 ms, used_size=12412928 bytes (30.3%)
(RDMA_READ_CONSUME_CHECK_CONSUMER) timestamp=2397 ms, used_size=12410880 bytes (30.3%)
(RDMA_READ_CONSUME_CHECK_CONSUMER) timestamp=2397 ms, used_size=12408832 bytes (30.3%)
(RDMA_READ_CONSUME_CHECK_CONSUMER) timestamp=2397 ms, used_size=12406784 bytes (30.3%)
(RDMA_READ_CONSUME_CHECK_CONSUMER) timestamp=2397 ms, used_size=12404736 bytes (30.3%)
(RDMA_READ_CONSUME_CHECK_CONSUMER) timestamp=2397 ms, used_size=12402688 bytes (30.3%)
(RDMA_READ_CONSUME_CHECK_CONSUMER) timestamp=2397 ms, used_size=12400640 bytes (30.3%)
(RDMA_READ_CONSUME_CHECK_CONSUMER) timestamp=2397 ms, used_size=12398592 bytes (30.3%)
(RDMA_READ_CONSUME_CHECK_CONSUMER) timestamp=2397 ms, used_size=12396544 bytes (30.3%)
(RDMA_READ_CONSUME_CHECK_CONSUMER) timestamp=2397 ms, used_size=12394496 bytes (30.3%)
(RDMA_READ_CONSUME_CHECK_CONSUMER) timestamp=2397 ms, used_size=12392448 bytes (30.3%)
(RDMA_READ_CONSUME_CHECK_CONSUMER) timestamp=2397 ms, used_size=12390400 bytes (30.2%)
(RDMA_READ_CONSUME_CHECK_CONSUMER) timestamp=2397 ms, used_size=12388352 bytes (30.2%)
(RDMA_READ_CONSUME_CHECK_CONSUMER) timestamp=2397 ms, used_size=12386304 bytes (30.2%)
(RDMA_READ_CONSUME_CHECK_CONSUMER) timestamp=2397 ms, used_size=12384256 bytes (30.2%)
(RDMA_READ_CONSUME_CHECK_CONSUMER) timestamp=2397 ms, used_size=12382208 bytes (30.2%)
(RDMA_READ_CONSUME_CHECK_CONSUMER) timestamp=2397 ms, used_size=12380160 bytes (30.2%)
(RDMA_READ_CONSUME_CHECK_CONSUMER) timestamp=2397 ms, used_size=12378112 bytes (30.2%)
(RDMA_READ_CONSUME_CHECK_CONSUMER) timestamp=2397 ms, used_size=12376064 bytes (30.2%)
(RDMA_READ_CONSUME_CHECK_CONSUMER) timestamp=2397 ms, used_size=12374016 bytes (30.2%)
(RDMA_READ_CONSUME_CHECK_CONSUMER) timestamp=2397 ms, used_size=12371968 bytes (30.2%)
(RDMA_READ_CONSUME_CHECK_CONSUMER) timestamp=2397 ms, used_size=12369920 bytes (30.2%)
(RDMA_READ_CONSUME_CHECK_CONSUMER) timestamp=2397 ms, used_size=12367872 bytes (30.2%)
(RDMA_READ_CONSUME_CHECK_CONSUMER) timestamp=2397 ms, used_size=12365824 bytes (30.2%)
(RDMA_READ_CONSUME_CHECK_CONSUMER) timestamp=2397 ms, used_size=12363776 bytes (30.2%)
(RDMA_READ_CONSUME_CHECK_CONSUMER) timestamp=2397 ms, used_size=12361728 bytes (30.2%)
(RDMA_READ_CONSUME_CHECK_CONSUMER) timestamp=2397 ms, used_size=12359680 bytes (30.2%)
(RDMA_READ_CONSUME_CHECK_CONSUMER) timestamp=2397 ms, used_size=12357632 bytes (30.2%)
(RDMA_READ_CONSUME_CHECK_CONSUMER) timestamp=2397 ms, used_size=12355584 bytes (30.2%)
(RDMA_READ_CONSUME_CHECK_CONSUMER) timestamp=2397 ms, used_size=12353536 bytes (30.2%)
(RDMA_READ_CONSUME_CHECK_CONSUMER) timestamp=2397 ms, used_size=12351488 bytes (30.2%)
(RDMA_READ_CONSUME_CHECK_CONSUMER) timestamp=2397 ms, used_size=12349440 bytes (30.1%)
(RDMA_READ_CONSUME_CHECK_CONSUMER) timestamp=2397 ms, used_size=12347392 bytes (30.1%)
(RDMA_READ_CONSUME_CHECK_CONSUMER) timestamp=2397 ms, used_size=12345344 bytes (30.1%)
(RDMA_READ_CONSUME_CHECK_CONSUMER) timestamp=2397 ms, used_size=12343296 bytes (30.1%)
(RDMA_READ_CONSUME_CHECK_CONSUMER) timestamp=2397 ms, used_size=12341248 bytes (30.1%)
(RDMA_READ_CONSUME_CHECK_CONSUMER) timestamp=2397 ms, used_size=12339200 bytes (30.1%)
(RDMA_READ_CONSUME_CHECK_CONSUMER) timestamp=2397 ms, used_size=12337152 bytes (30.1%)
(RDMA_READ_CONSUME_CHECK_CONSUMER) timestamp=2397 ms, used_size=12335104 bytes (30.1%)
(RDMA_READ_CONSUME_CHECK_CONSUMER) timestamp=2397 ms, used_size=12333056 bytes (30.1%)
(RDMA_READ_CONSUME_CHECK_CONSUMER) timestamp=2397 ms, used_size=12331008 bytes (30.1%)
(RDMA_READ_CONSUME_CHECK_CONSUMER) timestamp=2397 ms, used_size=12328960 bytes (30.1%)
(RDMA_READ_CONSUME_CHECK_CONSUMER) timestamp=2397 ms, used_size=12326912 bytes (30.1%)
(RDMA_READ_CONSUME_CHECK_CONSUMER) timestamp=2397 ms, used_size=12324864 bytes (30.1%)
(RDMA_READ_CONSUME_CHECK_CONSUMER) timestamp=2397 ms, used_size=12322816 bytes (30.1%)
(RDMA_READ_CONSUME_CHECK_CONSUMER) timestamp=2397 ms, used_size=12320768 bytes (30.1%)
(RDMA_READ_CONSUME_CHECK_CONSUMER) timestamp=2397 ms, used_size=12318720 bytes (30.1%)
(RDMA_READ_CONSUME_CHECK_CONSUMER) timestamp=2397 ms, used_size=12316672 bytes (30.1%)
(RDMA_READ_CONSUME_CHECK_CONSUMER) timestamp=2397 ms, used_size=12314624 bytes (30.1%)
(RDMA_READ_CONSUME_CHECK_CONSUMER) timestamp=2397 ms, used_size=12312576 bytes (30.1%)
(RDMA_READ_CONSUME_CHECK_CONSUMER) timestamp=2397 ms, used_size=12310528 bytes (30.1%)
(RDMA_READ_CONSUME_CHECK_CONSUMER) timestamp=2397 ms, used_size=12308480 bytes (30.1%)
(RDMA_READ_CONSUME_CHECK_CONSUMER) timestamp=2397 ms, used_size=12306432 bytes (30.0%)
(RDMA_READ_CONSUME_CHECK_CONSUMER) timestamp=2397 ms, used_size=12304384 bytes (30.0%)
(RDMA_READ_CONSUME_CHECK_CONSUMER) timestamp=2397 ms, used_size=12302336 bytes (30.0%)
(RDMA_READ_CONSUME_CHECK_CONSUMER) timestamp=2397 ms, used_size=12300288 bytes (30.0%)
(RDMA_READ_CONSUME_CHECK_CONSUMER) timestamp=2397 ms, used_size=12298240 bytes (30.0%)
(RDMA_READ_CONSUME_CHECK_CONSUMER) timestamp=2397 ms, used_size=12296192 bytes (30.0%)
(RDMA_READ_CONSUME_CHECK_CONSUMER) timestamp=2397 ms, used_size=12294144 bytes (30.0%)
(RDMA_READ_CONSUME_CHECK_CONSUMER) timestamp=2397 ms, used_size=12292096 bytes (30.0%)
(RDMA_READ_CONSUME_CHECK_CONSUMER) timestamp=2397 ms, used_size=12290048 bytes (30.0%)
(RDMA_READ_CONSUME_CHECK_CONSUMER) timestamp=2397 ms, used_size=12288000 bytes (30.0%)
(RDMA_READ_CONSUME_CHECK_CONSUMER) timestamp=2397 ms, used_size=12285952 bytes (30.0%)
(RDMA_READ_CONSUME_CHECK_CONSUMER) timestamp=2397 ms, used_size=12283904 bytes (30.0%)
(RDMA_READ_CONSUME_CHECK_CONSUMER) timestamp=2397 ms, used_size=12281856 bytes (30.0%)
(RDMA_READ_CONSUME_CHECK_CONSUMER) timestamp=2397 ms, used_size=12279808 bytes (30.0%)
(RDMA_READ_CONSUME_CHECK_CONSUMER) timestamp=2397 ms, used_size=12277760 bytes (30.0%)
(RDMA_READ_CONSUME_CHECK_CONSUMER) timestamp=2397 ms, used_size=12275712 bytes (30.0%)
(RDMA_READ_CONSUME_CHECK_CONSUMER) timestamp=2397 ms, used_size=12273664 bytes (30.0%)
(RDMA_READ_CONSUME_CHECK_CONSUMER) timestamp=2397 ms, used_size=12271616 bytes (30.0%)
(RDMA_READ_CONSUME_CHECK_CONSUMER) timestamp=2397 ms, used_size=12269568 bytes (30.0%)
(RDMA_READ_CONSUME_CHECK_CONSUMER) timestamp=2397 ms, used_size=12267520 bytes (29.9%)
(RDMA_READ_CONSUME_CHECK_CONSUMER) timestamp=2397 ms, used_size=12265472 bytes (29.9%)
(RDMA_READ_CONSUME_CHECK_CONSUMER) timestamp=2397 ms, used_size=12263424 bytes (29.9%)
(RDMA_READ_CONSUME_CHECK_CONSUMER) timestamp=2397 ms, used_size=12261376 bytes (29.9%)
(RDMA_READ_CONSUME_CHECK_CONSUMER) timestamp=2397 ms, used_size=12259328 bytes (29.9%)
(RDMA_READ_CONSUME_CHECK_CONSUMER) timestamp=2397 ms, used_size=12257280 bytes (29.9%)
(RDMA_READ_CONSUME_CHECK_CONSUMER) timestamp=2397 ms, used_size=12255232 bytes (29.9%)
(RDMA_READ_CONSUME_CHECK_CONSUMER) timestamp=2397 ms, used_size=12253184 bytes (29.9%)
(RDMA_READ_CONSUME_CHECK_CONSUMER) timestamp=2397 ms, used_size=12251136 bytes (29.9%)
(RDMA_READ_CONSUME_CHECK_CONSUMER) timestamp=2397 ms, used_size=12249088 bytes (29.9%)
(RDMA_READ_CONSUME_CHECK_CONSUMER) timestamp=2397 ms, used_size=12247040 bytes (29.9%)
(RDMA_READ_CONSUME_CHECK_CONSUMER) timestamp=2397 ms, used_size=12244992 bytes (29.9%)
(RDMA_READ_CONSUME_CHECK_CONSUMER) timestamp=2397 ms, used_size=12242944 bytes (29.9%)
(RDMA_READ_CONSUME_CHECK_CONSUMER) timestamp=2397 ms, used_size=12240896 bytes (29.9%)
(RDMA_READ_CONSUME_CHECK_CONSUMER) timestamp=2397 ms, used_size=12238848 bytes (29.9%)
(RDMA_READ_CONSUME_CHECK_CONSUMER) timestamp=2397 ms, used_size=12236800 bytes (29.9%)
(RDMA_READ_CONSUME_CHECK_CONSUMER) timestamp=2397 ms, used_size=12234752 bytes (29.9%)
(RDMA_READ_CONSUME_CHECK_CONSUMER) timestamp=2397 ms, used_size=12232704 bytes (29.9%)
(RDMA_READ_CONSUME_CHECK_CONSUMER) timestamp=2397 ms, used_size=12230656 bytes (29.9%)
(RDMA_READ_CONSUME_CHECK_CONSUMER) timestamp=2397 ms, used_size=12228608 bytes (29.9%)
(RDMA_READ_CONSUME_CHECK_CONSUMER) timestamp=2397 ms, used_size=12226560 bytes (29.9%)
(RDMA_READ_CONSUME_CHECK_CONSUMER) timestamp=2397 ms, used_size=12224512 bytes (29.8%)
(RDMA_READ_CONSUME_CHECK_CONSUMER) timestamp=2397 ms, used_size=12222464 bytes (29.8%)
(RDMA_READ_CONSUME_CHECK_CONSUMER) timestamp=2397 ms, used_size=12220416 bytes (29.8%)
(RDMA_READ_CONSUME_CHECK_CONSUMER) timestamp=2397 ms, used_size=12218368 bytes (29.8%)
(RDMA_READ_CONSUME_CHECK_CONSUMER) timestamp=2397 ms, used_size=12216320 bytes (29.8%)
(RDMA_READ_CONSUME_CHECK_CONSUMER) timestamp=2397 ms, used_size=12214272 bytes (29.8%)
(RDMA_READ_CONSUME_CHECK_CONSUMER) timestamp=2397 ms, used_size=12212224 bytes (29.8%)
(RDMA_READ_CONSUME_CHECK_CONSUMER) timestamp=2397 ms, used_size=12210176 bytes (29.8%)
(RDMA_READ_CONSUME_CHECK_CONSUMER) timestamp=2397 ms, used_size=12208128 bytes (29.8%)
(RDMA_READ_CONSUME_CHECK_CONSUMER) timestamp=2397 ms, used_size=12206080 bytes (29.8%)
(RDMA_READ_CONSUME_CHECK_CONSUMER) timestamp=2397 ms, used_size=12204032 bytes (29.8%)
(RDMA_READ_CONSUME_CHECK_CONSUMER) timestamp=2397 ms, used_size=12201984 bytes (29.8%)
(RDMA_READ_CONSUME_CHECK_CONSUMER) timestamp=2397 ms, used_size=12199936 bytes (29.8%)
(RDMA_READ_CONSUME_CHECK_CONSUMER) timestamp=2397 ms, used_size=12197888 bytes (29.8%)
(RDMA_READ_CONSUME_CHECK_CONSUMER) timestamp=2397 ms, used_size=12195840 bytes (29.8%)
(RDMA_READ_CONSUME_CHECK_CONSUMER) timestamp=2397 ms, used_size=12193792 bytes (29.8%)
(RDMA_READ_CONSUME_CHECK_CONSUMER) timestamp=2397 ms, used_size=12191744 bytes (29.8%)
(RDMA_READ_CONSUME_CHECK_CONSUMER) timestamp=2397 ms, used_size=12189696 bytes (29.8%)
(RDMA_READ_CONSUME_CHECK_CONSUMER) timestamp=2397 ms, used_size=12187648 bytes (29.8%)
(RDMA_READ_CONSUME_CHECK_CONSUMER) timestamp=2397 ms, used_size=12185600 bytes (29.8%)
(RDMA_READ_CONSUME_CHECK_CONSUMER) timestamp=2397 ms, used_size=12183552 bytes (29.7%)
(RDMA_READ_CONSUME_CHECK_CONSUMER) timestamp=2397 ms, used_size=12181504 bytes (29.7%)
(RDMA_READ_CONSUME_CHECK_CONSUMER) timestamp=2397 ms, used_size=12179456 bytes (29.7%)
(RDMA_READ_CONSUME_CHECK_CONSUMER) timestamp=2397 ms, used_size=12177408 bytes (29.7%)
(RDMA_READ_CONSUME_CHECK_CONSUMER) timestamp=2397 ms, used_size=12175360 bytes (29.7%)
(RDMA_READ_CONSUME_CHECK_CONSUMER) timestamp=2397 ms, used_size=12173312 bytes (29.7%)
(RDMA_READ_CONSUME_CHECK_CONSUMER) timestamp=2397 ms, used_size=12171264 bytes (29.7%)
(RDMA_READ_CONSUME_CHECK_CONSUMER) timestamp=2397 ms, used_size=12169216 bytes (29.7%)
(RDMA_READ_CONSUME_CHECK_CONSUMER) timestamp=2397 ms, used_size=12167168 bytes (29.7%)
(RDMA_READ_CONSUME_CHECK_CONSUMER) timestamp=2398 ms, used_size=12165120 bytes (29.7%)
(RDMA_READ_CONSUME_CHECK_CONSUMER) timestamp=2398 ms, used_size=12163072 bytes (29.7%)
(RDMA_READ_CONSUME_CHECK_CONSUMER) timestamp=2398 ms, used_size=12161024 bytes (29.7%)
(RDMA_READ_CONSUME_CHECK_CONSUMER) timestamp=2398 ms, used_size=12158976 bytes (29.7%)
(RDMA_READ_CONSUME_CHECK_CONSUMER) timestamp=2398 ms, used_size=12156928 bytes (29.7%)
(RDMA_READ_CONSUME_CHECK_CONSUMER) timestamp=2398 ms, used_size=12154880 bytes (29.7%)
(RDMA_READ_CONSUME_CHECK_CONSUMER) timestamp=2398 ms, used_size=12152832 bytes (29.7%)
(RDMA_READ_CONSUME_CHECK_CONSUMER) timestamp=2398 ms, used_size=12150784 bytes (29.7%)
(RDMA_READ_CONSUME_CHECK_CONSUMER) timestamp=2398 ms, used_size=12148736 bytes (29.7%)
(RDMA_READ_CONSUME_CHECK_CONSUMER) timestamp=2398 ms, used_size=12146688 bytes (29.7%)
(RDMA_READ_CONSUME_CHECK_CONSUMER) timestamp=2398 ms, used_size=12144640 bytes (29.6%)
(RDMA_READ_CONSUME_CHECK_CONSUMER) timestamp=2398 ms, used_size=12142592 bytes (29.6%)
(RDMA_READ_CONSUME_CHECK_CONSUMER) timestamp=2398 ms, used_size=12140544 bytes (29.6%)
(RDMA_READ_CONSUME_CHECK_CONSUMER) timestamp=2398 ms, used_size=12138496 bytes (29.6%)
(RDMA_READ_CONSUME_CHECK_CONSUMER) timestamp=2398 ms, used_size=12136448 bytes (29.6%)
(RDMA_READ_CONSUME_CHECK_CONSUMER) timestamp=2398 ms, used_size=12134400 bytes (29.6%)
(RDMA_READ_CONSUME_CHECK_CONSUMER) timestamp=2398 ms, used_size=12132352 bytes (29.6%)
(RDMA_READ_CONSUME_CHECK_CONSUMER) timestamp=2398 ms, used_size=12130304 bytes (29.6%)
(RDMA_READ_CONSUME_CHECK_CONSUMER) timestamp=2398 ms, used_size=12128256 bytes (29.6%)
(RDMA_READ_CONSUME_CHECK_CONSUMER) timestamp=2398 ms, used_size=12126208 bytes (29.6%)
(RDMA_READ_CONSUME_CHECK_CONSUMER) timestamp=2398 ms, used_size=12124160 bytes (29.6%)
(RDMA_READ_CONSUME_CHECK_CONSUMER) timestamp=2398 ms, used_size=12122112 bytes (29.6%)
(RDMA_READ_CONSUME_CHECK_CONSUMER) timestamp=2398 ms, used_size=12120064 bytes (29.6%)
(RDMA_READ_CONSUME_CHECK_CONSUMER) timestamp=2398 ms, used_size=12118016 bytes (29.6%)
(RDMA_READ_CONSUME_CHECK_CONSUMER) timestamp=2398 ms, used_size=12115968 bytes (29.6%)
(RDMA_READ_CONSUME_CHECK_CONSUMER) timestamp=2398 ms, used_size=12113920 bytes (29.6%)
(RDMA_READ_CONSUME_CHECK_CONSUMER) timestamp=2398 ms, used_size=12111872 bytes (29.6%)
(RDMA_READ_CONSUME_CHECK_CONSUMER) timestamp=2398 ms, used_size=12109824 bytes (29.6%)
(RDMA_READ_CONSUME_CHECK_CONSUMER) timestamp=2398 ms, used_size=12107776 bytes (29.6%)
(RDMA_READ_CONSUME_CHECK_CONSUMER) timestamp=2398 ms, used_size=12105728 bytes (29.6%)
(RDMA_READ_CONSUME_CHECK_CONSUMER) timestamp=2398 ms, used_size=12103680 bytes (29.6%)
(RDMA_READ_CONSUME_CHECK_CONSUMER) timestamp=2398 ms, used_size=12101632 bytes (29.5%)
(RDMA_READ_CONSUME_CHECK_CONSUMER) timestamp=2398 ms, used_size=12099584 bytes (29.5%)
(RDMA_READ_CONSUME_CHECK_CONSUMER) timestamp=2398 ms, used_size=12097536 bytes (29.5%)
(RDMA_READ_CONSUME_CHECK_CONSUMER) timestamp=2398 ms, used_size=12095488 bytes (29.5%)
(RDMA_READ_CONSUME_CHECK_CONSUMER) timestamp=2398 ms, used_size=12093440 bytes (29.5%)
(RDMA_READ_CONSUME_CHECK_CONSUMER) timestamp=2398 ms, used_size=12091392 bytes (29.5%)
(RDMA_READ_CONSUME_CHECK_CONSUMER) timestamp=2398 ms, used_size=12089344 bytes (29.5%)
(RDMA_READ_CONSUME_CHECK_CONSUMER) timestamp=2398 ms, used_size=12087296 bytes (29.5%)
(RDMA_READ_CONSUME_CHECK_CONSUMER) timestamp=2398 ms, used_size=12085248 bytes (29.5%)
(RDMA_READ_CONSUME_CHECK_CONSUMER) timestamp=2398 ms, used_size=12083200 bytes (29.5%)
(RDMA_READ_CONSUME_CHECK_CONSUMER) timestamp=2398 ms, used_size=12081152 bytes (29.5%)
(RDMA_READ_CONSUME_CHECK_CONSUMER) timestamp=2398 ms, used_size=12079104 bytes (29.5%)
(RDMA_READ_CONSUME_CHECK_CONSUMER) timestamp=2398 ms, used_size=12077056 bytes (29.5%)
(RDMA_READ_CONSUME_CHECK_CONSUMER) timestamp=2398 ms, used_size=12075008 bytes (29.5%)
(RDMA_READ_CONSUME_CHECK_CONSUMER) timestamp=2398 ms, used_size=12072960 bytes (29.5%)
(RDMA_READ_CONSUME_CHECK_CONSUMER) timestamp=2398 ms, used_size=12070912 bytes (29.5%)
(RDMA_READ_CONSUME_CHECK_CONSUMER) timestamp=2398 ms, used_size=12068864 bytes (29.5%)
(RDMA_READ_CONSUME_CHECK_CONSUMER) timestamp=2398 ms, used_size=12066816 bytes (29.5%)
(RDMA_READ_CONSUME_CHECK_CONSUMER) timestamp=2398 ms, used_size=12064768 bytes (29.5%)
(RDMA_READ_CONSUME_CHECK_CONSUMER) timestamp=2398 ms, used_size=12062720 bytes (29.4%)
(RDMA_READ_CONSUME_CHECK_CONSUMER) timestamp=2398 ms, used_size=12060672 bytes (29.4%)
(RDMA_READ_CONSUME_CHECK_CONSUMER) timestamp=2398 ms, used_size=12058624 bytes (29.4%)
(RDMA_READ_CONSUME_CHECK_CONSUMER) timestamp=2398 ms, used_size=12056576 bytes (29.4%)
(RDMA_READ_CONSUME_CHECK_CONSUMER) timestamp=2398 ms, used_size=12054528 bytes (29.4%)
(RDMA_READ_CONSUME_CHECK_CONSUMER) timestamp=2398 ms, used_size=12052480 bytes (29.4%)
(RDMA_READ_CONSUME_CHECK_CONSUMER) timestamp=2398 ms, used_size=12050432 bytes (29.4%)
(RDMA_READ_CONSUME_CHECK_CONSUMER) timestamp=2398 ms, used_size=12048384 bytes (29.4%)
(RDMA_READ_CONSUME_CHECK_CONSUMER) timestamp=2398 ms, used_size=12046336 bytes (29.4%)
(RDMA_READ_CONSUME_CHECK_CONSUMER) timestamp=2398 ms, used_size=12044288 bytes (29.4%)
(RDMA_READ_CONSUME_CHECK_CONSUMER) timestamp=2398 ms, used_size=12042240 bytes (29.4%)
(RDMA_READ_CONSUME_CHECK_CONSUMER) timestamp=2398 ms, used_size=12040192 bytes (29.4%)
(RDMA_READ_CONSUME_CHECK_CONSUMER) timestamp=2398 ms, used_size=12038144 bytes (29.4%)
(RDMA_READ_CONSUME_CHECK_CONSUMER) timestamp=2398 ms, used_size=12036096 bytes (29.4%)
(RDMA_READ_CONSUME_CHECK_CONSUMER) timestamp=2398 ms, used_size=12034048 bytes (29.4%)
(RDMA_READ_CONSUME_CHECK_CONSUMER) timestamp=2398 ms, used_size=12032000 bytes (29.4%)
(RDMA_READ_CONSUME_CHECK_CONSUMER) timestamp=2398 ms, used_size=12029952 bytes (29.4%)
(RDMA_READ_CONSUME_CHECK_CONSUMER) timestamp=2398 ms, used_size=12027904 bytes (29.4%)
(RDMA_READ_CONSUME_CHECK_CONSUMER) timestamp=2398 ms, used_size=12025856 bytes (29.4%)
(RDMA_READ_CONSUME_CHECK_CONSUMER) timestamp=2398 ms, used_size=12023808 bytes (29.4%)
(RDMA_READ_CONSUME_CHECK_CONSUMER) timestamp=2398 ms, used_size=12021760 bytes (29.4%)
(RDMA_READ_CONSUME_CHECK_CONSUMER) timestamp=2398 ms, used_size=12019712 bytes (29.3%)
(RDMA_READ_CONSUME_CHECK_CONSUMER) timestamp=2398 ms, used_size=12017664 bytes (29.3%)
(RDMA_READ_CONSUME_CHECK_CONSUMER) timestamp=2398 ms, used_size=12015616 bytes (29.3%)
(RDMA_READ_CONSUME_CHECK_CONSUMER) timestamp=2398 ms, used_size=12013568 bytes (29.3%)
(RDMA_READ_CONSUME_CHECK_CONSUMER) timestamp=2398 ms, used_size=12011520 bytes (29.3%)
(RDMA_READ_CONSUME_CHECK_CONSUMER) timestamp=2398 ms, used_size=12009472 bytes (29.3%)
(RDMA_READ_CONSUME_CHECK_CONSUMER) timestamp=2398 ms, used_size=12007424 bytes (29.3%)
(RDMA_READ_CONSUME_CHECK_CONSUMER) timestamp=2398 ms, used_size=12005376 bytes (29.3%)
(RDMA_READ_CONSUME_CHECK_CONSUMER) timestamp=2398 ms, used_size=12003328 bytes (29.3%)
(RDMA_READ_CONSUME_CHECK_CONSUMER) timestamp=2398 ms, used_size=12001280 bytes (29.3%)
(RDMA_READ_CONSUME_CHECK_CONSUMER) timestamp=2398 ms, used_size=11999232 bytes (29.3%)
(RDMA_READ_CONSUME_CHECK_CONSUMER) timestamp=2398 ms, used_size=11997184 bytes (29.3%)
(RDMA_READ_CONSUME_CHECK_CONSUMER) timestamp=2398 ms, used_size=11995136 bytes (29.3%)
(RDMA_READ_CONSUME_CHECK_CONSUMER) timestamp=2398 ms, used_size=11993088 bytes (29.3%)
(RDMA_READ_CONSUME_CHECK_CONSUMER) timestamp=2398 ms, used_size=11991040 bytes (29.3%)
(RDMA_READ_CONSUME_CHECK_CONSUMER) timestamp=2398 ms, used_size=11988992 bytes (29.3%)
(RDMA_READ_CONSUME_CHECK_CONSUMER) timestamp=2398 ms, used_size=11986944 bytes (29.3%)
(RDMA_READ_CONSUME_CHECK_CONSUMER) timestamp=2398 ms, used_size=11984896 bytes (29.3%)
(RDMA_READ_CONSUME_CHECK_CONSUMER) timestamp=2398 ms, used_size=11982848 bytes (29.3%)
(RDMA_READ_CONSUME_CHECK_CONSUMER) timestamp=2398 ms, used_size=11980800 bytes (29.2%)
(RDMA_READ_CONSUME_CHECK_CONSUMER) timestamp=2398 ms, used_size=11978752 bytes (29.2%)
(RDMA_READ_CONSUME_CHECK_CONSUMER) timestamp=2398 ms, used_size=11976704 bytes (29.2%)
(RDMA_READ_CONSUME_CHECK_CONSUMER) timestamp=2398 ms, used_size=11974656 bytes (29.2%)
(RDMA_READ_CONSUME_CHECK_CONSUMER) timestamp=2398 ms, used_size=11972608 bytes (29.2%)
(RDMA_READ_CONSUME_CHECK_CONSUMER) timestamp=2398 ms, used_size=11970560 bytes (29.2%)
(RDMA_READ_CONSUME_CHECK_CONSUMER) timestamp=2398 ms, used_size=11968512 bytes (29.2%)
(RDMA_READ_CONSUME_CHECK_CONSUMER) timestamp=2398 ms, used_size=11966464 bytes (29.2%)
(RDMA_READ_CONSUME_CHECK_CONSUMER) timestamp=2398 ms, used_size=11964416 bytes (29.2%)
(RDMA_READ_CONSUME_CHECK_CONSUMER) timestamp=2398 ms, used_size=11962368 bytes (29.2%)
(RDMA_READ_CONSUME_CHECK_CONSUMER) timestamp=2398 ms, used_size=11960320 bytes (29.2%)
(RDMA_READ_CONSUME_CHECK_CONSUMER) timestamp=2398 ms, used_size=11958272 bytes (29.2%)
(RDMA_READ_CONSUME_CHECK_CONSUMER) timestamp=2398 ms, used_size=11956224 bytes (29.2%)
(RDMA_READ_CONSUME_CHECK_CONSUMER) timestamp=2398 ms, used_size=11954176 bytes (29.2%)
(RDMA_READ_CONSUME_CHECK_CONSUMER) timestamp=2398 ms, used_size=11952128 bytes (29.2%)
(RDMA_READ_CONSUME_CHECK_CONSUMER) timestamp=2398 ms, used_size=11950080 bytes (29.2%)
(RDMA_READ_CONSUME_CHECK_CONSUMER) timestamp=2398 ms, used_size=11948032 bytes (29.2%)
(RDMA_READ_CONSUME_CHECK_CONSUMER) timestamp=2398 ms, used_size=11945984 bytes (29.2%)
(RDMA_READ_CONSUME_CHECK_CONSUMER) timestamp=2398 ms, used_size=11943936 bytes (29.2%)
(RDMA_READ_CONSUME_CHECK_CONSUMER) timestamp=2398 ms, used_size=11941888 bytes (29.2%)
(RDMA_READ_CONSUME_CHECK_CONSUMER) timestamp=2398 ms, used_size=11939840 bytes (29.1%)
(RDMA_READ_CONSUME_CHECK_CONSUMER) timestamp=2398 ms, used_size=11937792 bytes (29.1%)
(RDMA_READ_CONSUME_CHECK_CONSUMER) timestamp=2398 ms, used_size=11935744 bytes (29.1%)
(RDMA_READ_CONSUME_CHECK_CONSUMER) timestamp=2398 ms, used_size=11933696 bytes (29.1%)
(RDMA_READ_CONSUME_CHECK_CONSUMER) timestamp=2398 ms, used_size=11931648 bytes (29.1%)
(RDMA_READ_CONSUME_CHECK_CONSUMER) timestamp=2398 ms, used_size=11929600 bytes (29.1%)
(RDMA_READ_CONSUME_CHECK_CONSUMER) timestamp=2398 ms, used_size=11927552 bytes (29.1%)
(RDMA_READ_CONSUME_CHECK_CONSUMER) timestamp=2398 ms, used_size=11925504 bytes (29.1%)
(RDMA_READ_CONSUME_CHECK_CONSUMER) timestamp=2398 ms, used_size=11923456 bytes (29.1%)
(RDMA_READ_CONSUME_CHECK_CONSUMER) timestamp=2398 ms, used_size=11921408 bytes (29.1%)
(RDMA_READ_CONSUME_CHECK_CONSUMER) timestamp=2398 ms, used_size=11919360 bytes (29.1%)
(RDMA_READ_CONSUME_CHECK_CONSUMER) timestamp=2398 ms, used_size=11917312 bytes (29.1%)
(RDMA_READ_CONSUME_CHECK_CONSUMER) timestamp=2398 ms, used_size=11915264 bytes (29.1%)
(RDMA_READ_CONSUME_CHECK_CONSUMER) timestamp=2398 ms, used_size=11913216 bytes (29.1%)
(RDMA_READ_CONSUME_CHECK_CONSUMER) timestamp=2398 ms, used_size=11911168 bytes (29.1%)
(RDMA_READ_CONSUME_CHECK_CONSUMER) timestamp=2398 ms, used_size=11909120 bytes (29.1%)
(RDMA_READ_CONSUME_CHECK_CONSUMER) timestamp=2398 ms, used_size=11907072 bytes (29.1%)
(RDMA_READ_CONSUME_CHECK_CONSUMER) timestamp=2398 ms, used_size=11905024 bytes (29.1%)
(RDMA_READ_CONSUME_CHECK_CONSUMER) timestamp=2398 ms, used_size=11902976 bytes (29.1%)
(RDMA_READ_CONSUME_CHECK_CONSUMER) timestamp=2398 ms, used_size=11900928 bytes (29.1%)
(RDMA_READ_CONSUME_CHECK_CONSUMER) timestamp=2398 ms, used_size=11898880 bytes (29.1%)
(RDMA_READ_CONSUME_CHECK_CONSUMER) timestamp=2398 ms, used_size=11896832 bytes (29.0%)
(RDMA_READ_CONSUME_CHECK_CONSUMER) timestamp=2398 ms, used_size=11894784 bytes (29.0%)
(RDMA_READ_CONSUME_CHECK_CONSUMER) timestamp=2398 ms, used_size=11892736 bytes (29.0%)
(RDMA_READ_CONSUME_CHECK_CONSUMER) timestamp=2398 ms, used_size=11890688 bytes (29.0%)
(RDMA_READ_CONSUME_CHECK_CONSUMER) timestamp=2398 ms, used_size=11888640 bytes (29.0%)
(RDMA_READ_CONSUME_CHECK_CONSUMER) timestamp=2398 ms, used_size=11886592 bytes (29.0%)
(RDMA_READ_CONSUME_CHECK_CONSUMER) timestamp=2398 ms, used_size=11884544 bytes (29.0%)
(RDMA_READ_CONSUME_CHECK_CONSUMER) timestamp=2398 ms, used_size=11882496 bytes (29.0%)
(RDMA_READ_CONSUME_CHECK_CONSUMER) timestamp=2398 ms, used_size=11880448 bytes (29.0%)
(RDMA_READ_CONSUME_CHECK_CONSUMER) timestamp=2398 ms, used_size=11878400 bytes (29.0%)
(RDMA_READ_CONSUME_CHECK_CONSUMER) timestamp=2398 ms, used_size=11876352 bytes (29.0%)
(RDMA_READ_CONSUME_CHECK_CONSUMER) timestamp=2398 ms, used_size=11874304 bytes (29.0%)
(RDMA_READ_CONSUME_CHECK_CONSUMER) timestamp=2398 ms, used_size=11872256 bytes (29.0%)
(RDMA_READ_CONSUME_CHECK_CONSUMER) timestamp=2398 ms, used_size=11870208 bytes (29.0%)
(RDMA_READ_CONSUME_CHECK_CONSUMER) timestamp=2398 ms, used_size=11868160 bytes (29.0%)
(RDMA_READ_CONSUME_CHECK_CONSUMER) timestamp=2398 ms, used_size=11866112 bytes (29.0%)
(RDMA_READ_CONSUME_CHECK_CONSUMER) timestamp=2398 ms, used_size=11864064 bytes (29.0%)
(RDMA_READ_CONSUME_CHECK_CONSUMER) timestamp=2398 ms, used_size=11862016 bytes (29.0%)
(RDMA_READ_CONSUME_CHECK_CONSUMER) timestamp=2398 ms, used_size=11859968 bytes (29.0%)
(RDMA_READ_CONSUME_CHECK_CONSUMER) timestamp=2398 ms, used_size=11857920 bytes (28.9%)
(RDMA_READ_CONSUME_CHECK_CONSUMER) timestamp=2398 ms, used_size=11855872 bytes (28.9%)
(RDMA_READ_CONSUME_CHECK_CONSUMER) timestamp=2398 ms, used_size=11853824 bytes (28.9%)
(RDMA_READ_CONSUME_CHECK_CONSUMER) timestamp=2398 ms, used_size=11851776 bytes (28.9%)
(RDMA_READ_CONSUME_CHECK_CONSUMER) timestamp=2398 ms, used_size=11849728 bytes (28.9%)
(RDMA_READ_CONSUME_CHECK_CONSUMER) timestamp=2398 ms, used_size=11847680 bytes (28.9%)
(RDMA_READ_CONSUME_CHECK_CONSUMER) timestamp=2398 ms, used_size=11845632 bytes (28.9%)
(RDMA_READ_CONSUME_CHECK_CONSUMER) timestamp=2398 ms, used_size=11843584 bytes (28.9%)
(RDMA_READ_CONSUME_CHECK_CONSUMER) timestamp=2398 ms, used_size=11841536 bytes (28.9%)
(RDMA_READ_CONSUME_CHECK_CONSUMER) timestamp=2398 ms, used_size=11839488 bytes (28.9%)
(RDMA_READ_CONSUME_CHECK_CONSUMER) timestamp=2398 ms, used_size=11837440 bytes (28.9%)
(RDMA_READ_CONSUME_CHECK_CONSUMER) timestamp=2398 ms, used_size=11835392 bytes (28.9%)
(RDMA_READ_CONSUME_CHECK_CONSUMER) timestamp=2398 ms, used_size=11833344 bytes (28.9%)
(RDMA_READ_CONSUME_CHECK_CONSUMER) timestamp=2398 ms, used_size=11831296 bytes (28.9%)
(RDMA_READ_CONSUME_CHECK_CONSUMER) timestamp=2398 ms, used_size=11829248 bytes (28.9%)
(RDMA_READ_CONSUME_CHECK_CONSUMER) timestamp=2398 ms, used_size=11827200 bytes (28.9%)
(RDMA_READ_CONSUME_CHECK_CONSUMER) timestamp=2398 ms, used_size=11825152 bytes (28.9%)
(RDMA_READ_CONSUME_CHECK_CONSUMER) timestamp=2398 ms, used_size=11823104 bytes (28.9%)
(RDMA_READ_CONSUME_CHECK_CONSUMER) timestamp=2398 ms, used_size=11821056 bytes (28.9%)
(RDMA_READ_CONSUME_CHECK_CONSUMER) timestamp=2398 ms, used_size=11819008 bytes (28.9%)
(RDMA_READ_CONSUME_CHECK_CONSUMER) timestamp=2398 ms, used_size=11816960 bytes (28.9%)
(RDMA_READ_CONSUME_CHECK_CONSUMER) timestamp=2398 ms, used_size=11814912 bytes (28.8%)
(RDMA_READ_CONSUME_CHECK_CONSUMER) timestamp=2398 ms, used_size=11812864 bytes (28.8%)
(RDMA_READ_CONSUME_CHECK_CONSUMER) timestamp=2398 ms, used_size=11810816 bytes (28.8%)
(RDMA_READ_CONSUME_CHECK_CONSUMER) timestamp=2398 ms, used_size=11808768 bytes (28.8%)
(RDMA_READ_CONSUME_CHECK_CONSUMER) timestamp=2398 ms, used_size=11806720 bytes (28.8%)
(RDMA_READ_CONSUME_CHECK_CONSUMER) timestamp=2398 ms, used_size=11804672 bytes (28.8%)
(RDMA_READ_CONSUME_CHECK_CONSUMER) timestamp=2398 ms, used_size=11802624 bytes (28.8%)
(RDMA_READ_CONSUME_CHECK_CONSUMER) timestamp=2398 ms, used_size=11800576 bytes (28.8%)
(RDMA_READ_CONSUME_CHECK_CONSUMER) timestamp=2399 ms, used_size=11798528 bytes (28.8%)
(RDMA_READ_CONSUME_CHECK_CONSUMER) timestamp=2399 ms, used_size=11796480 bytes (28.8%)
(RDMA_READ_CONSUME_CHECK_CONSUMER) timestamp=2399 ms, used_size=11794432 bytes (28.8%)
(RDMA_READ_CONSUME_CHECK_CONSUMER) timestamp=2399 ms, used_size=11792384 bytes (28.8%)
(RDMA_READ_CONSUME_CHECK_CONSUMER) timestamp=2399 ms, used_size=11790336 bytes (28.8%)
(RDMA_READ_CONSUME_CHECK_CONSUMER) timestamp=2399 ms, used_size=11788288 bytes (28.8%)
(RDMA_READ_CONSUME_CHECK_CONSUMER) timestamp=2399 ms, used_size=11786240 bytes (28.8%)
(RDMA_READ_CONSUME_CHECK_CONSUMER) timestamp=2399 ms, used_size=11784192 bytes (28.8%)
(RDMA_READ_CONSUME_CHECK_CONSUMER) timestamp=2399 ms, used_size=11782144 bytes (28.8%)
(RDMA_READ_CONSUME_CHECK_CONSUMER) timestamp=2399 ms, used_size=11780096 bytes (28.8%)
(RDMA_READ_CONSUME_CHECK_CONSUMER) timestamp=2399 ms, used_size=11778048 bytes (28.8%)
(RDMA_READ_CONSUME_CHECK_CONSUMER) timestamp=2399 ms, used_size=11776000 bytes (28.8%)
(RDMA_READ_CONSUME_CHECK_CONSUMER) timestamp=2399 ms, used_size=11773952 bytes (28.7%)
(RDMA_READ_CONSUME_CHECK_CONSUMER) timestamp=2399 ms, used_size=11771904 bytes (28.7%)
(RDMA_READ_CONSUME_CHECK_CONSUMER) timestamp=2399 ms, used_size=11769856 bytes (28.7%)
(RDMA_READ_CONSUME_CHECK_CONSUMER) timestamp=2399 ms, used_size=11767808 bytes (28.7%)
(RDMA_READ_CONSUME_CHECK_CONSUMER) timestamp=2399 ms, used_size=11765760 bytes (28.7%)
(RDMA_READ_CONSUME_CHECK_CONSUMER) timestamp=2399 ms, used_size=11763712 bytes (28.7%)
(RDMA_READ_CONSUME_CHECK_CONSUMER) timestamp=2399 ms, used_size=11761664 bytes (28.7%)
(RDMA_READ_CONSUME_CHECK_CONSUMER) timestamp=2399 ms, used_size=11759616 bytes (28.7%)
(RDMA_READ_CONSUME_CHECK_CONSUMER) timestamp=2399 ms, used_size=11757568 bytes (28.7%)
(RDMA_READ_CONSUME_CHECK_CONSUMER) timestamp=2399 ms, used_size=11755520 bytes (28.7%)
(RDMA_READ_CONSUME_CHECK_CONSUMER) timestamp=2399 ms, used_size=11753472 bytes (28.7%)
(RDMA_READ_CONSUME_CHECK_CONSUMER) timestamp=2399 ms, used_size=11751424 bytes (28.7%)
(RDMA_READ_CONSUME_CHECK_CONSUMER) timestamp=2399 ms, used_size=11749376 bytes (28.7%)
(RDMA_READ_CONSUME_CHECK_CONSUMER) timestamp=2399 ms, used_size=11747328 bytes (28.7%)
(RDMA_READ_CONSUME_CHECK_CONSUMER) timestamp=2399 ms, used_size=11745280 bytes (28.7%)
(RDMA_READ_CONSUME_CHECK_CONSUMER) timestamp=2399 ms, used_size=11743232 bytes (28.7%)
(RDMA_READ_CONSUME_CHECK_CONSUMER) timestamp=2399 ms, used_size=11741184 bytes (28.7%)
(RDMA_READ_CONSUME_CHECK_CONSUMER) timestamp=2399 ms, used_size=11739136 bytes (28.7%)
(RDMA_READ_CONSUME_CHECK_CONSUMER) timestamp=2399 ms, used_size=11737088 bytes (28.7%)
(RDMA_READ_CONSUME_CHECK_CONSUMER) timestamp=2399 ms, used_size=11735040 bytes (28.6%)
(RDMA_READ_CONSUME_CHECK_CONSUMER) timestamp=2399 ms, used_size=11732992 bytes (28.6%)
(RDMA_READ_CONSUME_CHECK_CONSUMER) timestamp=2399 ms, used_size=11730944 bytes (28.6%)
(RDMA_READ_CONSUME_CHECK_CONSUMER) timestamp=2399 ms, used_size=11728896 bytes (28.6%)
(RDMA_READ_CONSUME_CHECK_CONSUMER) timestamp=2399 ms, used_size=11726848 bytes (28.6%)
(RDMA_READ_CONSUME_CHECK_CONSUMER) timestamp=2399 ms, used_size=11724800 bytes (28.6%)
(RDMA_READ_CONSUME_CHECK_CONSUMER) timestamp=2399 ms, used_size=11722752 bytes (28.6%)
(RDMA_READ_CONSUME_CHECK_CONSUMER) timestamp=2399 ms, used_size=11720704 bytes (28.6%)
(RDMA_READ_CONSUME_CHECK_CONSUMER) timestamp=2399 ms, used_size=11718656 bytes (28.6%)
(RDMA_READ_CONSUME_CHECK_CONSUMER) timestamp=2399 ms, used_size=11716608 bytes (28.6%)
(RDMA_READ_CONSUME_CHECK_CONSUMER) timestamp=2399 ms, used_size=11714560 bytes (28.6%)
(RDMA_READ_CONSUME_CHECK_CONSUMER) timestamp=2399 ms, used_size=11712512 bytes (28.6%)
(RDMA_READ_CONSUME_CHECK_CONSUMER) timestamp=2399 ms, used_size=11710464 bytes (28.6%)
(RDMA_READ_CONSUME_CHECK_CONSUMER) timestamp=2399 ms, used_size=11708416 bytes (28.6%)
(RDMA_READ_CONSUME_CHECK_CONSUMER) timestamp=2399 ms, used_size=11706368 bytes (28.6%)
(RDMA_READ_CONSUME_CHECK_CONSUMER) timestamp=2399 ms, used_size=11704320 bytes (28.6%)
(RDMA_READ_CONSUME_CHECK_CONSUMER) timestamp=2399 ms, used_size=11702272 bytes (28.6%)
(RDMA_READ_CONSUME_CHECK_CONSUMER) timestamp=2399 ms, used_size=11700224 bytes (28.6%)
(RDMA_READ_CONSUME_CHECK_CONSUMER) timestamp=2399 ms, used_size=11698176 bytes (28.6%)
(RDMA_READ_CONSUME_CHECK_CONSUMER) timestamp=2399 ms, used_size=11696128 bytes (28.6%)
(RDMA_READ_CONSUME_CHECK_CONSUMER) timestamp=2399 ms, used_size=11694080 bytes (28.6%)
(RDMA_READ_CONSUME_CHECK_CONSUMER) timestamp=2399 ms, used_size=11692032 bytes (28.5%)
(RDMA_READ_CONSUME_CHECK_CONSUMER) timestamp=2399 ms, used_size=11689984 bytes (28.5%)
(RDMA_READ_CONSUME_CHECK_CONSUMER) timestamp=2399 ms, used_size=11687936 bytes (28.5%)
(RDMA_READ_CONSUME_CHECK_CONSUMER) timestamp=2399 ms, used_size=11685888 bytes (28.5%)
(RDMA_READ_CONSUME_CHECK_CONSUMER) timestamp=2399 ms, used_size=11683840 bytes (28.5%)
(RDMA_READ_CONSUME_CHECK_CONSUMER) timestamp=2399 ms, used_size=11681792 bytes (28.5%)
(RDMA_READ_CONSUME_CHECK_CONSUMER) timestamp=2399 ms, used_size=11679744 bytes (28.5%)
(RDMA_READ_CONSUME_CHECK_CONSUMER) timestamp=2399 ms, used_size=11677696 bytes (28.5%)
(RDMA_READ_CONSUME_CHECK_CONSUMER) timestamp=2399 ms, used_size=11675648 bytes (28.5%)
(RDMA_READ_CONSUME_CHECK_CONSUMER) timestamp=2399 ms, used_size=11673600 bytes (28.5%)
(RDMA_READ_CONSUME_CHECK_CONSUMER) timestamp=2399 ms, used_size=11671552 bytes (28.5%)
(RDMA_READ_CONSUME_CHECK_CONSUMER) timestamp=2399 ms, used_size=11669504 bytes (28.5%)
(RDMA_READ_CONSUME_CHECK_CONSUMER) timestamp=2399 ms, used_size=11667456 bytes (28.5%)
(RDMA_READ_CONSUME_CHECK_CONSUMER) timestamp=2399 ms, used_size=11665408 bytes (28.5%)
(RDMA_READ_CONSUME_CHECK_CONSUMER) timestamp=2399 ms, used_size=11663360 bytes (28.5%)
(RDMA_READ_CONSUME_CHECK_CONSUMER) timestamp=2399 ms, used_size=11661312 bytes (28.5%)
(RDMA_READ_CONSUME_CHECK_CONSUMER) timestamp=2399 ms, used_size=11659264 bytes (28.5%)
(RDMA_READ_CONSUME_CHECK_CONSUMER) timestamp=2399 ms, used_size=11657216 bytes (28.5%)
(RDMA_READ_CONSUME_CHECK_CONSUMER) timestamp=2399 ms, used_size=11655168 bytes (28.5%)
(RDMA_READ_CONSUME_CHECK_CONSUMER) timestamp=2399 ms, used_size=11653120 bytes (28.4%)
(RDMA_READ_CONSUME_CHECK_CONSUMER) timestamp=2399 ms, used_size=11651072 bytes (28.4%)
(RDMA_READ_CONSUME_CHECK_CONSUMER) timestamp=2399 ms, used_size=11649024 bytes (28.4%)
(RDMA_READ_CONSUME_CHECK_CONSUMER) timestamp=2399 ms, used_size=11646976 bytes (28.4%)
(RDMA_READ_CONSUME_CHECK_CONSUMER) timestamp=2399 ms, used_size=11644928 bytes (28.4%)
(RDMA_READ_CONSUME_CHECK_CONSUMER) timestamp=2399 ms, used_size=11642880 bytes (28.4%)
(RDMA_READ_CONSUME_CHECK_CONSUMER) timestamp=2399 ms, used_size=11640832 bytes (28.4%)
(RDMA_READ_CONSUME_CHECK_CONSUMER) timestamp=2399 ms, used_size=11638784 bytes (28.4%)
(RDMA_READ_CONSUME_CHECK_CONSUMER) timestamp=2399 ms, used_size=11636736 bytes (28.4%)
(RDMA_READ_CONSUME_CHECK_CONSUMER) timestamp=2399 ms, used_size=11634688 bytes (28.4%)
(RDMA_READ_CONSUME_CHECK_CONSUMER) timestamp=2399 ms, used_size=11632640 bytes (28.4%)
(RDMA_READ_CONSUME_CHECK_CONSUMER) timestamp=2399 ms, used_size=11630592 bytes (28.4%)
(RDMA_READ_CONSUME_CHECK_CONSUMER) timestamp=2399 ms, used_size=11628544 bytes (28.4%)
(RDMA_READ_CONSUME_CHECK_CONSUMER) timestamp=2399 ms, used_size=11626496 bytes (28.4%)
(RDMA_READ_CONSUME_CHECK_CONSUMER) timestamp=2399 ms, used_size=11624448 bytes (28.4%)
(RDMA_READ_CONSUME_CHECK_CONSUMER) timestamp=2399 ms, used_size=11622400 bytes (28.4%)
(RDMA_READ_CONSUME_CHECK_CONSUMER) timestamp=2399 ms, used_size=11620352 bytes (28.4%)
(RDMA_READ_CONSUME_CHECK_CONSUMER) timestamp=2399 ms, used_size=11618304 bytes (28.4%)
(RDMA_READ_CONSUME_CHECK_CONSUMER) timestamp=2399 ms, used_size=11616256 bytes (28.4%)
(RDMA_READ_CONSUME_CHECK_CONSUMER) timestamp=2399 ms, used_size=11614208 bytes (28.4%)
(RDMA_READ_CONSUME_CHECK_CONSUMER) timestamp=2399 ms, used_size=11612160 bytes (28.4%)
(RDMA_READ_CONSUME_CHECK_CONSUMER) timestamp=2399 ms, used_size=11610112 bytes (28.3%)
(RDMA_READ_CONSUME_CHECK_CONSUMER) timestamp=2399 ms, used_size=11608064 bytes (28.3%)
(RDMA_READ_CONSUME_CHECK_CONSUMER) timestamp=2399 ms, used_size=11606016 bytes (28.3%)
(RDMA_READ_CONSUME_CHECK_CONSUMER) timestamp=2399 ms, used_size=11603968 bytes (28.3%)
(RDMA_READ_CONSUME_CHECK_CONSUMER) timestamp=2399 ms, used_size=11601920 bytes (28.3%)
(RDMA_READ_CONSUME_CHECK_CONSUMER) timestamp=2399 ms, used_size=11599872 bytes (28.3%)
(RDMA_READ_CONSUME_CHECK_CONSUMER) timestamp=2399 ms, used_size=11597824 bytes (28.3%)
(RDMA_READ_CONSUME_CHECK_CONSUMER) timestamp=2399 ms, used_size=11595776 bytes (28.3%)
(RDMA_READ_CONSUME_CHECK_CONSUMER) timestamp=2399 ms, used_size=11593728 bytes (28.3%)
(RDMA_READ_CONSUME_CHECK_CONSUMER) timestamp=2399 ms, used_size=11591680 bytes (28.3%)
(RDMA_READ_CONSUME_CHECK_CONSUMER) timestamp=2399 ms, used_size=11589632 bytes (28.3%)
(RDMA_READ_CONSUME_CHECK_CONSUMER) timestamp=2399 ms, used_size=11587584 bytes (28.3%)
(RDMA_READ_CONSUME_CHECK_CONSUMER) timestamp=2399 ms, used_size=11585536 bytes (28.3%)
(RDMA_READ_CONSUME_CHECK_CONSUMER) timestamp=2399 ms, used_size=11583488 bytes (28.3%)
(RDMA_READ_CONSUME_CHECK_CONSUMER) timestamp=2399 ms, used_size=11581440 bytes (28.3%)
(RDMA_READ_CONSUME_CHECK_CONSUMER) timestamp=2399 ms, used_size=11579392 bytes (28.3%)
(RDMA_READ_CONSUME_CHECK_CONSUMER) timestamp=2399 ms, used_size=11577344 bytes (28.3%)
(RDMA_READ_CONSUME_CHECK_CONSUMER) timestamp=2399 ms, used_size=11575296 bytes (28.3%)
(RDMA_READ_CONSUME_CHECK_CONSUMER) timestamp=2399 ms, used_size=11573248 bytes (28.3%)
(RDMA_READ_CONSUME_CHECK_CONSUMER) timestamp=2399 ms, used_size=11571200 bytes (28.2%)
(RDMA_READ_CONSUME_CHECK_CONSUMER) timestamp=2399 ms, used_size=11569152 bytes (28.2%)
(RDMA_READ_CONSUME_CHECK_CONSUMER) timestamp=2399 ms, used_size=11567104 bytes (28.2%)
(RDMA_READ_CONSUME_CHECK_CONSUMER) timestamp=2399 ms, used_size=11565056 bytes (28.2%)
(RDMA_READ_CONSUME_CHECK_CONSUMER) timestamp=2399 ms, used_size=11563008 bytes (28.2%)
(RDMA_READ_CONSUME_CHECK_CONSUMER) timestamp=2399 ms, used_size=11560960 bytes (28.2%)
(RDMA_READ_CONSUME_CHECK_CONSUMER) timestamp=2399 ms, used_size=11558912 bytes (28.2%)
(RDMA_READ_CONSUME_CHECK_CONSUMER) timestamp=2399 ms, used_size=11556864 bytes (28.2%)
(RDMA_READ_CONSUME_CHECK_CONSUMER) timestamp=2399 ms, used_size=11554816 bytes (28.2%)
(RDMA_READ_CONSUME_CHECK_CONSUMER) timestamp=2399 ms, used_size=11552768 bytes (28.2%)
(RDMA_READ_CONSUME_CHECK_CONSUMER) timestamp=2399 ms, used_size=11550720 bytes (28.2%)
(RDMA_READ_CONSUME_CHECK_CONSUMER) timestamp=2399 ms, used_size=11548672 bytes (28.2%)
(RDMA_READ_CONSUME_CHECK_CONSUMER) timestamp=2399 ms, used_size=11546624 bytes (28.2%)
(RDMA_READ_CONSUME_CHECK_CONSUMER) timestamp=2399 ms, used_size=11544576 bytes (28.2%)
(RDMA_READ_CONSUME_CHECK_CONSUMER) timestamp=2399 ms, used_size=11542528 bytes (28.2%)
(RDMA_READ_CONSUME_CHECK_CONSUMER) timestamp=2399 ms, used_size=11540480 bytes (28.2%)
(RDMA_READ_CONSUME_CHECK_CONSUMER) timestamp=2399 ms, used_size=11538432 bytes (28.2%)
(RDMA_READ_CONSUME_CHECK_CONSUMER) timestamp=2399 ms, used_size=11536384 bytes (28.2%)
(RDMA_READ_CONSUME_CHECK_CONSUMER) timestamp=2399 ms, used_size=11534336 bytes (28.2%)
(RDMA_READ_CONSUME_CHECK_CONSUMER) timestamp=2399 ms, used_size=11532288 bytes (28.2%)
(RDMA_READ_CONSUME_CHECK_CONSUMER) timestamp=2399 ms, used_size=11530240 bytes (28.1%)
(RDMA_READ_CONSUME_CHECK_CONSUMER) timestamp=2399 ms, used_size=11528192 bytes (28.1%)
(RDMA_READ_CONSUME_CHECK_CONSUMER) timestamp=2399 ms, used_size=11526144 bytes (28.1%)
(RDMA_READ_CONSUME_CHECK_CONSUMER) timestamp=2399 ms, used_size=11524096 bytes (28.1%)
(RDMA_READ_CONSUME_CHECK_CONSUMER) timestamp=2399 ms, used_size=11522048 bytes (28.1%)
(RDMA_READ_CONSUME_CHECK_CONSUMER) timestamp=2399 ms, used_size=11520000 bytes (28.1%)
(RDMA_READ_CONSUME_CHECK_CONSUMER) timestamp=2399 ms, used_size=11517952 bytes (28.1%)
(RDMA_READ_CONSUME_CHECK_CONSUMER) timestamp=2399 ms, used_size=11515904 bytes (28.1%)
(RDMA_READ_CONSUME_CHECK_CONSUMER) timestamp=2399 ms, used_size=11513856 bytes (28.1%)
(RDMA_READ_CONSUME_CHECK_CONSUMER) timestamp=2399 ms, used_size=11511808 bytes (28.1%)
(RDMA_READ_CONSUME_CHECK_CONSUMER) timestamp=2399 ms, used_size=11509760 bytes (28.1%)
(RDMA_READ_CONSUME_CHECK_CONSUMER) timestamp=2399 ms, used_size=11507712 bytes (28.1%)
(RDMA_READ_CONSUME_CHECK_CONSUMER) timestamp=2399 ms, used_size=11505664 bytes (28.1%)
(RDMA_READ_CONSUME_CHECK_CONSUMER) timestamp=2399 ms, used_size=11503616 bytes (28.1%)
(RDMA_READ_CONSUME_CHECK_CONSUMER) timestamp=2399 ms, used_size=11501568 bytes (28.1%)
(RDMA_READ_CONSUME_CHECK_CONSUMER) timestamp=2399 ms, used_size=11499520 bytes (28.1%)
(RDMA_READ_CONSUME_CHECK_CONSUMER) timestamp=2399 ms, used_size=11497472 bytes (28.1%)
(RDMA_READ_CONSUME_CHECK_CONSUMER) timestamp=2399 ms, used_size=11495424 bytes (28.1%)
(RDMA_READ_CONSUME_CHECK_CONSUMER) timestamp=2399 ms, used_size=11493376 bytes (28.1%)
(RDMA_READ_CONSUME_CHECK_CONSUMER) timestamp=2399 ms, used_size=11491328 bytes (28.1%)
(RDMA_READ_CONSUME_CHECK_CONSUMER) timestamp=2399 ms, used_size=11489280 bytes (28.1%)
(RDMA_READ_CONSUME_CHECK_CONSUMER) timestamp=2399 ms, used_size=11487232 bytes (28.0%)
(RDMA_READ_CONSUME_CHECK_CONSUMER) timestamp=2399 ms, used_size=11485184 bytes (28.0%)
(RDMA_READ_CONSUME_CHECK_CONSUMER) timestamp=2399 ms, used_size=11483136 bytes (28.0%)
(RDMA_READ_CONSUME_CHECK_CONSUMER) timestamp=2399 ms, used_size=11481088 bytes (28.0%)
(RDMA_READ_CONSUME_CHECK_CONSUMER) timestamp=2399 ms, used_size=11479040 bytes (28.0%)
(RDMA_READ_CONSUME_CHECK_CONSUMER) timestamp=2399 ms, used_size=11476992 bytes (28.0%)
(RDMA_READ_CONSUME_CHECK_CONSUMER) timestamp=2399 ms, used_size=11474944 bytes (28.0%)
(RDMA_READ_CONSUME_CHECK_CONSUMER) timestamp=2399 ms, used_size=11472896 bytes (28.0%)
(RDMA_READ_CONSUME_CHECK_CONSUMER) timestamp=2399 ms, used_size=11470848 bytes (28.0%)
(RDMA_READ_CONSUME_CHECK_CONSUMER) timestamp=2399 ms, used_size=11468800 bytes (28.0%)
(RDMA_READ_CONSUME_CHECK_CONSUMER) timestamp=2399 ms, used_size=11466752 bytes (28.0%)
(RDMA_READ_CONSUME_CHECK_CONSUMER) timestamp=2399 ms, used_size=11464704 bytes (28.0%)
(RDMA_READ_CONSUME_CHECK_CONSUMER) timestamp=2399 ms, used_size=11462656 bytes (28.0%)
(RDMA_READ_CONSUME_CHECK_CONSUMER) timestamp=2399 ms, used_size=11460608 bytes (28.0%)
(RDMA_READ_CONSUME_CHECK_CONSUMER) timestamp=2399 ms, used_size=11458560 bytes (28.0%)
(RDMA_READ_CONSUME_CHECK_CONSUMER) timestamp=2399 ms, used_size=11456512 bytes (28.0%)
(RDMA_READ_CONSUME_CHECK_CONSUMER) timestamp=2399 ms, used_size=11454464 bytes (28.0%)
(RDMA_READ_CONSUME_CHECK_CONSUMER) timestamp=2399 ms, used_size=11452416 bytes (28.0%)
(RDMA_READ_CONSUME_CHECK_CONSUMER) timestamp=2399 ms, used_size=11450368 bytes (28.0%)
(RDMA_READ_CONSUME_CHECK_CONSUMER) timestamp=2399 ms, used_size=11448320 bytes (27.9%)
(RDMA_READ_CONSUME_CHECK_CONSUMER) timestamp=2399 ms, used_size=11446272 bytes (27.9%)
(RDMA_READ_CONSUME_CHECK_CONSUMER) timestamp=2399 ms, used_size=11444224 bytes (27.9%)
(RDMA_READ_CONSUME_CHECK_CONSUMER) timestamp=2399 ms, used_size=11442176 bytes (27.9%)
(RDMA_READ_CONSUME_CHECK_CONSUMER) timestamp=2399 ms, used_size=11440128 bytes (27.9%)
(RDMA_READ_CONSUME_CHECK_CONSUMER) timestamp=2399 ms, used_size=11438080 bytes (27.9%)
(RDMA_READ_CONSUME_CHECK_CONSUMER) timestamp=2399 ms, used_size=11436032 bytes (27.9%)
(RDMA_READ_CONSUME_CHECK_CONSUMER) timestamp=2400 ms, used_size=11433984 bytes (27.9%)
(RDMA_READ_CONSUME_CHECK_CONSUMER) timestamp=2400 ms, used_size=11431936 bytes (27.9%)
(RDMA_READ_CONSUME_CHECK_CONSUMER) timestamp=2400 ms, used_size=11429888 bytes (27.9%)
(RDMA_READ_CONSUME_CHECK_CONSUMER) timestamp=2400 ms, used_size=11427840 bytes (27.9%)
(RDMA_READ_CONSUME_CHECK_CONSUMER) timestamp=2400 ms, used_size=11425792 bytes (27.9%)
(RDMA_READ_CONSUME_CHECK_CONSUMER) timestamp=2400 ms, used_size=11423744 bytes (27.9%)
(RDMA_READ_CONSUME_CHECK_CONSUMER) timestamp=2400 ms, used_size=11421696 bytes (27.9%)
(RDMA_READ_CONSUME_CHECK_CONSUMER) timestamp=2400 ms, used_size=11419648 bytes (27.9%)
(RDMA_READ_CONSUME_CHECK_CONSUMER) timestamp=2400 ms, used_size=11417600 bytes (27.9%)
(RDMA_READ_CONSUME_CHECK_CONSUMER) timestamp=2400 ms, used_size=11415552 bytes (27.9%)
(RDMA_READ_CONSUME_CHECK_CONSUMER) timestamp=2400 ms, used_size=11413504 bytes (27.9%)
(RDMA_READ_CONSUME_CHECK_CONSUMER) timestamp=2400 ms, used_size=11411456 bytes (27.9%)
(RDMA_READ_CONSUME_CHECK_CONSUMER) timestamp=2400 ms, used_size=11409408 bytes (27.9%)
(RDMA_READ_CONSUME_CHECK_CONSUMER) timestamp=2400 ms, used_size=11407360 bytes (27.9%)
(RDMA_READ_CONSUME_CHECK_CONSUMER) timestamp=2400 ms, used_size=11405312 bytes (27.8%)
(RDMA_READ_CONSUME_CHECK_CONSUMER) timestamp=2400 ms, used_size=11403264 bytes (27.8%)
(RDMA_READ_CONSUME_CHECK_CONSUMER) timestamp=2400 ms, used_size=11401216 bytes (27.8%)
(RDMA_READ_CONSUME_CHECK_CONSUMER) timestamp=2400 ms, used_size=11399168 bytes (27.8%)
(RDMA_READ_CONSUME_CHECK_CONSUMER) timestamp=2400 ms, used_size=11397120 bytes (27.8%)
(RDMA_READ_CONSUME_CHECK_CONSUMER) timestamp=2400 ms, used_size=11395072 bytes (27.8%)
(RDMA_READ_CONSUME_CHECK_CONSUMER) timestamp=2400 ms, used_size=11393024 bytes (27.8%)
(RDMA_READ_CONSUME_CHECK_CONSUMER) timestamp=2400 ms, used_size=11390976 bytes (27.8%)
(RDMA_READ_CONSUME_CHECK_CONSUMER) timestamp=2400 ms, used_size=11388928 bytes (27.8%)
(RDMA_READ_CONSUME_CHECK_CONSUMER) timestamp=2400 ms, used_size=11386880 bytes (27.8%)
(RDMA_READ_CONSUME_CHECK_CONSUMER) timestamp=2400 ms, used_size=11384832 bytes (27.8%)
(RDMA_READ_CONSUME_CHECK_CONSUMER) timestamp=2400 ms, used_size=11382784 bytes (27.8%)
(RDMA_READ_CONSUME_CHECK_CONSUMER) timestamp=2400 ms, used_size=11380736 bytes (27.8%)
(RDMA_READ_CONSUME_CHECK_CONSUMER) timestamp=2400 ms, used_size=11378688 bytes (27.8%)
(RDMA_READ_CONSUME_CHECK_CONSUMER) timestamp=2400 ms, used_size=11376640 bytes (27.8%)
(RDMA_READ_CONSUME_CHECK_CONSUMER) timestamp=2400 ms, used_size=11374592 bytes (27.8%)
(RDMA_READ_CONSUME_CHECK_CONSUMER) timestamp=2400 ms, used_size=11372544 bytes (27.8%)
(RDMA_READ_CONSUME_CHECK_CONSUMER) timestamp=2400 ms, used_size=11370496 bytes (27.8%)
(RDMA_READ_CONSUME_CHECK_CONSUMER) timestamp=2400 ms, used_size=11368448 bytes (27.8%)
(RDMA_READ_CONSUME_CHECK_CONSUMER) timestamp=2400 ms, used_size=11366400 bytes (27.8%)
(RDMA_READ_CONSUME_CHECK_CONSUMER) timestamp=2400 ms, used_size=11364352 bytes (27.7%)
(RDMA_READ_CONSUME_CHECK_CONSUMER) timestamp=2400 ms, used_size=11362304 bytes (27.7%)
(RDMA_READ_CONSUME_CHECK_CONSUMER) timestamp=2400 ms, used_size=11360256 bytes (27.7%)
(RDMA_READ_CONSUME_CHECK_CONSUMER) timestamp=2400 ms, used_size=11358208 bytes (27.7%)
(RDMA_READ_CONSUME_CHECK_CONSUMER) timestamp=2400 ms, used_size=11356160 bytes (27.7%)
(RDMA_READ_CONSUME_CHECK_CONSUMER) timestamp=2400 ms, used_size=11354112 bytes (27.7%)
(RDMA_READ_CONSUME_CHECK_CONSUMER) timestamp=2400 ms, used_size=11352064 bytes (27.7%)
(RDMA_READ_CONSUME_CHECK_CONSUMER) timestamp=2400 ms, used_size=11350016 bytes (27.7%)
(RDMA_READ_CONSUME_CHECK_CONSUMER) timestamp=2400 ms, used_size=11347968 bytes (27.7%)
(RDMA_READ_CONSUME_CHECK_CONSUMER) timestamp=2400 ms, used_size=11345920 bytes (27.7%)
(RDMA_READ_CONSUME_CHECK_CONSUMER) timestamp=2400 ms, used_size=11343872 bytes (27.7%)
(RDMA_READ_CONSUME_CHECK_CONSUMER) timestamp=2400 ms, used_size=11341824 bytes (27.7%)
(RDMA_READ_CONSUME_CHECK_CONSUMER) timestamp=2400 ms, used_size=11339776 bytes (27.7%)
(RDMA_READ_CONSUME_CHECK_CONSUMER) timestamp=2400 ms, used_size=11337728 bytes (27.7%)
(RDMA_READ_CONSUME_CHECK_CONSUMER) timestamp=2400 ms, used_size=11335680 bytes (27.7%)
(RDMA_READ_CONSUME_CHECK_CONSUMER) timestamp=2400 ms, used_size=11333632 bytes (27.7%)
(RDMA_READ_CONSUME_CHECK_CONSUMER) timestamp=2400 ms, used_size=11331584 bytes (27.7%)
(RDMA_READ_CONSUME_CHECK_CONSUMER) timestamp=2400 ms, used_size=11329536 bytes (27.7%)
(RDMA_READ_CONSUME_CHECK_CONSUMER) timestamp=2400 ms, used_size=11327488 bytes (27.7%)
(RDMA_READ_CONSUME_CHECK_CONSUMER) timestamp=2400 ms, used_size=11325440 bytes (27.6%)
(RDMA_READ_CONSUME_CHECK_CONSUMER) timestamp=2400 ms, used_size=11323392 bytes (27.6%)
(RDMA_READ_CONSUME_CHECK_CONSUMER) timestamp=2400 ms, used_size=11321344 bytes (27.6%)
(RDMA_READ_CONSUME_CHECK_CONSUMER) timestamp=2400 ms, used_size=11319296 bytes (27.6%)
(RDMA_READ_CONSUME_CHECK_CONSUMER) timestamp=2400 ms, used_size=11317248 bytes (27.6%)
(RDMA_READ_CONSUME_CHECK_CONSUMER) timestamp=2400 ms, used_size=11315200 bytes (27.6%)
(RDMA_READ_CONSUME_CHECK_CONSUMER) timestamp=2400 ms, used_size=11313152 bytes (27.6%)
(RDMA_READ_CONSUME_CHECK_CONSUMER) timestamp=2400 ms, used_size=11311104 bytes (27.6%)
(RDMA_READ_CONSUME_CHECK_CONSUMER) timestamp=2400 ms, used_size=11309056 bytes (27.6%)
(RDMA_READ_CONSUME_CHECK_CONSUMER) timestamp=2400 ms, used_size=11307008 bytes (27.6%)
(RDMA_READ_CONSUME_CHECK_CONSUMER) timestamp=2400 ms, used_size=11304960 bytes (27.6%)
(RDMA_READ_CONSUME_CHECK_CONSUMER) timestamp=2400 ms, used_size=11302912 bytes (27.6%)
(RDMA_READ_CONSUME_CHECK_CONSUMER) timestamp=2400 ms, used_size=11300864 bytes (27.6%)
(RDMA_READ_CONSUME_CHECK_CONSUMER) timestamp=2400 ms, used_size=11298816 bytes (27.6%)
(RDMA_READ_CONSUME_CHECK_CONSUMER) timestamp=2400 ms, used_size=11296768 bytes (27.6%)
(RDMA_READ_CONSUME_CHECK_CONSUMER) timestamp=2400 ms, used_size=11294720 bytes (27.6%)
(RDMA_READ_CONSUME_CHECK_CONSUMER) timestamp=2400 ms, used_size=11292672 bytes (27.6%)
(RDMA_READ_CONSUME_CHECK_CONSUMER) timestamp=2400 ms, used_size=11290624 bytes (27.6%)
(RDMA_READ_CONSUME_CHECK_CONSUMER) timestamp=2400 ms, used_size=11288576 bytes (27.6%)
(RDMA_READ_CONSUME_CHECK_CONSUMER) timestamp=2400 ms, used_size=11286528 bytes (27.6%)
(RDMA_READ_CONSUME_CHECK_CONSUMER) timestamp=2400 ms, used_size=11284480 bytes (27.6%)
(RDMA_READ_CONSUME_CHECK_CONSUMER) timestamp=2400 ms, used_size=11282432 bytes (27.5%)
(RDMA_READ_CONSUME_CHECK_CONSUMER) timestamp=2400 ms, used_size=11280384 bytes (27.5%)
(RDMA_READ_CONSUME_CHECK_CONSUMER) timestamp=2400 ms, used_size=11278336 bytes (27.5%)
(RDMA_READ_CONSUME_CHECK_CONSUMER) timestamp=2400 ms, used_size=11276288 bytes (27.5%)
(RDMA_READ_CONSUME_CHECK_CONSUMER) timestamp=2400 ms, used_size=11274240 bytes (27.5%)
(RDMA_READ_CONSUME_CHECK_CONSUMER) timestamp=2400 ms, used_size=11272192 bytes (27.5%)
(RDMA_READ_CONSUME_CHECK_CONSUMER) timestamp=2400 ms, used_size=11270144 bytes (27.5%)
(RDMA_READ_CONSUME_CHECK_CONSUMER) timestamp=2400 ms, used_size=11268096 bytes (27.5%)
(RDMA_READ_CONSUME_CHECK_CONSUMER) timestamp=2400 ms, used_size=11266048 bytes (27.5%)
(RDMA_READ_CONSUME_CHECK_CONSUMER) timestamp=2400 ms, used_size=11264000 bytes (27.5%)
(RDMA_READ_CONSUME_CHECK_CONSUMER) timestamp=2400 ms, used_size=11261952 bytes (27.5%)
(RDMA_READ_CONSUME_CHECK_CONSUMER) timestamp=2400 ms, used_size=11259904 bytes (27.5%)
(RDMA_READ_CONSUME_CHECK_CONSUMER) timestamp=2400 ms, used_size=11257856 bytes (27.5%)
(RDMA_READ_CONSUME_CHECK_CONSUMER) timestamp=2400 ms, used_size=11255808 bytes (27.5%)
(RDMA_READ_CONSUME_CHECK_CONSUMER) timestamp=2400 ms, used_size=11253760 bytes (27.5%)
(RDMA_READ_CONSUME_CHECK_CONSUMER) timestamp=2400 ms, used_size=11251712 bytes (27.5%)
(RDMA_READ_CONSUME_CHECK_CONSUMER) timestamp=2400 ms, used_size=11249664 bytes (27.5%)
(RDMA_READ_CONSUME_CHECK_CONSUMER) timestamp=2400 ms, used_size=11247616 bytes (27.5%)
(RDMA_READ_CONSUME_CHECK_CONSUMER) timestamp=2400 ms, used_size=11245568 bytes (27.5%)
(RDMA_READ_CONSUME_CHECK_CONSUMER) timestamp=2400 ms, used_size=11243520 bytes (27.4%)
(RDMA_READ_CONSUME_CHECK_CONSUMER) timestamp=2400 ms, used_size=11241472 bytes (27.4%)
(RDMA_READ_CONSUME_CHECK_CONSUMER) timestamp=2400 ms, used_size=11239424 bytes (27.4%)
(RDMA_READ_CONSUME_CHECK_CONSUMER) timestamp=2400 ms, used_size=11237376 bytes (27.4%)
(RDMA_READ_CONSUME_CHECK_CONSUMER) timestamp=2400 ms, used_size=11235328 bytes (27.4%)
(RDMA_READ_CONSUME_CHECK_CONSUMER) timestamp=2400 ms, used_size=11233280 bytes (27.4%)
(RDMA_READ_CONSUME_CHECK_CONSUMER) timestamp=2400 ms, used_size=11231232 bytes (27.4%)
(RDMA_READ_CONSUME_CHECK_CONSUMER) timestamp=2400 ms, used_size=11229184 bytes (27.4%)
(RDMA_READ_CONSUME_CHECK_CONSUMER) timestamp=2400 ms, used_size=11227136 bytes (27.4%)
(RDMA_READ_CONSUME_CHECK_CONSUMER) timestamp=2400 ms, used_size=11225088 bytes (27.4%)
(RDMA_READ_CONSUME_CHECK_CONSUMER) timestamp=2400 ms, used_size=11223040 bytes (27.4%)
(RDMA_READ_CONSUME_CHECK_CONSUMER) timestamp=2400 ms, used_size=11220992 bytes (27.4%)
(RDMA_READ_CONSUME_CHECK_CONSUMER) timestamp=2400 ms, used_size=11218944 bytes (27.4%)
(RDMA_READ_CONSUME_CHECK_CONSUMER) timestamp=2400 ms, used_size=11216896 bytes (27.4%)
(RDMA_READ_CONSUME_CHECK_CONSUMER) timestamp=2400 ms, used_size=11214848 bytes (27.4%)
(RDMA_READ_CONSUME_CHECK_CONSUMER) timestamp=2400 ms, used_size=11212800 bytes (27.4%)
(RDMA_READ_CONSUME_CHECK_CONSUMER) timestamp=2400 ms, used_size=11210752 bytes (27.4%)
(RDMA_READ_CONSUME_CHECK_CONSUMER) timestamp=2400 ms, used_size=11208704 bytes (27.4%)
(RDMA_READ_CONSUME_CHECK_CONSUMER) timestamp=2400 ms, used_size=11206656 bytes (27.4%)
(RDMA_READ_CONSUME_CHECK_CONSUMER) timestamp=2400 ms, used_size=11204608 bytes (27.4%)
(RDMA_READ_CONSUME_CHECK_CONSUMER) timestamp=2400 ms, used_size=11202560 bytes (27.4%)
(RDMA_READ_CONSUME_CHECK_CONSUMER) timestamp=2400 ms, used_size=11200512 bytes (27.3%)
(RDMA_READ_CONSUME_CHECK_CONSUMER) timestamp=2400 ms, used_size=11198464 bytes (27.3%)
(RDMA_READ_CONSUME_CHECK_CONSUMER) timestamp=2400 ms, used_size=11196416 bytes (27.3%)
(RDMA_READ_CONSUME_CHECK_CONSUMER) timestamp=2400 ms, used_size=11194368 bytes (27.3%)
(RDMA_READ_CONSUME_CHECK_CONSUMER) timestamp=2400 ms, used_size=11192320 bytes (27.3%)
(RDMA_READ_CONSUME_CHECK_CONSUMER) timestamp=2400 ms, used_size=11190272 bytes (27.3%)
(RDMA_READ_CONSUME_CHECK_CONSUMER) timestamp=2400 ms, used_size=11188224 bytes (27.3%)
(RDMA_READ_CONSUME_CHECK_CONSUMER) timestamp=2400 ms, used_size=11186176 bytes (27.3%)
(RDMA_READ_CONSUME_CHECK_CONSUMER) timestamp=2400 ms, used_size=11184128 bytes (27.3%)
(RDMA_READ_CONSUME_CHECK_CONSUMER) timestamp=2400 ms, used_size=11182080 bytes (27.3%)
(RDMA_READ_CONSUME_CHECK_CONSUMER) timestamp=2400 ms, used_size=11180032 bytes (27.3%)
(RDMA_READ_CONSUME_CHECK_CONSUMER) timestamp=2400 ms, used_size=11177984 bytes (27.3%)
(RDMA_READ_CONSUME_CHECK_CONSUMER) timestamp=2400 ms, used_size=11175936 bytes (27.3%)
(RDMA_READ_CONSUME_CHECK_CONSUMER) timestamp=2400 ms, used_size=11173888 bytes (27.3%)
(RDMA_READ_CONSUME_CHECK_CONSUMER) timestamp=2400 ms, used_size=11171840 bytes (27.3%)
(RDMA_READ_CONSUME_CHECK_CONSUMER) timestamp=2400 ms, used_size=11169792 bytes (27.3%)
(RDMA_READ_CONSUME_CHECK_CONSUMER) timestamp=2400 ms, used_size=11167744 bytes (27.3%)
(RDMA_READ_CONSUME_CHECK_CONSUMER) timestamp=2400 ms, used_size=11165696 bytes (27.3%)
(RDMA_READ_CONSUME_CHECK_CONSUMER) timestamp=2400 ms, used_size=11163648 bytes (27.3%)
(RDMA_READ_CONSUME_CHECK_CONSUMER) timestamp=2400 ms, used_size=11161600 bytes (27.2%)
(RDMA_READ_CONSUME_CHECK_CONSUMER) timestamp=2400 ms, used_size=11159552 bytes (27.2%)
(RDMA_READ_CONSUME_CHECK_CONSUMER) timestamp=2400 ms, used_size=11157504 bytes (27.2%)
(RDMA_READ_CONSUME_CHECK_CONSUMER) timestamp=2400 ms, used_size=11155456 bytes (27.2%)
(RDMA_READ_CONSUME_CHECK_CONSUMER) timestamp=2400 ms, used_size=11153408 bytes (27.2%)
(RDMA_READ_CONSUME_CHECK_CONSUMER) timestamp=2400 ms, used_size=11151360 bytes (27.2%)
(RDMA_READ_CONSUME_CHECK_CONSUMER) timestamp=2400 ms, used_size=11149312 bytes (27.2%)
(RDMA_READ_CONSUME_CHECK_CONSUMER) timestamp=2400 ms, used_size=11147264 bytes (27.2%)
(RDMA_READ_CONSUME_CHECK_CONSUMER) timestamp=2400 ms, used_size=11145216 bytes (27.2%)
(RDMA_READ_CONSUME_CHECK_CONSUMER) timestamp=2400 ms, used_size=11143168 bytes (27.2%)
(RDMA_READ_CONSUME_CHECK_CONSUMER) timestamp=2400 ms, used_size=11141120 bytes (27.2%)
(RDMA_READ_CONSUME_CHECK_CONSUMER) timestamp=2400 ms, used_size=11139072 bytes (27.2%)
(RDMA_READ_CONSUME_CHECK_CONSUMER) timestamp=2400 ms, used_size=11137024 bytes (27.2%)
(RDMA_READ_CONSUME_CHECK_CONSUMER) timestamp=2400 ms, used_size=11134976 bytes (27.2%)
(RDMA_READ_CONSUME_CHECK_CONSUMER) timestamp=2400 ms, used_size=11132928 bytes (27.2%)
(RDMA_READ_CONSUME_CHECK_CONSUMER) timestamp=2400 ms, used_size=11130880 bytes (27.2%)
(RDMA_READ_CONSUME_CHECK_CONSUMER) timestamp=2400 ms, used_size=11128832 bytes (27.2%)
(RDMA_READ_CONSUME_CHECK_CONSUMER) timestamp=2400 ms, used_size=11126784 bytes (27.2%)
(RDMA_READ_CONSUME_CHECK_CONSUMER) timestamp=2400 ms, used_size=11124736 bytes (27.2%)
(RDMA_READ_CONSUME_CHECK_CONSUMER) timestamp=2400 ms, used_size=11122688 bytes (27.2%)
(RDMA_READ_CONSUME_CHECK_CONSUMER) timestamp=2400 ms, used_size=11120640 bytes (27.1%)
(RDMA_READ_CONSUME_CHECK_CONSUMER) timestamp=2400 ms, used_size=11118592 bytes (27.1%)
(RDMA_READ_CONSUME_CHECK_CONSUMER) timestamp=2400 ms, used_size=11116544 bytes (27.1%)
(RDMA_READ_CONSUME_CHECK_CONSUMER) timestamp=2400 ms, used_size=11114496 bytes (27.1%)
(RDMA_READ_CONSUME_CHECK_CONSUMER) timestamp=2400 ms, used_size=11112448 bytes (27.1%)
(RDMA_READ_CONSUME_CHECK_CONSUMER) timestamp=2400 ms, used_size=11110400 bytes (27.1%)
(RDMA_READ_CONSUME_CHECK_CONSUMER) timestamp=2400 ms, used_size=11108352 bytes (27.1%)
(RDMA_READ_CONSUME_CHECK_CONSUMER) timestamp=2400 ms, used_size=11106304 bytes (27.1%)
(RDMA_READ_CONSUME_CHECK_CONSUMER) timestamp=2400 ms, used_size=11104256 bytes (27.1%)
(RDMA_READ_CONSUME_CHECK_CONSUMER) timestamp=2400 ms, used_size=11102208 bytes (27.1%)
(RDMA_READ_CONSUME_CHECK_CONSUMER) timestamp=2400 ms, used_size=11100160 bytes (27.1%)
(RDMA_READ_CONSUME_CHECK_CONSUMER) timestamp=2400 ms, used_size=11098112 bytes (27.1%)
(RDMA_READ_CONSUME_CHECK_CONSUMER) timestamp=2400 ms, used_size=11096064 bytes (27.1%)
(RDMA_READ_CONSUME_CHECK_CONSUMER) timestamp=2400 ms, used_size=11094016 bytes (27.1%)
(RDMA_READ_CONSUME_CHECK_CONSUMER) timestamp=2400 ms, used_size=11091968 bytes (27.1%)
(RDMA_READ_CONSUME_CHECK_CONSUMER) timestamp=2400 ms, used_size=11089920 bytes (27.1%)
(RDMA_READ_CONSUME_CHECK_CONSUMER) timestamp=2400 ms, used_size=11087872 bytes (27.1%)
(RDMA_READ_CONSUME_CHECK_CONSUMER) timestamp=2400 ms, used_size=11085824 bytes (27.1%)
(RDMA_READ_CONSUME_CHECK_CONSUMER) timestamp=2400 ms, used_size=11083776 bytes (27.1%)
(RDMA_READ_CONSUME_CHECK_CONSUMER) timestamp=2400 ms, used_size=11081728 bytes (27.1%)
(RDMA_READ_CONSUME_CHECK_CONSUMER) timestamp=2400 ms, used_size=11079680 bytes (27.1%)
(RDMA_READ_CONSUME_CHECK_CONSUMER) timestamp=2400 ms, used_size=11077632 bytes (27.0%)
(RDMA_READ_CONSUME_CHECK_CONSUMER) timestamp=2400 ms, used_size=11075584 bytes (27.0%)
(RDMA_READ_CONSUME_CHECK_CONSUMER) timestamp=2400 ms, used_size=11073536 bytes (27.0%)
(RDMA_READ_CONSUME_CHECK_CONSUMER) timestamp=2400 ms, used_size=11071488 bytes (27.0%)
(RDMA_READ_CONSUME_CHECK_CONSUMER) timestamp=2400 ms, used_size=11069440 bytes (27.0%)
(RDMA_READ_CONSUME_CHECK_CONSUMER) timestamp=2400 ms, used_size=11067392 bytes (27.0%)
(RDMA_READ_CONSUME_CHECK_CONSUMER) timestamp=2401 ms, used_size=11065344 bytes (27.0%)
(RDMA_READ_CONSUME_CHECK_CONSUMER) timestamp=2401 ms, used_size=11063296 bytes (27.0%)
(RDMA_READ_CONSUME_CHECK_CONSUMER) timestamp=2401 ms, used_size=11061248 bytes (27.0%)
(RDMA_READ_CONSUME_CHECK_CONSUMER) timestamp=2401 ms, used_size=11059200 bytes (27.0%)
(RDMA_READ_CONSUME_CHECK_CONSUMER) timestamp=2401 ms, used_size=11057152 bytes (27.0%)
(RDMA_READ_CONSUME_CHECK_CONSUMER) timestamp=2401 ms, used_size=11055104 bytes (27.0%)
(RDMA_READ_CONSUME_CHECK_CONSUMER) timestamp=2401 ms, used_size=11053056 bytes (27.0%)
(RDMA_READ_CONSUME_CHECK_CONSUMER) timestamp=2401 ms, used_size=11051008 bytes (27.0%)
(RDMA_READ_CONSUME_CHECK_CONSUMER) timestamp=2401 ms, used_size=11048960 bytes (27.0%)
(RDMA_READ_CONSUME_CHECK_CONSUMER) timestamp=2401 ms, used_size=11046912 bytes (27.0%)
(RDMA_READ_CONSUME_CHECK_CONSUMER) timestamp=2401 ms, used_size=11044864 bytes (27.0%)
(RDMA_READ_CONSUME_CHECK_CONSUMER) timestamp=2401 ms, used_size=11042816 bytes (27.0%)
(RDMA_READ_CONSUME_CHECK_CONSUMER) timestamp=2401 ms, used_size=11040768 bytes (27.0%)
(RDMA_READ_CONSUME_CHECK_CONSUMER) timestamp=2401 ms, used_size=11038720 bytes (26.9%)
(RDMA_READ_CONSUME_CHECK_CONSUMER) timestamp=2401 ms, used_size=11036672 bytes (26.9%)
(RDMA_READ_CONSUME_CHECK_CONSUMER) timestamp=2401 ms, used_size=11034624 bytes (26.9%)
(RDMA_READ_CONSUME_CHECK_CONSUMER) timestamp=2401 ms, used_size=11032576 bytes (26.9%)
(RDMA_READ_CONSUME_CHECK_CONSUMER) timestamp=2401 ms, used_size=11030528 bytes (26.9%)
(RDMA_READ_CONSUME_CHECK_CONSUMER) timestamp=2401 ms, used_size=11028480 bytes (26.9%)
(RDMA_READ_CONSUME_CHECK_CONSUMER) timestamp=2401 ms, used_size=11026432 bytes (26.9%)
(RDMA_READ_CONSUME_CHECK_CONSUMER) timestamp=2401 ms, used_size=11024384 bytes (26.9%)
(RDMA_READ_CONSUME_CHECK_CONSUMER) timestamp=2401 ms, used_size=11022336 bytes (26.9%)
(RDMA_READ_CONSUME_CHECK_CONSUMER) timestamp=2401 ms, used_size=11020288 bytes (26.9%)
(RDMA_READ_CONSUME_CHECK_CONSUMER) timestamp=2401 ms, used_size=11018240 bytes (26.9%)
(RDMA_READ_CONSUME_CHECK_CONSUMER) timestamp=2401 ms, used_size=11016192 bytes (26.9%)
(RDMA_READ_CONSUME_CHECK_CONSUMER) timestamp=2401 ms, used_size=11014144 bytes (26.9%)
(RDMA_READ_CONSUME_CHECK_CONSUMER) timestamp=2401 ms, used_size=11012096 bytes (26.9%)
(RDMA_READ_CONSUME_CHECK_CONSUMER) timestamp=2401 ms, used_size=11010048 bytes (26.9%)
(RDMA_READ_CONSUME_CHECK_CONSUMER) timestamp=2401 ms, used_size=11008000 bytes (26.9%)
(RDMA_READ_CONSUME_CHECK_CONSUMER) timestamp=2401 ms, used_size=11005952 bytes (26.9%)
(RDMA_READ_CONSUME_CHECK_CONSUMER) timestamp=2401 ms, used_size=11003904 bytes (26.9%)
(RDMA_READ_CONSUME_CHECK_CONSUMER) timestamp=2401 ms, used_size=11001856 bytes (26.9%)
(RDMA_READ_CONSUME_CHECK_CONSUMER) timestamp=2401 ms, used_size=10999808 bytes (26.9%)
(RDMA_READ_CONSUME_CHECK_CONSUMER) timestamp=2401 ms, used_size=10997760 bytes (26.9%)
(RDMA_READ_CONSUME_CHECK_CONSUMER) timestamp=2401 ms, used_size=10995712 bytes (26.8%)
(RDMA_READ_CONSUME_CHECK_CONSUMER) timestamp=2401 ms, used_size=10993664 bytes (26.8%)
(RDMA_READ_CONSUME_CHECK_CONSUMER) timestamp=2401 ms, used_size=10991616 bytes (26.8%)
(RDMA_READ_CONSUME_CHECK_CONSUMER) timestamp=2401 ms, used_size=10989568 bytes (26.8%)
(RDMA_READ_CONSUME_CHECK_CONSUMER) timestamp=2401 ms, used_size=10987520 bytes (26.8%)
(RDMA_READ_CONSUME_CHECK_CONSUMER) timestamp=2401 ms, used_size=10985472 bytes (26.8%)
(RDMA_READ_CONSUME_CHECK_CONSUMER) timestamp=2401 ms, used_size=10983424 bytes (26.8%)
(RDMA_READ_CONSUME_CHECK_CONSUMER) timestamp=2401 ms, used_size=10981376 bytes (26.8%)
(RDMA_READ_CONSUME_CHECK_CONSUMER) timestamp=2401 ms, used_size=10979328 bytes (26.8%)
(RDMA_READ_CONSUME_CHECK_CONSUMER) timestamp=2401 ms, used_size=10977280 bytes (26.8%)
(RDMA_READ_CONSUME_CHECK_CONSUMER) timestamp=2401 ms, used_size=10975232 bytes (26.8%)
(RDMA_READ_CONSUME_CHECK_CONSUMER) timestamp=2401 ms, used_size=10973184 bytes (26.8%)
(RDMA_READ_CONSUME_CHECK_CONSUMER) timestamp=2401 ms, used_size=10971136 bytes (26.8%)
(RDMA_READ_CONSUME_CHECK_CONSUMER) timestamp=2401 ms, used_size=10969088 bytes (26.8%)
(RDMA_READ_CONSUME_CHECK_CONSUMER) timestamp=2401 ms, used_size=10967040 bytes (26.8%)
(RDMA_READ_CONSUME_CHECK_CONSUMER) timestamp=2401 ms, used_size=10964992 bytes (26.8%)
(RDMA_READ_CONSUME_CHECK_CONSUMER) timestamp=2401 ms, used_size=10962944 bytes (26.8%)
(RDMA_READ_CONSUME_CHECK_CONSUMER) timestamp=2401 ms, used_size=10960896 bytes (26.8%)
(RDMA_READ_CONSUME_CHECK_CONSUMER) timestamp=2401 ms, used_size=10958848 bytes (26.8%)
(RDMA_READ_CONSUME_CHECK_CONSUMER) timestamp=2401 ms, used_size=10956800 bytes (26.8%)
(RDMA_READ_CONSUME_CHECK_CONSUMER) timestamp=2401 ms, used_size=10954752 bytes (26.7%)
(RDMA_READ_CONSUME_CHECK_CONSUMER) timestamp=2401 ms, used_size=10952704 bytes (26.7%)
(RDMA_READ_CONSUME_CHECK_CONSUMER) timestamp=2401 ms, used_size=10950656 bytes (26.7%)
(RDMA_READ_CONSUME_CHECK_CONSUMER) timestamp=2401 ms, used_size=10948608 bytes (26.7%)
(RDMA_READ_CONSUME_CHECK_CONSUMER) timestamp=2401 ms, used_size=10946560 bytes (26.7%)
(RDMA_READ_CONSUME_CHECK_CONSUMER) timestamp=2401 ms, used_size=10944512 bytes (26.7%)
(RDMA_READ_CONSUME_CHECK_CONSUMER) timestamp=2401 ms, used_size=10942464 bytes (26.7%)
(RDMA_READ_CONSUME_CHECK_CONSUMER) timestamp=2401 ms, used_size=10940416 bytes (26.7%)
(RDMA_READ_CONSUME_CHECK_CONSUMER) timestamp=2401 ms, used_size=10938368 bytes (26.7%)
(RDMA_READ_CONSUME_CHECK_CONSUMER) timestamp=2401 ms, used_size=10936320 bytes (26.7%)
(RDMA_READ_CONSUME_CHECK_CONSUMER) timestamp=2401 ms, used_size=10934272 bytes (26.7%)
(RDMA_READ_CONSUME_CHECK_CONSUMER) timestamp=2401 ms, used_size=10932224 bytes (26.7%)
(RDMA_READ_CONSUME_CHECK_CONSUMER) timestamp=2401 ms, used_size=10930176 bytes (26.7%)
(RDMA_READ_CONSUME_CHECK_CONSUMER) timestamp=2401 ms, used_size=10928128 bytes (26.7%)
(RDMA_READ_CONSUME_CHECK_CONSUMER) timestamp=2401 ms, used_size=10926080 bytes (26.7%)
(RDMA_READ_CONSUME_CHECK_CONSUMER) timestamp=2401 ms, used_size=10924032 bytes (26.7%)
(RDMA_READ_CONSUME_CHECK_CONSUMER) timestamp=2401 ms, used_size=10921984 bytes (26.7%)
(RDMA_READ_CONSUME_CHECK_CONSUMER) timestamp=2401 ms, used_size=10919936 bytes (26.7%)
(RDMA_READ_CONSUME_CHECK_CONSUMER) timestamp=2401 ms, used_size=10917888 bytes (26.7%)
(RDMA_READ_CONSUME_CHECK_CONSUMER) timestamp=2401 ms, used_size=10915840 bytes (26.6%)
(RDMA_READ_CONSUME_CHECK_CONSUMER) timestamp=2401 ms, used_size=10913792 bytes (26.6%)
(RDMA_READ_CONSUME_CHECK_CONSUMER) timestamp=2401 ms, used_size=10911744 bytes (26.6%)
(RDMA_READ_CONSUME_CHECK_CONSUMER) timestamp=2401 ms, used_size=10909696 bytes (26.6%)
(RDMA_READ_CONSUME_CHECK_CONSUMER) timestamp=2401 ms, used_size=10907648 bytes (26.6%)
(RDMA_READ_CONSUME_CHECK_CONSUMER) timestamp=2401 ms, used_size=10905600 bytes (26.6%)
(RDMA_READ_CONSUME_CHECK_CONSUMER) timestamp=2401 ms, used_size=10903552 bytes (26.6%)
(RDMA_READ_CONSUME_CHECK_CONSUMER) timestamp=2401 ms, used_size=10901504 bytes (26.6%)
(RDMA_READ_CONSUME_CHECK_CONSUMER) timestamp=2401 ms, used_size=10899456 bytes (26.6%)
(RDMA_READ_CONSUME_CHECK_CONSUMER) timestamp=2401 ms, used_size=10897408 bytes (26.6%)
(RDMA_READ_CONSUME_CHECK_CONSUMER) timestamp=2401 ms, used_size=10895360 bytes (26.6%)
(RDMA_READ_CONSUME_CHECK_CONSUMER) timestamp=2401 ms, used_size=10893312 bytes (26.6%)
(RDMA_READ_CONSUME_CHECK_CONSUMER) timestamp=2401 ms, used_size=10891264 bytes (26.6%)
(RDMA_READ_CONSUME_CHECK_CONSUMER) timestamp=2401 ms, used_size=10889216 bytes (26.6%)
(RDMA_READ_CONSUME_CHECK_CONSUMER) timestamp=2401 ms, used_size=10887168 bytes (26.6%)
(RDMA_READ_CONSUME_CHECK_CONSUMER) timestamp=2401 ms, used_size=10885120 bytes (26.6%)
(RDMA_READ_CONSUME_CHECK_CONSUMER) timestamp=2401 ms, used_size=10883072 bytes (26.6%)
(RDMA_READ_CONSUME_CHECK_CONSUMER) timestamp=2401 ms, used_size=10881024 bytes (26.6%)
(RDMA_READ_CONSUME_CHECK_CONSUMER) timestamp=2401 ms, used_size=10878976 bytes (26.6%)
(RDMA_READ_CONSUME_CHECK_CONSUMER) timestamp=2401 ms, used_size=10876928 bytes (26.6%)
(RDMA_READ_CONSUME_CHECK_CONSUMER) timestamp=2401 ms, used_size=10874880 bytes (26.6%)
(RDMA_READ_CONSUME_CHECK_CONSUMER) timestamp=2401 ms, used_size=10872832 bytes (26.5%)
(RDMA_READ_CONSUME_CHECK_CONSUMER) timestamp=2401 ms, used_size=10870784 bytes (26.5%)
(RDMA_READ_CONSUME_CHECK_CONSUMER) timestamp=2401 ms, used_size=10868736 bytes (26.5%)
(RDMA_READ_CONSUME_CHECK_CONSUMER) timestamp=2401 ms, used_size=10866688 bytes (26.5%)
(RDMA_READ_CONSUME_CHECK_CONSUMER) timestamp=2401 ms, used_size=10864640 bytes (26.5%)
(RDMA_READ_CONSUME_CHECK_CONSUMER) timestamp=2401 ms, used_size=10862592 bytes (26.5%)
(RDMA_READ_CONSUME_CHECK_CONSUMER) timestamp=2401 ms, used_size=10860544 bytes (26.5%)
(RDMA_READ_CONSUME_CHECK_CONSUMER) timestamp=2401 ms, used_size=10858496 bytes (26.5%)
(RDMA_READ_CONSUME_CHECK_CONSUMER) timestamp=2401 ms, used_size=10856448 bytes (26.5%)
(RDMA_READ_CONSUME_CHECK_CONSUMER) timestamp=2401 ms, used_size=10854400 bytes (26.5%)
(RDMA_READ_CONSUME_CHECK_CONSUMER) timestamp=2401 ms, used_size=10852352 bytes (26.5%)
(RDMA_READ_CONSUME_CHECK_CONSUMER) timestamp=2401 ms, used_size=10850304 bytes (26.5%)
(RDMA_READ_CONSUME_CHECK_CONSUMER) timestamp=2401 ms, used_size=10848256 bytes (26.5%)
(RDMA_READ_CONSUME_CHECK_CONSUMER) timestamp=2401 ms, used_size=10846208 bytes (26.5%)
(RDMA_READ_CONSUME_CHECK_CONSUMER) timestamp=2401 ms, used_size=10844160 bytes (26.5%)
(RDMA_READ_CONSUME_CHECK_CONSUMER) timestamp=2401 ms, used_size=10842112 bytes (26.5%)
(RDMA_READ_CONSUME_CHECK_CONSUMER) timestamp=2401 ms, used_size=10840064 bytes (26.5%)
(RDMA_READ_CONSUME_CHECK_CONSUMER) timestamp=2401 ms, used_size=10838016 bytes (26.5%)
(RDMA_READ_CONSUME_CHECK_CONSUMER) timestamp=2401 ms, used_size=10835968 bytes (26.5%)
(RDMA_READ_CONSUME_CHECK_CONSUMER) timestamp=2401 ms, used_size=10833920 bytes (26.4%)
(RDMA_READ_CONSUME_CHECK_CONSUMER) timestamp=2401 ms, used_size=10831872 bytes (26.4%)
(RDMA_READ_CONSUME_CHECK_CONSUMER) timestamp=2401 ms, used_size=10829824 bytes (26.4%)
(RDMA_READ_CONSUME_CHECK_CONSUMER) timestamp=2401 ms, used_size=10827776 bytes (26.4%)
(RDMA_READ_CONSUME_CHECK_CONSUMER) timestamp=2401 ms, used_size=10825728 bytes (26.4%)
(RDMA_READ_CONSUME_CHECK_CONSUMER) timestamp=2401 ms, used_size=10823680 bytes (26.4%)
(RDMA_READ_CONSUME_CHECK_CONSUMER) timestamp=2401 ms, used_size=10821632 bytes (26.4%)
(RDMA_READ_CONSUME_CHECK_CONSUMER) timestamp=2401 ms, used_size=10819584 bytes (26.4%)
(RDMA_READ_CONSUME_CHECK_CONSUMER) timestamp=2401 ms, used_size=10817536 bytes (26.4%)
(RDMA_READ_CONSUME_CHECK_CONSUMER) timestamp=2401 ms, used_size=10815488 bytes (26.4%)
(RDMA_READ_CONSUME_CHECK_CONSUMER) timestamp=2401 ms, used_size=10813440 bytes (26.4%)
(RDMA_READ_CONSUME_CHECK_CONSUMER) timestamp=2401 ms, used_size=10811392 bytes (26.4%)
(RDMA_READ_CONSUME_CHECK_CONSUMER) timestamp=2401 ms, used_size=10809344 bytes (26.4%)
(RDMA_READ_CONSUME_CHECK_CONSUMER) timestamp=2401 ms, used_size=10807296 bytes (26.4%)
(RDMA_READ_CONSUME_CHECK_CONSUMER) timestamp=2401 ms, used_size=10805248 bytes (26.4%)
(RDMA_READ_CONSUME_CHECK_CONSUMER) timestamp=2401 ms, used_size=10803200 bytes (26.4%)
(RDMA_READ_CONSUME_CHECK_CONSUMER) timestamp=2401 ms, used_size=10801152 bytes (26.4%)
(RDMA_READ_CONSUME_CHECK_CONSUMER) timestamp=2401 ms, used_size=10799104 bytes (26.4%)
(RDMA_READ_CONSUME_CHECK_CONSUMER) timestamp=2401 ms, used_size=10797056 bytes (26.4%)
(RDMA_READ_CONSUME_CHECK_CONSUMER) timestamp=2401 ms, used_size=10795008 bytes (26.4%)
(RDMA_READ_CONSUME_CHECK_CONSUMER) timestamp=2401 ms, used_size=10792960 bytes (26.4%)
(RDMA_READ_CONSUME_CHECK_CONSUMER) timestamp=2401 ms, used_size=10790912 bytes (26.3%)
(RDMA_READ_CONSUME_CHECK_CONSUMER) timestamp=2401 ms, used_size=10788864 bytes (26.3%)
(RDMA_READ_CONSUME_CHECK_CONSUMER) timestamp=2401 ms, used_size=10786816 bytes (26.3%)
(RDMA_READ_CONSUME_CHECK_CONSUMER) timestamp=2401 ms, used_size=10784768 bytes (26.3%)
(RDMA_READ_CONSUME_CHECK_CONSUMER) timestamp=2401 ms, used_size=10782720 bytes (26.3%)
(RDMA_READ_CONSUME_CHECK_CONSUMER) timestamp=2401 ms, used_size=10780672 bytes (26.3%)
(RDMA_READ_CONSUME_CHECK_CONSUMER) timestamp=2401 ms, used_size=10778624 bytes (26.3%)
(RDMA_READ_CONSUME_CHECK_CONSUMER) timestamp=2401 ms, used_size=10776576 bytes (26.3%)
(RDMA_READ_CONSUME_CHECK_CONSUMER) timestamp=2401 ms, used_size=10774528 bytes (26.3%)
(RDMA_READ_CONSUME_CHECK_CONSUMER) timestamp=2401 ms, used_size=10772480 bytes (26.3%)
(RDMA_READ_CONSUME_CHECK_CONSUMER) timestamp=2401 ms, used_size=10770432 bytes (26.3%)
(RDMA_READ_CONSUME_CHECK_CONSUMER) timestamp=2401 ms, used_size=10768384 bytes (26.3%)
(RDMA_READ_CONSUME_CHECK_CONSUMER) timestamp=2401 ms, used_size=10766336 bytes (26.3%)
(RDMA_READ_CONSUME_CHECK_CONSUMER) timestamp=2401 ms, used_size=10764288 bytes (26.3%)
(RDMA_READ_CONSUME_CHECK_CONSUMER) timestamp=2401 ms, used_size=10762240 bytes (26.3%)
(RDMA_READ_CONSUME_CHECK_CONSUMER) timestamp=2401 ms, used_size=10760192 bytes (26.3%)
(RDMA_READ_CONSUME_CHECK_CONSUMER) timestamp=2401 ms, used_size=10758144 bytes (26.3%)
(RDMA_READ_CONSUME_CHECK_CONSUMER) timestamp=2401 ms, used_size=10756096 bytes (26.3%)
(RDMA_READ_CONSUME_CHECK_CONSUMER) timestamp=2401 ms, used_size=10754048 bytes (26.3%)
(RDMA_READ_CONSUME_CHECK_CONSUMER) timestamp=2401 ms, used_size=10752000 bytes (26.2%)
(RDMA_READ_CONSUME_CHECK_CONSUMER) timestamp=2401 ms, used_size=10749952 bytes (26.2%)
(RDMA_READ_CONSUME_CHECK_CONSUMER) timestamp=2401 ms, used_size=10747904 bytes (26.2%)
(RDMA_READ_CONSUME_CHECK_CONSUMER) timestamp=2401 ms, used_size=10745856 bytes (26.2%)
(RDMA_READ_CONSUME_CHECK_CONSUMER) timestamp=2401 ms, used_size=10743808 bytes (26.2%)
(RDMA_READ_CONSUME_CHECK_CONSUMER) timestamp=2401 ms, used_size=10741760 bytes (26.2%)
(RDMA_READ_CONSUME_CHECK_CONSUMER) timestamp=2401 ms, used_size=10739712 bytes (26.2%)
(RDMA_READ_CONSUME_CHECK_CONSUMER) timestamp=2401 ms, used_size=10737664 bytes (26.2%)
(RDMA_READ_CONSUME_CHECK_CONSUMER) timestamp=2401 ms, used_size=10735616 bytes (26.2%)
(RDMA_READ_CONSUME_CHECK_CONSUMER) timestamp=2401 ms, used_size=10733568 bytes (26.2%)
(RDMA_READ_CONSUME_CHECK_CONSUMER) timestamp=2401 ms, used_size=10731520 bytes (26.2%)
(RDMA_READ_CONSUME_CHECK_CONSUMER) timestamp=2401 ms, used_size=10729472 bytes (26.2%)
(RDMA_READ_CONSUME_CHECK_CONSUMER) timestamp=2401 ms, used_size=10727424 bytes (26.2%)
(RDMA_READ_CONSUME_CHECK_CONSUMER) timestamp=2401 ms, used_size=10725376 bytes (26.2%)
(RDMA_READ_CONSUME_CHECK_CONSUMER) timestamp=2401 ms, used_size=10723328 bytes (26.2%)
(RDMA_READ_CONSUME_CHECK_CONSUMER) timestamp=2401 ms, used_size=10721280 bytes (26.2%)
(RDMA_READ_CONSUME_CHECK_CONSUMER) timestamp=2401 ms, used_size=10719232 bytes (26.2%)
(RDMA_READ_CONSUME_CHECK_CONSUMER) timestamp=2401 ms, used_size=10717184 bytes (26.2%)
(RDMA_READ_CONSUME_CHECK_CONSUMER) timestamp=2401 ms, used_size=10715136 bytes (26.2%)
(RDMA_READ_CONSUME_CHECK_CONSUMER) timestamp=2401 ms, used_size=10713088 bytes (26.2%)
(RDMA_READ_CONSUME_CHECK_CONSUMER) timestamp=2401 ms, used_size=10711040 bytes (26.1%)
(RDMA_READ_CONSUME_CHECK_CONSUMER) timestamp=2401 ms, used_size=10708992 bytes (26.1%)
(RDMA_READ_CONSUME_CHECK_CONSUMER) timestamp=2401 ms, used_size=10706944 bytes (26.1%)
(RDMA_READ_CONSUME_CHECK_CONSUMER) timestamp=2401 ms, used_size=10704896 bytes (26.1%)
(RDMA_READ_CONSUME_CHECK_CONSUMER) timestamp=2401 ms, used_size=10702848 bytes (26.1%)
(RDMA_READ_CONSUME_CHECK_CONSUMER) timestamp=2402 ms, used_size=10700800 bytes (26.1%)
(RDMA_READ_CONSUME_CHECK_CONSUMER) timestamp=2402 ms, used_size=10698752 bytes (26.1%)
(RDMA_READ_CONSUME_CHECK_CONSUMER) timestamp=2402 ms, used_size=10696704 bytes (26.1%)
(RDMA_READ_CONSUME_CHECK_CONSUMER) timestamp=2402 ms, used_size=10694656 bytes (26.1%)
(RDMA_READ_CONSUME_CHECK_CONSUMER) timestamp=2402 ms, used_size=10692608 bytes (26.1%)
(RDMA_READ_CONSUME_CHECK_CONSUMER) timestamp=2402 ms, used_size=10690560 bytes (26.1%)
(RDMA_READ_CONSUME_CHECK_CONSUMER) timestamp=2402 ms, used_size=10688512 bytes (26.1%)
(RDMA_READ_CONSUME_CHECK_CONSUMER) timestamp=2402 ms, used_size=10686464 bytes (26.1%)
(RDMA_READ_CONSUME_CHECK_CONSUMER) timestamp=2402 ms, used_size=10684416 bytes (26.1%)
(RDMA_READ_CONSUME_CHECK_CONSUMER) timestamp=2402 ms, used_size=10682368 bytes (26.1%)
(RDMA_READ_CONSUME_CHECK_CONSUMER) timestamp=2402 ms, used_size=10680320 bytes (26.1%)
(RDMA_READ_CONSUME_CHECK_CONSUMER) timestamp=2402 ms, used_size=10678272 bytes (26.1%)
(RDMA_READ_CONSUME_CHECK_CONSUMER) timestamp=2402 ms, used_size=10676224 bytes (26.1%)
(RDMA_READ_CONSUME_CHECK_CONSUMER) timestamp=2402 ms, used_size=10674176 bytes (26.1%)
(RDMA_READ_CONSUME_CHECK_CONSUMER) timestamp=2402 ms, used_size=10672128 bytes (26.1%)
(RDMA_READ_CONSUME_CHECK_CONSUMER) timestamp=2402 ms, used_size=10670080 bytes (26.1%)
(RDMA_READ_CONSUME_CHECK_CONSUMER) timestamp=2402 ms, used_size=10668032 bytes (26.0%)
(RDMA_READ_CONSUME_CHECK_CONSUMER) timestamp=2402 ms, used_size=10665984 bytes (26.0%)
(RDMA_READ_CONSUME_CHECK_CONSUMER) timestamp=2402 ms, used_size=10663936 bytes (26.0%)
(RDMA_READ_CONSUME_CHECK_CONSUMER) timestamp=2402 ms, used_size=10661888 bytes (26.0%)
(RDMA_READ_CONSUME_CHECK_CONSUMER) timestamp=2402 ms, used_size=10659840 bytes (26.0%)
(RDMA_READ_CONSUME_CHECK_CONSUMER) timestamp=2402 ms, used_size=10657792 bytes (26.0%)
(RDMA_READ_CONSUME_CHECK_CONSUMER) timestamp=2402 ms, used_size=10655744 bytes (26.0%)
(RDMA_READ_CONSUME_CHECK_CONSUMER) timestamp=2402 ms, used_size=10653696 bytes (26.0%)
(RDMA_READ_CONSUME_CHECK_CONSUMER) timestamp=2402 ms, used_size=10651648 bytes (26.0%)
(RDMA_READ_CONSUME_CHECK_CONSUMER) timestamp=2402 ms, used_size=10649600 bytes (26.0%)
(RDMA_READ_CONSUME_CHECK_CONSUMER) timestamp=2402 ms, used_size=10647552 bytes (26.0%)
(RDMA_READ_CONSUME_CHECK_CONSUMER) timestamp=2402 ms, used_size=10645504 bytes (26.0%)
(RDMA_READ_CONSUME_CHECK_CONSUMER) timestamp=2402 ms, used_size=10643456 bytes (26.0%)
(RDMA_READ_CONSUME_CHECK_CONSUMER) timestamp=2402 ms, used_size=10641408 bytes (26.0%)
(RDMA_READ_CONSUME_CHECK_CONSUMER) timestamp=2402 ms, used_size=10639360 bytes (26.0%)
(RDMA_READ_CONSUME_CHECK_CONSUMER) timestamp=2402 ms, used_size=10637312 bytes (26.0%)
(RDMA_READ_CONSUME_CHECK_CONSUMER) timestamp=2402 ms, used_size=10635264 bytes (26.0%)
(RDMA_READ_CONSUME_CHECK_CONSUMER) timestamp=2402 ms, used_size=10633216 bytes (26.0%)
(RDMA_READ_CONSUME_CHECK_CONSUMER) timestamp=2402 ms, used_size=10631168 bytes (26.0%)
(RDMA_READ_CONSUME_CHECK_CONSUMER) timestamp=2402 ms, used_size=10629120 bytes (25.9%)
(RDMA_READ_CONSUME_CHECK_CONSUMER) timestamp=2402 ms, used_size=10627072 bytes (25.9%)
(RDMA_READ_CONSUME_CHECK_CONSUMER) timestamp=2402 ms, used_size=10625024 bytes (25.9%)
(RDMA_READ_CONSUME_CHECK_CONSUMER) timestamp=2402 ms, used_size=10622976 bytes (25.9%)
(RDMA_READ_CONSUME_CHECK_CONSUMER) timestamp=2402 ms, used_size=10620928 bytes (25.9%)
(RDMA_READ_CONSUME_CHECK_CONSUMER) timestamp=2402 ms, used_size=10618880 bytes (25.9%)
(RDMA_READ_CONSUME_CHECK_CONSUMER) timestamp=2402 ms, used_size=10616832 bytes (25.9%)
(RDMA_READ_CONSUME_CHECK_CONSUMER) timestamp=2402 ms, used_size=10614784 bytes (25.9%)
(RDMA_READ_CONSUME_CHECK_CONSUMER) timestamp=2402 ms, used_size=10612736 bytes (25.9%)
(RDMA_READ_CONSUME_CHECK_CONSUMER) timestamp=2402 ms, used_size=10610688 bytes (25.9%)
(RDMA_READ_CONSUME_CHECK_CONSUMER) timestamp=2402 ms, used_size=10608640 bytes (25.9%)
(RDMA_READ_CONSUME_CHECK_CONSUMER) timestamp=2402 ms, used_size=10606592 bytes (25.9%)
(RDMA_READ_CONSUME_CHECK_CONSUMER) timestamp=2402 ms, used_size=10604544 bytes (25.9%)
(RDMA_READ_CONSUME_CHECK_CONSUMER) timestamp=2402 ms, used_size=10602496 bytes (25.9%)
(RDMA_READ_CONSUME_CHECK_CONSUMER) timestamp=2402 ms, used_size=10600448 bytes (25.9%)
(RDMA_READ_CONSUME_CHECK_CONSUMER) timestamp=2402 ms, used_size=10598400 bytes (25.9%)
(RDMA_READ_CONSUME_CHECK_CONSUMER) timestamp=2402 ms, used_size=10596352 bytes (25.9%)
(RDMA_READ_CONSUME_CHECK_CONSUMER) timestamp=2402 ms, used_size=10594304 bytes (25.9%)
(RDMA_READ_CONSUME_CHECK_CONSUMER) timestamp=2402 ms, used_size=10592256 bytes (25.9%)
(RDMA_READ_CONSUME_CHECK_CONSUMER) timestamp=2402 ms, used_size=10590208 bytes (25.9%)
(RDMA_READ_CONSUME_CHECK_CONSUMER) timestamp=2402 ms, used_size=10588160 bytes (25.9%)
(RDMA_READ_CONSUME_CHECK_CONSUMER) timestamp=2402 ms, used_size=10586112 bytes (25.8%)
(RDMA_READ_CONSUME_CHECK_CONSUMER) timestamp=2402 ms, used_size=10584064 bytes (25.8%)
(RDMA_READ_CONSUME_CHECK_CONSUMER) timestamp=2402 ms, used_size=10582016 bytes (25.8%)
(RDMA_READ_CONSUME_CHECK_CONSUMER) timestamp=2402 ms, used_size=10579968 bytes (25.8%)
(RDMA_READ_CONSUME_CHECK_CONSUMER) timestamp=2402 ms, used_size=10577920 bytes (25.8%)
(RDMA_READ_CONSUME_CHECK_CONSUMER) timestamp=2402 ms, used_size=10575872 bytes (25.8%)
(RDMA_READ_CONSUME_CHECK_CONSUMER) timestamp=2402 ms, used_size=10573824 bytes (25.8%)
(RDMA_READ_CONSUME_CHECK_CONSUMER) timestamp=2402 ms, used_size=10571776 bytes (25.8%)
(RDMA_READ_CONSUME_CHECK_CONSUMER) timestamp=2402 ms, used_size=10569728 bytes (25.8%)
(RDMA_READ_CONSUME_CHECK_CONSUMER) timestamp=2402 ms, used_size=10567680 bytes (25.8%)
(RDMA_READ_CONSUME_CHECK_CONSUMER) timestamp=2402 ms, used_size=10565632 bytes (25.8%)
(RDMA_READ_CONSUME_CHECK_CONSUMER) timestamp=2402 ms, used_size=10563584 bytes (25.8%)
(RDMA_READ_CONSUME_CHECK_CONSUMER) timestamp=2402 ms, used_size=10561536 bytes (25.8%)
(RDMA_READ_CONSUME_CHECK_CONSUMER) timestamp=2402 ms, used_size=10559488 bytes (25.8%)
(RDMA_READ_CONSUME_CHECK_CONSUMER) timestamp=2402 ms, used_size=10557440 bytes (25.8%)
(RDMA_READ_CONSUME_CHECK_CONSUMER) timestamp=2402 ms, used_size=10555392 bytes (25.8%)
(RDMA_READ_CONSUME_CHECK_CONSUMER) timestamp=2402 ms, used_size=10553344 bytes (25.8%)
(RDMA_READ_CONSUME_CHECK_CONSUMER) timestamp=2402 ms, used_size=10551296 bytes (25.8%)
(RDMA_READ_CONSUME_CHECK_CONSUMER) timestamp=2402 ms, used_size=10549248 bytes (25.8%)
(RDMA_READ_CONSUME_CHECK_CONSUMER) timestamp=2402 ms, used_size=10547200 bytes (25.8%)
(RDMA_READ_CONSUME_CHECK_CONSUMER) timestamp=2402 ms, used_size=10545152 bytes (25.7%)
(RDMA_READ_CONSUME_CHECK_CONSUMER) timestamp=2402 ms, used_size=10543104 bytes (25.7%)
(RDMA_READ_CONSUME_CHECK_CONSUMER) timestamp=2402 ms, used_size=10541056 bytes (25.7%)
(RDMA_READ_CONSUME_CHECK_CONSUMER) timestamp=2402 ms, used_size=10539008 bytes (25.7%)
(RDMA_READ_CONSUME_CHECK_CONSUMER) timestamp=2402 ms, used_size=10536960 bytes (25.7%)
(RDMA_READ_CONSUME_CHECK_CONSUMER) timestamp=2402 ms, used_size=10534912 bytes (25.7%)
(RDMA_READ_CONSUME_CHECK_CONSUMER) timestamp=2402 ms, used_size=10532864 bytes (25.7%)
(RDMA_READ_CONSUME_CHECK_CONSUMER) timestamp=2402 ms, used_size=10530816 bytes (25.7%)
(RDMA_READ_CONSUME_CHECK_CONSUMER) timestamp=2402 ms, used_size=10528768 bytes (25.7%)
(RDMA_READ_CONSUME_CHECK_CONSUMER) timestamp=2402 ms, used_size=10526720 bytes (25.7%)
(RDMA_READ_CONSUME_CHECK_CONSUMER) timestamp=2402 ms, used_size=10524672 bytes (25.7%)
(RDMA_READ_CONSUME_CHECK_CONSUMER) timestamp=2402 ms, used_size=10522624 bytes (25.7%)
(RDMA_READ_CONSUME_CHECK_CONSUMER) timestamp=2402 ms, used_size=10520576 bytes (25.7%)
(RDMA_READ_CONSUME_CHECK_CONSUMER) timestamp=2402 ms, used_size=10518528 bytes (25.7%)
(RDMA_READ_CONSUME_CHECK_CONSUMER) timestamp=2402 ms, used_size=10516480 bytes (25.7%)
(RDMA_READ_CONSUME_CHECK_CONSUMER) timestamp=2402 ms, used_size=10514432 bytes (25.7%)
(RDMA_READ_CONSUME_CHECK_CONSUMER) timestamp=2402 ms, used_size=10512384 bytes (25.7%)
(RDMA_READ_CONSUME_CHECK_CONSUMER) timestamp=2402 ms, used_size=10510336 bytes (25.7%)
(RDMA_READ_CONSUME_CHECK_CONSUMER) timestamp=2402 ms, used_size=10508288 bytes (25.7%)
(RDMA_READ_CONSUME_CHECK_CONSUMER) timestamp=2402 ms, used_size=10506240 bytes (25.6%)
(RDMA_READ_CONSUME_CHECK_CONSUMER) timestamp=2402 ms, used_size=10504192 bytes (25.6%)
(RDMA_READ_CONSUME_CHECK_CONSUMER) timestamp=2402 ms, used_size=10502144 bytes (25.6%)
(RDMA_READ_CONSUME_CHECK_CONSUMER) timestamp=2402 ms, used_size=10500096 bytes (25.6%)
(RDMA_READ_CONSUME_CHECK_CONSUMER) timestamp=2402 ms, used_size=10498048 bytes (25.6%)
(RDMA_READ_CONSUME_CHECK_CONSUMER) timestamp=2402 ms, used_size=10496000 bytes (25.6%)
(RDMA_READ_CONSUME_CHECK_CONSUMER) timestamp=2402 ms, used_size=10493952 bytes (25.6%)
(RDMA_READ_CONSUME_CHECK_CONSUMER) timestamp=2402 ms, used_size=10491904 bytes (25.6%)
(RDMA_READ_CONSUME_CHECK_CONSUMER) timestamp=2402 ms, used_size=10489856 bytes (25.6%)
(RDMA_READ_CONSUME_CHECK_CONSUMER) timestamp=2402 ms, used_size=10487808 bytes (25.6%)
(RDMA_READ_CONSUME_CHECK_CONSUMER) timestamp=2402 ms, used_size=10485760 bytes (25.6%)
(RDMA_READ_CONSUME_CHECK_CONSUMER) timestamp=2402 ms, used_size=10483712 bytes (25.6%)
(RDMA_READ_CONSUME_CHECK_CONSUMER) timestamp=2402 ms, used_size=10481664 bytes (25.6%)
(RDMA_READ_CONSUME_CHECK_CONSUMER) timestamp=2402 ms, used_size=10479616 bytes (25.6%)
(RDMA_READ_CONSUME_CHECK_CONSUMER) timestamp=2402 ms, used_size=10477568 bytes (25.6%)
(RDMA_READ_CONSUME_CHECK_CONSUMER) timestamp=2402 ms, used_size=10475520 bytes (25.6%)
(RDMA_READ_CONSUME_CHECK_CONSUMER) timestamp=2402 ms, used_size=10473472 bytes (25.6%)
(RDMA_READ_CONSUME_CHECK_CONSUMER) timestamp=2402 ms, used_size=10471424 bytes (25.6%)
(RDMA_READ_CONSUME_CHECK_CONSUMER) timestamp=2402 ms, used_size=10469376 bytes (25.6%)
(RDMA_READ_CONSUME_CHECK_CONSUMER) timestamp=2402 ms, used_size=10467328 bytes (25.6%)
(RDMA_READ_CONSUME_CHECK_CONSUMER) timestamp=2402 ms, used_size=10465280 bytes (25.6%)
(RDMA_READ_CONSUME_CHECK_CONSUMER) timestamp=2402 ms, used_size=10463232 bytes (25.5%)
(RDMA_READ_CONSUME_CHECK_CONSUMER) timestamp=2402 ms, used_size=10461184 bytes (25.5%)
(RDMA_READ_CONSUME_CHECK_CONSUMER) timestamp=2402 ms, used_size=10459136 bytes (25.5%)
(RDMA_READ_CONSUME_CHECK_CONSUMER) timestamp=2402 ms, used_size=10457088 bytes (25.5%)
(RDMA_READ_CONSUME_CHECK_CONSUMER) timestamp=2402 ms, used_size=10455040 bytes (25.5%)
(RDMA_READ_CONSUME_CHECK_CONSUMER) timestamp=2402 ms, used_size=10452992 bytes (25.5%)
(RDMA_READ_CONSUME_CHECK_CONSUMER) timestamp=2402 ms, used_size=10450944 bytes (25.5%)
(RDMA_READ_CONSUME_CHECK_CONSUMER) timestamp=2402 ms, used_size=10448896 bytes (25.5%)
(RDMA_READ_CONSUME_CHECK_CONSUMER) timestamp=2402 ms, used_size=10446848 bytes (25.5%)
(RDMA_READ_CONSUME_CHECK_CONSUMER) timestamp=2402 ms, used_size=10444800 bytes (25.5%)
(RDMA_READ_CONSUME_CHECK_CONSUMER) timestamp=2402 ms, used_size=10442752 bytes (25.5%)
(RDMA_READ_CONSUME_CHECK_CONSUMER) timestamp=2402 ms, used_size=10440704 bytes (25.5%)
(RDMA_READ_CONSUME_CHECK_CONSUMER) timestamp=2402 ms, used_size=10438656 bytes (25.5%)
(RDMA_READ_CONSUME_CHECK_CONSUMER) timestamp=2402 ms, used_size=10436608 bytes (25.5%)
(RDMA_READ_CONSUME_CHECK_CONSUMER) timestamp=2402 ms, used_size=10434560 bytes (25.5%)
(RDMA_READ_CONSUME_CHECK_CONSUMER) timestamp=2402 ms, used_size=10432512 bytes (25.5%)
(RDMA_READ_CONSUME_CHECK_CONSUMER) timestamp=2402 ms, used_size=10430464 bytes (25.5%)
(RDMA_READ_CONSUME_CHECK_CONSUMER) timestamp=2402 ms, used_size=10428416 bytes (25.5%)
(RDMA_READ_CONSUME_CHECK_CONSUMER) timestamp=2402 ms, used_size=10426368 bytes (25.5%)
(RDMA_READ_CONSUME_CHECK_CONSUMER) timestamp=2402 ms, used_size=10424320 bytes (25.4%)
(RDMA_READ_CONSUME_CHECK_CONSUMER) timestamp=2402 ms, used_size=10422272 bytes (25.4%)
(RDMA_READ_CONSUME_CHECK_CONSUMER) timestamp=2402 ms, used_size=10420224 bytes (25.4%)
(RDMA_READ_CONSUME_CHECK_CONSUMER) timestamp=2402 ms, used_size=10418176 bytes (25.4%)
(RDMA_READ_CONSUME_CHECK_CONSUMER) timestamp=2402 ms, used_size=10416128 bytes (25.4%)
(RDMA_READ_CONSUME_CHECK_CONSUMER) timestamp=2402 ms, used_size=10414080 bytes (25.4%)
(RDMA_READ_CONSUME_CHECK_CONSUMER) timestamp=2402 ms, used_size=10412032 bytes (25.4%)
(RDMA_READ_CONSUME_CHECK_CONSUMER) timestamp=2402 ms, used_size=10409984 bytes (25.4%)
(RDMA_READ_CONSUME_CHECK_CONSUMER) timestamp=2402 ms, used_size=10407936 bytes (25.4%)
(RDMA_READ_CONSUME_CHECK_CONSUMER) timestamp=2402 ms, used_size=10405888 bytes (25.4%)
(RDMA_READ_CONSUME_CHECK_CONSUMER) timestamp=2402 ms, used_size=10403840 bytes (25.4%)
(RDMA_READ_CONSUME_CHECK_CONSUMER) timestamp=2402 ms, used_size=10401792 bytes (25.4%)
(RDMA_READ_CONSUME_CHECK_CONSUMER) timestamp=2402 ms, used_size=10399744 bytes (25.4%)
(RDMA_READ_CONSUME_CHECK_CONSUMER) timestamp=2402 ms, used_size=10397696 bytes (25.4%)
(RDMA_READ_CONSUME_CHECK_CONSUMER) timestamp=2402 ms, used_size=10395648 bytes (25.4%)
(RDMA_READ_CONSUME_CHECK_CONSUMER) timestamp=2402 ms, used_size=10393600 bytes (25.4%)
(RDMA_READ_CONSUME_CHECK_CONSUMER) timestamp=2402 ms, used_size=10391552 bytes (25.4%)
(RDMA_READ_CONSUME_CHECK_CONSUMER) timestamp=2402 ms, used_size=10389504 bytes (25.4%)
(RDMA_READ_CONSUME_CHECK_CONSUMER) timestamp=2402 ms, used_size=10387456 bytes (25.4%)
(RDMA_READ_CONSUME_CHECK_CONSUMER) timestamp=2402 ms, used_size=10385408 bytes (25.4%)
(RDMA_READ_CONSUME_CHECK_CONSUMER) timestamp=2402 ms, used_size=10383360 bytes (25.4%)
(RDMA_READ_CONSUME_CHECK_CONSUMER) timestamp=2402 ms, used_size=10381312 bytes (25.3%)
(RDMA_READ_CONSUME_CHECK_CONSUMER) timestamp=2402 ms, used_size=10379264 bytes (25.3%)
(RDMA_READ_CONSUME_CHECK_CONSUMER) timestamp=2402 ms, used_size=10377216 bytes (25.3%)
(RDMA_READ_CONSUME_CHECK_CONSUMER) timestamp=2402 ms, used_size=10375168 bytes (25.3%)
(RDMA_READ_CONSUME_CHECK_CONSUMER) timestamp=2402 ms, used_size=10373120 bytes (25.3%)
(RDMA_READ_CONSUME_CHECK_CONSUMER) timestamp=2402 ms, used_size=10371072 bytes (25.3%)
(RDMA_READ_CONSUME_CHECK_CONSUMER) timestamp=2402 ms, used_size=10369024 bytes (25.3%)
(RDMA_READ_CONSUME_CHECK_CONSUMER) timestamp=2402 ms, used_size=10366976 bytes (25.3%)
(RDMA_READ_CONSUME_CHECK_CONSUMER) timestamp=2402 ms, used_size=10364928 bytes (25.3%)
(RDMA_READ_CONSUME_CHECK_CONSUMER) timestamp=2402 ms, used_size=10362880 bytes (25.3%)
(RDMA_READ_CONSUME_CHECK_CONSUMER) timestamp=2402 ms, used_size=10360832 bytes (25.3%)
(RDMA_READ_CONSUME_CHECK_CONSUMER) timestamp=2402 ms, used_size=10358784 bytes (25.3%)
(RDMA_READ_CONSUME_CHECK_CONSUMER) timestamp=2402 ms, used_size=10356736 bytes (25.3%)
(RDMA_READ_CONSUME_CHECK_CONSUMER) timestamp=2402 ms, used_size=10354688 bytes (25.3%)
(RDMA_READ_CONSUME_CHECK_CONSUMER) timestamp=2402 ms, used_size=10352640 bytes (25.3%)
(RDMA_READ_CONSUME_CHECK_CONSUMER) timestamp=2402 ms, used_size=10350592 bytes (25.3%)
(RDMA_READ_CONSUME_CHECK_CONSUMER) timestamp=2402 ms, used_size=10348544 bytes (25.3%)
(RDMA_READ_CONSUME_CHECK_CONSUMER) timestamp=2402 ms, used_size=10346496 bytes (25.3%)
(RDMA_READ_CONSUME_CHECK_CONSUMER) timestamp=2402 ms, used_size=10344448 bytes (25.3%)
(RDMA_READ_CONSUME_CHECK_CONSUMER) timestamp=2402 ms, used_size=10342400 bytes (25.2%)
(RDMA_READ_CONSUME_CHECK_CONSUMER) timestamp=2402 ms, used_size=10340352 bytes (25.2%)
(RDMA_READ_CONSUME_CHECK_CONSUMER) timestamp=2402 ms, used_size=10338304 bytes (25.2%)
(RDMA_READ_CONSUME_CHECK_CONSUMER) timestamp=2402 ms, used_size=10336256 bytes (25.2%)
(RDMA_READ_CONSUME_CHECK_CONSUMER) timestamp=2403 ms, used_size=10334208 bytes (25.2%)
(RDMA_READ_CONSUME_CHECK_CONSUMER) timestamp=2403 ms, used_size=10332160 bytes (25.2%)
(RDMA_READ_CONSUME_CHECK_CONSUMER) timestamp=2403 ms, used_size=10330112 bytes (25.2%)
(RDMA_READ_CONSUME_CHECK_CONSUMER) timestamp=2403 ms, used_size=10328064 bytes (25.2%)
(RDMA_READ_CONSUME_CHECK_CONSUMER) timestamp=2403 ms, used_size=10326016 bytes (25.2%)
(RDMA_READ_CONSUME_CHECK_CONSUMER) timestamp=2403 ms, used_size=10323968 bytes (25.2%)
(RDMA_READ_CONSUME_CHECK_CONSUMER) timestamp=2403 ms, used_size=10321920 bytes (25.2%)
(RDMA_READ_CONSUME_CHECK_CONSUMER) timestamp=2403 ms, used_size=10319872 bytes (25.2%)
(RDMA_READ_CONSUME_CHECK_CONSUMER) timestamp=2403 ms, used_size=10317824 bytes (25.2%)
(RDMA_READ_CONSUME_CHECK_CONSUMER) timestamp=2403 ms, used_size=10315776 bytes (25.2%)
(RDMA_READ_CONSUME_CHECK_CONSUMER) timestamp=2403 ms, used_size=10313728 bytes (25.2%)
(RDMA_READ_CONSUME_CHECK_CONSUMER) timestamp=2403 ms, used_size=10311680 bytes (25.2%)
(RDMA_READ_CONSUME_CHECK_CONSUMER) timestamp=2403 ms, used_size=10309632 bytes (25.2%)
(RDMA_READ_CONSUME_CHECK_CONSUMER) timestamp=2403 ms, used_size=10307584 bytes (25.2%)
(RDMA_READ_CONSUME_CHECK_CONSUMER) timestamp=2403 ms, used_size=10305536 bytes (25.2%)
(RDMA_READ_CONSUME_CHECK_CONSUMER) timestamp=2403 ms, used_size=10303488 bytes (25.2%)
(RDMA_READ_CONSUME_CHECK_CONSUMER) timestamp=2403 ms, used_size=10301440 bytes (25.1%)
(RDMA_READ_CONSUME_CHECK_CONSUMER) timestamp=2403 ms, used_size=10299392 bytes (25.1%)
(RDMA_READ_CONSUME_CHECK_CONSUMER) timestamp=2403 ms, used_size=10297344 bytes (25.1%)
(RDMA_READ_CONSUME_CHECK_CONSUMER) timestamp=2403 ms, used_size=10295296 bytes (25.1%)
(RDMA_READ_CONSUME_CHECK_CONSUMER) timestamp=2403 ms, used_size=10293248 bytes (25.1%)
(RDMA_READ_CONSUME_CHECK_CONSUMER) timestamp=2403 ms, used_size=10291200 bytes (25.1%)
(RDMA_READ_CONSUME_CHECK_CONSUMER) timestamp=2403 ms, used_size=10289152 bytes (25.1%)
(RDMA_READ_CONSUME_CHECK_CONSUMER) timestamp=2403 ms, used_size=10287104 bytes (25.1%)
(RDMA_READ_CONSUME_CHECK_CONSUMER) timestamp=2403 ms, used_size=10285056 bytes (25.1%)
(RDMA_READ_CONSUME_CHECK_CONSUMER) timestamp=2403 ms, used_size=10283008 bytes (25.1%)
(RDMA_READ_CONSUME_CHECK_CONSUMER) timestamp=2403 ms, used_size=10280960 bytes (25.1%)
(RDMA_READ_CONSUME_CHECK_CONSUMER) timestamp=2403 ms, used_size=10278912 bytes (25.1%)
(RDMA_READ_CONSUME_CHECK_CONSUMER) timestamp=2403 ms, used_size=10276864 bytes (25.1%)
(RDMA_READ_CONSUME_CHECK_CONSUMER) timestamp=2403 ms, used_size=10274816 bytes (25.1%)
(RDMA_READ_CONSUME_CHECK_CONSUMER) timestamp=2403 ms, used_size=10272768 bytes (25.1%)
(RDMA_READ_CONSUME_CHECK_CONSUMER) timestamp=2403 ms, used_size=10270720 bytes (25.1%)
(RDMA_READ_CONSUME_CHECK_CONSUMER) timestamp=2403 ms, used_size=10268672 bytes (25.1%)
(RDMA_READ_CONSUME_CHECK_CONSUMER) timestamp=2403 ms, used_size=10266624 bytes (25.1%)
(RDMA_READ_CONSUME_CHECK_CONSUMER) timestamp=2403 ms, used_size=10264576 bytes (25.1%)
(RDMA_READ_CONSUME_CHECK_CONSUMER) timestamp=2403 ms, used_size=10262528 bytes (25.1%)
(RDMA_READ_CONSUME_CHECK_CONSUMER) timestamp=2403 ms, used_size=10260480 bytes (25.1%)
(RDMA_READ_CONSUME_CHECK_CONSUMER) timestamp=2403 ms, used_size=10258432 bytes (25.0%)
(RDMA_READ_CONSUME_CHECK_CONSUMER) timestamp=2403 ms, used_size=10256384 bytes (25.0%)
(RDMA_READ_CONSUME_CHECK_CONSUMER) timestamp=2403 ms, used_size=10254336 bytes (25.0%)
(RDMA_READ_CONSUME_CHECK_CONSUMER) timestamp=2403 ms, used_size=10252288 bytes (25.0%)
(RDMA_READ_CONSUME_CHECK_CONSUMER) timestamp=2403 ms, used_size=10250240 bytes (25.0%)
(RDMA_READ_CONSUME_CHECK_CONSUMER) timestamp=2403 ms, used_size=10248192 bytes (25.0%)
(RDMA_READ_CONSUME_CHECK_CONSUMER) timestamp=2403 ms, used_size=10246144 bytes (25.0%)
(RDMA_READ_CONSUME_CHECK_CONSUMER) timestamp=2403 ms, used_size=10244096 bytes (25.0%)
(RDMA_READ_CONSUME_CHECK_CONSUMER) timestamp=2403 ms, used_size=10242048 bytes (25.0%)
(RDMA_READ_CONSUME_CHECK_CONSUMER) timestamp=2403 ms, used_size=10240000 bytes (25.0%)
(RDMA_READ_CONSUME_CHECK_CONSUMER) timestamp=2403 ms, used_size=10237952 bytes (25.0%)
(RDMA_READ_CONSUME_CHECK_CONSUMER) timestamp=2403 ms, used_size=10235904 bytes (25.0%)
(RDMA_READ_CONSUME_CHECK_CONSUMER) timestamp=2403 ms, used_size=10233856 bytes (25.0%)
(RDMA_READ_CONSUME_CHECK_CONSUMER) timestamp=2403 ms, used_size=10231808 bytes (25.0%)
(RDMA_READ_CONSUME_CHECK_CONSUMER) timestamp=2403 ms, used_size=10229760 bytes (25.0%)
(RDMA_READ_CONSUME_CHECK_CONSUMER) timestamp=2403 ms, used_size=10227712 bytes (25.0%)
(RDMA_READ_CONSUME_CHECK_CONSUMER) timestamp=2403 ms, used_size=10225664 bytes (25.0%)
(RDMA_READ_CONSUME_CHECK_CONSUMER) timestamp=2403 ms, used_size=10223616 bytes (25.0%)
(RDMA_READ_CONSUME_CHECK_CONSUMER) timestamp=2403 ms, used_size=10221568 bytes (25.0%)
(RDMA_READ_CONSUME_CHECK_CONSUMER) timestamp=2403 ms, used_size=10219520 bytes (24.9%)
(RDMA_READ_CONSUME_CHECK_CONSUMER) timestamp=2403 ms, used_size=10217472 bytes (24.9%)
(RDMA_READ_CONSUME_CHECK_CONSUMER) timestamp=2403 ms, used_size=10215424 bytes (24.9%)
(RDMA_READ_CONSUME_CHECK_CONSUMER) timestamp=2403 ms, used_size=10213376 bytes (24.9%)
(RDMA_READ_CONSUME_CHECK_CONSUMER) timestamp=2403 ms, used_size=10211328 bytes (24.9%)
(RDMA_READ_CONSUME_CHECK_CONSUMER) timestamp=2403 ms, used_size=10209280 bytes (24.9%)
(RDMA_READ_CONSUME_CHECK_CONSUMER) timestamp=2403 ms, used_size=10207232 bytes (24.9%)
(RDMA_READ_CONSUME_CHECK_CONSUMER) timestamp=2403 ms, used_size=10205184 bytes (24.9%)
(RDMA_READ_CONSUME_CHECK_CONSUMER) timestamp=2403 ms, used_size=10203136 bytes (24.9%)
(RDMA_READ_CONSUME_CHECK_CONSUMER) timestamp=2403 ms, used_size=10201088 bytes (24.9%)
(RDMA_READ_CONSUME_CHECK_CONSUMER) timestamp=2403 ms, used_size=10199040 bytes (24.9%)
(RDMA_READ_CONSUME_CHECK_CONSUMER) timestamp=2403 ms, used_size=10196992 bytes (24.9%)
(RDMA_READ_CONSUME_CHECK_CONSUMER) timestamp=2403 ms, used_size=10194944 bytes (24.9%)
(RDMA_READ_CONSUME_CHECK_CONSUMER) timestamp=2403 ms, used_size=10192896 bytes (24.9%)
(RDMA_READ_CONSUME_CHECK_CONSUMER) timestamp=2403 ms, used_size=10190848 bytes (24.9%)
(RDMA_READ_CONSUME_CHECK_CONSUMER) timestamp=2403 ms, used_size=10188800 bytes (24.9%)
(RDMA_READ_CONSUME_CHECK_CONSUMER) timestamp=2403 ms, used_size=10186752 bytes (24.9%)
(RDMA_READ_CONSUME_CHECK_CONSUMER) timestamp=2403 ms, used_size=10184704 bytes (24.9%)
(RDMA_READ_CONSUME_CHECK_CONSUMER) timestamp=2403 ms, used_size=10182656 bytes (24.9%)
(RDMA_READ_CONSUME_CHECK_CONSUMER) timestamp=2403 ms, used_size=10180608 bytes (24.9%)
(RDMA_READ_CONSUME_CHECK_CONSUMER) timestamp=2403 ms, used_size=10178560 bytes (24.9%)
(RDMA_READ_CONSUME_CHECK_CONSUMER) timestamp=2403 ms, used_size=10176512 bytes (24.8%)
(RDMA_READ_CONSUME_CHECK_CONSUMER) timestamp=2403 ms, used_size=10174464 bytes (24.8%)
(RDMA_READ_CONSUME_CHECK_CONSUMER) timestamp=2403 ms, used_size=10172416 bytes (24.8%)
(RDMA_READ_CONSUME_CHECK_CONSUMER) timestamp=2403 ms, used_size=10170368 bytes (24.8%)
(RDMA_READ_CONSUME_CHECK_CONSUMER) timestamp=2403 ms, used_size=10168320 bytes (24.8%)
(RDMA_READ_CONSUME_CHECK_CONSUMER) timestamp=2403 ms, used_size=10166272 bytes (24.8%)
(RDMA_READ_CONSUME_CHECK_CONSUMER) timestamp=2403 ms, used_size=10164224 bytes (24.8%)
(RDMA_READ_CONSUME_CHECK_CONSUMER) timestamp=2403 ms, used_size=10162176 bytes (24.8%)
(RDMA_READ_CONSUME_CHECK_CONSUMER) timestamp=2403 ms, used_size=10160128 bytes (24.8%)
(RDMA_READ_CONSUME_CHECK_CONSUMER) timestamp=2403 ms, used_size=10158080 bytes (24.8%)
(RDMA_READ_CONSUME_CHECK_CONSUMER) timestamp=2403 ms, used_size=10156032 bytes (24.8%)
(RDMA_READ_CONSUME_CHECK_CONSUMER) timestamp=2403 ms, used_size=10153984 bytes (24.8%)
(RDMA_READ_CONSUME_CHECK_CONSUMER) timestamp=2403 ms, used_size=10151936 bytes (24.8%)
(RDMA_READ_CONSUME_CHECK_CONSUMER) timestamp=2403 ms, used_size=10149888 bytes (24.8%)
(RDMA_READ_CONSUME_CHECK_CONSUMER) timestamp=2403 ms, used_size=10147840 bytes (24.8%)
(RDMA_READ_CONSUME_CHECK_CONSUMER) timestamp=2403 ms, used_size=10145792 bytes (24.8%)
(RDMA_READ_CONSUME_CHECK_CONSUMER) timestamp=2403 ms, used_size=10143744 bytes (24.8%)
(RDMA_READ_CONSUME_CHECK_CONSUMER) timestamp=2403 ms, used_size=10141696 bytes (24.8%)
(RDMA_READ_CONSUME_CHECK_CONSUMER) timestamp=2403 ms, used_size=10139648 bytes (24.8%)
(RDMA_READ_CONSUME_CHECK_CONSUMER) timestamp=2403 ms, used_size=10137600 bytes (24.8%)
(RDMA_READ_CONSUME_CHECK_CONSUMER) timestamp=2403 ms, used_size=10135552 bytes (24.7%)
(RDMA_READ_CONSUME_CHECK_CONSUMER) timestamp=2403 ms, used_size=10133504 bytes (24.7%)
(RDMA_READ_CONSUME_CHECK_CONSUMER) timestamp=2403 ms, used_size=10131456 bytes (24.7%)
(RDMA_READ_CONSUME_CHECK_CONSUMER) timestamp=2403 ms, used_size=10129408 bytes (24.7%)
(RDMA_READ_CONSUME_CHECK_CONSUMER) timestamp=2403 ms, used_size=10127360 bytes (24.7%)
(RDMA_READ_CONSUME_CHECK_CONSUMER) timestamp=2403 ms, used_size=10125312 bytes (24.7%)
(RDMA_READ_CONSUME_CHECK_CONSUMER) timestamp=2403 ms, used_size=10123264 bytes (24.7%)
(RDMA_READ_CONSUME_CHECK_CONSUMER) timestamp=2403 ms, used_size=10121216 bytes (24.7%)
(RDMA_READ_CONSUME_CHECK_CONSUMER) timestamp=2403 ms, used_size=10119168 bytes (24.7%)
(RDMA_READ_CONSUME_CHECK_CONSUMER) timestamp=2403 ms, used_size=10117120 bytes (24.7%)
(RDMA_READ_CONSUME_CHECK_CONSUMER) timestamp=2403 ms, used_size=10115072 bytes (24.7%)
(RDMA_READ_CONSUME_CHECK_CONSUMER) timestamp=2403 ms, used_size=10113024 bytes (24.7%)
(RDMA_READ_CONSUME_CHECK_CONSUMER) timestamp=2403 ms, used_size=10110976 bytes (24.7%)
(RDMA_READ_CONSUME_CHECK_CONSUMER) timestamp=2403 ms, used_size=10108928 bytes (24.7%)
(RDMA_READ_CONSUME_CHECK_CONSUMER) timestamp=2403 ms, used_size=10106880 bytes (24.7%)
(RDMA_READ_CONSUME_CHECK_CONSUMER) timestamp=2403 ms, used_size=10104832 bytes (24.7%)
(RDMA_READ_CONSUME_CHECK_CONSUMER) timestamp=2403 ms, used_size=10102784 bytes (24.7%)
(RDMA_READ_CONSUME_CHECK_CONSUMER) timestamp=2403 ms, used_size=10100736 bytes (24.7%)
(RDMA_READ_CONSUME_CHECK_CONSUMER) timestamp=2403 ms, used_size=10098688 bytes (24.7%)
(RDMA_READ_CONSUME_CHECK_CONSUMER) timestamp=2403 ms, used_size=10096640 bytes (24.6%)
(RDMA_READ_CONSUME_CHECK_CONSUMER) timestamp=2403 ms, used_size=10094592 bytes (24.6%)
(RDMA_READ_CONSUME_CHECK_CONSUMER) timestamp=2403 ms, used_size=10092544 bytes (24.6%)
(RDMA_READ_CONSUME_CHECK_CONSUMER) timestamp=2403 ms, used_size=10090496 bytes (24.6%)
(RDMA_READ_CONSUME_CHECK_CONSUMER) timestamp=2403 ms, used_size=10088448 bytes (24.6%)
(RDMA_READ_CONSUME_CHECK_CONSUMER) timestamp=2403 ms, used_size=10086400 bytes (24.6%)
(RDMA_READ_CONSUME_CHECK_CONSUMER) timestamp=2403 ms, used_size=10084352 bytes (24.6%)
(RDMA_READ_CONSUME_CHECK_CONSUMER) timestamp=2403 ms, used_size=10082304 bytes (24.6%)
(RDMA_READ_CONSUME_CHECK_CONSUMER) timestamp=2403 ms, used_size=10080256 bytes (24.6%)
(RDMA_READ_CONSUME_CHECK_CONSUMER) timestamp=2403 ms, used_size=10078208 bytes (24.6%)
(RDMA_READ_CONSUME_CHECK_CONSUMER) timestamp=2403 ms, used_size=10076160 bytes (24.6%)
(RDMA_READ_CONSUME_CHECK_CONSUMER) timestamp=2403 ms, used_size=10074112 bytes (24.6%)
(RDMA_READ_CONSUME_CHECK_CONSUMER) timestamp=2403 ms, used_size=10072064 bytes (24.6%)
(RDMA_READ_CONSUME_CHECK_CONSUMER) timestamp=2403 ms, used_size=10070016 bytes (24.6%)
(RDMA_READ_CONSUME_CHECK_CONSUMER) timestamp=2403 ms, used_size=10067968 bytes (24.6%)
(RDMA_READ_CONSUME_CHECK_CONSUMER) timestamp=2403 ms, used_size=10065920 bytes (24.6%)
(RDMA_READ_CONSUME_CHECK_CONSUMER) timestamp=2403 ms, used_size=10063872 bytes (24.6%)
(RDMA_READ_CONSUME_CHECK_CONSUMER) timestamp=2403 ms, used_size=10061824 bytes (24.6%)
(RDMA_READ_CONSUME_CHECK_CONSUMER) timestamp=2403 ms, used_size=10059776 bytes (24.6%)
(RDMA_READ_CONSUME_CHECK_CONSUMER) timestamp=2403 ms, used_size=10057728 bytes (24.6%)
(RDMA_READ_CONSUME_CHECK_CONSUMER) timestamp=2403 ms, used_size=10055680 bytes (24.6%)
(RDMA_READ_CONSUME_CHECK_CONSUMER) timestamp=2403 ms, used_size=10053632 bytes (24.5%)
(RDMA_READ_CONSUME_CHECK_CONSUMER) timestamp=2403 ms, used_size=10051584 bytes (24.5%)
(RDMA_READ_CONSUME_CHECK_CONSUMER) timestamp=2403 ms, used_size=10049536 bytes (24.5%)
(RDMA_READ_CONSUME_CHECK_CONSUMER) timestamp=2403 ms, used_size=10047488 bytes (24.5%)
(RDMA_READ_CONSUME_CHECK_CONSUMER) timestamp=2403 ms, used_size=10045440 bytes (24.5%)
(RDMA_READ_CONSUME_CHECK_CONSUMER) timestamp=2403 ms, used_size=10043392 bytes (24.5%)
(RDMA_READ_CONSUME_CHECK_CONSUMER) timestamp=2403 ms, used_size=10041344 bytes (24.5%)
(RDMA_READ_CONSUME_CHECK_CONSUMER) timestamp=2403 ms, used_size=10039296 bytes (24.5%)
(RDMA_READ_CONSUME_CHECK_CONSUMER) timestamp=2403 ms, used_size=10037248 bytes (24.5%)
(RDMA_READ_CONSUME_CHECK_CONSUMER) timestamp=2403 ms, used_size=10035200 bytes (24.5%)
(RDMA_READ_CONSUME_CHECK_CONSUMER) timestamp=2403 ms, used_size=10033152 bytes (24.5%)
(RDMA_READ_CONSUME_CHECK_CONSUMER) timestamp=2403 ms, used_size=10031104 bytes (24.5%)
(RDMA_READ_CONSUME_CHECK_CONSUMER) timestamp=2403 ms, used_size=10029056 bytes (24.5%)
(RDMA_READ_CONSUME_CHECK_CONSUMER) timestamp=2403 ms, used_size=10027008 bytes (24.5%)
(RDMA_READ_CONSUME_CHECK_CONSUMER) timestamp=2403 ms, used_size=10024960 bytes (24.5%)
(RDMA_READ_CONSUME_CHECK_CONSUMER) timestamp=2403 ms, used_size=10022912 bytes (24.5%)
(RDMA_READ_CONSUME_CHECK_CONSUMER) timestamp=2403 ms, used_size=10020864 bytes (24.5%)
(RDMA_READ_CONSUME_CHECK_CONSUMER) timestamp=2403 ms, used_size=10018816 bytes (24.5%)
(RDMA_READ_CONSUME_CHECK_CONSUMER) timestamp=2403 ms, used_size=10016768 bytes (24.5%)
(RDMA_READ_CONSUME_CHECK_CONSUMER) timestamp=2403 ms, used_size=10014720 bytes (24.4%)
(RDMA_READ_CONSUME_CHECK_CONSUMER) timestamp=2403 ms, used_size=10012672 bytes (24.4%)
(RDMA_READ_CONSUME_CHECK_CONSUMER) timestamp=2403 ms, used_size=10010624 bytes (24.4%)
(RDMA_READ_CONSUME_CHECK_CONSUMER) timestamp=2403 ms, used_size=10008576 bytes (24.4%)
(RDMA_READ_CONSUME_CHECK_CONSUMER) timestamp=2403 ms, used_size=10006528 bytes (24.4%)
(RDMA_READ_CONSUME_CHECK_CONSUMER) timestamp=2403 ms, used_size=10004480 bytes (24.4%)
(RDMA_READ_CONSUME_CHECK_CONSUMER) timestamp=2403 ms, used_size=10002432 bytes (24.4%)
(RDMA_READ_CONSUME_CHECK_CONSUMER) timestamp=2403 ms, used_size=10000384 bytes (24.4%)
(RDMA_READ_CONSUME_CHECK_CONSUMER) timestamp=2403 ms, used_size=9998336 bytes (24.4%)
(RDMA_READ_CONSUME_CHECK_CONSUMER) timestamp=2403 ms, used_size=9996288 bytes (24.4%)
(RDMA_READ_CONSUME_CHECK_CONSUMER) timestamp=2403 ms, used_size=9994240 bytes (24.4%)
(RDMA_READ_CONSUME_CHECK_CONSUMER) timestamp=2403 ms, used_size=9992192 bytes (24.4%)
(RDMA_READ_CONSUME_CHECK_CONSUMER) timestamp=2403 ms, used_size=9990144 bytes (24.4%)
(RDMA_READ_CONSUME_CHECK_CONSUMER) timestamp=2403 ms, used_size=9988096 bytes (24.4%)
(RDMA_READ_CONSUME_CHECK_CONSUMER) timestamp=2403 ms, used_size=9986048 bytes (24.4%)
(RDMA_READ_CONSUME_CHECK_CONSUMER) timestamp=2403 ms, used_size=9984000 bytes (24.4%)
(RDMA_READ_CONSUME_CHECK_CONSUMER) timestamp=2403 ms, used_size=9981952 bytes (24.4%)
(RDMA_READ_CONSUME_CHECK_CONSUMER) timestamp=2403 ms, used_size=9979904 bytes (24.4%)
(RDMA_READ_CONSUME_CHECK_CONSUMER) timestamp=2403 ms, used_size=9977856 bytes (24.4%)
(RDMA_READ_CONSUME_CHECK_CONSUMER) timestamp=2403 ms, used_size=9975808 bytes (24.4%)
(RDMA_READ_CONSUME_CHECK_CONSUMER) timestamp=2403 ms, used_size=9973760 bytes (24.4%)
(RDMA_READ_CONSUME_CHECK_CONSUMER) timestamp=2403 ms, used_size=9971712 bytes (24.3%)
(RDMA_READ_CONSUME_CHECK_CONSUMER) timestamp=2403 ms, used_size=9969664 bytes (24.3%)
(RDMA_READ_CONSUME_CHECK_CONSUMER) timestamp=2404 ms, used_size=9967616 bytes (24.3%)
(RDMA_READ_CONSUME_CHECK_CONSUMER) timestamp=2404 ms, used_size=9965568 bytes (24.3%)
(RDMA_READ_CONSUME_CHECK_CONSUMER) timestamp=2404 ms, used_size=9963520 bytes (24.3%)
(RDMA_READ_CONSUME_CHECK_CONSUMER) timestamp=2404 ms, used_size=9961472 bytes (24.3%)
(RDMA_READ_CONSUME_CHECK_CONSUMER) timestamp=2404 ms, used_size=9959424 bytes (24.3%)
(RDMA_READ_CONSUME_CHECK_CONSUMER) timestamp=2404 ms, used_size=9957376 bytes (24.3%)
(RDMA_READ_CONSUME_CHECK_CONSUMER) timestamp=2404 ms, used_size=9955328 bytes (24.3%)
(RDMA_READ_CONSUME_CHECK_CONSUMER) timestamp=2404 ms, used_size=9953280 bytes (24.3%)
(RDMA_READ_CONSUME_CHECK_CONSUMER) timestamp=2404 ms, used_size=9951232 bytes (24.3%)
(RDMA_READ_CONSUME_CHECK_CONSUMER) timestamp=2404 ms, used_size=9949184 bytes (24.3%)
(RDMA_READ_CONSUME_CHECK_CONSUMER) timestamp=2404 ms, used_size=9947136 bytes (24.3%)
(RDMA_READ_CONSUME_CHECK_CONSUMER) timestamp=2404 ms, used_size=9945088 bytes (24.3%)
(RDMA_READ_CONSUME_CHECK_CONSUMER) timestamp=2404 ms, used_size=9943040 bytes (24.3%)
(RDMA_READ_CONSUME_CHECK_CONSUMER) timestamp=2404 ms, used_size=9940992 bytes (24.3%)
(RDMA_READ_CONSUME_CHECK_CONSUMER) timestamp=2404 ms, used_size=9938944 bytes (24.3%)
(RDMA_READ_CONSUME_CHECK_CONSUMER) timestamp=2404 ms, used_size=9936896 bytes (24.3%)
(RDMA_READ_CONSUME_CHECK_CONSUMER) timestamp=2404 ms, used_size=9934848 bytes (24.3%)
(RDMA_READ_CONSUME_CHECK_CONSUMER) timestamp=2404 ms, used_size=9932800 bytes (24.2%)
(RDMA_READ_CONSUME_CHECK_CONSUMER) timestamp=2404 ms, used_size=9930752 bytes (24.2%)
(RDMA_READ_CONSUME_CHECK_CONSUMER) timestamp=2404 ms, used_size=9928704 bytes (24.2%)
(RDMA_READ_CONSUME_CHECK_CONSUMER) timestamp=2404 ms, used_size=9926656 bytes (24.2%)
(RDMA_READ_CONSUME_CHECK_CONSUMER) timestamp=2404 ms, used_size=9924608 bytes (24.2%)
(RDMA_READ_CONSUME_CHECK_CONSUMER) timestamp=2404 ms, used_size=9922560 bytes (24.2%)
(RDMA_READ_CONSUME_CHECK_CONSUMER) timestamp=2404 ms, used_size=9920512 bytes (24.2%)
(RDMA_READ_CONSUME_CHECK_CONSUMER) timestamp=2404 ms, used_size=9918464 bytes (24.2%)
(RDMA_READ_CONSUME_CHECK_CONSUMER) timestamp=2404 ms, used_size=9916416 bytes (24.2%)
(RDMA_READ_CONSUME_CHECK_CONSUMER) timestamp=2404 ms, used_size=9914368 bytes (24.2%)
(RDMA_READ_CONSUME_CHECK_CONSUMER) timestamp=2404 ms, used_size=9912320 bytes (24.2%)
(RDMA_READ_CONSUME_CHECK_CONSUMER) timestamp=2404 ms, used_size=9910272 bytes (24.2%)
(RDMA_READ_CONSUME_CHECK_CONSUMER) timestamp=2404 ms, used_size=9908224 bytes (24.2%)
(RDMA_READ_CONSUME_CHECK_CONSUMER) timestamp=2404 ms, used_size=9906176 bytes (24.2%)
(RDMA_READ_CONSUME_CHECK_CONSUMER) timestamp=2404 ms, used_size=9904128 bytes (24.2%)
(RDMA_READ_CONSUME_CHECK_CONSUMER) timestamp=2404 ms, used_size=9902080 bytes (24.2%)
(RDMA_READ_CONSUME_CHECK_CONSUMER) timestamp=2404 ms, used_size=9900032 bytes (24.2%)
(RDMA_READ_CONSUME_CHECK_CONSUMER) timestamp=2404 ms, used_size=9897984 bytes (24.2%)
(RDMA_READ_CONSUME_CHECK_CONSUMER) timestamp=2404 ms, used_size=9895936 bytes (24.2%)
(RDMA_READ_CONSUME_CHECK_CONSUMER) timestamp=2404 ms, used_size=9893888 bytes (24.2%)
(RDMA_READ_CONSUME_CHECK_CONSUMER) timestamp=2404 ms, used_size=9891840 bytes (24.1%)
(RDMA_READ_CONSUME_CHECK_CONSUMER) timestamp=2404 ms, used_size=9889792 bytes (24.1%)
(RDMA_READ_CONSUME_CHECK_CONSUMER) timestamp=2404 ms, used_size=9887744 bytes (24.1%)
(RDMA_READ_CONSUME_CHECK_CONSUMER) timestamp=2404 ms, used_size=9885696 bytes (24.1%)
(RDMA_READ_CONSUME_CHECK_CONSUMER) timestamp=2404 ms, used_size=9883648 bytes (24.1%)
(RDMA_READ_CONSUME_CHECK_CONSUMER) timestamp=2404 ms, used_size=9881600 bytes (24.1%)
(RDMA_READ_CONSUME_CHECK_CONSUMER) timestamp=2404 ms, used_size=9879552 bytes (24.1%)
(RDMA_READ_CONSUME_CHECK_CONSUMER) timestamp=2404 ms, used_size=9877504 bytes (24.1%)
(RDMA_READ_CONSUME_CHECK_CONSUMER) timestamp=2404 ms, used_size=9875456 bytes (24.1%)
(RDMA_READ_CONSUME_CHECK_CONSUMER) timestamp=2404 ms, used_size=9873408 bytes (24.1%)
(RDMA_READ_CONSUME_CHECK_CONSUMER) timestamp=2404 ms, used_size=9871360 bytes (24.1%)
(RDMA_READ_CONSUME_CHECK_CONSUMER) timestamp=2404 ms, used_size=9869312 bytes (24.1%)
(RDMA_READ_CONSUME_CHECK_CONSUMER) timestamp=2404 ms, used_size=9867264 bytes (24.1%)
(RDMA_READ_CONSUME_CHECK_CONSUMER) timestamp=2404 ms, used_size=9865216 bytes (24.1%)
(RDMA_READ_CONSUME_CHECK_CONSUMER) timestamp=2404 ms, used_size=9863168 bytes (24.1%)
(RDMA_READ_CONSUME_CHECK_CONSUMER) timestamp=2404 ms, used_size=9861120 bytes (24.1%)
(RDMA_READ_CONSUME_CHECK_CONSUMER) timestamp=2404 ms, used_size=9859072 bytes (24.1%)
(RDMA_READ_CONSUME_CHECK_CONSUMER) timestamp=2404 ms, used_size=9857024 bytes (24.1%)
(RDMA_READ_CONSUME_CHECK_CONSUMER) timestamp=2404 ms, used_size=9854976 bytes (24.1%)
(RDMA_READ_CONSUME_CHECK_CONSUMER) timestamp=2404 ms, used_size=9852928 bytes (24.1%)
(RDMA_READ_CONSUME_CHECK_CONSUMER) timestamp=2404 ms, used_size=9850880 bytes (24.1%)
(RDMA_READ_CONSUME_CHECK_CONSUMER) timestamp=2404 ms, used_size=9848832 bytes (24.0%)
(RDMA_READ_CONSUME_CHECK_CONSUMER) timestamp=2404 ms, used_size=9846784 bytes (24.0%)
(RDMA_READ_CONSUME_CHECK_CONSUMER) timestamp=2404 ms, used_size=9844736 bytes (24.0%)
(RDMA_READ_CONSUME_CHECK_CONSUMER) timestamp=2404 ms, used_size=9842688 bytes (24.0%)
(RDMA_READ_CONSUME_CHECK_CONSUMER) timestamp=2404 ms, used_size=9840640 bytes (24.0%)
(RDMA_READ_CONSUME_CHECK_CONSUMER) timestamp=2404 ms, used_size=9838592 bytes (24.0%)
(RDMA_READ_CONSUME_CHECK_CONSUMER) timestamp=2404 ms, used_size=9836544 bytes (24.0%)
(RDMA_READ_CONSUME_CHECK_CONSUMER) timestamp=2404 ms, used_size=9834496 bytes (24.0%)
(RDMA_READ_CONSUME_CHECK_CONSUMER) timestamp=2404 ms, used_size=9832448 bytes (24.0%)
(RDMA_READ_CONSUME_CHECK_CONSUMER) timestamp=2404 ms, used_size=9830400 bytes (24.0%)
(RDMA_READ_CONSUME_CHECK_CONSUMER) timestamp=2404 ms, used_size=9828352 bytes (24.0%)
(RDMA_READ_CONSUME_CHECK_CONSUMER) timestamp=2404 ms, used_size=9826304 bytes (24.0%)
(RDMA_READ_CONSUME_CHECK_CONSUMER) timestamp=2404 ms, used_size=9824256 bytes (24.0%)
(RDMA_READ_CONSUME_CHECK_CONSUMER) timestamp=2404 ms, used_size=9822208 bytes (24.0%)
(RDMA_READ_CONSUME_CHECK_CONSUMER) timestamp=2404 ms, used_size=9820160 bytes (24.0%)
(RDMA_READ_CONSUME_CHECK_CONSUMER) timestamp=2404 ms, used_size=9818112 bytes (24.0%)
(RDMA_READ_CONSUME_CHECK_CONSUMER) timestamp=2404 ms, used_size=9816064 bytes (24.0%)
(RDMA_READ_CONSUME_CHECK_CONSUMER) timestamp=2404 ms, used_size=9814016 bytes (24.0%)
(RDMA_READ_CONSUME_CHECK_CONSUMER) timestamp=2404 ms, used_size=9811968 bytes (24.0%)
(RDMA_READ_CONSUME_CHECK_CONSUMER) timestamp=2404 ms, used_size=9809920 bytes (23.9%)
(RDMA_READ_CONSUME_CHECK_CONSUMER) timestamp=2404 ms, used_size=9807872 bytes (23.9%)
(RDMA_READ_CONSUME_CHECK_CONSUMER) timestamp=2404 ms, used_size=9805824 bytes (23.9%)
(RDMA_READ_CONSUME_CHECK_CONSUMER) timestamp=2404 ms, used_size=9803776 bytes (23.9%)
(RDMA_READ_CONSUME_CHECK_CONSUMER) timestamp=2404 ms, used_size=9801728 bytes (23.9%)
(RDMA_READ_CONSUME_CHECK_CONSUMER) timestamp=2404 ms, used_size=9799680 bytes (23.9%)
(RDMA_READ_CONSUME_CHECK_CONSUMER) timestamp=2404 ms, used_size=9797632 bytes (23.9%)
(RDMA_READ_CONSUME_CHECK_CONSUMER) timestamp=2404 ms, used_size=9795584 bytes (23.9%)
(RDMA_READ_CONSUME_CHECK_CONSUMER) timestamp=2404 ms, used_size=9793536 bytes (23.9%)
(RDMA_READ_CONSUME_CHECK_CONSUMER) timestamp=2404 ms, used_size=9791488 bytes (23.9%)
(RDMA_READ_CONSUME_CHECK_CONSUMER) timestamp=2404 ms, used_size=9789440 bytes (23.9%)
(RDMA_READ_CONSUME_CHECK_CONSUMER) timestamp=2404 ms, used_size=9787392 bytes (23.9%)
(RDMA_READ_CONSUME_CHECK_CONSUMER) timestamp=2404 ms, used_size=9785344 bytes (23.9%)
(RDMA_READ_CONSUME_CHECK_CONSUMER) timestamp=2404 ms, used_size=9783296 bytes (23.9%)
(RDMA_READ_CONSUME_CHECK_CONSUMER) timestamp=2404 ms, used_size=9781248 bytes (23.9%)
(RDMA_READ_CONSUME_CHECK_CONSUMER) timestamp=2404 ms, used_size=9779200 bytes (23.9%)
(RDMA_READ_CONSUME_CHECK_CONSUMER) timestamp=2404 ms, used_size=9777152 bytes (23.9%)
(RDMA_READ_CONSUME_CHECK_CONSUMER) timestamp=2404 ms, used_size=9775104 bytes (23.9%)
(RDMA_READ_CONSUME_CHECK_CONSUMER) timestamp=2404 ms, used_size=9773056 bytes (23.9%)
(RDMA_READ_CONSUME_CHECK_CONSUMER) timestamp=2404 ms, used_size=9771008 bytes (23.9%)
(RDMA_READ_CONSUME_CHECK_CONSUMER) timestamp=2404 ms, used_size=9768960 bytes (23.9%)
(RDMA_READ_CONSUME_CHECK_CONSUMER) timestamp=2404 ms, used_size=9766912 bytes (23.8%)
(RDMA_READ_CONSUME_CHECK_CONSUMER) timestamp=2404 ms, used_size=9764864 bytes (23.8%)
(RDMA_READ_CONSUME_CHECK_CONSUMER) timestamp=2404 ms, used_size=9762816 bytes (23.8%)
(RDMA_READ_CONSUME_CHECK_CONSUMER) timestamp=2404 ms, used_size=9760768 bytes (23.8%)
(RDMA_READ_CONSUME_CHECK_CONSUMER) timestamp=2404 ms, used_size=9758720 bytes (23.8%)
(RDMA_READ_CONSUME_CHECK_CONSUMER) timestamp=2404 ms, used_size=9756672 bytes (23.8%)
(RDMA_READ_CONSUME_CHECK_CONSUMER) timestamp=2404 ms, used_size=9754624 bytes (23.8%)
(RDMA_READ_CONSUME_CHECK_CONSUMER) timestamp=2404 ms, used_size=9752576 bytes (23.8%)
(RDMA_READ_CONSUME_CHECK_CONSUMER) timestamp=2404 ms, used_size=9750528 bytes (23.8%)
(RDMA_READ_CONSUME_CHECK_CONSUMER) timestamp=2404 ms, used_size=9748480 bytes (23.8%)
(RDMA_READ_CONSUME_CHECK_CONSUMER) timestamp=2404 ms, used_size=9746432 bytes (23.8%)
(RDMA_READ_CONSUME_CHECK_CONSUMER) timestamp=2404 ms, used_size=9744384 bytes (23.8%)
(RDMA_READ_CONSUME_CHECK_CONSUMER) timestamp=2404 ms, used_size=9742336 bytes (23.8%)
(RDMA_READ_CONSUME_CHECK_CONSUMER) timestamp=2404 ms, used_size=9740288 bytes (23.8%)
(RDMA_READ_CONSUME_CHECK_CONSUMER) timestamp=2404 ms, used_size=9738240 bytes (23.8%)
(RDMA_READ_CONSUME_CHECK_CONSUMER) timestamp=2404 ms, used_size=9736192 bytes (23.8%)
(RDMA_READ_CONSUME_CHECK_CONSUMER) timestamp=2404 ms, used_size=9734144 bytes (23.8%)
(RDMA_READ_CONSUME_CHECK_CONSUMER) timestamp=2404 ms, used_size=9732096 bytes (23.8%)
(RDMA_READ_CONSUME_CHECK_CONSUMER) timestamp=2404 ms, used_size=9730048 bytes (23.8%)
(RDMA_READ_CONSUME_CHECK_CONSUMER) timestamp=2404 ms, used_size=9728000 bytes (23.8%)
(RDMA_READ_CONSUME_CHECK_CONSUMER) timestamp=2404 ms, used_size=9725952 bytes (23.7%)
(RDMA_READ_CONSUME_CHECK_CONSUMER) timestamp=2404 ms, used_size=9723904 bytes (23.7%)
(RDMA_READ_CONSUME_CHECK_CONSUMER) timestamp=2404 ms, used_size=9721856 bytes (23.7%)
(RDMA_READ_CONSUME_CHECK_CONSUMER) timestamp=2404 ms, used_size=9719808 bytes (23.7%)
(RDMA_READ_CONSUME_CHECK_CONSUMER) timestamp=2404 ms, used_size=9717760 bytes (23.7%)
(RDMA_READ_CONSUME_CHECK_CONSUMER) timestamp=2404 ms, used_size=9715712 bytes (23.7%)
(RDMA_READ_CONSUME_CHECK_CONSUMER) timestamp=2404 ms, used_size=9713664 bytes (23.7%)
(RDMA_READ_CONSUME_CHECK_CONSUMER) timestamp=2404 ms, used_size=9711616 bytes (23.7%)
(RDMA_READ_CONSUME_CHECK_CONSUMER) timestamp=2404 ms, used_size=9709568 bytes (23.7%)
(RDMA_READ_CONSUME_CHECK_CONSUMER) timestamp=2404 ms, used_size=9707520 bytes (23.7%)
(RDMA_READ_CONSUME_CHECK_CONSUMER) timestamp=2404 ms, used_size=9705472 bytes (23.7%)
(RDMA_READ_CONSUME_CHECK_CONSUMER) timestamp=2404 ms, used_size=9703424 bytes (23.7%)
(RDMA_READ_CONSUME_CHECK_CONSUMER) timestamp=2404 ms, used_size=9701376 bytes (23.7%)
(RDMA_READ_CONSUME_CHECK_CONSUMER) timestamp=2404 ms, used_size=9699328 bytes (23.7%)
(RDMA_READ_CONSUME_CHECK_CONSUMER) timestamp=2404 ms, used_size=9697280 bytes (23.7%)
(RDMA_READ_CONSUME_CHECK_CONSUMER) timestamp=2404 ms, used_size=9695232 bytes (23.7%)
(RDMA_READ_CONSUME_CHECK_CONSUMER) timestamp=2404 ms, used_size=9693184 bytes (23.7%)
(RDMA_READ_CONSUME_CHECK_CONSUMER) timestamp=2404 ms, used_size=9691136 bytes (23.7%)
(RDMA_READ_CONSUME_CHECK_CONSUMER) timestamp=2404 ms, used_size=9689088 bytes (23.7%)
(RDMA_READ_CONSUME_CHECK_CONSUMER) timestamp=2404 ms, used_size=9687040 bytes (23.6%)
(RDMA_READ_CONSUME_CHECK_CONSUMER) timestamp=2404 ms, used_size=9684992 bytes (23.6%)
(RDMA_READ_CONSUME_CHECK_CONSUMER) timestamp=2404 ms, used_size=9682944 bytes (23.6%)
(RDMA_READ_CONSUME_CHECK_CONSUMER) timestamp=2404 ms, used_size=9680896 bytes (23.6%)
(RDMA_READ_CONSUME_CHECK_CONSUMER) timestamp=2404 ms, used_size=9678848 bytes (23.6%)
(RDMA_READ_CONSUME_CHECK_CONSUMER) timestamp=2404 ms, used_size=9676800 bytes (23.6%)
(RDMA_READ_CONSUME_CHECK_CONSUMER) timestamp=2404 ms, used_size=9674752 bytes (23.6%)
(RDMA_READ_CONSUME_CHECK_CONSUMER) timestamp=2404 ms, used_size=9672704 bytes (23.6%)
(RDMA_READ_CONSUME_CHECK_CONSUMER) timestamp=2404 ms, used_size=9670656 bytes (23.6%)
(RDMA_READ_CONSUME_CHECK_CONSUMER) timestamp=2404 ms, used_size=9668608 bytes (23.6%)
(RDMA_READ_CONSUME_CHECK_CONSUMER) timestamp=2404 ms, used_size=9666560 bytes (23.6%)
(RDMA_READ_CONSUME_CHECK_CONSUMER) timestamp=2404 ms, used_size=9664512 bytes (23.6%)
(RDMA_READ_CONSUME_CHECK_CONSUMER) timestamp=2404 ms, used_size=9662464 bytes (23.6%)
(RDMA_READ_CONSUME_CHECK_CONSUMER) timestamp=2404 ms, used_size=9660416 bytes (23.6%)
(RDMA_READ_CONSUME_CHECK_CONSUMER) timestamp=2404 ms, used_size=9658368 bytes (23.6%)
(RDMA_READ_CONSUME_CHECK_CONSUMER) timestamp=2404 ms, used_size=9656320 bytes (23.6%)
(RDMA_READ_CONSUME_CHECK_CONSUMER) timestamp=2404 ms, used_size=9654272 bytes (23.6%)
(RDMA_READ_CONSUME_CHECK_CONSUMER) timestamp=2404 ms, used_size=9652224 bytes (23.6%)
(RDMA_READ_CONSUME_CHECK_CONSUMER) timestamp=2404 ms, used_size=9650176 bytes (23.6%)
(RDMA_READ_CONSUME_CHECK_CONSUMER) timestamp=2404 ms, used_size=9648128 bytes (23.6%)
(RDMA_READ_CONSUME_CHECK_CONSUMER) timestamp=2404 ms, used_size=9646080 bytes (23.6%)
(RDMA_READ_CONSUME_CHECK_CONSUMER) timestamp=2404 ms, used_size=9644032 bytes (23.5%)
(RDMA_READ_CONSUME_CHECK_CONSUMER) timestamp=2404 ms, used_size=9641984 bytes (23.5%)
(RDMA_READ_CONSUME_CHECK_CONSUMER) timestamp=2404 ms, used_size=9639936 bytes (23.5%)
(RDMA_READ_CONSUME_CHECK_CONSUMER) timestamp=2404 ms, used_size=9637888 bytes (23.5%)
(RDMA_READ_CONSUME_CHECK_CONSUMER) timestamp=2404 ms, used_size=9635840 bytes (23.5%)
(RDMA_READ_CONSUME_CHECK_CONSUMER) timestamp=2404 ms, used_size=9633792 bytes (23.5%)
(RDMA_READ_CONSUME_CHECK_CONSUMER) timestamp=2404 ms, used_size=9631744 bytes (23.5%)
(RDMA_READ_CONSUME_CHECK_CONSUMER) timestamp=2404 ms, used_size=9629696 bytes (23.5%)
(RDMA_READ_CONSUME_CHECK_CONSUMER) timestamp=2404 ms, used_size=9627648 bytes (23.5%)
(RDMA_READ_CONSUME_CHECK_CONSUMER) timestamp=2404 ms, used_size=9625600 bytes (23.5%)
(RDMA_READ_CONSUME_CHECK_CONSUMER) timestamp=2404 ms, used_size=9623552 bytes (23.5%)
(RDMA_READ_CONSUME_CHECK_CONSUMER) timestamp=2404 ms, used_size=9621504 bytes (23.5%)
(RDMA_READ_CONSUME_CHECK_CONSUMER) timestamp=2404 ms, used_size=9619456 bytes (23.5%)
(RDMA_READ_CONSUME_CHECK_CONSUMER) timestamp=2404 ms, used_size=9617408 bytes (23.5%)
(RDMA_READ_CONSUME_CHECK_CONSUMER) timestamp=2405 ms, used_size=9615360 bytes (23.5%)
(RDMA_READ_CONSUME_CHECK_CONSUMER) timestamp=2405 ms, used_size=9613312 bytes (23.5%)
(RDMA_READ_CONSUME_CHECK_CONSUMER) timestamp=2405 ms, used_size=9611264 bytes (23.5%)
(RDMA_READ_CONSUME_CHECK_CONSUMER) timestamp=2405 ms, used_size=9609216 bytes (23.5%)
(RDMA_READ_CONSUME_CHECK_CONSUMER) timestamp=2405 ms, used_size=9607168 bytes (23.5%)
(RDMA_READ_CONSUME_CHECK_CONSUMER) timestamp=2405 ms, used_size=9605120 bytes (23.4%)
(RDMA_READ_CONSUME_CHECK_CONSUMER) timestamp=2405 ms, used_size=9603072 bytes (23.4%)
(RDMA_READ_CONSUME_CHECK_CONSUMER) timestamp=2405 ms, used_size=9601024 bytes (23.4%)
(RDMA_READ_CONSUME_CHECK_CONSUMER) timestamp=2405 ms, used_size=9598976 bytes (23.4%)
(RDMA_READ_CONSUME_CHECK_CONSUMER) timestamp=2405 ms, used_size=9596928 bytes (23.4%)
(RDMA_READ_CONSUME_CHECK_CONSUMER) timestamp=2405 ms, used_size=9594880 bytes (23.4%)
(RDMA_READ_CONSUME_CHECK_CONSUMER) timestamp=2405 ms, used_size=9592832 bytes (23.4%)
(RDMA_READ_CONSUME_CHECK_CONSUMER) timestamp=2405 ms, used_size=9590784 bytes (23.4%)
(RDMA_READ_CONSUME_CHECK_CONSUMER) timestamp=2405 ms, used_size=9588736 bytes (23.4%)
(RDMA_READ_CONSUME_CHECK_CONSUMER) timestamp=2405 ms, used_size=9586688 bytes (23.4%)
(RDMA_READ_CONSUME_CHECK_CONSUMER) timestamp=2405 ms, used_size=9584640 bytes (23.4%)
(RDMA_READ_CONSUME_CHECK_CONSUMER) timestamp=2405 ms, used_size=9582592 bytes (23.4%)
(RDMA_READ_CONSUME_CHECK_CONSUMER) timestamp=2405 ms, used_size=9580544 bytes (23.4%)
(RDMA_READ_CONSUME_CHECK_CONSUMER) timestamp=2405 ms, used_size=9578496 bytes (23.4%)
(RDMA_READ_CONSUME_CHECK_CONSUMER) timestamp=2405 ms, used_size=9576448 bytes (23.4%)
(RDMA_READ_CONSUME_CHECK_CONSUMER) timestamp=2405 ms, used_size=9574400 bytes (23.4%)
(RDMA_READ_CONSUME_CHECK_CONSUMER) timestamp=2405 ms, used_size=9572352 bytes (23.4%)
(RDMA_READ_CONSUME_CHECK_CONSUMER) timestamp=2405 ms, used_size=9570304 bytes (23.4%)
(RDMA_READ_CONSUME_CHECK_CONSUMER) timestamp=2405 ms, used_size=9568256 bytes (23.4%)
(RDMA_READ_CONSUME_CHECK_CONSUMER) timestamp=2405 ms, used_size=9566208 bytes (23.4%)
(RDMA_READ_CONSUME_CHECK_CONSUMER) timestamp=2405 ms, used_size=9564160 bytes (23.4%)
(RDMA_READ_CONSUME_CHECK_CONSUMER) timestamp=2405 ms, used_size=9562112 bytes (23.3%)
(RDMA_READ_CONSUME_CHECK_CONSUMER) timestamp=2405 ms, used_size=9560064 bytes (23.3%)
(RDMA_READ_CONSUME_CHECK_CONSUMER) timestamp=2405 ms, used_size=9558016 bytes (23.3%)
(RDMA_READ_CONSUME_CHECK_CONSUMER) timestamp=2405 ms, used_size=9555968 bytes (23.3%)
(RDMA_READ_CONSUME_CHECK_CONSUMER) timestamp=2405 ms, used_size=9553920 bytes (23.3%)
(RDMA_READ_CONSUME_CHECK_CONSUMER) timestamp=2405 ms, used_size=9551872 bytes (23.3%)
(RDMA_READ_CONSUME_CHECK_CONSUMER) timestamp=2405 ms, used_size=9549824 bytes (23.3%)
(RDMA_READ_CONSUME_CHECK_CONSUMER) timestamp=2405 ms, used_size=9547776 bytes (23.3%)
(RDMA_READ_CONSUME_CHECK_CONSUMER) timestamp=2405 ms, used_size=9545728 bytes (23.3%)
(RDMA_READ_CONSUME_CHECK_CONSUMER) timestamp=2405 ms, used_size=9543680 bytes (23.3%)
(RDMA_READ_CONSUME_CHECK_CONSUMER) timestamp=2405 ms, used_size=9541632 bytes (23.3%)
(RDMA_READ_CONSUME_CHECK_CONSUMER) timestamp=2405 ms, used_size=9539584 bytes (23.3%)
(RDMA_READ_CONSUME_CHECK_CONSUMER) timestamp=2405 ms, used_size=9537536 bytes (23.3%)
(RDMA_READ_CONSUME_CHECK_CONSUMER) timestamp=2405 ms, used_size=9535488 bytes (23.3%)
(RDMA_READ_CONSUME_CHECK_CONSUMER) timestamp=2405 ms, used_size=9533440 bytes (23.3%)
(RDMA_READ_CONSUME_CHECK_CONSUMER) timestamp=2405 ms, used_size=9531392 bytes (23.3%)
(RDMA_READ_CONSUME_CHECK_CONSUMER) timestamp=2405 ms, used_size=9529344 bytes (23.3%)
(RDMA_READ_CONSUME_CHECK_CONSUMER) timestamp=2405 ms, used_size=9527296 bytes (23.3%)
(RDMA_READ_CONSUME_CHECK_CONSUMER) timestamp=2405 ms, used_size=9525248 bytes (23.3%)
(RDMA_READ_CONSUME_CHECK_CONSUMER) timestamp=2405 ms, used_size=9523200 bytes (23.2%)
(RDMA_READ_CONSUME_CHECK_CONSUMER) timestamp=2405 ms, used_size=9521152 bytes (23.2%)
(RDMA_READ_CONSUME_CHECK_CONSUMER) timestamp=2405 ms, used_size=9519104 bytes (23.2%)
(RDMA_READ_CONSUME_CHECK_CONSUMER) timestamp=2405 ms, used_size=9517056 bytes (23.2%)
(RDMA_READ_CONSUME_CHECK_CONSUMER) timestamp=2405 ms, used_size=9515008 bytes (23.2%)
(RDMA_READ_CONSUME_CHECK_CONSUMER) timestamp=2405 ms, used_size=9512960 bytes (23.2%)
(RDMA_READ_CONSUME_CHECK_CONSUMER) timestamp=2405 ms, used_size=9510912 bytes (23.2%)
(RDMA_READ_CONSUME_CHECK_CONSUMER) timestamp=2405 ms, used_size=9508864 bytes (23.2%)
(RDMA_READ_CONSUME_CHECK_CONSUMER) timestamp=2405 ms, used_size=9506816 bytes (23.2%)
(RDMA_READ_CONSUME_CHECK_CONSUMER) timestamp=2405 ms, used_size=9504768 bytes (23.2%)
(RDMA_READ_CONSUME_CHECK_CONSUMER) timestamp=2405 ms, used_size=9502720 bytes (23.2%)
(RDMA_READ_CONSUME_CHECK_CONSUMER) timestamp=2405 ms, used_size=9500672 bytes (23.2%)
(RDMA_READ_CONSUME_CHECK_CONSUMER) timestamp=2405 ms, used_size=9498624 bytes (23.2%)
(RDMA_READ_CONSUME_CHECK_CONSUMER) timestamp=2405 ms, used_size=9496576 bytes (23.2%)
(RDMA_READ_CONSUME_CHECK_CONSUMER) timestamp=2405 ms, used_size=9494528 bytes (23.2%)
(RDMA_READ_CONSUME_CHECK_CONSUMER) timestamp=2405 ms, used_size=9492480 bytes (23.2%)
(RDMA_READ_CONSUME_CHECK_CONSUMER) timestamp=2405 ms, used_size=9490432 bytes (23.2%)
(RDMA_READ_CONSUME_CHECK_CONSUMER) timestamp=2405 ms, used_size=9488384 bytes (23.2%)
(RDMA_READ_CONSUME_CHECK_CONSUMER) timestamp=2405 ms, used_size=9486336 bytes (23.2%)
(RDMA_READ_CONSUME_CHECK_CONSUMER) timestamp=2405 ms, used_size=9484288 bytes (23.2%)
(RDMA_READ_CONSUME_CHECK_CONSUMER) timestamp=2405 ms, used_size=9482240 bytes (23.1%)
(RDMA_READ_CONSUME_CHECK_CONSUMER) timestamp=2405 ms, used_size=9480192 bytes (23.1%)
(RDMA_READ_CONSUME_CHECK_CONSUMER) timestamp=2405 ms, used_size=9478144 bytes (23.1%)
(RDMA_READ_CONSUME_CHECK_CONSUMER) timestamp=2405 ms, used_size=9476096 bytes (23.1%)
(RDMA_READ_CONSUME_CHECK_CONSUMER) timestamp=2405 ms, used_size=9474048 bytes (23.1%)
(RDMA_READ_CONSUME_CHECK_CONSUMER) timestamp=2405 ms, used_size=9472000 bytes (23.1%)
(RDMA_READ_CONSUME_CHECK_CONSUMER) timestamp=2405 ms, used_size=9469952 bytes (23.1%)
(RDMA_READ_CONSUME_CHECK_CONSUMER) timestamp=2405 ms, used_size=9467904 bytes (23.1%)
(RDMA_READ_CONSUME_CHECK_CONSUMER) timestamp=2405 ms, used_size=9465856 bytes (23.1%)
(RDMA_READ_CONSUME_CHECK_CONSUMER) timestamp=2405 ms, used_size=9463808 bytes (23.1%)
(RDMA_READ_CONSUME_CHECK_CONSUMER) timestamp=2405 ms, used_size=9461760 bytes (23.1%)
(RDMA_READ_CONSUME_CHECK_CONSUMER) timestamp=2405 ms, used_size=9459712 bytes (23.1%)
(RDMA_READ_CONSUME_CHECK_CONSUMER) timestamp=2405 ms, used_size=9457664 bytes (23.1%)
(RDMA_READ_CONSUME_CHECK_CONSUMER) timestamp=2405 ms, used_size=9455616 bytes (23.1%)
(RDMA_READ_CONSUME_CHECK_CONSUMER) timestamp=2405 ms, used_size=9453568 bytes (23.1%)
(RDMA_READ_CONSUME_CHECK_CONSUMER) timestamp=2405 ms, used_size=9451520 bytes (23.1%)
(RDMA_READ_CONSUME_CHECK_CONSUMER) timestamp=2405 ms, used_size=9449472 bytes (23.1%)
(RDMA_READ_CONSUME_CHECK_CONSUMER) timestamp=2405 ms, used_size=9447424 bytes (23.1%)
(RDMA_READ_CONSUME_CHECK_CONSUMER) timestamp=2405 ms, used_size=9445376 bytes (23.1%)
(RDMA_READ_CONSUME_CHECK_CONSUMER) timestamp=2405 ms, used_size=9443328 bytes (23.1%)
(RDMA_READ_CONSUME_CHECK_CONSUMER) timestamp=2405 ms, used_size=9441280 bytes (23.1%)
(RDMA_READ_CONSUME_CHECK_CONSUMER) timestamp=2405 ms, used_size=9439232 bytes (23.0%)
(RDMA_READ_CONSUME_CHECK_CONSUMER) timestamp=2405 ms, used_size=9437184 bytes (23.0%)
(RDMA_READ_CONSUME_CHECK_CONSUMER) timestamp=2405 ms, used_size=9435136 bytes (23.0%)
(RDMA_READ_CONSUME_CHECK_CONSUMER) timestamp=2405 ms, used_size=9433088 bytes (23.0%)
(RDMA_READ_CONSUME_CHECK_CONSUMER) timestamp=2405 ms, used_size=9431040 bytes (23.0%)
(RDMA_READ_CONSUME_CHECK_CONSUMER) timestamp=2405 ms, used_size=9428992 bytes (23.0%)
(RDMA_READ_CONSUME_CHECK_CONSUMER) timestamp=2405 ms, used_size=9426944 bytes (23.0%)
(RDMA_READ_CONSUME_CHECK_CONSUMER) timestamp=2405 ms, used_size=9424896 bytes (23.0%)
(RDMA_READ_CONSUME_CHECK_CONSUMER) timestamp=2405 ms, used_size=9422848 bytes (23.0%)
(RDMA_READ_CONSUME_CHECK_CONSUMER) timestamp=2405 ms, used_size=9420800 bytes (23.0%)
(RDMA_READ_CONSUME_CHECK_CONSUMER) timestamp=2405 ms, used_size=9418752 bytes (23.0%)
(RDMA_READ_CONSUME_CHECK_CONSUMER) timestamp=2405 ms, used_size=9416704 bytes (23.0%)
(RDMA_READ_CONSUME_CHECK_CONSUMER) timestamp=2405 ms, used_size=9414656 bytes (23.0%)
(RDMA_READ_CONSUME_CHECK_CONSUMER) timestamp=2405 ms, used_size=9412608 bytes (23.0%)
(RDMA_READ_CONSUME_CHECK_CONSUMER) timestamp=2405 ms, used_size=9410560 bytes (23.0%)
(RDMA_READ_CONSUME_CHECK_CONSUMER) timestamp=2405 ms, used_size=9408512 bytes (23.0%)
(RDMA_READ_CONSUME_CHECK_CONSUMER) timestamp=2405 ms, used_size=9406464 bytes (23.0%)
(RDMA_READ_CONSUME_CHECK_CONSUMER) timestamp=2405 ms, used_size=9404416 bytes (23.0%)
(RDMA_READ_CONSUME_CHECK_CONSUMER) timestamp=2405 ms, used_size=9402368 bytes (23.0%)
(RDMA_READ_CONSUME_CHECK_CONSUMER) timestamp=2405 ms, used_size=9400320 bytes (22.9%)
(RDMA_READ_CONSUME_CHECK_CONSUMER) timestamp=2405 ms, used_size=9398272 bytes (22.9%)
(RDMA_READ_CONSUME_CHECK_CONSUMER) timestamp=2405 ms, used_size=9396224 bytes (22.9%)
(RDMA_READ_CONSUME_CHECK_CONSUMER) timestamp=2405 ms, used_size=9394176 bytes (22.9%)
(RDMA_READ_CONSUME_CHECK_CONSUMER) timestamp=2405 ms, used_size=9392128 bytes (22.9%)
(RDMA_READ_CONSUME_CHECK_CONSUMER) timestamp=2405 ms, used_size=9390080 bytes (22.9%)
(RDMA_READ_CONSUME_CHECK_CONSUMER) timestamp=2405 ms, used_size=9388032 bytes (22.9%)
(RDMA_READ_CONSUME_CHECK_CONSUMER) timestamp=2405 ms, used_size=9385984 bytes (22.9%)
(RDMA_READ_CONSUME_CHECK_CONSUMER) timestamp=2405 ms, used_size=9383936 bytes (22.9%)
(RDMA_READ_CONSUME_CHECK_CONSUMER) timestamp=2405 ms, used_size=9381888 bytes (22.9%)
(RDMA_READ_CONSUME_CHECK_CONSUMER) timestamp=2405 ms, used_size=9379840 bytes (22.9%)
(RDMA_READ_CONSUME_CHECK_CONSUMER) timestamp=2405 ms, used_size=9377792 bytes (22.9%)
(RDMA_READ_CONSUME_CHECK_CONSUMER) timestamp=2405 ms, used_size=9375744 bytes (22.9%)
(RDMA_READ_CONSUME_CHECK_CONSUMER) timestamp=2405 ms, used_size=9373696 bytes (22.9%)
(RDMA_READ_CONSUME_CHECK_CONSUMER) timestamp=2405 ms, used_size=9371648 bytes (22.9%)
(RDMA_READ_CONSUME_CHECK_CONSUMER) timestamp=2405 ms, used_size=9369600 bytes (22.9%)
(RDMA_READ_CONSUME_CHECK_CONSUMER) timestamp=2405 ms, used_size=9367552 bytes (22.9%)
(RDMA_READ_CONSUME_CHECK_CONSUMER) timestamp=2405 ms, used_size=9365504 bytes (22.9%)
(RDMA_READ_CONSUME_CHECK_CONSUMER) timestamp=2405 ms, used_size=9363456 bytes (22.9%)
(RDMA_READ_CONSUME_CHECK_CONSUMER) timestamp=2405 ms, used_size=9361408 bytes (22.9%)
(RDMA_READ_CONSUME_CHECK_CONSUMER) timestamp=2405 ms, used_size=9359360 bytes (22.9%)
(RDMA_READ_CONSUME_CHECK_CONSUMER) timestamp=2405 ms, used_size=9357312 bytes (22.8%)
(RDMA_READ_CONSUME_CHECK_CONSUMER) timestamp=2405 ms, used_size=9355264 bytes (22.8%)
(RDMA_READ_CONSUME_CHECK_CONSUMER) timestamp=2405 ms, used_size=9353216 bytes (22.8%)
(RDMA_READ_CONSUME_CHECK_CONSUMER) timestamp=2405 ms, used_size=9351168 bytes (22.8%)
(RDMA_READ_CONSUME_CHECK_CONSUMER) timestamp=2405 ms, used_size=9349120 bytes (22.8%)
(RDMA_READ_CONSUME_CHECK_CONSUMER) timestamp=2405 ms, used_size=9347072 bytes (22.8%)
(RDMA_READ_CONSUME_CHECK_CONSUMER) timestamp=2405 ms, used_size=9345024 bytes (22.8%)
(RDMA_READ_CONSUME_CHECK_CONSUMER) timestamp=2405 ms, used_size=9342976 bytes (22.8%)
(RDMA_READ_CONSUME_CHECK_CONSUMER) timestamp=2405 ms, used_size=9340928 bytes (22.8%)
(RDMA_READ_CONSUME_CHECK_CONSUMER) timestamp=2405 ms, used_size=9338880 bytes (22.8%)
(RDMA_READ_CONSUME_CHECK_CONSUMER) timestamp=2405 ms, used_size=9336832 bytes (22.8%)
(RDMA_READ_CONSUME_CHECK_CONSUMER) timestamp=2405 ms, used_size=9334784 bytes (22.8%)
(RDMA_READ_CONSUME_CHECK_CONSUMER) timestamp=2405 ms, used_size=9332736 bytes (22.8%)
(RDMA_READ_CONSUME_CHECK_CONSUMER) timestamp=2405 ms, used_size=9330688 bytes (22.8%)
(RDMA_READ_CONSUME_CHECK_CONSUMER) timestamp=2405 ms, used_size=9328640 bytes (22.8%)
(RDMA_READ_CONSUME_CHECK_CONSUMER) timestamp=2405 ms, used_size=9326592 bytes (22.8%)
(RDMA_READ_CONSUME_CHECK_CONSUMER) timestamp=2405 ms, used_size=9324544 bytes (22.8%)
(RDMA_READ_CONSUME_CHECK_CONSUMER) timestamp=2405 ms, used_size=9322496 bytes (22.8%)
(RDMA_READ_CONSUME_CHECK_CONSUMER) timestamp=2405 ms, used_size=9320448 bytes (22.8%)
(RDMA_READ_CONSUME_CHECK_CONSUMER) timestamp=2405 ms, used_size=9318400 bytes (22.8%)
(RDMA_READ_CONSUME_CHECK_CONSUMER) timestamp=2405 ms, used_size=9316352 bytes (22.7%)
(RDMA_READ_CONSUME_CHECK_CONSUMER) timestamp=2405 ms, used_size=9314304 bytes (22.7%)
(RDMA_READ_CONSUME_CHECK_CONSUMER) timestamp=2405 ms, used_size=9312256 bytes (22.7%)
(RDMA_READ_CONSUME_CHECK_CONSUMER) timestamp=2405 ms, used_size=9310208 bytes (22.7%)
(RDMA_READ_CONSUME_CHECK_CONSUMER) timestamp=2405 ms, used_size=9308160 bytes (22.7%)
(RDMA_READ_CONSUME_CHECK_CONSUMER) timestamp=2405 ms, used_size=9306112 bytes (22.7%)
(RDMA_READ_CONSUME_CHECK_CONSUMER) timestamp=2405 ms, used_size=9304064 bytes (22.7%)
(RDMA_READ_CONSUME_CHECK_CONSUMER) timestamp=2405 ms, used_size=9302016 bytes (22.7%)
(RDMA_READ_CONSUME_CHECK_CONSUMER) timestamp=2405 ms, used_size=9299968 bytes (22.7%)
(RDMA_READ_CONSUME_CHECK_CONSUMER) timestamp=2405 ms, used_size=9297920 bytes (22.7%)
(RDMA_READ_CONSUME_CHECK_CONSUMER) timestamp=2405 ms, used_size=9295872 bytes (22.7%)
(RDMA_READ_CONSUME_CHECK_CONSUMER) timestamp=2405 ms, used_size=9293824 bytes (22.7%)
(RDMA_READ_CONSUME_CHECK_CONSUMER) timestamp=2405 ms, used_size=9291776 bytes (22.7%)
(RDMA_READ_CONSUME_CHECK_CONSUMER) timestamp=2405 ms, used_size=9289728 bytes (22.7%)
(RDMA_READ_CONSUME_CHECK_CONSUMER) timestamp=2405 ms, used_size=9287680 bytes (22.7%)
(RDMA_READ_CONSUME_CHECK_CONSUMER) timestamp=2405 ms, used_size=9285632 bytes (22.7%)
(RDMA_READ_CONSUME_CHECK_CONSUMER) timestamp=2405 ms, used_size=9283584 bytes (22.7%)
(RDMA_READ_CONSUME_CHECK_CONSUMER) timestamp=2405 ms, used_size=9281536 bytes (22.7%)
(RDMA_READ_CONSUME_CHECK_CONSUMER) timestamp=2405 ms, used_size=9279488 bytes (22.7%)
(RDMA_READ_CONSUME_CHECK_CONSUMER) timestamp=2405 ms, used_size=9277440 bytes (22.6%)
(RDMA_READ_CONSUME_CHECK_CONSUMER) timestamp=2406 ms, used_size=9275392 bytes (22.6%)
(RDMA_READ_CONSUME_CHECK_CONSUMER) timestamp=2406 ms, used_size=9273344 bytes (22.6%)
(RDMA_READ_CONSUME_CHECK_CONSUMER) timestamp=2406 ms, used_size=9271296 bytes (22.6%)
(RDMA_READ_CONSUME_CHECK_CONSUMER) timestamp=2406 ms, used_size=9269248 bytes (22.6%)
(RDMA_READ_CONSUME_CHECK_CONSUMER) timestamp=2406 ms, used_size=9267200 bytes (22.6%)
(RDMA_READ_CONSUME_CHECK_CONSUMER) timestamp=2406 ms, used_size=9265152 bytes (22.6%)
(RDMA_READ_CONSUME_CHECK_CONSUMER) timestamp=2406 ms, used_size=9263104 bytes (22.6%)
(RDMA_READ_CONSUME_CHECK_CONSUMER) timestamp=2406 ms, used_size=9261056 bytes (22.6%)
(RDMA_READ_CONSUME_CHECK_CONSUMER) timestamp=2406 ms, used_size=9259008 bytes (22.6%)
(RDMA_READ_CONSUME_CHECK_CONSUMER) timestamp=2406 ms, used_size=9256960 bytes (22.6%)
(RDMA_READ_CONSUME_CHECK_CONSUMER) timestamp=2406 ms, used_size=9254912 bytes (22.6%)
(RDMA_READ_CONSUME_CHECK_CONSUMER) timestamp=2406 ms, used_size=9252864 bytes (22.6%)
(RDMA_READ_CONSUME_CHECK_CONSUMER) timestamp=2406 ms, used_size=9250816 bytes (22.6%)
(RDMA_READ_CONSUME_CHECK_CONSUMER) timestamp=2406 ms, used_size=9248768 bytes (22.6%)
(RDMA_READ_CONSUME_CHECK_CONSUMER) timestamp=2406 ms, used_size=9246720 bytes (22.6%)
(RDMA_READ_CONSUME_CHECK_CONSUMER) timestamp=2406 ms, used_size=9244672 bytes (22.6%)
(RDMA_READ_CONSUME_CHECK_CONSUMER) timestamp=2406 ms, used_size=9242624 bytes (22.6%)
(RDMA_READ_CONSUME_CHECK_CONSUMER) timestamp=2406 ms, used_size=9240576 bytes (22.6%)
(RDMA_READ_CONSUME_CHECK_CONSUMER) timestamp=2406 ms, used_size=9238528 bytes (22.6%)
(RDMA_READ_CONSUME_CHECK_CONSUMER) timestamp=2406 ms, used_size=9236480 bytes (22.6%)
(RDMA_READ_CONSUME_CHECK_CONSUMER) timestamp=2406 ms, used_size=9234432 bytes (22.5%)
(RDMA_READ_CONSUME_CHECK_CONSUMER) timestamp=2406 ms, used_size=9232384 bytes (22.5%)
(RDMA_READ_CONSUME_CHECK_CONSUMER) timestamp=2406 ms, used_size=9230336 bytes (22.5%)
(RDMA_READ_CONSUME_CHECK_CONSUMER) timestamp=2406 ms, used_size=9228288 bytes (22.5%)
(RDMA_READ_CONSUME_CHECK_CONSUMER) timestamp=2406 ms, used_size=9226240 bytes (22.5%)
(RDMA_READ_CONSUME_CHECK_CONSUMER) timestamp=2406 ms, used_size=9224192 bytes (22.5%)
(RDMA_READ_CONSUME_CHECK_CONSUMER) timestamp=2406 ms, used_size=9222144 bytes (22.5%)
(RDMA_READ_CONSUME_CHECK_CONSUMER) timestamp=2406 ms, used_size=9220096 bytes (22.5%)
(RDMA_READ_CONSUME_CHECK_CONSUMER) timestamp=2406 ms, used_size=9218048 bytes (22.5%)
(RDMA_READ_CONSUME_CHECK_CONSUMER) timestamp=2406 ms, used_size=9216000 bytes (22.5%)
(RDMA_READ_CONSUME_CHECK_CONSUMER) timestamp=2406 ms, used_size=9213952 bytes (22.5%)
(RDMA_READ_CONSUME_CHECK_CONSUMER) timestamp=2406 ms, used_size=9211904 bytes (22.5%)
(RDMA_READ_CONSUME_CHECK_CONSUMER) timestamp=2406 ms, used_size=9209856 bytes (22.5%)
(RDMA_READ_CONSUME_CHECK_CONSUMER) timestamp=2406 ms, used_size=9207808 bytes (22.5%)
(RDMA_READ_CONSUME_CHECK_CONSUMER) timestamp=2406 ms, used_size=9205760 bytes (22.5%)
(RDMA_READ_CONSUME_CHECK_CONSUMER) timestamp=2406 ms, used_size=9203712 bytes (22.5%)
(RDMA_READ_CONSUME_CHECK_CONSUMER) timestamp=2406 ms, used_size=9201664 bytes (22.5%)
(RDMA_READ_CONSUME_CHECK_CONSUMER) timestamp=2406 ms, used_size=9199616 bytes (22.5%)
(RDMA_READ_CONSUME_CHECK_CONSUMER) timestamp=2406 ms, used_size=9197568 bytes (22.5%)
(RDMA_READ_CONSUME_CHECK_CONSUMER) timestamp=2406 ms, used_size=9195520 bytes (22.4%)
(RDMA_READ_CONSUME_CHECK_CONSUMER) timestamp=2406 ms, used_size=9193472 bytes (22.4%)
(RDMA_READ_CONSUME_CHECK_CONSUMER) timestamp=2406 ms, used_size=9191424 bytes (22.4%)
(RDMA_READ_CONSUME_CHECK_CONSUMER) timestamp=2406 ms, used_size=9189376 bytes (22.4%)
(RDMA_READ_CONSUME_CHECK_CONSUMER) timestamp=2406 ms, used_size=9187328 bytes (22.4%)
(RDMA_READ_CONSUME_CHECK_CONSUMER) timestamp=2406 ms, used_size=9185280 bytes (22.4%)
(RDMA_READ_CONSUME_CHECK_CONSUMER) timestamp=2406 ms, used_size=9183232 bytes (22.4%)
(RDMA_READ_CONSUME_CHECK_CONSUMER) timestamp=2406 ms, used_size=9181184 bytes (22.4%)
(RDMA_READ_CONSUME_CHECK_CONSUMER) timestamp=2406 ms, used_size=9179136 bytes (22.4%)
(RDMA_READ_CONSUME_CHECK_CONSUMER) timestamp=2406 ms, used_size=9177088 bytes (22.4%)
(RDMA_READ_CONSUME_CHECK_CONSUMER) timestamp=2406 ms, used_size=9175040 bytes (22.4%)
(RDMA_READ_CONSUME_CHECK_CONSUMER) timestamp=2406 ms, used_size=9172992 bytes (22.4%)
(RDMA_READ_CONSUME_CHECK_CONSUMER) timestamp=2406 ms, used_size=9170944 bytes (22.4%)
(RDMA_READ_CONSUME_CHECK_CONSUMER) timestamp=2406 ms, used_size=9168896 bytes (22.4%)
(RDMA_READ_CONSUME_CHECK_CONSUMER) timestamp=2406 ms, used_size=9166848 bytes (22.4%)
(RDMA_READ_CONSUME_CHECK_CONSUMER) timestamp=2406 ms, used_size=9164800 bytes (22.4%)
(RDMA_READ_CONSUME_CHECK_CONSUMER) timestamp=2406 ms, used_size=9162752 bytes (22.4%)
(RDMA_READ_CONSUME_CHECK_CONSUMER) timestamp=2406 ms, used_size=9160704 bytes (22.4%)
(RDMA_READ_CONSUME_CHECK_CONSUMER) timestamp=2406 ms, used_size=9158656 bytes (22.4%)
(RDMA_READ_CONSUME_CHECK_CONSUMER) timestamp=2406 ms, used_size=9156608 bytes (22.4%)
(RDMA_READ_CONSUME_CHECK_CONSUMER) timestamp=2406 ms, used_size=9154560 bytes (22.4%)
(RDMA_READ_CONSUME_CHECK_CONSUMER) timestamp=2406 ms, used_size=9152512 bytes (22.3%)
(RDMA_READ_CONSUME_CHECK_CONSUMER) timestamp=2406 ms, used_size=9150464 bytes (22.3%)
(RDMA_READ_CONSUME_CHECK_CONSUMER) timestamp=2406 ms, used_size=9148416 bytes (22.3%)
(RDMA_READ_CONSUME_CHECK_CONSUMER) timestamp=2406 ms, used_size=9146368 bytes (22.3%)
(RDMA_READ_CONSUME_CHECK_CONSUMER) timestamp=2406 ms, used_size=9144320 bytes (22.3%)
(RDMA_READ_CONSUME_CHECK_CONSUMER) timestamp=2406 ms, used_size=9142272 bytes (22.3%)
(RDMA_READ_CONSUME_CHECK_CONSUMER) timestamp=2406 ms, used_size=9140224 bytes (22.3%)
(RDMA_READ_CONSUME_CHECK_CONSUMER) timestamp=2406 ms, used_size=9138176 bytes (22.3%)
(RDMA_READ_CONSUME_CHECK_CONSUMER) timestamp=2406 ms, used_size=9136128 bytes (22.3%)
(RDMA_READ_CONSUME_CHECK_CONSUMER) timestamp=2406 ms, used_size=9134080 bytes (22.3%)
(RDMA_READ_CONSUME_CHECK_CONSUMER) timestamp=2406 ms, used_size=9132032 bytes (22.3%)
(RDMA_READ_CONSUME_CHECK_CONSUMER) timestamp=2406 ms, used_size=9129984 bytes (22.3%)
(RDMA_READ_CONSUME_CHECK_CONSUMER) timestamp=2406 ms, used_size=9127936 bytes (22.3%)
(RDMA_READ_CONSUME_CHECK_CONSUMER) timestamp=2406 ms, used_size=9125888 bytes (22.3%)
(RDMA_READ_CONSUME_CHECK_CONSUMER) timestamp=2406 ms, used_size=9123840 bytes (22.3%)
(RDMA_READ_CONSUME_CHECK_CONSUMER) timestamp=2406 ms, used_size=9121792 bytes (22.3%)
(RDMA_READ_CONSUME_CHECK_CONSUMER) timestamp=2406 ms, used_size=9119744 bytes (22.3%)
(RDMA_READ_CONSUME_CHECK_CONSUMER) timestamp=2406 ms, used_size=9117696 bytes (22.3%)
(RDMA_READ_CONSUME_CHECK_CONSUMER) timestamp=2406 ms, used_size=9115648 bytes (22.3%)
(RDMA_READ_CONSUME_CHECK_CONSUMER) timestamp=2406 ms, used_size=9113600 bytes (22.2%)
(RDMA_READ_CONSUME_CHECK_CONSUMER) timestamp=2406 ms, used_size=9111552 bytes (22.2%)
(RDMA_READ_CONSUME_CHECK_CONSUMER) timestamp=2406 ms, used_size=9109504 bytes (22.2%)
(RDMA_READ_CONSUME_CHECK_CONSUMER) timestamp=2406 ms, used_size=9107456 bytes (22.2%)
(RDMA_READ_CONSUME_CHECK_CONSUMER) timestamp=2406 ms, used_size=9105408 bytes (22.2%)
(RDMA_READ_CONSUME_CHECK_CONSUMER) timestamp=2406 ms, used_size=9103360 bytes (22.2%)
(RDMA_READ_CONSUME_CHECK_CONSUMER) timestamp=2406 ms, used_size=9101312 bytes (22.2%)
(RDMA_READ_CONSUME_CHECK_CONSUMER) timestamp=2406 ms, used_size=9099264 bytes (22.2%)
(RDMA_READ_CONSUME_CHECK_CONSUMER) timestamp=2406 ms, used_size=9097216 bytes (22.2%)
(RDMA_READ_CONSUME_CHECK_CONSUMER) timestamp=2406 ms, used_size=9095168 bytes (22.2%)
(RDMA_READ_CONSUME_CHECK_CONSUMER) timestamp=2406 ms, used_size=9093120 bytes (22.2%)
(RDMA_READ_CONSUME_CHECK_CONSUMER) timestamp=2406 ms, used_size=9091072 bytes (22.2%)
(RDMA_READ_CONSUME_CHECK_CONSUMER) timestamp=2406 ms, used_size=9089024 bytes (22.2%)
(RDMA_READ_CONSUME_CHECK_CONSUMER) timestamp=2406 ms, used_size=9086976 bytes (22.2%)
(RDMA_READ_CONSUME_CHECK_CONSUMER) timestamp=2406 ms, used_size=9084928 bytes (22.2%)
(RDMA_READ_CONSUME_CHECK_CONSUMER) timestamp=2406 ms, used_size=9082880 bytes (22.2%)
(RDMA_READ_CONSUME_CHECK_CONSUMER) timestamp=2406 ms, used_size=9080832 bytes (22.2%)
(RDMA_READ_CONSUME_CHECK_CONSUMER) timestamp=2406 ms, used_size=9078784 bytes (22.2%)
(RDMA_READ_CONSUME_CHECK_CONSUMER) timestamp=2406 ms, used_size=9076736 bytes (22.2%)
(RDMA_READ_CONSUME_CHECK_CONSUMER) timestamp=2406 ms, used_size=9074688 bytes (22.2%)
(RDMA_READ_CONSUME_CHECK_CONSUMER) timestamp=2406 ms, used_size=9072640 bytes (22.1%)
(RDMA_READ_CONSUME_CHECK_CONSUMER) timestamp=2406 ms, used_size=9070592 bytes (22.1%)
(RDMA_READ_CONSUME_CHECK_CONSUMER) timestamp=2406 ms, used_size=9068544 bytes (22.1%)
(RDMA_READ_CONSUME_CHECK_CONSUMER) timestamp=2406 ms, used_size=9066496 bytes (22.1%)
(RDMA_READ_CONSUME_CHECK_CONSUMER) timestamp=2406 ms, used_size=9064448 bytes (22.1%)
(RDMA_READ_CONSUME_CHECK_CONSUMER) timestamp=2406 ms, used_size=9062400 bytes (22.1%)
(RDMA_READ_CONSUME_CHECK_CONSUMER) timestamp=2406 ms, used_size=9060352 bytes (22.1%)
(RDMA_READ_CONSUME_CHECK_CONSUMER) timestamp=2406 ms, used_size=9058304 bytes (22.1%)
(RDMA_READ_CONSUME_CHECK_CONSUMER) timestamp=2406 ms, used_size=9056256 bytes (22.1%)
(RDMA_READ_CONSUME_CHECK_CONSUMER) timestamp=2406 ms, used_size=9054208 bytes (22.1%)
(RDMA_READ_CONSUME_CHECK_CONSUMER) timestamp=2406 ms, used_size=9052160 bytes (22.1%)
(RDMA_READ_CONSUME_CHECK_CONSUMER) timestamp=2406 ms, used_size=9050112 bytes (22.1%)
(RDMA_READ_CONSUME_CHECK_CONSUMER) timestamp=2406 ms, used_size=9048064 bytes (22.1%)
(RDMA_READ_CONSUME_CHECK_CONSUMER) timestamp=2406 ms, used_size=9046016 bytes (22.1%)
(RDMA_READ_CONSUME_CHECK_CONSUMER) timestamp=2406 ms, used_size=9043968 bytes (22.1%)
(RDMA_READ_CONSUME_CHECK_CONSUMER) timestamp=2406 ms, used_size=9041920 bytes (22.1%)
(RDMA_READ_CONSUME_CHECK_CONSUMER) timestamp=2406 ms, used_size=9039872 bytes (22.1%)
(RDMA_READ_CONSUME_CHECK_CONSUMER) timestamp=2406 ms, used_size=9037824 bytes (22.1%)
(RDMA_READ_CONSUME_CHECK_CONSUMER) timestamp=2406 ms, used_size=9035776 bytes (22.1%)
(RDMA_READ_CONSUME_CHECK_CONSUMER) timestamp=2406 ms, used_size=9033728 bytes (22.1%)
(RDMA_READ_CONSUME_CHECK_CONSUMER) timestamp=2406 ms, used_size=9031680 bytes (22.1%)
(RDMA_READ_CONSUME_CHECK_CONSUMER) timestamp=2406 ms, used_size=9029632 bytes (22.0%)
(RDMA_READ_CONSUME_CHECK_CONSUMER) timestamp=2406 ms, used_size=9027584 bytes (22.0%)
(RDMA_READ_CONSUME_CHECK_CONSUMER) timestamp=2406 ms, used_size=9025536 bytes (22.0%)
(RDMA_READ_CONSUME_CHECK_CONSUMER) timestamp=2406 ms, used_size=9023488 bytes (22.0%)
(RDMA_READ_CONSUME_CHECK_CONSUMER) timestamp=2406 ms, used_size=9021440 bytes (22.0%)
(RDMA_READ_CONSUME_CHECK_CONSUMER) timestamp=2406 ms, used_size=9019392 bytes (22.0%)
(RDMA_READ_CONSUME_CHECK_CONSUMER) timestamp=2406 ms, used_size=9017344 bytes (22.0%)
(RDMA_READ_CONSUME_CHECK_CONSUMER) timestamp=2406 ms, used_size=9015296 bytes (22.0%)
(RDMA_READ_CONSUME_CHECK_CONSUMER) timestamp=2406 ms, used_size=9013248 bytes (22.0%)
(RDMA_READ_CONSUME_CHECK_CONSUMER) timestamp=2406 ms, used_size=9011200 bytes (22.0%)
(RDMA_READ_CONSUME_CHECK_CONSUMER) timestamp=2406 ms, used_size=9009152 bytes (22.0%)
(RDMA_READ_CONSUME_CHECK_CONSUMER) timestamp=2406 ms, used_size=9007104 bytes (22.0%)
(RDMA_READ_CONSUME_CHECK_CONSUMER) timestamp=2406 ms, used_size=9005056 bytes (22.0%)
(RDMA_READ_CONSUME_CHECK_CONSUMER) timestamp=2406 ms, used_size=9003008 bytes (22.0%)
(RDMA_READ_CONSUME_CHECK_CONSUMER) timestamp=2406 ms, used_size=9000960 bytes (22.0%)
(RDMA_READ_CONSUME_CHECK_CONSUMER) timestamp=2406 ms, used_size=8998912 bytes (22.0%)
(RDMA_READ_CONSUME_CHECK_CONSUMER) timestamp=2406 ms, used_size=8996864 bytes (22.0%)
(RDMA_READ_CONSUME_CHECK_CONSUMER) timestamp=2406 ms, used_size=8994816 bytes (22.0%)
(RDMA_READ_CONSUME_CHECK_CONSUMER) timestamp=2406 ms, used_size=8992768 bytes (22.0%)
(RDMA_READ_CONSUME_CHECK_CONSUMER) timestamp=2406 ms, used_size=8990720 bytes (21.9%)
(RDMA_READ_CONSUME_CHECK_CONSUMER) timestamp=2406 ms, used_size=8988672 bytes (21.9%)
(RDMA_READ_CONSUME_CHECK_CONSUMER) timestamp=2406 ms, used_size=8986624 bytes (21.9%)
(RDMA_READ_CONSUME_CHECK_CONSUMER) timestamp=2406 ms, used_size=8984576 bytes (21.9%)
(RDMA_READ_CONSUME_CHECK_CONSUMER) timestamp=2406 ms, used_size=8982528 bytes (21.9%)
(RDMA_READ_CONSUME_CHECK_CONSUMER) timestamp=2406 ms, used_size=8980480 bytes (21.9%)
(RDMA_READ_CONSUME_CHECK_CONSUMER) timestamp=2406 ms, used_size=8978432 bytes (21.9%)
(RDMA_READ_CONSUME_CHECK_CONSUMER) timestamp=2406 ms, used_size=8976384 bytes (21.9%)
(RDMA_READ_CONSUME_CHECK_CONSUMER) timestamp=2406 ms, used_size=8974336 bytes (21.9%)
(RDMA_READ_CONSUME_CHECK_CONSUMER) timestamp=2406 ms, used_size=8972288 bytes (21.9%)
(RDMA_READ_CONSUME_CHECK_CONSUMER) timestamp=2406 ms, used_size=8970240 bytes (21.9%)
(RDMA_READ_CONSUME_CHECK_CONSUMER) timestamp=2406 ms, used_size=8968192 bytes (21.9%)
(RDMA_READ_CONSUME_CHECK_CONSUMER) timestamp=2406 ms, used_size=8966144 bytes (21.9%)
(RDMA_READ_CONSUME_CHECK_CONSUMER) timestamp=2406 ms, used_size=8964096 bytes (21.9%)
(RDMA_READ_CONSUME_CHECK_CONSUMER) timestamp=2406 ms, used_size=8962048 bytes (21.9%)
(RDMA_READ_CONSUME_CHECK_CONSUMER) timestamp=2406 ms, used_size=8960000 bytes (21.9%)
(RDMA_READ_CONSUME_CHECK_CONSUMER) timestamp=2406 ms, used_size=8957952 bytes (21.9%)
(RDMA_READ_CONSUME_CHECK_CONSUMER) timestamp=2406 ms, used_size=8955904 bytes (21.9%)
(RDMA_READ_CONSUME_CHECK_CONSUMER) timestamp=2406 ms, used_size=8953856 bytes (21.9%)
(RDMA_READ_CONSUME_CHECK_CONSUMER) timestamp=2406 ms, used_size=8951808 bytes (21.9%)
(RDMA_READ_CONSUME_CHECK_CONSUMER) timestamp=2406 ms, used_size=8949760 bytes (21.9%)
(RDMA_READ_CONSUME_CHECK_CONSUMER) timestamp=2406 ms, used_size=8947712 bytes (21.8%)
(RDMA_READ_CONSUME_CHECK_CONSUMER) timestamp=2406 ms, used_size=8945664 bytes (21.8%)
(RDMA_READ_CONSUME_CHECK_CONSUMER) timestamp=2406 ms, used_size=8943616 bytes (21.8%)
(RDMA_READ_CONSUME_CHECK_CONSUMER) timestamp=2406 ms, used_size=8941568 bytes (21.8%)
(RDMA_READ_CONSUME_CHECK_CONSUMER) timestamp=2406 ms, used_size=8939520 bytes (21.8%)
(RDMA_READ_CONSUME_CHECK_CONSUMER) timestamp=2406 ms, used_size=8937472 bytes (21.8%)
(RDMA_READ_CONSUME_CHECK_CONSUMER) timestamp=2406 ms, used_size=8935424 bytes (21.8%)
(RDMA_READ_CONSUME_CHECK_CONSUMER) timestamp=2406 ms, used_size=8933376 bytes (21.8%)
(RDMA_READ_CONSUME_CHECK_CONSUMER) timestamp=2406 ms, used_size=8931328 bytes (21.8%)
(RDMA_READ_CONSUME_CHECK_CONSUMER) timestamp=2406 ms, used_size=8929280 bytes (21.8%)
(RDMA_READ_CONSUME_CHECK_CONSUMER) timestamp=2406 ms, used_size=8927232 bytes (21.8%)
(RDMA_READ_CONSUME_CHECK_CONSUMER) timestamp=2406 ms, used_size=8925184 bytes (21.8%)
(RDMA_READ_CONSUME_CHECK_CONSUMER) timestamp=2406 ms, used_size=8923136 bytes (21.8%)
(RDMA_READ_CONSUME_CHECK_CONSUMER) timestamp=2406 ms, used_size=8921088 bytes (21.8%)
(RDMA_READ_CONSUME_CHECK_CONSUMER) timestamp=2406 ms, used_size=8919040 bytes (21.8%)
(RDMA_READ_CONSUME_CHECK_CONSUMER) timestamp=2407 ms, used_size=8916992 bytes (21.8%)
(RDMA_READ_CONSUME_CHECK_CONSUMER) timestamp=2407 ms, used_size=8914944 bytes (21.8%)
(RDMA_READ_CONSUME_CHECK_CONSUMER) timestamp=2407 ms, used_size=8912896 bytes (21.8%)
(RDMA_READ_CONSUME_CHECK_CONSUMER) timestamp=2407 ms, used_size=8910848 bytes (21.8%)
(RDMA_READ_CONSUME_CHECK_CONSUMER) timestamp=2407 ms, used_size=8908800 bytes (21.8%)
(RDMA_READ_CONSUME_CHECK_CONSUMER) timestamp=2407 ms, used_size=8906752 bytes (21.7%)
(RDMA_READ_CONSUME_CHECK_CONSUMER) timestamp=2407 ms, used_size=8904704 bytes (21.7%)
(RDMA_READ_CONSUME_CHECK_CONSUMER) timestamp=2407 ms, used_size=8902656 bytes (21.7%)
(RDMA_READ_CONSUME_CHECK_CONSUMER) timestamp=2407 ms, used_size=8900608 bytes (21.7%)
(RDMA_READ_CONSUME_CHECK_CONSUMER) timestamp=2407 ms, used_size=8898560 bytes (21.7%)
(RDMA_READ_CONSUME_CHECK_CONSUMER) timestamp=2407 ms, used_size=8896512 bytes (21.7%)
(RDMA_READ_CONSUME_CHECK_CONSUMER) timestamp=2407 ms, used_size=8894464 bytes (21.7%)
(RDMA_READ_CONSUME_CHECK_CONSUMER) timestamp=2407 ms, used_size=8892416 bytes (21.7%)
(RDMA_READ_CONSUME_CHECK_CONSUMER) timestamp=2407 ms, used_size=8890368 bytes (21.7%)
(RDMA_READ_CONSUME_CHECK_CONSUMER) timestamp=2407 ms, used_size=8888320 bytes (21.7%)
(RDMA_READ_CONSUME_CHECK_CONSUMER) timestamp=2407 ms, used_size=8886272 bytes (21.7%)
(RDMA_READ_CONSUME_CHECK_CONSUMER) timestamp=2407 ms, used_size=8884224 bytes (21.7%)
(RDMA_READ_CONSUME_CHECK_CONSUMER) timestamp=2407 ms, used_size=8882176 bytes (21.7%)
(RDMA_READ_CONSUME_CHECK_CONSUMER) timestamp=2407 ms, used_size=8880128 bytes (21.7%)
(RDMA_READ_CONSUME_CHECK_CONSUMER) timestamp=2407 ms, used_size=8878080 bytes (21.7%)
(RDMA_READ_CONSUME_CHECK_CONSUMER) timestamp=2407 ms, used_size=8876032 bytes (21.7%)
(RDMA_READ_CONSUME_CHECK_CONSUMER) timestamp=2407 ms, used_size=8873984 bytes (21.7%)
(RDMA_READ_CONSUME_CHECK_CONSUMER) timestamp=2407 ms, used_size=8871936 bytes (21.7%)
(RDMA_READ_CONSUME_CHECK_CONSUMER) timestamp=2407 ms, used_size=8869888 bytes (21.7%)
(RDMA_READ_CONSUME_CHECK_CONSUMER) timestamp=2407 ms, used_size=8867840 bytes (21.6%)
(RDMA_READ_CONSUME_CHECK_CONSUMER) timestamp=2407 ms, used_size=8865792 bytes (21.6%)
(RDMA_READ_CONSUME_CHECK_CONSUMER) timestamp=2407 ms, used_size=8863744 bytes (21.6%)
(RDMA_READ_CONSUME_CHECK_CONSUMER) timestamp=2407 ms, used_size=8861696 bytes (21.6%)
(RDMA_READ_CONSUME_CHECK_CONSUMER) timestamp=2407 ms, used_size=8859648 bytes (21.6%)
(RDMA_READ_CONSUME_CHECK_CONSUMER) timestamp=2407 ms, used_size=8857600 bytes (21.6%)
(RDMA_READ_CONSUME_CHECK_CONSUMER) timestamp=2407 ms, used_size=8855552 bytes (21.6%)
(RDMA_READ_CONSUME_CHECK_CONSUMER) timestamp=2407 ms, used_size=8853504 bytes (21.6%)
(RDMA_READ_CONSUME_CHECK_CONSUMER) timestamp=2407 ms, used_size=8851456 bytes (21.6%)
(RDMA_READ_CONSUME_CHECK_CONSUMER) timestamp=2407 ms, used_size=8849408 bytes (21.6%)
(RDMA_READ_CONSUME_CHECK_CONSUMER) timestamp=2407 ms, used_size=8847360 bytes (21.6%)
(RDMA_READ_CONSUME_CHECK_CONSUMER) timestamp=2407 ms, used_size=8845312 bytes (21.6%)
(RDMA_READ_CONSUME_CHECK_CONSUMER) timestamp=2407 ms, used_size=8843264 bytes (21.6%)
(RDMA_READ_CONSUME_CHECK_CONSUMER) timestamp=2407 ms, used_size=8841216 bytes (21.6%)
(RDMA_READ_CONSUME_CHECK_CONSUMER) timestamp=2407 ms, used_size=8839168 bytes (21.6%)
(RDMA_READ_CONSUME_CHECK_CONSUMER) timestamp=2407 ms, used_size=8837120 bytes (21.6%)
(RDMA_READ_CONSUME_CHECK_CONSUMER) timestamp=2407 ms, used_size=8835072 bytes (21.6%)
(RDMA_READ_CONSUME_CHECK_CONSUMER) timestamp=2407 ms, used_size=8833024 bytes (21.6%)
(RDMA_READ_CONSUME_CHECK_CONSUMER) timestamp=2407 ms, used_size=8830976 bytes (21.6%)
(RDMA_READ_CONSUME_CHECK_CONSUMER) timestamp=2407 ms, used_size=8828928 bytes (21.6%)
(RDMA_READ_CONSUME_CHECK_CONSUMER) timestamp=2407 ms, used_size=8826880 bytes (21.6%)
(RDMA_READ_CONSUME_CHECK_CONSUMER) timestamp=2407 ms, used_size=8824832 bytes (21.5%)
(RDMA_READ_CONSUME_CHECK_CONSUMER) timestamp=2407 ms, used_size=8822784 bytes (21.5%)
(RDMA_READ_CONSUME_CHECK_CONSUMER) timestamp=2407 ms, used_size=8820736 bytes (21.5%)
(RDMA_READ_CONSUME_CHECK_CONSUMER) timestamp=2407 ms, used_size=8818688 bytes (21.5%)
(RDMA_READ_CONSUME_CHECK_CONSUMER) timestamp=2407 ms, used_size=8816640 bytes (21.5%)
(RDMA_READ_CONSUME_CHECK_CONSUMER) timestamp=2407 ms, used_size=8814592 bytes (21.5%)
(RDMA_READ_CONSUME_CHECK_CONSUMER) timestamp=2407 ms, used_size=8812544 bytes (21.5%)
(RDMA_READ_CONSUME_CHECK_CONSUMER) timestamp=2407 ms, used_size=8810496 bytes (21.5%)
(RDMA_READ_CONSUME_CHECK_CONSUMER) timestamp=2407 ms, used_size=8808448 bytes (21.5%)
(RDMA_READ_CONSUME_CHECK_CONSUMER) timestamp=2407 ms, used_size=8806400 bytes (21.5%)
(RDMA_READ_CONSUME_CHECK_CONSUMER) timestamp=2407 ms, used_size=8804352 bytes (21.5%)
(RDMA_READ_CONSUME_CHECK_CONSUMER) timestamp=2407 ms, used_size=8802304 bytes (21.5%)
(RDMA_READ_CONSUME_CHECK_CONSUMER) timestamp=2407 ms, used_size=8800256 bytes (21.5%)
(RDMA_READ_CONSUME_CHECK_CONSUMER) timestamp=2407 ms, used_size=8798208 bytes (21.5%)
(RDMA_READ_CONSUME_CHECK_CONSUMER) timestamp=2407 ms, used_size=8796160 bytes (21.5%)
(RDMA_READ_CONSUME_CHECK_CONSUMER) timestamp=2407 ms, used_size=8794112 bytes (21.5%)
(RDMA_READ_CONSUME_CHECK_CONSUMER) timestamp=2407 ms, used_size=8792064 bytes (21.5%)
(RDMA_READ_CONSUME_CHECK_CONSUMER) timestamp=2407 ms, used_size=8790016 bytes (21.5%)
(RDMA_READ_CONSUME_CHECK_CONSUMER) timestamp=2407 ms, used_size=8787968 bytes (21.5%)
(RDMA_READ_CONSUME_CHECK_CONSUMER) timestamp=2407 ms, used_size=8785920 bytes (21.4%)
(RDMA_READ_CONSUME_CHECK_CONSUMER) timestamp=2407 ms, used_size=8783872 bytes (21.4%)
(RDMA_READ_CONSUME_CHECK_CONSUMER) timestamp=2407 ms, used_size=8781824 bytes (21.4%)
(RDMA_READ_CONSUME_CHECK_CONSUMER) timestamp=2407 ms, used_size=8779776 bytes (21.4%)
(RDMA_READ_CONSUME_CHECK_CONSUMER) timestamp=2407 ms, used_size=8777728 bytes (21.4%)
(RDMA_READ_CONSUME_CHECK_CONSUMER) timestamp=2407 ms, used_size=8775680 bytes (21.4%)
(RDMA_READ_CONSUME_CHECK_CONSUMER) timestamp=2407 ms, used_size=8773632 bytes (21.4%)
(RDMA_READ_CONSUME_CHECK_CONSUMER) timestamp=2407 ms, used_size=8771584 bytes (21.4%)
(RDMA_READ_CONSUME_CHECK_CONSUMER) timestamp=2407 ms, used_size=8769536 bytes (21.4%)
(RDMA_READ_CONSUME_CHECK_CONSUMER) timestamp=2407 ms, used_size=8767488 bytes (21.4%)
(RDMA_READ_CONSUME_CHECK_CONSUMER) timestamp=2407 ms, used_size=8765440 bytes (21.4%)
(RDMA_READ_CONSUME_CHECK_CONSUMER) timestamp=2407 ms, used_size=8763392 bytes (21.4%)
(RDMA_READ_CONSUME_CHECK_CONSUMER) timestamp=2407 ms, used_size=8761344 bytes (21.4%)
(RDMA_READ_CONSUME_CHECK_CONSUMER) timestamp=2407 ms, used_size=8759296 bytes (21.4%)
(RDMA_READ_CONSUME_CHECK_CONSUMER) timestamp=2407 ms, used_size=8757248 bytes (21.4%)
(RDMA_READ_CONSUME_CHECK_CONSUMER) timestamp=2407 ms, used_size=8755200 bytes (21.4%)
(RDMA_READ_CONSUME_CHECK_CONSUMER) timestamp=2407 ms, used_size=8753152 bytes (21.4%)
(RDMA_READ_CONSUME_CHECK_CONSUMER) timestamp=2407 ms, used_size=8751104 bytes (21.4%)
(RDMA_READ_CONSUME_CHECK_CONSUMER) timestamp=2407 ms, used_size=8749056 bytes (21.4%)
(RDMA_READ_CONSUME_CHECK_CONSUMER) timestamp=2407 ms, used_size=8747008 bytes (21.4%)
(RDMA_READ_CONSUME_CHECK_CONSUMER) timestamp=2407 ms, used_size=8744960 bytes (21.4%)
(RDMA_READ_CONSUME_CHECK_CONSUMER) timestamp=2407 ms, used_size=8742912 bytes (21.3%)
(RDMA_READ_CONSUME_CHECK_CONSUMER) timestamp=2407 ms, used_size=8740864 bytes (21.3%)
(RDMA_READ_CONSUME_CHECK_CONSUMER) timestamp=2407 ms, used_size=8738816 bytes (21.3%)
(RDMA_READ_CONSUME_CHECK_CONSUMER) timestamp=2407 ms, used_size=8736768 bytes (21.3%)
(RDMA_READ_CONSUME_CHECK_CONSUMER) timestamp=2407 ms, used_size=8734720 bytes (21.3%)
(RDMA_READ_CONSUME_CHECK_CONSUMER) timestamp=2407 ms, used_size=8732672 bytes (21.3%)
(RDMA_READ_CONSUME_CHECK_CONSUMER) timestamp=2407 ms, used_size=8730624 bytes (21.3%)
(RDMA_READ_CONSUME_CHECK_CONSUMER) timestamp=2407 ms, used_size=8728576 bytes (21.3%)
(RDMA_READ_CONSUME_CHECK_CONSUMER) timestamp=2407 ms, used_size=8726528 bytes (21.3%)
(RDMA_READ_CONSUME_CHECK_CONSUMER) timestamp=2407 ms, used_size=8724480 bytes (21.3%)
(RDMA_READ_CONSUME_CHECK_CONSUMER) timestamp=2407 ms, used_size=8722432 bytes (21.3%)
(RDMA_READ_CONSUME_CHECK_CONSUMER) timestamp=2407 ms, used_size=8720384 bytes (21.3%)
(RDMA_READ_CONSUME_CHECK_CONSUMER) timestamp=2407 ms, used_size=8718336 bytes (21.3%)
(RDMA_READ_CONSUME_CHECK_CONSUMER) timestamp=2407 ms, used_size=8716288 bytes (21.3%)
(RDMA_READ_CONSUME_CHECK_CONSUMER) timestamp=2407 ms, used_size=8714240 bytes (21.3%)
(RDMA_READ_CONSUME_CHECK_CONSUMER) timestamp=2407 ms, used_size=8712192 bytes (21.3%)
(RDMA_READ_CONSUME_CHECK_CONSUMER) timestamp=2407 ms, used_size=8710144 bytes (21.3%)
(RDMA_READ_CONSUME_CHECK_CONSUMER) timestamp=2407 ms, used_size=8708096 bytes (21.3%)
(RDMA_READ_CONSUME_CHECK_CONSUMER) timestamp=2407 ms, used_size=8706048 bytes (21.3%)
(RDMA_READ_CONSUME_CHECK_CONSUMER) timestamp=2407 ms, used_size=8704000 bytes (21.2%)
(RDMA_READ_CONSUME_CHECK_CONSUMER) timestamp=2407 ms, used_size=8701952 bytes (21.2%)
(RDMA_READ_CONSUME_CHECK_CONSUMER) timestamp=2407 ms, used_size=8699904 bytes (21.2%)
(RDMA_READ_CONSUME_CHECK_CONSUMER) timestamp=2407 ms, used_size=8697856 bytes (21.2%)
(RDMA_READ_CONSUME_CHECK_CONSUMER) timestamp=2407 ms, used_size=8695808 bytes (21.2%)
(RDMA_READ_CONSUME_CHECK_CONSUMER) timestamp=2407 ms, used_size=8693760 bytes (21.2%)
(RDMA_READ_CONSUME_CHECK_CONSUMER) timestamp=2407 ms, used_size=8691712 bytes (21.2%)
(RDMA_READ_CONSUME_CHECK_CONSUMER) timestamp=2407 ms, used_size=8689664 bytes (21.2%)
(RDMA_READ_CONSUME_CHECK_CONSUMER) timestamp=2407 ms, used_size=8687616 bytes (21.2%)
(RDMA_READ_CONSUME_CHECK_CONSUMER) timestamp=2407 ms, used_size=8685568 bytes (21.2%)
(RDMA_READ_CONSUME_CHECK_CONSUMER) timestamp=2407 ms, used_size=8683520 bytes (21.2%)
(RDMA_READ_CONSUME_CHECK_CONSUMER) timestamp=2407 ms, used_size=8681472 bytes (21.2%)
(RDMA_READ_CONSUME_CHECK_CONSUMER) timestamp=2407 ms, used_size=8679424 bytes (21.2%)
(RDMA_READ_CONSUME_CHECK_CONSUMER) timestamp=2407 ms, used_size=8677376 bytes (21.2%)
(RDMA_READ_CONSUME_CHECK_CONSUMER) timestamp=2407 ms, used_size=8675328 bytes (21.2%)
(RDMA_READ_CONSUME_CHECK_CONSUMER) timestamp=2407 ms, used_size=8673280 bytes (21.2%)
(RDMA_READ_CONSUME_CHECK_CONSUMER) timestamp=2407 ms, used_size=8671232 bytes (21.2%)
(RDMA_READ_CONSUME_CHECK_CONSUMER) timestamp=2407 ms, used_size=8669184 bytes (21.2%)
(RDMA_READ_CONSUME_CHECK_CONSUMER) timestamp=2407 ms, used_size=8667136 bytes (21.2%)
(RDMA_READ_CONSUME_CHECK_CONSUMER) timestamp=2407 ms, used_size=8665088 bytes (21.2%)
(RDMA_READ_CONSUME_CHECK_CONSUMER) timestamp=2407 ms, used_size=8663040 bytes (21.1%)
(RDMA_READ_CONSUME_CHECK_CONSUMER) timestamp=2407 ms, used_size=8660992 bytes (21.1%)
(RDMA_READ_CONSUME_CHECK_CONSUMER) timestamp=2407 ms, used_size=8658944 bytes (21.1%)
(RDMA_READ_CONSUME_CHECK_CONSUMER) timestamp=2407 ms, used_size=8656896 bytes (21.1%)
(RDMA_READ_CONSUME_CHECK_CONSUMER) timestamp=2407 ms, used_size=8654848 bytes (21.1%)
(RDMA_READ_CONSUME_CHECK_CONSUMER) timestamp=2407 ms, used_size=8652800 bytes (21.1%)
(RDMA_READ_CONSUME_CHECK_CONSUMER) timestamp=2407 ms, used_size=8650752 bytes (21.1%)
(RDMA_READ_CONSUME_CHECK_CONSUMER) timestamp=2407 ms, used_size=8648704 bytes (21.1%)
(RDMA_READ_CONSUME_CHECK_CONSUMER) timestamp=2407 ms, used_size=8646656 bytes (21.1%)
(RDMA_READ_CONSUME_CHECK_CONSUMER) timestamp=2407 ms, used_size=8644608 bytes (21.1%)
(RDMA_READ_CONSUME_CHECK_CONSUMER) timestamp=2407 ms, used_size=8642560 bytes (21.1%)
(RDMA_READ_CONSUME_CHECK_CONSUMER) timestamp=2407 ms, used_size=8640512 bytes (21.1%)
(RDMA_READ_CONSUME_CHECK_CONSUMER) timestamp=2407 ms, used_size=8638464 bytes (21.1%)
(RDMA_READ_CONSUME_CHECK_CONSUMER) timestamp=2407 ms, used_size=8636416 bytes (21.1%)
(RDMA_READ_CONSUME_CHECK_CONSUMER) timestamp=2407 ms, used_size=8634368 bytes (21.1%)
(RDMA_READ_CONSUME_CHECK_CONSUMER) timestamp=2407 ms, used_size=8632320 bytes (21.1%)
(RDMA_READ_CONSUME_CHECK_CONSUMER) timestamp=2407 ms, used_size=8630272 bytes (21.1%)
(RDMA_READ_CONSUME_CHECK_CONSUMER) timestamp=2407 ms, used_size=8628224 bytes (21.1%)
(RDMA_READ_CONSUME_CHECK_CONSUMER) timestamp=2407 ms, used_size=8626176 bytes (21.1%)
(RDMA_READ_CONSUME_CHECK_CONSUMER) timestamp=2407 ms, used_size=8624128 bytes (21.1%)
(RDMA_READ_CONSUME_CHECK_CONSUMER) timestamp=2407 ms, used_size=8622080 bytes (21.1%)
(RDMA_READ_CONSUME_CHECK_CONSUMER) timestamp=2407 ms, used_size=8620032 bytes (21.0%)
(RDMA_READ_CONSUME_CHECK_CONSUMER) timestamp=2407 ms, used_size=8617984 bytes (21.0%)
(RDMA_READ_CONSUME_CHECK_CONSUMER) timestamp=2407 ms, used_size=8615936 bytes (21.0%)
(RDMA_READ_CONSUME_CHECK_CONSUMER) timestamp=2407 ms, used_size=8613888 bytes (21.0%)
(RDMA_READ_CONSUME_CHECK_CONSUMER) timestamp=2407 ms, used_size=8611840 bytes (21.0%)
(RDMA_READ_CONSUME_CHECK_CONSUMER) timestamp=2407 ms, used_size=8609792 bytes (21.0%)
(RDMA_READ_CONSUME_CHECK_CONSUMER) timestamp=2407 ms, used_size=8607744 bytes (21.0%)
(RDMA_READ_CONSUME_CHECK_CONSUMER) timestamp=2407 ms, used_size=8605696 bytes (21.0%)
(RDMA_READ_CONSUME_CHECK_CONSUMER) timestamp=2407 ms, used_size=8603648 bytes (21.0%)
(RDMA_READ_CONSUME_CHECK_CONSUMER) timestamp=2407 ms, used_size=8601600 bytes (21.0%)
(RDMA_READ_CONSUME_CHECK_CONSUMER) timestamp=2407 ms, used_size=8599552 bytes (21.0%)
(RDMA_READ_CONSUME_CHECK_CONSUMER) timestamp=2407 ms, used_size=8597504 bytes (21.0%)
(RDMA_READ_CONSUME_CHECK_CONSUMER) timestamp=2407 ms, used_size=8595456 bytes (21.0%)
(RDMA_READ_CONSUME_CHECK_CONSUMER) timestamp=2407 ms, used_size=8593408 bytes (21.0%)
(RDMA_READ_CONSUME_CHECK_CONSUMER) timestamp=2407 ms, used_size=8591360 bytes (21.0%)
(RDMA_READ_CONSUME_CHECK_CONSUMER) timestamp=2407 ms, used_size=8589312 bytes (21.0%)
(RDMA_READ_CONSUME_CHECK_CONSUMER) timestamp=2407 ms, used_size=8587264 bytes (21.0%)
(RDMA_READ_CONSUME_CHECK_CONSUMER) timestamp=2407 ms, used_size=8585216 bytes (21.0%)
(RDMA_READ_CONSUME_CHECK_CONSUMER) timestamp=2407 ms, used_size=8583168 bytes (21.0%)
(RDMA_READ_CONSUME_CHECK_CONSUMER) timestamp=2407 ms, used_size=8581120 bytes (20.9%)
(RDMA_READ_CONSUME_CHECK_CONSUMER) timestamp=2407 ms, used_size=8579072 bytes (20.9%)
(RDMA_READ_CONSUME_CHECK_CONSUMER) timestamp=2407 ms, used_size=8577024 bytes (20.9%)
(RDMA_READ_CONSUME_CHECK_CONSUMER) timestamp=2407 ms, used_size=8574976 bytes (20.9%)
(RDMA_READ_CONSUME_CHECK_CONSUMER) timestamp=2407 ms, used_size=8572928 bytes (20.9%)
(RDMA_READ_CONSUME_CHECK_CONSUMER) timestamp=2407 ms, used_size=8570880 bytes (20.9%)
(RDMA_READ_CONSUME_CHECK_CONSUMER) timestamp=2407 ms, used_size=8568832 bytes (20.9%)
(RDMA_READ_CONSUME_CHECK_CONSUMER) timestamp=2407 ms, used_size=8566784 bytes (20.9%)
(RDMA_READ_CONSUME_CHECK_CONSUMER) timestamp=2407 ms, used_size=8564736 bytes (20.9%)
(RDMA_READ_CONSUME_CHECK_CONSUMER) timestamp=2407 ms, used_size=8562688 bytes (20.9%)
(RDMA_READ_CONSUME_CHECK_CONSUMER) timestamp=2407 ms, used_size=8560640 bytes (20.9%)
(RDMA_READ_CONSUME_CHECK_CONSUMER) timestamp=2407 ms, used_size=8558592 bytes (20.9%)
(RDMA_READ_CONSUME_CHECK_CONSUMER) timestamp=2407 ms, used_size=8556544 bytes (20.9%)
(RDMA_READ_CONSUME_CHECK_CONSUMER) timestamp=2408 ms, used_size=8554496 bytes (20.9%)
(RDMA_READ_CONSUME_CHECK_CONSUMER) timestamp=2408 ms, used_size=8552448 bytes (20.9%)
(RDMA_READ_CONSUME_CHECK_CONSUMER) timestamp=2408 ms, used_size=8550400 bytes (20.9%)
(RDMA_READ_CONSUME_CHECK_CONSUMER) timestamp=2408 ms, used_size=8548352 bytes (20.9%)
(RDMA_READ_CONSUME_CHECK_CONSUMER) timestamp=2408 ms, used_size=8546304 bytes (20.9%)
(RDMA_READ_CONSUME_CHECK_CONSUMER) timestamp=2408 ms, used_size=8544256 bytes (20.9%)
(RDMA_READ_CONSUME_CHECK_CONSUMER) timestamp=2408 ms, used_size=8542208 bytes (20.9%)
(RDMA_READ_CONSUME_CHECK_CONSUMER) timestamp=2408 ms, used_size=8540160 bytes (20.9%)
(RDMA_READ_CONSUME_CHECK_CONSUMER) timestamp=2408 ms, used_size=8538112 bytes (20.8%)
(RDMA_READ_CONSUME_CHECK_CONSUMER) timestamp=2408 ms, used_size=8536064 bytes (20.8%)
(RDMA_READ_CONSUME_CHECK_CONSUMER) timestamp=2408 ms, used_size=8534016 bytes (20.8%)
(RDMA_READ_CONSUME_CHECK_CONSUMER) timestamp=2408 ms, used_size=8531968 bytes (20.8%)
(RDMA_READ_CONSUME_CHECK_CONSUMER) timestamp=2408 ms, used_size=8529920 bytes (20.8%)
(RDMA_READ_CONSUME_CHECK_CONSUMER) timestamp=2408 ms, used_size=8527872 bytes (20.8%)
(RDMA_READ_CONSUME_CHECK_CONSUMER) timestamp=2408 ms, used_size=8525824 bytes (20.8%)
(RDMA_READ_CONSUME_CHECK_CONSUMER) timestamp=2408 ms, used_size=8523776 bytes (20.8%)
(RDMA_READ_CONSUME_CHECK_CONSUMER) timestamp=2408 ms, used_size=8521728 bytes (20.8%)
(RDMA_READ_CONSUME_CHECK_CONSUMER) timestamp=2408 ms, used_size=8519680 bytes (20.8%)
(RDMA_READ_CONSUME_CHECK_CONSUMER) timestamp=2408 ms, used_size=8517632 bytes (20.8%)
(RDMA_READ_CONSUME_CHECK_CONSUMER) timestamp=2408 ms, used_size=8515584 bytes (20.8%)
(RDMA_READ_CONSUME_CHECK_CONSUMER) timestamp=2408 ms, used_size=8513536 bytes (20.8%)
(RDMA_READ_CONSUME_CHECK_CONSUMER) timestamp=2408 ms, used_size=8511488 bytes (20.8%)
(RDMA_READ_CONSUME_CHECK_CONSUMER) timestamp=2408 ms, used_size=8509440 bytes (20.8%)
(RDMA_READ_CONSUME_CHECK_CONSUMER) timestamp=2408 ms, used_size=8507392 bytes (20.8%)
(RDMA_READ_CONSUME_CHECK_CONSUMER) timestamp=2408 ms, used_size=8505344 bytes (20.8%)
(RDMA_READ_CONSUME_CHECK_CONSUMER) timestamp=2408 ms, used_size=8503296 bytes (20.8%)
(RDMA_READ_CONSUME_CHECK_CONSUMER) timestamp=2408 ms, used_size=8501248 bytes (20.8%)
(RDMA_READ_CONSUME_CHECK_CONSUMER) timestamp=2408 ms, used_size=8499200 bytes (20.8%)
(RDMA_READ_CONSUME_CHECK_CONSUMER) timestamp=2408 ms, used_size=8497152 bytes (20.7%)
(RDMA_READ_CONSUME_CHECK_CONSUMER) timestamp=2408 ms, used_size=8495104 bytes (20.7%)
(RDMA_READ_CONSUME_CHECK_CONSUMER) timestamp=2408 ms, used_size=8493056 bytes (20.7%)
(RDMA_READ_CONSUME_CHECK_CONSUMER) timestamp=2408 ms, used_size=8491008 bytes (20.7%)
(RDMA_READ_CONSUME_CHECK_CONSUMER) timestamp=2408 ms, used_size=8488960 bytes (20.7%)
(RDMA_READ_CONSUME_CHECK_CONSUMER) timestamp=2408 ms, used_size=8486912 bytes (20.7%)
(RDMA_READ_CONSUME_CHECK_CONSUMER) timestamp=2408 ms, used_size=8484864 bytes (20.7%)
(RDMA_READ_CONSUME_CHECK_CONSUMER) timestamp=2408 ms, used_size=8482816 bytes (20.7%)
(RDMA_READ_CONSUME_CHECK_CONSUMER) timestamp=2408 ms, used_size=8480768 bytes (20.7%)
(RDMA_READ_CONSUME_CHECK_CONSUMER) timestamp=2408 ms, used_size=8478720 bytes (20.7%)
(RDMA_READ_CONSUME_CHECK_CONSUMER) timestamp=2408 ms, used_size=8476672 bytes (20.7%)
(RDMA_READ_CONSUME_CHECK_CONSUMER) timestamp=2408 ms, used_size=8474624 bytes (20.7%)
(RDMA_READ_CONSUME_CHECK_CONSUMER) timestamp=2408 ms, used_size=8472576 bytes (20.7%)
(RDMA_READ_CONSUME_CHECK_CONSUMER) timestamp=2408 ms, used_size=8470528 bytes (20.7%)
(RDMA_READ_CONSUME_CHECK_CONSUMER) timestamp=2408 ms, used_size=8468480 bytes (20.7%)
(RDMA_READ_CONSUME_CHECK_CONSUMER) timestamp=2408 ms, used_size=8466432 bytes (20.7%)
(RDMA_READ_CONSUME_CHECK_CONSUMER) timestamp=2408 ms, used_size=8464384 bytes (20.7%)
(RDMA_READ_CONSUME_CHECK_CONSUMER) timestamp=2408 ms, used_size=8462336 bytes (20.7%)
(RDMA_READ_CONSUME_CHECK_CONSUMER) timestamp=2408 ms, used_size=8460288 bytes (20.7%)
(RDMA_READ_CONSUME_CHECK_CONSUMER) timestamp=2408 ms, used_size=8458240 bytes (20.6%)
(RDMA_READ_CONSUME_CHECK_CONSUMER) timestamp=2408 ms, used_size=8456192 bytes (20.6%)
(RDMA_READ_CONSUME_CHECK_CONSUMER) timestamp=2408 ms, used_size=8454144 bytes (20.6%)
(RDMA_READ_CONSUME_CHECK_CONSUMER) timestamp=2408 ms, used_size=8452096 bytes (20.6%)
(RDMA_READ_CONSUME_CHECK_CONSUMER) timestamp=2408 ms, used_size=8450048 bytes (20.6%)
(RDMA_READ_CONSUME_CHECK_CONSUMER) timestamp=2408 ms, used_size=8448000 bytes (20.6%)
(RDMA_READ_CONSUME_CHECK_CONSUMER) timestamp=2408 ms, used_size=8445952 bytes (20.6%)
(RDMA_READ_CONSUME_CHECK_CONSUMER) timestamp=2408 ms, used_size=8443904 bytes (20.6%)
(RDMA_READ_CONSUME_CHECK_CONSUMER) timestamp=2408 ms, used_size=8441856 bytes (20.6%)
(RDMA_READ_CONSUME_CHECK_CONSUMER) timestamp=2408 ms, used_size=8439808 bytes (20.6%)
(RDMA_READ_CONSUME_CHECK_CONSUMER) timestamp=2408 ms, used_size=8437760 bytes (20.6%)
(RDMA_READ_CONSUME_CHECK_CONSUMER) timestamp=2408 ms, used_size=8435712 bytes (20.6%)
(RDMA_READ_CONSUME_CHECK_CONSUMER) timestamp=2408 ms, used_size=8433664 bytes (20.6%)
(RDMA_READ_CONSUME_CHECK_CONSUMER) timestamp=2408 ms, used_size=8431616 bytes (20.6%)
(RDMA_READ_CONSUME_CHECK_CONSUMER) timestamp=2408 ms, used_size=8429568 bytes (20.6%)
(RDMA_READ_CONSUME_CHECK_CONSUMER) timestamp=2408 ms, used_size=8427520 bytes (20.6%)
(RDMA_READ_CONSUME_CHECK_CONSUMER) timestamp=2408 ms, used_size=8425472 bytes (20.6%)
(RDMA_READ_CONSUME_CHECK_CONSUMER) timestamp=2408 ms, used_size=8423424 bytes (20.6%)
(RDMA_READ_CONSUME_CHECK_CONSUMER) timestamp=2408 ms, used_size=8421376 bytes (20.6%)
(RDMA_READ_CONSUME_CHECK_CONSUMER) timestamp=2408 ms, used_size=8419328 bytes (20.6%)
(RDMA_READ_CONSUME_CHECK_CONSUMER) timestamp=2408 ms, used_size=8417280 bytes (20.6%)
(RDMA_READ_CONSUME_CHECK_CONSUMER) timestamp=2408 ms, used_size=8415232 bytes (20.5%)
(RDMA_READ_CONSUME_CHECK_CONSUMER) timestamp=2408 ms, used_size=8413184 bytes (20.5%)
(RDMA_READ_CONSUME_CHECK_CONSUMER) timestamp=2408 ms, used_size=8411136 bytes (20.5%)
(RDMA_READ_CONSUME_CHECK_CONSUMER) timestamp=2408 ms, used_size=8409088 bytes (20.5%)
(RDMA_READ_CONSUME_CHECK_CONSUMER) timestamp=2408 ms, used_size=8407040 bytes (20.5%)
(RDMA_READ_CONSUME_CHECK_CONSUMER) timestamp=2408 ms, used_size=8404992 bytes (20.5%)
(RDMA_READ_CONSUME_CHECK_CONSUMER) timestamp=2408 ms, used_size=8402944 bytes (20.5%)
(RDMA_READ_CONSUME_CHECK_CONSUMER) timestamp=2408 ms, used_size=8400896 bytes (20.5%)
(RDMA_READ_CONSUME_CHECK_CONSUMER) timestamp=2408 ms, used_size=8398848 bytes (20.5%)
(RDMA_READ_CONSUME_CHECK_CONSUMER) timestamp=2408 ms, used_size=8396800 bytes (20.5%)
(RDMA_READ_CONSUME_CHECK_CONSUMER) timestamp=2408 ms, used_size=8394752 bytes (20.5%)
(RDMA_READ_CONSUME_CHECK_CONSUMER) timestamp=2408 ms, used_size=8392704 bytes (20.5%)
(RDMA_READ_CONSUME_CHECK_CONSUMER) timestamp=2408 ms, used_size=8390656 bytes (20.5%)
(RDMA_READ_CONSUME_CHECK_CONSUMER) timestamp=2408 ms, used_size=8388608 bytes (20.5%)
(RDMA_READ_CONSUME_CHECK_CONSUMER) timestamp=2408 ms, used_size=8386560 bytes (20.5%)
(RDMA_READ_CONSUME_CHECK_CONSUMER) timestamp=2408 ms, used_size=8384512 bytes (20.5%)
(RDMA_READ_CONSUME_CHECK_CONSUMER) timestamp=2408 ms, used_size=8382464 bytes (20.5%)
(RDMA_READ_CONSUME_CHECK_CONSUMER) timestamp=2408 ms, used_size=8380416 bytes (20.5%)
(RDMA_READ_CONSUME_CHECK_CONSUMER) timestamp=2408 ms, used_size=8378368 bytes (20.5%)
(RDMA_READ_CONSUME_CHECK_CONSUMER) timestamp=2408 ms, used_size=8376320 bytes (20.4%)
(RDMA_READ_CONSUME_CHECK_CONSUMER) timestamp=2408 ms, used_size=8374272 bytes (20.4%)
(RDMA_READ_CONSUME_CHECK_CONSUMER) timestamp=2408 ms, used_size=8372224 bytes (20.4%)
(RDMA_READ_CONSUME_CHECK_CONSUMER) timestamp=2408 ms, used_size=8370176 bytes (20.4%)
(RDMA_READ_CONSUME_CHECK_CONSUMER) timestamp=2408 ms, used_size=8368128 bytes (20.4%)
(RDMA_READ_CONSUME_CHECK_CONSUMER) timestamp=2408 ms, used_size=8366080 bytes (20.4%)
(RDMA_READ_CONSUME_CHECK_CONSUMER) timestamp=2408 ms, used_size=8364032 bytes (20.4%)
(RDMA_READ_CONSUME_CHECK_CONSUMER) timestamp=2408 ms, used_size=8361984 bytes (20.4%)
(RDMA_READ_CONSUME_CHECK_CONSUMER) timestamp=2408 ms, used_size=8359936 bytes (20.4%)
(RDMA_READ_CONSUME_CHECK_CONSUMER) timestamp=2408 ms, used_size=8357888 bytes (20.4%)
(RDMA_READ_CONSUME_CHECK_CONSUMER) timestamp=2408 ms, used_size=8355840 bytes (20.4%)
(RDMA_READ_CONSUME_CHECK_CONSUMER) timestamp=2408 ms, used_size=8353792 bytes (20.4%)
(RDMA_READ_CONSUME_CHECK_CONSUMER) timestamp=2408 ms, used_size=8351744 bytes (20.4%)
(RDMA_READ_CONSUME_CHECK_CONSUMER) timestamp=2408 ms, used_size=8349696 bytes (20.4%)
(RDMA_READ_CONSUME_CHECK_CONSUMER) timestamp=2408 ms, used_size=8347648 bytes (20.4%)
(RDMA_READ_CONSUME_CHECK_CONSUMER) timestamp=2408 ms, used_size=8345600 bytes (20.4%)
(RDMA_READ_CONSUME_CHECK_CONSUMER) timestamp=2408 ms, used_size=8343552 bytes (20.4%)
(RDMA_READ_CONSUME_CHECK_CONSUMER) timestamp=2408 ms, used_size=8341504 bytes (20.4%)
(RDMA_READ_CONSUME_CHECK_CONSUMER) timestamp=2408 ms, used_size=8339456 bytes (20.4%)
(RDMA_READ_CONSUME_CHECK_CONSUMER) timestamp=2408 ms, used_size=8337408 bytes (20.4%)
(RDMA_READ_CONSUME_CHECK_CONSUMER) timestamp=2408 ms, used_size=8335360 bytes (20.4%)
(RDMA_READ_CONSUME_CHECK_CONSUMER) timestamp=2408 ms, used_size=8333312 bytes (20.3%)
(RDMA_READ_CONSUME_CHECK_CONSUMER) timestamp=2408 ms, used_size=8331264 bytes (20.3%)
(RDMA_READ_CONSUME_CHECK_CONSUMER) timestamp=2408 ms, used_size=8329216 bytes (20.3%)
(RDMA_READ_CONSUME_CHECK_CONSUMER) timestamp=2408 ms, used_size=8327168 bytes (20.3%)
(RDMA_READ_CONSUME_CHECK_CONSUMER) timestamp=2408 ms, used_size=8325120 bytes (20.3%)
(RDMA_READ_CONSUME_CHECK_CONSUMER) timestamp=2408 ms, used_size=8323072 bytes (20.3%)
(RDMA_READ_CONSUME_CHECK_CONSUMER) timestamp=2408 ms, used_size=8321024 bytes (20.3%)
(RDMA_READ_CONSUME_CHECK_CONSUMER) timestamp=2408 ms, used_size=8318976 bytes (20.3%)
(RDMA_READ_CONSUME_CHECK_CONSUMER) timestamp=2408 ms, used_size=8316928 bytes (20.3%)
(RDMA_READ_CONSUME_CHECK_CONSUMER) timestamp=2408 ms, used_size=8314880 bytes (20.3%)
(RDMA_READ_CONSUME_CHECK_CONSUMER) timestamp=2408 ms, used_size=8312832 bytes (20.3%)
(RDMA_READ_CONSUME_CHECK_CONSUMER) timestamp=2408 ms, used_size=8310784 bytes (20.3%)
(RDMA_READ_CONSUME_CHECK_CONSUMER) timestamp=2408 ms, used_size=8308736 bytes (20.3%)
(RDMA_READ_CONSUME_CHECK_CONSUMER) timestamp=2408 ms, used_size=8306688 bytes (20.3%)
(RDMA_READ_CONSUME_CHECK_CONSUMER) timestamp=2408 ms, used_size=8304640 bytes (20.3%)
(RDMA_READ_CONSUME_CHECK_CONSUMER) timestamp=2408 ms, used_size=8302592 bytes (20.3%)
(RDMA_READ_CONSUME_CHECK_CONSUMER) timestamp=2408 ms, used_size=8300544 bytes (20.3%)
(RDMA_READ_CONSUME_CHECK_CONSUMER) timestamp=2408 ms, used_size=8298496 bytes (20.3%)
(RDMA_READ_CONSUME_CHECK_CONSUMER) timestamp=2408 ms, used_size=8296448 bytes (20.3%)
(RDMA_READ_CONSUME_CHECK_CONSUMER) timestamp=2408 ms, used_size=8294400 bytes (20.2%)
(RDMA_READ_CONSUME_CHECK_CONSUMER) timestamp=2408 ms, used_size=8292352 bytes (20.2%)
(RDMA_READ_CONSUME_CHECK_CONSUMER) timestamp=2408 ms, used_size=8290304 bytes (20.2%)
(RDMA_READ_CONSUME_CHECK_CONSUMER) timestamp=2408 ms, used_size=8288256 bytes (20.2%)
(RDMA_READ_CONSUME_CHECK_CONSUMER) timestamp=2408 ms, used_size=8286208 bytes (20.2%)
(RDMA_READ_CONSUME_CHECK_CONSUMER) timestamp=2408 ms, used_size=8284160 bytes (20.2%)
(RDMA_READ_CONSUME_CHECK_CONSUMER) timestamp=2408 ms, used_size=8282112 bytes (20.2%)
(RDMA_READ_CONSUME_CHECK_CONSUMER) timestamp=2408 ms, used_size=8280064 bytes (20.2%)
(RDMA_READ_CONSUME_CHECK_CONSUMER) timestamp=2408 ms, used_size=8278016 bytes (20.2%)
(RDMA_READ_CONSUME_CHECK_CONSUMER) timestamp=2408 ms, used_size=8275968 bytes (20.2%)
(RDMA_READ_CONSUME_CHECK_CONSUMER) timestamp=2408 ms, used_size=8273920 bytes (20.2%)
(RDMA_READ_CONSUME_CHECK_CONSUMER) timestamp=2408 ms, used_size=8271872 bytes (20.2%)
(RDMA_READ_CONSUME_CHECK_CONSUMER) timestamp=2408 ms, used_size=8269824 bytes (20.2%)
(RDMA_READ_CONSUME_CHECK_CONSUMER) timestamp=2408 ms, used_size=8267776 bytes (20.2%)
(RDMA_READ_CONSUME_CHECK_CONSUMER) timestamp=2408 ms, used_size=8265728 bytes (20.2%)
(RDMA_READ_CONSUME_CHECK_CONSUMER) timestamp=2408 ms, used_size=8263680 bytes (20.2%)
(RDMA_READ_CONSUME_CHECK_CONSUMER) timestamp=2408 ms, used_size=8261632 bytes (20.2%)
(RDMA_READ_CONSUME_CHECK_CONSUMER) timestamp=2408 ms, used_size=8259584 bytes (20.2%)
(RDMA_READ_CONSUME_CHECK_CONSUMER) timestamp=2408 ms, used_size=8257536 bytes (20.2%)
(RDMA_READ_CONSUME_CHECK_CONSUMER) timestamp=2408 ms, used_size=8255488 bytes (20.2%)
(RDMA_READ_CONSUME_CHECK_CONSUMER) timestamp=2408 ms, used_size=8253440 bytes (20.1%)
(RDMA_READ_CONSUME_CHECK_CONSUMER) timestamp=2408 ms, used_size=8251392 bytes (20.1%)
(RDMA_READ_CONSUME_CHECK_CONSUMER) timestamp=2408 ms, used_size=8249344 bytes (20.1%)
(RDMA_READ_CONSUME_CHECK_CONSUMER) timestamp=2408 ms, used_size=8247296 bytes (20.1%)
(RDMA_READ_CONSUME_CHECK_CONSUMER) timestamp=2408 ms, used_size=8245248 bytes (20.1%)
(RDMA_READ_CONSUME_CHECK_CONSUMER) timestamp=2408 ms, used_size=8243200 bytes (20.1%)
(RDMA_READ_CONSUME_CHECK_CONSUMER) timestamp=2408 ms, used_size=8241152 bytes (20.1%)
(RDMA_READ_CONSUME_CHECK_CONSUMER) timestamp=2408 ms, used_size=8239104 bytes (20.1%)
(RDMA_READ_CONSUME_CHECK_CONSUMER) timestamp=2408 ms, used_size=8237056 bytes (20.1%)
(RDMA_READ_CONSUME_CHECK_CONSUMER) timestamp=2408 ms, used_size=8235008 bytes (20.1%)
(RDMA_READ_CONSUME_CHECK_CONSUMER) timestamp=2408 ms, used_size=8232960 bytes (20.1%)
(RDMA_READ_CONSUME_CHECK_CONSUMER) timestamp=2408 ms, used_size=8230912 bytes (20.1%)
(RDMA_READ_CONSUME_CHECK_CONSUMER) timestamp=2408 ms, used_size=8228864 bytes (20.1%)
(RDMA_READ_CONSUME_CHECK_CONSUMER) timestamp=2408 ms, used_size=8226816 bytes (20.1%)
(RDMA_READ_CONSUME_CHECK_CONSUMER) timestamp=2408 ms, used_size=8224768 bytes (20.1%)
(RDMA_READ_CONSUME_CHECK_CONSUMER) timestamp=2408 ms, used_size=8222720 bytes (20.1%)
(RDMA_READ_CONSUME_CHECK_CONSUMER) timestamp=2408 ms, used_size=8220672 bytes (20.1%)
(RDMA_READ_CONSUME_CHECK_CONSUMER) timestamp=2408 ms, used_size=8218624 bytes (20.1%)
(RDMA_READ_CONSUME_CHECK_CONSUMER) timestamp=2408 ms, used_size=8216576 bytes (20.1%)
(RDMA_READ_CONSUME_CHECK_CONSUMER) timestamp=2408 ms, used_size=8214528 bytes (20.1%)
(RDMA_READ_CONSUME_CHECK_CONSUMER) timestamp=2408 ms, used_size=8212480 bytes (20.1%)
(RDMA_READ_CONSUME_CHECK_CONSUMER) timestamp=2408 ms, used_size=8210432 bytes (20.0%)
(RDMA_READ_CONSUME_CHECK_CONSUMER) timestamp=2408 ms, used_size=8208384 bytes (20.0%)
(RDMA_READ_CONSUME_CHECK_CONSUMER) timestamp=2408 ms, used_size=8206336 bytes (20.0%)
(RDMA_READ_CONSUME_CHECK_CONSUMER) timestamp=2408 ms, used_size=8204288 bytes (20.0%)
(RDMA_READ_CONSUME_CHECK_CONSUMER) timestamp=2408 ms, used_size=8202240 bytes (20.0%)
(RDMA_READ_CONSUME_CHECK_CONSUMER) timestamp=2408 ms, used_size=8200192 bytes (20.0%)
(RDMA_READ_CONSUME_CHECK_CONSUMER) timestamp=2408 ms, used_size=8198144 bytes (20.0%)
(RDMA_READ_CONSUME_CHECK_CONSUMER) timestamp=2408 ms, used_size=8196096 bytes (20.0%)
(RDMA_READ_CONSUME_CHECK_CONSUMER) timestamp=2408 ms, used_size=8194048 bytes (20.0%)
(RDMA_READ_CONSUME_CHECK_CONSUMER) timestamp=2408 ms, used_size=8192000 bytes (20.0%)
(RDMA_READ_CONSUME_CHECK_CONSUMER) timestamp=2408 ms, used_size=8189952 bytes (20.0%)
(RDMA_READ_CONSUME_CHECK_CONSUMER) timestamp=2408 ms, used_size=8187904 bytes (20.0%)
(RDMA_READ_CONSUME_CHECK_CONSUMER) timestamp=2408 ms, used_size=8185856 bytes (20.0%)
(RDMA_READ_CONSUME_CHECK_CONSUMER) timestamp=2408 ms, used_size=8183808 bytes (20.0%)
(RDMA_READ_CONSUME_CHECK_CONSUMER) timestamp=2409 ms, used_size=8181760 bytes (20.0%)
(RDMA_READ_CONSUME_CHECK_CONSUMER) timestamp=2409 ms, used_size=8179712 bytes (20.0%)
(RDMA_READ_CONSUME_CHECK_CONSUMER) timestamp=2409 ms, used_size=8177664 bytes (20.0%)
(RDMA_READ_CONSUME_CHECK_CONSUMER) timestamp=2409 ms, used_size=8175616 bytes (20.0%)
(RDMA_READ_CONSUME_CHECK_CONSUMER) timestamp=2409 ms, used_size=8173568 bytes (20.0%)
(RDMA_READ_CONSUME_CHECK_CONSUMER) timestamp=2409 ms, used_size=8171520 bytes (19.9%)
(RDMA_READ_CONSUME_CHECK_CONSUMER) timestamp=2409 ms, used_size=8169472 bytes (19.9%)
(RDMA_READ_CONSUME_CHECK_CONSUMER) timestamp=2409 ms, used_size=8167424 bytes (19.9%)
(RDMA_READ_CONSUME_CHECK_CONSUMER) timestamp=2409 ms, used_size=8165376 bytes (19.9%)
(RDMA_READ_CONSUME_CHECK_CONSUMER) timestamp=2409 ms, used_size=8163328 bytes (19.9%)
(RDMA_READ_CONSUME_CHECK_CONSUMER) timestamp=2409 ms, used_size=8161280 bytes (19.9%)
(RDMA_READ_CONSUME_CHECK_CONSUMER) timestamp=2409 ms, used_size=8159232 bytes (19.9%)
(RDMA_READ_CONSUME_CHECK_CONSUMER) timestamp=2409 ms, used_size=8157184 bytes (19.9%)
(RDMA_READ_CONSUME_CHECK_CONSUMER) timestamp=2409 ms, used_size=8155136 bytes (19.9%)
(RDMA_READ_CONSUME_CHECK_CONSUMER) timestamp=2409 ms, used_size=8153088 bytes (19.9%)
(RDMA_READ_CONSUME_CHECK_CONSUMER) timestamp=2409 ms, used_size=8151040 bytes (19.9%)
(RDMA_READ_CONSUME_CHECK_CONSUMER) timestamp=2409 ms, used_size=8148992 bytes (19.9%)
(RDMA_READ_CONSUME_CHECK_CONSUMER) timestamp=2409 ms, used_size=8146944 bytes (19.9%)
(RDMA_READ_CONSUME_CHECK_CONSUMER) timestamp=2409 ms, used_size=8144896 bytes (19.9%)
(RDMA_READ_CONSUME_CHECK_CONSUMER) timestamp=2409 ms, used_size=8142848 bytes (19.9%)
(RDMA_READ_CONSUME_CHECK_CONSUMER) timestamp=2409 ms, used_size=8140800 bytes (19.9%)
(RDMA_READ_CONSUME_CHECK_CONSUMER) timestamp=2409 ms, used_size=8138752 bytes (19.9%)
(RDMA_READ_CONSUME_CHECK_CONSUMER) timestamp=2409 ms, used_size=8136704 bytes (19.9%)
(RDMA_READ_CONSUME_CHECK_CONSUMER) timestamp=2409 ms, used_size=8134656 bytes (19.9%)
(RDMA_READ_CONSUME_CHECK_CONSUMER) timestamp=2409 ms, used_size=8132608 bytes (19.9%)
(RDMA_READ_CONSUME_CHECK_CONSUMER) timestamp=2409 ms, used_size=8130560 bytes (19.9%)
(RDMA_READ_CONSUME_CHECK_CONSUMER) timestamp=2409 ms, used_size=8128512 bytes (19.8%)
(RDMA_READ_CONSUME_CHECK_CONSUMER) timestamp=2409 ms, used_size=8126464 bytes (19.8%)
(RDMA_READ_CONSUME_CHECK_CONSUMER) timestamp=2409 ms, used_size=8124416 bytes (19.8%)
(RDMA_READ_CONSUME_CHECK_CONSUMER) timestamp=2409 ms, used_size=8122368 bytes (19.8%)
(RDMA_READ_CONSUME_CHECK_CONSUMER) timestamp=2409 ms, used_size=8120320 bytes (19.8%)
(RDMA_READ_CONSUME_CHECK_CONSUMER) timestamp=2409 ms, used_size=8118272 bytes (19.8%)
(RDMA_READ_CONSUME_CHECK_CONSUMER) timestamp=2409 ms, used_size=8116224 bytes (19.8%)
(RDMA_READ_CONSUME_CHECK_CONSUMER) timestamp=2409 ms, used_size=8114176 bytes (19.8%)
(RDMA_READ_CONSUME_CHECK_CONSUMER) timestamp=2409 ms, used_size=8112128 bytes (19.8%)
(RDMA_READ_CONSUME_CHECK_CONSUMER) timestamp=2409 ms, used_size=8110080 bytes (19.8%)
(RDMA_READ_CONSUME_CHECK_CONSUMER) timestamp=2409 ms, used_size=8108032 bytes (19.8%)
(RDMA_READ_CONSUME_CHECK_CONSUMER) timestamp=2409 ms, used_size=8105984 bytes (19.8%)
(RDMA_READ_CONSUME_CHECK_CONSUMER) timestamp=2409 ms, used_size=8103936 bytes (19.8%)
(RDMA_READ_CONSUME_CHECK_CONSUMER) timestamp=2409 ms, used_size=8101888 bytes (19.8%)
(RDMA_READ_CONSUME_CHECK_CONSUMER) timestamp=2409 ms, used_size=8099840 bytes (19.8%)
(RDMA_READ_CONSUME_CHECK_CONSUMER) timestamp=2409 ms, used_size=8097792 bytes (19.8%)
(RDMA_READ_CONSUME_CHECK_CONSUMER) timestamp=2409 ms, used_size=8095744 bytes (19.8%)
(RDMA_READ_CONSUME_CHECK_CONSUMER) timestamp=2409 ms, used_size=8093696 bytes (19.8%)
(RDMA_READ_CONSUME_CHECK_CONSUMER) timestamp=2409 ms, used_size=8091648 bytes (19.8%)
(RDMA_READ_CONSUME_CHECK_CONSUMER) timestamp=2409 ms, used_size=8089600 bytes (19.8%)
(RDMA_READ_CONSUME_CHECK_CONSUMER) timestamp=2409 ms, used_size=8087552 bytes (19.7%)
(RDMA_READ_CONSUME_CHECK_CONSUMER) timestamp=2409 ms, used_size=8085504 bytes (19.7%)
(RDMA_READ_CONSUME_CHECK_CONSUMER) timestamp=2409 ms, used_size=8083456 bytes (19.7%)
(RDMA_READ_CONSUME_CHECK_CONSUMER) timestamp=2409 ms, used_size=8081408 bytes (19.7%)
(RDMA_READ_CONSUME_CHECK_CONSUMER) timestamp=2409 ms, used_size=8079360 bytes (19.7%)
(RDMA_READ_CONSUME_CHECK_CONSUMER) timestamp=2409 ms, used_size=8077312 bytes (19.7%)
(RDMA_READ_CONSUME_CHECK_CONSUMER) timestamp=2409 ms, used_size=8075264 bytes (19.7%)
(RDMA_READ_CONSUME_CHECK_CONSUMER) timestamp=2409 ms, used_size=8073216 bytes (19.7%)
(RDMA_READ_CONSUME_CHECK_CONSUMER) timestamp=2409 ms, used_size=8071168 bytes (19.7%)
(RDMA_READ_CONSUME_CHECK_CONSUMER) timestamp=2409 ms, used_size=8069120 bytes (19.7%)
(RDMA_READ_CONSUME_CHECK_CONSUMER) timestamp=2409 ms, used_size=8067072 bytes (19.7%)
(RDMA_READ_CONSUME_CHECK_CONSUMER) timestamp=2409 ms, used_size=8065024 bytes (19.7%)
(RDMA_READ_CONSUME_CHECK_CONSUMER) timestamp=2409 ms, used_size=8062976 bytes (19.7%)
(RDMA_READ_CONSUME_CHECK_CONSUMER) timestamp=2409 ms, used_size=8060928 bytes (19.7%)
(RDMA_READ_CONSUME_CHECK_CONSUMER) timestamp=2409 ms, used_size=8058880 bytes (19.7%)
(RDMA_READ_CONSUME_CHECK_CONSUMER) timestamp=2409 ms, used_size=8056832 bytes (19.7%)
(RDMA_READ_CONSUME_CHECK_CONSUMER) timestamp=2409 ms, used_size=8054784 bytes (19.7%)
(RDMA_READ_CONSUME_CHECK_CONSUMER) timestamp=2409 ms, used_size=8052736 bytes (19.7%)
(RDMA_READ_CONSUME_CHECK_CONSUMER) timestamp=2409 ms, used_size=8050688 bytes (19.7%)
(RDMA_READ_CONSUME_CHECK_CONSUMER) timestamp=2409 ms, used_size=8048640 bytes (19.6%)
(RDMA_READ_CONSUME_CHECK_CONSUMER) timestamp=2409 ms, used_size=8046592 bytes (19.6%)
(RDMA_READ_CONSUME_CHECK_CONSUMER) timestamp=2409 ms, used_size=8044544 bytes (19.6%)
(RDMA_READ_CONSUME_CHECK_CONSUMER) timestamp=2409 ms, used_size=8042496 bytes (19.6%)
(RDMA_READ_CONSUME_CHECK_CONSUMER) timestamp=2409 ms, used_size=8040448 bytes (19.6%)
(RDMA_READ_CONSUME_CHECK_CONSUMER) timestamp=2409 ms, used_size=8038400 bytes (19.6%)
(RDMA_READ_CONSUME_CHECK_CONSUMER) timestamp=2409 ms, used_size=8036352 bytes (19.6%)
(RDMA_READ_CONSUME_CHECK_CONSUMER) timestamp=2409 ms, used_size=8034304 bytes (19.6%)
(RDMA_READ_CONSUME_CHECK_CONSUMER) timestamp=2409 ms, used_size=8032256 bytes (19.6%)
(RDMA_READ_CONSUME_CHECK_CONSUMER) timestamp=2409 ms, used_size=8030208 bytes (19.6%)
(RDMA_READ_CONSUME_CHECK_CONSUMER) timestamp=2409 ms, used_size=8028160 bytes (19.6%)
(RDMA_READ_CONSUME_CHECK_CONSUMER) timestamp=2409 ms, used_size=8026112 bytes (19.6%)
(RDMA_READ_CONSUME_CHECK_CONSUMER) timestamp=2409 ms, used_size=8024064 bytes (19.6%)
(RDMA_READ_CONSUME_CHECK_CONSUMER) timestamp=2409 ms, used_size=8022016 bytes (19.6%)
(RDMA_READ_CONSUME_CHECK_CONSUMER) timestamp=2409 ms, used_size=8019968 bytes (19.6%)
(RDMA_READ_CONSUME_CHECK_CONSUMER) timestamp=2409 ms, used_size=8017920 bytes (19.6%)
(RDMA_READ_CONSUME_CHECK_CONSUMER) timestamp=2409 ms, used_size=8015872 bytes (19.6%)
(RDMA_READ_CONSUME_CHECK_CONSUMER) timestamp=2409 ms, used_size=8013824 bytes (19.6%)
(RDMA_READ_CONSUME_CHECK_CONSUMER) timestamp=2409 ms, used_size=8011776 bytes (19.6%)
(RDMA_READ_CONSUME_CHECK_CONSUMER) timestamp=2409 ms, used_size=8009728 bytes (19.6%)
(RDMA_READ_CONSUME_CHECK_CONSUMER) timestamp=2409 ms, used_size=8007680 bytes (19.6%)
(RDMA_READ_CONSUME_CHECK_CONSUMER) timestamp=2409 ms, used_size=8005632 bytes (19.5%)
(RDMA_READ_CONSUME_CHECK_CONSUMER) timestamp=2409 ms, used_size=8003584 bytes (19.5%)
(RDMA_READ_CONSUME_CHECK_CONSUMER) timestamp=2409 ms, used_size=8001536 bytes (19.5%)
(RDMA_READ_CONSUME_CHECK_CONSUMER) timestamp=2409 ms, used_size=7999488 bytes (19.5%)
(RDMA_READ_CONSUME_CHECK_CONSUMER) timestamp=2409 ms, used_size=7997440 bytes (19.5%)
(RDMA_READ_CONSUME_CHECK_CONSUMER) timestamp=2409 ms, used_size=7995392 bytes (19.5%)
(RDMA_READ_CONSUME_CHECK_CONSUMER) timestamp=2409 ms, used_size=7993344 bytes (19.5%)
(RDMA_READ_CONSUME_CHECK_CONSUMER) timestamp=2409 ms, used_size=7991296 bytes (19.5%)
(RDMA_READ_CONSUME_CHECK_CONSUMER) timestamp=2409 ms, used_size=7989248 bytes (19.5%)
(RDMA_READ_CONSUME_CHECK_CONSUMER) timestamp=2409 ms, used_size=7987200 bytes (19.5%)
(RDMA_READ_CONSUME_CHECK_CONSUMER) timestamp=2409 ms, used_size=7985152 bytes (19.5%)
(RDMA_READ_CONSUME_CHECK_CONSUMER) timestamp=2409 ms, used_size=7983104 bytes (19.5%)
(RDMA_READ_CONSUME_CHECK_CONSUMER) timestamp=2409 ms, used_size=7981056 bytes (19.5%)
(RDMA_READ_CONSUME_CHECK_CONSUMER) timestamp=2409 ms, used_size=7979008 bytes (19.5%)
(RDMA_READ_CONSUME_CHECK_CONSUMER) timestamp=2409 ms, used_size=7976960 bytes (19.5%)
(RDMA_READ_CONSUME_CHECK_CONSUMER) timestamp=2409 ms, used_size=7974912 bytes (19.5%)
(RDMA_READ_CONSUME_CHECK_CONSUMER) timestamp=2409 ms, used_size=7972864 bytes (19.5%)
(RDMA_READ_CONSUME_CHECK_CONSUMER) timestamp=2409 ms, used_size=7970816 bytes (19.5%)
(RDMA_READ_CONSUME_CHECK_CONSUMER) timestamp=2409 ms, used_size=7968768 bytes (19.5%)
(RDMA_READ_CONSUME_CHECK_CONSUMER) timestamp=2409 ms, used_size=7966720 bytes (19.4%)
(RDMA_READ_CONSUME_CHECK_CONSUMER) timestamp=2409 ms, used_size=7964672 bytes (19.4%)
(RDMA_READ_CONSUME_CHECK_CONSUMER) timestamp=2409 ms, used_size=7962624 bytes (19.4%)
(RDMA_READ_CONSUME_CHECK_CONSUMER) timestamp=2409 ms, used_size=7960576 bytes (19.4%)
(RDMA_READ_CONSUME_CHECK_CONSUMER) timestamp=2409 ms, used_size=7958528 bytes (19.4%)
(RDMA_READ_CONSUME_CHECK_CONSUMER) timestamp=2409 ms, used_size=7956480 bytes (19.4%)
(RDMA_READ_CONSUME_CHECK_CONSUMER) timestamp=2409 ms, used_size=7954432 bytes (19.4%)
(RDMA_READ_CONSUME_CHECK_CONSUMER) timestamp=2409 ms, used_size=7952384 bytes (19.4%)
(RDMA_READ_CONSUME_CHECK_CONSUMER) timestamp=2409 ms, used_size=7950336 bytes (19.4%)
(RDMA_READ_CONSUME_CHECK_CONSUMER) timestamp=2409 ms, used_size=7948288 bytes (19.4%)
(RDMA_READ_CONSUME_CHECK_CONSUMER) timestamp=2409 ms, used_size=7946240 bytes (19.4%)
(RDMA_READ_CONSUME_CHECK_CONSUMER) timestamp=2409 ms, used_size=7944192 bytes (19.4%)
(RDMA_READ_CONSUME_CHECK_CONSUMER) timestamp=2409 ms, used_size=7942144 bytes (19.4%)
(RDMA_READ_CONSUME_CHECK_CONSUMER) timestamp=2409 ms, used_size=7940096 bytes (19.4%)
(RDMA_READ_CONSUME_CHECK_CONSUMER) timestamp=2409 ms, used_size=7938048 bytes (19.4%)
(RDMA_READ_CONSUME_CHECK_CONSUMER) timestamp=2409 ms, used_size=7936000 bytes (19.4%)
(RDMA_READ_CONSUME_CHECK_CONSUMER) timestamp=2409 ms, used_size=7933952 bytes (19.4%)
(RDMA_READ_CONSUME_CHECK_CONSUMER) timestamp=2409 ms, used_size=7931904 bytes (19.4%)
(RDMA_READ_CONSUME_CHECK_CONSUMER) timestamp=2409 ms, used_size=7929856 bytes (19.4%)
(RDMA_READ_CONSUME_CHECK_CONSUMER) timestamp=2409 ms, used_size=7927808 bytes (19.4%)
(RDMA_READ_CONSUME_CHECK_CONSUMER) timestamp=2409 ms, used_size=7925760 bytes (19.4%)
(RDMA_READ_CONSUME_CHECK_CONSUMER) timestamp=2409 ms, used_size=7923712 bytes (19.3%)
(RDMA_READ_CONSUME_CHECK_CONSUMER) timestamp=2409 ms, used_size=7921664 bytes (19.3%)
(RDMA_READ_CONSUME_CHECK_CONSUMER) timestamp=2409 ms, used_size=7919616 bytes (19.3%)
(RDMA_READ_CONSUME_CHECK_CONSUMER) timestamp=2409 ms, used_size=7917568 bytes (19.3%)
(RDMA_READ_CONSUME_CHECK_CONSUMER) timestamp=2409 ms, used_size=7915520 bytes (19.3%)
(RDMA_READ_CONSUME_CHECK_CONSUMER) timestamp=2409 ms, used_size=7913472 bytes (19.3%)
(RDMA_READ_CONSUME_CHECK_CONSUMER) timestamp=2409 ms, used_size=7911424 bytes (19.3%)
(RDMA_READ_CONSUME_CHECK_CONSUMER) timestamp=2409 ms, used_size=7909376 bytes (19.3%)
(RDMA_READ_CONSUME_CHECK_CONSUMER) timestamp=2409 ms, used_size=7907328 bytes (19.3%)
(RDMA_READ_CONSUME_CHECK_CONSUMER) timestamp=2409 ms, used_size=7905280 bytes (19.3%)
(RDMA_READ_CONSUME_CHECK_CONSUMER) timestamp=2409 ms, used_size=7903232 bytes (19.3%)
(RDMA_READ_CONSUME_CHECK_CONSUMER) timestamp=2409 ms, used_size=7901184 bytes (19.3%)
(RDMA_READ_CONSUME_CHECK_CONSUMER) timestamp=2409 ms, used_size=7899136 bytes (19.3%)
(RDMA_READ_CONSUME_CHECK_CONSUMER) timestamp=2409 ms, used_size=7897088 bytes (19.3%)
(RDMA_READ_CONSUME_CHECK_CONSUMER) timestamp=2409 ms, used_size=7895040 bytes (19.3%)
(RDMA_READ_CONSUME_CHECK_CONSUMER) timestamp=2409 ms, used_size=7892992 bytes (19.3%)
(RDMA_READ_CONSUME_CHECK_CONSUMER) timestamp=2409 ms, used_size=7890944 bytes (19.3%)
(RDMA_READ_CONSUME_CHECK_CONSUMER) timestamp=2409 ms, used_size=7888896 bytes (19.3%)
(RDMA_READ_CONSUME_CHECK_CONSUMER) timestamp=2409 ms, used_size=7886848 bytes (19.3%)
(RDMA_READ_CONSUME_CHECK_CONSUMER) timestamp=2409 ms, used_size=7884800 bytes (19.2%)
(RDMA_READ_CONSUME_CHECK_CONSUMER) timestamp=2409 ms, used_size=7882752 bytes (19.2%)
(RDMA_READ_CONSUME_CHECK_CONSUMER) timestamp=2409 ms, used_size=7880704 bytes (19.2%)
(RDMA_READ_CONSUME_CHECK_CONSUMER) timestamp=2409 ms, used_size=7878656 bytes (19.2%)
(RDMA_READ_CONSUME_CHECK_CONSUMER) timestamp=2409 ms, used_size=7876608 bytes (19.2%)
(RDMA_READ_CONSUME_CHECK_CONSUMER) timestamp=2409 ms, used_size=7874560 bytes (19.2%)
(RDMA_READ_CONSUME_CHECK_CONSUMER) timestamp=2409 ms, used_size=7872512 bytes (19.2%)
(RDMA_READ_CONSUME_CHECK_CONSUMER) timestamp=2409 ms, used_size=7870464 bytes (19.2%)
(RDMA_READ_CONSUME_CHECK_CONSUMER) timestamp=2409 ms, used_size=7868416 bytes (19.2%)
(RDMA_READ_CONSUME_CHECK_CONSUMER) timestamp=2409 ms, used_size=7866368 bytes (19.2%)
(RDMA_READ_CONSUME_CHECK_CONSUMER) timestamp=2409 ms, used_size=7864320 bytes (19.2%)
(RDMA_READ_CONSUME_CHECK_CONSUMER) timestamp=2409 ms, used_size=7862272 bytes (19.2%)
(RDMA_READ_CONSUME_CHECK_CONSUMER) timestamp=2409 ms, used_size=7860224 bytes (19.2%)
(RDMA_READ_CONSUME_CHECK_CONSUMER) timestamp=2409 ms, used_size=7858176 bytes (19.2%)
(RDMA_READ_CONSUME_CHECK_CONSUMER) timestamp=2409 ms, used_size=7856128 bytes (19.2%)
(RDMA_READ_CONSUME_CHECK_CONSUMER) timestamp=2409 ms, used_size=7854080 bytes (19.2%)
(RDMA_READ_CONSUME_CHECK_CONSUMER) timestamp=2409 ms, used_size=7852032 bytes (19.2%)
(RDMA_READ_CONSUME_CHECK_CONSUMER) timestamp=2409 ms, used_size=7849984 bytes (19.2%)
(RDMA_READ_CONSUME_CHECK_CONSUMER) timestamp=2409 ms, used_size=7847936 bytes (19.2%)
(RDMA_READ_CONSUME_CHECK_CONSUMER) timestamp=2409 ms, used_size=7845888 bytes (19.2%)
(RDMA_READ_CONSUME_CHECK_CONSUMER) timestamp=2409 ms, used_size=7843840 bytes (19.1%)
(RDMA_READ_CONSUME_CHECK_CONSUMER) timestamp=2409 ms, used_size=7841792 bytes (19.1%)
(RDMA_READ_CONSUME_CHECK_CONSUMER) timestamp=2409 ms, used_size=7839744 bytes (19.1%)
(RDMA_READ_CONSUME_CHECK_CONSUMER) timestamp=2409 ms, used_size=7837696 bytes (19.1%)
(RDMA_READ_CONSUME_CHECK_CONSUMER) timestamp=2409 ms, used_size=7835648 bytes (19.1%)
(RDMA_READ_CONSUME_CHECK_CONSUMER) timestamp=2409 ms, used_size=7833600 bytes (19.1%)
(RDMA_READ_CONSUME_CHECK_CONSUMER) timestamp=2409 ms, used_size=7831552 bytes (19.1%)
(RDMA_READ_CONSUME_CHECK_CONSUMER) timestamp=2409 ms, used_size=7829504 bytes (19.1%)
(RDMA_READ_CONSUME_CHECK_CONSUMER) timestamp=2409 ms, used_size=7827456 bytes (19.1%)
(RDMA_READ_CONSUME_CHECK_CONSUMER) timestamp=2409 ms, used_size=7825408 bytes (19.1%)
(RDMA_READ_CONSUME_CHECK_CONSUMER) timestamp=2409 ms, used_size=7823360 bytes (19.1%)
(RDMA_READ_CONSUME_CHECK_CONSUMER) timestamp=2410 ms, used_size=7821312 bytes (19.1%)
(RDMA_READ_CONSUME_CHECK_CONSUMER) timestamp=2410 ms, used_size=7819264 bytes (19.1%)
(RDMA_READ_CONSUME_CHECK_CONSUMER) timestamp=2410 ms, used_size=7817216 bytes (19.1%)
(RDMA_READ_CONSUME_CHECK_CONSUMER) timestamp=2410 ms, used_size=7815168 bytes (19.1%)
(RDMA_READ_CONSUME_CHECK_CONSUMER) timestamp=2410 ms, used_size=7813120 bytes (19.1%)
(RDMA_READ_CONSUME_CHECK_CONSUMER) timestamp=2410 ms, used_size=7811072 bytes (19.1%)
(RDMA_READ_CONSUME_CHECK_CONSUMER) timestamp=2410 ms, used_size=7809024 bytes (19.1%)
(RDMA_READ_CONSUME_CHECK_CONSUMER) timestamp=2410 ms, used_size=7806976 bytes (19.1%)
(RDMA_READ_CONSUME_CHECK_CONSUMER) timestamp=2410 ms, used_size=7804928 bytes (19.1%)
(RDMA_READ_CONSUME_CHECK_CONSUMER) timestamp=2410 ms, used_size=7802880 bytes (19.1%)
(RDMA_READ_CONSUME_CHECK_CONSUMER) timestamp=2410 ms, used_size=7800832 bytes (19.0%)
(RDMA_READ_CONSUME_CHECK_CONSUMER) timestamp=2410 ms, used_size=7798784 bytes (19.0%)
(RDMA_READ_CONSUME_CHECK_CONSUMER) timestamp=2410 ms, used_size=7796736 bytes (19.0%)
(RDMA_READ_CONSUME_CHECK_CONSUMER) timestamp=2410 ms, used_size=7794688 bytes (19.0%)
(RDMA_READ_CONSUME_CHECK_CONSUMER) timestamp=2410 ms, used_size=7792640 bytes (19.0%)
(RDMA_READ_CONSUME_CHECK_CONSUMER) timestamp=2410 ms, used_size=7790592 bytes (19.0%)
(RDMA_READ_CONSUME_CHECK_CONSUMER) timestamp=2410 ms, used_size=7788544 bytes (19.0%)
(RDMA_READ_CONSUME_CHECK_CONSUMER) timestamp=2410 ms, used_size=7786496 bytes (19.0%)
(RDMA_READ_CONSUME_CHECK_CONSUMER) timestamp=2410 ms, used_size=7784448 bytes (19.0%)
(RDMA_READ_CONSUME_CHECK_CONSUMER) timestamp=2410 ms, used_size=7782400 bytes (19.0%)
(RDMA_READ_CONSUME_CHECK_CONSUMER) timestamp=2410 ms, used_size=7780352 bytes (19.0%)
(RDMA_READ_CONSUME_CHECK_CONSUMER) timestamp=2410 ms, used_size=7778304 bytes (19.0%)
(RDMA_READ_CONSUME_CHECK_CONSUMER) timestamp=2410 ms, used_size=7776256 bytes (19.0%)
(RDMA_READ_CONSUME_CHECK_CONSUMER) timestamp=2410 ms, used_size=7774208 bytes (19.0%)
(RDMA_READ_CONSUME_CHECK_CONSUMER) timestamp=2410 ms, used_size=7772160 bytes (19.0%)
(RDMA_READ_CONSUME_CHECK_CONSUMER) timestamp=2410 ms, used_size=7770112 bytes (19.0%)
(RDMA_READ_CONSUME_CHECK_CONSUMER) timestamp=2410 ms, used_size=7768064 bytes (19.0%)
(RDMA_READ_CONSUME_CHECK_CONSUMER) timestamp=2410 ms, used_size=7766016 bytes (19.0%)
(RDMA_READ_CONSUME_CHECK_CONSUMER) timestamp=2410 ms, used_size=7763968 bytes (19.0%)
(RDMA_READ_CONSUME_CHECK_CONSUMER) timestamp=2410 ms, used_size=7761920 bytes (18.9%)
(RDMA_READ_CONSUME_CHECK_CONSUMER) timestamp=2410 ms, used_size=7759872 bytes (18.9%)
(RDMA_READ_CONSUME_CHECK_CONSUMER) timestamp=2410 ms, used_size=7757824 bytes (18.9%)
(RDMA_READ_CONSUME_CHECK_CONSUMER) timestamp=2410 ms, used_size=7755776 bytes (18.9%)
(RDMA_READ_CONSUME_CHECK_CONSUMER) timestamp=2410 ms, used_size=7753728 bytes (18.9%)
(RDMA_READ_CONSUME_CHECK_CONSUMER) timestamp=2410 ms, used_size=7751680 bytes (18.9%)
(RDMA_READ_CONSUME_CHECK_CONSUMER) timestamp=2410 ms, used_size=7749632 bytes (18.9%)
(RDMA_READ_CONSUME_CHECK_CONSUMER) timestamp=2410 ms, used_size=7747584 bytes (18.9%)
(RDMA_READ_CONSUME_CHECK_CONSUMER) timestamp=2410 ms, used_size=7745536 bytes (18.9%)
(RDMA_READ_CONSUME_CHECK_CONSUMER) timestamp=2410 ms, used_size=7743488 bytes (18.9%)
(RDMA_READ_CONSUME_CHECK_CONSUMER) timestamp=2410 ms, used_size=7741440 bytes (18.9%)
(RDMA_READ_CONSUME_CHECK_CONSUMER) timestamp=2410 ms, used_size=7739392 bytes (18.9%)
(RDMA_READ_CONSUME_CHECK_CONSUMER) timestamp=2410 ms, used_size=7737344 bytes (18.9%)
(RDMA_READ_CONSUME_CHECK_CONSUMER) timestamp=2410 ms, used_size=7735296 bytes (18.9%)
(RDMA_READ_CONSUME_CHECK_CONSUMER) timestamp=2410 ms, used_size=7733248 bytes (18.9%)
(RDMA_READ_CONSUME_CHECK_CONSUMER) timestamp=2410 ms, used_size=7731200 bytes (18.9%)
(RDMA_READ_CONSUME_CHECK_CONSUMER) timestamp=2410 ms, used_size=7729152 bytes (18.9%)
(RDMA_READ_CONSUME_CHECK_CONSUMER) timestamp=2410 ms, used_size=7727104 bytes (18.9%)
(RDMA_READ_CONSUME_CHECK_CONSUMER) timestamp=2410 ms, used_size=7725056 bytes (18.9%)
(RDMA_READ_CONSUME_CHECK_CONSUMER) timestamp=2410 ms, used_size=7723008 bytes (18.9%)
(RDMA_READ_CONSUME_CHECK_CONSUMER) timestamp=2410 ms, used_size=7720960 bytes (18.9%)
(RDMA_READ_CONSUME_CHECK_CONSUMER) timestamp=2410 ms, used_size=7718912 bytes (18.8%)
(RDMA_READ_CONSUME_CHECK_CONSUMER) timestamp=2410 ms, used_size=7716864 bytes (18.8%)
(RDMA_READ_CONSUME_CHECK_CONSUMER) timestamp=2410 ms, used_size=7714816 bytes (18.8%)
(RDMA_READ_CONSUME_CHECK_CONSUMER) timestamp=2410 ms, used_size=7712768 bytes (18.8%)
(RDMA_READ_CONSUME_CHECK_CONSUMER) timestamp=2410 ms, used_size=7710720 bytes (18.8%)
(RDMA_READ_CONSUME_CHECK_CONSUMER) timestamp=2410 ms, used_size=7708672 bytes (18.8%)
(RDMA_READ_CONSUME_CHECK_CONSUMER) timestamp=2410 ms, used_size=7706624 bytes (18.8%)
(RDMA_READ_CONSUME_CHECK_CONSUMER) timestamp=2410 ms, used_size=7704576 bytes (18.8%)
(RDMA_READ_CONSUME_CHECK_CONSUMER) timestamp=2410 ms, used_size=7702528 bytes (18.8%)
(RDMA_READ_CONSUME_CHECK_CONSUMER) timestamp=2410 ms, used_size=7700480 bytes (18.8%)
(RDMA_READ_CONSUME_CHECK_CONSUMER) timestamp=2410 ms, used_size=7698432 bytes (18.8%)
(RDMA_READ_CONSUME_CHECK_CONSUMER) timestamp=2410 ms, used_size=7696384 bytes (18.8%)
(RDMA_READ_CONSUME_CHECK_CONSUMER) timestamp=2410 ms, used_size=7694336 bytes (18.8%)
(RDMA_READ_CONSUME_CHECK_CONSUMER) timestamp=2410 ms, used_size=7692288 bytes (18.8%)
(RDMA_READ_CONSUME_CHECK_CONSUMER) timestamp=2410 ms, used_size=7690240 bytes (18.8%)
(RDMA_READ_CONSUME_CHECK_CONSUMER) timestamp=2410 ms, used_size=7688192 bytes (18.8%)
(RDMA_READ_CONSUME_CHECK_CONSUMER) timestamp=2410 ms, used_size=7686144 bytes (18.8%)
(RDMA_READ_CONSUME_CHECK_CONSUMER) timestamp=2410 ms, used_size=7684096 bytes (18.8%)
(RDMA_READ_CONSUME_CHECK_CONSUMER) timestamp=2410 ms, used_size=7682048 bytes (18.8%)
(RDMA_READ_CONSUME_CHECK_CONSUMER) timestamp=2410 ms, used_size=7680000 bytes (18.8%)
(RDMA_READ_CONSUME_CHECK_CONSUMER) timestamp=2410 ms, used_size=7677952 bytes (18.7%)
(RDMA_READ_CONSUME_CHECK_CONSUMER) timestamp=2410 ms, used_size=7675904 bytes (18.7%)
(RDMA_READ_CONSUME_CHECK_CONSUMER) timestamp=2410 ms, used_size=7673856 bytes (18.7%)
(RDMA_READ_CONSUME_CHECK_CONSUMER) timestamp=2410 ms, used_size=7671808 bytes (18.7%)
(RDMA_READ_CONSUME_CHECK_CONSUMER) timestamp=2410 ms, used_size=7669760 bytes (18.7%)
(RDMA_READ_CONSUME_CHECK_CONSUMER) timestamp=2410 ms, used_size=7667712 bytes (18.7%)
(RDMA_READ_CONSUME_CHECK_CONSUMER) timestamp=2410 ms, used_size=7665664 bytes (18.7%)
(RDMA_READ_CONSUME_CHECK_CONSUMER) timestamp=2410 ms, used_size=7663616 bytes (18.7%)
(RDMA_READ_CONSUME_CHECK_CONSUMER) timestamp=2410 ms, used_size=7661568 bytes (18.7%)
(RDMA_READ_CONSUME_CHECK_CONSUMER) timestamp=2410 ms, used_size=7659520 bytes (18.7%)
(RDMA_READ_CONSUME_CHECK_CONSUMER) timestamp=2410 ms, used_size=7657472 bytes (18.7%)
(RDMA_READ_CONSUME_CHECK_CONSUMER) timestamp=2410 ms, used_size=7655424 bytes (18.7%)
(RDMA_READ_CONSUME_CHECK_CONSUMER) timestamp=2410 ms, used_size=7653376 bytes (18.7%)
(RDMA_READ_CONSUME_CHECK_CONSUMER) timestamp=2410 ms, used_size=7651328 bytes (18.7%)
(RDMA_READ_CONSUME_CHECK_CONSUMER) timestamp=2410 ms, used_size=7649280 bytes (18.7%)
(RDMA_READ_CONSUME_CHECK_CONSUMER) timestamp=2410 ms, used_size=7647232 bytes (18.7%)
(RDMA_READ_CONSUME_CHECK_CONSUMER) timestamp=2410 ms, used_size=7645184 bytes (18.7%)
(RDMA_READ_CONSUME_CHECK_CONSUMER) timestamp=2410 ms, used_size=7643136 bytes (18.7%)
(RDMA_READ_CONSUME_CHECK_CONSUMER) timestamp=2410 ms, used_size=7641088 bytes (18.7%)
(RDMA_READ_CONSUME_CHECK_CONSUMER) timestamp=2410 ms, used_size=7639040 bytes (18.6%)
(RDMA_READ_CONSUME_CHECK_CONSUMER) timestamp=2410 ms, used_size=7636992 bytes (18.6%)
(RDMA_READ_CONSUME_CHECK_CONSUMER) timestamp=2410 ms, used_size=7634944 bytes (18.6%)
(RDMA_READ_CONSUME_CHECK_CONSUMER) timestamp=2410 ms, used_size=7632896 bytes (18.6%)
(RDMA_READ_CONSUME_CHECK_CONSUMER) timestamp=2410 ms, used_size=7630848 bytes (18.6%)
(RDMA_READ_CONSUME_CHECK_CONSUMER) timestamp=2410 ms, used_size=7628800 bytes (18.6%)
(RDMA_READ_CONSUME_CHECK_CONSUMER) timestamp=2410 ms, used_size=7626752 bytes (18.6%)
(RDMA_READ_CONSUME_CHECK_CONSUMER) timestamp=2410 ms, used_size=7624704 bytes (18.6%)
(RDMA_READ_CONSUME_CHECK_CONSUMER) timestamp=2410 ms, used_size=7622656 bytes (18.6%)
(RDMA_READ_CONSUME_CHECK_CONSUMER) timestamp=2410 ms, used_size=7620608 bytes (18.6%)
(RDMA_READ_CONSUME_CHECK_CONSUMER) timestamp=2410 ms, used_size=7618560 bytes (18.6%)
(RDMA_READ_CONSUME_CHECK_CONSUMER) timestamp=2410 ms, used_size=7616512 bytes (18.6%)
(RDMA_READ_CONSUME_CHECK_CONSUMER) timestamp=2410 ms, used_size=7614464 bytes (18.6%)
(RDMA_READ_CONSUME_CHECK_CONSUMER) timestamp=2410 ms, used_size=7612416 bytes (18.6%)
(RDMA_READ_CONSUME_CHECK_CONSUMER) timestamp=2410 ms, used_size=7610368 bytes (18.6%)
(RDMA_READ_CONSUME_CHECK_CONSUMER) timestamp=2410 ms, used_size=7608320 bytes (18.6%)
(RDMA_READ_CONSUME_CHECK_CONSUMER) timestamp=2410 ms, used_size=7606272 bytes (18.6%)
(RDMA_READ_CONSUME_CHECK_CONSUMER) timestamp=2410 ms, used_size=7604224 bytes (18.6%)
(RDMA_READ_CONSUME_CHECK_CONSUMER) timestamp=2410 ms, used_size=7602176 bytes (18.6%)
(RDMA_READ_CONSUME_CHECK_CONSUMER) timestamp=2410 ms, used_size=7600128 bytes (18.6%)
(RDMA_READ_CONSUME_CHECK_CONSUMER) timestamp=2410 ms, used_size=7598080 bytes (18.6%)
(RDMA_READ_CONSUME_CHECK_CONSUMER) timestamp=2410 ms, used_size=7596032 bytes (18.5%)
(RDMA_READ_CONSUME_CHECK_CONSUMER) timestamp=2410 ms, used_size=7593984 bytes (18.5%)
(RDMA_READ_CONSUME_CHECK_CONSUMER) timestamp=2410 ms, used_size=7591936 bytes (18.5%)
(RDMA_READ_CONSUME_CHECK_CONSUMER) timestamp=2410 ms, used_size=7589888 bytes (18.5%)
(RDMA_READ_CONSUME_CHECK_CONSUMER) timestamp=2410 ms, used_size=7587840 bytes (18.5%)
(RDMA_READ_CONSUME_CHECK_CONSUMER) timestamp=2410 ms, used_size=7585792 bytes (18.5%)
(RDMA_READ_CONSUME_CHECK_CONSUMER) timestamp=2410 ms, used_size=7583744 bytes (18.5%)
(RDMA_READ_CONSUME_CHECK_CONSUMER) timestamp=2410 ms, used_size=7581696 bytes (18.5%)
(RDMA_READ_CONSUME_CHECK_CONSUMER) timestamp=2410 ms, used_size=7579648 bytes (18.5%)
(RDMA_READ_CONSUME_CHECK_CONSUMER) timestamp=2410 ms, used_size=7577600 bytes (18.5%)
(RDMA_READ_CONSUME_CHECK_CONSUMER) timestamp=2410 ms, used_size=7575552 bytes (18.5%)
(RDMA_READ_CONSUME_CHECK_CONSUMER) timestamp=2410 ms, used_size=7573504 bytes (18.5%)
(RDMA_READ_CONSUME_CHECK_CONSUMER) timestamp=2410 ms, used_size=7571456 bytes (18.5%)
(RDMA_READ_CONSUME_CHECK_CONSUMER) timestamp=2410 ms, used_size=7569408 bytes (18.5%)
(RDMA_READ_CONSUME_CHECK_CONSUMER) timestamp=2410 ms, used_size=7567360 bytes (18.5%)
(RDMA_READ_CONSUME_CHECK_CONSUMER) timestamp=2410 ms, used_size=7565312 bytes (18.5%)
(RDMA_READ_CONSUME_CHECK_CONSUMER) timestamp=2410 ms, used_size=7563264 bytes (18.5%)
(RDMA_READ_CONSUME_CHECK_CONSUMER) timestamp=2410 ms, used_size=7561216 bytes (18.5%)
(RDMA_READ_CONSUME_CHECK_CONSUMER) timestamp=2410 ms, used_size=7559168 bytes (18.5%)
(RDMA_READ_CONSUME_CHECK_CONSUMER) timestamp=2410 ms, used_size=7557120 bytes (18.4%)
(RDMA_READ_CONSUME_CHECK_CONSUMER) timestamp=2410 ms, used_size=7555072 bytes (18.4%)
(RDMA_READ_CONSUME_CHECK_CONSUMER) timestamp=2410 ms, used_size=7553024 bytes (18.4%)
(RDMA_READ_CONSUME_CHECK_CONSUMER) timestamp=2410 ms, used_size=7550976 bytes (18.4%)
(RDMA_READ_CONSUME_CHECK_CONSUMER) timestamp=2410 ms, used_size=7548928 bytes (18.4%)
(RDMA_READ_CONSUME_CHECK_CONSUMER) timestamp=2410 ms, used_size=7546880 bytes (18.4%)
(RDMA_READ_CONSUME_CHECK_CONSUMER) timestamp=2410 ms, used_size=7544832 bytes (18.4%)
(RDMA_READ_CONSUME_CHECK_CONSUMER) timestamp=2410 ms, used_size=7542784 bytes (18.4%)
(RDMA_READ_CONSUME_CHECK_CONSUMER) timestamp=2410 ms, used_size=7540736 bytes (18.4%)
(RDMA_READ_CONSUME_CHECK_CONSUMER) timestamp=2410 ms, used_size=7538688 bytes (18.4%)
(RDMA_READ_CONSUME_CHECK_CONSUMER) timestamp=2410 ms, used_size=7536640 bytes (18.4%)
(RDMA_READ_CONSUME_CHECK_CONSUMER) timestamp=2410 ms, used_size=7534592 bytes (18.4%)
(RDMA_READ_CONSUME_CHECK_CONSUMER) timestamp=2410 ms, used_size=7532544 bytes (18.4%)
(RDMA_READ_CONSUME_CHECK_CONSUMER) timestamp=2410 ms, used_size=7530496 bytes (18.4%)
(RDMA_READ_CONSUME_CHECK_CONSUMER) timestamp=2410 ms, used_size=7528448 bytes (18.4%)
(RDMA_READ_CONSUME_CHECK_CONSUMER) timestamp=2410 ms, used_size=7526400 bytes (18.4%)
(RDMA_READ_CONSUME_CHECK_CONSUMER) timestamp=2410 ms, used_size=7524352 bytes (18.4%)
(RDMA_READ_CONSUME_CHECK_CONSUMER) timestamp=2410 ms, used_size=7522304 bytes (18.4%)
(RDMA_READ_CONSUME_CHECK_CONSUMER) timestamp=2410 ms, used_size=7520256 bytes (18.4%)
(RDMA_READ_CONSUME_CHECK_CONSUMER) timestamp=2410 ms, used_size=7518208 bytes (18.4%)
(RDMA_READ_CONSUME_CHECK_CONSUMER) timestamp=2410 ms, used_size=7516160 bytes (18.4%)
(RDMA_READ_CONSUME_CHECK_CONSUMER) timestamp=2410 ms, used_size=7514112 bytes (18.3%)
(RDMA_READ_CONSUME_CHECK_CONSUMER) timestamp=2410 ms, used_size=7512064 bytes (18.3%)
(RDMA_READ_CONSUME_CHECK_CONSUMER) timestamp=2410 ms, used_size=7510016 bytes (18.3%)
(RDMA_READ_CONSUME_CHECK_CONSUMER) timestamp=2410 ms, used_size=7507968 bytes (18.3%)
(RDMA_READ_CONSUME_CHECK_CONSUMER) timestamp=2410 ms, used_size=7505920 bytes (18.3%)
(RDMA_READ_CONSUME_CHECK_CONSUMER) timestamp=2410 ms, used_size=7503872 bytes (18.3%)
(RDMA_READ_CONSUME_CHECK_CONSUMER) timestamp=2410 ms, used_size=7501824 bytes (18.3%)
(RDMA_READ_CONSUME_CHECK_CONSUMER) timestamp=2410 ms, used_size=7499776 bytes (18.3%)
(RDMA_READ_CONSUME_CHECK_CONSUMER) timestamp=2410 ms, used_size=7497728 bytes (18.3%)
(RDMA_READ_CONSUME_CHECK_CONSUMER) timestamp=2410 ms, used_size=7495680 bytes (18.3%)
(RDMA_READ_CONSUME_CHECK_CONSUMER) timestamp=2410 ms, used_size=7493632 bytes (18.3%)
(RDMA_READ_CONSUME_CHECK_CONSUMER) timestamp=2410 ms, used_size=7491584 bytes (18.3%)
(RDMA_READ_CONSUME_CHECK_CONSUMER) timestamp=2410 ms, used_size=7489536 bytes (18.3%)
(RDMA_READ_CONSUME_CHECK_CONSUMER) timestamp=2410 ms, used_size=7487488 bytes (18.3%)
(RDMA_READ_CONSUME_CHECK_CONSUMER) timestamp=2410 ms, used_size=7485440 bytes (18.3%)
(RDMA_READ_CONSUME_CHECK_CONSUMER) timestamp=2410 ms, used_size=7483392 bytes (18.3%)
(RDMA_READ_CONSUME_CHECK_CONSUMER) timestamp=2410 ms, used_size=7481344 bytes (18.3%)
(RDMA_READ_CONSUME_CHECK_CONSUMER) timestamp=2410 ms, used_size=7479296 bytes (18.3%)
(RDMA_READ_CONSUME_CHECK_CONSUMER) timestamp=2410 ms, used_size=7477248 bytes (18.3%)
(RDMA_READ_CONSUME_CHECK_CONSUMER) timestamp=2410 ms, used_size=7475200 bytes (18.2%)
(RDMA_READ_CONSUME_CHECK_CONSUMER) timestamp=2410 ms, used_size=7473152 bytes (18.2%)
(RDMA_READ_CONSUME_CHECK_CONSUMER) timestamp=2410 ms, used_size=7471104 bytes (18.2%)
(RDMA_READ_CONSUME_CHECK_CONSUMER) timestamp=2410 ms, used_size=7469056 bytes (18.2%)
(RDMA_READ_CONSUME_CHECK_CONSUMER) timestamp=2410 ms, used_size=7467008 bytes (18.2%)
(RDMA_READ_CONSUME_CHECK_CONSUMER) timestamp=2410 ms, used_size=7464960 bytes (18.2%)
(RDMA_READ_CONSUME_CHECK_CONSUMER) timestamp=2410 ms, used_size=7462912 bytes (18.2%)
(RDMA_READ_CONSUME_CHECK_CONSUMER) timestamp=2410 ms, used_size=7460864 bytes (18.2%)
(RDMA_READ_CONSUME_CHECK_CONSUMER) timestamp=2410 ms, used_size=7458816 bytes (18.2%)
(RDMA_READ_CONSUME_CHECK_CONSUMER) timestamp=2411 ms, used_size=7456768 bytes (18.2%)
(RDMA_READ_CONSUME_CHECK_CONSUMER) timestamp=2411 ms, used_size=7454720 bytes (18.2%)
(RDMA_READ_CONSUME_CHECK_CONSUMER) timestamp=2411 ms, used_size=7452672 bytes (18.2%)
(RDMA_READ_CONSUME_CHECK_CONSUMER) timestamp=2411 ms, used_size=7450624 bytes (18.2%)
(RDMA_READ_CONSUME_CHECK_CONSUMER) timestamp=2411 ms, used_size=7448576 bytes (18.2%)
(RDMA_READ_CONSUME_CHECK_CONSUMER) timestamp=2411 ms, used_size=7446528 bytes (18.2%)
(RDMA_READ_CONSUME_CHECK_CONSUMER) timestamp=2411 ms, used_size=7444480 bytes (18.2%)
(RDMA_READ_CONSUME_CHECK_CONSUMER) timestamp=2411 ms, used_size=7442432 bytes (18.2%)
(RDMA_READ_CONSUME_CHECK_CONSUMER) timestamp=2411 ms, used_size=7440384 bytes (18.2%)
(RDMA_READ_CONSUME_CHECK_CONSUMER) timestamp=2411 ms, used_size=7438336 bytes (18.2%)
(RDMA_READ_CONSUME_CHECK_CONSUMER) timestamp=2411 ms, used_size=7436288 bytes (18.2%)
(RDMA_READ_CONSUME_CHECK_CONSUMER) timestamp=2411 ms, used_size=7434240 bytes (18.1%)
(RDMA_READ_CONSUME_CHECK_CONSUMER) timestamp=2411 ms, used_size=7432192 bytes (18.1%)
(RDMA_READ_CONSUME_CHECK_CONSUMER) timestamp=2411 ms, used_size=7430144 bytes (18.1%)
(RDMA_READ_CONSUME_CHECK_CONSUMER) timestamp=2411 ms, used_size=7428096 bytes (18.1%)
(RDMA_READ_CONSUME_CHECK_CONSUMER) timestamp=2411 ms, used_size=7426048 bytes (18.1%)
(RDMA_READ_CONSUME_CHECK_CONSUMER) timestamp=2411 ms, used_size=7424000 bytes (18.1%)
(RDMA_READ_CONSUME_CHECK_CONSUMER) timestamp=2411 ms, used_size=7421952 bytes (18.1%)
(RDMA_READ_CONSUME_CHECK_CONSUMER) timestamp=2411 ms, used_size=7419904 bytes (18.1%)
(RDMA_READ_CONSUME_CHECK_CONSUMER) timestamp=2411 ms, used_size=7417856 bytes (18.1%)
(RDMA_READ_CONSUME_CHECK_CONSUMER) timestamp=2411 ms, used_size=7415808 bytes (18.1%)
(RDMA_READ_CONSUME_CHECK_CONSUMER) timestamp=2411 ms, used_size=7413760 bytes (18.1%)
(RDMA_READ_CONSUME_CHECK_CONSUMER) timestamp=2411 ms, used_size=7411712 bytes (18.1%)
(RDMA_READ_CONSUME_CHECK_CONSUMER) timestamp=2411 ms, used_size=7409664 bytes (18.1%)
(RDMA_READ_CONSUME_CHECK_CONSUMER) timestamp=2411 ms, used_size=7407616 bytes (18.1%)
(RDMA_READ_CONSUME_CHECK_CONSUMER) timestamp=2411 ms, used_size=7405568 bytes (18.1%)
(RDMA_READ_CONSUME_CHECK_CONSUMER) timestamp=2411 ms, used_size=7403520 bytes (18.1%)
(RDMA_READ_CONSUME_CHECK_CONSUMER) timestamp=2411 ms, used_size=7401472 bytes (18.1%)
(RDMA_READ_CONSUME_CHECK_CONSUMER) timestamp=2411 ms, used_size=7399424 bytes (18.1%)
(RDMA_READ_CONSUME_CHECK_CONSUMER) timestamp=2411 ms, used_size=7397376 bytes (18.1%)
(RDMA_READ_CONSUME_CHECK_CONSUMER) timestamp=2411 ms, used_size=7395328 bytes (18.1%)
(RDMA_READ_CONSUME_CHECK_CONSUMER) timestamp=2411 ms, used_size=7393280 bytes (18.1%)
(RDMA_READ_CONSUME_CHECK_CONSUMER) timestamp=2411 ms, used_size=7391232 bytes (18.0%)
(RDMA_READ_CONSUME_CHECK_CONSUMER) timestamp=2411 ms, used_size=7389184 bytes (18.0%)
(RDMA_READ_CONSUME_CHECK_CONSUMER) timestamp=2411 ms, used_size=7387136 bytes (18.0%)
(RDMA_READ_CONSUME_CHECK_CONSUMER) timestamp=2411 ms, used_size=7385088 bytes (18.0%)
(RDMA_READ_CONSUME_CHECK_CONSUMER) timestamp=2411 ms, used_size=7383040 bytes (18.0%)
(RDMA_READ_CONSUME_CHECK_CONSUMER) timestamp=2411 ms, used_size=7380992 bytes (18.0%)
(RDMA_READ_CONSUME_CHECK_CONSUMER) timestamp=2411 ms, used_size=7378944 bytes (18.0%)
(RDMA_READ_CONSUME_CHECK_CONSUMER) timestamp=2411 ms, used_size=7376896 bytes (18.0%)
(RDMA_READ_CONSUME_CHECK_CONSUMER) timestamp=2411 ms, used_size=7374848 bytes (18.0%)
(RDMA_READ_CONSUME_CHECK_CONSUMER) timestamp=2411 ms, used_size=7372800 bytes (18.0%)
(RDMA_READ_CONSUME_CHECK_CONSUMER) timestamp=2411 ms, used_size=7370752 bytes (18.0%)
(RDMA_READ_CONSUME_CHECK_CONSUMER) timestamp=2411 ms, used_size=7368704 bytes (18.0%)
(RDMA_READ_CONSUME_CHECK_CONSUMER) timestamp=2411 ms, used_size=7366656 bytes (18.0%)
(RDMA_READ_CONSUME_CHECK_CONSUMER) timestamp=2411 ms, used_size=7364608 bytes (18.0%)
(RDMA_READ_CONSUME_CHECK_CONSUMER) timestamp=2411 ms, used_size=7362560 bytes (18.0%)
(RDMA_READ_CONSUME_CHECK_CONSUMER) timestamp=2411 ms, used_size=7360512 bytes (18.0%)
(RDMA_READ_CONSUME_CHECK_CONSUMER) timestamp=2411 ms, used_size=7358464 bytes (18.0%)
(RDMA_READ_CONSUME_CHECK_CONSUMER) timestamp=2411 ms, used_size=7356416 bytes (18.0%)
(RDMA_READ_CONSUME_CHECK_CONSUMER) timestamp=2411 ms, used_size=7354368 bytes (18.0%)
(RDMA_READ_CONSUME_CHECK_CONSUMER) timestamp=2411 ms, used_size=7352320 bytes (17.9%)
(RDMA_READ_CONSUME_CHECK_CONSUMER) timestamp=2411 ms, used_size=7350272 bytes (17.9%)
(RDMA_READ_CONSUME_CHECK_CONSUMER) timestamp=2411 ms, used_size=7348224 bytes (17.9%)
(RDMA_READ_CONSUME_CHECK_CONSUMER) timestamp=2411 ms, used_size=7346176 bytes (17.9%)
(RDMA_READ_CONSUME_CHECK_CONSUMER) timestamp=2411 ms, used_size=7344128 bytes (17.9%)
(RDMA_READ_CONSUME_CHECK_CONSUMER) timestamp=2411 ms, used_size=7342080 bytes (17.9%)
(RDMA_READ_CONSUME_CHECK_CONSUMER) timestamp=2411 ms, used_size=7340032 bytes (17.9%)
(RDMA_READ_CONSUME_CHECK_CONSUMER) timestamp=2411 ms, used_size=7337984 bytes (17.9%)
(RDMA_READ_CONSUME_CHECK_CONSUMER) timestamp=2411 ms, used_size=7335936 bytes (17.9%)
(RDMA_READ_CONSUME_CHECK_CONSUMER) timestamp=2411 ms, used_size=7333888 bytes (17.9%)
(RDMA_READ_CONSUME_CHECK_CONSUMER) timestamp=2411 ms, used_size=7331840 bytes (17.9%)
(RDMA_READ_CONSUME_CHECK_CONSUMER) timestamp=2411 ms, used_size=7329792 bytes (17.9%)
(RDMA_READ_CONSUME_CHECK_CONSUMER) timestamp=2411 ms, used_size=7327744 bytes (17.9%)
(RDMA_READ_CONSUME_CHECK_CONSUMER) timestamp=2411 ms, used_size=7325696 bytes (17.9%)
(RDMA_READ_CONSUME_CHECK_CONSUMER) timestamp=2411 ms, used_size=7323648 bytes (17.9%)
(RDMA_READ_CONSUME_CHECK_CONSUMER) timestamp=2411 ms, used_size=7321600 bytes (17.9%)
(RDMA_READ_CONSUME_CHECK_CONSUMER) timestamp=2411 ms, used_size=7319552 bytes (17.9%)
(RDMA_READ_CONSUME_CHECK_CONSUMER) timestamp=2411 ms, used_size=7317504 bytes (17.9%)
(RDMA_READ_CONSUME_CHECK_CONSUMER) timestamp=2411 ms, used_size=7315456 bytes (17.9%)
(RDMA_READ_CONSUME_CHECK_CONSUMER) timestamp=2411 ms, used_size=7313408 bytes (17.9%)
(RDMA_READ_CONSUME_CHECK_CONSUMER) timestamp=2411 ms, used_size=7311360 bytes (17.9%)
(RDMA_READ_CONSUME_CHECK_CONSUMER) timestamp=2411 ms, used_size=7309312 bytes (17.8%)
(RDMA_READ_CONSUME_CHECK_CONSUMER) timestamp=2411 ms, used_size=7307264 bytes (17.8%)
(RDMA_READ_CONSUME_CHECK_CONSUMER) timestamp=2411 ms, used_size=7305216 bytes (17.8%)
(RDMA_READ_CONSUME_CHECK_CONSUMER) timestamp=2411 ms, used_size=7303168 bytes (17.8%)
(RDMA_READ_CONSUME_CHECK_CONSUMER) timestamp=2411 ms, used_size=7301120 bytes (17.8%)
(RDMA_READ_CONSUME_CHECK_CONSUMER) timestamp=2411 ms, used_size=7299072 bytes (17.8%)
(RDMA_READ_CONSUME_CHECK_CONSUMER) timestamp=2411 ms, used_size=7297024 bytes (17.8%)
(RDMA_READ_CONSUME_CHECK_CONSUMER) timestamp=2411 ms, used_size=7294976 bytes (17.8%)
(RDMA_READ_CONSUME_CHECK_CONSUMER) timestamp=2411 ms, used_size=7292928 bytes (17.8%)
(RDMA_READ_CONSUME_CHECK_CONSUMER) timestamp=2411 ms, used_size=7290880 bytes (17.8%)
(RDMA_READ_CONSUME_CHECK_CONSUMER) timestamp=2411 ms, used_size=7288832 bytes (17.8%)
(RDMA_READ_CONSUME_CHECK_CONSUMER) timestamp=2411 ms, used_size=7286784 bytes (17.8%)
(RDMA_READ_CONSUME_CHECK_CONSUMER) timestamp=2411 ms, used_size=7284736 bytes (17.8%)
(RDMA_READ_CONSUME_CHECK_CONSUMER) timestamp=2411 ms, used_size=7282688 bytes (17.8%)
(RDMA_READ_CONSUME_CHECK_CONSUMER) timestamp=2411 ms, used_size=7280640 bytes (17.8%)
(RDMA_READ_CONSUME_CHECK_CONSUMER) timestamp=2411 ms, used_size=7278592 bytes (17.8%)
(RDMA_READ_CONSUME_CHECK_CONSUMER) timestamp=2411 ms, used_size=7276544 bytes (17.8%)
(RDMA_READ_CONSUME_CHECK_CONSUMER) timestamp=2411 ms, used_size=7274496 bytes (17.8%)
(RDMA_READ_CONSUME_CHECK_CONSUMER) timestamp=2411 ms, used_size=7272448 bytes (17.8%)
(RDMA_READ_CONSUME_CHECK_CONSUMER) timestamp=2411 ms, used_size=7270400 bytes (17.8%)
(RDMA_READ_CONSUME_CHECK_CONSUMER) timestamp=2411 ms, used_size=7268352 bytes (17.7%)
(RDMA_READ_CONSUME_CHECK_CONSUMER) timestamp=2411 ms, used_size=7266304 bytes (17.7%)
(RDMA_READ_CONSUME_CHECK_CONSUMER) timestamp=2411 ms, used_size=7264256 bytes (17.7%)
(RDMA_READ_CONSUME_CHECK_CONSUMER) timestamp=2411 ms, used_size=7262208 bytes (17.7%)
(RDMA_READ_CONSUME_CHECK_CONSUMER) timestamp=2411 ms, used_size=7260160 bytes (17.7%)
(RDMA_READ_CONSUME_CHECK_CONSUMER) timestamp=2411 ms, used_size=7258112 bytes (17.7%)
(RDMA_READ_CONSUME_CHECK_CONSUMER) timestamp=2411 ms, used_size=7256064 bytes (17.7%)
(RDMA_READ_CONSUME_CHECK_CONSUMER) timestamp=2411 ms, used_size=7254016 bytes (17.7%)
(RDMA_READ_CONSUME_CHECK_CONSUMER) timestamp=2411 ms, used_size=7251968 bytes (17.7%)
(RDMA_READ_CONSUME_CHECK_CONSUMER) timestamp=2411 ms, used_size=7249920 bytes (17.7%)
(RDMA_READ_CONSUME_CHECK_CONSUMER) timestamp=2411 ms, used_size=7247872 bytes (17.7%)
(RDMA_READ_CONSUME_CHECK_CONSUMER) timestamp=2411 ms, used_size=7245824 bytes (17.7%)
(RDMA_READ_CONSUME_CHECK_CONSUMER) timestamp=2411 ms, used_size=7243776 bytes (17.7%)
(RDMA_READ_CONSUME_CHECK_CONSUMER) timestamp=2411 ms, used_size=7241728 bytes (17.7%)
(RDMA_READ_CONSUME_CHECK_CONSUMER) timestamp=2411 ms, used_size=7239680 bytes (17.7%)
(RDMA_READ_CONSUME_CHECK_CONSUMER) timestamp=2411 ms, used_size=7237632 bytes (17.7%)
(RDMA_READ_CONSUME_CHECK_CONSUMER) timestamp=2411 ms, used_size=7235584 bytes (17.7%)
(RDMA_READ_CONSUME_CHECK_CONSUMER) timestamp=2411 ms, used_size=7233536 bytes (17.7%)
(RDMA_READ_CONSUME_CHECK_CONSUMER) timestamp=2411 ms, used_size=7231488 bytes (17.7%)
(RDMA_READ_CONSUME_CHECK_CONSUMER) timestamp=2411 ms, used_size=7229440 bytes (17.6%)
(RDMA_READ_CONSUME_CHECK_CONSUMER) timestamp=2411 ms, used_size=7227392 bytes (17.6%)
(RDMA_READ_CONSUME_CHECK_CONSUMER) timestamp=2411 ms, used_size=7225344 bytes (17.6%)
(RDMA_READ_CONSUME_CHECK_CONSUMER) timestamp=2411 ms, used_size=7223296 bytes (17.6%)
(RDMA_READ_CONSUME_CHECK_CONSUMER) timestamp=2411 ms, used_size=7221248 bytes (17.6%)
(RDMA_READ_CONSUME_CHECK_CONSUMER) timestamp=2411 ms, used_size=7219200 bytes (17.6%)
(RDMA_READ_CONSUME_CHECK_CONSUMER) timestamp=2411 ms, used_size=7217152 bytes (17.6%)
(RDMA_READ_CONSUME_CHECK_CONSUMER) timestamp=2411 ms, used_size=7215104 bytes (17.6%)
(RDMA_READ_CONSUME_CHECK_CONSUMER) timestamp=2411 ms, used_size=7213056 bytes (17.6%)
(RDMA_READ_CONSUME_CHECK_CONSUMER) timestamp=2411 ms, used_size=7211008 bytes (17.6%)
(RDMA_READ_CONSUME_CHECK_CONSUMER) timestamp=2411 ms, used_size=7208960 bytes (17.6%)
(RDMA_READ_CONSUME_CHECK_CONSUMER) timestamp=2411 ms, used_size=7206912 bytes (17.6%)
(RDMA_READ_CONSUME_CHECK_CONSUMER) timestamp=2411 ms, used_size=7204864 bytes (17.6%)
(RDMA_READ_CONSUME_CHECK_CONSUMER) timestamp=2411 ms, used_size=7202816 bytes (17.6%)
(RDMA_READ_CONSUME_CHECK_CONSUMER) timestamp=2411 ms, used_size=7200768 bytes (17.6%)
(RDMA_READ_CONSUME_CHECK_CONSUMER) timestamp=2411 ms, used_size=7198720 bytes (17.6%)
(RDMA_READ_CONSUME_CHECK_CONSUMER) timestamp=2411 ms, used_size=7196672 bytes (17.6%)
(RDMA_READ_CONSUME_CHECK_CONSUMER) timestamp=2411 ms, used_size=7194624 bytes (17.6%)
(RDMA_READ_CONSUME_CHECK_CONSUMER) timestamp=2411 ms, used_size=7192576 bytes (17.6%)
(RDMA_READ_CONSUME_CHECK_CONSUMER) timestamp=2411 ms, used_size=7190528 bytes (17.6%)
(RDMA_READ_CONSUME_CHECK_CONSUMER) timestamp=2411 ms, used_size=7188480 bytes (17.6%)
(RDMA_READ_CONSUME_CHECK_CONSUMER) timestamp=2411 ms, used_size=7186432 bytes (17.5%)
(RDMA_READ_CONSUME_CHECK_CONSUMER) timestamp=2411 ms, used_size=7184384 bytes (17.5%)
(RDMA_READ_CONSUME_CHECK_CONSUMER) timestamp=2411 ms, used_size=7182336 bytes (17.5%)
(RDMA_READ_CONSUME_CHECK_CONSUMER) timestamp=2411 ms, used_size=7180288 bytes (17.5%)
(RDMA_READ_CONSUME_CHECK_CONSUMER) timestamp=2411 ms, used_size=7178240 bytes (17.5%)
(RDMA_READ_CONSUME_CHECK_CONSUMER) timestamp=2411 ms, used_size=7176192 bytes (17.5%)
(RDMA_READ_CONSUME_CHECK_CONSUMER) timestamp=2411 ms, used_size=7174144 bytes (17.5%)
(RDMA_READ_CONSUME_CHECK_CONSUMER) timestamp=2411 ms, used_size=7172096 bytes (17.5%)
(RDMA_READ_CONSUME_CHECK_CONSUMER) timestamp=2411 ms, used_size=7170048 bytes (17.5%)
(RDMA_READ_CONSUME_CHECK_CONSUMER) timestamp=2411 ms, used_size=7168000 bytes (17.5%)
(RDMA_READ_CONSUME_CHECK_CONSUMER) timestamp=2411 ms, used_size=7165952 bytes (17.5%)
(RDMA_READ_CONSUME_CHECK_CONSUMER) timestamp=2411 ms, used_size=7163904 bytes (17.5%)
(RDMA_READ_CONSUME_CHECK_CONSUMER) timestamp=2411 ms, used_size=7161856 bytes (17.5%)
(RDMA_READ_CONSUME_CHECK_CONSUMER) timestamp=2411 ms, used_size=7159808 bytes (17.5%)
(RDMA_READ_CONSUME_CHECK_CONSUMER) timestamp=2411 ms, used_size=7157760 bytes (17.5%)
(RDMA_READ_CONSUME_CHECK_CONSUMER) timestamp=2411 ms, used_size=7155712 bytes (17.5%)
(RDMA_READ_CONSUME_CHECK_CONSUMER) timestamp=2411 ms, used_size=7153664 bytes (17.5%)
(RDMA_READ_CONSUME_CHECK_CONSUMER) timestamp=2411 ms, used_size=7151616 bytes (17.5%)
(RDMA_READ_CONSUME_CHECK_CONSUMER) timestamp=2411 ms, used_size=7149568 bytes (17.5%)
(RDMA_READ_CONSUME_CHECK_CONSUMER) timestamp=2411 ms, used_size=7147520 bytes (17.4%)
(RDMA_READ_CONSUME_CHECK_CONSUMER) timestamp=2411 ms, used_size=7145472 bytes (17.4%)
(RDMA_READ_CONSUME_CHECK_CONSUMER) timestamp=2411 ms, used_size=7143424 bytes (17.4%)
(RDMA_READ_CONSUME_CHECK_CONSUMER) timestamp=2411 ms, used_size=7141376 bytes (17.4%)
(RDMA_READ_CONSUME_CHECK_CONSUMER) timestamp=2411 ms, used_size=7139328 bytes (17.4%)
(RDMA_READ_CONSUME_CHECK_CONSUMER) timestamp=2411 ms, used_size=7137280 bytes (17.4%)
(RDMA_READ_CONSUME_CHECK_CONSUMER) timestamp=2411 ms, used_size=7135232 bytes (17.4%)
(RDMA_READ_CONSUME_CHECK_CONSUMER) timestamp=2411 ms, used_size=7133184 bytes (17.4%)
(RDMA_READ_CONSUME_CHECK_CONSUMER) timestamp=2411 ms, used_size=7131136 bytes (17.4%)
(RDMA_READ_CONSUME_CHECK_CONSUMER) timestamp=2411 ms, used_size=7129088 bytes (17.4%)
(RDMA_READ_CONSUME_CHECK_CONSUMER) timestamp=2411 ms, used_size=7127040 bytes (17.4%)
(RDMA_READ_CONSUME_CHECK_CONSUMER) timestamp=2411 ms, used_size=7124992 bytes (17.4%)
(RDMA_READ_CONSUME_CHECK_CONSUMER) timestamp=2411 ms, used_size=7122944 bytes (17.4%)
(RDMA_READ_CONSUME_CHECK_CONSUMER) timestamp=2411 ms, used_size=7120896 bytes (17.4%)
(RDMA_READ_CONSUME_CHECK_CONSUMER) timestamp=2411 ms, used_size=7118848 bytes (17.4%)
(RDMA_READ_CONSUME_CHECK_CONSUMER) timestamp=2411 ms, used_size=7116800 bytes (17.4%)
(RDMA_READ_CONSUME_CHECK_CONSUMER) timestamp=2411 ms, used_size=7114752 bytes (17.4%)
(RDMA_READ_CONSUME_CHECK_CONSUMER) timestamp=2411 ms, used_size=7112704 bytes (17.4%)
(RDMA_READ_CONSUME_CHECK_CONSUMER) timestamp=2411 ms, used_size=7110656 bytes (17.4%)
(RDMA_READ_CONSUME_CHECK_CONSUMER) timestamp=2411 ms, used_size=7108608 bytes (17.4%)
(RDMA_READ_CONSUME_CHECK_CONSUMER) timestamp=2411 ms, used_size=7106560 bytes (17.4%)
(RDMA_READ_CONSUME_CHECK_CONSUMER) timestamp=2411 ms, used_size=7104512 bytes (17.3%)
(RDMA_READ_CONSUME_CHECK_CONSUMER) timestamp=2411 ms, used_size=7102464 bytes (17.3%)
(RDMA_READ_CONSUME_CHECK_CONSUMER) timestamp=2411 ms, used_size=7100416 bytes (17.3%)
(RDMA_READ_CONSUME_CHECK_CONSUMER) timestamp=2411 ms, used_size=7098368 bytes (17.3%)
(RDMA_READ_CONSUME_CHECK_CONSUMER) timestamp=2411 ms, used_size=7096320 bytes (17.3%)
(RDMA_READ_CONSUME_CHECK_CONSUMER) timestamp=2411 ms, used_size=7094272 bytes (17.3%)
(RDMA_READ_CONSUME_CHECK_CONSUMER) timestamp=2411 ms, used_size=7092224 bytes (17.3%)
(RDMA_READ_CONSUME_CHECK_CONSUMER) timestamp=2411 ms, used_size=7090176 bytes (17.3%)
(RDMA_READ_CONSUME_CHECK_CONSUMER) timestamp=2412 ms, used_size=7088128 bytes (17.3%)
(RDMA_READ_CONSUME_CHECK_CONSUMER) timestamp=2412 ms, used_size=7086080 bytes (17.3%)
(RDMA_READ_CONSUME_CHECK_CONSUMER) timestamp=2412 ms, used_size=7084032 bytes (17.3%)
(RDMA_READ_CONSUME_CHECK_CONSUMER) timestamp=2412 ms, used_size=7081984 bytes (17.3%)
(RDMA_READ_CONSUME_CHECK_CONSUMER) timestamp=2412 ms, used_size=7079936 bytes (17.3%)
(RDMA_READ_CONSUME_CHECK_CONSUMER) timestamp=2412 ms, used_size=7077888 bytes (17.3%)
(RDMA_READ_CONSUME_CHECK_CONSUMER) timestamp=2412 ms, used_size=7075840 bytes (17.3%)
(RDMA_READ_CONSUME_CHECK_CONSUMER) timestamp=2412 ms, used_size=7073792 bytes (17.3%)
(RDMA_READ_CONSUME_CHECK_CONSUMER) timestamp=2412 ms, used_size=7071744 bytes (17.3%)
(RDMA_READ_CONSUME_CHECK_CONSUMER) timestamp=2412 ms, used_size=7069696 bytes (17.3%)
(RDMA_READ_CONSUME_CHECK_CONSUMER) timestamp=2412 ms, used_size=7067648 bytes (17.3%)
(RDMA_READ_CONSUME_CHECK_CONSUMER) timestamp=2412 ms, used_size=7065600 bytes (17.2%)
(RDMA_READ_CONSUME_CHECK_CONSUMER) timestamp=2412 ms, used_size=7063552 bytes (17.2%)
(RDMA_READ_CONSUME_CHECK_CONSUMER) timestamp=2412 ms, used_size=7061504 bytes (17.2%)
(RDMA_READ_CONSUME_CHECK_CONSUMER) timestamp=2412 ms, used_size=7059456 bytes (17.2%)
(RDMA_READ_CONSUME_CHECK_CONSUMER) timestamp=2412 ms, used_size=7057408 bytes (17.2%)
(RDMA_READ_CONSUME_CHECK_CONSUMER) timestamp=2412 ms, used_size=7055360 bytes (17.2%)
(RDMA_READ_CONSUME_CHECK_CONSUMER) timestamp=2412 ms, used_size=7053312 bytes (17.2%)
(RDMA_READ_CONSUME_CHECK_CONSUMER) timestamp=2412 ms, used_size=7051264 bytes (17.2%)
(RDMA_READ_CONSUME_CHECK_CONSUMER) timestamp=2412 ms, used_size=7049216 bytes (17.2%)
(RDMA_READ_CONSUME_CHECK_CONSUMER) timestamp=2412 ms, used_size=7047168 bytes (17.2%)
(RDMA_READ_CONSUME_CHECK_CONSUMER) timestamp=2412 ms, used_size=7045120 bytes (17.2%)
(RDMA_READ_CONSUME_CHECK_CONSUMER) timestamp=2412 ms, used_size=7043072 bytes (17.2%)
(RDMA_READ_CONSUME_CHECK_CONSUMER) timestamp=2412 ms, used_size=7041024 bytes (17.2%)
(RDMA_READ_CONSUME_CHECK_CONSUMER) timestamp=2412 ms, used_size=7038976 bytes (17.2%)
(RDMA_READ_CONSUME_CHECK_CONSUMER) timestamp=2412 ms, used_size=7036928 bytes (17.2%)
(RDMA_READ_CONSUME_CHECK_CONSUMER) timestamp=2412 ms, used_size=7034880 bytes (17.2%)
(RDMA_READ_CONSUME_CHECK_CONSUMER) timestamp=2412 ms, used_size=7032832 bytes (17.2%)
(RDMA_READ_CONSUME_CHECK_CONSUMER) timestamp=2412 ms, used_size=7030784 bytes (17.2%)
(RDMA_READ_CONSUME_CHECK_CONSUMER) timestamp=2412 ms, used_size=7028736 bytes (17.2%)
(RDMA_READ_CONSUME_CHECK_CONSUMER) timestamp=2412 ms, used_size=7026688 bytes (17.2%)
(RDMA_READ_CONSUME_CHECK_CONSUMER) timestamp=2412 ms, used_size=7024640 bytes (17.1%)
(RDMA_READ_CONSUME_CHECK_CONSUMER) timestamp=2412 ms, used_size=7022592 bytes (17.1%)
(RDMA_READ_CONSUME_CHECK_CONSUMER) timestamp=2412 ms, used_size=7020544 bytes (17.1%)
(RDMA_READ_CONSUME_CHECK_CONSUMER) timestamp=2412 ms, used_size=7018496 bytes (17.1%)
(RDMA_READ_CONSUME_CHECK_CONSUMER) timestamp=2412 ms, used_size=7016448 bytes (17.1%)
(RDMA_READ_CONSUME_CHECK_CONSUMER) timestamp=2412 ms, used_size=7014400 bytes (17.1%)
(RDMA_READ_CONSUME_CHECK_CONSUMER) timestamp=2412 ms, used_size=7012352 bytes (17.1%)
(RDMA_READ_CONSUME_CHECK_CONSUMER) timestamp=2412 ms, used_size=7010304 bytes (17.1%)
(RDMA_READ_CONSUME_CHECK_CONSUMER) timestamp=2412 ms, used_size=7008256 bytes (17.1%)
(RDMA_READ_CONSUME_CHECK_CONSUMER) timestamp=2412 ms, used_size=7006208 bytes (17.1%)
(RDMA_READ_CONSUME_CHECK_CONSUMER) timestamp=2412 ms, used_size=7004160 bytes (17.1%)
(RDMA_READ_CONSUME_CHECK_CONSUMER) timestamp=2412 ms, used_size=7002112 bytes (17.1%)
(RDMA_READ_CONSUME_CHECK_CONSUMER) timestamp=2412 ms, used_size=7000064 bytes (17.1%)
(RDMA_READ_CONSUME_CHECK_CONSUMER) timestamp=2412 ms, used_size=6998016 bytes (17.1%)
(RDMA_READ_CONSUME_CHECK_CONSUMER) timestamp=2412 ms, used_size=6995968 bytes (17.1%)
(RDMA_READ_CONSUME_CHECK_CONSUMER) timestamp=2412 ms, used_size=6993920 bytes (17.1%)
(RDMA_READ_CONSUME_CHECK_CONSUMER) timestamp=2412 ms, used_size=6991872 bytes (17.1%)
(RDMA_READ_CONSUME_CHECK_CONSUMER) timestamp=2412 ms, used_size=6989824 bytes (17.1%)
(RDMA_READ_CONSUME_CHECK_CONSUMER) timestamp=2412 ms, used_size=6987776 bytes (17.1%)
(RDMA_READ_CONSUME_CHECK_CONSUMER) timestamp=2412 ms, used_size=6985728 bytes (17.1%)
(RDMA_READ_CONSUME_CHECK_CONSUMER) timestamp=2412 ms, used_size=6983680 bytes (17.1%)
(RDMA_READ_CONSUME_CHECK_CONSUMER) timestamp=2412 ms, used_size=6981632 bytes (17.0%)
(RDMA_READ_CONSUME_CHECK_CONSUMER) timestamp=2412 ms, used_size=6979584 bytes (17.0%)
(RDMA_READ_CONSUME_CHECK_CONSUMER) timestamp=2412 ms, used_size=6977536 bytes (17.0%)
(RDMA_READ_CONSUME_CHECK_CONSUMER) timestamp=2412 ms, used_size=6975488 bytes (17.0%)
(RDMA_READ_CONSUME_CHECK_CONSUMER) timestamp=2412 ms, used_size=6973440 bytes (17.0%)
(RDMA_READ_CONSUME_CHECK_CONSUMER) timestamp=2412 ms, used_size=6971392 bytes (17.0%)
(RDMA_READ_CONSUME_CHECK_CONSUMER) timestamp=2412 ms, used_size=6969344 bytes (17.0%)
(RDMA_READ_CONSUME_CHECK_CONSUMER) timestamp=2412 ms, used_size=6967296 bytes (17.0%)
(RDMA_READ_CONSUME_CHECK_CONSUMER) timestamp=2412 ms, used_size=6965248 bytes (17.0%)
(RDMA_READ_CONSUME_CHECK_CONSUMER) timestamp=2412 ms, used_size=6963200 bytes (17.0%)
(RDMA_READ_CONSUME_CHECK_CONSUMER) timestamp=2412 ms, used_size=6961152 bytes (17.0%)
(RDMA_READ_CONSUME_CHECK_CONSUMER) timestamp=2412 ms, used_size=6959104 bytes (17.0%)
(RDMA_READ_CONSUME_CHECK_CONSUMER) timestamp=2412 ms, used_size=6957056 bytes (17.0%)
(RDMA_READ_CONSUME_CHECK_CONSUMER) timestamp=2412 ms, used_size=6955008 bytes (17.0%)
(RDMA_READ_CONSUME_CHECK_CONSUMER) timestamp=2412 ms, used_size=6952960 bytes (17.0%)
(RDMA_READ_CONSUME_CHECK_CONSUMER) timestamp=2412 ms, used_size=6950912 bytes (17.0%)
(RDMA_READ_CONSUME_CHECK_CONSUMER) timestamp=2412 ms, used_size=6948864 bytes (17.0%)
(RDMA_READ_CONSUME_CHECK_CONSUMER) timestamp=2412 ms, used_size=6946816 bytes (17.0%)
(RDMA_READ_CONSUME_CHECK_CONSUMER) timestamp=2412 ms, used_size=6944768 bytes (17.0%)
(RDMA_READ_CONSUME_CHECK_CONSUMER) timestamp=2412 ms, used_size=6942720 bytes (16.9%)
(RDMA_READ_CONSUME_CHECK_CONSUMER) timestamp=2412 ms, used_size=6940672 bytes (16.9%)
(RDMA_READ_CONSUME_CHECK_CONSUMER) timestamp=2412 ms, used_size=6938624 bytes (16.9%)
(RDMA_READ_CONSUME_CHECK_CONSUMER) timestamp=2412 ms, used_size=6936576 bytes (16.9%)
(RDMA_READ_CONSUME_CHECK_CONSUMER) timestamp=2412 ms, used_size=6934528 bytes (16.9%)
(RDMA_READ_CONSUME_CHECK_CONSUMER) timestamp=2412 ms, used_size=6932480 bytes (16.9%)
(RDMA_READ_CONSUME_CHECK_CONSUMER) timestamp=2412 ms, used_size=6930432 bytes (16.9%)
(RDMA_READ_CONSUME_CHECK_CONSUMER) timestamp=2412 ms, used_size=6928384 bytes (16.9%)
(RDMA_READ_CONSUME_CHECK_CONSUMER) timestamp=2412 ms, used_size=6926336 bytes (16.9%)
(RDMA_READ_CONSUME_CHECK_CONSUMER) timestamp=2412 ms, used_size=6924288 bytes (16.9%)
(RDMA_READ_CONSUME_CHECK_CONSUMER) timestamp=2412 ms, used_size=6922240 bytes (16.9%)
(RDMA_READ_CONSUME_CHECK_CONSUMER) timestamp=2412 ms, used_size=6920192 bytes (16.9%)
(RDMA_READ_CONSUME_CHECK_CONSUMER) timestamp=2412 ms, used_size=6918144 bytes (16.9%)
(RDMA_READ_CONSUME_CHECK_CONSUMER) timestamp=2412 ms, used_size=6916096 bytes (16.9%)
(RDMA_READ_CONSUME_CHECK_CONSUMER) timestamp=2412 ms, used_size=6914048 bytes (16.9%)
(RDMA_READ_CONSUME_CHECK_CONSUMER) timestamp=2412 ms, used_size=6912000 bytes (16.9%)
(RDMA_READ_CONSUME_CHECK_CONSUMER) timestamp=2412 ms, used_size=6909952 bytes (16.9%)
(RDMA_READ_CONSUME_CHECK_CONSUMER) timestamp=2412 ms, used_size=6907904 bytes (16.9%)
(RDMA_READ_CONSUME_CHECK_CONSUMER) timestamp=2412 ms, used_size=6905856 bytes (16.9%)
(RDMA_READ_CONSUME_CHECK_CONSUMER) timestamp=2412 ms, used_size=6903808 bytes (16.9%)
(RDMA_READ_CONSUME_CHECK_CONSUMER) timestamp=2412 ms, used_size=6901760 bytes (16.9%)
(RDMA_READ_CONSUME_CHECK_CONSUMER) timestamp=2412 ms, used_size=6899712 bytes (16.8%)
(RDMA_READ_CONSUME_CHECK_CONSUMER) timestamp=2412 ms, used_size=6897664 bytes (16.8%)
(RDMA_READ_CONSUME_CHECK_CONSUMER) timestamp=2412 ms, used_size=6895616 bytes (16.8%)
(RDMA_READ_CONSUME_CHECK_CONSUMER) timestamp=2412 ms, used_size=6893568 bytes (16.8%)
(RDMA_READ_CONSUME_CHECK_CONSUMER) timestamp=2412 ms, used_size=6891520 bytes (16.8%)
(RDMA_READ_CONSUME_CHECK_CONSUMER) timestamp=2412 ms, used_size=6889472 bytes (16.8%)
(RDMA_READ_CONSUME_CHECK_CONSUMER) timestamp=2412 ms, used_size=6887424 bytes (16.8%)
(RDMA_READ_CONSUME_CHECK_CONSUMER) timestamp=2412 ms, used_size=6885376 bytes (16.8%)
(RDMA_READ_CONSUME_CHECK_CONSUMER) timestamp=2412 ms, used_size=6883328 bytes (16.8%)
(RDMA_READ_CONSUME_CHECK_CONSUMER) timestamp=2412 ms, used_size=6881280 bytes (16.8%)
(RDMA_READ_CONSUME_CHECK_CONSUMER) timestamp=2412 ms, used_size=6879232 bytes (16.8%)
(RDMA_READ_CONSUME_CHECK_CONSUMER) timestamp=2412 ms, used_size=6877184 bytes (16.8%)
(RDMA_READ_CONSUME_CHECK_CONSUMER) timestamp=2412 ms, used_size=6875136 bytes (16.8%)
(RDMA_READ_CONSUME_CHECK_CONSUMER) timestamp=2412 ms, used_size=6873088 bytes (16.8%)
(RDMA_READ_CONSUME_CHECK_CONSUMER) timestamp=2412 ms, used_size=6871040 bytes (16.8%)
(RDMA_READ_CONSUME_CHECK_CONSUMER) timestamp=2412 ms, used_size=6868992 bytes (16.8%)
(RDMA_READ_CONSUME_CHECK_CONSUMER) timestamp=2412 ms, used_size=6866944 bytes (16.8%)
(RDMA_READ_CONSUME_CHECK_CONSUMER) timestamp=2412 ms, used_size=6864896 bytes (16.8%)
(RDMA_READ_CONSUME_CHECK_CONSUMER) timestamp=2412 ms, used_size=6862848 bytes (16.8%)
(RDMA_READ_CONSUME_CHECK_CONSUMER) timestamp=2412 ms, used_size=6860800 bytes (16.8%)
(RDMA_READ_CONSUME_CHECK_CONSUMER) timestamp=2412 ms, used_size=6858752 bytes (16.7%)
(RDMA_READ_CONSUME_CHECK_CONSUMER) timestamp=2412 ms, used_size=6856704 bytes (16.7%)
(RDMA_READ_CONSUME_CHECK_CONSUMER) timestamp=2412 ms, used_size=6854656 bytes (16.7%)
(RDMA_READ_CONSUME_CHECK_CONSUMER) timestamp=2412 ms, used_size=6852608 bytes (16.7%)
(RDMA_READ_CONSUME_CHECK_CONSUMER) timestamp=2412 ms, used_size=6850560 bytes (16.7%)
(RDMA_READ_CONSUME_CHECK_CONSUMER) timestamp=2412 ms, used_size=6848512 bytes (16.7%)
(RDMA_READ_CONSUME_CHECK_CONSUMER) timestamp=2412 ms, used_size=6846464 bytes (16.7%)
(RDMA_READ_CONSUME_CHECK_CONSUMER) timestamp=2412 ms, used_size=6844416 bytes (16.7%)
(RDMA_READ_CONSUME_CHECK_CONSUMER) timestamp=2412 ms, used_size=6842368 bytes (16.7%)
(RDMA_READ_CONSUME_CHECK_CONSUMER) timestamp=2412 ms, used_size=6840320 bytes (16.7%)
(RDMA_READ_CONSUME_CHECK_CONSUMER) timestamp=2412 ms, used_size=6838272 bytes (16.7%)
(RDMA_READ_CONSUME_CHECK_CONSUMER) timestamp=2412 ms, used_size=6836224 bytes (16.7%)
(RDMA_READ_CONSUME_CHECK_CONSUMER) timestamp=2412 ms, used_size=6834176 bytes (16.7%)
(RDMA_READ_CONSUME_CHECK_CONSUMER) timestamp=2412 ms, used_size=6832128 bytes (16.7%)
(RDMA_READ_CONSUME_CHECK_CONSUMER) timestamp=2412 ms, used_size=6830080 bytes (16.7%)
(RDMA_READ_CONSUME_CHECK_CONSUMER) timestamp=2412 ms, used_size=6828032 bytes (16.7%)
(RDMA_READ_CONSUME_CHECK_CONSUMER) timestamp=2412 ms, used_size=6825984 bytes (16.7%)
(RDMA_READ_CONSUME_CHECK_CONSUMER) timestamp=2412 ms, used_size=6823936 bytes (16.7%)
(RDMA_READ_CONSUME_CHECK_CONSUMER) timestamp=2412 ms, used_size=6821888 bytes (16.7%)
(RDMA_READ_CONSUME_CHECK_CONSUMER) timestamp=2412 ms, used_size=6819840 bytes (16.6%)
(RDMA_READ_CONSUME_CHECK_CONSUMER) timestamp=2412 ms, used_size=6817792 bytes (16.6%)
(RDMA_READ_CONSUME_CHECK_CONSUMER) timestamp=2412 ms, used_size=6815744 bytes (16.6%)
(RDMA_READ_CONSUME_CHECK_CONSUMER) timestamp=2412 ms, used_size=6813696 bytes (16.6%)
(RDMA_READ_CONSUME_CHECK_CONSUMER) timestamp=2412 ms, used_size=6811648 bytes (16.6%)
(RDMA_READ_CONSUME_CHECK_CONSUMER) timestamp=2412 ms, used_size=6809600 bytes (16.6%)
(RDMA_READ_CONSUME_CHECK_CONSUMER) timestamp=2412 ms, used_size=6807552 bytes (16.6%)
(RDMA_READ_CONSUME_CHECK_CONSUMER) timestamp=2412 ms, used_size=6805504 bytes (16.6%)
(RDMA_READ_CONSUME_CHECK_CONSUMER) timestamp=2412 ms, used_size=6803456 bytes (16.6%)
(RDMA_READ_CONSUME_CHECK_CONSUMER) timestamp=2412 ms, used_size=6801408 bytes (16.6%)
(RDMA_READ_CONSUME_CHECK_CONSUMER) timestamp=2412 ms, used_size=6799360 bytes (16.6%)
(RDMA_READ_CONSUME_CHECK_CONSUMER) timestamp=2412 ms, used_size=6797312 bytes (16.6%)
(RDMA_READ_CONSUME_CHECK_CONSUMER) timestamp=2412 ms, used_size=6795264 bytes (16.6%)
(RDMA_READ_CONSUME_CHECK_CONSUMER) timestamp=2412 ms, used_size=6793216 bytes (16.6%)
(RDMA_READ_CONSUME_CHECK_CONSUMER) timestamp=2412 ms, used_size=6791168 bytes (16.6%)
(RDMA_READ_CONSUME_CHECK_CONSUMER) timestamp=2412 ms, used_size=6789120 bytes (16.6%)
(RDMA_READ_CONSUME_CHECK_CONSUMER) timestamp=2412 ms, used_size=6787072 bytes (16.6%)
(RDMA_READ_CONSUME_CHECK_CONSUMER) timestamp=2412 ms, used_size=6785024 bytes (16.6%)
(RDMA_READ_CONSUME_CHECK_CONSUMER) timestamp=2412 ms, used_size=6782976 bytes (16.6%)
(RDMA_READ_CONSUME_CHECK_CONSUMER) timestamp=2412 ms, used_size=6780928 bytes (16.6%)
(RDMA_READ_CONSUME_CHECK_CONSUMER) timestamp=2412 ms, used_size=6778880 bytes (16.6%)
(RDMA_READ_CONSUME_CHECK_CONSUMER) timestamp=2412 ms, used_size=6776832 bytes (16.5%)
(RDMA_READ_CONSUME_CHECK_CONSUMER) timestamp=2412 ms, used_size=6774784 bytes (16.5%)
(RDMA_READ_CONSUME_CHECK_CONSUMER) timestamp=2412 ms, used_size=6772736 bytes (16.5%)
(RDMA_READ_CONSUME_CHECK_CONSUMER) timestamp=2412 ms, used_size=6770688 bytes (16.5%)
(RDMA_READ_CONSUME_CHECK_CONSUMER) timestamp=2412 ms, used_size=6768640 bytes (16.5%)
(RDMA_READ_CONSUME_CHECK_CONSUMER) timestamp=2412 ms, used_size=6766592 bytes (16.5%)
(RDMA_READ_CONSUME_CHECK_CONSUMER) timestamp=2412 ms, used_size=6764544 bytes (16.5%)
(RDMA_READ_CONSUME_CHECK_CONSUMER) timestamp=2412 ms, used_size=6762496 bytes (16.5%)
(RDMA_READ_CONSUME_CHECK_CONSUMER) timestamp=2412 ms, used_size=6760448 bytes (16.5%)
(RDMA_READ_CONSUME_CHECK_CONSUMER) timestamp=2412 ms, used_size=6758400 bytes (16.5%)
(RDMA_READ_CONSUME_CHECK_CONSUMER) timestamp=2412 ms, used_size=6756352 bytes (16.5%)
(RDMA_READ_CONSUME_CHECK_CONSUMER) timestamp=2412 ms, used_size=6754304 bytes (16.5%)
(RDMA_READ_CONSUME_CHECK_CONSUMER) timestamp=2412 ms, used_size=6752256 bytes (16.5%)
(RDMA_READ_CONSUME_CHECK_CONSUMER) timestamp=2412 ms, used_size=6750208 bytes (16.5%)
(RDMA_READ_CONSUME_CHECK_CONSUMER) timestamp=2412 ms, used_size=6748160 bytes (16.5%)
(RDMA_READ_CONSUME_CHECK_CONSUMER) timestamp=2412 ms, used_size=6746112 bytes (16.5%)
(RDMA_READ_CONSUME_CHECK_CONSUMER) timestamp=2412 ms, used_size=6744064 bytes (16.5%)
(RDMA_READ_CONSUME_CHECK_CONSUMER) timestamp=2412 ms, used_size=6742016 bytes (16.5%)
(RDMA_READ_CONSUME_CHECK_CONSUMER) timestamp=2412 ms, used_size=6739968 bytes (16.5%)
(RDMA_READ_CONSUME_CHECK_CONSUMER) timestamp=2412 ms, used_size=6737920 bytes (16.4%)
(RDMA_READ_CONSUME_CHECK_CONSUMER) timestamp=2412 ms, used_size=6735872 bytes (16.4%)
(RDMA_READ_CONSUME_CHECK_CONSUMER) timestamp=2412 ms, used_size=6733824 bytes (16.4%)
(RDMA_READ_CONSUME_CHECK_CONSUMER) timestamp=2412 ms, used_size=6731776 bytes (16.4%)
(RDMA_READ_CONSUME_CHECK_CONSUMER) timestamp=2412 ms, used_size=6729728 bytes (16.4%)
(RDMA_READ_CONSUME_CHECK_CONSUMER) timestamp=2412 ms, used_size=6727680 bytes (16.4%)
(RDMA_READ_CONSUME_CHECK_CONSUMER) timestamp=2412 ms, used_size=6725632 bytes (16.4%)
(RDMA_READ_CONSUME_CHECK_CONSUMER) timestamp=2412 ms, used_size=6723584 bytes (16.4%)
(RDMA_READ_CONSUME_CHECK_CONSUMER) timestamp=2412 ms, used_size=6721536 bytes (16.4%)
(RDMA_READ_CONSUME_CHECK_CONSUMER) timestamp=2412 ms, used_size=6719488 bytes (16.4%)
(RDMA_READ_CONSUME_CHECK_CONSUMER) timestamp=2413 ms, used_size=6717440 bytes (16.4%)
(RDMA_READ_CONSUME_CHECK_CONSUMER) timestamp=2413 ms, used_size=6715392 bytes (16.4%)
(RDMA_READ_CONSUME_CHECK_CONSUMER) timestamp=2413 ms, used_size=6713344 bytes (16.4%)
(RDMA_READ_CONSUME_CHECK_CONSUMER) timestamp=2413 ms, used_size=6711296 bytes (16.4%)
(RDMA_READ_CONSUME_CHECK_CONSUMER) timestamp=2413 ms, used_size=6709248 bytes (16.4%)
(RDMA_READ_CONSUME_CHECK_CONSUMER) timestamp=2413 ms, used_size=6707200 bytes (16.4%)
(RDMA_READ_CONSUME_CHECK_CONSUMER) timestamp=2413 ms, used_size=6705152 bytes (16.4%)
(RDMA_READ_CONSUME_CHECK_CONSUMER) timestamp=2413 ms, used_size=6703104 bytes (16.4%)
(RDMA_READ_CONSUME_CHECK_CONSUMER) timestamp=2413 ms, used_size=6701056 bytes (16.4%)
(RDMA_READ_CONSUME_CHECK_CONSUMER) timestamp=2413 ms, used_size=6699008 bytes (16.4%)
(RDMA_READ_CONSUME_CHECK_CONSUMER) timestamp=2413 ms, used_size=6696960 bytes (16.4%)
(RDMA_READ_CONSUME_CHECK_CONSUMER) timestamp=2413 ms, used_size=6694912 bytes (16.3%)
(RDMA_READ_CONSUME_CHECK_CONSUMER) timestamp=2413 ms, used_size=6692864 bytes (16.3%)
(RDMA_READ_CONSUME_CHECK_CONSUMER) timestamp=2413 ms, used_size=6690816 bytes (16.3%)
(RDMA_READ_CONSUME_CHECK_CONSUMER) timestamp=2413 ms, used_size=6688768 bytes (16.3%)
(RDMA_READ_CONSUME_CHECK_CONSUMER) timestamp=2413 ms, used_size=6686720 bytes (16.3%)
(RDMA_READ_CONSUME_CHECK_CONSUMER) timestamp=2413 ms, used_size=6684672 bytes (16.3%)
(RDMA_READ_CONSUME_CHECK_CONSUMER) timestamp=2413 ms, used_size=6682624 bytes (16.3%)
(RDMA_READ_CONSUME_CHECK_CONSUMER) timestamp=2413 ms, used_size=6680576 bytes (16.3%)
(RDMA_READ_CONSUME_CHECK_CONSUMER) timestamp=2413 ms, used_size=6678528 bytes (16.3%)
(RDMA_READ_CONSUME_CHECK_CONSUMER) timestamp=2413 ms, used_size=6676480 bytes (16.3%)
(RDMA_READ_CONSUME_CHECK_CONSUMER) timestamp=2413 ms, used_size=6674432 bytes (16.3%)
(RDMA_READ_CONSUME_CHECK_CONSUMER) timestamp=2413 ms, used_size=6672384 bytes (16.3%)
(RDMA_READ_CONSUME_CHECK_CONSUMER) timestamp=2413 ms, used_size=6670336 bytes (16.3%)
(RDMA_READ_CONSUME_CHECK_CONSUMER) timestamp=2413 ms, used_size=6668288 bytes (16.3%)
(RDMA_READ_CONSUME_CHECK_CONSUMER) timestamp=2413 ms, used_size=6666240 bytes (16.3%)
(RDMA_READ_CONSUME_CHECK_CONSUMER) timestamp=2413 ms, used_size=6664192 bytes (16.3%)
(RDMA_READ_CONSUME_CHECK_CONSUMER) timestamp=2413 ms, used_size=6662144 bytes (16.3%)
(RDMA_READ_CONSUME_CHECK_CONSUMER) timestamp=2413 ms, used_size=6660096 bytes (16.3%)
(RDMA_READ_CONSUME_CHECK_CONSUMER) timestamp=2413 ms, used_size=6658048 bytes (16.3%)
(RDMA_READ_CONSUME_CHECK_CONSUMER) timestamp=2413 ms, used_size=6656000 bytes (16.2%)
(RDMA_READ_CONSUME_CHECK_CONSUMER) timestamp=2413 ms, used_size=6653952 bytes (16.2%)
(RDMA_READ_CONSUME_CHECK_CONSUMER) timestamp=2413 ms, used_size=6651904 bytes (16.2%)
(RDMA_READ_CONSUME_CHECK_CONSUMER) timestamp=2413 ms, used_size=6649856 bytes (16.2%)
(RDMA_READ_CONSUME_CHECK_CONSUMER) timestamp=2413 ms, used_size=6647808 bytes (16.2%)
(RDMA_READ_CONSUME_CHECK_CONSUMER) timestamp=2413 ms, used_size=6645760 bytes (16.2%)
(RDMA_READ_CONSUME_CHECK_CONSUMER) timestamp=2413 ms, used_size=6643712 bytes (16.2%)
(RDMA_READ_CONSUME_CHECK_CONSUMER) timestamp=2413 ms, used_size=6641664 bytes (16.2%)
(RDMA_READ_CONSUME_CHECK_CONSUMER) timestamp=2413 ms, used_size=6639616 bytes (16.2%)
(RDMA_READ_CONSUME_CHECK_CONSUMER) timestamp=2413 ms, used_size=6637568 bytes (16.2%)
(RDMA_READ_CONSUME_CHECK_CONSUMER) timestamp=2413 ms, used_size=6635520 bytes (16.2%)
(RDMA_READ_CONSUME_CHECK_CONSUMER) timestamp=2413 ms, used_size=6633472 bytes (16.2%)
(RDMA_READ_CONSUME_CHECK_CONSUMER) timestamp=2413 ms, used_size=6631424 bytes (16.2%)
(RDMA_READ_CONSUME_CHECK_CONSUMER) timestamp=2413 ms, used_size=6629376 bytes (16.2%)
(RDMA_READ_CONSUME_CHECK_CONSUMER) timestamp=2413 ms, used_size=6627328 bytes (16.2%)
(RDMA_READ_CONSUME_CHECK_CONSUMER) timestamp=2413 ms, used_size=6625280 bytes (16.2%)
(RDMA_READ_CONSUME_CHECK_CONSUMER) timestamp=2413 ms, used_size=6623232 bytes (16.2%)
(RDMA_READ_CONSUME_CHECK_CONSUMER) timestamp=2413 ms, used_size=6621184 bytes (16.2%)
(RDMA_READ_CONSUME_CHECK_CONSUMER) timestamp=2413 ms, used_size=6619136 bytes (16.2%)
(RDMA_READ_CONSUME_CHECK_CONSUMER) timestamp=2413 ms, used_size=6617088 bytes (16.2%)
(RDMA_READ_CONSUME_CHECK_CONSUMER) timestamp=2413 ms, used_size=6615040 bytes (16.1%)
(RDMA_READ_CONSUME_CHECK_CONSUMER) timestamp=2413 ms, used_size=6612992 bytes (16.1%)
(RDMA_READ_CONSUME_CHECK_CONSUMER) timestamp=2413 ms, used_size=6610944 bytes (16.1%)
(RDMA_READ_CONSUME_CHECK_CONSUMER) timestamp=2413 ms, used_size=6608896 bytes (16.1%)
(RDMA_READ_CONSUME_CHECK_CONSUMER) timestamp=2413 ms, used_size=6606848 bytes (16.1%)
(RDMA_READ_CONSUME_CHECK_CONSUMER) timestamp=2413 ms, used_size=6604800 bytes (16.1%)
(RDMA_READ_CONSUME_CHECK_CONSUMER) timestamp=2413 ms, used_size=6602752 bytes (16.1%)
(RDMA_READ_CONSUME_CHECK_CONSUMER) timestamp=2413 ms, used_size=6600704 bytes (16.1%)
(RDMA_READ_CONSUME_CHECK_CONSUMER) timestamp=2413 ms, used_size=6598656 bytes (16.1%)
(RDMA_READ_CONSUME_CHECK_CONSUMER) timestamp=2413 ms, used_size=6596608 bytes (16.1%)
(RDMA_READ_CONSUME_CHECK_CONSUMER) timestamp=2413 ms, used_size=6594560 bytes (16.1%)
(RDMA_READ_CONSUME_CHECK_CONSUMER) timestamp=2413 ms, used_size=6592512 bytes (16.1%)
(RDMA_READ_CONSUME_CHECK_CONSUMER) timestamp=2413 ms, used_size=6590464 bytes (16.1%)
(RDMA_READ_CONSUME_CHECK_CONSUMER) timestamp=2413 ms, used_size=6588416 bytes (16.1%)
(RDMA_READ_CONSUME_CHECK_CONSUMER) timestamp=2413 ms, used_size=6586368 bytes (16.1%)
(RDMA_READ_CONSUME_CHECK_CONSUMER) timestamp=2413 ms, used_size=6584320 bytes (16.1%)
(RDMA_READ_CONSUME_CHECK_CONSUMER) timestamp=2413 ms, used_size=6582272 bytes (16.1%)
(RDMA_READ_CONSUME_CHECK_CONSUMER) timestamp=2413 ms, used_size=6580224 bytes (16.1%)
(RDMA_READ_CONSUME_CHECK_CONSUMER) timestamp=2413 ms, used_size=6578176 bytes (16.1%)
(RDMA_READ_CONSUME_CHECK_CONSUMER) timestamp=2413 ms, used_size=6576128 bytes (16.1%)
(RDMA_READ_CONSUME_CHECK_CONSUMER) timestamp=2413 ms, used_size=6574080 bytes (16.1%)
(RDMA_READ_CONSUME_CHECK_CONSUMER) timestamp=2413 ms, used_size=6572032 bytes (16.0%)
(RDMA_READ_CONSUME_CHECK_CONSUMER) timestamp=2413 ms, used_size=6569984 bytes (16.0%)
(RDMA_READ_CONSUME_CHECK_CONSUMER) timestamp=2413 ms, used_size=6567936 bytes (16.0%)
(RDMA_READ_CONSUME_CHECK_CONSUMER) timestamp=2413 ms, used_size=6565888 bytes (16.0%)
(RDMA_READ_CONSUME_CHECK_CONSUMER) timestamp=2413 ms, used_size=6563840 bytes (16.0%)
(RDMA_READ_CONSUME_CHECK_CONSUMER) timestamp=2413 ms, used_size=6561792 bytes (16.0%)
(RDMA_READ_CONSUME_CHECK_CONSUMER) timestamp=2413 ms, used_size=6559744 bytes (16.0%)
(RDMA_READ_CONSUME_CHECK_CONSUMER) timestamp=2413 ms, used_size=6557696 bytes (16.0%)
(RDMA_READ_CONSUME_CHECK_CONSUMER) timestamp=2413 ms, used_size=6555648 bytes (16.0%)
(RDMA_READ_CONSUME_CHECK_CONSUMER) timestamp=2413 ms, used_size=6553600 bytes (16.0%)
(RDMA_READ_CONSUME_CHECK_CONSUMER) timestamp=2413 ms, used_size=6551552 bytes (16.0%)
(RDMA_READ_CONSUME_CHECK_CONSUMER) timestamp=2413 ms, used_size=6549504 bytes (16.0%)
(RDMA_READ_CONSUME_CHECK_CONSUMER) timestamp=2413 ms, used_size=6547456 bytes (16.0%)
(RDMA_READ_CONSUME_CHECK_CONSUMER) timestamp=2413 ms, used_size=6545408 bytes (16.0%)
(RDMA_READ_CONSUME_CHECK_CONSUMER) timestamp=2413 ms, used_size=6543360 bytes (16.0%)
(RDMA_READ_CONSUME_CHECK_CONSUMER) timestamp=2413 ms, used_size=6541312 bytes (16.0%)
(RDMA_READ_CONSUME_CHECK_CONSUMER) timestamp=2413 ms, used_size=6539264 bytes (16.0%)
(RDMA_READ_CONSUME_CHECK_CONSUMER) timestamp=2413 ms, used_size=6537216 bytes (16.0%)
(RDMA_READ_CONSUME_CHECK_CONSUMER) timestamp=2413 ms, used_size=6535168 bytes (16.0%)
(RDMA_READ_CONSUME_CHECK_CONSUMER) timestamp=2413 ms, used_size=6533120 bytes (15.9%)
(RDMA_READ_CONSUME_CHECK_CONSUMER) timestamp=2413 ms, used_size=6531072 bytes (15.9%)
(RDMA_READ_CONSUME_CHECK_CONSUMER) timestamp=2413 ms, used_size=6529024 bytes (15.9%)
(RDMA_READ_CONSUME_CHECK_CONSUMER) timestamp=2413 ms, used_size=6526976 bytes (15.9%)
(RDMA_READ_CONSUME_CHECK_CONSUMER) timestamp=2413 ms, used_size=6524928 bytes (15.9%)
(RDMA_READ_CONSUME_CHECK_CONSUMER) timestamp=2413 ms, used_size=6522880 bytes (15.9%)
(RDMA_READ_CONSUME_CHECK_CONSUMER) timestamp=2413 ms, used_size=6520832 bytes (15.9%)
(RDMA_READ_CONSUME_CHECK_CONSUMER) timestamp=2413 ms, used_size=6518784 bytes (15.9%)
(RDMA_READ_CONSUME_CHECK_CONSUMER) timestamp=2413 ms, used_size=6516736 bytes (15.9%)
(RDMA_READ_CONSUME_CHECK_CONSUMER) timestamp=2413 ms, used_size=6514688 bytes (15.9%)
(RDMA_READ_CONSUME_CHECK_CONSUMER) timestamp=2413 ms, used_size=6512640 bytes (15.9%)
(RDMA_READ_CONSUME_CHECK_CONSUMER) timestamp=2413 ms, used_size=6510592 bytes (15.9%)
(RDMA_READ_CONSUME_CHECK_CONSUMER) timestamp=2413 ms, used_size=6508544 bytes (15.9%)
(RDMA_READ_CONSUME_CHECK_CONSUMER) timestamp=2413 ms, used_size=6506496 bytes (15.9%)
(RDMA_READ_CONSUME_CHECK_CONSUMER) timestamp=2413 ms, used_size=6504448 bytes (15.9%)
(RDMA_READ_CONSUME_CHECK_CONSUMER) timestamp=2413 ms, used_size=6502400 bytes (15.9%)
(RDMA_READ_CONSUME_CHECK_CONSUMER) timestamp=2413 ms, used_size=6500352 bytes (15.9%)
(RDMA_READ_CONSUME_CHECK_CONSUMER) timestamp=2413 ms, used_size=6498304 bytes (15.9%)
(RDMA_READ_CONSUME_CHECK_CONSUMER) timestamp=2413 ms, used_size=6496256 bytes (15.9%)
(RDMA_READ_CONSUME_CHECK_CONSUMER) timestamp=2413 ms, used_size=6494208 bytes (15.9%)
(RDMA_READ_CONSUME_CHECK_CONSUMER) timestamp=2413 ms, used_size=6492160 bytes (15.8%)
(RDMA_READ_CONSUME_CHECK_CONSUMER) timestamp=2413 ms, used_size=6490112 bytes (15.8%)
(RDMA_READ_CONSUME_CHECK_CONSUMER) timestamp=2413 ms, used_size=6488064 bytes (15.8%)
(RDMA_READ_CONSUME_CHECK_CONSUMER) timestamp=2413 ms, used_size=6486016 bytes (15.8%)
(RDMA_READ_CONSUME_CHECK_CONSUMER) timestamp=2413 ms, used_size=6483968 bytes (15.8%)
(RDMA_READ_CONSUME_CHECK_CONSUMER) timestamp=2413 ms, used_size=6481920 bytes (15.8%)
(RDMA_READ_CONSUME_CHECK_CONSUMER) timestamp=2413 ms, used_size=6479872 bytes (15.8%)
(RDMA_READ_CONSUME_CHECK_CONSUMER) timestamp=2413 ms, used_size=6477824 bytes (15.8%)
(RDMA_READ_CONSUME_CHECK_CONSUMER) timestamp=2413 ms, used_size=6475776 bytes (15.8%)
(RDMA_READ_CONSUME_CHECK_CONSUMER) timestamp=2413 ms, used_size=6473728 bytes (15.8%)
(RDMA_READ_CONSUME_CHECK_CONSUMER) timestamp=2413 ms, used_size=6471680 bytes (15.8%)
(RDMA_READ_CONSUME_CHECK_CONSUMER) timestamp=2413 ms, used_size=6469632 bytes (15.8%)
(RDMA_READ_CONSUME_CHECK_CONSUMER) timestamp=2413 ms, used_size=6467584 bytes (15.8%)
(RDMA_READ_CONSUME_CHECK_CONSUMER) timestamp=2413 ms, used_size=6465536 bytes (15.8%)
(RDMA_READ_CONSUME_CHECK_CONSUMER) timestamp=2413 ms, used_size=6463488 bytes (15.8%)
(RDMA_READ_CONSUME_CHECK_CONSUMER) timestamp=2413 ms, used_size=6461440 bytes (15.8%)
(RDMA_READ_CONSUME_CHECK_CONSUMER) timestamp=2413 ms, used_size=6459392 bytes (15.8%)
(RDMA_READ_CONSUME_CHECK_CONSUMER) timestamp=2413 ms, used_size=6457344 bytes (15.8%)
(RDMA_READ_CONSUME_CHECK_CONSUMER) timestamp=2413 ms, used_size=6455296 bytes (15.8%)
(RDMA_READ_CONSUME_CHECK_CONSUMER) timestamp=2413 ms, used_size=6453248 bytes (15.8%)
(RDMA_READ_CONSUME_CHECK_CONSUMER) timestamp=2413 ms, used_size=6451200 bytes (15.8%)
(RDMA_READ_CONSUME_CHECK_CONSUMER) timestamp=2413 ms, used_size=6449152 bytes (15.7%)
(RDMA_READ_CONSUME_CHECK_CONSUMER) timestamp=2413 ms, used_size=6447104 bytes (15.7%)
(RDMA_READ_CONSUME_CHECK_CONSUMER) timestamp=2413 ms, used_size=6445056 bytes (15.7%)
(RDMA_READ_CONSUME_CHECK_CONSUMER) timestamp=2413 ms, used_size=6443008 bytes (15.7%)
(RDMA_READ_CONSUME_CHECK_CONSUMER) timestamp=2413 ms, used_size=6440960 bytes (15.7%)
(RDMA_READ_CONSUME_CHECK_CONSUMER) timestamp=2413 ms, used_size=6438912 bytes (15.7%)
(RDMA_READ_CONSUME_CHECK_CONSUMER) timestamp=2413 ms, used_size=6436864 bytes (15.7%)
(RDMA_READ_CONSUME_CHECK_CONSUMER) timestamp=2413 ms, used_size=6434816 bytes (15.7%)
(RDMA_READ_CONSUME_CHECK_CONSUMER) timestamp=2413 ms, used_size=6432768 bytes (15.7%)
(RDMA_READ_CONSUME_CHECK_CONSUMER) timestamp=2413 ms, used_size=6430720 bytes (15.7%)
(RDMA_READ_CONSUME_CHECK_CONSUMER) timestamp=2413 ms, used_size=6428672 bytes (15.7%)
(RDMA_READ_CONSUME_CHECK_CONSUMER) timestamp=2413 ms, used_size=6426624 bytes (15.7%)
(RDMA_READ_CONSUME_CHECK_CONSUMER) timestamp=2413 ms, used_size=6424576 bytes (15.7%)
(RDMA_READ_CONSUME_CHECK_CONSUMER) timestamp=2413 ms, used_size=6422528 bytes (15.7%)
(RDMA_READ_CONSUME_CHECK_CONSUMER) timestamp=2413 ms, used_size=6420480 bytes (15.7%)
(RDMA_READ_CONSUME_CHECK_CONSUMER) timestamp=2413 ms, used_size=6418432 bytes (15.7%)
(RDMA_READ_CONSUME_CHECK_CONSUMER) timestamp=2413 ms, used_size=6416384 bytes (15.7%)
(RDMA_READ_CONSUME_CHECK_CONSUMER) timestamp=2413 ms, used_size=6414336 bytes (15.7%)
(RDMA_READ_CONSUME_CHECK_CONSUMER) timestamp=2413 ms, used_size=6412288 bytes (15.7%)
(RDMA_READ_CONSUME_CHECK_CONSUMER) timestamp=2413 ms, used_size=6410240 bytes (15.7%)
(RDMA_READ_CONSUME_CHECK_CONSUMER) timestamp=2413 ms, used_size=6408192 bytes (15.6%)
(RDMA_READ_CONSUME_CHECK_CONSUMER) timestamp=2413 ms, used_size=6406144 bytes (15.6%)
(RDMA_READ_CONSUME_CHECK_CONSUMER) timestamp=2413 ms, used_size=6404096 bytes (15.6%)
(RDMA_READ_CONSUME_CHECK_CONSUMER) timestamp=2413 ms, used_size=6402048 bytes (15.6%)
(RDMA_READ_CONSUME_CHECK_CONSUMER) timestamp=2413 ms, used_size=6400000 bytes (15.6%)
(RDMA_READ_CONSUME_CHECK_CONSUMER) timestamp=2413 ms, used_size=6397952 bytes (15.6%)
(RDMA_READ_CONSUME_CHECK_CONSUMER) timestamp=2413 ms, used_size=6395904 bytes (15.6%)
(RDMA_READ_CONSUME_CHECK_CONSUMER) timestamp=2413 ms, used_size=6393856 bytes (15.6%)
(RDMA_READ_CONSUME_CHECK_CONSUMER) timestamp=2413 ms, used_size=6391808 bytes (15.6%)
(RDMA_READ_CONSUME_CHECK_CONSUMER) timestamp=2413 ms, used_size=6389760 bytes (15.6%)
(RDMA_READ_CONSUME_CHECK_CONSUMER) timestamp=2413 ms, used_size=6387712 bytes (15.6%)
(RDMA_READ_CONSUME_CHECK_CONSUMER) timestamp=2413 ms, used_size=6385664 bytes (15.6%)
(RDMA_READ_CONSUME_CHECK_CONSUMER) timestamp=2413 ms, used_size=6383616 bytes (15.6%)
(RDMA_READ_CONSUME_CHECK_CONSUMER) timestamp=2413 ms, used_size=6381568 bytes (15.6%)
(RDMA_READ_CONSUME_CHECK_CONSUMER) timestamp=2413 ms, used_size=6379520 bytes (15.6%)
(RDMA_READ_CONSUME_CHECK_CONSUMER) timestamp=2413 ms, used_size=6377472 bytes (15.6%)
(RDMA_READ_CONSUME_CHECK_CONSUMER) timestamp=2413 ms, used_size=6375424 bytes (15.6%)
(RDMA_READ_CONSUME_CHECK_CONSUMER) timestamp=2413 ms, used_size=6373376 bytes (15.6%)
(RDMA_READ_CONSUME_CHECK_CONSUMER) timestamp=2413 ms, used_size=6371328 bytes (15.6%)
(RDMA_READ_CONSUME_CHECK_CONSUMER) timestamp=2413 ms, used_size=6369280 bytes (15.6%)
(RDMA_READ_CONSUME_CHECK_CONSUMER) timestamp=2413 ms, used_size=6367232 bytes (15.5%)
(RDMA_READ_CONSUME_CHECK_CONSUMER) timestamp=2413 ms, used_size=6365184 bytes (15.5%)
(RDMA_READ_CONSUME_CHECK_CONSUMER) timestamp=2413 ms, used_size=6363136 bytes (15.5%)
(RDMA_READ_CONSUME_CHECK_CONSUMER) timestamp=2413 ms, used_size=6361088 bytes (15.5%)
(RDMA_READ_CONSUME_CHECK_CONSUMER) timestamp=2413 ms, used_size=6359040 bytes (15.5%)
(RDMA_READ_CONSUME_CHECK_CONSUMER) timestamp=2413 ms, used_size=6356992 bytes (15.5%)
(RDMA_READ_CONSUME_CHECK_CONSUMER) timestamp=2413 ms, used_size=6354944 bytes (15.5%)
(RDMA_READ_CONSUME_CHECK_CONSUMER) timestamp=2413 ms, used_size=6352896 bytes (15.5%)
(RDMA_READ_CONSUME_CHECK_CONSUMER) timestamp=2413 ms, used_size=6350848 bytes (15.5%)
(RDMA_READ_CONSUME_CHECK_CONSUMER) timestamp=2413 ms, used_size=6348800 bytes (15.5%)
(RDMA_READ_CONSUME_CHECK_CONSUMER) timestamp=2414 ms, used_size=6346752 bytes (15.5%)
(RDMA_READ_CONSUME_CHECK_CONSUMER) timestamp=2414 ms, used_size=6344704 bytes (15.5%)
(RDMA_READ_CONSUME_CHECK_CONSUMER) timestamp=2414 ms, used_size=6342656 bytes (15.5%)
(RDMA_READ_CONSUME_CHECK_CONSUMER) timestamp=2414 ms, used_size=6340608 bytes (15.5%)
(RDMA_READ_CONSUME_CHECK_CONSUMER) timestamp=2414 ms, used_size=6338560 bytes (15.5%)
(RDMA_READ_CONSUME_CHECK_CONSUMER) timestamp=2414 ms, used_size=6336512 bytes (15.5%)
(RDMA_READ_CONSUME_CHECK_CONSUMER) timestamp=2414 ms, used_size=6334464 bytes (15.5%)
(RDMA_READ_CONSUME_CHECK_CONSUMER) timestamp=2414 ms, used_size=6332416 bytes (15.5%)
(RDMA_READ_CONSUME_CHECK_CONSUMER) timestamp=2414 ms, used_size=6330368 bytes (15.5%)
(RDMA_READ_CONSUME_CHECK_CONSUMER) timestamp=2414 ms, used_size=6328320 bytes (15.4%)
(RDMA_READ_CONSUME_CHECK_CONSUMER) timestamp=2414 ms, used_size=6326272 bytes (15.4%)
(RDMA_READ_CONSUME_CHECK_CONSUMER) timestamp=2414 ms, used_size=6324224 bytes (15.4%)
(RDMA_READ_CONSUME_CHECK_CONSUMER) timestamp=2414 ms, used_size=6322176 bytes (15.4%)
(RDMA_READ_CONSUME_CHECK_CONSUMER) timestamp=2414 ms, used_size=6320128 bytes (15.4%)
(RDMA_READ_CONSUME_CHECK_CONSUMER) timestamp=2414 ms, used_size=6318080 bytes (15.4%)
(RDMA_READ_CONSUME_CHECK_CONSUMER) timestamp=2414 ms, used_size=6316032 bytes (15.4%)
(RDMA_READ_CONSUME_CHECK_CONSUMER) timestamp=2414 ms, used_size=6313984 bytes (15.4%)
(RDMA_READ_CONSUME_CHECK_CONSUMER) timestamp=2414 ms, used_size=6311936 bytes (15.4%)
(RDMA_READ_CONSUME_CHECK_CONSUMER) timestamp=2414 ms, used_size=6309888 bytes (15.4%)
(RDMA_READ_CONSUME_CHECK_CONSUMER) timestamp=2414 ms, used_size=6307840 bytes (15.4%)
(RDMA_READ_CONSUME_CHECK_CONSUMER) timestamp=2414 ms, used_size=6305792 bytes (15.4%)
(RDMA_READ_CONSUME_CHECK_CONSUMER) timestamp=2414 ms, used_size=6303744 bytes (15.4%)
(RDMA_READ_CONSUME_CHECK_CONSUMER) timestamp=2414 ms, used_size=6301696 bytes (15.4%)
(RDMA_READ_CONSUME_CHECK_CONSUMER) timestamp=2414 ms, used_size=6299648 bytes (15.4%)
(RDMA_READ_CONSUME_CHECK_CONSUMER) timestamp=2414 ms, used_size=6297600 bytes (15.4%)
(RDMA_READ_CONSUME_CHECK_CONSUMER) timestamp=2414 ms, used_size=6295552 bytes (15.4%)
(RDMA_READ_CONSUME_CHECK_CONSUMER) timestamp=2414 ms, used_size=6293504 bytes (15.4%)
(RDMA_READ_CONSUME_CHECK_CONSUMER) timestamp=2414 ms, used_size=6291456 bytes (15.4%)
(RDMA_READ_CONSUME_CHECK_CONSUMER) timestamp=2414 ms, used_size=6289408 bytes (15.4%)
(RDMA_READ_CONSUME_CHECK_CONSUMER) timestamp=2414 ms, used_size=6287360 bytes (15.3%)
(RDMA_READ_CONSUME_CHECK_CONSUMER) timestamp=2414 ms, used_size=6285312 bytes (15.3%)
(RDMA_READ_CONSUME_CHECK_CONSUMER) timestamp=2414 ms, used_size=6283264 bytes (15.3%)
(RDMA_READ_CONSUME_CHECK_CONSUMER) timestamp=2414 ms, used_size=6281216 bytes (15.3%)
(RDMA_READ_CONSUME_CHECK_CONSUMER) timestamp=2414 ms, used_size=6279168 bytes (15.3%)
(RDMA_READ_CONSUME_CHECK_CONSUMER) timestamp=2414 ms, used_size=6277120 bytes (15.3%)
(RDMA_READ_CONSUME_CHECK_CONSUMER) timestamp=2414 ms, used_size=6275072 bytes (15.3%)
(RDMA_READ_CONSUME_CHECK_CONSUMER) timestamp=2414 ms, used_size=6273024 bytes (15.3%)
(RDMA_READ_CONSUME_CHECK_CONSUMER) timestamp=2414 ms, used_size=6270976 bytes (15.3%)
(RDMA_READ_CONSUME_CHECK_CONSUMER) timestamp=2414 ms, used_size=6268928 bytes (15.3%)
(RDMA_READ_CONSUME_CHECK_CONSUMER) timestamp=2414 ms, used_size=6266880 bytes (15.3%)
(RDMA_READ_CONSUME_CHECK_CONSUMER) timestamp=2414 ms, used_size=6264832 bytes (15.3%)
(RDMA_READ_CONSUME_CHECK_CONSUMER) timestamp=2414 ms, used_size=6262784 bytes (15.3%)
(RDMA_READ_CONSUME_CHECK_CONSUMER) timestamp=2414 ms, used_size=6260736 bytes (15.3%)
(RDMA_READ_CONSUME_CHECK_CONSUMER) timestamp=2414 ms, used_size=6258688 bytes (15.3%)
(RDMA_READ_CONSUME_CHECK_CONSUMER) timestamp=2414 ms, used_size=6256640 bytes (15.3%)
(RDMA_READ_CONSUME_CHECK_CONSUMER) timestamp=2414 ms, used_size=6254592 bytes (15.3%)
(RDMA_READ_CONSUME_CHECK_CONSUMER) timestamp=2414 ms, used_size=6252544 bytes (15.3%)
(RDMA_READ_CONSUME_CHECK_CONSUMER) timestamp=2414 ms, used_size=6250496 bytes (15.3%)
(RDMA_READ_CONSUME_CHECK_CONSUMER) timestamp=2414 ms, used_size=6248448 bytes (15.3%)
(RDMA_READ_CONSUME_CHECK_CONSUMER) timestamp=2414 ms, used_size=6246400 bytes (15.2%)
(RDMA_READ_CONSUME_CHECK_CONSUMER) timestamp=2414 ms, used_size=6244352 bytes (15.2%)
(RDMA_READ_CONSUME_CHECK_CONSUMER) timestamp=2414 ms, used_size=6242304 bytes (15.2%)
(RDMA_READ_CONSUME_CHECK_CONSUMER) timestamp=2414 ms, used_size=6240256 bytes (15.2%)
(RDMA_READ_CONSUME_CHECK_CONSUMER) timestamp=2414 ms, used_size=6238208 bytes (15.2%)
(RDMA_READ_CONSUME_CHECK_CONSUMER) timestamp=2414 ms, used_size=6236160 bytes (15.2%)
(RDMA_READ_CONSUME_CHECK_CONSUMER) timestamp=2414 ms, used_size=6234112 bytes (15.2%)
(RDMA_READ_CONSUME_CHECK_CONSUMER) timestamp=2414 ms, used_size=6232064 bytes (15.2%)
(RDMA_READ_CONSUME_CHECK_CONSUMER) timestamp=2414 ms, used_size=6230016 bytes (15.2%)
(RDMA_READ_CONSUME_CHECK_CONSUMER) timestamp=2414 ms, used_size=6227968 bytes (15.2%)
(RDMA_READ_CONSUME_CHECK_CONSUMER) timestamp=2414 ms, used_size=6225920 bytes (15.2%)
(RDMA_READ_CONSUME_CHECK_CONSUMER) timestamp=2414 ms, used_size=6223872 bytes (15.2%)
(RDMA_READ_CONSUME_CHECK_CONSUMER) timestamp=2414 ms, used_size=6221824 bytes (15.2%)
(RDMA_READ_CONSUME_CHECK_CONSUMER) timestamp=2414 ms, used_size=6219776 bytes (15.2%)
(RDMA_READ_CONSUME_CHECK_CONSUMER) timestamp=2414 ms, used_size=6217728 bytes (15.2%)
(RDMA_READ_CONSUME_CHECK_CONSUMER) timestamp=2414 ms, used_size=6215680 bytes (15.2%)
(RDMA_READ_CONSUME_CHECK_CONSUMER) timestamp=2414 ms, used_size=6213632 bytes (15.2%)
(RDMA_READ_CONSUME_CHECK_CONSUMER) timestamp=2414 ms, used_size=6211584 bytes (15.2%)
(RDMA_READ_CONSUME_CHECK_CONSUMER) timestamp=2414 ms, used_size=6209536 bytes (15.2%)
(RDMA_READ_CONSUME_CHECK_CONSUMER) timestamp=2414 ms, used_size=6207488 bytes (15.2%)
(RDMA_READ_CONSUME_CHECK_CONSUMER) timestamp=2414 ms, used_size=6205440 bytes (15.2%)
(RDMA_READ_CONSUME_CHECK_CONSUMER) timestamp=2414 ms, used_size=6203392 bytes (15.1%)
(RDMA_READ_CONSUME_CHECK_CONSUMER) timestamp=2414 ms, used_size=6201344 bytes (15.1%)
(RDMA_READ_CONSUME_CHECK_CONSUMER) timestamp=2414 ms, used_size=6199296 bytes (15.1%)
(RDMA_READ_CONSUME_CHECK_CONSUMER) timestamp=2414 ms, used_size=6197248 bytes (15.1%)
(RDMA_READ_CONSUME_CHECK_CONSUMER) timestamp=2414 ms, used_size=6195200 bytes (15.1%)
(RDMA_READ_CONSUME_CHECK_CONSUMER) timestamp=2414 ms, used_size=6193152 bytes (15.1%)
(RDMA_READ_CONSUME_CHECK_CONSUMER) timestamp=2414 ms, used_size=6191104 bytes (15.1%)
(RDMA_READ_CONSUME_CHECK_CONSUMER) timestamp=2414 ms, used_size=6189056 bytes (15.1%)
(RDMA_READ_CONSUME_CHECK_CONSUMER) timestamp=2414 ms, used_size=6187008 bytes (15.1%)
(RDMA_READ_CONSUME_CHECK_CONSUMER) timestamp=2414 ms, used_size=6184960 bytes (15.1%)
(RDMA_READ_CONSUME_CHECK_CONSUMER) timestamp=2414 ms, used_size=6182912 bytes (15.1%)
(RDMA_READ_CONSUME_CHECK_CONSUMER) timestamp=2414 ms, used_size=6180864 bytes (15.1%)
(RDMA_READ_CONSUME_CHECK_CONSUMER) timestamp=2414 ms, used_size=6178816 bytes (15.1%)
(RDMA_READ_CONSUME_CHECK_CONSUMER) timestamp=2414 ms, used_size=6176768 bytes (15.1%)
(RDMA_READ_CONSUME_CHECK_CONSUMER) timestamp=2414 ms, used_size=6174720 bytes (15.1%)
(RDMA_READ_CONSUME_CHECK_CONSUMER) timestamp=2414 ms, used_size=6172672 bytes (15.1%)
(RDMA_READ_CONSUME_CHECK_CONSUMER) timestamp=2414 ms, used_size=6170624 bytes (15.1%)
(RDMA_READ_CONSUME_CHECK_CONSUMER) timestamp=2414 ms, used_size=6168576 bytes (15.1%)
(RDMA_READ_CONSUME_CHECK_CONSUMER) timestamp=2414 ms, used_size=6166528 bytes (15.1%)
(RDMA_READ_CONSUME_CHECK_CONSUMER) timestamp=2414 ms, used_size=6164480 bytes (15.1%)
(RDMA_READ_CONSUME_CHECK_CONSUMER) timestamp=2414 ms, used_size=6162432 bytes (15.0%)
(RDMA_READ_CONSUME_CHECK_CONSUMER) timestamp=2414 ms, used_size=6160384 bytes (15.0%)
(RDMA_READ_CONSUME_CHECK_CONSUMER) timestamp=2414 ms, used_size=6158336 bytes (15.0%)
(RDMA_READ_CONSUME_CHECK_CONSUMER) timestamp=2414 ms, used_size=6156288 bytes (15.0%)
(RDMA_READ_CONSUME_CHECK_CONSUMER) timestamp=2414 ms, used_size=6154240 bytes (15.0%)
(RDMA_READ_CONSUME_CHECK_CONSUMER) timestamp=2414 ms, used_size=6152192 bytes (15.0%)
(RDMA_READ_CONSUME_CHECK_CONSUMER) timestamp=2414 ms, used_size=6150144 bytes (15.0%)
(RDMA_READ_CONSUME_CHECK_CONSUMER) timestamp=2414 ms, used_size=6148096 bytes (15.0%)
(RDMA_READ_CONSUME_CHECK_CONSUMER) timestamp=2414 ms, used_size=6146048 bytes (15.0%)
(RDMA_READ_CONSUME_CHECK_CONSUMER) timestamp=2414 ms, used_size=6144000 bytes (15.0%)
(RDMA_READ_CONSUME_CHECK_CONSUMER) timestamp=2414 ms, used_size=6141952 bytes (15.0%)
(RDMA_READ_CONSUME_CHECK_CONSUMER) timestamp=2414 ms, used_size=6139904 bytes (15.0%)
(RDMA_READ_CONSUME_CHECK_CONSUMER) timestamp=2414 ms, used_size=6137856 bytes (15.0%)
(RDMA_READ_CONSUME_CHECK_CONSUMER) timestamp=2414 ms, used_size=6135808 bytes (15.0%)
(RDMA_READ_CONSUME_CHECK_CONSUMER) timestamp=2414 ms, used_size=6133760 bytes (15.0%)
(RDMA_READ_CONSUME_CHECK_CONSUMER) timestamp=2414 ms, used_size=6131712 bytes (15.0%)
(RDMA_READ_CONSUME_CHECK_CONSUMER) timestamp=2414 ms, used_size=6129664 bytes (15.0%)
(RDMA_READ_CONSUME_CHECK_CONSUMER) timestamp=2414 ms, used_size=6127616 bytes (15.0%)
(RDMA_READ_CONSUME_CHECK_CONSUMER) timestamp=2414 ms, used_size=6125568 bytes (15.0%)
(RDMA_READ_CONSUME_CHECK_CONSUMER) timestamp=2414 ms, used_size=6123520 bytes (14.9%)
(RDMA_READ_CONSUME_CHECK_CONSUMER) timestamp=2414 ms, used_size=6121472 bytes (14.9%)
(RDMA_READ_CONSUME_CHECK_CONSUMER) timestamp=2414 ms, used_size=6119424 bytes (14.9%)
(RDMA_READ_CONSUME_CHECK_CONSUMER) timestamp=2414 ms, used_size=6117376 bytes (14.9%)
(RDMA_READ_CONSUME_CHECK_CONSUMER) timestamp=2414 ms, used_size=6115328 bytes (14.9%)
(RDMA_READ_CONSUME_CHECK_CONSUMER) timestamp=2414 ms, used_size=6113280 bytes (14.9%)
(RDMA_READ_CONSUME_CHECK_CONSUMER) timestamp=2414 ms, used_size=6111232 bytes (14.9%)
(RDMA_READ_CONSUME_CHECK_CONSUMER) timestamp=2414 ms, used_size=6109184 bytes (14.9%)
(RDMA_READ_CONSUME_CHECK_CONSUMER) timestamp=2414 ms, used_size=6107136 bytes (14.9%)
(RDMA_READ_CONSUME_CHECK_CONSUMER) timestamp=2414 ms, used_size=6105088 bytes (14.9%)
(RDMA_READ_CONSUME_CHECK_CONSUMER) timestamp=2414 ms, used_size=6103040 bytes (14.9%)
(RDMA_READ_CONSUME_CHECK_CONSUMER) timestamp=2414 ms, used_size=6100992 bytes (14.9%)
(RDMA_READ_CONSUME_CHECK_CONSUMER) timestamp=2414 ms, used_size=6098944 bytes (14.9%)
(RDMA_READ_CONSUME_CHECK_CONSUMER) timestamp=2414 ms, used_size=6096896 bytes (14.9%)
(RDMA_READ_CONSUME_CHECK_CONSUMER) timestamp=2414 ms, used_size=6094848 bytes (14.9%)
(RDMA_READ_CONSUME_CHECK_CONSUMER) timestamp=2414 ms, used_size=6092800 bytes (14.9%)
(RDMA_READ_CONSUME_CHECK_CONSUMER) timestamp=2414 ms, used_size=6090752 bytes (14.9%)
(RDMA_READ_CONSUME_CHECK_CONSUMER) timestamp=2414 ms, used_size=6088704 bytes (14.9%)
(RDMA_READ_CONSUME_CHECK_CONSUMER) timestamp=2414 ms, used_size=6086656 bytes (14.9%)
(RDMA_READ_CONSUME_CHECK_CONSUMER) timestamp=2414 ms, used_size=6084608 bytes (14.9%)
(RDMA_READ_CONSUME_CHECK_CONSUMER) timestamp=2414 ms, used_size=6082560 bytes (14.8%)
(RDMA_READ_CONSUME_CHECK_CONSUMER) timestamp=2414 ms, used_size=6080512 bytes (14.8%)
(RDMA_READ_CONSUME_CHECK_CONSUMER) timestamp=2414 ms, used_size=6078464 bytes (14.8%)
(RDMA_READ_CONSUME_CHECK_CONSUMER) timestamp=2414 ms, used_size=6076416 bytes (14.8%)
(RDMA_READ_CONSUME_CHECK_CONSUMER) timestamp=2414 ms, used_size=6074368 bytes (14.8%)
(RDMA_READ_CONSUME_CHECK_CONSUMER) timestamp=2414 ms, used_size=6072320 bytes (14.8%)
(RDMA_READ_CONSUME_CHECK_CONSUMER) timestamp=2414 ms, used_size=6070272 bytes (14.8%)
(RDMA_READ_CONSUME_CHECK_CONSUMER) timestamp=2414 ms, used_size=6068224 bytes (14.8%)
(RDMA_READ_CONSUME_CHECK_CONSUMER) timestamp=2414 ms, used_size=6066176 bytes (14.8%)
(RDMA_READ_CONSUME_CHECK_CONSUMER) timestamp=2414 ms, used_size=6064128 bytes (14.8%)
(RDMA_READ_CONSUME_CHECK_CONSUMER) timestamp=2414 ms, used_size=6062080 bytes (14.8%)
(RDMA_READ_CONSUME_CHECK_CONSUMER) timestamp=2414 ms, used_size=6060032 bytes (14.8%)
(RDMA_READ_CONSUME_CHECK_CONSUMER) timestamp=2414 ms, used_size=6057984 bytes (14.8%)
(RDMA_READ_CONSUME_CHECK_CONSUMER) timestamp=2414 ms, used_size=6055936 bytes (14.8%)
(RDMA_READ_CONSUME_CHECK_CONSUMER) timestamp=2414 ms, used_size=6053888 bytes (14.8%)
(RDMA_READ_CONSUME_CHECK_CONSUMER) timestamp=2414 ms, used_size=6051840 bytes (14.8%)
(RDMA_READ_CONSUME_CHECK_CONSUMER) timestamp=2414 ms, used_size=6049792 bytes (14.8%)
(RDMA_READ_CONSUME_CHECK_CONSUMER) timestamp=2414 ms, used_size=6047744 bytes (14.8%)
(RDMA_READ_CONSUME_CHECK_CONSUMER) timestamp=2414 ms, used_size=6045696 bytes (14.8%)
(RDMA_READ_CONSUME_CHECK_CONSUMER) timestamp=2414 ms, used_size=6043648 bytes (14.8%)
(RDMA_READ_CONSUME_CHECK_CONSUMER) timestamp=2414 ms, used_size=6041600 bytes (14.8%)
(RDMA_READ_CONSUME_CHECK_CONSUMER) timestamp=2414 ms, used_size=6039552 bytes (14.7%)
(RDMA_READ_CONSUME_CHECK_CONSUMER) timestamp=2414 ms, used_size=6037504 bytes (14.7%)
(RDMA_READ_CONSUME_CHECK_CONSUMER) timestamp=2414 ms, used_size=6035456 bytes (14.7%)
(RDMA_READ_CONSUME_CHECK_CONSUMER) timestamp=2414 ms, used_size=6033408 bytes (14.7%)
(RDMA_READ_CONSUME_CHECK_CONSUMER) timestamp=2414 ms, used_size=6031360 bytes (14.7%)
(RDMA_READ_CONSUME_CHECK_CONSUMER) timestamp=2414 ms, used_size=6029312 bytes (14.7%)
(RDMA_READ_CONSUME_CHECK_CONSUMER) timestamp=2414 ms, used_size=6027264 bytes (14.7%)
(RDMA_READ_CONSUME_CHECK_CONSUMER) timestamp=2414 ms, used_size=6025216 bytes (14.7%)
(RDMA_READ_CONSUME_CHECK_CONSUMER) timestamp=2414 ms, used_size=6023168 bytes (14.7%)
(RDMA_READ_CONSUME_CHECK_CONSUMER) timestamp=2414 ms, used_size=6021120 bytes (14.7%)
(RDMA_READ_CONSUME_CHECK_CONSUMER) timestamp=2414 ms, used_size=6019072 bytes (14.7%)
(RDMA_READ_CONSUME_CHECK_CONSUMER) timestamp=2414 ms, used_size=6017024 bytes (14.7%)
(RDMA_READ_CONSUME_CHECK_CONSUMER) timestamp=2414 ms, used_size=6014976 bytes (14.7%)
(RDMA_READ_CONSUME_CHECK_CONSUMER) timestamp=2414 ms, used_size=6012928 bytes (14.7%)
(RDMA_READ_CONSUME_CHECK_CONSUMER) timestamp=2414 ms, used_size=6010880 bytes (14.7%)
(RDMA_READ_CONSUME_CHECK_CONSUMER) timestamp=2414 ms, used_size=6008832 bytes (14.7%)
(RDMA_READ_CONSUME_CHECK_CONSUMER) timestamp=2414 ms, used_size=6006784 bytes (14.7%)
(RDMA_READ_CONSUME_CHECK_CONSUMER) timestamp=2414 ms, used_size=6004736 bytes (14.7%)
(RDMA_READ_CONSUME_CHECK_CONSUMER) timestamp=2414 ms, used_size=6002688 bytes (14.7%)
(RDMA_READ_CONSUME_CHECK_CONSUMER) timestamp=2414 ms, used_size=6000640 bytes (14.7%)
(RDMA_READ_CONSUME_CHECK_CONSUMER) timestamp=2414 ms, used_size=5998592 bytes (14.6%)
(RDMA_READ_CONSUME_CHECK_CONSUMER) timestamp=2414 ms, used_size=5996544 bytes (14.6%)
(RDMA_READ_CONSUME_CHECK_CONSUMER) timestamp=2414 ms, used_size=5994496 bytes (14.6%)
(RDMA_READ_CONSUME_CHECK_CONSUMER) timestamp=2414 ms, used_size=5992448 bytes (14.6%)
(RDMA_READ_CONSUME_CHECK_CONSUMER) timestamp=2414 ms, used_size=5990400 bytes (14.6%)
(RDMA_READ_CONSUME_CHECK_CONSUMER) timestamp=2414 ms, used_size=5988352 bytes (14.6%)
(RDMA_READ_CONSUME_CHECK_CONSUMER) timestamp=2414 ms, used_size=5986304 bytes (14.6%)
(RDMA_READ_CONSUME_CHECK_CONSUMER) timestamp=2414 ms, used_size=5984256 bytes (14.6%)
(RDMA_READ_CONSUME_CHECK_CONSUMER) timestamp=2414 ms, used_size=5982208 bytes (14.6%)
(RDMA_READ_CONSUME_CHECK_CONSUMER) timestamp=2414 ms, used_size=5980160 bytes (14.6%)
(RDMA_READ_CONSUME_CHECK_CONSUMER) timestamp=2415 ms, used_size=5978112 bytes (14.6%)
(RDMA_READ_CONSUME_CHECK_CONSUMER) timestamp=2415 ms, used_size=5976064 bytes (14.6%)
(RDMA_READ_CONSUME_CHECK_CONSUMER) timestamp=2415 ms, used_size=5974016 bytes (14.6%)
(RDMA_READ_CONSUME_CHECK_CONSUMER) timestamp=2415 ms, used_size=5971968 bytes (14.6%)
(RDMA_READ_CONSUME_CHECK_CONSUMER) timestamp=2415 ms, used_size=5969920 bytes (14.6%)
(RDMA_READ_CONSUME_CHECK_CONSUMER) timestamp=2415 ms, used_size=5967872 bytes (14.6%)
(RDMA_READ_CONSUME_CHECK_CONSUMER) timestamp=2415 ms, used_size=5965824 bytes (14.6%)
(RDMA_READ_CONSUME_CHECK_CONSUMER) timestamp=2415 ms, used_size=5963776 bytes (14.6%)
(RDMA_READ_CONSUME_CHECK_CONSUMER) timestamp=2415 ms, used_size=5961728 bytes (14.6%)
(RDMA_READ_CONSUME_CHECK_CONSUMER) timestamp=2415 ms, used_size=5959680 bytes (14.6%)
(RDMA_READ_CONSUME_CHECK_CONSUMER) timestamp=2415 ms, used_size=5957632 bytes (14.5%)
(RDMA_READ_CONSUME_CHECK_CONSUMER) timestamp=2415 ms, used_size=5955584 bytes (14.5%)
(RDMA_READ_CONSUME_CHECK_CONSUMER) timestamp=2415 ms, used_size=5953536 bytes (14.5%)
(RDMA_READ_CONSUME_CHECK_CONSUMER) timestamp=2415 ms, used_size=5951488 bytes (14.5%)
(RDMA_READ_CONSUME_CHECK_CONSUMER) timestamp=2415 ms, used_size=5949440 bytes (14.5%)
(RDMA_READ_CONSUME_CHECK_CONSUMER) timestamp=2415 ms, used_size=5947392 bytes (14.5%)
(RDMA_READ_CONSUME_CHECK_CONSUMER) timestamp=2415 ms, used_size=5945344 bytes (14.5%)
(RDMA_READ_CONSUME_CHECK_CONSUMER) timestamp=2415 ms, used_size=5943296 bytes (14.5%)
(RDMA_READ_CONSUME_CHECK_CONSUMER) timestamp=2415 ms, used_size=5941248 bytes (14.5%)
(RDMA_READ_CONSUME_CHECK_CONSUMER) timestamp=2415 ms, used_size=5939200 bytes (14.5%)
(RDMA_READ_CONSUME_CHECK_CONSUMER) timestamp=2415 ms, used_size=5937152 bytes (14.5%)
(RDMA_READ_CONSUME_CHECK_CONSUMER) timestamp=2415 ms, used_size=5935104 bytes (14.5%)
(RDMA_READ_CONSUME_CHECK_CONSUMER) timestamp=2415 ms, used_size=5933056 bytes (14.5%)
(RDMA_READ_CONSUME_CHECK_CONSUMER) timestamp=2415 ms, used_size=5931008 bytes (14.5%)
(RDMA_READ_CONSUME_CHECK_CONSUMER) timestamp=2415 ms, used_size=5928960 bytes (14.5%)
(RDMA_READ_CONSUME_CHECK_CONSUMER) timestamp=2415 ms, used_size=5926912 bytes (14.5%)
(RDMA_READ_CONSUME_CHECK_CONSUMER) timestamp=2415 ms, used_size=5924864 bytes (14.5%)
(RDMA_READ_CONSUME_CHECK_CONSUMER) timestamp=2415 ms, used_size=5922816 bytes (14.5%)
(RDMA_READ_CONSUME_CHECK_CONSUMER) timestamp=2415 ms, used_size=5920768 bytes (14.5%)
(RDMA_READ_CONSUME_CHECK_CONSUMER) timestamp=2415 ms, used_size=5918720 bytes (14.4%)
(RDMA_READ_CONSUME_CHECK_CONSUMER) timestamp=2415 ms, used_size=5916672 bytes (14.4%)
(RDMA_READ_CONSUME_CHECK_CONSUMER) timestamp=2415 ms, used_size=5914624 bytes (14.4%)
(RDMA_READ_CONSUME_CHECK_CONSUMER) timestamp=2415 ms, used_size=5912576 bytes (14.4%)
(RDMA_READ_CONSUME_CHECK_CONSUMER) timestamp=2415 ms, used_size=5910528 bytes (14.4%)
(RDMA_READ_CONSUME_CHECK_CONSUMER) timestamp=2415 ms, used_size=5908480 bytes (14.4%)
(RDMA_READ_CONSUME_CHECK_CONSUMER) timestamp=2415 ms, used_size=5906432 bytes (14.4%)
(RDMA_READ_CONSUME_CHECK_CONSUMER) timestamp=2415 ms, used_size=5904384 bytes (14.4%)
(RDMA_READ_CONSUME_CHECK_CONSUMER) timestamp=2415 ms, used_size=5902336 bytes (14.4%)
(RDMA_READ_CONSUME_CHECK_CONSUMER) timestamp=2415 ms, used_size=5900288 bytes (14.4%)
(RDMA_READ_CONSUME_CHECK_CONSUMER) timestamp=2415 ms, used_size=5898240 bytes (14.4%)
(RDMA_READ_CONSUME_CHECK_CONSUMER) timestamp=2415 ms, used_size=5896192 bytes (14.4%)
(RDMA_READ_CONSUME_CHECK_CONSUMER) timestamp=2415 ms, used_size=5894144 bytes (14.4%)
(RDMA_READ_CONSUME_CHECK_CONSUMER) timestamp=2415 ms, used_size=5892096 bytes (14.4%)
(RDMA_READ_CONSUME_CHECK_CONSUMER) timestamp=2415 ms, used_size=5890048 bytes (14.4%)
(RDMA_READ_CONSUME_CHECK_CONSUMER) timestamp=2415 ms, used_size=5888000 bytes (14.4%)
(RDMA_READ_CONSUME_CHECK_CONSUMER) timestamp=2415 ms, used_size=5885952 bytes (14.4%)
(RDMA_READ_CONSUME_CHECK_CONSUMER) timestamp=2415 ms, used_size=5883904 bytes (14.4%)
(RDMA_READ_CONSUME_CHECK_CONSUMER) timestamp=2415 ms, used_size=5881856 bytes (14.4%)
(RDMA_READ_CONSUME_CHECK_CONSUMER) timestamp=2415 ms, used_size=5879808 bytes (14.4%)
(RDMA_READ_CONSUME_CHECK_CONSUMER) timestamp=2415 ms, used_size=5877760 bytes (14.3%)
(RDMA_READ_CONSUME_CHECK_CONSUMER) timestamp=2415 ms, used_size=5875712 bytes (14.3%)
(RDMA_READ_CONSUME_CHECK_CONSUMER) timestamp=2415 ms, used_size=5873664 bytes (14.3%)
(RDMA_READ_CONSUME_CHECK_CONSUMER) timestamp=2415 ms, used_size=5871616 bytes (14.3%)
(RDMA_READ_CONSUME_CHECK_CONSUMER) timestamp=2415 ms, used_size=5869568 bytes (14.3%)
(RDMA_READ_CONSUME_CHECK_CONSUMER) timestamp=2415 ms, used_size=5867520 bytes (14.3%)
(RDMA_READ_CONSUME_CHECK_CONSUMER) timestamp=2415 ms, used_size=5865472 bytes (14.3%)
(RDMA_READ_CONSUME_CHECK_CONSUMER) timestamp=2415 ms, used_size=5863424 bytes (14.3%)
(RDMA_READ_CONSUME_CHECK_CONSUMER) timestamp=2415 ms, used_size=5861376 bytes (14.3%)
(RDMA_READ_CONSUME_CHECK_CONSUMER) timestamp=2415 ms, used_size=5859328 bytes (14.3%)
(RDMA_READ_CONSUME_CHECK_CONSUMER) timestamp=2415 ms, used_size=5857280 bytes (14.3%)
(RDMA_READ_CONSUME_CHECK_CONSUMER) timestamp=2415 ms, used_size=5855232 bytes (14.3%)
(RDMA_READ_CONSUME_CHECK_CONSUMER) timestamp=2415 ms, used_size=5853184 bytes (14.3%)
(RDMA_READ_CONSUME_CHECK_CONSUMER) timestamp=2415 ms, used_size=5851136 bytes (14.3%)
(RDMA_READ_CONSUME_CHECK_CONSUMER) timestamp=2415 ms, used_size=5849088 bytes (14.3%)
(RDMA_READ_CONSUME_CHECK_CONSUMER) timestamp=2415 ms, used_size=5847040 bytes (14.3%)
(RDMA_READ_CONSUME_CHECK_CONSUMER) timestamp=2415 ms, used_size=5844992 bytes (14.3%)
(RDMA_READ_CONSUME_CHECK_CONSUMER) timestamp=2415 ms, used_size=5842944 bytes (14.3%)
(RDMA_READ_CONSUME_CHECK_CONSUMER) timestamp=2415 ms, used_size=5840896 bytes (14.3%)
(RDMA_READ_CONSUME_CHECK_CONSUMER) timestamp=2415 ms, used_size=5838848 bytes (14.3%)
(RDMA_READ_CONSUME_CHECK_CONSUMER) timestamp=2415 ms, used_size=5836800 bytes (14.2%)
(RDMA_READ_CONSUME_CHECK_CONSUMER) timestamp=2415 ms, used_size=5834752 bytes (14.2%)
(RDMA_READ_CONSUME_CHECK_CONSUMER) timestamp=2415 ms, used_size=5832704 bytes (14.2%)
(RDMA_READ_CONSUME_CHECK_CONSUMER) timestamp=2415 ms, used_size=5830656 bytes (14.2%)
(RDMA_READ_CONSUME_CHECK_CONSUMER) timestamp=2415 ms, used_size=5828608 bytes (14.2%)
(RDMA_READ_CONSUME_CHECK_CONSUMER) timestamp=2415 ms, used_size=5826560 bytes (14.2%)
(RDMA_READ_CONSUME_CHECK_CONSUMER) timestamp=2415 ms, used_size=5824512 bytes (14.2%)
(RDMA_READ_CONSUME_CHECK_CONSUMER) timestamp=2415 ms, used_size=5822464 bytes (14.2%)
(RDMA_READ_CONSUME_CHECK_CONSUMER) timestamp=2415 ms, used_size=5820416 bytes (14.2%)
(RDMA_READ_CONSUME_CHECK_CONSUMER) timestamp=2415 ms, used_size=5818368 bytes (14.2%)
(RDMA_READ_CONSUME_CHECK_CONSUMER) timestamp=2415 ms, used_size=5816320 bytes (14.2%)
(RDMA_READ_CONSUME_CHECK_CONSUMER) timestamp=2415 ms, used_size=5814272 bytes (14.2%)
(RDMA_READ_CONSUME_CHECK_CONSUMER) timestamp=2415 ms, used_size=5812224 bytes (14.2%)
(RDMA_READ_CONSUME_CHECK_CONSUMER) timestamp=2415 ms, used_size=5810176 bytes (14.2%)
(RDMA_READ_CONSUME_CHECK_CONSUMER) timestamp=2415 ms, used_size=5808128 bytes (14.2%)
(RDMA_READ_CONSUME_CHECK_CONSUMER) timestamp=2415 ms, used_size=5806080 bytes (14.2%)
(RDMA_READ_CONSUME_CHECK_CONSUMER) timestamp=2415 ms, used_size=5804032 bytes (14.2%)
(RDMA_READ_CONSUME_CHECK_CONSUMER) timestamp=2415 ms, used_size=5801984 bytes (14.2%)
(RDMA_READ_CONSUME_CHECK_CONSUMER) timestamp=2415 ms, used_size=5799936 bytes (14.2%)
(RDMA_READ_CONSUME_CHECK_CONSUMER) timestamp=2415 ms, used_size=5797888 bytes (14.2%)
(RDMA_READ_CONSUME_CHECK_CONSUMER) timestamp=2415 ms, used_size=5795840 bytes (14.2%)
(RDMA_READ_CONSUME_CHECK_CONSUMER) timestamp=2415 ms, used_size=5793792 bytes (14.1%)
(RDMA_READ_CONSUME_CHECK_CONSUMER) timestamp=2415 ms, used_size=5791744 bytes (14.1%)
(RDMA_READ_CONSUME_CHECK_CONSUMER) timestamp=2415 ms, used_size=5789696 bytes (14.1%)
(RDMA_READ_CONSUME_CHECK_CONSUMER) timestamp=2415 ms, used_size=5787648 bytes (14.1%)
(RDMA_READ_CONSUME_CHECK_CONSUMER) timestamp=2415 ms, used_size=5785600 bytes (14.1%)
(RDMA_READ_CONSUME_CHECK_CONSUMER) timestamp=2415 ms, used_size=5783552 bytes (14.1%)
(RDMA_READ_CONSUME_CHECK_CONSUMER) timestamp=2415 ms, used_size=5781504 bytes (14.1%)
(RDMA_READ_CONSUME_CHECK_CONSUMER) timestamp=2415 ms, used_size=5779456 bytes (14.1%)
(RDMA_READ_CONSUME_CHECK_CONSUMER) timestamp=2415 ms, used_size=5777408 bytes (14.1%)
(RDMA_READ_CONSUME_CHECK_CONSUMER) timestamp=2415 ms, used_size=5775360 bytes (14.1%)
(RDMA_READ_CONSUME_CHECK_CONSUMER) timestamp=2415 ms, used_size=5773312 bytes (14.1%)
(RDMA_READ_CONSUME_CHECK_CONSUMER) timestamp=2415 ms, used_size=5771264 bytes (14.1%)
(RDMA_READ_CONSUME_CHECK_CONSUMER) timestamp=2415 ms, used_size=5769216 bytes (14.1%)
(RDMA_READ_CONSUME_CHECK_CONSUMER) timestamp=2415 ms, used_size=5767168 bytes (14.1%)
(RDMA_READ_CONSUME_CHECK_CONSUMER) timestamp=2415 ms, used_size=5765120 bytes (14.1%)
(RDMA_READ_CONSUME_CHECK_CONSUMER) timestamp=2415 ms, used_size=5763072 bytes (14.1%)
(RDMA_READ_CONSUME_CHECK_CONSUMER) timestamp=2415 ms, used_size=5761024 bytes (14.1%)
(RDMA_READ_CONSUME_CHECK_CONSUMER) timestamp=2415 ms, used_size=5758976 bytes (14.1%)
(RDMA_READ_CONSUME_CHECK_CONSUMER) timestamp=2415 ms, used_size=5756928 bytes (14.1%)
(RDMA_READ_CONSUME_CHECK_CONSUMER) timestamp=2415 ms, used_size=5754880 bytes (14.1%)
(RDMA_READ_CONSUME_CHECK_CONSUMER) timestamp=2415 ms, used_size=5752832 bytes (14.0%)
(RDMA_READ_CONSUME_CHECK_CONSUMER) timestamp=2415 ms, used_size=5750784 bytes (14.0%)
(RDMA_READ_CONSUME_CHECK_CONSUMER) timestamp=2415 ms, used_size=5748736 bytes (14.0%)
(RDMA_READ_CONSUME_CHECK_CONSUMER) timestamp=2415 ms, used_size=5746688 bytes (14.0%)
(RDMA_READ_CONSUME_CHECK_CONSUMER) timestamp=2415 ms, used_size=5744640 bytes (14.0%)
(RDMA_READ_CONSUME_CHECK_CONSUMER) timestamp=2415 ms, used_size=5742592 bytes (14.0%)
(RDMA_READ_CONSUME_CHECK_CONSUMER) timestamp=2415 ms, used_size=5740544 bytes (14.0%)
(RDMA_READ_CONSUME_CHECK_CONSUMER) timestamp=2415 ms, used_size=5738496 bytes (14.0%)
(RDMA_READ_CONSUME_CHECK_CONSUMER) timestamp=2415 ms, used_size=5736448 bytes (14.0%)
(RDMA_READ_CONSUME_CHECK_CONSUMER) timestamp=2415 ms, used_size=5734400 bytes (14.0%)
(RDMA_READ_CONSUME_CHECK_CONSUMER) timestamp=2415 ms, used_size=5732352 bytes (14.0%)
(RDMA_READ_CONSUME_CHECK_CONSUMER) timestamp=2415 ms, used_size=5730304 bytes (14.0%)
(RDMA_READ_CONSUME_CHECK_CONSUMER) timestamp=2415 ms, used_size=5728256 bytes (14.0%)
(RDMA_READ_CONSUME_CHECK_CONSUMER) timestamp=2415 ms, used_size=5726208 bytes (14.0%)
(RDMA_READ_CONSUME_CHECK_CONSUMER) timestamp=2415 ms, used_size=5724160 bytes (14.0%)
(RDMA_READ_CONSUME_CHECK_CONSUMER) timestamp=2415 ms, used_size=5722112 bytes (14.0%)
(RDMA_READ_CONSUME_CHECK_CONSUMER) timestamp=2415 ms, used_size=5720064 bytes (14.0%)
(RDMA_READ_CONSUME_CHECK_CONSUMER) timestamp=2415 ms, used_size=5718016 bytes (14.0%)
(RDMA_READ_CONSUME_CHECK_CONSUMER) timestamp=2415 ms, used_size=5715968 bytes (14.0%)
(RDMA_READ_CONSUME_CHECK_CONSUMER) timestamp=2415 ms, used_size=5713920 bytes (13.9%)
(RDMA_READ_CONSUME_CHECK_CONSUMER) timestamp=2415 ms, used_size=5711872 bytes (13.9%)
(RDMA_READ_CONSUME_CHECK_CONSUMER) timestamp=2415 ms, used_size=5709824 bytes (13.9%)
(RDMA_READ_CONSUME_CHECK_CONSUMER) timestamp=2415 ms, used_size=5707776 bytes (13.9%)
(RDMA_READ_CONSUME_CHECK_CONSUMER) timestamp=2415 ms, used_size=5705728 bytes (13.9%)
(RDMA_READ_CONSUME_CHECK_CONSUMER) timestamp=2415 ms, used_size=5703680 bytes (13.9%)
(RDMA_READ_CONSUME_CHECK_CONSUMER) timestamp=2415 ms, used_size=5701632 bytes (13.9%)
(RDMA_READ_CONSUME_CHECK_CONSUMER) timestamp=2415 ms, used_size=5699584 bytes (13.9%)
(RDMA_READ_CONSUME_CHECK_CONSUMER) timestamp=2415 ms, used_size=5697536 bytes (13.9%)
(RDMA_READ_CONSUME_CHECK_CONSUMER) timestamp=2415 ms, used_size=5695488 bytes (13.9%)
(RDMA_READ_CONSUME_CHECK_CONSUMER) timestamp=2415 ms, used_size=5693440 bytes (13.9%)
(RDMA_READ_CONSUME_CHECK_CONSUMER) timestamp=2415 ms, used_size=5691392 bytes (13.9%)
(RDMA_READ_CONSUME_CHECK_CONSUMER) timestamp=2415 ms, used_size=5689344 bytes (13.9%)
(RDMA_READ_CONSUME_CHECK_CONSUMER) timestamp=2415 ms, used_size=5687296 bytes (13.9%)
(RDMA_READ_CONSUME_CHECK_CONSUMER) timestamp=2415 ms, used_size=5685248 bytes (13.9%)
(RDMA_READ_CONSUME_CHECK_CONSUMER) timestamp=2415 ms, used_size=5683200 bytes (13.9%)
(RDMA_READ_CONSUME_CHECK_CONSUMER) timestamp=2415 ms, used_size=5681152 bytes (13.9%)
(RDMA_READ_CONSUME_CHECK_CONSUMER) timestamp=2415 ms, used_size=5679104 bytes (13.9%)
(RDMA_READ_CONSUME_CHECK_CONSUMER) timestamp=2415 ms, used_size=5677056 bytes (13.9%)
(RDMA_READ_CONSUME_CHECK_CONSUMER) timestamp=2415 ms, used_size=5675008 bytes (13.9%)
(RDMA_READ_CONSUME_CHECK_CONSUMER) timestamp=2415 ms, used_size=5672960 bytes (13.8%)
(RDMA_READ_CONSUME_CHECK_CONSUMER) timestamp=2415 ms, used_size=5670912 bytes (13.8%)
(RDMA_READ_CONSUME_CHECK_CONSUMER) timestamp=2415 ms, used_size=5668864 bytes (13.8%)
(RDMA_READ_CONSUME_CHECK_CONSUMER) timestamp=2415 ms, used_size=5666816 bytes (13.8%)
(RDMA_READ_CONSUME_CHECK_CONSUMER) timestamp=2415 ms, used_size=5664768 bytes (13.8%)
(RDMA_READ_CONSUME_CHECK_CONSUMER) timestamp=2415 ms, used_size=5662720 bytes (13.8%)
(RDMA_READ_CONSUME_CHECK_CONSUMER) timestamp=2415 ms, used_size=5660672 bytes (13.8%)
(RDMA_READ_CONSUME_CHECK_CONSUMER) timestamp=2415 ms, used_size=5658624 bytes (13.8%)
(RDMA_READ_CONSUME_CHECK_CONSUMER) timestamp=2415 ms, used_size=5656576 bytes (13.8%)
(RDMA_READ_CONSUME_CHECK_CONSUMER) timestamp=2415 ms, used_size=5654528 bytes (13.8%)
(RDMA_READ_CONSUME_CHECK_CONSUMER) timestamp=2415 ms, used_size=5652480 bytes (13.8%)
(RDMA_READ_CONSUME_CHECK_CONSUMER) timestamp=2415 ms, used_size=5650432 bytes (13.8%)
(RDMA_READ_CONSUME_CHECK_CONSUMER) timestamp=2415 ms, used_size=5648384 bytes (13.8%)
(RDMA_READ_CONSUME_CHECK_CONSUMER) timestamp=2415 ms, used_size=5646336 bytes (13.8%)
(RDMA_READ_CONSUME_CHECK_CONSUMER) timestamp=2415 ms, used_size=5644288 bytes (13.8%)
(RDMA_READ_CONSUME_CHECK_CONSUMER) timestamp=2415 ms, used_size=5642240 bytes (13.8%)
(RDMA_READ_CONSUME_CHECK_CONSUMER) timestamp=2415 ms, used_size=5640192 bytes (13.8%)
(RDMA_READ_CONSUME_CHECK_CONSUMER) timestamp=2415 ms, used_size=5638144 bytes (13.8%)
(RDMA_READ_CONSUME_CHECK_CONSUMER) timestamp=2415 ms, used_size=5636096 bytes (13.8%)
(RDMA_READ_CONSUME_CHECK_CONSUMER) timestamp=2415 ms, used_size=5634048 bytes (13.8%)
(RDMA_READ_CONSUME_CHECK_CONSUMER) timestamp=2415 ms, used_size=5632000 bytes (13.8%)
(RDMA_READ_CONSUME_CHECK_CONSUMER) timestamp=2415 ms, used_size=5629952 bytes (13.7%)
(RDMA_READ_CONSUME_CHECK_CONSUMER) timestamp=2415 ms, used_size=5627904 bytes (13.7%)
(RDMA_READ_CONSUME_CHECK_CONSUMER) timestamp=2415 ms, used_size=5625856 bytes (13.7%)
(RDMA_READ_CONSUME_CHECK_CONSUMER) timestamp=2415 ms, used_size=5623808 bytes (13.7%)
(RDMA_READ_CONSUME_CHECK_CONSUMER) timestamp=2415 ms, used_size=5621760 bytes (13.7%)
(RDMA_READ_CONSUME_CHECK_CONSUMER) timestamp=2415 ms, used_size=5619712 bytes (13.7%)
(RDMA_READ_CONSUME_CHECK_CONSUMER) timestamp=2415 ms, used_size=5617664 bytes (13.7%)
(RDMA_READ_CONSUME_CHECK_CONSUMER) timestamp=2415 ms, used_size=5615616 bytes (13.7%)
(RDMA_READ_CONSUME_CHECK_CONSUMER) timestamp=2415 ms, used_size=5613568 bytes (13.7%)
(RDMA_READ_CONSUME_CHECK_CONSUMER) timestamp=2415 ms, used_size=5611520 bytes (13.7%)
(RDMA_READ_CONSUME_CHECK_CONSUMER) timestamp=2416 ms, used_size=5609472 bytes (13.7%)
(RDMA_READ_CONSUME_CHECK_CONSUMER) timestamp=2416 ms, used_size=5607424 bytes (13.7%)
(RDMA_READ_CONSUME_CHECK_CONSUMER) timestamp=2416 ms, used_size=5605376 bytes (13.7%)
(RDMA_READ_CONSUME_CHECK_CONSUMER) timestamp=2416 ms, used_size=5603328 bytes (13.7%)
(RDMA_READ_CONSUME_CHECK_CONSUMER) timestamp=2416 ms, used_size=5601280 bytes (13.7%)
(RDMA_READ_CONSUME_CHECK_CONSUMER) timestamp=2416 ms, used_size=5599232 bytes (13.7%)
(RDMA_READ_CONSUME_CHECK_CONSUMER) timestamp=2416 ms, used_size=5597184 bytes (13.7%)
(RDMA_READ_CONSUME_CHECK_CONSUMER) timestamp=2416 ms, used_size=5595136 bytes (13.7%)
(RDMA_READ_CONSUME_CHECK_CONSUMER) timestamp=2416 ms, used_size=5593088 bytes (13.7%)
(RDMA_READ_CONSUME_CHECK_CONSUMER) timestamp=2416 ms, used_size=5591040 bytes (13.7%)
(RDMA_READ_CONSUME_CHECK_CONSUMER) timestamp=2416 ms, used_size=5588992 bytes (13.6%)
(RDMA_READ_CONSUME_CHECK_CONSUMER) timestamp=2416 ms, used_size=5586944 bytes (13.6%)
(RDMA_READ_CONSUME_CHECK_CONSUMER) timestamp=2416 ms, used_size=5584896 bytes (13.6%)
(RDMA_READ_CONSUME_CHECK_CONSUMER) timestamp=2416 ms, used_size=5582848 bytes (13.6%)
(RDMA_READ_CONSUME_CHECK_CONSUMER) timestamp=2416 ms, used_size=5580800 bytes (13.6%)
(RDMA_READ_CONSUME_CHECK_CONSUMER) timestamp=2416 ms, used_size=5578752 bytes (13.6%)
(RDMA_READ_CONSUME_CHECK_CONSUMER) timestamp=2416 ms, used_size=5576704 bytes (13.6%)
(RDMA_READ_CONSUME_CHECK_CONSUMER) timestamp=2416 ms, used_size=5574656 bytes (13.6%)
(RDMA_READ_CONSUME_CHECK_CONSUMER) timestamp=2416 ms, used_size=5572608 bytes (13.6%)
(RDMA_READ_CONSUME_CHECK_CONSUMER) timestamp=2416 ms, used_size=5570560 bytes (13.6%)
(RDMA_READ_CONSUME_CHECK_CONSUMER) timestamp=2416 ms, used_size=5568512 bytes (13.6%)
(RDMA_READ_CONSUME_CHECK_CONSUMER) timestamp=2416 ms, used_size=5566464 bytes (13.6%)
(RDMA_READ_CONSUME_CHECK_CONSUMER) timestamp=2416 ms, used_size=5564416 bytes (13.6%)
(RDMA_READ_CONSUME_CHECK_CONSUMER) timestamp=2416 ms, used_size=5562368 bytes (13.6%)
(RDMA_READ_CONSUME_CHECK_CONSUMER) timestamp=2416 ms, used_size=5560320 bytes (13.6%)
(RDMA_READ_CONSUME_CHECK_CONSUMER) timestamp=2416 ms, used_size=5558272 bytes (13.6%)
(RDMA_READ_CONSUME_CHECK_CONSUMER) timestamp=2416 ms, used_size=5556224 bytes (13.6%)
(RDMA_READ_CONSUME_CHECK_CONSUMER) timestamp=2416 ms, used_size=5554176 bytes (13.6%)
(RDMA_READ_CONSUME_CHECK_CONSUMER) timestamp=2416 ms, used_size=5552128 bytes (13.6%)
(RDMA_READ_CONSUME_CHECK_CONSUMER) timestamp=2416 ms, used_size=5550080 bytes (13.6%)
(RDMA_READ_CONSUME_CHECK_CONSUMER) timestamp=2416 ms, used_size=5548032 bytes (13.5%)
(RDMA_READ_CONSUME_CHECK_CONSUMER) timestamp=2416 ms, used_size=5545984 bytes (13.5%)
(RDMA_READ_CONSUME_CHECK_CONSUMER) timestamp=2416 ms, used_size=5543936 bytes (13.5%)
(RDMA_READ_CONSUME_CHECK_CONSUMER) timestamp=2416 ms, used_size=5541888 bytes (13.5%)
(RDMA_READ_CONSUME_CHECK_CONSUMER) timestamp=2416 ms, used_size=5539840 bytes (13.5%)
(RDMA_READ_CONSUME_CHECK_CONSUMER) timestamp=2416 ms, used_size=5537792 bytes (13.5%)
(RDMA_READ_CONSUME_CHECK_CONSUMER) timestamp=2416 ms, used_size=5535744 bytes (13.5%)
(RDMA_READ_CONSUME_CHECK_CONSUMER) timestamp=2416 ms, used_size=5533696 bytes (13.5%)
(RDMA_READ_CONSUME_CHECK_CONSUMER) timestamp=2416 ms, used_size=5531648 bytes (13.5%)
(RDMA_READ_CONSUME_CHECK_CONSUMER) timestamp=2416 ms, used_size=5529600 bytes (13.5%)
(RDMA_READ_CONSUME_CHECK_CONSUMER) timestamp=2416 ms, used_size=5527552 bytes (13.5%)
(RDMA_READ_CONSUME_CHECK_CONSUMER) timestamp=2416 ms, used_size=5525504 bytes (13.5%)
(RDMA_READ_CONSUME_CHECK_CONSUMER) timestamp=2416 ms, used_size=5523456 bytes (13.5%)
(RDMA_READ_CONSUME_CHECK_CONSUMER) timestamp=2416 ms, used_size=5521408 bytes (13.5%)
(RDMA_READ_CONSUME_CHECK_CONSUMER) timestamp=2416 ms, used_size=5519360 bytes (13.5%)
(RDMA_READ_CONSUME_CHECK_CONSUMER) timestamp=2416 ms, used_size=5517312 bytes (13.5%)
(RDMA_READ_CONSUME_CHECK_CONSUMER) timestamp=2416 ms, used_size=5515264 bytes (13.5%)
(RDMA_READ_CONSUME_CHECK_CONSUMER) timestamp=2416 ms, used_size=5513216 bytes (13.5%)
(RDMA_READ_CONSUME_CHECK_CONSUMER) timestamp=2416 ms, used_size=5511168 bytes (13.5%)
(RDMA_READ_CONSUME_CHECK_CONSUMER) timestamp=2416 ms, used_size=5509120 bytes (13.4%)
(RDMA_READ_CONSUME_CHECK_CONSUMER) timestamp=2416 ms, used_size=5507072 bytes (13.4%)
(RDMA_READ_CONSUME_CHECK_CONSUMER) timestamp=2416 ms, used_size=5505024 bytes (13.4%)
(RDMA_READ_CONSUME_CHECK_CONSUMER) timestamp=2416 ms, used_size=5502976 bytes (13.4%)
(RDMA_READ_CONSUME_CHECK_CONSUMER) timestamp=2416 ms, used_size=5500928 bytes (13.4%)
(RDMA_READ_CONSUME_CHECK_CONSUMER) timestamp=2416 ms, used_size=5498880 bytes (13.4%)
(RDMA_READ_CONSUME_CHECK_CONSUMER) timestamp=2416 ms, used_size=5496832 bytes (13.4%)
(RDMA_READ_CONSUME_CHECK_CONSUMER) timestamp=2416 ms, used_size=5494784 bytes (13.4%)
(RDMA_READ_CONSUME_CHECK_CONSUMER) timestamp=2416 ms, used_size=5492736 bytes (13.4%)
(RDMA_READ_CONSUME_CHECK_CONSUMER) timestamp=2416 ms, used_size=5490688 bytes (13.4%)
(RDMA_READ_CONSUME_CHECK_CONSUMER) timestamp=2416 ms, used_size=5488640 bytes (13.4%)
(RDMA_READ_CONSUME_CHECK_CONSUMER) timestamp=2416 ms, used_size=5486592 bytes (13.4%)
(RDMA_READ_CONSUME_CHECK_CONSUMER) timestamp=2416 ms, used_size=5484544 bytes (13.4%)
(RDMA_READ_CONSUME_CHECK_CONSUMER) timestamp=2416 ms, used_size=5482496 bytes (13.4%)
(RDMA_READ_CONSUME_CHECK_CONSUMER) timestamp=2416 ms, used_size=5480448 bytes (13.4%)
(RDMA_READ_CONSUME_CHECK_CONSUMER) timestamp=2416 ms, used_size=5478400 bytes (13.4%)
(RDMA_READ_CONSUME_CHECK_CONSUMER) timestamp=2416 ms, used_size=5476352 bytes (13.4%)
(RDMA_READ_CONSUME_CHECK_CONSUMER) timestamp=2416 ms, used_size=5474304 bytes (13.4%)
(RDMA_READ_CONSUME_CHECK_CONSUMER) timestamp=2416 ms, used_size=5472256 bytes (13.4%)
(RDMA_READ_CONSUME_CHECK_CONSUMER) timestamp=2416 ms, used_size=5470208 bytes (13.4%)
(RDMA_READ_CONSUME_CHECK_CONSUMER) timestamp=2416 ms, used_size=5468160 bytes (13.3%)
(RDMA_READ_CONSUME_CHECK_CONSUMER) timestamp=2416 ms, used_size=5466112 bytes (13.3%)
(RDMA_READ_CONSUME_CHECK_CONSUMER) timestamp=2416 ms, used_size=5464064 bytes (13.3%)
(RDMA_READ_CONSUME_CHECK_CONSUMER) timestamp=2416 ms, used_size=5462016 bytes (13.3%)
(RDMA_READ_CONSUME_CHECK_CONSUMER) timestamp=2416 ms, used_size=5459968 bytes (13.3%)
(RDMA_READ_CONSUME_CHECK_CONSUMER) timestamp=2416 ms, used_size=5457920 bytes (13.3%)
(RDMA_READ_CONSUME_CHECK_CONSUMER) timestamp=2416 ms, used_size=5455872 bytes (13.3%)
(RDMA_READ_CONSUME_CHECK_CONSUMER) timestamp=2416 ms, used_size=5453824 bytes (13.3%)
(RDMA_READ_CONSUME_CHECK_CONSUMER) timestamp=2416 ms, used_size=5451776 bytes (13.3%)
(RDMA_READ_CONSUME_CHECK_CONSUMER) timestamp=2416 ms, used_size=5449728 bytes (13.3%)
(RDMA_READ_CONSUME_CHECK_CONSUMER) timestamp=2416 ms, used_size=5447680 bytes (13.3%)
(RDMA_READ_CONSUME_CHECK_CONSUMER) timestamp=2416 ms, used_size=5445632 bytes (13.3%)
(RDMA_READ_CONSUME_CHECK_CONSUMER) timestamp=2416 ms, used_size=5443584 bytes (13.3%)
(RDMA_READ_CONSUME_CHECK_CONSUMER) timestamp=2416 ms, used_size=5441536 bytes (13.3%)
(RDMA_READ_CONSUME_CHECK_CONSUMER) timestamp=2416 ms, used_size=5439488 bytes (13.3%)
(RDMA_READ_CONSUME_CHECK_CONSUMER) timestamp=2416 ms, used_size=5437440 bytes (13.3%)
(RDMA_READ_CONSUME_CHECK_CONSUMER) timestamp=2416 ms, used_size=5435392 bytes (13.3%)
(RDMA_READ_CONSUME_CHECK_CONSUMER) timestamp=2416 ms, used_size=5433344 bytes (13.3%)
(RDMA_READ_CONSUME_CHECK_CONSUMER) timestamp=2416 ms, used_size=5431296 bytes (13.3%)
(RDMA_READ_CONSUME_CHECK_CONSUMER) timestamp=2416 ms, used_size=5429248 bytes (13.3%)
(RDMA_READ_CONSUME_CHECK_CONSUMER) timestamp=2416 ms, used_size=5427200 bytes (13.2%)
(RDMA_READ_CONSUME_CHECK_CONSUMER) timestamp=2416 ms, used_size=5425152 bytes (13.2%)
(RDMA_READ_CONSUME_CHECK_CONSUMER) timestamp=2416 ms, used_size=5423104 bytes (13.2%)
(RDMA_READ_CONSUME_CHECK_CONSUMER) timestamp=2416 ms, used_size=5421056 bytes (13.2%)
(RDMA_READ_CONSUME_CHECK_CONSUMER) timestamp=2416 ms, used_size=5419008 bytes (13.2%)
(RDMA_READ_CONSUME_CHECK_CONSUMER) timestamp=2416 ms, used_size=5416960 bytes (13.2%)
(RDMA_READ_CONSUME_CHECK_CONSUMER) timestamp=2416 ms, used_size=5414912 bytes (13.2%)
(RDMA_READ_CONSUME_CHECK_CONSUMER) timestamp=2416 ms, used_size=5412864 bytes (13.2%)
(RDMA_READ_CONSUME_CHECK_CONSUMER) timestamp=2416 ms, used_size=5410816 bytes (13.2%)
(RDMA_READ_CONSUME_CHECK_CONSUMER) timestamp=2416 ms, used_size=5408768 bytes (13.2%)
(RDMA_READ_CONSUME_CHECK_CONSUMER) timestamp=2416 ms, used_size=5406720 bytes (13.2%)
(RDMA_READ_CONSUME_CHECK_CONSUMER) timestamp=2416 ms, used_size=5404672 bytes (13.2%)
(RDMA_READ_CONSUME_CHECK_CONSUMER) timestamp=2416 ms, used_size=5402624 bytes (13.2%)
(RDMA_READ_CONSUME_CHECK_CONSUMER) timestamp=2416 ms, used_size=5400576 bytes (13.2%)
(RDMA_READ_CONSUME_CHECK_CONSUMER) timestamp=2416 ms, used_size=5398528 bytes (13.2%)
(RDMA_READ_CONSUME_CHECK_CONSUMER) timestamp=2416 ms, used_size=5396480 bytes (13.2%)
(RDMA_READ_CONSUME_CHECK_CONSUMER) timestamp=2416 ms, used_size=5394432 bytes (13.2%)
(RDMA_READ_CONSUME_CHECK_CONSUMER) timestamp=2416 ms, used_size=5392384 bytes (13.2%)
(RDMA_READ_CONSUME_CHECK_CONSUMER) timestamp=2416 ms, used_size=5390336 bytes (13.2%)
(RDMA_READ_CONSUME_CHECK_CONSUMER) timestamp=2416 ms, used_size=5388288 bytes (13.2%)
(RDMA_READ_CONSUME_CHECK_CONSUMER) timestamp=2416 ms, used_size=5386240 bytes (13.2%)
(RDMA_READ_CONSUME_CHECK_CONSUMER) timestamp=2416 ms, used_size=5384192 bytes (13.1%)
(RDMA_READ_CONSUME_CHECK_CONSUMER) timestamp=2416 ms, used_size=5382144 bytes (13.1%)
(RDMA_READ_CONSUME_CHECK_CONSUMER) timestamp=2416 ms, used_size=5380096 bytes (13.1%)
(RDMA_READ_CONSUME_CHECK_CONSUMER) timestamp=2416 ms, used_size=5378048 bytes (13.1%)
(RDMA_READ_CONSUME_CHECK_CONSUMER) timestamp=2416 ms, used_size=5376000 bytes (13.1%)
(RDMA_READ_CONSUME_CHECK_CONSUMER) timestamp=2416 ms, used_size=5373952 bytes (13.1%)
(RDMA_READ_CONSUME_CHECK_CONSUMER) timestamp=2416 ms, used_size=5371904 bytes (13.1%)
(RDMA_READ_CONSUME_CHECK_CONSUMER) timestamp=2416 ms, used_size=5369856 bytes (13.1%)
(RDMA_READ_CONSUME_CHECK_CONSUMER) timestamp=2416 ms, used_size=5367808 bytes (13.1%)
(RDMA_READ_CONSUME_CHECK_CONSUMER) timestamp=2416 ms, used_size=5365760 bytes (13.1%)
(RDMA_READ_CONSUME_CHECK_CONSUMER) timestamp=2416 ms, used_size=5363712 bytes (13.1%)
(RDMA_READ_CONSUME_CHECK_CONSUMER) timestamp=2416 ms, used_size=5361664 bytes (13.1%)
(RDMA_READ_CONSUME_CHECK_CONSUMER) timestamp=2416 ms, used_size=5359616 bytes (13.1%)
(RDMA_READ_CONSUME_CHECK_CONSUMER) timestamp=2416 ms, used_size=5357568 bytes (13.1%)
(RDMA_READ_CONSUME_CHECK_CONSUMER) timestamp=2416 ms, used_size=5355520 bytes (13.1%)
(RDMA_READ_CONSUME_CHECK_CONSUMER) timestamp=2416 ms, used_size=5353472 bytes (13.1%)
(RDMA_READ_CONSUME_CHECK_CONSUMER) timestamp=2416 ms, used_size=5351424 bytes (13.1%)
(RDMA_READ_CONSUME_CHECK_CONSUMER) timestamp=2416 ms, used_size=5349376 bytes (13.1%)
(RDMA_READ_CONSUME_CHECK_CONSUMER) timestamp=2416 ms, used_size=5347328 bytes (13.1%)
(RDMA_READ_CONSUME_CHECK_CONSUMER) timestamp=2416 ms, used_size=5345280 bytes (13.1%)
(RDMA_READ_CONSUME_CHECK_CONSUMER) timestamp=2416 ms, used_size=5343232 bytes (13.0%)
(RDMA_READ_CONSUME_CHECK_CONSUMER) timestamp=2416 ms, used_size=5341184 bytes (13.0%)
(RDMA_READ_CONSUME_CHECK_CONSUMER) timestamp=2416 ms, used_size=5339136 bytes (13.0%)
(RDMA_READ_CONSUME_CHECK_CONSUMER) timestamp=2416 ms, used_size=5337088 bytes (13.0%)
(RDMA_READ_CONSUME_CHECK_CONSUMER) timestamp=2416 ms, used_size=5335040 bytes (13.0%)
(RDMA_READ_CONSUME_CHECK_CONSUMER) timestamp=2416 ms, used_size=5332992 bytes (13.0%)
(RDMA_READ_CONSUME_CHECK_CONSUMER) timestamp=2416 ms, used_size=5330944 bytes (13.0%)
(RDMA_READ_CONSUME_CHECK_CONSUMER) timestamp=2416 ms, used_size=5328896 bytes (13.0%)
(RDMA_READ_CONSUME_CHECK_CONSUMER) timestamp=2416 ms, used_size=5326848 bytes (13.0%)
(RDMA_READ_CONSUME_CHECK_CONSUMER) timestamp=2416 ms, used_size=5324800 bytes (13.0%)
(RDMA_READ_CONSUME_CHECK_CONSUMER) timestamp=2416 ms, used_size=5322752 bytes (13.0%)
(RDMA_READ_CONSUME_CHECK_CONSUMER) timestamp=2416 ms, used_size=5320704 bytes (13.0%)
(RDMA_READ_CONSUME_CHECK_CONSUMER) timestamp=2416 ms, used_size=5318656 bytes (13.0%)
(RDMA_READ_CONSUME_CHECK_CONSUMER) timestamp=2416 ms, used_size=5316608 bytes (13.0%)
(RDMA_READ_CONSUME_CHECK_CONSUMER) timestamp=2416 ms, used_size=5314560 bytes (13.0%)
(RDMA_READ_CONSUME_CHECK_CONSUMER) timestamp=2416 ms, used_size=5312512 bytes (13.0%)
(RDMA_READ_CONSUME_CHECK_CONSUMER) timestamp=2416 ms, used_size=5310464 bytes (13.0%)
(RDMA_READ_CONSUME_CHECK_CONSUMER) timestamp=2416 ms, used_size=5308416 bytes (13.0%)
(RDMA_READ_CONSUME_CHECK_CONSUMER) timestamp=2416 ms, used_size=5306368 bytes (13.0%)
(RDMA_READ_CONSUME_CHECK_CONSUMER) timestamp=2416 ms, used_size=5304320 bytes (12.9%)
(RDMA_READ_CONSUME_CHECK_CONSUMER) timestamp=2416 ms, used_size=5302272 bytes (12.9%)
(RDMA_READ_CONSUME_CHECK_CONSUMER) timestamp=2416 ms, used_size=5300224 bytes (12.9%)
(RDMA_READ_CONSUME_CHECK_CONSUMER) timestamp=2416 ms, used_size=5298176 bytes (12.9%)
(RDMA_READ_CONSUME_CHECK_CONSUMER) timestamp=2416 ms, used_size=5296128 bytes (12.9%)
(RDMA_READ_CONSUME_CHECK_CONSUMER) timestamp=2416 ms, used_size=5294080 bytes (12.9%)
(RDMA_READ_CONSUME_CHECK_CONSUMER) timestamp=2416 ms, used_size=5292032 bytes (12.9%)
(RDMA_READ_CONSUME_CHECK_CONSUMER) timestamp=2416 ms, used_size=5289984 bytes (12.9%)
(RDMA_READ_CONSUME_CHECK_CONSUMER) timestamp=2416 ms, used_size=5287936 bytes (12.9%)
(RDMA_READ_CONSUME_CHECK_CONSUMER) timestamp=2416 ms, used_size=5285888 bytes (12.9%)
(RDMA_READ_CONSUME_CHECK_CONSUMER) timestamp=2416 ms, used_size=5283840 bytes (12.9%)
(RDMA_READ_CONSUME_CHECK_CONSUMER) timestamp=2416 ms, used_size=5281792 bytes (12.9%)
(RDMA_READ_CONSUME_CHECK_CONSUMER) timestamp=2416 ms, used_size=5279744 bytes (12.9%)
(RDMA_READ_CONSUME_CHECK_CONSUMER) timestamp=2416 ms, used_size=5277696 bytes (12.9%)
(RDMA_READ_CONSUME_CHECK_CONSUMER) timestamp=2416 ms, used_size=5275648 bytes (12.9%)
(RDMA_READ_CONSUME_CHECK_CONSUMER) timestamp=2416 ms, used_size=5273600 bytes (12.9%)
(RDMA_READ_CONSUME_CHECK_CONSUMER) timestamp=2416 ms, used_size=5271552 bytes (12.9%)
(RDMA_READ_CONSUME_CHECK_CONSUMER) timestamp=2416 ms, used_size=5269504 bytes (12.9%)
(RDMA_READ_CONSUME_CHECK_CONSUMER) timestamp=2416 ms, used_size=5267456 bytes (12.9%)
(RDMA_READ_CONSUME_CHECK_CONSUMER) timestamp=2416 ms, used_size=5265408 bytes (12.9%)
(RDMA_READ_CONSUME_CHECK_CONSUMER) timestamp=2416 ms, used_size=5263360 bytes (12.8%)
(RDMA_READ_CONSUME_CHECK_CONSUMER) timestamp=2416 ms, used_size=5261312 bytes (12.8%)
(RDMA_READ_CONSUME_CHECK_CONSUMER) timestamp=2416 ms, used_size=5259264 bytes (12.8%)
(RDMA_READ_CONSUME_CHECK_CONSUMER) timestamp=2416 ms, used_size=5257216 bytes (12.8%)
(RDMA_READ_CONSUME_CHECK_CONSUMER) timestamp=2416 ms, used_size=5255168 bytes (12.8%)
(RDMA_READ_CONSUME_CHECK_CONSUMER) timestamp=2416 ms, used_size=5253120 bytes (12.8%)
(RDMA_READ_CONSUME_CHECK_CONSUMER) timestamp=2416 ms, used_size=5251072 bytes (12.8%)
(RDMA_READ_CONSUME_CHECK_CONSUMER) timestamp=2416 ms, used_size=5249024 bytes (12.8%)
(RDMA_READ_CONSUME_CHECK_CONSUMER) timestamp=2416 ms, used_size=5246976 bytes (12.8%)
(RDMA_READ_CONSUME_CHECK_CONSUMER) timestamp=2416 ms, used_size=5244928 bytes (12.8%)
(RDMA_READ_CONSUME_CHECK_CONSUMER) timestamp=2416 ms, used_size=5242880 bytes (12.8%)
(RDMA_READ_CONSUME_CHECK_CONSUMER) timestamp=2416 ms, used_size=5240832 bytes (12.8%)
(RDMA_READ_CONSUME_CHECK_CONSUMER) timestamp=2416 ms, used_size=5238784 bytes (12.8%)
(RDMA_READ_CONSUME_CHECK_CONSUMER) timestamp=2417 ms, used_size=5236736 bytes (12.8%)
(RDMA_READ_CONSUME_CHECK_CONSUMER) timestamp=2417 ms, used_size=5234688 bytes (12.8%)
(RDMA_READ_CONSUME_CHECK_CONSUMER) timestamp=2417 ms, used_size=5232640 bytes (12.8%)
(RDMA_READ_CONSUME_CHECK_CONSUMER) timestamp=2417 ms, used_size=5230592 bytes (12.8%)
(RDMA_READ_CONSUME_CHECK_CONSUMER) timestamp=2417 ms, used_size=5228544 bytes (12.8%)
(RDMA_READ_CONSUME_CHECK_CONSUMER) timestamp=2417 ms, used_size=5226496 bytes (12.8%)
(RDMA_READ_CONSUME_CHECK_CONSUMER) timestamp=2417 ms, used_size=5224448 bytes (12.8%)
(RDMA_READ_CONSUME_CHECK_CONSUMER) timestamp=2417 ms, used_size=5222400 bytes (12.8%)
(RDMA_READ_CONSUME_CHECK_CONSUMER) timestamp=2417 ms, used_size=5220352 bytes (12.7%)
(RDMA_READ_CONSUME_CHECK_CONSUMER) timestamp=2417 ms, used_size=5218304 bytes (12.7%)
(RDMA_READ_CONSUME_CHECK_CONSUMER) timestamp=2417 ms, used_size=5216256 bytes (12.7%)
(RDMA_READ_CONSUME_CHECK_CONSUMER) timestamp=2417 ms, used_size=5214208 bytes (12.7%)
(RDMA_READ_CONSUME_CHECK_CONSUMER) timestamp=2417 ms, used_size=5212160 bytes (12.7%)
(RDMA_READ_CONSUME_CHECK_CONSUMER) timestamp=2417 ms, used_size=5210112 bytes (12.7%)
(RDMA_READ_CONSUME_CHECK_CONSUMER) timestamp=2417 ms, used_size=5208064 bytes (12.7%)
(RDMA_READ_CONSUME_CHECK_CONSUMER) timestamp=2417 ms, used_size=5206016 bytes (12.7%)
(RDMA_READ_CONSUME_CHECK_CONSUMER) timestamp=2417 ms, used_size=5203968 bytes (12.7%)
(RDMA_READ_CONSUME_CHECK_CONSUMER) timestamp=2417 ms, used_size=5201920 bytes (12.7%)
(RDMA_READ_CONSUME_CHECK_CONSUMER) timestamp=2417 ms, used_size=5199872 bytes (12.7%)
(RDMA_READ_CONSUME_CHECK_CONSUMER) timestamp=2417 ms, used_size=5197824 bytes (12.7%)
(RDMA_READ_CONSUME_CHECK_CONSUMER) timestamp=2417 ms, used_size=5195776 bytes (12.7%)
(RDMA_READ_CONSUME_CHECK_CONSUMER) timestamp=2417 ms, used_size=5193728 bytes (12.7%)
(RDMA_READ_CONSUME_CHECK_CONSUMER) timestamp=2417 ms, used_size=5191680 bytes (12.7%)
(RDMA_READ_CONSUME_CHECK_CONSUMER) timestamp=2417 ms, used_size=5189632 bytes (12.7%)
(RDMA_READ_CONSUME_CHECK_CONSUMER) timestamp=2417 ms, used_size=5187584 bytes (12.7%)
(RDMA_READ_CONSUME_CHECK_CONSUMER) timestamp=2417 ms, used_size=5185536 bytes (12.7%)
(RDMA_READ_CONSUME_CHECK_CONSUMER) timestamp=2417 ms, used_size=5183488 bytes (12.7%)
(RDMA_READ_CONSUME_CHECK_CONSUMER) timestamp=2417 ms, used_size=5181440 bytes (12.7%)
(RDMA_READ_CONSUME_CHECK_CONSUMER) timestamp=2417 ms, used_size=5179392 bytes (12.6%)
(RDMA_READ_CONSUME_CHECK_CONSUMER) timestamp=2417 ms, used_size=5177344 bytes (12.6%)
(RDMA_READ_CONSUME_CHECK_CONSUMER) timestamp=2417 ms, used_size=5175296 bytes (12.6%)
(RDMA_READ_CONSUME_CHECK_CONSUMER) timestamp=2417 ms, used_size=5173248 bytes (12.6%)
(RDMA_READ_CONSUME_CHECK_CONSUMER) timestamp=2417 ms, used_size=5171200 bytes (12.6%)
(RDMA_READ_CONSUME_CHECK_CONSUMER) timestamp=2417 ms, used_size=5169152 bytes (12.6%)
(RDMA_READ_CONSUME_CHECK_CONSUMER) timestamp=2417 ms, used_size=5167104 bytes (12.6%)
(RDMA_READ_CONSUME_CHECK_CONSUMER) timestamp=2417 ms, used_size=5165056 bytes (12.6%)
(RDMA_READ_CONSUME_CHECK_CONSUMER) timestamp=2417 ms, used_size=5163008 bytes (12.6%)
(RDMA_READ_CONSUME_CHECK_CONSUMER) timestamp=2417 ms, used_size=5160960 bytes (12.6%)
(RDMA_READ_CONSUME_CHECK_CONSUMER) timestamp=2417 ms, used_size=5158912 bytes (12.6%)
(RDMA_READ_CONSUME_CHECK_CONSUMER) timestamp=2417 ms, used_size=5156864 bytes (12.6%)
(RDMA_READ_CONSUME_CHECK_CONSUMER) timestamp=2417 ms, used_size=5154816 bytes (12.6%)
(RDMA_READ_CONSUME_CHECK_CONSUMER) timestamp=2417 ms, used_size=5152768 bytes (12.6%)
(RDMA_READ_CONSUME_CHECK_CONSUMER) timestamp=2417 ms, used_size=5150720 bytes (12.6%)
(RDMA_READ_CONSUME_CHECK_CONSUMER) timestamp=2417 ms, used_size=5148672 bytes (12.6%)
(RDMA_READ_CONSUME_CHECK_CONSUMER) timestamp=2417 ms, used_size=5146624 bytes (12.6%)
(RDMA_READ_CONSUME_CHECK_CONSUMER) timestamp=2417 ms, used_size=5144576 bytes (12.6%)
(RDMA_READ_CONSUME_CHECK_CONSUMER) timestamp=2417 ms, used_size=5142528 bytes (12.6%)
(RDMA_READ_CONSUME_CHECK_CONSUMER) timestamp=2417 ms, used_size=5140480 bytes (12.6%)
(RDMA_READ_CONSUME_CHECK_CONSUMER) timestamp=2417 ms, used_size=5138432 bytes (12.5%)
(RDMA_READ_CONSUME_CHECK_CONSUMER) timestamp=2417 ms, used_size=5136384 bytes (12.5%)
(RDMA_READ_CONSUME_CHECK_CONSUMER) timestamp=2417 ms, used_size=5134336 bytes (12.5%)
(RDMA_READ_CONSUME_CHECK_CONSUMER) timestamp=2417 ms, used_size=5132288 bytes (12.5%)
(RDMA_READ_CONSUME_CHECK_CONSUMER) timestamp=2417 ms, used_size=5130240 bytes (12.5%)
(RDMA_READ_CONSUME_CHECK_CONSUMER) timestamp=2417 ms, used_size=5128192 bytes (12.5%)
(RDMA_READ_CONSUME_CHECK_CONSUMER) timestamp=2417 ms, used_size=5126144 bytes (12.5%)
(RDMA_READ_CONSUME_CHECK_CONSUMER) timestamp=2417 ms, used_size=5124096 bytes (12.5%)
(RDMA_READ_CONSUME_CHECK_CONSUMER) timestamp=2417 ms, used_size=5122048 bytes (12.5%)
(RDMA_READ_CONSUME_CHECK_CONSUMER) timestamp=2417 ms, used_size=5120000 bytes (12.5%)
(RDMA_READ_CONSUME_CHECK_CONSUMER) timestamp=2417 ms, used_size=5117952 bytes (12.5%)
(RDMA_READ_CONSUME_CHECK_CONSUMER) timestamp=2417 ms, used_size=5115904 bytes (12.5%)
(RDMA_READ_CONSUME_CHECK_CONSUMER) timestamp=2417 ms, used_size=5113856 bytes (12.5%)
(RDMA_READ_CONSUME_CHECK_CONSUMER) timestamp=2417 ms, used_size=5111808 bytes (12.5%)
(RDMA_READ_CONSUME_CHECK_CONSUMER) timestamp=2417 ms, used_size=5109760 bytes (12.5%)
(RDMA_READ_CONSUME_CHECK_CONSUMER) timestamp=2417 ms, used_size=5107712 bytes (12.5%)
(RDMA_READ_CONSUME_CHECK_CONSUMER) timestamp=2417 ms, used_size=5105664 bytes (12.5%)
(RDMA_READ_CONSUME_CHECK_CONSUMER) timestamp=2417 ms, used_size=5103616 bytes (12.5%)
(RDMA_READ_CONSUME_CHECK_CONSUMER) timestamp=2417 ms, used_size=5101568 bytes (12.5%)
(RDMA_READ_CONSUME_CHECK_CONSUMER) timestamp=2417 ms, used_size=5099520 bytes (12.4%)
(RDMA_READ_CONSUME_CHECK_CONSUMER) timestamp=2417 ms, used_size=5097472 bytes (12.4%)
(RDMA_READ_CONSUME_CHECK_CONSUMER) timestamp=2417 ms, used_size=5095424 bytes (12.4%)
(RDMA_READ_CONSUME_CHECK_CONSUMER) timestamp=2417 ms, used_size=5093376 bytes (12.4%)
(RDMA_READ_CONSUME_CHECK_CONSUMER) timestamp=2417 ms, used_size=5091328 bytes (12.4%)
(RDMA_READ_CONSUME_CHECK_CONSUMER) timestamp=2417 ms, used_size=5089280 bytes (12.4%)
(RDMA_READ_CONSUME_CHECK_CONSUMER) timestamp=2417 ms, used_size=5087232 bytes (12.4%)
(RDMA_READ_CONSUME_CHECK_CONSUMER) timestamp=2417 ms, used_size=5085184 bytes (12.4%)
(RDMA_READ_CONSUME_CHECK_CONSUMER) timestamp=2417 ms, used_size=5083136 bytes (12.4%)
(RDMA_READ_CONSUME_CHECK_CONSUMER) timestamp=2417 ms, used_size=5081088 bytes (12.4%)
(RDMA_READ_CONSUME_CHECK_CONSUMER) timestamp=2417 ms, used_size=5079040 bytes (12.4%)
(RDMA_READ_CONSUME_CHECK_CONSUMER) timestamp=2417 ms, used_size=5076992 bytes (12.4%)
(RDMA_READ_CONSUME_CHECK_CONSUMER) timestamp=2417 ms, used_size=5074944 bytes (12.4%)
(RDMA_READ_CONSUME_CHECK_CONSUMER) timestamp=2417 ms, used_size=5072896 bytes (12.4%)
(RDMA_READ_CONSUME_CHECK_CONSUMER) timestamp=2417 ms, used_size=5070848 bytes (12.4%)
(RDMA_READ_CONSUME_CHECK_CONSUMER) timestamp=2417 ms, used_size=5068800 bytes (12.4%)
(RDMA_READ_CONSUME_CHECK_CONSUMER) timestamp=2417 ms, used_size=5066752 bytes (12.4%)
(RDMA_READ_CONSUME_CHECK_CONSUMER) timestamp=2417 ms, used_size=5064704 bytes (12.4%)
(RDMA_READ_CONSUME_CHECK_CONSUMER) timestamp=2417 ms, used_size=5062656 bytes (12.4%)
(RDMA_READ_CONSUME_CHECK_CONSUMER) timestamp=2417 ms, used_size=5060608 bytes (12.4%)
(RDMA_READ_CONSUME_CHECK_CONSUMER) timestamp=2417 ms, used_size=5058560 bytes (12.3%)
(RDMA_READ_CONSUME_CHECK_CONSUMER) timestamp=2417 ms, used_size=5056512 bytes (12.3%)
(RDMA_READ_CONSUME_CHECK_CONSUMER) timestamp=2417 ms, used_size=5054464 bytes (12.3%)
(RDMA_READ_CONSUME_CHECK_CONSUMER) timestamp=2417 ms, used_size=5052416 bytes (12.3%)
(RDMA_READ_CONSUME_CHECK_CONSUMER) timestamp=2417 ms, used_size=5050368 bytes (12.3%)
(RDMA_READ_CONSUME_CHECK_CONSUMER) timestamp=2417 ms, used_size=5048320 bytes (12.3%)
(RDMA_READ_CONSUME_CHECK_CONSUMER) timestamp=2417 ms, used_size=5046272 bytes (12.3%)
(RDMA_READ_CONSUME_CHECK_CONSUMER) timestamp=2417 ms, used_size=5044224 bytes (12.3%)
(RDMA_READ_CONSUME_CHECK_CONSUMER) timestamp=2417 ms, used_size=5042176 bytes (12.3%)
(RDMA_READ_CONSUME_CHECK_CONSUMER) timestamp=2417 ms, used_size=5040128 bytes (12.3%)
(RDMA_READ_CONSUME_CHECK_CONSUMER) timestamp=2417 ms, used_size=5038080 bytes (12.3%)
(RDMA_READ_CONSUME_CHECK_CONSUMER) timestamp=2417 ms, used_size=5036032 bytes (12.3%)
(RDMA_READ_CONSUME_CHECK_CONSUMER) timestamp=2417 ms, used_size=5033984 bytes (12.3%)
(RDMA_READ_CONSUME_CHECK_CONSUMER) timestamp=2417 ms, used_size=5031936 bytes (12.3%)
(RDMA_READ_CONSUME_CHECK_CONSUMER) timestamp=2417 ms, used_size=5029888 bytes (12.3%)
(RDMA_READ_CONSUME_CHECK_CONSUMER) timestamp=2417 ms, used_size=5027840 bytes (12.3%)
(RDMA_READ_CONSUME_CHECK_CONSUMER) timestamp=2417 ms, used_size=5025792 bytes (12.3%)
(RDMA_READ_CONSUME_CHECK_CONSUMER) timestamp=2417 ms, used_size=5023744 bytes (12.3%)
(RDMA_READ_CONSUME_CHECK_CONSUMER) timestamp=2417 ms, used_size=5021696 bytes (12.3%)
(RDMA_READ_CONSUME_CHECK_CONSUMER) timestamp=2417 ms, used_size=5019648 bytes (12.3%)
(RDMA_READ_CONSUME_CHECK_CONSUMER) timestamp=2417 ms, used_size=5017600 bytes (12.2%)
(RDMA_READ_CONSUME_CHECK_CONSUMER) timestamp=2417 ms, used_size=5015552 bytes (12.2%)
(RDMA_READ_CONSUME_CHECK_CONSUMER) timestamp=2417 ms, used_size=5013504 bytes (12.2%)
(RDMA_READ_CONSUME_CHECK_CONSUMER) timestamp=2417 ms, used_size=5011456 bytes (12.2%)
(RDMA_READ_CONSUME_CHECK_CONSUMER) timestamp=2417 ms, used_size=5009408 bytes (12.2%)
(RDMA_READ_CONSUME_CHECK_CONSUMER) timestamp=2417 ms, used_size=5007360 bytes (12.2%)
(RDMA_READ_CONSUME_CHECK_CONSUMER) timestamp=2417 ms, used_size=5005312 bytes (12.2%)
(RDMA_READ_CONSUME_CHECK_CONSUMER) timestamp=2417 ms, used_size=5003264 bytes (12.2%)
(RDMA_READ_CONSUME_CHECK_CONSUMER) timestamp=2417 ms, used_size=5001216 bytes (12.2%)
(RDMA_READ_CONSUME_CHECK_CONSUMER) timestamp=2417 ms, used_size=4999168 bytes (12.2%)
(RDMA_READ_CONSUME_CHECK_CONSUMER) timestamp=2417 ms, used_size=4997120 bytes (12.2%)
(RDMA_READ_CONSUME_CHECK_CONSUMER) timestamp=2417 ms, used_size=4995072 bytes (12.2%)
(RDMA_READ_CONSUME_CHECK_CONSUMER) timestamp=2417 ms, used_size=4993024 bytes (12.2%)
(RDMA_READ_CONSUME_CHECK_CONSUMER) timestamp=2417 ms, used_size=4990976 bytes (12.2%)
(RDMA_READ_CONSUME_CHECK_CONSUMER) timestamp=2417 ms, used_size=4988928 bytes (12.2%)
(RDMA_READ_CONSUME_CHECK_CONSUMER) timestamp=2417 ms, used_size=4986880 bytes (12.2%)
(RDMA_READ_CONSUME_CHECK_CONSUMER) timestamp=2417 ms, used_size=4984832 bytes (12.2%)
(RDMA_READ_CONSUME_CHECK_CONSUMER) timestamp=2417 ms, used_size=4982784 bytes (12.2%)
(RDMA_READ_CONSUME_CHECK_CONSUMER) timestamp=2417 ms, used_size=4980736 bytes (12.2%)
(RDMA_READ_CONSUME_CHECK_CONSUMER) timestamp=2417 ms, used_size=4978688 bytes (12.2%)
(RDMA_READ_CONSUME_CHECK_CONSUMER) timestamp=2417 ms, used_size=4976640 bytes (12.2%)
(RDMA_READ_CONSUME_CHECK_CONSUMER) timestamp=2417 ms, used_size=4974592 bytes (12.1%)
(RDMA_READ_CONSUME_CHECK_CONSUMER) timestamp=2417 ms, used_size=4972544 bytes (12.1%)
(RDMA_READ_CONSUME_CHECK_CONSUMER) timestamp=2417 ms, used_size=4970496 bytes (12.1%)
(RDMA_READ_CONSUME_CHECK_CONSUMER) timestamp=2417 ms, used_size=4968448 bytes (12.1%)
(RDMA_READ_CONSUME_CHECK_CONSUMER) timestamp=2417 ms, used_size=4966400 bytes (12.1%)
(RDMA_READ_CONSUME_CHECK_CONSUMER) timestamp=2417 ms, used_size=4964352 bytes (12.1%)
(RDMA_READ_CONSUME_CHECK_CONSUMER) timestamp=2417 ms, used_size=4962304 bytes (12.1%)
(RDMA_READ_CONSUME_CHECK_CONSUMER) timestamp=2417 ms, used_size=4960256 bytes (12.1%)
(RDMA_READ_CONSUME_CHECK_CONSUMER) timestamp=2417 ms, used_size=4958208 bytes (12.1%)
(RDMA_READ_CONSUME_CHECK_CONSUMER) timestamp=2417 ms, used_size=4956160 bytes (12.1%)
(RDMA_READ_CONSUME_CHECK_CONSUMER) timestamp=2417 ms, used_size=4954112 bytes (12.1%)
(RDMA_READ_CONSUME_CHECK_CONSUMER) timestamp=2417 ms, used_size=4952064 bytes (12.1%)
(RDMA_READ_CONSUME_CHECK_CONSUMER) timestamp=2417 ms, used_size=4950016 bytes (12.1%)
(RDMA_READ_CONSUME_CHECK_CONSUMER) timestamp=2417 ms, used_size=4947968 bytes (12.1%)
(RDMA_READ_CONSUME_CHECK_CONSUMER) timestamp=2417 ms, used_size=4945920 bytes (12.1%)
(RDMA_READ_CONSUME_CHECK_CONSUMER) timestamp=2417 ms, used_size=4943872 bytes (12.1%)
(RDMA_READ_CONSUME_CHECK_CONSUMER) timestamp=2417 ms, used_size=4941824 bytes (12.1%)
(RDMA_READ_CONSUME_CHECK_CONSUMER) timestamp=2417 ms, used_size=4939776 bytes (12.1%)
(RDMA_READ_CONSUME_CHECK_CONSUMER) timestamp=2417 ms, used_size=4937728 bytes (12.1%)
(RDMA_READ_CONSUME_CHECK_CONSUMER) timestamp=2417 ms, used_size=4935680 bytes (12.1%)
(RDMA_READ_CONSUME_CHECK_CONSUMER) timestamp=2417 ms, used_size=4933632 bytes (12.0%)
(RDMA_READ_CONSUME_CHECK_CONSUMER) timestamp=2417 ms, used_size=4931584 bytes (12.0%)
(RDMA_READ_CONSUME_CHECK_CONSUMER) timestamp=2417 ms, used_size=4929536 bytes (12.0%)
(RDMA_READ_CONSUME_CHECK_CONSUMER) timestamp=2417 ms, used_size=4927488 bytes (12.0%)
(RDMA_READ_CONSUME_CHECK_CONSUMER) timestamp=2417 ms, used_size=4925440 bytes (12.0%)
(RDMA_READ_CONSUME_CHECK_CONSUMER) timestamp=2417 ms, used_size=4923392 bytes (12.0%)
(RDMA_READ_CONSUME_CHECK_CONSUMER) timestamp=2417 ms, used_size=4921344 bytes (12.0%)
(RDMA_READ_CONSUME_CHECK_CONSUMER) timestamp=2417 ms, used_size=4919296 bytes (12.0%)
(RDMA_READ_CONSUME_CHECK_CONSUMER) timestamp=2417 ms, used_size=4917248 bytes (12.0%)
(RDMA_READ_CONSUME_CHECK_CONSUMER) timestamp=2417 ms, used_size=4915200 bytes (12.0%)
(RDMA_READ_CONSUME_CHECK_CONSUMER) timestamp=2417 ms, used_size=4913152 bytes (12.0%)
(RDMA_READ_CONSUME_CHECK_CONSUMER) timestamp=2417 ms, used_size=4911104 bytes (12.0%)
(RDMA_READ_CONSUME_CHECK_CONSUMER) timestamp=2417 ms, used_size=4909056 bytes (12.0%)
(RDMA_READ_CONSUME_CHECK_CONSUMER) timestamp=2417 ms, used_size=4907008 bytes (12.0%)
(RDMA_READ_CONSUME_CHECK_CONSUMER) timestamp=2417 ms, used_size=4904960 bytes (12.0%)
(RDMA_READ_CONSUME_CHECK_CONSUMER) timestamp=2417 ms, used_size=4902912 bytes (12.0%)
(RDMA_READ_CONSUME_CHECK_CONSUMER) timestamp=2417 ms, used_size=4900864 bytes (12.0%)
(RDMA_READ_CONSUME_CHECK_CONSUMER) timestamp=2417 ms, used_size=4898816 bytes (12.0%)
(RDMA_READ_CONSUME_CHECK_CONSUMER) timestamp=2417 ms, used_size=4896768 bytes (12.0%)
(RDMA_READ_CONSUME_CHECK_CONSUMER) timestamp=2417 ms, used_size=4894720 bytes (11.9%)
(RDMA_READ_CONSUME_CHECK_CONSUMER) timestamp=2417 ms, used_size=4892672 bytes (11.9%)
(RDMA_READ_CONSUME_CHECK_CONSUMER) timestamp=2417 ms, used_size=4890624 bytes (11.9%)
(RDMA_READ_CONSUME_CHECK_CONSUMER) timestamp=2417 ms, used_size=4888576 bytes (11.9%)
(RDMA_READ_CONSUME_CHECK_CONSUMER) timestamp=2417 ms, used_size=4886528 bytes (11.9%)
(RDMA_READ_CONSUME_CHECK_CONSUMER) timestamp=2417 ms, used_size=4884480 bytes (11.9%)
(RDMA_READ_CONSUME_CHECK_CONSUMER) timestamp=2417 ms, used_size=4882432 bytes (11.9%)
(RDMA_READ_CONSUME_CHECK_CONSUMER) timestamp=2417 ms, used_size=4880384 bytes (11.9%)
(RDMA_READ_CONSUME_CHECK_CONSUMER) timestamp=2417 ms, used_size=4878336 bytes (11.9%)
(RDMA_READ_CONSUME_CHECK_CONSUMER) timestamp=2417 ms, used_size=4876288 bytes (11.9%)
(RDMA_READ_CONSUME_CHECK_CONSUMER) timestamp=2417 ms, used_size=4874240 bytes (11.9%)
(RDMA_READ_CONSUME_CHECK_CONSUMER) timestamp=2417 ms, used_size=4872192 bytes (11.9%)
(RDMA_READ_CONSUME_CHECK_CONSUMER) timestamp=2417 ms, used_size=4870144 bytes (11.9%)
(RDMA_READ_CONSUME_CHECK_CONSUMER) timestamp=2418 ms, used_size=4868096 bytes (11.9%)
(RDMA_READ_CONSUME_CHECK_CONSUMER) timestamp=2418 ms, used_size=4866048 bytes (11.9%)
(RDMA_READ_CONSUME_CHECK_CONSUMER) timestamp=2418 ms, used_size=4864000 bytes (11.9%)
(RDMA_READ_CONSUME_CHECK_CONSUMER) timestamp=2418 ms, used_size=4861952 bytes (11.9%)
(RDMA_READ_CONSUME_CHECK_CONSUMER) timestamp=2418 ms, used_size=4859904 bytes (11.9%)
(RDMA_READ_CONSUME_CHECK_CONSUMER) timestamp=2418 ms, used_size=4857856 bytes (11.9%)
(RDMA_READ_CONSUME_CHECK_CONSUMER) timestamp=2418 ms, used_size=4855808 bytes (11.9%)
(RDMA_READ_CONSUME_CHECK_CONSUMER) timestamp=2418 ms, used_size=4853760 bytes (11.8%)
(RDMA_READ_CONSUME_CHECK_CONSUMER) timestamp=2418 ms, used_size=4851712 bytes (11.8%)
(RDMA_READ_CONSUME_CHECK_CONSUMER) timestamp=2418 ms, used_size=4849664 bytes (11.8%)
(RDMA_READ_CONSUME_CHECK_CONSUMER) timestamp=2418 ms, used_size=4847616 bytes (11.8%)
(RDMA_READ_CONSUME_CHECK_CONSUMER) timestamp=2418 ms, used_size=4845568 bytes (11.8%)
(RDMA_READ_CONSUME_CHECK_CONSUMER) timestamp=2418 ms, used_size=4843520 bytes (11.8%)
(RDMA_READ_CONSUME_CHECK_CONSUMER) timestamp=2418 ms, used_size=4841472 bytes (11.8%)
(RDMA_READ_CONSUME_CHECK_CONSUMER) timestamp=2418 ms, used_size=4839424 bytes (11.8%)
(RDMA_READ_CONSUME_CHECK_CONSUMER) timestamp=2418 ms, used_size=4837376 bytes (11.8%)
(RDMA_READ_CONSUME_CHECK_CONSUMER) timestamp=2418 ms, used_size=4835328 bytes (11.8%)
(RDMA_READ_CONSUME_CHECK_CONSUMER) timestamp=2418 ms, used_size=4833280 bytes (11.8%)
(RDMA_READ_CONSUME_CHECK_CONSUMER) timestamp=2418 ms, used_size=4831232 bytes (11.8%)
(RDMA_READ_CONSUME_CHECK_CONSUMER) timestamp=2418 ms, used_size=4829184 bytes (11.8%)
(RDMA_READ_CONSUME_CHECK_CONSUMER) timestamp=2418 ms, used_size=4827136 bytes (11.8%)
(RDMA_READ_CONSUME_CHECK_CONSUMER) timestamp=2418 ms, used_size=4825088 bytes (11.8%)
(RDMA_READ_CONSUME_CHECK_CONSUMER) timestamp=2418 ms, used_size=4823040 bytes (11.8%)
(RDMA_READ_CONSUME_CHECK_CONSUMER) timestamp=2418 ms, used_size=4820992 bytes (11.8%)
(RDMA_READ_CONSUME_CHECK_CONSUMER) timestamp=2418 ms, used_size=4818944 bytes (11.8%)
(RDMA_READ_CONSUME_CHECK_CONSUMER) timestamp=2418 ms, used_size=4816896 bytes (11.8%)
(RDMA_READ_CONSUME_CHECK_CONSUMER) timestamp=2418 ms, used_size=4814848 bytes (11.8%)
(RDMA_READ_CONSUME_CHECK_CONSUMER) timestamp=2418 ms, used_size=4812800 bytes (11.8%)
(RDMA_READ_CONSUME_CHECK_CONSUMER) timestamp=2418 ms, used_size=4810752 bytes (11.7%)
(RDMA_READ_CONSUME_CHECK_CONSUMER) timestamp=2418 ms, used_size=4808704 bytes (11.7%)
(RDMA_READ_CONSUME_CHECK_CONSUMER) timestamp=2418 ms, used_size=4806656 bytes (11.7%)
(RDMA_READ_CONSUME_CHECK_CONSUMER) timestamp=2418 ms, used_size=4804608 bytes (11.7%)
(RDMA_READ_CONSUME_CHECK_CONSUMER) timestamp=2418 ms, used_size=4802560 bytes (11.7%)
(RDMA_READ_CONSUME_CHECK_CONSUMER) timestamp=2418 ms, used_size=4800512 bytes (11.7%)
(RDMA_READ_CONSUME_CHECK_CONSUMER) timestamp=2418 ms, used_size=4798464 bytes (11.7%)
(RDMA_READ_CONSUME_CHECK_CONSUMER) timestamp=2418 ms, used_size=4796416 bytes (11.7%)
(RDMA_READ_CONSUME_CHECK_CONSUMER) timestamp=2418 ms, used_size=4794368 bytes (11.7%)
(RDMA_READ_CONSUME_CHECK_CONSUMER) timestamp=2418 ms, used_size=4792320 bytes (11.7%)
(RDMA_READ_CONSUME_CHECK_CONSUMER) timestamp=2418 ms, used_size=4790272 bytes (11.7%)
(RDMA_READ_CONSUME_CHECK_CONSUMER) timestamp=2418 ms, used_size=4788224 bytes (11.7%)
(RDMA_READ_CONSUME_CHECK_CONSUMER) timestamp=2418 ms, used_size=4786176 bytes (11.7%)
(RDMA_READ_CONSUME_CHECK_CONSUMER) timestamp=2418 ms, used_size=4784128 bytes (11.7%)
(RDMA_READ_CONSUME_CHECK_CONSUMER) timestamp=2418 ms, used_size=4782080 bytes (11.7%)
(RDMA_READ_CONSUME_CHECK_CONSUMER) timestamp=2418 ms, used_size=4780032 bytes (11.7%)
(RDMA_READ_CONSUME_CHECK_CONSUMER) timestamp=2418 ms, used_size=4777984 bytes (11.7%)
(RDMA_READ_CONSUME_CHECK_CONSUMER) timestamp=2418 ms, used_size=4775936 bytes (11.7%)
(RDMA_READ_CONSUME_CHECK_CONSUMER) timestamp=2418 ms, used_size=4773888 bytes (11.7%)
(RDMA_READ_CONSUME_CHECK_CONSUMER) timestamp=2418 ms, used_size=4771840 bytes (11.7%)
(RDMA_READ_CONSUME_CHECK_CONSUMER) timestamp=2418 ms, used_size=4769792 bytes (11.6%)
(RDMA_READ_CONSUME_CHECK_CONSUMER) timestamp=2418 ms, used_size=4767744 bytes (11.6%)
(RDMA_READ_CONSUME_CHECK_CONSUMER) timestamp=2418 ms, used_size=4765696 bytes (11.6%)
(RDMA_READ_CONSUME_CHECK_CONSUMER) timestamp=2418 ms, used_size=4763648 bytes (11.6%)
(RDMA_READ_CONSUME_CHECK_CONSUMER) timestamp=2418 ms, used_size=4761600 bytes (11.6%)
(RDMA_READ_CONSUME_CHECK_CONSUMER) timestamp=2418 ms, used_size=4759552 bytes (11.6%)
(RDMA_READ_CONSUME_CHECK_CONSUMER) timestamp=2418 ms, used_size=4757504 bytes (11.6%)
(RDMA_READ_CONSUME_CHECK_CONSUMER) timestamp=2418 ms, used_size=4755456 bytes (11.6%)
(RDMA_READ_CONSUME_CHECK_CONSUMER) timestamp=2418 ms, used_size=4753408 bytes (11.6%)
(RDMA_READ_CONSUME_CHECK_CONSUMER) timestamp=2418 ms, used_size=4751360 bytes (11.6%)
(RDMA_READ_CONSUME_CHECK_CONSUMER) timestamp=2418 ms, used_size=4749312 bytes (11.6%)
(RDMA_READ_CONSUME_CHECK_CONSUMER) timestamp=2418 ms, used_size=4747264 bytes (11.6%)
(RDMA_READ_CONSUME_CHECK_CONSUMER) timestamp=2418 ms, used_size=4745216 bytes (11.6%)
(RDMA_READ_CONSUME_CHECK_CONSUMER) timestamp=2418 ms, used_size=4743168 bytes (11.6%)
(RDMA_READ_CONSUME_CHECK_CONSUMER) timestamp=2418 ms, used_size=4741120 bytes (11.6%)
(RDMA_READ_CONSUME_CHECK_CONSUMER) timestamp=2418 ms, used_size=4739072 bytes (11.6%)
(RDMA_READ_CONSUME_CHECK_CONSUMER) timestamp=2418 ms, used_size=4737024 bytes (11.6%)
(RDMA_READ_CONSUME_CHECK_CONSUMER) timestamp=2418 ms, used_size=4734976 bytes (11.6%)
(RDMA_READ_CONSUME_CHECK_CONSUMER) timestamp=2418 ms, used_size=4732928 bytes (11.6%)
(RDMA_READ_CONSUME_CHECK_CONSUMER) timestamp=2418 ms, used_size=4730880 bytes (11.6%)
(RDMA_READ_CONSUME_CHECK_CONSUMER) timestamp=2418 ms, used_size=4728832 bytes (11.5%)
(RDMA_READ_CONSUME_CHECK_CONSUMER) timestamp=2418 ms, used_size=4726784 bytes (11.5%)
(RDMA_READ_CONSUME_CHECK_CONSUMER) timestamp=2418 ms, used_size=4724736 bytes (11.5%)
(RDMA_READ_CONSUME_CHECK_CONSUMER) timestamp=2418 ms, used_size=4722688 bytes (11.5%)
(RDMA_READ_CONSUME_CHECK_CONSUMER) timestamp=2418 ms, used_size=4720640 bytes (11.5%)
(RDMA_READ_CONSUME_CHECK_CONSUMER) timestamp=2418 ms, used_size=4718592 bytes (11.5%)
(RDMA_READ_CONSUME_CHECK_CONSUMER) timestamp=2418 ms, used_size=4716544 bytes (11.5%)
(RDMA_READ_CONSUME_CHECK_CONSUMER) timestamp=2418 ms, used_size=4714496 bytes (11.5%)
(RDMA_READ_CONSUME_CHECK_CONSUMER) timestamp=2418 ms, used_size=4712448 bytes (11.5%)
(RDMA_READ_CONSUME_CHECK_CONSUMER) timestamp=2418 ms, used_size=4710400 bytes (11.5%)
(RDMA_READ_CONSUME_CHECK_CONSUMER) timestamp=2418 ms, used_size=4708352 bytes (11.5%)
(RDMA_READ_CONSUME_CHECK_CONSUMER) timestamp=2418 ms, used_size=4706304 bytes (11.5%)
(RDMA_READ_CONSUME_CHECK_CONSUMER) timestamp=2418 ms, used_size=4704256 bytes (11.5%)
(RDMA_READ_CONSUME_CHECK_CONSUMER) timestamp=2418 ms, used_size=4702208 bytes (11.5%)
(RDMA_READ_CONSUME_CHECK_CONSUMER) timestamp=2418 ms, used_size=4700160 bytes (11.5%)
(RDMA_READ_CONSUME_CHECK_CONSUMER) timestamp=2418 ms, used_size=4698112 bytes (11.5%)
(RDMA_READ_CONSUME_CHECK_CONSUMER) timestamp=2418 ms, used_size=4696064 bytes (11.5%)
(RDMA_READ_CONSUME_CHECK_CONSUMER) timestamp=2418 ms, used_size=4694016 bytes (11.5%)
(RDMA_READ_CONSUME_CHECK_CONSUMER) timestamp=2418 ms, used_size=4691968 bytes (11.5%)
(RDMA_READ_CONSUME_CHECK_CONSUMER) timestamp=2418 ms, used_size=4689920 bytes (11.4%)
(RDMA_READ_CONSUME_CHECK_CONSUMER) timestamp=2418 ms, used_size=4687872 bytes (11.4%)
(RDMA_READ_CONSUME_CHECK_CONSUMER) timestamp=2418 ms, used_size=4685824 bytes (11.4%)
(RDMA_READ_CONSUME_CHECK_CONSUMER) timestamp=2418 ms, used_size=4683776 bytes (11.4%)
(RDMA_READ_CONSUME_CHECK_CONSUMER) timestamp=2418 ms, used_size=4681728 bytes (11.4%)
(RDMA_READ_CONSUME_CHECK_CONSUMER) timestamp=2418 ms, used_size=4679680 bytes (11.4%)
(RDMA_READ_CONSUME_CHECK_CONSUMER) timestamp=2418 ms, used_size=4677632 bytes (11.4%)
(RDMA_READ_CONSUME_CHECK_CONSUMER) timestamp=2418 ms, used_size=4675584 bytes (11.4%)
(RDMA_READ_CONSUME_CHECK_CONSUMER) timestamp=2418 ms, used_size=4673536 bytes (11.4%)
(RDMA_READ_CONSUME_CHECK_CONSUMER) timestamp=2418 ms, used_size=4671488 bytes (11.4%)
(RDMA_READ_CONSUME_CHECK_CONSUMER) timestamp=2418 ms, used_size=4669440 bytes (11.4%)
(RDMA_READ_CONSUME_CHECK_CONSUMER) timestamp=2418 ms, used_size=4667392 bytes (11.4%)
(RDMA_READ_CONSUME_CHECK_CONSUMER) timestamp=2418 ms, used_size=4665344 bytes (11.4%)
(RDMA_READ_CONSUME_CHECK_CONSUMER) timestamp=2418 ms, used_size=4663296 bytes (11.4%)
(RDMA_READ_CONSUME_CHECK_CONSUMER) timestamp=2418 ms, used_size=4661248 bytes (11.4%)
(RDMA_READ_CONSUME_CHECK_CONSUMER) timestamp=2418 ms, used_size=4659200 bytes (11.4%)
(RDMA_READ_CONSUME_CHECK_CONSUMER) timestamp=2418 ms, used_size=4657152 bytes (11.4%)
(RDMA_READ_CONSUME_CHECK_CONSUMER) timestamp=2418 ms, used_size=4655104 bytes (11.4%)
(RDMA_READ_CONSUME_CHECK_CONSUMER) timestamp=2418 ms, used_size=4653056 bytes (11.4%)
(RDMA_READ_CONSUME_CHECK_CONSUMER) timestamp=2418 ms, used_size=4651008 bytes (11.4%)
(RDMA_READ_CONSUME_CHECK_CONSUMER) timestamp=2418 ms, used_size=4648960 bytes (11.3%)
(RDMA_READ_CONSUME_CHECK_CONSUMER) timestamp=2418 ms, used_size=4646912 bytes (11.3%)
(RDMA_READ_CONSUME_CHECK_CONSUMER) timestamp=2418 ms, used_size=4644864 bytes (11.3%)
(RDMA_READ_CONSUME_CHECK_CONSUMER) timestamp=2418 ms, used_size=4642816 bytes (11.3%)
(RDMA_READ_CONSUME_CHECK_CONSUMER) timestamp=2418 ms, used_size=4640768 bytes (11.3%)
(RDMA_READ_CONSUME_CHECK_CONSUMER) timestamp=2418 ms, used_size=4638720 bytes (11.3%)
(RDMA_READ_CONSUME_CHECK_CONSUMER) timestamp=2418 ms, used_size=4636672 bytes (11.3%)
(RDMA_READ_CONSUME_CHECK_CONSUMER) timestamp=2418 ms, used_size=4634624 bytes (11.3%)
(RDMA_READ_CONSUME_CHECK_CONSUMER) timestamp=2418 ms, used_size=4632576 bytes (11.3%)
(RDMA_READ_CONSUME_CHECK_CONSUMER) timestamp=2418 ms, used_size=4630528 bytes (11.3%)
(RDMA_READ_CONSUME_CHECK_CONSUMER) timestamp=2418 ms, used_size=4628480 bytes (11.3%)
(RDMA_READ_CONSUME_CHECK_CONSUMER) timestamp=2418 ms, used_size=4626432 bytes (11.3%)
(RDMA_READ_CONSUME_CHECK_CONSUMER) timestamp=2418 ms, used_size=4624384 bytes (11.3%)
(RDMA_READ_CONSUME_CHECK_CONSUMER) timestamp=2418 ms, used_size=4622336 bytes (11.3%)
(RDMA_READ_CONSUME_CHECK_CONSUMER) timestamp=2418 ms, used_size=4620288 bytes (11.3%)
(RDMA_READ_CONSUME_CHECK_CONSUMER) timestamp=2418 ms, used_size=4618240 bytes (11.3%)
(RDMA_READ_CONSUME_CHECK_CONSUMER) timestamp=2418 ms, used_size=4616192 bytes (11.3%)
(RDMA_READ_CONSUME_CHECK_CONSUMER) timestamp=2418 ms, used_size=4614144 bytes (11.3%)
(RDMA_READ_CONSUME_CHECK_CONSUMER) timestamp=2418 ms, used_size=4612096 bytes (11.3%)
(RDMA_READ_CONSUME_CHECK_CONSUMER) timestamp=2418 ms, used_size=4610048 bytes (11.3%)
(RDMA_READ_CONSUME_CHECK_CONSUMER) timestamp=2418 ms, used_size=4608000 bytes (11.2%)
(RDMA_READ_CONSUME_CHECK_CONSUMER) timestamp=2418 ms, used_size=4605952 bytes (11.2%)
(RDMA_READ_CONSUME_CHECK_CONSUMER) timestamp=2418 ms, used_size=4603904 bytes (11.2%)
(RDMA_READ_CONSUME_CHECK_CONSUMER) timestamp=2418 ms, used_size=4601856 bytes (11.2%)
(RDMA_READ_CONSUME_CHECK_CONSUMER) timestamp=2418 ms, used_size=4599808 bytes (11.2%)
(RDMA_READ_CONSUME_CHECK_CONSUMER) timestamp=2418 ms, used_size=4597760 bytes (11.2%)
(RDMA_READ_CONSUME_CHECK_CONSUMER) timestamp=2418 ms, used_size=4595712 bytes (11.2%)
(RDMA_READ_CONSUME_CHECK_CONSUMER) timestamp=2418 ms, used_size=4593664 bytes (11.2%)
(RDMA_READ_CONSUME_CHECK_CONSUMER) timestamp=2418 ms, used_size=4591616 bytes (11.2%)
(RDMA_READ_CONSUME_CHECK_CONSUMER) timestamp=2418 ms, used_size=4589568 bytes (11.2%)
(RDMA_READ_CONSUME_CHECK_CONSUMER) timestamp=2418 ms, used_size=4587520 bytes (11.2%)
(RDMA_READ_CONSUME_CHECK_CONSUMER) timestamp=2418 ms, used_size=4585472 bytes (11.2%)
(RDMA_READ_CONSUME_CHECK_CONSUMER) timestamp=2418 ms, used_size=4583424 bytes (11.2%)
(RDMA_READ_CONSUME_CHECK_CONSUMER) timestamp=2418 ms, used_size=4581376 bytes (11.2%)
(RDMA_READ_CONSUME_CHECK_CONSUMER) timestamp=2418 ms, used_size=4579328 bytes (11.2%)
(RDMA_READ_CONSUME_CHECK_CONSUMER) timestamp=2418 ms, used_size=4577280 bytes (11.2%)
(RDMA_READ_CONSUME_CHECK_CONSUMER) timestamp=2418 ms, used_size=4575232 bytes (11.2%)
(RDMA_READ_CONSUME_CHECK_CONSUMER) timestamp=2418 ms, used_size=4573184 bytes (11.2%)
(RDMA_READ_CONSUME_CHECK_CONSUMER) timestamp=2418 ms, used_size=4571136 bytes (11.2%)
(RDMA_READ_CONSUME_CHECK_CONSUMER) timestamp=2418 ms, used_size=4569088 bytes (11.2%)
(RDMA_READ_CONSUME_CHECK_CONSUMER) timestamp=2418 ms, used_size=4567040 bytes (11.2%)
(RDMA_READ_CONSUME_CHECK_CONSUMER) timestamp=2418 ms, used_size=4564992 bytes (11.1%)
(RDMA_READ_CONSUME_CHECK_CONSUMER) timestamp=2418 ms, used_size=4562944 bytes (11.1%)
(RDMA_READ_CONSUME_CHECK_CONSUMER) timestamp=2418 ms, used_size=4560896 bytes (11.1%)
(RDMA_READ_CONSUME_CHECK_CONSUMER) timestamp=2418 ms, used_size=4558848 bytes (11.1%)
(RDMA_READ_CONSUME_CHECK_CONSUMER) timestamp=2418 ms, used_size=4556800 bytes (11.1%)
(RDMA_READ_CONSUME_CHECK_CONSUMER) timestamp=2418 ms, used_size=4554752 bytes (11.1%)
(RDMA_READ_CONSUME_CHECK_CONSUMER) timestamp=2418 ms, used_size=4552704 bytes (11.1%)
(RDMA_READ_CONSUME_CHECK_CONSUMER) timestamp=2418 ms, used_size=4550656 bytes (11.1%)
(RDMA_READ_CONSUME_CHECK_CONSUMER) timestamp=2418 ms, used_size=4548608 bytes (11.1%)
(RDMA_READ_CONSUME_CHECK_CONSUMER) timestamp=2418 ms, used_size=4546560 bytes (11.1%)
(RDMA_READ_CONSUME_CHECK_CONSUMER) timestamp=2418 ms, used_size=4544512 bytes (11.1%)
(RDMA_READ_CONSUME_CHECK_CONSUMER) timestamp=2418 ms, used_size=4542464 bytes (11.1%)
(RDMA_READ_CONSUME_CHECK_CONSUMER) timestamp=2418 ms, used_size=4540416 bytes (11.1%)
(RDMA_READ_CONSUME_CHECK_CONSUMER) timestamp=2418 ms, used_size=4538368 bytes (11.1%)
(RDMA_READ_CONSUME_CHECK_CONSUMER) timestamp=2418 ms, used_size=4536320 bytes (11.1%)
(RDMA_READ_CONSUME_CHECK_CONSUMER) timestamp=2418 ms, used_size=4534272 bytes (11.1%)
(RDMA_READ_CONSUME_CHECK_CONSUMER) timestamp=2418 ms, used_size=4532224 bytes (11.1%)
(RDMA_READ_CONSUME_CHECK_CONSUMER) timestamp=2418 ms, used_size=4530176 bytes (11.1%)
(RDMA_READ_CONSUME_CHECK_CONSUMER) timestamp=2418 ms, used_size=4528128 bytes (11.1%)
(RDMA_READ_CONSUME_CHECK_CONSUMER) timestamp=2418 ms, used_size=4526080 bytes (11.1%)
(RDMA_READ_CONSUME_CHECK_CONSUMER) timestamp=2418 ms, used_size=4524032 bytes (11.0%)
(RDMA_READ_CONSUME_CHECK_CONSUMER) timestamp=2418 ms, used_size=4521984 bytes (11.0%)
(RDMA_READ_CONSUME_CHECK_CONSUMER) timestamp=2418 ms, used_size=4519936 bytes (11.0%)
(RDMA_READ_CONSUME_CHECK_CONSUMER) timestamp=2418 ms, used_size=4517888 bytes (11.0%)
(RDMA_READ_CONSUME_CHECK_CONSUMER) timestamp=2418 ms, used_size=4515840 bytes (11.0%)
(RDMA_READ_CONSUME_CHECK_CONSUMER) timestamp=2418 ms, used_size=4513792 bytes (11.0%)
(RDMA_READ_CONSUME_CHECK_CONSUMER) timestamp=2418 ms, used_size=4511744 bytes (11.0%)
(RDMA_READ_CONSUME_CHECK_CONSUMER) timestamp=2418 ms, used_size=4509696 bytes (11.0%)
(RDMA_READ_CONSUME_CHECK_CONSUMER) timestamp=2418 ms, used_size=4507648 bytes (11.0%)
(RDMA_READ_CONSUME_CHECK_CONSUMER) timestamp=2418 ms, used_size=4505600 bytes (11.0%)
(RDMA_READ_CONSUME_CHECK_CONSUMER) timestamp=2418 ms, used_size=4503552 bytes (11.0%)
(RDMA_READ_CONSUME_CHECK_CONSUMER) timestamp=2418 ms, used_size=4501504 bytes (11.0%)
(RDMA_READ_CONSUME_CHECK_CONSUMER) timestamp=2419 ms, used_size=4499456 bytes (11.0%)
(RDMA_READ_CONSUME_CHECK_CONSUMER) timestamp=2419 ms, used_size=4497408 bytes (11.0%)
(RDMA_READ_CONSUME_CHECK_CONSUMER) timestamp=2419 ms, used_size=4495360 bytes (11.0%)
(RDMA_READ_CONSUME_CHECK_CONSUMER) timestamp=2419 ms, used_size=4493312 bytes (11.0%)
(RDMA_READ_CONSUME_CHECK_CONSUMER) timestamp=2419 ms, used_size=4491264 bytes (11.0%)
(RDMA_READ_CONSUME_CHECK_CONSUMER) timestamp=2419 ms, used_size=4489216 bytes (11.0%)
(RDMA_READ_CONSUME_CHECK_CONSUMER) timestamp=2419 ms, used_size=4487168 bytes (11.0%)
(RDMA_READ_CONSUME_CHECK_CONSUMER) timestamp=2419 ms, used_size=4485120 bytes (10.9%)
(RDMA_READ_CONSUME_CHECK_CONSUMER) timestamp=2419 ms, used_size=4483072 bytes (10.9%)
(RDMA_READ_CONSUME_CHECK_CONSUMER) timestamp=2419 ms, used_size=4481024 bytes (10.9%)
(RDMA_READ_CONSUME_CHECK_CONSUMER) timestamp=2419 ms, used_size=4478976 bytes (10.9%)
(RDMA_READ_CONSUME_CHECK_CONSUMER) timestamp=2419 ms, used_size=4476928 bytes (10.9%)
(RDMA_READ_CONSUME_CHECK_CONSUMER) timestamp=2419 ms, used_size=4474880 bytes (10.9%)
(RDMA_READ_CONSUME_CHECK_CONSUMER) timestamp=2419 ms, used_size=4472832 bytes (10.9%)
(RDMA_READ_CONSUME_CHECK_CONSUMER) timestamp=2419 ms, used_size=4470784 bytes (10.9%)
(RDMA_READ_CONSUME_CHECK_CONSUMER) timestamp=2419 ms, used_size=4468736 bytes (10.9%)
(RDMA_READ_CONSUME_CHECK_CONSUMER) timestamp=2419 ms, used_size=4466688 bytes (10.9%)
(RDMA_READ_CONSUME_CHECK_CONSUMER) timestamp=2419 ms, used_size=4464640 bytes (10.9%)
(RDMA_READ_CONSUME_CHECK_CONSUMER) timestamp=2419 ms, used_size=4462592 bytes (10.9%)
(RDMA_READ_CONSUME_CHECK_CONSUMER) timestamp=2419 ms, used_size=4460544 bytes (10.9%)
(RDMA_READ_CONSUME_CHECK_CONSUMER) timestamp=2419 ms, used_size=4458496 bytes (10.9%)
(RDMA_READ_CONSUME_CHECK_CONSUMER) timestamp=2419 ms, used_size=4456448 bytes (10.9%)
(RDMA_READ_CONSUME_CHECK_CONSUMER) timestamp=2419 ms, used_size=4454400 bytes (10.9%)
(RDMA_READ_CONSUME_CHECK_CONSUMER) timestamp=2419 ms, used_size=4452352 bytes (10.9%)
(RDMA_READ_CONSUME_CHECK_CONSUMER) timestamp=2419 ms, used_size=4450304 bytes (10.9%)
(RDMA_READ_CONSUME_CHECK_CONSUMER) timestamp=2419 ms, used_size=4448256 bytes (10.9%)
(RDMA_READ_CONSUME_CHECK_CONSUMER) timestamp=2419 ms, used_size=4446208 bytes (10.9%)
(RDMA_READ_CONSUME_CHECK_CONSUMER) timestamp=2419 ms, used_size=4444160 bytes (10.8%)
(RDMA_READ_CONSUME_CHECK_CONSUMER) timestamp=2419 ms, used_size=4442112 bytes (10.8%)
(RDMA_READ_CONSUME_CHECK_CONSUMER) timestamp=2419 ms, used_size=4440064 bytes (10.8%)
(RDMA_READ_CONSUME_CHECK_CONSUMER) timestamp=2419 ms, used_size=4438016 bytes (10.8%)
(RDMA_READ_CONSUME_CHECK_CONSUMER) timestamp=2419 ms, used_size=4435968 bytes (10.8%)
(RDMA_READ_CONSUME_CHECK_CONSUMER) timestamp=2419 ms, used_size=4433920 bytes (10.8%)
(RDMA_READ_CONSUME_CHECK_CONSUMER) timestamp=2419 ms, used_size=4431872 bytes (10.8%)
(RDMA_READ_CONSUME_CHECK_CONSUMER) timestamp=2419 ms, used_size=4429824 bytes (10.8%)
(RDMA_READ_CONSUME_CHECK_CONSUMER) timestamp=2419 ms, used_size=4427776 bytes (10.8%)
(RDMA_READ_CONSUME_CHECK_CONSUMER) timestamp=2419 ms, used_size=4425728 bytes (10.8%)
(RDMA_READ_CONSUME_CHECK_CONSUMER) timestamp=2419 ms, used_size=4423680 bytes (10.8%)
(RDMA_READ_CONSUME_CHECK_CONSUMER) timestamp=2419 ms, used_size=4421632 bytes (10.8%)
(RDMA_READ_CONSUME_CHECK_CONSUMER) timestamp=2419 ms, used_size=4419584 bytes (10.8%)
(RDMA_READ_CONSUME_CHECK_CONSUMER) timestamp=2419 ms, used_size=4417536 bytes (10.8%)
(RDMA_READ_CONSUME_CHECK_CONSUMER) timestamp=2419 ms, used_size=4415488 bytes (10.8%)
(RDMA_READ_CONSUME_CHECK_CONSUMER) timestamp=2419 ms, used_size=4413440 bytes (10.8%)
(RDMA_READ_CONSUME_CHECK_CONSUMER) timestamp=2419 ms, used_size=4411392 bytes (10.8%)
(RDMA_READ_CONSUME_CHECK_CONSUMER) timestamp=2419 ms, used_size=4409344 bytes (10.8%)
(RDMA_READ_CONSUME_CHECK_CONSUMER) timestamp=2419 ms, used_size=4407296 bytes (10.8%)
(RDMA_READ_CONSUME_CHECK_CONSUMER) timestamp=2419 ms, used_size=4405248 bytes (10.8%)
(RDMA_READ_CONSUME_CHECK_CONSUMER) timestamp=2419 ms, used_size=4403200 bytes (10.8%)
(RDMA_READ_CONSUME_CHECK_CONSUMER) timestamp=2419 ms, used_size=4401152 bytes (10.7%)
(RDMA_READ_CONSUME_CHECK_CONSUMER) timestamp=2419 ms, used_size=4399104 bytes (10.7%)
(RDMA_READ_CONSUME_CHECK_CONSUMER) timestamp=2419 ms, used_size=4397056 bytes (10.7%)
(RDMA_READ_CONSUME_CHECK_CONSUMER) timestamp=2419 ms, used_size=4395008 bytes (10.7%)
(RDMA_READ_CONSUME_CHECK_CONSUMER) timestamp=2419 ms, used_size=4392960 bytes (10.7%)
(RDMA_READ_CONSUME_CHECK_CONSUMER) timestamp=2419 ms, used_size=4390912 bytes (10.7%)
(RDMA_READ_CONSUME_CHECK_CONSUMER) timestamp=2419 ms, used_size=4388864 bytes (10.7%)
(RDMA_READ_CONSUME_CHECK_CONSUMER) timestamp=2419 ms, used_size=4386816 bytes (10.7%)
(RDMA_READ_CONSUME_CHECK_CONSUMER) timestamp=2419 ms, used_size=4384768 bytes (10.7%)
(RDMA_READ_CONSUME_CHECK_CONSUMER) timestamp=2419 ms, used_size=4382720 bytes (10.7%)
(RDMA_READ_CONSUME_CHECK_CONSUMER) timestamp=2419 ms, used_size=4380672 bytes (10.7%)
(RDMA_READ_CONSUME_CHECK_CONSUMER) timestamp=2419 ms, used_size=4378624 bytes (10.7%)
(RDMA_READ_CONSUME_CHECK_CONSUMER) timestamp=2419 ms, used_size=4376576 bytes (10.7%)
(RDMA_READ_CONSUME_CHECK_CONSUMER) timestamp=2419 ms, used_size=4374528 bytes (10.7%)
(RDMA_READ_CONSUME_CHECK_CONSUMER) timestamp=2419 ms, used_size=4372480 bytes (10.7%)
(RDMA_READ_CONSUME_CHECK_CONSUMER) timestamp=2419 ms, used_size=4370432 bytes (10.7%)
(RDMA_READ_CONSUME_CHECK_CONSUMER) timestamp=2419 ms, used_size=4368384 bytes (10.7%)
(RDMA_READ_CONSUME_CHECK_CONSUMER) timestamp=2419 ms, used_size=4366336 bytes (10.7%)
(RDMA_READ_CONSUME_CHECK_CONSUMER) timestamp=2419 ms, used_size=4364288 bytes (10.7%)
(RDMA_READ_CONSUME_CHECK_CONSUMER) timestamp=2419 ms, used_size=4362240 bytes (10.7%)
(RDMA_READ_CONSUME_CHECK_CONSUMER) timestamp=2419 ms, used_size=4360192 bytes (10.6%)
(RDMA_READ_CONSUME_CHECK_CONSUMER) timestamp=2419 ms, used_size=4358144 bytes (10.6%)
(RDMA_READ_CONSUME_CHECK_CONSUMER) timestamp=2419 ms, used_size=4356096 bytes (10.6%)
(RDMA_READ_CONSUME_CHECK_CONSUMER) timestamp=2419 ms, used_size=4354048 bytes (10.6%)
(RDMA_READ_CONSUME_CHECK_CONSUMER) timestamp=2419 ms, used_size=4352000 bytes (10.6%)
(RDMA_READ_CONSUME_CHECK_CONSUMER) timestamp=2419 ms, used_size=4349952 bytes (10.6%)
(RDMA_READ_CONSUME_CHECK_CONSUMER) timestamp=2419 ms, used_size=4347904 bytes (10.6%)
(RDMA_READ_CONSUME_CHECK_CONSUMER) timestamp=2419 ms, used_size=4345856 bytes (10.6%)
(RDMA_READ_CONSUME_CHECK_CONSUMER) timestamp=2419 ms, used_size=4343808 bytes (10.6%)
(RDMA_READ_CONSUME_CHECK_CONSUMER) timestamp=2419 ms, used_size=4341760 bytes (10.6%)
(RDMA_READ_CONSUME_CHECK_CONSUMER) timestamp=2419 ms, used_size=4339712 bytes (10.6%)
(RDMA_READ_CONSUME_CHECK_CONSUMER) timestamp=2419 ms, used_size=4337664 bytes (10.6%)
(RDMA_READ_CONSUME_CHECK_CONSUMER) timestamp=2419 ms, used_size=4335616 bytes (10.6%)
(RDMA_READ_CONSUME_CHECK_CONSUMER) timestamp=2419 ms, used_size=4333568 bytes (10.6%)
(RDMA_READ_CONSUME_CHECK_CONSUMER) timestamp=2419 ms, used_size=4331520 bytes (10.6%)
(RDMA_READ_CONSUME_CHECK_CONSUMER) timestamp=2419 ms, used_size=4329472 bytes (10.6%)
(RDMA_READ_CONSUME_CHECK_CONSUMER) timestamp=2419 ms, used_size=4327424 bytes (10.6%)
(RDMA_READ_CONSUME_CHECK_CONSUMER) timestamp=2419 ms, used_size=4325376 bytes (10.6%)
(RDMA_READ_CONSUME_CHECK_CONSUMER) timestamp=2419 ms, used_size=4323328 bytes (10.6%)
(RDMA_READ_CONSUME_CHECK_CONSUMER) timestamp=2419 ms, used_size=4321280 bytes (10.6%)
(RDMA_READ_CONSUME_CHECK_CONSUMER) timestamp=2419 ms, used_size=4319232 bytes (10.5%)
(RDMA_READ_CONSUME_CHECK_CONSUMER) timestamp=2419 ms, used_size=4317184 bytes (10.5%)
(RDMA_READ_CONSUME_CHECK_CONSUMER) timestamp=2419 ms, used_size=4315136 bytes (10.5%)
(RDMA_READ_CONSUME_CHECK_CONSUMER) timestamp=2419 ms, used_size=4313088 bytes (10.5%)
(RDMA_READ_CONSUME_CHECK_CONSUMER) timestamp=2419 ms, used_size=4311040 bytes (10.5%)
(RDMA_READ_CONSUME_CHECK_CONSUMER) timestamp=2419 ms, used_size=4308992 bytes (10.5%)
(RDMA_READ_CONSUME_CHECK_CONSUMER) timestamp=2419 ms, used_size=4306944 bytes (10.5%)
(RDMA_READ_CONSUME_CHECK_CONSUMER) timestamp=2419 ms, used_size=4304896 bytes (10.5%)
(RDMA_READ_CONSUME_CHECK_CONSUMER) timestamp=2419 ms, used_size=4302848 bytes (10.5%)
(RDMA_READ_CONSUME_CHECK_CONSUMER) timestamp=2419 ms, used_size=4300800 bytes (10.5%)
(RDMA_READ_CONSUME_CHECK_CONSUMER) timestamp=2419 ms, used_size=4298752 bytes (10.5%)
(RDMA_READ_CONSUME_CHECK_CONSUMER) timestamp=2419 ms, used_size=4296704 bytes (10.5%)
(RDMA_READ_CONSUME_CHECK_CONSUMER) timestamp=2419 ms, used_size=4294656 bytes (10.5%)
(RDMA_READ_CONSUME_CHECK_CONSUMER) timestamp=2419 ms, used_size=4292608 bytes (10.5%)
(RDMA_READ_CONSUME_CHECK_CONSUMER) timestamp=2419 ms, used_size=4290560 bytes (10.5%)
(RDMA_READ_CONSUME_CHECK_CONSUMER) timestamp=2419 ms, used_size=4288512 bytes (10.5%)
(RDMA_READ_CONSUME_CHECK_CONSUMER) timestamp=2419 ms, used_size=4286464 bytes (10.5%)
(RDMA_READ_CONSUME_CHECK_CONSUMER) timestamp=2419 ms, used_size=4284416 bytes (10.5%)
(RDMA_READ_CONSUME_CHECK_CONSUMER) timestamp=2419 ms, used_size=4282368 bytes (10.5%)
(RDMA_READ_CONSUME_CHECK_CONSUMER) timestamp=2419 ms, used_size=4280320 bytes (10.4%)
(RDMA_READ_CONSUME_CHECK_CONSUMER) timestamp=2419 ms, used_size=4278272 bytes (10.4%)
(RDMA_READ_CONSUME_CHECK_CONSUMER) timestamp=2419 ms, used_size=4276224 bytes (10.4%)
(RDMA_READ_CONSUME_CHECK_CONSUMER) timestamp=2419 ms, used_size=4274176 bytes (10.4%)
(RDMA_READ_CONSUME_CHECK_CONSUMER) timestamp=2419 ms, used_size=4272128 bytes (10.4%)
(RDMA_READ_CONSUME_CHECK_CONSUMER) timestamp=2419 ms, used_size=4270080 bytes (10.4%)
(RDMA_READ_CONSUME_CHECK_CONSUMER) timestamp=2419 ms, used_size=4268032 bytes (10.4%)
(RDMA_READ_CONSUME_CHECK_CONSUMER) timestamp=2419 ms, used_size=4265984 bytes (10.4%)
(RDMA_READ_CONSUME_CHECK_CONSUMER) timestamp=2419 ms, used_size=4263936 bytes (10.4%)
(RDMA_READ_CONSUME_CHECK_CONSUMER) timestamp=2419 ms, used_size=4261888 bytes (10.4%)
(RDMA_READ_CONSUME_CHECK_CONSUMER) timestamp=2419 ms, used_size=4259840 bytes (10.4%)
(RDMA_READ_CONSUME_CHECK_CONSUMER) timestamp=2419 ms, used_size=4257792 bytes (10.4%)
(RDMA_READ_CONSUME_CHECK_CONSUMER) timestamp=2419 ms, used_size=4255744 bytes (10.4%)
(RDMA_READ_CONSUME_CHECK_CONSUMER) timestamp=2419 ms, used_size=4253696 bytes (10.4%)
(RDMA_READ_CONSUME_CHECK_CONSUMER) timestamp=2419 ms, used_size=4251648 bytes (10.4%)
(RDMA_READ_CONSUME_CHECK_CONSUMER) timestamp=2419 ms, used_size=4249600 bytes (10.4%)
(RDMA_READ_CONSUME_CHECK_CONSUMER) timestamp=2419 ms, used_size=4247552 bytes (10.4%)
(RDMA_READ_CONSUME_CHECK_CONSUMER) timestamp=2419 ms, used_size=4245504 bytes (10.4%)
(RDMA_READ_CONSUME_CHECK_CONSUMER) timestamp=2419 ms, used_size=4243456 bytes (10.4%)
(RDMA_READ_CONSUME_CHECK_CONSUMER) timestamp=2419 ms, used_size=4241408 bytes (10.4%)
(RDMA_READ_CONSUME_CHECK_CONSUMER) timestamp=2419 ms, used_size=4239360 bytes (10.3%)
(RDMA_READ_CONSUME_CHECK_CONSUMER) timestamp=2419 ms, used_size=4237312 bytes (10.3%)
(RDMA_READ_CONSUME_CHECK_CONSUMER) timestamp=2419 ms, used_size=4235264 bytes (10.3%)
(RDMA_READ_CONSUME_CHECK_CONSUMER) timestamp=2419 ms, used_size=4233216 bytes (10.3%)
(RDMA_READ_CONSUME_CHECK_CONSUMER) timestamp=2419 ms, used_size=4231168 bytes (10.3%)
(RDMA_READ_CONSUME_CHECK_CONSUMER) timestamp=2419 ms, used_size=4229120 bytes (10.3%)
(RDMA_READ_CONSUME_CHECK_CONSUMER) timestamp=2419 ms, used_size=4227072 bytes (10.3%)
(RDMA_READ_CONSUME_CHECK_CONSUMER) timestamp=2419 ms, used_size=4225024 bytes (10.3%)
(RDMA_READ_CONSUME_CHECK_CONSUMER) timestamp=2419 ms, used_size=4222976 bytes (10.3%)
(RDMA_READ_CONSUME_CHECK_CONSUMER) timestamp=2419 ms, used_size=4220928 bytes (10.3%)
(RDMA_READ_CONSUME_CHECK_CONSUMER) timestamp=2419 ms, used_size=4218880 bytes (10.3%)
(RDMA_READ_CONSUME_CHECK_CONSUMER) timestamp=2419 ms, used_size=4216832 bytes (10.3%)
(RDMA_READ_CONSUME_CHECK_CONSUMER) timestamp=2419 ms, used_size=4214784 bytes (10.3%)
(RDMA_READ_CONSUME_CHECK_CONSUMER) timestamp=2419 ms, used_size=4212736 bytes (10.3%)
(RDMA_READ_CONSUME_CHECK_CONSUMER) timestamp=2419 ms, used_size=4210688 bytes (10.3%)
(RDMA_READ_CONSUME_CHECK_CONSUMER) timestamp=2419 ms, used_size=4208640 bytes (10.3%)
(RDMA_READ_CONSUME_CHECK_CONSUMER) timestamp=2419 ms, used_size=4206592 bytes (10.3%)
(RDMA_READ_CONSUME_CHECK_CONSUMER) timestamp=2419 ms, used_size=4204544 bytes (10.3%)
(RDMA_READ_CONSUME_CHECK_CONSUMER) timestamp=2419 ms, used_size=4202496 bytes (10.3%)
(RDMA_READ_CONSUME_CHECK_CONSUMER) timestamp=2419 ms, used_size=4200448 bytes (10.3%)
(RDMA_READ_CONSUME_CHECK_CONSUMER) timestamp=2419 ms, used_size=4198400 bytes (10.2%)
(RDMA_READ_CONSUME_CHECK_CONSUMER) timestamp=2419 ms, used_size=4196352 bytes (10.2%)
(RDMA_READ_CONSUME_CHECK_CONSUMER) timestamp=2419 ms, used_size=4194304 bytes (10.2%)
(RDMA_READ_CONSUME_CHECK_CONSUMER) timestamp=2419 ms, used_size=4192256 bytes (10.2%)
(RDMA_READ_CONSUME_CHECK_CONSUMER) timestamp=2419 ms, used_size=4190208 bytes (10.2%)
(RDMA_READ_CONSUME_CHECK_CONSUMER) timestamp=2419 ms, used_size=4188160 bytes (10.2%)
(RDMA_READ_CONSUME_CHECK_CONSUMER) timestamp=2419 ms, used_size=4186112 bytes (10.2%)
(RDMA_READ_CONSUME_CHECK_CONSUMER) timestamp=2419 ms, used_size=4184064 bytes (10.2%)
(RDMA_READ_CONSUME_CHECK_CONSUMER) timestamp=2419 ms, used_size=4182016 bytes (10.2%)
(RDMA_READ_CONSUME_CHECK_CONSUMER) timestamp=2419 ms, used_size=4179968 bytes (10.2%)
(RDMA_READ_CONSUME_CHECK_CONSUMER) timestamp=2419 ms, used_size=4177920 bytes (10.2%)
(RDMA_READ_CONSUME_CHECK_CONSUMER) timestamp=2419 ms, used_size=4175872 bytes (10.2%)
(RDMA_READ_CONSUME_CHECK_CONSUMER) timestamp=2419 ms, used_size=4173824 bytes (10.2%)
(RDMA_READ_CONSUME_CHECK_CONSUMER) timestamp=2419 ms, used_size=4171776 bytes (10.2%)
(RDMA_READ_CONSUME_CHECK_CONSUMER) timestamp=2419 ms, used_size=4169728 bytes (10.2%)
(RDMA_READ_CONSUME_CHECK_CONSUMER) timestamp=2419 ms, used_size=4167680 bytes (10.2%)
(RDMA_READ_CONSUME_CHECK_CONSUMER) timestamp=2419 ms, used_size=4165632 bytes (10.2%)
(RDMA_READ_CONSUME_CHECK_CONSUMER) timestamp=2419 ms, used_size=4163584 bytes (10.2%)
(RDMA_READ_CONSUME_CHECK_CONSUMER) timestamp=2419 ms, used_size=4161536 bytes (10.2%)
(RDMA_READ_CONSUME_CHECK_CONSUMER) timestamp=2419 ms, used_size=4159488 bytes (10.2%)
(RDMA_READ_CONSUME_CHECK_CONSUMER) timestamp=2419 ms, used_size=4157440 bytes (10.2%)
(RDMA_READ_CONSUME_CHECK_CONSUMER) timestamp=2419 ms, used_size=4155392 bytes (10.1%)
(RDMA_READ_CONSUME_CHECK_CONSUMER) timestamp=2419 ms, used_size=4153344 bytes (10.1%)
(RDMA_READ_CONSUME_CHECK_CONSUMER) timestamp=2419 ms, used_size=4151296 bytes (10.1%)
(RDMA_READ_CONSUME_CHECK_CONSUMER) timestamp=2419 ms, used_size=4149248 bytes (10.1%)
(RDMA_READ_CONSUME_CHECK_CONSUMER) timestamp=2419 ms, used_size=4147200 bytes (10.1%)
(RDMA_READ_CONSUME_CHECK_CONSUMER) timestamp=2419 ms, used_size=4145152 bytes (10.1%)
(RDMA_READ_CONSUME_CHECK_CONSUMER) timestamp=2419 ms, used_size=4143104 bytes (10.1%)
(RDMA_READ_CONSUME_CHECK_CONSUMER) timestamp=2419 ms, used_size=4141056 bytes (10.1%)
(RDMA_READ_CONSUME_CHECK_CONSUMER) timestamp=2419 ms, used_size=4139008 bytes (10.1%)
(RDMA_READ_CONSUME_CHECK_CONSUMER) timestamp=2419 ms, used_size=4136960 bytes (10.1%)
(RDMA_READ_CONSUME_CHECK_CONSUMER) timestamp=2420 ms, used_size=4134912 bytes (10.1%)
(RDMA_READ_CONSUME_CHECK_CONSUMER) timestamp=2420 ms, used_size=4132864 bytes (10.1%)
(RDMA_READ_CONSUME_CHECK_CONSUMER) timestamp=2420 ms, used_size=4130816 bytes (10.1%)
(RDMA_READ_CONSUME_CHECK_CONSUMER) timestamp=2420 ms, used_size=4128768 bytes (10.1%)
(RDMA_READ_CONSUME_CHECK_CONSUMER) timestamp=2420 ms, used_size=4126720 bytes (10.1%)
(RDMA_READ_CONSUME_CHECK_CONSUMER) timestamp=2420 ms, used_size=4124672 bytes (10.1%)
(RDMA_READ_CONSUME_CHECK_CONSUMER) timestamp=2420 ms, used_size=4122624 bytes (10.1%)
(RDMA_READ_CONSUME_CHECK_CONSUMER) timestamp=2420 ms, used_size=4120576 bytes (10.1%)
(RDMA_READ_CONSUME_CHECK_CONSUMER) timestamp=2420 ms, used_size=4118528 bytes (10.1%)
(RDMA_READ_CONSUME_CHECK_CONSUMER) timestamp=2420 ms, used_size=4116480 bytes (10.1%)
(RDMA_READ_CONSUME_CHECK_CONSUMER) timestamp=2420 ms, used_size=4114432 bytes (10.0%)
(RDMA_READ_CONSUME_CHECK_CONSUMER) timestamp=2420 ms, used_size=4112384 bytes (10.0%)
(RDMA_READ_CONSUME_CHECK_CONSUMER) timestamp=2420 ms, used_size=4110336 bytes (10.0%)
(RDMA_READ_CONSUME_CHECK_CONSUMER) timestamp=2420 ms, used_size=4108288 bytes (10.0%)
(RDMA_READ_CONSUME_CHECK_CONSUMER) timestamp=2420 ms, used_size=4106240 bytes (10.0%)
(RDMA_READ_CONSUME_CHECK_CONSUMER) timestamp=2420 ms, used_size=4104192 bytes (10.0%)
(RDMA_READ_CONSUME_CHECK_CONSUMER) timestamp=2420 ms, used_size=4102144 bytes (10.0%)
(RDMA_READ_CONSUME_CHECK_CONSUMER) timestamp=2420 ms, used_size=4100096 bytes (10.0%)
(RDMA_READ_CONSUME_CHECK_CONSUMER) timestamp=2420 ms, used_size=4098048 bytes (10.0%)
(RDMA_READ_CONSUME_CHECK_CONSUMER) timestamp=2420 ms, used_size=4096000 bytes (10.0%)
(RDMA_READ_CONSUME_CHECK_CONSUMER) timestamp=2420 ms, used_size=4093952 bytes (10.0%)
(RDMA_READ_CONSUME_CHECK_CONSUMER) timestamp=2420 ms, used_size=4091904 bytes (10.0%)
(RDMA_READ_CONSUME_CHECK_CONSUMER) timestamp=2420 ms, used_size=4089856 bytes (10.0%)
(RDMA_READ_CONSUME_CHECK_CONSUMER) timestamp=2420 ms, used_size=4087808 bytes (10.0%)
(RDMA_READ_CONSUME_CHECK_CONSUMER) timestamp=2420 ms, used_size=4085760 bytes (10.0%)
(RDMA_READ_CONSUME_CHECK_CONSUMER) timestamp=2420 ms, used_size=4083712 bytes (10.0%)
(RDMA_READ_CONSUME_CHECK_CONSUMER) timestamp=2420 ms, used_size=4081664 bytes (10.0%)
(RDMA_READ_CONSUME_CHECK_CONSUMER) timestamp=2420 ms, used_size=4079616 bytes (10.0%)
(RDMA_READ_CONSUME_CHECK_CONSUMER) timestamp=2420 ms, used_size=4077568 bytes (10.0%)
(RDMA_READ_CONSUME_CHECK_CONSUMER) timestamp=2420 ms, used_size=4075520 bytes (9.9%)
(RDMA_READ_CONSUME_CHECK_CONSUMER) timestamp=2420 ms, used_size=4073472 bytes (9.9%)
(RDMA_READ_CONSUME_CHECK_CONSUMER) timestamp=2420 ms, used_size=4071424 bytes (9.9%)
(RDMA_READ_CONSUME_CHECK_CONSUMER) timestamp=2420 ms, used_size=4069376 bytes (9.9%)
(RDMA_READ_CONSUME_CHECK_CONSUMER) timestamp=2420 ms, used_size=4067328 bytes (9.9%)
(RDMA_READ_CONSUME_CHECK_CONSUMER) timestamp=2420 ms, used_size=4065280 bytes (9.9%)
(RDMA_READ_CONSUME_CHECK_CONSUMER) timestamp=2420 ms, used_size=4063232 bytes (9.9%)
(RDMA_READ_CONSUME_CHECK_CONSUMER) timestamp=2420 ms, used_size=4061184 bytes (9.9%)
(RDMA_READ_CONSUME_CHECK_CONSUMER) timestamp=2420 ms, used_size=4059136 bytes (9.9%)
(RDMA_READ_CONSUME_CHECK_CONSUMER) timestamp=2420 ms, used_size=4057088 bytes (9.9%)
(RDMA_READ_CONSUME_CHECK_CONSUMER) timestamp=2420 ms, used_size=4055040 bytes (9.9%)
(RDMA_READ_CONSUME_CHECK_CONSUMER) timestamp=2420 ms, used_size=4052992 bytes (9.9%)
(RDMA_READ_CONSUME_CHECK_CONSUMER) timestamp=2420 ms, used_size=4050944 bytes (9.9%)
(RDMA_READ_CONSUME_CHECK_CONSUMER) timestamp=2420 ms, used_size=4048896 bytes (9.9%)
(RDMA_READ_CONSUME_CHECK_CONSUMER) timestamp=2420 ms, used_size=4046848 bytes (9.9%)
(RDMA_READ_CONSUME_CHECK_CONSUMER) timestamp=2420 ms, used_size=4044800 bytes (9.9%)
(RDMA_READ_CONSUME_CHECK_CONSUMER) timestamp=2420 ms, used_size=4042752 bytes (9.9%)
(RDMA_READ_CONSUME_CHECK_CONSUMER) timestamp=2420 ms, used_size=4040704 bytes (9.9%)
(RDMA_READ_CONSUME_CHECK_CONSUMER) timestamp=2420 ms, used_size=4038656 bytes (9.9%)
(RDMA_READ_CONSUME_CHECK_CONSUMER) timestamp=2420 ms, used_size=4036608 bytes (9.9%)
(RDMA_READ_CONSUME_CHECK_CONSUMER) timestamp=2420 ms, used_size=4034560 bytes (9.8%)
(RDMA_READ_CONSUME_CHECK_CONSUMER) timestamp=2420 ms, used_size=4032512 bytes (9.8%)
(RDMA_READ_CONSUME_CHECK_CONSUMER) timestamp=2420 ms, used_size=4030464 bytes (9.8%)
(RDMA_READ_CONSUME_CHECK_CONSUMER) timestamp=2420 ms, used_size=4028416 bytes (9.8%)
(RDMA_READ_CONSUME_CHECK_CONSUMER) timestamp=2420 ms, used_size=4026368 bytes (9.8%)
(RDMA_READ_CONSUME_CHECK_CONSUMER) timestamp=2420 ms, used_size=4024320 bytes (9.8%)
(RDMA_READ_CONSUME_CHECK_CONSUMER) timestamp=2420 ms, used_size=4022272 bytes (9.8%)
(RDMA_READ_CONSUME_CHECK_CONSUMER) timestamp=2420 ms, used_size=4020224 bytes (9.8%)
(RDMA_READ_CONSUME_CHECK_CONSUMER) timestamp=2420 ms, used_size=4018176 bytes (9.8%)
(RDMA_READ_CONSUME_CHECK_CONSUMER) timestamp=2420 ms, used_size=4016128 bytes (9.8%)
(RDMA_READ_CONSUME_CHECK_CONSUMER) timestamp=2420 ms, used_size=4014080 bytes (9.8%)
(RDMA_READ_CONSUME_CHECK_CONSUMER) timestamp=2420 ms, used_size=4012032 bytes (9.8%)
(RDMA_READ_CONSUME_CHECK_CONSUMER) timestamp=2420 ms, used_size=4009984 bytes (9.8%)
(RDMA_READ_CONSUME_CHECK_CONSUMER) timestamp=2420 ms, used_size=4007936 bytes (9.8%)
(RDMA_READ_CONSUME_CHECK_CONSUMER) timestamp=2420 ms, used_size=4005888 bytes (9.8%)
(RDMA_READ_CONSUME_CHECK_CONSUMER) timestamp=2420 ms, used_size=4003840 bytes (9.8%)
(RDMA_READ_CONSUME_CHECK_CONSUMER) timestamp=2420 ms, used_size=4001792 bytes (9.8%)
(RDMA_READ_CONSUME_CHECK_CONSUMER) timestamp=2420 ms, used_size=3999744 bytes (9.8%)
(RDMA_READ_CONSUME_CHECK_CONSUMER) timestamp=2420 ms, used_size=3997696 bytes (9.8%)
(RDMA_READ_CONSUME_CHECK_CONSUMER) timestamp=2420 ms, used_size=3995648 bytes (9.8%)
(RDMA_READ_CONSUME_CHECK_CONSUMER) timestamp=2420 ms, used_size=3993600 bytes (9.8%)
(RDMA_READ_CONSUME_CHECK_CONSUMER) timestamp=2420 ms, used_size=3991552 bytes (9.7%)
(RDMA_READ_CONSUME_CHECK_CONSUMER) timestamp=2420 ms, used_size=3989504 bytes (9.7%)
(RDMA_READ_CONSUME_CHECK_CONSUMER) timestamp=2420 ms, used_size=3987456 bytes (9.7%)
(RDMA_READ_CONSUME_CHECK_CONSUMER) timestamp=2420 ms, used_size=3985408 bytes (9.7%)
(RDMA_READ_CONSUME_CHECK_CONSUMER) timestamp=2420 ms, used_size=3983360 bytes (9.7%)
(RDMA_READ_CONSUME_CHECK_CONSUMER) timestamp=2420 ms, used_size=3981312 bytes (9.7%)
(RDMA_READ_CONSUME_CHECK_CONSUMER) timestamp=2420 ms, used_size=3979264 bytes (9.7%)
(RDMA_READ_CONSUME_CHECK_CONSUMER) timestamp=2420 ms, used_size=3977216 bytes (9.7%)
(RDMA_READ_CONSUME_CHECK_CONSUMER) timestamp=2420 ms, used_size=3975168 bytes (9.7%)
(RDMA_READ_CONSUME_CHECK_CONSUMER) timestamp=2420 ms, used_size=3973120 bytes (9.7%)
(RDMA_READ_CONSUME_CHECK_CONSUMER) timestamp=2420 ms, used_size=3971072 bytes (9.7%)
(RDMA_READ_CONSUME_CHECK_CONSUMER) timestamp=2420 ms, used_size=3969024 bytes (9.7%)
(RDMA_READ_CONSUME_CHECK_CONSUMER) timestamp=2420 ms, used_size=3966976 bytes (9.7%)
(RDMA_READ_CONSUME_CHECK_CONSUMER) timestamp=2420 ms, used_size=3964928 bytes (9.7%)
(RDMA_READ_CONSUME_CHECK_CONSUMER) timestamp=2420 ms, used_size=3962880 bytes (9.7%)
(RDMA_READ_CONSUME_CHECK_CONSUMER) timestamp=2420 ms, used_size=3960832 bytes (9.7%)
(RDMA_READ_CONSUME_CHECK_CONSUMER) timestamp=2420 ms, used_size=3958784 bytes (9.7%)
(RDMA_READ_CONSUME_CHECK_CONSUMER) timestamp=2420 ms, used_size=3956736 bytes (9.7%)
(RDMA_READ_CONSUME_CHECK_CONSUMER) timestamp=2420 ms, used_size=3954688 bytes (9.7%)
(RDMA_READ_CONSUME_CHECK_CONSUMER) timestamp=2420 ms, used_size=3952640 bytes (9.7%)
(RDMA_READ_CONSUME_CHECK_CONSUMER) timestamp=2420 ms, used_size=3950592 bytes (9.6%)
(RDMA_READ_CONSUME_CHECK_CONSUMER) timestamp=2420 ms, used_size=3948544 bytes (9.6%)
(RDMA_READ_CONSUME_CHECK_CONSUMER) timestamp=2420 ms, used_size=3946496 bytes (9.6%)
(RDMA_READ_CONSUME_CHECK_CONSUMER) timestamp=2420 ms, used_size=3944448 bytes (9.6%)
(RDMA_READ_CONSUME_CHECK_CONSUMER) timestamp=2420 ms, used_size=3942400 bytes (9.6%)
(RDMA_READ_CONSUME_CHECK_CONSUMER) timestamp=2420 ms, used_size=3940352 bytes (9.6%)
(RDMA_READ_CONSUME_CHECK_CONSUMER) timestamp=2420 ms, used_size=3938304 bytes (9.6%)
(RDMA_READ_CONSUME_CHECK_CONSUMER) timestamp=2420 ms, used_size=3936256 bytes (9.6%)
(RDMA_READ_CONSUME_CHECK_CONSUMER) timestamp=2420 ms, used_size=3934208 bytes (9.6%)
(RDMA_READ_CONSUME_CHECK_CONSUMER) timestamp=2420 ms, used_size=3932160 bytes (9.6%)
(RDMA_READ_CONSUME_CHECK_CONSUMER) timestamp=2420 ms, used_size=3930112 bytes (9.6%)
(RDMA_READ_CONSUME_CHECK_CONSUMER) timestamp=2420 ms, used_size=3928064 bytes (9.6%)
(RDMA_READ_CONSUME_CHECK_CONSUMER) timestamp=2420 ms, used_size=3926016 bytes (9.6%)
(RDMA_READ_CONSUME_CHECK_CONSUMER) timestamp=2420 ms, used_size=3923968 bytes (9.6%)
(RDMA_READ_CONSUME_CHECK_CONSUMER) timestamp=2420 ms, used_size=3921920 bytes (9.6%)
(RDMA_READ_CONSUME_CHECK_CONSUMER) timestamp=2420 ms, used_size=3919872 bytes (9.6%)
(RDMA_READ_CONSUME_CHECK_CONSUMER) timestamp=2420 ms, used_size=3917824 bytes (9.6%)
(RDMA_READ_CONSUME_CHECK_CONSUMER) timestamp=2420 ms, used_size=3915776 bytes (9.6%)
(RDMA_READ_CONSUME_CHECK_CONSUMER) timestamp=2420 ms, used_size=3913728 bytes (9.6%)
(RDMA_READ_CONSUME_CHECK_CONSUMER) timestamp=2420 ms, used_size=3911680 bytes (9.6%)
(RDMA_READ_CONSUME_CHECK_CONSUMER) timestamp=2420 ms, used_size=3909632 bytes (9.5%)
(RDMA_READ_CONSUME_CHECK_CONSUMER) timestamp=2420 ms, used_size=3907584 bytes (9.5%)
(RDMA_READ_CONSUME_CHECK_CONSUMER) timestamp=2420 ms, used_size=3905536 bytes (9.5%)
(RDMA_READ_CONSUME_CHECK_CONSUMER) timestamp=2420 ms, used_size=3903488 bytes (9.5%)
(RDMA_READ_CONSUME_CHECK_CONSUMER) timestamp=2420 ms, used_size=3901440 bytes (9.5%)
(RDMA_READ_CONSUME_CHECK_CONSUMER) timestamp=2420 ms, used_size=3899392 bytes (9.5%)
(RDMA_READ_CONSUME_CHECK_CONSUMER) timestamp=2420 ms, used_size=3897344 bytes (9.5%)
(RDMA_READ_CONSUME_CHECK_CONSUMER) timestamp=2420 ms, used_size=3895296 bytes (9.5%)
(RDMA_READ_CONSUME_CHECK_CONSUMER) timestamp=2420 ms, used_size=3893248 bytes (9.5%)
(RDMA_READ_CONSUME_CHECK_CONSUMER) timestamp=2420 ms, used_size=3891200 bytes (9.5%)
(RDMA_READ_CONSUME_CHECK_CONSUMER) timestamp=2420 ms, used_size=3889152 bytes (9.5%)
(RDMA_READ_CONSUME_CHECK_CONSUMER) timestamp=2420 ms, used_size=3887104 bytes (9.5%)
(RDMA_READ_CONSUME_CHECK_CONSUMER) timestamp=2420 ms, used_size=3885056 bytes (9.5%)
(RDMA_READ_CONSUME_CHECK_CONSUMER) timestamp=2420 ms, used_size=3883008 bytes (9.5%)
(RDMA_READ_CONSUME_CHECK_CONSUMER) timestamp=2420 ms, used_size=3880960 bytes (9.5%)
(RDMA_READ_CONSUME_CHECK_CONSUMER) timestamp=2420 ms, used_size=3878912 bytes (9.5%)
(RDMA_READ_CONSUME_CHECK_CONSUMER) timestamp=2420 ms, used_size=3876864 bytes (9.5%)
(RDMA_READ_CONSUME_CHECK_CONSUMER) timestamp=2420 ms, used_size=3874816 bytes (9.5%)
(RDMA_READ_CONSUME_CHECK_CONSUMER) timestamp=2420 ms, used_size=3872768 bytes (9.5%)
(RDMA_READ_CONSUME_CHECK_CONSUMER) timestamp=2420 ms, used_size=3870720 bytes (9.4%)
(RDMA_READ_CONSUME_CHECK_CONSUMER) timestamp=2420 ms, used_size=3868672 bytes (9.4%)
(RDMA_READ_CONSUME_CHECK_CONSUMER) timestamp=2420 ms, used_size=3866624 bytes (9.4%)
(RDMA_READ_CONSUME_CHECK_CONSUMER) timestamp=2420 ms, used_size=3864576 bytes (9.4%)
(RDMA_READ_CONSUME_CHECK_CONSUMER) timestamp=2420 ms, used_size=3862528 bytes (9.4%)
(RDMA_READ_CONSUME_CHECK_CONSUMER) timestamp=2420 ms, used_size=3860480 bytes (9.4%)
(RDMA_READ_CONSUME_CHECK_CONSUMER) timestamp=2420 ms, used_size=3858432 bytes (9.4%)
(RDMA_READ_CONSUME_CHECK_CONSUMER) timestamp=2420 ms, used_size=3856384 bytes (9.4%)
(RDMA_READ_CONSUME_CHECK_CONSUMER) timestamp=2420 ms, used_size=3854336 bytes (9.4%)
(RDMA_READ_CONSUME_CHECK_CONSUMER) timestamp=2420 ms, used_size=3852288 bytes (9.4%)
(RDMA_READ_CONSUME_CHECK_CONSUMER) timestamp=2420 ms, used_size=3850240 bytes (9.4%)
(RDMA_READ_CONSUME_CHECK_CONSUMER) timestamp=2420 ms, used_size=3848192 bytes (9.4%)
(RDMA_READ_CONSUME_CHECK_CONSUMER) timestamp=2420 ms, used_size=3846144 bytes (9.4%)
(RDMA_READ_CONSUME_CHECK_CONSUMER) timestamp=2420 ms, used_size=3844096 bytes (9.4%)
(RDMA_READ_CONSUME_CHECK_CONSUMER) timestamp=2420 ms, used_size=3842048 bytes (9.4%)
(RDMA_READ_CONSUME_CHECK_CONSUMER) timestamp=2420 ms, used_size=3840000 bytes (9.4%)
(RDMA_READ_CONSUME_CHECK_CONSUMER) timestamp=2420 ms, used_size=3837952 bytes (9.4%)
(RDMA_READ_CONSUME_CHECK_CONSUMER) timestamp=2420 ms, used_size=3835904 bytes (9.4%)
(RDMA_READ_CONSUME_CHECK_CONSUMER) timestamp=2420 ms, used_size=3833856 bytes (9.4%)
(RDMA_READ_CONSUME_CHECK_CONSUMER) timestamp=2420 ms, used_size=3831808 bytes (9.4%)
(RDMA_READ_CONSUME_CHECK_CONSUMER) timestamp=2420 ms, used_size=3829760 bytes (9.3%)
(RDMA_READ_CONSUME_CHECK_CONSUMER) timestamp=2420 ms, used_size=3827712 bytes (9.3%)
(RDMA_READ_CONSUME_CHECK_CONSUMER) timestamp=2420 ms, used_size=3825664 bytes (9.3%)
(RDMA_READ_CONSUME_CHECK_CONSUMER) timestamp=2420 ms, used_size=3823616 bytes (9.3%)
(RDMA_READ_CONSUME_CHECK_CONSUMER) timestamp=2420 ms, used_size=3821568 bytes (9.3%)
(RDMA_READ_CONSUME_CHECK_CONSUMER) timestamp=2420 ms, used_size=3819520 bytes (9.3%)
(RDMA_READ_CONSUME_CHECK_CONSUMER) timestamp=2420 ms, used_size=3817472 bytes (9.3%)
(RDMA_READ_CONSUME_CHECK_CONSUMER) timestamp=2420 ms, used_size=3815424 bytes (9.3%)
(RDMA_READ_CONSUME_CHECK_CONSUMER) timestamp=2420 ms, used_size=3813376 bytes (9.3%)
(RDMA_READ_CONSUME_CHECK_CONSUMER) timestamp=2420 ms, used_size=3811328 bytes (9.3%)
(RDMA_READ_CONSUME_CHECK_CONSUMER) timestamp=2420 ms, used_size=3809280 bytes (9.3%)
(RDMA_READ_CONSUME_CHECK_CONSUMER) timestamp=2420 ms, used_size=3807232 bytes (9.3%)
(RDMA_READ_CONSUME_CHECK_CONSUMER) timestamp=2420 ms, used_size=3805184 bytes (9.3%)
(RDMA_READ_CONSUME_CHECK_CONSUMER) timestamp=2420 ms, used_size=3803136 bytes (9.3%)
(RDMA_READ_CONSUME_CHECK_CONSUMER) timestamp=2420 ms, used_size=3801088 bytes (9.3%)
(RDMA_READ_CONSUME_CHECK_CONSUMER) timestamp=2420 ms, used_size=3799040 bytes (9.3%)
(RDMA_READ_CONSUME_CHECK_CONSUMER) timestamp=2420 ms, used_size=3796992 bytes (9.3%)
(RDMA_READ_CONSUME_CHECK_CONSUMER) timestamp=2420 ms, used_size=3794944 bytes (9.3%)
(RDMA_READ_CONSUME_CHECK_CONSUMER) timestamp=2420 ms, used_size=3792896 bytes (9.3%)
(RDMA_READ_CONSUME_CHECK_CONSUMER) timestamp=2420 ms, used_size=3790848 bytes (9.3%)
(RDMA_READ_CONSUME_CHECK_CONSUMER) timestamp=2420 ms, used_size=3788800 bytes (9.2%)
(RDMA_READ_CONSUME_CHECK_CONSUMER) timestamp=2420 ms, used_size=3786752 bytes (9.2%)
(RDMA_READ_CONSUME_CHECK_CONSUMER) timestamp=2420 ms, used_size=3784704 bytes (9.2%)
(RDMA_READ_CONSUME_CHECK_CONSUMER) timestamp=2420 ms, used_size=3782656 bytes (9.2%)
(RDMA_READ_CONSUME_CHECK_CONSUMER) timestamp=2420 ms, used_size=3780608 bytes (9.2%)
(RDMA_READ_CONSUME_CHECK_CONSUMER) timestamp=2420 ms, used_size=3778560 bytes (9.2%)
(RDMA_READ_CONSUME_CHECK_CONSUMER) timestamp=2420 ms, used_size=3776512 bytes (9.2%)
(RDMA_READ_CONSUME_CHECK_CONSUMER) timestamp=2420 ms, used_size=3774464 bytes (9.2%)
(RDMA_READ_CONSUME_CHECK_CONSUMER) timestamp=2420 ms, used_size=3772416 bytes (9.2%)
(RDMA_READ_CONSUME_CHECK_CONSUMER) timestamp=2420 ms, used_size=3770368 bytes (9.2%)
(RDMA_READ_CONSUME_CHECK_CONSUMER) timestamp=2420 ms, used_size=3768320 bytes (9.2%)
(RDMA_READ_CONSUME_CHECK_CONSUMER) timestamp=2420 ms, used_size=3766272 bytes (9.2%)
(RDMA_READ_CONSUME_CHECK_CONSUMER) timestamp=2420 ms, used_size=3764224 bytes (9.2%)
(RDMA_READ_CONSUME_CHECK_CONSUMER) timestamp=2420 ms, used_size=3762176 bytes (9.2%)
(RDMA_READ_CONSUME_CHECK_CONSUMER) timestamp=2421 ms, used_size=3760128 bytes (9.2%)
(RDMA_READ_CONSUME_CHECK_CONSUMER) timestamp=2421 ms, used_size=3758080 bytes (9.2%)
(RDMA_READ_CONSUME_CHECK_CONSUMER) timestamp=2421 ms, used_size=3756032 bytes (9.2%)
(RDMA_READ_CONSUME_CHECK_CONSUMER) timestamp=2421 ms, used_size=3753984 bytes (9.2%)
(RDMA_READ_CONSUME_CHECK_CONSUMER) timestamp=2421 ms, used_size=3751936 bytes (9.2%)
(RDMA_READ_CONSUME_CHECK_CONSUMER) timestamp=2421 ms, used_size=3749888 bytes (9.2%)
(RDMA_READ_CONSUME_CHECK_CONSUMER) timestamp=2421 ms, used_size=3747840 bytes (9.2%)
(RDMA_READ_CONSUME_CHECK_CONSUMER) timestamp=2421 ms, used_size=3745792 bytes (9.1%)
(RDMA_READ_CONSUME_CHECK_CONSUMER) timestamp=2421 ms, used_size=3743744 bytes (9.1%)
(RDMA_READ_CONSUME_CHECK_CONSUMER) timestamp=2421 ms, used_size=3741696 bytes (9.1%)
(RDMA_READ_CONSUME_CHECK_CONSUMER) timestamp=2421 ms, used_size=3739648 bytes (9.1%)
(RDMA_READ_CONSUME_CHECK_CONSUMER) timestamp=2421 ms, used_size=3737600 bytes (9.1%)
(RDMA_READ_CONSUME_CHECK_CONSUMER) timestamp=2421 ms, used_size=3735552 bytes (9.1%)
(RDMA_READ_CONSUME_CHECK_CONSUMER) timestamp=2421 ms, used_size=3733504 bytes (9.1%)
(RDMA_READ_CONSUME_CHECK_CONSUMER) timestamp=2421 ms, used_size=3731456 bytes (9.1%)
(RDMA_READ_CONSUME_CHECK_CONSUMER) timestamp=2421 ms, used_size=3729408 bytes (9.1%)
(RDMA_READ_CONSUME_CHECK_CONSUMER) timestamp=2421 ms, used_size=3727360 bytes (9.1%)
(RDMA_READ_CONSUME_CHECK_CONSUMER) timestamp=2421 ms, used_size=3725312 bytes (9.1%)
(RDMA_READ_CONSUME_CHECK_CONSUMER) timestamp=2421 ms, used_size=3723264 bytes (9.1%)
(RDMA_READ_CONSUME_CHECK_CONSUMER) timestamp=2421 ms, used_size=3721216 bytes (9.1%)
(RDMA_READ_CONSUME_CHECK_CONSUMER) timestamp=2421 ms, used_size=3719168 bytes (9.1%)
(RDMA_READ_CONSUME_CHECK_CONSUMER) timestamp=2421 ms, used_size=3717120 bytes (9.1%)
(RDMA_READ_CONSUME_CHECK_CONSUMER) timestamp=2421 ms, used_size=3715072 bytes (9.1%)
(RDMA_READ_CONSUME_CHECK_CONSUMER) timestamp=2421 ms, used_size=3713024 bytes (9.1%)
(RDMA_READ_CONSUME_CHECK_CONSUMER) timestamp=2421 ms, used_size=3710976 bytes (9.1%)
(RDMA_READ_CONSUME_CHECK_CONSUMER) timestamp=2421 ms, used_size=3708928 bytes (9.1%)
(RDMA_READ_CONSUME_CHECK_CONSUMER) timestamp=2421 ms, used_size=3706880 bytes (9.1%)
(RDMA_READ_CONSUME_CHECK_CONSUMER) timestamp=2421 ms, used_size=3704832 bytes (9.0%)
(RDMA_READ_CONSUME_CHECK_CONSUMER) timestamp=2421 ms, used_size=3702784 bytes (9.0%)
(RDMA_READ_CONSUME_CHECK_CONSUMER) timestamp=2421 ms, used_size=3700736 bytes (9.0%)
(RDMA_READ_CONSUME_CHECK_CONSUMER) timestamp=2421 ms, used_size=3698688 bytes (9.0%)
(RDMA_READ_CONSUME_CHECK_CONSUMER) timestamp=2421 ms, used_size=3696640 bytes (9.0%)
(RDMA_READ_CONSUME_CHECK_CONSUMER) timestamp=2421 ms, used_size=3694592 bytes (9.0%)
(RDMA_READ_CONSUME_CHECK_CONSUMER) timestamp=2421 ms, used_size=3692544 bytes (9.0%)
(RDMA_READ_CONSUME_CHECK_CONSUMER) timestamp=2421 ms, used_size=3690496 bytes (9.0%)
(RDMA_READ_CONSUME_CHECK_CONSUMER) timestamp=2421 ms, used_size=3688448 bytes (9.0%)
(RDMA_READ_CONSUME_CHECK_CONSUMER) timestamp=2421 ms, used_size=3686400 bytes (9.0%)
(RDMA_READ_CONSUME_CHECK_CONSUMER) timestamp=2421 ms, used_size=3684352 bytes (9.0%)
(RDMA_READ_CONSUME_CHECK_CONSUMER) timestamp=2421 ms, used_size=3682304 bytes (9.0%)
(RDMA_READ_CONSUME_CHECK_CONSUMER) timestamp=2421 ms, used_size=3680256 bytes (9.0%)
(RDMA_READ_CONSUME_CHECK_CONSUMER) timestamp=2421 ms, used_size=3678208 bytes (9.0%)
(RDMA_READ_CONSUME_CHECK_CONSUMER) timestamp=2421 ms, used_size=3676160 bytes (9.0%)
(RDMA_READ_CONSUME_CHECK_CONSUMER) timestamp=2421 ms, used_size=3674112 bytes (9.0%)
(RDMA_READ_CONSUME_CHECK_CONSUMER) timestamp=2421 ms, used_size=3672064 bytes (9.0%)
(RDMA_READ_CONSUME_CHECK_CONSUMER) timestamp=2421 ms, used_size=3670016 bytes (9.0%)
(RDMA_READ_CONSUME_CHECK_CONSUMER) timestamp=2421 ms, used_size=3667968 bytes (9.0%)
(RDMA_READ_CONSUME_CHECK_CONSUMER) timestamp=2421 ms, used_size=3665920 bytes (8.9%)
(RDMA_READ_CONSUME_CHECK_CONSUMER) timestamp=2421 ms, used_size=3663872 bytes (8.9%)
(RDMA_READ_CONSUME_CHECK_CONSUMER) timestamp=2421 ms, used_size=3661824 bytes (8.9%)
(RDMA_READ_CONSUME_CHECK_CONSUMER) timestamp=2421 ms, used_size=3659776 bytes (8.9%)
(RDMA_READ_CONSUME_CHECK_CONSUMER) timestamp=2421 ms, used_size=3657728 bytes (8.9%)
(RDMA_READ_CONSUME_CHECK_CONSUMER) timestamp=2421 ms, used_size=3655680 bytes (8.9%)
(RDMA_READ_CONSUME_CHECK_CONSUMER) timestamp=2421 ms, used_size=3653632 bytes (8.9%)
(RDMA_READ_CONSUME_CHECK_CONSUMER) timestamp=2421 ms, used_size=3651584 bytes (8.9%)
(RDMA_READ_CONSUME_CHECK_CONSUMER) timestamp=2421 ms, used_size=3649536 bytes (8.9%)
(RDMA_READ_CONSUME_CHECK_CONSUMER) timestamp=2421 ms, used_size=3647488 bytes (8.9%)
(RDMA_READ_CONSUME_CHECK_CONSUMER) timestamp=2421 ms, used_size=3645440 bytes (8.9%)
(RDMA_READ_CONSUME_CHECK_CONSUMER) timestamp=2421 ms, used_size=3643392 bytes (8.9%)
(RDMA_READ_CONSUME_CHECK_CONSUMER) timestamp=2421 ms, used_size=3641344 bytes (8.9%)
(RDMA_READ_CONSUME_CHECK_CONSUMER) timestamp=2421 ms, used_size=3639296 bytes (8.9%)
(RDMA_READ_CONSUME_CHECK_CONSUMER) timestamp=2421 ms, used_size=3637248 bytes (8.9%)
(RDMA_READ_CONSUME_CHECK_CONSUMER) timestamp=2421 ms, used_size=3635200 bytes (8.9%)
(RDMA_READ_CONSUME_CHECK_CONSUMER) timestamp=2421 ms, used_size=3633152 bytes (8.9%)
(RDMA_READ_CONSUME_CHECK_CONSUMER) timestamp=2421 ms, used_size=3631104 bytes (8.9%)
(RDMA_READ_CONSUME_CHECK_CONSUMER) timestamp=2421 ms, used_size=3629056 bytes (8.9%)
(RDMA_READ_CONSUME_CHECK_CONSUMER) timestamp=2421 ms, used_size=3627008 bytes (8.9%)
(RDMA_READ_CONSUME_CHECK_CONSUMER) timestamp=2421 ms, used_size=3624960 bytes (8.8%)
(RDMA_READ_CONSUME_CHECK_CONSUMER) timestamp=2421 ms, used_size=3622912 bytes (8.8%)
(RDMA_READ_CONSUME_CHECK_CONSUMER) timestamp=2421 ms, used_size=3620864 bytes (8.8%)
(RDMA_READ_CONSUME_CHECK_CONSUMER) timestamp=2421 ms, used_size=3618816 bytes (8.8%)
(RDMA_READ_CONSUME_CHECK_CONSUMER) timestamp=2421 ms, used_size=3616768 bytes (8.8%)
(RDMA_READ_CONSUME_CHECK_CONSUMER) timestamp=2421 ms, used_size=3614720 bytes (8.8%)
(RDMA_READ_CONSUME_CHECK_CONSUMER) timestamp=2421 ms, used_size=3612672 bytes (8.8%)
(RDMA_READ_CONSUME_CHECK_CONSUMER) timestamp=2421 ms, used_size=3610624 bytes (8.8%)
(RDMA_READ_CONSUME_CHECK_CONSUMER) timestamp=2421 ms, used_size=3608576 bytes (8.8%)
(RDMA_READ_CONSUME_CHECK_CONSUMER) timestamp=2421 ms, used_size=3606528 bytes (8.8%)
(RDMA_READ_CONSUME_CHECK_CONSUMER) timestamp=2421 ms, used_size=3604480 bytes (8.8%)
(RDMA_READ_CONSUME_CHECK_CONSUMER) timestamp=2421 ms, used_size=3602432 bytes (8.8%)
(RDMA_READ_CONSUME_CHECK_CONSUMER) timestamp=2421 ms, used_size=3600384 bytes (8.8%)
(RDMA_READ_CONSUME_CHECK_CONSUMER) timestamp=2421 ms, used_size=3598336 bytes (8.8%)
(RDMA_READ_CONSUME_CHECK_CONSUMER) timestamp=2421 ms, used_size=3596288 bytes (8.8%)
(RDMA_READ_CONSUME_CHECK_CONSUMER) timestamp=2421 ms, used_size=3594240 bytes (8.8%)
(RDMA_READ_CONSUME_CHECK_CONSUMER) timestamp=2421 ms, used_size=3592192 bytes (8.8%)
(RDMA_READ_CONSUME_CHECK_CONSUMER) timestamp=2421 ms, used_size=3590144 bytes (8.8%)
(RDMA_READ_CONSUME_CHECK_CONSUMER) timestamp=2421 ms, used_size=3588096 bytes (8.8%)
(RDMA_READ_CONSUME_CHECK_CONSUMER) timestamp=2421 ms, used_size=3586048 bytes (8.8%)
(RDMA_READ_CONSUME_CHECK_CONSUMER) timestamp=2421 ms, used_size=3584000 bytes (8.8%)
(RDMA_READ_CONSUME_CHECK_CONSUMER) timestamp=2421 ms, used_size=3581952 bytes (8.7%)
(RDMA_READ_CONSUME_CHECK_CONSUMER) timestamp=2421 ms, used_size=3579904 bytes (8.7%)
(RDMA_READ_CONSUME_CHECK_CONSUMER) timestamp=2421 ms, used_size=3577856 bytes (8.7%)
(RDMA_READ_CONSUME_CHECK_CONSUMER) timestamp=2421 ms, used_size=3575808 bytes (8.7%)
(RDMA_READ_CONSUME_CHECK_CONSUMER) timestamp=2421 ms, used_size=3573760 bytes (8.7%)
(RDMA_READ_CONSUME_CHECK_CONSUMER) timestamp=2421 ms, used_size=3571712 bytes (8.7%)
(RDMA_READ_CONSUME_CHECK_CONSUMER) timestamp=2421 ms, used_size=3569664 bytes (8.7%)
(RDMA_READ_CONSUME_CHECK_CONSUMER) timestamp=2421 ms, used_size=3567616 bytes (8.7%)
(RDMA_READ_CONSUME_CHECK_CONSUMER) timestamp=2421 ms, used_size=3565568 bytes (8.7%)
(RDMA_READ_CONSUME_CHECK_CONSUMER) timestamp=2421 ms, used_size=3563520 bytes (8.7%)
(RDMA_READ_CONSUME_CHECK_CONSUMER) timestamp=2421 ms, used_size=3561472 bytes (8.7%)
(RDMA_READ_CONSUME_CHECK_CONSUMER) timestamp=2421 ms, used_size=3559424 bytes (8.7%)
(RDMA_READ_CONSUME_CHECK_CONSUMER) timestamp=2421 ms, used_size=3557376 bytes (8.7%)
(RDMA_READ_CONSUME_CHECK_CONSUMER) timestamp=2421 ms, used_size=3555328 bytes (8.7%)
(RDMA_READ_CONSUME_CHECK_CONSUMER) timestamp=2421 ms, used_size=3553280 bytes (8.7%)
(RDMA_READ_CONSUME_CHECK_CONSUMER) timestamp=2421 ms, used_size=3551232 bytes (8.7%)
(RDMA_READ_CONSUME_CHECK_CONSUMER) timestamp=2421 ms, used_size=3549184 bytes (8.7%)
(RDMA_READ_CONSUME_CHECK_CONSUMER) timestamp=2421 ms, used_size=3547136 bytes (8.7%)
(RDMA_READ_CONSUME_CHECK_CONSUMER) timestamp=2421 ms, used_size=3545088 bytes (8.7%)
(RDMA_READ_CONSUME_CHECK_CONSUMER) timestamp=2421 ms, used_size=3543040 bytes (8.7%)
(RDMA_READ_CONSUME_CHECK_CONSUMER) timestamp=2421 ms, used_size=3540992 bytes (8.6%)
(RDMA_READ_CONSUME_CHECK_CONSUMER) timestamp=2421 ms, used_size=3538944 bytes (8.6%)
(RDMA_READ_CONSUME_CHECK_CONSUMER) timestamp=2421 ms, used_size=3536896 bytes (8.6%)
(RDMA_READ_CONSUME_CHECK_CONSUMER) timestamp=2421 ms, used_size=3534848 bytes (8.6%)
(RDMA_READ_CONSUME_CHECK_CONSUMER) timestamp=2421 ms, used_size=3532800 bytes (8.6%)
(RDMA_READ_CONSUME_CHECK_CONSUMER) timestamp=2421 ms, used_size=3530752 bytes (8.6%)
(RDMA_READ_CONSUME_CHECK_CONSUMER) timestamp=2421 ms, used_size=3528704 bytes (8.6%)
(RDMA_READ_CONSUME_CHECK_CONSUMER) timestamp=2421 ms, used_size=3526656 bytes (8.6%)
(RDMA_READ_CONSUME_CHECK_CONSUMER) timestamp=2421 ms, used_size=3524608 bytes (8.6%)
(RDMA_READ_CONSUME_CHECK_CONSUMER) timestamp=2421 ms, used_size=3522560 bytes (8.6%)
(RDMA_READ_CONSUME_CHECK_CONSUMER) timestamp=2421 ms, used_size=3520512 bytes (8.6%)
(RDMA_READ_CONSUME_CHECK_CONSUMER) timestamp=2421 ms, used_size=3518464 bytes (8.6%)
(RDMA_READ_CONSUME_CHECK_CONSUMER) timestamp=2421 ms, used_size=3516416 bytes (8.6%)
(RDMA_READ_CONSUME_CHECK_CONSUMER) timestamp=2421 ms, used_size=3514368 bytes (8.6%)
(RDMA_READ_CONSUME_CHECK_CONSUMER) timestamp=2421 ms, used_size=3512320 bytes (8.6%)
(RDMA_READ_CONSUME_CHECK_CONSUMER) timestamp=2421 ms, used_size=3510272 bytes (8.6%)
(RDMA_READ_CONSUME_CHECK_CONSUMER) timestamp=2421 ms, used_size=3508224 bytes (8.6%)
(RDMA_READ_CONSUME_CHECK_CONSUMER) timestamp=2421 ms, used_size=3506176 bytes (8.6%)
(RDMA_READ_CONSUME_CHECK_CONSUMER) timestamp=2421 ms, used_size=3504128 bytes (8.6%)
(RDMA_READ_CONSUME_CHECK_CONSUMER) timestamp=2421 ms, used_size=3502080 bytes (8.6%)
(RDMA_READ_CONSUME_CHECK_CONSUMER) timestamp=2421 ms, used_size=3500032 bytes (8.5%)
(RDMA_READ_CONSUME_CHECK_CONSUMER) timestamp=2421 ms, used_size=3497984 bytes (8.5%)
(RDMA_READ_CONSUME_CHECK_CONSUMER) timestamp=2421 ms, used_size=3495936 bytes (8.5%)
(RDMA_READ_CONSUME_CHECK_CONSUMER) timestamp=2421 ms, used_size=3493888 bytes (8.5%)
(RDMA_READ_CONSUME_CHECK_CONSUMER) timestamp=2421 ms, used_size=3491840 bytes (8.5%)
(RDMA_READ_CONSUME_CHECK_CONSUMER) timestamp=2421 ms, used_size=3489792 bytes (8.5%)
(RDMA_READ_CONSUME_CHECK_CONSUMER) timestamp=2421 ms, used_size=3487744 bytes (8.5%)
(RDMA_READ_CONSUME_CHECK_CONSUMER) timestamp=2421 ms, used_size=3485696 bytes (8.5%)
(RDMA_READ_CONSUME_CHECK_CONSUMER) timestamp=2421 ms, used_size=3483648 bytes (8.5%)
(RDMA_READ_CONSUME_CHECK_CONSUMER) timestamp=2421 ms, used_size=3481600 bytes (8.5%)
(RDMA_READ_CONSUME_CHECK_CONSUMER) timestamp=2421 ms, used_size=3479552 bytes (8.5%)
(RDMA_READ_CONSUME_CHECK_CONSUMER) timestamp=2421 ms, used_size=3477504 bytes (8.5%)
(RDMA_READ_CONSUME_CHECK_CONSUMER) timestamp=2421 ms, used_size=3475456 bytes (8.5%)
(RDMA_READ_CONSUME_CHECK_CONSUMER) timestamp=2421 ms, used_size=3473408 bytes (8.5%)
(RDMA_READ_CONSUME_CHECK_CONSUMER) timestamp=2421 ms, used_size=3471360 bytes (8.5%)
(RDMA_READ_CONSUME_CHECK_CONSUMER) timestamp=2421 ms, used_size=3469312 bytes (8.5%)
(RDMA_READ_CONSUME_CHECK_CONSUMER) timestamp=2421 ms, used_size=3467264 bytes (8.5%)
(RDMA_READ_CONSUME_CHECK_CONSUMER) timestamp=2421 ms, used_size=3465216 bytes (8.5%)
(RDMA_READ_CONSUME_CHECK_CONSUMER) timestamp=2421 ms, used_size=3463168 bytes (8.5%)
(RDMA_READ_CONSUME_CHECK_CONSUMER) timestamp=2421 ms, used_size=3461120 bytes (8.4%)
(RDMA_READ_CONSUME_CHECK_CONSUMER) timestamp=2421 ms, used_size=3459072 bytes (8.4%)
(RDMA_READ_CONSUME_CHECK_CONSUMER) timestamp=2421 ms, used_size=3457024 bytes (8.4%)
(RDMA_READ_CONSUME_CHECK_CONSUMER) timestamp=2421 ms, used_size=3454976 bytes (8.4%)
(RDMA_READ_CONSUME_CHECK_CONSUMER) timestamp=2421 ms, used_size=3452928 bytes (8.4%)
(RDMA_READ_CONSUME_CHECK_CONSUMER) timestamp=2421 ms, used_size=3450880 bytes (8.4%)
(RDMA_READ_CONSUME_CHECK_CONSUMER) timestamp=2421 ms, used_size=3448832 bytes (8.4%)
(RDMA_READ_CONSUME_CHECK_CONSUMER) timestamp=2421 ms, used_size=3446784 bytes (8.4%)
(RDMA_READ_CONSUME_CHECK_CONSUMER) timestamp=2421 ms, used_size=3444736 bytes (8.4%)
(RDMA_READ_CONSUME_CHECK_CONSUMER) timestamp=2421 ms, used_size=3442688 bytes (8.4%)
(RDMA_READ_CONSUME_CHECK_CONSUMER) timestamp=2421 ms, used_size=3440640 bytes (8.4%)
(RDMA_READ_CONSUME_CHECK_CONSUMER) timestamp=2421 ms, used_size=3438592 bytes (8.4%)
(RDMA_READ_CONSUME_CHECK_CONSUMER) timestamp=2421 ms, used_size=3436544 bytes (8.4%)
(RDMA_READ_CONSUME_CHECK_CONSUMER) timestamp=2421 ms, used_size=3434496 bytes (8.4%)
(RDMA_READ_CONSUME_CHECK_CONSUMER) timestamp=2421 ms, used_size=3432448 bytes (8.4%)
(RDMA_READ_CONSUME_CHECK_CONSUMER) timestamp=2421 ms, used_size=3430400 bytes (8.4%)
(RDMA_READ_CONSUME_CHECK_CONSUMER) timestamp=2421 ms, used_size=3428352 bytes (8.4%)
(RDMA_READ_CONSUME_CHECK_CONSUMER) timestamp=2421 ms, used_size=3426304 bytes (8.4%)
(RDMA_READ_CONSUME_CHECK_CONSUMER) timestamp=2421 ms, used_size=3424256 bytes (8.4%)
(RDMA_READ_CONSUME_CHECK_CONSUMER) timestamp=2421 ms, used_size=3422208 bytes (8.4%)
(RDMA_READ_CONSUME_CHECK_CONSUMER) timestamp=2421 ms, used_size=3420160 bytes (8.3%)
(RDMA_READ_CONSUME_CHECK_CONSUMER) timestamp=2421 ms, used_size=3418112 bytes (8.3%)
(RDMA_READ_CONSUME_CHECK_CONSUMER) timestamp=2421 ms, used_size=3416064 bytes (8.3%)
(RDMA_READ_CONSUME_CHECK_CONSUMER) timestamp=2421 ms, used_size=3414016 bytes (8.3%)
(RDMA_READ_CONSUME_CHECK_CONSUMER) timestamp=2421 ms, used_size=3411968 bytes (8.3%)
(RDMA_READ_CONSUME_CHECK_CONSUMER) timestamp=2421 ms, used_size=3409920 bytes (8.3%)
(RDMA_READ_CONSUME_CHECK_CONSUMER) timestamp=2421 ms, used_size=3407872 bytes (8.3%)
(RDMA_READ_CONSUME_CHECK_CONSUMER) timestamp=2421 ms, used_size=3405824 bytes (8.3%)
(RDMA_READ_CONSUME_CHECK_CONSUMER) timestamp=2421 ms, used_size=3403776 bytes (8.3%)
(RDMA_READ_CONSUME_CHECK_CONSUMER) timestamp=2421 ms, used_size=3401728 bytes (8.3%)
(RDMA_READ_CONSUME_CHECK_CONSUMER) timestamp=2421 ms, used_size=3399680 bytes (8.3%)
(RDMA_READ_CONSUME_CHECK_CONSUMER) timestamp=2421 ms, used_size=3397632 bytes (8.3%)
(RDMA_READ_CONSUME_CHECK_CONSUMER) timestamp=2421 ms, used_size=3395584 bytes (8.3%)
(RDMA_READ_CONSUME_CHECK_CONSUMER) timestamp=2421 ms, used_size=3393536 bytes (8.3%)
(RDMA_READ_CONSUME_CHECK_CONSUMER) timestamp=2421 ms, used_size=3391488 bytes (8.3%)
(RDMA_READ_CONSUME_CHECK_CONSUMER) timestamp=2421 ms, used_size=3389440 bytes (8.3%)
(RDMA_READ_CONSUME_CHECK_CONSUMER) timestamp=2421 ms, used_size=3387392 bytes (8.3%)
(RDMA_READ_CONSUME_CHECK_CONSUMER) timestamp=2422 ms, used_size=3385344 bytes (8.3%)
(RDMA_READ_CONSUME_CHECK_CONSUMER) timestamp=2422 ms, used_size=3383296 bytes (8.3%)
(RDMA_READ_CONSUME_CHECK_CONSUMER) timestamp=2422 ms, used_size=3381248 bytes (8.3%)
(RDMA_READ_CONSUME_CHECK_CONSUMER) timestamp=2422 ms, used_size=3379200 bytes (8.2%)
(RDMA_READ_CONSUME_CHECK_CONSUMER) timestamp=2422 ms, used_size=3377152 bytes (8.2%)
(RDMA_READ_CONSUME_CHECK_CONSUMER) timestamp=2422 ms, used_size=3375104 bytes (8.2%)
(RDMA_READ_CONSUME_CHECK_CONSUMER) timestamp=2422 ms, used_size=3373056 bytes (8.2%)
(RDMA_READ_CONSUME_CHECK_CONSUMER) timestamp=2422 ms, used_size=3371008 bytes (8.2%)
(RDMA_READ_CONSUME_CHECK_CONSUMER) timestamp=2422 ms, used_size=3368960 bytes (8.2%)
(RDMA_READ_CONSUME_CHECK_CONSUMER) timestamp=2422 ms, used_size=3366912 bytes (8.2%)
(RDMA_READ_CONSUME_CHECK_CONSUMER) timestamp=2422 ms, used_size=3364864 bytes (8.2%)
(RDMA_READ_CONSUME_CHECK_CONSUMER) timestamp=2422 ms, used_size=3362816 bytes (8.2%)
(RDMA_READ_CONSUME_CHECK_CONSUMER) timestamp=2422 ms, used_size=3360768 bytes (8.2%)
(RDMA_READ_CONSUME_CHECK_CONSUMER) timestamp=2422 ms, used_size=3358720 bytes (8.2%)
(RDMA_READ_CONSUME_CHECK_CONSUMER) timestamp=2422 ms, used_size=3356672 bytes (8.2%)
(RDMA_READ_CONSUME_CHECK_CONSUMER) timestamp=2422 ms, used_size=3354624 bytes (8.2%)
(RDMA_READ_CONSUME_CHECK_CONSUMER) timestamp=2422 ms, used_size=3352576 bytes (8.2%)
(RDMA_READ_CONSUME_CHECK_CONSUMER) timestamp=2422 ms, used_size=3350528 bytes (8.2%)
(RDMA_READ_CONSUME_CHECK_CONSUMER) timestamp=2422 ms, used_size=3348480 bytes (8.2%)
(RDMA_READ_CONSUME_CHECK_CONSUMER) timestamp=2422 ms, used_size=3346432 bytes (8.2%)
(RDMA_READ_CONSUME_CHECK_CONSUMER) timestamp=2422 ms, used_size=3344384 bytes (8.2%)
(RDMA_READ_CONSUME_CHECK_CONSUMER) timestamp=2422 ms, used_size=3342336 bytes (8.2%)
(RDMA_READ_CONSUME_CHECK_CONSUMER) timestamp=2422 ms, used_size=3340288 bytes (8.2%)
(RDMA_READ_CONSUME_CHECK_CONSUMER) timestamp=2422 ms, used_size=3338240 bytes (8.2%)
(RDMA_READ_CONSUME_CHECK_CONSUMER) timestamp=2422 ms, used_size=3336192 bytes (8.1%)
(RDMA_READ_CONSUME_CHECK_CONSUMER) timestamp=2422 ms, used_size=3334144 bytes (8.1%)
(RDMA_READ_CONSUME_CHECK_CONSUMER) timestamp=2422 ms, used_size=3332096 bytes (8.1%)
(RDMA_READ_CONSUME_CHECK_CONSUMER) timestamp=2422 ms, used_size=3330048 bytes (8.1%)
(RDMA_READ_CONSUME_CHECK_CONSUMER) timestamp=2422 ms, used_size=3328000 bytes (8.1%)
(RDMA_READ_CONSUME_CHECK_CONSUMER) timestamp=2422 ms, used_size=3325952 bytes (8.1%)
(RDMA_READ_CONSUME_CHECK_CONSUMER) timestamp=2422 ms, used_size=3323904 bytes (8.1%)
(RDMA_READ_CONSUME_CHECK_CONSUMER) timestamp=2422 ms, used_size=3321856 bytes (8.1%)
(RDMA_READ_CONSUME_CHECK_CONSUMER) timestamp=2422 ms, used_size=3319808 bytes (8.1%)
(RDMA_READ_CONSUME_CHECK_CONSUMER) timestamp=2422 ms, used_size=3317760 bytes (8.1%)
(RDMA_READ_CONSUME_CHECK_CONSUMER) timestamp=2422 ms, used_size=3315712 bytes (8.1%)
(RDMA_READ_CONSUME_CHECK_CONSUMER) timestamp=2422 ms, used_size=3313664 bytes (8.1%)
(RDMA_READ_CONSUME_CHECK_CONSUMER) timestamp=2422 ms, used_size=3311616 bytes (8.1%)
(RDMA_READ_CONSUME_CHECK_CONSUMER) timestamp=2422 ms, used_size=3309568 bytes (8.1%)
(RDMA_READ_CONSUME_CHECK_CONSUMER) timestamp=2422 ms, used_size=3307520 bytes (8.1%)
(RDMA_READ_CONSUME_CHECK_CONSUMER) timestamp=2422 ms, used_size=3305472 bytes (8.1%)
(RDMA_READ_CONSUME_CHECK_CONSUMER) timestamp=2422 ms, used_size=3303424 bytes (8.1%)
(RDMA_READ_CONSUME_CHECK_CONSUMER) timestamp=2422 ms, used_size=3301376 bytes (8.1%)
(RDMA_READ_CONSUME_CHECK_CONSUMER) timestamp=2422 ms, used_size=3299328 bytes (8.1%)
(RDMA_READ_CONSUME_CHECK_CONSUMER) timestamp=2422 ms, used_size=3297280 bytes (8.1%)
(RDMA_READ_CONSUME_CHECK_CONSUMER) timestamp=2422 ms, used_size=3295232 bytes (8.0%)
(RDMA_READ_CONSUME_CHECK_CONSUMER) timestamp=2422 ms, used_size=3293184 bytes (8.0%)
(RDMA_READ_CONSUME_CHECK_CONSUMER) timestamp=2422 ms, used_size=3291136 bytes (8.0%)
(RDMA_READ_CONSUME_CHECK_CONSUMER) timestamp=2422 ms, used_size=3289088 bytes (8.0%)
(RDMA_READ_CONSUME_CHECK_CONSUMER) timestamp=2422 ms, used_size=3287040 bytes (8.0%)
(RDMA_READ_CONSUME_CHECK_CONSUMER) timestamp=2422 ms, used_size=3284992 bytes (8.0%)
(RDMA_READ_CONSUME_CHECK_CONSUMER) timestamp=2422 ms, used_size=3282944 bytes (8.0%)
(RDMA_READ_CONSUME_CHECK_CONSUMER) timestamp=2422 ms, used_size=3280896 bytes (8.0%)
(RDMA_READ_CONSUME_CHECK_CONSUMER) timestamp=2422 ms, used_size=3278848 bytes (8.0%)
(RDMA_READ_CONSUME_CHECK_CONSUMER) timestamp=2422 ms, used_size=3276800 bytes (8.0%)
(RDMA_READ_CONSUME_CHECK_CONSUMER) timestamp=2422 ms, used_size=3274752 bytes (8.0%)
(RDMA_READ_CONSUME_CHECK_CONSUMER) timestamp=2422 ms, used_size=3272704 bytes (8.0%)
(RDMA_READ_CONSUME_CHECK_CONSUMER) timestamp=2422 ms, used_size=3270656 bytes (8.0%)
(RDMA_READ_CONSUME_CHECK_CONSUMER) timestamp=2422 ms, used_size=3268608 bytes (8.0%)
(RDMA_READ_CONSUME_CHECK_CONSUMER) timestamp=2422 ms, used_size=3266560 bytes (8.0%)
(RDMA_READ_CONSUME_CHECK_CONSUMER) timestamp=2422 ms, used_size=3264512 bytes (8.0%)
(RDMA_READ_CONSUME_CHECK_CONSUMER) timestamp=2422 ms, used_size=3262464 bytes (8.0%)
(RDMA_READ_CONSUME_CHECK_CONSUMER) timestamp=2422 ms, used_size=3260416 bytes (8.0%)
(RDMA_READ_CONSUME_CHECK_CONSUMER) timestamp=2422 ms, used_size=3258368 bytes (8.0%)
(RDMA_READ_CONSUME_CHECK_CONSUMER) timestamp=2422 ms, used_size=3256320 bytes (8.0%)
(RDMA_READ_CONSUME_CHECK_CONSUMER) timestamp=2422 ms, used_size=3254272 bytes (7.9%)
(RDMA_READ_CONSUME_CHECK_CONSUMER) timestamp=2422 ms, used_size=3252224 bytes (7.9%)
(RDMA_READ_CONSUME_CHECK_CONSUMER) timestamp=2422 ms, used_size=3250176 bytes (7.9%)
(RDMA_READ_CONSUME_CHECK_CONSUMER) timestamp=2422 ms, used_size=3248128 bytes (7.9%)
(RDMA_READ_CONSUME_CHECK_CONSUMER) timestamp=2422 ms, used_size=3246080 bytes (7.9%)
(RDMA_READ_CONSUME_CHECK_CONSUMER) timestamp=2422 ms, used_size=3244032 bytes (7.9%)
(RDMA_READ_CONSUME_CHECK_CONSUMER) timestamp=2422 ms, used_size=3241984 bytes (7.9%)
(RDMA_READ_CONSUME_CHECK_CONSUMER) timestamp=2422 ms, used_size=3239936 bytes (7.9%)
(RDMA_READ_CONSUME_CHECK_CONSUMER) timestamp=2422 ms, used_size=3237888 bytes (7.9%)
(RDMA_READ_CONSUME_CHECK_CONSUMER) timestamp=2422 ms, used_size=3235840 bytes (7.9%)
(RDMA_READ_CONSUME_CHECK_CONSUMER) timestamp=2422 ms, used_size=3233792 bytes (7.9%)
(RDMA_READ_CONSUME_CHECK_CONSUMER) timestamp=2422 ms, used_size=3231744 bytes (7.9%)
(RDMA_READ_CONSUME_CHECK_CONSUMER) timestamp=2422 ms, used_size=3229696 bytes (7.9%)
(RDMA_READ_CONSUME_CHECK_CONSUMER) timestamp=2422 ms, used_size=3227648 bytes (7.9%)
(RDMA_READ_CONSUME_CHECK_CONSUMER) timestamp=2422 ms, used_size=3225600 bytes (7.9%)
(RDMA_READ_CONSUME_CHECK_CONSUMER) timestamp=2422 ms, used_size=3223552 bytes (7.9%)
(RDMA_READ_CONSUME_CHECK_CONSUMER) timestamp=2422 ms, used_size=3221504 bytes (7.9%)
(RDMA_READ_CONSUME_CHECK_CONSUMER) timestamp=2422 ms, used_size=3219456 bytes (7.9%)
(RDMA_READ_CONSUME_CHECK_CONSUMER) timestamp=2422 ms, used_size=3217408 bytes (7.9%)
(RDMA_READ_CONSUME_CHECK_CONSUMER) timestamp=2422 ms, used_size=3215360 bytes (7.8%)
(RDMA_READ_CONSUME_CHECK_CONSUMER) timestamp=2422 ms, used_size=3213312 bytes (7.8%)
(RDMA_READ_CONSUME_CHECK_CONSUMER) timestamp=2422 ms, used_size=3211264 bytes (7.8%)
(RDMA_READ_CONSUME_CHECK_CONSUMER) timestamp=2422 ms, used_size=3209216 bytes (7.8%)
(RDMA_READ_CONSUME_CHECK_CONSUMER) timestamp=2422 ms, used_size=3207168 bytes (7.8%)
(RDMA_READ_CONSUME_CHECK_CONSUMER) timestamp=2422 ms, used_size=3205120 bytes (7.8%)
(RDMA_READ_CONSUME_CHECK_CONSUMER) timestamp=2422 ms, used_size=3203072 bytes (7.8%)
(RDMA_READ_CONSUME_CHECK_CONSUMER) timestamp=2422 ms, used_size=3201024 bytes (7.8%)
(RDMA_READ_CONSUME_CHECK_CONSUMER) timestamp=2422 ms, used_size=3198976 bytes (7.8%)
(RDMA_READ_CONSUME_CHECK_CONSUMER) timestamp=2422 ms, used_size=3196928 bytes (7.8%)
(RDMA_READ_CONSUME_CHECK_CONSUMER) timestamp=2422 ms, used_size=3194880 bytes (7.8%)
(RDMA_READ_CONSUME_CHECK_CONSUMER) timestamp=2422 ms, used_size=3192832 bytes (7.8%)
(RDMA_READ_CONSUME_CHECK_CONSUMER) timestamp=2422 ms, used_size=3190784 bytes (7.8%)
(RDMA_READ_CONSUME_CHECK_CONSUMER) timestamp=2422 ms, used_size=3188736 bytes (7.8%)
(RDMA_READ_CONSUME_CHECK_CONSUMER) timestamp=2422 ms, used_size=3186688 bytes (7.8%)
(RDMA_READ_CONSUME_CHECK_CONSUMER) timestamp=2422 ms, used_size=3184640 bytes (7.8%)
(RDMA_READ_CONSUME_CHECK_CONSUMER) timestamp=2422 ms, used_size=3182592 bytes (7.8%)
(RDMA_READ_CONSUME_CHECK_CONSUMER) timestamp=2422 ms, used_size=3180544 bytes (7.8%)
(RDMA_READ_CONSUME_CHECK_CONSUMER) timestamp=2422 ms, used_size=3178496 bytes (7.8%)
(RDMA_READ_CONSUME_CHECK_CONSUMER) timestamp=2422 ms, used_size=3176448 bytes (7.8%)
(RDMA_READ_CONSUME_CHECK_CONSUMER) timestamp=2422 ms, used_size=3174400 bytes (7.8%)
(RDMA_READ_CONSUME_CHECK_CONSUMER) timestamp=2422 ms, used_size=3172352 bytes (7.7%)
(RDMA_READ_CONSUME_CHECK_CONSUMER) timestamp=2422 ms, used_size=3170304 bytes (7.7%)
(RDMA_READ_CONSUME_CHECK_CONSUMER) timestamp=2422 ms, used_size=3168256 bytes (7.7%)
(RDMA_READ_CONSUME_CHECK_CONSUMER) timestamp=2422 ms, used_size=3166208 bytes (7.7%)
(RDMA_READ_CONSUME_CHECK_CONSUMER) timestamp=2422 ms, used_size=3164160 bytes (7.7%)
(RDMA_READ_CONSUME_CHECK_CONSUMER) timestamp=2422 ms, used_size=3162112 bytes (7.7%)
(RDMA_READ_CONSUME_CHECK_CONSUMER) timestamp=2422 ms, used_size=3160064 bytes (7.7%)
(RDMA_READ_CONSUME_CHECK_CONSUMER) timestamp=2422 ms, used_size=3158016 bytes (7.7%)
(RDMA_READ_CONSUME_CHECK_CONSUMER) timestamp=2422 ms, used_size=3155968 bytes (7.7%)
(RDMA_READ_CONSUME_CHECK_CONSUMER) timestamp=2422 ms, used_size=3153920 bytes (7.7%)
(RDMA_READ_CONSUME_CHECK_CONSUMER) timestamp=2422 ms, used_size=3151872 bytes (7.7%)
(RDMA_READ_CONSUME_CHECK_CONSUMER) timestamp=2422 ms, used_size=3149824 bytes (7.7%)
(RDMA_READ_CONSUME_CHECK_CONSUMER) timestamp=2422 ms, used_size=3147776 bytes (7.7%)
(RDMA_READ_CONSUME_CHECK_CONSUMER) timestamp=2422 ms, used_size=3145728 bytes (7.7%)
(RDMA_READ_CONSUME_CHECK_CONSUMER) timestamp=2422 ms, used_size=3143680 bytes (7.7%)
(RDMA_READ_CONSUME_CHECK_CONSUMER) timestamp=2422 ms, used_size=3141632 bytes (7.7%)
(RDMA_READ_CONSUME_CHECK_CONSUMER) timestamp=2422 ms, used_size=3139584 bytes (7.7%)
(RDMA_READ_CONSUME_CHECK_CONSUMER) timestamp=2422 ms, used_size=3137536 bytes (7.7%)
(RDMA_READ_CONSUME_CHECK_CONSUMER) timestamp=2422 ms, used_size=3135488 bytes (7.7%)
(RDMA_READ_CONSUME_CHECK_CONSUMER) timestamp=2422 ms, used_size=3133440 bytes (7.7%)
(RDMA_READ_CONSUME_CHECK_CONSUMER) timestamp=2422 ms, used_size=3131392 bytes (7.6%)
(RDMA_READ_CONSUME_CHECK_CONSUMER) timestamp=2422 ms, used_size=3129344 bytes (7.6%)
(RDMA_READ_CONSUME_CHECK_CONSUMER) timestamp=2422 ms, used_size=3127296 bytes (7.6%)
(RDMA_READ_CONSUME_CHECK_CONSUMER) timestamp=2422 ms, used_size=3125248 bytes (7.6%)
(RDMA_READ_CONSUME_CHECK_CONSUMER) timestamp=2422 ms, used_size=3123200 bytes (7.6%)
(RDMA_READ_CONSUME_CHECK_CONSUMER) timestamp=2422 ms, used_size=3121152 bytes (7.6%)
(RDMA_READ_CONSUME_CHECK_CONSUMER) timestamp=2422 ms, used_size=3119104 bytes (7.6%)
(RDMA_READ_CONSUME_CHECK_CONSUMER) timestamp=2422 ms, used_size=3117056 bytes (7.6%)
(RDMA_READ_CONSUME_CHECK_CONSUMER) timestamp=2422 ms, used_size=3115008 bytes (7.6%)
(RDMA_READ_CONSUME_CHECK_CONSUMER) timestamp=2422 ms, used_size=3112960 bytes (7.6%)
(RDMA_READ_CONSUME_CHECK_CONSUMER) timestamp=2422 ms, used_size=3110912 bytes (7.6%)
(RDMA_READ_CONSUME_CHECK_CONSUMER) timestamp=2422 ms, used_size=3108864 bytes (7.6%)
(RDMA_READ_CONSUME_CHECK_CONSUMER) timestamp=2422 ms, used_size=3106816 bytes (7.6%)
(RDMA_READ_CONSUME_CHECK_CONSUMER) timestamp=2422 ms, used_size=3104768 bytes (7.6%)
(RDMA_READ_CONSUME_CHECK_CONSUMER) timestamp=2422 ms, used_size=3102720 bytes (7.6%)
(RDMA_READ_CONSUME_CHECK_CONSUMER) timestamp=2422 ms, used_size=3100672 bytes (7.6%)
(RDMA_READ_CONSUME_CHECK_CONSUMER) timestamp=2422 ms, used_size=3098624 bytes (7.6%)
(RDMA_READ_CONSUME_CHECK_CONSUMER) timestamp=2422 ms, used_size=3096576 bytes (7.6%)
(RDMA_READ_CONSUME_CHECK_CONSUMER) timestamp=2422 ms, used_size=3094528 bytes (7.6%)
(RDMA_READ_CONSUME_CHECK_CONSUMER) timestamp=2422 ms, used_size=3092480 bytes (7.5%)
(RDMA_READ_CONSUME_CHECK_CONSUMER) timestamp=2422 ms, used_size=3090432 bytes (7.5%)
(RDMA_READ_CONSUME_CHECK_CONSUMER) timestamp=2422 ms, used_size=3088384 bytes (7.5%)
(RDMA_READ_CONSUME_CHECK_CONSUMER) timestamp=2422 ms, used_size=3086336 bytes (7.5%)
(RDMA_READ_CONSUME_CHECK_CONSUMER) timestamp=2422 ms, used_size=3084288 bytes (7.5%)
(RDMA_READ_CONSUME_CHECK_CONSUMER) timestamp=2422 ms, used_size=3082240 bytes (7.5%)
(RDMA_READ_CONSUME_CHECK_CONSUMER) timestamp=2422 ms, used_size=3080192 bytes (7.5%)
(RDMA_READ_CONSUME_CHECK_CONSUMER) timestamp=2422 ms, used_size=3078144 bytes (7.5%)
(RDMA_READ_CONSUME_CHECK_CONSUMER) timestamp=2422 ms, used_size=3076096 bytes (7.5%)
(RDMA_READ_CONSUME_CHECK_CONSUMER) timestamp=2422 ms, used_size=3074048 bytes (7.5%)
(RDMA_READ_CONSUME_CHECK_CONSUMER) timestamp=2422 ms, used_size=3072000 bytes (7.5%)
(RDMA_READ_CONSUME_CHECK_CONSUMER) timestamp=2422 ms, used_size=3069952 bytes (7.5%)
(RDMA_READ_CONSUME_CHECK_CONSUMER) timestamp=2422 ms, used_size=3067904 bytes (7.5%)
(RDMA_READ_CONSUME_CHECK_CONSUMER) timestamp=2422 ms, used_size=3065856 bytes (7.5%)
(RDMA_READ_CONSUME_CHECK_CONSUMER) timestamp=2422 ms, used_size=3063808 bytes (7.5%)
(RDMA_READ_CONSUME_CHECK_CONSUMER) timestamp=2422 ms, used_size=3061760 bytes (7.5%)
(RDMA_READ_CONSUME_CHECK_CONSUMER) timestamp=2422 ms, used_size=3059712 bytes (7.5%)
(RDMA_READ_CONSUME_CHECK_CONSUMER) timestamp=2422 ms, used_size=3057664 bytes (7.5%)
(RDMA_READ_CONSUME_CHECK_CONSUMER) timestamp=2422 ms, used_size=3055616 bytes (7.5%)
(RDMA_READ_CONSUME_CHECK_CONSUMER) timestamp=2422 ms, used_size=3053568 bytes (7.5%)
(RDMA_READ_CONSUME_CHECK_CONSUMER) timestamp=2422 ms, used_size=3051520 bytes (7.5%)
(RDMA_READ_CONSUME_CHECK_CONSUMER) timestamp=2422 ms, used_size=3049472 bytes (7.4%)
(RDMA_READ_CONSUME_CHECK_CONSUMER) timestamp=2422 ms, used_size=3047424 bytes (7.4%)
(RDMA_READ_CONSUME_CHECK_CONSUMER) timestamp=2422 ms, used_size=3045376 bytes (7.4%)
(RDMA_READ_CONSUME_CHECK_CONSUMER) timestamp=2422 ms, used_size=3043328 bytes (7.4%)
(RDMA_READ_CONSUME_CHECK_CONSUMER) timestamp=2422 ms, used_size=3041280 bytes (7.4%)
(RDMA_READ_CONSUME_CHECK_CONSUMER) timestamp=2422 ms, used_size=3039232 bytes (7.4%)
(RDMA_READ_CONSUME_CHECK_CONSUMER) timestamp=2422 ms, used_size=3037184 bytes (7.4%)
(RDMA_READ_CONSUME_CHECK_CONSUMER) timestamp=2422 ms, used_size=3035136 bytes (7.4%)
(RDMA_READ_CONSUME_CHECK_CONSUMER) timestamp=2422 ms, used_size=3033088 bytes (7.4%)
(RDMA_READ_CONSUME_CHECK_CONSUMER) timestamp=2422 ms, used_size=3031040 bytes (7.4%)
(RDMA_READ_CONSUME_CHECK_CONSUMER) timestamp=2422 ms, used_size=3028992 bytes (7.4%)
(RDMA_READ_CONSUME_CHECK_CONSUMER) timestamp=2422 ms, used_size=3026944 bytes (7.4%)
(RDMA_READ_CONSUME_CHECK_CONSUMER) timestamp=2422 ms, used_size=3024896 bytes (7.4%)
(RDMA_READ_CONSUME_CHECK_CONSUMER) timestamp=2422 ms, used_size=3022848 bytes (7.4%)
(RDMA_READ_CONSUME_CHECK_CONSUMER) timestamp=2422 ms, used_size=3020800 bytes (7.4%)
(RDMA_READ_CONSUME_CHECK_CONSUMER) timestamp=2422 ms, used_size=3018752 bytes (7.4%)
(RDMA_READ_CONSUME_CHECK_CONSUMER) timestamp=2422 ms, used_size=3016704 bytes (7.4%)
(RDMA_READ_CONSUME_CHECK_CONSUMER) timestamp=2422 ms, used_size=3014656 bytes (7.4%)
(RDMA_READ_CONSUME_CHECK_CONSUMER) timestamp=2422 ms, used_size=3012608 bytes (7.4%)
(RDMA_READ_CONSUME_CHECK_CONSUMER) timestamp=2422 ms, used_size=3010560 bytes (7.3%)
(RDMA_READ_CONSUME_CHECK_CONSUMER) timestamp=2423 ms, used_size=3008512 bytes (7.3%)
(RDMA_READ_CONSUME_CHECK_CONSUMER) timestamp=2423 ms, used_size=3006464 bytes (7.3%)
(RDMA_READ_CONSUME_CHECK_CONSUMER) timestamp=2423 ms, used_size=3004416 bytes (7.3%)
(RDMA_READ_CONSUME_CHECK_CONSUMER) timestamp=2423 ms, used_size=3002368 bytes (7.3%)
(RDMA_READ_CONSUME_CHECK_CONSUMER) timestamp=2423 ms, used_size=3000320 bytes (7.3%)
(RDMA_READ_CONSUME_CHECK_CONSUMER) timestamp=2423 ms, used_size=2998272 bytes (7.3%)
(RDMA_READ_CONSUME_CHECK_CONSUMER) timestamp=2423 ms, used_size=2996224 bytes (7.3%)
(RDMA_READ_CONSUME_CHECK_CONSUMER) timestamp=2423 ms, used_size=2994176 bytes (7.3%)
(RDMA_READ_CONSUME_CHECK_CONSUMER) timestamp=2423 ms, used_size=2992128 bytes (7.3%)
(RDMA_READ_CONSUME_CHECK_CONSUMER) timestamp=2423 ms, used_size=2990080 bytes (7.3%)
(RDMA_READ_CONSUME_CHECK_CONSUMER) timestamp=2423 ms, used_size=2988032 bytes (7.3%)
(RDMA_READ_CONSUME_CHECK_CONSUMER) timestamp=2423 ms, used_size=2985984 bytes (7.3%)
(RDMA_READ_CONSUME_CHECK_CONSUMER) timestamp=2423 ms, used_size=2983936 bytes (7.3%)
(RDMA_READ_CONSUME_CHECK_CONSUMER) timestamp=2423 ms, used_size=2981888 bytes (7.3%)
(RDMA_READ_CONSUME_CHECK_CONSUMER) timestamp=2423 ms, used_size=2979840 bytes (7.3%)
(RDMA_READ_CONSUME_CHECK_CONSUMER) timestamp=2423 ms, used_size=2977792 bytes (7.3%)
(RDMA_READ_CONSUME_CHECK_CONSUMER) timestamp=2423 ms, used_size=2975744 bytes (7.3%)
(RDMA_READ_CONSUME_CHECK_CONSUMER) timestamp=2423 ms, used_size=2973696 bytes (7.3%)
(RDMA_READ_CONSUME_CHECK_CONSUMER) timestamp=2423 ms, used_size=2971648 bytes (7.3%)
(RDMA_READ_CONSUME_CHECK_CONSUMER) timestamp=2423 ms, used_size=2969600 bytes (7.2%)
(RDMA_READ_CONSUME_CHECK_CONSUMER) timestamp=2423 ms, used_size=2967552 bytes (7.2%)
(RDMA_READ_CONSUME_CHECK_CONSUMER) timestamp=2423 ms, used_size=2965504 bytes (7.2%)
(RDMA_READ_CONSUME_CHECK_CONSUMER) timestamp=2423 ms, used_size=2963456 bytes (7.2%)
(RDMA_READ_CONSUME_CHECK_CONSUMER) timestamp=2423 ms, used_size=2961408 bytes (7.2%)
(RDMA_READ_CONSUME_CHECK_CONSUMER) timestamp=2423 ms, used_size=2959360 bytes (7.2%)
(RDMA_READ_CONSUME_CHECK_CONSUMER) timestamp=2423 ms, used_size=2957312 bytes (7.2%)
(RDMA_READ_CONSUME_CHECK_CONSUMER) timestamp=2423 ms, used_size=2955264 bytes (7.2%)
(RDMA_READ_CONSUME_CHECK_CONSUMER) timestamp=2423 ms, used_size=2953216 bytes (7.2%)
(RDMA_READ_CONSUME_CHECK_CONSUMER) timestamp=2423 ms, used_size=2951168 bytes (7.2%)
(RDMA_READ_CONSUME_CHECK_CONSUMER) timestamp=2423 ms, used_size=2949120 bytes (7.2%)
(RDMA_READ_CONSUME_CHECK_CONSUMER) timestamp=2423 ms, used_size=2947072 bytes (7.2%)
(RDMA_READ_CONSUME_CHECK_CONSUMER) timestamp=2423 ms, used_size=2945024 bytes (7.2%)
(RDMA_READ_CONSUME_CHECK_CONSUMER) timestamp=2423 ms, used_size=2942976 bytes (7.2%)
(RDMA_READ_CONSUME_CHECK_CONSUMER) timestamp=2423 ms, used_size=2940928 bytes (7.2%)
(RDMA_READ_CONSUME_CHECK_CONSUMER) timestamp=2423 ms, used_size=2938880 bytes (7.2%)
(RDMA_READ_CONSUME_CHECK_CONSUMER) timestamp=2423 ms, used_size=2936832 bytes (7.2%)
(RDMA_READ_CONSUME_CHECK_CONSUMER) timestamp=2423 ms, used_size=2934784 bytes (7.2%)
(RDMA_READ_CONSUME_CHECK_CONSUMER) timestamp=2423 ms, used_size=2932736 bytes (7.2%)
(RDMA_READ_CONSUME_CHECK_CONSUMER) timestamp=2423 ms, used_size=2930688 bytes (7.2%)
(RDMA_READ_CONSUME_CHECK_CONSUMER) timestamp=2423 ms, used_size=2928640 bytes (7.2%)
(RDMA_READ_CONSUME_CHECK_CONSUMER) timestamp=2423 ms, used_size=2926592 bytes (7.1%)
(RDMA_READ_CONSUME_CHECK_CONSUMER) timestamp=2423 ms, used_size=2924544 bytes (7.1%)
(RDMA_READ_CONSUME_CHECK_CONSUMER) timestamp=2423 ms, used_size=2922496 bytes (7.1%)
(RDMA_READ_CONSUME_CHECK_CONSUMER) timestamp=2423 ms, used_size=2920448 bytes (7.1%)
(RDMA_READ_CONSUME_CHECK_CONSUMER) timestamp=2423 ms, used_size=2918400 bytes (7.1%)
(RDMA_READ_CONSUME_CHECK_CONSUMER) timestamp=2423 ms, used_size=2916352 bytes (7.1%)
(RDMA_READ_CONSUME_CHECK_CONSUMER) timestamp=2423 ms, used_size=2914304 bytes (7.1%)
(RDMA_READ_CONSUME_CHECK_CONSUMER) timestamp=2423 ms, used_size=2912256 bytes (7.1%)
(RDMA_READ_CONSUME_CHECK_CONSUMER) timestamp=2423 ms, used_size=2910208 bytes (7.1%)
(RDMA_READ_CONSUME_CHECK_CONSUMER) timestamp=2423 ms, used_size=2908160 bytes (7.1%)
(RDMA_READ_CONSUME_CHECK_CONSUMER) timestamp=2423 ms, used_size=2906112 bytes (7.1%)
(RDMA_READ_CONSUME_CHECK_CONSUMER) timestamp=2423 ms, used_size=2904064 bytes (7.1%)
(RDMA_READ_CONSUME_CHECK_CONSUMER) timestamp=2423 ms, used_size=2902016 bytes (7.1%)
(RDMA_READ_CONSUME_CHECK_CONSUMER) timestamp=2423 ms, used_size=2899968 bytes (7.1%)
(RDMA_READ_CONSUME_CHECK_CONSUMER) timestamp=2423 ms, used_size=2897920 bytes (7.1%)
(RDMA_READ_CONSUME_CHECK_CONSUMER) timestamp=2423 ms, used_size=2895872 bytes (7.1%)
(RDMA_READ_CONSUME_CHECK_CONSUMER) timestamp=2423 ms, used_size=2893824 bytes (7.1%)
(RDMA_READ_CONSUME_CHECK_CONSUMER) timestamp=2423 ms, used_size=2891776 bytes (7.1%)
(RDMA_READ_CONSUME_CHECK_CONSUMER) timestamp=2423 ms, used_size=2889728 bytes (7.1%)
(RDMA_READ_CONSUME_CHECK_CONSUMER) timestamp=2423 ms, used_size=2887680 bytes (7.0%)
(RDMA_READ_CONSUME_CHECK_CONSUMER) timestamp=2423 ms, used_size=2885632 bytes (7.0%)
(RDMA_READ_CONSUME_CHECK_CONSUMER) timestamp=2423 ms, used_size=2883584 bytes (7.0%)
(RDMA_READ_CONSUME_CHECK_CONSUMER) timestamp=2423 ms, used_size=2881536 bytes (7.0%)
(RDMA_READ_CONSUME_CHECK_CONSUMER) timestamp=2423 ms, used_size=2879488 bytes (7.0%)
(RDMA_READ_CONSUME_CHECK_CONSUMER) timestamp=2423 ms, used_size=2877440 bytes (7.0%)
(RDMA_READ_CONSUME_CHECK_CONSUMER) timestamp=2423 ms, used_size=2875392 bytes (7.0%)
(RDMA_READ_CONSUME_CHECK_CONSUMER) timestamp=2423 ms, used_size=2873344 bytes (7.0%)
(RDMA_READ_CONSUME_CHECK_CONSUMER) timestamp=2423 ms, used_size=2871296 bytes (7.0%)
(RDMA_READ_CONSUME_CHECK_CONSUMER) timestamp=2423 ms, used_size=2869248 bytes (7.0%)
(RDMA_READ_CONSUME_CHECK_CONSUMER) timestamp=2423 ms, used_size=2867200 bytes (7.0%)
(RDMA_READ_CONSUME_CHECK_CONSUMER) timestamp=2423 ms, used_size=2865152 bytes (7.0%)
(RDMA_READ_CONSUME_CHECK_CONSUMER) timestamp=2423 ms, used_size=2863104 bytes (7.0%)
(RDMA_READ_CONSUME_CHECK_CONSUMER) timestamp=2423 ms, used_size=2861056 bytes (7.0%)
(RDMA_READ_CONSUME_CHECK_CONSUMER) timestamp=2423 ms, used_size=2859008 bytes (7.0%)
(RDMA_READ_CONSUME_CHECK_CONSUMER) timestamp=2423 ms, used_size=2856960 bytes (7.0%)
(RDMA_READ_CONSUME_CHECK_CONSUMER) timestamp=2423 ms, used_size=2854912 bytes (7.0%)
(RDMA_READ_CONSUME_CHECK_CONSUMER) timestamp=2423 ms, used_size=2852864 bytes (7.0%)
(RDMA_READ_CONSUME_CHECK_CONSUMER) timestamp=2423 ms, used_size=2850816 bytes (7.0%)
(RDMA_READ_CONSUME_CHECK_CONSUMER) timestamp=2423 ms, used_size=2848768 bytes (7.0%)
(RDMA_READ_CONSUME_CHECK_CONSUMER) timestamp=2423 ms, used_size=2846720 bytes (7.0%)
(RDMA_READ_CONSUME_CHECK_CONSUMER) timestamp=2423 ms, used_size=2844672 bytes (6.9%)
(RDMA_READ_CONSUME_CHECK_CONSUMER) timestamp=2423 ms, used_size=2842624 bytes (6.9%)
(RDMA_READ_CONSUME_CHECK_CONSUMER) timestamp=2423 ms, used_size=2840576 bytes (6.9%)
(RDMA_READ_CONSUME_CHECK_CONSUMER) timestamp=2423 ms, used_size=2838528 bytes (6.9%)
(RDMA_READ_CONSUME_CHECK_CONSUMER) timestamp=2423 ms, used_size=2836480 bytes (6.9%)
(RDMA_READ_CONSUME_CHECK_CONSUMER) timestamp=2423 ms, used_size=2834432 bytes (6.9%)
(RDMA_READ_CONSUME_CHECK_CONSUMER) timestamp=2423 ms, used_size=2832384 bytes (6.9%)
(RDMA_READ_CONSUME_CHECK_CONSUMER) timestamp=2423 ms, used_size=2830336 bytes (6.9%)
(RDMA_READ_CONSUME_CHECK_CONSUMER) timestamp=2423 ms, used_size=2828288 bytes (6.9%)
(RDMA_READ_CONSUME_CHECK_CONSUMER) timestamp=2423 ms, used_size=2826240 bytes (6.9%)
(RDMA_READ_CONSUME_CHECK_CONSUMER) timestamp=2423 ms, used_size=2824192 bytes (6.9%)
(RDMA_READ_CONSUME_CHECK_CONSUMER) timestamp=2423 ms, used_size=2822144 bytes (6.9%)
(RDMA_READ_CONSUME_CHECK_CONSUMER) timestamp=2423 ms, used_size=2820096 bytes (6.9%)
(RDMA_READ_CONSUME_CHECK_CONSUMER) timestamp=2423 ms, used_size=2818048 bytes (6.9%)
(RDMA_READ_CONSUME_CHECK_CONSUMER) timestamp=2423 ms, used_size=2816000 bytes (6.9%)
(RDMA_READ_CONSUME_CHECK_CONSUMER) timestamp=2423 ms, used_size=2813952 bytes (6.9%)
(RDMA_READ_CONSUME_CHECK_CONSUMER) timestamp=2423 ms, used_size=2811904 bytes (6.9%)
(RDMA_READ_CONSUME_CHECK_CONSUMER) timestamp=2423 ms, used_size=2809856 bytes (6.9%)
(RDMA_READ_CONSUME_CHECK_CONSUMER) timestamp=2423 ms, used_size=2807808 bytes (6.9%)
(RDMA_READ_CONSUME_CHECK_CONSUMER) timestamp=2423 ms, used_size=2805760 bytes (6.8%)
(RDMA_READ_CONSUME_CHECK_CONSUMER) timestamp=2423 ms, used_size=2803712 bytes (6.8%)
(RDMA_READ_CONSUME_CHECK_CONSUMER) timestamp=2423 ms, used_size=2801664 bytes (6.8%)
(RDMA_READ_CONSUME_CHECK_CONSUMER) timestamp=2423 ms, used_size=2799616 bytes (6.8%)
(RDMA_READ_CONSUME_CHECK_CONSUMER) timestamp=2423 ms, used_size=2797568 bytes (6.8%)
(RDMA_READ_CONSUME_CHECK_CONSUMER) timestamp=2423 ms, used_size=2795520 bytes (6.8%)
(RDMA_READ_CONSUME_CHECK_CONSUMER) timestamp=2423 ms, used_size=2793472 bytes (6.8%)
(RDMA_READ_CONSUME_CHECK_CONSUMER) timestamp=2423 ms, used_size=2791424 bytes (6.8%)
(RDMA_READ_CONSUME_CHECK_CONSUMER) timestamp=2423 ms, used_size=2789376 bytes (6.8%)
(RDMA_READ_CONSUME_CHECK_CONSUMER) timestamp=2423 ms, used_size=2787328 bytes (6.8%)
(RDMA_READ_CONSUME_CHECK_CONSUMER) timestamp=2423 ms, used_size=2785280 bytes (6.8%)
(RDMA_READ_CONSUME_CHECK_CONSUMER) timestamp=2423 ms, used_size=2783232 bytes (6.8%)
(RDMA_READ_CONSUME_CHECK_CONSUMER) timestamp=2423 ms, used_size=2781184 bytes (6.8%)
(RDMA_READ_CONSUME_CHECK_CONSUMER) timestamp=2423 ms, used_size=2779136 bytes (6.8%)
(RDMA_READ_CONSUME_CHECK_CONSUMER) timestamp=2423 ms, used_size=2777088 bytes (6.8%)
(RDMA_READ_CONSUME_CHECK_CONSUMER) timestamp=2423 ms, used_size=2775040 bytes (6.8%)
(RDMA_READ_CONSUME_CHECK_CONSUMER) timestamp=2423 ms, used_size=2772992 bytes (6.8%)
(RDMA_READ_CONSUME_CHECK_CONSUMER) timestamp=2423 ms, used_size=2770944 bytes (6.8%)
(RDMA_READ_CONSUME_CHECK_CONSUMER) timestamp=2423 ms, used_size=2768896 bytes (6.8%)
(RDMA_READ_CONSUME_CHECK_CONSUMER) timestamp=2423 ms, used_size=2766848 bytes (6.8%)
(RDMA_READ_CONSUME_CHECK_CONSUMER) timestamp=2423 ms, used_size=2764800 bytes (6.8%)
(RDMA_READ_CONSUME_CHECK_CONSUMER) timestamp=2423 ms, used_size=2762752 bytes (6.7%)
(RDMA_READ_CONSUME_CHECK_CONSUMER) timestamp=2423 ms, used_size=2760704 bytes (6.7%)
(RDMA_READ_CONSUME_CHECK_CONSUMER) timestamp=2423 ms, used_size=2758656 bytes (6.7%)
(RDMA_READ_CONSUME_CHECK_CONSUMER) timestamp=2423 ms, used_size=2756608 bytes (6.7%)
(RDMA_READ_CONSUME_CHECK_CONSUMER) timestamp=2423 ms, used_size=2754560 bytes (6.7%)
(RDMA_READ_CONSUME_CHECK_CONSUMER) timestamp=2423 ms, used_size=2752512 bytes (6.7%)
(RDMA_READ_CONSUME_CHECK_CONSUMER) timestamp=2423 ms, used_size=2750464 bytes (6.7%)
(RDMA_READ_CONSUME_CHECK_CONSUMER) timestamp=2423 ms, used_size=2748416 bytes (6.7%)
(RDMA_READ_CONSUME_CHECK_CONSUMER) timestamp=2423 ms, used_size=2746368 bytes (6.7%)
(RDMA_READ_CONSUME_CHECK_CONSUMER) timestamp=2423 ms, used_size=2744320 bytes (6.7%)
(RDMA_READ_CONSUME_CHECK_CONSUMER) timestamp=2423 ms, used_size=2742272 bytes (6.7%)
(RDMA_READ_CONSUME_CHECK_CONSUMER) timestamp=2423 ms, used_size=2740224 bytes (6.7%)
(RDMA_READ_CONSUME_CHECK_CONSUMER) timestamp=2423 ms, used_size=2738176 bytes (6.7%)
(RDMA_READ_CONSUME_CHECK_CONSUMER) timestamp=2423 ms, used_size=2736128 bytes (6.7%)
(RDMA_READ_CONSUME_CHECK_CONSUMER) timestamp=2423 ms, used_size=2734080 bytes (6.7%)
(RDMA_READ_CONSUME_CHECK_CONSUMER) timestamp=2423 ms, used_size=2732032 bytes (6.7%)
(RDMA_READ_CONSUME_CHECK_CONSUMER) timestamp=2423 ms, used_size=2729984 bytes (6.7%)
(RDMA_READ_CONSUME_CHECK_CONSUMER) timestamp=2423 ms, used_size=2727936 bytes (6.7%)
(RDMA_READ_CONSUME_CHECK_CONSUMER) timestamp=2423 ms, used_size=2725888 bytes (6.7%)
(RDMA_READ_CONSUME_CHECK_CONSUMER) timestamp=2423 ms, used_size=2723840 bytes (6.7%)
(RDMA_READ_CONSUME_CHECK_CONSUMER) timestamp=2423 ms, used_size=2721792 bytes (6.6%)
(RDMA_READ_CONSUME_CHECK_CONSUMER) timestamp=2423 ms, used_size=2719744 bytes (6.6%)
(RDMA_READ_CONSUME_CHECK_CONSUMER) timestamp=2423 ms, used_size=2717696 bytes (6.6%)
(RDMA_READ_CONSUME_CHECK_CONSUMER) timestamp=2423 ms, used_size=2715648 bytes (6.6%)
(RDMA_READ_CONSUME_CHECK_CONSUMER) timestamp=2423 ms, used_size=2713600 bytes (6.6%)
(RDMA_READ_CONSUME_CHECK_CONSUMER) timestamp=2423 ms, used_size=2711552 bytes (6.6%)
(RDMA_READ_CONSUME_CHECK_CONSUMER) timestamp=2423 ms, used_size=2709504 bytes (6.6%)
(RDMA_READ_CONSUME_CHECK_CONSUMER) timestamp=2423 ms, used_size=2707456 bytes (6.6%)
(RDMA_READ_CONSUME_CHECK_CONSUMER) timestamp=2423 ms, used_size=2705408 bytes (6.6%)
(RDMA_READ_CONSUME_CHECK_CONSUMER) timestamp=2423 ms, used_size=2703360 bytes (6.6%)
(RDMA_READ_CONSUME_CHECK_CONSUMER) timestamp=2423 ms, used_size=2701312 bytes (6.6%)
(RDMA_READ_CONSUME_CHECK_CONSUMER) timestamp=2423 ms, used_size=2699264 bytes (6.6%)
(RDMA_READ_CONSUME_CHECK_CONSUMER) timestamp=2423 ms, used_size=2697216 bytes (6.6%)
(RDMA_READ_CONSUME_CHECK_CONSUMER) timestamp=2423 ms, used_size=2695168 bytes (6.6%)
(RDMA_READ_CONSUME_CHECK_CONSUMER) timestamp=2423 ms, used_size=2693120 bytes (6.6%)
(RDMA_READ_CONSUME_CHECK_CONSUMER) timestamp=2423 ms, used_size=2691072 bytes (6.6%)
(RDMA_READ_CONSUME_CHECK_CONSUMER) timestamp=2423 ms, used_size=2689024 bytes (6.6%)
(RDMA_READ_CONSUME_CHECK_CONSUMER) timestamp=2423 ms, used_size=2686976 bytes (6.6%)
(RDMA_READ_CONSUME_CHECK_CONSUMER) timestamp=2423 ms, used_size=2684928 bytes (6.6%)
(RDMA_READ_CONSUME_CHECK_CONSUMER) timestamp=2423 ms, used_size=2682880 bytes (6.5%)
(RDMA_READ_CONSUME_CHECK_CONSUMER) timestamp=2423 ms, used_size=2680832 bytes (6.5%)
(RDMA_READ_CONSUME_CHECK_CONSUMER) timestamp=2423 ms, used_size=2678784 bytes (6.5%)
(RDMA_READ_CONSUME_CHECK_CONSUMER) timestamp=2423 ms, used_size=2676736 bytes (6.5%)
(RDMA_READ_CONSUME_CHECK_CONSUMER) timestamp=2423 ms, used_size=2674688 bytes (6.5%)
(RDMA_READ_CONSUME_CHECK_CONSUMER) timestamp=2423 ms, used_size=2672640 bytes (6.5%)
(RDMA_READ_CONSUME_CHECK_CONSUMER) timestamp=2423 ms, used_size=2670592 bytes (6.5%)
(RDMA_READ_CONSUME_CHECK_CONSUMER) timestamp=2423 ms, used_size=2668544 bytes (6.5%)
(RDMA_READ_CONSUME_CHECK_CONSUMER) timestamp=2423 ms, used_size=2666496 bytes (6.5%)
(RDMA_READ_CONSUME_CHECK_CONSUMER) timestamp=2423 ms, used_size=2664448 bytes (6.5%)
(RDMA_READ_CONSUME_CHECK_CONSUMER) timestamp=2423 ms, used_size=2662400 bytes (6.5%)
(RDMA_READ_CONSUME_CHECK_CONSUMER) timestamp=2423 ms, used_size=2660352 bytes (6.5%)
(RDMA_READ_CONSUME_CHECK_CONSUMER) timestamp=2423 ms, used_size=2658304 bytes (6.5%)
(RDMA_READ_CONSUME_CHECK_CONSUMER) timestamp=2423 ms, used_size=2656256 bytes (6.5%)
(RDMA_READ_CONSUME_CHECK_CONSUMER) timestamp=2423 ms, used_size=2654208 bytes (6.5%)
(RDMA_READ_CONSUME_CHECK_CONSUMER) timestamp=2423 ms, used_size=2652160 bytes (6.5%)
(RDMA_READ_CONSUME_CHECK_CONSUMER) timestamp=2423 ms, used_size=2650112 bytes (6.5%)
(RDMA_READ_CONSUME_CHECK_CONSUMER) timestamp=2423 ms, used_size=2648064 bytes (6.5%)
(RDMA_READ_CONSUME_CHECK_CONSUMER) timestamp=2423 ms, used_size=2646016 bytes (6.5%)
(RDMA_READ_CONSUME_CHECK_CONSUMER) timestamp=2423 ms, used_size=2643968 bytes (6.5%)
(RDMA_READ_CONSUME_CHECK_CONSUMER) timestamp=2423 ms, used_size=2641920 bytes (6.5%)
(RDMA_READ_CONSUME_CHECK_CONSUMER) timestamp=2423 ms, used_size=2639872 bytes (6.4%)
(RDMA_READ_CONSUME_CHECK_CONSUMER) timestamp=2423 ms, used_size=2637824 bytes (6.4%)
(RDMA_READ_CONSUME_CHECK_CONSUMER) timestamp=2423 ms, used_size=2635776 bytes (6.4%)
(RDMA_READ_CONSUME_CHECK_CONSUMER) timestamp=2423 ms, used_size=2633728 bytes (6.4%)
(RDMA_READ_CONSUME_CHECK_CONSUMER) timestamp=2424 ms, used_size=2631680 bytes (6.4%)
(RDMA_READ_CONSUME_CHECK_CONSUMER) timestamp=2424 ms, used_size=2629632 bytes (6.4%)
(RDMA_READ_CONSUME_CHECK_CONSUMER) timestamp=2424 ms, used_size=2627584 bytes (6.4%)
(RDMA_READ_CONSUME_CHECK_CONSUMER) timestamp=2424 ms, used_size=2625536 bytes (6.4%)
(RDMA_READ_CONSUME_CHECK_CONSUMER) timestamp=2424 ms, used_size=2623488 bytes (6.4%)
(RDMA_READ_CONSUME_CHECK_CONSUMER) timestamp=2424 ms, used_size=2621440 bytes (6.4%)
(RDMA_READ_CONSUME_CHECK_CONSUMER) timestamp=2424 ms, used_size=2619392 bytes (6.4%)
(RDMA_READ_CONSUME_CHECK_CONSUMER) timestamp=2424 ms, used_size=2617344 bytes (6.4%)
(RDMA_READ_CONSUME_CHECK_CONSUMER) timestamp=2424 ms, used_size=2615296 bytes (6.4%)
(RDMA_READ_CONSUME_CHECK_CONSUMER) timestamp=2424 ms, used_size=2613248 bytes (6.4%)
(RDMA_READ_CONSUME_CHECK_CONSUMER) timestamp=2424 ms, used_size=2611200 bytes (6.4%)
(RDMA_READ_CONSUME_CHECK_CONSUMER) timestamp=2424 ms, used_size=2609152 bytes (6.4%)
(RDMA_READ_CONSUME_CHECK_CONSUMER) timestamp=2424 ms, used_size=2607104 bytes (6.4%)
(RDMA_READ_CONSUME_CHECK_CONSUMER) timestamp=2424 ms, used_size=2605056 bytes (6.4%)
(RDMA_READ_CONSUME_CHECK_CONSUMER) timestamp=2424 ms, used_size=2603008 bytes (6.4%)
(RDMA_READ_CONSUME_CHECK_CONSUMER) timestamp=2424 ms, used_size=2600960 bytes (6.3%)
(RDMA_READ_CONSUME_CHECK_CONSUMER) timestamp=2424 ms, used_size=2598912 bytes (6.3%)
(RDMA_READ_CONSUME_CHECK_CONSUMER) timestamp=2424 ms, used_size=2596864 bytes (6.3%)
(RDMA_READ_CONSUME_CHECK_CONSUMER) timestamp=2424 ms, used_size=2594816 bytes (6.3%)
(RDMA_READ_CONSUME_CHECK_CONSUMER) timestamp=2424 ms, used_size=2592768 bytes (6.3%)
(RDMA_READ_CONSUME_CHECK_CONSUMER) timestamp=2424 ms, used_size=2590720 bytes (6.3%)
(RDMA_READ_CONSUME_CHECK_CONSUMER) timestamp=2424 ms, used_size=2588672 bytes (6.3%)
(RDMA_READ_CONSUME_CHECK_CONSUMER) timestamp=2424 ms, used_size=2586624 bytes (6.3%)
(RDMA_READ_CONSUME_CHECK_CONSUMER) timestamp=2424 ms, used_size=2584576 bytes (6.3%)
(RDMA_READ_CONSUME_CHECK_CONSUMER) timestamp=2424 ms, used_size=2582528 bytes (6.3%)
(RDMA_READ_CONSUME_CHECK_CONSUMER) timestamp=2424 ms, used_size=2580480 bytes (6.3%)
(RDMA_READ_CONSUME_CHECK_CONSUMER) timestamp=2424 ms, used_size=2578432 bytes (6.3%)
(RDMA_READ_CONSUME_CHECK_CONSUMER) timestamp=2424 ms, used_size=2576384 bytes (6.3%)
(RDMA_READ_CONSUME_CHECK_CONSUMER) timestamp=2424 ms, used_size=2574336 bytes (6.3%)
(RDMA_READ_CONSUME_CHECK_CONSUMER) timestamp=2424 ms, used_size=2572288 bytes (6.3%)
(RDMA_READ_CONSUME_CHECK_CONSUMER) timestamp=2424 ms, used_size=2570240 bytes (6.3%)
(RDMA_READ_CONSUME_CHECK_CONSUMER) timestamp=2424 ms, used_size=2568192 bytes (6.3%)
(RDMA_READ_CONSUME_CHECK_CONSUMER) timestamp=2424 ms, used_size=2566144 bytes (6.3%)
(RDMA_READ_CONSUME_CHECK_CONSUMER) timestamp=2424 ms, used_size=2564096 bytes (6.3%)
(RDMA_READ_CONSUME_CHECK_CONSUMER) timestamp=2424 ms, used_size=2562048 bytes (6.3%)
(RDMA_READ_CONSUME_CHECK_CONSUMER) timestamp=2424 ms, used_size=2560000 bytes (6.2%)
(RDMA_READ_CONSUME_CHECK_CONSUMER) timestamp=2424 ms, used_size=2557952 bytes (6.2%)
(RDMA_READ_CONSUME_CHECK_CONSUMER) timestamp=2424 ms, used_size=2555904 bytes (6.2%)
(RDMA_READ_CONSUME_CHECK_CONSUMER) timestamp=2424 ms, used_size=2553856 bytes (6.2%)
(RDMA_READ_CONSUME_CHECK_CONSUMER) timestamp=2424 ms, used_size=2551808 bytes (6.2%)
(RDMA_READ_CONSUME_CHECK_CONSUMER) timestamp=2424 ms, used_size=2549760 bytes (6.2%)
(RDMA_READ_CONSUME_CHECK_CONSUMER) timestamp=2424 ms, used_size=2547712 bytes (6.2%)
(RDMA_READ_CONSUME_CHECK_CONSUMER) timestamp=2424 ms, used_size=2545664 bytes (6.2%)
(RDMA_READ_CONSUME_CHECK_CONSUMER) timestamp=2424 ms, used_size=2543616 bytes (6.2%)
(RDMA_READ_CONSUME_CHECK_CONSUMER) timestamp=2424 ms, used_size=2541568 bytes (6.2%)
(RDMA_READ_CONSUME_CHECK_CONSUMER) timestamp=2424 ms, used_size=2539520 bytes (6.2%)
(RDMA_READ_CONSUME_CHECK_CONSUMER) timestamp=2424 ms, used_size=2537472 bytes (6.2%)
(RDMA_READ_CONSUME_CHECK_CONSUMER) timestamp=2424 ms, used_size=2535424 bytes (6.2%)
(RDMA_READ_CONSUME_CHECK_CONSUMER) timestamp=2424 ms, used_size=2533376 bytes (6.2%)
(RDMA_READ_CONSUME_CHECK_CONSUMER) timestamp=2424 ms, used_size=2531328 bytes (6.2%)
(RDMA_READ_CONSUME_CHECK_CONSUMER) timestamp=2424 ms, used_size=2529280 bytes (6.2%)
(RDMA_READ_CONSUME_CHECK_CONSUMER) timestamp=2424 ms, used_size=2527232 bytes (6.2%)
(RDMA_READ_CONSUME_CHECK_CONSUMER) timestamp=2424 ms, used_size=2525184 bytes (6.2%)
(RDMA_READ_CONSUME_CHECK_CONSUMER) timestamp=2424 ms, used_size=2523136 bytes (6.2%)
(RDMA_READ_CONSUME_CHECK_CONSUMER) timestamp=2424 ms, used_size=2521088 bytes (6.2%)
(RDMA_READ_CONSUME_CHECK_CONSUMER) timestamp=2424 ms, used_size=2519040 bytes (6.2%)
(RDMA_READ_CONSUME_CHECK_CONSUMER) timestamp=2424 ms, used_size=2516992 bytes (6.1%)
(RDMA_READ_CONSUME_CHECK_CONSUMER) timestamp=2424 ms, used_size=2514944 bytes (6.1%)
(RDMA_READ_CONSUME_CHECK_CONSUMER) timestamp=2424 ms, used_size=2512896 bytes (6.1%)
(RDMA_READ_CONSUME_CHECK_CONSUMER) timestamp=2424 ms, used_size=2510848 bytes (6.1%)
(RDMA_READ_CONSUME_CHECK_CONSUMER) timestamp=2424 ms, used_size=2508800 bytes (6.1%)
(RDMA_READ_CONSUME_CHECK_CONSUMER) timestamp=2424 ms, used_size=2506752 bytes (6.1%)
(RDMA_READ_CONSUME_CHECK_CONSUMER) timestamp=2424 ms, used_size=2504704 bytes (6.1%)
(RDMA_READ_CONSUME_CHECK_CONSUMER) timestamp=2424 ms, used_size=2502656 bytes (6.1%)
(RDMA_READ_CONSUME_CHECK_CONSUMER) timestamp=2424 ms, used_size=2500608 bytes (6.1%)
(RDMA_READ_CONSUME_CHECK_CONSUMER) timestamp=2424 ms, used_size=2498560 bytes (6.1%)
(RDMA_READ_CONSUME_CHECK_CONSUMER) timestamp=2424 ms, used_size=2496512 bytes (6.1%)
(RDMA_READ_CONSUME_CHECK_CONSUMER) timestamp=2424 ms, used_size=2494464 bytes (6.1%)
(RDMA_READ_CONSUME_CHECK_CONSUMER) timestamp=2424 ms, used_size=2492416 bytes (6.1%)
(RDMA_READ_CONSUME_CHECK_CONSUMER) timestamp=2424 ms, used_size=2490368 bytes (6.1%)
(RDMA_READ_CONSUME_CHECK_CONSUMER) timestamp=2424 ms, used_size=2488320 bytes (6.1%)
(RDMA_READ_CONSUME_CHECK_CONSUMER) timestamp=2424 ms, used_size=2486272 bytes (6.1%)
(RDMA_READ_CONSUME_CHECK_CONSUMER) timestamp=2424 ms, used_size=2484224 bytes (6.1%)
(RDMA_READ_CONSUME_CHECK_CONSUMER) timestamp=2424 ms, used_size=2482176 bytes (6.1%)
(RDMA_READ_CONSUME_CHECK_CONSUMER) timestamp=2424 ms, used_size=2480128 bytes (6.1%)
(RDMA_READ_CONSUME_CHECK_CONSUMER) timestamp=2424 ms, used_size=2478080 bytes (6.0%)
(RDMA_READ_CONSUME_CHECK_CONSUMER) timestamp=2424 ms, used_size=2476032 bytes (6.0%)
(RDMA_READ_CONSUME_CHECK_CONSUMER) timestamp=2424 ms, used_size=2473984 bytes (6.0%)
(RDMA_READ_CONSUME_CHECK_CONSUMER) timestamp=2424 ms, used_size=2471936 bytes (6.0%)
(RDMA_READ_CONSUME_CHECK_CONSUMER) timestamp=2424 ms, used_size=2469888 bytes (6.0%)
(RDMA_READ_CONSUME_CHECK_CONSUMER) timestamp=2424 ms, used_size=2467840 bytes (6.0%)
(RDMA_READ_CONSUME_CHECK_CONSUMER) timestamp=2424 ms, used_size=2465792 bytes (6.0%)
(RDMA_READ_CONSUME_CHECK_CONSUMER) timestamp=2424 ms, used_size=2463744 bytes (6.0%)
(RDMA_READ_CONSUME_CHECK_CONSUMER) timestamp=2424 ms, used_size=2461696 bytes (6.0%)
(RDMA_READ_CONSUME_CHECK_CONSUMER) timestamp=2424 ms, used_size=2459648 bytes (6.0%)
(RDMA_READ_CONSUME_CHECK_CONSUMER) timestamp=2424 ms, used_size=2457600 bytes (6.0%)
(RDMA_READ_CONSUME_CHECK_CONSUMER) timestamp=2424 ms, used_size=2455552 bytes (6.0%)
(RDMA_READ_CONSUME_CHECK_CONSUMER) timestamp=2424 ms, used_size=2453504 bytes (6.0%)
(RDMA_READ_CONSUME_CHECK_CONSUMER) timestamp=2424 ms, used_size=2451456 bytes (6.0%)
(RDMA_READ_CONSUME_CHECK_CONSUMER) timestamp=2424 ms, used_size=2449408 bytes (6.0%)
(RDMA_READ_CONSUME_CHECK_CONSUMER) timestamp=2424 ms, used_size=2447360 bytes (6.0%)
(RDMA_READ_CONSUME_CHECK_CONSUMER) timestamp=2424 ms, used_size=2445312 bytes (6.0%)
(RDMA_READ_CONSUME_CHECK_CONSUMER) timestamp=2424 ms, used_size=2443264 bytes (6.0%)
(RDMA_READ_CONSUME_CHECK_CONSUMER) timestamp=2424 ms, used_size=2441216 bytes (6.0%)
(RDMA_READ_CONSUME_CHECK_CONSUMER) timestamp=2424 ms, used_size=2439168 bytes (6.0%)
(RDMA_READ_CONSUME_CHECK_CONSUMER) timestamp=2424 ms, used_size=2437120 bytes (6.0%)
(RDMA_READ_CONSUME_CHECK_CONSUMER) timestamp=2424 ms, used_size=2435072 bytes (5.9%)
(RDMA_READ_CONSUME_CHECK_CONSUMER) timestamp=2424 ms, used_size=2433024 bytes (5.9%)
(RDMA_READ_CONSUME_CHECK_CONSUMER) timestamp=2424 ms, used_size=2430976 bytes (5.9%)
(RDMA_READ_CONSUME_CHECK_CONSUMER) timestamp=2424 ms, used_size=2428928 bytes (5.9%)
(RDMA_READ_CONSUME_CHECK_CONSUMER) timestamp=2424 ms, used_size=2426880 bytes (5.9%)
(RDMA_READ_CONSUME_CHECK_CONSUMER) timestamp=2424 ms, used_size=2424832 bytes (5.9%)
(RDMA_READ_CONSUME_CHECK_CONSUMER) timestamp=2424 ms, used_size=2422784 bytes (5.9%)
(RDMA_READ_CONSUME_CHECK_CONSUMER) timestamp=2424 ms, used_size=2420736 bytes (5.9%)
(RDMA_READ_CONSUME_CHECK_CONSUMER) timestamp=2424 ms, used_size=2418688 bytes (5.9%)
(RDMA_READ_CONSUME_CHECK_CONSUMER) timestamp=2424 ms, used_size=2416640 bytes (5.9%)
(RDMA_READ_CONSUME_CHECK_CONSUMER) timestamp=2424 ms, used_size=2414592 bytes (5.9%)
(RDMA_READ_CONSUME_CHECK_CONSUMER) timestamp=2424 ms, used_size=2412544 bytes (5.9%)
(RDMA_READ_CONSUME_CHECK_CONSUMER) timestamp=2424 ms, used_size=2410496 bytes (5.9%)
(RDMA_READ_CONSUME_CHECK_CONSUMER) timestamp=2424 ms, used_size=2408448 bytes (5.9%)
(RDMA_READ_CONSUME_CHECK_CONSUMER) timestamp=2424 ms, used_size=2406400 bytes (5.9%)
(RDMA_READ_CONSUME_CHECK_CONSUMER) timestamp=2424 ms, used_size=2404352 bytes (5.9%)
(RDMA_READ_CONSUME_CHECK_CONSUMER) timestamp=2424 ms, used_size=2402304 bytes (5.9%)
(RDMA_READ_CONSUME_CHECK_CONSUMER) timestamp=2424 ms, used_size=2400256 bytes (5.9%)
(RDMA_READ_CONSUME_CHECK_CONSUMER) timestamp=2424 ms, used_size=2398208 bytes (5.9%)
(RDMA_READ_CONSUME_CHECK_CONSUMER) timestamp=2424 ms, used_size=2396160 bytes (5.8%)
(RDMA_READ_CONSUME_CHECK_CONSUMER) timestamp=2424 ms, used_size=2394112 bytes (5.8%)
(RDMA_READ_CONSUME_CHECK_CONSUMER) timestamp=2424 ms, used_size=2392064 bytes (5.8%)
(RDMA_READ_CONSUME_CHECK_CONSUMER) timestamp=2424 ms, used_size=2390016 bytes (5.8%)
(RDMA_READ_CONSUME_CHECK_CONSUMER) timestamp=2424 ms, used_size=2387968 bytes (5.8%)
(RDMA_READ_CONSUME_CHECK_CONSUMER) timestamp=2424 ms, used_size=2385920 bytes (5.8%)
(RDMA_READ_CONSUME_CHECK_CONSUMER) timestamp=2424 ms, used_size=2383872 bytes (5.8%)
(RDMA_READ_CONSUME_CHECK_CONSUMER) timestamp=2424 ms, used_size=2381824 bytes (5.8%)
(RDMA_READ_CONSUME_CHECK_CONSUMER) timestamp=2424 ms, used_size=2379776 bytes (5.8%)
(RDMA_READ_CONSUME_CHECK_CONSUMER) timestamp=2424 ms, used_size=2377728 bytes (5.8%)
(RDMA_READ_CONSUME_CHECK_CONSUMER) timestamp=2424 ms, used_size=2375680 bytes (5.8%)
(RDMA_READ_CONSUME_CHECK_CONSUMER) timestamp=2424 ms, used_size=2373632 bytes (5.8%)
(RDMA_READ_CONSUME_CHECK_CONSUMER) timestamp=2424 ms, used_size=2371584 bytes (5.8%)
(RDMA_READ_CONSUME_CHECK_CONSUMER) timestamp=2424 ms, used_size=2369536 bytes (5.8%)
(RDMA_READ_CONSUME_CHECK_CONSUMER) timestamp=2424 ms, used_size=2367488 bytes (5.8%)
(RDMA_READ_CONSUME_CHECK_CONSUMER) timestamp=2424 ms, used_size=2365440 bytes (5.8%)
(RDMA_READ_CONSUME_CHECK_CONSUMER) timestamp=2424 ms, used_size=2363392 bytes (5.8%)
(RDMA_READ_CONSUME_CHECK_CONSUMER) timestamp=2424 ms, used_size=2361344 bytes (5.8%)
(RDMA_READ_CONSUME_CHECK_CONSUMER) timestamp=2424 ms, used_size=2359296 bytes (5.8%)
(RDMA_READ_CONSUME_CHECK_CONSUMER) timestamp=2424 ms, used_size=2357248 bytes (5.8%)
(RDMA_READ_CONSUME_CHECK_CONSUMER) timestamp=2424 ms, used_size=2355200 bytes (5.8%)
(RDMA_READ_CONSUME_CHECK_CONSUMER) timestamp=2424 ms, used_size=2353152 bytes (5.7%)
(RDMA_READ_CONSUME_CHECK_CONSUMER) timestamp=2424 ms, used_size=2351104 bytes (5.7%)
(RDMA_READ_CONSUME_CHECK_CONSUMER) timestamp=2424 ms, used_size=2349056 bytes (5.7%)
(RDMA_READ_CONSUME_CHECK_CONSUMER) timestamp=2424 ms, used_size=2347008 bytes (5.7%)
(RDMA_READ_CONSUME_CHECK_CONSUMER) timestamp=2424 ms, used_size=2344960 bytes (5.7%)
(RDMA_READ_CONSUME_CHECK_CONSUMER) timestamp=2424 ms, used_size=2342912 bytes (5.7%)
(RDMA_READ_CONSUME_CHECK_CONSUMER) timestamp=2424 ms, used_size=2340864 bytes (5.7%)
(RDMA_READ_CONSUME_CHECK_CONSUMER) timestamp=2424 ms, used_size=2338816 bytes (5.7%)
(RDMA_READ_CONSUME_CHECK_CONSUMER) timestamp=2424 ms, used_size=2336768 bytes (5.7%)
(RDMA_READ_CONSUME_CHECK_CONSUMER) timestamp=2424 ms, used_size=2334720 bytes (5.7%)
(RDMA_READ_CONSUME_CHECK_CONSUMER) timestamp=2424 ms, used_size=2332672 bytes (5.7%)
(RDMA_READ_CONSUME_CHECK_CONSUMER) timestamp=2424 ms, used_size=2330624 bytes (5.7%)
(RDMA_READ_CONSUME_CHECK_CONSUMER) timestamp=2424 ms, used_size=2328576 bytes (5.7%)
(RDMA_READ_CONSUME_CHECK_CONSUMER) timestamp=2424 ms, used_size=2326528 bytes (5.7%)
(RDMA_READ_CONSUME_CHECK_CONSUMER) timestamp=2424 ms, used_size=2324480 bytes (5.7%)
(RDMA_READ_CONSUME_CHECK_CONSUMER) timestamp=2424 ms, used_size=2322432 bytes (5.7%)
(RDMA_READ_CONSUME_CHECK_CONSUMER) timestamp=2424 ms, used_size=2320384 bytes (5.7%)
(RDMA_READ_CONSUME_CHECK_CONSUMER) timestamp=2424 ms, used_size=2318336 bytes (5.7%)
(RDMA_READ_CONSUME_CHECK_CONSUMER) timestamp=2424 ms, used_size=2316288 bytes (5.7%)
(RDMA_READ_CONSUME_CHECK_CONSUMER) timestamp=2424 ms, used_size=2314240 bytes (5.7%)
(RDMA_READ_CONSUME_CHECK_CONSUMER) timestamp=2424 ms, used_size=2312192 bytes (5.6%)
(RDMA_READ_CONSUME_CHECK_CONSUMER) timestamp=2424 ms, used_size=2310144 bytes (5.6%)
(RDMA_READ_CONSUME_CHECK_CONSUMER) timestamp=2424 ms, used_size=2308096 bytes (5.6%)
(RDMA_READ_CONSUME_CHECK_CONSUMER) timestamp=2424 ms, used_size=2306048 bytes (5.6%)
(RDMA_READ_CONSUME_CHECK_CONSUMER) timestamp=2424 ms, used_size=2304000 bytes (5.6%)
(RDMA_READ_CONSUME_CHECK_CONSUMER) timestamp=2424 ms, used_size=2301952 bytes (5.6%)
(RDMA_READ_CONSUME_CHECK_CONSUMER) timestamp=2424 ms, used_size=2299904 bytes (5.6%)
(RDMA_READ_CONSUME_CHECK_CONSUMER) timestamp=2424 ms, used_size=2297856 bytes (5.6%)
(RDMA_READ_CONSUME_CHECK_CONSUMER) timestamp=2424 ms, used_size=2295808 bytes (5.6%)
(RDMA_READ_CONSUME_CHECK_CONSUMER) timestamp=2424 ms, used_size=2293760 bytes (5.6%)
(RDMA_READ_CONSUME_CHECK_CONSUMER) timestamp=2424 ms, used_size=2291712 bytes (5.6%)
(RDMA_READ_CONSUME_CHECK_CONSUMER) timestamp=2424 ms, used_size=2289664 bytes (5.6%)
(RDMA_READ_CONSUME_CHECK_CONSUMER) timestamp=2424 ms, used_size=2287616 bytes (5.6%)
(RDMA_READ_CONSUME_CHECK_CONSUMER) timestamp=2424 ms, used_size=2285568 bytes (5.6%)
(RDMA_READ_CONSUME_CHECK_CONSUMER) timestamp=2424 ms, used_size=2283520 bytes (5.6%)
(RDMA_READ_CONSUME_CHECK_CONSUMER) timestamp=2424 ms, used_size=2281472 bytes (5.6%)
(RDMA_READ_CONSUME_CHECK_CONSUMER) timestamp=2424 ms, used_size=2279424 bytes (5.6%)
(RDMA_READ_CONSUME_CHECK_CONSUMER) timestamp=2424 ms, used_size=2277376 bytes (5.6%)
(RDMA_READ_CONSUME_CHECK_CONSUMER) timestamp=2424 ms, used_size=2275328 bytes (5.6%)
(RDMA_READ_CONSUME_CHECK_CONSUMER) timestamp=2424 ms, used_size=2273280 bytes (5.5%)
(RDMA_READ_CONSUME_CHECK_CONSUMER) timestamp=2424 ms, used_size=2271232 bytes (5.5%)
(RDMA_READ_CONSUME_CHECK_CONSUMER) timestamp=2424 ms, used_size=2269184 bytes (5.5%)
(RDMA_READ_CONSUME_CHECK_CONSUMER) timestamp=2424 ms, used_size=2267136 bytes (5.5%)
(RDMA_READ_CONSUME_CHECK_CONSUMER) timestamp=2424 ms, used_size=2265088 bytes (5.5%)
(RDMA_READ_CONSUME_CHECK_CONSUMER) timestamp=2424 ms, used_size=2263040 bytes (5.5%)
(RDMA_READ_CONSUME_CHECK_CONSUMER) timestamp=2424 ms, used_size=2260992 bytes (5.5%)
(RDMA_READ_CONSUME_CHECK_CONSUMER) timestamp=2424 ms, used_size=2258944 bytes (5.5%)
(RDMA_READ_CONSUME_CHECK_CONSUMER) timestamp=2425 ms, used_size=2256896 bytes (5.5%)
(RDMA_READ_CONSUME_CHECK_CONSUMER) timestamp=2425 ms, used_size=2254848 bytes (5.5%)
(RDMA_READ_CONSUME_CHECK_CONSUMER) timestamp=2425 ms, used_size=2252800 bytes (5.5%)
(RDMA_READ_CONSUME_CHECK_CONSUMER) timestamp=2425 ms, used_size=2250752 bytes (5.5%)
(RDMA_READ_CONSUME_CHECK_CONSUMER) timestamp=2425 ms, used_size=2248704 bytes (5.5%)
(RDMA_READ_CONSUME_CHECK_CONSUMER) timestamp=2425 ms, used_size=2246656 bytes (5.5%)
(RDMA_READ_CONSUME_CHECK_CONSUMER) timestamp=2425 ms, used_size=2244608 bytes (5.5%)
(RDMA_READ_CONSUME_CHECK_CONSUMER) timestamp=2425 ms, used_size=2242560 bytes (5.5%)
(RDMA_READ_CONSUME_CHECK_CONSUMER) timestamp=2425 ms, used_size=2240512 bytes (5.5%)
(RDMA_READ_CONSUME_CHECK_CONSUMER) timestamp=2425 ms, used_size=2238464 bytes (5.5%)
(RDMA_READ_CONSUME_CHECK_CONSUMER) timestamp=2425 ms, used_size=2236416 bytes (5.5%)
(RDMA_READ_CONSUME_CHECK_CONSUMER) timestamp=2425 ms, used_size=2234368 bytes (5.5%)
(RDMA_READ_CONSUME_CHECK_CONSUMER) timestamp=2425 ms, used_size=2232320 bytes (5.5%)
(RDMA_READ_CONSUME_CHECK_CONSUMER) timestamp=2425 ms, used_size=2230272 bytes (5.4%)
(RDMA_READ_CONSUME_CHECK_CONSUMER) timestamp=2425 ms, used_size=2228224 bytes (5.4%)
(RDMA_READ_CONSUME_CHECK_CONSUMER) timestamp=2425 ms, used_size=2226176 bytes (5.4%)
(RDMA_READ_CONSUME_CHECK_CONSUMER) timestamp=2425 ms, used_size=2224128 bytes (5.4%)
(RDMA_READ_CONSUME_CHECK_CONSUMER) timestamp=2425 ms, used_size=2222080 bytes (5.4%)
(RDMA_READ_CONSUME_CHECK_CONSUMER) timestamp=2425 ms, used_size=2220032 bytes (5.4%)
(RDMA_READ_CONSUME_CHECK_CONSUMER) timestamp=2425 ms, used_size=2217984 bytes (5.4%)
(RDMA_READ_CONSUME_CHECK_CONSUMER) timestamp=2425 ms, used_size=2215936 bytes (5.4%)
(RDMA_READ_CONSUME_CHECK_CONSUMER) timestamp=2425 ms, used_size=2213888 bytes (5.4%)
(RDMA_READ_CONSUME_CHECK_CONSUMER) timestamp=2425 ms, used_size=2211840 bytes (5.4%)
(RDMA_READ_CONSUME_CHECK_CONSUMER) timestamp=2425 ms, used_size=2209792 bytes (5.4%)
(RDMA_READ_CONSUME_CHECK_CONSUMER) timestamp=2425 ms, used_size=2207744 bytes (5.4%)
(RDMA_READ_CONSUME_CHECK_CONSUMER) timestamp=2425 ms, used_size=2205696 bytes (5.4%)
(RDMA_READ_CONSUME_CHECK_CONSUMER) timestamp=2425 ms, used_size=2203648 bytes (5.4%)
(RDMA_READ_CONSUME_CHECK_CONSUMER) timestamp=2425 ms, used_size=2201600 bytes (5.4%)
(RDMA_READ_CONSUME_CHECK_CONSUMER) timestamp=2425 ms, used_size=2199552 bytes (5.4%)
(RDMA_READ_CONSUME_CHECK_CONSUMER) timestamp=2425 ms, used_size=2197504 bytes (5.4%)
(RDMA_READ_CONSUME_CHECK_CONSUMER) timestamp=2425 ms, used_size=2195456 bytes (5.4%)
(RDMA_READ_CONSUME_CHECK_CONSUMER) timestamp=2425 ms, used_size=2193408 bytes (5.4%)
(RDMA_READ_CONSUME_CHECK_CONSUMER) timestamp=2425 ms, used_size=2191360 bytes (5.3%)
(RDMA_READ_CONSUME_CHECK_CONSUMER) timestamp=2425 ms, used_size=2189312 bytes (5.3%)
(RDMA_READ_CONSUME_CHECK_CONSUMER) timestamp=2425 ms, used_size=2187264 bytes (5.3%)
(RDMA_READ_CONSUME_CHECK_CONSUMER) timestamp=2425 ms, used_size=2185216 bytes (5.3%)
(RDMA_READ_CONSUME_CHECK_CONSUMER) timestamp=2425 ms, used_size=2183168 bytes (5.3%)
(RDMA_READ_CONSUME_CHECK_CONSUMER) timestamp=2425 ms, used_size=2181120 bytes (5.3%)
(RDMA_READ_CONSUME_CHECK_CONSUMER) timestamp=2425 ms, used_size=2179072 bytes (5.3%)
(RDMA_READ_CONSUME_CHECK_CONSUMER) timestamp=2425 ms, used_size=2177024 bytes (5.3%)
(RDMA_READ_CONSUME_CHECK_CONSUMER) timestamp=2425 ms, used_size=2174976 bytes (5.3%)
(RDMA_READ_CONSUME_CHECK_CONSUMER) timestamp=2425 ms, used_size=2172928 bytes (5.3%)
(RDMA_READ_CONSUME_CHECK_CONSUMER) timestamp=2425 ms, used_size=2170880 bytes (5.3%)
(RDMA_READ_CONSUME_CHECK_CONSUMER) timestamp=2425 ms, used_size=2168832 bytes (5.3%)
(RDMA_READ_CONSUME_CHECK_CONSUMER) timestamp=2425 ms, used_size=2166784 bytes (5.3%)
(RDMA_READ_CONSUME_CHECK_CONSUMER) timestamp=2425 ms, used_size=2164736 bytes (5.3%)
(RDMA_READ_CONSUME_CHECK_CONSUMER) timestamp=2425 ms, used_size=2162688 bytes (5.3%)
(RDMA_READ_CONSUME_CHECK_CONSUMER) timestamp=2425 ms, used_size=2160640 bytes (5.3%)
(RDMA_READ_CONSUME_CHECK_CONSUMER) timestamp=2425 ms, used_size=2158592 bytes (5.3%)
(RDMA_READ_CONSUME_CHECK_CONSUMER) timestamp=2425 ms, used_size=2156544 bytes (5.3%)
(RDMA_READ_CONSUME_CHECK_CONSUMER) timestamp=2425 ms, used_size=2154496 bytes (5.3%)
(RDMA_READ_CONSUME_CHECK_CONSUMER) timestamp=2425 ms, used_size=2152448 bytes (5.3%)
(RDMA_READ_CONSUME_CHECK_CONSUMER) timestamp=2425 ms, used_size=2150400 bytes (5.2%)
(RDMA_READ_CONSUME_CHECK_CONSUMER) timestamp=2425 ms, used_size=2148352 bytes (5.2%)
(RDMA_READ_CONSUME_CHECK_CONSUMER) timestamp=2425 ms, used_size=2146304 bytes (5.2%)
(RDMA_READ_CONSUME_CHECK_CONSUMER) timestamp=2425 ms, used_size=2144256 bytes (5.2%)
(RDMA_READ_CONSUME_CHECK_CONSUMER) timestamp=2425 ms, used_size=2142208 bytes (5.2%)
(RDMA_READ_CONSUME_CHECK_CONSUMER) timestamp=2425 ms, used_size=2140160 bytes (5.2%)
(RDMA_READ_CONSUME_CHECK_CONSUMER) timestamp=2425 ms, used_size=2138112 bytes (5.2%)
(RDMA_READ_CONSUME_CHECK_CONSUMER) timestamp=2425 ms, used_size=2136064 bytes (5.2%)
(RDMA_READ_CONSUME_CHECK_CONSUMER) timestamp=2425 ms, used_size=2134016 bytes (5.2%)
(RDMA_READ_CONSUME_CHECK_CONSUMER) timestamp=2425 ms, used_size=2131968 bytes (5.2%)
(RDMA_READ_CONSUME_CHECK_CONSUMER) timestamp=2425 ms, used_size=2129920 bytes (5.2%)
(RDMA_READ_CONSUME_CHECK_CONSUMER) timestamp=2425 ms, used_size=2127872 bytes (5.2%)
(RDMA_READ_CONSUME_CHECK_CONSUMER) timestamp=2425 ms, used_size=2125824 bytes (5.2%)
(RDMA_READ_CONSUME_CHECK_CONSUMER) timestamp=2425 ms, used_size=2123776 bytes (5.2%)
(RDMA_READ_CONSUME_CHECK_CONSUMER) timestamp=2425 ms, used_size=2121728 bytes (5.2%)
(RDMA_READ_CONSUME_CHECK_CONSUMER) timestamp=2425 ms, used_size=2119680 bytes (5.2%)
(RDMA_READ_CONSUME_CHECK_CONSUMER) timestamp=2425 ms, used_size=2117632 bytes (5.2%)
(RDMA_READ_CONSUME_CHECK_CONSUMER) timestamp=2425 ms, used_size=2115584 bytes (5.2%)
(RDMA_READ_CONSUME_CHECK_CONSUMER) timestamp=2425 ms, used_size=2113536 bytes (5.2%)
(RDMA_READ_CONSUME_CHECK_CONSUMER) timestamp=2425 ms, used_size=2111488 bytes (5.2%)
(RDMA_READ_CONSUME_CHECK_CONSUMER) timestamp=2425 ms, used_size=2109440 bytes (5.2%)
(RDMA_READ_CONSUME_CHECK_CONSUMER) timestamp=2425 ms, used_size=2107392 bytes (5.1%)
(RDMA_READ_CONSUME_CHECK_CONSUMER) timestamp=2425 ms, used_size=2105344 bytes (5.1%)
(RDMA_READ_CONSUME_CHECK_CONSUMER) timestamp=2425 ms, used_size=2103296 bytes (5.1%)
(RDMA_READ_CONSUME_CHECK_CONSUMER) timestamp=2425 ms, used_size=2101248 bytes (5.1%)
(RDMA_READ_CONSUME_CHECK_CONSUMER) timestamp=2425 ms, used_size=2099200 bytes (5.1%)
(RDMA_READ_CONSUME_CHECK_CONSUMER) timestamp=2425 ms, used_size=2097152 bytes (5.1%)
(RDMA_READ_CONSUME_CHECK_CONSUMER) timestamp=2425 ms, used_size=2095104 bytes (5.1%)
(RDMA_READ_CONSUME_CHECK_CONSUMER) timestamp=2425 ms, used_size=2093056 bytes (5.1%)
(RDMA_READ_CONSUME_CHECK_CONSUMER) timestamp=2425 ms, used_size=2091008 bytes (5.1%)
(RDMA_READ_CONSUME_CHECK_CONSUMER) timestamp=2425 ms, used_size=2088960 bytes (5.1%)
(RDMA_READ_CONSUME_CHECK_CONSUMER) timestamp=2425 ms, used_size=2086912 bytes (5.1%)
(RDMA_READ_CONSUME_CHECK_CONSUMER) timestamp=2425 ms, used_size=2084864 bytes (5.1%)
(RDMA_READ_CONSUME_CHECK_CONSUMER) timestamp=2425 ms, used_size=2082816 bytes (5.1%)
(RDMA_READ_CONSUME_CHECK_CONSUMER) timestamp=2425 ms, used_size=2080768 bytes (5.1%)
(RDMA_READ_CONSUME_CHECK_CONSUMER) timestamp=2425 ms, used_size=2078720 bytes (5.1%)
(RDMA_READ_CONSUME_CHECK_CONSUMER) timestamp=2425 ms, used_size=2076672 bytes (5.1%)
(RDMA_READ_CONSUME_CHECK_CONSUMER) timestamp=2425 ms, used_size=2074624 bytes (5.1%)
(RDMA_READ_CONSUME_CHECK_CONSUMER) timestamp=2425 ms, used_size=2072576 bytes (5.1%)
(RDMA_READ_CONSUME_CHECK_CONSUMER) timestamp=2425 ms, used_size=2070528 bytes (5.1%)
(RDMA_READ_CONSUME_CHECK_CONSUMER) timestamp=2425 ms, used_size=2068480 bytes (5.0%)
(RDMA_READ_CONSUME_CHECK_CONSUMER) timestamp=2425 ms, used_size=2066432 bytes (5.0%)
(RDMA_READ_CONSUME_CHECK_CONSUMER) timestamp=2425 ms, used_size=2064384 bytes (5.0%)
(RDMA_READ_CONSUME_CHECK_CONSUMER) timestamp=2425 ms, used_size=2062336 bytes (5.0%)
(RDMA_READ_CONSUME_CHECK_CONSUMER) timestamp=2425 ms, used_size=2060288 bytes (5.0%)
(RDMA_READ_CONSUME_CHECK_CONSUMER) timestamp=2425 ms, used_size=2058240 bytes (5.0%)
(RDMA_READ_CONSUME_CHECK_CONSUMER) timestamp=2425 ms, used_size=2056192 bytes (5.0%)
(RDMA_READ_CONSUME_CHECK_CONSUMER) timestamp=2425 ms, used_size=2054144 bytes (5.0%)
(RDMA_READ_CONSUME_CHECK_CONSUMER) timestamp=2425 ms, used_size=2052096 bytes (5.0%)
(RDMA_READ_CONSUME_CHECK_CONSUMER) timestamp=2425 ms, used_size=2050048 bytes (5.0%)
(RDMA_READ_CONSUME_CHECK_CONSUMER) timestamp=2425 ms, used_size=2048000 bytes (5.0%)
(RDMA_READ_CONSUME_CHECK_CONSUMER) timestamp=2425 ms, used_size=2045952 bytes (5.0%)
(RDMA_READ_CONSUME_CHECK_CONSUMER) timestamp=2425 ms, used_size=2043904 bytes (5.0%)
(RDMA_READ_CONSUME_CHECK_CONSUMER) timestamp=2425 ms, used_size=2041856 bytes (5.0%)
(RDMA_READ_CONSUME_CHECK_CONSUMER) timestamp=2425 ms, used_size=2039808 bytes (5.0%)
(RDMA_READ_CONSUME_CHECK_CONSUMER) timestamp=2425 ms, used_size=2037760 bytes (5.0%)
(RDMA_READ_CONSUME_CHECK_CONSUMER) timestamp=2425 ms, used_size=2035712 bytes (5.0%)
(RDMA_READ_CONSUME_CHECK_CONSUMER) timestamp=2425 ms, used_size=2033664 bytes (5.0%)
(RDMA_READ_CONSUME_CHECK_CONSUMER) timestamp=2425 ms, used_size=2031616 bytes (5.0%)
(RDMA_READ_CONSUME_CHECK_CONSUMER) timestamp=2425 ms, used_size=2029568 bytes (5.0%)
(RDMA_READ_CONSUME_CHECK_CONSUMER) timestamp=2425 ms, used_size=2027520 bytes (5.0%)
(RDMA_READ_CONSUME_CHECK_CONSUMER) timestamp=2425 ms, used_size=2025472 bytes (4.9%)
(RDMA_READ_CONSUME_CHECK_CONSUMER) timestamp=2425 ms, used_size=2023424 bytes (4.9%)
(RDMA_READ_CONSUME_CHECK_CONSUMER) timestamp=2425 ms, used_size=2021376 bytes (4.9%)
(RDMA_READ_CONSUME_CHECK_CONSUMER) timestamp=2425 ms, used_size=2019328 bytes (4.9%)
(RDMA_READ_CONSUME_CHECK_CONSUMER) timestamp=2425 ms, used_size=2017280 bytes (4.9%)
(RDMA_READ_CONSUME_CHECK_CONSUMER) timestamp=2425 ms, used_size=2015232 bytes (4.9%)
(RDMA_READ_CONSUME_CHECK_CONSUMER) timestamp=2425 ms, used_size=2013184 bytes (4.9%)
(RDMA_READ_CONSUME_CHECK_CONSUMER) timestamp=2425 ms, used_size=2011136 bytes (4.9%)
(RDMA_READ_CONSUME_CHECK_CONSUMER) timestamp=2425 ms, used_size=2009088 bytes (4.9%)
(RDMA_READ_CONSUME_CHECK_CONSUMER) timestamp=2425 ms, used_size=2007040 bytes (4.9%)
(RDMA_READ_CONSUME_CHECK_CONSUMER) timestamp=2425 ms, used_size=2004992 bytes (4.9%)
(RDMA_READ_CONSUME_CHECK_CONSUMER) timestamp=2425 ms, used_size=2002944 bytes (4.9%)
(RDMA_READ_CONSUME_CHECK_CONSUMER) timestamp=2425 ms, used_size=2000896 bytes (4.9%)
(RDMA_READ_CONSUME_CHECK_CONSUMER) timestamp=2425 ms, used_size=1998848 bytes (4.9%)
(RDMA_READ_CONSUME_CHECK_CONSUMER) timestamp=2425 ms, used_size=1996800 bytes (4.9%)
(RDMA_READ_CONSUME_CHECK_CONSUMER) timestamp=2425 ms, used_size=1994752 bytes (4.9%)
(RDMA_READ_CONSUME_CHECK_CONSUMER) timestamp=2425 ms, used_size=1992704 bytes (4.9%)
(RDMA_READ_CONSUME_CHECK_CONSUMER) timestamp=2425 ms, used_size=1990656 bytes (4.9%)
(RDMA_READ_CONSUME_CHECK_CONSUMER) timestamp=2425 ms, used_size=1988608 bytes (4.9%)
(RDMA_READ_CONSUME_CHECK_CONSUMER) timestamp=2425 ms, used_size=1986560 bytes (4.8%)
(RDMA_READ_CONSUME_CHECK_CONSUMER) timestamp=2425 ms, used_size=1984512 bytes (4.8%)
(RDMA_READ_CONSUME_CHECK_CONSUMER) timestamp=2425 ms, used_size=1982464 bytes (4.8%)
(RDMA_READ_CONSUME_CHECK_CONSUMER) timestamp=2425 ms, used_size=1980416 bytes (4.8%)
(RDMA_READ_CONSUME_CHECK_CONSUMER) timestamp=2425 ms, used_size=1978368 bytes (4.8%)
(RDMA_READ_CONSUME_CHECK_CONSUMER) timestamp=2425 ms, used_size=1976320 bytes (4.8%)
(RDMA_READ_CONSUME_CHECK_CONSUMER) timestamp=2425 ms, used_size=1974272 bytes (4.8%)
(RDMA_READ_CONSUME_CHECK_CONSUMER) timestamp=2425 ms, used_size=1972224 bytes (4.8%)
(RDMA_READ_CONSUME_CHECK_CONSUMER) timestamp=2425 ms, used_size=1970176 bytes (4.8%)
(RDMA_READ_CONSUME_CHECK_CONSUMER) timestamp=2425 ms, used_size=1968128 bytes (4.8%)
(RDMA_READ_CONSUME_CHECK_CONSUMER) timestamp=2425 ms, used_size=1966080 bytes (4.8%)
(RDMA_READ_CONSUME_CHECK_CONSUMER) timestamp=2425 ms, used_size=1964032 bytes (4.8%)
(RDMA_READ_CONSUME_CHECK_CONSUMER) timestamp=2425 ms, used_size=1961984 bytes (4.8%)
(RDMA_READ_CONSUME_CHECK_CONSUMER) timestamp=2425 ms, used_size=1959936 bytes (4.8%)
(RDMA_READ_CONSUME_CHECK_CONSUMER) timestamp=2425 ms, used_size=1957888 bytes (4.8%)
(RDMA_READ_CONSUME_CHECK_CONSUMER) timestamp=2425 ms, used_size=1955840 bytes (4.8%)
(RDMA_READ_CONSUME_CHECK_CONSUMER) timestamp=2425 ms, used_size=1953792 bytes (4.8%)
(RDMA_READ_CONSUME_CHECK_CONSUMER) timestamp=2425 ms, used_size=1951744 bytes (4.8%)
(RDMA_READ_CONSUME_CHECK_CONSUMER) timestamp=2425 ms, used_size=1949696 bytes (4.8%)
(RDMA_READ_CONSUME_CHECK_CONSUMER) timestamp=2425 ms, used_size=1947648 bytes (4.8%)
(RDMA_READ_CONSUME_CHECK_CONSUMER) timestamp=2425 ms, used_size=1945600 bytes (4.8%)
(RDMA_READ_CONSUME_CHECK_CONSUMER) timestamp=2425 ms, used_size=1943552 bytes (4.7%)
(RDMA_READ_CONSUME_CHECK_CONSUMER) timestamp=2425 ms, used_size=1941504 bytes (4.7%)
(RDMA_READ_CONSUME_CHECK_CONSUMER) timestamp=2425 ms, used_size=1939456 bytes (4.7%)
(RDMA_READ_CONSUME_CHECK_CONSUMER) timestamp=2425 ms, used_size=1937408 bytes (4.7%)
(RDMA_READ_CONSUME_CHECK_CONSUMER) timestamp=2425 ms, used_size=1935360 bytes (4.7%)
(RDMA_READ_CONSUME_CHECK_CONSUMER) timestamp=2425 ms, used_size=1933312 bytes (4.7%)
(RDMA_READ_CONSUME_CHECK_CONSUMER) timestamp=2425 ms, used_size=1931264 bytes (4.7%)
(RDMA_READ_CONSUME_CHECK_CONSUMER) timestamp=2425 ms, used_size=1929216 bytes (4.7%)
(RDMA_READ_CONSUME_CHECK_CONSUMER) timestamp=2425 ms, used_size=1927168 bytes (4.7%)
(RDMA_READ_CONSUME_CHECK_CONSUMER) timestamp=2425 ms, used_size=1925120 bytes (4.7%)
(RDMA_READ_CONSUME_CHECK_CONSUMER) timestamp=2425 ms, used_size=1923072 bytes (4.7%)
(RDMA_READ_CONSUME_CHECK_CONSUMER) timestamp=2425 ms, used_size=1921024 bytes (4.7%)
(RDMA_READ_CONSUME_CHECK_CONSUMER) timestamp=2425 ms, used_size=1918976 bytes (4.7%)
(RDMA_READ_CONSUME_CHECK_CONSUMER) timestamp=2425 ms, used_size=1916928 bytes (4.7%)
(RDMA_READ_CONSUME_CHECK_CONSUMER) timestamp=2425 ms, used_size=1914880 bytes (4.7%)
(RDMA_READ_CONSUME_CHECK_CONSUMER) timestamp=2425 ms, used_size=1912832 bytes (4.7%)
(RDMA_READ_CONSUME_CHECK_CONSUMER) timestamp=2425 ms, used_size=1910784 bytes (4.7%)
(RDMA_READ_CONSUME_CHECK_CONSUMER) timestamp=2425 ms, used_size=1908736 bytes (4.7%)
(RDMA_READ_CONSUME_CHECK_CONSUMER) timestamp=2425 ms, used_size=1906688 bytes (4.7%)
(RDMA_READ_CONSUME_CHECK_CONSUMER) timestamp=2425 ms, used_size=1904640 bytes (4.7%)
(RDMA_READ_CONSUME_CHECK_CONSUMER) timestamp=2425 ms, used_size=1902592 bytes (4.6%)
(RDMA_READ_CONSUME_CHECK_CONSUMER) timestamp=2425 ms, used_size=1900544 bytes (4.6%)
(RDMA_READ_CONSUME_CHECK_CONSUMER) timestamp=2425 ms, used_size=1898496 bytes (4.6%)
(RDMA_READ_CONSUME_CHECK_CONSUMER) timestamp=2425 ms, used_size=1896448 bytes (4.6%)
(RDMA_READ_CONSUME_CHECK_CONSUMER) timestamp=2425 ms, used_size=1894400 bytes (4.6%)
(RDMA_READ_CONSUME_CHECK_CONSUMER) timestamp=2425 ms, used_size=1892352 bytes (4.6%)
(RDMA_READ_CONSUME_CHECK_CONSUMER) timestamp=2425 ms, used_size=1890304 bytes (4.6%)
(RDMA_READ_CONSUME_CHECK_CONSUMER) timestamp=2425 ms, used_size=1888256 bytes (4.6%)
(RDMA_READ_CONSUME_CHECK_CONSUMER) timestamp=2426 ms, used_size=1886208 bytes (4.6%)
(RDMA_READ_CONSUME_CHECK_CONSUMER) timestamp=2426 ms, used_size=1884160 bytes (4.6%)
(RDMA_READ_CONSUME_CHECK_CONSUMER) timestamp=2426 ms, used_size=1882112 bytes (4.6%)
(RDMA_READ_CONSUME_CHECK_CONSUMER) timestamp=2426 ms, used_size=1880064 bytes (4.6%)
(RDMA_READ_CONSUME_CHECK_CONSUMER) timestamp=2426 ms, used_size=1878016 bytes (4.6%)
(RDMA_READ_CONSUME_CHECK_CONSUMER) timestamp=2426 ms, used_size=1875968 bytes (4.6%)
(RDMA_READ_CONSUME_CHECK_CONSUMER) timestamp=2426 ms, used_size=1873920 bytes (4.6%)
(RDMA_READ_CONSUME_CHECK_CONSUMER) timestamp=2426 ms, used_size=1871872 bytes (4.6%)
(RDMA_READ_CONSUME_CHECK_CONSUMER) timestamp=2426 ms, used_size=1869824 bytes (4.6%)
(RDMA_READ_CONSUME_CHECK_CONSUMER) timestamp=2426 ms, used_size=1867776 bytes (4.6%)
(RDMA_READ_CONSUME_CHECK_CONSUMER) timestamp=2426 ms, used_size=1865728 bytes (4.6%)
(RDMA_READ_CONSUME_CHECK_CONSUMER) timestamp=2426 ms, used_size=1863680 bytes (4.5%)
(RDMA_READ_CONSUME_CHECK_CONSUMER) timestamp=2426 ms, used_size=1861632 bytes (4.5%)
(RDMA_READ_CONSUME_CHECK_CONSUMER) timestamp=2426 ms, used_size=1859584 bytes (4.5%)
(RDMA_READ_CONSUME_CHECK_CONSUMER) timestamp=2426 ms, used_size=1857536 bytes (4.5%)
(RDMA_READ_CONSUME_CHECK_CONSUMER) timestamp=2426 ms, used_size=1855488 bytes (4.5%)
(RDMA_READ_CONSUME_CHECK_CONSUMER) timestamp=2426 ms, used_size=1853440 bytes (4.5%)
(RDMA_READ_CONSUME_CHECK_CONSUMER) timestamp=2426 ms, used_size=1851392 bytes (4.5%)
(RDMA_READ_CONSUME_CHECK_CONSUMER) timestamp=2426 ms, used_size=1849344 bytes (4.5%)
(RDMA_READ_CONSUME_CHECK_CONSUMER) timestamp=2426 ms, used_size=1847296 bytes (4.5%)
(RDMA_READ_CONSUME_CHECK_CONSUMER) timestamp=2426 ms, used_size=1845248 bytes (4.5%)
(RDMA_READ_CONSUME_CHECK_CONSUMER) timestamp=2426 ms, used_size=1843200 bytes (4.5%)
(RDMA_READ_CONSUME_CHECK_CONSUMER) timestamp=2426 ms, used_size=1841152 bytes (4.5%)
(RDMA_READ_CONSUME_CHECK_CONSUMER) timestamp=2426 ms, used_size=1839104 bytes (4.5%)
(RDMA_READ_CONSUME_CHECK_CONSUMER) timestamp=2426 ms, used_size=1837056 bytes (4.5%)
(RDMA_READ_CONSUME_CHECK_CONSUMER) timestamp=2426 ms, used_size=1835008 bytes (4.5%)
(RDMA_READ_CONSUME_CHECK_CONSUMER) timestamp=2426 ms, used_size=1832960 bytes (4.5%)
(RDMA_READ_CONSUME_CHECK_CONSUMER) timestamp=2426 ms, used_size=1830912 bytes (4.5%)
(RDMA_READ_CONSUME_CHECK_CONSUMER) timestamp=2426 ms, used_size=1828864 bytes (4.5%)
(RDMA_READ_CONSUME_CHECK_CONSUMER) timestamp=2426 ms, used_size=1826816 bytes (4.5%)
(RDMA_READ_CONSUME_CHECK_CONSUMER) timestamp=2426 ms, used_size=1824768 bytes (4.5%)
(RDMA_READ_CONSUME_CHECK_CONSUMER) timestamp=2426 ms, used_size=1822720 bytes (4.5%)
(RDMA_READ_CONSUME_CHECK_CONSUMER) timestamp=2426 ms, used_size=1820672 bytes (4.4%)
(RDMA_READ_CONSUME_CHECK_CONSUMER) timestamp=2426 ms, used_size=1818624 bytes (4.4%)
(RDMA_READ_CONSUME_CHECK_CONSUMER) timestamp=2426 ms, used_size=1816576 bytes (4.4%)
(RDMA_READ_CONSUME_CHECK_CONSUMER) timestamp=2426 ms, used_size=1814528 bytes (4.4%)
(RDMA_READ_CONSUME_CHECK_CONSUMER) timestamp=2426 ms, used_size=1812480 bytes (4.4%)
(RDMA_READ_CONSUME_CHECK_CONSUMER) timestamp=2426 ms, used_size=1810432 bytes (4.4%)
(RDMA_READ_CONSUME_CHECK_CONSUMER) timestamp=2426 ms, used_size=1808384 bytes (4.4%)
(RDMA_READ_CONSUME_CHECK_CONSUMER) timestamp=2426 ms, used_size=1806336 bytes (4.4%)
(RDMA_READ_CONSUME_CHECK_CONSUMER) timestamp=2426 ms, used_size=1804288 bytes (4.4%)
(RDMA_READ_CONSUME_CHECK_CONSUMER) timestamp=2426 ms, used_size=1802240 bytes (4.4%)
(RDMA_READ_CONSUME_CHECK_CONSUMER) timestamp=2426 ms, used_size=1800192 bytes (4.4%)
(RDMA_READ_CONSUME_CHECK_CONSUMER) timestamp=2426 ms, used_size=1798144 bytes (4.4%)
(RDMA_READ_CONSUME_CHECK_CONSUMER) timestamp=2426 ms, used_size=1796096 bytes (4.4%)
(RDMA_READ_CONSUME_CHECK_CONSUMER) timestamp=2426 ms, used_size=1794048 bytes (4.4%)
(RDMA_READ_CONSUME_CHECK_CONSUMER) timestamp=2426 ms, used_size=1792000 bytes (4.4%)
(RDMA_READ_CONSUME_CHECK_CONSUMER) timestamp=2426 ms, used_size=1789952 bytes (4.4%)
(RDMA_READ_CONSUME_CHECK_CONSUMER) timestamp=2426 ms, used_size=1787904 bytes (4.4%)
(RDMA_READ_CONSUME_CHECK_CONSUMER) timestamp=2426 ms, used_size=1785856 bytes (4.4%)
(RDMA_READ_CONSUME_CHECK_CONSUMER) timestamp=2426 ms, used_size=1783808 bytes (4.4%)
(RDMA_READ_CONSUME_CHECK_CONSUMER) timestamp=2426 ms, used_size=1781760 bytes (4.3%)
(RDMA_READ_CONSUME_CHECK_CONSUMER) timestamp=2426 ms, used_size=1779712 bytes (4.3%)
(RDMA_READ_CONSUME_CHECK_CONSUMER) timestamp=2426 ms, used_size=1777664 bytes (4.3%)
(RDMA_READ_CONSUME_CHECK_CONSUMER) timestamp=2426 ms, used_size=1775616 bytes (4.3%)
(RDMA_READ_CONSUME_CHECK_CONSUMER) timestamp=2426 ms, used_size=1773568 bytes (4.3%)
(RDMA_READ_CONSUME_CHECK_CONSUMER) timestamp=2426 ms, used_size=1771520 bytes (4.3%)
(RDMA_READ_CONSUME_CHECK_CONSUMER) timestamp=2426 ms, used_size=1769472 bytes (4.3%)
(RDMA_READ_CONSUME_CHECK_CONSUMER) timestamp=2426 ms, used_size=1767424 bytes (4.3%)
(RDMA_READ_CONSUME_CHECK_CONSUMER) timestamp=2426 ms, used_size=1765376 bytes (4.3%)
(RDMA_READ_CONSUME_CHECK_CONSUMER) timestamp=2426 ms, used_size=1763328 bytes (4.3%)
(RDMA_READ_CONSUME_CHECK_CONSUMER) timestamp=2426 ms, used_size=1761280 bytes (4.3%)
(RDMA_READ_CONSUME_CHECK_CONSUMER) timestamp=2426 ms, used_size=1759232 bytes (4.3%)
(RDMA_READ_CONSUME_CHECK_CONSUMER) timestamp=2426 ms, used_size=1757184 bytes (4.3%)
(RDMA_READ_CONSUME_CHECK_CONSUMER) timestamp=2426 ms, used_size=1755136 bytes (4.3%)
(RDMA_READ_CONSUME_CHECK_CONSUMER) timestamp=2426 ms, used_size=1753088 bytes (4.3%)
(RDMA_READ_CONSUME_CHECK_CONSUMER) timestamp=2426 ms, used_size=1751040 bytes (4.3%)
(RDMA_READ_CONSUME_CHECK_CONSUMER) timestamp=2426 ms, used_size=1748992 bytes (4.3%)
(RDMA_READ_CONSUME_CHECK_CONSUMER) timestamp=2426 ms, used_size=1746944 bytes (4.3%)
(RDMA_READ_CONSUME_CHECK_CONSUMER) timestamp=2426 ms, used_size=1744896 bytes (4.3%)
(RDMA_READ_CONSUME_CHECK_CONSUMER) timestamp=2426 ms, used_size=1742848 bytes (4.3%)
(RDMA_READ_CONSUME_CHECK_CONSUMER) timestamp=2426 ms, used_size=1740800 bytes (4.2%)
(RDMA_READ_CONSUME_CHECK_CONSUMER) timestamp=2426 ms, used_size=1738752 bytes (4.2%)
(RDMA_READ_CONSUME_CHECK_CONSUMER) timestamp=2426 ms, used_size=1736704 bytes (4.2%)
(RDMA_READ_CONSUME_CHECK_CONSUMER) timestamp=2426 ms, used_size=1734656 bytes (4.2%)
(RDMA_READ_CONSUME_CHECK_CONSUMER) timestamp=2426 ms, used_size=1732608 bytes (4.2%)
(RDMA_READ_CONSUME_CHECK_CONSUMER) timestamp=2426 ms, used_size=1730560 bytes (4.2%)
(RDMA_READ_CONSUME_CHECK_CONSUMER) timestamp=2426 ms, used_size=1728512 bytes (4.2%)
(RDMA_READ_CONSUME_CHECK_CONSUMER) timestamp=2426 ms, used_size=1726464 bytes (4.2%)
(RDMA_READ_CONSUME_CHECK_CONSUMER) timestamp=2426 ms, used_size=1724416 bytes (4.2%)
(RDMA_READ_CONSUME_CHECK_CONSUMER) timestamp=2426 ms, used_size=1722368 bytes (4.2%)
(RDMA_READ_CONSUME_CHECK_CONSUMER) timestamp=2426 ms, used_size=1720320 bytes (4.2%)
(RDMA_READ_CONSUME_CHECK_CONSUMER) timestamp=2426 ms, used_size=1718272 bytes (4.2%)
(RDMA_READ_CONSUME_CHECK_CONSUMER) timestamp=2426 ms, used_size=1716224 bytes (4.2%)
(RDMA_READ_CONSUME_CHECK_CONSUMER) timestamp=2426 ms, used_size=1714176 bytes (4.2%)
(RDMA_READ_CONSUME_CHECK_CONSUMER) timestamp=2426 ms, used_size=1712128 bytes (4.2%)
(RDMA_READ_CONSUME_CHECK_CONSUMER) timestamp=2426 ms, used_size=1710080 bytes (4.2%)
(RDMA_READ_CONSUME_CHECK_CONSUMER) timestamp=2426 ms, used_size=1708032 bytes (4.2%)
(RDMA_READ_CONSUME_CHECK_CONSUMER) timestamp=2426 ms, used_size=1705984 bytes (4.2%)
(RDMA_READ_CONSUME_CHECK_CONSUMER) timestamp=2426 ms, used_size=1703936 bytes (4.2%)
(RDMA_READ_CONSUME_CHECK_CONSUMER) timestamp=2426 ms, used_size=1701888 bytes (4.2%)
(RDMA_READ_CONSUME_CHECK_CONSUMER) timestamp=2426 ms, used_size=1699840 bytes (4.2%)
(RDMA_READ_CONSUME_CHECK_CONSUMER) timestamp=2426 ms, used_size=1697792 bytes (4.1%)
(RDMA_READ_CONSUME_CHECK_CONSUMER) timestamp=2426 ms, used_size=1695744 bytes (4.1%)
(RDMA_READ_CONSUME_CHECK_CONSUMER) timestamp=2426 ms, used_size=1693696 bytes (4.1%)
(RDMA_READ_CONSUME_CHECK_CONSUMER) timestamp=2426 ms, used_size=1691648 bytes (4.1%)
(RDMA_READ_CONSUME_CHECK_CONSUMER) timestamp=2426 ms, used_size=1689600 bytes (4.1%)
(RDMA_READ_CONSUME_CHECK_CONSUMER) timestamp=2426 ms, used_size=1687552 bytes (4.1%)
(RDMA_READ_CONSUME_CHECK_CONSUMER) timestamp=2426 ms, used_size=1685504 bytes (4.1%)
(RDMA_READ_CONSUME_CHECK_CONSUMER) timestamp=2426 ms, used_size=1683456 bytes (4.1%)
(RDMA_READ_CONSUME_CHECK_CONSUMER) timestamp=2426 ms, used_size=1681408 bytes (4.1%)
(RDMA_READ_CONSUME_CHECK_CONSUMER) timestamp=2426 ms, used_size=1679360 bytes (4.1%)
(RDMA_READ_CONSUME_CHECK_CONSUMER) timestamp=2426 ms, used_size=1677312 bytes (4.1%)
(RDMA_READ_CONSUME_CHECK_CONSUMER) timestamp=2426 ms, used_size=1675264 bytes (4.1%)
(RDMA_READ_CONSUME_CHECK_CONSUMER) timestamp=2426 ms, used_size=1673216 bytes (4.1%)
(RDMA_READ_CONSUME_CHECK_CONSUMER) timestamp=2426 ms, used_size=1671168 bytes (4.1%)
(RDMA_READ_CONSUME_CHECK_CONSUMER) timestamp=2426 ms, used_size=1669120 bytes (4.1%)
(RDMA_READ_CONSUME_CHECK_CONSUMER) timestamp=2426 ms, used_size=1667072 bytes (4.1%)
(RDMA_READ_CONSUME_CHECK_CONSUMER) timestamp=2426 ms, used_size=1665024 bytes (4.1%)
(RDMA_READ_CONSUME_CHECK_CONSUMER) timestamp=2426 ms, used_size=1662976 bytes (4.1%)
(RDMA_READ_CONSUME_CHECK_CONSUMER) timestamp=2426 ms, used_size=1660928 bytes (4.1%)
(RDMA_READ_CONSUME_CHECK_CONSUMER) timestamp=2426 ms, used_size=1658880 bytes (4.0%)
(RDMA_READ_CONSUME_CHECK_CONSUMER) timestamp=2426 ms, used_size=1656832 bytes (4.0%)
(RDMA_READ_CONSUME_CHECK_CONSUMER) timestamp=2426 ms, used_size=1654784 bytes (4.0%)
(RDMA_READ_CONSUME_CHECK_CONSUMER) timestamp=2426 ms, used_size=1652736 bytes (4.0%)
(RDMA_READ_CONSUME_CHECK_CONSUMER) timestamp=2426 ms, used_size=1650688 bytes (4.0%)
(RDMA_READ_CONSUME_CHECK_CONSUMER) timestamp=2426 ms, used_size=1648640 bytes (4.0%)
(RDMA_READ_CONSUME_CHECK_CONSUMER) timestamp=2426 ms, used_size=1646592 bytes (4.0%)
(RDMA_READ_CONSUME_CHECK_CONSUMER) timestamp=2426 ms, used_size=1644544 bytes (4.0%)
(RDMA_READ_CONSUME_CHECK_CONSUMER) timestamp=2426 ms, used_size=1642496 bytes (4.0%)
(RDMA_READ_CONSUME_CHECK_CONSUMER) timestamp=2426 ms, used_size=1640448 bytes (4.0%)
(RDMA_READ_CONSUME_CHECK_CONSUMER) timestamp=2426 ms, used_size=1638400 bytes (4.0%)
(RDMA_READ_CONSUME_CHECK_CONSUMER) timestamp=2426 ms, used_size=1636352 bytes (4.0%)
(RDMA_READ_CONSUME_CHECK_CONSUMER) timestamp=2426 ms, used_size=1634304 bytes (4.0%)
(RDMA_READ_CONSUME_CHECK_CONSUMER) timestamp=2426 ms, used_size=1632256 bytes (4.0%)
(RDMA_READ_CONSUME_CHECK_CONSUMER) timestamp=2426 ms, used_size=1630208 bytes (4.0%)
(RDMA_READ_CONSUME_CHECK_CONSUMER) timestamp=2426 ms, used_size=1628160 bytes (4.0%)
(RDMA_READ_CONSUME_CHECK_CONSUMER) timestamp=2426 ms, used_size=1626112 bytes (4.0%)
(RDMA_READ_CONSUME_CHECK_CONSUMER) timestamp=2426 ms, used_size=1624064 bytes (4.0%)
(RDMA_READ_CONSUME_CHECK_CONSUMER) timestamp=2426 ms, used_size=1622016 bytes (4.0%)
(RDMA_READ_CONSUME_CHECK_CONSUMER) timestamp=2426 ms, used_size=1619968 bytes (4.0%)
(RDMA_READ_CONSUME_CHECK_CONSUMER) timestamp=2426 ms, used_size=1617920 bytes (4.0%)
(RDMA_READ_CONSUME_CHECK_CONSUMER) timestamp=2426 ms, used_size=1615872 bytes (3.9%)
(RDMA_READ_CONSUME_CHECK_CONSUMER) timestamp=2426 ms, used_size=1613824 bytes (3.9%)
(RDMA_READ_CONSUME_CHECK_CONSUMER) timestamp=2426 ms, used_size=1611776 bytes (3.9%)
(RDMA_READ_CONSUME_CHECK_CONSUMER) timestamp=2426 ms, used_size=1609728 bytes (3.9%)
(RDMA_READ_CONSUME_CHECK_CONSUMER) timestamp=2426 ms, used_size=1607680 bytes (3.9%)
(RDMA_READ_CONSUME_CHECK_CONSUMER) timestamp=2426 ms, used_size=1605632 bytes (3.9%)
(RDMA_READ_CONSUME_CHECK_CONSUMER) timestamp=2426 ms, used_size=1603584 bytes (3.9%)
(RDMA_READ_CONSUME_CHECK_CONSUMER) timestamp=2426 ms, used_size=1601536 bytes (3.9%)
(RDMA_READ_CONSUME_CHECK_CONSUMER) timestamp=2426 ms, used_size=1599488 bytes (3.9%)
(RDMA_READ_CONSUME_CHECK_CONSUMER) timestamp=2426 ms, used_size=1597440 bytes (3.9%)
(RDMA_READ_CONSUME_CHECK_CONSUMER) timestamp=2426 ms, used_size=1595392 bytes (3.9%)
(RDMA_READ_CONSUME_CHECK_CONSUMER) timestamp=2426 ms, used_size=1593344 bytes (3.9%)
(RDMA_READ_CONSUME_CHECK_CONSUMER) timestamp=2426 ms, used_size=1591296 bytes (3.9%)
(RDMA_READ_CONSUME_CHECK_CONSUMER) timestamp=2426 ms, used_size=1589248 bytes (3.9%)
(RDMA_READ_CONSUME_CHECK_CONSUMER) timestamp=2426 ms, used_size=1587200 bytes (3.9%)
(RDMA_READ_CONSUME_CHECK_CONSUMER) timestamp=2426 ms, used_size=1585152 bytes (3.9%)
(RDMA_READ_CONSUME_CHECK_CONSUMER) timestamp=2426 ms, used_size=1583104 bytes (3.9%)
(RDMA_READ_CONSUME_CHECK_CONSUMER) timestamp=2426 ms, used_size=1581056 bytes (3.9%)
(RDMA_READ_CONSUME_CHECK_CONSUMER) timestamp=2426 ms, used_size=1579008 bytes (3.9%)
(RDMA_READ_CONSUME_CHECK_CONSUMER) timestamp=2426 ms, used_size=1576960 bytes (3.9%)
(RDMA_READ_CONSUME_CHECK_CONSUMER) timestamp=2426 ms, used_size=1574912 bytes (3.8%)
(RDMA_READ_CONSUME_CHECK_CONSUMER) timestamp=2426 ms, used_size=1572864 bytes (3.8%)
(RDMA_READ_CONSUME_CHECK_CONSUMER) timestamp=2426 ms, used_size=1570816 bytes (3.8%)
(RDMA_READ_CONSUME_CHECK_CONSUMER) timestamp=2426 ms, used_size=1568768 bytes (3.8%)
(RDMA_READ_CONSUME_CHECK_CONSUMER) timestamp=2426 ms, used_size=1566720 bytes (3.8%)
(RDMA_READ_CONSUME_CHECK_CONSUMER) timestamp=2426 ms, used_size=1564672 bytes (3.8%)
(RDMA_READ_CONSUME_CHECK_CONSUMER) timestamp=2426 ms, used_size=1562624 bytes (3.8%)
(RDMA_READ_CONSUME_CHECK_CONSUMER) timestamp=2426 ms, used_size=1560576 bytes (3.8%)
(RDMA_READ_CONSUME_CHECK_CONSUMER) timestamp=2426 ms, used_size=1558528 bytes (3.8%)
(RDMA_READ_CONSUME_CHECK_CONSUMER) timestamp=2426 ms, used_size=1556480 bytes (3.8%)
(RDMA_READ_CONSUME_CHECK_CONSUMER) timestamp=2426 ms, used_size=1554432 bytes (3.8%)
(RDMA_READ_CONSUME_CHECK_CONSUMER) timestamp=2426 ms, used_size=1552384 bytes (3.8%)
(RDMA_READ_CONSUME_CHECK_CONSUMER) timestamp=2426 ms, used_size=1550336 bytes (3.8%)
(RDMA_READ_CONSUME_CHECK_CONSUMER) timestamp=2426 ms, used_size=1548288 bytes (3.8%)
(RDMA_READ_CONSUME_CHECK_CONSUMER) timestamp=2426 ms, used_size=1546240 bytes (3.8%)
(RDMA_READ_CONSUME_CHECK_CONSUMER) timestamp=2426 ms, used_size=1544192 bytes (3.8%)
(RDMA_READ_CONSUME_CHECK_CONSUMER) timestamp=2426 ms, used_size=1542144 bytes (3.8%)
(RDMA_READ_CONSUME_CHECK_CONSUMER) timestamp=2426 ms, used_size=1540096 bytes (3.8%)
(RDMA_READ_CONSUME_CHECK_CONSUMER) timestamp=2426 ms, used_size=1538048 bytes (3.8%)
(RDMA_READ_CONSUME_CHECK_CONSUMER) timestamp=2426 ms, used_size=1536000 bytes (3.8%)
(RDMA_READ_CONSUME_CHECK_CONSUMER) timestamp=2426 ms, used_size=1533952 bytes (3.7%)
(RDMA_READ_CONSUME_CHECK_CONSUMER) timestamp=2426 ms, used_size=1531904 bytes (3.7%)
(RDMA_READ_CONSUME_CHECK_CONSUMER) timestamp=2426 ms, used_size=1529856 bytes (3.7%)
(RDMA_READ_CONSUME_CHECK_CONSUMER) timestamp=2426 ms, used_size=1527808 bytes (3.7%)
(RDMA_READ_CONSUME_CHECK_CONSUMER) timestamp=2426 ms, used_size=1525760 bytes (3.7%)
(RDMA_READ_CONSUME_CHECK_CONSUMER) timestamp=2426 ms, used_size=1523712 bytes (3.7%)
(RDMA_READ_CONSUME_CHECK_CONSUMER) timestamp=2426 ms, used_size=1521664 bytes (3.7%)
(RDMA_READ_CONSUME_CHECK_CONSUMER) timestamp=2427 ms, used_size=1519616 bytes (3.7%)
(RDMA_READ_CONSUME_CHECK_CONSUMER) timestamp=2427 ms, used_size=1517568 bytes (3.7%)
(RDMA_READ_CONSUME_CHECK_CONSUMER) timestamp=2427 ms, used_size=1515520 bytes (3.7%)
(RDMA_READ_CONSUME_CHECK_CONSUMER) timestamp=2427 ms, used_size=1513472 bytes (3.7%)
(RDMA_READ_CONSUME_CHECK_CONSUMER) timestamp=2427 ms, used_size=1511424 bytes (3.7%)
(RDMA_READ_CONSUME_CHECK_CONSUMER) timestamp=2427 ms, used_size=1509376 bytes (3.7%)
(RDMA_READ_CONSUME_CHECK_CONSUMER) timestamp=2427 ms, used_size=1507328 bytes (3.7%)
(RDMA_READ_CONSUME_CHECK_CONSUMER) timestamp=2427 ms, used_size=1505280 bytes (3.7%)
(RDMA_READ_CONSUME_CHECK_CONSUMER) timestamp=2427 ms, used_size=1503232 bytes (3.7%)
(RDMA_READ_CONSUME_CHECK_CONSUMER) timestamp=2427 ms, used_size=1501184 bytes (3.7%)
(RDMA_READ_CONSUME_CHECK_CONSUMER) timestamp=2427 ms, used_size=1499136 bytes (3.7%)
(RDMA_READ_CONSUME_CHECK_CONSUMER) timestamp=2427 ms, used_size=1497088 bytes (3.7%)
(RDMA_READ_CONSUME_CHECK_CONSUMER) timestamp=2427 ms, used_size=1495040 bytes (3.6%)
(RDMA_READ_CONSUME_CHECK_CONSUMER) timestamp=2427 ms, used_size=1492992 bytes (3.6%)
(RDMA_READ_CONSUME_CHECK_CONSUMER) timestamp=2427 ms, used_size=1490944 bytes (3.6%)
(RDMA_READ_CONSUME_CHECK_CONSUMER) timestamp=2427 ms, used_size=1488896 bytes (3.6%)
(RDMA_READ_CONSUME_CHECK_CONSUMER) timestamp=2427 ms, used_size=1486848 bytes (3.6%)
(RDMA_READ_CONSUME_CHECK_CONSUMER) timestamp=2427 ms, used_size=1484800 bytes (3.6%)
(RDMA_READ_CONSUME_CHECK_CONSUMER) timestamp=2427 ms, used_size=1482752 bytes (3.6%)
(RDMA_READ_CONSUME_CHECK_CONSUMER) timestamp=2427 ms, used_size=1480704 bytes (3.6%)
(RDMA_READ_CONSUME_CHECK_CONSUMER) timestamp=2427 ms, used_size=1478656 bytes (3.6%)
(RDMA_READ_CONSUME_CHECK_CONSUMER) timestamp=2427 ms, used_size=1476608 bytes (3.6%)
(RDMA_READ_CONSUME_CHECK_CONSUMER) timestamp=2427 ms, used_size=1474560 bytes (3.6%)
(RDMA_READ_CONSUME_CHECK_CONSUMER) timestamp=2427 ms, used_size=1472512 bytes (3.6%)
(RDMA_READ_CONSUME_CHECK_CONSUMER) timestamp=2427 ms, used_size=1470464 bytes (3.6%)
(RDMA_READ_CONSUME_CHECK_CONSUMER) timestamp=2427 ms, used_size=1468416 bytes (3.6%)
(RDMA_READ_CONSUME_CHECK_CONSUMER) timestamp=2427 ms, used_size=1466368 bytes (3.6%)
(RDMA_READ_CONSUME_CHECK_CONSUMER) timestamp=2427 ms, used_size=1464320 bytes (3.6%)
(RDMA_READ_CONSUME_CHECK_CONSUMER) timestamp=2427 ms, used_size=1462272 bytes (3.6%)
(RDMA_READ_CONSUME_CHECK_CONSUMER) timestamp=2427 ms, used_size=1460224 bytes (3.6%)
(RDMA_READ_CONSUME_CHECK_CONSUMER) timestamp=2427 ms, used_size=1458176 bytes (3.6%)
(RDMA_READ_CONSUME_CHECK_CONSUMER) timestamp=2427 ms, used_size=1456128 bytes (3.6%)
(RDMA_READ_CONSUME_CHECK_CONSUMER) timestamp=2427 ms, used_size=1454080 bytes (3.5%)
(RDMA_READ_CONSUME_CHECK_CONSUMER) timestamp=2427 ms, used_size=1452032 bytes (3.5%)
(RDMA_READ_CONSUME_CHECK_CONSUMER) timestamp=2427 ms, used_size=1449984 bytes (3.5%)
(RDMA_READ_CONSUME_CHECK_CONSUMER) timestamp=2427 ms, used_size=1447936 bytes (3.5%)
(RDMA_READ_CONSUME_CHECK_CONSUMER) timestamp=2427 ms, used_size=1445888 bytes (3.5%)
(RDMA_READ_CONSUME_CHECK_CONSUMER) timestamp=2427 ms, used_size=1443840 bytes (3.5%)
(RDMA_READ_CONSUME_CHECK_CONSUMER) timestamp=2427 ms, used_size=1441792 bytes (3.5%)
(RDMA_READ_CONSUME_CHECK_CONSUMER) timestamp=2427 ms, used_size=1439744 bytes (3.5%)
(RDMA_READ_CONSUME_CHECK_CONSUMER) timestamp=2427 ms, used_size=1437696 bytes (3.5%)
(RDMA_READ_CONSUME_CHECK_CONSUMER) timestamp=2427 ms, used_size=1435648 bytes (3.5%)
(RDMA_READ_CONSUME_CHECK_CONSUMER) timestamp=2427 ms, used_size=1433600 bytes (3.5%)
(RDMA_READ_CONSUME_CHECK_CONSUMER) timestamp=2427 ms, used_size=1431552 bytes (3.5%)
(RDMA_READ_CONSUME_CHECK_CONSUMER) timestamp=2427 ms, used_size=1429504 bytes (3.5%)
(RDMA_READ_CONSUME_CHECK_CONSUMER) timestamp=2427 ms, used_size=1427456 bytes (3.5%)
(RDMA_READ_CONSUME_CHECK_CONSUMER) timestamp=2427 ms, used_size=1425408 bytes (3.5%)
(RDMA_READ_CONSUME_CHECK_CONSUMER) timestamp=2427 ms, used_size=1423360 bytes (3.5%)
(RDMA_READ_CONSUME_CHECK_CONSUMER) timestamp=2427 ms, used_size=1421312 bytes (3.5%)
(RDMA_READ_CONSUME_CHECK_CONSUMER) timestamp=2427 ms, used_size=1419264 bytes (3.5%)
(RDMA_READ_CONSUME_CHECK_CONSUMER) timestamp=2427 ms, used_size=1417216 bytes (3.5%)
(RDMA_READ_CONSUME_CHECK_CONSUMER) timestamp=2427 ms, used_size=1415168 bytes (3.5%)
(RDMA_READ_CONSUME_CHECK_CONSUMER) timestamp=2427 ms, used_size=1413120 bytes (3.5%)
(RDMA_READ_CONSUME_CHECK_CONSUMER) timestamp=2427 ms, used_size=1411072 bytes (3.4%)
(RDMA_READ_CONSUME_CHECK_CONSUMER) timestamp=2427 ms, used_size=1409024 bytes (3.4%)
(RDMA_READ_CONSUME_CHECK_CONSUMER) timestamp=2427 ms, used_size=1406976 bytes (3.4%)
(RDMA_READ_CONSUME_CHECK_CONSUMER) timestamp=2427 ms, used_size=1404928 bytes (3.4%)
(RDMA_READ_CONSUME_CHECK_CONSUMER) timestamp=2427 ms, used_size=1402880 bytes (3.4%)
(RDMA_READ_CONSUME_CHECK_CONSUMER) timestamp=2427 ms, used_size=1400832 bytes (3.4%)
(RDMA_READ_CONSUME_CHECK_CONSUMER) timestamp=2427 ms, used_size=1398784 bytes (3.4%)
(RDMA_READ_CONSUME_CHECK_CONSUMER) timestamp=2427 ms, used_size=1396736 bytes (3.4%)
(RDMA_READ_CONSUME_CHECK_CONSUMER) timestamp=2427 ms, used_size=1394688 bytes (3.4%)
(RDMA_READ_CONSUME_CHECK_CONSUMER) timestamp=2427 ms, used_size=1392640 bytes (3.4%)
(RDMA_READ_CONSUME_CHECK_CONSUMER) timestamp=2427 ms, used_size=1390592 bytes (3.4%)
(RDMA_READ_CONSUME_CHECK_CONSUMER) timestamp=2427 ms, used_size=1388544 bytes (3.4%)
(RDMA_READ_CONSUME_CHECK_CONSUMER) timestamp=2427 ms, used_size=1386496 bytes (3.4%)
(RDMA_READ_CONSUME_CHECK_CONSUMER) timestamp=2427 ms, used_size=1384448 bytes (3.4%)
(RDMA_READ_CONSUME_CHECK_CONSUMER) timestamp=2427 ms, used_size=1382400 bytes (3.4%)
(RDMA_READ_CONSUME_CHECK_CONSUMER) timestamp=2427 ms, used_size=1380352 bytes (3.4%)
(RDMA_READ_CONSUME_CHECK_CONSUMER) timestamp=2427 ms, used_size=1378304 bytes (3.4%)
(RDMA_READ_CONSUME_CHECK_CONSUMER) timestamp=2427 ms, used_size=1376256 bytes (3.4%)
(RDMA_READ_CONSUME_CHECK_CONSUMER) timestamp=2427 ms, used_size=1374208 bytes (3.4%)
(RDMA_READ_CONSUME_CHECK_CONSUMER) timestamp=2427 ms, used_size=1372160 bytes (3.4%)
(RDMA_READ_CONSUME_CHECK_CONSUMER) timestamp=2427 ms, used_size=1370112 bytes (3.3%)
(RDMA_READ_CONSUME_CHECK_CONSUMER) timestamp=2427 ms, used_size=1368064 bytes (3.3%)
(RDMA_READ_CONSUME_CHECK_CONSUMER) timestamp=2427 ms, used_size=1366016 bytes (3.3%)
(RDMA_READ_CONSUME_CHECK_CONSUMER) timestamp=2427 ms, used_size=1363968 bytes (3.3%)
(RDMA_READ_CONSUME_CHECK_CONSUMER) timestamp=2427 ms, used_size=1361920 bytes (3.3%)
(RDMA_READ_CONSUME_CHECK_CONSUMER) timestamp=2427 ms, used_size=1359872 bytes (3.3%)
(RDMA_READ_CONSUME_CHECK_CONSUMER) timestamp=2427 ms, used_size=1357824 bytes (3.3%)
(RDMA_READ_CONSUME_CHECK_CONSUMER) timestamp=2427 ms, used_size=1355776 bytes (3.3%)
(RDMA_READ_CONSUME_CHECK_CONSUMER) timestamp=2427 ms, used_size=1353728 bytes (3.3%)
(RDMA_READ_CONSUME_CHECK_CONSUMER) timestamp=2427 ms, used_size=1351680 bytes (3.3%)
(RDMA_READ_CONSUME_CHECK_CONSUMER) timestamp=2427 ms, used_size=1349632 bytes (3.3%)
(RDMA_READ_CONSUME_CHECK_CONSUMER) timestamp=2427 ms, used_size=1347584 bytes (3.3%)
(RDMA_READ_CONSUME_CHECK_CONSUMER) timestamp=2427 ms, used_size=1345536 bytes (3.3%)
(RDMA_READ_CONSUME_CHECK_CONSUMER) timestamp=2427 ms, used_size=1343488 bytes (3.3%)
(RDMA_READ_CONSUME_CHECK_CONSUMER) timestamp=2427 ms, used_size=1341440 bytes (3.3%)
(RDMA_READ_CONSUME_CHECK_CONSUMER) timestamp=2427 ms, used_size=1339392 bytes (3.3%)
(RDMA_READ_CONSUME_CHECK_CONSUMER) timestamp=2427 ms, used_size=1337344 bytes (3.3%)
(RDMA_READ_CONSUME_CHECK_CONSUMER) timestamp=2427 ms, used_size=1335296 bytes (3.3%)
(RDMA_READ_CONSUME_CHECK_CONSUMER) timestamp=2427 ms, used_size=1333248 bytes (3.3%)
(RDMA_READ_CONSUME_CHECK_CONSUMER) timestamp=2427 ms, used_size=1331200 bytes (3.2%)
(RDMA_READ_CONSUME_CHECK_CONSUMER) timestamp=2427 ms, used_size=1329152 bytes (3.2%)
(RDMA_READ_CONSUME_CHECK_CONSUMER) timestamp=2427 ms, used_size=1327104 bytes (3.2%)
(RDMA_READ_CONSUME_CHECK_CONSUMER) timestamp=2427 ms, used_size=1325056 bytes (3.2%)
(RDMA_READ_CONSUME_CHECK_CONSUMER) timestamp=2427 ms, used_size=1323008 bytes (3.2%)
(RDMA_READ_CONSUME_CHECK_CONSUMER) timestamp=2427 ms, used_size=1320960 bytes (3.2%)
(RDMA_READ_CONSUME_CHECK_CONSUMER) timestamp=2427 ms, used_size=1318912 bytes (3.2%)
(RDMA_READ_CONSUME_CHECK_CONSUMER) timestamp=2427 ms, used_size=1316864 bytes (3.2%)
(RDMA_READ_CONSUME_CHECK_CONSUMER) timestamp=2427 ms, used_size=1314816 bytes (3.2%)
(RDMA_READ_CONSUME_CHECK_CONSUMER) timestamp=2427 ms, used_size=1312768 bytes (3.2%)
(RDMA_READ_CONSUME_CHECK_CONSUMER) timestamp=2427 ms, used_size=1310720 bytes (3.2%)
(RDMA_READ_CONSUME_CHECK_CONSUMER) timestamp=2427 ms, used_size=1308672 bytes (3.2%)
(RDMA_READ_CONSUME_CHECK_CONSUMER) timestamp=2427 ms, used_size=1306624 bytes (3.2%)
(RDMA_READ_CONSUME_CHECK_CONSUMER) timestamp=2427 ms, used_size=1304576 bytes (3.2%)
(RDMA_READ_CONSUME_CHECK_CONSUMER) timestamp=2427 ms, used_size=1302528 bytes (3.2%)
(RDMA_READ_CONSUME_CHECK_CONSUMER) timestamp=2427 ms, used_size=1300480 bytes (3.2%)
(RDMA_READ_CONSUME_CHECK_CONSUMER) timestamp=2427 ms, used_size=1298432 bytes (3.2%)
(RDMA_READ_CONSUME_CHECK_CONSUMER) timestamp=2427 ms, used_size=1296384 bytes (3.2%)
(RDMA_READ_CONSUME_CHECK_CONSUMER) timestamp=2427 ms, used_size=1294336 bytes (3.2%)
(RDMA_READ_CONSUME_CHECK_CONSUMER) timestamp=2427 ms, used_size=1292288 bytes (3.2%)
(RDMA_READ_CONSUME_CHECK_CONSUMER) timestamp=2427 ms, used_size=1290240 bytes (3.1%)
(RDMA_READ_CONSUME_CHECK_CONSUMER) timestamp=2427 ms, used_size=1288192 bytes (3.1%)
(RDMA_READ_CONSUME_CHECK_CONSUMER) timestamp=2427 ms, used_size=1286144 bytes (3.1%)
(RDMA_READ_CONSUME_CHECK_CONSUMER) timestamp=2427 ms, used_size=1284096 bytes (3.1%)
(RDMA_READ_CONSUME_CHECK_CONSUMER) timestamp=2427 ms, used_size=1282048 bytes (3.1%)
(RDMA_READ_CONSUME_CHECK_CONSUMER) timestamp=2427 ms, used_size=1280000 bytes (3.1%)
(RDMA_READ_CONSUME_CHECK_CONSUMER) timestamp=2427 ms, used_size=1277952 bytes (3.1%)
(RDMA_READ_CONSUME_CHECK_CONSUMER) timestamp=2427 ms, used_size=1275904 bytes (3.1%)
(RDMA_READ_CONSUME_CHECK_CONSUMER) timestamp=2427 ms, used_size=1273856 bytes (3.1%)
(RDMA_READ_CONSUME_CHECK_CONSUMER) timestamp=2427 ms, used_size=1271808 bytes (3.1%)
(RDMA_READ_CONSUME_CHECK_CONSUMER) timestamp=2427 ms, used_size=1269760 bytes (3.1%)
(RDMA_READ_CONSUME_CHECK_CONSUMER) timestamp=2427 ms, used_size=1267712 bytes (3.1%)
(RDMA_READ_CONSUME_CHECK_CONSUMER) timestamp=2427 ms, used_size=1265664 bytes (3.1%)
(RDMA_READ_CONSUME_CHECK_CONSUMER) timestamp=2427 ms, used_size=1263616 bytes (3.1%)
(RDMA_READ_CONSUME_CHECK_CONSUMER) timestamp=2427 ms, used_size=1261568 bytes (3.1%)
(RDMA_READ_CONSUME_CHECK_CONSUMER) timestamp=2427 ms, used_size=1259520 bytes (3.1%)
(RDMA_READ_CONSUME_CHECK_CONSUMER) timestamp=2427 ms, used_size=1257472 bytes (3.1%)
(RDMA_READ_CONSUME_CHECK_CONSUMER) timestamp=2427 ms, used_size=1255424 bytes (3.1%)
(RDMA_READ_CONSUME_CHECK_CONSUMER) timestamp=2427 ms, used_size=1253376 bytes (3.1%)
(RDMA_READ_CONSUME_CHECK_CONSUMER) timestamp=2427 ms, used_size=1251328 bytes (3.1%)
(RDMA_READ_CONSUME_CHECK_CONSUMER) timestamp=2427 ms, used_size=1249280 bytes (3.0%)
(RDMA_READ_CONSUME_CHECK_CONSUMER) timestamp=2427 ms, used_size=1247232 bytes (3.0%)
(RDMA_READ_CONSUME_CHECK_CONSUMER) timestamp=2427 ms, used_size=1245184 bytes (3.0%)
(RDMA_READ_CONSUME_CHECK_CONSUMER) timestamp=2427 ms, used_size=1243136 bytes (3.0%)
(RDMA_READ_CONSUME_CHECK_CONSUMER) timestamp=2427 ms, used_size=1241088 bytes (3.0%)
(RDMA_READ_CONSUME_CHECK_CONSUMER) timestamp=2427 ms, used_size=1239040 bytes (3.0%)
(RDMA_READ_CONSUME_CHECK_CONSUMER) timestamp=2427 ms, used_size=1236992 bytes (3.0%)
(RDMA_READ_CONSUME_CHECK_CONSUMER) timestamp=2427 ms, used_size=1234944 bytes (3.0%)
(RDMA_READ_CONSUME_CHECK_CONSUMER) timestamp=2427 ms, used_size=1232896 bytes (3.0%)
(RDMA_READ_CONSUME_CHECK_CONSUMER) timestamp=2427 ms, used_size=1230848 bytes (3.0%)
(RDMA_READ_CONSUME_CHECK_CONSUMER) timestamp=2427 ms, used_size=1228800 bytes (3.0%)
(RDMA_READ_CONSUME_CHECK_CONSUMER) timestamp=2427 ms, used_size=1226752 bytes (3.0%)
(RDMA_READ_CONSUME_CHECK_CONSUMER) timestamp=2427 ms, used_size=1224704 bytes (3.0%)
(RDMA_READ_CONSUME_CHECK_CONSUMER) timestamp=2427 ms, used_size=1222656 bytes (3.0%)
(RDMA_READ_CONSUME_CHECK_CONSUMER) timestamp=2427 ms, used_size=1220608 bytes (3.0%)
(RDMA_READ_CONSUME_CHECK_CONSUMER) timestamp=2427 ms, used_size=1218560 bytes (3.0%)
(RDMA_READ_CONSUME_CHECK_CONSUMER) timestamp=2427 ms, used_size=1216512 bytes (3.0%)
(RDMA_READ_CONSUME_CHECK_CONSUMER) timestamp=2427 ms, used_size=1214464 bytes (3.0%)
(RDMA_READ_CONSUME_CHECK_CONSUMER) timestamp=2427 ms, used_size=1212416 bytes (3.0%)
(RDMA_READ_CONSUME_CHECK_CONSUMER) timestamp=2427 ms, used_size=1210368 bytes (3.0%)
(RDMA_READ_CONSUME_CHECK_CONSUMER) timestamp=2427 ms, used_size=1208320 bytes (3.0%)
(RDMA_READ_CONSUME_CHECK_CONSUMER) timestamp=2427 ms, used_size=1206272 bytes (2.9%)
(RDMA_READ_CONSUME_CHECK_CONSUMER) timestamp=2427 ms, used_size=1204224 bytes (2.9%)
(RDMA_READ_CONSUME_CHECK_CONSUMER) timestamp=2427 ms, used_size=1202176 bytes (2.9%)
(RDMA_READ_CONSUME_CHECK_CONSUMER) timestamp=2427 ms, used_size=1200128 bytes (2.9%)
(RDMA_READ_CONSUME_CHECK_CONSUMER) timestamp=2427 ms, used_size=1198080 bytes (2.9%)
(RDMA_READ_CONSUME_CHECK_CONSUMER) timestamp=2427 ms, used_size=1196032 bytes (2.9%)
(RDMA_READ_CONSUME_CHECK_CONSUMER) timestamp=2427 ms, used_size=1193984 bytes (2.9%)
(RDMA_READ_CONSUME_CHECK_CONSUMER) timestamp=2427 ms, used_size=1191936 bytes (2.9%)
(RDMA_READ_CONSUME_CHECK_CONSUMER) timestamp=2427 ms, used_size=1189888 bytes (2.9%)
(RDMA_READ_CONSUME_CHECK_CONSUMER) timestamp=2427 ms, used_size=1187840 bytes (2.9%)
(RDMA_READ_CONSUME_CHECK_CONSUMER) timestamp=2427 ms, used_size=1185792 bytes (2.9%)
(RDMA_READ_CONSUME_CHECK_CONSUMER) timestamp=2427 ms, used_size=1183744 bytes (2.9%)
(RDMA_READ_CONSUME_CHECK_CONSUMER) timestamp=2427 ms, used_size=1181696 bytes (2.9%)
(RDMA_READ_CONSUME_CHECK_CONSUMER) timestamp=2427 ms, used_size=1179648 bytes (2.9%)
(RDMA_READ_CONSUME_CHECK_CONSUMER) timestamp=2427 ms, used_size=1177600 bytes (2.9%)
(RDMA_READ_CONSUME_CHECK_CONSUMER) timestamp=2427 ms, used_size=1175552 bytes (2.9%)
(RDMA_READ_CONSUME_CHECK_CONSUMER) timestamp=2427 ms, used_size=1173504 bytes (2.9%)
(RDMA_READ_CONSUME_CHECK_CONSUMER) timestamp=2427 ms, used_size=1171456 bytes (2.9%)
(RDMA_READ_CONSUME_CHECK_CONSUMER) timestamp=2427 ms, used_size=1169408 bytes (2.9%)
(RDMA_READ_CONSUME_CHECK_CONSUMER) timestamp=2427 ms, used_size=1167360 bytes (2.9%)
(RDMA_READ_CONSUME_CHECK_CONSUMER) timestamp=2427 ms, used_size=1165312 bytes (2.8%)
(RDMA_READ_CONSUME_CHECK_CONSUMER) timestamp=2427 ms, used_size=1163264 bytes (2.8%)
(RDMA_READ_CONSUME_CHECK_CONSUMER) timestamp=2427 ms, used_size=1161216 bytes (2.8%)
(RDMA_READ_CONSUME_CHECK_CONSUMER) timestamp=2427 ms, used_size=1159168 bytes (2.8%)
(RDMA_READ_CONSUME_CHECK_CONSUMER) timestamp=2427 ms, used_size=1157120 bytes (2.8%)
(RDMA_READ_CONSUME_CHECK_CONSUMER) timestamp=2427 ms, used_size=1155072 bytes (2.8%)
(RDMA_READ_CONSUME_CHECK_CONSUMER) timestamp=2427 ms, used_size=1153024 bytes (2.8%)
(RDMA_READ_CONSUME_CHECK_CONSUMER) timestamp=2428 ms, used_size=1150976 bytes (2.8%)
(RDMA_READ_CONSUME_CHECK_CONSUMER) timestamp=2428 ms, used_size=1148928 bytes (2.8%)
(RDMA_READ_CONSUME_CHECK_CONSUMER) timestamp=2428 ms, used_size=1146880 bytes (2.8%)
(RDMA_READ_CONSUME_CHECK_CONSUMER) timestamp=2428 ms, used_size=1144832 bytes (2.8%)
(RDMA_READ_CONSUME_CHECK_CONSUMER) timestamp=2428 ms, used_size=1142784 bytes (2.8%)
(RDMA_READ_CONSUME_CHECK_CONSUMER) timestamp=2428 ms, used_size=1140736 bytes (2.8%)
(RDMA_READ_CONSUME_CHECK_CONSUMER) timestamp=2428 ms, used_size=1138688 bytes (2.8%)
(RDMA_READ_CONSUME_CHECK_CONSUMER) timestamp=2428 ms, used_size=1136640 bytes (2.8%)
(RDMA_READ_CONSUME_CHECK_CONSUMER) timestamp=2428 ms, used_size=1134592 bytes (2.8%)
(RDMA_READ_CONSUME_CHECK_CONSUMER) timestamp=2428 ms, used_size=1132544 bytes (2.8%)
(RDMA_READ_CONSUME_CHECK_CONSUMER) timestamp=2428 ms, used_size=1130496 bytes (2.8%)
(RDMA_READ_CONSUME_CHECK_CONSUMER) timestamp=2428 ms, used_size=1128448 bytes (2.8%)
(RDMA_READ_CONSUME_CHECK_CONSUMER) timestamp=2428 ms, used_size=1126400 bytes (2.8%)
(RDMA_READ_CONSUME_CHECK_CONSUMER) timestamp=2428 ms, used_size=1124352 bytes (2.7%)
(RDMA_READ_CONSUME_CHECK_CONSUMER) timestamp=2428 ms, used_size=1122304 bytes (2.7%)
(RDMA_READ_CONSUME_CHECK_CONSUMER) timestamp=2428 ms, used_size=1120256 bytes (2.7%)
(RDMA_READ_CONSUME_CHECK_CONSUMER) timestamp=2428 ms, used_size=1118208 bytes (2.7%)
(RDMA_READ_CONSUME_CHECK_CONSUMER) timestamp=2428 ms, used_size=1116160 bytes (2.7%)
(RDMA_READ_CONSUME_CHECK_CONSUMER) timestamp=2428 ms, used_size=1114112 bytes (2.7%)
(RDMA_READ_CONSUME_CHECK_CONSUMER) timestamp=2428 ms, used_size=1112064 bytes (2.7%)
(RDMA_READ_CONSUME_CHECK_CONSUMER) timestamp=2428 ms, used_size=1110016 bytes (2.7%)
(RDMA_READ_CONSUME_CHECK_CONSUMER) timestamp=2428 ms, used_size=1107968 bytes (2.7%)
(RDMA_READ_CONSUME_CHECK_CONSUMER) timestamp=2428 ms, used_size=1105920 bytes (2.7%)
(RDMA_READ_CONSUME_CHECK_CONSUMER) timestamp=2428 ms, used_size=1103872 bytes (2.7%)
(RDMA_READ_CONSUME_CHECK_CONSUMER) timestamp=2428 ms, used_size=1101824 bytes (2.7%)
(RDMA_READ_CONSUME_CHECK_CONSUMER) timestamp=2428 ms, used_size=1099776 bytes (2.7%)
(RDMA_READ_CONSUME_CHECK_CONSUMER) timestamp=2428 ms, used_size=1097728 bytes (2.7%)
(RDMA_READ_CONSUME_CHECK_CONSUMER) timestamp=2428 ms, used_size=1095680 bytes (2.7%)
(RDMA_READ_CONSUME_CHECK_CONSUMER) timestamp=2428 ms, used_size=1093632 bytes (2.7%)
(RDMA_READ_CONSUME_CHECK_CONSUMER) timestamp=2428 ms, used_size=1091584 bytes (2.7%)
(RDMA_READ_CONSUME_CHECK_CONSUMER) timestamp=2428 ms, used_size=1089536 bytes (2.7%)
(RDMA_READ_CONSUME_CHECK_CONSUMER) timestamp=2428 ms, used_size=1087488 bytes (2.7%)
(RDMA_READ_CONSUME_CHECK_CONSUMER) timestamp=2428 ms, used_size=1085440 bytes (2.6%)
(RDMA_READ_CONSUME_CHECK_CONSUMER) timestamp=2428 ms, used_size=1083392 bytes (2.6%)
(RDMA_READ_CONSUME_CHECK_CONSUMER) timestamp=2428 ms, used_size=1081344 bytes (2.6%)
(RDMA_READ_CONSUME_CHECK_CONSUMER) timestamp=2428 ms, used_size=1079296 bytes (2.6%)
(RDMA_READ_CONSUME_CHECK_CONSUMER) timestamp=2428 ms, used_size=1077248 bytes (2.6%)
(RDMA_READ_CONSUME_CHECK_CONSUMER) timestamp=2428 ms, used_size=1075200 bytes (2.6%)
(RDMA_READ_CONSUME_CHECK_CONSUMER) timestamp=2428 ms, used_size=1073152 bytes (2.6%)
(RDMA_READ_CONSUME_CHECK_CONSUMER) timestamp=2428 ms, used_size=1071104 bytes (2.6%)
(RDMA_READ_CONSUME_CHECK_CONSUMER) timestamp=2428 ms, used_size=1069056 bytes (2.6%)
(RDMA_READ_CONSUME_CHECK_CONSUMER) timestamp=2428 ms, used_size=1067008 bytes (2.6%)
(RDMA_READ_CONSUME_CHECK_CONSUMER) timestamp=2428 ms, used_size=1064960 bytes (2.6%)
(RDMA_READ_CONSUME_CHECK_CONSUMER) timestamp=2428 ms, used_size=1062912 bytes (2.6%)
(RDMA_READ_CONSUME_CHECK_CONSUMER) timestamp=2428 ms, used_size=1060864 bytes (2.6%)
(RDMA_READ_CONSUME_CHECK_CONSUMER) timestamp=2428 ms, used_size=1058816 bytes (2.6%)
(RDMA_READ_CONSUME_CHECK_CONSUMER) timestamp=2428 ms, used_size=1056768 bytes (2.6%)
(RDMA_READ_CONSUME_CHECK_CONSUMER) timestamp=2428 ms, used_size=1054720 bytes (2.6%)
(RDMA_READ_CONSUME_CHECK_CONSUMER) timestamp=2428 ms, used_size=1052672 bytes (2.6%)
(RDMA_READ_CONSUME_CHECK_CONSUMER) timestamp=2428 ms, used_size=1050624 bytes (2.6%)
(RDMA_READ_CONSUME_CHECK_CONSUMER) timestamp=2428 ms, used_size=1048576 bytes (2.6%)
(RDMA_READ_CONSUME_CHECK_CONSUMER) timestamp=2428 ms, used_size=1046528 bytes (2.6%)
(RDMA_READ_CONSUME_CHECK_CONSUMER) timestamp=2428 ms, used_size=1044480 bytes (2.5%)
(RDMA_READ_CONSUME_CHECK_CONSUMER) timestamp=2428 ms, used_size=1042432 bytes (2.5%)
(RDMA_READ_CONSUME_CHECK_CONSUMER) timestamp=2428 ms, used_size=1040384 bytes (2.5%)
(RDMA_READ_CONSUME_CHECK_CONSUMER) timestamp=2428 ms, used_size=1038336 bytes (2.5%)
(RDMA_READ_CONSUME_CHECK_CONSUMER) timestamp=2428 ms, used_size=1036288 bytes (2.5%)
(RDMA_READ_CONSUME_CHECK_CONSUMER) timestamp=2428 ms, used_size=1034240 bytes (2.5%)
(RDMA_READ_CONSUME_CHECK_CONSUMER) timestamp=2428 ms, used_size=1032192 bytes (2.5%)
(RDMA_READ_CONSUME_CHECK_CONSUMER) timestamp=2428 ms, used_size=1030144 bytes (2.5%)
(RDMA_READ_CONSUME_CHECK_CONSUMER) timestamp=2428 ms, used_size=1028096 bytes (2.5%)
(RDMA_READ_CONSUME_CHECK_CONSUMER) timestamp=2428 ms, used_size=1026048 bytes (2.5%)
(RDMA_READ_CONSUME_CHECK_CONSUMER) timestamp=2428 ms, used_size=1024000 bytes (2.5%)
(RDMA_READ_CONSUME_CHECK_CONSUMER) timestamp=2428 ms, used_size=1021952 bytes (2.5%)
(RDMA_READ_CONSUME_CHECK_CONSUMER) timestamp=2428 ms, used_size=1019904 bytes (2.5%)
(RDMA_READ_CONSUME_CHECK_CONSUMER) timestamp=2428 ms, used_size=1017856 bytes (2.5%)
(RDMA_READ_CONSUME_CHECK_CONSUMER) timestamp=2428 ms, used_size=1015808 bytes (2.5%)
(RDMA_READ_CONSUME_CHECK_CONSUMER) timestamp=2428 ms, used_size=1013760 bytes (2.5%)
(RDMA_READ_CONSUME_CHECK_CONSUMER) timestamp=2428 ms, used_size=1011712 bytes (2.5%)
(RDMA_READ_CONSUME_CHECK_CONSUMER) timestamp=2428 ms, used_size=1009664 bytes (2.5%)
(RDMA_READ_CONSUME_CHECK_CONSUMER) timestamp=2428 ms, used_size=1007616 bytes (2.5%)
(RDMA_READ_CONSUME_CHECK_CONSUMER) timestamp=2428 ms, used_size=1005568 bytes (2.5%)
(RDMA_READ_CONSUME_CHECK_CONSUMER) timestamp=2428 ms, used_size=1003520 bytes (2.5%)
(RDMA_READ_CONSUME_CHECK_CONSUMER) timestamp=2428 ms, used_size=1001472 bytes (2.4%)
(RDMA_READ_CONSUME_CHECK_CONSUMER) timestamp=2428 ms, used_size=999424 bytes (2.4%)
(RDMA_READ_CONSUME_CHECK_CONSUMER) timestamp=2428 ms, used_size=997376 bytes (2.4%)
(RDMA_READ_CONSUME_CHECK_CONSUMER) timestamp=2428 ms, used_size=995328 bytes (2.4%)
(RDMA_READ_CONSUME_CHECK_CONSUMER) timestamp=2428 ms, used_size=993280 bytes (2.4%)
(RDMA_READ_CONSUME_CHECK_CONSUMER) timestamp=2428 ms, used_size=991232 bytes (2.4%)
(RDMA_READ_CONSUME_CHECK_CONSUMER) timestamp=2428 ms, used_size=989184 bytes (2.4%)
(RDMA_READ_CONSUME_CHECK_CONSUMER) timestamp=2428 ms, used_size=987136 bytes (2.4%)
(RDMA_READ_CONSUME_CHECK_CONSUMER) timestamp=2428 ms, used_size=985088 bytes (2.4%)
(RDMA_READ_CONSUME_CHECK_CONSUMER) timestamp=2428 ms, used_size=983040 bytes (2.4%)
(RDMA_READ_CONSUME_CHECK_CONSUMER) timestamp=2428 ms, used_size=980992 bytes (2.4%)
(RDMA_READ_CONSUME_CHECK_CONSUMER) timestamp=2428 ms, used_size=978944 bytes (2.4%)
(RDMA_READ_CONSUME_CHECK_CONSUMER) timestamp=2428 ms, used_size=976896 bytes (2.4%)
(RDMA_READ_CONSUME_CHECK_CONSUMER) timestamp=2428 ms, used_size=974848 bytes (2.4%)
(RDMA_READ_CONSUME_CHECK_CONSUMER) timestamp=2428 ms, used_size=972800 bytes (2.4%)
(RDMA_READ_CONSUME_CHECK_CONSUMER) timestamp=2428 ms, used_size=970752 bytes (2.4%)
(RDMA_READ_CONSUME_CHECK_CONSUMER) timestamp=2428 ms, used_size=968704 bytes (2.4%)
(RDMA_READ_CONSUME_CHECK_CONSUMER) timestamp=2428 ms, used_size=966656 bytes (2.4%)
(RDMA_READ_CONSUME_CHECK_CONSUMER) timestamp=2428 ms, used_size=964608 bytes (2.4%)
(RDMA_READ_CONSUME_CHECK_CONSUMER) timestamp=2428 ms, used_size=962560 bytes (2.4%)
(RDMA_READ_CONSUME_CHECK_CONSUMER) timestamp=2428 ms, used_size=960512 bytes (2.3%)
(RDMA_READ_CONSUME_CHECK_CONSUMER) timestamp=2428 ms, used_size=958464 bytes (2.3%)
(RDMA_READ_CONSUME_CHECK_CONSUMER) timestamp=2428 ms, used_size=956416 bytes (2.3%)
(RDMA_READ_CONSUME_CHECK_CONSUMER) timestamp=2428 ms, used_size=954368 bytes (2.3%)
(RDMA_READ_CONSUME_CHECK_CONSUMER) timestamp=2428 ms, used_size=952320 bytes (2.3%)
(RDMA_READ_CONSUME_CHECK_CONSUMER) timestamp=2428 ms, used_size=950272 bytes (2.3%)
(RDMA_READ_CONSUME_CHECK_CONSUMER) timestamp=2428 ms, used_size=948224 bytes (2.3%)
(RDMA_READ_CONSUME_CHECK_CONSUMER) timestamp=2428 ms, used_size=946176 bytes (2.3%)
(RDMA_READ_CONSUME_CHECK_CONSUMER) timestamp=2428 ms, used_size=944128 bytes (2.3%)
(RDMA_READ_CONSUME_CHECK_CONSUMER) timestamp=2428 ms, used_size=942080 bytes (2.3%)
(RDMA_READ_CONSUME_CHECK_CONSUMER) timestamp=2428 ms, used_size=940032 bytes (2.3%)
(RDMA_READ_CONSUME_CHECK_CONSUMER) timestamp=2428 ms, used_size=937984 bytes (2.3%)
(RDMA_READ_CONSUME_CHECK_CONSUMER) timestamp=2428 ms, used_size=935936 bytes (2.3%)
(RDMA_READ_CONSUME_CHECK_CONSUMER) timestamp=2428 ms, used_size=933888 bytes (2.3%)
(RDMA_READ_CONSUME_CHECK_CONSUMER) timestamp=2428 ms, used_size=931840 bytes (2.3%)
(RDMA_READ_CONSUME_CHECK_CONSUMER) timestamp=2428 ms, used_size=929792 bytes (2.3%)
(RDMA_READ_CONSUME_CHECK_CONSUMER) timestamp=2428 ms, used_size=927744 bytes (2.3%)
(RDMA_READ_CONSUME_CHECK_CONSUMER) timestamp=2428 ms, used_size=925696 bytes (2.3%)
(RDMA_READ_CONSUME_CHECK_CONSUMER) timestamp=2428 ms, used_size=923648 bytes (2.3%)
(RDMA_READ_CONSUME_CHECK_CONSUMER) timestamp=2428 ms, used_size=921600 bytes (2.2%)
(RDMA_READ_CONSUME_CHECK_CONSUMER) timestamp=2428 ms, used_size=919552 bytes (2.2%)
(RDMA_READ_CONSUME_CHECK_CONSUMER) timestamp=2428 ms, used_size=917504 bytes (2.2%)
(RDMA_READ_CONSUME_CHECK_CONSUMER) timestamp=2428 ms, used_size=915456 bytes (2.2%)
(RDMA_READ_CONSUME_CHECK_CONSUMER) timestamp=2428 ms, used_size=913408 bytes (2.2%)
(RDMA_READ_CONSUME_CHECK_CONSUMER) timestamp=2428 ms, used_size=911360 bytes (2.2%)
(RDMA_READ_CONSUME_CHECK_CONSUMER) timestamp=2428 ms, used_size=909312 bytes (2.2%)
(RDMA_READ_CONSUME_CHECK_CONSUMER) timestamp=2428 ms, used_size=907264 bytes (2.2%)
(RDMA_READ_CONSUME_CHECK_CONSUMER) timestamp=2428 ms, used_size=905216 bytes (2.2%)
(RDMA_READ_CONSUME_CHECK_CONSUMER) timestamp=2428 ms, used_size=903168 bytes (2.2%)
(RDMA_READ_CONSUME_CHECK_CONSUMER) timestamp=2428 ms, used_size=901120 bytes (2.2%)
(RDMA_READ_CONSUME_CHECK_CONSUMER) timestamp=2428 ms, used_size=899072 bytes (2.2%)
(RDMA_READ_CONSUME_CHECK_CONSUMER) timestamp=2428 ms, used_size=897024 bytes (2.2%)
(RDMA_READ_CONSUME_CHECK_CONSUMER) timestamp=2428 ms, used_size=894976 bytes (2.2%)
(RDMA_READ_CONSUME_CHECK_CONSUMER) timestamp=2428 ms, used_size=892928 bytes (2.2%)
(RDMA_READ_CONSUME_CHECK_CONSUMER) timestamp=2428 ms, used_size=890880 bytes (2.2%)
(RDMA_READ_CONSUME_CHECK_CONSUMER) timestamp=2428 ms, used_size=888832 bytes (2.2%)
(RDMA_READ_CONSUME_CHECK_CONSUMER) timestamp=2428 ms, used_size=886784 bytes (2.2%)
(RDMA_READ_CONSUME_CHECK_CONSUMER) timestamp=2428 ms, used_size=884736 bytes (2.2%)
(RDMA_READ_CONSUME_CHECK_CONSUMER) timestamp=2428 ms, used_size=882688 bytes (2.2%)
(RDMA_READ_CONSUME_CHECK_CONSUMER) timestamp=2428 ms, used_size=880640 bytes (2.1%)
(RDMA_READ_CONSUME_CHECK_CONSUMER) timestamp=2428 ms, used_size=878592 bytes (2.1%)
(RDMA_READ_CONSUME_CHECK_CONSUMER) timestamp=2428 ms, used_size=876544 bytes (2.1%)
(RDMA_READ_CONSUME_CHECK_CONSUMER) timestamp=2428 ms, used_size=874496 bytes (2.1%)
(RDMA_READ_CONSUME_CHECK_CONSUMER) timestamp=2428 ms, used_size=872448 bytes (2.1%)
(RDMA_READ_CONSUME_CHECK_CONSUMER) timestamp=2428 ms, used_size=870400 bytes (2.1%)
(RDMA_READ_CONSUME_CHECK_CONSUMER) timestamp=2428 ms, used_size=868352 bytes (2.1%)
(RDMA_READ_CONSUME_CHECK_CONSUMER) timestamp=2428 ms, used_size=866304 bytes (2.1%)
(RDMA_READ_CONSUME_CHECK_CONSUMER) timestamp=2428 ms, used_size=864256 bytes (2.1%)
(RDMA_READ_CONSUME_CHECK_CONSUMER) timestamp=2428 ms, used_size=862208 bytes (2.1%)
(RDMA_READ_CONSUME_CHECK_CONSUMER) timestamp=2428 ms, used_size=860160 bytes (2.1%)
(RDMA_READ_CONSUME_CHECK_CONSUMER) timestamp=2428 ms, used_size=858112 bytes (2.1%)
(RDMA_READ_CONSUME_CHECK_CONSUMER) timestamp=2428 ms, used_size=856064 bytes (2.1%)
(RDMA_READ_CONSUME_CHECK_CONSUMER) timestamp=2428 ms, used_size=854016 bytes (2.1%)
(RDMA_READ_CONSUME_CHECK_CONSUMER) timestamp=2428 ms, used_size=851968 bytes (2.1%)
(RDMA_READ_CONSUME_CHECK_CONSUMER) timestamp=2428 ms, used_size=849920 bytes (2.1%)
(RDMA_READ_CONSUME_CHECK_CONSUMER) timestamp=2428 ms, used_size=847872 bytes (2.1%)
(RDMA_READ_CONSUME_CHECK_CONSUMER) timestamp=2428 ms, used_size=845824 bytes (2.1%)
(RDMA_READ_CONSUME_CHECK_CONSUMER) timestamp=2428 ms, used_size=843776 bytes (2.1%)
(RDMA_READ_CONSUME_CHECK_CONSUMER) timestamp=2428 ms, used_size=841728 bytes (2.1%)
(RDMA_READ_CONSUME_CHECK_CONSUMER) timestamp=2428 ms, used_size=839680 bytes (2.0%)
(RDMA_READ_CONSUME_CHECK_CONSUMER) timestamp=2428 ms, used_size=837632 bytes (2.0%)
(RDMA_READ_CONSUME_CHECK_CONSUMER) timestamp=2428 ms, used_size=835584 bytes (2.0%)
(RDMA_READ_CONSUME_CHECK_CONSUMER) timestamp=2428 ms, used_size=833536 bytes (2.0%)
(RDMA_READ_CONSUME_CHECK_CONSUMER) timestamp=2428 ms, used_size=831488 bytes (2.0%)
(RDMA_READ_CONSUME_CHECK_CONSUMER) timestamp=2428 ms, used_size=829440 bytes (2.0%)
(RDMA_READ_CONSUME_CHECK_CONSUMER) timestamp=2428 ms, used_size=827392 bytes (2.0%)
(RDMA_READ_CONSUME_CHECK_CONSUMER) timestamp=2428 ms, used_size=825344 bytes (2.0%)
(RDMA_READ_CONSUME_CHECK_CONSUMER) timestamp=2428 ms, used_size=823296 bytes (2.0%)
(RDMA_READ_CONSUME_CHECK_CONSUMER) timestamp=2428 ms, used_size=821248 bytes (2.0%)
(RDMA_READ_CONSUME_CHECK_CONSUMER) timestamp=2428 ms, used_size=819200 bytes (2.0%)
(RDMA_READ_CONSUME_CHECK_CONSUMER) timestamp=2428 ms, used_size=817152 bytes (2.0%)
(RDMA_READ_CONSUME_CHECK_CONSUMER) timestamp=2428 ms, used_size=815104 bytes (2.0%)
(RDMA_READ_CONSUME_CHECK_CONSUMER) timestamp=2428 ms, used_size=813056 bytes (2.0%)
(RDMA_READ_CONSUME_CHECK_CONSUMER) timestamp=2428 ms, used_size=811008 bytes (2.0%)
(RDMA_READ_CONSUME_CHECK_CONSUMER) timestamp=2428 ms, used_size=808960 bytes (2.0%)
(RDMA_READ_CONSUME_CHECK_CONSUMER) timestamp=2428 ms, used_size=806912 bytes (2.0%)
(RDMA_READ_CONSUME_CHECK_CONSUMER) timestamp=2428 ms, used_size=804864 bytes (2.0%)
(RDMA_READ_CONSUME_CHECK_CONSUMER) timestamp=2428 ms, used_size=802816 bytes (2.0%)
(RDMA_READ_CONSUME_CHECK_CONSUMER) timestamp=2428 ms, used_size=800768 bytes (2.0%)
(RDMA_READ_CONSUME_CHECK_CONSUMER) timestamp=2428 ms, used_size=798720 bytes (1.9%)
(RDMA_READ_CONSUME_CHECK_CONSUMER) timestamp=2428 ms, used_size=796672 bytes (1.9%)
(RDMA_READ_CONSUME_CHECK_CONSUMER) timestamp=2428 ms, used_size=794624 bytes (1.9%)
(RDMA_READ_CONSUME_CHECK_CONSUMER) timestamp=2428 ms, used_size=792576 bytes (1.9%)
(RDMA_READ_CONSUME_CHECK_CONSUMER) timestamp=2428 ms, used_size=790528 bytes (1.9%)
(RDMA_READ_CONSUME_CHECK_CONSUMER) timestamp=2428 ms, used_size=788480 bytes (1.9%)
(RDMA_READ_CONSUME_CHECK_CONSUMER) timestamp=2429 ms, used_size=786432 bytes (1.9%)
(RDMA_READ_CONSUME_CHECK_CONSUMER) timestamp=2429 ms, used_size=784384 bytes (1.9%)
(RDMA_READ_CONSUME_CHECK_CONSUMER) timestamp=2429 ms, used_size=782336 bytes (1.9%)
(RDMA_READ_CONSUME_CHECK_CONSUMER) timestamp=2429 ms, used_size=780288 bytes (1.9%)
(RDMA_READ_CONSUME_CHECK_CONSUMER) timestamp=2429 ms, used_size=778240 bytes (1.9%)
(RDMA_READ_CONSUME_CHECK_CONSUMER) timestamp=2429 ms, used_size=776192 bytes (1.9%)
(RDMA_READ_CONSUME_CHECK_CONSUMER) timestamp=2429 ms, used_size=774144 bytes (1.9%)
(RDMA_READ_CONSUME_CHECK_CONSUMER) timestamp=2429 ms, used_size=772096 bytes (1.9%)
(RDMA_READ_CONSUME_CHECK_CONSUMER) timestamp=2429 ms, used_size=770048 bytes (1.9%)
(RDMA_READ_CONSUME_CHECK_CONSUMER) timestamp=2429 ms, used_size=768000 bytes (1.9%)
(RDMA_READ_CONSUME_CHECK_CONSUMER) timestamp=2429 ms, used_size=765952 bytes (1.9%)
(RDMA_READ_CONSUME_CHECK_CONSUMER) timestamp=2429 ms, used_size=763904 bytes (1.9%)
(RDMA_READ_CONSUME_CHECK_CONSUMER) timestamp=2429 ms, used_size=761856 bytes (1.9%)
(RDMA_READ_CONSUME_CHECK_CONSUMER) timestamp=2429 ms, used_size=759808 bytes (1.9%)
(RDMA_READ_CONSUME_CHECK_CONSUMER) timestamp=2429 ms, used_size=757760 bytes (1.9%)
(RDMA_READ_CONSUME_CHECK_CONSUMER) timestamp=2429 ms, used_size=755712 bytes (1.8%)
(RDMA_READ_CONSUME_CHECK_CONSUMER) timestamp=2429 ms, used_size=753664 bytes (1.8%)
(RDMA_READ_CONSUME_CHECK_CONSUMER) timestamp=2429 ms, used_size=751616 bytes (1.8%)
(RDMA_READ_CONSUME_CHECK_CONSUMER) timestamp=2429 ms, used_size=749568 bytes (1.8%)
(RDMA_READ_CONSUME_CHECK_CONSUMER) timestamp=2429 ms, used_size=747520 bytes (1.8%)
(RDMA_READ_CONSUME_CHECK_CONSUMER) timestamp=2429 ms, used_size=745472 bytes (1.8%)
(RDMA_READ_CONSUME_CHECK_CONSUMER) timestamp=2429 ms, used_size=743424 bytes (1.8%)
(RDMA_READ_CONSUME_CHECK_CONSUMER) timestamp=2429 ms, used_size=741376 bytes (1.8%)
(RDMA_READ_CONSUME_CHECK_CONSUMER) timestamp=2429 ms, used_size=739328 bytes (1.8%)
(RDMA_READ_CONSUME_CHECK_CONSUMER) timestamp=2429 ms, used_size=737280 bytes (1.8%)
(RDMA_READ_CONSUME_CHECK_CONSUMER) timestamp=2429 ms, used_size=735232 bytes (1.8%)
(RDMA_READ_CONSUME_CHECK_CONSUMER) timestamp=2429 ms, used_size=733184 bytes (1.8%)
(RDMA_READ_CONSUME_CHECK_CONSUMER) timestamp=2429 ms, used_size=731136 bytes (1.8%)
(RDMA_READ_CONSUME_CHECK_CONSUMER) timestamp=2429 ms, used_size=729088 bytes (1.8%)
(RDMA_READ_CONSUME_CHECK_CONSUMER) timestamp=2429 ms, used_size=727040 bytes (1.8%)
(RDMA_READ_CONSUME_CHECK_CONSUMER) timestamp=2429 ms, used_size=724992 bytes (1.8%)
(RDMA_READ_CONSUME_CHECK_CONSUMER) timestamp=2429 ms, used_size=722944 bytes (1.8%)
(RDMA_READ_CONSUME_CHECK_CONSUMER) timestamp=2429 ms, used_size=720896 bytes (1.8%)
(RDMA_READ_CONSUME_CHECK_CONSUMER) timestamp=2429 ms, used_size=718848 bytes (1.8%)
(RDMA_READ_CONSUME_CHECK_CONSUMER) timestamp=2429 ms, used_size=716800 bytes (1.8%)
(RDMA_READ_CONSUME_CHECK_CONSUMER) timestamp=2429 ms, used_size=714752 bytes (1.7%)
(RDMA_READ_CONSUME_CHECK_CONSUMER) timestamp=2429 ms, used_size=712704 bytes (1.7%)
(RDMA_READ_CONSUME_CHECK_CONSUMER) timestamp=2429 ms, used_size=710656 bytes (1.7%)
(RDMA_READ_CONSUME_CHECK_CONSUMER) timestamp=2429 ms, used_size=708608 bytes (1.7%)
(RDMA_READ_CONSUME_CHECK_CONSUMER) timestamp=2429 ms, used_size=706560 bytes (1.7%)
(RDMA_READ_CONSUME_CHECK_CONSUMER) timestamp=2429 ms, used_size=704512 bytes (1.7%)
(RDMA_READ_CONSUME_CHECK_CONSUMER) timestamp=2429 ms, used_size=702464 bytes (1.7%)
(RDMA_READ_CONSUME_CHECK_CONSUMER) timestamp=2429 ms, used_size=700416 bytes (1.7%)
(RDMA_READ_CONSUME_CHECK_CONSUMER) timestamp=2429 ms, used_size=698368 bytes (1.7%)
(RDMA_READ_CONSUME_CHECK_CONSUMER) timestamp=2429 ms, used_size=696320 bytes (1.7%)
(RDMA_READ_CONSUME_CHECK_CONSUMER) timestamp=2429 ms, used_size=694272 bytes (1.7%)
(RDMA_READ_CONSUME_CHECK_CONSUMER) timestamp=2429 ms, used_size=692224 bytes (1.7%)
(RDMA_READ_CONSUME_CHECK_CONSUMER) timestamp=2429 ms, used_size=690176 bytes (1.7%)
(RDMA_READ_CONSUME_CHECK_CONSUMER) timestamp=2429 ms, used_size=688128 bytes (1.7%)
(RDMA_READ_CONSUME_CHECK_CONSUMER) timestamp=2429 ms, used_size=686080 bytes (1.7%)
(RDMA_READ_CONSUME_CHECK_CONSUMER) timestamp=2429 ms, used_size=684032 bytes (1.7%)
(RDMA_READ_CONSUME_CHECK_CONSUMER) timestamp=2429 ms, used_size=681984 bytes (1.7%)
(RDMA_READ_CONSUME_CHECK_CONSUMER) timestamp=2429 ms, used_size=679936 bytes (1.7%)
(RDMA_READ_CONSUME_CHECK_CONSUMER) timestamp=2429 ms, used_size=677888 bytes (1.7%)
(RDMA_READ_CONSUME_CHECK_CONSUMER) timestamp=2429 ms, used_size=675840 bytes (1.6%)
(RDMA_READ_CONSUME_CHECK_CONSUMER) timestamp=2429 ms, used_size=673792 bytes (1.6%)
(RDMA_READ_CONSUME_CHECK_CONSUMER) timestamp=2429 ms, used_size=671744 bytes (1.6%)
(RDMA_READ_CONSUME_CHECK_CONSUMER) timestamp=2429 ms, used_size=669696 bytes (1.6%)
(RDMA_READ_CONSUME_CHECK_CONSUMER) timestamp=2429 ms, used_size=667648 bytes (1.6%)
(RDMA_READ_CONSUME_CHECK_CONSUMER) timestamp=2429 ms, used_size=665600 bytes (1.6%)
(RDMA_READ_CONSUME_CHECK_CONSUMER) timestamp=2429 ms, used_size=663552 bytes (1.6%)
(RDMA_READ_CONSUME_CHECK_CONSUMER) timestamp=2429 ms, used_size=661504 bytes (1.6%)
(RDMA_READ_CONSUME_CHECK_CONSUMER) timestamp=2429 ms, used_size=659456 bytes (1.6%)
(RDMA_READ_CONSUME_CHECK_CONSUMER) timestamp=2429 ms, used_size=657408 bytes (1.6%)
(RDMA_READ_CONSUME_CHECK_CONSUMER) timestamp=2429 ms, used_size=655360 bytes (1.6%)
(RDMA_READ_CONSUME_CHECK_CONSUMER) timestamp=2429 ms, used_size=653312 bytes (1.6%)
(RDMA_READ_CONSUME_CHECK_CONSUMER) timestamp=2429 ms, used_size=651264 bytes (1.6%)
(RDMA_READ_CONSUME_CHECK_CONSUMER) timestamp=2429 ms, used_size=649216 bytes (1.6%)
(RDMA_READ_CONSUME_CHECK_CONSUMER) timestamp=2429 ms, used_size=647168 bytes (1.6%)
(RDMA_READ_CONSUME_CHECK_CONSUMER) timestamp=2429 ms, used_size=645120 bytes (1.6%)
(RDMA_READ_CONSUME_CHECK_CONSUMER) timestamp=2429 ms, used_size=643072 bytes (1.6%)
(RDMA_READ_CONSUME_CHECK_CONSUMER) timestamp=2429 ms, used_size=641024 bytes (1.6%)
(RDMA_READ_CONSUME_CHECK_CONSUMER) timestamp=2429 ms, used_size=638976 bytes (1.6%)
(RDMA_READ_CONSUME_CHECK_CONSUMER) timestamp=2429 ms, used_size=636928 bytes (1.6%)
(RDMA_READ_CONSUME_CHECK_CONSUMER) timestamp=2429 ms, used_size=634880 bytes (1.6%)
(RDMA_READ_CONSUME_CHECK_CONSUMER) timestamp=2429 ms, used_size=632832 bytes (1.5%)
(RDMA_READ_CONSUME_CHECK_CONSUMER) timestamp=2429 ms, used_size=630784 bytes (1.5%)
(RDMA_READ_CONSUME_CHECK_CONSUMER) timestamp=2429 ms, used_size=628736 bytes (1.5%)
(RDMA_READ_CONSUME_CHECK_CONSUMER) timestamp=2429 ms, used_size=626688 bytes (1.5%)
(RDMA_READ_CONSUME_CHECK_CONSUMER) timestamp=2429 ms, used_size=624640 bytes (1.5%)
(RDMA_READ_CONSUME_CHECK_CONSUMER) timestamp=2429 ms, used_size=622592 bytes (1.5%)
(RDMA_READ_CONSUME_CHECK_CONSUMER) timestamp=2429 ms, used_size=620544 bytes (1.5%)
(RDMA_READ_CONSUME_CHECK_CONSUMER) timestamp=2429 ms, used_size=618496 bytes (1.5%)
(RDMA_READ_CONSUME_CHECK_CONSUMER) timestamp=2429 ms, used_size=616448 bytes (1.5%)
(RDMA_READ_CONSUME_CHECK_CONSUMER) timestamp=2429 ms, used_size=614400 bytes (1.5%)
(RDMA_READ_CONSUME_CHECK_CONSUMER) timestamp=2429 ms, used_size=612352 bytes (1.5%)
(RDMA_READ_CONSUME_CHECK_CONSUMER) timestamp=2429 ms, used_size=610304 bytes (1.5%)
(RDMA_READ_CONSUME_CHECK_CONSUMER) timestamp=2429 ms, used_size=608256 bytes (1.5%)
(RDMA_READ_CONSUME_CHECK_CONSUMER) timestamp=2429 ms, used_size=606208 bytes (1.5%)
(RDMA_READ_CONSUME_CHECK_CONSUMER) timestamp=2429 ms, used_size=604160 bytes (1.5%)
(RDMA_READ_CONSUME_CHECK_CONSUMER) timestamp=2429 ms, used_size=602112 bytes (1.5%)
(RDMA_READ_CONSUME_CHECK_CONSUMER) timestamp=2429 ms, used_size=600064 bytes (1.5%)
(RDMA_READ_CONSUME_CHECK_CONSUMER) timestamp=2429 ms, used_size=598016 bytes (1.5%)
(RDMA_READ_CONSUME_CHECK_CONSUMER) timestamp=2429 ms, used_size=595968 bytes (1.5%)
(RDMA_READ_CONSUME_CHECK_CONSUMER) timestamp=2429 ms, used_size=593920 bytes (1.4%)
(RDMA_READ_CONSUME_CHECK_CONSUMER) timestamp=2429 ms, used_size=591872 bytes (1.4%)
(RDMA_READ_CONSUME_CHECK_CONSUMER) timestamp=2429 ms, used_size=589824 bytes (1.4%)
(RDMA_READ_CONSUME_CHECK_CONSUMER) timestamp=2429 ms, used_size=587776 bytes (1.4%)
(RDMA_READ_CONSUME_CHECK_CONSUMER) timestamp=2429 ms, used_size=585728 bytes (1.4%)
(RDMA_READ_CONSUME_CHECK_CONSUMER) timestamp=2429 ms, used_size=583680 bytes (1.4%)
(RDMA_READ_CONSUME_CHECK_CONSUMER) timestamp=2429 ms, used_size=581632 bytes (1.4%)
(RDMA_READ_CONSUME_CHECK_CONSUMER) timestamp=2429 ms, used_size=579584 bytes (1.4%)
(RDMA_READ_CONSUME_CHECK_CONSUMER) timestamp=2429 ms, used_size=577536 bytes (1.4%)
(RDMA_READ_CONSUME_CHECK_CONSUMER) timestamp=2429 ms, used_size=575488 bytes (1.4%)
(RDMA_READ_CONSUME_CHECK_CONSUMER) timestamp=2429 ms, used_size=573440 bytes (1.4%)
(RDMA_READ_CONSUME_CHECK_CONSUMER) timestamp=2429 ms, used_size=571392 bytes (1.4%)
(RDMA_READ_CONSUME_CHECK_CONSUMER) timestamp=2429 ms, used_size=569344 bytes (1.4%)
(RDMA_READ_CONSUME_CHECK_CONSUMER) timestamp=2429 ms, used_size=567296 bytes (1.4%)
(RDMA_READ_CONSUME_CHECK_CONSUMER) timestamp=2429 ms, used_size=565248 bytes (1.4%)
(RDMA_READ_CONSUME_CHECK_CONSUMER) timestamp=2429 ms, used_size=563200 bytes (1.4%)
(RDMA_READ_CONSUME_CHECK_CONSUMER) timestamp=2429 ms, used_size=561152 bytes (1.4%)
(RDMA_READ_CONSUME_CHECK_CONSUMER) timestamp=2429 ms, used_size=559104 bytes (1.4%)
(RDMA_READ_CONSUME_CHECK_CONSUMER) timestamp=2429 ms, used_size=557056 bytes (1.4%)
(RDMA_READ_CONSUME_CHECK_CONSUMER) timestamp=2429 ms, used_size=555008 bytes (1.4%)
(RDMA_READ_CONSUME_CHECK_CONSUMER) timestamp=2429 ms, used_size=552960 bytes (1.4%)
(RDMA_READ_CONSUME_CHECK_CONSUMER) timestamp=2429 ms, used_size=550912 bytes (1.3%)
(RDMA_READ_CONSUME_CHECK_CONSUMER) timestamp=2429 ms, used_size=548864 bytes (1.3%)
(RDMA_READ_CONSUME_CHECK_CONSUMER) timestamp=2429 ms, used_size=546816 bytes (1.3%)
(RDMA_READ_CONSUME_CHECK_CONSUMER) timestamp=2429 ms, used_size=544768 bytes (1.3%)
(RDMA_READ_CONSUME_CHECK_CONSUMER) timestamp=2429 ms, used_size=542720 bytes (1.3%)
(RDMA_READ_CONSUME_CHECK_CONSUMER) timestamp=2429 ms, used_size=540672 bytes (1.3%)
(RDMA_READ_CONSUME_CHECK_CONSUMER) timestamp=2429 ms, used_size=538624 bytes (1.3%)
(RDMA_READ_CONSUME_CHECK_CONSUMER) timestamp=2429 ms, used_size=536576 bytes (1.3%)
(RDMA_READ_CONSUME_CHECK_CONSUMER) timestamp=2429 ms, used_size=534528 bytes (1.3%)
(RDMA_READ_CONSUME_CHECK_CONSUMER) timestamp=2429 ms, used_size=532480 bytes (1.3%)
(RDMA_READ_CONSUME_CHECK_CONSUMER) timestamp=2429 ms, used_size=530432 bytes (1.3%)
(RDMA_READ_CONSUME_CHECK_CONSUMER) timestamp=2429 ms, used_size=528384 bytes (1.3%)
(RDMA_READ_CONSUME_CHECK_CONSUMER) timestamp=2429 ms, used_size=526336 bytes (1.3%)
(RDMA_READ_CONSUME_CHECK_CONSUMER) timestamp=2429 ms, used_size=524288 bytes (1.3%)
(RDMA_READ_CONSUME_CHECK_CONSUMER) timestamp=2429 ms, used_size=522240 bytes (1.3%)
(RDMA_READ_CONSUME_CHECK_CONSUMER) timestamp=2429 ms, used_size=520192 bytes (1.3%)
(RDMA_READ_CONSUME_CHECK_CONSUMER) timestamp=2429 ms, used_size=518144 bytes (1.3%)
(RDMA_READ_CONSUME_CHECK_CONSUMER) timestamp=2429 ms, used_size=516096 bytes (1.3%)
(RDMA_READ_CONSUME_CHECK_CONSUMER) timestamp=2429 ms, used_size=514048 bytes (1.3%)
(RDMA_READ_CONSUME_CHECK_CONSUMER) timestamp=2429 ms, used_size=512000 bytes (1.2%)
(RDMA_READ_CONSUME_CHECK_CONSUMER) timestamp=2429 ms, used_size=509952 bytes (1.2%)
(RDMA_READ_CONSUME_CHECK_CONSUMER) timestamp=2429 ms, used_size=507904 bytes (1.2%)
(RDMA_READ_CONSUME_CHECK_CONSUMER) timestamp=2429 ms, used_size=505856 bytes (1.2%)
(RDMA_READ_CONSUME_CHECK_CONSUMER) timestamp=2429 ms, used_size=503808 bytes (1.2%)
(RDMA_READ_CONSUME_CHECK_CONSUMER) timestamp=2429 ms, used_size=501760 bytes (1.2%)
(RDMA_READ_CONSUME_CHECK_CONSUMER) timestamp=2429 ms, used_size=499712 bytes (1.2%)
(RDMA_READ_CONSUME_CHECK_CONSUMER) timestamp=2429 ms, used_size=497664 bytes (1.2%)
(RDMA_READ_CONSUME_CHECK_CONSUMER) timestamp=2429 ms, used_size=495616 bytes (1.2%)
(RDMA_READ_CONSUME_CHECK_CONSUMER) timestamp=2429 ms, used_size=493568 bytes (1.2%)
(RDMA_READ_CONSUME_CHECK_CONSUMER) timestamp=2429 ms, used_size=491520 bytes (1.2%)
(RDMA_READ_CONSUME_CHECK_CONSUMER) timestamp=2429 ms, used_size=489472 bytes (1.2%)
(RDMA_READ_CONSUME_CHECK_CONSUMER) timestamp=2429 ms, used_size=487424 bytes (1.2%)
(RDMA_READ_CONSUME_CHECK_CONSUMER) timestamp=2429 ms, used_size=485376 bytes (1.2%)
(RDMA_READ_CONSUME_CHECK_CONSUMER) timestamp=2429 ms, used_size=483328 bytes (1.2%)
(RDMA_READ_CONSUME_CHECK_CONSUMER) timestamp=2429 ms, used_size=481280 bytes (1.2%)
(RDMA_READ_CONSUME_CHECK_CONSUMER) timestamp=2429 ms, used_size=479232 bytes (1.2%)
(RDMA_READ_CONSUME_CHECK_CONSUMER) timestamp=2429 ms, used_size=477184 bytes (1.2%)
(RDMA_READ_CONSUME_CHECK_CONSUMER) timestamp=2429 ms, used_size=475136 bytes (1.2%)
(RDMA_READ_CONSUME_CHECK_CONSUMER) timestamp=2429 ms, used_size=473088 bytes (1.2%)
(RDMA_READ_CONSUME_CHECK_CONSUMER) timestamp=2429 ms, used_size=471040 bytes (1.1%)
(RDMA_READ_CONSUME_CHECK_CONSUMER) timestamp=2429 ms, used_size=468992 bytes (1.1%)
(RDMA_READ_CONSUME_CHECK_CONSUMER) timestamp=2429 ms, used_size=466944 bytes (1.1%)
(RDMA_READ_CONSUME_CHECK_CONSUMER) timestamp=2429 ms, used_size=464896 bytes (1.1%)
(RDMA_READ_CONSUME_CHECK_CONSUMER) timestamp=2429 ms, used_size=462848 bytes (1.1%)
(RDMA_READ_CONSUME_CHECK_CONSUMER) timestamp=2429 ms, used_size=460800 bytes (1.1%)
(RDMA_READ_CONSUME_CHECK_CONSUMER) timestamp=2429 ms, used_size=458752 bytes (1.1%)
(RDMA_READ_CONSUME_CHECK_CONSUMER) timestamp=2429 ms, used_size=456704 bytes (1.1%)
(RDMA_READ_CONSUME_CHECK_CONSUMER) timestamp=2429 ms, used_size=454656 bytes (1.1%)
(RDMA_READ_CONSUME_CHECK_CONSUMER) timestamp=2429 ms, used_size=452608 bytes (1.1%)
(RDMA_READ_CONSUME_CHECK_CONSUMER) timestamp=2429 ms, used_size=450560 bytes (1.1%)
(RDMA_READ_CONSUME_CHECK_CONSUMER) timestamp=2429 ms, used_size=448512 bytes (1.1%)
(RDMA_READ_CONSUME_CHECK_CONSUMER) timestamp=2429 ms, used_size=446464 bytes (1.1%)
(RDMA_READ_CONSUME_CHECK_CONSUMER) timestamp=2429 ms, used_size=444416 bytes (1.1%)
(RDMA_READ_CONSUME_CHECK_CONSUMER) timestamp=2429 ms, used_size=442368 bytes (1.1%)
(RDMA_READ_CONSUME_CHECK_CONSUMER) timestamp=2429 ms, used_size=440320 bytes (1.1%)
(RDMA_READ_CONSUME_CHECK_CONSUMER) timestamp=2429 ms, used_size=438272 bytes (1.1%)
(RDMA_READ_CONSUME_CHECK_CONSUMER) timestamp=2429 ms, used_size=436224 bytes (1.1%)
(RDMA_READ_CONSUME_CHECK_CONSUMER) timestamp=2429 ms, used_size=434176 bytes (1.1%)
(RDMA_READ_CONSUME_CHECK_CONSUMER) timestamp=2429 ms, used_size=432128 bytes (1.1%)
(RDMA_READ_CONSUME_CHECK_CONSUMER) timestamp=2429 ms, used_size=430080 bytes (1.1%)
(RDMA_READ_CONSUME_CHECK_CONSUMER) timestamp=2429 ms, used_size=428032 bytes (1.0%)
(RDMA_READ_CONSUME_CHECK_CONSUMER) timestamp=2429 ms, used_size=425984 bytes (1.0%)
(RDMA_READ_CONSUME_CHECK_CONSUMER) timestamp=2429 ms, used_size=423936 bytes (1.0%)
(RDMA_READ_CONSUME_CHECK_CONSUMER) timestamp=2429 ms, used_size=421888 bytes (1.0%)
(RDMA_READ_CONSUME_CHECK_CONSUMER) timestamp=2429 ms, used_size=419840 bytes (1.0%)
(RDMA_READ_CONSUME_CHECK_CONSUMER) timestamp=2429 ms, used_size=417792 bytes (1.0%)
(RDMA_READ_CONSUME_CHECK_CONSUMER) timestamp=2429 ms, used_size=415744 bytes (1.0%)
(RDMA_READ_CONSUME_CHECK_CONSUMER) timestamp=2429 ms, used_size=413696 bytes (1.0%)
(RDMA_READ_CONSUME_CHECK_CONSUMER) timestamp=2429 ms, used_size=411648 bytes (1.0%)
(RDMA_READ_CONSUME_CHECK_CONSUMER) timestamp=2429 ms, used_size=409600 bytes (1.0%)
(RDMA_READ_CONSUME_CHECK_CONSUMER) timestamp=2430 ms, used_size=407552 bytes (1.0%)
(RDMA_READ_CONSUME_CHECK_CONSUMER) timestamp=2430 ms, used_size=405504 bytes (1.0%)
(RDMA_READ_CONSUME_CHECK_CONSUMER) timestamp=2430 ms, used_size=403456 bytes (1.0%)
(RDMA_READ_CONSUME_CHECK_CONSUMER) timestamp=2430 ms, used_size=401408 bytes (1.0%)
(RDMA_READ_CONSUME_CHECK_CONSUMER) timestamp=2430 ms, used_size=399360 bytes (1.0%)
(RDMA_READ_CONSUME_CHECK_CONSUMER) timestamp=2430 ms, used_size=397312 bytes (1.0%)
(RDMA_READ_CONSUME_CHECK_CONSUMER) timestamp=2430 ms, used_size=395264 bytes (1.0%)
(RDMA_READ_CONSUME_CHECK_CONSUMER) timestamp=2430 ms, used_size=393216 bytes (1.0%)
(RDMA_READ_CONSUME_CHECK_CONSUMER) timestamp=2430 ms, used_size=391168 bytes (1.0%)
(RDMA_READ_CONSUME_CHECK_CONSUMER) timestamp=2430 ms, used_size=389120 bytes (0.9%)
(RDMA_READ_CONSUME_CHECK_CONSUMER) timestamp=2430 ms, used_size=387072 bytes (0.9%)
(RDMA_READ_CONSUME_CHECK_CONSUMER) timestamp=2430 ms, used_size=385024 bytes (0.9%)
(RDMA_READ_CONSUME_CHECK_CONSUMER) timestamp=2430 ms, used_size=382976 bytes (0.9%)
(RDMA_READ_CONSUME_CHECK_CONSUMER) timestamp=2430 ms, used_size=380928 bytes (0.9%)
(RDMA_READ_CONSUME_CHECK_CONSUMER) timestamp=2430 ms, used_size=378880 bytes (0.9%)
(RDMA_READ_CONSUME_CHECK_CONSUMER) timestamp=2430 ms, used_size=376832 bytes (0.9%)
(RDMA_READ_CONSUME_CHECK_CONSUMER) timestamp=2430 ms, used_size=374784 bytes (0.9%)
(RDMA_READ_CONSUME_CHECK_CONSUMER) timestamp=2430 ms, used_size=372736 bytes (0.9%)
(RDMA_READ_CONSUME_CHECK_CONSUMER) timestamp=2430 ms, used_size=370688 bytes (0.9%)
(RDMA_READ_CONSUME_CHECK_CONSUMER) timestamp=2430 ms, used_size=368640 bytes (0.9%)
(RDMA_READ_CONSUME_CHECK_CONSUMER) timestamp=2430 ms, used_size=366592 bytes (0.9%)
(RDMA_READ_CONSUME_CHECK_CONSUMER) timestamp=2430 ms, used_size=364544 bytes (0.9%)
(RDMA_READ_CONSUME_CHECK_CONSUMER) timestamp=2430 ms, used_size=362496 bytes (0.9%)
(RDMA_READ_CONSUME_CHECK_CONSUMER) timestamp=2430 ms, used_size=360448 bytes (0.9%)
(RDMA_READ_CONSUME_CHECK_CONSUMER) timestamp=2430 ms, used_size=358400 bytes (0.9%)
(RDMA_READ_CONSUME_CHECK_CONSUMER) timestamp=2430 ms, used_size=356352 bytes (0.9%)
(RDMA_READ_CONSUME_CHECK_CONSUMER) timestamp=2430 ms, used_size=354304 bytes (0.9%)
(RDMA_READ_CONSUME_CHECK_CONSUMER) timestamp=2430 ms, used_size=352256 bytes (0.9%)
(RDMA_READ_CONSUME_CHECK_CONSUMER) timestamp=2430 ms, used_size=350208 bytes (0.9%)
(RDMA_READ_CONSUME_CHECK_CONSUMER) timestamp=2430 ms, used_size=348160 bytes (0.8%)
(RDMA_READ_CONSUME_CHECK_CONSUMER) timestamp=2430 ms, used_size=346112 bytes (0.8%)
(RDMA_READ_CONSUME_CHECK_CONSUMER) timestamp=2430 ms, used_size=344064 bytes (0.8%)
(RDMA_READ_CONSUME_CHECK_CONSUMER) timestamp=2430 ms, used_size=342016 bytes (0.8%)
(RDMA_READ_CONSUME_CHECK_CONSUMER) timestamp=2430 ms, used_size=339968 bytes (0.8%)
(RDMA_READ_CONSUME_CHECK_CONSUMER) timestamp=2430 ms, used_size=337920 bytes (0.8%)
(RDMA_READ_CONSUME_CHECK_CONSUMER) timestamp=2430 ms, used_size=335872 bytes (0.8%)
(RDMA_READ_CONSUME_CHECK_CONSUMER) timestamp=2430 ms, used_size=333824 bytes (0.8%)
(RDMA_READ_CONSUME_CHECK_CONSUMER) timestamp=2430 ms, used_size=331776 bytes (0.8%)
(RDMA_READ_CONSUME_CHECK_CONSUMER) timestamp=2430 ms, used_size=329728 bytes (0.8%)
(RDMA_READ_CONSUME_CHECK_CONSUMER) timestamp=2430 ms, used_size=327680 bytes (0.8%)
(RDMA_READ_CONSUME_CHECK_CONSUMER) timestamp=2430 ms, used_size=325632 bytes (0.8%)
(RDMA_READ_CONSUME_CHECK_CONSUMER) timestamp=2430 ms, used_size=323584 bytes (0.8%)
(RDMA_READ_CONSUME_CHECK_CONSUMER) timestamp=2430 ms, used_size=321536 bytes (0.8%)
(RDMA_READ_CONSUME_CHECK_CONSUMER) timestamp=2430 ms, used_size=319488 bytes (0.8%)
(RDMA_READ_CONSUME_CHECK_CONSUMER) timestamp=2430 ms, used_size=317440 bytes (0.8%)
(RDMA_READ_CONSUME_CHECK_CONSUMER) timestamp=2430 ms, used_size=315392 bytes (0.8%)
(RDMA_READ_CONSUME_CHECK_CONSUMER) timestamp=2430 ms, used_size=313344 bytes (0.8%)
(RDMA_READ_CONSUME_CHECK_CONSUMER) timestamp=2430 ms, used_size=311296 bytes (0.8%)
(RDMA_READ_CONSUME_CHECK_CONSUMER) timestamp=2430 ms, used_size=309248 bytes (0.8%)
(RDMA_READ_CONSUME_CHECK_CONSUMER) timestamp=2430 ms, used_size=307200 bytes (0.8%)
(RDMA_READ_CONSUME_CHECK_CONSUMER) timestamp=2430 ms, used_size=305152 bytes (0.7%)
(RDMA_READ_CONSUME_CHECK_CONSUMER) timestamp=2430 ms, used_size=303104 bytes (0.7%)
(RDMA_READ_CONSUME_CHECK_CONSUMER) timestamp=2430 ms, used_size=301056 bytes (0.7%)
(RDMA_READ_CONSUME_CHECK_CONSUMER) timestamp=2430 ms, used_size=299008 bytes (0.7%)
(RDMA_READ_CONSUME_CHECK_CONSUMER) timestamp=2430 ms, used_size=296960 bytes (0.7%)
(RDMA_READ_CONSUME_CHECK_CONSUMER) timestamp=2430 ms, used_size=294912 bytes (0.7%)
(RDMA_READ_CONSUME_CHECK_CONSUMER) timestamp=2430 ms, used_size=292864 bytes (0.7%)
(RDMA_READ_CONSUME_CHECK_CONSUMER) timestamp=2430 ms, used_size=290816 bytes (0.7%)
(RDMA_READ_CONSUME_CHECK_CONSUMER) timestamp=2430 ms, used_size=288768 bytes (0.7%)
(RDMA_READ_CONSUME_CHECK_CONSUMER) timestamp=2430 ms, used_size=286720 bytes (0.7%)
(RDMA_READ_CONSUME_CHECK_CONSUMER) timestamp=2430 ms, used_size=284672 bytes (0.7%)
(RDMA_READ_CONSUME_CHECK_CONSUMER) timestamp=2430 ms, used_size=282624 bytes (0.7%)
(RDMA_READ_CONSUME_CHECK_CONSUMER) timestamp=2430 ms, used_size=280576 bytes (0.7%)
(RDMA_READ_CONSUME_CHECK_CONSUMER) timestamp=2430 ms, used_size=278528 bytes (0.7%)
(RDMA_READ_CONSUME_CHECK_CONSUMER) timestamp=2430 ms, used_size=276480 bytes (0.7%)
(RDMA_READ_CONSUME_CHECK_CONSUMER) timestamp=2430 ms, used_size=274432 bytes (0.7%)
(RDMA_READ_CONSUME_CHECK_CONSUMER) timestamp=2430 ms, used_size=272384 bytes (0.7%)
(RDMA_READ_CONSUME_CHECK_CONSUMER) timestamp=2430 ms, used_size=270336 bytes (0.7%)
(RDMA_READ_CONSUME_CHECK_CONSUMER) timestamp=2430 ms, used_size=268288 bytes (0.7%)
(RDMA_READ_CONSUME_CHECK_CONSUMER) timestamp=2430 ms, used_size=266240 bytes (0.7%)
(RDMA_READ_CONSUME_CHECK_CONSUMER) timestamp=2430 ms, used_size=264192 bytes (0.6%)
(RDMA_READ_CONSUME_CHECK_CONSUMER) timestamp=2430 ms, used_size=262144 bytes (0.6%)
(RDMA_READ_CONSUME_CHECK_CONSUMER) timestamp=2430 ms, used_size=260096 bytes (0.6%)
(RDMA_READ_CONSUME_CHECK_CONSUMER) timestamp=2430 ms, used_size=258048 bytes (0.6%)
(RDMA_READ_CONSUME_CHECK_CONSUMER) timestamp=2430 ms, used_size=256000 bytes (0.6%)
(RDMA_READ_CONSUME_CHECK_CONSUMER) timestamp=2430 ms, used_size=253952 bytes (0.6%)
(RDMA_READ_CONSUME_CHECK_CONSUMER) timestamp=2430 ms, used_size=251904 bytes (0.6%)
(RDMA_READ_CONSUME_CHECK_CONSUMER) timestamp=2430 ms, used_size=249856 bytes (0.6%)
(RDMA_READ_CONSUME_CHECK_CONSUMER) timestamp=2430 ms, used_size=247808 bytes (0.6%)
(RDMA_READ_CONSUME_CHECK_CONSUMER) timestamp=2430 ms, used_size=245760 bytes (0.6%)
(RDMA_READ_CONSUME_CHECK_CONSUMER) timestamp=2430 ms, used_size=243712 bytes (0.6%)
(RDMA_READ_CONSUME_CHECK_CONSUMER) timestamp=2430 ms, used_size=241664 bytes (0.6%)
(RDMA_READ_CONSUME_CHECK_CONSUMER) timestamp=2430 ms, used_size=239616 bytes (0.6%)
(RDMA_READ_CONSUME_CHECK_CONSUMER) timestamp=2430 ms, used_size=237568 bytes (0.6%)
(RDMA_READ_CONSUME_CHECK_CONSUMER) timestamp=2430 ms, used_size=235520 bytes (0.6%)
(RDMA_READ_CONSUME_CHECK_CONSUMER) timestamp=2430 ms, used_size=233472 bytes (0.6%)
(RDMA_READ_CONSUME_CHECK_CONSUMER) timestamp=2430 ms, used_size=231424 bytes (0.6%)
(RDMA_READ_CONSUME_CHECK_CONSUMER) timestamp=2430 ms, used_size=229376 bytes (0.6%)
(RDMA_READ_CONSUME_CHECK_CONSUMER) timestamp=2430 ms, used_size=227328 bytes (0.6%)
(RDMA_READ_CONSUME_CHECK_CONSUMER) timestamp=2430 ms, used_size=225280 bytes (0.6%)
(RDMA_READ_CONSUME_CHECK_CONSUMER) timestamp=2430 ms, used_size=223232 bytes (0.5%)
(RDMA_READ_CONSUME_CHECK_CONSUMER) timestamp=2430 ms, used_size=221184 bytes (0.5%)
(RDMA_READ_CONSUME_CHECK_CONSUMER) timestamp=2430 ms, used_size=219136 bytes (0.5%)
(RDMA_READ_CONSUME_CHECK_CONSUMER) timestamp=2430 ms, used_size=217088 bytes (0.5%)
(RDMA_READ_CONSUME_CHECK_CONSUMER) timestamp=2430 ms, used_size=215040 bytes (0.5%)
(RDMA_READ_CONSUME_CHECK_CONSUMER) timestamp=2430 ms, used_size=212992 bytes (0.5%)
(RDMA_READ_CONSUME_CHECK_CONSUMER) timestamp=2430 ms, used_size=210944 bytes (0.5%)
(RDMA_READ_CONSUME_CHECK_CONSUMER) timestamp=2430 ms, used_size=208896 bytes (0.5%)
(RDMA_READ_CONSUME_CHECK_CONSUMER) timestamp=2430 ms, used_size=206848 bytes (0.5%)
(RDMA_READ_CONSUME_CHECK_CONSUMER) timestamp=2430 ms, used_size=204800 bytes (0.5%)
(RDMA_READ_CONSUME_CHECK_CONSUMER) timestamp=2430 ms, used_size=202752 bytes (0.5%)
(RDMA_READ_CONSUME_CHECK_CONSUMER) timestamp=2430 ms, used_size=200704 bytes (0.5%)
(RDMA_READ_CONSUME_CHECK_CONSUMER) timestamp=2430 ms, used_size=198656 bytes (0.5%)
(RDMA_READ_CONSUME_CHECK_CONSUMER) timestamp=2430 ms, used_size=196608 bytes (0.5%)
(RDMA_READ_CONSUME_CHECK_CONSUMER) timestamp=2430 ms, used_size=194560 bytes (0.5%)
(RDMA_READ_CONSUME_CHECK_CONSUMER) timestamp=2430 ms, used_size=192512 bytes (0.5%)
(RDMA_READ_CONSUME_CHECK_CONSUMER) timestamp=2430 ms, used_size=190464 bytes (0.5%)
(RDMA_READ_CONSUME_CHECK_CONSUMER) timestamp=2430 ms, used_size=188416 bytes (0.5%)
(RDMA_READ_CONSUME_CHECK_CONSUMER) timestamp=2430 ms, used_size=186368 bytes (0.5%)
(RDMA_READ_CONSUME_CHECK_CONSUMER) timestamp=2430 ms, used_size=184320 bytes (0.5%)
(RDMA_READ_CONSUME_CHECK_CONSUMER) timestamp=2430 ms, used_size=182272 bytes (0.4%)
(RDMA_READ_CONSUME_CHECK_CONSUMER) timestamp=2430 ms, used_size=180224 bytes (0.4%)
(RDMA_READ_CONSUME_CHECK_CONSUMER) timestamp=2430 ms, used_size=178176 bytes (0.4%)
(RDMA_READ_CONSUME_CHECK_CONSUMER) timestamp=2430 ms, used_size=176128 bytes (0.4%)
(RDMA_READ_CONSUME_CHECK_CONSUMER) timestamp=2430 ms, used_size=174080 bytes (0.4%)
(RDMA_READ_CONSUME_CHECK_CONSUMER) timestamp=2430 ms, used_size=172032 bytes (0.4%)
(RDMA_READ_CONSUME_CHECK_CONSUMER) timestamp=2430 ms, used_size=169984 bytes (0.4%)
(RDMA_READ_CONSUME_CHECK_CONSUMER) timestamp=2430 ms, used_size=167936 bytes (0.4%)
(RDMA_READ_CONSUME_CHECK_CONSUMER) timestamp=2430 ms, used_size=165888 bytes (0.4%)
(RDMA_READ_CONSUME_CHECK_CONSUMER) timestamp=2430 ms, used_size=163840 bytes (0.4%)
(RDMA_READ_CONSUME_CHECK_CONSUMER) timestamp=2430 ms, used_size=161792 bytes (0.4%)
(RDMA_READ_CONSUME_CHECK_CONSUMER) timestamp=2430 ms, used_size=159744 bytes (0.4%)
(RDMA_READ_CONSUME_CHECK_CONSUMER) timestamp=2430 ms, used_size=157696 bytes (0.4%)
(RDMA_READ_CONSUME_CHECK_CONSUMER) timestamp=2430 ms, used_size=155648 bytes (0.4%)
(RDMA_READ_CONSUME_CHECK_CONSUMER) timestamp=2430 ms, used_size=153600 bytes (0.4%)
(RDMA_READ_CONSUME_CHECK_CONSUMER) timestamp=2430 ms, used_size=151552 bytes (0.4%)
(RDMA_READ_CONSUME_CHECK_CONSUMER) timestamp=2430 ms, used_size=149504 bytes (0.4%)
(RDMA_READ_CONSUME_CHECK_CONSUMER) timestamp=2430 ms, used_size=147456 bytes (0.4%)
(RDMA_READ_CONSUME_CHECK_CONSUMER) timestamp=2430 ms, used_size=145408 bytes (0.4%)
(RDMA_READ_CONSUME_CHECK_CONSUMER) timestamp=2430 ms, used_size=143360 bytes (0.3%)
(RDMA_READ_CONSUME_CHECK_CONSUMER) timestamp=2430 ms, used_size=141312 bytes (0.3%)
(RDMA_READ_CONSUME_CHECK_CONSUMER) timestamp=2430 ms, used_size=139264 bytes (0.3%)
(RDMA_READ_CONSUME_CHECK_CONSUMER) timestamp=2430 ms, used_size=137216 bytes (0.3%)
(RDMA_READ_CONSUME_CHECK_CONSUMER) timestamp=2430 ms, used_size=135168 bytes (0.3%)
(RDMA_READ_CONSUME_CHECK_CONSUMER) timestamp=2430 ms, used_size=133120 bytes (0.3%)
(RDMA_READ_CONSUME_CHECK_CONSUMER) timestamp=2430 ms, used_size=131072 bytes (0.3%)
(RDMA_READ_CONSUME_CHECK_CONSUMER) timestamp=2430 ms, used_size=129024 bytes (0.3%)
(RDMA_READ_CONSUME_CHECK_CONSUMER) timestamp=2430 ms, used_size=126976 bytes (0.3%)
(RDMA_READ_CONSUME_CHECK_CONSUMER) timestamp=2430 ms, used_size=124928 bytes (0.3%)
(RDMA_READ_CONSUME_CHECK_CONSUMER) timestamp=2430 ms, used_size=122880 bytes (0.3%)
(RDMA_READ_CONSUME_CHECK_CONSUMER) timestamp=2430 ms, used_size=120832 bytes (0.3%)
(RDMA_READ_CONSUME_CHECK_CONSUMER) timestamp=2430 ms, used_size=118784 bytes (0.3%)
(RDMA_READ_CONSUME_CHECK_CONSUMER) timestamp=2430 ms, used_size=116736 bytes (0.3%)
(RDMA_READ_CONSUME_CHECK_CONSUMER) timestamp=2430 ms, used_size=114688 bytes (0.3%)
(RDMA_READ_CONSUME_CHECK_CONSUMER) timestamp=2430 ms, used_size=112640 bytes (0.3%)
(RDMA_READ_CONSUME_CHECK_CONSUMER) timestamp=2430 ms, used_size=110592 bytes (0.3%)
(RDMA_READ_CONSUME_CHECK_CONSUMER) timestamp=2430 ms, used_size=108544 bytes (0.3%)
(RDMA_READ_CONSUME_CHECK_CONSUMER) timestamp=2430 ms, used_size=106496 bytes (0.3%)
(RDMA_READ_CONSUME_CHECK_CONSUMER) timestamp=2430 ms, used_size=104448 bytes (0.3%)
(RDMA_READ_CONSUME_CHECK_CONSUMER) timestamp=2430 ms, used_size=102400 bytes (0.2%)
(RDMA_READ_CONSUME_CHECK_CONSUMER) timestamp=2430 ms, used_size=100352 bytes (0.2%)
(RDMA_READ_CONSUME_CHECK_CONSUMER) timestamp=2430 ms, used_size=98304 bytes (0.2%)
(RDMA_READ_CONSUME_CHECK_CONSUMER) timestamp=2430 ms, used_size=96256 bytes (0.2%)
(RDMA_READ_CONSUME_CHECK_CONSUMER) timestamp=2430 ms, used_size=94208 bytes (0.2%)
(RDMA_READ_CONSUME_CHECK_CONSUMER) timestamp=2430 ms, used_size=92160 bytes (0.2%)
(RDMA_READ_CONSUME_CHECK_CONSUMER) timestamp=2430 ms, used_size=90112 bytes (0.2%)
(RDMA_READ_CONSUME_CHECK_CONSUMER) timestamp=2430 ms, used_size=88064 bytes (0.2%)
(RDMA_READ_CONSUME_CHECK_CONSUMER) timestamp=2430 ms, used_size=86016 bytes (0.2%)
(RDMA_READ_CONSUME_CHECK_CONSUMER) timestamp=2430 ms, used_size=83968 bytes (0.2%)
(RDMA_READ_CONSUME_CHECK_CONSUMER) timestamp=2430 ms, used_size=81920 bytes (0.2%)
(RDMA_READ_CONSUME_CHECK_CONSUMER) timestamp=2430 ms, used_size=79872 bytes (0.2%)
(RDMA_READ_CONSUME_CHECK_CONSUMER) timestamp=2430 ms, used_size=77824 bytes (0.2%)
(RDMA_READ_CONSUME_CHECK_CONSUMER) timestamp=2430 ms, used_size=75776 bytes (0.2%)
(RDMA_READ_CONSUME_CHECK_CONSUMER) timestamp=2430 ms, used_size=73728 bytes (0.2%)
(RDMA_READ_CONSUME_CHECK_CONSUMER) timestamp=2430 ms, used_size=71680 bytes (0.2%)
(RDMA_READ_CONSUME_CHECK_CONSUMER) timestamp=2430 ms, used_size=69632 bytes (0.2%)
(RDMA_READ_CONSUME_CHECK_CONSUMER) timestamp=2430 ms, used_size=67584 bytes (0.2%)
(RDMA_READ_CONSUME_CHECK_CONSUMER) timestamp=2430 ms, used_size=65536 bytes (0.2%)
(RDMA_READ_CONSUME_CHECK_CONSUMER) timestamp=2430 ms, used_size=63488 bytes (0.2%)
(RDMA_READ_CONSUME_CHECK_CONSUMER) timestamp=2430 ms, used_size=61440 bytes (0.1%)
(RDMA_READ_CONSUME_CHECK_CONSUMER) timestamp=2430 ms, used_size=59392 bytes (0.1%)
(RDMA_READ_CONSUME_CHECK_CONSUMER) timestamp=2430 ms, used_size=57344 bytes (0.1%)
(RDMA_READ_CONSUME_CHECK_CONSUMER) timestamp=2430 ms, used_size=55296 bytes (0.1%)
(RDMA_READ_CONSUME_CHECK_CONSUMER) timestamp=2430 ms, used_size=53248 bytes (0.1%)
(RDMA_READ_CONSUME_CHECK_CONSUMER) timestamp=2430 ms, used_size=51200 bytes (0.1%)
(RDMA_READ_CONSUME_CHECK_CONSUMER) timestamp=2430 ms, used_size=49152 bytes (0.1%)
(RDMA_READ_CONSUME_CHECK_CONSUMER) timestamp=2430 ms, used_size=47104 bytes (0.1%)
(RDMA_READ_CONSUME_CHECK_CONSUMER) timestamp=2430 ms, used_size=45056 bytes (0.1%)
(RDMA_READ_CONSUME_CHECK_CONSUMER) timestamp=2430 ms, used_size=43008 bytes (0.1%)
(RDMA_READ_CONSUME_CHECK_CONSUMER) timestamp=2430 ms, used_size=40960 bytes (0.1%)
(RDMA_READ_CONSUME_CHECK_CONSUMER) timestamp=2430 ms, used_size=38912 bytes (0.1%)
(RDMA_READ_CONSUME_CHECK_CONSUMER) timestamp=2430 ms, used_size=36864 bytes (0.1%)
(RDMA_READ_CONSUME_CHECK_CONSUMER) timestamp=2430 ms, used_size=34816 bytes (0.1%)
(RDMA_READ_CONSUME_CHECK_CONSUMER) timestamp=2431 ms, used_size=32768 bytes (0.1%)
(RDMA_READ_CONSUME_CHECK_CONSUMER) timestamp=2431 ms, used_size=30720 bytes (0.1%)
(RDMA_READ_CONSUME_CHECK_CONSUMER) timestamp=2431 ms, used_size=28672 bytes (0.1%)
(RDMA_READ_CONSUME_CHECK_CONSUMER) timestamp=2431 ms, used_size=26624 bytes (0.1%)
(RDMA_READ_CONSUME_CHECK_CONSUMER) timestamp=2431 ms, used_size=24576 bytes (0.1%)
(RDMA_READ_CONSUME_CHECK_CONSUMER) timestamp=2431 ms, used_size=22528 bytes (0.1%)
(RDMA_READ_CONSUME_CHECK_CONSUMER) timestamp=2431 ms, used_size=20480 bytes (0.1%)
(RDMA_READ_CONSUME_CHECK_CONSUMER) timestamp=2431 ms, used_size=18432 bytes (0.0%)
(RDMA_READ_CONSUME_CHECK_CONSUMER) timestamp=2431 ms, used_size=16384 bytes (0.0%)
(RDMA_READ_CONSUME_CHECK_CONSUMER) timestamp=2431 ms, used_size=14336 bytes (0.0%)
(RDMA_READ_CONSUME_CHECK_CONSUMER) timestamp=2431 ms, used_size=12288 bytes (0.0%)
(RDMA_READ_CONSUME_CHECK_CONSUMER) timestamp=2431 ms, used_size=10240 bytes (0.0%)
(RDMA_READ_CONSUME_CHECK_CONSUMER) timestamp=2431 ms, used_size=8192 bytes (0.0%)
(RDMA_READ_CONSUME_CHECK_CONSUMER) timestamp=2431 ms, used_size=6144 bytes (0.0%)
(RDMA_READ_CONSUME_CHECK_CONSUMER) timestamp=2431 ms, used_size=4096 bytes (0.0%)
(RDMA_READ_CONSUME_CHECK_CONSUMER) timestamp=2431 ms, used_size=2048 bytes (0.0%)
(RDMA_READ_CONSUME_CHECK_CONSUMER) timestamp=2431 ms, used_size=0 bytes (0.0%)
(RDMA_READ_CONSUME_CHECK) Cycle 2, Batch 2: CRC32 OK (0xcee97786), 3616 messages verified
t1:0:1680294074:116718624:40960000
(RDMA_READ_CONSUME_CHECK) Cycle 2 completed
(RDMA_READ_CONSUME_CHECK) Starting cycle 3
(RDMA_READ_CONSUME_CHECK_CONSUMER) timestamp=2431 ms, used_size=7403520 bytes (18.1%)
(RDMA_READ_CONSUME_CHECK_CONSUMER) timestamp=2534 ms, used_size=7401472 bytes (18.1%)
(RDMA_READ_CONSUME_CHECK_CONSUMER) timestamp=2534 ms, used_size=7399424 bytes (18.1%)
(RDMA_READ_CONSUME_CHECK_CONSUMER) timestamp=2534 ms, used_size=7397376 bytes (18.1%)
(RDMA_READ_CONSUME_CHECK_CONSUMER) timestamp=2534 ms, used_size=7395328 bytes (18.1%)
(RDMA_READ_CONSUME_CHECK_CONSUMER) timestamp=2534 ms, used_size=7393280 bytes (18.1%)
(RDMA_READ_CONSUME_CHECK_CONSUMER) timestamp=2534 ms, used_size=7391232 bytes (18.0%)
(RDMA_READ_CONSUME_CHECK_CONSUMER) timestamp=2534 ms, used_size=7389184 bytes (18.0%)
(RDMA_READ_CONSUME_CHECK_CONSUMER) timestamp=2534 ms, used_size=7387136 bytes (18.0%)
(RDMA_READ_CONSUME_CHECK_CONSUMER) timestamp=2534 ms, used_size=7385088 bytes (18.0%)
(RDMA_READ_CONSUME_CHECK_CONSUMER) timestamp=2534 ms, used_size=7383040 bytes (18.0%)
(RDMA_READ_CONSUME_CHECK_CONSUMER) timestamp=2534 ms, used_size=7380992 bytes (18.0%)
(RDMA_READ_CONSUME_CHECK_CONSUMER) timestamp=2534 ms, used_size=7378944 bytes (18.0%)
(RDMA_READ_CONSUME_CHECK_CONSUMER) timestamp=2534 ms, used_size=7376896 bytes (18.0%)
(RDMA_READ_CONSUME_CHECK_CONSUMER) timestamp=2534 ms, used_size=7374848 bytes (18.0%)
(RDMA_READ_CONSUME_CHECK_CONSUMER) timestamp=2534 ms, used_size=7372800 bytes (18.0%)
(RDMA_READ_CONSUME_CHECK_CONSUMER) timestamp=2534 ms, used_size=7370752 bytes (18.0%)
(RDMA_READ_CONSUME_CHECK_CONSUMER) timestamp=2534 ms, used_size=7368704 bytes (18.0%)
(RDMA_READ_CONSUME_CHECK_CONSUMER) timestamp=2534 ms, used_size=7366656 bytes (18.0%)
(RDMA_READ_CONSUME_CHECK_CONSUMER) timestamp=2534 ms, used_size=7364608 bytes (18.0%)
(RDMA_READ_CONSUME_CHECK_CONSUMER) timestamp=2534 ms, used_size=7362560 bytes (18.0%)
(RDMA_READ_CONSUME_CHECK_CONSUMER) timestamp=2534 ms, used_size=7360512 bytes (18.0%)
(RDMA_READ_CONSUME_CHECK_CONSUMER) timestamp=2534 ms, used_size=7358464 bytes (18.0%)
(RDMA_READ_CONSUME_CHECK_CONSUMER) timestamp=2534 ms, used_size=7356416 bytes (18.0%)
(RDMA_READ_CONSUME_CHECK_CONSUMER) timestamp=2534 ms, used_size=7354368 bytes (18.0%)
(RDMA_READ_CONSUME_CHECK_CONSUMER) timestamp=2534 ms, used_size=7352320 bytes (17.9%)
(RDMA_READ_CONSUME_CHECK_CONSUMER) timestamp=2534 ms, used_size=7350272 bytes (17.9%)
(RDMA_READ_CONSUME_CHECK_CONSUMER) timestamp=2534 ms, used_size=7348224 bytes (17.9%)
(RDMA_READ_CONSUME_CHECK_CONSUMER) timestamp=2534 ms, used_size=7346176 bytes (17.9%)
(RDMA_READ_CONSUME_CHECK_CONSUMER) timestamp=2534 ms, used_size=7344128 bytes (17.9%)
(RDMA_READ_CONSUME_CHECK_CONSUMER) timestamp=2534 ms, used_size=7342080 bytes (17.9%)
(RDMA_READ_CONSUME_CHECK_CONSUMER) timestamp=2534 ms, used_size=7340032 bytes (17.9%)
(RDMA_READ_CONSUME_CHECK_CONSUMER) timestamp=2534 ms, used_size=7337984 bytes (17.9%)
(RDMA_READ_CONSUME_CHECK_CONSUMER) timestamp=2534 ms, used_size=7335936 bytes (17.9%)
(RDMA_READ_CONSUME_CHECK_CONSUMER) timestamp=2534 ms, used_size=7333888 bytes (17.9%)
(RDMA_READ_CONSUME_CHECK_CONSUMER) timestamp=2534 ms, used_size=7331840 bytes (17.9%)
(RDMA_READ_CONSUME_CHECK_CONSUMER) timestamp=2534 ms, used_size=7329792 bytes (17.9%)
(RDMA_READ_CONSUME_CHECK_CONSUMER) timestamp=2534 ms, used_size=7327744 bytes (17.9%)
(RDMA_READ_CONSUME_CHECK_CONSUMER) timestamp=2534 ms, used_size=7325696 bytes (17.9%)
(RDMA_READ_CONSUME_CHECK_CONSUMER) timestamp=2534 ms, used_size=7323648 bytes (17.9%)
(RDMA_READ_CONSUME_CHECK_CONSUMER) timestamp=2534 ms, used_size=7321600 bytes (17.9%)
(RDMA_READ_CONSUME_CHECK_CONSUMER) timestamp=2534 ms, used_size=7319552 bytes (17.9%)
(RDMA_READ_CONSUME_CHECK_CONSUMER) timestamp=2534 ms, used_size=7317504 bytes (17.9%)
(RDMA_READ_CONSUME_CHECK_CONSUMER) timestamp=2534 ms, used_size=7315456 bytes (17.9%)
(RDMA_READ_CONSUME_CHECK_CONSUMER) timestamp=2534 ms, used_size=7313408 bytes (17.9%)
(RDMA_READ_CONSUME_CHECK_CONSUMER) timestamp=2534 ms, used_size=7311360 bytes (17.9%)
(RDMA_READ_CONSUME_CHECK_CONSUMER) timestamp=2534 ms, used_size=7309312 bytes (17.8%)
(RDMA_READ_CONSUME_CHECK_CONSUMER) timestamp=2534 ms, used_size=7307264 bytes (17.8%)
(RDMA_READ_CONSUME_CHECK_CONSUMER) timestamp=2534 ms, used_size=7305216 bytes (17.8%)
(RDMA_READ_CONSUME_CHECK_CONSUMER) timestamp=2534 ms, used_size=7303168 bytes (17.8%)
(RDMA_READ_CONSUME_CHECK_CONSUMER) timestamp=2534 ms, used_size=7301120 bytes (17.8%)
(RDMA_READ_CONSUME_CHECK_CONSUMER) timestamp=2534 ms, used_size=7299072 bytes (17.8%)
(RDMA_READ_CONSUME_CHECK_CONSUMER) timestamp=2534 ms, used_size=7297024 bytes (17.8%)
(RDMA_READ_CONSUME_CHECK_CONSUMER) timestamp=2534 ms, used_size=7294976 bytes (17.8%)
(RDMA_READ_CONSUME_CHECK_CONSUMER) timestamp=2534 ms, used_size=7292928 bytes (17.8%)
(RDMA_READ_CONSUME_CHECK_CONSUMER) timestamp=2534 ms, used_size=7290880 bytes (17.8%)
(RDMA_READ_CONSUME_CHECK_CONSUMER) timestamp=2534 ms, used_size=7288832 bytes (17.8%)
(RDMA_READ_CONSUME_CHECK_CONSUMER) timestamp=2534 ms, used_size=7286784 bytes (17.8%)
(RDMA_READ_CONSUME_CHECK_CONSUMER) timestamp=2534 ms, used_size=7284736 bytes (17.8%)
(RDMA_READ_CONSUME_CHECK_CONSUMER) timestamp=2534 ms, used_size=7282688 bytes (17.8%)
(RDMA_READ_CONSUME_CHECK_CONSUMER) timestamp=2534 ms, used_size=7280640 bytes (17.8%)
(RDMA_READ_CONSUME_CHECK_CONSUMER) timestamp=2534 ms, used_size=7278592 bytes (17.8%)
(RDMA_READ_CONSUME_CHECK_CONSUMER) timestamp=2534 ms, used_size=7276544 bytes (17.8%)
(RDMA_READ_CONSUME_CHECK_CONSUMER) timestamp=2534 ms, used_size=7274496 bytes (17.8%)
(RDMA_READ_CONSUME_CHECK_CONSUMER) timestamp=2534 ms, used_size=7272448 bytes (17.8%)
(RDMA_READ_CONSUME_CHECK_CONSUMER) timestamp=2534 ms, used_size=7270400 bytes (17.8%)
(RDMA_READ_CONSUME_CHECK_CONSUMER) timestamp=2534 ms, used_size=7268352 bytes (17.7%)
(RDMA_READ_CONSUME_CHECK_CONSUMER) timestamp=2534 ms, used_size=7266304 bytes (17.7%)
(RDMA_READ_CONSUME_CHECK_CONSUMER) timestamp=2534 ms, used_size=7264256 bytes (17.7%)
(RDMA_READ_CONSUME_CHECK_CONSUMER) timestamp=2534 ms, used_size=7262208 bytes (17.7%)
(RDMA_READ_CONSUME_CHECK_CONSUMER) timestamp=2534 ms, used_size=7260160 bytes (17.7%)
(RDMA_READ_CONSUME_CHECK_CONSUMER) timestamp=2534 ms, used_size=7258112 bytes (17.7%)
(RDMA_READ_CONSUME_CHECK_CONSUMER) timestamp=2534 ms, used_size=7256064 bytes (17.7%)
(RDMA_READ_CONSUME_CHECK_CONSUMER) timestamp=2534 ms, used_size=7254016 bytes (17.7%)
(RDMA_READ_CONSUME_CHECK_CONSUMER) timestamp=2534 ms, used_size=7251968 bytes (17.7%)
(RDMA_READ_CONSUME_CHECK_CONSUMER) timestamp=2534 ms, used_size=7249920 bytes (17.7%)
(RDMA_READ_CONSUME_CHECK_CONSUMER) timestamp=2534 ms, used_size=7247872 bytes (17.7%)
(RDMA_READ_CONSUME_CHECK_CONSUMER) timestamp=2534 ms, used_size=7245824 bytes (17.7%)
(RDMA_READ_CONSUME_CHECK_CONSUMER) timestamp=2534 ms, used_size=7243776 bytes (17.7%)
(RDMA_READ_CONSUME_CHECK_CONSUMER) timestamp=2534 ms, used_size=7241728 bytes (17.7%)
(RDMA_READ_CONSUME_CHECK_CONSUMER) timestamp=2534 ms, used_size=7239680 bytes (17.7%)
(RDMA_READ_CONSUME_CHECK_CONSUMER) timestamp=2534 ms, used_size=7237632 bytes (17.7%)
(RDMA_READ_CONSUME_CHECK_CONSUMER) timestamp=2534 ms, used_size=7235584 bytes (17.7%)
(RDMA_READ_CONSUME_CHECK_CONSUMER) timestamp=2534 ms, used_size=7233536 bytes (17.7%)
(RDMA_READ_CONSUME_CHECK_CONSUMER) timestamp=2534 ms, used_size=7231488 bytes (17.7%)
(RDMA_READ_CONSUME_CHECK_CONSUMER) timestamp=2534 ms, used_size=7229440 bytes (17.6%)
(RDMA_READ_CONSUME_CHECK_CONSUMER) timestamp=2534 ms, used_size=7227392 bytes (17.6%)
(RDMA_READ_CONSUME_CHECK_CONSUMER) timestamp=2534 ms, used_size=7225344 bytes (17.6%)
(RDMA_READ_CONSUME_CHECK_CONSUMER) timestamp=2534 ms, used_size=7223296 bytes (17.6%)
(RDMA_READ_CONSUME_CHECK_CONSUMER) timestamp=2534 ms, used_size=7221248 bytes (17.6%)
(RDMA_READ_CONSUME_CHECK_CONSUMER) timestamp=2534 ms, used_size=7219200 bytes (17.6%)
(RDMA_READ_CONSUME_CHECK_CONSUMER) timestamp=2534 ms, used_size=7217152 bytes (17.6%)
(RDMA_READ_CONSUME_CHECK_CONSUMER) timestamp=2534 ms, used_size=7215104 bytes (17.6%)
(RDMA_READ_CONSUME_CHECK_CONSUMER) timestamp=2534 ms, used_size=7213056 bytes (17.6%)
(RDMA_READ_CONSUME_CHECK_CONSUMER) timestamp=2534 ms, used_size=7211008 bytes (17.6%)
(RDMA_READ_CONSUME_CHECK_CONSUMER) timestamp=2534 ms, used_size=7208960 bytes (17.6%)
(RDMA_READ_CONSUME_CHECK_CONSUMER) timestamp=2534 ms, used_size=7206912 bytes (17.6%)
(RDMA_READ_CONSUME_CHECK_CONSUMER) timestamp=2534 ms, used_size=7204864 bytes (17.6%)
(RDMA_READ_CONSUME_CHECK_CONSUMER) timestamp=2534 ms, used_size=7202816 bytes (17.6%)
(RDMA_READ_CONSUME_CHECK_CONSUMER) timestamp=2534 ms, used_size=7200768 bytes (17.6%)
(RDMA_READ_CONSUME_CHECK_CONSUMER) timestamp=2534 ms, used_size=7198720 bytes (17.6%)
(RDMA_READ_CONSUME_CHECK_CONSUMER) timestamp=2534 ms, used_size=7196672 bytes (17.6%)
(RDMA_READ_CONSUME_CHECK_CONSUMER) timestamp=2534 ms, used_size=7194624 bytes (17.6%)
(RDMA_READ_CONSUME_CHECK_CONSUMER) timestamp=2534 ms, used_size=7192576 bytes (17.6%)
(RDMA_READ_CONSUME_CHECK_CONSUMER) timestamp=2534 ms, used_size=7190528 bytes (17.6%)
(RDMA_READ_CONSUME_CHECK_CONSUMER) timestamp=2534 ms, used_size=7188480 bytes (17.6%)
(RDMA_READ_CONSUME_CHECK_CONSUMER) timestamp=2534 ms, used_size=7186432 bytes (17.5%)
(RDMA_READ_CONSUME_CHECK_CONSUMER) timestamp=2534 ms, used_size=7184384 bytes (17.5%)
(RDMA_READ_CONSUME_CHECK_CONSUMER) timestamp=2534 ms, used_size=7182336 bytes (17.5%)
(RDMA_READ_CONSUME_CHECK_CONSUMER) timestamp=2534 ms, used_size=7180288 bytes (17.5%)
(RDMA_READ_CONSUME_CHECK_CONSUMER) timestamp=2534 ms, used_size=7178240 bytes (17.5%)
(RDMA_READ_CONSUME_CHECK_CONSUMER) timestamp=2534 ms, used_size=7176192 bytes (17.5%)
(RDMA_READ_CONSUME_CHECK_CONSUMER) timestamp=2534 ms, used_size=7174144 bytes (17.5%)
(RDMA_READ_CONSUME_CHECK_CONSUMER) timestamp=2534 ms, used_size=7172096 bytes (17.5%)
(RDMA_READ_CONSUME_CHECK_CONSUMER) timestamp=2534 ms, used_size=7170048 bytes (17.5%)
(RDMA_READ_CONSUME_CHECK_CONSUMER) timestamp=2534 ms, used_size=7168000 bytes (17.5%)
(RDMA_READ_CONSUME_CHECK_CONSUMER) timestamp=2534 ms, used_size=7165952 bytes (17.5%)
(RDMA_READ_CONSUME_CHECK_CONSUMER) timestamp=2534 ms, used_size=7163904 bytes (17.5%)
(RDMA_READ_CONSUME_CHECK_CONSUMER) timestamp=2534 ms, used_size=7161856 bytes (17.5%)
(RDMA_READ_CONSUME_CHECK_CONSUMER) timestamp=2534 ms, used_size=7159808 bytes (17.5%)
(RDMA_READ_CONSUME_CHECK_CONSUMER) timestamp=2535 ms, used_size=7157760 bytes (17.5%)
(RDMA_READ_CONSUME_CHECK_CONSUMER) timestamp=2535 ms, used_size=7155712 bytes (17.5%)
(RDMA_READ_CONSUME_CHECK_CONSUMER) timestamp=2535 ms, used_size=7153664 bytes (17.5%)
(RDMA_READ_CONSUME_CHECK_CONSUMER) timestamp=2535 ms, used_size=7151616 bytes (17.5%)
(RDMA_READ_CONSUME_CHECK_CONSUMER) timestamp=2535 ms, used_size=7149568 bytes (17.5%)
(RDMA_READ_CONSUME_CHECK_CONSUMER) timestamp=2535 ms, used_size=7147520 bytes (17.4%)
(RDMA_READ_CONSUME_CHECK_CONSUMER) timestamp=2535 ms, used_size=7145472 bytes (17.4%)
(RDMA_READ_CONSUME_CHECK_CONSUMER) timestamp=2535 ms, used_size=7143424 bytes (17.4%)
(RDMA_READ_CONSUME_CHECK_CONSUMER) timestamp=2535 ms, used_size=7141376 bytes (17.4%)
(RDMA_READ_CONSUME_CHECK_CONSUMER) timestamp=2535 ms, used_size=7139328 bytes (17.4%)
(RDMA_READ_CONSUME_CHECK_CONSUMER) timestamp=2535 ms, used_size=7137280 bytes (17.4%)
(RDMA_READ_CONSUME_CHECK_CONSUMER) timestamp=2535 ms, used_size=7135232 bytes (17.4%)
(RDMA_READ_CONSUME_CHECK_CONSUMER) timestamp=2535 ms, used_size=7133184 bytes (17.4%)
(RDMA_READ_CONSUME_CHECK_CONSUMER) timestamp=2535 ms, used_size=7131136 bytes (17.4%)
(RDMA_READ_CONSUME_CHECK_CONSUMER) timestamp=2535 ms, used_size=7129088 bytes (17.4%)
(RDMA_READ_CONSUME_CHECK_CONSUMER) timestamp=2535 ms, used_size=7127040 bytes (17.4%)
(RDMA_READ_CONSUME_CHECK_CONSUMER) timestamp=2535 ms, used_size=7124992 bytes (17.4%)
(RDMA_READ_CONSUME_CHECK_CONSUMER) timestamp=2535 ms, used_size=7122944 bytes (17.4%)
(RDMA_READ_CONSUME_CHECK_CONSUMER) timestamp=2535 ms, used_size=7120896 bytes (17.4%)
(RDMA_READ_CONSUME_CHECK_CONSUMER) timestamp=2535 ms, used_size=7118848 bytes (17.4%)
(RDMA_READ_CONSUME_CHECK_CONSUMER) timestamp=2535 ms, used_size=7116800 bytes (17.4%)
(RDMA_READ_CONSUME_CHECK_CONSUMER) timestamp=2535 ms, used_size=7114752 bytes (17.4%)
(RDMA_READ_CONSUME_CHECK_CONSUMER) timestamp=2535 ms, used_size=7112704 bytes (17.4%)
(RDMA_READ_CONSUME_CHECK_CONSUMER) timestamp=2535 ms, used_size=7110656 bytes (17.4%)
(RDMA_READ_CONSUME_CHECK_CONSUMER) timestamp=2535 ms, used_size=7108608 bytes (17.4%)
(RDMA_READ_CONSUME_CHECK_CONSUMER) timestamp=2535 ms, used_size=7106560 bytes (17.4%)
(RDMA_READ_CONSUME_CHECK_CONSUMER) timestamp=2535 ms, used_size=7104512 bytes (17.3%)
(RDMA_READ_CONSUME_CHECK_CONSUMER) timestamp=2535 ms, used_size=7102464 bytes (17.3%)
(RDMA_READ_CONSUME_CHECK_CONSUMER) timestamp=2535 ms, used_size=7100416 bytes (17.3%)
(RDMA_READ_CONSUME_CHECK_CONSUMER) timestamp=2535 ms, used_size=7098368 bytes (17.3%)
(RDMA_READ_CONSUME_CHECK_CONSUMER) timestamp=2535 ms, used_size=7096320 bytes (17.3%)
(RDMA_READ_CONSUME_CHECK_CONSUMER) timestamp=2535 ms, used_size=7094272 bytes (17.3%)
(RDMA_READ_CONSUME_CHECK_CONSUMER) timestamp=2535 ms, used_size=7092224 bytes (17.3%)
(RDMA_READ_CONSUME_CHECK_CONSUMER) timestamp=2535 ms, used_size=7090176 bytes (17.3%)
(RDMA_READ_CONSUME_CHECK_CONSUMER) timestamp=2535 ms, used_size=7088128 bytes (17.3%)
(RDMA_READ_CONSUME_CHECK_CONSUMER) timestamp=2535 ms, used_size=7086080 bytes (17.3%)
(RDMA_READ_CONSUME_CHECK_CONSUMER) timestamp=2535 ms, used_size=7084032 bytes (17.3%)
(RDMA_READ_CONSUME_CHECK_CONSUMER) timestamp=2535 ms, used_size=7081984 bytes (17.3%)
(RDMA_READ_CONSUME_CHECK_CONSUMER) timestamp=2535 ms, used_size=7079936 bytes (17.3%)
(RDMA_READ_CONSUME_CHECK_CONSUMER) timestamp=2535 ms, used_size=7077888 bytes (17.3%)
(RDMA_READ_CONSUME_CHECK_CONSUMER) timestamp=2535 ms, used_size=7075840 bytes (17.3%)
(RDMA_READ_CONSUME_CHECK_CONSUMER) timestamp=2535 ms, used_size=7073792 bytes (17.3%)
(RDMA_READ_CONSUME_CHECK_CONSUMER) timestamp=2535 ms, used_size=7071744 bytes (17.3%)
(RDMA_READ_CONSUME_CHECK_CONSUMER) timestamp=2535 ms, used_size=7069696 bytes (17.3%)
(RDMA_READ_CONSUME_CHECK_CONSUMER) timestamp=2535 ms, used_size=7067648 bytes (17.3%)
(RDMA_READ_CONSUME_CHECK_CONSUMER) timestamp=2535 ms, used_size=7065600 bytes (17.2%)
(RDMA_READ_CONSUME_CHECK_CONSUMER) timestamp=2535 ms, used_size=7063552 bytes (17.2%)
(RDMA_READ_CONSUME_CHECK_CONSUMER) timestamp=2535 ms, used_size=7061504 bytes (17.2%)
(RDMA_READ_CONSUME_CHECK_CONSUMER) timestamp=2535 ms, used_size=7059456 bytes (17.2%)
(RDMA_READ_CONSUME_CHECK_CONSUMER) timestamp=2535 ms, used_size=7057408 bytes (17.2%)
(RDMA_READ_CONSUME_CHECK_CONSUMER) timestamp=2535 ms, used_size=7055360 bytes (17.2%)
(RDMA_READ_CONSUME_CHECK_CONSUMER) timestamp=2535 ms, used_size=7053312 bytes (17.2%)
(RDMA_READ_CONSUME_CHECK_CONSUMER) timestamp=2535 ms, used_size=7051264 bytes (17.2%)
(RDMA_READ_CONSUME_CHECK_CONSUMER) timestamp=2535 ms, used_size=7049216 bytes (17.2%)
(RDMA_READ_CONSUME_CHECK_CONSUMER) timestamp=2535 ms, used_size=7047168 bytes (17.2%)
(RDMA_READ_CONSUME_CHECK_CONSUMER) timestamp=2535 ms, used_size=7045120 bytes (17.2%)
(RDMA_READ_CONSUME_CHECK_CONSUMER) timestamp=2535 ms, used_size=7043072 bytes (17.2%)
(RDMA_READ_CONSUME_CHECK_CONSUMER) timestamp=2535 ms, used_size=7041024 bytes (17.2%)
(RDMA_READ_CONSUME_CHECK_CONSUMER) timestamp=2535 ms, used_size=7038976 bytes (17.2%)
(RDMA_READ_CONSUME_CHECK_CONSUMER) timestamp=2535 ms, used_size=7036928 bytes (17.2%)
(RDMA_READ_CONSUME_CHECK_CONSUMER) timestamp=2535 ms, used_size=7034880 bytes (17.2%)
(RDMA_READ_CONSUME_CHECK_CONSUMER) timestamp=2535 ms, used_size=7032832 bytes (17.2%)
(RDMA_READ_CONSUME_CHECK_CONSUMER) timestamp=2535 ms, used_size=7030784 bytes (17.2%)
(RDMA_READ_CONSUME_CHECK_CONSUMER) timestamp=2535 ms, used_size=7028736 bytes (17.2%)
(RDMA_READ_CONSUME_CHECK_CONSUMER) timestamp=2535 ms, used_size=7026688 bytes (17.2%)
(RDMA_READ_CONSUME_CHECK_CONSUMER) timestamp=2535 ms, used_size=7024640 bytes (17.1%)
(RDMA_READ_CONSUME_CHECK_CONSUMER) timestamp=2535 ms, used_size=7022592 bytes (17.1%)
(RDMA_READ_CONSUME_CHECK_CONSUMER) timestamp=2535 ms, used_size=7020544 bytes (17.1%)
(RDMA_READ_CONSUME_CHECK_CONSUMER) timestamp=2535 ms, used_size=7018496 bytes (17.1%)
(RDMA_READ_CONSUME_CHECK_CONSUMER) timestamp=2535 ms, used_size=7016448 bytes (17.1%)
(RDMA_READ_CONSUME_CHECK_CONSUMER) timestamp=2535 ms, used_size=7014400 bytes (17.1%)
(RDMA_READ_CONSUME_CHECK_CONSUMER) timestamp=2535 ms, used_size=7012352 bytes (17.1%)
(RDMA_READ_CONSUME_CHECK_CONSUMER) timestamp=2535 ms, used_size=7010304 bytes (17.1%)
(RDMA_READ_CONSUME_CHECK_CONSUMER) timestamp=2535 ms, used_size=7008256 bytes (17.1%)
(RDMA_READ_CONSUME_CHECK_CONSUMER) timestamp=2535 ms, used_size=7006208 bytes (17.1%)
(RDMA_READ_CONSUME_CHECK_CONSUMER) timestamp=2535 ms, used_size=7004160 bytes (17.1%)
(RDMA_READ_CONSUME_CHECK_CONSUMER) timestamp=2535 ms, used_size=7002112 bytes (17.1%)
(RDMA_READ_CONSUME_CHECK_CONSUMER) timestamp=2535 ms, used_size=7000064 bytes (17.1%)
(RDMA_READ_CONSUME_CHECK_CONSUMER) timestamp=2535 ms, used_size=6998016 bytes (17.1%)
(RDMA_READ_CONSUME_CHECK_CONSUMER) timestamp=2535 ms, used_size=6995968 bytes (17.1%)
(RDMA_READ_CONSUME_CHECK_CONSUMER) timestamp=2535 ms, used_size=6993920 bytes (17.1%)
(RDMA_READ_CONSUME_CHECK_CONSUMER) timestamp=2535 ms, used_size=6991872 bytes (17.1%)
(RDMA_READ_CONSUME_CHECK_CONSUMER) timestamp=2535 ms, used_size=6989824 bytes (17.1%)
(RDMA_READ_CONSUME_CHECK_CONSUMER) timestamp=2535 ms, used_size=6987776 bytes (17.1%)
(RDMA_READ_CONSUME_CHECK_CONSUMER) timestamp=2535 ms, used_size=6985728 bytes (17.1%)
(RDMA_READ_CONSUME_CHECK_CONSUMER) timestamp=2535 ms, used_size=6983680 bytes (17.1%)
(RDMA_READ_CONSUME_CHECK_CONSUMER) timestamp=2535 ms, used_size=6981632 bytes (17.0%)
(RDMA_READ_CONSUME_CHECK_CONSUMER) timestamp=2535 ms, used_size=6979584 bytes (17.0%)
(RDMA_READ_CONSUME_CHECK_CONSUMER) timestamp=2535 ms, used_size=6977536 bytes (17.0%)
(RDMA_READ_CONSUME_CHECK_CONSUMER) timestamp=2535 ms, used_size=6975488 bytes (17.0%)
(RDMA_READ_CONSUME_CHECK_CONSUMER) timestamp=2535 ms, used_size=6973440 bytes (17.0%)
(RDMA_READ_CONSUME_CHECK_CONSUMER) timestamp=2535 ms, used_size=6971392 bytes (17.0%)
(RDMA_READ_CONSUME_CHECK_CONSUMER) timestamp=2535 ms, used_size=6969344 bytes (17.0%)
(RDMA_READ_CONSUME_CHECK_CONSUMER) timestamp=2535 ms, used_size=6967296 bytes (17.0%)
(RDMA_READ_CONSUME_CHECK_CONSUMER) timestamp=2535 ms, used_size=6965248 bytes (17.0%)
(RDMA_READ_CONSUME_CHECK_CONSUMER) timestamp=2535 ms, used_size=6963200 bytes (17.0%)
(RDMA_READ_CONSUME_CHECK_CONSUMER) timestamp=2535 ms, used_size=6961152 bytes (17.0%)
(RDMA_READ_CONSUME_CHECK_CONSUMER) timestamp=2535 ms, used_size=6959104 bytes (17.0%)
(RDMA_READ_CONSUME_CHECK_CONSUMER) timestamp=2535 ms, used_size=6957056 bytes (17.0%)
(RDMA_READ_CONSUME_CHECK_CONSUMER) timestamp=2535 ms, used_size=6955008 bytes (17.0%)
(RDMA_READ_CONSUME_CHECK_CONSUMER) timestamp=2535 ms, used_size=6952960 bytes (17.0%)
(RDMA_READ_CONSUME_CHECK_CONSUMER) timestamp=2535 ms, used_size=6950912 bytes (17.0%)
(RDMA_READ_CONSUME_CHECK_CONSUMER) timestamp=2535 ms, used_size=6948864 bytes (17.0%)
(RDMA_READ_CONSUME_CHECK_CONSUMER) timestamp=2535 ms, used_size=6946816 bytes (17.0%)
(RDMA_READ_CONSUME_CHECK_CONSUMER) timestamp=2535 ms, used_size=6944768 bytes (17.0%)
(RDMA_READ_CONSUME_CHECK_CONSUMER) timestamp=2535 ms, used_size=6942720 bytes (16.9%)
(RDMA_READ_CONSUME_CHECK_CONSUMER) timestamp=2535 ms, used_size=6940672 bytes (16.9%)
(RDMA_READ_CONSUME_CHECK_CONSUMER) timestamp=2535 ms, used_size=6938624 bytes (16.9%)
(RDMA_READ_CONSUME_CHECK_CONSUMER) timestamp=2535 ms, used_size=6936576 bytes (16.9%)
(RDMA_READ_CONSUME_CHECK_CONSUMER) timestamp=2535 ms, used_size=6934528 bytes (16.9%)
(RDMA_READ_CONSUME_CHECK_CONSUMER) timestamp=2535 ms, used_size=6932480 bytes (16.9%)
(RDMA_READ_CONSUME_CHECK_CONSUMER) timestamp=2535 ms, used_size=6930432 bytes (16.9%)
(RDMA_READ_CONSUME_CHECK_CONSUMER) timestamp=2535 ms, used_size=6928384 bytes (16.9%)
(RDMA_READ_CONSUME_CHECK_CONSUMER) timestamp=2535 ms, used_size=6926336 bytes (16.9%)
(RDMA_READ_CONSUME_CHECK_CONSUMER) timestamp=2535 ms, used_size=6924288 bytes (16.9%)
(RDMA_READ_CONSUME_CHECK_CONSUMER) timestamp=2535 ms, used_size=6922240 bytes (16.9%)
(RDMA_READ_CONSUME_CHECK_CONSUMER) timestamp=2535 ms, used_size=6920192 bytes (16.9%)
(RDMA_READ_CONSUME_CHECK_CONSUMER) timestamp=2535 ms, used_size=6918144 bytes (16.9%)
(RDMA_READ_CONSUME_CHECK_CONSUMER) timestamp=2535 ms, used_size=6916096 bytes (16.9%)
(RDMA_READ_CONSUME_CHECK_CONSUMER) timestamp=2535 ms, used_size=6914048 bytes (16.9%)
(RDMA_READ_CONSUME_CHECK_CONSUMER) timestamp=2535 ms, used_size=6912000 bytes (16.9%)
(RDMA_READ_CONSUME_CHECK_CONSUMER) timestamp=2535 ms, used_size=6909952 bytes (16.9%)
(RDMA_READ_CONSUME_CHECK_CONSUMER) timestamp=2535 ms, used_size=6907904 bytes (16.9%)
(RDMA_READ_CONSUME_CHECK_CONSUMER) timestamp=2535 ms, used_size=6905856 bytes (16.9%)
(RDMA_READ_CONSUME_CHECK_CONSUMER) timestamp=2535 ms, used_size=6903808 bytes (16.9%)
(RDMA_READ_CONSUME_CHECK_CONSUMER) timestamp=2535 ms, used_size=6901760 bytes (16.9%)
(RDMA_READ_CONSUME_CHECK_CONSUMER) timestamp=2535 ms, used_size=6899712 bytes (16.8%)
(RDMA_READ_CONSUME_CHECK_CONSUMER) timestamp=2535 ms, used_size=6897664 bytes (16.8%)
(RDMA_READ_CONSUME_CHECK_CONSUMER) timestamp=2535 ms, used_size=6895616 bytes (16.8%)
(RDMA_READ_CONSUME_CHECK_CONSUMER) timestamp=2535 ms, used_size=6893568 bytes (16.8%)
(RDMA_READ_CONSUME_CHECK_CONSUMER) timestamp=2535 ms, used_size=6891520 bytes (16.8%)
(RDMA_READ_CONSUME_CHECK_CONSUMER) timestamp=2535 ms, used_size=6889472 bytes (16.8%)
(RDMA_READ_CONSUME_CHECK_CONSUMER) timestamp=2535 ms, used_size=6887424 bytes (16.8%)
(RDMA_READ_CONSUME_CHECK_CONSUMER) timestamp=2535 ms, used_size=6885376 bytes (16.8%)
(RDMA_READ_CONSUME_CHECK_CONSUMER) timestamp=2535 ms, used_size=6883328 bytes (16.8%)
(RDMA_READ_CONSUME_CHECK_CONSUMER) timestamp=2535 ms, used_size=6881280 bytes (16.8%)
(RDMA_READ_CONSUME_CHECK_CONSUMER) timestamp=2535 ms, used_size=6879232 bytes (16.8%)
(RDMA_READ_CONSUME_CHECK_CONSUMER) timestamp=2535 ms, used_size=6877184 bytes (16.8%)
(RDMA_READ_CONSUME_CHECK_CONSUMER) timestamp=2535 ms, used_size=6875136 bytes (16.8%)
(RDMA_READ_CONSUME_CHECK_CONSUMER) timestamp=2535 ms, used_size=6873088 bytes (16.8%)
(RDMA_READ_CONSUME_CHECK_CONSUMER) timestamp=2535 ms, used_size=6871040 bytes (16.8%)
(RDMA_READ_CONSUME_CHECK_CONSUMER) timestamp=2535 ms, used_size=6868992 bytes (16.8%)
(RDMA_READ_CONSUME_CHECK_CONSUMER) timestamp=2535 ms, used_size=6866944 bytes (16.8%)
(RDMA_READ_CONSUME_CHECK_CONSUMER) timestamp=2535 ms, used_size=6864896 bytes (16.8%)
(RDMA_READ_CONSUME_CHECK_CONSUMER) timestamp=2535 ms, used_size=6862848 bytes (16.8%)
(RDMA_READ_CONSUME_CHECK_CONSUMER) timestamp=2535 ms, used_size=6860800 bytes (16.8%)
(RDMA_READ_CONSUME_CHECK_CONSUMER) timestamp=2535 ms, used_size=6858752 bytes (16.7%)
(RDMA_READ_CONSUME_CHECK_CONSUMER) timestamp=2535 ms, used_size=6856704 bytes (16.7%)
(RDMA_READ_CONSUME_CHECK_CONSUMER) timestamp=2535 ms, used_size=6854656 bytes (16.7%)
(RDMA_READ_CONSUME_CHECK_CONSUMER) timestamp=2535 ms, used_size=6852608 bytes (16.7%)
(RDMA_READ_CONSUME_CHECK_CONSUMER) timestamp=2535 ms, used_size=6850560 bytes (16.7%)
(RDMA_READ_CONSUME_CHECK_CONSUMER) timestamp=2535 ms, used_size=6848512 bytes (16.7%)
(RDMA_READ_CONSUME_CHECK_CONSUMER) timestamp=2535 ms, used_size=6846464 bytes (16.7%)
(RDMA_READ_CONSUME_CHECK_CONSUMER) timestamp=2535 ms, used_size=6844416 bytes (16.7%)
(RDMA_READ_CONSUME_CHECK_CONSUMER) timestamp=2535 ms, used_size=6842368 bytes (16.7%)
(RDMA_READ_CONSUME_CHECK_CONSUMER) timestamp=2535 ms, used_size=6840320 bytes (16.7%)
(RDMA_READ_CONSUME_CHECK_CONSUMER) timestamp=2535 ms, used_size=6838272 bytes (16.7%)
(RDMA_READ_CONSUME_CHECK_CONSUMER) timestamp=2535 ms, used_size=6836224 bytes (16.7%)
(RDMA_READ_CONSUME_CHECK_CONSUMER) timestamp=2535 ms, used_size=6834176 bytes (16.7%)
(RDMA_READ_CONSUME_CHECK_CONSUMER) timestamp=2535 ms, used_size=6832128 bytes (16.7%)
(RDMA_READ_CONSUME_CHECK_CONSUMER) timestamp=2535 ms, used_size=6830080 bytes (16.7%)
(RDMA_READ_CONSUME_CHECK_CONSUMER) timestamp=2535 ms, used_size=6828032 bytes (16.7%)
(RDMA_READ_CONSUME_CHECK_CONSUMER) timestamp=2535 ms, used_size=6825984 bytes (16.7%)
(RDMA_READ_CONSUME_CHECK_CONSUMER) timestamp=2535 ms, used_size=6823936 bytes (16.7%)
(RDMA_READ_CONSUME_CHECK_CONSUMER) timestamp=2535 ms, used_size=6821888 bytes (16.7%)
(RDMA_READ_CONSUME_CHECK_CONSUMER) timestamp=2535 ms, used_size=6819840 bytes (16.6%)
(RDMA_READ_CONSUME_CHECK_CONSUMER) timestamp=2535 ms, used_size=6817792 bytes (16.6%)
(RDMA_READ_CONSUME_CHECK_CONSUMER) timestamp=2535 ms, used_size=6815744 bytes (16.6%)
(RDMA_READ_CONSUME_CHECK_CONSUMER) timestamp=2535 ms, used_size=6813696 bytes (16.6%)
(RDMA_READ_CONSUME_CHECK_CONSUMER) timestamp=2535 ms, used_size=6811648 bytes (16.6%)
(RDMA_READ_CONSUME_CHECK_CONSUMER) timestamp=2535 ms, used_size=6809600 bytes (16.6%)
(RDMA_READ_CONSUME_CHECK_CONSUMER) timestamp=2535 ms, used_size=6807552 bytes (16.6%)
(RDMA_READ_CONSUME_CHECK_CONSUMER) timestamp=2535 ms, used_size=6805504 bytes (16.6%)
(RDMA_READ_CONSUME_CHECK_CONSUMER) timestamp=2535 ms, used_size=6803456 bytes (16.6%)
(RDMA_READ_CONSUME_CHECK_CONSUMER) timestamp=2535 ms, used_size=6801408 bytes (16.6%)
(RDMA_READ_CONSUME_CHECK_CONSUMER) timestamp=2535 ms, used_size=6799360 bytes (16.6%)
(RDMA_READ_CONSUME_CHECK_CONSUMER) timestamp=2535 ms, used_size=6797312 bytes (16.6%)
(RDMA_READ_CONSUME_CHECK_CONSUMER) timestamp=2535 ms, used_size=6795264 bytes (16.6%)
(RDMA_READ_CONSUME_CHECK_CONSUMER) timestamp=2535 ms, used_size=6793216 bytes (16.6%)
(RDMA_READ_CONSUME_CHECK_CONSUMER) timestamp=2535 ms, used_size=6791168 bytes (16.6%)
(RDMA_READ_CONSUME_CHECK_CONSUMER) timestamp=2535 ms, used_size=6789120 bytes (16.6%)
(RDMA_READ_CONSUME_CHECK_CONSUMER) timestamp=2536 ms, used_size=6787072 bytes (16.6%)
(RDMA_READ_CONSUME_CHECK_CONSUMER) timestamp=2536 ms, used_size=6785024 bytes (16.6%)
(RDMA_READ_CONSUME_CHECK_CONSUMER) timestamp=2536 ms, used_size=6782976 bytes (16.6%)
(RDMA_READ_CONSUME_CHECK_CONSUMER) timestamp=2536 ms, used_size=6780928 bytes (16.6%)
(RDMA_READ_CONSUME_CHECK_CONSUMER) timestamp=2536 ms, used_size=6778880 bytes (16.6%)
(RDMA_READ_CONSUME_CHECK_CONSUMER) timestamp=2536 ms, used_size=6776832 bytes (16.5%)
(RDMA_READ_CONSUME_CHECK_CONSUMER) timestamp=2536 ms, used_size=6774784 bytes (16.5%)
(RDMA_READ_CONSUME_CHECK_CONSUMER) timestamp=2536 ms, used_size=6772736 bytes (16.5%)
(RDMA_READ_CONSUME_CHECK_CONSUMER) timestamp=2536 ms, used_size=6770688 bytes (16.5%)
(RDMA_READ_CONSUME_CHECK_CONSUMER) timestamp=2536 ms, used_size=6768640 bytes (16.5%)
(RDMA_READ_CONSUME_CHECK_CONSUMER) timestamp=2536 ms, used_size=6766592 bytes (16.5%)
(RDMA_READ_CONSUME_CHECK_CONSUMER) timestamp=2536 ms, used_size=6764544 bytes (16.5%)
(RDMA_READ_CONSUME_CHECK_CONSUMER) timestamp=2536 ms, used_size=6762496 bytes (16.5%)
(RDMA_READ_CONSUME_CHECK_CONSUMER) timestamp=2536 ms, used_size=6760448 bytes (16.5%)
(RDMA_READ_CONSUME_CHECK_CONSUMER) timestamp=2536 ms, used_size=6758400 bytes (16.5%)
(RDMA_READ_CONSUME_CHECK_CONSUMER) timestamp=2536 ms, used_size=6756352 bytes (16.5%)
(RDMA_READ_CONSUME_CHECK_CONSUMER) timestamp=2536 ms, used_size=6754304 bytes (16.5%)
(RDMA_READ_CONSUME_CHECK_CONSUMER) timestamp=2536 ms, used_size=6752256 bytes (16.5%)
(RDMA_READ_CONSUME_CHECK_CONSUMER) timestamp=2536 ms, used_size=6750208 bytes (16.5%)
(RDMA_READ_CONSUME_CHECK_CONSUMER) timestamp=2536 ms, used_size=6748160 bytes (16.5%)
(RDMA_READ_CONSUME_CHECK_CONSUMER) timestamp=2536 ms, used_size=6746112 bytes (16.5%)
(RDMA_READ_CONSUME_CHECK_CONSUMER) timestamp=2536 ms, used_size=6744064 bytes (16.5%)
(RDMA_READ_CONSUME_CHECK_CONSUMER) timestamp=2536 ms, used_size=6742016 bytes (16.5%)
(RDMA_READ_CONSUME_CHECK_CONSUMER) timestamp=2536 ms, used_size=6739968 bytes (16.5%)
(RDMA_READ_CONSUME_CHECK_CONSUMER) timestamp=2536 ms, used_size=6737920 bytes (16.4%)
(RDMA_READ_CONSUME_CHECK_CONSUMER) timestamp=2536 ms, used_size=6735872 bytes (16.4%)
(RDMA_READ_CONSUME_CHECK_CONSUMER) timestamp=2536 ms, used_size=6733824 bytes (16.4%)
(RDMA_READ_CONSUME_CHECK_CONSUMER) timestamp=2536 ms, used_size=6731776 bytes (16.4%)
(RDMA_READ_CONSUME_CHECK_CONSUMER) timestamp=2536 ms, used_size=6729728 bytes (16.4%)
(RDMA_READ_CONSUME_CHECK_CONSUMER) timestamp=2536 ms, used_size=6727680 bytes (16.4%)
(RDMA_READ_CONSUME_CHECK_CONSUMER) timestamp=2536 ms, used_size=6725632 bytes (16.4%)
(RDMA_READ_CONSUME_CHECK_CONSUMER) timestamp=2536 ms, used_size=6723584 bytes (16.4%)
(RDMA_READ_CONSUME_CHECK_CONSUMER) timestamp=2536 ms, used_size=6721536 bytes (16.4%)
(RDMA_READ_CONSUME_CHECK_CONSUMER) timestamp=2536 ms, used_size=6719488 bytes (16.4%)
(RDMA_READ_CONSUME_CHECK_CONSUMER) timestamp=2536 ms, used_size=6717440 bytes (16.4%)
(RDMA_READ_CONSUME_CHECK_CONSUMER) timestamp=2536 ms, used_size=6715392 bytes (16.4%)
(RDMA_READ_CONSUME_CHECK_CONSUMER) timestamp=2536 ms, used_size=6713344 bytes (16.4%)
(RDMA_READ_CONSUME_CHECK_CONSUMER) timestamp=2536 ms, used_size=6711296 bytes (16.4%)
(RDMA_READ_CONSUME_CHECK_CONSUMER) timestamp=2536 ms, used_size=6709248 bytes (16.4%)
(RDMA_READ_CONSUME_CHECK_CONSUMER) timestamp=2536 ms, used_size=6707200 bytes (16.4%)
(RDMA_READ_CONSUME_CHECK_CONSUMER) timestamp=2536 ms, used_size=6705152 bytes (16.4%)
(RDMA_READ_CONSUME_CHECK_CONSUMER) timestamp=2536 ms, used_size=6703104 bytes (16.4%)
(RDMA_READ_CONSUME_CHECK_CONSUMER) timestamp=2536 ms, used_size=6701056 bytes (16.4%)
(RDMA_READ_CONSUME_CHECK_CONSUMER) timestamp=2536 ms, used_size=6699008 bytes (16.4%)
(RDMA_READ_CONSUME_CHECK_CONSUMER) timestamp=2536 ms, used_size=6696960 bytes (16.4%)
(RDMA_READ_CONSUME_CHECK_CONSUMER) timestamp=2536 ms, used_size=6694912 bytes (16.3%)
(RDMA_READ_CONSUME_CHECK_CONSUMER) timestamp=2536 ms, used_size=6692864 bytes (16.3%)
(RDMA_READ_CONSUME_CHECK_CONSUMER) timestamp=2536 ms, used_size=6690816 bytes (16.3%)
(RDMA_READ_CONSUME_CHECK_CONSUMER) timestamp=2536 ms, used_size=6688768 bytes (16.3%)
(RDMA_READ_CONSUME_CHECK_CONSUMER) timestamp=2536 ms, used_size=6686720 bytes (16.3%)
(RDMA_READ_CONSUME_CHECK_CONSUMER) timestamp=2536 ms, used_size=6684672 bytes (16.3%)
(RDMA_READ_CONSUME_CHECK_CONSUMER) timestamp=2536 ms, used_size=6682624 bytes (16.3%)
(RDMA_READ_CONSUME_CHECK_CONSUMER) timestamp=2536 ms, used_size=6680576 bytes (16.3%)
(RDMA_READ_CONSUME_CHECK_CONSUMER) timestamp=2536 ms, used_size=6678528 bytes (16.3%)
(RDMA_READ_CONSUME_CHECK_CONSUMER) timestamp=2536 ms, used_size=6676480 bytes (16.3%)
(RDMA_READ_CONSUME_CHECK_CONSUMER) timestamp=2536 ms, used_size=6674432 bytes (16.3%)
(RDMA_READ_CONSUME_CHECK_CONSUMER) timestamp=2536 ms, used_size=6672384 bytes (16.3%)
(RDMA_READ_CONSUME_CHECK_CONSUMER) timestamp=2536 ms, used_size=6670336 bytes (16.3%)
(RDMA_READ_CONSUME_CHECK_CONSUMER) timestamp=2536 ms, used_size=6668288 bytes (16.3%)
(RDMA_READ_CONSUME_CHECK_CONSUMER) timestamp=2536 ms, used_size=6666240 bytes (16.3%)
(RDMA_READ_CONSUME_CHECK_CONSUMER) timestamp=2536 ms, used_size=6664192 bytes (16.3%)
(RDMA_READ_CONSUME_CHECK_CONSUMER) timestamp=2536 ms, used_size=6662144 bytes (16.3%)
(RDMA_READ_CONSUME_CHECK_CONSUMER) timestamp=2536 ms, used_size=6660096 bytes (16.3%)
(RDMA_READ_CONSUME_CHECK_CONSUMER) timestamp=2536 ms, used_size=6658048 bytes (16.3%)
(RDMA_READ_CONSUME_CHECK_CONSUMER) timestamp=2536 ms, used_size=6656000 bytes (16.2%)
(RDMA_READ_CONSUME_CHECK_CONSUMER) timestamp=2536 ms, used_size=6653952 bytes (16.2%)
(RDMA_READ_CONSUME_CHECK_CONSUMER) timestamp=2536 ms, used_size=6651904 bytes (16.2%)
(RDMA_READ_CONSUME_CHECK_CONSUMER) timestamp=2536 ms, used_size=6649856 bytes (16.2%)
(RDMA_READ_CONSUME_CHECK_CONSUMER) timestamp=2536 ms, used_size=6647808 bytes (16.2%)
(RDMA_READ_CONSUME_CHECK_CONSUMER) timestamp=2536 ms, used_size=6645760 bytes (16.2%)
(RDMA_READ_CONSUME_CHECK_CONSUMER) timestamp=2536 ms, used_size=6643712 bytes (16.2%)
(RDMA_READ_CONSUME_CHECK_CONSUMER) timestamp=2536 ms, used_size=6641664 bytes (16.2%)
(RDMA_READ_CONSUME_CHECK_CONSUMER) timestamp=2536 ms, used_size=6639616 bytes (16.2%)
(RDMA_READ_CONSUME_CHECK_CONSUMER) timestamp=2536 ms, used_size=6637568 bytes (16.2%)
(RDMA_READ_CONSUME_CHECK_CONSUMER) timestamp=2536 ms, used_size=6635520 bytes (16.2%)
(RDMA_READ_CONSUME_CHECK_CONSUMER) timestamp=2536 ms, used_size=6633472 bytes (16.2%)
(RDMA_READ_CONSUME_CHECK_CONSUMER) timestamp=2536 ms, used_size=6631424 bytes (16.2%)
(RDMA_READ_CONSUME_CHECK_CONSUMER) timestamp=2536 ms, used_size=6629376 bytes (16.2%)
(RDMA_READ_CONSUME_CHECK_CONSUMER) timestamp=2536 ms, used_size=6627328 bytes (16.2%)
(RDMA_READ_CONSUME_CHECK_CONSUMER) timestamp=2536 ms, used_size=6625280 bytes (16.2%)
(RDMA_READ_CONSUME_CHECK_CONSUMER) timestamp=2536 ms, used_size=6623232 bytes (16.2%)
(RDMA_READ_CONSUME_CHECK_CONSUMER) timestamp=2536 ms, used_size=6621184 bytes (16.2%)
(RDMA_READ_CONSUME_CHECK_CONSUMER) timestamp=2536 ms, used_size=6619136 bytes (16.2%)
(RDMA_READ_CONSUME_CHECK_CONSUMER) timestamp=2536 ms, used_size=6617088 bytes (16.2%)
(RDMA_READ_CONSUME_CHECK_CONSUMER) timestamp=2536 ms, used_size=6615040 bytes (16.1%)
(RDMA_READ_CONSUME_CHECK_CONSUMER) timestamp=2536 ms, used_size=6612992 bytes (16.1%)
(RDMA_READ_CONSUME_CHECK_CONSUMER) timestamp=2536 ms, used_size=6610944 bytes (16.1%)
(RDMA_READ_CONSUME_CHECK_CONSUMER) timestamp=2536 ms, used_size=6608896 bytes (16.1%)
(RDMA_READ_CONSUME_CHECK_CONSUMER) timestamp=2536 ms, used_size=6606848 bytes (16.1%)
(RDMA_READ_CONSUME_CHECK_CONSUMER) timestamp=2536 ms, used_size=6604800 bytes (16.1%)
(RDMA_READ_CONSUME_CHECK_CONSUMER) timestamp=2536 ms, used_size=6602752 bytes (16.1%)
(RDMA_READ_CONSUME_CHECK_CONSUMER) timestamp=2536 ms, used_size=6600704 bytes (16.1%)
(RDMA_READ_CONSUME_CHECK_CONSUMER) timestamp=2536 ms, used_size=6598656 bytes (16.1%)
(RDMA_READ_CONSUME_CHECK_CONSUMER) timestamp=2536 ms, used_size=6596608 bytes (16.1%)
(RDMA_READ_CONSUME_CHECK_CONSUMER) timestamp=2536 ms, used_size=6594560 bytes (16.1%)
(RDMA_READ_CONSUME_CHECK_CONSUMER) timestamp=2536 ms, used_size=6592512 bytes (16.1%)
(RDMA_READ_CONSUME_CHECK_CONSUMER) timestamp=2536 ms, used_size=6590464 bytes (16.1%)
(RDMA_READ_CONSUME_CHECK_CONSUMER) timestamp=2536 ms, used_size=6588416 bytes (16.1%)
(RDMA_READ_CONSUME_CHECK_CONSUMER) timestamp=2536 ms, used_size=6586368 bytes (16.1%)
(RDMA_READ_CONSUME_CHECK_CONSUMER) timestamp=2536 ms, used_size=6584320 bytes (16.1%)
(RDMA_READ_CONSUME_CHECK_CONSUMER) timestamp=2536 ms, used_size=6582272 bytes (16.1%)
(RDMA_READ_CONSUME_CHECK_CONSUMER) timestamp=2536 ms, used_size=6580224 bytes (16.1%)
(RDMA_READ_CONSUME_CHECK_CONSUMER) timestamp=2536 ms, used_size=6578176 bytes (16.1%)
(RDMA_READ_CONSUME_CHECK_CONSUMER) timestamp=2536 ms, used_size=6576128 bytes (16.1%)
(RDMA_READ_CONSUME_CHECK_CONSUMER) timestamp=2536 ms, used_size=6574080 bytes (16.1%)
(RDMA_READ_CONSUME_CHECK_CONSUMER) timestamp=2536 ms, used_size=6572032 bytes (16.0%)
(RDMA_READ_CONSUME_CHECK_CONSUMER) timestamp=2536 ms, used_size=6569984 bytes (16.0%)
(RDMA_READ_CONSUME_CHECK_CONSUMER) timestamp=2536 ms, used_size=6567936 bytes (16.0%)
(RDMA_READ_CONSUME_CHECK_CONSUMER) timestamp=2536 ms, used_size=6565888 bytes (16.0%)
(RDMA_READ_CONSUME_CHECK_CONSUMER) timestamp=2536 ms, used_size=6563840 bytes (16.0%)
(RDMA_READ_CONSUME_CHECK_CONSUMER) timestamp=2536 ms, used_size=6561792 bytes (16.0%)
(RDMA_READ_CONSUME_CHECK_CONSUMER) timestamp=2536 ms, used_size=6559744 bytes (16.0%)
(RDMA_READ_CONSUME_CHECK_CONSUMER) timestamp=2536 ms, used_size=6557696 bytes (16.0%)
(RDMA_READ_CONSUME_CHECK_CONSUMER) timestamp=2536 ms, used_size=6555648 bytes (16.0%)
(RDMA_READ_CONSUME_CHECK_CONSUMER) timestamp=2536 ms, used_size=6553600 bytes (16.0%)
(RDMA_READ_CONSUME_CHECK_CONSUMER) timestamp=2536 ms, used_size=6551552 bytes (16.0%)
(RDMA_READ_CONSUME_CHECK_CONSUMER) timestamp=2536 ms, used_size=6549504 bytes (16.0%)
(RDMA_READ_CONSUME_CHECK_CONSUMER) timestamp=2536 ms, used_size=6547456 bytes (16.0%)
(RDMA_READ_CONSUME_CHECK_CONSUMER) timestamp=2536 ms, used_size=6545408 bytes (16.0%)
(RDMA_READ_CONSUME_CHECK_CONSUMER) timestamp=2536 ms, used_size=6543360 bytes (16.0%)
(RDMA_READ_CONSUME_CHECK_CONSUMER) timestamp=2536 ms, used_size=6541312 bytes (16.0%)
(RDMA_READ_CONSUME_CHECK_CONSUMER) timestamp=2536 ms, used_size=6539264 bytes (16.0%)
(RDMA_READ_CONSUME_CHECK_CONSUMER) timestamp=2536 ms, used_size=6537216 bytes (16.0%)
(RDMA_READ_CONSUME_CHECK_CONSUMER) timestamp=2536 ms, used_size=6535168 bytes (16.0%)
(RDMA_READ_CONSUME_CHECK_CONSUMER) timestamp=2536 ms, used_size=6533120 bytes (15.9%)
(RDMA_READ_CONSUME_CHECK_CONSUMER) timestamp=2536 ms, used_size=6531072 bytes (15.9%)
(RDMA_READ_CONSUME_CHECK_CONSUMER) timestamp=2536 ms, used_size=6529024 bytes (15.9%)
(RDMA_READ_CONSUME_CHECK_CONSUMER) timestamp=2536 ms, used_size=6526976 bytes (15.9%)
(RDMA_READ_CONSUME_CHECK_CONSUMER) timestamp=2536 ms, used_size=6524928 bytes (15.9%)
(RDMA_READ_CONSUME_CHECK_CONSUMER) timestamp=2536 ms, used_size=6522880 bytes (15.9%)
(RDMA_READ_CONSUME_CHECK_CONSUMER) timestamp=2536 ms, used_size=6520832 bytes (15.9%)
(RDMA_READ_CONSUME_CHECK_CONSUMER) timestamp=2536 ms, used_size=6518784 bytes (15.9%)
(RDMA_READ_CONSUME_CHECK_CONSUMER) timestamp=2536 ms, used_size=6516736 bytes (15.9%)
(RDMA_READ_CONSUME_CHECK_CONSUMER) timestamp=2536 ms, used_size=6514688 bytes (15.9%)
(RDMA_READ_CONSUME_CHECK_CONSUMER) timestamp=2536 ms, used_size=6512640 bytes (15.9%)
(RDMA_READ_CONSUME_CHECK_CONSUMER) timestamp=2536 ms, used_size=6510592 bytes (15.9%)
(RDMA_READ_CONSUME_CHECK_CONSUMER) timestamp=2536 ms, used_size=6508544 bytes (15.9%)
(RDMA_READ_CONSUME_CHECK_CONSUMER) timestamp=2536 ms, used_size=6506496 bytes (15.9%)
(RDMA_READ_CONSUME_CHECK_CONSUMER) timestamp=2536 ms, used_size=6504448 bytes (15.9%)
(RDMA_READ_CONSUME_CHECK_CONSUMER) timestamp=2536 ms, used_size=6502400 bytes (15.9%)
(RDMA_READ_CONSUME_CHECK_CONSUMER) timestamp=2536 ms, used_size=6500352 bytes (15.9%)
(RDMA_READ_CONSUME_CHECK_CONSUMER) timestamp=2536 ms, used_size=6498304 bytes (15.9%)
(RDMA_READ_CONSUME_CHECK_CONSUMER) timestamp=2536 ms, used_size=6496256 bytes (15.9%)
(RDMA_READ_CONSUME_CHECK_CONSUMER) timestamp=2536 ms, used_size=6494208 bytes (15.9%)
(RDMA_READ_CONSUME_CHECK_CONSUMER) timestamp=2536 ms, used_size=6492160 bytes (15.8%)
(RDMA_READ_CONSUME_CHECK_CONSUMER) timestamp=2536 ms, used_size=6490112 bytes (15.8%)
(RDMA_READ_CONSUME_CHECK_CONSUMER) timestamp=2536 ms, used_size=6488064 bytes (15.8%)
(RDMA_READ_CONSUME_CHECK_CONSUMER) timestamp=2536 ms, used_size=6486016 bytes (15.8%)
(RDMA_READ_CONSUME_CHECK_CONSUMER) timestamp=2536 ms, used_size=6483968 bytes (15.8%)
(RDMA_READ_CONSUME_CHECK_CONSUMER) timestamp=2536 ms, used_size=6481920 bytes (15.8%)
(RDMA_READ_CONSUME_CHECK_CONSUMER) timestamp=2536 ms, used_size=6479872 bytes (15.8%)
(RDMA_READ_CONSUME_CHECK_CONSUMER) timestamp=2536 ms, used_size=6477824 bytes (15.8%)
(RDMA_READ_CONSUME_CHECK_CONSUMER) timestamp=2536 ms, used_size=6475776 bytes (15.8%)
(RDMA_READ_CONSUME_CHECK_CONSUMER) timestamp=2536 ms, used_size=6473728 bytes (15.8%)
(RDMA_READ_CONSUME_CHECK_CONSUMER) timestamp=2536 ms, used_size=6471680 bytes (15.8%)
(RDMA_READ_CONSUME_CHECK_CONSUMER) timestamp=2536 ms, used_size=6469632 bytes (15.8%)
(RDMA_READ_CONSUME_CHECK_CONSUMER) timestamp=2536 ms, used_size=6467584 bytes (15.8%)
(RDMA_READ_CONSUME_CHECK_CONSUMER) timestamp=2536 ms, used_size=6465536 bytes (15.8%)
(RDMA_READ_CONSUME_CHECK_CONSUMER) timestamp=2536 ms, used_size=6463488 bytes (15.8%)
(RDMA_READ_CONSUME_CHECK_CONSUMER) timestamp=2536 ms, used_size=6461440 bytes (15.8%)
(RDMA_READ_CONSUME_CHECK_CONSUMER) timestamp=2536 ms, used_size=6459392 bytes (15.8%)
(RDMA_READ_CONSUME_CHECK_CONSUMER) timestamp=2536 ms, used_size=6457344 bytes (15.8%)
(RDMA_READ_CONSUME_CHECK_CONSUMER) timestamp=2536 ms, used_size=6455296 bytes (15.8%)
(RDMA_READ_CONSUME_CHECK_CONSUMER) timestamp=2536 ms, used_size=6453248 bytes (15.8%)
(RDMA_READ_CONSUME_CHECK_CONSUMER) timestamp=2536 ms, used_size=6451200 bytes (15.8%)
(RDMA_READ_CONSUME_CHECK_CONSUMER) timestamp=2536 ms, used_size=6449152 bytes (15.7%)
(RDMA_READ_CONSUME_CHECK_CONSUMER) timestamp=2536 ms, used_size=6447104 bytes (15.7%)
(RDMA_READ_CONSUME_CHECK_CONSUMER) timestamp=2536 ms, used_size=6445056 bytes (15.7%)
(RDMA_READ_CONSUME_CHECK_CONSUMER) timestamp=2536 ms, used_size=6443008 bytes (15.7%)
(RDMA_READ_CONSUME_CHECK_CONSUMER) timestamp=2536 ms, used_size=6440960 bytes (15.7%)
(RDMA_READ_CONSUME_CHECK_CONSUMER) timestamp=2536 ms, used_size=6438912 bytes (15.7%)
(RDMA_READ_CONSUME_CHECK_CONSUMER) timestamp=2536 ms, used_size=6436864 bytes (15.7%)
(RDMA_READ_CONSUME_CHECK_CONSUMER) timestamp=2536 ms, used_size=6434816 bytes (15.7%)
(RDMA_READ_CONSUME_CHECK_CONSUMER) timestamp=2536 ms, used_size=6432768 bytes (15.7%)
(RDMA_READ_CONSUME_CHECK_CONSUMER) timestamp=2536 ms, used_size=6430720 bytes (15.7%)
(RDMA_READ_CONSUME_CHECK_CONSUMER) timestamp=2536 ms, used_size=6428672 bytes (15.7%)
(RDMA_READ_CONSUME_CHECK_CONSUMER) timestamp=2537 ms, used_size=6426624 bytes (15.7%)
(RDMA_READ_CONSUME_CHECK_CONSUMER) timestamp=2537 ms, used_size=6424576 bytes (15.7%)
(RDMA_READ_CONSUME_CHECK_CONSUMER) timestamp=2537 ms, used_size=6422528 bytes (15.7%)
(RDMA_READ_CONSUME_CHECK_CONSUMER) timestamp=2537 ms, used_size=6420480 bytes (15.7%)
(RDMA_READ_CONSUME_CHECK_CONSUMER) timestamp=2537 ms, used_size=6418432 bytes (15.7%)
(RDMA_READ_CONSUME_CHECK_CONSUMER) timestamp=2537 ms, used_size=6416384 bytes (15.7%)
(RDMA_READ_CONSUME_CHECK_CONSUMER) timestamp=2537 ms, used_size=6414336 bytes (15.7%)
(RDMA_READ_CONSUME_CHECK_CONSUMER) timestamp=2537 ms, used_size=6412288 bytes (15.7%)
(RDMA_READ_CONSUME_CHECK_CONSUMER) timestamp=2537 ms, used_size=6410240 bytes (15.7%)
(RDMA_READ_CONSUME_CHECK_CONSUMER) timestamp=2537 ms, used_size=6408192 bytes (15.6%)
(RDMA_READ_CONSUME_CHECK_CONSUMER) timestamp=2537 ms, used_size=6406144 bytes (15.6%)
(RDMA_READ_CONSUME_CHECK_CONSUMER) timestamp=2537 ms, used_size=6404096 bytes (15.6%)
(RDMA_READ_CONSUME_CHECK_CONSUMER) timestamp=2537 ms, used_size=6402048 bytes (15.6%)
(RDMA_READ_CONSUME_CHECK_CONSUMER) timestamp=2537 ms, used_size=6400000 bytes (15.6%)
(RDMA_READ_CONSUME_CHECK_CONSUMER) timestamp=2537 ms, used_size=6397952 bytes (15.6%)
(RDMA_READ_CONSUME_CHECK_CONSUMER) timestamp=2537 ms, used_size=6395904 bytes (15.6%)
(RDMA_READ_CONSUME_CHECK_CONSUMER) timestamp=2537 ms, used_size=6393856 bytes (15.6%)
(RDMA_READ_CONSUME_CHECK_CONSUMER) timestamp=2537 ms, used_size=6391808 bytes (15.6%)
(RDMA_READ_CONSUME_CHECK_CONSUMER) timestamp=2537 ms, used_size=6389760 bytes (15.6%)
(RDMA_READ_CONSUME_CHECK_CONSUMER) timestamp=2537 ms, used_size=6387712 bytes (15.6%)
(RDMA_READ_CONSUME_CHECK_CONSUMER) timestamp=2537 ms, used_size=6385664 bytes (15.6%)
(RDMA_READ_CONSUME_CHECK_CONSUMER) timestamp=2537 ms, used_size=6383616 bytes (15.6%)
(RDMA_READ_CONSUME_CHECK_CONSUMER) timestamp=2537 ms, used_size=6381568 bytes (15.6%)
(RDMA_READ_CONSUME_CHECK_CONSUMER) timestamp=2537 ms, used_size=6379520 bytes (15.6%)
(RDMA_READ_CONSUME_CHECK_CONSUMER) timestamp=2537 ms, used_size=6377472 bytes (15.6%)
(RDMA_READ_CONSUME_CHECK_CONSUMER) timestamp=2537 ms, used_size=6375424 bytes (15.6%)
(RDMA_READ_CONSUME_CHECK_CONSUMER) timestamp=2537 ms, used_size=6373376 bytes (15.6%)
(RDMA_READ_CONSUME_CHECK_CONSUMER) timestamp=2537 ms, used_size=6371328 bytes (15.6%)
(RDMA_READ_CONSUME_CHECK_CONSUMER) timestamp=2537 ms, used_size=6369280 bytes (15.6%)
(RDMA_READ_CONSUME_CHECK_CONSUMER) timestamp=2537 ms, used_size=6367232 bytes (15.5%)
(RDMA_READ_CONSUME_CHECK_CONSUMER) timestamp=2537 ms, used_size=6365184 bytes (15.5%)
(RDMA_READ_CONSUME_CHECK_CONSUMER) timestamp=2537 ms, used_size=6363136 bytes (15.5%)
(RDMA_READ_CONSUME_CHECK_CONSUMER) timestamp=2537 ms, used_size=6361088 bytes (15.5%)
(RDMA_READ_CONSUME_CHECK_CONSUMER) timestamp=2537 ms, used_size=6359040 bytes (15.5%)
(RDMA_READ_CONSUME_CHECK_CONSUMER) timestamp=2537 ms, used_size=6356992 bytes (15.5%)
(RDMA_READ_CONSUME_CHECK_CONSUMER) timestamp=2537 ms, used_size=6354944 bytes (15.5%)
(RDMA_READ_CONSUME_CHECK_CONSUMER) timestamp=2537 ms, used_size=6352896 bytes (15.5%)
(RDMA_READ_CONSUME_CHECK_CONSUMER) timestamp=2537 ms, used_size=6350848 bytes (15.5%)
(RDMA_READ_CONSUME_CHECK_CONSUMER) timestamp=2537 ms, used_size=6348800 bytes (15.5%)
(RDMA_READ_CONSUME_CHECK_CONSUMER) timestamp=2537 ms, used_size=6346752 bytes (15.5%)
(RDMA_READ_CONSUME_CHECK_CONSUMER) timestamp=2537 ms, used_size=6344704 bytes (15.5%)
(RDMA_READ_CONSUME_CHECK_CONSUMER) timestamp=2537 ms, used_size=6342656 bytes (15.5%)
(RDMA_READ_CONSUME_CHECK_CONSUMER) timestamp=2537 ms, used_size=6340608 bytes (15.5%)
(RDMA_READ_CONSUME_CHECK_CONSUMER) timestamp=2537 ms, used_size=6338560 bytes (15.5%)
(RDMA_READ_CONSUME_CHECK_CONSUMER) timestamp=2537 ms, used_size=6336512 bytes (15.5%)
(RDMA_READ_CONSUME_CHECK_CONSUMER) timestamp=2537 ms, used_size=6334464 bytes (15.5%)
(RDMA_READ_CONSUME_CHECK_CONSUMER) timestamp=2537 ms, used_size=6332416 bytes (15.5%)
(RDMA_READ_CONSUME_CHECK_CONSUMER) timestamp=2537 ms, used_size=6330368 bytes (15.5%)
(RDMA_READ_CONSUME_CHECK_CONSUMER) timestamp=2537 ms, used_size=6328320 bytes (15.4%)
(RDMA_READ_CONSUME_CHECK_CONSUMER) timestamp=2537 ms, used_size=6326272 bytes (15.4%)
(RDMA_READ_CONSUME_CHECK_CONSUMER) timestamp=2537 ms, used_size=6324224 bytes (15.4%)
(RDMA_READ_CONSUME_CHECK_CONSUMER) timestamp=2537 ms, used_size=6322176 bytes (15.4%)
(RDMA_READ_CONSUME_CHECK_CONSUMER) timestamp=2537 ms, used_size=6320128 bytes (15.4%)
(RDMA_READ_CONSUME_CHECK_CONSUMER) timestamp=2537 ms, used_size=6318080 bytes (15.4%)
(RDMA_READ_CONSUME_CHECK_CONSUMER) timestamp=2537 ms, used_size=6316032 bytes (15.4%)
(RDMA_READ_CONSUME_CHECK_CONSUMER) timestamp=2537 ms, used_size=6313984 bytes (15.4%)
(RDMA_READ_CONSUME_CHECK_CONSUMER) timestamp=2537 ms, used_size=6311936 bytes (15.4%)
(RDMA_READ_CONSUME_CHECK_CONSUMER) timestamp=2537 ms, used_size=6309888 bytes (15.4%)
(RDMA_READ_CONSUME_CHECK_CONSUMER) timestamp=2537 ms, used_size=6307840 bytes (15.4%)
(RDMA_READ_CONSUME_CHECK_CONSUMER) timestamp=2537 ms, used_size=6305792 bytes (15.4%)
(RDMA_READ_CONSUME_CHECK_CONSUMER) timestamp=2537 ms, used_size=6303744 bytes (15.4%)
(RDMA_READ_CONSUME_CHECK_CONSUMER) timestamp=2537 ms, used_size=6301696 bytes (15.4%)
(RDMA_READ_CONSUME_CHECK_CONSUMER) timestamp=2537 ms, used_size=6299648 bytes (15.4%)
(RDMA_READ_CONSUME_CHECK_CONSUMER) timestamp=2537 ms, used_size=6297600 bytes (15.4%)
(RDMA_READ_CONSUME_CHECK_CONSUMER) timestamp=2537 ms, used_size=6295552 bytes (15.4%)
(RDMA_READ_CONSUME_CHECK_CONSUMER) timestamp=2537 ms, used_size=6293504 bytes (15.4%)
(RDMA_READ_CONSUME_CHECK_CONSUMER) timestamp=2537 ms, used_size=6291456 bytes (15.4%)
(RDMA_READ_CONSUME_CHECK_CONSUMER) timestamp=2537 ms, used_size=6289408 bytes (15.4%)
(RDMA_READ_CONSUME_CHECK_CONSUMER) timestamp=2537 ms, used_size=6287360 bytes (15.3%)
(RDMA_READ_CONSUME_CHECK_CONSUMER) timestamp=2537 ms, used_size=6285312 bytes (15.3%)
(RDMA_READ_CONSUME_CHECK_CONSUMER) timestamp=2537 ms, used_size=6283264 bytes (15.3%)
(RDMA_READ_CONSUME_CHECK_CONSUMER) timestamp=2537 ms, used_size=6281216 bytes (15.3%)
(RDMA_READ_CONSUME_CHECK_CONSUMER) timestamp=2537 ms, used_size=6279168 bytes (15.3%)
(RDMA_READ_CONSUME_CHECK_CONSUMER) timestamp=2537 ms, used_size=6277120 bytes (15.3%)
(RDMA_READ_CONSUME_CHECK_CONSUMER) timestamp=2537 ms, used_size=6275072 bytes (15.3%)
(RDMA_READ_CONSUME_CHECK_CONSUMER) timestamp=2537 ms, used_size=6273024 bytes (15.3%)
(RDMA_READ_CONSUME_CHECK_CONSUMER) timestamp=2537 ms, used_size=6270976 bytes (15.3%)
(RDMA_READ_CONSUME_CHECK_CONSUMER) timestamp=2537 ms, used_size=6268928 bytes (15.3%)
(RDMA_READ_CONSUME_CHECK_CONSUMER) timestamp=2537 ms, used_size=6266880 bytes (15.3%)
(RDMA_READ_CONSUME_CHECK_CONSUMER) timestamp=2537 ms, used_size=6264832 bytes (15.3%)
(RDMA_READ_CONSUME_CHECK_CONSUMER) timestamp=2537 ms, used_size=6262784 bytes (15.3%)
(RDMA_READ_CONSUME_CHECK_CONSUMER) timestamp=2537 ms, used_size=6260736 bytes (15.3%)
(RDMA_READ_CONSUME_CHECK_CONSUMER) timestamp=2537 ms, used_size=6258688 bytes (15.3%)
(RDMA_READ_CONSUME_CHECK_CONSUMER) timestamp=2537 ms, used_size=6256640 bytes (15.3%)
(RDMA_READ_CONSUME_CHECK_CONSUMER) timestamp=2537 ms, used_size=6254592 bytes (15.3%)
(RDMA_READ_CONSUME_CHECK_CONSUMER) timestamp=2537 ms, used_size=6252544 bytes (15.3%)
(RDMA_READ_CONSUME_CHECK_CONSUMER) timestamp=2537 ms, used_size=6250496 bytes (15.3%)
(RDMA_READ_CONSUME_CHECK_CONSUMER) timestamp=2537 ms, used_size=6248448 bytes (15.3%)
(RDMA_READ_CONSUME_CHECK_CONSUMER) timestamp=2537 ms, used_size=6246400 bytes (15.2%)
(RDMA_READ_CONSUME_CHECK_CONSUMER) timestamp=2537 ms, used_size=6244352 bytes (15.2%)
(RDMA_READ_CONSUME_CHECK_CONSUMER) timestamp=2537 ms, used_size=6242304 bytes (15.2%)
(RDMA_READ_CONSUME_CHECK_CONSUMER) timestamp=2537 ms, used_size=6240256 bytes (15.2%)
(RDMA_READ_CONSUME_CHECK_CONSUMER) timestamp=2537 ms, used_size=6238208 bytes (15.2%)
(RDMA_READ_CONSUME_CHECK_CONSUMER) timestamp=2537 ms, used_size=6236160 bytes (15.2%)
(RDMA_READ_CONSUME_CHECK_CONSUMER) timestamp=2537 ms, used_size=6234112 bytes (15.2%)
(RDMA_READ_CONSUME_CHECK_CONSUMER) timestamp=2537 ms, used_size=6232064 bytes (15.2%)
(RDMA_READ_CONSUME_CHECK_CONSUMER) timestamp=2537 ms, used_size=6230016 bytes (15.2%)
(RDMA_READ_CONSUME_CHECK_CONSUMER) timestamp=2537 ms, used_size=6227968 bytes (15.2%)
(RDMA_READ_CONSUME_CHECK_CONSUMER) timestamp=2537 ms, used_size=6225920 bytes (15.2%)
(RDMA_READ_CONSUME_CHECK_CONSUMER) timestamp=2537 ms, used_size=6223872 bytes (15.2%)
(RDMA_READ_CONSUME_CHECK_CONSUMER) timestamp=2537 ms, used_size=6221824 bytes (15.2%)
(RDMA_READ_CONSUME_CHECK_CONSUMER) timestamp=2537 ms, used_size=6219776 bytes (15.2%)
(RDMA_READ_CONSUME_CHECK_CONSUMER) timestamp=2537 ms, used_size=6217728 bytes (15.2%)
(RDMA_READ_CONSUME_CHECK_CONSUMER) timestamp=2537 ms, used_size=6215680 bytes (15.2%)
(RDMA_READ_CONSUME_CHECK_CONSUMER) timestamp=2537 ms, used_size=6213632 bytes (15.2%)
(RDMA_READ_CONSUME_CHECK_CONSUMER) timestamp=2537 ms, used_size=6211584 bytes (15.2%)
(RDMA_READ_CONSUME_CHECK_CONSUMER) timestamp=2537 ms, used_size=6209536 bytes (15.2%)
(RDMA_READ_CONSUME_CHECK_CONSUMER) timestamp=2537 ms, used_size=6207488 bytes (15.2%)
(RDMA_READ_CONSUME_CHECK_CONSUMER) timestamp=2537 ms, used_size=6205440 bytes (15.2%)
(RDMA_READ_CONSUME_CHECK_CONSUMER) timestamp=2537 ms, used_size=6203392 bytes (15.1%)
(RDMA_READ_CONSUME_CHECK_CONSUMER) timestamp=2537 ms, used_size=6201344 bytes (15.1%)
(RDMA_READ_CONSUME_CHECK_CONSUMER) timestamp=2537 ms, used_size=6199296 bytes (15.1%)
(RDMA_READ_CONSUME_CHECK_CONSUMER) timestamp=2537 ms, used_size=6197248 bytes (15.1%)
(RDMA_READ_CONSUME_CHECK_CONSUMER) timestamp=2537 ms, used_size=6195200 bytes (15.1%)
(RDMA_READ_CONSUME_CHECK_CONSUMER) timestamp=2537 ms, used_size=6193152 bytes (15.1%)
(RDMA_READ_CONSUME_CHECK_CONSUMER) timestamp=2537 ms, used_size=6191104 bytes (15.1%)
(RDMA_READ_CONSUME_CHECK_CONSUMER) timestamp=2537 ms, used_size=6189056 bytes (15.1%)
(RDMA_READ_CONSUME_CHECK_CONSUMER) timestamp=2537 ms, used_size=6187008 bytes (15.1%)
(RDMA_READ_CONSUME_CHECK_CONSUMER) timestamp=2537 ms, used_size=6184960 bytes (15.1%)
(RDMA_READ_CONSUME_CHECK_CONSUMER) timestamp=2537 ms, used_size=6182912 bytes (15.1%)
(RDMA_READ_CONSUME_CHECK_CONSUMER) timestamp=2537 ms, used_size=6180864 bytes (15.1%)
(RDMA_READ_CONSUME_CHECK_CONSUMER) timestamp=2537 ms, used_size=6178816 bytes (15.1%)
(RDMA_READ_CONSUME_CHECK_CONSUMER) timestamp=2537 ms, used_size=6176768 bytes (15.1%)
(RDMA_READ_CONSUME_CHECK_CONSUMER) timestamp=2537 ms, used_size=6174720 bytes (15.1%)
(RDMA_READ_CONSUME_CHECK_CONSUMER) timestamp=2537 ms, used_size=6172672 bytes (15.1%)
(RDMA_READ_CONSUME_CHECK_CONSUMER) timestamp=2537 ms, used_size=6170624 bytes (15.1%)
(RDMA_READ_CONSUME_CHECK_CONSUMER) timestamp=2537 ms, used_size=6168576 bytes (15.1%)
(RDMA_READ_CONSUME_CHECK_CONSUMER) timestamp=2537 ms, used_size=6166528 bytes (15.1%)
(RDMA_READ_CONSUME_CHECK_CONSUMER) timestamp=2537 ms, used_size=6164480 bytes (15.1%)
(RDMA_READ_CONSUME_CHECK_CONSUMER) timestamp=2537 ms, used_size=6162432 bytes (15.0%)
(RDMA_READ_CONSUME_CHECK_CONSUMER) timestamp=2537 ms, used_size=6160384 bytes (15.0%)
(RDMA_READ_CONSUME_CHECK_CONSUMER) timestamp=2537 ms, used_size=6158336 bytes (15.0%)
(RDMA_READ_CONSUME_CHECK_CONSUMER) timestamp=2537 ms, used_size=6156288 bytes (15.0%)
(RDMA_READ_CONSUME_CHECK_CONSUMER) timestamp=2537 ms, used_size=6154240 bytes (15.0%)
(RDMA_READ_CONSUME_CHECK_CONSUMER) timestamp=2537 ms, used_size=6152192 bytes (15.0%)
(RDMA_READ_CONSUME_CHECK_CONSUMER) timestamp=2537 ms, used_size=6150144 bytes (15.0%)
(RDMA_READ_CONSUME_CHECK_CONSUMER) timestamp=2537 ms, used_size=6148096 bytes (15.0%)
(RDMA_READ_CONSUME_CHECK_CONSUMER) timestamp=2537 ms, used_size=6146048 bytes (15.0%)
(RDMA_READ_CONSUME_CHECK_CONSUMER) timestamp=2537 ms, used_size=6144000 bytes (15.0%)
(RDMA_READ_CONSUME_CHECK_CONSUMER) timestamp=2537 ms, used_size=6141952 bytes (15.0%)
(RDMA_READ_CONSUME_CHECK_CONSUMER) timestamp=2537 ms, used_size=6139904 bytes (15.0%)
(RDMA_READ_CONSUME_CHECK_CONSUMER) timestamp=2537 ms, used_size=6137856 bytes (15.0%)
(RDMA_READ_CONSUME_CHECK_CONSUMER) timestamp=2537 ms, used_size=6135808 bytes (15.0%)
(RDMA_READ_CONSUME_CHECK_CONSUMER) timestamp=2537 ms, used_size=6133760 bytes (15.0%)
(RDMA_READ_CONSUME_CHECK_CONSUMER) timestamp=2537 ms, used_size=6131712 bytes (15.0%)
(RDMA_READ_CONSUME_CHECK_CONSUMER) timestamp=2537 ms, used_size=6129664 bytes (15.0%)
(RDMA_READ_CONSUME_CHECK_CONSUMER) timestamp=2537 ms, used_size=6127616 bytes (15.0%)
(RDMA_READ_CONSUME_CHECK_CONSUMER) timestamp=2537 ms, used_size=6125568 bytes (15.0%)
(RDMA_READ_CONSUME_CHECK_CONSUMER) timestamp=2537 ms, used_size=6123520 bytes (14.9%)
(RDMA_READ_CONSUME_CHECK_CONSUMER) timestamp=2537 ms, used_size=6121472 bytes (14.9%)
(RDMA_READ_CONSUME_CHECK_CONSUMER) timestamp=2537 ms, used_size=6119424 bytes (14.9%)
(RDMA_READ_CONSUME_CHECK_CONSUMER) timestamp=2537 ms, used_size=6117376 bytes (14.9%)
(RDMA_READ_CONSUME_CHECK_CONSUMER) timestamp=2537 ms, used_size=6115328 bytes (14.9%)
(RDMA_READ_CONSUME_CHECK_CONSUMER) timestamp=2537 ms, used_size=6113280 bytes (14.9%)
(RDMA_READ_CONSUME_CHECK_CONSUMER) timestamp=2537 ms, used_size=6111232 bytes (14.9%)
(RDMA_READ_CONSUME_CHECK_CONSUMER) timestamp=2537 ms, used_size=6109184 bytes (14.9%)
(RDMA_READ_CONSUME_CHECK_CONSUMER) timestamp=2537 ms, used_size=6107136 bytes (14.9%)
(RDMA_READ_CONSUME_CHECK_CONSUMER) timestamp=2537 ms, used_size=6105088 bytes (14.9%)
(RDMA_READ_CONSUME_CHECK_CONSUMER) timestamp=2537 ms, used_size=6103040 bytes (14.9%)
(RDMA_READ_CONSUME_CHECK_CONSUMER) timestamp=2537 ms, used_size=6100992 bytes (14.9%)
(RDMA_READ_CONSUME_CHECK_CONSUMER) timestamp=2537 ms, used_size=6098944 bytes (14.9%)
(RDMA_READ_CONSUME_CHECK_CONSUMER) timestamp=2537 ms, used_size=6096896 bytes (14.9%)
(RDMA_READ_CONSUME_CHECK_CONSUMER) timestamp=2537 ms, used_size=6094848 bytes (14.9%)
(RDMA_READ_CONSUME_CHECK_CONSUMER) timestamp=2537 ms, used_size=6092800 bytes (14.9%)
(RDMA_READ_CONSUME_CHECK_CONSUMER) timestamp=2537 ms, used_size=6090752 bytes (14.9%)
(RDMA_READ_CONSUME_CHECK_CONSUMER) timestamp=2537 ms, used_size=6088704 bytes (14.9%)
(RDMA_READ_CONSUME_CHECK_CONSUMER) timestamp=2537 ms, used_size=6086656 bytes (14.9%)
(RDMA_READ_CONSUME_CHECK_CONSUMER) timestamp=2537 ms, used_size=6084608 bytes (14.9%)
(RDMA_READ_CONSUME_CHECK_CONSUMER) timestamp=2537 ms, used_size=6082560 bytes (14.8%)
(RDMA_READ_CONSUME_CHECK_CONSUMER) timestamp=2537 ms, used_size=6080512 bytes (14.8%)
(RDMA_READ_CONSUME_CHECK_CONSUMER) timestamp=2537 ms, used_size=6078464 bytes (14.8%)
(RDMA_READ_CONSUME_CHECK_CONSUMER) timestamp=2537 ms, used_size=6076416 bytes (14.8%)
(RDMA_READ_CONSUME_CHECK_CONSUMER) timestamp=2537 ms, used_size=6074368 bytes (14.8%)
(RDMA_READ_CONSUME_CHECK_CONSUMER) timestamp=2537 ms, used_size=6072320 bytes (14.8%)
(RDMA_READ_CONSUME_CHECK_CONSUMER) timestamp=2537 ms, used_size=6070272 bytes (14.8%)
(RDMA_READ_CONSUME_CHECK_CONSUMER) timestamp=2537 ms, used_size=6068224 bytes (14.8%)
(RDMA_READ_CONSUME_CHECK_CONSUMER) timestamp=2537 ms, used_size=6066176 bytes (14.8%)
(RDMA_READ_CONSUME_CHECK_CONSUMER) timestamp=2537 ms, used_size=6064128 bytes (14.8%)
(RDMA_READ_CONSUME_CHECK_CONSUMER) timestamp=2537 ms, used_size=6062080 bytes (14.8%)
(RDMA_READ_CONSUME_CHECK_CONSUMER) timestamp=2537 ms, used_size=6060032 bytes (14.8%)
(RDMA_READ_CONSUME_CHECK_CONSUMER) timestamp=2538 ms, used_size=6057984 bytes (14.8%)
(RDMA_READ_CONSUME_CHECK_CONSUMER) timestamp=2538 ms, used_size=6055936 bytes (14.8%)
(RDMA_READ_CONSUME_CHECK_CONSUMER) timestamp=2538 ms, used_size=6053888 bytes (14.8%)
(RDMA_READ_CONSUME_CHECK_CONSUMER) timestamp=2538 ms, used_size=6051840 bytes (14.8%)
(RDMA_READ_CONSUME_CHECK_CONSUMER) timestamp=2538 ms, used_size=6049792 bytes (14.8%)
(RDMA_READ_CONSUME_CHECK_CONSUMER) timestamp=2538 ms, used_size=6047744 bytes (14.8%)
(RDMA_READ_CONSUME_CHECK_CONSUMER) timestamp=2538 ms, used_size=6045696 bytes (14.8%)
(RDMA_READ_CONSUME_CHECK_CONSUMER) timestamp=2538 ms, used_size=6043648 bytes (14.8%)
(RDMA_READ_CONSUME_CHECK_CONSUMER) timestamp=2538 ms, used_size=6041600 bytes (14.8%)
(RDMA_READ_CONSUME_CHECK_CONSUMER) timestamp=2538 ms, used_size=6039552 bytes (14.7%)
(RDMA_READ_CONSUME_CHECK_CONSUMER) timestamp=2538 ms, used_size=6037504 bytes (14.7%)
(RDMA_READ_CONSUME_CHECK_CONSUMER) timestamp=2538 ms, used_size=6035456 bytes (14.7%)
(RDMA_READ_CONSUME_CHECK_CONSUMER) timestamp=2538 ms, used_size=6033408 bytes (14.7%)
(RDMA_READ_CONSUME_CHECK_CONSUMER) timestamp=2538 ms, used_size=6031360 bytes (14.7%)
(RDMA_READ_CONSUME_CHECK_CONSUMER) timestamp=2538 ms, used_size=6029312 bytes (14.7%)
(RDMA_READ_CONSUME_CHECK_CONSUMER) timestamp=2538 ms, used_size=6027264 bytes (14.7%)
(RDMA_READ_CONSUME_CHECK_CONSUMER) timestamp=2538 ms, used_size=6025216 bytes (14.7%)
(RDMA_READ_CONSUME_CHECK_CONSUMER) timestamp=2538 ms, used_size=6023168 bytes (14.7%)
(RDMA_READ_CONSUME_CHECK_CONSUMER) timestamp=2538 ms, used_size=6021120 bytes (14.7%)
(RDMA_READ_CONSUME_CHECK_CONSUMER) timestamp=2538 ms, used_size=6019072 bytes (14.7%)
(RDMA_READ_CONSUME_CHECK_CONSUMER) timestamp=2538 ms, used_size=6017024 bytes (14.7%)
(RDMA_READ_CONSUME_CHECK_CONSUMER) timestamp=2538 ms, used_size=6014976 bytes (14.7%)
(RDMA_READ_CONSUME_CHECK_CONSUMER) timestamp=2538 ms, used_size=6012928 bytes (14.7%)
(RDMA_READ_CONSUME_CHECK_CONSUMER) timestamp=2538 ms, used_size=6010880 bytes (14.7%)
(RDMA_READ_CONSUME_CHECK_CONSUMER) timestamp=2538 ms, used_size=6008832 bytes (14.7%)
(RDMA_READ_CONSUME_CHECK_CONSUMER) timestamp=2538 ms, used_size=6006784 bytes (14.7%)
(RDMA_READ_CONSUME_CHECK_CONSUMER) timestamp=2538 ms, used_size=6004736 bytes (14.7%)
(RDMA_READ_CONSUME_CHECK_CONSUMER) timestamp=2538 ms, used_size=6002688 bytes (14.7%)
(RDMA_READ_CONSUME_CHECK_CONSUMER) timestamp=2538 ms, used_size=6000640 bytes (14.7%)
(RDMA_READ_CONSUME_CHECK_CONSUMER) timestamp=2538 ms, used_size=5998592 bytes (14.6%)
(RDMA_READ_CONSUME_CHECK_CONSUMER) timestamp=2538 ms, used_size=5996544 bytes (14.6%)
(RDMA_READ_CONSUME_CHECK_CONSUMER) timestamp=2538 ms, used_size=5994496 bytes (14.6%)
(RDMA_READ_CONSUME_CHECK_CONSUMER) timestamp=2538 ms, used_size=5992448 bytes (14.6%)
(RDMA_READ_CONSUME_CHECK_CONSUMER) timestamp=2538 ms, used_size=5990400 bytes (14.6%)
(RDMA_READ_CONSUME_CHECK_CONSUMER) timestamp=2538 ms, used_size=5988352 bytes (14.6%)
(RDMA_READ_CONSUME_CHECK_CONSUMER) timestamp=2538 ms, used_size=5986304 bytes (14.6%)
(RDMA_READ_CONSUME_CHECK_CONSUMER) timestamp=2538 ms, used_size=5984256 bytes (14.6%)
(RDMA_READ_CONSUME_CHECK_CONSUMER) timestamp=2538 ms, used_size=5982208 bytes (14.6%)
(RDMA_READ_CONSUME_CHECK_CONSUMER) timestamp=2538 ms, used_size=5980160 bytes (14.6%)
(RDMA_READ_CONSUME_CHECK_CONSUMER) timestamp=2538 ms, used_size=5978112 bytes (14.6%)
(RDMA_READ_CONSUME_CHECK_CONSUMER) timestamp=2538 ms, used_size=5976064 bytes (14.6%)
(RDMA_READ_CONSUME_CHECK_CONSUMER) timestamp=2538 ms, used_size=5974016 bytes (14.6%)
(RDMA_READ_CONSUME_CHECK_CONSUMER) timestamp=2538 ms, used_size=5971968 bytes (14.6%)
(RDMA_READ_CONSUME_CHECK_CONSUMER) timestamp=2538 ms, used_size=5969920 bytes (14.6%)
(RDMA_READ_CONSUME_CHECK_CONSUMER) timestamp=2538 ms, used_size=5967872 bytes (14.6%)
(RDMA_READ_CONSUME_CHECK_CONSUMER) timestamp=2538 ms, used_size=5965824 bytes (14.6%)
(RDMA_READ_CONSUME_CHECK_CONSUMER) timestamp=2538 ms, used_size=5963776 bytes (14.6%)
(RDMA_READ_CONSUME_CHECK_CONSUMER) timestamp=2538 ms, used_size=5961728 bytes (14.6%)
(RDMA_READ_CONSUME_CHECK_CONSUMER) timestamp=2538 ms, used_size=5959680 bytes (14.6%)
(RDMA_READ_CONSUME_CHECK_CONSUMER) timestamp=2538 ms, used_size=5957632 bytes (14.5%)
(RDMA_READ_CONSUME_CHECK_CONSUMER) timestamp=2538 ms, used_size=5955584 bytes (14.5%)
(RDMA_READ_CONSUME_CHECK_CONSUMER) timestamp=2538 ms, used_size=5953536 bytes (14.5%)
(RDMA_READ_CONSUME_CHECK_CONSUMER) timestamp=2538 ms, used_size=5951488 bytes (14.5%)
(RDMA_READ_CONSUME_CHECK_CONSUMER) timestamp=2538 ms, used_size=5949440 bytes (14.5%)
(RDMA_READ_CONSUME_CHECK_CONSUMER) timestamp=2538 ms, used_size=5947392 bytes (14.5%)
(RDMA_READ_CONSUME_CHECK_CONSUMER) timestamp=2538 ms, used_size=5945344 bytes (14.5%)
(RDMA_READ_CONSUME_CHECK_CONSUMER) timestamp=2538 ms, used_size=5943296 bytes (14.5%)
(RDMA_READ_CONSUME_CHECK_CONSUMER) timestamp=2538 ms, used_size=5941248 bytes (14.5%)
(RDMA_READ_CONSUME_CHECK_CONSUMER) timestamp=2538 ms, used_size=5939200 bytes (14.5%)
(RDMA_READ_CONSUME_CHECK_CONSUMER) timestamp=2538 ms, used_size=5937152 bytes (14.5%)
(RDMA_READ_CONSUME_CHECK_CONSUMER) timestamp=2538 ms, used_size=5935104 bytes (14.5%)
(RDMA_READ_CONSUME_CHECK_CONSUMER) timestamp=2538 ms, used_size=5933056 bytes (14.5%)
(RDMA_READ_CONSUME_CHECK_CONSUMER) timestamp=2538 ms, used_size=5931008 bytes (14.5%)
(RDMA_READ_CONSUME_CHECK_CONSUMER) timestamp=2538 ms, used_size=5928960 bytes (14.5%)
(RDMA_READ_CONSUME_CHECK_CONSUMER) timestamp=2538 ms, used_size=5926912 bytes (14.5%)
(RDMA_READ_CONSUME_CHECK_CONSUMER) timestamp=2538 ms, used_size=5924864 bytes (14.5%)
(RDMA_READ_CONSUME_CHECK_CONSUMER) timestamp=2538 ms, used_size=5922816 bytes (14.5%)
(RDMA_READ_CONSUME_CHECK_CONSUMER) timestamp=2538 ms, used_size=5920768 bytes (14.5%)
(RDMA_READ_CONSUME_CHECK_CONSUMER) timestamp=2538 ms, used_size=5918720 bytes (14.4%)
(RDMA_READ_CONSUME_CHECK_CONSUMER) timestamp=2538 ms, used_size=5916672 bytes (14.4%)
(RDMA_READ_CONSUME_CHECK_CONSUMER) timestamp=2538 ms, used_size=5914624 bytes (14.4%)
(RDMA_READ_CONSUME_CHECK_CONSUMER) timestamp=2538 ms, used_size=5912576 bytes (14.4%)
(RDMA_READ_CONSUME_CHECK_CONSUMER) timestamp=2538 ms, used_size=5910528 bytes (14.4%)
(RDMA_READ_CONSUME_CHECK_CONSUMER) timestamp=2538 ms, used_size=5908480 bytes (14.4%)
(RDMA_READ_CONSUME_CHECK_CONSUMER) timestamp=2538 ms, used_size=5906432 bytes (14.4%)
(RDMA_READ_CONSUME_CHECK_CONSUMER) timestamp=2538 ms, used_size=5904384 bytes (14.4%)
(RDMA_READ_CONSUME_CHECK_CONSUMER) timestamp=2538 ms, used_size=5902336 bytes (14.4%)
(RDMA_READ_CONSUME_CHECK_CONSUMER) timestamp=2538 ms, used_size=5900288 bytes (14.4%)
(RDMA_READ_CONSUME_CHECK_CONSUMER) timestamp=2538 ms, used_size=5898240 bytes (14.4%)
(RDMA_READ_CONSUME_CHECK_CONSUMER) timestamp=2538 ms, used_size=5896192 bytes (14.4%)
(RDMA_READ_CONSUME_CHECK_CONSUMER) timestamp=2538 ms, used_size=5894144 bytes (14.4%)
(RDMA_READ_CONSUME_CHECK_CONSUMER) timestamp=2538 ms, used_size=5892096 bytes (14.4%)
(RDMA_READ_CONSUME_CHECK_CONSUMER) timestamp=2538 ms, used_size=5890048 bytes (14.4%)
(RDMA_READ_CONSUME_CHECK_CONSUMER) timestamp=2538 ms, used_size=5888000 bytes (14.4%)
(RDMA_READ_CONSUME_CHECK_CONSUMER) timestamp=2538 ms, used_size=5885952 bytes (14.4%)
(RDMA_READ_CONSUME_CHECK_CONSUMER) timestamp=2538 ms, used_size=5883904 bytes (14.4%)
(RDMA_READ_CONSUME_CHECK_CONSUMER) timestamp=2538 ms, used_size=5881856 bytes (14.4%)
(RDMA_READ_CONSUME_CHECK_CONSUMER) timestamp=2538 ms, used_size=5879808 bytes (14.4%)
(RDMA_READ_CONSUME_CHECK_CONSUMER) timestamp=2538 ms, used_size=5877760 bytes (14.3%)
(RDMA_READ_CONSUME_CHECK_CONSUMER) timestamp=2538 ms, used_size=5875712 bytes (14.3%)
(RDMA_READ_CONSUME_CHECK_CONSUMER) timestamp=2538 ms, used_size=5873664 bytes (14.3%)
(RDMA_READ_CONSUME_CHECK_CONSUMER) timestamp=2538 ms, used_size=5871616 bytes (14.3%)
(RDMA_READ_CONSUME_CHECK_CONSUMER) timestamp=2538 ms, used_size=5869568 bytes (14.3%)
(RDMA_READ_CONSUME_CHECK_CONSUMER) timestamp=2538 ms, used_size=5867520 bytes (14.3%)
(RDMA_READ_CONSUME_CHECK_CONSUMER) timestamp=2538 ms, used_size=5865472 bytes (14.3%)
(RDMA_READ_CONSUME_CHECK_CONSUMER) timestamp=2538 ms, used_size=5863424 bytes (14.3%)
(RDMA_READ_CONSUME_CHECK_CONSUMER) timestamp=2538 ms, used_size=5861376 bytes (14.3%)
(RDMA_READ_CONSUME_CHECK_CONSUMER) timestamp=2538 ms, used_size=5859328 bytes (14.3%)
(RDMA_READ_CONSUME_CHECK_CONSUMER) timestamp=2538 ms, used_size=5857280 bytes (14.3%)
(RDMA_READ_CONSUME_CHECK_CONSUMER) timestamp=2538 ms, used_size=5855232 bytes (14.3%)
(RDMA_READ_CONSUME_CHECK_CONSUMER) timestamp=2538 ms, used_size=5853184 bytes (14.3%)
(RDMA_READ_CONSUME_CHECK_CONSUMER) timestamp=2538 ms, used_size=5851136 bytes (14.3%)
(RDMA_READ_CONSUME_CHECK_CONSUMER) timestamp=2538 ms, used_size=5849088 bytes (14.3%)
(RDMA_READ_CONSUME_CHECK_CONSUMER) timestamp=2538 ms, used_size=5847040 bytes (14.3%)
(RDMA_READ_CONSUME_CHECK_CONSUMER) timestamp=2538 ms, used_size=5844992 bytes (14.3%)
(RDMA_READ_CONSUME_CHECK_CONSUMER) timestamp=2538 ms, used_size=5842944 bytes (14.3%)
(RDMA_READ_CONSUME_CHECK_CONSUMER) timestamp=2538 ms, used_size=5840896 bytes (14.3%)
(RDMA_READ_CONSUME_CHECK_CONSUMER) timestamp=2538 ms, used_size=5838848 bytes (14.3%)
(RDMA_READ_CONSUME_CHECK_CONSUMER) timestamp=2538 ms, used_size=5836800 bytes (14.2%)
(RDMA_READ_CONSUME_CHECK_CONSUMER) timestamp=2538 ms, used_size=5834752 bytes (14.2%)
(RDMA_READ_CONSUME_CHECK_CONSUMER) timestamp=2538 ms, used_size=5832704 bytes (14.2%)
(RDMA_READ_CONSUME_CHECK_CONSUMER) timestamp=2538 ms, used_size=5830656 bytes (14.2%)
(RDMA_READ_CONSUME_CHECK_CONSUMER) timestamp=2538 ms, used_size=5828608 bytes (14.2%)
(RDMA_READ_CONSUME_CHECK_CONSUMER) timestamp=2538 ms, used_size=5826560 bytes (14.2%)
(RDMA_READ_CONSUME_CHECK_CONSUMER) timestamp=2538 ms, used_size=5824512 bytes (14.2%)
(RDMA_READ_CONSUME_CHECK_CONSUMER) timestamp=2538 ms, used_size=5822464 bytes (14.2%)
(RDMA_READ_CONSUME_CHECK_CONSUMER) timestamp=2538 ms, used_size=5820416 bytes (14.2%)
(RDMA_READ_CONSUME_CHECK_CONSUMER) timestamp=2538 ms, used_size=5818368 bytes (14.2%)
(RDMA_READ_CONSUME_CHECK_CONSUMER) timestamp=2538 ms, used_size=5816320 bytes (14.2%)
(RDMA_READ_CONSUME_CHECK_CONSUMER) timestamp=2538 ms, used_size=5814272 bytes (14.2%)
(RDMA_READ_CONSUME_CHECK_CONSUMER) timestamp=2538 ms, used_size=5812224 bytes (14.2%)
(RDMA_READ_CONSUME_CHECK_CONSUMER) timestamp=2538 ms, used_size=5810176 bytes (14.2%)
(RDMA_READ_CONSUME_CHECK_CONSUMER) timestamp=2538 ms, used_size=5808128 bytes (14.2%)
(RDMA_READ_CONSUME_CHECK_CONSUMER) timestamp=2538 ms, used_size=5806080 bytes (14.2%)
(RDMA_READ_CONSUME_CHECK_CONSUMER) timestamp=2538 ms, used_size=5804032 bytes (14.2%)
(RDMA_READ_CONSUME_CHECK_CONSUMER) timestamp=2538 ms, used_size=5801984 bytes (14.2%)
(RDMA_READ_CONSUME_CHECK_CONSUMER) timestamp=2538 ms, used_size=5799936 bytes (14.2%)
(RDMA_READ_CONSUME_CHECK_CONSUMER) timestamp=2538 ms, used_size=5797888 bytes (14.2%)
(RDMA_READ_CONSUME_CHECK_CONSUMER) timestamp=2538 ms, used_size=5795840 bytes (14.2%)
(RDMA_READ_CONSUME_CHECK_CONSUMER) timestamp=2538 ms, used_size=5793792 bytes (14.1%)
(RDMA_READ_CONSUME_CHECK_CONSUMER) timestamp=2538 ms, used_size=5791744 bytes (14.1%)
(RDMA_READ_CONSUME_CHECK_CONSUMER) timestamp=2538 ms, used_size=5789696 bytes (14.1%)
(RDMA_READ_CONSUME_CHECK_CONSUMER) timestamp=2538 ms, used_size=5787648 bytes (14.1%)
(RDMA_READ_CONSUME_CHECK_CONSUMER) timestamp=2538 ms, used_size=5785600 bytes (14.1%)
(RDMA_READ_CONSUME_CHECK_CONSUMER) timestamp=2538 ms, used_size=5783552 bytes (14.1%)
(RDMA_READ_CONSUME_CHECK_CONSUMER) timestamp=2538 ms, used_size=5781504 bytes (14.1%)
(RDMA_READ_CONSUME_CHECK_CONSUMER) timestamp=2538 ms, used_size=5779456 bytes (14.1%)
(RDMA_READ_CONSUME_CHECK_CONSUMER) timestamp=2538 ms, used_size=5777408 bytes (14.1%)
(RDMA_READ_CONSUME_CHECK_CONSUMER) timestamp=2538 ms, used_size=5775360 bytes (14.1%)
(RDMA_READ_CONSUME_CHECK_CONSUMER) timestamp=2538 ms, used_size=5773312 bytes (14.1%)
(RDMA_READ_CONSUME_CHECK_CONSUMER) timestamp=2538 ms, used_size=5771264 bytes (14.1%)
(RDMA_READ_CONSUME_CHECK_CONSUMER) timestamp=2538 ms, used_size=5769216 bytes (14.1%)
(RDMA_READ_CONSUME_CHECK_CONSUMER) timestamp=2538 ms, used_size=5767168 bytes (14.1%)
(RDMA_READ_CONSUME_CHECK_CONSUMER) timestamp=2538 ms, used_size=5765120 bytes (14.1%)
(RDMA_READ_CONSUME_CHECK_CONSUMER) timestamp=2538 ms, used_size=5763072 bytes (14.1%)
(RDMA_READ_CONSUME_CHECK_CONSUMER) timestamp=2538 ms, used_size=5761024 bytes (14.1%)
(RDMA_READ_CONSUME_CHECK_CONSUMER) timestamp=2538 ms, used_size=5758976 bytes (14.1%)
(RDMA_READ_CONSUME_CHECK_CONSUMER) timestamp=2538 ms, used_size=5756928 bytes (14.1%)
(RDMA_READ_CONSUME_CHECK_CONSUMER) timestamp=2538 ms, used_size=5754880 bytes (14.1%)
(RDMA_READ_CONSUME_CHECK_CONSUMER) timestamp=2538 ms, used_size=5752832 bytes (14.0%)
(RDMA_READ_CONSUME_CHECK_CONSUMER) timestamp=2538 ms, used_size=5750784 bytes (14.0%)
(RDMA_READ_CONSUME_CHECK_CONSUMER) timestamp=2538 ms, used_size=5748736 bytes (14.0%)
(RDMA_READ_CONSUME_CHECK_CONSUMER) timestamp=2538 ms, used_size=5746688 bytes (14.0%)
(RDMA_READ_CONSUME_CHECK_CONSUMER) timestamp=2538 ms, used_size=5744640 bytes (14.0%)
(RDMA_READ_CONSUME_CHECK_CONSUMER) timestamp=2538 ms, used_size=5742592 bytes (14.0%)
(RDMA_READ_CONSUME_CHECK_CONSUMER) timestamp=2538 ms, used_size=5740544 bytes (14.0%)
(RDMA_READ_CONSUME_CHECK_CONSUMER) timestamp=2538 ms, used_size=5738496 bytes (14.0%)
(RDMA_READ_CONSUME_CHECK_CONSUMER) timestamp=2538 ms, used_size=5736448 bytes (14.0%)
(RDMA_READ_CONSUME_CHECK_CONSUMER) timestamp=2538 ms, used_size=5734400 bytes (14.0%)
(RDMA_READ_CONSUME_CHECK_CONSUMER) timestamp=2538 ms, used_size=5732352 bytes (14.0%)
(RDMA_READ_CONSUME_CHECK_CONSUMER) timestamp=2538 ms, used_size=5730304 bytes (14.0%)
(RDMA_READ_CONSUME_CHECK_CONSUMER) timestamp=2538 ms, used_size=5728256 bytes (14.0%)
(RDMA_READ_CONSUME_CHECK_CONSUMER) timestamp=2538 ms, used_size=5726208 bytes (14.0%)
(RDMA_READ_CONSUME_CHECK_CONSUMER) timestamp=2538 ms, used_size=5724160 bytes (14.0%)
(RDMA_READ_CONSUME_CHECK_CONSUMER) timestamp=2538 ms, used_size=5722112 bytes (14.0%)
(RDMA_READ_CONSUME_CHECK_CONSUMER) timestamp=2538 ms, used_size=5720064 bytes (14.0%)
(RDMA_READ_CONSUME_CHECK_CONSUMER) timestamp=2538 ms, used_size=5718016 bytes (14.0%)
(RDMA_READ_CONSUME_CHECK_CONSUMER) timestamp=2538 ms, used_size=5715968 bytes (14.0%)
(RDMA_READ_CONSUME_CHECK_CONSUMER) timestamp=2538 ms, used_size=5713920 bytes (13.9%)
(RDMA_READ_CONSUME_CHECK_CONSUMER) timestamp=2538 ms, used_size=5711872 bytes (13.9%)
(RDMA_READ_CONSUME_CHECK_CONSUMER) timestamp=2538 ms, used_size=5709824 bytes (13.9%)
(RDMA_READ_CONSUME_CHECK_CONSUMER) timestamp=2538 ms, used_size=5707776 bytes (13.9%)
(RDMA_READ_CONSUME_CHECK_CONSUMER) timestamp=2538 ms, used_size=5705728 bytes (13.9%)
(RDMA_READ_CONSUME_CHECK_CONSUMER) timestamp=2538 ms, used_size=5703680 bytes (13.9%)
(RDMA_READ_CONSUME_CHECK_CONSUMER) timestamp=2538 ms, used_size=5701632 bytes (13.9%)
(RDMA_READ_CONSUME_CHECK_CONSUMER) timestamp=2538 ms, used_size=5699584 bytes (13.9%)
(RDMA_READ_CONSUME_CHECK_CONSUMER) timestamp=2538 ms, used_size=5697536 bytes (13.9%)
(RDMA_READ_CONSUME_CHECK_CONSUMER) timestamp=2538 ms, used_size=5695488 bytes (13.9%)
(RDMA_READ_CONSUME_CHECK_CONSUMER) timestamp=2538 ms, used_size=5693440 bytes (13.9%)
(RDMA_READ_CONSUME_CHECK_CONSUMER) timestamp=2538 ms, used_size=5691392 bytes (13.9%)
(RDMA_READ_CONSUME_CHECK_CONSUMER) timestamp=2538 ms, used_size=5689344 bytes (13.9%)
(RDMA_READ_CONSUME_CHECK_CONSUMER) timestamp=2539 ms, used_size=5687296 bytes (13.9%)
(RDMA_READ_CONSUME_CHECK_CONSUMER) timestamp=2539 ms, used_size=5685248 bytes (13.9%)
(RDMA_READ_CONSUME_CHECK_CONSUMER) timestamp=2539 ms, used_size=5683200 bytes (13.9%)
(RDMA_READ_CONSUME_CHECK_CONSUMER) timestamp=2539 ms, used_size=5681152 bytes (13.9%)
(RDMA_READ_CONSUME_CHECK_CONSUMER) timestamp=2539 ms, used_size=5679104 bytes (13.9%)
(RDMA_READ_CONSUME_CHECK_CONSUMER) timestamp=2539 ms, used_size=5677056 bytes (13.9%)
(RDMA_READ_CONSUME_CHECK_CONSUMER) timestamp=2539 ms, used_size=5675008 bytes (13.9%)
(RDMA_READ_CONSUME_CHECK_CONSUMER) timestamp=2539 ms, used_size=5672960 bytes (13.8%)
(RDMA_READ_CONSUME_CHECK_CONSUMER) timestamp=2539 ms, used_size=5670912 bytes (13.8%)
(RDMA_READ_CONSUME_CHECK_CONSUMER) timestamp=2539 ms, used_size=5668864 bytes (13.8%)
(RDMA_READ_CONSUME_CHECK_CONSUMER) timestamp=2539 ms, used_size=5666816 bytes (13.8%)
(RDMA_READ_CONSUME_CHECK_CONSUMER) timestamp=2539 ms, used_size=5664768 bytes (13.8%)
(RDMA_READ_CONSUME_CHECK_CONSUMER) timestamp=2539 ms, used_size=5662720 bytes (13.8%)
(RDMA_READ_CONSUME_CHECK_CONSUMER) timestamp=2539 ms, used_size=5660672 bytes (13.8%)
(RDMA_READ_CONSUME_CHECK_CONSUMER) timestamp=2539 ms, used_size=5658624 bytes (13.8%)
(RDMA_READ_CONSUME_CHECK_CONSUMER) timestamp=2539 ms, used_size=5656576 bytes (13.8%)
(RDMA_READ_CONSUME_CHECK_CONSUMER) timestamp=2539 ms, used_size=5654528 bytes (13.8%)
(RDMA_READ_CONSUME_CHECK_CONSUMER) timestamp=2539 ms, used_size=5652480 bytes (13.8%)
(RDMA_READ_CONSUME_CHECK_CONSUMER) timestamp=2539 ms, used_size=5650432 bytes (13.8%)
(RDMA_READ_CONSUME_CHECK_CONSUMER) timestamp=2539 ms, used_size=5648384 bytes (13.8%)
(RDMA_READ_CONSUME_CHECK_CONSUMER) timestamp=2539 ms, used_size=5646336 bytes (13.8%)
(RDMA_READ_CONSUME_CHECK_CONSUMER) timestamp=2539 ms, used_size=5644288 bytes (13.8%)
(RDMA_READ_CONSUME_CHECK_CONSUMER) timestamp=2539 ms, used_size=5642240 bytes (13.8%)
(RDMA_READ_CONSUME_CHECK_CONSUMER) timestamp=2539 ms, used_size=5640192 bytes (13.8%)
(RDMA_READ_CONSUME_CHECK_CONSUMER) timestamp=2539 ms, used_size=5638144 bytes (13.8%)
(RDMA_READ_CONSUME_CHECK_CONSUMER) timestamp=2539 ms, used_size=5636096 bytes (13.8%)
(RDMA_READ_CONSUME_CHECK_CONSUMER) timestamp=2539 ms, used_size=5634048 bytes (13.8%)
(RDMA_READ_CONSUME_CHECK_CONSUMER) timestamp=2539 ms, used_size=5632000 bytes (13.8%)
(RDMA_READ_CONSUME_CHECK_CONSUMER) timestamp=2539 ms, used_size=5629952 bytes (13.7%)
(RDMA_READ_CONSUME_CHECK_CONSUMER) timestamp=2539 ms, used_size=5627904 bytes (13.7%)
(RDMA_READ_CONSUME_CHECK_CONSUMER) timestamp=2539 ms, used_size=5625856 bytes (13.7%)
(RDMA_READ_CONSUME_CHECK_CONSUMER) timestamp=2539 ms, used_size=5623808 bytes (13.7%)
(RDMA_READ_CONSUME_CHECK_CONSUMER) timestamp=2539 ms, used_size=5621760 bytes (13.7%)
(RDMA_READ_CONSUME_CHECK_CONSUMER) timestamp=2539 ms, used_size=5619712 bytes (13.7%)
(RDMA_READ_CONSUME_CHECK_CONSUMER) timestamp=2539 ms, used_size=5617664 bytes (13.7%)
(RDMA_READ_CONSUME_CHECK_CONSUMER) timestamp=2539 ms, used_size=5615616 bytes (13.7%)
(RDMA_READ_CONSUME_CHECK_CONSUMER) timestamp=2539 ms, used_size=5613568 bytes (13.7%)
(RDMA_READ_CONSUME_CHECK_CONSUMER) timestamp=2539 ms, used_size=5611520 bytes (13.7%)
(RDMA_READ_CONSUME_CHECK_CONSUMER) timestamp=2539 ms, used_size=5609472 bytes (13.7%)
(RDMA_READ_CONSUME_CHECK_CONSUMER) timestamp=2539 ms, used_size=5607424 bytes (13.7%)
(RDMA_READ_CONSUME_CHECK_CONSUMER) timestamp=2539 ms, used_size=5605376 bytes (13.7%)
(RDMA_READ_CONSUME_CHECK_CONSUMER) timestamp=2539 ms, used_size=5603328 bytes (13.7%)
(RDMA_READ_CONSUME_CHECK_CONSUMER) timestamp=2539 ms, used_size=5601280 bytes (13.7%)
(RDMA_READ_CONSUME_CHECK_CONSUMER) timestamp=2539 ms, used_size=5599232 bytes (13.7%)
(RDMA_READ_CONSUME_CHECK_CONSUMER) timestamp=2539 ms, used_size=5597184 bytes (13.7%)
(RDMA_READ_CONSUME_CHECK_CONSUMER) timestamp=2539 ms, used_size=5595136 bytes (13.7%)
(RDMA_READ_CONSUME_CHECK_CONSUMER) timestamp=2539 ms, used_size=5593088 bytes (13.7%)
(RDMA_READ_CONSUME_CHECK_CONSUMER) timestamp=2539 ms, used_size=5591040 bytes (13.7%)
(RDMA_READ_CONSUME_CHECK_CONSUMER) timestamp=2539 ms, used_size=5588992 bytes (13.6%)
(RDMA_READ_CONSUME_CHECK_CONSUMER) timestamp=2539 ms, used_size=5586944 bytes (13.6%)
(RDMA_READ_CONSUME_CHECK_CONSUMER) timestamp=2539 ms, used_size=5584896 bytes (13.6%)
(RDMA_READ_CONSUME_CHECK_CONSUMER) timestamp=2539 ms, used_size=5582848 bytes (13.6%)
(RDMA_READ_CONSUME_CHECK_CONSUMER) timestamp=2539 ms, used_size=5580800 bytes (13.6%)
(RDMA_READ_CONSUME_CHECK_CONSUMER) timestamp=2539 ms, used_size=5578752 bytes (13.6%)
(RDMA_READ_CONSUME_CHECK_CONSUMER) timestamp=2539 ms, used_size=5576704 bytes (13.6%)
(RDMA_READ_CONSUME_CHECK_CONSUMER) timestamp=2539 ms, used_size=5574656 bytes (13.6%)
(RDMA_READ_CONSUME_CHECK_CONSUMER) timestamp=2539 ms, used_size=5572608 bytes (13.6%)
(RDMA_READ_CONSUME_CHECK_CONSUMER) timestamp=2539 ms, used_size=5570560 bytes (13.6%)
(RDMA_READ_CONSUME_CHECK_CONSUMER) timestamp=2539 ms, used_size=5568512 bytes (13.6%)
(RDMA_READ_CONSUME_CHECK_CONSUMER) timestamp=2539 ms, used_size=5566464 bytes (13.6%)
(RDMA_READ_CONSUME_CHECK_CONSUMER) timestamp=2539 ms, used_size=5564416 bytes (13.6%)
(RDMA_READ_CONSUME_CHECK_CONSUMER) timestamp=2539 ms, used_size=5562368 bytes (13.6%)
(RDMA_READ_CONSUME_CHECK_CONSUMER) timestamp=2539 ms, used_size=5560320 bytes (13.6%)
(RDMA_READ_CONSUME_CHECK_CONSUMER) timestamp=2539 ms, used_size=5558272 bytes (13.6%)
(RDMA_READ_CONSUME_CHECK_CONSUMER) timestamp=2539 ms, used_size=5556224 bytes (13.6%)
(RDMA_READ_CONSUME_CHECK_CONSUMER) timestamp=2539 ms, used_size=5554176 bytes (13.6%)
(RDMA_READ_CONSUME_CHECK_CONSUMER) timestamp=2539 ms, used_size=5552128 bytes (13.6%)
(RDMA_READ_CONSUME_CHECK_CONSUMER) timestamp=2539 ms, used_size=5550080 bytes (13.6%)
(RDMA_READ_CONSUME_CHECK_CONSUMER) timestamp=2539 ms, used_size=5548032 bytes (13.5%)
(RDMA_READ_CONSUME_CHECK_CONSUMER) timestamp=2539 ms, used_size=5545984 bytes (13.5%)
(RDMA_READ_CONSUME_CHECK_CONSUMER) timestamp=2539 ms, used_size=5543936 bytes (13.5%)
(RDMA_READ_CONSUME_CHECK_CONSUMER) timestamp=2539 ms, used_size=5541888 bytes (13.5%)
(RDMA_READ_CONSUME_CHECK_CONSUMER) timestamp=2539 ms, used_size=5539840 bytes (13.5%)
(RDMA_READ_CONSUME_CHECK_CONSUMER) timestamp=2539 ms, used_size=5537792 bytes (13.5%)
(RDMA_READ_CONSUME_CHECK_CONSUMER) timestamp=2539 ms, used_size=5535744 bytes (13.5%)
(RDMA_READ_CONSUME_CHECK_CONSUMER) timestamp=2539 ms, used_size=5533696 bytes (13.5%)
(RDMA_READ_CONSUME_CHECK_CONSUMER) timestamp=2539 ms, used_size=5531648 bytes (13.5%)
(RDMA_READ_CONSUME_CHECK_CONSUMER) timestamp=2539 ms, used_size=5529600 bytes (13.5%)
(RDMA_READ_CONSUME_CHECK_CONSUMER) timestamp=2539 ms, used_size=5527552 bytes (13.5%)
(RDMA_READ_CONSUME_CHECK_CONSUMER) timestamp=2539 ms, used_size=5525504 bytes (13.5%)
(RDMA_READ_CONSUME_CHECK_CONSUMER) timestamp=2539 ms, used_size=5523456 bytes (13.5%)
(RDMA_READ_CONSUME_CHECK_CONSUMER) timestamp=2539 ms, used_size=5521408 bytes (13.5%)
(RDMA_READ_CONSUME_CHECK_CONSUMER) timestamp=2539 ms, used_size=5519360 bytes (13.5%)
(RDMA_READ_CONSUME_CHECK_CONSUMER) timestamp=2539 ms, used_size=5517312 bytes (13.5%)
(RDMA_READ_CONSUME_CHECK_CONSUMER) timestamp=2539 ms, used_size=5515264 bytes (13.5%)
(RDMA_READ_CONSUME_CHECK_CONSUMER) timestamp=2539 ms, used_size=5513216 bytes (13.5%)
(RDMA_READ_CONSUME_CHECK_CONSUMER) timestamp=2539 ms, used_size=5511168 bytes (13.5%)
(RDMA_READ_CONSUME_CHECK_CONSUMER) timestamp=2539 ms, used_size=5509120 bytes (13.4%)
(RDMA_READ_CONSUME_CHECK_CONSUMER) timestamp=2539 ms, used_size=5507072 bytes (13.4%)
(RDMA_READ_CONSUME_CHECK_CONSUMER) timestamp=2539 ms, used_size=5505024 bytes (13.4%)
(RDMA_READ_CONSUME_CHECK_CONSUMER) timestamp=2539 ms, used_size=5502976 bytes (13.4%)
(RDMA_READ_CONSUME_CHECK_CONSUMER) timestamp=2539 ms, used_size=5500928 bytes (13.4%)
(RDMA_READ_CONSUME_CHECK_CONSUMER) timestamp=2539 ms, used_size=5498880 bytes (13.4%)
(RDMA_READ_CONSUME_CHECK_CONSUMER) timestamp=2539 ms, used_size=5496832 bytes (13.4%)
(RDMA_READ_CONSUME_CHECK_CONSUMER) timestamp=2539 ms, used_size=5494784 bytes (13.4%)
(RDMA_READ_CONSUME_CHECK_CONSUMER) timestamp=2539 ms, used_size=5492736 bytes (13.4%)
(RDMA_READ_CONSUME_CHECK_CONSUMER) timestamp=2539 ms, used_size=5490688 bytes (13.4%)
(RDMA_READ_CONSUME_CHECK_CONSUMER) timestamp=2539 ms, used_size=5488640 bytes (13.4%)
(RDMA_READ_CONSUME_CHECK_CONSUMER) timestamp=2539 ms, used_size=5486592 bytes (13.4%)
(RDMA_READ_CONSUME_CHECK_CONSUMER) timestamp=2539 ms, used_size=5484544 bytes (13.4%)
(RDMA_READ_CONSUME_CHECK_CONSUMER) timestamp=2539 ms, used_size=5482496 bytes (13.4%)
(RDMA_READ_CONSUME_CHECK_CONSUMER) timestamp=2539 ms, used_size=5480448 bytes (13.4%)
(RDMA_READ_CONSUME_CHECK_CONSUMER) timestamp=2539 ms, used_size=5478400 bytes (13.4%)
(RDMA_READ_CONSUME_CHECK_CONSUMER) timestamp=2539 ms, used_size=5476352 bytes (13.4%)
(RDMA_READ_CONSUME_CHECK_CONSUMER) timestamp=2539 ms, used_size=5474304 bytes (13.4%)
(RDMA_READ_CONSUME_CHECK_CONSUMER) timestamp=2539 ms, used_size=5472256 bytes (13.4%)
(RDMA_READ_CONSUME_CHECK_CONSUMER) timestamp=2539 ms, used_size=5470208 bytes (13.4%)
(RDMA_READ_CONSUME_CHECK_CONSUMER) timestamp=2539 ms, used_size=5468160 bytes (13.3%)
(RDMA_READ_CONSUME_CHECK_CONSUMER) timestamp=2539 ms, used_size=5466112 bytes (13.3%)
(RDMA_READ_CONSUME_CHECK_CONSUMER) timestamp=2539 ms, used_size=5464064 bytes (13.3%)
(RDMA_READ_CONSUME_CHECK_CONSUMER) timestamp=2539 ms, used_size=5462016 bytes (13.3%)
(RDMA_READ_CONSUME_CHECK_CONSUMER) timestamp=2539 ms, used_size=5459968 bytes (13.3%)
(RDMA_READ_CONSUME_CHECK_CONSUMER) timestamp=2539 ms, used_size=5457920 bytes (13.3%)
(RDMA_READ_CONSUME_CHECK_CONSUMER) timestamp=2539 ms, used_size=5455872 bytes (13.3%)
(RDMA_READ_CONSUME_CHECK_CONSUMER) timestamp=2539 ms, used_size=5453824 bytes (13.3%)
(RDMA_READ_CONSUME_CHECK_CONSUMER) timestamp=2539 ms, used_size=5451776 bytes (13.3%)
(RDMA_READ_CONSUME_CHECK_CONSUMER) timestamp=2539 ms, used_size=5449728 bytes (13.3%)
(RDMA_READ_CONSUME_CHECK_CONSUMER) timestamp=2539 ms, used_size=5447680 bytes (13.3%)
(RDMA_READ_CONSUME_CHECK_CONSUMER) timestamp=2539 ms, used_size=5445632 bytes (13.3%)
(RDMA_READ_CONSUME_CHECK_CONSUMER) timestamp=2539 ms, used_size=5443584 bytes (13.3%)
(RDMA_READ_CONSUME_CHECK_CONSUMER) timestamp=2539 ms, used_size=5441536 bytes (13.3%)
(RDMA_READ_CONSUME_CHECK_CONSUMER) timestamp=2539 ms, used_size=5439488 bytes (13.3%)
(RDMA_READ_CONSUME_CHECK_CONSUMER) timestamp=2539 ms, used_size=5437440 bytes (13.3%)
(RDMA_READ_CONSUME_CHECK_CONSUMER) timestamp=2539 ms, used_size=5435392 bytes (13.3%)
(RDMA_READ_CONSUME_CHECK_CONSUMER) timestamp=2539 ms, used_size=5433344 bytes (13.3%)
(RDMA_READ_CONSUME_CHECK_CONSUMER) timestamp=2539 ms, used_size=5431296 bytes (13.3%)
(RDMA_READ_CONSUME_CHECK_CONSUMER) timestamp=2539 ms, used_size=5429248 bytes (13.3%)
(RDMA_READ_CONSUME_CHECK_CONSUMER) timestamp=2539 ms, used_size=5427200 bytes (13.2%)
(RDMA_READ_CONSUME_CHECK_CONSUMER) timestamp=2539 ms, used_size=5425152 bytes (13.2%)
(RDMA_READ_CONSUME_CHECK_CONSUMER) timestamp=2539 ms, used_size=5423104 bytes (13.2%)
(RDMA_READ_CONSUME_CHECK_CONSUMER) timestamp=2539 ms, used_size=5421056 bytes (13.2%)
(RDMA_READ_CONSUME_CHECK_CONSUMER) timestamp=2539 ms, used_size=5419008 bytes (13.2%)
(RDMA_READ_CONSUME_CHECK_CONSUMER) timestamp=2539 ms, used_size=5416960 bytes (13.2%)
(RDMA_READ_CONSUME_CHECK_CONSUMER) timestamp=2539 ms, used_size=5414912 bytes (13.2%)
(RDMA_READ_CONSUME_CHECK_CONSUMER) timestamp=2539 ms, used_size=5412864 bytes (13.2%)
(RDMA_READ_CONSUME_CHECK_CONSUMER) timestamp=2539 ms, used_size=5410816 bytes (13.2%)
(RDMA_READ_CONSUME_CHECK_CONSUMER) timestamp=2539 ms, used_size=5408768 bytes (13.2%)
(RDMA_READ_CONSUME_CHECK_CONSUMER) timestamp=2539 ms, used_size=5406720 bytes (13.2%)
(RDMA_READ_CONSUME_CHECK_CONSUMER) timestamp=2539 ms, used_size=5404672 bytes (13.2%)
(RDMA_READ_CONSUME_CHECK_CONSUMER) timestamp=2539 ms, used_size=5402624 bytes (13.2%)
(RDMA_READ_CONSUME_CHECK_CONSUMER) timestamp=2539 ms, used_size=5400576 bytes (13.2%)
(RDMA_READ_CONSUME_CHECK_CONSUMER) timestamp=2539 ms, used_size=5398528 bytes (13.2%)
(RDMA_READ_CONSUME_CHECK_CONSUMER) timestamp=2539 ms, used_size=5396480 bytes (13.2%)
(RDMA_READ_CONSUME_CHECK_CONSUMER) timestamp=2539 ms, used_size=5394432 bytes (13.2%)
(RDMA_READ_CONSUME_CHECK_CONSUMER) timestamp=2539 ms, used_size=5392384 bytes (13.2%)
(RDMA_READ_CONSUME_CHECK_CONSUMER) timestamp=2539 ms, used_size=5390336 bytes (13.2%)
(RDMA_READ_CONSUME_CHECK_CONSUMER) timestamp=2539 ms, used_size=5388288 bytes (13.2%)
(RDMA_READ_CONSUME_CHECK_CONSUMER) timestamp=2539 ms, used_size=5386240 bytes (13.2%)
(RDMA_READ_CONSUME_CHECK_CONSUMER) timestamp=2539 ms, used_size=5384192 bytes (13.1%)
(RDMA_READ_CONSUME_CHECK_CONSUMER) timestamp=2539 ms, used_size=5382144 bytes (13.1%)
(RDMA_READ_CONSUME_CHECK_CONSUMER) timestamp=2539 ms, used_size=5380096 bytes (13.1%)
(RDMA_READ_CONSUME_CHECK_CONSUMER) timestamp=2539 ms, used_size=5378048 bytes (13.1%)
(RDMA_READ_CONSUME_CHECK_CONSUMER) timestamp=2539 ms, used_size=5376000 bytes (13.1%)
(RDMA_READ_CONSUME_CHECK_CONSUMER) timestamp=2539 ms, used_size=5373952 bytes (13.1%)
(RDMA_READ_CONSUME_CHECK_CONSUMER) timestamp=2539 ms, used_size=5371904 bytes (13.1%)
(RDMA_READ_CONSUME_CHECK_CONSUMER) timestamp=2539 ms, used_size=5369856 bytes (13.1%)
(RDMA_READ_CONSUME_CHECK_CONSUMER) timestamp=2539 ms, used_size=5367808 bytes (13.1%)
(RDMA_READ_CONSUME_CHECK_CONSUMER) timestamp=2539 ms, used_size=5365760 bytes (13.1%)
(RDMA_READ_CONSUME_CHECK_CONSUMER) timestamp=2539 ms, used_size=5363712 bytes (13.1%)
(RDMA_READ_CONSUME_CHECK_CONSUMER) timestamp=2539 ms, used_size=5361664 bytes (13.1%)
(RDMA_READ_CONSUME_CHECK_CONSUMER) timestamp=2539 ms, used_size=5359616 bytes (13.1%)
(RDMA_READ_CONSUME_CHECK_CONSUMER) timestamp=2539 ms, used_size=5357568 bytes (13.1%)
(RDMA_READ_CONSUME_CHECK_CONSUMER) timestamp=2539 ms, used_size=5355520 bytes (13.1%)
(RDMA_READ_CONSUME_CHECK_CONSUMER) timestamp=2539 ms, used_size=5353472 bytes (13.1%)
(RDMA_READ_CONSUME_CHECK_CONSUMER) timestamp=2539 ms, used_size=5351424 bytes (13.1%)
(RDMA_READ_CONSUME_CHECK_CONSUMER) timestamp=2539 ms, used_size=5349376 bytes (13.1%)
(RDMA_READ_CONSUME_CHECK_CONSUMER) timestamp=2539 ms, used_size=5347328 bytes (13.1%)
(RDMA_READ_CONSUME_CHECK_CONSUMER) timestamp=2539 ms, used_size=5345280 bytes (13.1%)
(RDMA_READ_CONSUME_CHECK_CONSUMER) timestamp=2539 ms, used_size=5343232 bytes (13.0%)
(RDMA_READ_CONSUME_CHECK_CONSUMER) timestamp=2539 ms, used_size=5341184 bytes (13.0%)
(RDMA_READ_CONSUME_CHECK_CONSUMER) timestamp=2539 ms, used_size=5339136 bytes (13.0%)
(RDMA_READ_CONSUME_CHECK_CONSUMER) timestamp=2539 ms, used_size=5337088 bytes (13.0%)
(RDMA_READ_CONSUME_CHECK_CONSUMER) timestamp=2539 ms, used_size=5335040 bytes (13.0%)
(RDMA_READ_CONSUME_CHECK_CONSUMER) timestamp=2539 ms, used_size=5332992 bytes (13.0%)
(RDMA_READ_CONSUME_CHECK_CONSUMER) timestamp=2539 ms, used_size=5330944 bytes (13.0%)
(RDMA_READ_CONSUME_CHECK_CONSUMER) timestamp=2539 ms, used_size=5328896 bytes (13.0%)
(RDMA_READ_CONSUME_CHECK_CONSUMER) timestamp=2539 ms, used_size=5326848 bytes (13.0%)
(RDMA_READ_CONSUME_CHECK_CONSUMER) timestamp=2539 ms, used_size=5324800 bytes (13.0%)
(RDMA_READ_CONSUME_CHECK_CONSUMER) timestamp=2539 ms, used_size=5322752 bytes (13.0%)
(RDMA_READ_CONSUME_CHECK_CONSUMER) timestamp=2539 ms, used_size=5320704 bytes (13.0%)
(RDMA_READ_CONSUME_CHECK_CONSUMER) timestamp=2539 ms, used_size=5318656 bytes (13.0%)
(RDMA_READ_CONSUME_CHECK_CONSUMER) timestamp=2539 ms, used_size=5316608 bytes (13.0%)
(RDMA_READ_CONSUME_CHECK_CONSUMER) timestamp=2539 ms, used_size=5314560 bytes (13.0%)
(RDMA_READ_CONSUME_CHECK_CONSUMER) timestamp=2539 ms, used_size=5312512 bytes (13.0%)
(RDMA_READ_CONSUME_CHECK_CONSUMER) timestamp=2540 ms, used_size=5310464 bytes (13.0%)
(RDMA_READ_CONSUME_CHECK_CONSUMER) timestamp=2540 ms, used_size=5308416 bytes (13.0%)
(RDMA_READ_CONSUME_CHECK_CONSUMER) timestamp=2540 ms, used_size=5306368 bytes (13.0%)
(RDMA_READ_CONSUME_CHECK_CONSUMER) timestamp=2540 ms, used_size=5304320 bytes (12.9%)
(RDMA_READ_CONSUME_CHECK_CONSUMER) timestamp=2540 ms, used_size=5302272 bytes (12.9%)
(RDMA_READ_CONSUME_CHECK_CONSUMER) timestamp=2540 ms, used_size=5300224 bytes (12.9%)
(RDMA_READ_CONSUME_CHECK_CONSUMER) timestamp=2540 ms, used_size=5298176 bytes (12.9%)
(RDMA_READ_CONSUME_CHECK_CONSUMER) timestamp=2540 ms, used_size=5296128 bytes (12.9%)
(RDMA_READ_CONSUME_CHECK_CONSUMER) timestamp=2540 ms, used_size=5294080 bytes (12.9%)
(RDMA_READ_CONSUME_CHECK_CONSUMER) timestamp=2540 ms, used_size=5292032 bytes (12.9%)
(RDMA_READ_CONSUME_CHECK_CONSUMER) timestamp=2540 ms, used_size=5289984 bytes (12.9%)
(RDMA_READ_CONSUME_CHECK_CONSUMER) timestamp=2540 ms, used_size=5287936 bytes (12.9%)
(RDMA_READ_CONSUME_CHECK_CONSUMER) timestamp=2540 ms, used_size=5285888 bytes (12.9%)
(RDMA_READ_CONSUME_CHECK_CONSUMER) timestamp=2540 ms, used_size=5283840 bytes (12.9%)
(RDMA_READ_CONSUME_CHECK_CONSUMER) timestamp=2540 ms, used_size=5281792 bytes (12.9%)
(RDMA_READ_CONSUME_CHECK_CONSUMER) timestamp=2540 ms, used_size=5279744 bytes (12.9%)
(RDMA_READ_CONSUME_CHECK_CONSUMER) timestamp=2540 ms, used_size=5277696 bytes (12.9%)
(RDMA_READ_CONSUME_CHECK_CONSUMER) timestamp=2540 ms, used_size=5275648 bytes (12.9%)
(RDMA_READ_CONSUME_CHECK_CONSUMER) timestamp=2540 ms, used_size=5273600 bytes (12.9%)
(RDMA_READ_CONSUME_CHECK_CONSUMER) timestamp=2540 ms, used_size=5271552 bytes (12.9%)
(RDMA_READ_CONSUME_CHECK_CONSUMER) timestamp=2540 ms, used_size=5269504 bytes (12.9%)
(RDMA_READ_CONSUME_CHECK_CONSUMER) timestamp=2540 ms, used_size=5267456 bytes (12.9%)
(RDMA_READ_CONSUME_CHECK_CONSUMER) timestamp=2540 ms, used_size=5265408 bytes (12.9%)
(RDMA_READ_CONSUME_CHECK_CONSUMER) timestamp=2540 ms, used_size=5263360 bytes (12.8%)
(RDMA_READ_CONSUME_CHECK_CONSUMER) timestamp=2540 ms, used_size=5261312 bytes (12.8%)
(RDMA_READ_CONSUME_CHECK_CONSUMER) timestamp=2540 ms, used_size=5259264 bytes (12.8%)
(RDMA_READ_CONSUME_CHECK_CONSUMER) timestamp=2540 ms, used_size=5257216 bytes (12.8%)
(RDMA_READ_CONSUME_CHECK_CONSUMER) timestamp=2540 ms, used_size=5255168 bytes (12.8%)
(RDMA_READ_CONSUME_CHECK_CONSUMER) timestamp=2540 ms, used_size=5253120 bytes (12.8%)
(RDMA_READ_CONSUME_CHECK_CONSUMER) timestamp=2540 ms, used_size=5251072 bytes (12.8%)
(RDMA_READ_CONSUME_CHECK_CONSUMER) timestamp=2540 ms, used_size=5249024 bytes (12.8%)
(RDMA_READ_CONSUME_CHECK_CONSUMER) timestamp=2540 ms, used_size=5246976 bytes (12.8%)
(RDMA_READ_CONSUME_CHECK_CONSUMER) timestamp=2540 ms, used_size=5244928 bytes (12.8%)
(RDMA_READ_CONSUME_CHECK_CONSUMER) timestamp=2540 ms, used_size=5242880 bytes (12.8%)
(RDMA_READ_CONSUME_CHECK_CONSUMER) timestamp=2540 ms, used_size=5240832 bytes (12.8%)
(RDMA_READ_CONSUME_CHECK_CONSUMER) timestamp=2540 ms, used_size=5238784 bytes (12.8%)
(RDMA_READ_CONSUME_CHECK_CONSUMER) timestamp=2540 ms, used_size=5236736 bytes (12.8%)
(RDMA_READ_CONSUME_CHECK_CONSUMER) timestamp=2540 ms, used_size=5234688 bytes (12.8%)
(RDMA_READ_CONSUME_CHECK_CONSUMER) timestamp=2540 ms, used_size=5232640 bytes (12.8%)
(RDMA_READ_CONSUME_CHECK_CONSUMER) timestamp=2540 ms, used_size=5230592 bytes (12.8%)
(RDMA_READ_CONSUME_CHECK_CONSUMER) timestamp=2540 ms, used_size=5228544 bytes (12.8%)
(RDMA_READ_CONSUME_CHECK_CONSUMER) timestamp=2540 ms, used_size=5226496 bytes (12.8%)
(RDMA_READ_CONSUME_CHECK_CONSUMER) timestamp=2540 ms, used_size=5224448 bytes (12.8%)
(RDMA_READ_CONSUME_CHECK_CONSUMER) timestamp=2540 ms, used_size=5222400 bytes (12.8%)
(RDMA_READ_CONSUME_CHECK_CONSUMER) timestamp=2540 ms, used_size=5220352 bytes (12.7%)
(RDMA_READ_CONSUME_CHECK_CONSUMER) timestamp=2540 ms, used_size=5218304 bytes (12.7%)
(RDMA_READ_CONSUME_CHECK_CONSUMER) timestamp=2540 ms, used_size=5216256 bytes (12.7%)
(RDMA_READ_CONSUME_CHECK_CONSUMER) timestamp=2540 ms, used_size=5214208 bytes (12.7%)
(RDMA_READ_CONSUME_CHECK_CONSUMER) timestamp=2540 ms, used_size=5212160 bytes (12.7%)
(RDMA_READ_CONSUME_CHECK_CONSUMER) timestamp=2540 ms, used_size=5210112 bytes (12.7%)
(RDMA_READ_CONSUME_CHECK_CONSUMER) timestamp=2540 ms, used_size=5208064 bytes (12.7%)
(RDMA_READ_CONSUME_CHECK_CONSUMER) timestamp=2540 ms, used_size=5206016 bytes (12.7%)
(RDMA_READ_CONSUME_CHECK_CONSUMER) timestamp=2540 ms, used_size=5203968 bytes (12.7%)
(RDMA_READ_CONSUME_CHECK_CONSUMER) timestamp=2540 ms, used_size=5201920 bytes (12.7%)
(RDMA_READ_CONSUME_CHECK_CONSUMER) timestamp=2540 ms, used_size=5199872 bytes (12.7%)
(RDMA_READ_CONSUME_CHECK_CONSUMER) timestamp=2540 ms, used_size=5197824 bytes (12.7%)
(RDMA_READ_CONSUME_CHECK_CONSUMER) timestamp=2540 ms, used_size=5195776 bytes (12.7%)
(RDMA_READ_CONSUME_CHECK_CONSUMER) timestamp=2540 ms, used_size=5193728 bytes (12.7%)
(RDMA_READ_CONSUME_CHECK_CONSUMER) timestamp=2540 ms, used_size=5191680 bytes (12.7%)
(RDMA_READ_CONSUME_CHECK_CONSUMER) timestamp=2540 ms, used_size=5189632 bytes (12.7%)
(RDMA_READ_CONSUME_CHECK_CONSUMER) timestamp=2540 ms, used_size=5187584 bytes (12.7%)
(RDMA_READ_CONSUME_CHECK_CONSUMER) timestamp=2540 ms, used_size=5185536 bytes (12.7%)
(RDMA_READ_CONSUME_CHECK_CONSUMER) timestamp=2540 ms, used_size=5183488 bytes (12.7%)
(RDMA_READ_CONSUME_CHECK_CONSUMER) timestamp=2540 ms, used_size=5181440 bytes (12.7%)
(RDMA_READ_CONSUME_CHECK_CONSUMER) timestamp=2540 ms, used_size=5179392 bytes (12.6%)
(RDMA_READ_CONSUME_CHECK_CONSUMER) timestamp=2540 ms, used_size=5177344 bytes (12.6%)
(RDMA_READ_CONSUME_CHECK_CONSUMER) timestamp=2540 ms, used_size=5175296 bytes (12.6%)
(RDMA_READ_CONSUME_CHECK_CONSUMER) timestamp=2540 ms, used_size=5173248 bytes (12.6%)
(RDMA_READ_CONSUME_CHECK_CONSUMER) timestamp=2540 ms, used_size=5171200 bytes (12.6%)
(RDMA_READ_CONSUME_CHECK_CONSUMER) timestamp=2540 ms, used_size=5169152 bytes (12.6%)
(RDMA_READ_CONSUME_CHECK_CONSUMER) timestamp=2540 ms, used_size=5167104 bytes (12.6%)
(RDMA_READ_CONSUME_CHECK_CONSUMER) timestamp=2540 ms, used_size=5165056 bytes (12.6%)
(RDMA_READ_CONSUME_CHECK_CONSUMER) timestamp=2540 ms, used_size=5163008 bytes (12.6%)
(RDMA_READ_CONSUME_CHECK_CONSUMER) timestamp=2540 ms, used_size=5160960 bytes (12.6%)
(RDMA_READ_CONSUME_CHECK_CONSUMER) timestamp=2540 ms, used_size=5158912 bytes (12.6%)
(RDMA_READ_CONSUME_CHECK_CONSUMER) timestamp=2540 ms, used_size=5156864 bytes (12.6%)
(RDMA_READ_CONSUME_CHECK_CONSUMER) timestamp=2540 ms, used_size=5154816 bytes (12.6%)
(RDMA_READ_CONSUME_CHECK_CONSUMER) timestamp=2540 ms, used_size=5152768 bytes (12.6%)
(RDMA_READ_CONSUME_CHECK_CONSUMER) timestamp=2540 ms, used_size=5150720 bytes (12.6%)
(RDMA_READ_CONSUME_CHECK_CONSUMER) timestamp=2540 ms, used_size=5148672 bytes (12.6%)
(RDMA_READ_CONSUME_CHECK_CONSUMER) timestamp=2540 ms, used_size=5146624 bytes (12.6%)
(RDMA_READ_CONSUME_CHECK_CONSUMER) timestamp=2540 ms, used_size=5144576 bytes (12.6%)
(RDMA_READ_CONSUME_CHECK_CONSUMER) timestamp=2540 ms, used_size=5142528 bytes (12.6%)
(RDMA_READ_CONSUME_CHECK_CONSUMER) timestamp=2540 ms, used_size=5140480 bytes (12.6%)
(RDMA_READ_CONSUME_CHECK_CONSUMER) timestamp=2540 ms, used_size=5138432 bytes (12.5%)
(RDMA_READ_CONSUME_CHECK_CONSUMER) timestamp=2540 ms, used_size=5136384 bytes (12.5%)
(RDMA_READ_CONSUME_CHECK_CONSUMER) timestamp=2540 ms, used_size=5134336 bytes (12.5%)
(RDMA_READ_CONSUME_CHECK_CONSUMER) timestamp=2540 ms, used_size=5132288 bytes (12.5%)
(RDMA_READ_CONSUME_CHECK_CONSUMER) timestamp=2540 ms, used_size=5130240 bytes (12.5%)
(RDMA_READ_CONSUME_CHECK_CONSUMER) timestamp=2540 ms, used_size=5128192 bytes (12.5%)
(RDMA_READ_CONSUME_CHECK_CONSUMER) timestamp=2540 ms, used_size=5126144 bytes (12.5%)
(RDMA_READ_CONSUME_CHECK_CONSUMER) timestamp=2540 ms, used_size=5124096 bytes (12.5%)
(RDMA_READ_CONSUME_CHECK_CONSUMER) timestamp=2540 ms, used_size=5122048 bytes (12.5%)
(RDMA_READ_CONSUME_CHECK_CONSUMER) timestamp=2540 ms, used_size=5120000 bytes (12.5%)
(RDMA_READ_CONSUME_CHECK_CONSUMER) timestamp=2540 ms, used_size=5117952 bytes (12.5%)
(RDMA_READ_CONSUME_CHECK_CONSUMER) timestamp=2540 ms, used_size=5115904 bytes (12.5%)
(RDMA_READ_CONSUME_CHECK_CONSUMER) timestamp=2540 ms, used_size=5113856 bytes (12.5%)
(RDMA_READ_CONSUME_CHECK_CONSUMER) timestamp=2540 ms, used_size=5111808 bytes (12.5%)
(RDMA_READ_CONSUME_CHECK_CONSUMER) timestamp=2540 ms, used_size=5109760 bytes (12.5%)
(RDMA_READ_CONSUME_CHECK_CONSUMER) timestamp=2540 ms, used_size=5107712 bytes (12.5%)
(RDMA_READ_CONSUME_CHECK_CONSUMER) timestamp=2540 ms, used_size=5105664 bytes (12.5%)
(RDMA_READ_CONSUME_CHECK_CONSUMER) timestamp=2540 ms, used_size=5103616 bytes (12.5%)
(RDMA_READ_CONSUME_CHECK_CONSUMER) timestamp=2540 ms, used_size=5101568 bytes (12.5%)
(RDMA_READ_CONSUME_CHECK_CONSUMER) timestamp=2540 ms, used_size=5099520 bytes (12.4%)
(RDMA_READ_CONSUME_CHECK_CONSUMER) timestamp=2540 ms, used_size=5097472 bytes (12.4%)
(RDMA_READ_CONSUME_CHECK_CONSUMER) timestamp=2540 ms, used_size=5095424 bytes (12.4%)
(RDMA_READ_CONSUME_CHECK_CONSUMER) timestamp=2540 ms, used_size=5093376 bytes (12.4%)
(RDMA_READ_CONSUME_CHECK_CONSUMER) timestamp=2540 ms, used_size=5091328 bytes (12.4%)
(RDMA_READ_CONSUME_CHECK_CONSUMER) timestamp=2540 ms, used_size=5089280 bytes (12.4%)
(RDMA_READ_CONSUME_CHECK_CONSUMER) timestamp=2540 ms, used_size=5087232 bytes (12.4%)
(RDMA_READ_CONSUME_CHECK_CONSUMER) timestamp=2540 ms, used_size=5085184 bytes (12.4%)
(RDMA_READ_CONSUME_CHECK_CONSUMER) timestamp=2540 ms, used_size=5083136 bytes (12.4%)
(RDMA_READ_CONSUME_CHECK_CONSUMER) timestamp=2540 ms, used_size=5081088 bytes (12.4%)
(RDMA_READ_CONSUME_CHECK_CONSUMER) timestamp=2540 ms, used_size=5079040 bytes (12.4%)
(RDMA_READ_CONSUME_CHECK_CONSUMER) timestamp=2540 ms, used_size=5076992 bytes (12.4%)
(RDMA_READ_CONSUME_CHECK_CONSUMER) timestamp=2540 ms, used_size=5074944 bytes (12.4%)
(RDMA_READ_CONSUME_CHECK_CONSUMER) timestamp=2540 ms, used_size=5072896 bytes (12.4%)
(RDMA_READ_CONSUME_CHECK_CONSUMER) timestamp=2540 ms, used_size=5070848 bytes (12.4%)
(RDMA_READ_CONSUME_CHECK_CONSUMER) timestamp=2540 ms, used_size=5068800 bytes (12.4%)
(RDMA_READ_CONSUME_CHECK_CONSUMER) timestamp=2540 ms, used_size=5066752 bytes (12.4%)
(RDMA_READ_CONSUME_CHECK_CONSUMER) timestamp=2540 ms, used_size=5064704 bytes (12.4%)
(RDMA_READ_CONSUME_CHECK_CONSUMER) timestamp=2540 ms, used_size=5062656 bytes (12.4%)
(RDMA_READ_CONSUME_CHECK_CONSUMER) timestamp=2540 ms, used_size=5060608 bytes (12.4%)
(RDMA_READ_CONSUME_CHECK_CONSUMER) timestamp=2540 ms, used_size=5058560 bytes (12.3%)
(RDMA_READ_CONSUME_CHECK_CONSUMER) timestamp=2540 ms, used_size=5056512 bytes (12.3%)
(RDMA_READ_CONSUME_CHECK_CONSUMER) timestamp=2540 ms, used_size=5054464 bytes (12.3%)
(RDMA_READ_CONSUME_CHECK_CONSUMER) timestamp=2540 ms, used_size=5052416 bytes (12.3%)
(RDMA_READ_CONSUME_CHECK_CONSUMER) timestamp=2540 ms, used_size=5050368 bytes (12.3%)
(RDMA_READ_CONSUME_CHECK_CONSUMER) timestamp=2540 ms, used_size=5048320 bytes (12.3%)
(RDMA_READ_CONSUME_CHECK_CONSUMER) timestamp=2540 ms, used_size=5046272 bytes (12.3%)
(RDMA_READ_CONSUME_CHECK_CONSUMER) timestamp=2540 ms, used_size=5044224 bytes (12.3%)
(RDMA_READ_CONSUME_CHECK_CONSUMER) timestamp=2540 ms, used_size=5042176 bytes (12.3%)
(RDMA_READ_CONSUME_CHECK_CONSUMER) timestamp=2540 ms, used_size=5040128 bytes (12.3%)
(RDMA_READ_CONSUME_CHECK_CONSUMER) timestamp=2540 ms, used_size=5038080 bytes (12.3%)
(RDMA_READ_CONSUME_CHECK_CONSUMER) timestamp=2540 ms, used_size=5036032 bytes (12.3%)
(RDMA_READ_CONSUME_CHECK_CONSUMER) timestamp=2540 ms, used_size=5033984 bytes (12.3%)
(RDMA_READ_CONSUME_CHECK_CONSUMER) timestamp=2540 ms, used_size=5031936 bytes (12.3%)
(RDMA_READ_CONSUME_CHECK_CONSUMER) timestamp=2540 ms, used_size=5029888 bytes (12.3%)
(RDMA_READ_CONSUME_CHECK_CONSUMER) timestamp=2540 ms, used_size=5027840 bytes (12.3%)
(RDMA_READ_CONSUME_CHECK_CONSUMER) timestamp=2540 ms, used_size=5025792 bytes (12.3%)
(RDMA_READ_CONSUME_CHECK_CONSUMER) timestamp=2540 ms, used_size=5023744 bytes (12.3%)
(RDMA_READ_CONSUME_CHECK_CONSUMER) timestamp=2540 ms, used_size=5021696 bytes (12.3%)
(RDMA_READ_CONSUME_CHECK_CONSUMER) timestamp=2540 ms, used_size=5019648 bytes (12.3%)
(RDMA_READ_CONSUME_CHECK_CONSUMER) timestamp=2540 ms, used_size=5017600 bytes (12.2%)
(RDMA_READ_CONSUME_CHECK_CONSUMER) timestamp=2540 ms, used_size=5015552 bytes (12.2%)
(RDMA_READ_CONSUME_CHECK_CONSUMER) timestamp=2540 ms, used_size=5013504 bytes (12.2%)
(RDMA_READ_CONSUME_CHECK_CONSUMER) timestamp=2540 ms, used_size=5011456 bytes (12.2%)
(RDMA_READ_CONSUME_CHECK_CONSUMER) timestamp=2540 ms, used_size=5009408 bytes (12.2%)
(RDMA_READ_CONSUME_CHECK_CONSUMER) timestamp=2540 ms, used_size=5007360 bytes (12.2%)
(RDMA_READ_CONSUME_CHECK_CONSUMER) timestamp=2540 ms, used_size=5005312 bytes (12.2%)
(RDMA_READ_CONSUME_CHECK_CONSUMER) timestamp=2540 ms, used_size=5003264 bytes (12.2%)
(RDMA_READ_CONSUME_CHECK_CONSUMER) timestamp=2540 ms, used_size=5001216 bytes (12.2%)
(RDMA_READ_CONSUME_CHECK_CONSUMER) timestamp=2540 ms, used_size=4999168 bytes (12.2%)
(RDMA_READ_CONSUME_CHECK_CONSUMER) timestamp=2540 ms, used_size=4997120 bytes (12.2%)
(RDMA_READ_CONSUME_CHECK_CONSUMER) timestamp=2540 ms, used_size=4995072 bytes (12.2%)
(RDMA_READ_CONSUME_CHECK_CONSUMER) timestamp=2540 ms, used_size=4993024 bytes (12.2%)
(RDMA_READ_CONSUME_CHECK_CONSUMER) timestamp=2540 ms, used_size=4990976 bytes (12.2%)
(RDMA_READ_CONSUME_CHECK_CONSUMER) timestamp=2540 ms, used_size=4988928 bytes (12.2%)
(RDMA_READ_CONSUME_CHECK_CONSUMER) timestamp=2540 ms, used_size=4986880 bytes (12.2%)
(RDMA_READ_CONSUME_CHECK_CONSUMER) timestamp=2540 ms, used_size=4984832 bytes (12.2%)
(RDMA_READ_CONSUME_CHECK_CONSUMER) timestamp=2540 ms, used_size=4982784 bytes (12.2%)
(RDMA_READ_CONSUME_CHECK_CONSUMER) timestamp=2540 ms, used_size=4980736 bytes (12.2%)
(RDMA_READ_CONSUME_CHECK_CONSUMER) timestamp=2540 ms, used_size=4978688 bytes (12.2%)
(RDMA_READ_CONSUME_CHECK_CONSUMER) timestamp=2540 ms, used_size=4976640 bytes (12.2%)
(RDMA_READ_CONSUME_CHECK_CONSUMER) timestamp=2540 ms, used_size=4974592 bytes (12.1%)
(RDMA_READ_CONSUME_CHECK_CONSUMER) timestamp=2540 ms, used_size=4972544 bytes (12.1%)
(RDMA_READ_CONSUME_CHECK_CONSUMER) timestamp=2540 ms, used_size=4970496 bytes (12.1%)
(RDMA_READ_CONSUME_CHECK_CONSUMER) timestamp=2540 ms, used_size=4968448 bytes (12.1%)
(RDMA_READ_CONSUME_CHECK_CONSUMER) timestamp=2540 ms, used_size=4966400 bytes (12.1%)
(RDMA_READ_CONSUME_CHECK_CONSUMER) timestamp=2540 ms, used_size=4964352 bytes (12.1%)
(RDMA_READ_CONSUME_CHECK_CONSUMER) timestamp=2540 ms, used_size=4962304 bytes (12.1%)
(RDMA_READ_CONSUME_CHECK_CONSUMER) timestamp=2540 ms, used_size=4960256 bytes (12.1%)
(RDMA_READ_CONSUME_CHECK_CONSUMER) timestamp=2540 ms, used_size=4958208 bytes (12.1%)
(RDMA_READ_CONSUME_CHECK_CONSUMER) timestamp=2540 ms, used_size=4956160 bytes (12.1%)
(RDMA_READ_CONSUME_CHECK_CONSUMER) timestamp=2540 ms, used_size=4954112 bytes (12.1%)
(RDMA_READ_CONSUME_CHECK_CONSUMER) timestamp=2540 ms, used_size=4952064 bytes (12.1%)
(RDMA_READ_CONSUME_CHECK_CONSUMER) timestamp=2540 ms, used_size=4950016 bytes (12.1%)
(RDMA_READ_CONSUME_CHECK_CONSUMER) timestamp=2540 ms, used_size=4947968 bytes (12.1%)
(RDMA_READ_CONSUME_CHECK_CONSUMER) timestamp=2541 ms, used_size=4945920 bytes (12.1%)
(RDMA_READ_CONSUME_CHECK_CONSUMER) timestamp=2541 ms, used_size=4943872 bytes (12.1%)
(RDMA_READ_CONSUME_CHECK_CONSUMER) timestamp=2541 ms, used_size=4941824 bytes (12.1%)
(RDMA_READ_CONSUME_CHECK_CONSUMER) timestamp=2541 ms, used_size=4939776 bytes (12.1%)
(RDMA_READ_CONSUME_CHECK_CONSUMER) timestamp=2541 ms, used_size=4937728 bytes (12.1%)
(RDMA_READ_CONSUME_CHECK_CONSUMER) timestamp=2541 ms, used_size=4935680 bytes (12.1%)
(RDMA_READ_CONSUME_CHECK_CONSUMER) timestamp=2541 ms, used_size=4933632 bytes (12.0%)
(RDMA_READ_CONSUME_CHECK_CONSUMER) timestamp=2541 ms, used_size=4931584 bytes (12.0%)
(RDMA_READ_CONSUME_CHECK_CONSUMER) timestamp=2541 ms, used_size=4929536 bytes (12.0%)
(RDMA_READ_CONSUME_CHECK_CONSUMER) timestamp=2541 ms, used_size=4927488 bytes (12.0%)
(RDMA_READ_CONSUME_CHECK_CONSUMER) timestamp=2541 ms, used_size=4925440 bytes (12.0%)
(RDMA_READ_CONSUME_CHECK_CONSUMER) timestamp=2541 ms, used_size=4923392 bytes (12.0%)
(RDMA_READ_CONSUME_CHECK_CONSUMER) timestamp=2541 ms, used_size=4921344 bytes (12.0%)
(RDMA_READ_CONSUME_CHECK_CONSUMER) timestamp=2541 ms, used_size=4919296 bytes (12.0%)
(RDMA_READ_CONSUME_CHECK_CONSUMER) timestamp=2541 ms, used_size=4917248 bytes (12.0%)
(RDMA_READ_CONSUME_CHECK_CONSUMER) timestamp=2541 ms, used_size=4915200 bytes (12.0%)
(RDMA_READ_CONSUME_CHECK_CONSUMER) timestamp=2541 ms, used_size=4913152 bytes (12.0%)
(RDMA_READ_CONSUME_CHECK_CONSUMER) timestamp=2541 ms, used_size=4911104 bytes (12.0%)
(RDMA_READ_CONSUME_CHECK_CONSUMER) timestamp=2541 ms, used_size=4909056 bytes (12.0%)
(RDMA_READ_CONSUME_CHECK_CONSUMER) timestamp=2541 ms, used_size=4907008 bytes (12.0%)
(RDMA_READ_CONSUME_CHECK_CONSUMER) timestamp=2541 ms, used_size=4904960 bytes (12.0%)
(RDMA_READ_CONSUME_CHECK_CONSUMER) timestamp=2541 ms, used_size=4902912 bytes (12.0%)
(RDMA_READ_CONSUME_CHECK_CONSUMER) timestamp=2541 ms, used_size=4900864 bytes (12.0%)
(RDMA_READ_CONSUME_CHECK_CONSUMER) timestamp=2541 ms, used_size=4898816 bytes (12.0%)
(RDMA_READ_CONSUME_CHECK_CONSUMER) timestamp=2541 ms, used_size=4896768 bytes (12.0%)
(RDMA_READ_CONSUME_CHECK_CONSUMER) timestamp=2541 ms, used_size=4894720 bytes (11.9%)
(RDMA_READ_CONSUME_CHECK_CONSUMER) timestamp=2541 ms, used_size=4892672 bytes (11.9%)
(RDMA_READ_CONSUME_CHECK_CONSUMER) timestamp=2541 ms, used_size=4890624 bytes (11.9%)
(RDMA_READ_CONSUME_CHECK_CONSUMER) timestamp=2541 ms, used_size=4888576 bytes (11.9%)
(RDMA_READ_CONSUME_CHECK_CONSUMER) timestamp=2541 ms, used_size=4886528 bytes (11.9%)
(RDMA_READ_CONSUME_CHECK_CONSUMER) timestamp=2541 ms, used_size=4884480 bytes (11.9%)
(RDMA_READ_CONSUME_CHECK_CONSUMER) timestamp=2541 ms, used_size=4882432 bytes (11.9%)
(RDMA_READ_CONSUME_CHECK_CONSUMER) timestamp=2541 ms, used_size=4880384 bytes (11.9%)
(RDMA_READ_CONSUME_CHECK_CONSUMER) timestamp=2541 ms, used_size=4878336 bytes (11.9%)
(RDMA_READ_CONSUME_CHECK_CONSUMER) timestamp=2541 ms, used_size=4876288 bytes (11.9%)
(RDMA_READ_CONSUME_CHECK_CONSUMER) timestamp=2541 ms, used_size=4874240 bytes (11.9%)
(RDMA_READ_CONSUME_CHECK_CONSUMER) timestamp=2541 ms, used_size=4872192 bytes (11.9%)
(RDMA_READ_CONSUME_CHECK_CONSUMER) timestamp=2541 ms, used_size=4870144 bytes (11.9%)
(RDMA_READ_CONSUME_CHECK_CONSUMER) timestamp=2541 ms, used_size=4868096 bytes (11.9%)
(RDMA_READ_CONSUME_CHECK_CONSUMER) timestamp=2541 ms, used_size=4866048 bytes (11.9%)
(RDMA_READ_CONSUME_CHECK_CONSUMER) timestamp=2541 ms, used_size=4864000 bytes (11.9%)
(RDMA_READ_CONSUME_CHECK_CONSUMER) timestamp=2541 ms, used_size=4861952 bytes (11.9%)
(RDMA_READ_CONSUME_CHECK_CONSUMER) timestamp=2541 ms, used_size=4859904 bytes (11.9%)
(RDMA_READ_CONSUME_CHECK_CONSUMER) timestamp=2541 ms, used_size=4857856 bytes (11.9%)
(RDMA_READ_CONSUME_CHECK_CONSUMER) timestamp=2541 ms, used_size=4855808 bytes (11.9%)
(RDMA_READ_CONSUME_CHECK_CONSUMER) timestamp=2541 ms, used_size=4853760 bytes (11.8%)
(RDMA_READ_CONSUME_CHECK_CONSUMER) timestamp=2541 ms, used_size=4851712 bytes (11.8%)
(RDMA_READ_CONSUME_CHECK_CONSUMER) timestamp=2541 ms, used_size=4849664 bytes (11.8%)
(RDMA_READ_CONSUME_CHECK_CONSUMER) timestamp=2541 ms, used_size=4847616 bytes (11.8%)
(RDMA_READ_CONSUME_CHECK_CONSUMER) timestamp=2541 ms, used_size=4845568 bytes (11.8%)
(RDMA_READ_CONSUME_CHECK_CONSUMER) timestamp=2541 ms, used_size=4843520 bytes (11.8%)
(RDMA_READ_CONSUME_CHECK_CONSUMER) timestamp=2541 ms, used_size=4841472 bytes (11.8%)
(RDMA_READ_CONSUME_CHECK_CONSUMER) timestamp=2541 ms, used_size=4839424 bytes (11.8%)
(RDMA_READ_CONSUME_CHECK_CONSUMER) timestamp=2541 ms, used_size=4837376 bytes (11.8%)
(RDMA_READ_CONSUME_CHECK_CONSUMER) timestamp=2541 ms, used_size=4835328 bytes (11.8%)
(RDMA_READ_CONSUME_CHECK_CONSUMER) timestamp=2541 ms, used_size=4833280 bytes (11.8%)
(RDMA_READ_CONSUME_CHECK_CONSUMER) timestamp=2541 ms, used_size=4831232 bytes (11.8%)
(RDMA_READ_CONSUME_CHECK_CONSUMER) timestamp=2541 ms, used_size=4829184 bytes (11.8%)
(RDMA_READ_CONSUME_CHECK_CONSUMER) timestamp=2541 ms, used_size=4827136 bytes (11.8%)
(RDMA_READ_CONSUME_CHECK_CONSUMER) timestamp=2541 ms, used_size=4825088 bytes (11.8%)
(RDMA_READ_CONSUME_CHECK_CONSUMER) timestamp=2541 ms, used_size=4823040 bytes (11.8%)
(RDMA_READ_CONSUME_CHECK_CONSUMER) timestamp=2541 ms, used_size=4820992 bytes (11.8%)
(RDMA_READ_CONSUME_CHECK_CONSUMER) timestamp=2541 ms, used_size=4818944 bytes (11.8%)
(RDMA_READ_CONSUME_CHECK_CONSUMER) timestamp=2541 ms, used_size=4816896 bytes (11.8%)
(RDMA_READ_CONSUME_CHECK_CONSUMER) timestamp=2541 ms, used_size=4814848 bytes (11.8%)
(RDMA_READ_CONSUME_CHECK_CONSUMER) timestamp=2541 ms, used_size=4812800 bytes (11.8%)
(RDMA_READ_CONSUME_CHECK_CONSUMER) timestamp=2541 ms, used_size=4810752 bytes (11.7%)
(RDMA_READ_CONSUME_CHECK_CONSUMER) timestamp=2541 ms, used_size=4808704 bytes (11.7%)
(RDMA_READ_CONSUME_CHECK_CONSUMER) timestamp=2541 ms, used_size=4806656 bytes (11.7%)
(RDMA_READ_CONSUME_CHECK_CONSUMER) timestamp=2541 ms, used_size=4804608 bytes (11.7%)
(RDMA_READ_CONSUME_CHECK_CONSUMER) timestamp=2541 ms, used_size=4802560 bytes (11.7%)
(RDMA_READ_CONSUME_CHECK_CONSUMER) timestamp=2541 ms, used_size=4800512 bytes (11.7%)
(RDMA_READ_CONSUME_CHECK_CONSUMER) timestamp=2541 ms, used_size=4798464 bytes (11.7%)
(RDMA_READ_CONSUME_CHECK_CONSUMER) timestamp=2541 ms, used_size=4796416 bytes (11.7%)
(RDMA_READ_CONSUME_CHECK_CONSUMER) timestamp=2541 ms, used_size=4794368 bytes (11.7%)
(RDMA_READ_CONSUME_CHECK_CONSUMER) timestamp=2541 ms, used_size=4792320 bytes (11.7%)
(RDMA_READ_CONSUME_CHECK_CONSUMER) timestamp=2541 ms, used_size=4790272 bytes (11.7%)
(RDMA_READ_CONSUME_CHECK_CONSUMER) timestamp=2541 ms, used_size=4788224 bytes (11.7%)
(RDMA_READ_CONSUME_CHECK_CONSUMER) timestamp=2541 ms, used_size=4786176 bytes (11.7%)
(RDMA_READ_CONSUME_CHECK_CONSUMER) timestamp=2541 ms, used_size=4784128 bytes (11.7%)
(RDMA_READ_CONSUME_CHECK_CONSUMER) timestamp=2541 ms, used_size=4782080 bytes (11.7%)
(RDMA_READ_CONSUME_CHECK_CONSUMER) timestamp=2541 ms, used_size=4780032 bytes (11.7%)
(RDMA_READ_CONSUME_CHECK_CONSUMER) timestamp=2541 ms, used_size=4777984 bytes (11.7%)
(RDMA_READ_CONSUME_CHECK_CONSUMER) timestamp=2541 ms, used_size=4775936 bytes (11.7%)
(RDMA_READ_CONSUME_CHECK_CONSUMER) timestamp=2541 ms, used_size=4773888 bytes (11.7%)
(RDMA_READ_CONSUME_CHECK_CONSUMER) timestamp=2541 ms, used_size=4771840 bytes (11.7%)
(RDMA_READ_CONSUME_CHECK_CONSUMER) timestamp=2541 ms, used_size=4769792 bytes (11.6%)
(RDMA_READ_CONSUME_CHECK_CONSUMER) timestamp=2541 ms, used_size=4767744 bytes (11.6%)
(RDMA_READ_CONSUME_CHECK_CONSUMER) timestamp=2541 ms, used_size=4765696 bytes (11.6%)
(RDMA_READ_CONSUME_CHECK_CONSUMER) timestamp=2541 ms, used_size=4763648 bytes (11.6%)
(RDMA_READ_CONSUME_CHECK_CONSUMER) timestamp=2541 ms, used_size=4761600 bytes (11.6%)
(RDMA_READ_CONSUME_CHECK_CONSUMER) timestamp=2541 ms, used_size=4759552 bytes (11.6%)
(RDMA_READ_CONSUME_CHECK_CONSUMER) timestamp=2541 ms, used_size=4757504 bytes (11.6%)
(RDMA_READ_CONSUME_CHECK_CONSUMER) timestamp=2541 ms, used_size=4755456 bytes (11.6%)
(RDMA_READ_CONSUME_CHECK_CONSUMER) timestamp=2541 ms, used_size=4753408 bytes (11.6%)
(RDMA_READ_CONSUME_CHECK_CONSUMER) timestamp=2541 ms, used_size=4751360 bytes (11.6%)
(RDMA_READ_CONSUME_CHECK_CONSUMER) timestamp=2541 ms, used_size=4749312 bytes (11.6%)
(RDMA_READ_CONSUME_CHECK_CONSUMER) timestamp=2541 ms, used_size=4747264 bytes (11.6%)
(RDMA_READ_CONSUME_CHECK_CONSUMER) timestamp=2541 ms, used_size=4745216 bytes (11.6%)
(RDMA_READ_CONSUME_CHECK_CONSUMER) timestamp=2541 ms, used_size=4743168 bytes (11.6%)
(RDMA_READ_CONSUME_CHECK_CONSUMER) timestamp=2541 ms, used_size=4741120 bytes (11.6%)
(RDMA_READ_CONSUME_CHECK_CONSUMER) timestamp=2541 ms, used_size=4739072 bytes (11.6%)
(RDMA_READ_CONSUME_CHECK_CONSUMER) timestamp=2541 ms, used_size=4737024 bytes (11.6%)
(RDMA_READ_CONSUME_CHECK_CONSUMER) timestamp=2541 ms, used_size=4734976 bytes (11.6%)
(RDMA_READ_CONSUME_CHECK_CONSUMER) timestamp=2541 ms, used_size=4732928 bytes (11.6%)
(RDMA_READ_CONSUME_CHECK_CONSUMER) timestamp=2541 ms, used_size=4730880 bytes (11.6%)
(RDMA_READ_CONSUME_CHECK_CONSUMER) timestamp=2541 ms, used_size=4728832 bytes (11.5%)
(RDMA_READ_CONSUME_CHECK_CONSUMER) timestamp=2541 ms, used_size=4726784 bytes (11.5%)
(RDMA_READ_CONSUME_CHECK_CONSUMER) timestamp=2541 ms, used_size=4724736 bytes (11.5%)
(RDMA_READ_CONSUME_CHECK_CONSUMER) timestamp=2541 ms, used_size=4722688 bytes (11.5%)
(RDMA_READ_CONSUME_CHECK_CONSUMER) timestamp=2541 ms, used_size=4720640 bytes (11.5%)
(RDMA_READ_CONSUME_CHECK_CONSUMER) timestamp=2541 ms, used_size=4718592 bytes (11.5%)
(RDMA_READ_CONSUME_CHECK_CONSUMER) timestamp=2541 ms, used_size=4716544 bytes (11.5%)
(RDMA_READ_CONSUME_CHECK_CONSUMER) timestamp=2541 ms, used_size=4714496 bytes (11.5%)
(RDMA_READ_CONSUME_CHECK_CONSUMER) timestamp=2541 ms, used_size=4712448 bytes (11.5%)
(RDMA_READ_CONSUME_CHECK_CONSUMER) timestamp=2541 ms, used_size=4710400 bytes (11.5%)
(RDMA_READ_CONSUME_CHECK_CONSUMER) timestamp=2541 ms, used_size=4708352 bytes (11.5%)
(RDMA_READ_CONSUME_CHECK_CONSUMER) timestamp=2541 ms, used_size=4706304 bytes (11.5%)
(RDMA_READ_CONSUME_CHECK_CONSUMER) timestamp=2541 ms, used_size=4704256 bytes (11.5%)
(RDMA_READ_CONSUME_CHECK_CONSUMER) timestamp=2541 ms, used_size=4702208 bytes (11.5%)
(RDMA_READ_CONSUME_CHECK_CONSUMER) timestamp=2541 ms, used_size=4700160 bytes (11.5%)
(RDMA_READ_CONSUME_CHECK_CONSUMER) timestamp=2541 ms, used_size=4698112 bytes (11.5%)
(RDMA_READ_CONSUME_CHECK_CONSUMER) timestamp=2541 ms, used_size=4696064 bytes (11.5%)
(RDMA_READ_CONSUME_CHECK_CONSUMER) timestamp=2541 ms, used_size=4694016 bytes (11.5%)
(RDMA_READ_CONSUME_CHECK_CONSUMER) timestamp=2541 ms, used_size=4691968 bytes (11.5%)
(RDMA_READ_CONSUME_CHECK_CONSUMER) timestamp=2541 ms, used_size=4689920 bytes (11.4%)
(RDMA_READ_CONSUME_CHECK_CONSUMER) timestamp=2541 ms, used_size=4687872 bytes (11.4%)
(RDMA_READ_CONSUME_CHECK_CONSUMER) timestamp=2541 ms, used_size=4685824 bytes (11.4%)
(RDMA_READ_CONSUME_CHECK_CONSUMER) timestamp=2541 ms, used_size=4683776 bytes (11.4%)
(RDMA_READ_CONSUME_CHECK_CONSUMER) timestamp=2541 ms, used_size=4681728 bytes (11.4%)
(RDMA_READ_CONSUME_CHECK_CONSUMER) timestamp=2541 ms, used_size=4679680 bytes (11.4%)
(RDMA_READ_CONSUME_CHECK_CONSUMER) timestamp=2541 ms, used_size=4677632 bytes (11.4%)
(RDMA_READ_CONSUME_CHECK_CONSUMER) timestamp=2541 ms, used_size=4675584 bytes (11.4%)
(RDMA_READ_CONSUME_CHECK_CONSUMER) timestamp=2541 ms, used_size=4673536 bytes (11.4%)
(RDMA_READ_CONSUME_CHECK_CONSUMER) timestamp=2541 ms, used_size=4671488 bytes (11.4%)
(RDMA_READ_CONSUME_CHECK_CONSUMER) timestamp=2541 ms, used_size=4669440 bytes (11.4%)
(RDMA_READ_CONSUME_CHECK_CONSUMER) timestamp=2541 ms, used_size=4667392 bytes (11.4%)
(RDMA_READ_CONSUME_CHECK_CONSUMER) timestamp=2541 ms, used_size=4665344 bytes (11.4%)
(RDMA_READ_CONSUME_CHECK_CONSUMER) timestamp=2541 ms, used_size=4663296 bytes (11.4%)
(RDMA_READ_CONSUME_CHECK_CONSUMER) timestamp=2541 ms, used_size=4661248 bytes (11.4%)
(RDMA_READ_CONSUME_CHECK_CONSUMER) timestamp=2541 ms, used_size=4659200 bytes (11.4%)
(RDMA_READ_CONSUME_CHECK_CONSUMER) timestamp=2541 ms, used_size=4657152 bytes (11.4%)
(RDMA_READ_CONSUME_CHECK_CONSUMER) timestamp=2541 ms, used_size=4655104 bytes (11.4%)
(RDMA_READ_CONSUME_CHECK_CONSUMER) timestamp=2541 ms, used_size=4653056 bytes (11.4%)
(RDMA_READ_CONSUME_CHECK_CONSUMER) timestamp=2541 ms, used_size=4651008 bytes (11.4%)
(RDMA_READ_CONSUME_CHECK_CONSUMER) timestamp=2541 ms, used_size=4648960 bytes (11.3%)
(RDMA_READ_CONSUME_CHECK_CONSUMER) timestamp=2541 ms, used_size=4646912 bytes (11.3%)
(RDMA_READ_CONSUME_CHECK_CONSUMER) timestamp=2541 ms, used_size=4644864 bytes (11.3%)
(RDMA_READ_CONSUME_CHECK_CONSUMER) timestamp=2541 ms, used_size=4642816 bytes (11.3%)
(RDMA_READ_CONSUME_CHECK_CONSUMER) timestamp=2541 ms, used_size=4640768 bytes (11.3%)
(RDMA_READ_CONSUME_CHECK_CONSUMER) timestamp=2541 ms, used_size=4638720 bytes (11.3%)
(RDMA_READ_CONSUME_CHECK_CONSUMER) timestamp=2541 ms, used_size=4636672 bytes (11.3%)
(RDMA_READ_CONSUME_CHECK_CONSUMER) timestamp=2541 ms, used_size=4634624 bytes (11.3%)
(RDMA_READ_CONSUME_CHECK_CONSUMER) timestamp=2541 ms, used_size=4632576 bytes (11.3%)
(RDMA_READ_CONSUME_CHECK_CONSUMER) timestamp=2541 ms, used_size=4630528 bytes (11.3%)
(RDMA_READ_CONSUME_CHECK_CONSUMER) timestamp=2541 ms, used_size=4628480 bytes (11.3%)
(RDMA_READ_CONSUME_CHECK_CONSUMER) timestamp=2541 ms, used_size=4626432 bytes (11.3%)
(RDMA_READ_CONSUME_CHECK_CONSUMER) timestamp=2541 ms, used_size=4624384 bytes (11.3%)
(RDMA_READ_CONSUME_CHECK_CONSUMER) timestamp=2541 ms, used_size=4622336 bytes (11.3%)
(RDMA_READ_CONSUME_CHECK_CONSUMER) timestamp=2541 ms, used_size=4620288 bytes (11.3%)
(RDMA_READ_CONSUME_CHECK_CONSUMER) timestamp=2541 ms, used_size=4618240 bytes (11.3%)
(RDMA_READ_CONSUME_CHECK_CONSUMER) timestamp=2541 ms, used_size=4616192 bytes (11.3%)
(RDMA_READ_CONSUME_CHECK_CONSUMER) timestamp=2541 ms, used_size=4614144 bytes (11.3%)
(RDMA_READ_CONSUME_CHECK_CONSUMER) timestamp=2541 ms, used_size=4612096 bytes (11.3%)
(RDMA_READ_CONSUME_CHECK_CONSUMER) timestamp=2541 ms, used_size=4610048 bytes (11.3%)
(RDMA_READ_CONSUME_CHECK_CONSUMER) timestamp=2541 ms, used_size=4608000 bytes (11.2%)
(RDMA_READ_CONSUME_CHECK_CONSUMER) timestamp=2541 ms, used_size=4605952 bytes (11.2%)
(RDMA_READ_CONSUME_CHECK_CONSUMER) timestamp=2541 ms, used_size=4603904 bytes (11.2%)
(RDMA_READ_CONSUME_CHECK_CONSUMER) timestamp=2541 ms, used_size=4601856 bytes (11.2%)
(RDMA_READ_CONSUME_CHECK_CONSUMER) timestamp=2541 ms, used_size=4599808 bytes (11.2%)
(RDMA_READ_CONSUME_CHECK_CONSUMER) timestamp=2541 ms, used_size=4597760 bytes (11.2%)
(RDMA_READ_CONSUME_CHECK_CONSUMER) timestamp=2541 ms, used_size=4595712 bytes (11.2%)
(RDMA_READ_CONSUME_CHECK_CONSUMER) timestamp=2541 ms, used_size=4593664 bytes (11.2%)
(RDMA_READ_CONSUME_CHECK_CONSUMER) timestamp=2541 ms, used_size=4591616 bytes (11.2%)
(RDMA_READ_CONSUME_CHECK_CONSUMER) timestamp=2541 ms, used_size=4589568 bytes (11.2%)
(RDMA_READ_CONSUME_CHECK_CONSUMER) timestamp=2541 ms, used_size=4587520 bytes (11.2%)
(RDMA_READ_CONSUME_CHECK_CONSUMER) timestamp=2541 ms, used_size=4585472 bytes (11.2%)
(RDMA_READ_CONSUME_CHECK_CONSUMER) timestamp=2541 ms, used_size=4583424 bytes (11.2%)
(RDMA_READ_CONSUME_CHECK_CONSUMER) timestamp=2541 ms, used_size=4581376 bytes (11.2%)
(RDMA_READ_CONSUME_CHECK_CONSUMER) timestamp=2542 ms, used_size=4579328 bytes (11.2%)
(RDMA_READ_CONSUME_CHECK_CONSUMER) timestamp=2542 ms, used_size=4577280 bytes (11.2%)
(RDMA_READ_CONSUME_CHECK_CONSUMER) timestamp=2542 ms, used_size=4575232 bytes (11.2%)
(RDMA_READ_CONSUME_CHECK_CONSUMER) timestamp=2542 ms, used_size=4573184 bytes (11.2%)
(RDMA_READ_CONSUME_CHECK_CONSUMER) timestamp=2542 ms, used_size=4571136 bytes (11.2%)
(RDMA_READ_CONSUME_CHECK_CONSUMER) timestamp=2542 ms, used_size=4569088 bytes (11.2%)
(RDMA_READ_CONSUME_CHECK_CONSUMER) timestamp=2542 ms, used_size=4567040 bytes (11.2%)
(RDMA_READ_CONSUME_CHECK_CONSUMER) timestamp=2542 ms, used_size=4564992 bytes (11.1%)
(RDMA_READ_CONSUME_CHECK_CONSUMER) timestamp=2542 ms, used_size=4562944 bytes (11.1%)
(RDMA_READ_CONSUME_CHECK_CONSUMER) timestamp=2542 ms, used_size=4560896 bytes (11.1%)
(RDMA_READ_CONSUME_CHECK_CONSUMER) timestamp=2542 ms, used_size=4558848 bytes (11.1%)
(RDMA_READ_CONSUME_CHECK_CONSUMER) timestamp=2542 ms, used_size=4556800 bytes (11.1%)
(RDMA_READ_CONSUME_CHECK_CONSUMER) timestamp=2542 ms, used_size=4554752 bytes (11.1%)
(RDMA_READ_CONSUME_CHECK_CONSUMER) timestamp=2542 ms, used_size=4552704 bytes (11.1%)
(RDMA_READ_CONSUME_CHECK_CONSUMER) timestamp=2542 ms, used_size=4550656 bytes (11.1%)
(RDMA_READ_CONSUME_CHECK_CONSUMER) timestamp=2542 ms, used_size=4548608 bytes (11.1%)
(RDMA_READ_CONSUME_CHECK_CONSUMER) timestamp=2542 ms, used_size=4546560 bytes (11.1%)
(RDMA_READ_CONSUME_CHECK_CONSUMER) timestamp=2542 ms, used_size=4544512 bytes (11.1%)
(RDMA_READ_CONSUME_CHECK_CONSUMER) timestamp=2542 ms, used_size=4542464 bytes (11.1%)
(RDMA_READ_CONSUME_CHECK_CONSUMER) timestamp=2542 ms, used_size=4540416 bytes (11.1%)
(RDMA_READ_CONSUME_CHECK_CONSUMER) timestamp=2542 ms, used_size=4538368 bytes (11.1%)
(RDMA_READ_CONSUME_CHECK_CONSUMER) timestamp=2542 ms, used_size=4536320 bytes (11.1%)
(RDMA_READ_CONSUME_CHECK_CONSUMER) timestamp=2542 ms, used_size=4534272 bytes (11.1%)
(RDMA_READ_CONSUME_CHECK_CONSUMER) timestamp=2542 ms, used_size=4532224 bytes (11.1%)
(RDMA_READ_CONSUME_CHECK_CONSUMER) timestamp=2542 ms, used_size=4530176 bytes (11.1%)
(RDMA_READ_CONSUME_CHECK_CONSUMER) timestamp=2542 ms, used_size=4528128 bytes (11.1%)
(RDMA_READ_CONSUME_CHECK_CONSUMER) timestamp=2542 ms, used_size=4526080 bytes (11.1%)
(RDMA_READ_CONSUME_CHECK_CONSUMER) timestamp=2542 ms, used_size=4524032 bytes (11.0%)
(RDMA_READ_CONSUME_CHECK_CONSUMER) timestamp=2542 ms, used_size=4521984 bytes (11.0%)
(RDMA_READ_CONSUME_CHECK_CONSUMER) timestamp=2542 ms, used_size=4519936 bytes (11.0%)
(RDMA_READ_CONSUME_CHECK_CONSUMER) timestamp=2542 ms, used_size=4517888 bytes (11.0%)
(RDMA_READ_CONSUME_CHECK_CONSUMER) timestamp=2542 ms, used_size=4515840 bytes (11.0%)
(RDMA_READ_CONSUME_CHECK_CONSUMER) timestamp=2542 ms, used_size=4513792 bytes (11.0%)
(RDMA_READ_CONSUME_CHECK_CONSUMER) timestamp=2542 ms, used_size=4511744 bytes (11.0%)
(RDMA_READ_CONSUME_CHECK_CONSUMER) timestamp=2542 ms, used_size=4509696 bytes (11.0%)
(RDMA_READ_CONSUME_CHECK_CONSUMER) timestamp=2542 ms, used_size=4507648 bytes (11.0%)
(RDMA_READ_CONSUME_CHECK_CONSUMER) timestamp=2542 ms, used_size=4505600 bytes (11.0%)
(RDMA_READ_CONSUME_CHECK_CONSUMER) timestamp=2542 ms, used_size=4503552 bytes (11.0%)
(RDMA_READ_CONSUME_CHECK_CONSUMER) timestamp=2542 ms, used_size=4501504 bytes (11.0%)
(RDMA_READ_CONSUME_CHECK_CONSUMER) timestamp=2542 ms, used_size=4499456 bytes (11.0%)
(RDMA_READ_CONSUME_CHECK_CONSUMER) timestamp=2542 ms, used_size=4497408 bytes (11.0%)
(RDMA_READ_CONSUME_CHECK_CONSUMER) timestamp=2542 ms, used_size=4495360 bytes (11.0%)
(RDMA_READ_CONSUME_CHECK_CONSUMER) timestamp=2542 ms, used_size=4493312 bytes (11.0%)
(RDMA_READ_CONSUME_CHECK_CONSUMER) timestamp=2542 ms, used_size=4491264 bytes (11.0%)
(RDMA_READ_CONSUME_CHECK_CONSUMER) timestamp=2542 ms, used_size=4489216 bytes (11.0%)
(RDMA_READ_CONSUME_CHECK_CONSUMER) timestamp=2542 ms, used_size=4487168 bytes (11.0%)
(RDMA_READ_CONSUME_CHECK_CONSUMER) timestamp=2542 ms, used_size=4485120 bytes (10.9%)
(RDMA_READ_CONSUME_CHECK_CONSUMER) timestamp=2542 ms, used_size=4483072 bytes (10.9%)
(RDMA_READ_CONSUME_CHECK_CONSUMER) timestamp=2542 ms, used_size=4481024 bytes (10.9%)
(RDMA_READ_CONSUME_CHECK_CONSUMER) timestamp=2542 ms, used_size=4478976 bytes (10.9%)
(RDMA_READ_CONSUME_CHECK_CONSUMER) timestamp=2542 ms, used_size=4476928 bytes (10.9%)
(RDMA_READ_CONSUME_CHECK_CONSUMER) timestamp=2542 ms, used_size=4474880 bytes (10.9%)
(RDMA_READ_CONSUME_CHECK_CONSUMER) timestamp=2542 ms, used_size=4472832 bytes (10.9%)
(RDMA_READ_CONSUME_CHECK_CONSUMER) timestamp=2542 ms, used_size=4470784 bytes (10.9%)
(RDMA_READ_CONSUME_CHECK_CONSUMER) timestamp=2542 ms, used_size=4468736 bytes (10.9%)
(RDMA_READ_CONSUME_CHECK_CONSUMER) timestamp=2542 ms, used_size=4466688 bytes (10.9%)
(RDMA_READ_CONSUME_CHECK_CONSUMER) timestamp=2542 ms, used_size=4464640 bytes (10.9%)
(RDMA_READ_CONSUME_CHECK_CONSUMER) timestamp=2542 ms, used_size=4462592 bytes (10.9%)
(RDMA_READ_CONSUME_CHECK_CONSUMER) timestamp=2542 ms, used_size=4460544 bytes (10.9%)
(RDMA_READ_CONSUME_CHECK_CONSUMER) timestamp=2542 ms, used_size=4458496 bytes (10.9%)
(RDMA_READ_CONSUME_CHECK_CONSUMER) timestamp=2542 ms, used_size=4456448 bytes (10.9%)
(RDMA_READ_CONSUME_CHECK_CONSUMER) timestamp=2542 ms, used_size=4454400 bytes (10.9%)
(RDMA_READ_CONSUME_CHECK_CONSUMER) timestamp=2542 ms, used_size=4452352 bytes (10.9%)
(RDMA_READ_CONSUME_CHECK_CONSUMER) timestamp=2542 ms, used_size=4450304 bytes (10.9%)
(RDMA_READ_CONSUME_CHECK_CONSUMER) timestamp=2542 ms, used_size=4448256 bytes (10.9%)
(RDMA_READ_CONSUME_CHECK_CONSUMER) timestamp=2542 ms, used_size=4446208 bytes (10.9%)
(RDMA_READ_CONSUME_CHECK_CONSUMER) timestamp=2542 ms, used_size=4444160 bytes (10.8%)
(RDMA_READ_CONSUME_CHECK_CONSUMER) timestamp=2542 ms, used_size=4442112 bytes (10.8%)
(RDMA_READ_CONSUME_CHECK_CONSUMER) timestamp=2542 ms, used_size=4440064 bytes (10.8%)
(RDMA_READ_CONSUME_CHECK_CONSUMER) timestamp=2542 ms, used_size=4438016 bytes (10.8%)
(RDMA_READ_CONSUME_CHECK_CONSUMER) timestamp=2542 ms, used_size=4435968 bytes (10.8%)
(RDMA_READ_CONSUME_CHECK_CONSUMER) timestamp=2542 ms, used_size=4433920 bytes (10.8%)
(RDMA_READ_CONSUME_CHECK_CONSUMER) timestamp=2542 ms, used_size=4431872 bytes (10.8%)
(RDMA_READ_CONSUME_CHECK_CONSUMER) timestamp=2542 ms, used_size=4429824 bytes (10.8%)
(RDMA_READ_CONSUME_CHECK_CONSUMER) timestamp=2542 ms, used_size=4427776 bytes (10.8%)
(RDMA_READ_CONSUME_CHECK_CONSUMER) timestamp=2542 ms, used_size=4425728 bytes (10.8%)
(RDMA_READ_CONSUME_CHECK_CONSUMER) timestamp=2542 ms, used_size=4423680 bytes (10.8%)
(RDMA_READ_CONSUME_CHECK_CONSUMER) timestamp=2542 ms, used_size=4421632 bytes (10.8%)
(RDMA_READ_CONSUME_CHECK_CONSUMER) timestamp=2542 ms, used_size=4419584 bytes (10.8%)
(RDMA_READ_CONSUME_CHECK_CONSUMER) timestamp=2542 ms, used_size=4417536 bytes (10.8%)
(RDMA_READ_CONSUME_CHECK_CONSUMER) timestamp=2542 ms, used_size=4415488 bytes (10.8%)
(RDMA_READ_CONSUME_CHECK_CONSUMER) timestamp=2542 ms, used_size=4413440 bytes (10.8%)
(RDMA_READ_CONSUME_CHECK_CONSUMER) timestamp=2542 ms, used_size=4411392 bytes (10.8%)
(RDMA_READ_CONSUME_CHECK_CONSUMER) timestamp=2542 ms, used_size=4409344 bytes (10.8%)
(RDMA_READ_CONSUME_CHECK_CONSUMER) timestamp=2542 ms, used_size=4407296 bytes (10.8%)
(RDMA_READ_CONSUME_CHECK_CONSUMER) timestamp=2542 ms, used_size=4405248 bytes (10.8%)
(RDMA_READ_CONSUME_CHECK_CONSUMER) timestamp=2542 ms, used_size=4403200 bytes (10.8%)
(RDMA_READ_CONSUME_CHECK_CONSUMER) timestamp=2542 ms, used_size=4401152 bytes (10.7%)
(RDMA_READ_CONSUME_CHECK_CONSUMER) timestamp=2542 ms, used_size=4399104 bytes (10.7%)
(RDMA_READ_CONSUME_CHECK_CONSUMER) timestamp=2542 ms, used_size=4397056 bytes (10.7%)
(RDMA_READ_CONSUME_CHECK_CONSUMER) timestamp=2542 ms, used_size=4395008 bytes (10.7%)
(RDMA_READ_CONSUME_CHECK_CONSUMER) timestamp=2542 ms, used_size=4392960 bytes (10.7%)
(RDMA_READ_CONSUME_CHECK_CONSUMER) timestamp=2542 ms, used_size=4390912 bytes (10.7%)
(RDMA_READ_CONSUME_CHECK_CONSUMER) timestamp=2542 ms, used_size=4388864 bytes (10.7%)
(RDMA_READ_CONSUME_CHECK_CONSUMER) timestamp=2542 ms, used_size=4386816 bytes (10.7%)
(RDMA_READ_CONSUME_CHECK_CONSUMER) timestamp=2542 ms, used_size=4384768 bytes (10.7%)
(RDMA_READ_CONSUME_CHECK_CONSUMER) timestamp=2542 ms, used_size=4382720 bytes (10.7%)
(RDMA_READ_CONSUME_CHECK_CONSUMER) timestamp=2542 ms, used_size=4380672 bytes (10.7%)
(RDMA_READ_CONSUME_CHECK_CONSUMER) timestamp=2542 ms, used_size=4378624 bytes (10.7%)
(RDMA_READ_CONSUME_CHECK_CONSUMER) timestamp=2542 ms, used_size=4376576 bytes (10.7%)
(RDMA_READ_CONSUME_CHECK_CONSUMER) timestamp=2542 ms, used_size=4374528 bytes (10.7%)
(RDMA_READ_CONSUME_CHECK_CONSUMER) timestamp=2542 ms, used_size=4372480 bytes (10.7%)
(RDMA_READ_CONSUME_CHECK_CONSUMER) timestamp=2542 ms, used_size=4370432 bytes (10.7%)
(RDMA_READ_CONSUME_CHECK_CONSUMER) timestamp=2542 ms, used_size=4368384 bytes (10.7%)
(RDMA_READ_CONSUME_CHECK_CONSUMER) timestamp=2542 ms, used_size=4366336 bytes (10.7%)
(RDMA_READ_CONSUME_CHECK_CONSUMER) timestamp=2542 ms, used_size=4364288 bytes (10.7%)
(RDMA_READ_CONSUME_CHECK_CONSUMER) timestamp=2542 ms, used_size=4362240 bytes (10.7%)
(RDMA_READ_CONSUME_CHECK_CONSUMER) timestamp=2542 ms, used_size=4360192 bytes (10.6%)
(RDMA_READ_CONSUME_CHECK_CONSUMER) timestamp=2542 ms, used_size=4358144 bytes (10.6%)
(RDMA_READ_CONSUME_CHECK_CONSUMER) timestamp=2542 ms, used_size=4356096 bytes (10.6%)
(RDMA_READ_CONSUME_CHECK_CONSUMER) timestamp=2542 ms, used_size=4354048 bytes (10.6%)
(RDMA_READ_CONSUME_CHECK_CONSUMER) timestamp=2542 ms, used_size=4352000 bytes (10.6%)
(RDMA_READ_CONSUME_CHECK_CONSUMER) timestamp=2542 ms, used_size=4349952 bytes (10.6%)
(RDMA_READ_CONSUME_CHECK_CONSUMER) timestamp=2542 ms, used_size=4347904 bytes (10.6%)
(RDMA_READ_CONSUME_CHECK_CONSUMER) timestamp=2542 ms, used_size=4345856 bytes (10.6%)
(RDMA_READ_CONSUME_CHECK_CONSUMER) timestamp=2542 ms, used_size=4343808 bytes (10.6%)
(RDMA_READ_CONSUME_CHECK_CONSUMER) timestamp=2542 ms, used_size=4341760 bytes (10.6%)
(RDMA_READ_CONSUME_CHECK_CONSUMER) timestamp=2542 ms, used_size=4339712 bytes (10.6%)
(RDMA_READ_CONSUME_CHECK_CONSUMER) timestamp=2542 ms, used_size=4337664 bytes (10.6%)
(RDMA_READ_CONSUME_CHECK_CONSUMER) timestamp=2542 ms, used_size=4335616 bytes (10.6%)
(RDMA_READ_CONSUME_CHECK_CONSUMER) timestamp=2542 ms, used_size=4333568 bytes (10.6%)
(RDMA_READ_CONSUME_CHECK_CONSUMER) timestamp=2542 ms, used_size=4331520 bytes (10.6%)
(RDMA_READ_CONSUME_CHECK_CONSUMER) timestamp=2542 ms, used_size=4329472 bytes (10.6%)
(RDMA_READ_CONSUME_CHECK_CONSUMER) timestamp=2542 ms, used_size=4327424 bytes (10.6%)
(RDMA_READ_CONSUME_CHECK_CONSUMER) timestamp=2542 ms, used_size=4325376 bytes (10.6%)
(RDMA_READ_CONSUME_CHECK_CONSUMER) timestamp=2542 ms, used_size=4323328 bytes (10.6%)
(RDMA_READ_CONSUME_CHECK_CONSUMER) timestamp=2542 ms, used_size=4321280 bytes (10.6%)
(RDMA_READ_CONSUME_CHECK_CONSUMER) timestamp=2542 ms, used_size=4319232 bytes (10.5%)
(RDMA_READ_CONSUME_CHECK_CONSUMER) timestamp=2542 ms, used_size=4317184 bytes (10.5%)
(RDMA_READ_CONSUME_CHECK_CONSUMER) timestamp=2542 ms, used_size=4315136 bytes (10.5%)
(RDMA_READ_CONSUME_CHECK_CONSUMER) timestamp=2542 ms, used_size=4313088 bytes (10.5%)
(RDMA_READ_CONSUME_CHECK_CONSUMER) timestamp=2542 ms, used_size=4311040 bytes (10.5%)
(RDMA_READ_CONSUME_CHECK_CONSUMER) timestamp=2542 ms, used_size=4308992 bytes (10.5%)
(RDMA_READ_CONSUME_CHECK_CONSUMER) timestamp=2542 ms, used_size=4306944 bytes (10.5%)
(RDMA_READ_CONSUME_CHECK_CONSUMER) timestamp=2542 ms, used_size=4304896 bytes (10.5%)
(RDMA_READ_CONSUME_CHECK_CONSUMER) timestamp=2542 ms, used_size=4302848 bytes (10.5%)
(RDMA_READ_CONSUME_CHECK_CONSUMER) timestamp=2542 ms, used_size=4300800 bytes (10.5%)
(RDMA_READ_CONSUME_CHECK_CONSUMER) timestamp=2542 ms, used_size=4298752 bytes (10.5%)
(RDMA_READ_CONSUME_CHECK_CONSUMER) timestamp=2542 ms, used_size=4296704 bytes (10.5%)
(RDMA_READ_CONSUME_CHECK_CONSUMER) timestamp=2542 ms, used_size=4294656 bytes (10.5%)
(RDMA_READ_CONSUME_CHECK_CONSUMER) timestamp=2542 ms, used_size=4292608 bytes (10.5%)
(RDMA_READ_CONSUME_CHECK_CONSUMER) timestamp=2542 ms, used_size=4290560 bytes (10.5%)
(RDMA_READ_CONSUME_CHECK_CONSUMER) timestamp=2542 ms, used_size=4288512 bytes (10.5%)
(RDMA_READ_CONSUME_CHECK_CONSUMER) timestamp=2542 ms, used_size=4286464 bytes (10.5%)
(RDMA_READ_CONSUME_CHECK_CONSUMER) timestamp=2542 ms, used_size=4284416 bytes (10.5%)
(RDMA_READ_CONSUME_CHECK_CONSUMER) timestamp=2542 ms, used_size=4282368 bytes (10.5%)
(RDMA_READ_CONSUME_CHECK_CONSUMER) timestamp=2542 ms, used_size=4280320 bytes (10.4%)
(RDMA_READ_CONSUME_CHECK_CONSUMER) timestamp=2542 ms, used_size=4278272 bytes (10.4%)
(RDMA_READ_CONSUME_CHECK_CONSUMER) timestamp=2542 ms, used_size=4276224 bytes (10.4%)
(RDMA_READ_CONSUME_CHECK_CONSUMER) timestamp=2542 ms, used_size=4274176 bytes (10.4%)
(RDMA_READ_CONSUME_CHECK_CONSUMER) timestamp=2542 ms, used_size=4272128 bytes (10.4%)
(RDMA_READ_CONSUME_CHECK_CONSUMER) timestamp=2542 ms, used_size=4270080 bytes (10.4%)
(RDMA_READ_CONSUME_CHECK_CONSUMER) timestamp=2542 ms, used_size=4268032 bytes (10.4%)
(RDMA_READ_CONSUME_CHECK_CONSUMER) timestamp=2542 ms, used_size=4265984 bytes (10.4%)
(RDMA_READ_CONSUME_CHECK_CONSUMER) timestamp=2542 ms, used_size=4263936 bytes (10.4%)
(RDMA_READ_CONSUME_CHECK_CONSUMER) timestamp=2542 ms, used_size=4261888 bytes (10.4%)
(RDMA_READ_CONSUME_CHECK_CONSUMER) timestamp=2542 ms, used_size=4259840 bytes (10.4%)
(RDMA_READ_CONSUME_CHECK_CONSUMER) timestamp=2542 ms, used_size=4257792 bytes (10.4%)
(RDMA_READ_CONSUME_CHECK_CONSUMER) timestamp=2542 ms, used_size=4255744 bytes (10.4%)
(RDMA_READ_CONSUME_CHECK_CONSUMER) timestamp=2542 ms, used_size=4253696 bytes (10.4%)
(RDMA_READ_CONSUME_CHECK_CONSUMER) timestamp=2542 ms, used_size=4251648 bytes (10.4%)
(RDMA_READ_CONSUME_CHECK_CONSUMER) timestamp=2542 ms, used_size=4249600 bytes (10.4%)
(RDMA_READ_CONSUME_CHECK_CONSUMER) timestamp=2542 ms, used_size=4247552 bytes (10.4%)
(RDMA_READ_CONSUME_CHECK_CONSUMER) timestamp=2542 ms, used_size=4245504 bytes (10.4%)
(RDMA_READ_CONSUME_CHECK_CONSUMER) timestamp=2542 ms, used_size=4243456 bytes (10.4%)
(RDMA_READ_CONSUME_CHECK_CONSUMER) timestamp=2542 ms, used_size=4241408 bytes (10.4%)
(RDMA_READ_CONSUME_CHECK_CONSUMER) timestamp=2542 ms, used_size=4239360 bytes (10.3%)
(RDMA_READ_CONSUME_CHECK_CONSUMER) timestamp=2542 ms, used_size=4237312 bytes (10.3%)
(RDMA_READ_CONSUME_CHECK_CONSUMER) timestamp=2542 ms, used_size=4235264 bytes (10.3%)
(RDMA_READ_CONSUME_CHECK_CONSUMER) timestamp=2542 ms, used_size=4233216 bytes (10.3%)
(RDMA_READ_CONSUME_CHECK_CONSUMER) timestamp=2542 ms, used_size=4231168 bytes (10.3%)
(RDMA_READ_CONSUME_CHECK_CONSUMER) timestamp=2542 ms, used_size=4229120 bytes (10.3%)
(RDMA_READ_CONSUME_CHECK_CONSUMER) timestamp=2542 ms, used_size=4227072 bytes (10.3%)
(RDMA_READ_CONSUME_CHECK_CONSUMER) timestamp=2542 ms, used_size=4225024 bytes (10.3%)
(RDMA_READ_CONSUME_CHECK_CONSUMER) timestamp=2542 ms, used_size=4222976 bytes (10.3%)
(RDMA_READ_CONSUME_CHECK_CONSUMER) timestamp=2542 ms, used_size=4220928 bytes (10.3%)
(RDMA_READ_CONSUME_CHECK_CONSUMER) timestamp=2542 ms, used_size=4218880 bytes (10.3%)
(RDMA_READ_CONSUME_CHECK_CONSUMER) timestamp=2542 ms, used_size=4216832 bytes (10.3%)
(RDMA_READ_CONSUME_CHECK_CONSUMER) timestamp=2542 ms, used_size=4214784 bytes (10.3%)
(RDMA_READ_CONSUME_CHECK_CONSUMER) timestamp=2542 ms, used_size=4212736 bytes (10.3%)
(RDMA_READ_CONSUME_CHECK_CONSUMER) timestamp=2543 ms, used_size=4210688 bytes (10.3%)
(RDMA_READ_CONSUME_CHECK_CONSUMER) timestamp=2543 ms, used_size=4208640 bytes (10.3%)
(RDMA_READ_CONSUME_CHECK_CONSUMER) timestamp=2543 ms, used_size=4206592 bytes (10.3%)
(RDMA_READ_CONSUME_CHECK_CONSUMER) timestamp=2543 ms, used_size=4204544 bytes (10.3%)
(RDMA_READ_CONSUME_CHECK_CONSUMER) timestamp=2543 ms, used_size=4202496 bytes (10.3%)
(RDMA_READ_CONSUME_CHECK_CONSUMER) timestamp=2543 ms, used_size=4200448 bytes (10.3%)
(RDMA_READ_CONSUME_CHECK_CONSUMER) timestamp=2543 ms, used_size=4198400 bytes (10.2%)
(RDMA_READ_CONSUME_CHECK_CONSUMER) timestamp=2543 ms, used_size=4196352 bytes (10.2%)
(RDMA_READ_CONSUME_CHECK_CONSUMER) timestamp=2543 ms, used_size=4194304 bytes (10.2%)
(RDMA_READ_CONSUME_CHECK_CONSUMER) timestamp=2543 ms, used_size=4192256 bytes (10.2%)
(RDMA_READ_CONSUME_CHECK_CONSUMER) timestamp=2543 ms, used_size=4190208 bytes (10.2%)
(RDMA_READ_CONSUME_CHECK_CONSUMER) timestamp=2543 ms, used_size=4188160 bytes (10.2%)
(RDMA_READ_CONSUME_CHECK_CONSUMER) timestamp=2543 ms, used_size=4186112 bytes (10.2%)
(RDMA_READ_CONSUME_CHECK_CONSUMER) timestamp=2543 ms, used_size=4184064 bytes (10.2%)
(RDMA_READ_CONSUME_CHECK_CONSUMER) timestamp=2543 ms, used_size=4182016 bytes (10.2%)
(RDMA_READ_CONSUME_CHECK_CONSUMER) timestamp=2543 ms, used_size=4179968 bytes (10.2%)
(RDMA_READ_CONSUME_CHECK_CONSUMER) timestamp=2543 ms, used_size=4177920 bytes (10.2%)
(RDMA_READ_CONSUME_CHECK_CONSUMER) timestamp=2543 ms, used_size=4175872 bytes (10.2%)
(RDMA_READ_CONSUME_CHECK_CONSUMER) timestamp=2543 ms, used_size=4173824 bytes (10.2%)
(RDMA_READ_CONSUME_CHECK_CONSUMER) timestamp=2543 ms, used_size=4171776 bytes (10.2%)
(RDMA_READ_CONSUME_CHECK_CONSUMER) timestamp=2543 ms, used_size=4169728 bytes (10.2%)
(RDMA_READ_CONSUME_CHECK_CONSUMER) timestamp=2543 ms, used_size=4167680 bytes (10.2%)
(RDMA_READ_CONSUME_CHECK_CONSUMER) timestamp=2543 ms, used_size=4165632 bytes (10.2%)
(RDMA_READ_CONSUME_CHECK_CONSUMER) timestamp=2543 ms, used_size=4163584 bytes (10.2%)
(RDMA_READ_CONSUME_CHECK_CONSUMER) timestamp=2543 ms, used_size=4161536 bytes (10.2%)
(RDMA_READ_CONSUME_CHECK_CONSUMER) timestamp=2543 ms, used_size=4159488 bytes (10.2%)
(RDMA_READ_CONSUME_CHECK_CONSUMER) timestamp=2543 ms, used_size=4157440 bytes (10.2%)
(RDMA_READ_CONSUME_CHECK_CONSUMER) timestamp=2543 ms, used_size=4155392 bytes (10.1%)
(RDMA_READ_CONSUME_CHECK_CONSUMER) timestamp=2543 ms, used_size=4153344 bytes (10.1%)
(RDMA_READ_CONSUME_CHECK_CONSUMER) timestamp=2543 ms, used_size=4151296 bytes (10.1%)
(RDMA_READ_CONSUME_CHECK_CONSUMER) timestamp=2543 ms, used_size=4149248 bytes (10.1%)
(RDMA_READ_CONSUME_CHECK_CONSUMER) timestamp=2543 ms, used_size=4147200 bytes (10.1%)
(RDMA_READ_CONSUME_CHECK_CONSUMER) timestamp=2543 ms, used_size=4145152 bytes (10.1%)
(RDMA_READ_CONSUME_CHECK_CONSUMER) timestamp=2543 ms, used_size=4143104 bytes (10.1%)
(RDMA_READ_CONSUME_CHECK_CONSUMER) timestamp=2543 ms, used_size=4141056 bytes (10.1%)
(RDMA_READ_CONSUME_CHECK_CONSUMER) timestamp=2543 ms, used_size=4139008 bytes (10.1%)
(RDMA_READ_CONSUME_CHECK_CONSUMER) timestamp=2543 ms, used_size=4136960 bytes (10.1%)
(RDMA_READ_CONSUME_CHECK_CONSUMER) timestamp=2543 ms, used_size=4134912 bytes (10.1%)
(RDMA_READ_CONSUME_CHECK_CONSUMER) timestamp=2543 ms, used_size=4132864 bytes (10.1%)
(RDMA_READ_CONSUME_CHECK_CONSUMER) timestamp=2543 ms, used_size=4130816 bytes (10.1%)
(RDMA_READ_CONSUME_CHECK_CONSUMER) timestamp=2543 ms, used_size=4128768 bytes (10.1%)
(RDMA_READ_CONSUME_CHECK_CONSUMER) timestamp=2543 ms, used_size=4126720 bytes (10.1%)
(RDMA_READ_CONSUME_CHECK_CONSUMER) timestamp=2543 ms, used_size=4124672 bytes (10.1%)
(RDMA_READ_CONSUME_CHECK_CONSUMER) timestamp=2543 ms, used_size=4122624 bytes (10.1%)
(RDMA_READ_CONSUME_CHECK_CONSUMER) timestamp=2543 ms, used_size=4120576 bytes (10.1%)
(RDMA_READ_CONSUME_CHECK_CONSUMER) timestamp=2543 ms, used_size=4118528 bytes (10.1%)
(RDMA_READ_CONSUME_CHECK_CONSUMER) timestamp=2543 ms, used_size=4116480 bytes (10.1%)
(RDMA_READ_CONSUME_CHECK_CONSUMER) timestamp=2543 ms, used_size=4114432 bytes (10.0%)
(RDMA_READ_CONSUME_CHECK_CONSUMER) timestamp=2543 ms, used_size=4112384 bytes (10.0%)
(RDMA_READ_CONSUME_CHECK_CONSUMER) timestamp=2543 ms, used_size=4110336 bytes (10.0%)
(RDMA_READ_CONSUME_CHECK_CONSUMER) timestamp=2543 ms, used_size=4108288 bytes (10.0%)
(RDMA_READ_CONSUME_CHECK_CONSUMER) timestamp=2543 ms, used_size=4106240 bytes (10.0%)
(RDMA_READ_CONSUME_CHECK_CONSUMER) timestamp=2543 ms, used_size=4104192 bytes (10.0%)
(RDMA_READ_CONSUME_CHECK_CONSUMER) timestamp=2543 ms, used_size=4102144 bytes (10.0%)
(RDMA_READ_CONSUME_CHECK_CONSUMER) timestamp=2543 ms, used_size=4100096 bytes (10.0%)
(RDMA_READ_CONSUME_CHECK_CONSUMER) timestamp=2543 ms, used_size=4098048 bytes (10.0%)
(RDMA_READ_CONSUME_CHECK_CONSUMER) timestamp=2543 ms, used_size=4096000 bytes (10.0%)
(RDMA_READ_CONSUME_CHECK_CONSUMER) timestamp=2543 ms, used_size=4093952 bytes (10.0%)
(RDMA_READ_CONSUME_CHECK_CONSUMER) timestamp=2543 ms, used_size=4091904 bytes (10.0%)
(RDMA_READ_CONSUME_CHECK_CONSUMER) timestamp=2543 ms, used_size=4089856 bytes (10.0%)
(RDMA_READ_CONSUME_CHECK_CONSUMER) timestamp=2543 ms, used_size=4087808 bytes (10.0%)
(RDMA_READ_CONSUME_CHECK_CONSUMER) timestamp=2543 ms, used_size=4085760 bytes (10.0%)
(RDMA_READ_CONSUME_CHECK_CONSUMER) timestamp=2543 ms, used_size=4083712 bytes (10.0%)
(RDMA_READ_CONSUME_CHECK_CONSUMER) timestamp=2543 ms, used_size=4081664 bytes (10.0%)
(RDMA_READ_CONSUME_CHECK_CONSUMER) timestamp=2543 ms, used_size=4079616 bytes (10.0%)
(RDMA_READ_CONSUME_CHECK_CONSUMER) timestamp=2543 ms, used_size=4077568 bytes (10.0%)
(RDMA_READ_CONSUME_CHECK_CONSUMER) timestamp=2543 ms, used_size=4075520 bytes (9.9%)
(RDMA_READ_CONSUME_CHECK_CONSUMER) timestamp=2543 ms, used_size=4073472 bytes (9.9%)
(RDMA_READ_CONSUME_CHECK_CONSUMER) timestamp=2543 ms, used_size=4071424 bytes (9.9%)
(RDMA_READ_CONSUME_CHECK_CONSUMER) timestamp=2543 ms, used_size=4069376 bytes (9.9%)
(RDMA_READ_CONSUME_CHECK_CONSUMER) timestamp=2543 ms, used_size=4067328 bytes (9.9%)
(RDMA_READ_CONSUME_CHECK_CONSUMER) timestamp=2543 ms, used_size=4065280 bytes (9.9%)
(RDMA_READ_CONSUME_CHECK_CONSUMER) timestamp=2543 ms, used_size=4063232 bytes (9.9%)
(RDMA_READ_CONSUME_CHECK_CONSUMER) timestamp=2543 ms, used_size=4061184 bytes (9.9%)
(RDMA_READ_CONSUME_CHECK_CONSUMER) timestamp=2543 ms, used_size=4059136 bytes (9.9%)
(RDMA_READ_CONSUME_CHECK_CONSUMER) timestamp=2543 ms, used_size=4057088 bytes (9.9%)
(RDMA_READ_CONSUME_CHECK_CONSUMER) timestamp=2543 ms, used_size=4055040 bytes (9.9%)
(RDMA_READ_CONSUME_CHECK_CONSUMER) timestamp=2543 ms, used_size=4052992 bytes (9.9%)
(RDMA_READ_CONSUME_CHECK_CONSUMER) timestamp=2543 ms, used_size=4050944 bytes (9.9%)
(RDMA_READ_CONSUME_CHECK_CONSUMER) timestamp=2543 ms, used_size=4048896 bytes (9.9%)
(RDMA_READ_CONSUME_CHECK_CONSUMER) timestamp=2543 ms, used_size=4046848 bytes (9.9%)
(RDMA_READ_CONSUME_CHECK_CONSUMER) timestamp=2543 ms, used_size=4044800 bytes (9.9%)
(RDMA_READ_CONSUME_CHECK_CONSUMER) timestamp=2543 ms, used_size=4042752 bytes (9.9%)
(RDMA_READ_CONSUME_CHECK_CONSUMER) timestamp=2543 ms, used_size=4040704 bytes (9.9%)
(RDMA_READ_CONSUME_CHECK_CONSUMER) timestamp=2543 ms, used_size=4038656 bytes (9.9%)
(RDMA_READ_CONSUME_CHECK_CONSUMER) timestamp=2543 ms, used_size=4036608 bytes (9.9%)
(RDMA_READ_CONSUME_CHECK_CONSUMER) timestamp=2543 ms, used_size=4034560 bytes (9.8%)
(RDMA_READ_CONSUME_CHECK_CONSUMER) timestamp=2543 ms, used_size=4032512 bytes (9.8%)
(RDMA_READ_CONSUME_CHECK_CONSUMER) timestamp=2543 ms, used_size=4030464 bytes (9.8%)
(RDMA_READ_CONSUME_CHECK_CONSUMER) timestamp=2543 ms, used_size=4028416 bytes (9.8%)
(RDMA_READ_CONSUME_CHECK_CONSUMER) timestamp=2543 ms, used_size=4026368 bytes (9.8%)
(RDMA_READ_CONSUME_CHECK_CONSUMER) timestamp=2543 ms, used_size=4024320 bytes (9.8%)
(RDMA_READ_CONSUME_CHECK_CONSUMER) timestamp=2543 ms, used_size=4022272 bytes (9.8%)
(RDMA_READ_CONSUME_CHECK_CONSUMER) timestamp=2543 ms, used_size=4020224 bytes (9.8%)
(RDMA_READ_CONSUME_CHECK_CONSUMER) timestamp=2543 ms, used_size=4018176 bytes (9.8%)
(RDMA_READ_CONSUME_CHECK_CONSUMER) timestamp=2543 ms, used_size=4016128 bytes (9.8%)
(RDMA_READ_CONSUME_CHECK_CONSUMER) timestamp=2543 ms, used_size=4014080 bytes (9.8%)
(RDMA_READ_CONSUME_CHECK_CONSUMER) timestamp=2543 ms, used_size=4012032 bytes (9.8%)
(RDMA_READ_CONSUME_CHECK_CONSUMER) timestamp=2543 ms, used_size=4009984 bytes (9.8%)
(RDMA_READ_CONSUME_CHECK_CONSUMER) timestamp=2543 ms, used_size=4007936 bytes (9.8%)
(RDMA_READ_CONSUME_CHECK_CONSUMER) timestamp=2543 ms, used_size=4005888 bytes (9.8%)
(RDMA_READ_CONSUME_CHECK_CONSUMER) timestamp=2543 ms, used_size=4003840 bytes (9.8%)
(RDMA_READ_CONSUME_CHECK_CONSUMER) timestamp=2543 ms, used_size=4001792 bytes (9.8%)
(RDMA_READ_CONSUME_CHECK_CONSUMER) timestamp=2543 ms, used_size=3999744 bytes (9.8%)
(RDMA_READ_CONSUME_CHECK_CONSUMER) timestamp=2543 ms, used_size=3997696 bytes (9.8%)
(RDMA_READ_CONSUME_CHECK_CONSUMER) timestamp=2543 ms, used_size=3995648 bytes (9.8%)
(RDMA_READ_CONSUME_CHECK_CONSUMER) timestamp=2543 ms, used_size=3993600 bytes (9.8%)
(RDMA_READ_CONSUME_CHECK_CONSUMER) timestamp=2543 ms, used_size=3991552 bytes (9.7%)
(RDMA_READ_CONSUME_CHECK_CONSUMER) timestamp=2543 ms, used_size=3989504 bytes (9.7%)
(RDMA_READ_CONSUME_CHECK_CONSUMER) timestamp=2543 ms, used_size=3987456 bytes (9.7%)
(RDMA_READ_CONSUME_CHECK_CONSUMER) timestamp=2543 ms, used_size=3985408 bytes (9.7%)
(RDMA_READ_CONSUME_CHECK_CONSUMER) timestamp=2543 ms, used_size=3983360 bytes (9.7%)
(RDMA_READ_CONSUME_CHECK_CONSUMER) timestamp=2543 ms, used_size=3981312 bytes (9.7%)
(RDMA_READ_CONSUME_CHECK_CONSUMER) timestamp=2543 ms, used_size=3979264 bytes (9.7%)
(RDMA_READ_CONSUME_CHECK_CONSUMER) timestamp=2543 ms, used_size=3977216 bytes (9.7%)
(RDMA_READ_CONSUME_CHECK_CONSUMER) timestamp=2543 ms, used_size=3975168 bytes (9.7%)
(RDMA_READ_CONSUME_CHECK_CONSUMER) timestamp=2543 ms, used_size=3973120 bytes (9.7%)
(RDMA_READ_CONSUME_CHECK_CONSUMER) timestamp=2543 ms, used_size=3971072 bytes (9.7%)
(RDMA_READ_CONSUME_CHECK_CONSUMER) timestamp=2543 ms, used_size=3969024 bytes (9.7%)
(RDMA_READ_CONSUME_CHECK_CONSUMER) timestamp=2543 ms, used_size=3966976 bytes (9.7%)
(RDMA_READ_CONSUME_CHECK_CONSUMER) timestamp=2543 ms, used_size=3964928 bytes (9.7%)
(RDMA_READ_CONSUME_CHECK_CONSUMER) timestamp=2543 ms, used_size=3962880 bytes (9.7%)
(RDMA_READ_CONSUME_CHECK_CONSUMER) timestamp=2543 ms, used_size=3960832 bytes (9.7%)
(RDMA_READ_CONSUME_CHECK_CONSUMER) timestamp=2543 ms, used_size=3958784 bytes (9.7%)
(RDMA_READ_CONSUME_CHECK_CONSUMER) timestamp=2543 ms, used_size=3956736 bytes (9.7%)
(RDMA_READ_CONSUME_CHECK_CONSUMER) timestamp=2543 ms, used_size=3954688 bytes (9.7%)
(RDMA_READ_CONSUME_CHECK_CONSUMER) timestamp=2543 ms, used_size=3952640 bytes (9.7%)
(RDMA_READ_CONSUME_CHECK_CONSUMER) timestamp=2543 ms, used_size=3950592 bytes (9.6%)
(RDMA_READ_CONSUME_CHECK_CONSUMER) timestamp=2543 ms, used_size=3948544 bytes (9.6%)
(RDMA_READ_CONSUME_CHECK_CONSUMER) timestamp=2543 ms, used_size=3946496 bytes (9.6%)
(RDMA_READ_CONSUME_CHECK_CONSUMER) timestamp=2543 ms, used_size=3944448 bytes (9.6%)
(RDMA_READ_CONSUME_CHECK_CONSUMER) timestamp=2543 ms, used_size=3942400 bytes (9.6%)
(RDMA_READ_CONSUME_CHECK_CONSUMER) timestamp=2543 ms, used_size=3940352 bytes (9.6%)
(RDMA_READ_CONSUME_CHECK_CONSUMER) timestamp=2543 ms, used_size=3938304 bytes (9.6%)
(RDMA_READ_CONSUME_CHECK_CONSUMER) timestamp=2543 ms, used_size=3936256 bytes (9.6%)
(RDMA_READ_CONSUME_CHECK_CONSUMER) timestamp=2543 ms, used_size=3934208 bytes (9.6%)
(RDMA_READ_CONSUME_CHECK_CONSUMER) timestamp=2543 ms, used_size=3932160 bytes (9.6%)
(RDMA_READ_CONSUME_CHECK_CONSUMER) timestamp=2543 ms, used_size=3930112 bytes (9.6%)
(RDMA_READ_CONSUME_CHECK_CONSUMER) timestamp=2543 ms, used_size=3928064 bytes (9.6%)
(RDMA_READ_CONSUME_CHECK_CONSUMER) timestamp=2543 ms, used_size=3926016 bytes (9.6%)
(RDMA_READ_CONSUME_CHECK_CONSUMER) timestamp=2543 ms, used_size=3923968 bytes (9.6%)
(RDMA_READ_CONSUME_CHECK_CONSUMER) timestamp=2543 ms, used_size=3921920 bytes (9.6%)
(RDMA_READ_CONSUME_CHECK_CONSUMER) timestamp=2543 ms, used_size=3919872 bytes (9.6%)
(RDMA_READ_CONSUME_CHECK_CONSUMER) timestamp=2543 ms, used_size=3917824 bytes (9.6%)
(RDMA_READ_CONSUME_CHECK_CONSUMER) timestamp=2543 ms, used_size=3915776 bytes (9.6%)
(RDMA_READ_CONSUME_CHECK_CONSUMER) timestamp=2543 ms, used_size=3913728 bytes (9.6%)
(RDMA_READ_CONSUME_CHECK_CONSUMER) timestamp=2543 ms, used_size=3911680 bytes (9.6%)
(RDMA_READ_CONSUME_CHECK_CONSUMER) timestamp=2543 ms, used_size=3909632 bytes (9.5%)
(RDMA_READ_CONSUME_CHECK_CONSUMER) timestamp=2543 ms, used_size=3907584 bytes (9.5%)
(RDMA_READ_CONSUME_CHECK_CONSUMER) timestamp=2543 ms, used_size=3905536 bytes (9.5%)
(RDMA_READ_CONSUME_CHECK_CONSUMER) timestamp=2543 ms, used_size=3903488 bytes (9.5%)
(RDMA_READ_CONSUME_CHECK_CONSUMER) timestamp=2543 ms, used_size=3901440 bytes (9.5%)
(RDMA_READ_CONSUME_CHECK_CONSUMER) timestamp=2543 ms, used_size=3899392 bytes (9.5%)
(RDMA_READ_CONSUME_CHECK_CONSUMER) timestamp=2543 ms, used_size=3897344 bytes (9.5%)
(RDMA_READ_CONSUME_CHECK_CONSUMER) timestamp=2543 ms, used_size=3895296 bytes (9.5%)
(RDMA_READ_CONSUME_CHECK_CONSUMER) timestamp=2543 ms, used_size=3893248 bytes (9.5%)
(RDMA_READ_CONSUME_CHECK_CONSUMER) timestamp=2543 ms, used_size=3891200 bytes (9.5%)
(RDMA_READ_CONSUME_CHECK_CONSUMER) timestamp=2543 ms, used_size=3889152 bytes (9.5%)
(RDMA_READ_CONSUME_CHECK_CONSUMER) timestamp=2543 ms, used_size=3887104 bytes (9.5%)
(RDMA_READ_CONSUME_CHECK_CONSUMER) timestamp=2543 ms, used_size=3885056 bytes (9.5%)
(RDMA_READ_CONSUME_CHECK_CONSUMER) timestamp=2543 ms, used_size=3883008 bytes (9.5%)
(RDMA_READ_CONSUME_CHECK_CONSUMER) timestamp=2543 ms, used_size=3880960 bytes (9.5%)
(RDMA_READ_CONSUME_CHECK_CONSUMER) timestamp=2543 ms, used_size=3878912 bytes (9.5%)
(RDMA_READ_CONSUME_CHECK_CONSUMER) timestamp=2543 ms, used_size=3876864 bytes (9.5%)
(RDMA_READ_CONSUME_CHECK_CONSUMER) timestamp=2543 ms, used_size=3874816 bytes (9.5%)
(RDMA_READ_CONSUME_CHECK_CONSUMER) timestamp=2543 ms, used_size=3872768 bytes (9.5%)
(RDMA_READ_CONSUME_CHECK_CONSUMER) timestamp=2543 ms, used_size=3870720 bytes (9.4%)
(RDMA_READ_CONSUME_CHECK_CONSUMER) timestamp=2543 ms, used_size=3868672 bytes (9.4%)
(RDMA_READ_CONSUME_CHECK_CONSUMER) timestamp=2543 ms, used_size=3866624 bytes (9.4%)
(RDMA_READ_CONSUME_CHECK_CONSUMER) timestamp=2543 ms, used_size=3864576 bytes (9.4%)
(RDMA_READ_CONSUME_CHECK_CONSUMER) timestamp=2543 ms, used_size=3862528 bytes (9.4%)
(RDMA_READ_CONSUME_CHECK_CONSUMER) timestamp=2543 ms, used_size=3860480 bytes (9.4%)
(RDMA_READ_CONSUME_CHECK_CONSUMER) timestamp=2543 ms, used_size=3858432 bytes (9.4%)
(RDMA_READ_CONSUME_CHECK_CONSUMER) timestamp=2543 ms, used_size=3856384 bytes (9.4%)
(RDMA_READ_CONSUME_CHECK_CONSUMER) timestamp=2543 ms, used_size=3854336 bytes (9.4%)
(RDMA_READ_CONSUME_CHECK_CONSUMER) timestamp=2543 ms, used_size=3852288 bytes (9.4%)
(RDMA_READ_CONSUME_CHECK_CONSUMER) timestamp=2543 ms, used_size=3850240 bytes (9.4%)
(RDMA_READ_CONSUME_CHECK_CONSUMER) timestamp=2543 ms, used_size=3848192 bytes (9.4%)
(RDMA_READ_CONSUME_CHECK_CONSUMER) timestamp=2543 ms, used_size=3846144 bytes (9.4%)
(RDMA_READ_CONSUME_CHECK_CONSUMER) timestamp=2543 ms, used_size=3844096 bytes (9.4%)
(RDMA_READ_CONSUME_CHECK_CONSUMER) timestamp=2543 ms, used_size=3842048 bytes (9.4%)
(RDMA_READ_CONSUME_CHECK_CONSUMER) timestamp=2543 ms, used_size=3840000 bytes (9.4%)
(RDMA_READ_CONSUME_CHECK_CONSUMER) timestamp=2543 ms, used_size=3837952 bytes (9.4%)
(RDMA_READ_CONSUME_CHECK_CONSUMER) timestamp=2543 ms, used_size=3835904 bytes (9.4%)
(RDMA_READ_CONSUME_CHECK_CONSUMER) timestamp=2544 ms, used_size=3833856 bytes (9.4%)
(RDMA_READ_CONSUME_CHECK_CONSUMER) timestamp=2544 ms, used_size=3831808 bytes (9.4%)
(RDMA_READ_CONSUME_CHECK_CONSUMER) timestamp=2544 ms, used_size=3829760 bytes (9.3%)
(RDMA_READ_CONSUME_CHECK_CONSUMER) timestamp=2544 ms, used_size=3827712 bytes (9.3%)
(RDMA_READ_CONSUME_CHECK_CONSUMER) timestamp=2544 ms, used_size=3825664 bytes (9.3%)
(RDMA_READ_CONSUME_CHECK_CONSUMER) timestamp=2544 ms, used_size=3823616 bytes (9.3%)
(RDMA_READ_CONSUME_CHECK_CONSUMER) timestamp=2544 ms, used_size=3821568 bytes (9.3%)
(RDMA_READ_CONSUME_CHECK_CONSUMER) timestamp=2544 ms, used_size=3819520 bytes (9.3%)
(RDMA_READ_CONSUME_CHECK_CONSUMER) timestamp=2544 ms, used_size=3817472 bytes (9.3%)
(RDMA_READ_CONSUME_CHECK_CONSUMER) timestamp=2544 ms, used_size=3815424 bytes (9.3%)
(RDMA_READ_CONSUME_CHECK_CONSUMER) timestamp=2544 ms, used_size=3813376 bytes (9.3%)
(RDMA_READ_CONSUME_CHECK_CONSUMER) timestamp=2544 ms, used_size=3811328 bytes (9.3%)
(RDMA_READ_CONSUME_CHECK_CONSUMER) timestamp=2544 ms, used_size=3809280 bytes (9.3%)
(RDMA_READ_CONSUME_CHECK_CONSUMER) timestamp=2544 ms, used_size=3807232 bytes (9.3%)
(RDMA_READ_CONSUME_CHECK_CONSUMER) timestamp=2544 ms, used_size=3805184 bytes (9.3%)
(RDMA_READ_CONSUME_CHECK_CONSUMER) timestamp=2544 ms, used_size=3803136 bytes (9.3%)
(RDMA_READ_CONSUME_CHECK_CONSUMER) timestamp=2544 ms, used_size=3801088 bytes (9.3%)
(RDMA_READ_CONSUME_CHECK_CONSUMER) timestamp=2544 ms, used_size=3799040 bytes (9.3%)
(RDMA_READ_CONSUME_CHECK_CONSUMER) timestamp=2544 ms, used_size=3796992 bytes (9.3%)
(RDMA_READ_CONSUME_CHECK_CONSUMER) timestamp=2544 ms, used_size=3794944 bytes (9.3%)
(RDMA_READ_CONSUME_CHECK_CONSUMER) timestamp=2544 ms, used_size=3792896 bytes (9.3%)
(RDMA_READ_CONSUME_CHECK_CONSUMER) timestamp=2544 ms, used_size=3790848 bytes (9.3%)
(RDMA_READ_CONSUME_CHECK_CONSUMER) timestamp=2544 ms, used_size=3788800 bytes (9.2%)
(RDMA_READ_CONSUME_CHECK_CONSUMER) timestamp=2544 ms, used_size=3786752 bytes (9.2%)
(RDMA_READ_CONSUME_CHECK_CONSUMER) timestamp=2544 ms, used_size=3784704 bytes (9.2%)
(RDMA_READ_CONSUME_CHECK_CONSUMER) timestamp=2544 ms, used_size=3782656 bytes (9.2%)
(RDMA_READ_CONSUME_CHECK_CONSUMER) timestamp=2544 ms, used_size=3780608 bytes (9.2%)
(RDMA_READ_CONSUME_CHECK_CONSUMER) timestamp=2544 ms, used_size=3778560 bytes (9.2%)
(RDMA_READ_CONSUME_CHECK_CONSUMER) timestamp=2544 ms, used_size=3776512 bytes (9.2%)
(RDMA_READ_CONSUME_CHECK_CONSUMER) timestamp=2544 ms, used_size=3774464 bytes (9.2%)
(RDMA_READ_CONSUME_CHECK_CONSUMER) timestamp=2544 ms, used_size=3772416 bytes (9.2%)
(RDMA_READ_CONSUME_CHECK_CONSUMER) timestamp=2544 ms, used_size=3770368 bytes (9.2%)
(RDMA_READ_CONSUME_CHECK_CONSUMER) timestamp=2544 ms, used_size=3768320 bytes (9.2%)
(RDMA_READ_CONSUME_CHECK_CONSUMER) timestamp=2544 ms, used_size=3766272 bytes (9.2%)
(RDMA_READ_CONSUME_CHECK_CONSUMER) timestamp=2544 ms, used_size=3764224 bytes (9.2%)
(RDMA_READ_CONSUME_CHECK_CONSUMER) timestamp=2544 ms, used_size=3762176 bytes (9.2%)
(RDMA_READ_CONSUME_CHECK_CONSUMER) timestamp=2544 ms, used_size=3760128 bytes (9.2%)
(RDMA_READ_CONSUME_CHECK_CONSUMER) timestamp=2544 ms, used_size=3758080 bytes (9.2%)
(RDMA_READ_CONSUME_CHECK_CONSUMER) timestamp=2544 ms, used_size=3756032 bytes (9.2%)
(RDMA_READ_CONSUME_CHECK_CONSUMER) timestamp=2544 ms, used_size=3753984 bytes (9.2%)
(RDMA_READ_CONSUME_CHECK_CONSUMER) timestamp=2544 ms, used_size=3751936 bytes (9.2%)
(RDMA_READ_CONSUME_CHECK_CONSUMER) timestamp=2544 ms, used_size=3749888 bytes (9.2%)
(RDMA_READ_CONSUME_CHECK_CONSUMER) timestamp=2544 ms, used_size=3747840 bytes (9.2%)
(RDMA_READ_CONSUME_CHECK_CONSUMER) timestamp=2544 ms, used_size=3745792 bytes (9.1%)
(RDMA_READ_CONSUME_CHECK_CONSUMER) timestamp=2544 ms, used_size=3743744 bytes (9.1%)
(RDMA_READ_CONSUME_CHECK_CONSUMER) timestamp=2544 ms, used_size=3741696 bytes (9.1%)
(RDMA_READ_CONSUME_CHECK_CONSUMER) timestamp=2544 ms, used_size=3739648 bytes (9.1%)
(RDMA_READ_CONSUME_CHECK_CONSUMER) timestamp=2544 ms, used_size=3737600 bytes (9.1%)
(RDMA_READ_CONSUME_CHECK_CONSUMER) timestamp=2544 ms, used_size=3735552 bytes (9.1%)
(RDMA_READ_CONSUME_CHECK_CONSUMER) timestamp=2544 ms, used_size=3733504 bytes (9.1%)
(RDMA_READ_CONSUME_CHECK_CONSUMER) timestamp=2544 ms, used_size=3731456 bytes (9.1%)
(RDMA_READ_CONSUME_CHECK_CONSUMER) timestamp=2544 ms, used_size=3729408 bytes (9.1%)
(RDMA_READ_CONSUME_CHECK_CONSUMER) timestamp=2544 ms, used_size=3727360 bytes (9.1%)
(RDMA_READ_CONSUME_CHECK_CONSUMER) timestamp=2544 ms, used_size=3725312 bytes (9.1%)
(RDMA_READ_CONSUME_CHECK_CONSUMER) timestamp=2544 ms, used_size=3723264 bytes (9.1%)
(RDMA_READ_CONSUME_CHECK_CONSUMER) timestamp=2544 ms, used_size=3721216 bytes (9.1%)
(RDMA_READ_CONSUME_CHECK_CONSUMER) timestamp=2544 ms, used_size=3719168 bytes (9.1%)
(RDMA_READ_CONSUME_CHECK_CONSUMER) timestamp=2544 ms, used_size=3717120 bytes (9.1%)
(RDMA_READ_CONSUME_CHECK_CONSUMER) timestamp=2544 ms, used_size=3715072 bytes (9.1%)
(RDMA_READ_CONSUME_CHECK_CONSUMER) timestamp=2544 ms, used_size=3713024 bytes (9.1%)
(RDMA_READ_CONSUME_CHECK_CONSUMER) timestamp=2544 ms, used_size=3710976 bytes (9.1%)
(RDMA_READ_CONSUME_CHECK_CONSUMER) timestamp=2544 ms, used_size=3708928 bytes (9.1%)
(RDMA_READ_CONSUME_CHECK_CONSUMER) timestamp=2544 ms, used_size=3706880 bytes (9.1%)
(RDMA_READ_CONSUME_CHECK_CONSUMER) timestamp=2544 ms, used_size=3704832 bytes (9.0%)
(RDMA_READ_CONSUME_CHECK_CONSUMER) timestamp=2544 ms, used_size=3702784 bytes (9.0%)
(RDMA_READ_CONSUME_CHECK_CONSUMER) timestamp=2544 ms, used_size=3700736 bytes (9.0%)
(RDMA_READ_CONSUME_CHECK_CONSUMER) timestamp=2544 ms, used_size=3698688 bytes (9.0%)
(RDMA_READ_CONSUME_CHECK_CONSUMER) timestamp=2544 ms, used_size=3696640 bytes (9.0%)
(RDMA_READ_CONSUME_CHECK_CONSUMER) timestamp=2544 ms, used_size=3694592 bytes (9.0%)
(RDMA_READ_CONSUME_CHECK_CONSUMER) timestamp=2544 ms, used_size=3692544 bytes (9.0%)
(RDMA_READ_CONSUME_CHECK_CONSUMER) timestamp=2544 ms, used_size=3690496 bytes (9.0%)
(RDMA_READ_CONSUME_CHECK_CONSUMER) timestamp=2544 ms, used_size=3688448 bytes (9.0%)
(RDMA_READ_CONSUME_CHECK_CONSUMER) timestamp=2544 ms, used_size=3686400 bytes (9.0%)
(RDMA_READ_CONSUME_CHECK_CONSUMER) timestamp=2544 ms, used_size=3684352 bytes (9.0%)
(RDMA_READ_CONSUME_CHECK_CONSUMER) timestamp=2544 ms, used_size=3682304 bytes (9.0%)
(RDMA_READ_CONSUME_CHECK_CONSUMER) timestamp=2544 ms, used_size=3680256 bytes (9.0%)
(RDMA_READ_CONSUME_CHECK_CONSUMER) timestamp=2544 ms, used_size=3678208 bytes (9.0%)
(RDMA_READ_CONSUME_CHECK_CONSUMER) timestamp=2544 ms, used_size=3676160 bytes (9.0%)
(RDMA_READ_CONSUME_CHECK_CONSUMER) timestamp=2544 ms, used_size=3674112 bytes (9.0%)
(RDMA_READ_CONSUME_CHECK_CONSUMER) timestamp=2544 ms, used_size=3672064 bytes (9.0%)
(RDMA_READ_CONSUME_CHECK_CONSUMER) timestamp=2544 ms, used_size=3670016 bytes (9.0%)
(RDMA_READ_CONSUME_CHECK_CONSUMER) timestamp=2544 ms, used_size=3667968 bytes (9.0%)
(RDMA_READ_CONSUME_CHECK_CONSUMER) timestamp=2544 ms, used_size=3665920 bytes (8.9%)
(RDMA_READ_CONSUME_CHECK_CONSUMER) timestamp=2544 ms, used_size=3663872 bytes (8.9%)
(RDMA_READ_CONSUME_CHECK_CONSUMER) timestamp=2544 ms, used_size=3661824 bytes (8.9%)
(RDMA_READ_CONSUME_CHECK_CONSUMER) timestamp=2544 ms, used_size=3659776 bytes (8.9%)
(RDMA_READ_CONSUME_CHECK_CONSUMER) timestamp=2544 ms, used_size=3657728 bytes (8.9%)
(RDMA_READ_CONSUME_CHECK_CONSUMER) timestamp=2544 ms, used_size=3655680 bytes (8.9%)
(RDMA_READ_CONSUME_CHECK_CONSUMER) timestamp=2544 ms, used_size=3653632 bytes (8.9%)
(RDMA_READ_CONSUME_CHECK_CONSUMER) timestamp=2544 ms, used_size=3651584 bytes (8.9%)
(RDMA_READ_CONSUME_CHECK_CONSUMER) timestamp=2544 ms, used_size=3649536 bytes (8.9%)
(RDMA_READ_CONSUME_CHECK_CONSUMER) timestamp=2544 ms, used_size=3647488 bytes (8.9%)
(RDMA_READ_CONSUME_CHECK_CONSUMER) timestamp=2544 ms, used_size=3645440 bytes (8.9%)
(RDMA_READ_CONSUME_CHECK_CONSUMER) timestamp=2544 ms, used_size=3643392 bytes (8.9%)
(RDMA_READ_CONSUME_CHECK_CONSUMER) timestamp=2544 ms, used_size=3641344 bytes (8.9%)
(RDMA_READ_CONSUME_CHECK_CONSUMER) timestamp=2544 ms, used_size=3639296 bytes (8.9%)
(RDMA_READ_CONSUME_CHECK_CONSUMER) timestamp=2544 ms, used_size=3637248 bytes (8.9%)
(RDMA_READ_CONSUME_CHECK_CONSUMER) timestamp=2544 ms, used_size=3635200 bytes (8.9%)
(RDMA_READ_CONSUME_CHECK_CONSUMER) timestamp=2544 ms, used_size=3633152 bytes (8.9%)
(RDMA_READ_CONSUME_CHECK_CONSUMER) timestamp=2544 ms, used_size=3631104 bytes (8.9%)
(RDMA_READ_CONSUME_CHECK_CONSUMER) timestamp=2544 ms, used_size=3629056 bytes (8.9%)
(RDMA_READ_CONSUME_CHECK_CONSUMER) timestamp=2544 ms, used_size=3627008 bytes (8.9%)
(RDMA_READ_CONSUME_CHECK_CONSUMER) timestamp=2544 ms, used_size=3624960 bytes (8.8%)
(RDMA_READ_CONSUME_CHECK_CONSUMER) timestamp=2544 ms, used_size=3622912 bytes (8.8%)
(RDMA_READ_CONSUME_CHECK_CONSUMER) timestamp=2544 ms, used_size=3620864 bytes (8.8%)
(RDMA_READ_CONSUME_CHECK_CONSUMER) timestamp=2544 ms, used_size=3618816 bytes (8.8%)
(RDMA_READ_CONSUME_CHECK_CONSUMER) timestamp=2544 ms, used_size=3616768 bytes (8.8%)
(RDMA_READ_CONSUME_CHECK_CONSUMER) timestamp=2544 ms, used_size=3614720 bytes (8.8%)
(RDMA_READ_CONSUME_CHECK_CONSUMER) timestamp=2544 ms, used_size=3612672 bytes (8.8%)
(RDMA_READ_CONSUME_CHECK_CONSUMER) timestamp=2544 ms, used_size=3610624 bytes (8.8%)
(RDMA_READ_CONSUME_CHECK_CONSUMER) timestamp=2544 ms, used_size=3608576 bytes (8.8%)
(RDMA_READ_CONSUME_CHECK_CONSUMER) timestamp=2544 ms, used_size=3606528 bytes (8.8%)
(RDMA_READ_CONSUME_CHECK_CONSUMER) timestamp=2544 ms, used_size=3604480 bytes (8.8%)
(RDMA_READ_CONSUME_CHECK_CONSUMER) timestamp=2544 ms, used_size=3602432 bytes (8.8%)
(RDMA_READ_CONSUME_CHECK_CONSUMER) timestamp=2544 ms, used_size=3600384 bytes (8.8%)
(RDMA_READ_CONSUME_CHECK_CONSUMER) timestamp=2544 ms, used_size=3598336 bytes (8.8%)
(RDMA_READ_CONSUME_CHECK_CONSUMER) timestamp=2544 ms, used_size=3596288 bytes (8.8%)
(RDMA_READ_CONSUME_CHECK_CONSUMER) timestamp=2544 ms, used_size=3594240 bytes (8.8%)
(RDMA_READ_CONSUME_CHECK_CONSUMER) timestamp=2544 ms, used_size=3592192 bytes (8.8%)
(RDMA_READ_CONSUME_CHECK_CONSUMER) timestamp=2544 ms, used_size=3590144 bytes (8.8%)
(RDMA_READ_CONSUME_CHECK_CONSUMER) timestamp=2544 ms, used_size=3588096 bytes (8.8%)
(RDMA_READ_CONSUME_CHECK_CONSUMER) timestamp=2544 ms, used_size=3586048 bytes (8.8%)
(RDMA_READ_CONSUME_CHECK_CONSUMER) timestamp=2544 ms, used_size=3584000 bytes (8.8%)
(RDMA_READ_CONSUME_CHECK_CONSUMER) timestamp=2544 ms, used_size=3581952 bytes (8.7%)
(RDMA_READ_CONSUME_CHECK_CONSUMER) timestamp=2544 ms, used_size=3579904 bytes (8.7%)
(RDMA_READ_CONSUME_CHECK_CONSUMER) timestamp=2544 ms, used_size=3577856 bytes (8.7%)
(RDMA_READ_CONSUME_CHECK_CONSUMER) timestamp=2544 ms, used_size=3575808 bytes (8.7%)
(RDMA_READ_CONSUME_CHECK_CONSUMER) timestamp=2544 ms, used_size=3573760 bytes (8.7%)
(RDMA_READ_CONSUME_CHECK_CONSUMER) timestamp=2544 ms, used_size=3571712 bytes (8.7%)
(RDMA_READ_CONSUME_CHECK_CONSUMER) timestamp=2544 ms, used_size=3569664 bytes (8.7%)
(RDMA_READ_CONSUME_CHECK_CONSUMER) timestamp=2544 ms, used_size=3567616 bytes (8.7%)
(RDMA_READ_CONSUME_CHECK_CONSUMER) timestamp=2544 ms, used_size=3565568 bytes (8.7%)
(RDMA_READ_CONSUME_CHECK_CONSUMER) timestamp=2544 ms, used_size=3563520 bytes (8.7%)
(RDMA_READ_CONSUME_CHECK_CONSUMER) timestamp=2544 ms, used_size=3561472 bytes (8.7%)
(RDMA_READ_CONSUME_CHECK_CONSUMER) timestamp=2544 ms, used_size=3559424 bytes (8.7%)
(RDMA_READ_CONSUME_CHECK_CONSUMER) timestamp=2544 ms, used_size=3557376 bytes (8.7%)
(RDMA_READ_CONSUME_CHECK_CONSUMER) timestamp=2544 ms, used_size=3555328 bytes (8.7%)
(RDMA_READ_CONSUME_CHECK_CONSUMER) timestamp=2544 ms, used_size=3553280 bytes (8.7%)
(RDMA_READ_CONSUME_CHECK_CONSUMER) timestamp=2544 ms, used_size=3551232 bytes (8.7%)
(RDMA_READ_CONSUME_CHECK_CONSUMER) timestamp=2544 ms, used_size=3549184 bytes (8.7%)
(RDMA_READ_CONSUME_CHECK_CONSUMER) timestamp=2544 ms, used_size=3547136 bytes (8.7%)
(RDMA_READ_CONSUME_CHECK_CONSUMER) timestamp=2544 ms, used_size=3545088 bytes (8.7%)
(RDMA_READ_CONSUME_CHECK_CONSUMER) timestamp=2544 ms, used_size=3543040 bytes (8.7%)
(RDMA_READ_CONSUME_CHECK_CONSUMER) timestamp=2544 ms, used_size=3540992 bytes (8.6%)
(RDMA_READ_CONSUME_CHECK_CONSUMER) timestamp=2544 ms, used_size=3538944 bytes (8.6%)
(RDMA_READ_CONSUME_CHECK_CONSUMER) timestamp=2544 ms, used_size=3536896 bytes (8.6%)
(RDMA_READ_CONSUME_CHECK_CONSUMER) timestamp=2544 ms, used_size=3534848 bytes (8.6%)
(RDMA_READ_CONSUME_CHECK_CONSUMER) timestamp=2544 ms, used_size=3532800 bytes (8.6%)
(RDMA_READ_CONSUME_CHECK_CONSUMER) timestamp=2544 ms, used_size=3530752 bytes (8.6%)
(RDMA_READ_CONSUME_CHECK_CONSUMER) timestamp=2544 ms, used_size=3528704 bytes (8.6%)
(RDMA_READ_CONSUME_CHECK_CONSUMER) timestamp=2544 ms, used_size=3526656 bytes (8.6%)
(RDMA_READ_CONSUME_CHECK_CONSUMER) timestamp=2544 ms, used_size=3524608 bytes (8.6%)
(RDMA_READ_CONSUME_CHECK_CONSUMER) timestamp=2544 ms, used_size=3522560 bytes (8.6%)
(RDMA_READ_CONSUME_CHECK_CONSUMER) timestamp=2544 ms, used_size=3520512 bytes (8.6%)
(RDMA_READ_CONSUME_CHECK_CONSUMER) timestamp=2544 ms, used_size=3518464 bytes (8.6%)
(RDMA_READ_CONSUME_CHECK_CONSUMER) timestamp=2544 ms, used_size=3516416 bytes (8.6%)
(RDMA_READ_CONSUME_CHECK_CONSUMER) timestamp=2544 ms, used_size=3514368 bytes (8.6%)
(RDMA_READ_CONSUME_CHECK_CONSUMER) timestamp=2544 ms, used_size=3512320 bytes (8.6%)
(RDMA_READ_CONSUME_CHECK_CONSUMER) timestamp=2544 ms, used_size=3510272 bytes (8.6%)
(RDMA_READ_CONSUME_CHECK_CONSUMER) timestamp=2544 ms, used_size=3508224 bytes (8.6%)
(RDMA_READ_CONSUME_CHECK_CONSUMER) timestamp=2544 ms, used_size=3506176 bytes (8.6%)
(RDMA_READ_CONSUME_CHECK_CONSUMER) timestamp=2544 ms, used_size=3504128 bytes (8.6%)
(RDMA_READ_CONSUME_CHECK_CONSUMER) timestamp=2544 ms, used_size=3502080 bytes (8.6%)
(RDMA_READ_CONSUME_CHECK_CONSUMER) timestamp=2544 ms, used_size=3500032 bytes (8.5%)
(RDMA_READ_CONSUME_CHECK_CONSUMER) timestamp=2544 ms, used_size=3497984 bytes (8.5%)
(RDMA_READ_CONSUME_CHECK_CONSUMER) timestamp=2544 ms, used_size=3495936 bytes (8.5%)
(RDMA_READ_CONSUME_CHECK_CONSUMER) timestamp=2544 ms, used_size=3493888 bytes (8.5%)
(RDMA_READ_CONSUME_CHECK_CONSUMER) timestamp=2544 ms, used_size=3491840 bytes (8.5%)
(RDMA_READ_CONSUME_CHECK_CONSUMER) timestamp=2544 ms, used_size=3489792 bytes (8.5%)
(RDMA_READ_CONSUME_CHECK_CONSUMER) timestamp=2544 ms, used_size=3487744 bytes (8.5%)
(RDMA_READ_CONSUME_CHECK_CONSUMER) timestamp=2544 ms, used_size=3485696 bytes (8.5%)
(RDMA_READ_CONSUME_CHECK_CONSUMER) timestamp=2544 ms, used_size=3483648 bytes (8.5%)
(RDMA_READ_CONSUME_CHECK_CONSUMER) timestamp=2544 ms, used_size=3481600 bytes (8.5%)
(RDMA_READ_CONSUME_CHECK_CONSUMER) timestamp=2544 ms, used_size=3479552 bytes (8.5%)
(RDMA_READ_CONSUME_CHECK_CONSUMER) timestamp=2544 ms, used_size=3477504 bytes (8.5%)
(RDMA_READ_CONSUME_CHECK_CONSUMER) timestamp=2544 ms, used_size=3475456 bytes (8.5%)
(RDMA_READ_CONSUME_CHECK_CONSUMER) timestamp=2544 ms, used_size=3473408 bytes (8.5%)
(RDMA_READ_CONSUME_CHECK_CONSUMER) timestamp=2544 ms, used_size=3471360 bytes (8.5%)
(RDMA_READ_CONSUME_CHECK_CONSUMER) timestamp=2544 ms, used_size=3469312 bytes (8.5%)
(RDMA_READ_CONSUME_CHECK_CONSUMER) timestamp=2544 ms, used_size=3467264 bytes (8.5%)
(RDMA_READ_CONSUME_CHECK_CONSUMER) timestamp=2545 ms, used_size=3465216 bytes (8.5%)
(RDMA_READ_CONSUME_CHECK_CONSUMER) timestamp=2545 ms, used_size=3463168 bytes (8.5%)
(RDMA_READ_CONSUME_CHECK_CONSUMER) timestamp=2545 ms, used_size=3461120 bytes (8.4%)
(RDMA_READ_CONSUME_CHECK_CONSUMER) timestamp=2545 ms, used_size=3459072 bytes (8.4%)
(RDMA_READ_CONSUME_CHECK_CONSUMER) timestamp=2545 ms, used_size=3457024 bytes (8.4%)
(RDMA_READ_CONSUME_CHECK_CONSUMER) timestamp=2545 ms, used_size=3454976 bytes (8.4%)
(RDMA_READ_CONSUME_CHECK_CONSUMER) timestamp=2545 ms, used_size=3452928 bytes (8.4%)
(RDMA_READ_CONSUME_CHECK_CONSUMER) timestamp=2545 ms, used_size=3450880 bytes (8.4%)
(RDMA_READ_CONSUME_CHECK_CONSUMER) timestamp=2545 ms, used_size=3448832 bytes (8.4%)
(RDMA_READ_CONSUME_CHECK_CONSUMER) timestamp=2545 ms, used_size=3446784 bytes (8.4%)
(RDMA_READ_CONSUME_CHECK_CONSUMER) timestamp=2545 ms, used_size=3444736 bytes (8.4%)
(RDMA_READ_CONSUME_CHECK_CONSUMER) timestamp=2545 ms, used_size=3442688 bytes (8.4%)
(RDMA_READ_CONSUME_CHECK_CONSUMER) timestamp=2545 ms, used_size=3440640 bytes (8.4%)
(RDMA_READ_CONSUME_CHECK_CONSUMER) timestamp=2545 ms, used_size=3438592 bytes (8.4%)
(RDMA_READ_CONSUME_CHECK_CONSUMER) timestamp=2545 ms, used_size=3436544 bytes (8.4%)
(RDMA_READ_CONSUME_CHECK_CONSUMER) timestamp=2545 ms, used_size=3434496 bytes (8.4%)
(RDMA_READ_CONSUME_CHECK_CONSUMER) timestamp=2545 ms, used_size=3432448 bytes (8.4%)
(RDMA_READ_CONSUME_CHECK_CONSUMER) timestamp=2545 ms, used_size=3430400 bytes (8.4%)
(RDMA_READ_CONSUME_CHECK_CONSUMER) timestamp=2545 ms, used_size=3428352 bytes (8.4%)
(RDMA_READ_CONSUME_CHECK_CONSUMER) timestamp=2545 ms, used_size=3426304 bytes (8.4%)
(RDMA_READ_CONSUME_CHECK_CONSUMER) timestamp=2545 ms, used_size=3424256 bytes (8.4%)
(RDMA_READ_CONSUME_CHECK_CONSUMER) timestamp=2545 ms, used_size=3422208 bytes (8.4%)
(RDMA_READ_CONSUME_CHECK_CONSUMER) timestamp=2545 ms, used_size=3420160 bytes (8.3%)
(RDMA_READ_CONSUME_CHECK_CONSUMER) timestamp=2545 ms, used_size=3418112 bytes (8.3%)
(RDMA_READ_CONSUME_CHECK_CONSUMER) timestamp=2545 ms, used_size=3416064 bytes (8.3%)
(RDMA_READ_CONSUME_CHECK_CONSUMER) timestamp=2545 ms, used_size=3414016 bytes (8.3%)
(RDMA_READ_CONSUME_CHECK_CONSUMER) timestamp=2545 ms, used_size=3411968 bytes (8.3%)
(RDMA_READ_CONSUME_CHECK_CONSUMER) timestamp=2545 ms, used_size=3409920 bytes (8.3%)
(RDMA_READ_CONSUME_CHECK_CONSUMER) timestamp=2545 ms, used_size=3407872 bytes (8.3%)
(RDMA_READ_CONSUME_CHECK_CONSUMER) timestamp=2545 ms, used_size=3405824 bytes (8.3%)
(RDMA_READ_CONSUME_CHECK_CONSUMER) timestamp=2545 ms, used_size=3403776 bytes (8.3%)
(RDMA_READ_CONSUME_CHECK_CONSUMER) timestamp=2545 ms, used_size=3401728 bytes (8.3%)
(RDMA_READ_CONSUME_CHECK_CONSUMER) timestamp=2545 ms, used_size=3399680 bytes (8.3%)
(RDMA_READ_CONSUME_CHECK_CONSUMER) timestamp=2545 ms, used_size=3397632 bytes (8.3%)
(RDMA_READ_CONSUME_CHECK_CONSUMER) timestamp=2545 ms, used_size=3395584 bytes (8.3%)
(RDMA_READ_CONSUME_CHECK_CONSUMER) timestamp=2545 ms, used_size=3393536 bytes (8.3%)
(RDMA_READ_CONSUME_CHECK_CONSUMER) timestamp=2545 ms, used_size=3391488 bytes (8.3%)
(RDMA_READ_CONSUME_CHECK_CONSUMER) timestamp=2545 ms, used_size=3389440 bytes (8.3%)
(RDMA_READ_CONSUME_CHECK_CONSUMER) timestamp=2545 ms, used_size=3387392 bytes (8.3%)
(RDMA_READ_CONSUME_CHECK_CONSUMER) timestamp=2545 ms, used_size=3385344 bytes (8.3%)
(RDMA_READ_CONSUME_CHECK_CONSUMER) timestamp=2545 ms, used_size=3383296 bytes (8.3%)
(RDMA_READ_CONSUME_CHECK_CONSUMER) timestamp=2545 ms, used_size=3381248 bytes (8.3%)
(RDMA_READ_CONSUME_CHECK_CONSUMER) timestamp=2545 ms, used_size=3379200 bytes (8.2%)
(RDMA_READ_CONSUME_CHECK_CONSUMER) timestamp=2545 ms, used_size=3377152 bytes (8.2%)
(RDMA_READ_CONSUME_CHECK_CONSUMER) timestamp=2545 ms, used_size=3375104 bytes (8.2%)
(RDMA_READ_CONSUME_CHECK_CONSUMER) timestamp=2545 ms, used_size=3373056 bytes (8.2%)
(RDMA_READ_CONSUME_CHECK_CONSUMER) timestamp=2545 ms, used_size=3371008 bytes (8.2%)
(RDMA_READ_CONSUME_CHECK_CONSUMER) timestamp=2545 ms, used_size=3368960 bytes (8.2%)
(RDMA_READ_CONSUME_CHECK_CONSUMER) timestamp=2545 ms, used_size=3366912 bytes (8.2%)
(RDMA_READ_CONSUME_CHECK_CONSUMER) timestamp=2545 ms, used_size=3364864 bytes (8.2%)
(RDMA_READ_CONSUME_CHECK_CONSUMER) timestamp=2545 ms, used_size=3362816 bytes (8.2%)
(RDMA_READ_CONSUME_CHECK_CONSUMER) timestamp=2545 ms, used_size=3360768 bytes (8.2%)
(RDMA_READ_CONSUME_CHECK_CONSUMER) timestamp=2545 ms, used_size=3358720 bytes (8.2%)
(RDMA_READ_CONSUME_CHECK_CONSUMER) timestamp=2545 ms, used_size=3356672 bytes (8.2%)
(RDMA_READ_CONSUME_CHECK_CONSUMER) timestamp=2545 ms, used_size=3354624 bytes (8.2%)
(RDMA_READ_CONSUME_CHECK_CONSUMER) timestamp=2545 ms, used_size=3352576 bytes (8.2%)
(RDMA_READ_CONSUME_CHECK_CONSUMER) timestamp=2545 ms, used_size=3350528 bytes (8.2%)
(RDMA_READ_CONSUME_CHECK_CONSUMER) timestamp=2545 ms, used_size=3348480 bytes (8.2%)
(RDMA_READ_CONSUME_CHECK_CONSUMER) timestamp=2545 ms, used_size=3346432 bytes (8.2%)
(RDMA_READ_CONSUME_CHECK_CONSUMER) timestamp=2545 ms, used_size=3344384 bytes (8.2%)
(RDMA_READ_CONSUME_CHECK_CONSUMER) timestamp=2545 ms, used_size=3342336 bytes (8.2%)
(RDMA_READ_CONSUME_CHECK_CONSUMER) timestamp=2545 ms, used_size=3340288 bytes (8.2%)
(RDMA_READ_CONSUME_CHECK_CONSUMER) timestamp=2545 ms, used_size=3338240 bytes (8.2%)
(RDMA_READ_CONSUME_CHECK_CONSUMER) timestamp=2545 ms, used_size=3336192 bytes (8.1%)
(RDMA_READ_CONSUME_CHECK_CONSUMER) timestamp=2545 ms, used_size=3334144 bytes (8.1%)
(RDMA_READ_CONSUME_CHECK_CONSUMER) timestamp=2545 ms, used_size=3332096 bytes (8.1%)
(RDMA_READ_CONSUME_CHECK_CONSUMER) timestamp=2545 ms, used_size=3330048 bytes (8.1%)
(RDMA_READ_CONSUME_CHECK_CONSUMER) timestamp=2545 ms, used_size=3328000 bytes (8.1%)
(RDMA_READ_CONSUME_CHECK_CONSUMER) timestamp=2545 ms, used_size=3325952 bytes (8.1%)
(RDMA_READ_CONSUME_CHECK_CONSUMER) timestamp=2545 ms, used_size=3323904 bytes (8.1%)
(RDMA_READ_CONSUME_CHECK_CONSUMER) timestamp=2545 ms, used_size=3321856 bytes (8.1%)
(RDMA_READ_CONSUME_CHECK_CONSUMER) timestamp=2545 ms, used_size=3319808 bytes (8.1%)
(RDMA_READ_CONSUME_CHECK_CONSUMER) timestamp=2545 ms, used_size=3317760 bytes (8.1%)
(RDMA_READ_CONSUME_CHECK_CONSUMER) timestamp=2545 ms, used_size=3315712 bytes (8.1%)
(RDMA_READ_CONSUME_CHECK_CONSUMER) timestamp=2545 ms, used_size=3313664 bytes (8.1%)
(RDMA_READ_CONSUME_CHECK_CONSUMER) timestamp=2545 ms, used_size=3311616 bytes (8.1%)
(RDMA_READ_CONSUME_CHECK_CONSUMER) timestamp=2545 ms, used_size=3309568 bytes (8.1%)
(RDMA_READ_CONSUME_CHECK_CONSUMER) timestamp=2545 ms, used_size=3307520 bytes (8.1%)
(RDMA_READ_CONSUME_CHECK_CONSUMER) timestamp=2545 ms, used_size=3305472 bytes (8.1%)
(RDMA_READ_CONSUME_CHECK_CONSUMER) timestamp=2545 ms, used_size=3303424 bytes (8.1%)
(RDMA_READ_CONSUME_CHECK_CONSUMER) timestamp=2545 ms, used_size=3301376 bytes (8.1%)
(RDMA_READ_CONSUME_CHECK_CONSUMER) timestamp=2545 ms, used_size=3299328 bytes (8.1%)
(RDMA_READ_CONSUME_CHECK_CONSUMER) timestamp=2545 ms, used_size=3297280 bytes (8.1%)
(RDMA_READ_CONSUME_CHECK_CONSUMER) timestamp=2545 ms, used_size=3295232 bytes (8.0%)
(RDMA_READ_CONSUME_CHECK_CONSUMER) timestamp=2545 ms, used_size=3293184 bytes (8.0%)
(RDMA_READ_CONSUME_CHECK_CONSUMER) timestamp=2545 ms, used_size=3291136 bytes (8.0%)
(RDMA_READ_CONSUME_CHECK_CONSUMER) timestamp=2545 ms, used_size=3289088 bytes (8.0%)
(RDMA_READ_CONSUME_CHECK_CONSUMER) timestamp=2545 ms, used_size=3287040 bytes (8.0%)
(RDMA_READ_CONSUME_CHECK_CONSUMER) timestamp=2545 ms, used_size=3284992 bytes (8.0%)
(RDMA_READ_CONSUME_CHECK_CONSUMER) timestamp=2545 ms, used_size=3282944 bytes (8.0%)
(RDMA_READ_CONSUME_CHECK_CONSUMER) timestamp=2545 ms, used_size=3280896 bytes (8.0%)
(RDMA_READ_CONSUME_CHECK_CONSUMER) timestamp=2545 ms, used_size=3278848 bytes (8.0%)
(RDMA_READ_CONSUME_CHECK_CONSUMER) timestamp=2545 ms, used_size=3276800 bytes (8.0%)
(RDMA_READ_CONSUME_CHECK_CONSUMER) timestamp=2545 ms, used_size=3274752 bytes (8.0%)
(RDMA_READ_CONSUME_CHECK_CONSUMER) timestamp=2545 ms, used_size=3272704 bytes (8.0%)
(RDMA_READ_CONSUME_CHECK_CONSUMER) timestamp=2545 ms, used_size=3270656 bytes (8.0%)
(RDMA_READ_CONSUME_CHECK_CONSUMER) timestamp=2545 ms, used_size=3268608 bytes (8.0%)
(RDMA_READ_CONSUME_CHECK_CONSUMER) timestamp=2545 ms, used_size=3266560 bytes (8.0%)
(RDMA_READ_CONSUME_CHECK_CONSUMER) timestamp=2545 ms, used_size=3264512 bytes (8.0%)
(RDMA_READ_CONSUME_CHECK_CONSUMER) timestamp=2545 ms, used_size=3262464 bytes (8.0%)
(RDMA_READ_CONSUME_CHECK_CONSUMER) timestamp=2545 ms, used_size=3260416 bytes (8.0%)
(RDMA_READ_CONSUME_CHECK_CONSUMER) timestamp=2545 ms, used_size=3258368 bytes (8.0%)
(RDMA_READ_CONSUME_CHECK_CONSUMER) timestamp=2545 ms, used_size=3256320 bytes (8.0%)
(RDMA_READ_CONSUME_CHECK_CONSUMER) timestamp=2545 ms, used_size=3254272 bytes (7.9%)
(RDMA_READ_CONSUME_CHECK_CONSUMER) timestamp=2545 ms, used_size=3252224 bytes (7.9%)
(RDMA_READ_CONSUME_CHECK_CONSUMER) timestamp=2545 ms, used_size=3250176 bytes (7.9%)
(RDMA_READ_CONSUME_CHECK_CONSUMER) timestamp=2545 ms, used_size=3248128 bytes (7.9%)
(RDMA_READ_CONSUME_CHECK_CONSUMER) timestamp=2545 ms, used_size=3246080 bytes (7.9%)
(RDMA_READ_CONSUME_CHECK_CONSUMER) timestamp=2545 ms, used_size=3244032 bytes (7.9%)
(RDMA_READ_CONSUME_CHECK_CONSUMER) timestamp=2545 ms, used_size=3241984 bytes (7.9%)
(RDMA_READ_CONSUME_CHECK_CONSUMER) timestamp=2545 ms, used_size=3239936 bytes (7.9%)
(RDMA_READ_CONSUME_CHECK_CONSUMER) timestamp=2545 ms, used_size=3237888 bytes (7.9%)
(RDMA_READ_CONSUME_CHECK_CONSUMER) timestamp=2545 ms, used_size=3235840 bytes (7.9%)
(RDMA_READ_CONSUME_CHECK_CONSUMER) timestamp=2545 ms, used_size=3233792 bytes (7.9%)
(RDMA_READ_CONSUME_CHECK_CONSUMER) timestamp=2545 ms, used_size=3231744 bytes (7.9%)
(RDMA_READ_CONSUME_CHECK_CONSUMER) timestamp=2545 ms, used_size=3229696 bytes (7.9%)
(RDMA_READ_CONSUME_CHECK_CONSUMER) timestamp=2545 ms, used_size=3227648 bytes (7.9%)
(RDMA_READ_CONSUME_CHECK_CONSUMER) timestamp=2545 ms, used_size=3225600 bytes (7.9%)
(RDMA_READ_CONSUME_CHECK_CONSUMER) timestamp=2545 ms, used_size=3223552 bytes (7.9%)
(RDMA_READ_CONSUME_CHECK_CONSUMER) timestamp=2545 ms, used_size=3221504 bytes (7.9%)
(RDMA_READ_CONSUME_CHECK_CONSUMER) timestamp=2545 ms, used_size=3219456 bytes (7.9%)
(RDMA_READ_CONSUME_CHECK_CONSUMER) timestamp=2545 ms, used_size=3217408 bytes (7.9%)
(RDMA_READ_CONSUME_CHECK_CONSUMER) timestamp=2545 ms, used_size=3215360 bytes (7.8%)
(RDMA_READ_CONSUME_CHECK_CONSUMER) timestamp=2545 ms, used_size=3213312 bytes (7.8%)
(RDMA_READ_CONSUME_CHECK_CONSUMER) timestamp=2545 ms, used_size=3211264 bytes (7.8%)
(RDMA_READ_CONSUME_CHECK_CONSUMER) timestamp=2545 ms, used_size=3209216 bytes (7.8%)
(RDMA_READ_CONSUME_CHECK_CONSUMER) timestamp=2545 ms, used_size=3207168 bytes (7.8%)
(RDMA_READ_CONSUME_CHECK_CONSUMER) timestamp=2545 ms, used_size=3205120 bytes (7.8%)
(RDMA_READ_CONSUME_CHECK_CONSUMER) timestamp=2545 ms, used_size=3203072 bytes (7.8%)
(RDMA_READ_CONSUME_CHECK_CONSUMER) timestamp=2545 ms, used_size=3201024 bytes (7.8%)
(RDMA_READ_CONSUME_CHECK_CONSUMER) timestamp=2545 ms, used_size=3198976 bytes (7.8%)
(RDMA_READ_CONSUME_CHECK_CONSUMER) timestamp=2545 ms, used_size=3196928 bytes (7.8%)
(RDMA_READ_CONSUME_CHECK_CONSUMER) timestamp=2545 ms, used_size=3194880 bytes (7.8%)
(RDMA_READ_CONSUME_CHECK_CONSUMER) timestamp=2545 ms, used_size=3192832 bytes (7.8%)
(RDMA_READ_CONSUME_CHECK_CONSUMER) timestamp=2545 ms, used_size=3190784 bytes (7.8%)
(RDMA_READ_CONSUME_CHECK_CONSUMER) timestamp=2545 ms, used_size=3188736 bytes (7.8%)
(RDMA_READ_CONSUME_CHECK_CONSUMER) timestamp=2545 ms, used_size=3186688 bytes (7.8%)
(RDMA_READ_CONSUME_CHECK_CONSUMER) timestamp=2545 ms, used_size=3184640 bytes (7.8%)
(RDMA_READ_CONSUME_CHECK_CONSUMER) timestamp=2545 ms, used_size=3182592 bytes (7.8%)
(RDMA_READ_CONSUME_CHECK_CONSUMER) timestamp=2545 ms, used_size=3180544 bytes (7.8%)
(RDMA_READ_CONSUME_CHECK_CONSUMER) timestamp=2545 ms, used_size=3178496 bytes (7.8%)
(RDMA_READ_CONSUME_CHECK_CONSUMER) timestamp=2545 ms, used_size=3176448 bytes (7.8%)
(RDMA_READ_CONSUME_CHECK_CONSUMER) timestamp=2545 ms, used_size=3174400 bytes (7.8%)
(RDMA_READ_CONSUME_CHECK_CONSUMER) timestamp=2545 ms, used_size=3172352 bytes (7.7%)
(RDMA_READ_CONSUME_CHECK_CONSUMER) timestamp=2545 ms, used_size=3170304 bytes (7.7%)
(RDMA_READ_CONSUME_CHECK_CONSUMER) timestamp=2545 ms, used_size=3168256 bytes (7.7%)
(RDMA_READ_CONSUME_CHECK_CONSUMER) timestamp=2545 ms, used_size=3166208 bytes (7.7%)
(RDMA_READ_CONSUME_CHECK_CONSUMER) timestamp=2545 ms, used_size=3164160 bytes (7.7%)
(RDMA_READ_CONSUME_CHECK_CONSUMER) timestamp=2545 ms, used_size=3162112 bytes (7.7%)
(RDMA_READ_CONSUME_CHECK_CONSUMER) timestamp=2545 ms, used_size=3160064 bytes (7.7%)
(RDMA_READ_CONSUME_CHECK_CONSUMER) timestamp=2545 ms, used_size=3158016 bytes (7.7%)
(RDMA_READ_CONSUME_CHECK_CONSUMER) timestamp=2545 ms, used_size=3155968 bytes (7.7%)
(RDMA_READ_CONSUME_CHECK_CONSUMER) timestamp=2545 ms, used_size=3153920 bytes (7.7%)
(RDMA_READ_CONSUME_CHECK_CONSUMER) timestamp=2545 ms, used_size=3151872 bytes (7.7%)
(RDMA_READ_CONSUME_CHECK_CONSUMER) timestamp=2545 ms, used_size=3149824 bytes (7.7%)
(RDMA_READ_CONSUME_CHECK_CONSUMER) timestamp=2545 ms, used_size=3147776 bytes (7.7%)
(RDMA_READ_CONSUME_CHECK_CONSUMER) timestamp=2545 ms, used_size=3145728 bytes (7.7%)
(RDMA_READ_CONSUME_CHECK_CONSUMER) timestamp=2545 ms, used_size=3143680 bytes (7.7%)
(RDMA_READ_CONSUME_CHECK_CONSUMER) timestamp=2545 ms, used_size=3141632 bytes (7.7%)
(RDMA_READ_CONSUME_CHECK_CONSUMER) timestamp=2545 ms, used_size=3139584 bytes (7.7%)
(RDMA_READ_CONSUME_CHECK_CONSUMER) timestamp=2545 ms, used_size=3137536 bytes (7.7%)
(RDMA_READ_CONSUME_CHECK_CONSUMER) timestamp=2545 ms, used_size=3135488 bytes (7.7%)
(RDMA_READ_CONSUME_CHECK_CONSUMER) timestamp=2545 ms, used_size=3133440 bytes (7.7%)
(RDMA_READ_CONSUME_CHECK_CONSUMER) timestamp=2545 ms, used_size=3131392 bytes (7.6%)
(RDMA_READ_CONSUME_CHECK_CONSUMER) timestamp=2545 ms, used_size=3129344 bytes (7.6%)
(RDMA_READ_CONSUME_CHECK_CONSUMER) timestamp=2545 ms, used_size=3127296 bytes (7.6%)
(RDMA_READ_CONSUME_CHECK_CONSUMER) timestamp=2545 ms, used_size=3125248 bytes (7.6%)
(RDMA_READ_CONSUME_CHECK_CONSUMER) timestamp=2545 ms, used_size=3123200 bytes (7.6%)
(RDMA_READ_CONSUME_CHECK_CONSUMER) timestamp=2545 ms, used_size=3121152 bytes (7.6%)
(RDMA_READ_CONSUME_CHECK_CONSUMER) timestamp=2545 ms, used_size=3119104 bytes (7.6%)
(RDMA_READ_CONSUME_CHECK_CONSUMER) timestamp=2545 ms, used_size=3117056 bytes (7.6%)
(RDMA_READ_CONSUME_CHECK_CONSUMER) timestamp=2545 ms, used_size=3115008 bytes (7.6%)
(RDMA_READ_CONSUME_CHECK_CONSUMER) timestamp=2545 ms, used_size=3112960 bytes (7.6%)
(RDMA_READ_CONSUME_CHECK_CONSUMER) timestamp=2545 ms, used_size=3110912 bytes (7.6%)
(RDMA_READ_CONSUME_CHECK_CONSUMER) timestamp=2545 ms, used_size=3108864 bytes (7.6%)
(RDMA_READ_CONSUME_CHECK_CONSUMER) timestamp=2545 ms, used_size=3106816 bytes (7.6%)
(RDMA_READ_CONSUME_CHECK_CONSUMER) timestamp=2546 ms, used_size=3104768 bytes (7.6%)
(RDMA_READ_CONSUME_CHECK_CONSUMER) timestamp=2546 ms, used_size=3102720 bytes (7.6%)
(RDMA_READ_CONSUME_CHECK_CONSUMER) timestamp=2546 ms, used_size=3100672 bytes (7.6%)
(RDMA_READ_CONSUME_CHECK_CONSUMER) timestamp=2546 ms, used_size=3098624 bytes (7.6%)
(RDMA_READ_CONSUME_CHECK_CONSUMER) timestamp=2546 ms, used_size=3096576 bytes (7.6%)
(RDMA_READ_CONSUME_CHECK_CONSUMER) timestamp=2546 ms, used_size=3094528 bytes (7.6%)
(RDMA_READ_CONSUME_CHECK_CONSUMER) timestamp=2546 ms, used_size=3092480 bytes (7.5%)
(RDMA_READ_CONSUME_CHECK_CONSUMER) timestamp=2546 ms, used_size=3090432 bytes (7.5%)
(RDMA_READ_CONSUME_CHECK_CONSUMER) timestamp=2546 ms, used_size=3088384 bytes (7.5%)
(RDMA_READ_CONSUME_CHECK_CONSUMER) timestamp=2546 ms, used_size=3086336 bytes (7.5%)
(RDMA_READ_CONSUME_CHECK_CONSUMER) timestamp=2546 ms, used_size=3084288 bytes (7.5%)
(RDMA_READ_CONSUME_CHECK_CONSUMER) timestamp=2546 ms, used_size=3082240 bytes (7.5%)
(RDMA_READ_CONSUME_CHECK_CONSUMER) timestamp=2546 ms, used_size=3080192 bytes (7.5%)
(RDMA_READ_CONSUME_CHECK_CONSUMER) timestamp=2546 ms, used_size=3078144 bytes (7.5%)
(RDMA_READ_CONSUME_CHECK_CONSUMER) timestamp=2546 ms, used_size=3076096 bytes (7.5%)
(RDMA_READ_CONSUME_CHECK_CONSUMER) timestamp=2546 ms, used_size=3074048 bytes (7.5%)
(RDMA_READ_CONSUME_CHECK_CONSUMER) timestamp=2546 ms, used_size=3072000 bytes (7.5%)
(RDMA_READ_CONSUME_CHECK_CONSUMER) timestamp=2546 ms, used_size=3069952 bytes (7.5%)
(RDMA_READ_CONSUME_CHECK_CONSUMER) timestamp=2546 ms, used_size=3067904 bytes (7.5%)
(RDMA_READ_CONSUME_CHECK_CONSUMER) timestamp=2546 ms, used_size=3065856 bytes (7.5%)
(RDMA_READ_CONSUME_CHECK_CONSUMER) timestamp=2546 ms, used_size=3063808 bytes (7.5%)
(RDMA_READ_CONSUME_CHECK_CONSUMER) timestamp=2546 ms, used_size=3061760 bytes (7.5%)
(RDMA_READ_CONSUME_CHECK_CONSUMER) timestamp=2546 ms, used_size=3059712 bytes (7.5%)
(RDMA_READ_CONSUME_CHECK_CONSUMER) timestamp=2546 ms, used_size=3057664 bytes (7.5%)
(RDMA_READ_CONSUME_CHECK_CONSUMER) timestamp=2546 ms, used_size=3055616 bytes (7.5%)
(RDMA_READ_CONSUME_CHECK_CONSUMER) timestamp=2546 ms, used_size=3053568 bytes (7.5%)
(RDMA_READ_CONSUME_CHECK_CONSUMER) timestamp=2546 ms, used_size=3051520 bytes (7.5%)
(RDMA_READ_CONSUME_CHECK_CONSUMER) timestamp=2546 ms, used_size=3049472 bytes (7.4%)
(RDMA_READ_CONSUME_CHECK_CONSUMER) timestamp=2546 ms, used_size=3047424 bytes (7.4%)
(RDMA_READ_CONSUME_CHECK_CONSUMER) timestamp=2546 ms, used_size=3045376 bytes (7.4%)
(RDMA_READ_CONSUME_CHECK_CONSUMER) timestamp=2546 ms, used_size=3043328 bytes (7.4%)
(RDMA_READ_CONSUME_CHECK_CONSUMER) timestamp=2546 ms, used_size=3041280 bytes (7.4%)
(RDMA_READ_CONSUME_CHECK_CONSUMER) timestamp=2546 ms, used_size=3039232 bytes (7.4%)
(RDMA_READ_CONSUME_CHECK_CONSUMER) timestamp=2546 ms, used_size=3037184 bytes (7.4%)
(RDMA_READ_CONSUME_CHECK_CONSUMER) timestamp=2546 ms, used_size=3035136 bytes (7.4%)
(RDMA_READ_CONSUME_CHECK_CONSUMER) timestamp=2546 ms, used_size=3033088 bytes (7.4%)
(RDMA_READ_CONSUME_CHECK_CONSUMER) timestamp=2546 ms, used_size=3031040 bytes (7.4%)
(RDMA_READ_CONSUME_CHECK_CONSUMER) timestamp=2546 ms, used_size=3028992 bytes (7.4%)
(RDMA_READ_CONSUME_CHECK_CONSUMER) timestamp=2546 ms, used_size=3026944 bytes (7.4%)
(RDMA_READ_CONSUME_CHECK_CONSUMER) timestamp=2546 ms, used_size=3024896 bytes (7.4%)
(RDMA_READ_CONSUME_CHECK_CONSUMER) timestamp=2546 ms, used_size=3022848 bytes (7.4%)
(RDMA_READ_CONSUME_CHECK_CONSUMER) timestamp=2546 ms, used_size=3020800 bytes (7.4%)
(RDMA_READ_CONSUME_CHECK_CONSUMER) timestamp=2546 ms, used_size=3018752 bytes (7.4%)
(RDMA_READ_CONSUME_CHECK_CONSUMER) timestamp=2546 ms, used_size=3016704 bytes (7.4%)
(RDMA_READ_CONSUME_CHECK_CONSUMER) timestamp=2546 ms, used_size=3014656 bytes (7.4%)
(RDMA_READ_CONSUME_CHECK_CONSUMER) timestamp=2546 ms, used_size=3012608 bytes (7.4%)
(RDMA_READ_CONSUME_CHECK_CONSUMER) timestamp=2546 ms, used_size=3010560 bytes (7.3%)
(RDMA_READ_CONSUME_CHECK_CONSUMER) timestamp=2546 ms, used_size=3008512 bytes (7.3%)
(RDMA_READ_CONSUME_CHECK_CONSUMER) timestamp=2546 ms, used_size=3006464 bytes (7.3%)
(RDMA_READ_CONSUME_CHECK_CONSUMER) timestamp=2546 ms, used_size=3004416 bytes (7.3%)
(RDMA_READ_CONSUME_CHECK_CONSUMER) timestamp=2546 ms, used_size=3002368 bytes (7.3%)
(RDMA_READ_CONSUME_CHECK_CONSUMER) timestamp=2546 ms, used_size=3000320 bytes (7.3%)
(RDMA_READ_CONSUME_CHECK_CONSUMER) timestamp=2546 ms, used_size=2998272 bytes (7.3%)
(RDMA_READ_CONSUME_CHECK_CONSUMER) timestamp=2546 ms, used_size=2996224 bytes (7.3%)
(RDMA_READ_CONSUME_CHECK_CONSUMER) timestamp=2546 ms, used_size=2994176 bytes (7.3%)
(RDMA_READ_CONSUME_CHECK_CONSUMER) timestamp=2546 ms, used_size=2992128 bytes (7.3%)
(RDMA_READ_CONSUME_CHECK_CONSUMER) timestamp=2546 ms, used_size=2990080 bytes (7.3%)
(RDMA_READ_CONSUME_CHECK_CONSUMER) timestamp=2546 ms, used_size=2988032 bytes (7.3%)
(RDMA_READ_CONSUME_CHECK_CONSUMER) timestamp=2546 ms, used_size=2985984 bytes (7.3%)
(RDMA_READ_CONSUME_CHECK_CONSUMER) timestamp=2546 ms, used_size=2983936 bytes (7.3%)
(RDMA_READ_CONSUME_CHECK_CONSUMER) timestamp=2546 ms, used_size=2981888 bytes (7.3%)
(RDMA_READ_CONSUME_CHECK_CONSUMER) timestamp=2546 ms, used_size=2979840 bytes (7.3%)
(RDMA_READ_CONSUME_CHECK_CONSUMER) timestamp=2546 ms, used_size=2977792 bytes (7.3%)
(RDMA_READ_CONSUME_CHECK_CONSUMER) timestamp=2546 ms, used_size=2975744 bytes (7.3%)
(RDMA_READ_CONSUME_CHECK_CONSUMER) timestamp=2546 ms, used_size=2973696 bytes (7.3%)
(RDMA_READ_CONSUME_CHECK_CONSUMER) timestamp=2546 ms, used_size=2971648 bytes (7.3%)
(RDMA_READ_CONSUME_CHECK_CONSUMER) timestamp=2546 ms, used_size=2969600 bytes (7.2%)
(RDMA_READ_CONSUME_CHECK_CONSUMER) timestamp=2546 ms, used_size=2967552 bytes (7.2%)
(RDMA_READ_CONSUME_CHECK_CONSUMER) timestamp=2546 ms, used_size=2965504 bytes (7.2%)
(RDMA_READ_CONSUME_CHECK_CONSUMER) timestamp=2546 ms, used_size=2963456 bytes (7.2%)
(RDMA_READ_CONSUME_CHECK_CONSUMER) timestamp=2546 ms, used_size=2961408 bytes (7.2%)
(RDMA_READ_CONSUME_CHECK_CONSUMER) timestamp=2546 ms, used_size=2959360 bytes (7.2%)
(RDMA_READ_CONSUME_CHECK_CONSUMER) timestamp=2546 ms, used_size=2957312 bytes (7.2%)
(RDMA_READ_CONSUME_CHECK_CONSUMER) timestamp=2546 ms, used_size=2955264 bytes (7.2%)
(RDMA_READ_CONSUME_CHECK_CONSUMER) timestamp=2546 ms, used_size=2953216 bytes (7.2%)
(RDMA_READ_CONSUME_CHECK_CONSUMER) timestamp=2546 ms, used_size=2951168 bytes (7.2%)
(RDMA_READ_CONSUME_CHECK_CONSUMER) timestamp=2546 ms, used_size=2949120 bytes (7.2%)
(RDMA_READ_CONSUME_CHECK_CONSUMER) timestamp=2546 ms, used_size=2947072 bytes (7.2%)
(RDMA_READ_CONSUME_CHECK_CONSUMER) timestamp=2546 ms, used_size=2945024 bytes (7.2%)
(RDMA_READ_CONSUME_CHECK_CONSUMER) timestamp=2546 ms, used_size=2942976 bytes (7.2%)
(RDMA_READ_CONSUME_CHECK_CONSUMER) timestamp=2546 ms, used_size=2940928 bytes (7.2%)
(RDMA_READ_CONSUME_CHECK_CONSUMER) timestamp=2546 ms, used_size=2938880 bytes (7.2%)
(RDMA_READ_CONSUME_CHECK_CONSUMER) timestamp=2546 ms, used_size=2936832 bytes (7.2%)
(RDMA_READ_CONSUME_CHECK_CONSUMER) timestamp=2546 ms, used_size=2934784 bytes (7.2%)
(RDMA_READ_CONSUME_CHECK_CONSUMER) timestamp=2546 ms, used_size=2932736 bytes (7.2%)
(RDMA_READ_CONSUME_CHECK_CONSUMER) timestamp=2546 ms, used_size=2930688 bytes (7.2%)
(RDMA_READ_CONSUME_CHECK_CONSUMER) timestamp=2546 ms, used_size=2928640 bytes (7.2%)
(RDMA_READ_CONSUME_CHECK_CONSUMER) timestamp=2546 ms, used_size=2926592 bytes (7.1%)
(RDMA_READ_CONSUME_CHECK_CONSUMER) timestamp=2546 ms, used_size=2924544 bytes (7.1%)
(RDMA_READ_CONSUME_CHECK_CONSUMER) timestamp=2546 ms, used_size=2922496 bytes (7.1%)
(RDMA_READ_CONSUME_CHECK_CONSUMER) timestamp=2546 ms, used_size=2920448 bytes (7.1%)
(RDMA_READ_CONSUME_CHECK_CONSUMER) timestamp=2546 ms, used_size=2918400 bytes (7.1%)
(RDMA_READ_CONSUME_CHECK_CONSUMER) timestamp=2546 ms, used_size=2916352 bytes (7.1%)
(RDMA_READ_CONSUME_CHECK_CONSUMER) timestamp=2546 ms, used_size=2914304 bytes (7.1%)
(RDMA_READ_CONSUME_CHECK_CONSUMER) timestamp=2546 ms, used_size=2912256 bytes (7.1%)
(RDMA_READ_CONSUME_CHECK_CONSUMER) timestamp=2546 ms, used_size=2910208 bytes (7.1%)
(RDMA_READ_CONSUME_CHECK_CONSUMER) timestamp=2546 ms, used_size=2908160 bytes (7.1%)
(RDMA_READ_CONSUME_CHECK_CONSUMER) timestamp=2546 ms, used_size=2906112 bytes (7.1%)
(RDMA_READ_CONSUME_CHECK_CONSUMER) timestamp=2546 ms, used_size=2904064 bytes (7.1%)
(RDMA_READ_CONSUME_CHECK_CONSUMER) timestamp=2546 ms, used_size=2902016 bytes (7.1%)
(RDMA_READ_CONSUME_CHECK_CONSUMER) timestamp=2546 ms, used_size=2899968 bytes (7.1%)
(RDMA_READ_CONSUME_CHECK_CONSUMER) timestamp=2546 ms, used_size=2897920 bytes (7.1%)
(RDMA_READ_CONSUME_CHECK_CONSUMER) timestamp=2546 ms, used_size=2895872 bytes (7.1%)
(RDMA_READ_CONSUME_CHECK_CONSUMER) timestamp=2546 ms, used_size=2893824 bytes (7.1%)
(RDMA_READ_CONSUME_CHECK_CONSUMER) timestamp=2546 ms, used_size=2891776 bytes (7.1%)
(RDMA_READ_CONSUME_CHECK_CONSUMER) timestamp=2546 ms, used_size=2889728 bytes (7.1%)
(RDMA_READ_CONSUME_CHECK_CONSUMER) timestamp=2546 ms, used_size=2887680 bytes (7.0%)
(RDMA_READ_CONSUME_CHECK_CONSUMER) timestamp=2546 ms, used_size=2885632 bytes (7.0%)
(RDMA_READ_CONSUME_CHECK_CONSUMER) timestamp=2546 ms, used_size=2883584 bytes (7.0%)
(RDMA_READ_CONSUME_CHECK_CONSUMER) timestamp=2546 ms, used_size=2881536 bytes (7.0%)
(RDMA_READ_CONSUME_CHECK_CONSUMER) timestamp=2546 ms, used_size=2879488 bytes (7.0%)
(RDMA_READ_CONSUME_CHECK_CONSUMER) timestamp=2546 ms, used_size=2877440 bytes (7.0%)
(RDMA_READ_CONSUME_CHECK_CONSUMER) timestamp=2546 ms, used_size=2875392 bytes (7.0%)
(RDMA_READ_CONSUME_CHECK_CONSUMER) timestamp=2546 ms, used_size=2873344 bytes (7.0%)
(RDMA_READ_CONSUME_CHECK_CONSUMER) timestamp=2546 ms, used_size=2871296 bytes (7.0%)
(RDMA_READ_CONSUME_CHECK_CONSUMER) timestamp=2546 ms, used_size=2869248 bytes (7.0%)
(RDMA_READ_CONSUME_CHECK_CONSUMER) timestamp=2546 ms, used_size=2867200 bytes (7.0%)
(RDMA_READ_CONSUME_CHECK_CONSUMER) timestamp=2546 ms, used_size=2865152 bytes (7.0%)
(RDMA_READ_CONSUME_CHECK_CONSUMER) timestamp=2546 ms, used_size=2863104 bytes (7.0%)
(RDMA_READ_CONSUME_CHECK_CONSUMER) timestamp=2546 ms, used_size=2861056 bytes (7.0%)
(RDMA_READ_CONSUME_CHECK_CONSUMER) timestamp=2546 ms, used_size=2859008 bytes (7.0%)
(RDMA_READ_CONSUME_CHECK_CONSUMER) timestamp=2546 ms, used_size=2856960 bytes (7.0%)
(RDMA_READ_CONSUME_CHECK_CONSUMER) timestamp=2546 ms, used_size=2854912 bytes (7.0%)
(RDMA_READ_CONSUME_CHECK_CONSUMER) timestamp=2546 ms, used_size=2852864 bytes (7.0%)
(RDMA_READ_CONSUME_CHECK_CONSUMER) timestamp=2546 ms, used_size=2850816 bytes (7.0%)
(RDMA_READ_CONSUME_CHECK_CONSUMER) timestamp=2546 ms, used_size=2848768 bytes (7.0%)
(RDMA_READ_CONSUME_CHECK_CONSUMER) timestamp=2546 ms, used_size=2846720 bytes (7.0%)
(RDMA_READ_CONSUME_CHECK_CONSUMER) timestamp=2546 ms, used_size=2844672 bytes (6.9%)
(RDMA_READ_CONSUME_CHECK_CONSUMER) timestamp=2546 ms, used_size=2842624 bytes (6.9%)
(RDMA_READ_CONSUME_CHECK_CONSUMER) timestamp=2546 ms, used_size=2840576 bytes (6.9%)
(RDMA_READ_CONSUME_CHECK_CONSUMER) timestamp=2546 ms, used_size=2838528 bytes (6.9%)
(RDMA_READ_CONSUME_CHECK_CONSUMER) timestamp=2546 ms, used_size=2836480 bytes (6.9%)
(RDMA_READ_CONSUME_CHECK_CONSUMER) timestamp=2546 ms, used_size=2834432 bytes (6.9%)
(RDMA_READ_CONSUME_CHECK_CONSUMER) timestamp=2546 ms, used_size=2832384 bytes (6.9%)
(RDMA_READ_CONSUME_CHECK_CONSUMER) timestamp=2546 ms, used_size=2830336 bytes (6.9%)
(RDMA_READ_CONSUME_CHECK_CONSUMER) timestamp=2546 ms, used_size=2828288 bytes (6.9%)
(RDMA_READ_CONSUME_CHECK_CONSUMER) timestamp=2546 ms, used_size=2826240 bytes (6.9%)
(RDMA_READ_CONSUME_CHECK_CONSUMER) timestamp=2546 ms, used_size=2824192 bytes (6.9%)
(RDMA_READ_CONSUME_CHECK_CONSUMER) timestamp=2546 ms, used_size=2822144 bytes (6.9%)
(RDMA_READ_CONSUME_CHECK_CONSUMER) timestamp=2546 ms, used_size=2820096 bytes (6.9%)
(RDMA_READ_CONSUME_CHECK_CONSUMER) timestamp=2546 ms, used_size=2818048 bytes (6.9%)
(RDMA_READ_CONSUME_CHECK_CONSUMER) timestamp=2546 ms, used_size=2816000 bytes (6.9%)
(RDMA_READ_CONSUME_CHECK_CONSUMER) timestamp=2546 ms, used_size=2813952 bytes (6.9%)
(RDMA_READ_CONSUME_CHECK_CONSUMER) timestamp=2546 ms, used_size=2811904 bytes (6.9%)
(RDMA_READ_CONSUME_CHECK_CONSUMER) timestamp=2546 ms, used_size=2809856 bytes (6.9%)
(RDMA_READ_CONSUME_CHECK_CONSUMER) timestamp=2546 ms, used_size=2807808 bytes (6.9%)
(RDMA_READ_CONSUME_CHECK_CONSUMER) timestamp=2546 ms, used_size=2805760 bytes (6.8%)
(RDMA_READ_CONSUME_CHECK_CONSUMER) timestamp=2546 ms, used_size=2803712 bytes (6.8%)
(RDMA_READ_CONSUME_CHECK_CONSUMER) timestamp=2546 ms, used_size=2801664 bytes (6.8%)
(RDMA_READ_CONSUME_CHECK_CONSUMER) timestamp=2546 ms, used_size=2799616 bytes (6.8%)
(RDMA_READ_CONSUME_CHECK_CONSUMER) timestamp=2546 ms, used_size=2797568 bytes (6.8%)
(RDMA_READ_CONSUME_CHECK_CONSUMER) timestamp=2546 ms, used_size=2795520 bytes (6.8%)
(RDMA_READ_CONSUME_CHECK_CONSUMER) timestamp=2546 ms, used_size=2793472 bytes (6.8%)
(RDMA_READ_CONSUME_CHECK_CONSUMER) timestamp=2546 ms, used_size=2791424 bytes (6.8%)
(RDMA_READ_CONSUME_CHECK_CONSUMER) timestamp=2546 ms, used_size=2789376 bytes (6.8%)
(RDMA_READ_CONSUME_CHECK_CONSUMER) timestamp=2546 ms, used_size=2787328 bytes (6.8%)
(RDMA_READ_CONSUME_CHECK_CONSUMER) timestamp=2546 ms, used_size=2785280 bytes (6.8%)
(RDMA_READ_CONSUME_CHECK_CONSUMER) timestamp=2546 ms, used_size=2783232 bytes (6.8%)
(RDMA_READ_CONSUME_CHECK_CONSUMER) timestamp=2546 ms, used_size=2781184 bytes (6.8%)
(RDMA_READ_CONSUME_CHECK_CONSUMER) timestamp=2546 ms, used_size=2779136 bytes (6.8%)
(RDMA_READ_CONSUME_CHECK_CONSUMER) timestamp=2546 ms, used_size=2777088 bytes (6.8%)
(RDMA_READ_CONSUME_CHECK_CONSUMER) timestamp=2546 ms, used_size=2775040 bytes (6.8%)
(RDMA_READ_CONSUME_CHECK_CONSUMER) timestamp=2546 ms, used_size=2772992 bytes (6.8%)
(RDMA_READ_CONSUME_CHECK_CONSUMER) timestamp=2546 ms, used_size=2770944 bytes (6.8%)
(RDMA_READ_CONSUME_CHECK_CONSUMER) timestamp=2546 ms, used_size=2768896 bytes (6.8%)
(RDMA_READ_CONSUME_CHECK_CONSUMER) timestamp=2546 ms, used_size=2766848 bytes (6.8%)
(RDMA_READ_CONSUME_CHECK_CONSUMER) timestamp=2546 ms, used_size=2764800 bytes (6.8%)
(RDMA_READ_CONSUME_CHECK_CONSUMER) timestamp=2546 ms, used_size=2762752 bytes (6.7%)
(RDMA_READ_CONSUME_CHECK_CONSUMER) timestamp=2546 ms, used_size=2760704 bytes (6.7%)
(RDMA_READ_CONSUME_CHECK_CONSUMER) timestamp=2546 ms, used_size=2758656 bytes (6.7%)
(RDMA_READ_CONSUME_CHECK_CONSUMER) timestamp=2546 ms, used_size=2756608 bytes (6.7%)
(RDMA_READ_CONSUME_CHECK_CONSUMER) timestamp=2546 ms, used_size=2754560 bytes (6.7%)
(RDMA_READ_CONSUME_CHECK_CONSUMER) timestamp=2546 ms, used_size=2752512 bytes (6.7%)
(RDMA_READ_CONSUME_CHECK_CONSUMER) timestamp=2546 ms, used_size=2750464 bytes (6.7%)
(RDMA_READ_CONSUME_CHECK_CONSUMER) timestamp=2546 ms, used_size=2748416 bytes (6.7%)
(RDMA_READ_CONSUME_CHECK_CONSUMER) timestamp=2546 ms, used_size=2746368 bytes (6.7%)
(RDMA_READ_CONSUME_CHECK_CONSUMER) timestamp=2546 ms, used_size=2744320 bytes (6.7%)
(RDMA_READ_CONSUME_CHECK_CONSUMER) timestamp=2546 ms, used_size=2742272 bytes (6.7%)
(RDMA_READ_CONSUME_CHECK_CONSUMER) timestamp=2546 ms, used_size=2740224 bytes (6.7%)
(RDMA_READ_CONSUME_CHECK_CONSUMER) timestamp=2546 ms, used_size=2738176 bytes (6.7%)
(RDMA_READ_CONSUME_CHECK_CONSUMER) timestamp=2546 ms, used_size=2736128 bytes (6.7%)
(RDMA_READ_CONSUME_CHECK_CONSUMER) timestamp=2547 ms, used_size=2734080 bytes (6.7%)
(RDMA_READ_CONSUME_CHECK_CONSUMER) timestamp=2547 ms, used_size=2732032 bytes (6.7%)
(RDMA_READ_CONSUME_CHECK_CONSUMER) timestamp=2547 ms, used_size=2729984 bytes (6.7%)
(RDMA_READ_CONSUME_CHECK_CONSUMER) timestamp=2547 ms, used_size=2727936 bytes (6.7%)
(RDMA_READ_CONSUME_CHECK_CONSUMER) timestamp=2547 ms, used_size=2725888 bytes (6.7%)
(RDMA_READ_CONSUME_CHECK_CONSUMER) timestamp=2547 ms, used_size=2723840 bytes (6.7%)
(RDMA_READ_CONSUME_CHECK_CONSUMER) timestamp=2547 ms, used_size=2721792 bytes (6.6%)
(RDMA_READ_CONSUME_CHECK_CONSUMER) timestamp=2547 ms, used_size=2719744 bytes (6.6%)
(RDMA_READ_CONSUME_CHECK_CONSUMER) timestamp=2547 ms, used_size=2717696 bytes (6.6%)
(RDMA_READ_CONSUME_CHECK_CONSUMER) timestamp=2547 ms, used_size=2715648 bytes (6.6%)
(RDMA_READ_CONSUME_CHECK_CONSUMER) timestamp=2547 ms, used_size=2713600 bytes (6.6%)
(RDMA_READ_CONSUME_CHECK_CONSUMER) timestamp=2547 ms, used_size=2711552 bytes (6.6%)
(RDMA_READ_CONSUME_CHECK_CONSUMER) timestamp=2547 ms, used_size=2709504 bytes (6.6%)
(RDMA_READ_CONSUME_CHECK_CONSUMER) timestamp=2547 ms, used_size=2707456 bytes (6.6%)
(RDMA_READ_CONSUME_CHECK_CONSUMER) timestamp=2547 ms, used_size=2705408 bytes (6.6%)
(RDMA_READ_CONSUME_CHECK_CONSUMER) timestamp=2547 ms, used_size=2703360 bytes (6.6%)
(RDMA_READ_CONSUME_CHECK_CONSUMER) timestamp=2547 ms, used_size=2701312 bytes (6.6%)
(RDMA_READ_CONSUME_CHECK_CONSUMER) timestamp=2547 ms, used_size=2699264 bytes (6.6%)
(RDMA_READ_CONSUME_CHECK_CONSUMER) timestamp=2547 ms, used_size=2697216 bytes (6.6%)
(RDMA_READ_CONSUME_CHECK_CONSUMER) timestamp=2547 ms, used_size=2695168 bytes (6.6%)
(RDMA_READ_CONSUME_CHECK_CONSUMER) timestamp=2547 ms, used_size=2693120 bytes (6.6%)
(RDMA_READ_CONSUME_CHECK_CONSUMER) timestamp=2547 ms, used_size=2691072 bytes (6.6%)
(RDMA_READ_CONSUME_CHECK_CONSUMER) timestamp=2547 ms, used_size=2689024 bytes (6.6%)
(RDMA_READ_CONSUME_CHECK_CONSUMER) timestamp=2547 ms, used_size=2686976 bytes (6.6%)
(RDMA_READ_CONSUME_CHECK_CONSUMER) timestamp=2547 ms, used_size=2684928 bytes (6.6%)
(RDMA_READ_CONSUME_CHECK_CONSUMER) timestamp=2547 ms, used_size=2682880 bytes (6.5%)
(RDMA_READ_CONSUME_CHECK_CONSUMER) timestamp=2547 ms, used_size=2680832 bytes (6.5%)
(RDMA_READ_CONSUME_CHECK_CONSUMER) timestamp=2547 ms, used_size=2678784 bytes (6.5%)
(RDMA_READ_CONSUME_CHECK_CONSUMER) timestamp=2547 ms, used_size=2676736 bytes (6.5%)
(RDMA_READ_CONSUME_CHECK_CONSUMER) timestamp=2547 ms, used_size=2674688 bytes (6.5%)
(RDMA_READ_CONSUME_CHECK_CONSUMER) timestamp=2547 ms, used_size=2672640 bytes (6.5%)
(RDMA_READ_CONSUME_CHECK_CONSUMER) timestamp=2547 ms, used_size=2670592 bytes (6.5%)
(RDMA_READ_CONSUME_CHECK_CONSUMER) timestamp=2547 ms, used_size=2668544 bytes (6.5%)
(RDMA_READ_CONSUME_CHECK_CONSUMER) timestamp=2547 ms, used_size=2666496 bytes (6.5%)
(RDMA_READ_CONSUME_CHECK_CONSUMER) timestamp=2547 ms, used_size=2664448 bytes (6.5%)
(RDMA_READ_CONSUME_CHECK_CONSUMER) timestamp=2547 ms, used_size=2662400 bytes (6.5%)
(RDMA_READ_CONSUME_CHECK_CONSUMER) timestamp=2547 ms, used_size=2660352 bytes (6.5%)
(RDMA_READ_CONSUME_CHECK_CONSUMER) timestamp=2547 ms, used_size=2658304 bytes (6.5%)
(RDMA_READ_CONSUME_CHECK_CONSUMER) timestamp=2547 ms, used_size=2656256 bytes (6.5%)
(RDMA_READ_CONSUME_CHECK_CONSUMER) timestamp=2547 ms, used_size=2654208 bytes (6.5%)
(RDMA_READ_CONSUME_CHECK_CONSUMER) timestamp=2547 ms, used_size=2652160 bytes (6.5%)
(RDMA_READ_CONSUME_CHECK_CONSUMER) timestamp=2547 ms, used_size=2650112 bytes (6.5%)
(RDMA_READ_CONSUME_CHECK_CONSUMER) timestamp=2547 ms, used_size=2648064 bytes (6.5%)
(RDMA_READ_CONSUME_CHECK_CONSUMER) timestamp=2547 ms, used_size=2646016 bytes (6.5%)
(RDMA_READ_CONSUME_CHECK_CONSUMER) timestamp=2547 ms, used_size=2643968 bytes (6.5%)
(RDMA_READ_CONSUME_CHECK_CONSUMER) timestamp=2547 ms, used_size=2641920 bytes (6.5%)
(RDMA_READ_CONSUME_CHECK_CONSUMER) timestamp=2547 ms, used_size=2639872 bytes (6.4%)
(RDMA_READ_CONSUME_CHECK_CONSUMER) timestamp=2547 ms, used_size=2637824 bytes (6.4%)
(RDMA_READ_CONSUME_CHECK_CONSUMER) timestamp=2547 ms, used_size=2635776 bytes (6.4%)
(RDMA_READ_CONSUME_CHECK_CONSUMER) timestamp=2547 ms, used_size=2633728 bytes (6.4%)
(RDMA_READ_CONSUME_CHECK_CONSUMER) timestamp=2547 ms, used_size=2631680 bytes (6.4%)
(RDMA_READ_CONSUME_CHECK_CONSUMER) timestamp=2547 ms, used_size=2629632 bytes (6.4%)
(RDMA_READ_CONSUME_CHECK_CONSUMER) timestamp=2547 ms, used_size=2627584 bytes (6.4%)
(RDMA_READ_CONSUME_CHECK_CONSUMER) timestamp=2547 ms, used_size=2625536 bytes (6.4%)
(RDMA_READ_CONSUME_CHECK_CONSUMER) timestamp=2547 ms, used_size=2623488 bytes (6.4%)
(RDMA_READ_CONSUME_CHECK_CONSUMER) timestamp=2547 ms, used_size=2621440 bytes (6.4%)
(RDMA_READ_CONSUME_CHECK_CONSUMER) timestamp=2547 ms, used_size=2619392 bytes (6.4%)
(RDMA_READ_CONSUME_CHECK_CONSUMER) timestamp=2547 ms, used_size=2617344 bytes (6.4%)
(RDMA_READ_CONSUME_CHECK_CONSUMER) timestamp=2547 ms, used_size=2615296 bytes (6.4%)
(RDMA_READ_CONSUME_CHECK_CONSUMER) timestamp=2547 ms, used_size=2613248 bytes (6.4%)
(RDMA_READ_CONSUME_CHECK_CONSUMER) timestamp=2547 ms, used_size=2611200 bytes (6.4%)
(RDMA_READ_CONSUME_CHECK_CONSUMER) timestamp=2547 ms, used_size=2609152 bytes (6.4%)
(RDMA_READ_CONSUME_CHECK_CONSUMER) timestamp=2547 ms, used_size=2607104 bytes (6.4%)
(RDMA_READ_CONSUME_CHECK_CONSUMER) timestamp=2547 ms, used_size=2605056 bytes (6.4%)
(RDMA_READ_CONSUME_CHECK_CONSUMER) timestamp=2547 ms, used_size=2603008 bytes (6.4%)
(RDMA_READ_CONSUME_CHECK_CONSUMER) timestamp=2547 ms, used_size=2600960 bytes (6.3%)
(RDMA_READ_CONSUME_CHECK_CONSUMER) timestamp=2547 ms, used_size=2598912 bytes (6.3%)
(RDMA_READ_CONSUME_CHECK_CONSUMER) timestamp=2547 ms, used_size=2596864 bytes (6.3%)
(RDMA_READ_CONSUME_CHECK_CONSUMER) timestamp=2547 ms, used_size=2594816 bytes (6.3%)
(RDMA_READ_CONSUME_CHECK_CONSUMER) timestamp=2547 ms, used_size=2592768 bytes (6.3%)
(RDMA_READ_CONSUME_CHECK_CONSUMER) timestamp=2547 ms, used_size=2590720 bytes (6.3%)
(RDMA_READ_CONSUME_CHECK_CONSUMER) timestamp=2547 ms, used_size=2588672 bytes (6.3%)
(RDMA_READ_CONSUME_CHECK_CONSUMER) timestamp=2547 ms, used_size=2586624 bytes (6.3%)
(RDMA_READ_CONSUME_CHECK_CONSUMER) timestamp=2547 ms, used_size=2584576 bytes (6.3%)
(RDMA_READ_CONSUME_CHECK_CONSUMER) timestamp=2547 ms, used_size=2582528 bytes (6.3%)
(RDMA_READ_CONSUME_CHECK_CONSUMER) timestamp=2547 ms, used_size=2580480 bytes (6.3%)
(RDMA_READ_CONSUME_CHECK_CONSUMER) timestamp=2547 ms, used_size=2578432 bytes (6.3%)
(RDMA_READ_CONSUME_CHECK_CONSUMER) timestamp=2547 ms, used_size=2576384 bytes (6.3%)
(RDMA_READ_CONSUME_CHECK_CONSUMER) timestamp=2547 ms, used_size=2574336 bytes (6.3%)
(RDMA_READ_CONSUME_CHECK_CONSUMER) timestamp=2547 ms, used_size=2572288 bytes (6.3%)
(RDMA_READ_CONSUME_CHECK_CONSUMER) timestamp=2547 ms, used_size=2570240 bytes (6.3%)
(RDMA_READ_CONSUME_CHECK_CONSUMER) timestamp=2547 ms, used_size=2568192 bytes (6.3%)
(RDMA_READ_CONSUME_CHECK_CONSUMER) timestamp=2547 ms, used_size=2566144 bytes (6.3%)
(RDMA_READ_CONSUME_CHECK_CONSUMER) timestamp=2547 ms, used_size=2564096 bytes (6.3%)
(RDMA_READ_CONSUME_CHECK_CONSUMER) timestamp=2547 ms, used_size=2562048 bytes (6.3%)
(RDMA_READ_CONSUME_CHECK_CONSUMER) timestamp=2547 ms, used_size=2560000 bytes (6.2%)
(RDMA_READ_CONSUME_CHECK_CONSUMER) timestamp=2547 ms, used_size=2557952 bytes (6.2%)
(RDMA_READ_CONSUME_CHECK_CONSUMER) timestamp=2547 ms, used_size=2555904 bytes (6.2%)
(RDMA_READ_CONSUME_CHECK_CONSUMER) timestamp=2547 ms, used_size=2553856 bytes (6.2%)
(RDMA_READ_CONSUME_CHECK_CONSUMER) timestamp=2547 ms, used_size=2551808 bytes (6.2%)
(RDMA_READ_CONSUME_CHECK_CONSUMER) timestamp=2547 ms, used_size=2549760 bytes (6.2%)
(RDMA_READ_CONSUME_CHECK_CONSUMER) timestamp=2547 ms, used_size=2547712 bytes (6.2%)
(RDMA_READ_CONSUME_CHECK_CONSUMER) timestamp=2547 ms, used_size=2545664 bytes (6.2%)
(RDMA_READ_CONSUME_CHECK_CONSUMER) timestamp=2547 ms, used_size=2543616 bytes (6.2%)
(RDMA_READ_CONSUME_CHECK_CONSUMER) timestamp=2547 ms, used_size=2541568 bytes (6.2%)
(RDMA_READ_CONSUME_CHECK_CONSUMER) timestamp=2547 ms, used_size=2539520 bytes (6.2%)
(RDMA_READ_CONSUME_CHECK_CONSUMER) timestamp=2547 ms, used_size=2537472 bytes (6.2%)
(RDMA_READ_CONSUME_CHECK_CONSUMER) timestamp=2547 ms, used_size=2535424 bytes (6.2%)
(RDMA_READ_CONSUME_CHECK_CONSUMER) timestamp=2547 ms, used_size=2533376 bytes (6.2%)
(RDMA_READ_CONSUME_CHECK_CONSUMER) timestamp=2547 ms, used_size=2531328 bytes (6.2%)
(RDMA_READ_CONSUME_CHECK_CONSUMER) timestamp=2547 ms, used_size=2529280 bytes (6.2%)
(RDMA_READ_CONSUME_CHECK_CONSUMER) timestamp=2547 ms, used_size=2527232 bytes (6.2%)
(RDMA_READ_CONSUME_CHECK_CONSUMER) timestamp=2547 ms, used_size=2525184 bytes (6.2%)
(RDMA_READ_CONSUME_CHECK_CONSUMER) timestamp=2547 ms, used_size=2523136 bytes (6.2%)
(RDMA_READ_CONSUME_CHECK_CONSUMER) timestamp=2547 ms, used_size=2521088 bytes (6.2%)
(RDMA_READ_CONSUME_CHECK_CONSUMER) timestamp=2547 ms, used_size=2519040 bytes (6.2%)
(RDMA_READ_CONSUME_CHECK_CONSUMER) timestamp=2547 ms, used_size=2516992 bytes (6.1%)
(RDMA_READ_CONSUME_CHECK_CONSUMER) timestamp=2547 ms, used_size=2514944 bytes (6.1%)
(RDMA_READ_CONSUME_CHECK_CONSUMER) timestamp=2547 ms, used_size=2512896 bytes (6.1%)
(RDMA_READ_CONSUME_CHECK_CONSUMER) timestamp=2547 ms, used_size=2510848 bytes (6.1%)
(RDMA_READ_CONSUME_CHECK_CONSUMER) timestamp=2547 ms, used_size=2508800 bytes (6.1%)
(RDMA_READ_CONSUME_CHECK_CONSUMER) timestamp=2547 ms, used_size=2506752 bytes (6.1%)
(RDMA_READ_CONSUME_CHECK_CONSUMER) timestamp=2547 ms, used_size=2504704 bytes (6.1%)
(RDMA_READ_CONSUME_CHECK_CONSUMER) timestamp=2547 ms, used_size=2502656 bytes (6.1%)
(RDMA_READ_CONSUME_CHECK_CONSUMER) timestamp=2547 ms, used_size=2500608 bytes (6.1%)
(RDMA_READ_CONSUME_CHECK_CONSUMER) timestamp=2547 ms, used_size=2498560 bytes (6.1%)
(RDMA_READ_CONSUME_CHECK_CONSUMER) timestamp=2547 ms, used_size=2496512 bytes (6.1%)
(RDMA_READ_CONSUME_CHECK_CONSUMER) timestamp=2547 ms, used_size=2494464 bytes (6.1%)
(RDMA_READ_CONSUME_CHECK_CONSUMER) timestamp=2547 ms, used_size=2492416 bytes (6.1%)
(RDMA_READ_CONSUME_CHECK_CONSUMER) timestamp=2547 ms, used_size=2490368 bytes (6.1%)
(RDMA_READ_CONSUME_CHECK_CONSUMER) timestamp=2547 ms, used_size=2488320 bytes (6.1%)
(RDMA_READ_CONSUME_CHECK_CONSUMER) timestamp=2547 ms, used_size=2486272 bytes (6.1%)
(RDMA_READ_CONSUME_CHECK_CONSUMER) timestamp=2547 ms, used_size=2484224 bytes (6.1%)
(RDMA_READ_CONSUME_CHECK_CONSUMER) timestamp=2547 ms, used_size=2482176 bytes (6.1%)
(RDMA_READ_CONSUME_CHECK_CONSUMER) timestamp=2547 ms, used_size=2480128 bytes (6.1%)
(RDMA_READ_CONSUME_CHECK_CONSUMER) timestamp=2547 ms, used_size=2478080 bytes (6.0%)
(RDMA_READ_CONSUME_CHECK_CONSUMER) timestamp=2547 ms, used_size=2476032 bytes (6.0%)
(RDMA_READ_CONSUME_CHECK_CONSUMER) timestamp=2547 ms, used_size=2473984 bytes (6.0%)
(RDMA_READ_CONSUME_CHECK_CONSUMER) timestamp=2547 ms, used_size=2471936 bytes (6.0%)
(RDMA_READ_CONSUME_CHECK_CONSUMER) timestamp=2547 ms, used_size=2469888 bytes (6.0%)
(RDMA_READ_CONSUME_CHECK_CONSUMER) timestamp=2547 ms, used_size=2467840 bytes (6.0%)
(RDMA_READ_CONSUME_CHECK_CONSUMER) timestamp=2547 ms, used_size=2465792 bytes (6.0%)
(RDMA_READ_CONSUME_CHECK_CONSUMER) timestamp=2547 ms, used_size=2463744 bytes (6.0%)
(RDMA_READ_CONSUME_CHECK_CONSUMER) timestamp=2547 ms, used_size=2461696 bytes (6.0%)
(RDMA_READ_CONSUME_CHECK_CONSUMER) timestamp=2547 ms, used_size=2459648 bytes (6.0%)
(RDMA_READ_CONSUME_CHECK_CONSUMER) timestamp=2547 ms, used_size=2457600 bytes (6.0%)
(RDMA_READ_CONSUME_CHECK_CONSUMER) timestamp=2547 ms, used_size=2455552 bytes (6.0%)
(RDMA_READ_CONSUME_CHECK_CONSUMER) timestamp=2547 ms, used_size=2453504 bytes (6.0%)
(RDMA_READ_CONSUME_CHECK_CONSUMER) timestamp=2547 ms, used_size=2451456 bytes (6.0%)
(RDMA_READ_CONSUME_CHECK_CONSUMER) timestamp=2547 ms, used_size=2449408 bytes (6.0%)
(RDMA_READ_CONSUME_CHECK_CONSUMER) timestamp=2547 ms, used_size=2447360 bytes (6.0%)
(RDMA_READ_CONSUME_CHECK_CONSUMER) timestamp=2547 ms, used_size=2445312 bytes (6.0%)
(RDMA_READ_CONSUME_CHECK_CONSUMER) timestamp=2547 ms, used_size=2443264 bytes (6.0%)
(RDMA_READ_CONSUME_CHECK_CONSUMER) timestamp=2547 ms, used_size=2441216 bytes (6.0%)
(RDMA_READ_CONSUME_CHECK_CONSUMER) timestamp=2547 ms, used_size=2439168 bytes (6.0%)
(RDMA_READ_CONSUME_CHECK_CONSUMER) timestamp=2547 ms, used_size=2437120 bytes (6.0%)
(RDMA_READ_CONSUME_CHECK_CONSUMER) timestamp=2547 ms, used_size=2435072 bytes (5.9%)
(RDMA_READ_CONSUME_CHECK_CONSUMER) timestamp=2547 ms, used_size=2433024 bytes (5.9%)
(RDMA_READ_CONSUME_CHECK_CONSUMER) timestamp=2547 ms, used_size=2430976 bytes (5.9%)
(RDMA_READ_CONSUME_CHECK_CONSUMER) timestamp=2547 ms, used_size=2428928 bytes (5.9%)
(RDMA_READ_CONSUME_CHECK_CONSUMER) timestamp=2547 ms, used_size=2426880 bytes (5.9%)
(RDMA_READ_CONSUME_CHECK_CONSUMER) timestamp=2547 ms, used_size=2424832 bytes (5.9%)
(RDMA_READ_CONSUME_CHECK_CONSUMER) timestamp=2547 ms, used_size=2422784 bytes (5.9%)
(RDMA_READ_CONSUME_CHECK_CONSUMER) timestamp=2547 ms, used_size=2420736 bytes (5.9%)
(RDMA_READ_CONSUME_CHECK_CONSUMER) timestamp=2547 ms, used_size=2418688 bytes (5.9%)
(RDMA_READ_CONSUME_CHECK_CONSUMER) timestamp=2547 ms, used_size=2416640 bytes (5.9%)
(RDMA_READ_CONSUME_CHECK_CONSUMER) timestamp=2547 ms, used_size=2414592 bytes (5.9%)
(RDMA_READ_CONSUME_CHECK_CONSUMER) timestamp=2547 ms, used_size=2412544 bytes (5.9%)
(RDMA_READ_CONSUME_CHECK_CONSUMER) timestamp=2547 ms, used_size=2410496 bytes (5.9%)
(RDMA_READ_CONSUME_CHECK_CONSUMER) timestamp=2547 ms, used_size=2408448 bytes (5.9%)
(RDMA_READ_CONSUME_CHECK_CONSUMER) timestamp=2547 ms, used_size=2406400 bytes (5.9%)
(RDMA_READ_CONSUME_CHECK_CONSUMER) timestamp=2547 ms, used_size=2404352 bytes (5.9%)
(RDMA_READ_CONSUME_CHECK_CONSUMER) timestamp=2547 ms, used_size=2402304 bytes (5.9%)
(RDMA_READ_CONSUME_CHECK_CONSUMER) timestamp=2547 ms, used_size=2400256 bytes (5.9%)
(RDMA_READ_CONSUME_CHECK_CONSUMER) timestamp=2547 ms, used_size=2398208 bytes (5.9%)
(RDMA_READ_CONSUME_CHECK_CONSUMER) timestamp=2547 ms, used_size=2396160 bytes (5.8%)
(RDMA_READ_CONSUME_CHECK_CONSUMER) timestamp=2547 ms, used_size=2394112 bytes (5.8%)
(RDMA_READ_CONSUME_CHECK_CONSUMER) timestamp=2547 ms, used_size=2392064 bytes (5.8%)
(RDMA_READ_CONSUME_CHECK_CONSUMER) timestamp=2547 ms, used_size=2390016 bytes (5.8%)
(RDMA_READ_CONSUME_CHECK_CONSUMER) timestamp=2547 ms, used_size=2387968 bytes (5.8%)
(RDMA_READ_CONSUME_CHECK_CONSUMER) timestamp=2547 ms, used_size=2385920 bytes (5.8%)
(RDMA_READ_CONSUME_CHECK_CONSUMER) timestamp=2547 ms, used_size=2383872 bytes (5.8%)
(RDMA_READ_CONSUME_CHECK_CONSUMER) timestamp=2547 ms, used_size=2381824 bytes (5.8%)
(RDMA_READ_CONSUME_CHECK_CONSUMER) timestamp=2547 ms, used_size=2379776 bytes (5.8%)
(RDMA_READ_CONSUME_CHECK_CONSUMER) timestamp=2547 ms, used_size=2377728 bytes (5.8%)
(RDMA_READ_CONSUME_CHECK_CONSUMER) timestamp=2547 ms, used_size=2375680 bytes (5.8%)
(RDMA_READ_CONSUME_CHECK_CONSUMER) timestamp=2547 ms, used_size=2373632 bytes (5.8%)
(RDMA_READ_CONSUME_CHECK_CONSUMER) timestamp=2547 ms, used_size=2371584 bytes (5.8%)
(RDMA_READ_CONSUME_CHECK_CONSUMER) timestamp=2547 ms, used_size=2369536 bytes (5.8%)
(RDMA_READ_CONSUME_CHECK_CONSUMER) timestamp=2547 ms, used_size=2367488 bytes (5.8%)
(RDMA_READ_CONSUME_CHECK_CONSUMER) timestamp=2547 ms, used_size=2365440 bytes (5.8%)
(RDMA_READ_CONSUME_CHECK_CONSUMER) timestamp=2547 ms, used_size=2363392 bytes (5.8%)
(RDMA_READ_CONSUME_CHECK_CONSUMER) timestamp=2547 ms, used_size=2361344 bytes (5.8%)
(RDMA_READ_CONSUME_CHECK_CONSUMER) timestamp=2548 ms, used_size=2359296 bytes (5.8%)
(RDMA_READ_CONSUME_CHECK_CONSUMER) timestamp=2548 ms, used_size=2357248 bytes (5.8%)
(RDMA_READ_CONSUME_CHECK_CONSUMER) timestamp=2548 ms, used_size=2355200 bytes (5.8%)
(RDMA_READ_CONSUME_CHECK_CONSUMER) timestamp=2548 ms, used_size=2353152 bytes (5.7%)
(RDMA_READ_CONSUME_CHECK_CONSUMER) timestamp=2548 ms, used_size=2351104 bytes (5.7%)
(RDMA_READ_CONSUME_CHECK_CONSUMER) timestamp=2548 ms, used_size=2349056 bytes (5.7%)
(RDMA_READ_CONSUME_CHECK_CONSUMER) timestamp=2548 ms, used_size=2347008 bytes (5.7%)
(RDMA_READ_CONSUME_CHECK_CONSUMER) timestamp=2548 ms, used_size=2344960 bytes (5.7%)
(RDMA_READ_CONSUME_CHECK_CONSUMER) timestamp=2548 ms, used_size=2342912 bytes (5.7%)
(RDMA_READ_CONSUME_CHECK_CONSUMER) timestamp=2548 ms, used_size=2340864 bytes (5.7%)
(RDMA_READ_CONSUME_CHECK_CONSUMER) timestamp=2548 ms, used_size=2338816 bytes (5.7%)
(RDMA_READ_CONSUME_CHECK_CONSUMER) timestamp=2548 ms, used_size=2336768 bytes (5.7%)
(RDMA_READ_CONSUME_CHECK_CONSUMER) timestamp=2548 ms, used_size=2334720 bytes (5.7%)
(RDMA_READ_CONSUME_CHECK_CONSUMER) timestamp=2548 ms, used_size=2332672 bytes (5.7%)
(RDMA_READ_CONSUME_CHECK_CONSUMER) timestamp=2548 ms, used_size=2330624 bytes (5.7%)
(RDMA_READ_CONSUME_CHECK_CONSUMER) timestamp=2548 ms, used_size=2328576 bytes (5.7%)
(RDMA_READ_CONSUME_CHECK_CONSUMER) timestamp=2548 ms, used_size=2326528 bytes (5.7%)
(RDMA_READ_CONSUME_CHECK_CONSUMER) timestamp=2548 ms, used_size=2324480 bytes (5.7%)
(RDMA_READ_CONSUME_CHECK_CONSUMER) timestamp=2548 ms, used_size=2322432 bytes (5.7%)
(RDMA_READ_CONSUME_CHECK_CONSUMER) timestamp=2548 ms, used_size=2320384 bytes (5.7%)
(RDMA_READ_CONSUME_CHECK_CONSUMER) timestamp=2548 ms, used_size=2318336 bytes (5.7%)
(RDMA_READ_CONSUME_CHECK_CONSUMER) timestamp=2548 ms, used_size=2316288 bytes (5.7%)
(RDMA_READ_CONSUME_CHECK_CONSUMER) timestamp=2548 ms, used_size=2314240 bytes (5.7%)
(RDMA_READ_CONSUME_CHECK_CONSUMER) timestamp=2548 ms, used_size=2312192 bytes (5.6%)
(RDMA_READ_CONSUME_CHECK_CONSUMER) timestamp=2548 ms, used_size=2310144 bytes (5.6%)
(RDMA_READ_CONSUME_CHECK_CONSUMER) timestamp=2548 ms, used_size=2308096 bytes (5.6%)
(RDMA_READ_CONSUME_CHECK_CONSUMER) timestamp=2548 ms, used_size=2306048 bytes (5.6%)
(RDMA_READ_CONSUME_CHECK_CONSUMER) timestamp=2548 ms, used_size=2304000 bytes (5.6%)
(RDMA_READ_CONSUME_CHECK_CONSUMER) timestamp=2548 ms, used_size=2301952 bytes (5.6%)
(RDMA_READ_CONSUME_CHECK_CONSUMER) timestamp=2548 ms, used_size=2299904 bytes (5.6%)
(RDMA_READ_CONSUME_CHECK_CONSUMER) timestamp=2548 ms, used_size=2297856 bytes (5.6%)
(RDMA_READ_CONSUME_CHECK_CONSUMER) timestamp=2548 ms, used_size=2295808 bytes (5.6%)
(RDMA_READ_CONSUME_CHECK_CONSUMER) timestamp=2548 ms, used_size=2293760 bytes (5.6%)
(RDMA_READ_CONSUME_CHECK_CONSUMER) timestamp=2548 ms, used_size=2291712 bytes (5.6%)
(RDMA_READ_CONSUME_CHECK_CONSUMER) timestamp=2548 ms, used_size=2289664 bytes (5.6%)
(RDMA_READ_CONSUME_CHECK_CONSUMER) timestamp=2548 ms, used_size=2287616 bytes (5.6%)
(RDMA_READ_CONSUME_CHECK_CONSUMER) timestamp=2548 ms, used_size=2285568 bytes (5.6%)
(RDMA_READ_CONSUME_CHECK_CONSUMER) timestamp=2548 ms, used_size=2283520 bytes (5.6%)
(RDMA_READ_CONSUME_CHECK_CONSUMER) timestamp=2548 ms, used_size=2281472 bytes (5.6%)
(RDMA_READ_CONSUME_CHECK_CONSUMER) timestamp=2548 ms, used_size=2279424 bytes (5.6%)
(RDMA_READ_CONSUME_CHECK_CONSUMER) timestamp=2548 ms, used_size=2277376 bytes (5.6%)
(RDMA_READ_CONSUME_CHECK_CONSUMER) timestamp=2548 ms, used_size=2275328 bytes (5.6%)
(RDMA_READ_CONSUME_CHECK_CONSUMER) timestamp=2548 ms, used_size=2273280 bytes (5.5%)
(RDMA_READ_CONSUME_CHECK_CONSUMER) timestamp=2548 ms, used_size=2271232 bytes (5.5%)
(RDMA_READ_CONSUME_CHECK_CONSUMER) timestamp=2548 ms, used_size=2269184 bytes (5.5%)
(RDMA_READ_CONSUME_CHECK_CONSUMER) timestamp=2548 ms, used_size=2267136 bytes (5.5%)
(RDMA_READ_CONSUME_CHECK_CONSUMER) timestamp=2548 ms, used_size=2265088 bytes (5.5%)
(RDMA_READ_CONSUME_CHECK_CONSUMER) timestamp=2548 ms, used_size=2263040 bytes (5.5%)
(RDMA_READ_CONSUME_CHECK_CONSUMER) timestamp=2548 ms, used_size=2260992 bytes (5.5%)
(RDMA_READ_CONSUME_CHECK_CONSUMER) timestamp=2548 ms, used_size=2258944 bytes (5.5%)
(RDMA_READ_CONSUME_CHECK_CONSUMER) timestamp=2548 ms, used_size=2256896 bytes (5.5%)
(RDMA_READ_CONSUME_CHECK_CONSUMER) timestamp=2548 ms, used_size=2254848 bytes (5.5%)
(RDMA_READ_CONSUME_CHECK_CONSUMER) timestamp=2548 ms, used_size=2252800 bytes (5.5%)
(RDMA_READ_CONSUME_CHECK_CONSUMER) timestamp=2548 ms, used_size=2250752 bytes (5.5%)
(RDMA_READ_CONSUME_CHECK_CONSUMER) timestamp=2548 ms, used_size=2248704 bytes (5.5%)
(RDMA_READ_CONSUME_CHECK_CONSUMER) timestamp=2548 ms, used_size=2246656 bytes (5.5%)
(RDMA_READ_CONSUME_CHECK_CONSUMER) timestamp=2548 ms, used_size=2244608 bytes (5.5%)
(RDMA_READ_CONSUME_CHECK_CONSUMER) timestamp=2548 ms, used_size=2242560 bytes (5.5%)
(RDMA_READ_CONSUME_CHECK_CONSUMER) timestamp=2548 ms, used_size=2240512 bytes (5.5%)
(RDMA_READ_CONSUME_CHECK_CONSUMER) timestamp=2548 ms, used_size=2238464 bytes (5.5%)
(RDMA_READ_CONSUME_CHECK_CONSUMER) timestamp=2548 ms, used_size=2236416 bytes (5.5%)
(RDMA_READ_CONSUME_CHECK_CONSUMER) timestamp=2548 ms, used_size=2234368 bytes (5.5%)
(RDMA_READ_CONSUME_CHECK_CONSUMER) timestamp=2548 ms, used_size=2232320 bytes (5.5%)
(RDMA_READ_CONSUME_CHECK_CONSUMER) timestamp=2548 ms, used_size=2230272 bytes (5.4%)
(RDMA_READ_CONSUME_CHECK_CONSUMER) timestamp=2548 ms, used_size=2228224 bytes (5.4%)
(RDMA_READ_CONSUME_CHECK_CONSUMER) timestamp=2548 ms, used_size=2226176 bytes (5.4%)
(RDMA_READ_CONSUME_CHECK_CONSUMER) timestamp=2548 ms, used_size=2224128 bytes (5.4%)
(RDMA_READ_CONSUME_CHECK_CONSUMER) timestamp=2548 ms, used_size=2222080 bytes (5.4%)
(RDMA_READ_CONSUME_CHECK_CONSUMER) timestamp=2548 ms, used_size=2220032 bytes (5.4%)
(RDMA_READ_CONSUME_CHECK_CONSUMER) timestamp=2548 ms, used_size=2217984 bytes (5.4%)
(RDMA_READ_CONSUME_CHECK_CONSUMER) timestamp=2548 ms, used_size=2215936 bytes (5.4%)
(RDMA_READ_CONSUME_CHECK_CONSUMER) timestamp=2548 ms, used_size=2213888 bytes (5.4%)
(RDMA_READ_CONSUME_CHECK_CONSUMER) timestamp=2548 ms, used_size=2211840 bytes (5.4%)
(RDMA_READ_CONSUME_CHECK_CONSUMER) timestamp=2548 ms, used_size=2209792 bytes (5.4%)
(RDMA_READ_CONSUME_CHECK_CONSUMER) timestamp=2548 ms, used_size=2207744 bytes (5.4%)
(RDMA_READ_CONSUME_CHECK_CONSUMER) timestamp=2548 ms, used_size=2205696 bytes (5.4%)
(RDMA_READ_CONSUME_CHECK_CONSUMER) timestamp=2548 ms, used_size=2203648 bytes (5.4%)
(RDMA_READ_CONSUME_CHECK_CONSUMER) timestamp=2548 ms, used_size=2201600 bytes (5.4%)
(RDMA_READ_CONSUME_CHECK_CONSUMER) timestamp=2548 ms, used_size=2199552 bytes (5.4%)
(RDMA_READ_CONSUME_CHECK_CONSUMER) timestamp=2548 ms, used_size=2197504 bytes (5.4%)
(RDMA_READ_CONSUME_CHECK_CONSUMER) timestamp=2548 ms, used_size=2195456 bytes (5.4%)
(RDMA_READ_CONSUME_CHECK_CONSUMER) timestamp=2548 ms, used_size=2193408 bytes (5.4%)
(RDMA_READ_CONSUME_CHECK_CONSUMER) timestamp=2548 ms, used_size=2191360 bytes (5.3%)
(RDMA_READ_CONSUME_CHECK_CONSUMER) timestamp=2548 ms, used_size=2189312 bytes (5.3%)
(RDMA_READ_CONSUME_CHECK_CONSUMER) timestamp=2548 ms, used_size=2187264 bytes (5.3%)
(RDMA_READ_CONSUME_CHECK_CONSUMER) timestamp=2548 ms, used_size=2185216 bytes (5.3%)
(RDMA_READ_CONSUME_CHECK_CONSUMER) timestamp=2548 ms, used_size=2183168 bytes (5.3%)
(RDMA_READ_CONSUME_CHECK_CONSUMER) timestamp=2548 ms, used_size=2181120 bytes (5.3%)
(RDMA_READ_CONSUME_CHECK_CONSUMER) timestamp=2548 ms, used_size=2179072 bytes (5.3%)
(RDMA_READ_CONSUME_CHECK_CONSUMER) timestamp=2548 ms, used_size=2177024 bytes (5.3%)
(RDMA_READ_CONSUME_CHECK_CONSUMER) timestamp=2548 ms, used_size=2174976 bytes (5.3%)
(RDMA_READ_CONSUME_CHECK_CONSUMER) timestamp=2548 ms, used_size=2172928 bytes (5.3%)
(RDMA_READ_CONSUME_CHECK_CONSUMER) timestamp=2548 ms, used_size=2170880 bytes (5.3%)
(RDMA_READ_CONSUME_CHECK_CONSUMER) timestamp=2548 ms, used_size=2168832 bytes (5.3%)
(RDMA_READ_CONSUME_CHECK_CONSUMER) timestamp=2548 ms, used_size=2166784 bytes (5.3%)
(RDMA_READ_CONSUME_CHECK_CONSUMER) timestamp=2548 ms, used_size=2164736 bytes (5.3%)
(RDMA_READ_CONSUME_CHECK_CONSUMER) timestamp=2548 ms, used_size=2162688 bytes (5.3%)
(RDMA_READ_CONSUME_CHECK_CONSUMER) timestamp=2548 ms, used_size=2160640 bytes (5.3%)
(RDMA_READ_CONSUME_CHECK_CONSUMER) timestamp=2548 ms, used_size=2158592 bytes (5.3%)
(RDMA_READ_CONSUME_CHECK_CONSUMER) timestamp=2548 ms, used_size=2156544 bytes (5.3%)
(RDMA_READ_CONSUME_CHECK_CONSUMER) timestamp=2548 ms, used_size=2154496 bytes (5.3%)
(RDMA_READ_CONSUME_CHECK_CONSUMER) timestamp=2548 ms, used_size=2152448 bytes (5.3%)
(RDMA_READ_CONSUME_CHECK_CONSUMER) timestamp=2548 ms, used_size=2150400 bytes (5.2%)
(RDMA_READ_CONSUME_CHECK_CONSUMER) timestamp=2548 ms, used_size=2148352 bytes (5.2%)
(RDMA_READ_CONSUME_CHECK_CONSUMER) timestamp=2548 ms, used_size=2146304 bytes (5.2%)
(RDMA_READ_CONSUME_CHECK_CONSUMER) timestamp=2548 ms, used_size=2144256 bytes (5.2%)
(RDMA_READ_CONSUME_CHECK_CONSUMER) timestamp=2548 ms, used_size=2142208 bytes (5.2%)
(RDMA_READ_CONSUME_CHECK_CONSUMER) timestamp=2548 ms, used_size=2140160 bytes (5.2%)
(RDMA_READ_CONSUME_CHECK_CONSUMER) timestamp=2548 ms, used_size=2138112 bytes (5.2%)
(RDMA_READ_CONSUME_CHECK_CONSUMER) timestamp=2548 ms, used_size=2136064 bytes (5.2%)
(RDMA_READ_CONSUME_CHECK_CONSUMER) timestamp=2548 ms, used_size=2134016 bytes (5.2%)
(RDMA_READ_CONSUME_CHECK_CONSUMER) timestamp=2548 ms, used_size=2131968 bytes (5.2%)
(RDMA_READ_CONSUME_CHECK_CONSUMER) timestamp=2548 ms, used_size=2129920 bytes (5.2%)
(RDMA_READ_CONSUME_CHECK_CONSUMER) timestamp=2548 ms, used_size=2127872 bytes (5.2%)
(RDMA_READ_CONSUME_CHECK_CONSUMER) timestamp=2548 ms, used_size=2125824 bytes (5.2%)
(RDMA_READ_CONSUME_CHECK_CONSUMER) timestamp=2548 ms, used_size=2123776 bytes (5.2%)
(RDMA_READ_CONSUME_CHECK_CONSUMER) timestamp=2548 ms, used_size=2121728 bytes (5.2%)
(RDMA_READ_CONSUME_CHECK_CONSUMER) timestamp=2548 ms, used_size=2119680 bytes (5.2%)
(RDMA_READ_CONSUME_CHECK_CONSUMER) timestamp=2548 ms, used_size=2117632 bytes (5.2%)
(RDMA_READ_CONSUME_CHECK_CONSUMER) timestamp=2548 ms, used_size=2115584 bytes (5.2%)
(RDMA_READ_CONSUME_CHECK_CONSUMER) timestamp=2548 ms, used_size=2113536 bytes (5.2%)
(RDMA_READ_CONSUME_CHECK_CONSUMER) timestamp=2548 ms, used_size=2111488 bytes (5.2%)
(RDMA_READ_CONSUME_CHECK_CONSUMER) timestamp=2548 ms, used_size=2109440 bytes (5.2%)
(RDMA_READ_CONSUME_CHECK_CONSUMER) timestamp=2548 ms, used_size=2107392 bytes (5.1%)
(RDMA_READ_CONSUME_CHECK_CONSUMER) timestamp=2548 ms, used_size=2105344 bytes (5.1%)
(RDMA_READ_CONSUME_CHECK_CONSUMER) timestamp=2548 ms, used_size=2103296 bytes (5.1%)
(RDMA_READ_CONSUME_CHECK_CONSUMER) timestamp=2548 ms, used_size=2101248 bytes (5.1%)
(RDMA_READ_CONSUME_CHECK_CONSUMER) timestamp=2548 ms, used_size=2099200 bytes (5.1%)
(RDMA_READ_CONSUME_CHECK_CONSUMER) timestamp=2548 ms, used_size=2097152 bytes (5.1%)
(RDMA_READ_CONSUME_CHECK_CONSUMER) timestamp=2548 ms, used_size=2095104 bytes (5.1%)
(RDMA_READ_CONSUME_CHECK_CONSUMER) timestamp=2548 ms, used_size=2093056 bytes (5.1%)
(RDMA_READ_CONSUME_CHECK_CONSUMER) timestamp=2548 ms, used_size=2091008 bytes (5.1%)
(RDMA_READ_CONSUME_CHECK_CONSUMER) timestamp=2548 ms, used_size=2088960 bytes (5.1%)
(RDMA_READ_CONSUME_CHECK_CONSUMER) timestamp=2548 ms, used_size=2086912 bytes (5.1%)
(RDMA_READ_CONSUME_CHECK_CONSUMER) timestamp=2548 ms, used_size=2084864 bytes (5.1%)
(RDMA_READ_CONSUME_CHECK_CONSUMER) timestamp=2548 ms, used_size=2082816 bytes (5.1%)
(RDMA_READ_CONSUME_CHECK_CONSUMER) timestamp=2548 ms, used_size=2080768 bytes (5.1%)
(RDMA_READ_CONSUME_CHECK_CONSUMER) timestamp=2548 ms, used_size=2078720 bytes (5.1%)
(RDMA_READ_CONSUME_CHECK_CONSUMER) timestamp=2548 ms, used_size=2076672 bytes (5.1%)
(RDMA_READ_CONSUME_CHECK_CONSUMER) timestamp=2548 ms, used_size=2074624 bytes (5.1%)
(RDMA_READ_CONSUME_CHECK_CONSUMER) timestamp=2548 ms, used_size=2072576 bytes (5.1%)
(RDMA_READ_CONSUME_CHECK_CONSUMER) timestamp=2548 ms, used_size=2070528 bytes (5.1%)
(RDMA_READ_CONSUME_CHECK_CONSUMER) timestamp=2548 ms, used_size=2068480 bytes (5.0%)
(RDMA_READ_CONSUME_CHECK_CONSUMER) timestamp=2548 ms, used_size=2066432 bytes (5.0%)
(RDMA_READ_CONSUME_CHECK_CONSUMER) timestamp=2548 ms, used_size=2064384 bytes (5.0%)
(RDMA_READ_CONSUME_CHECK_CONSUMER) timestamp=2548 ms, used_size=2062336 bytes (5.0%)
(RDMA_READ_CONSUME_CHECK_CONSUMER) timestamp=2548 ms, used_size=2060288 bytes (5.0%)
(RDMA_READ_CONSUME_CHECK_CONSUMER) timestamp=2548 ms, used_size=2058240 bytes (5.0%)
(RDMA_READ_CONSUME_CHECK_CONSUMER) timestamp=2548 ms, used_size=2056192 bytes (5.0%)
(RDMA_READ_CONSUME_CHECK_CONSUMER) timestamp=2548 ms, used_size=2054144 bytes (5.0%)
(RDMA_READ_CONSUME_CHECK_CONSUMER) timestamp=2548 ms, used_size=2052096 bytes (5.0%)
(RDMA_READ_CONSUME_CHECK_CONSUMER) timestamp=2548 ms, used_size=2050048 bytes (5.0%)
(RDMA_READ_CONSUME_CHECK_CONSUMER) timestamp=2548 ms, used_size=2048000 bytes (5.0%)
(RDMA_READ_CONSUME_CHECK_CONSUMER) timestamp=2548 ms, used_size=2045952 bytes (5.0%)
(RDMA_READ_CONSUME_CHECK_CONSUMER) timestamp=2548 ms, used_size=2043904 bytes (5.0%)
(RDMA_READ_CONSUME_CHECK_CONSUMER) timestamp=2548 ms, used_size=2041856 bytes (5.0%)
(RDMA_READ_CONSUME_CHECK_CONSUMER) timestamp=2548 ms, used_size=2039808 bytes (5.0%)
(RDMA_READ_CONSUME_CHECK_CONSUMER) timestamp=2548 ms, used_size=2037760 bytes (5.0%)
(RDMA_READ_CONSUME_CHECK_CONSUMER) timestamp=2548 ms, used_size=2035712 bytes (5.0%)
(RDMA_READ_CONSUME_CHECK_CONSUMER) timestamp=2548 ms, used_size=2033664 bytes (5.0%)
(RDMA_READ_CONSUME_CHECK_CONSUMER) timestamp=2548 ms, used_size=2031616 bytes (5.0%)
(RDMA_READ_CONSUME_CHECK_CONSUMER) timestamp=2548 ms, used_size=2029568 bytes (5.0%)
(RDMA_READ_CONSUME_CHECK_CONSUMER) timestamp=2548 ms, used_size=2027520 bytes (5.0%)
(RDMA_READ_CONSUME_CHECK_CONSUMER) timestamp=2548 ms, used_size=2025472 bytes (4.9%)
(RDMA_READ_CONSUME_CHECK_CONSUMER) timestamp=2548 ms, used_size=2023424 bytes (4.9%)
(RDMA_READ_CONSUME_CHECK_CONSUMER) timestamp=2548 ms, used_size=2021376 bytes (4.9%)
(RDMA_READ_CONSUME_CHECK_CONSUMER) timestamp=2548 ms, used_size=2019328 bytes (4.9%)
(RDMA_READ_CONSUME_CHECK_CONSUMER) timestamp=2548 ms, used_size=2017280 bytes (4.9%)
(RDMA_READ_CONSUME_CHECK_CONSUMER) timestamp=2548 ms, used_size=2015232 bytes (4.9%)
(RDMA_READ_CONSUME_CHECK_CONSUMER) timestamp=2548 ms, used_size=2013184 bytes (4.9%)
(RDMA_READ_CONSUME_CHECK_CONSUMER) timestamp=2548 ms, used_size=2011136 bytes (4.9%)
(RDMA_READ_CONSUME_CHECK_CONSUMER) timestamp=2548 ms, used_size=2009088 bytes (4.9%)
(RDMA_READ_CONSUME_CHECK_CONSUMER) timestamp=2548 ms, used_size=2007040 bytes (4.9%)
(RDMA_READ_CONSUME_CHECK_CONSUMER) timestamp=2548 ms, used_size=2004992 bytes (4.9%)
(RDMA_READ_CONSUME_CHECK_CONSUMER) timestamp=2548 ms, used_size=2002944 bytes (4.9%)
(RDMA_READ_CONSUME_CHECK_CONSUMER) timestamp=2548 ms, used_size=2000896 bytes (4.9%)
(RDMA_READ_CONSUME_CHECK_CONSUMER) timestamp=2548 ms, used_size=1998848 bytes (4.9%)
(RDMA_READ_CONSUME_CHECK_CONSUMER) timestamp=2548 ms, used_size=1996800 bytes (4.9%)
(RDMA_READ_CONSUME_CHECK_CONSUMER) timestamp=2548 ms, used_size=1994752 bytes (4.9%)
(RDMA_READ_CONSUME_CHECK_CONSUMER) timestamp=2548 ms, used_size=1992704 bytes (4.9%)
(RDMA_READ_CONSUME_CHECK_CONSUMER) timestamp=2548 ms, used_size=1990656 bytes (4.9%)
(RDMA_READ_CONSUME_CHECK_CONSUMER) timestamp=2548 ms, used_size=1988608 bytes (4.9%)
(RDMA_READ_CONSUME_CHECK_CONSUMER) timestamp=2548 ms, used_size=1986560 bytes (4.8%)
(RDMA_READ_CONSUME_CHECK_CONSUMER) timestamp=2549 ms, used_size=1984512 bytes (4.8%)
(RDMA_READ_CONSUME_CHECK_CONSUMER) timestamp=2549 ms, used_size=1982464 bytes (4.8%)
(RDMA_READ_CONSUME_CHECK_CONSUMER) timestamp=2549 ms, used_size=1980416 bytes (4.8%)
(RDMA_READ_CONSUME_CHECK_CONSUMER) timestamp=2549 ms, used_size=1978368 bytes (4.8%)
(RDMA_READ_CONSUME_CHECK_CONSUMER) timestamp=2549 ms, used_size=1976320 bytes (4.8%)
(RDMA_READ_CONSUME_CHECK_CONSUMER) timestamp=2549 ms, used_size=1974272 bytes (4.8%)
(RDMA_READ_CONSUME_CHECK_CONSUMER) timestamp=2549 ms, used_size=1972224 bytes (4.8%)
(RDMA_READ_CONSUME_CHECK_CONSUMER) timestamp=2549 ms, used_size=1970176 bytes (4.8%)
(RDMA_READ_CONSUME_CHECK_CONSUMER) timestamp=2549 ms, used_size=1968128 bytes (4.8%)
(RDMA_READ_CONSUME_CHECK_CONSUMER) timestamp=2549 ms, used_size=1966080 bytes (4.8%)
(RDMA_READ_CONSUME_CHECK_CONSUMER) timestamp=2549 ms, used_size=1964032 bytes (4.8%)
(RDMA_READ_CONSUME_CHECK_CONSUMER) timestamp=2549 ms, used_size=1961984 bytes (4.8%)
(RDMA_READ_CONSUME_CHECK_CONSUMER) timestamp=2549 ms, used_size=1959936 bytes (4.8%)
(RDMA_READ_CONSUME_CHECK_CONSUMER) timestamp=2549 ms, used_size=1957888 bytes (4.8%)
(RDMA_READ_CONSUME_CHECK_CONSUMER) timestamp=2549 ms, used_size=1955840 bytes (4.8%)
(RDMA_READ_CONSUME_CHECK_CONSUMER) timestamp=2549 ms, used_size=1953792 bytes (4.8%)
(RDMA_READ_CONSUME_CHECK_CONSUMER) timestamp=2549 ms, used_size=1951744 bytes (4.8%)
(RDMA_READ_CONSUME_CHECK_CONSUMER) timestamp=2549 ms, used_size=1949696 bytes (4.8%)
(RDMA_READ_CONSUME_CHECK_CONSUMER) timestamp=2549 ms, used_size=1947648 bytes (4.8%)
(RDMA_READ_CONSUME_CHECK_CONSUMER) timestamp=2549 ms, used_size=1945600 bytes (4.8%)
(RDMA_READ_CONSUME_CHECK_CONSUMER) timestamp=2549 ms, used_size=1943552 bytes (4.7%)
(RDMA_READ_CONSUME_CHECK_CONSUMER) timestamp=2549 ms, used_size=1941504 bytes (4.7%)
(RDMA_READ_CONSUME_CHECK_CONSUMER) timestamp=2549 ms, used_size=1939456 bytes (4.7%)
(RDMA_READ_CONSUME_CHECK_CONSUMER) timestamp=2549 ms, used_size=1937408 bytes (4.7%)
(RDMA_READ_CONSUME_CHECK_CONSUMER) timestamp=2549 ms, used_size=1935360 bytes (4.7%)
(RDMA_READ_CONSUME_CHECK_CONSUMER) timestamp=2549 ms, used_size=1933312 bytes (4.7%)
(RDMA_READ_CONSUME_CHECK_CONSUMER) timestamp=2549 ms, used_size=1931264 bytes (4.7%)
(RDMA_READ_CONSUME_CHECK_CONSUMER) timestamp=2549 ms, used_size=1929216 bytes (4.7%)
(RDMA_READ_CONSUME_CHECK_CONSUMER) timestamp=2549 ms, used_size=1927168 bytes (4.7%)
(RDMA_READ_CONSUME_CHECK_CONSUMER) timestamp=2549 ms, used_size=1925120 bytes (4.7%)
(RDMA_READ_CONSUME_CHECK_CONSUMER) timestamp=2549 ms, used_size=1923072 bytes (4.7%)
(RDMA_READ_CONSUME_CHECK_CONSUMER) timestamp=2549 ms, used_size=1921024 bytes (4.7%)
(RDMA_READ_CONSUME_CHECK_CONSUMER) timestamp=2549 ms, used_size=1918976 bytes (4.7%)
(RDMA_READ_CONSUME_CHECK_CONSUMER) timestamp=2549 ms, used_size=1916928 bytes (4.7%)
(RDMA_READ_CONSUME_CHECK_CONSUMER) timestamp=2549 ms, used_size=1914880 bytes (4.7%)
(RDMA_READ_CONSUME_CHECK_CONSUMER) timestamp=2549 ms, used_size=1912832 bytes (4.7%)
(RDMA_READ_CONSUME_CHECK_CONSUMER) timestamp=2549 ms, used_size=1910784 bytes (4.7%)
(RDMA_READ_CONSUME_CHECK_CONSUMER) timestamp=2549 ms, used_size=1908736 bytes (4.7%)
(RDMA_READ_CONSUME_CHECK_CONSUMER) timestamp=2549 ms, used_size=1906688 bytes (4.7%)
(RDMA_READ_CONSUME_CHECK_CONSUMER) timestamp=2549 ms, used_size=1904640 bytes (4.7%)
(RDMA_READ_CONSUME_CHECK_CONSUMER) timestamp=2549 ms, used_size=1902592 bytes (4.6%)
(RDMA_READ_CONSUME_CHECK_CONSUMER) timestamp=2549 ms, used_size=1900544 bytes (4.6%)
(RDMA_READ_CONSUME_CHECK_CONSUMER) timestamp=2549 ms, used_size=1898496 bytes (4.6%)
(RDMA_READ_CONSUME_CHECK_CONSUMER) timestamp=2549 ms, used_size=1896448 bytes (4.6%)
(RDMA_READ_CONSUME_CHECK_CONSUMER) timestamp=2549 ms, used_size=1894400 bytes (4.6%)
(RDMA_READ_CONSUME_CHECK_CONSUMER) timestamp=2549 ms, used_size=1892352 bytes (4.6%)
(RDMA_READ_CONSUME_CHECK_CONSUMER) timestamp=2549 ms, used_size=1890304 bytes (4.6%)
(RDMA_READ_CONSUME_CHECK_CONSUMER) timestamp=2549 ms, used_size=1888256 bytes (4.6%)
(RDMA_READ_CONSUME_CHECK_CONSUMER) timestamp=2549 ms, used_size=1886208 bytes (4.6%)
(RDMA_READ_CONSUME_CHECK_CONSUMER) timestamp=2549 ms, used_size=1884160 bytes (4.6%)
(RDMA_READ_CONSUME_CHECK_CONSUMER) timestamp=2549 ms, used_size=1882112 bytes (4.6%)
(RDMA_READ_CONSUME_CHECK_CONSUMER) timestamp=2549 ms, used_size=1880064 bytes (4.6%)
(RDMA_READ_CONSUME_CHECK_CONSUMER) timestamp=2549 ms, used_size=1878016 bytes (4.6%)
(RDMA_READ_CONSUME_CHECK_CONSUMER) timestamp=2549 ms, used_size=1875968 bytes (4.6%)
(RDMA_READ_CONSUME_CHECK_CONSUMER) timestamp=2549 ms, used_size=1873920 bytes (4.6%)
(RDMA_READ_CONSUME_CHECK_CONSUMER) timestamp=2549 ms, used_size=1871872 bytes (4.6%)
(RDMA_READ_CONSUME_CHECK_CONSUMER) timestamp=2549 ms, used_size=1869824 bytes (4.6%)
(RDMA_READ_CONSUME_CHECK_CONSUMER) timestamp=2549 ms, used_size=1867776 bytes (4.6%)
(RDMA_READ_CONSUME_CHECK_CONSUMER) timestamp=2549 ms, used_size=1865728 bytes (4.6%)
(RDMA_READ_CONSUME_CHECK_CONSUMER) timestamp=2549 ms, used_size=1863680 bytes (4.5%)
(RDMA_READ_CONSUME_CHECK_CONSUMER) timestamp=2549 ms, used_size=1861632 bytes (4.5%)
(RDMA_READ_CONSUME_CHECK_CONSUMER) timestamp=2549 ms, used_size=1859584 bytes (4.5%)
(RDMA_READ_CONSUME_CHECK_CONSUMER) timestamp=2549 ms, used_size=1857536 bytes (4.5%)
(RDMA_READ_CONSUME_CHECK_CONSUMER) timestamp=2549 ms, used_size=1855488 bytes (4.5%)
(RDMA_READ_CONSUME_CHECK_CONSUMER) timestamp=2549 ms, used_size=1853440 bytes (4.5%)
(RDMA_READ_CONSUME_CHECK_CONSUMER) timestamp=2549 ms, used_size=1851392 bytes (4.5%)
(RDMA_READ_CONSUME_CHECK_CONSUMER) timestamp=2549 ms, used_size=1849344 bytes (4.5%)
(RDMA_READ_CONSUME_CHECK_CONSUMER) timestamp=2549 ms, used_size=1847296 bytes (4.5%)
(RDMA_READ_CONSUME_CHECK_CONSUMER) timestamp=2549 ms, used_size=1845248 bytes (4.5%)
(RDMA_READ_CONSUME_CHECK_CONSUMER) timestamp=2549 ms, used_size=1843200 bytes (4.5%)
(RDMA_READ_CONSUME_CHECK_CONSUMER) timestamp=2549 ms, used_size=1841152 bytes (4.5%)
(RDMA_READ_CONSUME_CHECK_CONSUMER) timestamp=2549 ms, used_size=1839104 bytes (4.5%)
(RDMA_READ_CONSUME_CHECK_CONSUMER) timestamp=2549 ms, used_size=1837056 bytes (4.5%)
(RDMA_READ_CONSUME_CHECK_CONSUMER) timestamp=2549 ms, used_size=1835008 bytes (4.5%)
(RDMA_READ_CONSUME_CHECK_CONSUMER) timestamp=2549 ms, used_size=1832960 bytes (4.5%)
(RDMA_READ_CONSUME_CHECK_CONSUMER) timestamp=2549 ms, used_size=1830912 bytes (4.5%)
(RDMA_READ_CONSUME_CHECK_CONSUMER) timestamp=2549 ms, used_size=1828864 bytes (4.5%)
(RDMA_READ_CONSUME_CHECK_CONSUMER) timestamp=2549 ms, used_size=1826816 bytes (4.5%)
(RDMA_READ_CONSUME_CHECK_CONSUMER) timestamp=2549 ms, used_size=1824768 bytes (4.5%)
(RDMA_READ_CONSUME_CHECK_CONSUMER) timestamp=2549 ms, used_size=1822720 bytes (4.5%)
(RDMA_READ_CONSUME_CHECK_CONSUMER) timestamp=2549 ms, used_size=1820672 bytes (4.4%)
(RDMA_READ_CONSUME_CHECK_CONSUMER) timestamp=2549 ms, used_size=1818624 bytes (4.4%)
(RDMA_READ_CONSUME_CHECK_CONSUMER) timestamp=2549 ms, used_size=1816576 bytes (4.4%)
(RDMA_READ_CONSUME_CHECK_CONSUMER) timestamp=2549 ms, used_size=1814528 bytes (4.4%)
(RDMA_READ_CONSUME_CHECK_CONSUMER) timestamp=2549 ms, used_size=1812480 bytes (4.4%)
(RDMA_READ_CONSUME_CHECK_CONSUMER) timestamp=2549 ms, used_size=1810432 bytes (4.4%)
(RDMA_READ_CONSUME_CHECK_CONSUMER) timestamp=2549 ms, used_size=1808384 bytes (4.4%)
(RDMA_READ_CONSUME_CHECK_CONSUMER) timestamp=2549 ms, used_size=1806336 bytes (4.4%)
(RDMA_READ_CONSUME_CHECK_CONSUMER) timestamp=2549 ms, used_size=1804288 bytes (4.4%)
(RDMA_READ_CONSUME_CHECK_CONSUMER) timestamp=2549 ms, used_size=1802240 bytes (4.4%)
(RDMA_READ_CONSUME_CHECK_CONSUMER) timestamp=2549 ms, used_size=1800192 bytes (4.4%)
(RDMA_READ_CONSUME_CHECK_CONSUMER) timestamp=2549 ms, used_size=1798144 bytes (4.4%)
(RDMA_READ_CONSUME_CHECK_CONSUMER) timestamp=2549 ms, used_size=1796096 bytes (4.4%)
(RDMA_READ_CONSUME_CHECK_CONSUMER) timestamp=2549 ms, used_size=1794048 bytes (4.4%)
(RDMA_READ_CONSUME_CHECK_CONSUMER) timestamp=2549 ms, used_size=1792000 bytes (4.4%)
(RDMA_READ_CONSUME_CHECK_CONSUMER) timestamp=2549 ms, used_size=1789952 bytes (4.4%)
(RDMA_READ_CONSUME_CHECK_CONSUMER) timestamp=2549 ms, used_size=1787904 bytes (4.4%)
(RDMA_READ_CONSUME_CHECK_CONSUMER) timestamp=2549 ms, used_size=1785856 bytes (4.4%)
(RDMA_READ_CONSUME_CHECK_CONSUMER) timestamp=2549 ms, used_size=1783808 bytes (4.4%)
(RDMA_READ_CONSUME_CHECK_CONSUMER) timestamp=2549 ms, used_size=1781760 bytes (4.3%)
(RDMA_READ_CONSUME_CHECK_CONSUMER) timestamp=2549 ms, used_size=1779712 bytes (4.3%)
(RDMA_READ_CONSUME_CHECK_CONSUMER) timestamp=2549 ms, used_size=1777664 bytes (4.3%)
(RDMA_READ_CONSUME_CHECK_CONSUMER) timestamp=2549 ms, used_size=1775616 bytes (4.3%)
(RDMA_READ_CONSUME_CHECK_CONSUMER) timestamp=2549 ms, used_size=1773568 bytes (4.3%)
(RDMA_READ_CONSUME_CHECK_CONSUMER) timestamp=2549 ms, used_size=1771520 bytes (4.3%)
(RDMA_READ_CONSUME_CHECK_CONSUMER) timestamp=2549 ms, used_size=1769472 bytes (4.3%)
(RDMA_READ_CONSUME_CHECK_CONSUMER) timestamp=2549 ms, used_size=1767424 bytes (4.3%)
(RDMA_READ_CONSUME_CHECK_CONSUMER) timestamp=2549 ms, used_size=1765376 bytes (4.3%)
(RDMA_READ_CONSUME_CHECK_CONSUMER) timestamp=2549 ms, used_size=1763328 bytes (4.3%)
(RDMA_READ_CONSUME_CHECK_CONSUMER) timestamp=2549 ms, used_size=1761280 bytes (4.3%)
(RDMA_READ_CONSUME_CHECK_CONSUMER) timestamp=2549 ms, used_size=1759232 bytes (4.3%)
(RDMA_READ_CONSUME_CHECK_CONSUMER) timestamp=2549 ms, used_size=1757184 bytes (4.3%)
(RDMA_READ_CONSUME_CHECK_CONSUMER) timestamp=2549 ms, used_size=1755136 bytes (4.3%)
(RDMA_READ_CONSUME_CHECK_CONSUMER) timestamp=2549 ms, used_size=1753088 bytes (4.3%)
(RDMA_READ_CONSUME_CHECK_CONSUMER) timestamp=2549 ms, used_size=1751040 bytes (4.3%)
(RDMA_READ_CONSUME_CHECK_CONSUMER) timestamp=2549 ms, used_size=1748992 bytes (4.3%)
(RDMA_READ_CONSUME_CHECK_CONSUMER) timestamp=2549 ms, used_size=1746944 bytes (4.3%)
(RDMA_READ_CONSUME_CHECK_CONSUMER) timestamp=2549 ms, used_size=1744896 bytes (4.3%)
(RDMA_READ_CONSUME_CHECK_CONSUMER) timestamp=2549 ms, used_size=1742848 bytes (4.3%)
(RDMA_READ_CONSUME_CHECK_CONSUMER) timestamp=2549 ms, used_size=1740800 bytes (4.2%)
(RDMA_READ_CONSUME_CHECK_CONSUMER) timestamp=2549 ms, used_size=1738752 bytes (4.2%)
(RDMA_READ_CONSUME_CHECK_CONSUMER) timestamp=2549 ms, used_size=1736704 bytes (4.2%)
(RDMA_READ_CONSUME_CHECK_CONSUMER) timestamp=2549 ms, used_size=1734656 bytes (4.2%)
(RDMA_READ_CONSUME_CHECK_CONSUMER) timestamp=2549 ms, used_size=1732608 bytes (4.2%)
(RDMA_READ_CONSUME_CHECK_CONSUMER) timestamp=2549 ms, used_size=1730560 bytes (4.2%)
(RDMA_READ_CONSUME_CHECK_CONSUMER) timestamp=2549 ms, used_size=1728512 bytes (4.2%)
(RDMA_READ_CONSUME_CHECK_CONSUMER) timestamp=2549 ms, used_size=1726464 bytes (4.2%)
(RDMA_READ_CONSUME_CHECK_CONSUMER) timestamp=2549 ms, used_size=1724416 bytes (4.2%)
(RDMA_READ_CONSUME_CHECK_CONSUMER) timestamp=2549 ms, used_size=1722368 bytes (4.2%)
(RDMA_READ_CONSUME_CHECK_CONSUMER) timestamp=2549 ms, used_size=1720320 bytes (4.2%)
(RDMA_READ_CONSUME_CHECK_CONSUMER) timestamp=2549 ms, used_size=1718272 bytes (4.2%)
(RDMA_READ_CONSUME_CHECK_CONSUMER) timestamp=2549 ms, used_size=1716224 bytes (4.2%)
(RDMA_READ_CONSUME_CHECK_CONSUMER) timestamp=2549 ms, used_size=1714176 bytes (4.2%)
(RDMA_READ_CONSUME_CHECK_CONSUMER) timestamp=2549 ms, used_size=1712128 bytes (4.2%)
(RDMA_READ_CONSUME_CHECK_CONSUMER) timestamp=2549 ms, used_size=1710080 bytes (4.2%)
(RDMA_READ_CONSUME_CHECK_CONSUMER) timestamp=2549 ms, used_size=1708032 bytes (4.2%)
(RDMA_READ_CONSUME_CHECK_CONSUMER) timestamp=2549 ms, used_size=1705984 bytes (4.2%)
(RDMA_READ_CONSUME_CHECK_CONSUMER) timestamp=2549 ms, used_size=1703936 bytes (4.2%)
(RDMA_READ_CONSUME_CHECK_CONSUMER) timestamp=2549 ms, used_size=1701888 bytes (4.2%)
(RDMA_READ_CONSUME_CHECK_CONSUMER) timestamp=2549 ms, used_size=1699840 bytes (4.2%)
(RDMA_READ_CONSUME_CHECK_CONSUMER) timestamp=2549 ms, used_size=1697792 bytes (4.1%)
(RDMA_READ_CONSUME_CHECK_CONSUMER) timestamp=2549 ms, used_size=1695744 bytes (4.1%)
(RDMA_READ_CONSUME_CHECK_CONSUMER) timestamp=2549 ms, used_size=1693696 bytes (4.1%)
(RDMA_READ_CONSUME_CHECK_CONSUMER) timestamp=2549 ms, used_size=1691648 bytes (4.1%)
(RDMA_READ_CONSUME_CHECK_CONSUMER) timestamp=2549 ms, used_size=1689600 bytes (4.1%)
(RDMA_READ_CONSUME_CHECK_CONSUMER) timestamp=2549 ms, used_size=1687552 bytes (4.1%)
(RDMA_READ_CONSUME_CHECK_CONSUMER) timestamp=2549 ms, used_size=1685504 bytes (4.1%)
(RDMA_READ_CONSUME_CHECK_CONSUMER) timestamp=2549 ms, used_size=1683456 bytes (4.1%)
(RDMA_READ_CONSUME_CHECK_CONSUMER) timestamp=2549 ms, used_size=1681408 bytes (4.1%)
(RDMA_READ_CONSUME_CHECK_CONSUMER) timestamp=2549 ms, used_size=1679360 bytes (4.1%)
(RDMA_READ_CONSUME_CHECK_CONSUMER) timestamp=2549 ms, used_size=1677312 bytes (4.1%)
(RDMA_READ_CONSUME_CHECK_CONSUMER) timestamp=2549 ms, used_size=1675264 bytes (4.1%)
(RDMA_READ_CONSUME_CHECK_CONSUMER) timestamp=2549 ms, used_size=1673216 bytes (4.1%)
(RDMA_READ_CONSUME_CHECK_CONSUMER) timestamp=2549 ms, used_size=1671168 bytes (4.1%)
(RDMA_READ_CONSUME_CHECK_CONSUMER) timestamp=2549 ms, used_size=1669120 bytes (4.1%)
(RDMA_READ_CONSUME_CHECK_CONSUMER) timestamp=2549 ms, used_size=1667072 bytes (4.1%)
(RDMA_READ_CONSUME_CHECK_CONSUMER) timestamp=2549 ms, used_size=1665024 bytes (4.1%)
(RDMA_READ_CONSUME_CHECK_CONSUMER) timestamp=2549 ms, used_size=1662976 bytes (4.1%)
(RDMA_READ_CONSUME_CHECK_CONSUMER) timestamp=2549 ms, used_size=1660928 bytes (4.1%)
(RDMA_READ_CONSUME_CHECK_CONSUMER) timestamp=2549 ms, used_size=1658880 bytes (4.0%)
(RDMA_READ_CONSUME_CHECK_CONSUMER) timestamp=2549 ms, used_size=1656832 bytes (4.0%)
(RDMA_READ_CONSUME_CHECK_CONSUMER) timestamp=2549 ms, used_size=1654784 bytes (4.0%)
(RDMA_READ_CONSUME_CHECK_CONSUMER) timestamp=2549 ms, used_size=1652736 bytes (4.0%)
(RDMA_READ_CONSUME_CHECK_CONSUMER) timestamp=2549 ms, used_size=1650688 bytes (4.0%)
(RDMA_READ_CONSUME_CHECK_CONSUMER) timestamp=2549 ms, used_size=1648640 bytes (4.0%)
(RDMA_READ_CONSUME_CHECK_CONSUMER) timestamp=2549 ms, used_size=1646592 bytes (4.0%)
(RDMA_READ_CONSUME_CHECK_CONSUMER) timestamp=2549 ms, used_size=1644544 bytes (4.0%)
(RDMA_READ_CONSUME_CHECK_CONSUMER) timestamp=2549 ms, used_size=1642496 bytes (4.0%)
(RDMA_READ_CONSUME_CHECK_CONSUMER) timestamp=2549 ms, used_size=1640448 bytes (4.0%)
(RDMA_READ_CONSUME_CHECK_CONSUMER) timestamp=2549 ms, used_size=1638400 bytes (4.0%)
(RDMA_READ_CONSUME_CHECK_CONSUMER) timestamp=2549 ms, used_size=1636352 bytes (4.0%)
(RDMA_READ_CONSUME_CHECK_CONSUMER) timestamp=2549 ms, used_size=1634304 bytes (4.0%)
(RDMA_READ_CONSUME_CHECK_CONSUMER) timestamp=2549 ms, used_size=1632256 bytes (4.0%)
(RDMA_READ_CONSUME_CHECK_CONSUMER) timestamp=2549 ms, used_size=1630208 bytes (4.0%)
(RDMA_READ_CONSUME_CHECK_CONSUMER) timestamp=2549 ms, used_size=1628160 bytes (4.0%)
(RDMA_READ_CONSUME_CHECK_CONSUMER) timestamp=2549 ms, used_size=1626112 bytes (4.0%)
(RDMA_READ_CONSUME_CHECK_CONSUMER) timestamp=2549 ms, used_size=1624064 bytes (4.0%)
(RDMA_READ_CONSUME_CHECK_CONSUMER) timestamp=2549 ms, used_size=1622016 bytes (4.0%)
(RDMA_READ_CONSUME_CHECK_CONSUMER) timestamp=2549 ms, used_size=1619968 bytes (4.0%)
(RDMA_READ_CONSUME_CHECK_CONSUMER) timestamp=2549 ms, used_size=1617920 bytes (4.0%)
(RDMA_READ_CONSUME_CHECK_CONSUMER) timestamp=2550 ms, used_size=1615872 bytes (3.9%)
(RDMA_READ_CONSUME_CHECK_CONSUMER) timestamp=2550 ms, used_size=1613824 bytes (3.9%)
(RDMA_READ_CONSUME_CHECK_CONSUMER) timestamp=2550 ms, used_size=1611776 bytes (3.9%)
(RDMA_READ_CONSUME_CHECK_CONSUMER) timestamp=2550 ms, used_size=1609728 bytes (3.9%)
(RDMA_READ_CONSUME_CHECK_CONSUMER) timestamp=2550 ms, used_size=1607680 bytes (3.9%)
(RDMA_READ_CONSUME_CHECK_CONSUMER) timestamp=2550 ms, used_size=1605632 bytes (3.9%)
(RDMA_READ_CONSUME_CHECK_CONSUMER) timestamp=2550 ms, used_size=1603584 bytes (3.9%)
(RDMA_READ_CONSUME_CHECK_CONSUMER) timestamp=2550 ms, used_size=1601536 bytes (3.9%)
(RDMA_READ_CONSUME_CHECK_CONSUMER) timestamp=2550 ms, used_size=1599488 bytes (3.9%)
(RDMA_READ_CONSUME_CHECK_CONSUMER) timestamp=2550 ms, used_size=1597440 bytes (3.9%)
(RDMA_READ_CONSUME_CHECK_CONSUMER) timestamp=2550 ms, used_size=1595392 bytes (3.9%)
(RDMA_READ_CONSUME_CHECK_CONSUMER) timestamp=2550 ms, used_size=1593344 bytes (3.9%)
(RDMA_READ_CONSUME_CHECK_CONSUMER) timestamp=2550 ms, used_size=1591296 bytes (3.9%)
(RDMA_READ_CONSUME_CHECK_CONSUMER) timestamp=2550 ms, used_size=1589248 bytes (3.9%)
(RDMA_READ_CONSUME_CHECK_CONSUMER) timestamp=2550 ms, used_size=1587200 bytes (3.9%)
(RDMA_READ_CONSUME_CHECK_CONSUMER) timestamp=2550 ms, used_size=1585152 bytes (3.9%)
(RDMA_READ_CONSUME_CHECK_CONSUMER) timestamp=2550 ms, used_size=1583104 bytes (3.9%)
(RDMA_READ_CONSUME_CHECK_CONSUMER) timestamp=2550 ms, used_size=1581056 bytes (3.9%)
(RDMA_READ_CONSUME_CHECK_CONSUMER) timestamp=2550 ms, used_size=1579008 bytes (3.9%)
(RDMA_READ_CONSUME_CHECK_CONSUMER) timestamp=2550 ms, used_size=1576960 bytes (3.9%)
(RDMA_READ_CONSUME_CHECK_CONSUMER) timestamp=2550 ms, used_size=1574912 bytes (3.8%)
(RDMA_READ_CONSUME_CHECK_CONSUMER) timestamp=2550 ms, used_size=1572864 bytes (3.8%)
(RDMA_READ_CONSUME_CHECK_CONSUMER) timestamp=2550 ms, used_size=1570816 bytes (3.8%)
(RDMA_READ_CONSUME_CHECK_CONSUMER) timestamp=2550 ms, used_size=1568768 bytes (3.8%)
(RDMA_READ_CONSUME_CHECK_CONSUMER) timestamp=2550 ms, used_size=1566720 bytes (3.8%)
(RDMA_READ_CONSUME_CHECK_CONSUMER) timestamp=2550 ms, used_size=1564672 bytes (3.8%)
(RDMA_READ_CONSUME_CHECK_CONSUMER) timestamp=2550 ms, used_size=1562624 bytes (3.8%)
(RDMA_READ_CONSUME_CHECK_CONSUMER) timestamp=2550 ms, used_size=1560576 bytes (3.8%)
(RDMA_READ_CONSUME_CHECK_CONSUMER) timestamp=2550 ms, used_size=1558528 bytes (3.8%)
(RDMA_READ_CONSUME_CHECK_CONSUMER) timestamp=2550 ms, used_size=1556480 bytes (3.8%)
(RDMA_READ_CONSUME_CHECK_CONSUMER) timestamp=2550 ms, used_size=1554432 bytes (3.8%)
(RDMA_READ_CONSUME_CHECK_CONSUMER) timestamp=2550 ms, used_size=1552384 bytes (3.8%)
(RDMA_READ_CONSUME_CHECK_CONSUMER) timestamp=2550 ms, used_size=1550336 bytes (3.8%)
(RDMA_READ_CONSUME_CHECK_CONSUMER) timestamp=2550 ms, used_size=1548288 bytes (3.8%)
(RDMA_READ_CONSUME_CHECK_CONSUMER) timestamp=2550 ms, used_size=1546240 bytes (3.8%)
(RDMA_READ_CONSUME_CHECK_CONSUMER) timestamp=2550 ms, used_size=1544192 bytes (3.8%)
(RDMA_READ_CONSUME_CHECK_CONSUMER) timestamp=2550 ms, used_size=1542144 bytes (3.8%)
(RDMA_READ_CONSUME_CHECK_CONSUMER) timestamp=2550 ms, used_size=1540096 bytes (3.8%)
(RDMA_READ_CONSUME_CHECK_CONSUMER) timestamp=2550 ms, used_size=1538048 bytes (3.8%)
(RDMA_READ_CONSUME_CHECK_CONSUMER) timestamp=2550 ms, used_size=1536000 bytes (3.8%)
(RDMA_READ_CONSUME_CHECK_CONSUMER) timestamp=2550 ms, used_size=1533952 bytes (3.7%)
(RDMA_READ_CONSUME_CHECK_CONSUMER) timestamp=2550 ms, used_size=1531904 bytes (3.7%)
(RDMA_READ_CONSUME_CHECK_CONSUMER) timestamp=2550 ms, used_size=1529856 bytes (3.7%)
(RDMA_READ_CONSUME_CHECK_CONSUMER) timestamp=2550 ms, used_size=1527808 bytes (3.7%)
(RDMA_READ_CONSUME_CHECK_CONSUMER) timestamp=2550 ms, used_size=1525760 bytes (3.7%)
(RDMA_READ_CONSUME_CHECK_CONSUMER) timestamp=2550 ms, used_size=1523712 bytes (3.7%)
(RDMA_READ_CONSUME_CHECK_CONSUMER) timestamp=2550 ms, used_size=1521664 bytes (3.7%)
(RDMA_READ_CONSUME_CHECK_CONSUMER) timestamp=2550 ms, used_size=1519616 bytes (3.7%)
(RDMA_READ_CONSUME_CHECK_CONSUMER) timestamp=2550 ms, used_size=1517568 bytes (3.7%)
(RDMA_READ_CONSUME_CHECK_CONSUMER) timestamp=2550 ms, used_size=1515520 bytes (3.7%)
(RDMA_READ_CONSUME_CHECK_CONSUMER) timestamp=2550 ms, used_size=1513472 bytes (3.7%)
(RDMA_READ_CONSUME_CHECK_CONSUMER) timestamp=2550 ms, used_size=1511424 bytes (3.7%)
(RDMA_READ_CONSUME_CHECK_CONSUMER) timestamp=2550 ms, used_size=1509376 bytes (3.7%)
(RDMA_READ_CONSUME_CHECK_CONSUMER) timestamp=2550 ms, used_size=1507328 bytes (3.7%)
(RDMA_READ_CONSUME_CHECK_CONSUMER) timestamp=2550 ms, used_size=1505280 bytes (3.7%)
(RDMA_READ_CONSUME_CHECK_CONSUMER) timestamp=2550 ms, used_size=1503232 bytes (3.7%)
(RDMA_READ_CONSUME_CHECK_CONSUMER) timestamp=2550 ms, used_size=1501184 bytes (3.7%)
(RDMA_READ_CONSUME_CHECK_CONSUMER) timestamp=2550 ms, used_size=1499136 bytes (3.7%)
(RDMA_READ_CONSUME_CHECK_CONSUMER) timestamp=2550 ms, used_size=1497088 bytes (3.7%)
(RDMA_READ_CONSUME_CHECK_CONSUMER) timestamp=2550 ms, used_size=1495040 bytes (3.6%)
(RDMA_READ_CONSUME_CHECK_CONSUMER) timestamp=2550 ms, used_size=1492992 bytes (3.6%)
(RDMA_READ_CONSUME_CHECK_CONSUMER) timestamp=2550 ms, used_size=1490944 bytes (3.6%)
(RDMA_READ_CONSUME_CHECK_CONSUMER) timestamp=2550 ms, used_size=1488896 bytes (3.6%)
(RDMA_READ_CONSUME_CHECK_CONSUMER) timestamp=2550 ms, used_size=1486848 bytes (3.6%)
(RDMA_READ_CONSUME_CHECK_CONSUMER) timestamp=2550 ms, used_size=1484800 bytes (3.6%)
(RDMA_READ_CONSUME_CHECK_CONSUMER) timestamp=2550 ms, used_size=1482752 bytes (3.6%)
(RDMA_READ_CONSUME_CHECK_CONSUMER) timestamp=2550 ms, used_size=1480704 bytes (3.6%)
(RDMA_READ_CONSUME_CHECK_CONSUMER) timestamp=2550 ms, used_size=1478656 bytes (3.6%)
(RDMA_READ_CONSUME_CHECK_CONSUMER) timestamp=2550 ms, used_size=1476608 bytes (3.6%)
(RDMA_READ_CONSUME_CHECK_CONSUMER) timestamp=2550 ms, used_size=1474560 bytes (3.6%)
(RDMA_READ_CONSUME_CHECK_CONSUMER) timestamp=2550 ms, used_size=1472512 bytes (3.6%)
(RDMA_READ_CONSUME_CHECK_CONSUMER) timestamp=2550 ms, used_size=1470464 bytes (3.6%)
(RDMA_READ_CONSUME_CHECK_CONSUMER) timestamp=2550 ms, used_size=1468416 bytes (3.6%)
(RDMA_READ_CONSUME_CHECK_CONSUMER) timestamp=2550 ms, used_size=1466368 bytes (3.6%)
(RDMA_READ_CONSUME_CHECK_CONSUMER) timestamp=2550 ms, used_size=1464320 bytes (3.6%)
(RDMA_READ_CONSUME_CHECK_CONSUMER) timestamp=2550 ms, used_size=1462272 bytes (3.6%)
(RDMA_READ_CONSUME_CHECK_CONSUMER) timestamp=2550 ms, used_size=1460224 bytes (3.6%)
(RDMA_READ_CONSUME_CHECK_CONSUMER) timestamp=2550 ms, used_size=1458176 bytes (3.6%)
(RDMA_READ_CONSUME_CHECK_CONSUMER) timestamp=2550 ms, used_size=1456128 bytes (3.6%)
(RDMA_READ_CONSUME_CHECK_CONSUMER) timestamp=2550 ms, used_size=1454080 bytes (3.5%)
(RDMA_READ_CONSUME_CHECK_CONSUMER) timestamp=2550 ms, used_size=1452032 bytes (3.5%)
(RDMA_READ_CONSUME_CHECK_CONSUMER) timestamp=2550 ms, used_size=1449984 bytes (3.5%)
(RDMA_READ_CONSUME_CHECK_CONSUMER) timestamp=2550 ms, used_size=1447936 bytes (3.5%)
(RDMA_READ_CONSUME_CHECK_CONSUMER) timestamp=2550 ms, used_size=1445888 bytes (3.5%)
(RDMA_READ_CONSUME_CHECK_CONSUMER) timestamp=2550 ms, used_size=1443840 bytes (3.5%)
(RDMA_READ_CONSUME_CHECK_CONSUMER) timestamp=2550 ms, used_size=1441792 bytes (3.5%)
(RDMA_READ_CONSUME_CHECK_CONSUMER) timestamp=2550 ms, used_size=1439744 bytes (3.5%)
(RDMA_READ_CONSUME_CHECK_CONSUMER) timestamp=2550 ms, used_size=1437696 bytes (3.5%)
(RDMA_READ_CONSUME_CHECK_CONSUMER) timestamp=2550 ms, used_size=1435648 bytes (3.5%)
(RDMA_READ_CONSUME_CHECK_CONSUMER) timestamp=2550 ms, used_size=1433600 bytes (3.5%)
(RDMA_READ_CONSUME_CHECK_CONSUMER) timestamp=2550 ms, used_size=1431552 bytes (3.5%)
(RDMA_READ_CONSUME_CHECK_CONSUMER) timestamp=2550 ms, used_size=1429504 bytes (3.5%)
(RDMA_READ_CONSUME_CHECK_CONSUMER) timestamp=2550 ms, used_size=1427456 bytes (3.5%)
(RDMA_READ_CONSUME_CHECK_CONSUMER) timestamp=2550 ms, used_size=1425408 bytes (3.5%)
(RDMA_READ_CONSUME_CHECK_CONSUMER) timestamp=2550 ms, used_size=1423360 bytes (3.5%)
(RDMA_READ_CONSUME_CHECK_CONSUMER) timestamp=2550 ms, used_size=1421312 bytes (3.5%)
(RDMA_READ_CONSUME_CHECK_CONSUMER) timestamp=2550 ms, used_size=1419264 bytes (3.5%)
(RDMA_READ_CONSUME_CHECK_CONSUMER) timestamp=2550 ms, used_size=1417216 bytes (3.5%)
(RDMA_READ_CONSUME_CHECK_CONSUMER) timestamp=2550 ms, used_size=1415168 bytes (3.5%)
(RDMA_READ_CONSUME_CHECK_CONSUMER) timestamp=2550 ms, used_size=1413120 bytes (3.5%)
(RDMA_READ_CONSUME_CHECK_CONSUMER) timestamp=2550 ms, used_size=1411072 bytes (3.4%)
(RDMA_READ_CONSUME_CHECK_CONSUMER) timestamp=2550 ms, used_size=1409024 bytes (3.4%)
(RDMA_READ_CONSUME_CHECK_CONSUMER) timestamp=2550 ms, used_size=1406976 bytes (3.4%)
(RDMA_READ_CONSUME_CHECK_CONSUMER) timestamp=2550 ms, used_size=1404928 bytes (3.4%)
(RDMA_READ_CONSUME_CHECK_CONSUMER) timestamp=2550 ms, used_size=1402880 bytes (3.4%)
(RDMA_READ_CONSUME_CHECK_CONSUMER) timestamp=2550 ms, used_size=1400832 bytes (3.4%)
(RDMA_READ_CONSUME_CHECK_CONSUMER) timestamp=2550 ms, used_size=1398784 bytes (3.4%)
(RDMA_READ_CONSUME_CHECK_CONSUMER) timestamp=2550 ms, used_size=1396736 bytes (3.4%)
(RDMA_READ_CONSUME_CHECK_CONSUMER) timestamp=2550 ms, used_size=1394688 bytes (3.4%)
(RDMA_READ_CONSUME_CHECK_CONSUMER) timestamp=2550 ms, used_size=1392640 bytes (3.4%)
(RDMA_READ_CONSUME_CHECK_CONSUMER) timestamp=2550 ms, used_size=1390592 bytes (3.4%)
(RDMA_READ_CONSUME_CHECK_CONSUMER) timestamp=2550 ms, used_size=1388544 bytes (3.4%)
(RDMA_READ_CONSUME_CHECK_CONSUMER) timestamp=2550 ms, used_size=1386496 bytes (3.4%)
(RDMA_READ_CONSUME_CHECK_CONSUMER) timestamp=2550 ms, used_size=1384448 bytes (3.4%)
(RDMA_READ_CONSUME_CHECK_CONSUMER) timestamp=2550 ms, used_size=1382400 bytes (3.4%)
(RDMA_READ_CONSUME_CHECK_CONSUMER) timestamp=2550 ms, used_size=1380352 bytes (3.4%)
(RDMA_READ_CONSUME_CHECK_CONSUMER) timestamp=2550 ms, used_size=1378304 bytes (3.4%)
(RDMA_READ_CONSUME_CHECK_CONSUMER) timestamp=2550 ms, used_size=1376256 bytes (3.4%)
(RDMA_READ_CONSUME_CHECK_CONSUMER) timestamp=2550 ms, used_size=1374208 bytes (3.4%)
(RDMA_READ_CONSUME_CHECK_CONSUMER) timestamp=2550 ms, used_size=1372160 bytes (3.4%)
(RDMA_READ_CONSUME_CHECK_CONSUMER) timestamp=2550 ms, used_size=1370112 bytes (3.3%)
(RDMA_READ_CONSUME_CHECK_CONSUMER) timestamp=2550 ms, used_size=1368064 bytes (3.3%)
(RDMA_READ_CONSUME_CHECK_CONSUMER) timestamp=2550 ms, used_size=1366016 bytes (3.3%)
(RDMA_READ_CONSUME_CHECK_CONSUMER) timestamp=2550 ms, used_size=1363968 bytes (3.3%)
(RDMA_READ_CONSUME_CHECK_CONSUMER) timestamp=2550 ms, used_size=1361920 bytes (3.3%)
(RDMA_READ_CONSUME_CHECK_CONSUMER) timestamp=2550 ms, used_size=1359872 bytes (3.3%)
(RDMA_READ_CONSUME_CHECK_CONSUMER) timestamp=2550 ms, used_size=1357824 bytes (3.3%)
(RDMA_READ_CONSUME_CHECK_CONSUMER) timestamp=2550 ms, used_size=1355776 bytes (3.3%)
(RDMA_READ_CONSUME_CHECK_CONSUMER) timestamp=2550 ms, used_size=1353728 bytes (3.3%)
(RDMA_READ_CONSUME_CHECK_CONSUMER) timestamp=2550 ms, used_size=1351680 bytes (3.3%)
(RDMA_READ_CONSUME_CHECK_CONSUMER) timestamp=2550 ms, used_size=1349632 bytes (3.3%)
(RDMA_READ_CONSUME_CHECK_CONSUMER) timestamp=2550 ms, used_size=1347584 bytes (3.3%)
(RDMA_READ_CONSUME_CHECK_CONSUMER) timestamp=2550 ms, used_size=1345536 bytes (3.3%)
(RDMA_READ_CONSUME_CHECK_CONSUMER) timestamp=2550 ms, used_size=1343488 bytes (3.3%)
(RDMA_READ_CONSUME_CHECK_CONSUMER) timestamp=2550 ms, used_size=1341440 bytes (3.3%)
(RDMA_READ_CONSUME_CHECK_CONSUMER) timestamp=2550 ms, used_size=1339392 bytes (3.3%)
(RDMA_READ_CONSUME_CHECK_CONSUMER) timestamp=2550 ms, used_size=1337344 bytes (3.3%)
(RDMA_READ_CONSUME_CHECK_CONSUMER) timestamp=2550 ms, used_size=1335296 bytes (3.3%)
(RDMA_READ_CONSUME_CHECK_CONSUMER) timestamp=2550 ms, used_size=1333248 bytes (3.3%)
(RDMA_READ_CONSUME_CHECK_CONSUMER) timestamp=2550 ms, used_size=1331200 bytes (3.2%)
(RDMA_READ_CONSUME_CHECK_CONSUMER) timestamp=2550 ms, used_size=1329152 bytes (3.2%)
(RDMA_READ_CONSUME_CHECK_CONSUMER) timestamp=2550 ms, used_size=1327104 bytes (3.2%)
(RDMA_READ_CONSUME_CHECK_CONSUMER) timestamp=2550 ms, used_size=1325056 bytes (3.2%)
(RDMA_READ_CONSUME_CHECK_CONSUMER) timestamp=2550 ms, used_size=1323008 bytes (3.2%)
(RDMA_READ_CONSUME_CHECK_CONSUMER) timestamp=2550 ms, used_size=1320960 bytes (3.2%)
(RDMA_READ_CONSUME_CHECK_CONSUMER) timestamp=2550 ms, used_size=1318912 bytes (3.2%)
(RDMA_READ_CONSUME_CHECK_CONSUMER) timestamp=2550 ms, used_size=1316864 bytes (3.2%)
(RDMA_READ_CONSUME_CHECK_CONSUMER) timestamp=2550 ms, used_size=1314816 bytes (3.2%)
(RDMA_READ_CONSUME_CHECK_CONSUMER) timestamp=2550 ms, used_size=1312768 bytes (3.2%)
(RDMA_READ_CONSUME_CHECK_CONSUMER) timestamp=2550 ms, used_size=1310720 bytes (3.2%)
(RDMA_READ_CONSUME_CHECK_CONSUMER) timestamp=2550 ms, used_size=1308672 bytes (3.2%)
(RDMA_READ_CONSUME_CHECK_CONSUMER) timestamp=2550 ms, used_size=1306624 bytes (3.2%)
(RDMA_READ_CONSUME_CHECK_CONSUMER) timestamp=2550 ms, used_size=1304576 bytes (3.2%)
(RDMA_READ_CONSUME_CHECK_CONSUMER) timestamp=2550 ms, used_size=1302528 bytes (3.2%)
(RDMA_READ_CONSUME_CHECK_CONSUMER) timestamp=2550 ms, used_size=1300480 bytes (3.2%)
(RDMA_READ_CONSUME_CHECK_CONSUMER) timestamp=2550 ms, used_size=1298432 bytes (3.2%)
(RDMA_READ_CONSUME_CHECK_CONSUMER) timestamp=2550 ms, used_size=1296384 bytes (3.2%)
(RDMA_READ_CONSUME_CHECK_CONSUMER) timestamp=2550 ms, used_size=1294336 bytes (3.2%)
(RDMA_READ_CONSUME_CHECK_CONSUMER) timestamp=2550 ms, used_size=1292288 bytes (3.2%)
(RDMA_READ_CONSUME_CHECK_CONSUMER) timestamp=2550 ms, used_size=1290240 bytes (3.1%)
(RDMA_READ_CONSUME_CHECK_CONSUMER) timestamp=2550 ms, used_size=1288192 bytes (3.1%)
(RDMA_READ_CONSUME_CHECK_CONSUMER) timestamp=2550 ms, used_size=1286144 bytes (3.1%)
(RDMA_READ_CONSUME_CHECK_CONSUMER) timestamp=2550 ms, used_size=1284096 bytes (3.1%)
(RDMA_READ_CONSUME_CHECK_CONSUMER) timestamp=2550 ms, used_size=1282048 bytes (3.1%)
(RDMA_READ_CONSUME_CHECK_CONSUMER) timestamp=2550 ms, used_size=1280000 bytes (3.1%)
(RDMA_READ_CONSUME_CHECK_CONSUMER) timestamp=2550 ms, used_size=1277952 bytes (3.1%)
(RDMA_READ_CONSUME_CHECK_CONSUMER) timestamp=2550 ms, used_size=1275904 bytes (3.1%)
(RDMA_READ_CONSUME_CHECK_CONSUMER) timestamp=2550 ms, used_size=1273856 bytes (3.1%)
(RDMA_READ_CONSUME_CHECK_CONSUMER) timestamp=2550 ms, used_size=1271808 bytes (3.1%)
(RDMA_READ_CONSUME_CHECK_CONSUMER) timestamp=2550 ms, used_size=1269760 bytes (3.1%)
(RDMA_READ_CONSUME_CHECK_CONSUMER) timestamp=2550 ms, used_size=1267712 bytes (3.1%)
(RDMA_READ_CONSUME_CHECK_CONSUMER) timestamp=2550 ms, used_size=1265664 bytes (3.1%)
(RDMA_READ_CONSUME_CHECK_CONSUMER) timestamp=2550 ms, used_size=1263616 bytes (3.1%)
(RDMA_READ_CONSUME_CHECK_CONSUMER) timestamp=2550 ms, used_size=1261568 bytes (3.1%)
(RDMA_READ_CONSUME_CHECK_CONSUMER) timestamp=2550 ms, used_size=1259520 bytes (3.1%)
(RDMA_READ_CONSUME_CHECK_CONSUMER) timestamp=2550 ms, used_size=1257472 bytes (3.1%)
(RDMA_READ_CONSUME_CHECK_CONSUMER) timestamp=2550 ms, used_size=1255424 bytes (3.1%)
(RDMA_READ_CONSUME_CHECK_CONSUMER) timestamp=2550 ms, used_size=1253376 bytes (3.1%)
(RDMA_READ_CONSUME_CHECK_CONSUMER) timestamp=2550 ms, used_size=1251328 bytes (3.1%)
(RDMA_READ_CONSUME_CHECK_CONSUMER) timestamp=2550 ms, used_size=1249280 bytes (3.0%)
(RDMA_READ_CONSUME_CHECK_CONSUMER) timestamp=2550 ms, used_size=1247232 bytes (3.0%)
(RDMA_READ_CONSUME_CHECK_CONSUMER) timestamp=2550 ms, used_size=1245184 bytes (3.0%)
(RDMA_READ_CONSUME_CHECK_CONSUMER) timestamp=2550 ms, used_size=1243136 bytes (3.0%)
(RDMA_READ_CONSUME_CHECK_CONSUMER) timestamp=2551 ms, used_size=1241088 bytes (3.0%)
(RDMA_READ_CONSUME_CHECK_CONSUMER) timestamp=2551 ms, used_size=1239040 bytes (3.0%)
(RDMA_READ_CONSUME_CHECK_CONSUMER) timestamp=2551 ms, used_size=1236992 bytes (3.0%)
(RDMA_READ_CONSUME_CHECK_CONSUMER) timestamp=2551 ms, used_size=1234944 bytes (3.0%)
(RDMA_READ_CONSUME_CHECK_CONSUMER) timestamp=2551 ms, used_size=1232896 bytes (3.0%)
(RDMA_READ_CONSUME_CHECK_CONSUMER) timestamp=2551 ms, used_size=1230848 bytes (3.0%)
(RDMA_READ_CONSUME_CHECK_CONSUMER) timestamp=2551 ms, used_size=1228800 bytes (3.0%)
(RDMA_READ_CONSUME_CHECK_CONSUMER) timestamp=2551 ms, used_size=1226752 bytes (3.0%)
(RDMA_READ_CONSUME_CHECK_CONSUMER) timestamp=2551 ms, used_size=1224704 bytes (3.0%)
(RDMA_READ_CONSUME_CHECK_CONSUMER) timestamp=2551 ms, used_size=1222656 bytes (3.0%)
(RDMA_READ_CONSUME_CHECK_CONSUMER) timestamp=2551 ms, used_size=1220608 bytes (3.0%)
(RDMA_READ_CONSUME_CHECK_CONSUMER) timestamp=2551 ms, used_size=1218560 bytes (3.0%)
(RDMA_READ_CONSUME_CHECK_CONSUMER) timestamp=2551 ms, used_size=1216512 bytes (3.0%)
(RDMA_READ_CONSUME_CHECK_CONSUMER) timestamp=2551 ms, used_size=1214464 bytes (3.0%)
(RDMA_READ_CONSUME_CHECK_CONSUMER) timestamp=2551 ms, used_size=1212416 bytes (3.0%)
(RDMA_READ_CONSUME_CHECK_CONSUMER) timestamp=2551 ms, used_size=1210368 bytes (3.0%)
(RDMA_READ_CONSUME_CHECK_CONSUMER) timestamp=2551 ms, used_size=1208320 bytes (3.0%)
(RDMA_READ_CONSUME_CHECK_CONSUMER) timestamp=2551 ms, used_size=1206272 bytes (2.9%)
(RDMA_READ_CONSUME_CHECK_CONSUMER) timestamp=2551 ms, used_size=1204224 bytes (2.9%)
(RDMA_READ_CONSUME_CHECK_CONSUMER) timestamp=2551 ms, used_size=1202176 bytes (2.9%)
(RDMA_READ_CONSUME_CHECK_CONSUMER) timestamp=2551 ms, used_size=1200128 bytes (2.9%)
(RDMA_READ_CONSUME_CHECK_CONSUMER) timestamp=2551 ms, used_size=1198080 bytes (2.9%)
(RDMA_READ_CONSUME_CHECK_CONSUMER) timestamp=2551 ms, used_size=1196032 bytes (2.9%)
(RDMA_READ_CONSUME_CHECK_CONSUMER) timestamp=2551 ms, used_size=1193984 bytes (2.9%)
(RDMA_READ_CONSUME_CHECK_CONSUMER) timestamp=2551 ms, used_size=1191936 bytes (2.9%)
(RDMA_READ_CONSUME_CHECK_CONSUMER) timestamp=2551 ms, used_size=1189888 bytes (2.9%)
(RDMA_READ_CONSUME_CHECK_CONSUMER) timestamp=2551 ms, used_size=1187840 bytes (2.9%)
(RDMA_READ_CONSUME_CHECK_CONSUMER) timestamp=2551 ms, used_size=1185792 bytes (2.9%)
(RDMA_READ_CONSUME_CHECK_CONSUMER) timestamp=2551 ms, used_size=1183744 bytes (2.9%)
(RDMA_READ_CONSUME_CHECK_CONSUMER) timestamp=2551 ms, used_size=1181696 bytes (2.9%)
(RDMA_READ_CONSUME_CHECK_CONSUMER) timestamp=2551 ms, used_size=1179648 bytes (2.9%)
(RDMA_READ_CONSUME_CHECK_CONSUMER) timestamp=2551 ms, used_size=1177600 bytes (2.9%)
(RDMA_READ_CONSUME_CHECK_CONSUMER) timestamp=2551 ms, used_size=1175552 bytes (2.9%)
(RDMA_READ_CONSUME_CHECK_CONSUMER) timestamp=2551 ms, used_size=1173504 bytes (2.9%)
(RDMA_READ_CONSUME_CHECK_CONSUMER) timestamp=2551 ms, used_size=1171456 bytes (2.9%)
(RDMA_READ_CONSUME_CHECK_CONSUMER) timestamp=2551 ms, used_size=1169408 bytes (2.9%)
(RDMA_READ_CONSUME_CHECK_CONSUMER) timestamp=2551 ms, used_size=1167360 bytes (2.9%)
(RDMA_READ_CONSUME_CHECK_CONSUMER) timestamp=2551 ms, used_size=1165312 bytes (2.8%)
(RDMA_READ_CONSUME_CHECK_CONSUMER) timestamp=2551 ms, used_size=1163264 bytes (2.8%)
(RDMA_READ_CONSUME_CHECK_CONSUMER) timestamp=2551 ms, used_size=1161216 bytes (2.8%)
(RDMA_READ_CONSUME_CHECK_CONSUMER) timestamp=2551 ms, used_size=1159168 bytes (2.8%)
(RDMA_READ_CONSUME_CHECK_CONSUMER) timestamp=2551 ms, used_size=1157120 bytes (2.8%)
(RDMA_READ_CONSUME_CHECK_CONSUMER) timestamp=2551 ms, used_size=1155072 bytes (2.8%)
(RDMA_READ_CONSUME_CHECK_CONSUMER) timestamp=2551 ms, used_size=1153024 bytes (2.8%)
(RDMA_READ_CONSUME_CHECK_CONSUMER) timestamp=2551 ms, used_size=1150976 bytes (2.8%)
(RDMA_READ_CONSUME_CHECK_CONSUMER) timestamp=2551 ms, used_size=1148928 bytes (2.8%)
(RDMA_READ_CONSUME_CHECK_CONSUMER) timestamp=2551 ms, used_size=1146880 bytes (2.8%)
(RDMA_READ_CONSUME_CHECK_CONSUMER) timestamp=2551 ms, used_size=1144832 bytes (2.8%)
(RDMA_READ_CONSUME_CHECK_CONSUMER) timestamp=2551 ms, used_size=1142784 bytes (2.8%)
(RDMA_READ_CONSUME_CHECK_CONSUMER) timestamp=2551 ms, used_size=1140736 bytes (2.8%)
(RDMA_READ_CONSUME_CHECK_CONSUMER) timestamp=2551 ms, used_size=1138688 bytes (2.8%)
(RDMA_READ_CONSUME_CHECK_CONSUMER) timestamp=2551 ms, used_size=1136640 bytes (2.8%)
(RDMA_READ_CONSUME_CHECK_CONSUMER) timestamp=2551 ms, used_size=1134592 bytes (2.8%)
(RDMA_READ_CONSUME_CHECK_CONSUMER) timestamp=2551 ms, used_size=1132544 bytes (2.8%)
(RDMA_READ_CONSUME_CHECK_CONSUMER) timestamp=2551 ms, used_size=1130496 bytes (2.8%)
(RDMA_READ_CONSUME_CHECK_CONSUMER) timestamp=2551 ms, used_size=1128448 bytes (2.8%)
(RDMA_READ_CONSUME_CHECK_CONSUMER) timestamp=2551 ms, used_size=1126400 bytes (2.8%)
(RDMA_READ_CONSUME_CHECK_CONSUMER) timestamp=2551 ms, used_size=1124352 bytes (2.7%)
(RDMA_READ_CONSUME_CHECK_CONSUMER) timestamp=2551 ms, used_size=1122304 bytes (2.7%)
(RDMA_READ_CONSUME_CHECK_CONSUMER) timestamp=2551 ms, used_size=1120256 bytes (2.7%)
(RDMA_READ_CONSUME_CHECK_CONSUMER) timestamp=2551 ms, used_size=1118208 bytes (2.7%)
(RDMA_READ_CONSUME_CHECK_CONSUMER) timestamp=2551 ms, used_size=1116160 bytes (2.7%)
(RDMA_READ_CONSUME_CHECK_CONSUMER) timestamp=2551 ms, used_size=1114112 bytes (2.7%)
(RDMA_READ_CONSUME_CHECK_CONSUMER) timestamp=2551 ms, used_size=1112064 bytes (2.7%)
(RDMA_READ_CONSUME_CHECK_CONSUMER) timestamp=2551 ms, used_size=1110016 bytes (2.7%)
(RDMA_READ_CONSUME_CHECK_CONSUMER) timestamp=2551 ms, used_size=1107968 bytes (2.7%)
(RDMA_READ_CONSUME_CHECK_CONSUMER) timestamp=2551 ms, used_size=1105920 bytes (2.7%)
(RDMA_READ_CONSUME_CHECK_CONSUMER) timestamp=2551 ms, used_size=1103872 bytes (2.7%)
(RDMA_READ_CONSUME_CHECK_CONSUMER) timestamp=2551 ms, used_size=1101824 bytes (2.7%)
(RDMA_READ_CONSUME_CHECK_CONSUMER) timestamp=2551 ms, used_size=1099776 bytes (2.7%)
(RDMA_READ_CONSUME_CHECK_CONSUMER) timestamp=2551 ms, used_size=1097728 bytes (2.7%)
(RDMA_READ_CONSUME_CHECK_CONSUMER) timestamp=2551 ms, used_size=1095680 bytes (2.7%)
(RDMA_READ_CONSUME_CHECK_CONSUMER) timestamp=2551 ms, used_size=1093632 bytes (2.7%)
(RDMA_READ_CONSUME_CHECK_CONSUMER) timestamp=2551 ms, used_size=1091584 bytes (2.7%)
(RDMA_READ_CONSUME_CHECK_CONSUMER) timestamp=2551 ms, used_size=1089536 bytes (2.7%)
(RDMA_READ_CONSUME_CHECK_CONSUMER) timestamp=2551 ms, used_size=1087488 bytes (2.7%)
(RDMA_READ_CONSUME_CHECK_CONSUMER) timestamp=2551 ms, used_size=1085440 bytes (2.6%)
(RDMA_READ_CONSUME_CHECK_CONSUMER) timestamp=2551 ms, used_size=1083392 bytes (2.6%)
(RDMA_READ_CONSUME_CHECK_CONSUMER) timestamp=2551 ms, used_size=1081344 bytes (2.6%)
(RDMA_READ_CONSUME_CHECK_CONSUMER) timestamp=2551 ms, used_size=1079296 bytes (2.6%)
(RDMA_READ_CONSUME_CHECK_CONSUMER) timestamp=2551 ms, used_size=1077248 bytes (2.6%)
(RDMA_READ_CONSUME_CHECK_CONSUMER) timestamp=2551 ms, used_size=1075200 bytes (2.6%)
(RDMA_READ_CONSUME_CHECK_CONSUMER) timestamp=2551 ms, used_size=1073152 bytes (2.6%)
(RDMA_READ_CONSUME_CHECK_CONSUMER) timestamp=2551 ms, used_size=1071104 bytes (2.6%)
(RDMA_READ_CONSUME_CHECK_CONSUMER) timestamp=2551 ms, used_size=1069056 bytes (2.6%)
(RDMA_READ_CONSUME_CHECK_CONSUMER) timestamp=2551 ms, used_size=1067008 bytes (2.6%)
(RDMA_READ_CONSUME_CHECK_CONSUMER) timestamp=2551 ms, used_size=1064960 bytes (2.6%)
(RDMA_READ_CONSUME_CHECK_CONSUMER) timestamp=2551 ms, used_size=1062912 bytes (2.6%)
(RDMA_READ_CONSUME_CHECK_CONSUMER) timestamp=2551 ms, used_size=1060864 bytes (2.6%)
(RDMA_READ_CONSUME_CHECK_CONSUMER) timestamp=2551 ms, used_size=1058816 bytes (2.6%)
(RDMA_READ_CONSUME_CHECK_CONSUMER) timestamp=2551 ms, used_size=1056768 bytes (2.6%)
(RDMA_READ_CONSUME_CHECK_CONSUMER) timestamp=2551 ms, used_size=1054720 bytes (2.6%)
(RDMA_READ_CONSUME_CHECK_CONSUMER) timestamp=2551 ms, used_size=1052672 bytes (2.6%)
(RDMA_READ_CONSUME_CHECK_CONSUMER) timestamp=2551 ms, used_size=1050624 bytes (2.6%)
(RDMA_READ_CONSUME_CHECK_CONSUMER) timestamp=2551 ms, used_size=1048576 bytes (2.6%)
(RDMA_READ_CONSUME_CHECK_CONSUMER) timestamp=2551 ms, used_size=1046528 bytes (2.6%)
(RDMA_READ_CONSUME_CHECK_CONSUMER) timestamp=2551 ms, used_size=1044480 bytes (2.5%)
(RDMA_READ_CONSUME_CHECK_CONSUMER) timestamp=2551 ms, used_size=1042432 bytes (2.5%)
(RDMA_READ_CONSUME_CHECK_CONSUMER) timestamp=2551 ms, used_size=1040384 bytes (2.5%)
(RDMA_READ_CONSUME_CHECK_CONSUMER) timestamp=2551 ms, used_size=1038336 bytes (2.5%)
(RDMA_READ_CONSUME_CHECK_CONSUMER) timestamp=2551 ms, used_size=1036288 bytes (2.5%)
(RDMA_READ_CONSUME_CHECK_CONSUMER) timestamp=2551 ms, used_size=1034240 bytes (2.5%)
(RDMA_READ_CONSUME_CHECK_CONSUMER) timestamp=2551 ms, used_size=1032192 bytes (2.5%)
(RDMA_READ_CONSUME_CHECK_CONSUMER) timestamp=2551 ms, used_size=1030144 bytes (2.5%)
(RDMA_READ_CONSUME_CHECK_CONSUMER) timestamp=2551 ms, used_size=1028096 bytes (2.5%)
(RDMA_READ_CONSUME_CHECK_CONSUMER) timestamp=2551 ms, used_size=1026048 bytes (2.5%)
(RDMA_READ_CONSUME_CHECK_CONSUMER) timestamp=2551 ms, used_size=1024000 bytes (2.5%)
(RDMA_READ_CONSUME_CHECK_CONSUMER) timestamp=2551 ms, used_size=1021952 bytes (2.5%)
(RDMA_READ_CONSUME_CHECK_CONSUMER) timestamp=2551 ms, used_size=1019904 bytes (2.5%)
(RDMA_READ_CONSUME_CHECK_CONSUMER) timestamp=2551 ms, used_size=1017856 bytes (2.5%)
(RDMA_READ_CONSUME_CHECK_CONSUMER) timestamp=2551 ms, used_size=1015808 bytes (2.5%)
(RDMA_READ_CONSUME_CHECK_CONSUMER) timestamp=2551 ms, used_size=1013760 bytes (2.5%)
(RDMA_READ_CONSUME_CHECK_CONSUMER) timestamp=2551 ms, used_size=1011712 bytes (2.5%)
(RDMA_READ_CONSUME_CHECK_CONSUMER) timestamp=2551 ms, used_size=1009664 bytes (2.5%)
(RDMA_READ_CONSUME_CHECK_CONSUMER) timestamp=2551 ms, used_size=1007616 bytes (2.5%)
(RDMA_READ_CONSUME_CHECK_CONSUMER) timestamp=2551 ms, used_size=1005568 bytes (2.5%)
(RDMA_READ_CONSUME_CHECK_CONSUMER) timestamp=2551 ms, used_size=1003520 bytes (2.5%)
(RDMA_READ_CONSUME_CHECK_CONSUMER) timestamp=2551 ms, used_size=1001472 bytes (2.4%)
(RDMA_READ_CONSUME_CHECK_CONSUMER) timestamp=2551 ms, used_size=999424 bytes (2.4%)
(RDMA_READ_CONSUME_CHECK_CONSUMER) timestamp=2551 ms, used_size=997376 bytes (2.4%)
(RDMA_READ_CONSUME_CHECK_CONSUMER) timestamp=2551 ms, used_size=995328 bytes (2.4%)
(RDMA_READ_CONSUME_CHECK_CONSUMER) timestamp=2551 ms, used_size=993280 bytes (2.4%)
(RDMA_READ_CONSUME_CHECK_CONSUMER) timestamp=2551 ms, used_size=991232 bytes (2.4%)
(RDMA_READ_CONSUME_CHECK_CONSUMER) timestamp=2551 ms, used_size=989184 bytes (2.4%)
(RDMA_READ_CONSUME_CHECK_CONSUMER) timestamp=2551 ms, used_size=987136 bytes (2.4%)
(RDMA_READ_CONSUME_CHECK_CONSUMER) timestamp=2551 ms, used_size=985088 bytes (2.4%)
(RDMA_READ_CONSUME_CHECK_CONSUMER) timestamp=2551 ms, used_size=983040 bytes (2.4%)
(RDMA_READ_CONSUME_CHECK_CONSUMER) timestamp=2551 ms, used_size=980992 bytes (2.4%)
(RDMA_READ_CONSUME_CHECK_CONSUMER) timestamp=2551 ms, used_size=978944 bytes (2.4%)
(RDMA_READ_CONSUME_CHECK_CONSUMER) timestamp=2551 ms, used_size=976896 bytes (2.4%)
(RDMA_READ_CONSUME_CHECK_CONSUMER) timestamp=2551 ms, used_size=974848 bytes (2.4%)
(RDMA_READ_CONSUME_CHECK_CONSUMER) timestamp=2551 ms, used_size=972800 bytes (2.4%)
(RDMA_READ_CONSUME_CHECK_CONSUMER) timestamp=2551 ms, used_size=970752 bytes (2.4%)
(RDMA_READ_CONSUME_CHECK_CONSUMER) timestamp=2551 ms, used_size=968704 bytes (2.4%)
(RDMA_READ_CONSUME_CHECK_CONSUMER) timestamp=2551 ms, used_size=966656 bytes (2.4%)
(RDMA_READ_CONSUME_CHECK_CONSUMER) timestamp=2551 ms, used_size=964608 bytes (2.4%)
(RDMA_READ_CONSUME_CHECK_CONSUMER) timestamp=2551 ms, used_size=962560 bytes (2.4%)
(RDMA_READ_CONSUME_CHECK_CONSUMER) timestamp=2551 ms, used_size=960512 bytes (2.3%)
(RDMA_READ_CONSUME_CHECK_CONSUMER) timestamp=2551 ms, used_size=958464 bytes (2.3%)
(RDMA_READ_CONSUME_CHECK_CONSUMER) timestamp=2551 ms, used_size=956416 bytes (2.3%)
(RDMA_READ_CONSUME_CHECK_CONSUMER) timestamp=2551 ms, used_size=954368 bytes (2.3%)
(RDMA_READ_CONSUME_CHECK_CONSUMER) timestamp=2551 ms, used_size=952320 bytes (2.3%)
(RDMA_READ_CONSUME_CHECK_CONSUMER) timestamp=2551 ms, used_size=950272 bytes (2.3%)
(RDMA_READ_CONSUME_CHECK_CONSUMER) timestamp=2551 ms, used_size=948224 bytes (2.3%)
(RDMA_READ_CONSUME_CHECK_CONSUMER) timestamp=2551 ms, used_size=946176 bytes (2.3%)
(RDMA_READ_CONSUME_CHECK_CONSUMER) timestamp=2551 ms, used_size=944128 bytes (2.3%)
(RDMA_READ_CONSUME_CHECK_CONSUMER) timestamp=2551 ms, used_size=942080 bytes (2.3%)
(RDMA_READ_CONSUME_CHECK_CONSUMER) timestamp=2551 ms, used_size=940032 bytes (2.3%)
(RDMA_READ_CONSUME_CHECK_CONSUMER) timestamp=2551 ms, used_size=937984 bytes (2.3%)
(RDMA_READ_CONSUME_CHECK_CONSUMER) timestamp=2551 ms, used_size=935936 bytes (2.3%)
(RDMA_READ_CONSUME_CHECK_CONSUMER) timestamp=2551 ms, used_size=933888 bytes (2.3%)
(RDMA_READ_CONSUME_CHECK_CONSUMER) timestamp=2551 ms, used_size=931840 bytes (2.3%)
(RDMA_READ_CONSUME_CHECK_CONSUMER) timestamp=2551 ms, used_size=929792 bytes (2.3%)
(RDMA_READ_CONSUME_CHECK_CONSUMER) timestamp=2551 ms, used_size=927744 bytes (2.3%)
(RDMA_READ_CONSUME_CHECK_CONSUMER) timestamp=2551 ms, used_size=925696 bytes (2.3%)
(RDMA_READ_CONSUME_CHECK_CONSUMER) timestamp=2551 ms, used_size=923648 bytes (2.3%)
(RDMA_READ_CONSUME_CHECK_CONSUMER) timestamp=2551 ms, used_size=921600 bytes (2.2%)
(RDMA_READ_CONSUME_CHECK_CONSUMER) timestamp=2551 ms, used_size=919552 bytes (2.2%)
(RDMA_READ_CONSUME_CHECK_CONSUMER) timestamp=2551 ms, used_size=917504 bytes (2.2%)
(RDMA_READ_CONSUME_CHECK_CONSUMER) timestamp=2551 ms, used_size=915456 bytes (2.2%)
(RDMA_READ_CONSUME_CHECK_CONSUMER) timestamp=2551 ms, used_size=913408 bytes (2.2%)
(RDMA_READ_CONSUME_CHECK_CONSUMER) timestamp=2551 ms, used_size=911360 bytes (2.2%)
(RDMA_READ_CONSUME_CHECK_CONSUMER) timestamp=2551 ms, used_size=909312 bytes (2.2%)
(RDMA_READ_CONSUME_CHECK_CONSUMER) timestamp=2551 ms, used_size=907264 bytes (2.2%)
(RDMA_READ_CONSUME_CHECK_CONSUMER) timestamp=2551 ms, used_size=905216 bytes (2.2%)
(RDMA_READ_CONSUME_CHECK_CONSUMER) timestamp=2551 ms, used_size=903168 bytes (2.2%)
(RDMA_READ_CONSUME_CHECK_CONSUMER) timestamp=2551 ms, used_size=901120 bytes (2.2%)
(RDMA_READ_CONSUME_CHECK_CONSUMER) timestamp=2551 ms, used_size=899072 bytes (2.2%)
(RDMA_READ_CONSUME_CHECK_CONSUMER) timestamp=2551 ms, used_size=897024 bytes (2.2%)
(RDMA_READ_CONSUME_CHECK_CONSUMER) timestamp=2551 ms, used_size=894976 bytes (2.2%)
(RDMA_READ_CONSUME_CHECK_CONSUMER) timestamp=2551 ms, used_size=892928 bytes (2.2%)
(RDMA_READ_CONSUME_CHECK_CONSUMER) timestamp=2551 ms, used_size=890880 bytes (2.2%)
(RDMA_READ_CONSUME_CHECK_CONSUMER) timestamp=2551 ms, used_size=888832 bytes (2.2%)
(RDMA_READ_CONSUME_CHECK_CONSUMER) timestamp=2551 ms, used_size=886784 bytes (2.2%)
(RDMA_READ_CONSUME_CHECK_CONSUMER) timestamp=2551 ms, used_size=884736 bytes (2.2%)
(RDMA_READ_CONSUME_CHECK_CONSUMER) timestamp=2551 ms, used_size=882688 bytes (2.2%)
(RDMA_READ_CONSUME_CHECK_CONSUMER) timestamp=2551 ms, used_size=880640 bytes (2.1%)
(RDMA_READ_CONSUME_CHECK_CONSUMER) timestamp=2551 ms, used_size=878592 bytes (2.1%)
(RDMA_READ_CONSUME_CHECK_CONSUMER) timestamp=2551 ms, used_size=876544 bytes (2.1%)
(RDMA_READ_CONSUME_CHECK_CONSUMER) timestamp=2552 ms, used_size=874496 bytes (2.1%)
(RDMA_READ_CONSUME_CHECK_CONSUMER) timestamp=2552 ms, used_size=872448 bytes (2.1%)
(RDMA_READ_CONSUME_CHECK_CONSUMER) timestamp=2552 ms, used_size=870400 bytes (2.1%)
(RDMA_READ_CONSUME_CHECK_CONSUMER) timestamp=2552 ms, used_size=868352 bytes (2.1%)
(RDMA_READ_CONSUME_CHECK_CONSUMER) timestamp=2552 ms, used_size=866304 bytes (2.1%)
(RDMA_READ_CONSUME_CHECK_CONSUMER) timestamp=2552 ms, used_size=864256 bytes (2.1%)
(RDMA_READ_CONSUME_CHECK_CONSUMER) timestamp=2552 ms, used_size=862208 bytes (2.1%)
(RDMA_READ_CONSUME_CHECK_CONSUMER) timestamp=2552 ms, used_size=860160 bytes (2.1%)
(RDMA_READ_CONSUME_CHECK_CONSUMER) timestamp=2552 ms, used_size=858112 bytes (2.1%)
(RDMA_READ_CONSUME_CHECK_CONSUMER) timestamp=2552 ms, used_size=856064 bytes (2.1%)
(RDMA_READ_CONSUME_CHECK_CONSUMER) timestamp=2552 ms, used_size=854016 bytes (2.1%)
(RDMA_READ_CONSUME_CHECK_CONSUMER) timestamp=2552 ms, used_size=851968 bytes (2.1%)
(RDMA_READ_CONSUME_CHECK_CONSUMER) timestamp=2552 ms, used_size=849920 bytes (2.1%)
(RDMA_READ_CONSUME_CHECK_CONSUMER) timestamp=2552 ms, used_size=847872 bytes (2.1%)
(RDMA_READ_CONSUME_CHECK_CONSUMER) timestamp=2552 ms, used_size=845824 bytes (2.1%)
(RDMA_READ_CONSUME_CHECK_CONSUMER) timestamp=2552 ms, used_size=843776 bytes (2.1%)
(RDMA_READ_CONSUME_CHECK_CONSUMER) timestamp=2552 ms, used_size=841728 bytes (2.1%)
(RDMA_READ_CONSUME_CHECK_CONSUMER) timestamp=2552 ms, used_size=839680 bytes (2.0%)
(RDMA_READ_CONSUME_CHECK_CONSUMER) timestamp=2552 ms, used_size=837632 bytes (2.0%)
(RDMA_READ_CONSUME_CHECK_CONSUMER) timestamp=2552 ms, used_size=835584 bytes (2.0%)
(RDMA_READ_CONSUME_CHECK_CONSUMER) timestamp=2552 ms, used_size=833536 bytes (2.0%)
(RDMA_READ_CONSUME_CHECK_CONSUMER) timestamp=2552 ms, used_size=831488 bytes (2.0%)
(RDMA_READ_CONSUME_CHECK_CONSUMER) timestamp=2552 ms, used_size=829440 bytes (2.0%)
(RDMA_READ_CONSUME_CHECK_CONSUMER) timestamp=2552 ms, used_size=827392 bytes (2.0%)
(RDMA_READ_CONSUME_CHECK_CONSUMER) timestamp=2552 ms, used_size=825344 bytes (2.0%)
(RDMA_READ_CONSUME_CHECK_CONSUMER) timestamp=2552 ms, used_size=823296 bytes (2.0%)
(RDMA_READ_CONSUME_CHECK_CONSUMER) timestamp=2552 ms, used_size=821248 bytes (2.0%)
(RDMA_READ_CONSUME_CHECK_CONSUMER) timestamp=2552 ms, used_size=819200 bytes (2.0%)
(RDMA_READ_CONSUME_CHECK_CONSUMER) timestamp=2552 ms, used_size=817152 bytes (2.0%)
(RDMA_READ_CONSUME_CHECK_CONSUMER) timestamp=2552 ms, used_size=815104 bytes (2.0%)
(RDMA_READ_CONSUME_CHECK_CONSUMER) timestamp=2552 ms, used_size=813056 bytes (2.0%)
(RDMA_READ_CONSUME_CHECK_CONSUMER) timestamp=2552 ms, used_size=811008 bytes (2.0%)
(RDMA_READ_CONSUME_CHECK_CONSUMER) timestamp=2552 ms, used_size=808960 bytes (2.0%)
(RDMA_READ_CONSUME_CHECK_CONSUMER) timestamp=2552 ms, used_size=806912 bytes (2.0%)
(RDMA_READ_CONSUME_CHECK_CONSUMER) timestamp=2552 ms, used_size=804864 bytes (2.0%)
(RDMA_READ_CONSUME_CHECK_CONSUMER) timestamp=2552 ms, used_size=802816 bytes (2.0%)
(RDMA_READ_CONSUME_CHECK_CONSUMER) timestamp=2552 ms, used_size=800768 bytes (2.0%)
(RDMA_READ_CONSUME_CHECK_CONSUMER) timestamp=2552 ms, used_size=798720 bytes (1.9%)
(RDMA_READ_CONSUME_CHECK_CONSUMER) timestamp=2552 ms, used_size=796672 bytes (1.9%)
(RDMA_READ_CONSUME_CHECK_CONSUMER) timestamp=2552 ms, used_size=794624 bytes (1.9%)
(RDMA_READ_CONSUME_CHECK_CONSUMER) timestamp=2552 ms, used_size=792576 bytes (1.9%)
(RDMA_READ_CONSUME_CHECK_CONSUMER) timestamp=2552 ms, used_size=790528 bytes (1.9%)
(RDMA_READ_CONSUME_CHECK_CONSUMER) timestamp=2552 ms, used_size=788480 bytes (1.9%)
(RDMA_READ_CONSUME_CHECK_CONSUMER) timestamp=2552 ms, used_size=786432 bytes (1.9%)
(RDMA_READ_CONSUME_CHECK_CONSUMER) timestamp=2552 ms, used_size=784384 bytes (1.9%)
(RDMA_READ_CONSUME_CHECK_CONSUMER) timestamp=2552 ms, used_size=782336 bytes (1.9%)
(RDMA_READ_CONSUME_CHECK_CONSUMER) timestamp=2552 ms, used_size=780288 bytes (1.9%)
(RDMA_READ_CONSUME_CHECK_CONSUMER) timestamp=2552 ms, used_size=778240 bytes (1.9%)
(RDMA_READ_CONSUME_CHECK_CONSUMER) timestamp=2552 ms, used_size=776192 bytes (1.9%)
(RDMA_READ_CONSUME_CHECK_CONSUMER) timestamp=2552 ms, used_size=774144 bytes (1.9%)
(RDMA_READ_CONSUME_CHECK_CONSUMER) timestamp=2552 ms, used_size=772096 bytes (1.9%)
(RDMA_READ_CONSUME_CHECK_CONSUMER) timestamp=2552 ms, used_size=770048 bytes (1.9%)
(RDMA_READ_CONSUME_CHECK_CONSUMER) timestamp=2552 ms, used_size=768000 bytes (1.9%)
(RDMA_READ_CONSUME_CHECK_CONSUMER) timestamp=2552 ms, used_size=765952 bytes (1.9%)
(RDMA_READ_CONSUME_CHECK_CONSUMER) timestamp=2552 ms, used_size=763904 bytes (1.9%)
(RDMA_READ_CONSUME_CHECK_CONSUMER) timestamp=2552 ms, used_size=761856 bytes (1.9%)
(RDMA_READ_CONSUME_CHECK_CONSUMER) timestamp=2552 ms, used_size=759808 bytes (1.9%)
(RDMA_READ_CONSUME_CHECK_CONSUMER) timestamp=2552 ms, used_size=757760 bytes (1.9%)
(RDMA_READ_CONSUME_CHECK_CONSUMER) timestamp=2552 ms, used_size=755712 bytes (1.8%)
(RDMA_READ_CONSUME_CHECK_CONSUMER) timestamp=2552 ms, used_size=753664 bytes (1.8%)
(RDMA_READ_CONSUME_CHECK_CONSUMER) timestamp=2552 ms, used_size=751616 bytes (1.8%)
(RDMA_READ_CONSUME_CHECK_CONSUMER) timestamp=2552 ms, used_size=749568 bytes (1.8%)
(RDMA_READ_CONSUME_CHECK_CONSUMER) timestamp=2552 ms, used_size=747520 bytes (1.8%)
(RDMA_READ_CONSUME_CHECK_CONSUMER) timestamp=2552 ms, used_size=745472 bytes (1.8%)
(RDMA_READ_CONSUME_CHECK_CONSUMER) timestamp=2552 ms, used_size=743424 bytes (1.8%)
(RDMA_READ_CONSUME_CHECK_CONSUMER) timestamp=2552 ms, used_size=741376 bytes (1.8%)
(RDMA_READ_CONSUME_CHECK_CONSUMER) timestamp=2552 ms, used_size=739328 bytes (1.8%)
(RDMA_READ_CONSUME_CHECK_CONSUMER) timestamp=2552 ms, used_size=737280 bytes (1.8%)
(RDMA_READ_CONSUME_CHECK_CONSUMER) timestamp=2552 ms, used_size=735232 bytes (1.8%)
(RDMA_READ_CONSUME_CHECK_CONSUMER) timestamp=2552 ms, used_size=733184 bytes (1.8%)
(RDMA_READ_CONSUME_CHECK_CONSUMER) timestamp=2552 ms, used_size=731136 bytes (1.8%)
(RDMA_READ_CONSUME_CHECK_CONSUMER) timestamp=2552 ms, used_size=729088 bytes (1.8%)
(RDMA_READ_CONSUME_CHECK_CONSUMER) timestamp=2552 ms, used_size=727040 bytes (1.8%)
(RDMA_READ_CONSUME_CHECK_CONSUMER) timestamp=2552 ms, used_size=724992 bytes (1.8%)
(RDMA_READ_CONSUME_CHECK_CONSUMER) timestamp=2552 ms, used_size=722944 bytes (1.8%)
(RDMA_READ_CONSUME_CHECK_CONSUMER) timestamp=2552 ms, used_size=720896 bytes (1.8%)
(RDMA_READ_CONSUME_CHECK_CONSUMER) timestamp=2552 ms, used_size=718848 bytes (1.8%)
(RDMA_READ_CONSUME_CHECK_CONSUMER) timestamp=2552 ms, used_size=716800 bytes (1.8%)
(RDMA_READ_CONSUME_CHECK_CONSUMER) timestamp=2552 ms, used_size=714752 bytes (1.7%)
(RDMA_READ_CONSUME_CHECK_CONSUMER) timestamp=2552 ms, used_size=712704 bytes (1.7%)
(RDMA_READ_CONSUME_CHECK_CONSUMER) timestamp=2552 ms, used_size=710656 bytes (1.7%)
(RDMA_READ_CONSUME_CHECK_CONSUMER) timestamp=2552 ms, used_size=708608 bytes (1.7%)
(RDMA_READ_CONSUME_CHECK_CONSUMER) timestamp=2552 ms, used_size=706560 bytes (1.7%)
(RDMA_READ_CONSUME_CHECK_CONSUMER) timestamp=2552 ms, used_size=704512 bytes (1.7%)
(RDMA_READ_CONSUME_CHECK_CONSUMER) timestamp=2552 ms, used_size=702464 bytes (1.7%)
(RDMA_READ_CONSUME_CHECK_CONSUMER) timestamp=2552 ms, used_size=700416 bytes (1.7%)
(RDMA_READ_CONSUME_CHECK_CONSUMER) timestamp=2552 ms, used_size=698368 bytes (1.7%)
(RDMA_READ_CONSUME_CHECK_CONSUMER) timestamp=2552 ms, used_size=696320 bytes (1.7%)
(RDMA_READ_CONSUME_CHECK_CONSUMER) timestamp=2552 ms, used_size=694272 bytes (1.7%)
(RDMA_READ_CONSUME_CHECK_CONSUMER) timestamp=2552 ms, used_size=692224 bytes (1.7%)
(RDMA_READ_CONSUME_CHECK_CONSUMER) timestamp=2552 ms, used_size=690176 bytes (1.7%)
(RDMA_READ_CONSUME_CHECK_CONSUMER) timestamp=2552 ms, used_size=688128 bytes (1.7%)
(RDMA_READ_CONSUME_CHECK_CONSUMER) timestamp=2552 ms, used_size=686080 bytes (1.7%)
(RDMA_READ_CONSUME_CHECK_CONSUMER) timestamp=2552 ms, used_size=684032 bytes (1.7%)
(RDMA_READ_CONSUME_CHECK_CONSUMER) timestamp=2552 ms, used_size=681984 bytes (1.7%)
(RDMA_READ_CONSUME_CHECK_CONSUMER) timestamp=2552 ms, used_size=679936 bytes (1.7%)
(RDMA_READ_CONSUME_CHECK_CONSUMER) timestamp=2552 ms, used_size=677888 bytes (1.7%)
(RDMA_READ_CONSUME_CHECK_CONSUMER) timestamp=2552 ms, used_size=675840 bytes (1.6%)
(RDMA_READ_CONSUME_CHECK_CONSUMER) timestamp=2552 ms, used_size=673792 bytes (1.6%)
(RDMA_READ_CONSUME_CHECK_CONSUMER) timestamp=2552 ms, used_size=671744 bytes (1.6%)
(RDMA_READ_CONSUME_CHECK_CONSUMER) timestamp=2552 ms, used_size=669696 bytes (1.6%)
(RDMA_READ_CONSUME_CHECK_CONSUMER) timestamp=2552 ms, used_size=667648 bytes (1.6%)
(RDMA_READ_CONSUME_CHECK_CONSUMER) timestamp=2552 ms, used_size=665600 bytes (1.6%)
(RDMA_READ_CONSUME_CHECK_CONSUMER) timestamp=2552 ms, used_size=663552 bytes (1.6%)
(RDMA_READ_CONSUME_CHECK_CONSUMER) timestamp=2552 ms, used_size=661504 bytes (1.6%)
(RDMA_READ_CONSUME_CHECK_CONSUMER) timestamp=2552 ms, used_size=659456 bytes (1.6%)
(RDMA_READ_CONSUME_CHECK_CONSUMER) timestamp=2552 ms, used_size=657408 bytes (1.6%)
(RDMA_READ_CONSUME_CHECK_CONSUMER) timestamp=2552 ms, used_size=655360 bytes (1.6%)
(RDMA_READ_CONSUME_CHECK_CONSUMER) timestamp=2552 ms, used_size=653312 bytes (1.6%)
(RDMA_READ_CONSUME_CHECK_CONSUMER) timestamp=2552 ms, used_size=651264 bytes (1.6%)
(RDMA_READ_CONSUME_CHECK_CONSUMER) timestamp=2552 ms, used_size=649216 bytes (1.6%)
(RDMA_READ_CONSUME_CHECK_CONSUMER) timestamp=2552 ms, used_size=647168 bytes (1.6%)
(RDMA_READ_CONSUME_CHECK_CONSUMER) timestamp=2552 ms, used_size=645120 bytes (1.6%)
(RDMA_READ_CONSUME_CHECK_CONSUMER) timestamp=2552 ms, used_size=643072 bytes (1.6%)
(RDMA_READ_CONSUME_CHECK_CONSUMER) timestamp=2552 ms, used_size=641024 bytes (1.6%)
(RDMA_READ_CONSUME_CHECK_CONSUMER) timestamp=2552 ms, used_size=638976 bytes (1.6%)
(RDMA_READ_CONSUME_CHECK_CONSUMER) timestamp=2552 ms, used_size=636928 bytes (1.6%)
(RDMA_READ_CONSUME_CHECK_CONSUMER) timestamp=2552 ms, used_size=634880 bytes (1.6%)
(RDMA_READ_CONSUME_CHECK_CONSUMER) timestamp=2552 ms, used_size=632832 bytes (1.5%)
(RDMA_READ_CONSUME_CHECK_CONSUMER) timestamp=2552 ms, used_size=630784 bytes (1.5%)
(RDMA_READ_CONSUME_CHECK_CONSUMER) timestamp=2552 ms, used_size=628736 bytes (1.5%)
(RDMA_READ_CONSUME_CHECK_CONSUMER) timestamp=2552 ms, used_size=626688 bytes (1.5%)
(RDMA_READ_CONSUME_CHECK_CONSUMER) timestamp=2552 ms, used_size=624640 bytes (1.5%)
(RDMA_READ_CONSUME_CHECK_CONSUMER) timestamp=2552 ms, used_size=622592 bytes (1.5%)
(RDMA_READ_CONSUME_CHECK_CONSUMER) timestamp=2552 ms, used_size=620544 bytes (1.5%)
(RDMA_READ_CONSUME_CHECK_CONSUMER) timestamp=2552 ms, used_size=618496 bytes (1.5%)
(RDMA_READ_CONSUME_CHECK_CONSUMER) timestamp=2552 ms, used_size=616448 bytes (1.5%)
(RDMA_READ_CONSUME_CHECK_CONSUMER) timestamp=2552 ms, used_size=614400 bytes (1.5%)
(RDMA_READ_CONSUME_CHECK_CONSUMER) timestamp=2552 ms, used_size=612352 bytes (1.5%)
(RDMA_READ_CONSUME_CHECK_CONSUMER) timestamp=2552 ms, used_size=610304 bytes (1.5%)
(RDMA_READ_CONSUME_CHECK_CONSUMER) timestamp=2552 ms, used_size=608256 bytes (1.5%)
(RDMA_READ_CONSUME_CHECK_CONSUMER) timestamp=2552 ms, used_size=606208 bytes (1.5%)
(RDMA_READ_CONSUME_CHECK_CONSUMER) timestamp=2552 ms, used_size=604160 bytes (1.5%)
(RDMA_READ_CONSUME_CHECK_CONSUMER) timestamp=2552 ms, used_size=602112 bytes (1.5%)
(RDMA_READ_CONSUME_CHECK_CONSUMER) timestamp=2552 ms, used_size=600064 bytes (1.5%)
(RDMA_READ_CONSUME_CHECK_CONSUMER) timestamp=2552 ms, used_size=598016 bytes (1.5%)
(RDMA_READ_CONSUME_CHECK_CONSUMER) timestamp=2552 ms, used_size=595968 bytes (1.5%)
(RDMA_READ_CONSUME_CHECK_CONSUMER) timestamp=2552 ms, used_size=593920 bytes (1.4%)
(RDMA_READ_CONSUME_CHECK_CONSUMER) timestamp=2552 ms, used_size=591872 bytes (1.4%)
(RDMA_READ_CONSUME_CHECK_CONSUMER) timestamp=2552 ms, used_size=589824 bytes (1.4%)
(RDMA_READ_CONSUME_CHECK_CONSUMER) timestamp=2552 ms, used_size=587776 bytes (1.4%)
(RDMA_READ_CONSUME_CHECK_CONSUMER) timestamp=2552 ms, used_size=585728 bytes (1.4%)
(RDMA_READ_CONSUME_CHECK_CONSUMER) timestamp=2552 ms, used_size=583680 bytes (1.4%)
(RDMA_READ_CONSUME_CHECK_CONSUMER) timestamp=2552 ms, used_size=581632 bytes (1.4%)
(RDMA_READ_CONSUME_CHECK_CONSUMER) timestamp=2552 ms, used_size=579584 bytes (1.4%)
(RDMA_READ_CONSUME_CHECK_CONSUMER) timestamp=2552 ms, used_size=577536 bytes (1.4%)
(RDMA_READ_CONSUME_CHECK_CONSUMER) timestamp=2552 ms, used_size=575488 bytes (1.4%)
(RDMA_READ_CONSUME_CHECK_CONSUMER) timestamp=2552 ms, used_size=573440 bytes (1.4%)
(RDMA_READ_CONSUME_CHECK_CONSUMER) timestamp=2552 ms, used_size=571392 bytes (1.4%)
(RDMA_READ_CONSUME_CHECK_CONSUMER) timestamp=2552 ms, used_size=569344 bytes (1.4%)
(RDMA_READ_CONSUME_CHECK_CONSUMER) timestamp=2552 ms, used_size=567296 bytes (1.4%)
(RDMA_READ_CONSUME_CHECK_CONSUMER) timestamp=2552 ms, used_size=565248 bytes (1.4%)
(RDMA_READ_CONSUME_CHECK_CONSUMER) timestamp=2552 ms, used_size=563200 bytes (1.4%)
(RDMA_READ_CONSUME_CHECK_CONSUMER) timestamp=2552 ms, used_size=561152 bytes (1.4%)
(RDMA_READ_CONSUME_CHECK_CONSUMER) timestamp=2552 ms, used_size=559104 bytes (1.4%)
(RDMA_READ_CONSUME_CHECK_CONSUMER) timestamp=2552 ms, used_size=557056 bytes (1.4%)
(RDMA_READ_CONSUME_CHECK_CONSUMER) timestamp=2552 ms, used_size=555008 bytes (1.4%)
(RDMA_READ_CONSUME_CHECK_CONSUMER) timestamp=2552 ms, used_size=552960 bytes (1.4%)
(RDMA_READ_CONSUME_CHECK_CONSUMER) timestamp=2552 ms, used_size=550912 bytes (1.3%)
(RDMA_READ_CONSUME_CHECK_CONSUMER) timestamp=2552 ms, used_size=548864 bytes (1.3%)
(RDMA_READ_CONSUME_CHECK_CONSUMER) timestamp=2552 ms, used_size=546816 bytes (1.3%)
(RDMA_READ_CONSUME_CHECK_CONSUMER) timestamp=2552 ms, used_size=544768 bytes (1.3%)
(RDMA_READ_CONSUME_CHECK_CONSUMER) timestamp=2552 ms, used_size=542720 bytes (1.3%)
(RDMA_READ_CONSUME_CHECK_CONSUMER) timestamp=2552 ms, used_size=540672 bytes (1.3%)
(RDMA_READ_CONSUME_CHECK_CONSUMER) timestamp=2552 ms, used_size=538624 bytes (1.3%)
(RDMA_READ_CONSUME_CHECK_CONSUMER) timestamp=2552 ms, used_size=536576 bytes (1.3%)
(RDMA_READ_CONSUME_CHECK_CONSUMER) timestamp=2552 ms, used_size=534528 bytes (1.3%)
(RDMA_READ_CONSUME_CHECK_CONSUMER) timestamp=2552 ms, used_size=532480 bytes (1.3%)
(RDMA_READ_CONSUME_CHECK_CONSUMER) timestamp=2552 ms, used_size=530432 bytes (1.3%)
(RDMA_READ_CONSUME_CHECK_CONSUMER) timestamp=2552 ms, used_size=528384 bytes (1.3%)
(RDMA_READ_CONSUME_CHECK_CONSUMER) timestamp=2552 ms, used_size=526336 bytes (1.3%)
(RDMA_READ_CONSUME_CHECK_CONSUMER) timestamp=2552 ms, used_size=524288 bytes (1.3%)
(RDMA_READ_CONSUME_CHECK_CONSUMER) timestamp=2552 ms, used_size=522240 bytes (1.3%)
(RDMA_READ_CONSUME_CHECK_CONSUMER) timestamp=2552 ms, used_size=520192 bytes (1.3%)
(RDMA_READ_CONSUME_CHECK_CONSUMER) timestamp=2552 ms, used_size=518144 bytes (1.3%)
(RDMA_READ_CONSUME_CHECK_CONSUMER) timestamp=2552 ms, used_size=516096 bytes (1.3%)
(RDMA_READ_CONSUME_CHECK_CONSUMER) timestamp=2552 ms, used_size=514048 bytes (1.3%)
(RDMA_READ_CONSUME_CHECK_CONSUMER) timestamp=2552 ms, used_size=512000 bytes (1.2%)
(RDMA_READ_CONSUME_CHECK_CONSUMER) timestamp=2552 ms, used_size=509952 bytes (1.2%)
(RDMA_READ_CONSUME_CHECK_CONSUMER) timestamp=2553 ms, used_size=507904 bytes (1.2%)
(RDMA_READ_CONSUME_CHECK_CONSUMER) timestamp=2553 ms, used_size=505856 bytes (1.2%)
(RDMA_READ_CONSUME_CHECK_CONSUMER) timestamp=2553 ms, used_size=503808 bytes (1.2%)
(RDMA_READ_CONSUME_CHECK_CONSUMER) timestamp=2553 ms, used_size=501760 bytes (1.2%)
(RDMA_READ_CONSUME_CHECK_CONSUMER) timestamp=2553 ms, used_size=499712 bytes (1.2%)
(RDMA_READ_CONSUME_CHECK_CONSUMER) timestamp=2553 ms, used_size=497664 bytes (1.2%)
(RDMA_READ_CONSUME_CHECK_CONSUMER) timestamp=2553 ms, used_size=495616 bytes (1.2%)
(RDMA_READ_CONSUME_CHECK_CONSUMER) timestamp=2553 ms, used_size=493568 bytes (1.2%)
(RDMA_READ_CONSUME_CHECK_CONSUMER) timestamp=2553 ms, used_size=491520 bytes (1.2%)
(RDMA_READ_CONSUME_CHECK_CONSUMER) timestamp=2553 ms, used_size=489472 bytes (1.2%)
(RDMA_READ_CONSUME_CHECK_CONSUMER) timestamp=2553 ms, used_size=487424 bytes (1.2%)
(RDMA_READ_CONSUME_CHECK_CONSUMER) timestamp=2553 ms, used_size=485376 bytes (1.2%)
(RDMA_READ_CONSUME_CHECK_CONSUMER) timestamp=2553 ms, used_size=483328 bytes (1.2%)
(RDMA_READ_CONSUME_CHECK_CONSUMER) timestamp=2553 ms, used_size=481280 bytes (1.2%)
(RDMA_READ_CONSUME_CHECK_CONSUMER) timestamp=2553 ms, used_size=479232 bytes (1.2%)
(RDMA_READ_CONSUME_CHECK_CONSUMER) timestamp=2553 ms, used_size=477184 bytes (1.2%)
(RDMA_READ_CONSUME_CHECK_CONSUMER) timestamp=2553 ms, used_size=475136 bytes (1.2%)
(RDMA_READ_CONSUME_CHECK_CONSUMER) timestamp=2553 ms, used_size=473088 bytes (1.2%)
(RDMA_READ_CONSUME_CHECK_CONSUMER) timestamp=2553 ms, used_size=471040 bytes (1.1%)
(RDMA_READ_CONSUME_CHECK_CONSUMER) timestamp=2553 ms, used_size=468992 bytes (1.1%)
(RDMA_READ_CONSUME_CHECK_CONSUMER) timestamp=2553 ms, used_size=466944 bytes (1.1%)
(RDMA_READ_CONSUME_CHECK_CONSUMER) timestamp=2553 ms, used_size=464896 bytes (1.1%)
(RDMA_READ_CONSUME_CHECK_CONSUMER) timestamp=2553 ms, used_size=462848 bytes (1.1%)
(RDMA_READ_CONSUME_CHECK_CONSUMER) timestamp=2553 ms, used_size=460800 bytes (1.1%)
(RDMA_READ_CONSUME_CHECK_CONSUMER) timestamp=2553 ms, used_size=458752 bytes (1.1%)
(RDMA_READ_CONSUME_CHECK_CONSUMER) timestamp=2553 ms, used_size=456704 bytes (1.1%)
(RDMA_READ_CONSUME_CHECK_CONSUMER) timestamp=2553 ms, used_size=454656 bytes (1.1%)
(RDMA_READ_CONSUME_CHECK_CONSUMER) timestamp=2553 ms, used_size=452608 bytes (1.1%)
(RDMA_READ_CONSUME_CHECK_CONSUMER) timestamp=2553 ms, used_size=450560 bytes (1.1%)
(RDMA_READ_CONSUME_CHECK_CONSUMER) timestamp=2553 ms, used_size=448512 bytes (1.1%)
(RDMA_READ_CONSUME_CHECK_CONSUMER) timestamp=2553 ms, used_size=446464 bytes (1.1%)
(RDMA_READ_CONSUME_CHECK_CONSUMER) timestamp=2553 ms, used_size=444416 bytes (1.1%)
(RDMA_READ_CONSUME_CHECK_CONSUMER) timestamp=2553 ms, used_size=442368 bytes (1.1%)
(RDMA_READ_CONSUME_CHECK_CONSUMER) timestamp=2553 ms, used_size=440320 bytes (1.1%)
(RDMA_READ_CONSUME_CHECK_CONSUMER) timestamp=2553 ms, used_size=438272 bytes (1.1%)
(RDMA_READ_CONSUME_CHECK_CONSUMER) timestamp=2553 ms, used_size=436224 bytes (1.1%)
(RDMA_READ_CONSUME_CHECK_CONSUMER) timestamp=2553 ms, used_size=434176 bytes (1.1%)
(RDMA_READ_CONSUME_CHECK_CONSUMER) timestamp=2553 ms, used_size=432128 bytes (1.1%)
(RDMA_READ_CONSUME_CHECK_CONSUMER) timestamp=2553 ms, used_size=430080 bytes (1.1%)
(RDMA_READ_CONSUME_CHECK_CONSUMER) timestamp=2553 ms, used_size=428032 bytes (1.0%)
(RDMA_READ_CONSUME_CHECK_CONSUMER) timestamp=2553 ms, used_size=425984 bytes (1.0%)
(RDMA_READ_CONSUME_CHECK_CONSUMER) timestamp=2553 ms, used_size=423936 bytes (1.0%)
(RDMA_READ_CONSUME_CHECK_CONSUMER) timestamp=2553 ms, used_size=421888 bytes (1.0%)
(RDMA_READ_CONSUME_CHECK_CONSUMER) timestamp=2553 ms, used_size=419840 bytes (1.0%)
(RDMA_READ_CONSUME_CHECK_CONSUMER) timestamp=2553 ms, used_size=417792 bytes (1.0%)
(RDMA_READ_CONSUME_CHECK_CONSUMER) timestamp=2553 ms, used_size=415744 bytes (1.0%)
(RDMA_READ_CONSUME_CHECK_CONSUMER) timestamp=2553 ms, used_size=413696 bytes (1.0%)
(RDMA_READ_CONSUME_CHECK_CONSUMER) timestamp=2553 ms, used_size=411648 bytes (1.0%)
(RDMA_READ_CONSUME_CHECK_CONSUMER) timestamp=2553 ms, used_size=409600 bytes (1.0%)
(RDMA_READ_CONSUME_CHECK_CONSUMER) timestamp=2553 ms, used_size=407552 bytes (1.0%)
(RDMA_READ_CONSUME_CHECK_CONSUMER) timestamp=2553 ms, used_size=405504 bytes (1.0%)
(RDMA_READ_CONSUME_CHECK_CONSUMER) timestamp=2553 ms, used_size=403456 bytes (1.0%)
(RDMA_READ_CONSUME_CHECK_CONSUMER) timestamp=2553 ms, used_size=401408 bytes (1.0%)
(RDMA_READ_CONSUME_CHECK_CONSUMER) timestamp=2553 ms, used_size=399360 bytes (1.0%)
(RDMA_READ_CONSUME_CHECK_CONSUMER) timestamp=2553 ms, used_size=397312 bytes (1.0%)
(RDMA_READ_CONSUME_CHECK_CONSUMER) timestamp=2553 ms, used_size=395264 bytes (1.0%)
(RDMA_READ_CONSUME_CHECK_CONSUMER) timestamp=2553 ms, used_size=393216 bytes (1.0%)
(RDMA_READ_CONSUME_CHECK_CONSUMER) timestamp=2553 ms, used_size=391168 bytes (1.0%)
(RDMA_READ_CONSUME_CHECK_CONSUMER) timestamp=2553 ms, used_size=389120 bytes (0.9%)
(RDMA_READ_CONSUME_CHECK_CONSUMER) timestamp=2553 ms, used_size=387072 bytes (0.9%)
(RDMA_READ_CONSUME_CHECK_CONSUMER) timestamp=2553 ms, used_size=385024 bytes (0.9%)
(RDMA_READ_CONSUME_CHECK_CONSUMER) timestamp=2553 ms, used_size=382976 bytes (0.9%)
(RDMA_READ_CONSUME_CHECK_CONSUMER) timestamp=2553 ms, used_size=380928 bytes (0.9%)
(RDMA_READ_CONSUME_CHECK_CONSUMER) timestamp=2553 ms, used_size=378880 bytes (0.9%)
(RDMA_READ_CONSUME_CHECK_CONSUMER) timestamp=2553 ms, used_size=376832 bytes (0.9%)
(RDMA_READ_CONSUME_CHECK_CONSUMER) timestamp=2553 ms, used_size=374784 bytes (0.9%)
(RDMA_READ_CONSUME_CHECK_CONSUMER) timestamp=2553 ms, used_size=372736 bytes (0.9%)
(RDMA_READ_CONSUME_CHECK_CONSUMER) timestamp=2553 ms, used_size=370688 bytes (0.9%)
(RDMA_READ_CONSUME_CHECK_CONSUMER) timestamp=2553 ms, used_size=368640 bytes (0.9%)
(RDMA_READ_CONSUME_CHECK_CONSUMER) timestamp=2553 ms, used_size=366592 bytes (0.9%)
(RDMA_READ_CONSUME_CHECK_CONSUMER) timestamp=2553 ms, used_size=364544 bytes (0.9%)
(RDMA_READ_CONSUME_CHECK_CONSUMER) timestamp=2553 ms, used_size=362496 bytes (0.9%)
(RDMA_READ_CONSUME_CHECK_CONSUMER) timestamp=2553 ms, used_size=360448 bytes (0.9%)
(RDMA_READ_CONSUME_CHECK_CONSUMER) timestamp=2553 ms, used_size=358400 bytes (0.9%)
(RDMA_READ_CONSUME_CHECK_CONSUMER) timestamp=2553 ms, used_size=356352 bytes (0.9%)
(RDMA_READ_CONSUME_CHECK_CONSUMER) timestamp=2553 ms, used_size=354304 bytes (0.9%)
(RDMA_READ_CONSUME_CHECK_CONSUMER) timestamp=2553 ms, used_size=352256 bytes (0.9%)
(RDMA_READ_CONSUME_CHECK_CONSUMER) timestamp=2553 ms, used_size=350208 bytes (0.9%)
(RDMA_READ_CONSUME_CHECK_CONSUMER) timestamp=2553 ms, used_size=348160 bytes (0.8%)
(RDMA_READ_CONSUME_CHECK_CONSUMER) timestamp=2553 ms, used_size=346112 bytes (0.8%)
(RDMA_READ_CONSUME_CHECK_CONSUMER) timestamp=2553 ms, used_size=344064 bytes (0.8%)
(RDMA_READ_CONSUME_CHECK_CONSUMER) timestamp=2553 ms, used_size=342016 bytes (0.8%)
(RDMA_READ_CONSUME_CHECK_CONSUMER) timestamp=2553 ms, used_size=339968 bytes (0.8%)
(RDMA_READ_CONSUME_CHECK_CONSUMER) timestamp=2553 ms, used_size=337920 bytes (0.8%)
(RDMA_READ_CONSUME_CHECK_CONSUMER) timestamp=2553 ms, used_size=335872 bytes (0.8%)
(RDMA_READ_CONSUME_CHECK_CONSUMER) timestamp=2553 ms, used_size=333824 bytes (0.8%)
(RDMA_READ_CONSUME_CHECK_CONSUMER) timestamp=2553 ms, used_size=331776 bytes (0.8%)
(RDMA_READ_CONSUME_CHECK_CONSUMER) timestamp=2553 ms, used_size=329728 bytes (0.8%)
(RDMA_READ_CONSUME_CHECK_CONSUMER) timestamp=2553 ms, used_size=327680 bytes (0.8%)
(RDMA_READ_CONSUME_CHECK_CONSUMER) timestamp=2553 ms, used_size=325632 bytes (0.8%)
(RDMA_READ_CONSUME_CHECK_CONSUMER) timestamp=2553 ms, used_size=323584 bytes (0.8%)
(RDMA_READ_CONSUME_CHECK_CONSUMER) timestamp=2553 ms, used_size=321536 bytes (0.8%)
(RDMA_READ_CONSUME_CHECK_CONSUMER) timestamp=2553 ms, used_size=319488 bytes (0.8%)
(RDMA_READ_CONSUME_CHECK_CONSUMER) timestamp=2553 ms, used_size=317440 bytes (0.8%)
(RDMA_READ_CONSUME_CHECK_CONSUMER) timestamp=2553 ms, used_size=315392 bytes (0.8%)
(RDMA_READ_CONSUME_CHECK_CONSUMER) timestamp=2553 ms, used_size=313344 bytes (0.8%)
(RDMA_READ_CONSUME_CHECK_CONSUMER) timestamp=2553 ms, used_size=311296 bytes (0.8%)
(RDMA_READ_CONSUME_CHECK_CONSUMER) timestamp=2553 ms, used_size=309248 bytes (0.8%)
(RDMA_READ_CONSUME_CHECK_CONSUMER) timestamp=2553 ms, used_size=307200 bytes (0.8%)
(RDMA_READ_CONSUME_CHECK_CONSUMER) timestamp=2553 ms, used_size=305152 bytes (0.7%)
(RDMA_READ_CONSUME_CHECK_CONSUMER) timestamp=2553 ms, used_size=303104 bytes (0.7%)
(RDMA_READ_CONSUME_CHECK_CONSUMER) timestamp=2553 ms, used_size=301056 bytes (0.7%)
(RDMA_READ_CONSUME_CHECK_CONSUMER) timestamp=2553 ms, used_size=299008 bytes (0.7%)
(RDMA_READ_CONSUME_CHECK_CONSUMER) timestamp=2553 ms, used_size=296960 bytes (0.7%)
(RDMA_READ_CONSUME_CHECK_CONSUMER) timestamp=2553 ms, used_size=294912 bytes (0.7%)
(RDMA_READ_CONSUME_CHECK_CONSUMER) timestamp=2553 ms, used_size=292864 bytes (0.7%)
(RDMA_READ_CONSUME_CHECK_CONSUMER) timestamp=2553 ms, used_size=290816 bytes (0.7%)
(RDMA_READ_CONSUME_CHECK_CONSUMER) timestamp=2553 ms, used_size=288768 bytes (0.7%)
(RDMA_READ_CONSUME_CHECK_CONSUMER) timestamp=2553 ms, used_size=286720 bytes (0.7%)
(RDMA_READ_CONSUME_CHECK_CONSUMER) timestamp=2553 ms, used_size=284672 bytes (0.7%)
(RDMA_READ_CONSUME_CHECK_CONSUMER) timestamp=2553 ms, used_size=282624 bytes (0.7%)
(RDMA_READ_CONSUME_CHECK_CONSUMER) timestamp=2553 ms, used_size=280576 bytes (0.7%)
(RDMA_READ_CONSUME_CHECK_CONSUMER) timestamp=2553 ms, used_size=278528 bytes (0.7%)
(RDMA_READ_CONSUME_CHECK_CONSUMER) timestamp=2553 ms, used_size=276480 bytes (0.7%)
(RDMA_READ_CONSUME_CHECK_CONSUMER) timestamp=2553 ms, used_size=274432 bytes (0.7%)
(RDMA_READ_CONSUME_CHECK_CONSUMER) timestamp=2553 ms, used_size=272384 bytes (0.7%)
(RDMA_READ_CONSUME_CHECK_CONSUMER) timestamp=2553 ms, used_size=270336 bytes (0.7%)
(RDMA_READ_CONSUME_CHECK_CONSUMER) timestamp=2553 ms, used_size=268288 bytes (0.7%)
(RDMA_READ_CONSUME_CHECK_CONSUMER) timestamp=2553 ms, used_size=266240 bytes (0.7%)
(RDMA_READ_CONSUME_CHECK_CONSUMER) timestamp=2553 ms, used_size=264192 bytes (0.6%)
(RDMA_READ_CONSUME_CHECK_CONSUMER) timestamp=2553 ms, used_size=262144 bytes (0.6%)
(RDMA_READ_CONSUME_CHECK_CONSUMER) timestamp=2553 ms, used_size=260096 bytes (0.6%)
(RDMA_READ_CONSUME_CHECK_CONSUMER) timestamp=2553 ms, used_size=258048 bytes (0.6%)
(RDMA_READ_CONSUME_CHECK_CONSUMER) timestamp=2553 ms, used_size=256000 bytes (0.6%)
(RDMA_READ_CONSUME_CHECK_CONSUMER) timestamp=2553 ms, used_size=253952 bytes (0.6%)
(RDMA_READ_CONSUME_CHECK_CONSUMER) timestamp=2553 ms, used_size=251904 bytes (0.6%)
(RDMA_READ_CONSUME_CHECK_CONSUMER) timestamp=2553 ms, used_size=249856 bytes (0.6%)
(RDMA_READ_CONSUME_CHECK_CONSUMER) timestamp=2553 ms, used_size=247808 bytes (0.6%)
(RDMA_READ_CONSUME_CHECK_CONSUMER) timestamp=2553 ms, used_size=245760 bytes (0.6%)
(RDMA_READ_CONSUME_CHECK_CONSUMER) timestamp=2553 ms, used_size=243712 bytes (0.6%)
(RDMA_READ_CONSUME_CHECK_CONSUMER) timestamp=2553 ms, used_size=241664 bytes (0.6%)
(RDMA_READ_CONSUME_CHECK_CONSUMER) timestamp=2553 ms, used_size=239616 bytes (0.6%)
(RDMA_READ_CONSUME_CHECK_CONSUMER) timestamp=2553 ms, used_size=237568 bytes (0.6%)
(RDMA_READ_CONSUME_CHECK_CONSUMER) timestamp=2553 ms, used_size=235520 bytes (0.6%)
(RDMA_READ_CONSUME_CHECK_CONSUMER) timestamp=2553 ms, used_size=233472 bytes (0.6%)
(RDMA_READ_CONSUME_CHECK_CONSUMER) timestamp=2553 ms, used_size=231424 bytes (0.6%)
(RDMA_READ_CONSUME_CHECK_CONSUMER) timestamp=2553 ms, used_size=229376 bytes (0.6%)
(RDMA_READ_CONSUME_CHECK_CONSUMER) timestamp=2553 ms, used_size=227328 bytes (0.6%)
(RDMA_READ_CONSUME_CHECK_CONSUMER) timestamp=2553 ms, used_size=225280 bytes (0.6%)
(RDMA_READ_CONSUME_CHECK_CONSUMER) timestamp=2553 ms, used_size=223232 bytes (0.5%)
(RDMA_READ_CONSUME_CHECK_CONSUMER) timestamp=2553 ms, used_size=221184 bytes (0.5%)
(RDMA_READ_CONSUME_CHECK_CONSUMER) timestamp=2553 ms, used_size=219136 bytes (0.5%)
(RDMA_READ_CONSUME_CHECK_CONSUMER) timestamp=2553 ms, used_size=217088 bytes (0.5%)
(RDMA_READ_CONSUME_CHECK_CONSUMER) timestamp=2553 ms, used_size=215040 bytes (0.5%)
(RDMA_READ_CONSUME_CHECK_CONSUMER) timestamp=2553 ms, used_size=212992 bytes (0.5%)
(RDMA_READ_CONSUME_CHECK_CONSUMER) timestamp=2553 ms, used_size=210944 bytes (0.5%)
(RDMA_READ_CONSUME_CHECK_CONSUMER) timestamp=2553 ms, used_size=208896 bytes (0.5%)
(RDMA_READ_CONSUME_CHECK_CONSUMER) timestamp=2553 ms, used_size=206848 bytes (0.5%)
(RDMA_READ_CONSUME_CHECK_CONSUMER) timestamp=2553 ms, used_size=204800 bytes (0.5%)
(RDMA_READ_CONSUME_CHECK_CONSUMER) timestamp=2553 ms, used_size=202752 bytes (0.5%)
(RDMA_READ_CONSUME_CHECK_CONSUMER) timestamp=2553 ms, used_size=200704 bytes (0.5%)
(RDMA_READ_CONSUME_CHECK_CONSUMER) timestamp=2553 ms, used_size=198656 bytes (0.5%)
(RDMA_READ_CONSUME_CHECK_CONSUMER) timestamp=2553 ms, used_size=196608 bytes (0.5%)
(RDMA_READ_CONSUME_CHECK_CONSUMER) timestamp=2553 ms, used_size=194560 bytes (0.5%)
(RDMA_READ_CONSUME_CHECK_CONSUMER) timestamp=2553 ms, used_size=192512 bytes (0.5%)
(RDMA_READ_CONSUME_CHECK_CONSUMER) timestamp=2553 ms, used_size=190464 bytes (0.5%)
(RDMA_READ_CONSUME_CHECK_CONSUMER) timestamp=2553 ms, used_size=188416 bytes (0.5%)
(RDMA_READ_CONSUME_CHECK_CONSUMER) timestamp=2553 ms, used_size=186368 bytes (0.5%)
(RDMA_READ_CONSUME_CHECK_CONSUMER) timestamp=2553 ms, used_size=184320 bytes (0.5%)
(RDMA_READ_CONSUME_CHECK_CONSUMER) timestamp=2553 ms, used_size=182272 bytes (0.4%)
(RDMA_READ_CONSUME_CHECK_CONSUMER) timestamp=2553 ms, used_size=180224 bytes (0.4%)
(RDMA_READ_CONSUME_CHECK_CONSUMER) timestamp=2553 ms, used_size=178176 bytes (0.4%)
(RDMA_READ_CONSUME_CHECK_CONSUMER) timestamp=2553 ms, used_size=176128 bytes (0.4%)
(RDMA_READ_CONSUME_CHECK_CONSUMER) timestamp=2553 ms, used_size=174080 bytes (0.4%)
(RDMA_READ_CONSUME_CHECK_CONSUMER) timestamp=2553 ms, used_size=172032 bytes (0.4%)
(RDMA_READ_CONSUME_CHECK_CONSUMER) timestamp=2553 ms, used_size=169984 bytes (0.4%)
(RDMA_READ_CONSUME_CHECK_CONSUMER) timestamp=2553 ms, used_size=167936 bytes (0.4%)
(RDMA_READ_CONSUME_CHECK_CONSUMER) timestamp=2553 ms, used_size=165888 bytes (0.4%)
(RDMA_READ_CONSUME_CHECK_CONSUMER) timestamp=2553 ms, used_size=163840 bytes (0.4%)
(RDMA_READ_CONSUME_CHECK_CONSUMER) timestamp=2553 ms, used_size=161792 bytes (0.4%)
(RDMA_READ_CONSUME_CHECK_CONSUMER) timestamp=2553 ms, used_size=159744 bytes (0.4%)
(RDMA_READ_CONSUME_CHECK_CONSUMER) timestamp=2553 ms, used_size=157696 bytes (0.4%)
(RDMA_READ_CONSUME_CHECK_CONSUMER) timestamp=2553 ms, used_size=155648 bytes (0.4%)
(RDMA_READ_CONSUME_CHECK_CONSUMER) timestamp=2553 ms, used_size=153600 bytes (0.4%)
(RDMA_READ_CONSUME_CHECK_CONSUMER) timestamp=2553 ms, used_size=151552 bytes (0.4%)
(RDMA_READ_CONSUME_CHECK_CONSUMER) timestamp=2553 ms, used_size=149504 bytes (0.4%)
(RDMA_READ_CONSUME_CHECK_CONSUMER) timestamp=2554 ms, used_size=147456 bytes (0.4%)
(RDMA_READ_CONSUME_CHECK_CONSUMER) timestamp=2554 ms, used_size=145408 bytes (0.4%)
(RDMA_READ_CONSUME_CHECK_CONSUMER) timestamp=2554 ms, used_size=143360 bytes (0.3%)
(RDMA_READ_CONSUME_CHECK_CONSUMER) timestamp=2554 ms, used_size=141312 bytes (0.3%)
(RDMA_READ_CONSUME_CHECK_CONSUMER) timestamp=2554 ms, used_size=139264 bytes (0.3%)
(RDMA_READ_CONSUME_CHECK_CONSUMER) timestamp=2554 ms, used_size=137216 bytes (0.3%)
(RDMA_READ_CONSUME_CHECK_CONSUMER) timestamp=2554 ms, used_size=135168 bytes (0.3%)
(RDMA_READ_CONSUME_CHECK_CONSUMER) timestamp=2554 ms, used_size=133120 bytes (0.3%)
(RDMA_READ_CONSUME_CHECK_CONSUMER) timestamp=2554 ms, used_size=131072 bytes (0.3%)
(RDMA_READ_CONSUME_CHECK_CONSUMER) timestamp=2554 ms, used_size=129024 bytes (0.3%)
(RDMA_READ_CONSUME_CHECK_CONSUMER) timestamp=2554 ms, used_size=126976 bytes (0.3%)
(RDMA_READ_CONSUME_CHECK_CONSUMER) timestamp=2554 ms, used_size=124928 bytes (0.3%)
(RDMA_READ_CONSUME_CHECK_CONSUMER) timestamp=2554 ms, used_size=122880 bytes (0.3%)
(RDMA_READ_CONSUME_CHECK_CONSUMER) timestamp=2554 ms, used_size=120832 bytes (0.3%)
(RDMA_READ_CONSUME_CHECK_CONSUMER) timestamp=2554 ms, used_size=118784 bytes (0.3%)
(RDMA_READ_CONSUME_CHECK_CONSUMER) timestamp=2554 ms, used_size=116736 bytes (0.3%)
(RDMA_READ_CONSUME_CHECK_CONSUMER) timestamp=2554 ms, used_size=114688 bytes (0.3%)
(RDMA_READ_CONSUME_CHECK_CONSUMER) timestamp=2554 ms, used_size=112640 bytes (0.3%)
(RDMA_READ_CONSUME_CHECK_CONSUMER) timestamp=2554 ms, used_size=110592 bytes (0.3%)
(RDMA_READ_CONSUME_CHECK_CONSUMER) timestamp=2554 ms, used_size=108544 bytes (0.3%)
(RDMA_READ_CONSUME_CHECK_CONSUMER) timestamp=2554 ms, used_size=106496 bytes (0.3%)
(RDMA_READ_CONSUME_CHECK_CONSUMER) timestamp=2554 ms, used_size=104448 bytes (0.3%)
(RDMA_READ_CONSUME_CHECK_CONSUMER) timestamp=2554 ms, used_size=102400 bytes (0.2%)
(RDMA_READ_CONSUME_CHECK_CONSUMER) timestamp=2554 ms, used_size=100352 bytes (0.2%)
(RDMA_READ_CONSUME_CHECK_CONSUMER) timestamp=2554 ms, used_size=98304 bytes (0.2%)
(RDMA_READ_CONSUME_CHECK_CONSUMER) timestamp=2554 ms, used_size=96256 bytes (0.2%)
(RDMA_READ_CONSUME_CHECK_CONSUMER) timestamp=2554 ms, used_size=94208 bytes (0.2%)
(RDMA_READ_CONSUME_CHECK_CONSUMER) timestamp=2554 ms, used_size=92160 bytes (0.2%)
(RDMA_READ_CONSUME_CHECK_CONSUMER) timestamp=2554 ms, used_size=90112 bytes (0.2%)
(RDMA_READ_CONSUME_CHECK_CONSUMER) timestamp=2554 ms, used_size=88064 bytes (0.2%)
(RDMA_READ_CONSUME_CHECK_CONSUMER) timestamp=2554 ms, used_size=86016 bytes (0.2%)
(RDMA_READ_CONSUME_CHECK_CONSUMER) timestamp=2554 ms, used_size=83968 bytes (0.2%)
(RDMA_READ_CONSUME_CHECK_CONSUMER) timestamp=2554 ms, used_size=81920 bytes (0.2%)
(RDMA_READ_CONSUME_CHECK_CONSUMER) timestamp=2554 ms, used_size=79872 bytes (0.2%)
(RDMA_READ_CONSUME_CHECK_CONSUMER) timestamp=2554 ms, used_size=77824 bytes (0.2%)
(RDMA_READ_CONSUME_CHECK_CONSUMER) timestamp=2554 ms, used_size=75776 bytes (0.2%)
(RDMA_READ_CONSUME_CHECK_CONSUMER) timestamp=2554 ms, used_size=73728 bytes (0.2%)
(RDMA_READ_CONSUME_CHECK_CONSUMER) timestamp=2554 ms, used_size=71680 bytes (0.2%)
(RDMA_READ_CONSUME_CHECK_CONSUMER) timestamp=2554 ms, used_size=69632 bytes (0.2%)
(RDMA_READ_CONSUME_CHECK_CONSUMER) timestamp=2554 ms, used_size=67584 bytes (0.2%)
(RDMA_READ_CONSUME_CHECK_CONSUMER) timestamp=2554 ms, used_size=65536 bytes (0.2%)
(RDMA_READ_CONSUME_CHECK_CONSUMER) timestamp=2554 ms, used_size=63488 bytes (0.2%)
(RDMA_READ_CONSUME_CHECK_CONSUMER) timestamp=2554 ms, used_size=61440 bytes (0.1%)
(RDMA_READ_CONSUME_CHECK_CONSUMER) timestamp=2554 ms, used_size=59392 bytes (0.1%)
(RDMA_READ_CONSUME_CHECK_CONSUMER) timestamp=2554 ms, used_size=57344 bytes (0.1%)
(RDMA_READ_CONSUME_CHECK_CONSUMER) timestamp=2554 ms, used_size=55296 bytes (0.1%)
(RDMA_READ_CONSUME_CHECK_CONSUMER) timestamp=2554 ms, used_size=53248 bytes (0.1%)
(RDMA_READ_CONSUME_CHECK_CONSUMER) timestamp=2554 ms, used_size=51200 bytes (0.1%)
(RDMA_READ_CONSUME_CHECK_CONSUMER) timestamp=2554 ms, used_size=49152 bytes (0.1%)
(RDMA_READ_CONSUME_CHECK_CONSUMER) timestamp=2554 ms, used_size=47104 bytes (0.1%)
(RDMA_READ_CONSUME_CHECK_CONSUMER) timestamp=2554 ms, used_size=45056 bytes (0.1%)
(RDMA_READ_CONSUME_CHECK_CONSUMER) timestamp=2554 ms, used_size=43008 bytes (0.1%)
(RDMA_READ_CONSUME_CHECK_CONSUMER) timestamp=2554 ms, used_size=40960 bytes (0.1%)
(RDMA_READ_CONSUME_CHECK_CONSUMER) timestamp=2554 ms, used_size=38912 bytes (0.1%)
(RDMA_READ_CONSUME_CHECK_CONSUMER) timestamp=2554 ms, used_size=36864 bytes (0.1%)
(RDMA_READ_CONSUME_CHECK_CONSUMER) timestamp=2554 ms, used_size=34816 bytes (0.1%)
(RDMA_READ_CONSUME_CHECK_CONSUMER) timestamp=2554 ms, used_size=32768 bytes (0.1%)
(RDMA_READ_CONSUME_CHECK_CONSUMER) timestamp=2554 ms, used_size=30720 bytes (0.1%)
(RDMA_READ_CONSUME_CHECK_CONSUMER) timestamp=2554 ms, used_size=28672 bytes (0.1%)
(RDMA_READ_CONSUME_CHECK_CONSUMER) timestamp=2554 ms, used_size=26624 bytes (0.1%)
(RDMA_READ_CONSUME_CHECK_CONSUMER) timestamp=2554 ms, used_size=24576 bytes (0.1%)
(RDMA_READ_CONSUME_CHECK_CONSUMER) timestamp=2554 ms, used_size=22528 bytes (0.1%)
(RDMA_READ_CONSUME_CHECK_CONSUMER) timestamp=2554 ms, used_size=20480 bytes (0.1%)
(RDMA_READ_CONSUME_CHECK_CONSUMER) timestamp=2554 ms, used_size=18432 bytes (0.0%)
(RDMA_READ_CONSUME_CHECK_CONSUMER) timestamp=2554 ms, used_size=16384 bytes (0.0%)
(RDMA_READ_CONSUME_CHECK_CONSUMER) timestamp=2554 ms, used_size=14336 bytes (0.0%)
(RDMA_READ_CONSUME_CHECK_CONSUMER) timestamp=2554 ms, used_size=12288 bytes (0.0%)
(RDMA_READ_CONSUME_CHECK_CONSUMER) timestamp=2554 ms, used_size=10240 bytes (0.0%)
(RDMA_READ_CONSUME_CHECK_CONSUMER) timestamp=2554 ms, used_size=8192 bytes (0.0%)
(RDMA_READ_CONSUME_CHECK_CONSUMER) timestamp=2554 ms, used_size=6144 bytes (0.0%)
(RDMA_READ_CONSUME_CHECK_CONSUMER) timestamp=2554 ms, used_size=4096 bytes (0.0%)
(RDMA_READ_CONSUME_CHECK_CONSUMER) timestamp=2554 ms, used_size=2048 bytes (0.0%)
(RDMA_READ_CONSUME_CHECK_CONSUMER) timestamp=2554 ms, used_size=0 bytes (0.0%)
(RDMA_READ_CONSUME_CHECK) Cycle 3, Batch 0: CRC32 OK (0xbeaa30f3), 8192 messages verified
(RDMA_READ_CONSUME_CHECK_CONSUMER) timestamp=2554 ms, used_size=16775168 bytes (41.0%)
(RDMA_READ_CONSUME_CHECK_CONSUMER) timestamp=2935 ms, used_size=16773120 bytes (41.0%)
(RDMA_READ_CONSUME_CHECK_CONSUMER) timestamp=2935 ms, used_size=16771072 bytes (40.9%)
(RDMA_READ_CONSUME_CHECK_CONSUMER) timestamp=2935 ms, used_size=16769024 bytes (40.9%)
(RDMA_READ_CONSUME_CHECK_CONSUMER) timestamp=2935 ms, used_size=16766976 bytes (40.9%)
(RDMA_READ_CONSUME_CHECK_CONSUMER) timestamp=2935 ms, used_size=16764928 bytes (40.9%)
(RDMA_READ_CONSUME_CHECK_CONSUMER) timestamp=2935 ms, used_size=16762880 bytes (40.9%)
(RDMA_READ_CONSUME_CHECK_CONSUMER) timestamp=2935 ms, used_size=16760832 bytes (40.9%)
(RDMA_READ_CONSUME_CHECK_CONSUMER) timestamp=2935 ms, used_size=16758784 bytes (40.9%)
(RDMA_READ_CONSUME_CHECK_CONSUMER) timestamp=2935 ms, used_size=16756736 bytes (40.9%)
(RDMA_READ_CONSUME_CHECK_CONSUMER) timestamp=2935 ms, used_size=16754688 bytes (40.9%)
(RDMA_READ_CONSUME_CHECK_CONSUMER) timestamp=2935 ms, used_size=16752640 bytes (40.9%)
(RDMA_READ_CONSUME_CHECK_CONSUMER) timestamp=2935 ms, used_size=16750592 bytes (40.9%)
(RDMA_READ_CONSUME_CHECK_CONSUMER) timestamp=2935 ms, used_size=16748544 bytes (40.9%)
(RDMA_READ_CONSUME_CHECK_CONSUMER) timestamp=2935 ms, used_size=16746496 bytes (40.9%)
(RDMA_READ_CONSUME_CHECK_CONSUMER) timestamp=2935 ms, used_size=16744448 bytes (40.9%)
(RDMA_READ_CONSUME_CHECK_CONSUMER) timestamp=2935 ms, used_size=16742400 bytes (40.9%)
(RDMA_READ_CONSUME_CHECK_CONSUMER) timestamp=2935 ms, used_size=16740352 bytes (40.9%)
(RDMA_READ_CONSUME_CHECK_CONSUMER) timestamp=2935 ms, used_size=16738304 bytes (40.9%)
(RDMA_READ_CONSUME_CHECK_CONSUMER) timestamp=2935 ms, used_size=16736256 bytes (40.9%)
(RDMA_READ_CONSUME_CHECK_CONSUMER) timestamp=2935 ms, used_size=16734208 bytes (40.9%)
(RDMA_READ_CONSUME_CHECK_CONSUMER) timestamp=2935 ms, used_size=16732160 bytes (40.9%)
(RDMA_READ_CONSUME_CHECK_CONSUMER) timestamp=2935 ms, used_size=16730112 bytes (40.8%)
(RDMA_READ_CONSUME_CHECK_CONSUMER) timestamp=2935 ms, used_size=16728064 bytes (40.8%)
(RDMA_READ_CONSUME_CHECK_CONSUMER) timestamp=2935 ms, used_size=16726016 bytes (40.8%)
(RDMA_READ_CONSUME_CHECK_CONSUMER) timestamp=2935 ms, used_size=16723968 bytes (40.8%)
(RDMA_READ_CONSUME_CHECK_CONSUMER) timestamp=2935 ms, used_size=16721920 bytes (40.8%)
(RDMA_READ_CONSUME_CHECK_CONSUMER) timestamp=2935 ms, used_size=16719872 bytes (40.8%)
(RDMA_READ_CONSUME_CHECK_CONSUMER) timestamp=2935 ms, used_size=16717824 bytes (40.8%)
(RDMA_READ_CONSUME_CHECK_CONSUMER) timestamp=2935 ms, used_size=16715776 bytes (40.8%)
(RDMA_READ_CONSUME_CHECK_CONSUMER) timestamp=2935 ms, used_size=16713728 bytes (40.8%)
(RDMA_READ_CONSUME_CHECK_CONSUMER) timestamp=2935 ms, used_size=16711680 bytes (40.8%)
(RDMA_READ_CONSUME_CHECK_CONSUMER) timestamp=2935 ms, used_size=16709632 bytes (40.8%)
(RDMA_READ_CONSUME_CHECK_CONSUMER) timestamp=2935 ms, used_size=16707584 bytes (40.8%)
(RDMA_READ_CONSUME_CHECK_CONSUMER) timestamp=2935 ms, used_size=16705536 bytes (40.8%)
(RDMA_READ_CONSUME_CHECK_CONSUMER) timestamp=2935 ms, used_size=16703488 bytes (40.8%)
(RDMA_READ_CONSUME_CHECK_CONSUMER) timestamp=2935 ms, used_size=16701440 bytes (40.8%)
(RDMA_READ_CONSUME_CHECK_CONSUMER) timestamp=2935 ms, used_size=16699392 bytes (40.8%)
(RDMA_READ_CONSUME_CHECK_CONSUMER) timestamp=2935 ms, used_size=16697344 bytes (40.8%)
(RDMA_READ_CONSUME_CHECK_CONSUMER) timestamp=2935 ms, used_size=16695296 bytes (40.8%)
(RDMA_READ_CONSUME_CHECK_CONSUMER) timestamp=2935 ms, used_size=16693248 bytes (40.8%)
(RDMA_READ_CONSUME_CHECK_CONSUMER) timestamp=2935 ms, used_size=16691200 bytes (40.8%)
(RDMA_READ_CONSUME_CHECK_CONSUMER) timestamp=2935 ms, used_size=16689152 bytes (40.7%)
(RDMA_READ_CONSUME_CHECK_CONSUMER) timestamp=2935 ms, used_size=16687104 bytes (40.7%)
(RDMA_READ_CONSUME_CHECK_CONSUMER) timestamp=2935 ms, used_size=16685056 bytes (40.7%)
(RDMA_READ_CONSUME_CHECK_CONSUMER) timestamp=2935 ms, used_size=16683008 bytes (40.7%)
(RDMA_READ_CONSUME_CHECK_CONSUMER) timestamp=2935 ms, used_size=16680960 bytes (40.7%)
(RDMA_READ_CONSUME_CHECK_CONSUMER) timestamp=2935 ms, used_size=16678912 bytes (40.7%)
(RDMA_READ_CONSUME_CHECK_CONSUMER) timestamp=2935 ms, used_size=16676864 bytes (40.7%)
(RDMA_READ_CONSUME_CHECK_CONSUMER) timestamp=2935 ms, used_size=16674816 bytes (40.7%)
(RDMA_READ_CONSUME_CHECK_CONSUMER) timestamp=2935 ms, used_size=16672768 bytes (40.7%)
(RDMA_READ_CONSUME_CHECK_CONSUMER) timestamp=2935 ms, used_size=16670720 bytes (40.7%)
(RDMA_READ_CONSUME_CHECK_CONSUMER) timestamp=2935 ms, used_size=16668672 bytes (40.7%)
(RDMA_READ_CONSUME_CHECK_CONSUMER) timestamp=2935 ms, used_size=16666624 bytes (40.7%)
(RDMA_READ_CONSUME_CHECK_CONSUMER) timestamp=2935 ms, used_size=16664576 bytes (40.7%)
(RDMA_READ_CONSUME_CHECK_CONSUMER) timestamp=2935 ms, used_size=16662528 bytes (40.7%)
(RDMA_READ_CONSUME_CHECK_CONSUMER) timestamp=2935 ms, used_size=16660480 bytes (40.7%)
(RDMA_READ_CONSUME_CHECK_CONSUMER) timestamp=2935 ms, used_size=16658432 bytes (40.7%)
(RDMA_READ_CONSUME_CHECK_CONSUMER) timestamp=2935 ms, used_size=16656384 bytes (40.7%)
(RDMA_READ_CONSUME_CHECK_CONSUMER) timestamp=2935 ms, used_size=16654336 bytes (40.7%)
(RDMA_READ_CONSUME_CHECK_CONSUMER) timestamp=2935 ms, used_size=16652288 bytes (40.7%)
(RDMA_READ_CONSUME_CHECK_CONSUMER) timestamp=2935 ms, used_size=16650240 bytes (40.6%)
(RDMA_READ_CONSUME_CHECK_CONSUMER) timestamp=2935 ms, used_size=16648192 bytes (40.6%)
(RDMA_READ_CONSUME_CHECK_CONSUMER) timestamp=2935 ms, used_size=16646144 bytes (40.6%)
(RDMA_READ_CONSUME_CHECK_CONSUMER) timestamp=2935 ms, used_size=16644096 bytes (40.6%)
(RDMA_READ_CONSUME_CHECK_CONSUMER) timestamp=2935 ms, used_size=16642048 bytes (40.6%)
(RDMA_READ_CONSUME_CHECK_CONSUMER) timestamp=2935 ms, used_size=16640000 bytes (40.6%)
(RDMA_READ_CONSUME_CHECK_CONSUMER) timestamp=2935 ms, used_size=16637952 bytes (40.6%)
(RDMA_READ_CONSUME_CHECK_CONSUMER) timestamp=2935 ms, used_size=16635904 bytes (40.6%)
(RDMA_READ_CONSUME_CHECK_CONSUMER) timestamp=2935 ms, used_size=16633856 bytes (40.6%)
(RDMA_READ_CONSUME_CHECK_CONSUMER) timestamp=2935 ms, used_size=16631808 bytes (40.6%)
(RDMA_READ_CONSUME_CHECK_CONSUMER) timestamp=2935 ms, used_size=16629760 bytes (40.6%)
(RDMA_READ_CONSUME_CHECK_CONSUMER) timestamp=2935 ms, used_size=16627712 bytes (40.6%)
(RDMA_READ_CONSUME_CHECK_CONSUMER) timestamp=2935 ms, used_size=16625664 bytes (40.6%)
(RDMA_READ_CONSUME_CHECK_CONSUMER) timestamp=2935 ms, used_size=16623616 bytes (40.6%)
(RDMA_READ_CONSUME_CHECK_CONSUMER) timestamp=2935 ms, used_size=16621568 bytes (40.6%)
(RDMA_READ_CONSUME_CHECK_CONSUMER) timestamp=2935 ms, used_size=16619520 bytes (40.6%)
(RDMA_READ_CONSUME_CHECK_CONSUMER) timestamp=2935 ms, used_size=16617472 bytes (40.6%)
(RDMA_READ_CONSUME_CHECK_CONSUMER) timestamp=2935 ms, used_size=16615424 bytes (40.6%)
(RDMA_READ_CONSUME_CHECK_CONSUMER) timestamp=2935 ms, used_size=16613376 bytes (40.6%)
(RDMA_READ_CONSUME_CHECK_CONSUMER) timestamp=2935 ms, used_size=16611328 bytes (40.6%)
(RDMA_READ_CONSUME_CHECK_CONSUMER) timestamp=2935 ms, used_size=16609280 bytes (40.5%)
(RDMA_READ_CONSUME_CHECK_CONSUMER) timestamp=2935 ms, used_size=16607232 bytes (40.5%)
(RDMA_READ_CONSUME_CHECK_CONSUMER) timestamp=2935 ms, used_size=16605184 bytes (40.5%)
(RDMA_READ_CONSUME_CHECK_CONSUMER) timestamp=2935 ms, used_size=16603136 bytes (40.5%)
(RDMA_READ_CONSUME_CHECK_CONSUMER) timestamp=2935 ms, used_size=16601088 bytes (40.5%)
(RDMA_READ_CONSUME_CHECK_CONSUMER) timestamp=2935 ms, used_size=16599040 bytes (40.5%)
(RDMA_READ_CONSUME_CHECK_CONSUMER) timestamp=2935 ms, used_size=16596992 bytes (40.5%)
(RDMA_READ_CONSUME_CHECK_CONSUMER) timestamp=2935 ms, used_size=16594944 bytes (40.5%)
(RDMA_READ_CONSUME_CHECK_CONSUMER) timestamp=2935 ms, used_size=16592896 bytes (40.5%)
(RDMA_READ_CONSUME_CHECK_CONSUMER) timestamp=2935 ms, used_size=16590848 bytes (40.5%)
(RDMA_READ_CONSUME_CHECK_CONSUMER) timestamp=2935 ms, used_size=16588800 bytes (40.5%)
(RDMA_READ_CONSUME_CHECK_CONSUMER) timestamp=2935 ms, used_size=16586752 bytes (40.5%)
(RDMA_READ_CONSUME_CHECK_CONSUMER) timestamp=2935 ms, used_size=16584704 bytes (40.5%)
(RDMA_READ_CONSUME_CHECK_CONSUMER) timestamp=2935 ms, used_size=16582656 bytes (40.5%)
(RDMA_READ_CONSUME_CHECK_CONSUMER) timestamp=2935 ms, used_size=16580608 bytes (40.5%)
(RDMA_READ_CONSUME_CHECK_CONSUMER) timestamp=2935 ms, used_size=16578560 bytes (40.5%)
(RDMA_READ_CONSUME_CHECK_CONSUMER) timestamp=2935 ms, used_size=16576512 bytes (40.5%)
(RDMA_READ_CONSUME_CHECK_CONSUMER) timestamp=2935 ms, used_size=16574464 bytes (40.5%)
(RDMA_READ_CONSUME_CHECK_CONSUMER) timestamp=2935 ms, used_size=16572416 bytes (40.5%)
(RDMA_READ_CONSUME_CHECK_CONSUMER) timestamp=2935 ms, used_size=16570368 bytes (40.5%)
(RDMA_READ_CONSUME_CHECK_CONSUMER) timestamp=2935 ms, used_size=16568320 bytes (40.5%)
(RDMA_READ_CONSUME_CHECK_CONSUMER) timestamp=2935 ms, used_size=16566272 bytes (40.4%)
(RDMA_READ_CONSUME_CHECK_CONSUMER) timestamp=2935 ms, used_size=16564224 bytes (40.4%)
(RDMA_READ_CONSUME_CHECK_CONSUMER) timestamp=2935 ms, used_size=16562176 bytes (40.4%)
(RDMA_READ_CONSUME_CHECK_CONSUMER) timestamp=2935 ms, used_size=16560128 bytes (40.4%)
(RDMA_READ_CONSUME_CHECK_CONSUMER) timestamp=2935 ms, used_size=16558080 bytes (40.4%)
(RDMA_READ_CONSUME_CHECK_CONSUMER) timestamp=2935 ms, used_size=16556032 bytes (40.4%)
(RDMA_READ_CONSUME_CHECK_CONSUMER) timestamp=2935 ms, used_size=16553984 bytes (40.4%)
(RDMA_READ_CONSUME_CHECK_CONSUMER) timestamp=2935 ms, used_size=16551936 bytes (40.4%)
(RDMA_READ_CONSUME_CHECK_CONSUMER) timestamp=2935 ms, used_size=16549888 bytes (40.4%)
(RDMA_READ_CONSUME_CHECK_CONSUMER) timestamp=2935 ms, used_size=16547840 bytes (40.4%)
(RDMA_READ_CONSUME_CHECK_CONSUMER) timestamp=2935 ms, used_size=16545792 bytes (40.4%)
(RDMA_READ_CONSUME_CHECK_CONSUMER) timestamp=2935 ms, used_size=16543744 bytes (40.4%)
(RDMA_READ_CONSUME_CHECK_CONSUMER) timestamp=2935 ms, used_size=16541696 bytes (40.4%)
(RDMA_READ_CONSUME_CHECK_CONSUMER) timestamp=2935 ms, used_size=16539648 bytes (40.4%)
(RDMA_READ_CONSUME_CHECK_CONSUMER) timestamp=2935 ms, used_size=16537600 bytes (40.4%)
(RDMA_READ_CONSUME_CHECK_CONSUMER) timestamp=2936 ms, used_size=16535552 bytes (40.4%)
(RDMA_READ_CONSUME_CHECK_CONSUMER) timestamp=2936 ms, used_size=16533504 bytes (40.4%)
(RDMA_READ_CONSUME_CHECK_CONSUMER) timestamp=2936 ms, used_size=16531456 bytes (40.4%)
(RDMA_READ_CONSUME_CHECK_CONSUMER) timestamp=2936 ms, used_size=16529408 bytes (40.4%)
(RDMA_READ_CONSUME_CHECK_CONSUMER) timestamp=2936 ms, used_size=16527360 bytes (40.4%)
(RDMA_READ_CONSUME_CHECK_CONSUMER) timestamp=2936 ms, used_size=16525312 bytes (40.3%)
(RDMA_READ_CONSUME_CHECK_CONSUMER) timestamp=2936 ms, used_size=16523264 bytes (40.3%)
(RDMA_READ_CONSUME_CHECK_CONSUMER) timestamp=2936 ms, used_size=16521216 bytes (40.3%)
(RDMA_READ_CONSUME_CHECK_CONSUMER) timestamp=2936 ms, used_size=16519168 bytes (40.3%)
(RDMA_READ_CONSUME_CHECK_CONSUMER) timestamp=2936 ms, used_size=16517120 bytes (40.3%)
(RDMA_READ_CONSUME_CHECK_CONSUMER) timestamp=2936 ms, used_size=16515072 bytes (40.3%)
(RDMA_READ_CONSUME_CHECK_CONSUMER) timestamp=2936 ms, used_size=16513024 bytes (40.3%)
(RDMA_READ_CONSUME_CHECK_CONSUMER) timestamp=2936 ms, used_size=16510976 bytes (40.3%)
(RDMA_READ_CONSUME_CHECK_CONSUMER) timestamp=2936 ms, used_size=16508928 bytes (40.3%)
(RDMA_READ_CONSUME_CHECK_CONSUMER) timestamp=2936 ms, used_size=16506880 bytes (40.3%)
(RDMA_READ_CONSUME_CHECK_CONSUMER) timestamp=2936 ms, used_size=16504832 bytes (40.3%)
(RDMA_READ_CONSUME_CHECK_CONSUMER) timestamp=2936 ms, used_size=16502784 bytes (40.3%)
(RDMA_READ_CONSUME_CHECK_CONSUMER) timestamp=2936 ms, used_size=16500736 bytes (40.3%)
(RDMA_READ_CONSUME_CHECK_CONSUMER) timestamp=2936 ms, used_size=16498688 bytes (40.3%)
(RDMA_READ_CONSUME_CHECK_CONSUMER) timestamp=2936 ms, used_size=16496640 bytes (40.3%)
(RDMA_READ_CONSUME_CHECK_CONSUMER) timestamp=2936 ms, used_size=16494592 bytes (40.3%)
(RDMA_READ_CONSUME_CHECK_CONSUMER) timestamp=2936 ms, used_size=16492544 bytes (40.3%)
(RDMA_READ_CONSUME_CHECK_CONSUMER) timestamp=2936 ms, used_size=16490496 bytes (40.3%)
(RDMA_READ_CONSUME_CHECK_CONSUMER) timestamp=2936 ms, used_size=16488448 bytes (40.3%)
(RDMA_READ_CONSUME_CHECK_CONSUMER) timestamp=2936 ms, used_size=16486400 bytes (40.2%)
(RDMA_READ_CONSUME_CHECK_CONSUMER) timestamp=2936 ms, used_size=16484352 bytes (40.2%)
(RDMA_READ_CONSUME_CHECK_CONSUMER) timestamp=2936 ms, used_size=16482304 bytes (40.2%)
(RDMA_READ_CONSUME_CHECK_CONSUMER) timestamp=2936 ms, used_size=16480256 bytes (40.2%)
(RDMA_READ_CONSUME_CHECK_CONSUMER) timestamp=2936 ms, used_size=16478208 bytes (40.2%)
(RDMA_READ_CONSUME_CHECK_CONSUMER) timestamp=2936 ms, used_size=16476160 bytes (40.2%)
(RDMA_READ_CONSUME_CHECK_CONSUMER) timestamp=2936 ms, used_size=16474112 bytes (40.2%)
(RDMA_READ_CONSUME_CHECK_CONSUMER) timestamp=2936 ms, used_size=16472064 bytes (40.2%)
(RDMA_READ_CONSUME_CHECK_CONSUMER) timestamp=2936 ms, used_size=16470016 bytes (40.2%)
(RDMA_READ_CONSUME_CHECK_CONSUMER) timestamp=2936 ms, used_size=16467968 bytes (40.2%)
(RDMA_READ_CONSUME_CHECK_CONSUMER) timestamp=2936 ms, used_size=16465920 bytes (40.2%)
(RDMA_READ_CONSUME_CHECK_CONSUMER) timestamp=2936 ms, used_size=16463872 bytes (40.2%)
(RDMA_READ_CONSUME_CHECK_CONSUMER) timestamp=2936 ms, used_size=16461824 bytes (40.2%)
(RDMA_READ_CONSUME_CHECK_CONSUMER) timestamp=2936 ms, used_size=16459776 bytes (40.2%)
(RDMA_READ_CONSUME_CHECK_CONSUMER) timestamp=2936 ms, used_size=16457728 bytes (40.2%)
(RDMA_READ_CONSUME_CHECK_CONSUMER) timestamp=2936 ms, used_size=16455680 bytes (40.2%)
(RDMA_READ_CONSUME_CHECK_CONSUMER) timestamp=2936 ms, used_size=16453632 bytes (40.2%)
(RDMA_READ_CONSUME_CHECK_CONSUMER) timestamp=2936 ms, used_size=16451584 bytes (40.2%)
(RDMA_READ_CONSUME_CHECK_CONSUMER) timestamp=2936 ms, used_size=16449536 bytes (40.2%)
(RDMA_READ_CONSUME_CHECK_CONSUMER) timestamp=2936 ms, used_size=16447488 bytes (40.2%)
(RDMA_READ_CONSUME_CHECK_CONSUMER) timestamp=2936 ms, used_size=16445440 bytes (40.1%)
(RDMA_READ_CONSUME_CHECK_CONSUMER) timestamp=2936 ms, used_size=16443392 bytes (40.1%)
(RDMA_READ_CONSUME_CHECK_CONSUMER) timestamp=2936 ms, used_size=16441344 bytes (40.1%)
(RDMA_READ_CONSUME_CHECK_CONSUMER) timestamp=2936 ms, used_size=16439296 bytes (40.1%)
(RDMA_READ_CONSUME_CHECK_CONSUMER) timestamp=2936 ms, used_size=16437248 bytes (40.1%)
(RDMA_READ_CONSUME_CHECK_CONSUMER) timestamp=2936 ms, used_size=16435200 bytes (40.1%)
(RDMA_READ_CONSUME_CHECK_CONSUMER) timestamp=2936 ms, used_size=16433152 bytes (40.1%)
(RDMA_READ_CONSUME_CHECK_CONSUMER) timestamp=2936 ms, used_size=16431104 bytes (40.1%)
(RDMA_READ_CONSUME_CHECK_CONSUMER) timestamp=2936 ms, used_size=16429056 bytes (40.1%)
(RDMA_READ_CONSUME_CHECK_CONSUMER) timestamp=2936 ms, used_size=16427008 bytes (40.1%)
(RDMA_READ_CONSUME_CHECK_CONSUMER) timestamp=2936 ms, used_size=16424960 bytes (40.1%)
(RDMA_READ_CONSUME_CHECK_CONSUMER) timestamp=2936 ms, used_size=16422912 bytes (40.1%)
(RDMA_READ_CONSUME_CHECK_CONSUMER) timestamp=2936 ms, used_size=16420864 bytes (40.1%)
(RDMA_READ_CONSUME_CHECK_CONSUMER) timestamp=2936 ms, used_size=16418816 bytes (40.1%)
(RDMA_READ_CONSUME_CHECK_CONSUMER) timestamp=2936 ms, used_size=16416768 bytes (40.1%)
(RDMA_READ_CONSUME_CHECK_CONSUMER) timestamp=2936 ms, used_size=16414720 bytes (40.1%)
(RDMA_READ_CONSUME_CHECK_CONSUMER) timestamp=2936 ms, used_size=16412672 bytes (40.1%)
(RDMA_READ_CONSUME_CHECK_CONSUMER) timestamp=2936 ms, used_size=16410624 bytes (40.1%)
(RDMA_READ_CONSUME_CHECK_CONSUMER) timestamp=2936 ms, used_size=16408576 bytes (40.1%)
(RDMA_READ_CONSUME_CHECK_CONSUMER) timestamp=2936 ms, used_size=16406528 bytes (40.1%)
(RDMA_READ_CONSUME_CHECK_CONSUMER) timestamp=2936 ms, used_size=16404480 bytes (40.0%)
(RDMA_READ_CONSUME_CHECK_CONSUMER) timestamp=2936 ms, used_size=16402432 bytes (40.0%)
(RDMA_READ_CONSUME_CHECK_CONSUMER) timestamp=2936 ms, used_size=16400384 bytes (40.0%)
(RDMA_READ_CONSUME_CHECK_CONSUMER) timestamp=2936 ms, used_size=16398336 bytes (40.0%)
(RDMA_READ_CONSUME_CHECK_CONSUMER) timestamp=2936 ms, used_size=16396288 bytes (40.0%)
(RDMA_READ_CONSUME_CHECK_CONSUMER) timestamp=2936 ms, used_size=16394240 bytes (40.0%)
(RDMA_READ_CONSUME_CHECK_CONSUMER) timestamp=2936 ms, used_size=16392192 bytes (40.0%)
(RDMA_READ_CONSUME_CHECK_CONSUMER) timestamp=2936 ms, used_size=16390144 bytes (40.0%)
(RDMA_READ_CONSUME_CHECK_CONSUMER) timestamp=2936 ms, used_size=16388096 bytes (40.0%)
(RDMA_READ_CONSUME_CHECK_CONSUMER) timestamp=2936 ms, used_size=16386048 bytes (40.0%)
(RDMA_READ_CONSUME_CHECK_CONSUMER) timestamp=2936 ms, used_size=16384000 bytes (40.0%)
(RDMA_READ_CONSUME_CHECK_CONSUMER) timestamp=2936 ms, used_size=16381952 bytes (40.0%)
(RDMA_READ_CONSUME_CHECK_CONSUMER) timestamp=2936 ms, used_size=16379904 bytes (40.0%)
(RDMA_READ_CONSUME_CHECK_CONSUMER) timestamp=2936 ms, used_size=16377856 bytes (40.0%)
(RDMA_READ_CONSUME_CHECK_CONSUMER) timestamp=2936 ms, used_size=16375808 bytes (40.0%)
(RDMA_READ_CONSUME_CHECK_CONSUMER) timestamp=2936 ms, used_size=16373760 bytes (40.0%)
(RDMA_READ_CONSUME_CHECK_CONSUMER) timestamp=2936 ms, used_size=16371712 bytes (40.0%)
(RDMA_READ_CONSUME_CHECK_CONSUMER) timestamp=2936 ms, used_size=16369664 bytes (40.0%)
(RDMA_READ_CONSUME_CHECK_CONSUMER) timestamp=2936 ms, used_size=16367616 bytes (40.0%)
(RDMA_READ_CONSUME_CHECK_CONSUMER) timestamp=2936 ms, used_size=16365568 bytes (40.0%)
(RDMA_READ_CONSUME_CHECK_CONSUMER) timestamp=2936 ms, used_size=16363520 bytes (40.0%)
(RDMA_READ_CONSUME_CHECK_CONSUMER) timestamp=2936 ms, used_size=16361472 bytes (39.9%)
(RDMA_READ_CONSUME_CHECK_CONSUMER) timestamp=2936 ms, used_size=16359424 bytes (39.9%)
(RDMA_READ_CONSUME_CHECK_CONSUMER) timestamp=2936 ms, used_size=16357376 bytes (39.9%)
(RDMA_READ_CONSUME_CHECK_CONSUMER) timestamp=2936 ms, used_size=16355328 bytes (39.9%)
(RDMA_READ_CONSUME_CHECK_CONSUMER) timestamp=2936 ms, used_size=16353280 bytes (39.9%)
(RDMA_READ_CONSUME_CHECK_CONSUMER) timestamp=2936 ms, used_size=16351232 bytes (39.9%)
(RDMA_READ_CONSUME_CHECK_CONSUMER) timestamp=2936 ms, used_size=16349184 bytes (39.9%)
(RDMA_READ_CONSUME_CHECK_CONSUMER) timestamp=2936 ms, used_size=16347136 bytes (39.9%)
(RDMA_READ_CONSUME_CHECK_CONSUMER) timestamp=2936 ms, used_size=16345088 bytes (39.9%)
(RDMA_READ_CONSUME_CHECK_CONSUMER) timestamp=2936 ms, used_size=16343040 bytes (39.9%)
(RDMA_READ_CONSUME_CHECK_CONSUMER) timestamp=2936 ms, used_size=16340992 bytes (39.9%)
(RDMA_READ_CONSUME_CHECK_CONSUMER) timestamp=2936 ms, used_size=16338944 bytes (39.9%)
(RDMA_READ_CONSUME_CHECK_CONSUMER) timestamp=2936 ms, used_size=16336896 bytes (39.9%)
(RDMA_READ_CONSUME_CHECK_CONSUMER) timestamp=2936 ms, used_size=16334848 bytes (39.9%)
(RDMA_READ_CONSUME_CHECK_CONSUMER) timestamp=2936 ms, used_size=16332800 bytes (39.9%)
(RDMA_READ_CONSUME_CHECK_CONSUMER) timestamp=2936 ms, used_size=16330752 bytes (39.9%)
(RDMA_READ_CONSUME_CHECK_CONSUMER) timestamp=2936 ms, used_size=16328704 bytes (39.9%)
(RDMA_READ_CONSUME_CHECK_CONSUMER) timestamp=2936 ms, used_size=16326656 bytes (39.9%)
(RDMA_READ_CONSUME_CHECK_CONSUMER) timestamp=2936 ms, used_size=16324608 bytes (39.9%)
(RDMA_READ_CONSUME_CHECK_CONSUMER) timestamp=2936 ms, used_size=16322560 bytes (39.9%)
(RDMA_READ_CONSUME_CHECK_CONSUMER) timestamp=2936 ms, used_size=16320512 bytes (39.8%)
(RDMA_READ_CONSUME_CHECK_CONSUMER) timestamp=2936 ms, used_size=16318464 bytes (39.8%)
(RDMA_READ_CONSUME_CHECK_CONSUMER) timestamp=2936 ms, used_size=16316416 bytes (39.8%)
(RDMA_READ_CONSUME_CHECK_CONSUMER) timestamp=2936 ms, used_size=16314368 bytes (39.8%)
(RDMA_READ_CONSUME_CHECK_CONSUMER) timestamp=2936 ms, used_size=16312320 bytes (39.8%)
(RDMA_READ_CONSUME_CHECK_CONSUMER) timestamp=2936 ms, used_size=16310272 bytes (39.8%)
(RDMA_READ_CONSUME_CHECK_CONSUMER) timestamp=2936 ms, used_size=16308224 bytes (39.8%)
(RDMA_READ_CONSUME_CHECK_CONSUMER) timestamp=2936 ms, used_size=16306176 bytes (39.8%)
(RDMA_READ_CONSUME_CHECK_CONSUMER) timestamp=2936 ms, used_size=16304128 bytes (39.8%)
(RDMA_READ_CONSUME_CHECK_CONSUMER) timestamp=2936 ms, used_size=16302080 bytes (39.8%)
(RDMA_READ_CONSUME_CHECK_CONSUMER) timestamp=2936 ms, used_size=16300032 bytes (39.8%)
(RDMA_READ_CONSUME_CHECK_CONSUMER) timestamp=2936 ms, used_size=16297984 bytes (39.8%)
(RDMA_READ_CONSUME_CHECK_CONSUMER) timestamp=2936 ms, used_size=16295936 bytes (39.8%)
(RDMA_READ_CONSUME_CHECK_CONSUMER) timestamp=2936 ms, used_size=16293888 bytes (39.8%)
(RDMA_READ_CONSUME_CHECK_CONSUMER) timestamp=2936 ms, used_size=16291840 bytes (39.8%)
(RDMA_READ_CONSUME_CHECK_CONSUMER) timestamp=2936 ms, used_size=16289792 bytes (39.8%)
(RDMA_READ_CONSUME_CHECK_CONSUMER) timestamp=2936 ms, used_size=16287744 bytes (39.8%)
(RDMA_READ_CONSUME_CHECK_CONSUMER) timestamp=2936 ms, used_size=16285696 bytes (39.8%)
(RDMA_READ_CONSUME_CHECK_CONSUMER) timestamp=2936 ms, used_size=16283648 bytes (39.8%)
(RDMA_READ_CONSUME_CHECK_CONSUMER) timestamp=2936 ms, used_size=16281600 bytes (39.8%)
(RDMA_READ_CONSUME_CHECK_CONSUMER) timestamp=2936 ms, used_size=16279552 bytes (39.7%)
(RDMA_READ_CONSUME_CHECK_CONSUMER) timestamp=2936 ms, used_size=16277504 bytes (39.7%)
(RDMA_READ_CONSUME_CHECK_CONSUMER) timestamp=2936 ms, used_size=16275456 bytes (39.7%)
(RDMA_READ_CONSUME_CHECK_CONSUMER) timestamp=2936 ms, used_size=16273408 bytes (39.7%)
(RDMA_READ_CONSUME_CHECK_CONSUMER) timestamp=2936 ms, used_size=16271360 bytes (39.7%)
(RDMA_READ_CONSUME_CHECK_CONSUMER) timestamp=2936 ms, used_size=16269312 bytes (39.7%)
(RDMA_READ_CONSUME_CHECK_CONSUMER) timestamp=2936 ms, used_size=16267264 bytes (39.7%)
(RDMA_READ_CONSUME_CHECK_CONSUMER) timestamp=2936 ms, used_size=16265216 bytes (39.7%)
(RDMA_READ_CONSUME_CHECK_CONSUMER) timestamp=2936 ms, used_size=16263168 bytes (39.7%)
(RDMA_READ_CONSUME_CHECK_CONSUMER) timestamp=2936 ms, used_size=16261120 bytes (39.7%)
(RDMA_READ_CONSUME_CHECK_CONSUMER) timestamp=2936 ms, used_size=16259072 bytes (39.7%)
(RDMA_READ_CONSUME_CHECK_CONSUMER) timestamp=2936 ms, used_size=16257024 bytes (39.7%)
(RDMA_READ_CONSUME_CHECK_CONSUMER) timestamp=2936 ms, used_size=16254976 bytes (39.7%)
(RDMA_READ_CONSUME_CHECK_CONSUMER) timestamp=2936 ms, used_size=16252928 bytes (39.7%)
(RDMA_READ_CONSUME_CHECK_CONSUMER) timestamp=2936 ms, used_size=16250880 bytes (39.7%)
(RDMA_READ_CONSUME_CHECK_CONSUMER) timestamp=2936 ms, used_size=16248832 bytes (39.7%)
(RDMA_READ_CONSUME_CHECK_CONSUMER) timestamp=2936 ms, used_size=16246784 bytes (39.7%)
(RDMA_READ_CONSUME_CHECK_CONSUMER) timestamp=2936 ms, used_size=16244736 bytes (39.7%)
(RDMA_READ_CONSUME_CHECK_CONSUMER) timestamp=2936 ms, used_size=16242688 bytes (39.7%)
(RDMA_READ_CONSUME_CHECK_CONSUMER) timestamp=2936 ms, used_size=16240640 bytes (39.6%)
(RDMA_READ_CONSUME_CHECK_CONSUMER) timestamp=2936 ms, used_size=16238592 bytes (39.6%)
(RDMA_READ_CONSUME_CHECK_CONSUMER) timestamp=2936 ms, used_size=16236544 bytes (39.6%)
(RDMA_READ_CONSUME_CHECK_CONSUMER) timestamp=2936 ms, used_size=16234496 bytes (39.6%)
(RDMA_READ_CONSUME_CHECK_CONSUMER) timestamp=2936 ms, used_size=16232448 bytes (39.6%)
(RDMA_READ_CONSUME_CHECK_CONSUMER) timestamp=2936 ms, used_size=16230400 bytes (39.6%)
(RDMA_READ_CONSUME_CHECK_CONSUMER) timestamp=2936 ms, used_size=16228352 bytes (39.6%)
(RDMA_READ_CONSUME_CHECK_CONSUMER) timestamp=2936 ms, used_size=16226304 bytes (39.6%)
(RDMA_READ_CONSUME_CHECK_CONSUMER) timestamp=2936 ms, used_size=16224256 bytes (39.6%)
(RDMA_READ_CONSUME_CHECK_CONSUMER) timestamp=2936 ms, used_size=16222208 bytes (39.6%)
(RDMA_READ_CONSUME_CHECK_CONSUMER) timestamp=2936 ms, used_size=16220160 bytes (39.6%)
(RDMA_READ_CONSUME_CHECK_CONSUMER) timestamp=2936 ms, used_size=16218112 bytes (39.6%)
(RDMA_READ_CONSUME_CHECK_CONSUMER) timestamp=2936 ms, used_size=16216064 bytes (39.6%)
(RDMA_READ_CONSUME_CHECK_CONSUMER) timestamp=2936 ms, used_size=16214016 bytes (39.6%)
(RDMA_READ_CONSUME_CHECK_CONSUMER) timestamp=2936 ms, used_size=16211968 bytes (39.6%)
(RDMA_READ_CONSUME_CHECK_CONSUMER) timestamp=2936 ms, used_size=16209920 bytes (39.6%)
(RDMA_READ_CONSUME_CHECK_CONSUMER) timestamp=2936 ms, used_size=16207872 bytes (39.6%)
(RDMA_READ_CONSUME_CHECK_CONSUMER) timestamp=2936 ms, used_size=16205824 bytes (39.6%)
(RDMA_READ_CONSUME_CHECK_CONSUMER) timestamp=2936 ms, used_size=16203776 bytes (39.6%)
(RDMA_READ_CONSUME_CHECK_CONSUMER) timestamp=2936 ms, used_size=16201728 bytes (39.6%)
(RDMA_READ_CONSUME_CHECK_CONSUMER) timestamp=2936 ms, used_size=16199680 bytes (39.5%)
(RDMA_READ_CONSUME_CHECK_CONSUMER) timestamp=2936 ms, used_size=16197632 bytes (39.5%)
(RDMA_READ_CONSUME_CHECK_CONSUMER) timestamp=2936 ms, used_size=16195584 bytes (39.5%)
(RDMA_READ_CONSUME_CHECK_CONSUMER) timestamp=2936 ms, used_size=16193536 bytes (39.5%)
(RDMA_READ_CONSUME_CHECK_CONSUMER) timestamp=2936 ms, used_size=16191488 bytes (39.5%)
(RDMA_READ_CONSUME_CHECK_CONSUMER) timestamp=2936 ms, used_size=16189440 bytes (39.5%)
(RDMA_READ_CONSUME_CHECK_CONSUMER) timestamp=2936 ms, used_size=16187392 bytes (39.5%)
(RDMA_READ_CONSUME_CHECK_CONSUMER) timestamp=2936 ms, used_size=16185344 bytes (39.5%)
(RDMA_READ_CONSUME_CHECK_CONSUMER) timestamp=2936 ms, used_size=16183296 bytes (39.5%)
(RDMA_READ_CONSUME_CHECK_CONSUMER) timestamp=2936 ms, used_size=16181248 bytes (39.5%)
(RDMA_READ_CONSUME_CHECK_CONSUMER) timestamp=2936 ms, used_size=16179200 bytes (39.5%)
(RDMA_READ_CONSUME_CHECK_CONSUMER) timestamp=2936 ms, used_size=16177152 bytes (39.5%)
(RDMA_READ_CONSUME_CHECK_CONSUMER) timestamp=2937 ms, used_size=16175104 bytes (39.5%)
(RDMA_READ_CONSUME_CHECK_CONSUMER) timestamp=2937 ms, used_size=16173056 bytes (39.5%)
(RDMA_READ_CONSUME_CHECK_CONSUMER) timestamp=2937 ms, used_size=16171008 bytes (39.5%)
(RDMA_READ_CONSUME_CHECK_CONSUMER) timestamp=2937 ms, used_size=16168960 bytes (39.5%)
(RDMA_READ_CONSUME_CHECK_CONSUMER) timestamp=2937 ms, used_size=16166912 bytes (39.5%)
(RDMA_READ_CONSUME_CHECK_CONSUMER) timestamp=2937 ms, used_size=16164864 bytes (39.5%)
(RDMA_READ_CONSUME_CHECK_CONSUMER) timestamp=2937 ms, used_size=16162816 bytes (39.5%)
(RDMA_READ_CONSUME_CHECK_CONSUMER) timestamp=2937 ms, used_size=16160768 bytes (39.5%)
(RDMA_READ_CONSUME_CHECK_CONSUMER) timestamp=2937 ms, used_size=16158720 bytes (39.5%)
(RDMA_READ_CONSUME_CHECK_CONSUMER) timestamp=2937 ms, used_size=16156672 bytes (39.4%)
(RDMA_READ_CONSUME_CHECK_CONSUMER) timestamp=2937 ms, used_size=16154624 bytes (39.4%)
(RDMA_READ_CONSUME_CHECK_CONSUMER) timestamp=2937 ms, used_size=16152576 bytes (39.4%)
(RDMA_READ_CONSUME_CHECK_CONSUMER) timestamp=2937 ms, used_size=16150528 bytes (39.4%)
(RDMA_READ_CONSUME_CHECK_CONSUMER) timestamp=2937 ms, used_size=16148480 bytes (39.4%)
(RDMA_READ_CONSUME_CHECK_CONSUMER) timestamp=2937 ms, used_size=16146432 bytes (39.4%)
(RDMA_READ_CONSUME_CHECK_CONSUMER) timestamp=2937 ms, used_size=16144384 bytes (39.4%)
(RDMA_READ_CONSUME_CHECK_CONSUMER) timestamp=2937 ms, used_size=16142336 bytes (39.4%)
(RDMA_READ_CONSUME_CHECK_CONSUMER) timestamp=2937 ms, used_size=16140288 bytes (39.4%)
(RDMA_READ_CONSUME_CHECK_CONSUMER) timestamp=2937 ms, used_size=16138240 bytes (39.4%)
(RDMA_READ_CONSUME_CHECK_CONSUMER) timestamp=2937 ms, used_size=16136192 bytes (39.4%)
(RDMA_READ_CONSUME_CHECK_CONSUMER) timestamp=2937 ms, used_size=16134144 bytes (39.4%)
(RDMA_READ_CONSUME_CHECK_CONSUMER) timestamp=2937 ms, used_size=16132096 bytes (39.4%)
(RDMA_READ_CONSUME_CHECK_CONSUMER) timestamp=2937 ms, used_size=16130048 bytes (39.4%)
(RDMA_READ_CONSUME_CHECK_CONSUMER) timestamp=2937 ms, used_size=16128000 bytes (39.4%)
(RDMA_READ_CONSUME_CHECK_CONSUMER) timestamp=2937 ms, used_size=16125952 bytes (39.4%)
(RDMA_READ_CONSUME_CHECK_CONSUMER) timestamp=2937 ms, used_size=16123904 bytes (39.4%)
(RDMA_READ_CONSUME_CHECK_CONSUMER) timestamp=2937 ms, used_size=16121856 bytes (39.4%)
(RDMA_READ_CONSUME_CHECK_CONSUMER) timestamp=2937 ms, used_size=16119808 bytes (39.4%)
(RDMA_READ_CONSUME_CHECK_CONSUMER) timestamp=2937 ms, used_size=16117760 bytes (39.4%)
(RDMA_READ_CONSUME_CHECK_CONSUMER) timestamp=2937 ms, used_size=16115712 bytes (39.3%)
(RDMA_READ_CONSUME_CHECK_CONSUMER) timestamp=2937 ms, used_size=16113664 bytes (39.3%)
(RDMA_READ_CONSUME_CHECK_CONSUMER) timestamp=2937 ms, used_size=16111616 bytes (39.3%)
(RDMA_READ_CONSUME_CHECK_CONSUMER) timestamp=2937 ms, used_size=16109568 bytes (39.3%)
(RDMA_READ_CONSUME_CHECK_CONSUMER) timestamp=2937 ms, used_size=16107520 bytes (39.3%)
(RDMA_READ_CONSUME_CHECK_CONSUMER) timestamp=2937 ms, used_size=16105472 bytes (39.3%)
(RDMA_READ_CONSUME_CHECK_CONSUMER) timestamp=2937 ms, used_size=16103424 bytes (39.3%)
(RDMA_READ_CONSUME_CHECK_CONSUMER) timestamp=2937 ms, used_size=16101376 bytes (39.3%)
(RDMA_READ_CONSUME_CHECK_CONSUMER) timestamp=2937 ms, used_size=16099328 bytes (39.3%)
(RDMA_READ_CONSUME_CHECK_CONSUMER) timestamp=2937 ms, used_size=16097280 bytes (39.3%)
(RDMA_READ_CONSUME_CHECK_CONSUMER) timestamp=2937 ms, used_size=16095232 bytes (39.3%)
(RDMA_READ_CONSUME_CHECK_CONSUMER) timestamp=2937 ms, used_size=16093184 bytes (39.3%)
(RDMA_READ_CONSUME_CHECK_CONSUMER) timestamp=2937 ms, used_size=16091136 bytes (39.3%)
(RDMA_READ_CONSUME_CHECK_CONSUMER) timestamp=2937 ms, used_size=16089088 bytes (39.3%)
(RDMA_READ_CONSUME_CHECK_CONSUMER) timestamp=2937 ms, used_size=16087040 bytes (39.3%)
(RDMA_READ_CONSUME_CHECK_CONSUMER) timestamp=2937 ms, used_size=16084992 bytes (39.3%)
(RDMA_READ_CONSUME_CHECK_CONSUMER) timestamp=2937 ms, used_size=16082944 bytes (39.3%)
(RDMA_READ_CONSUME_CHECK_CONSUMER) timestamp=2937 ms, used_size=16080896 bytes (39.3%)
(RDMA_READ_CONSUME_CHECK_CONSUMER) timestamp=2937 ms, used_size=16078848 bytes (39.3%)
(RDMA_READ_CONSUME_CHECK_CONSUMER) timestamp=2937 ms, used_size=16076800 bytes (39.2%)
(RDMA_READ_CONSUME_CHECK_CONSUMER) timestamp=2937 ms, used_size=16074752 bytes (39.2%)
(RDMA_READ_CONSUME_CHECK_CONSUMER) timestamp=2937 ms, used_size=16072704 bytes (39.2%)
(RDMA_READ_CONSUME_CHECK_CONSUMER) timestamp=2937 ms, used_size=16070656 bytes (39.2%)
(RDMA_READ_CONSUME_CHECK_CONSUMER) timestamp=2937 ms, used_size=16068608 bytes (39.2%)
(RDMA_READ_CONSUME_CHECK_CONSUMER) timestamp=2937 ms, used_size=16066560 bytes (39.2%)
(RDMA_READ_CONSUME_CHECK_CONSUMER) timestamp=2937 ms, used_size=16064512 bytes (39.2%)
(RDMA_READ_CONSUME_CHECK_CONSUMER) timestamp=2937 ms, used_size=16062464 bytes (39.2%)
(RDMA_READ_CONSUME_CHECK_CONSUMER) timestamp=2937 ms, used_size=16060416 bytes (39.2%)
(RDMA_READ_CONSUME_CHECK_CONSUMER) timestamp=2937 ms, used_size=16058368 bytes (39.2%)
(RDMA_READ_CONSUME_CHECK_CONSUMER) timestamp=2937 ms, used_size=16056320 bytes (39.2%)
(RDMA_READ_CONSUME_CHECK_CONSUMER) timestamp=2937 ms, used_size=16054272 bytes (39.2%)
(RDMA_READ_CONSUME_CHECK_CONSUMER) timestamp=2937 ms, used_size=16052224 bytes (39.2%)
(RDMA_READ_CONSUME_CHECK_CONSUMER) timestamp=2937 ms, used_size=16050176 bytes (39.2%)
(RDMA_READ_CONSUME_CHECK_CONSUMER) timestamp=2937 ms, used_size=16048128 bytes (39.2%)
(RDMA_READ_CONSUME_CHECK_CONSUMER) timestamp=2937 ms, used_size=16046080 bytes (39.2%)
(RDMA_READ_CONSUME_CHECK_CONSUMER) timestamp=2937 ms, used_size=16044032 bytes (39.2%)
(RDMA_READ_CONSUME_CHECK_CONSUMER) timestamp=2937 ms, used_size=16041984 bytes (39.2%)
(RDMA_READ_CONSUME_CHECK_CONSUMER) timestamp=2937 ms, used_size=16039936 bytes (39.2%)
(RDMA_READ_CONSUME_CHECK_CONSUMER) timestamp=2937 ms, used_size=16037888 bytes (39.2%)
(RDMA_READ_CONSUME_CHECK_CONSUMER) timestamp=2937 ms, used_size=16035840 bytes (39.1%)
(RDMA_READ_CONSUME_CHECK_CONSUMER) timestamp=2937 ms, used_size=16033792 bytes (39.1%)
(RDMA_READ_CONSUME_CHECK_CONSUMER) timestamp=2937 ms, used_size=16031744 bytes (39.1%)
(RDMA_READ_CONSUME_CHECK_CONSUMER) timestamp=2937 ms, used_size=16029696 bytes (39.1%)
(RDMA_READ_CONSUME_CHECK_CONSUMER) timestamp=2937 ms, used_size=16027648 bytes (39.1%)
(RDMA_READ_CONSUME_CHECK_CONSUMER) timestamp=2937 ms, used_size=16025600 bytes (39.1%)
(RDMA_READ_CONSUME_CHECK_CONSUMER) timestamp=2937 ms, used_size=16023552 bytes (39.1%)
(RDMA_READ_CONSUME_CHECK_CONSUMER) timestamp=2937 ms, used_size=16021504 bytes (39.1%)
(RDMA_READ_CONSUME_CHECK_CONSUMER) timestamp=2937 ms, used_size=16019456 bytes (39.1%)
(RDMA_READ_CONSUME_CHECK_CONSUMER) timestamp=2937 ms, used_size=16017408 bytes (39.1%)
(RDMA_READ_CONSUME_CHECK_CONSUMER) timestamp=2937 ms, used_size=16015360 bytes (39.1%)
(RDMA_READ_CONSUME_CHECK_CONSUMER) timestamp=2937 ms, used_size=16013312 bytes (39.1%)
(RDMA_READ_CONSUME_CHECK_CONSUMER) timestamp=2937 ms, used_size=16011264 bytes (39.1%)
(RDMA_READ_CONSUME_CHECK_CONSUMER) timestamp=2937 ms, used_size=16009216 bytes (39.1%)
(RDMA_READ_CONSUME_CHECK_CONSUMER) timestamp=2937 ms, used_size=16007168 bytes (39.1%)
(RDMA_READ_CONSUME_CHECK_CONSUMER) timestamp=2937 ms, used_size=16005120 bytes (39.1%)
(RDMA_READ_CONSUME_CHECK_CONSUMER) timestamp=2937 ms, used_size=16003072 bytes (39.1%)
(RDMA_READ_CONSUME_CHECK_CONSUMER) timestamp=2937 ms, used_size=16001024 bytes (39.1%)
(RDMA_READ_CONSUME_CHECK_CONSUMER) timestamp=2937 ms, used_size=15998976 bytes (39.1%)
(RDMA_READ_CONSUME_CHECK_CONSUMER) timestamp=2937 ms, used_size=15996928 bytes (39.1%)
(RDMA_READ_CONSUME_CHECK_CONSUMER) timestamp=2937 ms, used_size=15994880 bytes (39.0%)
(RDMA_READ_CONSUME_CHECK_CONSUMER) timestamp=2937 ms, used_size=15992832 bytes (39.0%)
(RDMA_READ_CONSUME_CHECK_CONSUMER) timestamp=2937 ms, used_size=15990784 bytes (39.0%)
(RDMA_READ_CONSUME_CHECK_CONSUMER) timestamp=2937 ms, used_size=15988736 bytes (39.0%)
(RDMA_READ_CONSUME_CHECK_CONSUMER) timestamp=2937 ms, used_size=15986688 bytes (39.0%)
(RDMA_READ_CONSUME_CHECK_CONSUMER) timestamp=2937 ms, used_size=15984640 bytes (39.0%)
(RDMA_READ_CONSUME_CHECK_CONSUMER) timestamp=2937 ms, used_size=15982592 bytes (39.0%)
(RDMA_READ_CONSUME_CHECK_CONSUMER) timestamp=2937 ms, used_size=15980544 bytes (39.0%)
(RDMA_READ_CONSUME_CHECK_CONSUMER) timestamp=2937 ms, used_size=15978496 bytes (39.0%)
(RDMA_READ_CONSUME_CHECK_CONSUMER) timestamp=2937 ms, used_size=15976448 bytes (39.0%)
(RDMA_READ_CONSUME_CHECK_CONSUMER) timestamp=2937 ms, used_size=15974400 bytes (39.0%)
(RDMA_READ_CONSUME_CHECK_CONSUMER) timestamp=2937 ms, used_size=15972352 bytes (39.0%)
(RDMA_READ_CONSUME_CHECK_CONSUMER) timestamp=2937 ms, used_size=15970304 bytes (39.0%)
(RDMA_READ_CONSUME_CHECK_CONSUMER) timestamp=2937 ms, used_size=15968256 bytes (39.0%)
(RDMA_READ_CONSUME_CHECK_CONSUMER) timestamp=2937 ms, used_size=15966208 bytes (39.0%)
(RDMA_READ_CONSUME_CHECK_CONSUMER) timestamp=2937 ms, used_size=15964160 bytes (39.0%)
(RDMA_READ_CONSUME_CHECK_CONSUMER) timestamp=2937 ms, used_size=15962112 bytes (39.0%)
(RDMA_READ_CONSUME_CHECK_CONSUMER) timestamp=2937 ms, used_size=15960064 bytes (39.0%)
(RDMA_READ_CONSUME_CHECK_CONSUMER) timestamp=2937 ms, used_size=15958016 bytes (39.0%)
(RDMA_READ_CONSUME_CHECK_CONSUMER) timestamp=2937 ms, used_size=15955968 bytes (39.0%)
(RDMA_READ_CONSUME_CHECK_CONSUMER) timestamp=2937 ms, used_size=15953920 bytes (39.0%)
(RDMA_READ_CONSUME_CHECK_CONSUMER) timestamp=2937 ms, used_size=15951872 bytes (38.9%)
(RDMA_READ_CONSUME_CHECK_CONSUMER) timestamp=2937 ms, used_size=15949824 bytes (38.9%)
(RDMA_READ_CONSUME_CHECK_CONSUMER) timestamp=2937 ms, used_size=15947776 bytes (38.9%)
(RDMA_READ_CONSUME_CHECK_CONSUMER) timestamp=2937 ms, used_size=15945728 bytes (38.9%)
(RDMA_READ_CONSUME_CHECK_CONSUMER) timestamp=2937 ms, used_size=15943680 bytes (38.9%)
(RDMA_READ_CONSUME_CHECK_CONSUMER) timestamp=2937 ms, used_size=15941632 bytes (38.9%)
(RDMA_READ_CONSUME_CHECK_CONSUMER) timestamp=2937 ms, used_size=15939584 bytes (38.9%)
(RDMA_READ_CONSUME_CHECK_CONSUMER) timestamp=2937 ms, used_size=15937536 bytes (38.9%)
(RDMA_READ_CONSUME_CHECK_CONSUMER) timestamp=2937 ms, used_size=15935488 bytes (38.9%)
(RDMA_READ_CONSUME_CHECK_CONSUMER) timestamp=2937 ms, used_size=15933440 bytes (38.9%)
(RDMA_READ_CONSUME_CHECK_CONSUMER) timestamp=2937 ms, used_size=15931392 bytes (38.9%)
(RDMA_READ_CONSUME_CHECK_CONSUMER) timestamp=2937 ms, used_size=15929344 bytes (38.9%)
(RDMA_READ_CONSUME_CHECK_CONSUMER) timestamp=2937 ms, used_size=15927296 bytes (38.9%)
(RDMA_READ_CONSUME_CHECK_CONSUMER) timestamp=2937 ms, used_size=15925248 bytes (38.9%)
(RDMA_READ_CONSUME_CHECK_CONSUMER) timestamp=2937 ms, used_size=15923200 bytes (38.9%)
(RDMA_READ_CONSUME_CHECK_CONSUMER) timestamp=2937 ms, used_size=15921152 bytes (38.9%)
(RDMA_READ_CONSUME_CHECK_CONSUMER) timestamp=2937 ms, used_size=15919104 bytes (38.9%)
(RDMA_READ_CONSUME_CHECK_CONSUMER) timestamp=2937 ms, used_size=15917056 bytes (38.9%)
(RDMA_READ_CONSUME_CHECK_CONSUMER) timestamp=2937 ms, used_size=15915008 bytes (38.9%)
(RDMA_READ_CONSUME_CHECK_CONSUMER) timestamp=2937 ms, used_size=15912960 bytes (38.9%)
(RDMA_READ_CONSUME_CHECK_CONSUMER) timestamp=2937 ms, used_size=15910912 bytes (38.8%)
(RDMA_READ_CONSUME_CHECK_CONSUMER) timestamp=2937 ms, used_size=15908864 bytes (38.8%)
(RDMA_READ_CONSUME_CHECK_CONSUMER) timestamp=2937 ms, used_size=15906816 bytes (38.8%)
(RDMA_READ_CONSUME_CHECK_CONSUMER) timestamp=2937 ms, used_size=15904768 bytes (38.8%)
(RDMA_READ_CONSUME_CHECK_CONSUMER) timestamp=2937 ms, used_size=15902720 bytes (38.8%)
(RDMA_READ_CONSUME_CHECK_CONSUMER) timestamp=2937 ms, used_size=15900672 bytes (38.8%)
(RDMA_READ_CONSUME_CHECK_CONSUMER) timestamp=2937 ms, used_size=15898624 bytes (38.8%)
(RDMA_READ_CONSUME_CHECK_CONSUMER) timestamp=2937 ms, used_size=15896576 bytes (38.8%)
(RDMA_READ_CONSUME_CHECK_CONSUMER) timestamp=2937 ms, used_size=15894528 bytes (38.8%)
(RDMA_READ_CONSUME_CHECK_CONSUMER) timestamp=2937 ms, used_size=15892480 bytes (38.8%)
(RDMA_READ_CONSUME_CHECK_CONSUMER) timestamp=2937 ms, used_size=15890432 bytes (38.8%)
(RDMA_READ_CONSUME_CHECK_CONSUMER) timestamp=2937 ms, used_size=15888384 bytes (38.8%)
(RDMA_READ_CONSUME_CHECK_CONSUMER) timestamp=2937 ms, used_size=15886336 bytes (38.8%)
(RDMA_READ_CONSUME_CHECK_CONSUMER) timestamp=2937 ms, used_size=15884288 bytes (38.8%)
(RDMA_READ_CONSUME_CHECK_CONSUMER) timestamp=2937 ms, used_size=15882240 bytes (38.8%)
(RDMA_READ_CONSUME_CHECK_CONSUMER) timestamp=2937 ms, used_size=15880192 bytes (38.8%)
(RDMA_READ_CONSUME_CHECK_CONSUMER) timestamp=2937 ms, used_size=15878144 bytes (38.8%)
(RDMA_READ_CONSUME_CHECK_CONSUMER) timestamp=2937 ms, used_size=15876096 bytes (38.8%)
(RDMA_READ_CONSUME_CHECK_CONSUMER) timestamp=2937 ms, used_size=15874048 bytes (38.8%)
(RDMA_READ_CONSUME_CHECK_CONSUMER) timestamp=2937 ms, used_size=15872000 bytes (38.8%)
(RDMA_READ_CONSUME_CHECK_CONSUMER) timestamp=2937 ms, used_size=15869952 bytes (38.7%)
(RDMA_READ_CONSUME_CHECK_CONSUMER) timestamp=2937 ms, used_size=15867904 bytes (38.7%)
(RDMA_READ_CONSUME_CHECK_CONSUMER) timestamp=2937 ms, used_size=15865856 bytes (38.7%)
(RDMA_READ_CONSUME_CHECK_CONSUMER) timestamp=2937 ms, used_size=15863808 bytes (38.7%)
(RDMA_READ_CONSUME_CHECK_CONSUMER) timestamp=2937 ms, used_size=15861760 bytes (38.7%)
(RDMA_READ_CONSUME_CHECK_CONSUMER) timestamp=2937 ms, used_size=15859712 bytes (38.7%)
(RDMA_READ_CONSUME_CHECK_CONSUMER) timestamp=2937 ms, used_size=15857664 bytes (38.7%)
(RDMA_READ_CONSUME_CHECK_CONSUMER) timestamp=2937 ms, used_size=15855616 bytes (38.7%)
(RDMA_READ_CONSUME_CHECK_CONSUMER) timestamp=2937 ms, used_size=15853568 bytes (38.7%)
(RDMA_READ_CONSUME_CHECK_CONSUMER) timestamp=2937 ms, used_size=15851520 bytes (38.7%)
(RDMA_READ_CONSUME_CHECK_CONSUMER) timestamp=2937 ms, used_size=15849472 bytes (38.7%)
(RDMA_READ_CONSUME_CHECK_CONSUMER) timestamp=2937 ms, used_size=15847424 bytes (38.7%)
(RDMA_READ_CONSUME_CHECK_CONSUMER) timestamp=2937 ms, used_size=15845376 bytes (38.7%)
(RDMA_READ_CONSUME_CHECK_CONSUMER) timestamp=2937 ms, used_size=15843328 bytes (38.7%)
(RDMA_READ_CONSUME_CHECK_CONSUMER) timestamp=2937 ms, used_size=15841280 bytes (38.7%)
(RDMA_READ_CONSUME_CHECK_CONSUMER) timestamp=2937 ms, used_size=15839232 bytes (38.7%)
(RDMA_READ_CONSUME_CHECK_CONSUMER) timestamp=2937 ms, used_size=15837184 bytes (38.7%)
(RDMA_READ_CONSUME_CHECK_CONSUMER) timestamp=2937 ms, used_size=15835136 bytes (38.7%)
(RDMA_READ_CONSUME_CHECK_CONSUMER) timestamp=2937 ms, used_size=15833088 bytes (38.7%)
(RDMA_READ_CONSUME_CHECK_CONSUMER) timestamp=2937 ms, used_size=15831040 bytes (38.6%)
(RDMA_READ_CONSUME_CHECK_CONSUMER) timestamp=2937 ms, used_size=15828992 bytes (38.6%)
(RDMA_READ_CONSUME_CHECK_CONSUMER) timestamp=2937 ms, used_size=15826944 bytes (38.6%)
(RDMA_READ_CONSUME_CHECK_CONSUMER) timestamp=2937 ms, used_size=15824896 bytes (38.6%)
(RDMA_READ_CONSUME_CHECK_CONSUMER) timestamp=2937 ms, used_size=15822848 bytes (38.6%)
(RDMA_READ_CONSUME_CHECK_CONSUMER) timestamp=2937 ms, used_size=15820800 bytes (38.6%)
(RDMA_READ_CONSUME_CHECK_CONSUMER) timestamp=2938 ms, used_size=15818752 bytes (38.6%)
(RDMA_READ_CONSUME_CHECK_CONSUMER) timestamp=2938 ms, used_size=15816704 bytes (38.6%)
(RDMA_READ_CONSUME_CHECK_CONSUMER) timestamp=2938 ms, used_size=15814656 bytes (38.6%)
(RDMA_READ_CONSUME_CHECK_CONSUMER) timestamp=2938 ms, used_size=15812608 bytes (38.6%)
(RDMA_READ_CONSUME_CHECK_CONSUMER) timestamp=2938 ms, used_size=15810560 bytes (38.6%)
(RDMA_READ_CONSUME_CHECK_CONSUMER) timestamp=2938 ms, used_size=15808512 bytes (38.6%)
(RDMA_READ_CONSUME_CHECK_CONSUMER) timestamp=2938 ms, used_size=15806464 bytes (38.6%)
(RDMA_READ_CONSUME_CHECK_CONSUMER) timestamp=2938 ms, used_size=15804416 bytes (38.6%)
(RDMA_READ_CONSUME_CHECK_CONSUMER) timestamp=2938 ms, used_size=15802368 bytes (38.6%)
(RDMA_READ_CONSUME_CHECK_CONSUMER) timestamp=2938 ms, used_size=15800320 bytes (38.6%)
(RDMA_READ_CONSUME_CHECK_CONSUMER) timestamp=2938 ms, used_size=15798272 bytes (38.6%)
(RDMA_READ_CONSUME_CHECK_CONSUMER) timestamp=2938 ms, used_size=15796224 bytes (38.6%)
(RDMA_READ_CONSUME_CHECK_CONSUMER) timestamp=2938 ms, used_size=15794176 bytes (38.6%)
(RDMA_READ_CONSUME_CHECK_CONSUMER) timestamp=2938 ms, used_size=15792128 bytes (38.6%)
(RDMA_READ_CONSUME_CHECK_CONSUMER) timestamp=2938 ms, used_size=15790080 bytes (38.5%)
(RDMA_READ_CONSUME_CHECK_CONSUMER) timestamp=2938 ms, used_size=15788032 bytes (38.5%)
(RDMA_READ_CONSUME_CHECK_CONSUMER) timestamp=2938 ms, used_size=15785984 bytes (38.5%)
(RDMA_READ_CONSUME_CHECK_CONSUMER) timestamp=2938 ms, used_size=15783936 bytes (38.5%)
(RDMA_READ_CONSUME_CHECK_CONSUMER) timestamp=2938 ms, used_size=15781888 bytes (38.5%)
(RDMA_READ_CONSUME_CHECK_CONSUMER) timestamp=2938 ms, used_size=15779840 bytes (38.5%)
(RDMA_READ_CONSUME_CHECK_CONSUMER) timestamp=2938 ms, used_size=15777792 bytes (38.5%)
(RDMA_READ_CONSUME_CHECK_CONSUMER) timestamp=2938 ms, used_size=15775744 bytes (38.5%)
(RDMA_READ_CONSUME_CHECK_CONSUMER) timestamp=2938 ms, used_size=15773696 bytes (38.5%)
(RDMA_READ_CONSUME_CHECK_CONSUMER) timestamp=2938 ms, used_size=15771648 bytes (38.5%)
(RDMA_READ_CONSUME_CHECK_CONSUMER) timestamp=2938 ms, used_size=15769600 bytes (38.5%)
(RDMA_READ_CONSUME_CHECK_CONSUMER) timestamp=2938 ms, used_size=15767552 bytes (38.5%)
(RDMA_READ_CONSUME_CHECK_CONSUMER) timestamp=2938 ms, used_size=15765504 bytes (38.5%)
(RDMA_READ_CONSUME_CHECK_CONSUMER) timestamp=2938 ms, used_size=15763456 bytes (38.5%)
(RDMA_READ_CONSUME_CHECK_CONSUMER) timestamp=2938 ms, used_size=15761408 bytes (38.5%)
(RDMA_READ_CONSUME_CHECK_CONSUMER) timestamp=2938 ms, used_size=15759360 bytes (38.5%)
(RDMA_READ_CONSUME_CHECK_CONSUMER) timestamp=2938 ms, used_size=15757312 bytes (38.5%)
(RDMA_READ_CONSUME_CHECK_CONSUMER) timestamp=2938 ms, used_size=15755264 bytes (38.5%)
(RDMA_READ_CONSUME_CHECK_CONSUMER) timestamp=2938 ms, used_size=15753216 bytes (38.5%)
(RDMA_READ_CONSUME_CHECK_CONSUMER) timestamp=2938 ms, used_size=15751168 bytes (38.5%)
(RDMA_READ_CONSUME_CHECK_CONSUMER) timestamp=2938 ms, used_size=15749120 bytes (38.5%)
(RDMA_READ_CONSUME_CHECK_CONSUMER) timestamp=2938 ms, used_size=15747072 bytes (38.4%)
(RDMA_READ_CONSUME_CHECK_CONSUMER) timestamp=2938 ms, used_size=15745024 bytes (38.4%)
(RDMA_READ_CONSUME_CHECK_CONSUMER) timestamp=2938 ms, used_size=15742976 bytes (38.4%)
(RDMA_READ_CONSUME_CHECK_CONSUMER) timestamp=2938 ms, used_size=15740928 bytes (38.4%)
(RDMA_READ_CONSUME_CHECK_CONSUMER) timestamp=2938 ms, used_size=15738880 bytes (38.4%)
(RDMA_READ_CONSUME_CHECK_CONSUMER) timestamp=2938 ms, used_size=15736832 bytes (38.4%)
(RDMA_READ_CONSUME_CHECK_CONSUMER) timestamp=2938 ms, used_size=15734784 bytes (38.4%)
(RDMA_READ_CONSUME_CHECK_CONSUMER) timestamp=2938 ms, used_size=15732736 bytes (38.4%)
(RDMA_READ_CONSUME_CHECK_CONSUMER) timestamp=2938 ms, used_size=15730688 bytes (38.4%)
(RDMA_READ_CONSUME_CHECK_CONSUMER) timestamp=2938 ms, used_size=15728640 bytes (38.4%)
(RDMA_READ_CONSUME_CHECK_CONSUMER) timestamp=2938 ms, used_size=15726592 bytes (38.4%)
(RDMA_READ_CONSUME_CHECK_CONSUMER) timestamp=2938 ms, used_size=15724544 bytes (38.4%)
(RDMA_READ_CONSUME_CHECK_CONSUMER) timestamp=2938 ms, used_size=15722496 bytes (38.4%)
(RDMA_READ_CONSUME_CHECK_CONSUMER) timestamp=2938 ms, used_size=15720448 bytes (38.4%)
(RDMA_READ_CONSUME_CHECK_CONSUMER) timestamp=2938 ms, used_size=15718400 bytes (38.4%)
(RDMA_READ_CONSUME_CHECK_CONSUMER) timestamp=2938 ms, used_size=15716352 bytes (38.4%)
(RDMA_READ_CONSUME_CHECK_CONSUMER) timestamp=2938 ms, used_size=15714304 bytes (38.4%)
(RDMA_READ_CONSUME_CHECK_CONSUMER) timestamp=2938 ms, used_size=15712256 bytes (38.4%)
(RDMA_READ_CONSUME_CHECK_CONSUMER) timestamp=2938 ms, used_size=15710208 bytes (38.4%)
(RDMA_READ_CONSUME_CHECK_CONSUMER) timestamp=2938 ms, used_size=15708160 bytes (38.4%)
(RDMA_READ_CONSUME_CHECK_CONSUMER) timestamp=2938 ms, used_size=15706112 bytes (38.3%)
(RDMA_READ_CONSUME_CHECK_CONSUMER) timestamp=2938 ms, used_size=15704064 bytes (38.3%)
(RDMA_READ_CONSUME_CHECK_CONSUMER) timestamp=2938 ms, used_size=15702016 bytes (38.3%)
(RDMA_READ_CONSUME_CHECK_CONSUMER) timestamp=2938 ms, used_size=15699968 bytes (38.3%)
(RDMA_READ_CONSUME_CHECK_CONSUMER) timestamp=2938 ms, used_size=15697920 bytes (38.3%)
(RDMA_READ_CONSUME_CHECK_CONSUMER) timestamp=2938 ms, used_size=15695872 bytes (38.3%)
(RDMA_READ_CONSUME_CHECK_CONSUMER) timestamp=2938 ms, used_size=15693824 bytes (38.3%)
(RDMA_READ_CONSUME_CHECK_CONSUMER) timestamp=2938 ms, used_size=15691776 bytes (38.3%)
(RDMA_READ_CONSUME_CHECK_CONSUMER) timestamp=2938 ms, used_size=15689728 bytes (38.3%)
(RDMA_READ_CONSUME_CHECK_CONSUMER) timestamp=2938 ms, used_size=15687680 bytes (38.3%)
(RDMA_READ_CONSUME_CHECK_CONSUMER) timestamp=2938 ms, used_size=15685632 bytes (38.3%)
(RDMA_READ_CONSUME_CHECK_CONSUMER) timestamp=2938 ms, used_size=15683584 bytes (38.3%)
(RDMA_READ_CONSUME_CHECK_CONSUMER) timestamp=2938 ms, used_size=15681536 bytes (38.3%)
(RDMA_READ_CONSUME_CHECK_CONSUMER) timestamp=2938 ms, used_size=15679488 bytes (38.3%)
(RDMA_READ_CONSUME_CHECK_CONSUMER) timestamp=2938 ms, used_size=15677440 bytes (38.3%)
(RDMA_READ_CONSUME_CHECK_CONSUMER) timestamp=2938 ms, used_size=15675392 bytes (38.3%)
(RDMA_READ_CONSUME_CHECK_CONSUMER) timestamp=2938 ms, used_size=15673344 bytes (38.3%)
(RDMA_READ_CONSUME_CHECK_CONSUMER) timestamp=2938 ms, used_size=15671296 bytes (38.3%)
(RDMA_READ_CONSUME_CHECK_CONSUMER) timestamp=2938 ms, used_size=15669248 bytes (38.3%)
(RDMA_READ_CONSUME_CHECK_CONSUMER) timestamp=2938 ms, used_size=15667200 bytes (38.2%)
(RDMA_READ_CONSUME_CHECK_CONSUMER) timestamp=2938 ms, used_size=15665152 bytes (38.2%)
(RDMA_READ_CONSUME_CHECK_CONSUMER) timestamp=2938 ms, used_size=15663104 bytes (38.2%)
(RDMA_READ_CONSUME_CHECK_CONSUMER) timestamp=2938 ms, used_size=15661056 bytes (38.2%)
(RDMA_READ_CONSUME_CHECK_CONSUMER) timestamp=2938 ms, used_size=15659008 bytes (38.2%)
(RDMA_READ_CONSUME_CHECK_CONSUMER) timestamp=2938 ms, used_size=15656960 bytes (38.2%)
(RDMA_READ_CONSUME_CHECK_CONSUMER) timestamp=2938 ms, used_size=15654912 bytes (38.2%)
(RDMA_READ_CONSUME_CHECK_CONSUMER) timestamp=2938 ms, used_size=15652864 bytes (38.2%)
(RDMA_READ_CONSUME_CHECK_CONSUMER) timestamp=2938 ms, used_size=15650816 bytes (38.2%)
(RDMA_READ_CONSUME_CHECK_CONSUMER) timestamp=2938 ms, used_size=15648768 bytes (38.2%)
(RDMA_READ_CONSUME_CHECK_CONSUMER) timestamp=2938 ms, used_size=15646720 bytes (38.2%)
(RDMA_READ_CONSUME_CHECK_CONSUMER) timestamp=2938 ms, used_size=15644672 bytes (38.2%)
(RDMA_READ_CONSUME_CHECK_CONSUMER) timestamp=2938 ms, used_size=15642624 bytes (38.2%)
(RDMA_READ_CONSUME_CHECK_CONSUMER) timestamp=2938 ms, used_size=15640576 bytes (38.2%)
(RDMA_READ_CONSUME_CHECK_CONSUMER) timestamp=2938 ms, used_size=15638528 bytes (38.2%)
(RDMA_READ_CONSUME_CHECK_CONSUMER) timestamp=2938 ms, used_size=15636480 bytes (38.2%)
(RDMA_READ_CONSUME_CHECK_CONSUMER) timestamp=2938 ms, used_size=15634432 bytes (38.2%)
(RDMA_READ_CONSUME_CHECK_CONSUMER) timestamp=2938 ms, used_size=15632384 bytes (38.2%)
(RDMA_READ_CONSUME_CHECK_CONSUMER) timestamp=2938 ms, used_size=15630336 bytes (38.2%)
(RDMA_READ_CONSUME_CHECK_CONSUMER) timestamp=2938 ms, used_size=15628288 bytes (38.2%)
(RDMA_READ_CONSUME_CHECK_CONSUMER) timestamp=2938 ms, used_size=15626240 bytes (38.1%)
(RDMA_READ_CONSUME_CHECK_CONSUMER) timestamp=2938 ms, used_size=15624192 bytes (38.1%)
(RDMA_READ_CONSUME_CHECK_CONSUMER) timestamp=2938 ms, used_size=15622144 bytes (38.1%)
(RDMA_READ_CONSUME_CHECK_CONSUMER) timestamp=2938 ms, used_size=15620096 bytes (38.1%)
(RDMA_READ_CONSUME_CHECK_CONSUMER) timestamp=2938 ms, used_size=15618048 bytes (38.1%)
(RDMA_READ_CONSUME_CHECK_CONSUMER) timestamp=2938 ms, used_size=15616000 bytes (38.1%)
(RDMA_READ_CONSUME_CHECK_CONSUMER) timestamp=2938 ms, used_size=15613952 bytes (38.1%)
(RDMA_READ_CONSUME_CHECK_CONSUMER) timestamp=2938 ms, used_size=15611904 bytes (38.1%)
(RDMA_READ_CONSUME_CHECK_CONSUMER) timestamp=2938 ms, used_size=15609856 bytes (38.1%)
(RDMA_READ_CONSUME_CHECK_CONSUMER) timestamp=2938 ms, used_size=15607808 bytes (38.1%)
(RDMA_READ_CONSUME_CHECK_CONSUMER) timestamp=2938 ms, used_size=15605760 bytes (38.1%)
(RDMA_READ_CONSUME_CHECK_CONSUMER) timestamp=2938 ms, used_size=15603712 bytes (38.1%)
(RDMA_READ_CONSUME_CHECK_CONSUMER) timestamp=2938 ms, used_size=15601664 bytes (38.1%)
(RDMA_READ_CONSUME_CHECK_CONSUMER) timestamp=2938 ms, used_size=15599616 bytes (38.1%)
(RDMA_READ_CONSUME_CHECK_CONSUMER) timestamp=2938 ms, used_size=15597568 bytes (38.1%)
(RDMA_READ_CONSUME_CHECK_CONSUMER) timestamp=2938 ms, used_size=15595520 bytes (38.1%)
(RDMA_READ_CONSUME_CHECK_CONSUMER) timestamp=2938 ms, used_size=15593472 bytes (38.1%)
(RDMA_READ_CONSUME_CHECK_CONSUMER) timestamp=2938 ms, used_size=15591424 bytes (38.1%)
(RDMA_READ_CONSUME_CHECK_CONSUMER) timestamp=2938 ms, used_size=15589376 bytes (38.1%)
(RDMA_READ_CONSUME_CHECK_CONSUMER) timestamp=2938 ms, used_size=15587328 bytes (38.1%)
(RDMA_READ_CONSUME_CHECK_CONSUMER) timestamp=2938 ms, used_size=15585280 bytes (38.0%)
(RDMA_READ_CONSUME_CHECK_CONSUMER) timestamp=2938 ms, used_size=15583232 bytes (38.0%)
(RDMA_READ_CONSUME_CHECK_CONSUMER) timestamp=2938 ms, used_size=15581184 bytes (38.0%)
(RDMA_READ_CONSUME_CHECK_CONSUMER) timestamp=2938 ms, used_size=15579136 bytes (38.0%)
(RDMA_READ_CONSUME_CHECK_CONSUMER) timestamp=2938 ms, used_size=15577088 bytes (38.0%)
(RDMA_READ_CONSUME_CHECK_CONSUMER) timestamp=2938 ms, used_size=15575040 bytes (38.0%)
(RDMA_READ_CONSUME_CHECK_CONSUMER) timestamp=2938 ms, used_size=15572992 bytes (38.0%)
(RDMA_READ_CONSUME_CHECK_CONSUMER) timestamp=2938 ms, used_size=15570944 bytes (38.0%)
(RDMA_READ_CONSUME_CHECK_CONSUMER) timestamp=2938 ms, used_size=15568896 bytes (38.0%)
(RDMA_READ_CONSUME_CHECK_CONSUMER) timestamp=2938 ms, used_size=15566848 bytes (38.0%)
(RDMA_READ_CONSUME_CHECK_CONSUMER) timestamp=2938 ms, used_size=15564800 bytes (38.0%)
(RDMA_READ_CONSUME_CHECK_CONSUMER) timestamp=2938 ms, used_size=15562752 bytes (38.0%)
(RDMA_READ_CONSUME_CHECK_CONSUMER) timestamp=2938 ms, used_size=15560704 bytes (38.0%)
(RDMA_READ_CONSUME_CHECK_CONSUMER) timestamp=2938 ms, used_size=15558656 bytes (38.0%)
(RDMA_READ_CONSUME_CHECK_CONSUMER) timestamp=2938 ms, used_size=15556608 bytes (38.0%)
(RDMA_READ_CONSUME_CHECK_CONSUMER) timestamp=2938 ms, used_size=15554560 bytes (38.0%)
(RDMA_READ_CONSUME_CHECK_CONSUMER) timestamp=2938 ms, used_size=15552512 bytes (38.0%)
(RDMA_READ_CONSUME_CHECK_CONSUMER) timestamp=2938 ms, used_size=15550464 bytes (38.0%)
(RDMA_READ_CONSUME_CHECK_CONSUMER) timestamp=2938 ms, used_size=15548416 bytes (38.0%)
(RDMA_READ_CONSUME_CHECK_CONSUMER) timestamp=2938 ms, used_size=15546368 bytes (38.0%)
(RDMA_READ_CONSUME_CHECK_CONSUMER) timestamp=2938 ms, used_size=15544320 bytes (38.0%)
(RDMA_READ_CONSUME_CHECK_CONSUMER) timestamp=2938 ms, used_size=15542272 bytes (37.9%)
(RDMA_READ_CONSUME_CHECK_CONSUMER) timestamp=2938 ms, used_size=15540224 bytes (37.9%)
(RDMA_READ_CONSUME_CHECK_CONSUMER) timestamp=2938 ms, used_size=15538176 bytes (37.9%)
(RDMA_READ_CONSUME_CHECK_CONSUMER) timestamp=2938 ms, used_size=15536128 bytes (37.9%)
(RDMA_READ_CONSUME_CHECK_CONSUMER) timestamp=2938 ms, used_size=15534080 bytes (37.9%)
(RDMA_READ_CONSUME_CHECK_CONSUMER) timestamp=2938 ms, used_size=15532032 bytes (37.9%)
(RDMA_READ_CONSUME_CHECK_CONSUMER) timestamp=2938 ms, used_size=15529984 bytes (37.9%)
(RDMA_READ_CONSUME_CHECK_CONSUMER) timestamp=2938 ms, used_size=15527936 bytes (37.9%)
(RDMA_READ_CONSUME_CHECK_CONSUMER) timestamp=2938 ms, used_size=15525888 bytes (37.9%)
(RDMA_READ_CONSUME_CHECK_CONSUMER) timestamp=2938 ms, used_size=15523840 bytes (37.9%)
(RDMA_READ_CONSUME_CHECK_CONSUMER) timestamp=2938 ms, used_size=15521792 bytes (37.9%)
(RDMA_READ_CONSUME_CHECK_CONSUMER) timestamp=2938 ms, used_size=15519744 bytes (37.9%)
(RDMA_READ_CONSUME_CHECK_CONSUMER) timestamp=2938 ms, used_size=15517696 bytes (37.9%)
(RDMA_READ_CONSUME_CHECK_CONSUMER) timestamp=2938 ms, used_size=15515648 bytes (37.9%)
(RDMA_READ_CONSUME_CHECK_CONSUMER) timestamp=2938 ms, used_size=15513600 bytes (37.9%)
(RDMA_READ_CONSUME_CHECK_CONSUMER) timestamp=2938 ms, used_size=15511552 bytes (37.9%)
(RDMA_READ_CONSUME_CHECK_CONSUMER) timestamp=2938 ms, used_size=15509504 bytes (37.9%)
(RDMA_READ_CONSUME_CHECK_CONSUMER) timestamp=2938 ms, used_size=15507456 bytes (37.9%)
(RDMA_READ_CONSUME_CHECK_CONSUMER) timestamp=2938 ms, used_size=15505408 bytes (37.9%)
(RDMA_READ_CONSUME_CHECK_CONSUMER) timestamp=2938 ms, used_size=15503360 bytes (37.9%)
(RDMA_READ_CONSUME_CHECK_CONSUMER) timestamp=2938 ms, used_size=15501312 bytes (37.8%)
(RDMA_READ_CONSUME_CHECK_CONSUMER) timestamp=2938 ms, used_size=15499264 bytes (37.8%)
(RDMA_READ_CONSUME_CHECK_CONSUMER) timestamp=2938 ms, used_size=15497216 bytes (37.8%)
(RDMA_READ_CONSUME_CHECK_CONSUMER) timestamp=2938 ms, used_size=15495168 bytes (37.8%)
(RDMA_READ_CONSUME_CHECK_CONSUMER) timestamp=2938 ms, used_size=15493120 bytes (37.8%)
(RDMA_READ_CONSUME_CHECK_CONSUMER) timestamp=2938 ms, used_size=15491072 bytes (37.8%)
(RDMA_READ_CONSUME_CHECK_CONSUMER) timestamp=2938 ms, used_size=15489024 bytes (37.8%)
(RDMA_READ_CONSUME_CHECK_CONSUMER) timestamp=2938 ms, used_size=15486976 bytes (37.8%)
(RDMA_READ_CONSUME_CHECK_CONSUMER) timestamp=2938 ms, used_size=15484928 bytes (37.8%)
(RDMA_READ_CONSUME_CHECK_CONSUMER) timestamp=2938 ms, used_size=15482880 bytes (37.8%)
(RDMA_READ_CONSUME_CHECK_CONSUMER) timestamp=2938 ms, used_size=15480832 bytes (37.8%)
(RDMA_READ_CONSUME_CHECK_CONSUMER) timestamp=2938 ms, used_size=15478784 bytes (37.8%)
(RDMA_READ_CONSUME_CHECK_CONSUMER) timestamp=2938 ms, used_size=15476736 bytes (37.8%)
(RDMA_READ_CONSUME_CHECK_CONSUMER) timestamp=2938 ms, used_size=15474688 bytes (37.8%)
(RDMA_READ_CONSUME_CHECK_CONSUMER) timestamp=2938 ms, used_size=15472640 bytes (37.8%)
(RDMA_READ_CONSUME_CHECK_CONSUMER) timestamp=2938 ms, used_size=15470592 bytes (37.8%)
(RDMA_READ_CONSUME_CHECK_CONSUMER) timestamp=2938 ms, used_size=15468544 bytes (37.8%)
(RDMA_READ_CONSUME_CHECK_CONSUMER) timestamp=2938 ms, used_size=15466496 bytes (37.8%)
(RDMA_READ_CONSUME_CHECK_CONSUMER) timestamp=2938 ms, used_size=15464448 bytes (37.8%)
(RDMA_READ_CONSUME_CHECK_CONSUMER) timestamp=2938 ms, used_size=15462400 bytes (37.8%)
(RDMA_READ_CONSUME_CHECK_CONSUMER) timestamp=2938 ms, used_size=15460352 bytes (37.7%)
(RDMA_READ_CONSUME_CHECK_CONSUMER) timestamp=2938 ms, used_size=15458304 bytes (37.7%)
(RDMA_READ_CONSUME_CHECK_CONSUMER) timestamp=2939 ms, used_size=15456256 bytes (37.7%)
(RDMA_READ_CONSUME_CHECK_CONSUMER) timestamp=2939 ms, used_size=15454208 bytes (37.7%)
(RDMA_READ_CONSUME_CHECK_CONSUMER) timestamp=2939 ms, used_size=15452160 bytes (37.7%)
(RDMA_READ_CONSUME_CHECK_CONSUMER) timestamp=2939 ms, used_size=15450112 bytes (37.7%)
(RDMA_READ_CONSUME_CHECK_CONSUMER) timestamp=2939 ms, used_size=15448064 bytes (37.7%)
(RDMA_READ_CONSUME_CHECK_CONSUMER) timestamp=2939 ms, used_size=15446016 bytes (37.7%)
(RDMA_READ_CONSUME_CHECK_CONSUMER) timestamp=2939 ms, used_size=15443968 bytes (37.7%)
(RDMA_READ_CONSUME_CHECK_CONSUMER) timestamp=2939 ms, used_size=15441920 bytes (37.7%)
(RDMA_READ_CONSUME_CHECK_CONSUMER) timestamp=2939 ms, used_size=15439872 bytes (37.7%)
(RDMA_READ_CONSUME_CHECK_CONSUMER) timestamp=2939 ms, used_size=15437824 bytes (37.7%)
(RDMA_READ_CONSUME_CHECK_CONSUMER) timestamp=2939 ms, used_size=15435776 bytes (37.7%)
(RDMA_READ_CONSUME_CHECK_CONSUMER) timestamp=2939 ms, used_size=15433728 bytes (37.7%)
(RDMA_READ_CONSUME_CHECK_CONSUMER) timestamp=2939 ms, used_size=15431680 bytes (37.7%)
(RDMA_READ_CONSUME_CHECK_CONSUMER) timestamp=2939 ms, used_size=15429632 bytes (37.7%)
(RDMA_READ_CONSUME_CHECK_CONSUMER) timestamp=2939 ms, used_size=15427584 bytes (37.7%)
(RDMA_READ_CONSUME_CHECK_CONSUMER) timestamp=2939 ms, used_size=15425536 bytes (37.7%)
(RDMA_READ_CONSUME_CHECK_CONSUMER) timestamp=2939 ms, used_size=15423488 bytes (37.7%)
(RDMA_READ_CONSUME_CHECK_CONSUMER) timestamp=2939 ms, used_size=15421440 bytes (37.6%)
(RDMA_READ_CONSUME_CHECK_CONSUMER) timestamp=2939 ms, used_size=15419392 bytes (37.6%)
(RDMA_READ_CONSUME_CHECK_CONSUMER) timestamp=2939 ms, used_size=15417344 bytes (37.6%)
(RDMA_READ_CONSUME_CHECK_CONSUMER) timestamp=2939 ms, used_size=15415296 bytes (37.6%)
(RDMA_READ_CONSUME_CHECK_CONSUMER) timestamp=2939 ms, used_size=15413248 bytes (37.6%)
(RDMA_READ_CONSUME_CHECK_CONSUMER) timestamp=2939 ms, used_size=15411200 bytes (37.6%)
(RDMA_READ_CONSUME_CHECK_CONSUMER) timestamp=2939 ms, used_size=15409152 bytes (37.6%)
(RDMA_READ_CONSUME_CHECK_CONSUMER) timestamp=2939 ms, used_size=15407104 bytes (37.6%)
(RDMA_READ_CONSUME_CHECK_CONSUMER) timestamp=2939 ms, used_size=15405056 bytes (37.6%)
(RDMA_READ_CONSUME_CHECK_CONSUMER) timestamp=2939 ms, used_size=15403008 bytes (37.6%)
(RDMA_READ_CONSUME_CHECK_CONSUMER) timestamp=2939 ms, used_size=15400960 bytes (37.6%)
(RDMA_READ_CONSUME_CHECK_CONSUMER) timestamp=2939 ms, used_size=15398912 bytes (37.6%)
(RDMA_READ_CONSUME_CHECK_CONSUMER) timestamp=2939 ms, used_size=15396864 bytes (37.6%)
(RDMA_READ_CONSUME_CHECK_CONSUMER) timestamp=2939 ms, used_size=15394816 bytes (37.6%)
(RDMA_READ_CONSUME_CHECK_CONSUMER) timestamp=2939 ms, used_size=15392768 bytes (37.6%)
(RDMA_READ_CONSUME_CHECK_CONSUMER) timestamp=2939 ms, used_size=15390720 bytes (37.6%)
(RDMA_READ_CONSUME_CHECK_CONSUMER) timestamp=2939 ms, used_size=15388672 bytes (37.6%)
(RDMA_READ_CONSUME_CHECK_CONSUMER) timestamp=2939 ms, used_size=15386624 bytes (37.6%)
(RDMA_READ_CONSUME_CHECK_CONSUMER) timestamp=2939 ms, used_size=15384576 bytes (37.6%)
(RDMA_READ_CONSUME_CHECK_CONSUMER) timestamp=2939 ms, used_size=15382528 bytes (37.6%)
(RDMA_READ_CONSUME_CHECK_CONSUMER) timestamp=2939 ms, used_size=15380480 bytes (37.5%)
(RDMA_READ_CONSUME_CHECK_CONSUMER) timestamp=2939 ms, used_size=15378432 bytes (37.5%)
(RDMA_READ_CONSUME_CHECK_CONSUMER) timestamp=2939 ms, used_size=15376384 bytes (37.5%)
(RDMA_READ_CONSUME_CHECK_CONSUMER) timestamp=2939 ms, used_size=15374336 bytes (37.5%)
(RDMA_READ_CONSUME_CHECK_CONSUMER) timestamp=2939 ms, used_size=15372288 bytes (37.5%)
(RDMA_READ_CONSUME_CHECK_CONSUMER) timestamp=2939 ms, used_size=15370240 bytes (37.5%)
(RDMA_READ_CONSUME_CHECK_CONSUMER) timestamp=2939 ms, used_size=15368192 bytes (37.5%)
(RDMA_READ_CONSUME_CHECK_CONSUMER) timestamp=2939 ms, used_size=15366144 bytes (37.5%)
(RDMA_READ_CONSUME_CHECK_CONSUMER) timestamp=2939 ms, used_size=15364096 bytes (37.5%)
(RDMA_READ_CONSUME_CHECK_CONSUMER) timestamp=2939 ms, used_size=15362048 bytes (37.5%)
(RDMA_READ_CONSUME_CHECK_CONSUMER) timestamp=2939 ms, used_size=15360000 bytes (37.5%)
(RDMA_READ_CONSUME_CHECK_CONSUMER) timestamp=2939 ms, used_size=15357952 bytes (37.5%)
(RDMA_READ_CONSUME_CHECK_CONSUMER) timestamp=2939 ms, used_size=15355904 bytes (37.5%)
(RDMA_READ_CONSUME_CHECK_CONSUMER) timestamp=2939 ms, used_size=15353856 bytes (37.5%)
(RDMA_READ_CONSUME_CHECK_CONSUMER) timestamp=2939 ms, used_size=15351808 bytes (37.5%)
(RDMA_READ_CONSUME_CHECK_CONSUMER) timestamp=2939 ms, used_size=15349760 bytes (37.5%)
(RDMA_READ_CONSUME_CHECK_CONSUMER) timestamp=2939 ms, used_size=15347712 bytes (37.5%)
(RDMA_READ_CONSUME_CHECK_CONSUMER) timestamp=2939 ms, used_size=15345664 bytes (37.5%)
(RDMA_READ_CONSUME_CHECK_CONSUMER) timestamp=2939 ms, used_size=15343616 bytes (37.5%)
(RDMA_READ_CONSUME_CHECK_CONSUMER) timestamp=2939 ms, used_size=15341568 bytes (37.5%)
(RDMA_READ_CONSUME_CHECK_CONSUMER) timestamp=2939 ms, used_size=15339520 bytes (37.5%)
(RDMA_READ_CONSUME_CHECK_CONSUMER) timestamp=2939 ms, used_size=15337472 bytes (37.4%)
(RDMA_READ_CONSUME_CHECK_CONSUMER) timestamp=2939 ms, used_size=15335424 bytes (37.4%)
(RDMA_READ_CONSUME_CHECK_CONSUMER) timestamp=2939 ms, used_size=15333376 bytes (37.4%)
(RDMA_READ_CONSUME_CHECK_CONSUMER) timestamp=2939 ms, used_size=15331328 bytes (37.4%)
(RDMA_READ_CONSUME_CHECK_CONSUMER) timestamp=2939 ms, used_size=15329280 bytes (37.4%)
(RDMA_READ_CONSUME_CHECK_CONSUMER) timestamp=2939 ms, used_size=15327232 bytes (37.4%)
(RDMA_READ_CONSUME_CHECK_CONSUMER) timestamp=2939 ms, used_size=15325184 bytes (37.4%)
(RDMA_READ_CONSUME_CHECK_CONSUMER) timestamp=2939 ms, used_size=15323136 bytes (37.4%)
(RDMA_READ_CONSUME_CHECK_CONSUMER) timestamp=2939 ms, used_size=15321088 bytes (37.4%)
(RDMA_READ_CONSUME_CHECK_CONSUMER) timestamp=2939 ms, used_size=15319040 bytes (37.4%)
(RDMA_READ_CONSUME_CHECK_CONSUMER) timestamp=2939 ms, used_size=15316992 bytes (37.4%)
(RDMA_READ_CONSUME_CHECK_CONSUMER) timestamp=2939 ms, used_size=15314944 bytes (37.4%)
(RDMA_READ_CONSUME_CHECK_CONSUMER) timestamp=2939 ms, used_size=15312896 bytes (37.4%)
(RDMA_READ_CONSUME_CHECK_CONSUMER) timestamp=2939 ms, used_size=15310848 bytes (37.4%)
(RDMA_READ_CONSUME_CHECK_CONSUMER) timestamp=2939 ms, used_size=15308800 bytes (37.4%)
(RDMA_READ_CONSUME_CHECK_CONSUMER) timestamp=2939 ms, used_size=15306752 bytes (37.4%)
(RDMA_READ_CONSUME_CHECK_CONSUMER) timestamp=2939 ms, used_size=15304704 bytes (37.4%)
(RDMA_READ_CONSUME_CHECK_CONSUMER) timestamp=2939 ms, used_size=15302656 bytes (37.4%)
(RDMA_READ_CONSUME_CHECK_CONSUMER) timestamp=2939 ms, used_size=15300608 bytes (37.4%)
(RDMA_READ_CONSUME_CHECK_CONSUMER) timestamp=2939 ms, used_size=15298560 bytes (37.4%)
(RDMA_READ_CONSUME_CHECK_CONSUMER) timestamp=2939 ms, used_size=15296512 bytes (37.3%)
(RDMA_READ_CONSUME_CHECK_CONSUMER) timestamp=2939 ms, used_size=15294464 bytes (37.3%)
(RDMA_READ_CONSUME_CHECK_CONSUMER) timestamp=2939 ms, used_size=15292416 bytes (37.3%)
(RDMA_READ_CONSUME_CHECK_CONSUMER) timestamp=2939 ms, used_size=15290368 bytes (37.3%)
(RDMA_READ_CONSUME_CHECK_CONSUMER) timestamp=2939 ms, used_size=15288320 bytes (37.3%)
(RDMA_READ_CONSUME_CHECK_CONSUMER) timestamp=2939 ms, used_size=15286272 bytes (37.3%)
(RDMA_READ_CONSUME_CHECK_CONSUMER) timestamp=2939 ms, used_size=15284224 bytes (37.3%)
(RDMA_READ_CONSUME_CHECK_CONSUMER) timestamp=2939 ms, used_size=15282176 bytes (37.3%)
(RDMA_READ_CONSUME_CHECK_CONSUMER) timestamp=2939 ms, used_size=15280128 bytes (37.3%)
(RDMA_READ_CONSUME_CHECK_CONSUMER) timestamp=2939 ms, used_size=15278080 bytes (37.3%)
(RDMA_READ_CONSUME_CHECK_CONSUMER) timestamp=2939 ms, used_size=15276032 bytes (37.3%)
(RDMA_READ_CONSUME_CHECK_CONSUMER) timestamp=2939 ms, used_size=15273984 bytes (37.3%)
(RDMA_READ_CONSUME_CHECK_CONSUMER) timestamp=2939 ms, used_size=15271936 bytes (37.3%)
(RDMA_READ_CONSUME_CHECK_CONSUMER) timestamp=2939 ms, used_size=15269888 bytes (37.3%)
(RDMA_READ_CONSUME_CHECK_CONSUMER) timestamp=2939 ms, used_size=15267840 bytes (37.3%)
(RDMA_READ_CONSUME_CHECK_CONSUMER) timestamp=2939 ms, used_size=15265792 bytes (37.3%)
(RDMA_READ_CONSUME_CHECK_CONSUMER) timestamp=2939 ms, used_size=15263744 bytes (37.3%)
(RDMA_READ_CONSUME_CHECK_CONSUMER) timestamp=2939 ms, used_size=15261696 bytes (37.3%)
(RDMA_READ_CONSUME_CHECK_CONSUMER) timestamp=2939 ms, used_size=15259648 bytes (37.3%)
(RDMA_READ_CONSUME_CHECK_CONSUMER) timestamp=2939 ms, used_size=15257600 bytes (37.2%)
(RDMA_READ_CONSUME_CHECK_CONSUMER) timestamp=2939 ms, used_size=15255552 bytes (37.2%)
(RDMA_READ_CONSUME_CHECK_CONSUMER) timestamp=2939 ms, used_size=15253504 bytes (37.2%)
(RDMA_READ_CONSUME_CHECK_CONSUMER) timestamp=2939 ms, used_size=15251456 bytes (37.2%)
(RDMA_READ_CONSUME_CHECK_CONSUMER) timestamp=2939 ms, used_size=15249408 bytes (37.2%)
(RDMA_READ_CONSUME_CHECK_CONSUMER) timestamp=2939 ms, used_size=15247360 bytes (37.2%)
(RDMA_READ_CONSUME_CHECK_CONSUMER) timestamp=2939 ms, used_size=15245312 bytes (37.2%)
(RDMA_READ_CONSUME_CHECK_CONSUMER) timestamp=2939 ms, used_size=15243264 bytes (37.2%)
(RDMA_READ_CONSUME_CHECK_CONSUMER) timestamp=2939 ms, used_size=15241216 bytes (37.2%)
(RDMA_READ_CONSUME_CHECK_CONSUMER) timestamp=2939 ms, used_size=15239168 bytes (37.2%)
(RDMA_READ_CONSUME_CHECK_CONSUMER) timestamp=2939 ms, used_size=15237120 bytes (37.2%)
(RDMA_READ_CONSUME_CHECK_CONSUMER) timestamp=2939 ms, used_size=15235072 bytes (37.2%)
(RDMA_READ_CONSUME_CHECK_CONSUMER) timestamp=2939 ms, used_size=15233024 bytes (37.2%)
(RDMA_READ_CONSUME_CHECK_CONSUMER) timestamp=2939 ms, used_size=15230976 bytes (37.2%)
(RDMA_READ_CONSUME_CHECK_CONSUMER) timestamp=2939 ms, used_size=15228928 bytes (37.2%)
(RDMA_READ_CONSUME_CHECK_CONSUMER) timestamp=2939 ms, used_size=15226880 bytes (37.2%)
(RDMA_READ_CONSUME_CHECK_CONSUMER) timestamp=2939 ms, used_size=15224832 bytes (37.2%)
(RDMA_READ_CONSUME_CHECK_CONSUMER) timestamp=2939 ms, used_size=15222784 bytes (37.2%)
(RDMA_READ_CONSUME_CHECK_CONSUMER) timestamp=2939 ms, used_size=15220736 bytes (37.2%)
(RDMA_READ_CONSUME_CHECK_CONSUMER) timestamp=2939 ms, used_size=15218688 bytes (37.2%)
(RDMA_READ_CONSUME_CHECK_CONSUMER) timestamp=2939 ms, used_size=15216640 bytes (37.1%)
(RDMA_READ_CONSUME_CHECK_CONSUMER) timestamp=2939 ms, used_size=15214592 bytes (37.1%)
(RDMA_READ_CONSUME_CHECK_CONSUMER) timestamp=2939 ms, used_size=15212544 bytes (37.1%)
(RDMA_READ_CONSUME_CHECK_CONSUMER) timestamp=2939 ms, used_size=15210496 bytes (37.1%)
(RDMA_READ_CONSUME_CHECK_CONSUMER) timestamp=2939 ms, used_size=15208448 bytes (37.1%)
(RDMA_READ_CONSUME_CHECK_CONSUMER) timestamp=2939 ms, used_size=15206400 bytes (37.1%)
(RDMA_READ_CONSUME_CHECK_CONSUMER) timestamp=2939 ms, used_size=15204352 bytes (37.1%)
(RDMA_READ_CONSUME_CHECK_CONSUMER) timestamp=2939 ms, used_size=15202304 bytes (37.1%)
(RDMA_READ_CONSUME_CHECK_CONSUMER) timestamp=2939 ms, used_size=15200256 bytes (37.1%)
(RDMA_READ_CONSUME_CHECK_CONSUMER) timestamp=2939 ms, used_size=15198208 bytes (37.1%)
(RDMA_READ_CONSUME_CHECK_CONSUMER) timestamp=2939 ms, used_size=15196160 bytes (37.1%)
(RDMA_READ_CONSUME_CHECK_CONSUMER) timestamp=2939 ms, used_size=15194112 bytes (37.1%)
(RDMA_READ_CONSUME_CHECK_CONSUMER) timestamp=2939 ms, used_size=15192064 bytes (37.1%)
(RDMA_READ_CONSUME_CHECK_CONSUMER) timestamp=2939 ms, used_size=15190016 bytes (37.1%)
(RDMA_READ_CONSUME_CHECK_CONSUMER) timestamp=2939 ms, used_size=15187968 bytes (37.1%)
(RDMA_READ_CONSUME_CHECK_CONSUMER) timestamp=2939 ms, used_size=15185920 bytes (37.1%)
(RDMA_READ_CONSUME_CHECK_CONSUMER) timestamp=2939 ms, used_size=15183872 bytes (37.1%)
(RDMA_READ_CONSUME_CHECK_CONSUMER) timestamp=2939 ms, used_size=15181824 bytes (37.1%)
(RDMA_READ_CONSUME_CHECK_CONSUMER) timestamp=2939 ms, used_size=15179776 bytes (37.1%)
(RDMA_READ_CONSUME_CHECK_CONSUMER) timestamp=2939 ms, used_size=15177728 bytes (37.1%)
(RDMA_READ_CONSUME_CHECK_CONSUMER) timestamp=2939 ms, used_size=15175680 bytes (37.0%)
(RDMA_READ_CONSUME_CHECK_CONSUMER) timestamp=2939 ms, used_size=15173632 bytes (37.0%)
(RDMA_READ_CONSUME_CHECK_CONSUMER) timestamp=2939 ms, used_size=15171584 bytes (37.0%)
(RDMA_READ_CONSUME_CHECK_CONSUMER) timestamp=2939 ms, used_size=15169536 bytes (37.0%)
(RDMA_READ_CONSUME_CHECK_CONSUMER) timestamp=2939 ms, used_size=15167488 bytes (37.0%)
(RDMA_READ_CONSUME_CHECK_CONSUMER) timestamp=2939 ms, used_size=15165440 bytes (37.0%)
(RDMA_READ_CONSUME_CHECK_CONSUMER) timestamp=2939 ms, used_size=15163392 bytes (37.0%)
(RDMA_READ_CONSUME_CHECK_CONSUMER) timestamp=2939 ms, used_size=15161344 bytes (37.0%)
(RDMA_READ_CONSUME_CHECK_CONSUMER) timestamp=2939 ms, used_size=15159296 bytes (37.0%)
(RDMA_READ_CONSUME_CHECK_CONSUMER) timestamp=2939 ms, used_size=15157248 bytes (37.0%)
(RDMA_READ_CONSUME_CHECK_CONSUMER) timestamp=2939 ms, used_size=15155200 bytes (37.0%)
(RDMA_READ_CONSUME_CHECK_CONSUMER) timestamp=2939 ms, used_size=15153152 bytes (37.0%)
(RDMA_READ_CONSUME_CHECK_CONSUMER) timestamp=2939 ms, used_size=15151104 bytes (37.0%)
(RDMA_READ_CONSUME_CHECK_CONSUMER) timestamp=2939 ms, used_size=15149056 bytes (37.0%)
(RDMA_READ_CONSUME_CHECK_CONSUMER) timestamp=2939 ms, used_size=15147008 bytes (37.0%)
(RDMA_READ_CONSUME_CHECK_CONSUMER) timestamp=2939 ms, used_size=15144960 bytes (37.0%)
(RDMA_READ_CONSUME_CHECK_CONSUMER) timestamp=2939 ms, used_size=15142912 bytes (37.0%)
(RDMA_READ_CONSUME_CHECK_CONSUMER) timestamp=2939 ms, used_size=15140864 bytes (37.0%)
(RDMA_READ_CONSUME_CHECK_CONSUMER) timestamp=2939 ms, used_size=15138816 bytes (37.0%)
(RDMA_READ_CONSUME_CHECK_CONSUMER) timestamp=2939 ms, used_size=15136768 bytes (37.0%)
(RDMA_READ_CONSUME_CHECK_CONSUMER) timestamp=2939 ms, used_size=15134720 bytes (37.0%)
(RDMA_READ_CONSUME_CHECK_CONSUMER) timestamp=2939 ms, used_size=15132672 bytes (36.9%)
(RDMA_READ_CONSUME_CHECK_CONSUMER) timestamp=2939 ms, used_size=15130624 bytes (36.9%)
(RDMA_READ_CONSUME_CHECK_CONSUMER) timestamp=2939 ms, used_size=15128576 bytes (36.9%)
(RDMA_READ_CONSUME_CHECK_CONSUMER) timestamp=2939 ms, used_size=15126528 bytes (36.9%)
(RDMA_READ_CONSUME_CHECK_CONSUMER) timestamp=2939 ms, used_size=15124480 bytes (36.9%)
(RDMA_READ_CONSUME_CHECK_CONSUMER) timestamp=2939 ms, used_size=15122432 bytes (36.9%)
(RDMA_READ_CONSUME_CHECK_CONSUMER) timestamp=2939 ms, used_size=15120384 bytes (36.9%)
(RDMA_READ_CONSUME_CHECK_CONSUMER) timestamp=2939 ms, used_size=15118336 bytes (36.9%)
(RDMA_READ_CONSUME_CHECK_CONSUMER) timestamp=2939 ms, used_size=15116288 bytes (36.9%)
(RDMA_READ_CONSUME_CHECK_CONSUMER) timestamp=2939 ms, used_size=15114240 bytes (36.9%)
(RDMA_READ_CONSUME_CHECK_CONSUMER) timestamp=2939 ms, used_size=15112192 bytes (36.9%)
(RDMA_READ_CONSUME_CHECK_CONSUMER) timestamp=2939 ms, used_size=15110144 bytes (36.9%)
(RDMA_READ_CONSUME_CHECK_CONSUMER) timestamp=2939 ms, used_size=15108096 bytes (36.9%)
(RDMA_READ_CONSUME_CHECK_CONSUMER) timestamp=2939 ms, used_size=15106048 bytes (36.9%)
(RDMA_READ_CONSUME_CHECK_CONSUMER) timestamp=2939 ms, used_size=15104000 bytes (36.9%)
(RDMA_READ_CONSUME_CHECK_CONSUMER) timestamp=2939 ms, used_size=15101952 bytes (36.9%)
(RDMA_READ_CONSUME_CHECK_CONSUMER) timestamp=2939 ms, used_size=15099904 bytes (36.9%)
(RDMA_READ_CONSUME_CHECK_CONSUMER) timestamp=2939 ms, used_size=15097856 bytes (36.9%)
(RDMA_READ_CONSUME_CHECK_CONSUMER) timestamp=2939 ms, used_size=15095808 bytes (36.9%)
(RDMA_READ_CONSUME_CHECK_CONSUMER) timestamp=2939 ms, used_size=15093760 bytes (36.9%)
(RDMA_READ_CONSUME_CHECK_CONSUMER) timestamp=2939 ms, used_size=15091712 bytes (36.8%)
(RDMA_READ_CONSUME_CHECK_CONSUMER) timestamp=2940 ms, used_size=15089664 bytes (36.8%)
(RDMA_READ_CONSUME_CHECK_CONSUMER) timestamp=2940 ms, used_size=15087616 bytes (36.8%)
(RDMA_READ_CONSUME_CHECK_CONSUMER) timestamp=2940 ms, used_size=15085568 bytes (36.8%)
(RDMA_READ_CONSUME_CHECK_CONSUMER) timestamp=2940 ms, used_size=15083520 bytes (36.8%)
(RDMA_READ_CONSUME_CHECK_CONSUMER) timestamp=2940 ms, used_size=15081472 bytes (36.8%)
(RDMA_READ_CONSUME_CHECK_CONSUMER) timestamp=2940 ms, used_size=15079424 bytes (36.8%)
(RDMA_READ_CONSUME_CHECK_CONSUMER) timestamp=2940 ms, used_size=15077376 bytes (36.8%)
(RDMA_READ_CONSUME_CHECK_CONSUMER) timestamp=2940 ms, used_size=15075328 bytes (36.8%)
(RDMA_READ_CONSUME_CHECK_CONSUMER) timestamp=2940 ms, used_size=15073280 bytes (36.8%)
(RDMA_READ_CONSUME_CHECK_CONSUMER) timestamp=2940 ms, used_size=15071232 bytes (36.8%)
(RDMA_READ_CONSUME_CHECK_CONSUMER) timestamp=2940 ms, used_size=15069184 bytes (36.8%)
(RDMA_READ_CONSUME_CHECK_CONSUMER) timestamp=2940 ms, used_size=15067136 bytes (36.8%)
(RDMA_READ_CONSUME_CHECK_CONSUMER) timestamp=2940 ms, used_size=15065088 bytes (36.8%)
(RDMA_READ_CONSUME_CHECK_CONSUMER) timestamp=2940 ms, used_size=15063040 bytes (36.8%)
(RDMA_READ_CONSUME_CHECK_CONSUMER) timestamp=2940 ms, used_size=15060992 bytes (36.8%)
(RDMA_READ_CONSUME_CHECK_CONSUMER) timestamp=2940 ms, used_size=15058944 bytes (36.8%)
(RDMA_READ_CONSUME_CHECK_CONSUMER) timestamp=2940 ms, used_size=15056896 bytes (36.8%)
(RDMA_READ_CONSUME_CHECK_CONSUMER) timestamp=2940 ms, used_size=15054848 bytes (36.8%)
(RDMA_READ_CONSUME_CHECK_CONSUMER) timestamp=2940 ms, used_size=15052800 bytes (36.8%)
(RDMA_READ_CONSUME_CHECK_CONSUMER) timestamp=2940 ms, used_size=15050752 bytes (36.7%)
(RDMA_READ_CONSUME_CHECK_CONSUMER) timestamp=2940 ms, used_size=15048704 bytes (36.7%)
(RDMA_READ_CONSUME_CHECK_CONSUMER) timestamp=2940 ms, used_size=15046656 bytes (36.7%)
(RDMA_READ_CONSUME_CHECK_CONSUMER) timestamp=2940 ms, used_size=15044608 bytes (36.7%)
(RDMA_READ_CONSUME_CHECK_CONSUMER) timestamp=2940 ms, used_size=15042560 bytes (36.7%)
(RDMA_READ_CONSUME_CHECK_CONSUMER) timestamp=2940 ms, used_size=15040512 bytes (36.7%)
(RDMA_READ_CONSUME_CHECK_CONSUMER) timestamp=2940 ms, used_size=15038464 bytes (36.7%)
(RDMA_READ_CONSUME_CHECK_CONSUMER) timestamp=2940 ms, used_size=15036416 bytes (36.7%)
(RDMA_READ_CONSUME_CHECK_CONSUMER) timestamp=2940 ms, used_size=15034368 bytes (36.7%)
(RDMA_READ_CONSUME_CHECK_CONSUMER) timestamp=2940 ms, used_size=15032320 bytes (36.7%)
(RDMA_READ_CONSUME_CHECK_CONSUMER) timestamp=2940 ms, used_size=15030272 bytes (36.7%)
(RDMA_READ_CONSUME_CHECK_CONSUMER) timestamp=2940 ms, used_size=15028224 bytes (36.7%)
(RDMA_READ_CONSUME_CHECK_CONSUMER) timestamp=2940 ms, used_size=15026176 bytes (36.7%)
(RDMA_READ_CONSUME_CHECK_CONSUMER) timestamp=2940 ms, used_size=15024128 bytes (36.7%)
(RDMA_READ_CONSUME_CHECK_CONSUMER) timestamp=2940 ms, used_size=15022080 bytes (36.7%)
(RDMA_READ_CONSUME_CHECK_CONSUMER) timestamp=2940 ms, used_size=15020032 bytes (36.7%)
(RDMA_READ_CONSUME_CHECK_CONSUMER) timestamp=2940 ms, used_size=15017984 bytes (36.7%)
(RDMA_READ_CONSUME_CHECK_CONSUMER) timestamp=2940 ms, used_size=15015936 bytes (36.7%)
(RDMA_READ_CONSUME_CHECK_CONSUMER) timestamp=2940 ms, used_size=15013888 bytes (36.7%)
(RDMA_READ_CONSUME_CHECK_CONSUMER) timestamp=2940 ms, used_size=15011840 bytes (36.6%)
(RDMA_READ_CONSUME_CHECK_CONSUMER) timestamp=2940 ms, used_size=15009792 bytes (36.6%)
(RDMA_READ_CONSUME_CHECK_CONSUMER) timestamp=2940 ms, used_size=15007744 bytes (36.6%)
(RDMA_READ_CONSUME_CHECK_CONSUMER) timestamp=2940 ms, used_size=15005696 bytes (36.6%)
(RDMA_READ_CONSUME_CHECK_CONSUMER) timestamp=2940 ms, used_size=15003648 bytes (36.6%)
(RDMA_READ_CONSUME_CHECK_CONSUMER) timestamp=2940 ms, used_size=15001600 bytes (36.6%)
(RDMA_READ_CONSUME_CHECK_CONSUMER) timestamp=2940 ms, used_size=14999552 bytes (36.6%)
(RDMA_READ_CONSUME_CHECK_CONSUMER) timestamp=2940 ms, used_size=14997504 bytes (36.6%)
(RDMA_READ_CONSUME_CHECK_CONSUMER) timestamp=2940 ms, used_size=14995456 bytes (36.6%)
(RDMA_READ_CONSUME_CHECK_CONSUMER) timestamp=2940 ms, used_size=14993408 bytes (36.6%)
(RDMA_READ_CONSUME_CHECK_CONSUMER) timestamp=2940 ms, used_size=14991360 bytes (36.6%)
(RDMA_READ_CONSUME_CHECK_CONSUMER) timestamp=2940 ms, used_size=14989312 bytes (36.6%)
(RDMA_READ_CONSUME_CHECK_CONSUMER) timestamp=2940 ms, used_size=14987264 bytes (36.6%)
(RDMA_READ_CONSUME_CHECK_CONSUMER) timestamp=2940 ms, used_size=14985216 bytes (36.6%)
(RDMA_READ_CONSUME_CHECK_CONSUMER) timestamp=2940 ms, used_size=14983168 bytes (36.6%)
(RDMA_READ_CONSUME_CHECK_CONSUMER) timestamp=2940 ms, used_size=14981120 bytes (36.6%)
(RDMA_READ_CONSUME_CHECK_CONSUMER) timestamp=2940 ms, used_size=14979072 bytes (36.6%)
(RDMA_READ_CONSUME_CHECK_CONSUMER) timestamp=2940 ms, used_size=14977024 bytes (36.6%)
(RDMA_READ_CONSUME_CHECK_CONSUMER) timestamp=2940 ms, used_size=14974976 bytes (36.6%)
(RDMA_READ_CONSUME_CHECK_CONSUMER) timestamp=2940 ms, used_size=14972928 bytes (36.6%)
(RDMA_READ_CONSUME_CHECK_CONSUMER) timestamp=2940 ms, used_size=14970880 bytes (36.5%)
(RDMA_READ_CONSUME_CHECK_CONSUMER) timestamp=2940 ms, used_size=14968832 bytes (36.5%)
(RDMA_READ_CONSUME_CHECK_CONSUMER) timestamp=2940 ms, used_size=14966784 bytes (36.5%)
(RDMA_READ_CONSUME_CHECK_CONSUMER) timestamp=2940 ms, used_size=14964736 bytes (36.5%)
(RDMA_READ_CONSUME_CHECK_CONSUMER) timestamp=2940 ms, used_size=14962688 bytes (36.5%)
(RDMA_READ_CONSUME_CHECK_CONSUMER) timestamp=2940 ms, used_size=14960640 bytes (36.5%)
(RDMA_READ_CONSUME_CHECK_CONSUMER) timestamp=2940 ms, used_size=14958592 bytes (36.5%)
(RDMA_READ_CONSUME_CHECK_CONSUMER) timestamp=2940 ms, used_size=14956544 bytes (36.5%)
(RDMA_READ_CONSUME_CHECK_CONSUMER) timestamp=2940 ms, used_size=14954496 bytes (36.5%)
(RDMA_READ_CONSUME_CHECK_CONSUMER) timestamp=2940 ms, used_size=14952448 bytes (36.5%)
(RDMA_READ_CONSUME_CHECK_CONSUMER) timestamp=2940 ms, used_size=14950400 bytes (36.5%)
(RDMA_READ_CONSUME_CHECK_CONSUMER) timestamp=2940 ms, used_size=14948352 bytes (36.5%)
(RDMA_READ_CONSUME_CHECK_CONSUMER) timestamp=2940 ms, used_size=14946304 bytes (36.5%)
(RDMA_READ_CONSUME_CHECK_CONSUMER) timestamp=2940 ms, used_size=14944256 bytes (36.5%)
(RDMA_READ_CONSUME_CHECK_CONSUMER) timestamp=2940 ms, used_size=14942208 bytes (36.5%)
(RDMA_READ_CONSUME_CHECK_CONSUMER) timestamp=2940 ms, used_size=14940160 bytes (36.5%)
(RDMA_READ_CONSUME_CHECK_CONSUMER) timestamp=2940 ms, used_size=14938112 bytes (36.5%)
(RDMA_READ_CONSUME_CHECK_CONSUMER) timestamp=2940 ms, used_size=14936064 bytes (36.5%)
(RDMA_READ_CONSUME_CHECK_CONSUMER) timestamp=2940 ms, used_size=14934016 bytes (36.5%)
(RDMA_READ_CONSUME_CHECK_CONSUMER) timestamp=2940 ms, used_size=14931968 bytes (36.5%)
(RDMA_READ_CONSUME_CHECK_CONSUMER) timestamp=2940 ms, used_size=14929920 bytes (36.5%)
(RDMA_READ_CONSUME_CHECK_CONSUMER) timestamp=2940 ms, used_size=14927872 bytes (36.4%)
(RDMA_READ_CONSUME_CHECK_CONSUMER) timestamp=2940 ms, used_size=14925824 bytes (36.4%)
(RDMA_READ_CONSUME_CHECK_CONSUMER) timestamp=2940 ms, used_size=14923776 bytes (36.4%)
(RDMA_READ_CONSUME_CHECK_CONSUMER) timestamp=2940 ms, used_size=14921728 bytes (36.4%)
(RDMA_READ_CONSUME_CHECK_CONSUMER) timestamp=2940 ms, used_size=14919680 bytes (36.4%)
(RDMA_READ_CONSUME_CHECK_CONSUMER) timestamp=2940 ms, used_size=14917632 bytes (36.4%)
(RDMA_READ_CONSUME_CHECK_CONSUMER) timestamp=2940 ms, used_size=14915584 bytes (36.4%)
(RDMA_READ_CONSUME_CHECK_CONSUMER) timestamp=2940 ms, used_size=14913536 bytes (36.4%)
(RDMA_READ_CONSUME_CHECK_CONSUMER) timestamp=2940 ms, used_size=14911488 bytes (36.4%)
(RDMA_READ_CONSUME_CHECK_CONSUMER) timestamp=2940 ms, used_size=14909440 bytes (36.4%)
(RDMA_READ_CONSUME_CHECK_CONSUMER) timestamp=2940 ms, used_size=14907392 bytes (36.4%)
(RDMA_READ_CONSUME_CHECK_CONSUMER) timestamp=2940 ms, used_size=14905344 bytes (36.4%)
(RDMA_READ_CONSUME_CHECK_CONSUMER) timestamp=2940 ms, used_size=14903296 bytes (36.4%)
(RDMA_READ_CONSUME_CHECK_CONSUMER) timestamp=2940 ms, used_size=14901248 bytes (36.4%)
(RDMA_READ_CONSUME_CHECK_CONSUMER) timestamp=2940 ms, used_size=14899200 bytes (36.4%)
(RDMA_READ_CONSUME_CHECK_CONSUMER) timestamp=2940 ms, used_size=14897152 bytes (36.4%)
(RDMA_READ_CONSUME_CHECK_CONSUMER) timestamp=2940 ms, used_size=14895104 bytes (36.4%)
(RDMA_READ_CONSUME_CHECK_CONSUMER) timestamp=2940 ms, used_size=14893056 bytes (36.4%)
(RDMA_READ_CONSUME_CHECK_CONSUMER) timestamp=2940 ms, used_size=14891008 bytes (36.4%)
(RDMA_READ_CONSUME_CHECK_CONSUMER) timestamp=2940 ms, used_size=14888960 bytes (36.4%)
(RDMA_READ_CONSUME_CHECK_CONSUMER) timestamp=2940 ms, used_size=14886912 bytes (36.3%)
(RDMA_READ_CONSUME_CHECK_CONSUMER) timestamp=2940 ms, used_size=14884864 bytes (36.3%)
(RDMA_READ_CONSUME_CHECK_CONSUMER) timestamp=2940 ms, used_size=14882816 bytes (36.3%)
(RDMA_READ_CONSUME_CHECK_CONSUMER) timestamp=2940 ms, used_size=14880768 bytes (36.3%)
(RDMA_READ_CONSUME_CHECK_CONSUMER) timestamp=2940 ms, used_size=14878720 bytes (36.3%)
(RDMA_READ_CONSUME_CHECK_CONSUMER) timestamp=2940 ms, used_size=14876672 bytes (36.3%)
(RDMA_READ_CONSUME_CHECK_CONSUMER) timestamp=2940 ms, used_size=14874624 bytes (36.3%)
(RDMA_READ_CONSUME_CHECK_CONSUMER) timestamp=2940 ms, used_size=14872576 bytes (36.3%)
(RDMA_READ_CONSUME_CHECK_CONSUMER) timestamp=2940 ms, used_size=14870528 bytes (36.3%)
(RDMA_READ_CONSUME_CHECK_CONSUMER) timestamp=2940 ms, used_size=14868480 bytes (36.3%)
(RDMA_READ_CONSUME_CHECK_CONSUMER) timestamp=2940 ms, used_size=14866432 bytes (36.3%)
(RDMA_READ_CONSUME_CHECK_CONSUMER) timestamp=2940 ms, used_size=14864384 bytes (36.3%)
(RDMA_READ_CONSUME_CHECK_CONSUMER) timestamp=2940 ms, used_size=14862336 bytes (36.3%)
(RDMA_READ_CONSUME_CHECK_CONSUMER) timestamp=2940 ms, used_size=14860288 bytes (36.3%)
(RDMA_READ_CONSUME_CHECK_CONSUMER) timestamp=2940 ms, used_size=14858240 bytes (36.3%)
(RDMA_READ_CONSUME_CHECK_CONSUMER) timestamp=2940 ms, used_size=14856192 bytes (36.3%)
(RDMA_READ_CONSUME_CHECK_CONSUMER) timestamp=2940 ms, used_size=14854144 bytes (36.3%)
(RDMA_READ_CONSUME_CHECK_CONSUMER) timestamp=2940 ms, used_size=14852096 bytes (36.3%)
(RDMA_READ_CONSUME_CHECK_CONSUMER) timestamp=2940 ms, used_size=14850048 bytes (36.3%)
(RDMA_READ_CONSUME_CHECK_CONSUMER) timestamp=2940 ms, used_size=14848000 bytes (36.2%)
(RDMA_READ_CONSUME_CHECK_CONSUMER) timestamp=2940 ms, used_size=14845952 bytes (36.2%)
(RDMA_READ_CONSUME_CHECK_CONSUMER) timestamp=2940 ms, used_size=14843904 bytes (36.2%)
(RDMA_READ_CONSUME_CHECK_CONSUMER) timestamp=2940 ms, used_size=14841856 bytes (36.2%)
(RDMA_READ_CONSUME_CHECK_CONSUMER) timestamp=2940 ms, used_size=14839808 bytes (36.2%)
(RDMA_READ_CONSUME_CHECK_CONSUMER) timestamp=2940 ms, used_size=14837760 bytes (36.2%)
(RDMA_READ_CONSUME_CHECK_CONSUMER) timestamp=2940 ms, used_size=14835712 bytes (36.2%)
(RDMA_READ_CONSUME_CHECK_CONSUMER) timestamp=2940 ms, used_size=14833664 bytes (36.2%)
(RDMA_READ_CONSUME_CHECK_CONSUMER) timestamp=2940 ms, used_size=14831616 bytes (36.2%)
(RDMA_READ_CONSUME_CHECK_CONSUMER) timestamp=2940 ms, used_size=14829568 bytes (36.2%)
(RDMA_READ_CONSUME_CHECK_CONSUMER) timestamp=2940 ms, used_size=14827520 bytes (36.2%)
(RDMA_READ_CONSUME_CHECK_CONSUMER) timestamp=2940 ms, used_size=14825472 bytes (36.2%)
(RDMA_READ_CONSUME_CHECK_CONSUMER) timestamp=2940 ms, used_size=14823424 bytes (36.2%)
(RDMA_READ_CONSUME_CHECK_CONSUMER) timestamp=2940 ms, used_size=14821376 bytes (36.2%)
(RDMA_READ_CONSUME_CHECK_CONSUMER) timestamp=2940 ms, used_size=14819328 bytes (36.2%)
(RDMA_READ_CONSUME_CHECK_CONSUMER) timestamp=2940 ms, used_size=14817280 bytes (36.2%)
(RDMA_READ_CONSUME_CHECK_CONSUMER) timestamp=2940 ms, used_size=14815232 bytes (36.2%)
(RDMA_READ_CONSUME_CHECK_CONSUMER) timestamp=2940 ms, used_size=14813184 bytes (36.2%)
(RDMA_READ_CONSUME_CHECK_CONSUMER) timestamp=2940 ms, used_size=14811136 bytes (36.2%)
(RDMA_READ_CONSUME_CHECK_CONSUMER) timestamp=2940 ms, used_size=14809088 bytes (36.2%)
(RDMA_READ_CONSUME_CHECK_CONSUMER) timestamp=2940 ms, used_size=14807040 bytes (36.1%)
(RDMA_READ_CONSUME_CHECK_CONSUMER) timestamp=2940 ms, used_size=14804992 bytes (36.1%)
(RDMA_READ_CONSUME_CHECK_CONSUMER) timestamp=2940 ms, used_size=14802944 bytes (36.1%)
(RDMA_READ_CONSUME_CHECK_CONSUMER) timestamp=2940 ms, used_size=14800896 bytes (36.1%)
(RDMA_READ_CONSUME_CHECK_CONSUMER) timestamp=2940 ms, used_size=14798848 bytes (36.1%)
(RDMA_READ_CONSUME_CHECK_CONSUMER) timestamp=2940 ms, used_size=14796800 bytes (36.1%)
(RDMA_READ_CONSUME_CHECK_CONSUMER) timestamp=2940 ms, used_size=14794752 bytes (36.1%)
(RDMA_READ_CONSUME_CHECK_CONSUMER) timestamp=2940 ms, used_size=14792704 bytes (36.1%)
(RDMA_READ_CONSUME_CHECK_CONSUMER) timestamp=2940 ms, used_size=14790656 bytes (36.1%)
(RDMA_READ_CONSUME_CHECK_CONSUMER) timestamp=2940 ms, used_size=14788608 bytes (36.1%)
(RDMA_READ_CONSUME_CHECK_CONSUMER) timestamp=2940 ms, used_size=14786560 bytes (36.1%)
(RDMA_READ_CONSUME_CHECK_CONSUMER) timestamp=2940 ms, used_size=14784512 bytes (36.1%)
(RDMA_READ_CONSUME_CHECK_CONSUMER) timestamp=2940 ms, used_size=14782464 bytes (36.1%)
(RDMA_READ_CONSUME_CHECK_CONSUMER) timestamp=2940 ms, used_size=14780416 bytes (36.1%)
(RDMA_READ_CONSUME_CHECK_CONSUMER) timestamp=2940 ms, used_size=14778368 bytes (36.1%)
(RDMA_READ_CONSUME_CHECK_CONSUMER) timestamp=2940 ms, used_size=14776320 bytes (36.1%)
(RDMA_READ_CONSUME_CHECK_CONSUMER) timestamp=2940 ms, used_size=14774272 bytes (36.1%)
(RDMA_READ_CONSUME_CHECK_CONSUMER) timestamp=2940 ms, used_size=14772224 bytes (36.1%)
(RDMA_READ_CONSUME_CHECK_CONSUMER) timestamp=2940 ms, used_size=14770176 bytes (36.1%)
(RDMA_READ_CONSUME_CHECK_CONSUMER) timestamp=2940 ms, used_size=14768128 bytes (36.1%)
(RDMA_READ_CONSUME_CHECK_CONSUMER) timestamp=2940 ms, used_size=14766080 bytes (36.0%)
(RDMA_READ_CONSUME_CHECK_CONSUMER) timestamp=2940 ms, used_size=14764032 bytes (36.0%)
(RDMA_READ_CONSUME_CHECK_CONSUMER) timestamp=2940 ms, used_size=14761984 bytes (36.0%)
(RDMA_READ_CONSUME_CHECK_CONSUMER) timestamp=2940 ms, used_size=14759936 bytes (36.0%)
(RDMA_READ_CONSUME_CHECK_CONSUMER) timestamp=2940 ms, used_size=14757888 bytes (36.0%)
(RDMA_READ_CONSUME_CHECK_CONSUMER) timestamp=2940 ms, used_size=14755840 bytes (36.0%)
(RDMA_READ_CONSUME_CHECK_CONSUMER) timestamp=2940 ms, used_size=14753792 bytes (36.0%)
(RDMA_READ_CONSUME_CHECK_CONSUMER) timestamp=2940 ms, used_size=14751744 bytes (36.0%)
(RDMA_READ_CONSUME_CHECK_CONSUMER) timestamp=2940 ms, used_size=14749696 bytes (36.0%)
(RDMA_READ_CONSUME_CHECK_CONSUMER) timestamp=2940 ms, used_size=14747648 bytes (36.0%)
(RDMA_READ_CONSUME_CHECK_CONSUMER) timestamp=2940 ms, used_size=14745600 bytes (36.0%)
(RDMA_READ_CONSUME_CHECK_CONSUMER) timestamp=2940 ms, used_size=14743552 bytes (36.0%)
(RDMA_READ_CONSUME_CHECK_CONSUMER) timestamp=2940 ms, used_size=14741504 bytes (36.0%)
(RDMA_READ_CONSUME_CHECK_CONSUMER) timestamp=2940 ms, used_size=14739456 bytes (36.0%)
(RDMA_READ_CONSUME_CHECK_CONSUMER) timestamp=2940 ms, used_size=14737408 bytes (36.0%)
(RDMA_READ_CONSUME_CHECK_CONSUMER) timestamp=2940 ms, used_size=14735360 bytes (36.0%)
(RDMA_READ_CONSUME_CHECK_CONSUMER) timestamp=2940 ms, used_size=14733312 bytes (36.0%)
(RDMA_READ_CONSUME_CHECK_CONSUMER) timestamp=2940 ms, used_size=14731264 bytes (36.0%)
(RDMA_READ_CONSUME_CHECK_CONSUMER) timestamp=2940 ms, used_size=14729216 bytes (36.0%)
(RDMA_READ_CONSUME_CHECK_CONSUMER) timestamp=2941 ms, used_size=14727168 bytes (36.0%)
(RDMA_READ_CONSUME_CHECK_CONSUMER) timestamp=2941 ms, used_size=14725120 bytes (36.0%)
(RDMA_READ_CONSUME_CHECK_CONSUMER) timestamp=2941 ms, used_size=14723072 bytes (35.9%)
(RDMA_READ_CONSUME_CHECK_CONSUMER) timestamp=2941 ms, used_size=14721024 bytes (35.9%)
(RDMA_READ_CONSUME_CHECK_CONSUMER) timestamp=2941 ms, used_size=14718976 bytes (35.9%)
(RDMA_READ_CONSUME_CHECK_CONSUMER) timestamp=2941 ms, used_size=14716928 bytes (35.9%)
(RDMA_READ_CONSUME_CHECK_CONSUMER) timestamp=2941 ms, used_size=14714880 bytes (35.9%)
(RDMA_READ_CONSUME_CHECK_CONSUMER) timestamp=2941 ms, used_size=14712832 bytes (35.9%)
(RDMA_READ_CONSUME_CHECK_CONSUMER) timestamp=2941 ms, used_size=14710784 bytes (35.9%)
(RDMA_READ_CONSUME_CHECK_CONSUMER) timestamp=2941 ms, used_size=14708736 bytes (35.9%)
(RDMA_READ_CONSUME_CHECK_CONSUMER) timestamp=2941 ms, used_size=14706688 bytes (35.9%)
(RDMA_READ_CONSUME_CHECK_CONSUMER) timestamp=2941 ms, used_size=14704640 bytes (35.9%)
(RDMA_READ_CONSUME_CHECK_CONSUMER) timestamp=2941 ms, used_size=14702592 bytes (35.9%)
(RDMA_READ_CONSUME_CHECK_CONSUMER) timestamp=2941 ms, used_size=14700544 bytes (35.9%)
(RDMA_READ_CONSUME_CHECK_CONSUMER) timestamp=2941 ms, used_size=14698496 bytes (35.9%)
(RDMA_READ_CONSUME_CHECK_CONSUMER) timestamp=2941 ms, used_size=14696448 bytes (35.9%)
(RDMA_READ_CONSUME_CHECK_CONSUMER) timestamp=2941 ms, used_size=14694400 bytes (35.9%)
(RDMA_READ_CONSUME_CHECK_CONSUMER) timestamp=2941 ms, used_size=14692352 bytes (35.9%)
(RDMA_READ_CONSUME_CHECK_CONSUMER) timestamp=2941 ms, used_size=14690304 bytes (35.9%)
(RDMA_READ_CONSUME_CHECK_CONSUMER) timestamp=2941 ms, used_size=14688256 bytes (35.9%)
(RDMA_READ_CONSUME_CHECK_CONSUMER) timestamp=2941 ms, used_size=14686208 bytes (35.9%)
(RDMA_READ_CONSUME_CHECK_CONSUMER) timestamp=2941 ms, used_size=14684160 bytes (35.9%)
(RDMA_READ_CONSUME_CHECK_CONSUMER) timestamp=2941 ms, used_size=14682112 bytes (35.8%)
(RDMA_READ_CONSUME_CHECK_CONSUMER) timestamp=2941 ms, used_size=14680064 bytes (35.8%)
(RDMA_READ_CONSUME_CHECK_CONSUMER) timestamp=2941 ms, used_size=14678016 bytes (35.8%)
(RDMA_READ_CONSUME_CHECK_CONSUMER) timestamp=2941 ms, used_size=14675968 bytes (35.8%)
(RDMA_READ_CONSUME_CHECK_CONSUMER) timestamp=2941 ms, used_size=14673920 bytes (35.8%)
(RDMA_READ_CONSUME_CHECK_CONSUMER) timestamp=2941 ms, used_size=14671872 bytes (35.8%)
(RDMA_READ_CONSUME_CHECK_CONSUMER) timestamp=2941 ms, used_size=14669824 bytes (35.8%)
(RDMA_READ_CONSUME_CHECK_CONSUMER) timestamp=2941 ms, used_size=14667776 bytes (35.8%)
(RDMA_READ_CONSUME_CHECK_CONSUMER) timestamp=2941 ms, used_size=14665728 bytes (35.8%)
(RDMA_READ_CONSUME_CHECK_CONSUMER) timestamp=2941 ms, used_size=14663680 bytes (35.8%)
(RDMA_READ_CONSUME_CHECK_CONSUMER) timestamp=2941 ms, used_size=14661632 bytes (35.8%)
(RDMA_READ_CONSUME_CHECK_CONSUMER) timestamp=2941 ms, used_size=14659584 bytes (35.8%)
(RDMA_READ_CONSUME_CHECK_CONSUMER) timestamp=2941 ms, used_size=14657536 bytes (35.8%)
(RDMA_READ_CONSUME_CHECK_CONSUMER) timestamp=2941 ms, used_size=14655488 bytes (35.8%)
(RDMA_READ_CONSUME_CHECK_CONSUMER) timestamp=2941 ms, used_size=14653440 bytes (35.8%)
(RDMA_READ_CONSUME_CHECK_CONSUMER) timestamp=2941 ms, used_size=14651392 bytes (35.8%)
(RDMA_READ_CONSUME_CHECK_CONSUMER) timestamp=2941 ms, used_size=14649344 bytes (35.8%)
(RDMA_READ_CONSUME_CHECK_CONSUMER) timestamp=2941 ms, used_size=14647296 bytes (35.8%)
(RDMA_READ_CONSUME_CHECK_CONSUMER) timestamp=2941 ms, used_size=14645248 bytes (35.8%)
(RDMA_READ_CONSUME_CHECK_CONSUMER) timestamp=2941 ms, used_size=14643200 bytes (35.8%)
(RDMA_READ_CONSUME_CHECK_CONSUMER) timestamp=2941 ms, used_size=14641152 bytes (35.7%)
(RDMA_READ_CONSUME_CHECK_CONSUMER) timestamp=2941 ms, used_size=14639104 bytes (35.7%)
(RDMA_READ_CONSUME_CHECK_CONSUMER) timestamp=2941 ms, used_size=14637056 bytes (35.7%)
(RDMA_READ_CONSUME_CHECK_CONSUMER) timestamp=2941 ms, used_size=14635008 bytes (35.7%)
(RDMA_READ_CONSUME_CHECK_CONSUMER) timestamp=2941 ms, used_size=14632960 bytes (35.7%)
(RDMA_READ_CONSUME_CHECK_CONSUMER) timestamp=2941 ms, used_size=14630912 bytes (35.7%)
(RDMA_READ_CONSUME_CHECK_CONSUMER) timestamp=2941 ms, used_size=14628864 bytes (35.7%)
(RDMA_READ_CONSUME_CHECK_CONSUMER) timestamp=2941 ms, used_size=14626816 bytes (35.7%)
(RDMA_READ_CONSUME_CHECK_CONSUMER) timestamp=2941 ms, used_size=14624768 bytes (35.7%)
(RDMA_READ_CONSUME_CHECK_CONSUMER) timestamp=2941 ms, used_size=14622720 bytes (35.7%)
(RDMA_READ_CONSUME_CHECK_CONSUMER) timestamp=2941 ms, used_size=14620672 bytes (35.7%)
(RDMA_READ_CONSUME_CHECK_CONSUMER) timestamp=2941 ms, used_size=14618624 bytes (35.7%)
(RDMA_READ_CONSUME_CHECK_CONSUMER) timestamp=2941 ms, used_size=14616576 bytes (35.7%)
(RDMA_READ_CONSUME_CHECK_CONSUMER) timestamp=2941 ms, used_size=14614528 bytes (35.7%)
(RDMA_READ_CONSUME_CHECK_CONSUMER) timestamp=2941 ms, used_size=14612480 bytes (35.7%)
(RDMA_READ_CONSUME_CHECK_CONSUMER) timestamp=2941 ms, used_size=14610432 bytes (35.7%)
(RDMA_READ_CONSUME_CHECK_CONSUMER) timestamp=2941 ms, used_size=14608384 bytes (35.7%)
(RDMA_READ_CONSUME_CHECK_CONSUMER) timestamp=2941 ms, used_size=14606336 bytes (35.7%)
(RDMA_READ_CONSUME_CHECK_CONSUMER) timestamp=2941 ms, used_size=14604288 bytes (35.7%)
(RDMA_READ_CONSUME_CHECK_CONSUMER) timestamp=2941 ms, used_size=14602240 bytes (35.6%)
(RDMA_READ_CONSUME_CHECK_CONSUMER) timestamp=2941 ms, used_size=14600192 bytes (35.6%)
(RDMA_READ_CONSUME_CHECK_CONSUMER) timestamp=2941 ms, used_size=14598144 bytes (35.6%)
(RDMA_READ_CONSUME_CHECK_CONSUMER) timestamp=2941 ms, used_size=14596096 bytes (35.6%)
(RDMA_READ_CONSUME_CHECK_CONSUMER) timestamp=2941 ms, used_size=14594048 bytes (35.6%)
(RDMA_READ_CONSUME_CHECK_CONSUMER) timestamp=2941 ms, used_size=14592000 bytes (35.6%)
(RDMA_READ_CONSUME_CHECK_CONSUMER) timestamp=2941 ms, used_size=14589952 bytes (35.6%)
(RDMA_READ_CONSUME_CHECK_CONSUMER) timestamp=2941 ms, used_size=14587904 bytes (35.6%)
(RDMA_READ_CONSUME_CHECK_CONSUMER) timestamp=2941 ms, used_size=14585856 bytes (35.6%)
(RDMA_READ_CONSUME_CHECK_CONSUMER) timestamp=2941 ms, used_size=14583808 bytes (35.6%)
(RDMA_READ_CONSUME_CHECK_CONSUMER) timestamp=2941 ms, used_size=14581760 bytes (35.6%)
(RDMA_READ_CONSUME_CHECK_CONSUMER) timestamp=2941 ms, used_size=14579712 bytes (35.6%)
(RDMA_READ_CONSUME_CHECK_CONSUMER) timestamp=2941 ms, used_size=14577664 bytes (35.6%)
(RDMA_READ_CONSUME_CHECK_CONSUMER) timestamp=2941 ms, used_size=14575616 bytes (35.6%)
(RDMA_READ_CONSUME_CHECK_CONSUMER) timestamp=2941 ms, used_size=14573568 bytes (35.6%)
(RDMA_READ_CONSUME_CHECK_CONSUMER) timestamp=2941 ms, used_size=14571520 bytes (35.6%)
(RDMA_READ_CONSUME_CHECK_CONSUMER) timestamp=2941 ms, used_size=14569472 bytes (35.6%)
(RDMA_READ_CONSUME_CHECK_CONSUMER) timestamp=2941 ms, used_size=14567424 bytes (35.6%)
(RDMA_READ_CONSUME_CHECK_CONSUMER) timestamp=2941 ms, used_size=14565376 bytes (35.6%)
(RDMA_READ_CONSUME_CHECK_CONSUMER) timestamp=2941 ms, used_size=14563328 bytes (35.6%)
(RDMA_READ_CONSUME_CHECK_CONSUMER) timestamp=2941 ms, used_size=14561280 bytes (35.5%)
(RDMA_READ_CONSUME_CHECK_CONSUMER) timestamp=2941 ms, used_size=14559232 bytes (35.5%)
(RDMA_READ_CONSUME_CHECK_CONSUMER) timestamp=2941 ms, used_size=14557184 bytes (35.5%)
(RDMA_READ_CONSUME_CHECK_CONSUMER) timestamp=2941 ms, used_size=14555136 bytes (35.5%)
(RDMA_READ_CONSUME_CHECK_CONSUMER) timestamp=2941 ms, used_size=14553088 bytes (35.5%)
(RDMA_READ_CONSUME_CHECK_CONSUMER) timestamp=2941 ms, used_size=14551040 bytes (35.5%)
(RDMA_READ_CONSUME_CHECK_CONSUMER) timestamp=2941 ms, used_size=14548992 bytes (35.5%)
(RDMA_READ_CONSUME_CHECK_CONSUMER) timestamp=2941 ms, used_size=14546944 bytes (35.5%)
(RDMA_READ_CONSUME_CHECK_CONSUMER) timestamp=2941 ms, used_size=14544896 bytes (35.5%)
(RDMA_READ_CONSUME_CHECK_CONSUMER) timestamp=2941 ms, used_size=14542848 bytes (35.5%)
(RDMA_READ_CONSUME_CHECK_CONSUMER) timestamp=2941 ms, used_size=14540800 bytes (35.5%)
(RDMA_READ_CONSUME_CHECK_CONSUMER) timestamp=2941 ms, used_size=14538752 bytes (35.5%)
(RDMA_READ_CONSUME_CHECK_CONSUMER) timestamp=2941 ms, used_size=14536704 bytes (35.5%)
(RDMA_READ_CONSUME_CHECK_CONSUMER) timestamp=2941 ms, used_size=14534656 bytes (35.5%)
(RDMA_READ_CONSUME_CHECK_CONSUMER) timestamp=2941 ms, used_size=14532608 bytes (35.5%)
(RDMA_READ_CONSUME_CHECK_CONSUMER) timestamp=2941 ms, used_size=14530560 bytes (35.5%)
(RDMA_READ_CONSUME_CHECK_CONSUMER) timestamp=2941 ms, used_size=14528512 bytes (35.5%)
(RDMA_READ_CONSUME_CHECK_CONSUMER) timestamp=2941 ms, used_size=14526464 bytes (35.5%)
(RDMA_READ_CONSUME_CHECK_CONSUMER) timestamp=2941 ms, used_size=14524416 bytes (35.5%)
(RDMA_READ_CONSUME_CHECK_CONSUMER) timestamp=2941 ms, used_size=14522368 bytes (35.5%)
(RDMA_READ_CONSUME_CHECK_CONSUMER) timestamp=2941 ms, used_size=14520320 bytes (35.5%)
(RDMA_READ_CONSUME_CHECK_CONSUMER) timestamp=2941 ms, used_size=14518272 bytes (35.4%)
(RDMA_READ_CONSUME_CHECK_CONSUMER) timestamp=2941 ms, used_size=14516224 bytes (35.4%)
(RDMA_READ_CONSUME_CHECK_CONSUMER) timestamp=2941 ms, used_size=14514176 bytes (35.4%)
(RDMA_READ_CONSUME_CHECK_CONSUMER) timestamp=2941 ms, used_size=14512128 bytes (35.4%)
(RDMA_READ_CONSUME_CHECK_CONSUMER) timestamp=2941 ms, used_size=14510080 bytes (35.4%)
(RDMA_READ_CONSUME_CHECK_CONSUMER) timestamp=2941 ms, used_size=14508032 bytes (35.4%)
(RDMA_READ_CONSUME_CHECK_CONSUMER) timestamp=2941 ms, used_size=14505984 bytes (35.4%)
(RDMA_READ_CONSUME_CHECK_CONSUMER) timestamp=2941 ms, used_size=14503936 bytes (35.4%)
(RDMA_READ_CONSUME_CHECK_CONSUMER) timestamp=2941 ms, used_size=14501888 bytes (35.4%)
(RDMA_READ_CONSUME_CHECK_CONSUMER) timestamp=2941 ms, used_size=14499840 bytes (35.4%)
(RDMA_READ_CONSUME_CHECK_CONSUMER) timestamp=2941 ms, used_size=14497792 bytes (35.4%)
(RDMA_READ_CONSUME_CHECK_CONSUMER) timestamp=2941 ms, used_size=14495744 bytes (35.4%)
(RDMA_READ_CONSUME_CHECK_CONSUMER) timestamp=2941 ms, used_size=14493696 bytes (35.4%)
(RDMA_READ_CONSUME_CHECK_CONSUMER) timestamp=2941 ms, used_size=14491648 bytes (35.4%)
(RDMA_READ_CONSUME_CHECK_CONSUMER) timestamp=2941 ms, used_size=14489600 bytes (35.4%)
(RDMA_READ_CONSUME_CHECK_CONSUMER) timestamp=2941 ms, used_size=14487552 bytes (35.4%)
(RDMA_READ_CONSUME_CHECK_CONSUMER) timestamp=2941 ms, used_size=14485504 bytes (35.4%)
(RDMA_READ_CONSUME_CHECK_CONSUMER) timestamp=2941 ms, used_size=14483456 bytes (35.4%)
(RDMA_READ_CONSUME_CHECK_CONSUMER) timestamp=2941 ms, used_size=14481408 bytes (35.4%)
(RDMA_READ_CONSUME_CHECK_CONSUMER) timestamp=2941 ms, used_size=14479360 bytes (35.4%)
(RDMA_READ_CONSUME_CHECK_CONSUMER) timestamp=2941 ms, used_size=14477312 bytes (35.3%)
(RDMA_READ_CONSUME_CHECK_CONSUMER) timestamp=2941 ms, used_size=14475264 bytes (35.3%)
(RDMA_READ_CONSUME_CHECK_CONSUMER) timestamp=2941 ms, used_size=14473216 bytes (35.3%)
(RDMA_READ_CONSUME_CHECK_CONSUMER) timestamp=2941 ms, used_size=14471168 bytes (35.3%)
(RDMA_READ_CONSUME_CHECK_CONSUMER) timestamp=2941 ms, used_size=14469120 bytes (35.3%)
(RDMA_READ_CONSUME_CHECK_CONSUMER) timestamp=2941 ms, used_size=14467072 bytes (35.3%)
(RDMA_READ_CONSUME_CHECK_CONSUMER) timestamp=2941 ms, used_size=14465024 bytes (35.3%)
(RDMA_READ_CONSUME_CHECK_CONSUMER) timestamp=2941 ms, used_size=14462976 bytes (35.3%)
(RDMA_READ_CONSUME_CHECK_CONSUMER) timestamp=2941 ms, used_size=14460928 bytes (35.3%)
(RDMA_READ_CONSUME_CHECK_CONSUMER) timestamp=2941 ms, used_size=14458880 bytes (35.3%)
(RDMA_READ_CONSUME_CHECK_CONSUMER) timestamp=2941 ms, used_size=14456832 bytes (35.3%)
(RDMA_READ_CONSUME_CHECK_CONSUMER) timestamp=2941 ms, used_size=14454784 bytes (35.3%)
(RDMA_READ_CONSUME_CHECK_CONSUMER) timestamp=2941 ms, used_size=14452736 bytes (35.3%)
(RDMA_READ_CONSUME_CHECK_CONSUMER) timestamp=2941 ms, used_size=14450688 bytes (35.3%)
(RDMA_READ_CONSUME_CHECK_CONSUMER) timestamp=2941 ms, used_size=14448640 bytes (35.3%)
(RDMA_READ_CONSUME_CHECK_CONSUMER) timestamp=2941 ms, used_size=14446592 bytes (35.3%)
(RDMA_READ_CONSUME_CHECK_CONSUMER) timestamp=2941 ms, used_size=14444544 bytes (35.3%)
(RDMA_READ_CONSUME_CHECK_CONSUMER) timestamp=2941 ms, used_size=14442496 bytes (35.3%)
(RDMA_READ_CONSUME_CHECK_CONSUMER) timestamp=2941 ms, used_size=14440448 bytes (35.3%)
(RDMA_READ_CONSUME_CHECK_CONSUMER) timestamp=2941 ms, used_size=14438400 bytes (35.2%)
(RDMA_READ_CONSUME_CHECK_CONSUMER) timestamp=2941 ms, used_size=14436352 bytes (35.2%)
(RDMA_READ_CONSUME_CHECK_CONSUMER) timestamp=2941 ms, used_size=14434304 bytes (35.2%)
(RDMA_READ_CONSUME_CHECK_CONSUMER) timestamp=2941 ms, used_size=14432256 bytes (35.2%)
(RDMA_READ_CONSUME_CHECK_CONSUMER) timestamp=2941 ms, used_size=14430208 bytes (35.2%)
(RDMA_READ_CONSUME_CHECK_CONSUMER) timestamp=2941 ms, used_size=14428160 bytes (35.2%)
(RDMA_READ_CONSUME_CHECK_CONSUMER) timestamp=2941 ms, used_size=14426112 bytes (35.2%)
(RDMA_READ_CONSUME_CHECK_CONSUMER) timestamp=2941 ms, used_size=14424064 bytes (35.2%)
(RDMA_READ_CONSUME_CHECK_CONSUMER) timestamp=2941 ms, used_size=14422016 bytes (35.2%)
(RDMA_READ_CONSUME_CHECK_CONSUMER) timestamp=2941 ms, used_size=14419968 bytes (35.2%)
(RDMA_READ_CONSUME_CHECK_CONSUMER) timestamp=2941 ms, used_size=14417920 bytes (35.2%)
(RDMA_READ_CONSUME_CHECK_CONSUMER) timestamp=2941 ms, used_size=14415872 bytes (35.2%)
(RDMA_READ_CONSUME_CHECK_CONSUMER) timestamp=2941 ms, used_size=14413824 bytes (35.2%)
(RDMA_READ_CONSUME_CHECK_CONSUMER) timestamp=2941 ms, used_size=14411776 bytes (35.2%)
(RDMA_READ_CONSUME_CHECK_CONSUMER) timestamp=2941 ms, used_size=14409728 bytes (35.2%)
(RDMA_READ_CONSUME_CHECK_CONSUMER) timestamp=2941 ms, used_size=14407680 bytes (35.2%)
(RDMA_READ_CONSUME_CHECK_CONSUMER) timestamp=2941 ms, used_size=14405632 bytes (35.2%)
(RDMA_READ_CONSUME_CHECK_CONSUMER) timestamp=2941 ms, used_size=14403584 bytes (35.2%)
(RDMA_READ_CONSUME_CHECK_CONSUMER) timestamp=2941 ms, used_size=14401536 bytes (35.2%)
(RDMA_READ_CONSUME_CHECK_CONSUMER) timestamp=2941 ms, used_size=14399488 bytes (35.2%)
(RDMA_READ_CONSUME_CHECK_CONSUMER) timestamp=2941 ms, used_size=14397440 bytes (35.1%)
(RDMA_READ_CONSUME_CHECK_CONSUMER) timestamp=2941 ms, used_size=14395392 bytes (35.1%)
(RDMA_READ_CONSUME_CHECK_CONSUMER) timestamp=2941 ms, used_size=14393344 bytes (35.1%)
(RDMA_READ_CONSUME_CHECK_CONSUMER) timestamp=2941 ms, used_size=14391296 bytes (35.1%)
(RDMA_READ_CONSUME_CHECK_CONSUMER) timestamp=2941 ms, used_size=14389248 bytes (35.1%)
(RDMA_READ_CONSUME_CHECK_CONSUMER) timestamp=2941 ms, used_size=14387200 bytes (35.1%)
(RDMA_READ_CONSUME_CHECK_CONSUMER) timestamp=2941 ms, used_size=14385152 bytes (35.1%)
(RDMA_READ_CONSUME_CHECK_CONSUMER) timestamp=2941 ms, used_size=14383104 bytes (35.1%)
(RDMA_READ_CONSUME_CHECK_CONSUMER) timestamp=2941 ms, used_size=14381056 bytes (35.1%)
(RDMA_READ_CONSUME_CHECK_CONSUMER) timestamp=2941 ms, used_size=14379008 bytes (35.1%)
(RDMA_READ_CONSUME_CHECK_CONSUMER) timestamp=2941 ms, used_size=14376960 bytes (35.1%)
(RDMA_READ_CONSUME_CHECK_CONSUMER) timestamp=2941 ms, used_size=14374912 bytes (35.1%)
(RDMA_READ_CONSUME_CHECK_CONSUMER) timestamp=2941 ms, used_size=14372864 bytes (35.1%)
(RDMA_READ_CONSUME_CHECK_CONSUMER) timestamp=2941 ms, used_size=14370816 bytes (35.1%)
(RDMA_READ_CONSUME_CHECK_CONSUMER) timestamp=2941 ms, used_size=14368768 bytes (35.1%)
(RDMA_READ_CONSUME_CHECK_CONSUMER) timestamp=2941 ms, used_size=14366720 bytes (35.1%)
(RDMA_READ_CONSUME_CHECK_CONSUMER) timestamp=2941 ms, used_size=14364672 bytes (35.1%)
(RDMA_READ_CONSUME_CHECK_CONSUMER) timestamp=2941 ms, used_size=14362624 bytes (35.1%)
(RDMA_READ_CONSUME_CHECK_CONSUMER) timestamp=2941 ms, used_size=14360576 bytes (35.1%)
(RDMA_READ_CONSUME_CHECK_CONSUMER) timestamp=2942 ms, used_size=14358528 bytes (35.1%)
(RDMA_READ_CONSUME_CHECK_CONSUMER) timestamp=2942 ms, used_size=14356480 bytes (35.0%)
(RDMA_READ_CONSUME_CHECK_CONSUMER) timestamp=2942 ms, used_size=14354432 bytes (35.0%)
(RDMA_READ_CONSUME_CHECK_CONSUMER) timestamp=2942 ms, used_size=14352384 bytes (35.0%)
(RDMA_READ_CONSUME_CHECK_CONSUMER) timestamp=2942 ms, used_size=14350336 bytes (35.0%)
(RDMA_READ_CONSUME_CHECK_CONSUMER) timestamp=2942 ms, used_size=14348288 bytes (35.0%)
(RDMA_READ_CONSUME_CHECK_CONSUMER) timestamp=2942 ms, used_size=14346240 bytes (35.0%)
(RDMA_READ_CONSUME_CHECK_CONSUMER) timestamp=2942 ms, used_size=14344192 bytes (35.0%)
(RDMA_READ_CONSUME_CHECK_CONSUMER) timestamp=2942 ms, used_size=14342144 bytes (35.0%)
(RDMA_READ_CONSUME_CHECK_CONSUMER) timestamp=2942 ms, used_size=14340096 bytes (35.0%)
(RDMA_READ_CONSUME_CHECK_CONSUMER) timestamp=2942 ms, used_size=14338048 bytes (35.0%)
(RDMA_READ_CONSUME_CHECK_CONSUMER) timestamp=2942 ms, used_size=14336000 bytes (35.0%)
(RDMA_READ_CONSUME_CHECK_CONSUMER) timestamp=2942 ms, used_size=14333952 bytes (35.0%)
(RDMA_READ_CONSUME_CHECK_CONSUMER) timestamp=2942 ms, used_size=14331904 bytes (35.0%)
(RDMA_READ_CONSUME_CHECK_CONSUMER) timestamp=2942 ms, used_size=14329856 bytes (35.0%)
(RDMA_READ_CONSUME_CHECK_CONSUMER) timestamp=2942 ms, used_size=14327808 bytes (35.0%)
(RDMA_READ_CONSUME_CHECK_CONSUMER) timestamp=2942 ms, used_size=14325760 bytes (35.0%)
(RDMA_READ_CONSUME_CHECK_CONSUMER) timestamp=2942 ms, used_size=14323712 bytes (35.0%)
(RDMA_READ_CONSUME_CHECK_CONSUMER) timestamp=2942 ms, used_size=14321664 bytes (35.0%)
(RDMA_READ_CONSUME_CHECK_CONSUMER) timestamp=2942 ms, used_size=14319616 bytes (35.0%)
(RDMA_READ_CONSUME_CHECK_CONSUMER) timestamp=2942 ms, used_size=14317568 bytes (35.0%)
(RDMA_READ_CONSUME_CHECK_CONSUMER) timestamp=2942 ms, used_size=14315520 bytes (35.0%)
(RDMA_READ_CONSUME_CHECK_CONSUMER) timestamp=2942 ms, used_size=14313472 bytes (34.9%)
(RDMA_READ_CONSUME_CHECK_CONSUMER) timestamp=2942 ms, used_size=14311424 bytes (34.9%)
(RDMA_READ_CONSUME_CHECK_CONSUMER) timestamp=2942 ms, used_size=14309376 bytes (34.9%)
(RDMA_READ_CONSUME_CHECK_CONSUMER) timestamp=2942 ms, used_size=14307328 bytes (34.9%)
(RDMA_READ_CONSUME_CHECK_CONSUMER) timestamp=2942 ms, used_size=14305280 bytes (34.9%)
(RDMA_READ_CONSUME_CHECK_CONSUMER) timestamp=2942 ms, used_size=14303232 bytes (34.9%)
(RDMA_READ_CONSUME_CHECK_CONSUMER) timestamp=2942 ms, used_size=14301184 bytes (34.9%)
(RDMA_READ_CONSUME_CHECK_CONSUMER) timestamp=2942 ms, used_size=14299136 bytes (34.9%)
(RDMA_READ_CONSUME_CHECK_CONSUMER) timestamp=2942 ms, used_size=14297088 bytes (34.9%)
(RDMA_READ_CONSUME_CHECK_CONSUMER) timestamp=2942 ms, used_size=14295040 bytes (34.9%)
(RDMA_READ_CONSUME_CHECK_CONSUMER) timestamp=2942 ms, used_size=14292992 bytes (34.9%)
(RDMA_READ_CONSUME_CHECK_CONSUMER) timestamp=2942 ms, used_size=14290944 bytes (34.9%)
(RDMA_READ_CONSUME_CHECK_CONSUMER) timestamp=2942 ms, used_size=14288896 bytes (34.9%)
(RDMA_READ_CONSUME_CHECK_CONSUMER) timestamp=2942 ms, used_size=14286848 bytes (34.9%)
(RDMA_READ_CONSUME_CHECK_CONSUMER) timestamp=2942 ms, used_size=14284800 bytes (34.9%)
(RDMA_READ_CONSUME_CHECK_CONSUMER) timestamp=2942 ms, used_size=14282752 bytes (34.9%)
(RDMA_READ_CONSUME_CHECK_CONSUMER) timestamp=2942 ms, used_size=14280704 bytes (34.9%)
(RDMA_READ_CONSUME_CHECK_CONSUMER) timestamp=2942 ms, used_size=14278656 bytes (34.9%)
(RDMA_READ_CONSUME_CHECK_CONSUMER) timestamp=2942 ms, used_size=14276608 bytes (34.9%)
(RDMA_READ_CONSUME_CHECK_CONSUMER) timestamp=2942 ms, used_size=14274560 bytes (34.9%)
(RDMA_READ_CONSUME_CHECK_CONSUMER) timestamp=2942 ms, used_size=14272512 bytes (34.8%)
(RDMA_READ_CONSUME_CHECK_CONSUMER) timestamp=2942 ms, used_size=14270464 bytes (34.8%)
(RDMA_READ_CONSUME_CHECK_CONSUMER) timestamp=2942 ms, used_size=14268416 bytes (34.8%)
(RDMA_READ_CONSUME_CHECK_CONSUMER) timestamp=2942 ms, used_size=14266368 bytes (34.8%)
(RDMA_READ_CONSUME_CHECK_CONSUMER) timestamp=2942 ms, used_size=14264320 bytes (34.8%)
(RDMA_READ_CONSUME_CHECK_CONSUMER) timestamp=2942 ms, used_size=14262272 bytes (34.8%)
(RDMA_READ_CONSUME_CHECK_CONSUMER) timestamp=2942 ms, used_size=14260224 bytes (34.8%)
(RDMA_READ_CONSUME_CHECK_CONSUMER) timestamp=2942 ms, used_size=14258176 bytes (34.8%)
(RDMA_READ_CONSUME_CHECK_CONSUMER) timestamp=2942 ms, used_size=14256128 bytes (34.8%)
(RDMA_READ_CONSUME_CHECK_CONSUMER) timestamp=2942 ms, used_size=14254080 bytes (34.8%)
(RDMA_READ_CONSUME_CHECK_CONSUMER) timestamp=2942 ms, used_size=14252032 bytes (34.8%)
(RDMA_READ_CONSUME_CHECK_CONSUMER) timestamp=2942 ms, used_size=14249984 bytes (34.8%)
(RDMA_READ_CONSUME_CHECK_CONSUMER) timestamp=2942 ms, used_size=14247936 bytes (34.8%)
(RDMA_READ_CONSUME_CHECK_CONSUMER) timestamp=2942 ms, used_size=14245888 bytes (34.8%)
(RDMA_READ_CONSUME_CHECK_CONSUMER) timestamp=2942 ms, used_size=14243840 bytes (34.8%)
(RDMA_READ_CONSUME_CHECK_CONSUMER) timestamp=2942 ms, used_size=14241792 bytes (34.8%)
(RDMA_READ_CONSUME_CHECK_CONSUMER) timestamp=2942 ms, used_size=14239744 bytes (34.8%)
(RDMA_READ_CONSUME_CHECK_CONSUMER) timestamp=2942 ms, used_size=14237696 bytes (34.8%)
(RDMA_READ_CONSUME_CHECK_CONSUMER) timestamp=2942 ms, used_size=14235648 bytes (34.8%)
(RDMA_READ_CONSUME_CHECK_CONSUMER) timestamp=2942 ms, used_size=14233600 bytes (34.8%)
(RDMA_READ_CONSUME_CHECK_CONSUMER) timestamp=2942 ms, used_size=14231552 bytes (34.7%)
(RDMA_READ_CONSUME_CHECK_CONSUMER) timestamp=2942 ms, used_size=14229504 bytes (34.7%)
(RDMA_READ_CONSUME_CHECK_CONSUMER) timestamp=2942 ms, used_size=14227456 bytes (34.7%)
(RDMA_READ_CONSUME_CHECK_CONSUMER) timestamp=2942 ms, used_size=14225408 bytes (34.7%)
(RDMA_READ_CONSUME_CHECK_CONSUMER) timestamp=2942 ms, used_size=14223360 bytes (34.7%)
(RDMA_READ_CONSUME_CHECK_CONSUMER) timestamp=2942 ms, used_size=14221312 bytes (34.7%)
(RDMA_READ_CONSUME_CHECK_CONSUMER) timestamp=2942 ms, used_size=14219264 bytes (34.7%)
(RDMA_READ_CONSUME_CHECK_CONSUMER) timestamp=2942 ms, used_size=14217216 bytes (34.7%)
(RDMA_READ_CONSUME_CHECK_CONSUMER) timestamp=2942 ms, used_size=14215168 bytes (34.7%)
(RDMA_READ_CONSUME_CHECK_CONSUMER) timestamp=2942 ms, used_size=14213120 bytes (34.7%)
(RDMA_READ_CONSUME_CHECK_CONSUMER) timestamp=2942 ms, used_size=14211072 bytes (34.7%)
(RDMA_READ_CONSUME_CHECK_CONSUMER) timestamp=2942 ms, used_size=14209024 bytes (34.7%)
(RDMA_READ_CONSUME_CHECK_CONSUMER) timestamp=2942 ms, used_size=14206976 bytes (34.7%)
(RDMA_READ_CONSUME_CHECK_CONSUMER) timestamp=2942 ms, used_size=14204928 bytes (34.7%)
(RDMA_READ_CONSUME_CHECK_CONSUMER) timestamp=2942 ms, used_size=14202880 bytes (34.7%)
(RDMA_READ_CONSUME_CHECK_CONSUMER) timestamp=2942 ms, used_size=14200832 bytes (34.7%)
(RDMA_READ_CONSUME_CHECK_CONSUMER) timestamp=2942 ms, used_size=14198784 bytes (34.7%)
(RDMA_READ_CONSUME_CHECK_CONSUMER) timestamp=2942 ms, used_size=14196736 bytes (34.7%)
(RDMA_READ_CONSUME_CHECK_CONSUMER) timestamp=2942 ms, used_size=14194688 bytes (34.7%)
(RDMA_READ_CONSUME_CHECK_CONSUMER) timestamp=2942 ms, used_size=14192640 bytes (34.6%)
(RDMA_READ_CONSUME_CHECK_CONSUMER) timestamp=2942 ms, used_size=14190592 bytes (34.6%)
(RDMA_READ_CONSUME_CHECK_CONSUMER) timestamp=2942 ms, used_size=14188544 bytes (34.6%)
(RDMA_READ_CONSUME_CHECK_CONSUMER) timestamp=2942 ms, used_size=14186496 bytes (34.6%)
(RDMA_READ_CONSUME_CHECK_CONSUMER) timestamp=2942 ms, used_size=14184448 bytes (34.6%)
(RDMA_READ_CONSUME_CHECK_CONSUMER) timestamp=2942 ms, used_size=14182400 bytes (34.6%)
(RDMA_READ_CONSUME_CHECK_CONSUMER) timestamp=2942 ms, used_size=14180352 bytes (34.6%)
(RDMA_READ_CONSUME_CHECK_CONSUMER) timestamp=2942 ms, used_size=14178304 bytes (34.6%)
(RDMA_READ_CONSUME_CHECK_CONSUMER) timestamp=2942 ms, used_size=14176256 bytes (34.6%)
(RDMA_READ_CONSUME_CHECK_CONSUMER) timestamp=2942 ms, used_size=14174208 bytes (34.6%)
(RDMA_READ_CONSUME_CHECK_CONSUMER) timestamp=2942 ms, used_size=14172160 bytes (34.6%)
(RDMA_READ_CONSUME_CHECK_CONSUMER) timestamp=2942 ms, used_size=14170112 bytes (34.6%)
(RDMA_READ_CONSUME_CHECK_CONSUMER) timestamp=2942 ms, used_size=14168064 bytes (34.6%)
(RDMA_READ_CONSUME_CHECK_CONSUMER) timestamp=2942 ms, used_size=14166016 bytes (34.6%)
(RDMA_READ_CONSUME_CHECK_CONSUMER) timestamp=2942 ms, used_size=14163968 bytes (34.6%)
(RDMA_READ_CONSUME_CHECK_CONSUMER) timestamp=2942 ms, used_size=14161920 bytes (34.6%)
(RDMA_READ_CONSUME_CHECK_CONSUMER) timestamp=2942 ms, used_size=14159872 bytes (34.6%)
(RDMA_READ_CONSUME_CHECK_CONSUMER) timestamp=2942 ms, used_size=14157824 bytes (34.6%)
(RDMA_READ_CONSUME_CHECK_CONSUMER) timestamp=2942 ms, used_size=14155776 bytes (34.6%)
(RDMA_READ_CONSUME_CHECK_CONSUMER) timestamp=2942 ms, used_size=14153728 bytes (34.6%)
(RDMA_READ_CONSUME_CHECK_CONSUMER) timestamp=2942 ms, used_size=14151680 bytes (34.5%)
(RDMA_READ_CONSUME_CHECK_CONSUMER) timestamp=2942 ms, used_size=14149632 bytes (34.5%)
(RDMA_READ_CONSUME_CHECK_CONSUMER) timestamp=2942 ms, used_size=14147584 bytes (34.5%)
(RDMA_READ_CONSUME_CHECK_CONSUMER) timestamp=2942 ms, used_size=14145536 bytes (34.5%)
(RDMA_READ_CONSUME_CHECK_CONSUMER) timestamp=2942 ms, used_size=14143488 bytes (34.5%)
(RDMA_READ_CONSUME_CHECK_CONSUMER) timestamp=2942 ms, used_size=14141440 bytes (34.5%)
(RDMA_READ_CONSUME_CHECK_CONSUMER) timestamp=2942 ms, used_size=14139392 bytes (34.5%)
(RDMA_READ_CONSUME_CHECK_CONSUMER) timestamp=2942 ms, used_size=14137344 bytes (34.5%)
(RDMA_READ_CONSUME_CHECK_CONSUMER) timestamp=2942 ms, used_size=14135296 bytes (34.5%)
(RDMA_READ_CONSUME_CHECK_CONSUMER) timestamp=2942 ms, used_size=14133248 bytes (34.5%)
(RDMA_READ_CONSUME_CHECK_CONSUMER) timestamp=2942 ms, used_size=14131200 bytes (34.5%)
(RDMA_READ_CONSUME_CHECK_CONSUMER) timestamp=2942 ms, used_size=14129152 bytes (34.5%)
(RDMA_READ_CONSUME_CHECK_CONSUMER) timestamp=2942 ms, used_size=14127104 bytes (34.5%)
(RDMA_READ_CONSUME_CHECK_CONSUMER) timestamp=2942 ms, used_size=14125056 bytes (34.5%)
(RDMA_READ_CONSUME_CHECK_CONSUMER) timestamp=2942 ms, used_size=14123008 bytes (34.5%)
(RDMA_READ_CONSUME_CHECK_CONSUMER) timestamp=2942 ms, used_size=14120960 bytes (34.5%)
(RDMA_READ_CONSUME_CHECK_CONSUMER) timestamp=2942 ms, used_size=14118912 bytes (34.5%)
(RDMA_READ_CONSUME_CHECK_CONSUMER) timestamp=2942 ms, used_size=14116864 bytes (34.5%)
(RDMA_READ_CONSUME_CHECK_CONSUMER) timestamp=2942 ms, used_size=14114816 bytes (34.5%)
(RDMA_READ_CONSUME_CHECK_CONSUMER) timestamp=2942 ms, used_size=14112768 bytes (34.5%)
(RDMA_READ_CONSUME_CHECK_CONSUMER) timestamp=2942 ms, used_size=14110720 bytes (34.5%)
(RDMA_READ_CONSUME_CHECK_CONSUMER) timestamp=2942 ms, used_size=14108672 bytes (34.4%)
(RDMA_READ_CONSUME_CHECK_CONSUMER) timestamp=2942 ms, used_size=14106624 bytes (34.4%)
(RDMA_READ_CONSUME_CHECK_CONSUMER) timestamp=2942 ms, used_size=14104576 bytes (34.4%)
(RDMA_READ_CONSUME_CHECK_CONSUMER) timestamp=2942 ms, used_size=14102528 bytes (34.4%)
(RDMA_READ_CONSUME_CHECK_CONSUMER) timestamp=2942 ms, used_size=14100480 bytes (34.4%)
(RDMA_READ_CONSUME_CHECK_CONSUMER) timestamp=2942 ms, used_size=14098432 bytes (34.4%)
(RDMA_READ_CONSUME_CHECK_CONSUMER) timestamp=2942 ms, used_size=14096384 bytes (34.4%)
(RDMA_READ_CONSUME_CHECK_CONSUMER) timestamp=2942 ms, used_size=14094336 bytes (34.4%)
(RDMA_READ_CONSUME_CHECK_CONSUMER) timestamp=2942 ms, used_size=14092288 bytes (34.4%)
(RDMA_READ_CONSUME_CHECK_CONSUMER) timestamp=2942 ms, used_size=14090240 bytes (34.4%)
(RDMA_READ_CONSUME_CHECK_CONSUMER) timestamp=2942 ms, used_size=14088192 bytes (34.4%)
(RDMA_READ_CONSUME_CHECK_CONSUMER) timestamp=2942 ms, used_size=14086144 bytes (34.4%)
(RDMA_READ_CONSUME_CHECK_CONSUMER) timestamp=2942 ms, used_size=14084096 bytes (34.4%)
(RDMA_READ_CONSUME_CHECK_CONSUMER) timestamp=2942 ms, used_size=14082048 bytes (34.4%)
(RDMA_READ_CONSUME_CHECK_CONSUMER) timestamp=2942 ms, used_size=14080000 bytes (34.4%)
(RDMA_READ_CONSUME_CHECK_CONSUMER) timestamp=2942 ms, used_size=14077952 bytes (34.4%)
(RDMA_READ_CONSUME_CHECK_CONSUMER) timestamp=2942 ms, used_size=14075904 bytes (34.4%)
(RDMA_READ_CONSUME_CHECK_CONSUMER) timestamp=2942 ms, used_size=14073856 bytes (34.4%)
(RDMA_READ_CONSUME_CHECK_CONSUMER) timestamp=2942 ms, used_size=14071808 bytes (34.4%)
(RDMA_READ_CONSUME_CHECK_CONSUMER) timestamp=2942 ms, used_size=14069760 bytes (34.4%)
(RDMA_READ_CONSUME_CHECK_CONSUMER) timestamp=2942 ms, used_size=14067712 bytes (34.3%)
(RDMA_READ_CONSUME_CHECK_CONSUMER) timestamp=2942 ms, used_size=14065664 bytes (34.3%)
(RDMA_READ_CONSUME_CHECK_CONSUMER) timestamp=2942 ms, used_size=14063616 bytes (34.3%)
(RDMA_READ_CONSUME_CHECK_CONSUMER) timestamp=2942 ms, used_size=14061568 bytes (34.3%)
(RDMA_READ_CONSUME_CHECK_CONSUMER) timestamp=2942 ms, used_size=14059520 bytes (34.3%)
(RDMA_READ_CONSUME_CHECK_CONSUMER) timestamp=2942 ms, used_size=14057472 bytes (34.3%)
(RDMA_READ_CONSUME_CHECK_CONSUMER) timestamp=2942 ms, used_size=14055424 bytes (34.3%)
(RDMA_READ_CONSUME_CHECK_CONSUMER) timestamp=2942 ms, used_size=14053376 bytes (34.3%)
(RDMA_READ_CONSUME_CHECK_CONSUMER) timestamp=2942 ms, used_size=14051328 bytes (34.3%)
(RDMA_READ_CONSUME_CHECK_CONSUMER) timestamp=2942 ms, used_size=14049280 bytes (34.3%)
(RDMA_READ_CONSUME_CHECK_CONSUMER) timestamp=2942 ms, used_size=14047232 bytes (34.3%)
(RDMA_READ_CONSUME_CHECK_CONSUMER) timestamp=2942 ms, used_size=14045184 bytes (34.3%)
(RDMA_READ_CONSUME_CHECK_CONSUMER) timestamp=2942 ms, used_size=14043136 bytes (34.3%)
(RDMA_READ_CONSUME_CHECK_CONSUMER) timestamp=2942 ms, used_size=14041088 bytes (34.3%)
(RDMA_READ_CONSUME_CHECK_CONSUMER) timestamp=2942 ms, used_size=14039040 bytes (34.3%)
(RDMA_READ_CONSUME_CHECK_CONSUMER) timestamp=2942 ms, used_size=14036992 bytes (34.3%)
(RDMA_READ_CONSUME_CHECK_CONSUMER) timestamp=2942 ms, used_size=14034944 bytes (34.3%)
(RDMA_READ_CONSUME_CHECK_CONSUMER) timestamp=2942 ms, used_size=14032896 bytes (34.3%)
(RDMA_READ_CONSUME_CHECK_CONSUMER) timestamp=2942 ms, used_size=14030848 bytes (34.3%)
(RDMA_READ_CONSUME_CHECK_CONSUMER) timestamp=2942 ms, used_size=14028800 bytes (34.2%)
(RDMA_READ_CONSUME_CHECK_CONSUMER) timestamp=2942 ms, used_size=14026752 bytes (34.2%)
(RDMA_READ_CONSUME_CHECK_CONSUMER) timestamp=2942 ms, used_size=14024704 bytes (34.2%)
(RDMA_READ_CONSUME_CHECK_CONSUMER) timestamp=2942 ms, used_size=14022656 bytes (34.2%)
(RDMA_READ_CONSUME_CHECK_CONSUMER) timestamp=2942 ms, used_size=14020608 bytes (34.2%)
(RDMA_READ_CONSUME_CHECK_CONSUMER) timestamp=2942 ms, used_size=14018560 bytes (34.2%)
(RDMA_READ_CONSUME_CHECK_CONSUMER) timestamp=2942 ms, used_size=14016512 bytes (34.2%)
(RDMA_READ_CONSUME_CHECK_CONSUMER) timestamp=2942 ms, used_size=14014464 bytes (34.2%)
(RDMA_READ_CONSUME_CHECK_CONSUMER) timestamp=2942 ms, used_size=14012416 bytes (34.2%)
(RDMA_READ_CONSUME_CHECK_CONSUMER) timestamp=2942 ms, used_size=14010368 bytes (34.2%)
(RDMA_READ_CONSUME_CHECK_CONSUMER) timestamp=2942 ms, used_size=14008320 bytes (34.2%)
(RDMA_READ_CONSUME_CHECK_CONSUMER) timestamp=2942 ms, used_size=14006272 bytes (34.2%)
(RDMA_READ_CONSUME_CHECK_CONSUMER) timestamp=2942 ms, used_size=14004224 bytes (34.2%)
(RDMA_READ_CONSUME_CHECK_CONSUMER) timestamp=2942 ms, used_size=14002176 bytes (34.2%)
(RDMA_READ_CONSUME_CHECK_CONSUMER) timestamp=2942 ms, used_size=14000128 bytes (34.2%)
(RDMA_READ_CONSUME_CHECK_CONSUMER) timestamp=2942 ms, used_size=13998080 bytes (34.2%)
(RDMA_READ_CONSUME_CHECK_CONSUMER) timestamp=2942 ms, used_size=13996032 bytes (34.2%)
(RDMA_READ_CONSUME_CHECK_CONSUMER) timestamp=2942 ms, used_size=13993984 bytes (34.2%)
(RDMA_READ_CONSUME_CHECK_CONSUMER) timestamp=2942 ms, used_size=13991936 bytes (34.2%)
(RDMA_READ_CONSUME_CHECK_CONSUMER) timestamp=2942 ms, used_size=13989888 bytes (34.2%)
(RDMA_READ_CONSUME_CHECK_CONSUMER) timestamp=2943 ms, used_size=13987840 bytes (34.1%)
(RDMA_READ_CONSUME_CHECK_CONSUMER) timestamp=2943 ms, used_size=13985792 bytes (34.1%)
(RDMA_READ_CONSUME_CHECK_CONSUMER) timestamp=2943 ms, used_size=13983744 bytes (34.1%)
(RDMA_READ_CONSUME_CHECK_CONSUMER) timestamp=2943 ms, used_size=13981696 bytes (34.1%)
(RDMA_READ_CONSUME_CHECK_CONSUMER) timestamp=2943 ms, used_size=13979648 bytes (34.1%)
(RDMA_READ_CONSUME_CHECK_CONSUMER) timestamp=2943 ms, used_size=13977600 bytes (34.1%)
(RDMA_READ_CONSUME_CHECK_CONSUMER) timestamp=2943 ms, used_size=13975552 bytes (34.1%)
(RDMA_READ_CONSUME_CHECK_CONSUMER) timestamp=2943 ms, used_size=13973504 bytes (34.1%)
(RDMA_READ_CONSUME_CHECK_CONSUMER) timestamp=2943 ms, used_size=13971456 bytes (34.1%)
(RDMA_READ_CONSUME_CHECK_CONSUMER) timestamp=2943 ms, used_size=13969408 bytes (34.1%)
(RDMA_READ_CONSUME_CHECK_CONSUMER) timestamp=2943 ms, used_size=13967360 bytes (34.1%)
(RDMA_READ_CONSUME_CHECK_CONSUMER) timestamp=2943 ms, used_size=13965312 bytes (34.1%)
(RDMA_READ_CONSUME_CHECK_CONSUMER) timestamp=2943 ms, used_size=13963264 bytes (34.1%)
(RDMA_READ_CONSUME_CHECK_CONSUMER) timestamp=2943 ms, used_size=13961216 bytes (34.1%)
(RDMA_READ_CONSUME_CHECK_CONSUMER) timestamp=2943 ms, used_size=13959168 bytes (34.1%)
(RDMA_READ_CONSUME_CHECK_CONSUMER) timestamp=2943 ms, used_size=13957120 bytes (34.1%)
(RDMA_READ_CONSUME_CHECK_CONSUMER) timestamp=2943 ms, used_size=13955072 bytes (34.1%)
(RDMA_READ_CONSUME_CHECK_CONSUMER) timestamp=2943 ms, used_size=13953024 bytes (34.1%)
(RDMA_READ_CONSUME_CHECK_CONSUMER) timestamp=2943 ms, used_size=13950976 bytes (34.1%)
(RDMA_READ_CONSUME_CHECK_CONSUMER) timestamp=2943 ms, used_size=13948928 bytes (34.1%)
(RDMA_READ_CONSUME_CHECK_CONSUMER) timestamp=2943 ms, used_size=13946880 bytes (34.0%)
(RDMA_READ_CONSUME_CHECK_CONSUMER) timestamp=2943 ms, used_size=13944832 bytes (34.0%)
(RDMA_READ_CONSUME_CHECK_CONSUMER) timestamp=2943 ms, used_size=13942784 bytes (34.0%)
(RDMA_READ_CONSUME_CHECK_CONSUMER) timestamp=2943 ms, used_size=13940736 bytes (34.0%)
(RDMA_READ_CONSUME_CHECK_CONSUMER) timestamp=2943 ms, used_size=13938688 bytes (34.0%)
(RDMA_READ_CONSUME_CHECK_CONSUMER) timestamp=2943 ms, used_size=13936640 bytes (34.0%)
(RDMA_READ_CONSUME_CHECK_CONSUMER) timestamp=2943 ms, used_size=13934592 bytes (34.0%)
(RDMA_READ_CONSUME_CHECK_CONSUMER) timestamp=2943 ms, used_size=13932544 bytes (34.0%)
(RDMA_READ_CONSUME_CHECK_CONSUMER) timestamp=2943 ms, used_size=13930496 bytes (34.0%)
(RDMA_READ_CONSUME_CHECK_CONSUMER) timestamp=2943 ms, used_size=13928448 bytes (34.0%)
(RDMA_READ_CONSUME_CHECK_CONSUMER) timestamp=2943 ms, used_size=13926400 bytes (34.0%)
(RDMA_READ_CONSUME_CHECK_CONSUMER) timestamp=2943 ms, used_size=13924352 bytes (34.0%)
(RDMA_READ_CONSUME_CHECK_CONSUMER) timestamp=2943 ms, used_size=13922304 bytes (34.0%)
(RDMA_READ_CONSUME_CHECK_CONSUMER) timestamp=2943 ms, used_size=13920256 bytes (34.0%)
(RDMA_READ_CONSUME_CHECK_CONSUMER) timestamp=2943 ms, used_size=13918208 bytes (34.0%)
(RDMA_READ_CONSUME_CHECK_CONSUMER) timestamp=2943 ms, used_size=13916160 bytes (34.0%)
(RDMA_READ_CONSUME_CHECK_CONSUMER) timestamp=2943 ms, used_size=13914112 bytes (34.0%)
(RDMA_READ_CONSUME_CHECK_CONSUMER) timestamp=2943 ms, used_size=13912064 bytes (34.0%)
(RDMA_READ_CONSUME_CHECK_CONSUMER) timestamp=2943 ms, used_size=13910016 bytes (34.0%)
(RDMA_READ_CONSUME_CHECK_CONSUMER) timestamp=2943 ms, used_size=13907968 bytes (34.0%)
(RDMA_READ_CONSUME_CHECK_CONSUMER) timestamp=2943 ms, used_size=13905920 bytes (34.0%)
(RDMA_READ_CONSUME_CHECK_CONSUMER) timestamp=2943 ms, used_size=13903872 bytes (33.9%)
(RDMA_READ_CONSUME_CHECK_CONSUMER) timestamp=2943 ms, used_size=13901824 bytes (33.9%)
(RDMA_READ_CONSUME_CHECK_CONSUMER) timestamp=2943 ms, used_size=13899776 bytes (33.9%)
(RDMA_READ_CONSUME_CHECK_CONSUMER) timestamp=2943 ms, used_size=13897728 bytes (33.9%)
(RDMA_READ_CONSUME_CHECK_CONSUMER) timestamp=2943 ms, used_size=13895680 bytes (33.9%)
(RDMA_READ_CONSUME_CHECK_CONSUMER) timestamp=2943 ms, used_size=13893632 bytes (33.9%)
(RDMA_READ_CONSUME_CHECK_CONSUMER) timestamp=2943 ms, used_size=13891584 bytes (33.9%)
(RDMA_READ_CONSUME_CHECK_CONSUMER) timestamp=2943 ms, used_size=13889536 bytes (33.9%)
(RDMA_READ_CONSUME_CHECK_CONSUMER) timestamp=2943 ms, used_size=13887488 bytes (33.9%)
(RDMA_READ_CONSUME_CHECK_CONSUMER) timestamp=2943 ms, used_size=13885440 bytes (33.9%)
(RDMA_READ_CONSUME_CHECK_CONSUMER) timestamp=2943 ms, used_size=13883392 bytes (33.9%)
(RDMA_READ_CONSUME_CHECK_CONSUMER) timestamp=2943 ms, used_size=13881344 bytes (33.9%)
(RDMA_READ_CONSUME_CHECK_CONSUMER) timestamp=2943 ms, used_size=13879296 bytes (33.9%)
(RDMA_READ_CONSUME_CHECK_CONSUMER) timestamp=2943 ms, used_size=13877248 bytes (33.9%)
(RDMA_READ_CONSUME_CHECK_CONSUMER) timestamp=2943 ms, used_size=13875200 bytes (33.9%)
(RDMA_READ_CONSUME_CHECK_CONSUMER) timestamp=2943 ms, used_size=13873152 bytes (33.9%)
(RDMA_READ_CONSUME_CHECK_CONSUMER) timestamp=2943 ms, used_size=13871104 bytes (33.9%)
(RDMA_READ_CONSUME_CHECK_CONSUMER) timestamp=2943 ms, used_size=13869056 bytes (33.9%)
(RDMA_READ_CONSUME_CHECK_CONSUMER) timestamp=2943 ms, used_size=13867008 bytes (33.9%)
(RDMA_READ_CONSUME_CHECK_CONSUMER) timestamp=2943 ms, used_size=13864960 bytes (33.9%)
(RDMA_READ_CONSUME_CHECK_CONSUMER) timestamp=2943 ms, used_size=13862912 bytes (33.8%)
(RDMA_READ_CONSUME_CHECK_CONSUMER) timestamp=2943 ms, used_size=13860864 bytes (33.8%)
(RDMA_READ_CONSUME_CHECK_CONSUMER) timestamp=2943 ms, used_size=13858816 bytes (33.8%)
(RDMA_READ_CONSUME_CHECK_CONSUMER) timestamp=2943 ms, used_size=13856768 bytes (33.8%)
(RDMA_READ_CONSUME_CHECK_CONSUMER) timestamp=2943 ms, used_size=13854720 bytes (33.8%)
(RDMA_READ_CONSUME_CHECK_CONSUMER) timestamp=2943 ms, used_size=13852672 bytes (33.8%)
(RDMA_READ_CONSUME_CHECK_CONSUMER) timestamp=2943 ms, used_size=13850624 bytes (33.8%)
(RDMA_READ_CONSUME_CHECK_CONSUMER) timestamp=2943 ms, used_size=13848576 bytes (33.8%)
(RDMA_READ_CONSUME_CHECK_CONSUMER) timestamp=2943 ms, used_size=13846528 bytes (33.8%)
(RDMA_READ_CONSUME_CHECK_CONSUMER) timestamp=2943 ms, used_size=13844480 bytes (33.8%)
(RDMA_READ_CONSUME_CHECK_CONSUMER) timestamp=2943 ms, used_size=13842432 bytes (33.8%)
(RDMA_READ_CONSUME_CHECK_CONSUMER) timestamp=2943 ms, used_size=13840384 bytes (33.8%)
(RDMA_READ_CONSUME_CHECK_CONSUMER) timestamp=2943 ms, used_size=13838336 bytes (33.8%)
(RDMA_READ_CONSUME_CHECK_CONSUMER) timestamp=2943 ms, used_size=13836288 bytes (33.8%)
(RDMA_READ_CONSUME_CHECK_CONSUMER) timestamp=2943 ms, used_size=13834240 bytes (33.8%)
(RDMA_READ_CONSUME_CHECK_CONSUMER) timestamp=2943 ms, used_size=13832192 bytes (33.8%)
(RDMA_READ_CONSUME_CHECK_CONSUMER) timestamp=2943 ms, used_size=13830144 bytes (33.8%)
(RDMA_READ_CONSUME_CHECK_CONSUMER) timestamp=2943 ms, used_size=13828096 bytes (33.8%)
(RDMA_READ_CONSUME_CHECK_CONSUMER) timestamp=2943 ms, used_size=13826048 bytes (33.8%)
(RDMA_READ_CONSUME_CHECK_CONSUMER) timestamp=2943 ms, used_size=13824000 bytes (33.8%)
(RDMA_READ_CONSUME_CHECK_CONSUMER) timestamp=2943 ms, used_size=13821952 bytes (33.7%)
(RDMA_READ_CONSUME_CHECK_CONSUMER) timestamp=2943 ms, used_size=13819904 bytes (33.7%)
(RDMA_READ_CONSUME_CHECK_CONSUMER) timestamp=2943 ms, used_size=13817856 bytes (33.7%)
(RDMA_READ_CONSUME_CHECK_CONSUMER) timestamp=2943 ms, used_size=13815808 bytes (33.7%)
(RDMA_READ_CONSUME_CHECK_CONSUMER) timestamp=2943 ms, used_size=13813760 bytes (33.7%)
(RDMA_READ_CONSUME_CHECK_CONSUMER) timestamp=2943 ms, used_size=13811712 bytes (33.7%)
(RDMA_READ_CONSUME_CHECK_CONSUMER) timestamp=2943 ms, used_size=13809664 bytes (33.7%)
(RDMA_READ_CONSUME_CHECK_CONSUMER) timestamp=2943 ms, used_size=13807616 bytes (33.7%)
(RDMA_READ_CONSUME_CHECK_CONSUMER) timestamp=2943 ms, used_size=13805568 bytes (33.7%)
(RDMA_READ_CONSUME_CHECK_CONSUMER) timestamp=2943 ms, used_size=13803520 bytes (33.7%)
(RDMA_READ_CONSUME_CHECK_CONSUMER) timestamp=2943 ms, used_size=13801472 bytes (33.7%)
(RDMA_READ_CONSUME_CHECK_CONSUMER) timestamp=2943 ms, used_size=13799424 bytes (33.7%)
(RDMA_READ_CONSUME_CHECK_CONSUMER) timestamp=2943 ms, used_size=13797376 bytes (33.7%)
(RDMA_READ_CONSUME_CHECK_CONSUMER) timestamp=2943 ms, used_size=13795328 bytes (33.7%)
(RDMA_READ_CONSUME_CHECK_CONSUMER) timestamp=2943 ms, used_size=13793280 bytes (33.7%)
(RDMA_READ_CONSUME_CHECK_CONSUMER) timestamp=2943 ms, used_size=13791232 bytes (33.7%)
(RDMA_READ_CONSUME_CHECK_CONSUMER) timestamp=2943 ms, used_size=13789184 bytes (33.7%)
(RDMA_READ_CONSUME_CHECK_CONSUMER) timestamp=2943 ms, used_size=13787136 bytes (33.7%)
(RDMA_READ_CONSUME_CHECK_CONSUMER) timestamp=2943 ms, used_size=13785088 bytes (33.7%)
(RDMA_READ_CONSUME_CHECK_CONSUMER) timestamp=2943 ms, used_size=13783040 bytes (33.6%)
(RDMA_READ_CONSUME_CHECK_CONSUMER) timestamp=2943 ms, used_size=13780992 bytes (33.6%)
(RDMA_READ_CONSUME_CHECK_CONSUMER) timestamp=2943 ms, used_size=13778944 bytes (33.6%)
(RDMA_READ_CONSUME_CHECK_CONSUMER) timestamp=2943 ms, used_size=13776896 bytes (33.6%)
(RDMA_READ_CONSUME_CHECK_CONSUMER) timestamp=2943 ms, used_size=13774848 bytes (33.6%)
(RDMA_READ_CONSUME_CHECK_CONSUMER) timestamp=2943 ms, used_size=13772800 bytes (33.6%)
(RDMA_READ_CONSUME_CHECK_CONSUMER) timestamp=2943 ms, used_size=13770752 bytes (33.6%)
(RDMA_READ_CONSUME_CHECK_CONSUMER) timestamp=2943 ms, used_size=13768704 bytes (33.6%)
(RDMA_READ_CONSUME_CHECK_CONSUMER) timestamp=2943 ms, used_size=13766656 bytes (33.6%)
(RDMA_READ_CONSUME_CHECK_CONSUMER) timestamp=2943 ms, used_size=13764608 bytes (33.6%)
(RDMA_READ_CONSUME_CHECK_CONSUMER) timestamp=2943 ms, used_size=13762560 bytes (33.6%)
(RDMA_READ_CONSUME_CHECK_CONSUMER) timestamp=2943 ms, used_size=13760512 bytes (33.6%)
(RDMA_READ_CONSUME_CHECK_CONSUMER) timestamp=2943 ms, used_size=13758464 bytes (33.6%)
(RDMA_READ_CONSUME_CHECK_CONSUMER) timestamp=2943 ms, used_size=13756416 bytes (33.6%)
(RDMA_READ_CONSUME_CHECK_CONSUMER) timestamp=2943 ms, used_size=13754368 bytes (33.6%)
(RDMA_READ_CONSUME_CHECK_CONSUMER) timestamp=2943 ms, used_size=13752320 bytes (33.6%)
(RDMA_READ_CONSUME_CHECK_CONSUMER) timestamp=2943 ms, used_size=13750272 bytes (33.6%)
(RDMA_READ_CONSUME_CHECK_CONSUMER) timestamp=2943 ms, used_size=13748224 bytes (33.6%)
(RDMA_READ_CONSUME_CHECK_CONSUMER) timestamp=2943 ms, used_size=13746176 bytes (33.6%)
(RDMA_READ_CONSUME_CHECK_CONSUMER) timestamp=2943 ms, used_size=13744128 bytes (33.6%)
(RDMA_READ_CONSUME_CHECK_CONSUMER) timestamp=2943 ms, used_size=13742080 bytes (33.5%)
(RDMA_READ_CONSUME_CHECK_CONSUMER) timestamp=2943 ms, used_size=13740032 bytes (33.5%)
(RDMA_READ_CONSUME_CHECK_CONSUMER) timestamp=2943 ms, used_size=13737984 bytes (33.5%)
(RDMA_READ_CONSUME_CHECK_CONSUMER) timestamp=2943 ms, used_size=13735936 bytes (33.5%)
(RDMA_READ_CONSUME_CHECK_CONSUMER) timestamp=2943 ms, used_size=13733888 bytes (33.5%)
(RDMA_READ_CONSUME_CHECK_CONSUMER) timestamp=2943 ms, used_size=13731840 bytes (33.5%)
(RDMA_READ_CONSUME_CHECK_CONSUMER) timestamp=2943 ms, used_size=13729792 bytes (33.5%)
(RDMA_READ_CONSUME_CHECK_CONSUMER) timestamp=2943 ms, used_size=13727744 bytes (33.5%)
(RDMA_READ_CONSUME_CHECK_CONSUMER) timestamp=2943 ms, used_size=13725696 bytes (33.5%)
(RDMA_READ_CONSUME_CHECK_CONSUMER) timestamp=2943 ms, used_size=13723648 bytes (33.5%)
(RDMA_READ_CONSUME_CHECK_CONSUMER) timestamp=2943 ms, used_size=13721600 bytes (33.5%)
(RDMA_READ_CONSUME_CHECK_CONSUMER) timestamp=2943 ms, used_size=13719552 bytes (33.5%)
(RDMA_READ_CONSUME_CHECK_CONSUMER) timestamp=2943 ms, used_size=13717504 bytes (33.5%)
(RDMA_READ_CONSUME_CHECK_CONSUMER) timestamp=2943 ms, used_size=13715456 bytes (33.5%)
(RDMA_READ_CONSUME_CHECK_CONSUMER) timestamp=2943 ms, used_size=13713408 bytes (33.5%)
(RDMA_READ_CONSUME_CHECK_CONSUMER) timestamp=2943 ms, used_size=13711360 bytes (33.5%)
(RDMA_READ_CONSUME_CHECK_CONSUMER) timestamp=2943 ms, used_size=13709312 bytes (33.5%)
(RDMA_READ_CONSUME_CHECK_CONSUMER) timestamp=2943 ms, used_size=13707264 bytes (33.5%)
(RDMA_READ_CONSUME_CHECK_CONSUMER) timestamp=2943 ms, used_size=13705216 bytes (33.5%)
(RDMA_READ_CONSUME_CHECK_CONSUMER) timestamp=2943 ms, used_size=13703168 bytes (33.5%)
(RDMA_READ_CONSUME_CHECK_CONSUMER) timestamp=2943 ms, used_size=13701120 bytes (33.5%)
(RDMA_READ_CONSUME_CHECK_CONSUMER) timestamp=2943 ms, used_size=13699072 bytes (33.4%)
(RDMA_READ_CONSUME_CHECK_CONSUMER) timestamp=2943 ms, used_size=13697024 bytes (33.4%)
(RDMA_READ_CONSUME_CHECK_CONSUMER) timestamp=2943 ms, used_size=13694976 bytes (33.4%)
(RDMA_READ_CONSUME_CHECK_CONSUMER) timestamp=2943 ms, used_size=13692928 bytes (33.4%)
(RDMA_READ_CONSUME_CHECK_CONSUMER) timestamp=2943 ms, used_size=13690880 bytes (33.4%)
(RDMA_READ_CONSUME_CHECK_CONSUMER) timestamp=2943 ms, used_size=13688832 bytes (33.4%)
(RDMA_READ_CONSUME_CHECK_CONSUMER) timestamp=2943 ms, used_size=13686784 bytes (33.4%)
(RDMA_READ_CONSUME_CHECK_CONSUMER) timestamp=2943 ms, used_size=13684736 bytes (33.4%)
(RDMA_READ_CONSUME_CHECK_CONSUMER) timestamp=2943 ms, used_size=13682688 bytes (33.4%)
(RDMA_READ_CONSUME_CHECK_CONSUMER) timestamp=2943 ms, used_size=13680640 bytes (33.4%)
(RDMA_READ_CONSUME_CHECK_CONSUMER) timestamp=2943 ms, used_size=13678592 bytes (33.4%)
(RDMA_READ_CONSUME_CHECK_CONSUMER) timestamp=2943 ms, used_size=13676544 bytes (33.4%)
(RDMA_READ_CONSUME_CHECK_CONSUMER) timestamp=2943 ms, used_size=13674496 bytes (33.4%)
(RDMA_READ_CONSUME_CHECK_CONSUMER) timestamp=2943 ms, used_size=13672448 bytes (33.4%)
(RDMA_READ_CONSUME_CHECK_CONSUMER) timestamp=2943 ms, used_size=13670400 bytes (33.4%)
(RDMA_READ_CONSUME_CHECK_CONSUMER) timestamp=2943 ms, used_size=13668352 bytes (33.4%)
(RDMA_READ_CONSUME_CHECK_CONSUMER) timestamp=2943 ms, used_size=13666304 bytes (33.4%)
(RDMA_READ_CONSUME_CHECK_CONSUMER) timestamp=2943 ms, used_size=13664256 bytes (33.4%)
(RDMA_READ_CONSUME_CHECK_CONSUMER) timestamp=2943 ms, used_size=13662208 bytes (33.4%)
(RDMA_READ_CONSUME_CHECK_CONSUMER) timestamp=2943 ms, used_size=13660160 bytes (33.4%)
(RDMA_READ_CONSUME_CHECK_CONSUMER) timestamp=2943 ms, used_size=13658112 bytes (33.3%)
(RDMA_READ_CONSUME_CHECK_CONSUMER) timestamp=2943 ms, used_size=13656064 bytes (33.3%)
(RDMA_READ_CONSUME_CHECK_CONSUMER) timestamp=2943 ms, used_size=13654016 bytes (33.3%)
(RDMA_READ_CONSUME_CHECK_CONSUMER) timestamp=2943 ms, used_size=13651968 bytes (33.3%)
(RDMA_READ_CONSUME_CHECK_CONSUMER) timestamp=2943 ms, used_size=13649920 bytes (33.3%)
(RDMA_READ_CONSUME_CHECK_CONSUMER) timestamp=2943 ms, used_size=13647872 bytes (33.3%)
(RDMA_READ_CONSUME_CHECK_CONSUMER) timestamp=2943 ms, used_size=13645824 bytes (33.3%)
(RDMA_READ_CONSUME_CHECK_CONSUMER) timestamp=2943 ms, used_size=13643776 bytes (33.3%)
(RDMA_READ_CONSUME_CHECK_CONSUMER) timestamp=2943 ms, used_size=13641728 bytes (33.3%)
(RDMA_READ_CONSUME_CHECK_CONSUMER) timestamp=2943 ms, used_size=13639680 bytes (33.3%)
(RDMA_READ_CONSUME_CHECK_CONSUMER) timestamp=2943 ms, used_size=13637632 bytes (33.3%)
(RDMA_READ_CONSUME_CHECK_CONSUMER) timestamp=2943 ms, used_size=13635584 bytes (33.3%)
(RDMA_READ_CONSUME_CHECK_CONSUMER) timestamp=2943 ms, used_size=13633536 bytes (33.3%)
(RDMA_READ_CONSUME_CHECK_CONSUMER) timestamp=2943 ms, used_size=13631488 bytes (33.3%)
(RDMA_READ_CONSUME_CHECK_CONSUMER) timestamp=2943 ms, used_size=13629440 bytes (33.3%)
(RDMA_READ_CONSUME_CHECK_CONSUMER) timestamp=2944 ms, used_size=13627392 bytes (33.3%)
(RDMA_READ_CONSUME_CHECK_CONSUMER) timestamp=2944 ms, used_size=13625344 bytes (33.3%)
(RDMA_READ_CONSUME_CHECK_CONSUMER) timestamp=2944 ms, used_size=13623296 bytes (33.3%)
(RDMA_READ_CONSUME_CHECK_CONSUMER) timestamp=2944 ms, used_size=13621248 bytes (33.3%)
(RDMA_READ_CONSUME_CHECK_CONSUMER) timestamp=2944 ms, used_size=13619200 bytes (33.2%)
(RDMA_READ_CONSUME_CHECK_CONSUMER) timestamp=2944 ms, used_size=13617152 bytes (33.2%)
(RDMA_READ_CONSUME_CHECK_CONSUMER) timestamp=2944 ms, used_size=13615104 bytes (33.2%)
(RDMA_READ_CONSUME_CHECK_CONSUMER) timestamp=2944 ms, used_size=13613056 bytes (33.2%)
(RDMA_READ_CONSUME_CHECK_CONSUMER) timestamp=2944 ms, used_size=13611008 bytes (33.2%)
(RDMA_READ_CONSUME_CHECK_CONSUMER) timestamp=2944 ms, used_size=13608960 bytes (33.2%)
(RDMA_READ_CONSUME_CHECK_CONSUMER) timestamp=2944 ms, used_size=13606912 bytes (33.2%)
(RDMA_READ_CONSUME_CHECK_CONSUMER) timestamp=2944 ms, used_size=13604864 bytes (33.2%)
(RDMA_READ_CONSUME_CHECK_CONSUMER) timestamp=2944 ms, used_size=13602816 bytes (33.2%)
(RDMA_READ_CONSUME_CHECK_CONSUMER) timestamp=2944 ms, used_size=13600768 bytes (33.2%)
(RDMA_READ_CONSUME_CHECK_CONSUMER) timestamp=2944 ms, used_size=13598720 bytes (33.2%)
(RDMA_READ_CONSUME_CHECK_CONSUMER) timestamp=2944 ms, used_size=13596672 bytes (33.2%)
(RDMA_READ_CONSUME_CHECK_CONSUMER) timestamp=2944 ms, used_size=13594624 bytes (33.2%)
(RDMA_READ_CONSUME_CHECK_CONSUMER) timestamp=2944 ms, used_size=13592576 bytes (33.2%)
(RDMA_READ_CONSUME_CHECK_CONSUMER) timestamp=2944 ms, used_size=13590528 bytes (33.2%)
(RDMA_READ_CONSUME_CHECK_CONSUMER) timestamp=2944 ms, used_size=13588480 bytes (33.2%)
(RDMA_READ_CONSUME_CHECK_CONSUMER) timestamp=2944 ms, used_size=13586432 bytes (33.2%)
(RDMA_READ_CONSUME_CHECK_CONSUMER) timestamp=2944 ms, used_size=13584384 bytes (33.2%)
(RDMA_READ_CONSUME_CHECK_CONSUMER) timestamp=2944 ms, used_size=13582336 bytes (33.2%)
(RDMA_READ_CONSUME_CHECK_CONSUMER) timestamp=2944 ms, used_size=13580288 bytes (33.2%)
(RDMA_READ_CONSUME_CHECK_CONSUMER) timestamp=2944 ms, used_size=13578240 bytes (33.1%)
(RDMA_READ_CONSUME_CHECK_CONSUMER) timestamp=2944 ms, used_size=13576192 bytes (33.1%)
(RDMA_READ_CONSUME_CHECK_CONSUMER) timestamp=2944 ms, used_size=13574144 bytes (33.1%)
(RDMA_READ_CONSUME_CHECK_CONSUMER) timestamp=2944 ms, used_size=13572096 bytes (33.1%)
(RDMA_READ_CONSUME_CHECK_CONSUMER) timestamp=2944 ms, used_size=13570048 bytes (33.1%)
(RDMA_READ_CONSUME_CHECK_CONSUMER) timestamp=2944 ms, used_size=13568000 bytes (33.1%)
(RDMA_READ_CONSUME_CHECK_CONSUMER) timestamp=2944 ms, used_size=13565952 bytes (33.1%)
(RDMA_READ_CONSUME_CHECK_CONSUMER) timestamp=2944 ms, used_size=13563904 bytes (33.1%)
(RDMA_READ_CONSUME_CHECK_CONSUMER) timestamp=2944 ms, used_size=13561856 bytes (33.1%)
(RDMA_READ_CONSUME_CHECK_CONSUMER) timestamp=2944 ms, used_size=13559808 bytes (33.1%)
(RDMA_READ_CONSUME_CHECK_CONSUMER) timestamp=2944 ms, used_size=13557760 bytes (33.1%)
(RDMA_READ_CONSUME_CHECK_CONSUMER) timestamp=2944 ms, used_size=13555712 bytes (33.1%)
(RDMA_READ_CONSUME_CHECK_CONSUMER) timestamp=2944 ms, used_size=13553664 bytes (33.1%)
(RDMA_READ_CONSUME_CHECK_CONSUMER) timestamp=2944 ms, used_size=13551616 bytes (33.1%)
(RDMA_READ_CONSUME_CHECK_CONSUMER) timestamp=2944 ms, used_size=13549568 bytes (33.1%)
(RDMA_READ_CONSUME_CHECK_CONSUMER) timestamp=2944 ms, used_size=13547520 bytes (33.1%)
(RDMA_READ_CONSUME_CHECK_CONSUMER) timestamp=2944 ms, used_size=13545472 bytes (33.1%)
(RDMA_READ_CONSUME_CHECK_CONSUMER) timestamp=2944 ms, used_size=13543424 bytes (33.1%)
(RDMA_READ_CONSUME_CHECK_CONSUMER) timestamp=2944 ms, used_size=13541376 bytes (33.1%)
(RDMA_READ_CONSUME_CHECK_CONSUMER) timestamp=2944 ms, used_size=13539328 bytes (33.1%)
(RDMA_READ_CONSUME_CHECK_CONSUMER) timestamp=2944 ms, used_size=13537280 bytes (33.0%)
(RDMA_READ_CONSUME_CHECK_CONSUMER) timestamp=2944 ms, used_size=13535232 bytes (33.0%)
(RDMA_READ_CONSUME_CHECK_CONSUMER) timestamp=2944 ms, used_size=13533184 bytes (33.0%)
(RDMA_READ_CONSUME_CHECK_CONSUMER) timestamp=2944 ms, used_size=13531136 bytes (33.0%)
(RDMA_READ_CONSUME_CHECK_CONSUMER) timestamp=2944 ms, used_size=13529088 bytes (33.0%)
(RDMA_READ_CONSUME_CHECK_CONSUMER) timestamp=2944 ms, used_size=13527040 bytes (33.0%)
(RDMA_READ_CONSUME_CHECK_CONSUMER) timestamp=2944 ms, used_size=13524992 bytes (33.0%)
(RDMA_READ_CONSUME_CHECK_CONSUMER) timestamp=2944 ms, used_size=13522944 bytes (33.0%)
(RDMA_READ_CONSUME_CHECK_CONSUMER) timestamp=2944 ms, used_size=13520896 bytes (33.0%)
(RDMA_READ_CONSUME_CHECK_CONSUMER) timestamp=2944 ms, used_size=13518848 bytes (33.0%)
(RDMA_READ_CONSUME_CHECK_CONSUMER) timestamp=2944 ms, used_size=13516800 bytes (33.0%)
(RDMA_READ_CONSUME_CHECK_CONSUMER) timestamp=2944 ms, used_size=13514752 bytes (33.0%)
(RDMA_READ_CONSUME_CHECK_CONSUMER) timestamp=2944 ms, used_size=13512704 bytes (33.0%)
(RDMA_READ_CONSUME_CHECK_CONSUMER) timestamp=2944 ms, used_size=13510656 bytes (33.0%)
(RDMA_READ_CONSUME_CHECK_CONSUMER) timestamp=2944 ms, used_size=13508608 bytes (33.0%)
(RDMA_READ_CONSUME_CHECK_CONSUMER) timestamp=2944 ms, used_size=13506560 bytes (33.0%)
(RDMA_READ_CONSUME_CHECK_CONSUMER) timestamp=2944 ms, used_size=13504512 bytes (33.0%)
(RDMA_READ_CONSUME_CHECK_CONSUMER) timestamp=2944 ms, used_size=13502464 bytes (33.0%)
(RDMA_READ_CONSUME_CHECK_CONSUMER) timestamp=2944 ms, used_size=13500416 bytes (33.0%)
(RDMA_READ_CONSUME_CHECK_CONSUMER) timestamp=2944 ms, used_size=13498368 bytes (33.0%)
(RDMA_READ_CONSUME_CHECK_CONSUMER) timestamp=2944 ms, used_size=13496320 bytes (33.0%)
(RDMA_READ_CONSUME_CHECK_CONSUMER) timestamp=2944 ms, used_size=13494272 bytes (32.9%)
(RDMA_READ_CONSUME_CHECK_CONSUMER) timestamp=2944 ms, used_size=13492224 bytes (32.9%)
(RDMA_READ_CONSUME_CHECK_CONSUMER) timestamp=2944 ms, used_size=13490176 bytes (32.9%)
(RDMA_READ_CONSUME_CHECK_CONSUMER) timestamp=2944 ms, used_size=13488128 bytes (32.9%)
(RDMA_READ_CONSUME_CHECK_CONSUMER) timestamp=2944 ms, used_size=13486080 bytes (32.9%)
(RDMA_READ_CONSUME_CHECK_CONSUMER) timestamp=2944 ms, used_size=13484032 bytes (32.9%)
(RDMA_READ_CONSUME_CHECK_CONSUMER) timestamp=2944 ms, used_size=13481984 bytes (32.9%)
(RDMA_READ_CONSUME_CHECK_CONSUMER) timestamp=2944 ms, used_size=13479936 bytes (32.9%)
(RDMA_READ_CONSUME_CHECK_CONSUMER) timestamp=2944 ms, used_size=13477888 bytes (32.9%)
(RDMA_READ_CONSUME_CHECK_CONSUMER) timestamp=2944 ms, used_size=13475840 bytes (32.9%)
(RDMA_READ_CONSUME_CHECK_CONSUMER) timestamp=2944 ms, used_size=13473792 bytes (32.9%)
(RDMA_READ_CONSUME_CHECK_CONSUMER) timestamp=2944 ms, used_size=13471744 bytes (32.9%)
(RDMA_READ_CONSUME_CHECK_CONSUMER) timestamp=2944 ms, used_size=13469696 bytes (32.9%)
(RDMA_READ_CONSUME_CHECK_CONSUMER) timestamp=2944 ms, used_size=13467648 bytes (32.9%)
(RDMA_READ_CONSUME_CHECK_CONSUMER) timestamp=2944 ms, used_size=13465600 bytes (32.9%)
(RDMA_READ_CONSUME_CHECK_CONSUMER) timestamp=2944 ms, used_size=13463552 bytes (32.9%)
(RDMA_READ_CONSUME_CHECK_CONSUMER) timestamp=2944 ms, used_size=13461504 bytes (32.9%)
(RDMA_READ_CONSUME_CHECK_CONSUMER) timestamp=2944 ms, used_size=13459456 bytes (32.9%)
(RDMA_READ_CONSUME_CHECK_CONSUMER) timestamp=2944 ms, used_size=13457408 bytes (32.9%)
(RDMA_READ_CONSUME_CHECK_CONSUMER) timestamp=2944 ms, used_size=13455360 bytes (32.9%)
(RDMA_READ_CONSUME_CHECK_CONSUMER) timestamp=2944 ms, used_size=13453312 bytes (32.8%)
(RDMA_READ_CONSUME_CHECK_CONSUMER) timestamp=2944 ms, used_size=13451264 bytes (32.8%)
(RDMA_READ_CONSUME_CHECK_CONSUMER) timestamp=2944 ms, used_size=13449216 bytes (32.8%)
(RDMA_READ_CONSUME_CHECK_CONSUMER) timestamp=2944 ms, used_size=13447168 bytes (32.8%)
(RDMA_READ_CONSUME_CHECK_CONSUMER) timestamp=2944 ms, used_size=13445120 bytes (32.8%)
(RDMA_READ_CONSUME_CHECK_CONSUMER) timestamp=2944 ms, used_size=13443072 bytes (32.8%)
(RDMA_READ_CONSUME_CHECK_CONSUMER) timestamp=2944 ms, used_size=13441024 bytes (32.8%)
(RDMA_READ_CONSUME_CHECK_CONSUMER) timestamp=2944 ms, used_size=13438976 bytes (32.8%)
(RDMA_READ_CONSUME_CHECK_CONSUMER) timestamp=2944 ms, used_size=13436928 bytes (32.8%)
(RDMA_READ_CONSUME_CHECK_CONSUMER) timestamp=2944 ms, used_size=13434880 bytes (32.8%)
(RDMA_READ_CONSUME_CHECK_CONSUMER) timestamp=2944 ms, used_size=13432832 bytes (32.8%)
(RDMA_READ_CONSUME_CHECK_CONSUMER) timestamp=2944 ms, used_size=13430784 bytes (32.8%)
(RDMA_READ_CONSUME_CHECK_CONSUMER) timestamp=2944 ms, used_size=13428736 bytes (32.8%)
(RDMA_READ_CONSUME_CHECK_CONSUMER) timestamp=2944 ms, used_size=13426688 bytes (32.8%)
(RDMA_READ_CONSUME_CHECK_CONSUMER) timestamp=2944 ms, used_size=13424640 bytes (32.8%)
(RDMA_READ_CONSUME_CHECK_CONSUMER) timestamp=2944 ms, used_size=13422592 bytes (32.8%)
(RDMA_READ_CONSUME_CHECK_CONSUMER) timestamp=2944 ms, used_size=13420544 bytes (32.8%)
(RDMA_READ_CONSUME_CHECK_CONSUMER) timestamp=2944 ms, used_size=13418496 bytes (32.8%)
(RDMA_READ_CONSUME_CHECK_CONSUMER) timestamp=2944 ms, used_size=13416448 bytes (32.8%)
(RDMA_READ_CONSUME_CHECK_CONSUMER) timestamp=2944 ms, used_size=13414400 bytes (32.8%)
(RDMA_READ_CONSUME_CHECK_CONSUMER) timestamp=2944 ms, used_size=13412352 bytes (32.7%)
(RDMA_READ_CONSUME_CHECK_CONSUMER) timestamp=2944 ms, used_size=13410304 bytes (32.7%)
(RDMA_READ_CONSUME_CHECK_CONSUMER) timestamp=2944 ms, used_size=13408256 bytes (32.7%)
(RDMA_READ_CONSUME_CHECK_CONSUMER) timestamp=2944 ms, used_size=13406208 bytes (32.7%)
(RDMA_READ_CONSUME_CHECK_CONSUMER) timestamp=2944 ms, used_size=13404160 bytes (32.7%)
(RDMA_READ_CONSUME_CHECK_CONSUMER) timestamp=2944 ms, used_size=13402112 bytes (32.7%)
(RDMA_READ_CONSUME_CHECK_CONSUMER) timestamp=2944 ms, used_size=13400064 bytes (32.7%)
(RDMA_READ_CONSUME_CHECK_CONSUMER) timestamp=2944 ms, used_size=13398016 bytes (32.7%)
(RDMA_READ_CONSUME_CHECK_CONSUMER) timestamp=2944 ms, used_size=13395968 bytes (32.7%)
(RDMA_READ_CONSUME_CHECK_CONSUMER) timestamp=2944 ms, used_size=13393920 bytes (32.7%)
(RDMA_READ_CONSUME_CHECK_CONSUMER) timestamp=2944 ms, used_size=13391872 bytes (32.7%)
(RDMA_READ_CONSUME_CHECK_CONSUMER) timestamp=2944 ms, used_size=13389824 bytes (32.7%)
(RDMA_READ_CONSUME_CHECK_CONSUMER) timestamp=2944 ms, used_size=13387776 bytes (32.7%)
(RDMA_READ_CONSUME_CHECK_CONSUMER) timestamp=2944 ms, used_size=13385728 bytes (32.7%)
(RDMA_READ_CONSUME_CHECK_CONSUMER) timestamp=2944 ms, used_size=13383680 bytes (32.7%)
(RDMA_READ_CONSUME_CHECK_CONSUMER) timestamp=2944 ms, used_size=13381632 bytes (32.7%)
(RDMA_READ_CONSUME_CHECK_CONSUMER) timestamp=2944 ms, used_size=13379584 bytes (32.7%)
(RDMA_READ_CONSUME_CHECK_CONSUMER) timestamp=2944 ms, used_size=13377536 bytes (32.7%)
(RDMA_READ_CONSUME_CHECK_CONSUMER) timestamp=2944 ms, used_size=13375488 bytes (32.7%)
(RDMA_READ_CONSUME_CHECK_CONSUMER) timestamp=2944 ms, used_size=13373440 bytes (32.6%)
(RDMA_READ_CONSUME_CHECK_CONSUMER) timestamp=2944 ms, used_size=13371392 bytes (32.6%)
(RDMA_READ_CONSUME_CHECK_CONSUMER) timestamp=2944 ms, used_size=13369344 bytes (32.6%)
(RDMA_READ_CONSUME_CHECK_CONSUMER) timestamp=2944 ms, used_size=13367296 bytes (32.6%)
(RDMA_READ_CONSUME_CHECK_CONSUMER) timestamp=2944 ms, used_size=13365248 bytes (32.6%)
(RDMA_READ_CONSUME_CHECK_CONSUMER) timestamp=2944 ms, used_size=13363200 bytes (32.6%)
(RDMA_READ_CONSUME_CHECK_CONSUMER) timestamp=2944 ms, used_size=13361152 bytes (32.6%)
(RDMA_READ_CONSUME_CHECK_CONSUMER) timestamp=2944 ms, used_size=13359104 bytes (32.6%)
(RDMA_READ_CONSUME_CHECK_CONSUMER) timestamp=2944 ms, used_size=13357056 bytes (32.6%)
(RDMA_READ_CONSUME_CHECK_CONSUMER) timestamp=2944 ms, used_size=13355008 bytes (32.6%)
(RDMA_READ_CONSUME_CHECK_CONSUMER) timestamp=2944 ms, used_size=13352960 bytes (32.6%)
(RDMA_READ_CONSUME_CHECK_CONSUMER) timestamp=2944 ms, used_size=13350912 bytes (32.6%)
(RDMA_READ_CONSUME_CHECK_CONSUMER) timestamp=2944 ms, used_size=13348864 bytes (32.6%)
(RDMA_READ_CONSUME_CHECK_CONSUMER) timestamp=2944 ms, used_size=13346816 bytes (32.6%)
(RDMA_READ_CONSUME_CHECK_CONSUMER) timestamp=2944 ms, used_size=13344768 bytes (32.6%)
(RDMA_READ_CONSUME_CHECK_CONSUMER) timestamp=2944 ms, used_size=13342720 bytes (32.6%)
(RDMA_READ_CONSUME_CHECK_CONSUMER) timestamp=2944 ms, used_size=13340672 bytes (32.6%)
(RDMA_READ_CONSUME_CHECK_CONSUMER) timestamp=2944 ms, used_size=13338624 bytes (32.6%)
(RDMA_READ_CONSUME_CHECK_CONSUMER) timestamp=2944 ms, used_size=13336576 bytes (32.6%)
(RDMA_READ_CONSUME_CHECK_CONSUMER) timestamp=2944 ms, used_size=13334528 bytes (32.6%)
(RDMA_READ_CONSUME_CHECK_CONSUMER) timestamp=2944 ms, used_size=13332480 bytes (32.5%)
(RDMA_READ_CONSUME_CHECK_CONSUMER) timestamp=2944 ms, used_size=13330432 bytes (32.5%)
(RDMA_READ_CONSUME_CHECK_CONSUMER) timestamp=2944 ms, used_size=13328384 bytes (32.5%)
(RDMA_READ_CONSUME_CHECK_CONSUMER) timestamp=2944 ms, used_size=13326336 bytes (32.5%)
(RDMA_READ_CONSUME_CHECK_CONSUMER) timestamp=2944 ms, used_size=13324288 bytes (32.5%)
(RDMA_READ_CONSUME_CHECK_CONSUMER) timestamp=2944 ms, used_size=13322240 bytes (32.5%)
(RDMA_READ_CONSUME_CHECK_CONSUMER) timestamp=2944 ms, used_size=13320192 bytes (32.5%)
(RDMA_READ_CONSUME_CHECK_CONSUMER) timestamp=2944 ms, used_size=13318144 bytes (32.5%)
(RDMA_READ_CONSUME_CHECK_CONSUMER) timestamp=2944 ms, used_size=13316096 bytes (32.5%)
(RDMA_READ_CONSUME_CHECK_CONSUMER) timestamp=2944 ms, used_size=13314048 bytes (32.5%)
(RDMA_READ_CONSUME_CHECK_CONSUMER) timestamp=2944 ms, used_size=13312000 bytes (32.5%)
(RDMA_READ_CONSUME_CHECK_CONSUMER) timestamp=2944 ms, used_size=13309952 bytes (32.5%)
(RDMA_READ_CONSUME_CHECK_CONSUMER) timestamp=2944 ms, used_size=13307904 bytes (32.5%)
(RDMA_READ_CONSUME_CHECK_CONSUMER) timestamp=2944 ms, used_size=13305856 bytes (32.5%)
(RDMA_READ_CONSUME_CHECK_CONSUMER) timestamp=2944 ms, used_size=13303808 bytes (32.5%)
(RDMA_READ_CONSUME_CHECK_CONSUMER) timestamp=2944 ms, used_size=13301760 bytes (32.5%)
(RDMA_READ_CONSUME_CHECK_CONSUMER) timestamp=2944 ms, used_size=13299712 bytes (32.5%)
(RDMA_READ_CONSUME_CHECK_CONSUMER) timestamp=2944 ms, used_size=13297664 bytes (32.5%)
(RDMA_READ_CONSUME_CHECK_CONSUMER) timestamp=2944 ms, used_size=13295616 bytes (32.5%)
(RDMA_READ_CONSUME_CHECK_CONSUMER) timestamp=2944 ms, used_size=13293568 bytes (32.5%)
(RDMA_READ_CONSUME_CHECK_CONSUMER) timestamp=2944 ms, used_size=13291520 bytes (32.5%)
(RDMA_READ_CONSUME_CHECK_CONSUMER) timestamp=2944 ms, used_size=13289472 bytes (32.4%)
(RDMA_READ_CONSUME_CHECK_CONSUMER) timestamp=2944 ms, used_size=13287424 bytes (32.4%)
(RDMA_READ_CONSUME_CHECK_CONSUMER) timestamp=2944 ms, used_size=13285376 bytes (32.4%)
(RDMA_READ_CONSUME_CHECK_CONSUMER) timestamp=2944 ms, used_size=13283328 bytes (32.4%)
(RDMA_READ_CONSUME_CHECK_CONSUMER) timestamp=2944 ms, used_size=13281280 bytes (32.4%)
(RDMA_READ_CONSUME_CHECK_CONSUMER) timestamp=2944 ms, used_size=13279232 bytes (32.4%)
(RDMA_READ_CONSUME_CHECK_CONSUMER) timestamp=2944 ms, used_size=13277184 bytes (32.4%)
(RDMA_READ_CONSUME_CHECK_CONSUMER) timestamp=2944 ms, used_size=13275136 bytes (32.4%)
(RDMA_READ_CONSUME_CHECK_CONSUMER) timestamp=2944 ms, used_size=13273088 bytes (32.4%)
(RDMA_READ_CONSUME_CHECK_CONSUMER) timestamp=2944 ms, used_size=13271040 bytes (32.4%)
(RDMA_READ_CONSUME_CHECK_CONSUMER) timestamp=2944 ms, used_size=13268992 bytes (32.4%)
(RDMA_READ_CONSUME_CHECK_CONSUMER) timestamp=2944 ms, used_size=13266944 bytes (32.4%)
(RDMA_READ_CONSUME_CHECK_CONSUMER) timestamp=2944 ms, used_size=13264896 bytes (32.4%)
(RDMA_READ_CONSUME_CHECK_CONSUMER) timestamp=2945 ms, used_size=13262848 bytes (32.4%)
(RDMA_READ_CONSUME_CHECK_CONSUMER) timestamp=2945 ms, used_size=13260800 bytes (32.4%)
(RDMA_READ_CONSUME_CHECK_CONSUMER) timestamp=2945 ms, used_size=13258752 bytes (32.4%)
(RDMA_READ_CONSUME_CHECK_CONSUMER) timestamp=2945 ms, used_size=13256704 bytes (32.4%)
(RDMA_READ_CONSUME_CHECK_CONSUMER) timestamp=2945 ms, used_size=13254656 bytes (32.4%)
(RDMA_READ_CONSUME_CHECK_CONSUMER) timestamp=2945 ms, used_size=13252608 bytes (32.4%)
(RDMA_READ_CONSUME_CHECK_CONSUMER) timestamp=2945 ms, used_size=13250560 bytes (32.4%)
(RDMA_READ_CONSUME_CHECK_CONSUMER) timestamp=2945 ms, used_size=13248512 bytes (32.3%)
(RDMA_READ_CONSUME_CHECK_CONSUMER) timestamp=2945 ms, used_size=13246464 bytes (32.3%)
(RDMA_READ_CONSUME_CHECK_CONSUMER) timestamp=2945 ms, used_size=13244416 bytes (32.3%)
(RDMA_READ_CONSUME_CHECK_CONSUMER) timestamp=2945 ms, used_size=13242368 bytes (32.3%)
(RDMA_READ_CONSUME_CHECK_CONSUMER) timestamp=2945 ms, used_size=13240320 bytes (32.3%)
(RDMA_READ_CONSUME_CHECK_CONSUMER) timestamp=2945 ms, used_size=13238272 bytes (32.3%)
(RDMA_READ_CONSUME_CHECK_CONSUMER) timestamp=2945 ms, used_size=13236224 bytes (32.3%)
(RDMA_READ_CONSUME_CHECK_CONSUMER) timestamp=2945 ms, used_size=13234176 bytes (32.3%)
(RDMA_READ_CONSUME_CHECK_CONSUMER) timestamp=2945 ms, used_size=13232128 bytes (32.3%)
(RDMA_READ_CONSUME_CHECK_CONSUMER) timestamp=2945 ms, used_size=13230080 bytes (32.3%)
(RDMA_READ_CONSUME_CHECK_CONSUMER) timestamp=2945 ms, used_size=13228032 bytes (32.3%)
(RDMA_READ_CONSUME_CHECK_CONSUMER) timestamp=2945 ms, used_size=13225984 bytes (32.3%)
(RDMA_READ_CONSUME_CHECK_CONSUMER) timestamp=2945 ms, used_size=13223936 bytes (32.3%)
(RDMA_READ_CONSUME_CHECK_CONSUMER) timestamp=2945 ms, used_size=13221888 bytes (32.3%)
(RDMA_READ_CONSUME_CHECK_CONSUMER) timestamp=2945 ms, used_size=13219840 bytes (32.3%)
(RDMA_READ_CONSUME_CHECK_CONSUMER) timestamp=2945 ms, used_size=13217792 bytes (32.3%)
(RDMA_READ_CONSUME_CHECK_CONSUMER) timestamp=2945 ms, used_size=13215744 bytes (32.3%)
(RDMA_READ_CONSUME_CHECK_CONSUMER) timestamp=2945 ms, used_size=13213696 bytes (32.3%)
(RDMA_READ_CONSUME_CHECK_CONSUMER) timestamp=2945 ms, used_size=13211648 bytes (32.3%)
(RDMA_READ_CONSUME_CHECK_CONSUMER) timestamp=2945 ms, used_size=13209600 bytes (32.2%)
(RDMA_READ_CONSUME_CHECK_CONSUMER) timestamp=2945 ms, used_size=13207552 bytes (32.2%)
(RDMA_READ_CONSUME_CHECK_CONSUMER) timestamp=2945 ms, used_size=13205504 bytes (32.2%)
(RDMA_READ_CONSUME_CHECK_CONSUMER) timestamp=2945 ms, used_size=13203456 bytes (32.2%)
(RDMA_READ_CONSUME_CHECK_CONSUMER) timestamp=2945 ms, used_size=13201408 bytes (32.2%)
(RDMA_READ_CONSUME_CHECK_CONSUMER) timestamp=2945 ms, used_size=13199360 bytes (32.2%)
(RDMA_READ_CONSUME_CHECK_CONSUMER) timestamp=2945 ms, used_size=13197312 bytes (32.2%)
(RDMA_READ_CONSUME_CHECK_CONSUMER) timestamp=2945 ms, used_size=13195264 bytes (32.2%)
(RDMA_READ_CONSUME_CHECK_CONSUMER) timestamp=2945 ms, used_size=13193216 bytes (32.2%)
(RDMA_READ_CONSUME_CHECK_CONSUMER) timestamp=2945 ms, used_size=13191168 bytes (32.2%)
(RDMA_READ_CONSUME_CHECK_CONSUMER) timestamp=2945 ms, used_size=13189120 bytes (32.2%)
(RDMA_READ_CONSUME_CHECK_CONSUMER) timestamp=2945 ms, used_size=13187072 bytes (32.2%)
(RDMA_READ_CONSUME_CHECK_CONSUMER) timestamp=2945 ms, used_size=13185024 bytes (32.2%)
(RDMA_READ_CONSUME_CHECK_CONSUMER) timestamp=2945 ms, used_size=13182976 bytes (32.2%)
(RDMA_READ_CONSUME_CHECK_CONSUMER) timestamp=2945 ms, used_size=13180928 bytes (32.2%)
(RDMA_READ_CONSUME_CHECK_CONSUMER) timestamp=2945 ms, used_size=13178880 bytes (32.2%)
(RDMA_READ_CONSUME_CHECK_CONSUMER) timestamp=2945 ms, used_size=13176832 bytes (32.2%)
(RDMA_READ_CONSUME_CHECK_CONSUMER) timestamp=2945 ms, used_size=13174784 bytes (32.2%)
(RDMA_READ_CONSUME_CHECK_CONSUMER) timestamp=2945 ms, used_size=13172736 bytes (32.2%)
(RDMA_READ_CONSUME_CHECK_CONSUMER) timestamp=2945 ms, used_size=13170688 bytes (32.2%)
(RDMA_READ_CONSUME_CHECK_CONSUMER) timestamp=2945 ms, used_size=13168640 bytes (32.1%)
(RDMA_READ_CONSUME_CHECK_CONSUMER) timestamp=2945 ms, used_size=13166592 bytes (32.1%)
(RDMA_READ_CONSUME_CHECK_CONSUMER) timestamp=2945 ms, used_size=13164544 bytes (32.1%)
(RDMA_READ_CONSUME_CHECK_CONSUMER) timestamp=2945 ms, used_size=13162496 bytes (32.1%)
(RDMA_READ_CONSUME_CHECK_CONSUMER) timestamp=2945 ms, used_size=13160448 bytes (32.1%)
(RDMA_READ_CONSUME_CHECK_CONSUMER) timestamp=2945 ms, used_size=13158400 bytes (32.1%)
(RDMA_READ_CONSUME_CHECK_CONSUMER) timestamp=2945 ms, used_size=13156352 bytes (32.1%)
(RDMA_READ_CONSUME_CHECK_CONSUMER) timestamp=2945 ms, used_size=13154304 bytes (32.1%)
(RDMA_READ_CONSUME_CHECK_CONSUMER) timestamp=2945 ms, used_size=13152256 bytes (32.1%)
(RDMA_READ_CONSUME_CHECK_CONSUMER) timestamp=2945 ms, used_size=13150208 bytes (32.1%)
(RDMA_READ_CONSUME_CHECK_CONSUMER) timestamp=2945 ms, used_size=13148160 bytes (32.1%)
(RDMA_READ_CONSUME_CHECK_CONSUMER) timestamp=2945 ms, used_size=13146112 bytes (32.1%)
(RDMA_READ_CONSUME_CHECK_CONSUMER) timestamp=2945 ms, used_size=13144064 bytes (32.1%)
(RDMA_READ_CONSUME_CHECK_CONSUMER) timestamp=2945 ms, used_size=13142016 bytes (32.1%)
(RDMA_READ_CONSUME_CHECK_CONSUMER) timestamp=2945 ms, used_size=13139968 bytes (32.1%)
(RDMA_READ_CONSUME_CHECK_CONSUMER) timestamp=2945 ms, used_size=13137920 bytes (32.1%)
(RDMA_READ_CONSUME_CHECK_CONSUMER) timestamp=2945 ms, used_size=13135872 bytes (32.1%)
(RDMA_READ_CONSUME_CHECK_CONSUMER) timestamp=2945 ms, used_size=13133824 bytes (32.1%)
(RDMA_READ_CONSUME_CHECK_CONSUMER) timestamp=2945 ms, used_size=13131776 bytes (32.1%)
(RDMA_READ_CONSUME_CHECK_CONSUMER) timestamp=2945 ms, used_size=13129728 bytes (32.1%)
(RDMA_READ_CONSUME_CHECK_CONSUMER) timestamp=2945 ms, used_size=13127680 bytes (32.0%)
(RDMA_READ_CONSUME_CHECK_CONSUMER) timestamp=2945 ms, used_size=13125632 bytes (32.0%)
(RDMA_READ_CONSUME_CHECK_CONSUMER) timestamp=2945 ms, used_size=13123584 bytes (32.0%)
(RDMA_READ_CONSUME_CHECK_CONSUMER) timestamp=2945 ms, used_size=13121536 bytes (32.0%)
(RDMA_READ_CONSUME_CHECK_CONSUMER) timestamp=2945 ms, used_size=13119488 bytes (32.0%)
(RDMA_READ_CONSUME_CHECK_CONSUMER) timestamp=2945 ms, used_size=13117440 bytes (32.0%)
(RDMA_READ_CONSUME_CHECK_CONSUMER) timestamp=2945 ms, used_size=13115392 bytes (32.0%)
(RDMA_READ_CONSUME_CHECK_CONSUMER) timestamp=2945 ms, used_size=13113344 bytes (32.0%)
(RDMA_READ_CONSUME_CHECK_CONSUMER) timestamp=2945 ms, used_size=13111296 bytes (32.0%)
(RDMA_READ_CONSUME_CHECK_CONSUMER) timestamp=2945 ms, used_size=13109248 bytes (32.0%)
(RDMA_READ_CONSUME_CHECK_CONSUMER) timestamp=2945 ms, used_size=13107200 bytes (32.0%)
(RDMA_READ_CONSUME_CHECK_CONSUMER) timestamp=2945 ms, used_size=13105152 bytes (32.0%)
(RDMA_READ_CONSUME_CHECK_CONSUMER) timestamp=2945 ms, used_size=13103104 bytes (32.0%)
(RDMA_READ_CONSUME_CHECK_CONSUMER) timestamp=2945 ms, used_size=13101056 bytes (32.0%)
(RDMA_READ_CONSUME_CHECK_CONSUMER) timestamp=2945 ms, used_size=13099008 bytes (32.0%)
(RDMA_READ_CONSUME_CHECK_CONSUMER) timestamp=2945 ms, used_size=13096960 bytes (32.0%)
(RDMA_READ_CONSUME_CHECK_CONSUMER) timestamp=2945 ms, used_size=13094912 bytes (32.0%)
(RDMA_READ_CONSUME_CHECK_CONSUMER) timestamp=2945 ms, used_size=13092864 bytes (32.0%)
(RDMA_READ_CONSUME_CHECK_CONSUMER) timestamp=2945 ms, used_size=13090816 bytes (32.0%)
(RDMA_READ_CONSUME_CHECK_CONSUMER) timestamp=2945 ms, used_size=13088768 bytes (32.0%)
(RDMA_READ_CONSUME_CHECK_CONSUMER) timestamp=2945 ms, used_size=13086720 bytes (31.9%)
(RDMA_READ_CONSUME_CHECK_CONSUMER) timestamp=2945 ms, used_size=13084672 bytes (31.9%)
(RDMA_READ_CONSUME_CHECK_CONSUMER) timestamp=2945 ms, used_size=13082624 bytes (31.9%)
(RDMA_READ_CONSUME_CHECK_CONSUMER) timestamp=2945 ms, used_size=13080576 bytes (31.9%)
(RDMA_READ_CONSUME_CHECK_CONSUMER) timestamp=2945 ms, used_size=13078528 bytes (31.9%)
(RDMA_READ_CONSUME_CHECK_CONSUMER) timestamp=2945 ms, used_size=13076480 bytes (31.9%)
(RDMA_READ_CONSUME_CHECK_CONSUMER) timestamp=2945 ms, used_size=13074432 bytes (31.9%)
(RDMA_READ_CONSUME_CHECK_CONSUMER) timestamp=2945 ms, used_size=13072384 bytes (31.9%)
(RDMA_READ_CONSUME_CHECK_CONSUMER) timestamp=2945 ms, used_size=13070336 bytes (31.9%)
(RDMA_READ_CONSUME_CHECK_CONSUMER) timestamp=2945 ms, used_size=13068288 bytes (31.9%)
(RDMA_READ_CONSUME_CHECK_CONSUMER) timestamp=2945 ms, used_size=13066240 bytes (31.9%)
(RDMA_READ_CONSUME_CHECK_CONSUMER) timestamp=2945 ms, used_size=13064192 bytes (31.9%)
(RDMA_READ_CONSUME_CHECK_CONSUMER) timestamp=2945 ms, used_size=13062144 bytes (31.9%)
(RDMA_READ_CONSUME_CHECK_CONSUMER) timestamp=2945 ms, used_size=13060096 bytes (31.9%)
(RDMA_READ_CONSUME_CHECK_CONSUMER) timestamp=2945 ms, used_size=13058048 bytes (31.9%)
(RDMA_READ_CONSUME_CHECK_CONSUMER) timestamp=2945 ms, used_size=13056000 bytes (31.9%)
(RDMA_READ_CONSUME_CHECK_CONSUMER) timestamp=2945 ms, used_size=13053952 bytes (31.9%)
(RDMA_READ_CONSUME_CHECK_CONSUMER) timestamp=2945 ms, used_size=13051904 bytes (31.9%)
(RDMA_READ_CONSUME_CHECK_CONSUMER) timestamp=2945 ms, used_size=13049856 bytes (31.9%)
(RDMA_READ_CONSUME_CHECK_CONSUMER) timestamp=2945 ms, used_size=13047808 bytes (31.9%)
(RDMA_READ_CONSUME_CHECK_CONSUMER) timestamp=2945 ms, used_size=13045760 bytes (31.9%)
(RDMA_READ_CONSUME_CHECK_CONSUMER) timestamp=2945 ms, used_size=13043712 bytes (31.8%)
(RDMA_READ_CONSUME_CHECK_CONSUMER) timestamp=2945 ms, used_size=13041664 bytes (31.8%)
(RDMA_READ_CONSUME_CHECK_CONSUMER) timestamp=2945 ms, used_size=13039616 bytes (31.8%)
(RDMA_READ_CONSUME_CHECK_CONSUMER) timestamp=2945 ms, used_size=13037568 bytes (31.8%)
(RDMA_READ_CONSUME_CHECK_CONSUMER) timestamp=2945 ms, used_size=13035520 bytes (31.8%)
(RDMA_READ_CONSUME_CHECK_CONSUMER) timestamp=2945 ms, used_size=13033472 bytes (31.8%)
(RDMA_READ_CONSUME_CHECK_CONSUMER) timestamp=2945 ms, used_size=13031424 bytes (31.8%)
(RDMA_READ_CONSUME_CHECK_CONSUMER) timestamp=2945 ms, used_size=13029376 bytes (31.8%)
(RDMA_READ_CONSUME_CHECK_CONSUMER) timestamp=2945 ms, used_size=13027328 bytes (31.8%)
(RDMA_READ_CONSUME_CHECK_CONSUMER) timestamp=2945 ms, used_size=13025280 bytes (31.8%)
(RDMA_READ_CONSUME_CHECK_CONSUMER) timestamp=2945 ms, used_size=13023232 bytes (31.8%)
(RDMA_READ_CONSUME_CHECK_CONSUMER) timestamp=2945 ms, used_size=13021184 bytes (31.8%)
(RDMA_READ_CONSUME_CHECK_CONSUMER) timestamp=2945 ms, used_size=13019136 bytes (31.8%)
(RDMA_READ_CONSUME_CHECK_CONSUMER) timestamp=2945 ms, used_size=13017088 bytes (31.8%)
(RDMA_READ_CONSUME_CHECK_CONSUMER) timestamp=2945 ms, used_size=13015040 bytes (31.8%)
(RDMA_READ_CONSUME_CHECK_CONSUMER) timestamp=2945 ms, used_size=13012992 bytes (31.8%)
(RDMA_READ_CONSUME_CHECK_CONSUMER) timestamp=2945 ms, used_size=13010944 bytes (31.8%)
(RDMA_READ_CONSUME_CHECK_CONSUMER) timestamp=2945 ms, used_size=13008896 bytes (31.8%)
(RDMA_READ_CONSUME_CHECK_CONSUMER) timestamp=2945 ms, used_size=13006848 bytes (31.8%)
(RDMA_READ_CONSUME_CHECK_CONSUMER) timestamp=2945 ms, used_size=13004800 bytes (31.8%)
(RDMA_READ_CONSUME_CHECK_CONSUMER) timestamp=2945 ms, used_size=13002752 bytes (31.7%)
(RDMA_READ_CONSUME_CHECK_CONSUMER) timestamp=2945 ms, used_size=13000704 bytes (31.7%)
(RDMA_READ_CONSUME_CHECK_CONSUMER) timestamp=2945 ms, used_size=12998656 bytes (31.7%)
(RDMA_READ_CONSUME_CHECK_CONSUMER) timestamp=2945 ms, used_size=12996608 bytes (31.7%)
(RDMA_READ_CONSUME_CHECK_CONSUMER) timestamp=2945 ms, used_size=12994560 bytes (31.7%)
(RDMA_READ_CONSUME_CHECK_CONSUMER) timestamp=2945 ms, used_size=12992512 bytes (31.7%)
(RDMA_READ_CONSUME_CHECK_CONSUMER) timestamp=2945 ms, used_size=12990464 bytes (31.7%)
(RDMA_READ_CONSUME_CHECK_CONSUMER) timestamp=2945 ms, used_size=12988416 bytes (31.7%)
(RDMA_READ_CONSUME_CHECK_CONSUMER) timestamp=2945 ms, used_size=12986368 bytes (31.7%)
(RDMA_READ_CONSUME_CHECK_CONSUMER) timestamp=2945 ms, used_size=12984320 bytes (31.7%)
(RDMA_READ_CONSUME_CHECK_CONSUMER) timestamp=2945 ms, used_size=12982272 bytes (31.7%)
(RDMA_READ_CONSUME_CHECK_CONSUMER) timestamp=2945 ms, used_size=12980224 bytes (31.7%)
(RDMA_READ_CONSUME_CHECK_CONSUMER) timestamp=2945 ms, used_size=12978176 bytes (31.7%)
(RDMA_READ_CONSUME_CHECK_CONSUMER) timestamp=2945 ms, used_size=12976128 bytes (31.7%)
(RDMA_READ_CONSUME_CHECK_CONSUMER) timestamp=2945 ms, used_size=12974080 bytes (31.7%)
(RDMA_READ_CONSUME_CHECK_CONSUMER) timestamp=2945 ms, used_size=12972032 bytes (31.7%)
(RDMA_READ_CONSUME_CHECK_CONSUMER) timestamp=2945 ms, used_size=12969984 bytes (31.7%)
(RDMA_READ_CONSUME_CHECK_CONSUMER) timestamp=2945 ms, used_size=12967936 bytes (31.7%)
(RDMA_READ_CONSUME_CHECK_CONSUMER) timestamp=2945 ms, used_size=12965888 bytes (31.7%)
(RDMA_READ_CONSUME_CHECK_CONSUMER) timestamp=2945 ms, used_size=12963840 bytes (31.6%)
(RDMA_READ_CONSUME_CHECK_CONSUMER) timestamp=2945 ms, used_size=12961792 bytes (31.6%)
(RDMA_READ_CONSUME_CHECK_CONSUMER) timestamp=2945 ms, used_size=12959744 bytes (31.6%)
(RDMA_READ_CONSUME_CHECK_CONSUMER) timestamp=2945 ms, used_size=12957696 bytes (31.6%)
(RDMA_READ_CONSUME_CHECK_CONSUMER) timestamp=2945 ms, used_size=12955648 bytes (31.6%)
(RDMA_READ_CONSUME_CHECK_CONSUMER) timestamp=2945 ms, used_size=12953600 bytes (31.6%)
(RDMA_READ_CONSUME_CHECK_CONSUMER) timestamp=2945 ms, used_size=12951552 bytes (31.6%)
(RDMA_READ_CONSUME_CHECK_CONSUMER) timestamp=2945 ms, used_size=12949504 bytes (31.6%)
(RDMA_READ_CONSUME_CHECK_CONSUMER) timestamp=2945 ms, used_size=12947456 bytes (31.6%)
(RDMA_READ_CONSUME_CHECK_CONSUMER) timestamp=2945 ms, used_size=12945408 bytes (31.6%)
(RDMA_READ_CONSUME_CHECK_CONSUMER) timestamp=2945 ms, used_size=12943360 bytes (31.6%)
(RDMA_READ_CONSUME_CHECK_CONSUMER) timestamp=2945 ms, used_size=12941312 bytes (31.6%)
(RDMA_READ_CONSUME_CHECK_CONSUMER) timestamp=2945 ms, used_size=12939264 bytes (31.6%)
(RDMA_READ_CONSUME_CHECK_CONSUMER) timestamp=2945 ms, used_size=12937216 bytes (31.6%)
(RDMA_READ_CONSUME_CHECK_CONSUMER) timestamp=2945 ms, used_size=12935168 bytes (31.6%)
(RDMA_READ_CONSUME_CHECK_CONSUMER) timestamp=2945 ms, used_size=12933120 bytes (31.6%)
(RDMA_READ_CONSUME_CHECK_CONSUMER) timestamp=2945 ms, used_size=12931072 bytes (31.6%)
(RDMA_READ_CONSUME_CHECK_CONSUMER) timestamp=2945 ms, used_size=12929024 bytes (31.6%)
(RDMA_READ_CONSUME_CHECK_CONSUMER) timestamp=2945 ms, used_size=12926976 bytes (31.6%)
(RDMA_READ_CONSUME_CHECK_CONSUMER) timestamp=2945 ms, used_size=12924928 bytes (31.6%)
(RDMA_READ_CONSUME_CHECK_CONSUMER) timestamp=2945 ms, used_size=12922880 bytes (31.6%)
(RDMA_READ_CONSUME_CHECK_CONSUMER) timestamp=2945 ms, used_size=12920832 bytes (31.5%)
(RDMA_READ_CONSUME_CHECK_CONSUMER) timestamp=2945 ms, used_size=12918784 bytes (31.5%)
(RDMA_READ_CONSUME_CHECK_CONSUMER) timestamp=2945 ms, used_size=12916736 bytes (31.5%)
(RDMA_READ_CONSUME_CHECK_CONSUMER) timestamp=2945 ms, used_size=12914688 bytes (31.5%)
(RDMA_READ_CONSUME_CHECK_CONSUMER) timestamp=2945 ms, used_size=12912640 bytes (31.5%)
(RDMA_READ_CONSUME_CHECK_CONSUMER) timestamp=2945 ms, used_size=12910592 bytes (31.5%)
(RDMA_READ_CONSUME_CHECK_CONSUMER) timestamp=2945 ms, used_size=12908544 bytes (31.5%)
(RDMA_READ_CONSUME_CHECK_CONSUMER) timestamp=2945 ms, used_size=12906496 bytes (31.5%)
(RDMA_READ_CONSUME_CHECK_CONSUMER) timestamp=2945 ms, used_size=12904448 bytes (31.5%)
(RDMA_READ_CONSUME_CHECK_CONSUMER) timestamp=2945 ms, used_size=12902400 bytes (31.5%)
(RDMA_READ_CONSUME_CHECK_CONSUMER) timestamp=2945 ms, used_size=12900352 bytes (31.5%)
(RDMA_READ_CONSUME_CHECK_CONSUMER) timestamp=2945 ms, used_size=12898304 bytes (31.5%)
(RDMA_READ_CONSUME_CHECK_CONSUMER) timestamp=2946 ms, used_size=12896256 bytes (31.5%)
(RDMA_READ_CONSUME_CHECK_CONSUMER) timestamp=2946 ms, used_size=12894208 bytes (31.5%)
(RDMA_READ_CONSUME_CHECK_CONSUMER) timestamp=2946 ms, used_size=12892160 bytes (31.5%)
(RDMA_READ_CONSUME_CHECK_CONSUMER) timestamp=2946 ms, used_size=12890112 bytes (31.5%)
(RDMA_READ_CONSUME_CHECK_CONSUMER) timestamp=2946 ms, used_size=12888064 bytes (31.5%)
(RDMA_READ_CONSUME_CHECK_CONSUMER) timestamp=2946 ms, used_size=12886016 bytes (31.5%)
(RDMA_READ_CONSUME_CHECK_CONSUMER) timestamp=2946 ms, used_size=12883968 bytes (31.5%)
(RDMA_READ_CONSUME_CHECK_CONSUMER) timestamp=2946 ms, used_size=12881920 bytes (31.4%)
(RDMA_READ_CONSUME_CHECK_CONSUMER) timestamp=2946 ms, used_size=12879872 bytes (31.4%)
(RDMA_READ_CONSUME_CHECK_CONSUMER) timestamp=2946 ms, used_size=12877824 bytes (31.4%)
(RDMA_READ_CONSUME_CHECK_CONSUMER) timestamp=2946 ms, used_size=12875776 bytes (31.4%)
(RDMA_READ_CONSUME_CHECK_CONSUMER) timestamp=2946 ms, used_size=12873728 bytes (31.4%)
(RDMA_READ_CONSUME_CHECK_CONSUMER) timestamp=2946 ms, used_size=12871680 bytes (31.4%)
(RDMA_READ_CONSUME_CHECK_CONSUMER) timestamp=2946 ms, used_size=12869632 bytes (31.4%)
(RDMA_READ_CONSUME_CHECK_CONSUMER) timestamp=2946 ms, used_size=12867584 bytes (31.4%)
(RDMA_READ_CONSUME_CHECK_CONSUMER) timestamp=2946 ms, used_size=12865536 bytes (31.4%)
(RDMA_READ_CONSUME_CHECK_CONSUMER) timestamp=2946 ms, used_size=12863488 bytes (31.4%)
(RDMA_READ_CONSUME_CHECK_CONSUMER) timestamp=2946 ms, used_size=12861440 bytes (31.4%)
(RDMA_READ_CONSUME_CHECK_CONSUMER) timestamp=2946 ms, used_size=12859392 bytes (31.4%)
(RDMA_READ_CONSUME_CHECK_CONSUMER) timestamp=2946 ms, used_size=12857344 bytes (31.4%)
(RDMA_READ_CONSUME_CHECK_CONSUMER) timestamp=2946 ms, used_size=12855296 bytes (31.4%)
(RDMA_READ_CONSUME_CHECK_CONSUMER) timestamp=2946 ms, used_size=12853248 bytes (31.4%)
(RDMA_READ_CONSUME_CHECK_CONSUMER) timestamp=2946 ms, used_size=12851200 bytes (31.4%)
(RDMA_READ_CONSUME_CHECK_CONSUMER) timestamp=2946 ms, used_size=12849152 bytes (31.4%)
(RDMA_READ_CONSUME_CHECK_CONSUMER) timestamp=2946 ms, used_size=12847104 bytes (31.4%)
(RDMA_READ_CONSUME_CHECK_CONSUMER) timestamp=2946 ms, used_size=12845056 bytes (31.4%)
(RDMA_READ_CONSUME_CHECK_CONSUMER) timestamp=2946 ms, used_size=12843008 bytes (31.4%)
(RDMA_READ_CONSUME_CHECK_CONSUMER) timestamp=2946 ms, used_size=12840960 bytes (31.4%)
(RDMA_READ_CONSUME_CHECK_CONSUMER) timestamp=2946 ms, used_size=12838912 bytes (31.3%)
(RDMA_READ_CONSUME_CHECK_CONSUMER) timestamp=2946 ms, used_size=12836864 bytes (31.3%)
(RDMA_READ_CONSUME_CHECK_CONSUMER) timestamp=2946 ms, used_size=12834816 bytes (31.3%)
(RDMA_READ_CONSUME_CHECK_CONSUMER) timestamp=2946 ms, used_size=12832768 bytes (31.3%)
(RDMA_READ_CONSUME_CHECK_CONSUMER) timestamp=2946 ms, used_size=12830720 bytes (31.3%)
(RDMA_READ_CONSUME_CHECK_CONSUMER) timestamp=2946 ms, used_size=12828672 bytes (31.3%)
(RDMA_READ_CONSUME_CHECK_CONSUMER) timestamp=2946 ms, used_size=12826624 bytes (31.3%)
(RDMA_READ_CONSUME_CHECK_CONSUMER) timestamp=2946 ms, used_size=12824576 bytes (31.3%)
(RDMA_READ_CONSUME_CHECK_CONSUMER) timestamp=2946 ms, used_size=12822528 bytes (31.3%)
(RDMA_READ_CONSUME_CHECK_CONSUMER) timestamp=2946 ms, used_size=12820480 bytes (31.3%)
(RDMA_READ_CONSUME_CHECK_CONSUMER) timestamp=2946 ms, used_size=12818432 bytes (31.3%)
(RDMA_READ_CONSUME_CHECK_CONSUMER) timestamp=2946 ms, used_size=12816384 bytes (31.3%)
(RDMA_READ_CONSUME_CHECK_CONSUMER) timestamp=2946 ms, used_size=12814336 bytes (31.3%)
(RDMA_READ_CONSUME_CHECK_CONSUMER) timestamp=2946 ms, used_size=12812288 bytes (31.3%)
(RDMA_READ_CONSUME_CHECK_CONSUMER) timestamp=2946 ms, used_size=12810240 bytes (31.3%)
(RDMA_READ_CONSUME_CHECK_CONSUMER) timestamp=2946 ms, used_size=12808192 bytes (31.3%)
(RDMA_READ_CONSUME_CHECK_CONSUMER) timestamp=2946 ms, used_size=12806144 bytes (31.3%)
(RDMA_READ_CONSUME_CHECK_CONSUMER) timestamp=2946 ms, used_size=12804096 bytes (31.3%)
(RDMA_READ_CONSUME_CHECK_CONSUMER) timestamp=2946 ms, used_size=12802048 bytes (31.3%)
(RDMA_READ_CONSUME_CHECK_CONSUMER) timestamp=2946 ms, used_size=12800000 bytes (31.2%)
(RDMA_READ_CONSUME_CHECK_CONSUMER) timestamp=2946 ms, used_size=12797952 bytes (31.2%)
(RDMA_READ_CONSUME_CHECK_CONSUMER) timestamp=2946 ms, used_size=12795904 bytes (31.2%)
(RDMA_READ_CONSUME_CHECK_CONSUMER) timestamp=2946 ms, used_size=12793856 bytes (31.2%)
(RDMA_READ_CONSUME_CHECK_CONSUMER) timestamp=2946 ms, used_size=12791808 bytes (31.2%)
(RDMA_READ_CONSUME_CHECK_CONSUMER) timestamp=2946 ms, used_size=12789760 bytes (31.2%)
(RDMA_READ_CONSUME_CHECK_CONSUMER) timestamp=2946 ms, used_size=12787712 bytes (31.2%)
(RDMA_READ_CONSUME_CHECK_CONSUMER) timestamp=2946 ms, used_size=12785664 bytes (31.2%)
(RDMA_READ_CONSUME_CHECK_CONSUMER) timestamp=2946 ms, used_size=12783616 bytes (31.2%)
(RDMA_READ_CONSUME_CHECK_CONSUMER) timestamp=2946 ms, used_size=12781568 bytes (31.2%)
(RDMA_READ_CONSUME_CHECK_CONSUMER) timestamp=2946 ms, used_size=12779520 bytes (31.2%)
(RDMA_READ_CONSUME_CHECK_CONSUMER) timestamp=2946 ms, used_size=12777472 bytes (31.2%)
(RDMA_READ_CONSUME_CHECK_CONSUMER) timestamp=2946 ms, used_size=12775424 bytes (31.2%)
(RDMA_READ_CONSUME_CHECK_CONSUMER) timestamp=2946 ms, used_size=12773376 bytes (31.2%)
(RDMA_READ_CONSUME_CHECK_CONSUMER) timestamp=2946 ms, used_size=12771328 bytes (31.2%)
(RDMA_READ_CONSUME_CHECK_CONSUMER) timestamp=2946 ms, used_size=12769280 bytes (31.2%)
(RDMA_READ_CONSUME_CHECK_CONSUMER) timestamp=2946 ms, used_size=12767232 bytes (31.2%)
(RDMA_READ_CONSUME_CHECK_CONSUMER) timestamp=2946 ms, used_size=12765184 bytes (31.2%)
(RDMA_READ_CONSUME_CHECK_CONSUMER) timestamp=2946 ms, used_size=12763136 bytes (31.2%)
(RDMA_READ_CONSUME_CHECK_CONSUMER) timestamp=2946 ms, used_size=12761088 bytes (31.2%)
(RDMA_READ_CONSUME_CHECK_CONSUMER) timestamp=2946 ms, used_size=12759040 bytes (31.1%)
(RDMA_READ_CONSUME_CHECK_CONSUMER) timestamp=2946 ms, used_size=12756992 bytes (31.1%)
(RDMA_READ_CONSUME_CHECK_CONSUMER) timestamp=2946 ms, used_size=12754944 bytes (31.1%)
(RDMA_READ_CONSUME_CHECK_CONSUMER) timestamp=2946 ms, used_size=12752896 bytes (31.1%)
(RDMA_READ_CONSUME_CHECK_CONSUMER) timestamp=2946 ms, used_size=12750848 bytes (31.1%)
(RDMA_READ_CONSUME_CHECK_CONSUMER) timestamp=2946 ms, used_size=12748800 bytes (31.1%)
(RDMA_READ_CONSUME_CHECK_CONSUMER) timestamp=2946 ms, used_size=12746752 bytes (31.1%)
(RDMA_READ_CONSUME_CHECK_CONSUMER) timestamp=2946 ms, used_size=12744704 bytes (31.1%)
(RDMA_READ_CONSUME_CHECK_CONSUMER) timestamp=2946 ms, used_size=12742656 bytes (31.1%)
(RDMA_READ_CONSUME_CHECK_CONSUMER) timestamp=2946 ms, used_size=12740608 bytes (31.1%)
(RDMA_READ_CONSUME_CHECK_CONSUMER) timestamp=2946 ms, used_size=12738560 bytes (31.1%)
(RDMA_READ_CONSUME_CHECK_CONSUMER) timestamp=2946 ms, used_size=12736512 bytes (31.1%)
(RDMA_READ_CONSUME_CHECK_CONSUMER) timestamp=2946 ms, used_size=12734464 bytes (31.1%)
(RDMA_READ_CONSUME_CHECK_CONSUMER) timestamp=2946 ms, used_size=12732416 bytes (31.1%)
(RDMA_READ_CONSUME_CHECK_CONSUMER) timestamp=2946 ms, used_size=12730368 bytes (31.1%)
(RDMA_READ_CONSUME_CHECK_CONSUMER) timestamp=2946 ms, used_size=12728320 bytes (31.1%)
(RDMA_READ_CONSUME_CHECK_CONSUMER) timestamp=2946 ms, used_size=12726272 bytes (31.1%)
(RDMA_READ_CONSUME_CHECK_CONSUMER) timestamp=2946 ms, used_size=12724224 bytes (31.1%)
(RDMA_READ_CONSUME_CHECK_CONSUMER) timestamp=2946 ms, used_size=12722176 bytes (31.1%)
(RDMA_READ_CONSUME_CHECK_CONSUMER) timestamp=2946 ms, used_size=12720128 bytes (31.1%)
(RDMA_READ_CONSUME_CHECK_CONSUMER) timestamp=2946 ms, used_size=12718080 bytes (31.1%)
(RDMA_READ_CONSUME_CHECK_CONSUMER) timestamp=2946 ms, used_size=12716032 bytes (31.0%)
(RDMA_READ_CONSUME_CHECK_CONSUMER) timestamp=2946 ms, used_size=12713984 bytes (31.0%)
(RDMA_READ_CONSUME_CHECK_CONSUMER) timestamp=2946 ms, used_size=12711936 bytes (31.0%)
(RDMA_READ_CONSUME_CHECK_CONSUMER) timestamp=2946 ms, used_size=12709888 bytes (31.0%)
(RDMA_READ_CONSUME_CHECK_CONSUMER) timestamp=2946 ms, used_size=12707840 bytes (31.0%)
(RDMA_READ_CONSUME_CHECK_CONSUMER) timestamp=2946 ms, used_size=12705792 bytes (31.0%)
(RDMA_READ_CONSUME_CHECK_CONSUMER) timestamp=2946 ms, used_size=12703744 bytes (31.0%)
(RDMA_READ_CONSUME_CHECK_CONSUMER) timestamp=2946 ms, used_size=12701696 bytes (31.0%)
(RDMA_READ_CONSUME_CHECK_CONSUMER) timestamp=2946 ms, used_size=12699648 bytes (31.0%)
(RDMA_READ_CONSUME_CHECK_CONSUMER) timestamp=2946 ms, used_size=12697600 bytes (31.0%)
(RDMA_READ_CONSUME_CHECK_CONSUMER) timestamp=2946 ms, used_size=12695552 bytes (31.0%)
(RDMA_READ_CONSUME_CHECK_CONSUMER) timestamp=2946 ms, used_size=12693504 bytes (31.0%)
(RDMA_READ_CONSUME_CHECK_CONSUMER) timestamp=2946 ms, used_size=12691456 bytes (31.0%)
(RDMA_READ_CONSUME_CHECK_CONSUMER) timestamp=2946 ms, used_size=12689408 bytes (31.0%)
(RDMA_READ_CONSUME_CHECK_CONSUMER) timestamp=2946 ms, used_size=12687360 bytes (31.0%)
(RDMA_READ_CONSUME_CHECK_CONSUMER) timestamp=2946 ms, used_size=12685312 bytes (31.0%)
(RDMA_READ_CONSUME_CHECK_CONSUMER) timestamp=2946 ms, used_size=12683264 bytes (31.0%)
(RDMA_READ_CONSUME_CHECK_CONSUMER) timestamp=2946 ms, used_size=12681216 bytes (31.0%)
(RDMA_READ_CONSUME_CHECK_CONSUMER) timestamp=2946 ms, used_size=12679168 bytes (31.0%)
(RDMA_READ_CONSUME_CHECK_CONSUMER) timestamp=2946 ms, used_size=12677120 bytes (30.9%)
(RDMA_READ_CONSUME_CHECK_CONSUMER) timestamp=2946 ms, used_size=12675072 bytes (30.9%)
(RDMA_READ_CONSUME_CHECK_CONSUMER) timestamp=2946 ms, used_size=12673024 bytes (30.9%)
(RDMA_READ_CONSUME_CHECK_CONSUMER) timestamp=2946 ms, used_size=12670976 bytes (30.9%)
(RDMA_READ_CONSUME_CHECK_CONSUMER) timestamp=2946 ms, used_size=12668928 bytes (30.9%)
(RDMA_READ_CONSUME_CHECK_CONSUMER) timestamp=2946 ms, used_size=12666880 bytes (30.9%)
(RDMA_READ_CONSUME_CHECK_CONSUMER) timestamp=2946 ms, used_size=12664832 bytes (30.9%)
(RDMA_READ_CONSUME_CHECK_CONSUMER) timestamp=2946 ms, used_size=12662784 bytes (30.9%)
(RDMA_READ_CONSUME_CHECK_CONSUMER) timestamp=2946 ms, used_size=12660736 bytes (30.9%)
(RDMA_READ_CONSUME_CHECK_CONSUMER) timestamp=2946 ms, used_size=12658688 bytes (30.9%)
(RDMA_READ_CONSUME_CHECK_CONSUMER) timestamp=2946 ms, used_size=12656640 bytes (30.9%)
(RDMA_READ_CONSUME_CHECK_CONSUMER) timestamp=2946 ms, used_size=12654592 bytes (30.9%)
(RDMA_READ_CONSUME_CHECK_CONSUMER) timestamp=2946 ms, used_size=12652544 bytes (30.9%)
(RDMA_READ_CONSUME_CHECK_CONSUMER) timestamp=2946 ms, used_size=12650496 bytes (30.9%)
(RDMA_READ_CONSUME_CHECK_CONSUMER) timestamp=2946 ms, used_size=12648448 bytes (30.9%)
(RDMA_READ_CONSUME_CHECK_CONSUMER) timestamp=2946 ms, used_size=12646400 bytes (30.9%)
(RDMA_READ_CONSUME_CHECK_CONSUMER) timestamp=2946 ms, used_size=12644352 bytes (30.9%)
(RDMA_READ_CONSUME_CHECK_CONSUMER) timestamp=2946 ms, used_size=12642304 bytes (30.9%)
(RDMA_READ_CONSUME_CHECK_CONSUMER) timestamp=2946 ms, used_size=12640256 bytes (30.9%)
(RDMA_READ_CONSUME_CHECK_CONSUMER) timestamp=2946 ms, used_size=12638208 bytes (30.9%)
(RDMA_READ_CONSUME_CHECK_CONSUMER) timestamp=2946 ms, used_size=12636160 bytes (30.9%)
(RDMA_READ_CONSUME_CHECK_CONSUMER) timestamp=2946 ms, used_size=12634112 bytes (30.8%)
(RDMA_READ_CONSUME_CHECK_CONSUMER) timestamp=2946 ms, used_size=12632064 bytes (30.8%)
(RDMA_READ_CONSUME_CHECK_CONSUMER) timestamp=2946 ms, used_size=12630016 bytes (30.8%)
(RDMA_READ_CONSUME_CHECK_CONSUMER) timestamp=2946 ms, used_size=12627968 bytes (30.8%)
(RDMA_READ_CONSUME_CHECK_CONSUMER) timestamp=2946 ms, used_size=12625920 bytes (30.8%)
(RDMA_READ_CONSUME_CHECK_CONSUMER) timestamp=2946 ms, used_size=12623872 bytes (30.8%)
(RDMA_READ_CONSUME_CHECK_CONSUMER) timestamp=2946 ms, used_size=12621824 bytes (30.8%)
(RDMA_READ_CONSUME_CHECK_CONSUMER) timestamp=2946 ms, used_size=12619776 bytes (30.8%)
(RDMA_READ_CONSUME_CHECK_CONSUMER) timestamp=2946 ms, used_size=12617728 bytes (30.8%)
(RDMA_READ_CONSUME_CHECK_CONSUMER) timestamp=2946 ms, used_size=12615680 bytes (30.8%)
(RDMA_READ_CONSUME_CHECK_CONSUMER) timestamp=2946 ms, used_size=12613632 bytes (30.8%)
(RDMA_READ_CONSUME_CHECK_CONSUMER) timestamp=2946 ms, used_size=12611584 bytes (30.8%)
(RDMA_READ_CONSUME_CHECK_CONSUMER) timestamp=2946 ms, used_size=12609536 bytes (30.8%)
(RDMA_READ_CONSUME_CHECK_CONSUMER) timestamp=2946 ms, used_size=12607488 bytes (30.8%)
(RDMA_READ_CONSUME_CHECK_CONSUMER) timestamp=2946 ms, used_size=12605440 bytes (30.8%)
(RDMA_READ_CONSUME_CHECK_CONSUMER) timestamp=2946 ms, used_size=12603392 bytes (30.8%)
(RDMA_READ_CONSUME_CHECK_CONSUMER) timestamp=2946 ms, used_size=12601344 bytes (30.8%)
(RDMA_READ_CONSUME_CHECK_CONSUMER) timestamp=2946 ms, used_size=12599296 bytes (30.8%)
(RDMA_READ_CONSUME_CHECK_CONSUMER) timestamp=2946 ms, used_size=12597248 bytes (30.8%)
(RDMA_READ_CONSUME_CHECK_CONSUMER) timestamp=2946 ms, used_size=12595200 bytes (30.8%)
(RDMA_READ_CONSUME_CHECK_CONSUMER) timestamp=2946 ms, used_size=12593152 bytes (30.7%)
(RDMA_READ_CONSUME_CHECK_CONSUMER) timestamp=2946 ms, used_size=12591104 bytes (30.7%)
(RDMA_READ_CONSUME_CHECK_CONSUMER) timestamp=2946 ms, used_size=12589056 bytes (30.7%)
(RDMA_READ_CONSUME_CHECK_CONSUMER) timestamp=2946 ms, used_size=12587008 bytes (30.7%)
(RDMA_READ_CONSUME_CHECK_CONSUMER) timestamp=2946 ms, used_size=12584960 bytes (30.7%)
(RDMA_READ_CONSUME_CHECK_CONSUMER) timestamp=2946 ms, used_size=12582912 bytes (30.7%)
(RDMA_READ_CONSUME_CHECK_CONSUMER) timestamp=2946 ms, used_size=12580864 bytes (30.7%)
(RDMA_READ_CONSUME_CHECK_CONSUMER) timestamp=2946 ms, used_size=12578816 bytes (30.7%)
(RDMA_READ_CONSUME_CHECK_CONSUMER) timestamp=2946 ms, used_size=12576768 bytes (30.7%)
(RDMA_READ_CONSUME_CHECK_CONSUMER) timestamp=2946 ms, used_size=12574720 bytes (30.7%)
(RDMA_READ_CONSUME_CHECK_CONSUMER) timestamp=2946 ms, used_size=12572672 bytes (30.7%)
(RDMA_READ_CONSUME_CHECK_CONSUMER) timestamp=2946 ms, used_size=12570624 bytes (30.7%)
(RDMA_READ_CONSUME_CHECK_CONSUMER) timestamp=2946 ms, used_size=12568576 bytes (30.7%)
(RDMA_READ_CONSUME_CHECK_CONSUMER) timestamp=2946 ms, used_size=12566528 bytes (30.7%)
(RDMA_READ_CONSUME_CHECK_CONSUMER) timestamp=2946 ms, used_size=12564480 bytes (30.7%)
(RDMA_READ_CONSUME_CHECK_CONSUMER) timestamp=2946 ms, used_size=12562432 bytes (30.7%)
(RDMA_READ_CONSUME_CHECK_CONSUMER) timestamp=2946 ms, used_size=12560384 bytes (30.7%)
(RDMA_READ_CONSUME_CHECK_CONSUMER) timestamp=2946 ms, used_size=12558336 bytes (30.7%)
(RDMA_READ_CONSUME_CHECK_CONSUMER) timestamp=2946 ms, used_size=12556288 bytes (30.7%)
(RDMA_READ_CONSUME_CHECK_CONSUMER) timestamp=2946 ms, used_size=12554240 bytes (30.6%)
(RDMA_READ_CONSUME_CHECK_CONSUMER) timestamp=2946 ms, used_size=12552192 bytes (30.6%)
(RDMA_READ_CONSUME_CHECK_CONSUMER) timestamp=2946 ms, used_size=12550144 bytes (30.6%)
(RDMA_READ_CONSUME_CHECK_CONSUMER) timestamp=2946 ms, used_size=12548096 bytes (30.6%)
(RDMA_READ_CONSUME_CHECK_CONSUMER) timestamp=2946 ms, used_size=12546048 bytes (30.6%)
(RDMA_READ_CONSUME_CHECK_CONSUMER) timestamp=2946 ms, used_size=12544000 bytes (30.6%)
(RDMA_READ_CONSUME_CHECK_CONSUMER) timestamp=2946 ms, used_size=12541952 bytes (30.6%)
(RDMA_READ_CONSUME_CHECK_CONSUMER) timestamp=2946 ms, used_size=12539904 bytes (30.6%)
(RDMA_READ_CONSUME_CHECK_CONSUMER) timestamp=2946 ms, used_size=12537856 bytes (30.6%)
(RDMA_READ_CONSUME_CHECK_CONSUMER) timestamp=2946 ms, used_size=12535808 bytes (30.6%)
(RDMA_READ_CONSUME_CHECK_CONSUMER) timestamp=2946 ms, used_size=12533760 bytes (30.6%)
(RDMA_READ_CONSUME_CHECK_CONSUMER) timestamp=2947 ms, used_size=12531712 bytes (30.6%)
(RDMA_READ_CONSUME_CHECK_CONSUMER) timestamp=2947 ms, used_size=12529664 bytes (30.6%)
(RDMA_READ_CONSUME_CHECK_CONSUMER) timestamp=2947 ms, used_size=12527616 bytes (30.6%)
(RDMA_READ_CONSUME_CHECK_CONSUMER) timestamp=2947 ms, used_size=12525568 bytes (30.6%)
(RDMA_READ_CONSUME_CHECK_CONSUMER) timestamp=2947 ms, used_size=12523520 bytes (30.6%)
(RDMA_READ_CONSUME_CHECK_CONSUMER) timestamp=2947 ms, used_size=12521472 bytes (30.6%)
(RDMA_READ_CONSUME_CHECK_CONSUMER) timestamp=2947 ms, used_size=12519424 bytes (30.6%)
(RDMA_READ_CONSUME_CHECK_CONSUMER) timestamp=2947 ms, used_size=12517376 bytes (30.6%)
(RDMA_READ_CONSUME_CHECK_CONSUMER) timestamp=2947 ms, used_size=12515328 bytes (30.6%)
(RDMA_READ_CONSUME_CHECK_CONSUMER) timestamp=2947 ms, used_size=12513280 bytes (30.6%)
(RDMA_READ_CONSUME_CHECK_CONSUMER) timestamp=2947 ms, used_size=12511232 bytes (30.5%)
(RDMA_READ_CONSUME_CHECK_CONSUMER) timestamp=2947 ms, used_size=12509184 bytes (30.5%)
(RDMA_READ_CONSUME_CHECK_CONSUMER) timestamp=2947 ms, used_size=12507136 bytes (30.5%)
(RDMA_READ_CONSUME_CHECK_CONSUMER) timestamp=2947 ms, used_size=12505088 bytes (30.5%)
(RDMA_READ_CONSUME_CHECK_CONSUMER) timestamp=2947 ms, used_size=12503040 bytes (30.5%)
(RDMA_READ_CONSUME_CHECK_CONSUMER) timestamp=2947 ms, used_size=12500992 bytes (30.5%)
(RDMA_READ_CONSUME_CHECK_CONSUMER) timestamp=2947 ms, used_size=12498944 bytes (30.5%)
(RDMA_READ_CONSUME_CHECK_CONSUMER) timestamp=2947 ms, used_size=12496896 bytes (30.5%)
(RDMA_READ_CONSUME_CHECK_CONSUMER) timestamp=2947 ms, used_size=12494848 bytes (30.5%)
(RDMA_READ_CONSUME_CHECK_CONSUMER) timestamp=2947 ms, used_size=12492800 bytes (30.5%)
(RDMA_READ_CONSUME_CHECK_CONSUMER) timestamp=2947 ms, used_size=12490752 bytes (30.5%)
(RDMA_READ_CONSUME_CHECK_CONSUMER) timestamp=2947 ms, used_size=12488704 bytes (30.5%)
(RDMA_READ_CONSUME_CHECK_CONSUMER) timestamp=2947 ms, used_size=12486656 bytes (30.5%)
(RDMA_READ_CONSUME_CHECK_CONSUMER) timestamp=2947 ms, used_size=12484608 bytes (30.5%)
(RDMA_READ_CONSUME_CHECK_CONSUMER) timestamp=2947 ms, used_size=12482560 bytes (30.5%)
(RDMA_READ_CONSUME_CHECK_CONSUMER) timestamp=2947 ms, used_size=12480512 bytes (30.5%)
(RDMA_READ_CONSUME_CHECK_CONSUMER) timestamp=2947 ms, used_size=12478464 bytes (30.5%)
(RDMA_READ_CONSUME_CHECK_CONSUMER) timestamp=2947 ms, used_size=12476416 bytes (30.5%)
(RDMA_READ_CONSUME_CHECK_CONSUMER) timestamp=2947 ms, used_size=12474368 bytes (30.5%)
(RDMA_READ_CONSUME_CHECK_CONSUMER) timestamp=2947 ms, used_size=12472320 bytes (30.4%)
(RDMA_READ_CONSUME_CHECK_CONSUMER) timestamp=2947 ms, used_size=12470272 bytes (30.4%)
(RDMA_READ_CONSUME_CHECK_CONSUMER) timestamp=2947 ms, used_size=12468224 bytes (30.4%)
(RDMA_READ_CONSUME_CHECK_CONSUMER) timestamp=2947 ms, used_size=12466176 bytes (30.4%)
(RDMA_READ_CONSUME_CHECK_CONSUMER) timestamp=2947 ms, used_size=12464128 bytes (30.4%)
(RDMA_READ_CONSUME_CHECK_CONSUMER) timestamp=2947 ms, used_size=12462080 bytes (30.4%)
(RDMA_READ_CONSUME_CHECK_CONSUMER) timestamp=2947 ms, used_size=12460032 bytes (30.4%)
(RDMA_READ_CONSUME_CHECK_CONSUMER) timestamp=2947 ms, used_size=12457984 bytes (30.4%)
(RDMA_READ_CONSUME_CHECK_CONSUMER) timestamp=2947 ms, used_size=12455936 bytes (30.4%)
(RDMA_READ_CONSUME_CHECK_CONSUMER) timestamp=2947 ms, used_size=12453888 bytes (30.4%)
(RDMA_READ_CONSUME_CHECK_CONSUMER) timestamp=2947 ms, used_size=12451840 bytes (30.4%)
(RDMA_READ_CONSUME_CHECK_CONSUMER) timestamp=2947 ms, used_size=12449792 bytes (30.4%)
(RDMA_READ_CONSUME_CHECK_CONSUMER) timestamp=2947 ms, used_size=12447744 bytes (30.4%)
(RDMA_READ_CONSUME_CHECK_CONSUMER) timestamp=2947 ms, used_size=12445696 bytes (30.4%)
(RDMA_READ_CONSUME_CHECK_CONSUMER) timestamp=2947 ms, used_size=12443648 bytes (30.4%)
(RDMA_READ_CONSUME_CHECK_CONSUMER) timestamp=2947 ms, used_size=12441600 bytes (30.4%)
(RDMA_READ_CONSUME_CHECK_CONSUMER) timestamp=2947 ms, used_size=12439552 bytes (30.4%)
(RDMA_READ_CONSUME_CHECK_CONSUMER) timestamp=2947 ms, used_size=12437504 bytes (30.4%)
(RDMA_READ_CONSUME_CHECK_CONSUMER) timestamp=2947 ms, used_size=12435456 bytes (30.4%)
(RDMA_READ_CONSUME_CHECK_CONSUMER) timestamp=2947 ms, used_size=12433408 bytes (30.4%)
(RDMA_READ_CONSUME_CHECK_CONSUMER) timestamp=2947 ms, used_size=12431360 bytes (30.4%)
(RDMA_READ_CONSUME_CHECK_CONSUMER) timestamp=2947 ms, used_size=12429312 bytes (30.3%)
(RDMA_READ_CONSUME_CHECK_CONSUMER) timestamp=2947 ms, used_size=12427264 bytes (30.3%)
(RDMA_READ_CONSUME_CHECK_CONSUMER) timestamp=2947 ms, used_size=12425216 bytes (30.3%)
(RDMA_READ_CONSUME_CHECK_CONSUMER) timestamp=2947 ms, used_size=12423168 bytes (30.3%)
(RDMA_READ_CONSUME_CHECK_CONSUMER) timestamp=2947 ms, used_size=12421120 bytes (30.3%)
(RDMA_READ_CONSUME_CHECK_CONSUMER) timestamp=2947 ms, used_size=12419072 bytes (30.3%)
(RDMA_READ_CONSUME_CHECK_CONSUMER) timestamp=2947 ms, used_size=12417024 bytes (30.3%)
(RDMA_READ_CONSUME_CHECK_CONSUMER) timestamp=2947 ms, used_size=12414976 bytes (30.3%)
(RDMA_READ_CONSUME_CHECK_CONSUMER) timestamp=2947 ms, used_size=12412928 bytes (30.3%)
(RDMA_READ_CONSUME_CHECK_CONSUMER) timestamp=2947 ms, used_size=12410880 bytes (30.3%)
(RDMA_READ_CONSUME_CHECK_CONSUMER) timestamp=2947 ms, used_size=12408832 bytes (30.3%)
(RDMA_READ_CONSUME_CHECK_CONSUMER) timestamp=2947 ms, used_size=12406784 bytes (30.3%)
(RDMA_READ_CONSUME_CHECK_CONSUMER) timestamp=2947 ms, used_size=12404736 bytes (30.3%)
(RDMA_READ_CONSUME_CHECK_CONSUMER) timestamp=2947 ms, used_size=12402688 bytes (30.3%)
(RDMA_READ_CONSUME_CHECK_CONSUMER) timestamp=2947 ms, used_size=12400640 bytes (30.3%)
(RDMA_READ_CONSUME_CHECK_CONSUMER) timestamp=2947 ms, used_size=12398592 bytes (30.3%)
(RDMA_READ_CONSUME_CHECK_CONSUMER) timestamp=2947 ms, used_size=12396544 bytes (30.3%)
(RDMA_READ_CONSUME_CHECK_CONSUMER) timestamp=2947 ms, used_size=12394496 bytes (30.3%)
(RDMA_READ_CONSUME_CHECK_CONSUMER) timestamp=2947 ms, used_size=12392448 bytes (30.3%)
(RDMA_READ_CONSUME_CHECK_CONSUMER) timestamp=2947 ms, used_size=12390400 bytes (30.2%)
(RDMA_READ_CONSUME_CHECK_CONSUMER) timestamp=2947 ms, used_size=12388352 bytes (30.2%)
(RDMA_READ_CONSUME_CHECK_CONSUMER) timestamp=2947 ms, used_size=12386304 bytes (30.2%)
(RDMA_READ_CONSUME_CHECK_CONSUMER) timestamp=2947 ms, used_size=12384256 bytes (30.2%)
(RDMA_READ_CONSUME_CHECK_CONSUMER) timestamp=2947 ms, used_size=12382208 bytes (30.2%)
(RDMA_READ_CONSUME_CHECK_CONSUMER) timestamp=2947 ms, used_size=12380160 bytes (30.2%)
(RDMA_READ_CONSUME_CHECK_CONSUMER) timestamp=2947 ms, used_size=12378112 bytes (30.2%)
(RDMA_READ_CONSUME_CHECK_CONSUMER) timestamp=2947 ms, used_size=12376064 bytes (30.2%)
(RDMA_READ_CONSUME_CHECK_CONSUMER) timestamp=2947 ms, used_size=12374016 bytes (30.2%)
(RDMA_READ_CONSUME_CHECK_CONSUMER) timestamp=2947 ms, used_size=12371968 bytes (30.2%)
(RDMA_READ_CONSUME_CHECK_CONSUMER) timestamp=2947 ms, used_size=12369920 bytes (30.2%)
(RDMA_READ_CONSUME_CHECK_CONSUMER) timestamp=2947 ms, used_size=12367872 bytes (30.2%)
(RDMA_READ_CONSUME_CHECK_CONSUMER) timestamp=2947 ms, used_size=12365824 bytes (30.2%)
(RDMA_READ_CONSUME_CHECK_CONSUMER) timestamp=2947 ms, used_size=12363776 bytes (30.2%)
(RDMA_READ_CONSUME_CHECK_CONSUMER) timestamp=2947 ms, used_size=12361728 bytes (30.2%)
(RDMA_READ_CONSUME_CHECK_CONSUMER) timestamp=2947 ms, used_size=12359680 bytes (30.2%)
(RDMA_READ_CONSUME_CHECK_CONSUMER) timestamp=2947 ms, used_size=12357632 bytes (30.2%)
(RDMA_READ_CONSUME_CHECK_CONSUMER) timestamp=2947 ms, used_size=12355584 bytes (30.2%)
(RDMA_READ_CONSUME_CHECK_CONSUMER) timestamp=2947 ms, used_size=12353536 bytes (30.2%)
(RDMA_READ_CONSUME_CHECK_CONSUMER) timestamp=2947 ms, used_size=12351488 bytes (30.2%)
(RDMA_READ_CONSUME_CHECK_CONSUMER) timestamp=2947 ms, used_size=12349440 bytes (30.1%)
(RDMA_READ_CONSUME_CHECK_CONSUMER) timestamp=2947 ms, used_size=12347392 bytes (30.1%)
(RDMA_READ_CONSUME_CHECK_CONSUMER) timestamp=2947 ms, used_size=12345344 bytes (30.1%)
(RDMA_READ_CONSUME_CHECK_CONSUMER) timestamp=2947 ms, used_size=12343296 bytes (30.1%)
(RDMA_READ_CONSUME_CHECK_CONSUMER) timestamp=2947 ms, used_size=12341248 bytes (30.1%)
(RDMA_READ_CONSUME_CHECK_CONSUMER) timestamp=2947 ms, used_size=12339200 bytes (30.1%)
(RDMA_READ_CONSUME_CHECK_CONSUMER) timestamp=2947 ms, used_size=12337152 bytes (30.1%)
(RDMA_READ_CONSUME_CHECK_CONSUMER) timestamp=2947 ms, used_size=12335104 bytes (30.1%)
(RDMA_READ_CONSUME_CHECK_CONSUMER) timestamp=2947 ms, used_size=12333056 bytes (30.1%)
(RDMA_READ_CONSUME_CHECK_CONSUMER) timestamp=2947 ms, used_size=12331008 bytes (30.1%)
(RDMA_READ_CONSUME_CHECK_CONSUMER) timestamp=2947 ms, used_size=12328960 bytes (30.1%)
(RDMA_READ_CONSUME_CHECK_CONSUMER) timestamp=2947 ms, used_size=12326912 bytes (30.1%)
(RDMA_READ_CONSUME_CHECK_CONSUMER) timestamp=2947 ms, used_size=12324864 bytes (30.1%)
(RDMA_READ_CONSUME_CHECK_CONSUMER) timestamp=2947 ms, used_size=12322816 bytes (30.1%)
(RDMA_READ_CONSUME_CHECK_CONSUMER) timestamp=2947 ms, used_size=12320768 bytes (30.1%)
(RDMA_READ_CONSUME_CHECK_CONSUMER) timestamp=2947 ms, used_size=12318720 bytes (30.1%)
(RDMA_READ_CONSUME_CHECK_CONSUMER) timestamp=2947 ms, used_size=12316672 bytes (30.1%)
(RDMA_READ_CONSUME_CHECK_CONSUMER) timestamp=2947 ms, used_size=12314624 bytes (30.1%)
(RDMA_READ_CONSUME_CHECK_CONSUMER) timestamp=2947 ms, used_size=12312576 bytes (30.1%)
(RDMA_READ_CONSUME_CHECK_CONSUMER) timestamp=2947 ms, used_size=12310528 bytes (30.1%)
(RDMA_READ_CONSUME_CHECK_CONSUMER) timestamp=2947 ms, used_size=12308480 bytes (30.1%)
(RDMA_READ_CONSUME_CHECK_CONSUMER) timestamp=2947 ms, used_size=12306432 bytes (30.0%)
(RDMA_READ_CONSUME_CHECK_CONSUMER) timestamp=2947 ms, used_size=12304384 bytes (30.0%)
(RDMA_READ_CONSUME_CHECK_CONSUMER) timestamp=2947 ms, used_size=12302336 bytes (30.0%)
(RDMA_READ_CONSUME_CHECK_CONSUMER) timestamp=2947 ms, used_size=12300288 bytes (30.0%)
(RDMA_READ_CONSUME_CHECK_CONSUMER) timestamp=2947 ms, used_size=12298240 bytes (30.0%)
(RDMA_READ_CONSUME_CHECK_CONSUMER) timestamp=2947 ms, used_size=12296192 bytes (30.0%)
(RDMA_READ_CONSUME_CHECK_CONSUMER) timestamp=2947 ms, used_size=12294144 bytes (30.0%)
(RDMA_READ_CONSUME_CHECK_CONSUMER) timestamp=2947 ms, used_size=12292096 bytes (30.0%)
(RDMA_READ_CONSUME_CHECK_CONSUMER) timestamp=2947 ms, used_size=12290048 bytes (30.0%)
(RDMA_READ_CONSUME_CHECK_CONSUMER) timestamp=2947 ms, used_size=12288000 bytes (30.0%)
(RDMA_READ_CONSUME_CHECK_CONSUMER) timestamp=2947 ms, used_size=12285952 bytes (30.0%)
(RDMA_READ_CONSUME_CHECK_CONSUMER) timestamp=2947 ms, used_size=12283904 bytes (30.0%)
(RDMA_READ_CONSUME_CHECK_CONSUMER) timestamp=2947 ms, used_size=12281856 bytes (30.0%)
(RDMA_READ_CONSUME_CHECK_CONSUMER) timestamp=2947 ms, used_size=12279808 bytes (30.0%)
(RDMA_READ_CONSUME_CHECK_CONSUMER) timestamp=2947 ms, used_size=12277760 bytes (30.0%)
(RDMA_READ_CONSUME_CHECK_CONSUMER) timestamp=2947 ms, used_size=12275712 bytes (30.0%)
(RDMA_READ_CONSUME_CHECK_CONSUMER) timestamp=2947 ms, used_size=12273664 bytes (30.0%)
(RDMA_READ_CONSUME_CHECK_CONSUMER) timestamp=2947 ms, used_size=12271616 bytes (30.0%)
(RDMA_READ_CONSUME_CHECK_CONSUMER) timestamp=2947 ms, used_size=12269568 bytes (30.0%)
(RDMA_READ_CONSUME_CHECK_CONSUMER) timestamp=2947 ms, used_size=12267520 bytes (29.9%)
(RDMA_READ_CONSUME_CHECK_CONSUMER) timestamp=2947 ms, used_size=12265472 bytes (29.9%)
(RDMA_READ_CONSUME_CHECK_CONSUMER) timestamp=2947 ms, used_size=12263424 bytes (29.9%)
(RDMA_READ_CONSUME_CHECK_CONSUMER) timestamp=2947 ms, used_size=12261376 bytes (29.9%)
(RDMA_READ_CONSUME_CHECK_CONSUMER) timestamp=2947 ms, used_size=12259328 bytes (29.9%)
(RDMA_READ_CONSUME_CHECK_CONSUMER) timestamp=2947 ms, used_size=12257280 bytes (29.9%)
(RDMA_READ_CONSUME_CHECK_CONSUMER) timestamp=2947 ms, used_size=12255232 bytes (29.9%)
(RDMA_READ_CONSUME_CHECK_CONSUMER) timestamp=2947 ms, used_size=12253184 bytes (29.9%)
(RDMA_READ_CONSUME_CHECK_CONSUMER) timestamp=2947 ms, used_size=12251136 bytes (29.9%)
(RDMA_READ_CONSUME_CHECK_CONSUMER) timestamp=2947 ms, used_size=12249088 bytes (29.9%)
(RDMA_READ_CONSUME_CHECK_CONSUMER) timestamp=2947 ms, used_size=12247040 bytes (29.9%)
(RDMA_READ_CONSUME_CHECK_CONSUMER) timestamp=2947 ms, used_size=12244992 bytes (29.9%)
(RDMA_READ_CONSUME_CHECK_CONSUMER) timestamp=2947 ms, used_size=12242944 bytes (29.9%)
(RDMA_READ_CONSUME_CHECK_CONSUMER) timestamp=2947 ms, used_size=12240896 bytes (29.9%)
(RDMA_READ_CONSUME_CHECK_CONSUMER) timestamp=2947 ms, used_size=12238848 bytes (29.9%)
(RDMA_READ_CONSUME_CHECK_CONSUMER) timestamp=2947 ms, used_size=12236800 bytes (29.9%)
(RDMA_READ_CONSUME_CHECK_CONSUMER) timestamp=2947 ms, used_size=12234752 bytes (29.9%)
(RDMA_READ_CONSUME_CHECK_CONSUMER) timestamp=2947 ms, used_size=12232704 bytes (29.9%)
(RDMA_READ_CONSUME_CHECK_CONSUMER) timestamp=2947 ms, used_size=12230656 bytes (29.9%)
(RDMA_READ_CONSUME_CHECK_CONSUMER) timestamp=2947 ms, used_size=12228608 bytes (29.9%)
(RDMA_READ_CONSUME_CHECK_CONSUMER) timestamp=2947 ms, used_size=12226560 bytes (29.9%)
(RDMA_READ_CONSUME_CHECK_CONSUMER) timestamp=2947 ms, used_size=12224512 bytes (29.8%)
(RDMA_READ_CONSUME_CHECK_CONSUMER) timestamp=2947 ms, used_size=12222464 bytes (29.8%)
(RDMA_READ_CONSUME_CHECK_CONSUMER) timestamp=2947 ms, used_size=12220416 bytes (29.8%)
(RDMA_READ_CONSUME_CHECK_CONSUMER) timestamp=2947 ms, used_size=12218368 bytes (29.8%)
(RDMA_READ_CONSUME_CHECK_CONSUMER) timestamp=2947 ms, used_size=12216320 bytes (29.8%)
(RDMA_READ_CONSUME_CHECK_CONSUMER) timestamp=2947 ms, used_size=12214272 bytes (29.8%)
(RDMA_READ_CONSUME_CHECK_CONSUMER) timestamp=2947 ms, used_size=12212224 bytes (29.8%)
(RDMA_READ_CONSUME_CHECK_CONSUMER) timestamp=2947 ms, used_size=12210176 bytes (29.8%)
(RDMA_READ_CONSUME_CHECK_CONSUMER) timestamp=2947 ms, used_size=12208128 bytes (29.8%)
(RDMA_READ_CONSUME_CHECK_CONSUMER) timestamp=2947 ms, used_size=12206080 bytes (29.8%)
(RDMA_READ_CONSUME_CHECK_CONSUMER) timestamp=2947 ms, used_size=12204032 bytes (29.8%)
(RDMA_READ_CONSUME_CHECK_CONSUMER) timestamp=2947 ms, used_size=12201984 bytes (29.8%)
(RDMA_READ_CONSUME_CHECK_CONSUMER) timestamp=2947 ms, used_size=12199936 bytes (29.8%)
(RDMA_READ_CONSUME_CHECK_CONSUMER) timestamp=2947 ms, used_size=12197888 bytes (29.8%)
(RDMA_READ_CONSUME_CHECK_CONSUMER) timestamp=2947 ms, used_size=12195840 bytes (29.8%)
(RDMA_READ_CONSUME_CHECK_CONSUMER) timestamp=2947 ms, used_size=12193792 bytes (29.8%)
(RDMA_READ_CONSUME_CHECK_CONSUMER) timestamp=2947 ms, used_size=12191744 bytes (29.8%)
(RDMA_READ_CONSUME_CHECK_CONSUMER) timestamp=2947 ms, used_size=12189696 bytes (29.8%)
(RDMA_READ_CONSUME_CHECK_CONSUMER) timestamp=2947 ms, used_size=12187648 bytes (29.8%)
(RDMA_READ_CONSUME_CHECK_CONSUMER) timestamp=2947 ms, used_size=12185600 bytes (29.8%)
(RDMA_READ_CONSUME_CHECK_CONSUMER) timestamp=2947 ms, used_size=12183552 bytes (29.7%)
(RDMA_READ_CONSUME_CHECK_CONSUMER) timestamp=2947 ms, used_size=12181504 bytes (29.7%)
(RDMA_READ_CONSUME_CHECK_CONSUMER) timestamp=2947 ms, used_size=12179456 bytes (29.7%)
(RDMA_READ_CONSUME_CHECK_CONSUMER) timestamp=2947 ms, used_size=12177408 bytes (29.7%)
(RDMA_READ_CONSUME_CHECK_CONSUMER) timestamp=2947 ms, used_size=12175360 bytes (29.7%)
(RDMA_READ_CONSUME_CHECK_CONSUMER) timestamp=2947 ms, used_size=12173312 bytes (29.7%)
(RDMA_READ_CONSUME_CHECK_CONSUMER) timestamp=2947 ms, used_size=12171264 bytes (29.7%)
(RDMA_READ_CONSUME_CHECK_CONSUMER) timestamp=2948 ms, used_size=12169216 bytes (29.7%)
(RDMA_READ_CONSUME_CHECK_CONSUMER) timestamp=2948 ms, used_size=12167168 bytes (29.7%)
(RDMA_READ_CONSUME_CHECK_CONSUMER) timestamp=2948 ms, used_size=12165120 bytes (29.7%)
(RDMA_READ_CONSUME_CHECK_CONSUMER) timestamp=2948 ms, used_size=12163072 bytes (29.7%)
(RDMA_READ_CONSUME_CHECK_CONSUMER) timestamp=2948 ms, used_size=12161024 bytes (29.7%)
(RDMA_READ_CONSUME_CHECK_CONSUMER) timestamp=2948 ms, used_size=12158976 bytes (29.7%)
(RDMA_READ_CONSUME_CHECK_CONSUMER) timestamp=2948 ms, used_size=12156928 bytes (29.7%)
(RDMA_READ_CONSUME_CHECK_CONSUMER) timestamp=2948 ms, used_size=12154880 bytes (29.7%)
(RDMA_READ_CONSUME_CHECK_CONSUMER) timestamp=2948 ms, used_size=12152832 bytes (29.7%)
(RDMA_READ_CONSUME_CHECK_CONSUMER) timestamp=2948 ms, used_size=12150784 bytes (29.7%)
(RDMA_READ_CONSUME_CHECK_CONSUMER) timestamp=2948 ms, used_size=12148736 bytes (29.7%)
(RDMA_READ_CONSUME_CHECK_CONSUMER) timestamp=2948 ms, used_size=12146688 bytes (29.7%)
(RDMA_READ_CONSUME_CHECK_CONSUMER) timestamp=2948 ms, used_size=12144640 bytes (29.6%)
(RDMA_READ_CONSUME_CHECK_CONSUMER) timestamp=2948 ms, used_size=12142592 bytes (29.6%)
(RDMA_READ_CONSUME_CHECK_CONSUMER) timestamp=2948 ms, used_size=12140544 bytes (29.6%)
(RDMA_READ_CONSUME_CHECK_CONSUMER) timestamp=2948 ms, used_size=12138496 bytes (29.6%)
(RDMA_READ_CONSUME_CHECK_CONSUMER) timestamp=2948 ms, used_size=12136448 bytes (29.6%)
(RDMA_READ_CONSUME_CHECK_CONSUMER) timestamp=2948 ms, used_size=12134400 bytes (29.6%)
(RDMA_READ_CONSUME_CHECK_CONSUMER) timestamp=2948 ms, used_size=12132352 bytes (29.6%)
(RDMA_READ_CONSUME_CHECK_CONSUMER) timestamp=2948 ms, used_size=12130304 bytes (29.6%)
(RDMA_READ_CONSUME_CHECK_CONSUMER) timestamp=2948 ms, used_size=12128256 bytes (29.6%)
(RDMA_READ_CONSUME_CHECK_CONSUMER) timestamp=2948 ms, used_size=12126208 bytes (29.6%)
(RDMA_READ_CONSUME_CHECK_CONSUMER) timestamp=2948 ms, used_size=12124160 bytes (29.6%)
(RDMA_READ_CONSUME_CHECK_CONSUMER) timestamp=2948 ms, used_size=12122112 bytes (29.6%)
(RDMA_READ_CONSUME_CHECK_CONSUMER) timestamp=2948 ms, used_size=12120064 bytes (29.6%)
(RDMA_READ_CONSUME_CHECK_CONSUMER) timestamp=2948 ms, used_size=12118016 bytes (29.6%)
(RDMA_READ_CONSUME_CHECK_CONSUMER) timestamp=2948 ms, used_size=12115968 bytes (29.6%)
(RDMA_READ_CONSUME_CHECK_CONSUMER) timestamp=2948 ms, used_size=12113920 bytes (29.6%)
(RDMA_READ_CONSUME_CHECK_CONSUMER) timestamp=2948 ms, used_size=12111872 bytes (29.6%)
(RDMA_READ_CONSUME_CHECK_CONSUMER) timestamp=2948 ms, used_size=12109824 bytes (29.6%)
(RDMA_READ_CONSUME_CHECK_CONSUMER) timestamp=2948 ms, used_size=12107776 bytes (29.6%)
(RDMA_READ_CONSUME_CHECK_CONSUMER) timestamp=2948 ms, used_size=12105728 bytes (29.6%)
(RDMA_READ_CONSUME_CHECK_CONSUMER) timestamp=2948 ms, used_size=12103680 bytes (29.6%)
(RDMA_READ_CONSUME_CHECK_CONSUMER) timestamp=2948 ms, used_size=12101632 bytes (29.5%)
(RDMA_READ_CONSUME_CHECK_CONSUMER) timestamp=2948 ms, used_size=12099584 bytes (29.5%)
(RDMA_READ_CONSUME_CHECK_CONSUMER) timestamp=2948 ms, used_size=12097536 bytes (29.5%)
(RDMA_READ_CONSUME_CHECK_CONSUMER) timestamp=2948 ms, used_size=12095488 bytes (29.5%)
(RDMA_READ_CONSUME_CHECK_CONSUMER) timestamp=2948 ms, used_size=12093440 bytes (29.5%)
(RDMA_READ_CONSUME_CHECK_CONSUMER) timestamp=2948 ms, used_size=12091392 bytes (29.5%)
(RDMA_READ_CONSUME_CHECK_CONSUMER) timestamp=2948 ms, used_size=12089344 bytes (29.5%)
(RDMA_READ_CONSUME_CHECK_CONSUMER) timestamp=2948 ms, used_size=12087296 bytes (29.5%)
(RDMA_READ_CONSUME_CHECK_CONSUMER) timestamp=2948 ms, used_size=12085248 bytes (29.5%)
(RDMA_READ_CONSUME_CHECK_CONSUMER) timestamp=2948 ms, used_size=12083200 bytes (29.5%)
(RDMA_READ_CONSUME_CHECK_CONSUMER) timestamp=2948 ms, used_size=12081152 bytes (29.5%)
(RDMA_READ_CONSUME_CHECK_CONSUMER) timestamp=2948 ms, used_size=12079104 bytes (29.5%)
(RDMA_READ_CONSUME_CHECK_CONSUMER) timestamp=2948 ms, used_size=12077056 bytes (29.5%)
(RDMA_READ_CONSUME_CHECK_CONSUMER) timestamp=2948 ms, used_size=12075008 bytes (29.5%)
(RDMA_READ_CONSUME_CHECK_CONSUMER) timestamp=2948 ms, used_size=12072960 bytes (29.5%)
(RDMA_READ_CONSUME_CHECK_CONSUMER) timestamp=2948 ms, used_size=12070912 bytes (29.5%)
(RDMA_READ_CONSUME_CHECK_CONSUMER) timestamp=2948 ms, used_size=12068864 bytes (29.5%)
(RDMA_READ_CONSUME_CHECK_CONSUMER) timestamp=2948 ms, used_size=12066816 bytes (29.5%)
(RDMA_READ_CONSUME_CHECK_CONSUMER) timestamp=2948 ms, used_size=12064768 bytes (29.5%)
(RDMA_READ_CONSUME_CHECK_CONSUMER) timestamp=2948 ms, used_size=12062720 bytes (29.4%)
(RDMA_READ_CONSUME_CHECK_CONSUMER) timestamp=2948 ms, used_size=12060672 bytes (29.4%)
(RDMA_READ_CONSUME_CHECK_CONSUMER) timestamp=2948 ms, used_size=12058624 bytes (29.4%)
(RDMA_READ_CONSUME_CHECK_CONSUMER) timestamp=2948 ms, used_size=12056576 bytes (29.4%)
(RDMA_READ_CONSUME_CHECK_CONSUMER) timestamp=2948 ms, used_size=12054528 bytes (29.4%)
(RDMA_READ_CONSUME_CHECK_CONSUMER) timestamp=2948 ms, used_size=12052480 bytes (29.4%)
(RDMA_READ_CONSUME_CHECK_CONSUMER) timestamp=2948 ms, used_size=12050432 bytes (29.4%)
(RDMA_READ_CONSUME_CHECK_CONSUMER) timestamp=2948 ms, used_size=12048384 bytes (29.4%)
(RDMA_READ_CONSUME_CHECK_CONSUMER) timestamp=2948 ms, used_size=12046336 bytes (29.4%)
(RDMA_READ_CONSUME_CHECK_CONSUMER) timestamp=2948 ms, used_size=12044288 bytes (29.4%)
(RDMA_READ_CONSUME_CHECK_CONSUMER) timestamp=2948 ms, used_size=12042240 bytes (29.4%)
(RDMA_READ_CONSUME_CHECK_CONSUMER) timestamp=2948 ms, used_size=12040192 bytes (29.4%)
(RDMA_READ_CONSUME_CHECK_CONSUMER) timestamp=2948 ms, used_size=12038144 bytes (29.4%)
(RDMA_READ_CONSUME_CHECK_CONSUMER) timestamp=2948 ms, used_size=12036096 bytes (29.4%)
(RDMA_READ_CONSUME_CHECK_CONSUMER) timestamp=2948 ms, used_size=12034048 bytes (29.4%)
(RDMA_READ_CONSUME_CHECK_CONSUMER) timestamp=2948 ms, used_size=12032000 bytes (29.4%)
(RDMA_READ_CONSUME_CHECK_CONSUMER) timestamp=2948 ms, used_size=12029952 bytes (29.4%)
(RDMA_READ_CONSUME_CHECK_CONSUMER) timestamp=2948 ms, used_size=12027904 bytes (29.4%)
(RDMA_READ_CONSUME_CHECK_CONSUMER) timestamp=2948 ms, used_size=12025856 bytes (29.4%)
(RDMA_READ_CONSUME_CHECK_CONSUMER) timestamp=2948 ms, used_size=12023808 bytes (29.4%)
(RDMA_READ_CONSUME_CHECK_CONSUMER) timestamp=2948 ms, used_size=12021760 bytes (29.4%)
(RDMA_READ_CONSUME_CHECK_CONSUMER) timestamp=2948 ms, used_size=12019712 bytes (29.3%)
(RDMA_READ_CONSUME_CHECK_CONSUMER) timestamp=2948 ms, used_size=12017664 bytes (29.3%)
(RDMA_READ_CONSUME_CHECK_CONSUMER) timestamp=2948 ms, used_size=12015616 bytes (29.3%)
(RDMA_READ_CONSUME_CHECK_CONSUMER) timestamp=2948 ms, used_size=12013568 bytes (29.3%)
(RDMA_READ_CONSUME_CHECK_CONSUMER) timestamp=2948 ms, used_size=12011520 bytes (29.3%)
(RDMA_READ_CONSUME_CHECK_CONSUMER) timestamp=2948 ms, used_size=12009472 bytes (29.3%)
(RDMA_READ_CONSUME_CHECK_CONSUMER) timestamp=2948 ms, used_size=12007424 bytes (29.3%)
(RDMA_READ_CONSUME_CHECK_CONSUMER) timestamp=2948 ms, used_size=12005376 bytes (29.3%)
(RDMA_READ_CONSUME_CHECK_CONSUMER) timestamp=2948 ms, used_size=12003328 bytes (29.3%)
(RDMA_READ_CONSUME_CHECK_CONSUMER) timestamp=2948 ms, used_size=12001280 bytes (29.3%)
(RDMA_READ_CONSUME_CHECK_CONSUMER) timestamp=2948 ms, used_size=11999232 bytes (29.3%)
(RDMA_READ_CONSUME_CHECK_CONSUMER) timestamp=2948 ms, used_size=11997184 bytes (29.3%)
(RDMA_READ_CONSUME_CHECK_CONSUMER) timestamp=2948 ms, used_size=11995136 bytes (29.3%)
(RDMA_READ_CONSUME_CHECK_CONSUMER) timestamp=2948 ms, used_size=11993088 bytes (29.3%)
(RDMA_READ_CONSUME_CHECK_CONSUMER) timestamp=2948 ms, used_size=11991040 bytes (29.3%)
(RDMA_READ_CONSUME_CHECK_CONSUMER) timestamp=2948 ms, used_size=11988992 bytes (29.3%)
(RDMA_READ_CONSUME_CHECK_CONSUMER) timestamp=2948 ms, used_size=11986944 bytes (29.3%)
(RDMA_READ_CONSUME_CHECK_CONSUMER) timestamp=2948 ms, used_size=11984896 bytes (29.3%)
(RDMA_READ_CONSUME_CHECK_CONSUMER) timestamp=2948 ms, used_size=11982848 bytes (29.3%)
(RDMA_READ_CONSUME_CHECK_CONSUMER) timestamp=2948 ms, used_size=11980800 bytes (29.2%)
(RDMA_READ_CONSUME_CHECK_CONSUMER) timestamp=2948 ms, used_size=11978752 bytes (29.2%)
(RDMA_READ_CONSUME_CHECK_CONSUMER) timestamp=2948 ms, used_size=11976704 bytes (29.2%)
(RDMA_READ_CONSUME_CHECK_CONSUMER) timestamp=2948 ms, used_size=11974656 bytes (29.2%)
(RDMA_READ_CONSUME_CHECK_CONSUMER) timestamp=2948 ms, used_size=11972608 bytes (29.2%)
(RDMA_READ_CONSUME_CHECK_CONSUMER) timestamp=2948 ms, used_size=11970560 bytes (29.2%)
(RDMA_READ_CONSUME_CHECK_CONSUMER) timestamp=2948 ms, used_size=11968512 bytes (29.2%)
(RDMA_READ_CONSUME_CHECK_CONSUMER) timestamp=2948 ms, used_size=11966464 bytes (29.2%)
(RDMA_READ_CONSUME_CHECK_CONSUMER) timestamp=2948 ms, used_size=11964416 bytes (29.2%)
(RDMA_READ_CONSUME_CHECK_CONSUMER) timestamp=2948 ms, used_size=11962368 bytes (29.2%)
(RDMA_READ_CONSUME_CHECK_CONSUMER) timestamp=2948 ms, used_size=11960320 bytes (29.2%)
(RDMA_READ_CONSUME_CHECK_CONSUMER) timestamp=2948 ms, used_size=11958272 bytes (29.2%)
(RDMA_READ_CONSUME_CHECK_CONSUMER) timestamp=2948 ms, used_size=11956224 bytes (29.2%)
(RDMA_READ_CONSUME_CHECK_CONSUMER) timestamp=2948 ms, used_size=11954176 bytes (29.2%)
(RDMA_READ_CONSUME_CHECK_CONSUMER) timestamp=2948 ms, used_size=11952128 bytes (29.2%)
(RDMA_READ_CONSUME_CHECK_CONSUMER) timestamp=2948 ms, used_size=11950080 bytes (29.2%)
(RDMA_READ_CONSUME_CHECK_CONSUMER) timestamp=2948 ms, used_size=11948032 bytes (29.2%)
(RDMA_READ_CONSUME_CHECK_CONSUMER) timestamp=2948 ms, used_size=11945984 bytes (29.2%)
(RDMA_READ_CONSUME_CHECK_CONSUMER) timestamp=2948 ms, used_size=11943936 bytes (29.2%)
(RDMA_READ_CONSUME_CHECK_CONSUMER) timestamp=2948 ms, used_size=11941888 bytes (29.2%)
(RDMA_READ_CONSUME_CHECK_CONSUMER) timestamp=2948 ms, used_size=11939840 bytes (29.1%)
(RDMA_READ_CONSUME_CHECK_CONSUMER) timestamp=2948 ms, used_size=11937792 bytes (29.1%)
(RDMA_READ_CONSUME_CHECK_CONSUMER) timestamp=2948 ms, used_size=11935744 bytes (29.1%)
(RDMA_READ_CONSUME_CHECK_CONSUMER) timestamp=2948 ms, used_size=11933696 bytes (29.1%)
(RDMA_READ_CONSUME_CHECK_CONSUMER) timestamp=2948 ms, used_size=11931648 bytes (29.1%)
(RDMA_READ_CONSUME_CHECK_CONSUMER) timestamp=2948 ms, used_size=11929600 bytes (29.1%)
(RDMA_READ_CONSUME_CHECK_CONSUMER) timestamp=2948 ms, used_size=11927552 bytes (29.1%)
(RDMA_READ_CONSUME_CHECK_CONSUMER) timestamp=2948 ms, used_size=11925504 bytes (29.1%)
(RDMA_READ_CONSUME_CHECK_CONSUMER) timestamp=2948 ms, used_size=11923456 bytes (29.1%)
(RDMA_READ_CONSUME_CHECK_CONSUMER) timestamp=2948 ms, used_size=11921408 bytes (29.1%)
(RDMA_READ_CONSUME_CHECK_CONSUMER) timestamp=2948 ms, used_size=11919360 bytes (29.1%)
(RDMA_READ_CONSUME_CHECK_CONSUMER) timestamp=2948 ms, used_size=11917312 bytes (29.1%)
(RDMA_READ_CONSUME_CHECK_CONSUMER) timestamp=2948 ms, used_size=11915264 bytes (29.1%)
(RDMA_READ_CONSUME_CHECK_CONSUMER) timestamp=2948 ms, used_size=11913216 bytes (29.1%)
(RDMA_READ_CONSUME_CHECK_CONSUMER) timestamp=2948 ms, used_size=11911168 bytes (29.1%)
(RDMA_READ_CONSUME_CHECK_CONSUMER) timestamp=2948 ms, used_size=11909120 bytes (29.1%)
(RDMA_READ_CONSUME_CHECK_CONSUMER) timestamp=2948 ms, used_size=11907072 bytes (29.1%)
(RDMA_READ_CONSUME_CHECK_CONSUMER) timestamp=2948 ms, used_size=11905024 bytes (29.1%)
(RDMA_READ_CONSUME_CHECK_CONSUMER) timestamp=2948 ms, used_size=11902976 bytes (29.1%)
(RDMA_READ_CONSUME_CHECK_CONSUMER) timestamp=2948 ms, used_size=11900928 bytes (29.1%)
(RDMA_READ_CONSUME_CHECK_CONSUMER) timestamp=2948 ms, used_size=11898880 bytes (29.1%)
(RDMA_READ_CONSUME_CHECK_CONSUMER) timestamp=2948 ms, used_size=11896832 bytes (29.0%)
(RDMA_READ_CONSUME_CHECK_CONSUMER) timestamp=2948 ms, used_size=11894784 bytes (29.0%)
(RDMA_READ_CONSUME_CHECK_CONSUMER) timestamp=2948 ms, used_size=11892736 bytes (29.0%)
(RDMA_READ_CONSUME_CHECK_CONSUMER) timestamp=2948 ms, used_size=11890688 bytes (29.0%)
(RDMA_READ_CONSUME_CHECK_CONSUMER) timestamp=2948 ms, used_size=11888640 bytes (29.0%)
(RDMA_READ_CONSUME_CHECK_CONSUMER) timestamp=2948 ms, used_size=11886592 bytes (29.0%)
(RDMA_READ_CONSUME_CHECK_CONSUMER) timestamp=2948 ms, used_size=11884544 bytes (29.0%)
(RDMA_READ_CONSUME_CHECK_CONSUMER) timestamp=2948 ms, used_size=11882496 bytes (29.0%)
(RDMA_READ_CONSUME_CHECK_CONSUMER) timestamp=2948 ms, used_size=11880448 bytes (29.0%)
(RDMA_READ_CONSUME_CHECK_CONSUMER) timestamp=2948 ms, used_size=11878400 bytes (29.0%)
(RDMA_READ_CONSUME_CHECK_CONSUMER) timestamp=2948 ms, used_size=11876352 bytes (29.0%)
(RDMA_READ_CONSUME_CHECK_CONSUMER) timestamp=2948 ms, used_size=11874304 bytes (29.0%)
(RDMA_READ_CONSUME_CHECK_CONSUMER) timestamp=2948 ms, used_size=11872256 bytes (29.0%)
(RDMA_READ_CONSUME_CHECK_CONSUMER) timestamp=2948 ms, used_size=11870208 bytes (29.0%)
(RDMA_READ_CONSUME_CHECK_CONSUMER) timestamp=2948 ms, used_size=11868160 bytes (29.0%)
(RDMA_READ_CONSUME_CHECK_CONSUMER) timestamp=2948 ms, used_size=11866112 bytes (29.0%)
(RDMA_READ_CONSUME_CHECK_CONSUMER) timestamp=2948 ms, used_size=11864064 bytes (29.0%)
(RDMA_READ_CONSUME_CHECK_CONSUMER) timestamp=2948 ms, used_size=11862016 bytes (29.0%)
(RDMA_READ_CONSUME_CHECK_CONSUMER) timestamp=2948 ms, used_size=11859968 bytes (29.0%)
(RDMA_READ_CONSUME_CHECK_CONSUMER) timestamp=2948 ms, used_size=11857920 bytes (28.9%)
(RDMA_READ_CONSUME_CHECK_CONSUMER) timestamp=2948 ms, used_size=11855872 bytes (28.9%)
(RDMA_READ_CONSUME_CHECK_CONSUMER) timestamp=2948 ms, used_size=11853824 bytes (28.9%)
(RDMA_READ_CONSUME_CHECK_CONSUMER) timestamp=2948 ms, used_size=11851776 bytes (28.9%)
(RDMA_READ_CONSUME_CHECK_CONSUMER) timestamp=2948 ms, used_size=11849728 bytes (28.9%)
(RDMA_READ_CONSUME_CHECK_CONSUMER) timestamp=2948 ms, used_size=11847680 bytes (28.9%)
(RDMA_READ_CONSUME_CHECK_CONSUMER) timestamp=2948 ms, used_size=11845632 bytes (28.9%)
(RDMA_READ_CONSUME_CHECK_CONSUMER) timestamp=2948 ms, used_size=11843584 bytes (28.9%)
(RDMA_READ_CONSUME_CHECK_CONSUMER) timestamp=2948 ms, used_size=11841536 bytes (28.9%)
(RDMA_READ_CONSUME_CHECK_CONSUMER) timestamp=2948 ms, used_size=11839488 bytes (28.9%)
(RDMA_READ_CONSUME_CHECK_CONSUMER) timestamp=2948 ms, used_size=11837440 bytes (28.9%)
(RDMA_READ_CONSUME_CHECK_CONSUMER) timestamp=2948 ms, used_size=11835392 bytes (28.9%)
(RDMA_READ_CONSUME_CHECK_CONSUMER) timestamp=2948 ms, used_size=11833344 bytes (28.9%)
(RDMA_READ_CONSUME_CHECK_CONSUMER) timestamp=2948 ms, used_size=11831296 bytes (28.9%)
(RDMA_READ_CONSUME_CHECK_CONSUMER) timestamp=2948 ms, used_size=11829248 bytes (28.9%)
(RDMA_READ_CONSUME_CHECK_CONSUMER) timestamp=2948 ms, used_size=11827200 bytes (28.9%)
(RDMA_READ_CONSUME_CHECK_CONSUMER) timestamp=2948 ms, used_size=11825152 bytes (28.9%)
(RDMA_READ_CONSUME_CHECK_CONSUMER) timestamp=2948 ms, used_size=11823104 bytes (28.9%)
(RDMA_READ_CONSUME_CHECK_CONSUMER) timestamp=2948 ms, used_size=11821056 bytes (28.9%)
(RDMA_READ_CONSUME_CHECK_CONSUMER) timestamp=2948 ms, used_size=11819008 bytes (28.9%)
(RDMA_READ_CONSUME_CHECK_CONSUMER) timestamp=2948 ms, used_size=11816960 bytes (28.9%)
(RDMA_READ_CONSUME_CHECK_CONSUMER) timestamp=2948 ms, used_size=11814912 bytes (28.8%)
(RDMA_READ_CONSUME_CHECK_CONSUMER) timestamp=2949 ms, used_size=11812864 bytes (28.8%)
(RDMA_READ_CONSUME_CHECK_CONSUMER) timestamp=2949 ms, used_size=11810816 bytes (28.8%)
(RDMA_READ_CONSUME_CHECK_CONSUMER) timestamp=2949 ms, used_size=11808768 bytes (28.8%)
(RDMA_READ_CONSUME_CHECK_CONSUMER) timestamp=2949 ms, used_size=11806720 bytes (28.8%)
(RDMA_READ_CONSUME_CHECK_CONSUMER) timestamp=2949 ms, used_size=11804672 bytes (28.8%)
(RDMA_READ_CONSUME_CHECK_CONSUMER) timestamp=2949 ms, used_size=11802624 bytes (28.8%)
(RDMA_READ_CONSUME_CHECK_CONSUMER) timestamp=2949 ms, used_size=11800576 bytes (28.8%)
(RDMA_READ_CONSUME_CHECK_CONSUMER) timestamp=2949 ms, used_size=11798528 bytes (28.8%)
(RDMA_READ_CONSUME_CHECK_CONSUMER) timestamp=2949 ms, used_size=11796480 bytes (28.8%)
(RDMA_READ_CONSUME_CHECK_CONSUMER) timestamp=2949 ms, used_size=11794432 bytes (28.8%)
(RDMA_READ_CONSUME_CHECK_CONSUMER) timestamp=2949 ms, used_size=11792384 bytes (28.8%)
(RDMA_READ_CONSUME_CHECK_CONSUMER) timestamp=2949 ms, used_size=11790336 bytes (28.8%)
(RDMA_READ_CONSUME_CHECK_CONSUMER) timestamp=2949 ms, used_size=11788288 bytes (28.8%)
(RDMA_READ_CONSUME_CHECK_CONSUMER) timestamp=2949 ms, used_size=11786240 bytes (28.8%)
(RDMA_READ_CONSUME_CHECK_CONSUMER) timestamp=2949 ms, used_size=11784192 bytes (28.8%)
(RDMA_READ_CONSUME_CHECK_CONSUMER) timestamp=2949 ms, used_size=11782144 bytes (28.8%)
(RDMA_READ_CONSUME_CHECK_CONSUMER) timestamp=2949 ms, used_size=11780096 bytes (28.8%)
(RDMA_READ_CONSUME_CHECK_CONSUMER) timestamp=2949 ms, used_size=11778048 bytes (28.8%)
(RDMA_READ_CONSUME_CHECK_CONSUMER) timestamp=2949 ms, used_size=11776000 bytes (28.8%)
(RDMA_READ_CONSUME_CHECK_CONSUMER) timestamp=2949 ms, used_size=11773952 bytes (28.7%)
(RDMA_READ_CONSUME_CHECK_CONSUMER) timestamp=2949 ms, used_size=11771904 bytes (28.7%)
(RDMA_READ_CONSUME_CHECK_CONSUMER) timestamp=2949 ms, used_size=11769856 bytes (28.7%)
(RDMA_READ_CONSUME_CHECK_CONSUMER) timestamp=2949 ms, used_size=11767808 bytes (28.7%)
(RDMA_READ_CONSUME_CHECK_CONSUMER) timestamp=2949 ms, used_size=11765760 bytes (28.7%)
(RDMA_READ_CONSUME_CHECK_CONSUMER) timestamp=2949 ms, used_size=11763712 bytes (28.7%)
(RDMA_READ_CONSUME_CHECK_CONSUMER) timestamp=2949 ms, used_size=11761664 bytes (28.7%)
(RDMA_READ_CONSUME_CHECK_CONSUMER) timestamp=2949 ms, used_size=11759616 bytes (28.7%)
(RDMA_READ_CONSUME_CHECK_CONSUMER) timestamp=2949 ms, used_size=11757568 bytes (28.7%)
(RDMA_READ_CONSUME_CHECK_CONSUMER) timestamp=2949 ms, used_size=11755520 bytes (28.7%)
(RDMA_READ_CONSUME_CHECK_CONSUMER) timestamp=2949 ms, used_size=11753472 bytes (28.7%)
(RDMA_READ_CONSUME_CHECK_CONSUMER) timestamp=2949 ms, used_size=11751424 bytes (28.7%)
(RDMA_READ_CONSUME_CHECK_CONSUMER) timestamp=2949 ms, used_size=11749376 bytes (28.7%)
(RDMA_READ_CONSUME_CHECK_CONSUMER) timestamp=2949 ms, used_size=11747328 bytes (28.7%)
(RDMA_READ_CONSUME_CHECK_CONSUMER) timestamp=2949 ms, used_size=11745280 bytes (28.7%)
(RDMA_READ_CONSUME_CHECK_CONSUMER) timestamp=2949 ms, used_size=11743232 bytes (28.7%)
(RDMA_READ_CONSUME_CHECK_CONSUMER) timestamp=2949 ms, used_size=11741184 bytes (28.7%)
(RDMA_READ_CONSUME_CHECK_CONSUMER) timestamp=2949 ms, used_size=11739136 bytes (28.7%)
(RDMA_READ_CONSUME_CHECK_CONSUMER) timestamp=2949 ms, used_size=11737088 bytes (28.7%)
(RDMA_READ_CONSUME_CHECK_CONSUMER) timestamp=2949 ms, used_size=11735040 bytes (28.6%)
(RDMA_READ_CONSUME_CHECK_CONSUMER) timestamp=2949 ms, used_size=11732992 bytes (28.6%)
(RDMA_READ_CONSUME_CHECK_CONSUMER) timestamp=2949 ms, used_size=11730944 bytes (28.6%)
(RDMA_READ_CONSUME_CHECK_CONSUMER) timestamp=2949 ms, used_size=11728896 bytes (28.6%)
(RDMA_READ_CONSUME_CHECK_CONSUMER) timestamp=2949 ms, used_size=11726848 bytes (28.6%)
(RDMA_READ_CONSUME_CHECK_CONSUMER) timestamp=2949 ms, used_size=11724800 bytes (28.6%)
(RDMA_READ_CONSUME_CHECK_CONSUMER) timestamp=2949 ms, used_size=11722752 bytes (28.6%)
(RDMA_READ_CONSUME_CHECK_CONSUMER) timestamp=2949 ms, used_size=11720704 bytes (28.6%)
(RDMA_READ_CONSUME_CHECK_CONSUMER) timestamp=2949 ms, used_size=11718656 bytes (28.6%)
(RDMA_READ_CONSUME_CHECK_CONSUMER) timestamp=2949 ms, used_size=11716608 bytes (28.6%)
(RDMA_READ_CONSUME_CHECK_CONSUMER) timestamp=2949 ms, used_size=11714560 bytes (28.6%)
(RDMA_READ_CONSUME_CHECK_CONSUMER) timestamp=2949 ms, used_size=11712512 bytes (28.6%)
(RDMA_READ_CONSUME_CHECK_CONSUMER) timestamp=2949 ms, used_size=11710464 bytes (28.6%)
(RDMA_READ_CONSUME_CHECK_CONSUMER) timestamp=2949 ms, used_size=11708416 bytes (28.6%)
(RDMA_READ_CONSUME_CHECK_CONSUMER) timestamp=2949 ms, used_size=11706368 bytes (28.6%)
(RDMA_READ_CONSUME_CHECK_CONSUMER) timestamp=2949 ms, used_size=11704320 bytes (28.6%)
(RDMA_READ_CONSUME_CHECK_CONSUMER) timestamp=2949 ms, used_size=11702272 bytes (28.6%)
(RDMA_READ_CONSUME_CHECK_CONSUMER) timestamp=2949 ms, used_size=11700224 bytes (28.6%)
(RDMA_READ_CONSUME_CHECK_CONSUMER) timestamp=2949 ms, used_size=11698176 bytes (28.6%)
(RDMA_READ_CONSUME_CHECK_CONSUMER) timestamp=2949 ms, used_size=11696128 bytes (28.6%)
(RDMA_READ_CONSUME_CHECK_CONSUMER) timestamp=2949 ms, used_size=11694080 bytes (28.6%)
(RDMA_READ_CONSUME_CHECK_CONSUMER) timestamp=2949 ms, used_size=11692032 bytes (28.5%)
(RDMA_READ_CONSUME_CHECK_CONSUMER) timestamp=2949 ms, used_size=11689984 bytes (28.5%)
(RDMA_READ_CONSUME_CHECK_CONSUMER) timestamp=2949 ms, used_size=11687936 bytes (28.5%)
(RDMA_READ_CONSUME_CHECK_CONSUMER) timestamp=2949 ms, used_size=11685888 bytes (28.5%)
(RDMA_READ_CONSUME_CHECK_CONSUMER) timestamp=2949 ms, used_size=11683840 bytes (28.5%)
(RDMA_READ_CONSUME_CHECK_CONSUMER) timestamp=2949 ms, used_size=11681792 bytes (28.5%)
(RDMA_READ_CONSUME_CHECK_CONSUMER) timestamp=2949 ms, used_size=11679744 bytes (28.5%)
(RDMA_READ_CONSUME_CHECK_CONSUMER) timestamp=2949 ms, used_size=11677696 bytes (28.5%)
(RDMA_READ_CONSUME_CHECK_CONSUMER) timestamp=2949 ms, used_size=11675648 bytes (28.5%)
(RDMA_READ_CONSUME_CHECK_CONSUMER) timestamp=2949 ms, used_size=11673600 bytes (28.5%)
(RDMA_READ_CONSUME_CHECK_CONSUMER) timestamp=2949 ms, used_size=11671552 bytes (28.5%)
(RDMA_READ_CONSUME_CHECK_CONSUMER) timestamp=2949 ms, used_size=11669504 bytes (28.5%)
(RDMA_READ_CONSUME_CHECK_CONSUMER) timestamp=2949 ms, used_size=11667456 bytes (28.5%)
(RDMA_READ_CONSUME_CHECK_CONSUMER) timestamp=2949 ms, used_size=11665408 bytes (28.5%)
(RDMA_READ_CONSUME_CHECK_CONSUMER) timestamp=2949 ms, used_size=11663360 bytes (28.5%)
(RDMA_READ_CONSUME_CHECK_CONSUMER) timestamp=2949 ms, used_size=11661312 bytes (28.5%)
(RDMA_READ_CONSUME_CHECK_CONSUMER) timestamp=2949 ms, used_size=11659264 bytes (28.5%)
(RDMA_READ_CONSUME_CHECK_CONSUMER) timestamp=2949 ms, used_size=11657216 bytes (28.5%)
(RDMA_READ_CONSUME_CHECK_CONSUMER) timestamp=2949 ms, used_size=11655168 bytes (28.5%)
(RDMA_READ_CONSUME_CHECK_CONSUMER) timestamp=2949 ms, used_size=11653120 bytes (28.4%)
(RDMA_READ_CONSUME_CHECK_CONSUMER) timestamp=2949 ms, used_size=11651072 bytes (28.4%)
(RDMA_READ_CONSUME_CHECK_CONSUMER) timestamp=2949 ms, used_size=11649024 bytes (28.4%)
(RDMA_READ_CONSUME_CHECK_CONSUMER) timestamp=2949 ms, used_size=11646976 bytes (28.4%)
(RDMA_READ_CONSUME_CHECK_CONSUMER) timestamp=2949 ms, used_size=11644928 bytes (28.4%)
(RDMA_READ_CONSUME_CHECK_CONSUMER) timestamp=2949 ms, used_size=11642880 bytes (28.4%)
(RDMA_READ_CONSUME_CHECK_CONSUMER) timestamp=2949 ms, used_size=11640832 bytes (28.4%)
(RDMA_READ_CONSUME_CHECK_CONSUMER) timestamp=2949 ms, used_size=11638784 bytes (28.4%)
(RDMA_READ_CONSUME_CHECK_CONSUMER) timestamp=2949 ms, used_size=11636736 bytes (28.4%)
(RDMA_READ_CONSUME_CHECK_CONSUMER) timestamp=2949 ms, used_size=11634688 bytes (28.4%)
(RDMA_READ_CONSUME_CHECK_CONSUMER) timestamp=2949 ms, used_size=11632640 bytes (28.4%)
(RDMA_READ_CONSUME_CHECK_CONSUMER) timestamp=2949 ms, used_size=11630592 bytes (28.4%)
(RDMA_READ_CONSUME_CHECK_CONSUMER) timestamp=2949 ms, used_size=11628544 bytes (28.4%)
(RDMA_READ_CONSUME_CHECK_CONSUMER) timestamp=2949 ms, used_size=11626496 bytes (28.4%)
(RDMA_READ_CONSUME_CHECK_CONSUMER) timestamp=2949 ms, used_size=11624448 bytes (28.4%)
(RDMA_READ_CONSUME_CHECK_CONSUMER) timestamp=2949 ms, used_size=11622400 bytes (28.4%)
(RDMA_READ_CONSUME_CHECK_CONSUMER) timestamp=2949 ms, used_size=11620352 bytes (28.4%)
(RDMA_READ_CONSUME_CHECK_CONSUMER) timestamp=2949 ms, used_size=11618304 bytes (28.4%)
(RDMA_READ_CONSUME_CHECK_CONSUMER) timestamp=2949 ms, used_size=11616256 bytes (28.4%)
(RDMA_READ_CONSUME_CHECK_CONSUMER) timestamp=2949 ms, used_size=11614208 bytes (28.4%)
(RDMA_READ_CONSUME_CHECK_CONSUMER) timestamp=2949 ms, used_size=11612160 bytes (28.4%)
(RDMA_READ_CONSUME_CHECK_CONSUMER) timestamp=2949 ms, used_size=11610112 bytes (28.3%)
(RDMA_READ_CONSUME_CHECK_CONSUMER) timestamp=2949 ms, used_size=11608064 bytes (28.3%)
(RDMA_READ_CONSUME_CHECK_CONSUMER) timestamp=2949 ms, used_size=11606016 bytes (28.3%)
(RDMA_READ_CONSUME_CHECK_CONSUMER) timestamp=2949 ms, used_size=11603968 bytes (28.3%)
(RDMA_READ_CONSUME_CHECK_CONSUMER) timestamp=2949 ms, used_size=11601920 bytes (28.3%)
(RDMA_READ_CONSUME_CHECK_CONSUMER) timestamp=2949 ms, used_size=11599872 bytes (28.3%)
(RDMA_READ_CONSUME_CHECK_CONSUMER) timestamp=2949 ms, used_size=11597824 bytes (28.3%)
(RDMA_READ_CONSUME_CHECK_CONSUMER) timestamp=2949 ms, used_size=11595776 bytes (28.3%)
(RDMA_READ_CONSUME_CHECK_CONSUMER) timestamp=2949 ms, used_size=11593728 bytes (28.3%)
(RDMA_READ_CONSUME_CHECK_CONSUMER) timestamp=2949 ms, used_size=11591680 bytes (28.3%)
(RDMA_READ_CONSUME_CHECK_CONSUMER) timestamp=2949 ms, used_size=11589632 bytes (28.3%)
(RDMA_READ_CONSUME_CHECK_CONSUMER) timestamp=2949 ms, used_size=11587584 bytes (28.3%)
(RDMA_READ_CONSUME_CHECK_CONSUMER) timestamp=2949 ms, used_size=11585536 bytes (28.3%)
(RDMA_READ_CONSUME_CHECK_CONSUMER) timestamp=2949 ms, used_size=11583488 bytes (28.3%)
(RDMA_READ_CONSUME_CHECK_CONSUMER) timestamp=2949 ms, used_size=11581440 bytes (28.3%)
(RDMA_READ_CONSUME_CHECK_CONSUMER) timestamp=2949 ms, used_size=11579392 bytes (28.3%)
(RDMA_READ_CONSUME_CHECK_CONSUMER) timestamp=2949 ms, used_size=11577344 bytes (28.3%)
(RDMA_READ_CONSUME_CHECK_CONSUMER) timestamp=2949 ms, used_size=11575296 bytes (28.3%)
(RDMA_READ_CONSUME_CHECK_CONSUMER) timestamp=2949 ms, used_size=11573248 bytes (28.3%)
(RDMA_READ_CONSUME_CHECK_CONSUMER) timestamp=2949 ms, used_size=11571200 bytes (28.2%)
(RDMA_READ_CONSUME_CHECK_CONSUMER) timestamp=2949 ms, used_size=11569152 bytes (28.2%)
(RDMA_READ_CONSUME_CHECK_CONSUMER) timestamp=2949 ms, used_size=11567104 bytes (28.2%)
(RDMA_READ_CONSUME_CHECK_CONSUMER) timestamp=2949 ms, used_size=11565056 bytes (28.2%)
(RDMA_READ_CONSUME_CHECK_CONSUMER) timestamp=2949 ms, used_size=11563008 bytes (28.2%)
(RDMA_READ_CONSUME_CHECK_CONSUMER) timestamp=2949 ms, used_size=11560960 bytes (28.2%)
(RDMA_READ_CONSUME_CHECK_CONSUMER) timestamp=2949 ms, used_size=11558912 bytes (28.2%)
(RDMA_READ_CONSUME_CHECK_CONSUMER) timestamp=2949 ms, used_size=11556864 bytes (28.2%)
(RDMA_READ_CONSUME_CHECK_CONSUMER) timestamp=2949 ms, used_size=11554816 bytes (28.2%)
(RDMA_READ_CONSUME_CHECK_CONSUMER) timestamp=2949 ms, used_size=11552768 bytes (28.2%)
(RDMA_READ_CONSUME_CHECK_CONSUMER) timestamp=2949 ms, used_size=11550720 bytes (28.2%)
(RDMA_READ_CONSUME_CHECK_CONSUMER) timestamp=2949 ms, used_size=11548672 bytes (28.2%)
(RDMA_READ_CONSUME_CHECK_CONSUMER) timestamp=2949 ms, used_size=11546624 bytes (28.2%)
(RDMA_READ_CONSUME_CHECK_CONSUMER) timestamp=2949 ms, used_size=11544576 bytes (28.2%)
(RDMA_READ_CONSUME_CHECK_CONSUMER) timestamp=2949 ms, used_size=11542528 bytes (28.2%)
(RDMA_READ_CONSUME_CHECK_CONSUMER) timestamp=2949 ms, used_size=11540480 bytes (28.2%)
(RDMA_READ_CONSUME_CHECK_CONSUMER) timestamp=2949 ms, used_size=11538432 bytes (28.2%)
(RDMA_READ_CONSUME_CHECK_CONSUMER) timestamp=2949 ms, used_size=11536384 bytes (28.2%)
(RDMA_READ_CONSUME_CHECK_CONSUMER) timestamp=2949 ms, used_size=11534336 bytes (28.2%)
(RDMA_READ_CONSUME_CHECK_CONSUMER) timestamp=2949 ms, used_size=11532288 bytes (28.2%)
(RDMA_READ_CONSUME_CHECK_CONSUMER) timestamp=2949 ms, used_size=11530240 bytes (28.1%)
(RDMA_READ_CONSUME_CHECK_CONSUMER) timestamp=2949 ms, used_size=11528192 bytes (28.1%)
(RDMA_READ_CONSUME_CHECK_CONSUMER) timestamp=2949 ms, used_size=11526144 bytes (28.1%)
(RDMA_READ_CONSUME_CHECK_CONSUMER) timestamp=2949 ms, used_size=11524096 bytes (28.1%)
(RDMA_READ_CONSUME_CHECK_CONSUMER) timestamp=2949 ms, used_size=11522048 bytes (28.1%)
(RDMA_READ_CONSUME_CHECK_CONSUMER) timestamp=2949 ms, used_size=11520000 bytes (28.1%)
(RDMA_READ_CONSUME_CHECK_CONSUMER) timestamp=2949 ms, used_size=11517952 bytes (28.1%)
(RDMA_READ_CONSUME_CHECK_CONSUMER) timestamp=2949 ms, used_size=11515904 bytes (28.1%)
(RDMA_READ_CONSUME_CHECK_CONSUMER) timestamp=2949 ms, used_size=11513856 bytes (28.1%)
(RDMA_READ_CONSUME_CHECK_CONSUMER) timestamp=2949 ms, used_size=11511808 bytes (28.1%)
(RDMA_READ_CONSUME_CHECK_CONSUMER) timestamp=2949 ms, used_size=11509760 bytes (28.1%)
(RDMA_READ_CONSUME_CHECK_CONSUMER) timestamp=2949 ms, used_size=11507712 bytes (28.1%)
(RDMA_READ_CONSUME_CHECK_CONSUMER) timestamp=2949 ms, used_size=11505664 bytes (28.1%)
(RDMA_READ_CONSUME_CHECK_CONSUMER) timestamp=2949 ms, used_size=11503616 bytes (28.1%)
(RDMA_READ_CONSUME_CHECK_CONSUMER) timestamp=2949 ms, used_size=11501568 bytes (28.1%)
(RDMA_READ_CONSUME_CHECK_CONSUMER) timestamp=2949 ms, used_size=11499520 bytes (28.1%)
(RDMA_READ_CONSUME_CHECK_CONSUMER) timestamp=2949 ms, used_size=11497472 bytes (28.1%)
(RDMA_READ_CONSUME_CHECK_CONSUMER) timestamp=2949 ms, used_size=11495424 bytes (28.1%)
(RDMA_READ_CONSUME_CHECK_CONSUMER) timestamp=2949 ms, used_size=11493376 bytes (28.1%)
(RDMA_READ_CONSUME_CHECK_CONSUMER) timestamp=2949 ms, used_size=11491328 bytes (28.1%)
(RDMA_READ_CONSUME_CHECK_CONSUMER) timestamp=2949 ms, used_size=11489280 bytes (28.1%)
(RDMA_READ_CONSUME_CHECK_CONSUMER) timestamp=2949 ms, used_size=11487232 bytes (28.0%)
(RDMA_READ_CONSUME_CHECK_CONSUMER) timestamp=2949 ms, used_size=11485184 bytes (28.0%)
(RDMA_READ_CONSUME_CHECK_CONSUMER) timestamp=2949 ms, used_size=11483136 bytes (28.0%)
(RDMA_READ_CONSUME_CHECK_CONSUMER) timestamp=2949 ms, used_size=11481088 bytes (28.0%)
(RDMA_READ_CONSUME_CHECK_CONSUMER) timestamp=2949 ms, used_size=11479040 bytes (28.0%)
(RDMA_READ_CONSUME_CHECK_CONSUMER) timestamp=2949 ms, used_size=11476992 bytes (28.0%)
(RDMA_READ_CONSUME_CHECK_CONSUMER) timestamp=2949 ms, used_size=11474944 bytes (28.0%)
(RDMA_READ_CONSUME_CHECK_CONSUMER) timestamp=2949 ms, used_size=11472896 bytes (28.0%)
(RDMA_READ_CONSUME_CHECK_CONSUMER) timestamp=2949 ms, used_size=11470848 bytes (28.0%)
(RDMA_READ_CONSUME_CHECK_CONSUMER) timestamp=2949 ms, used_size=11468800 bytes (28.0%)
(RDMA_READ_CONSUME_CHECK_CONSUMER) timestamp=2949 ms, used_size=11466752 bytes (28.0%)
(RDMA_READ_CONSUME_CHECK_CONSUMER) timestamp=2949 ms, used_size=11464704 bytes (28.0%)
(RDMA_READ_CONSUME_CHECK_CONSUMER) timestamp=2949 ms, used_size=11462656 bytes (28.0%)
(RDMA_READ_CONSUME_CHECK_CONSUMER) timestamp=2949 ms, used_size=11460608 bytes (28.0%)
(RDMA_READ_CONSUME_CHECK_CONSUMER) timestamp=2949 ms, used_size=11458560 bytes (28.0%)
(RDMA_READ_CONSUME_CHECK_CONSUMER) timestamp=2949 ms, used_size=11456512 bytes (28.0%)
(RDMA_READ_CONSUME_CHECK_CONSUMER) timestamp=2949 ms, used_size=11454464 bytes (28.0%)
(RDMA_READ_CONSUME_CHECK_CONSUMER) timestamp=2949 ms, used_size=11452416 bytes (28.0%)
(RDMA_READ_CONSUME_CHECK_CONSUMER) timestamp=2949 ms, used_size=11450368 bytes (28.0%)
(RDMA_READ_CONSUME_CHECK_CONSUMER) timestamp=2949 ms, used_size=11448320 bytes (27.9%)
(RDMA_READ_CONSUME_CHECK_CONSUMER) timestamp=2949 ms, used_size=11446272 bytes (27.9%)
(RDMA_READ_CONSUME_CHECK_CONSUMER) timestamp=2950 ms, used_size=11444224 bytes (27.9%)
(RDMA_READ_CONSUME_CHECK_CONSUMER) timestamp=2950 ms, used_size=11442176 bytes (27.9%)
(RDMA_READ_CONSUME_CHECK_CONSUMER) timestamp=2950 ms, used_size=11440128 bytes (27.9%)
(RDMA_READ_CONSUME_CHECK_CONSUMER) timestamp=2950 ms, used_size=11438080 bytes (27.9%)
(RDMA_READ_CONSUME_CHECK_CONSUMER) timestamp=2950 ms, used_size=11436032 bytes (27.9%)
(RDMA_READ_CONSUME_CHECK_CONSUMER) timestamp=2950 ms, used_size=11433984 bytes (27.9%)
(RDMA_READ_CONSUME_CHECK_CONSUMER) timestamp=2950 ms, used_size=11431936 bytes (27.9%)
(RDMA_READ_CONSUME_CHECK_CONSUMER) timestamp=2950 ms, used_size=11429888 bytes (27.9%)
(RDMA_READ_CONSUME_CHECK_CONSUMER) timestamp=2950 ms, used_size=11427840 bytes (27.9%)
(RDMA_READ_CONSUME_CHECK_CONSUMER) timestamp=2950 ms, used_size=11425792 bytes (27.9%)
(RDMA_READ_CONSUME_CHECK_CONSUMER) timestamp=2950 ms, used_size=11423744 bytes (27.9%)
(RDMA_READ_CONSUME_CHECK_CONSUMER) timestamp=2950 ms, used_size=11421696 bytes (27.9%)
(RDMA_READ_CONSUME_CHECK_CONSUMER) timestamp=2950 ms, used_size=11419648 bytes (27.9%)
(RDMA_READ_CONSUME_CHECK_CONSUMER) timestamp=2950 ms, used_size=11417600 bytes (27.9%)
(RDMA_READ_CONSUME_CHECK_CONSUMER) timestamp=2950 ms, used_size=11415552 bytes (27.9%)
(RDMA_READ_CONSUME_CHECK_CONSUMER) timestamp=2950 ms, used_size=11413504 bytes (27.9%)
(RDMA_READ_CONSUME_CHECK_CONSUMER) timestamp=2950 ms, used_size=11411456 bytes (27.9%)
(RDMA_READ_CONSUME_CHECK_CONSUMER) timestamp=2950 ms, used_size=11409408 bytes (27.9%)
(RDMA_READ_CONSUME_CHECK_CONSUMER) timestamp=2950 ms, used_size=11407360 bytes (27.9%)
(RDMA_READ_CONSUME_CHECK_CONSUMER) timestamp=2950 ms, used_size=11405312 bytes (27.8%)
(RDMA_READ_CONSUME_CHECK_CONSUMER) timestamp=2950 ms, used_size=11403264 bytes (27.8%)
(RDMA_READ_CONSUME_CHECK_CONSUMER) timestamp=2950 ms, used_size=11401216 bytes (27.8%)
(RDMA_READ_CONSUME_CHECK_CONSUMER) timestamp=2950 ms, used_size=11399168 bytes (27.8%)
(RDMA_READ_CONSUME_CHECK_CONSUMER) timestamp=2950 ms, used_size=11397120 bytes (27.8%)
(RDMA_READ_CONSUME_CHECK_CONSUMER) timestamp=2950 ms, used_size=11395072 bytes (27.8%)
(RDMA_READ_CONSUME_CHECK_CONSUMER) timestamp=2950 ms, used_size=11393024 bytes (27.8%)
(RDMA_READ_CONSUME_CHECK_CONSUMER) timestamp=2950 ms, used_size=11390976 bytes (27.8%)
(RDMA_READ_CONSUME_CHECK_CONSUMER) timestamp=2950 ms, used_size=11388928 bytes (27.8%)
(RDMA_READ_CONSUME_CHECK_CONSUMER) timestamp=2950 ms, used_size=11386880 bytes (27.8%)
(RDMA_READ_CONSUME_CHECK_CONSUMER) timestamp=2950 ms, used_size=11384832 bytes (27.8%)
(RDMA_READ_CONSUME_CHECK_CONSUMER) timestamp=2950 ms, used_size=11382784 bytes (27.8%)
(RDMA_READ_CONSUME_CHECK_CONSUMER) timestamp=2950 ms, used_size=11380736 bytes (27.8%)
(RDMA_READ_CONSUME_CHECK_CONSUMER) timestamp=2950 ms, used_size=11378688 bytes (27.8%)
(RDMA_READ_CONSUME_CHECK_CONSUMER) timestamp=2950 ms, used_size=11376640 bytes (27.8%)
(RDMA_READ_CONSUME_CHECK_CONSUMER) timestamp=2950 ms, used_size=11374592 bytes (27.8%)
(RDMA_READ_CONSUME_CHECK_CONSUMER) timestamp=2950 ms, used_size=11372544 bytes (27.8%)
(RDMA_READ_CONSUME_CHECK_CONSUMER) timestamp=2950 ms, used_size=11370496 bytes (27.8%)
(RDMA_READ_CONSUME_CHECK_CONSUMER) timestamp=2950 ms, used_size=11368448 bytes (27.8%)
(RDMA_READ_CONSUME_CHECK_CONSUMER) timestamp=2950 ms, used_size=11366400 bytes (27.8%)
(RDMA_READ_CONSUME_CHECK_CONSUMER) timestamp=2950 ms, used_size=11364352 bytes (27.7%)
(RDMA_READ_CONSUME_CHECK_CONSUMER) timestamp=2950 ms, used_size=11362304 bytes (27.7%)
(RDMA_READ_CONSUME_CHECK_CONSUMER) timestamp=2950 ms, used_size=11360256 bytes (27.7%)
(RDMA_READ_CONSUME_CHECK_CONSUMER) timestamp=2950 ms, used_size=11358208 bytes (27.7%)
(RDMA_READ_CONSUME_CHECK_CONSUMER) timestamp=2950 ms, used_size=11356160 bytes (27.7%)
(RDMA_READ_CONSUME_CHECK_CONSUMER) timestamp=2950 ms, used_size=11354112 bytes (27.7%)
(RDMA_READ_CONSUME_CHECK_CONSUMER) timestamp=2950 ms, used_size=11352064 bytes (27.7%)
(RDMA_READ_CONSUME_CHECK_CONSUMER) timestamp=2950 ms, used_size=11350016 bytes (27.7%)
(RDMA_READ_CONSUME_CHECK_CONSUMER) timestamp=2950 ms, used_size=11347968 bytes (27.7%)
(RDMA_READ_CONSUME_CHECK_CONSUMER) timestamp=2950 ms, used_size=11345920 bytes (27.7%)
(RDMA_READ_CONSUME_CHECK_CONSUMER) timestamp=2950 ms, used_size=11343872 bytes (27.7%)
(RDMA_READ_CONSUME_CHECK_CONSUMER) timestamp=2950 ms, used_size=11341824 bytes (27.7%)
(RDMA_READ_CONSUME_CHECK_CONSUMER) timestamp=2950 ms, used_size=11339776 bytes (27.7%)
(RDMA_READ_CONSUME_CHECK_CONSUMER) timestamp=2950 ms, used_size=11337728 bytes (27.7%)
(RDMA_READ_CONSUME_CHECK_CONSUMER) timestamp=2950 ms, used_size=11335680 bytes (27.7%)
(RDMA_READ_CONSUME_CHECK_CONSUMER) timestamp=2950 ms, used_size=11333632 bytes (27.7%)
(RDMA_READ_CONSUME_CHECK_CONSUMER) timestamp=2950 ms, used_size=11331584 bytes (27.7%)
(RDMA_READ_CONSUME_CHECK_CONSUMER) timestamp=2950 ms, used_size=11329536 bytes (27.7%)
(RDMA_READ_CONSUME_CHECK_CONSUMER) timestamp=2950 ms, used_size=11327488 bytes (27.7%)
(RDMA_READ_CONSUME_CHECK_CONSUMER) timestamp=2950 ms, used_size=11325440 bytes (27.6%)
(RDMA_READ_CONSUME_CHECK_CONSUMER) timestamp=2950 ms, used_size=11323392 bytes (27.6%)
(RDMA_READ_CONSUME_CHECK_CONSUMER) timestamp=2950 ms, used_size=11321344 bytes (27.6%)
(RDMA_READ_CONSUME_CHECK_CONSUMER) timestamp=2950 ms, used_size=11319296 bytes (27.6%)
(RDMA_READ_CONSUME_CHECK_CONSUMER) timestamp=2950 ms, used_size=11317248 bytes (27.6%)
(RDMA_READ_CONSUME_CHECK_CONSUMER) timestamp=2950 ms, used_size=11315200 bytes (27.6%)
(RDMA_READ_CONSUME_CHECK_CONSUMER) timestamp=2950 ms, used_size=11313152 bytes (27.6%)
(RDMA_READ_CONSUME_CHECK_CONSUMER) timestamp=2950 ms, used_size=11311104 bytes (27.6%)
(RDMA_READ_CONSUME_CHECK_CONSUMER) timestamp=2950 ms, used_size=11309056 bytes (27.6%)
(RDMA_READ_CONSUME_CHECK_CONSUMER) timestamp=2950 ms, used_size=11307008 bytes (27.6%)
(RDMA_READ_CONSUME_CHECK_CONSUMER) timestamp=2950 ms, used_size=11304960 bytes (27.6%)
(RDMA_READ_CONSUME_CHECK_CONSUMER) timestamp=2950 ms, used_size=11302912 bytes (27.6%)
(RDMA_READ_CONSUME_CHECK_CONSUMER) timestamp=2950 ms, used_size=11300864 bytes (27.6%)
(RDMA_READ_CONSUME_CHECK_CONSUMER) timestamp=2950 ms, used_size=11298816 bytes (27.6%)
(RDMA_READ_CONSUME_CHECK_CONSUMER) timestamp=2950 ms, used_size=11296768 bytes (27.6%)
(RDMA_READ_CONSUME_CHECK_CONSUMER) timestamp=2950 ms, used_size=11294720 bytes (27.6%)
(RDMA_READ_CONSUME_CHECK_CONSUMER) timestamp=2950 ms, used_size=11292672 bytes (27.6%)
(RDMA_READ_CONSUME_CHECK_CONSUMER) timestamp=2950 ms, used_size=11290624 bytes (27.6%)
(RDMA_READ_CONSUME_CHECK_CONSUMER) timestamp=2950 ms, used_size=11288576 bytes (27.6%)
(RDMA_READ_CONSUME_CHECK_CONSUMER) timestamp=2950 ms, used_size=11286528 bytes (27.6%)
(RDMA_READ_CONSUME_CHECK_CONSUMER) timestamp=2950 ms, used_size=11284480 bytes (27.6%)
(RDMA_READ_CONSUME_CHECK_CONSUMER) timestamp=2950 ms, used_size=11282432 bytes (27.5%)
(RDMA_READ_CONSUME_CHECK_CONSUMER) timestamp=2950 ms, used_size=11280384 bytes (27.5%)
(RDMA_READ_CONSUME_CHECK_CONSUMER) timestamp=2950 ms, used_size=11278336 bytes (27.5%)
(RDMA_READ_CONSUME_CHECK_CONSUMER) timestamp=2950 ms, used_size=11276288 bytes (27.5%)
(RDMA_READ_CONSUME_CHECK_CONSUMER) timestamp=2950 ms, used_size=11274240 bytes (27.5%)
(RDMA_READ_CONSUME_CHECK_CONSUMER) timestamp=2950 ms, used_size=11272192 bytes (27.5%)
(RDMA_READ_CONSUME_CHECK_CONSUMER) timestamp=2950 ms, used_size=11270144 bytes (27.5%)
(RDMA_READ_CONSUME_CHECK_CONSUMER) timestamp=2950 ms, used_size=11268096 bytes (27.5%)
(RDMA_READ_CONSUME_CHECK_CONSUMER) timestamp=2950 ms, used_size=11266048 bytes (27.5%)
(RDMA_READ_CONSUME_CHECK_CONSUMER) timestamp=2950 ms, used_size=11264000 bytes (27.5%)
(RDMA_READ_CONSUME_CHECK_CONSUMER) timestamp=2950 ms, used_size=11261952 bytes (27.5%)
(RDMA_READ_CONSUME_CHECK_CONSUMER) timestamp=2950 ms, used_size=11259904 bytes (27.5%)
(RDMA_READ_CONSUME_CHECK_CONSUMER) timestamp=2950 ms, used_size=11257856 bytes (27.5%)
(RDMA_READ_CONSUME_CHECK_CONSUMER) timestamp=2950 ms, used_size=11255808 bytes (27.5%)
(RDMA_READ_CONSUME_CHECK_CONSUMER) timestamp=2950 ms, used_size=11253760 bytes (27.5%)
(RDMA_READ_CONSUME_CHECK_CONSUMER) timestamp=2950 ms, used_size=11251712 bytes (27.5%)
(RDMA_READ_CONSUME_CHECK_CONSUMER) timestamp=2950 ms, used_size=11249664 bytes (27.5%)
(RDMA_READ_CONSUME_CHECK_CONSUMER) timestamp=2950 ms, used_size=11247616 bytes (27.5%)
(RDMA_READ_CONSUME_CHECK_CONSUMER) timestamp=2950 ms, used_size=11245568 bytes (27.5%)
(RDMA_READ_CONSUME_CHECK_CONSUMER) timestamp=2950 ms, used_size=11243520 bytes (27.4%)
(RDMA_READ_CONSUME_CHECK_CONSUMER) timestamp=2950 ms, used_size=11241472 bytes (27.4%)
(RDMA_READ_CONSUME_CHECK_CONSUMER) timestamp=2950 ms, used_size=11239424 bytes (27.4%)
(RDMA_READ_CONSUME_CHECK_CONSUMER) timestamp=2950 ms, used_size=11237376 bytes (27.4%)
(RDMA_READ_CONSUME_CHECK_CONSUMER) timestamp=2950 ms, used_size=11235328 bytes (27.4%)
(RDMA_READ_CONSUME_CHECK_CONSUMER) timestamp=2950 ms, used_size=11233280 bytes (27.4%)
(RDMA_READ_CONSUME_CHECK_CONSUMER) timestamp=2950 ms, used_size=11231232 bytes (27.4%)
(RDMA_READ_CONSUME_CHECK_CONSUMER) timestamp=2950 ms, used_size=11229184 bytes (27.4%)
(RDMA_READ_CONSUME_CHECK_CONSUMER) timestamp=2950 ms, used_size=11227136 bytes (27.4%)
(RDMA_READ_CONSUME_CHECK_CONSUMER) timestamp=2950 ms, used_size=11225088 bytes (27.4%)
(RDMA_READ_CONSUME_CHECK_CONSUMER) timestamp=2950 ms, used_size=11223040 bytes (27.4%)
(RDMA_READ_CONSUME_CHECK_CONSUMER) timestamp=2950 ms, used_size=11220992 bytes (27.4%)
(RDMA_READ_CONSUME_CHECK_CONSUMER) timestamp=2950 ms, used_size=11218944 bytes (27.4%)
(RDMA_READ_CONSUME_CHECK_CONSUMER) timestamp=2950 ms, used_size=11216896 bytes (27.4%)
(RDMA_READ_CONSUME_CHECK_CONSUMER) timestamp=2950 ms, used_size=11214848 bytes (27.4%)
(RDMA_READ_CONSUME_CHECK_CONSUMER) timestamp=2950 ms, used_size=11212800 bytes (27.4%)
(RDMA_READ_CONSUME_CHECK_CONSUMER) timestamp=2950 ms, used_size=11210752 bytes (27.4%)
(RDMA_READ_CONSUME_CHECK_CONSUMER) timestamp=2950 ms, used_size=11208704 bytes (27.4%)
(RDMA_READ_CONSUME_CHECK_CONSUMER) timestamp=2950 ms, used_size=11206656 bytes (27.4%)
(RDMA_READ_CONSUME_CHECK_CONSUMER) timestamp=2950 ms, used_size=11204608 bytes (27.4%)
(RDMA_READ_CONSUME_CHECK_CONSUMER) timestamp=2950 ms, used_size=11202560 bytes (27.4%)
(RDMA_READ_CONSUME_CHECK_CONSUMER) timestamp=2950 ms, used_size=11200512 bytes (27.3%)
(RDMA_READ_CONSUME_CHECK_CONSUMER) timestamp=2950 ms, used_size=11198464 bytes (27.3%)
(RDMA_READ_CONSUME_CHECK_CONSUMER) timestamp=2950 ms, used_size=11196416 bytes (27.3%)
(RDMA_READ_CONSUME_CHECK_CONSUMER) timestamp=2950 ms, used_size=11194368 bytes (27.3%)
(RDMA_READ_CONSUME_CHECK_CONSUMER) timestamp=2950 ms, used_size=11192320 bytes (27.3%)
(RDMA_READ_CONSUME_CHECK_CONSUMER) timestamp=2950 ms, used_size=11190272 bytes (27.3%)
(RDMA_READ_CONSUME_CHECK_CONSUMER) timestamp=2950 ms, used_size=11188224 bytes (27.3%)
(RDMA_READ_CONSUME_CHECK_CONSUMER) timestamp=2950 ms, used_size=11186176 bytes (27.3%)
(RDMA_READ_CONSUME_CHECK_CONSUMER) timestamp=2950 ms, used_size=11184128 bytes (27.3%)
(RDMA_READ_CONSUME_CHECK_CONSUMER) timestamp=2950 ms, used_size=11182080 bytes (27.3%)
(RDMA_READ_CONSUME_CHECK_CONSUMER) timestamp=2950 ms, used_size=11180032 bytes (27.3%)
(RDMA_READ_CONSUME_CHECK_CONSUMER) timestamp=2950 ms, used_size=11177984 bytes (27.3%)
(RDMA_READ_CONSUME_CHECK_CONSUMER) timestamp=2950 ms, used_size=11175936 bytes (27.3%)
(RDMA_READ_CONSUME_CHECK_CONSUMER) timestamp=2950 ms, used_size=11173888 bytes (27.3%)
(RDMA_READ_CONSUME_CHECK_CONSUMER) timestamp=2950 ms, used_size=11171840 bytes (27.3%)
(RDMA_READ_CONSUME_CHECK_CONSUMER) timestamp=2950 ms, used_size=11169792 bytes (27.3%)
(RDMA_READ_CONSUME_CHECK_CONSUMER) timestamp=2950 ms, used_size=11167744 bytes (27.3%)
(RDMA_READ_CONSUME_CHECK_CONSUMER) timestamp=2950 ms, used_size=11165696 bytes (27.3%)
(RDMA_READ_CONSUME_CHECK_CONSUMER) timestamp=2950 ms, used_size=11163648 bytes (27.3%)
(RDMA_READ_CONSUME_CHECK_CONSUMER) timestamp=2950 ms, used_size=11161600 bytes (27.2%)
(RDMA_READ_CONSUME_CHECK_CONSUMER) timestamp=2950 ms, used_size=11159552 bytes (27.2%)
(RDMA_READ_CONSUME_CHECK_CONSUMER) timestamp=2950 ms, used_size=11157504 bytes (27.2%)
(RDMA_READ_CONSUME_CHECK_CONSUMER) timestamp=2950 ms, used_size=11155456 bytes (27.2%)
(RDMA_READ_CONSUME_CHECK_CONSUMER) timestamp=2950 ms, used_size=11153408 bytes (27.2%)
(RDMA_READ_CONSUME_CHECK_CONSUMER) timestamp=2950 ms, used_size=11151360 bytes (27.2%)
(RDMA_READ_CONSUME_CHECK_CONSUMER) timestamp=2950 ms, used_size=11149312 bytes (27.2%)
(RDMA_READ_CONSUME_CHECK_CONSUMER) timestamp=2950 ms, used_size=11147264 bytes (27.2%)
(RDMA_READ_CONSUME_CHECK_CONSUMER) timestamp=2950 ms, used_size=11145216 bytes (27.2%)
(RDMA_READ_CONSUME_CHECK_CONSUMER) timestamp=2950 ms, used_size=11143168 bytes (27.2%)
(RDMA_READ_CONSUME_CHECK_CONSUMER) timestamp=2950 ms, used_size=11141120 bytes (27.2%)
(RDMA_READ_CONSUME_CHECK_CONSUMER) timestamp=2950 ms, used_size=11139072 bytes (27.2%)
(RDMA_READ_CONSUME_CHECK_CONSUMER) timestamp=2950 ms, used_size=11137024 bytes (27.2%)
(RDMA_READ_CONSUME_CHECK_CONSUMER) timestamp=2950 ms, used_size=11134976 bytes (27.2%)
(RDMA_READ_CONSUME_CHECK_CONSUMER) timestamp=2950 ms, used_size=11132928 bytes (27.2%)
(RDMA_READ_CONSUME_CHECK_CONSUMER) timestamp=2950 ms, used_size=11130880 bytes (27.2%)
(RDMA_READ_CONSUME_CHECK_CONSUMER) timestamp=2950 ms, used_size=11128832 bytes (27.2%)
(RDMA_READ_CONSUME_CHECK_CONSUMER) timestamp=2950 ms, used_size=11126784 bytes (27.2%)
(RDMA_READ_CONSUME_CHECK_CONSUMER) timestamp=2950 ms, used_size=11124736 bytes (27.2%)
(RDMA_READ_CONSUME_CHECK_CONSUMER) timestamp=2950 ms, used_size=11122688 bytes (27.2%)
(RDMA_READ_CONSUME_CHECK_CONSUMER) timestamp=2950 ms, used_size=11120640 bytes (27.1%)
(RDMA_READ_CONSUME_CHECK_CONSUMER) timestamp=2950 ms, used_size=11118592 bytes (27.1%)
(RDMA_READ_CONSUME_CHECK_CONSUMER) timestamp=2950 ms, used_size=11116544 bytes (27.1%)
(RDMA_READ_CONSUME_CHECK_CONSUMER) timestamp=2950 ms, used_size=11114496 bytes (27.1%)
(RDMA_READ_CONSUME_CHECK_CONSUMER) timestamp=2950 ms, used_size=11112448 bytes (27.1%)
(RDMA_READ_CONSUME_CHECK_CONSUMER) timestamp=2950 ms, used_size=11110400 bytes (27.1%)
(RDMA_READ_CONSUME_CHECK_CONSUMER) timestamp=2950 ms, used_size=11108352 bytes (27.1%)
(RDMA_READ_CONSUME_CHECK_CONSUMER) timestamp=2950 ms, used_size=11106304 bytes (27.1%)
(RDMA_READ_CONSUME_CHECK_CONSUMER) timestamp=2950 ms, used_size=11104256 bytes (27.1%)
(RDMA_READ_CONSUME_CHECK_CONSUMER) timestamp=2950 ms, used_size=11102208 bytes (27.1%)
(RDMA_READ_CONSUME_CHECK_CONSUMER) timestamp=2950 ms, used_size=11100160 bytes (27.1%)
(RDMA_READ_CONSUME_CHECK_CONSUMER) timestamp=2950 ms, used_size=11098112 bytes (27.1%)
(RDMA_READ_CONSUME_CHECK_CONSUMER) timestamp=2950 ms, used_size=11096064 bytes (27.1%)
(RDMA_READ_CONSUME_CHECK_CONSUMER) timestamp=2950 ms, used_size=11094016 bytes (27.1%)
(RDMA_READ_CONSUME_CHECK_CONSUMER) timestamp=2950 ms, used_size=11091968 bytes (27.1%)
(RDMA_READ_CONSUME_CHECK_CONSUMER) timestamp=2950 ms, used_size=11089920 bytes (27.1%)
(RDMA_READ_CONSUME_CHECK_CONSUMER) timestamp=2950 ms, used_size=11087872 bytes (27.1%)
(RDMA_READ_CONSUME_CHECK_CONSUMER) timestamp=2950 ms, used_size=11085824 bytes (27.1%)
(RDMA_READ_CONSUME_CHECK_CONSUMER) timestamp=2950 ms, used_size=11083776 bytes (27.1%)
(RDMA_READ_CONSUME_CHECK_CONSUMER) timestamp=2950 ms, used_size=11081728 bytes (27.1%)
(RDMA_READ_CONSUME_CHECK_CONSUMER) timestamp=2951 ms, used_size=11079680 bytes (27.1%)
(RDMA_READ_CONSUME_CHECK_CONSUMER) timestamp=2951 ms, used_size=11077632 bytes (27.0%)
(RDMA_READ_CONSUME_CHECK_CONSUMER) timestamp=2951 ms, used_size=11075584 bytes (27.0%)
(RDMA_READ_CONSUME_CHECK_CONSUMER) timestamp=2951 ms, used_size=11073536 bytes (27.0%)
(RDMA_READ_CONSUME_CHECK_CONSUMER) timestamp=2951 ms, used_size=11071488 bytes (27.0%)
(RDMA_READ_CONSUME_CHECK_CONSUMER) timestamp=2951 ms, used_size=11069440 bytes (27.0%)
(RDMA_READ_CONSUME_CHECK_CONSUMER) timestamp=2951 ms, used_size=11067392 bytes (27.0%)
(RDMA_READ_CONSUME_CHECK_CONSUMER) timestamp=2951 ms, used_size=11065344 bytes (27.0%)
(RDMA_READ_CONSUME_CHECK_CONSUMER) timestamp=2951 ms, used_size=11063296 bytes (27.0%)
(RDMA_READ_CONSUME_CHECK_CONSUMER) timestamp=2951 ms, used_size=11061248 bytes (27.0%)
(RDMA_READ_CONSUME_CHECK_CONSUMER) timestamp=2951 ms, used_size=11059200 bytes (27.0%)
(RDMA_READ_CONSUME_CHECK_CONSUMER) timestamp=2951 ms, used_size=11057152 bytes (27.0%)
(RDMA_READ_CONSUME_CHECK_CONSUMER) timestamp=2951 ms, used_size=11055104 bytes (27.0%)
(RDMA_READ_CONSUME_CHECK_CONSUMER) timestamp=2951 ms, used_size=11053056 bytes (27.0%)
(RDMA_READ_CONSUME_CHECK_CONSUMER) timestamp=2951 ms, used_size=11051008 bytes (27.0%)
(RDMA_READ_CONSUME_CHECK_CONSUMER) timestamp=2951 ms, used_size=11048960 bytes (27.0%)
(RDMA_READ_CONSUME_CHECK_CONSUMER) timestamp=2951 ms, used_size=11046912 bytes (27.0%)
(RDMA_READ_CONSUME_CHECK_CONSUMER) timestamp=2951 ms, used_size=11044864 bytes (27.0%)
(RDMA_READ_CONSUME_CHECK_CONSUMER) timestamp=2951 ms, used_size=11042816 bytes (27.0%)
(RDMA_READ_CONSUME_CHECK_CONSUMER) timestamp=2951 ms, used_size=11040768 bytes (27.0%)
(RDMA_READ_CONSUME_CHECK_CONSUMER) timestamp=2951 ms, used_size=11038720 bytes (26.9%)
(RDMA_READ_CONSUME_CHECK_CONSUMER) timestamp=2951 ms, used_size=11036672 bytes (26.9%)
(RDMA_READ_CONSUME_CHECK_CONSUMER) timestamp=2951 ms, used_size=11034624 bytes (26.9%)
(RDMA_READ_CONSUME_CHECK_CONSUMER) timestamp=2951 ms, used_size=11032576 bytes (26.9%)
(RDMA_READ_CONSUME_CHECK_CONSUMER) timestamp=2951 ms, used_size=11030528 bytes (26.9%)
(RDMA_READ_CONSUME_CHECK_CONSUMER) timestamp=2951 ms, used_size=11028480 bytes (26.9%)
(RDMA_READ_CONSUME_CHECK_CONSUMER) timestamp=2951 ms, used_size=11026432 bytes (26.9%)
(RDMA_READ_CONSUME_CHECK_CONSUMER) timestamp=2951 ms, used_size=11024384 bytes (26.9%)
(RDMA_READ_CONSUME_CHECK_CONSUMER) timestamp=2951 ms, used_size=11022336 bytes (26.9%)
(RDMA_READ_CONSUME_CHECK_CONSUMER) timestamp=2951 ms, used_size=11020288 bytes (26.9%)
(RDMA_READ_CONSUME_CHECK_CONSUMER) timestamp=2951 ms, used_size=11018240 bytes (26.9%)
(RDMA_READ_CONSUME_CHECK_CONSUMER) timestamp=2951 ms, used_size=11016192 bytes (26.9%)
(RDMA_READ_CONSUME_CHECK_CONSUMER) timestamp=2951 ms, used_size=11014144 bytes (26.9%)
(RDMA_READ_CONSUME_CHECK_CONSUMER) timestamp=2951 ms, used_size=11012096 bytes (26.9%)
(RDMA_READ_CONSUME_CHECK_CONSUMER) timestamp=2951 ms, used_size=11010048 bytes (26.9%)
(RDMA_READ_CONSUME_CHECK_CONSUMER) timestamp=2951 ms, used_size=11008000 bytes (26.9%)
(RDMA_READ_CONSUME_CHECK_CONSUMER) timestamp=2951 ms, used_size=11005952 bytes (26.9%)
(RDMA_READ_CONSUME_CHECK_CONSUMER) timestamp=2951 ms, used_size=11003904 bytes (26.9%)
(RDMA_READ_CONSUME_CHECK_CONSUMER) timestamp=2951 ms, used_size=11001856 bytes (26.9%)
(RDMA_READ_CONSUME_CHECK_CONSUMER) timestamp=2951 ms, used_size=10999808 bytes (26.9%)
(RDMA_READ_CONSUME_CHECK_CONSUMER) timestamp=2951 ms, used_size=10997760 bytes (26.9%)
(RDMA_READ_CONSUME_CHECK_CONSUMER) timestamp=2951 ms, used_size=10995712 bytes (26.8%)
(RDMA_READ_CONSUME_CHECK_CONSUMER) timestamp=2951 ms, used_size=10993664 bytes (26.8%)
(RDMA_READ_CONSUME_CHECK_CONSUMER) timestamp=2951 ms, used_size=10991616 bytes (26.8%)
(RDMA_READ_CONSUME_CHECK_CONSUMER) timestamp=2951 ms, used_size=10989568 bytes (26.8%)
(RDMA_READ_CONSUME_CHECK_CONSUMER) timestamp=2951 ms, used_size=10987520 bytes (26.8%)
(RDMA_READ_CONSUME_CHECK_CONSUMER) timestamp=2951 ms, used_size=10985472 bytes (26.8%)
(RDMA_READ_CONSUME_CHECK_CONSUMER) timestamp=2951 ms, used_size=10983424 bytes (26.8%)
(RDMA_READ_CONSUME_CHECK_CONSUMER) timestamp=2951 ms, used_size=10981376 bytes (26.8%)
(RDMA_READ_CONSUME_CHECK_CONSUMER) timestamp=2951 ms, used_size=10979328 bytes (26.8%)
(RDMA_READ_CONSUME_CHECK_CONSUMER) timestamp=2951 ms, used_size=10977280 bytes (26.8%)
(RDMA_READ_CONSUME_CHECK_CONSUMER) timestamp=2951 ms, used_size=10975232 bytes (26.8%)
(RDMA_READ_CONSUME_CHECK_CONSUMER) timestamp=2951 ms, used_size=10973184 bytes (26.8%)
(RDMA_READ_CONSUME_CHECK_CONSUMER) timestamp=2951 ms, used_size=10971136 bytes (26.8%)
(RDMA_READ_CONSUME_CHECK_CONSUMER) timestamp=2951 ms, used_size=10969088 bytes (26.8%)
(RDMA_READ_CONSUME_CHECK_CONSUMER) timestamp=2951 ms, used_size=10967040 bytes (26.8%)
(RDMA_READ_CONSUME_CHECK_CONSUMER) timestamp=2951 ms, used_size=10964992 bytes (26.8%)
(RDMA_READ_CONSUME_CHECK_CONSUMER) timestamp=2951 ms, used_size=10962944 bytes (26.8%)
(RDMA_READ_CONSUME_CHECK_CONSUMER) timestamp=2951 ms, used_size=10960896 bytes (26.8%)
(RDMA_READ_CONSUME_CHECK_CONSUMER) timestamp=2951 ms, used_size=10958848 bytes (26.8%)
(RDMA_READ_CONSUME_CHECK_CONSUMER) timestamp=2951 ms, used_size=10956800 bytes (26.8%)
(RDMA_READ_CONSUME_CHECK_CONSUMER) timestamp=2951 ms, used_size=10954752 bytes (26.7%)
(RDMA_READ_CONSUME_CHECK_CONSUMER) timestamp=2951 ms, used_size=10952704 bytes (26.7%)
(RDMA_READ_CONSUME_CHECK_CONSUMER) timestamp=2951 ms, used_size=10950656 bytes (26.7%)
(RDMA_READ_CONSUME_CHECK_CONSUMER) timestamp=2951 ms, used_size=10948608 bytes (26.7%)
(RDMA_READ_CONSUME_CHECK_CONSUMER) timestamp=2951 ms, used_size=10946560 bytes (26.7%)
(RDMA_READ_CONSUME_CHECK_CONSUMER) timestamp=2951 ms, used_size=10944512 bytes (26.7%)
(RDMA_READ_CONSUME_CHECK_CONSUMER) timestamp=2951 ms, used_size=10942464 bytes (26.7%)
(RDMA_READ_CONSUME_CHECK_CONSUMER) timestamp=2951 ms, used_size=10940416 bytes (26.7%)
(RDMA_READ_CONSUME_CHECK_CONSUMER) timestamp=2951 ms, used_size=10938368 bytes (26.7%)
(RDMA_READ_CONSUME_CHECK_CONSUMER) timestamp=2951 ms, used_size=10936320 bytes (26.7%)
(RDMA_READ_CONSUME_CHECK_CONSUMER) timestamp=2951 ms, used_size=10934272 bytes (26.7%)
(RDMA_READ_CONSUME_CHECK_CONSUMER) timestamp=2951 ms, used_size=10932224 bytes (26.7%)
(RDMA_READ_CONSUME_CHECK_CONSUMER) timestamp=2951 ms, used_size=10930176 bytes (26.7%)
(RDMA_READ_CONSUME_CHECK_CONSUMER) timestamp=2951 ms, used_size=10928128 bytes (26.7%)
(RDMA_READ_CONSUME_CHECK_CONSUMER) timestamp=2951 ms, used_size=10926080 bytes (26.7%)
(RDMA_READ_CONSUME_CHECK_CONSUMER) timestamp=2951 ms, used_size=10924032 bytes (26.7%)
(RDMA_READ_CONSUME_CHECK_CONSUMER) timestamp=2951 ms, used_size=10921984 bytes (26.7%)
(RDMA_READ_CONSUME_CHECK_CONSUMER) timestamp=2951 ms, used_size=10919936 bytes (26.7%)
(RDMA_READ_CONSUME_CHECK_CONSUMER) timestamp=2951 ms, used_size=10917888 bytes (26.7%)
(RDMA_READ_CONSUME_CHECK_CONSUMER) timestamp=2951 ms, used_size=10915840 bytes (26.6%)
(RDMA_READ_CONSUME_CHECK_CONSUMER) timestamp=2951 ms, used_size=10913792 bytes (26.6%)
(RDMA_READ_CONSUME_CHECK_CONSUMER) timestamp=2951 ms, used_size=10911744 bytes (26.6%)
(RDMA_READ_CONSUME_CHECK_CONSUMER) timestamp=2951 ms, used_size=10909696 bytes (26.6%)
(RDMA_READ_CONSUME_CHECK_CONSUMER) timestamp=2951 ms, used_size=10907648 bytes (26.6%)
(RDMA_READ_CONSUME_CHECK_CONSUMER) timestamp=2951 ms, used_size=10905600 bytes (26.6%)
(RDMA_READ_CONSUME_CHECK_CONSUMER) timestamp=2951 ms, used_size=10903552 bytes (26.6%)
(RDMA_READ_CONSUME_CHECK_CONSUMER) timestamp=2951 ms, used_size=10901504 bytes (26.6%)
(RDMA_READ_CONSUME_CHECK_CONSUMER) timestamp=2951 ms, used_size=10899456 bytes (26.6%)
(RDMA_READ_CONSUME_CHECK_CONSUMER) timestamp=2951 ms, used_size=10897408 bytes (26.6%)
(RDMA_READ_CONSUME_CHECK_CONSUMER) timestamp=2951 ms, used_size=10895360 bytes (26.6%)
(RDMA_READ_CONSUME_CHECK_CONSUMER) timestamp=2951 ms, used_size=10893312 bytes (26.6%)
(RDMA_READ_CONSUME_CHECK_CONSUMER) timestamp=2951 ms, used_size=10891264 bytes (26.6%)
(RDMA_READ_CONSUME_CHECK_CONSUMER) timestamp=2951 ms, used_size=10889216 bytes (26.6%)
(RDMA_READ_CONSUME_CHECK_CONSUMER) timestamp=2951 ms, used_size=10887168 bytes (26.6%)
(RDMA_READ_CONSUME_CHECK_CONSUMER) timestamp=2951 ms, used_size=10885120 bytes (26.6%)
(RDMA_READ_CONSUME_CHECK_CONSUMER) timestamp=2951 ms, used_size=10883072 bytes (26.6%)
(RDMA_READ_CONSUME_CHECK_CONSUMER) timestamp=2951 ms, used_size=10881024 bytes (26.6%)
(RDMA_READ_CONSUME_CHECK_CONSUMER) timestamp=2951 ms, used_size=10878976 bytes (26.6%)
(RDMA_READ_CONSUME_CHECK_CONSUMER) timestamp=2951 ms, used_size=10876928 bytes (26.6%)
(RDMA_READ_CONSUME_CHECK_CONSUMER) timestamp=2951 ms, used_size=10874880 bytes (26.6%)
(RDMA_READ_CONSUME_CHECK_CONSUMER) timestamp=2951 ms, used_size=10872832 bytes (26.5%)
(RDMA_READ_CONSUME_CHECK_CONSUMER) timestamp=2951 ms, used_size=10870784 bytes (26.5%)
(RDMA_READ_CONSUME_CHECK_CONSUMER) timestamp=2951 ms, used_size=10868736 bytes (26.5%)
(RDMA_READ_CONSUME_CHECK_CONSUMER) timestamp=2951 ms, used_size=10866688 bytes (26.5%)
(RDMA_READ_CONSUME_CHECK_CONSUMER) timestamp=2951 ms, used_size=10864640 bytes (26.5%)
(RDMA_READ_CONSUME_CHECK_CONSUMER) timestamp=2951 ms, used_size=10862592 bytes (26.5%)
(RDMA_READ_CONSUME_CHECK_CONSUMER) timestamp=2951 ms, used_size=10860544 bytes (26.5%)
(RDMA_READ_CONSUME_CHECK_CONSUMER) timestamp=2951 ms, used_size=10858496 bytes (26.5%)
(RDMA_READ_CONSUME_CHECK_CONSUMER) timestamp=2951 ms, used_size=10856448 bytes (26.5%)
(RDMA_READ_CONSUME_CHECK_CONSUMER) timestamp=2951 ms, used_size=10854400 bytes (26.5%)
(RDMA_READ_CONSUME_CHECK_CONSUMER) timestamp=2951 ms, used_size=10852352 bytes (26.5%)
(RDMA_READ_CONSUME_CHECK_CONSUMER) timestamp=2951 ms, used_size=10850304 bytes (26.5%)
(RDMA_READ_CONSUME_CHECK_CONSUMER) timestamp=2951 ms, used_size=10848256 bytes (26.5%)
(RDMA_READ_CONSUME_CHECK_CONSUMER) timestamp=2951 ms, used_size=10846208 bytes (26.5%)
(RDMA_READ_CONSUME_CHECK_CONSUMER) timestamp=2951 ms, used_size=10844160 bytes (26.5%)
(RDMA_READ_CONSUME_CHECK_CONSUMER) timestamp=2951 ms, used_size=10842112 bytes (26.5%)
(RDMA_READ_CONSUME_CHECK_CONSUMER) timestamp=2951 ms, used_size=10840064 bytes (26.5%)
(RDMA_READ_CONSUME_CHECK_CONSUMER) timestamp=2951 ms, used_size=10838016 bytes (26.5%)
(RDMA_READ_CONSUME_CHECK_CONSUMER) timestamp=2951 ms, used_size=10835968 bytes (26.5%)
(RDMA_READ_CONSUME_CHECK_CONSUMER) timestamp=2951 ms, used_size=10833920 bytes (26.4%)
(RDMA_READ_CONSUME_CHECK_CONSUMER) timestamp=2951 ms, used_size=10831872 bytes (26.4%)
(RDMA_READ_CONSUME_CHECK_CONSUMER) timestamp=2951 ms, used_size=10829824 bytes (26.4%)
(RDMA_READ_CONSUME_CHECK_CONSUMER) timestamp=2951 ms, used_size=10827776 bytes (26.4%)
(RDMA_READ_CONSUME_CHECK_CONSUMER) timestamp=2951 ms, used_size=10825728 bytes (26.4%)
(RDMA_READ_CONSUME_CHECK_CONSUMER) timestamp=2951 ms, used_size=10823680 bytes (26.4%)
(RDMA_READ_CONSUME_CHECK_CONSUMER) timestamp=2951 ms, used_size=10821632 bytes (26.4%)
(RDMA_READ_CONSUME_CHECK_CONSUMER) timestamp=2951 ms, used_size=10819584 bytes (26.4%)
(RDMA_READ_CONSUME_CHECK_CONSUMER) timestamp=2951 ms, used_size=10817536 bytes (26.4%)
(RDMA_READ_CONSUME_CHECK_CONSUMER) timestamp=2951 ms, used_size=10815488 bytes (26.4%)
(RDMA_READ_CONSUME_CHECK_CONSUMER) timestamp=2951 ms, used_size=10813440 bytes (26.4%)
(RDMA_READ_CONSUME_CHECK_CONSUMER) timestamp=2951 ms, used_size=10811392 bytes (26.4%)
(RDMA_READ_CONSUME_CHECK_CONSUMER) timestamp=2951 ms, used_size=10809344 bytes (26.4%)
(RDMA_READ_CONSUME_CHECK_CONSUMER) timestamp=2951 ms, used_size=10807296 bytes (26.4%)
(RDMA_READ_CONSUME_CHECK_CONSUMER) timestamp=2951 ms, used_size=10805248 bytes (26.4%)
(RDMA_READ_CONSUME_CHECK_CONSUMER) timestamp=2951 ms, used_size=10803200 bytes (26.4%)
(RDMA_READ_CONSUME_CHECK_CONSUMER) timestamp=2951 ms, used_size=10801152 bytes (26.4%)
(RDMA_READ_CONSUME_CHECK_CONSUMER) timestamp=2951 ms, used_size=10799104 bytes (26.4%)
(RDMA_READ_CONSUME_CHECK_CONSUMER) timestamp=2951 ms, used_size=10797056 bytes (26.4%)
(RDMA_READ_CONSUME_CHECK_CONSUMER) timestamp=2951 ms, used_size=10795008 bytes (26.4%)
(RDMA_READ_CONSUME_CHECK_CONSUMER) timestamp=2951 ms, used_size=10792960 bytes (26.4%)
(RDMA_READ_CONSUME_CHECK_CONSUMER) timestamp=2951 ms, used_size=10790912 bytes (26.3%)
(RDMA_READ_CONSUME_CHECK_CONSUMER) timestamp=2951 ms, used_size=10788864 bytes (26.3%)
(RDMA_READ_CONSUME_CHECK_CONSUMER) timestamp=2951 ms, used_size=10786816 bytes (26.3%)
(RDMA_READ_CONSUME_CHECK_CONSUMER) timestamp=2951 ms, used_size=10784768 bytes (26.3%)
(RDMA_READ_CONSUME_CHECK_CONSUMER) timestamp=2951 ms, used_size=10782720 bytes (26.3%)
(RDMA_READ_CONSUME_CHECK_CONSUMER) timestamp=2951 ms, used_size=10780672 bytes (26.3%)
(RDMA_READ_CONSUME_CHECK_CONSUMER) timestamp=2951 ms, used_size=10778624 bytes (26.3%)
(RDMA_READ_CONSUME_CHECK_CONSUMER) timestamp=2951 ms, used_size=10776576 bytes (26.3%)
(RDMA_READ_CONSUME_CHECK_CONSUMER) timestamp=2951 ms, used_size=10774528 bytes (26.3%)
(RDMA_READ_CONSUME_CHECK_CONSUMER) timestamp=2951 ms, used_size=10772480 bytes (26.3%)
(RDMA_READ_CONSUME_CHECK_CONSUMER) timestamp=2951 ms, used_size=10770432 bytes (26.3%)
(RDMA_READ_CONSUME_CHECK_CONSUMER) timestamp=2951 ms, used_size=10768384 bytes (26.3%)
(RDMA_READ_CONSUME_CHECK_CONSUMER) timestamp=2951 ms, used_size=10766336 bytes (26.3%)
(RDMA_READ_CONSUME_CHECK_CONSUMER) timestamp=2951 ms, used_size=10764288 bytes (26.3%)
(RDMA_READ_CONSUME_CHECK_CONSUMER) timestamp=2951 ms, used_size=10762240 bytes (26.3%)
(RDMA_READ_CONSUME_CHECK_CONSUMER) timestamp=2951 ms, used_size=10760192 bytes (26.3%)
(RDMA_READ_CONSUME_CHECK_CONSUMER) timestamp=2951 ms, used_size=10758144 bytes (26.3%)
(RDMA_READ_CONSUME_CHECK_CONSUMER) timestamp=2951 ms, used_size=10756096 bytes (26.3%)
(RDMA_READ_CONSUME_CHECK_CONSUMER) timestamp=2951 ms, used_size=10754048 bytes (26.3%)
(RDMA_READ_CONSUME_CHECK_CONSUMER) timestamp=2951 ms, used_size=10752000 bytes (26.2%)
(RDMA_READ_CONSUME_CHECK_CONSUMER) timestamp=2951 ms, used_size=10749952 bytes (26.2%)
(RDMA_READ_CONSUME_CHECK_CONSUMER) timestamp=2951 ms, used_size=10747904 bytes (26.2%)
(RDMA_READ_CONSUME_CHECK_CONSUMER) timestamp=2951 ms, used_size=10745856 bytes (26.2%)
(RDMA_READ_CONSUME_CHECK_CONSUMER) timestamp=2951 ms, used_size=10743808 bytes (26.2%)
(RDMA_READ_CONSUME_CHECK_CONSUMER) timestamp=2951 ms, used_size=10741760 bytes (26.2%)
(RDMA_READ_CONSUME_CHECK_CONSUMER) timestamp=2951 ms, used_size=10739712 bytes (26.2%)
(RDMA_READ_CONSUME_CHECK_CONSUMER) timestamp=2951 ms, used_size=10737664 bytes (26.2%)
(RDMA_READ_CONSUME_CHECK_CONSUMER) timestamp=2951 ms, used_size=10735616 bytes (26.2%)
(RDMA_READ_CONSUME_CHECK_CONSUMER) timestamp=2951 ms, used_size=10733568 bytes (26.2%)
(RDMA_READ_CONSUME_CHECK_CONSUMER) timestamp=2951 ms, used_size=10731520 bytes (26.2%)
(RDMA_READ_CONSUME_CHECK_CONSUMER) timestamp=2951 ms, used_size=10729472 bytes (26.2%)
(RDMA_READ_CONSUME_CHECK_CONSUMER) timestamp=2952 ms, used_size=10727424 bytes (26.2%)
(RDMA_READ_CONSUME_CHECK_CONSUMER) timestamp=2952 ms, used_size=10725376 bytes (26.2%)
(RDMA_READ_CONSUME_CHECK_CONSUMER) timestamp=2952 ms, used_size=10723328 bytes (26.2%)
(RDMA_READ_CONSUME_CHECK_CONSUMER) timestamp=2952 ms, used_size=10721280 bytes (26.2%)
(RDMA_READ_CONSUME_CHECK_CONSUMER) timestamp=2952 ms, used_size=10719232 bytes (26.2%)
(RDMA_READ_CONSUME_CHECK_CONSUMER) timestamp=2952 ms, used_size=10717184 bytes (26.2%)
(RDMA_READ_CONSUME_CHECK_CONSUMER) timestamp=2952 ms, used_size=10715136 bytes (26.2%)
(RDMA_READ_CONSUME_CHECK_CONSUMER) timestamp=2952 ms, used_size=10713088 bytes (26.2%)
(RDMA_READ_CONSUME_CHECK_CONSUMER) timestamp=2952 ms, used_size=10711040 bytes (26.1%)
(RDMA_READ_CONSUME_CHECK_CONSUMER) timestamp=2952 ms, used_size=10708992 bytes (26.1%)
(RDMA_READ_CONSUME_CHECK_CONSUMER) timestamp=2952 ms, used_size=10706944 bytes (26.1%)
(RDMA_READ_CONSUME_CHECK_CONSUMER) timestamp=2952 ms, used_size=10704896 bytes (26.1%)
(RDMA_READ_CONSUME_CHECK_CONSUMER) timestamp=2952 ms, used_size=10702848 bytes (26.1%)
(RDMA_READ_CONSUME_CHECK_CONSUMER) timestamp=2952 ms, used_size=10700800 bytes (26.1%)
(RDMA_READ_CONSUME_CHECK_CONSUMER) timestamp=2952 ms, used_size=10698752 bytes (26.1%)
(RDMA_READ_CONSUME_CHECK_CONSUMER) timestamp=2952 ms, used_size=10696704 bytes (26.1%)
(RDMA_READ_CONSUME_CHECK_CONSUMER) timestamp=2952 ms, used_size=10694656 bytes (26.1%)
(RDMA_READ_CONSUME_CHECK_CONSUMER) timestamp=2952 ms, used_size=10692608 bytes (26.1%)
(RDMA_READ_CONSUME_CHECK_CONSUMER) timestamp=2952 ms, used_size=10690560 bytes (26.1%)
(RDMA_READ_CONSUME_CHECK_CONSUMER) timestamp=2952 ms, used_size=10688512 bytes (26.1%)
(RDMA_READ_CONSUME_CHECK_CONSUMER) timestamp=2952 ms, used_size=10686464 bytes (26.1%)
(RDMA_READ_CONSUME_CHECK_CONSUMER) timestamp=2952 ms, used_size=10684416 bytes (26.1%)
(RDMA_READ_CONSUME_CHECK_CONSUMER) timestamp=2952 ms, used_size=10682368 bytes (26.1%)
(RDMA_READ_CONSUME_CHECK_CONSUMER) timestamp=2952 ms, used_size=10680320 bytes (26.1%)
(RDMA_READ_CONSUME_CHECK_CONSUMER) timestamp=2952 ms, used_size=10678272 bytes (26.1%)
(RDMA_READ_CONSUME_CHECK_CONSUMER) timestamp=2952 ms, used_size=10676224 bytes (26.1%)
(RDMA_READ_CONSUME_CHECK_CONSUMER) timestamp=2952 ms, used_size=10674176 bytes (26.1%)
(RDMA_READ_CONSUME_CHECK_CONSUMER) timestamp=2952 ms, used_size=10672128 bytes (26.1%)
(RDMA_READ_CONSUME_CHECK_CONSUMER) timestamp=2952 ms, used_size=10670080 bytes (26.1%)
(RDMA_READ_CONSUME_CHECK_CONSUMER) timestamp=2952 ms, used_size=10668032 bytes (26.0%)
(RDMA_READ_CONSUME_CHECK_CONSUMER) timestamp=2952 ms, used_size=10665984 bytes (26.0%)
(RDMA_READ_CONSUME_CHECK_CONSUMER) timestamp=2952 ms, used_size=10663936 bytes (26.0%)
(RDMA_READ_CONSUME_CHECK_CONSUMER) timestamp=2952 ms, used_size=10661888 bytes (26.0%)
(RDMA_READ_CONSUME_CHECK_CONSUMER) timestamp=2952 ms, used_size=10659840 bytes (26.0%)
(RDMA_READ_CONSUME_CHECK_CONSUMER) timestamp=2952 ms, used_size=10657792 bytes (26.0%)
(RDMA_READ_CONSUME_CHECK_CONSUMER) timestamp=2952 ms, used_size=10655744 bytes (26.0%)
(RDMA_READ_CONSUME_CHECK_CONSUMER) timestamp=2952 ms, used_size=10653696 bytes (26.0%)
(RDMA_READ_CONSUME_CHECK_CONSUMER) timestamp=2952 ms, used_size=10651648 bytes (26.0%)
(RDMA_READ_CONSUME_CHECK_CONSUMER) timestamp=2952 ms, used_size=10649600 bytes (26.0%)
(RDMA_READ_CONSUME_CHECK_CONSUMER) timestamp=2952 ms, used_size=10647552 bytes (26.0%)
(RDMA_READ_CONSUME_CHECK_CONSUMER) timestamp=2952 ms, used_size=10645504 bytes (26.0%)
(RDMA_READ_CONSUME_CHECK_CONSUMER) timestamp=2952 ms, used_size=10643456 bytes (26.0%)
(RDMA_READ_CONSUME_CHECK_CONSUMER) timestamp=2952 ms, used_size=10641408 bytes (26.0%)
(RDMA_READ_CONSUME_CHECK_CONSUMER) timestamp=2952 ms, used_size=10639360 bytes (26.0%)
(RDMA_READ_CONSUME_CHECK_CONSUMER) timestamp=2952 ms, used_size=10637312 bytes (26.0%)
(RDMA_READ_CONSUME_CHECK_CONSUMER) timestamp=2952 ms, used_size=10635264 bytes (26.0%)
(RDMA_READ_CONSUME_CHECK_CONSUMER) timestamp=2952 ms, used_size=10633216 bytes (26.0%)
(RDMA_READ_CONSUME_CHECK_CONSUMER) timestamp=2952 ms, used_size=10631168 bytes (26.0%)
(RDMA_READ_CONSUME_CHECK_CONSUMER) timestamp=2952 ms, used_size=10629120 bytes (25.9%)
(RDMA_READ_CONSUME_CHECK_CONSUMER) timestamp=2952 ms, used_size=10627072 bytes (25.9%)
(RDMA_READ_CONSUME_CHECK_CONSUMER) timestamp=2952 ms, used_size=10625024 bytes (25.9%)
(RDMA_READ_CONSUME_CHECK_CONSUMER) timestamp=2952 ms, used_size=10622976 bytes (25.9%)
(RDMA_READ_CONSUME_CHECK_CONSUMER) timestamp=2952 ms, used_size=10620928 bytes (25.9%)
(RDMA_READ_CONSUME_CHECK_CONSUMER) timestamp=2952 ms, used_size=10618880 bytes (25.9%)
(RDMA_READ_CONSUME_CHECK_CONSUMER) timestamp=2952 ms, used_size=10616832 bytes (25.9%)
(RDMA_READ_CONSUME_CHECK_CONSUMER) timestamp=2952 ms, used_size=10614784 bytes (25.9%)
(RDMA_READ_CONSUME_CHECK_CONSUMER) timestamp=2952 ms, used_size=10612736 bytes (25.9%)
(RDMA_READ_CONSUME_CHECK_CONSUMER) timestamp=2952 ms, used_size=10610688 bytes (25.9%)
(RDMA_READ_CONSUME_CHECK_CONSUMER) timestamp=2952 ms, used_size=10608640 bytes (25.9%)
(RDMA_READ_CONSUME_CHECK_CONSUMER) timestamp=2952 ms, used_size=10606592 bytes (25.9%)
(RDMA_READ_CONSUME_CHECK_CONSUMER) timestamp=2952 ms, used_size=10604544 bytes (25.9%)
(RDMA_READ_CONSUME_CHECK_CONSUMER) timestamp=2952 ms, used_size=10602496 bytes (25.9%)
(RDMA_READ_CONSUME_CHECK_CONSUMER) timestamp=2952 ms, used_size=10600448 bytes (25.9%)
(RDMA_READ_CONSUME_CHECK_CONSUMER) timestamp=2952 ms, used_size=10598400 bytes (25.9%)
(RDMA_READ_CONSUME_CHECK_CONSUMER) timestamp=2952 ms, used_size=10596352 bytes (25.9%)
(RDMA_READ_CONSUME_CHECK_CONSUMER) timestamp=2952 ms, used_size=10594304 bytes (25.9%)
(RDMA_READ_CONSUME_CHECK_CONSUMER) timestamp=2952 ms, used_size=10592256 bytes (25.9%)
(RDMA_READ_CONSUME_CHECK_CONSUMER) timestamp=2952 ms, used_size=10590208 bytes (25.9%)
(RDMA_READ_CONSUME_CHECK_CONSUMER) timestamp=2952 ms, used_size=10588160 bytes (25.9%)
(RDMA_READ_CONSUME_CHECK_CONSUMER) timestamp=2952 ms, used_size=10586112 bytes (25.8%)
(RDMA_READ_CONSUME_CHECK_CONSUMER) timestamp=2952 ms, used_size=10584064 bytes (25.8%)
(RDMA_READ_CONSUME_CHECK_CONSUMER) timestamp=2952 ms, used_size=10582016 bytes (25.8%)
(RDMA_READ_CONSUME_CHECK_CONSUMER) timestamp=2952 ms, used_size=10579968 bytes (25.8%)
(RDMA_READ_CONSUME_CHECK_CONSUMER) timestamp=2952 ms, used_size=10577920 bytes (25.8%)
(RDMA_READ_CONSUME_CHECK_CONSUMER) timestamp=2952 ms, used_size=10575872 bytes (25.8%)
(RDMA_READ_CONSUME_CHECK_CONSUMER) timestamp=2952 ms, used_size=10573824 bytes (25.8%)
(RDMA_READ_CONSUME_CHECK_CONSUMER) timestamp=2952 ms, used_size=10571776 bytes (25.8%)
(RDMA_READ_CONSUME_CHECK_CONSUMER) timestamp=2952 ms, used_size=10569728 bytes (25.8%)
(RDMA_READ_CONSUME_CHECK_CONSUMER) timestamp=2952 ms, used_size=10567680 bytes (25.8%)
(RDMA_READ_CONSUME_CHECK_CONSUMER) timestamp=2952 ms, used_size=10565632 bytes (25.8%)
(RDMA_READ_CONSUME_CHECK_CONSUMER) timestamp=2952 ms, used_size=10563584 bytes (25.8%)
(RDMA_READ_CONSUME_CHECK_CONSUMER) timestamp=2952 ms, used_size=10561536 bytes (25.8%)
(RDMA_READ_CONSUME_CHECK_CONSUMER) timestamp=2952 ms, used_size=10559488 bytes (25.8%)
(RDMA_READ_CONSUME_CHECK_CONSUMER) timestamp=2952 ms, used_size=10557440 bytes (25.8%)
(RDMA_READ_CONSUME_CHECK_CONSUMER) timestamp=2952 ms, used_size=10555392 bytes (25.8%)
(RDMA_READ_CONSUME_CHECK_CONSUMER) timestamp=2952 ms, used_size=10553344 bytes (25.8%)
(RDMA_READ_CONSUME_CHECK_CONSUMER) timestamp=2952 ms, used_size=10551296 bytes (25.8%)
(RDMA_READ_CONSUME_CHECK_CONSUMER) timestamp=2952 ms, used_size=10549248 bytes (25.8%)
(RDMA_READ_CONSUME_CHECK_CONSUMER) timestamp=2952 ms, used_size=10547200 bytes (25.8%)
(RDMA_READ_CONSUME_CHECK_CONSUMER) timestamp=2952 ms, used_size=10545152 bytes (25.7%)
(RDMA_READ_CONSUME_CHECK_CONSUMER) timestamp=2952 ms, used_size=10543104 bytes (25.7%)
(RDMA_READ_CONSUME_CHECK_CONSUMER) timestamp=2952 ms, used_size=10541056 bytes (25.7%)
(RDMA_READ_CONSUME_CHECK_CONSUMER) timestamp=2952 ms, used_size=10539008 bytes (25.7%)
(RDMA_READ_CONSUME_CHECK_CONSUMER) timestamp=2952 ms, used_size=10536960 bytes (25.7%)
(RDMA_READ_CONSUME_CHECK_CONSUMER) timestamp=2952 ms, used_size=10534912 bytes (25.7%)
(RDMA_READ_CONSUME_CHECK_CONSUMER) timestamp=2952 ms, used_size=10532864 bytes (25.7%)
(RDMA_READ_CONSUME_CHECK_CONSUMER) timestamp=2952 ms, used_size=10530816 bytes (25.7%)
(RDMA_READ_CONSUME_CHECK_CONSUMER) timestamp=2952 ms, used_size=10528768 bytes (25.7%)
(RDMA_READ_CONSUME_CHECK_CONSUMER) timestamp=2952 ms, used_size=10526720 bytes (25.7%)
(RDMA_READ_CONSUME_CHECK_CONSUMER) timestamp=2952 ms, used_size=10524672 bytes (25.7%)
(RDMA_READ_CONSUME_CHECK_CONSUMER) timestamp=2952 ms, used_size=10522624 bytes (25.7%)
(RDMA_READ_CONSUME_CHECK_CONSUMER) timestamp=2952 ms, used_size=10520576 bytes (25.7%)
(RDMA_READ_CONSUME_CHECK_CONSUMER) timestamp=2952 ms, used_size=10518528 bytes (25.7%)
(RDMA_READ_CONSUME_CHECK_CONSUMER) timestamp=2952 ms, used_size=10516480 bytes (25.7%)
(RDMA_READ_CONSUME_CHECK_CONSUMER) timestamp=2952 ms, used_size=10514432 bytes (25.7%)
(RDMA_READ_CONSUME_CHECK_CONSUMER) timestamp=2952 ms, used_size=10512384 bytes (25.7%)
(RDMA_READ_CONSUME_CHECK_CONSUMER) timestamp=2952 ms, used_size=10510336 bytes (25.7%)
(RDMA_READ_CONSUME_CHECK_CONSUMER) timestamp=2952 ms, used_size=10508288 bytes (25.7%)
(RDMA_READ_CONSUME_CHECK_CONSUMER) timestamp=2952 ms, used_size=10506240 bytes (25.6%)
(RDMA_READ_CONSUME_CHECK_CONSUMER) timestamp=2952 ms, used_size=10504192 bytes (25.6%)
(RDMA_READ_CONSUME_CHECK_CONSUMER) timestamp=2952 ms, used_size=10502144 bytes (25.6%)
(RDMA_READ_CONSUME_CHECK_CONSUMER) timestamp=2952 ms, used_size=10500096 bytes (25.6%)
(RDMA_READ_CONSUME_CHECK_CONSUMER) timestamp=2952 ms, used_size=10498048 bytes (25.6%)
(RDMA_READ_CONSUME_CHECK_CONSUMER) timestamp=2952 ms, used_size=10496000 bytes (25.6%)
(RDMA_READ_CONSUME_CHECK_CONSUMER) timestamp=2952 ms, used_size=10493952 bytes (25.6%)
(RDMA_READ_CONSUME_CHECK_CONSUMER) timestamp=2952 ms, used_size=10491904 bytes (25.6%)
(RDMA_READ_CONSUME_CHECK_CONSUMER) timestamp=2952 ms, used_size=10489856 bytes (25.6%)
(RDMA_READ_CONSUME_CHECK_CONSUMER) timestamp=2952 ms, used_size=10487808 bytes (25.6%)
(RDMA_READ_CONSUME_CHECK_CONSUMER) timestamp=2952 ms, used_size=10485760 bytes (25.6%)
(RDMA_READ_CONSUME_CHECK_CONSUMER) timestamp=2952 ms, used_size=10483712 bytes (25.6%)
(RDMA_READ_CONSUME_CHECK_CONSUMER) timestamp=2952 ms, used_size=10481664 bytes (25.6%)
(RDMA_READ_CONSUME_CHECK_CONSUMER) timestamp=2952 ms, used_size=10479616 bytes (25.6%)
(RDMA_READ_CONSUME_CHECK_CONSUMER) timestamp=2952 ms, used_size=10477568 bytes (25.6%)
(RDMA_READ_CONSUME_CHECK_CONSUMER) timestamp=2952 ms, used_size=10475520 bytes (25.6%)
(RDMA_READ_CONSUME_CHECK_CONSUMER) timestamp=2952 ms, used_size=10473472 bytes (25.6%)
(RDMA_READ_CONSUME_CHECK_CONSUMER) timestamp=2952 ms, used_size=10471424 bytes (25.6%)
(RDMA_READ_CONSUME_CHECK_CONSUMER) timestamp=2952 ms, used_size=10469376 bytes (25.6%)
(RDMA_READ_CONSUME_CHECK_CONSUMER) timestamp=2952 ms, used_size=10467328 bytes (25.6%)
(RDMA_READ_CONSUME_CHECK_CONSUMER) timestamp=2952 ms, used_size=10465280 bytes (25.6%)
(RDMA_READ_CONSUME_CHECK_CONSUMER) timestamp=2952 ms, used_size=10463232 bytes (25.5%)
(RDMA_READ_CONSUME_CHECK_CONSUMER) timestamp=2952 ms, used_size=10461184 bytes (25.5%)
(RDMA_READ_CONSUME_CHECK_CONSUMER) timestamp=2952 ms, used_size=10459136 bytes (25.5%)
(RDMA_READ_CONSUME_CHECK_CONSUMER) timestamp=2952 ms, used_size=10457088 bytes (25.5%)
(RDMA_READ_CONSUME_CHECK_CONSUMER) timestamp=2952 ms, used_size=10455040 bytes (25.5%)
(RDMA_READ_CONSUME_CHECK_CONSUMER) timestamp=2952 ms, used_size=10452992 bytes (25.5%)
(RDMA_READ_CONSUME_CHECK_CONSUMER) timestamp=2952 ms, used_size=10450944 bytes (25.5%)
(RDMA_READ_CONSUME_CHECK_CONSUMER) timestamp=2952 ms, used_size=10448896 bytes (25.5%)
(RDMA_READ_CONSUME_CHECK_CONSUMER) timestamp=2952 ms, used_size=10446848 bytes (25.5%)
(RDMA_READ_CONSUME_CHECK_CONSUMER) timestamp=2952 ms, used_size=10444800 bytes (25.5%)
(RDMA_READ_CONSUME_CHECK_CONSUMER) timestamp=2952 ms, used_size=10442752 bytes (25.5%)
(RDMA_READ_CONSUME_CHECK_CONSUMER) timestamp=2952 ms, used_size=10440704 bytes (25.5%)
(RDMA_READ_CONSUME_CHECK_CONSUMER) timestamp=2952 ms, used_size=10438656 bytes (25.5%)
(RDMA_READ_CONSUME_CHECK_CONSUMER) timestamp=2952 ms, used_size=10436608 bytes (25.5%)
(RDMA_READ_CONSUME_CHECK_CONSUMER) timestamp=2952 ms, used_size=10434560 bytes (25.5%)
(RDMA_READ_CONSUME_CHECK_CONSUMER) timestamp=2952 ms, used_size=10432512 bytes (25.5%)
(RDMA_READ_CONSUME_CHECK_CONSUMER) timestamp=2952 ms, used_size=10430464 bytes (25.5%)
(RDMA_READ_CONSUME_CHECK_CONSUMER) timestamp=2952 ms, used_size=10428416 bytes (25.5%)
(RDMA_READ_CONSUME_CHECK_CONSUMER) timestamp=2952 ms, used_size=10426368 bytes (25.5%)
(RDMA_READ_CONSUME_CHECK_CONSUMER) timestamp=2952 ms, used_size=10424320 bytes (25.4%)
(RDMA_READ_CONSUME_CHECK_CONSUMER) timestamp=2952 ms, used_size=10422272 bytes (25.4%)
(RDMA_READ_CONSUME_CHECK_CONSUMER) timestamp=2952 ms, used_size=10420224 bytes (25.4%)
(RDMA_READ_CONSUME_CHECK_CONSUMER) timestamp=2952 ms, used_size=10418176 bytes (25.4%)
(RDMA_READ_CONSUME_CHECK_CONSUMER) timestamp=2952 ms, used_size=10416128 bytes (25.4%)
(RDMA_READ_CONSUME_CHECK_CONSUMER) timestamp=2952 ms, used_size=10414080 bytes (25.4%)
(RDMA_READ_CONSUME_CHECK_CONSUMER) timestamp=2952 ms, used_size=10412032 bytes (25.4%)
(RDMA_READ_CONSUME_CHECK_CONSUMER) timestamp=2952 ms, used_size=10409984 bytes (25.4%)
(RDMA_READ_CONSUME_CHECK_CONSUMER) timestamp=2952 ms, used_size=10407936 bytes (25.4%)
(RDMA_READ_CONSUME_CHECK_CONSUMER) timestamp=2952 ms, used_size=10405888 bytes (25.4%)
(RDMA_READ_CONSUME_CHECK_CONSUMER) timestamp=2952 ms, used_size=10403840 bytes (25.4%)
(RDMA_READ_CONSUME_CHECK_CONSUMER) timestamp=2952 ms, used_size=10401792 bytes (25.4%)
(RDMA_READ_CONSUME_CHECK_CONSUMER) timestamp=2952 ms, used_size=10399744 bytes (25.4%)
(RDMA_READ_CONSUME_CHECK_CONSUMER) timestamp=2952 ms, used_size=10397696 bytes (25.4%)
(RDMA_READ_CONSUME_CHECK_CONSUMER) timestamp=2952 ms, used_size=10395648 bytes (25.4%)
(RDMA_READ_CONSUME_CHECK_CONSUMER) timestamp=2952 ms, used_size=10393600 bytes (25.4%)
(RDMA_READ_CONSUME_CHECK_CONSUMER) timestamp=2952 ms, used_size=10391552 bytes (25.4%)
(RDMA_READ_CONSUME_CHECK_CONSUMER) timestamp=2952 ms, used_size=10389504 bytes (25.4%)
(RDMA_READ_CONSUME_CHECK_CONSUMER) timestamp=2952 ms, used_size=10387456 bytes (25.4%)
(RDMA_READ_CONSUME_CHECK_CONSUMER) timestamp=2952 ms, used_size=10385408 bytes (25.4%)
(RDMA_READ_CONSUME_CHECK_CONSUMER) timestamp=2952 ms, used_size=10383360 bytes (25.4%)
(RDMA_READ_CONSUME_CHECK_CONSUMER) timestamp=2952 ms, used_size=10381312 bytes (25.3%)
(RDMA_READ_CONSUME_CHECK_CONSUMER) timestamp=2952 ms, used_size=10379264 bytes (25.3%)
(RDMA_READ_CONSUME_CHECK_CONSUMER) timestamp=2952 ms, used_size=10377216 bytes (25.3%)
(RDMA_READ_CONSUME_CHECK_CONSUMER) timestamp=2952 ms, used_size=10375168 bytes (25.3%)
(RDMA_READ_CONSUME_CHECK_CONSUMER) timestamp=2952 ms, used_size=10373120 bytes (25.3%)
(RDMA_READ_CONSUME_CHECK_CONSUMER) timestamp=2952 ms, used_size=10371072 bytes (25.3%)
(RDMA_READ_CONSUME_CHECK_CONSUMER) timestamp=2953 ms, used_size=10369024 bytes (25.3%)
(RDMA_READ_CONSUME_CHECK_CONSUMER) timestamp=2953 ms, used_size=10366976 bytes (25.3%)
(RDMA_READ_CONSUME_CHECK_CONSUMER) timestamp=2953 ms, used_size=10364928 bytes (25.3%)
(RDMA_READ_CONSUME_CHECK_CONSUMER) timestamp=2953 ms, used_size=10362880 bytes (25.3%)
(RDMA_READ_CONSUME_CHECK_CONSUMER) timestamp=2953 ms, used_size=10360832 bytes (25.3%)
(RDMA_READ_CONSUME_CHECK_CONSUMER) timestamp=2953 ms, used_size=10358784 bytes (25.3%)
(RDMA_READ_CONSUME_CHECK_CONSUMER) timestamp=2953 ms, used_size=10356736 bytes (25.3%)
(RDMA_READ_CONSUME_CHECK_CONSUMER) timestamp=2953 ms, used_size=10354688 bytes (25.3%)
(RDMA_READ_CONSUME_CHECK_CONSUMER) timestamp=2953 ms, used_size=10352640 bytes (25.3%)
(RDMA_READ_CONSUME_CHECK_CONSUMER) timestamp=2953 ms, used_size=10350592 bytes (25.3%)
(RDMA_READ_CONSUME_CHECK_CONSUMER) timestamp=2953 ms, used_size=10348544 bytes (25.3%)
(RDMA_READ_CONSUME_CHECK_CONSUMER) timestamp=2953 ms, used_size=10346496 bytes (25.3%)
(RDMA_READ_CONSUME_CHECK_CONSUMER) timestamp=2953 ms, used_size=10344448 bytes (25.3%)
(RDMA_READ_CONSUME_CHECK_CONSUMER) timestamp=2953 ms, used_size=10342400 bytes (25.2%)
(RDMA_READ_CONSUME_CHECK_CONSUMER) timestamp=2953 ms, used_size=10340352 bytes (25.2%)
(RDMA_READ_CONSUME_CHECK_CONSUMER) timestamp=2953 ms, used_size=10338304 bytes (25.2%)
(RDMA_READ_CONSUME_CHECK_CONSUMER) timestamp=2953 ms, used_size=10336256 bytes (25.2%)
(RDMA_READ_CONSUME_CHECK_CONSUMER) timestamp=2953 ms, used_size=10334208 bytes (25.2%)
(RDMA_READ_CONSUME_CHECK_CONSUMER) timestamp=2953 ms, used_size=10332160 bytes (25.2%)
(RDMA_READ_CONSUME_CHECK_CONSUMER) timestamp=2953 ms, used_size=10330112 bytes (25.2%)
(RDMA_READ_CONSUME_CHECK_CONSUMER) timestamp=2953 ms, used_size=10328064 bytes (25.2%)
(RDMA_READ_CONSUME_CHECK_CONSUMER) timestamp=2953 ms, used_size=10326016 bytes (25.2%)
(RDMA_READ_CONSUME_CHECK_CONSUMER) timestamp=2953 ms, used_size=10323968 bytes (25.2%)
(RDMA_READ_CONSUME_CHECK_CONSUMER) timestamp=2953 ms, used_size=10321920 bytes (25.2%)
(RDMA_READ_CONSUME_CHECK_CONSUMER) timestamp=2953 ms, used_size=10319872 bytes (25.2%)
(RDMA_READ_CONSUME_CHECK_CONSUMER) timestamp=2953 ms, used_size=10317824 bytes (25.2%)
(RDMA_READ_CONSUME_CHECK_CONSUMER) timestamp=2953 ms, used_size=10315776 bytes (25.2%)
(RDMA_READ_CONSUME_CHECK_CONSUMER) timestamp=2953 ms, used_size=10313728 bytes (25.2%)
(RDMA_READ_CONSUME_CHECK_CONSUMER) timestamp=2953 ms, used_size=10311680 bytes (25.2%)
(RDMA_READ_CONSUME_CHECK_CONSUMER) timestamp=2953 ms, used_size=10309632 bytes (25.2%)
(RDMA_READ_CONSUME_CHECK_CONSUMER) timestamp=2953 ms, used_size=10307584 bytes (25.2%)
(RDMA_READ_CONSUME_CHECK_CONSUMER) timestamp=2953 ms, used_size=10305536 bytes (25.2%)
(RDMA_READ_CONSUME_CHECK_CONSUMER) timestamp=2953 ms, used_size=10303488 bytes (25.2%)
(RDMA_READ_CONSUME_CHECK_CONSUMER) timestamp=2953 ms, used_size=10301440 bytes (25.1%)
(RDMA_READ_CONSUME_CHECK_CONSUMER) timestamp=2953 ms, used_size=10299392 bytes (25.1%)
(RDMA_READ_CONSUME_CHECK_CONSUMER) timestamp=2953 ms, used_size=10297344 bytes (25.1%)
(RDMA_READ_CONSUME_CHECK_CONSUMER) timestamp=2953 ms, used_size=10295296 bytes (25.1%)
(RDMA_READ_CONSUME_CHECK_CONSUMER) timestamp=2953 ms, used_size=10293248 bytes (25.1%)
(RDMA_READ_CONSUME_CHECK_CONSUMER) timestamp=2953 ms, used_size=10291200 bytes (25.1%)
(RDMA_READ_CONSUME_CHECK_CONSUMER) timestamp=2953 ms, used_size=10289152 bytes (25.1%)
(RDMA_READ_CONSUME_CHECK_CONSUMER) timestamp=2953 ms, used_size=10287104 bytes (25.1%)
(RDMA_READ_CONSUME_CHECK_CONSUMER) timestamp=2953 ms, used_size=10285056 bytes (25.1%)
(RDMA_READ_CONSUME_CHECK_CONSUMER) timestamp=2953 ms, used_size=10283008 bytes (25.1%)
(RDMA_READ_CONSUME_CHECK_CONSUMER) timestamp=2953 ms, used_size=10280960 bytes (25.1%)
(RDMA_READ_CONSUME_CHECK_CONSUMER) timestamp=2953 ms, used_size=10278912 bytes (25.1%)
(RDMA_READ_CONSUME_CHECK_CONSUMER) timestamp=2953 ms, used_size=10276864 bytes (25.1%)
(RDMA_READ_CONSUME_CHECK_CONSUMER) timestamp=2953 ms, used_size=10274816 bytes (25.1%)
(RDMA_READ_CONSUME_CHECK_CONSUMER) timestamp=2953 ms, used_size=10272768 bytes (25.1%)
(RDMA_READ_CONSUME_CHECK_CONSUMER) timestamp=2953 ms, used_size=10270720 bytes (25.1%)
(RDMA_READ_CONSUME_CHECK_CONSUMER) timestamp=2953 ms, used_size=10268672 bytes (25.1%)
(RDMA_READ_CONSUME_CHECK_CONSUMER) timestamp=2953 ms, used_size=10266624 bytes (25.1%)
(RDMA_READ_CONSUME_CHECK_CONSUMER) timestamp=2953 ms, used_size=10264576 bytes (25.1%)
(RDMA_READ_CONSUME_CHECK_CONSUMER) timestamp=2953 ms, used_size=10262528 bytes (25.1%)
(RDMA_READ_CONSUME_CHECK_CONSUMER) timestamp=2953 ms, used_size=10260480 bytes (25.1%)
(RDMA_READ_CONSUME_CHECK_CONSUMER) timestamp=2953 ms, used_size=10258432 bytes (25.0%)
(RDMA_READ_CONSUME_CHECK_CONSUMER) timestamp=2953 ms, used_size=10256384 bytes (25.0%)
(RDMA_READ_CONSUME_CHECK_CONSUMER) timestamp=2953 ms, used_size=10254336 bytes (25.0%)
(RDMA_READ_CONSUME_CHECK_CONSUMER) timestamp=2953 ms, used_size=10252288 bytes (25.0%)
(RDMA_READ_CONSUME_CHECK_CONSUMER) timestamp=2953 ms, used_size=10250240 bytes (25.0%)
(RDMA_READ_CONSUME_CHECK_CONSUMER) timestamp=2953 ms, used_size=10248192 bytes (25.0%)
(RDMA_READ_CONSUME_CHECK_CONSUMER) timestamp=2953 ms, used_size=10246144 bytes (25.0%)
(RDMA_READ_CONSUME_CHECK_CONSUMER) timestamp=2953 ms, used_size=10244096 bytes (25.0%)
(RDMA_READ_CONSUME_CHECK_CONSUMER) timestamp=2953 ms, used_size=10242048 bytes (25.0%)
(RDMA_READ_CONSUME_CHECK_CONSUMER) timestamp=2953 ms, used_size=10240000 bytes (25.0%)
(RDMA_READ_CONSUME_CHECK_CONSUMER) timestamp=2953 ms, used_size=10237952 bytes (25.0%)
(RDMA_READ_CONSUME_CHECK_CONSUMER) timestamp=2953 ms, used_size=10235904 bytes (25.0%)
(RDMA_READ_CONSUME_CHECK_CONSUMER) timestamp=2953 ms, used_size=10233856 bytes (25.0%)
(RDMA_READ_CONSUME_CHECK_CONSUMER) timestamp=2953 ms, used_size=10231808 bytes (25.0%)
(RDMA_READ_CONSUME_CHECK_CONSUMER) timestamp=2953 ms, used_size=10229760 bytes (25.0%)
(RDMA_READ_CONSUME_CHECK_CONSUMER) timestamp=2953 ms, used_size=10227712 bytes (25.0%)
(RDMA_READ_CONSUME_CHECK_CONSUMER) timestamp=2953 ms, used_size=10225664 bytes (25.0%)
(RDMA_READ_CONSUME_CHECK_CONSUMER) timestamp=2953 ms, used_size=10223616 bytes (25.0%)
(RDMA_READ_CONSUME_CHECK_CONSUMER) timestamp=2953 ms, used_size=10221568 bytes (25.0%)
(RDMA_READ_CONSUME_CHECK_CONSUMER) timestamp=2953 ms, used_size=10219520 bytes (24.9%)
(RDMA_READ_CONSUME_CHECK_CONSUMER) timestamp=2953 ms, used_size=10217472 bytes (24.9%)
(RDMA_READ_CONSUME_CHECK_CONSUMER) timestamp=2953 ms, used_size=10215424 bytes (24.9%)
(RDMA_READ_CONSUME_CHECK_CONSUMER) timestamp=2953 ms, used_size=10213376 bytes (24.9%)
(RDMA_READ_CONSUME_CHECK_CONSUMER) timestamp=2953 ms, used_size=10211328 bytes (24.9%)
(RDMA_READ_CONSUME_CHECK_CONSUMER) timestamp=2953 ms, used_size=10209280 bytes (24.9%)
(RDMA_READ_CONSUME_CHECK_CONSUMER) timestamp=2953 ms, used_size=10207232 bytes (24.9%)
(RDMA_READ_CONSUME_CHECK_CONSUMER) timestamp=2953 ms, used_size=10205184 bytes (24.9%)
(RDMA_READ_CONSUME_CHECK_CONSUMER) timestamp=2953 ms, used_size=10203136 bytes (24.9%)
(RDMA_READ_CONSUME_CHECK_CONSUMER) timestamp=2953 ms, used_size=10201088 bytes (24.9%)
(RDMA_READ_CONSUME_CHECK_CONSUMER) timestamp=2953 ms, used_size=10199040 bytes (24.9%)
(RDMA_READ_CONSUME_CHECK_CONSUMER) timestamp=2953 ms, used_size=10196992 bytes (24.9%)
(RDMA_READ_CONSUME_CHECK_CONSUMER) timestamp=2953 ms, used_size=10194944 bytes (24.9%)
(RDMA_READ_CONSUME_CHECK_CONSUMER) timestamp=2953 ms, used_size=10192896 bytes (24.9%)
(RDMA_READ_CONSUME_CHECK_CONSUMER) timestamp=2953 ms, used_size=10190848 bytes (24.9%)
(RDMA_READ_CONSUME_CHECK_CONSUMER) timestamp=2953 ms, used_size=10188800 bytes (24.9%)
(RDMA_READ_CONSUME_CHECK_CONSUMER) timestamp=2953 ms, used_size=10186752 bytes (24.9%)
(RDMA_READ_CONSUME_CHECK_CONSUMER) timestamp=2953 ms, used_size=10184704 bytes (24.9%)
(RDMA_READ_CONSUME_CHECK_CONSUMER) timestamp=2953 ms, used_size=10182656 bytes (24.9%)
(RDMA_READ_CONSUME_CHECK_CONSUMER) timestamp=2953 ms, used_size=10180608 bytes (24.9%)
(RDMA_READ_CONSUME_CHECK_CONSUMER) timestamp=2953 ms, used_size=10178560 bytes (24.9%)
(RDMA_READ_CONSUME_CHECK_CONSUMER) timestamp=2953 ms, used_size=10176512 bytes (24.8%)
(RDMA_READ_CONSUME_CHECK_CONSUMER) timestamp=2953 ms, used_size=10174464 bytes (24.8%)
(RDMA_READ_CONSUME_CHECK_CONSUMER) timestamp=2953 ms, used_size=10172416 bytes (24.8%)
(RDMA_READ_CONSUME_CHECK_CONSUMER) timestamp=2953 ms, used_size=10170368 bytes (24.8%)
(RDMA_READ_CONSUME_CHECK_CONSUMER) timestamp=2953 ms, used_size=10168320 bytes (24.8%)
(RDMA_READ_CONSUME_CHECK_CONSUMER) timestamp=2953 ms, used_size=10166272 bytes (24.8%)
(RDMA_READ_CONSUME_CHECK_CONSUMER) timestamp=2953 ms, used_size=10164224 bytes (24.8%)
(RDMA_READ_CONSUME_CHECK_CONSUMER) timestamp=2953 ms, used_size=10162176 bytes (24.8%)
(RDMA_READ_CONSUME_CHECK_CONSUMER) timestamp=2953 ms, used_size=10160128 bytes (24.8%)
(RDMA_READ_CONSUME_CHECK_CONSUMER) timestamp=2953 ms, used_size=10158080 bytes (24.8%)
(RDMA_READ_CONSUME_CHECK_CONSUMER) timestamp=2953 ms, used_size=10156032 bytes (24.8%)
(RDMA_READ_CONSUME_CHECK_CONSUMER) timestamp=2953 ms, used_size=10153984 bytes (24.8%)
(RDMA_READ_CONSUME_CHECK_CONSUMER) timestamp=2953 ms, used_size=10151936 bytes (24.8%)
(RDMA_READ_CONSUME_CHECK_CONSUMER) timestamp=2953 ms, used_size=10149888 bytes (24.8%)
(RDMA_READ_CONSUME_CHECK_CONSUMER) timestamp=2953 ms, used_size=10147840 bytes (24.8%)
(RDMA_READ_CONSUME_CHECK_CONSUMER) timestamp=2953 ms, used_size=10145792 bytes (24.8%)
(RDMA_READ_CONSUME_CHECK_CONSUMER) timestamp=2953 ms, used_size=10143744 bytes (24.8%)
(RDMA_READ_CONSUME_CHECK_CONSUMER) timestamp=2953 ms, used_size=10141696 bytes (24.8%)
(RDMA_READ_CONSUME_CHECK_CONSUMER) timestamp=2953 ms, used_size=10139648 bytes (24.8%)
(RDMA_READ_CONSUME_CHECK_CONSUMER) timestamp=2953 ms, used_size=10137600 bytes (24.8%)
(RDMA_READ_CONSUME_CHECK_CONSUMER) timestamp=2953 ms, used_size=10135552 bytes (24.7%)
(RDMA_READ_CONSUME_CHECK_CONSUMER) timestamp=2953 ms, used_size=10133504 bytes (24.7%)
(RDMA_READ_CONSUME_CHECK_CONSUMER) timestamp=2953 ms, used_size=10131456 bytes (24.7%)
(RDMA_READ_CONSUME_CHECK_CONSUMER) timestamp=2953 ms, used_size=10129408 bytes (24.7%)
(RDMA_READ_CONSUME_CHECK_CONSUMER) timestamp=2953 ms, used_size=10127360 bytes (24.7%)
(RDMA_READ_CONSUME_CHECK_CONSUMER) timestamp=2953 ms, used_size=10125312 bytes (24.7%)
(RDMA_READ_CONSUME_CHECK_CONSUMER) timestamp=2953 ms, used_size=10123264 bytes (24.7%)
(RDMA_READ_CONSUME_CHECK_CONSUMER) timestamp=2953 ms, used_size=10121216 bytes (24.7%)
(RDMA_READ_CONSUME_CHECK_CONSUMER) timestamp=2953 ms, used_size=10119168 bytes (24.7%)
(RDMA_READ_CONSUME_CHECK_CONSUMER) timestamp=2953 ms, used_size=10117120 bytes (24.7%)
(RDMA_READ_CONSUME_CHECK_CONSUMER) timestamp=2953 ms, used_size=10115072 bytes (24.7%)
(RDMA_READ_CONSUME_CHECK_CONSUMER) timestamp=2953 ms, used_size=10113024 bytes (24.7%)
(RDMA_READ_CONSUME_CHECK_CONSUMER) timestamp=2953 ms, used_size=10110976 bytes (24.7%)
(RDMA_READ_CONSUME_CHECK_CONSUMER) timestamp=2953 ms, used_size=10108928 bytes (24.7%)
(RDMA_READ_CONSUME_CHECK_CONSUMER) timestamp=2953 ms, used_size=10106880 bytes (24.7%)
(RDMA_READ_CONSUME_CHECK_CONSUMER) timestamp=2953 ms, used_size=10104832 bytes (24.7%)
(RDMA_READ_CONSUME_CHECK_CONSUMER) timestamp=2953 ms, used_size=10102784 bytes (24.7%)
(RDMA_READ_CONSUME_CHECK_CONSUMER) timestamp=2953 ms, used_size=10100736 bytes (24.7%)
(RDMA_READ_CONSUME_CHECK_CONSUMER) timestamp=2953 ms, used_size=10098688 bytes (24.7%)
(RDMA_READ_CONSUME_CHECK_CONSUMER) timestamp=2953 ms, used_size=10096640 bytes (24.6%)
(RDMA_READ_CONSUME_CHECK_CONSUMER) timestamp=2953 ms, used_size=10094592 bytes (24.6%)
(RDMA_READ_CONSUME_CHECK_CONSUMER) timestamp=2953 ms, used_size=10092544 bytes (24.6%)
(RDMA_READ_CONSUME_CHECK_CONSUMER) timestamp=2953 ms, used_size=10090496 bytes (24.6%)
(RDMA_READ_CONSUME_CHECK_CONSUMER) timestamp=2953 ms, used_size=10088448 bytes (24.6%)
(RDMA_READ_CONSUME_CHECK_CONSUMER) timestamp=2953 ms, used_size=10086400 bytes (24.6%)
(RDMA_READ_CONSUME_CHECK_CONSUMER) timestamp=2953 ms, used_size=10084352 bytes (24.6%)
(RDMA_READ_CONSUME_CHECK_CONSUMER) timestamp=2953 ms, used_size=10082304 bytes (24.6%)
(RDMA_READ_CONSUME_CHECK_CONSUMER) timestamp=2953 ms, used_size=10080256 bytes (24.6%)
(RDMA_READ_CONSUME_CHECK_CONSUMER) timestamp=2953 ms, used_size=10078208 bytes (24.6%)
(RDMA_READ_CONSUME_CHECK_CONSUMER) timestamp=2953 ms, used_size=10076160 bytes (24.6%)
(RDMA_READ_CONSUME_CHECK_CONSUMER) timestamp=2953 ms, used_size=10074112 bytes (24.6%)
(RDMA_READ_CONSUME_CHECK_CONSUMER) timestamp=2953 ms, used_size=10072064 bytes (24.6%)
(RDMA_READ_CONSUME_CHECK_CONSUMER) timestamp=2953 ms, used_size=10070016 bytes (24.6%)
(RDMA_READ_CONSUME_CHECK_CONSUMER) timestamp=2953 ms, used_size=10067968 bytes (24.6%)
(RDMA_READ_CONSUME_CHECK_CONSUMER) timestamp=2953 ms, used_size=10065920 bytes (24.6%)
(RDMA_READ_CONSUME_CHECK_CONSUMER) timestamp=2953 ms, used_size=10063872 bytes (24.6%)
(RDMA_READ_CONSUME_CHECK_CONSUMER) timestamp=2953 ms, used_size=10061824 bytes (24.6%)
(RDMA_READ_CONSUME_CHECK_CONSUMER) timestamp=2953 ms, used_size=10059776 bytes (24.6%)
(RDMA_READ_CONSUME_CHECK_CONSUMER) timestamp=2953 ms, used_size=10057728 bytes (24.6%)
(RDMA_READ_CONSUME_CHECK_CONSUMER) timestamp=2953 ms, used_size=10055680 bytes (24.6%)
(RDMA_READ_CONSUME_CHECK_CONSUMER) timestamp=2953 ms, used_size=10053632 bytes (24.5%)
(RDMA_READ_CONSUME_CHECK_CONSUMER) timestamp=2953 ms, used_size=10051584 bytes (24.5%)
(RDMA_READ_CONSUME_CHECK_CONSUMER) timestamp=2953 ms, used_size=10049536 bytes (24.5%)
(RDMA_READ_CONSUME_CHECK_CONSUMER) timestamp=2953 ms, used_size=10047488 bytes (24.5%)
(RDMA_READ_CONSUME_CHECK_CONSUMER) timestamp=2953 ms, used_size=10045440 bytes (24.5%)
(RDMA_READ_CONSUME_CHECK_CONSUMER) timestamp=2953 ms, used_size=10043392 bytes (24.5%)
(RDMA_READ_CONSUME_CHECK_CONSUMER) timestamp=2953 ms, used_size=10041344 bytes (24.5%)
(RDMA_READ_CONSUME_CHECK_CONSUMER) timestamp=2953 ms, used_size=10039296 bytes (24.5%)
(RDMA_READ_CONSUME_CHECK_CONSUMER) timestamp=2953 ms, used_size=10037248 bytes (24.5%)
(RDMA_READ_CONSUME_CHECK_CONSUMER) timestamp=2953 ms, used_size=10035200 bytes (24.5%)
(RDMA_READ_CONSUME_CHECK_CONSUMER) timestamp=2953 ms, used_size=10033152 bytes (24.5%)
(RDMA_READ_CONSUME_CHECK_CONSUMER) timestamp=2953 ms, used_size=10031104 bytes (24.5%)
(RDMA_READ_CONSUME_CHECK_CONSUMER) timestamp=2953 ms, used_size=10029056 bytes (24.5%)
(RDMA_READ_CONSUME_CHECK_CONSUMER) timestamp=2953 ms, used_size=10027008 bytes (24.5%)
(RDMA_READ_CONSUME_CHECK_CONSUMER) timestamp=2953 ms, used_size=10024960 bytes (24.5%)
(RDMA_READ_CONSUME_CHECK_CONSUMER) timestamp=2953 ms, used_size=10022912 bytes (24.5%)
(RDMA_READ_CONSUME_CHECK_CONSUMER) timestamp=2953 ms, used_size=10020864 bytes (24.5%)
(RDMA_READ_CONSUME_CHECK_CONSUMER) timestamp=2953 ms, used_size=10018816 bytes (24.5%)
(RDMA_READ_CONSUME_CHECK_CONSUMER) timestamp=2953 ms, used_size=10016768 bytes (24.5%)
(RDMA_READ_CONSUME_CHECK_CONSUMER) timestamp=2953 ms, used_size=10014720 bytes (24.4%)
(RDMA_READ_CONSUME_CHECK_CONSUMER) timestamp=2953 ms, used_size=10012672 bytes (24.4%)
(RDMA_READ_CONSUME_CHECK_CONSUMER) timestamp=2953 ms, used_size=10010624 bytes (24.4%)
(RDMA_READ_CONSUME_CHECK_CONSUMER) timestamp=2953 ms, used_size=10008576 bytes (24.4%)
(RDMA_READ_CONSUME_CHECK_CONSUMER) timestamp=2953 ms, used_size=10006528 bytes (24.4%)
(RDMA_READ_CONSUME_CHECK_CONSUMER) timestamp=2953 ms, used_size=10004480 bytes (24.4%)
(RDMA_READ_CONSUME_CHECK_CONSUMER) timestamp=2953 ms, used_size=10002432 bytes (24.4%)
(RDMA_READ_CONSUME_CHECK_CONSUMER) timestamp=2954 ms, used_size=10000384 bytes (24.4%)
(RDMA_READ_CONSUME_CHECK_CONSUMER) timestamp=2954 ms, used_size=9998336 bytes (24.4%)
(RDMA_READ_CONSUME_CHECK_CONSUMER) timestamp=2954 ms, used_size=9996288 bytes (24.4%)
(RDMA_READ_CONSUME_CHECK_CONSUMER) timestamp=2954 ms, used_size=9994240 bytes (24.4%)
(RDMA_READ_CONSUME_CHECK_CONSUMER) timestamp=2954 ms, used_size=9992192 bytes (24.4%)
(RDMA_READ_CONSUME_CHECK_CONSUMER) timestamp=2954 ms, used_size=9990144 bytes (24.4%)
(RDMA_READ_CONSUME_CHECK_CONSUMER) timestamp=2954 ms, used_size=9988096 bytes (24.4%)
(RDMA_READ_CONSUME_CHECK_CONSUMER) timestamp=2954 ms, used_size=9986048 bytes (24.4%)
(RDMA_READ_CONSUME_CHECK_CONSUMER) timestamp=2954 ms, used_size=9984000 bytes (24.4%)
(RDMA_READ_CONSUME_CHECK_CONSUMER) timestamp=2954 ms, used_size=9981952 bytes (24.4%)
(RDMA_READ_CONSUME_CHECK_CONSUMER) timestamp=2954 ms, used_size=9979904 bytes (24.4%)
(RDMA_READ_CONSUME_CHECK_CONSUMER) timestamp=2954 ms, used_size=9977856 bytes (24.4%)
(RDMA_READ_CONSUME_CHECK_CONSUMER) timestamp=2954 ms, used_size=9975808 bytes (24.4%)
(RDMA_READ_CONSUME_CHECK_CONSUMER) timestamp=2954 ms, used_size=9973760 bytes (24.4%)
(RDMA_READ_CONSUME_CHECK_CONSUMER) timestamp=2954 ms, used_size=9971712 bytes (24.3%)
(RDMA_READ_CONSUME_CHECK_CONSUMER) timestamp=2954 ms, used_size=9969664 bytes (24.3%)
(RDMA_READ_CONSUME_CHECK_CONSUMER) timestamp=2954 ms, used_size=9967616 bytes (24.3%)
(RDMA_READ_CONSUME_CHECK_CONSUMER) timestamp=2954 ms, used_size=9965568 bytes (24.3%)
(RDMA_READ_CONSUME_CHECK_CONSUMER) timestamp=2954 ms, used_size=9963520 bytes (24.3%)
(RDMA_READ_CONSUME_CHECK_CONSUMER) timestamp=2954 ms, used_size=9961472 bytes (24.3%)
(RDMA_READ_CONSUME_CHECK_CONSUMER) timestamp=2954 ms, used_size=9959424 bytes (24.3%)
(RDMA_READ_CONSUME_CHECK_CONSUMER) timestamp=2954 ms, used_size=9957376 bytes (24.3%)
(RDMA_READ_CONSUME_CHECK_CONSUMER) timestamp=2954 ms, used_size=9955328 bytes (24.3%)
(RDMA_READ_CONSUME_CHECK_CONSUMER) timestamp=2954 ms, used_size=9953280 bytes (24.3%)
(RDMA_READ_CONSUME_CHECK_CONSUMER) timestamp=2954 ms, used_size=9951232 bytes (24.3%)
(RDMA_READ_CONSUME_CHECK_CONSUMER) timestamp=2954 ms, used_size=9949184 bytes (24.3%)
(RDMA_READ_CONSUME_CHECK_CONSUMER) timestamp=2954 ms, used_size=9947136 bytes (24.3%)
(RDMA_READ_CONSUME_CHECK_CONSUMER) timestamp=2954 ms, used_size=9945088 bytes (24.3%)
(RDMA_READ_CONSUME_CHECK_CONSUMER) timestamp=2954 ms, used_size=9943040 bytes (24.3%)
(RDMA_READ_CONSUME_CHECK_CONSUMER) timestamp=2954 ms, used_size=9940992 bytes (24.3%)
(RDMA_READ_CONSUME_CHECK_CONSUMER) timestamp=2954 ms, used_size=9938944 bytes (24.3%)
(RDMA_READ_CONSUME_CHECK_CONSUMER) timestamp=2954 ms, used_size=9936896 bytes (24.3%)
(RDMA_READ_CONSUME_CHECK_CONSUMER) timestamp=2954 ms, used_size=9934848 bytes (24.3%)
(RDMA_READ_CONSUME_CHECK_CONSUMER) timestamp=2954 ms, used_size=9932800 bytes (24.2%)
(RDMA_READ_CONSUME_CHECK_CONSUMER) timestamp=2954 ms, used_size=9930752 bytes (24.2%)
(RDMA_READ_CONSUME_CHECK_CONSUMER) timestamp=2954 ms, used_size=9928704 bytes (24.2%)
(RDMA_READ_CONSUME_CHECK_CONSUMER) timestamp=2954 ms, used_size=9926656 bytes (24.2%)
(RDMA_READ_CONSUME_CHECK_CONSUMER) timestamp=2954 ms, used_size=9924608 bytes (24.2%)
(RDMA_READ_CONSUME_CHECK_CONSUMER) timestamp=2954 ms, used_size=9922560 bytes (24.2%)
(RDMA_READ_CONSUME_CHECK_CONSUMER) timestamp=2954 ms, used_size=9920512 bytes (24.2%)
(RDMA_READ_CONSUME_CHECK_CONSUMER) timestamp=2954 ms, used_size=9918464 bytes (24.2%)
(RDMA_READ_CONSUME_CHECK_CONSUMER) timestamp=2954 ms, used_size=9916416 bytes (24.2%)
(RDMA_READ_CONSUME_CHECK_CONSUMER) timestamp=2954 ms, used_size=9914368 bytes (24.2%)
(RDMA_READ_CONSUME_CHECK_CONSUMER) timestamp=2954 ms, used_size=9912320 bytes (24.2%)
(RDMA_READ_CONSUME_CHECK_CONSUMER) timestamp=2954 ms, used_size=9910272 bytes (24.2%)
(RDMA_READ_CONSUME_CHECK_CONSUMER) timestamp=2954 ms, used_size=9908224 bytes (24.2%)
(RDMA_READ_CONSUME_CHECK_CONSUMER) timestamp=2954 ms, used_size=9906176 bytes (24.2%)
(RDMA_READ_CONSUME_CHECK_CONSUMER) timestamp=2954 ms, used_size=9904128 bytes (24.2%)
(RDMA_READ_CONSUME_CHECK_CONSUMER) timestamp=2954 ms, used_size=9902080 bytes (24.2%)
(RDMA_READ_CONSUME_CHECK_CONSUMER) timestamp=2954 ms, used_size=9900032 bytes (24.2%)
(RDMA_READ_CONSUME_CHECK_CONSUMER) timestamp=2954 ms, used_size=9897984 bytes (24.2%)
(RDMA_READ_CONSUME_CHECK_CONSUMER) timestamp=2954 ms, used_size=9895936 bytes (24.2%)
(RDMA_READ_CONSUME_CHECK_CONSUMER) timestamp=2954 ms, used_size=9893888 bytes (24.2%)
(RDMA_READ_CONSUME_CHECK_CONSUMER) timestamp=2954 ms, used_size=9891840 bytes (24.1%)
(RDMA_READ_CONSUME_CHECK_CONSUMER) timestamp=2954 ms, used_size=9889792 bytes (24.1%)
(RDMA_READ_CONSUME_CHECK_CONSUMER) timestamp=2954 ms, used_size=9887744 bytes (24.1%)
(RDMA_READ_CONSUME_CHECK_CONSUMER) timestamp=2954 ms, used_size=9885696 bytes (24.1%)
(RDMA_READ_CONSUME_CHECK_CONSUMER) timestamp=2954 ms, used_size=9883648 bytes (24.1%)
(RDMA_READ_CONSUME_CHECK_CONSUMER) timestamp=2954 ms, used_size=9881600 bytes (24.1%)
(RDMA_READ_CONSUME_CHECK_CONSUMER) timestamp=2954 ms, used_size=9879552 bytes (24.1%)
(RDMA_READ_CONSUME_CHECK_CONSUMER) timestamp=2954 ms, used_size=9877504 bytes (24.1%)
(RDMA_READ_CONSUME_CHECK_CONSUMER) timestamp=2954 ms, used_size=9875456 bytes (24.1%)
(RDMA_READ_CONSUME_CHECK_CONSUMER) timestamp=2954 ms, used_size=9873408 bytes (24.1%)
(RDMA_READ_CONSUME_CHECK_CONSUMER) timestamp=2954 ms, used_size=9871360 bytes (24.1%)
(RDMA_READ_CONSUME_CHECK_CONSUMER) timestamp=2954 ms, used_size=9869312 bytes (24.1%)
(RDMA_READ_CONSUME_CHECK_CONSUMER) timestamp=2954 ms, used_size=9867264 bytes (24.1%)
(RDMA_READ_CONSUME_CHECK_CONSUMER) timestamp=2954 ms, used_size=9865216 bytes (24.1%)
(RDMA_READ_CONSUME_CHECK_CONSUMER) timestamp=2954 ms, used_size=9863168 bytes (24.1%)
(RDMA_READ_CONSUME_CHECK_CONSUMER) timestamp=2954 ms, used_size=9861120 bytes (24.1%)
(RDMA_READ_CONSUME_CHECK_CONSUMER) timestamp=2954 ms, used_size=9859072 bytes (24.1%)
(RDMA_READ_CONSUME_CHECK_CONSUMER) timestamp=2954 ms, used_size=9857024 bytes (24.1%)
(RDMA_READ_CONSUME_CHECK_CONSUMER) timestamp=2954 ms, used_size=9854976 bytes (24.1%)
(RDMA_READ_CONSUME_CHECK_CONSUMER) timestamp=2954 ms, used_size=9852928 bytes (24.1%)
(RDMA_READ_CONSUME_CHECK_CONSUMER) timestamp=2954 ms, used_size=9850880 bytes (24.1%)
(RDMA_READ_CONSUME_CHECK_CONSUMER) timestamp=2954 ms, used_size=9848832 bytes (24.0%)
(RDMA_READ_CONSUME_CHECK_CONSUMER) timestamp=2954 ms, used_size=9846784 bytes (24.0%)
(RDMA_READ_CONSUME_CHECK_CONSUMER) timestamp=2954 ms, used_size=9844736 bytes (24.0%)
(RDMA_READ_CONSUME_CHECK_CONSUMER) timestamp=2954 ms, used_size=9842688 bytes (24.0%)
(RDMA_READ_CONSUME_CHECK_CONSUMER) timestamp=2954 ms, used_size=9840640 bytes (24.0%)
(RDMA_READ_CONSUME_CHECK_CONSUMER) timestamp=2954 ms, used_size=9838592 bytes (24.0%)
(RDMA_READ_CONSUME_CHECK_CONSUMER) timestamp=2954 ms, used_size=9836544 bytes (24.0%)
(RDMA_READ_CONSUME_CHECK_CONSUMER) timestamp=2954 ms, used_size=9834496 bytes (24.0%)
(RDMA_READ_CONSUME_CHECK_CONSUMER) timestamp=2954 ms, used_size=9832448 bytes (24.0%)
(RDMA_READ_CONSUME_CHECK_CONSUMER) timestamp=2954 ms, used_size=9830400 bytes (24.0%)
(RDMA_READ_CONSUME_CHECK_CONSUMER) timestamp=2954 ms, used_size=9828352 bytes (24.0%)
(RDMA_READ_CONSUME_CHECK_CONSUMER) timestamp=2954 ms, used_size=9826304 bytes (24.0%)
(RDMA_READ_CONSUME_CHECK_CONSUMER) timestamp=2954 ms, used_size=9824256 bytes (24.0%)
(RDMA_READ_CONSUME_CHECK_CONSUMER) timestamp=2954 ms, used_size=9822208 bytes (24.0%)
(RDMA_READ_CONSUME_CHECK_CONSUMER) timestamp=2954 ms, used_size=9820160 bytes (24.0%)
(RDMA_READ_CONSUME_CHECK_CONSUMER) timestamp=2954 ms, used_size=9818112 bytes (24.0%)
(RDMA_READ_CONSUME_CHECK_CONSUMER) timestamp=2954 ms, used_size=9816064 bytes (24.0%)
(RDMA_READ_CONSUME_CHECK_CONSUMER) timestamp=2954 ms, used_size=9814016 bytes (24.0%)
(RDMA_READ_CONSUME_CHECK_CONSUMER) timestamp=2954 ms, used_size=9811968 bytes (24.0%)
(RDMA_READ_CONSUME_CHECK_CONSUMER) timestamp=2954 ms, used_size=9809920 bytes (23.9%)
(RDMA_READ_CONSUME_CHECK_CONSUMER) timestamp=2954 ms, used_size=9807872 bytes (23.9%)
(RDMA_READ_CONSUME_CHECK_CONSUMER) timestamp=2954 ms, used_size=9805824 bytes (23.9%)
(RDMA_READ_CONSUME_CHECK_CONSUMER) timestamp=2954 ms, used_size=9803776 bytes (23.9%)
(RDMA_READ_CONSUME_CHECK_CONSUMER) timestamp=2954 ms, used_size=9801728 bytes (23.9%)
(RDMA_READ_CONSUME_CHECK_CONSUMER) timestamp=2954 ms, used_size=9799680 bytes (23.9%)
(RDMA_READ_CONSUME_CHECK_CONSUMER) timestamp=2954 ms, used_size=9797632 bytes (23.9%)
(RDMA_READ_CONSUME_CHECK_CONSUMER) timestamp=2954 ms, used_size=9795584 bytes (23.9%)
(RDMA_READ_CONSUME_CHECK_CONSUMER) timestamp=2954 ms, used_size=9793536 bytes (23.9%)
(RDMA_READ_CONSUME_CHECK_CONSUMER) timestamp=2954 ms, used_size=9791488 bytes (23.9%)
(RDMA_READ_CONSUME_CHECK_CONSUMER) timestamp=2954 ms, used_size=9789440 bytes (23.9%)
(RDMA_READ_CONSUME_CHECK_CONSUMER) timestamp=2954 ms, used_size=9787392 bytes (23.9%)
(RDMA_READ_CONSUME_CHECK_CONSUMER) timestamp=2954 ms, used_size=9785344 bytes (23.9%)
(RDMA_READ_CONSUME_CHECK_CONSUMER) timestamp=2954 ms, used_size=9783296 bytes (23.9%)
(RDMA_READ_CONSUME_CHECK_CONSUMER) timestamp=2954 ms, used_size=9781248 bytes (23.9%)
(RDMA_READ_CONSUME_CHECK_CONSUMER) timestamp=2954 ms, used_size=9779200 bytes (23.9%)
(RDMA_READ_CONSUME_CHECK_CONSUMER) timestamp=2954 ms, used_size=9777152 bytes (23.9%)
(RDMA_READ_CONSUME_CHECK_CONSUMER) timestamp=2954 ms, used_size=9775104 bytes (23.9%)
(RDMA_READ_CONSUME_CHECK_CONSUMER) timestamp=2954 ms, used_size=9773056 bytes (23.9%)
(RDMA_READ_CONSUME_CHECK_CONSUMER) timestamp=2954 ms, used_size=9771008 bytes (23.9%)
(RDMA_READ_CONSUME_CHECK_CONSUMER) timestamp=2954 ms, used_size=9768960 bytes (23.9%)
(RDMA_READ_CONSUME_CHECK_CONSUMER) timestamp=2954 ms, used_size=9766912 bytes (23.8%)
(RDMA_READ_CONSUME_CHECK_CONSUMER) timestamp=2954 ms, used_size=9764864 bytes (23.8%)
(RDMA_READ_CONSUME_CHECK_CONSUMER) timestamp=2954 ms, used_size=9762816 bytes (23.8%)
(RDMA_READ_CONSUME_CHECK_CONSUMER) timestamp=2954 ms, used_size=9760768 bytes (23.8%)
(RDMA_READ_CONSUME_CHECK_CONSUMER) timestamp=2954 ms, used_size=9758720 bytes (23.8%)
(RDMA_READ_CONSUME_CHECK_CONSUMER) timestamp=2954 ms, used_size=9756672 bytes (23.8%)
(RDMA_READ_CONSUME_CHECK_CONSUMER) timestamp=2954 ms, used_size=9754624 bytes (23.8%)
(RDMA_READ_CONSUME_CHECK_CONSUMER) timestamp=2954 ms, used_size=9752576 bytes (23.8%)
(RDMA_READ_CONSUME_CHECK_CONSUMER) timestamp=2954 ms, used_size=9750528 bytes (23.8%)
(RDMA_READ_CONSUME_CHECK_CONSUMER) timestamp=2954 ms, used_size=9748480 bytes (23.8%)
(RDMA_READ_CONSUME_CHECK_CONSUMER) timestamp=2954 ms, used_size=9746432 bytes (23.8%)
(RDMA_READ_CONSUME_CHECK_CONSUMER) timestamp=2954 ms, used_size=9744384 bytes (23.8%)
(RDMA_READ_CONSUME_CHECK_CONSUMER) timestamp=2954 ms, used_size=9742336 bytes (23.8%)
(RDMA_READ_CONSUME_CHECK_CONSUMER) timestamp=2954 ms, used_size=9740288 bytes (23.8%)
(RDMA_READ_CONSUME_CHECK_CONSUMER) timestamp=2954 ms, used_size=9738240 bytes (23.8%)
(RDMA_READ_CONSUME_CHECK_CONSUMER) timestamp=2954 ms, used_size=9736192 bytes (23.8%)
(RDMA_READ_CONSUME_CHECK_CONSUMER) timestamp=2954 ms, used_size=9734144 bytes (23.8%)
(RDMA_READ_CONSUME_CHECK_CONSUMER) timestamp=2954 ms, used_size=9732096 bytes (23.8%)
(RDMA_READ_CONSUME_CHECK_CONSUMER) timestamp=2954 ms, used_size=9730048 bytes (23.8%)
(RDMA_READ_CONSUME_CHECK_CONSUMER) timestamp=2954 ms, used_size=9728000 bytes (23.8%)
(RDMA_READ_CONSUME_CHECK_CONSUMER) timestamp=2954 ms, used_size=9725952 bytes (23.7%)
(RDMA_READ_CONSUME_CHECK_CONSUMER) timestamp=2954 ms, used_size=9723904 bytes (23.7%)
(RDMA_READ_CONSUME_CHECK_CONSUMER) timestamp=2954 ms, used_size=9721856 bytes (23.7%)
(RDMA_READ_CONSUME_CHECK_CONSUMER) timestamp=2954 ms, used_size=9719808 bytes (23.7%)
(RDMA_READ_CONSUME_CHECK_CONSUMER) timestamp=2954 ms, used_size=9717760 bytes (23.7%)
(RDMA_READ_CONSUME_CHECK_CONSUMER) timestamp=2954 ms, used_size=9715712 bytes (23.7%)
(RDMA_READ_CONSUME_CHECK_CONSUMER) timestamp=2954 ms, used_size=9713664 bytes (23.7%)
(RDMA_READ_CONSUME_CHECK_CONSUMER) timestamp=2954 ms, used_size=9711616 bytes (23.7%)
(RDMA_READ_CONSUME_CHECK_CONSUMER) timestamp=2954 ms, used_size=9709568 bytes (23.7%)
(RDMA_READ_CONSUME_CHECK_CONSUMER) timestamp=2954 ms, used_size=9707520 bytes (23.7%)
(RDMA_READ_CONSUME_CHECK_CONSUMER) timestamp=2954 ms, used_size=9705472 bytes (23.7%)
(RDMA_READ_CONSUME_CHECK_CONSUMER) timestamp=2954 ms, used_size=9703424 bytes (23.7%)
(RDMA_READ_CONSUME_CHECK_CONSUMER) timestamp=2954 ms, used_size=9701376 bytes (23.7%)
(RDMA_READ_CONSUME_CHECK_CONSUMER) timestamp=2954 ms, used_size=9699328 bytes (23.7%)
(RDMA_READ_CONSUME_CHECK_CONSUMER) timestamp=2954 ms, used_size=9697280 bytes (23.7%)
(RDMA_READ_CONSUME_CHECK_CONSUMER) timestamp=2954 ms, used_size=9695232 bytes (23.7%)
(RDMA_READ_CONSUME_CHECK_CONSUMER) timestamp=2954 ms, used_size=9693184 bytes (23.7%)
(RDMA_READ_CONSUME_CHECK_CONSUMER) timestamp=2954 ms, used_size=9691136 bytes (23.7%)
(RDMA_READ_CONSUME_CHECK_CONSUMER) timestamp=2954 ms, used_size=9689088 bytes (23.7%)
(RDMA_READ_CONSUME_CHECK_CONSUMER) timestamp=2954 ms, used_size=9687040 bytes (23.6%)
(RDMA_READ_CONSUME_CHECK_CONSUMER) timestamp=2954 ms, used_size=9684992 bytes (23.6%)
(RDMA_READ_CONSUME_CHECK_CONSUMER) timestamp=2954 ms, used_size=9682944 bytes (23.6%)
(RDMA_READ_CONSUME_CHECK_CONSUMER) timestamp=2954 ms, used_size=9680896 bytes (23.6%)
(RDMA_READ_CONSUME_CHECK_CONSUMER) timestamp=2954 ms, used_size=9678848 bytes (23.6%)
(RDMA_READ_CONSUME_CHECK_CONSUMER) timestamp=2954 ms, used_size=9676800 bytes (23.6%)
(RDMA_READ_CONSUME_CHECK_CONSUMER) timestamp=2954 ms, used_size=9674752 bytes (23.6%)
(RDMA_READ_CONSUME_CHECK_CONSUMER) timestamp=2954 ms, used_size=9672704 bytes (23.6%)
(RDMA_READ_CONSUME_CHECK_CONSUMER) timestamp=2954 ms, used_size=9670656 bytes (23.6%)
(RDMA_READ_CONSUME_CHECK_CONSUMER) timestamp=2954 ms, used_size=9668608 bytes (23.6%)
(RDMA_READ_CONSUME_CHECK_CONSUMER) timestamp=2954 ms, used_size=9666560 bytes (23.6%)
(RDMA_READ_CONSUME_CHECK_CONSUMER) timestamp=2954 ms, used_size=9664512 bytes (23.6%)
(RDMA_READ_CONSUME_CHECK_CONSUMER) timestamp=2954 ms, used_size=9662464 bytes (23.6%)
(RDMA_READ_CONSUME_CHECK_CONSUMER) timestamp=2954 ms, used_size=9660416 bytes (23.6%)
(RDMA_READ_CONSUME_CHECK_CONSUMER) timestamp=2954 ms, used_size=9658368 bytes (23.6%)
(RDMA_READ_CONSUME_CHECK_CONSUMER) timestamp=2954 ms, used_size=9656320 bytes (23.6%)
(RDMA_READ_CONSUME_CHECK_CONSUMER) timestamp=2954 ms, used_size=9654272 bytes (23.6%)
(RDMA_READ_CONSUME_CHECK_CONSUMER) timestamp=2954 ms, used_size=9652224 bytes (23.6%)
(RDMA_READ_CONSUME_CHECK_CONSUMER) timestamp=2954 ms, used_size=9650176 bytes (23.6%)
(RDMA_READ_CONSUME_CHECK_CONSUMER) timestamp=2954 ms, used_size=9648128 bytes (23.6%)
(RDMA_READ_CONSUME_CHECK_CONSUMER) timestamp=2954 ms, used_size=9646080 bytes (23.6%)
(RDMA_READ_CONSUME_CHECK_CONSUMER) timestamp=2955 ms, used_size=9644032 bytes (23.5%)
(RDMA_READ_CONSUME_CHECK_CONSUMER) timestamp=2955 ms, used_size=9641984 bytes (23.5%)
(RDMA_READ_CONSUME_CHECK_CONSUMER) timestamp=2955 ms, used_size=9639936 bytes (23.5%)
(RDMA_READ_CONSUME_CHECK_CONSUMER) timestamp=2955 ms, used_size=9637888 bytes (23.5%)
(RDMA_READ_CONSUME_CHECK_CONSUMER) timestamp=2955 ms, used_size=9635840 bytes (23.5%)
(RDMA_READ_CONSUME_CHECK_CONSUMER) timestamp=2955 ms, used_size=9633792 bytes (23.5%)
(RDMA_READ_CONSUME_CHECK_CONSUMER) timestamp=2955 ms, used_size=9631744 bytes (23.5%)
(RDMA_READ_CONSUME_CHECK_CONSUMER) timestamp=2955 ms, used_size=9629696 bytes (23.5%)
(RDMA_READ_CONSUME_CHECK_CONSUMER) timestamp=2955 ms, used_size=9627648 bytes (23.5%)
(RDMA_READ_CONSUME_CHECK_CONSUMER) timestamp=2955 ms, used_size=9625600 bytes (23.5%)
(RDMA_READ_CONSUME_CHECK_CONSUMER) timestamp=2955 ms, used_size=9623552 bytes (23.5%)
(RDMA_READ_CONSUME_CHECK_CONSUMER) timestamp=2955 ms, used_size=9621504 bytes (23.5%)
(RDMA_READ_CONSUME_CHECK_CONSUMER) timestamp=2955 ms, used_size=9619456 bytes (23.5%)
(RDMA_READ_CONSUME_CHECK_CONSUMER) timestamp=2955 ms, used_size=9617408 bytes (23.5%)
(RDMA_READ_CONSUME_CHECK_CONSUMER) timestamp=2955 ms, used_size=9615360 bytes (23.5%)
(RDMA_READ_CONSUME_CHECK_CONSUMER) timestamp=2955 ms, used_size=9613312 bytes (23.5%)
(RDMA_READ_CONSUME_CHECK_CONSUMER) timestamp=2955 ms, used_size=9611264 bytes (23.5%)
(RDMA_READ_CONSUME_CHECK_CONSUMER) timestamp=2955 ms, used_size=9609216 bytes (23.5%)
(RDMA_READ_CONSUME_CHECK_CONSUMER) timestamp=2955 ms, used_size=9607168 bytes (23.5%)
(RDMA_READ_CONSUME_CHECK_CONSUMER) timestamp=2955 ms, used_size=9605120 bytes (23.4%)
(RDMA_READ_CONSUME_CHECK_CONSUMER) timestamp=2955 ms, used_size=9603072 bytes (23.4%)
(RDMA_READ_CONSUME_CHECK_CONSUMER) timestamp=2955 ms, used_size=9601024 bytes (23.4%)
(RDMA_READ_CONSUME_CHECK_CONSUMER) timestamp=2955 ms, used_size=9598976 bytes (23.4%)
(RDMA_READ_CONSUME_CHECK_CONSUMER) timestamp=2955 ms, used_size=9596928 bytes (23.4%)
(RDMA_READ_CONSUME_CHECK_CONSUMER) timestamp=2955 ms, used_size=9594880 bytes (23.4%)
(RDMA_READ_CONSUME_CHECK_CONSUMER) timestamp=2955 ms, used_size=9592832 bytes (23.4%)
(RDMA_READ_CONSUME_CHECK_CONSUMER) timestamp=2955 ms, used_size=9590784 bytes (23.4%)
(RDMA_READ_CONSUME_CHECK_CONSUMER) timestamp=2955 ms, used_size=9588736 bytes (23.4%)
(RDMA_READ_CONSUME_CHECK_CONSUMER) timestamp=2955 ms, used_size=9586688 bytes (23.4%)
(RDMA_READ_CONSUME_CHECK_CONSUMER) timestamp=2955 ms, used_size=9584640 bytes (23.4%)
(RDMA_READ_CONSUME_CHECK_CONSUMER) timestamp=2955 ms, used_size=9582592 bytes (23.4%)
(RDMA_READ_CONSUME_CHECK_CONSUMER) timestamp=2955 ms, used_size=9580544 bytes (23.4%)
(RDMA_READ_CONSUME_CHECK_CONSUMER) timestamp=2955 ms, used_size=9578496 bytes (23.4%)
(RDMA_READ_CONSUME_CHECK_CONSUMER) timestamp=2955 ms, used_size=9576448 bytes (23.4%)
(RDMA_READ_CONSUME_CHECK_CONSUMER) timestamp=2955 ms, used_size=9574400 bytes (23.4%)
(RDMA_READ_CONSUME_CHECK_CONSUMER) timestamp=2955 ms, used_size=9572352 bytes (23.4%)
(RDMA_READ_CONSUME_CHECK_CONSUMER) timestamp=2955 ms, used_size=9570304 bytes (23.4%)
(RDMA_READ_CONSUME_CHECK_CONSUMER) timestamp=2955 ms, used_size=9568256 bytes (23.4%)
(RDMA_READ_CONSUME_CHECK_CONSUMER) timestamp=2955 ms, used_size=9566208 bytes (23.4%)
(RDMA_READ_CONSUME_CHECK_CONSUMER) timestamp=2955 ms, used_size=9564160 bytes (23.4%)
(RDMA_READ_CONSUME_CHECK_CONSUMER) timestamp=2955 ms, used_size=9562112 bytes (23.3%)
(RDMA_READ_CONSUME_CHECK_CONSUMER) timestamp=2955 ms, used_size=9560064 bytes (23.3%)
(RDMA_READ_CONSUME_CHECK_CONSUMER) timestamp=2955 ms, used_size=9558016 bytes (23.3%)
(RDMA_READ_CONSUME_CHECK_CONSUMER) timestamp=2955 ms, used_size=9555968 bytes (23.3%)
(RDMA_READ_CONSUME_CHECK_CONSUMER) timestamp=2955 ms, used_size=9553920 bytes (23.3%)
(RDMA_READ_CONSUME_CHECK_CONSUMER) timestamp=2955 ms, used_size=9551872 bytes (23.3%)
(RDMA_READ_CONSUME_CHECK_CONSUMER) timestamp=2955 ms, used_size=9549824 bytes (23.3%)
(RDMA_READ_CONSUME_CHECK_CONSUMER) timestamp=2955 ms, used_size=9547776 bytes (23.3%)
(RDMA_READ_CONSUME_CHECK_CONSUMER) timestamp=2955 ms, used_size=9545728 bytes (23.3%)
(RDMA_READ_CONSUME_CHECK_CONSUMER) timestamp=2955 ms, used_size=9543680 bytes (23.3%)
(RDMA_READ_CONSUME_CHECK_CONSUMER) timestamp=2955 ms, used_size=9541632 bytes (23.3%)
(RDMA_READ_CONSUME_CHECK_CONSUMER) timestamp=2955 ms, used_size=9539584 bytes (23.3%)
(RDMA_READ_CONSUME_CHECK_CONSUMER) timestamp=2955 ms, used_size=9537536 bytes (23.3%)
(RDMA_READ_CONSUME_CHECK_CONSUMER) timestamp=2955 ms, used_size=9535488 bytes (23.3%)
(RDMA_READ_CONSUME_CHECK_CONSUMER) timestamp=2955 ms, used_size=9533440 bytes (23.3%)
(RDMA_READ_CONSUME_CHECK_CONSUMER) timestamp=2955 ms, used_size=9531392 bytes (23.3%)
(RDMA_READ_CONSUME_CHECK_CONSUMER) timestamp=2955 ms, used_size=9529344 bytes (23.3%)
(RDMA_READ_CONSUME_CHECK_CONSUMER) timestamp=2955 ms, used_size=9527296 bytes (23.3%)
(RDMA_READ_CONSUME_CHECK_CONSUMER) timestamp=2955 ms, used_size=9525248 bytes (23.3%)
(RDMA_READ_CONSUME_CHECK_CONSUMER) timestamp=2955 ms, used_size=9523200 bytes (23.2%)
(RDMA_READ_CONSUME_CHECK_CONSUMER) timestamp=2955 ms, used_size=9521152 bytes (23.2%)
(RDMA_READ_CONSUME_CHECK_CONSUMER) timestamp=2955 ms, used_size=9519104 bytes (23.2%)
(RDMA_READ_CONSUME_CHECK_CONSUMER) timestamp=2955 ms, used_size=9517056 bytes (23.2%)
(RDMA_READ_CONSUME_CHECK_CONSUMER) timestamp=2955 ms, used_size=9515008 bytes (23.2%)
(RDMA_READ_CONSUME_CHECK_CONSUMER) timestamp=2955 ms, used_size=9512960 bytes (23.2%)
(RDMA_READ_CONSUME_CHECK_CONSUMER) timestamp=2955 ms, used_size=9510912 bytes (23.2%)
(RDMA_READ_CONSUME_CHECK_CONSUMER) timestamp=2955 ms, used_size=9508864 bytes (23.2%)
(RDMA_READ_CONSUME_CHECK_CONSUMER) timestamp=2955 ms, used_size=9506816 bytes (23.2%)
(RDMA_READ_CONSUME_CHECK_CONSUMER) timestamp=2955 ms, used_size=9504768 bytes (23.2%)
(RDMA_READ_CONSUME_CHECK_CONSUMER) timestamp=2955 ms, used_size=9502720 bytes (23.2%)
(RDMA_READ_CONSUME_CHECK_CONSUMER) timestamp=2955 ms, used_size=9500672 bytes (23.2%)
(RDMA_READ_CONSUME_CHECK_CONSUMER) timestamp=2955 ms, used_size=9498624 bytes (23.2%)
(RDMA_READ_CONSUME_CHECK_CONSUMER) timestamp=2955 ms, used_size=9496576 bytes (23.2%)
(RDMA_READ_CONSUME_CHECK_CONSUMER) timestamp=2955 ms, used_size=9494528 bytes (23.2%)
(RDMA_READ_CONSUME_CHECK_CONSUMER) timestamp=2955 ms, used_size=9492480 bytes (23.2%)
(RDMA_READ_CONSUME_CHECK_CONSUMER) timestamp=2955 ms, used_size=9490432 bytes (23.2%)
(RDMA_READ_CONSUME_CHECK_CONSUMER) timestamp=2955 ms, used_size=9488384 bytes (23.2%)
(RDMA_READ_CONSUME_CHECK_CONSUMER) timestamp=2955 ms, used_size=9486336 bytes (23.2%)
(RDMA_READ_CONSUME_CHECK_CONSUMER) timestamp=2955 ms, used_size=9484288 bytes (23.2%)
(RDMA_READ_CONSUME_CHECK_CONSUMER) timestamp=2955 ms, used_size=9482240 bytes (23.1%)
(RDMA_READ_CONSUME_CHECK_CONSUMER) timestamp=2955 ms, used_size=9480192 bytes (23.1%)
(RDMA_READ_CONSUME_CHECK_CONSUMER) timestamp=2955 ms, used_size=9478144 bytes (23.1%)
(RDMA_READ_CONSUME_CHECK_CONSUMER) timestamp=2955 ms, used_size=9476096 bytes (23.1%)
(RDMA_READ_CONSUME_CHECK_CONSUMER) timestamp=2955 ms, used_size=9474048 bytes (23.1%)
(RDMA_READ_CONSUME_CHECK_CONSUMER) timestamp=2955 ms, used_size=9472000 bytes (23.1%)
(RDMA_READ_CONSUME_CHECK_CONSUMER) timestamp=2955 ms, used_size=9469952 bytes (23.1%)
(RDMA_READ_CONSUME_CHECK_CONSUMER) timestamp=2955 ms, used_size=9467904 bytes (23.1%)
(RDMA_READ_CONSUME_CHECK_CONSUMER) timestamp=2955 ms, used_size=9465856 bytes (23.1%)
(RDMA_READ_CONSUME_CHECK_CONSUMER) timestamp=2955 ms, used_size=9463808 bytes (23.1%)
(RDMA_READ_CONSUME_CHECK_CONSUMER) timestamp=2955 ms, used_size=9461760 bytes (23.1%)
(RDMA_READ_CONSUME_CHECK_CONSUMER) timestamp=2955 ms, used_size=9459712 bytes (23.1%)
(RDMA_READ_CONSUME_CHECK_CONSUMER) timestamp=2955 ms, used_size=9457664 bytes (23.1%)
(RDMA_READ_CONSUME_CHECK_CONSUMER) timestamp=2955 ms, used_size=9455616 bytes (23.1%)
(RDMA_READ_CONSUME_CHECK_CONSUMER) timestamp=2955 ms, used_size=9453568 bytes (23.1%)
(RDMA_READ_CONSUME_CHECK_CONSUMER) timestamp=2955 ms, used_size=9451520 bytes (23.1%)
(RDMA_READ_CONSUME_CHECK_CONSUMER) timestamp=2955 ms, used_size=9449472 bytes (23.1%)
(RDMA_READ_CONSUME_CHECK_CONSUMER) timestamp=2955 ms, used_size=9447424 bytes (23.1%)
(RDMA_READ_CONSUME_CHECK_CONSUMER) timestamp=2955 ms, used_size=9445376 bytes (23.1%)
(RDMA_READ_CONSUME_CHECK_CONSUMER) timestamp=2955 ms, used_size=9443328 bytes (23.1%)
(RDMA_READ_CONSUME_CHECK_CONSUMER) timestamp=2955 ms, used_size=9441280 bytes (23.1%)
(RDMA_READ_CONSUME_CHECK_CONSUMER) timestamp=2955 ms, used_size=9439232 bytes (23.0%)
(RDMA_READ_CONSUME_CHECK_CONSUMER) timestamp=2955 ms, used_size=9437184 bytes (23.0%)
(RDMA_READ_CONSUME_CHECK_CONSUMER) timestamp=2955 ms, used_size=9435136 bytes (23.0%)
(RDMA_READ_CONSUME_CHECK_CONSUMER) timestamp=2955 ms, used_size=9433088 bytes (23.0%)
(RDMA_READ_CONSUME_CHECK_CONSUMER) timestamp=2955 ms, used_size=9431040 bytes (23.0%)
(RDMA_READ_CONSUME_CHECK_CONSUMER) timestamp=2955 ms, used_size=9428992 bytes (23.0%)
(RDMA_READ_CONSUME_CHECK_CONSUMER) timestamp=2955 ms, used_size=9426944 bytes (23.0%)
(RDMA_READ_CONSUME_CHECK_CONSUMER) timestamp=2955 ms, used_size=9424896 bytes (23.0%)
(RDMA_READ_CONSUME_CHECK_CONSUMER) timestamp=2955 ms, used_size=9422848 bytes (23.0%)
(RDMA_READ_CONSUME_CHECK_CONSUMER) timestamp=2955 ms, used_size=9420800 bytes (23.0%)
(RDMA_READ_CONSUME_CHECK_CONSUMER) timestamp=2955 ms, used_size=9418752 bytes (23.0%)
(RDMA_READ_CONSUME_CHECK_CONSUMER) timestamp=2955 ms, used_size=9416704 bytes (23.0%)
(RDMA_READ_CONSUME_CHECK_CONSUMER) timestamp=2955 ms, used_size=9414656 bytes (23.0%)
(RDMA_READ_CONSUME_CHECK_CONSUMER) timestamp=2955 ms, used_size=9412608 bytes (23.0%)
(RDMA_READ_CONSUME_CHECK_CONSUMER) timestamp=2955 ms, used_size=9410560 bytes (23.0%)
(RDMA_READ_CONSUME_CHECK_CONSUMER) timestamp=2955 ms, used_size=9408512 bytes (23.0%)
(RDMA_READ_CONSUME_CHECK_CONSUMER) timestamp=2955 ms, used_size=9406464 bytes (23.0%)
(RDMA_READ_CONSUME_CHECK_CONSUMER) timestamp=2955 ms, used_size=9404416 bytes (23.0%)
(RDMA_READ_CONSUME_CHECK_CONSUMER) timestamp=2955 ms, used_size=9402368 bytes (23.0%)
(RDMA_READ_CONSUME_CHECK_CONSUMER) timestamp=2955 ms, used_size=9400320 bytes (22.9%)
(RDMA_READ_CONSUME_CHECK_CONSUMER) timestamp=2955 ms, used_size=9398272 bytes (22.9%)
(RDMA_READ_CONSUME_CHECK_CONSUMER) timestamp=2955 ms, used_size=9396224 bytes (22.9%)
(RDMA_READ_CONSUME_CHECK_CONSUMER) timestamp=2955 ms, used_size=9394176 bytes (22.9%)
(RDMA_READ_CONSUME_CHECK_CONSUMER) timestamp=2955 ms, used_size=9392128 bytes (22.9%)
(RDMA_READ_CONSUME_CHECK_CONSUMER) timestamp=2955 ms, used_size=9390080 bytes (22.9%)
(RDMA_READ_CONSUME_CHECK_CONSUMER) timestamp=2955 ms, used_size=9388032 bytes (22.9%)
(RDMA_READ_CONSUME_CHECK_CONSUMER) timestamp=2955 ms, used_size=9385984 bytes (22.9%)
(RDMA_READ_CONSUME_CHECK_CONSUMER) timestamp=2955 ms, used_size=9383936 bytes (22.9%)
(RDMA_READ_CONSUME_CHECK_CONSUMER) timestamp=2955 ms, used_size=9381888 bytes (22.9%)
(RDMA_READ_CONSUME_CHECK_CONSUMER) timestamp=2955 ms, used_size=9379840 bytes (22.9%)
(RDMA_READ_CONSUME_CHECK_CONSUMER) timestamp=2955 ms, used_size=9377792 bytes (22.9%)
(RDMA_READ_CONSUME_CHECK_CONSUMER) timestamp=2955 ms, used_size=9375744 bytes (22.9%)
(RDMA_READ_CONSUME_CHECK_CONSUMER) timestamp=2955 ms, used_size=9373696 bytes (22.9%)
(RDMA_READ_CONSUME_CHECK_CONSUMER) timestamp=2955 ms, used_size=9371648 bytes (22.9%)
(RDMA_READ_CONSUME_CHECK_CONSUMER) timestamp=2955 ms, used_size=9369600 bytes (22.9%)
(RDMA_READ_CONSUME_CHECK_CONSUMER) timestamp=2955 ms, used_size=9367552 bytes (22.9%)
(RDMA_READ_CONSUME_CHECK_CONSUMER) timestamp=2955 ms, used_size=9365504 bytes (22.9%)
(RDMA_READ_CONSUME_CHECK_CONSUMER) timestamp=2955 ms, used_size=9363456 bytes (22.9%)
(RDMA_READ_CONSUME_CHECK_CONSUMER) timestamp=2955 ms, used_size=9361408 bytes (22.9%)
(RDMA_READ_CONSUME_CHECK_CONSUMER) timestamp=2955 ms, used_size=9359360 bytes (22.9%)
(RDMA_READ_CONSUME_CHECK_CONSUMER) timestamp=2955 ms, used_size=9357312 bytes (22.8%)
(RDMA_READ_CONSUME_CHECK_CONSUMER) timestamp=2955 ms, used_size=9355264 bytes (22.8%)
(RDMA_READ_CONSUME_CHECK_CONSUMER) timestamp=2955 ms, used_size=9353216 bytes (22.8%)
(RDMA_READ_CONSUME_CHECK_CONSUMER) timestamp=2955 ms, used_size=9351168 bytes (22.8%)
(RDMA_READ_CONSUME_CHECK_CONSUMER) timestamp=2955 ms, used_size=9349120 bytes (22.8%)
(RDMA_READ_CONSUME_CHECK_CONSUMER) timestamp=2955 ms, used_size=9347072 bytes (22.8%)
(RDMA_READ_CONSUME_CHECK_CONSUMER) timestamp=2955 ms, used_size=9345024 bytes (22.8%)
(RDMA_READ_CONSUME_CHECK_CONSUMER) timestamp=2955 ms, used_size=9342976 bytes (22.8%)
(RDMA_READ_CONSUME_CHECK_CONSUMER) timestamp=2955 ms, used_size=9340928 bytes (22.8%)
(RDMA_READ_CONSUME_CHECK_CONSUMER) timestamp=2955 ms, used_size=9338880 bytes (22.8%)
(RDMA_READ_CONSUME_CHECK_CONSUMER) timestamp=2955 ms, used_size=9336832 bytes (22.8%)
(RDMA_READ_CONSUME_CHECK_CONSUMER) timestamp=2955 ms, used_size=9334784 bytes (22.8%)
(RDMA_READ_CONSUME_CHECK_CONSUMER) timestamp=2955 ms, used_size=9332736 bytes (22.8%)
(RDMA_READ_CONSUME_CHECK_CONSUMER) timestamp=2955 ms, used_size=9330688 bytes (22.8%)
(RDMA_READ_CONSUME_CHECK_CONSUMER) timestamp=2955 ms, used_size=9328640 bytes (22.8%)
(RDMA_READ_CONSUME_CHECK_CONSUMER) timestamp=2955 ms, used_size=9326592 bytes (22.8%)
(RDMA_READ_CONSUME_CHECK_CONSUMER) timestamp=2955 ms, used_size=9324544 bytes (22.8%)
(RDMA_READ_CONSUME_CHECK_CONSUMER) timestamp=2955 ms, used_size=9322496 bytes (22.8%)
(RDMA_READ_CONSUME_CHECK_CONSUMER) timestamp=2955 ms, used_size=9320448 bytes (22.8%)
(RDMA_READ_CONSUME_CHECK_CONSUMER) timestamp=2955 ms, used_size=9318400 bytes (22.8%)
(RDMA_READ_CONSUME_CHECK_CONSUMER) timestamp=2955 ms, used_size=9316352 bytes (22.7%)
(RDMA_READ_CONSUME_CHECK_CONSUMER) timestamp=2955 ms, used_size=9314304 bytes (22.7%)
(RDMA_READ_CONSUME_CHECK_CONSUMER) timestamp=2955 ms, used_size=9312256 bytes (22.7%)
(RDMA_READ_CONSUME_CHECK_CONSUMER) timestamp=2955 ms, used_size=9310208 bytes (22.7%)
(RDMA_READ_CONSUME_CHECK_CONSUMER) timestamp=2955 ms, used_size=9308160 bytes (22.7%)
(RDMA_READ_CONSUME_CHECK_CONSUMER) timestamp=2955 ms, used_size=9306112 bytes (22.7%)
(RDMA_READ_CONSUME_CHECK_CONSUMER) timestamp=2955 ms, used_size=9304064 bytes (22.7%)
(RDMA_READ_CONSUME_CHECK_CONSUMER) timestamp=2955 ms, used_size=9302016 bytes (22.7%)
(RDMA_READ_CONSUME_CHECK_CONSUMER) timestamp=2955 ms, used_size=9299968 bytes (22.7%)
(RDMA_READ_CONSUME_CHECK_CONSUMER) timestamp=2955 ms, used_size=9297920 bytes (22.7%)
(RDMA_READ_CONSUME_CHECK_CONSUMER) timestamp=2955 ms, used_size=9295872 bytes (22.7%)
(RDMA_READ_CONSUME_CHECK_CONSUMER) timestamp=2955 ms, used_size=9293824 bytes (22.7%)
(RDMA_READ_CONSUME_CHECK_CONSUMER) timestamp=2955 ms, used_size=9291776 bytes (22.7%)
(RDMA_READ_CONSUME_CHECK_CONSUMER) timestamp=2955 ms, used_size=9289728 bytes (22.7%)
(RDMA_READ_CONSUME_CHECK_CONSUMER) timestamp=2955 ms, used_size=9287680 bytes (22.7%)
(RDMA_READ_CONSUME_CHECK_CONSUMER) timestamp=2956 ms, used_size=9285632 bytes (22.7%)
(RDMA_READ_CONSUME_CHECK_CONSUMER) timestamp=2956 ms, used_size=9283584 bytes (22.7%)
(RDMA_READ_CONSUME_CHECK_CONSUMER) timestamp=2956 ms, used_size=9281536 bytes (22.7%)
(RDMA_READ_CONSUME_CHECK_CONSUMER) timestamp=2956 ms, used_size=9279488 bytes (22.7%)
(RDMA_READ_CONSUME_CHECK_CONSUMER) timestamp=2956 ms, used_size=9277440 bytes (22.6%)
(RDMA_READ_CONSUME_CHECK_CONSUMER) timestamp=2956 ms, used_size=9275392 bytes (22.6%)
(RDMA_READ_CONSUME_CHECK_CONSUMER) timestamp=2956 ms, used_size=9273344 bytes (22.6%)
(RDMA_READ_CONSUME_CHECK_CONSUMER) timestamp=2956 ms, used_size=9271296 bytes (22.6%)
(RDMA_READ_CONSUME_CHECK_CONSUMER) timestamp=2956 ms, used_size=9269248 bytes (22.6%)
(RDMA_READ_CONSUME_CHECK_CONSUMER) timestamp=2956 ms, used_size=9267200 bytes (22.6%)
(RDMA_READ_CONSUME_CHECK_CONSUMER) timestamp=2956 ms, used_size=9265152 bytes (22.6%)
(RDMA_READ_CONSUME_CHECK_CONSUMER) timestamp=2956 ms, used_size=9263104 bytes (22.6%)
(RDMA_READ_CONSUME_CHECK_CONSUMER) timestamp=2956 ms, used_size=9261056 bytes (22.6%)
(RDMA_READ_CONSUME_CHECK_CONSUMER) timestamp=2956 ms, used_size=9259008 bytes (22.6%)
(RDMA_READ_CONSUME_CHECK_CONSUMER) timestamp=2956 ms, used_size=9256960 bytes (22.6%)
(RDMA_READ_CONSUME_CHECK_CONSUMER) timestamp=2956 ms, used_size=9254912 bytes (22.6%)
(RDMA_READ_CONSUME_CHECK_CONSUMER) timestamp=2956 ms, used_size=9252864 bytes (22.6%)
(RDMA_READ_CONSUME_CHECK_CONSUMER) timestamp=2956 ms, used_size=9250816 bytes (22.6%)
(RDMA_READ_CONSUME_CHECK_CONSUMER) timestamp=2956 ms, used_size=9248768 bytes (22.6%)
(RDMA_READ_CONSUME_CHECK_CONSUMER) timestamp=2956 ms, used_size=9246720 bytes (22.6%)
(RDMA_READ_CONSUME_CHECK_CONSUMER) timestamp=2956 ms, used_size=9244672 bytes (22.6%)
(RDMA_READ_CONSUME_CHECK_CONSUMER) timestamp=2956 ms, used_size=9242624 bytes (22.6%)
(RDMA_READ_CONSUME_CHECK_CONSUMER) timestamp=2956 ms, used_size=9240576 bytes (22.6%)
(RDMA_READ_CONSUME_CHECK_CONSUMER) timestamp=2956 ms, used_size=9238528 bytes (22.6%)
(RDMA_READ_CONSUME_CHECK_CONSUMER) timestamp=2956 ms, used_size=9236480 bytes (22.6%)
(RDMA_READ_CONSUME_CHECK_CONSUMER) timestamp=2956 ms, used_size=9234432 bytes (22.5%)
(RDMA_READ_CONSUME_CHECK_CONSUMER) timestamp=2956 ms, used_size=9232384 bytes (22.5%)
(RDMA_READ_CONSUME_CHECK_CONSUMER) timestamp=2956 ms, used_size=9230336 bytes (22.5%)
(RDMA_READ_CONSUME_CHECK_CONSUMER) timestamp=2956 ms, used_size=9228288 bytes (22.5%)
(RDMA_READ_CONSUME_CHECK_CONSUMER) timestamp=2956 ms, used_size=9226240 bytes (22.5%)
(RDMA_READ_CONSUME_CHECK_CONSUMER) timestamp=2956 ms, used_size=9224192 bytes (22.5%)
(RDMA_READ_CONSUME_CHECK_CONSUMER) timestamp=2956 ms, used_size=9222144 bytes (22.5%)
(RDMA_READ_CONSUME_CHECK_CONSUMER) timestamp=2956 ms, used_size=9220096 bytes (22.5%)
(RDMA_READ_CONSUME_CHECK_CONSUMER) timestamp=2956 ms, used_size=9218048 bytes (22.5%)
(RDMA_READ_CONSUME_CHECK_CONSUMER) timestamp=2956 ms, used_size=9216000 bytes (22.5%)
(RDMA_READ_CONSUME_CHECK_CONSUMER) timestamp=2956 ms, used_size=9213952 bytes (22.5%)
(RDMA_READ_CONSUME_CHECK_CONSUMER) timestamp=2956 ms, used_size=9211904 bytes (22.5%)
(RDMA_READ_CONSUME_CHECK_CONSUMER) timestamp=2956 ms, used_size=9209856 bytes (22.5%)
(RDMA_READ_CONSUME_CHECK_CONSUMER) timestamp=2956 ms, used_size=9207808 bytes (22.5%)
(RDMA_READ_CONSUME_CHECK_CONSUMER) timestamp=2956 ms, used_size=9205760 bytes (22.5%)
(RDMA_READ_CONSUME_CHECK_CONSUMER) timestamp=2956 ms, used_size=9203712 bytes (22.5%)
(RDMA_READ_CONSUME_CHECK_CONSUMER) timestamp=2956 ms, used_size=9201664 bytes (22.5%)
(RDMA_READ_CONSUME_CHECK_CONSUMER) timestamp=2956 ms, used_size=9199616 bytes (22.5%)
(RDMA_READ_CONSUME_CHECK_CONSUMER) timestamp=2956 ms, used_size=9197568 bytes (22.5%)
(RDMA_READ_CONSUME_CHECK_CONSUMER) timestamp=2956 ms, used_size=9195520 bytes (22.4%)
(RDMA_READ_CONSUME_CHECK_CONSUMER) timestamp=2956 ms, used_size=9193472 bytes (22.4%)
(RDMA_READ_CONSUME_CHECK_CONSUMER) timestamp=2956 ms, used_size=9191424 bytes (22.4%)
(RDMA_READ_CONSUME_CHECK_CONSUMER) timestamp=2956 ms, used_size=9189376 bytes (22.4%)
(RDMA_READ_CONSUME_CHECK_CONSUMER) timestamp=2956 ms, used_size=9187328 bytes (22.4%)
(RDMA_READ_CONSUME_CHECK_CONSUMER) timestamp=2956 ms, used_size=9185280 bytes (22.4%)
(RDMA_READ_CONSUME_CHECK_CONSUMER) timestamp=2956 ms, used_size=9183232 bytes (22.4%)
(RDMA_READ_CONSUME_CHECK_CONSUMER) timestamp=2956 ms, used_size=9181184 bytes (22.4%)
(RDMA_READ_CONSUME_CHECK_CONSUMER) timestamp=2956 ms, used_size=9179136 bytes (22.4%)
(RDMA_READ_CONSUME_CHECK_CONSUMER) timestamp=2956 ms, used_size=9177088 bytes (22.4%)
(RDMA_READ_CONSUME_CHECK_CONSUMER) timestamp=2956 ms, used_size=9175040 bytes (22.4%)
(RDMA_READ_CONSUME_CHECK_CONSUMER) timestamp=2956 ms, used_size=9172992 bytes (22.4%)
(RDMA_READ_CONSUME_CHECK_CONSUMER) timestamp=2956 ms, used_size=9170944 bytes (22.4%)
(RDMA_READ_CONSUME_CHECK_CONSUMER) timestamp=2956 ms, used_size=9168896 bytes (22.4%)
(RDMA_READ_CONSUME_CHECK_CONSUMER) timestamp=2956 ms, used_size=9166848 bytes (22.4%)
(RDMA_READ_CONSUME_CHECK_CONSUMER) timestamp=2956 ms, used_size=9164800 bytes (22.4%)
(RDMA_READ_CONSUME_CHECK_CONSUMER) timestamp=2956 ms, used_size=9162752 bytes (22.4%)
(RDMA_READ_CONSUME_CHECK_CONSUMER) timestamp=2956 ms, used_size=9160704 bytes (22.4%)
(RDMA_READ_CONSUME_CHECK_CONSUMER) timestamp=2956 ms, used_size=9158656 bytes (22.4%)
(RDMA_READ_CONSUME_CHECK_CONSUMER) timestamp=2956 ms, used_size=9156608 bytes (22.4%)
(RDMA_READ_CONSUME_CHECK_CONSUMER) timestamp=2956 ms, used_size=9154560 bytes (22.4%)
(RDMA_READ_CONSUME_CHECK_CONSUMER) timestamp=2956 ms, used_size=9152512 bytes (22.3%)
(RDMA_READ_CONSUME_CHECK_CONSUMER) timestamp=2956 ms, used_size=9150464 bytes (22.3%)
(RDMA_READ_CONSUME_CHECK_CONSUMER) timestamp=2956 ms, used_size=9148416 bytes (22.3%)
(RDMA_READ_CONSUME_CHECK_CONSUMER) timestamp=2956 ms, used_size=9146368 bytes (22.3%)
(RDMA_READ_CONSUME_CHECK_CONSUMER) timestamp=2956 ms, used_size=9144320 bytes (22.3%)
(RDMA_READ_CONSUME_CHECK_CONSUMER) timestamp=2956 ms, used_size=9142272 bytes (22.3%)
(RDMA_READ_CONSUME_CHECK_CONSUMER) timestamp=2956 ms, used_size=9140224 bytes (22.3%)
(RDMA_READ_CONSUME_CHECK_CONSUMER) timestamp=2956 ms, used_size=9138176 bytes (22.3%)
(RDMA_READ_CONSUME_CHECK_CONSUMER) timestamp=2956 ms, used_size=9136128 bytes (22.3%)
(RDMA_READ_CONSUME_CHECK_CONSUMER) timestamp=2956 ms, used_size=9134080 bytes (22.3%)
(RDMA_READ_CONSUME_CHECK_CONSUMER) timestamp=2956 ms, used_size=9132032 bytes (22.3%)
(RDMA_READ_CONSUME_CHECK_CONSUMER) timestamp=2956 ms, used_size=9129984 bytes (22.3%)
(RDMA_READ_CONSUME_CHECK_CONSUMER) timestamp=2956 ms, used_size=9127936 bytes (22.3%)
(RDMA_READ_CONSUME_CHECK_CONSUMER) timestamp=2956 ms, used_size=9125888 bytes (22.3%)
(RDMA_READ_CONSUME_CHECK_CONSUMER) timestamp=2956 ms, used_size=9123840 bytes (22.3%)
(RDMA_READ_CONSUME_CHECK_CONSUMER) timestamp=2956 ms, used_size=9121792 bytes (22.3%)
(RDMA_READ_CONSUME_CHECK_CONSUMER) timestamp=2956 ms, used_size=9119744 bytes (22.3%)
(RDMA_READ_CONSUME_CHECK_CONSUMER) timestamp=2956 ms, used_size=9117696 bytes (22.3%)
(RDMA_READ_CONSUME_CHECK_CONSUMER) timestamp=2956 ms, used_size=9115648 bytes (22.3%)
(RDMA_READ_CONSUME_CHECK_CONSUMER) timestamp=2956 ms, used_size=9113600 bytes (22.2%)
(RDMA_READ_CONSUME_CHECK_CONSUMER) timestamp=2956 ms, used_size=9111552 bytes (22.2%)
(RDMA_READ_CONSUME_CHECK_CONSUMER) timestamp=2956 ms, used_size=9109504 bytes (22.2%)
(RDMA_READ_CONSUME_CHECK_CONSUMER) timestamp=2956 ms, used_size=9107456 bytes (22.2%)
(RDMA_READ_CONSUME_CHECK_CONSUMER) timestamp=2956 ms, used_size=9105408 bytes (22.2%)
(RDMA_READ_CONSUME_CHECK_CONSUMER) timestamp=2956 ms, used_size=9103360 bytes (22.2%)
(RDMA_READ_CONSUME_CHECK_CONSUMER) timestamp=2956 ms, used_size=9101312 bytes (22.2%)
(RDMA_READ_CONSUME_CHECK_CONSUMER) timestamp=2956 ms, used_size=9099264 bytes (22.2%)
(RDMA_READ_CONSUME_CHECK_CONSUMER) timestamp=2956 ms, used_size=9097216 bytes (22.2%)
(RDMA_READ_CONSUME_CHECK_CONSUMER) timestamp=2956 ms, used_size=9095168 bytes (22.2%)
(RDMA_READ_CONSUME_CHECK_CONSUMER) timestamp=2956 ms, used_size=9093120 bytes (22.2%)
(RDMA_READ_CONSUME_CHECK_CONSUMER) timestamp=2956 ms, used_size=9091072 bytes (22.2%)
(RDMA_READ_CONSUME_CHECK_CONSUMER) timestamp=2956 ms, used_size=9089024 bytes (22.2%)
(RDMA_READ_CONSUME_CHECK_CONSUMER) timestamp=2956 ms, used_size=9086976 bytes (22.2%)
(RDMA_READ_CONSUME_CHECK_CONSUMER) timestamp=2956 ms, used_size=9084928 bytes (22.2%)
(RDMA_READ_CONSUME_CHECK_CONSUMER) timestamp=2956 ms, used_size=9082880 bytes (22.2%)
(RDMA_READ_CONSUME_CHECK_CONSUMER) timestamp=2956 ms, used_size=9080832 bytes (22.2%)
(RDMA_READ_CONSUME_CHECK_CONSUMER) timestamp=2956 ms, used_size=9078784 bytes (22.2%)
(RDMA_READ_CONSUME_CHECK_CONSUMER) timestamp=2956 ms, used_size=9076736 bytes (22.2%)
(RDMA_READ_CONSUME_CHECK_CONSUMER) timestamp=2956 ms, used_size=9074688 bytes (22.2%)
(RDMA_READ_CONSUME_CHECK_CONSUMER) timestamp=2956 ms, used_size=9072640 bytes (22.1%)
(RDMA_READ_CONSUME_CHECK_CONSUMER) timestamp=2956 ms, used_size=9070592 bytes (22.1%)
(RDMA_READ_CONSUME_CHECK_CONSUMER) timestamp=2956 ms, used_size=9068544 bytes (22.1%)
(RDMA_READ_CONSUME_CHECK_CONSUMER) timestamp=2956 ms, used_size=9066496 bytes (22.1%)
(RDMA_READ_CONSUME_CHECK_CONSUMER) timestamp=2956 ms, used_size=9064448 bytes (22.1%)
(RDMA_READ_CONSUME_CHECK_CONSUMER) timestamp=2956 ms, used_size=9062400 bytes (22.1%)
(RDMA_READ_CONSUME_CHECK_CONSUMER) timestamp=2956 ms, used_size=9060352 bytes (22.1%)
(RDMA_READ_CONSUME_CHECK_CONSUMER) timestamp=2956 ms, used_size=9058304 bytes (22.1%)
(RDMA_READ_CONSUME_CHECK_CONSUMER) timestamp=2956 ms, used_size=9056256 bytes (22.1%)
(RDMA_READ_CONSUME_CHECK_CONSUMER) timestamp=2956 ms, used_size=9054208 bytes (22.1%)
(RDMA_READ_CONSUME_CHECK_CONSUMER) timestamp=2956 ms, used_size=9052160 bytes (22.1%)
(RDMA_READ_CONSUME_CHECK_CONSUMER) timestamp=2956 ms, used_size=9050112 bytes (22.1%)
(RDMA_READ_CONSUME_CHECK_CONSUMER) timestamp=2956 ms, used_size=9048064 bytes (22.1%)
(RDMA_READ_CONSUME_CHECK_CONSUMER) timestamp=2956 ms, used_size=9046016 bytes (22.1%)
(RDMA_READ_CONSUME_CHECK_CONSUMER) timestamp=2956 ms, used_size=9043968 bytes (22.1%)
(RDMA_READ_CONSUME_CHECK_CONSUMER) timestamp=2956 ms, used_size=9041920 bytes (22.1%)
(RDMA_READ_CONSUME_CHECK_CONSUMER) timestamp=2956 ms, used_size=9039872 bytes (22.1%)
(RDMA_READ_CONSUME_CHECK_CONSUMER) timestamp=2956 ms, used_size=9037824 bytes (22.1%)
(RDMA_READ_CONSUME_CHECK_CONSUMER) timestamp=2956 ms, used_size=9035776 bytes (22.1%)
(RDMA_READ_CONSUME_CHECK_CONSUMER) timestamp=2956 ms, used_size=9033728 bytes (22.1%)
(RDMA_READ_CONSUME_CHECK_CONSUMER) timestamp=2956 ms, used_size=9031680 bytes (22.1%)
(RDMA_READ_CONSUME_CHECK_CONSUMER) timestamp=2956 ms, used_size=9029632 bytes (22.0%)
(RDMA_READ_CONSUME_CHECK_CONSUMER) timestamp=2956 ms, used_size=9027584 bytes (22.0%)
(RDMA_READ_CONSUME_CHECK_CONSUMER) timestamp=2956 ms, used_size=9025536 bytes (22.0%)
(RDMA_READ_CONSUME_CHECK_CONSUMER) timestamp=2956 ms, used_size=9023488 bytes (22.0%)
(RDMA_READ_CONSUME_CHECK_CONSUMER) timestamp=2956 ms, used_size=9021440 bytes (22.0%)
(RDMA_READ_CONSUME_CHECK_CONSUMER) timestamp=2956 ms, used_size=9019392 bytes (22.0%)
(RDMA_READ_CONSUME_CHECK_CONSUMER) timestamp=2956 ms, used_size=9017344 bytes (22.0%)
(RDMA_READ_CONSUME_CHECK_CONSUMER) timestamp=2956 ms, used_size=9015296 bytes (22.0%)
(RDMA_READ_CONSUME_CHECK_CONSUMER) timestamp=2956 ms, used_size=9013248 bytes (22.0%)
(RDMA_READ_CONSUME_CHECK_CONSUMER) timestamp=2956 ms, used_size=9011200 bytes (22.0%)
(RDMA_READ_CONSUME_CHECK_CONSUMER) timestamp=2956 ms, used_size=9009152 bytes (22.0%)
(RDMA_READ_CONSUME_CHECK_CONSUMER) timestamp=2956 ms, used_size=9007104 bytes (22.0%)
(RDMA_READ_CONSUME_CHECK_CONSUMER) timestamp=2956 ms, used_size=9005056 bytes (22.0%)
(RDMA_READ_CONSUME_CHECK_CONSUMER) timestamp=2956 ms, used_size=9003008 bytes (22.0%)
(RDMA_READ_CONSUME_CHECK_CONSUMER) timestamp=2956 ms, used_size=9000960 bytes (22.0%)
(RDMA_READ_CONSUME_CHECK_CONSUMER) timestamp=2956 ms, used_size=8998912 bytes (22.0%)
(RDMA_READ_CONSUME_CHECK_CONSUMER) timestamp=2956 ms, used_size=8996864 bytes (22.0%)
(RDMA_READ_CONSUME_CHECK_CONSUMER) timestamp=2956 ms, used_size=8994816 bytes (22.0%)
(RDMA_READ_CONSUME_CHECK_CONSUMER) timestamp=2956 ms, used_size=8992768 bytes (22.0%)
(RDMA_READ_CONSUME_CHECK_CONSUMER) timestamp=2956 ms, used_size=8990720 bytes (21.9%)
(RDMA_READ_CONSUME_CHECK_CONSUMER) timestamp=2956 ms, used_size=8988672 bytes (21.9%)
(RDMA_READ_CONSUME_CHECK_CONSUMER) timestamp=2956 ms, used_size=8986624 bytes (21.9%)
(RDMA_READ_CONSUME_CHECK_CONSUMER) timestamp=2956 ms, used_size=8984576 bytes (21.9%)
(RDMA_READ_CONSUME_CHECK_CONSUMER) timestamp=2956 ms, used_size=8982528 bytes (21.9%)
(RDMA_READ_CONSUME_CHECK_CONSUMER) timestamp=2956 ms, used_size=8980480 bytes (21.9%)
(RDMA_READ_CONSUME_CHECK_CONSUMER) timestamp=2956 ms, used_size=8978432 bytes (21.9%)
(RDMA_READ_CONSUME_CHECK_CONSUMER) timestamp=2956 ms, used_size=8976384 bytes (21.9%)
(RDMA_READ_CONSUME_CHECK_CONSUMER) timestamp=2956 ms, used_size=8974336 bytes (21.9%)
(RDMA_READ_CONSUME_CHECK_CONSUMER) timestamp=2956 ms, used_size=8972288 bytes (21.9%)
(RDMA_READ_CONSUME_CHECK_CONSUMER) timestamp=2956 ms, used_size=8970240 bytes (21.9%)
(RDMA_READ_CONSUME_CHECK_CONSUMER) timestamp=2956 ms, used_size=8968192 bytes (21.9%)
(RDMA_READ_CONSUME_CHECK_CONSUMER) timestamp=2956 ms, used_size=8966144 bytes (21.9%)
(RDMA_READ_CONSUME_CHECK_CONSUMER) timestamp=2956 ms, used_size=8964096 bytes (21.9%)
(RDMA_READ_CONSUME_CHECK_CONSUMER) timestamp=2956 ms, used_size=8962048 bytes (21.9%)
(RDMA_READ_CONSUME_CHECK_CONSUMER) timestamp=2956 ms, used_size=8960000 bytes (21.9%)
(RDMA_READ_CONSUME_CHECK_CONSUMER) timestamp=2956 ms, used_size=8957952 bytes (21.9%)
(RDMA_READ_CONSUME_CHECK_CONSUMER) timestamp=2956 ms, used_size=8955904 bytes (21.9%)
(RDMA_READ_CONSUME_CHECK_CONSUMER) timestamp=2956 ms, used_size=8953856 bytes (21.9%)
(RDMA_READ_CONSUME_CHECK_CONSUMER) timestamp=2956 ms, used_size=8951808 bytes (21.9%)
(RDMA_READ_CONSUME_CHECK_CONSUMER) timestamp=2956 ms, used_size=8949760 bytes (21.9%)
(RDMA_READ_CONSUME_CHECK_CONSUMER) timestamp=2956 ms, used_size=8947712 bytes (21.8%)
(RDMA_READ_CONSUME_CHECK_CONSUMER) timestamp=2956 ms, used_size=8945664 bytes (21.8%)
(RDMA_READ_CONSUME_CHECK_CONSUMER) timestamp=2956 ms, used_size=8943616 bytes (21.8%)
(RDMA_READ_CONSUME_CHECK_CONSUMER) timestamp=2956 ms, used_size=8941568 bytes (21.8%)
(RDMA_READ_CONSUME_CHECK_CONSUMER) timestamp=2956 ms, used_size=8939520 bytes (21.8%)
(RDMA_READ_CONSUME_CHECK_CONSUMER) timestamp=2956 ms, used_size=8937472 bytes (21.8%)
(RDMA_READ_CONSUME_CHECK_CONSUMER) timestamp=2956 ms, used_size=8935424 bytes (21.8%)
(RDMA_READ_CONSUME_CHECK_CONSUMER) timestamp=2956 ms, used_size=8933376 bytes (21.8%)
(RDMA_READ_CONSUME_CHECK_CONSUMER) timestamp=2956 ms, used_size=8931328 bytes (21.8%)
(RDMA_READ_CONSUME_CHECK_CONSUMER) timestamp=2957 ms, used_size=8929280 bytes (21.8%)
(RDMA_READ_CONSUME_CHECK_CONSUMER) timestamp=2957 ms, used_size=8927232 bytes (21.8%)
(RDMA_READ_CONSUME_CHECK_CONSUMER) timestamp=2957 ms, used_size=8925184 bytes (21.8%)
(RDMA_READ_CONSUME_CHECK_CONSUMER) timestamp=2957 ms, used_size=8923136 bytes (21.8%)
(RDMA_READ_CONSUME_CHECK_CONSUMER) timestamp=2957 ms, used_size=8921088 bytes (21.8%)
(RDMA_READ_CONSUME_CHECK_CONSUMER) timestamp=2957 ms, used_size=8919040 bytes (21.8%)
(RDMA_READ_CONSUME_CHECK_CONSUMER) timestamp=2957 ms, used_size=8916992 bytes (21.8%)
(RDMA_READ_CONSUME_CHECK_CONSUMER) timestamp=2957 ms, used_size=8914944 bytes (21.8%)
(RDMA_READ_CONSUME_CHECK_CONSUMER) timestamp=2957 ms, used_size=8912896 bytes (21.8%)
(RDMA_READ_CONSUME_CHECK_CONSUMER) timestamp=2957 ms, used_size=8910848 bytes (21.8%)
(RDMA_READ_CONSUME_CHECK_CONSUMER) timestamp=2957 ms, used_size=8908800 bytes (21.8%)
(RDMA_READ_CONSUME_CHECK_CONSUMER) timestamp=2957 ms, used_size=8906752 bytes (21.7%)
(RDMA_READ_CONSUME_CHECK_CONSUMER) timestamp=2957 ms, used_size=8904704 bytes (21.7%)
(RDMA_READ_CONSUME_CHECK_CONSUMER) timestamp=2957 ms, used_size=8902656 bytes (21.7%)
(RDMA_READ_CONSUME_CHECK_CONSUMER) timestamp=2957 ms, used_size=8900608 bytes (21.7%)
(RDMA_READ_CONSUME_CHECK_CONSUMER) timestamp=2957 ms, used_size=8898560 bytes (21.7%)
(RDMA_READ_CONSUME_CHECK_CONSUMER) timestamp=2957 ms, used_size=8896512 bytes (21.7%)
(RDMA_READ_CONSUME_CHECK_CONSUMER) timestamp=2957 ms, used_size=8894464 bytes (21.7%)
(RDMA_READ_CONSUME_CHECK_CONSUMER) timestamp=2957 ms, used_size=8892416 bytes (21.7%)
(RDMA_READ_CONSUME_CHECK_CONSUMER) timestamp=2957 ms, used_size=8890368 bytes (21.7%)
(RDMA_READ_CONSUME_CHECK_CONSUMER) timestamp=2957 ms, used_size=8888320 bytes (21.7%)
(RDMA_READ_CONSUME_CHECK_CONSUMER) timestamp=2957 ms, used_size=8886272 bytes (21.7%)
(RDMA_READ_CONSUME_CHECK_CONSUMER) timestamp=2957 ms, used_size=8884224 bytes (21.7%)
(RDMA_READ_CONSUME_CHECK_CONSUMER) timestamp=2957 ms, used_size=8882176 bytes (21.7%)
(RDMA_READ_CONSUME_CHECK_CONSUMER) timestamp=2957 ms, used_size=8880128 bytes (21.7%)
(RDMA_READ_CONSUME_CHECK_CONSUMER) timestamp=2957 ms, used_size=8878080 bytes (21.7%)
(RDMA_READ_CONSUME_CHECK_CONSUMER) timestamp=2957 ms, used_size=8876032 bytes (21.7%)
(RDMA_READ_CONSUME_CHECK_CONSUMER) timestamp=2957 ms, used_size=8873984 bytes (21.7%)
(RDMA_READ_CONSUME_CHECK_CONSUMER) timestamp=2957 ms, used_size=8871936 bytes (21.7%)
(RDMA_READ_CONSUME_CHECK_CONSUMER) timestamp=2957 ms, used_size=8869888 bytes (21.7%)
(RDMA_READ_CONSUME_CHECK_CONSUMER) timestamp=2957 ms, used_size=8867840 bytes (21.6%)
(RDMA_READ_CONSUME_CHECK_CONSUMER) timestamp=2957 ms, used_size=8865792 bytes (21.6%)
(RDMA_READ_CONSUME_CHECK_CONSUMER) timestamp=2957 ms, used_size=8863744 bytes (21.6%)
(RDMA_READ_CONSUME_CHECK_CONSUMER) timestamp=2957 ms, used_size=8861696 bytes (21.6%)
(RDMA_READ_CONSUME_CHECK_CONSUMER) timestamp=2957 ms, used_size=8859648 bytes (21.6%)
(RDMA_READ_CONSUME_CHECK_CONSUMER) timestamp=2957 ms, used_size=8857600 bytes (21.6%)
(RDMA_READ_CONSUME_CHECK_CONSUMER) timestamp=2957 ms, used_size=8855552 bytes (21.6%)
(RDMA_READ_CONSUME_CHECK_CONSUMER) timestamp=2957 ms, used_size=8853504 bytes (21.6%)
(RDMA_READ_CONSUME_CHECK_CONSUMER) timestamp=2957 ms, used_size=8851456 bytes (21.6%)
(RDMA_READ_CONSUME_CHECK_CONSUMER) timestamp=2957 ms, used_size=8849408 bytes (21.6%)
(RDMA_READ_CONSUME_CHECK_CONSUMER) timestamp=2957 ms, used_size=8847360 bytes (21.6%)
(RDMA_READ_CONSUME_CHECK_CONSUMER) timestamp=2957 ms, used_size=8845312 bytes (21.6%)
(RDMA_READ_CONSUME_CHECK_CONSUMER) timestamp=2957 ms, used_size=8843264 bytes (21.6%)
(RDMA_READ_CONSUME_CHECK_CONSUMER) timestamp=2957 ms, used_size=8841216 bytes (21.6%)
(RDMA_READ_CONSUME_CHECK_CONSUMER) timestamp=2957 ms, used_size=8839168 bytes (21.6%)
(RDMA_READ_CONSUME_CHECK_CONSUMER) timestamp=2957 ms, used_size=8837120 bytes (21.6%)
(RDMA_READ_CONSUME_CHECK_CONSUMER) timestamp=2957 ms, used_size=8835072 bytes (21.6%)
(RDMA_READ_CONSUME_CHECK_CONSUMER) timestamp=2957 ms, used_size=8833024 bytes (21.6%)
(RDMA_READ_CONSUME_CHECK_CONSUMER) timestamp=2957 ms, used_size=8830976 bytes (21.6%)
(RDMA_READ_CONSUME_CHECK_CONSUMER) timestamp=2957 ms, used_size=8828928 bytes (21.6%)
(RDMA_READ_CONSUME_CHECK_CONSUMER) timestamp=2957 ms, used_size=8826880 bytes (21.6%)
(RDMA_READ_CONSUME_CHECK_CONSUMER) timestamp=2957 ms, used_size=8824832 bytes (21.5%)
(RDMA_READ_CONSUME_CHECK_CONSUMER) timestamp=2957 ms, used_size=8822784 bytes (21.5%)
(RDMA_READ_CONSUME_CHECK_CONSUMER) timestamp=2957 ms, used_size=8820736 bytes (21.5%)
(RDMA_READ_CONSUME_CHECK_CONSUMER) timestamp=2957 ms, used_size=8818688 bytes (21.5%)
(RDMA_READ_CONSUME_CHECK_CONSUMER) timestamp=2957 ms, used_size=8816640 bytes (21.5%)
(RDMA_READ_CONSUME_CHECK_CONSUMER) timestamp=2957 ms, used_size=8814592 bytes (21.5%)
(RDMA_READ_CONSUME_CHECK_CONSUMER) timestamp=2957 ms, used_size=8812544 bytes (21.5%)
(RDMA_READ_CONSUME_CHECK_CONSUMER) timestamp=2957 ms, used_size=8810496 bytes (21.5%)
(RDMA_READ_CONSUME_CHECK_CONSUMER) timestamp=2957 ms, used_size=8808448 bytes (21.5%)
(RDMA_READ_CONSUME_CHECK_CONSUMER) timestamp=2957 ms, used_size=8806400 bytes (21.5%)
(RDMA_READ_CONSUME_CHECK_CONSUMER) timestamp=2957 ms, used_size=8804352 bytes (21.5%)
(RDMA_READ_CONSUME_CHECK_CONSUMER) timestamp=2957 ms, used_size=8802304 bytes (21.5%)
(RDMA_READ_CONSUME_CHECK_CONSUMER) timestamp=2957 ms, used_size=8800256 bytes (21.5%)
(RDMA_READ_CONSUME_CHECK_CONSUMER) timestamp=2957 ms, used_size=8798208 bytes (21.5%)
(RDMA_READ_CONSUME_CHECK_CONSUMER) timestamp=2957 ms, used_size=8796160 bytes (21.5%)
(RDMA_READ_CONSUME_CHECK_CONSUMER) timestamp=2957 ms, used_size=8794112 bytes (21.5%)
(RDMA_READ_CONSUME_CHECK_CONSUMER) timestamp=2957 ms, used_size=8792064 bytes (21.5%)
(RDMA_READ_CONSUME_CHECK_CONSUMER) timestamp=2957 ms, used_size=8790016 bytes (21.5%)
(RDMA_READ_CONSUME_CHECK_CONSUMER) timestamp=2957 ms, used_size=8787968 bytes (21.5%)
(RDMA_READ_CONSUME_CHECK_CONSUMER) timestamp=2957 ms, used_size=8785920 bytes (21.4%)
(RDMA_READ_CONSUME_CHECK_CONSUMER) timestamp=2957 ms, used_size=8783872 bytes (21.4%)
(RDMA_READ_CONSUME_CHECK_CONSUMER) timestamp=2957 ms, used_size=8781824 bytes (21.4%)
(RDMA_READ_CONSUME_CHECK_CONSUMER) timestamp=2957 ms, used_size=8779776 bytes (21.4%)
(RDMA_READ_CONSUME_CHECK_CONSUMER) timestamp=2957 ms, used_size=8777728 bytes (21.4%)
(RDMA_READ_CONSUME_CHECK_CONSUMER) timestamp=2957 ms, used_size=8775680 bytes (21.4%)
(RDMA_READ_CONSUME_CHECK_CONSUMER) timestamp=2957 ms, used_size=8773632 bytes (21.4%)
(RDMA_READ_CONSUME_CHECK_CONSUMER) timestamp=2957 ms, used_size=8771584 bytes (21.4%)
(RDMA_READ_CONSUME_CHECK_CONSUMER) timestamp=2957 ms, used_size=8769536 bytes (21.4%)
(RDMA_READ_CONSUME_CHECK_CONSUMER) timestamp=2957 ms, used_size=8767488 bytes (21.4%)
(RDMA_READ_CONSUME_CHECK_CONSUMER) timestamp=2957 ms, used_size=8765440 bytes (21.4%)
(RDMA_READ_CONSUME_CHECK_CONSUMER) timestamp=2957 ms, used_size=8763392 bytes (21.4%)
(RDMA_READ_CONSUME_CHECK_CONSUMER) timestamp=2957 ms, used_size=8761344 bytes (21.4%)
(RDMA_READ_CONSUME_CHECK_CONSUMER) timestamp=2957 ms, used_size=8759296 bytes (21.4%)
(RDMA_READ_CONSUME_CHECK_CONSUMER) timestamp=2957 ms, used_size=8757248 bytes (21.4%)
(RDMA_READ_CONSUME_CHECK_CONSUMER) timestamp=2957 ms, used_size=8755200 bytes (21.4%)
(RDMA_READ_CONSUME_CHECK_CONSUMER) timestamp=2957 ms, used_size=8753152 bytes (21.4%)
(RDMA_READ_CONSUME_CHECK_CONSUMER) timestamp=2957 ms, used_size=8751104 bytes (21.4%)
(RDMA_READ_CONSUME_CHECK_CONSUMER) timestamp=2957 ms, used_size=8749056 bytes (21.4%)
(RDMA_READ_CONSUME_CHECK_CONSUMER) timestamp=2957 ms, used_size=8747008 bytes (21.4%)
(RDMA_READ_CONSUME_CHECK_CONSUMER) timestamp=2957 ms, used_size=8744960 bytes (21.4%)
(RDMA_READ_CONSUME_CHECK_CONSUMER) timestamp=2957 ms, used_size=8742912 bytes (21.3%)
(RDMA_READ_CONSUME_CHECK_CONSUMER) timestamp=2957 ms, used_size=8740864 bytes (21.3%)
(RDMA_READ_CONSUME_CHECK_CONSUMER) timestamp=2957 ms, used_size=8738816 bytes (21.3%)
(RDMA_READ_CONSUME_CHECK_CONSUMER) timestamp=2957 ms, used_size=8736768 bytes (21.3%)
(RDMA_READ_CONSUME_CHECK_CONSUMER) timestamp=2957 ms, used_size=8734720 bytes (21.3%)
(RDMA_READ_CONSUME_CHECK_CONSUMER) timestamp=2957 ms, used_size=8732672 bytes (21.3%)
(RDMA_READ_CONSUME_CHECK_CONSUMER) timestamp=2957 ms, used_size=8730624 bytes (21.3%)
(RDMA_READ_CONSUME_CHECK_CONSUMER) timestamp=2957 ms, used_size=8728576 bytes (21.3%)
(RDMA_READ_CONSUME_CHECK_CONSUMER) timestamp=2957 ms, used_size=8726528 bytes (21.3%)
(RDMA_READ_CONSUME_CHECK_CONSUMER) timestamp=2957 ms, used_size=8724480 bytes (21.3%)
(RDMA_READ_CONSUME_CHECK_CONSUMER) timestamp=2957 ms, used_size=8722432 bytes (21.3%)
(RDMA_READ_CONSUME_CHECK_CONSUMER) timestamp=2957 ms, used_size=8720384 bytes (21.3%)
(RDMA_READ_CONSUME_CHECK_CONSUMER) timestamp=2957 ms, used_size=8718336 bytes (21.3%)
(RDMA_READ_CONSUME_CHECK_CONSUMER) timestamp=2957 ms, used_size=8716288 bytes (21.3%)
(RDMA_READ_CONSUME_CHECK_CONSUMER) timestamp=2957 ms, used_size=8714240 bytes (21.3%)
(RDMA_READ_CONSUME_CHECK_CONSUMER) timestamp=2957 ms, used_size=8712192 bytes (21.3%)
(RDMA_READ_CONSUME_CHECK_CONSUMER) timestamp=2957 ms, used_size=8710144 bytes (21.3%)
(RDMA_READ_CONSUME_CHECK_CONSUMER) timestamp=2957 ms, used_size=8708096 bytes (21.3%)
(RDMA_READ_CONSUME_CHECK_CONSUMER) timestamp=2957 ms, used_size=8706048 bytes (21.3%)
(RDMA_READ_CONSUME_CHECK_CONSUMER) timestamp=2957 ms, used_size=8704000 bytes (21.2%)
(RDMA_READ_CONSUME_CHECK_CONSUMER) timestamp=2957 ms, used_size=8701952 bytes (21.2%)
(RDMA_READ_CONSUME_CHECK_CONSUMER) timestamp=2957 ms, used_size=8699904 bytes (21.2%)
(RDMA_READ_CONSUME_CHECK_CONSUMER) timestamp=2957 ms, used_size=8697856 bytes (21.2%)
(RDMA_READ_CONSUME_CHECK_CONSUMER) timestamp=2957 ms, used_size=8695808 bytes (21.2%)
(RDMA_READ_CONSUME_CHECK_CONSUMER) timestamp=2957 ms, used_size=8693760 bytes (21.2%)
(RDMA_READ_CONSUME_CHECK_CONSUMER) timestamp=2957 ms, used_size=8691712 bytes (21.2%)
(RDMA_READ_CONSUME_CHECK_CONSUMER) timestamp=2957 ms, used_size=8689664 bytes (21.2%)
(RDMA_READ_CONSUME_CHECK_CONSUMER) timestamp=2957 ms, used_size=8687616 bytes (21.2%)
(RDMA_READ_CONSUME_CHECK_CONSUMER) timestamp=2957 ms, used_size=8685568 bytes (21.2%)
(RDMA_READ_CONSUME_CHECK_CONSUMER) timestamp=2957 ms, used_size=8683520 bytes (21.2%)
(RDMA_READ_CONSUME_CHECK_CONSUMER) timestamp=2957 ms, used_size=8681472 bytes (21.2%)
(RDMA_READ_CONSUME_CHECK_CONSUMER) timestamp=2957 ms, used_size=8679424 bytes (21.2%)
(RDMA_READ_CONSUME_CHECK_CONSUMER) timestamp=2957 ms, used_size=8677376 bytes (21.2%)
(RDMA_READ_CONSUME_CHECK_CONSUMER) timestamp=2957 ms, used_size=8675328 bytes (21.2%)
(RDMA_READ_CONSUME_CHECK_CONSUMER) timestamp=2957 ms, used_size=8673280 bytes (21.2%)
(RDMA_READ_CONSUME_CHECK_CONSUMER) timestamp=2957 ms, used_size=8671232 bytes (21.2%)
(RDMA_READ_CONSUME_CHECK_CONSUMER) timestamp=2957 ms, used_size=8669184 bytes (21.2%)
(RDMA_READ_CONSUME_CHECK_CONSUMER) timestamp=2957 ms, used_size=8667136 bytes (21.2%)
(RDMA_READ_CONSUME_CHECK_CONSUMER) timestamp=2957 ms, used_size=8665088 bytes (21.2%)
(RDMA_READ_CONSUME_CHECK_CONSUMER) timestamp=2957 ms, used_size=8663040 bytes (21.1%)
(RDMA_READ_CONSUME_CHECK_CONSUMER) timestamp=2957 ms, used_size=8660992 bytes (21.1%)
(RDMA_READ_CONSUME_CHECK_CONSUMER) timestamp=2957 ms, used_size=8658944 bytes (21.1%)
(RDMA_READ_CONSUME_CHECK_CONSUMER) timestamp=2957 ms, used_size=8656896 bytes (21.1%)
(RDMA_READ_CONSUME_CHECK_CONSUMER) timestamp=2957 ms, used_size=8654848 bytes (21.1%)
(RDMA_READ_CONSUME_CHECK_CONSUMER) timestamp=2957 ms, used_size=8652800 bytes (21.1%)
(RDMA_READ_CONSUME_CHECK_CONSUMER) timestamp=2957 ms, used_size=8650752 bytes (21.1%)
(RDMA_READ_CONSUME_CHECK_CONSUMER) timestamp=2957 ms, used_size=8648704 bytes (21.1%)
(RDMA_READ_CONSUME_CHECK_CONSUMER) timestamp=2957 ms, used_size=8646656 bytes (21.1%)
(RDMA_READ_CONSUME_CHECK_CONSUMER) timestamp=2957 ms, used_size=8644608 bytes (21.1%)
(RDMA_READ_CONSUME_CHECK_CONSUMER) timestamp=2957 ms, used_size=8642560 bytes (21.1%)
(RDMA_READ_CONSUME_CHECK_CONSUMER) timestamp=2957 ms, used_size=8640512 bytes (21.1%)
(RDMA_READ_CONSUME_CHECK_CONSUMER) timestamp=2957 ms, used_size=8638464 bytes (21.1%)
(RDMA_READ_CONSUME_CHECK_CONSUMER) timestamp=2957 ms, used_size=8636416 bytes (21.1%)
(RDMA_READ_CONSUME_CHECK_CONSUMER) timestamp=2957 ms, used_size=8634368 bytes (21.1%)
(RDMA_READ_CONSUME_CHECK_CONSUMER) timestamp=2957 ms, used_size=8632320 bytes (21.1%)
(RDMA_READ_CONSUME_CHECK_CONSUMER) timestamp=2957 ms, used_size=8630272 bytes (21.1%)
(RDMA_READ_CONSUME_CHECK_CONSUMER) timestamp=2957 ms, used_size=8628224 bytes (21.1%)
(RDMA_READ_CONSUME_CHECK_CONSUMER) timestamp=2957 ms, used_size=8626176 bytes (21.1%)
(RDMA_READ_CONSUME_CHECK_CONSUMER) timestamp=2957 ms, used_size=8624128 bytes (21.1%)
(RDMA_READ_CONSUME_CHECK_CONSUMER) timestamp=2957 ms, used_size=8622080 bytes (21.1%)
(RDMA_READ_CONSUME_CHECK_CONSUMER) timestamp=2957 ms, used_size=8620032 bytes (21.0%)
(RDMA_READ_CONSUME_CHECK_CONSUMER) timestamp=2957 ms, used_size=8617984 bytes (21.0%)
(RDMA_READ_CONSUME_CHECK_CONSUMER) timestamp=2957 ms, used_size=8615936 bytes (21.0%)
(RDMA_READ_CONSUME_CHECK_CONSUMER) timestamp=2957 ms, used_size=8613888 bytes (21.0%)
(RDMA_READ_CONSUME_CHECK_CONSUMER) timestamp=2957 ms, used_size=8611840 bytes (21.0%)
(RDMA_READ_CONSUME_CHECK_CONSUMER) timestamp=2957 ms, used_size=8609792 bytes (21.0%)
(RDMA_READ_CONSUME_CHECK_CONSUMER) timestamp=2957 ms, used_size=8607744 bytes (21.0%)
(RDMA_READ_CONSUME_CHECK_CONSUMER) timestamp=2957 ms, used_size=8605696 bytes (21.0%)
(RDMA_READ_CONSUME_CHECK_CONSUMER) timestamp=2957 ms, used_size=8603648 bytes (21.0%)
(RDMA_READ_CONSUME_CHECK_CONSUMER) timestamp=2957 ms, used_size=8601600 bytes (21.0%)
(RDMA_READ_CONSUME_CHECK_CONSUMER) timestamp=2957 ms, used_size=8599552 bytes (21.0%)
(RDMA_READ_CONSUME_CHECK_CONSUMER) timestamp=2957 ms, used_size=8597504 bytes (21.0%)
(RDMA_READ_CONSUME_CHECK_CONSUMER) timestamp=2957 ms, used_size=8595456 bytes (21.0%)
(RDMA_READ_CONSUME_CHECK_CONSUMER) timestamp=2957 ms, used_size=8593408 bytes (21.0%)
(RDMA_READ_CONSUME_CHECK_CONSUMER) timestamp=2957 ms, used_size=8591360 bytes (21.0%)
(RDMA_READ_CONSUME_CHECK_CONSUMER) timestamp=2957 ms, used_size=8589312 bytes (21.0%)
(RDMA_READ_CONSUME_CHECK_CONSUMER) timestamp=2957 ms, used_size=8587264 bytes (21.0%)
(RDMA_READ_CONSUME_CHECK_CONSUMER) timestamp=2957 ms, used_size=8585216 bytes (21.0%)
(RDMA_READ_CONSUME_CHECK_CONSUMER) timestamp=2957 ms, used_size=8583168 bytes (21.0%)
(RDMA_READ_CONSUME_CHECK_CONSUMER) timestamp=2957 ms, used_size=8581120 bytes (20.9%)
(RDMA_READ_CONSUME_CHECK_CONSUMER) timestamp=2957 ms, used_size=8579072 bytes (20.9%)
(RDMA_READ_CONSUME_CHECK_CONSUMER) timestamp=2957 ms, used_size=8577024 bytes (20.9%)
(RDMA_READ_CONSUME_CHECK_CONSUMER) timestamp=2957 ms, used_size=8574976 bytes (20.9%)
(RDMA_READ_CONSUME_CHECK_CONSUMER) timestamp=2958 ms, used_size=8572928 bytes (20.9%)
(RDMA_READ_CONSUME_CHECK_CONSUMER) timestamp=2958 ms, used_size=8570880 bytes (20.9%)
(RDMA_READ_CONSUME_CHECK_CONSUMER) timestamp=2958 ms, used_size=8568832 bytes (20.9%)
(RDMA_READ_CONSUME_CHECK_CONSUMER) timestamp=2958 ms, used_size=8566784 bytes (20.9%)
(RDMA_READ_CONSUME_CHECK_CONSUMER) timestamp=2958 ms, used_size=8564736 bytes (20.9%)
(RDMA_READ_CONSUME_CHECK_CONSUMER) timestamp=2958 ms, used_size=8562688 bytes (20.9%)
(RDMA_READ_CONSUME_CHECK_CONSUMER) timestamp=2958 ms, used_size=8560640 bytes (20.9%)
(RDMA_READ_CONSUME_CHECK_CONSUMER) timestamp=2958 ms, used_size=8558592 bytes (20.9%)
(RDMA_READ_CONSUME_CHECK_CONSUMER) timestamp=2958 ms, used_size=8556544 bytes (20.9%)
(RDMA_READ_CONSUME_CHECK_CONSUMER) timestamp=2958 ms, used_size=8554496 bytes (20.9%)
(RDMA_READ_CONSUME_CHECK_CONSUMER) timestamp=2958 ms, used_size=8552448 bytes (20.9%)
(RDMA_READ_CONSUME_CHECK_CONSUMER) timestamp=2958 ms, used_size=8550400 bytes (20.9%)
(RDMA_READ_CONSUME_CHECK_CONSUMER) timestamp=2958 ms, used_size=8548352 bytes (20.9%)
(RDMA_READ_CONSUME_CHECK_CONSUMER) timestamp=2958 ms, used_size=8546304 bytes (20.9%)
(RDMA_READ_CONSUME_CHECK_CONSUMER) timestamp=2958 ms, used_size=8544256 bytes (20.9%)
(RDMA_READ_CONSUME_CHECK_CONSUMER) timestamp=2958 ms, used_size=8542208 bytes (20.9%)
(RDMA_READ_CONSUME_CHECK_CONSUMER) timestamp=2958 ms, used_size=8540160 bytes (20.9%)
(RDMA_READ_CONSUME_CHECK_CONSUMER) timestamp=2958 ms, used_size=8538112 bytes (20.8%)
(RDMA_READ_CONSUME_CHECK_CONSUMER) timestamp=2958 ms, used_size=8536064 bytes (20.8%)
(RDMA_READ_CONSUME_CHECK_CONSUMER) timestamp=2958 ms, used_size=8534016 bytes (20.8%)
(RDMA_READ_CONSUME_CHECK_CONSUMER) timestamp=2958 ms, used_size=8531968 bytes (20.8%)
(RDMA_READ_CONSUME_CHECK_CONSUMER) timestamp=2958 ms, used_size=8529920 bytes (20.8%)
(RDMA_READ_CONSUME_CHECK_CONSUMER) timestamp=2958 ms, used_size=8527872 bytes (20.8%)
(RDMA_READ_CONSUME_CHECK_CONSUMER) timestamp=2958 ms, used_size=8525824 bytes (20.8%)
(RDMA_READ_CONSUME_CHECK_CONSUMER) timestamp=2958 ms, used_size=8523776 bytes (20.8%)
(RDMA_READ_CONSUME_CHECK_CONSUMER) timestamp=2958 ms, used_size=8521728 bytes (20.8%)
(RDMA_READ_CONSUME_CHECK_CONSUMER) timestamp=2958 ms, used_size=8519680 bytes (20.8%)
(RDMA_READ_CONSUME_CHECK_CONSUMER) timestamp=2958 ms, used_size=8517632 bytes (20.8%)
(RDMA_READ_CONSUME_CHECK_CONSUMER) timestamp=2958 ms, used_size=8515584 bytes (20.8%)
(RDMA_READ_CONSUME_CHECK_CONSUMER) timestamp=2958 ms, used_size=8513536 bytes (20.8%)
(RDMA_READ_CONSUME_CHECK_CONSUMER) timestamp=2958 ms, used_size=8511488 bytes (20.8%)
(RDMA_READ_CONSUME_CHECK_CONSUMER) timestamp=2958 ms, used_size=8509440 bytes (20.8%)
(RDMA_READ_CONSUME_CHECK_CONSUMER) timestamp=2958 ms, used_size=8507392 bytes (20.8%)
(RDMA_READ_CONSUME_CHECK_CONSUMER) timestamp=2958 ms, used_size=8505344 bytes (20.8%)
(RDMA_READ_CONSUME_CHECK_CONSUMER) timestamp=2958 ms, used_size=8503296 bytes (20.8%)
(RDMA_READ_CONSUME_CHECK_CONSUMER) timestamp=2958 ms, used_size=8501248 bytes (20.8%)
(RDMA_READ_CONSUME_CHECK_CONSUMER) timestamp=2958 ms, used_size=8499200 bytes (20.8%)
(RDMA_READ_CONSUME_CHECK_CONSUMER) timestamp=2958 ms, used_size=8497152 bytes (20.7%)
(RDMA_READ_CONSUME_CHECK_CONSUMER) timestamp=2958 ms, used_size=8495104 bytes (20.7%)
(RDMA_READ_CONSUME_CHECK_CONSUMER) timestamp=2958 ms, used_size=8493056 bytes (20.7%)
(RDMA_READ_CONSUME_CHECK_CONSUMER) timestamp=2958 ms, used_size=8491008 bytes (20.7%)
(RDMA_READ_CONSUME_CHECK_CONSUMER) timestamp=2958 ms, used_size=8488960 bytes (20.7%)
(RDMA_READ_CONSUME_CHECK_CONSUMER) timestamp=2958 ms, used_size=8486912 bytes (20.7%)
(RDMA_READ_CONSUME_CHECK_CONSUMER) timestamp=2958 ms, used_size=8484864 bytes (20.7%)
(RDMA_READ_CONSUME_CHECK_CONSUMER) timestamp=2958 ms, used_size=8482816 bytes (20.7%)
(RDMA_READ_CONSUME_CHECK_CONSUMER) timestamp=2958 ms, used_size=8480768 bytes (20.7%)
(RDMA_READ_CONSUME_CHECK_CONSUMER) timestamp=2958 ms, used_size=8478720 bytes (20.7%)
(RDMA_READ_CONSUME_CHECK_CONSUMER) timestamp=2958 ms, used_size=8476672 bytes (20.7%)
(RDMA_READ_CONSUME_CHECK_CONSUMER) timestamp=2958 ms, used_size=8474624 bytes (20.7%)
(RDMA_READ_CONSUME_CHECK_CONSUMER) timestamp=2958 ms, used_size=8472576 bytes (20.7%)
(RDMA_READ_CONSUME_CHECK_CONSUMER) timestamp=2958 ms, used_size=8470528 bytes (20.7%)
(RDMA_READ_CONSUME_CHECK_CONSUMER) timestamp=2958 ms, used_size=8468480 bytes (20.7%)
(RDMA_READ_CONSUME_CHECK_CONSUMER) timestamp=2958 ms, used_size=8466432 bytes (20.7%)
(RDMA_READ_CONSUME_CHECK_CONSUMER) timestamp=2958 ms, used_size=8464384 bytes (20.7%)
(RDMA_READ_CONSUME_CHECK_CONSUMER) timestamp=2958 ms, used_size=8462336 bytes (20.7%)
(RDMA_READ_CONSUME_CHECK_CONSUMER) timestamp=2958 ms, used_size=8460288 bytes (20.7%)
(RDMA_READ_CONSUME_CHECK_CONSUMER) timestamp=2958 ms, used_size=8458240 bytes (20.6%)
(RDMA_READ_CONSUME_CHECK_CONSUMER) timestamp=2958 ms, used_size=8456192 bytes (20.6%)
(RDMA_READ_CONSUME_CHECK_CONSUMER) timestamp=2958 ms, used_size=8454144 bytes (20.6%)
(RDMA_READ_CONSUME_CHECK_CONSUMER) timestamp=2958 ms, used_size=8452096 bytes (20.6%)
(RDMA_READ_CONSUME_CHECK_CONSUMER) timestamp=2958 ms, used_size=8450048 bytes (20.6%)
(RDMA_READ_CONSUME_CHECK_CONSUMER) timestamp=2958 ms, used_size=8448000 bytes (20.6%)
(RDMA_READ_CONSUME_CHECK_CONSUMER) timestamp=2958 ms, used_size=8445952 bytes (20.6%)
(RDMA_READ_CONSUME_CHECK_CONSUMER) timestamp=2958 ms, used_size=8443904 bytes (20.6%)
(RDMA_READ_CONSUME_CHECK_CONSUMER) timestamp=2958 ms, used_size=8441856 bytes (20.6%)
(RDMA_READ_CONSUME_CHECK_CONSUMER) timestamp=2958 ms, used_size=8439808 bytes (20.6%)
(RDMA_READ_CONSUME_CHECK_CONSUMER) timestamp=2958 ms, used_size=8437760 bytes (20.6%)
(RDMA_READ_CONSUME_CHECK_CONSUMER) timestamp=2958 ms, used_size=8435712 bytes (20.6%)
(RDMA_READ_CONSUME_CHECK_CONSUMER) timestamp=2958 ms, used_size=8433664 bytes (20.6%)
(RDMA_READ_CONSUME_CHECK_CONSUMER) timestamp=2958 ms, used_size=8431616 bytes (20.6%)
(RDMA_READ_CONSUME_CHECK_CONSUMER) timestamp=2958 ms, used_size=8429568 bytes (20.6%)
(RDMA_READ_CONSUME_CHECK_CONSUMER) timestamp=2958 ms, used_size=8427520 bytes (20.6%)
(RDMA_READ_CONSUME_CHECK_CONSUMER) timestamp=2958 ms, used_size=8425472 bytes (20.6%)
(RDMA_READ_CONSUME_CHECK_CONSUMER) timestamp=2958 ms, used_size=8423424 bytes (20.6%)
(RDMA_READ_CONSUME_CHECK_CONSUMER) timestamp=2958 ms, used_size=8421376 bytes (20.6%)
(RDMA_READ_CONSUME_CHECK_CONSUMER) timestamp=2958 ms, used_size=8419328 bytes (20.6%)
(RDMA_READ_CONSUME_CHECK_CONSUMER) timestamp=2958 ms, used_size=8417280 bytes (20.6%)
(RDMA_READ_CONSUME_CHECK_CONSUMER) timestamp=2958 ms, used_size=8415232 bytes (20.5%)
(RDMA_READ_CONSUME_CHECK_CONSUMER) timestamp=2958 ms, used_size=8413184 bytes (20.5%)
(RDMA_READ_CONSUME_CHECK_CONSUMER) timestamp=2958 ms, used_size=8411136 bytes (20.5%)
(RDMA_READ_CONSUME_CHECK_CONSUMER) timestamp=2958 ms, used_size=8409088 bytes (20.5%)
(RDMA_READ_CONSUME_CHECK_CONSUMER) timestamp=2958 ms, used_size=8407040 bytes (20.5%)
(RDMA_READ_CONSUME_CHECK_CONSUMER) timestamp=2958 ms, used_size=8404992 bytes (20.5%)
(RDMA_READ_CONSUME_CHECK_CONSUMER) timestamp=2958 ms, used_size=8402944 bytes (20.5%)
(RDMA_READ_CONSUME_CHECK_CONSUMER) timestamp=2958 ms, used_size=8400896 bytes (20.5%)
(RDMA_READ_CONSUME_CHECK_CONSUMER) timestamp=2958 ms, used_size=8398848 bytes (20.5%)
(RDMA_READ_CONSUME_CHECK_CONSUMER) timestamp=2958 ms, used_size=8396800 bytes (20.5%)
(RDMA_READ_CONSUME_CHECK_CONSUMER) timestamp=2958 ms, used_size=8394752 bytes (20.5%)
(RDMA_READ_CONSUME_CHECK_CONSUMER) timestamp=2958 ms, used_size=8392704 bytes (20.5%)
(RDMA_READ_CONSUME_CHECK_CONSUMER) timestamp=2958 ms, used_size=8390656 bytes (20.5%)
(RDMA_READ_CONSUME_CHECK_CONSUMER) timestamp=2958 ms, used_size=8388608 bytes (20.5%)
(RDMA_READ_CONSUME_CHECK_CONSUMER) timestamp=2958 ms, used_size=8386560 bytes (20.5%)
(RDMA_READ_CONSUME_CHECK_CONSUMER) timestamp=2958 ms, used_size=8384512 bytes (20.5%)
(RDMA_READ_CONSUME_CHECK_CONSUMER) timestamp=2958 ms, used_size=8382464 bytes (20.5%)
(RDMA_READ_CONSUME_CHECK_CONSUMER) timestamp=2958 ms, used_size=8380416 bytes (20.5%)
(RDMA_READ_CONSUME_CHECK_CONSUMER) timestamp=2958 ms, used_size=8378368 bytes (20.5%)
(RDMA_READ_CONSUME_CHECK_CONSUMER) timestamp=2958 ms, used_size=8376320 bytes (20.4%)
(RDMA_READ_CONSUME_CHECK_CONSUMER) timestamp=2958 ms, used_size=8374272 bytes (20.4%)
(RDMA_READ_CONSUME_CHECK_CONSUMER) timestamp=2958 ms, used_size=8372224 bytes (20.4%)
(RDMA_READ_CONSUME_CHECK_CONSUMER) timestamp=2958 ms, used_size=8370176 bytes (20.4%)
(RDMA_READ_CONSUME_CHECK_CONSUMER) timestamp=2958 ms, used_size=8368128 bytes (20.4%)
(RDMA_READ_CONSUME_CHECK_CONSUMER) timestamp=2958 ms, used_size=8366080 bytes (20.4%)
(RDMA_READ_CONSUME_CHECK_CONSUMER) timestamp=2958 ms, used_size=8364032 bytes (20.4%)
(RDMA_READ_CONSUME_CHECK_CONSUMER) timestamp=2958 ms, used_size=8361984 bytes (20.4%)
(RDMA_READ_CONSUME_CHECK_CONSUMER) timestamp=2958 ms, used_size=8359936 bytes (20.4%)
(RDMA_READ_CONSUME_CHECK_CONSUMER) timestamp=2958 ms, used_size=8357888 bytes (20.4%)
(RDMA_READ_CONSUME_CHECK_CONSUMER) timestamp=2958 ms, used_size=8355840 bytes (20.4%)
(RDMA_READ_CONSUME_CHECK_CONSUMER) timestamp=2958 ms, used_size=8353792 bytes (20.4%)
(RDMA_READ_CONSUME_CHECK_CONSUMER) timestamp=2958 ms, used_size=8351744 bytes (20.4%)
(RDMA_READ_CONSUME_CHECK_CONSUMER) timestamp=2958 ms, used_size=8349696 bytes (20.4%)
(RDMA_READ_CONSUME_CHECK_CONSUMER) timestamp=2958 ms, used_size=8347648 bytes (20.4%)
(RDMA_READ_CONSUME_CHECK_CONSUMER) timestamp=2958 ms, used_size=8345600 bytes (20.4%)
(RDMA_READ_CONSUME_CHECK_CONSUMER) timestamp=2958 ms, used_size=8343552 bytes (20.4%)
(RDMA_READ_CONSUME_CHECK_CONSUMER) timestamp=2958 ms, used_size=8341504 bytes (20.4%)
(RDMA_READ_CONSUME_CHECK_CONSUMER) timestamp=2958 ms, used_size=8339456 bytes (20.4%)
(RDMA_READ_CONSUME_CHECK_CONSUMER) timestamp=2958 ms, used_size=8337408 bytes (20.4%)
(RDMA_READ_CONSUME_CHECK_CONSUMER) timestamp=2958 ms, used_size=8335360 bytes (20.4%)
(RDMA_READ_CONSUME_CHECK_CONSUMER) timestamp=2958 ms, used_size=8333312 bytes (20.3%)
(RDMA_READ_CONSUME_CHECK_CONSUMER) timestamp=2958 ms, used_size=8331264 bytes (20.3%)
(RDMA_READ_CONSUME_CHECK_CONSUMER) timestamp=2958 ms, used_size=8329216 bytes (20.3%)
(RDMA_READ_CONSUME_CHECK_CONSUMER) timestamp=2958 ms, used_size=8327168 bytes (20.3%)
(RDMA_READ_CONSUME_CHECK_CONSUMER) timestamp=2958 ms, used_size=8325120 bytes (20.3%)
(RDMA_READ_CONSUME_CHECK_CONSUMER) timestamp=2958 ms, used_size=8323072 bytes (20.3%)
(RDMA_READ_CONSUME_CHECK_CONSUMER) timestamp=2958 ms, used_size=8321024 bytes (20.3%)
(RDMA_READ_CONSUME_CHECK_CONSUMER) timestamp=2958 ms, used_size=8318976 bytes (20.3%)
(RDMA_READ_CONSUME_CHECK_CONSUMER) timestamp=2958 ms, used_size=8316928 bytes (20.3%)
(RDMA_READ_CONSUME_CHECK_CONSUMER) timestamp=2958 ms, used_size=8314880 bytes (20.3%)
(RDMA_READ_CONSUME_CHECK_CONSUMER) timestamp=2958 ms, used_size=8312832 bytes (20.3%)
(RDMA_READ_CONSUME_CHECK_CONSUMER) timestamp=2958 ms, used_size=8310784 bytes (20.3%)
(RDMA_READ_CONSUME_CHECK_CONSUMER) timestamp=2958 ms, used_size=8308736 bytes (20.3%)
(RDMA_READ_CONSUME_CHECK_CONSUMER) timestamp=2958 ms, used_size=8306688 bytes (20.3%)
(RDMA_READ_CONSUME_CHECK_CONSUMER) timestamp=2958 ms, used_size=8304640 bytes (20.3%)
(RDMA_READ_CONSUME_CHECK_CONSUMER) timestamp=2958 ms, used_size=8302592 bytes (20.3%)
(RDMA_READ_CONSUME_CHECK_CONSUMER) timestamp=2958 ms, used_size=8300544 bytes (20.3%)
(RDMA_READ_CONSUME_CHECK_CONSUMER) timestamp=2958 ms, used_size=8298496 bytes (20.3%)
(RDMA_READ_CONSUME_CHECK_CONSUMER) timestamp=2958 ms, used_size=8296448 bytes (20.3%)
(RDMA_READ_CONSUME_CHECK_CONSUMER) timestamp=2958 ms, used_size=8294400 bytes (20.2%)
(RDMA_READ_CONSUME_CHECK_CONSUMER) timestamp=2958 ms, used_size=8292352 bytes (20.2%)
(RDMA_READ_CONSUME_CHECK_CONSUMER) timestamp=2958 ms, used_size=8290304 bytes (20.2%)
(RDMA_READ_CONSUME_CHECK_CONSUMER) timestamp=2958 ms, used_size=8288256 bytes (20.2%)
(RDMA_READ_CONSUME_CHECK_CONSUMER) timestamp=2958 ms, used_size=8286208 bytes (20.2%)
(RDMA_READ_CONSUME_CHECK_CONSUMER) timestamp=2958 ms, used_size=8284160 bytes (20.2%)
(RDMA_READ_CONSUME_CHECK_CONSUMER) timestamp=2958 ms, used_size=8282112 bytes (20.2%)
(RDMA_READ_CONSUME_CHECK_CONSUMER) timestamp=2958 ms, used_size=8280064 bytes (20.2%)
(RDMA_READ_CONSUME_CHECK_CONSUMER) timestamp=2958 ms, used_size=8278016 bytes (20.2%)
(RDMA_READ_CONSUME_CHECK_CONSUMER) timestamp=2958 ms, used_size=8275968 bytes (20.2%)
(RDMA_READ_CONSUME_CHECK_CONSUMER) timestamp=2958 ms, used_size=8273920 bytes (20.2%)
(RDMA_READ_CONSUME_CHECK_CONSUMER) timestamp=2958 ms, used_size=8271872 bytes (20.2%)
(RDMA_READ_CONSUME_CHECK_CONSUMER) timestamp=2958 ms, used_size=8269824 bytes (20.2%)
(RDMA_READ_CONSUME_CHECK_CONSUMER) timestamp=2958 ms, used_size=8267776 bytes (20.2%)
(RDMA_READ_CONSUME_CHECK_CONSUMER) timestamp=2958 ms, used_size=8265728 bytes (20.2%)
(RDMA_READ_CONSUME_CHECK_CONSUMER) timestamp=2958 ms, used_size=8263680 bytes (20.2%)
(RDMA_READ_CONSUME_CHECK_CONSUMER) timestamp=2958 ms, used_size=8261632 bytes (20.2%)
(RDMA_READ_CONSUME_CHECK_CONSUMER) timestamp=2958 ms, used_size=8259584 bytes (20.2%)
(RDMA_READ_CONSUME_CHECK_CONSUMER) timestamp=2958 ms, used_size=8257536 bytes (20.2%)
(RDMA_READ_CONSUME_CHECK_CONSUMER) timestamp=2958 ms, used_size=8255488 bytes (20.2%)
(RDMA_READ_CONSUME_CHECK_CONSUMER) timestamp=2958 ms, used_size=8253440 bytes (20.1%)
(RDMA_READ_CONSUME_CHECK_CONSUMER) timestamp=2958 ms, used_size=8251392 bytes (20.1%)
(RDMA_READ_CONSUME_CHECK_CONSUMER) timestamp=2958 ms, used_size=8249344 bytes (20.1%)
(RDMA_READ_CONSUME_CHECK_CONSUMER) timestamp=2958 ms, used_size=8247296 bytes (20.1%)
(RDMA_READ_CONSUME_CHECK_CONSUMER) timestamp=2958 ms, used_size=8245248 bytes (20.1%)
(RDMA_READ_CONSUME_CHECK_CONSUMER) timestamp=2958 ms, used_size=8243200 bytes (20.1%)
(RDMA_READ_CONSUME_CHECK_CONSUMER) timestamp=2958 ms, used_size=8241152 bytes (20.1%)
(RDMA_READ_CONSUME_CHECK_CONSUMER) timestamp=2958 ms, used_size=8239104 bytes (20.1%)
(RDMA_READ_CONSUME_CHECK_CONSUMER) timestamp=2958 ms, used_size=8237056 bytes (20.1%)
(RDMA_READ_CONSUME_CHECK_CONSUMER) timestamp=2958 ms, used_size=8235008 bytes (20.1%)
(RDMA_READ_CONSUME_CHECK_CONSUMER) timestamp=2958 ms, used_size=8232960 bytes (20.1%)
(RDMA_READ_CONSUME_CHECK_CONSUMER) timestamp=2958 ms, used_size=8230912 bytes (20.1%)
(RDMA_READ_CONSUME_CHECK_CONSUMER) timestamp=2958 ms, used_size=8228864 bytes (20.1%)
(RDMA_READ_CONSUME_CHECK_CONSUMER) timestamp=2958 ms, used_size=8226816 bytes (20.1%)
(RDMA_READ_CONSUME_CHECK_CONSUMER) timestamp=2958 ms, used_size=8224768 bytes (20.1%)
(RDMA_READ_CONSUME_CHECK_CONSUMER) timestamp=2958 ms, used_size=8222720 bytes (20.1%)
(RDMA_READ_CONSUME_CHECK_CONSUMER) timestamp=2958 ms, used_size=8220672 bytes (20.1%)
(RDMA_READ_CONSUME_CHECK_CONSUMER) timestamp=2958 ms, used_size=8218624 bytes (20.1%)
(RDMA_READ_CONSUME_CHECK_CONSUMER) timestamp=2958 ms, used_size=8216576 bytes (20.1%)
(RDMA_READ_CONSUME_CHECK_CONSUMER) timestamp=2958 ms, used_size=8214528 bytes (20.1%)
(RDMA_READ_CONSUME_CHECK_CONSUMER) timestamp=2959 ms, used_size=8212480 bytes (20.1%)
(RDMA_READ_CONSUME_CHECK_CONSUMER) timestamp=2959 ms, used_size=8210432 bytes (20.0%)
(RDMA_READ_CONSUME_CHECK_CONSUMER) timestamp=2959 ms, used_size=8208384 bytes (20.0%)
(RDMA_READ_CONSUME_CHECK_CONSUMER) timestamp=2959 ms, used_size=8206336 bytes (20.0%)
(RDMA_READ_CONSUME_CHECK_CONSUMER) timestamp=2959 ms, used_size=8204288 bytes (20.0%)
(RDMA_READ_CONSUME_CHECK_CONSUMER) timestamp=2959 ms, used_size=8202240 bytes (20.0%)
(RDMA_READ_CONSUME_CHECK_CONSUMER) timestamp=2959 ms, used_size=8200192 bytes (20.0%)
(RDMA_READ_CONSUME_CHECK_CONSUMER) timestamp=2959 ms, used_size=8198144 bytes (20.0%)
(RDMA_READ_CONSUME_CHECK_CONSUMER) timestamp=2959 ms, used_size=8196096 bytes (20.0%)
(RDMA_READ_CONSUME_CHECK_CONSUMER) timestamp=2959 ms, used_size=8194048 bytes (20.0%)
(RDMA_READ_CONSUME_CHECK_CONSUMER) timestamp=2959 ms, used_size=8192000 bytes (20.0%)
(RDMA_READ_CONSUME_CHECK_CONSUMER) timestamp=2959 ms, used_size=8189952 bytes (20.0%)
(RDMA_READ_CONSUME_CHECK_CONSUMER) timestamp=2959 ms, used_size=8187904 bytes (20.0%)
(RDMA_READ_CONSUME_CHECK_CONSUMER) timestamp=2959 ms, used_size=8185856 bytes (20.0%)
(RDMA_READ_CONSUME_CHECK_CONSUMER) timestamp=2959 ms, used_size=8183808 bytes (20.0%)
(RDMA_READ_CONSUME_CHECK_CONSUMER) timestamp=2959 ms, used_size=8181760 bytes (20.0%)
(RDMA_READ_CONSUME_CHECK_CONSUMER) timestamp=2959 ms, used_size=8179712 bytes (20.0%)
(RDMA_READ_CONSUME_CHECK_CONSUMER) timestamp=2959 ms, used_size=8177664 bytes (20.0%)
(RDMA_READ_CONSUME_CHECK_CONSUMER) timestamp=2959 ms, used_size=8175616 bytes (20.0%)
(RDMA_READ_CONSUME_CHECK_CONSUMER) timestamp=2959 ms, used_size=8173568 bytes (20.0%)
(RDMA_READ_CONSUME_CHECK_CONSUMER) timestamp=2959 ms, used_size=8171520 bytes (19.9%)
(RDMA_READ_CONSUME_CHECK_CONSUMER) timestamp=2959 ms, used_size=8169472 bytes (19.9%)
(RDMA_READ_CONSUME_CHECK_CONSUMER) timestamp=2959 ms, used_size=8167424 bytes (19.9%)
(RDMA_READ_CONSUME_CHECK_CONSUMER) timestamp=2959 ms, used_size=8165376 bytes (19.9%)
(RDMA_READ_CONSUME_CHECK_CONSUMER) timestamp=2959 ms, used_size=8163328 bytes (19.9%)
(RDMA_READ_CONSUME_CHECK_CONSUMER) timestamp=2959 ms, used_size=8161280 bytes (19.9%)
(RDMA_READ_CONSUME_CHECK_CONSUMER) timestamp=2959 ms, used_size=8159232 bytes (19.9%)
(RDMA_READ_CONSUME_CHECK_CONSUMER) timestamp=2959 ms, used_size=8157184 bytes (19.9%)
(RDMA_READ_CONSUME_CHECK_CONSUMER) timestamp=2959 ms, used_size=8155136 bytes (19.9%)
(RDMA_READ_CONSUME_CHECK_CONSUMER) timestamp=2959 ms, used_size=8153088 bytes (19.9%)
(RDMA_READ_CONSUME_CHECK_CONSUMER) timestamp=2959 ms, used_size=8151040 bytes (19.9%)
(RDMA_READ_CONSUME_CHECK_CONSUMER) timestamp=2959 ms, used_size=8148992 bytes (19.9%)
(RDMA_READ_CONSUME_CHECK_CONSUMER) timestamp=2959 ms, used_size=8146944 bytes (19.9%)
(RDMA_READ_CONSUME_CHECK_CONSUMER) timestamp=2959 ms, used_size=8144896 bytes (19.9%)
(RDMA_READ_CONSUME_CHECK_CONSUMER) timestamp=2959 ms, used_size=8142848 bytes (19.9%)
(RDMA_READ_CONSUME_CHECK_CONSUMER) timestamp=2959 ms, used_size=8140800 bytes (19.9%)
(RDMA_READ_CONSUME_CHECK_CONSUMER) timestamp=2959 ms, used_size=8138752 bytes (19.9%)
(RDMA_READ_CONSUME_CHECK_CONSUMER) timestamp=2959 ms, used_size=8136704 bytes (19.9%)
(RDMA_READ_CONSUME_CHECK_CONSUMER) timestamp=2959 ms, used_size=8134656 bytes (19.9%)
(RDMA_READ_CONSUME_CHECK_CONSUMER) timestamp=2959 ms, used_size=8132608 bytes (19.9%)
(RDMA_READ_CONSUME_CHECK_CONSUMER) timestamp=2959 ms, used_size=8130560 bytes (19.9%)
(RDMA_READ_CONSUME_CHECK_CONSUMER) timestamp=2959 ms, used_size=8128512 bytes (19.8%)
(RDMA_READ_CONSUME_CHECK_CONSUMER) timestamp=2959 ms, used_size=8126464 bytes (19.8%)
(RDMA_READ_CONSUME_CHECK_CONSUMER) timestamp=2959 ms, used_size=8124416 bytes (19.8%)
(RDMA_READ_CONSUME_CHECK_CONSUMER) timestamp=2959 ms, used_size=8122368 bytes (19.8%)
(RDMA_READ_CONSUME_CHECK_CONSUMER) timestamp=2959 ms, used_size=8120320 bytes (19.8%)
(RDMA_READ_CONSUME_CHECK_CONSUMER) timestamp=2959 ms, used_size=8118272 bytes (19.8%)
(RDMA_READ_CONSUME_CHECK_CONSUMER) timestamp=2959 ms, used_size=8116224 bytes (19.8%)
(RDMA_READ_CONSUME_CHECK_CONSUMER) timestamp=2959 ms, used_size=8114176 bytes (19.8%)
(RDMA_READ_CONSUME_CHECK_CONSUMER) timestamp=2959 ms, used_size=8112128 bytes (19.8%)
(RDMA_READ_CONSUME_CHECK_CONSUMER) timestamp=2959 ms, used_size=8110080 bytes (19.8%)
(RDMA_READ_CONSUME_CHECK_CONSUMER) timestamp=2959 ms, used_size=8108032 bytes (19.8%)
(RDMA_READ_CONSUME_CHECK_CONSUMER) timestamp=2959 ms, used_size=8105984 bytes (19.8%)
(RDMA_READ_CONSUME_CHECK_CONSUMER) timestamp=2959 ms, used_size=8103936 bytes (19.8%)
(RDMA_READ_CONSUME_CHECK_CONSUMER) timestamp=2959 ms, used_size=8101888 bytes (19.8%)
(RDMA_READ_CONSUME_CHECK_CONSUMER) timestamp=2959 ms, used_size=8099840 bytes (19.8%)
(RDMA_READ_CONSUME_CHECK_CONSUMER) timestamp=2959 ms, used_size=8097792 bytes (19.8%)
(RDMA_READ_CONSUME_CHECK_CONSUMER) timestamp=2959 ms, used_size=8095744 bytes (19.8%)
(RDMA_READ_CONSUME_CHECK_CONSUMER) timestamp=2959 ms, used_size=8093696 bytes (19.8%)
(RDMA_READ_CONSUME_CHECK_CONSUMER) timestamp=2959 ms, used_size=8091648 bytes (19.8%)
(RDMA_READ_CONSUME_CHECK_CONSUMER) timestamp=2959 ms, used_size=8089600 bytes (19.8%)
(RDMA_READ_CONSUME_CHECK_CONSUMER) timestamp=2959 ms, used_size=8087552 bytes (19.7%)
(RDMA_READ_CONSUME_CHECK_CONSUMER) timestamp=2959 ms, used_size=8085504 bytes (19.7%)
(RDMA_READ_CONSUME_CHECK_CONSUMER) timestamp=2959 ms, used_size=8083456 bytes (19.7%)
(RDMA_READ_CONSUME_CHECK_CONSUMER) timestamp=2959 ms, used_size=8081408 bytes (19.7%)
(RDMA_READ_CONSUME_CHECK_CONSUMER) timestamp=2959 ms, used_size=8079360 bytes (19.7%)
(RDMA_READ_CONSUME_CHECK_CONSUMER) timestamp=2959 ms, used_size=8077312 bytes (19.7%)
(RDMA_READ_CONSUME_CHECK_CONSUMER) timestamp=2959 ms, used_size=8075264 bytes (19.7%)
(RDMA_READ_CONSUME_CHECK_CONSUMER) timestamp=2959 ms, used_size=8073216 bytes (19.7%)
(RDMA_READ_CONSUME_CHECK_CONSUMER) timestamp=2959 ms, used_size=8071168 bytes (19.7%)
(RDMA_READ_CONSUME_CHECK_CONSUMER) timestamp=2959 ms, used_size=8069120 bytes (19.7%)
(RDMA_READ_CONSUME_CHECK_CONSUMER) timestamp=2959 ms, used_size=8067072 bytes (19.7%)
(RDMA_READ_CONSUME_CHECK_CONSUMER) timestamp=2959 ms, used_size=8065024 bytes (19.7%)
(RDMA_READ_CONSUME_CHECK_CONSUMER) timestamp=2959 ms, used_size=8062976 bytes (19.7%)
(RDMA_READ_CONSUME_CHECK_CONSUMER) timestamp=2959 ms, used_size=8060928 bytes (19.7%)
(RDMA_READ_CONSUME_CHECK_CONSUMER) timestamp=2959 ms, used_size=8058880 bytes (19.7%)
(RDMA_READ_CONSUME_CHECK_CONSUMER) timestamp=2959 ms, used_size=8056832 bytes (19.7%)
(RDMA_READ_CONSUME_CHECK_CONSUMER) timestamp=2959 ms, used_size=8054784 bytes (19.7%)
(RDMA_READ_CONSUME_CHECK_CONSUMER) timestamp=2959 ms, used_size=8052736 bytes (19.7%)
(RDMA_READ_CONSUME_CHECK_CONSUMER) timestamp=2959 ms, used_size=8050688 bytes (19.7%)
(RDMA_READ_CONSUME_CHECK_CONSUMER) timestamp=2959 ms, used_size=8048640 bytes (19.6%)
(RDMA_READ_CONSUME_CHECK_CONSUMER) timestamp=2959 ms, used_size=8046592 bytes (19.6%)
(RDMA_READ_CONSUME_CHECK_CONSUMER) timestamp=2959 ms, used_size=8044544 bytes (19.6%)
(RDMA_READ_CONSUME_CHECK_CONSUMER) timestamp=2959 ms, used_size=8042496 bytes (19.6%)
(RDMA_READ_CONSUME_CHECK_CONSUMER) timestamp=2959 ms, used_size=8040448 bytes (19.6%)
(RDMA_READ_CONSUME_CHECK_CONSUMER) timestamp=2959 ms, used_size=8038400 bytes (19.6%)
(RDMA_READ_CONSUME_CHECK_CONSUMER) timestamp=2959 ms, used_size=8036352 bytes (19.6%)
(RDMA_READ_CONSUME_CHECK_CONSUMER) timestamp=2959 ms, used_size=8034304 bytes (19.6%)
(RDMA_READ_CONSUME_CHECK_CONSUMER) timestamp=2959 ms, used_size=8032256 bytes (19.6%)
(RDMA_READ_CONSUME_CHECK_CONSUMER) timestamp=2959 ms, used_size=8030208 bytes (19.6%)
(RDMA_READ_CONSUME_CHECK_CONSUMER) timestamp=2959 ms, used_size=8028160 bytes (19.6%)
(RDMA_READ_CONSUME_CHECK_CONSUMER) timestamp=2959 ms, used_size=8026112 bytes (19.6%)
(RDMA_READ_CONSUME_CHECK_CONSUMER) timestamp=2959 ms, used_size=8024064 bytes (19.6%)
(RDMA_READ_CONSUME_CHECK_CONSUMER) timestamp=2959 ms, used_size=8022016 bytes (19.6%)
(RDMA_READ_CONSUME_CHECK_CONSUMER) timestamp=2959 ms, used_size=8019968 bytes (19.6%)
(RDMA_READ_CONSUME_CHECK_CONSUMER) timestamp=2959 ms, used_size=8017920 bytes (19.6%)
(RDMA_READ_CONSUME_CHECK_CONSUMER) timestamp=2959 ms, used_size=8015872 bytes (19.6%)
(RDMA_READ_CONSUME_CHECK_CONSUMER) timestamp=2959 ms, used_size=8013824 bytes (19.6%)
(RDMA_READ_CONSUME_CHECK_CONSUMER) timestamp=2959 ms, used_size=8011776 bytes (19.6%)
(RDMA_READ_CONSUME_CHECK_CONSUMER) timestamp=2959 ms, used_size=8009728 bytes (19.6%)
(RDMA_READ_CONSUME_CHECK_CONSUMER) timestamp=2959 ms, used_size=8007680 bytes (19.6%)
(RDMA_READ_CONSUME_CHECK_CONSUMER) timestamp=2959 ms, used_size=8005632 bytes (19.5%)
(RDMA_READ_CONSUME_CHECK_CONSUMER) timestamp=2959 ms, used_size=8003584 bytes (19.5%)
(RDMA_READ_CONSUME_CHECK_CONSUMER) timestamp=2959 ms, used_size=8001536 bytes (19.5%)
(RDMA_READ_CONSUME_CHECK_CONSUMER) timestamp=2959 ms, used_size=7999488 bytes (19.5%)
(RDMA_READ_CONSUME_CHECK_CONSUMER) timestamp=2959 ms, used_size=7997440 bytes (19.5%)
(RDMA_READ_CONSUME_CHECK_CONSUMER) timestamp=2959 ms, used_size=7995392 bytes (19.5%)
(RDMA_READ_CONSUME_CHECK_CONSUMER) timestamp=2959 ms, used_size=7993344 bytes (19.5%)
(RDMA_READ_CONSUME_CHECK_CONSUMER) timestamp=2959 ms, used_size=7991296 bytes (19.5%)
(RDMA_READ_CONSUME_CHECK_CONSUMER) timestamp=2959 ms, used_size=7989248 bytes (19.5%)
(RDMA_READ_CONSUME_CHECK_CONSUMER) timestamp=2959 ms, used_size=7987200 bytes (19.5%)
(RDMA_READ_CONSUME_CHECK_CONSUMER) timestamp=2959 ms, used_size=7985152 bytes (19.5%)
(RDMA_READ_CONSUME_CHECK_CONSUMER) timestamp=2959 ms, used_size=7983104 bytes (19.5%)
(RDMA_READ_CONSUME_CHECK_CONSUMER) timestamp=2959 ms, used_size=7981056 bytes (19.5%)
(RDMA_READ_CONSUME_CHECK_CONSUMER) timestamp=2959 ms, used_size=7979008 bytes (19.5%)
(RDMA_READ_CONSUME_CHECK_CONSUMER) timestamp=2959 ms, used_size=7976960 bytes (19.5%)
(RDMA_READ_CONSUME_CHECK_CONSUMER) timestamp=2959 ms, used_size=7974912 bytes (19.5%)
(RDMA_READ_CONSUME_CHECK_CONSUMER) timestamp=2959 ms, used_size=7972864 bytes (19.5%)
(RDMA_READ_CONSUME_CHECK_CONSUMER) timestamp=2959 ms, used_size=7970816 bytes (19.5%)
(RDMA_READ_CONSUME_CHECK_CONSUMER) timestamp=2959 ms, used_size=7968768 bytes (19.5%)
(RDMA_READ_CONSUME_CHECK_CONSUMER) timestamp=2959 ms, used_size=7966720 bytes (19.4%)
(RDMA_READ_CONSUME_CHECK_CONSUMER) timestamp=2959 ms, used_size=7964672 bytes (19.4%)
(RDMA_READ_CONSUME_CHECK_CONSUMER) timestamp=2959 ms, used_size=7962624 bytes (19.4%)
(RDMA_READ_CONSUME_CHECK_CONSUMER) timestamp=2959 ms, used_size=7960576 bytes (19.4%)
(RDMA_READ_CONSUME_CHECK_CONSUMER) timestamp=2959 ms, used_size=7958528 bytes (19.4%)
(RDMA_READ_CONSUME_CHECK_CONSUMER) timestamp=2959 ms, used_size=7956480 bytes (19.4%)
(RDMA_READ_CONSUME_CHECK_CONSUMER) timestamp=2959 ms, used_size=7954432 bytes (19.4%)
(RDMA_READ_CONSUME_CHECK_CONSUMER) timestamp=2959 ms, used_size=7952384 bytes (19.4%)
(RDMA_READ_CONSUME_CHECK_CONSUMER) timestamp=2959 ms, used_size=7950336 bytes (19.4%)
(RDMA_READ_CONSUME_CHECK_CONSUMER) timestamp=2959 ms, used_size=7948288 bytes (19.4%)
(RDMA_READ_CONSUME_CHECK_CONSUMER) timestamp=2959 ms, used_size=7946240 bytes (19.4%)
(RDMA_READ_CONSUME_CHECK_CONSUMER) timestamp=2959 ms, used_size=7944192 bytes (19.4%)
(RDMA_READ_CONSUME_CHECK_CONSUMER) timestamp=2959 ms, used_size=7942144 bytes (19.4%)
(RDMA_READ_CONSUME_CHECK_CONSUMER) timestamp=2959 ms, used_size=7940096 bytes (19.4%)
(RDMA_READ_CONSUME_CHECK_CONSUMER) timestamp=2959 ms, used_size=7938048 bytes (19.4%)
(RDMA_READ_CONSUME_CHECK_CONSUMER) timestamp=2959 ms, used_size=7936000 bytes (19.4%)
(RDMA_READ_CONSUME_CHECK_CONSUMER) timestamp=2959 ms, used_size=7933952 bytes (19.4%)
(RDMA_READ_CONSUME_CHECK_CONSUMER) timestamp=2959 ms, used_size=7931904 bytes (19.4%)
(RDMA_READ_CONSUME_CHECK_CONSUMER) timestamp=2959 ms, used_size=7929856 bytes (19.4%)
(RDMA_READ_CONSUME_CHECK_CONSUMER) timestamp=2959 ms, used_size=7927808 bytes (19.4%)
(RDMA_READ_CONSUME_CHECK_CONSUMER) timestamp=2959 ms, used_size=7925760 bytes (19.4%)
(RDMA_READ_CONSUME_CHECK_CONSUMER) timestamp=2959 ms, used_size=7923712 bytes (19.3%)
(RDMA_READ_CONSUME_CHECK_CONSUMER) timestamp=2959 ms, used_size=7921664 bytes (19.3%)
(RDMA_READ_CONSUME_CHECK_CONSUMER) timestamp=2959 ms, used_size=7919616 bytes (19.3%)
(RDMA_READ_CONSUME_CHECK_CONSUMER) timestamp=2959 ms, used_size=7917568 bytes (19.3%)
(RDMA_READ_CONSUME_CHECK_CONSUMER) timestamp=2959 ms, used_size=7915520 bytes (19.3%)
(RDMA_READ_CONSUME_CHECK_CONSUMER) timestamp=2959 ms, used_size=7913472 bytes (19.3%)
(RDMA_READ_CONSUME_CHECK_CONSUMER) timestamp=2959 ms, used_size=7911424 bytes (19.3%)
(RDMA_READ_CONSUME_CHECK_CONSUMER) timestamp=2959 ms, used_size=7909376 bytes (19.3%)
(RDMA_READ_CONSUME_CHECK_CONSUMER) timestamp=2959 ms, used_size=7907328 bytes (19.3%)
(RDMA_READ_CONSUME_CHECK_CONSUMER) timestamp=2959 ms, used_size=7905280 bytes (19.3%)
(RDMA_READ_CONSUME_CHECK_CONSUMER) timestamp=2959 ms, used_size=7903232 bytes (19.3%)
(RDMA_READ_CONSUME_CHECK_CONSUMER) timestamp=2959 ms, used_size=7901184 bytes (19.3%)
(RDMA_READ_CONSUME_CHECK_CONSUMER) timestamp=2959 ms, used_size=7899136 bytes (19.3%)
(RDMA_READ_CONSUME_CHECK_CONSUMER) timestamp=2959 ms, used_size=7897088 bytes (19.3%)
(RDMA_READ_CONSUME_CHECK_CONSUMER) timestamp=2959 ms, used_size=7895040 bytes (19.3%)
(RDMA_READ_CONSUME_CHECK_CONSUMER) timestamp=2959 ms, used_size=7892992 bytes (19.3%)
(RDMA_READ_CONSUME_CHECK_CONSUMER) timestamp=2959 ms, used_size=7890944 bytes (19.3%)
(RDMA_READ_CONSUME_CHECK_CONSUMER) timestamp=2959 ms, used_size=7888896 bytes (19.3%)
(RDMA_READ_CONSUME_CHECK_CONSUMER) timestamp=2959 ms, used_size=7886848 bytes (19.3%)
(RDMA_READ_CONSUME_CHECK_CONSUMER) timestamp=2959 ms, used_size=7884800 bytes (19.2%)
(RDMA_READ_CONSUME_CHECK_CONSUMER) timestamp=2959 ms, used_size=7882752 bytes (19.2%)
(RDMA_READ_CONSUME_CHECK_CONSUMER) timestamp=2959 ms, used_size=7880704 bytes (19.2%)
(RDMA_READ_CONSUME_CHECK_CONSUMER) timestamp=2959 ms, used_size=7878656 bytes (19.2%)
(RDMA_READ_CONSUME_CHECK_CONSUMER) timestamp=2959 ms, used_size=7876608 bytes (19.2%)
(RDMA_READ_CONSUME_CHECK_CONSUMER) timestamp=2959 ms, used_size=7874560 bytes (19.2%)
(RDMA_READ_CONSUME_CHECK_CONSUMER) timestamp=2959 ms, used_size=7872512 bytes (19.2%)
(RDMA_READ_CONSUME_CHECK_CONSUMER) timestamp=2959 ms, used_size=7870464 bytes (19.2%)
(RDMA_READ_CONSUME_CHECK_CONSUMER) timestamp=2959 ms, used_size=7868416 bytes (19.2%)
(RDMA_READ_CONSUME_CHECK_CONSUMER) timestamp=2959 ms, used_size=7866368 bytes (19.2%)
(RDMA_READ_CONSUME_CHECK_CONSUMER) timestamp=2959 ms, used_size=7864320 bytes (19.2%)
(RDMA_READ_CONSUME_CHECK_CONSUMER) timestamp=2959 ms, used_size=7862272 bytes (19.2%)
(RDMA_READ_CONSUME_CHECK_CONSUMER) timestamp=2959 ms, used_size=7860224 bytes (19.2%)
(RDMA_READ_CONSUME_CHECK_CONSUMER) timestamp=2959 ms, used_size=7858176 bytes (19.2%)
(RDMA_READ_CONSUME_CHECK_CONSUMER) timestamp=2959 ms, used_size=7856128 bytes (19.2%)
(RDMA_READ_CONSUME_CHECK_CONSUMER) timestamp=2959 ms, used_size=7854080 bytes (19.2%)
(RDMA_READ_CONSUME_CHECK_CONSUMER) timestamp=2959 ms, used_size=7852032 bytes (19.2%)
(RDMA_READ_CONSUME_CHECK_CONSUMER) timestamp=2960 ms, used_size=7849984 bytes (19.2%)
(RDMA_READ_CONSUME_CHECK_CONSUMER) timestamp=2960 ms, used_size=7847936 bytes (19.2%)
(RDMA_READ_CONSUME_CHECK_CONSUMER) timestamp=2960 ms, used_size=7845888 bytes (19.2%)
(RDMA_READ_CONSUME_CHECK_CONSUMER) timestamp=2960 ms, used_size=7843840 bytes (19.1%)
(RDMA_READ_CONSUME_CHECK_CONSUMER) timestamp=2960 ms, used_size=7841792 bytes (19.1%)
(RDMA_READ_CONSUME_CHECK_CONSUMER) timestamp=2960 ms, used_size=7839744 bytes (19.1%)
(RDMA_READ_CONSUME_CHECK_CONSUMER) timestamp=2960 ms, used_size=7837696 bytes (19.1%)
(RDMA_READ_CONSUME_CHECK_CONSUMER) timestamp=2960 ms, used_size=7835648 bytes (19.1%)
(RDMA_READ_CONSUME_CHECK_CONSUMER) timestamp=2960 ms, used_size=7833600 bytes (19.1%)
(RDMA_READ_CONSUME_CHECK_CONSUMER) timestamp=2960 ms, used_size=7831552 bytes (19.1%)
(RDMA_READ_CONSUME_CHECK_CONSUMER) timestamp=2960 ms, used_size=7829504 bytes (19.1%)
(RDMA_READ_CONSUME_CHECK_CONSUMER) timestamp=2960 ms, used_size=7827456 bytes (19.1%)
(RDMA_READ_CONSUME_CHECK_CONSUMER) timestamp=2960 ms, used_size=7825408 bytes (19.1%)
(RDMA_READ_CONSUME_CHECK_CONSUMER) timestamp=2960 ms, used_size=7823360 bytes (19.1%)
(RDMA_READ_CONSUME_CHECK_CONSUMER) timestamp=2960 ms, used_size=7821312 bytes (19.1%)
(RDMA_READ_CONSUME_CHECK_CONSUMER) timestamp=2960 ms, used_size=7819264 bytes (19.1%)
(RDMA_READ_CONSUME_CHECK_CONSUMER) timestamp=2960 ms, used_size=7817216 bytes (19.1%)
(RDMA_READ_CONSUME_CHECK_CONSUMER) timestamp=2960 ms, used_size=7815168 bytes (19.1%)
(RDMA_READ_CONSUME_CHECK_CONSUMER) timestamp=2960 ms, used_size=7813120 bytes (19.1%)
(RDMA_READ_CONSUME_CHECK_CONSUMER) timestamp=2960 ms, used_size=7811072 bytes (19.1%)
(RDMA_READ_CONSUME_CHECK_CONSUMER) timestamp=2960 ms, used_size=7809024 bytes (19.1%)
(RDMA_READ_CONSUME_CHECK_CONSUMER) timestamp=2960 ms, used_size=7806976 bytes (19.1%)
(RDMA_READ_CONSUME_CHECK_CONSUMER) timestamp=2960 ms, used_size=7804928 bytes (19.1%)
(RDMA_READ_CONSUME_CHECK_CONSUMER) timestamp=2960 ms, used_size=7802880 bytes (19.1%)
(RDMA_READ_CONSUME_CHECK_CONSUMER) timestamp=2960 ms, used_size=7800832 bytes (19.0%)
(RDMA_READ_CONSUME_CHECK_CONSUMER) timestamp=2960 ms, used_size=7798784 bytes (19.0%)
(RDMA_READ_CONSUME_CHECK_CONSUMER) timestamp=2960 ms, used_size=7796736 bytes (19.0%)
(RDMA_READ_CONSUME_CHECK_CONSUMER) timestamp=2960 ms, used_size=7794688 bytes (19.0%)
(RDMA_READ_CONSUME_CHECK_CONSUMER) timestamp=2960 ms, used_size=7792640 bytes (19.0%)
(RDMA_READ_CONSUME_CHECK_CONSUMER) timestamp=2960 ms, used_size=7790592 bytes (19.0%)
(RDMA_READ_CONSUME_CHECK_CONSUMER) timestamp=2960 ms, used_size=7788544 bytes (19.0%)
(RDMA_READ_CONSUME_CHECK_CONSUMER) timestamp=2960 ms, used_size=7786496 bytes (19.0%)
(RDMA_READ_CONSUME_CHECK_CONSUMER) timestamp=2960 ms, used_size=7784448 bytes (19.0%)
(RDMA_READ_CONSUME_CHECK_CONSUMER) timestamp=2960 ms, used_size=7782400 bytes (19.0%)
(RDMA_READ_CONSUME_CHECK_CONSUMER) timestamp=2960 ms, used_size=7780352 bytes (19.0%)
(RDMA_READ_CONSUME_CHECK_CONSUMER) timestamp=2960 ms, used_size=7778304 bytes (19.0%)
(RDMA_READ_CONSUME_CHECK_CONSUMER) timestamp=2960 ms, used_size=7776256 bytes (19.0%)
(RDMA_READ_CONSUME_CHECK_CONSUMER) timestamp=2960 ms, used_size=7774208 bytes (19.0%)
(RDMA_READ_CONSUME_CHECK_CONSUMER) timestamp=2960 ms, used_size=7772160 bytes (19.0%)
(RDMA_READ_CONSUME_CHECK_CONSUMER) timestamp=2960 ms, used_size=7770112 bytes (19.0%)
(RDMA_READ_CONSUME_CHECK_CONSUMER) timestamp=2960 ms, used_size=7768064 bytes (19.0%)
(RDMA_READ_CONSUME_CHECK_CONSUMER) timestamp=2960 ms, used_size=7766016 bytes (19.0%)
(RDMA_READ_CONSUME_CHECK_CONSUMER) timestamp=2960 ms, used_size=7763968 bytes (19.0%)
(RDMA_READ_CONSUME_CHECK_CONSUMER) timestamp=2960 ms, used_size=7761920 bytes (18.9%)
(RDMA_READ_CONSUME_CHECK_CONSUMER) timestamp=2960 ms, used_size=7759872 bytes (18.9%)
(RDMA_READ_CONSUME_CHECK_CONSUMER) timestamp=2960 ms, used_size=7757824 bytes (18.9%)
(RDMA_READ_CONSUME_CHECK_CONSUMER) timestamp=2960 ms, used_size=7755776 bytes (18.9%)
(RDMA_READ_CONSUME_CHECK_CONSUMER) timestamp=2960 ms, used_size=7753728 bytes (18.9%)
(RDMA_READ_CONSUME_CHECK_CONSUMER) timestamp=2960 ms, used_size=7751680 bytes (18.9%)
(RDMA_READ_CONSUME_CHECK_CONSUMER) timestamp=2960 ms, used_size=7749632 bytes (18.9%)
(RDMA_READ_CONSUME_CHECK_CONSUMER) timestamp=2960 ms, used_size=7747584 bytes (18.9%)
(RDMA_READ_CONSUME_CHECK_CONSUMER) timestamp=2960 ms, used_size=7745536 bytes (18.9%)
(RDMA_READ_CONSUME_CHECK_CONSUMER) timestamp=2960 ms, used_size=7743488 bytes (18.9%)
(RDMA_READ_CONSUME_CHECK_CONSUMER) timestamp=2960 ms, used_size=7741440 bytes (18.9%)
(RDMA_READ_CONSUME_CHECK_CONSUMER) timestamp=2960 ms, used_size=7739392 bytes (18.9%)
(RDMA_READ_CONSUME_CHECK_CONSUMER) timestamp=2960 ms, used_size=7737344 bytes (18.9%)
(RDMA_READ_CONSUME_CHECK_CONSUMER) timestamp=2960 ms, used_size=7735296 bytes (18.9%)
(RDMA_READ_CONSUME_CHECK_CONSUMER) timestamp=2960 ms, used_size=7733248 bytes (18.9%)
(RDMA_READ_CONSUME_CHECK_CONSUMER) timestamp=2960 ms, used_size=7731200 bytes (18.9%)
(RDMA_READ_CONSUME_CHECK_CONSUMER) timestamp=2960 ms, used_size=7729152 bytes (18.9%)
(RDMA_READ_CONSUME_CHECK_CONSUMER) timestamp=2960 ms, used_size=7727104 bytes (18.9%)
(RDMA_READ_CONSUME_CHECK_CONSUMER) timestamp=2960 ms, used_size=7725056 bytes (18.9%)
(RDMA_READ_CONSUME_CHECK_CONSUMER) timestamp=2960 ms, used_size=7723008 bytes (18.9%)
(RDMA_READ_CONSUME_CHECK_CONSUMER) timestamp=2960 ms, used_size=7720960 bytes (18.9%)
(RDMA_READ_CONSUME_CHECK_CONSUMER) timestamp=2960 ms, used_size=7718912 bytes (18.8%)
(RDMA_READ_CONSUME_CHECK_CONSUMER) timestamp=2960 ms, used_size=7716864 bytes (18.8%)
(RDMA_READ_CONSUME_CHECK_CONSUMER) timestamp=2960 ms, used_size=7714816 bytes (18.8%)
(RDMA_READ_CONSUME_CHECK_CONSUMER) timestamp=2960 ms, used_size=7712768 bytes (18.8%)
(RDMA_READ_CONSUME_CHECK_CONSUMER) timestamp=2960 ms, used_size=7710720 bytes (18.8%)
(RDMA_READ_CONSUME_CHECK_CONSUMER) timestamp=2960 ms, used_size=7708672 bytes (18.8%)
(RDMA_READ_CONSUME_CHECK_CONSUMER) timestamp=2960 ms, used_size=7706624 bytes (18.8%)
(RDMA_READ_CONSUME_CHECK_CONSUMER) timestamp=2960 ms, used_size=7704576 bytes (18.8%)
(RDMA_READ_CONSUME_CHECK_CONSUMER) timestamp=2960 ms, used_size=7702528 bytes (18.8%)
(RDMA_READ_CONSUME_CHECK_CONSUMER) timestamp=2960 ms, used_size=7700480 bytes (18.8%)
(RDMA_READ_CONSUME_CHECK_CONSUMER) timestamp=2960 ms, used_size=7698432 bytes (18.8%)
(RDMA_READ_CONSUME_CHECK_CONSUMER) timestamp=2960 ms, used_size=7696384 bytes (18.8%)
(RDMA_READ_CONSUME_CHECK_CONSUMER) timestamp=2960 ms, used_size=7694336 bytes (18.8%)
(RDMA_READ_CONSUME_CHECK_CONSUMER) timestamp=2960 ms, used_size=7692288 bytes (18.8%)
(RDMA_READ_CONSUME_CHECK_CONSUMER) timestamp=2960 ms, used_size=7690240 bytes (18.8%)
(RDMA_READ_CONSUME_CHECK_CONSUMER) timestamp=2960 ms, used_size=7688192 bytes (18.8%)
(RDMA_READ_CONSUME_CHECK_CONSUMER) timestamp=2960 ms, used_size=7686144 bytes (18.8%)
(RDMA_READ_CONSUME_CHECK_CONSUMER) timestamp=2960 ms, used_size=7684096 bytes (18.8%)
(RDMA_READ_CONSUME_CHECK_CONSUMER) timestamp=2960 ms, used_size=7682048 bytes (18.8%)
(RDMA_READ_CONSUME_CHECK_CONSUMER) timestamp=2960 ms, used_size=7680000 bytes (18.8%)
(RDMA_READ_CONSUME_CHECK_CONSUMER) timestamp=2960 ms, used_size=7677952 bytes (18.7%)
(RDMA_READ_CONSUME_CHECK_CONSUMER) timestamp=2960 ms, used_size=7675904 bytes (18.7%)
(RDMA_READ_CONSUME_CHECK_CONSUMER) timestamp=2960 ms, used_size=7673856 bytes (18.7%)
(RDMA_READ_CONSUME_CHECK_CONSUMER) timestamp=2960 ms, used_size=7671808 bytes (18.7%)
(RDMA_READ_CONSUME_CHECK_CONSUMER) timestamp=2960 ms, used_size=7669760 bytes (18.7%)
(RDMA_READ_CONSUME_CHECK_CONSUMER) timestamp=2960 ms, used_size=7667712 bytes (18.7%)
(RDMA_READ_CONSUME_CHECK_CONSUMER) timestamp=2960 ms, used_size=7665664 bytes (18.7%)
(RDMA_READ_CONSUME_CHECK_CONSUMER) timestamp=2960 ms, used_size=7663616 bytes (18.7%)
(RDMA_READ_CONSUME_CHECK_CONSUMER) timestamp=2960 ms, used_size=7661568 bytes (18.7%)
(RDMA_READ_CONSUME_CHECK_CONSUMER) timestamp=2960 ms, used_size=7659520 bytes (18.7%)
(RDMA_READ_CONSUME_CHECK_CONSUMER) timestamp=2960 ms, used_size=7657472 bytes (18.7%)
(RDMA_READ_CONSUME_CHECK_CONSUMER) timestamp=2960 ms, used_size=7655424 bytes (18.7%)
(RDMA_READ_CONSUME_CHECK_CONSUMER) timestamp=2960 ms, used_size=7653376 bytes (18.7%)
(RDMA_READ_CONSUME_CHECK_CONSUMER) timestamp=2960 ms, used_size=7651328 bytes (18.7%)
(RDMA_READ_CONSUME_CHECK_CONSUMER) timestamp=2960 ms, used_size=7649280 bytes (18.7%)
(RDMA_READ_CONSUME_CHECK_CONSUMER) timestamp=2960 ms, used_size=7647232 bytes (18.7%)
(RDMA_READ_CONSUME_CHECK_CONSUMER) timestamp=2960 ms, used_size=7645184 bytes (18.7%)
(RDMA_READ_CONSUME_CHECK_CONSUMER) timestamp=2960 ms, used_size=7643136 bytes (18.7%)
(RDMA_READ_CONSUME_CHECK_CONSUMER) timestamp=2960 ms, used_size=7641088 bytes (18.7%)
(RDMA_READ_CONSUME_CHECK_CONSUMER) timestamp=2960 ms, used_size=7639040 bytes (18.6%)
(RDMA_READ_CONSUME_CHECK_CONSUMER) timestamp=2960 ms, used_size=7636992 bytes (18.6%)
(RDMA_READ_CONSUME_CHECK_CONSUMER) timestamp=2960 ms, used_size=7634944 bytes (18.6%)
(RDMA_READ_CONSUME_CHECK_CONSUMER) timestamp=2960 ms, used_size=7632896 bytes (18.6%)
(RDMA_READ_CONSUME_CHECK_CONSUMER) timestamp=2960 ms, used_size=7630848 bytes (18.6%)
(RDMA_READ_CONSUME_CHECK_CONSUMER) timestamp=2960 ms, used_size=7628800 bytes (18.6%)
(RDMA_READ_CONSUME_CHECK_CONSUMER) timestamp=2960 ms, used_size=7626752 bytes (18.6%)
(RDMA_READ_CONSUME_CHECK_CONSUMER) timestamp=2960 ms, used_size=7624704 bytes (18.6%)
(RDMA_READ_CONSUME_CHECK_CONSUMER) timestamp=2960 ms, used_size=7622656 bytes (18.6%)
(RDMA_READ_CONSUME_CHECK_CONSUMER) timestamp=2960 ms, used_size=7620608 bytes (18.6%)
(RDMA_READ_CONSUME_CHECK_CONSUMER) timestamp=2960 ms, used_size=7618560 bytes (18.6%)
(RDMA_READ_CONSUME_CHECK_CONSUMER) timestamp=2960 ms, used_size=7616512 bytes (18.6%)
(RDMA_READ_CONSUME_CHECK_CONSUMER) timestamp=2960 ms, used_size=7614464 bytes (18.6%)
(RDMA_READ_CONSUME_CHECK_CONSUMER) timestamp=2960 ms, used_size=7612416 bytes (18.6%)
(RDMA_READ_CONSUME_CHECK_CONSUMER) timestamp=2960 ms, used_size=7610368 bytes (18.6%)
(RDMA_READ_CONSUME_CHECK_CONSUMER) timestamp=2960 ms, used_size=7608320 bytes (18.6%)
(RDMA_READ_CONSUME_CHECK_CONSUMER) timestamp=2960 ms, used_size=7606272 bytes (18.6%)
(RDMA_READ_CONSUME_CHECK_CONSUMER) timestamp=2960 ms, used_size=7604224 bytes (18.6%)
(RDMA_READ_CONSUME_CHECK_CONSUMER) timestamp=2960 ms, used_size=7602176 bytes (18.6%)
(RDMA_READ_CONSUME_CHECK_CONSUMER) timestamp=2960 ms, used_size=7600128 bytes (18.6%)
(RDMA_READ_CONSUME_CHECK_CONSUMER) timestamp=2960 ms, used_size=7598080 bytes (18.6%)
(RDMA_READ_CONSUME_CHECK_CONSUMER) timestamp=2960 ms, used_size=7596032 bytes (18.5%)
(RDMA_READ_CONSUME_CHECK_CONSUMER) timestamp=2960 ms, used_size=7593984 bytes (18.5%)
(RDMA_READ_CONSUME_CHECK_CONSUMER) timestamp=2960 ms, used_size=7591936 bytes (18.5%)
(RDMA_READ_CONSUME_CHECK_CONSUMER) timestamp=2960 ms, used_size=7589888 bytes (18.5%)
(RDMA_READ_CONSUME_CHECK_CONSUMER) timestamp=2960 ms, used_size=7587840 bytes (18.5%)
(RDMA_READ_CONSUME_CHECK_CONSUMER) timestamp=2960 ms, used_size=7585792 bytes (18.5%)
(RDMA_READ_CONSUME_CHECK_CONSUMER) timestamp=2960 ms, used_size=7583744 bytes (18.5%)
(RDMA_READ_CONSUME_CHECK_CONSUMER) timestamp=2960 ms, used_size=7581696 bytes (18.5%)
(RDMA_READ_CONSUME_CHECK_CONSUMER) timestamp=2960 ms, used_size=7579648 bytes (18.5%)
(RDMA_READ_CONSUME_CHECK_CONSUMER) timestamp=2960 ms, used_size=7577600 bytes (18.5%)
(RDMA_READ_CONSUME_CHECK_CONSUMER) timestamp=2960 ms, used_size=7575552 bytes (18.5%)
(RDMA_READ_CONSUME_CHECK_CONSUMER) timestamp=2960 ms, used_size=7573504 bytes (18.5%)
(RDMA_READ_CONSUME_CHECK_CONSUMER) timestamp=2960 ms, used_size=7571456 bytes (18.5%)
(RDMA_READ_CONSUME_CHECK_CONSUMER) timestamp=2960 ms, used_size=7569408 bytes (18.5%)
(RDMA_READ_CONSUME_CHECK_CONSUMER) timestamp=2960 ms, used_size=7567360 bytes (18.5%)
(RDMA_READ_CONSUME_CHECK_CONSUMER) timestamp=2960 ms, used_size=7565312 bytes (18.5%)
(RDMA_READ_CONSUME_CHECK_CONSUMER) timestamp=2960 ms, used_size=7563264 bytes (18.5%)
(RDMA_READ_CONSUME_CHECK_CONSUMER) timestamp=2960 ms, used_size=7561216 bytes (18.5%)
(RDMA_READ_CONSUME_CHECK_CONSUMER) timestamp=2960 ms, used_size=7559168 bytes (18.5%)
(RDMA_READ_CONSUME_CHECK_CONSUMER) timestamp=2960 ms, used_size=7557120 bytes (18.4%)
(RDMA_READ_CONSUME_CHECK_CONSUMER) timestamp=2960 ms, used_size=7555072 bytes (18.4%)
(RDMA_READ_CONSUME_CHECK_CONSUMER) timestamp=2960 ms, used_size=7553024 bytes (18.4%)
(RDMA_READ_CONSUME_CHECK_CONSUMER) timestamp=2960 ms, used_size=7550976 bytes (18.4%)
(RDMA_READ_CONSUME_CHECK_CONSUMER) timestamp=2960 ms, used_size=7548928 bytes (18.4%)
(RDMA_READ_CONSUME_CHECK_CONSUMER) timestamp=2960 ms, used_size=7546880 bytes (18.4%)
(RDMA_READ_CONSUME_CHECK_CONSUMER) timestamp=2960 ms, used_size=7544832 bytes (18.4%)
(RDMA_READ_CONSUME_CHECK_CONSUMER) timestamp=2960 ms, used_size=7542784 bytes (18.4%)
(RDMA_READ_CONSUME_CHECK_CONSUMER) timestamp=2960 ms, used_size=7540736 bytes (18.4%)
(RDMA_READ_CONSUME_CHECK_CONSUMER) timestamp=2960 ms, used_size=7538688 bytes (18.4%)
(RDMA_READ_CONSUME_CHECK_CONSUMER) timestamp=2960 ms, used_size=7536640 bytes (18.4%)
(RDMA_READ_CONSUME_CHECK_CONSUMER) timestamp=2960 ms, used_size=7534592 bytes (18.4%)
(RDMA_READ_CONSUME_CHECK_CONSUMER) timestamp=2960 ms, used_size=7532544 bytes (18.4%)
(RDMA_READ_CONSUME_CHECK_CONSUMER) timestamp=2960 ms, used_size=7530496 bytes (18.4%)
(RDMA_READ_CONSUME_CHECK_CONSUMER) timestamp=2960 ms, used_size=7528448 bytes (18.4%)
(RDMA_READ_CONSUME_CHECK_CONSUMER) timestamp=2960 ms, used_size=7526400 bytes (18.4%)
(RDMA_READ_CONSUME_CHECK_CONSUMER) timestamp=2960 ms, used_size=7524352 bytes (18.4%)
(RDMA_READ_CONSUME_CHECK_CONSUMER) timestamp=2960 ms, used_size=7522304 bytes (18.4%)
(RDMA_READ_CONSUME_CHECK_CONSUMER) timestamp=2960 ms, used_size=7520256 bytes (18.4%)
(RDMA_READ_CONSUME_CHECK_CONSUMER) timestamp=2960 ms, used_size=7518208 bytes (18.4%)
(RDMA_READ_CONSUME_CHECK_CONSUMER) timestamp=2960 ms, used_size=7516160 bytes (18.4%)
(RDMA_READ_CONSUME_CHECK_CONSUMER) timestamp=2960 ms, used_size=7514112 bytes (18.3%)
(RDMA_READ_CONSUME_CHECK_CONSUMER) timestamp=2960 ms, used_size=7512064 bytes (18.3%)
(RDMA_READ_CONSUME_CHECK_CONSUMER) timestamp=2960 ms, used_size=7510016 bytes (18.3%)
(RDMA_READ_CONSUME_CHECK_CONSUMER) timestamp=2960 ms, used_size=7507968 bytes (18.3%)
(RDMA_READ_CONSUME_CHECK_CONSUMER) timestamp=2960 ms, used_size=7505920 bytes (18.3%)
(RDMA_READ_CONSUME_CHECK_CONSUMER) timestamp=2960 ms, used_size=7503872 bytes (18.3%)
(RDMA_READ_CONSUME_CHECK_CONSUMER) timestamp=2960 ms, used_size=7501824 bytes (18.3%)
(RDMA_READ_CONSUME_CHECK_CONSUMER) timestamp=2960 ms, used_size=7499776 bytes (18.3%)
(RDMA_READ_CONSUME_CHECK_CONSUMER) timestamp=2960 ms, used_size=7497728 bytes (18.3%)
(RDMA_READ_CONSUME_CHECK_CONSUMER) timestamp=2960 ms, used_size=7495680 bytes (18.3%)
(RDMA_READ_CONSUME_CHECK_CONSUMER) timestamp=2960 ms, used_size=7493632 bytes (18.3%)
(RDMA_READ_CONSUME_CHECK_CONSUMER) timestamp=2960 ms, used_size=7491584 bytes (18.3%)
(RDMA_READ_CONSUME_CHECK_CONSUMER) timestamp=2961 ms, used_size=7489536 bytes (18.3%)
(RDMA_READ_CONSUME_CHECK_CONSUMER) timestamp=2961 ms, used_size=7487488 bytes (18.3%)
(RDMA_READ_CONSUME_CHECK_CONSUMER) timestamp=2961 ms, used_size=7485440 bytes (18.3%)
(RDMA_READ_CONSUME_CHECK_CONSUMER) timestamp=2961 ms, used_size=7483392 bytes (18.3%)
(RDMA_READ_CONSUME_CHECK_CONSUMER) timestamp=2961 ms, used_size=7481344 bytes (18.3%)
(RDMA_READ_CONSUME_CHECK_CONSUMER) timestamp=2961 ms, used_size=7479296 bytes (18.3%)
(RDMA_READ_CONSUME_CHECK_CONSUMER) timestamp=2961 ms, used_size=7477248 bytes (18.3%)
(RDMA_READ_CONSUME_CHECK_CONSUMER) timestamp=2961 ms, used_size=7475200 bytes (18.2%)
(RDMA_READ_CONSUME_CHECK_CONSUMER) timestamp=2961 ms, used_size=7473152 bytes (18.2%)
(RDMA_READ_CONSUME_CHECK_CONSUMER) timestamp=2961 ms, used_size=7471104 bytes (18.2%)
(RDMA_READ_CONSUME_CHECK_CONSUMER) timestamp=2961 ms, used_size=7469056 bytes (18.2%)
(RDMA_READ_CONSUME_CHECK_CONSUMER) timestamp=2961 ms, used_size=7467008 bytes (18.2%)
(RDMA_READ_CONSUME_CHECK_CONSUMER) timestamp=2961 ms, used_size=7464960 bytes (18.2%)
(RDMA_READ_CONSUME_CHECK_CONSUMER) timestamp=2961 ms, used_size=7462912 bytes (18.2%)
(RDMA_READ_CONSUME_CHECK_CONSUMER) timestamp=2961 ms, used_size=7460864 bytes (18.2%)
(RDMA_READ_CONSUME_CHECK_CONSUMER) timestamp=2961 ms, used_size=7458816 bytes (18.2%)
(RDMA_READ_CONSUME_CHECK_CONSUMER) timestamp=2961 ms, used_size=7456768 bytes (18.2%)
(RDMA_READ_CONSUME_CHECK_CONSUMER) timestamp=2961 ms, used_size=7454720 bytes (18.2%)
(RDMA_READ_CONSUME_CHECK_CONSUMER) timestamp=2961 ms, used_size=7452672 bytes (18.2%)
(RDMA_READ_CONSUME_CHECK_CONSUMER) timestamp=2961 ms, used_size=7450624 bytes (18.2%)
(RDMA_READ_CONSUME_CHECK_CONSUMER) timestamp=2961 ms, used_size=7448576 bytes (18.2%)
(RDMA_READ_CONSUME_CHECK_CONSUMER) timestamp=2961 ms, used_size=7446528 bytes (18.2%)
(RDMA_READ_CONSUME_CHECK_CONSUMER) timestamp=2961 ms, used_size=7444480 bytes (18.2%)
(RDMA_READ_CONSUME_CHECK_CONSUMER) timestamp=2961 ms, used_size=7442432 bytes (18.2%)
(RDMA_READ_CONSUME_CHECK_CONSUMER) timestamp=2961 ms, used_size=7440384 bytes (18.2%)
(RDMA_READ_CONSUME_CHECK_CONSUMER) timestamp=2961 ms, used_size=7438336 bytes (18.2%)
(RDMA_READ_CONSUME_CHECK_CONSUMER) timestamp=2961 ms, used_size=7436288 bytes (18.2%)
(RDMA_READ_CONSUME_CHECK_CONSUMER) timestamp=2961 ms, used_size=7434240 bytes (18.1%)
(RDMA_READ_CONSUME_CHECK_CONSUMER) timestamp=2961 ms, used_size=7432192 bytes (18.1%)
(RDMA_READ_CONSUME_CHECK_CONSUMER) timestamp=2961 ms, used_size=7430144 bytes (18.1%)
(RDMA_READ_CONSUME_CHECK_CONSUMER) timestamp=2961 ms, used_size=7428096 bytes (18.1%)
(RDMA_READ_CONSUME_CHECK_CONSUMER) timestamp=2961 ms, used_size=7426048 bytes (18.1%)
(RDMA_READ_CONSUME_CHECK_CONSUMER) timestamp=2961 ms, used_size=7424000 bytes (18.1%)
(RDMA_READ_CONSUME_CHECK_CONSUMER) timestamp=2961 ms, used_size=7421952 bytes (18.1%)
(RDMA_READ_CONSUME_CHECK_CONSUMER) timestamp=2961 ms, used_size=7419904 bytes (18.1%)
(RDMA_READ_CONSUME_CHECK_CONSUMER) timestamp=2961 ms, used_size=7417856 bytes (18.1%)
(RDMA_READ_CONSUME_CHECK_CONSUMER) timestamp=2961 ms, used_size=7415808 bytes (18.1%)
(RDMA_READ_CONSUME_CHECK_CONSUMER) timestamp=2961 ms, used_size=7413760 bytes (18.1%)
(RDMA_READ_CONSUME_CHECK_CONSUMER) timestamp=2961 ms, used_size=7411712 bytes (18.1%)
(RDMA_READ_CONSUME_CHECK_CONSUMER) timestamp=2961 ms, used_size=7409664 bytes (18.1%)
(RDMA_READ_CONSUME_CHECK_CONSUMER) timestamp=2961 ms, used_size=7407616 bytes (18.1%)
(RDMA_READ_CONSUME_CHECK_CONSUMER) timestamp=2961 ms, used_size=7405568 bytes (18.1%)
(RDMA_READ_CONSUME_CHECK_CONSUMER) timestamp=2961 ms, used_size=7403520 bytes (18.1%)
(RDMA_READ_CONSUME_CHECK_CONSUMER) timestamp=2961 ms, used_size=7401472 bytes (18.1%)
(RDMA_READ_CONSUME_CHECK_CONSUMER) timestamp=2961 ms, used_size=7399424 bytes (18.1%)
(RDMA_READ_CONSUME_CHECK_CONSUMER) timestamp=2961 ms, used_size=7397376 bytes (18.1%)
(RDMA_READ_CONSUME_CHECK_CONSUMER) timestamp=2961 ms, used_size=7395328 bytes (18.1%)
(RDMA_READ_CONSUME_CHECK_CONSUMER) timestamp=2961 ms, used_size=7393280 bytes (18.1%)
(RDMA_READ_CONSUME_CHECK_CONSUMER) timestamp=2961 ms, used_size=7391232 bytes (18.0%)
(RDMA_READ_CONSUME_CHECK_CONSUMER) timestamp=2961 ms, used_size=7389184 bytes (18.0%)
(RDMA_READ_CONSUME_CHECK_CONSUMER) timestamp=2961 ms, used_size=7387136 bytes (18.0%)
(RDMA_READ_CONSUME_CHECK_CONSUMER) timestamp=2961 ms, used_size=7385088 bytes (18.0%)
(RDMA_READ_CONSUME_CHECK_CONSUMER) timestamp=2961 ms, used_size=7383040 bytes (18.0%)
(RDMA_READ_CONSUME_CHECK_CONSUMER) timestamp=2961 ms, used_size=7380992 bytes (18.0%)
(RDMA_READ_CONSUME_CHECK_CONSUMER) timestamp=2961 ms, used_size=7378944 bytes (18.0%)
(RDMA_READ_CONSUME_CHECK_CONSUMER) timestamp=2961 ms, used_size=7376896 bytes (18.0%)
(RDMA_READ_CONSUME_CHECK_CONSUMER) timestamp=2961 ms, used_size=7374848 bytes (18.0%)
(RDMA_READ_CONSUME_CHECK_CONSUMER) timestamp=2961 ms, used_size=7372800 bytes (18.0%)
(RDMA_READ_CONSUME_CHECK_CONSUMER) timestamp=2961 ms, used_size=7370752 bytes (18.0%)
(RDMA_READ_CONSUME_CHECK_CONSUMER) timestamp=2961 ms, used_size=7368704 bytes (18.0%)
(RDMA_READ_CONSUME_CHECK_CONSUMER) timestamp=2961 ms, used_size=7366656 bytes (18.0%)
(RDMA_READ_CONSUME_CHECK_CONSUMER) timestamp=2961 ms, used_size=7364608 bytes (18.0%)
(RDMA_READ_CONSUME_CHECK_CONSUMER) timestamp=2961 ms, used_size=7362560 bytes (18.0%)
(RDMA_READ_CONSUME_CHECK_CONSUMER) timestamp=2961 ms, used_size=7360512 bytes (18.0%)
(RDMA_READ_CONSUME_CHECK_CONSUMER) timestamp=2961 ms, used_size=7358464 bytes (18.0%)
(RDMA_READ_CONSUME_CHECK_CONSUMER) timestamp=2961 ms, used_size=7356416 bytes (18.0%)
(RDMA_READ_CONSUME_CHECK_CONSUMER) timestamp=2961 ms, used_size=7354368 bytes (18.0%)
(RDMA_READ_CONSUME_CHECK_CONSUMER) timestamp=2961 ms, used_size=7352320 bytes (17.9%)
(RDMA_READ_CONSUME_CHECK_CONSUMER) timestamp=2961 ms, used_size=7350272 bytes (17.9%)
(RDMA_READ_CONSUME_CHECK_CONSUMER) timestamp=2961 ms, used_size=7348224 bytes (17.9%)
(RDMA_READ_CONSUME_CHECK_CONSUMER) timestamp=2961 ms, used_size=7346176 bytes (17.9%)
(RDMA_READ_CONSUME_CHECK_CONSUMER) timestamp=2961 ms, used_size=7344128 bytes (17.9%)
(RDMA_READ_CONSUME_CHECK_CONSUMER) timestamp=2961 ms, used_size=7342080 bytes (17.9%)
(RDMA_READ_CONSUME_CHECK_CONSUMER) timestamp=2961 ms, used_size=7340032 bytes (17.9%)
(RDMA_READ_CONSUME_CHECK_CONSUMER) timestamp=2961 ms, used_size=7337984 bytes (17.9%)
(RDMA_READ_CONSUME_CHECK_CONSUMER) timestamp=2961 ms, used_size=7335936 bytes (17.9%)
(RDMA_READ_CONSUME_CHECK_CONSUMER) timestamp=2961 ms, used_size=7333888 bytes (17.9%)
(RDMA_READ_CONSUME_CHECK_CONSUMER) timestamp=2961 ms, used_size=7331840 bytes (17.9%)
(RDMA_READ_CONSUME_CHECK_CONSUMER) timestamp=2961 ms, used_size=7329792 bytes (17.9%)
(RDMA_READ_CONSUME_CHECK_CONSUMER) timestamp=2961 ms, used_size=7327744 bytes (17.9%)
(RDMA_READ_CONSUME_CHECK_CONSUMER) timestamp=2961 ms, used_size=7325696 bytes (17.9%)
(RDMA_READ_CONSUME_CHECK_CONSUMER) timestamp=2961 ms, used_size=7323648 bytes (17.9%)
(RDMA_READ_CONSUME_CHECK_CONSUMER) timestamp=2961 ms, used_size=7321600 bytes (17.9%)
(RDMA_READ_CONSUME_CHECK_CONSUMER) timestamp=2961 ms, used_size=7319552 bytes (17.9%)
(RDMA_READ_CONSUME_CHECK_CONSUMER) timestamp=2961 ms, used_size=7317504 bytes (17.9%)
(RDMA_READ_CONSUME_CHECK_CONSUMER) timestamp=2961 ms, used_size=7315456 bytes (17.9%)
(RDMA_READ_CONSUME_CHECK_CONSUMER) timestamp=2961 ms, used_size=7313408 bytes (17.9%)
(RDMA_READ_CONSUME_CHECK_CONSUMER) timestamp=2961 ms, used_size=7311360 bytes (17.9%)
(RDMA_READ_CONSUME_CHECK_CONSUMER) timestamp=2961 ms, used_size=7309312 bytes (17.8%)
(RDMA_READ_CONSUME_CHECK_CONSUMER) timestamp=2961 ms, used_size=7307264 bytes (17.8%)
(RDMA_READ_CONSUME_CHECK_CONSUMER) timestamp=2961 ms, used_size=7305216 bytes (17.8%)
(RDMA_READ_CONSUME_CHECK_CONSUMER) timestamp=2961 ms, used_size=7303168 bytes (17.8%)
(RDMA_READ_CONSUME_CHECK_CONSUMER) timestamp=2961 ms, used_size=7301120 bytes (17.8%)
(RDMA_READ_CONSUME_CHECK_CONSUMER) timestamp=2961 ms, used_size=7299072 bytes (17.8%)
(RDMA_READ_CONSUME_CHECK_CONSUMER) timestamp=2961 ms, used_size=7297024 bytes (17.8%)
(RDMA_READ_CONSUME_CHECK_CONSUMER) timestamp=2961 ms, used_size=7294976 bytes (17.8%)
(RDMA_READ_CONSUME_CHECK_CONSUMER) timestamp=2961 ms, used_size=7292928 bytes (17.8%)
(RDMA_READ_CONSUME_CHECK_CONSUMER) timestamp=2961 ms, used_size=7290880 bytes (17.8%)
(RDMA_READ_CONSUME_CHECK_CONSUMER) timestamp=2961 ms, used_size=7288832 bytes (17.8%)
(RDMA_READ_CONSUME_CHECK_CONSUMER) timestamp=2961 ms, used_size=7286784 bytes (17.8%)
(RDMA_READ_CONSUME_CHECK_CONSUMER) timestamp=2961 ms, used_size=7284736 bytes (17.8%)
(RDMA_READ_CONSUME_CHECK_CONSUMER) timestamp=2961 ms, used_size=7282688 bytes (17.8%)
(RDMA_READ_CONSUME_CHECK_CONSUMER) timestamp=2961 ms, used_size=7280640 bytes (17.8%)
(RDMA_READ_CONSUME_CHECK_CONSUMER) timestamp=2961 ms, used_size=7278592 bytes (17.8%)
(RDMA_READ_CONSUME_CHECK_CONSUMER) timestamp=2961 ms, used_size=7276544 bytes (17.8%)
(RDMA_READ_CONSUME_CHECK_CONSUMER) timestamp=2961 ms, used_size=7274496 bytes (17.8%)
(RDMA_READ_CONSUME_CHECK_CONSUMER) timestamp=2961 ms, used_size=7272448 bytes (17.8%)
(RDMA_READ_CONSUME_CHECK_CONSUMER) timestamp=2961 ms, used_size=7270400 bytes (17.8%)
(RDMA_READ_CONSUME_CHECK_CONSUMER) timestamp=2961 ms, used_size=7268352 bytes (17.7%)
(RDMA_READ_CONSUME_CHECK_CONSUMER) timestamp=2961 ms, used_size=7266304 bytes (17.7%)
(RDMA_READ_CONSUME_CHECK_CONSUMER) timestamp=2961 ms, used_size=7264256 bytes (17.7%)
(RDMA_READ_CONSUME_CHECK_CONSUMER) timestamp=2961 ms, used_size=7262208 bytes (17.7%)
(RDMA_READ_CONSUME_CHECK_CONSUMER) timestamp=2961 ms, used_size=7260160 bytes (17.7%)
(RDMA_READ_CONSUME_CHECK_CONSUMER) timestamp=2961 ms, used_size=7258112 bytes (17.7%)
(RDMA_READ_CONSUME_CHECK_CONSUMER) timestamp=2961 ms, used_size=7256064 bytes (17.7%)
(RDMA_READ_CONSUME_CHECK_CONSUMER) timestamp=2961 ms, used_size=7254016 bytes (17.7%)
(RDMA_READ_CONSUME_CHECK_CONSUMER) timestamp=2961 ms, used_size=7251968 bytes (17.7%)
(RDMA_READ_CONSUME_CHECK_CONSUMER) timestamp=2961 ms, used_size=7249920 bytes (17.7%)
(RDMA_READ_CONSUME_CHECK_CONSUMER) timestamp=2961 ms, used_size=7247872 bytes (17.7%)
(RDMA_READ_CONSUME_CHECK_CONSUMER) timestamp=2961 ms, used_size=7245824 bytes (17.7%)
(RDMA_READ_CONSUME_CHECK_CONSUMER) timestamp=2961 ms, used_size=7243776 bytes (17.7%)
(RDMA_READ_CONSUME_CHECK_CONSUMER) timestamp=2961 ms, used_size=7241728 bytes (17.7%)
(RDMA_READ_CONSUME_CHECK_CONSUMER) timestamp=2961 ms, used_size=7239680 bytes (17.7%)
(RDMA_READ_CONSUME_CHECK_CONSUMER) timestamp=2961 ms, used_size=7237632 bytes (17.7%)
(RDMA_READ_CONSUME_CHECK_CONSUMER) timestamp=2961 ms, used_size=7235584 bytes (17.7%)
(RDMA_READ_CONSUME_CHECK_CONSUMER) timestamp=2961 ms, used_size=7233536 bytes (17.7%)
(RDMA_READ_CONSUME_CHECK_CONSUMER) timestamp=2961 ms, used_size=7231488 bytes (17.7%)
(RDMA_READ_CONSUME_CHECK_CONSUMER) timestamp=2961 ms, used_size=7229440 bytes (17.6%)
(RDMA_READ_CONSUME_CHECK_CONSUMER) timestamp=2961 ms, used_size=7227392 bytes (17.6%)
(RDMA_READ_CONSUME_CHECK_CONSUMER) timestamp=2961 ms, used_size=7225344 bytes (17.6%)
(RDMA_READ_CONSUME_CHECK_CONSUMER) timestamp=2961 ms, used_size=7223296 bytes (17.6%)
(RDMA_READ_CONSUME_CHECK_CONSUMER) timestamp=2961 ms, used_size=7221248 bytes (17.6%)
(RDMA_READ_CONSUME_CHECK_CONSUMER) timestamp=2961 ms, used_size=7219200 bytes (17.6%)
(RDMA_READ_CONSUME_CHECK_CONSUMER) timestamp=2961 ms, used_size=7217152 bytes (17.6%)
(RDMA_READ_CONSUME_CHECK_CONSUMER) timestamp=2961 ms, used_size=7215104 bytes (17.6%)
(RDMA_READ_CONSUME_CHECK_CONSUMER) timestamp=2961 ms, used_size=7213056 bytes (17.6%)
(RDMA_READ_CONSUME_CHECK_CONSUMER) timestamp=2961 ms, used_size=7211008 bytes (17.6%)
(RDMA_READ_CONSUME_CHECK_CONSUMER) timestamp=2961 ms, used_size=7208960 bytes (17.6%)
(RDMA_READ_CONSUME_CHECK_CONSUMER) timestamp=2961 ms, used_size=7206912 bytes (17.6%)
(RDMA_READ_CONSUME_CHECK_CONSUMER) timestamp=2961 ms, used_size=7204864 bytes (17.6%)
(RDMA_READ_CONSUME_CHECK_CONSUMER) timestamp=2961 ms, used_size=7202816 bytes (17.6%)
(RDMA_READ_CONSUME_CHECK_CONSUMER) timestamp=2961 ms, used_size=7200768 bytes (17.6%)
(RDMA_READ_CONSUME_CHECK_CONSUMER) timestamp=2961 ms, used_size=7198720 bytes (17.6%)
(RDMA_READ_CONSUME_CHECK_CONSUMER) timestamp=2961 ms, used_size=7196672 bytes (17.6%)
(RDMA_READ_CONSUME_CHECK_CONSUMER) timestamp=2961 ms, used_size=7194624 bytes (17.6%)
(RDMA_READ_CONSUME_CHECK_CONSUMER) timestamp=2961 ms, used_size=7192576 bytes (17.6%)
(RDMA_READ_CONSUME_CHECK_CONSUMER) timestamp=2961 ms, used_size=7190528 bytes (17.6%)
(RDMA_READ_CONSUME_CHECK_CONSUMER) timestamp=2961 ms, used_size=7188480 bytes (17.6%)
(RDMA_READ_CONSUME_CHECK_CONSUMER) timestamp=2961 ms, used_size=7186432 bytes (17.5%)
(RDMA_READ_CONSUME_CHECK_CONSUMER) timestamp=2961 ms, used_size=7184384 bytes (17.5%)
(RDMA_READ_CONSUME_CHECK_CONSUMER) timestamp=2961 ms, used_size=7182336 bytes (17.5%)
(RDMA_READ_CONSUME_CHECK_CONSUMER) timestamp=2961 ms, used_size=7180288 bytes (17.5%)
(RDMA_READ_CONSUME_CHECK_CONSUMER) timestamp=2961 ms, used_size=7178240 bytes (17.5%)
(RDMA_READ_CONSUME_CHECK_CONSUMER) timestamp=2961 ms, used_size=7176192 bytes (17.5%)
(RDMA_READ_CONSUME_CHECK_CONSUMER) timestamp=2961 ms, used_size=7174144 bytes (17.5%)
(RDMA_READ_CONSUME_CHECK_CONSUMER) timestamp=2961 ms, used_size=7172096 bytes (17.5%)
(RDMA_READ_CONSUME_CHECK_CONSUMER) timestamp=2961 ms, used_size=7170048 bytes (17.5%)
(RDMA_READ_CONSUME_CHECK_CONSUMER) timestamp=2961 ms, used_size=7168000 bytes (17.5%)
(RDMA_READ_CONSUME_CHECK_CONSUMER) timestamp=2961 ms, used_size=7165952 bytes (17.5%)
(RDMA_READ_CONSUME_CHECK_CONSUMER) timestamp=2961 ms, used_size=7163904 bytes (17.5%)
(RDMA_READ_CONSUME_CHECK_CONSUMER) timestamp=2961 ms, used_size=7161856 bytes (17.5%)
(RDMA_READ_CONSUME_CHECK_CONSUMER) timestamp=2961 ms, used_size=7159808 bytes (17.5%)
(RDMA_READ_CONSUME_CHECK_CONSUMER) timestamp=2961 ms, used_size=7157760 bytes (17.5%)
(RDMA_READ_CONSUME_CHECK_CONSUMER) timestamp=2961 ms, used_size=7155712 bytes (17.5%)
(RDMA_READ_CONSUME_CHECK_CONSUMER) timestamp=2961 ms, used_size=7153664 bytes (17.5%)
(RDMA_READ_CONSUME_CHECK_CONSUMER) timestamp=2961 ms, used_size=7151616 bytes (17.5%)
(RDMA_READ_CONSUME_CHECK_CONSUMER) timestamp=2961 ms, used_size=7149568 bytes (17.5%)
(RDMA_READ_CONSUME_CHECK_CONSUMER) timestamp=2961 ms, used_size=7147520 bytes (17.4%)
(RDMA_READ_CONSUME_CHECK_CONSUMER) timestamp=2961 ms, used_size=7145472 bytes (17.4%)
(RDMA_READ_CONSUME_CHECK_CONSUMER) timestamp=2961 ms, used_size=7143424 bytes (17.4%)
(RDMA_READ_CONSUME_CHECK_CONSUMER) timestamp=2961 ms, used_size=7141376 bytes (17.4%)
(RDMA_READ_CONSUME_CHECK_CONSUMER) timestamp=2961 ms, used_size=7139328 bytes (17.4%)
(RDMA_READ_CONSUME_CHECK_CONSUMER) timestamp=2961 ms, used_size=7137280 bytes (17.4%)
(RDMA_READ_CONSUME_CHECK_CONSUMER) timestamp=2961 ms, used_size=7135232 bytes (17.4%)
(RDMA_READ_CONSUME_CHECK_CONSUMER) timestamp=2961 ms, used_size=7133184 bytes (17.4%)
(RDMA_READ_CONSUME_CHECK_CONSUMER) timestamp=2961 ms, used_size=7131136 bytes (17.4%)
(RDMA_READ_CONSUME_CHECK_CONSUMER) timestamp=2961 ms, used_size=7129088 bytes (17.4%)
(RDMA_READ_CONSUME_CHECK_CONSUMER) timestamp=2962 ms, used_size=7127040 bytes (17.4%)
(RDMA_READ_CONSUME_CHECK_CONSUMER) timestamp=2962 ms, used_size=7124992 bytes (17.4%)
(RDMA_READ_CONSUME_CHECK_CONSUMER) timestamp=2962 ms, used_size=7122944 bytes (17.4%)
(RDMA_READ_CONSUME_CHECK_CONSUMER) timestamp=2962 ms, used_size=7120896 bytes (17.4%)
(RDMA_READ_CONSUME_CHECK_CONSUMER) timestamp=2962 ms, used_size=7118848 bytes (17.4%)
(RDMA_READ_CONSUME_CHECK_CONSUMER) timestamp=2962 ms, used_size=7116800 bytes (17.4%)
(RDMA_READ_CONSUME_CHECK_CONSUMER) timestamp=2962 ms, used_size=7114752 bytes (17.4%)
(RDMA_READ_CONSUME_CHECK_CONSUMER) timestamp=2962 ms, used_size=7112704 bytes (17.4%)
(RDMA_READ_CONSUME_CHECK_CONSUMER) timestamp=2962 ms, used_size=7110656 bytes (17.4%)
(RDMA_READ_CONSUME_CHECK_CONSUMER) timestamp=2962 ms, used_size=7108608 bytes (17.4%)
(RDMA_READ_CONSUME_CHECK_CONSUMER) timestamp=2962 ms, used_size=7106560 bytes (17.4%)
(RDMA_READ_CONSUME_CHECK_CONSUMER) timestamp=2962 ms, used_size=7104512 bytes (17.3%)
(RDMA_READ_CONSUME_CHECK_CONSUMER) timestamp=2962 ms, used_size=7102464 bytes (17.3%)
(RDMA_READ_CONSUME_CHECK_CONSUMER) timestamp=2962 ms, used_size=7100416 bytes (17.3%)
(RDMA_READ_CONSUME_CHECK_CONSUMER) timestamp=2962 ms, used_size=7098368 bytes (17.3%)
(RDMA_READ_CONSUME_CHECK_CONSUMER) timestamp=2962 ms, used_size=7096320 bytes (17.3%)
(RDMA_READ_CONSUME_CHECK_CONSUMER) timestamp=2962 ms, used_size=7094272 bytes (17.3%)
(RDMA_READ_CONSUME_CHECK_CONSUMER) timestamp=2962 ms, used_size=7092224 bytes (17.3%)
(RDMA_READ_CONSUME_CHECK_CONSUMER) timestamp=2962 ms, used_size=7090176 bytes (17.3%)
(RDMA_READ_CONSUME_CHECK_CONSUMER) timestamp=2962 ms, used_size=7088128 bytes (17.3%)
(RDMA_READ_CONSUME_CHECK_CONSUMER) timestamp=2962 ms, used_size=7086080 bytes (17.3%)
(RDMA_READ_CONSUME_CHECK_CONSUMER) timestamp=2962 ms, used_size=7084032 bytes (17.3%)
(RDMA_READ_CONSUME_CHECK_CONSUMER) timestamp=2962 ms, used_size=7081984 bytes (17.3%)
(RDMA_READ_CONSUME_CHECK_CONSUMER) timestamp=2962 ms, used_size=7079936 bytes (17.3%)
(RDMA_READ_CONSUME_CHECK_CONSUMER) timestamp=2962 ms, used_size=7077888 bytes (17.3%)
(RDMA_READ_CONSUME_CHECK_CONSUMER) timestamp=2962 ms, used_size=7075840 bytes (17.3%)
(RDMA_READ_CONSUME_CHECK_CONSUMER) timestamp=2962 ms, used_size=7073792 bytes (17.3%)
(RDMA_READ_CONSUME_CHECK_CONSUMER) timestamp=2962 ms, used_size=7071744 bytes (17.3%)
(RDMA_READ_CONSUME_CHECK_CONSUMER) timestamp=2962 ms, used_size=7069696 bytes (17.3%)
(RDMA_READ_CONSUME_CHECK_CONSUMER) timestamp=2962 ms, used_size=7067648 bytes (17.3%)
(RDMA_READ_CONSUME_CHECK_CONSUMER) timestamp=2962 ms, used_size=7065600 bytes (17.2%)
(RDMA_READ_CONSUME_CHECK_CONSUMER) timestamp=2962 ms, used_size=7063552 bytes (17.2%)
(RDMA_READ_CONSUME_CHECK_CONSUMER) timestamp=2962 ms, used_size=7061504 bytes (17.2%)
(RDMA_READ_CONSUME_CHECK_CONSUMER) timestamp=2962 ms, used_size=7059456 bytes (17.2%)
(RDMA_READ_CONSUME_CHECK_CONSUMER) timestamp=2962 ms, used_size=7057408 bytes (17.2%)
(RDMA_READ_CONSUME_CHECK_CONSUMER) timestamp=2962 ms, used_size=7055360 bytes (17.2%)
(RDMA_READ_CONSUME_CHECK_CONSUMER) timestamp=2962 ms, used_size=7053312 bytes (17.2%)
(RDMA_READ_CONSUME_CHECK_CONSUMER) timestamp=2962 ms, used_size=7051264 bytes (17.2%)
(RDMA_READ_CONSUME_CHECK_CONSUMER) timestamp=2962 ms, used_size=7049216 bytes (17.2%)
(RDMA_READ_CONSUME_CHECK_CONSUMER) timestamp=2962 ms, used_size=7047168 bytes (17.2%)
(RDMA_READ_CONSUME_CHECK_CONSUMER) timestamp=2962 ms, used_size=7045120 bytes (17.2%)
(RDMA_READ_CONSUME_CHECK_CONSUMER) timestamp=2962 ms, used_size=7043072 bytes (17.2%)
(RDMA_READ_CONSUME_CHECK_CONSUMER) timestamp=2962 ms, used_size=7041024 bytes (17.2%)
(RDMA_READ_CONSUME_CHECK_CONSUMER) timestamp=2962 ms, used_size=7038976 bytes (17.2%)
(RDMA_READ_CONSUME_CHECK_CONSUMER) timestamp=2962 ms, used_size=7036928 bytes (17.2%)
(RDMA_READ_CONSUME_CHECK_CONSUMER) timestamp=2962 ms, used_size=7034880 bytes (17.2%)
(RDMA_READ_CONSUME_CHECK_CONSUMER) timestamp=2962 ms, used_size=7032832 bytes (17.2%)
(RDMA_READ_CONSUME_CHECK_CONSUMER) timestamp=2962 ms, used_size=7030784 bytes (17.2%)
(RDMA_READ_CONSUME_CHECK_CONSUMER) timestamp=2962 ms, used_size=7028736 bytes (17.2%)
(RDMA_READ_CONSUME_CHECK_CONSUMER) timestamp=2962 ms, used_size=7026688 bytes (17.2%)
(RDMA_READ_CONSUME_CHECK_CONSUMER) timestamp=2962 ms, used_size=7024640 bytes (17.1%)
(RDMA_READ_CONSUME_CHECK_CONSUMER) timestamp=2962 ms, used_size=7022592 bytes (17.1%)
(RDMA_READ_CONSUME_CHECK_CONSUMER) timestamp=2962 ms, used_size=7020544 bytes (17.1%)
(RDMA_READ_CONSUME_CHECK_CONSUMER) timestamp=2962 ms, used_size=7018496 bytes (17.1%)
(RDMA_READ_CONSUME_CHECK_CONSUMER) timestamp=2962 ms, used_size=7016448 bytes (17.1%)
(RDMA_READ_CONSUME_CHECK_CONSUMER) timestamp=2962 ms, used_size=7014400 bytes (17.1%)
(RDMA_READ_CONSUME_CHECK_CONSUMER) timestamp=2962 ms, used_size=7012352 bytes (17.1%)
(RDMA_READ_CONSUME_CHECK_CONSUMER) timestamp=2962 ms, used_size=7010304 bytes (17.1%)
(RDMA_READ_CONSUME_CHECK_CONSUMER) timestamp=2962 ms, used_size=7008256 bytes (17.1%)
(RDMA_READ_CONSUME_CHECK_CONSUMER) timestamp=2962 ms, used_size=7006208 bytes (17.1%)
(RDMA_READ_CONSUME_CHECK_CONSUMER) timestamp=2962 ms, used_size=7004160 bytes (17.1%)
(RDMA_READ_CONSUME_CHECK_CONSUMER) timestamp=2962 ms, used_size=7002112 bytes (17.1%)
(RDMA_READ_CONSUME_CHECK_CONSUMER) timestamp=2962 ms, used_size=7000064 bytes (17.1%)
(RDMA_READ_CONSUME_CHECK_CONSUMER) timestamp=2962 ms, used_size=6998016 bytes (17.1%)
(RDMA_READ_CONSUME_CHECK_CONSUMER) timestamp=2962 ms, used_size=6995968 bytes (17.1%)
(RDMA_READ_CONSUME_CHECK_CONSUMER) timestamp=2962 ms, used_size=6993920 bytes (17.1%)
(RDMA_READ_CONSUME_CHECK_CONSUMER) timestamp=2962 ms, used_size=6991872 bytes (17.1%)
(RDMA_READ_CONSUME_CHECK_CONSUMER) timestamp=2962 ms, used_size=6989824 bytes (17.1%)
(RDMA_READ_CONSUME_CHECK_CONSUMER) timestamp=2962 ms, used_size=6987776 bytes (17.1%)
(RDMA_READ_CONSUME_CHECK_CONSUMER) timestamp=2962 ms, used_size=6985728 bytes (17.1%)
(RDMA_READ_CONSUME_CHECK_CONSUMER) timestamp=2962 ms, used_size=6983680 bytes (17.1%)
(RDMA_READ_CONSUME_CHECK_CONSUMER) timestamp=2962 ms, used_size=6981632 bytes (17.0%)
(RDMA_READ_CONSUME_CHECK_CONSUMER) timestamp=2962 ms, used_size=6979584 bytes (17.0%)
(RDMA_READ_CONSUME_CHECK_CONSUMER) timestamp=2962 ms, used_size=6977536 bytes (17.0%)
(RDMA_READ_CONSUME_CHECK_CONSUMER) timestamp=2962 ms, used_size=6975488 bytes (17.0%)
(RDMA_READ_CONSUME_CHECK_CONSUMER) timestamp=2962 ms, used_size=6973440 bytes (17.0%)
(RDMA_READ_CONSUME_CHECK_CONSUMER) timestamp=2962 ms, used_size=6971392 bytes (17.0%)
(RDMA_READ_CONSUME_CHECK_CONSUMER) timestamp=2962 ms, used_size=6969344 bytes (17.0%)
(RDMA_READ_CONSUME_CHECK_CONSUMER) timestamp=2962 ms, used_size=6967296 bytes (17.0%)
(RDMA_READ_CONSUME_CHECK_CONSUMER) timestamp=2962 ms, used_size=6965248 bytes (17.0%)
(RDMA_READ_CONSUME_CHECK_CONSUMER) timestamp=2962 ms, used_size=6963200 bytes (17.0%)
(RDMA_READ_CONSUME_CHECK_CONSUMER) timestamp=2962 ms, used_size=6961152 bytes (17.0%)
(RDMA_READ_CONSUME_CHECK_CONSUMER) timestamp=2962 ms, used_size=6959104 bytes (17.0%)
(RDMA_READ_CONSUME_CHECK_CONSUMER) timestamp=2962 ms, used_size=6957056 bytes (17.0%)
(RDMA_READ_CONSUME_CHECK_CONSUMER) timestamp=2962 ms, used_size=6955008 bytes (17.0%)
(RDMA_READ_CONSUME_CHECK_CONSUMER) timestamp=2962 ms, used_size=6952960 bytes (17.0%)
(RDMA_READ_CONSUME_CHECK_CONSUMER) timestamp=2962 ms, used_size=6950912 bytes (17.0%)
(RDMA_READ_CONSUME_CHECK_CONSUMER) timestamp=2962 ms, used_size=6948864 bytes (17.0%)
(RDMA_READ_CONSUME_CHECK_CONSUMER) timestamp=2962 ms, used_size=6946816 bytes (17.0%)
(RDMA_READ_CONSUME_CHECK_CONSUMER) timestamp=2962 ms, used_size=6944768 bytes (17.0%)
(RDMA_READ_CONSUME_CHECK_CONSUMER) timestamp=2962 ms, used_size=6942720 bytes (16.9%)
(RDMA_READ_CONSUME_CHECK_CONSUMER) timestamp=2962 ms, used_size=6940672 bytes (16.9%)
(RDMA_READ_CONSUME_CHECK_CONSUMER) timestamp=2962 ms, used_size=6938624 bytes (16.9%)
(RDMA_READ_CONSUME_CHECK_CONSUMER) timestamp=2962 ms, used_size=6936576 bytes (16.9%)
(RDMA_READ_CONSUME_CHECK_CONSUMER) timestamp=2962 ms, used_size=6934528 bytes (16.9%)
(RDMA_READ_CONSUME_CHECK_CONSUMER) timestamp=2962 ms, used_size=6932480 bytes (16.9%)
(RDMA_READ_CONSUME_CHECK_CONSUMER) timestamp=2962 ms, used_size=6930432 bytes (16.9%)
(RDMA_READ_CONSUME_CHECK_CONSUMER) timestamp=2962 ms, used_size=6928384 bytes (16.9%)
(RDMA_READ_CONSUME_CHECK_CONSUMER) timestamp=2962 ms, used_size=6926336 bytes (16.9%)
(RDMA_READ_CONSUME_CHECK_CONSUMER) timestamp=2962 ms, used_size=6924288 bytes (16.9%)
(RDMA_READ_CONSUME_CHECK_CONSUMER) timestamp=2962 ms, used_size=6922240 bytes (16.9%)
(RDMA_READ_CONSUME_CHECK_CONSUMER) timestamp=2962 ms, used_size=6920192 bytes (16.9%)
(RDMA_READ_CONSUME_CHECK_CONSUMER) timestamp=2962 ms, used_size=6918144 bytes (16.9%)
(RDMA_READ_CONSUME_CHECK_CONSUMER) timestamp=2962 ms, used_size=6916096 bytes (16.9%)
(RDMA_READ_CONSUME_CHECK_CONSUMER) timestamp=2962 ms, used_size=6914048 bytes (16.9%)
(RDMA_READ_CONSUME_CHECK_CONSUMER) timestamp=2962 ms, used_size=6912000 bytes (16.9%)
(RDMA_READ_CONSUME_CHECK_CONSUMER) timestamp=2962 ms, used_size=6909952 bytes (16.9%)
(RDMA_READ_CONSUME_CHECK_CONSUMER) timestamp=2962 ms, used_size=6907904 bytes (16.9%)
(RDMA_READ_CONSUME_CHECK_CONSUMER) timestamp=2962 ms, used_size=6905856 bytes (16.9%)
(RDMA_READ_CONSUME_CHECK_CONSUMER) timestamp=2962 ms, used_size=6903808 bytes (16.9%)
(RDMA_READ_CONSUME_CHECK_CONSUMER) timestamp=2962 ms, used_size=6901760 bytes (16.9%)
(RDMA_READ_CONSUME_CHECK_CONSUMER) timestamp=2962 ms, used_size=6899712 bytes (16.8%)
(RDMA_READ_CONSUME_CHECK_CONSUMER) timestamp=2962 ms, used_size=6897664 bytes (16.8%)
(RDMA_READ_CONSUME_CHECK_CONSUMER) timestamp=2962 ms, used_size=6895616 bytes (16.8%)
(RDMA_READ_CONSUME_CHECK_CONSUMER) timestamp=2962 ms, used_size=6893568 bytes (16.8%)
(RDMA_READ_CONSUME_CHECK_CONSUMER) timestamp=2962 ms, used_size=6891520 bytes (16.8%)
(RDMA_READ_CONSUME_CHECK_CONSUMER) timestamp=2962 ms, used_size=6889472 bytes (16.8%)
(RDMA_READ_CONSUME_CHECK_CONSUMER) timestamp=2962 ms, used_size=6887424 bytes (16.8%)
(RDMA_READ_CONSUME_CHECK_CONSUMER) timestamp=2962 ms, used_size=6885376 bytes (16.8%)
(RDMA_READ_CONSUME_CHECK_CONSUMER) timestamp=2962 ms, used_size=6883328 bytes (16.8%)
(RDMA_READ_CONSUME_CHECK_CONSUMER) timestamp=2962 ms, used_size=6881280 bytes (16.8%)
(RDMA_READ_CONSUME_CHECK_CONSUMER) timestamp=2962 ms, used_size=6879232 bytes (16.8%)
(RDMA_READ_CONSUME_CHECK_CONSUMER) timestamp=2962 ms, used_size=6877184 bytes (16.8%)
(RDMA_READ_CONSUME_CHECK_CONSUMER) timestamp=2962 ms, used_size=6875136 bytes (16.8%)
(RDMA_READ_CONSUME_CHECK_CONSUMER) timestamp=2962 ms, used_size=6873088 bytes (16.8%)
(RDMA_READ_CONSUME_CHECK_CONSUMER) timestamp=2962 ms, used_size=6871040 bytes (16.8%)
(RDMA_READ_CONSUME_CHECK_CONSUMER) timestamp=2962 ms, used_size=6868992 bytes (16.8%)
(RDMA_READ_CONSUME_CHECK_CONSUMER) timestamp=2962 ms, used_size=6866944 bytes (16.8%)
(RDMA_READ_CONSUME_CHECK_CONSUMER) timestamp=2962 ms, used_size=6864896 bytes (16.8%)
(RDMA_READ_CONSUME_CHECK_CONSUMER) timestamp=2962 ms, used_size=6862848 bytes (16.8%)
(RDMA_READ_CONSUME_CHECK_CONSUMER) timestamp=2962 ms, used_size=6860800 bytes (16.8%)
(RDMA_READ_CONSUME_CHECK_CONSUMER) timestamp=2962 ms, used_size=6858752 bytes (16.7%)
(RDMA_READ_CONSUME_CHECK_CONSUMER) timestamp=2962 ms, used_size=6856704 bytes (16.7%)
(RDMA_READ_CONSUME_CHECK_CONSUMER) timestamp=2962 ms, used_size=6854656 bytes (16.7%)
(RDMA_READ_CONSUME_CHECK_CONSUMER) timestamp=2962 ms, used_size=6852608 bytes (16.7%)
(RDMA_READ_CONSUME_CHECK_CONSUMER) timestamp=2962 ms, used_size=6850560 bytes (16.7%)
(RDMA_READ_CONSUME_CHECK_CONSUMER) timestamp=2962 ms, used_size=6848512 bytes (16.7%)
(RDMA_READ_CONSUME_CHECK_CONSUMER) timestamp=2962 ms, used_size=6846464 bytes (16.7%)
(RDMA_READ_CONSUME_CHECK_CONSUMER) timestamp=2962 ms, used_size=6844416 bytes (16.7%)
(RDMA_READ_CONSUME_CHECK_CONSUMER) timestamp=2962 ms, used_size=6842368 bytes (16.7%)
(RDMA_READ_CONSUME_CHECK_CONSUMER) timestamp=2962 ms, used_size=6840320 bytes (16.7%)
(RDMA_READ_CONSUME_CHECK_CONSUMER) timestamp=2962 ms, used_size=6838272 bytes (16.7%)
(RDMA_READ_CONSUME_CHECK_CONSUMER) timestamp=2962 ms, used_size=6836224 bytes (16.7%)
(RDMA_READ_CONSUME_CHECK_CONSUMER) timestamp=2962 ms, used_size=6834176 bytes (16.7%)
(RDMA_READ_CONSUME_CHECK_CONSUMER) timestamp=2962 ms, used_size=6832128 bytes (16.7%)
(RDMA_READ_CONSUME_CHECK_CONSUMER) timestamp=2962 ms, used_size=6830080 bytes (16.7%)
(RDMA_READ_CONSUME_CHECK_CONSUMER) timestamp=2962 ms, used_size=6828032 bytes (16.7%)
(RDMA_READ_CONSUME_CHECK_CONSUMER) timestamp=2962 ms, used_size=6825984 bytes (16.7%)
(RDMA_READ_CONSUME_CHECK_CONSUMER) timestamp=2962 ms, used_size=6823936 bytes (16.7%)
(RDMA_READ_CONSUME_CHECK_CONSUMER) timestamp=2962 ms, used_size=6821888 bytes (16.7%)
(RDMA_READ_CONSUME_CHECK_CONSUMER) timestamp=2962 ms, used_size=6819840 bytes (16.6%)
(RDMA_READ_CONSUME_CHECK_CONSUMER) timestamp=2962 ms, used_size=6817792 bytes (16.6%)
(RDMA_READ_CONSUME_CHECK_CONSUMER) timestamp=2962 ms, used_size=6815744 bytes (16.6%)
(RDMA_READ_CONSUME_CHECK_CONSUMER) timestamp=2962 ms, used_size=6813696 bytes (16.6%)
(RDMA_READ_CONSUME_CHECK_CONSUMER) timestamp=2962 ms, used_size=6811648 bytes (16.6%)
(RDMA_READ_CONSUME_CHECK_CONSUMER) timestamp=2962 ms, used_size=6809600 bytes (16.6%)
(RDMA_READ_CONSUME_CHECK_CONSUMER) timestamp=2962 ms, used_size=6807552 bytes (16.6%)
(RDMA_READ_CONSUME_CHECK_CONSUMER) timestamp=2962 ms, used_size=6805504 bytes (16.6%)
(RDMA_READ_CONSUME_CHECK_CONSUMER) timestamp=2962 ms, used_size=6803456 bytes (16.6%)
(RDMA_READ_CONSUME_CHECK_CONSUMER) timestamp=2962 ms, used_size=6801408 bytes (16.6%)
(RDMA_READ_CONSUME_CHECK_CONSUMER) timestamp=2962 ms, used_size=6799360 bytes (16.6%)
(RDMA_READ_CONSUME_CHECK_CONSUMER) timestamp=2962 ms, used_size=6797312 bytes (16.6%)
(RDMA_READ_CONSUME_CHECK_CONSUMER) timestamp=2962 ms, used_size=6795264 bytes (16.6%)
(RDMA_READ_CONSUME_CHECK_CONSUMER) timestamp=2962 ms, used_size=6793216 bytes (16.6%)
(RDMA_READ_CONSUME_CHECK_CONSUMER) timestamp=2962 ms, used_size=6791168 bytes (16.6%)
(RDMA_READ_CONSUME_CHECK_CONSUMER) timestamp=2962 ms, used_size=6789120 bytes (16.6%)
(RDMA_READ_CONSUME_CHECK_CONSUMER) timestamp=2962 ms, used_size=6787072 bytes (16.6%)
(RDMA_READ_CONSUME_CHECK_CONSUMER) timestamp=2962 ms, used_size=6785024 bytes (16.6%)
(RDMA_READ_CONSUME_CHECK_CONSUMER) timestamp=2962 ms, used_size=6782976 bytes (16.6%)
(RDMA_READ_CONSUME_CHECK_CONSUMER) timestamp=2962 ms, used_size=6780928 bytes (16.6%)
(RDMA_READ_CONSUME_CHECK_CONSUMER) timestamp=2962 ms, used_size=6778880 bytes (16.6%)
(RDMA_READ_CONSUME_CHECK_CONSUMER) timestamp=2962 ms, used_size=6776832 bytes (16.5%)
(RDMA_READ_CONSUME_CHECK_CONSUMER) timestamp=2962 ms, used_size=6774784 bytes (16.5%)
(RDMA_READ_CONSUME_CHECK_CONSUMER) timestamp=2962 ms, used_size=6772736 bytes (16.5%)
(RDMA_READ_CONSUME_CHECK_CONSUMER) timestamp=2962 ms, used_size=6770688 bytes (16.5%)
(RDMA_READ_CONSUME_CHECK_CONSUMER) timestamp=2962 ms, used_size=6768640 bytes (16.5%)
(RDMA_READ_CONSUME_CHECK_CONSUMER) timestamp=2962 ms, used_size=6766592 bytes (16.5%)
(RDMA_READ_CONSUME_CHECK_CONSUMER) timestamp=2963 ms, used_size=6764544 bytes (16.5%)
(RDMA_READ_CONSUME_CHECK_CONSUMER) timestamp=2963 ms, used_size=6762496 bytes (16.5%)
(RDMA_READ_CONSUME_CHECK_CONSUMER) timestamp=2963 ms, used_size=6760448 bytes (16.5%)
(RDMA_READ_CONSUME_CHECK_CONSUMER) timestamp=2963 ms, used_size=6758400 bytes (16.5%)
(RDMA_READ_CONSUME_CHECK_CONSUMER) timestamp=2963 ms, used_size=6756352 bytes (16.5%)
(RDMA_READ_CONSUME_CHECK_CONSUMER) timestamp=2963 ms, used_size=6754304 bytes (16.5%)
(RDMA_READ_CONSUME_CHECK_CONSUMER) timestamp=2963 ms, used_size=6752256 bytes (16.5%)
(RDMA_READ_CONSUME_CHECK_CONSUMER) timestamp=2963 ms, used_size=6750208 bytes (16.5%)
(RDMA_READ_CONSUME_CHECK_CONSUMER) timestamp=2963 ms, used_size=6748160 bytes (16.5%)
(RDMA_READ_CONSUME_CHECK_CONSUMER) timestamp=2963 ms, used_size=6746112 bytes (16.5%)
(RDMA_READ_CONSUME_CHECK_CONSUMER) timestamp=2963 ms, used_size=6744064 bytes (16.5%)
(RDMA_READ_CONSUME_CHECK_CONSUMER) timestamp=2963 ms, used_size=6742016 bytes (16.5%)
(RDMA_READ_CONSUME_CHECK_CONSUMER) timestamp=2963 ms, used_size=6739968 bytes (16.5%)
(RDMA_READ_CONSUME_CHECK_CONSUMER) timestamp=2963 ms, used_size=6737920 bytes (16.4%)
(RDMA_READ_CONSUME_CHECK_CONSUMER) timestamp=2963 ms, used_size=6735872 bytes (16.4%)
(RDMA_READ_CONSUME_CHECK_CONSUMER) timestamp=2963 ms, used_size=6733824 bytes (16.4%)
(RDMA_READ_CONSUME_CHECK_CONSUMER) timestamp=2963 ms, used_size=6731776 bytes (16.4%)
(RDMA_READ_CONSUME_CHECK_CONSUMER) timestamp=2963 ms, used_size=6729728 bytes (16.4%)
(RDMA_READ_CONSUME_CHECK_CONSUMER) timestamp=2963 ms, used_size=6727680 bytes (16.4%)
(RDMA_READ_CONSUME_CHECK_CONSUMER) timestamp=2963 ms, used_size=6725632 bytes (16.4%)
(RDMA_READ_CONSUME_CHECK_CONSUMER) timestamp=2963 ms, used_size=6723584 bytes (16.4%)
(RDMA_READ_CONSUME_CHECK_CONSUMER) timestamp=2963 ms, used_size=6721536 bytes (16.4%)
(RDMA_READ_CONSUME_CHECK_CONSUMER) timestamp=2963 ms, used_size=6719488 bytes (16.4%)
(RDMA_READ_CONSUME_CHECK_CONSUMER) timestamp=2963 ms, used_size=6717440 bytes (16.4%)
(RDMA_READ_CONSUME_CHECK_CONSUMER) timestamp=2963 ms, used_size=6715392 bytes (16.4%)
(RDMA_READ_CONSUME_CHECK_CONSUMER) timestamp=2963 ms, used_size=6713344 bytes (16.4%)
(RDMA_READ_CONSUME_CHECK_CONSUMER) timestamp=2963 ms, used_size=6711296 bytes (16.4%)
(RDMA_READ_CONSUME_CHECK_CONSUMER) timestamp=2963 ms, used_size=6709248 bytes (16.4%)
(RDMA_READ_CONSUME_CHECK_CONSUMER) timestamp=2963 ms, used_size=6707200 bytes (16.4%)
(RDMA_READ_CONSUME_CHECK_CONSUMER) timestamp=2963 ms, used_size=6705152 bytes (16.4%)
(RDMA_READ_CONSUME_CHECK_CONSUMER) timestamp=2963 ms, used_size=6703104 bytes (16.4%)
(RDMA_READ_CONSUME_CHECK_CONSUMER) timestamp=2963 ms, used_size=6701056 bytes (16.4%)
(RDMA_READ_CONSUME_CHECK_CONSUMER) timestamp=2963 ms, used_size=6699008 bytes (16.4%)
(RDMA_READ_CONSUME_CHECK_CONSUMER) timestamp=2963 ms, used_size=6696960 bytes (16.4%)
(RDMA_READ_CONSUME_CHECK_CONSUMER) timestamp=2963 ms, used_size=6694912 bytes (16.3%)
(RDMA_READ_CONSUME_CHECK_CONSUMER) timestamp=2963 ms, used_size=6692864 bytes (16.3%)
(RDMA_READ_CONSUME_CHECK_CONSUMER) timestamp=2963 ms, used_size=6690816 bytes (16.3%)
(RDMA_READ_CONSUME_CHECK_CONSUMER) timestamp=2963 ms, used_size=6688768 bytes (16.3%)
(RDMA_READ_CONSUME_CHECK_CONSUMER) timestamp=2963 ms, used_size=6686720 bytes (16.3%)
(RDMA_READ_CONSUME_CHECK_CONSUMER) timestamp=2963 ms, used_size=6684672 bytes (16.3%)
(RDMA_READ_CONSUME_CHECK_CONSUMER) timestamp=2963 ms, used_size=6682624 bytes (16.3%)
(RDMA_READ_CONSUME_CHECK_CONSUMER) timestamp=2963 ms, used_size=6680576 bytes (16.3%)
(RDMA_READ_CONSUME_CHECK_CONSUMER) timestamp=2963 ms, used_size=6678528 bytes (16.3%)
(RDMA_READ_CONSUME_CHECK_CONSUMER) timestamp=2963 ms, used_size=6676480 bytes (16.3%)
(RDMA_READ_CONSUME_CHECK_CONSUMER) timestamp=2963 ms, used_size=6674432 bytes (16.3%)
(RDMA_READ_CONSUME_CHECK_CONSUMER) timestamp=2963 ms, used_size=6672384 bytes (16.3%)
(RDMA_READ_CONSUME_CHECK_CONSUMER) timestamp=2963 ms, used_size=6670336 bytes (16.3%)
(RDMA_READ_CONSUME_CHECK_CONSUMER) timestamp=2963 ms, used_size=6668288 bytes (16.3%)
(RDMA_READ_CONSUME_CHECK_CONSUMER) timestamp=2963 ms, used_size=6666240 bytes (16.3%)
(RDMA_READ_CONSUME_CHECK_CONSUMER) timestamp=2963 ms, used_size=6664192 bytes (16.3%)
(RDMA_READ_CONSUME_CHECK_CONSUMER) timestamp=2963 ms, used_size=6662144 bytes (16.3%)
(RDMA_READ_CONSUME_CHECK_CONSUMER) timestamp=2963 ms, used_size=6660096 bytes (16.3%)
(RDMA_READ_CONSUME_CHECK_CONSUMER) timestamp=2963 ms, used_size=6658048 bytes (16.3%)
(RDMA_READ_CONSUME_CHECK_CONSUMER) timestamp=2963 ms, used_size=6656000 bytes (16.2%)
(RDMA_READ_CONSUME_CHECK_CONSUMER) timestamp=2963 ms, used_size=6653952 bytes (16.2%)
(RDMA_READ_CONSUME_CHECK_CONSUMER) timestamp=2963 ms, used_size=6651904 bytes (16.2%)
(RDMA_READ_CONSUME_CHECK_CONSUMER) timestamp=2963 ms, used_size=6649856 bytes (16.2%)
(RDMA_READ_CONSUME_CHECK_CONSUMER) timestamp=2963 ms, used_size=6647808 bytes (16.2%)
(RDMA_READ_CONSUME_CHECK_CONSUMER) timestamp=2963 ms, used_size=6645760 bytes (16.2%)
(RDMA_READ_CONSUME_CHECK_CONSUMER) timestamp=2963 ms, used_size=6643712 bytes (16.2%)
(RDMA_READ_CONSUME_CHECK_CONSUMER) timestamp=2963 ms, used_size=6641664 bytes (16.2%)
(RDMA_READ_CONSUME_CHECK_CONSUMER) timestamp=2963 ms, used_size=6639616 bytes (16.2%)
(RDMA_READ_CONSUME_CHECK_CONSUMER) timestamp=2963 ms, used_size=6637568 bytes (16.2%)
(RDMA_READ_CONSUME_CHECK_CONSUMER) timestamp=2963 ms, used_size=6635520 bytes (16.2%)
(RDMA_READ_CONSUME_CHECK_CONSUMER) timestamp=2963 ms, used_size=6633472 bytes (16.2%)
(RDMA_READ_CONSUME_CHECK_CONSUMER) timestamp=2963 ms, used_size=6631424 bytes (16.2%)
(RDMA_READ_CONSUME_CHECK_CONSUMER) timestamp=2963 ms, used_size=6629376 bytes (16.2%)
(RDMA_READ_CONSUME_CHECK_CONSUMER) timestamp=2963 ms, used_size=6627328 bytes (16.2%)
(RDMA_READ_CONSUME_CHECK_CONSUMER) timestamp=2963 ms, used_size=6625280 bytes (16.2%)
(RDMA_READ_CONSUME_CHECK_CONSUMER) timestamp=2963 ms, used_size=6623232 bytes (16.2%)
(RDMA_READ_CONSUME_CHECK_CONSUMER) timestamp=2963 ms, used_size=6621184 bytes (16.2%)
(RDMA_READ_CONSUME_CHECK_CONSUMER) timestamp=2963 ms, used_size=6619136 bytes (16.2%)
(RDMA_READ_CONSUME_CHECK_CONSUMER) timestamp=2963 ms, used_size=6617088 bytes (16.2%)
(RDMA_READ_CONSUME_CHECK_CONSUMER) timestamp=2963 ms, used_size=6615040 bytes (16.1%)
(RDMA_READ_CONSUME_CHECK_CONSUMER) timestamp=2963 ms, used_size=6612992 bytes (16.1%)
(RDMA_READ_CONSUME_CHECK_CONSUMER) timestamp=2963 ms, used_size=6610944 bytes (16.1%)
(RDMA_READ_CONSUME_CHECK_CONSUMER) timestamp=2963 ms, used_size=6608896 bytes (16.1%)
(RDMA_READ_CONSUME_CHECK_CONSUMER) timestamp=2963 ms, used_size=6606848 bytes (16.1%)
(RDMA_READ_CONSUME_CHECK_CONSUMER) timestamp=2963 ms, used_size=6604800 bytes (16.1%)
(RDMA_READ_CONSUME_CHECK_CONSUMER) timestamp=2963 ms, used_size=6602752 bytes (16.1%)
(RDMA_READ_CONSUME_CHECK_CONSUMER) timestamp=2963 ms, used_size=6600704 bytes (16.1%)
(RDMA_READ_CONSUME_CHECK_CONSUMER) timestamp=2963 ms, used_size=6598656 bytes (16.1%)
(RDMA_READ_CONSUME_CHECK_CONSUMER) timestamp=2963 ms, used_size=6596608 bytes (16.1%)
(RDMA_READ_CONSUME_CHECK_CONSUMER) timestamp=2963 ms, used_size=6594560 bytes (16.1%)
(RDMA_READ_CONSUME_CHECK_CONSUMER) timestamp=2963 ms, used_size=6592512 bytes (16.1%)
(RDMA_READ_CONSUME_CHECK_CONSUMER) timestamp=2963 ms, used_size=6590464 bytes (16.1%)
(RDMA_READ_CONSUME_CHECK_CONSUMER) timestamp=2963 ms, used_size=6588416 bytes (16.1%)
(RDMA_READ_CONSUME_CHECK_CONSUMER) timestamp=2963 ms, used_size=6586368 bytes (16.1%)
(RDMA_READ_CONSUME_CHECK_CONSUMER) timestamp=2963 ms, used_size=6584320 bytes (16.1%)
(RDMA_READ_CONSUME_CHECK_CONSUMER) timestamp=2963 ms, used_size=6582272 bytes (16.1%)
(RDMA_READ_CONSUME_CHECK_CONSUMER) timestamp=2963 ms, used_size=6580224 bytes (16.1%)
(RDMA_READ_CONSUME_CHECK_CONSUMER) timestamp=2963 ms, used_size=6578176 bytes (16.1%)
(RDMA_READ_CONSUME_CHECK_CONSUMER) timestamp=2963 ms, used_size=6576128 bytes (16.1%)
(RDMA_READ_CONSUME_CHECK_CONSUMER) timestamp=2963 ms, used_size=6574080 bytes (16.1%)
(RDMA_READ_CONSUME_CHECK_CONSUMER) timestamp=2963 ms, used_size=6572032 bytes (16.0%)
(RDMA_READ_CONSUME_CHECK_CONSUMER) timestamp=2963 ms, used_size=6569984 bytes (16.0%)
(RDMA_READ_CONSUME_CHECK_CONSUMER) timestamp=2963 ms, used_size=6567936 bytes (16.0%)
(RDMA_READ_CONSUME_CHECK_CONSUMER) timestamp=2963 ms, used_size=6565888 bytes (16.0%)
(RDMA_READ_CONSUME_CHECK_CONSUMER) timestamp=2963 ms, used_size=6563840 bytes (16.0%)
(RDMA_READ_CONSUME_CHECK_CONSUMER) timestamp=2963 ms, used_size=6561792 bytes (16.0%)
(RDMA_READ_CONSUME_CHECK_CONSUMER) timestamp=2963 ms, used_size=6559744 bytes (16.0%)
(RDMA_READ_CONSUME_CHECK_CONSUMER) timestamp=2963 ms, used_size=6557696 bytes (16.0%)
(RDMA_READ_CONSUME_CHECK_CONSUMER) timestamp=2963 ms, used_size=6555648 bytes (16.0%)
(RDMA_READ_CONSUME_CHECK_CONSUMER) timestamp=2963 ms, used_size=6553600 bytes (16.0%)
(RDMA_READ_CONSUME_CHECK_CONSUMER) timestamp=2963 ms, used_size=6551552 bytes (16.0%)
(RDMA_READ_CONSUME_CHECK_CONSUMER) timestamp=2963 ms, used_size=6549504 bytes (16.0%)
(RDMA_READ_CONSUME_CHECK_CONSUMER) timestamp=2963 ms, used_size=6547456 bytes (16.0%)
(RDMA_READ_CONSUME_CHECK_CONSUMER) timestamp=2963 ms, used_size=6545408 bytes (16.0%)
(RDMA_READ_CONSUME_CHECK_CONSUMER) timestamp=2963 ms, used_size=6543360 bytes (16.0%)
(RDMA_READ_CONSUME_CHECK_CONSUMER) timestamp=2963 ms, used_size=6541312 bytes (16.0%)
(RDMA_READ_CONSUME_CHECK_CONSUMER) timestamp=2963 ms, used_size=6539264 bytes (16.0%)
(RDMA_READ_CONSUME_CHECK_CONSUMER) timestamp=2963 ms, used_size=6537216 bytes (16.0%)
(RDMA_READ_CONSUME_CHECK_CONSUMER) timestamp=2963 ms, used_size=6535168 bytes (16.0%)
(RDMA_READ_CONSUME_CHECK_CONSUMER) timestamp=2963 ms, used_size=6533120 bytes (15.9%)
(RDMA_READ_CONSUME_CHECK_CONSUMER) timestamp=2963 ms, used_size=6531072 bytes (15.9%)
(RDMA_READ_CONSUME_CHECK_CONSUMER) timestamp=2963 ms, used_size=6529024 bytes (15.9%)
(RDMA_READ_CONSUME_CHECK_CONSUMER) timestamp=2963 ms, used_size=6526976 bytes (15.9%)
(RDMA_READ_CONSUME_CHECK_CONSUMER) timestamp=2963 ms, used_size=6524928 bytes (15.9%)
(RDMA_READ_CONSUME_CHECK_CONSUMER) timestamp=2963 ms, used_size=6522880 bytes (15.9%)
(RDMA_READ_CONSUME_CHECK_CONSUMER) timestamp=2963 ms, used_size=6520832 bytes (15.9%)
(RDMA_READ_CONSUME_CHECK_CONSUMER) timestamp=2963 ms, used_size=6518784 bytes (15.9%)
(RDMA_READ_CONSUME_CHECK_CONSUMER) timestamp=2963 ms, used_size=6516736 bytes (15.9%)
(RDMA_READ_CONSUME_CHECK_CONSUMER) timestamp=2963 ms, used_size=6514688 bytes (15.9%)
(RDMA_READ_CONSUME_CHECK_CONSUMER) timestamp=2963 ms, used_size=6512640 bytes (15.9%)
(RDMA_READ_CONSUME_CHECK_CONSUMER) timestamp=2963 ms, used_size=6510592 bytes (15.9%)
(RDMA_READ_CONSUME_CHECK_CONSUMER) timestamp=2963 ms, used_size=6508544 bytes (15.9%)
(RDMA_READ_CONSUME_CHECK_CONSUMER) timestamp=2963 ms, used_size=6506496 bytes (15.9%)
(RDMA_READ_CONSUME_CHECK_CONSUMER) timestamp=2963 ms, used_size=6504448 bytes (15.9%)
(RDMA_READ_CONSUME_CHECK_CONSUMER) timestamp=2963 ms, used_size=6502400 bytes (15.9%)
(RDMA_READ_CONSUME_CHECK_CONSUMER) timestamp=2963 ms, used_size=6500352 bytes (15.9%)
(RDMA_READ_CONSUME_CHECK_CONSUMER) timestamp=2963 ms, used_size=6498304 bytes (15.9%)
(RDMA_READ_CONSUME_CHECK_CONSUMER) timestamp=2963 ms, used_size=6496256 bytes (15.9%)
(RDMA_READ_CONSUME_CHECK_CONSUMER) timestamp=2963 ms, used_size=6494208 bytes (15.9%)
(RDMA_READ_CONSUME_CHECK_CONSUMER) timestamp=2963 ms, used_size=6492160 bytes (15.8%)
(RDMA_READ_CONSUME_CHECK_CONSUMER) timestamp=2963 ms, used_size=6490112 bytes (15.8%)
(RDMA_READ_CONSUME_CHECK_CONSUMER) timestamp=2963 ms, used_size=6488064 bytes (15.8%)
(RDMA_READ_CONSUME_CHECK_CONSUMER) timestamp=2963 ms, used_size=6486016 bytes (15.8%)
(RDMA_READ_CONSUME_CHECK_CONSUMER) timestamp=2963 ms, used_size=6483968 bytes (15.8%)
(RDMA_READ_CONSUME_CHECK_CONSUMER) timestamp=2963 ms, used_size=6481920 bytes (15.8%)
(RDMA_READ_CONSUME_CHECK_CONSUMER) timestamp=2963 ms, used_size=6479872 bytes (15.8%)
(RDMA_READ_CONSUME_CHECK_CONSUMER) timestamp=2963 ms, used_size=6477824 bytes (15.8%)
(RDMA_READ_CONSUME_CHECK_CONSUMER) timestamp=2963 ms, used_size=6475776 bytes (15.8%)
(RDMA_READ_CONSUME_CHECK_CONSUMER) timestamp=2963 ms, used_size=6473728 bytes (15.8%)
(RDMA_READ_CONSUME_CHECK_CONSUMER) timestamp=2963 ms, used_size=6471680 bytes (15.8%)
(RDMA_READ_CONSUME_CHECK_CONSUMER) timestamp=2963 ms, used_size=6469632 bytes (15.8%)
(RDMA_READ_CONSUME_CHECK_CONSUMER) timestamp=2963 ms, used_size=6467584 bytes (15.8%)
(RDMA_READ_CONSUME_CHECK_CONSUMER) timestamp=2963 ms, used_size=6465536 bytes (15.8%)
(RDMA_READ_CONSUME_CHECK_CONSUMER) timestamp=2963 ms, used_size=6463488 bytes (15.8%)
(RDMA_READ_CONSUME_CHECK_CONSUMER) timestamp=2963 ms, used_size=6461440 bytes (15.8%)
(RDMA_READ_CONSUME_CHECK_CONSUMER) timestamp=2963 ms, used_size=6459392 bytes (15.8%)
(RDMA_READ_CONSUME_CHECK_CONSUMER) timestamp=2963 ms, used_size=6457344 bytes (15.8%)
(RDMA_READ_CONSUME_CHECK_CONSUMER) timestamp=2963 ms, used_size=6455296 bytes (15.8%)
(RDMA_READ_CONSUME_CHECK_CONSUMER) timestamp=2963 ms, used_size=6453248 bytes (15.8%)
(RDMA_READ_CONSUME_CHECK_CONSUMER) timestamp=2963 ms, used_size=6451200 bytes (15.8%)
(RDMA_READ_CONSUME_CHECK_CONSUMER) timestamp=2963 ms, used_size=6449152 bytes (15.7%)
(RDMA_READ_CONSUME_CHECK_CONSUMER) timestamp=2963 ms, used_size=6447104 bytes (15.7%)
(RDMA_READ_CONSUME_CHECK_CONSUMER) timestamp=2963 ms, used_size=6445056 bytes (15.7%)
(RDMA_READ_CONSUME_CHECK_CONSUMER) timestamp=2963 ms, used_size=6443008 bytes (15.7%)
(RDMA_READ_CONSUME_CHECK_CONSUMER) timestamp=2963 ms, used_size=6440960 bytes (15.7%)
(RDMA_READ_CONSUME_CHECK_CONSUMER) timestamp=2963 ms, used_size=6438912 bytes (15.7%)
(RDMA_READ_CONSUME_CHECK_CONSUMER) timestamp=2963 ms, used_size=6436864 bytes (15.7%)
(RDMA_READ_CONSUME_CHECK_CONSUMER) timestamp=2963 ms, used_size=6434816 bytes (15.7%)
(RDMA_READ_CONSUME_CHECK_CONSUMER) timestamp=2963 ms, used_size=6432768 bytes (15.7%)
(RDMA_READ_CONSUME_CHECK_CONSUMER) timestamp=2963 ms, used_size=6430720 bytes (15.7%)
(RDMA_READ_CONSUME_CHECK_CONSUMER) timestamp=2963 ms, used_size=6428672 bytes (15.7%)
(RDMA_READ_CONSUME_CHECK_CONSUMER) timestamp=2963 ms, used_size=6426624 bytes (15.7%)
(RDMA_READ_CONSUME_CHECK_CONSUMER) timestamp=2963 ms, used_size=6424576 bytes (15.7%)
(RDMA_READ_CONSUME_CHECK_CONSUMER) timestamp=2963 ms, used_size=6422528 bytes (15.7%)
(RDMA_READ_CONSUME_CHECK_CONSUMER) timestamp=2963 ms, used_size=6420480 bytes (15.7%)
(RDMA_READ_CONSUME_CHECK_CONSUMER) timestamp=2963 ms, used_size=6418432 bytes (15.7%)
(RDMA_READ_CONSUME_CHECK_CONSUMER) timestamp=2963 ms, used_size=6416384 bytes (15.7%)
(RDMA_READ_CONSUME_CHECK_CONSUMER) timestamp=2963 ms, used_size=6414336 bytes (15.7%)
(RDMA_READ_CONSUME_CHECK_CONSUMER) timestamp=2963 ms, used_size=6412288 bytes (15.7%)
(RDMA_READ_CONSUME_CHECK_CONSUMER) timestamp=2963 ms, used_size=6410240 bytes (15.7%)
(RDMA_READ_CONSUME_CHECK_CONSUMER) timestamp=2963 ms, used_size=6408192 bytes (15.6%)
(RDMA_READ_CONSUME_CHECK_CONSUMER) timestamp=2964 ms, used_size=6406144 bytes (15.6%)
(RDMA_READ_CONSUME_CHECK_CONSUMER) timestamp=2964 ms, used_size=6404096 bytes (15.6%)
(RDMA_READ_CONSUME_CHECK_CONSUMER) timestamp=2964 ms, used_size=6402048 bytes (15.6%)
(RDMA_READ_CONSUME_CHECK_CONSUMER) timestamp=2964 ms, used_size=6400000 bytes (15.6%)
(RDMA_READ_CONSUME_CHECK_CONSUMER) timestamp=2964 ms, used_size=6397952 bytes (15.6%)
(RDMA_READ_CONSUME_CHECK_CONSUMER) timestamp=2964 ms, used_size=6395904 bytes (15.6%)
(RDMA_READ_CONSUME_CHECK_CONSUMER) timestamp=2964 ms, used_size=6393856 bytes (15.6%)
(RDMA_READ_CONSUME_CHECK_CONSUMER) timestamp=2964 ms, used_size=6391808 bytes (15.6%)
(RDMA_READ_CONSUME_CHECK_CONSUMER) timestamp=2964 ms, used_size=6389760 bytes (15.6%)
(RDMA_READ_CONSUME_CHECK_CONSUMER) timestamp=2964 ms, used_size=6387712 bytes (15.6%)
(RDMA_READ_CONSUME_CHECK_CONSUMER) timestamp=2964 ms, used_size=6385664 bytes (15.6%)
(RDMA_READ_CONSUME_CHECK_CONSUMER) timestamp=2964 ms, used_size=6383616 bytes (15.6%)
(RDMA_READ_CONSUME_CHECK_CONSUMER) timestamp=2964 ms, used_size=6381568 bytes (15.6%)
(RDMA_READ_CONSUME_CHECK_CONSUMER) timestamp=2964 ms, used_size=6379520 bytes (15.6%)
(RDMA_READ_CONSUME_CHECK_CONSUMER) timestamp=2964 ms, used_size=6377472 bytes (15.6%)
(RDMA_READ_CONSUME_CHECK_CONSUMER) timestamp=2964 ms, used_size=6375424 bytes (15.6%)
(RDMA_READ_CONSUME_CHECK_CONSUMER) timestamp=2964 ms, used_size=6373376 bytes (15.6%)
(RDMA_READ_CONSUME_CHECK_CONSUMER) timestamp=2964 ms, used_size=6371328 bytes (15.6%)
(RDMA_READ_CONSUME_CHECK_CONSUMER) timestamp=2964 ms, used_size=6369280 bytes (15.6%)
(RDMA_READ_CONSUME_CHECK_CONSUMER) timestamp=2964 ms, used_size=6367232 bytes (15.5%)
(RDMA_READ_CONSUME_CHECK_CONSUMER) timestamp=2964 ms, used_size=6365184 bytes (15.5%)
(RDMA_READ_CONSUME_CHECK_CONSUMER) timestamp=2964 ms, used_size=6363136 bytes (15.5%)
(RDMA_READ_CONSUME_CHECK_CONSUMER) timestamp=2964 ms, used_size=6361088 bytes (15.5%)
(RDMA_READ_CONSUME_CHECK_CONSUMER) timestamp=2964 ms, used_size=6359040 bytes (15.5%)
(RDMA_READ_CONSUME_CHECK_CONSUMER) timestamp=2964 ms, used_size=6356992 bytes (15.5%)
(RDMA_READ_CONSUME_CHECK_CONSUMER) timestamp=2964 ms, used_size=6354944 bytes (15.5%)
(RDMA_READ_CONSUME_CHECK_CONSUMER) timestamp=2964 ms, used_size=6352896 bytes (15.5%)
(RDMA_READ_CONSUME_CHECK_CONSUMER) timestamp=2964 ms, used_size=6350848 bytes (15.5%)
(RDMA_READ_CONSUME_CHECK_CONSUMER) timestamp=2964 ms, used_size=6348800 bytes (15.5%)
(RDMA_READ_CONSUME_CHECK_CONSUMER) timestamp=2964 ms, used_size=6346752 bytes (15.5%)
(RDMA_READ_CONSUME_CHECK_CONSUMER) timestamp=2964 ms, used_size=6344704 bytes (15.5%)
(RDMA_READ_CONSUME_CHECK_CONSUMER) timestamp=2964 ms, used_size=6342656 bytes (15.5%)
(RDMA_READ_CONSUME_CHECK_CONSUMER) timestamp=2964 ms, used_size=6340608 bytes (15.5%)
(RDMA_READ_CONSUME_CHECK_CONSUMER) timestamp=2964 ms, used_size=6338560 bytes (15.5%)
(RDMA_READ_CONSUME_CHECK_CONSUMER) timestamp=2964 ms, used_size=6336512 bytes (15.5%)
(RDMA_READ_CONSUME_CHECK_CONSUMER) timestamp=2964 ms, used_size=6334464 bytes (15.5%)
(RDMA_READ_CONSUME_CHECK_CONSUMER) timestamp=2964 ms, used_size=6332416 bytes (15.5%)
(RDMA_READ_CONSUME_CHECK_CONSUMER) timestamp=2964 ms, used_size=6330368 bytes (15.5%)
(RDMA_READ_CONSUME_CHECK_CONSUMER) timestamp=2964 ms, used_size=6328320 bytes (15.4%)
(RDMA_READ_CONSUME_CHECK_CONSUMER) timestamp=2964 ms, used_size=6326272 bytes (15.4%)
(RDMA_READ_CONSUME_CHECK_CONSUMER) timestamp=2964 ms, used_size=6324224 bytes (15.4%)
(RDMA_READ_CONSUME_CHECK_CONSUMER) timestamp=2964 ms, used_size=6322176 bytes (15.4%)
(RDMA_READ_CONSUME_CHECK_CONSUMER) timestamp=2964 ms, used_size=6320128 bytes (15.4%)
(RDMA_READ_CONSUME_CHECK_CONSUMER) timestamp=2964 ms, used_size=6318080 bytes (15.4%)
(RDMA_READ_CONSUME_CHECK_CONSUMER) timestamp=2964 ms, used_size=6316032 bytes (15.4%)
(RDMA_READ_CONSUME_CHECK_CONSUMER) timestamp=2964 ms, used_size=6313984 bytes (15.4%)
(RDMA_READ_CONSUME_CHECK_CONSUMER) timestamp=2964 ms, used_size=6311936 bytes (15.4%)
(RDMA_READ_CONSUME_CHECK_CONSUMER) timestamp=2964 ms, used_size=6309888 bytes (15.4%)
(RDMA_READ_CONSUME_CHECK_CONSUMER) timestamp=2964 ms, used_size=6307840 bytes (15.4%)
(RDMA_READ_CONSUME_CHECK_CONSUMER) timestamp=2964 ms, used_size=6305792 bytes (15.4%)
(RDMA_READ_CONSUME_CHECK_CONSUMER) timestamp=2964 ms, used_size=6303744 bytes (15.4%)
(RDMA_READ_CONSUME_CHECK_CONSUMER) timestamp=2964 ms, used_size=6301696 bytes (15.4%)
(RDMA_READ_CONSUME_CHECK_CONSUMER) timestamp=2964 ms, used_size=6299648 bytes (15.4%)
(RDMA_READ_CONSUME_CHECK_CONSUMER) timestamp=2964 ms, used_size=6297600 bytes (15.4%)
(RDMA_READ_CONSUME_CHECK_CONSUMER) timestamp=2964 ms, used_size=6295552 bytes (15.4%)
(RDMA_READ_CONSUME_CHECK_CONSUMER) timestamp=2964 ms, used_size=6293504 bytes (15.4%)
(RDMA_READ_CONSUME_CHECK_CONSUMER) timestamp=2964 ms, used_size=6291456 bytes (15.4%)
(RDMA_READ_CONSUME_CHECK_CONSUMER) timestamp=2964 ms, used_size=6289408 bytes (15.4%)
(RDMA_READ_CONSUME_CHECK_CONSUMER) timestamp=2964 ms, used_size=6287360 bytes (15.3%)
(RDMA_READ_CONSUME_CHECK_CONSUMER) timestamp=2964 ms, used_size=6285312 bytes (15.3%)
(RDMA_READ_CONSUME_CHECK_CONSUMER) timestamp=2964 ms, used_size=6283264 bytes (15.3%)
(RDMA_READ_CONSUME_CHECK_CONSUMER) timestamp=2964 ms, used_size=6281216 bytes (15.3%)
(RDMA_READ_CONSUME_CHECK_CONSUMER) timestamp=2964 ms, used_size=6279168 bytes (15.3%)
(RDMA_READ_CONSUME_CHECK_CONSUMER) timestamp=2964 ms, used_size=6277120 bytes (15.3%)
(RDMA_READ_CONSUME_CHECK_CONSUMER) timestamp=2964 ms, used_size=6275072 bytes (15.3%)
(RDMA_READ_CONSUME_CHECK_CONSUMER) timestamp=2964 ms, used_size=6273024 bytes (15.3%)
(RDMA_READ_CONSUME_CHECK_CONSUMER) timestamp=2964 ms, used_size=6270976 bytes (15.3%)
(RDMA_READ_CONSUME_CHECK_CONSUMER) timestamp=2964 ms, used_size=6268928 bytes (15.3%)
(RDMA_READ_CONSUME_CHECK_CONSUMER) timestamp=2964 ms, used_size=6266880 bytes (15.3%)
(RDMA_READ_CONSUME_CHECK_CONSUMER) timestamp=2964 ms, used_size=6264832 bytes (15.3%)
(RDMA_READ_CONSUME_CHECK_CONSUMER) timestamp=2964 ms, used_size=6262784 bytes (15.3%)
(RDMA_READ_CONSUME_CHECK_CONSUMER) timestamp=2964 ms, used_size=6260736 bytes (15.3%)
(RDMA_READ_CONSUME_CHECK_CONSUMER) timestamp=2964 ms, used_size=6258688 bytes (15.3%)
(RDMA_READ_CONSUME_CHECK_CONSUMER) timestamp=2964 ms, used_size=6256640 bytes (15.3%)
(RDMA_READ_CONSUME_CHECK_CONSUMER) timestamp=2964 ms, used_size=6254592 bytes (15.3%)
(RDMA_READ_CONSUME_CHECK_CONSUMER) timestamp=2964 ms, used_size=6252544 bytes (15.3%)
(RDMA_READ_CONSUME_CHECK_CONSUMER) timestamp=2964 ms, used_size=6250496 bytes (15.3%)
(RDMA_READ_CONSUME_CHECK_CONSUMER) timestamp=2964 ms, used_size=6248448 bytes (15.3%)
(RDMA_READ_CONSUME_CHECK_CONSUMER) timestamp=2964 ms, used_size=6246400 bytes (15.2%)
(RDMA_READ_CONSUME_CHECK_CONSUMER) timestamp=2964 ms, used_size=6244352 bytes (15.2%)
(RDMA_READ_CONSUME_CHECK_CONSUMER) timestamp=2964 ms, used_size=6242304 bytes (15.2%)
(RDMA_READ_CONSUME_CHECK_CONSUMER) timestamp=2964 ms, used_size=6240256 bytes (15.2%)
(RDMA_READ_CONSUME_CHECK_CONSUMER) timestamp=2964 ms, used_size=6238208 bytes (15.2%)
(RDMA_READ_CONSUME_CHECK_CONSUMER) timestamp=2964 ms, used_size=6236160 bytes (15.2%)
(RDMA_READ_CONSUME_CHECK_CONSUMER) timestamp=2964 ms, used_size=6234112 bytes (15.2%)
(RDMA_READ_CONSUME_CHECK_CONSUMER) timestamp=2964 ms, used_size=6232064 bytes (15.2%)
(RDMA_READ_CONSUME_CHECK_CONSUMER) timestamp=2964 ms, used_size=6230016 bytes (15.2%)
(RDMA_READ_CONSUME_CHECK_CONSUMER) timestamp=2964 ms, used_size=6227968 bytes (15.2%)
(RDMA_READ_CONSUME_CHECK_CONSUMER) timestamp=2964 ms, used_size=6225920 bytes (15.2%)
(RDMA_READ_CONSUME_CHECK_CONSUMER) timestamp=2964 ms, used_size=6223872 bytes (15.2%)
(RDMA_READ_CONSUME_CHECK_CONSUMER) timestamp=2964 ms, used_size=6221824 bytes (15.2%)
(RDMA_READ_CONSUME_CHECK_CONSUMER) timestamp=2964 ms, used_size=6219776 bytes (15.2%)
(RDMA_READ_CONSUME_CHECK_CONSUMER) timestamp=2964 ms, used_size=6217728 bytes (15.2%)
(RDMA_READ_CONSUME_CHECK_CONSUMER) timestamp=2964 ms, used_size=6215680 bytes (15.2%)
(RDMA_READ_CONSUME_CHECK_CONSUMER) timestamp=2964 ms, used_size=6213632 bytes (15.2%)
(RDMA_READ_CONSUME_CHECK_CONSUMER) timestamp=2964 ms, used_size=6211584 bytes (15.2%)
(RDMA_READ_CONSUME_CHECK_CONSUMER) timestamp=2964 ms, used_size=6209536 bytes (15.2%)
(RDMA_READ_CONSUME_CHECK_CONSUMER) timestamp=2964 ms, used_size=6207488 bytes (15.2%)
(RDMA_READ_CONSUME_CHECK_CONSUMER) timestamp=2964 ms, used_size=6205440 bytes (15.2%)
(RDMA_READ_CONSUME_CHECK_CONSUMER) timestamp=2964 ms, used_size=6203392 bytes (15.1%)
(RDMA_READ_CONSUME_CHECK_CONSUMER) timestamp=2964 ms, used_size=6201344 bytes (15.1%)
(RDMA_READ_CONSUME_CHECK_CONSUMER) timestamp=2964 ms, used_size=6199296 bytes (15.1%)
(RDMA_READ_CONSUME_CHECK_CONSUMER) timestamp=2964 ms, used_size=6197248 bytes (15.1%)
(RDMA_READ_CONSUME_CHECK_CONSUMER) timestamp=2964 ms, used_size=6195200 bytes (15.1%)
(RDMA_READ_CONSUME_CHECK_CONSUMER) timestamp=2964 ms, used_size=6193152 bytes (15.1%)
(RDMA_READ_CONSUME_CHECK_CONSUMER) timestamp=2964 ms, used_size=6191104 bytes (15.1%)
(RDMA_READ_CONSUME_CHECK_CONSUMER) timestamp=2964 ms, used_size=6189056 bytes (15.1%)
(RDMA_READ_CONSUME_CHECK_CONSUMER) timestamp=2964 ms, used_size=6187008 bytes (15.1%)
(RDMA_READ_CONSUME_CHECK_CONSUMER) timestamp=2964 ms, used_size=6184960 bytes (15.1%)
(RDMA_READ_CONSUME_CHECK_CONSUMER) timestamp=2964 ms, used_size=6182912 bytes (15.1%)
(RDMA_READ_CONSUME_CHECK_CONSUMER) timestamp=2964 ms, used_size=6180864 bytes (15.1%)
(RDMA_READ_CONSUME_CHECK_CONSUMER) timestamp=2964 ms, used_size=6178816 bytes (15.1%)
(RDMA_READ_CONSUME_CHECK_CONSUMER) timestamp=2964 ms, used_size=6176768 bytes (15.1%)
(RDMA_READ_CONSUME_CHECK_CONSUMER) timestamp=2964 ms, used_size=6174720 bytes (15.1%)
(RDMA_READ_CONSUME_CHECK_CONSUMER) timestamp=2964 ms, used_size=6172672 bytes (15.1%)
(RDMA_READ_CONSUME_CHECK_CONSUMER) timestamp=2964 ms, used_size=6170624 bytes (15.1%)
(RDMA_READ_CONSUME_CHECK_CONSUMER) timestamp=2964 ms, used_size=6168576 bytes (15.1%)
(RDMA_READ_CONSUME_CHECK_CONSUMER) timestamp=2964 ms, used_size=6166528 bytes (15.1%)
(RDMA_READ_CONSUME_CHECK_CONSUMER) timestamp=2964 ms, used_size=6164480 bytes (15.1%)
(RDMA_READ_CONSUME_CHECK_CONSUMER) timestamp=2964 ms, used_size=6162432 bytes (15.0%)
(RDMA_READ_CONSUME_CHECK_CONSUMER) timestamp=2964 ms, used_size=6160384 bytes (15.0%)
(RDMA_READ_CONSUME_CHECK_CONSUMER) timestamp=2964 ms, used_size=6158336 bytes (15.0%)
(RDMA_READ_CONSUME_CHECK_CONSUMER) timestamp=2964 ms, used_size=6156288 bytes (15.0%)
(RDMA_READ_CONSUME_CHECK_CONSUMER) timestamp=2964 ms, used_size=6154240 bytes (15.0%)
(RDMA_READ_CONSUME_CHECK_CONSUMER) timestamp=2964 ms, used_size=6152192 bytes (15.0%)
(RDMA_READ_CONSUME_CHECK_CONSUMER) timestamp=2964 ms, used_size=6150144 bytes (15.0%)
(RDMA_READ_CONSUME_CHECK_CONSUMER) timestamp=2964 ms, used_size=6148096 bytes (15.0%)
(RDMA_READ_CONSUME_CHECK_CONSUMER) timestamp=2964 ms, used_size=6146048 bytes (15.0%)
(RDMA_READ_CONSUME_CHECK_CONSUMER) timestamp=2964 ms, used_size=6144000 bytes (15.0%)
(RDMA_READ_CONSUME_CHECK_CONSUMER) timestamp=2964 ms, used_size=6141952 bytes (15.0%)
(RDMA_READ_CONSUME_CHECK_CONSUMER) timestamp=2964 ms, used_size=6139904 bytes (15.0%)
(RDMA_READ_CONSUME_CHECK_CONSUMER) timestamp=2964 ms, used_size=6137856 bytes (15.0%)
(RDMA_READ_CONSUME_CHECK_CONSUMER) timestamp=2964 ms, used_size=6135808 bytes (15.0%)
(RDMA_READ_CONSUME_CHECK_CONSUMER) timestamp=2964 ms, used_size=6133760 bytes (15.0%)
(RDMA_READ_CONSUME_CHECK_CONSUMER) timestamp=2964 ms, used_size=6131712 bytes (15.0%)
(RDMA_READ_CONSUME_CHECK_CONSUMER) timestamp=2964 ms, used_size=6129664 bytes (15.0%)
(RDMA_READ_CONSUME_CHECK_CONSUMER) timestamp=2964 ms, used_size=6127616 bytes (15.0%)
(RDMA_READ_CONSUME_CHECK_CONSUMER) timestamp=2964 ms, used_size=6125568 bytes (15.0%)
(RDMA_READ_CONSUME_CHECK_CONSUMER) timestamp=2964 ms, used_size=6123520 bytes (14.9%)
(RDMA_READ_CONSUME_CHECK_CONSUMER) timestamp=2964 ms, used_size=6121472 bytes (14.9%)
(RDMA_READ_CONSUME_CHECK_CONSUMER) timestamp=2964 ms, used_size=6119424 bytes (14.9%)
(RDMA_READ_CONSUME_CHECK_CONSUMER) timestamp=2964 ms, used_size=6117376 bytes (14.9%)
(RDMA_READ_CONSUME_CHECK_CONSUMER) timestamp=2964 ms, used_size=6115328 bytes (14.9%)
(RDMA_READ_CONSUME_CHECK_CONSUMER) timestamp=2964 ms, used_size=6113280 bytes (14.9%)
(RDMA_READ_CONSUME_CHECK_CONSUMER) timestamp=2964 ms, used_size=6111232 bytes (14.9%)
(RDMA_READ_CONSUME_CHECK_CONSUMER) timestamp=2964 ms, used_size=6109184 bytes (14.9%)
(RDMA_READ_CONSUME_CHECK_CONSUMER) timestamp=2964 ms, used_size=6107136 bytes (14.9%)
(RDMA_READ_CONSUME_CHECK_CONSUMER) timestamp=2964 ms, used_size=6105088 bytes (14.9%)
(RDMA_READ_CONSUME_CHECK_CONSUMER) timestamp=2964 ms, used_size=6103040 bytes (14.9%)
(RDMA_READ_CONSUME_CHECK_CONSUMER) timestamp=2964 ms, used_size=6100992 bytes (14.9%)
(RDMA_READ_CONSUME_CHECK_CONSUMER) timestamp=2964 ms, used_size=6098944 bytes (14.9%)
(RDMA_READ_CONSUME_CHECK_CONSUMER) timestamp=2964 ms, used_size=6096896 bytes (14.9%)
(RDMA_READ_CONSUME_CHECK_CONSUMER) timestamp=2964 ms, used_size=6094848 bytes (14.9%)
(RDMA_READ_CONSUME_CHECK_CONSUMER) timestamp=2964 ms, used_size=6092800 bytes (14.9%)
(RDMA_READ_CONSUME_CHECK_CONSUMER) timestamp=2964 ms, used_size=6090752 bytes (14.9%)
(RDMA_READ_CONSUME_CHECK_CONSUMER) timestamp=2964 ms, used_size=6088704 bytes (14.9%)
(RDMA_READ_CONSUME_CHECK_CONSUMER) timestamp=2964 ms, used_size=6086656 bytes (14.9%)
(RDMA_READ_CONSUME_CHECK_CONSUMER) timestamp=2964 ms, used_size=6084608 bytes (14.9%)
(RDMA_READ_CONSUME_CHECK_CONSUMER) timestamp=2964 ms, used_size=6082560 bytes (14.8%)
(RDMA_READ_CONSUME_CHECK_CONSUMER) timestamp=2964 ms, used_size=6080512 bytes (14.8%)
(RDMA_READ_CONSUME_CHECK_CONSUMER) timestamp=2964 ms, used_size=6078464 bytes (14.8%)
(RDMA_READ_CONSUME_CHECK_CONSUMER) timestamp=2964 ms, used_size=6076416 bytes (14.8%)
(RDMA_READ_CONSUME_CHECK_CONSUMER) timestamp=2964 ms, used_size=6074368 bytes (14.8%)
(RDMA_READ_CONSUME_CHECK_CONSUMER) timestamp=2964 ms, used_size=6072320 bytes (14.8%)
(RDMA_READ_CONSUME_CHECK_CONSUMER) timestamp=2964 ms, used_size=6070272 bytes (14.8%)
(RDMA_READ_CONSUME_CHECK_CONSUMER) timestamp=2964 ms, used_size=6068224 bytes (14.8%)
(RDMA_READ_CONSUME_CHECK_CONSUMER) timestamp=2964 ms, used_size=6066176 bytes (14.8%)
(RDMA_READ_CONSUME_CHECK_CONSUMER) timestamp=2964 ms, used_size=6064128 bytes (14.8%)
(RDMA_READ_CONSUME_CHECK_CONSUMER) timestamp=2964 ms, used_size=6062080 bytes (14.8%)
(RDMA_READ_CONSUME_CHECK_CONSUMER) timestamp=2964 ms, used_size=6060032 bytes (14.8%)
(RDMA_READ_CONSUME_CHECK_CONSUMER) timestamp=2964 ms, used_size=6057984 bytes (14.8%)
(RDMA_READ_CONSUME_CHECK_CONSUMER) timestamp=2964 ms, used_size=6055936 bytes (14.8%)
(RDMA_READ_CONSUME_CHECK_CONSUMER) timestamp=2965 ms, used_size=6053888 bytes (14.8%)
(RDMA_READ_CONSUME_CHECK_CONSUMER) timestamp=2965 ms, used_size=6051840 bytes (14.8%)
(RDMA_READ_CONSUME_CHECK_CONSUMER) timestamp=2965 ms, used_size=6049792 bytes (14.8%)
(RDMA_READ_CONSUME_CHECK_CONSUMER) timestamp=2965 ms, used_size=6047744 bytes (14.8%)
(RDMA_READ_CONSUME_CHECK_CONSUMER) timestamp=2965 ms, used_size=6045696 bytes (14.8%)
(RDMA_READ_CONSUME_CHECK_CONSUMER) timestamp=2965 ms, used_size=6043648 bytes (14.8%)
(RDMA_READ_CONSUME_CHECK_CONSUMER) timestamp=2965 ms, used_size=6041600 bytes (14.8%)
(RDMA_READ_CONSUME_CHECK_CONSUMER) timestamp=2965 ms, used_size=6039552 bytes (14.7%)
(RDMA_READ_CONSUME_CHECK_CONSUMER) timestamp=2965 ms, used_size=6037504 bytes (14.7%)
(RDMA_READ_CONSUME_CHECK_CONSUMER) timestamp=2965 ms, used_size=6035456 bytes (14.7%)
(RDMA_READ_CONSUME_CHECK_CONSUMER) timestamp=2965 ms, used_size=6033408 bytes (14.7%)
(RDMA_READ_CONSUME_CHECK_CONSUMER) timestamp=2965 ms, used_size=6031360 bytes (14.7%)
(RDMA_READ_CONSUME_CHECK_CONSUMER) timestamp=2965 ms, used_size=6029312 bytes (14.7%)
(RDMA_READ_CONSUME_CHECK_CONSUMER) timestamp=2965 ms, used_size=6027264 bytes (14.7%)
(RDMA_READ_CONSUME_CHECK_CONSUMER) timestamp=2965 ms, used_size=6025216 bytes (14.7%)
(RDMA_READ_CONSUME_CHECK_CONSUMER) timestamp=2965 ms, used_size=6023168 bytes (14.7%)
(RDMA_READ_CONSUME_CHECK_CONSUMER) timestamp=2965 ms, used_size=6021120 bytes (14.7%)
(RDMA_READ_CONSUME_CHECK_CONSUMER) timestamp=2965 ms, used_size=6019072 bytes (14.7%)
(RDMA_READ_CONSUME_CHECK_CONSUMER) timestamp=2965 ms, used_size=6017024 bytes (14.7%)
(RDMA_READ_CONSUME_CHECK_CONSUMER) timestamp=2965 ms, used_size=6014976 bytes (14.7%)
(RDMA_READ_CONSUME_CHECK_CONSUMER) timestamp=2965 ms, used_size=6012928 bytes (14.7%)
(RDMA_READ_CONSUME_CHECK_CONSUMER) timestamp=2965 ms, used_size=6010880 bytes (14.7%)
(RDMA_READ_CONSUME_CHECK_CONSUMER) timestamp=2965 ms, used_size=6008832 bytes (14.7%)
(RDMA_READ_CONSUME_CHECK_CONSUMER) timestamp=2965 ms, used_size=6006784 bytes (14.7%)
(RDMA_READ_CONSUME_CHECK_CONSUMER) timestamp=2965 ms, used_size=6004736 bytes (14.7%)
(RDMA_READ_CONSUME_CHECK_CONSUMER) timestamp=2965 ms, used_size=6002688 bytes (14.7%)
(RDMA_READ_CONSUME_CHECK_CONSUMER) timestamp=2965 ms, used_size=6000640 bytes (14.7%)
(RDMA_READ_CONSUME_CHECK_CONSUMER) timestamp=2965 ms, used_size=5998592 bytes (14.6%)
(RDMA_READ_CONSUME_CHECK_CONSUMER) timestamp=2965 ms, used_size=5996544 bytes (14.6%)
(RDMA_READ_CONSUME_CHECK_CONSUMER) timestamp=2965 ms, used_size=5994496 bytes (14.6%)
(RDMA_READ_CONSUME_CHECK_CONSUMER) timestamp=2965 ms, used_size=5992448 bytes (14.6%)
(RDMA_READ_CONSUME_CHECK_CONSUMER) timestamp=2965 ms, used_size=5990400 bytes (14.6%)
(RDMA_READ_CONSUME_CHECK_CONSUMER) timestamp=2965 ms, used_size=5988352 bytes (14.6%)
(RDMA_READ_CONSUME_CHECK_CONSUMER) timestamp=2965 ms, used_size=5986304 bytes (14.6%)
(RDMA_READ_CONSUME_CHECK_CONSUMER) timestamp=2965 ms, used_size=5984256 bytes (14.6%)
(RDMA_READ_CONSUME_CHECK_CONSUMER) timestamp=2965 ms, used_size=5982208 bytes (14.6%)
(RDMA_READ_CONSUME_CHECK_CONSUMER) timestamp=2965 ms, used_size=5980160 bytes (14.6%)
(RDMA_READ_CONSUME_CHECK_CONSUMER) timestamp=2965 ms, used_size=5978112 bytes (14.6%)
(RDMA_READ_CONSUME_CHECK_CONSUMER) timestamp=2965 ms, used_size=5976064 bytes (14.6%)
(RDMA_READ_CONSUME_CHECK_CONSUMER) timestamp=2965 ms, used_size=5974016 bytes (14.6%)
(RDMA_READ_CONSUME_CHECK_CONSUMER) timestamp=2965 ms, used_size=5971968 bytes (14.6%)
(RDMA_READ_CONSUME_CHECK_CONSUMER) timestamp=2965 ms, used_size=5969920 bytes (14.6%)
(RDMA_READ_CONSUME_CHECK_CONSUMER) timestamp=2965 ms, used_size=5967872 bytes (14.6%)
(RDMA_READ_CONSUME_CHECK_CONSUMER) timestamp=2965 ms, used_size=5965824 bytes (14.6%)
(RDMA_READ_CONSUME_CHECK_CONSUMER) timestamp=2965 ms, used_size=5963776 bytes (14.6%)
(RDMA_READ_CONSUME_CHECK_CONSUMER) timestamp=2965 ms, used_size=5961728 bytes (14.6%)
(RDMA_READ_CONSUME_CHECK_CONSUMER) timestamp=2965 ms, used_size=5959680 bytes (14.6%)
(RDMA_READ_CONSUME_CHECK_CONSUMER) timestamp=2965 ms, used_size=5957632 bytes (14.5%)
(RDMA_READ_CONSUME_CHECK_CONSUMER) timestamp=2965 ms, used_size=5955584 bytes (14.5%)
(RDMA_READ_CONSUME_CHECK_CONSUMER) timestamp=2965 ms, used_size=5953536 bytes (14.5%)
(RDMA_READ_CONSUME_CHECK_CONSUMER) timestamp=2965 ms, used_size=5951488 bytes (14.5%)
(RDMA_READ_CONSUME_CHECK_CONSUMER) timestamp=2965 ms, used_size=5949440 bytes (14.5%)
(RDMA_READ_CONSUME_CHECK_CONSUMER) timestamp=2965 ms, used_size=5947392 bytes (14.5%)
(RDMA_READ_CONSUME_CHECK_CONSUMER) timestamp=2965 ms, used_size=5945344 bytes (14.5%)
(RDMA_READ_CONSUME_CHECK_CONSUMER) timestamp=2965 ms, used_size=5943296 bytes (14.5%)
(RDMA_READ_CONSUME_CHECK_CONSUMER) timestamp=2965 ms, used_size=5941248 bytes (14.5%)
(RDMA_READ_CONSUME_CHECK_CONSUMER) timestamp=2965 ms, used_size=5939200 bytes (14.5%)
(RDMA_READ_CONSUME_CHECK_CONSUMER) timestamp=2965 ms, used_size=5937152 bytes (14.5%)
(RDMA_READ_CONSUME_CHECK_CONSUMER) timestamp=2965 ms, used_size=5935104 bytes (14.5%)
(RDMA_READ_CONSUME_CHECK_CONSUMER) timestamp=2965 ms, used_size=5933056 bytes (14.5%)
(RDMA_READ_CONSUME_CHECK_CONSUMER) timestamp=2965 ms, used_size=5931008 bytes (14.5%)
(RDMA_READ_CONSUME_CHECK_CONSUMER) timestamp=2965 ms, used_size=5928960 bytes (14.5%)
(RDMA_READ_CONSUME_CHECK_CONSUMER) timestamp=2965 ms, used_size=5926912 bytes (14.5%)
(RDMA_READ_CONSUME_CHECK_CONSUMER) timestamp=2965 ms, used_size=5924864 bytes (14.5%)
(RDMA_READ_CONSUME_CHECK_CONSUMER) timestamp=2965 ms, used_size=5922816 bytes (14.5%)
(RDMA_READ_CONSUME_CHECK_CONSUMER) timestamp=2965 ms, used_size=5920768 bytes (14.5%)
(RDMA_READ_CONSUME_CHECK_CONSUMER) timestamp=2965 ms, used_size=5918720 bytes (14.4%)
(RDMA_READ_CONSUME_CHECK_CONSUMER) timestamp=2965 ms, used_size=5916672 bytes (14.4%)
(RDMA_READ_CONSUME_CHECK_CONSUMER) timestamp=2965 ms, used_size=5914624 bytes (14.4%)
(RDMA_READ_CONSUME_CHECK_CONSUMER) timestamp=2965 ms, used_size=5912576 bytes (14.4%)
(RDMA_READ_CONSUME_CHECK_CONSUMER) timestamp=2965 ms, used_size=5910528 bytes (14.4%)
(RDMA_READ_CONSUME_CHECK_CONSUMER) timestamp=2965 ms, used_size=5908480 bytes (14.4%)
(RDMA_READ_CONSUME_CHECK_CONSUMER) timestamp=2965 ms, used_size=5906432 bytes (14.4%)
(RDMA_READ_CONSUME_CHECK_CONSUMER) timestamp=2965 ms, used_size=5904384 bytes (14.4%)
(RDMA_READ_CONSUME_CHECK_CONSUMER) timestamp=2965 ms, used_size=5902336 bytes (14.4%)
(RDMA_READ_CONSUME_CHECK_CONSUMER) timestamp=2965 ms, used_size=5900288 bytes (14.4%)
(RDMA_READ_CONSUME_CHECK_CONSUMER) timestamp=2965 ms, used_size=5898240 bytes (14.4%)
(RDMA_READ_CONSUME_CHECK_CONSUMER) timestamp=2965 ms, used_size=5896192 bytes (14.4%)
(RDMA_READ_CONSUME_CHECK_CONSUMER) timestamp=2965 ms, used_size=5894144 bytes (14.4%)
(RDMA_READ_CONSUME_CHECK_CONSUMER) timestamp=2965 ms, used_size=5892096 bytes (14.4%)
(RDMA_READ_CONSUME_CHECK_CONSUMER) timestamp=2965 ms, used_size=5890048 bytes (14.4%)
(RDMA_READ_CONSUME_CHECK_CONSUMER) timestamp=2965 ms, used_size=5888000 bytes (14.4%)
(RDMA_READ_CONSUME_CHECK_CONSUMER) timestamp=2965 ms, used_size=5885952 bytes (14.4%)
(RDMA_READ_CONSUME_CHECK_CONSUMER) timestamp=2965 ms, used_size=5883904 bytes (14.4%)
(RDMA_READ_CONSUME_CHECK_CONSUMER) timestamp=2965 ms, used_size=5881856 bytes (14.4%)
(RDMA_READ_CONSUME_CHECK_CONSUMER) timestamp=2965 ms, used_size=5879808 bytes (14.4%)
(RDMA_READ_CONSUME_CHECK_CONSUMER) timestamp=2965 ms, used_size=5877760 bytes (14.3%)
(RDMA_READ_CONSUME_CHECK_CONSUMER) timestamp=2965 ms, used_size=5875712 bytes (14.3%)
(RDMA_READ_CONSUME_CHECK_CONSUMER) timestamp=2965 ms, used_size=5873664 bytes (14.3%)
(RDMA_READ_CONSUME_CHECK_CONSUMER) timestamp=2965 ms, used_size=5871616 bytes (14.3%)
(RDMA_READ_CONSUME_CHECK_CONSUMER) timestamp=2965 ms, used_size=5869568 bytes (14.3%)
(RDMA_READ_CONSUME_CHECK_CONSUMER) timestamp=2965 ms, used_size=5867520 bytes (14.3%)
(RDMA_READ_CONSUME_CHECK_CONSUMER) timestamp=2965 ms, used_size=5865472 bytes (14.3%)
(RDMA_READ_CONSUME_CHECK_CONSUMER) timestamp=2965 ms, used_size=5863424 bytes (14.3%)
(RDMA_READ_CONSUME_CHECK_CONSUMER) timestamp=2965 ms, used_size=5861376 bytes (14.3%)
(RDMA_READ_CONSUME_CHECK_CONSUMER) timestamp=2965 ms, used_size=5859328 bytes (14.3%)
(RDMA_READ_CONSUME_CHECK_CONSUMER) timestamp=2965 ms, used_size=5857280 bytes (14.3%)
(RDMA_READ_CONSUME_CHECK_CONSUMER) timestamp=2965 ms, used_size=5855232 bytes (14.3%)
(RDMA_READ_CONSUME_CHECK_CONSUMER) timestamp=2965 ms, used_size=5853184 bytes (14.3%)
(RDMA_READ_CONSUME_CHECK_CONSUMER) timestamp=2965 ms, used_size=5851136 bytes (14.3%)
(RDMA_READ_CONSUME_CHECK_CONSUMER) timestamp=2965 ms, used_size=5849088 bytes (14.3%)
(RDMA_READ_CONSUME_CHECK_CONSUMER) timestamp=2965 ms, used_size=5847040 bytes (14.3%)
(RDMA_READ_CONSUME_CHECK_CONSUMER) timestamp=2965 ms, used_size=5844992 bytes (14.3%)
(RDMA_READ_CONSUME_CHECK_CONSUMER) timestamp=2965 ms, used_size=5842944 bytes (14.3%)
(RDMA_READ_CONSUME_CHECK_CONSUMER) timestamp=2965 ms, used_size=5840896 bytes (14.3%)
(RDMA_READ_CONSUME_CHECK_CONSUMER) timestamp=2965 ms, used_size=5838848 bytes (14.3%)
(RDMA_READ_CONSUME_CHECK_CONSUMER) timestamp=2965 ms, used_size=5836800 bytes (14.2%)
(RDMA_READ_CONSUME_CHECK_CONSUMER) timestamp=2965 ms, used_size=5834752 bytes (14.2%)
(RDMA_READ_CONSUME_CHECK_CONSUMER) timestamp=2965 ms, used_size=5832704 bytes (14.2%)
(RDMA_READ_CONSUME_CHECK_CONSUMER) timestamp=2965 ms, used_size=5830656 bytes (14.2%)
(RDMA_READ_CONSUME_CHECK_CONSUMER) timestamp=2965 ms, used_size=5828608 bytes (14.2%)
(RDMA_READ_CONSUME_CHECK_CONSUMER) timestamp=2965 ms, used_size=5826560 bytes (14.2%)
(RDMA_READ_CONSUME_CHECK_CONSUMER) timestamp=2965 ms, used_size=5824512 bytes (14.2%)
(RDMA_READ_CONSUME_CHECK_CONSUMER) timestamp=2965 ms, used_size=5822464 bytes (14.2%)
(RDMA_READ_CONSUME_CHECK_CONSUMER) timestamp=2965 ms, used_size=5820416 bytes (14.2%)
(RDMA_READ_CONSUME_CHECK_CONSUMER) timestamp=2965 ms, used_size=5818368 bytes (14.2%)
(RDMA_READ_CONSUME_CHECK_CONSUMER) timestamp=2965 ms, used_size=5816320 bytes (14.2%)
(RDMA_READ_CONSUME_CHECK_CONSUMER) timestamp=2965 ms, used_size=5814272 bytes (14.2%)
(RDMA_READ_CONSUME_CHECK_CONSUMER) timestamp=2965 ms, used_size=5812224 bytes (14.2%)
(RDMA_READ_CONSUME_CHECK_CONSUMER) timestamp=2965 ms, used_size=5810176 bytes (14.2%)
(RDMA_READ_CONSUME_CHECK_CONSUMER) timestamp=2965 ms, used_size=5808128 bytes (14.2%)
(RDMA_READ_CONSUME_CHECK_CONSUMER) timestamp=2965 ms, used_size=5806080 bytes (14.2%)
(RDMA_READ_CONSUME_CHECK_CONSUMER) timestamp=2965 ms, used_size=5804032 bytes (14.2%)
(RDMA_READ_CONSUME_CHECK_CONSUMER) timestamp=2965 ms, used_size=5801984 bytes (14.2%)
(RDMA_READ_CONSUME_CHECK_CONSUMER) timestamp=2965 ms, used_size=5799936 bytes (14.2%)
(RDMA_READ_CONSUME_CHECK_CONSUMER) timestamp=2965 ms, used_size=5797888 bytes (14.2%)
(RDMA_READ_CONSUME_CHECK_CONSUMER) timestamp=2965 ms, used_size=5795840 bytes (14.2%)
(RDMA_READ_CONSUME_CHECK_CONSUMER) timestamp=2965 ms, used_size=5793792 bytes (14.1%)
(RDMA_READ_CONSUME_CHECK_CONSUMER) timestamp=2965 ms, used_size=5791744 bytes (14.1%)
(RDMA_READ_CONSUME_CHECK_CONSUMER) timestamp=2965 ms, used_size=5789696 bytes (14.1%)
(RDMA_READ_CONSUME_CHECK_CONSUMER) timestamp=2965 ms, used_size=5787648 bytes (14.1%)
(RDMA_READ_CONSUME_CHECK_CONSUMER) timestamp=2965 ms, used_size=5785600 bytes (14.1%)
(RDMA_READ_CONSUME_CHECK_CONSUMER) timestamp=2965 ms, used_size=5783552 bytes (14.1%)
(RDMA_READ_CONSUME_CHECK_CONSUMER) timestamp=2965 ms, used_size=5781504 bytes (14.1%)
(RDMA_READ_CONSUME_CHECK_CONSUMER) timestamp=2965 ms, used_size=5779456 bytes (14.1%)
(RDMA_READ_CONSUME_CHECK_CONSUMER) timestamp=2965 ms, used_size=5777408 bytes (14.1%)
(RDMA_READ_CONSUME_CHECK_CONSUMER) timestamp=2965 ms, used_size=5775360 bytes (14.1%)
(RDMA_READ_CONSUME_CHECK_CONSUMER) timestamp=2965 ms, used_size=5773312 bytes (14.1%)
(RDMA_READ_CONSUME_CHECK_CONSUMER) timestamp=2965 ms, used_size=5771264 bytes (14.1%)
(RDMA_READ_CONSUME_CHECK_CONSUMER) timestamp=2965 ms, used_size=5769216 bytes (14.1%)
(RDMA_READ_CONSUME_CHECK_CONSUMER) timestamp=2965 ms, used_size=5767168 bytes (14.1%)
(RDMA_READ_CONSUME_CHECK_CONSUMER) timestamp=2965 ms, used_size=5765120 bytes (14.1%)
(RDMA_READ_CONSUME_CHECK_CONSUMER) timestamp=2965 ms, used_size=5763072 bytes (14.1%)
(RDMA_READ_CONSUME_CHECK_CONSUMER) timestamp=2965 ms, used_size=5761024 bytes (14.1%)
(RDMA_READ_CONSUME_CHECK_CONSUMER) timestamp=2965 ms, used_size=5758976 bytes (14.1%)
(RDMA_READ_CONSUME_CHECK_CONSUMER) timestamp=2965 ms, used_size=5756928 bytes (14.1%)
(RDMA_READ_CONSUME_CHECK_CONSUMER) timestamp=2965 ms, used_size=5754880 bytes (14.1%)
(RDMA_READ_CONSUME_CHECK_CONSUMER) timestamp=2965 ms, used_size=5752832 bytes (14.0%)
(RDMA_READ_CONSUME_CHECK_CONSUMER) timestamp=2965 ms, used_size=5750784 bytes (14.0%)
(RDMA_READ_CONSUME_CHECK_CONSUMER) timestamp=2965 ms, used_size=5748736 bytes (14.0%)
(RDMA_READ_CONSUME_CHECK_CONSUMER) timestamp=2965 ms, used_size=5746688 bytes (14.0%)
(RDMA_READ_CONSUME_CHECK_CONSUMER) timestamp=2965 ms, used_size=5744640 bytes (14.0%)
(RDMA_READ_CONSUME_CHECK_CONSUMER) timestamp=2965 ms, used_size=5742592 bytes (14.0%)
(RDMA_READ_CONSUME_CHECK_CONSUMER) timestamp=2965 ms, used_size=5740544 bytes (14.0%)
(RDMA_READ_CONSUME_CHECK_CONSUMER) timestamp=2965 ms, used_size=5738496 bytes (14.0%)
(RDMA_READ_CONSUME_CHECK_CONSUMER) timestamp=2965 ms, used_size=5736448 bytes (14.0%)
(RDMA_READ_CONSUME_CHECK_CONSUMER) timestamp=2965 ms, used_size=5734400 bytes (14.0%)
(RDMA_READ_CONSUME_CHECK_CONSUMER) timestamp=2965 ms, used_size=5732352 bytes (14.0%)
(RDMA_READ_CONSUME_CHECK_CONSUMER) timestamp=2965 ms, used_size=5730304 bytes (14.0%)
(RDMA_READ_CONSUME_CHECK_CONSUMER) timestamp=2965 ms, used_size=5728256 bytes (14.0%)
(RDMA_READ_CONSUME_CHECK_CONSUMER) timestamp=2965 ms, used_size=5726208 bytes (14.0%)
(RDMA_READ_CONSUME_CHECK_CONSUMER) timestamp=2965 ms, used_size=5724160 bytes (14.0%)
(RDMA_READ_CONSUME_CHECK_CONSUMER) timestamp=2965 ms, used_size=5722112 bytes (14.0%)
(RDMA_READ_CONSUME_CHECK_CONSUMER) timestamp=2965 ms, used_size=5720064 bytes (14.0%)
(RDMA_READ_CONSUME_CHECK_CONSUMER) timestamp=2965 ms, used_size=5718016 bytes (14.0%)
(RDMA_READ_CONSUME_CHECK_CONSUMER) timestamp=2965 ms, used_size=5715968 bytes (14.0%)
(RDMA_READ_CONSUME_CHECK_CONSUMER) timestamp=2965 ms, used_size=5713920 bytes (13.9%)
(RDMA_READ_CONSUME_CHECK_CONSUMER) timestamp=2965 ms, used_size=5711872 bytes (13.9%)
(RDMA_READ_CONSUME_CHECK_CONSUMER) timestamp=2965 ms, used_size=5709824 bytes (13.9%)
(RDMA_READ_CONSUME_CHECK_CONSUMER) timestamp=2965 ms, used_size=5707776 bytes (13.9%)
(RDMA_READ_CONSUME_CHECK_CONSUMER) timestamp=2965 ms, used_size=5705728 bytes (13.9%)
(RDMA_READ_CONSUME_CHECK_CONSUMER) timestamp=2965 ms, used_size=5703680 bytes (13.9%)
(RDMA_READ_CONSUME_CHECK_CONSUMER) timestamp=2965 ms, used_size=5701632 bytes (13.9%)
(RDMA_READ_CONSUME_CHECK_CONSUMER) timestamp=2965 ms, used_size=5699584 bytes (13.9%)
(RDMA_READ_CONSUME_CHECK_CONSUMER) timestamp=2965 ms, used_size=5697536 bytes (13.9%)
(RDMA_READ_CONSUME_CHECK_CONSUMER) timestamp=2965 ms, used_size=5695488 bytes (13.9%)
(RDMA_READ_CONSUME_CHECK_CONSUMER) timestamp=2966 ms, used_size=5693440 bytes (13.9%)
(RDMA_READ_CONSUME_CHECK_CONSUMER) timestamp=2966 ms, used_size=5691392 bytes (13.9%)
(RDMA_READ_CONSUME_CHECK_CONSUMER) timestamp=2966 ms, used_size=5689344 bytes (13.9%)
(RDMA_READ_CONSUME_CHECK_CONSUMER) timestamp=2966 ms, used_size=5687296 bytes (13.9%)
(RDMA_READ_CONSUME_CHECK_CONSUMER) timestamp=2966 ms, used_size=5685248 bytes (13.9%)
(RDMA_READ_CONSUME_CHECK_CONSUMER) timestamp=2966 ms, used_size=5683200 bytes (13.9%)
(RDMA_READ_CONSUME_CHECK_CONSUMER) timestamp=2966 ms, used_size=5681152 bytes (13.9%)
(RDMA_READ_CONSUME_CHECK_CONSUMER) timestamp=2966 ms, used_size=5679104 bytes (13.9%)
(RDMA_READ_CONSUME_CHECK_CONSUMER) timestamp=2966 ms, used_size=5677056 bytes (13.9%)
(RDMA_READ_CONSUME_CHECK_CONSUMER) timestamp=2966 ms, used_size=5675008 bytes (13.9%)
(RDMA_READ_CONSUME_CHECK_CONSUMER) timestamp=2966 ms, used_size=5672960 bytes (13.8%)
(RDMA_READ_CONSUME_CHECK_CONSUMER) timestamp=2966 ms, used_size=5670912 bytes (13.8%)
(RDMA_READ_CONSUME_CHECK_CONSUMER) timestamp=2966 ms, used_size=5668864 bytes (13.8%)
(RDMA_READ_CONSUME_CHECK_CONSUMER) timestamp=2966 ms, used_size=5666816 bytes (13.8%)
(RDMA_READ_CONSUME_CHECK_CONSUMER) timestamp=2966 ms, used_size=5664768 bytes (13.8%)
(RDMA_READ_CONSUME_CHECK_CONSUMER) timestamp=2966 ms, used_size=5662720 bytes (13.8%)
(RDMA_READ_CONSUME_CHECK_CONSUMER) timestamp=2966 ms, used_size=5660672 bytes (13.8%)
(RDMA_READ_CONSUME_CHECK_CONSUMER) timestamp=2966 ms, used_size=5658624 bytes (13.8%)
(RDMA_READ_CONSUME_CHECK_CONSUMER) timestamp=2966 ms, used_size=5656576 bytes (13.8%)
(RDMA_READ_CONSUME_CHECK_CONSUMER) timestamp=2966 ms, used_size=5654528 bytes (13.8%)
(RDMA_READ_CONSUME_CHECK_CONSUMER) timestamp=2966 ms, used_size=5652480 bytes (13.8%)
(RDMA_READ_CONSUME_CHECK_CONSUMER) timestamp=2966 ms, used_size=5650432 bytes (13.8%)
(RDMA_READ_CONSUME_CHECK_CONSUMER) timestamp=2966 ms, used_size=5648384 bytes (13.8%)
(RDMA_READ_CONSUME_CHECK_CONSUMER) timestamp=2966 ms, used_size=5646336 bytes (13.8%)
(RDMA_READ_CONSUME_CHECK_CONSUMER) timestamp=2966 ms, used_size=5644288 bytes (13.8%)
(RDMA_READ_CONSUME_CHECK_CONSUMER) timestamp=2966 ms, used_size=5642240 bytes (13.8%)
(RDMA_READ_CONSUME_CHECK_CONSUMER) timestamp=2966 ms, used_size=5640192 bytes (13.8%)
(RDMA_READ_CONSUME_CHECK_CONSUMER) timestamp=2966 ms, used_size=5638144 bytes (13.8%)
(RDMA_READ_CONSUME_CHECK_CONSUMER) timestamp=2966 ms, used_size=5636096 bytes (13.8%)
(RDMA_READ_CONSUME_CHECK_CONSUMER) timestamp=2966 ms, used_size=5634048 bytes (13.8%)
(RDMA_READ_CONSUME_CHECK_CONSUMER) timestamp=2966 ms, used_size=5632000 bytes (13.8%)
(RDMA_READ_CONSUME_CHECK_CONSUMER) timestamp=2966 ms, used_size=5629952 bytes (13.7%)
(RDMA_READ_CONSUME_CHECK_CONSUMER) timestamp=2966 ms, used_size=5627904 bytes (13.7%)
(RDMA_READ_CONSUME_CHECK_CONSUMER) timestamp=2966 ms, used_size=5625856 bytes (13.7%)
(RDMA_READ_CONSUME_CHECK_CONSUMER) timestamp=2966 ms, used_size=5623808 bytes (13.7%)
(RDMA_READ_CONSUME_CHECK_CONSUMER) timestamp=2966 ms, used_size=5621760 bytes (13.7%)
(RDMA_READ_CONSUME_CHECK_CONSUMER) timestamp=2966 ms, used_size=5619712 bytes (13.7%)
(RDMA_READ_CONSUME_CHECK_CONSUMER) timestamp=2966 ms, used_size=5617664 bytes (13.7%)
(RDMA_READ_CONSUME_CHECK_CONSUMER) timestamp=2966 ms, used_size=5615616 bytes (13.7%)
(RDMA_READ_CONSUME_CHECK_CONSUMER) timestamp=2966 ms, used_size=5613568 bytes (13.7%)
(RDMA_READ_CONSUME_CHECK_CONSUMER) timestamp=2966 ms, used_size=5611520 bytes (13.7%)
(RDMA_READ_CONSUME_CHECK_CONSUMER) timestamp=2966 ms, used_size=5609472 bytes (13.7%)
(RDMA_READ_CONSUME_CHECK_CONSUMER) timestamp=2966 ms, used_size=5607424 bytes (13.7%)
(RDMA_READ_CONSUME_CHECK_CONSUMER) timestamp=2966 ms, used_size=5605376 bytes (13.7%)
(RDMA_READ_CONSUME_CHECK_CONSUMER) timestamp=2966 ms, used_size=5603328 bytes (13.7%)
(RDMA_READ_CONSUME_CHECK_CONSUMER) timestamp=2966 ms, used_size=5601280 bytes (13.7%)
(RDMA_READ_CONSUME_CHECK_CONSUMER) timestamp=2966 ms, used_size=5599232 bytes (13.7%)
(RDMA_READ_CONSUME_CHECK_CONSUMER) timestamp=2966 ms, used_size=5597184 bytes (13.7%)
(RDMA_READ_CONSUME_CHECK_CONSUMER) timestamp=2966 ms, used_size=5595136 bytes (13.7%)
(RDMA_READ_CONSUME_CHECK_CONSUMER) timestamp=2966 ms, used_size=5593088 bytes (13.7%)
(RDMA_READ_CONSUME_CHECK_CONSUMER) timestamp=2966 ms, used_size=5591040 bytes (13.7%)
(RDMA_READ_CONSUME_CHECK_CONSUMER) timestamp=2966 ms, used_size=5588992 bytes (13.6%)
(RDMA_READ_CONSUME_CHECK_CONSUMER) timestamp=2966 ms, used_size=5586944 bytes (13.6%)
(RDMA_READ_CONSUME_CHECK_CONSUMER) timestamp=2966 ms, used_size=5584896 bytes (13.6%)
(RDMA_READ_CONSUME_CHECK_CONSUMER) timestamp=2966 ms, used_size=5582848 bytes (13.6%)
(RDMA_READ_CONSUME_CHECK_CONSUMER) timestamp=2966 ms, used_size=5580800 bytes (13.6%)
(RDMA_READ_CONSUME_CHECK_CONSUMER) timestamp=2966 ms, used_size=5578752 bytes (13.6%)
(RDMA_READ_CONSUME_CHECK_CONSUMER) timestamp=2966 ms, used_size=5576704 bytes (13.6%)
(RDMA_READ_CONSUME_CHECK_CONSUMER) timestamp=2966 ms, used_size=5574656 bytes (13.6%)
(RDMA_READ_CONSUME_CHECK_CONSUMER) timestamp=2966 ms, used_size=5572608 bytes (13.6%)
(RDMA_READ_CONSUME_CHECK_CONSUMER) timestamp=2966 ms, used_size=5570560 bytes (13.6%)
(RDMA_READ_CONSUME_CHECK_CONSUMER) timestamp=2966 ms, used_size=5568512 bytes (13.6%)
(RDMA_READ_CONSUME_CHECK_CONSUMER) timestamp=2966 ms, used_size=5566464 bytes (13.6%)
(RDMA_READ_CONSUME_CHECK_CONSUMER) timestamp=2966 ms, used_size=5564416 bytes (13.6%)
(RDMA_READ_CONSUME_CHECK_CONSUMER) timestamp=2966 ms, used_size=5562368 bytes (13.6%)
(RDMA_READ_CONSUME_CHECK_CONSUMER) timestamp=2966 ms, used_size=5560320 bytes (13.6%)
(RDMA_READ_CONSUME_CHECK_CONSUMER) timestamp=2966 ms, used_size=5558272 bytes (13.6%)
(RDMA_READ_CONSUME_CHECK_CONSUMER) timestamp=2966 ms, used_size=5556224 bytes (13.6%)
(RDMA_READ_CONSUME_CHECK_CONSUMER) timestamp=2966 ms, used_size=5554176 bytes (13.6%)
(RDMA_READ_CONSUME_CHECK_CONSUMER) timestamp=2966 ms, used_size=5552128 bytes (13.6%)
(RDMA_READ_CONSUME_CHECK_CONSUMER) timestamp=2966 ms, used_size=5550080 bytes (13.6%)
(RDMA_READ_CONSUME_CHECK_CONSUMER) timestamp=2966 ms, used_size=5548032 bytes (13.5%)
(RDMA_READ_CONSUME_CHECK_CONSUMER) timestamp=2966 ms, used_size=5545984 bytes (13.5%)
(RDMA_READ_CONSUME_CHECK_CONSUMER) timestamp=2966 ms, used_size=5543936 bytes (13.5%)
(RDMA_READ_CONSUME_CHECK_CONSUMER) timestamp=2966 ms, used_size=5541888 bytes (13.5%)
(RDMA_READ_CONSUME_CHECK_CONSUMER) timestamp=2966 ms, used_size=5539840 bytes (13.5%)
(RDMA_READ_CONSUME_CHECK_CONSUMER) timestamp=2966 ms, used_size=5537792 bytes (13.5%)
(RDMA_READ_CONSUME_CHECK_CONSUMER) timestamp=2966 ms, used_size=5535744 bytes (13.5%)
(RDMA_READ_CONSUME_CHECK_CONSUMER) timestamp=2966 ms, used_size=5533696 bytes (13.5%)
(RDMA_READ_CONSUME_CHECK_CONSUMER) timestamp=2966 ms, used_size=5531648 bytes (13.5%)
(RDMA_READ_CONSUME_CHECK_CONSUMER) timestamp=2966 ms, used_size=5529600 bytes (13.5%)
(RDMA_READ_CONSUME_CHECK_CONSUMER) timestamp=2966 ms, used_size=5527552 bytes (13.5%)
(RDMA_READ_CONSUME_CHECK_CONSUMER) timestamp=2966 ms, used_size=5525504 bytes (13.5%)
(RDMA_READ_CONSUME_CHECK_CONSUMER) timestamp=2966 ms, used_size=5523456 bytes (13.5%)
(RDMA_READ_CONSUME_CHECK_CONSUMER) timestamp=2966 ms, used_size=5521408 bytes (13.5%)
(RDMA_READ_CONSUME_CHECK_CONSUMER) timestamp=2966 ms, used_size=5519360 bytes (13.5%)
(RDMA_READ_CONSUME_CHECK_CONSUMER) timestamp=2966 ms, used_size=5517312 bytes (13.5%)
(RDMA_READ_CONSUME_CHECK_CONSUMER) timestamp=2966 ms, used_size=5515264 bytes (13.5%)
(RDMA_READ_CONSUME_CHECK_CONSUMER) timestamp=2966 ms, used_size=5513216 bytes (13.5%)
(RDMA_READ_CONSUME_CHECK_CONSUMER) timestamp=2966 ms, used_size=5511168 bytes (13.5%)
(RDMA_READ_CONSUME_CHECK_CONSUMER) timestamp=2966 ms, used_size=5509120 bytes (13.4%)
(RDMA_READ_CONSUME_CHECK_CONSUMER) timestamp=2966 ms, used_size=5507072 bytes (13.4%)
(RDMA_READ_CONSUME_CHECK_CONSUMER) timestamp=2966 ms, used_size=5505024 bytes (13.4%)
(RDMA_READ_CONSUME_CHECK_CONSUMER) timestamp=2966 ms, used_size=5502976 bytes (13.4%)
(RDMA_READ_CONSUME_CHECK_CONSUMER) timestamp=2966 ms, used_size=5500928 bytes (13.4%)
(RDMA_READ_CONSUME_CHECK_CONSUMER) timestamp=2966 ms, used_size=5498880 bytes (13.4%)
(RDMA_READ_CONSUME_CHECK_CONSUMER) timestamp=2966 ms, used_size=5496832 bytes (13.4%)
(RDMA_READ_CONSUME_CHECK_CONSUMER) timestamp=2966 ms, used_size=5494784 bytes (13.4%)
(RDMA_READ_CONSUME_CHECK_CONSUMER) timestamp=2966 ms, used_size=5492736 bytes (13.4%)
(RDMA_READ_CONSUME_CHECK_CONSUMER) timestamp=2966 ms, used_size=5490688 bytes (13.4%)
(RDMA_READ_CONSUME_CHECK_CONSUMER) timestamp=2966 ms, used_size=5488640 bytes (13.4%)
(RDMA_READ_CONSUME_CHECK_CONSUMER) timestamp=2966 ms, used_size=5486592 bytes (13.4%)
(RDMA_READ_CONSUME_CHECK_CONSUMER) timestamp=2966 ms, used_size=5484544 bytes (13.4%)
(RDMA_READ_CONSUME_CHECK_CONSUMER) timestamp=2966 ms, used_size=5482496 bytes (13.4%)
(RDMA_READ_CONSUME_CHECK_CONSUMER) timestamp=2966 ms, used_size=5480448 bytes (13.4%)
(RDMA_READ_CONSUME_CHECK_CONSUMER) timestamp=2966 ms, used_size=5478400 bytes (13.4%)
(RDMA_READ_CONSUME_CHECK_CONSUMER) timestamp=2966 ms, used_size=5476352 bytes (13.4%)
(RDMA_READ_CONSUME_CHECK_CONSUMER) timestamp=2966 ms, used_size=5474304 bytes (13.4%)
(RDMA_READ_CONSUME_CHECK_CONSUMER) timestamp=2966 ms, used_size=5472256 bytes (13.4%)
(RDMA_READ_CONSUME_CHECK_CONSUMER) timestamp=2966 ms, used_size=5470208 bytes (13.4%)
(RDMA_READ_CONSUME_CHECK_CONSUMER) timestamp=2966 ms, used_size=5468160 bytes (13.3%)
(RDMA_READ_CONSUME_CHECK_CONSUMER) timestamp=2966 ms, used_size=5466112 bytes (13.3%)
(RDMA_READ_CONSUME_CHECK_CONSUMER) timestamp=2966 ms, used_size=5464064 bytes (13.3%)
(RDMA_READ_CONSUME_CHECK_CONSUMER) timestamp=2966 ms, used_size=5462016 bytes (13.3%)
(RDMA_READ_CONSUME_CHECK_CONSUMER) timestamp=2966 ms, used_size=5459968 bytes (13.3%)
(RDMA_READ_CONSUME_CHECK_CONSUMER) timestamp=2966 ms, used_size=5457920 bytes (13.3%)
(RDMA_READ_CONSUME_CHECK_CONSUMER) timestamp=2966 ms, used_size=5455872 bytes (13.3%)
(RDMA_READ_CONSUME_CHECK_CONSUMER) timestamp=2966 ms, used_size=5453824 bytes (13.3%)
(RDMA_READ_CONSUME_CHECK_CONSUMER) timestamp=2966 ms, used_size=5451776 bytes (13.3%)
(RDMA_READ_CONSUME_CHECK_CONSUMER) timestamp=2966 ms, used_size=5449728 bytes (13.3%)
(RDMA_READ_CONSUME_CHECK_CONSUMER) timestamp=2966 ms, used_size=5447680 bytes (13.3%)
(RDMA_READ_CONSUME_CHECK_CONSUMER) timestamp=2966 ms, used_size=5445632 bytes (13.3%)
(RDMA_READ_CONSUME_CHECK_CONSUMER) timestamp=2966 ms, used_size=5443584 bytes (13.3%)
(RDMA_READ_CONSUME_CHECK_CONSUMER) timestamp=2966 ms, used_size=5441536 bytes (13.3%)
(RDMA_READ_CONSUME_CHECK_CONSUMER) timestamp=2966 ms, used_size=5439488 bytes (13.3%)
(RDMA_READ_CONSUME_CHECK_CONSUMER) timestamp=2966 ms, used_size=5437440 bytes (13.3%)
(RDMA_READ_CONSUME_CHECK_CONSUMER) timestamp=2966 ms, used_size=5435392 bytes (13.3%)
(RDMA_READ_CONSUME_CHECK_CONSUMER) timestamp=2966 ms, used_size=5433344 bytes (13.3%)
(RDMA_READ_CONSUME_CHECK_CONSUMER) timestamp=2966 ms, used_size=5431296 bytes (13.3%)
(RDMA_READ_CONSUME_CHECK_CONSUMER) timestamp=2966 ms, used_size=5429248 bytes (13.3%)
(RDMA_READ_CONSUME_CHECK_CONSUMER) timestamp=2966 ms, used_size=5427200 bytes (13.2%)
(RDMA_READ_CONSUME_CHECK_CONSUMER) timestamp=2966 ms, used_size=5425152 bytes (13.2%)
(RDMA_READ_CONSUME_CHECK_CONSUMER) timestamp=2966 ms, used_size=5423104 bytes (13.2%)
(RDMA_READ_CONSUME_CHECK_CONSUMER) timestamp=2966 ms, used_size=5421056 bytes (13.2%)
(RDMA_READ_CONSUME_CHECK_CONSUMER) timestamp=2966 ms, used_size=5419008 bytes (13.2%)
(RDMA_READ_CONSUME_CHECK_CONSUMER) timestamp=2966 ms, used_size=5416960 bytes (13.2%)
(RDMA_READ_CONSUME_CHECK_CONSUMER) timestamp=2966 ms, used_size=5414912 bytes (13.2%)
(RDMA_READ_CONSUME_CHECK_CONSUMER) timestamp=2966 ms, used_size=5412864 bytes (13.2%)
(RDMA_READ_CONSUME_CHECK_CONSUMER) timestamp=2966 ms, used_size=5410816 bytes (13.2%)
(RDMA_READ_CONSUME_CHECK_CONSUMER) timestamp=2966 ms, used_size=5408768 bytes (13.2%)
(RDMA_READ_CONSUME_CHECK_CONSUMER) timestamp=2966 ms, used_size=5406720 bytes (13.2%)
(RDMA_READ_CONSUME_CHECK_CONSUMER) timestamp=2966 ms, used_size=5404672 bytes (13.2%)
(RDMA_READ_CONSUME_CHECK_CONSUMER) timestamp=2966 ms, used_size=5402624 bytes (13.2%)
(RDMA_READ_CONSUME_CHECK_CONSUMER) timestamp=2966 ms, used_size=5400576 bytes (13.2%)
(RDMA_READ_CONSUME_CHECK_CONSUMER) timestamp=2966 ms, used_size=5398528 bytes (13.2%)
(RDMA_READ_CONSUME_CHECK_CONSUMER) timestamp=2966 ms, used_size=5396480 bytes (13.2%)
(RDMA_READ_CONSUME_CHECK_CONSUMER) timestamp=2966 ms, used_size=5394432 bytes (13.2%)
(RDMA_READ_CONSUME_CHECK_CONSUMER) timestamp=2966 ms, used_size=5392384 bytes (13.2%)
(RDMA_READ_CONSUME_CHECK_CONSUMER) timestamp=2966 ms, used_size=5390336 bytes (13.2%)
(RDMA_READ_CONSUME_CHECK_CONSUMER) timestamp=2966 ms, used_size=5388288 bytes (13.2%)
(RDMA_READ_CONSUME_CHECK_CONSUMER) timestamp=2966 ms, used_size=5386240 bytes (13.2%)
(RDMA_READ_CONSUME_CHECK_CONSUMER) timestamp=2966 ms, used_size=5384192 bytes (13.1%)
(RDMA_READ_CONSUME_CHECK_CONSUMER) timestamp=2966 ms, used_size=5382144 bytes (13.1%)
(RDMA_READ_CONSUME_CHECK_CONSUMER) timestamp=2966 ms, used_size=5380096 bytes (13.1%)
(RDMA_READ_CONSUME_CHECK_CONSUMER) timestamp=2966 ms, used_size=5378048 bytes (13.1%)
(RDMA_READ_CONSUME_CHECK_CONSUMER) timestamp=2966 ms, used_size=5376000 bytes (13.1%)
(RDMA_READ_CONSUME_CHECK_CONSUMER) timestamp=2966 ms, used_size=5373952 bytes (13.1%)
(RDMA_READ_CONSUME_CHECK_CONSUMER) timestamp=2966 ms, used_size=5371904 bytes (13.1%)
(RDMA_READ_CONSUME_CHECK_CONSUMER) timestamp=2966 ms, used_size=5369856 bytes (13.1%)
(RDMA_READ_CONSUME_CHECK_CONSUMER) timestamp=2966 ms, used_size=5367808 bytes (13.1%)
(RDMA_READ_CONSUME_CHECK_CONSUMER) timestamp=2966 ms, used_size=5365760 bytes (13.1%)
(RDMA_READ_CONSUME_CHECK_CONSUMER) timestamp=2966 ms, used_size=5363712 bytes (13.1%)
(RDMA_READ_CONSUME_CHECK_CONSUMER) timestamp=2966 ms, used_size=5361664 bytes (13.1%)
(RDMA_READ_CONSUME_CHECK_CONSUMER) timestamp=2966 ms, used_size=5359616 bytes (13.1%)
(RDMA_READ_CONSUME_CHECK_CONSUMER) timestamp=2966 ms, used_size=5357568 bytes (13.1%)
(RDMA_READ_CONSUME_CHECK_CONSUMER) timestamp=2966 ms, used_size=5355520 bytes (13.1%)
(RDMA_READ_CONSUME_CHECK_CONSUMER) timestamp=2966 ms, used_size=5353472 bytes (13.1%)
(RDMA_READ_CONSUME_CHECK_CONSUMER) timestamp=2966 ms, used_size=5351424 bytes (13.1%)
(RDMA_READ_CONSUME_CHECK_CONSUMER) timestamp=2966 ms, used_size=5349376 bytes (13.1%)
(RDMA_READ_CONSUME_CHECK_CONSUMER) timestamp=2966 ms, used_size=5347328 bytes (13.1%)
(RDMA_READ_CONSUME_CHECK_CONSUMER) timestamp=2966 ms, used_size=5345280 bytes (13.1%)
(RDMA_READ_CONSUME_CHECK_CONSUMER) timestamp=2966 ms, used_size=5343232 bytes (13.0%)
(RDMA_READ_CONSUME_CHECK_CONSUMER) timestamp=2966 ms, used_size=5341184 bytes (13.0%)
(RDMA_READ_CONSUME_CHECK_CONSUMER) timestamp=2966 ms, used_size=5339136 bytes (13.0%)
(RDMA_READ_CONSUME_CHECK_CONSUMER) timestamp=2966 ms, used_size=5337088 bytes (13.0%)
(RDMA_READ_CONSUME_CHECK_CONSUMER) timestamp=2967 ms, used_size=5335040 bytes (13.0%)
(RDMA_READ_CONSUME_CHECK_CONSUMER) timestamp=2967 ms, used_size=5332992 bytes (13.0%)
(RDMA_READ_CONSUME_CHECK_CONSUMER) timestamp=2967 ms, used_size=5330944 bytes (13.0%)
(RDMA_READ_CONSUME_CHECK_CONSUMER) timestamp=2967 ms, used_size=5328896 bytes (13.0%)
(RDMA_READ_CONSUME_CHECK_CONSUMER) timestamp=2967 ms, used_size=5326848 bytes (13.0%)
(RDMA_READ_CONSUME_CHECK_CONSUMER) timestamp=2967 ms, used_size=5324800 bytes (13.0%)
(RDMA_READ_CONSUME_CHECK_CONSUMER) timestamp=2967 ms, used_size=5322752 bytes (13.0%)
(RDMA_READ_CONSUME_CHECK_CONSUMER) timestamp=2967 ms, used_size=5320704 bytes (13.0%)
(RDMA_READ_CONSUME_CHECK_CONSUMER) timestamp=2967 ms, used_size=5318656 bytes (13.0%)
(RDMA_READ_CONSUME_CHECK_CONSUMER) timestamp=2967 ms, used_size=5316608 bytes (13.0%)
(RDMA_READ_CONSUME_CHECK_CONSUMER) timestamp=2967 ms, used_size=5314560 bytes (13.0%)
(RDMA_READ_CONSUME_CHECK_CONSUMER) timestamp=2967 ms, used_size=5312512 bytes (13.0%)
(RDMA_READ_CONSUME_CHECK_CONSUMER) timestamp=2967 ms, used_size=5310464 bytes (13.0%)
(RDMA_READ_CONSUME_CHECK_CONSUMER) timestamp=2967 ms, used_size=5308416 bytes (13.0%)
(RDMA_READ_CONSUME_CHECK_CONSUMER) timestamp=2967 ms, used_size=5306368 bytes (13.0%)
(RDMA_READ_CONSUME_CHECK_CONSUMER) timestamp=2967 ms, used_size=5304320 bytes (12.9%)
(RDMA_READ_CONSUME_CHECK_CONSUMER) timestamp=2967 ms, used_size=5302272 bytes (12.9%)
(RDMA_READ_CONSUME_CHECK_CONSUMER) timestamp=2967 ms, used_size=5300224 bytes (12.9%)
(RDMA_READ_CONSUME_CHECK_CONSUMER) timestamp=2967 ms, used_size=5298176 bytes (12.9%)
(RDMA_READ_CONSUME_CHECK_CONSUMER) timestamp=2967 ms, used_size=5296128 bytes (12.9%)
(RDMA_READ_CONSUME_CHECK_CONSUMER) timestamp=2967 ms, used_size=5294080 bytes (12.9%)
(RDMA_READ_CONSUME_CHECK_CONSUMER) timestamp=2967 ms, used_size=5292032 bytes (12.9%)
(RDMA_READ_CONSUME_CHECK_CONSUMER) timestamp=2967 ms, used_size=5289984 bytes (12.9%)
(RDMA_READ_CONSUME_CHECK_CONSUMER) timestamp=2967 ms, used_size=5287936 bytes (12.9%)
(RDMA_READ_CONSUME_CHECK_CONSUMER) timestamp=2967 ms, used_size=5285888 bytes (12.9%)
(RDMA_READ_CONSUME_CHECK_CONSUMER) timestamp=2967 ms, used_size=5283840 bytes (12.9%)
(RDMA_READ_CONSUME_CHECK_CONSUMER) timestamp=2967 ms, used_size=5281792 bytes (12.9%)
(RDMA_READ_CONSUME_CHECK_CONSUMER) timestamp=2967 ms, used_size=5279744 bytes (12.9%)
(RDMA_READ_CONSUME_CHECK_CONSUMER) timestamp=2967 ms, used_size=5277696 bytes (12.9%)
(RDMA_READ_CONSUME_CHECK_CONSUMER) timestamp=2967 ms, used_size=5275648 bytes (12.9%)
(RDMA_READ_CONSUME_CHECK_CONSUMER) timestamp=2967 ms, used_size=5273600 bytes (12.9%)
(RDMA_READ_CONSUME_CHECK_CONSUMER) timestamp=2967 ms, used_size=5271552 bytes (12.9%)
(RDMA_READ_CONSUME_CHECK_CONSUMER) timestamp=2967 ms, used_size=5269504 bytes (12.9%)
(RDMA_READ_CONSUME_CHECK_CONSUMER) timestamp=2967 ms, used_size=5267456 bytes (12.9%)
(RDMA_READ_CONSUME_CHECK_CONSUMER) timestamp=2967 ms, used_size=5265408 bytes (12.9%)
(RDMA_READ_CONSUME_CHECK_CONSUMER) timestamp=2967 ms, used_size=5263360 bytes (12.8%)
(RDMA_READ_CONSUME_CHECK_CONSUMER) timestamp=2967 ms, used_size=5261312 bytes (12.8%)
(RDMA_READ_CONSUME_CHECK_CONSUMER) timestamp=2967 ms, used_size=5259264 bytes (12.8%)
(RDMA_READ_CONSUME_CHECK_CONSUMER) timestamp=2967 ms, used_size=5257216 bytes (12.8%)
(RDMA_READ_CONSUME_CHECK_CONSUMER) timestamp=2967 ms, used_size=5255168 bytes (12.8%)
(RDMA_READ_CONSUME_CHECK_CONSUMER) timestamp=2967 ms, used_size=5253120 bytes (12.8%)
(RDMA_READ_CONSUME_CHECK_CONSUMER) timestamp=2967 ms, used_size=5251072 bytes (12.8%)
(RDMA_READ_CONSUME_CHECK_CONSUMER) timestamp=2967 ms, used_size=5249024 bytes (12.8%)
(RDMA_READ_CONSUME_CHECK_CONSUMER) timestamp=2967 ms, used_size=5246976 bytes (12.8%)
(RDMA_READ_CONSUME_CHECK_CONSUMER) timestamp=2967 ms, used_size=5244928 bytes (12.8%)
(RDMA_READ_CONSUME_CHECK_CONSUMER) timestamp=2967 ms, used_size=5242880 bytes (12.8%)
(RDMA_READ_CONSUME_CHECK_CONSUMER) timestamp=2967 ms, used_size=5240832 bytes (12.8%)
(RDMA_READ_CONSUME_CHECK_CONSUMER) timestamp=2967 ms, used_size=5238784 bytes (12.8%)
(RDMA_READ_CONSUME_CHECK_CONSUMER) timestamp=2967 ms, used_size=5236736 bytes (12.8%)
(RDMA_READ_CONSUME_CHECK_CONSUMER) timestamp=2967 ms, used_size=5234688 bytes (12.8%)
(RDMA_READ_CONSUME_CHECK_CONSUMER) timestamp=2967 ms, used_size=5232640 bytes (12.8%)
(RDMA_READ_CONSUME_CHECK_CONSUMER) timestamp=2967 ms, used_size=5230592 bytes (12.8%)
(RDMA_READ_CONSUME_CHECK_CONSUMER) timestamp=2967 ms, used_size=5228544 bytes (12.8%)
(RDMA_READ_CONSUME_CHECK_CONSUMER) timestamp=2967 ms, used_size=5226496 bytes (12.8%)
(RDMA_READ_CONSUME_CHECK_CONSUMER) timestamp=2967 ms, used_size=5224448 bytes (12.8%)
(RDMA_READ_CONSUME_CHECK_CONSUMER) timestamp=2967 ms, used_size=5222400 bytes (12.8%)
(RDMA_READ_CONSUME_CHECK_CONSUMER) timestamp=2967 ms, used_size=5220352 bytes (12.7%)
(RDMA_READ_CONSUME_CHECK_CONSUMER) timestamp=2967 ms, used_size=5218304 bytes (12.7%)
(RDMA_READ_CONSUME_CHECK_CONSUMER) timestamp=2967 ms, used_size=5216256 bytes (12.7%)
(RDMA_READ_CONSUME_CHECK_CONSUMER) timestamp=2967 ms, used_size=5214208 bytes (12.7%)
(RDMA_READ_CONSUME_CHECK_CONSUMER) timestamp=2967 ms, used_size=5212160 bytes (12.7%)
(RDMA_READ_CONSUME_CHECK_CONSUMER) timestamp=2967 ms, used_size=5210112 bytes (12.7%)
(RDMA_READ_CONSUME_CHECK_CONSUMER) timestamp=2967 ms, used_size=5208064 bytes (12.7%)
(RDMA_READ_CONSUME_CHECK_CONSUMER) timestamp=2967 ms, used_size=5206016 bytes (12.7%)
(RDMA_READ_CONSUME_CHECK_CONSUMER) timestamp=2967 ms, used_size=5203968 bytes (12.7%)
(RDMA_READ_CONSUME_CHECK_CONSUMER) timestamp=2967 ms, used_size=5201920 bytes (12.7%)
(RDMA_READ_CONSUME_CHECK_CONSUMER) timestamp=2967 ms, used_size=5199872 bytes (12.7%)
(RDMA_READ_CONSUME_CHECK_CONSUMER) timestamp=2967 ms, used_size=5197824 bytes (12.7%)
(RDMA_READ_CONSUME_CHECK_CONSUMER) timestamp=2967 ms, used_size=5195776 bytes (12.7%)
(RDMA_READ_CONSUME_CHECK_CONSUMER) timestamp=2967 ms, used_size=5193728 bytes (12.7%)
(RDMA_READ_CONSUME_CHECK_CONSUMER) timestamp=2967 ms, used_size=5191680 bytes (12.7%)
(RDMA_READ_CONSUME_CHECK_CONSUMER) timestamp=2967 ms, used_size=5189632 bytes (12.7%)
(RDMA_READ_CONSUME_CHECK_CONSUMER) timestamp=2967 ms, used_size=5187584 bytes (12.7%)
(RDMA_READ_CONSUME_CHECK_CONSUMER) timestamp=2967 ms, used_size=5185536 bytes (12.7%)
(RDMA_READ_CONSUME_CHECK_CONSUMER) timestamp=2967 ms, used_size=5183488 bytes (12.7%)
(RDMA_READ_CONSUME_CHECK_CONSUMER) timestamp=2967 ms, used_size=5181440 bytes (12.7%)
(RDMA_READ_CONSUME_CHECK_CONSUMER) timestamp=2967 ms, used_size=5179392 bytes (12.6%)
(RDMA_READ_CONSUME_CHECK_CONSUMER) timestamp=2967 ms, used_size=5177344 bytes (12.6%)
(RDMA_READ_CONSUME_CHECK_CONSUMER) timestamp=2967 ms, used_size=5175296 bytes (12.6%)
(RDMA_READ_CONSUME_CHECK_CONSUMER) timestamp=2967 ms, used_size=5173248 bytes (12.6%)
(RDMA_READ_CONSUME_CHECK_CONSUMER) timestamp=2967 ms, used_size=5171200 bytes (12.6%)
(RDMA_READ_CONSUME_CHECK_CONSUMER) timestamp=2967 ms, used_size=5169152 bytes (12.6%)
(RDMA_READ_CONSUME_CHECK_CONSUMER) timestamp=2967 ms, used_size=5167104 bytes (12.6%)
(RDMA_READ_CONSUME_CHECK_CONSUMER) timestamp=2967 ms, used_size=5165056 bytes (12.6%)
(RDMA_READ_CONSUME_CHECK_CONSUMER) timestamp=2967 ms, used_size=5163008 bytes (12.6%)
(RDMA_READ_CONSUME_CHECK_CONSUMER) timestamp=2967 ms, used_size=5160960 bytes (12.6%)
(RDMA_READ_CONSUME_CHECK_CONSUMER) timestamp=2967 ms, used_size=5158912 bytes (12.6%)
(RDMA_READ_CONSUME_CHECK_CONSUMER) timestamp=2967 ms, used_size=5156864 bytes (12.6%)
(RDMA_READ_CONSUME_CHECK_CONSUMER) timestamp=2967 ms, used_size=5154816 bytes (12.6%)
(RDMA_READ_CONSUME_CHECK_CONSUMER) timestamp=2967 ms, used_size=5152768 bytes (12.6%)
(RDMA_READ_CONSUME_CHECK_CONSUMER) timestamp=2967 ms, used_size=5150720 bytes (12.6%)
(RDMA_READ_CONSUME_CHECK_CONSUMER) timestamp=2967 ms, used_size=5148672 bytes (12.6%)
(RDMA_READ_CONSUME_CHECK_CONSUMER) timestamp=2967 ms, used_size=5146624 bytes (12.6%)
(RDMA_READ_CONSUME_CHECK_CONSUMER) timestamp=2967 ms, used_size=5144576 bytes (12.6%)
(RDMA_READ_CONSUME_CHECK_CONSUMER) timestamp=2967 ms, used_size=5142528 bytes (12.6%)
(RDMA_READ_CONSUME_CHECK_CONSUMER) timestamp=2967 ms, used_size=5140480 bytes (12.6%)
(RDMA_READ_CONSUME_CHECK_CONSUMER) timestamp=2967 ms, used_size=5138432 bytes (12.5%)
(RDMA_READ_CONSUME_CHECK_CONSUMER) timestamp=2967 ms, used_size=5136384 bytes (12.5%)
(RDMA_READ_CONSUME_CHECK_CONSUMER) timestamp=2967 ms, used_size=5134336 bytes (12.5%)
(RDMA_READ_CONSUME_CHECK_CONSUMER) timestamp=2967 ms, used_size=5132288 bytes (12.5%)
(RDMA_READ_CONSUME_CHECK_CONSUMER) timestamp=2967 ms, used_size=5130240 bytes (12.5%)
(RDMA_READ_CONSUME_CHECK_CONSUMER) timestamp=2967 ms, used_size=5128192 bytes (12.5%)
(RDMA_READ_CONSUME_CHECK_CONSUMER) timestamp=2967 ms, used_size=5126144 bytes (12.5%)
(RDMA_READ_CONSUME_CHECK_CONSUMER) timestamp=2967 ms, used_size=5124096 bytes (12.5%)
(RDMA_READ_CONSUME_CHECK_CONSUMER) timestamp=2967 ms, used_size=5122048 bytes (12.5%)
(RDMA_READ_CONSUME_CHECK_CONSUMER) timestamp=2967 ms, used_size=5120000 bytes (12.5%)
(RDMA_READ_CONSUME_CHECK_CONSUMER) timestamp=2967 ms, used_size=5117952 bytes (12.5%)
(RDMA_READ_CONSUME_CHECK_CONSUMER) timestamp=2967 ms, used_size=5115904 bytes (12.5%)
(RDMA_READ_CONSUME_CHECK_CONSUMER) timestamp=2967 ms, used_size=5113856 bytes (12.5%)
(RDMA_READ_CONSUME_CHECK_CONSUMER) timestamp=2967 ms, used_size=5111808 bytes (12.5%)
(RDMA_READ_CONSUME_CHECK_CONSUMER) timestamp=2967 ms, used_size=5109760 bytes (12.5%)
(RDMA_READ_CONSUME_CHECK_CONSUMER) timestamp=2967 ms, used_size=5107712 bytes (12.5%)
(RDMA_READ_CONSUME_CHECK_CONSUMER) timestamp=2967 ms, used_size=5105664 bytes (12.5%)
(RDMA_READ_CONSUME_CHECK_CONSUMER) timestamp=2967 ms, used_size=5103616 bytes (12.5%)
(RDMA_READ_CONSUME_CHECK_CONSUMER) timestamp=2967 ms, used_size=5101568 bytes (12.5%)
(RDMA_READ_CONSUME_CHECK_CONSUMER) timestamp=2967 ms, used_size=5099520 bytes (12.4%)
(RDMA_READ_CONSUME_CHECK_CONSUMER) timestamp=2967 ms, used_size=5097472 bytes (12.4%)
(RDMA_READ_CONSUME_CHECK_CONSUMER) timestamp=2967 ms, used_size=5095424 bytes (12.4%)
(RDMA_READ_CONSUME_CHECK_CONSUMER) timestamp=2967 ms, used_size=5093376 bytes (12.4%)
(RDMA_READ_CONSUME_CHECK_CONSUMER) timestamp=2967 ms, used_size=5091328 bytes (12.4%)
(RDMA_READ_CONSUME_CHECK_CONSUMER) timestamp=2967 ms, used_size=5089280 bytes (12.4%)
(RDMA_READ_CONSUME_CHECK_CONSUMER) timestamp=2967 ms, used_size=5087232 bytes (12.4%)
(RDMA_READ_CONSUME_CHECK_CONSUMER) timestamp=2967 ms, used_size=5085184 bytes (12.4%)
(RDMA_READ_CONSUME_CHECK_CONSUMER) timestamp=2967 ms, used_size=5083136 bytes (12.4%)
(RDMA_READ_CONSUME_CHECK_CONSUMER) timestamp=2967 ms, used_size=5081088 bytes (12.4%)
(RDMA_READ_CONSUME_CHECK_CONSUMER) timestamp=2967 ms, used_size=5079040 bytes (12.4%)
(RDMA_READ_CONSUME_CHECK_CONSUMER) timestamp=2967 ms, used_size=5076992 bytes (12.4%)
(RDMA_READ_CONSUME_CHECK_CONSUMER) timestamp=2967 ms, used_size=5074944 bytes (12.4%)
(RDMA_READ_CONSUME_CHECK_CONSUMER) timestamp=2967 ms, used_size=5072896 bytes (12.4%)
(RDMA_READ_CONSUME_CHECK_CONSUMER) timestamp=2967 ms, used_size=5070848 bytes (12.4%)
(RDMA_READ_CONSUME_CHECK_CONSUMER) timestamp=2967 ms, used_size=5068800 bytes (12.4%)
(RDMA_READ_CONSUME_CHECK_CONSUMER) timestamp=2967 ms, used_size=5066752 bytes (12.4%)
(RDMA_READ_CONSUME_CHECK_CONSUMER) timestamp=2967 ms, used_size=5064704 bytes (12.4%)
(RDMA_READ_CONSUME_CHECK_CONSUMER) timestamp=2967 ms, used_size=5062656 bytes (12.4%)
(RDMA_READ_CONSUME_CHECK_CONSUMER) timestamp=2967 ms, used_size=5060608 bytes (12.4%)
(RDMA_READ_CONSUME_CHECK_CONSUMER) timestamp=2967 ms, used_size=5058560 bytes (12.3%)
(RDMA_READ_CONSUME_CHECK_CONSUMER) timestamp=2967 ms, used_size=5056512 bytes (12.3%)
(RDMA_READ_CONSUME_CHECK_CONSUMER) timestamp=2967 ms, used_size=5054464 bytes (12.3%)
(RDMA_READ_CONSUME_CHECK_CONSUMER) timestamp=2967 ms, used_size=5052416 bytes (12.3%)
(RDMA_READ_CONSUME_CHECK_CONSUMER) timestamp=2967 ms, used_size=5050368 bytes (12.3%)
(RDMA_READ_CONSUME_CHECK_CONSUMER) timestamp=2967 ms, used_size=5048320 bytes (12.3%)
(RDMA_READ_CONSUME_CHECK_CONSUMER) timestamp=2967 ms, used_size=5046272 bytes (12.3%)
(RDMA_READ_CONSUME_CHECK_CONSUMER) timestamp=2967 ms, used_size=5044224 bytes (12.3%)
(RDMA_READ_CONSUME_CHECK_CONSUMER) timestamp=2967 ms, used_size=5042176 bytes (12.3%)
(RDMA_READ_CONSUME_CHECK_CONSUMER) timestamp=2967 ms, used_size=5040128 bytes (12.3%)
(RDMA_READ_CONSUME_CHECK_CONSUMER) timestamp=2967 ms, used_size=5038080 bytes (12.3%)
(RDMA_READ_CONSUME_CHECK_CONSUMER) timestamp=2967 ms, used_size=5036032 bytes (12.3%)
(RDMA_READ_CONSUME_CHECK_CONSUMER) timestamp=2967 ms, used_size=5033984 bytes (12.3%)
(RDMA_READ_CONSUME_CHECK_CONSUMER) timestamp=2967 ms, used_size=5031936 bytes (12.3%)
(RDMA_READ_CONSUME_CHECK_CONSUMER) timestamp=2967 ms, used_size=5029888 bytes (12.3%)
(RDMA_READ_CONSUME_CHECK_CONSUMER) timestamp=2967 ms, used_size=5027840 bytes (12.3%)
(RDMA_READ_CONSUME_CHECK_CONSUMER) timestamp=2967 ms, used_size=5025792 bytes (12.3%)
(RDMA_READ_CONSUME_CHECK_CONSUMER) timestamp=2967 ms, used_size=5023744 bytes (12.3%)
(RDMA_READ_CONSUME_CHECK_CONSUMER) timestamp=2967 ms, used_size=5021696 bytes (12.3%)
(RDMA_READ_CONSUME_CHECK_CONSUMER) timestamp=2967 ms, used_size=5019648 bytes (12.3%)
(RDMA_READ_CONSUME_CHECK_CONSUMER) timestamp=2967 ms, used_size=5017600 bytes (12.2%)
(RDMA_READ_CONSUME_CHECK_CONSUMER) timestamp=2967 ms, used_size=5015552 bytes (12.2%)
(RDMA_READ_CONSUME_CHECK_CONSUMER) timestamp=2967 ms, used_size=5013504 bytes (12.2%)
(RDMA_READ_CONSUME_CHECK_CONSUMER) timestamp=2967 ms, used_size=5011456 bytes (12.2%)
(RDMA_READ_CONSUME_CHECK_CONSUMER) timestamp=2967 ms, used_size=5009408 bytes (12.2%)
(RDMA_READ_CONSUME_CHECK_CONSUMER) timestamp=2967 ms, used_size=5007360 bytes (12.2%)
(RDMA_READ_CONSUME_CHECK_CONSUMER) timestamp=2967 ms, used_size=5005312 bytes (12.2%)
(RDMA_READ_CONSUME_CHECK_CONSUMER) timestamp=2967 ms, used_size=5003264 bytes (12.2%)
(RDMA_READ_CONSUME_CHECK_CONSUMER) timestamp=2967 ms, used_size=5001216 bytes (12.2%)
(RDMA_READ_CONSUME_CHECK_CONSUMER) timestamp=2967 ms, used_size=4999168 bytes (12.2%)
(RDMA_READ_CONSUME_CHECK_CONSUMER) timestamp=2967 ms, used_size=4997120 bytes (12.2%)
(RDMA_READ_CONSUME_CHECK_CONSUMER) timestamp=2967 ms, used_size=4995072 bytes (12.2%)
(RDMA_READ_CONSUME_CHECK_CONSUMER) timestamp=2967 ms, used_size=4993024 bytes (12.2%)
(RDMA_READ_CONSUME_CHECK_CONSUMER) timestamp=2967 ms, used_size=4990976 bytes (12.2%)
(RDMA_READ_CONSUME_CHECK_CONSUMER) timestamp=2967 ms, used_size=4988928 bytes (12.2%)
(RDMA_READ_CONSUME_CHECK_CONSUMER) timestamp=2967 ms, used_size=4986880 bytes (12.2%)
(RDMA_READ_CONSUME_CHECK_CONSUMER) timestamp=2967 ms, used_size=4984832 bytes (12.2%)
(RDMA_READ_CONSUME_CHECK_CONSUMER) timestamp=2967 ms, used_size=4982784 bytes (12.2%)
(RDMA_READ_CONSUME_CHECK_CONSUMER) timestamp=2968 ms, used_size=4980736 bytes (12.2%)
(RDMA_READ_CONSUME_CHECK_CONSUMER) timestamp=2968 ms, used_size=4978688 bytes (12.2%)
(RDMA_READ_CONSUME_CHECK_CONSUMER) timestamp=2968 ms, used_size=4976640 bytes (12.2%)
(RDMA_READ_CONSUME_CHECK_CONSUMER) timestamp=2968 ms, used_size=4974592 bytes (12.1%)
(RDMA_READ_CONSUME_CHECK_CONSUMER) timestamp=2968 ms, used_size=4972544 bytes (12.1%)
(RDMA_READ_CONSUME_CHECK_CONSUMER) timestamp=2968 ms, used_size=4970496 bytes (12.1%)
(RDMA_READ_CONSUME_CHECK_CONSUMER) timestamp=2968 ms, used_size=4968448 bytes (12.1%)
(RDMA_READ_CONSUME_CHECK_CONSUMER) timestamp=2968 ms, used_size=4966400 bytes (12.1%)
(RDMA_READ_CONSUME_CHECK_CONSUMER) timestamp=2968 ms, used_size=4964352 bytes (12.1%)
(RDMA_READ_CONSUME_CHECK_CONSUMER) timestamp=2968 ms, used_size=4962304 bytes (12.1%)
(RDMA_READ_CONSUME_CHECK_CONSUMER) timestamp=2968 ms, used_size=4960256 bytes (12.1%)
(RDMA_READ_CONSUME_CHECK_CONSUMER) timestamp=2968 ms, used_size=4958208 bytes (12.1%)
(RDMA_READ_CONSUME_CHECK_CONSUMER) timestamp=2968 ms, used_size=4956160 bytes (12.1%)
(RDMA_READ_CONSUME_CHECK_CONSUMER) timestamp=2968 ms, used_size=4954112 bytes (12.1%)
(RDMA_READ_CONSUME_CHECK_CONSUMER) timestamp=2968 ms, used_size=4952064 bytes (12.1%)
(RDMA_READ_CONSUME_CHECK_CONSUMER) timestamp=2968 ms, used_size=4950016 bytes (12.1%)
(RDMA_READ_CONSUME_CHECK_CONSUMER) timestamp=2968 ms, used_size=4947968 bytes (12.1%)
(RDMA_READ_CONSUME_CHECK_CONSUMER) timestamp=2968 ms, used_size=4945920 bytes (12.1%)
(RDMA_READ_CONSUME_CHECK_CONSUMER) timestamp=2968 ms, used_size=4943872 bytes (12.1%)
(RDMA_READ_CONSUME_CHECK_CONSUMER) timestamp=2968 ms, used_size=4941824 bytes (12.1%)
(RDMA_READ_CONSUME_CHECK_CONSUMER) timestamp=2968 ms, used_size=4939776 bytes (12.1%)
(RDMA_READ_CONSUME_CHECK_CONSUMER) timestamp=2968 ms, used_size=4937728 bytes (12.1%)
(RDMA_READ_CONSUME_CHECK_CONSUMER) timestamp=2968 ms, used_size=4935680 bytes (12.1%)
(RDMA_READ_CONSUME_CHECK_CONSUMER) timestamp=2968 ms, used_size=4933632 bytes (12.0%)
(RDMA_READ_CONSUME_CHECK_CONSUMER) timestamp=2968 ms, used_size=4931584 bytes (12.0%)
(RDMA_READ_CONSUME_CHECK_CONSUMER) timestamp=2968 ms, used_size=4929536 bytes (12.0%)
(RDMA_READ_CONSUME_CHECK_CONSUMER) timestamp=2968 ms, used_size=4927488 bytes (12.0%)
(RDMA_READ_CONSUME_CHECK_CONSUMER) timestamp=2968 ms, used_size=4925440 bytes (12.0%)
(RDMA_READ_CONSUME_CHECK_CONSUMER) timestamp=2968 ms, used_size=4923392 bytes (12.0%)
(RDMA_READ_CONSUME_CHECK_CONSUMER) timestamp=2968 ms, used_size=4921344 bytes (12.0%)
(RDMA_READ_CONSUME_CHECK_CONSUMER) timestamp=2968 ms, used_size=4919296 bytes (12.0%)
(RDMA_READ_CONSUME_CHECK_CONSUMER) timestamp=2968 ms, used_size=4917248 bytes (12.0%)
(RDMA_READ_CONSUME_CHECK_CONSUMER) timestamp=2968 ms, used_size=4915200 bytes (12.0%)
(RDMA_READ_CONSUME_CHECK_CONSUMER) timestamp=2968 ms, used_size=4913152 bytes (12.0%)
(RDMA_READ_CONSUME_CHECK_CONSUMER) timestamp=2968 ms, used_size=4911104 bytes (12.0%)
(RDMA_READ_CONSUME_CHECK_CONSUMER) timestamp=2968 ms, used_size=4909056 bytes (12.0%)
(RDMA_READ_CONSUME_CHECK_CONSUMER) timestamp=2968 ms, used_size=4907008 bytes (12.0%)
(RDMA_READ_CONSUME_CHECK_CONSUMER) timestamp=2968 ms, used_size=4904960 bytes (12.0%)
(RDMA_READ_CONSUME_CHECK_CONSUMER) timestamp=2968 ms, used_size=4902912 bytes (12.0%)
(RDMA_READ_CONSUME_CHECK_CONSUMER) timestamp=2968 ms, used_size=4900864 bytes (12.0%)
(RDMA_READ_CONSUME_CHECK_CONSUMER) timestamp=2968 ms, used_size=4898816 bytes (12.0%)
(RDMA_READ_CONSUME_CHECK_CONSUMER) timestamp=2968 ms, used_size=4896768 bytes (12.0%)
(RDMA_READ_CONSUME_CHECK_CONSUMER) timestamp=2968 ms, used_size=4894720 bytes (11.9%)
(RDMA_READ_CONSUME_CHECK_CONSUMER) timestamp=2968 ms, used_size=4892672 bytes (11.9%)
(RDMA_READ_CONSUME_CHECK_CONSUMER) timestamp=2968 ms, used_size=4890624 bytes (11.9%)
(RDMA_READ_CONSUME_CHECK_CONSUMER) timestamp=2968 ms, used_size=4888576 bytes (11.9%)
(RDMA_READ_CONSUME_CHECK_CONSUMER) timestamp=2968 ms, used_size=4886528 bytes (11.9%)
(RDMA_READ_CONSUME_CHECK_CONSUMER) timestamp=2968 ms, used_size=4884480 bytes (11.9%)
(RDMA_READ_CONSUME_CHECK_CONSUMER) timestamp=2968 ms, used_size=4882432 bytes (11.9%)
(RDMA_READ_CONSUME_CHECK_CONSUMER) timestamp=2968 ms, used_size=4880384 bytes (11.9%)
(RDMA_READ_CONSUME_CHECK_CONSUMER) timestamp=2968 ms, used_size=4878336 bytes (11.9%)
(RDMA_READ_CONSUME_CHECK_CONSUMER) timestamp=2968 ms, used_size=4876288 bytes (11.9%)
(RDMA_READ_CONSUME_CHECK_CONSUMER) timestamp=2968 ms, used_size=4874240 bytes (11.9%)
(RDMA_READ_CONSUME_CHECK_CONSUMER) timestamp=2968 ms, used_size=4872192 bytes (11.9%)
(RDMA_READ_CONSUME_CHECK_CONSUMER) timestamp=2968 ms, used_size=4870144 bytes (11.9%)
(RDMA_READ_CONSUME_CHECK_CONSUMER) timestamp=2968 ms, used_size=4868096 bytes (11.9%)
(RDMA_READ_CONSUME_CHECK_CONSUMER) timestamp=2968 ms, used_size=4866048 bytes (11.9%)
(RDMA_READ_CONSUME_CHECK_CONSUMER) timestamp=2968 ms, used_size=4864000 bytes (11.9%)
(RDMA_READ_CONSUME_CHECK_CONSUMER) timestamp=2968 ms, used_size=4861952 bytes (11.9%)
(RDMA_READ_CONSUME_CHECK_CONSUMER) timestamp=2968 ms, used_size=4859904 bytes (11.9%)
(RDMA_READ_CONSUME_CHECK_CONSUMER) timestamp=2968 ms, used_size=4857856 bytes (11.9%)
(RDMA_READ_CONSUME_CHECK_CONSUMER) timestamp=2968 ms, used_size=4855808 bytes (11.9%)
(RDMA_READ_CONSUME_CHECK_CONSUMER) timestamp=2968 ms, used_size=4853760 bytes (11.8%)
(RDMA_READ_CONSUME_CHECK_CONSUMER) timestamp=2968 ms, used_size=4851712 bytes (11.8%)
(RDMA_READ_CONSUME_CHECK_CONSUMER) timestamp=2968 ms, used_size=4849664 bytes (11.8%)
(RDMA_READ_CONSUME_CHECK_CONSUMER) timestamp=2968 ms, used_size=4847616 bytes (11.8%)
(RDMA_READ_CONSUME_CHECK_CONSUMER) timestamp=2968 ms, used_size=4845568 bytes (11.8%)
(RDMA_READ_CONSUME_CHECK_CONSUMER) timestamp=2968 ms, used_size=4843520 bytes (11.8%)
(RDMA_READ_CONSUME_CHECK_CONSUMER) timestamp=2968 ms, used_size=4841472 bytes (11.8%)
(RDMA_READ_CONSUME_CHECK_CONSUMER) timestamp=2968 ms, used_size=4839424 bytes (11.8%)
(RDMA_READ_CONSUME_CHECK_CONSUMER) timestamp=2968 ms, used_size=4837376 bytes (11.8%)
(RDMA_READ_CONSUME_CHECK_CONSUMER) timestamp=2968 ms, used_size=4835328 bytes (11.8%)
(RDMA_READ_CONSUME_CHECK_CONSUMER) timestamp=2968 ms, used_size=4833280 bytes (11.8%)
(RDMA_READ_CONSUME_CHECK_CONSUMER) timestamp=2968 ms, used_size=4831232 bytes (11.8%)
(RDMA_READ_CONSUME_CHECK_CONSUMER) timestamp=2968 ms, used_size=4829184 bytes (11.8%)
(RDMA_READ_CONSUME_CHECK_CONSUMER) timestamp=2968 ms, used_size=4827136 bytes (11.8%)
(RDMA_READ_CONSUME_CHECK_CONSUMER) timestamp=2968 ms, used_size=4825088 bytes (11.8%)
(RDMA_READ_CONSUME_CHECK_CONSUMER) timestamp=2968 ms, used_size=4823040 bytes (11.8%)
(RDMA_READ_CONSUME_CHECK_CONSUMER) timestamp=2968 ms, used_size=4820992 bytes (11.8%)
(RDMA_READ_CONSUME_CHECK_CONSUMER) timestamp=2968 ms, used_size=4818944 bytes (11.8%)
(RDMA_READ_CONSUME_CHECK_CONSUMER) timestamp=2968 ms, used_size=4816896 bytes (11.8%)
(RDMA_READ_CONSUME_CHECK_CONSUMER) timestamp=2968 ms, used_size=4814848 bytes (11.8%)
(RDMA_READ_CONSUME_CHECK_CONSUMER) timestamp=2968 ms, used_size=4812800 bytes (11.8%)
(RDMA_READ_CONSUME_CHECK_CONSUMER) timestamp=2968 ms, used_size=4810752 bytes (11.7%)
(RDMA_READ_CONSUME_CHECK_CONSUMER) timestamp=2968 ms, used_size=4808704 bytes (11.7%)
(RDMA_READ_CONSUME_CHECK_CONSUMER) timestamp=2968 ms, used_size=4806656 bytes (11.7%)
(RDMA_READ_CONSUME_CHECK_CONSUMER) timestamp=2968 ms, used_size=4804608 bytes (11.7%)
(RDMA_READ_CONSUME_CHECK_CONSUMER) timestamp=2968 ms, used_size=4802560 bytes (11.7%)
(RDMA_READ_CONSUME_CHECK_CONSUMER) timestamp=2968 ms, used_size=4800512 bytes (11.7%)
(RDMA_READ_CONSUME_CHECK_CONSUMER) timestamp=2968 ms, used_size=4798464 bytes (11.7%)
(RDMA_READ_CONSUME_CHECK_CONSUMER) timestamp=2968 ms, used_size=4796416 bytes (11.7%)
(RDMA_READ_CONSUME_CHECK_CONSUMER) timestamp=2968 ms, used_size=4794368 bytes (11.7%)
(RDMA_READ_CONSUME_CHECK_CONSUMER) timestamp=2968 ms, used_size=4792320 bytes (11.7%)
(RDMA_READ_CONSUME_CHECK_CONSUMER) timestamp=2968 ms, used_size=4790272 bytes (11.7%)
(RDMA_READ_CONSUME_CHECK_CONSUMER) timestamp=2968 ms, used_size=4788224 bytes (11.7%)
(RDMA_READ_CONSUME_CHECK_CONSUMER) timestamp=2968 ms, used_size=4786176 bytes (11.7%)
(RDMA_READ_CONSUME_CHECK_CONSUMER) timestamp=2968 ms, used_size=4784128 bytes (11.7%)
(RDMA_READ_CONSUME_CHECK_CONSUMER) timestamp=2968 ms, used_size=4782080 bytes (11.7%)
(RDMA_READ_CONSUME_CHECK_CONSUMER) timestamp=2968 ms, used_size=4780032 bytes (11.7%)
(RDMA_READ_CONSUME_CHECK_CONSUMER) timestamp=2968 ms, used_size=4777984 bytes (11.7%)
(RDMA_READ_CONSUME_CHECK_CONSUMER) timestamp=2968 ms, used_size=4775936 bytes (11.7%)
(RDMA_READ_CONSUME_CHECK_CONSUMER) timestamp=2968 ms, used_size=4773888 bytes (11.7%)
(RDMA_READ_CONSUME_CHECK_CONSUMER) timestamp=2968 ms, used_size=4771840 bytes (11.7%)
(RDMA_READ_CONSUME_CHECK_CONSUMER) timestamp=2968 ms, used_size=4769792 bytes (11.6%)
(RDMA_READ_CONSUME_CHECK_CONSUMER) timestamp=2968 ms, used_size=4767744 bytes (11.6%)
(RDMA_READ_CONSUME_CHECK_CONSUMER) timestamp=2968 ms, used_size=4765696 bytes (11.6%)
(RDMA_READ_CONSUME_CHECK_CONSUMER) timestamp=2968 ms, used_size=4763648 bytes (11.6%)
(RDMA_READ_CONSUME_CHECK_CONSUMER) timestamp=2968 ms, used_size=4761600 bytes (11.6%)
(RDMA_READ_CONSUME_CHECK_CONSUMER) timestamp=2968 ms, used_size=4759552 bytes (11.6%)
(RDMA_READ_CONSUME_CHECK_CONSUMER) timestamp=2968 ms, used_size=4757504 bytes (11.6%)
(RDMA_READ_CONSUME_CHECK_CONSUMER) timestamp=2968 ms, used_size=4755456 bytes (11.6%)
(RDMA_READ_CONSUME_CHECK_CONSUMER) timestamp=2968 ms, used_size=4753408 bytes (11.6%)
(RDMA_READ_CONSUME_CHECK_CONSUMER) timestamp=2968 ms, used_size=4751360 bytes (11.6%)
(RDMA_READ_CONSUME_CHECK_CONSUMER) timestamp=2968 ms, used_size=4749312 bytes (11.6%)
(RDMA_READ_CONSUME_CHECK_CONSUMER) timestamp=2968 ms, used_size=4747264 bytes (11.6%)
(RDMA_READ_CONSUME_CHECK_CONSUMER) timestamp=2968 ms, used_size=4745216 bytes (11.6%)
(RDMA_READ_CONSUME_CHECK_CONSUMER) timestamp=2968 ms, used_size=4743168 bytes (11.6%)
(RDMA_READ_CONSUME_CHECK_CONSUMER) timestamp=2968 ms, used_size=4741120 bytes (11.6%)
(RDMA_READ_CONSUME_CHECK_CONSUMER) timestamp=2968 ms, used_size=4739072 bytes (11.6%)
(RDMA_READ_CONSUME_CHECK_CONSUMER) timestamp=2968 ms, used_size=4737024 bytes (11.6%)
(RDMA_READ_CONSUME_CHECK_CONSUMER) timestamp=2968 ms, used_size=4734976 bytes (11.6%)
(RDMA_READ_CONSUME_CHECK_CONSUMER) timestamp=2968 ms, used_size=4732928 bytes (11.6%)
(RDMA_READ_CONSUME_CHECK_CONSUMER) timestamp=2968 ms, used_size=4730880 bytes (11.6%)
(RDMA_READ_CONSUME_CHECK_CONSUMER) timestamp=2968 ms, used_size=4728832 bytes (11.5%)
(RDMA_READ_CONSUME_CHECK_CONSUMER) timestamp=2968 ms, used_size=4726784 bytes (11.5%)
(RDMA_READ_CONSUME_CHECK_CONSUMER) timestamp=2968 ms, used_size=4724736 bytes (11.5%)
(RDMA_READ_CONSUME_CHECK_CONSUMER) timestamp=2968 ms, used_size=4722688 bytes (11.5%)
(RDMA_READ_CONSUME_CHECK_CONSUMER) timestamp=2968 ms, used_size=4720640 bytes (11.5%)
(RDMA_READ_CONSUME_CHECK_CONSUMER) timestamp=2968 ms, used_size=4718592 bytes (11.5%)
(RDMA_READ_CONSUME_CHECK_CONSUMER) timestamp=2968 ms, used_size=4716544 bytes (11.5%)
(RDMA_READ_CONSUME_CHECK_CONSUMER) timestamp=2968 ms, used_size=4714496 bytes (11.5%)
(RDMA_READ_CONSUME_CHECK_CONSUMER) timestamp=2968 ms, used_size=4712448 bytes (11.5%)
(RDMA_READ_CONSUME_CHECK_CONSUMER) timestamp=2968 ms, used_size=4710400 bytes (11.5%)
(RDMA_READ_CONSUME_CHECK_CONSUMER) timestamp=2968 ms, used_size=4708352 bytes (11.5%)
(RDMA_READ_CONSUME_CHECK_CONSUMER) timestamp=2968 ms, used_size=4706304 bytes (11.5%)
(RDMA_READ_CONSUME_CHECK_CONSUMER) timestamp=2968 ms, used_size=4704256 bytes (11.5%)
(RDMA_READ_CONSUME_CHECK_CONSUMER) timestamp=2968 ms, used_size=4702208 bytes (11.5%)
(RDMA_READ_CONSUME_CHECK_CONSUMER) timestamp=2968 ms, used_size=4700160 bytes (11.5%)
(RDMA_READ_CONSUME_CHECK_CONSUMER) timestamp=2968 ms, used_size=4698112 bytes (11.5%)
(RDMA_READ_CONSUME_CHECK_CONSUMER) timestamp=2968 ms, used_size=4696064 bytes (11.5%)
(RDMA_READ_CONSUME_CHECK_CONSUMER) timestamp=2968 ms, used_size=4694016 bytes (11.5%)
(RDMA_READ_CONSUME_CHECK_CONSUMER) timestamp=2968 ms, used_size=4691968 bytes (11.5%)
(RDMA_READ_CONSUME_CHECK_CONSUMER) timestamp=2968 ms, used_size=4689920 bytes (11.4%)
(RDMA_READ_CONSUME_CHECK_CONSUMER) timestamp=2968 ms, used_size=4687872 bytes (11.4%)
(RDMA_READ_CONSUME_CHECK_CONSUMER) timestamp=2968 ms, used_size=4685824 bytes (11.4%)
(RDMA_READ_CONSUME_CHECK_CONSUMER) timestamp=2968 ms, used_size=4683776 bytes (11.4%)
(RDMA_READ_CONSUME_CHECK_CONSUMER) timestamp=2968 ms, used_size=4681728 bytes (11.4%)
(RDMA_READ_CONSUME_CHECK_CONSUMER) timestamp=2968 ms, used_size=4679680 bytes (11.4%)
(RDMA_READ_CONSUME_CHECK_CONSUMER) timestamp=2968 ms, used_size=4677632 bytes (11.4%)
(RDMA_READ_CONSUME_CHECK_CONSUMER) timestamp=2968 ms, used_size=4675584 bytes (11.4%)
(RDMA_READ_CONSUME_CHECK_CONSUMER) timestamp=2968 ms, used_size=4673536 bytes (11.4%)
(RDMA_READ_CONSUME_CHECK_CONSUMER) timestamp=2968 ms, used_size=4671488 bytes (11.4%)
(RDMA_READ_CONSUME_CHECK_CONSUMER) timestamp=2968 ms, used_size=4669440 bytes (11.4%)
(RDMA_READ_CONSUME_CHECK_CONSUMER) timestamp=2968 ms, used_size=4667392 bytes (11.4%)
(RDMA_READ_CONSUME_CHECK_CONSUMER) timestamp=2968 ms, used_size=4665344 bytes (11.4%)
(RDMA_READ_CONSUME_CHECK_CONSUMER) timestamp=2968 ms, used_size=4663296 bytes (11.4%)
(RDMA_READ_CONSUME_CHECK_CONSUMER) timestamp=2968 ms, used_size=4661248 bytes (11.4%)
(RDMA_READ_CONSUME_CHECK_CONSUMER) timestamp=2968 ms, used_size=4659200 bytes (11.4%)
(RDMA_READ_CONSUME_CHECK_CONSUMER) timestamp=2968 ms, used_size=4657152 bytes (11.4%)
(RDMA_READ_CONSUME_CHECK_CONSUMER) timestamp=2968 ms, used_size=4655104 bytes (11.4%)
(RDMA_READ_CONSUME_CHECK_CONSUMER) timestamp=2968 ms, used_size=4653056 bytes (11.4%)
(RDMA_READ_CONSUME_CHECK_CONSUMER) timestamp=2968 ms, used_size=4651008 bytes (11.4%)
(RDMA_READ_CONSUME_CHECK_CONSUMER) timestamp=2968 ms, used_size=4648960 bytes (11.3%)
(RDMA_READ_CONSUME_CHECK_CONSUMER) timestamp=2968 ms, used_size=4646912 bytes (11.3%)
(RDMA_READ_CONSUME_CHECK_CONSUMER) timestamp=2968 ms, used_size=4644864 bytes (11.3%)
(RDMA_READ_CONSUME_CHECK_CONSUMER) timestamp=2968 ms, used_size=4642816 bytes (11.3%)
(RDMA_READ_CONSUME_CHECK_CONSUMER) timestamp=2968 ms, used_size=4640768 bytes (11.3%)
(RDMA_READ_CONSUME_CHECK_CONSUMER) timestamp=2968 ms, used_size=4638720 bytes (11.3%)
(RDMA_READ_CONSUME_CHECK_CONSUMER) timestamp=2968 ms, used_size=4636672 bytes (11.3%)
(RDMA_READ_CONSUME_CHECK_CONSUMER) timestamp=2968 ms, used_size=4634624 bytes (11.3%)
(RDMA_READ_CONSUME_CHECK_CONSUMER) timestamp=2968 ms, used_size=4632576 bytes (11.3%)
(RDMA_READ_CONSUME_CHECK_CONSUMER) timestamp=2968 ms, used_size=4630528 bytes (11.3%)
(RDMA_READ_CONSUME_CHECK_CONSUMER) timestamp=2968 ms, used_size=4628480 bytes (11.3%)
(RDMA_READ_CONSUME_CHECK_CONSUMER) timestamp=2969 ms, used_size=4626432 bytes (11.3%)
(RDMA_READ_CONSUME_CHECK_CONSUMER) timestamp=2969 ms, used_size=4624384 bytes (11.3%)
(RDMA_READ_CONSUME_CHECK_CONSUMER) timestamp=2969 ms, used_size=4622336 bytes (11.3%)
(RDMA_READ_CONSUME_CHECK_CONSUMER) timestamp=2969 ms, used_size=4620288 bytes (11.3%)
(RDMA_READ_CONSUME_CHECK_CONSUMER) timestamp=2969 ms, used_size=4618240 bytes (11.3%)
(RDMA_READ_CONSUME_CHECK_CONSUMER) timestamp=2969 ms, used_size=4616192 bytes (11.3%)
(RDMA_READ_CONSUME_CHECK_CONSUMER) timestamp=2969 ms, used_size=4614144 bytes (11.3%)
(RDMA_READ_CONSUME_CHECK_CONSUMER) timestamp=2969 ms, used_size=4612096 bytes (11.3%)
(RDMA_READ_CONSUME_CHECK_CONSUMER) timestamp=2969 ms, used_size=4610048 bytes (11.3%)
(RDMA_READ_CONSUME_CHECK_CONSUMER) timestamp=2969 ms, used_size=4608000 bytes (11.2%)
(RDMA_READ_CONSUME_CHECK_CONSUMER) timestamp=2969 ms, used_size=4605952 bytes (11.2%)
(RDMA_READ_CONSUME_CHECK_CONSUMER) timestamp=2969 ms, used_size=4603904 bytes (11.2%)
(RDMA_READ_CONSUME_CHECK_CONSUMER) timestamp=2969 ms, used_size=4601856 bytes (11.2%)
(RDMA_READ_CONSUME_CHECK_CONSUMER) timestamp=2969 ms, used_size=4599808 bytes (11.2%)
(RDMA_READ_CONSUME_CHECK_CONSUMER) timestamp=2969 ms, used_size=4597760 bytes (11.2%)
(RDMA_READ_CONSUME_CHECK_CONSUMER) timestamp=2969 ms, used_size=4595712 bytes (11.2%)
(RDMA_READ_CONSUME_CHECK_CONSUMER) timestamp=2969 ms, used_size=4593664 bytes (11.2%)
(RDMA_READ_CONSUME_CHECK_CONSUMER) timestamp=2969 ms, used_size=4591616 bytes (11.2%)
(RDMA_READ_CONSUME_CHECK_CONSUMER) timestamp=2969 ms, used_size=4589568 bytes (11.2%)
(RDMA_READ_CONSUME_CHECK_CONSUMER) timestamp=2969 ms, used_size=4587520 bytes (11.2%)
(RDMA_READ_CONSUME_CHECK_CONSUMER) timestamp=2969 ms, used_size=4585472 bytes (11.2%)
(RDMA_READ_CONSUME_CHECK_CONSUMER) timestamp=2969 ms, used_size=4583424 bytes (11.2%)
(RDMA_READ_CONSUME_CHECK_CONSUMER) timestamp=2969 ms, used_size=4581376 bytes (11.2%)
(RDMA_READ_CONSUME_CHECK_CONSUMER) timestamp=2969 ms, used_size=4579328 bytes (11.2%)
(RDMA_READ_CONSUME_CHECK_CONSUMER) timestamp=2969 ms, used_size=4577280 bytes (11.2%)
(RDMA_READ_CONSUME_CHECK_CONSUMER) timestamp=2969 ms, used_size=4575232 bytes (11.2%)
(RDMA_READ_CONSUME_CHECK_CONSUMER) timestamp=2969 ms, used_size=4573184 bytes (11.2%)
(RDMA_READ_CONSUME_CHECK_CONSUMER) timestamp=2969 ms, used_size=4571136 bytes (11.2%)
(RDMA_READ_CONSUME_CHECK_CONSUMER) timestamp=2969 ms, used_size=4569088 bytes (11.2%)
(RDMA_READ_CONSUME_CHECK_CONSUMER) timestamp=2969 ms, used_size=4567040 bytes (11.2%)
(RDMA_READ_CONSUME_CHECK_CONSUMER) timestamp=2969 ms, used_size=4564992 bytes (11.1%)
(RDMA_READ_CONSUME_CHECK_CONSUMER) timestamp=2969 ms, used_size=4562944 bytes (11.1%)
(RDMA_READ_CONSUME_CHECK_CONSUMER) timestamp=2969 ms, used_size=4560896 bytes (11.1%)
(RDMA_READ_CONSUME_CHECK_CONSUMER) timestamp=2969 ms, used_size=4558848 bytes (11.1%)
(RDMA_READ_CONSUME_CHECK_CONSUMER) timestamp=2969 ms, used_size=4556800 bytes (11.1%)
(RDMA_READ_CONSUME_CHECK_CONSUMER) timestamp=2969 ms, used_size=4554752 bytes (11.1%)
(RDMA_READ_CONSUME_CHECK_CONSUMER) timestamp=2969 ms, used_size=4552704 bytes (11.1%)
(RDMA_READ_CONSUME_CHECK_CONSUMER) timestamp=2969 ms, used_size=4550656 bytes (11.1%)
(RDMA_READ_CONSUME_CHECK_CONSUMER) timestamp=2969 ms, used_size=4548608 bytes (11.1%)
(RDMA_READ_CONSUME_CHECK_CONSUMER) timestamp=2969 ms, used_size=4546560 bytes (11.1%)
(RDMA_READ_CONSUME_CHECK_CONSUMER) timestamp=2969 ms, used_size=4544512 bytes (11.1%)
(RDMA_READ_CONSUME_CHECK_CONSUMER) timestamp=2969 ms, used_size=4542464 bytes (11.1%)
(RDMA_READ_CONSUME_CHECK_CONSUMER) timestamp=2969 ms, used_size=4540416 bytes (11.1%)
(RDMA_READ_CONSUME_CHECK_CONSUMER) timestamp=2969 ms, used_size=4538368 bytes (11.1%)
(RDMA_READ_CONSUME_CHECK_CONSUMER) timestamp=2969 ms, used_size=4536320 bytes (11.1%)
(RDMA_READ_CONSUME_CHECK_CONSUMER) timestamp=2969 ms, used_size=4534272 bytes (11.1%)
(RDMA_READ_CONSUME_CHECK_CONSUMER) timestamp=2969 ms, used_size=4532224 bytes (11.1%)
(RDMA_READ_CONSUME_CHECK_CONSUMER) timestamp=2969 ms, used_size=4530176 bytes (11.1%)
(RDMA_READ_CONSUME_CHECK_CONSUMER) timestamp=2969 ms, used_size=4528128 bytes (11.1%)
(RDMA_READ_CONSUME_CHECK_CONSUMER) timestamp=2969 ms, used_size=4526080 bytes (11.1%)
(RDMA_READ_CONSUME_CHECK_CONSUMER) timestamp=2969 ms, used_size=4524032 bytes (11.0%)
(RDMA_READ_CONSUME_CHECK_CONSUMER) timestamp=2969 ms, used_size=4521984 bytes (11.0%)
(RDMA_READ_CONSUME_CHECK_CONSUMER) timestamp=2969 ms, used_size=4519936 bytes (11.0%)
(RDMA_READ_CONSUME_CHECK_CONSUMER) timestamp=2969 ms, used_size=4517888 bytes (11.0%)
(RDMA_READ_CONSUME_CHECK_CONSUMER) timestamp=2969 ms, used_size=4515840 bytes (11.0%)
(RDMA_READ_CONSUME_CHECK_CONSUMER) timestamp=2969 ms, used_size=4513792 bytes (11.0%)
(RDMA_READ_CONSUME_CHECK_CONSUMER) timestamp=2969 ms, used_size=4511744 bytes (11.0%)
(RDMA_READ_CONSUME_CHECK_CONSUMER) timestamp=2969 ms, used_size=4509696 bytes (11.0%)
(RDMA_READ_CONSUME_CHECK_CONSUMER) timestamp=2969 ms, used_size=4507648 bytes (11.0%)
(RDMA_READ_CONSUME_CHECK_CONSUMER) timestamp=2969 ms, used_size=4505600 bytes (11.0%)
(RDMA_READ_CONSUME_CHECK_CONSUMER) timestamp=2969 ms, used_size=4503552 bytes (11.0%)
(RDMA_READ_CONSUME_CHECK_CONSUMER) timestamp=2969 ms, used_size=4501504 bytes (11.0%)
(RDMA_READ_CONSUME_CHECK_CONSUMER) timestamp=2969 ms, used_size=4499456 bytes (11.0%)
(RDMA_READ_CONSUME_CHECK_CONSUMER) timestamp=2969 ms, used_size=4497408 bytes (11.0%)
(RDMA_READ_CONSUME_CHECK_CONSUMER) timestamp=2969 ms, used_size=4495360 bytes (11.0%)
(RDMA_READ_CONSUME_CHECK_CONSUMER) timestamp=2969 ms, used_size=4493312 bytes (11.0%)
(RDMA_READ_CONSUME_CHECK_CONSUMER) timestamp=2969 ms, used_size=4491264 bytes (11.0%)
(RDMA_READ_CONSUME_CHECK_CONSUMER) timestamp=2969 ms, used_size=4489216 bytes (11.0%)
(RDMA_READ_CONSUME_CHECK_CONSUMER) timestamp=2969 ms, used_size=4487168 bytes (11.0%)
(RDMA_READ_CONSUME_CHECK_CONSUMER) timestamp=2969 ms, used_size=4485120 bytes (10.9%)
(RDMA_READ_CONSUME_CHECK_CONSUMER) timestamp=2969 ms, used_size=4483072 bytes (10.9%)
(RDMA_READ_CONSUME_CHECK_CONSUMER) timestamp=2969 ms, used_size=4481024 bytes (10.9%)
(RDMA_READ_CONSUME_CHECK_CONSUMER) timestamp=2969 ms, used_size=4478976 bytes (10.9%)
(RDMA_READ_CONSUME_CHECK_CONSUMER) timestamp=2969 ms, used_size=4476928 bytes (10.9%)
(RDMA_READ_CONSUME_CHECK_CONSUMER) timestamp=2969 ms, used_size=4474880 bytes (10.9%)
(RDMA_READ_CONSUME_CHECK_CONSUMER) timestamp=2969 ms, used_size=4472832 bytes (10.9%)
(RDMA_READ_CONSUME_CHECK_CONSUMER) timestamp=2969 ms, used_size=4470784 bytes (10.9%)
(RDMA_READ_CONSUME_CHECK_CONSUMER) timestamp=2969 ms, used_size=4468736 bytes (10.9%)
(RDMA_READ_CONSUME_CHECK_CONSUMER) timestamp=2969 ms, used_size=4466688 bytes (10.9%)
(RDMA_READ_CONSUME_CHECK_CONSUMER) timestamp=2969 ms, used_size=4464640 bytes (10.9%)
(RDMA_READ_CONSUME_CHECK_CONSUMER) timestamp=2969 ms, used_size=4462592 bytes (10.9%)
(RDMA_READ_CONSUME_CHECK_CONSUMER) timestamp=2969 ms, used_size=4460544 bytes (10.9%)
(RDMA_READ_CONSUME_CHECK_CONSUMER) timestamp=2969 ms, used_size=4458496 bytes (10.9%)
(RDMA_READ_CONSUME_CHECK_CONSUMER) timestamp=2969 ms, used_size=4456448 bytes (10.9%)
(RDMA_READ_CONSUME_CHECK_CONSUMER) timestamp=2969 ms, used_size=4454400 bytes (10.9%)
(RDMA_READ_CONSUME_CHECK_CONSUMER) timestamp=2969 ms, used_size=4452352 bytes (10.9%)
(RDMA_READ_CONSUME_CHECK_CONSUMER) timestamp=2969 ms, used_size=4450304 bytes (10.9%)
(RDMA_READ_CONSUME_CHECK_CONSUMER) timestamp=2969 ms, used_size=4448256 bytes (10.9%)
(RDMA_READ_CONSUME_CHECK_CONSUMER) timestamp=2969 ms, used_size=4446208 bytes (10.9%)
(RDMA_READ_CONSUME_CHECK_CONSUMER) timestamp=2969 ms, used_size=4444160 bytes (10.8%)
(RDMA_READ_CONSUME_CHECK_CONSUMER) timestamp=2969 ms, used_size=4442112 bytes (10.8%)
(RDMA_READ_CONSUME_CHECK_CONSUMER) timestamp=2969 ms, used_size=4440064 bytes (10.8%)
(RDMA_READ_CONSUME_CHECK_CONSUMER) timestamp=2969 ms, used_size=4438016 bytes (10.8%)
(RDMA_READ_CONSUME_CHECK_CONSUMER) timestamp=2969 ms, used_size=4435968 bytes (10.8%)
(RDMA_READ_CONSUME_CHECK_CONSUMER) timestamp=2969 ms, used_size=4433920 bytes (10.8%)
(RDMA_READ_CONSUME_CHECK_CONSUMER) timestamp=2969 ms, used_size=4431872 bytes (10.8%)
(RDMA_READ_CONSUME_CHECK_CONSUMER) timestamp=2969 ms, used_size=4429824 bytes (10.8%)
(RDMA_READ_CONSUME_CHECK_CONSUMER) timestamp=2969 ms, used_size=4427776 bytes (10.8%)
(RDMA_READ_CONSUME_CHECK_CONSUMER) timestamp=2969 ms, used_size=4425728 bytes (10.8%)
(RDMA_READ_CONSUME_CHECK_CONSUMER) timestamp=2969 ms, used_size=4423680 bytes (10.8%)
(RDMA_READ_CONSUME_CHECK_CONSUMER) timestamp=2969 ms, used_size=4421632 bytes (10.8%)
(RDMA_READ_CONSUME_CHECK_CONSUMER) timestamp=2969 ms, used_size=4419584 bytes (10.8%)
(RDMA_READ_CONSUME_CHECK_CONSUMER) timestamp=2969 ms, used_size=4417536 bytes (10.8%)
(RDMA_READ_CONSUME_CHECK_CONSUMER) timestamp=2969 ms, used_size=4415488 bytes (10.8%)
(RDMA_READ_CONSUME_CHECK_CONSUMER) timestamp=2969 ms, used_size=4413440 bytes (10.8%)
(RDMA_READ_CONSUME_CHECK_CONSUMER) timestamp=2969 ms, used_size=4411392 bytes (10.8%)
(RDMA_READ_CONSUME_CHECK_CONSUMER) timestamp=2969 ms, used_size=4409344 bytes (10.8%)
(RDMA_READ_CONSUME_CHECK_CONSUMER) timestamp=2969 ms, used_size=4407296 bytes (10.8%)
(RDMA_READ_CONSUME_CHECK_CONSUMER) timestamp=2969 ms, used_size=4405248 bytes (10.8%)
(RDMA_READ_CONSUME_CHECK_CONSUMER) timestamp=2969 ms, used_size=4403200 bytes (10.8%)
(RDMA_READ_CONSUME_CHECK_CONSUMER) timestamp=2969 ms, used_size=4401152 bytes (10.7%)
(RDMA_READ_CONSUME_CHECK_CONSUMER) timestamp=2969 ms, used_size=4399104 bytes (10.7%)
(RDMA_READ_CONSUME_CHECK_CONSUMER) timestamp=2969 ms, used_size=4397056 bytes (10.7%)
(RDMA_READ_CONSUME_CHECK_CONSUMER) timestamp=2969 ms, used_size=4395008 bytes (10.7%)
(RDMA_READ_CONSUME_CHECK_CONSUMER) timestamp=2969 ms, used_size=4392960 bytes (10.7%)
(RDMA_READ_CONSUME_CHECK_CONSUMER) timestamp=2969 ms, used_size=4390912 bytes (10.7%)
(RDMA_READ_CONSUME_CHECK_CONSUMER) timestamp=2969 ms, used_size=4388864 bytes (10.7%)
(RDMA_READ_CONSUME_CHECK_CONSUMER) timestamp=2969 ms, used_size=4386816 bytes (10.7%)
(RDMA_READ_CONSUME_CHECK_CONSUMER) timestamp=2969 ms, used_size=4384768 bytes (10.7%)
(RDMA_READ_CONSUME_CHECK_CONSUMER) timestamp=2969 ms, used_size=4382720 bytes (10.7%)
(RDMA_READ_CONSUME_CHECK_CONSUMER) timestamp=2969 ms, used_size=4380672 bytes (10.7%)
(RDMA_READ_CONSUME_CHECK_CONSUMER) timestamp=2969 ms, used_size=4378624 bytes (10.7%)
(RDMA_READ_CONSUME_CHECK_CONSUMER) timestamp=2969 ms, used_size=4376576 bytes (10.7%)
(RDMA_READ_CONSUME_CHECK_CONSUMER) timestamp=2969 ms, used_size=4374528 bytes (10.7%)
(RDMA_READ_CONSUME_CHECK_CONSUMER) timestamp=2969 ms, used_size=4372480 bytes (10.7%)
(RDMA_READ_CONSUME_CHECK_CONSUMER) timestamp=2969 ms, used_size=4370432 bytes (10.7%)
(RDMA_READ_CONSUME_CHECK_CONSUMER) timestamp=2969 ms, used_size=4368384 bytes (10.7%)
(RDMA_READ_CONSUME_CHECK_CONSUMER) timestamp=2969 ms, used_size=4366336 bytes (10.7%)
(RDMA_READ_CONSUME_CHECK_CONSUMER) timestamp=2969 ms, used_size=4364288 bytes (10.7%)
(RDMA_READ_CONSUME_CHECK_CONSUMER) timestamp=2969 ms, used_size=4362240 bytes (10.7%)
(RDMA_READ_CONSUME_CHECK_CONSUMER) timestamp=2969 ms, used_size=4360192 bytes (10.6%)
(RDMA_READ_CONSUME_CHECK_CONSUMER) timestamp=2969 ms, used_size=4358144 bytes (10.6%)
(RDMA_READ_CONSUME_CHECK_CONSUMER) timestamp=2969 ms, used_size=4356096 bytes (10.6%)
(RDMA_READ_CONSUME_CHECK_CONSUMER) timestamp=2969 ms, used_size=4354048 bytes (10.6%)
(RDMA_READ_CONSUME_CHECK_CONSUMER) timestamp=2969 ms, used_size=4352000 bytes (10.6%)
(RDMA_READ_CONSUME_CHECK_CONSUMER) timestamp=2969 ms, used_size=4349952 bytes (10.6%)
(RDMA_READ_CONSUME_CHECK_CONSUMER) timestamp=2969 ms, used_size=4347904 bytes (10.6%)
(RDMA_READ_CONSUME_CHECK_CONSUMER) timestamp=2969 ms, used_size=4345856 bytes (10.6%)
(RDMA_READ_CONSUME_CHECK_CONSUMER) timestamp=2969 ms, used_size=4343808 bytes (10.6%)
(RDMA_READ_CONSUME_CHECK_CONSUMER) timestamp=2969 ms, used_size=4341760 bytes (10.6%)
(RDMA_READ_CONSUME_CHECK_CONSUMER) timestamp=2969 ms, used_size=4339712 bytes (10.6%)
(RDMA_READ_CONSUME_CHECK_CONSUMER) timestamp=2969 ms, used_size=4337664 bytes (10.6%)
(RDMA_READ_CONSUME_CHECK_CONSUMER) timestamp=2969 ms, used_size=4335616 bytes (10.6%)
(RDMA_READ_CONSUME_CHECK_CONSUMER) timestamp=2969 ms, used_size=4333568 bytes (10.6%)
(RDMA_READ_CONSUME_CHECK_CONSUMER) timestamp=2969 ms, used_size=4331520 bytes (10.6%)
(RDMA_READ_CONSUME_CHECK_CONSUMER) timestamp=2969 ms, used_size=4329472 bytes (10.6%)
(RDMA_READ_CONSUME_CHECK_CONSUMER) timestamp=2969 ms, used_size=4327424 bytes (10.6%)
(RDMA_READ_CONSUME_CHECK_CONSUMER) timestamp=2969 ms, used_size=4325376 bytes (10.6%)
(RDMA_READ_CONSUME_CHECK_CONSUMER) timestamp=2969 ms, used_size=4323328 bytes (10.6%)
(RDMA_READ_CONSUME_CHECK_CONSUMER) timestamp=2969 ms, used_size=4321280 bytes (10.6%)
(RDMA_READ_CONSUME_CHECK_CONSUMER) timestamp=2969 ms, used_size=4319232 bytes (10.5%)
(RDMA_READ_CONSUME_CHECK_CONSUMER) timestamp=2969 ms, used_size=4317184 bytes (10.5%)
(RDMA_READ_CONSUME_CHECK_CONSUMER) timestamp=2969 ms, used_size=4315136 bytes (10.5%)
(RDMA_READ_CONSUME_CHECK_CONSUMER) timestamp=2969 ms, used_size=4313088 bytes (10.5%)
(RDMA_READ_CONSUME_CHECK_CONSUMER) timestamp=2969 ms, used_size=4311040 bytes (10.5%)
(RDMA_READ_CONSUME_CHECK_CONSUMER) timestamp=2969 ms, used_size=4308992 bytes (10.5%)
(RDMA_READ_CONSUME_CHECK_CONSUMER) timestamp=2969 ms, used_size=4306944 bytes (10.5%)
(RDMA_READ_CONSUME_CHECK_CONSUMER) timestamp=2969 ms, used_size=4304896 bytes (10.5%)
(RDMA_READ_CONSUME_CHECK_CONSUMER) timestamp=2969 ms, used_size=4302848 bytes (10.5%)
(RDMA_READ_CONSUME_CHECK_CONSUMER) timestamp=2969 ms, used_size=4300800 bytes (10.5%)
(RDMA_READ_CONSUME_CHECK_CONSUMER) timestamp=2969 ms, used_size=4298752 bytes (10.5%)
(RDMA_READ_CONSUME_CHECK_CONSUMER) timestamp=2969 ms, used_size=4296704 bytes (10.5%)
(RDMA_READ_CONSUME_CHECK_CONSUMER) timestamp=2969 ms, used_size=4294656 bytes (10.5%)
(RDMA_READ_CONSUME_CHECK_CONSUMER) timestamp=2969 ms, used_size=4292608 bytes (10.5%)
(RDMA_READ_CONSUME_CHECK_CONSUMER) timestamp=2969 ms, used_size=4290560 bytes (10.5%)
(RDMA_READ_CONSUME_CHECK_CONSUMER) timestamp=2969 ms, used_size=4288512 bytes (10.5%)
(RDMA_READ_CONSUME_CHECK_CONSUMER) timestamp=2969 ms, used_size=4286464 bytes (10.5%)
(RDMA_READ_CONSUME_CHECK_CONSUMER) timestamp=2969 ms, used_size=4284416 bytes (10.5%)
(RDMA_READ_CONSUME_CHECK_CONSUMER) timestamp=2969 ms, used_size=4282368 bytes (10.5%)
(RDMA_READ_CONSUME_CHECK_CONSUMER) timestamp=2969 ms, used_size=4280320 bytes (10.4%)
(RDMA_READ_CONSUME_CHECK_CONSUMER) timestamp=2969 ms, used_size=4278272 bytes (10.4%)
(RDMA_READ_CONSUME_CHECK_CONSUMER) timestamp=2969 ms, used_size=4276224 bytes (10.4%)
(RDMA_READ_CONSUME_CHECK_CONSUMER) timestamp=2969 ms, used_size=4274176 bytes (10.4%)
(RDMA_READ_CONSUME_CHECK_CONSUMER) timestamp=2969 ms, used_size=4272128 bytes (10.4%)
(RDMA_READ_CONSUME_CHECK_CONSUMER) timestamp=2969 ms, used_size=4270080 bytes (10.4%)
(RDMA_READ_CONSUME_CHECK_CONSUMER) timestamp=2969 ms, used_size=4268032 bytes (10.4%)
(RDMA_READ_CONSUME_CHECK_CONSUMER) timestamp=2970 ms, used_size=4265984 bytes (10.4%)
(RDMA_READ_CONSUME_CHECK_CONSUMER) timestamp=2970 ms, used_size=4263936 bytes (10.4%)
(RDMA_READ_CONSUME_CHECK_CONSUMER) timestamp=2970 ms, used_size=4261888 bytes (10.4%)
(RDMA_READ_CONSUME_CHECK_CONSUMER) timestamp=2970 ms, used_size=4259840 bytes (10.4%)
(RDMA_READ_CONSUME_CHECK_CONSUMER) timestamp=2970 ms, used_size=4257792 bytes (10.4%)
(RDMA_READ_CONSUME_CHECK_CONSUMER) timestamp=2970 ms, used_size=4255744 bytes (10.4%)
(RDMA_READ_CONSUME_CHECK_CONSUMER) timestamp=2970 ms, used_size=4253696 bytes (10.4%)
(RDMA_READ_CONSUME_CHECK_CONSUMER) timestamp=2970 ms, used_size=4251648 bytes (10.4%)
(RDMA_READ_CONSUME_CHECK_CONSUMER) timestamp=2970 ms, used_size=4249600 bytes (10.4%)
(RDMA_READ_CONSUME_CHECK_CONSUMER) timestamp=2970 ms, used_size=4247552 bytes (10.4%)
(RDMA_READ_CONSUME_CHECK_CONSUMER) timestamp=2970 ms, used_size=4245504 bytes (10.4%)
(RDMA_READ_CONSUME_CHECK_CONSUMER) timestamp=2970 ms, used_size=4243456 bytes (10.4%)
(RDMA_READ_CONSUME_CHECK_CONSUMER) timestamp=2970 ms, used_size=4241408 bytes (10.4%)
(RDMA_READ_CONSUME_CHECK_CONSUMER) timestamp=2970 ms, used_size=4239360 bytes (10.3%)
(RDMA_READ_CONSUME_CHECK_CONSUMER) timestamp=2970 ms, used_size=4237312 bytes (10.3%)
(RDMA_READ_CONSUME_CHECK_CONSUMER) timestamp=2970 ms, used_size=4235264 bytes (10.3%)
(RDMA_READ_CONSUME_CHECK_CONSUMER) timestamp=2970 ms, used_size=4233216 bytes (10.3%)
(RDMA_READ_CONSUME_CHECK_CONSUMER) timestamp=2970 ms, used_size=4231168 bytes (10.3%)
(RDMA_READ_CONSUME_CHECK_CONSUMER) timestamp=2970 ms, used_size=4229120 bytes (10.3%)
(RDMA_READ_CONSUME_CHECK_CONSUMER) timestamp=2970 ms, used_size=4227072 bytes (10.3%)
(RDMA_READ_CONSUME_CHECK_CONSUMER) timestamp=2970 ms, used_size=4225024 bytes (10.3%)
(RDMA_READ_CONSUME_CHECK_CONSUMER) timestamp=2970 ms, used_size=4222976 bytes (10.3%)
(RDMA_READ_CONSUME_CHECK_CONSUMER) timestamp=2970 ms, used_size=4220928 bytes (10.3%)
(RDMA_READ_CONSUME_CHECK_CONSUMER) timestamp=2970 ms, used_size=4218880 bytes (10.3%)
(RDMA_READ_CONSUME_CHECK_CONSUMER) timestamp=2970 ms, used_size=4216832 bytes (10.3%)
(RDMA_READ_CONSUME_CHECK_CONSUMER) timestamp=2970 ms, used_size=4214784 bytes (10.3%)
(RDMA_READ_CONSUME_CHECK_CONSUMER) timestamp=2970 ms, used_size=4212736 bytes (10.3%)
(RDMA_READ_CONSUME_CHECK_CONSUMER) timestamp=2970 ms, used_size=4210688 bytes (10.3%)
(RDMA_READ_CONSUME_CHECK_CONSUMER) timestamp=2970 ms, used_size=4208640 bytes (10.3%)
(RDMA_READ_CONSUME_CHECK_CONSUMER) timestamp=2970 ms, used_size=4206592 bytes (10.3%)
(RDMA_READ_CONSUME_CHECK_CONSUMER) timestamp=2970 ms, used_size=4204544 bytes (10.3%)
(RDMA_READ_CONSUME_CHECK_CONSUMER) timestamp=2970 ms, used_size=4202496 bytes (10.3%)
(RDMA_READ_CONSUME_CHECK_CONSUMER) timestamp=2970 ms, used_size=4200448 bytes (10.3%)
(RDMA_READ_CONSUME_CHECK_CONSUMER) timestamp=2970 ms, used_size=4198400 bytes (10.2%)
(RDMA_READ_CONSUME_CHECK_CONSUMER) timestamp=2970 ms, used_size=4196352 bytes (10.2%)
(RDMA_READ_CONSUME_CHECK_CONSUMER) timestamp=2970 ms, used_size=4194304 bytes (10.2%)
(RDMA_READ_CONSUME_CHECK_CONSUMER) timestamp=2970 ms, used_size=4192256 bytes (10.2%)
(RDMA_READ_CONSUME_CHECK_CONSUMER) timestamp=2970 ms, used_size=4190208 bytes (10.2%)
(RDMA_READ_CONSUME_CHECK_CONSUMER) timestamp=2970 ms, used_size=4188160 bytes (10.2%)
(RDMA_READ_CONSUME_CHECK_CONSUMER) timestamp=2970 ms, used_size=4186112 bytes (10.2%)
(RDMA_READ_CONSUME_CHECK_CONSUMER) timestamp=2970 ms, used_size=4184064 bytes (10.2%)
(RDMA_READ_CONSUME_CHECK_CONSUMER) timestamp=2970 ms, used_size=4182016 bytes (10.2%)
(RDMA_READ_CONSUME_CHECK_CONSUMER) timestamp=2970 ms, used_size=4179968 bytes (10.2%)
(RDMA_READ_CONSUME_CHECK_CONSUMER) timestamp=2970 ms, used_size=4177920 bytes (10.2%)
(RDMA_READ_CONSUME_CHECK_CONSUMER) timestamp=2970 ms, used_size=4175872 bytes (10.2%)
(RDMA_READ_CONSUME_CHECK_CONSUMER) timestamp=2970 ms, used_size=4173824 bytes (10.2%)
(RDMA_READ_CONSUME_CHECK_CONSUMER) timestamp=2970 ms, used_size=4171776 bytes (10.2%)
(RDMA_READ_CONSUME_CHECK_CONSUMER) timestamp=2970 ms, used_size=4169728 bytes (10.2%)
(RDMA_READ_CONSUME_CHECK_CONSUMER) timestamp=2970 ms, used_size=4167680 bytes (10.2%)
(RDMA_READ_CONSUME_CHECK_CONSUMER) timestamp=2970 ms, used_size=4165632 bytes (10.2%)
(RDMA_READ_CONSUME_CHECK_CONSUMER) timestamp=2970 ms, used_size=4163584 bytes (10.2%)
(RDMA_READ_CONSUME_CHECK_CONSUMER) timestamp=2970 ms, used_size=4161536 bytes (10.2%)
(RDMA_READ_CONSUME_CHECK_CONSUMER) timestamp=2970 ms, used_size=4159488 bytes (10.2%)
(RDMA_READ_CONSUME_CHECK_CONSUMER) timestamp=2970 ms, used_size=4157440 bytes (10.2%)
(RDMA_READ_CONSUME_CHECK_CONSUMER) timestamp=2970 ms, used_size=4155392 bytes (10.1%)
(RDMA_READ_CONSUME_CHECK_CONSUMER) timestamp=2970 ms, used_size=4153344 bytes (10.1%)
(RDMA_READ_CONSUME_CHECK_CONSUMER) timestamp=2970 ms, used_size=4151296 bytes (10.1%)
(RDMA_READ_CONSUME_CHECK_CONSUMER) timestamp=2970 ms, used_size=4149248 bytes (10.1%)
(RDMA_READ_CONSUME_CHECK_CONSUMER) timestamp=2970 ms, used_size=4147200 bytes (10.1%)
(RDMA_READ_CONSUME_CHECK_CONSUMER) timestamp=2970 ms, used_size=4145152 bytes (10.1%)
(RDMA_READ_CONSUME_CHECK_CONSUMER) timestamp=2970 ms, used_size=4143104 bytes (10.1%)
(RDMA_READ_CONSUME_CHECK_CONSUMER) timestamp=2970 ms, used_size=4141056 bytes (10.1%)
(RDMA_READ_CONSUME_CHECK_CONSUMER) timestamp=2970 ms, used_size=4139008 bytes (10.1%)
(RDMA_READ_CONSUME_CHECK_CONSUMER) timestamp=2970 ms, used_size=4136960 bytes (10.1%)
(RDMA_READ_CONSUME_CHECK_CONSUMER) timestamp=2970 ms, used_size=4134912 bytes (10.1%)
(RDMA_READ_CONSUME_CHECK_CONSUMER) timestamp=2970 ms, used_size=4132864 bytes (10.1%)
(RDMA_READ_CONSUME_CHECK_CONSUMER) timestamp=2970 ms, used_size=4130816 bytes (10.1%)
(RDMA_READ_CONSUME_CHECK_CONSUMER) timestamp=2970 ms, used_size=4128768 bytes (10.1%)
(RDMA_READ_CONSUME_CHECK_CONSUMER) timestamp=2970 ms, used_size=4126720 bytes (10.1%)
(RDMA_READ_CONSUME_CHECK_CONSUMER) timestamp=2970 ms, used_size=4124672 bytes (10.1%)
(RDMA_READ_CONSUME_CHECK_CONSUMER) timestamp=2970 ms, used_size=4122624 bytes (10.1%)
(RDMA_READ_CONSUME_CHECK_CONSUMER) timestamp=2970 ms, used_size=4120576 bytes (10.1%)
(RDMA_READ_CONSUME_CHECK_CONSUMER) timestamp=2970 ms, used_size=4118528 bytes (10.1%)
(RDMA_READ_CONSUME_CHECK_CONSUMER) timestamp=2970 ms, used_size=4116480 bytes (10.1%)
(RDMA_READ_CONSUME_CHECK_CONSUMER) timestamp=2970 ms, used_size=4114432 bytes (10.0%)
(RDMA_READ_CONSUME_CHECK_CONSUMER) timestamp=2970 ms, used_size=4112384 bytes (10.0%)
(RDMA_READ_CONSUME_CHECK_CONSUMER) timestamp=2970 ms, used_size=4110336 bytes (10.0%)
(RDMA_READ_CONSUME_CHECK_CONSUMER) timestamp=2970 ms, used_size=4108288 bytes (10.0%)
(RDMA_READ_CONSUME_CHECK_CONSUMER) timestamp=2970 ms, used_size=4106240 bytes (10.0%)
(RDMA_READ_CONSUME_CHECK_CONSUMER) timestamp=2970 ms, used_size=4104192 bytes (10.0%)
(RDMA_READ_CONSUME_CHECK_CONSUMER) timestamp=2970 ms, used_size=4102144 bytes (10.0%)
(RDMA_READ_CONSUME_CHECK_CONSUMER) timestamp=2970 ms, used_size=4100096 bytes (10.0%)
(RDMA_READ_CONSUME_CHECK_CONSUMER) timestamp=2970 ms, used_size=4098048 bytes (10.0%)
(RDMA_READ_CONSUME_CHECK_CONSUMER) timestamp=2970 ms, used_size=4096000 bytes (10.0%)
(RDMA_READ_CONSUME_CHECK_CONSUMER) timestamp=2970 ms, used_size=4093952 bytes (10.0%)
(RDMA_READ_CONSUME_CHECK_CONSUMER) timestamp=2970 ms, used_size=4091904 bytes (10.0%)
(RDMA_READ_CONSUME_CHECK_CONSUMER) timestamp=2970 ms, used_size=4089856 bytes (10.0%)
(RDMA_READ_CONSUME_CHECK_CONSUMER) timestamp=2970 ms, used_size=4087808 bytes (10.0%)
(RDMA_READ_CONSUME_CHECK_CONSUMER) timestamp=2970 ms, used_size=4085760 bytes (10.0%)
(RDMA_READ_CONSUME_CHECK_CONSUMER) timestamp=2970 ms, used_size=4083712 bytes (10.0%)
(RDMA_READ_CONSUME_CHECK_CONSUMER) timestamp=2970 ms, used_size=4081664 bytes (10.0%)
(RDMA_READ_CONSUME_CHECK_CONSUMER) timestamp=2970 ms, used_size=4079616 bytes (10.0%)
(RDMA_READ_CONSUME_CHECK_CONSUMER) timestamp=2970 ms, used_size=4077568 bytes (10.0%)
(RDMA_READ_CONSUME_CHECK_CONSUMER) timestamp=2970 ms, used_size=4075520 bytes (9.9%)
(RDMA_READ_CONSUME_CHECK_CONSUMER) timestamp=2970 ms, used_size=4073472 bytes (9.9%)
(RDMA_READ_CONSUME_CHECK_CONSUMER) timestamp=2970 ms, used_size=4071424 bytes (9.9%)
(RDMA_READ_CONSUME_CHECK_CONSUMER) timestamp=2970 ms, used_size=4069376 bytes (9.9%)
(RDMA_READ_CONSUME_CHECK_CONSUMER) timestamp=2970 ms, used_size=4067328 bytes (9.9%)
(RDMA_READ_CONSUME_CHECK_CONSUMER) timestamp=2970 ms, used_size=4065280 bytes (9.9%)
(RDMA_READ_CONSUME_CHECK_CONSUMER) timestamp=2970 ms, used_size=4063232 bytes (9.9%)
(RDMA_READ_CONSUME_CHECK_CONSUMER) timestamp=2970 ms, used_size=4061184 bytes (9.9%)
(RDMA_READ_CONSUME_CHECK_CONSUMER) timestamp=2970 ms, used_size=4059136 bytes (9.9%)
(RDMA_READ_CONSUME_CHECK_CONSUMER) timestamp=2970 ms, used_size=4057088 bytes (9.9%)
(RDMA_READ_CONSUME_CHECK_CONSUMER) timestamp=2970 ms, used_size=4055040 bytes (9.9%)
(RDMA_READ_CONSUME_CHECK_CONSUMER) timestamp=2970 ms, used_size=4052992 bytes (9.9%)
(RDMA_READ_CONSUME_CHECK_CONSUMER) timestamp=2970 ms, used_size=4050944 bytes (9.9%)
(RDMA_READ_CONSUME_CHECK_CONSUMER) timestamp=2970 ms, used_size=4048896 bytes (9.9%)
(RDMA_READ_CONSUME_CHECK_CONSUMER) timestamp=2970 ms, used_size=4046848 bytes (9.9%)
(RDMA_READ_CONSUME_CHECK_CONSUMER) timestamp=2970 ms, used_size=4044800 bytes (9.9%)
(RDMA_READ_CONSUME_CHECK_CONSUMER) timestamp=2970 ms, used_size=4042752 bytes (9.9%)
(RDMA_READ_CONSUME_CHECK_CONSUMER) timestamp=2970 ms, used_size=4040704 bytes (9.9%)
(RDMA_READ_CONSUME_CHECK_CONSUMER) timestamp=2970 ms, used_size=4038656 bytes (9.9%)
(RDMA_READ_CONSUME_CHECK_CONSUMER) timestamp=2970 ms, used_size=4036608 bytes (9.9%)
(RDMA_READ_CONSUME_CHECK_CONSUMER) timestamp=2970 ms, used_size=4034560 bytes (9.8%)
(RDMA_READ_CONSUME_CHECK_CONSUMER) timestamp=2970 ms, used_size=4032512 bytes (9.8%)
(RDMA_READ_CONSUME_CHECK_CONSUMER) timestamp=2970 ms, used_size=4030464 bytes (9.8%)
(RDMA_READ_CONSUME_CHECK_CONSUMER) timestamp=2970 ms, used_size=4028416 bytes (9.8%)
(RDMA_READ_CONSUME_CHECK_CONSUMER) timestamp=2970 ms, used_size=4026368 bytes (9.8%)
(RDMA_READ_CONSUME_CHECK_CONSUMER) timestamp=2970 ms, used_size=4024320 bytes (9.8%)
(RDMA_READ_CONSUME_CHECK_CONSUMER) timestamp=2970 ms, used_size=4022272 bytes (9.8%)
(RDMA_READ_CONSUME_CHECK_CONSUMER) timestamp=2970 ms, used_size=4020224 bytes (9.8%)
(RDMA_READ_CONSUME_CHECK_CONSUMER) timestamp=2970 ms, used_size=4018176 bytes (9.8%)
(RDMA_READ_CONSUME_CHECK_CONSUMER) timestamp=2970 ms, used_size=4016128 bytes (9.8%)
(RDMA_READ_CONSUME_CHECK_CONSUMER) timestamp=2970 ms, used_size=4014080 bytes (9.8%)
(RDMA_READ_CONSUME_CHECK_CONSUMER) timestamp=2970 ms, used_size=4012032 bytes (9.8%)
(RDMA_READ_CONSUME_CHECK_CONSUMER) timestamp=2970 ms, used_size=4009984 bytes (9.8%)
(RDMA_READ_CONSUME_CHECK_CONSUMER) timestamp=2970 ms, used_size=4007936 bytes (9.8%)
(RDMA_READ_CONSUME_CHECK_CONSUMER) timestamp=2970 ms, used_size=4005888 bytes (9.8%)
(RDMA_READ_CONSUME_CHECK_CONSUMER) timestamp=2970 ms, used_size=4003840 bytes (9.8%)
(RDMA_READ_CONSUME_CHECK_CONSUMER) timestamp=2970 ms, used_size=4001792 bytes (9.8%)
(RDMA_READ_CONSUME_CHECK_CONSUMER) timestamp=2970 ms, used_size=3999744 bytes (9.8%)
(RDMA_READ_CONSUME_CHECK_CONSUMER) timestamp=2970 ms, used_size=3997696 bytes (9.8%)
(RDMA_READ_CONSUME_CHECK_CONSUMER) timestamp=2970 ms, used_size=3995648 bytes (9.8%)
(RDMA_READ_CONSUME_CHECK_CONSUMER) timestamp=2970 ms, used_size=3993600 bytes (9.8%)
(RDMA_READ_CONSUME_CHECK_CONSUMER) timestamp=2970 ms, used_size=3991552 bytes (9.7%)
(RDMA_READ_CONSUME_CHECK_CONSUMER) timestamp=2970 ms, used_size=3989504 bytes (9.7%)
(RDMA_READ_CONSUME_CHECK_CONSUMER) timestamp=2970 ms, used_size=3987456 bytes (9.7%)
(RDMA_READ_CONSUME_CHECK_CONSUMER) timestamp=2970 ms, used_size=3985408 bytes (9.7%)
(RDMA_READ_CONSUME_CHECK_CONSUMER) timestamp=2970 ms, used_size=3983360 bytes (9.7%)
(RDMA_READ_CONSUME_CHECK_CONSUMER) timestamp=2970 ms, used_size=3981312 bytes (9.7%)
(RDMA_READ_CONSUME_CHECK_CONSUMER) timestamp=2970 ms, used_size=3979264 bytes (9.7%)
(RDMA_READ_CONSUME_CHECK_CONSUMER) timestamp=2970 ms, used_size=3977216 bytes (9.7%)
(RDMA_READ_CONSUME_CHECK_CONSUMER) timestamp=2970 ms, used_size=3975168 bytes (9.7%)
(RDMA_READ_CONSUME_CHECK_CONSUMER) timestamp=2970 ms, used_size=3973120 bytes (9.7%)
(RDMA_READ_CONSUME_CHECK_CONSUMER) timestamp=2970 ms, used_size=3971072 bytes (9.7%)
(RDMA_READ_CONSUME_CHECK_CONSUMER) timestamp=2970 ms, used_size=3969024 bytes (9.7%)
(RDMA_READ_CONSUME_CHECK_CONSUMER) timestamp=2970 ms, used_size=3966976 bytes (9.7%)
(RDMA_READ_CONSUME_CHECK_CONSUMER) timestamp=2970 ms, used_size=3964928 bytes (9.7%)
(RDMA_READ_CONSUME_CHECK_CONSUMER) timestamp=2970 ms, used_size=3962880 bytes (9.7%)
(RDMA_READ_CONSUME_CHECK_CONSUMER) timestamp=2970 ms, used_size=3960832 bytes (9.7%)
(RDMA_READ_CONSUME_CHECK_CONSUMER) timestamp=2970 ms, used_size=3958784 bytes (9.7%)
(RDMA_READ_CONSUME_CHECK_CONSUMER) timestamp=2970 ms, used_size=3956736 bytes (9.7%)
(RDMA_READ_CONSUME_CHECK_CONSUMER) timestamp=2970 ms, used_size=3954688 bytes (9.7%)
(RDMA_READ_CONSUME_CHECK_CONSUMER) timestamp=2970 ms, used_size=3952640 bytes (9.7%)
(RDMA_READ_CONSUME_CHECK_CONSUMER) timestamp=2970 ms, used_size=3950592 bytes (9.6%)
(RDMA_READ_CONSUME_CHECK_CONSUMER) timestamp=2970 ms, used_size=3948544 bytes (9.6%)
(RDMA_READ_CONSUME_CHECK_CONSUMER) timestamp=2970 ms, used_size=3946496 bytes (9.6%)
(RDMA_READ_CONSUME_CHECK_CONSUMER) timestamp=2970 ms, used_size=3944448 bytes (9.6%)
(RDMA_READ_CONSUME_CHECK_CONSUMER) timestamp=2970 ms, used_size=3942400 bytes (9.6%)
(RDMA_READ_CONSUME_CHECK_CONSUMER) timestamp=2970 ms, used_size=3940352 bytes (9.6%)
(RDMA_READ_CONSUME_CHECK_CONSUMER) timestamp=2970 ms, used_size=3938304 bytes (9.6%)
(RDMA_READ_CONSUME_CHECK_CONSUMER) timestamp=2970 ms, used_size=3936256 bytes (9.6%)
(RDMA_READ_CONSUME_CHECK_CONSUMER) timestamp=2970 ms, used_size=3934208 bytes (9.6%)
(RDMA_READ_CONSUME_CHECK_CONSUMER) timestamp=2970 ms, used_size=3932160 bytes (9.6%)
(RDMA_READ_CONSUME_CHECK_CONSUMER) timestamp=2970 ms, used_size=3930112 bytes (9.6%)
(RDMA_READ_CONSUME_CHECK_CONSUMER) timestamp=2970 ms, used_size=3928064 bytes (9.6%)
(RDMA_READ_CONSUME_CHECK_CONSUMER) timestamp=2970 ms, used_size=3926016 bytes (9.6%)
(RDMA_READ_CONSUME_CHECK_CONSUMER) timestamp=2970 ms, used_size=3923968 bytes (9.6%)
(RDMA_READ_CONSUME_CHECK_CONSUMER) timestamp=2970 ms, used_size=3921920 bytes (9.6%)
(RDMA_READ_CONSUME_CHECK_CONSUMER) timestamp=2970 ms, used_size=3919872 bytes (9.6%)
(RDMA_READ_CONSUME_CHECK_CONSUMER) timestamp=2970 ms, used_size=3917824 bytes (9.6%)
(RDMA_READ_CONSUME_CHECK_CONSUMER) timestamp=2970 ms, used_size=3915776 bytes (9.6%)
(RDMA_READ_CONSUME_CHECK_CONSUMER) timestamp=2970 ms, used_size=3913728 bytes (9.6%)
(RDMA_READ_CONSUME_CHECK_CONSUMER) timestamp=2970 ms, used_size=3911680 bytes (9.6%)
(RDMA_READ_CONSUME_CHECK_CONSUMER) timestamp=2970 ms, used_size=3909632 bytes (9.5%)
(RDMA_READ_CONSUME_CHECK_CONSUMER) timestamp=2970 ms, used_size=3907584 bytes (9.5%)
(RDMA_READ_CONSUME_CHECK_CONSUMER) timestamp=2970 ms, used_size=3905536 bytes (9.5%)
(RDMA_READ_CONSUME_CHECK_CONSUMER) timestamp=2971 ms, used_size=3903488 bytes (9.5%)
(RDMA_READ_CONSUME_CHECK_CONSUMER) timestamp=2971 ms, used_size=3901440 bytes (9.5%)
(RDMA_READ_CONSUME_CHECK_CONSUMER) timestamp=2971 ms, used_size=3899392 bytes (9.5%)
(RDMA_READ_CONSUME_CHECK_CONSUMER) timestamp=2971 ms, used_size=3897344 bytes (9.5%)
(RDMA_READ_CONSUME_CHECK_CONSUMER) timestamp=2971 ms, used_size=3895296 bytes (9.5%)
(RDMA_READ_CONSUME_CHECK_CONSUMER) timestamp=2971 ms, used_size=3893248 bytes (9.5%)
(RDMA_READ_CONSUME_CHECK_CONSUMER) timestamp=2971 ms, used_size=3891200 bytes (9.5%)
(RDMA_READ_CONSUME_CHECK_CONSUMER) timestamp=2971 ms, used_size=3889152 bytes (9.5%)
(RDMA_READ_CONSUME_CHECK_CONSUMER) timestamp=2971 ms, used_size=3887104 bytes (9.5%)
(RDMA_READ_CONSUME_CHECK_CONSUMER) timestamp=2971 ms, used_size=3885056 bytes (9.5%)
(RDMA_READ_CONSUME_CHECK_CONSUMER) timestamp=2971 ms, used_size=3883008 bytes (9.5%)
(RDMA_READ_CONSUME_CHECK_CONSUMER) timestamp=2971 ms, used_size=3880960 bytes (9.5%)
(RDMA_READ_CONSUME_CHECK_CONSUMER) timestamp=2971 ms, used_size=3878912 bytes (9.5%)
(RDMA_READ_CONSUME_CHECK_CONSUMER) timestamp=2971 ms, used_size=3876864 bytes (9.5%)
(RDMA_READ_CONSUME_CHECK_CONSUMER) timestamp=2971 ms, used_size=3874816 bytes (9.5%)
(RDMA_READ_CONSUME_CHECK_CONSUMER) timestamp=2971 ms, used_size=3872768 bytes (9.5%)
(RDMA_READ_CONSUME_CHECK_CONSUMER) timestamp=2971 ms, used_size=3870720 bytes (9.4%)
(RDMA_READ_CONSUME_CHECK_CONSUMER) timestamp=2971 ms, used_size=3868672 bytes (9.4%)
(RDMA_READ_CONSUME_CHECK_CONSUMER) timestamp=2971 ms, used_size=3866624 bytes (9.4%)
(RDMA_READ_CONSUME_CHECK_CONSUMER) timestamp=2971 ms, used_size=3864576 bytes (9.4%)
(RDMA_READ_CONSUME_CHECK_CONSUMER) timestamp=2971 ms, used_size=3862528 bytes (9.4%)
(RDMA_READ_CONSUME_CHECK_CONSUMER) timestamp=2971 ms, used_size=3860480 bytes (9.4%)
(RDMA_READ_CONSUME_CHECK_CONSUMER) timestamp=2971 ms, used_size=3858432 bytes (9.4%)
(RDMA_READ_CONSUME_CHECK_CONSUMER) timestamp=2971 ms, used_size=3856384 bytes (9.4%)
(RDMA_READ_CONSUME_CHECK_CONSUMER) timestamp=2971 ms, used_size=3854336 bytes (9.4%)
(RDMA_READ_CONSUME_CHECK_CONSUMER) timestamp=2971 ms, used_size=3852288 bytes (9.4%)
(RDMA_READ_CONSUME_CHECK_CONSUMER) timestamp=2971 ms, used_size=3850240 bytes (9.4%)
(RDMA_READ_CONSUME_CHECK_CONSUMER) timestamp=2971 ms, used_size=3848192 bytes (9.4%)
(RDMA_READ_CONSUME_CHECK_CONSUMER) timestamp=2971 ms, used_size=3846144 bytes (9.4%)
(RDMA_READ_CONSUME_CHECK_CONSUMER) timestamp=2971 ms, used_size=3844096 bytes (9.4%)
(RDMA_READ_CONSUME_CHECK_CONSUMER) timestamp=2971 ms, used_size=3842048 bytes (9.4%)
(RDMA_READ_CONSUME_CHECK_CONSUMER) timestamp=2971 ms, used_size=3840000 bytes (9.4%)
(RDMA_READ_CONSUME_CHECK_CONSUMER) timestamp=2971 ms, used_size=3837952 bytes (9.4%)
(RDMA_READ_CONSUME_CHECK_CONSUMER) timestamp=2971 ms, used_size=3835904 bytes (9.4%)
(RDMA_READ_CONSUME_CHECK_CONSUMER) timestamp=2971 ms, used_size=3833856 bytes (9.4%)
(RDMA_READ_CONSUME_CHECK_CONSUMER) timestamp=2971 ms, used_size=3831808 bytes (9.4%)
(RDMA_READ_CONSUME_CHECK_CONSUMER) timestamp=2971 ms, used_size=3829760 bytes (9.3%)
(RDMA_READ_CONSUME_CHECK_CONSUMER) timestamp=2971 ms, used_size=3827712 bytes (9.3%)
(RDMA_READ_CONSUME_CHECK_CONSUMER) timestamp=2971 ms, used_size=3825664 bytes (9.3%)
(RDMA_READ_CONSUME_CHECK_CONSUMER) timestamp=2971 ms, used_size=3823616 bytes (9.3%)
(RDMA_READ_CONSUME_CHECK_CONSUMER) timestamp=2971 ms, used_size=3821568 bytes (9.3%)
(RDMA_READ_CONSUME_CHECK_CONSUMER) timestamp=2971 ms, used_size=3819520 bytes (9.3%)
(RDMA_READ_CONSUME_CHECK_CONSUMER) timestamp=2971 ms, used_size=3817472 bytes (9.3%)
(RDMA_READ_CONSUME_CHECK_CONSUMER) timestamp=2971 ms, used_size=3815424 bytes (9.3%)
(RDMA_READ_CONSUME_CHECK_CONSUMER) timestamp=2971 ms, used_size=3813376 bytes (9.3%)
(RDMA_READ_CONSUME_CHECK_CONSUMER) timestamp=2971 ms, used_size=3811328 bytes (9.3%)
(RDMA_READ_CONSUME_CHECK_CONSUMER) timestamp=2971 ms, used_size=3809280 bytes (9.3%)
(RDMA_READ_CONSUME_CHECK_CONSUMER) timestamp=2971 ms, used_size=3807232 bytes (9.3%)
(RDMA_READ_CONSUME_CHECK_CONSUMER) timestamp=2971 ms, used_size=3805184 bytes (9.3%)
(RDMA_READ_CONSUME_CHECK_CONSUMER) timestamp=2971 ms, used_size=3803136 bytes (9.3%)
(RDMA_READ_CONSUME_CHECK_CONSUMER) timestamp=2971 ms, used_size=3801088 bytes (9.3%)
(RDMA_READ_CONSUME_CHECK_CONSUMER) timestamp=2971 ms, used_size=3799040 bytes (9.3%)
(RDMA_READ_CONSUME_CHECK_CONSUMER) timestamp=2971 ms, used_size=3796992 bytes (9.3%)
(RDMA_READ_CONSUME_CHECK_CONSUMER) timestamp=2971 ms, used_size=3794944 bytes (9.3%)
(RDMA_READ_CONSUME_CHECK_CONSUMER) timestamp=2971 ms, used_size=3792896 bytes (9.3%)
(RDMA_READ_CONSUME_CHECK_CONSUMER) timestamp=2971 ms, used_size=3790848 bytes (9.3%)
(RDMA_READ_CONSUME_CHECK_CONSUMER) timestamp=2971 ms, used_size=3788800 bytes (9.2%)
(RDMA_READ_CONSUME_CHECK_CONSUMER) timestamp=2971 ms, used_size=3786752 bytes (9.2%)
(RDMA_READ_CONSUME_CHECK_CONSUMER) timestamp=2971 ms, used_size=3784704 bytes (9.2%)
(RDMA_READ_CONSUME_CHECK_CONSUMER) timestamp=2971 ms, used_size=3782656 bytes (9.2%)
(RDMA_READ_CONSUME_CHECK_CONSUMER) timestamp=2971 ms, used_size=3780608 bytes (9.2%)
(RDMA_READ_CONSUME_CHECK_CONSUMER) timestamp=2971 ms, used_size=3778560 bytes (9.2%)
(RDMA_READ_CONSUME_CHECK_CONSUMER) timestamp=2971 ms, used_size=3776512 bytes (9.2%)
(RDMA_READ_CONSUME_CHECK_CONSUMER) timestamp=2971 ms, used_size=3774464 bytes (9.2%)
(RDMA_READ_CONSUME_CHECK_CONSUMER) timestamp=2971 ms, used_size=3772416 bytes (9.2%)
(RDMA_READ_CONSUME_CHECK_CONSUMER) timestamp=2971 ms, used_size=3770368 bytes (9.2%)
(RDMA_READ_CONSUME_CHECK_CONSUMER) timestamp=2971 ms, used_size=3768320 bytes (9.2%)
(RDMA_READ_CONSUME_CHECK_CONSUMER) timestamp=2971 ms, used_size=3766272 bytes (9.2%)
(RDMA_READ_CONSUME_CHECK_CONSUMER) timestamp=2971 ms, used_size=3764224 bytes (9.2%)
(RDMA_READ_CONSUME_CHECK_CONSUMER) timestamp=2971 ms, used_size=3762176 bytes (9.2%)
(RDMA_READ_CONSUME_CHECK_CONSUMER) timestamp=2971 ms, used_size=3760128 bytes (9.2%)
(RDMA_READ_CONSUME_CHECK_CONSUMER) timestamp=2971 ms, used_size=3758080 bytes (9.2%)
(RDMA_READ_CONSUME_CHECK_CONSUMER) timestamp=2971 ms, used_size=3756032 bytes (9.2%)
(RDMA_READ_CONSUME_CHECK_CONSUMER) timestamp=2971 ms, used_size=3753984 bytes (9.2%)
(RDMA_READ_CONSUME_CHECK_CONSUMER) timestamp=2971 ms, used_size=3751936 bytes (9.2%)
(RDMA_READ_CONSUME_CHECK_CONSUMER) timestamp=2971 ms, used_size=3749888 bytes (9.2%)
(RDMA_READ_CONSUME_CHECK_CONSUMER) timestamp=2971 ms, used_size=3747840 bytes (9.2%)
(RDMA_READ_CONSUME_CHECK_CONSUMER) timestamp=2971 ms, used_size=3745792 bytes (9.1%)
(RDMA_READ_CONSUME_CHECK_CONSUMER) timestamp=2971 ms, used_size=3743744 bytes (9.1%)
(RDMA_READ_CONSUME_CHECK_CONSUMER) timestamp=2971 ms, used_size=3741696 bytes (9.1%)
(RDMA_READ_CONSUME_CHECK_CONSUMER) timestamp=2971 ms, used_size=3739648 bytes (9.1%)
(RDMA_READ_CONSUME_CHECK_CONSUMER) timestamp=2971 ms, used_size=3737600 bytes (9.1%)
(RDMA_READ_CONSUME_CHECK_CONSUMER) timestamp=2971 ms, used_size=3735552 bytes (9.1%)
(RDMA_READ_CONSUME_CHECK_CONSUMER) timestamp=2971 ms, used_size=3733504 bytes (9.1%)
(RDMA_READ_CONSUME_CHECK_CONSUMER) timestamp=2971 ms, used_size=3731456 bytes (9.1%)
(RDMA_READ_CONSUME_CHECK_CONSUMER) timestamp=2971 ms, used_size=3729408 bytes (9.1%)
(RDMA_READ_CONSUME_CHECK_CONSUMER) timestamp=2971 ms, used_size=3727360 bytes (9.1%)
(RDMA_READ_CONSUME_CHECK_CONSUMER) timestamp=2971 ms, used_size=3725312 bytes (9.1%)
(RDMA_READ_CONSUME_CHECK_CONSUMER) timestamp=2971 ms, used_size=3723264 bytes (9.1%)
(RDMA_READ_CONSUME_CHECK_CONSUMER) timestamp=2971 ms, used_size=3721216 bytes (9.1%)
(RDMA_READ_CONSUME_CHECK_CONSUMER) timestamp=2971 ms, used_size=3719168 bytes (9.1%)
(RDMA_READ_CONSUME_CHECK_CONSUMER) timestamp=2971 ms, used_size=3717120 bytes (9.1%)
(RDMA_READ_CONSUME_CHECK_CONSUMER) timestamp=2971 ms, used_size=3715072 bytes (9.1%)
(RDMA_READ_CONSUME_CHECK_CONSUMER) timestamp=2971 ms, used_size=3713024 bytes (9.1%)
(RDMA_READ_CONSUME_CHECK_CONSUMER) timestamp=2971 ms, used_size=3710976 bytes (9.1%)
(RDMA_READ_CONSUME_CHECK_CONSUMER) timestamp=2971 ms, used_size=3708928 bytes (9.1%)
(RDMA_READ_CONSUME_CHECK_CONSUMER) timestamp=2971 ms, used_size=3706880 bytes (9.1%)
(RDMA_READ_CONSUME_CHECK_CONSUMER) timestamp=2971 ms, used_size=3704832 bytes (9.0%)
(RDMA_READ_CONSUME_CHECK_CONSUMER) timestamp=2971 ms, used_size=3702784 bytes (9.0%)
(RDMA_READ_CONSUME_CHECK_CONSUMER) timestamp=2971 ms, used_size=3700736 bytes (9.0%)
(RDMA_READ_CONSUME_CHECK_CONSUMER) timestamp=2971 ms, used_size=3698688 bytes (9.0%)
(RDMA_READ_CONSUME_CHECK_CONSUMER) timestamp=2971 ms, used_size=3696640 bytes (9.0%)
(RDMA_READ_CONSUME_CHECK_CONSUMER) timestamp=2971 ms, used_size=3694592 bytes (9.0%)
(RDMA_READ_CONSUME_CHECK_CONSUMER) timestamp=2971 ms, used_size=3692544 bytes (9.0%)
(RDMA_READ_CONSUME_CHECK_CONSUMER) timestamp=2971 ms, used_size=3690496 bytes (9.0%)
(RDMA_READ_CONSUME_CHECK_CONSUMER) timestamp=2971 ms, used_size=3688448 bytes (9.0%)
(RDMA_READ_CONSUME_CHECK_CONSUMER) timestamp=2971 ms, used_size=3686400 bytes (9.0%)
(RDMA_READ_CONSUME_CHECK_CONSUMER) timestamp=2971 ms, used_size=3684352 bytes (9.0%)
(RDMA_READ_CONSUME_CHECK_CONSUMER) timestamp=2971 ms, used_size=3682304 bytes (9.0%)
(RDMA_READ_CONSUME_CHECK_CONSUMER) timestamp=2971 ms, used_size=3680256 bytes (9.0%)
(RDMA_READ_CONSUME_CHECK_CONSUMER) timestamp=2971 ms, used_size=3678208 bytes (9.0%)
(RDMA_READ_CONSUME_CHECK_CONSUMER) timestamp=2971 ms, used_size=3676160 bytes (9.0%)
(RDMA_READ_CONSUME_CHECK_CONSUMER) timestamp=2971 ms, used_size=3674112 bytes (9.0%)
(RDMA_READ_CONSUME_CHECK_CONSUMER) timestamp=2971 ms, used_size=3672064 bytes (9.0%)
(RDMA_READ_CONSUME_CHECK_CONSUMER) timestamp=2971 ms, used_size=3670016 bytes (9.0%)
(RDMA_READ_CONSUME_CHECK_CONSUMER) timestamp=2971 ms, used_size=3667968 bytes (9.0%)
(RDMA_READ_CONSUME_CHECK_CONSUMER) timestamp=2971 ms, used_size=3665920 bytes (8.9%)
(RDMA_READ_CONSUME_CHECK_CONSUMER) timestamp=2971 ms, used_size=3663872 bytes (8.9%)
(RDMA_READ_CONSUME_CHECK_CONSUMER) timestamp=2971 ms, used_size=3661824 bytes (8.9%)
(RDMA_READ_CONSUME_CHECK_CONSUMER) timestamp=2971 ms, used_size=3659776 bytes (8.9%)
(RDMA_READ_CONSUME_CHECK_CONSUMER) timestamp=2971 ms, used_size=3657728 bytes (8.9%)
(RDMA_READ_CONSUME_CHECK_CONSUMER) timestamp=2971 ms, used_size=3655680 bytes (8.9%)
(RDMA_READ_CONSUME_CHECK_CONSUMER) timestamp=2971 ms, used_size=3653632 bytes (8.9%)
(RDMA_READ_CONSUME_CHECK_CONSUMER) timestamp=2971 ms, used_size=3651584 bytes (8.9%)
(RDMA_READ_CONSUME_CHECK_CONSUMER) timestamp=2971 ms, used_size=3649536 bytes (8.9%)
(RDMA_READ_CONSUME_CHECK_CONSUMER) timestamp=2971 ms, used_size=3647488 bytes (8.9%)
(RDMA_READ_CONSUME_CHECK_CONSUMER) timestamp=2971 ms, used_size=3645440 bytes (8.9%)
(RDMA_READ_CONSUME_CHECK_CONSUMER) timestamp=2971 ms, used_size=3643392 bytes (8.9%)
(RDMA_READ_CONSUME_CHECK_CONSUMER) timestamp=2971 ms, used_size=3641344 bytes (8.9%)
(RDMA_READ_CONSUME_CHECK_CONSUMER) timestamp=2971 ms, used_size=3639296 bytes (8.9%)
(RDMA_READ_CONSUME_CHECK_CONSUMER) timestamp=2971 ms, used_size=3637248 bytes (8.9%)
(RDMA_READ_CONSUME_CHECK_CONSUMER) timestamp=2971 ms, used_size=3635200 bytes (8.9%)
(RDMA_READ_CONSUME_CHECK_CONSUMER) timestamp=2971 ms, used_size=3633152 bytes (8.9%)
(RDMA_READ_CONSUME_CHECK_CONSUMER) timestamp=2971 ms, used_size=3631104 bytes (8.9%)
(RDMA_READ_CONSUME_CHECK_CONSUMER) timestamp=2971 ms, used_size=3629056 bytes (8.9%)
(RDMA_READ_CONSUME_CHECK_CONSUMER) timestamp=2971 ms, used_size=3627008 bytes (8.9%)
(RDMA_READ_CONSUME_CHECK_CONSUMER) timestamp=2971 ms, used_size=3624960 bytes (8.8%)
(RDMA_READ_CONSUME_CHECK_CONSUMER) timestamp=2971 ms, used_size=3622912 bytes (8.8%)
(RDMA_READ_CONSUME_CHECK_CONSUMER) timestamp=2971 ms, used_size=3620864 bytes (8.8%)
(RDMA_READ_CONSUME_CHECK_CONSUMER) timestamp=2971 ms, used_size=3618816 bytes (8.8%)
(RDMA_READ_CONSUME_CHECK_CONSUMER) timestamp=2971 ms, used_size=3616768 bytes (8.8%)
(RDMA_READ_CONSUME_CHECK_CONSUMER) timestamp=2971 ms, used_size=3614720 bytes (8.8%)
(RDMA_READ_CONSUME_CHECK_CONSUMER) timestamp=2971 ms, used_size=3612672 bytes (8.8%)
(RDMA_READ_CONSUME_CHECK_CONSUMER) timestamp=2971 ms, used_size=3610624 bytes (8.8%)
(RDMA_READ_CONSUME_CHECK_CONSUMER) timestamp=2971 ms, used_size=3608576 bytes (8.8%)
(RDMA_READ_CONSUME_CHECK_CONSUMER) timestamp=2971 ms, used_size=3606528 bytes (8.8%)
(RDMA_READ_CONSUME_CHECK_CONSUMER) timestamp=2971 ms, used_size=3604480 bytes (8.8%)
(RDMA_READ_CONSUME_CHECK_CONSUMER) timestamp=2971 ms, used_size=3602432 bytes (8.8%)
(RDMA_READ_CONSUME_CHECK_CONSUMER) timestamp=2971 ms, used_size=3600384 bytes (8.8%)
(RDMA_READ_CONSUME_CHECK_CONSUMER) timestamp=2971 ms, used_size=3598336 bytes (8.8%)
(RDMA_READ_CONSUME_CHECK_CONSUMER) timestamp=2971 ms, used_size=3596288 bytes (8.8%)
(RDMA_READ_CONSUME_CHECK_CONSUMER) timestamp=2971 ms, used_size=3594240 bytes (8.8%)
(RDMA_READ_CONSUME_CHECK_CONSUMER) timestamp=2971 ms, used_size=3592192 bytes (8.8%)
(RDMA_READ_CONSUME_CHECK_CONSUMER) timestamp=2971 ms, used_size=3590144 bytes (8.8%)
(RDMA_READ_CONSUME_CHECK_CONSUMER) timestamp=2971 ms, used_size=3588096 bytes (8.8%)
(RDMA_READ_CONSUME_CHECK_CONSUMER) timestamp=2971 ms, used_size=3586048 bytes (8.8%)
(RDMA_READ_CONSUME_CHECK_CONSUMER) timestamp=2971 ms, used_size=3584000 bytes (8.8%)
(RDMA_READ_CONSUME_CHECK_CONSUMER) timestamp=2971 ms, used_size=3581952 bytes (8.7%)
(RDMA_READ_CONSUME_CHECK_CONSUMER) timestamp=2971 ms, used_size=3579904 bytes (8.7%)
(RDMA_READ_CONSUME_CHECK_CONSUMER) timestamp=2971 ms, used_size=3577856 bytes (8.7%)
(RDMA_READ_CONSUME_CHECK_CONSUMER) timestamp=2971 ms, used_size=3575808 bytes (8.7%)
(RDMA_READ_CONSUME_CHECK_CONSUMER) timestamp=2971 ms, used_size=3573760 bytes (8.7%)
(RDMA_READ_CONSUME_CHECK_CONSUMER) timestamp=2971 ms, used_size=3571712 bytes (8.7%)
(RDMA_READ_CONSUME_CHECK_CONSUMER) timestamp=2971 ms, used_size=3569664 bytes (8.7%)
(RDMA_READ_CONSUME_CHECK_CONSUMER) timestamp=2971 ms, used_size=3567616 bytes (8.7%)
(RDMA_READ_CONSUME_CHECK_CONSUMER) timestamp=2971 ms, used_size=3565568 bytes (8.7%)
(RDMA_READ_CONSUME_CHECK_CONSUMER) timestamp=2971 ms, used_size=3563520 bytes (8.7%)
(RDMA_READ_CONSUME_CHECK_CONSUMER) timestamp=2971 ms, used_size=3561472 bytes (8.7%)
(RDMA_READ_CONSUME_CHECK_CONSUMER) timestamp=2971 ms, used_size=3559424 bytes (8.7%)
(RDMA_READ_CONSUME_CHECK_CONSUMER) timestamp=2971 ms, used_size=3557376 bytes (8.7%)
(RDMA_READ_CONSUME_CHECK_CONSUMER) timestamp=2971 ms, used_size=3555328 bytes (8.7%)
(RDMA_READ_CONSUME_CHECK_CONSUMER) timestamp=2971 ms, used_size=3553280 bytes (8.7%)
(RDMA_READ_CONSUME_CHECK_CONSUMER) timestamp=2971 ms, used_size=3551232 bytes (8.7%)
(RDMA_READ_CONSUME_CHECK_CONSUMER) timestamp=2971 ms, used_size=3549184 bytes (8.7%)
(RDMA_READ_CONSUME_CHECK_CONSUMER) timestamp=2971 ms, used_size=3547136 bytes (8.7%)
(RDMA_READ_CONSUME_CHECK_CONSUMER) timestamp=2971 ms, used_size=3545088 bytes (8.7%)
(RDMA_READ_CONSUME_CHECK_CONSUMER) timestamp=2971 ms, used_size=3543040 bytes (8.7%)
(RDMA_READ_CONSUME_CHECK_CONSUMER) timestamp=2972 ms, used_size=3540992 bytes (8.6%)
(RDMA_READ_CONSUME_CHECK_CONSUMER) timestamp=2972 ms, used_size=3538944 bytes (8.6%)
(RDMA_READ_CONSUME_CHECK_CONSUMER) timestamp=2972 ms, used_size=3536896 bytes (8.6%)
(RDMA_READ_CONSUME_CHECK_CONSUMER) timestamp=2972 ms, used_size=3534848 bytes (8.6%)
(RDMA_READ_CONSUME_CHECK_CONSUMER) timestamp=2972 ms, used_size=3532800 bytes (8.6%)
(RDMA_READ_CONSUME_CHECK_CONSUMER) timestamp=2972 ms, used_size=3530752 bytes (8.6%)
(RDMA_READ_CONSUME_CHECK_CONSUMER) timestamp=2972 ms, used_size=3528704 bytes (8.6%)
(RDMA_READ_CONSUME_CHECK_CONSUMER) timestamp=2972 ms, used_size=3526656 bytes (8.6%)
(RDMA_READ_CONSUME_CHECK_CONSUMER) timestamp=2972 ms, used_size=3524608 bytes (8.6%)
(RDMA_READ_CONSUME_CHECK_CONSUMER) timestamp=2972 ms, used_size=3522560 bytes (8.6%)
(RDMA_READ_CONSUME_CHECK_CONSUMER) timestamp=2972 ms, used_size=3520512 bytes (8.6%)
(RDMA_READ_CONSUME_CHECK_CONSUMER) timestamp=2972 ms, used_size=3518464 bytes (8.6%)
(RDMA_READ_CONSUME_CHECK_CONSUMER) timestamp=2972 ms, used_size=3516416 bytes (8.6%)
(RDMA_READ_CONSUME_CHECK_CONSUMER) timestamp=2972 ms, used_size=3514368 bytes (8.6%)
(RDMA_READ_CONSUME_CHECK_CONSUMER) timestamp=2972 ms, used_size=3512320 bytes (8.6%)
(RDMA_READ_CONSUME_CHECK_CONSUMER) timestamp=2972 ms, used_size=3510272 bytes (8.6%)
(RDMA_READ_CONSUME_CHECK_CONSUMER) timestamp=2972 ms, used_size=3508224 bytes (8.6%)
(RDMA_READ_CONSUME_CHECK_CONSUMER) timestamp=2972 ms, used_size=3506176 bytes (8.6%)
(RDMA_READ_CONSUME_CHECK_CONSUMER) timestamp=2972 ms, used_size=3504128 bytes (8.6%)
(RDMA_READ_CONSUME_CHECK_CONSUMER) timestamp=2972 ms, used_size=3502080 bytes (8.6%)
(RDMA_READ_CONSUME_CHECK_CONSUMER) timestamp=2972 ms, used_size=3500032 bytes (8.5%)
(RDMA_READ_CONSUME_CHECK_CONSUMER) timestamp=2972 ms, used_size=3497984 bytes (8.5%)
(RDMA_READ_CONSUME_CHECK_CONSUMER) timestamp=2972 ms, used_size=3495936 bytes (8.5%)
(RDMA_READ_CONSUME_CHECK_CONSUMER) timestamp=2972 ms, used_size=3493888 bytes (8.5%)
(RDMA_READ_CONSUME_CHECK_CONSUMER) timestamp=2972 ms, used_size=3491840 bytes (8.5%)
(RDMA_READ_CONSUME_CHECK_CONSUMER) timestamp=2972 ms, used_size=3489792 bytes (8.5%)
(RDMA_READ_CONSUME_CHECK_CONSUMER) timestamp=2972 ms, used_size=3487744 bytes (8.5%)
(RDMA_READ_CONSUME_CHECK_CONSUMER) timestamp=2972 ms, used_size=3485696 bytes (8.5%)
(RDMA_READ_CONSUME_CHECK_CONSUMER) timestamp=2972 ms, used_size=3483648 bytes (8.5%)
(RDMA_READ_CONSUME_CHECK_CONSUMER) timestamp=2972 ms, used_size=3481600 bytes (8.5%)
(RDMA_READ_CONSUME_CHECK_CONSUMER) timestamp=2972 ms, used_size=3479552 bytes (8.5%)
(RDMA_READ_CONSUME_CHECK_CONSUMER) timestamp=2972 ms, used_size=3477504 bytes (8.5%)
(RDMA_READ_CONSUME_CHECK_CONSUMER) timestamp=2972 ms, used_size=3475456 bytes (8.5%)
(RDMA_READ_CONSUME_CHECK_CONSUMER) timestamp=2972 ms, used_size=3473408 bytes (8.5%)
(RDMA_READ_CONSUME_CHECK_CONSUMER) timestamp=2972 ms, used_size=3471360 bytes (8.5%)
(RDMA_READ_CONSUME_CHECK_CONSUMER) timestamp=2972 ms, used_size=3469312 bytes (8.5%)
(RDMA_READ_CONSUME_CHECK_CONSUMER) timestamp=2972 ms, used_size=3467264 bytes (8.5%)
(RDMA_READ_CONSUME_CHECK_CONSUMER) timestamp=2972 ms, used_size=3465216 bytes (8.5%)
(RDMA_READ_CONSUME_CHECK_CONSUMER) timestamp=2972 ms, used_size=3463168 bytes (8.5%)
(RDMA_READ_CONSUME_CHECK_CONSUMER) timestamp=2972 ms, used_size=3461120 bytes (8.4%)
(RDMA_READ_CONSUME_CHECK_CONSUMER) timestamp=2972 ms, used_size=3459072 bytes (8.4%)
(RDMA_READ_CONSUME_CHECK_CONSUMER) timestamp=2972 ms, used_size=3457024 bytes (8.4%)
(RDMA_READ_CONSUME_CHECK_CONSUMER) timestamp=2972 ms, used_size=3454976 bytes (8.4%)
(RDMA_READ_CONSUME_CHECK_CONSUMER) timestamp=2972 ms, used_size=3452928 bytes (8.4%)
(RDMA_READ_CONSUME_CHECK_CONSUMER) timestamp=2972 ms, used_size=3450880 bytes (8.4%)
(RDMA_READ_CONSUME_CHECK_CONSUMER) timestamp=2972 ms, used_size=3448832 bytes (8.4%)
(RDMA_READ_CONSUME_CHECK_CONSUMER) timestamp=2972 ms, used_size=3446784 bytes (8.4%)
(RDMA_READ_CONSUME_CHECK_CONSUMER) timestamp=2972 ms, used_size=3444736 bytes (8.4%)
(RDMA_READ_CONSUME_CHECK_CONSUMER) timestamp=2972 ms, used_size=3442688 bytes (8.4%)
(RDMA_READ_CONSUME_CHECK_CONSUMER) timestamp=2972 ms, used_size=3440640 bytes (8.4%)
(RDMA_READ_CONSUME_CHECK_CONSUMER) timestamp=2972 ms, used_size=3438592 bytes (8.4%)
(RDMA_READ_CONSUME_CHECK_CONSUMER) timestamp=2972 ms, used_size=3436544 bytes (8.4%)
(RDMA_READ_CONSUME_CHECK_CONSUMER) timestamp=2972 ms, used_size=3434496 bytes (8.4%)
(RDMA_READ_CONSUME_CHECK_CONSUMER) timestamp=2972 ms, used_size=3432448 bytes (8.4%)
(RDMA_READ_CONSUME_CHECK_CONSUMER) timestamp=2972 ms, used_size=3430400 bytes (8.4%)
(RDMA_READ_CONSUME_CHECK_CONSUMER) timestamp=2972 ms, used_size=3428352 bytes (8.4%)
(RDMA_READ_CONSUME_CHECK_CONSUMER) timestamp=2972 ms, used_size=3426304 bytes (8.4%)
(RDMA_READ_CONSUME_CHECK_CONSUMER) timestamp=2972 ms, used_size=3424256 bytes (8.4%)
(RDMA_READ_CONSUME_CHECK_CONSUMER) timestamp=2972 ms, used_size=3422208 bytes (8.4%)
(RDMA_READ_CONSUME_CHECK_CONSUMER) timestamp=2972 ms, used_size=3420160 bytes (8.3%)
(RDMA_READ_CONSUME_CHECK_CONSUMER) timestamp=2972 ms, used_size=3418112 bytes (8.3%)
(RDMA_READ_CONSUME_CHECK_CONSUMER) timestamp=2972 ms, used_size=3416064 bytes (8.3%)
(RDMA_READ_CONSUME_CHECK_CONSUMER) timestamp=2972 ms, used_size=3414016 bytes (8.3%)
(RDMA_READ_CONSUME_CHECK_CONSUMER) timestamp=2972 ms, used_size=3411968 bytes (8.3%)
(RDMA_READ_CONSUME_CHECK_CONSUMER) timestamp=2972 ms, used_size=3409920 bytes (8.3%)
(RDMA_READ_CONSUME_CHECK_CONSUMER) timestamp=2972 ms, used_size=3407872 bytes (8.3%)
(RDMA_READ_CONSUME_CHECK_CONSUMER) timestamp=2972 ms, used_size=3405824 bytes (8.3%)
(RDMA_READ_CONSUME_CHECK_CONSUMER) timestamp=2972 ms, used_size=3403776 bytes (8.3%)
(RDMA_READ_CONSUME_CHECK_CONSUMER) timestamp=2972 ms, used_size=3401728 bytes (8.3%)
(RDMA_READ_CONSUME_CHECK_CONSUMER) timestamp=2972 ms, used_size=3399680 bytes (8.3%)
(RDMA_READ_CONSUME_CHECK_CONSUMER) timestamp=2972 ms, used_size=3397632 bytes (8.3%)
(RDMA_READ_CONSUME_CHECK_CONSUMER) timestamp=2972 ms, used_size=3395584 bytes (8.3%)
(RDMA_READ_CONSUME_CHECK_CONSUMER) timestamp=2972 ms, used_size=3393536 bytes (8.3%)
(RDMA_READ_CONSUME_CHECK_CONSUMER) timestamp=2972 ms, used_size=3391488 bytes (8.3%)
(RDMA_READ_CONSUME_CHECK_CONSUMER) timestamp=2972 ms, used_size=3389440 bytes (8.3%)
(RDMA_READ_CONSUME_CHECK_CONSUMER) timestamp=2972 ms, used_size=3387392 bytes (8.3%)
(RDMA_READ_CONSUME_CHECK_CONSUMER) timestamp=2972 ms, used_size=3385344 bytes (8.3%)
(RDMA_READ_CONSUME_CHECK_CONSUMER) timestamp=2972 ms, used_size=3383296 bytes (8.3%)
(RDMA_READ_CONSUME_CHECK_CONSUMER) timestamp=2972 ms, used_size=3381248 bytes (8.3%)
(RDMA_READ_CONSUME_CHECK_CONSUMER) timestamp=2972 ms, used_size=3379200 bytes (8.2%)
(RDMA_READ_CONSUME_CHECK_CONSUMER) timestamp=2972 ms, used_size=3377152 bytes (8.2%)
(RDMA_READ_CONSUME_CHECK_CONSUMER) timestamp=2972 ms, used_size=3375104 bytes (8.2%)
(RDMA_READ_CONSUME_CHECK_CONSUMER) timestamp=2972 ms, used_size=3373056 bytes (8.2%)
(RDMA_READ_CONSUME_CHECK_CONSUMER) timestamp=2972 ms, used_size=3371008 bytes (8.2%)
(RDMA_READ_CONSUME_CHECK_CONSUMER) timestamp=2972 ms, used_size=3368960 bytes (8.2%)
(RDMA_READ_CONSUME_CHECK_CONSUMER) timestamp=2972 ms, used_size=3366912 bytes (8.2%)
(RDMA_READ_CONSUME_CHECK_CONSUMER) timestamp=2972 ms, used_size=3364864 bytes (8.2%)
(RDMA_READ_CONSUME_CHECK_CONSUMER) timestamp=2972 ms, used_size=3362816 bytes (8.2%)
(RDMA_READ_CONSUME_CHECK_CONSUMER) timestamp=2972 ms, used_size=3360768 bytes (8.2%)
(RDMA_READ_CONSUME_CHECK_CONSUMER) timestamp=2972 ms, used_size=3358720 bytes (8.2%)
(RDMA_READ_CONSUME_CHECK_CONSUMER) timestamp=2972 ms, used_size=3356672 bytes (8.2%)
(RDMA_READ_CONSUME_CHECK_CONSUMER) timestamp=2972 ms, used_size=3354624 bytes (8.2%)
(RDMA_READ_CONSUME_CHECK_CONSUMER) timestamp=2972 ms, used_size=3352576 bytes (8.2%)
(RDMA_READ_CONSUME_CHECK_CONSUMER) timestamp=2972 ms, used_size=3350528 bytes (8.2%)
(RDMA_READ_CONSUME_CHECK_CONSUMER) timestamp=2972 ms, used_size=3348480 bytes (8.2%)
(RDMA_READ_CONSUME_CHECK_CONSUMER) timestamp=2972 ms, used_size=3346432 bytes (8.2%)
(RDMA_READ_CONSUME_CHECK_CONSUMER) timestamp=2972 ms, used_size=3344384 bytes (8.2%)
(RDMA_READ_CONSUME_CHECK_CONSUMER) timestamp=2972 ms, used_size=3342336 bytes (8.2%)
(RDMA_READ_CONSUME_CHECK_CONSUMER) timestamp=2972 ms, used_size=3340288 bytes (8.2%)
(RDMA_READ_CONSUME_CHECK_CONSUMER) timestamp=2972 ms, used_size=3338240 bytes (8.2%)
(RDMA_READ_CONSUME_CHECK_CONSUMER) timestamp=2972 ms, used_size=3336192 bytes (8.1%)
(RDMA_READ_CONSUME_CHECK_CONSUMER) timestamp=2972 ms, used_size=3334144 bytes (8.1%)
(RDMA_READ_CONSUME_CHECK_CONSUMER) timestamp=2972 ms, used_size=3332096 bytes (8.1%)
(RDMA_READ_CONSUME_CHECK_CONSUMER) timestamp=2972 ms, used_size=3330048 bytes (8.1%)
(RDMA_READ_CONSUME_CHECK_CONSUMER) timestamp=2972 ms, used_size=3328000 bytes (8.1%)
(RDMA_READ_CONSUME_CHECK_CONSUMER) timestamp=2972 ms, used_size=3325952 bytes (8.1%)
(RDMA_READ_CONSUME_CHECK_CONSUMER) timestamp=2972 ms, used_size=3323904 bytes (8.1%)
(RDMA_READ_CONSUME_CHECK_CONSUMER) timestamp=2972 ms, used_size=3321856 bytes (8.1%)
(RDMA_READ_CONSUME_CHECK_CONSUMER) timestamp=2972 ms, used_size=3319808 bytes (8.1%)
(RDMA_READ_CONSUME_CHECK_CONSUMER) timestamp=2972 ms, used_size=3317760 bytes (8.1%)
(RDMA_READ_CONSUME_CHECK_CONSUMER) timestamp=2972 ms, used_size=3315712 bytes (8.1%)
(RDMA_READ_CONSUME_CHECK_CONSUMER) timestamp=2972 ms, used_size=3313664 bytes (8.1%)
(RDMA_READ_CONSUME_CHECK_CONSUMER) timestamp=2972 ms, used_size=3311616 bytes (8.1%)
(RDMA_READ_CONSUME_CHECK_CONSUMER) timestamp=2972 ms, used_size=3309568 bytes (8.1%)
(RDMA_READ_CONSUME_CHECK_CONSUMER) timestamp=2972 ms, used_size=3307520 bytes (8.1%)
(RDMA_READ_CONSUME_CHECK_CONSUMER) timestamp=2972 ms, used_size=3305472 bytes (8.1%)
(RDMA_READ_CONSUME_CHECK_CONSUMER) timestamp=2972 ms, used_size=3303424 bytes (8.1%)
(RDMA_READ_CONSUME_CHECK_CONSUMER) timestamp=2972 ms, used_size=3301376 bytes (8.1%)
(RDMA_READ_CONSUME_CHECK_CONSUMER) timestamp=2972 ms, used_size=3299328 bytes (8.1%)
(RDMA_READ_CONSUME_CHECK_CONSUMER) timestamp=2972 ms, used_size=3297280 bytes (8.1%)
(RDMA_READ_CONSUME_CHECK_CONSUMER) timestamp=2972 ms, used_size=3295232 bytes (8.0%)
(RDMA_READ_CONSUME_CHECK_CONSUMER) timestamp=2972 ms, used_size=3293184 bytes (8.0%)
(RDMA_READ_CONSUME_CHECK_CONSUMER) timestamp=2972 ms, used_size=3291136 bytes (8.0%)
(RDMA_READ_CONSUME_CHECK_CONSUMER) timestamp=2972 ms, used_size=3289088 bytes (8.0%)
(RDMA_READ_CONSUME_CHECK_CONSUMER) timestamp=2972 ms, used_size=3287040 bytes (8.0%)
(RDMA_READ_CONSUME_CHECK_CONSUMER) timestamp=2972 ms, used_size=3284992 bytes (8.0%)
(RDMA_READ_CONSUME_CHECK_CONSUMER) timestamp=2972 ms, used_size=3282944 bytes (8.0%)
(RDMA_READ_CONSUME_CHECK_CONSUMER) timestamp=2972 ms, used_size=3280896 bytes (8.0%)
(RDMA_READ_CONSUME_CHECK_CONSUMER) timestamp=2972 ms, used_size=3278848 bytes (8.0%)
(RDMA_READ_CONSUME_CHECK_CONSUMER) timestamp=2972 ms, used_size=3276800 bytes (8.0%)
(RDMA_READ_CONSUME_CHECK_CONSUMER) timestamp=2972 ms, used_size=3274752 bytes (8.0%)
(RDMA_READ_CONSUME_CHECK_CONSUMER) timestamp=2972 ms, used_size=3272704 bytes (8.0%)
(RDMA_READ_CONSUME_CHECK_CONSUMER) timestamp=2972 ms, used_size=3270656 bytes (8.0%)
(RDMA_READ_CONSUME_CHECK_CONSUMER) timestamp=2972 ms, used_size=3268608 bytes (8.0%)
(RDMA_READ_CONSUME_CHECK_CONSUMER) timestamp=2972 ms, used_size=3266560 bytes (8.0%)
(RDMA_READ_CONSUME_CHECK_CONSUMER) timestamp=2972 ms, used_size=3264512 bytes (8.0%)
(RDMA_READ_CONSUME_CHECK_CONSUMER) timestamp=2972 ms, used_size=3262464 bytes (8.0%)
(RDMA_READ_CONSUME_CHECK_CONSUMER) timestamp=2972 ms, used_size=3260416 bytes (8.0%)
(RDMA_READ_CONSUME_CHECK_CONSUMER) timestamp=2972 ms, used_size=3258368 bytes (8.0%)
(RDMA_READ_CONSUME_CHECK_CONSUMER) timestamp=2972 ms, used_size=3256320 bytes (8.0%)
(RDMA_READ_CONSUME_CHECK_CONSUMER) timestamp=2972 ms, used_size=3254272 bytes (7.9%)
(RDMA_READ_CONSUME_CHECK_CONSUMER) timestamp=2972 ms, used_size=3252224 bytes (7.9%)
(RDMA_READ_CONSUME_CHECK_CONSUMER) timestamp=2972 ms, used_size=3250176 bytes (7.9%)
(RDMA_READ_CONSUME_CHECK_CONSUMER) timestamp=2972 ms, used_size=3248128 bytes (7.9%)
(RDMA_READ_CONSUME_CHECK_CONSUMER) timestamp=2972 ms, used_size=3246080 bytes (7.9%)
(RDMA_READ_CONSUME_CHECK_CONSUMER) timestamp=2972 ms, used_size=3244032 bytes (7.9%)
(RDMA_READ_CONSUME_CHECK_CONSUMER) timestamp=2972 ms, used_size=3241984 bytes (7.9%)
(RDMA_READ_CONSUME_CHECK_CONSUMER) timestamp=2972 ms, used_size=3239936 bytes (7.9%)
(RDMA_READ_CONSUME_CHECK_CONSUMER) timestamp=2972 ms, used_size=3237888 bytes (7.9%)
(RDMA_READ_CONSUME_CHECK_CONSUMER) timestamp=2972 ms, used_size=3235840 bytes (7.9%)
(RDMA_READ_CONSUME_CHECK_CONSUMER) timestamp=2972 ms, used_size=3233792 bytes (7.9%)
(RDMA_READ_CONSUME_CHECK_CONSUMER) timestamp=2972 ms, used_size=3231744 bytes (7.9%)
(RDMA_READ_CONSUME_CHECK_CONSUMER) timestamp=2972 ms, used_size=3229696 bytes (7.9%)
(RDMA_READ_CONSUME_CHECK_CONSUMER) timestamp=2972 ms, used_size=3227648 bytes (7.9%)
(RDMA_READ_CONSUME_CHECK_CONSUMER) timestamp=2972 ms, used_size=3225600 bytes (7.9%)
(RDMA_READ_CONSUME_CHECK_CONSUMER) timestamp=2972 ms, used_size=3223552 bytes (7.9%)
(RDMA_READ_CONSUME_CHECK_CONSUMER) timestamp=2972 ms, used_size=3221504 bytes (7.9%)
(RDMA_READ_CONSUME_CHECK_CONSUMER) timestamp=2972 ms, used_size=3219456 bytes (7.9%)
(RDMA_READ_CONSUME_CHECK_CONSUMER) timestamp=2972 ms, used_size=3217408 bytes (7.9%)
(RDMA_READ_CONSUME_CHECK_CONSUMER) timestamp=2972 ms, used_size=3215360 bytes (7.8%)
(RDMA_READ_CONSUME_CHECK_CONSUMER) timestamp=2972 ms, used_size=3213312 bytes (7.8%)
(RDMA_READ_CONSUME_CHECK_CONSUMER) timestamp=2972 ms, used_size=3211264 bytes (7.8%)
(RDMA_READ_CONSUME_CHECK_CONSUMER) timestamp=2972 ms, used_size=3209216 bytes (7.8%)
(RDMA_READ_CONSUME_CHECK_CONSUMER) timestamp=2972 ms, used_size=3207168 bytes (7.8%)
(RDMA_READ_CONSUME_CHECK_CONSUMER) timestamp=2972 ms, used_size=3205120 bytes (7.8%)
(RDMA_READ_CONSUME_CHECK_CONSUMER) timestamp=2972 ms, used_size=3203072 bytes (7.8%)
(RDMA_READ_CONSUME_CHECK_CONSUMER) timestamp=2972 ms, used_size=3201024 bytes (7.8%)
(RDMA_READ_CONSUME_CHECK_CONSUMER) timestamp=2972 ms, used_size=3198976 bytes (7.8%)
(RDMA_READ_CONSUME_CHECK_CONSUMER) timestamp=2972 ms, used_size=3196928 bytes (7.8%)
(RDMA_READ_CONSUME_CHECK_CONSUMER) timestamp=2972 ms, used_size=3194880 bytes (7.8%)
(RDMA_READ_CONSUME_CHECK_CONSUMER) timestamp=2972 ms, used_size=3192832 bytes (7.8%)
(RDMA_READ_CONSUME_CHECK_CONSUMER) timestamp=2972 ms, used_size=3190784 bytes (7.8%)
(RDMA_READ_CONSUME_CHECK_CONSUMER) timestamp=2972 ms, used_size=3188736 bytes (7.8%)
(RDMA_READ_CONSUME_CHECK_CONSUMER) timestamp=2972 ms, used_size=3186688 bytes (7.8%)
(RDMA_READ_CONSUME_CHECK_CONSUMER) timestamp=2973 ms, used_size=3184640 bytes (7.8%)
(RDMA_READ_CONSUME_CHECK_CONSUMER) timestamp=2973 ms, used_size=3182592 bytes (7.8%)
(RDMA_READ_CONSUME_CHECK_CONSUMER) timestamp=2973 ms, used_size=3180544 bytes (7.8%)
(RDMA_READ_CONSUME_CHECK_CONSUMER) timestamp=2973 ms, used_size=3178496 bytes (7.8%)
(RDMA_READ_CONSUME_CHECK_CONSUMER) timestamp=2973 ms, used_size=3176448 bytes (7.8%)
(RDMA_READ_CONSUME_CHECK_CONSUMER) timestamp=2973 ms, used_size=3174400 bytes (7.8%)
(RDMA_READ_CONSUME_CHECK_CONSUMER) timestamp=2973 ms, used_size=3172352 bytes (7.7%)
(RDMA_READ_CONSUME_CHECK_CONSUMER) timestamp=2973 ms, used_size=3170304 bytes (7.7%)
(RDMA_READ_CONSUME_CHECK_CONSUMER) timestamp=2973 ms, used_size=3168256 bytes (7.7%)
(RDMA_READ_CONSUME_CHECK_CONSUMER) timestamp=2973 ms, used_size=3166208 bytes (7.7%)
(RDMA_READ_CONSUME_CHECK_CONSUMER) timestamp=2973 ms, used_size=3164160 bytes (7.7%)
(RDMA_READ_CONSUME_CHECK_CONSUMER) timestamp=2973 ms, used_size=3162112 bytes (7.7%)
(RDMA_READ_CONSUME_CHECK_CONSUMER) timestamp=2973 ms, used_size=3160064 bytes (7.7%)
(RDMA_READ_CONSUME_CHECK_CONSUMER) timestamp=2973 ms, used_size=3158016 bytes (7.7%)
(RDMA_READ_CONSUME_CHECK_CONSUMER) timestamp=2973 ms, used_size=3155968 bytes (7.7%)
(RDMA_READ_CONSUME_CHECK_CONSUMER) timestamp=2973 ms, used_size=3153920 bytes (7.7%)
(RDMA_READ_CONSUME_CHECK_CONSUMER) timestamp=2973 ms, used_size=3151872 bytes (7.7%)
(RDMA_READ_CONSUME_CHECK_CONSUMER) timestamp=2973 ms, used_size=3149824 bytes (7.7%)
(RDMA_READ_CONSUME_CHECK_CONSUMER) timestamp=2973 ms, used_size=3147776 bytes (7.7%)
(RDMA_READ_CONSUME_CHECK_CONSUMER) timestamp=2973 ms, used_size=3145728 bytes (7.7%)
(RDMA_READ_CONSUME_CHECK_CONSUMER) timestamp=2973 ms, used_size=3143680 bytes (7.7%)
(RDMA_READ_CONSUME_CHECK_CONSUMER) timestamp=2973 ms, used_size=3141632 bytes (7.7%)
(RDMA_READ_CONSUME_CHECK_CONSUMER) timestamp=2973 ms, used_size=3139584 bytes (7.7%)
(RDMA_READ_CONSUME_CHECK_CONSUMER) timestamp=2973 ms, used_size=3137536 bytes (7.7%)
(RDMA_READ_CONSUME_CHECK_CONSUMER) timestamp=2973 ms, used_size=3135488 bytes (7.7%)
(RDMA_READ_CONSUME_CHECK_CONSUMER) timestamp=2973 ms, used_size=3133440 bytes (7.7%)
(RDMA_READ_CONSUME_CHECK_CONSUMER) timestamp=2973 ms, used_size=3131392 bytes (7.6%)
(RDMA_READ_CONSUME_CHECK_CONSUMER) timestamp=2973 ms, used_size=3129344 bytes (7.6%)
(RDMA_READ_CONSUME_CHECK_CONSUMER) timestamp=2973 ms, used_size=3127296 bytes (7.6%)
(RDMA_READ_CONSUME_CHECK_CONSUMER) timestamp=2973 ms, used_size=3125248 bytes (7.6%)
(RDMA_READ_CONSUME_CHECK_CONSUMER) timestamp=2973 ms, used_size=3123200 bytes (7.6%)
(RDMA_READ_CONSUME_CHECK_CONSUMER) timestamp=2973 ms, used_size=3121152 bytes (7.6%)
(RDMA_READ_CONSUME_CHECK_CONSUMER) timestamp=2973 ms, used_size=3119104 bytes (7.6%)
(RDMA_READ_CONSUME_CHECK_CONSUMER) timestamp=2973 ms, used_size=3117056 bytes (7.6%)
(RDMA_READ_CONSUME_CHECK_CONSUMER) timestamp=2973 ms, used_size=3115008 bytes (7.6%)
(RDMA_READ_CONSUME_CHECK_CONSUMER) timestamp=2973 ms, used_size=3112960 bytes (7.6%)
(RDMA_READ_CONSUME_CHECK_CONSUMER) timestamp=2973 ms, used_size=3110912 bytes (7.6%)
(RDMA_READ_CONSUME_CHECK_CONSUMER) timestamp=2973 ms, used_size=3108864 bytes (7.6%)
(RDMA_READ_CONSUME_CHECK_CONSUMER) timestamp=2973 ms, used_size=3106816 bytes (7.6%)
(RDMA_READ_CONSUME_CHECK_CONSUMER) timestamp=2973 ms, used_size=3104768 bytes (7.6%)
(RDMA_READ_CONSUME_CHECK_CONSUMER) timestamp=2973 ms, used_size=3102720 bytes (7.6%)
(RDMA_READ_CONSUME_CHECK_CONSUMER) timestamp=2973 ms, used_size=3100672 bytes (7.6%)
(RDMA_READ_CONSUME_CHECK_CONSUMER) timestamp=2973 ms, used_size=3098624 bytes (7.6%)
(RDMA_READ_CONSUME_CHECK_CONSUMER) timestamp=2973 ms, used_size=3096576 bytes (7.6%)
(RDMA_READ_CONSUME_CHECK_CONSUMER) timestamp=2973 ms, used_size=3094528 bytes (7.6%)
(RDMA_READ_CONSUME_CHECK_CONSUMER) timestamp=2973 ms, used_size=3092480 bytes (7.5%)
(RDMA_READ_CONSUME_CHECK_CONSUMER) timestamp=2973 ms, used_size=3090432 bytes (7.5%)
(RDMA_READ_CONSUME_CHECK_CONSUMER) timestamp=2973 ms, used_size=3088384 bytes (7.5%)
(RDMA_READ_CONSUME_CHECK_CONSUMER) timestamp=2973 ms, used_size=3086336 bytes (7.5%)
(RDMA_READ_CONSUME_CHECK_CONSUMER) timestamp=2973 ms, used_size=3084288 bytes (7.5%)
(RDMA_READ_CONSUME_CHECK_CONSUMER) timestamp=2973 ms, used_size=3082240 bytes (7.5%)
(RDMA_READ_CONSUME_CHECK_CONSUMER) timestamp=2973 ms, used_size=3080192 bytes (7.5%)
(RDMA_READ_CONSUME_CHECK_CONSUMER) timestamp=2973 ms, used_size=3078144 bytes (7.5%)
(RDMA_READ_CONSUME_CHECK_CONSUMER) timestamp=2973 ms, used_size=3076096 bytes (7.5%)
(RDMA_READ_CONSUME_CHECK_CONSUMER) timestamp=2973 ms, used_size=3074048 bytes (7.5%)
(RDMA_READ_CONSUME_CHECK_CONSUMER) timestamp=2973 ms, used_size=3072000 bytes (7.5%)
(RDMA_READ_CONSUME_CHECK_CONSUMER) timestamp=2973 ms, used_size=3069952 bytes (7.5%)
(RDMA_READ_CONSUME_CHECK_CONSUMER) timestamp=2973 ms, used_size=3067904 bytes (7.5%)
(RDMA_READ_CONSUME_CHECK_CONSUMER) timestamp=2973 ms, used_size=3065856 bytes (7.5%)
(RDMA_READ_CONSUME_CHECK_CONSUMER) timestamp=2973 ms, used_size=3063808 bytes (7.5%)
(RDMA_READ_CONSUME_CHECK_CONSUMER) timestamp=2973 ms, used_size=3061760 bytes (7.5%)
(RDMA_READ_CONSUME_CHECK_CONSUMER) timestamp=2973 ms, used_size=3059712 bytes (7.5%)
(RDMA_READ_CONSUME_CHECK_CONSUMER) timestamp=2973 ms, used_size=3057664 bytes (7.5%)
(RDMA_READ_CONSUME_CHECK_CONSUMER) timestamp=2973 ms, used_size=3055616 bytes (7.5%)
(RDMA_READ_CONSUME_CHECK_CONSUMER) timestamp=2973 ms, used_size=3053568 bytes (7.5%)
(RDMA_READ_CONSUME_CHECK_CONSUMER) timestamp=2973 ms, used_size=3051520 bytes (7.5%)
(RDMA_READ_CONSUME_CHECK_CONSUMER) timestamp=2973 ms, used_size=3049472 bytes (7.4%)
(RDMA_READ_CONSUME_CHECK_CONSUMER) timestamp=2973 ms, used_size=3047424 bytes (7.4%)
(RDMA_READ_CONSUME_CHECK_CONSUMER) timestamp=2973 ms, used_size=3045376 bytes (7.4%)
(RDMA_READ_CONSUME_CHECK_CONSUMER) timestamp=2973 ms, used_size=3043328 bytes (7.4%)
(RDMA_READ_CONSUME_CHECK_CONSUMER) timestamp=2973 ms, used_size=3041280 bytes (7.4%)
(RDMA_READ_CONSUME_CHECK_CONSUMER) timestamp=2973 ms, used_size=3039232 bytes (7.4%)
(RDMA_READ_CONSUME_CHECK_CONSUMER) timestamp=2973 ms, used_size=3037184 bytes (7.4%)
(RDMA_READ_CONSUME_CHECK_CONSUMER) timestamp=2973 ms, used_size=3035136 bytes (7.4%)
(RDMA_READ_CONSUME_CHECK_CONSUMER) timestamp=2973 ms, used_size=3033088 bytes (7.4%)
(RDMA_READ_CONSUME_CHECK_CONSUMER) timestamp=2973 ms, used_size=3031040 bytes (7.4%)
(RDMA_READ_CONSUME_CHECK_CONSUMER) timestamp=2973 ms, used_size=3028992 bytes (7.4%)
(RDMA_READ_CONSUME_CHECK_CONSUMER) timestamp=2973 ms, used_size=3026944 bytes (7.4%)
(RDMA_READ_CONSUME_CHECK_CONSUMER) timestamp=2973 ms, used_size=3024896 bytes (7.4%)
(RDMA_READ_CONSUME_CHECK_CONSUMER) timestamp=2973 ms, used_size=3022848 bytes (7.4%)
(RDMA_READ_CONSUME_CHECK_CONSUMER) timestamp=2973 ms, used_size=3020800 bytes (7.4%)
(RDMA_READ_CONSUME_CHECK_CONSUMER) timestamp=2973 ms, used_size=3018752 bytes (7.4%)
(RDMA_READ_CONSUME_CHECK_CONSUMER) timestamp=2973 ms, used_size=3016704 bytes (7.4%)
(RDMA_READ_CONSUME_CHECK_CONSUMER) timestamp=2973 ms, used_size=3014656 bytes (7.4%)
(RDMA_READ_CONSUME_CHECK_CONSUMER) timestamp=2973 ms, used_size=3012608 bytes (7.4%)
(RDMA_READ_CONSUME_CHECK_CONSUMER) timestamp=2973 ms, used_size=3010560 bytes (7.3%)
(RDMA_READ_CONSUME_CHECK_CONSUMER) timestamp=2973 ms, used_size=3008512 bytes (7.3%)
(RDMA_READ_CONSUME_CHECK_CONSUMER) timestamp=2973 ms, used_size=3006464 bytes (7.3%)
(RDMA_READ_CONSUME_CHECK_CONSUMER) timestamp=2973 ms, used_size=3004416 bytes (7.3%)
(RDMA_READ_CONSUME_CHECK_CONSUMER) timestamp=2973 ms, used_size=3002368 bytes (7.3%)
(RDMA_READ_CONSUME_CHECK_CONSUMER) timestamp=2973 ms, used_size=3000320 bytes (7.3%)
(RDMA_READ_CONSUME_CHECK_CONSUMER) timestamp=2973 ms, used_size=2998272 bytes (7.3%)
(RDMA_READ_CONSUME_CHECK_CONSUMER) timestamp=2973 ms, used_size=2996224 bytes (7.3%)
(RDMA_READ_CONSUME_CHECK_CONSUMER) timestamp=2973 ms, used_size=2994176 bytes (7.3%)
(RDMA_READ_CONSUME_CHECK_CONSUMER) timestamp=2973 ms, used_size=2992128 bytes (7.3%)
(RDMA_READ_CONSUME_CHECK_CONSUMER) timestamp=2973 ms, used_size=2990080 bytes (7.3%)
(RDMA_READ_CONSUME_CHECK_CONSUMER) timestamp=2973 ms, used_size=2988032 bytes (7.3%)
(RDMA_READ_CONSUME_CHECK_CONSUMER) timestamp=2973 ms, used_size=2985984 bytes (7.3%)
(RDMA_READ_CONSUME_CHECK_CONSUMER) timestamp=2973 ms, used_size=2983936 bytes (7.3%)
(RDMA_READ_CONSUME_CHECK_CONSUMER) timestamp=2973 ms, used_size=2981888 bytes (7.3%)
(RDMA_READ_CONSUME_CHECK_CONSUMER) timestamp=2973 ms, used_size=2979840 bytes (7.3%)
(RDMA_READ_CONSUME_CHECK_CONSUMER) timestamp=2973 ms, used_size=2977792 bytes (7.3%)
(RDMA_READ_CONSUME_CHECK_CONSUMER) timestamp=2973 ms, used_size=2975744 bytes (7.3%)
(RDMA_READ_CONSUME_CHECK_CONSUMER) timestamp=2973 ms, used_size=2973696 bytes (7.3%)
(RDMA_READ_CONSUME_CHECK_CONSUMER) timestamp=2973 ms, used_size=2971648 bytes (7.3%)
(RDMA_READ_CONSUME_CHECK_CONSUMER) timestamp=2973 ms, used_size=2969600 bytes (7.2%)
(RDMA_READ_CONSUME_CHECK_CONSUMER) timestamp=2973 ms, used_size=2967552 bytes (7.2%)
(RDMA_READ_CONSUME_CHECK_CONSUMER) timestamp=2973 ms, used_size=2965504 bytes (7.2%)
(RDMA_READ_CONSUME_CHECK_CONSUMER) timestamp=2973 ms, used_size=2963456 bytes (7.2%)
(RDMA_READ_CONSUME_CHECK_CONSUMER) timestamp=2973 ms, used_size=2961408 bytes (7.2%)
(RDMA_READ_CONSUME_CHECK_CONSUMER) timestamp=2973 ms, used_size=2959360 bytes (7.2%)
(RDMA_READ_CONSUME_CHECK_CONSUMER) timestamp=2973 ms, used_size=2957312 bytes (7.2%)
(RDMA_READ_CONSUME_CHECK_CONSUMER) timestamp=2973 ms, used_size=2955264 bytes (7.2%)
(RDMA_READ_CONSUME_CHECK_CONSUMER) timestamp=2973 ms, used_size=2953216 bytes (7.2%)
(RDMA_READ_CONSUME_CHECK_CONSUMER) timestamp=2973 ms, used_size=2951168 bytes (7.2%)
(RDMA_READ_CONSUME_CHECK_CONSUMER) timestamp=2973 ms, used_size=2949120 bytes (7.2%)
(RDMA_READ_CONSUME_CHECK_CONSUMER) timestamp=2973 ms, used_size=2947072 bytes (7.2%)
(RDMA_READ_CONSUME_CHECK_CONSUMER) timestamp=2973 ms, used_size=2945024 bytes (7.2%)
(RDMA_READ_CONSUME_CHECK_CONSUMER) timestamp=2973 ms, used_size=2942976 bytes (7.2%)
(RDMA_READ_CONSUME_CHECK_CONSUMER) timestamp=2973 ms, used_size=2940928 bytes (7.2%)
(RDMA_READ_CONSUME_CHECK_CONSUMER) timestamp=2973 ms, used_size=2938880 bytes (7.2%)
(RDMA_READ_CONSUME_CHECK_CONSUMER) timestamp=2973 ms, used_size=2936832 bytes (7.2%)
(RDMA_READ_CONSUME_CHECK_CONSUMER) timestamp=2973 ms, used_size=2934784 bytes (7.2%)
(RDMA_READ_CONSUME_CHECK_CONSUMER) timestamp=2973 ms, used_size=2932736 bytes (7.2%)
(RDMA_READ_CONSUME_CHECK_CONSUMER) timestamp=2973 ms, used_size=2930688 bytes (7.2%)
(RDMA_READ_CONSUME_CHECK_CONSUMER) timestamp=2973 ms, used_size=2928640 bytes (7.2%)
(RDMA_READ_CONSUME_CHECK_CONSUMER) timestamp=2973 ms, used_size=2926592 bytes (7.1%)
(RDMA_READ_CONSUME_CHECK_CONSUMER) timestamp=2973 ms, used_size=2924544 bytes (7.1%)
(RDMA_READ_CONSUME_CHECK_CONSUMER) timestamp=2973 ms, used_size=2922496 bytes (7.1%)
(RDMA_READ_CONSUME_CHECK_CONSUMER) timestamp=2973 ms, used_size=2920448 bytes (7.1%)
(RDMA_READ_CONSUME_CHECK_CONSUMER) timestamp=2973 ms, used_size=2918400 bytes (7.1%)
(RDMA_READ_CONSUME_CHECK_CONSUMER) timestamp=2973 ms, used_size=2916352 bytes (7.1%)
(RDMA_READ_CONSUME_CHECK_CONSUMER) timestamp=2973 ms, used_size=2914304 bytes (7.1%)
(RDMA_READ_CONSUME_CHECK_CONSUMER) timestamp=2973 ms, used_size=2912256 bytes (7.1%)
(RDMA_READ_CONSUME_CHECK_CONSUMER) timestamp=2973 ms, used_size=2910208 bytes (7.1%)
(RDMA_READ_CONSUME_CHECK_CONSUMER) timestamp=2973 ms, used_size=2908160 bytes (7.1%)
(RDMA_READ_CONSUME_CHECK_CONSUMER) timestamp=2973 ms, used_size=2906112 bytes (7.1%)
(RDMA_READ_CONSUME_CHECK_CONSUMER) timestamp=2973 ms, used_size=2904064 bytes (7.1%)
(RDMA_READ_CONSUME_CHECK_CONSUMER) timestamp=2973 ms, used_size=2902016 bytes (7.1%)
(RDMA_READ_CONSUME_CHECK_CONSUMER) timestamp=2973 ms, used_size=2899968 bytes (7.1%)
(RDMA_READ_CONSUME_CHECK_CONSUMER) timestamp=2973 ms, used_size=2897920 bytes (7.1%)
(RDMA_READ_CONSUME_CHECK_CONSUMER) timestamp=2973 ms, used_size=2895872 bytes (7.1%)
(RDMA_READ_CONSUME_CHECK_CONSUMER) timestamp=2973 ms, used_size=2893824 bytes (7.1%)
(RDMA_READ_CONSUME_CHECK_CONSUMER) timestamp=2973 ms, used_size=2891776 bytes (7.1%)
(RDMA_READ_CONSUME_CHECK_CONSUMER) timestamp=2973 ms, used_size=2889728 bytes (7.1%)
(RDMA_READ_CONSUME_CHECK_CONSUMER) timestamp=2973 ms, used_size=2887680 bytes (7.0%)
(RDMA_READ_CONSUME_CHECK_CONSUMER) timestamp=2973 ms, used_size=2885632 bytes (7.0%)
(RDMA_READ_CONSUME_CHECK_CONSUMER) timestamp=2973 ms, used_size=2883584 bytes (7.0%)
(RDMA_READ_CONSUME_CHECK_CONSUMER) timestamp=2973 ms, used_size=2881536 bytes (7.0%)
(RDMA_READ_CONSUME_CHECK_CONSUMER) timestamp=2973 ms, used_size=2879488 bytes (7.0%)
(RDMA_READ_CONSUME_CHECK_CONSUMER) timestamp=2973 ms, used_size=2877440 bytes (7.0%)
(RDMA_READ_CONSUME_CHECK_CONSUMER) timestamp=2973 ms, used_size=2875392 bytes (7.0%)
(RDMA_READ_CONSUME_CHECK_CONSUMER) timestamp=2973 ms, used_size=2873344 bytes (7.0%)
(RDMA_READ_CONSUME_CHECK_CONSUMER) timestamp=2973 ms, used_size=2871296 bytes (7.0%)
(RDMA_READ_CONSUME_CHECK_CONSUMER) timestamp=2973 ms, used_size=2869248 bytes (7.0%)
(RDMA_READ_CONSUME_CHECK_CONSUMER) timestamp=2973 ms, used_size=2867200 bytes (7.0%)
(RDMA_READ_CONSUME_CHECK_CONSUMER) timestamp=2973 ms, used_size=2865152 bytes (7.0%)
(RDMA_READ_CONSUME_CHECK_CONSUMER) timestamp=2973 ms, used_size=2863104 bytes (7.0%)
(RDMA_READ_CONSUME_CHECK_CONSUMER) timestamp=2973 ms, used_size=2861056 bytes (7.0%)
(RDMA_READ_CONSUME_CHECK_CONSUMER) timestamp=2973 ms, used_size=2859008 bytes (7.0%)
(RDMA_READ_CONSUME_CHECK_CONSUMER) timestamp=2973 ms, used_size=2856960 bytes (7.0%)
(RDMA_READ_CONSUME_CHECK_CONSUMER) timestamp=2973 ms, used_size=2854912 bytes (7.0%)
(RDMA_READ_CONSUME_CHECK_CONSUMER) timestamp=2973 ms, used_size=2852864 bytes (7.0%)
(RDMA_READ_CONSUME_CHECK_CONSUMER) timestamp=2973 ms, used_size=2850816 bytes (7.0%)
(RDMA_READ_CONSUME_CHECK_CONSUMER) timestamp=2973 ms, used_size=2848768 bytes (7.0%)
(RDMA_READ_CONSUME_CHECK_CONSUMER) timestamp=2973 ms, used_size=2846720 bytes (7.0%)
(RDMA_READ_CONSUME_CHECK_CONSUMER) timestamp=2973 ms, used_size=2844672 bytes (6.9%)
(RDMA_READ_CONSUME_CHECK_CONSUMER) timestamp=2973 ms, used_size=2842624 bytes (6.9%)
(RDMA_READ_CONSUME_CHECK_CONSUMER) timestamp=2973 ms, used_size=2840576 bytes (6.9%)
(RDMA_READ_CONSUME_CHECK_CONSUMER) timestamp=2973 ms, used_size=2838528 bytes (6.9%)
(RDMA_READ_CONSUME_CHECK_CONSUMER) timestamp=2973 ms, used_size=2836480 bytes (6.9%)
(RDMA_READ_CONSUME_CHECK_CONSUMER) timestamp=2973 ms, used_size=2834432 bytes (6.9%)
(RDMA_READ_CONSUME_CHECK_CONSUMER) timestamp=2973 ms, used_size=2832384 bytes (6.9%)
(RDMA_READ_CONSUME_CHECK_CONSUMER) timestamp=2973 ms, used_size=2830336 bytes (6.9%)
(RDMA_READ_CONSUME_CHECK_CONSUMER) timestamp=2973 ms, used_size=2828288 bytes (6.9%)
(RDMA_READ_CONSUME_CHECK_CONSUMER) timestamp=2974 ms, used_size=2826240 bytes (6.9%)
(RDMA_READ_CONSUME_CHECK_CONSUMER) timestamp=2974 ms, used_size=2824192 bytes (6.9%)
(RDMA_READ_CONSUME_CHECK_CONSUMER) timestamp=2974 ms, used_size=2822144 bytes (6.9%)
(RDMA_READ_CONSUME_CHECK_CONSUMER) timestamp=2974 ms, used_size=2820096 bytes (6.9%)
(RDMA_READ_CONSUME_CHECK_CONSUMER) timestamp=2974 ms, used_size=2818048 bytes (6.9%)
(RDMA_READ_CONSUME_CHECK_CONSUMER) timestamp=2974 ms, used_size=2816000 bytes (6.9%)
(RDMA_READ_CONSUME_CHECK_CONSUMER) timestamp=2974 ms, used_size=2813952 bytes (6.9%)
(RDMA_READ_CONSUME_CHECK_CONSUMER) timestamp=2974 ms, used_size=2811904 bytes (6.9%)
(RDMA_READ_CONSUME_CHECK_CONSUMER) timestamp=2974 ms, used_size=2809856 bytes (6.9%)
(RDMA_READ_CONSUME_CHECK_CONSUMER) timestamp=2974 ms, used_size=2807808 bytes (6.9%)
(RDMA_READ_CONSUME_CHECK_CONSUMER) timestamp=2974 ms, used_size=2805760 bytes (6.8%)
(RDMA_READ_CONSUME_CHECK_CONSUMER) timestamp=2974 ms, used_size=2803712 bytes (6.8%)
(RDMA_READ_CONSUME_CHECK_CONSUMER) timestamp=2974 ms, used_size=2801664 bytes (6.8%)
(RDMA_READ_CONSUME_CHECK_CONSUMER) timestamp=2974 ms, used_size=2799616 bytes (6.8%)
(RDMA_READ_CONSUME_CHECK_CONSUMER) timestamp=2974 ms, used_size=2797568 bytes (6.8%)
(RDMA_READ_CONSUME_CHECK_CONSUMER) timestamp=2974 ms, used_size=2795520 bytes (6.8%)
(RDMA_READ_CONSUME_CHECK_CONSUMER) timestamp=2974 ms, used_size=2793472 bytes (6.8%)
(RDMA_READ_CONSUME_CHECK_CONSUMER) timestamp=2974 ms, used_size=2791424 bytes (6.8%)
(RDMA_READ_CONSUME_CHECK_CONSUMER) timestamp=2974 ms, used_size=2789376 bytes (6.8%)
(RDMA_READ_CONSUME_CHECK_CONSUMER) timestamp=2974 ms, used_size=2787328 bytes (6.8%)
(RDMA_READ_CONSUME_CHECK_CONSUMER) timestamp=2974 ms, used_size=2785280 bytes (6.8%)
(RDMA_READ_CONSUME_CHECK_CONSUMER) timestamp=2974 ms, used_size=2783232 bytes (6.8%)
(RDMA_READ_CONSUME_CHECK_CONSUMER) timestamp=2974 ms, used_size=2781184 bytes (6.8%)
(RDMA_READ_CONSUME_CHECK_CONSUMER) timestamp=2974 ms, used_size=2779136 bytes (6.8%)
(RDMA_READ_CONSUME_CHECK_CONSUMER) timestamp=2974 ms, used_size=2777088 bytes (6.8%)
(RDMA_READ_CONSUME_CHECK_CONSUMER) timestamp=2974 ms, used_size=2775040 bytes (6.8%)
(RDMA_READ_CONSUME_CHECK_CONSUMER) timestamp=2974 ms, used_size=2772992 bytes (6.8%)
(RDMA_READ_CONSUME_CHECK_CONSUMER) timestamp=2974 ms, used_size=2770944 bytes (6.8%)
(RDMA_READ_CONSUME_CHECK_CONSUMER) timestamp=2974 ms, used_size=2768896 bytes (6.8%)
(RDMA_READ_CONSUME_CHECK_CONSUMER) timestamp=2974 ms, used_size=2766848 bytes (6.8%)
(RDMA_READ_CONSUME_CHECK_CONSUMER) timestamp=2974 ms, used_size=2764800 bytes (6.8%)
(RDMA_READ_CONSUME_CHECK_CONSUMER) timestamp=2974 ms, used_size=2762752 bytes (6.7%)
(RDMA_READ_CONSUME_CHECK_CONSUMER) timestamp=2974 ms, used_size=2760704 bytes (6.7%)
(RDMA_READ_CONSUME_CHECK_CONSUMER) timestamp=2974 ms, used_size=2758656 bytes (6.7%)
(RDMA_READ_CONSUME_CHECK_CONSUMER) timestamp=2974 ms, used_size=2756608 bytes (6.7%)
(RDMA_READ_CONSUME_CHECK_CONSUMER) timestamp=2974 ms, used_size=2754560 bytes (6.7%)
(RDMA_READ_CONSUME_CHECK_CONSUMER) timestamp=2974 ms, used_size=2752512 bytes (6.7%)
(RDMA_READ_CONSUME_CHECK_CONSUMER) timestamp=2974 ms, used_size=2750464 bytes (6.7%)
(RDMA_READ_CONSUME_CHECK_CONSUMER) timestamp=2974 ms, used_size=2748416 bytes (6.7%)
(RDMA_READ_CONSUME_CHECK_CONSUMER) timestamp=2974 ms, used_size=2746368 bytes (6.7%)
(RDMA_READ_CONSUME_CHECK_CONSUMER) timestamp=2974 ms, used_size=2744320 bytes (6.7%)
(RDMA_READ_CONSUME_CHECK_CONSUMER) timestamp=2974 ms, used_size=2742272 bytes (6.7%)
(RDMA_READ_CONSUME_CHECK_CONSUMER) timestamp=2974 ms, used_size=2740224 bytes (6.7%)
(RDMA_READ_CONSUME_CHECK_CONSUMER) timestamp=2974 ms, used_size=2738176 bytes (6.7%)
(RDMA_READ_CONSUME_CHECK_CONSUMER) timestamp=2974 ms, used_size=2736128 bytes (6.7%)
(RDMA_READ_CONSUME_CHECK_CONSUMER) timestamp=2974 ms, used_size=2734080 bytes (6.7%)
(RDMA_READ_CONSUME_CHECK_CONSUMER) timestamp=2974 ms, used_size=2732032 bytes (6.7%)
(RDMA_READ_CONSUME_CHECK_CONSUMER) timestamp=2974 ms, used_size=2729984 bytes (6.7%)
(RDMA_READ_CONSUME_CHECK_CONSUMER) timestamp=2974 ms, used_size=2727936 bytes (6.7%)
(RDMA_READ_CONSUME_CHECK_CONSUMER) timestamp=2974 ms, used_size=2725888 bytes (6.7%)
(RDMA_READ_CONSUME_CHECK_CONSUMER) timestamp=2974 ms, used_size=2723840 bytes (6.7%)
(RDMA_READ_CONSUME_CHECK_CONSUMER) timestamp=2974 ms, used_size=2721792 bytes (6.6%)
(RDMA_READ_CONSUME_CHECK_CONSUMER) timestamp=2974 ms, used_size=2719744 bytes (6.6%)
(RDMA_READ_CONSUME_CHECK_CONSUMER) timestamp=2974 ms, used_size=2717696 bytes (6.6%)
(RDMA_READ_CONSUME_CHECK_CONSUMER) timestamp=2974 ms, used_size=2715648 bytes (6.6%)
(RDMA_READ_CONSUME_CHECK_CONSUMER) timestamp=2974 ms, used_size=2713600 bytes (6.6%)
(RDMA_READ_CONSUME_CHECK_CONSUMER) timestamp=2974 ms, used_size=2711552 bytes (6.6%)
(RDMA_READ_CONSUME_CHECK_CONSUMER) timestamp=2974 ms, used_size=2709504 bytes (6.6%)
(RDMA_READ_CONSUME_CHECK_CONSUMER) timestamp=2974 ms, used_size=2707456 bytes (6.6%)
(RDMA_READ_CONSUME_CHECK_CONSUMER) timestamp=2974 ms, used_size=2705408 bytes (6.6%)
(RDMA_READ_CONSUME_CHECK_CONSUMER) timestamp=2974 ms, used_size=2703360 bytes (6.6%)
(RDMA_READ_CONSUME_CHECK_CONSUMER) timestamp=2974 ms, used_size=2701312 bytes (6.6%)
(RDMA_READ_CONSUME_CHECK_CONSUMER) timestamp=2974 ms, used_size=2699264 bytes (6.6%)
(RDMA_READ_CONSUME_CHECK_CONSUMER) timestamp=2974 ms, used_size=2697216 bytes (6.6%)
(RDMA_READ_CONSUME_CHECK_CONSUMER) timestamp=2974 ms, used_size=2695168 bytes (6.6%)
(RDMA_READ_CONSUME_CHECK_CONSUMER) timestamp=2974 ms, used_size=2693120 bytes (6.6%)
(RDMA_READ_CONSUME_CHECK_CONSUMER) timestamp=2974 ms, used_size=2691072 bytes (6.6%)
(RDMA_READ_CONSUME_CHECK_CONSUMER) timestamp=2974 ms, used_size=2689024 bytes (6.6%)
(RDMA_READ_CONSUME_CHECK_CONSUMER) timestamp=2974 ms, used_size=2686976 bytes (6.6%)
(RDMA_READ_CONSUME_CHECK_CONSUMER) timestamp=2974 ms, used_size=2684928 bytes (6.6%)
(RDMA_READ_CONSUME_CHECK_CONSUMER) timestamp=2974 ms, used_size=2682880 bytes (6.5%)
(RDMA_READ_CONSUME_CHECK_CONSUMER) timestamp=2974 ms, used_size=2680832 bytes (6.5%)
(RDMA_READ_CONSUME_CHECK_CONSUMER) timestamp=2974 ms, used_size=2678784 bytes (6.5%)
(RDMA_READ_CONSUME_CHECK_CONSUMER) timestamp=2974 ms, used_size=2676736 bytes (6.5%)
(RDMA_READ_CONSUME_CHECK_CONSUMER) timestamp=2974 ms, used_size=2674688 bytes (6.5%)
(RDMA_READ_CONSUME_CHECK_CONSUMER) timestamp=2974 ms, used_size=2672640 bytes (6.5%)
(RDMA_READ_CONSUME_CHECK_CONSUMER) timestamp=2974 ms, used_size=2670592 bytes (6.5%)
(RDMA_READ_CONSUME_CHECK_CONSUMER) timestamp=2974 ms, used_size=2668544 bytes (6.5%)
(RDMA_READ_CONSUME_CHECK_CONSUMER) timestamp=2974 ms, used_size=2666496 bytes (6.5%)
(RDMA_READ_CONSUME_CHECK_CONSUMER) timestamp=2974 ms, used_size=2664448 bytes (6.5%)
(RDMA_READ_CONSUME_CHECK_CONSUMER) timestamp=2974 ms, used_size=2662400 bytes (6.5%)
(RDMA_READ_CONSUME_CHECK_CONSUMER) timestamp=2974 ms, used_size=2660352 bytes (6.5%)
(RDMA_READ_CONSUME_CHECK_CONSUMER) timestamp=2974 ms, used_size=2658304 bytes (6.5%)
(RDMA_READ_CONSUME_CHECK_CONSUMER) timestamp=2974 ms, used_size=2656256 bytes (6.5%)
(RDMA_READ_CONSUME_CHECK_CONSUMER) timestamp=2974 ms, used_size=2654208 bytes (6.5%)
(RDMA_READ_CONSUME_CHECK_CONSUMER) timestamp=2974 ms, used_size=2652160 bytes (6.5%)
(RDMA_READ_CONSUME_CHECK_CONSUMER) timestamp=2974 ms, used_size=2650112 bytes (6.5%)
(RDMA_READ_CONSUME_CHECK_CONSUMER) timestamp=2974 ms, used_size=2648064 bytes (6.5%)
(RDMA_READ_CONSUME_CHECK_CONSUMER) timestamp=2974 ms, used_size=2646016 bytes (6.5%)
(RDMA_READ_CONSUME_CHECK_CONSUMER) timestamp=2974 ms, used_size=2643968 bytes (6.5%)
(RDMA_READ_CONSUME_CHECK_CONSUMER) timestamp=2974 ms, used_size=2641920 bytes (6.5%)
(RDMA_READ_CONSUME_CHECK_CONSUMER) timestamp=2974 ms, used_size=2639872 bytes (6.4%)
(RDMA_READ_CONSUME_CHECK_CONSUMER) timestamp=2974 ms, used_size=2637824 bytes (6.4%)
(RDMA_READ_CONSUME_CHECK_CONSUMER) timestamp=2974 ms, used_size=2635776 bytes (6.4%)
(RDMA_READ_CONSUME_CHECK_CONSUMER) timestamp=2974 ms, used_size=2633728 bytes (6.4%)
(RDMA_READ_CONSUME_CHECK_CONSUMER) timestamp=2974 ms, used_size=2631680 bytes (6.4%)
(RDMA_READ_CONSUME_CHECK_CONSUMER) timestamp=2974 ms, used_size=2629632 bytes (6.4%)
(RDMA_READ_CONSUME_CHECK_CONSUMER) timestamp=2974 ms, used_size=2627584 bytes (6.4%)
(RDMA_READ_CONSUME_CHECK_CONSUMER) timestamp=2974 ms, used_size=2625536 bytes (6.4%)
(RDMA_READ_CONSUME_CHECK_CONSUMER) timestamp=2974 ms, used_size=2623488 bytes (6.4%)
(RDMA_READ_CONSUME_CHECK_CONSUMER) timestamp=2974 ms, used_size=2621440 bytes (6.4%)
(RDMA_READ_CONSUME_CHECK_CONSUMER) timestamp=2974 ms, used_size=2619392 bytes (6.4%)
(RDMA_READ_CONSUME_CHECK_CONSUMER) timestamp=2974 ms, used_size=2617344 bytes (6.4%)
(RDMA_READ_CONSUME_CHECK_CONSUMER) timestamp=2974 ms, used_size=2615296 bytes (6.4%)
(RDMA_READ_CONSUME_CHECK_CONSUMER) timestamp=2974 ms, used_size=2613248 bytes (6.4%)
(RDMA_READ_CONSUME_CHECK_CONSUMER) timestamp=2974 ms, used_size=2611200 bytes (6.4%)
(RDMA_READ_CONSUME_CHECK_CONSUMER) timestamp=2974 ms, used_size=2609152 bytes (6.4%)
(RDMA_READ_CONSUME_CHECK_CONSUMER) timestamp=2974 ms, used_size=2607104 bytes (6.4%)
(RDMA_READ_CONSUME_CHECK_CONSUMER) timestamp=2974 ms, used_size=2605056 bytes (6.4%)
(RDMA_READ_CONSUME_CHECK_CONSUMER) timestamp=2974 ms, used_size=2603008 bytes (6.4%)
(RDMA_READ_CONSUME_CHECK_CONSUMER) timestamp=2974 ms, used_size=2600960 bytes (6.3%)
(RDMA_READ_CONSUME_CHECK_CONSUMER) timestamp=2974 ms, used_size=2598912 bytes (6.3%)
(RDMA_READ_CONSUME_CHECK_CONSUMER) timestamp=2974 ms, used_size=2596864 bytes (6.3%)
(RDMA_READ_CONSUME_CHECK_CONSUMER) timestamp=2974 ms, used_size=2594816 bytes (6.3%)
(RDMA_READ_CONSUME_CHECK_CONSUMER) timestamp=2974 ms, used_size=2592768 bytes (6.3%)
(RDMA_READ_CONSUME_CHECK_CONSUMER) timestamp=2974 ms, used_size=2590720 bytes (6.3%)
(RDMA_READ_CONSUME_CHECK_CONSUMER) timestamp=2974 ms, used_size=2588672 bytes (6.3%)
(RDMA_READ_CONSUME_CHECK_CONSUMER) timestamp=2974 ms, used_size=2586624 bytes (6.3%)
(RDMA_READ_CONSUME_CHECK_CONSUMER) timestamp=2974 ms, used_size=2584576 bytes (6.3%)
(RDMA_READ_CONSUME_CHECK_CONSUMER) timestamp=2974 ms, used_size=2582528 bytes (6.3%)
(RDMA_READ_CONSUME_CHECK_CONSUMER) timestamp=2974 ms, used_size=2580480 bytes (6.3%)
(RDMA_READ_CONSUME_CHECK_CONSUMER) timestamp=2974 ms, used_size=2578432 bytes (6.3%)
(RDMA_READ_CONSUME_CHECK_CONSUMER) timestamp=2974 ms, used_size=2576384 bytes (6.3%)
(RDMA_READ_CONSUME_CHECK_CONSUMER) timestamp=2974 ms, used_size=2574336 bytes (6.3%)
(RDMA_READ_CONSUME_CHECK_CONSUMER) timestamp=2974 ms, used_size=2572288 bytes (6.3%)
(RDMA_READ_CONSUME_CHECK_CONSUMER) timestamp=2974 ms, used_size=2570240 bytes (6.3%)
(RDMA_READ_CONSUME_CHECK_CONSUMER) timestamp=2974 ms, used_size=2568192 bytes (6.3%)
(RDMA_READ_CONSUME_CHECK_CONSUMER) timestamp=2974 ms, used_size=2566144 bytes (6.3%)
(RDMA_READ_CONSUME_CHECK_CONSUMER) timestamp=2974 ms, used_size=2564096 bytes (6.3%)
(RDMA_READ_CONSUME_CHECK_CONSUMER) timestamp=2974 ms, used_size=2562048 bytes (6.3%)
(RDMA_READ_CONSUME_CHECK_CONSUMER) timestamp=2974 ms, used_size=2560000 bytes (6.2%)
(RDMA_READ_CONSUME_CHECK_CONSUMER) timestamp=2974 ms, used_size=2557952 bytes (6.2%)
(RDMA_READ_CONSUME_CHECK_CONSUMER) timestamp=2974 ms, used_size=2555904 bytes (6.2%)
(RDMA_READ_CONSUME_CHECK_CONSUMER) timestamp=2974 ms, used_size=2553856 bytes (6.2%)
(RDMA_READ_CONSUME_CHECK_CONSUMER) timestamp=2974 ms, used_size=2551808 bytes (6.2%)
(RDMA_READ_CONSUME_CHECK_CONSUMER) timestamp=2974 ms, used_size=2549760 bytes (6.2%)
(RDMA_READ_CONSUME_CHECK_CONSUMER) timestamp=2974 ms, used_size=2547712 bytes (6.2%)
(RDMA_READ_CONSUME_CHECK_CONSUMER) timestamp=2974 ms, used_size=2545664 bytes (6.2%)
(RDMA_READ_CONSUME_CHECK_CONSUMER) timestamp=2974 ms, used_size=2543616 bytes (6.2%)
(RDMA_READ_CONSUME_CHECK_CONSUMER) timestamp=2974 ms, used_size=2541568 bytes (6.2%)
(RDMA_READ_CONSUME_CHECK_CONSUMER) timestamp=2974 ms, used_size=2539520 bytes (6.2%)
(RDMA_READ_CONSUME_CHECK_CONSUMER) timestamp=2974 ms, used_size=2537472 bytes (6.2%)
(RDMA_READ_CONSUME_CHECK_CONSUMER) timestamp=2974 ms, used_size=2535424 bytes (6.2%)
(RDMA_READ_CONSUME_CHECK_CONSUMER) timestamp=2974 ms, used_size=2533376 bytes (6.2%)
(RDMA_READ_CONSUME_CHECK_CONSUMER) timestamp=2974 ms, used_size=2531328 bytes (6.2%)
(RDMA_READ_CONSUME_CHECK_CONSUMER) timestamp=2974 ms, used_size=2529280 bytes (6.2%)
(RDMA_READ_CONSUME_CHECK_CONSUMER) timestamp=2974 ms, used_size=2527232 bytes (6.2%)
(RDMA_READ_CONSUME_CHECK_CONSUMER) timestamp=2974 ms, used_size=2525184 bytes (6.2%)
(RDMA_READ_CONSUME_CHECK_CONSUMER) timestamp=2974 ms, used_size=2523136 bytes (6.2%)
(RDMA_READ_CONSUME_CHECK_CONSUMER) timestamp=2974 ms, used_size=2521088 bytes (6.2%)
(RDMA_READ_CONSUME_CHECK_CONSUMER) timestamp=2974 ms, used_size=2519040 bytes (6.2%)
(RDMA_READ_CONSUME_CHECK_CONSUMER) timestamp=2974 ms, used_size=2516992 bytes (6.1%)
(RDMA_READ_CONSUME_CHECK_CONSUMER) timestamp=2974 ms, used_size=2514944 bytes (6.1%)
(RDMA_READ_CONSUME_CHECK_CONSUMER) timestamp=2974 ms, used_size=2512896 bytes (6.1%)
(RDMA_READ_CONSUME_CHECK_CONSUMER) timestamp=2974 ms, used_size=2510848 bytes (6.1%)
(RDMA_READ_CONSUME_CHECK_CONSUMER) timestamp=2974 ms, used_size=2508800 bytes (6.1%)
(RDMA_READ_CONSUME_CHECK_CONSUMER) timestamp=2974 ms, used_size=2506752 bytes (6.1%)
(RDMA_READ_CONSUME_CHECK_CONSUMER) timestamp=2974 ms, used_size=2504704 bytes (6.1%)
(RDMA_READ_CONSUME_CHECK_CONSUMER) timestamp=2974 ms, used_size=2502656 bytes (6.1%)
(RDMA_READ_CONSUME_CHECK_CONSUMER) timestamp=2974 ms, used_size=2500608 bytes (6.1%)
(RDMA_READ_CONSUME_CHECK_CONSUMER) timestamp=2974 ms, used_size=2498560 bytes (6.1%)
(RDMA_READ_CONSUME_CHECK_CONSUMER) timestamp=2974 ms, used_size=2496512 bytes (6.1%)
(RDMA_READ_CONSUME_CHECK_CONSUMER) timestamp=2974 ms, used_size=2494464 bytes (6.1%)
(RDMA_READ_CONSUME_CHECK_CONSUMER) timestamp=2974 ms, used_size=2492416 bytes (6.1%)
(RDMA_READ_CONSUME_CHECK_CONSUMER) timestamp=2974 ms, used_size=2490368 bytes (6.1%)
(RDMA_READ_CONSUME_CHECK_CONSUMER) timestamp=2974 ms, used_size=2488320 bytes (6.1%)
(RDMA_READ_CONSUME_CHECK_CONSUMER) timestamp=2974 ms, used_size=2486272 bytes (6.1%)
(RDMA_READ_CONSUME_CHECK_CONSUMER) timestamp=2974 ms, used_size=2484224 bytes (6.1%)
(RDMA_READ_CONSUME_CHECK_CONSUMER) timestamp=2974 ms, used_size=2482176 bytes (6.1%)
(RDMA_READ_CONSUME_CHECK_CONSUMER) timestamp=2974 ms, used_size=2480128 bytes (6.1%)
(RDMA_READ_CONSUME_CHECK_CONSUMER) timestamp=2974 ms, used_size=2478080 bytes (6.0%)
(RDMA_READ_CONSUME_CHECK_CONSUMER) timestamp=2974 ms, used_size=2476032 bytes (6.0%)
(RDMA_READ_CONSUME_CHECK_CONSUMER) timestamp=2974 ms, used_size=2473984 bytes (6.0%)
(RDMA_READ_CONSUME_CHECK_CONSUMER) timestamp=2974 ms, used_size=2471936 bytes (6.0%)
(RDMA_READ_CONSUME_CHECK_CONSUMER) timestamp=2974 ms, used_size=2469888 bytes (6.0%)
(RDMA_READ_CONSUME_CHECK_CONSUMER) timestamp=2974 ms, used_size=2467840 bytes (6.0%)
(RDMA_READ_CONSUME_CHECK_CONSUMER) timestamp=2974 ms, used_size=2465792 bytes (6.0%)
(RDMA_READ_CONSUME_CHECK_CONSUMER) timestamp=2974 ms, used_size=2463744 bytes (6.0%)
(RDMA_READ_CONSUME_CHECK_CONSUMER) timestamp=2974 ms, used_size=2461696 bytes (6.0%)
(RDMA_READ_CONSUME_CHECK_CONSUMER) timestamp=2974 ms, used_size=2459648 bytes (6.0%)
(RDMA_READ_CONSUME_CHECK_CONSUMER) timestamp=2974 ms, used_size=2457600 bytes (6.0%)
(RDMA_READ_CONSUME_CHECK_CONSUMER) timestamp=2975 ms, used_size=2455552 bytes (6.0%)
(RDMA_READ_CONSUME_CHECK_CONSUMER) timestamp=2975 ms, used_size=2453504 bytes (6.0%)
(RDMA_READ_CONSUME_CHECK_CONSUMER) timestamp=2975 ms, used_size=2451456 bytes (6.0%)
(RDMA_READ_CONSUME_CHECK_CONSUMER) timestamp=2975 ms, used_size=2449408 bytes (6.0%)
(RDMA_READ_CONSUME_CHECK_CONSUMER) timestamp=2975 ms, used_size=2447360 bytes (6.0%)
(RDMA_READ_CONSUME_CHECK_CONSUMER) timestamp=2975 ms, used_size=2445312 bytes (6.0%)
(RDMA_READ_CONSUME_CHECK_CONSUMER) timestamp=2975 ms, used_size=2443264 bytes (6.0%)
(RDMA_READ_CONSUME_CHECK_CONSUMER) timestamp=2975 ms, used_size=2441216 bytes (6.0%)
(RDMA_READ_CONSUME_CHECK_CONSUMER) timestamp=2975 ms, used_size=2439168 bytes (6.0%)
(RDMA_READ_CONSUME_CHECK_CONSUMER) timestamp=2975 ms, used_size=2437120 bytes (6.0%)
(RDMA_READ_CONSUME_CHECK_CONSUMER) timestamp=2975 ms, used_size=2435072 bytes (5.9%)
(RDMA_READ_CONSUME_CHECK_CONSUMER) timestamp=2975 ms, used_size=2433024 bytes (5.9%)
(RDMA_READ_CONSUME_CHECK_CONSUMER) timestamp=2975 ms, used_size=2430976 bytes (5.9%)
(RDMA_READ_CONSUME_CHECK_CONSUMER) timestamp=2975 ms, used_size=2428928 bytes (5.9%)
(RDMA_READ_CONSUME_CHECK_CONSUMER) timestamp=2975 ms, used_size=2426880 bytes (5.9%)
(RDMA_READ_CONSUME_CHECK_CONSUMER) timestamp=2975 ms, used_size=2424832 bytes (5.9%)
(RDMA_READ_CONSUME_CHECK_CONSUMER) timestamp=2975 ms, used_size=2422784 bytes (5.9%)
(RDMA_READ_CONSUME_CHECK_CONSUMER) timestamp=2975 ms, used_size=2420736 bytes (5.9%)
(RDMA_READ_CONSUME_CHECK_CONSUMER) timestamp=2975 ms, used_size=2418688 bytes (5.9%)
(RDMA_READ_CONSUME_CHECK_CONSUMER) timestamp=2975 ms, used_size=2416640 bytes (5.9%)
(RDMA_READ_CONSUME_CHECK_CONSUMER) timestamp=2975 ms, used_size=2414592 bytes (5.9%)
(RDMA_READ_CONSUME_CHECK_CONSUMER) timestamp=2975 ms, used_size=2412544 bytes (5.9%)
(RDMA_READ_CONSUME_CHECK_CONSUMER) timestamp=2975 ms, used_size=2410496 bytes (5.9%)
(RDMA_READ_CONSUME_CHECK_CONSUMER) timestamp=2975 ms, used_size=2408448 bytes (5.9%)
(RDMA_READ_CONSUME_CHECK_CONSUMER) timestamp=2975 ms, used_size=2406400 bytes (5.9%)
(RDMA_READ_CONSUME_CHECK_CONSUMER) timestamp=2975 ms, used_size=2404352 bytes (5.9%)
(RDMA_READ_CONSUME_CHECK_CONSUMER) timestamp=2975 ms, used_size=2402304 bytes (5.9%)
(RDMA_READ_CONSUME_CHECK_CONSUMER) timestamp=2975 ms, used_size=2400256 bytes (5.9%)
(RDMA_READ_CONSUME_CHECK_CONSUMER) timestamp=2975 ms, used_size=2398208 bytes (5.9%)
(RDMA_READ_CONSUME_CHECK_CONSUMER) timestamp=2975 ms, used_size=2396160 bytes (5.8%)
(RDMA_READ_CONSUME_CHECK_CONSUMER) timestamp=2975 ms, used_size=2394112 bytes (5.8%)
(RDMA_READ_CONSUME_CHECK_CONSUMER) timestamp=2975 ms, used_size=2392064 bytes (5.8%)
(RDMA_READ_CONSUME_CHECK_CONSUMER) timestamp=2975 ms, used_size=2390016 bytes (5.8%)
(RDMA_READ_CONSUME_CHECK_CONSUMER) timestamp=2975 ms, used_size=2387968 bytes (5.8%)
(RDMA_READ_CONSUME_CHECK_CONSUMER) timestamp=2975 ms, used_size=2385920 bytes (5.8%)
(RDMA_READ_CONSUME_CHECK_CONSUMER) timestamp=2975 ms, used_size=2383872 bytes (5.8%)
(RDMA_READ_CONSUME_CHECK_CONSUMER) timestamp=2975 ms, used_size=2381824 bytes (5.8%)
(RDMA_READ_CONSUME_CHECK_CONSUMER) timestamp=2975 ms, used_size=2379776 bytes (5.8%)
(RDMA_READ_CONSUME_CHECK_CONSUMER) timestamp=2975 ms, used_size=2377728 bytes (5.8%)
(RDMA_READ_CONSUME_CHECK_CONSUMER) timestamp=2975 ms, used_size=2375680 bytes (5.8%)
(RDMA_READ_CONSUME_CHECK_CONSUMER) timestamp=2975 ms, used_size=2373632 bytes (5.8%)
(RDMA_READ_CONSUME_CHECK_CONSUMER) timestamp=2975 ms, used_size=2371584 bytes (5.8%)
(RDMA_READ_CONSUME_CHECK_CONSUMER) timestamp=2975 ms, used_size=2369536 bytes (5.8%)
(RDMA_READ_CONSUME_CHECK_CONSUMER) timestamp=2975 ms, used_size=2367488 bytes (5.8%)
(RDMA_READ_CONSUME_CHECK_CONSUMER) timestamp=2975 ms, used_size=2365440 bytes (5.8%)
(RDMA_READ_CONSUME_CHECK_CONSUMER) timestamp=2975 ms, used_size=2363392 bytes (5.8%)
(RDMA_READ_CONSUME_CHECK_CONSUMER) timestamp=2975 ms, used_size=2361344 bytes (5.8%)
(RDMA_READ_CONSUME_CHECK_CONSUMER) timestamp=2975 ms, used_size=2359296 bytes (5.8%)
(RDMA_READ_CONSUME_CHECK_CONSUMER) timestamp=2975 ms, used_size=2357248 bytes (5.8%)
(RDMA_READ_CONSUME_CHECK_CONSUMER) timestamp=2975 ms, used_size=2355200 bytes (5.8%)
(RDMA_READ_CONSUME_CHECK_CONSUMER) timestamp=2975 ms, used_size=2353152 bytes (5.7%)
(RDMA_READ_CONSUME_CHECK_CONSUMER) timestamp=2975 ms, used_size=2351104 bytes (5.7%)
(RDMA_READ_CONSUME_CHECK_CONSUMER) timestamp=2975 ms, used_size=2349056 bytes (5.7%)
(RDMA_READ_CONSUME_CHECK_CONSUMER) timestamp=2975 ms, used_size=2347008 bytes (5.7%)
(RDMA_READ_CONSUME_CHECK_CONSUMER) timestamp=2975 ms, used_size=2344960 bytes (5.7%)
(RDMA_READ_CONSUME_CHECK_CONSUMER) timestamp=2975 ms, used_size=2342912 bytes (5.7%)
(RDMA_READ_CONSUME_CHECK_CONSUMER) timestamp=2975 ms, used_size=2340864 bytes (5.7%)
(RDMA_READ_CONSUME_CHECK_CONSUMER) timestamp=2975 ms, used_size=2338816 bytes (5.7%)
(RDMA_READ_CONSUME_CHECK_CONSUMER) timestamp=2975 ms, used_size=2336768 bytes (5.7%)
(RDMA_READ_CONSUME_CHECK_CONSUMER) timestamp=2975 ms, used_size=2334720 bytes (5.7%)
(RDMA_READ_CONSUME_CHECK_CONSUMER) timestamp=2975 ms, used_size=2332672 bytes (5.7%)
(RDMA_READ_CONSUME_CHECK_CONSUMER) timestamp=2975 ms, used_size=2330624 bytes (5.7%)
(RDMA_READ_CONSUME_CHECK_CONSUMER) timestamp=2975 ms, used_size=2328576 bytes (5.7%)
(RDMA_READ_CONSUME_CHECK_CONSUMER) timestamp=2975 ms, used_size=2326528 bytes (5.7%)
(RDMA_READ_CONSUME_CHECK_CONSUMER) timestamp=2975 ms, used_size=2324480 bytes (5.7%)
(RDMA_READ_CONSUME_CHECK_CONSUMER) timestamp=2975 ms, used_size=2322432 bytes (5.7%)
(RDMA_READ_CONSUME_CHECK_CONSUMER) timestamp=2975 ms, used_size=2320384 bytes (5.7%)
(RDMA_READ_CONSUME_CHECK_CONSUMER) timestamp=2975 ms, used_size=2318336 bytes (5.7%)
(RDMA_READ_CONSUME_CHECK_CONSUMER) timestamp=2975 ms, used_size=2316288 bytes (5.7%)
(RDMA_READ_CONSUME_CHECK_CONSUMER) timestamp=2975 ms, used_size=2314240 bytes (5.7%)
(RDMA_READ_CONSUME_CHECK_CONSUMER) timestamp=2975 ms, used_size=2312192 bytes (5.6%)
(RDMA_READ_CONSUME_CHECK_CONSUMER) timestamp=2975 ms, used_size=2310144 bytes (5.6%)
(RDMA_READ_CONSUME_CHECK_CONSUMER) timestamp=2975 ms, used_size=2308096 bytes (5.6%)
(RDMA_READ_CONSUME_CHECK_CONSUMER) timestamp=2975 ms, used_size=2306048 bytes (5.6%)
(RDMA_READ_CONSUME_CHECK_CONSUMER) timestamp=2975 ms, used_size=2304000 bytes (5.6%)
(RDMA_READ_CONSUME_CHECK_CONSUMER) timestamp=2975 ms, used_size=2301952 bytes (5.6%)
(RDMA_READ_CONSUME_CHECK_CONSUMER) timestamp=2975 ms, used_size=2299904 bytes (5.6%)
(RDMA_READ_CONSUME_CHECK_CONSUMER) timestamp=2975 ms, used_size=2297856 bytes (5.6%)
(RDMA_READ_CONSUME_CHECK_CONSUMER) timestamp=2975 ms, used_size=2295808 bytes (5.6%)
(RDMA_READ_CONSUME_CHECK_CONSUMER) timestamp=2975 ms, used_size=2293760 bytes (5.6%)
(RDMA_READ_CONSUME_CHECK_CONSUMER) timestamp=2975 ms, used_size=2291712 bytes (5.6%)
(RDMA_READ_CONSUME_CHECK_CONSUMER) timestamp=2975 ms, used_size=2289664 bytes (5.6%)
(RDMA_READ_CONSUME_CHECK_CONSUMER) timestamp=2975 ms, used_size=2287616 bytes (5.6%)
(RDMA_READ_CONSUME_CHECK_CONSUMER) timestamp=2975 ms, used_size=2285568 bytes (5.6%)
(RDMA_READ_CONSUME_CHECK_CONSUMER) timestamp=2975 ms, used_size=2283520 bytes (5.6%)
(RDMA_READ_CONSUME_CHECK_CONSUMER) timestamp=2975 ms, used_size=2281472 bytes (5.6%)
(RDMA_READ_CONSUME_CHECK_CONSUMER) timestamp=2975 ms, used_size=2279424 bytes (5.6%)
(RDMA_READ_CONSUME_CHECK_CONSUMER) timestamp=2975 ms, used_size=2277376 bytes (5.6%)
(RDMA_READ_CONSUME_CHECK_CONSUMER) timestamp=2975 ms, used_size=2275328 bytes (5.6%)
(RDMA_READ_CONSUME_CHECK_CONSUMER) timestamp=2975 ms, used_size=2273280 bytes (5.5%)
(RDMA_READ_CONSUME_CHECK_CONSUMER) timestamp=2975 ms, used_size=2271232 bytes (5.5%)
(RDMA_READ_CONSUME_CHECK_CONSUMER) timestamp=2975 ms, used_size=2269184 bytes (5.5%)
(RDMA_READ_CONSUME_CHECK_CONSUMER) timestamp=2975 ms, used_size=2267136 bytes (5.5%)
(RDMA_READ_CONSUME_CHECK_CONSUMER) timestamp=2975 ms, used_size=2265088 bytes (5.5%)
(RDMA_READ_CONSUME_CHECK_CONSUMER) timestamp=2975 ms, used_size=2263040 bytes (5.5%)
(RDMA_READ_CONSUME_CHECK_CONSUMER) timestamp=2975 ms, used_size=2260992 bytes (5.5%)
(RDMA_READ_CONSUME_CHECK_CONSUMER) timestamp=2975 ms, used_size=2258944 bytes (5.5%)
(RDMA_READ_CONSUME_CHECK_CONSUMER) timestamp=2975 ms, used_size=2256896 bytes (5.5%)
(RDMA_READ_CONSUME_CHECK_CONSUMER) timestamp=2975 ms, used_size=2254848 bytes (5.5%)
(RDMA_READ_CONSUME_CHECK_CONSUMER) timestamp=2975 ms, used_size=2252800 bytes (5.5%)
(RDMA_READ_CONSUME_CHECK_CONSUMER) timestamp=2975 ms, used_size=2250752 bytes (5.5%)
(RDMA_READ_CONSUME_CHECK_CONSUMER) timestamp=2975 ms, used_size=2248704 bytes (5.5%)
(RDMA_READ_CONSUME_CHECK_CONSUMER) timestamp=2975 ms, used_size=2246656 bytes (5.5%)
(RDMA_READ_CONSUME_CHECK_CONSUMER) timestamp=2975 ms, used_size=2244608 bytes (5.5%)
(RDMA_READ_CONSUME_CHECK_CONSUMER) timestamp=2975 ms, used_size=2242560 bytes (5.5%)
(RDMA_READ_CONSUME_CHECK_CONSUMER) timestamp=2975 ms, used_size=2240512 bytes (5.5%)
(RDMA_READ_CONSUME_CHECK_CONSUMER) timestamp=2975 ms, used_size=2238464 bytes (5.5%)
(RDMA_READ_CONSUME_CHECK_CONSUMER) timestamp=2975 ms, used_size=2236416 bytes (5.5%)
(RDMA_READ_CONSUME_CHECK_CONSUMER) timestamp=2975 ms, used_size=2234368 bytes (5.5%)
(RDMA_READ_CONSUME_CHECK_CONSUMER) timestamp=2975 ms, used_size=2232320 bytes (5.5%)
(RDMA_READ_CONSUME_CHECK_CONSUMER) timestamp=2975 ms, used_size=2230272 bytes (5.4%)
(RDMA_READ_CONSUME_CHECK_CONSUMER) timestamp=2975 ms, used_size=2228224 bytes (5.4%)
(RDMA_READ_CONSUME_CHECK_CONSUMER) timestamp=2975 ms, used_size=2226176 bytes (5.4%)
(RDMA_READ_CONSUME_CHECK_CONSUMER) timestamp=2975 ms, used_size=2224128 bytes (5.4%)
(RDMA_READ_CONSUME_CHECK_CONSUMER) timestamp=2975 ms, used_size=2222080 bytes (5.4%)
(RDMA_READ_CONSUME_CHECK_CONSUMER) timestamp=2975 ms, used_size=2220032 bytes (5.4%)
(RDMA_READ_CONSUME_CHECK_CONSUMER) timestamp=2975 ms, used_size=2217984 bytes (5.4%)
(RDMA_READ_CONSUME_CHECK_CONSUMER) timestamp=2975 ms, used_size=2215936 bytes (5.4%)
(RDMA_READ_CONSUME_CHECK_CONSUMER) timestamp=2975 ms, used_size=2213888 bytes (5.4%)
(RDMA_READ_CONSUME_CHECK_CONSUMER) timestamp=2975 ms, used_size=2211840 bytes (5.4%)
(RDMA_READ_CONSUME_CHECK_CONSUMER) timestamp=2975 ms, used_size=2209792 bytes (5.4%)
(RDMA_READ_CONSUME_CHECK_CONSUMER) timestamp=2975 ms, used_size=2207744 bytes (5.4%)
(RDMA_READ_CONSUME_CHECK_CONSUMER) timestamp=2975 ms, used_size=2205696 bytes (5.4%)
(RDMA_READ_CONSUME_CHECK_CONSUMER) timestamp=2975 ms, used_size=2203648 bytes (5.4%)
(RDMA_READ_CONSUME_CHECK_CONSUMER) timestamp=2975 ms, used_size=2201600 bytes (5.4%)
(RDMA_READ_CONSUME_CHECK_CONSUMER) timestamp=2975 ms, used_size=2199552 bytes (5.4%)
(RDMA_READ_CONSUME_CHECK_CONSUMER) timestamp=2975 ms, used_size=2197504 bytes (5.4%)
(RDMA_READ_CONSUME_CHECK_CONSUMER) timestamp=2975 ms, used_size=2195456 bytes (5.4%)
(RDMA_READ_CONSUME_CHECK_CONSUMER) timestamp=2975 ms, used_size=2193408 bytes (5.4%)
(RDMA_READ_CONSUME_CHECK_CONSUMER) timestamp=2975 ms, used_size=2191360 bytes (5.3%)
(RDMA_READ_CONSUME_CHECK_CONSUMER) timestamp=2975 ms, used_size=2189312 bytes (5.3%)
(RDMA_READ_CONSUME_CHECK_CONSUMER) timestamp=2975 ms, used_size=2187264 bytes (5.3%)
(RDMA_READ_CONSUME_CHECK_CONSUMER) timestamp=2975 ms, used_size=2185216 bytes (5.3%)
(RDMA_READ_CONSUME_CHECK_CONSUMER) timestamp=2975 ms, used_size=2183168 bytes (5.3%)
(RDMA_READ_CONSUME_CHECK_CONSUMER) timestamp=2975 ms, used_size=2181120 bytes (5.3%)
(RDMA_READ_CONSUME_CHECK_CONSUMER) timestamp=2975 ms, used_size=2179072 bytes (5.3%)
(RDMA_READ_CONSUME_CHECK_CONSUMER) timestamp=2975 ms, used_size=2177024 bytes (5.3%)
(RDMA_READ_CONSUME_CHECK_CONSUMER) timestamp=2975 ms, used_size=2174976 bytes (5.3%)
(RDMA_READ_CONSUME_CHECK_CONSUMER) timestamp=2975 ms, used_size=2172928 bytes (5.3%)
(RDMA_READ_CONSUME_CHECK_CONSUMER) timestamp=2975 ms, used_size=2170880 bytes (5.3%)
(RDMA_READ_CONSUME_CHECK_CONSUMER) timestamp=2975 ms, used_size=2168832 bytes (5.3%)
(RDMA_READ_CONSUME_CHECK_CONSUMER) timestamp=2975 ms, used_size=2166784 bytes (5.3%)
(RDMA_READ_CONSUME_CHECK_CONSUMER) timestamp=2975 ms, used_size=2164736 bytes (5.3%)
(RDMA_READ_CONSUME_CHECK_CONSUMER) timestamp=2975 ms, used_size=2162688 bytes (5.3%)
(RDMA_READ_CONSUME_CHECK_CONSUMER) timestamp=2975 ms, used_size=2160640 bytes (5.3%)
(RDMA_READ_CONSUME_CHECK_CONSUMER) timestamp=2975 ms, used_size=2158592 bytes (5.3%)
(RDMA_READ_CONSUME_CHECK_CONSUMER) timestamp=2975 ms, used_size=2156544 bytes (5.3%)
(RDMA_READ_CONSUME_CHECK_CONSUMER) timestamp=2975 ms, used_size=2154496 bytes (5.3%)
(RDMA_READ_CONSUME_CHECK_CONSUMER) timestamp=2975 ms, used_size=2152448 bytes (5.3%)
(RDMA_READ_CONSUME_CHECK_CONSUMER) timestamp=2975 ms, used_size=2150400 bytes (5.2%)
(RDMA_READ_CONSUME_CHECK_CONSUMER) timestamp=2975 ms, used_size=2148352 bytes (5.2%)
(RDMA_READ_CONSUME_CHECK_CONSUMER) timestamp=2975 ms, used_size=2146304 bytes (5.2%)
(RDMA_READ_CONSUME_CHECK_CONSUMER) timestamp=2975 ms, used_size=2144256 bytes (5.2%)
(RDMA_READ_CONSUME_CHECK_CONSUMER) timestamp=2975 ms, used_size=2142208 bytes (5.2%)
(RDMA_READ_CONSUME_CHECK_CONSUMER) timestamp=2975 ms, used_size=2140160 bytes (5.2%)
(RDMA_READ_CONSUME_CHECK_CONSUMER) timestamp=2975 ms, used_size=2138112 bytes (5.2%)
(RDMA_READ_CONSUME_CHECK_CONSUMER) timestamp=2975 ms, used_size=2136064 bytes (5.2%)
(RDMA_READ_CONSUME_CHECK_CONSUMER) timestamp=2975 ms, used_size=2134016 bytes (5.2%)
(RDMA_READ_CONSUME_CHECK_CONSUMER) timestamp=2975 ms, used_size=2131968 bytes (5.2%)
(RDMA_READ_CONSUME_CHECK_CONSUMER) timestamp=2975 ms, used_size=2129920 bytes (5.2%)
(RDMA_READ_CONSUME_CHECK_CONSUMER) timestamp=2975 ms, used_size=2127872 bytes (5.2%)
(RDMA_READ_CONSUME_CHECK_CONSUMER) timestamp=2975 ms, used_size=2125824 bytes (5.2%)
(RDMA_READ_CONSUME_CHECK_CONSUMER) timestamp=2975 ms, used_size=2123776 bytes (5.2%)
(RDMA_READ_CONSUME_CHECK_CONSUMER) timestamp=2975 ms, used_size=2121728 bytes (5.2%)
(RDMA_READ_CONSUME_CHECK_CONSUMER) timestamp=2975 ms, used_size=2119680 bytes (5.2%)
(RDMA_READ_CONSUME_CHECK_CONSUMER) timestamp=2975 ms, used_size=2117632 bytes (5.2%)
(RDMA_READ_CONSUME_CHECK_CONSUMER) timestamp=2975 ms, used_size=2115584 bytes (5.2%)
(RDMA_READ_CONSUME_CHECK_CONSUMER) timestamp=2975 ms, used_size=2113536 bytes (5.2%)
(RDMA_READ_CONSUME_CHECK_CONSUMER) timestamp=2975 ms, used_size=2111488 bytes (5.2%)
(RDMA_READ_CONSUME_CHECK_CONSUMER) timestamp=2975 ms, used_size=2109440 bytes (5.2%)
(RDMA_READ_CONSUME_CHECK_CONSUMER) timestamp=2975 ms, used_size=2107392 bytes (5.1%)
(RDMA_READ_CONSUME_CHECK_CONSUMER) timestamp=2975 ms, used_size=2105344 bytes (5.1%)
(RDMA_READ_CONSUME_CHECK_CONSUMER) timestamp=2975 ms, used_size=2103296 bytes (5.1%)
(RDMA_READ_CONSUME_CHECK_CONSUMER) timestamp=2975 ms, used_size=2101248 bytes (5.1%)
(RDMA_READ_CONSUME_CHECK_CONSUMER) timestamp=2975 ms, used_size=2099200 bytes (5.1%)
(RDMA_READ_CONSUME_CHECK_CONSUMER) timestamp=2975 ms, used_size=2097152 bytes (5.1%)
(RDMA_READ_CONSUME_CHECK_CONSUMER) timestamp=2975 ms, used_size=2095104 bytes (5.1%)
(RDMA_READ_CONSUME_CHECK_CONSUMER) timestamp=2975 ms, used_size=2093056 bytes (5.1%)
(RDMA_READ_CONSUME_CHECK_CONSUMER) timestamp=2975 ms, used_size=2091008 bytes (5.1%)
(RDMA_READ_CONSUME_CHECK_CONSUMER) timestamp=2975 ms, used_size=2088960 bytes (5.1%)
(RDMA_READ_CONSUME_CHECK_CONSUMER) timestamp=2975 ms, used_size=2086912 bytes (5.1%)
(RDMA_READ_CONSUME_CHECK_CONSUMER) timestamp=2975 ms, used_size=2084864 bytes (5.1%)
(RDMA_READ_CONSUME_CHECK_CONSUMER) timestamp=2976 ms, used_size=2082816 bytes (5.1%)
(RDMA_READ_CONSUME_CHECK_CONSUMER) timestamp=2976 ms, used_size=2080768 bytes (5.1%)
(RDMA_READ_CONSUME_CHECK_CONSUMER) timestamp=2976 ms, used_size=2078720 bytes (5.1%)
(RDMA_READ_CONSUME_CHECK_CONSUMER) timestamp=2976 ms, used_size=2076672 bytes (5.1%)
(RDMA_READ_CONSUME_CHECK_CONSUMER) timestamp=2976 ms, used_size=2074624 bytes (5.1%)
(RDMA_READ_CONSUME_CHECK_CONSUMER) timestamp=2976 ms, used_size=2072576 bytes (5.1%)
(RDMA_READ_CONSUME_CHECK_CONSUMER) timestamp=2976 ms, used_size=2070528 bytes (5.1%)
(RDMA_READ_CONSUME_CHECK_CONSUMER) timestamp=2976 ms, used_size=2068480 bytes (5.0%)
(RDMA_READ_CONSUME_CHECK_CONSUMER) timestamp=2976 ms, used_size=2066432 bytes (5.0%)
(RDMA_READ_CONSUME_CHECK_CONSUMER) timestamp=2976 ms, used_size=2064384 bytes (5.0%)
(RDMA_READ_CONSUME_CHECK_CONSUMER) timestamp=2976 ms, used_size=2062336 bytes (5.0%)
(RDMA_READ_CONSUME_CHECK_CONSUMER) timestamp=2976 ms, used_size=2060288 bytes (5.0%)
(RDMA_READ_CONSUME_CHECK_CONSUMER) timestamp=2976 ms, used_size=2058240 bytes (5.0%)
(RDMA_READ_CONSUME_CHECK_CONSUMER) timestamp=2976 ms, used_size=2056192 bytes (5.0%)
(RDMA_READ_CONSUME_CHECK_CONSUMER) timestamp=2976 ms, used_size=2054144 bytes (5.0%)
(RDMA_READ_CONSUME_CHECK_CONSUMER) timestamp=2976 ms, used_size=2052096 bytes (5.0%)
(RDMA_READ_CONSUME_CHECK_CONSUMER) timestamp=2976 ms, used_size=2050048 bytes (5.0%)
(RDMA_READ_CONSUME_CHECK_CONSUMER) timestamp=2976 ms, used_size=2048000 bytes (5.0%)
(RDMA_READ_CONSUME_CHECK_CONSUMER) timestamp=2976 ms, used_size=2045952 bytes (5.0%)
(RDMA_READ_CONSUME_CHECK_CONSUMER) timestamp=2976 ms, used_size=2043904 bytes (5.0%)
(RDMA_READ_CONSUME_CHECK_CONSUMER) timestamp=2976 ms, used_size=2041856 bytes (5.0%)
(RDMA_READ_CONSUME_CHECK_CONSUMER) timestamp=2976 ms, used_size=2039808 bytes (5.0%)
(RDMA_READ_CONSUME_CHECK_CONSUMER) timestamp=2976 ms, used_size=2037760 bytes (5.0%)
(RDMA_READ_CONSUME_CHECK_CONSUMER) timestamp=2976 ms, used_size=2035712 bytes (5.0%)
(RDMA_READ_CONSUME_CHECK_CONSUMER) timestamp=2976 ms, used_size=2033664 bytes (5.0%)
(RDMA_READ_CONSUME_CHECK_CONSUMER) timestamp=2976 ms, used_size=2031616 bytes (5.0%)
(RDMA_READ_CONSUME_CHECK_CONSUMER) timestamp=2976 ms, used_size=2029568 bytes (5.0%)
(RDMA_READ_CONSUME_CHECK_CONSUMER) timestamp=2976 ms, used_size=2027520 bytes (5.0%)
(RDMA_READ_CONSUME_CHECK_CONSUMER) timestamp=2976 ms, used_size=2025472 bytes (4.9%)
(RDMA_READ_CONSUME_CHECK_CONSUMER) timestamp=2976 ms, used_size=2023424 bytes (4.9%)
(RDMA_READ_CONSUME_CHECK_CONSUMER) timestamp=2976 ms, used_size=2021376 bytes (4.9%)
(RDMA_READ_CONSUME_CHECK_CONSUMER) timestamp=2976 ms, used_size=2019328 bytes (4.9%)
(RDMA_READ_CONSUME_CHECK_CONSUMER) timestamp=2976 ms, used_size=2017280 bytes (4.9%)
(RDMA_READ_CONSUME_CHECK_CONSUMER) timestamp=2976 ms, used_size=2015232 bytes (4.9%)
(RDMA_READ_CONSUME_CHECK_CONSUMER) timestamp=2976 ms, used_size=2013184 bytes (4.9%)
(RDMA_READ_CONSUME_CHECK_CONSUMER) timestamp=2976 ms, used_size=2011136 bytes (4.9%)
(RDMA_READ_CONSUME_CHECK_CONSUMER) timestamp=2976 ms, used_size=2009088 bytes (4.9%)
(RDMA_READ_CONSUME_CHECK_CONSUMER) timestamp=2976 ms, used_size=2007040 bytes (4.9%)
(RDMA_READ_CONSUME_CHECK_CONSUMER) timestamp=2976 ms, used_size=2004992 bytes (4.9%)
(RDMA_READ_CONSUME_CHECK_CONSUMER) timestamp=2976 ms, used_size=2002944 bytes (4.9%)
(RDMA_READ_CONSUME_CHECK_CONSUMER) timestamp=2976 ms, used_size=2000896 bytes (4.9%)
(RDMA_READ_CONSUME_CHECK_CONSUMER) timestamp=2976 ms, used_size=1998848 bytes (4.9%)
(RDMA_READ_CONSUME_CHECK_CONSUMER) timestamp=2976 ms, used_size=1996800 bytes (4.9%)
(RDMA_READ_CONSUME_CHECK_CONSUMER) timestamp=2976 ms, used_size=1994752 bytes (4.9%)
(RDMA_READ_CONSUME_CHECK_CONSUMER) timestamp=2976 ms, used_size=1992704 bytes (4.9%)
(RDMA_READ_CONSUME_CHECK_CONSUMER) timestamp=2976 ms, used_size=1990656 bytes (4.9%)
(RDMA_READ_CONSUME_CHECK_CONSUMER) timestamp=2976 ms, used_size=1988608 bytes (4.9%)
(RDMA_READ_CONSUME_CHECK_CONSUMER) timestamp=2976 ms, used_size=1986560 bytes (4.8%)
(RDMA_READ_CONSUME_CHECK_CONSUMER) timestamp=2976 ms, used_size=1984512 bytes (4.8%)
(RDMA_READ_CONSUME_CHECK_CONSUMER) timestamp=2976 ms, used_size=1982464 bytes (4.8%)
(RDMA_READ_CONSUME_CHECK_CONSUMER) timestamp=2976 ms, used_size=1980416 bytes (4.8%)
(RDMA_READ_CONSUME_CHECK_CONSUMER) timestamp=2976 ms, used_size=1978368 bytes (4.8%)
(RDMA_READ_CONSUME_CHECK_CONSUMER) timestamp=2976 ms, used_size=1976320 bytes (4.8%)
(RDMA_READ_CONSUME_CHECK_CONSUMER) timestamp=2976 ms, used_size=1974272 bytes (4.8%)
(RDMA_READ_CONSUME_CHECK_CONSUMER) timestamp=2976 ms, used_size=1972224 bytes (4.8%)
(RDMA_READ_CONSUME_CHECK_CONSUMER) timestamp=2976 ms, used_size=1970176 bytes (4.8%)
(RDMA_READ_CONSUME_CHECK_CONSUMER) timestamp=2976 ms, used_size=1968128 bytes (4.8%)
(RDMA_READ_CONSUME_CHECK_CONSUMER) timestamp=2976 ms, used_size=1966080 bytes (4.8%)
(RDMA_READ_CONSUME_CHECK_CONSUMER) timestamp=2976 ms, used_size=1964032 bytes (4.8%)
(RDMA_READ_CONSUME_CHECK_CONSUMER) timestamp=2976 ms, used_size=1961984 bytes (4.8%)
(RDMA_READ_CONSUME_CHECK_CONSUMER) timestamp=2976 ms, used_size=1959936 bytes (4.8%)
(RDMA_READ_CONSUME_CHECK_CONSUMER) timestamp=2976 ms, used_size=1957888 bytes (4.8%)
(RDMA_READ_CONSUME_CHECK_CONSUMER) timestamp=2976 ms, used_size=1955840 bytes (4.8%)
(RDMA_READ_CONSUME_CHECK_CONSUMER) timestamp=2976 ms, used_size=1953792 bytes (4.8%)
(RDMA_READ_CONSUME_CHECK_CONSUMER) timestamp=2976 ms, used_size=1951744 bytes (4.8%)
(RDMA_READ_CONSUME_CHECK_CONSUMER) timestamp=2976 ms, used_size=1949696 bytes (4.8%)
(RDMA_READ_CONSUME_CHECK_CONSUMER) timestamp=2976 ms, used_size=1947648 bytes (4.8%)
(RDMA_READ_CONSUME_CHECK_CONSUMER) timestamp=2976 ms, used_size=1945600 bytes (4.8%)
(RDMA_READ_CONSUME_CHECK_CONSUMER) timestamp=2976 ms, used_size=1943552 bytes (4.7%)
(RDMA_READ_CONSUME_CHECK_CONSUMER) timestamp=2976 ms, used_size=1941504 bytes (4.7%)
(RDMA_READ_CONSUME_CHECK_CONSUMER) timestamp=2976 ms, used_size=1939456 bytes (4.7%)
(RDMA_READ_CONSUME_CHECK_CONSUMER) timestamp=2976 ms, used_size=1937408 bytes (4.7%)
(RDMA_READ_CONSUME_CHECK_CONSUMER) timestamp=2976 ms, used_size=1935360 bytes (4.7%)
(RDMA_READ_CONSUME_CHECK_CONSUMER) timestamp=2976 ms, used_size=1933312 bytes (4.7%)
(RDMA_READ_CONSUME_CHECK_CONSUMER) timestamp=2976 ms, used_size=1931264 bytes (4.7%)
(RDMA_READ_CONSUME_CHECK_CONSUMER) timestamp=2976 ms, used_size=1929216 bytes (4.7%)
(RDMA_READ_CONSUME_CHECK_CONSUMER) timestamp=2976 ms, used_size=1927168 bytes (4.7%)
(RDMA_READ_CONSUME_CHECK_CONSUMER) timestamp=2976 ms, used_size=1925120 bytes (4.7%)
(RDMA_READ_CONSUME_CHECK_CONSUMER) timestamp=2976 ms, used_size=1923072 bytes (4.7%)
(RDMA_READ_CONSUME_CHECK_CONSUMER) timestamp=2976 ms, used_size=1921024 bytes (4.7%)
(RDMA_READ_CONSUME_CHECK_CONSUMER) timestamp=2976 ms, used_size=1918976 bytes (4.7%)
(RDMA_READ_CONSUME_CHECK_CONSUMER) timestamp=2976 ms, used_size=1916928 bytes (4.7%)
(RDMA_READ_CONSUME_CHECK_CONSUMER) timestamp=2976 ms, used_size=1914880 bytes (4.7%)
(RDMA_READ_CONSUME_CHECK_CONSUMER) timestamp=2976 ms, used_size=1912832 bytes (4.7%)
(RDMA_READ_CONSUME_CHECK_CONSUMER) timestamp=2976 ms, used_size=1910784 bytes (4.7%)
(RDMA_READ_CONSUME_CHECK_CONSUMER) timestamp=2976 ms, used_size=1908736 bytes (4.7%)
(RDMA_READ_CONSUME_CHECK_CONSUMER) timestamp=2976 ms, used_size=1906688 bytes (4.7%)
(RDMA_READ_CONSUME_CHECK_CONSUMER) timestamp=2976 ms, used_size=1904640 bytes (4.7%)
(RDMA_READ_CONSUME_CHECK_CONSUMER) timestamp=2976 ms, used_size=1902592 bytes (4.6%)
(RDMA_READ_CONSUME_CHECK_CONSUMER) timestamp=2976 ms, used_size=1900544 bytes (4.6%)
(RDMA_READ_CONSUME_CHECK_CONSUMER) timestamp=2976 ms, used_size=1898496 bytes (4.6%)
(RDMA_READ_CONSUME_CHECK_CONSUMER) timestamp=2976 ms, used_size=1896448 bytes (4.6%)
(RDMA_READ_CONSUME_CHECK_CONSUMER) timestamp=2976 ms, used_size=1894400 bytes (4.6%)
(RDMA_READ_CONSUME_CHECK_CONSUMER) timestamp=2976 ms, used_size=1892352 bytes (4.6%)
(RDMA_READ_CONSUME_CHECK_CONSUMER) timestamp=2976 ms, used_size=1890304 bytes (4.6%)
(RDMA_READ_CONSUME_CHECK_CONSUMER) timestamp=2976 ms, used_size=1888256 bytes (4.6%)
(RDMA_READ_CONSUME_CHECK_CONSUMER) timestamp=2976 ms, used_size=1886208 bytes (4.6%)
(RDMA_READ_CONSUME_CHECK_CONSUMER) timestamp=2976 ms, used_size=1884160 bytes (4.6%)
(RDMA_READ_CONSUME_CHECK_CONSUMER) timestamp=2976 ms, used_size=1882112 bytes (4.6%)
(RDMA_READ_CONSUME_CHECK_CONSUMER) timestamp=2976 ms, used_size=1880064 bytes (4.6%)
(RDMA_READ_CONSUME_CHECK_CONSUMER) timestamp=2976 ms, used_size=1878016 bytes (4.6%)
(RDMA_READ_CONSUME_CHECK_CONSUMER) timestamp=2976 ms, used_size=1875968 bytes (4.6%)
(RDMA_READ_CONSUME_CHECK_CONSUMER) timestamp=2976 ms, used_size=1873920 bytes (4.6%)
(RDMA_READ_CONSUME_CHECK_CONSUMER) timestamp=2976 ms, used_size=1871872 bytes (4.6%)
(RDMA_READ_CONSUME_CHECK_CONSUMER) timestamp=2976 ms, used_size=1869824 bytes (4.6%)
(RDMA_READ_CONSUME_CHECK_CONSUMER) timestamp=2976 ms, used_size=1867776 bytes (4.6%)
(RDMA_READ_CONSUME_CHECK_CONSUMER) timestamp=2976 ms, used_size=1865728 bytes (4.6%)
(RDMA_READ_CONSUME_CHECK_CONSUMER) timestamp=2976 ms, used_size=1863680 bytes (4.5%)
(RDMA_READ_CONSUME_CHECK_CONSUMER) timestamp=2976 ms, used_size=1861632 bytes (4.5%)
(RDMA_READ_CONSUME_CHECK_CONSUMER) timestamp=2976 ms, used_size=1859584 bytes (4.5%)
(RDMA_READ_CONSUME_CHECK_CONSUMER) timestamp=2976 ms, used_size=1857536 bytes (4.5%)
(RDMA_READ_CONSUME_CHECK_CONSUMER) timestamp=2976 ms, used_size=1855488 bytes (4.5%)
(RDMA_READ_CONSUME_CHECK_CONSUMER) timestamp=2976 ms, used_size=1853440 bytes (4.5%)
(RDMA_READ_CONSUME_CHECK_CONSUMER) timestamp=2976 ms, used_size=1851392 bytes (4.5%)
(RDMA_READ_CONSUME_CHECK_CONSUMER) timestamp=2976 ms, used_size=1849344 bytes (4.5%)
(RDMA_READ_CONSUME_CHECK_CONSUMER) timestamp=2976 ms, used_size=1847296 bytes (4.5%)
(RDMA_READ_CONSUME_CHECK_CONSUMER) timestamp=2976 ms, used_size=1845248 bytes (4.5%)
(RDMA_READ_CONSUME_CHECK_CONSUMER) timestamp=2976 ms, used_size=1843200 bytes (4.5%)
(RDMA_READ_CONSUME_CHECK_CONSUMER) timestamp=2976 ms, used_size=1841152 bytes (4.5%)
(RDMA_READ_CONSUME_CHECK_CONSUMER) timestamp=2976 ms, used_size=1839104 bytes (4.5%)
(RDMA_READ_CONSUME_CHECK_CONSUMER) timestamp=2976 ms, used_size=1837056 bytes (4.5%)
(RDMA_READ_CONSUME_CHECK_CONSUMER) timestamp=2976 ms, used_size=1835008 bytes (4.5%)
(RDMA_READ_CONSUME_CHECK_CONSUMER) timestamp=2976 ms, used_size=1832960 bytes (4.5%)
(RDMA_READ_CONSUME_CHECK_CONSUMER) timestamp=2976 ms, used_size=1830912 bytes (4.5%)
(RDMA_READ_CONSUME_CHECK_CONSUMER) timestamp=2976 ms, used_size=1828864 bytes (4.5%)
(RDMA_READ_CONSUME_CHECK_CONSUMER) timestamp=2976 ms, used_size=1826816 bytes (4.5%)
(RDMA_READ_CONSUME_CHECK_CONSUMER) timestamp=2976 ms, used_size=1824768 bytes (4.5%)
(RDMA_READ_CONSUME_CHECK_CONSUMER) timestamp=2976 ms, used_size=1822720 bytes (4.5%)
(RDMA_READ_CONSUME_CHECK_CONSUMER) timestamp=2976 ms, used_size=1820672 bytes (4.4%)
(RDMA_READ_CONSUME_CHECK_CONSUMER) timestamp=2976 ms, used_size=1818624 bytes (4.4%)
(RDMA_READ_CONSUME_CHECK_CONSUMER) timestamp=2976 ms, used_size=1816576 bytes (4.4%)
(RDMA_READ_CONSUME_CHECK_CONSUMER) timestamp=2976 ms, used_size=1814528 bytes (4.4%)
(RDMA_READ_CONSUME_CHECK_CONSUMER) timestamp=2976 ms, used_size=1812480 bytes (4.4%)
(RDMA_READ_CONSUME_CHECK_CONSUMER) timestamp=2976 ms, used_size=1810432 bytes (4.4%)
(RDMA_READ_CONSUME_CHECK_CONSUMER) timestamp=2976 ms, used_size=1808384 bytes (4.4%)
(RDMA_READ_CONSUME_CHECK_CONSUMER) timestamp=2976 ms, used_size=1806336 bytes (4.4%)
(RDMA_READ_CONSUME_CHECK_CONSUMER) timestamp=2976 ms, used_size=1804288 bytes (4.4%)
(RDMA_READ_CONSUME_CHECK_CONSUMER) timestamp=2976 ms, used_size=1802240 bytes (4.4%)
(RDMA_READ_CONSUME_CHECK_CONSUMER) timestamp=2976 ms, used_size=1800192 bytes (4.4%)
(RDMA_READ_CONSUME_CHECK_CONSUMER) timestamp=2976 ms, used_size=1798144 bytes (4.4%)
(RDMA_READ_CONSUME_CHECK_CONSUMER) timestamp=2976 ms, used_size=1796096 bytes (4.4%)
(RDMA_READ_CONSUME_CHECK_CONSUMER) timestamp=2976 ms, used_size=1794048 bytes (4.4%)
(RDMA_READ_CONSUME_CHECK_CONSUMER) timestamp=2976 ms, used_size=1792000 bytes (4.4%)
(RDMA_READ_CONSUME_CHECK_CONSUMER) timestamp=2976 ms, used_size=1789952 bytes (4.4%)
(RDMA_READ_CONSUME_CHECK_CONSUMER) timestamp=2976 ms, used_size=1787904 bytes (4.4%)
(RDMA_READ_CONSUME_CHECK_CONSUMER) timestamp=2976 ms, used_size=1785856 bytes (4.4%)
(RDMA_READ_CONSUME_CHECK_CONSUMER) timestamp=2976 ms, used_size=1783808 bytes (4.4%)
(RDMA_READ_CONSUME_CHECK_CONSUMER) timestamp=2976 ms, used_size=1781760 bytes (4.3%)
(RDMA_READ_CONSUME_CHECK_CONSUMER) timestamp=2976 ms, used_size=1779712 bytes (4.3%)
(RDMA_READ_CONSUME_CHECK_CONSUMER) timestamp=2976 ms, used_size=1777664 bytes (4.3%)
(RDMA_READ_CONSUME_CHECK_CONSUMER) timestamp=2976 ms, used_size=1775616 bytes (4.3%)
(RDMA_READ_CONSUME_CHECK_CONSUMER) timestamp=2976 ms, used_size=1773568 bytes (4.3%)
(RDMA_READ_CONSUME_CHECK_CONSUMER) timestamp=2976 ms, used_size=1771520 bytes (4.3%)
(RDMA_READ_CONSUME_CHECK_CONSUMER) timestamp=2976 ms, used_size=1769472 bytes (4.3%)
(RDMA_READ_CONSUME_CHECK_CONSUMER) timestamp=2976 ms, used_size=1767424 bytes (4.3%)
(RDMA_READ_CONSUME_CHECK_CONSUMER) timestamp=2976 ms, used_size=1765376 bytes (4.3%)
(RDMA_READ_CONSUME_CHECK_CONSUMER) timestamp=2976 ms, used_size=1763328 bytes (4.3%)
(RDMA_READ_CONSUME_CHECK_CONSUMER) timestamp=2976 ms, used_size=1761280 bytes (4.3%)
(RDMA_READ_CONSUME_CHECK_CONSUMER) timestamp=2976 ms, used_size=1759232 bytes (4.3%)
(RDMA_READ_CONSUME_CHECK_CONSUMER) timestamp=2976 ms, used_size=1757184 bytes (4.3%)
(RDMA_READ_CONSUME_CHECK_CONSUMER) timestamp=2976 ms, used_size=1755136 bytes (4.3%)
(RDMA_READ_CONSUME_CHECK_CONSUMER) timestamp=2976 ms, used_size=1753088 bytes (4.3%)
(RDMA_READ_CONSUME_CHECK_CONSUMER) timestamp=2976 ms, used_size=1751040 bytes (4.3%)
(RDMA_READ_CONSUME_CHECK_CONSUMER) timestamp=2976 ms, used_size=1748992 bytes (4.3%)
(RDMA_READ_CONSUME_CHECK_CONSUMER) timestamp=2976 ms, used_size=1746944 bytes (4.3%)
(RDMA_READ_CONSUME_CHECK_CONSUMER) timestamp=2976 ms, used_size=1744896 bytes (4.3%)
(RDMA_READ_CONSUME_CHECK_CONSUMER) timestamp=2976 ms, used_size=1742848 bytes (4.3%)
(RDMA_READ_CONSUME_CHECK_CONSUMER) timestamp=2976 ms, used_size=1740800 bytes (4.2%)
(RDMA_READ_CONSUME_CHECK_CONSUMER) timestamp=2976 ms, used_size=1738752 bytes (4.2%)
(RDMA_READ_CONSUME_CHECK_CONSUMER) timestamp=2976 ms, used_size=1736704 bytes (4.2%)
(RDMA_READ_CONSUME_CHECK_CONSUMER) timestamp=2976 ms, used_size=1734656 bytes (4.2%)
(RDMA_READ_CONSUME_CHECK_CONSUMER) timestamp=2976 ms, used_size=1732608 bytes (4.2%)
(RDMA_READ_CONSUME_CHECK_CONSUMER) timestamp=2976 ms, used_size=1730560 bytes (4.2%)
(RDMA_READ_CONSUME_CHECK_CONSUMER) timestamp=2976 ms, used_size=1728512 bytes (4.2%)
(RDMA_READ_CONSUME_CHECK_CONSUMER) timestamp=2976 ms, used_size=1726464 bytes (4.2%)
(RDMA_READ_CONSUME_CHECK_CONSUMER) timestamp=2976 ms, used_size=1724416 bytes (4.2%)
(RDMA_READ_CONSUME_CHECK_CONSUMER) timestamp=2976 ms, used_size=1722368 bytes (4.2%)
(RDMA_READ_CONSUME_CHECK_CONSUMER) timestamp=2976 ms, used_size=1720320 bytes (4.2%)
(RDMA_READ_CONSUME_CHECK_CONSUMER) timestamp=2976 ms, used_size=1718272 bytes (4.2%)
(RDMA_READ_CONSUME_CHECK_CONSUMER) timestamp=2977 ms, used_size=1716224 bytes (4.2%)
(RDMA_READ_CONSUME_CHECK_CONSUMER) timestamp=2977 ms, used_size=1714176 bytes (4.2%)
(RDMA_READ_CONSUME_CHECK_CONSUMER) timestamp=2977 ms, used_size=1712128 bytes (4.2%)
(RDMA_READ_CONSUME_CHECK_CONSUMER) timestamp=2977 ms, used_size=1710080 bytes (4.2%)
(RDMA_READ_CONSUME_CHECK_CONSUMER) timestamp=2977 ms, used_size=1708032 bytes (4.2%)
(RDMA_READ_CONSUME_CHECK_CONSUMER) timestamp=2977 ms, used_size=1705984 bytes (4.2%)
(RDMA_READ_CONSUME_CHECK_CONSUMER) timestamp=2977 ms, used_size=1703936 bytes (4.2%)
(RDMA_READ_CONSUME_CHECK_CONSUMER) timestamp=2977 ms, used_size=1701888 bytes (4.2%)
(RDMA_READ_CONSUME_CHECK_CONSUMER) timestamp=2977 ms, used_size=1699840 bytes (4.2%)
(RDMA_READ_CONSUME_CHECK_CONSUMER) timestamp=2977 ms, used_size=1697792 bytes (4.1%)
(RDMA_READ_CONSUME_CHECK_CONSUMER) timestamp=2977 ms, used_size=1695744 bytes (4.1%)
(RDMA_READ_CONSUME_CHECK_CONSUMER) timestamp=2977 ms, used_size=1693696 bytes (4.1%)
(RDMA_READ_CONSUME_CHECK_CONSUMER) timestamp=2977 ms, used_size=1691648 bytes (4.1%)
(RDMA_READ_CONSUME_CHECK_CONSUMER) timestamp=2977 ms, used_size=1689600 bytes (4.1%)
(RDMA_READ_CONSUME_CHECK_CONSUMER) timestamp=2977 ms, used_size=1687552 bytes (4.1%)
(RDMA_READ_CONSUME_CHECK_CONSUMER) timestamp=2977 ms, used_size=1685504 bytes (4.1%)
(RDMA_READ_CONSUME_CHECK_CONSUMER) timestamp=2977 ms, used_size=1683456 bytes (4.1%)
(RDMA_READ_CONSUME_CHECK_CONSUMER) timestamp=2977 ms, used_size=1681408 bytes (4.1%)
(RDMA_READ_CONSUME_CHECK_CONSUMER) timestamp=2977 ms, used_size=1679360 bytes (4.1%)
(RDMA_READ_CONSUME_CHECK_CONSUMER) timestamp=2977 ms, used_size=1677312 bytes (4.1%)
(RDMA_READ_CONSUME_CHECK_CONSUMER) timestamp=2977 ms, used_size=1675264 bytes (4.1%)
(RDMA_READ_CONSUME_CHECK_CONSUMER) timestamp=2977 ms, used_size=1673216 bytes (4.1%)
(RDMA_READ_CONSUME_CHECK_CONSUMER) timestamp=2977 ms, used_size=1671168 bytes (4.1%)
(RDMA_READ_CONSUME_CHECK_CONSUMER) timestamp=2977 ms, used_size=1669120 bytes (4.1%)
(RDMA_READ_CONSUME_CHECK_CONSUMER) timestamp=2977 ms, used_size=1667072 bytes (4.1%)
(RDMA_READ_CONSUME_CHECK_CONSUMER) timestamp=2977 ms, used_size=1665024 bytes (4.1%)
(RDMA_READ_CONSUME_CHECK_CONSUMER) timestamp=2977 ms, used_size=1662976 bytes (4.1%)
(RDMA_READ_CONSUME_CHECK_CONSUMER) timestamp=2977 ms, used_size=1660928 bytes (4.1%)
(RDMA_READ_CONSUME_CHECK_CONSUMER) timestamp=2977 ms, used_size=1658880 bytes (4.0%)
(RDMA_READ_CONSUME_CHECK_CONSUMER) timestamp=2977 ms, used_size=1656832 bytes (4.0%)
(RDMA_READ_CONSUME_CHECK_CONSUMER) timestamp=2977 ms, used_size=1654784 bytes (4.0%)
(RDMA_READ_CONSUME_CHECK_CONSUMER) timestamp=2977 ms, used_size=1652736 bytes (4.0%)
(RDMA_READ_CONSUME_CHECK_CONSUMER) timestamp=2977 ms, used_size=1650688 bytes (4.0%)
(RDMA_READ_CONSUME_CHECK_CONSUMER) timestamp=2977 ms, used_size=1648640 bytes (4.0%)
(RDMA_READ_CONSUME_CHECK_CONSUMER) timestamp=2977 ms, used_size=1646592 bytes (4.0%)
(RDMA_READ_CONSUME_CHECK_CONSUMER) timestamp=2977 ms, used_size=1644544 bytes (4.0%)
(RDMA_READ_CONSUME_CHECK_CONSUMER) timestamp=2977 ms, used_size=1642496 bytes (4.0%)
(RDMA_READ_CONSUME_CHECK_CONSUMER) timestamp=2977 ms, used_size=1640448 bytes (4.0%)
(RDMA_READ_CONSUME_CHECK_CONSUMER) timestamp=2977 ms, used_size=1638400 bytes (4.0%)
(RDMA_READ_CONSUME_CHECK_CONSUMER) timestamp=2977 ms, used_size=1636352 bytes (4.0%)
(RDMA_READ_CONSUME_CHECK_CONSUMER) timestamp=2977 ms, used_size=1634304 bytes (4.0%)
(RDMA_READ_CONSUME_CHECK_CONSUMER) timestamp=2977 ms, used_size=1632256 bytes (4.0%)
(RDMA_READ_CONSUME_CHECK_CONSUMER) timestamp=2977 ms, used_size=1630208 bytes (4.0%)
(RDMA_READ_CONSUME_CHECK_CONSUMER) timestamp=2977 ms, used_size=1628160 bytes (4.0%)
(RDMA_READ_CONSUME_CHECK_CONSUMER) timestamp=2977 ms, used_size=1626112 bytes (4.0%)
(RDMA_READ_CONSUME_CHECK_CONSUMER) timestamp=2977 ms, used_size=1624064 bytes (4.0%)
(RDMA_READ_CONSUME_CHECK_CONSUMER) timestamp=2977 ms, used_size=1622016 bytes (4.0%)
(RDMA_READ_CONSUME_CHECK_CONSUMER) timestamp=2977 ms, used_size=1619968 bytes (4.0%)
(RDMA_READ_CONSUME_CHECK_CONSUMER) timestamp=2977 ms, used_size=1617920 bytes (4.0%)
(RDMA_READ_CONSUME_CHECK_CONSUMER) timestamp=2977 ms, used_size=1615872 bytes (3.9%)
(RDMA_READ_CONSUME_CHECK_CONSUMER) timestamp=2977 ms, used_size=1613824 bytes (3.9%)
(RDMA_READ_CONSUME_CHECK_CONSUMER) timestamp=2977 ms, used_size=1611776 bytes (3.9%)
(RDMA_READ_CONSUME_CHECK_CONSUMER) timestamp=2977 ms, used_size=1609728 bytes (3.9%)
(RDMA_READ_CONSUME_CHECK_CONSUMER) timestamp=2977 ms, used_size=1607680 bytes (3.9%)
(RDMA_READ_CONSUME_CHECK_CONSUMER) timestamp=2977 ms, used_size=1605632 bytes (3.9%)
(RDMA_READ_CONSUME_CHECK_CONSUMER) timestamp=2977 ms, used_size=1603584 bytes (3.9%)
(RDMA_READ_CONSUME_CHECK_CONSUMER) timestamp=2977 ms, used_size=1601536 bytes (3.9%)
(RDMA_READ_CONSUME_CHECK_CONSUMER) timestamp=2977 ms, used_size=1599488 bytes (3.9%)
(RDMA_READ_CONSUME_CHECK_CONSUMER) timestamp=2977 ms, used_size=1597440 bytes (3.9%)
(RDMA_READ_CONSUME_CHECK_CONSUMER) timestamp=2977 ms, used_size=1595392 bytes (3.9%)
(RDMA_READ_CONSUME_CHECK_CONSUMER) timestamp=2977 ms, used_size=1593344 bytes (3.9%)
(RDMA_READ_CONSUME_CHECK_CONSUMER) timestamp=2977 ms, used_size=1591296 bytes (3.9%)
(RDMA_READ_CONSUME_CHECK_CONSUMER) timestamp=2977 ms, used_size=1589248 bytes (3.9%)
(RDMA_READ_CONSUME_CHECK_CONSUMER) timestamp=2977 ms, used_size=1587200 bytes (3.9%)
(RDMA_READ_CONSUME_CHECK_CONSUMER) timestamp=2977 ms, used_size=1585152 bytes (3.9%)
(RDMA_READ_CONSUME_CHECK_CONSUMER) timestamp=2977 ms, used_size=1583104 bytes (3.9%)
(RDMA_READ_CONSUME_CHECK_CONSUMER) timestamp=2977 ms, used_size=1581056 bytes (3.9%)
(RDMA_READ_CONSUME_CHECK_CONSUMER) timestamp=2977 ms, used_size=1579008 bytes (3.9%)
(RDMA_READ_CONSUME_CHECK_CONSUMER) timestamp=2977 ms, used_size=1576960 bytes (3.9%)
(RDMA_READ_CONSUME_CHECK_CONSUMER) timestamp=2977 ms, used_size=1574912 bytes (3.8%)
(RDMA_READ_CONSUME_CHECK_CONSUMER) timestamp=2977 ms, used_size=1572864 bytes (3.8%)
(RDMA_READ_CONSUME_CHECK_CONSUMER) timestamp=2977 ms, used_size=1570816 bytes (3.8%)
(RDMA_READ_CONSUME_CHECK_CONSUMER) timestamp=2977 ms, used_size=1568768 bytes (3.8%)
(RDMA_READ_CONSUME_CHECK_CONSUMER) timestamp=2977 ms, used_size=1566720 bytes (3.8%)
(RDMA_READ_CONSUME_CHECK_CONSUMER) timestamp=2977 ms, used_size=1564672 bytes (3.8%)
(RDMA_READ_CONSUME_CHECK_CONSUMER) timestamp=2977 ms, used_size=1562624 bytes (3.8%)
(RDMA_READ_CONSUME_CHECK_CONSUMER) timestamp=2977 ms, used_size=1560576 bytes (3.8%)
(RDMA_READ_CONSUME_CHECK_CONSUMER) timestamp=2977 ms, used_size=1558528 bytes (3.8%)
(RDMA_READ_CONSUME_CHECK_CONSUMER) timestamp=2977 ms, used_size=1556480 bytes (3.8%)
(RDMA_READ_CONSUME_CHECK_CONSUMER) timestamp=2977 ms, used_size=1554432 bytes (3.8%)
(RDMA_READ_CONSUME_CHECK_CONSUMER) timestamp=2977 ms, used_size=1552384 bytes (3.8%)
(RDMA_READ_CONSUME_CHECK_CONSUMER) timestamp=2977 ms, used_size=1550336 bytes (3.8%)
(RDMA_READ_CONSUME_CHECK_CONSUMER) timestamp=2977 ms, used_size=1548288 bytes (3.8%)
(RDMA_READ_CONSUME_CHECK_CONSUMER) timestamp=2977 ms, used_size=1546240 bytes (3.8%)
(RDMA_READ_CONSUME_CHECK_CONSUMER) timestamp=2977 ms, used_size=1544192 bytes (3.8%)
(RDMA_READ_CONSUME_CHECK_CONSUMER) timestamp=2977 ms, used_size=1542144 bytes (3.8%)
(RDMA_READ_CONSUME_CHECK_CONSUMER) timestamp=2977 ms, used_size=1540096 bytes (3.8%)
(RDMA_READ_CONSUME_CHECK_CONSUMER) timestamp=2977 ms, used_size=1538048 bytes (3.8%)
(RDMA_READ_CONSUME_CHECK_CONSUMER) timestamp=2977 ms, used_size=1536000 bytes (3.8%)
(RDMA_READ_CONSUME_CHECK_CONSUMER) timestamp=2977 ms, used_size=1533952 bytes (3.7%)
(RDMA_READ_CONSUME_CHECK_CONSUMER) timestamp=2977 ms, used_size=1531904 bytes (3.7%)
(RDMA_READ_CONSUME_CHECK_CONSUMER) timestamp=2977 ms, used_size=1529856 bytes (3.7%)
(RDMA_READ_CONSUME_CHECK_CONSUMER) timestamp=2977 ms, used_size=1527808 bytes (3.7%)
(RDMA_READ_CONSUME_CHECK_CONSUMER) timestamp=2977 ms, used_size=1525760 bytes (3.7%)
(RDMA_READ_CONSUME_CHECK_CONSUMER) timestamp=2977 ms, used_size=1523712 bytes (3.7%)
(RDMA_READ_CONSUME_CHECK_CONSUMER) timestamp=2977 ms, used_size=1521664 bytes (3.7%)
(RDMA_READ_CONSUME_CHECK_CONSUMER) timestamp=2977 ms, used_size=1519616 bytes (3.7%)
(RDMA_READ_CONSUME_CHECK_CONSUMER) timestamp=2977 ms, used_size=1517568 bytes (3.7%)
(RDMA_READ_CONSUME_CHECK_CONSUMER) timestamp=2977 ms, used_size=1515520 bytes (3.7%)
(RDMA_READ_CONSUME_CHECK_CONSUMER) timestamp=2977 ms, used_size=1513472 bytes (3.7%)
(RDMA_READ_CONSUME_CHECK_CONSUMER) timestamp=2977 ms, used_size=1511424 bytes (3.7%)
(RDMA_READ_CONSUME_CHECK_CONSUMER) timestamp=2977 ms, used_size=1509376 bytes (3.7%)
(RDMA_READ_CONSUME_CHECK_CONSUMER) timestamp=2977 ms, used_size=1507328 bytes (3.7%)
(RDMA_READ_CONSUME_CHECK_CONSUMER) timestamp=2977 ms, used_size=1505280 bytes (3.7%)
(RDMA_READ_CONSUME_CHECK_CONSUMER) timestamp=2977 ms, used_size=1503232 bytes (3.7%)
(RDMA_READ_CONSUME_CHECK_CONSUMER) timestamp=2977 ms, used_size=1501184 bytes (3.7%)
(RDMA_READ_CONSUME_CHECK_CONSUMER) timestamp=2977 ms, used_size=1499136 bytes (3.7%)
(RDMA_READ_CONSUME_CHECK_CONSUMER) timestamp=2977 ms, used_size=1497088 bytes (3.7%)
(RDMA_READ_CONSUME_CHECK_CONSUMER) timestamp=2977 ms, used_size=1495040 bytes (3.6%)
(RDMA_READ_CONSUME_CHECK_CONSUMER) timestamp=2977 ms, used_size=1492992 bytes (3.6%)
(RDMA_READ_CONSUME_CHECK_CONSUMER) timestamp=2977 ms, used_size=1490944 bytes (3.6%)
(RDMA_READ_CONSUME_CHECK_CONSUMER) timestamp=2977 ms, used_size=1488896 bytes (3.6%)
(RDMA_READ_CONSUME_CHECK_CONSUMER) timestamp=2977 ms, used_size=1486848 bytes (3.6%)
(RDMA_READ_CONSUME_CHECK_CONSUMER) timestamp=2977 ms, used_size=1484800 bytes (3.6%)
(RDMA_READ_CONSUME_CHECK_CONSUMER) timestamp=2977 ms, used_size=1482752 bytes (3.6%)
(RDMA_READ_CONSUME_CHECK_CONSUMER) timestamp=2977 ms, used_size=1480704 bytes (3.6%)
(RDMA_READ_CONSUME_CHECK_CONSUMER) timestamp=2977 ms, used_size=1478656 bytes (3.6%)
(RDMA_READ_CONSUME_CHECK_CONSUMER) timestamp=2977 ms, used_size=1476608 bytes (3.6%)
(RDMA_READ_CONSUME_CHECK_CONSUMER) timestamp=2977 ms, used_size=1474560 bytes (3.6%)
(RDMA_READ_CONSUME_CHECK_CONSUMER) timestamp=2977 ms, used_size=1472512 bytes (3.6%)
(RDMA_READ_CONSUME_CHECK_CONSUMER) timestamp=2977 ms, used_size=1470464 bytes (3.6%)
(RDMA_READ_CONSUME_CHECK_CONSUMER) timestamp=2977 ms, used_size=1468416 bytes (3.6%)
(RDMA_READ_CONSUME_CHECK_CONSUMER) timestamp=2977 ms, used_size=1466368 bytes (3.6%)
(RDMA_READ_CONSUME_CHECK_CONSUMER) timestamp=2977 ms, used_size=1464320 bytes (3.6%)
(RDMA_READ_CONSUME_CHECK_CONSUMER) timestamp=2977 ms, used_size=1462272 bytes (3.6%)
(RDMA_READ_CONSUME_CHECK_CONSUMER) timestamp=2977 ms, used_size=1460224 bytes (3.6%)
(RDMA_READ_CONSUME_CHECK_CONSUMER) timestamp=2977 ms, used_size=1458176 bytes (3.6%)
(RDMA_READ_CONSUME_CHECK_CONSUMER) timestamp=2977 ms, used_size=1456128 bytes (3.6%)
(RDMA_READ_CONSUME_CHECK_CONSUMER) timestamp=2977 ms, used_size=1454080 bytes (3.5%)
(RDMA_READ_CONSUME_CHECK_CONSUMER) timestamp=2977 ms, used_size=1452032 bytes (3.5%)
(RDMA_READ_CONSUME_CHECK_CONSUMER) timestamp=2977 ms, used_size=1449984 bytes (3.5%)
(RDMA_READ_CONSUME_CHECK_CONSUMER) timestamp=2977 ms, used_size=1447936 bytes (3.5%)
(RDMA_READ_CONSUME_CHECK_CONSUMER) timestamp=2977 ms, used_size=1445888 bytes (3.5%)
(RDMA_READ_CONSUME_CHECK_CONSUMER) timestamp=2977 ms, used_size=1443840 bytes (3.5%)
(RDMA_READ_CONSUME_CHECK_CONSUMER) timestamp=2977 ms, used_size=1441792 bytes (3.5%)
(RDMA_READ_CONSUME_CHECK_CONSUMER) timestamp=2977 ms, used_size=1439744 bytes (3.5%)
(RDMA_READ_CONSUME_CHECK_CONSUMER) timestamp=2977 ms, used_size=1437696 bytes (3.5%)
(RDMA_READ_CONSUME_CHECK_CONSUMER) timestamp=2977 ms, used_size=1435648 bytes (3.5%)
(RDMA_READ_CONSUME_CHECK_CONSUMER) timestamp=2977 ms, used_size=1433600 bytes (3.5%)
(RDMA_READ_CONSUME_CHECK_CONSUMER) timestamp=2977 ms, used_size=1431552 bytes (3.5%)
(RDMA_READ_CONSUME_CHECK_CONSUMER) timestamp=2977 ms, used_size=1429504 bytes (3.5%)
(RDMA_READ_CONSUME_CHECK_CONSUMER) timestamp=2977 ms, used_size=1427456 bytes (3.5%)
(RDMA_READ_CONSUME_CHECK_CONSUMER) timestamp=2977 ms, used_size=1425408 bytes (3.5%)
(RDMA_READ_CONSUME_CHECK_CONSUMER) timestamp=2977 ms, used_size=1423360 bytes (3.5%)
(RDMA_READ_CONSUME_CHECK_CONSUMER) timestamp=2977 ms, used_size=1421312 bytes (3.5%)
(RDMA_READ_CONSUME_CHECK_CONSUMER) timestamp=2977 ms, used_size=1419264 bytes (3.5%)
(RDMA_READ_CONSUME_CHECK_CONSUMER) timestamp=2977 ms, used_size=1417216 bytes (3.5%)
(RDMA_READ_CONSUME_CHECK_CONSUMER) timestamp=2977 ms, used_size=1415168 bytes (3.5%)
(RDMA_READ_CONSUME_CHECK_CONSUMER) timestamp=2977 ms, used_size=1413120 bytes (3.5%)
(RDMA_READ_CONSUME_CHECK_CONSUMER) timestamp=2977 ms, used_size=1411072 bytes (3.4%)
(RDMA_READ_CONSUME_CHECK_CONSUMER) timestamp=2977 ms, used_size=1409024 bytes (3.4%)
(RDMA_READ_CONSUME_CHECK_CONSUMER) timestamp=2977 ms, used_size=1406976 bytes (3.4%)
(RDMA_READ_CONSUME_CHECK_CONSUMER) timestamp=2977 ms, used_size=1404928 bytes (3.4%)
(RDMA_READ_CONSUME_CHECK_CONSUMER) timestamp=2977 ms, used_size=1402880 bytes (3.4%)
(RDMA_READ_CONSUME_CHECK_CONSUMER) timestamp=2977 ms, used_size=1400832 bytes (3.4%)
(RDMA_READ_CONSUME_CHECK_CONSUMER) timestamp=2977 ms, used_size=1398784 bytes (3.4%)
(RDMA_READ_CONSUME_CHECK_CONSUMER) timestamp=2977 ms, used_size=1396736 bytes (3.4%)
(RDMA_READ_CONSUME_CHECK_CONSUMER) timestamp=2977 ms, used_size=1394688 bytes (3.4%)
(RDMA_READ_CONSUME_CHECK_CONSUMER) timestamp=2977 ms, used_size=1392640 bytes (3.4%)
(RDMA_READ_CONSUME_CHECK_CONSUMER) timestamp=2977 ms, used_size=1390592 bytes (3.4%)
(RDMA_READ_CONSUME_CHECK_CONSUMER) timestamp=2977 ms, used_size=1388544 bytes (3.4%)
(RDMA_READ_CONSUME_CHECK_CONSUMER) timestamp=2977 ms, used_size=1386496 bytes (3.4%)
(RDMA_READ_CONSUME_CHECK_CONSUMER) timestamp=2977 ms, used_size=1384448 bytes (3.4%)
(RDMA_READ_CONSUME_CHECK_CONSUMER) timestamp=2977 ms, used_size=1382400 bytes (3.4%)
(RDMA_READ_CONSUME_CHECK_CONSUMER) timestamp=2977 ms, used_size=1380352 bytes (3.4%)
(RDMA_READ_CONSUME_CHECK_CONSUMER) timestamp=2977 ms, used_size=1378304 bytes (3.4%)
(RDMA_READ_CONSUME_CHECK_CONSUMER) timestamp=2977 ms, used_size=1376256 bytes (3.4%)
(RDMA_READ_CONSUME_CHECK_CONSUMER) timestamp=2977 ms, used_size=1374208 bytes (3.4%)
(RDMA_READ_CONSUME_CHECK_CONSUMER) timestamp=2977 ms, used_size=1372160 bytes (3.4%)
(RDMA_READ_CONSUME_CHECK_CONSUMER) timestamp=2977 ms, used_size=1370112 bytes (3.3%)
(RDMA_READ_CONSUME_CHECK_CONSUMER) timestamp=2977 ms, used_size=1368064 bytes (3.3%)
(RDMA_READ_CONSUME_CHECK_CONSUMER) timestamp=2977 ms, used_size=1366016 bytes (3.3%)
(RDMA_READ_CONSUME_CHECK_CONSUMER) timestamp=2977 ms, used_size=1363968 bytes (3.3%)
(RDMA_READ_CONSUME_CHECK_CONSUMER) timestamp=2977 ms, used_size=1361920 bytes (3.3%)
(RDMA_READ_CONSUME_CHECK_CONSUMER) timestamp=2977 ms, used_size=1359872 bytes (3.3%)
(RDMA_READ_CONSUME_CHECK_CONSUMER) timestamp=2978 ms, used_size=1357824 bytes (3.3%)
(RDMA_READ_CONSUME_CHECK_CONSUMER) timestamp=2978 ms, used_size=1355776 bytes (3.3%)
(RDMA_READ_CONSUME_CHECK_CONSUMER) timestamp=2978 ms, used_size=1353728 bytes (3.3%)
(RDMA_READ_CONSUME_CHECK_CONSUMER) timestamp=2978 ms, used_size=1351680 bytes (3.3%)
(RDMA_READ_CONSUME_CHECK_CONSUMER) timestamp=2978 ms, used_size=1349632 bytes (3.3%)
(RDMA_READ_CONSUME_CHECK_CONSUMER) timestamp=2978 ms, used_size=1347584 bytes (3.3%)
(RDMA_READ_CONSUME_CHECK_CONSUMER) timestamp=2978 ms, used_size=1345536 bytes (3.3%)
(RDMA_READ_CONSUME_CHECK_CONSUMER) timestamp=2978 ms, used_size=1343488 bytes (3.3%)
(RDMA_READ_CONSUME_CHECK_CONSUMER) timestamp=2978 ms, used_size=1341440 bytes (3.3%)
(RDMA_READ_CONSUME_CHECK_CONSUMER) timestamp=2978 ms, used_size=1339392 bytes (3.3%)
(RDMA_READ_CONSUME_CHECK_CONSUMER) timestamp=2978 ms, used_size=1337344 bytes (3.3%)
(RDMA_READ_CONSUME_CHECK_CONSUMER) timestamp=2978 ms, used_size=1335296 bytes (3.3%)
(RDMA_READ_CONSUME_CHECK_CONSUMER) timestamp=2978 ms, used_size=1333248 bytes (3.3%)
(RDMA_READ_CONSUME_CHECK_CONSUMER) timestamp=2978 ms, used_size=1331200 bytes (3.2%)
(RDMA_READ_CONSUME_CHECK_CONSUMER) timestamp=2978 ms, used_size=1329152 bytes (3.2%)
(RDMA_READ_CONSUME_CHECK_CONSUMER) timestamp=2978 ms, used_size=1327104 bytes (3.2%)
(RDMA_READ_CONSUME_CHECK_CONSUMER) timestamp=2978 ms, used_size=1325056 bytes (3.2%)
(RDMA_READ_CONSUME_CHECK_CONSUMER) timestamp=2978 ms, used_size=1323008 bytes (3.2%)
(RDMA_READ_CONSUME_CHECK_CONSUMER) timestamp=2978 ms, used_size=1320960 bytes (3.2%)
(RDMA_READ_CONSUME_CHECK_CONSUMER) timestamp=2978 ms, used_size=1318912 bytes (3.2%)
(RDMA_READ_CONSUME_CHECK_CONSUMER) timestamp=2978 ms, used_size=1316864 bytes (3.2%)
(RDMA_READ_CONSUME_CHECK_CONSUMER) timestamp=2978 ms, used_size=1314816 bytes (3.2%)
(RDMA_READ_CONSUME_CHECK_CONSUMER) timestamp=2978 ms, used_size=1312768 bytes (3.2%)
(RDMA_READ_CONSUME_CHECK_CONSUMER) timestamp=2978 ms, used_size=1310720 bytes (3.2%)
(RDMA_READ_CONSUME_CHECK_CONSUMER) timestamp=2978 ms, used_size=1308672 bytes (3.2%)
(RDMA_READ_CONSUME_CHECK_CONSUMER) timestamp=2978 ms, used_size=1306624 bytes (3.2%)
(RDMA_READ_CONSUME_CHECK_CONSUMER) timestamp=2978 ms, used_size=1304576 bytes (3.2%)
(RDMA_READ_CONSUME_CHECK_CONSUMER) timestamp=2978 ms, used_size=1302528 bytes (3.2%)
(RDMA_READ_CONSUME_CHECK_CONSUMER) timestamp=2978 ms, used_size=1300480 bytes (3.2%)
(RDMA_READ_CONSUME_CHECK_CONSUMER) timestamp=2978 ms, used_size=1298432 bytes (3.2%)
(RDMA_READ_CONSUME_CHECK_CONSUMER) timestamp=2978 ms, used_size=1296384 bytes (3.2%)
(RDMA_READ_CONSUME_CHECK_CONSUMER) timestamp=2978 ms, used_size=1294336 bytes (3.2%)
(RDMA_READ_CONSUME_CHECK_CONSUMER) timestamp=2978 ms, used_size=1292288 bytes (3.2%)
(RDMA_READ_CONSUME_CHECK_CONSUMER) timestamp=2978 ms, used_size=1290240 bytes (3.1%)
(RDMA_READ_CONSUME_CHECK_CONSUMER) timestamp=2978 ms, used_size=1288192 bytes (3.1%)
(RDMA_READ_CONSUME_CHECK_CONSUMER) timestamp=2978 ms, used_size=1286144 bytes (3.1%)
(RDMA_READ_CONSUME_CHECK_CONSUMER) timestamp=2978 ms, used_size=1284096 bytes (3.1%)
(RDMA_READ_CONSUME_CHECK_CONSUMER) timestamp=2978 ms, used_size=1282048 bytes (3.1%)
(RDMA_READ_CONSUME_CHECK_CONSUMER) timestamp=2978 ms, used_size=1280000 bytes (3.1%)
(RDMA_READ_CONSUME_CHECK_CONSUMER) timestamp=2978 ms, used_size=1277952 bytes (3.1%)
(RDMA_READ_CONSUME_CHECK_CONSUMER) timestamp=2978 ms, used_size=1275904 bytes (3.1%)
(RDMA_READ_CONSUME_CHECK_CONSUMER) timestamp=2978 ms, used_size=1273856 bytes (3.1%)
(RDMA_READ_CONSUME_CHECK_CONSUMER) timestamp=2978 ms, used_size=1271808 bytes (3.1%)
(RDMA_READ_CONSUME_CHECK_CONSUMER) timestamp=2978 ms, used_size=1269760 bytes (3.1%)
(RDMA_READ_CONSUME_CHECK_CONSUMER) timestamp=2978 ms, used_size=1267712 bytes (3.1%)
(RDMA_READ_CONSUME_CHECK_CONSUMER) timestamp=2978 ms, used_size=1265664 bytes (3.1%)
(RDMA_READ_CONSUME_CHECK_CONSUMER) timestamp=2978 ms, used_size=1263616 bytes (3.1%)
(RDMA_READ_CONSUME_CHECK_CONSUMER) timestamp=2978 ms, used_size=1261568 bytes (3.1%)
(RDMA_READ_CONSUME_CHECK_CONSUMER) timestamp=2978 ms, used_size=1259520 bytes (3.1%)
(RDMA_READ_CONSUME_CHECK_CONSUMER) timestamp=2978 ms, used_size=1257472 bytes (3.1%)
(RDMA_READ_CONSUME_CHECK_CONSUMER) timestamp=2978 ms, used_size=1255424 bytes (3.1%)
(RDMA_READ_CONSUME_CHECK_CONSUMER) timestamp=2978 ms, used_size=1253376 bytes (3.1%)
(RDMA_READ_CONSUME_CHECK_CONSUMER) timestamp=2978 ms, used_size=1251328 bytes (3.1%)
(RDMA_READ_CONSUME_CHECK_CONSUMER) timestamp=2978 ms, used_size=1249280 bytes (3.0%)
(RDMA_READ_CONSUME_CHECK_CONSUMER) timestamp=2978 ms, used_size=1247232 bytes (3.0%)
(RDMA_READ_CONSUME_CHECK_CONSUMER) timestamp=2978 ms, used_size=1245184 bytes (3.0%)
(RDMA_READ_CONSUME_CHECK_CONSUMER) timestamp=2978 ms, used_size=1243136 bytes (3.0%)
(RDMA_READ_CONSUME_CHECK_CONSUMER) timestamp=2978 ms, used_size=1241088 bytes (3.0%)
(RDMA_READ_CONSUME_CHECK_CONSUMER) timestamp=2978 ms, used_size=1239040 bytes (3.0%)
(RDMA_READ_CONSUME_CHECK_CONSUMER) timestamp=2978 ms, used_size=1236992 bytes (3.0%)
(RDMA_READ_CONSUME_CHECK_CONSUMER) timestamp=2978 ms, used_size=1234944 bytes (3.0%)
(RDMA_READ_CONSUME_CHECK_CONSUMER) timestamp=2978 ms, used_size=1232896 bytes (3.0%)
(RDMA_READ_CONSUME_CHECK_CONSUMER) timestamp=2978 ms, used_size=1230848 bytes (3.0%)
(RDMA_READ_CONSUME_CHECK_CONSUMER) timestamp=2978 ms, used_size=1228800 bytes (3.0%)
(RDMA_READ_CONSUME_CHECK_CONSUMER) timestamp=2978 ms, used_size=1226752 bytes (3.0%)
(RDMA_READ_CONSUME_CHECK_CONSUMER) timestamp=2978 ms, used_size=1224704 bytes (3.0%)
(RDMA_READ_CONSUME_CHECK_CONSUMER) timestamp=2978 ms, used_size=1222656 bytes (3.0%)
(RDMA_READ_CONSUME_CHECK_CONSUMER) timestamp=2978 ms, used_size=1220608 bytes (3.0%)
(RDMA_READ_CONSUME_CHECK_CONSUMER) timestamp=2978 ms, used_size=1218560 bytes (3.0%)
(RDMA_READ_CONSUME_CHECK_CONSUMER) timestamp=2978 ms, used_size=1216512 bytes (3.0%)
(RDMA_READ_CONSUME_CHECK_CONSUMER) timestamp=2978 ms, used_size=1214464 bytes (3.0%)
(RDMA_READ_CONSUME_CHECK_CONSUMER) timestamp=2978 ms, used_size=1212416 bytes (3.0%)
(RDMA_READ_CONSUME_CHECK_CONSUMER) timestamp=2978 ms, used_size=1210368 bytes (3.0%)
(RDMA_READ_CONSUME_CHECK_CONSUMER) timestamp=2978 ms, used_size=1208320 bytes (3.0%)
(RDMA_READ_CONSUME_CHECK_CONSUMER) timestamp=2978 ms, used_size=1206272 bytes (2.9%)
(RDMA_READ_CONSUME_CHECK_CONSUMER) timestamp=2978 ms, used_size=1204224 bytes (2.9%)
(RDMA_READ_CONSUME_CHECK_CONSUMER) timestamp=2978 ms, used_size=1202176 bytes (2.9%)
(RDMA_READ_CONSUME_CHECK_CONSUMER) timestamp=2978 ms, used_size=1200128 bytes (2.9%)
(RDMA_READ_CONSUME_CHECK_CONSUMER) timestamp=2978 ms, used_size=1198080 bytes (2.9%)
(RDMA_READ_CONSUME_CHECK_CONSUMER) timestamp=2978 ms, used_size=1196032 bytes (2.9%)
(RDMA_READ_CONSUME_CHECK_CONSUMER) timestamp=2978 ms, used_size=1193984 bytes (2.9%)
(RDMA_READ_CONSUME_CHECK_CONSUMER) timestamp=2978 ms, used_size=1191936 bytes (2.9%)
(RDMA_READ_CONSUME_CHECK_CONSUMER) timestamp=2978 ms, used_size=1189888 bytes (2.9%)
(RDMA_READ_CONSUME_CHECK_CONSUMER) timestamp=2978 ms, used_size=1187840 bytes (2.9%)
(RDMA_READ_CONSUME_CHECK_CONSUMER) timestamp=2978 ms, used_size=1185792 bytes (2.9%)
(RDMA_READ_CONSUME_CHECK_CONSUMER) timestamp=2978 ms, used_size=1183744 bytes (2.9%)
(RDMA_READ_CONSUME_CHECK_CONSUMER) timestamp=2978 ms, used_size=1181696 bytes (2.9%)
(RDMA_READ_CONSUME_CHECK_CONSUMER) timestamp=2978 ms, used_size=1179648 bytes (2.9%)
(RDMA_READ_CONSUME_CHECK_CONSUMER) timestamp=2978 ms, used_size=1177600 bytes (2.9%)
(RDMA_READ_CONSUME_CHECK_CONSUMER) timestamp=2978 ms, used_size=1175552 bytes (2.9%)
(RDMA_READ_CONSUME_CHECK_CONSUMER) timestamp=2978 ms, used_size=1173504 bytes (2.9%)
(RDMA_READ_CONSUME_CHECK_CONSUMER) timestamp=2978 ms, used_size=1171456 bytes (2.9%)
(RDMA_READ_CONSUME_CHECK_CONSUMER) timestamp=2978 ms, used_size=1169408 bytes (2.9%)
(RDMA_READ_CONSUME_CHECK_CONSUMER) timestamp=2978 ms, used_size=1167360 bytes (2.9%)
(RDMA_READ_CONSUME_CHECK_CONSUMER) timestamp=2978 ms, used_size=1165312 bytes (2.8%)
(RDMA_READ_CONSUME_CHECK_CONSUMER) timestamp=2978 ms, used_size=1163264 bytes (2.8%)
(RDMA_READ_CONSUME_CHECK_CONSUMER) timestamp=2978 ms, used_size=1161216 bytes (2.8%)
(RDMA_READ_CONSUME_CHECK_CONSUMER) timestamp=2978 ms, used_size=1159168 bytes (2.8%)
(RDMA_READ_CONSUME_CHECK_CONSUMER) timestamp=2978 ms, used_size=1157120 bytes (2.8%)
(RDMA_READ_CONSUME_CHECK_CONSUMER) timestamp=2978 ms, used_size=1155072 bytes (2.8%)
(RDMA_READ_CONSUME_CHECK_CONSUMER) timestamp=2978 ms, used_size=1153024 bytes (2.8%)
(RDMA_READ_CONSUME_CHECK_CONSUMER) timestamp=2978 ms, used_size=1150976 bytes (2.8%)
(RDMA_READ_CONSUME_CHECK_CONSUMER) timestamp=2978 ms, used_size=1148928 bytes (2.8%)
(RDMA_READ_CONSUME_CHECK_CONSUMER) timestamp=2978 ms, used_size=1146880 bytes (2.8%)
(RDMA_READ_CONSUME_CHECK_CONSUMER) timestamp=2978 ms, used_size=1144832 bytes (2.8%)
(RDMA_READ_CONSUME_CHECK_CONSUMER) timestamp=2978 ms, used_size=1142784 bytes (2.8%)
(RDMA_READ_CONSUME_CHECK_CONSUMER) timestamp=2978 ms, used_size=1140736 bytes (2.8%)
(RDMA_READ_CONSUME_CHECK_CONSUMER) timestamp=2978 ms, used_size=1138688 bytes (2.8%)
(RDMA_READ_CONSUME_CHECK_CONSUMER) timestamp=2978 ms, used_size=1136640 bytes (2.8%)
(RDMA_READ_CONSUME_CHECK_CONSUMER) timestamp=2978 ms, used_size=1134592 bytes (2.8%)
(RDMA_READ_CONSUME_CHECK_CONSUMER) timestamp=2978 ms, used_size=1132544 bytes (2.8%)
(RDMA_READ_CONSUME_CHECK_CONSUMER) timestamp=2978 ms, used_size=1130496 bytes (2.8%)
(RDMA_READ_CONSUME_CHECK_CONSUMER) timestamp=2978 ms, used_size=1128448 bytes (2.8%)
(RDMA_READ_CONSUME_CHECK_CONSUMER) timestamp=2978 ms, used_size=1126400 bytes (2.8%)
(RDMA_READ_CONSUME_CHECK_CONSUMER) timestamp=2978 ms, used_size=1124352 bytes (2.7%)
(RDMA_READ_CONSUME_CHECK_CONSUMER) timestamp=2978 ms, used_size=1122304 bytes (2.7%)
(RDMA_READ_CONSUME_CHECK_CONSUMER) timestamp=2978 ms, used_size=1120256 bytes (2.7%)
(RDMA_READ_CONSUME_CHECK_CONSUMER) timestamp=2978 ms, used_size=1118208 bytes (2.7%)
(RDMA_READ_CONSUME_CHECK_CONSUMER) timestamp=2978 ms, used_size=1116160 bytes (2.7%)
(RDMA_READ_CONSUME_CHECK_CONSUMER) timestamp=2978 ms, used_size=1114112 bytes (2.7%)
(RDMA_READ_CONSUME_CHECK_CONSUMER) timestamp=2978 ms, used_size=1112064 bytes (2.7%)
(RDMA_READ_CONSUME_CHECK_CONSUMER) timestamp=2978 ms, used_size=1110016 bytes (2.7%)
(RDMA_READ_CONSUME_CHECK_CONSUMER) timestamp=2978 ms, used_size=1107968 bytes (2.7%)
(RDMA_READ_CONSUME_CHECK_CONSUMER) timestamp=2978 ms, used_size=1105920 bytes (2.7%)
(RDMA_READ_CONSUME_CHECK_CONSUMER) timestamp=2978 ms, used_size=1103872 bytes (2.7%)
(RDMA_READ_CONSUME_CHECK_CONSUMER) timestamp=2978 ms, used_size=1101824 bytes (2.7%)
(RDMA_READ_CONSUME_CHECK_CONSUMER) timestamp=2978 ms, used_size=1099776 bytes (2.7%)
(RDMA_READ_CONSUME_CHECK_CONSUMER) timestamp=2978 ms, used_size=1097728 bytes (2.7%)
(RDMA_READ_CONSUME_CHECK_CONSUMER) timestamp=2978 ms, used_size=1095680 bytes (2.7%)
(RDMA_READ_CONSUME_CHECK_CONSUMER) timestamp=2978 ms, used_size=1093632 bytes (2.7%)
(RDMA_READ_CONSUME_CHECK_CONSUMER) timestamp=2978 ms, used_size=1091584 bytes (2.7%)
(RDMA_READ_CONSUME_CHECK_CONSUMER) timestamp=2978 ms, used_size=1089536 bytes (2.7%)
(RDMA_READ_CONSUME_CHECK_CONSUMER) timestamp=2978 ms, used_size=1087488 bytes (2.7%)
(RDMA_READ_CONSUME_CHECK_CONSUMER) timestamp=2978 ms, used_size=1085440 bytes (2.6%)
(RDMA_READ_CONSUME_CHECK_CONSUMER) timestamp=2978 ms, used_size=1083392 bytes (2.6%)
(RDMA_READ_CONSUME_CHECK_CONSUMER) timestamp=2978 ms, used_size=1081344 bytes (2.6%)
(RDMA_READ_CONSUME_CHECK_CONSUMER) timestamp=2978 ms, used_size=1079296 bytes (2.6%)
(RDMA_READ_CONSUME_CHECK_CONSUMER) timestamp=2978 ms, used_size=1077248 bytes (2.6%)
(RDMA_READ_CONSUME_CHECK_CONSUMER) timestamp=2978 ms, used_size=1075200 bytes (2.6%)
(RDMA_READ_CONSUME_CHECK_CONSUMER) timestamp=2978 ms, used_size=1073152 bytes (2.6%)
(RDMA_READ_CONSUME_CHECK_CONSUMER) timestamp=2978 ms, used_size=1071104 bytes (2.6%)
(RDMA_READ_CONSUME_CHECK_CONSUMER) timestamp=2978 ms, used_size=1069056 bytes (2.6%)
(RDMA_READ_CONSUME_CHECK_CONSUMER) timestamp=2978 ms, used_size=1067008 bytes (2.6%)
(RDMA_READ_CONSUME_CHECK_CONSUMER) timestamp=2978 ms, used_size=1064960 bytes (2.6%)
(RDMA_READ_CONSUME_CHECK_CONSUMER) timestamp=2978 ms, used_size=1062912 bytes (2.6%)
(RDMA_READ_CONSUME_CHECK_CONSUMER) timestamp=2978 ms, used_size=1060864 bytes (2.6%)
(RDMA_READ_CONSUME_CHECK_CONSUMER) timestamp=2978 ms, used_size=1058816 bytes (2.6%)
(RDMA_READ_CONSUME_CHECK_CONSUMER) timestamp=2978 ms, used_size=1056768 bytes (2.6%)
(RDMA_READ_CONSUME_CHECK_CONSUMER) timestamp=2978 ms, used_size=1054720 bytes (2.6%)
(RDMA_READ_CONSUME_CHECK_CONSUMER) timestamp=2978 ms, used_size=1052672 bytes (2.6%)
(RDMA_READ_CONSUME_CHECK_CONSUMER) timestamp=2978 ms, used_size=1050624 bytes (2.6%)
(RDMA_READ_CONSUME_CHECK_CONSUMER) timestamp=2978 ms, used_size=1048576 bytes (2.6%)
(RDMA_READ_CONSUME_CHECK_CONSUMER) timestamp=2978 ms, used_size=1046528 bytes (2.6%)
(RDMA_READ_CONSUME_CHECK_CONSUMER) timestamp=2978 ms, used_size=1044480 bytes (2.5%)
(RDMA_READ_CONSUME_CHECK_CONSUMER) timestamp=2978 ms, used_size=1042432 bytes (2.5%)
(RDMA_READ_CONSUME_CHECK_CONSUMER) timestamp=2978 ms, used_size=1040384 bytes (2.5%)
(RDMA_READ_CONSUME_CHECK_CONSUMER) timestamp=2978 ms, used_size=1038336 bytes (2.5%)
(RDMA_READ_CONSUME_CHECK_CONSUMER) timestamp=2978 ms, used_size=1036288 bytes (2.5%)
(RDMA_READ_CONSUME_CHECK_CONSUMER) timestamp=2978 ms, used_size=1034240 bytes (2.5%)
(RDMA_READ_CONSUME_CHECK_CONSUMER) timestamp=2978 ms, used_size=1032192 bytes (2.5%)
(RDMA_READ_CONSUME_CHECK_CONSUMER) timestamp=2978 ms, used_size=1030144 bytes (2.5%)
(RDMA_READ_CONSUME_CHECK_CONSUMER) timestamp=2978 ms, used_size=1028096 bytes (2.5%)
(RDMA_READ_CONSUME_CHECK_CONSUMER) timestamp=2978 ms, used_size=1026048 bytes (2.5%)
(RDMA_READ_CONSUME_CHECK_CONSUMER) timestamp=2978 ms, used_size=1024000 bytes (2.5%)
(RDMA_READ_CONSUME_CHECK_CONSUMER) timestamp=2978 ms, used_size=1021952 bytes (2.5%)
(RDMA_READ_CONSUME_CHECK_CONSUMER) timestamp=2978 ms, used_size=1019904 bytes (2.5%)
(RDMA_READ_CONSUME_CHECK_CONSUMER) timestamp=2978 ms, used_size=1017856 bytes (2.5%)
(RDMA_READ_CONSUME_CHECK_CONSUMER) timestamp=2978 ms, used_size=1015808 bytes (2.5%)
(RDMA_READ_CONSUME_CHECK_CONSUMER) timestamp=2978 ms, used_size=1013760 bytes (2.5%)
(RDMA_READ_CONSUME_CHECK_CONSUMER) timestamp=2978 ms, used_size=1011712 bytes (2.5%)
(RDMA_READ_CONSUME_CHECK_CONSUMER) timestamp=2978 ms, used_size=1009664 bytes (2.5%)
(RDMA_READ_CONSUME_CHECK_CONSUMER) timestamp=2978 ms, used_size=1007616 bytes (2.5%)
(RDMA_READ_CONSUME_CHECK_CONSUMER) timestamp=2978 ms, used_size=1005568 bytes (2.5%)
(RDMA_READ_CONSUME_CHECK_CONSUMER) timestamp=2978 ms, used_size=1003520 bytes (2.5%)
(RDMA_READ_CONSUME_CHECK_CONSUMER) timestamp=2978 ms, used_size=1001472 bytes (2.4%)
(RDMA_READ_CONSUME_CHECK_CONSUMER) timestamp=2978 ms, used_size=999424 bytes (2.4%)
(RDMA_READ_CONSUME_CHECK_CONSUMER) timestamp=2978 ms, used_size=997376 bytes (2.4%)
(RDMA_READ_CONSUME_CHECK_CONSUMER) timestamp=2979 ms, used_size=995328 bytes (2.4%)
(RDMA_READ_CONSUME_CHECK_CONSUMER) timestamp=2979 ms, used_size=993280 bytes (2.4%)
(RDMA_READ_CONSUME_CHECK_CONSUMER) timestamp=2979 ms, used_size=991232 bytes (2.4%)
(RDMA_READ_CONSUME_CHECK_CONSUMER) timestamp=2979 ms, used_size=989184 bytes (2.4%)
(RDMA_READ_CONSUME_CHECK_CONSUMER) timestamp=2979 ms, used_size=987136 bytes (2.4%)
(RDMA_READ_CONSUME_CHECK_CONSUMER) timestamp=2979 ms, used_size=985088 bytes (2.4%)
(RDMA_READ_CONSUME_CHECK_CONSUMER) timestamp=2979 ms, used_size=983040 bytes (2.4%)
(RDMA_READ_CONSUME_CHECK_CONSUMER) timestamp=2979 ms, used_size=980992 bytes (2.4%)
(RDMA_READ_CONSUME_CHECK_CONSUMER) timestamp=2979 ms, used_size=978944 bytes (2.4%)
(RDMA_READ_CONSUME_CHECK_CONSUMER) timestamp=2979 ms, used_size=976896 bytes (2.4%)
(RDMA_READ_CONSUME_CHECK_CONSUMER) timestamp=2979 ms, used_size=974848 bytes (2.4%)
(RDMA_READ_CONSUME_CHECK_CONSUMER) timestamp=2979 ms, used_size=972800 bytes (2.4%)
(RDMA_READ_CONSUME_CHECK_CONSUMER) timestamp=2979 ms, used_size=970752 bytes (2.4%)
(RDMA_READ_CONSUME_CHECK_CONSUMER) timestamp=2979 ms, used_size=968704 bytes (2.4%)
(RDMA_READ_CONSUME_CHECK_CONSUMER) timestamp=2979 ms, used_size=966656 bytes (2.4%)
(RDMA_READ_CONSUME_CHECK_CONSUMER) timestamp=2979 ms, used_size=964608 bytes (2.4%)
(RDMA_READ_CONSUME_CHECK_CONSUMER) timestamp=2979 ms, used_size=962560 bytes (2.4%)
(RDMA_READ_CONSUME_CHECK_CONSUMER) timestamp=2979 ms, used_size=960512 bytes (2.3%)
(RDMA_READ_CONSUME_CHECK_CONSUMER) timestamp=2979 ms, used_size=958464 bytes (2.3%)
(RDMA_READ_CONSUME_CHECK_CONSUMER) timestamp=2979 ms, used_size=956416 bytes (2.3%)
(RDMA_READ_CONSUME_CHECK_CONSUMER) timestamp=2979 ms, used_size=954368 bytes (2.3%)
(RDMA_READ_CONSUME_CHECK_CONSUMER) timestamp=2979 ms, used_size=952320 bytes (2.3%)
(RDMA_READ_CONSUME_CHECK_CONSUMER) timestamp=2979 ms, used_size=950272 bytes (2.3%)
(RDMA_READ_CONSUME_CHECK_CONSUMER) timestamp=2979 ms, used_size=948224 bytes (2.3%)
(RDMA_READ_CONSUME_CHECK_CONSUMER) timestamp=2979 ms, used_size=946176 bytes (2.3%)
(RDMA_READ_CONSUME_CHECK_CONSUMER) timestamp=2979 ms, used_size=944128 bytes (2.3%)
(RDMA_READ_CONSUME_CHECK_CONSUMER) timestamp=2979 ms, used_size=942080 bytes (2.3%)
(RDMA_READ_CONSUME_CHECK_CONSUMER) timestamp=2979 ms, used_size=940032 bytes (2.3%)
(RDMA_READ_CONSUME_CHECK_CONSUMER) timestamp=2979 ms, used_size=937984 bytes (2.3%)
(RDMA_READ_CONSUME_CHECK_CONSUMER) timestamp=2979 ms, used_size=935936 bytes (2.3%)
(RDMA_READ_CONSUME_CHECK_CONSUMER) timestamp=2979 ms, used_size=933888 bytes (2.3%)
(RDMA_READ_CONSUME_CHECK_CONSUMER) timestamp=2979 ms, used_size=931840 bytes (2.3%)
(RDMA_READ_CONSUME_CHECK_CONSUMER) timestamp=2979 ms, used_size=929792 bytes (2.3%)
(RDMA_READ_CONSUME_CHECK_CONSUMER) timestamp=2979 ms, used_size=927744 bytes (2.3%)
(RDMA_READ_CONSUME_CHECK_CONSUMER) timestamp=2979 ms, used_size=925696 bytes (2.3%)
(RDMA_READ_CONSUME_CHECK_CONSUMER) timestamp=2979 ms, used_size=923648 bytes (2.3%)
(RDMA_READ_CONSUME_CHECK_CONSUMER) timestamp=2979 ms, used_size=921600 bytes (2.2%)
(RDMA_READ_CONSUME_CHECK_CONSUMER) timestamp=2979 ms, used_size=919552 bytes (2.2%)
(RDMA_READ_CONSUME_CHECK_CONSUMER) timestamp=2979 ms, used_size=917504 bytes (2.2%)
(RDMA_READ_CONSUME_CHECK_CONSUMER) timestamp=2979 ms, used_size=915456 bytes (2.2%)
(RDMA_READ_CONSUME_CHECK_CONSUMER) timestamp=2979 ms, used_size=913408 bytes (2.2%)
(RDMA_READ_CONSUME_CHECK_CONSUMER) timestamp=2979 ms, used_size=911360 bytes (2.2%)
(RDMA_READ_CONSUME_CHECK_CONSUMER) timestamp=2979 ms, used_size=909312 bytes (2.2%)
(RDMA_READ_CONSUME_CHECK_CONSUMER) timestamp=2979 ms, used_size=907264 bytes (2.2%)
(RDMA_READ_CONSUME_CHECK_CONSUMER) timestamp=2979 ms, used_size=905216 bytes (2.2%)
(RDMA_READ_CONSUME_CHECK_CONSUMER) timestamp=2979 ms, used_size=903168 bytes (2.2%)
(RDMA_READ_CONSUME_CHECK_CONSUMER) timestamp=2979 ms, used_size=901120 bytes (2.2%)
(RDMA_READ_CONSUME_CHECK_CONSUMER) timestamp=2979 ms, used_size=899072 bytes (2.2%)
(RDMA_READ_CONSUME_CHECK_CONSUMER) timestamp=2979 ms, used_size=897024 bytes (2.2%)
(RDMA_READ_CONSUME_CHECK_CONSUMER) timestamp=2979 ms, used_size=894976 bytes (2.2%)
(RDMA_READ_CONSUME_CHECK_CONSUMER) timestamp=2979 ms, used_size=892928 bytes (2.2%)
(RDMA_READ_CONSUME_CHECK_CONSUMER) timestamp=2979 ms, used_size=890880 bytes (2.2%)
(RDMA_READ_CONSUME_CHECK_CONSUMER) timestamp=2979 ms, used_size=888832 bytes (2.2%)
(RDMA_READ_CONSUME_CHECK_CONSUMER) timestamp=2979 ms, used_size=886784 bytes (2.2%)
(RDMA_READ_CONSUME_CHECK_CONSUMER) timestamp=2979 ms, used_size=884736 bytes (2.2%)
(RDMA_READ_CONSUME_CHECK_CONSUMER) timestamp=2979 ms, used_size=882688 bytes (2.2%)
(RDMA_READ_CONSUME_CHECK_CONSUMER) timestamp=2979 ms, used_size=880640 bytes (2.1%)
(RDMA_READ_CONSUME_CHECK_CONSUMER) timestamp=2979 ms, used_size=878592 bytes (2.1%)
(RDMA_READ_CONSUME_CHECK_CONSUMER) timestamp=2979 ms, used_size=876544 bytes (2.1%)
(RDMA_READ_CONSUME_CHECK_CONSUMER) timestamp=2979 ms, used_size=874496 bytes (2.1%)
(RDMA_READ_CONSUME_CHECK_CONSUMER) timestamp=2979 ms, used_size=872448 bytes (2.1%)
(RDMA_READ_CONSUME_CHECK_CONSUMER) timestamp=2979 ms, used_size=870400 bytes (2.1%)
(RDMA_READ_CONSUME_CHECK_CONSUMER) timestamp=2979 ms, used_size=868352 bytes (2.1%)
(RDMA_READ_CONSUME_CHECK_CONSUMER) timestamp=2979 ms, used_size=866304 bytes (2.1%)
(RDMA_READ_CONSUME_CHECK_CONSUMER) timestamp=2979 ms, used_size=864256 bytes (2.1%)
(RDMA_READ_CONSUME_CHECK_CONSUMER) timestamp=2979 ms, used_size=862208 bytes (2.1%)
(RDMA_READ_CONSUME_CHECK_CONSUMER) timestamp=2979 ms, used_size=860160 bytes (2.1%)
(RDMA_READ_CONSUME_CHECK_CONSUMER) timestamp=2979 ms, used_size=858112 bytes (2.1%)
(RDMA_READ_CONSUME_CHECK_CONSUMER) timestamp=2979 ms, used_size=856064 bytes (2.1%)
(RDMA_READ_CONSUME_CHECK_CONSUMER) timestamp=2979 ms, used_size=854016 bytes (2.1%)
(RDMA_READ_CONSUME_CHECK_CONSUMER) timestamp=2979 ms, used_size=851968 bytes (2.1%)
(RDMA_READ_CONSUME_CHECK_CONSUMER) timestamp=2979 ms, used_size=849920 bytes (2.1%)
(RDMA_READ_CONSUME_CHECK_CONSUMER) timestamp=2979 ms, used_size=847872 bytes (2.1%)
(RDMA_READ_CONSUME_CHECK_CONSUMER) timestamp=2979 ms, used_size=845824 bytes (2.1%)
(RDMA_READ_CONSUME_CHECK_CONSUMER) timestamp=2979 ms, used_size=843776 bytes (2.1%)
(RDMA_READ_CONSUME_CHECK_CONSUMER) timestamp=2979 ms, used_size=841728 bytes (2.1%)
(RDMA_READ_CONSUME_CHECK_CONSUMER) timestamp=2979 ms, used_size=839680 bytes (2.0%)
(RDMA_READ_CONSUME_CHECK_CONSUMER) timestamp=2979 ms, used_size=837632 bytes (2.0%)
(RDMA_READ_CONSUME_CHECK_CONSUMER) timestamp=2979 ms, used_size=835584 bytes (2.0%)
(RDMA_READ_CONSUME_CHECK_CONSUMER) timestamp=2979 ms, used_size=833536 bytes (2.0%)
(RDMA_READ_CONSUME_CHECK_CONSUMER) timestamp=2979 ms, used_size=831488 bytes (2.0%)
(RDMA_READ_CONSUME_CHECK_CONSUMER) timestamp=2979 ms, used_size=829440 bytes (2.0%)
(RDMA_READ_CONSUME_CHECK_CONSUMER) timestamp=2979 ms, used_size=827392 bytes (2.0%)
(RDMA_READ_CONSUME_CHECK_CONSUMER) timestamp=2979 ms, used_size=825344 bytes (2.0%)
(RDMA_READ_CONSUME_CHECK_CONSUMER) timestamp=2979 ms, used_size=823296 bytes (2.0%)
(RDMA_READ_CONSUME_CHECK_CONSUMER) timestamp=2979 ms, used_size=821248 bytes (2.0%)
(RDMA_READ_CONSUME_CHECK_CONSUMER) timestamp=2979 ms, used_size=819200 bytes (2.0%)
(RDMA_READ_CONSUME_CHECK_CONSUMER) timestamp=2979 ms, used_size=817152 bytes (2.0%)
(RDMA_READ_CONSUME_CHECK_CONSUMER) timestamp=2979 ms, used_size=815104 bytes (2.0%)
(RDMA_READ_CONSUME_CHECK_CONSUMER) timestamp=2979 ms, used_size=813056 bytes (2.0%)
(RDMA_READ_CONSUME_CHECK_CONSUMER) timestamp=2979 ms, used_size=811008 bytes (2.0%)
(RDMA_READ_CONSUME_CHECK_CONSUMER) timestamp=2979 ms, used_size=808960 bytes (2.0%)
(RDMA_READ_CONSUME_CHECK_CONSUMER) timestamp=2979 ms, used_size=806912 bytes (2.0%)
(RDMA_READ_CONSUME_CHECK_CONSUMER) timestamp=2979 ms, used_size=804864 bytes (2.0%)
(RDMA_READ_CONSUME_CHECK_CONSUMER) timestamp=2979 ms, used_size=802816 bytes (2.0%)
(RDMA_READ_CONSUME_CHECK_CONSUMER) timestamp=2979 ms, used_size=800768 bytes (2.0%)
(RDMA_READ_CONSUME_CHECK_CONSUMER) timestamp=2979 ms, used_size=798720 bytes (1.9%)
(RDMA_READ_CONSUME_CHECK_CONSUMER) timestamp=2979 ms, used_size=796672 bytes (1.9%)
(RDMA_READ_CONSUME_CHECK_CONSUMER) timestamp=2979 ms, used_size=794624 bytes (1.9%)
(RDMA_READ_CONSUME_CHECK_CONSUMER) timestamp=2979 ms, used_size=792576 bytes (1.9%)
(RDMA_READ_CONSUME_CHECK_CONSUMER) timestamp=2979 ms, used_size=790528 bytes (1.9%)
(RDMA_READ_CONSUME_CHECK_CONSUMER) timestamp=2979 ms, used_size=788480 bytes (1.9%)
(RDMA_READ_CONSUME_CHECK_CONSUMER) timestamp=2979 ms, used_size=786432 bytes (1.9%)
(RDMA_READ_CONSUME_CHECK_CONSUMER) timestamp=2979 ms, used_size=784384 bytes (1.9%)
(RDMA_READ_CONSUME_CHECK_CONSUMER) timestamp=2979 ms, used_size=782336 bytes (1.9%)
(RDMA_READ_CONSUME_CHECK_CONSUMER) timestamp=2979 ms, used_size=780288 bytes (1.9%)
(RDMA_READ_CONSUME_CHECK_CONSUMER) timestamp=2979 ms, used_size=778240 bytes (1.9%)
(RDMA_READ_CONSUME_CHECK_CONSUMER) timestamp=2979 ms, used_size=776192 bytes (1.9%)
(RDMA_READ_CONSUME_CHECK_CONSUMER) timestamp=2979 ms, used_size=774144 bytes (1.9%)
(RDMA_READ_CONSUME_CHECK_CONSUMER) timestamp=2979 ms, used_size=772096 bytes (1.9%)
(RDMA_READ_CONSUME_CHECK_CONSUMER) timestamp=2979 ms, used_size=770048 bytes (1.9%)
(RDMA_READ_CONSUME_CHECK_CONSUMER) timestamp=2979 ms, used_size=768000 bytes (1.9%)
(RDMA_READ_CONSUME_CHECK_CONSUMER) timestamp=2979 ms, used_size=765952 bytes (1.9%)
(RDMA_READ_CONSUME_CHECK_CONSUMER) timestamp=2979 ms, used_size=763904 bytes (1.9%)
(RDMA_READ_CONSUME_CHECK_CONSUMER) timestamp=2979 ms, used_size=761856 bytes (1.9%)
(RDMA_READ_CONSUME_CHECK_CONSUMER) timestamp=2979 ms, used_size=759808 bytes (1.9%)
(RDMA_READ_CONSUME_CHECK_CONSUMER) timestamp=2979 ms, used_size=757760 bytes (1.9%)
(RDMA_READ_CONSUME_CHECK_CONSUMER) timestamp=2979 ms, used_size=755712 bytes (1.8%)
(RDMA_READ_CONSUME_CHECK_CONSUMER) timestamp=2979 ms, used_size=753664 bytes (1.8%)
(RDMA_READ_CONSUME_CHECK_CONSUMER) timestamp=2979 ms, used_size=751616 bytes (1.8%)
(RDMA_READ_CONSUME_CHECK_CONSUMER) timestamp=2979 ms, used_size=749568 bytes (1.8%)
(RDMA_READ_CONSUME_CHECK_CONSUMER) timestamp=2979 ms, used_size=747520 bytes (1.8%)
(RDMA_READ_CONSUME_CHECK_CONSUMER) timestamp=2979 ms, used_size=745472 bytes (1.8%)
(RDMA_READ_CONSUME_CHECK_CONSUMER) timestamp=2979 ms, used_size=743424 bytes (1.8%)
(RDMA_READ_CONSUME_CHECK_CONSUMER) timestamp=2979 ms, used_size=741376 bytes (1.8%)
(RDMA_READ_CONSUME_CHECK_CONSUMER) timestamp=2979 ms, used_size=739328 bytes (1.8%)
(RDMA_READ_CONSUME_CHECK_CONSUMER) timestamp=2979 ms, used_size=737280 bytes (1.8%)
(RDMA_READ_CONSUME_CHECK_CONSUMER) timestamp=2979 ms, used_size=735232 bytes (1.8%)
(RDMA_READ_CONSUME_CHECK_CONSUMER) timestamp=2979 ms, used_size=733184 bytes (1.8%)
(RDMA_READ_CONSUME_CHECK_CONSUMER) timestamp=2979 ms, used_size=731136 bytes (1.8%)
(RDMA_READ_CONSUME_CHECK_CONSUMER) timestamp=2979 ms, used_size=729088 bytes (1.8%)
(RDMA_READ_CONSUME_CHECK_CONSUMER) timestamp=2979 ms, used_size=727040 bytes (1.8%)
(RDMA_READ_CONSUME_CHECK_CONSUMER) timestamp=2979 ms, used_size=724992 bytes (1.8%)
(RDMA_READ_CONSUME_CHECK_CONSUMER) timestamp=2979 ms, used_size=722944 bytes (1.8%)
(RDMA_READ_CONSUME_CHECK_CONSUMER) timestamp=2979 ms, used_size=720896 bytes (1.8%)
(RDMA_READ_CONSUME_CHECK_CONSUMER) timestamp=2979 ms, used_size=718848 bytes (1.8%)
(RDMA_READ_CONSUME_CHECK_CONSUMER) timestamp=2979 ms, used_size=716800 bytes (1.8%)
(RDMA_READ_CONSUME_CHECK_CONSUMER) timestamp=2979 ms, used_size=714752 bytes (1.7%)
(RDMA_READ_CONSUME_CHECK_CONSUMER) timestamp=2979 ms, used_size=712704 bytes (1.7%)
(RDMA_READ_CONSUME_CHECK_CONSUMER) timestamp=2979 ms, used_size=710656 bytes (1.7%)
(RDMA_READ_CONSUME_CHECK_CONSUMER) timestamp=2979 ms, used_size=708608 bytes (1.7%)
(RDMA_READ_CONSUME_CHECK_CONSUMER) timestamp=2979 ms, used_size=706560 bytes (1.7%)
(RDMA_READ_CONSUME_CHECK_CONSUMER) timestamp=2979 ms, used_size=704512 bytes (1.7%)
(RDMA_READ_CONSUME_CHECK_CONSUMER) timestamp=2979 ms, used_size=702464 bytes (1.7%)
(RDMA_READ_CONSUME_CHECK_CONSUMER) timestamp=2979 ms, used_size=700416 bytes (1.7%)
(RDMA_READ_CONSUME_CHECK_CONSUMER) timestamp=2979 ms, used_size=698368 bytes (1.7%)
(RDMA_READ_CONSUME_CHECK_CONSUMER) timestamp=2979 ms, used_size=696320 bytes (1.7%)
(RDMA_READ_CONSUME_CHECK_CONSUMER) timestamp=2979 ms, used_size=694272 bytes (1.7%)
(RDMA_READ_CONSUME_CHECK_CONSUMER) timestamp=2979 ms, used_size=692224 bytes (1.7%)
(RDMA_READ_CONSUME_CHECK_CONSUMER) timestamp=2979 ms, used_size=690176 bytes (1.7%)
(RDMA_READ_CONSUME_CHECK_CONSUMER) timestamp=2979 ms, used_size=688128 bytes (1.7%)
(RDMA_READ_CONSUME_CHECK_CONSUMER) timestamp=2979 ms, used_size=686080 bytes (1.7%)
(RDMA_READ_CONSUME_CHECK_CONSUMER) timestamp=2979 ms, used_size=684032 bytes (1.7%)
(RDMA_READ_CONSUME_CHECK_CONSUMER) timestamp=2979 ms, used_size=681984 bytes (1.7%)
(RDMA_READ_CONSUME_CHECK_CONSUMER) timestamp=2979 ms, used_size=679936 bytes (1.7%)
(RDMA_READ_CONSUME_CHECK_CONSUMER) timestamp=2979 ms, used_size=677888 bytes (1.7%)
(RDMA_READ_CONSUME_CHECK_CONSUMER) timestamp=2979 ms, used_size=675840 bytes (1.6%)
(RDMA_READ_CONSUME_CHECK_CONSUMER) timestamp=2979 ms, used_size=673792 bytes (1.6%)
(RDMA_READ_CONSUME_CHECK_CONSUMER) timestamp=2979 ms, used_size=671744 bytes (1.6%)
(RDMA_READ_CONSUME_CHECK_CONSUMER) timestamp=2979 ms, used_size=669696 bytes (1.6%)
(RDMA_READ_CONSUME_CHECK_CONSUMER) timestamp=2979 ms, used_size=667648 bytes (1.6%)
(RDMA_READ_CONSUME_CHECK_CONSUMER) timestamp=2979 ms, used_size=665600 bytes (1.6%)
(RDMA_READ_CONSUME_CHECK_CONSUMER) timestamp=2979 ms, used_size=663552 bytes (1.6%)
(RDMA_READ_CONSUME_CHECK_CONSUMER) timestamp=2979 ms, used_size=661504 bytes (1.6%)
(RDMA_READ_CONSUME_CHECK_CONSUMER) timestamp=2979 ms, used_size=659456 bytes (1.6%)
(RDMA_READ_CONSUME_CHECK_CONSUMER) timestamp=2979 ms, used_size=657408 bytes (1.6%)
(RDMA_READ_CONSUME_CHECK_CONSUMER) timestamp=2979 ms, used_size=655360 bytes (1.6%)
(RDMA_READ_CONSUME_CHECK_CONSUMER) timestamp=2979 ms, used_size=653312 bytes (1.6%)
(RDMA_READ_CONSUME_CHECK_CONSUMER) timestamp=2979 ms, used_size=651264 bytes (1.6%)
(RDMA_READ_CONSUME_CHECK_CONSUMER) timestamp=2979 ms, used_size=649216 bytes (1.6%)
(RDMA_READ_CONSUME_CHECK_CONSUMER) timestamp=2980 ms, used_size=647168 bytes (1.6%)
(RDMA_READ_CONSUME_CHECK_CONSUMER) timestamp=2980 ms, used_size=645120 bytes (1.6%)
(RDMA_READ_CONSUME_CHECK_CONSUMER) timestamp=2980 ms, used_size=643072 bytes (1.6%)
(RDMA_READ_CONSUME_CHECK_CONSUMER) timestamp=2980 ms, used_size=641024 bytes (1.6%)
(RDMA_READ_CONSUME_CHECK_CONSUMER) timestamp=2980 ms, used_size=638976 bytes (1.6%)
(RDMA_READ_CONSUME_CHECK_CONSUMER) timestamp=2980 ms, used_size=636928 bytes (1.6%)
(RDMA_READ_CONSUME_CHECK_CONSUMER) timestamp=2980 ms, used_size=634880 bytes (1.6%)
(RDMA_READ_CONSUME_CHECK_CONSUMER) timestamp=2980 ms, used_size=632832 bytes (1.5%)
(RDMA_READ_CONSUME_CHECK_CONSUMER) timestamp=2980 ms, used_size=630784 bytes (1.5%)
(RDMA_READ_CONSUME_CHECK_CONSUMER) timestamp=2980 ms, used_size=628736 bytes (1.5%)
(RDMA_READ_CONSUME_CHECK_CONSUMER) timestamp=2980 ms, used_size=626688 bytes (1.5%)
(RDMA_READ_CONSUME_CHECK_CONSUMER) timestamp=2980 ms, used_size=624640 bytes (1.5%)
(RDMA_READ_CONSUME_CHECK_CONSUMER) timestamp=2980 ms, used_size=622592 bytes (1.5%)
(RDMA_READ_CONSUME_CHECK_CONSUMER) timestamp=2980 ms, used_size=620544 bytes (1.5%)
(RDMA_READ_CONSUME_CHECK_CONSUMER) timestamp=2980 ms, used_size=618496 bytes (1.5%)
(RDMA_READ_CONSUME_CHECK_CONSUMER) timestamp=2980 ms, used_size=616448 bytes (1.5%)
(RDMA_READ_CONSUME_CHECK_CONSUMER) timestamp=2980 ms, used_size=614400 bytes (1.5%)
(RDMA_READ_CONSUME_CHECK_CONSUMER) timestamp=2980 ms, used_size=612352 bytes (1.5%)
(RDMA_READ_CONSUME_CHECK_CONSUMER) timestamp=2980 ms, used_size=610304 bytes (1.5%)
(RDMA_READ_CONSUME_CHECK_CONSUMER) timestamp=2980 ms, used_size=608256 bytes (1.5%)
(RDMA_READ_CONSUME_CHECK_CONSUMER) timestamp=2980 ms, used_size=606208 bytes (1.5%)
(RDMA_READ_CONSUME_CHECK_CONSUMER) timestamp=2980 ms, used_size=604160 bytes (1.5%)
(RDMA_READ_CONSUME_CHECK_CONSUMER) timestamp=2980 ms, used_size=602112 bytes (1.5%)
(RDMA_READ_CONSUME_CHECK_CONSUMER) timestamp=2980 ms, used_size=600064 bytes (1.5%)
(RDMA_READ_CONSUME_CHECK_CONSUMER) timestamp=2980 ms, used_size=598016 bytes (1.5%)
(RDMA_READ_CONSUME_CHECK_CONSUMER) timestamp=2980 ms, used_size=595968 bytes (1.5%)
(RDMA_READ_CONSUME_CHECK_CONSUMER) timestamp=2980 ms, used_size=593920 bytes (1.4%)
(RDMA_READ_CONSUME_CHECK_CONSUMER) timestamp=2980 ms, used_size=591872 bytes (1.4%)
(RDMA_READ_CONSUME_CHECK_CONSUMER) timestamp=2980 ms, used_size=589824 bytes (1.4%)
(RDMA_READ_CONSUME_CHECK_CONSUMER) timestamp=2980 ms, used_size=587776 bytes (1.4%)
(RDMA_READ_CONSUME_CHECK_CONSUMER) timestamp=2980 ms, used_size=585728 bytes (1.4%)
(RDMA_READ_CONSUME_CHECK_CONSUMER) timestamp=2980 ms, used_size=583680 bytes (1.4%)
(RDMA_READ_CONSUME_CHECK_CONSUMER) timestamp=2980 ms, used_size=581632 bytes (1.4%)
(RDMA_READ_CONSUME_CHECK_CONSUMER) timestamp=2980 ms, used_size=579584 bytes (1.4%)
(RDMA_READ_CONSUME_CHECK_CONSUMER) timestamp=2980 ms, used_size=577536 bytes (1.4%)
(RDMA_READ_CONSUME_CHECK_CONSUMER) timestamp=2980 ms, used_size=575488 bytes (1.4%)
(RDMA_READ_CONSUME_CHECK_CONSUMER) timestamp=2980 ms, used_size=573440 bytes (1.4%)
(RDMA_READ_CONSUME_CHECK_CONSUMER) timestamp=2980 ms, used_size=571392 bytes (1.4%)
(RDMA_READ_CONSUME_CHECK_CONSUMER) timestamp=2980 ms, used_size=569344 bytes (1.4%)
(RDMA_READ_CONSUME_CHECK_CONSUMER) timestamp=2980 ms, used_size=567296 bytes (1.4%)
(RDMA_READ_CONSUME_CHECK_CONSUMER) timestamp=2980 ms, used_size=565248 bytes (1.4%)
(RDMA_READ_CONSUME_CHECK_CONSUMER) timestamp=2980 ms, used_size=563200 bytes (1.4%)
(RDMA_READ_CONSUME_CHECK_CONSUMER) timestamp=2980 ms, used_size=561152 bytes (1.4%)
(RDMA_READ_CONSUME_CHECK_CONSUMER) timestamp=2980 ms, used_size=559104 bytes (1.4%)
(RDMA_READ_CONSUME_CHECK_CONSUMER) timestamp=2980 ms, used_size=557056 bytes (1.4%)
(RDMA_READ_CONSUME_CHECK_CONSUMER) timestamp=2980 ms, used_size=555008 bytes (1.4%)
(RDMA_READ_CONSUME_CHECK_CONSUMER) timestamp=2980 ms, used_size=552960 bytes (1.4%)
(RDMA_READ_CONSUME_CHECK_CONSUMER) timestamp=2980 ms, used_size=550912 bytes (1.3%)
(RDMA_READ_CONSUME_CHECK_CONSUMER) timestamp=2980 ms, used_size=548864 bytes (1.3%)
(RDMA_READ_CONSUME_CHECK_CONSUMER) timestamp=2980 ms, used_size=546816 bytes (1.3%)
(RDMA_READ_CONSUME_CHECK_CONSUMER) timestamp=2980 ms, used_size=544768 bytes (1.3%)
(RDMA_READ_CONSUME_CHECK_CONSUMER) timestamp=2980 ms, used_size=542720 bytes (1.3%)
(RDMA_READ_CONSUME_CHECK_CONSUMER) timestamp=2980 ms, used_size=540672 bytes (1.3%)
(RDMA_READ_CONSUME_CHECK_CONSUMER) timestamp=2980 ms, used_size=538624 bytes (1.3%)
(RDMA_READ_CONSUME_CHECK_CONSUMER) timestamp=2980 ms, used_size=536576 bytes (1.3%)
(RDMA_READ_CONSUME_CHECK_CONSUMER) timestamp=2980 ms, used_size=534528 bytes (1.3%)
(RDMA_READ_CONSUME_CHECK_CONSUMER) timestamp=2980 ms, used_size=532480 bytes (1.3%)
(RDMA_READ_CONSUME_CHECK_CONSUMER) timestamp=2980 ms, used_size=530432 bytes (1.3%)
(RDMA_READ_CONSUME_CHECK_CONSUMER) timestamp=2980 ms, used_size=528384 bytes (1.3%)
(RDMA_READ_CONSUME_CHECK_CONSUMER) timestamp=2980 ms, used_size=526336 bytes (1.3%)
(RDMA_READ_CONSUME_CHECK_CONSUMER) timestamp=2980 ms, used_size=524288 bytes (1.3%)
(RDMA_READ_CONSUME_CHECK_CONSUMER) timestamp=2980 ms, used_size=522240 bytes (1.3%)
(RDMA_READ_CONSUME_CHECK_CONSUMER) timestamp=2980 ms, used_size=520192 bytes (1.3%)
(RDMA_READ_CONSUME_CHECK_CONSUMER) timestamp=2980 ms, used_size=518144 bytes (1.3%)
(RDMA_READ_CONSUME_CHECK_CONSUMER) timestamp=2980 ms, used_size=516096 bytes (1.3%)
(RDMA_READ_CONSUME_CHECK_CONSUMER) timestamp=2980 ms, used_size=514048 bytes (1.3%)
(RDMA_READ_CONSUME_CHECK_CONSUMER) timestamp=2980 ms, used_size=512000 bytes (1.2%)
(RDMA_READ_CONSUME_CHECK_CONSUMER) timestamp=2980 ms, used_size=509952 bytes (1.2%)
(RDMA_READ_CONSUME_CHECK_CONSUMER) timestamp=2980 ms, used_size=507904 bytes (1.2%)
(RDMA_READ_CONSUME_CHECK_CONSUMER) timestamp=2980 ms, used_size=505856 bytes (1.2%)
(RDMA_READ_CONSUME_CHECK_CONSUMER) timestamp=2980 ms, used_size=503808 bytes (1.2%)
(RDMA_READ_CONSUME_CHECK_CONSUMER) timestamp=2980 ms, used_size=501760 bytes (1.2%)
(RDMA_READ_CONSUME_CHECK_CONSUMER) timestamp=2980 ms, used_size=499712 bytes (1.2%)
(RDMA_READ_CONSUME_CHECK_CONSUMER) timestamp=2980 ms, used_size=497664 bytes (1.2%)
(RDMA_READ_CONSUME_CHECK_CONSUMER) timestamp=2980 ms, used_size=495616 bytes (1.2%)
(RDMA_READ_CONSUME_CHECK_CONSUMER) timestamp=2980 ms, used_size=493568 bytes (1.2%)
(RDMA_READ_CONSUME_CHECK_CONSUMER) timestamp=2980 ms, used_size=491520 bytes (1.2%)
(RDMA_READ_CONSUME_CHECK_CONSUMER) timestamp=2980 ms, used_size=489472 bytes (1.2%)
(RDMA_READ_CONSUME_CHECK_CONSUMER) timestamp=2980 ms, used_size=487424 bytes (1.2%)
(RDMA_READ_CONSUME_CHECK_CONSUMER) timestamp=2980 ms, used_size=485376 bytes (1.2%)
(RDMA_READ_CONSUME_CHECK_CONSUMER) timestamp=2980 ms, used_size=483328 bytes (1.2%)
(RDMA_READ_CONSUME_CHECK_CONSUMER) timestamp=2980 ms, used_size=481280 bytes (1.2%)
(RDMA_READ_CONSUME_CHECK_CONSUMER) timestamp=2980 ms, used_size=479232 bytes (1.2%)
(RDMA_READ_CONSUME_CHECK_CONSUMER) timestamp=2980 ms, used_size=477184 bytes (1.2%)
(RDMA_READ_CONSUME_CHECK_CONSUMER) timestamp=2980 ms, used_size=475136 bytes (1.2%)
(RDMA_READ_CONSUME_CHECK_CONSUMER) timestamp=2980 ms, used_size=473088 bytes (1.2%)
(RDMA_READ_CONSUME_CHECK_CONSUMER) timestamp=2980 ms, used_size=471040 bytes (1.1%)
(RDMA_READ_CONSUME_CHECK_CONSUMER) timestamp=2980 ms, used_size=468992 bytes (1.1%)
(RDMA_READ_CONSUME_CHECK_CONSUMER) timestamp=2980 ms, used_size=466944 bytes (1.1%)
(RDMA_READ_CONSUME_CHECK_CONSUMER) timestamp=2980 ms, used_size=464896 bytes (1.1%)
(RDMA_READ_CONSUME_CHECK_CONSUMER) timestamp=2980 ms, used_size=462848 bytes (1.1%)
(RDMA_READ_CONSUME_CHECK_CONSUMER) timestamp=2980 ms, used_size=460800 bytes (1.1%)
(RDMA_READ_CONSUME_CHECK_CONSUMER) timestamp=2980 ms, used_size=458752 bytes (1.1%)
(RDMA_READ_CONSUME_CHECK_CONSUMER) timestamp=2980 ms, used_size=456704 bytes (1.1%)
(RDMA_READ_CONSUME_CHECK_CONSUMER) timestamp=2980 ms, used_size=454656 bytes (1.1%)
(RDMA_READ_CONSUME_CHECK_CONSUMER) timestamp=2980 ms, used_size=452608 bytes (1.1%)
(RDMA_READ_CONSUME_CHECK_CONSUMER) timestamp=2980 ms, used_size=450560 bytes (1.1%)
(RDMA_READ_CONSUME_CHECK_CONSUMER) timestamp=2980 ms, used_size=448512 bytes (1.1%)
(RDMA_READ_CONSUME_CHECK_CONSUMER) timestamp=2980 ms, used_size=446464 bytes (1.1%)
(RDMA_READ_CONSUME_CHECK_CONSUMER) timestamp=2980 ms, used_size=444416 bytes (1.1%)
(RDMA_READ_CONSUME_CHECK_CONSUMER) timestamp=2980 ms, used_size=442368 bytes (1.1%)
(RDMA_READ_CONSUME_CHECK_CONSUMER) timestamp=2980 ms, used_size=440320 bytes (1.1%)
(RDMA_READ_CONSUME_CHECK_CONSUMER) timestamp=2980 ms, used_size=438272 bytes (1.1%)
(RDMA_READ_CONSUME_CHECK_CONSUMER) timestamp=2980 ms, used_size=436224 bytes (1.1%)
(RDMA_READ_CONSUME_CHECK_CONSUMER) timestamp=2980 ms, used_size=434176 bytes (1.1%)
(RDMA_READ_CONSUME_CHECK_CONSUMER) timestamp=2980 ms, used_size=432128 bytes (1.1%)
(RDMA_READ_CONSUME_CHECK_CONSUMER) timestamp=2980 ms, used_size=430080 bytes (1.1%)
(RDMA_READ_CONSUME_CHECK_CONSUMER) timestamp=2980 ms, used_size=428032 bytes (1.0%)
(RDMA_READ_CONSUME_CHECK_CONSUMER) timestamp=2980 ms, used_size=425984 bytes (1.0%)
(RDMA_READ_CONSUME_CHECK_CONSUMER) timestamp=2980 ms, used_size=423936 bytes (1.0%)
(RDMA_READ_CONSUME_CHECK_CONSUMER) timestamp=2980 ms, used_size=421888 bytes (1.0%)
(RDMA_READ_CONSUME_CHECK_CONSUMER) timestamp=2980 ms, used_size=419840 bytes (1.0%)
(RDMA_READ_CONSUME_CHECK_CONSUMER) timestamp=2980 ms, used_size=417792 bytes (1.0%)
(RDMA_READ_CONSUME_CHECK_CONSUMER) timestamp=2980 ms, used_size=415744 bytes (1.0%)
(RDMA_READ_CONSUME_CHECK_CONSUMER) timestamp=2980 ms, used_size=413696 bytes (1.0%)
(RDMA_READ_CONSUME_CHECK_CONSUMER) timestamp=2980 ms, used_size=411648 bytes (1.0%)
(RDMA_READ_CONSUME_CHECK_CONSUMER) timestamp=2980 ms, used_size=409600 bytes (1.0%)
(RDMA_READ_CONSUME_CHECK_CONSUMER) timestamp=2980 ms, used_size=407552 bytes (1.0%)
(RDMA_READ_CONSUME_CHECK_CONSUMER) timestamp=2980 ms, used_size=405504 bytes (1.0%)
(RDMA_READ_CONSUME_CHECK_CONSUMER) timestamp=2980 ms, used_size=403456 bytes (1.0%)
(RDMA_READ_CONSUME_CHECK_CONSUMER) timestamp=2980 ms, used_size=401408 bytes (1.0%)
(RDMA_READ_CONSUME_CHECK_CONSUMER) timestamp=2980 ms, used_size=399360 bytes (1.0%)
(RDMA_READ_CONSUME_CHECK_CONSUMER) timestamp=2980 ms, used_size=397312 bytes (1.0%)
(RDMA_READ_CONSUME_CHECK_CONSUMER) timestamp=2980 ms, used_size=395264 bytes (1.0%)
(RDMA_READ_CONSUME_CHECK_CONSUMER) timestamp=2980 ms, used_size=393216 bytes (1.0%)
(RDMA_READ_CONSUME_CHECK_CONSUMER) timestamp=2980 ms, used_size=391168 bytes (1.0%)
(RDMA_READ_CONSUME_CHECK_CONSUMER) timestamp=2980 ms, used_size=389120 bytes (0.9%)
(RDMA_READ_CONSUME_CHECK_CONSUMER) timestamp=2980 ms, used_size=387072 bytes (0.9%)
(RDMA_READ_CONSUME_CHECK_CONSUMER) timestamp=2980 ms, used_size=385024 bytes (0.9%)
(RDMA_READ_CONSUME_CHECK_CONSUMER) timestamp=2980 ms, used_size=382976 bytes (0.9%)
(RDMA_READ_CONSUME_CHECK_CONSUMER) timestamp=2980 ms, used_size=380928 bytes (0.9%)
(RDMA_READ_CONSUME_CHECK_CONSUMER) timestamp=2980 ms, used_size=378880 bytes (0.9%)
(RDMA_READ_CONSUME_CHECK_CONSUMER) timestamp=2980 ms, used_size=376832 bytes (0.9%)
(RDMA_READ_CONSUME_CHECK_CONSUMER) timestamp=2980 ms, used_size=374784 bytes (0.9%)
(RDMA_READ_CONSUME_CHECK_CONSUMER) timestamp=2980 ms, used_size=372736 bytes (0.9%)
(RDMA_READ_CONSUME_CHECK_CONSUMER) timestamp=2980 ms, used_size=370688 bytes (0.9%)
(RDMA_READ_CONSUME_CHECK_CONSUMER) timestamp=2980 ms, used_size=368640 bytes (0.9%)
(RDMA_READ_CONSUME_CHECK_CONSUMER) timestamp=2980 ms, used_size=366592 bytes (0.9%)
(RDMA_READ_CONSUME_CHECK_CONSUMER) timestamp=2980 ms, used_size=364544 bytes (0.9%)
(RDMA_READ_CONSUME_CHECK_CONSUMER) timestamp=2980 ms, used_size=362496 bytes (0.9%)
(RDMA_READ_CONSUME_CHECK_CONSUMER) timestamp=2980 ms, used_size=360448 bytes (0.9%)
(RDMA_READ_CONSUME_CHECK_CONSUMER) timestamp=2980 ms, used_size=358400 bytes (0.9%)
(RDMA_READ_CONSUME_CHECK_CONSUMER) timestamp=2980 ms, used_size=356352 bytes (0.9%)
(RDMA_READ_CONSUME_CHECK_CONSUMER) timestamp=2980 ms, used_size=354304 bytes (0.9%)
(RDMA_READ_CONSUME_CHECK_CONSUMER) timestamp=2980 ms, used_size=352256 bytes (0.9%)
(RDMA_READ_CONSUME_CHECK_CONSUMER) timestamp=2980 ms, used_size=350208 bytes (0.9%)
(RDMA_READ_CONSUME_CHECK_CONSUMER) timestamp=2980 ms, used_size=348160 bytes (0.8%)
(RDMA_READ_CONSUME_CHECK_CONSUMER) timestamp=2980 ms, used_size=346112 bytes (0.8%)
(RDMA_READ_CONSUME_CHECK_CONSUMER) timestamp=2980 ms, used_size=344064 bytes (0.8%)
(RDMA_READ_CONSUME_CHECK_CONSUMER) timestamp=2980 ms, used_size=342016 bytes (0.8%)
(RDMA_READ_CONSUME_CHECK_CONSUMER) timestamp=2980 ms, used_size=339968 bytes (0.8%)
(RDMA_READ_CONSUME_CHECK_CONSUMER) timestamp=2980 ms, used_size=337920 bytes (0.8%)
(RDMA_READ_CONSUME_CHECK_CONSUMER) timestamp=2980 ms, used_size=335872 bytes (0.8%)
(RDMA_READ_CONSUME_CHECK_CONSUMER) timestamp=2980 ms, used_size=333824 bytes (0.8%)
(RDMA_READ_CONSUME_CHECK_CONSUMER) timestamp=2980 ms, used_size=331776 bytes (0.8%)
(RDMA_READ_CONSUME_CHECK_CONSUMER) timestamp=2980 ms, used_size=329728 bytes (0.8%)
(RDMA_READ_CONSUME_CHECK_CONSUMER) timestamp=2980 ms, used_size=327680 bytes (0.8%)
(RDMA_READ_CONSUME_CHECK_CONSUMER) timestamp=2980 ms, used_size=325632 bytes (0.8%)
(RDMA_READ_CONSUME_CHECK_CONSUMER) timestamp=2980 ms, used_size=323584 bytes (0.8%)
(RDMA_READ_CONSUME_CHECK_CONSUMER) timestamp=2980 ms, used_size=321536 bytes (0.8%)
(RDMA_READ_CONSUME_CHECK_CONSUMER) timestamp=2980 ms, used_size=319488 bytes (0.8%)
(RDMA_READ_CONSUME_CHECK_CONSUMER) timestamp=2980 ms, used_size=317440 bytes (0.8%)
(RDMA_READ_CONSUME_CHECK_CONSUMER) timestamp=2980 ms, used_size=315392 bytes (0.8%)
(RDMA_READ_CONSUME_CHECK_CONSUMER) timestamp=2980 ms, used_size=313344 bytes (0.8%)
(RDMA_READ_CONSUME_CHECK_CONSUMER) timestamp=2980 ms, used_size=311296 bytes (0.8%)
(RDMA_READ_CONSUME_CHECK_CONSUMER) timestamp=2980 ms, used_size=309248 bytes (0.8%)
(RDMA_READ_CONSUME_CHECK_CONSUMER) timestamp=2980 ms, used_size=307200 bytes (0.8%)
(RDMA_READ_CONSUME_CHECK_CONSUMER) timestamp=2980 ms, used_size=305152 bytes (0.7%)
(RDMA_READ_CONSUME_CHECK_CONSUMER) timestamp=2980 ms, used_size=303104 bytes (0.7%)
(RDMA_READ_CONSUME_CHECK_CONSUMER) timestamp=2980 ms, used_size=301056 bytes (0.7%)
(RDMA_READ_CONSUME_CHECK_CONSUMER) timestamp=2981 ms, used_size=299008 bytes (0.7%)
(RDMA_READ_CONSUME_CHECK_CONSUMER) timestamp=2981 ms, used_size=296960 bytes (0.7%)
(RDMA_READ_CONSUME_CHECK_CONSUMER) timestamp=2981 ms, used_size=294912 bytes (0.7%)
(RDMA_READ_CONSUME_CHECK_CONSUMER) timestamp=2981 ms, used_size=292864 bytes (0.7%)
(RDMA_READ_CONSUME_CHECK_CONSUMER) timestamp=2981 ms, used_size=290816 bytes (0.7%)
(RDMA_READ_CONSUME_CHECK_CONSUMER) timestamp=2981 ms, used_size=288768 bytes (0.7%)
(RDMA_READ_CONSUME_CHECK_CONSUMER) timestamp=2981 ms, used_size=286720 bytes (0.7%)
(RDMA_READ_CONSUME_CHECK_CONSUMER) timestamp=2981 ms, used_size=284672 bytes (0.7%)
(RDMA_READ_CONSUME_CHECK_CONSUMER) timestamp=2981 ms, used_size=282624 bytes (0.7%)
(RDMA_READ_CONSUME_CHECK_CONSUMER) timestamp=2981 ms, used_size=280576 bytes (0.7%)
(RDMA_READ_CONSUME_CHECK_CONSUMER) timestamp=2981 ms, used_size=278528 bytes (0.7%)
(RDMA_READ_CONSUME_CHECK_CONSUMER) timestamp=2981 ms, used_size=276480 bytes (0.7%)
(RDMA_READ_CONSUME_CHECK_CONSUMER) timestamp=2981 ms, used_size=274432 bytes (0.7%)
(RDMA_READ_CONSUME_CHECK_CONSUMER) timestamp=2981 ms, used_size=272384 bytes (0.7%)
(RDMA_READ_CONSUME_CHECK_CONSUMER) timestamp=2981 ms, used_size=270336 bytes (0.7%)
(RDMA_READ_CONSUME_CHECK_CONSUMER) timestamp=2981 ms, used_size=268288 bytes (0.7%)
(RDMA_READ_CONSUME_CHECK_CONSUMER) timestamp=2981 ms, used_size=266240 bytes (0.7%)
(RDMA_READ_CONSUME_CHECK_CONSUMER) timestamp=2981 ms, used_size=264192 bytes (0.6%)
(RDMA_READ_CONSUME_CHECK_CONSUMER) timestamp=2981 ms, used_size=262144 bytes (0.6%)
(RDMA_READ_CONSUME_CHECK_CONSUMER) timestamp=2981 ms, used_size=260096 bytes (0.6%)
(RDMA_READ_CONSUME_CHECK_CONSUMER) timestamp=2981 ms, used_size=258048 bytes (0.6%)
(RDMA_READ_CONSUME_CHECK_CONSUMER) timestamp=2981 ms, used_size=256000 bytes (0.6%)
(RDMA_READ_CONSUME_CHECK_CONSUMER) timestamp=2981 ms, used_size=253952 bytes (0.6%)
(RDMA_READ_CONSUME_CHECK_CONSUMER) timestamp=2981 ms, used_size=251904 bytes (0.6%)
(RDMA_READ_CONSUME_CHECK_CONSUMER) timestamp=2981 ms, used_size=249856 bytes (0.6%)
(RDMA_READ_CONSUME_CHECK_CONSUMER) timestamp=2981 ms, used_size=247808 bytes (0.6%)
(RDMA_READ_CONSUME_CHECK_CONSUMER) timestamp=2981 ms, used_size=245760 bytes (0.6%)
(RDMA_READ_CONSUME_CHECK_CONSUMER) timestamp=2981 ms, used_size=243712 bytes (0.6%)
(RDMA_READ_CONSUME_CHECK_CONSUMER) timestamp=2981 ms, used_size=241664 bytes (0.6%)
(RDMA_READ_CONSUME_CHECK_CONSUMER) timestamp=2981 ms, used_size=239616 bytes (0.6%)
(RDMA_READ_CONSUME_CHECK_CONSUMER) timestamp=2981 ms, used_size=237568 bytes (0.6%)
(RDMA_READ_CONSUME_CHECK_CONSUMER) timestamp=2981 ms, used_size=235520 bytes (0.6%)
(RDMA_READ_CONSUME_CHECK_CONSUMER) timestamp=2981 ms, used_size=233472 bytes (0.6%)
(RDMA_READ_CONSUME_CHECK_CONSUMER) timestamp=2981 ms, used_size=231424 bytes (0.6%)
(RDMA_READ_CONSUME_CHECK_CONSUMER) timestamp=2981 ms, used_size=229376 bytes (0.6%)
(RDMA_READ_CONSUME_CHECK_CONSUMER) timestamp=2981 ms, used_size=227328 bytes (0.6%)
(RDMA_READ_CONSUME_CHECK_CONSUMER) timestamp=2981 ms, used_size=225280 bytes (0.6%)
(RDMA_READ_CONSUME_CHECK_CONSUMER) timestamp=2981 ms, used_size=223232 bytes (0.5%)
(RDMA_READ_CONSUME_CHECK_CONSUMER) timestamp=2981 ms, used_size=221184 bytes (0.5%)
(RDMA_READ_CONSUME_CHECK_CONSUMER) timestamp=2981 ms, used_size=219136 bytes (0.5%)
(RDMA_READ_CONSUME_CHECK_CONSUMER) timestamp=2981 ms, used_size=217088 bytes (0.5%)
(RDMA_READ_CONSUME_CHECK_CONSUMER) timestamp=2981 ms, used_size=215040 bytes (0.5%)
(RDMA_READ_CONSUME_CHECK_CONSUMER) timestamp=2981 ms, used_size=212992 bytes (0.5%)
(RDMA_READ_CONSUME_CHECK_CONSUMER) timestamp=2981 ms, used_size=210944 bytes (0.5%)
(RDMA_READ_CONSUME_CHECK_CONSUMER) timestamp=2981 ms, used_size=208896 bytes (0.5%)
(RDMA_READ_CONSUME_CHECK_CONSUMER) timestamp=2981 ms, used_size=206848 bytes (0.5%)
(RDMA_READ_CONSUME_CHECK_CONSUMER) timestamp=2981 ms, used_size=204800 bytes (0.5%)
(RDMA_READ_CONSUME_CHECK_CONSUMER) timestamp=2981 ms, used_size=202752 bytes (0.5%)
(RDMA_READ_CONSUME_CHECK_CONSUMER) timestamp=2981 ms, used_size=200704 bytes (0.5%)
(RDMA_READ_CONSUME_CHECK_CONSUMER) timestamp=2981 ms, used_size=198656 bytes (0.5%)
(RDMA_READ_CONSUME_CHECK_CONSUMER) timestamp=2981 ms, used_size=196608 bytes (0.5%)
(RDMA_READ_CONSUME_CHECK_CONSUMER) timestamp=2981 ms, used_size=194560 bytes (0.5%)
(RDMA_READ_CONSUME_CHECK_CONSUMER) timestamp=2981 ms, used_size=192512 bytes (0.5%)
(RDMA_READ_CONSUME_CHECK_CONSUMER) timestamp=2981 ms, used_size=190464 bytes (0.5%)
(RDMA_READ_CONSUME_CHECK_CONSUMER) timestamp=2981 ms, used_size=188416 bytes (0.5%)
(RDMA_READ_CONSUME_CHECK_CONSUMER) timestamp=2981 ms, used_size=186368 bytes (0.5%)
(RDMA_READ_CONSUME_CHECK_CONSUMER) timestamp=2981 ms, used_size=184320 bytes (0.5%)
(RDMA_READ_CONSUME_CHECK_CONSUMER) timestamp=2981 ms, used_size=182272 bytes (0.4%)
(RDMA_READ_CONSUME_CHECK_CONSUMER) timestamp=2981 ms, used_size=180224 bytes (0.4%)
(RDMA_READ_CONSUME_CHECK_CONSUMER) timestamp=2981 ms, used_size=178176 bytes (0.4%)
(RDMA_READ_CONSUME_CHECK_CONSUMER) timestamp=2981 ms, used_size=176128 bytes (0.4%)
(RDMA_READ_CONSUME_CHECK_CONSUMER) timestamp=2981 ms, used_size=174080 bytes (0.4%)
(RDMA_READ_CONSUME_CHECK_CONSUMER) timestamp=2981 ms, used_size=172032 bytes (0.4%)
(RDMA_READ_CONSUME_CHECK_CONSUMER) timestamp=2981 ms, used_size=169984 bytes (0.4%)
(RDMA_READ_CONSUME_CHECK_CONSUMER) timestamp=2981 ms, used_size=167936 bytes (0.4%)
(RDMA_READ_CONSUME_CHECK_CONSUMER) timestamp=2981 ms, used_size=165888 bytes (0.4%)
(RDMA_READ_CONSUME_CHECK_CONSUMER) timestamp=2981 ms, used_size=163840 bytes (0.4%)
(RDMA_READ_CONSUME_CHECK_CONSUMER) timestamp=2981 ms, used_size=161792 bytes (0.4%)
(RDMA_READ_CONSUME_CHECK_CONSUMER) timestamp=2981 ms, used_size=159744 bytes (0.4%)
(RDMA_READ_CONSUME_CHECK_CONSUMER) timestamp=2981 ms, used_size=157696 bytes (0.4%)
(RDMA_READ_CONSUME_CHECK_CONSUMER) timestamp=2981 ms, used_size=155648 bytes (0.4%)
(RDMA_READ_CONSUME_CHECK_CONSUMER) timestamp=2981 ms, used_size=153600 bytes (0.4%)
(RDMA_READ_CONSUME_CHECK_CONSUMER) timestamp=2981 ms, used_size=151552 bytes (0.4%)
(RDMA_READ_CONSUME_CHECK_CONSUMER) timestamp=2981 ms, used_size=149504 bytes (0.4%)
(RDMA_READ_CONSUME_CHECK_CONSUMER) timestamp=2981 ms, used_size=147456 bytes (0.4%)
(RDMA_READ_CONSUME_CHECK_CONSUMER) timestamp=2981 ms, used_size=145408 bytes (0.4%)
(RDMA_READ_CONSUME_CHECK_CONSUMER) timestamp=2981 ms, used_size=143360 bytes (0.3%)
(RDMA_READ_CONSUME_CHECK_CONSUMER) timestamp=2981 ms, used_size=141312 bytes (0.3%)
(RDMA_READ_CONSUME_CHECK_CONSUMER) timestamp=2981 ms, used_size=139264 bytes (0.3%)
(RDMA_READ_CONSUME_CHECK_CONSUMER) timestamp=2981 ms, used_size=137216 bytes (0.3%)
(RDMA_READ_CONSUME_CHECK_CONSUMER) timestamp=2981 ms, used_size=135168 bytes (0.3%)
(RDMA_READ_CONSUME_CHECK_CONSUMER) timestamp=2981 ms, used_size=133120 bytes (0.3%)
(RDMA_READ_CONSUME_CHECK_CONSUMER) timestamp=2981 ms, used_size=131072 bytes (0.3%)
(RDMA_READ_CONSUME_CHECK_CONSUMER) timestamp=2981 ms, used_size=129024 bytes (0.3%)
(RDMA_READ_CONSUME_CHECK_CONSUMER) timestamp=2981 ms, used_size=126976 bytes (0.3%)
(RDMA_READ_CONSUME_CHECK_CONSUMER) timestamp=2981 ms, used_size=124928 bytes (0.3%)
(RDMA_READ_CONSUME_CHECK_CONSUMER) timestamp=2981 ms, used_size=122880 bytes (0.3%)
(RDMA_READ_CONSUME_CHECK_CONSUMER) timestamp=2981 ms, used_size=120832 bytes (0.3%)
(RDMA_READ_CONSUME_CHECK_CONSUMER) timestamp=2981 ms, used_size=118784 bytes (0.3%)
(RDMA_READ_CONSUME_CHECK_CONSUMER) timestamp=2981 ms, used_size=116736 bytes (0.3%)
(RDMA_READ_CONSUME_CHECK_CONSUMER) timestamp=2981 ms, used_size=114688 bytes (0.3%)
(RDMA_READ_CONSUME_CHECK_CONSUMER) timestamp=2981 ms, used_size=112640 bytes (0.3%)
(RDMA_READ_CONSUME_CHECK_CONSUMER) timestamp=2981 ms, used_size=110592 bytes (0.3%)
(RDMA_READ_CONSUME_CHECK_CONSUMER) timestamp=2981 ms, used_size=108544 bytes (0.3%)
(RDMA_READ_CONSUME_CHECK_CONSUMER) timestamp=2981 ms, used_size=106496 bytes (0.3%)
(RDMA_READ_CONSUME_CHECK_CONSUMER) timestamp=2981 ms, used_size=104448 bytes (0.3%)
(RDMA_READ_CONSUME_CHECK_CONSUMER) timestamp=2981 ms, used_size=102400 bytes (0.2%)
(RDMA_READ_CONSUME_CHECK_CONSUMER) timestamp=2981 ms, used_size=100352 bytes (0.2%)
(RDMA_READ_CONSUME_CHECK_CONSUMER) timestamp=2981 ms, used_size=98304 bytes (0.2%)
(RDMA_READ_CONSUME_CHECK_CONSUMER) timestamp=2981 ms, used_size=96256 bytes (0.2%)
(RDMA_READ_CONSUME_CHECK_CONSUMER) timestamp=2981 ms, used_size=94208 bytes (0.2%)
(RDMA_READ_CONSUME_CHECK_CONSUMER) timestamp=2981 ms, used_size=92160 bytes (0.2%)
(RDMA_READ_CONSUME_CHECK_CONSUMER) timestamp=2981 ms, used_size=90112 bytes (0.2%)
(RDMA_READ_CONSUME_CHECK_CONSUMER) timestamp=2981 ms, used_size=88064 bytes (0.2%)
(RDMA_READ_CONSUME_CHECK_CONSUMER) timestamp=2981 ms, used_size=86016 bytes (0.2%)
(RDMA_READ_CONSUME_CHECK_CONSUMER) timestamp=2981 ms, used_size=83968 bytes (0.2%)
(RDMA_READ_CONSUME_CHECK_CONSUMER) timestamp=2981 ms, used_size=81920 bytes (0.2%)
(RDMA_READ_CONSUME_CHECK_CONSUMER) timestamp=2981 ms, used_size=79872 bytes (0.2%)
(RDMA_READ_CONSUME_CHECK_CONSUMER) timestamp=2981 ms, used_size=77824 bytes (0.2%)
(RDMA_READ_CONSUME_CHECK_CONSUMER) timestamp=2981 ms, used_size=75776 bytes (0.2%)
(RDMA_READ_CONSUME_CHECK_CONSUMER) timestamp=2981 ms, used_size=73728 bytes (0.2%)
(RDMA_READ_CONSUME_CHECK_CONSUMER) timestamp=2981 ms, used_size=71680 bytes (0.2%)
(RDMA_READ_CONSUME_CHECK_CONSUMER) timestamp=2981 ms, used_size=69632 bytes (0.2%)
(RDMA_READ_CONSUME_CHECK_CONSUMER) timestamp=2981 ms, used_size=67584 bytes (0.2%)
(RDMA_READ_CONSUME_CHECK_CONSUMER) timestamp=2981 ms, used_size=65536 bytes (0.2%)
(RDMA_READ_CONSUME_CHECK_CONSUMER) timestamp=2981 ms, used_size=63488 bytes (0.2%)
(RDMA_READ_CONSUME_CHECK_CONSUMER) timestamp=2981 ms, used_size=61440 bytes (0.1%)
(RDMA_READ_CONSUME_CHECK_CONSUMER) timestamp=2981 ms, used_size=59392 bytes (0.1%)
(RDMA_READ_CONSUME_CHECK_CONSUMER) timestamp=2981 ms, used_size=57344 bytes (0.1%)
(RDMA_READ_CONSUME_CHECK_CONSUMER) timestamp=2981 ms, used_size=55296 bytes (0.1%)
(RDMA_READ_CONSUME_CHECK_CONSUMER) timestamp=2981 ms, used_size=53248 bytes (0.1%)
(RDMA_READ_CONSUME_CHECK_CONSUMER) timestamp=2981 ms, used_size=51200 bytes (0.1%)
(RDMA_READ_CONSUME_CHECK_CONSUMER) timestamp=2981 ms, used_size=49152 bytes (0.1%)
(RDMA_READ_CONSUME_CHECK_CONSUMER) timestamp=2981 ms, used_size=47104 bytes (0.1%)
(RDMA_READ_CONSUME_CHECK_CONSUMER) timestamp=2981 ms, used_size=45056 bytes (0.1%)
(RDMA_READ_CONSUME_CHECK_CONSUMER) timestamp=2981 ms, used_size=43008 bytes (0.1%)
(RDMA_READ_CONSUME_CHECK_CONSUMER) timestamp=2981 ms, used_size=40960 bytes (0.1%)
(RDMA_READ_CONSUME_CHECK_CONSUMER) timestamp=2981 ms, used_size=38912 bytes (0.1%)
(RDMA_READ_CONSUME_CHECK_CONSUMER) timestamp=2981 ms, used_size=36864 bytes (0.1%)
(RDMA_READ_CONSUME_CHECK_CONSUMER) timestamp=2981 ms, used_size=34816 bytes (0.1%)
(RDMA_READ_CONSUME_CHECK_CONSUMER) timestamp=2981 ms, used_size=32768 bytes (0.1%)
(RDMA_READ_CONSUME_CHECK_CONSUMER) timestamp=2981 ms, used_size=30720 bytes (0.1%)
(RDMA_READ_CONSUME_CHECK_CONSUMER) timestamp=2981 ms, used_size=28672 bytes (0.1%)
(RDMA_READ_CONSUME_CHECK_CONSUMER) timestamp=2981 ms, used_size=26624 bytes (0.1%)
(RDMA_READ_CONSUME_CHECK_CONSUMER) timestamp=2981 ms, used_size=24576 bytes (0.1%)
(RDMA_READ_CONSUME_CHECK_CONSUMER) timestamp=2981 ms, used_size=22528 bytes (0.1%)
(RDMA_READ_CONSUME_CHECK_CONSUMER) timestamp=2981 ms, used_size=20480 bytes (0.1%)
(RDMA_READ_CONSUME_CHECK_CONSUMER) timestamp=2981 ms, used_size=18432 bytes (0.0%)
(RDMA_READ_CONSUME_CHECK_CONSUMER) timestamp=2981 ms, used_size=16384 bytes (0.0%)
(RDMA_READ_CONSUME_CHECK_CONSUMER) timestamp=2981 ms, used_size=14336 bytes (0.0%)
(RDMA_READ_CONSUME_CHECK_CONSUMER) timestamp=2981 ms, used_size=12288 bytes (0.0%)
(RDMA_READ_CONSUME_CHECK_CONSUMER) timestamp=2981 ms, used_size=10240 bytes (0.0%)
(RDMA_READ_CONSUME_CHECK_CONSUMER) timestamp=2981 ms, used_size=8192 bytes (0.0%)
(RDMA_READ_CONSUME_CHECK_CONSUMER) timestamp=2981 ms, used_size=6144 bytes (0.0%)
(RDMA_READ_CONSUME_CHECK_CONSUMER) timestamp=2981 ms, used_size=4096 bytes (0.0%)
(RDMA_READ_CONSUME_CHECK_CONSUMER) timestamp=2981 ms, used_size=2048 bytes (0.0%)
(RDMA_READ_CONSUME_CHECK_CONSUMER) timestamp=2981 ms, used_size=0 bytes (0.0%)
(RDMA_READ_CONSUME_CHECK) Cycle 3, Batch 1: CRC32 OK (0xbeaa30f3), 8192 messages verified
(RDMA_READ_CONSUME_CHECK_CONSUMER) timestamp=2981 ms, used_size=16775168 bytes (41.0%)
(RDMA_READ_CONSUME_CHECK_CONSUMER) timestamp=3277 ms, used_size=16773120 bytes (41.0%)
(RDMA_READ_CONSUME_CHECK_CONSUMER) timestamp=3277 ms, used_size=16771072 bytes (40.9%)
(RDMA_READ_CONSUME_CHECK_CONSUMER) timestamp=3277 ms, used_size=16769024 bytes (40.9%)
(RDMA_READ_CONSUME_CHECK_CONSUMER) timestamp=3277 ms, used_size=16766976 bytes (40.9%)
(RDMA_READ_CONSUME_CHECK_CONSUMER) timestamp=3277 ms, used_size=16764928 bytes (40.9%)
(RDMA_READ_CONSUME_CHECK_CONSUMER) timestamp=3277 ms, used_size=16762880 bytes (40.9%)
(RDMA_READ_CONSUME_CHECK_CONSUMER) timestamp=3277 ms, used_size=16760832 bytes (40.9%)
(RDMA_READ_CONSUME_CHECK_CONSUMER) timestamp=3277 ms, used_size=16758784 bytes (40.9%)
(RDMA_READ_CONSUME_CHECK_CONSUMER) timestamp=3277 ms, used_size=16756736 bytes (40.9%)
(RDMA_READ_CONSUME_CHECK_CONSUMER) timestamp=3277 ms, used_size=16754688 bytes (40.9%)
(RDMA_READ_CONSUME_CHECK_CONSUMER) timestamp=3277 ms, used_size=16752640 bytes (40.9%)
(RDMA_READ_CONSUME_CHECK_CONSUMER) timestamp=3277 ms, used_size=16750592 bytes (40.9%)
(RDMA_READ_CONSUME_CHECK_CONSUMER) timestamp=3277 ms, used_size=16748544 bytes (40.9%)
(RDMA_READ_CONSUME_CHECK_CONSUMER) timestamp=3277 ms, used_size=16746496 bytes (40.9%)
(RDMA_READ_CONSUME_CHECK_CONSUMER) timestamp=3277 ms, used_size=16744448 bytes (40.9%)
(RDMA_READ_CONSUME_CHECK_CONSUMER) timestamp=3277 ms, used_size=16742400 bytes (40.9%)
(RDMA_READ_CONSUME_CHECK_CONSUMER) timestamp=3277 ms, used_size=16740352 bytes (40.9%)
(RDMA_READ_CONSUME_CHECK_CONSUMER) timestamp=3277 ms, used_size=16738304 bytes (40.9%)
(RDMA_READ_CONSUME_CHECK_CONSUMER) timestamp=3277 ms, used_size=16736256 bytes (40.9%)
(RDMA_READ_CONSUME_CHECK_CONSUMER) timestamp=3277 ms, used_size=16734208 bytes (40.9%)
(RDMA_READ_CONSUME_CHECK_CONSUMER) timestamp=3277 ms, used_size=16732160 bytes (40.9%)
(RDMA_READ_CONSUME_CHECK_CONSUMER) timestamp=3277 ms, used_size=16730112 bytes (40.8%)
(RDMA_READ_CONSUME_CHECK_CONSUMER) timestamp=3277 ms, used_size=16728064 bytes (40.8%)
(RDMA_READ_CONSUME_CHECK_CONSUMER) timestamp=3277 ms, used_size=16726016 bytes (40.8%)
(RDMA_READ_CONSUME_CHECK_CONSUMER) timestamp=3277 ms, used_size=16723968 bytes (40.8%)
(RDMA_READ_CONSUME_CHECK_CONSUMER) timestamp=3277 ms, used_size=16721920 bytes (40.8%)
(RDMA_READ_CONSUME_CHECK_CONSUMER) timestamp=3277 ms, used_size=16719872 bytes (40.8%)
(RDMA_READ_CONSUME_CHECK_CONSUMER) timestamp=3277 ms, used_size=16717824 bytes (40.8%)
(RDMA_READ_CONSUME_CHECK_CONSUMER) timestamp=3277 ms, used_size=16715776 bytes (40.8%)
(RDMA_READ_CONSUME_CHECK_CONSUMER) timestamp=3277 ms, used_size=16713728 bytes (40.8%)
(RDMA_READ_CONSUME_CHECK_CONSUMER) timestamp=3277 ms, used_size=16711680 bytes (40.8%)
(RDMA_READ_CONSUME_CHECK_CONSUMER) timestamp=3277 ms, used_size=16709632 bytes (40.8%)
(RDMA_READ_CONSUME_CHECK_CONSUMER) timestamp=3277 ms, used_size=16707584 bytes (40.8%)
(RDMA_READ_CONSUME_CHECK_CONSUMER) timestamp=3277 ms, used_size=16705536 bytes (40.8%)
(RDMA_READ_CONSUME_CHECK_CONSUMER) timestamp=3277 ms, used_size=16703488 bytes (40.8%)
(RDMA_READ_CONSUME_CHECK_CONSUMER) timestamp=3277 ms, used_size=16701440 bytes (40.8%)
(RDMA_READ_CONSUME_CHECK_CONSUMER) timestamp=3277 ms, used_size=16699392 bytes (40.8%)
(RDMA_READ_CONSUME_CHECK_CONSUMER) timestamp=3277 ms, used_size=16697344 bytes (40.8%)
(RDMA_READ_CONSUME_CHECK_CONSUMER) timestamp=3277 ms, used_size=16695296 bytes (40.8%)
(RDMA_READ_CONSUME_CHECK_CONSUMER) timestamp=3277 ms, used_size=16693248 bytes (40.8%)
(RDMA_READ_CONSUME_CHECK_CONSUMER) timestamp=3277 ms, used_size=16691200 bytes (40.8%)
(RDMA_READ_CONSUME_CHECK_CONSUMER) timestamp=3277 ms, used_size=16689152 bytes (40.7%)
(RDMA_READ_CONSUME_CHECK_CONSUMER) timestamp=3277 ms, used_size=16687104 bytes (40.7%)
(RDMA_READ_CONSUME_CHECK_CONSUMER) timestamp=3277 ms, used_size=16685056 bytes (40.7%)
(RDMA_READ_CONSUME_CHECK_CONSUMER) timestamp=3277 ms, used_size=16683008 bytes (40.7%)
(RDMA_READ_CONSUME_CHECK_CONSUMER) timestamp=3277 ms, used_size=16680960 bytes (40.7%)
(RDMA_READ_CONSUME_CHECK_CONSUMER) timestamp=3277 ms, used_size=16678912 bytes (40.7%)
(RDMA_READ_CONSUME_CHECK_CONSUMER) timestamp=3277 ms, used_size=16676864 bytes (40.7%)
(RDMA_READ_CONSUME_CHECK_CONSUMER) timestamp=3277 ms, used_size=16674816 bytes (40.7%)
(RDMA_READ_CONSUME_CHECK_CONSUMER) timestamp=3277 ms, used_size=16672768 bytes (40.7%)
(RDMA_READ_CONSUME_CHECK_CONSUMER) timestamp=3277 ms, used_size=16670720 bytes (40.7%)
(RDMA_READ_CONSUME_CHECK_CONSUMER) timestamp=3277 ms, used_size=16668672 bytes (40.7%)
(RDMA_READ_CONSUME_CHECK_CONSUMER) timestamp=3277 ms, used_size=16666624 bytes (40.7%)
(RDMA_READ_CONSUME_CHECK_CONSUMER) timestamp=3277 ms, used_size=16664576 bytes (40.7%)
(RDMA_READ_CONSUME_CHECK_CONSUMER) timestamp=3277 ms, used_size=16662528 bytes (40.7%)
(RDMA_READ_CONSUME_CHECK_CONSUMER) timestamp=3277 ms, used_size=16660480 bytes (40.7%)
(RDMA_READ_CONSUME_CHECK_CONSUMER) timestamp=3277 ms, used_size=16658432 bytes (40.7%)
(RDMA_READ_CONSUME_CHECK_CONSUMER) timestamp=3277 ms, used_size=16656384 bytes (40.7%)
(RDMA_READ_CONSUME_CHECK_CONSUMER) timestamp=3277 ms, used_size=16654336 bytes (40.7%)
(RDMA_READ_CONSUME_CHECK_CONSUMER) timestamp=3277 ms, used_size=16652288 bytes (40.7%)
(RDMA_READ_CONSUME_CHECK_CONSUMER) timestamp=3277 ms, used_size=16650240 bytes (40.6%)
(RDMA_READ_CONSUME_CHECK_CONSUMER) timestamp=3277 ms, used_size=16648192 bytes (40.6%)
(RDMA_READ_CONSUME_CHECK_CONSUMER) timestamp=3277 ms, used_size=16646144 bytes (40.6%)
(RDMA_READ_CONSUME_CHECK_CONSUMER) timestamp=3277 ms, used_size=16644096 bytes (40.6%)
(RDMA_READ_CONSUME_CHECK_CONSUMER) timestamp=3277 ms, used_size=16642048 bytes (40.6%)
(RDMA_READ_CONSUME_CHECK_CONSUMER) timestamp=3277 ms, used_size=16640000 bytes (40.6%)
(RDMA_READ_CONSUME_CHECK_CONSUMER) timestamp=3277 ms, used_size=16637952 bytes (40.6%)
(RDMA_READ_CONSUME_CHECK_CONSUMER) timestamp=3277 ms, used_size=16635904 bytes (40.6%)
(RDMA_READ_CONSUME_CHECK_CONSUMER) timestamp=3277 ms, used_size=16633856 bytes (40.6%)
(RDMA_READ_CONSUME_CHECK_CONSUMER) timestamp=3277 ms, used_size=16631808 bytes (40.6%)
(RDMA_READ_CONSUME_CHECK_CONSUMER) timestamp=3277 ms, used_size=16629760 bytes (40.6%)
(RDMA_READ_CONSUME_CHECK_CONSUMER) timestamp=3277 ms, used_size=16627712 bytes (40.6%)
(RDMA_READ_CONSUME_CHECK_CONSUMER) timestamp=3277 ms, used_size=16625664 bytes (40.6%)
(RDMA_READ_CONSUME_CHECK_CONSUMER) timestamp=3277 ms, used_size=16623616 bytes (40.6%)
(RDMA_READ_CONSUME_CHECK_CONSUMER) timestamp=3277 ms, used_size=16621568 bytes (40.6%)
(RDMA_READ_CONSUME_CHECK_CONSUMER) timestamp=3277 ms, used_size=16619520 bytes (40.6%)
(RDMA_READ_CONSUME_CHECK_CONSUMER) timestamp=3277 ms, used_size=16617472 bytes (40.6%)
(RDMA_READ_CONSUME_CHECK_CONSUMER) timestamp=3277 ms, used_size=16615424 bytes (40.6%)
(RDMA_READ_CONSUME_CHECK_CONSUMER) timestamp=3277 ms, used_size=16613376 bytes (40.6%)
(RDMA_READ_CONSUME_CHECK_CONSUMER) timestamp=3277 ms, used_size=16611328 bytes (40.6%)
(RDMA_READ_CONSUME_CHECK_CONSUMER) timestamp=3277 ms, used_size=16609280 bytes (40.5%)
(RDMA_READ_CONSUME_CHECK_CONSUMER) timestamp=3277 ms, used_size=16607232 bytes (40.5%)
(RDMA_READ_CONSUME_CHECK_CONSUMER) timestamp=3277 ms, used_size=16605184 bytes (40.5%)
(RDMA_READ_CONSUME_CHECK_CONSUMER) timestamp=3277 ms, used_size=16603136 bytes (40.5%)
(RDMA_READ_CONSUME_CHECK_CONSUMER) timestamp=3277 ms, used_size=16601088 bytes (40.5%)
(RDMA_READ_CONSUME_CHECK_CONSUMER) timestamp=3277 ms, used_size=16599040 bytes (40.5%)
(RDMA_READ_CONSUME_CHECK_CONSUMER) timestamp=3277 ms, used_size=16596992 bytes (40.5%)
(RDMA_READ_CONSUME_CHECK_CONSUMER) timestamp=3277 ms, used_size=16594944 bytes (40.5%)
(RDMA_READ_CONSUME_CHECK_CONSUMER) timestamp=3277 ms, used_size=16592896 bytes (40.5%)
(RDMA_READ_CONSUME_CHECK_CONSUMER) timestamp=3277 ms, used_size=16590848 bytes (40.5%)
(RDMA_READ_CONSUME_CHECK_CONSUMER) timestamp=3277 ms, used_size=16588800 bytes (40.5%)
(RDMA_READ_CONSUME_CHECK_CONSUMER) timestamp=3277 ms, used_size=16586752 bytes (40.5%)
(RDMA_READ_CONSUME_CHECK_CONSUMER) timestamp=3277 ms, used_size=16584704 bytes (40.5%)
(RDMA_READ_CONSUME_CHECK_CONSUMER) timestamp=3277 ms, used_size=16582656 bytes (40.5%)
(RDMA_READ_CONSUME_CHECK_CONSUMER) timestamp=3277 ms, used_size=16580608 bytes (40.5%)
(RDMA_READ_CONSUME_CHECK_CONSUMER) timestamp=3277 ms, used_size=16578560 bytes (40.5%)
(RDMA_READ_CONSUME_CHECK_CONSUMER) timestamp=3277 ms, used_size=16576512 bytes (40.5%)
(RDMA_READ_CONSUME_CHECK_CONSUMER) timestamp=3277 ms, used_size=16574464 bytes (40.5%)
(RDMA_READ_CONSUME_CHECK_CONSUMER) timestamp=3277 ms, used_size=16572416 bytes (40.5%)
(RDMA_READ_CONSUME_CHECK_CONSUMER) timestamp=3277 ms, used_size=16570368 bytes (40.5%)
(RDMA_READ_CONSUME_CHECK_CONSUMER) timestamp=3277 ms, used_size=16568320 bytes (40.5%)
(RDMA_READ_CONSUME_CHECK_CONSUMER) timestamp=3277 ms, used_size=16566272 bytes (40.4%)
(RDMA_READ_CONSUME_CHECK_CONSUMER) timestamp=3277 ms, used_size=16564224 bytes (40.4%)
(RDMA_READ_CONSUME_CHECK_CONSUMER) timestamp=3277 ms, used_size=16562176 bytes (40.4%)
(RDMA_READ_CONSUME_CHECK_CONSUMER) timestamp=3277 ms, used_size=16560128 bytes (40.4%)
(RDMA_READ_CONSUME_CHECK_CONSUMER) timestamp=3277 ms, used_size=16558080 bytes (40.4%)
(RDMA_READ_CONSUME_CHECK_CONSUMER) timestamp=3277 ms, used_size=16556032 bytes (40.4%)
(RDMA_READ_CONSUME_CHECK_CONSUMER) timestamp=3277 ms, used_size=16553984 bytes (40.4%)
(RDMA_READ_CONSUME_CHECK_CONSUMER) timestamp=3277 ms, used_size=16551936 bytes (40.4%)
(RDMA_READ_CONSUME_CHECK_CONSUMER) timestamp=3277 ms, used_size=16549888 bytes (40.4%)
(RDMA_READ_CONSUME_CHECK_CONSUMER) timestamp=3277 ms, used_size=16547840 bytes (40.4%)
(RDMA_READ_CONSUME_CHECK_CONSUMER) timestamp=3277 ms, used_size=16545792 bytes (40.4%)
(RDMA_READ_CONSUME_CHECK_CONSUMER) timestamp=3277 ms, used_size=16543744 bytes (40.4%)
(RDMA_READ_CONSUME_CHECK_CONSUMER) timestamp=3277 ms, used_size=16541696 bytes (40.4%)
(RDMA_READ_CONSUME_CHECK_CONSUMER) timestamp=3277 ms, used_size=16539648 bytes (40.4%)
(RDMA_READ_CONSUME_CHECK_CONSUMER) timestamp=3277 ms, used_size=16537600 bytes (40.4%)
(RDMA_READ_CONSUME_CHECK_CONSUMER) timestamp=3277 ms, used_size=16535552 bytes (40.4%)
(RDMA_READ_CONSUME_CHECK_CONSUMER) timestamp=3277 ms, used_size=16533504 bytes (40.4%)
(RDMA_READ_CONSUME_CHECK_CONSUMER) timestamp=3277 ms, used_size=16531456 bytes (40.4%)
(RDMA_READ_CONSUME_CHECK_CONSUMER) timestamp=3277 ms, used_size=16529408 bytes (40.4%)
(RDMA_READ_CONSUME_CHECK_CONSUMER) timestamp=3277 ms, used_size=16527360 bytes (40.4%)
(RDMA_READ_CONSUME_CHECK_CONSUMER) timestamp=3277 ms, used_size=16525312 bytes (40.3%)
(RDMA_READ_CONSUME_CHECK_CONSUMER) timestamp=3277 ms, used_size=16523264 bytes (40.3%)
(RDMA_READ_CONSUME_CHECK_CONSUMER) timestamp=3277 ms, used_size=16521216 bytes (40.3%)
(RDMA_READ_CONSUME_CHECK_CONSUMER) timestamp=3277 ms, used_size=16519168 bytes (40.3%)
(RDMA_READ_CONSUME_CHECK_CONSUMER) timestamp=3277 ms, used_size=16517120 bytes (40.3%)
(RDMA_READ_CONSUME_CHECK_CONSUMER) timestamp=3277 ms, used_size=16515072 bytes (40.3%)
(RDMA_READ_CONSUME_CHECK_CONSUMER) timestamp=3277 ms, used_size=16513024 bytes (40.3%)
(RDMA_READ_CONSUME_CHECK_CONSUMER) timestamp=3277 ms, used_size=16510976 bytes (40.3%)
(RDMA_READ_CONSUME_CHECK_CONSUMER) timestamp=3277 ms, used_size=16508928 bytes (40.3%)
(RDMA_READ_CONSUME_CHECK_CONSUMER) timestamp=3277 ms, used_size=16506880 bytes (40.3%)
(RDMA_READ_CONSUME_CHECK_CONSUMER) timestamp=3277 ms, used_size=16504832 bytes (40.3%)
(RDMA_READ_CONSUME_CHECK_CONSUMER) timestamp=3277 ms, used_size=16502784 bytes (40.3%)
(RDMA_READ_CONSUME_CHECK_CONSUMER) timestamp=3277 ms, used_size=16500736 bytes (40.3%)
(RDMA_READ_CONSUME_CHECK_CONSUMER) timestamp=3277 ms, used_size=16498688 bytes (40.3%)
(RDMA_READ_CONSUME_CHECK_CONSUMER) timestamp=3277 ms, used_size=16496640 bytes (40.3%)
(RDMA_READ_CONSUME_CHECK_CONSUMER) timestamp=3277 ms, used_size=16494592 bytes (40.3%)
(RDMA_READ_CONSUME_CHECK_CONSUMER) timestamp=3277 ms, used_size=16492544 bytes (40.3%)
(RDMA_READ_CONSUME_CHECK_CONSUMER) timestamp=3277 ms, used_size=16490496 bytes (40.3%)
(RDMA_READ_CONSUME_CHECK_CONSUMER) timestamp=3277 ms, used_size=16488448 bytes (40.3%)
(RDMA_READ_CONSUME_CHECK_CONSUMER) timestamp=3277 ms, used_size=16486400 bytes (40.2%)
(RDMA_READ_CONSUME_CHECK_CONSUMER) timestamp=3277 ms, used_size=16484352 bytes (40.2%)
(RDMA_READ_CONSUME_CHECK_CONSUMER) timestamp=3277 ms, used_size=16482304 bytes (40.2%)
(RDMA_READ_CONSUME_CHECK_CONSUMER) timestamp=3277 ms, used_size=16480256 bytes (40.2%)
(RDMA_READ_CONSUME_CHECK_CONSUMER) timestamp=3277 ms, used_size=16478208 bytes (40.2%)
(RDMA_READ_CONSUME_CHECK_CONSUMER) timestamp=3277 ms, used_size=16476160 bytes (40.2%)
(RDMA_READ_CONSUME_CHECK_CONSUMER) timestamp=3277 ms, used_size=16474112 bytes (40.2%)
(RDMA_READ_CONSUME_CHECK_CONSUMER) timestamp=3278 ms, used_size=16472064 bytes (40.2%)
(RDMA_READ_CONSUME_CHECK_CONSUMER) timestamp=3278 ms, used_size=16470016 bytes (40.2%)
(RDMA_READ_CONSUME_CHECK_CONSUMER) timestamp=3278 ms, used_size=16467968 bytes (40.2%)
(RDMA_READ_CONSUME_CHECK_CONSUMER) timestamp=3278 ms, used_size=16465920 bytes (40.2%)
(RDMA_READ_CONSUME_CHECK_CONSUMER) timestamp=3278 ms, used_size=16463872 bytes (40.2%)
(RDMA_READ_CONSUME_CHECK_CONSUMER) timestamp=3278 ms, used_size=16461824 bytes (40.2%)
(RDMA_READ_CONSUME_CHECK_CONSUMER) timestamp=3278 ms, used_size=16459776 bytes (40.2%)
(RDMA_READ_CONSUME_CHECK_CONSUMER) timestamp=3278 ms, used_size=16457728 bytes (40.2%)
(RDMA_READ_CONSUME_CHECK_CONSUMER) timestamp=3278 ms, used_size=16455680 bytes (40.2%)
(RDMA_READ_CONSUME_CHECK_CONSUMER) timestamp=3278 ms, used_size=16453632 bytes (40.2%)
(RDMA_READ_CONSUME_CHECK_CONSUMER) timestamp=3278 ms, used_size=16451584 bytes (40.2%)
(RDMA_READ_CONSUME_CHECK_CONSUMER) timestamp=3278 ms, used_size=16449536 bytes (40.2%)
(RDMA_READ_CONSUME_CHECK_CONSUMER) timestamp=3278 ms, used_size=16447488 bytes (40.2%)
(RDMA_READ_CONSUME_CHECK_CONSUMER) timestamp=3278 ms, used_size=16445440 bytes (40.1%)
(RDMA_READ_CONSUME_CHECK_CONSUMER) timestamp=3278 ms, used_size=16443392 bytes (40.1%)
(RDMA_READ_CONSUME_CHECK_CONSUMER) timestamp=3278 ms, used_size=16441344 bytes (40.1%)
(RDMA_READ_CONSUME_CHECK_CONSUMER) timestamp=3278 ms, used_size=16439296 bytes (40.1%)
(RDMA_READ_CONSUME_CHECK_CONSUMER) timestamp=3278 ms, used_size=16437248 bytes (40.1%)
(RDMA_READ_CONSUME_CHECK_CONSUMER) timestamp=3278 ms, used_size=16435200 bytes (40.1%)
(RDMA_READ_CONSUME_CHECK_CONSUMER) timestamp=3278 ms, used_size=16433152 bytes (40.1%)
(RDMA_READ_CONSUME_CHECK_CONSUMER) timestamp=3278 ms, used_size=16431104 bytes (40.1%)
(RDMA_READ_CONSUME_CHECK_CONSUMER) timestamp=3278 ms, used_size=16429056 bytes (40.1%)
(RDMA_READ_CONSUME_CHECK_CONSUMER) timestamp=3278 ms, used_size=16427008 bytes (40.1%)
(RDMA_READ_CONSUME_CHECK_CONSUMER) timestamp=3278 ms, used_size=16424960 bytes (40.1%)
(RDMA_READ_CONSUME_CHECK_CONSUMER) timestamp=3278 ms, used_size=16422912 bytes (40.1%)
(RDMA_READ_CONSUME_CHECK_CONSUMER) timestamp=3278 ms, used_size=16420864 bytes (40.1%)
(RDMA_READ_CONSUME_CHECK_CONSUMER) timestamp=3278 ms, used_size=16418816 bytes (40.1%)
(RDMA_READ_CONSUME_CHECK_CONSUMER) timestamp=3278 ms, used_size=16416768 bytes (40.1%)
(RDMA_READ_CONSUME_CHECK_CONSUMER) timestamp=3278 ms, used_size=16414720 bytes (40.1%)
(RDMA_READ_CONSUME_CHECK_CONSUMER) timestamp=3278 ms, used_size=16412672 bytes (40.1%)
(RDMA_READ_CONSUME_CHECK_CONSUMER) timestamp=3278 ms, used_size=16410624 bytes (40.1%)
(RDMA_READ_CONSUME_CHECK_CONSUMER) timestamp=3278 ms, used_size=16408576 bytes (40.1%)
(RDMA_READ_CONSUME_CHECK_CONSUMER) timestamp=3278 ms, used_size=16406528 bytes (40.1%)
(RDMA_READ_CONSUME_CHECK_CONSUMER) timestamp=3278 ms, used_size=16404480 bytes (40.0%)
(RDMA_READ_CONSUME_CHECK_CONSUMER) timestamp=3278 ms, used_size=16402432 bytes (40.0%)
(RDMA_READ_CONSUME_CHECK_CONSUMER) timestamp=3278 ms, used_size=16400384 bytes (40.0%)
(RDMA_READ_CONSUME_CHECK_CONSUMER) timestamp=3278 ms, used_size=16398336 bytes (40.0%)
(RDMA_READ_CONSUME_CHECK_CONSUMER) timestamp=3278 ms, used_size=16396288 bytes (40.0%)
(RDMA_READ_CONSUME_CHECK_CONSUMER) timestamp=3278 ms, used_size=16394240 bytes (40.0%)
(RDMA_READ_CONSUME_CHECK_CONSUMER) timestamp=3278 ms, used_size=16392192 bytes (40.0%)
(RDMA_READ_CONSUME_CHECK_CONSUMER) timestamp=3278 ms, used_size=16390144 bytes (40.0%)
(RDMA_READ_CONSUME_CHECK_CONSUMER) timestamp=3278 ms, used_size=16388096 bytes (40.0%)
(RDMA_READ_CONSUME_CHECK_CONSUMER) timestamp=3278 ms, used_size=16386048 bytes (40.0%)
(RDMA_READ_CONSUME_CHECK_CONSUMER) timestamp=3278 ms, used_size=16384000 bytes (40.0%)
(RDMA_READ_CONSUME_CHECK_CONSUMER) timestamp=3278 ms, used_size=16381952 bytes (40.0%)
(RDMA_READ_CONSUME_CHECK_CONSUMER) timestamp=3278 ms, used_size=16379904 bytes (40.0%)
(RDMA_READ_CONSUME_CHECK_CONSUMER) timestamp=3278 ms, used_size=16377856 bytes (40.0%)
(RDMA_READ_CONSUME_CHECK_CONSUMER) timestamp=3278 ms, used_size=16375808 bytes (40.0%)
(RDMA_READ_CONSUME_CHECK_CONSUMER) timestamp=3278 ms, used_size=16373760 bytes (40.0%)
(RDMA_READ_CONSUME_CHECK_CONSUMER) timestamp=3278 ms, used_size=16371712 bytes (40.0%)
(RDMA_READ_CONSUME_CHECK_CONSUMER) timestamp=3278 ms, used_size=16369664 bytes (40.0%)
(RDMA_READ_CONSUME_CHECK_CONSUMER) timestamp=3278 ms, used_size=16367616 bytes (40.0%)
(RDMA_READ_CONSUME_CHECK_CONSUMER) timestamp=3278 ms, used_size=16365568 bytes (40.0%)
(RDMA_READ_CONSUME_CHECK_CONSUMER) timestamp=3278 ms, used_size=16363520 bytes (40.0%)
(RDMA_READ_CONSUME_CHECK_CONSUMER) timestamp=3278 ms, used_size=16361472 bytes (39.9%)
(RDMA_READ_CONSUME_CHECK_CONSUMER) timestamp=3278 ms, used_size=16359424 bytes (39.9%)
(RDMA_READ_CONSUME_CHECK_CONSUMER) timestamp=3278 ms, used_size=16357376 bytes (39.9%)
(RDMA_READ_CONSUME_CHECK_CONSUMER) timestamp=3278 ms, used_size=16355328 bytes (39.9%)
(RDMA_READ_CONSUME_CHECK_CONSUMER) timestamp=3278 ms, used_size=16353280 bytes (39.9%)
(RDMA_READ_CONSUME_CHECK_CONSUMER) timestamp=3278 ms, used_size=16351232 bytes (39.9%)
(RDMA_READ_CONSUME_CHECK_CONSUMER) timestamp=3278 ms, used_size=16349184 bytes (39.9%)
(RDMA_READ_CONSUME_CHECK_CONSUMER) timestamp=3278 ms, used_size=16347136 bytes (39.9%)
(RDMA_READ_CONSUME_CHECK_CONSUMER) timestamp=3278 ms, used_size=16345088 bytes (39.9%)
(RDMA_READ_CONSUME_CHECK_CONSUMER) timestamp=3278 ms, used_size=16343040 bytes (39.9%)
(RDMA_READ_CONSUME_CHECK_CONSUMER) timestamp=3278 ms, used_size=16340992 bytes (39.9%)
(RDMA_READ_CONSUME_CHECK_CONSUMER) timestamp=3278 ms, used_size=16338944 bytes (39.9%)
(RDMA_READ_CONSUME_CHECK_CONSUMER) timestamp=3278 ms, used_size=16336896 bytes (39.9%)
(RDMA_READ_CONSUME_CHECK_CONSUMER) timestamp=3278 ms, used_size=16334848 bytes (39.9%)
(RDMA_READ_CONSUME_CHECK_CONSUMER) timestamp=3278 ms, used_size=16332800 bytes (39.9%)
(RDMA_READ_CONSUME_CHECK_CONSUMER) timestamp=3278 ms, used_size=16330752 bytes (39.9%)
(RDMA_READ_CONSUME_CHECK_CONSUMER) timestamp=3278 ms, used_size=16328704 bytes (39.9%)
(RDMA_READ_CONSUME_CHECK_CONSUMER) timestamp=3278 ms, used_size=16326656 bytes (39.9%)
(RDMA_READ_CONSUME_CHECK_CONSUMER) timestamp=3278 ms, used_size=16324608 bytes (39.9%)
(RDMA_READ_CONSUME_CHECK_CONSUMER) timestamp=3278 ms, used_size=16322560 bytes (39.9%)
(RDMA_READ_CONSUME_CHECK_CONSUMER) timestamp=3278 ms, used_size=16320512 bytes (39.8%)
(RDMA_READ_CONSUME_CHECK_CONSUMER) timestamp=3278 ms, used_size=16318464 bytes (39.8%)
(RDMA_READ_CONSUME_CHECK_CONSUMER) timestamp=3278 ms, used_size=16316416 bytes (39.8%)
(RDMA_READ_CONSUME_CHECK_CONSUMER) timestamp=3278 ms, used_size=16314368 bytes (39.8%)
(RDMA_READ_CONSUME_CHECK_CONSUMER) timestamp=3278 ms, used_size=16312320 bytes (39.8%)
(RDMA_READ_CONSUME_CHECK_CONSUMER) timestamp=3278 ms, used_size=16310272 bytes (39.8%)
(RDMA_READ_CONSUME_CHECK_CONSUMER) timestamp=3278 ms, used_size=16308224 bytes (39.8%)
(RDMA_READ_CONSUME_CHECK_CONSUMER) timestamp=3278 ms, used_size=16306176 bytes (39.8%)
(RDMA_READ_CONSUME_CHECK_CONSUMER) timestamp=3278 ms, used_size=16304128 bytes (39.8%)
(RDMA_READ_CONSUME_CHECK_CONSUMER) timestamp=3278 ms, used_size=16302080 bytes (39.8%)
(RDMA_READ_CONSUME_CHECK_CONSUMER) timestamp=3278 ms, used_size=16300032 bytes (39.8%)
(RDMA_READ_CONSUME_CHECK_CONSUMER) timestamp=3278 ms, used_size=16297984 bytes (39.8%)
(RDMA_READ_CONSUME_CHECK_CONSUMER) timestamp=3278 ms, used_size=16295936 bytes (39.8%)
(RDMA_READ_CONSUME_CHECK_CONSUMER) timestamp=3278 ms, used_size=16293888 bytes (39.8%)
(RDMA_READ_CONSUME_CHECK_CONSUMER) timestamp=3278 ms, used_size=16291840 bytes (39.8%)
(RDMA_READ_CONSUME_CHECK_CONSUMER) timestamp=3278 ms, used_size=16289792 bytes (39.8%)
(RDMA_READ_CONSUME_CHECK_CONSUMER) timestamp=3278 ms, used_size=16287744 bytes (39.8%)
(RDMA_READ_CONSUME_CHECK_CONSUMER) timestamp=3278 ms, used_size=16285696 bytes (39.8%)
(RDMA_READ_CONSUME_CHECK_CONSUMER) timestamp=3278 ms, used_size=16283648 bytes (39.8%)
(RDMA_READ_CONSUME_CHECK_CONSUMER) timestamp=3278 ms, used_size=16281600 bytes (39.8%)
(RDMA_READ_CONSUME_CHECK_CONSUMER) timestamp=3278 ms, used_size=16279552 bytes (39.7%)
(RDMA_READ_CONSUME_CHECK_CONSUMER) timestamp=3278 ms, used_size=16277504 bytes (39.7%)
(RDMA_READ_CONSUME_CHECK_CONSUMER) timestamp=3278 ms, used_size=16275456 bytes (39.7%)
(RDMA_READ_CONSUME_CHECK_CONSUMER) timestamp=3278 ms, used_size=16273408 bytes (39.7%)
(RDMA_READ_CONSUME_CHECK_CONSUMER) timestamp=3278 ms, used_size=16271360 bytes (39.7%)
(RDMA_READ_CONSUME_CHECK_CONSUMER) timestamp=3278 ms, used_size=16269312 bytes (39.7%)
(RDMA_READ_CONSUME_CHECK_CONSUMER) timestamp=3278 ms, used_size=16267264 bytes (39.7%)
(RDMA_READ_CONSUME_CHECK_CONSUMER) timestamp=3278 ms, used_size=16265216 bytes (39.7%)
(RDMA_READ_CONSUME_CHECK_CONSUMER) timestamp=3278 ms, used_size=16263168 bytes (39.7%)
(RDMA_READ_CONSUME_CHECK_CONSUMER) timestamp=3278 ms, used_size=16261120 bytes (39.7%)
(RDMA_READ_CONSUME_CHECK_CONSUMER) timestamp=3278 ms, used_size=16259072 bytes (39.7%)
(RDMA_READ_CONSUME_CHECK_CONSUMER) timestamp=3278 ms, used_size=16257024 bytes (39.7%)
(RDMA_READ_CONSUME_CHECK_CONSUMER) timestamp=3278 ms, used_size=16254976 bytes (39.7%)
(RDMA_READ_CONSUME_CHECK_CONSUMER) timestamp=3278 ms, used_size=16252928 bytes (39.7%)
(RDMA_READ_CONSUME_CHECK_CONSUMER) timestamp=3278 ms, used_size=16250880 bytes (39.7%)
(RDMA_READ_CONSUME_CHECK_CONSUMER) timestamp=3278 ms, used_size=16248832 bytes (39.7%)
(RDMA_READ_CONSUME_CHECK_CONSUMER) timestamp=3278 ms, used_size=16246784 bytes (39.7%)
(RDMA_READ_CONSUME_CHECK_CONSUMER) timestamp=3278 ms, used_size=16244736 bytes (39.7%)
(RDMA_READ_CONSUME_CHECK_CONSUMER) timestamp=3278 ms, used_size=16242688 bytes (39.7%)
(RDMA_READ_CONSUME_CHECK_CONSUMER) timestamp=3278 ms, used_size=16240640 bytes (39.6%)
(RDMA_READ_CONSUME_CHECK_CONSUMER) timestamp=3278 ms, used_size=16238592 bytes (39.6%)
(RDMA_READ_CONSUME_CHECK_CONSUMER) timestamp=3278 ms, used_size=16236544 bytes (39.6%)
(RDMA_READ_CONSUME_CHECK_CONSUMER) timestamp=3278 ms, used_size=16234496 bytes (39.6%)
(RDMA_READ_CONSUME_CHECK_CONSUMER) timestamp=3278 ms, used_size=16232448 bytes (39.6%)
(RDMA_READ_CONSUME_CHECK_CONSUMER) timestamp=3278 ms, used_size=16230400 bytes (39.6%)
(RDMA_READ_CONSUME_CHECK_CONSUMER) timestamp=3278 ms, used_size=16228352 bytes (39.6%)
(RDMA_READ_CONSUME_CHECK_CONSUMER) timestamp=3278 ms, used_size=16226304 bytes (39.6%)
(RDMA_READ_CONSUME_CHECK_CONSUMER) timestamp=3278 ms, used_size=16224256 bytes (39.6%)
(RDMA_READ_CONSUME_CHECK_CONSUMER) timestamp=3278 ms, used_size=16222208 bytes (39.6%)
(RDMA_READ_CONSUME_CHECK_CONSUMER) timestamp=3278 ms, used_size=16220160 bytes (39.6%)
(RDMA_READ_CONSUME_CHECK_CONSUMER) timestamp=3278 ms, used_size=16218112 bytes (39.6%)
(RDMA_READ_CONSUME_CHECK_CONSUMER) timestamp=3278 ms, used_size=16216064 bytes (39.6%)
(RDMA_READ_CONSUME_CHECK_CONSUMER) timestamp=3278 ms, used_size=16214016 bytes (39.6%)
(RDMA_READ_CONSUME_CHECK_CONSUMER) timestamp=3278 ms, used_size=16211968 bytes (39.6%)
(RDMA_READ_CONSUME_CHECK_CONSUMER) timestamp=3278 ms, used_size=16209920 bytes (39.6%)
(RDMA_READ_CONSUME_CHECK_CONSUMER) timestamp=3278 ms, used_size=16207872 bytes (39.6%)
(RDMA_READ_CONSUME_CHECK_CONSUMER) timestamp=3278 ms, used_size=16205824 bytes (39.6%)
(RDMA_READ_CONSUME_CHECK_CONSUMER) timestamp=3278 ms, used_size=16203776 bytes (39.6%)
(RDMA_READ_CONSUME_CHECK_CONSUMER) timestamp=3278 ms, used_size=16201728 bytes (39.6%)
(RDMA_READ_CONSUME_CHECK_CONSUMER) timestamp=3278 ms, used_size=16199680 bytes (39.5%)
(RDMA_READ_CONSUME_CHECK_CONSUMER) timestamp=3278 ms, used_size=16197632 bytes (39.5%)
(RDMA_READ_CONSUME_CHECK_CONSUMER) timestamp=3278 ms, used_size=16195584 bytes (39.5%)
(RDMA_READ_CONSUME_CHECK_CONSUMER) timestamp=3278 ms, used_size=16193536 bytes (39.5%)
(RDMA_READ_CONSUME_CHECK_CONSUMER) timestamp=3278 ms, used_size=16191488 bytes (39.5%)
(RDMA_READ_CONSUME_CHECK_CONSUMER) timestamp=3278 ms, used_size=16189440 bytes (39.5%)
(RDMA_READ_CONSUME_CHECK_CONSUMER) timestamp=3278 ms, used_size=16187392 bytes (39.5%)
(RDMA_READ_CONSUME_CHECK_CONSUMER) timestamp=3278 ms, used_size=16185344 bytes (39.5%)
(RDMA_READ_CONSUME_CHECK_CONSUMER) timestamp=3278 ms, used_size=16183296 bytes (39.5%)
(RDMA_READ_CONSUME_CHECK_CONSUMER) timestamp=3278 ms, used_size=16181248 bytes (39.5%)
(RDMA_READ_CONSUME_CHECK_CONSUMER) timestamp=3278 ms, used_size=16179200 bytes (39.5%)
(RDMA_READ_CONSUME_CHECK_CONSUMER) timestamp=3278 ms, used_size=16177152 bytes (39.5%)
(RDMA_READ_CONSUME_CHECK_CONSUMER) timestamp=3278 ms, used_size=16175104 bytes (39.5%)
(RDMA_READ_CONSUME_CHECK_CONSUMER) timestamp=3278 ms, used_size=16173056 bytes (39.5%)
(RDMA_READ_CONSUME_CHECK_CONSUMER) timestamp=3278 ms, used_size=16171008 bytes (39.5%)
(RDMA_READ_CONSUME_CHECK_CONSUMER) timestamp=3278 ms, used_size=16168960 bytes (39.5%)
(RDMA_READ_CONSUME_CHECK_CONSUMER) timestamp=3278 ms, used_size=16166912 bytes (39.5%)
(RDMA_READ_CONSUME_CHECK_CONSUMER) timestamp=3278 ms, used_size=16164864 bytes (39.5%)
(RDMA_READ_CONSUME_CHECK_CONSUMER) timestamp=3278 ms, used_size=16162816 bytes (39.5%)
(RDMA_READ_CONSUME_CHECK_CONSUMER) timestamp=3278 ms, used_size=16160768 bytes (39.5%)
(RDMA_READ_CONSUME_CHECK_CONSUMER) timestamp=3278 ms, used_size=16158720 bytes (39.5%)
(RDMA_READ_CONSUME_CHECK_CONSUMER) timestamp=3278 ms, used_size=16156672 bytes (39.4%)
(RDMA_READ_CONSUME_CHECK_CONSUMER) timestamp=3278 ms, used_size=16154624 bytes (39.4%)
(RDMA_READ_CONSUME_CHECK_CONSUMER) timestamp=3278 ms, used_size=16152576 bytes (39.4%)
(RDMA_READ_CONSUME_CHECK_CONSUMER) timestamp=3278 ms, used_size=16150528 bytes (39.4%)
(RDMA_READ_CONSUME_CHECK_CONSUMER) timestamp=3278 ms, used_size=16148480 bytes (39.4%)
(RDMA_READ_CONSUME_CHECK_CONSUMER) timestamp=3278 ms, used_size=16146432 bytes (39.4%)
(RDMA_READ_CONSUME_CHECK_CONSUMER) timestamp=3278 ms, used_size=16144384 bytes (39.4%)
(RDMA_READ_CONSUME_CHECK_CONSUMER) timestamp=3278 ms, used_size=16142336 bytes (39.4%)
(RDMA_READ_CONSUME_CHECK_CONSUMER) timestamp=3278 ms, used_size=16140288 bytes (39.4%)
(RDMA_READ_CONSUME_CHECK_CONSUMER) timestamp=3278 ms, used_size=16138240 bytes (39.4%)
(RDMA_READ_CONSUME_CHECK_CONSUMER) timestamp=3278 ms, used_size=16136192 bytes (39.4%)
(RDMA_READ_CONSUME_CHECK_CONSUMER) timestamp=3278 ms, used_size=16134144 bytes (39.4%)
(RDMA_READ_CONSUME_CHECK_CONSUMER) timestamp=3278 ms, used_size=16132096 bytes (39.4%)
(RDMA_READ_CONSUME_CHECK_CONSUMER) timestamp=3278 ms, used_size=16130048 bytes (39.4%)
(RDMA_READ_CONSUME_CHECK_CONSUMER) timestamp=3278 ms, used_size=16128000 bytes (39.4%)
(RDMA_READ_CONSUME_CHECK_CONSUMER) timestamp=3278 ms, used_size=16125952 bytes (39.4%)
(RDMA_READ_CONSUME_CHECK_CONSUMER) timestamp=3278 ms, used_size=16123904 bytes (39.4%)
(RDMA_READ_CONSUME_CHECK_CONSUMER) timestamp=3278 ms, used_size=16121856 bytes (39.4%)
(RDMA_READ_CONSUME_CHECK_CONSUMER) timestamp=3278 ms, used_size=16119808 bytes (39.4%)
(RDMA_READ_CONSUME_CHECK_CONSUMER) timestamp=3278 ms, used_size=16117760 bytes (39.4%)
(RDMA_READ_CONSUME_CHECK_CONSUMER) timestamp=3278 ms, used_size=16115712 bytes (39.3%)
(RDMA_READ_CONSUME_CHECK_CONSUMER) timestamp=3278 ms, used_size=16113664 bytes (39.3%)
(RDMA_READ_CONSUME_CHECK_CONSUMER) timestamp=3278 ms, used_size=16111616 bytes (39.3%)
(RDMA_READ_CONSUME_CHECK_CONSUMER) timestamp=3278 ms, used_size=16109568 bytes (39.3%)
(RDMA_READ_CONSUME_CHECK_CONSUMER) timestamp=3278 ms, used_size=16107520 bytes (39.3%)
(RDMA_READ_CONSUME_CHECK_CONSUMER) timestamp=3278 ms, used_size=16105472 bytes (39.3%)
(RDMA_READ_CONSUME_CHECK_CONSUMER) timestamp=3278 ms, used_size=16103424 bytes (39.3%)
(RDMA_READ_CONSUME_CHECK_CONSUMER) timestamp=3279 ms, used_size=16101376 bytes (39.3%)
(RDMA_READ_CONSUME_CHECK_CONSUMER) timestamp=3279 ms, used_size=16099328 bytes (39.3%)
(RDMA_READ_CONSUME_CHECK_CONSUMER) timestamp=3279 ms, used_size=16097280 bytes (39.3%)
(RDMA_READ_CONSUME_CHECK_CONSUMER) timestamp=3279 ms, used_size=16095232 bytes (39.3%)
(RDMA_READ_CONSUME_CHECK_CONSUMER) timestamp=3279 ms, used_size=16093184 bytes (39.3%)
(RDMA_READ_CONSUME_CHECK_CONSUMER) timestamp=3279 ms, used_size=16091136 bytes (39.3%)
(RDMA_READ_CONSUME_CHECK_CONSUMER) timestamp=3279 ms, used_size=16089088 bytes (39.3%)
(RDMA_READ_CONSUME_CHECK_CONSUMER) timestamp=3279 ms, used_size=16087040 bytes (39.3%)
(RDMA_READ_CONSUME_CHECK_CONSUMER) timestamp=3279 ms, used_size=16084992 bytes (39.3%)
(RDMA_READ_CONSUME_CHECK_CONSUMER) timestamp=3279 ms, used_size=16082944 bytes (39.3%)
(RDMA_READ_CONSUME_CHECK_CONSUMER) timestamp=3279 ms, used_size=16080896 bytes (39.3%)
(RDMA_READ_CONSUME_CHECK_CONSUMER) timestamp=3279 ms, used_size=16078848 bytes (39.3%)
(RDMA_READ_CONSUME_CHECK_CONSUMER) timestamp=3279 ms, used_size=16076800 bytes (39.2%)
(RDMA_READ_CONSUME_CHECK_CONSUMER) timestamp=3279 ms, used_size=16074752 bytes (39.2%)
(RDMA_READ_CONSUME_CHECK_CONSUMER) timestamp=3279 ms, used_size=16072704 bytes (39.2%)
(RDMA_READ_CONSUME_CHECK_CONSUMER) timestamp=3279 ms, used_size=16070656 bytes (39.2%)
(RDMA_READ_CONSUME_CHECK_CONSUMER) timestamp=3279 ms, used_size=16068608 bytes (39.2%)
(RDMA_READ_CONSUME_CHECK_CONSUMER) timestamp=3279 ms, used_size=16066560 bytes (39.2%)
(RDMA_READ_CONSUME_CHECK_CONSUMER) timestamp=3279 ms, used_size=16064512 bytes (39.2%)
(RDMA_READ_CONSUME_CHECK_CONSUMER) timestamp=3279 ms, used_size=16062464 bytes (39.2%)
(RDMA_READ_CONSUME_CHECK_CONSUMER) timestamp=3279 ms, used_size=16060416 bytes (39.2%)
(RDMA_READ_CONSUME_CHECK_CONSUMER) timestamp=3279 ms, used_size=16058368 bytes (39.2%)
(RDMA_READ_CONSUME_CHECK_CONSUMER) timestamp=3279 ms, used_size=16056320 bytes (39.2%)
(RDMA_READ_CONSUME_CHECK_CONSUMER) timestamp=3279 ms, used_size=16054272 bytes (39.2%)
(RDMA_READ_CONSUME_CHECK_CONSUMER) timestamp=3279 ms, used_size=16052224 bytes (39.2%)
(RDMA_READ_CONSUME_CHECK_CONSUMER) timestamp=3279 ms, used_size=16050176 bytes (39.2%)
(RDMA_READ_CONSUME_CHECK_CONSUMER) timestamp=3279 ms, used_size=16048128 bytes (39.2%)
(RDMA_READ_CONSUME_CHECK_CONSUMER) timestamp=3279 ms, used_size=16046080 bytes (39.2%)
(RDMA_READ_CONSUME_CHECK_CONSUMER) timestamp=3279 ms, used_size=16044032 bytes (39.2%)
(RDMA_READ_CONSUME_CHECK_CONSUMER) timestamp=3279 ms, used_size=16041984 bytes (39.2%)
(RDMA_READ_CONSUME_CHECK_CONSUMER) timestamp=3279 ms, used_size=16039936 bytes (39.2%)
(RDMA_READ_CONSUME_CHECK_CONSUMER) timestamp=3279 ms, used_size=16037888 bytes (39.2%)
(RDMA_READ_CONSUME_CHECK_CONSUMER) timestamp=3279 ms, used_size=16035840 bytes (39.1%)
(RDMA_READ_CONSUME_CHECK_CONSUMER) timestamp=3279 ms, used_size=16033792 bytes (39.1%)
(RDMA_READ_CONSUME_CHECK_CONSUMER) timestamp=3279 ms, used_size=16031744 bytes (39.1%)
(RDMA_READ_CONSUME_CHECK_CONSUMER) timestamp=3279 ms, used_size=16029696 bytes (39.1%)
(RDMA_READ_CONSUME_CHECK_CONSUMER) timestamp=3279 ms, used_size=16027648 bytes (39.1%)
(RDMA_READ_CONSUME_CHECK_CONSUMER) timestamp=3279 ms, used_size=16025600 bytes (39.1%)
(RDMA_READ_CONSUME_CHECK_CONSUMER) timestamp=3279 ms, used_size=16023552 bytes (39.1%)
(RDMA_READ_CONSUME_CHECK_CONSUMER) timestamp=3279 ms, used_size=16021504 bytes (39.1%)
(RDMA_READ_CONSUME_CHECK_CONSUMER) timestamp=3279 ms, used_size=16019456 bytes (39.1%)
(RDMA_READ_CONSUME_CHECK_CONSUMER) timestamp=3279 ms, used_size=16017408 bytes (39.1%)
(RDMA_READ_CONSUME_CHECK_CONSUMER) timestamp=3279 ms, used_size=16015360 bytes (39.1%)
(RDMA_READ_CONSUME_CHECK_CONSUMER) timestamp=3279 ms, used_size=16013312 bytes (39.1%)
(RDMA_READ_CONSUME_CHECK_CONSUMER) timestamp=3279 ms, used_size=16011264 bytes (39.1%)
(RDMA_READ_CONSUME_CHECK_CONSUMER) timestamp=3279 ms, used_size=16009216 bytes (39.1%)
(RDMA_READ_CONSUME_CHECK_CONSUMER) timestamp=3279 ms, used_size=16007168 bytes (39.1%)
(RDMA_READ_CONSUME_CHECK_CONSUMER) timestamp=3279 ms, used_size=16005120 bytes (39.1%)
(RDMA_READ_CONSUME_CHECK_CONSUMER) timestamp=3279 ms, used_size=16003072 bytes (39.1%)
(RDMA_READ_CONSUME_CHECK_CONSUMER) timestamp=3279 ms, used_size=16001024 bytes (39.1%)
(RDMA_READ_CONSUME_CHECK_CONSUMER) timestamp=3279 ms, used_size=15998976 bytes (39.1%)
(RDMA_READ_CONSUME_CHECK_CONSUMER) timestamp=3279 ms, used_size=15996928 bytes (39.1%)
(RDMA_READ_CONSUME_CHECK_CONSUMER) timestamp=3279 ms, used_size=15994880 bytes (39.0%)
(RDMA_READ_CONSUME_CHECK_CONSUMER) timestamp=3279 ms, used_size=15992832 bytes (39.0%)
(RDMA_READ_CONSUME_CHECK_CONSUMER) timestamp=3279 ms, used_size=15990784 bytes (39.0%)
(RDMA_READ_CONSUME_CHECK_CONSUMER) timestamp=3279 ms, used_size=15988736 bytes (39.0%)
(RDMA_READ_CONSUME_CHECK_CONSUMER) timestamp=3279 ms, used_size=15986688 bytes (39.0%)
(RDMA_READ_CONSUME_CHECK_CONSUMER) timestamp=3279 ms, used_size=15984640 bytes (39.0%)
(RDMA_READ_CONSUME_CHECK_CONSUMER) timestamp=3279 ms, used_size=15982592 bytes (39.0%)
(RDMA_READ_CONSUME_CHECK_CONSUMER) timestamp=3279 ms, used_size=15980544 bytes (39.0%)
(RDMA_READ_CONSUME_CHECK_CONSUMER) timestamp=3279 ms, used_size=15978496 bytes (39.0%)
(RDMA_READ_CONSUME_CHECK_CONSUMER) timestamp=3279 ms, used_size=15976448 bytes (39.0%)
(RDMA_READ_CONSUME_CHECK_CONSUMER) timestamp=3279 ms, used_size=15974400 bytes (39.0%)
(RDMA_READ_CONSUME_CHECK_CONSUMER) timestamp=3279 ms, used_size=15972352 bytes (39.0%)
(RDMA_READ_CONSUME_CHECK_CONSUMER) timestamp=3279 ms, used_size=15970304 bytes (39.0%)
(RDMA_READ_CONSUME_CHECK_CONSUMER) timestamp=3279 ms, used_size=15968256 bytes (39.0%)
(RDMA_READ_CONSUME_CHECK_CONSUMER) timestamp=3279 ms, used_size=15966208 bytes (39.0%)
(RDMA_READ_CONSUME_CHECK_CONSUMER) timestamp=3279 ms, used_size=15964160 bytes (39.0%)
(RDMA_READ_CONSUME_CHECK_CONSUMER) timestamp=3279 ms, used_size=15962112 bytes (39.0%)
(RDMA_READ_CONSUME_CHECK_CONSUMER) timestamp=3279 ms, used_size=15960064 bytes (39.0%)
(RDMA_READ_CONSUME_CHECK_CONSUMER) timestamp=3279 ms, used_size=15958016 bytes (39.0%)
(RDMA_READ_CONSUME_CHECK_CONSUMER) timestamp=3279 ms, used_size=15955968 bytes (39.0%)
(RDMA_READ_CONSUME_CHECK_CONSUMER) timestamp=3279 ms, used_size=15953920 bytes (39.0%)
(RDMA_READ_CONSUME_CHECK_CONSUMER) timestamp=3279 ms, used_size=15951872 bytes (38.9%)
(RDMA_READ_CONSUME_CHECK_CONSUMER) timestamp=3279 ms, used_size=15949824 bytes (38.9%)
(RDMA_READ_CONSUME_CHECK_CONSUMER) timestamp=3279 ms, used_size=15947776 bytes (38.9%)
(RDMA_READ_CONSUME_CHECK_CONSUMER) timestamp=3279 ms, used_size=15945728 bytes (38.9%)
(RDMA_READ_CONSUME_CHECK_CONSUMER) timestamp=3279 ms, used_size=15943680 bytes (38.9%)
(RDMA_READ_CONSUME_CHECK_CONSUMER) timestamp=3279 ms, used_size=15941632 bytes (38.9%)
(RDMA_READ_CONSUME_CHECK_CONSUMER) timestamp=3279 ms, used_size=15939584 bytes (38.9%)
(RDMA_READ_CONSUME_CHECK_CONSUMER) timestamp=3279 ms, used_size=15937536 bytes (38.9%)
(RDMA_READ_CONSUME_CHECK_CONSUMER) timestamp=3279 ms, used_size=15935488 bytes (38.9%)
(RDMA_READ_CONSUME_CHECK_CONSUMER) timestamp=3279 ms, used_size=15933440 bytes (38.9%)
(RDMA_READ_CONSUME_CHECK_CONSUMER) timestamp=3279 ms, used_size=15931392 bytes (38.9%)
(RDMA_READ_CONSUME_CHECK_CONSUMER) timestamp=3279 ms, used_size=15929344 bytes (38.9%)
(RDMA_READ_CONSUME_CHECK_CONSUMER) timestamp=3279 ms, used_size=15927296 bytes (38.9%)
(RDMA_READ_CONSUME_CHECK_CONSUMER) timestamp=3279 ms, used_size=15925248 bytes (38.9%)
(RDMA_READ_CONSUME_CHECK_CONSUMER) timestamp=3279 ms, used_size=15923200 bytes (38.9%)
(RDMA_READ_CONSUME_CHECK_CONSUMER) timestamp=3279 ms, used_size=15921152 bytes (38.9%)
(RDMA_READ_CONSUME_CHECK_CONSUMER) timestamp=3279 ms, used_size=15919104 bytes (38.9%)
(RDMA_READ_CONSUME_CHECK_CONSUMER) timestamp=3279 ms, used_size=15917056 bytes (38.9%)
(RDMA_READ_CONSUME_CHECK_CONSUMER) timestamp=3279 ms, used_size=15915008 bytes (38.9%)
(RDMA_READ_CONSUME_CHECK_CONSUMER) timestamp=3279 ms, used_size=15912960 bytes (38.9%)
(RDMA_READ_CONSUME_CHECK_CONSUMER) timestamp=3279 ms, used_size=15910912 bytes (38.8%)
(RDMA_READ_CONSUME_CHECK_CONSUMER) timestamp=3279 ms, used_size=15908864 bytes (38.8%)
(RDMA_READ_CONSUME_CHECK_CONSUMER) timestamp=3279 ms, used_size=15906816 bytes (38.8%)
(RDMA_READ_CONSUME_CHECK_CONSUMER) timestamp=3279 ms, used_size=15904768 bytes (38.8%)
(RDMA_READ_CONSUME_CHECK_CONSUMER) timestamp=3279 ms, used_size=15902720 bytes (38.8%)
(RDMA_READ_CONSUME_CHECK_CONSUMER) timestamp=3279 ms, used_size=15900672 bytes (38.8%)
(RDMA_READ_CONSUME_CHECK_CONSUMER) timestamp=3279 ms, used_size=15898624 bytes (38.8%)
(RDMA_READ_CONSUME_CHECK_CONSUMER) timestamp=3279 ms, used_size=15896576 bytes (38.8%)
(RDMA_READ_CONSUME_CHECK_CONSUMER) timestamp=3279 ms, used_size=15894528 bytes (38.8%)
(RDMA_READ_CONSUME_CHECK_CONSUMER) timestamp=3279 ms, used_size=15892480 bytes (38.8%)
(RDMA_READ_CONSUME_CHECK_CONSUMER) timestamp=3279 ms, used_size=15890432 bytes (38.8%)
(RDMA_READ_CONSUME_CHECK_CONSUMER) timestamp=3279 ms, used_size=15888384 bytes (38.8%)
(RDMA_READ_CONSUME_CHECK_CONSUMER) timestamp=3279 ms, used_size=15886336 bytes (38.8%)
(RDMA_READ_CONSUME_CHECK_CONSUMER) timestamp=3279 ms, used_size=15884288 bytes (38.8%)
(RDMA_READ_CONSUME_CHECK_CONSUMER) timestamp=3279 ms, used_size=15882240 bytes (38.8%)
(RDMA_READ_CONSUME_CHECK_CONSUMER) timestamp=3279 ms, used_size=15880192 bytes (38.8%)
(RDMA_READ_CONSUME_CHECK_CONSUMER) timestamp=3279 ms, used_size=15878144 bytes (38.8%)
(RDMA_READ_CONSUME_CHECK_CONSUMER) timestamp=3279 ms, used_size=15876096 bytes (38.8%)
(RDMA_READ_CONSUME_CHECK_CONSUMER) timestamp=3279 ms, used_size=15874048 bytes (38.8%)
(RDMA_READ_CONSUME_CHECK_CONSUMER) timestamp=3279 ms, used_size=15872000 bytes (38.8%)
(RDMA_READ_CONSUME_CHECK_CONSUMER) timestamp=3279 ms, used_size=15869952 bytes (38.7%)
(RDMA_READ_CONSUME_CHECK_CONSUMER) timestamp=3279 ms, used_size=15867904 bytes (38.7%)
(RDMA_READ_CONSUME_CHECK_CONSUMER) timestamp=3279 ms, used_size=15865856 bytes (38.7%)
(RDMA_READ_CONSUME_CHECK_CONSUMER) timestamp=3279 ms, used_size=15863808 bytes (38.7%)
(RDMA_READ_CONSUME_CHECK_CONSUMER) timestamp=3279 ms, used_size=15861760 bytes (38.7%)
(RDMA_READ_CONSUME_CHECK_CONSUMER) timestamp=3279 ms, used_size=15859712 bytes (38.7%)
(RDMA_READ_CONSUME_CHECK_CONSUMER) timestamp=3279 ms, used_size=15857664 bytes (38.7%)
(RDMA_READ_CONSUME_CHECK_CONSUMER) timestamp=3279 ms, used_size=15855616 bytes (38.7%)
(RDMA_READ_CONSUME_CHECK_CONSUMER) timestamp=3279 ms, used_size=15853568 bytes (38.7%)
(RDMA_READ_CONSUME_CHECK_CONSUMER) timestamp=3279 ms, used_size=15851520 bytes (38.7%)
(RDMA_READ_CONSUME_CHECK_CONSUMER) timestamp=3279 ms, used_size=15849472 bytes (38.7%)
(RDMA_READ_CONSUME_CHECK_CONSUMER) timestamp=3279 ms, used_size=15847424 bytes (38.7%)
(RDMA_READ_CONSUME_CHECK_CONSUMER) timestamp=3279 ms, used_size=15845376 bytes (38.7%)
(RDMA_READ_CONSUME_CHECK_CONSUMER) timestamp=3279 ms, used_size=15843328 bytes (38.7%)
(RDMA_READ_CONSUME_CHECK_CONSUMER) timestamp=3279 ms, used_size=15841280 bytes (38.7%)
(RDMA_READ_CONSUME_CHECK_CONSUMER) timestamp=3279 ms, used_size=15839232 bytes (38.7%)
(RDMA_READ_CONSUME_CHECK_CONSUMER) timestamp=3279 ms, used_size=15837184 bytes (38.7%)
(RDMA_READ_CONSUME_CHECK_CONSUMER) timestamp=3279 ms, used_size=15835136 bytes (38.7%)
(RDMA_READ_CONSUME_CHECK_CONSUMER) timestamp=3279 ms, used_size=15833088 bytes (38.7%)
(RDMA_READ_CONSUME_CHECK_CONSUMER) timestamp=3279 ms, used_size=15831040 bytes (38.6%)
(RDMA_READ_CONSUME_CHECK_CONSUMER) timestamp=3279 ms, used_size=15828992 bytes (38.6%)
(RDMA_READ_CONSUME_CHECK_CONSUMER) timestamp=3279 ms, used_size=15826944 bytes (38.6%)
(RDMA_READ_CONSUME_CHECK_CONSUMER) timestamp=3279 ms, used_size=15824896 bytes (38.6%)
(RDMA_READ_CONSUME_CHECK_CONSUMER) timestamp=3279 ms, used_size=15822848 bytes (38.6%)
(RDMA_READ_CONSUME_CHECK_CONSUMER) timestamp=3279 ms, used_size=15820800 bytes (38.6%)
(RDMA_READ_CONSUME_CHECK_CONSUMER) timestamp=3279 ms, used_size=15818752 bytes (38.6%)
(RDMA_READ_CONSUME_CHECK_CONSUMER) timestamp=3279 ms, used_size=15816704 bytes (38.6%)
(RDMA_READ_CONSUME_CHECK_CONSUMER) timestamp=3279 ms, used_size=15814656 bytes (38.6%)
(RDMA_READ_CONSUME_CHECK_CONSUMER) timestamp=3279 ms, used_size=15812608 bytes (38.6%)
(RDMA_READ_CONSUME_CHECK_CONSUMER) timestamp=3279 ms, used_size=15810560 bytes (38.6%)
(RDMA_READ_CONSUME_CHECK_CONSUMER) timestamp=3279 ms, used_size=15808512 bytes (38.6%)
(RDMA_READ_CONSUME_CHECK_CONSUMER) timestamp=3279 ms, used_size=15806464 bytes (38.6%)
(RDMA_READ_CONSUME_CHECK_CONSUMER) timestamp=3279 ms, used_size=15804416 bytes (38.6%)
(RDMA_READ_CONSUME_CHECK_CONSUMER) timestamp=3279 ms, used_size=15802368 bytes (38.6%)
(RDMA_READ_CONSUME_CHECK_CONSUMER) timestamp=3279 ms, used_size=15800320 bytes (38.6%)
(RDMA_READ_CONSUME_CHECK_CONSUMER) timestamp=3279 ms, used_size=15798272 bytes (38.6%)
(RDMA_READ_CONSUME_CHECK_CONSUMER) timestamp=3279 ms, used_size=15796224 bytes (38.6%)
(RDMA_READ_CONSUME_CHECK_CONSUMER) timestamp=3279 ms, used_size=15794176 bytes (38.6%)
(RDMA_READ_CONSUME_CHECK_CONSUMER) timestamp=3279 ms, used_size=15792128 bytes (38.6%)
(RDMA_READ_CONSUME_CHECK_CONSUMER) timestamp=3279 ms, used_size=15790080 bytes (38.5%)
(RDMA_READ_CONSUME_CHECK_CONSUMER) timestamp=3279 ms, used_size=15788032 bytes (38.5%)
(RDMA_READ_CONSUME_CHECK_CONSUMER) timestamp=3279 ms, used_size=15785984 bytes (38.5%)
(RDMA_READ_CONSUME_CHECK_CONSUMER) timestamp=3279 ms, used_size=15783936 bytes (38.5%)
(RDMA_READ_CONSUME_CHECK_CONSUMER) timestamp=3279 ms, used_size=15781888 bytes (38.5%)
(RDMA_READ_CONSUME_CHECK_CONSUMER) timestamp=3279 ms, used_size=15779840 bytes (38.5%)
(RDMA_READ_CONSUME_CHECK_CONSUMER) timestamp=3279 ms, used_size=15777792 bytes (38.5%)
(RDMA_READ_CONSUME_CHECK_CONSUMER) timestamp=3279 ms, used_size=15775744 bytes (38.5%)
(RDMA_READ_CONSUME_CHECK_CONSUMER) timestamp=3279 ms, used_size=15773696 bytes (38.5%)
(RDMA_READ_CONSUME_CHECK_CONSUMER) timestamp=3279 ms, used_size=15771648 bytes (38.5%)
(RDMA_READ_CONSUME_CHECK_CONSUMER) timestamp=3279 ms, used_size=15769600 bytes (38.5%)
(RDMA_READ_CONSUME_CHECK_CONSUMER) timestamp=3279 ms, used_size=15767552 bytes (38.5%)
(RDMA_READ_CONSUME_CHECK_CONSUMER) timestamp=3279 ms, used_size=15765504 bytes (38.5%)
(RDMA_READ_CONSUME_CHECK_CONSUMER) timestamp=3279 ms, used_size=15763456 bytes (38.5%)
(RDMA_READ_CONSUME_CHECK_CONSUMER) timestamp=3279 ms, used_size=15761408 bytes (38.5%)
(RDMA_READ_CONSUME_CHECK_CONSUMER) timestamp=3279 ms, used_size=15759360 bytes (38.5%)
(RDMA_READ_CONSUME_CHECK_CONSUMER) timestamp=3279 ms, used_size=15757312 bytes (38.5%)
(RDMA_READ_CONSUME_CHECK_CONSUMER) timestamp=3279 ms, used_size=15755264 bytes (38.5%)
(RDMA_READ_CONSUME_CHECK_CONSUMER) timestamp=3279 ms, used_size=15753216 bytes (38.5%)
(RDMA_READ_CONSUME_CHECK_CONSUMER) timestamp=3279 ms, used_size=15751168 bytes (38.5%)
(RDMA_READ_CONSUME_CHECK_CONSUMER) timestamp=3279 ms, used_size=15749120 bytes (38.5%)
(RDMA_READ_CONSUME_CHECK_CONSUMER) timestamp=3279 ms, used_size=15747072 bytes (38.4%)
(RDMA_READ_CONSUME_CHECK_CONSUMER) timestamp=3279 ms, used_size=15745024 bytes (38.4%)
(RDMA_READ_CONSUME_CHECK_CONSUMER) timestamp=3279 ms, used_size=15742976 bytes (38.4%)
(RDMA_READ_CONSUME_CHECK_CONSUMER) timestamp=3279 ms, used_size=15740928 bytes (38.4%)
(RDMA_READ_CONSUME_CHECK_CONSUMER) timestamp=3279 ms, used_size=15738880 bytes (38.4%)
(RDMA_READ_CONSUME_CHECK_CONSUMER) timestamp=3280 ms, used_size=15736832 bytes (38.4%)
(RDMA_READ_CONSUME_CHECK_CONSUMER) timestamp=3280 ms, used_size=15734784 bytes (38.4%)
(RDMA_READ_CONSUME_CHECK_CONSUMER) timestamp=3280 ms, used_size=15732736 bytes (38.4%)
(RDMA_READ_CONSUME_CHECK_CONSUMER) timestamp=3280 ms, used_size=15730688 bytes (38.4%)
(RDMA_READ_CONSUME_CHECK_CONSUMER) timestamp=3280 ms, used_size=15728640 bytes (38.4%)
(RDMA_READ_CONSUME_CHECK_CONSUMER) timestamp=3280 ms, used_size=15726592 bytes (38.4%)
(RDMA_READ_CONSUME_CHECK_CONSUMER) timestamp=3280 ms, used_size=15724544 bytes (38.4%)
(RDMA_READ_CONSUME_CHECK_CONSUMER) timestamp=3280 ms, used_size=15722496 bytes (38.4%)
(RDMA_READ_CONSUME_CHECK_CONSUMER) timestamp=3280 ms, used_size=15720448 bytes (38.4%)
(RDMA_READ_CONSUME_CHECK_CONSUMER) timestamp=3280 ms, used_size=15718400 bytes (38.4%)
(RDMA_READ_CONSUME_CHECK_CONSUMER) timestamp=3280 ms, used_size=15716352 bytes (38.4%)
(RDMA_READ_CONSUME_CHECK_CONSUMER) timestamp=3280 ms, used_size=15714304 bytes (38.4%)
(RDMA_READ_CONSUME_CHECK_CONSUMER) timestamp=3280 ms, used_size=15712256 bytes (38.4%)
(RDMA_READ_CONSUME_CHECK_CONSUMER) timestamp=3280 ms, used_size=15710208 bytes (38.4%)
(RDMA_READ_CONSUME_CHECK_CONSUMER) timestamp=3280 ms, used_size=15708160 bytes (38.4%)
(RDMA_READ_CONSUME_CHECK_CONSUMER) timestamp=3280 ms, used_size=15706112 bytes (38.3%)
(RDMA_READ_CONSUME_CHECK_CONSUMER) timestamp=3280 ms, used_size=15704064 bytes (38.3%)
(RDMA_READ_CONSUME_CHECK_CONSUMER) timestamp=3280 ms, used_size=15702016 bytes (38.3%)
(RDMA_READ_CONSUME_CHECK_CONSUMER) timestamp=3280 ms, used_size=15699968 bytes (38.3%)
(RDMA_READ_CONSUME_CHECK_CONSUMER) timestamp=3280 ms, used_size=15697920 bytes (38.3%)
(RDMA_READ_CONSUME_CHECK_CONSUMER) timestamp=3280 ms, used_size=15695872 bytes (38.3%)
(RDMA_READ_CONSUME_CHECK_CONSUMER) timestamp=3280 ms, used_size=15693824 bytes (38.3%)
(RDMA_READ_CONSUME_CHECK_CONSUMER) timestamp=3280 ms, used_size=15691776 bytes (38.3%)
(RDMA_READ_CONSUME_CHECK_CONSUMER) timestamp=3280 ms, used_size=15689728 bytes (38.3%)
(RDMA_READ_CONSUME_CHECK_CONSUMER) timestamp=3280 ms, used_size=15687680 bytes (38.3%)
(RDMA_READ_CONSUME_CHECK_CONSUMER) timestamp=3280 ms, used_size=15685632 bytes (38.3%)
(RDMA_READ_CONSUME_CHECK_CONSUMER) timestamp=3280 ms, used_size=15683584 bytes (38.3%)
(RDMA_READ_CONSUME_CHECK_CONSUMER) timestamp=3280 ms, used_size=15681536 bytes (38.3%)
(RDMA_READ_CONSUME_CHECK_CONSUMER) timestamp=3280 ms, used_size=15679488 bytes (38.3%)
(RDMA_READ_CONSUME_CHECK_CONSUMER) timestamp=3280 ms, used_size=15677440 bytes (38.3%)
(RDMA_READ_CONSUME_CHECK_CONSUMER) timestamp=3280 ms, used_size=15675392 bytes (38.3%)
(RDMA_READ_CONSUME_CHECK_CONSUMER) timestamp=3280 ms, used_size=15673344 bytes (38.3%)
(RDMA_READ_CONSUME_CHECK_CONSUMER) timestamp=3280 ms, used_size=15671296 bytes (38.3%)
(RDMA_READ_CONSUME_CHECK_CONSUMER) timestamp=3280 ms, used_size=15669248 bytes (38.3%)
(RDMA_READ_CONSUME_CHECK_CONSUMER) timestamp=3280 ms, used_size=15667200 bytes (38.2%)
(RDMA_READ_CONSUME_CHECK_CONSUMER) timestamp=3280 ms, used_size=15665152 bytes (38.2%)
(RDMA_READ_CONSUME_CHECK_CONSUMER) timestamp=3280 ms, used_size=15663104 bytes (38.2%)
(RDMA_READ_CONSUME_CHECK_CONSUMER) timestamp=3280 ms, used_size=15661056 bytes (38.2%)
(RDMA_READ_CONSUME_CHECK_CONSUMER) timestamp=3280 ms, used_size=15659008 bytes (38.2%)
(RDMA_READ_CONSUME_CHECK_CONSUMER) timestamp=3280 ms, used_size=15656960 bytes (38.2%)
(RDMA_READ_CONSUME_CHECK_CONSUMER) timestamp=3280 ms, used_size=15654912 bytes (38.2%)
(RDMA_READ_CONSUME_CHECK_CONSUMER) timestamp=3280 ms, used_size=15652864 bytes (38.2%)
(RDMA_READ_CONSUME_CHECK_CONSUMER) timestamp=3280 ms, used_size=15650816 bytes (38.2%)
(RDMA_READ_CONSUME_CHECK_CONSUMER) timestamp=3280 ms, used_size=15648768 bytes (38.2%)
(RDMA_READ_CONSUME_CHECK_CONSUMER) timestamp=3280 ms, used_size=15646720 bytes (38.2%)
(RDMA_READ_CONSUME_CHECK_CONSUMER) timestamp=3280 ms, used_size=15644672 bytes (38.2%)
(RDMA_READ_CONSUME_CHECK_CONSUMER) timestamp=3280 ms, used_size=15642624 bytes (38.2%)
(RDMA_READ_CONSUME_CHECK_CONSUMER) timestamp=3280 ms, used_size=15640576 bytes (38.2%)
(RDMA_READ_CONSUME_CHECK_CONSUMER) timestamp=3280 ms, used_size=15638528 bytes (38.2%)
(RDMA_READ_CONSUME_CHECK_CONSUMER) timestamp=3280 ms, used_size=15636480 bytes (38.2%)
(RDMA_READ_CONSUME_CHECK_CONSUMER) timestamp=3280 ms, used_size=15634432 bytes (38.2%)
(RDMA_READ_CONSUME_CHECK_CONSUMER) timestamp=3280 ms, used_size=15632384 bytes (38.2%)
(RDMA_READ_CONSUME_CHECK_CONSUMER) timestamp=3280 ms, used_size=15630336 bytes (38.2%)
(RDMA_READ_CONSUME_CHECK_CONSUMER) timestamp=3280 ms, used_size=15628288 bytes (38.2%)
(RDMA_READ_CONSUME_CHECK_CONSUMER) timestamp=3280 ms, used_size=15626240 bytes (38.1%)
(RDMA_READ_CONSUME_CHECK_CONSUMER) timestamp=3280 ms, used_size=15624192 bytes (38.1%)
(RDMA_READ_CONSUME_CHECK_CONSUMER) timestamp=3280 ms, used_size=15622144 bytes (38.1%)
(RDMA_READ_CONSUME_CHECK_CONSUMER) timestamp=3280 ms, used_size=15620096 bytes (38.1%)
(RDMA_READ_CONSUME_CHECK_CONSUMER) timestamp=3280 ms, used_size=15618048 bytes (38.1%)
(RDMA_READ_CONSUME_CHECK_CONSUMER) timestamp=3280 ms, used_size=15616000 bytes (38.1%)
(RDMA_READ_CONSUME_CHECK_CONSUMER) timestamp=3280 ms, used_size=15613952 bytes (38.1%)
(RDMA_READ_CONSUME_CHECK_CONSUMER) timestamp=3280 ms, used_size=15611904 bytes (38.1%)
(RDMA_READ_CONSUME_CHECK_CONSUMER) timestamp=3280 ms, used_size=15609856 bytes (38.1%)
(RDMA_READ_CONSUME_CHECK_CONSUMER) timestamp=3280 ms, used_size=15607808 bytes (38.1%)
(RDMA_READ_CONSUME_CHECK_CONSUMER) timestamp=3280 ms, used_size=15605760 bytes (38.1%)
(RDMA_READ_CONSUME_CHECK_CONSUMER) timestamp=3280 ms, used_size=15603712 bytes (38.1%)
(RDMA_READ_CONSUME_CHECK_CONSUMER) timestamp=3280 ms, used_size=15601664 bytes (38.1%)
(RDMA_READ_CONSUME_CHECK_CONSUMER) timestamp=3280 ms, used_size=15599616 bytes (38.1%)
(RDMA_READ_CONSUME_CHECK_CONSUMER) timestamp=3280 ms, used_size=15597568 bytes (38.1%)
(RDMA_READ_CONSUME_CHECK_CONSUMER) timestamp=3280 ms, used_size=15595520 bytes (38.1%)
(RDMA_READ_CONSUME_CHECK_CONSUMER) timestamp=3280 ms, used_size=15593472 bytes (38.1%)
(RDMA_READ_CONSUME_CHECK_CONSUMER) timestamp=3280 ms, used_size=15591424 bytes (38.1%)
(RDMA_READ_CONSUME_CHECK_CONSUMER) timestamp=3280 ms, used_size=15589376 bytes (38.1%)
(RDMA_READ_CONSUME_CHECK_CONSUMER) timestamp=3280 ms, used_size=15587328 bytes (38.1%)
(RDMA_READ_CONSUME_CHECK_CONSUMER) timestamp=3280 ms, used_size=15585280 bytes (38.0%)
(RDMA_READ_CONSUME_CHECK_CONSUMER) timestamp=3280 ms, used_size=15583232 bytes (38.0%)
(RDMA_READ_CONSUME_CHECK_CONSUMER) timestamp=3280 ms, used_size=15581184 bytes (38.0%)
(RDMA_READ_CONSUME_CHECK_CONSUMER) timestamp=3280 ms, used_size=15579136 bytes (38.0%)
(RDMA_READ_CONSUME_CHECK_CONSUMER) timestamp=3280 ms, used_size=15577088 bytes (38.0%)
(RDMA_READ_CONSUME_CHECK_CONSUMER) timestamp=3280 ms, used_size=15575040 bytes (38.0%)
(RDMA_READ_CONSUME_CHECK_CONSUMER) timestamp=3280 ms, used_size=15572992 bytes (38.0%)
(RDMA_READ_CONSUME_CHECK_CONSUMER) timestamp=3280 ms, used_size=15570944 bytes (38.0%)
(RDMA_READ_CONSUME_CHECK_CONSUMER) timestamp=3280 ms, used_size=15568896 bytes (38.0%)
(RDMA_READ_CONSUME_CHECK_CONSUMER) timestamp=3280 ms, used_size=15566848 bytes (38.0%)
(RDMA_READ_CONSUME_CHECK_CONSUMER) timestamp=3280 ms, used_size=15564800 bytes (38.0%)
(RDMA_READ_CONSUME_CHECK_CONSUMER) timestamp=3280 ms, used_size=15562752 bytes (38.0%)
(RDMA_READ_CONSUME_CHECK_CONSUMER) timestamp=3280 ms, used_size=15560704 bytes (38.0%)
(RDMA_READ_CONSUME_CHECK_CONSUMER) timestamp=3280 ms, used_size=15558656 bytes (38.0%)
(RDMA_READ_CONSUME_CHECK_CONSUMER) timestamp=3280 ms, used_size=15556608 bytes (38.0%)
(RDMA_READ_CONSUME_CHECK_CONSUMER) timestamp=3280 ms, used_size=15554560 bytes (38.0%)
(RDMA_READ_CONSUME_CHECK_CONSUMER) timestamp=3280 ms, used_size=15552512 bytes (38.0%)
(RDMA_READ_CONSUME_CHECK_CONSUMER) timestamp=3280 ms, used_size=15550464 bytes (38.0%)
(RDMA_READ_CONSUME_CHECK_CONSUMER) timestamp=3280 ms, used_size=15548416 bytes (38.0%)
(RDMA_READ_CONSUME_CHECK_CONSUMER) timestamp=3280 ms, used_size=15546368 bytes (38.0%)
(RDMA_READ_CONSUME_CHECK_CONSUMER) timestamp=3280 ms, used_size=15544320 bytes (38.0%)
(RDMA_READ_CONSUME_CHECK_CONSUMER) timestamp=3280 ms, used_size=15542272 bytes (37.9%)
(RDMA_READ_CONSUME_CHECK_CONSUMER) timestamp=3280 ms, used_size=15540224 bytes (37.9%)
(RDMA_READ_CONSUME_CHECK_CONSUMER) timestamp=3280 ms, used_size=15538176 bytes (37.9%)
(RDMA_READ_CONSUME_CHECK_CONSUMER) timestamp=3280 ms, used_size=15536128 bytes (37.9%)
(RDMA_READ_CONSUME_CHECK_CONSUMER) timestamp=3280 ms, used_size=15534080 bytes (37.9%)
(RDMA_READ_CONSUME_CHECK_CONSUMER) timestamp=3280 ms, used_size=15532032 bytes (37.9%)
(RDMA_READ_CONSUME_CHECK_CONSUMER) timestamp=3280 ms, used_size=15529984 bytes (37.9%)
(RDMA_READ_CONSUME_CHECK_CONSUMER) timestamp=3280 ms, used_size=15527936 bytes (37.9%)
(RDMA_READ_CONSUME_CHECK_CONSUMER) timestamp=3280 ms, used_size=15525888 bytes (37.9%)
(RDMA_READ_CONSUME_CHECK_CONSUMER) timestamp=3280 ms, used_size=15523840 bytes (37.9%)
(RDMA_READ_CONSUME_CHECK_CONSUMER) timestamp=3280 ms, used_size=15521792 bytes (37.9%)
(RDMA_READ_CONSUME_CHECK_CONSUMER) timestamp=3280 ms, used_size=15519744 bytes (37.9%)
(RDMA_READ_CONSUME_CHECK_CONSUMER) timestamp=3280 ms, used_size=15517696 bytes (37.9%)
(RDMA_READ_CONSUME_CHECK_CONSUMER) timestamp=3280 ms, used_size=15515648 bytes (37.9%)
(RDMA_READ_CONSUME_CHECK_CONSUMER) timestamp=3280 ms, used_size=15513600 bytes (37.9%)
(RDMA_READ_CONSUME_CHECK_CONSUMER) timestamp=3280 ms, used_size=15511552 bytes (37.9%)
(RDMA_READ_CONSUME_CHECK_CONSUMER) timestamp=3280 ms, used_size=15509504 bytes (37.9%)
(RDMA_READ_CONSUME_CHECK_CONSUMER) timestamp=3280 ms, used_size=15507456 bytes (37.9%)
(RDMA_READ_CONSUME_CHECK_CONSUMER) timestamp=3280 ms, used_size=15505408 bytes (37.9%)
(RDMA_READ_CONSUME_CHECK_CONSUMER) timestamp=3280 ms, used_size=15503360 bytes (37.9%)
(RDMA_READ_CONSUME_CHECK_CONSUMER) timestamp=3280 ms, used_size=15501312 bytes (37.8%)
(RDMA_READ_CONSUME_CHECK_CONSUMER) timestamp=3280 ms, used_size=15499264 bytes (37.8%)
(RDMA_READ_CONSUME_CHECK_CONSUMER) timestamp=3280 ms, used_size=15497216 bytes (37.8%)
(RDMA_READ_CONSUME_CHECK_CONSUMER) timestamp=3280 ms, used_size=15495168 bytes (37.8%)
(RDMA_READ_CONSUME_CHECK_CONSUMER) timestamp=3280 ms, used_size=15493120 bytes (37.8%)
(RDMA_READ_CONSUME_CHECK_CONSUMER) timestamp=3280 ms, used_size=15491072 bytes (37.8%)
(RDMA_READ_CONSUME_CHECK_CONSUMER) timestamp=3280 ms, used_size=15489024 bytes (37.8%)
(RDMA_READ_CONSUME_CHECK_CONSUMER) timestamp=3280 ms, used_size=15486976 bytes (37.8%)
(RDMA_READ_CONSUME_CHECK_CONSUMER) timestamp=3280 ms, used_size=15484928 bytes (37.8%)
(RDMA_READ_CONSUME_CHECK_CONSUMER) timestamp=3280 ms, used_size=15482880 bytes (37.8%)
(RDMA_READ_CONSUME_CHECK_CONSUMER) timestamp=3280 ms, used_size=15480832 bytes (37.8%)
(RDMA_READ_CONSUME_CHECK_CONSUMER) timestamp=3280 ms, used_size=15478784 bytes (37.8%)
(RDMA_READ_CONSUME_CHECK_CONSUMER) timestamp=3280 ms, used_size=15476736 bytes (37.8%)
(RDMA_READ_CONSUME_CHECK_CONSUMER) timestamp=3280 ms, used_size=15474688 bytes (37.8%)
(RDMA_READ_CONSUME_CHECK_CONSUMER) timestamp=3280 ms, used_size=15472640 bytes (37.8%)
(RDMA_READ_CONSUME_CHECK_CONSUMER) timestamp=3280 ms, used_size=15470592 bytes (37.8%)
(RDMA_READ_CONSUME_CHECK_CONSUMER) timestamp=3280 ms, used_size=15468544 bytes (37.8%)
(RDMA_READ_CONSUME_CHECK_CONSUMER) timestamp=3280 ms, used_size=15466496 bytes (37.8%)
(RDMA_READ_CONSUME_CHECK_CONSUMER) timestamp=3280 ms, used_size=15464448 bytes (37.8%)
(RDMA_READ_CONSUME_CHECK_CONSUMER) timestamp=3280 ms, used_size=15462400 bytes (37.8%)
(RDMA_READ_CONSUME_CHECK_CONSUMER) timestamp=3280 ms, used_size=15460352 bytes (37.7%)
(RDMA_READ_CONSUME_CHECK_CONSUMER) timestamp=3280 ms, used_size=15458304 bytes (37.7%)
(RDMA_READ_CONSUME_CHECK_CONSUMER) timestamp=3280 ms, used_size=15456256 bytes (37.7%)
(RDMA_READ_CONSUME_CHECK_CONSUMER) timestamp=3280 ms, used_size=15454208 bytes (37.7%)
(RDMA_READ_CONSUME_CHECK_CONSUMER) timestamp=3280 ms, used_size=15452160 bytes (37.7%)
(RDMA_READ_CONSUME_CHECK_CONSUMER) timestamp=3280 ms, used_size=15450112 bytes (37.7%)
(RDMA_READ_CONSUME_CHECK_CONSUMER) timestamp=3280 ms, used_size=15448064 bytes (37.7%)
(RDMA_READ_CONSUME_CHECK_CONSUMER) timestamp=3280 ms, used_size=15446016 bytes (37.7%)
(RDMA_READ_CONSUME_CHECK_CONSUMER) timestamp=3280 ms, used_size=15443968 bytes (37.7%)
(RDMA_READ_CONSUME_CHECK_CONSUMER) timestamp=3280 ms, used_size=15441920 bytes (37.7%)
(RDMA_READ_CONSUME_CHECK_CONSUMER) timestamp=3280 ms, used_size=15439872 bytes (37.7%)
(RDMA_READ_CONSUME_CHECK_CONSUMER) timestamp=3280 ms, used_size=15437824 bytes (37.7%)
(RDMA_READ_CONSUME_CHECK_CONSUMER) timestamp=3280 ms, used_size=15435776 bytes (37.7%)
(RDMA_READ_CONSUME_CHECK_CONSUMER) timestamp=3280 ms, used_size=15433728 bytes (37.7%)
(RDMA_READ_CONSUME_CHECK_CONSUMER) timestamp=3280 ms, used_size=15431680 bytes (37.7%)
(RDMA_READ_CONSUME_CHECK_CONSUMER) timestamp=3280 ms, used_size=15429632 bytes (37.7%)
(RDMA_READ_CONSUME_CHECK_CONSUMER) timestamp=3280 ms, used_size=15427584 bytes (37.7%)
(RDMA_READ_CONSUME_CHECK_CONSUMER) timestamp=3280 ms, used_size=15425536 bytes (37.7%)
(RDMA_READ_CONSUME_CHECK_CONSUMER) timestamp=3280 ms, used_size=15423488 bytes (37.7%)
(RDMA_READ_CONSUME_CHECK_CONSUMER) timestamp=3280 ms, used_size=15421440 bytes (37.6%)
(RDMA_READ_CONSUME_CHECK_CONSUMER) timestamp=3280 ms, used_size=15419392 bytes (37.6%)
(RDMA_READ_CONSUME_CHECK_CONSUMER) timestamp=3280 ms, used_size=15417344 bytes (37.6%)
(RDMA_READ_CONSUME_CHECK_CONSUMER) timestamp=3280 ms, used_size=15415296 bytes (37.6%)
(RDMA_READ_CONSUME_CHECK_CONSUMER) timestamp=3280 ms, used_size=15413248 bytes (37.6%)
(RDMA_READ_CONSUME_CHECK_CONSUMER) timestamp=3280 ms, used_size=15411200 bytes (37.6%)
(RDMA_READ_CONSUME_CHECK_CONSUMER) timestamp=3280 ms, used_size=15409152 bytes (37.6%)
(RDMA_READ_CONSUME_CHECK_CONSUMER) timestamp=3280 ms, used_size=15407104 bytes (37.6%)
(RDMA_READ_CONSUME_CHECK_CONSUMER) timestamp=3280 ms, used_size=15405056 bytes (37.6%)
(RDMA_READ_CONSUME_CHECK_CONSUMER) timestamp=3280 ms, used_size=15403008 bytes (37.6%)
(RDMA_READ_CONSUME_CHECK_CONSUMER) timestamp=3280 ms, used_size=15400960 bytes (37.6%)
(RDMA_READ_CONSUME_CHECK_CONSUMER) timestamp=3280 ms, used_size=15398912 bytes (37.6%)
(RDMA_READ_CONSUME_CHECK_CONSUMER) timestamp=3280 ms, used_size=15396864 bytes (37.6%)
(RDMA_READ_CONSUME_CHECK_CONSUMER) timestamp=3280 ms, used_size=15394816 bytes (37.6%)
(RDMA_READ_CONSUME_CHECK_CONSUMER) timestamp=3280 ms, used_size=15392768 bytes (37.6%)
(RDMA_READ_CONSUME_CHECK_CONSUMER) timestamp=3280 ms, used_size=15390720 bytes (37.6%)
(RDMA_READ_CONSUME_CHECK_CONSUMER) timestamp=3280 ms, used_size=15388672 bytes (37.6%)
(RDMA_READ_CONSUME_CHECK_CONSUMER) timestamp=3280 ms, used_size=15386624 bytes (37.6%)
(RDMA_READ_CONSUME_CHECK_CONSUMER) timestamp=3280 ms, used_size=15384576 bytes (37.6%)
(RDMA_READ_CONSUME_CHECK_CONSUMER) timestamp=3280 ms, used_size=15382528 bytes (37.6%)
(RDMA_READ_CONSUME_CHECK_CONSUMER) timestamp=3280 ms, used_size=15380480 bytes (37.5%)
(RDMA_READ_CONSUME_CHECK_CONSUMER) timestamp=3280 ms, used_size=15378432 bytes (37.5%)
(RDMA_READ_CONSUME_CHECK_CONSUMER) timestamp=3280 ms, used_size=15376384 bytes (37.5%)
(RDMA_READ_CONSUME_CHECK_CONSUMER) timestamp=3280 ms, used_size=15374336 bytes (37.5%)
(RDMA_READ_CONSUME_CHECK_CONSUMER) timestamp=3280 ms, used_size=15372288 bytes (37.5%)
(RDMA_READ_CONSUME_CHECK_CONSUMER) timestamp=3280 ms, used_size=15370240 bytes (37.5%)
(RDMA_READ_CONSUME_CHECK_CONSUMER) timestamp=3280 ms, used_size=15368192 bytes (37.5%)
(RDMA_READ_CONSUME_CHECK_CONSUMER) timestamp=3280 ms, used_size=15366144 bytes (37.5%)
(RDMA_READ_CONSUME_CHECK_CONSUMER) timestamp=3280 ms, used_size=15364096 bytes (37.5%)
(RDMA_READ_CONSUME_CHECK_CONSUMER) timestamp=3281 ms, used_size=15362048 bytes (37.5%)
(RDMA_READ_CONSUME_CHECK_CONSUMER) timestamp=3281 ms, used_size=15360000 bytes (37.5%)
(RDMA_READ_CONSUME_CHECK_CONSUMER) timestamp=3281 ms, used_size=15357952 bytes (37.5%)
(RDMA_READ_CONSUME_CHECK_CONSUMER) timestamp=3281 ms, used_size=15355904 bytes (37.5%)
(RDMA_READ_CONSUME_CHECK_CONSUMER) timestamp=3281 ms, used_size=15353856 bytes (37.5%)
(RDMA_READ_CONSUME_CHECK_CONSUMER) timestamp=3281 ms, used_size=15351808 bytes (37.5%)
(RDMA_READ_CONSUME_CHECK_CONSUMER) timestamp=3281 ms, used_size=15349760 bytes (37.5%)
(RDMA_READ_CONSUME_CHECK_CONSUMER) timestamp=3281 ms, used_size=15347712 bytes (37.5%)
(RDMA_READ_CONSUME_CHECK_CONSUMER) timestamp=3281 ms, used_size=15345664 bytes (37.5%)
(RDMA_READ_CONSUME_CHECK_CONSUMER) timestamp=3281 ms, used_size=15343616 bytes (37.5%)
(RDMA_READ_CONSUME_CHECK_CONSUMER) timestamp=3281 ms, used_size=15341568 bytes (37.5%)
(RDMA_READ_CONSUME_CHECK_CONSUMER) timestamp=3281 ms, used_size=15339520 bytes (37.5%)
(RDMA_READ_CONSUME_CHECK_CONSUMER) timestamp=3281 ms, used_size=15337472 bytes (37.4%)
(RDMA_READ_CONSUME_CHECK_CONSUMER) timestamp=3281 ms, used_size=15335424 bytes (37.4%)
(RDMA_READ_CONSUME_CHECK_CONSUMER) timestamp=3281 ms, used_size=15333376 bytes (37.4%)
(RDMA_READ_CONSUME_CHECK_CONSUMER) timestamp=3281 ms, used_size=15331328 bytes (37.4%)
(RDMA_READ_CONSUME_CHECK_CONSUMER) timestamp=3281 ms, used_size=15329280 bytes (37.4%)
(RDMA_READ_CONSUME_CHECK_CONSUMER) timestamp=3281 ms, used_size=15327232 bytes (37.4%)
(RDMA_READ_CONSUME_CHECK_CONSUMER) timestamp=3281 ms, used_size=15325184 bytes (37.4%)
(RDMA_READ_CONSUME_CHECK_CONSUMER) timestamp=3281 ms, used_size=15323136 bytes (37.4%)
(RDMA_READ_CONSUME_CHECK_CONSUMER) timestamp=3281 ms, used_size=15321088 bytes (37.4%)
(RDMA_READ_CONSUME_CHECK_CONSUMER) timestamp=3281 ms, used_size=15319040 bytes (37.4%)
(RDMA_READ_CONSUME_CHECK_CONSUMER) timestamp=3281 ms, used_size=15316992 bytes (37.4%)
(RDMA_READ_CONSUME_CHECK_CONSUMER) timestamp=3281 ms, used_size=15314944 bytes (37.4%)
(RDMA_READ_CONSUME_CHECK_CONSUMER) timestamp=3281 ms, used_size=15312896 bytes (37.4%)
(RDMA_READ_CONSUME_CHECK_CONSUMER) timestamp=3281 ms, used_size=15310848 bytes (37.4%)
(RDMA_READ_CONSUME_CHECK_CONSUMER) timestamp=3281 ms, used_size=15308800 bytes (37.4%)
(RDMA_READ_CONSUME_CHECK_CONSUMER) timestamp=3281 ms, used_size=15306752 bytes (37.4%)
(RDMA_READ_CONSUME_CHECK_CONSUMER) timestamp=3281 ms, used_size=15304704 bytes (37.4%)
(RDMA_READ_CONSUME_CHECK_CONSUMER) timestamp=3281 ms, used_size=15302656 bytes (37.4%)
(RDMA_READ_CONSUME_CHECK_CONSUMER) timestamp=3281 ms, used_size=15300608 bytes (37.4%)
(RDMA_READ_CONSUME_CHECK_CONSUMER) timestamp=3281 ms, used_size=15298560 bytes (37.4%)
(RDMA_READ_CONSUME_CHECK_CONSUMER) timestamp=3281 ms, used_size=15296512 bytes (37.3%)
(RDMA_READ_CONSUME_CHECK_CONSUMER) timestamp=3281 ms, used_size=15294464 bytes (37.3%)
(RDMA_READ_CONSUME_CHECK_CONSUMER) timestamp=3281 ms, used_size=15292416 bytes (37.3%)
(RDMA_READ_CONSUME_CHECK_CONSUMER) timestamp=3281 ms, used_size=15290368 bytes (37.3%)
(RDMA_READ_CONSUME_CHECK_CONSUMER) timestamp=3281 ms, used_size=15288320 bytes (37.3%)
(RDMA_READ_CONSUME_CHECK_CONSUMER) timestamp=3281 ms, used_size=15286272 bytes (37.3%)
(RDMA_READ_CONSUME_CHECK_CONSUMER) timestamp=3281 ms, used_size=15284224 bytes (37.3%)
(RDMA_READ_CONSUME_CHECK_CONSUMER) timestamp=3281 ms, used_size=15282176 bytes (37.3%)
(RDMA_READ_CONSUME_CHECK_CONSUMER) timestamp=3281 ms, used_size=15280128 bytes (37.3%)
(RDMA_READ_CONSUME_CHECK_CONSUMER) timestamp=3281 ms, used_size=15278080 bytes (37.3%)
(RDMA_READ_CONSUME_CHECK_CONSUMER) timestamp=3281 ms, used_size=15276032 bytes (37.3%)
(RDMA_READ_CONSUME_CHECK_CONSUMER) timestamp=3281 ms, used_size=15273984 bytes (37.3%)
(RDMA_READ_CONSUME_CHECK_CONSUMER) timestamp=3281 ms, used_size=15271936 bytes (37.3%)
(RDMA_READ_CONSUME_CHECK_CONSUMER) timestamp=3281 ms, used_size=15269888 bytes (37.3%)
(RDMA_READ_CONSUME_CHECK_CONSUMER) timestamp=3281 ms, used_size=15267840 bytes (37.3%)
(RDMA_READ_CONSUME_CHECK_CONSUMER) timestamp=3281 ms, used_size=15265792 bytes (37.3%)
(RDMA_READ_CONSUME_CHECK_CONSUMER) timestamp=3281 ms, used_size=15263744 bytes (37.3%)
(RDMA_READ_CONSUME_CHECK_CONSUMER) timestamp=3281 ms, used_size=15261696 bytes (37.3%)
(RDMA_READ_CONSUME_CHECK_CONSUMER) timestamp=3281 ms, used_size=15259648 bytes (37.3%)
(RDMA_READ_CONSUME_CHECK_CONSUMER) timestamp=3281 ms, used_size=15257600 bytes (37.2%)
(RDMA_READ_CONSUME_CHECK_CONSUMER) timestamp=3281 ms, used_size=15255552 bytes (37.2%)
(RDMA_READ_CONSUME_CHECK_CONSUMER) timestamp=3281 ms, used_size=15253504 bytes (37.2%)
(RDMA_READ_CONSUME_CHECK_CONSUMER) timestamp=3281 ms, used_size=15251456 bytes (37.2%)
(RDMA_READ_CONSUME_CHECK_CONSUMER) timestamp=3281 ms, used_size=15249408 bytes (37.2%)
(RDMA_READ_CONSUME_CHECK_CONSUMER) timestamp=3281 ms, used_size=15247360 bytes (37.2%)
(RDMA_READ_CONSUME_CHECK_CONSUMER) timestamp=3281 ms, used_size=15245312 bytes (37.2%)
(RDMA_READ_CONSUME_CHECK_CONSUMER) timestamp=3281 ms, used_size=15243264 bytes (37.2%)
(RDMA_READ_CONSUME_CHECK_CONSUMER) timestamp=3281 ms, used_size=15241216 bytes (37.2%)
(RDMA_READ_CONSUME_CHECK_CONSUMER) timestamp=3281 ms, used_size=15239168 bytes (37.2%)
(RDMA_READ_CONSUME_CHECK_CONSUMER) timestamp=3281 ms, used_size=15237120 bytes (37.2%)
(RDMA_READ_CONSUME_CHECK_CONSUMER) timestamp=3281 ms, used_size=15235072 bytes (37.2%)
(RDMA_READ_CONSUME_CHECK_CONSUMER) timestamp=3281 ms, used_size=15233024 bytes (37.2%)
(RDMA_READ_CONSUME_CHECK_CONSUMER) timestamp=3281 ms, used_size=15230976 bytes (37.2%)
(RDMA_READ_CONSUME_CHECK_CONSUMER) timestamp=3281 ms, used_size=15228928 bytes (37.2%)
(RDMA_READ_CONSUME_CHECK_CONSUMER) timestamp=3281 ms, used_size=15226880 bytes (37.2%)
(RDMA_READ_CONSUME_CHECK_CONSUMER) timestamp=3281 ms, used_size=15224832 bytes (37.2%)
(RDMA_READ_CONSUME_CHECK_CONSUMER) timestamp=3281 ms, used_size=15222784 bytes (37.2%)
(RDMA_READ_CONSUME_CHECK_CONSUMER) timestamp=3281 ms, used_size=15220736 bytes (37.2%)
(RDMA_READ_CONSUME_CHECK_CONSUMER) timestamp=3281 ms, used_size=15218688 bytes (37.2%)
(RDMA_READ_CONSUME_CHECK_CONSUMER) timestamp=3281 ms, used_size=15216640 bytes (37.1%)
(RDMA_READ_CONSUME_CHECK_CONSUMER) timestamp=3281 ms, used_size=15214592 bytes (37.1%)
(RDMA_READ_CONSUME_CHECK_CONSUMER) timestamp=3281 ms, used_size=15212544 bytes (37.1%)
(RDMA_READ_CONSUME_CHECK_CONSUMER) timestamp=3281 ms, used_size=15210496 bytes (37.1%)
(RDMA_READ_CONSUME_CHECK_CONSUMER) timestamp=3281 ms, used_size=15208448 bytes (37.1%)
(RDMA_READ_CONSUME_CHECK_CONSUMER) timestamp=3281 ms, used_size=15206400 bytes (37.1%)
(RDMA_READ_CONSUME_CHECK_CONSUMER) timestamp=3281 ms, used_size=15204352 bytes (37.1%)
(RDMA_READ_CONSUME_CHECK_CONSUMER) timestamp=3281 ms, used_size=15202304 bytes (37.1%)
(RDMA_READ_CONSUME_CHECK_CONSUMER) timestamp=3281 ms, used_size=15200256 bytes (37.1%)
(RDMA_READ_CONSUME_CHECK_CONSUMER) timestamp=3281 ms, used_size=15198208 bytes (37.1%)
(RDMA_READ_CONSUME_CHECK_CONSUMER) timestamp=3281 ms, used_size=15196160 bytes (37.1%)
(RDMA_READ_CONSUME_CHECK_CONSUMER) timestamp=3281 ms, used_size=15194112 bytes (37.1%)
(RDMA_READ_CONSUME_CHECK_CONSUMER) timestamp=3281 ms, used_size=15192064 bytes (37.1%)
(RDMA_READ_CONSUME_CHECK_CONSUMER) timestamp=3281 ms, used_size=15190016 bytes (37.1%)
(RDMA_READ_CONSUME_CHECK_CONSUMER) timestamp=3281 ms, used_size=15187968 bytes (37.1%)
(RDMA_READ_CONSUME_CHECK_CONSUMER) timestamp=3281 ms, used_size=15185920 bytes (37.1%)
(RDMA_READ_CONSUME_CHECK_CONSUMER) timestamp=3281 ms, used_size=15183872 bytes (37.1%)
(RDMA_READ_CONSUME_CHECK_CONSUMER) timestamp=3281 ms, used_size=15181824 bytes (37.1%)
(RDMA_READ_CONSUME_CHECK_CONSUMER) timestamp=3281 ms, used_size=15179776 bytes (37.1%)
(RDMA_READ_CONSUME_CHECK_CONSUMER) timestamp=3281 ms, used_size=15177728 bytes (37.1%)
(RDMA_READ_CONSUME_CHECK_CONSUMER) timestamp=3281 ms, used_size=15175680 bytes (37.0%)
(RDMA_READ_CONSUME_CHECK_CONSUMER) timestamp=3281 ms, used_size=15173632 bytes (37.0%)
(RDMA_READ_CONSUME_CHECK_CONSUMER) timestamp=3281 ms, used_size=15171584 bytes (37.0%)
(RDMA_READ_CONSUME_CHECK_CONSUMER) timestamp=3281 ms, used_size=15169536 bytes (37.0%)
(RDMA_READ_CONSUME_CHECK_CONSUMER) timestamp=3281 ms, used_size=15167488 bytes (37.0%)
(RDMA_READ_CONSUME_CHECK_CONSUMER) timestamp=3281 ms, used_size=15165440 bytes (37.0%)
(RDMA_READ_CONSUME_CHECK_CONSUMER) timestamp=3281 ms, used_size=15163392 bytes (37.0%)
(RDMA_READ_CONSUME_CHECK_CONSUMER) timestamp=3281 ms, used_size=15161344 bytes (37.0%)
(RDMA_READ_CONSUME_CHECK_CONSUMER) timestamp=3281 ms, used_size=15159296 bytes (37.0%)
(RDMA_READ_CONSUME_CHECK_CONSUMER) timestamp=3281 ms, used_size=15157248 bytes (37.0%)
(RDMA_READ_CONSUME_CHECK_CONSUMER) timestamp=3281 ms, used_size=15155200 bytes (37.0%)
(RDMA_READ_CONSUME_CHECK_CONSUMER) timestamp=3281 ms, used_size=15153152 bytes (37.0%)
(RDMA_READ_CONSUME_CHECK_CONSUMER) timestamp=3281 ms, used_size=15151104 bytes (37.0%)
(RDMA_READ_CONSUME_CHECK_CONSUMER) timestamp=3281 ms, used_size=15149056 bytes (37.0%)
(RDMA_READ_CONSUME_CHECK_CONSUMER) timestamp=3281 ms, used_size=15147008 bytes (37.0%)
(RDMA_READ_CONSUME_CHECK_CONSUMER) timestamp=3281 ms, used_size=15144960 bytes (37.0%)
(RDMA_READ_CONSUME_CHECK_CONSUMER) timestamp=3281 ms, used_size=15142912 bytes (37.0%)
(RDMA_READ_CONSUME_CHECK_CONSUMER) timestamp=3281 ms, used_size=15140864 bytes (37.0%)
(RDMA_READ_CONSUME_CHECK_CONSUMER) timestamp=3281 ms, used_size=15138816 bytes (37.0%)
(RDMA_READ_CONSUME_CHECK_CONSUMER) timestamp=3281 ms, used_size=15136768 bytes (37.0%)
(RDMA_READ_CONSUME_CHECK_CONSUMER) timestamp=3281 ms, used_size=15134720 bytes (37.0%)
(RDMA_READ_CONSUME_CHECK_CONSUMER) timestamp=3281 ms, used_size=15132672 bytes (36.9%)
(RDMA_READ_CONSUME_CHECK_CONSUMER) timestamp=3281 ms, used_size=15130624 bytes (36.9%)
(RDMA_READ_CONSUME_CHECK_CONSUMER) timestamp=3281 ms, used_size=15128576 bytes (36.9%)
(RDMA_READ_CONSUME_CHECK_CONSUMER) timestamp=3281 ms, used_size=15126528 bytes (36.9%)
(RDMA_READ_CONSUME_CHECK_CONSUMER) timestamp=3281 ms, used_size=15124480 bytes (36.9%)
(RDMA_READ_CONSUME_CHECK_CONSUMER) timestamp=3281 ms, used_size=15122432 bytes (36.9%)
(RDMA_READ_CONSUME_CHECK_CONSUMER) timestamp=3281 ms, used_size=15120384 bytes (36.9%)
(RDMA_READ_CONSUME_CHECK_CONSUMER) timestamp=3281 ms, used_size=15118336 bytes (36.9%)
(RDMA_READ_CONSUME_CHECK_CONSUMER) timestamp=3281 ms, used_size=15116288 bytes (36.9%)
(RDMA_READ_CONSUME_CHECK_CONSUMER) timestamp=3281 ms, used_size=15114240 bytes (36.9%)
(RDMA_READ_CONSUME_CHECK_CONSUMER) timestamp=3281 ms, used_size=15112192 bytes (36.9%)
(RDMA_READ_CONSUME_CHECK_CONSUMER) timestamp=3281 ms, used_size=15110144 bytes (36.9%)
(RDMA_READ_CONSUME_CHECK_CONSUMER) timestamp=3281 ms, used_size=15108096 bytes (36.9%)
(RDMA_READ_CONSUME_CHECK_CONSUMER) timestamp=3281 ms, used_size=15106048 bytes (36.9%)
(RDMA_READ_CONSUME_CHECK_CONSUMER) timestamp=3281 ms, used_size=15104000 bytes (36.9%)
(RDMA_READ_CONSUME_CHECK_CONSUMER) timestamp=3281 ms, used_size=15101952 bytes (36.9%)
(RDMA_READ_CONSUME_CHECK_CONSUMER) timestamp=3281 ms, used_size=15099904 bytes (36.9%)
(RDMA_READ_CONSUME_CHECK_CONSUMER) timestamp=3281 ms, used_size=15097856 bytes (36.9%)
(RDMA_READ_CONSUME_CHECK_CONSUMER) timestamp=3281 ms, used_size=15095808 bytes (36.9%)
(RDMA_READ_CONSUME_CHECK_CONSUMER) timestamp=3281 ms, used_size=15093760 bytes (36.9%)
(RDMA_READ_CONSUME_CHECK_CONSUMER) timestamp=3281 ms, used_size=15091712 bytes (36.8%)
(RDMA_READ_CONSUME_CHECK_CONSUMER) timestamp=3281 ms, used_size=15089664 bytes (36.8%)
(RDMA_READ_CONSUME_CHECK_CONSUMER) timestamp=3281 ms, used_size=15087616 bytes (36.8%)
(RDMA_READ_CONSUME_CHECK_CONSUMER) timestamp=3281 ms, used_size=15085568 bytes (36.8%)
(RDMA_READ_CONSUME_CHECK_CONSUMER) timestamp=3281 ms, used_size=15083520 bytes (36.8%)
(RDMA_READ_CONSUME_CHECK_CONSUMER) timestamp=3281 ms, used_size=15081472 bytes (36.8%)
(RDMA_READ_CONSUME_CHECK_CONSUMER) timestamp=3281 ms, used_size=15079424 bytes (36.8%)
(RDMA_READ_CONSUME_CHECK_CONSUMER) timestamp=3281 ms, used_size=15077376 bytes (36.8%)
(RDMA_READ_CONSUME_CHECK_CONSUMER) timestamp=3281 ms, used_size=15075328 bytes (36.8%)
(RDMA_READ_CONSUME_CHECK_CONSUMER) timestamp=3281 ms, used_size=15073280 bytes (36.8%)
(RDMA_READ_CONSUME_CHECK_CONSUMER) timestamp=3281 ms, used_size=15071232 bytes (36.8%)
(RDMA_READ_CONSUME_CHECK_CONSUMER) timestamp=3281 ms, used_size=15069184 bytes (36.8%)
(RDMA_READ_CONSUME_CHECK_CONSUMER) timestamp=3281 ms, used_size=15067136 bytes (36.8%)
(RDMA_READ_CONSUME_CHECK_CONSUMER) timestamp=3281 ms, used_size=15065088 bytes (36.8%)
(RDMA_READ_CONSUME_CHECK_CONSUMER) timestamp=3281 ms, used_size=15063040 bytes (36.8%)
(RDMA_READ_CONSUME_CHECK_CONSUMER) timestamp=3281 ms, used_size=15060992 bytes (36.8%)
(RDMA_READ_CONSUME_CHECK_CONSUMER) timestamp=3281 ms, used_size=15058944 bytes (36.8%)
(RDMA_READ_CONSUME_CHECK_CONSUMER) timestamp=3281 ms, used_size=15056896 bytes (36.8%)
(RDMA_READ_CONSUME_CHECK_CONSUMER) timestamp=3281 ms, used_size=15054848 bytes (36.8%)
(RDMA_READ_CONSUME_CHECK_CONSUMER) timestamp=3281 ms, used_size=15052800 bytes (36.8%)
(RDMA_READ_CONSUME_CHECK_CONSUMER) timestamp=3281 ms, used_size=15050752 bytes (36.7%)
(RDMA_READ_CONSUME_CHECK_CONSUMER) timestamp=3281 ms, used_size=15048704 bytes (36.7%)
(RDMA_READ_CONSUME_CHECK_CONSUMER) timestamp=3281 ms, used_size=15046656 bytes (36.7%)
(RDMA_READ_CONSUME_CHECK_CONSUMER) timestamp=3281 ms, used_size=15044608 bytes (36.7%)
(RDMA_READ_CONSUME_CHECK_CONSUMER) timestamp=3281 ms, used_size=15042560 bytes (36.7%)
(RDMA_READ_CONSUME_CHECK_CONSUMER) timestamp=3281 ms, used_size=15040512 bytes (36.7%)
(RDMA_READ_CONSUME_CHECK_CONSUMER) timestamp=3281 ms, used_size=15038464 bytes (36.7%)
(RDMA_READ_CONSUME_CHECK_CONSUMER) timestamp=3281 ms, used_size=15036416 bytes (36.7%)
(RDMA_READ_CONSUME_CHECK_CONSUMER) timestamp=3281 ms, used_size=15034368 bytes (36.7%)
(RDMA_READ_CONSUME_CHECK_CONSUMER) timestamp=3281 ms, used_size=15032320 bytes (36.7%)
(RDMA_READ_CONSUME_CHECK_CONSUMER) timestamp=3281 ms, used_size=15030272 bytes (36.7%)
(RDMA_READ_CONSUME_CHECK_CONSUMER) timestamp=3281 ms, used_size=15028224 bytes (36.7%)
(RDMA_READ_CONSUME_CHECK_CONSUMER) timestamp=3281 ms, used_size=15026176 bytes (36.7%)
(RDMA_READ_CONSUME_CHECK_CONSUMER) timestamp=3281 ms, used_size=15024128 bytes (36.7%)
(RDMA_READ_CONSUME_CHECK_CONSUMER) timestamp=3281 ms, used_size=15022080 bytes (36.7%)
(RDMA_READ_CONSUME_CHECK_CONSUMER) timestamp=3281 ms, used_size=15020032 bytes (36.7%)
(RDMA_READ_CONSUME_CHECK_CONSUMER) timestamp=3281 ms, used_size=15017984 bytes (36.7%)
(RDMA_READ_CONSUME_CHECK_CONSUMER) timestamp=3281 ms, used_size=15015936 bytes (36.7%)
(RDMA_READ_CONSUME_CHECK_CONSUMER) timestamp=3281 ms, used_size=15013888 bytes (36.7%)
(RDMA_READ_CONSUME_CHECK_CONSUMER) timestamp=3281 ms, used_size=15011840 bytes (36.6%)
(RDMA_READ_CONSUME_CHECK_CONSUMER) timestamp=3281 ms, used_size=15009792 bytes (36.6%)
(RDMA_READ_CONSUME_CHECK_CONSUMER) timestamp=3281 ms, used_size=15007744 bytes (36.6%)
(RDMA_READ_CONSUME_CHECK_CONSUMER) timestamp=3281 ms, used_size=15005696 bytes (36.6%)
(RDMA_READ_CONSUME_CHECK_CONSUMER) timestamp=3281 ms, used_size=15003648 bytes (36.6%)
(RDMA_READ_CONSUME_CHECK_CONSUMER) timestamp=3281 ms, used_size=15001600 bytes (36.6%)
(RDMA_READ_CONSUME_CHECK_CONSUMER) timestamp=3281 ms, used_size=14999552 bytes (36.6%)
(RDMA_READ_CONSUME_CHECK_CONSUMER) timestamp=3281 ms, used_size=14997504 bytes (36.6%)
(RDMA_READ_CONSUME_CHECK_CONSUMER) timestamp=3281 ms, used_size=14995456 bytes (36.6%)
(RDMA_READ_CONSUME_CHECK_CONSUMER) timestamp=3282 ms, used_size=14993408 bytes (36.6%)
(RDMA_READ_CONSUME_CHECK_CONSUMER) timestamp=3282 ms, used_size=14991360 bytes (36.6%)
(RDMA_READ_CONSUME_CHECK_CONSUMER) timestamp=3282 ms, used_size=14989312 bytes (36.6%)
(RDMA_READ_CONSUME_CHECK_CONSUMER) timestamp=3282 ms, used_size=14987264 bytes (36.6%)
(RDMA_READ_CONSUME_CHECK_CONSUMER) timestamp=3282 ms, used_size=14985216 bytes (36.6%)
(RDMA_READ_CONSUME_CHECK_CONSUMER) timestamp=3282 ms, used_size=14983168 bytes (36.6%)
(RDMA_READ_CONSUME_CHECK_CONSUMER) timestamp=3282 ms, used_size=14981120 bytes (36.6%)
(RDMA_READ_CONSUME_CHECK_CONSUMER) timestamp=3282 ms, used_size=14979072 bytes (36.6%)
(RDMA_READ_CONSUME_CHECK_CONSUMER) timestamp=3282 ms, used_size=14977024 bytes (36.6%)
(RDMA_READ_CONSUME_CHECK_CONSUMER) timestamp=3282 ms, used_size=14974976 bytes (36.6%)
(RDMA_READ_CONSUME_CHECK_CONSUMER) timestamp=3282 ms, used_size=14972928 bytes (36.6%)
(RDMA_READ_CONSUME_CHECK_CONSUMER) timestamp=3282 ms, used_size=14970880 bytes (36.5%)
(RDMA_READ_CONSUME_CHECK_CONSUMER) timestamp=3282 ms, used_size=14968832 bytes (36.5%)
(RDMA_READ_CONSUME_CHECK_CONSUMER) timestamp=3282 ms, used_size=14966784 bytes (36.5%)
(RDMA_READ_CONSUME_CHECK_CONSUMER) timestamp=3282 ms, used_size=14964736 bytes (36.5%)
(RDMA_READ_CONSUME_CHECK_CONSUMER) timestamp=3282 ms, used_size=14962688 bytes (36.5%)
(RDMA_READ_CONSUME_CHECK_CONSUMER) timestamp=3282 ms, used_size=14960640 bytes (36.5%)
(RDMA_READ_CONSUME_CHECK_CONSUMER) timestamp=3282 ms, used_size=14958592 bytes (36.5%)
(RDMA_READ_CONSUME_CHECK_CONSUMER) timestamp=3282 ms, used_size=14956544 bytes (36.5%)
(RDMA_READ_CONSUME_CHECK_CONSUMER) timestamp=3282 ms, used_size=14954496 bytes (36.5%)
(RDMA_READ_CONSUME_CHECK_CONSUMER) timestamp=3282 ms, used_size=14952448 bytes (36.5%)
(RDMA_READ_CONSUME_CHECK_CONSUMER) timestamp=3282 ms, used_size=14950400 bytes (36.5%)
(RDMA_READ_CONSUME_CHECK_CONSUMER) timestamp=3282 ms, used_size=14948352 bytes (36.5%)
(RDMA_READ_CONSUME_CHECK_CONSUMER) timestamp=3282 ms, used_size=14946304 bytes (36.5%)
(RDMA_READ_CONSUME_CHECK_CONSUMER) timestamp=3282 ms, used_size=14944256 bytes (36.5%)
(RDMA_READ_CONSUME_CHECK_CONSUMER) timestamp=3282 ms, used_size=14942208 bytes (36.5%)
(RDMA_READ_CONSUME_CHECK_CONSUMER) timestamp=3282 ms, used_size=14940160 bytes (36.5%)
(RDMA_READ_CONSUME_CHECK_CONSUMER) timestamp=3282 ms, used_size=14938112 bytes (36.5%)
(RDMA_READ_CONSUME_CHECK_CONSUMER) timestamp=3282 ms, used_size=14936064 bytes (36.5%)
(RDMA_READ_CONSUME_CHECK_CONSUMER) timestamp=3282 ms, used_size=14934016 bytes (36.5%)
(RDMA_READ_CONSUME_CHECK_CONSUMER) timestamp=3282 ms, used_size=14931968 bytes (36.5%)
(RDMA_READ_CONSUME_CHECK_CONSUMER) timestamp=3282 ms, used_size=14929920 bytes (36.5%)
(RDMA_READ_CONSUME_CHECK_CONSUMER) timestamp=3282 ms, used_size=14927872 bytes (36.4%)
(RDMA_READ_CONSUME_CHECK_CONSUMER) timestamp=3282 ms, used_size=14925824 bytes (36.4%)
(RDMA_READ_CONSUME_CHECK_CONSUMER) timestamp=3282 ms, used_size=14923776 bytes (36.4%)
(RDMA_READ_CONSUME_CHECK_CONSUMER) timestamp=3282 ms, used_size=14921728 bytes (36.4%)
(RDMA_READ_CONSUME_CHECK_CONSUMER) timestamp=3282 ms, used_size=14919680 bytes (36.4%)
(RDMA_READ_CONSUME_CHECK_CONSUMER) timestamp=3282 ms, used_size=14917632 bytes (36.4%)
(RDMA_READ_CONSUME_CHECK_CONSUMER) timestamp=3282 ms, used_size=14915584 bytes (36.4%)
(RDMA_READ_CONSUME_CHECK_CONSUMER) timestamp=3282 ms, used_size=14913536 bytes (36.4%)
(RDMA_READ_CONSUME_CHECK_CONSUMER) timestamp=3282 ms, used_size=14911488 bytes (36.4%)
(RDMA_READ_CONSUME_CHECK_CONSUMER) timestamp=3282 ms, used_size=14909440 bytes (36.4%)
(RDMA_READ_CONSUME_CHECK_CONSUMER) timestamp=3282 ms, used_size=14907392 bytes (36.4%)
(RDMA_READ_CONSUME_CHECK_CONSUMER) timestamp=3282 ms, used_size=14905344 bytes (36.4%)
(RDMA_READ_CONSUME_CHECK_CONSUMER) timestamp=3282 ms, used_size=14903296 bytes (36.4%)
(RDMA_READ_CONSUME_CHECK_CONSUMER) timestamp=3282 ms, used_size=14901248 bytes (36.4%)
(RDMA_READ_CONSUME_CHECK_CONSUMER) timestamp=3282 ms, used_size=14899200 bytes (36.4%)
(RDMA_READ_CONSUME_CHECK_CONSUMER) timestamp=3282 ms, used_size=14897152 bytes (36.4%)
(RDMA_READ_CONSUME_CHECK_CONSUMER) timestamp=3282 ms, used_size=14895104 bytes (36.4%)
(RDMA_READ_CONSUME_CHECK_CONSUMER) timestamp=3282 ms, used_size=14893056 bytes (36.4%)
(RDMA_READ_CONSUME_CHECK_CONSUMER) timestamp=3282 ms, used_size=14891008 bytes (36.4%)
(RDMA_READ_CONSUME_CHECK_CONSUMER) timestamp=3282 ms, used_size=14888960 bytes (36.4%)
(RDMA_READ_CONSUME_CHECK_CONSUMER) timestamp=3282 ms, used_size=14886912 bytes (36.3%)
(RDMA_READ_CONSUME_CHECK_CONSUMER) timestamp=3282 ms, used_size=14884864 bytes (36.3%)
(RDMA_READ_CONSUME_CHECK_CONSUMER) timestamp=3282 ms, used_size=14882816 bytes (36.3%)
(RDMA_READ_CONSUME_CHECK_CONSUMER) timestamp=3282 ms, used_size=14880768 bytes (36.3%)
(RDMA_READ_CONSUME_CHECK_CONSUMER) timestamp=3282 ms, used_size=14878720 bytes (36.3%)
(RDMA_READ_CONSUME_CHECK_CONSUMER) timestamp=3282 ms, used_size=14876672 bytes (36.3%)
(RDMA_READ_CONSUME_CHECK_CONSUMER) timestamp=3282 ms, used_size=14874624 bytes (36.3%)
(RDMA_READ_CONSUME_CHECK_CONSUMER) timestamp=3282 ms, used_size=14872576 bytes (36.3%)
(RDMA_READ_CONSUME_CHECK_CONSUMER) timestamp=3282 ms, used_size=14870528 bytes (36.3%)
(RDMA_READ_CONSUME_CHECK_CONSUMER) timestamp=3282 ms, used_size=14868480 bytes (36.3%)
(RDMA_READ_CONSUME_CHECK_CONSUMER) timestamp=3282 ms, used_size=14866432 bytes (36.3%)
(RDMA_READ_CONSUME_CHECK_CONSUMER) timestamp=3282 ms, used_size=14864384 bytes (36.3%)
(RDMA_READ_CONSUME_CHECK_CONSUMER) timestamp=3282 ms, used_size=14862336 bytes (36.3%)
(RDMA_READ_CONSUME_CHECK_CONSUMER) timestamp=3282 ms, used_size=14860288 bytes (36.3%)
(RDMA_READ_CONSUME_CHECK_CONSUMER) timestamp=3282 ms, used_size=14858240 bytes (36.3%)
(RDMA_READ_CONSUME_CHECK_CONSUMER) timestamp=3282 ms, used_size=14856192 bytes (36.3%)
(RDMA_READ_CONSUME_CHECK_CONSUMER) timestamp=3282 ms, used_size=14854144 bytes (36.3%)
(RDMA_READ_CONSUME_CHECK_CONSUMER) timestamp=3282 ms, used_size=14852096 bytes (36.3%)
(RDMA_READ_CONSUME_CHECK_CONSUMER) timestamp=3282 ms, used_size=14850048 bytes (36.3%)
(RDMA_READ_CONSUME_CHECK_CONSUMER) timestamp=3282 ms, used_size=14848000 bytes (36.2%)
(RDMA_READ_CONSUME_CHECK_CONSUMER) timestamp=3282 ms, used_size=14845952 bytes (36.2%)
(RDMA_READ_CONSUME_CHECK_CONSUMER) timestamp=3282 ms, used_size=14843904 bytes (36.2%)
(RDMA_READ_CONSUME_CHECK_CONSUMER) timestamp=3282 ms, used_size=14841856 bytes (36.2%)
(RDMA_READ_CONSUME_CHECK_CONSUMER) timestamp=3282 ms, used_size=14839808 bytes (36.2%)
(RDMA_READ_CONSUME_CHECK_CONSUMER) timestamp=3282 ms, used_size=14837760 bytes (36.2%)
(RDMA_READ_CONSUME_CHECK_CONSUMER) timestamp=3282 ms, used_size=14835712 bytes (36.2%)
(RDMA_READ_CONSUME_CHECK_CONSUMER) timestamp=3282 ms, used_size=14833664 bytes (36.2%)
(RDMA_READ_CONSUME_CHECK_CONSUMER) timestamp=3282 ms, used_size=14831616 bytes (36.2%)
(RDMA_READ_CONSUME_CHECK_CONSUMER) timestamp=3282 ms, used_size=14829568 bytes (36.2%)
(RDMA_READ_CONSUME_CHECK_CONSUMER) timestamp=3282 ms, used_size=14827520 bytes (36.2%)
(RDMA_READ_CONSUME_CHECK_CONSUMER) timestamp=3282 ms, used_size=14825472 bytes (36.2%)
(RDMA_READ_CONSUME_CHECK_CONSUMER) timestamp=3282 ms, used_size=14823424 bytes (36.2%)
(RDMA_READ_CONSUME_CHECK_CONSUMER) timestamp=3282 ms, used_size=14821376 bytes (36.2%)
(RDMA_READ_CONSUME_CHECK_CONSUMER) timestamp=3282 ms, used_size=14819328 bytes (36.2%)
(RDMA_READ_CONSUME_CHECK_CONSUMER) timestamp=3282 ms, used_size=14817280 bytes (36.2%)
(RDMA_READ_CONSUME_CHECK_CONSUMER) timestamp=3282 ms, used_size=14815232 bytes (36.2%)
(RDMA_READ_CONSUME_CHECK_CONSUMER) timestamp=3282 ms, used_size=14813184 bytes (36.2%)
(RDMA_READ_CONSUME_CHECK_CONSUMER) timestamp=3282 ms, used_size=14811136 bytes (36.2%)
(RDMA_READ_CONSUME_CHECK_CONSUMER) timestamp=3282 ms, used_size=14809088 bytes (36.2%)
(RDMA_READ_CONSUME_CHECK_CONSUMER) timestamp=3282 ms, used_size=14807040 bytes (36.1%)
(RDMA_READ_CONSUME_CHECK_CONSUMER) timestamp=3282 ms, used_size=14804992 bytes (36.1%)
(RDMA_READ_CONSUME_CHECK_CONSUMER) timestamp=3282 ms, used_size=14802944 bytes (36.1%)
(RDMA_READ_CONSUME_CHECK_CONSUMER) timestamp=3282 ms, used_size=14800896 bytes (36.1%)
(RDMA_READ_CONSUME_CHECK_CONSUMER) timestamp=3282 ms, used_size=14798848 bytes (36.1%)
(RDMA_READ_CONSUME_CHECK_CONSUMER) timestamp=3282 ms, used_size=14796800 bytes (36.1%)
(RDMA_READ_CONSUME_CHECK_CONSUMER) timestamp=3282 ms, used_size=14794752 bytes (36.1%)
(RDMA_READ_CONSUME_CHECK_CONSUMER) timestamp=3282 ms, used_size=14792704 bytes (36.1%)
(RDMA_READ_CONSUME_CHECK_CONSUMER) timestamp=3282 ms, used_size=14790656 bytes (36.1%)
(RDMA_READ_CONSUME_CHECK_CONSUMER) timestamp=3282 ms, used_size=14788608 bytes (36.1%)
(RDMA_READ_CONSUME_CHECK_CONSUMER) timestamp=3282 ms, used_size=14786560 bytes (36.1%)
(RDMA_READ_CONSUME_CHECK_CONSUMER) timestamp=3282 ms, used_size=14784512 bytes (36.1%)
(RDMA_READ_CONSUME_CHECK_CONSUMER) timestamp=3282 ms, used_size=14782464 bytes (36.1%)
(RDMA_READ_CONSUME_CHECK_CONSUMER) timestamp=3282 ms, used_size=14780416 bytes (36.1%)
(RDMA_READ_CONSUME_CHECK_CONSUMER) timestamp=3282 ms, used_size=14778368 bytes (36.1%)
(RDMA_READ_CONSUME_CHECK_CONSUMER) timestamp=3282 ms, used_size=14776320 bytes (36.1%)
(RDMA_READ_CONSUME_CHECK_CONSUMER) timestamp=3282 ms, used_size=14774272 bytes (36.1%)
(RDMA_READ_CONSUME_CHECK_CONSUMER) timestamp=3282 ms, used_size=14772224 bytes (36.1%)
(RDMA_READ_CONSUME_CHECK_CONSUMER) timestamp=3282 ms, used_size=14770176 bytes (36.1%)
(RDMA_READ_CONSUME_CHECK_CONSUMER) timestamp=3282 ms, used_size=14768128 bytes (36.1%)
(RDMA_READ_CONSUME_CHECK_CONSUMER) timestamp=3282 ms, used_size=14766080 bytes (36.0%)
(RDMA_READ_CONSUME_CHECK_CONSUMER) timestamp=3282 ms, used_size=14764032 bytes (36.0%)
(RDMA_READ_CONSUME_CHECK_CONSUMER) timestamp=3282 ms, used_size=14761984 bytes (36.0%)
(RDMA_READ_CONSUME_CHECK_CONSUMER) timestamp=3282 ms, used_size=14759936 bytes (36.0%)
(RDMA_READ_CONSUME_CHECK_CONSUMER) timestamp=3282 ms, used_size=14757888 bytes (36.0%)
(RDMA_READ_CONSUME_CHECK_CONSUMER) timestamp=3282 ms, used_size=14755840 bytes (36.0%)
(RDMA_READ_CONSUME_CHECK_CONSUMER) timestamp=3282 ms, used_size=14753792 bytes (36.0%)
(RDMA_READ_CONSUME_CHECK_CONSUMER) timestamp=3282 ms, used_size=14751744 bytes (36.0%)
(RDMA_READ_CONSUME_CHECK_CONSUMER) timestamp=3282 ms, used_size=14749696 bytes (36.0%)
(RDMA_READ_CONSUME_CHECK_CONSUMER) timestamp=3282 ms, used_size=14747648 bytes (36.0%)
(RDMA_READ_CONSUME_CHECK_CONSUMER) timestamp=3282 ms, used_size=14745600 bytes (36.0%)
(RDMA_READ_CONSUME_CHECK_CONSUMER) timestamp=3282 ms, used_size=14743552 bytes (36.0%)
(RDMA_READ_CONSUME_CHECK_CONSUMER) timestamp=3282 ms, used_size=14741504 bytes (36.0%)
(RDMA_READ_CONSUME_CHECK_CONSUMER) timestamp=3282 ms, used_size=14739456 bytes (36.0%)
(RDMA_READ_CONSUME_CHECK_CONSUMER) timestamp=3282 ms, used_size=14737408 bytes (36.0%)
(RDMA_READ_CONSUME_CHECK_CONSUMER) timestamp=3282 ms, used_size=14735360 bytes (36.0%)
(RDMA_READ_CONSUME_CHECK_CONSUMER) timestamp=3282 ms, used_size=14733312 bytes (36.0%)
(RDMA_READ_CONSUME_CHECK_CONSUMER) timestamp=3282 ms, used_size=14731264 bytes (36.0%)
(RDMA_READ_CONSUME_CHECK_CONSUMER) timestamp=3282 ms, used_size=14729216 bytes (36.0%)
(RDMA_READ_CONSUME_CHECK_CONSUMER) timestamp=3282 ms, used_size=14727168 bytes (36.0%)
(RDMA_READ_CONSUME_CHECK_CONSUMER) timestamp=3282 ms, used_size=14725120 bytes (36.0%)
(RDMA_READ_CONSUME_CHECK_CONSUMER) timestamp=3282 ms, used_size=14723072 bytes (35.9%)
(RDMA_READ_CONSUME_CHECK_CONSUMER) timestamp=3282 ms, used_size=14721024 bytes (35.9%)
(RDMA_READ_CONSUME_CHECK_CONSUMER) timestamp=3282 ms, used_size=14718976 bytes (35.9%)
(RDMA_READ_CONSUME_CHECK_CONSUMER) timestamp=3282 ms, used_size=14716928 bytes (35.9%)
(RDMA_READ_CONSUME_CHECK_CONSUMER) timestamp=3282 ms, used_size=14714880 bytes (35.9%)
(RDMA_READ_CONSUME_CHECK_CONSUMER) timestamp=3282 ms, used_size=14712832 bytes (35.9%)
(RDMA_READ_CONSUME_CHECK_CONSUMER) timestamp=3282 ms, used_size=14710784 bytes (35.9%)
(RDMA_READ_CONSUME_CHECK_CONSUMER) timestamp=3282 ms, used_size=14708736 bytes (35.9%)
(RDMA_READ_CONSUME_CHECK_CONSUMER) timestamp=3282 ms, used_size=14706688 bytes (35.9%)
(RDMA_READ_CONSUME_CHECK_CONSUMER) timestamp=3282 ms, used_size=14704640 bytes (35.9%)
(RDMA_READ_CONSUME_CHECK_CONSUMER) timestamp=3282 ms, used_size=14702592 bytes (35.9%)
(RDMA_READ_CONSUME_CHECK_CONSUMER) timestamp=3282 ms, used_size=14700544 bytes (35.9%)
(RDMA_READ_CONSUME_CHECK_CONSUMER) timestamp=3282 ms, used_size=14698496 bytes (35.9%)
(RDMA_READ_CONSUME_CHECK_CONSUMER) timestamp=3282 ms, used_size=14696448 bytes (35.9%)
(RDMA_READ_CONSUME_CHECK_CONSUMER) timestamp=3282 ms, used_size=14694400 bytes (35.9%)
(RDMA_READ_CONSUME_CHECK_CONSUMER) timestamp=3282 ms, used_size=14692352 bytes (35.9%)
(RDMA_READ_CONSUME_CHECK_CONSUMER) timestamp=3282 ms, used_size=14690304 bytes (35.9%)
(RDMA_READ_CONSUME_CHECK_CONSUMER) timestamp=3282 ms, used_size=14688256 bytes (35.9%)
(RDMA_READ_CONSUME_CHECK_CONSUMER) timestamp=3282 ms, used_size=14686208 bytes (35.9%)
(RDMA_READ_CONSUME_CHECK_CONSUMER) timestamp=3282 ms, used_size=14684160 bytes (35.9%)
(RDMA_READ_CONSUME_CHECK_CONSUMER) timestamp=3282 ms, used_size=14682112 bytes (35.8%)
(RDMA_READ_CONSUME_CHECK_CONSUMER) timestamp=3282 ms, used_size=14680064 bytes (35.8%)
(RDMA_READ_CONSUME_CHECK_CONSUMER) timestamp=3282 ms, used_size=14678016 bytes (35.8%)
(RDMA_READ_CONSUME_CHECK_CONSUMER) timestamp=3282 ms, used_size=14675968 bytes (35.8%)
(RDMA_READ_CONSUME_CHECK_CONSUMER) timestamp=3282 ms, used_size=14673920 bytes (35.8%)
(RDMA_READ_CONSUME_CHECK_CONSUMER) timestamp=3282 ms, used_size=14671872 bytes (35.8%)
(RDMA_READ_CONSUME_CHECK_CONSUMER) timestamp=3282 ms, used_size=14669824 bytes (35.8%)
(RDMA_READ_CONSUME_CHECK_CONSUMER) timestamp=3282 ms, used_size=14667776 bytes (35.8%)
(RDMA_READ_CONSUME_CHECK_CONSUMER) timestamp=3282 ms, used_size=14665728 bytes (35.8%)
(RDMA_READ_CONSUME_CHECK_CONSUMER) timestamp=3282 ms, used_size=14663680 bytes (35.8%)
(RDMA_READ_CONSUME_CHECK_CONSUMER) timestamp=3282 ms, used_size=14661632 bytes (35.8%)
(RDMA_READ_CONSUME_CHECK_CONSUMER) timestamp=3282 ms, used_size=14659584 bytes (35.8%)
(RDMA_READ_CONSUME_CHECK_CONSUMER) timestamp=3282 ms, used_size=14657536 bytes (35.8%)
(RDMA_READ_CONSUME_CHECK_CONSUMER) timestamp=3282 ms, used_size=14655488 bytes (35.8%)
(RDMA_READ_CONSUME_CHECK_CONSUMER) timestamp=3282 ms, used_size=14653440 bytes (35.8%)
(RDMA_READ_CONSUME_CHECK_CONSUMER) timestamp=3282 ms, used_size=14651392 bytes (35.8%)
(RDMA_READ_CONSUME_CHECK_CONSUMER) timestamp=3282 ms, used_size=14649344 bytes (35.8%)
(RDMA_READ_CONSUME_CHECK_CONSUMER) timestamp=3282 ms, used_size=14647296 bytes (35.8%)
(RDMA_READ_CONSUME_CHECK_CONSUMER) timestamp=3282 ms, used_size=14645248 bytes (35.8%)
(RDMA_READ_CONSUME_CHECK_CONSUMER) timestamp=3282 ms, used_size=14643200 bytes (35.8%)
(RDMA_READ_CONSUME_CHECK_CONSUMER) timestamp=3282 ms, used_size=14641152 bytes (35.7%)
(RDMA_READ_CONSUME_CHECK_CONSUMER) timestamp=3282 ms, used_size=14639104 bytes (35.7%)
(RDMA_READ_CONSUME_CHECK_CONSUMER) timestamp=3282 ms, used_size=14637056 bytes (35.7%)
(RDMA_READ_CONSUME_CHECK_CONSUMER) timestamp=3282 ms, used_size=14635008 bytes (35.7%)
(RDMA_READ_CONSUME_CHECK_CONSUMER) timestamp=3282 ms, used_size=14632960 bytes (35.7%)
(RDMA_READ_CONSUME_CHECK_CONSUMER) timestamp=3282 ms, used_size=14630912 bytes (35.7%)
(RDMA_READ_CONSUME_CHECK_CONSUMER) timestamp=3282 ms, used_size=14628864 bytes (35.7%)
(RDMA_READ_CONSUME_CHECK_CONSUMER) timestamp=3283 ms, used_size=14626816 bytes (35.7%)
(RDMA_READ_CONSUME_CHECK_CONSUMER) timestamp=3283 ms, used_size=14624768 bytes (35.7%)
(RDMA_READ_CONSUME_CHECK_CONSUMER) timestamp=3283 ms, used_size=14622720 bytes (35.7%)
(RDMA_READ_CONSUME_CHECK_CONSUMER) timestamp=3283 ms, used_size=14620672 bytes (35.7%)
(RDMA_READ_CONSUME_CHECK_CONSUMER) timestamp=3283 ms, used_size=14618624 bytes (35.7%)
(RDMA_READ_CONSUME_CHECK_CONSUMER) timestamp=3283 ms, used_size=14616576 bytes (35.7%)
(RDMA_READ_CONSUME_CHECK_CONSUMER) timestamp=3283 ms, used_size=14614528 bytes (35.7%)
(RDMA_READ_CONSUME_CHECK_CONSUMER) timestamp=3283 ms, used_size=14612480 bytes (35.7%)
(RDMA_READ_CONSUME_CHECK_CONSUMER) timestamp=3283 ms, used_size=14610432 bytes (35.7%)
(RDMA_READ_CONSUME_CHECK_CONSUMER) timestamp=3283 ms, used_size=14608384 bytes (35.7%)
(RDMA_READ_CONSUME_CHECK_CONSUMER) timestamp=3283 ms, used_size=14606336 bytes (35.7%)
(RDMA_READ_CONSUME_CHECK_CONSUMER) timestamp=3283 ms, used_size=14604288 bytes (35.7%)
(RDMA_READ_CONSUME_CHECK_CONSUMER) timestamp=3283 ms, used_size=14602240 bytes (35.6%)
(RDMA_READ_CONSUME_CHECK_CONSUMER) timestamp=3283 ms, used_size=14600192 bytes (35.6%)
(RDMA_READ_CONSUME_CHECK_CONSUMER) timestamp=3283 ms, used_size=14598144 bytes (35.6%)
(RDMA_READ_CONSUME_CHECK_CONSUMER) timestamp=3283 ms, used_size=14596096 bytes (35.6%)
(RDMA_READ_CONSUME_CHECK_CONSUMER) timestamp=3283 ms, used_size=14594048 bytes (35.6%)
(RDMA_READ_CONSUME_CHECK_CONSUMER) timestamp=3283 ms, used_size=14592000 bytes (35.6%)
(RDMA_READ_CONSUME_CHECK_CONSUMER) timestamp=3283 ms, used_size=14589952 bytes (35.6%)
(RDMA_READ_CONSUME_CHECK_CONSUMER) timestamp=3283 ms, used_size=14587904 bytes (35.6%)
(RDMA_READ_CONSUME_CHECK_CONSUMER) timestamp=3283 ms, used_size=14585856 bytes (35.6%)
(RDMA_READ_CONSUME_CHECK_CONSUMER) timestamp=3283 ms, used_size=14583808 bytes (35.6%)
(RDMA_READ_CONSUME_CHECK_CONSUMER) timestamp=3283 ms, used_size=14581760 bytes (35.6%)
(RDMA_READ_CONSUME_CHECK_CONSUMER) timestamp=3283 ms, used_size=14579712 bytes (35.6%)
(RDMA_READ_CONSUME_CHECK_CONSUMER) timestamp=3283 ms, used_size=14577664 bytes (35.6%)
(RDMA_READ_CONSUME_CHECK_CONSUMER) timestamp=3283 ms, used_size=14575616 bytes (35.6%)
(RDMA_READ_CONSUME_CHECK_CONSUMER) timestamp=3283 ms, used_size=14573568 bytes (35.6%)
(RDMA_READ_CONSUME_CHECK_CONSUMER) timestamp=3283 ms, used_size=14571520 bytes (35.6%)
(RDMA_READ_CONSUME_CHECK_CONSUMER) timestamp=3283 ms, used_size=14569472 bytes (35.6%)
(RDMA_READ_CONSUME_CHECK_CONSUMER) timestamp=3283 ms, used_size=14567424 bytes (35.6%)
(RDMA_READ_CONSUME_CHECK_CONSUMER) timestamp=3283 ms, used_size=14565376 bytes (35.6%)
(RDMA_READ_CONSUME_CHECK_CONSUMER) timestamp=3283 ms, used_size=14563328 bytes (35.6%)
(RDMA_READ_CONSUME_CHECK_CONSUMER) timestamp=3283 ms, used_size=14561280 bytes (35.5%)
(RDMA_READ_CONSUME_CHECK_CONSUMER) timestamp=3283 ms, used_size=14559232 bytes (35.5%)
(RDMA_READ_CONSUME_CHECK_CONSUMER) timestamp=3283 ms, used_size=14557184 bytes (35.5%)
(RDMA_READ_CONSUME_CHECK_CONSUMER) timestamp=3283 ms, used_size=14555136 bytes (35.5%)
(RDMA_READ_CONSUME_CHECK_CONSUMER) timestamp=3283 ms, used_size=14553088 bytes (35.5%)
(RDMA_READ_CONSUME_CHECK_CONSUMER) timestamp=3283 ms, used_size=14551040 bytes (35.5%)
(RDMA_READ_CONSUME_CHECK_CONSUMER) timestamp=3283 ms, used_size=14548992 bytes (35.5%)
(RDMA_READ_CONSUME_CHECK_CONSUMER) timestamp=3283 ms, used_size=14546944 bytes (35.5%)
(RDMA_READ_CONSUME_CHECK_CONSUMER) timestamp=3283 ms, used_size=14544896 bytes (35.5%)
(RDMA_READ_CONSUME_CHECK_CONSUMER) timestamp=3283 ms, used_size=14542848 bytes (35.5%)
(RDMA_READ_CONSUME_CHECK_CONSUMER) timestamp=3283 ms, used_size=14540800 bytes (35.5%)
(RDMA_READ_CONSUME_CHECK_CONSUMER) timestamp=3283 ms, used_size=14538752 bytes (35.5%)
(RDMA_READ_CONSUME_CHECK_CONSUMER) timestamp=3283 ms, used_size=14536704 bytes (35.5%)
(RDMA_READ_CONSUME_CHECK_CONSUMER) timestamp=3283 ms, used_size=14534656 bytes (35.5%)
(RDMA_READ_CONSUME_CHECK_CONSUMER) timestamp=3283 ms, used_size=14532608 bytes (35.5%)
(RDMA_READ_CONSUME_CHECK_CONSUMER) timestamp=3283 ms, used_size=14530560 bytes (35.5%)
(RDMA_READ_CONSUME_CHECK_CONSUMER) timestamp=3283 ms, used_size=14528512 bytes (35.5%)
(RDMA_READ_CONSUME_CHECK_CONSUMER) timestamp=3283 ms, used_size=14526464 bytes (35.5%)
(RDMA_READ_CONSUME_CHECK_CONSUMER) timestamp=3283 ms, used_size=14524416 bytes (35.5%)
(RDMA_READ_CONSUME_CHECK_CONSUMER) timestamp=3283 ms, used_size=14522368 bytes (35.5%)
(RDMA_READ_CONSUME_CHECK_CONSUMER) timestamp=3283 ms, used_size=14520320 bytes (35.5%)
(RDMA_READ_CONSUME_CHECK_CONSUMER) timestamp=3283 ms, used_size=14518272 bytes (35.4%)
(RDMA_READ_CONSUME_CHECK_CONSUMER) timestamp=3283 ms, used_size=14516224 bytes (35.4%)
(RDMA_READ_CONSUME_CHECK_CONSUMER) timestamp=3283 ms, used_size=14514176 bytes (35.4%)
(RDMA_READ_CONSUME_CHECK_CONSUMER) timestamp=3283 ms, used_size=14512128 bytes (35.4%)
(RDMA_READ_CONSUME_CHECK_CONSUMER) timestamp=3283 ms, used_size=14510080 bytes (35.4%)
(RDMA_READ_CONSUME_CHECK_CONSUMER) timestamp=3283 ms, used_size=14508032 bytes (35.4%)
(RDMA_READ_CONSUME_CHECK_CONSUMER) timestamp=3283 ms, used_size=14505984 bytes (35.4%)
(RDMA_READ_CONSUME_CHECK_CONSUMER) timestamp=3283 ms, used_size=14503936 bytes (35.4%)
(RDMA_READ_CONSUME_CHECK_CONSUMER) timestamp=3283 ms, used_size=14501888 bytes (35.4%)
(RDMA_READ_CONSUME_CHECK_CONSUMER) timestamp=3283 ms, used_size=14499840 bytes (35.4%)
(RDMA_READ_CONSUME_CHECK_CONSUMER) timestamp=3283 ms, used_size=14497792 bytes (35.4%)
(RDMA_READ_CONSUME_CHECK_CONSUMER) timestamp=3283 ms, used_size=14495744 bytes (35.4%)
(RDMA_READ_CONSUME_CHECK_CONSUMER) timestamp=3283 ms, used_size=14493696 bytes (35.4%)
(RDMA_READ_CONSUME_CHECK_CONSUMER) timestamp=3283 ms, used_size=14491648 bytes (35.4%)
(RDMA_READ_CONSUME_CHECK_CONSUMER) timestamp=3283 ms, used_size=14489600 bytes (35.4%)
(RDMA_READ_CONSUME_CHECK_CONSUMER) timestamp=3283 ms, used_size=14487552 bytes (35.4%)
(RDMA_READ_CONSUME_CHECK_CONSUMER) timestamp=3283 ms, used_size=14485504 bytes (35.4%)
(RDMA_READ_CONSUME_CHECK_CONSUMER) timestamp=3283 ms, used_size=14483456 bytes (35.4%)
(RDMA_READ_CONSUME_CHECK_CONSUMER) timestamp=3283 ms, used_size=14481408 bytes (35.4%)
(RDMA_READ_CONSUME_CHECK_CONSUMER) timestamp=3283 ms, used_size=14479360 bytes (35.4%)
(RDMA_READ_CONSUME_CHECK_CONSUMER) timestamp=3283 ms, used_size=14477312 bytes (35.3%)
(RDMA_READ_CONSUME_CHECK_CONSUMER) timestamp=3283 ms, used_size=14475264 bytes (35.3%)
(RDMA_READ_CONSUME_CHECK_CONSUMER) timestamp=3283 ms, used_size=14473216 bytes (35.3%)
(RDMA_READ_CONSUME_CHECK_CONSUMER) timestamp=3283 ms, used_size=14471168 bytes (35.3%)
(RDMA_READ_CONSUME_CHECK_CONSUMER) timestamp=3283 ms, used_size=14469120 bytes (35.3%)
(RDMA_READ_CONSUME_CHECK_CONSUMER) timestamp=3283 ms, used_size=14467072 bytes (35.3%)
(RDMA_READ_CONSUME_CHECK_CONSUMER) timestamp=3283 ms, used_size=14465024 bytes (35.3%)
(RDMA_READ_CONSUME_CHECK_CONSUMER) timestamp=3283 ms, used_size=14462976 bytes (35.3%)
(RDMA_READ_CONSUME_CHECK_CONSUMER) timestamp=3283 ms, used_size=14460928 bytes (35.3%)
(RDMA_READ_CONSUME_CHECK_CONSUMER) timestamp=3283 ms, used_size=14458880 bytes (35.3%)
(RDMA_READ_CONSUME_CHECK_CONSUMER) timestamp=3283 ms, used_size=14456832 bytes (35.3%)
(RDMA_READ_CONSUME_CHECK_CONSUMER) timestamp=3283 ms, used_size=14454784 bytes (35.3%)
(RDMA_READ_CONSUME_CHECK_CONSUMER) timestamp=3283 ms, used_size=14452736 bytes (35.3%)
(RDMA_READ_CONSUME_CHECK_CONSUMER) timestamp=3283 ms, used_size=14450688 bytes (35.3%)
(RDMA_READ_CONSUME_CHECK_CONSUMER) timestamp=3283 ms, used_size=14448640 bytes (35.3%)
(RDMA_READ_CONSUME_CHECK_CONSUMER) timestamp=3283 ms, used_size=14446592 bytes (35.3%)
(RDMA_READ_CONSUME_CHECK_CONSUMER) timestamp=3283 ms, used_size=14444544 bytes (35.3%)
(RDMA_READ_CONSUME_CHECK_CONSUMER) timestamp=3283 ms, used_size=14442496 bytes (35.3%)
(RDMA_READ_CONSUME_CHECK_CONSUMER) timestamp=3283 ms, used_size=14440448 bytes (35.3%)
(RDMA_READ_CONSUME_CHECK_CONSUMER) timestamp=3283 ms, used_size=14438400 bytes (35.2%)
(RDMA_READ_CONSUME_CHECK_CONSUMER) timestamp=3283 ms, used_size=14436352 bytes (35.2%)
(RDMA_READ_CONSUME_CHECK_CONSUMER) timestamp=3283 ms, used_size=14434304 bytes (35.2%)
(RDMA_READ_CONSUME_CHECK_CONSUMER) timestamp=3283 ms, used_size=14432256 bytes (35.2%)
(RDMA_READ_CONSUME_CHECK_CONSUMER) timestamp=3283 ms, used_size=14430208 bytes (35.2%)
(RDMA_READ_CONSUME_CHECK_CONSUMER) timestamp=3283 ms, used_size=14428160 bytes (35.2%)
(RDMA_READ_CONSUME_CHECK_CONSUMER) timestamp=3283 ms, used_size=14426112 bytes (35.2%)
(RDMA_READ_CONSUME_CHECK_CONSUMER) timestamp=3283 ms, used_size=14424064 bytes (35.2%)
(RDMA_READ_CONSUME_CHECK_CONSUMER) timestamp=3283 ms, used_size=14422016 bytes (35.2%)
(RDMA_READ_CONSUME_CHECK_CONSUMER) timestamp=3283 ms, used_size=14419968 bytes (35.2%)
(RDMA_READ_CONSUME_CHECK_CONSUMER) timestamp=3283 ms, used_size=14417920 bytes (35.2%)
(RDMA_READ_CONSUME_CHECK_CONSUMER) timestamp=3283 ms, used_size=14415872 bytes (35.2%)
(RDMA_READ_CONSUME_CHECK_CONSUMER) timestamp=3283 ms, used_size=14413824 bytes (35.2%)
(RDMA_READ_CONSUME_CHECK_CONSUMER) timestamp=3283 ms, used_size=14411776 bytes (35.2%)
(RDMA_READ_CONSUME_CHECK_CONSUMER) timestamp=3283 ms, used_size=14409728 bytes (35.2%)
(RDMA_READ_CONSUME_CHECK_CONSUMER) timestamp=3283 ms, used_size=14407680 bytes (35.2%)
(RDMA_READ_CONSUME_CHECK_CONSUMER) timestamp=3283 ms, used_size=14405632 bytes (35.2%)
(RDMA_READ_CONSUME_CHECK_CONSUMER) timestamp=3283 ms, used_size=14403584 bytes (35.2%)
(RDMA_READ_CONSUME_CHECK_CONSUMER) timestamp=3283 ms, used_size=14401536 bytes (35.2%)
(RDMA_READ_CONSUME_CHECK_CONSUMER) timestamp=3283 ms, used_size=14399488 bytes (35.2%)
(RDMA_READ_CONSUME_CHECK_CONSUMER) timestamp=3283 ms, used_size=14397440 bytes (35.1%)
(RDMA_READ_CONSUME_CHECK_CONSUMER) timestamp=3283 ms, used_size=14395392 bytes (35.1%)
(RDMA_READ_CONSUME_CHECK_CONSUMER) timestamp=3283 ms, used_size=14393344 bytes (35.1%)
(RDMA_READ_CONSUME_CHECK_CONSUMER) timestamp=3283 ms, used_size=14391296 bytes (35.1%)
(RDMA_READ_CONSUME_CHECK_CONSUMER) timestamp=3283 ms, used_size=14389248 bytes (35.1%)
(RDMA_READ_CONSUME_CHECK_CONSUMER) timestamp=3283 ms, used_size=14387200 bytes (35.1%)
(RDMA_READ_CONSUME_CHECK_CONSUMER) timestamp=3283 ms, used_size=14385152 bytes (35.1%)
(RDMA_READ_CONSUME_CHECK_CONSUMER) timestamp=3283 ms, used_size=14383104 bytes (35.1%)
(RDMA_READ_CONSUME_CHECK_CONSUMER) timestamp=3283 ms, used_size=14381056 bytes (35.1%)
(RDMA_READ_CONSUME_CHECK_CONSUMER) timestamp=3283 ms, used_size=14379008 bytes (35.1%)
(RDMA_READ_CONSUME_CHECK_CONSUMER) timestamp=3283 ms, used_size=14376960 bytes (35.1%)
(RDMA_READ_CONSUME_CHECK_CONSUMER) timestamp=3283 ms, used_size=14374912 bytes (35.1%)
(RDMA_READ_CONSUME_CHECK_CONSUMER) timestamp=3283 ms, used_size=14372864 bytes (35.1%)
(RDMA_READ_CONSUME_CHECK_CONSUMER) timestamp=3283 ms, used_size=14370816 bytes (35.1%)
(RDMA_READ_CONSUME_CHECK_CONSUMER) timestamp=3283 ms, used_size=14368768 bytes (35.1%)
(RDMA_READ_CONSUME_CHECK_CONSUMER) timestamp=3283 ms, used_size=14366720 bytes (35.1%)
(RDMA_READ_CONSUME_CHECK_CONSUMER) timestamp=3283 ms, used_size=14364672 bytes (35.1%)
(RDMA_READ_CONSUME_CHECK_CONSUMER) timestamp=3283 ms, used_size=14362624 bytes (35.1%)
(RDMA_READ_CONSUME_CHECK_CONSUMER) timestamp=3283 ms, used_size=14360576 bytes (35.1%)
(RDMA_READ_CONSUME_CHECK_CONSUMER) timestamp=3283 ms, used_size=14358528 bytes (35.1%)
(RDMA_READ_CONSUME_CHECK_CONSUMER) timestamp=3283 ms, used_size=14356480 bytes (35.0%)
(RDMA_READ_CONSUME_CHECK_CONSUMER) timestamp=3283 ms, used_size=14354432 bytes (35.0%)
(RDMA_READ_CONSUME_CHECK_CONSUMER) timestamp=3283 ms, used_size=14352384 bytes (35.0%)
(RDMA_READ_CONSUME_CHECK_CONSUMER) timestamp=3283 ms, used_size=14350336 bytes (35.0%)
(RDMA_READ_CONSUME_CHECK_CONSUMER) timestamp=3283 ms, used_size=14348288 bytes (35.0%)
(RDMA_READ_CONSUME_CHECK_CONSUMER) timestamp=3283 ms, used_size=14346240 bytes (35.0%)
(RDMA_READ_CONSUME_CHECK_CONSUMER) timestamp=3283 ms, used_size=14344192 bytes (35.0%)
(RDMA_READ_CONSUME_CHECK_CONSUMER) timestamp=3283 ms, used_size=14342144 bytes (35.0%)
(RDMA_READ_CONSUME_CHECK_CONSUMER) timestamp=3283 ms, used_size=14340096 bytes (35.0%)
(RDMA_READ_CONSUME_CHECK_CONSUMER) timestamp=3283 ms, used_size=14338048 bytes (35.0%)
(RDMA_READ_CONSUME_CHECK_CONSUMER) timestamp=3283 ms, used_size=14336000 bytes (35.0%)
(RDMA_READ_CONSUME_CHECK_CONSUMER) timestamp=3283 ms, used_size=14333952 bytes (35.0%)
(RDMA_READ_CONSUME_CHECK_CONSUMER) timestamp=3283 ms, used_size=14331904 bytes (35.0%)
(RDMA_READ_CONSUME_CHECK_CONSUMER) timestamp=3283 ms, used_size=14329856 bytes (35.0%)
(RDMA_READ_CONSUME_CHECK_CONSUMER) timestamp=3283 ms, used_size=14327808 bytes (35.0%)
(RDMA_READ_CONSUME_CHECK_CONSUMER) timestamp=3283 ms, used_size=14325760 bytes (35.0%)
(RDMA_READ_CONSUME_CHECK_CONSUMER) timestamp=3283 ms, used_size=14323712 bytes (35.0%)
(RDMA_READ_CONSUME_CHECK_CONSUMER) timestamp=3283 ms, used_size=14321664 bytes (35.0%)
(RDMA_READ_CONSUME_CHECK_CONSUMER) timestamp=3283 ms, used_size=14319616 bytes (35.0%)
(RDMA_READ_CONSUME_CHECK_CONSUMER) timestamp=3283 ms, used_size=14317568 bytes (35.0%)
(RDMA_READ_CONSUME_CHECK_CONSUMER) timestamp=3283 ms, used_size=14315520 bytes (35.0%)
(RDMA_READ_CONSUME_CHECK_CONSUMER) timestamp=3283 ms, used_size=14313472 bytes (34.9%)
(RDMA_READ_CONSUME_CHECK_CONSUMER) timestamp=3283 ms, used_size=14311424 bytes (34.9%)
(RDMA_READ_CONSUME_CHECK_CONSUMER) timestamp=3283 ms, used_size=14309376 bytes (34.9%)
(RDMA_READ_CONSUME_CHECK_CONSUMER) timestamp=3283 ms, used_size=14307328 bytes (34.9%)
(RDMA_READ_CONSUME_CHECK_CONSUMER) timestamp=3283 ms, used_size=14305280 bytes (34.9%)
(RDMA_READ_CONSUME_CHECK_CONSUMER) timestamp=3283 ms, used_size=14303232 bytes (34.9%)
(RDMA_READ_CONSUME_CHECK_CONSUMER) timestamp=3283 ms, used_size=14301184 bytes (34.9%)
(RDMA_READ_CONSUME_CHECK_CONSUMER) timestamp=3283 ms, used_size=14299136 bytes (34.9%)
(RDMA_READ_CONSUME_CHECK_CONSUMER) timestamp=3283 ms, used_size=14297088 bytes (34.9%)
(RDMA_READ_CONSUME_CHECK_CONSUMER) timestamp=3283 ms, used_size=14295040 bytes (34.9%)
(RDMA_READ_CONSUME_CHECK_CONSUMER) timestamp=3283 ms, used_size=14292992 bytes (34.9%)
(RDMA_READ_CONSUME_CHECK_CONSUMER) timestamp=3283 ms, used_size=14290944 bytes (34.9%)
(RDMA_READ_CONSUME_CHECK_CONSUMER) timestamp=3283 ms, used_size=14288896 bytes (34.9%)
(RDMA_READ_CONSUME_CHECK_CONSUMER) timestamp=3283 ms, used_size=14286848 bytes (34.9%)
(RDMA_READ_CONSUME_CHECK_CONSUMER) timestamp=3283 ms, used_size=14284800 bytes (34.9%)
(RDMA_READ_CONSUME_CHECK_CONSUMER) timestamp=3283 ms, used_size=14282752 bytes (34.9%)
(RDMA_READ_CONSUME_CHECK_CONSUMER) timestamp=3283 ms, used_size=14280704 bytes (34.9%)
(RDMA_READ_CONSUME_CHECK_CONSUMER) timestamp=3283 ms, used_size=14278656 bytes (34.9%)
(RDMA_READ_CONSUME_CHECK_CONSUMER) timestamp=3283 ms, used_size=14276608 bytes (34.9%)
(RDMA_READ_CONSUME_CHECK_CONSUMER) timestamp=3283 ms, used_size=14274560 bytes (34.9%)
(RDMA_READ_CONSUME_CHECK_CONSUMER) timestamp=3283 ms, used_size=14272512 bytes (34.8%)
(RDMA_READ_CONSUME_CHECK_CONSUMER) timestamp=3283 ms, used_size=14270464 bytes (34.8%)
(RDMA_READ_CONSUME_CHECK_CONSUMER) timestamp=3283 ms, used_size=14268416 bytes (34.8%)
(RDMA_READ_CONSUME_CHECK_CONSUMER) timestamp=3283 ms, used_size=14266368 bytes (34.8%)
(RDMA_READ_CONSUME_CHECK_CONSUMER) timestamp=3284 ms, used_size=14264320 bytes (34.8%)
(RDMA_READ_CONSUME_CHECK_CONSUMER) timestamp=3284 ms, used_size=14262272 bytes (34.8%)
(RDMA_READ_CONSUME_CHECK_CONSUMER) timestamp=3284 ms, used_size=14260224 bytes (34.8%)
(RDMA_READ_CONSUME_CHECK_CONSUMER) timestamp=3284 ms, used_size=14258176 bytes (34.8%)
(RDMA_READ_CONSUME_CHECK_CONSUMER) timestamp=3284 ms, used_size=14256128 bytes (34.8%)
(RDMA_READ_CONSUME_CHECK_CONSUMER) timestamp=3284 ms, used_size=14254080 bytes (34.8%)
(RDMA_READ_CONSUME_CHECK_CONSUMER) timestamp=3284 ms, used_size=14252032 bytes (34.8%)
(RDMA_READ_CONSUME_CHECK_CONSUMER) timestamp=3284 ms, used_size=14249984 bytes (34.8%)
(RDMA_READ_CONSUME_CHECK_CONSUMER) timestamp=3284 ms, used_size=14247936 bytes (34.8%)
(RDMA_READ_CONSUME_CHECK_CONSUMER) timestamp=3284 ms, used_size=14245888 bytes (34.8%)
(RDMA_READ_CONSUME_CHECK_CONSUMER) timestamp=3284 ms, used_size=14243840 bytes (34.8%)
(RDMA_READ_CONSUME_CHECK_CONSUMER) timestamp=3284 ms, used_size=14241792 bytes (34.8%)
(RDMA_READ_CONSUME_CHECK_CONSUMER) timestamp=3284 ms, used_size=14239744 bytes (34.8%)
(RDMA_READ_CONSUME_CHECK_CONSUMER) timestamp=3284 ms, used_size=14237696 bytes (34.8%)
(RDMA_READ_CONSUME_CHECK_CONSUMER) timestamp=3284 ms, used_size=14235648 bytes (34.8%)
(RDMA_READ_CONSUME_CHECK_CONSUMER) timestamp=3284 ms, used_size=14233600 bytes (34.8%)
(RDMA_READ_CONSUME_CHECK_CONSUMER) timestamp=3284 ms, used_size=14231552 bytes (34.7%)
(RDMA_READ_CONSUME_CHECK_CONSUMER) timestamp=3284 ms, used_size=14229504 bytes (34.7%)
(RDMA_READ_CONSUME_CHECK_CONSUMER) timestamp=3284 ms, used_size=14227456 bytes (34.7%)
(RDMA_READ_CONSUME_CHECK_CONSUMER) timestamp=3284 ms, used_size=14225408 bytes (34.7%)
(RDMA_READ_CONSUME_CHECK_CONSUMER) timestamp=3284 ms, used_size=14223360 bytes (34.7%)
(RDMA_READ_CONSUME_CHECK_CONSUMER) timestamp=3284 ms, used_size=14221312 bytes (34.7%)
(RDMA_READ_CONSUME_CHECK_CONSUMER) timestamp=3284 ms, used_size=14219264 bytes (34.7%)
(RDMA_READ_CONSUME_CHECK_CONSUMER) timestamp=3284 ms, used_size=14217216 bytes (34.7%)
(RDMA_READ_CONSUME_CHECK_CONSUMER) timestamp=3284 ms, used_size=14215168 bytes (34.7%)
(RDMA_READ_CONSUME_CHECK_CONSUMER) timestamp=3284 ms, used_size=14213120 bytes (34.7%)
(RDMA_READ_CONSUME_CHECK_CONSUMER) timestamp=3284 ms, used_size=14211072 bytes (34.7%)
(RDMA_READ_CONSUME_CHECK_CONSUMER) timestamp=3284 ms, used_size=14209024 bytes (34.7%)
(RDMA_READ_CONSUME_CHECK_CONSUMER) timestamp=3284 ms, used_size=14206976 bytes (34.7%)
(RDMA_READ_CONSUME_CHECK_CONSUMER) timestamp=3284 ms, used_size=14204928 bytes (34.7%)
(RDMA_READ_CONSUME_CHECK_CONSUMER) timestamp=3284 ms, used_size=14202880 bytes (34.7%)
(RDMA_READ_CONSUME_CHECK_CONSUMER) timestamp=3284 ms, used_size=14200832 bytes (34.7%)
(RDMA_READ_CONSUME_CHECK_CONSUMER) timestamp=3284 ms, used_size=14198784 bytes (34.7%)
(RDMA_READ_CONSUME_CHECK_CONSUMER) timestamp=3284 ms, used_size=14196736 bytes (34.7%)
(RDMA_READ_CONSUME_CHECK_CONSUMER) timestamp=3284 ms, used_size=14194688 bytes (34.7%)
(RDMA_READ_CONSUME_CHECK_CONSUMER) timestamp=3284 ms, used_size=14192640 bytes (34.6%)
(RDMA_READ_CONSUME_CHECK_CONSUMER) timestamp=3284 ms, used_size=14190592 bytes (34.6%)
(RDMA_READ_CONSUME_CHECK_CONSUMER) timestamp=3284 ms, used_size=14188544 bytes (34.6%)
(RDMA_READ_CONSUME_CHECK_CONSUMER) timestamp=3284 ms, used_size=14186496 bytes (34.6%)
(RDMA_READ_CONSUME_CHECK_CONSUMER) timestamp=3284 ms, used_size=14184448 bytes (34.6%)
(RDMA_READ_CONSUME_CHECK_CONSUMER) timestamp=3284 ms, used_size=14182400 bytes (34.6%)
(RDMA_READ_CONSUME_CHECK_CONSUMER) timestamp=3284 ms, used_size=14180352 bytes (34.6%)
(RDMA_READ_CONSUME_CHECK_CONSUMER) timestamp=3284 ms, used_size=14178304 bytes (34.6%)
(RDMA_READ_CONSUME_CHECK_CONSUMER) timestamp=3284 ms, used_size=14176256 bytes (34.6%)
(RDMA_READ_CONSUME_CHECK_CONSUMER) timestamp=3284 ms, used_size=14174208 bytes (34.6%)
(RDMA_READ_CONSUME_CHECK_CONSUMER) timestamp=3284 ms, used_size=14172160 bytes (34.6%)
(RDMA_READ_CONSUME_CHECK_CONSUMER) timestamp=3284 ms, used_size=14170112 bytes (34.6%)
(RDMA_READ_CONSUME_CHECK_CONSUMER) timestamp=3284 ms, used_size=14168064 bytes (34.6%)
(RDMA_READ_CONSUME_CHECK_CONSUMER) timestamp=3284 ms, used_size=14166016 bytes (34.6%)
(RDMA_READ_CONSUME_CHECK_CONSUMER) timestamp=3284 ms, used_size=14163968 bytes (34.6%)
(RDMA_READ_CONSUME_CHECK_CONSUMER) timestamp=3284 ms, used_size=14161920 bytes (34.6%)
(RDMA_READ_CONSUME_CHECK_CONSUMER) timestamp=3284 ms, used_size=14159872 bytes (34.6%)
(RDMA_READ_CONSUME_CHECK_CONSUMER) timestamp=3284 ms, used_size=14157824 bytes (34.6%)
(RDMA_READ_CONSUME_CHECK_CONSUMER) timestamp=3284 ms, used_size=14155776 bytes (34.6%)
(RDMA_READ_CONSUME_CHECK_CONSUMER) timestamp=3284 ms, used_size=14153728 bytes (34.6%)
(RDMA_READ_CONSUME_CHECK_CONSUMER) timestamp=3284 ms, used_size=14151680 bytes (34.5%)
(RDMA_READ_CONSUME_CHECK_CONSUMER) timestamp=3284 ms, used_size=14149632 bytes (34.5%)
(RDMA_READ_CONSUME_CHECK_CONSUMER) timestamp=3284 ms, used_size=14147584 bytes (34.5%)
(RDMA_READ_CONSUME_CHECK_CONSUMER) timestamp=3284 ms, used_size=14145536 bytes (34.5%)
(RDMA_READ_CONSUME_CHECK_CONSUMER) timestamp=3284 ms, used_size=14143488 bytes (34.5%)
(RDMA_READ_CONSUME_CHECK_CONSUMER) timestamp=3284 ms, used_size=14141440 bytes (34.5%)
(RDMA_READ_CONSUME_CHECK_CONSUMER) timestamp=3284 ms, used_size=14139392 bytes (34.5%)
(RDMA_READ_CONSUME_CHECK_CONSUMER) timestamp=3284 ms, used_size=14137344 bytes (34.5%)
(RDMA_READ_CONSUME_CHECK_CONSUMER) timestamp=3284 ms, used_size=14135296 bytes (34.5%)
(RDMA_READ_CONSUME_CHECK_CONSUMER) timestamp=3284 ms, used_size=14133248 bytes (34.5%)
(RDMA_READ_CONSUME_CHECK_CONSUMER) timestamp=3284 ms, used_size=14131200 bytes (34.5%)
(RDMA_READ_CONSUME_CHECK_CONSUMER) timestamp=3284 ms, used_size=14129152 bytes (34.5%)
(RDMA_READ_CONSUME_CHECK_CONSUMER) timestamp=3284 ms, used_size=14127104 bytes (34.5%)
(RDMA_READ_CONSUME_CHECK_CONSUMER) timestamp=3284 ms, used_size=14125056 bytes (34.5%)
(RDMA_READ_CONSUME_CHECK_CONSUMER) timestamp=3284 ms, used_size=14123008 bytes (34.5%)
(RDMA_READ_CONSUME_CHECK_CONSUMER) timestamp=3284 ms, used_size=14120960 bytes (34.5%)
(RDMA_READ_CONSUME_CHECK_CONSUMER) timestamp=3284 ms, used_size=14118912 bytes (34.5%)
(RDMA_READ_CONSUME_CHECK_CONSUMER) timestamp=3284 ms, used_size=14116864 bytes (34.5%)
(RDMA_READ_CONSUME_CHECK_CONSUMER) timestamp=3284 ms, used_size=14114816 bytes (34.5%)
(RDMA_READ_CONSUME_CHECK_CONSUMER) timestamp=3284 ms, used_size=14112768 bytes (34.5%)
(RDMA_READ_CONSUME_CHECK_CONSUMER) timestamp=3284 ms, used_size=14110720 bytes (34.5%)
(RDMA_READ_CONSUME_CHECK_CONSUMER) timestamp=3284 ms, used_size=14108672 bytes (34.4%)
(RDMA_READ_CONSUME_CHECK_CONSUMER) timestamp=3284 ms, used_size=14106624 bytes (34.4%)
(RDMA_READ_CONSUME_CHECK_CONSUMER) timestamp=3284 ms, used_size=14104576 bytes (34.4%)
(RDMA_READ_CONSUME_CHECK_CONSUMER) timestamp=3284 ms, used_size=14102528 bytes (34.4%)
(RDMA_READ_CONSUME_CHECK_CONSUMER) timestamp=3284 ms, used_size=14100480 bytes (34.4%)
(RDMA_READ_CONSUME_CHECK_CONSUMER) timestamp=3284 ms, used_size=14098432 bytes (34.4%)
(RDMA_READ_CONSUME_CHECK_CONSUMER) timestamp=3284 ms, used_size=14096384 bytes (34.4%)
(RDMA_READ_CONSUME_CHECK_CONSUMER) timestamp=3284 ms, used_size=14094336 bytes (34.4%)
(RDMA_READ_CONSUME_CHECK_CONSUMER) timestamp=3284 ms, used_size=14092288 bytes (34.4%)
(RDMA_READ_CONSUME_CHECK_CONSUMER) timestamp=3284 ms, used_size=14090240 bytes (34.4%)
(RDMA_READ_CONSUME_CHECK_CONSUMER) timestamp=3284 ms, used_size=14088192 bytes (34.4%)
(RDMA_READ_CONSUME_CHECK_CONSUMER) timestamp=3284 ms, used_size=14086144 bytes (34.4%)
(RDMA_READ_CONSUME_CHECK_CONSUMER) timestamp=3284 ms, used_size=14084096 bytes (34.4%)
(RDMA_READ_CONSUME_CHECK_CONSUMER) timestamp=3284 ms, used_size=14082048 bytes (34.4%)
(RDMA_READ_CONSUME_CHECK_CONSUMER) timestamp=3284 ms, used_size=14080000 bytes (34.4%)
(RDMA_READ_CONSUME_CHECK_CONSUMER) timestamp=3284 ms, used_size=14077952 bytes (34.4%)
(RDMA_READ_CONSUME_CHECK_CONSUMER) timestamp=3284 ms, used_size=14075904 bytes (34.4%)
(RDMA_READ_CONSUME_CHECK_CONSUMER) timestamp=3284 ms, used_size=14073856 bytes (34.4%)
(RDMA_READ_CONSUME_CHECK_CONSUMER) timestamp=3284 ms, used_size=14071808 bytes (34.4%)
(RDMA_READ_CONSUME_CHECK_CONSUMER) timestamp=3284 ms, used_size=14069760 bytes (34.4%)
(RDMA_READ_CONSUME_CHECK_CONSUMER) timestamp=3284 ms, used_size=14067712 bytes (34.3%)
(RDMA_READ_CONSUME_CHECK_CONSUMER) timestamp=3284 ms, used_size=14065664 bytes (34.3%)
(RDMA_READ_CONSUME_CHECK_CONSUMER) timestamp=3284 ms, used_size=14063616 bytes (34.3%)
(RDMA_READ_CONSUME_CHECK_CONSUMER) timestamp=3284 ms, used_size=14061568 bytes (34.3%)
(RDMA_READ_CONSUME_CHECK_CONSUMER) timestamp=3284 ms, used_size=14059520 bytes (34.3%)
(RDMA_READ_CONSUME_CHECK_CONSUMER) timestamp=3284 ms, used_size=14057472 bytes (34.3%)
(RDMA_READ_CONSUME_CHECK_CONSUMER) timestamp=3284 ms, used_size=14055424 bytes (34.3%)
(RDMA_READ_CONSUME_CHECK_CONSUMER) timestamp=3284 ms, used_size=14053376 bytes (34.3%)
(RDMA_READ_CONSUME_CHECK_CONSUMER) timestamp=3284 ms, used_size=14051328 bytes (34.3%)
(RDMA_READ_CONSUME_CHECK_CONSUMER) timestamp=3284 ms, used_size=14049280 bytes (34.3%)
(RDMA_READ_CONSUME_CHECK_CONSUMER) timestamp=3284 ms, used_size=14047232 bytes (34.3%)
(RDMA_READ_CONSUME_CHECK_CONSUMER) timestamp=3284 ms, used_size=14045184 bytes (34.3%)
(RDMA_READ_CONSUME_CHECK_CONSUMER) timestamp=3284 ms, used_size=14043136 bytes (34.3%)
(RDMA_READ_CONSUME_CHECK_CONSUMER) timestamp=3284 ms, used_size=14041088 bytes (34.3%)
(RDMA_READ_CONSUME_CHECK_CONSUMER) timestamp=3284 ms, used_size=14039040 bytes (34.3%)
(RDMA_READ_CONSUME_CHECK_CONSUMER) timestamp=3284 ms, used_size=14036992 bytes (34.3%)
(RDMA_READ_CONSUME_CHECK_CONSUMER) timestamp=3284 ms, used_size=14034944 bytes (34.3%)
(RDMA_READ_CONSUME_CHECK_CONSUMER) timestamp=3284 ms, used_size=14032896 bytes (34.3%)
(RDMA_READ_CONSUME_CHECK_CONSUMER) timestamp=3284 ms, used_size=14030848 bytes (34.3%)
(RDMA_READ_CONSUME_CHECK_CONSUMER) timestamp=3284 ms, used_size=14028800 bytes (34.2%)
(RDMA_READ_CONSUME_CHECK_CONSUMER) timestamp=3284 ms, used_size=14026752 bytes (34.2%)
(RDMA_READ_CONSUME_CHECK_CONSUMER) timestamp=3284 ms, used_size=14024704 bytes (34.2%)
(RDMA_READ_CONSUME_CHECK_CONSUMER) timestamp=3284 ms, used_size=14022656 bytes (34.2%)
(RDMA_READ_CONSUME_CHECK_CONSUMER) timestamp=3284 ms, used_size=14020608 bytes (34.2%)
(RDMA_READ_CONSUME_CHECK_CONSUMER) timestamp=3284 ms, used_size=14018560 bytes (34.2%)
(RDMA_READ_CONSUME_CHECK_CONSUMER) timestamp=3284 ms, used_size=14016512 bytes (34.2%)
(RDMA_READ_CONSUME_CHECK_CONSUMER) timestamp=3284 ms, used_size=14014464 bytes (34.2%)
(RDMA_READ_CONSUME_CHECK_CONSUMER) timestamp=3284 ms, used_size=14012416 bytes (34.2%)
(RDMA_READ_CONSUME_CHECK_CONSUMER) timestamp=3284 ms, used_size=14010368 bytes (34.2%)
(RDMA_READ_CONSUME_CHECK_CONSUMER) timestamp=3284 ms, used_size=14008320 bytes (34.2%)
(RDMA_READ_CONSUME_CHECK_CONSUMER) timestamp=3284 ms, used_size=14006272 bytes (34.2%)
(RDMA_READ_CONSUME_CHECK_CONSUMER) timestamp=3284 ms, used_size=14004224 bytes (34.2%)
(RDMA_READ_CONSUME_CHECK_CONSUMER) timestamp=3284 ms, used_size=14002176 bytes (34.2%)
(RDMA_READ_CONSUME_CHECK_CONSUMER) timestamp=3284 ms, used_size=14000128 bytes (34.2%)
(RDMA_READ_CONSUME_CHECK_CONSUMER) timestamp=3284 ms, used_size=13998080 bytes (34.2%)
(RDMA_READ_CONSUME_CHECK_CONSUMER) timestamp=3284 ms, used_size=13996032 bytes (34.2%)
(RDMA_READ_CONSUME_CHECK_CONSUMER) timestamp=3284 ms, used_size=13993984 bytes (34.2%)
(RDMA_READ_CONSUME_CHECK_CONSUMER) timestamp=3284 ms, used_size=13991936 bytes (34.2%)
(RDMA_READ_CONSUME_CHECK_CONSUMER) timestamp=3284 ms, used_size=13989888 bytes (34.2%)
(RDMA_READ_CONSUME_CHECK_CONSUMER) timestamp=3284 ms, used_size=13987840 bytes (34.1%)
(RDMA_READ_CONSUME_CHECK_CONSUMER) timestamp=3284 ms, used_size=13985792 bytes (34.1%)
(RDMA_READ_CONSUME_CHECK_CONSUMER) timestamp=3284 ms, used_size=13983744 bytes (34.1%)
(RDMA_READ_CONSUME_CHECK_CONSUMER) timestamp=3284 ms, used_size=13981696 bytes (34.1%)
(RDMA_READ_CONSUME_CHECK_CONSUMER) timestamp=3284 ms, used_size=13979648 bytes (34.1%)
(RDMA_READ_CONSUME_CHECK_CONSUMER) timestamp=3284 ms, used_size=13977600 bytes (34.1%)
(RDMA_READ_CONSUME_CHECK_CONSUMER) timestamp=3284 ms, used_size=13975552 bytes (34.1%)
(RDMA_READ_CONSUME_CHECK_CONSUMER) timestamp=3284 ms, used_size=13973504 bytes (34.1%)
(RDMA_READ_CONSUME_CHECK_CONSUMER) timestamp=3284 ms, used_size=13971456 bytes (34.1%)
(RDMA_READ_CONSUME_CHECK_CONSUMER) timestamp=3284 ms, used_size=13969408 bytes (34.1%)
(RDMA_READ_CONSUME_CHECK_CONSUMER) timestamp=3284 ms, used_size=13967360 bytes (34.1%)
(RDMA_READ_CONSUME_CHECK_CONSUMER) timestamp=3284 ms, used_size=13965312 bytes (34.1%)
(RDMA_READ_CONSUME_CHECK_CONSUMER) timestamp=3284 ms, used_size=13963264 bytes (34.1%)
(RDMA_READ_CONSUME_CHECK_CONSUMER) timestamp=3284 ms, used_size=13961216 bytes (34.1%)
(RDMA_READ_CONSUME_CHECK_CONSUMER) timestamp=3284 ms, used_size=13959168 bytes (34.1%)
(RDMA_READ_CONSUME_CHECK_CONSUMER) timestamp=3284 ms, used_size=13957120 bytes (34.1%)
(RDMA_READ_CONSUME_CHECK_CONSUMER) timestamp=3284 ms, used_size=13955072 bytes (34.1%)
(RDMA_READ_CONSUME_CHECK_CONSUMER) timestamp=3284 ms, used_size=13953024 bytes (34.1%)
(RDMA_READ_CONSUME_CHECK_CONSUMER) timestamp=3284 ms, used_size=13950976 bytes (34.1%)
(RDMA_READ_CONSUME_CHECK_CONSUMER) timestamp=3284 ms, used_size=13948928 bytes (34.1%)
(RDMA_READ_CONSUME_CHECK_CONSUMER) timestamp=3284 ms, used_size=13946880 bytes (34.0%)
(RDMA_READ_CONSUME_CHECK_CONSUMER) timestamp=3284 ms, used_size=13944832 bytes (34.0%)
(RDMA_READ_CONSUME_CHECK_CONSUMER) timestamp=3284 ms, used_size=13942784 bytes (34.0%)
(RDMA_READ_CONSUME_CHECK_CONSUMER) timestamp=3284 ms, used_size=13940736 bytes (34.0%)
(RDMA_READ_CONSUME_CHECK_CONSUMER) timestamp=3284 ms, used_size=13938688 bytes (34.0%)
(RDMA_READ_CONSUME_CHECK_CONSUMER) timestamp=3284 ms, used_size=13936640 bytes (34.0%)
(RDMA_READ_CONSUME_CHECK_CONSUMER) timestamp=3284 ms, used_size=13934592 bytes (34.0%)
(RDMA_READ_CONSUME_CHECK_CONSUMER) timestamp=3284 ms, used_size=13932544 bytes (34.0%)
(RDMA_READ_CONSUME_CHECK_CONSUMER) timestamp=3284 ms, used_size=13930496 bytes (34.0%)
(RDMA_READ_CONSUME_CHECK_CONSUMER) timestamp=3284 ms, used_size=13928448 bytes (34.0%)
(RDMA_READ_CONSUME_CHECK_CONSUMER) timestamp=3284 ms, used_size=13926400 bytes (34.0%)
(RDMA_READ_CONSUME_CHECK_CONSUMER) timestamp=3284 ms, used_size=13924352 bytes (34.0%)
(RDMA_READ_CONSUME_CHECK_CONSUMER) timestamp=3284 ms, used_size=13922304 bytes (34.0%)
(RDMA_READ_CONSUME_CHECK_CONSUMER) timestamp=3284 ms, used_size=13920256 bytes (34.0%)
(RDMA_READ_CONSUME_CHECK_CONSUMER) timestamp=3284 ms, used_size=13918208 bytes (34.0%)
(RDMA_READ_CONSUME_CHECK_CONSUMER) timestamp=3284 ms, used_size=13916160 bytes (34.0%)
(RDMA_READ_CONSUME_CHECK_CONSUMER) timestamp=3284 ms, used_size=13914112 bytes (34.0%)
(RDMA_READ_CONSUME_CHECK_CONSUMER) timestamp=3284 ms, used_size=13912064 bytes (34.0%)
(RDMA_READ_CONSUME_CHECK_CONSUMER) timestamp=3284 ms, used_size=13910016 bytes (34.0%)
(RDMA_READ_CONSUME_CHECK_CONSUMER) timestamp=3284 ms, used_size=13907968 bytes (34.0%)
(RDMA_READ_CONSUME_CHECK_CONSUMER) timestamp=3284 ms, used_size=13905920 bytes (34.0%)
(RDMA_READ_CONSUME_CHECK_CONSUMER) timestamp=3284 ms, used_size=13903872 bytes (33.9%)
(RDMA_READ_CONSUME_CHECK_CONSUMER) timestamp=3284 ms, used_size=13901824 bytes (33.9%)
(RDMA_READ_CONSUME_CHECK_CONSUMER) timestamp=3284 ms, used_size=13899776 bytes (33.9%)
(RDMA_READ_CONSUME_CHECK_CONSUMER) timestamp=3284 ms, used_size=13897728 bytes (33.9%)
(RDMA_READ_CONSUME_CHECK_CONSUMER) timestamp=3284 ms, used_size=13895680 bytes (33.9%)
(RDMA_READ_CONSUME_CHECK_CONSUMER) timestamp=3284 ms, used_size=13893632 bytes (33.9%)
(RDMA_READ_CONSUME_CHECK_CONSUMER) timestamp=3285 ms, used_size=13891584 bytes (33.9%)
(RDMA_READ_CONSUME_CHECK_CONSUMER) timestamp=3285 ms, used_size=13889536 bytes (33.9%)
(RDMA_READ_CONSUME_CHECK_CONSUMER) timestamp=3285 ms, used_size=13887488 bytes (33.9%)
(RDMA_READ_CONSUME_CHECK_CONSUMER) timestamp=3285 ms, used_size=13885440 bytes (33.9%)
(RDMA_READ_CONSUME_CHECK_CONSUMER) timestamp=3285 ms, used_size=13883392 bytes (33.9%)
(RDMA_READ_CONSUME_CHECK_CONSUMER) timestamp=3285 ms, used_size=13881344 bytes (33.9%)
(RDMA_READ_CONSUME_CHECK_CONSUMER) timestamp=3285 ms, used_size=13879296 bytes (33.9%)
(RDMA_READ_CONSUME_CHECK_CONSUMER) timestamp=3285 ms, used_size=13877248 bytes (33.9%)
(RDMA_READ_CONSUME_CHECK_CONSUMER) timestamp=3285 ms, used_size=13875200 bytes (33.9%)
(RDMA_READ_CONSUME_CHECK_CONSUMER) timestamp=3285 ms, used_size=13873152 bytes (33.9%)
(RDMA_READ_CONSUME_CHECK_CONSUMER) timestamp=3285 ms, used_size=13871104 bytes (33.9%)
(RDMA_READ_CONSUME_CHECK_CONSUMER) timestamp=3285 ms, used_size=13869056 bytes (33.9%)
(RDMA_READ_CONSUME_CHECK_CONSUMER) timestamp=3285 ms, used_size=13867008 bytes (33.9%)
(RDMA_READ_CONSUME_CHECK_CONSUMER) timestamp=3285 ms, used_size=13864960 bytes (33.9%)
(RDMA_READ_CONSUME_CHECK_CONSUMER) timestamp=3285 ms, used_size=13862912 bytes (33.8%)
(RDMA_READ_CONSUME_CHECK_CONSUMER) timestamp=3285 ms, used_size=13860864 bytes (33.8%)
(RDMA_READ_CONSUME_CHECK_CONSUMER) timestamp=3285 ms, used_size=13858816 bytes (33.8%)
(RDMA_READ_CONSUME_CHECK_CONSUMER) timestamp=3285 ms, used_size=13856768 bytes (33.8%)
(RDMA_READ_CONSUME_CHECK_CONSUMER) timestamp=3285 ms, used_size=13854720 bytes (33.8%)
(RDMA_READ_CONSUME_CHECK_CONSUMER) timestamp=3285 ms, used_size=13852672 bytes (33.8%)
(RDMA_READ_CONSUME_CHECK_CONSUMER) timestamp=3285 ms, used_size=13850624 bytes (33.8%)
(RDMA_READ_CONSUME_CHECK_CONSUMER) timestamp=3285 ms, used_size=13848576 bytes (33.8%)
(RDMA_READ_CONSUME_CHECK_CONSUMER) timestamp=3285 ms, used_size=13846528 bytes (33.8%)
(RDMA_READ_CONSUME_CHECK_CONSUMER) timestamp=3285 ms, used_size=13844480 bytes (33.8%)
(RDMA_READ_CONSUME_CHECK_CONSUMER) timestamp=3285 ms, used_size=13842432 bytes (33.8%)
(RDMA_READ_CONSUME_CHECK_CONSUMER) timestamp=3285 ms, used_size=13840384 bytes (33.8%)
(RDMA_READ_CONSUME_CHECK_CONSUMER) timestamp=3285 ms, used_size=13838336 bytes (33.8%)
(RDMA_READ_CONSUME_CHECK_CONSUMER) timestamp=3285 ms, used_size=13836288 bytes (33.8%)
(RDMA_READ_CONSUME_CHECK_CONSUMER) timestamp=3285 ms, used_size=13834240 bytes (33.8%)
(RDMA_READ_CONSUME_CHECK_CONSUMER) timestamp=3285 ms, used_size=13832192 bytes (33.8%)
(RDMA_READ_CONSUME_CHECK_CONSUMER) timestamp=3285 ms, used_size=13830144 bytes (33.8%)
(RDMA_READ_CONSUME_CHECK_CONSUMER) timestamp=3285 ms, used_size=13828096 bytes (33.8%)
(RDMA_READ_CONSUME_CHECK_CONSUMER) timestamp=3285 ms, used_size=13826048 bytes (33.8%)
(RDMA_READ_CONSUME_CHECK_CONSUMER) timestamp=3285 ms, used_size=13824000 bytes (33.8%)
(RDMA_READ_CONSUME_CHECK_CONSUMER) timestamp=3285 ms, used_size=13821952 bytes (33.7%)
(RDMA_READ_CONSUME_CHECK_CONSUMER) timestamp=3285 ms, used_size=13819904 bytes (33.7%)
(RDMA_READ_CONSUME_CHECK_CONSUMER) timestamp=3285 ms, used_size=13817856 bytes (33.7%)
(RDMA_READ_CONSUME_CHECK_CONSUMER) timestamp=3285 ms, used_size=13815808 bytes (33.7%)
(RDMA_READ_CONSUME_CHECK_CONSUMER) timestamp=3285 ms, used_size=13813760 bytes (33.7%)
(RDMA_READ_CONSUME_CHECK_CONSUMER) timestamp=3285 ms, used_size=13811712 bytes (33.7%)
(RDMA_READ_CONSUME_CHECK_CONSUMER) timestamp=3285 ms, used_size=13809664 bytes (33.7%)
(RDMA_READ_CONSUME_CHECK_CONSUMER) timestamp=3285 ms, used_size=13807616 bytes (33.7%)
(RDMA_READ_CONSUME_CHECK_CONSUMER) timestamp=3285 ms, used_size=13805568 bytes (33.7%)
(RDMA_READ_CONSUME_CHECK_CONSUMER) timestamp=3285 ms, used_size=13803520 bytes (33.7%)
(RDMA_READ_CONSUME_CHECK_CONSUMER) timestamp=3285 ms, used_size=13801472 bytes (33.7%)
(RDMA_READ_CONSUME_CHECK_CONSUMER) timestamp=3285 ms, used_size=13799424 bytes (33.7%)
(RDMA_READ_CONSUME_CHECK_CONSUMER) timestamp=3285 ms, used_size=13797376 bytes (33.7%)
(RDMA_READ_CONSUME_CHECK_CONSUMER) timestamp=3285 ms, used_size=13795328 bytes (33.7%)
(RDMA_READ_CONSUME_CHECK_CONSUMER) timestamp=3285 ms, used_size=13793280 bytes (33.7%)
(RDMA_READ_CONSUME_CHECK_CONSUMER) timestamp=3285 ms, used_size=13791232 bytes (33.7%)
(RDMA_READ_CONSUME_CHECK_CONSUMER) timestamp=3285 ms, used_size=13789184 bytes (33.7%)
(RDMA_READ_CONSUME_CHECK_CONSUMER) timestamp=3285 ms, used_size=13787136 bytes (33.7%)
(RDMA_READ_CONSUME_CHECK_CONSUMER) timestamp=3285 ms, used_size=13785088 bytes (33.7%)
(RDMA_READ_CONSUME_CHECK_CONSUMER) timestamp=3285 ms, used_size=13783040 bytes (33.6%)
(RDMA_READ_CONSUME_CHECK_CONSUMER) timestamp=3285 ms, used_size=13780992 bytes (33.6%)
(RDMA_READ_CONSUME_CHECK_CONSUMER) timestamp=3285 ms, used_size=13778944 bytes (33.6%)
(RDMA_READ_CONSUME_CHECK_CONSUMER) timestamp=3285 ms, used_size=13776896 bytes (33.6%)
(RDMA_READ_CONSUME_CHECK_CONSUMER) timestamp=3285 ms, used_size=13774848 bytes (33.6%)
(RDMA_READ_CONSUME_CHECK_CONSUMER) timestamp=3285 ms, used_size=13772800 bytes (33.6%)
(RDMA_READ_CONSUME_CHECK_CONSUMER) timestamp=3285 ms, used_size=13770752 bytes (33.6%)
(RDMA_READ_CONSUME_CHECK_CONSUMER) timestamp=3285 ms, used_size=13768704 bytes (33.6%)
(RDMA_READ_CONSUME_CHECK_CONSUMER) timestamp=3285 ms, used_size=13766656 bytes (33.6%)
(RDMA_READ_CONSUME_CHECK_CONSUMER) timestamp=3285 ms, used_size=13764608 bytes (33.6%)
(RDMA_READ_CONSUME_CHECK_CONSUMER) timestamp=3285 ms, used_size=13762560 bytes (33.6%)
(RDMA_READ_CONSUME_CHECK_CONSUMER) timestamp=3285 ms, used_size=13760512 bytes (33.6%)
(RDMA_READ_CONSUME_CHECK_CONSUMER) timestamp=3285 ms, used_size=13758464 bytes (33.6%)
(RDMA_READ_CONSUME_CHECK_CONSUMER) timestamp=3285 ms, used_size=13756416 bytes (33.6%)
(RDMA_READ_CONSUME_CHECK_CONSUMER) timestamp=3285 ms, used_size=13754368 bytes (33.6%)
(RDMA_READ_CONSUME_CHECK_CONSUMER) timestamp=3285 ms, used_size=13752320 bytes (33.6%)
(RDMA_READ_CONSUME_CHECK_CONSUMER) timestamp=3285 ms, used_size=13750272 bytes (33.6%)
(RDMA_READ_CONSUME_CHECK_CONSUMER) timestamp=3285 ms, used_size=13748224 bytes (33.6%)
(RDMA_READ_CONSUME_CHECK_CONSUMER) timestamp=3285 ms, used_size=13746176 bytes (33.6%)
(RDMA_READ_CONSUME_CHECK_CONSUMER) timestamp=3285 ms, used_size=13744128 bytes (33.6%)
(RDMA_READ_CONSUME_CHECK_CONSUMER) timestamp=3285 ms, used_size=13742080 bytes (33.5%)
(RDMA_READ_CONSUME_CHECK_CONSUMER) timestamp=3285 ms, used_size=13740032 bytes (33.5%)
(RDMA_READ_CONSUME_CHECK_CONSUMER) timestamp=3285 ms, used_size=13737984 bytes (33.5%)
(RDMA_READ_CONSUME_CHECK_CONSUMER) timestamp=3285 ms, used_size=13735936 bytes (33.5%)
(RDMA_READ_CONSUME_CHECK_CONSUMER) timestamp=3285 ms, used_size=13733888 bytes (33.5%)
(RDMA_READ_CONSUME_CHECK_CONSUMER) timestamp=3285 ms, used_size=13731840 bytes (33.5%)
(RDMA_READ_CONSUME_CHECK_CONSUMER) timestamp=3285 ms, used_size=13729792 bytes (33.5%)
(RDMA_READ_CONSUME_CHECK_CONSUMER) timestamp=3285 ms, used_size=13727744 bytes (33.5%)
(RDMA_READ_CONSUME_CHECK_CONSUMER) timestamp=3285 ms, used_size=13725696 bytes (33.5%)
(RDMA_READ_CONSUME_CHECK_CONSUMER) timestamp=3285 ms, used_size=13723648 bytes (33.5%)
(RDMA_READ_CONSUME_CHECK_CONSUMER) timestamp=3285 ms, used_size=13721600 bytes (33.5%)
(RDMA_READ_CONSUME_CHECK_CONSUMER) timestamp=3285 ms, used_size=13719552 bytes (33.5%)
(RDMA_READ_CONSUME_CHECK_CONSUMER) timestamp=3285 ms, used_size=13717504 bytes (33.5%)
(RDMA_READ_CONSUME_CHECK_CONSUMER) timestamp=3285 ms, used_size=13715456 bytes (33.5%)
(RDMA_READ_CONSUME_CHECK_CONSUMER) timestamp=3285 ms, used_size=13713408 bytes (33.5%)
(RDMA_READ_CONSUME_CHECK_CONSUMER) timestamp=3285 ms, used_size=13711360 bytes (33.5%)
(RDMA_READ_CONSUME_CHECK_CONSUMER) timestamp=3285 ms, used_size=13709312 bytes (33.5%)
(RDMA_READ_CONSUME_CHECK_CONSUMER) timestamp=3285 ms, used_size=13707264 bytes (33.5%)
(RDMA_READ_CONSUME_CHECK_CONSUMER) timestamp=3285 ms, used_size=13705216 bytes (33.5%)
(RDMA_READ_CONSUME_CHECK_CONSUMER) timestamp=3285 ms, used_size=13703168 bytes (33.5%)
(RDMA_READ_CONSUME_CHECK_CONSUMER) timestamp=3285 ms, used_size=13701120 bytes (33.5%)
(RDMA_READ_CONSUME_CHECK_CONSUMER) timestamp=3285 ms, used_size=13699072 bytes (33.4%)
(RDMA_READ_CONSUME_CHECK_CONSUMER) timestamp=3285 ms, used_size=13697024 bytes (33.4%)
(RDMA_READ_CONSUME_CHECK_CONSUMER) timestamp=3285 ms, used_size=13694976 bytes (33.4%)
(RDMA_READ_CONSUME_CHECK_CONSUMER) timestamp=3285 ms, used_size=13692928 bytes (33.4%)
(RDMA_READ_CONSUME_CHECK_CONSUMER) timestamp=3285 ms, used_size=13690880 bytes (33.4%)
(RDMA_READ_CONSUME_CHECK_CONSUMER) timestamp=3285 ms, used_size=13688832 bytes (33.4%)
(RDMA_READ_CONSUME_CHECK_CONSUMER) timestamp=3285 ms, used_size=13686784 bytes (33.4%)
(RDMA_READ_CONSUME_CHECK_CONSUMER) timestamp=3285 ms, used_size=13684736 bytes (33.4%)
(RDMA_READ_CONSUME_CHECK_CONSUMER) timestamp=3285 ms, used_size=13682688 bytes (33.4%)
(RDMA_READ_CONSUME_CHECK_CONSUMER) timestamp=3285 ms, used_size=13680640 bytes (33.4%)
(RDMA_READ_CONSUME_CHECK_CONSUMER) timestamp=3285 ms, used_size=13678592 bytes (33.4%)
(RDMA_READ_CONSUME_CHECK_CONSUMER) timestamp=3285 ms, used_size=13676544 bytes (33.4%)
(RDMA_READ_CONSUME_CHECK_CONSUMER) timestamp=3285 ms, used_size=13674496 bytes (33.4%)
(RDMA_READ_CONSUME_CHECK_CONSUMER) timestamp=3285 ms, used_size=13672448 bytes (33.4%)
(RDMA_READ_CONSUME_CHECK_CONSUMER) timestamp=3285 ms, used_size=13670400 bytes (33.4%)
(RDMA_READ_CONSUME_CHECK_CONSUMER) timestamp=3285 ms, used_size=13668352 bytes (33.4%)
(RDMA_READ_CONSUME_CHECK_CONSUMER) timestamp=3285 ms, used_size=13666304 bytes (33.4%)
(RDMA_READ_CONSUME_CHECK_CONSUMER) timestamp=3285 ms, used_size=13664256 bytes (33.4%)
(RDMA_READ_CONSUME_CHECK_CONSUMER) timestamp=3285 ms, used_size=13662208 bytes (33.4%)
(RDMA_READ_CONSUME_CHECK_CONSUMER) timestamp=3285 ms, used_size=13660160 bytes (33.4%)
(RDMA_READ_CONSUME_CHECK_CONSUMER) timestamp=3285 ms, used_size=13658112 bytes (33.3%)
(RDMA_READ_CONSUME_CHECK_CONSUMER) timestamp=3285 ms, used_size=13656064 bytes (33.3%)
(RDMA_READ_CONSUME_CHECK_CONSUMER) timestamp=3285 ms, used_size=13654016 bytes (33.3%)
(RDMA_READ_CONSUME_CHECK_CONSUMER) timestamp=3285 ms, used_size=13651968 bytes (33.3%)
(RDMA_READ_CONSUME_CHECK_CONSUMER) timestamp=3285 ms, used_size=13649920 bytes (33.3%)
(RDMA_READ_CONSUME_CHECK_CONSUMER) timestamp=3285 ms, used_size=13647872 bytes (33.3%)
(RDMA_READ_CONSUME_CHECK_CONSUMER) timestamp=3285 ms, used_size=13645824 bytes (33.3%)
(RDMA_READ_CONSUME_CHECK_CONSUMER) timestamp=3285 ms, used_size=13643776 bytes (33.3%)
(RDMA_READ_CONSUME_CHECK_CONSUMER) timestamp=3285 ms, used_size=13641728 bytes (33.3%)
(RDMA_READ_CONSUME_CHECK_CONSUMER) timestamp=3285 ms, used_size=13639680 bytes (33.3%)
(RDMA_READ_CONSUME_CHECK_CONSUMER) timestamp=3285 ms, used_size=13637632 bytes (33.3%)
(RDMA_READ_CONSUME_CHECK_CONSUMER) timestamp=3285 ms, used_size=13635584 bytes (33.3%)
(RDMA_READ_CONSUME_CHECK_CONSUMER) timestamp=3285 ms, used_size=13633536 bytes (33.3%)
(RDMA_READ_CONSUME_CHECK_CONSUMER) timestamp=3285 ms, used_size=13631488 bytes (33.3%)
(RDMA_READ_CONSUME_CHECK_CONSUMER) timestamp=3285 ms, used_size=13629440 bytes (33.3%)
(RDMA_READ_CONSUME_CHECK_CONSUMER) timestamp=3285 ms, used_size=13627392 bytes (33.3%)
(RDMA_READ_CONSUME_CHECK_CONSUMER) timestamp=3285 ms, used_size=13625344 bytes (33.3%)
(RDMA_READ_CONSUME_CHECK_CONSUMER) timestamp=3285 ms, used_size=13623296 bytes (33.3%)
(RDMA_READ_CONSUME_CHECK_CONSUMER) timestamp=3285 ms, used_size=13621248 bytes (33.3%)
(RDMA_READ_CONSUME_CHECK_CONSUMER) timestamp=3285 ms, used_size=13619200 bytes (33.2%)
(RDMA_READ_CONSUME_CHECK_CONSUMER) timestamp=3285 ms, used_size=13617152 bytes (33.2%)
(RDMA_READ_CONSUME_CHECK_CONSUMER) timestamp=3285 ms, used_size=13615104 bytes (33.2%)
(RDMA_READ_CONSUME_CHECK_CONSUMER) timestamp=3285 ms, used_size=13613056 bytes (33.2%)
(RDMA_READ_CONSUME_CHECK_CONSUMER) timestamp=3285 ms, used_size=13611008 bytes (33.2%)
(RDMA_READ_CONSUME_CHECK_CONSUMER) timestamp=3285 ms, used_size=13608960 bytes (33.2%)
(RDMA_READ_CONSUME_CHECK_CONSUMER) timestamp=3285 ms, used_size=13606912 bytes (33.2%)
(RDMA_READ_CONSUME_CHECK_CONSUMER) timestamp=3285 ms, used_size=13604864 bytes (33.2%)
(RDMA_READ_CONSUME_CHECK_CONSUMER) timestamp=3285 ms, used_size=13602816 bytes (33.2%)
(RDMA_READ_CONSUME_CHECK_CONSUMER) timestamp=3285 ms, used_size=13600768 bytes (33.2%)
(RDMA_READ_CONSUME_CHECK_CONSUMER) timestamp=3285 ms, used_size=13598720 bytes (33.2%)
(RDMA_READ_CONSUME_CHECK_CONSUMER) timestamp=3285 ms, used_size=13596672 bytes (33.2%)
(RDMA_READ_CONSUME_CHECK_CONSUMER) timestamp=3285 ms, used_size=13594624 bytes (33.2%)
(RDMA_READ_CONSUME_CHECK_CONSUMER) timestamp=3285 ms, used_size=13592576 bytes (33.2%)
(RDMA_READ_CONSUME_CHECK_CONSUMER) timestamp=3285 ms, used_size=13590528 bytes (33.2%)
(RDMA_READ_CONSUME_CHECK_CONSUMER) timestamp=3285 ms, used_size=13588480 bytes (33.2%)
(RDMA_READ_CONSUME_CHECK_CONSUMER) timestamp=3285 ms, used_size=13586432 bytes (33.2%)
(RDMA_READ_CONSUME_CHECK_CONSUMER) timestamp=3285 ms, used_size=13584384 bytes (33.2%)
(RDMA_READ_CONSUME_CHECK_CONSUMER) timestamp=3285 ms, used_size=13582336 bytes (33.2%)
(RDMA_READ_CONSUME_CHECK_CONSUMER) timestamp=3285 ms, used_size=13580288 bytes (33.2%)
(RDMA_READ_CONSUME_CHECK_CONSUMER) timestamp=3285 ms, used_size=13578240 bytes (33.1%)
(RDMA_READ_CONSUME_CHECK_CONSUMER) timestamp=3285 ms, used_size=13576192 bytes (33.1%)
(RDMA_READ_CONSUME_CHECK_CONSUMER) timestamp=3285 ms, used_size=13574144 bytes (33.1%)
(RDMA_READ_CONSUME_CHECK_CONSUMER) timestamp=3285 ms, used_size=13572096 bytes (33.1%)
(RDMA_READ_CONSUME_CHECK_CONSUMER) timestamp=3285 ms, used_size=13570048 bytes (33.1%)
(RDMA_READ_CONSUME_CHECK_CONSUMER) timestamp=3285 ms, used_size=13568000 bytes (33.1%)
(RDMA_READ_CONSUME_CHECK_CONSUMER) timestamp=3285 ms, used_size=13565952 bytes (33.1%)
(RDMA_READ_CONSUME_CHECK_CONSUMER) timestamp=3285 ms, used_size=13563904 bytes (33.1%)
(RDMA_READ_CONSUME_CHECK_CONSUMER) timestamp=3285 ms, used_size=13561856 bytes (33.1%)
(RDMA_READ_CONSUME_CHECK_CONSUMER) timestamp=3285 ms, used_size=13559808 bytes (33.1%)
(RDMA_READ_CONSUME_CHECK_CONSUMER) timestamp=3285 ms, used_size=13557760 bytes (33.1%)
(RDMA_READ_CONSUME_CHECK_CONSUMER) timestamp=3285 ms, used_size=13555712 bytes (33.1%)
(RDMA_READ_CONSUME_CHECK_CONSUMER) timestamp=3285 ms, used_size=13553664 bytes (33.1%)
(RDMA_READ_CONSUME_CHECK_CONSUMER) timestamp=3285 ms, used_size=13551616 bytes (33.1%)
(RDMA_READ_CONSUME_CHECK_CONSUMER) timestamp=3285 ms, used_size=13549568 bytes (33.1%)
(RDMA_READ_CONSUME_CHECK_CONSUMER) timestamp=3285 ms, used_size=13547520 bytes (33.1%)
(RDMA_READ_CONSUME_CHECK_CONSUMER) timestamp=3285 ms, used_size=13545472 bytes (33.1%)
(RDMA_READ_CONSUME_CHECK_CONSUMER) timestamp=3285 ms, used_size=13543424 bytes (33.1%)
(RDMA_READ_CONSUME_CHECK_CONSUMER) timestamp=3285 ms, used_size=13541376 bytes (33.1%)
(RDMA_READ_CONSUME_CHECK_CONSUMER) timestamp=3285 ms, used_size=13539328 bytes (33.1%)
(RDMA_READ_CONSUME_CHECK_CONSUMER) timestamp=3285 ms, used_size=13537280 bytes (33.0%)
(RDMA_READ_CONSUME_CHECK_CONSUMER) timestamp=3285 ms, used_size=13535232 bytes (33.0%)
(RDMA_READ_CONSUME_CHECK_CONSUMER) timestamp=3285 ms, used_size=13533184 bytes (33.0%)
(RDMA_READ_CONSUME_CHECK_CONSUMER) timestamp=3285 ms, used_size=13531136 bytes (33.0%)
(RDMA_READ_CONSUME_CHECK_CONSUMER) timestamp=3285 ms, used_size=13529088 bytes (33.0%)
(RDMA_READ_CONSUME_CHECK_CONSUMER) timestamp=3285 ms, used_size=13527040 bytes (33.0%)
(RDMA_READ_CONSUME_CHECK_CONSUMER) timestamp=3285 ms, used_size=13524992 bytes (33.0%)
(RDMA_READ_CONSUME_CHECK_CONSUMER) timestamp=3286 ms, used_size=13522944 bytes (33.0%)
(RDMA_READ_CONSUME_CHECK_CONSUMER) timestamp=3286 ms, used_size=13520896 bytes (33.0%)
(RDMA_READ_CONSUME_CHECK_CONSUMER) timestamp=3286 ms, used_size=13518848 bytes (33.0%)
(RDMA_READ_CONSUME_CHECK_CONSUMER) timestamp=3286 ms, used_size=13516800 bytes (33.0%)
(RDMA_READ_CONSUME_CHECK_CONSUMER) timestamp=3286 ms, used_size=13514752 bytes (33.0%)
(RDMA_READ_CONSUME_CHECK_CONSUMER) timestamp=3286 ms, used_size=13512704 bytes (33.0%)
(RDMA_READ_CONSUME_CHECK_CONSUMER) timestamp=3286 ms, used_size=13510656 bytes (33.0%)
(RDMA_READ_CONSUME_CHECK_CONSUMER) timestamp=3286 ms, used_size=13508608 bytes (33.0%)
(RDMA_READ_CONSUME_CHECK_CONSUMER) timestamp=3286 ms, used_size=13506560 bytes (33.0%)
(RDMA_READ_CONSUME_CHECK_CONSUMER) timestamp=3286 ms, used_size=13504512 bytes (33.0%)
(RDMA_READ_CONSUME_CHECK_CONSUMER) timestamp=3286 ms, used_size=13502464 bytes (33.0%)
(RDMA_READ_CONSUME_CHECK_CONSUMER) timestamp=3286 ms, used_size=13500416 bytes (33.0%)
(RDMA_READ_CONSUME_CHECK_CONSUMER) timestamp=3286 ms, used_size=13498368 bytes (33.0%)
(RDMA_READ_CONSUME_CHECK_CONSUMER) timestamp=3286 ms, used_size=13496320 bytes (33.0%)
(RDMA_READ_CONSUME_CHECK_CONSUMER) timestamp=3286 ms, used_size=13494272 bytes (32.9%)
(RDMA_READ_CONSUME_CHECK_CONSUMER) timestamp=3286 ms, used_size=13492224 bytes (32.9%)
(RDMA_READ_CONSUME_CHECK_CONSUMER) timestamp=3286 ms, used_size=13490176 bytes (32.9%)
(RDMA_READ_CONSUME_CHECK_CONSUMER) timestamp=3286 ms, used_size=13488128 bytes (32.9%)
(RDMA_READ_CONSUME_CHECK_CONSUMER) timestamp=3286 ms, used_size=13486080 bytes (32.9%)
(RDMA_READ_CONSUME_CHECK_CONSUMER) timestamp=3286 ms, used_size=13484032 bytes (32.9%)
(RDMA_READ_CONSUME_CHECK_CONSUMER) timestamp=3286 ms, used_size=13481984 bytes (32.9%)
(RDMA_READ_CONSUME_CHECK_CONSUMER) timestamp=3286 ms, used_size=13479936 bytes (32.9%)
(RDMA_READ_CONSUME_CHECK_CONSUMER) timestamp=3286 ms, used_size=13477888 bytes (32.9%)
(RDMA_READ_CONSUME_CHECK_CONSUMER) timestamp=3286 ms, used_size=13475840 bytes (32.9%)
(RDMA_READ_CONSUME_CHECK_CONSUMER) timestamp=3286 ms, used_size=13473792 bytes (32.9%)
(RDMA_READ_CONSUME_CHECK_CONSUMER) timestamp=3286 ms, used_size=13471744 bytes (32.9%)
(RDMA_READ_CONSUME_CHECK_CONSUMER) timestamp=3286 ms, used_size=13469696 bytes (32.9%)
(RDMA_READ_CONSUME_CHECK_CONSUMER) timestamp=3286 ms, used_size=13467648 bytes (32.9%)
(RDMA_READ_CONSUME_CHECK_CONSUMER) timestamp=3286 ms, used_size=13465600 bytes (32.9%)
(RDMA_READ_CONSUME_CHECK_CONSUMER) timestamp=3286 ms, used_size=13463552 bytes (32.9%)
(RDMA_READ_CONSUME_CHECK_CONSUMER) timestamp=3286 ms, used_size=13461504 bytes (32.9%)
(RDMA_READ_CONSUME_CHECK_CONSUMER) timestamp=3286 ms, used_size=13459456 bytes (32.9%)
(RDMA_READ_CONSUME_CHECK_CONSUMER) timestamp=3286 ms, used_size=13457408 bytes (32.9%)
(RDMA_READ_CONSUME_CHECK_CONSUMER) timestamp=3286 ms, used_size=13455360 bytes (32.9%)
(RDMA_READ_CONSUME_CHECK_CONSUMER) timestamp=3286 ms, used_size=13453312 bytes (32.8%)
(RDMA_READ_CONSUME_CHECK_CONSUMER) timestamp=3286 ms, used_size=13451264 bytes (32.8%)
(RDMA_READ_CONSUME_CHECK_CONSUMER) timestamp=3286 ms, used_size=13449216 bytes (32.8%)
(RDMA_READ_CONSUME_CHECK_CONSUMER) timestamp=3286 ms, used_size=13447168 bytes (32.8%)
(RDMA_READ_CONSUME_CHECK_CONSUMER) timestamp=3286 ms, used_size=13445120 bytes (32.8%)
(RDMA_READ_CONSUME_CHECK_CONSUMER) timestamp=3286 ms, used_size=13443072 bytes (32.8%)
(RDMA_READ_CONSUME_CHECK_CONSUMER) timestamp=3286 ms, used_size=13441024 bytes (32.8%)
(RDMA_READ_CONSUME_CHECK_CONSUMER) timestamp=3286 ms, used_size=13438976 bytes (32.8%)
(RDMA_READ_CONSUME_CHECK_CONSUMER) timestamp=3286 ms, used_size=13436928 bytes (32.8%)
(RDMA_READ_CONSUME_CHECK_CONSUMER) timestamp=3286 ms, used_size=13434880 bytes (32.8%)
(RDMA_READ_CONSUME_CHECK_CONSUMER) timestamp=3286 ms, used_size=13432832 bytes (32.8%)
(RDMA_READ_CONSUME_CHECK_CONSUMER) timestamp=3286 ms, used_size=13430784 bytes (32.8%)
(RDMA_READ_CONSUME_CHECK_CONSUMER) timestamp=3286 ms, used_size=13428736 bytes (32.8%)
(RDMA_READ_CONSUME_CHECK_CONSUMER) timestamp=3286 ms, used_size=13426688 bytes (32.8%)
(RDMA_READ_CONSUME_CHECK_CONSUMER) timestamp=3286 ms, used_size=13424640 bytes (32.8%)
(RDMA_READ_CONSUME_CHECK_CONSUMER) timestamp=3286 ms, used_size=13422592 bytes (32.8%)
(RDMA_READ_CONSUME_CHECK_CONSUMER) timestamp=3286 ms, used_size=13420544 bytes (32.8%)
(RDMA_READ_CONSUME_CHECK_CONSUMER) timestamp=3286 ms, used_size=13418496 bytes (32.8%)
(RDMA_READ_CONSUME_CHECK_CONSUMER) timestamp=3286 ms, used_size=13416448 bytes (32.8%)
(RDMA_READ_CONSUME_CHECK_CONSUMER) timestamp=3286 ms, used_size=13414400 bytes (32.8%)
(RDMA_READ_CONSUME_CHECK_CONSUMER) timestamp=3286 ms, used_size=13412352 bytes (32.7%)
(RDMA_READ_CONSUME_CHECK_CONSUMER) timestamp=3286 ms, used_size=13410304 bytes (32.7%)
(RDMA_READ_CONSUME_CHECK_CONSUMER) timestamp=3286 ms, used_size=13408256 bytes (32.7%)
(RDMA_READ_CONSUME_CHECK_CONSUMER) timestamp=3286 ms, used_size=13406208 bytes (32.7%)
(RDMA_READ_CONSUME_CHECK_CONSUMER) timestamp=3286 ms, used_size=13404160 bytes (32.7%)
(RDMA_READ_CONSUME_CHECK_CONSUMER) timestamp=3286 ms, used_size=13402112 bytes (32.7%)
(RDMA_READ_CONSUME_CHECK_CONSUMER) timestamp=3286 ms, used_size=13400064 bytes (32.7%)
(RDMA_READ_CONSUME_CHECK_CONSUMER) timestamp=3286 ms, used_size=13398016 bytes (32.7%)
(RDMA_READ_CONSUME_CHECK_CONSUMER) timestamp=3286 ms, used_size=13395968 bytes (32.7%)
(RDMA_READ_CONSUME_CHECK_CONSUMER) timestamp=3286 ms, used_size=13393920 bytes (32.7%)
(RDMA_READ_CONSUME_CHECK_CONSUMER) timestamp=3286 ms, used_size=13391872 bytes (32.7%)
(RDMA_READ_CONSUME_CHECK_CONSUMER) timestamp=3286 ms, used_size=13389824 bytes (32.7%)
(RDMA_READ_CONSUME_CHECK_CONSUMER) timestamp=3286 ms, used_size=13387776 bytes (32.7%)
(RDMA_READ_CONSUME_CHECK_CONSUMER) timestamp=3286 ms, used_size=13385728 bytes (32.7%)
(RDMA_READ_CONSUME_CHECK_CONSUMER) timestamp=3286 ms, used_size=13383680 bytes (32.7%)
(RDMA_READ_CONSUME_CHECK_CONSUMER) timestamp=3286 ms, used_size=13381632 bytes (32.7%)
(RDMA_READ_CONSUME_CHECK_CONSUMER) timestamp=3286 ms, used_size=13379584 bytes (32.7%)
(RDMA_READ_CONSUME_CHECK_CONSUMER) timestamp=3286 ms, used_size=13377536 bytes (32.7%)
(RDMA_READ_CONSUME_CHECK_CONSUMER) timestamp=3286 ms, used_size=13375488 bytes (32.7%)
(RDMA_READ_CONSUME_CHECK_CONSUMER) timestamp=3286 ms, used_size=13373440 bytes (32.6%)
(RDMA_READ_CONSUME_CHECK_CONSUMER) timestamp=3286 ms, used_size=13371392 bytes (32.6%)
(RDMA_READ_CONSUME_CHECK_CONSUMER) timestamp=3286 ms, used_size=13369344 bytes (32.6%)
(RDMA_READ_CONSUME_CHECK_CONSUMER) timestamp=3286 ms, used_size=13367296 bytes (32.6%)
(RDMA_READ_CONSUME_CHECK_CONSUMER) timestamp=3286 ms, used_size=13365248 bytes (32.6%)
(RDMA_READ_CONSUME_CHECK_CONSUMER) timestamp=3286 ms, used_size=13363200 bytes (32.6%)
(RDMA_READ_CONSUME_CHECK_CONSUMER) timestamp=3286 ms, used_size=13361152 bytes (32.6%)
(RDMA_READ_CONSUME_CHECK_CONSUMER) timestamp=3286 ms, used_size=13359104 bytes (32.6%)
(RDMA_READ_CONSUME_CHECK_CONSUMER) timestamp=3286 ms, used_size=13357056 bytes (32.6%)
(RDMA_READ_CONSUME_CHECK_CONSUMER) timestamp=3286 ms, used_size=13355008 bytes (32.6%)
(RDMA_READ_CONSUME_CHECK_CONSUMER) timestamp=3286 ms, used_size=13352960 bytes (32.6%)
(RDMA_READ_CONSUME_CHECK_CONSUMER) timestamp=3286 ms, used_size=13350912 bytes (32.6%)
(RDMA_READ_CONSUME_CHECK_CONSUMER) timestamp=3286 ms, used_size=13348864 bytes (32.6%)
(RDMA_READ_CONSUME_CHECK_CONSUMER) timestamp=3286 ms, used_size=13346816 bytes (32.6%)
(RDMA_READ_CONSUME_CHECK_CONSUMER) timestamp=3286 ms, used_size=13344768 bytes (32.6%)
(RDMA_READ_CONSUME_CHECK_CONSUMER) timestamp=3286 ms, used_size=13342720 bytes (32.6%)
(RDMA_READ_CONSUME_CHECK_CONSUMER) timestamp=3286 ms, used_size=13340672 bytes (32.6%)
(RDMA_READ_CONSUME_CHECK_CONSUMER) timestamp=3286 ms, used_size=13338624 bytes (32.6%)
(RDMA_READ_CONSUME_CHECK_CONSUMER) timestamp=3286 ms, used_size=13336576 bytes (32.6%)
(RDMA_READ_CONSUME_CHECK_CONSUMER) timestamp=3286 ms, used_size=13334528 bytes (32.6%)
(RDMA_READ_CONSUME_CHECK_CONSUMER) timestamp=3286 ms, used_size=13332480 bytes (32.5%)
(RDMA_READ_CONSUME_CHECK_CONSUMER) timestamp=3286 ms, used_size=13330432 bytes (32.5%)
(RDMA_READ_CONSUME_CHECK_CONSUMER) timestamp=3286 ms, used_size=13328384 bytes (32.5%)
(RDMA_READ_CONSUME_CHECK_CONSUMER) timestamp=3286 ms, used_size=13326336 bytes (32.5%)
(RDMA_READ_CONSUME_CHECK_CONSUMER) timestamp=3286 ms, used_size=13324288 bytes (32.5%)
(RDMA_READ_CONSUME_CHECK_CONSUMER) timestamp=3286 ms, used_size=13322240 bytes (32.5%)
(RDMA_READ_CONSUME_CHECK_CONSUMER) timestamp=3286 ms, used_size=13320192 bytes (32.5%)
(RDMA_READ_CONSUME_CHECK_CONSUMER) timestamp=3286 ms, used_size=13318144 bytes (32.5%)
(RDMA_READ_CONSUME_CHECK_CONSUMER) timestamp=3286 ms, used_size=13316096 bytes (32.5%)
(RDMA_READ_CONSUME_CHECK_CONSUMER) timestamp=3286 ms, used_size=13314048 bytes (32.5%)
(RDMA_READ_CONSUME_CHECK_CONSUMER) timestamp=3286 ms, used_size=13312000 bytes (32.5%)
(RDMA_READ_CONSUME_CHECK_CONSUMER) timestamp=3286 ms, used_size=13309952 bytes (32.5%)
(RDMA_READ_CONSUME_CHECK_CONSUMER) timestamp=3286 ms, used_size=13307904 bytes (32.5%)
(RDMA_READ_CONSUME_CHECK_CONSUMER) timestamp=3286 ms, used_size=13305856 bytes (32.5%)
(RDMA_READ_CONSUME_CHECK_CONSUMER) timestamp=3286 ms, used_size=13303808 bytes (32.5%)
(RDMA_READ_CONSUME_CHECK_CONSUMER) timestamp=3286 ms, used_size=13301760 bytes (32.5%)
(RDMA_READ_CONSUME_CHECK_CONSUMER) timestamp=3286 ms, used_size=13299712 bytes (32.5%)
(RDMA_READ_CONSUME_CHECK_CONSUMER) timestamp=3286 ms, used_size=13297664 bytes (32.5%)
(RDMA_READ_CONSUME_CHECK_CONSUMER) timestamp=3286 ms, used_size=13295616 bytes (32.5%)
(RDMA_READ_CONSUME_CHECK_CONSUMER) timestamp=3286 ms, used_size=13293568 bytes (32.5%)
(RDMA_READ_CONSUME_CHECK_CONSUMER) timestamp=3286 ms, used_size=13291520 bytes (32.5%)
(RDMA_READ_CONSUME_CHECK_CONSUMER) timestamp=3286 ms, used_size=13289472 bytes (32.4%)
(RDMA_READ_CONSUME_CHECK_CONSUMER) timestamp=3286 ms, used_size=13287424 bytes (32.4%)
(RDMA_READ_CONSUME_CHECK_CONSUMER) timestamp=3286 ms, used_size=13285376 bytes (32.4%)
(RDMA_READ_CONSUME_CHECK_CONSUMER) timestamp=3286 ms, used_size=13283328 bytes (32.4%)
(RDMA_READ_CONSUME_CHECK_CONSUMER) timestamp=3286 ms, used_size=13281280 bytes (32.4%)
(RDMA_READ_CONSUME_CHECK_CONSUMER) timestamp=3286 ms, used_size=13279232 bytes (32.4%)
(RDMA_READ_CONSUME_CHECK_CONSUMER) timestamp=3286 ms, used_size=13277184 bytes (32.4%)
(RDMA_READ_CONSUME_CHECK_CONSUMER) timestamp=3286 ms, used_size=13275136 bytes (32.4%)
(RDMA_READ_CONSUME_CHECK_CONSUMER) timestamp=3286 ms, used_size=13273088 bytes (32.4%)
(RDMA_READ_CONSUME_CHECK_CONSUMER) timestamp=3286 ms, used_size=13271040 bytes (32.4%)
(RDMA_READ_CONSUME_CHECK_CONSUMER) timestamp=3286 ms, used_size=13268992 bytes (32.4%)
(RDMA_READ_CONSUME_CHECK_CONSUMER) timestamp=3286 ms, used_size=13266944 bytes (32.4%)
(RDMA_READ_CONSUME_CHECK_CONSUMER) timestamp=3286 ms, used_size=13264896 bytes (32.4%)
(RDMA_READ_CONSUME_CHECK_CONSUMER) timestamp=3286 ms, used_size=13262848 bytes (32.4%)
(RDMA_READ_CONSUME_CHECK_CONSUMER) timestamp=3286 ms, used_size=13260800 bytes (32.4%)
(RDMA_READ_CONSUME_CHECK_CONSUMER) timestamp=3286 ms, used_size=13258752 bytes (32.4%)
(RDMA_READ_CONSUME_CHECK_CONSUMER) timestamp=3286 ms, used_size=13256704 bytes (32.4%)
(RDMA_READ_CONSUME_CHECK_CONSUMER) timestamp=3286 ms, used_size=13254656 bytes (32.4%)
(RDMA_READ_CONSUME_CHECK_CONSUMER) timestamp=3286 ms, used_size=13252608 bytes (32.4%)
(RDMA_READ_CONSUME_CHECK_CONSUMER) timestamp=3286 ms, used_size=13250560 bytes (32.4%)
(RDMA_READ_CONSUME_CHECK_CONSUMER) timestamp=3286 ms, used_size=13248512 bytes (32.3%)
(RDMA_READ_CONSUME_CHECK_CONSUMER) timestamp=3286 ms, used_size=13246464 bytes (32.3%)
(RDMA_READ_CONSUME_CHECK_CONSUMER) timestamp=3286 ms, used_size=13244416 bytes (32.3%)
(RDMA_READ_CONSUME_CHECK_CONSUMER) timestamp=3286 ms, used_size=13242368 bytes (32.3%)
(RDMA_READ_CONSUME_CHECK_CONSUMER) timestamp=3286 ms, used_size=13240320 bytes (32.3%)
(RDMA_READ_CONSUME_CHECK_CONSUMER) timestamp=3286 ms, used_size=13238272 bytes (32.3%)
(RDMA_READ_CONSUME_CHECK_CONSUMER) timestamp=3286 ms, used_size=13236224 bytes (32.3%)
(RDMA_READ_CONSUME_CHECK_CONSUMER) timestamp=3286 ms, used_size=13234176 bytes (32.3%)
(RDMA_READ_CONSUME_CHECK_CONSUMER) timestamp=3286 ms, used_size=13232128 bytes (32.3%)
(RDMA_READ_CONSUME_CHECK_CONSUMER) timestamp=3286 ms, used_size=13230080 bytes (32.3%)
(RDMA_READ_CONSUME_CHECK_CONSUMER) timestamp=3286 ms, used_size=13228032 bytes (32.3%)
(RDMA_READ_CONSUME_CHECK_CONSUMER) timestamp=3286 ms, used_size=13225984 bytes (32.3%)
(RDMA_READ_CONSUME_CHECK_CONSUMER) timestamp=3286 ms, used_size=13223936 bytes (32.3%)
(RDMA_READ_CONSUME_CHECK_CONSUMER) timestamp=3286 ms, used_size=13221888 bytes (32.3%)
(RDMA_READ_CONSUME_CHECK_CONSUMER) timestamp=3286 ms, used_size=13219840 bytes (32.3%)
(RDMA_READ_CONSUME_CHECK_CONSUMER) timestamp=3286 ms, used_size=13217792 bytes (32.3%)
(RDMA_READ_CONSUME_CHECK_CONSUMER) timestamp=3286 ms, used_size=13215744 bytes (32.3%)
(RDMA_READ_CONSUME_CHECK_CONSUMER) timestamp=3286 ms, used_size=13213696 bytes (32.3%)
(RDMA_READ_CONSUME_CHECK_CONSUMER) timestamp=3286 ms, used_size=13211648 bytes (32.3%)
(RDMA_READ_CONSUME_CHECK_CONSUMER) timestamp=3286 ms, used_size=13209600 bytes (32.2%)
(RDMA_READ_CONSUME_CHECK_CONSUMER) timestamp=3286 ms, used_size=13207552 bytes (32.2%)
(RDMA_READ_CONSUME_CHECK_CONSUMER) timestamp=3286 ms, used_size=13205504 bytes (32.2%)
(RDMA_READ_CONSUME_CHECK_CONSUMER) timestamp=3286 ms, used_size=13203456 bytes (32.2%)
(RDMA_READ_CONSUME_CHECK_CONSUMER) timestamp=3286 ms, used_size=13201408 bytes (32.2%)
(RDMA_READ_CONSUME_CHECK_CONSUMER) timestamp=3286 ms, used_size=13199360 bytes (32.2%)
(RDMA_READ_CONSUME_CHECK_CONSUMER) timestamp=3286 ms, used_size=13197312 bytes (32.2%)
(RDMA_READ_CONSUME_CHECK_CONSUMER) timestamp=3286 ms, used_size=13195264 bytes (32.2%)
(RDMA_READ_CONSUME_CHECK_CONSUMER) timestamp=3286 ms, used_size=13193216 bytes (32.2%)
(RDMA_READ_CONSUME_CHECK_CONSUMER) timestamp=3286 ms, used_size=13191168 bytes (32.2%)
(RDMA_READ_CONSUME_CHECK_CONSUMER) timestamp=3286 ms, used_size=13189120 bytes (32.2%)
(RDMA_READ_CONSUME_CHECK_CONSUMER) timestamp=3286 ms, used_size=13187072 bytes (32.2%)
(RDMA_READ_CONSUME_CHECK_CONSUMER) timestamp=3286 ms, used_size=13185024 bytes (32.2%)
(RDMA_READ_CONSUME_CHECK_CONSUMER) timestamp=3286 ms, used_size=13182976 bytes (32.2%)
(RDMA_READ_CONSUME_CHECK_CONSUMER) timestamp=3286 ms, used_size=13180928 bytes (32.2%)
(RDMA_READ_CONSUME_CHECK_CONSUMER) timestamp=3286 ms, used_size=13178880 bytes (32.2%)
(RDMA_READ_CONSUME_CHECK_CONSUMER) timestamp=3286 ms, used_size=13176832 bytes (32.2%)
(RDMA_READ_CONSUME_CHECK_CONSUMER) timestamp=3286 ms, used_size=13174784 bytes (32.2%)
(RDMA_READ_CONSUME_CHECK_CONSUMER) timestamp=3286 ms, used_size=13172736 bytes (32.2%)
(RDMA_READ_CONSUME_CHECK_CONSUMER) timestamp=3286 ms, used_size=13170688 bytes (32.2%)
(RDMA_READ_CONSUME_CHECK_CONSUMER) timestamp=3286 ms, used_size=13168640 bytes (32.1%)
(RDMA_READ_CONSUME_CHECK_CONSUMER) timestamp=3286 ms, used_size=13166592 bytes (32.1%)
(RDMA_READ_CONSUME_CHECK_CONSUMER) timestamp=3286 ms, used_size=13164544 bytes (32.1%)
(RDMA_READ_CONSUME_CHECK_CONSUMER) timestamp=3286 ms, used_size=13162496 bytes (32.1%)
(RDMA_READ_CONSUME_CHECK_CONSUMER) timestamp=3286 ms, used_size=13160448 bytes (32.1%)
(RDMA_READ_CONSUME_CHECK_CONSUMER) timestamp=3286 ms, used_size=13158400 bytes (32.1%)
(RDMA_READ_CONSUME_CHECK_CONSUMER) timestamp=3287 ms, used_size=13156352 bytes (32.1%)
(RDMA_READ_CONSUME_CHECK_CONSUMER) timestamp=3287 ms, used_size=13154304 bytes (32.1%)
(RDMA_READ_CONSUME_CHECK_CONSUMER) timestamp=3287 ms, used_size=13152256 bytes (32.1%)
(RDMA_READ_CONSUME_CHECK_CONSUMER) timestamp=3287 ms, used_size=13150208 bytes (32.1%)
(RDMA_READ_CONSUME_CHECK_CONSUMER) timestamp=3287 ms, used_size=13148160 bytes (32.1%)
(RDMA_READ_CONSUME_CHECK_CONSUMER) timestamp=3287 ms, used_size=13146112 bytes (32.1%)
(RDMA_READ_CONSUME_CHECK_CONSUMER) timestamp=3287 ms, used_size=13144064 bytes (32.1%)
(RDMA_READ_CONSUME_CHECK_CONSUMER) timestamp=3287 ms, used_size=13142016 bytes (32.1%)
(RDMA_READ_CONSUME_CHECK_CONSUMER) timestamp=3287 ms, used_size=13139968 bytes (32.1%)
(RDMA_READ_CONSUME_CHECK_CONSUMER) timestamp=3287 ms, used_size=13137920 bytes (32.1%)
(RDMA_READ_CONSUME_CHECK_CONSUMER) timestamp=3287 ms, used_size=13135872 bytes (32.1%)
(RDMA_READ_CONSUME_CHECK_CONSUMER) timestamp=3287 ms, used_size=13133824 bytes (32.1%)
(RDMA_READ_CONSUME_CHECK_CONSUMER) timestamp=3287 ms, used_size=13131776 bytes (32.1%)
(RDMA_READ_CONSUME_CHECK_CONSUMER) timestamp=3287 ms, used_size=13129728 bytes (32.1%)
(RDMA_READ_CONSUME_CHECK_CONSUMER) timestamp=3287 ms, used_size=13127680 bytes (32.0%)
(RDMA_READ_CONSUME_CHECK_CONSUMER) timestamp=3287 ms, used_size=13125632 bytes (32.0%)
(RDMA_READ_CONSUME_CHECK_CONSUMER) timestamp=3287 ms, used_size=13123584 bytes (32.0%)
(RDMA_READ_CONSUME_CHECK_CONSUMER) timestamp=3287 ms, used_size=13121536 bytes (32.0%)
(RDMA_READ_CONSUME_CHECK_CONSUMER) timestamp=3287 ms, used_size=13119488 bytes (32.0%)
(RDMA_READ_CONSUME_CHECK_CONSUMER) timestamp=3287 ms, used_size=13117440 bytes (32.0%)
(RDMA_READ_CONSUME_CHECK_CONSUMER) timestamp=3287 ms, used_size=13115392 bytes (32.0%)
(RDMA_READ_CONSUME_CHECK_CONSUMER) timestamp=3287 ms, used_size=13113344 bytes (32.0%)
(RDMA_READ_CONSUME_CHECK_CONSUMER) timestamp=3287 ms, used_size=13111296 bytes (32.0%)
(RDMA_READ_CONSUME_CHECK_CONSUMER) timestamp=3287 ms, used_size=13109248 bytes (32.0%)
(RDMA_READ_CONSUME_CHECK_CONSUMER) timestamp=3287 ms, used_size=13107200 bytes (32.0%)
(RDMA_READ_CONSUME_CHECK_CONSUMER) timestamp=3287 ms, used_size=13105152 bytes (32.0%)
(RDMA_READ_CONSUME_CHECK_CONSUMER) timestamp=3287 ms, used_size=13103104 bytes (32.0%)
(RDMA_READ_CONSUME_CHECK_CONSUMER) timestamp=3287 ms, used_size=13101056 bytes (32.0%)
(RDMA_READ_CONSUME_CHECK_CONSUMER) timestamp=3287 ms, used_size=13099008 bytes (32.0%)
(RDMA_READ_CONSUME_CHECK_CONSUMER) timestamp=3287 ms, used_size=13096960 bytes (32.0%)
(RDMA_READ_CONSUME_CHECK_CONSUMER) timestamp=3287 ms, used_size=13094912 bytes (32.0%)
(RDMA_READ_CONSUME_CHECK_CONSUMER) timestamp=3287 ms, used_size=13092864 bytes (32.0%)
(RDMA_READ_CONSUME_CHECK_CONSUMER) timestamp=3287 ms, used_size=13090816 bytes (32.0%)
(RDMA_READ_CONSUME_CHECK_CONSUMER) timestamp=3287 ms, used_size=13088768 bytes (32.0%)
(RDMA_READ_CONSUME_CHECK_CONSUMER) timestamp=3287 ms, used_size=13086720 bytes (31.9%)
(RDMA_READ_CONSUME_CHECK_CONSUMER) timestamp=3287 ms, used_size=13084672 bytes (31.9%)
(RDMA_READ_CONSUME_CHECK_CONSUMER) timestamp=3287 ms, used_size=13082624 bytes (31.9%)
(RDMA_READ_CONSUME_CHECK_CONSUMER) timestamp=3287 ms, used_size=13080576 bytes (31.9%)
(RDMA_READ_CONSUME_CHECK_CONSUMER) timestamp=3287 ms, used_size=13078528 bytes (31.9%)
(RDMA_READ_CONSUME_CHECK_CONSUMER) timestamp=3287 ms, used_size=13076480 bytes (31.9%)
(RDMA_READ_CONSUME_CHECK_CONSUMER) timestamp=3287 ms, used_size=13074432 bytes (31.9%)
(RDMA_READ_CONSUME_CHECK_CONSUMER) timestamp=3287 ms, used_size=13072384 bytes (31.9%)
(RDMA_READ_CONSUME_CHECK_CONSUMER) timestamp=3287 ms, used_size=13070336 bytes (31.9%)
(RDMA_READ_CONSUME_CHECK_CONSUMER) timestamp=3287 ms, used_size=13068288 bytes (31.9%)
(RDMA_READ_CONSUME_CHECK_CONSUMER) timestamp=3287 ms, used_size=13066240 bytes (31.9%)
(RDMA_READ_CONSUME_CHECK_CONSUMER) timestamp=3287 ms, used_size=13064192 bytes (31.9%)
(RDMA_READ_CONSUME_CHECK_CONSUMER) timestamp=3287 ms, used_size=13062144 bytes (31.9%)
(RDMA_READ_CONSUME_CHECK_CONSUMER) timestamp=3287 ms, used_size=13060096 bytes (31.9%)
(RDMA_READ_CONSUME_CHECK_CONSUMER) timestamp=3287 ms, used_size=13058048 bytes (31.9%)
(RDMA_READ_CONSUME_CHECK_CONSUMER) timestamp=3287 ms, used_size=13056000 bytes (31.9%)
(RDMA_READ_CONSUME_CHECK_CONSUMER) timestamp=3287 ms, used_size=13053952 bytes (31.9%)
(RDMA_READ_CONSUME_CHECK_CONSUMER) timestamp=3287 ms, used_size=13051904 bytes (31.9%)
(RDMA_READ_CONSUME_CHECK_CONSUMER) timestamp=3287 ms, used_size=13049856 bytes (31.9%)
(RDMA_READ_CONSUME_CHECK_CONSUMER) timestamp=3287 ms, used_size=13047808 bytes (31.9%)
(RDMA_READ_CONSUME_CHECK_CONSUMER) timestamp=3287 ms, used_size=13045760 bytes (31.9%)
(RDMA_READ_CONSUME_CHECK_CONSUMER) timestamp=3287 ms, used_size=13043712 bytes (31.8%)
(RDMA_READ_CONSUME_CHECK_CONSUMER) timestamp=3287 ms, used_size=13041664 bytes (31.8%)
(RDMA_READ_CONSUME_CHECK_CONSUMER) timestamp=3287 ms, used_size=13039616 bytes (31.8%)
(RDMA_READ_CONSUME_CHECK_CONSUMER) timestamp=3287 ms, used_size=13037568 bytes (31.8%)
(RDMA_READ_CONSUME_CHECK_CONSUMER) timestamp=3287 ms, used_size=13035520 bytes (31.8%)
(RDMA_READ_CONSUME_CHECK_CONSUMER) timestamp=3287 ms, used_size=13033472 bytes (31.8%)
(RDMA_READ_CONSUME_CHECK_CONSUMER) timestamp=3287 ms, used_size=13031424 bytes (31.8%)
(RDMA_READ_CONSUME_CHECK_CONSUMER) timestamp=3287 ms, used_size=13029376 bytes (31.8%)
(RDMA_READ_CONSUME_CHECK_CONSUMER) timestamp=3287 ms, used_size=13027328 bytes (31.8%)
(RDMA_READ_CONSUME_CHECK_CONSUMER) timestamp=3287 ms, used_size=13025280 bytes (31.8%)
(RDMA_READ_CONSUME_CHECK_CONSUMER) timestamp=3287 ms, used_size=13023232 bytes (31.8%)
(RDMA_READ_CONSUME_CHECK_CONSUMER) timestamp=3287 ms, used_size=13021184 bytes (31.8%)
(RDMA_READ_CONSUME_CHECK_CONSUMER) timestamp=3287 ms, used_size=13019136 bytes (31.8%)
(RDMA_READ_CONSUME_CHECK_CONSUMER) timestamp=3287 ms, used_size=13017088 bytes (31.8%)
(RDMA_READ_CONSUME_CHECK_CONSUMER) timestamp=3287 ms, used_size=13015040 bytes (31.8%)
(RDMA_READ_CONSUME_CHECK_CONSUMER) timestamp=3287 ms, used_size=13012992 bytes (31.8%)
(RDMA_READ_CONSUME_CHECK_CONSUMER) timestamp=3287 ms, used_size=13010944 bytes (31.8%)
(RDMA_READ_CONSUME_CHECK_CONSUMER) timestamp=3287 ms, used_size=13008896 bytes (31.8%)
(RDMA_READ_CONSUME_CHECK_CONSUMER) timestamp=3287 ms, used_size=13006848 bytes (31.8%)
(RDMA_READ_CONSUME_CHECK_CONSUMER) timestamp=3287 ms, used_size=13004800 bytes (31.8%)
(RDMA_READ_CONSUME_CHECK_CONSUMER) timestamp=3287 ms, used_size=13002752 bytes (31.7%)
(RDMA_READ_CONSUME_CHECK_CONSUMER) timestamp=3287 ms, used_size=13000704 bytes (31.7%)
(RDMA_READ_CONSUME_CHECK_CONSUMER) timestamp=3287 ms, used_size=12998656 bytes (31.7%)
(RDMA_READ_CONSUME_CHECK_CONSUMER) timestamp=3287 ms, used_size=12996608 bytes (31.7%)
(RDMA_READ_CONSUME_CHECK_CONSUMER) timestamp=3287 ms, used_size=12994560 bytes (31.7%)
(RDMA_READ_CONSUME_CHECK_CONSUMER) timestamp=3287 ms, used_size=12992512 bytes (31.7%)
(RDMA_READ_CONSUME_CHECK_CONSUMER) timestamp=3287 ms, used_size=12990464 bytes (31.7%)
(RDMA_READ_CONSUME_CHECK_CONSUMER) timestamp=3287 ms, used_size=12988416 bytes (31.7%)
(RDMA_READ_CONSUME_CHECK_CONSUMER) timestamp=3287 ms, used_size=12986368 bytes (31.7%)
(RDMA_READ_CONSUME_CHECK_CONSUMER) timestamp=3287 ms, used_size=12984320 bytes (31.7%)
(RDMA_READ_CONSUME_CHECK_CONSUMER) timestamp=3287 ms, used_size=12982272 bytes (31.7%)
(RDMA_READ_CONSUME_CHECK_CONSUMER) timestamp=3287 ms, used_size=12980224 bytes (31.7%)
(RDMA_READ_CONSUME_CHECK_CONSUMER) timestamp=3287 ms, used_size=12978176 bytes (31.7%)
(RDMA_READ_CONSUME_CHECK_CONSUMER) timestamp=3287 ms, used_size=12976128 bytes (31.7%)
(RDMA_READ_CONSUME_CHECK_CONSUMER) timestamp=3287 ms, used_size=12974080 bytes (31.7%)
(RDMA_READ_CONSUME_CHECK_CONSUMER) timestamp=3287 ms, used_size=12972032 bytes (31.7%)
(RDMA_READ_CONSUME_CHECK_CONSUMER) timestamp=3287 ms, used_size=12969984 bytes (31.7%)
(RDMA_READ_CONSUME_CHECK_CONSUMER) timestamp=3287 ms, used_size=12967936 bytes (31.7%)
(RDMA_READ_CONSUME_CHECK_CONSUMER) timestamp=3287 ms, used_size=12965888 bytes (31.7%)
(RDMA_READ_CONSUME_CHECK_CONSUMER) timestamp=3287 ms, used_size=12963840 bytes (31.6%)
(RDMA_READ_CONSUME_CHECK_CONSUMER) timestamp=3287 ms, used_size=12961792 bytes (31.6%)
(RDMA_READ_CONSUME_CHECK_CONSUMER) timestamp=3287 ms, used_size=12959744 bytes (31.6%)
(RDMA_READ_CONSUME_CHECK_CONSUMER) timestamp=3287 ms, used_size=12957696 bytes (31.6%)
(RDMA_READ_CONSUME_CHECK_CONSUMER) timestamp=3287 ms, used_size=12955648 bytes (31.6%)
(RDMA_READ_CONSUME_CHECK_CONSUMER) timestamp=3287 ms, used_size=12953600 bytes (31.6%)
(RDMA_READ_CONSUME_CHECK_CONSUMER) timestamp=3287 ms, used_size=12951552 bytes (31.6%)
(RDMA_READ_CONSUME_CHECK_CONSUMER) timestamp=3287 ms, used_size=12949504 bytes (31.6%)
(RDMA_READ_CONSUME_CHECK_CONSUMER) timestamp=3287 ms, used_size=12947456 bytes (31.6%)
(RDMA_READ_CONSUME_CHECK_CONSUMER) timestamp=3287 ms, used_size=12945408 bytes (31.6%)
(RDMA_READ_CONSUME_CHECK_CONSUMER) timestamp=3287 ms, used_size=12943360 bytes (31.6%)
(RDMA_READ_CONSUME_CHECK_CONSUMER) timestamp=3287 ms, used_size=12941312 bytes (31.6%)
(RDMA_READ_CONSUME_CHECK_CONSUMER) timestamp=3287 ms, used_size=12939264 bytes (31.6%)
(RDMA_READ_CONSUME_CHECK_CONSUMER) timestamp=3287 ms, used_size=12937216 bytes (31.6%)
(RDMA_READ_CONSUME_CHECK_CONSUMER) timestamp=3287 ms, used_size=12935168 bytes (31.6%)
(RDMA_READ_CONSUME_CHECK_CONSUMER) timestamp=3287 ms, used_size=12933120 bytes (31.6%)
(RDMA_READ_CONSUME_CHECK_CONSUMER) timestamp=3287 ms, used_size=12931072 bytes (31.6%)
(RDMA_READ_CONSUME_CHECK_CONSUMER) timestamp=3287 ms, used_size=12929024 bytes (31.6%)
(RDMA_READ_CONSUME_CHECK_CONSUMER) timestamp=3287 ms, used_size=12926976 bytes (31.6%)
(RDMA_READ_CONSUME_CHECK_CONSUMER) timestamp=3287 ms, used_size=12924928 bytes (31.6%)
(RDMA_READ_CONSUME_CHECK_CONSUMER) timestamp=3287 ms, used_size=12922880 bytes (31.6%)
(RDMA_READ_CONSUME_CHECK_CONSUMER) timestamp=3287 ms, used_size=12920832 bytes (31.5%)
(RDMA_READ_CONSUME_CHECK_CONSUMER) timestamp=3287 ms, used_size=12918784 bytes (31.5%)
(RDMA_READ_CONSUME_CHECK_CONSUMER) timestamp=3287 ms, used_size=12916736 bytes (31.5%)
(RDMA_READ_CONSUME_CHECK_CONSUMER) timestamp=3287 ms, used_size=12914688 bytes (31.5%)
(RDMA_READ_CONSUME_CHECK_CONSUMER) timestamp=3287 ms, used_size=12912640 bytes (31.5%)
(RDMA_READ_CONSUME_CHECK_CONSUMER) timestamp=3287 ms, used_size=12910592 bytes (31.5%)
(RDMA_READ_CONSUME_CHECK_CONSUMER) timestamp=3287 ms, used_size=12908544 bytes (31.5%)
(RDMA_READ_CONSUME_CHECK_CONSUMER) timestamp=3287 ms, used_size=12906496 bytes (31.5%)
(RDMA_READ_CONSUME_CHECK_CONSUMER) timestamp=3287 ms, used_size=12904448 bytes (31.5%)
(RDMA_READ_CONSUME_CHECK_CONSUMER) timestamp=3287 ms, used_size=12902400 bytes (31.5%)
(RDMA_READ_CONSUME_CHECK_CONSUMER) timestamp=3287 ms, used_size=12900352 bytes (31.5%)
(RDMA_READ_CONSUME_CHECK_CONSUMER) timestamp=3287 ms, used_size=12898304 bytes (31.5%)
(RDMA_READ_CONSUME_CHECK_CONSUMER) timestamp=3287 ms, used_size=12896256 bytes (31.5%)
(RDMA_READ_CONSUME_CHECK_CONSUMER) timestamp=3287 ms, used_size=12894208 bytes (31.5%)
(RDMA_READ_CONSUME_CHECK_CONSUMER) timestamp=3287 ms, used_size=12892160 bytes (31.5%)
(RDMA_READ_CONSUME_CHECK_CONSUMER) timestamp=3287 ms, used_size=12890112 bytes (31.5%)
(RDMA_READ_CONSUME_CHECK_CONSUMER) timestamp=3287 ms, used_size=12888064 bytes (31.5%)
(RDMA_READ_CONSUME_CHECK_CONSUMER) timestamp=3287 ms, used_size=12886016 bytes (31.5%)
(RDMA_READ_CONSUME_CHECK_CONSUMER) timestamp=3287 ms, used_size=12883968 bytes (31.5%)
(RDMA_READ_CONSUME_CHECK_CONSUMER) timestamp=3287 ms, used_size=12881920 bytes (31.4%)
(RDMA_READ_CONSUME_CHECK_CONSUMER) timestamp=3287 ms, used_size=12879872 bytes (31.4%)
(RDMA_READ_CONSUME_CHECK_CONSUMER) timestamp=3287 ms, used_size=12877824 bytes (31.4%)
(RDMA_READ_CONSUME_CHECK_CONSUMER) timestamp=3287 ms, used_size=12875776 bytes (31.4%)
(RDMA_READ_CONSUME_CHECK_CONSUMER) timestamp=3287 ms, used_size=12873728 bytes (31.4%)
(RDMA_READ_CONSUME_CHECK_CONSUMER) timestamp=3287 ms, used_size=12871680 bytes (31.4%)
(RDMA_READ_CONSUME_CHECK_CONSUMER) timestamp=3287 ms, used_size=12869632 bytes (31.4%)
(RDMA_READ_CONSUME_CHECK_CONSUMER) timestamp=3287 ms, used_size=12867584 bytes (31.4%)
(RDMA_READ_CONSUME_CHECK_CONSUMER) timestamp=3287 ms, used_size=12865536 bytes (31.4%)
(RDMA_READ_CONSUME_CHECK_CONSUMER) timestamp=3287 ms, used_size=12863488 bytes (31.4%)
(RDMA_READ_CONSUME_CHECK_CONSUMER) timestamp=3287 ms, used_size=12861440 bytes (31.4%)
(RDMA_READ_CONSUME_CHECK_CONSUMER) timestamp=3287 ms, used_size=12859392 bytes (31.4%)
(RDMA_READ_CONSUME_CHECK_CONSUMER) timestamp=3287 ms, used_size=12857344 bytes (31.4%)
(RDMA_READ_CONSUME_CHECK_CONSUMER) timestamp=3287 ms, used_size=12855296 bytes (31.4%)
(RDMA_READ_CONSUME_CHECK_CONSUMER) timestamp=3287 ms, used_size=12853248 bytes (31.4%)
(RDMA_READ_CONSUME_CHECK_CONSUMER) timestamp=3287 ms, used_size=12851200 bytes (31.4%)
(RDMA_READ_CONSUME_CHECK_CONSUMER) timestamp=3287 ms, used_size=12849152 bytes (31.4%)
(RDMA_READ_CONSUME_CHECK_CONSUMER) timestamp=3287 ms, used_size=12847104 bytes (31.4%)
(RDMA_READ_CONSUME_CHECK_CONSUMER) timestamp=3287 ms, used_size=12845056 bytes (31.4%)
(RDMA_READ_CONSUME_CHECK_CONSUMER) timestamp=3287 ms, used_size=12843008 bytes (31.4%)
(RDMA_READ_CONSUME_CHECK_CONSUMER) timestamp=3287 ms, used_size=12840960 bytes (31.4%)
(RDMA_READ_CONSUME_CHECK_CONSUMER) timestamp=3287 ms, used_size=12838912 bytes (31.3%)
(RDMA_READ_CONSUME_CHECK_CONSUMER) timestamp=3287 ms, used_size=12836864 bytes (31.3%)
(RDMA_READ_CONSUME_CHECK_CONSUMER) timestamp=3287 ms, used_size=12834816 bytes (31.3%)
(RDMA_READ_CONSUME_CHECK_CONSUMER) timestamp=3287 ms, used_size=12832768 bytes (31.3%)
(RDMA_READ_CONSUME_CHECK_CONSUMER) timestamp=3287 ms, used_size=12830720 bytes (31.3%)
(RDMA_READ_CONSUME_CHECK_CONSUMER) timestamp=3287 ms, used_size=12828672 bytes (31.3%)
(RDMA_READ_CONSUME_CHECK_CONSUMER) timestamp=3287 ms, used_size=12826624 bytes (31.3%)
(RDMA_READ_CONSUME_CHECK_CONSUMER) timestamp=3287 ms, used_size=12824576 bytes (31.3%)
(RDMA_READ_CONSUME_CHECK_CONSUMER) timestamp=3287 ms, used_size=12822528 bytes (31.3%)
(RDMA_READ_CONSUME_CHECK_CONSUMER) timestamp=3287 ms, used_size=12820480 bytes (31.3%)
(RDMA_READ_CONSUME_CHECK_CONSUMER) timestamp=3287 ms, used_size=12818432 bytes (31.3%)
(RDMA_READ_CONSUME_CHECK_CONSUMER) timestamp=3287 ms, used_size=12816384 bytes (31.3%)
(RDMA_READ_CONSUME_CHECK_CONSUMER) timestamp=3287 ms, used_size=12814336 bytes (31.3%)
(RDMA_READ_CONSUME_CHECK_CONSUMER) timestamp=3287 ms, used_size=12812288 bytes (31.3%)
(RDMA_READ_CONSUME_CHECK_CONSUMER) timestamp=3287 ms, used_size=12810240 bytes (31.3%)
(RDMA_READ_CONSUME_CHECK_CONSUMER) timestamp=3287 ms, used_size=12808192 bytes (31.3%)
(RDMA_READ_CONSUME_CHECK_CONSUMER) timestamp=3287 ms, used_size=12806144 bytes (31.3%)
(RDMA_READ_CONSUME_CHECK_CONSUMER) timestamp=3287 ms, used_size=12804096 bytes (31.3%)
(RDMA_READ_CONSUME_CHECK_CONSUMER) timestamp=3287 ms, used_size=12802048 bytes (31.3%)
(RDMA_READ_CONSUME_CHECK_CONSUMER) timestamp=3287 ms, used_size=12800000 bytes (31.2%)
(RDMA_READ_CONSUME_CHECK_CONSUMER) timestamp=3287 ms, used_size=12797952 bytes (31.2%)
(RDMA_READ_CONSUME_CHECK_CONSUMER) timestamp=3287 ms, used_size=12795904 bytes (31.2%)
(RDMA_READ_CONSUME_CHECK_CONSUMER) timestamp=3287 ms, used_size=12793856 bytes (31.2%)
(RDMA_READ_CONSUME_CHECK_CONSUMER) timestamp=3287 ms, used_size=12791808 bytes (31.2%)
(RDMA_READ_CONSUME_CHECK_CONSUMER) timestamp=3287 ms, used_size=12789760 bytes (31.2%)
(RDMA_READ_CONSUME_CHECK_CONSUMER) timestamp=3288 ms, used_size=12787712 bytes (31.2%)
(RDMA_READ_CONSUME_CHECK_CONSUMER) timestamp=3288 ms, used_size=12785664 bytes (31.2%)
(RDMA_READ_CONSUME_CHECK_CONSUMER) timestamp=3288 ms, used_size=12783616 bytes (31.2%)
(RDMA_READ_CONSUME_CHECK_CONSUMER) timestamp=3288 ms, used_size=12781568 bytes (31.2%)
(RDMA_READ_CONSUME_CHECK_CONSUMER) timestamp=3288 ms, used_size=12779520 bytes (31.2%)
(RDMA_READ_CONSUME_CHECK_CONSUMER) timestamp=3288 ms, used_size=12777472 bytes (31.2%)
(RDMA_READ_CONSUME_CHECK_CONSUMER) timestamp=3288 ms, used_size=12775424 bytes (31.2%)
(RDMA_READ_CONSUME_CHECK_CONSUMER) timestamp=3288 ms, used_size=12773376 bytes (31.2%)
(RDMA_READ_CONSUME_CHECK_CONSUMER) timestamp=3288 ms, used_size=12771328 bytes (31.2%)
(RDMA_READ_CONSUME_CHECK_CONSUMER) timestamp=3288 ms, used_size=12769280 bytes (31.2%)
(RDMA_READ_CONSUME_CHECK_CONSUMER) timestamp=3288 ms, used_size=12767232 bytes (31.2%)
(RDMA_READ_CONSUME_CHECK_CONSUMER) timestamp=3288 ms, used_size=12765184 bytes (31.2%)
(RDMA_READ_CONSUME_CHECK_CONSUMER) timestamp=3288 ms, used_size=12763136 bytes (31.2%)
(RDMA_READ_CONSUME_CHECK_CONSUMER) timestamp=3288 ms, used_size=12761088 bytes (31.2%)
(RDMA_READ_CONSUME_CHECK_CONSUMER) timestamp=3288 ms, used_size=12759040 bytes (31.1%)
(RDMA_READ_CONSUME_CHECK_CONSUMER) timestamp=3288 ms, used_size=12756992 bytes (31.1%)
(RDMA_READ_CONSUME_CHECK_CONSUMER) timestamp=3288 ms, used_size=12754944 bytes (31.1%)
(RDMA_READ_CONSUME_CHECK_CONSUMER) timestamp=3288 ms, used_size=12752896 bytes (31.1%)
(RDMA_READ_CONSUME_CHECK_CONSUMER) timestamp=3288 ms, used_size=12750848 bytes (31.1%)
(RDMA_READ_CONSUME_CHECK_CONSUMER) timestamp=3288 ms, used_size=12748800 bytes (31.1%)
(RDMA_READ_CONSUME_CHECK_CONSUMER) timestamp=3288 ms, used_size=12746752 bytes (31.1%)
(RDMA_READ_CONSUME_CHECK_CONSUMER) timestamp=3288 ms, used_size=12744704 bytes (31.1%)
(RDMA_READ_CONSUME_CHECK_CONSUMER) timestamp=3288 ms, used_size=12742656 bytes (31.1%)
(RDMA_READ_CONSUME_CHECK_CONSUMER) timestamp=3288 ms, used_size=12740608 bytes (31.1%)
(RDMA_READ_CONSUME_CHECK_CONSUMER) timestamp=3288 ms, used_size=12738560 bytes (31.1%)
(RDMA_READ_CONSUME_CHECK_CONSUMER) timestamp=3288 ms, used_size=12736512 bytes (31.1%)
(RDMA_READ_CONSUME_CHECK_CONSUMER) timestamp=3288 ms, used_size=12734464 bytes (31.1%)
(RDMA_READ_CONSUME_CHECK_CONSUMER) timestamp=3288 ms, used_size=12732416 bytes (31.1%)
(RDMA_READ_CONSUME_CHECK_CONSUMER) timestamp=3288 ms, used_size=12730368 bytes (31.1%)
(RDMA_READ_CONSUME_CHECK_CONSUMER) timestamp=3288 ms, used_size=12728320 bytes (31.1%)
(RDMA_READ_CONSUME_CHECK_CONSUMER) timestamp=3288 ms, used_size=12726272 bytes (31.1%)
(RDMA_READ_CONSUME_CHECK_CONSUMER) timestamp=3288 ms, used_size=12724224 bytes (31.1%)
(RDMA_READ_CONSUME_CHECK_CONSUMER) timestamp=3288 ms, used_size=12722176 bytes (31.1%)
(RDMA_READ_CONSUME_CHECK_CONSUMER) timestamp=3288 ms, used_size=12720128 bytes (31.1%)
(RDMA_READ_CONSUME_CHECK_CONSUMER) timestamp=3288 ms, used_size=12718080 bytes (31.1%)
(RDMA_READ_CONSUME_CHECK_CONSUMER) timestamp=3288 ms, used_size=12716032 bytes (31.0%)
(RDMA_READ_CONSUME_CHECK_CONSUMER) timestamp=3288 ms, used_size=12713984 bytes (31.0%)
(RDMA_READ_CONSUME_CHECK_CONSUMER) timestamp=3288 ms, used_size=12711936 bytes (31.0%)
(RDMA_READ_CONSUME_CHECK_CONSUMER) timestamp=3288 ms, used_size=12709888 bytes (31.0%)
(RDMA_READ_CONSUME_CHECK_CONSUMER) timestamp=3288 ms, used_size=12707840 bytes (31.0%)
(RDMA_READ_CONSUME_CHECK_CONSUMER) timestamp=3288 ms, used_size=12705792 bytes (31.0%)
(RDMA_READ_CONSUME_CHECK_CONSUMER) timestamp=3288 ms, used_size=12703744 bytes (31.0%)
(RDMA_READ_CONSUME_CHECK_CONSUMER) timestamp=3288 ms, used_size=12701696 bytes (31.0%)
(RDMA_READ_CONSUME_CHECK_CONSUMER) timestamp=3288 ms, used_size=12699648 bytes (31.0%)
(RDMA_READ_CONSUME_CHECK_CONSUMER) timestamp=3288 ms, used_size=12697600 bytes (31.0%)
(RDMA_READ_CONSUME_CHECK_CONSUMER) timestamp=3288 ms, used_size=12695552 bytes (31.0%)
(RDMA_READ_CONSUME_CHECK_CONSUMER) timestamp=3288 ms, used_size=12693504 bytes (31.0%)
(RDMA_READ_CONSUME_CHECK_CONSUMER) timestamp=3288 ms, used_size=12691456 bytes (31.0%)
(RDMA_READ_CONSUME_CHECK_CONSUMER) timestamp=3288 ms, used_size=12689408 bytes (31.0%)
(RDMA_READ_CONSUME_CHECK_CONSUMER) timestamp=3288 ms, used_size=12687360 bytes (31.0%)
(RDMA_READ_CONSUME_CHECK_CONSUMER) timestamp=3288 ms, used_size=12685312 bytes (31.0%)
(RDMA_READ_CONSUME_CHECK_CONSUMER) timestamp=3288 ms, used_size=12683264 bytes (31.0%)
(RDMA_READ_CONSUME_CHECK_CONSUMER) timestamp=3288 ms, used_size=12681216 bytes (31.0%)
(RDMA_READ_CONSUME_CHECK_CONSUMER) timestamp=3288 ms, used_size=12679168 bytes (31.0%)
(RDMA_READ_CONSUME_CHECK_CONSUMER) timestamp=3288 ms, used_size=12677120 bytes (30.9%)
(RDMA_READ_CONSUME_CHECK_CONSUMER) timestamp=3288 ms, used_size=12675072 bytes (30.9%)
(RDMA_READ_CONSUME_CHECK_CONSUMER) timestamp=3288 ms, used_size=12673024 bytes (30.9%)
(RDMA_READ_CONSUME_CHECK_CONSUMER) timestamp=3288 ms, used_size=12670976 bytes (30.9%)
(RDMA_READ_CONSUME_CHECK_CONSUMER) timestamp=3288 ms, used_size=12668928 bytes (30.9%)
(RDMA_READ_CONSUME_CHECK_CONSUMER) timestamp=3288 ms, used_size=12666880 bytes (30.9%)
(RDMA_READ_CONSUME_CHECK_CONSUMER) timestamp=3288 ms, used_size=12664832 bytes (30.9%)
(RDMA_READ_CONSUME_CHECK_CONSUMER) timestamp=3288 ms, used_size=12662784 bytes (30.9%)
(RDMA_READ_CONSUME_CHECK_CONSUMER) timestamp=3288 ms, used_size=12660736 bytes (30.9%)
(RDMA_READ_CONSUME_CHECK_CONSUMER) timestamp=3288 ms, used_size=12658688 bytes (30.9%)
(RDMA_READ_CONSUME_CHECK_CONSUMER) timestamp=3288 ms, used_size=12656640 bytes (30.9%)
(RDMA_READ_CONSUME_CHECK_CONSUMER) timestamp=3288 ms, used_size=12654592 bytes (30.9%)
(RDMA_READ_CONSUME_CHECK_CONSUMER) timestamp=3288 ms, used_size=12652544 bytes (30.9%)
(RDMA_READ_CONSUME_CHECK_CONSUMER) timestamp=3288 ms, used_size=12650496 bytes (30.9%)
(RDMA_READ_CONSUME_CHECK_CONSUMER) timestamp=3288 ms, used_size=12648448 bytes (30.9%)
(RDMA_READ_CONSUME_CHECK_CONSUMER) timestamp=3288 ms, used_size=12646400 bytes (30.9%)
(RDMA_READ_CONSUME_CHECK_CONSUMER) timestamp=3288 ms, used_size=12644352 bytes (30.9%)
(RDMA_READ_CONSUME_CHECK_CONSUMER) timestamp=3288 ms, used_size=12642304 bytes (30.9%)
(RDMA_READ_CONSUME_CHECK_CONSUMER) timestamp=3288 ms, used_size=12640256 bytes (30.9%)
(RDMA_READ_CONSUME_CHECK_CONSUMER) timestamp=3288 ms, used_size=12638208 bytes (30.9%)
(RDMA_READ_CONSUME_CHECK_CONSUMER) timestamp=3288 ms, used_size=12636160 bytes (30.9%)
(RDMA_READ_CONSUME_CHECK_CONSUMER) timestamp=3288 ms, used_size=12634112 bytes (30.8%)
(RDMA_READ_CONSUME_CHECK_CONSUMER) timestamp=3288 ms, used_size=12632064 bytes (30.8%)
(RDMA_READ_CONSUME_CHECK_CONSUMER) timestamp=3288 ms, used_size=12630016 bytes (30.8%)
(RDMA_READ_CONSUME_CHECK_CONSUMER) timestamp=3288 ms, used_size=12627968 bytes (30.8%)
(RDMA_READ_CONSUME_CHECK_CONSUMER) timestamp=3288 ms, used_size=12625920 bytes (30.8%)
(RDMA_READ_CONSUME_CHECK_CONSUMER) timestamp=3288 ms, used_size=12623872 bytes (30.8%)
(RDMA_READ_CONSUME_CHECK_CONSUMER) timestamp=3288 ms, used_size=12621824 bytes (30.8%)
(RDMA_READ_CONSUME_CHECK_CONSUMER) timestamp=3288 ms, used_size=12619776 bytes (30.8%)
(RDMA_READ_CONSUME_CHECK_CONSUMER) timestamp=3288 ms, used_size=12617728 bytes (30.8%)
(RDMA_READ_CONSUME_CHECK_CONSUMER) timestamp=3288 ms, used_size=12615680 bytes (30.8%)
(RDMA_READ_CONSUME_CHECK_CONSUMER) timestamp=3288 ms, used_size=12613632 bytes (30.8%)
(RDMA_READ_CONSUME_CHECK_CONSUMER) timestamp=3288 ms, used_size=12611584 bytes (30.8%)
(RDMA_READ_CONSUME_CHECK_CONSUMER) timestamp=3288 ms, used_size=12609536 bytes (30.8%)
(RDMA_READ_CONSUME_CHECK_CONSUMER) timestamp=3288 ms, used_size=12607488 bytes (30.8%)
(RDMA_READ_CONSUME_CHECK_CONSUMER) timestamp=3288 ms, used_size=12605440 bytes (30.8%)
(RDMA_READ_CONSUME_CHECK_CONSUMER) timestamp=3288 ms, used_size=12603392 bytes (30.8%)
(RDMA_READ_CONSUME_CHECK_CONSUMER) timestamp=3288 ms, used_size=12601344 bytes (30.8%)
(RDMA_READ_CONSUME_CHECK_CONSUMER) timestamp=3288 ms, used_size=12599296 bytes (30.8%)
(RDMA_READ_CONSUME_CHECK_CONSUMER) timestamp=3288 ms, used_size=12597248 bytes (30.8%)
(RDMA_READ_CONSUME_CHECK_CONSUMER) timestamp=3288 ms, used_size=12595200 bytes (30.8%)
(RDMA_READ_CONSUME_CHECK_CONSUMER) timestamp=3288 ms, used_size=12593152 bytes (30.7%)
(RDMA_READ_CONSUME_CHECK_CONSUMER) timestamp=3288 ms, used_size=12591104 bytes (30.7%)
(RDMA_READ_CONSUME_CHECK_CONSUMER) timestamp=3288 ms, used_size=12589056 bytes (30.7%)
(RDMA_READ_CONSUME_CHECK_CONSUMER) timestamp=3288 ms, used_size=12587008 bytes (30.7%)
(RDMA_READ_CONSUME_CHECK_CONSUMER) timestamp=3288 ms, used_size=12584960 bytes (30.7%)
(RDMA_READ_CONSUME_CHECK_CONSUMER) timestamp=3288 ms, used_size=12582912 bytes (30.7%)
(RDMA_READ_CONSUME_CHECK_CONSUMER) timestamp=3288 ms, used_size=12580864 bytes (30.7%)
(RDMA_READ_CONSUME_CHECK_CONSUMER) timestamp=3288 ms, used_size=12578816 bytes (30.7%)
(RDMA_READ_CONSUME_CHECK_CONSUMER) timestamp=3288 ms, used_size=12576768 bytes (30.7%)
(RDMA_READ_CONSUME_CHECK_CONSUMER) timestamp=3288 ms, used_size=12574720 bytes (30.7%)
(RDMA_READ_CONSUME_CHECK_CONSUMER) timestamp=3288 ms, used_size=12572672 bytes (30.7%)
(RDMA_READ_CONSUME_CHECK_CONSUMER) timestamp=3288 ms, used_size=12570624 bytes (30.7%)
(RDMA_READ_CONSUME_CHECK_CONSUMER) timestamp=3288 ms, used_size=12568576 bytes (30.7%)
(RDMA_READ_CONSUME_CHECK_CONSUMER) timestamp=3288 ms, used_size=12566528 bytes (30.7%)
(RDMA_READ_CONSUME_CHECK_CONSUMER) timestamp=3288 ms, used_size=12564480 bytes (30.7%)
(RDMA_READ_CONSUME_CHECK_CONSUMER) timestamp=3288 ms, used_size=12562432 bytes (30.7%)
(RDMA_READ_CONSUME_CHECK_CONSUMER) timestamp=3288 ms, used_size=12560384 bytes (30.7%)
(RDMA_READ_CONSUME_CHECK_CONSUMER) timestamp=3288 ms, used_size=12558336 bytes (30.7%)
(RDMA_READ_CONSUME_CHECK_CONSUMER) timestamp=3288 ms, used_size=12556288 bytes (30.7%)
(RDMA_READ_CONSUME_CHECK_CONSUMER) timestamp=3288 ms, used_size=12554240 bytes (30.6%)
(RDMA_READ_CONSUME_CHECK_CONSUMER) timestamp=3288 ms, used_size=12552192 bytes (30.6%)
(RDMA_READ_CONSUME_CHECK_CONSUMER) timestamp=3288 ms, used_size=12550144 bytes (30.6%)
(RDMA_READ_CONSUME_CHECK_CONSUMER) timestamp=3288 ms, used_size=12548096 bytes (30.6%)
(RDMA_READ_CONSUME_CHECK_CONSUMER) timestamp=3288 ms, used_size=12546048 bytes (30.6%)
(RDMA_READ_CONSUME_CHECK_CONSUMER) timestamp=3288 ms, used_size=12544000 bytes (30.6%)
(RDMA_READ_CONSUME_CHECK_CONSUMER) timestamp=3288 ms, used_size=12541952 bytes (30.6%)
(RDMA_READ_CONSUME_CHECK_CONSUMER) timestamp=3288 ms, used_size=12539904 bytes (30.6%)
(RDMA_READ_CONSUME_CHECK_CONSUMER) timestamp=3288 ms, used_size=12537856 bytes (30.6%)
(RDMA_READ_CONSUME_CHECK_CONSUMER) timestamp=3288 ms, used_size=12535808 bytes (30.6%)
(RDMA_READ_CONSUME_CHECK_CONSUMER) timestamp=3288 ms, used_size=12533760 bytes (30.6%)
(RDMA_READ_CONSUME_CHECK_CONSUMER) timestamp=3288 ms, used_size=12531712 bytes (30.6%)
(RDMA_READ_CONSUME_CHECK_CONSUMER) timestamp=3288 ms, used_size=12529664 bytes (30.6%)
(RDMA_READ_CONSUME_CHECK_CONSUMER) timestamp=3288 ms, used_size=12527616 bytes (30.6%)
(RDMA_READ_CONSUME_CHECK_CONSUMER) timestamp=3288 ms, used_size=12525568 bytes (30.6%)
(RDMA_READ_CONSUME_CHECK_CONSUMER) timestamp=3288 ms, used_size=12523520 bytes (30.6%)
(RDMA_READ_CONSUME_CHECK_CONSUMER) timestamp=3288 ms, used_size=12521472 bytes (30.6%)
(RDMA_READ_CONSUME_CHECK_CONSUMER) timestamp=3288 ms, used_size=12519424 bytes (30.6%)
(RDMA_READ_CONSUME_CHECK_CONSUMER) timestamp=3288 ms, used_size=12517376 bytes (30.6%)
(RDMA_READ_CONSUME_CHECK_CONSUMER) timestamp=3288 ms, used_size=12515328 bytes (30.6%)
(RDMA_READ_CONSUME_CHECK_CONSUMER) timestamp=3288 ms, used_size=12513280 bytes (30.6%)
(RDMA_READ_CONSUME_CHECK_CONSUMER) timestamp=3288 ms, used_size=12511232 bytes (30.5%)
(RDMA_READ_CONSUME_CHECK_CONSUMER) timestamp=3288 ms, used_size=12509184 bytes (30.5%)
(RDMA_READ_CONSUME_CHECK_CONSUMER) timestamp=3288 ms, used_size=12507136 bytes (30.5%)
(RDMA_READ_CONSUME_CHECK_CONSUMER) timestamp=3288 ms, used_size=12505088 bytes (30.5%)
(RDMA_READ_CONSUME_CHECK_CONSUMER) timestamp=3288 ms, used_size=12503040 bytes (30.5%)
(RDMA_READ_CONSUME_CHECK_CONSUMER) timestamp=3288 ms, used_size=12500992 bytes (30.5%)
(RDMA_READ_CONSUME_CHECK_CONSUMER) timestamp=3288 ms, used_size=12498944 bytes (30.5%)
(RDMA_READ_CONSUME_CHECK_CONSUMER) timestamp=3288 ms, used_size=12496896 bytes (30.5%)
(RDMA_READ_CONSUME_CHECK_CONSUMER) timestamp=3288 ms, used_size=12494848 bytes (30.5%)
(RDMA_READ_CONSUME_CHECK_CONSUMER) timestamp=3288 ms, used_size=12492800 bytes (30.5%)
(RDMA_READ_CONSUME_CHECK_CONSUMER) timestamp=3288 ms, used_size=12490752 bytes (30.5%)
(RDMA_READ_CONSUME_CHECK_CONSUMER) timestamp=3288 ms, used_size=12488704 bytes (30.5%)
(RDMA_READ_CONSUME_CHECK_CONSUMER) timestamp=3288 ms, used_size=12486656 bytes (30.5%)
(RDMA_READ_CONSUME_CHECK_CONSUMER) timestamp=3288 ms, used_size=12484608 bytes (30.5%)
(RDMA_READ_CONSUME_CHECK_CONSUMER) timestamp=3288 ms, used_size=12482560 bytes (30.5%)
(RDMA_READ_CONSUME_CHECK_CONSUMER) timestamp=3288 ms, used_size=12480512 bytes (30.5%)
(RDMA_READ_CONSUME_CHECK_CONSUMER) timestamp=3288 ms, used_size=12478464 bytes (30.5%)
(RDMA_READ_CONSUME_CHECK_CONSUMER) timestamp=3288 ms, used_size=12476416 bytes (30.5%)
(RDMA_READ_CONSUME_CHECK_CONSUMER) timestamp=3288 ms, used_size=12474368 bytes (30.5%)
(RDMA_READ_CONSUME_CHECK_CONSUMER) timestamp=3288 ms, used_size=12472320 bytes (30.4%)
(RDMA_READ_CONSUME_CHECK_CONSUMER) timestamp=3288 ms, used_size=12470272 bytes (30.4%)
(RDMA_READ_CONSUME_CHECK_CONSUMER) timestamp=3288 ms, used_size=12468224 bytes (30.4%)
(RDMA_READ_CONSUME_CHECK_CONSUMER) timestamp=3288 ms, used_size=12466176 bytes (30.4%)
(RDMA_READ_CONSUME_CHECK_CONSUMER) timestamp=3288 ms, used_size=12464128 bytes (30.4%)
(RDMA_READ_CONSUME_CHECK_CONSUMER) timestamp=3288 ms, used_size=12462080 bytes (30.4%)
(RDMA_READ_CONSUME_CHECK_CONSUMER) timestamp=3288 ms, used_size=12460032 bytes (30.4%)
(RDMA_READ_CONSUME_CHECK_CONSUMER) timestamp=3288 ms, used_size=12457984 bytes (30.4%)
(RDMA_READ_CONSUME_CHECK_CONSUMER) timestamp=3288 ms, used_size=12455936 bytes (30.4%)
(RDMA_READ_CONSUME_CHECK_CONSUMER) timestamp=3288 ms, used_size=12453888 bytes (30.4%)
(RDMA_READ_CONSUME_CHECK_CONSUMER) timestamp=3288 ms, used_size=12451840 bytes (30.4%)
(RDMA_READ_CONSUME_CHECK_CONSUMER) timestamp=3288 ms, used_size=12449792 bytes (30.4%)
(RDMA_READ_CONSUME_CHECK_CONSUMER) timestamp=3288 ms, used_size=12447744 bytes (30.4%)
(RDMA_READ_CONSUME_CHECK_CONSUMER) timestamp=3288 ms, used_size=12445696 bytes (30.4%)
(RDMA_READ_CONSUME_CHECK_CONSUMER) timestamp=3288 ms, used_size=12443648 bytes (30.4%)
(RDMA_READ_CONSUME_CHECK_CONSUMER) timestamp=3288 ms, used_size=12441600 bytes (30.4%)
(RDMA_READ_CONSUME_CHECK_CONSUMER) timestamp=3288 ms, used_size=12439552 bytes (30.4%)
(RDMA_READ_CONSUME_CHECK_CONSUMER) timestamp=3288 ms, used_size=12437504 bytes (30.4%)
(RDMA_READ_CONSUME_CHECK_CONSUMER) timestamp=3288 ms, used_size=12435456 bytes (30.4%)
(RDMA_READ_CONSUME_CHECK_CONSUMER) timestamp=3288 ms, used_size=12433408 bytes (30.4%)
(RDMA_READ_CONSUME_CHECK_CONSUMER) timestamp=3288 ms, used_size=12431360 bytes (30.4%)
(RDMA_READ_CONSUME_CHECK_CONSUMER) timestamp=3288 ms, used_size=12429312 bytes (30.3%)
(RDMA_READ_CONSUME_CHECK_CONSUMER) timestamp=3288 ms, used_size=12427264 bytes (30.3%)
(RDMA_READ_CONSUME_CHECK_CONSUMER) timestamp=3288 ms, used_size=12425216 bytes (30.3%)
(RDMA_READ_CONSUME_CHECK_CONSUMER) timestamp=3288 ms, used_size=12423168 bytes (30.3%)
(RDMA_READ_CONSUME_CHECK_CONSUMER) timestamp=3288 ms, used_size=12421120 bytes (30.3%)
(RDMA_READ_CONSUME_CHECK_CONSUMER) timestamp=3288 ms, used_size=12419072 bytes (30.3%)
(RDMA_READ_CONSUME_CHECK_CONSUMER) timestamp=3288 ms, used_size=12417024 bytes (30.3%)
(RDMA_READ_CONSUME_CHECK_CONSUMER) timestamp=3288 ms, used_size=12414976 bytes (30.3%)
(RDMA_READ_CONSUME_CHECK_CONSUMER) timestamp=3288 ms, used_size=12412928 bytes (30.3%)
(RDMA_READ_CONSUME_CHECK_CONSUMER) timestamp=3288 ms, used_size=12410880 bytes (30.3%)
(RDMA_READ_CONSUME_CHECK_CONSUMER) timestamp=3288 ms, used_size=12408832 bytes (30.3%)
(RDMA_READ_CONSUME_CHECK_CONSUMER) timestamp=3289 ms, used_size=12406784 bytes (30.3%)
(RDMA_READ_CONSUME_CHECK_CONSUMER) timestamp=3289 ms, used_size=12404736 bytes (30.3%)
(RDMA_READ_CONSUME_CHECK_CONSUMER) timestamp=3289 ms, used_size=12402688 bytes (30.3%)
(RDMA_READ_CONSUME_CHECK_CONSUMER) timestamp=3289 ms, used_size=12400640 bytes (30.3%)
(RDMA_READ_CONSUME_CHECK_CONSUMER) timestamp=3289 ms, used_size=12398592 bytes (30.3%)
(RDMA_READ_CONSUME_CHECK_CONSUMER) timestamp=3289 ms, used_size=12396544 bytes (30.3%)
(RDMA_READ_CONSUME_CHECK_CONSUMER) timestamp=3289 ms, used_size=12394496 bytes (30.3%)
(RDMA_READ_CONSUME_CHECK_CONSUMER) timestamp=3289 ms, used_size=12392448 bytes (30.3%)
(RDMA_READ_CONSUME_CHECK_CONSUMER) timestamp=3289 ms, used_size=12390400 bytes (30.2%)
(RDMA_READ_CONSUME_CHECK_CONSUMER) timestamp=3289 ms, used_size=12388352 bytes (30.2%)
(RDMA_READ_CONSUME_CHECK_CONSUMER) timestamp=3289 ms, used_size=12386304 bytes (30.2%)
(RDMA_READ_CONSUME_CHECK_CONSUMER) timestamp=3289 ms, used_size=12384256 bytes (30.2%)
(RDMA_READ_CONSUME_CHECK_CONSUMER) timestamp=3289 ms, used_size=12382208 bytes (30.2%)
(RDMA_READ_CONSUME_CHECK_CONSUMER) timestamp=3289 ms, used_size=12380160 bytes (30.2%)
(RDMA_READ_CONSUME_CHECK_CONSUMER) timestamp=3289 ms, used_size=12378112 bytes (30.2%)
(RDMA_READ_CONSUME_CHECK_CONSUMER) timestamp=3289 ms, used_size=12376064 bytes (30.2%)
(RDMA_READ_CONSUME_CHECK_CONSUMER) timestamp=3289 ms, used_size=12374016 bytes (30.2%)
(RDMA_READ_CONSUME_CHECK_CONSUMER) timestamp=3289 ms, used_size=12371968 bytes (30.2%)
(RDMA_READ_CONSUME_CHECK_CONSUMER) timestamp=3289 ms, used_size=12369920 bytes (30.2%)
(RDMA_READ_CONSUME_CHECK_CONSUMER) timestamp=3289 ms, used_size=12367872 bytes (30.2%)
(RDMA_READ_CONSUME_CHECK_CONSUMER) timestamp=3289 ms, used_size=12365824 bytes (30.2%)
(RDMA_READ_CONSUME_CHECK_CONSUMER) timestamp=3289 ms, used_size=12363776 bytes (30.2%)
(RDMA_READ_CONSUME_CHECK_CONSUMER) timestamp=3289 ms, used_size=12361728 bytes (30.2%)
(RDMA_READ_CONSUME_CHECK_CONSUMER) timestamp=3289 ms, used_size=12359680 bytes (30.2%)
(RDMA_READ_CONSUME_CHECK_CONSUMER) timestamp=3289 ms, used_size=12357632 bytes (30.2%)
(RDMA_READ_CONSUME_CHECK_CONSUMER) timestamp=3289 ms, used_size=12355584 bytes (30.2%)
(RDMA_READ_CONSUME_CHECK_CONSUMER) timestamp=3289 ms, used_size=12353536 bytes (30.2%)
(RDMA_READ_CONSUME_CHECK_CONSUMER) timestamp=3289 ms, used_size=12351488 bytes (30.2%)
(RDMA_READ_CONSUME_CHECK_CONSUMER) timestamp=3289 ms, used_size=12349440 bytes (30.1%)
(RDMA_READ_CONSUME_CHECK_CONSUMER) timestamp=3289 ms, used_size=12347392 bytes (30.1%)
(RDMA_READ_CONSUME_CHECK_CONSUMER) timestamp=3289 ms, used_size=12345344 bytes (30.1%)
(RDMA_READ_CONSUME_CHECK_CONSUMER) timestamp=3289 ms, used_size=12343296 bytes (30.1%)
(RDMA_READ_CONSUME_CHECK_CONSUMER) timestamp=3289 ms, used_size=12341248 bytes (30.1%)
(RDMA_READ_CONSUME_CHECK_CONSUMER) timestamp=3289 ms, used_size=12339200 bytes (30.1%)
(RDMA_READ_CONSUME_CHECK_CONSUMER) timestamp=3289 ms, used_size=12337152 bytes (30.1%)
(RDMA_READ_CONSUME_CHECK_CONSUMER) timestamp=3289 ms, used_size=12335104 bytes (30.1%)
(RDMA_READ_CONSUME_CHECK_CONSUMER) timestamp=3289 ms, used_size=12333056 bytes (30.1%)
(RDMA_READ_CONSUME_CHECK_CONSUMER) timestamp=3289 ms, used_size=12331008 bytes (30.1%)
(RDMA_READ_CONSUME_CHECK_CONSUMER) timestamp=3289 ms, used_size=12328960 bytes (30.1%)
(RDMA_READ_CONSUME_CHECK_CONSUMER) timestamp=3289 ms, used_size=12326912 bytes (30.1%)
(RDMA_READ_CONSUME_CHECK_CONSUMER) timestamp=3289 ms, used_size=12324864 bytes (30.1%)
(RDMA_READ_CONSUME_CHECK_CONSUMER) timestamp=3289 ms, used_size=12322816 bytes (30.1%)
(RDMA_READ_CONSUME_CHECK_CONSUMER) timestamp=3289 ms, used_size=12320768 bytes (30.1%)
(RDMA_READ_CONSUME_CHECK_CONSUMER) timestamp=3289 ms, used_size=12318720 bytes (30.1%)
(RDMA_READ_CONSUME_CHECK_CONSUMER) timestamp=3289 ms, used_size=12316672 bytes (30.1%)
(RDMA_READ_CONSUME_CHECK_CONSUMER) timestamp=3289 ms, used_size=12314624 bytes (30.1%)
(RDMA_READ_CONSUME_CHECK_CONSUMER) timestamp=3289 ms, used_size=12312576 bytes (30.1%)
(RDMA_READ_CONSUME_CHECK_CONSUMER) timestamp=3289 ms, used_size=12310528 bytes (30.1%)
(RDMA_READ_CONSUME_CHECK_CONSUMER) timestamp=3289 ms, used_size=12308480 bytes (30.1%)
(RDMA_READ_CONSUME_CHECK_CONSUMER) timestamp=3289 ms, used_size=12306432 bytes (30.0%)
(RDMA_READ_CONSUME_CHECK_CONSUMER) timestamp=3289 ms, used_size=12304384 bytes (30.0%)
(RDMA_READ_CONSUME_CHECK_CONSUMER) timestamp=3289 ms, used_size=12302336 bytes (30.0%)
(RDMA_READ_CONSUME_CHECK_CONSUMER) timestamp=3289 ms, used_size=12300288 bytes (30.0%)
(RDMA_READ_CONSUME_CHECK_CONSUMER) timestamp=3289 ms, used_size=12298240 bytes (30.0%)
(RDMA_READ_CONSUME_CHECK_CONSUMER) timestamp=3289 ms, used_size=12296192 bytes (30.0%)
(RDMA_READ_CONSUME_CHECK_CONSUMER) timestamp=3289 ms, used_size=12294144 bytes (30.0%)
(RDMA_READ_CONSUME_CHECK_CONSUMER) timestamp=3289 ms, used_size=12292096 bytes (30.0%)
(RDMA_READ_CONSUME_CHECK_CONSUMER) timestamp=3289 ms, used_size=12290048 bytes (30.0%)
(RDMA_READ_CONSUME_CHECK_CONSUMER) timestamp=3289 ms, used_size=12288000 bytes (30.0%)
(RDMA_READ_CONSUME_CHECK_CONSUMER) timestamp=3289 ms, used_size=12285952 bytes (30.0%)
(RDMA_READ_CONSUME_CHECK_CONSUMER) timestamp=3289 ms, used_size=12283904 bytes (30.0%)
(RDMA_READ_CONSUME_CHECK_CONSUMER) timestamp=3289 ms, used_size=12281856 bytes (30.0%)
(RDMA_READ_CONSUME_CHECK_CONSUMER) timestamp=3289 ms, used_size=12279808 bytes (30.0%)
(RDMA_READ_CONSUME_CHECK_CONSUMER) timestamp=3289 ms, used_size=12277760 bytes (30.0%)
(RDMA_READ_CONSUME_CHECK_CONSUMER) timestamp=3289 ms, used_size=12275712 bytes (30.0%)
(RDMA_READ_CONSUME_CHECK_CONSUMER) timestamp=3289 ms, used_size=12273664 bytes (30.0%)
(RDMA_READ_CONSUME_CHECK_CONSUMER) timestamp=3289 ms, used_size=12271616 bytes (30.0%)
(RDMA_READ_CONSUME_CHECK_CONSUMER) timestamp=3289 ms, used_size=12269568 bytes (30.0%)
(RDMA_READ_CONSUME_CHECK_CONSUMER) timestamp=3289 ms, used_size=12267520 bytes (29.9%)
(RDMA_READ_CONSUME_CHECK_CONSUMER) timestamp=3289 ms, used_size=12265472 bytes (29.9%)
(RDMA_READ_CONSUME_CHECK_CONSUMER) timestamp=3289 ms, used_size=12263424 bytes (29.9%)
(RDMA_READ_CONSUME_CHECK_CONSUMER) timestamp=3289 ms, used_size=12261376 bytes (29.9%)
(RDMA_READ_CONSUME_CHECK_CONSUMER) timestamp=3289 ms, used_size=12259328 bytes (29.9%)
(RDMA_READ_CONSUME_CHECK_CONSUMER) timestamp=3289 ms, used_size=12257280 bytes (29.9%)
(RDMA_READ_CONSUME_CHECK_CONSUMER) timestamp=3289 ms, used_size=12255232 bytes (29.9%)
(RDMA_READ_CONSUME_CHECK_CONSUMER) timestamp=3289 ms, used_size=12253184 bytes (29.9%)
(RDMA_READ_CONSUME_CHECK_CONSUMER) timestamp=3289 ms, used_size=12251136 bytes (29.9%)
(RDMA_READ_CONSUME_CHECK_CONSUMER) timestamp=3289 ms, used_size=12249088 bytes (29.9%)
(RDMA_READ_CONSUME_CHECK_CONSUMER) timestamp=3289 ms, used_size=12247040 bytes (29.9%)
(RDMA_READ_CONSUME_CHECK_CONSUMER) timestamp=3289 ms, used_size=12244992 bytes (29.9%)
(RDMA_READ_CONSUME_CHECK_CONSUMER) timestamp=3289 ms, used_size=12242944 bytes (29.9%)
(RDMA_READ_CONSUME_CHECK_CONSUMER) timestamp=3289 ms, used_size=12240896 bytes (29.9%)
(RDMA_READ_CONSUME_CHECK_CONSUMER) timestamp=3289 ms, used_size=12238848 bytes (29.9%)
(RDMA_READ_CONSUME_CHECK_CONSUMER) timestamp=3289 ms, used_size=12236800 bytes (29.9%)
(RDMA_READ_CONSUME_CHECK_CONSUMER) timestamp=3289 ms, used_size=12234752 bytes (29.9%)
(RDMA_READ_CONSUME_CHECK_CONSUMER) timestamp=3289 ms, used_size=12232704 bytes (29.9%)
(RDMA_READ_CONSUME_CHECK_CONSUMER) timestamp=3289 ms, used_size=12230656 bytes (29.9%)
(RDMA_READ_CONSUME_CHECK_CONSUMER) timestamp=3289 ms, used_size=12228608 bytes (29.9%)
(RDMA_READ_CONSUME_CHECK_CONSUMER) timestamp=3289 ms, used_size=12226560 bytes (29.9%)
(RDMA_READ_CONSUME_CHECK_CONSUMER) timestamp=3289 ms, used_size=12224512 bytes (29.8%)
(RDMA_READ_CONSUME_CHECK_CONSUMER) timestamp=3289 ms, used_size=12222464 bytes (29.8%)
(RDMA_READ_CONSUME_CHECK_CONSUMER) timestamp=3289 ms, used_size=12220416 bytes (29.8%)
(RDMA_READ_CONSUME_CHECK_CONSUMER) timestamp=3289 ms, used_size=12218368 bytes (29.8%)
(RDMA_READ_CONSUME_CHECK_CONSUMER) timestamp=3289 ms, used_size=12216320 bytes (29.8%)
(RDMA_READ_CONSUME_CHECK_CONSUMER) timestamp=3289 ms, used_size=12214272 bytes (29.8%)
(RDMA_READ_CONSUME_CHECK_CONSUMER) timestamp=3289 ms, used_size=12212224 bytes (29.8%)
(RDMA_READ_CONSUME_CHECK_CONSUMER) timestamp=3289 ms, used_size=12210176 bytes (29.8%)
(RDMA_READ_CONSUME_CHECK_CONSUMER) timestamp=3289 ms, used_size=12208128 bytes (29.8%)
(RDMA_READ_CONSUME_CHECK_CONSUMER) timestamp=3289 ms, used_size=12206080 bytes (29.8%)
(RDMA_READ_CONSUME_CHECK_CONSUMER) timestamp=3289 ms, used_size=12204032 bytes (29.8%)
(RDMA_READ_CONSUME_CHECK_CONSUMER) timestamp=3289 ms, used_size=12201984 bytes (29.8%)
(RDMA_READ_CONSUME_CHECK_CONSUMER) timestamp=3289 ms, used_size=12199936 bytes (29.8%)
(RDMA_READ_CONSUME_CHECK_CONSUMER) timestamp=3289 ms, used_size=12197888 bytes (29.8%)
(RDMA_READ_CONSUME_CHECK_CONSUMER) timestamp=3289 ms, used_size=12195840 bytes (29.8%)
(RDMA_READ_CONSUME_CHECK_CONSUMER) timestamp=3289 ms, used_size=12193792 bytes (29.8%)
(RDMA_READ_CONSUME_CHECK_CONSUMER) timestamp=3289 ms, used_size=12191744 bytes (29.8%)
(RDMA_READ_CONSUME_CHECK_CONSUMER) timestamp=3289 ms, used_size=12189696 bytes (29.8%)
(RDMA_READ_CONSUME_CHECK_CONSUMER) timestamp=3289 ms, used_size=12187648 bytes (29.8%)
(RDMA_READ_CONSUME_CHECK_CONSUMER) timestamp=3289 ms, used_size=12185600 bytes (29.8%)
(RDMA_READ_CONSUME_CHECK_CONSUMER) timestamp=3289 ms, used_size=12183552 bytes (29.7%)
(RDMA_READ_CONSUME_CHECK_CONSUMER) timestamp=3289 ms, used_size=12181504 bytes (29.7%)
(RDMA_READ_CONSUME_CHECK_CONSUMER) timestamp=3289 ms, used_size=12179456 bytes (29.7%)
(RDMA_READ_CONSUME_CHECK_CONSUMER) timestamp=3289 ms, used_size=12177408 bytes (29.7%)
(RDMA_READ_CONSUME_CHECK_CONSUMER) timestamp=3289 ms, used_size=12175360 bytes (29.7%)
(RDMA_READ_CONSUME_CHECK_CONSUMER) timestamp=3289 ms, used_size=12173312 bytes (29.7%)
(RDMA_READ_CONSUME_CHECK_CONSUMER) timestamp=3289 ms, used_size=12171264 bytes (29.7%)
(RDMA_READ_CONSUME_CHECK_CONSUMER) timestamp=3289 ms, used_size=12169216 bytes (29.7%)
(RDMA_READ_CONSUME_CHECK_CONSUMER) timestamp=3289 ms, used_size=12167168 bytes (29.7%)
(RDMA_READ_CONSUME_CHECK_CONSUMER) timestamp=3289 ms, used_size=12165120 bytes (29.7%)
(RDMA_READ_CONSUME_CHECK_CONSUMER) timestamp=3289 ms, used_size=12163072 bytes (29.7%)
(RDMA_READ_CONSUME_CHECK_CONSUMER) timestamp=3289 ms, used_size=12161024 bytes (29.7%)
(RDMA_READ_CONSUME_CHECK_CONSUMER) timestamp=3289 ms, used_size=12158976 bytes (29.7%)
(RDMA_READ_CONSUME_CHECK_CONSUMER) timestamp=3289 ms, used_size=12156928 bytes (29.7%)
(RDMA_READ_CONSUME_CHECK_CONSUMER) timestamp=3289 ms, used_size=12154880 bytes (29.7%)
(RDMA_READ_CONSUME_CHECK_CONSUMER) timestamp=3289 ms, used_size=12152832 bytes (29.7%)
(RDMA_READ_CONSUME_CHECK_CONSUMER) timestamp=3289 ms, used_size=12150784 bytes (29.7%)
(RDMA_READ_CONSUME_CHECK_CONSUMER) timestamp=3289 ms, used_size=12148736 bytes (29.7%)
(RDMA_READ_CONSUME_CHECK_CONSUMER) timestamp=3289 ms, used_size=12146688 bytes (29.7%)
(RDMA_READ_CONSUME_CHECK_CONSUMER) timestamp=3289 ms, used_size=12144640 bytes (29.6%)
(RDMA_READ_CONSUME_CHECK_CONSUMER) timestamp=3289 ms, used_size=12142592 bytes (29.6%)
(RDMA_READ_CONSUME_CHECK_CONSUMER) timestamp=3289 ms, used_size=12140544 bytes (29.6%)
(RDMA_READ_CONSUME_CHECK_CONSUMER) timestamp=3289 ms, used_size=12138496 bytes (29.6%)
(RDMA_READ_CONSUME_CHECK_CONSUMER) timestamp=3289 ms, used_size=12136448 bytes (29.6%)
(RDMA_READ_CONSUME_CHECK_CONSUMER) timestamp=3289 ms, used_size=12134400 bytes (29.6%)
(RDMA_READ_CONSUME_CHECK_CONSUMER) timestamp=3289 ms, used_size=12132352 bytes (29.6%)
(RDMA_READ_CONSUME_CHECK_CONSUMER) timestamp=3289 ms, used_size=12130304 bytes (29.6%)
(RDMA_READ_CONSUME_CHECK_CONSUMER) timestamp=3289 ms, used_size=12128256 bytes (29.6%)
(RDMA_READ_CONSUME_CHECK_CONSUMER) timestamp=3289 ms, used_size=12126208 bytes (29.6%)
(RDMA_READ_CONSUME_CHECK_CONSUMER) timestamp=3289 ms, used_size=12124160 bytes (29.6%)
(RDMA_READ_CONSUME_CHECK_CONSUMER) timestamp=3289 ms, used_size=12122112 bytes (29.6%)
(RDMA_READ_CONSUME_CHECK_CONSUMER) timestamp=3289 ms, used_size=12120064 bytes (29.6%)
(RDMA_READ_CONSUME_CHECK_CONSUMER) timestamp=3289 ms, used_size=12118016 bytes (29.6%)
(RDMA_READ_CONSUME_CHECK_CONSUMER) timestamp=3289 ms, used_size=12115968 bytes (29.6%)
(RDMA_READ_CONSUME_CHECK_CONSUMER) timestamp=3289 ms, used_size=12113920 bytes (29.6%)
(RDMA_READ_CONSUME_CHECK_CONSUMER) timestamp=3289 ms, used_size=12111872 bytes (29.6%)
(RDMA_READ_CONSUME_CHECK_CONSUMER) timestamp=3289 ms, used_size=12109824 bytes (29.6%)
(RDMA_READ_CONSUME_CHECK_CONSUMER) timestamp=3289 ms, used_size=12107776 bytes (29.6%)
(RDMA_READ_CONSUME_CHECK_CONSUMER) timestamp=3289 ms, used_size=12105728 bytes (29.6%)
(RDMA_READ_CONSUME_CHECK_CONSUMER) timestamp=3289 ms, used_size=12103680 bytes (29.6%)
(RDMA_READ_CONSUME_CHECK_CONSUMER) timestamp=3289 ms, used_size=12101632 bytes (29.5%)
(RDMA_READ_CONSUME_CHECK_CONSUMER) timestamp=3289 ms, used_size=12099584 bytes (29.5%)
(RDMA_READ_CONSUME_CHECK_CONSUMER) timestamp=3289 ms, used_size=12097536 bytes (29.5%)
(RDMA_READ_CONSUME_CHECK_CONSUMER) timestamp=3289 ms, used_size=12095488 bytes (29.5%)
(RDMA_READ_CONSUME_CHECK_CONSUMER) timestamp=3289 ms, used_size=12093440 bytes (29.5%)
(RDMA_READ_CONSUME_CHECK_CONSUMER) timestamp=3289 ms, used_size=12091392 bytes (29.5%)
(RDMA_READ_CONSUME_CHECK_CONSUMER) timestamp=3289 ms, used_size=12089344 bytes (29.5%)
(RDMA_READ_CONSUME_CHECK_CONSUMER) timestamp=3289 ms, used_size=12087296 bytes (29.5%)
(RDMA_READ_CONSUME_CHECK_CONSUMER) timestamp=3289 ms, used_size=12085248 bytes (29.5%)
(RDMA_READ_CONSUME_CHECK_CONSUMER) timestamp=3289 ms, used_size=12083200 bytes (29.5%)
(RDMA_READ_CONSUME_CHECK_CONSUMER) timestamp=3289 ms, used_size=12081152 bytes (29.5%)
(RDMA_READ_CONSUME_CHECK_CONSUMER) timestamp=3289 ms, used_size=12079104 bytes (29.5%)
(RDMA_READ_CONSUME_CHECK_CONSUMER) timestamp=3289 ms, used_size=12077056 bytes (29.5%)
(RDMA_READ_CONSUME_CHECK_CONSUMER) timestamp=3289 ms, used_size=12075008 bytes (29.5%)
(RDMA_READ_CONSUME_CHECK_CONSUMER) timestamp=3289 ms, used_size=12072960 bytes (29.5%)
(RDMA_READ_CONSUME_CHECK_CONSUMER) timestamp=3289 ms, used_size=12070912 bytes (29.5%)
(RDMA_READ_CONSUME_CHECK_CONSUMER) timestamp=3289 ms, used_size=12068864 bytes (29.5%)
(RDMA_READ_CONSUME_CHECK_CONSUMER) timestamp=3289 ms, used_size=12066816 bytes (29.5%)
(RDMA_READ_CONSUME_CHECK_CONSUMER) timestamp=3289 ms, used_size=12064768 bytes (29.5%)
(RDMA_READ_CONSUME_CHECK_CONSUMER) timestamp=3289 ms, used_size=12062720 bytes (29.4%)
(RDMA_READ_CONSUME_CHECK_CONSUMER) timestamp=3289 ms, used_size=12060672 bytes (29.4%)
(RDMA_READ_CONSUME_CHECK_CONSUMER) timestamp=3289 ms, used_size=12058624 bytes (29.4%)
(RDMA_READ_CONSUME_CHECK_CONSUMER) timestamp=3289 ms, used_size=12056576 bytes (29.4%)
(RDMA_READ_CONSUME_CHECK_CONSUMER) timestamp=3289 ms, used_size=12054528 bytes (29.4%)
(RDMA_READ_CONSUME_CHECK_CONSUMER) timestamp=3289 ms, used_size=12052480 bytes (29.4%)
(RDMA_READ_CONSUME_CHECK_CONSUMER) timestamp=3289 ms, used_size=12050432 bytes (29.4%)
(RDMA_READ_CONSUME_CHECK_CONSUMER) timestamp=3289 ms, used_size=12048384 bytes (29.4%)
(RDMA_READ_CONSUME_CHECK_CONSUMER) timestamp=3289 ms, used_size=12046336 bytes (29.4%)
(RDMA_READ_CONSUME_CHECK_CONSUMER) timestamp=3289 ms, used_size=12044288 bytes (29.4%)
(RDMA_READ_CONSUME_CHECK_CONSUMER) timestamp=3289 ms, used_size=12042240 bytes (29.4%)
(RDMA_READ_CONSUME_CHECK_CONSUMER) timestamp=3289 ms, used_size=12040192 bytes (29.4%)
(RDMA_READ_CONSUME_CHECK_CONSUMER) timestamp=3289 ms, used_size=12038144 bytes (29.4%)
(RDMA_READ_CONSUME_CHECK_CONSUMER) timestamp=3289 ms, used_size=12036096 bytes (29.4%)
(RDMA_READ_CONSUME_CHECK_CONSUMER) timestamp=3289 ms, used_size=12034048 bytes (29.4%)
(RDMA_READ_CONSUME_CHECK_CONSUMER) timestamp=3289 ms, used_size=12032000 bytes (29.4%)
(RDMA_READ_CONSUME_CHECK_CONSUMER) timestamp=3290 ms, used_size=12029952 bytes (29.4%)
(RDMA_READ_CONSUME_CHECK_CONSUMER) timestamp=3290 ms, used_size=12027904 bytes (29.4%)
(RDMA_READ_CONSUME_CHECK_CONSUMER) timestamp=3290 ms, used_size=12025856 bytes (29.4%)
(RDMA_READ_CONSUME_CHECK_CONSUMER) timestamp=3290 ms, used_size=12023808 bytes (29.4%)
(RDMA_READ_CONSUME_CHECK_CONSUMER) timestamp=3290 ms, used_size=12021760 bytes (29.4%)
(RDMA_READ_CONSUME_CHECK_CONSUMER) timestamp=3290 ms, used_size=12019712 bytes (29.3%)
(RDMA_READ_CONSUME_CHECK_CONSUMER) timestamp=3290 ms, used_size=12017664 bytes (29.3%)
(RDMA_READ_CONSUME_CHECK_CONSUMER) timestamp=3290 ms, used_size=12015616 bytes (29.3%)
(RDMA_READ_CONSUME_CHECK_CONSUMER) timestamp=3290 ms, used_size=12013568 bytes (29.3%)
(RDMA_READ_CONSUME_CHECK_CONSUMER) timestamp=3290 ms, used_size=12011520 bytes (29.3%)
(RDMA_READ_CONSUME_CHECK_CONSUMER) timestamp=3290 ms, used_size=12009472 bytes (29.3%)
(RDMA_READ_CONSUME_CHECK_CONSUMER) timestamp=3290 ms, used_size=12007424 bytes (29.3%)
(RDMA_READ_CONSUME_CHECK_CONSUMER) timestamp=3290 ms, used_size=12005376 bytes (29.3%)
(RDMA_READ_CONSUME_CHECK_CONSUMER) timestamp=3290 ms, used_size=12003328 bytes (29.3%)
(RDMA_READ_CONSUME_CHECK_CONSUMER) timestamp=3290 ms, used_size=12001280 bytes (29.3%)
(RDMA_READ_CONSUME_CHECK_CONSUMER) timestamp=3290 ms, used_size=11999232 bytes (29.3%)
(RDMA_READ_CONSUME_CHECK_CONSUMER) timestamp=3290 ms, used_size=11997184 bytes (29.3%)
(RDMA_READ_CONSUME_CHECK_CONSUMER) timestamp=3290 ms, used_size=11995136 bytes (29.3%)
(RDMA_READ_CONSUME_CHECK_CONSUMER) timestamp=3290 ms, used_size=11993088 bytes (29.3%)
(RDMA_READ_CONSUME_CHECK_CONSUMER) timestamp=3290 ms, used_size=11991040 bytes (29.3%)
(RDMA_READ_CONSUME_CHECK_CONSUMER) timestamp=3290 ms, used_size=11988992 bytes (29.3%)
(RDMA_READ_CONSUME_CHECK_CONSUMER) timestamp=3290 ms, used_size=11986944 bytes (29.3%)
(RDMA_READ_CONSUME_CHECK_CONSUMER) timestamp=3290 ms, used_size=11984896 bytes (29.3%)
(RDMA_READ_CONSUME_CHECK_CONSUMER) timestamp=3290 ms, used_size=11982848 bytes (29.3%)
(RDMA_READ_CONSUME_CHECK_CONSUMER) timestamp=3290 ms, used_size=11980800 bytes (29.2%)
(RDMA_READ_CONSUME_CHECK_CONSUMER) timestamp=3290 ms, used_size=11978752 bytes (29.2%)
(RDMA_READ_CONSUME_CHECK_CONSUMER) timestamp=3290 ms, used_size=11976704 bytes (29.2%)
(RDMA_READ_CONSUME_CHECK_CONSUMER) timestamp=3290 ms, used_size=11974656 bytes (29.2%)
(RDMA_READ_CONSUME_CHECK_CONSUMER) timestamp=3290 ms, used_size=11972608 bytes (29.2%)
(RDMA_READ_CONSUME_CHECK_CONSUMER) timestamp=3290 ms, used_size=11970560 bytes (29.2%)
(RDMA_READ_CONSUME_CHECK_CONSUMER) timestamp=3290 ms, used_size=11968512 bytes (29.2%)
(RDMA_READ_CONSUME_CHECK_CONSUMER) timestamp=3290 ms, used_size=11966464 bytes (29.2%)
(RDMA_READ_CONSUME_CHECK_CONSUMER) timestamp=3290 ms, used_size=11964416 bytes (29.2%)
(RDMA_READ_CONSUME_CHECK_CONSUMER) timestamp=3290 ms, used_size=11962368 bytes (29.2%)
(RDMA_READ_CONSUME_CHECK_CONSUMER) timestamp=3290 ms, used_size=11960320 bytes (29.2%)
(RDMA_READ_CONSUME_CHECK_CONSUMER) timestamp=3290 ms, used_size=11958272 bytes (29.2%)
(RDMA_READ_CONSUME_CHECK_CONSUMER) timestamp=3290 ms, used_size=11956224 bytes (29.2%)
(RDMA_READ_CONSUME_CHECK_CONSUMER) timestamp=3290 ms, used_size=11954176 bytes (29.2%)
(RDMA_READ_CONSUME_CHECK_CONSUMER) timestamp=3290 ms, used_size=11952128 bytes (29.2%)
(RDMA_READ_CONSUME_CHECK_CONSUMER) timestamp=3290 ms, used_size=11950080 bytes (29.2%)
(RDMA_READ_CONSUME_CHECK_CONSUMER) timestamp=3290 ms, used_size=11948032 bytes (29.2%)
(RDMA_READ_CONSUME_CHECK_CONSUMER) timestamp=3290 ms, used_size=11945984 bytes (29.2%)
(RDMA_READ_CONSUME_CHECK_CONSUMER) timestamp=3290 ms, used_size=11943936 bytes (29.2%)
(RDMA_READ_CONSUME_CHECK_CONSUMER) timestamp=3290 ms, used_size=11941888 bytes (29.2%)
(RDMA_READ_CONSUME_CHECK_CONSUMER) timestamp=3290 ms, used_size=11939840 bytes (29.1%)
(RDMA_READ_CONSUME_CHECK_CONSUMER) timestamp=3290 ms, used_size=11937792 bytes (29.1%)
(RDMA_READ_CONSUME_CHECK_CONSUMER) timestamp=3290 ms, used_size=11935744 bytes (29.1%)
(RDMA_READ_CONSUME_CHECK_CONSUMER) timestamp=3290 ms, used_size=11933696 bytes (29.1%)
(RDMA_READ_CONSUME_CHECK_CONSUMER) timestamp=3290 ms, used_size=11931648 bytes (29.1%)
(RDMA_READ_CONSUME_CHECK_CONSUMER) timestamp=3290 ms, used_size=11929600 bytes (29.1%)
(RDMA_READ_CONSUME_CHECK_CONSUMER) timestamp=3290 ms, used_size=11927552 bytes (29.1%)
(RDMA_READ_CONSUME_CHECK_CONSUMER) timestamp=3290 ms, used_size=11925504 bytes (29.1%)
(RDMA_READ_CONSUME_CHECK_CONSUMER) timestamp=3290 ms, used_size=11923456 bytes (29.1%)
(RDMA_READ_CONSUME_CHECK_CONSUMER) timestamp=3290 ms, used_size=11921408 bytes (29.1%)
(RDMA_READ_CONSUME_CHECK_CONSUMER) timestamp=3290 ms, used_size=11919360 bytes (29.1%)
(RDMA_READ_CONSUME_CHECK_CONSUMER) timestamp=3290 ms, used_size=11917312 bytes (29.1%)
(RDMA_READ_CONSUME_CHECK_CONSUMER) timestamp=3290 ms, used_size=11915264 bytes (29.1%)
(RDMA_READ_CONSUME_CHECK_CONSUMER) timestamp=3290 ms, used_size=11913216 bytes (29.1%)
(RDMA_READ_CONSUME_CHECK_CONSUMER) timestamp=3290 ms, used_size=11911168 bytes (29.1%)
(RDMA_READ_CONSUME_CHECK_CONSUMER) timestamp=3290 ms, used_size=11909120 bytes (29.1%)
(RDMA_READ_CONSUME_CHECK_CONSUMER) timestamp=3290 ms, used_size=11907072 bytes (29.1%)
(RDMA_READ_CONSUME_CHECK_CONSUMER) timestamp=3290 ms, used_size=11905024 bytes (29.1%)
(RDMA_READ_CONSUME_CHECK_CONSUMER) timestamp=3290 ms, used_size=11902976 bytes (29.1%)
(RDMA_READ_CONSUME_CHECK_CONSUMER) timestamp=3290 ms, used_size=11900928 bytes (29.1%)
(RDMA_READ_CONSUME_CHECK_CONSUMER) timestamp=3290 ms, used_size=11898880 bytes (29.1%)
(RDMA_READ_CONSUME_CHECK_CONSUMER) timestamp=3290 ms, used_size=11896832 bytes (29.0%)
(RDMA_READ_CONSUME_CHECK_CONSUMER) timestamp=3290 ms, used_size=11894784 bytes (29.0%)
(RDMA_READ_CONSUME_CHECK_CONSUMER) timestamp=3290 ms, used_size=11892736 bytes (29.0%)
(RDMA_READ_CONSUME_CHECK_CONSUMER) timestamp=3290 ms, used_size=11890688 bytes (29.0%)
(RDMA_READ_CONSUME_CHECK_CONSUMER) timestamp=3290 ms, used_size=11888640 bytes (29.0%)
(RDMA_READ_CONSUME_CHECK_CONSUMER) timestamp=3290 ms, used_size=11886592 bytes (29.0%)
(RDMA_READ_CONSUME_CHECK_CONSUMER) timestamp=3290 ms, used_size=11884544 bytes (29.0%)
(RDMA_READ_CONSUME_CHECK_CONSUMER) timestamp=3290 ms, used_size=11882496 bytes (29.0%)
(RDMA_READ_CONSUME_CHECK_CONSUMER) timestamp=3290 ms, used_size=11880448 bytes (29.0%)
(RDMA_READ_CONSUME_CHECK_CONSUMER) timestamp=3290 ms, used_size=11878400 bytes (29.0%)
(RDMA_READ_CONSUME_CHECK_CONSUMER) timestamp=3290 ms, used_size=11876352 bytes (29.0%)
(RDMA_READ_CONSUME_CHECK_CONSUMER) timestamp=3290 ms, used_size=11874304 bytes (29.0%)
(RDMA_READ_CONSUME_CHECK_CONSUMER) timestamp=3290 ms, used_size=11872256 bytes (29.0%)
(RDMA_READ_CONSUME_CHECK_CONSUMER) timestamp=3290 ms, used_size=11870208 bytes (29.0%)
(RDMA_READ_CONSUME_CHECK_CONSUMER) timestamp=3290 ms, used_size=11868160 bytes (29.0%)
(RDMA_READ_CONSUME_CHECK_CONSUMER) timestamp=3290 ms, used_size=11866112 bytes (29.0%)
(RDMA_READ_CONSUME_CHECK_CONSUMER) timestamp=3290 ms, used_size=11864064 bytes (29.0%)
(RDMA_READ_CONSUME_CHECK_CONSUMER) timestamp=3290 ms, used_size=11862016 bytes (29.0%)
(RDMA_READ_CONSUME_CHECK_CONSUMER) timestamp=3290 ms, used_size=11859968 bytes (29.0%)
(RDMA_READ_CONSUME_CHECK_CONSUMER) timestamp=3290 ms, used_size=11857920 bytes (28.9%)
(RDMA_READ_CONSUME_CHECK_CONSUMER) timestamp=3290 ms, used_size=11855872 bytes (28.9%)
(RDMA_READ_CONSUME_CHECK_CONSUMER) timestamp=3290 ms, used_size=11853824 bytes (28.9%)
(RDMA_READ_CONSUME_CHECK_CONSUMER) timestamp=3290 ms, used_size=11851776 bytes (28.9%)
(RDMA_READ_CONSUME_CHECK_CONSUMER) timestamp=3290 ms, used_size=11849728 bytes (28.9%)
(RDMA_READ_CONSUME_CHECK_CONSUMER) timestamp=3290 ms, used_size=11847680 bytes (28.9%)
(RDMA_READ_CONSUME_CHECK_CONSUMER) timestamp=3290 ms, used_size=11845632 bytes (28.9%)
(RDMA_READ_CONSUME_CHECK_CONSUMER) timestamp=3290 ms, used_size=11843584 bytes (28.9%)
(RDMA_READ_CONSUME_CHECK_CONSUMER) timestamp=3290 ms, used_size=11841536 bytes (28.9%)
(RDMA_READ_CONSUME_CHECK_CONSUMER) timestamp=3290 ms, used_size=11839488 bytes (28.9%)
(RDMA_READ_CONSUME_CHECK_CONSUMER) timestamp=3290 ms, used_size=11837440 bytes (28.9%)
(RDMA_READ_CONSUME_CHECK_CONSUMER) timestamp=3290 ms, used_size=11835392 bytes (28.9%)
(RDMA_READ_CONSUME_CHECK_CONSUMER) timestamp=3290 ms, used_size=11833344 bytes (28.9%)
(RDMA_READ_CONSUME_CHECK_CONSUMER) timestamp=3290 ms, used_size=11831296 bytes (28.9%)
(RDMA_READ_CONSUME_CHECK_CONSUMER) timestamp=3290 ms, used_size=11829248 bytes (28.9%)
(RDMA_READ_CONSUME_CHECK_CONSUMER) timestamp=3290 ms, used_size=11827200 bytes (28.9%)
(RDMA_READ_CONSUME_CHECK_CONSUMER) timestamp=3290 ms, used_size=11825152 bytes (28.9%)
(RDMA_READ_CONSUME_CHECK_CONSUMER) timestamp=3290 ms, used_size=11823104 bytes (28.9%)
(RDMA_READ_CONSUME_CHECK_CONSUMER) timestamp=3290 ms, used_size=11821056 bytes (28.9%)
(RDMA_READ_CONSUME_CHECK_CONSUMER) timestamp=3290 ms, used_size=11819008 bytes (28.9%)
(RDMA_READ_CONSUME_CHECK_CONSUMER) timestamp=3290 ms, used_size=11816960 bytes (28.9%)
(RDMA_READ_CONSUME_CHECK_CONSUMER) timestamp=3290 ms, used_size=11814912 bytes (28.8%)
(RDMA_READ_CONSUME_CHECK_CONSUMER) timestamp=3290 ms, used_size=11812864 bytes (28.8%)
(RDMA_READ_CONSUME_CHECK_CONSUMER) timestamp=3290 ms, used_size=11810816 bytes (28.8%)
(RDMA_READ_CONSUME_CHECK_CONSUMER) timestamp=3290 ms, used_size=11808768 bytes (28.8%)
(RDMA_READ_CONSUME_CHECK_CONSUMER) timestamp=3290 ms, used_size=11806720 bytes (28.8%)
(RDMA_READ_CONSUME_CHECK_CONSUMER) timestamp=3290 ms, used_size=11804672 bytes (28.8%)
(RDMA_READ_CONSUME_CHECK_CONSUMER) timestamp=3290 ms, used_size=11802624 bytes (28.8%)
(RDMA_READ_CONSUME_CHECK_CONSUMER) timestamp=3290 ms, used_size=11800576 bytes (28.8%)
(RDMA_READ_CONSUME_CHECK_CONSUMER) timestamp=3290 ms, used_size=11798528 bytes (28.8%)
(RDMA_READ_CONSUME_CHECK_CONSUMER) timestamp=3290 ms, used_size=11796480 bytes (28.8%)
(RDMA_READ_CONSUME_CHECK_CONSUMER) timestamp=3290 ms, used_size=11794432 bytes (28.8%)
(RDMA_READ_CONSUME_CHECK_CONSUMER) timestamp=3290 ms, used_size=11792384 bytes (28.8%)
(RDMA_READ_CONSUME_CHECK_CONSUMER) timestamp=3290 ms, used_size=11790336 bytes (28.8%)
(RDMA_READ_CONSUME_CHECK_CONSUMER) timestamp=3290 ms, used_size=11788288 bytes (28.8%)
(RDMA_READ_CONSUME_CHECK_CONSUMER) timestamp=3290 ms, used_size=11786240 bytes (28.8%)
(RDMA_READ_CONSUME_CHECK_CONSUMER) timestamp=3290 ms, used_size=11784192 bytes (28.8%)
(RDMA_READ_CONSUME_CHECK_CONSUMER) timestamp=3290 ms, used_size=11782144 bytes (28.8%)
(RDMA_READ_CONSUME_CHECK_CONSUMER) timestamp=3290 ms, used_size=11780096 bytes (28.8%)
(RDMA_READ_CONSUME_CHECK_CONSUMER) timestamp=3290 ms, used_size=11778048 bytes (28.8%)
(RDMA_READ_CONSUME_CHECK_CONSUMER) timestamp=3290 ms, used_size=11776000 bytes (28.8%)
(RDMA_READ_CONSUME_CHECK_CONSUMER) timestamp=3290 ms, used_size=11773952 bytes (28.7%)
(RDMA_READ_CONSUME_CHECK_CONSUMER) timestamp=3290 ms, used_size=11771904 bytes (28.7%)
(RDMA_READ_CONSUME_CHECK_CONSUMER) timestamp=3290 ms, used_size=11769856 bytes (28.7%)
(RDMA_READ_CONSUME_CHECK_CONSUMER) timestamp=3290 ms, used_size=11767808 bytes (28.7%)
(RDMA_READ_CONSUME_CHECK_CONSUMER) timestamp=3290 ms, used_size=11765760 bytes (28.7%)
(RDMA_READ_CONSUME_CHECK_CONSUMER) timestamp=3290 ms, used_size=11763712 bytes (28.7%)
(RDMA_READ_CONSUME_CHECK_CONSUMER) timestamp=3290 ms, used_size=11761664 bytes (28.7%)
(RDMA_READ_CONSUME_CHECK_CONSUMER) timestamp=3290 ms, used_size=11759616 bytes (28.7%)
(RDMA_READ_CONSUME_CHECK_CONSUMER) timestamp=3290 ms, used_size=11757568 bytes (28.7%)
(RDMA_READ_CONSUME_CHECK_CONSUMER) timestamp=3290 ms, used_size=11755520 bytes (28.7%)
(RDMA_READ_CONSUME_CHECK_CONSUMER) timestamp=3290 ms, used_size=11753472 bytes (28.7%)
(RDMA_READ_CONSUME_CHECK_CONSUMER) timestamp=3290 ms, used_size=11751424 bytes (28.7%)
(RDMA_READ_CONSUME_CHECK_CONSUMER) timestamp=3290 ms, used_size=11749376 bytes (28.7%)
(RDMA_READ_CONSUME_CHECK_CONSUMER) timestamp=3290 ms, used_size=11747328 bytes (28.7%)
(RDMA_READ_CONSUME_CHECK_CONSUMER) timestamp=3290 ms, used_size=11745280 bytes (28.7%)
(RDMA_READ_CONSUME_CHECK_CONSUMER) timestamp=3290 ms, used_size=11743232 bytes (28.7%)
(RDMA_READ_CONSUME_CHECK_CONSUMER) timestamp=3290 ms, used_size=11741184 bytes (28.7%)
(RDMA_READ_CONSUME_CHECK_CONSUMER) timestamp=3290 ms, used_size=11739136 bytes (28.7%)
(RDMA_READ_CONSUME_CHECK_CONSUMER) timestamp=3290 ms, used_size=11737088 bytes (28.7%)
(RDMA_READ_CONSUME_CHECK_CONSUMER) timestamp=3290 ms, used_size=11735040 bytes (28.6%)
(RDMA_READ_CONSUME_CHECK_CONSUMER) timestamp=3290 ms, used_size=11732992 bytes (28.6%)
(RDMA_READ_CONSUME_CHECK_CONSUMER) timestamp=3290 ms, used_size=11730944 bytes (28.6%)
(RDMA_READ_CONSUME_CHECK_CONSUMER) timestamp=3290 ms, used_size=11728896 bytes (28.6%)
(RDMA_READ_CONSUME_CHECK_CONSUMER) timestamp=3290 ms, used_size=11726848 bytes (28.6%)
(RDMA_READ_CONSUME_CHECK_CONSUMER) timestamp=3290 ms, used_size=11724800 bytes (28.6%)
(RDMA_READ_CONSUME_CHECK_CONSUMER) timestamp=3290 ms, used_size=11722752 bytes (28.6%)
(RDMA_READ_CONSUME_CHECK_CONSUMER) timestamp=3290 ms, used_size=11720704 bytes (28.6%)
(RDMA_READ_CONSUME_CHECK_CONSUMER) timestamp=3290 ms, used_size=11718656 bytes (28.6%)
(RDMA_READ_CONSUME_CHECK_CONSUMER) timestamp=3290 ms, used_size=11716608 bytes (28.6%)
(RDMA_READ_CONSUME_CHECK_CONSUMER) timestamp=3290 ms, used_size=11714560 bytes (28.6%)
(RDMA_READ_CONSUME_CHECK_CONSUMER) timestamp=3290 ms, used_size=11712512 bytes (28.6%)
(RDMA_READ_CONSUME_CHECK_CONSUMER) timestamp=3290 ms, used_size=11710464 bytes (28.6%)
(RDMA_READ_CONSUME_CHECK_CONSUMER) timestamp=3290 ms, used_size=11708416 bytes (28.6%)
(RDMA_READ_CONSUME_CHECK_CONSUMER) timestamp=3290 ms, used_size=11706368 bytes (28.6%)
(RDMA_READ_CONSUME_CHECK_CONSUMER) timestamp=3290 ms, used_size=11704320 bytes (28.6%)
(RDMA_READ_CONSUME_CHECK_CONSUMER) timestamp=3290 ms, used_size=11702272 bytes (28.6%)
(RDMA_READ_CONSUME_CHECK_CONSUMER) timestamp=3290 ms, used_size=11700224 bytes (28.6%)
(RDMA_READ_CONSUME_CHECK_CONSUMER) timestamp=3290 ms, used_size=11698176 bytes (28.6%)
(RDMA_READ_CONSUME_CHECK_CONSUMER) timestamp=3290 ms, used_size=11696128 bytes (28.6%)
(RDMA_READ_CONSUME_CHECK_CONSUMER) timestamp=3290 ms, used_size=11694080 bytes (28.6%)
(RDMA_READ_CONSUME_CHECK_CONSUMER) timestamp=3290 ms, used_size=11692032 bytes (28.5%)
(RDMA_READ_CONSUME_CHECK_CONSUMER) timestamp=3290 ms, used_size=11689984 bytes (28.5%)
(RDMA_READ_CONSUME_CHECK_CONSUMER) timestamp=3290 ms, used_size=11687936 bytes (28.5%)
(RDMA_READ_CONSUME_CHECK_CONSUMER) timestamp=3290 ms, used_size=11685888 bytes (28.5%)
(RDMA_READ_CONSUME_CHECK_CONSUMER) timestamp=3290 ms, used_size=11683840 bytes (28.5%)
(RDMA_READ_CONSUME_CHECK_CONSUMER) timestamp=3290 ms, used_size=11681792 bytes (28.5%)
(RDMA_READ_CONSUME_CHECK_CONSUMER) timestamp=3290 ms, used_size=11679744 bytes (28.5%)
(RDMA_READ_CONSUME_CHECK_CONSUMER) timestamp=3290 ms, used_size=11677696 bytes (28.5%)
(RDMA_READ_CONSUME_CHECK_CONSUMER) timestamp=3290 ms, used_size=11675648 bytes (28.5%)
(RDMA_READ_CONSUME_CHECK_CONSUMER) timestamp=3290 ms, used_size=11673600 bytes (28.5%)
(RDMA_READ_CONSUME_CHECK_CONSUMER) timestamp=3290 ms, used_size=11671552 bytes (28.5%)
(RDMA_READ_CONSUME_CHECK_CONSUMER) timestamp=3290 ms, used_size=11669504 bytes (28.5%)
(RDMA_READ_CONSUME_CHECK_CONSUMER) timestamp=3290 ms, used_size=11667456 bytes (28.5%)
(RDMA_READ_CONSUME_CHECK_CONSUMER) timestamp=3291 ms, used_size=11665408 bytes (28.5%)
(RDMA_READ_CONSUME_CHECK_CONSUMER) timestamp=3291 ms, used_size=11663360 bytes (28.5%)
(RDMA_READ_CONSUME_CHECK_CONSUMER) timestamp=3291 ms, used_size=11661312 bytes (28.5%)
(RDMA_READ_CONSUME_CHECK_CONSUMER) timestamp=3291 ms, used_size=11659264 bytes (28.5%)
(RDMA_READ_CONSUME_CHECK_CONSUMER) timestamp=3291 ms, used_size=11657216 bytes (28.5%)
(RDMA_READ_CONSUME_CHECK_CONSUMER) timestamp=3291 ms, used_size=11655168 bytes (28.5%)
(RDMA_READ_CONSUME_CHECK_CONSUMER) timestamp=3291 ms, used_size=11653120 bytes (28.4%)
(RDMA_READ_CONSUME_CHECK_CONSUMER) timestamp=3291 ms, used_size=11651072 bytes (28.4%)
(RDMA_READ_CONSUME_CHECK_CONSUMER) timestamp=3291 ms, used_size=11649024 bytes (28.4%)
(RDMA_READ_CONSUME_CHECK_CONSUMER) timestamp=3291 ms, used_size=11646976 bytes (28.4%)
(RDMA_READ_CONSUME_CHECK_CONSUMER) timestamp=3291 ms, used_size=11644928 bytes (28.4%)
(RDMA_READ_CONSUME_CHECK_CONSUMER) timestamp=3291 ms, used_size=11642880 bytes (28.4%)
(RDMA_READ_CONSUME_CHECK_CONSUMER) timestamp=3291 ms, used_size=11640832 bytes (28.4%)
(RDMA_READ_CONSUME_CHECK_CONSUMER) timestamp=3291 ms, used_size=11638784 bytes (28.4%)
(RDMA_READ_CONSUME_CHECK_CONSUMER) timestamp=3291 ms, used_size=11636736 bytes (28.4%)
(RDMA_READ_CONSUME_CHECK_CONSUMER) timestamp=3291 ms, used_size=11634688 bytes (28.4%)
(RDMA_READ_CONSUME_CHECK_CONSUMER) timestamp=3291 ms, used_size=11632640 bytes (28.4%)
(RDMA_READ_CONSUME_CHECK_CONSUMER) timestamp=3291 ms, used_size=11630592 bytes (28.4%)
(RDMA_READ_CONSUME_CHECK_CONSUMER) timestamp=3291 ms, used_size=11628544 bytes (28.4%)
(RDMA_READ_CONSUME_CHECK_CONSUMER) timestamp=3291 ms, used_size=11626496 bytes (28.4%)
(RDMA_READ_CONSUME_CHECK_CONSUMER) timestamp=3291 ms, used_size=11624448 bytes (28.4%)
(RDMA_READ_CONSUME_CHECK_CONSUMER) timestamp=3291 ms, used_size=11622400 bytes (28.4%)
(RDMA_READ_CONSUME_CHECK_CONSUMER) timestamp=3291 ms, used_size=11620352 bytes (28.4%)
(RDMA_READ_CONSUME_CHECK_CONSUMER) timestamp=3291 ms, used_size=11618304 bytes (28.4%)
(RDMA_READ_CONSUME_CHECK_CONSUMER) timestamp=3291 ms, used_size=11616256 bytes (28.4%)
(RDMA_READ_CONSUME_CHECK_CONSUMER) timestamp=3291 ms, used_size=11614208 bytes (28.4%)
(RDMA_READ_CONSUME_CHECK_CONSUMER) timestamp=3291 ms, used_size=11612160 bytes (28.4%)
(RDMA_READ_CONSUME_CHECK_CONSUMER) timestamp=3291 ms, used_size=11610112 bytes (28.3%)
(RDMA_READ_CONSUME_CHECK_CONSUMER) timestamp=3291 ms, used_size=11608064 bytes (28.3%)
(RDMA_READ_CONSUME_CHECK_CONSUMER) timestamp=3291 ms, used_size=11606016 bytes (28.3%)
(RDMA_READ_CONSUME_CHECK_CONSUMER) timestamp=3291 ms, used_size=11603968 bytes (28.3%)
(RDMA_READ_CONSUME_CHECK_CONSUMER) timestamp=3291 ms, used_size=11601920 bytes (28.3%)
(RDMA_READ_CONSUME_CHECK_CONSUMER) timestamp=3291 ms, used_size=11599872 bytes (28.3%)
(RDMA_READ_CONSUME_CHECK_CONSUMER) timestamp=3291 ms, used_size=11597824 bytes (28.3%)
(RDMA_READ_CONSUME_CHECK_CONSUMER) timestamp=3291 ms, used_size=11595776 bytes (28.3%)
(RDMA_READ_CONSUME_CHECK_CONSUMER) timestamp=3291 ms, used_size=11593728 bytes (28.3%)
(RDMA_READ_CONSUME_CHECK_CONSUMER) timestamp=3291 ms, used_size=11591680 bytes (28.3%)
(RDMA_READ_CONSUME_CHECK_CONSUMER) timestamp=3291 ms, used_size=11589632 bytes (28.3%)
(RDMA_READ_CONSUME_CHECK_CONSUMER) timestamp=3291 ms, used_size=11587584 bytes (28.3%)
(RDMA_READ_CONSUME_CHECK_CONSUMER) timestamp=3291 ms, used_size=11585536 bytes (28.3%)
(RDMA_READ_CONSUME_CHECK_CONSUMER) timestamp=3291 ms, used_size=11583488 bytes (28.3%)
(RDMA_READ_CONSUME_CHECK_CONSUMER) timestamp=3291 ms, used_size=11581440 bytes (28.3%)
(RDMA_READ_CONSUME_CHECK_CONSUMER) timestamp=3291 ms, used_size=11579392 bytes (28.3%)
(RDMA_READ_CONSUME_CHECK_CONSUMER) timestamp=3291 ms, used_size=11577344 bytes (28.3%)
(RDMA_READ_CONSUME_CHECK_CONSUMER) timestamp=3291 ms, used_size=11575296 bytes (28.3%)
(RDMA_READ_CONSUME_CHECK_CONSUMER) timestamp=3291 ms, used_size=11573248 bytes (28.3%)
(RDMA_READ_CONSUME_CHECK_CONSUMER) timestamp=3291 ms, used_size=11571200 bytes (28.2%)
(RDMA_READ_CONSUME_CHECK_CONSUMER) timestamp=3291 ms, used_size=11569152 bytes (28.2%)
(RDMA_READ_CONSUME_CHECK_CONSUMER) timestamp=3291 ms, used_size=11567104 bytes (28.2%)
(RDMA_READ_CONSUME_CHECK_CONSUMER) timestamp=3291 ms, used_size=11565056 bytes (28.2%)
(RDMA_READ_CONSUME_CHECK_CONSUMER) timestamp=3291 ms, used_size=11563008 bytes (28.2%)
(RDMA_READ_CONSUME_CHECK_CONSUMER) timestamp=3291 ms, used_size=11560960 bytes (28.2%)
(RDMA_READ_CONSUME_CHECK_CONSUMER) timestamp=3291 ms, used_size=11558912 bytes (28.2%)
(RDMA_READ_CONSUME_CHECK_CONSUMER) timestamp=3291 ms, used_size=11556864 bytes (28.2%)
(RDMA_READ_CONSUME_CHECK_CONSUMER) timestamp=3291 ms, used_size=11554816 bytes (28.2%)
(RDMA_READ_CONSUME_CHECK_CONSUMER) timestamp=3291 ms, used_size=11552768 bytes (28.2%)
(RDMA_READ_CONSUME_CHECK_CONSUMER) timestamp=3291 ms, used_size=11550720 bytes (28.2%)
(RDMA_READ_CONSUME_CHECK_CONSUMER) timestamp=3291 ms, used_size=11548672 bytes (28.2%)
(RDMA_READ_CONSUME_CHECK_CONSUMER) timestamp=3291 ms, used_size=11546624 bytes (28.2%)
(RDMA_READ_CONSUME_CHECK_CONSUMER) timestamp=3291 ms, used_size=11544576 bytes (28.2%)
(RDMA_READ_CONSUME_CHECK_CONSUMER) timestamp=3291 ms, used_size=11542528 bytes (28.2%)
(RDMA_READ_CONSUME_CHECK_CONSUMER) timestamp=3291 ms, used_size=11540480 bytes (28.2%)
(RDMA_READ_CONSUME_CHECK_CONSUMER) timestamp=3291 ms, used_size=11538432 bytes (28.2%)
(RDMA_READ_CONSUME_CHECK_CONSUMER) timestamp=3291 ms, used_size=11536384 bytes (28.2%)
(RDMA_READ_CONSUME_CHECK_CONSUMER) timestamp=3291 ms, used_size=11534336 bytes (28.2%)
(RDMA_READ_CONSUME_CHECK_CONSUMER) timestamp=3291 ms, used_size=11532288 bytes (28.2%)
(RDMA_READ_CONSUME_CHECK_CONSUMER) timestamp=3291 ms, used_size=11530240 bytes (28.1%)
(RDMA_READ_CONSUME_CHECK_CONSUMER) timestamp=3291 ms, used_size=11528192 bytes (28.1%)
(RDMA_READ_CONSUME_CHECK_CONSUMER) timestamp=3291 ms, used_size=11526144 bytes (28.1%)
(RDMA_READ_CONSUME_CHECK_CONSUMER) timestamp=3291 ms, used_size=11524096 bytes (28.1%)
(RDMA_READ_CONSUME_CHECK_CONSUMER) timestamp=3291 ms, used_size=11522048 bytes (28.1%)
(RDMA_READ_CONSUME_CHECK_CONSUMER) timestamp=3291 ms, used_size=11520000 bytes (28.1%)
(RDMA_READ_CONSUME_CHECK_CONSUMER) timestamp=3291 ms, used_size=11517952 bytes (28.1%)
(RDMA_READ_CONSUME_CHECK_CONSUMER) timestamp=3291 ms, used_size=11515904 bytes (28.1%)
(RDMA_READ_CONSUME_CHECK_CONSUMER) timestamp=3291 ms, used_size=11513856 bytes (28.1%)
(RDMA_READ_CONSUME_CHECK_CONSUMER) timestamp=3291 ms, used_size=11511808 bytes (28.1%)
(RDMA_READ_CONSUME_CHECK_CONSUMER) timestamp=3291 ms, used_size=11509760 bytes (28.1%)
(RDMA_READ_CONSUME_CHECK_CONSUMER) timestamp=3291 ms, used_size=11507712 bytes (28.1%)
(RDMA_READ_CONSUME_CHECK_CONSUMER) timestamp=3291 ms, used_size=11505664 bytes (28.1%)
(RDMA_READ_CONSUME_CHECK_CONSUMER) timestamp=3291 ms, used_size=11503616 bytes (28.1%)
(RDMA_READ_CONSUME_CHECK_CONSUMER) timestamp=3291 ms, used_size=11501568 bytes (28.1%)
(RDMA_READ_CONSUME_CHECK_CONSUMER) timestamp=3291 ms, used_size=11499520 bytes (28.1%)
(RDMA_READ_CONSUME_CHECK_CONSUMER) timestamp=3291 ms, used_size=11497472 bytes (28.1%)
(RDMA_READ_CONSUME_CHECK_CONSUMER) timestamp=3291 ms, used_size=11495424 bytes (28.1%)
(RDMA_READ_CONSUME_CHECK_CONSUMER) timestamp=3291 ms, used_size=11493376 bytes (28.1%)
(RDMA_READ_CONSUME_CHECK_CONSUMER) timestamp=3291 ms, used_size=11491328 bytes (28.1%)
(RDMA_READ_CONSUME_CHECK_CONSUMER) timestamp=3291 ms, used_size=11489280 bytes (28.1%)
(RDMA_READ_CONSUME_CHECK_CONSUMER) timestamp=3291 ms, used_size=11487232 bytes (28.0%)
(RDMA_READ_CONSUME_CHECK_CONSUMER) timestamp=3291 ms, used_size=11485184 bytes (28.0%)
(RDMA_READ_CONSUME_CHECK_CONSUMER) timestamp=3291 ms, used_size=11483136 bytes (28.0%)
(RDMA_READ_CONSUME_CHECK_CONSUMER) timestamp=3291 ms, used_size=11481088 bytes (28.0%)
(RDMA_READ_CONSUME_CHECK_CONSUMER) timestamp=3291 ms, used_size=11479040 bytes (28.0%)
(RDMA_READ_CONSUME_CHECK_CONSUMER) timestamp=3291 ms, used_size=11476992 bytes (28.0%)
(RDMA_READ_CONSUME_CHECK_CONSUMER) timestamp=3291 ms, used_size=11474944 bytes (28.0%)
(RDMA_READ_CONSUME_CHECK_CONSUMER) timestamp=3291 ms, used_size=11472896 bytes (28.0%)
(RDMA_READ_CONSUME_CHECK_CONSUMER) timestamp=3291 ms, used_size=11470848 bytes (28.0%)
(RDMA_READ_CONSUME_CHECK_CONSUMER) timestamp=3291 ms, used_size=11468800 bytes (28.0%)
(RDMA_READ_CONSUME_CHECK_CONSUMER) timestamp=3291 ms, used_size=11466752 bytes (28.0%)
(RDMA_READ_CONSUME_CHECK_CONSUMER) timestamp=3291 ms, used_size=11464704 bytes (28.0%)
(RDMA_READ_CONSUME_CHECK_CONSUMER) timestamp=3291 ms, used_size=11462656 bytes (28.0%)
(RDMA_READ_CONSUME_CHECK_CONSUMER) timestamp=3291 ms, used_size=11460608 bytes (28.0%)
(RDMA_READ_CONSUME_CHECK_CONSUMER) timestamp=3291 ms, used_size=11458560 bytes (28.0%)
(RDMA_READ_CONSUME_CHECK_CONSUMER) timestamp=3291 ms, used_size=11456512 bytes (28.0%)
(RDMA_READ_CONSUME_CHECK_CONSUMER) timestamp=3291 ms, used_size=11454464 bytes (28.0%)
(RDMA_READ_CONSUME_CHECK_CONSUMER) timestamp=3291 ms, used_size=11452416 bytes (28.0%)
(RDMA_READ_CONSUME_CHECK_CONSUMER) timestamp=3291 ms, used_size=11450368 bytes (28.0%)
(RDMA_READ_CONSUME_CHECK_CONSUMER) timestamp=3291 ms, used_size=11448320 bytes (27.9%)
(RDMA_READ_CONSUME_CHECK_CONSUMER) timestamp=3291 ms, used_size=11446272 bytes (27.9%)
(RDMA_READ_CONSUME_CHECK_CONSUMER) timestamp=3291 ms, used_size=11444224 bytes (27.9%)
(RDMA_READ_CONSUME_CHECK_CONSUMER) timestamp=3291 ms, used_size=11442176 bytes (27.9%)
(RDMA_READ_CONSUME_CHECK_CONSUMER) timestamp=3291 ms, used_size=11440128 bytes (27.9%)
(RDMA_READ_CONSUME_CHECK_CONSUMER) timestamp=3291 ms, used_size=11438080 bytes (27.9%)
(RDMA_READ_CONSUME_CHECK_CONSUMER) timestamp=3291 ms, used_size=11436032 bytes (27.9%)
(RDMA_READ_CONSUME_CHECK_CONSUMER) timestamp=3291 ms, used_size=11433984 bytes (27.9%)
(RDMA_READ_CONSUME_CHECK_CONSUMER) timestamp=3291 ms, used_size=11431936 bytes (27.9%)
(RDMA_READ_CONSUME_CHECK_CONSUMER) timestamp=3291 ms, used_size=11429888 bytes (27.9%)
(RDMA_READ_CONSUME_CHECK_CONSUMER) timestamp=3291 ms, used_size=11427840 bytes (27.9%)
(RDMA_READ_CONSUME_CHECK_CONSUMER) timestamp=3291 ms, used_size=11425792 bytes (27.9%)
(RDMA_READ_CONSUME_CHECK_CONSUMER) timestamp=3291 ms, used_size=11423744 bytes (27.9%)
(RDMA_READ_CONSUME_CHECK_CONSUMER) timestamp=3291 ms, used_size=11421696 bytes (27.9%)
(RDMA_READ_CONSUME_CHECK_CONSUMER) timestamp=3291 ms, used_size=11419648 bytes (27.9%)
(RDMA_READ_CONSUME_CHECK_CONSUMER) timestamp=3291 ms, used_size=11417600 bytes (27.9%)
(RDMA_READ_CONSUME_CHECK_CONSUMER) timestamp=3291 ms, used_size=11415552 bytes (27.9%)
(RDMA_READ_CONSUME_CHECK_CONSUMER) timestamp=3291 ms, used_size=11413504 bytes (27.9%)
(RDMA_READ_CONSUME_CHECK_CONSUMER) timestamp=3291 ms, used_size=11411456 bytes (27.9%)
(RDMA_READ_CONSUME_CHECK_CONSUMER) timestamp=3291 ms, used_size=11409408 bytes (27.9%)
(RDMA_READ_CONSUME_CHECK_CONSUMER) timestamp=3291 ms, used_size=11407360 bytes (27.9%)
(RDMA_READ_CONSUME_CHECK_CONSUMER) timestamp=3291 ms, used_size=11405312 bytes (27.8%)
(RDMA_READ_CONSUME_CHECK_CONSUMER) timestamp=3291 ms, used_size=11403264 bytes (27.8%)
(RDMA_READ_CONSUME_CHECK_CONSUMER) timestamp=3291 ms, used_size=11401216 bytes (27.8%)
(RDMA_READ_CONSUME_CHECK_CONSUMER) timestamp=3291 ms, used_size=11399168 bytes (27.8%)
(RDMA_READ_CONSUME_CHECK_CONSUMER) timestamp=3291 ms, used_size=11397120 bytes (27.8%)
(RDMA_READ_CONSUME_CHECK_CONSUMER) timestamp=3291 ms, used_size=11395072 bytes (27.8%)
(RDMA_READ_CONSUME_CHECK_CONSUMER) timestamp=3291 ms, used_size=11393024 bytes (27.8%)
(RDMA_READ_CONSUME_CHECK_CONSUMER) timestamp=3291 ms, used_size=11390976 bytes (27.8%)
(RDMA_READ_CONSUME_CHECK_CONSUMER) timestamp=3291 ms, used_size=11388928 bytes (27.8%)
(RDMA_READ_CONSUME_CHECK_CONSUMER) timestamp=3291 ms, used_size=11386880 bytes (27.8%)
(RDMA_READ_CONSUME_CHECK_CONSUMER) timestamp=3291 ms, used_size=11384832 bytes (27.8%)
(RDMA_READ_CONSUME_CHECK_CONSUMER) timestamp=3291 ms, used_size=11382784 bytes (27.8%)
(RDMA_READ_CONSUME_CHECK_CONSUMER) timestamp=3291 ms, used_size=11380736 bytes (27.8%)
(RDMA_READ_CONSUME_CHECK_CONSUMER) timestamp=3291 ms, used_size=11378688 bytes (27.8%)
(RDMA_READ_CONSUME_CHECK_CONSUMER) timestamp=3291 ms, used_size=11376640 bytes (27.8%)
(RDMA_READ_CONSUME_CHECK_CONSUMER) timestamp=3291 ms, used_size=11374592 bytes (27.8%)
(RDMA_READ_CONSUME_CHECK_CONSUMER) timestamp=3291 ms, used_size=11372544 bytes (27.8%)
(RDMA_READ_CONSUME_CHECK_CONSUMER) timestamp=3291 ms, used_size=11370496 bytes (27.8%)
(RDMA_READ_CONSUME_CHECK_CONSUMER) timestamp=3291 ms, used_size=11368448 bytes (27.8%)
(RDMA_READ_CONSUME_CHECK_CONSUMER) timestamp=3291 ms, used_size=11366400 bytes (27.8%)
(RDMA_READ_CONSUME_CHECK_CONSUMER) timestamp=3291 ms, used_size=11364352 bytes (27.7%)
(RDMA_READ_CONSUME_CHECK_CONSUMER) timestamp=3291 ms, used_size=11362304 bytes (27.7%)
(RDMA_READ_CONSUME_CHECK_CONSUMER) timestamp=3291 ms, used_size=11360256 bytes (27.7%)
(RDMA_READ_CONSUME_CHECK_CONSUMER) timestamp=3291 ms, used_size=11358208 bytes (27.7%)
(RDMA_READ_CONSUME_CHECK_CONSUMER) timestamp=3291 ms, used_size=11356160 bytes (27.7%)
(RDMA_READ_CONSUME_CHECK_CONSUMER) timestamp=3291 ms, used_size=11354112 bytes (27.7%)
(RDMA_READ_CONSUME_CHECK_CONSUMER) timestamp=3291 ms, used_size=11352064 bytes (27.7%)
(RDMA_READ_CONSUME_CHECK_CONSUMER) timestamp=3291 ms, used_size=11350016 bytes (27.7%)
(RDMA_READ_CONSUME_CHECK_CONSUMER) timestamp=3291 ms, used_size=11347968 bytes (27.7%)
(RDMA_READ_CONSUME_CHECK_CONSUMER) timestamp=3291 ms, used_size=11345920 bytes (27.7%)
(RDMA_READ_CONSUME_CHECK_CONSUMER) timestamp=3291 ms, used_size=11343872 bytes (27.7%)
(RDMA_READ_CONSUME_CHECK_CONSUMER) timestamp=3291 ms, used_size=11341824 bytes (27.7%)
(RDMA_READ_CONSUME_CHECK_CONSUMER) timestamp=3291 ms, used_size=11339776 bytes (27.7%)
(RDMA_READ_CONSUME_CHECK_CONSUMER) timestamp=3291 ms, used_size=11337728 bytes (27.7%)
(RDMA_READ_CONSUME_CHECK_CONSUMER) timestamp=3291 ms, used_size=11335680 bytes (27.7%)
(RDMA_READ_CONSUME_CHECK_CONSUMER) timestamp=3291 ms, used_size=11333632 bytes (27.7%)
(RDMA_READ_CONSUME_CHECK_CONSUMER) timestamp=3291 ms, used_size=11331584 bytes (27.7%)
(RDMA_READ_CONSUME_CHECK_CONSUMER) timestamp=3291 ms, used_size=11329536 bytes (27.7%)
(RDMA_READ_CONSUME_CHECK_CONSUMER) timestamp=3291 ms, used_size=11327488 bytes (27.7%)
(RDMA_READ_CONSUME_CHECK_CONSUMER) timestamp=3291 ms, used_size=11325440 bytes (27.6%)
(RDMA_READ_CONSUME_CHECK_CONSUMER) timestamp=3291 ms, used_size=11323392 bytes (27.6%)
(RDMA_READ_CONSUME_CHECK_CONSUMER) timestamp=3291 ms, used_size=11321344 bytes (27.6%)
(RDMA_READ_CONSUME_CHECK_CONSUMER) timestamp=3291 ms, used_size=11319296 bytes (27.6%)
(RDMA_READ_CONSUME_CHECK_CONSUMER) timestamp=3291 ms, used_size=11317248 bytes (27.6%)
(RDMA_READ_CONSUME_CHECK_CONSUMER) timestamp=3291 ms, used_size=11315200 bytes (27.6%)
(RDMA_READ_CONSUME_CHECK_CONSUMER) timestamp=3291 ms, used_size=11313152 bytes (27.6%)
(RDMA_READ_CONSUME_CHECK_CONSUMER) timestamp=3291 ms, used_size=11311104 bytes (27.6%)
(RDMA_READ_CONSUME_CHECK_CONSUMER) timestamp=3291 ms, used_size=11309056 bytes (27.6%)
(RDMA_READ_CONSUME_CHECK_CONSUMER) timestamp=3291 ms, used_size=11307008 bytes (27.6%)
(RDMA_READ_CONSUME_CHECK_CONSUMER) timestamp=3291 ms, used_size=11304960 bytes (27.6%)
(RDMA_READ_CONSUME_CHECK_CONSUMER) timestamp=3291 ms, used_size=11302912 bytes (27.6%)
(RDMA_READ_CONSUME_CHECK_CONSUMER) timestamp=3291 ms, used_size=11300864 bytes (27.6%)
(RDMA_READ_CONSUME_CHECK_CONSUMER) timestamp=3291 ms, used_size=11298816 bytes (27.6%)
(RDMA_READ_CONSUME_CHECK_CONSUMER) timestamp=3291 ms, used_size=11296768 bytes (27.6%)
(RDMA_READ_CONSUME_CHECK_CONSUMER) timestamp=3292 ms, used_size=11294720 bytes (27.6%)
(RDMA_READ_CONSUME_CHECK_CONSUMER) timestamp=3292 ms, used_size=11292672 bytes (27.6%)
(RDMA_READ_CONSUME_CHECK_CONSUMER) timestamp=3292 ms, used_size=11290624 bytes (27.6%)
(RDMA_READ_CONSUME_CHECK_CONSUMER) timestamp=3292 ms, used_size=11288576 bytes (27.6%)
(RDMA_READ_CONSUME_CHECK_CONSUMER) timestamp=3292 ms, used_size=11286528 bytes (27.6%)
(RDMA_READ_CONSUME_CHECK_CONSUMER) timestamp=3292 ms, used_size=11284480 bytes (27.6%)
(RDMA_READ_CONSUME_CHECK_CONSUMER) timestamp=3292 ms, used_size=11282432 bytes (27.5%)
(RDMA_READ_CONSUME_CHECK_CONSUMER) timestamp=3292 ms, used_size=11280384 bytes (27.5%)
(RDMA_READ_CONSUME_CHECK_CONSUMER) timestamp=3292 ms, used_size=11278336 bytes (27.5%)
(RDMA_READ_CONSUME_CHECK_CONSUMER) timestamp=3292 ms, used_size=11276288 bytes (27.5%)
(RDMA_READ_CONSUME_CHECK_CONSUMER) timestamp=3292 ms, used_size=11274240 bytes (27.5%)
(RDMA_READ_CONSUME_CHECK_CONSUMER) timestamp=3292 ms, used_size=11272192 bytes (27.5%)
(RDMA_READ_CONSUME_CHECK_CONSUMER) timestamp=3292 ms, used_size=11270144 bytes (27.5%)
(RDMA_READ_CONSUME_CHECK_CONSUMER) timestamp=3292 ms, used_size=11268096 bytes (27.5%)
(RDMA_READ_CONSUME_CHECK_CONSUMER) timestamp=3292 ms, used_size=11266048 bytes (27.5%)
(RDMA_READ_CONSUME_CHECK_CONSUMER) timestamp=3292 ms, used_size=11264000 bytes (27.5%)
(RDMA_READ_CONSUME_CHECK_CONSUMER) timestamp=3292 ms, used_size=11261952 bytes (27.5%)
(RDMA_READ_CONSUME_CHECK_CONSUMER) timestamp=3292 ms, used_size=11259904 bytes (27.5%)
(RDMA_READ_CONSUME_CHECK_CONSUMER) timestamp=3292 ms, used_size=11257856 bytes (27.5%)
(RDMA_READ_CONSUME_CHECK_CONSUMER) timestamp=3292 ms, used_size=11255808 bytes (27.5%)
(RDMA_READ_CONSUME_CHECK_CONSUMER) timestamp=3292 ms, used_size=11253760 bytes (27.5%)
(RDMA_READ_CONSUME_CHECK_CONSUMER) timestamp=3292 ms, used_size=11251712 bytes (27.5%)
(RDMA_READ_CONSUME_CHECK_CONSUMER) timestamp=3292 ms, used_size=11249664 bytes (27.5%)
(RDMA_READ_CONSUME_CHECK_CONSUMER) timestamp=3292 ms, used_size=11247616 bytes (27.5%)
(RDMA_READ_CONSUME_CHECK_CONSUMER) timestamp=3292 ms, used_size=11245568 bytes (27.5%)
(RDMA_READ_CONSUME_CHECK_CONSUMER) timestamp=3292 ms, used_size=11243520 bytes (27.4%)
(RDMA_READ_CONSUME_CHECK_CONSUMER) timestamp=3292 ms, used_size=11241472 bytes (27.4%)
(RDMA_READ_CONSUME_CHECK_CONSUMER) timestamp=3292 ms, used_size=11239424 bytes (27.4%)
(RDMA_READ_CONSUME_CHECK_CONSUMER) timestamp=3292 ms, used_size=11237376 bytes (27.4%)
(RDMA_READ_CONSUME_CHECK_CONSUMER) timestamp=3292 ms, used_size=11235328 bytes (27.4%)
(RDMA_READ_CONSUME_CHECK_CONSUMER) timestamp=3292 ms, used_size=11233280 bytes (27.4%)
(RDMA_READ_CONSUME_CHECK_CONSUMER) timestamp=3292 ms, used_size=11231232 bytes (27.4%)
(RDMA_READ_CONSUME_CHECK_CONSUMER) timestamp=3292 ms, used_size=11229184 bytes (27.4%)
(RDMA_READ_CONSUME_CHECK_CONSUMER) timestamp=3292 ms, used_size=11227136 bytes (27.4%)
(RDMA_READ_CONSUME_CHECK_CONSUMER) timestamp=3292 ms, used_size=11225088 bytes (27.4%)
(RDMA_READ_CONSUME_CHECK_CONSUMER) timestamp=3292 ms, used_size=11223040 bytes (27.4%)
(RDMA_READ_CONSUME_CHECK_CONSUMER) timestamp=3292 ms, used_size=11220992 bytes (27.4%)
(RDMA_READ_CONSUME_CHECK_CONSUMER) timestamp=3292 ms, used_size=11218944 bytes (27.4%)
(RDMA_READ_CONSUME_CHECK_CONSUMER) timestamp=3292 ms, used_size=11216896 bytes (27.4%)
(RDMA_READ_CONSUME_CHECK_CONSUMER) timestamp=3292 ms, used_size=11214848 bytes (27.4%)
(RDMA_READ_CONSUME_CHECK_CONSUMER) timestamp=3292 ms, used_size=11212800 bytes (27.4%)
(RDMA_READ_CONSUME_CHECK_CONSUMER) timestamp=3292 ms, used_size=11210752 bytes (27.4%)
(RDMA_READ_CONSUME_CHECK_CONSUMER) timestamp=3292 ms, used_size=11208704 bytes (27.4%)
(RDMA_READ_CONSUME_CHECK_CONSUMER) timestamp=3292 ms, used_size=11206656 bytes (27.4%)
(RDMA_READ_CONSUME_CHECK_CONSUMER) timestamp=3292 ms, used_size=11204608 bytes (27.4%)
(RDMA_READ_CONSUME_CHECK_CONSUMER) timestamp=3292 ms, used_size=11202560 bytes (27.4%)
(RDMA_READ_CONSUME_CHECK_CONSUMER) timestamp=3292 ms, used_size=11200512 bytes (27.3%)
(RDMA_READ_CONSUME_CHECK_CONSUMER) timestamp=3292 ms, used_size=11198464 bytes (27.3%)
(RDMA_READ_CONSUME_CHECK_CONSUMER) timestamp=3292 ms, used_size=11196416 bytes (27.3%)
(RDMA_READ_CONSUME_CHECK_CONSUMER) timestamp=3292 ms, used_size=11194368 bytes (27.3%)
(RDMA_READ_CONSUME_CHECK_CONSUMER) timestamp=3292 ms, used_size=11192320 bytes (27.3%)
(RDMA_READ_CONSUME_CHECK_CONSUMER) timestamp=3292 ms, used_size=11190272 bytes (27.3%)
(RDMA_READ_CONSUME_CHECK_CONSUMER) timestamp=3292 ms, used_size=11188224 bytes (27.3%)
(RDMA_READ_CONSUME_CHECK_CONSUMER) timestamp=3292 ms, used_size=11186176 bytes (27.3%)
(RDMA_READ_CONSUME_CHECK_CONSUMER) timestamp=3292 ms, used_size=11184128 bytes (27.3%)
(RDMA_READ_CONSUME_CHECK_CONSUMER) timestamp=3292 ms, used_size=11182080 bytes (27.3%)
(RDMA_READ_CONSUME_CHECK_CONSUMER) timestamp=3292 ms, used_size=11180032 bytes (27.3%)
(RDMA_READ_CONSUME_CHECK_CONSUMER) timestamp=3292 ms, used_size=11177984 bytes (27.3%)
(RDMA_READ_CONSUME_CHECK_CONSUMER) timestamp=3292 ms, used_size=11175936 bytes (27.3%)
(RDMA_READ_CONSUME_CHECK_CONSUMER) timestamp=3292 ms, used_size=11173888 bytes (27.3%)
(RDMA_READ_CONSUME_CHECK_CONSUMER) timestamp=3292 ms, used_size=11171840 bytes (27.3%)
(RDMA_READ_CONSUME_CHECK_CONSUMER) timestamp=3292 ms, used_size=11169792 bytes (27.3%)
(RDMA_READ_CONSUME_CHECK_CONSUMER) timestamp=3292 ms, used_size=11167744 bytes (27.3%)
(RDMA_READ_CONSUME_CHECK_CONSUMER) timestamp=3292 ms, used_size=11165696 bytes (27.3%)
(RDMA_READ_CONSUME_CHECK_CONSUMER) timestamp=3292 ms, used_size=11163648 bytes (27.3%)
(RDMA_READ_CONSUME_CHECK_CONSUMER) timestamp=3292 ms, used_size=11161600 bytes (27.2%)
(RDMA_READ_CONSUME_CHECK_CONSUMER) timestamp=3292 ms, used_size=11159552 bytes (27.2%)
(RDMA_READ_CONSUME_CHECK_CONSUMER) timestamp=3292 ms, used_size=11157504 bytes (27.2%)
(RDMA_READ_CONSUME_CHECK_CONSUMER) timestamp=3292 ms, used_size=11155456 bytes (27.2%)
(RDMA_READ_CONSUME_CHECK_CONSUMER) timestamp=3292 ms, used_size=11153408 bytes (27.2%)
(RDMA_READ_CONSUME_CHECK_CONSUMER) timestamp=3292 ms, used_size=11151360 bytes (27.2%)
(RDMA_READ_CONSUME_CHECK_CONSUMER) timestamp=3292 ms, used_size=11149312 bytes (27.2%)
(RDMA_READ_CONSUME_CHECK_CONSUMER) timestamp=3292 ms, used_size=11147264 bytes (27.2%)
(RDMA_READ_CONSUME_CHECK_CONSUMER) timestamp=3292 ms, used_size=11145216 bytes (27.2%)
(RDMA_READ_CONSUME_CHECK_CONSUMER) timestamp=3292 ms, used_size=11143168 bytes (27.2%)
(RDMA_READ_CONSUME_CHECK_CONSUMER) timestamp=3292 ms, used_size=11141120 bytes (27.2%)
(RDMA_READ_CONSUME_CHECK_CONSUMER) timestamp=3292 ms, used_size=11139072 bytes (27.2%)
(RDMA_READ_CONSUME_CHECK_CONSUMER) timestamp=3292 ms, used_size=11137024 bytes (27.2%)
(RDMA_READ_CONSUME_CHECK_CONSUMER) timestamp=3292 ms, used_size=11134976 bytes (27.2%)
(RDMA_READ_CONSUME_CHECK_CONSUMER) timestamp=3292 ms, used_size=11132928 bytes (27.2%)
(RDMA_READ_CONSUME_CHECK_CONSUMER) timestamp=3292 ms, used_size=11130880 bytes (27.2%)
(RDMA_READ_CONSUME_CHECK_CONSUMER) timestamp=3292 ms, used_size=11128832 bytes (27.2%)
(RDMA_READ_CONSUME_CHECK_CONSUMER) timestamp=3292 ms, used_size=11126784 bytes (27.2%)
(RDMA_READ_CONSUME_CHECK_CONSUMER) timestamp=3292 ms, used_size=11124736 bytes (27.2%)
(RDMA_READ_CONSUME_CHECK_CONSUMER) timestamp=3292 ms, used_size=11122688 bytes (27.2%)
(RDMA_READ_CONSUME_CHECK_CONSUMER) timestamp=3292 ms, used_size=11120640 bytes (27.1%)
(RDMA_READ_CONSUME_CHECK_CONSUMER) timestamp=3292 ms, used_size=11118592 bytes (27.1%)
(RDMA_READ_CONSUME_CHECK_CONSUMER) timestamp=3292 ms, used_size=11116544 bytes (27.1%)
(RDMA_READ_CONSUME_CHECK_CONSUMER) timestamp=3292 ms, used_size=11114496 bytes (27.1%)
(RDMA_READ_CONSUME_CHECK_CONSUMER) timestamp=3292 ms, used_size=11112448 bytes (27.1%)
(RDMA_READ_CONSUME_CHECK_CONSUMER) timestamp=3292 ms, used_size=11110400 bytes (27.1%)
(RDMA_READ_CONSUME_CHECK_CONSUMER) timestamp=3292 ms, used_size=11108352 bytes (27.1%)
(RDMA_READ_CONSUME_CHECK_CONSUMER) timestamp=3292 ms, used_size=11106304 bytes (27.1%)
(RDMA_READ_CONSUME_CHECK_CONSUMER) timestamp=3292 ms, used_size=11104256 bytes (27.1%)
(RDMA_READ_CONSUME_CHECK_CONSUMER) timestamp=3292 ms, used_size=11102208 bytes (27.1%)
(RDMA_READ_CONSUME_CHECK_CONSUMER) timestamp=3292 ms, used_size=11100160 bytes (27.1%)
(RDMA_READ_CONSUME_CHECK_CONSUMER) timestamp=3292 ms, used_size=11098112 bytes (27.1%)
(RDMA_READ_CONSUME_CHECK_CONSUMER) timestamp=3292 ms, used_size=11096064 bytes (27.1%)
(RDMA_READ_CONSUME_CHECK_CONSUMER) timestamp=3292 ms, used_size=11094016 bytes (27.1%)
(RDMA_READ_CONSUME_CHECK_CONSUMER) timestamp=3292 ms, used_size=11091968 bytes (27.1%)
(RDMA_READ_CONSUME_CHECK_CONSUMER) timestamp=3292 ms, used_size=11089920 bytes (27.1%)
(RDMA_READ_CONSUME_CHECK_CONSUMER) timestamp=3292 ms, used_size=11087872 bytes (27.1%)
(RDMA_READ_CONSUME_CHECK_CONSUMER) timestamp=3292 ms, used_size=11085824 bytes (27.1%)
(RDMA_READ_CONSUME_CHECK_CONSUMER) timestamp=3292 ms, used_size=11083776 bytes (27.1%)
(RDMA_READ_CONSUME_CHECK_CONSUMER) timestamp=3292 ms, used_size=11081728 bytes (27.1%)
(RDMA_READ_CONSUME_CHECK_CONSUMER) timestamp=3292 ms, used_size=11079680 bytes (27.1%)
(RDMA_READ_CONSUME_CHECK_CONSUMER) timestamp=3292 ms, used_size=11077632 bytes (27.0%)
(RDMA_READ_CONSUME_CHECK_CONSUMER) timestamp=3292 ms, used_size=11075584 bytes (27.0%)
(RDMA_READ_CONSUME_CHECK_CONSUMER) timestamp=3292 ms, used_size=11073536 bytes (27.0%)
(RDMA_READ_CONSUME_CHECK_CONSUMER) timestamp=3292 ms, used_size=11071488 bytes (27.0%)
(RDMA_READ_CONSUME_CHECK_CONSUMER) timestamp=3292 ms, used_size=11069440 bytes (27.0%)
(RDMA_READ_CONSUME_CHECK_CONSUMER) timestamp=3292 ms, used_size=11067392 bytes (27.0%)
(RDMA_READ_CONSUME_CHECK_CONSUMER) timestamp=3292 ms, used_size=11065344 bytes (27.0%)
(RDMA_READ_CONSUME_CHECK_CONSUMER) timestamp=3292 ms, used_size=11063296 bytes (27.0%)
(RDMA_READ_CONSUME_CHECK_CONSUMER) timestamp=3292 ms, used_size=11061248 bytes (27.0%)
(RDMA_READ_CONSUME_CHECK_CONSUMER) timestamp=3292 ms, used_size=11059200 bytes (27.0%)
(RDMA_READ_CONSUME_CHECK_CONSUMER) timestamp=3292 ms, used_size=11057152 bytes (27.0%)
(RDMA_READ_CONSUME_CHECK_CONSUMER) timestamp=3292 ms, used_size=11055104 bytes (27.0%)
(RDMA_READ_CONSUME_CHECK_CONSUMER) timestamp=3292 ms, used_size=11053056 bytes (27.0%)
(RDMA_READ_CONSUME_CHECK_CONSUMER) timestamp=3292 ms, used_size=11051008 bytes (27.0%)
(RDMA_READ_CONSUME_CHECK_CONSUMER) timestamp=3292 ms, used_size=11048960 bytes (27.0%)
(RDMA_READ_CONSUME_CHECK_CONSUMER) timestamp=3292 ms, used_size=11046912 bytes (27.0%)
(RDMA_READ_CONSUME_CHECK_CONSUMER) timestamp=3292 ms, used_size=11044864 bytes (27.0%)
(RDMA_READ_CONSUME_CHECK_CONSUMER) timestamp=3292 ms, used_size=11042816 bytes (27.0%)
(RDMA_READ_CONSUME_CHECK_CONSUMER) timestamp=3292 ms, used_size=11040768 bytes (27.0%)
(RDMA_READ_CONSUME_CHECK_CONSUMER) timestamp=3292 ms, used_size=11038720 bytes (26.9%)
(RDMA_READ_CONSUME_CHECK_CONSUMER) timestamp=3292 ms, used_size=11036672 bytes (26.9%)
(RDMA_READ_CONSUME_CHECK_CONSUMER) timestamp=3292 ms, used_size=11034624 bytes (26.9%)
(RDMA_READ_CONSUME_CHECK_CONSUMER) timestamp=3292 ms, used_size=11032576 bytes (26.9%)
(RDMA_READ_CONSUME_CHECK_CONSUMER) timestamp=3292 ms, used_size=11030528 bytes (26.9%)
(RDMA_READ_CONSUME_CHECK_CONSUMER) timestamp=3292 ms, used_size=11028480 bytes (26.9%)
(RDMA_READ_CONSUME_CHECK_CONSUMER) timestamp=3292 ms, used_size=11026432 bytes (26.9%)
(RDMA_READ_CONSUME_CHECK_CONSUMER) timestamp=3292 ms, used_size=11024384 bytes (26.9%)
(RDMA_READ_CONSUME_CHECK_CONSUMER) timestamp=3292 ms, used_size=11022336 bytes (26.9%)
(RDMA_READ_CONSUME_CHECK_CONSUMER) timestamp=3292 ms, used_size=11020288 bytes (26.9%)
(RDMA_READ_CONSUME_CHECK_CONSUMER) timestamp=3292 ms, used_size=11018240 bytes (26.9%)
(RDMA_READ_CONSUME_CHECK_CONSUMER) timestamp=3292 ms, used_size=11016192 bytes (26.9%)
(RDMA_READ_CONSUME_CHECK_CONSUMER) timestamp=3292 ms, used_size=11014144 bytes (26.9%)
(RDMA_READ_CONSUME_CHECK_CONSUMER) timestamp=3292 ms, used_size=11012096 bytes (26.9%)
(RDMA_READ_CONSUME_CHECK_CONSUMER) timestamp=3292 ms, used_size=11010048 bytes (26.9%)
(RDMA_READ_CONSUME_CHECK_CONSUMER) timestamp=3292 ms, used_size=11008000 bytes (26.9%)
(RDMA_READ_CONSUME_CHECK_CONSUMER) timestamp=3292 ms, used_size=11005952 bytes (26.9%)
(RDMA_READ_CONSUME_CHECK_CONSUMER) timestamp=3292 ms, used_size=11003904 bytes (26.9%)
(RDMA_READ_CONSUME_CHECK_CONSUMER) timestamp=3292 ms, used_size=11001856 bytes (26.9%)
(RDMA_READ_CONSUME_CHECK_CONSUMER) timestamp=3292 ms, used_size=10999808 bytes (26.9%)
(RDMA_READ_CONSUME_CHECK_CONSUMER) timestamp=3292 ms, used_size=10997760 bytes (26.9%)
(RDMA_READ_CONSUME_CHECK_CONSUMER) timestamp=3292 ms, used_size=10995712 bytes (26.8%)
(RDMA_READ_CONSUME_CHECK_CONSUMER) timestamp=3292 ms, used_size=10993664 bytes (26.8%)
(RDMA_READ_CONSUME_CHECK_CONSUMER) timestamp=3292 ms, used_size=10991616 bytes (26.8%)
(RDMA_READ_CONSUME_CHECK_CONSUMER) timestamp=3292 ms, used_size=10989568 bytes (26.8%)
(RDMA_READ_CONSUME_CHECK_CONSUMER) timestamp=3292 ms, used_size=10987520 bytes (26.8%)
(RDMA_READ_CONSUME_CHECK_CONSUMER) timestamp=3292 ms, used_size=10985472 bytes (26.8%)
(RDMA_READ_CONSUME_CHECK_CONSUMER) timestamp=3292 ms, used_size=10983424 bytes (26.8%)
(RDMA_READ_CONSUME_CHECK_CONSUMER) timestamp=3292 ms, used_size=10981376 bytes (26.8%)
(RDMA_READ_CONSUME_CHECK_CONSUMER) timestamp=3292 ms, used_size=10979328 bytes (26.8%)
(RDMA_READ_CONSUME_CHECK_CONSUMER) timestamp=3292 ms, used_size=10977280 bytes (26.8%)
(RDMA_READ_CONSUME_CHECK_CONSUMER) timestamp=3292 ms, used_size=10975232 bytes (26.8%)
(RDMA_READ_CONSUME_CHECK_CONSUMER) timestamp=3292 ms, used_size=10973184 bytes (26.8%)
(RDMA_READ_CONSUME_CHECK_CONSUMER) timestamp=3292 ms, used_size=10971136 bytes (26.8%)
(RDMA_READ_CONSUME_CHECK_CONSUMER) timestamp=3292 ms, used_size=10969088 bytes (26.8%)
(RDMA_READ_CONSUME_CHECK_CONSUMER) timestamp=3292 ms, used_size=10967040 bytes (26.8%)
(RDMA_READ_CONSUME_CHECK_CONSUMER) timestamp=3292 ms, used_size=10964992 bytes (26.8%)
(RDMA_READ_CONSUME_CHECK_CONSUMER) timestamp=3292 ms, used_size=10962944 bytes (26.8%)
(RDMA_READ_CONSUME_CHECK_CONSUMER) timestamp=3292 ms, used_size=10960896 bytes (26.8%)
(RDMA_READ_CONSUME_CHECK_CONSUMER) timestamp=3292 ms, used_size=10958848 bytes (26.8%)
(RDMA_READ_CONSUME_CHECK_CONSUMER) timestamp=3292 ms, used_size=10956800 bytes (26.8%)
(RDMA_READ_CONSUME_CHECK_CONSUMER) timestamp=3292 ms, used_size=10954752 bytes (26.7%)
(RDMA_READ_CONSUME_CHECK_CONSUMER) timestamp=3292 ms, used_size=10952704 bytes (26.7%)
(RDMA_READ_CONSUME_CHECK_CONSUMER) timestamp=3292 ms, used_size=10950656 bytes (26.7%)
(RDMA_READ_CONSUME_CHECK_CONSUMER) timestamp=3292 ms, used_size=10948608 bytes (26.7%)
(RDMA_READ_CONSUME_CHECK_CONSUMER) timestamp=3292 ms, used_size=10946560 bytes (26.7%)
(RDMA_READ_CONSUME_CHECK_CONSUMER) timestamp=3292 ms, used_size=10944512 bytes (26.7%)
(RDMA_READ_CONSUME_CHECK_CONSUMER) timestamp=3292 ms, used_size=10942464 bytes (26.7%)
(RDMA_READ_CONSUME_CHECK_CONSUMER) timestamp=3292 ms, used_size=10940416 bytes (26.7%)
(RDMA_READ_CONSUME_CHECK_CONSUMER) timestamp=3292 ms, used_size=10938368 bytes (26.7%)
(RDMA_READ_CONSUME_CHECK_CONSUMER) timestamp=3292 ms, used_size=10936320 bytes (26.7%)
(RDMA_READ_CONSUME_CHECK_CONSUMER) timestamp=3292 ms, used_size=10934272 bytes (26.7%)
(RDMA_READ_CONSUME_CHECK_CONSUMER) timestamp=3292 ms, used_size=10932224 bytes (26.7%)
(RDMA_READ_CONSUME_CHECK_CONSUMER) timestamp=3292 ms, used_size=10930176 bytes (26.7%)
(RDMA_READ_CONSUME_CHECK_CONSUMER) timestamp=3292 ms, used_size=10928128 bytes (26.7%)
(RDMA_READ_CONSUME_CHECK_CONSUMER) timestamp=3292 ms, used_size=10926080 bytes (26.7%)
(RDMA_READ_CONSUME_CHECK_CONSUMER) timestamp=3293 ms, used_size=10924032 bytes (26.7%)
(RDMA_READ_CONSUME_CHECK_CONSUMER) timestamp=3293 ms, used_size=10921984 bytes (26.7%)
(RDMA_READ_CONSUME_CHECK_CONSUMER) timestamp=3293 ms, used_size=10919936 bytes (26.7%)
(RDMA_READ_CONSUME_CHECK_CONSUMER) timestamp=3293 ms, used_size=10917888 bytes (26.7%)
(RDMA_READ_CONSUME_CHECK_CONSUMER) timestamp=3293 ms, used_size=10915840 bytes (26.6%)
(RDMA_READ_CONSUME_CHECK_CONSUMER) timestamp=3293 ms, used_size=10913792 bytes (26.6%)
(RDMA_READ_CONSUME_CHECK_CONSUMER) timestamp=3293 ms, used_size=10911744 bytes (26.6%)
(RDMA_READ_CONSUME_CHECK_CONSUMER) timestamp=3293 ms, used_size=10909696 bytes (26.6%)
(RDMA_READ_CONSUME_CHECK_CONSUMER) timestamp=3293 ms, used_size=10907648 bytes (26.6%)
(RDMA_READ_CONSUME_CHECK_CONSUMER) timestamp=3293 ms, used_size=10905600 bytes (26.6%)
(RDMA_READ_CONSUME_CHECK_CONSUMER) timestamp=3293 ms, used_size=10903552 bytes (26.6%)
(RDMA_READ_CONSUME_CHECK_CONSUMER) timestamp=3293 ms, used_size=10901504 bytes (26.6%)
(RDMA_READ_CONSUME_CHECK_CONSUMER) timestamp=3293 ms, used_size=10899456 bytes (26.6%)
(RDMA_READ_CONSUME_CHECK_CONSUMER) timestamp=3293 ms, used_size=10897408 bytes (26.6%)
(RDMA_READ_CONSUME_CHECK_CONSUMER) timestamp=3293 ms, used_size=10895360 bytes (26.6%)
(RDMA_READ_CONSUME_CHECK_CONSUMER) timestamp=3293 ms, used_size=10893312 bytes (26.6%)
(RDMA_READ_CONSUME_CHECK_CONSUMER) timestamp=3293 ms, used_size=10891264 bytes (26.6%)
(RDMA_READ_CONSUME_CHECK_CONSUMER) timestamp=3293 ms, used_size=10889216 bytes (26.6%)
(RDMA_READ_CONSUME_CHECK_CONSUMER) timestamp=3293 ms, used_size=10887168 bytes (26.6%)
(RDMA_READ_CONSUME_CHECK_CONSUMER) timestamp=3293 ms, used_size=10885120 bytes (26.6%)
(RDMA_READ_CONSUME_CHECK_CONSUMER) timestamp=3293 ms, used_size=10883072 bytes (26.6%)
(RDMA_READ_CONSUME_CHECK_CONSUMER) timestamp=3293 ms, used_size=10881024 bytes (26.6%)
(RDMA_READ_CONSUME_CHECK_CONSUMER) timestamp=3293 ms, used_size=10878976 bytes (26.6%)
(RDMA_READ_CONSUME_CHECK_CONSUMER) timestamp=3293 ms, used_size=10876928 bytes (26.6%)
(RDMA_READ_CONSUME_CHECK_CONSUMER) timestamp=3293 ms, used_size=10874880 bytes (26.6%)
(RDMA_READ_CONSUME_CHECK_CONSUMER) timestamp=3293 ms, used_size=10872832 bytes (26.5%)
(RDMA_READ_CONSUME_CHECK_CONSUMER) timestamp=3293 ms, used_size=10870784 bytes (26.5%)
(RDMA_READ_CONSUME_CHECK_CONSUMER) timestamp=3293 ms, used_size=10868736 bytes (26.5%)
(RDMA_READ_CONSUME_CHECK_CONSUMER) timestamp=3293 ms, used_size=10866688 bytes (26.5%)
(RDMA_READ_CONSUME_CHECK_CONSUMER) timestamp=3293 ms, used_size=10864640 bytes (26.5%)
(RDMA_READ_CONSUME_CHECK_CONSUMER) timestamp=3293 ms, used_size=10862592 bytes (26.5%)
(RDMA_READ_CONSUME_CHECK_CONSUMER) timestamp=3293 ms, used_size=10860544 bytes (26.5%)
(RDMA_READ_CONSUME_CHECK_CONSUMER) timestamp=3293 ms, used_size=10858496 bytes (26.5%)
(RDMA_READ_CONSUME_CHECK_CONSUMER) timestamp=3293 ms, used_size=10856448 bytes (26.5%)
(RDMA_READ_CONSUME_CHECK_CONSUMER) timestamp=3293 ms, used_size=10854400 bytes (26.5%)
(RDMA_READ_CONSUME_CHECK_CONSUMER) timestamp=3293 ms, used_size=10852352 bytes (26.5%)
(RDMA_READ_CONSUME_CHECK_CONSUMER) timestamp=3293 ms, used_size=10850304 bytes (26.5%)
(RDMA_READ_CONSUME_CHECK_CONSUMER) timestamp=3293 ms, used_size=10848256 bytes (26.5%)
(RDMA_READ_CONSUME_CHECK_CONSUMER) timestamp=3293 ms, used_size=10846208 bytes (26.5%)
(RDMA_READ_CONSUME_CHECK_CONSUMER) timestamp=3293 ms, used_size=10844160 bytes (26.5%)
(RDMA_READ_CONSUME_CHECK_CONSUMER) timestamp=3293 ms, used_size=10842112 bytes (26.5%)
(RDMA_READ_CONSUME_CHECK_CONSUMER) timestamp=3293 ms, used_size=10840064 bytes (26.5%)
(RDMA_READ_CONSUME_CHECK_CONSUMER) timestamp=3293 ms, used_size=10838016 bytes (26.5%)
(RDMA_READ_CONSUME_CHECK_CONSUMER) timestamp=3293 ms, used_size=10835968 bytes (26.5%)
(RDMA_READ_CONSUME_CHECK_CONSUMER) timestamp=3293 ms, used_size=10833920 bytes (26.4%)
(RDMA_READ_CONSUME_CHECK_CONSUMER) timestamp=3293 ms, used_size=10831872 bytes (26.4%)
(RDMA_READ_CONSUME_CHECK_CONSUMER) timestamp=3293 ms, used_size=10829824 bytes (26.4%)
(RDMA_READ_CONSUME_CHECK_CONSUMER) timestamp=3293 ms, used_size=10827776 bytes (26.4%)
(RDMA_READ_CONSUME_CHECK_CONSUMER) timestamp=3293 ms, used_size=10825728 bytes (26.4%)
(RDMA_READ_CONSUME_CHECK_CONSUMER) timestamp=3293 ms, used_size=10823680 bytes (26.4%)
(RDMA_READ_CONSUME_CHECK_CONSUMER) timestamp=3293 ms, used_size=10821632 bytes (26.4%)
(RDMA_READ_CONSUME_CHECK_CONSUMER) timestamp=3293 ms, used_size=10819584 bytes (26.4%)
(RDMA_READ_CONSUME_CHECK_CONSUMER) timestamp=3293 ms, used_size=10817536 bytes (26.4%)
(RDMA_READ_CONSUME_CHECK_CONSUMER) timestamp=3293 ms, used_size=10815488 bytes (26.4%)
(RDMA_READ_CONSUME_CHECK_CONSUMER) timestamp=3293 ms, used_size=10813440 bytes (26.4%)
(RDMA_READ_CONSUME_CHECK_CONSUMER) timestamp=3293 ms, used_size=10811392 bytes (26.4%)
(RDMA_READ_CONSUME_CHECK_CONSUMER) timestamp=3293 ms, used_size=10809344 bytes (26.4%)
(RDMA_READ_CONSUME_CHECK_CONSUMER) timestamp=3293 ms, used_size=10807296 bytes (26.4%)
(RDMA_READ_CONSUME_CHECK_CONSUMER) timestamp=3293 ms, used_size=10805248 bytes (26.4%)
(RDMA_READ_CONSUME_CHECK_CONSUMER) timestamp=3293 ms, used_size=10803200 bytes (26.4%)
(RDMA_READ_CONSUME_CHECK_CONSUMER) timestamp=3293 ms, used_size=10801152 bytes (26.4%)
(RDMA_READ_CONSUME_CHECK_CONSUMER) timestamp=3293 ms, used_size=10799104 bytes (26.4%)
(RDMA_READ_CONSUME_CHECK_CONSUMER) timestamp=3293 ms, used_size=10797056 bytes (26.4%)
(RDMA_READ_CONSUME_CHECK_CONSUMER) timestamp=3293 ms, used_size=10795008 bytes (26.4%)
(RDMA_READ_CONSUME_CHECK_CONSUMER) timestamp=3293 ms, used_size=10792960 bytes (26.4%)
(RDMA_READ_CONSUME_CHECK_CONSUMER) timestamp=3293 ms, used_size=10790912 bytes (26.3%)
(RDMA_READ_CONSUME_CHECK_CONSUMER) timestamp=3293 ms, used_size=10788864 bytes (26.3%)
(RDMA_READ_CONSUME_CHECK_CONSUMER) timestamp=3293 ms, used_size=10786816 bytes (26.3%)
(RDMA_READ_CONSUME_CHECK_CONSUMER) timestamp=3293 ms, used_size=10784768 bytes (26.3%)
(RDMA_READ_CONSUME_CHECK_CONSUMER) timestamp=3293 ms, used_size=10782720 bytes (26.3%)
(RDMA_READ_CONSUME_CHECK_CONSUMER) timestamp=3293 ms, used_size=10780672 bytes (26.3%)
(RDMA_READ_CONSUME_CHECK_CONSUMER) timestamp=3293 ms, used_size=10778624 bytes (26.3%)
(RDMA_READ_CONSUME_CHECK_CONSUMER) timestamp=3293 ms, used_size=10776576 bytes (26.3%)
(RDMA_READ_CONSUME_CHECK_CONSUMER) timestamp=3293 ms, used_size=10774528 bytes (26.3%)
(RDMA_READ_CONSUME_CHECK_CONSUMER) timestamp=3293 ms, used_size=10772480 bytes (26.3%)
(RDMA_READ_CONSUME_CHECK_CONSUMER) timestamp=3293 ms, used_size=10770432 bytes (26.3%)
(RDMA_READ_CONSUME_CHECK_CONSUMER) timestamp=3293 ms, used_size=10768384 bytes (26.3%)
(RDMA_READ_CONSUME_CHECK_CONSUMER) timestamp=3293 ms, used_size=10766336 bytes (26.3%)
(RDMA_READ_CONSUME_CHECK_CONSUMER) timestamp=3293 ms, used_size=10764288 bytes (26.3%)
(RDMA_READ_CONSUME_CHECK_CONSUMER) timestamp=3293 ms, used_size=10762240 bytes (26.3%)
(RDMA_READ_CONSUME_CHECK_CONSUMER) timestamp=3293 ms, used_size=10760192 bytes (26.3%)
(RDMA_READ_CONSUME_CHECK_CONSUMER) timestamp=3293 ms, used_size=10758144 bytes (26.3%)
(RDMA_READ_CONSUME_CHECK_CONSUMER) timestamp=3293 ms, used_size=10756096 bytes (26.3%)
(RDMA_READ_CONSUME_CHECK_CONSUMER) timestamp=3293 ms, used_size=10754048 bytes (26.3%)
(RDMA_READ_CONSUME_CHECK_CONSUMER) timestamp=3293 ms, used_size=10752000 bytes (26.2%)
(RDMA_READ_CONSUME_CHECK_CONSUMER) timestamp=3293 ms, used_size=10749952 bytes (26.2%)
(RDMA_READ_CONSUME_CHECK_CONSUMER) timestamp=3293 ms, used_size=10747904 bytes (26.2%)
(RDMA_READ_CONSUME_CHECK_CONSUMER) timestamp=3293 ms, used_size=10745856 bytes (26.2%)
(RDMA_READ_CONSUME_CHECK_CONSUMER) timestamp=3293 ms, used_size=10743808 bytes (26.2%)
(RDMA_READ_CONSUME_CHECK_CONSUMER) timestamp=3293 ms, used_size=10741760 bytes (26.2%)
(RDMA_READ_CONSUME_CHECK_CONSUMER) timestamp=3293 ms, used_size=10739712 bytes (26.2%)
(RDMA_READ_CONSUME_CHECK_CONSUMER) timestamp=3293 ms, used_size=10737664 bytes (26.2%)
(RDMA_READ_CONSUME_CHECK_CONSUMER) timestamp=3293 ms, used_size=10735616 bytes (26.2%)
(RDMA_READ_CONSUME_CHECK_CONSUMER) timestamp=3293 ms, used_size=10733568 bytes (26.2%)
(RDMA_READ_CONSUME_CHECK_CONSUMER) timestamp=3293 ms, used_size=10731520 bytes (26.2%)
(RDMA_READ_CONSUME_CHECK_CONSUMER) timestamp=3293 ms, used_size=10729472 bytes (26.2%)
(RDMA_READ_CONSUME_CHECK_CONSUMER) timestamp=3293 ms, used_size=10727424 bytes (26.2%)
(RDMA_READ_CONSUME_CHECK_CONSUMER) timestamp=3293 ms, used_size=10725376 bytes (26.2%)
(RDMA_READ_CONSUME_CHECK_CONSUMER) timestamp=3293 ms, used_size=10723328 bytes (26.2%)
(RDMA_READ_CONSUME_CHECK_CONSUMER) timestamp=3293 ms, used_size=10721280 bytes (26.2%)
(RDMA_READ_CONSUME_CHECK_CONSUMER) timestamp=3293 ms, used_size=10719232 bytes (26.2%)
(RDMA_READ_CONSUME_CHECK_CONSUMER) timestamp=3293 ms, used_size=10717184 bytes (26.2%)
(RDMA_READ_CONSUME_CHECK_CONSUMER) timestamp=3293 ms, used_size=10715136 bytes (26.2%)
(RDMA_READ_CONSUME_CHECK_CONSUMER) timestamp=3293 ms, used_size=10713088 bytes (26.2%)
(RDMA_READ_CONSUME_CHECK_CONSUMER) timestamp=3293 ms, used_size=10711040 bytes (26.1%)
(RDMA_READ_CONSUME_CHECK_CONSUMER) timestamp=3293 ms, used_size=10708992 bytes (26.1%)
(RDMA_READ_CONSUME_CHECK_CONSUMER) timestamp=3293 ms, used_size=10706944 bytes (26.1%)
(RDMA_READ_CONSUME_CHECK_CONSUMER) timestamp=3293 ms, used_size=10704896 bytes (26.1%)
(RDMA_READ_CONSUME_CHECK_CONSUMER) timestamp=3293 ms, used_size=10702848 bytes (26.1%)
(RDMA_READ_CONSUME_CHECK_CONSUMER) timestamp=3293 ms, used_size=10700800 bytes (26.1%)
(RDMA_READ_CONSUME_CHECK_CONSUMER) timestamp=3293 ms, used_size=10698752 bytes (26.1%)
(RDMA_READ_CONSUME_CHECK_CONSUMER) timestamp=3293 ms, used_size=10696704 bytes (26.1%)
(RDMA_READ_CONSUME_CHECK_CONSUMER) timestamp=3293 ms, used_size=10694656 bytes (26.1%)
(RDMA_READ_CONSUME_CHECK_CONSUMER) timestamp=3293 ms, used_size=10692608 bytes (26.1%)
(RDMA_READ_CONSUME_CHECK_CONSUMER) timestamp=3293 ms, used_size=10690560 bytes (26.1%)
(RDMA_READ_CONSUME_CHECK_CONSUMER) timestamp=3293 ms, used_size=10688512 bytes (26.1%)
(RDMA_READ_CONSUME_CHECK_CONSUMER) timestamp=3293 ms, used_size=10686464 bytes (26.1%)
(RDMA_READ_CONSUME_CHECK_CONSUMER) timestamp=3293 ms, used_size=10684416 bytes (26.1%)
(RDMA_READ_CONSUME_CHECK_CONSUMER) timestamp=3293 ms, used_size=10682368 bytes (26.1%)
(RDMA_READ_CONSUME_CHECK_CONSUMER) timestamp=3293 ms, used_size=10680320 bytes (26.1%)
(RDMA_READ_CONSUME_CHECK_CONSUMER) timestamp=3293 ms, used_size=10678272 bytes (26.1%)
(RDMA_READ_CONSUME_CHECK_CONSUMER) timestamp=3293 ms, used_size=10676224 bytes (26.1%)
(RDMA_READ_CONSUME_CHECK_CONSUMER) timestamp=3293 ms, used_size=10674176 bytes (26.1%)
(RDMA_READ_CONSUME_CHECK_CONSUMER) timestamp=3293 ms, used_size=10672128 bytes (26.1%)
(RDMA_READ_CONSUME_CHECK_CONSUMER) timestamp=3293 ms, used_size=10670080 bytes (26.1%)
(RDMA_READ_CONSUME_CHECK_CONSUMER) timestamp=3293 ms, used_size=10668032 bytes (26.0%)
(RDMA_READ_CONSUME_CHECK_CONSUMER) timestamp=3293 ms, used_size=10665984 bytes (26.0%)
(RDMA_READ_CONSUME_CHECK_CONSUMER) timestamp=3293 ms, used_size=10663936 bytes (26.0%)
(RDMA_READ_CONSUME_CHECK_CONSUMER) timestamp=3293 ms, used_size=10661888 bytes (26.0%)
(RDMA_READ_CONSUME_CHECK_CONSUMER) timestamp=3293 ms, used_size=10659840 bytes (26.0%)
(RDMA_READ_CONSUME_CHECK_CONSUMER) timestamp=3293 ms, used_size=10657792 bytes (26.0%)
(RDMA_READ_CONSUME_CHECK_CONSUMER) timestamp=3293 ms, used_size=10655744 bytes (26.0%)
(RDMA_READ_CONSUME_CHECK_CONSUMER) timestamp=3293 ms, used_size=10653696 bytes (26.0%)
(RDMA_READ_CONSUME_CHECK_CONSUMER) timestamp=3293 ms, used_size=10651648 bytes (26.0%)
(RDMA_READ_CONSUME_CHECK_CONSUMER) timestamp=3293 ms, used_size=10649600 bytes (26.0%)
(RDMA_READ_CONSUME_CHECK_CONSUMER) timestamp=3293 ms, used_size=10647552 bytes (26.0%)
(RDMA_READ_CONSUME_CHECK_CONSUMER) timestamp=3293 ms, used_size=10645504 bytes (26.0%)
(RDMA_READ_CONSUME_CHECK_CONSUMER) timestamp=3293 ms, used_size=10643456 bytes (26.0%)
(RDMA_READ_CONSUME_CHECK_CONSUMER) timestamp=3293 ms, used_size=10641408 bytes (26.0%)
(RDMA_READ_CONSUME_CHECK_CONSUMER) timestamp=3293 ms, used_size=10639360 bytes (26.0%)
(RDMA_READ_CONSUME_CHECK_CONSUMER) timestamp=3293 ms, used_size=10637312 bytes (26.0%)
(RDMA_READ_CONSUME_CHECK_CONSUMER) timestamp=3293 ms, used_size=10635264 bytes (26.0%)
(RDMA_READ_CONSUME_CHECK_CONSUMER) timestamp=3293 ms, used_size=10633216 bytes (26.0%)
(RDMA_READ_CONSUME_CHECK_CONSUMER) timestamp=3293 ms, used_size=10631168 bytes (26.0%)
(RDMA_READ_CONSUME_CHECK_CONSUMER) timestamp=3293 ms, used_size=10629120 bytes (25.9%)
(RDMA_READ_CONSUME_CHECK_CONSUMER) timestamp=3293 ms, used_size=10627072 bytes (25.9%)
(RDMA_READ_CONSUME_CHECK_CONSUMER) timestamp=3293 ms, used_size=10625024 bytes (25.9%)
(RDMA_READ_CONSUME_CHECK_CONSUMER) timestamp=3293 ms, used_size=10622976 bytes (25.9%)
(RDMA_READ_CONSUME_CHECK_CONSUMER) timestamp=3293 ms, used_size=10620928 bytes (25.9%)
(RDMA_READ_CONSUME_CHECK_CONSUMER) timestamp=3293 ms, used_size=10618880 bytes (25.9%)
(RDMA_READ_CONSUME_CHECK_CONSUMER) timestamp=3293 ms, used_size=10616832 bytes (25.9%)
(RDMA_READ_CONSUME_CHECK_CONSUMER) timestamp=3293 ms, used_size=10614784 bytes (25.9%)
(RDMA_READ_CONSUME_CHECK_CONSUMER) timestamp=3293 ms, used_size=10612736 bytes (25.9%)
(RDMA_READ_CONSUME_CHECK_CONSUMER) timestamp=3293 ms, used_size=10610688 bytes (25.9%)
(RDMA_READ_CONSUME_CHECK_CONSUMER) timestamp=3293 ms, used_size=10608640 bytes (25.9%)
(RDMA_READ_CONSUME_CHECK_CONSUMER) timestamp=3293 ms, used_size=10606592 bytes (25.9%)
(RDMA_READ_CONSUME_CHECK_CONSUMER) timestamp=3293 ms, used_size=10604544 bytes (25.9%)
(RDMA_READ_CONSUME_CHECK_CONSUMER) timestamp=3293 ms, used_size=10602496 bytes (25.9%)
(RDMA_READ_CONSUME_CHECK_CONSUMER) timestamp=3293 ms, used_size=10600448 bytes (25.9%)
(RDMA_READ_CONSUME_CHECK_CONSUMER) timestamp=3293 ms, used_size=10598400 bytes (25.9%)
(RDMA_READ_CONSUME_CHECK_CONSUMER) timestamp=3293 ms, used_size=10596352 bytes (25.9%)
(RDMA_READ_CONSUME_CHECK_CONSUMER) timestamp=3293 ms, used_size=10594304 bytes (25.9%)
(RDMA_READ_CONSUME_CHECK_CONSUMER) timestamp=3293 ms, used_size=10592256 bytes (25.9%)
(RDMA_READ_CONSUME_CHECK_CONSUMER) timestamp=3293 ms, used_size=10590208 bytes (25.9%)
(RDMA_READ_CONSUME_CHECK_CONSUMER) timestamp=3293 ms, used_size=10588160 bytes (25.9%)
(RDMA_READ_CONSUME_CHECK_CONSUMER) timestamp=3293 ms, used_size=10586112 bytes (25.8%)
(RDMA_READ_CONSUME_CHECK_CONSUMER) timestamp=3293 ms, used_size=10584064 bytes (25.8%)
(RDMA_READ_CONSUME_CHECK_CONSUMER) timestamp=3293 ms, used_size=10582016 bytes (25.8%)
(RDMA_READ_CONSUME_CHECK_CONSUMER) timestamp=3293 ms, used_size=10579968 bytes (25.8%)
(RDMA_READ_CONSUME_CHECK_CONSUMER) timestamp=3293 ms, used_size=10577920 bytes (25.8%)
(RDMA_READ_CONSUME_CHECK_CONSUMER) timestamp=3293 ms, used_size=10575872 bytes (25.8%)
(RDMA_READ_CONSUME_CHECK_CONSUMER) timestamp=3293 ms, used_size=10573824 bytes (25.8%)
(RDMA_READ_CONSUME_CHECK_CONSUMER) timestamp=3293 ms, used_size=10571776 bytes (25.8%)
(RDMA_READ_CONSUME_CHECK_CONSUMER) timestamp=3293 ms, used_size=10569728 bytes (25.8%)
(RDMA_READ_CONSUME_CHECK_CONSUMER) timestamp=3293 ms, used_size=10567680 bytes (25.8%)
(RDMA_READ_CONSUME_CHECK_CONSUMER) timestamp=3293 ms, used_size=10565632 bytes (25.8%)
(RDMA_READ_CONSUME_CHECK_CONSUMER) timestamp=3293 ms, used_size=10563584 bytes (25.8%)
(RDMA_READ_CONSUME_CHECK_CONSUMER) timestamp=3293 ms, used_size=10561536 bytes (25.8%)
(RDMA_READ_CONSUME_CHECK_CONSUMER) timestamp=3293 ms, used_size=10559488 bytes (25.8%)
(RDMA_READ_CONSUME_CHECK_CONSUMER) timestamp=3294 ms, used_size=10557440 bytes (25.8%)
(RDMA_READ_CONSUME_CHECK_CONSUMER) timestamp=3294 ms, used_size=10555392 bytes (25.8%)
(RDMA_READ_CONSUME_CHECK_CONSUMER) timestamp=3294 ms, used_size=10553344 bytes (25.8%)
(RDMA_READ_CONSUME_CHECK_CONSUMER) timestamp=3294 ms, used_size=10551296 bytes (25.8%)
(RDMA_READ_CONSUME_CHECK_CONSUMER) timestamp=3294 ms, used_size=10549248 bytes (25.8%)
(RDMA_READ_CONSUME_CHECK_CONSUMER) timestamp=3294 ms, used_size=10547200 bytes (25.8%)
(RDMA_READ_CONSUME_CHECK_CONSUMER) timestamp=3294 ms, used_size=10545152 bytes (25.7%)
(RDMA_READ_CONSUME_CHECK_CONSUMER) timestamp=3294 ms, used_size=10543104 bytes (25.7%)
(RDMA_READ_CONSUME_CHECK_CONSUMER) timestamp=3294 ms, used_size=10541056 bytes (25.7%)
(RDMA_READ_CONSUME_CHECK_CONSUMER) timestamp=3294 ms, used_size=10539008 bytes (25.7%)
(RDMA_READ_CONSUME_CHECK_CONSUMER) timestamp=3294 ms, used_size=10536960 bytes (25.7%)
(RDMA_READ_CONSUME_CHECK_CONSUMER) timestamp=3294 ms, used_size=10534912 bytes (25.7%)
(RDMA_READ_CONSUME_CHECK_CONSUMER) timestamp=3294 ms, used_size=10532864 bytes (25.7%)
(RDMA_READ_CONSUME_CHECK_CONSUMER) timestamp=3294 ms, used_size=10530816 bytes (25.7%)
(RDMA_READ_CONSUME_CHECK_CONSUMER) timestamp=3294 ms, used_size=10528768 bytes (25.7%)
(RDMA_READ_CONSUME_CHECK_CONSUMER) timestamp=3294 ms, used_size=10526720 bytes (25.7%)
(RDMA_READ_CONSUME_CHECK_CONSUMER) timestamp=3294 ms, used_size=10524672 bytes (25.7%)
(RDMA_READ_CONSUME_CHECK_CONSUMER) timestamp=3294 ms, used_size=10522624 bytes (25.7%)
(RDMA_READ_CONSUME_CHECK_CONSUMER) timestamp=3294 ms, used_size=10520576 bytes (25.7%)
(RDMA_READ_CONSUME_CHECK_CONSUMER) timestamp=3294 ms, used_size=10518528 bytes (25.7%)
(RDMA_READ_CONSUME_CHECK_CONSUMER) timestamp=3294 ms, used_size=10516480 bytes (25.7%)
(RDMA_READ_CONSUME_CHECK_CONSUMER) timestamp=3294 ms, used_size=10514432 bytes (25.7%)
(RDMA_READ_CONSUME_CHECK_CONSUMER) timestamp=3294 ms, used_size=10512384 bytes (25.7%)
(RDMA_READ_CONSUME_CHECK_CONSUMER) timestamp=3294 ms, used_size=10510336 bytes (25.7%)
(RDMA_READ_CONSUME_CHECK_CONSUMER) timestamp=3294 ms, used_size=10508288 bytes (25.7%)
(RDMA_READ_CONSUME_CHECK_CONSUMER) timestamp=3294 ms, used_size=10506240 bytes (25.6%)
(RDMA_READ_CONSUME_CHECK_CONSUMER) timestamp=3294 ms, used_size=10504192 bytes (25.6%)
(RDMA_READ_CONSUME_CHECK_CONSUMER) timestamp=3294 ms, used_size=10502144 bytes (25.6%)
(RDMA_READ_CONSUME_CHECK_CONSUMER) timestamp=3294 ms, used_size=10500096 bytes (25.6%)
(RDMA_READ_CONSUME_CHECK_CONSUMER) timestamp=3294 ms, used_size=10498048 bytes (25.6%)
(RDMA_READ_CONSUME_CHECK_CONSUMER) timestamp=3294 ms, used_size=10496000 bytes (25.6%)
(RDMA_READ_CONSUME_CHECK_CONSUMER) timestamp=3294 ms, used_size=10493952 bytes (25.6%)
(RDMA_READ_CONSUME_CHECK_CONSUMER) timestamp=3294 ms, used_size=10491904 bytes (25.6%)
(RDMA_READ_CONSUME_CHECK_CONSUMER) timestamp=3294 ms, used_size=10489856 bytes (25.6%)
(RDMA_READ_CONSUME_CHECK_CONSUMER) timestamp=3294 ms, used_size=10487808 bytes (25.6%)
(RDMA_READ_CONSUME_CHECK_CONSUMER) timestamp=3294 ms, used_size=10485760 bytes (25.6%)
(RDMA_READ_CONSUME_CHECK_CONSUMER) timestamp=3294 ms, used_size=10483712 bytes (25.6%)
(RDMA_READ_CONSUME_CHECK_CONSUMER) timestamp=3294 ms, used_size=10481664 bytes (25.6%)
(RDMA_READ_CONSUME_CHECK_CONSUMER) timestamp=3294 ms, used_size=10479616 bytes (25.6%)
(RDMA_READ_CONSUME_CHECK_CONSUMER) timestamp=3294 ms, used_size=10477568 bytes (25.6%)
(RDMA_READ_CONSUME_CHECK_CONSUMER) timestamp=3294 ms, used_size=10475520 bytes (25.6%)
(RDMA_READ_CONSUME_CHECK_CONSUMER) timestamp=3294 ms, used_size=10473472 bytes (25.6%)
(RDMA_READ_CONSUME_CHECK_CONSUMER) timestamp=3294 ms, used_size=10471424 bytes (25.6%)
(RDMA_READ_CONSUME_CHECK_CONSUMER) timestamp=3294 ms, used_size=10469376 bytes (25.6%)
(RDMA_READ_CONSUME_CHECK_CONSUMER) timestamp=3294 ms, used_size=10467328 bytes (25.6%)
(RDMA_READ_CONSUME_CHECK_CONSUMER) timestamp=3294 ms, used_size=10465280 bytes (25.6%)
(RDMA_READ_CONSUME_CHECK_CONSUMER) timestamp=3294 ms, used_size=10463232 bytes (25.5%)
(RDMA_READ_CONSUME_CHECK_CONSUMER) timestamp=3294 ms, used_size=10461184 bytes (25.5%)
(RDMA_READ_CONSUME_CHECK_CONSUMER) timestamp=3294 ms, used_size=10459136 bytes (25.5%)
(RDMA_READ_CONSUME_CHECK_CONSUMER) timestamp=3294 ms, used_size=10457088 bytes (25.5%)
(RDMA_READ_CONSUME_CHECK_CONSUMER) timestamp=3294 ms, used_size=10455040 bytes (25.5%)
(RDMA_READ_CONSUME_CHECK_CONSUMER) timestamp=3294 ms, used_size=10452992 bytes (25.5%)
(RDMA_READ_CONSUME_CHECK_CONSUMER) timestamp=3294 ms, used_size=10450944 bytes (25.5%)
(RDMA_READ_CONSUME_CHECK_CONSUMER) timestamp=3294 ms, used_size=10448896 bytes (25.5%)
(RDMA_READ_CONSUME_CHECK_CONSUMER) timestamp=3294 ms, used_size=10446848 bytes (25.5%)
(RDMA_READ_CONSUME_CHECK_CONSUMER) timestamp=3294 ms, used_size=10444800 bytes (25.5%)
(RDMA_READ_CONSUME_CHECK_CONSUMER) timestamp=3294 ms, used_size=10442752 bytes (25.5%)
(RDMA_READ_CONSUME_CHECK_CONSUMER) timestamp=3294 ms, used_size=10440704 bytes (25.5%)
(RDMA_READ_CONSUME_CHECK_CONSUMER) timestamp=3294 ms, used_size=10438656 bytes (25.5%)
(RDMA_READ_CONSUME_CHECK_CONSUMER) timestamp=3294 ms, used_size=10436608 bytes (25.5%)
(RDMA_READ_CONSUME_CHECK_CONSUMER) timestamp=3294 ms, used_size=10434560 bytes (25.5%)
(RDMA_READ_CONSUME_CHECK_CONSUMER) timestamp=3294 ms, used_size=10432512 bytes (25.5%)
(RDMA_READ_CONSUME_CHECK_CONSUMER) timestamp=3294 ms, used_size=10430464 bytes (25.5%)
(RDMA_READ_CONSUME_CHECK_CONSUMER) timestamp=3294 ms, used_size=10428416 bytes (25.5%)
(RDMA_READ_CONSUME_CHECK_CONSUMER) timestamp=3294 ms, used_size=10426368 bytes (25.5%)
(RDMA_READ_CONSUME_CHECK_CONSUMER) timestamp=3294 ms, used_size=10424320 bytes (25.4%)
(RDMA_READ_CONSUME_CHECK_CONSUMER) timestamp=3294 ms, used_size=10422272 bytes (25.4%)
(RDMA_READ_CONSUME_CHECK_CONSUMER) timestamp=3294 ms, used_size=10420224 bytes (25.4%)
(RDMA_READ_CONSUME_CHECK_CONSUMER) timestamp=3294 ms, used_size=10418176 bytes (25.4%)
(RDMA_READ_CONSUME_CHECK_CONSUMER) timestamp=3294 ms, used_size=10416128 bytes (25.4%)
(RDMA_READ_CONSUME_CHECK_CONSUMER) timestamp=3294 ms, used_size=10414080 bytes (25.4%)
(RDMA_READ_CONSUME_CHECK_CONSUMER) timestamp=3294 ms, used_size=10412032 bytes (25.4%)
(RDMA_READ_CONSUME_CHECK_CONSUMER) timestamp=3294 ms, used_size=10409984 bytes (25.4%)
(RDMA_READ_CONSUME_CHECK_CONSUMER) timestamp=3294 ms, used_size=10407936 bytes (25.4%)
(RDMA_READ_CONSUME_CHECK_CONSUMER) timestamp=3294 ms, used_size=10405888 bytes (25.4%)
(RDMA_READ_CONSUME_CHECK_CONSUMER) timestamp=3294 ms, used_size=10403840 bytes (25.4%)
(RDMA_READ_CONSUME_CHECK_CONSUMER) timestamp=3294 ms, used_size=10401792 bytes (25.4%)
(RDMA_READ_CONSUME_CHECK_CONSUMER) timestamp=3294 ms, used_size=10399744 bytes (25.4%)
(RDMA_READ_CONSUME_CHECK_CONSUMER) timestamp=3294 ms, used_size=10397696 bytes (25.4%)
(RDMA_READ_CONSUME_CHECK_CONSUMER) timestamp=3294 ms, used_size=10395648 bytes (25.4%)
(RDMA_READ_CONSUME_CHECK_CONSUMER) timestamp=3294 ms, used_size=10393600 bytes (25.4%)
(RDMA_READ_CONSUME_CHECK_CONSUMER) timestamp=3294 ms, used_size=10391552 bytes (25.4%)
(RDMA_READ_CONSUME_CHECK_CONSUMER) timestamp=3294 ms, used_size=10389504 bytes (25.4%)
(RDMA_READ_CONSUME_CHECK_CONSUMER) timestamp=3294 ms, used_size=10387456 bytes (25.4%)
(RDMA_READ_CONSUME_CHECK_CONSUMER) timestamp=3294 ms, used_size=10385408 bytes (25.4%)
(RDMA_READ_CONSUME_CHECK_CONSUMER) timestamp=3294 ms, used_size=10383360 bytes (25.4%)
(RDMA_READ_CONSUME_CHECK_CONSUMER) timestamp=3294 ms, used_size=10381312 bytes (25.3%)
(RDMA_READ_CONSUME_CHECK_CONSUMER) timestamp=3294 ms, used_size=10379264 bytes (25.3%)
(RDMA_READ_CONSUME_CHECK_CONSUMER) timestamp=3294 ms, used_size=10377216 bytes (25.3%)
(RDMA_READ_CONSUME_CHECK_CONSUMER) timestamp=3294 ms, used_size=10375168 bytes (25.3%)
(RDMA_READ_CONSUME_CHECK_CONSUMER) timestamp=3294 ms, used_size=10373120 bytes (25.3%)
(RDMA_READ_CONSUME_CHECK_CONSUMER) timestamp=3294 ms, used_size=10371072 bytes (25.3%)
(RDMA_READ_CONSUME_CHECK_CONSUMER) timestamp=3294 ms, used_size=10369024 bytes (25.3%)
(RDMA_READ_CONSUME_CHECK_CONSUMER) timestamp=3294 ms, used_size=10366976 bytes (25.3%)
(RDMA_READ_CONSUME_CHECK_CONSUMER) timestamp=3294 ms, used_size=10364928 bytes (25.3%)
(RDMA_READ_CONSUME_CHECK_CONSUMER) timestamp=3294 ms, used_size=10362880 bytes (25.3%)
(RDMA_READ_CONSUME_CHECK_CONSUMER) timestamp=3294 ms, used_size=10360832 bytes (25.3%)
(RDMA_READ_CONSUME_CHECK_CONSUMER) timestamp=3294 ms, used_size=10358784 bytes (25.3%)
(RDMA_READ_CONSUME_CHECK_CONSUMER) timestamp=3294 ms, used_size=10356736 bytes (25.3%)
(RDMA_READ_CONSUME_CHECK_CONSUMER) timestamp=3294 ms, used_size=10354688 bytes (25.3%)
(RDMA_READ_CONSUME_CHECK_CONSUMER) timestamp=3294 ms, used_size=10352640 bytes (25.3%)
(RDMA_READ_CONSUME_CHECK_CONSUMER) timestamp=3294 ms, used_size=10350592 bytes (25.3%)
(RDMA_READ_CONSUME_CHECK_CONSUMER) timestamp=3294 ms, used_size=10348544 bytes (25.3%)
(RDMA_READ_CONSUME_CHECK_CONSUMER) timestamp=3294 ms, used_size=10346496 bytes (25.3%)
(RDMA_READ_CONSUME_CHECK_CONSUMER) timestamp=3294 ms, used_size=10344448 bytes (25.3%)
(RDMA_READ_CONSUME_CHECK_CONSUMER) timestamp=3294 ms, used_size=10342400 bytes (25.2%)
(RDMA_READ_CONSUME_CHECK_CONSUMER) timestamp=3294 ms, used_size=10340352 bytes (25.2%)
(RDMA_READ_CONSUME_CHECK_CONSUMER) timestamp=3294 ms, used_size=10338304 bytes (25.2%)
(RDMA_READ_CONSUME_CHECK_CONSUMER) timestamp=3294 ms, used_size=10336256 bytes (25.2%)
(RDMA_READ_CONSUME_CHECK_CONSUMER) timestamp=3294 ms, used_size=10334208 bytes (25.2%)
(RDMA_READ_CONSUME_CHECK_CONSUMER) timestamp=3294 ms, used_size=10332160 bytes (25.2%)
(RDMA_READ_CONSUME_CHECK_CONSUMER) timestamp=3294 ms, used_size=10330112 bytes (25.2%)
(RDMA_READ_CONSUME_CHECK_CONSUMER) timestamp=3294 ms, used_size=10328064 bytes (25.2%)
(RDMA_READ_CONSUME_CHECK_CONSUMER) timestamp=3294 ms, used_size=10326016 bytes (25.2%)
(RDMA_READ_CONSUME_CHECK_CONSUMER) timestamp=3294 ms, used_size=10323968 bytes (25.2%)
(RDMA_READ_CONSUME_CHECK_CONSUMER) timestamp=3294 ms, used_size=10321920 bytes (25.2%)
(RDMA_READ_CONSUME_CHECK_CONSUMER) timestamp=3294 ms, used_size=10319872 bytes (25.2%)
(RDMA_READ_CONSUME_CHECK_CONSUMER) timestamp=3294 ms, used_size=10317824 bytes (25.2%)
(RDMA_READ_CONSUME_CHECK_CONSUMER) timestamp=3294 ms, used_size=10315776 bytes (25.2%)
(RDMA_READ_CONSUME_CHECK_CONSUMER) timestamp=3294 ms, used_size=10313728 bytes (25.2%)
(RDMA_READ_CONSUME_CHECK_CONSUMER) timestamp=3294 ms, used_size=10311680 bytes (25.2%)
(RDMA_READ_CONSUME_CHECK_CONSUMER) timestamp=3294 ms, used_size=10309632 bytes (25.2%)
(RDMA_READ_CONSUME_CHECK_CONSUMER) timestamp=3294 ms, used_size=10307584 bytes (25.2%)
(RDMA_READ_CONSUME_CHECK_CONSUMER) timestamp=3294 ms, used_size=10305536 bytes (25.2%)
(RDMA_READ_CONSUME_CHECK_CONSUMER) timestamp=3294 ms, used_size=10303488 bytes (25.2%)
(RDMA_READ_CONSUME_CHECK_CONSUMER) timestamp=3294 ms, used_size=10301440 bytes (25.1%)
(RDMA_READ_CONSUME_CHECK_CONSUMER) timestamp=3294 ms, used_size=10299392 bytes (25.1%)
(RDMA_READ_CONSUME_CHECK_CONSUMER) timestamp=3294 ms, used_size=10297344 bytes (25.1%)
(RDMA_READ_CONSUME_CHECK_CONSUMER) timestamp=3294 ms, used_size=10295296 bytes (25.1%)
(RDMA_READ_CONSUME_CHECK_CONSUMER) timestamp=3294 ms, used_size=10293248 bytes (25.1%)
(RDMA_READ_CONSUME_CHECK_CONSUMER) timestamp=3294 ms, used_size=10291200 bytes (25.1%)
(RDMA_READ_CONSUME_CHECK_CONSUMER) timestamp=3294 ms, used_size=10289152 bytes (25.1%)
(RDMA_READ_CONSUME_CHECK_CONSUMER) timestamp=3294 ms, used_size=10287104 bytes (25.1%)
(RDMA_READ_CONSUME_CHECK_CONSUMER) timestamp=3294 ms, used_size=10285056 bytes (25.1%)
(RDMA_READ_CONSUME_CHECK_CONSUMER) timestamp=3294 ms, used_size=10283008 bytes (25.1%)
(RDMA_READ_CONSUME_CHECK_CONSUMER) timestamp=3294 ms, used_size=10280960 bytes (25.1%)
(RDMA_READ_CONSUME_CHECK_CONSUMER) timestamp=3294 ms, used_size=10278912 bytes (25.1%)
(RDMA_READ_CONSUME_CHECK_CONSUMER) timestamp=3294 ms, used_size=10276864 bytes (25.1%)
(RDMA_READ_CONSUME_CHECK_CONSUMER) timestamp=3294 ms, used_size=10274816 bytes (25.1%)
(RDMA_READ_CONSUME_CHECK_CONSUMER) timestamp=3294 ms, used_size=10272768 bytes (25.1%)
(RDMA_READ_CONSUME_CHECK_CONSUMER) timestamp=3294 ms, used_size=10270720 bytes (25.1%)
(RDMA_READ_CONSUME_CHECK_CONSUMER) timestamp=3294 ms, used_size=10268672 bytes (25.1%)
(RDMA_READ_CONSUME_CHECK_CONSUMER) timestamp=3294 ms, used_size=10266624 bytes (25.1%)
(RDMA_READ_CONSUME_CHECK_CONSUMER) timestamp=3294 ms, used_size=10264576 bytes (25.1%)
(RDMA_READ_CONSUME_CHECK_CONSUMER) timestamp=3294 ms, used_size=10262528 bytes (25.1%)
(RDMA_READ_CONSUME_CHECK_CONSUMER) timestamp=3294 ms, used_size=10260480 bytes (25.1%)
(RDMA_READ_CONSUME_CHECK_CONSUMER) timestamp=3294 ms, used_size=10258432 bytes (25.0%)
(RDMA_READ_CONSUME_CHECK_CONSUMER) timestamp=3294 ms, used_size=10256384 bytes (25.0%)
(RDMA_READ_CONSUME_CHECK_CONSUMER) timestamp=3294 ms, used_size=10254336 bytes (25.0%)
(RDMA_READ_CONSUME_CHECK_CONSUMER) timestamp=3294 ms, used_size=10252288 bytes (25.0%)
(RDMA_READ_CONSUME_CHECK_CONSUMER) timestamp=3294 ms, used_size=10250240 bytes (25.0%)
(RDMA_READ_CONSUME_CHECK_CONSUMER) timestamp=3294 ms, used_size=10248192 bytes (25.0%)
(RDMA_READ_CONSUME_CHECK_CONSUMER) timestamp=3294 ms, used_size=10246144 bytes (25.0%)
(RDMA_READ_CONSUME_CHECK_CONSUMER) timestamp=3294 ms, used_size=10244096 bytes (25.0%)
(RDMA_READ_CONSUME_CHECK_CONSUMER) timestamp=3294 ms, used_size=10242048 bytes (25.0%)
(RDMA_READ_CONSUME_CHECK_CONSUMER) timestamp=3294 ms, used_size=10240000 bytes (25.0%)
(RDMA_READ_CONSUME_CHECK_CONSUMER) timestamp=3294 ms, used_size=10237952 bytes (25.0%)
(RDMA_READ_CONSUME_CHECK_CONSUMER) timestamp=3294 ms, used_size=10235904 bytes (25.0%)
(RDMA_READ_CONSUME_CHECK_CONSUMER) timestamp=3294 ms, used_size=10233856 bytes (25.0%)
(RDMA_READ_CONSUME_CHECK_CONSUMER) timestamp=3294 ms, used_size=10231808 bytes (25.0%)
(RDMA_READ_CONSUME_CHECK_CONSUMER) timestamp=3294 ms, used_size=10229760 bytes (25.0%)
(RDMA_READ_CONSUME_CHECK_CONSUMER) timestamp=3294 ms, used_size=10227712 bytes (25.0%)
(RDMA_READ_CONSUME_CHECK_CONSUMER) timestamp=3294 ms, used_size=10225664 bytes (25.0%)
(RDMA_READ_CONSUME_CHECK_CONSUMER) timestamp=3294 ms, used_size=10223616 bytes (25.0%)
(RDMA_READ_CONSUME_CHECK_CONSUMER) timestamp=3294 ms, used_size=10221568 bytes (25.0%)
(RDMA_READ_CONSUME_CHECK_CONSUMER) timestamp=3294 ms, used_size=10219520 bytes (24.9%)
(RDMA_READ_CONSUME_CHECK_CONSUMER) timestamp=3294 ms, used_size=10217472 bytes (24.9%)
(RDMA_READ_CONSUME_CHECK_CONSUMER) timestamp=3294 ms, used_size=10215424 bytes (24.9%)
(RDMA_READ_CONSUME_CHECK_CONSUMER) timestamp=3294 ms, used_size=10213376 bytes (24.9%)
(RDMA_READ_CONSUME_CHECK_CONSUMER) timestamp=3294 ms, used_size=10211328 bytes (24.9%)
(RDMA_READ_CONSUME_CHECK_CONSUMER) timestamp=3294 ms, used_size=10209280 bytes (24.9%)
(RDMA_READ_CONSUME_CHECK_CONSUMER) timestamp=3294 ms, used_size=10207232 bytes (24.9%)
(RDMA_READ_CONSUME_CHECK_CONSUMER) timestamp=3294 ms, used_size=10205184 bytes (24.9%)
(RDMA_READ_CONSUME_CHECK_CONSUMER) timestamp=3294 ms, used_size=10203136 bytes (24.9%)
(RDMA_READ_CONSUME_CHECK_CONSUMER) timestamp=3294 ms, used_size=10201088 bytes (24.9%)
(RDMA_READ_CONSUME_CHECK_CONSUMER) timestamp=3294 ms, used_size=10199040 bytes (24.9%)
(RDMA_READ_CONSUME_CHECK_CONSUMER) timestamp=3294 ms, used_size=10196992 bytes (24.9%)
(RDMA_READ_CONSUME_CHECK_CONSUMER) timestamp=3294 ms, used_size=10194944 bytes (24.9%)
(RDMA_READ_CONSUME_CHECK_CONSUMER) timestamp=3294 ms, used_size=10192896 bytes (24.9%)
(RDMA_READ_CONSUME_CHECK_CONSUMER) timestamp=3294 ms, used_size=10190848 bytes (24.9%)
(RDMA_READ_CONSUME_CHECK_CONSUMER) timestamp=3294 ms, used_size=10188800 bytes (24.9%)
(RDMA_READ_CONSUME_CHECK_CONSUMER) timestamp=3294 ms, used_size=10186752 bytes (24.9%)
(RDMA_READ_CONSUME_CHECK_CONSUMER) timestamp=3295 ms, used_size=10184704 bytes (24.9%)
(RDMA_READ_CONSUME_CHECK_CONSUMER) timestamp=3295 ms, used_size=10182656 bytes (24.9%)
(RDMA_READ_CONSUME_CHECK_CONSUMER) timestamp=3295 ms, used_size=10180608 bytes (24.9%)
(RDMA_READ_CONSUME_CHECK_CONSUMER) timestamp=3295 ms, used_size=10178560 bytes (24.9%)
(RDMA_READ_CONSUME_CHECK_CONSUMER) timestamp=3295 ms, used_size=10176512 bytes (24.8%)
(RDMA_READ_CONSUME_CHECK_CONSUMER) timestamp=3295 ms, used_size=10174464 bytes (24.8%)
(RDMA_READ_CONSUME_CHECK_CONSUMER) timestamp=3295 ms, used_size=10172416 bytes (24.8%)
(RDMA_READ_CONSUME_CHECK_CONSUMER) timestamp=3295 ms, used_size=10170368 bytes (24.8%)
(RDMA_READ_CONSUME_CHECK_CONSUMER) timestamp=3295 ms, used_size=10168320 bytes (24.8%)
(RDMA_READ_CONSUME_CHECK_CONSUMER) timestamp=3295 ms, used_size=10166272 bytes (24.8%)
(RDMA_READ_CONSUME_CHECK_CONSUMER) timestamp=3295 ms, used_size=10164224 bytes (24.8%)
(RDMA_READ_CONSUME_CHECK_CONSUMER) timestamp=3295 ms, used_size=10162176 bytes (24.8%)
(RDMA_READ_CONSUME_CHECK_CONSUMER) timestamp=3295 ms, used_size=10160128 bytes (24.8%)
(RDMA_READ_CONSUME_CHECK_CONSUMER) timestamp=3295 ms, used_size=10158080 bytes (24.8%)
(RDMA_READ_CONSUME_CHECK_CONSUMER) timestamp=3295 ms, used_size=10156032 bytes (24.8%)
(RDMA_READ_CONSUME_CHECK_CONSUMER) timestamp=3295 ms, used_size=10153984 bytes (24.8%)
(RDMA_READ_CONSUME_CHECK_CONSUMER) timestamp=3295 ms, used_size=10151936 bytes (24.8%)
(RDMA_READ_CONSUME_CHECK_CONSUMER) timestamp=3295 ms, used_size=10149888 bytes (24.8%)
(RDMA_READ_CONSUME_CHECK_CONSUMER) timestamp=3295 ms, used_size=10147840 bytes (24.8%)
(RDMA_READ_CONSUME_CHECK_CONSUMER) timestamp=3295 ms, used_size=10145792 bytes (24.8%)
(RDMA_READ_CONSUME_CHECK_CONSUMER) timestamp=3295 ms, used_size=10143744 bytes (24.8%)
(RDMA_READ_CONSUME_CHECK_CONSUMER) timestamp=3295 ms, used_size=10141696 bytes (24.8%)
(RDMA_READ_CONSUME_CHECK_CONSUMER) timestamp=3295 ms, used_size=10139648 bytes (24.8%)
(RDMA_READ_CONSUME_CHECK_CONSUMER) timestamp=3295 ms, used_size=10137600 bytes (24.8%)
(RDMA_READ_CONSUME_CHECK_CONSUMER) timestamp=3295 ms, used_size=10135552 bytes (24.7%)
(RDMA_READ_CONSUME_CHECK_CONSUMER) timestamp=3295 ms, used_size=10133504 bytes (24.7%)
(RDMA_READ_CONSUME_CHECK_CONSUMER) timestamp=3295 ms, used_size=10131456 bytes (24.7%)
(RDMA_READ_CONSUME_CHECK_CONSUMER) timestamp=3295 ms, used_size=10129408 bytes (24.7%)
(RDMA_READ_CONSUME_CHECK_CONSUMER) timestamp=3295 ms, used_size=10127360 bytes (24.7%)
(RDMA_READ_CONSUME_CHECK_CONSUMER) timestamp=3295 ms, used_size=10125312 bytes (24.7%)
(RDMA_READ_CONSUME_CHECK_CONSUMER) timestamp=3295 ms, used_size=10123264 bytes (24.7%)
(RDMA_READ_CONSUME_CHECK_CONSUMER) timestamp=3295 ms, used_size=10121216 bytes (24.7%)
(RDMA_READ_CONSUME_CHECK_CONSUMER) timestamp=3295 ms, used_size=10119168 bytes (24.7%)
(RDMA_READ_CONSUME_CHECK_CONSUMER) timestamp=3295 ms, used_size=10117120 bytes (24.7%)
(RDMA_READ_CONSUME_CHECK_CONSUMER) timestamp=3295 ms, used_size=10115072 bytes (24.7%)
(RDMA_READ_CONSUME_CHECK_CONSUMER) timestamp=3295 ms, used_size=10113024 bytes (24.7%)
(RDMA_READ_CONSUME_CHECK_CONSUMER) timestamp=3295 ms, used_size=10110976 bytes (24.7%)
(RDMA_READ_CONSUME_CHECK_CONSUMER) timestamp=3295 ms, used_size=10108928 bytes (24.7%)
(RDMA_READ_CONSUME_CHECK_CONSUMER) timestamp=3295 ms, used_size=10106880 bytes (24.7%)
(RDMA_READ_CONSUME_CHECK_CONSUMER) timestamp=3295 ms, used_size=10104832 bytes (24.7%)
(RDMA_READ_CONSUME_CHECK_CONSUMER) timestamp=3295 ms, used_size=10102784 bytes (24.7%)
(RDMA_READ_CONSUME_CHECK_CONSUMER) timestamp=3295 ms, used_size=10100736 bytes (24.7%)
(RDMA_READ_CONSUME_CHECK_CONSUMER) timestamp=3295 ms, used_size=10098688 bytes (24.7%)
(RDMA_READ_CONSUME_CHECK_CONSUMER) timestamp=3295 ms, used_size=10096640 bytes (24.6%)
(RDMA_READ_CONSUME_CHECK_CONSUMER) timestamp=3295 ms, used_size=10094592 bytes (24.6%)
(RDMA_READ_CONSUME_CHECK_CONSUMER) timestamp=3295 ms, used_size=10092544 bytes (24.6%)
(RDMA_READ_CONSUME_CHECK_CONSUMER) timestamp=3295 ms, used_size=10090496 bytes (24.6%)
(RDMA_READ_CONSUME_CHECK_CONSUMER) timestamp=3295 ms, used_size=10088448 bytes (24.6%)
(RDMA_READ_CONSUME_CHECK_CONSUMER) timestamp=3295 ms, used_size=10086400 bytes (24.6%)
(RDMA_READ_CONSUME_CHECK_CONSUMER) timestamp=3295 ms, used_size=10084352 bytes (24.6%)
(RDMA_READ_CONSUME_CHECK_CONSUMER) timestamp=3295 ms, used_size=10082304 bytes (24.6%)
(RDMA_READ_CONSUME_CHECK_CONSUMER) timestamp=3295 ms, used_size=10080256 bytes (24.6%)
(RDMA_READ_CONSUME_CHECK_CONSUMER) timestamp=3295 ms, used_size=10078208 bytes (24.6%)
(RDMA_READ_CONSUME_CHECK_CONSUMER) timestamp=3295 ms, used_size=10076160 bytes (24.6%)
(RDMA_READ_CONSUME_CHECK_CONSUMER) timestamp=3295 ms, used_size=10074112 bytes (24.6%)
(RDMA_READ_CONSUME_CHECK_CONSUMER) timestamp=3295 ms, used_size=10072064 bytes (24.6%)
(RDMA_READ_CONSUME_CHECK_CONSUMER) timestamp=3295 ms, used_size=10070016 bytes (24.6%)
(RDMA_READ_CONSUME_CHECK_CONSUMER) timestamp=3295 ms, used_size=10067968 bytes (24.6%)
(RDMA_READ_CONSUME_CHECK_CONSUMER) timestamp=3295 ms, used_size=10065920 bytes (24.6%)
(RDMA_READ_CONSUME_CHECK_CONSUMER) timestamp=3295 ms, used_size=10063872 bytes (24.6%)
(RDMA_READ_CONSUME_CHECK_CONSUMER) timestamp=3295 ms, used_size=10061824 bytes (24.6%)
(RDMA_READ_CONSUME_CHECK_CONSUMER) timestamp=3295 ms, used_size=10059776 bytes (24.6%)
(RDMA_READ_CONSUME_CHECK_CONSUMER) timestamp=3295 ms, used_size=10057728 bytes (24.6%)
(RDMA_READ_CONSUME_CHECK_CONSUMER) timestamp=3295 ms, used_size=10055680 bytes (24.6%)
(RDMA_READ_CONSUME_CHECK_CONSUMER) timestamp=3295 ms, used_size=10053632 bytes (24.5%)
(RDMA_READ_CONSUME_CHECK_CONSUMER) timestamp=3295 ms, used_size=10051584 bytes (24.5%)
(RDMA_READ_CONSUME_CHECK_CONSUMER) timestamp=3295 ms, used_size=10049536 bytes (24.5%)
(RDMA_READ_CONSUME_CHECK_CONSUMER) timestamp=3295 ms, used_size=10047488 bytes (24.5%)
(RDMA_READ_CONSUME_CHECK_CONSUMER) timestamp=3295 ms, used_size=10045440 bytes (24.5%)
(RDMA_READ_CONSUME_CHECK_CONSUMER) timestamp=3295 ms, used_size=10043392 bytes (24.5%)
(RDMA_READ_CONSUME_CHECK_CONSUMER) timestamp=3295 ms, used_size=10041344 bytes (24.5%)
(RDMA_READ_CONSUME_CHECK_CONSUMER) timestamp=3295 ms, used_size=10039296 bytes (24.5%)
(RDMA_READ_CONSUME_CHECK_CONSUMER) timestamp=3295 ms, used_size=10037248 bytes (24.5%)
(RDMA_READ_CONSUME_CHECK_CONSUMER) timestamp=3295 ms, used_size=10035200 bytes (24.5%)
(RDMA_READ_CONSUME_CHECK_CONSUMER) timestamp=3295 ms, used_size=10033152 bytes (24.5%)
(RDMA_READ_CONSUME_CHECK_CONSUMER) timestamp=3295 ms, used_size=10031104 bytes (24.5%)
(RDMA_READ_CONSUME_CHECK_CONSUMER) timestamp=3295 ms, used_size=10029056 bytes (24.5%)
(RDMA_READ_CONSUME_CHECK_CONSUMER) timestamp=3295 ms, used_size=10027008 bytes (24.5%)
(RDMA_READ_CONSUME_CHECK_CONSUMER) timestamp=3295 ms, used_size=10024960 bytes (24.5%)
(RDMA_READ_CONSUME_CHECK_CONSUMER) timestamp=3295 ms, used_size=10022912 bytes (24.5%)
(RDMA_READ_CONSUME_CHECK_CONSUMER) timestamp=3295 ms, used_size=10020864 bytes (24.5%)
(RDMA_READ_CONSUME_CHECK_CONSUMER) timestamp=3295 ms, used_size=10018816 bytes (24.5%)
(RDMA_READ_CONSUME_CHECK_CONSUMER) timestamp=3295 ms, used_size=10016768 bytes (24.5%)
(RDMA_READ_CONSUME_CHECK_CONSUMER) timestamp=3295 ms, used_size=10014720 bytes (24.4%)
(RDMA_READ_CONSUME_CHECK_CONSUMER) timestamp=3295 ms, used_size=10012672 bytes (24.4%)
(RDMA_READ_CONSUME_CHECK_CONSUMER) timestamp=3295 ms, used_size=10010624 bytes (24.4%)
(RDMA_READ_CONSUME_CHECK_CONSUMER) timestamp=3295 ms, used_size=10008576 bytes (24.4%)
(RDMA_READ_CONSUME_CHECK_CONSUMER) timestamp=3295 ms, used_size=10006528 bytes (24.4%)
(RDMA_READ_CONSUME_CHECK_CONSUMER) timestamp=3295 ms, used_size=10004480 bytes (24.4%)
(RDMA_READ_CONSUME_CHECK_CONSUMER) timestamp=3295 ms, used_size=10002432 bytes (24.4%)
(RDMA_READ_CONSUME_CHECK_CONSUMER) timestamp=3295 ms, used_size=10000384 bytes (24.4%)
(RDMA_READ_CONSUME_CHECK_CONSUMER) timestamp=3295 ms, used_size=9998336 bytes (24.4%)
(RDMA_READ_CONSUME_CHECK_CONSUMER) timestamp=3295 ms, used_size=9996288 bytes (24.4%)
(RDMA_READ_CONSUME_CHECK_CONSUMER) timestamp=3295 ms, used_size=9994240 bytes (24.4%)
(RDMA_READ_CONSUME_CHECK_CONSUMER) timestamp=3295 ms, used_size=9992192 bytes (24.4%)
(RDMA_READ_CONSUME_CHECK_CONSUMER) timestamp=3295 ms, used_size=9990144 bytes (24.4%)
(RDMA_READ_CONSUME_CHECK_CONSUMER) timestamp=3295 ms, used_size=9988096 bytes (24.4%)
(RDMA_READ_CONSUME_CHECK_CONSUMER) timestamp=3295 ms, used_size=9986048 bytes (24.4%)
(RDMA_READ_CONSUME_CHECK_CONSUMER) timestamp=3295 ms, used_size=9984000 bytes (24.4%)
(RDMA_READ_CONSUME_CHECK_CONSUMER) timestamp=3295 ms, used_size=9981952 bytes (24.4%)
(RDMA_READ_CONSUME_CHECK_CONSUMER) timestamp=3295 ms, used_size=9979904 bytes (24.4%)
(RDMA_READ_CONSUME_CHECK_CONSUMER) timestamp=3295 ms, used_size=9977856 bytes (24.4%)
(RDMA_READ_CONSUME_CHECK_CONSUMER) timestamp=3295 ms, used_size=9975808 bytes (24.4%)
(RDMA_READ_CONSUME_CHECK_CONSUMER) timestamp=3295 ms, used_size=9973760 bytes (24.4%)
(RDMA_READ_CONSUME_CHECK_CONSUMER) timestamp=3295 ms, used_size=9971712 bytes (24.3%)
(RDMA_READ_CONSUME_CHECK_CONSUMER) timestamp=3295 ms, used_size=9969664 bytes (24.3%)
(RDMA_READ_CONSUME_CHECK_CONSUMER) timestamp=3295 ms, used_size=9967616 bytes (24.3%)
(RDMA_READ_CONSUME_CHECK_CONSUMER) timestamp=3295 ms, used_size=9965568 bytes (24.3%)
(RDMA_READ_CONSUME_CHECK_CONSUMER) timestamp=3295 ms, used_size=9963520 bytes (24.3%)
(RDMA_READ_CONSUME_CHECK_CONSUMER) timestamp=3295 ms, used_size=9961472 bytes (24.3%)
(RDMA_READ_CONSUME_CHECK_CONSUMER) timestamp=3295 ms, used_size=9959424 bytes (24.3%)
(RDMA_READ_CONSUME_CHECK_CONSUMER) timestamp=3295 ms, used_size=9957376 bytes (24.3%)
(RDMA_READ_CONSUME_CHECK_CONSUMER) timestamp=3295 ms, used_size=9955328 bytes (24.3%)
(RDMA_READ_CONSUME_CHECK_CONSUMER) timestamp=3295 ms, used_size=9953280 bytes (24.3%)
(RDMA_READ_CONSUME_CHECK_CONSUMER) timestamp=3295 ms, used_size=9951232 bytes (24.3%)
(RDMA_READ_CONSUME_CHECK_CONSUMER) timestamp=3295 ms, used_size=9949184 bytes (24.3%)
(RDMA_READ_CONSUME_CHECK_CONSUMER) timestamp=3295 ms, used_size=9947136 bytes (24.3%)
(RDMA_READ_CONSUME_CHECK_CONSUMER) timestamp=3295 ms, used_size=9945088 bytes (24.3%)
(RDMA_READ_CONSUME_CHECK_CONSUMER) timestamp=3295 ms, used_size=9943040 bytes (24.3%)
(RDMA_READ_CONSUME_CHECK_CONSUMER) timestamp=3295 ms, used_size=9940992 bytes (24.3%)
(RDMA_READ_CONSUME_CHECK_CONSUMER) timestamp=3295 ms, used_size=9938944 bytes (24.3%)
(RDMA_READ_CONSUME_CHECK_CONSUMER) timestamp=3295 ms, used_size=9936896 bytes (24.3%)
(RDMA_READ_CONSUME_CHECK_CONSUMER) timestamp=3295 ms, used_size=9934848 bytes (24.3%)
(RDMA_READ_CONSUME_CHECK_CONSUMER) timestamp=3295 ms, used_size=9932800 bytes (24.2%)
(RDMA_READ_CONSUME_CHECK_CONSUMER) timestamp=3295 ms, used_size=9930752 bytes (24.2%)
(RDMA_READ_CONSUME_CHECK_CONSUMER) timestamp=3295 ms, used_size=9928704 bytes (24.2%)
(RDMA_READ_CONSUME_CHECK_CONSUMER) timestamp=3295 ms, used_size=9926656 bytes (24.2%)
(RDMA_READ_CONSUME_CHECK_CONSUMER) timestamp=3295 ms, used_size=9924608 bytes (24.2%)
(RDMA_READ_CONSUME_CHECK_CONSUMER) timestamp=3295 ms, used_size=9922560 bytes (24.2%)
(RDMA_READ_CONSUME_CHECK_CONSUMER) timestamp=3295 ms, used_size=9920512 bytes (24.2%)
(RDMA_READ_CONSUME_CHECK_CONSUMER) timestamp=3295 ms, used_size=9918464 bytes (24.2%)
(RDMA_READ_CONSUME_CHECK_CONSUMER) timestamp=3295 ms, used_size=9916416 bytes (24.2%)
(RDMA_READ_CONSUME_CHECK_CONSUMER) timestamp=3295 ms, used_size=9914368 bytes (24.2%)
(RDMA_READ_CONSUME_CHECK_CONSUMER) timestamp=3295 ms, used_size=9912320 bytes (24.2%)
(RDMA_READ_CONSUME_CHECK_CONSUMER) timestamp=3295 ms, used_size=9910272 bytes (24.2%)
(RDMA_READ_CONSUME_CHECK_CONSUMER) timestamp=3295 ms, used_size=9908224 bytes (24.2%)
(RDMA_READ_CONSUME_CHECK_CONSUMER) timestamp=3295 ms, used_size=9906176 bytes (24.2%)
(RDMA_READ_CONSUME_CHECK_CONSUMER) timestamp=3295 ms, used_size=9904128 bytes (24.2%)
(RDMA_READ_CONSUME_CHECK_CONSUMER) timestamp=3295 ms, used_size=9902080 bytes (24.2%)
(RDMA_READ_CONSUME_CHECK_CONSUMER) timestamp=3295 ms, used_size=9900032 bytes (24.2%)
(RDMA_READ_CONSUME_CHECK_CONSUMER) timestamp=3295 ms, used_size=9897984 bytes (24.2%)
(RDMA_READ_CONSUME_CHECK_CONSUMER) timestamp=3295 ms, used_size=9895936 bytes (24.2%)
(RDMA_READ_CONSUME_CHECK_CONSUMER) timestamp=3295 ms, used_size=9893888 bytes (24.2%)
(RDMA_READ_CONSUME_CHECK_CONSUMER) timestamp=3295 ms, used_size=9891840 bytes (24.1%)
(RDMA_READ_CONSUME_CHECK_CONSUMER) timestamp=3295 ms, used_size=9889792 bytes (24.1%)
(RDMA_READ_CONSUME_CHECK_CONSUMER) timestamp=3295 ms, used_size=9887744 bytes (24.1%)
(RDMA_READ_CONSUME_CHECK_CONSUMER) timestamp=3295 ms, used_size=9885696 bytes (24.1%)
(RDMA_READ_CONSUME_CHECK_CONSUMER) timestamp=3295 ms, used_size=9883648 bytes (24.1%)
(RDMA_READ_CONSUME_CHECK_CONSUMER) timestamp=3295 ms, used_size=9881600 bytes (24.1%)
(RDMA_READ_CONSUME_CHECK_CONSUMER) timestamp=3295 ms, used_size=9879552 bytes (24.1%)
(RDMA_READ_CONSUME_CHECK_CONSUMER) timestamp=3295 ms, used_size=9877504 bytes (24.1%)
(RDMA_READ_CONSUME_CHECK_CONSUMER) timestamp=3295 ms, used_size=9875456 bytes (24.1%)
(RDMA_READ_CONSUME_CHECK_CONSUMER) timestamp=3295 ms, used_size=9873408 bytes (24.1%)
(RDMA_READ_CONSUME_CHECK_CONSUMER) timestamp=3295 ms, used_size=9871360 bytes (24.1%)
(RDMA_READ_CONSUME_CHECK_CONSUMER) timestamp=3295 ms, used_size=9869312 bytes (24.1%)
(RDMA_READ_CONSUME_CHECK_CONSUMER) timestamp=3295 ms, used_size=9867264 bytes (24.1%)
(RDMA_READ_CONSUME_CHECK_CONSUMER) timestamp=3295 ms, used_size=9865216 bytes (24.1%)
(RDMA_READ_CONSUME_CHECK_CONSUMER) timestamp=3295 ms, used_size=9863168 bytes (24.1%)
(RDMA_READ_CONSUME_CHECK_CONSUMER) timestamp=3295 ms, used_size=9861120 bytes (24.1%)
(RDMA_READ_CONSUME_CHECK_CONSUMER) timestamp=3295 ms, used_size=9859072 bytes (24.1%)
(RDMA_READ_CONSUME_CHECK_CONSUMER) timestamp=3295 ms, used_size=9857024 bytes (24.1%)
(RDMA_READ_CONSUME_CHECK_CONSUMER) timestamp=3295 ms, used_size=9854976 bytes (24.1%)
(RDMA_READ_CONSUME_CHECK_CONSUMER) timestamp=3295 ms, used_size=9852928 bytes (24.1%)
(RDMA_READ_CONSUME_CHECK_CONSUMER) timestamp=3295 ms, used_size=9850880 bytes (24.1%)
(RDMA_READ_CONSUME_CHECK_CONSUMER) timestamp=3295 ms, used_size=9848832 bytes (24.0%)
(RDMA_READ_CONSUME_CHECK_CONSUMER) timestamp=3295 ms, used_size=9846784 bytes (24.0%)
(RDMA_READ_CONSUME_CHECK_CONSUMER) timestamp=3295 ms, used_size=9844736 bytes (24.0%)
(RDMA_READ_CONSUME_CHECK_CONSUMER) timestamp=3295 ms, used_size=9842688 bytes (24.0%)
(RDMA_READ_CONSUME_CHECK_CONSUMER) timestamp=3295 ms, used_size=9840640 bytes (24.0%)
(RDMA_READ_CONSUME_CHECK_CONSUMER) timestamp=3295 ms, used_size=9838592 bytes (24.0%)
(RDMA_READ_CONSUME_CHECK_CONSUMER) timestamp=3295 ms, used_size=9836544 bytes (24.0%)
(RDMA_READ_CONSUME_CHECK_CONSUMER) timestamp=3295 ms, used_size=9834496 bytes (24.0%)
(RDMA_READ_CONSUME_CHECK_CONSUMER) timestamp=3295 ms, used_size=9832448 bytes (24.0%)
(RDMA_READ_CONSUME_CHECK_CONSUMER) timestamp=3295 ms, used_size=9830400 bytes (24.0%)
(RDMA_READ_CONSUME_CHECK_CONSUMER) timestamp=3295 ms, used_size=9828352 bytes (24.0%)
(RDMA_READ_CONSUME_CHECK_CONSUMER) timestamp=3295 ms, used_size=9826304 bytes (24.0%)
(RDMA_READ_CONSUME_CHECK_CONSUMER) timestamp=3295 ms, used_size=9824256 bytes (24.0%)
(RDMA_READ_CONSUME_CHECK_CONSUMER) timestamp=3296 ms, used_size=9822208 bytes (24.0%)
(RDMA_READ_CONSUME_CHECK_CONSUMER) timestamp=3296 ms, used_size=9820160 bytes (24.0%)
(RDMA_READ_CONSUME_CHECK_CONSUMER) timestamp=3296 ms, used_size=9818112 bytes (24.0%)
(RDMA_READ_CONSUME_CHECK_CONSUMER) timestamp=3296 ms, used_size=9816064 bytes (24.0%)
(RDMA_READ_CONSUME_CHECK_CONSUMER) timestamp=3296 ms, used_size=9814016 bytes (24.0%)
(RDMA_READ_CONSUME_CHECK_CONSUMER) timestamp=3296 ms, used_size=9811968 bytes (24.0%)
(RDMA_READ_CONSUME_CHECK_CONSUMER) timestamp=3296 ms, used_size=9809920 bytes (23.9%)
(RDMA_READ_CONSUME_CHECK_CONSUMER) timestamp=3296 ms, used_size=9807872 bytes (23.9%)
(RDMA_READ_CONSUME_CHECK_CONSUMER) timestamp=3296 ms, used_size=9805824 bytes (23.9%)
(RDMA_READ_CONSUME_CHECK_CONSUMER) timestamp=3296 ms, used_size=9803776 bytes (23.9%)
(RDMA_READ_CONSUME_CHECK_CONSUMER) timestamp=3296 ms, used_size=9801728 bytes (23.9%)
(RDMA_READ_CONSUME_CHECK_CONSUMER) timestamp=3296 ms, used_size=9799680 bytes (23.9%)
(RDMA_READ_CONSUME_CHECK_CONSUMER) timestamp=3296 ms, used_size=9797632 bytes (23.9%)
(RDMA_READ_CONSUME_CHECK_CONSUMER) timestamp=3296 ms, used_size=9795584 bytes (23.9%)
(RDMA_READ_CONSUME_CHECK_CONSUMER) timestamp=3296 ms, used_size=9793536 bytes (23.9%)
(RDMA_READ_CONSUME_CHECK_CONSUMER) timestamp=3296 ms, used_size=9791488 bytes (23.9%)
(RDMA_READ_CONSUME_CHECK_CONSUMER) timestamp=3296 ms, used_size=9789440 bytes (23.9%)
(RDMA_READ_CONSUME_CHECK_CONSUMER) timestamp=3296 ms, used_size=9787392 bytes (23.9%)
(RDMA_READ_CONSUME_CHECK_CONSUMER) timestamp=3296 ms, used_size=9785344 bytes (23.9%)
(RDMA_READ_CONSUME_CHECK_CONSUMER) timestamp=3296 ms, used_size=9783296 bytes (23.9%)
(RDMA_READ_CONSUME_CHECK_CONSUMER) timestamp=3296 ms, used_size=9781248 bytes (23.9%)
(RDMA_READ_CONSUME_CHECK_CONSUMER) timestamp=3296 ms, used_size=9779200 bytes (23.9%)
(RDMA_READ_CONSUME_CHECK_CONSUMER) timestamp=3296 ms, used_size=9777152 bytes (23.9%)
(RDMA_READ_CONSUME_CHECK_CONSUMER) timestamp=3296 ms, used_size=9775104 bytes (23.9%)
(RDMA_READ_CONSUME_CHECK_CONSUMER) timestamp=3296 ms, used_size=9773056 bytes (23.9%)
(RDMA_READ_CONSUME_CHECK_CONSUMER) timestamp=3296 ms, used_size=9771008 bytes (23.9%)
(RDMA_READ_CONSUME_CHECK_CONSUMER) timestamp=3296 ms, used_size=9768960 bytes (23.9%)
(RDMA_READ_CONSUME_CHECK_CONSUMER) timestamp=3296 ms, used_size=9766912 bytes (23.8%)
(RDMA_READ_CONSUME_CHECK_CONSUMER) timestamp=3296 ms, used_size=9764864 bytes (23.8%)
(RDMA_READ_CONSUME_CHECK_CONSUMER) timestamp=3296 ms, used_size=9762816 bytes (23.8%)
(RDMA_READ_CONSUME_CHECK_CONSUMER) timestamp=3296 ms, used_size=9760768 bytes (23.8%)
(RDMA_READ_CONSUME_CHECK_CONSUMER) timestamp=3296 ms, used_size=9758720 bytes (23.8%)
(RDMA_READ_CONSUME_CHECK_CONSUMER) timestamp=3296 ms, used_size=9756672 bytes (23.8%)
(RDMA_READ_CONSUME_CHECK_CONSUMER) timestamp=3296 ms, used_size=9754624 bytes (23.8%)
(RDMA_READ_CONSUME_CHECK_CONSUMER) timestamp=3296 ms, used_size=9752576 bytes (23.8%)
(RDMA_READ_CONSUME_CHECK_CONSUMER) timestamp=3296 ms, used_size=9750528 bytes (23.8%)
(RDMA_READ_CONSUME_CHECK_CONSUMER) timestamp=3296 ms, used_size=9748480 bytes (23.8%)
(RDMA_READ_CONSUME_CHECK_CONSUMER) timestamp=3296 ms, used_size=9746432 bytes (23.8%)
(RDMA_READ_CONSUME_CHECK_CONSUMER) timestamp=3296 ms, used_size=9744384 bytes (23.8%)
(RDMA_READ_CONSUME_CHECK_CONSUMER) timestamp=3296 ms, used_size=9742336 bytes (23.8%)
(RDMA_READ_CONSUME_CHECK_CONSUMER) timestamp=3296 ms, used_size=9740288 bytes (23.8%)
(RDMA_READ_CONSUME_CHECK_CONSUMER) timestamp=3296 ms, used_size=9738240 bytes (23.8%)
(RDMA_READ_CONSUME_CHECK_CONSUMER) timestamp=3296 ms, used_size=9736192 bytes (23.8%)
(RDMA_READ_CONSUME_CHECK_CONSUMER) timestamp=3296 ms, used_size=9734144 bytes (23.8%)
(RDMA_READ_CONSUME_CHECK_CONSUMER) timestamp=3296 ms, used_size=9732096 bytes (23.8%)
(RDMA_READ_CONSUME_CHECK_CONSUMER) timestamp=3296 ms, used_size=9730048 bytes (23.8%)
(RDMA_READ_CONSUME_CHECK_CONSUMER) timestamp=3296 ms, used_size=9728000 bytes (23.8%)
(RDMA_READ_CONSUME_CHECK_CONSUMER) timestamp=3296 ms, used_size=9725952 bytes (23.7%)
(RDMA_READ_CONSUME_CHECK_CONSUMER) timestamp=3296 ms, used_size=9723904 bytes (23.7%)
(RDMA_READ_CONSUME_CHECK_CONSUMER) timestamp=3296 ms, used_size=9721856 bytes (23.7%)
(RDMA_READ_CONSUME_CHECK_CONSUMER) timestamp=3296 ms, used_size=9719808 bytes (23.7%)
(RDMA_READ_CONSUME_CHECK_CONSUMER) timestamp=3296 ms, used_size=9717760 bytes (23.7%)
(RDMA_READ_CONSUME_CHECK_CONSUMER) timestamp=3296 ms, used_size=9715712 bytes (23.7%)
(RDMA_READ_CONSUME_CHECK_CONSUMER) timestamp=3296 ms, used_size=9713664 bytes (23.7%)
(RDMA_READ_CONSUME_CHECK_CONSUMER) timestamp=3296 ms, used_size=9711616 bytes (23.7%)
(RDMA_READ_CONSUME_CHECK_CONSUMER) timestamp=3296 ms, used_size=9709568 bytes (23.7%)
(RDMA_READ_CONSUME_CHECK_CONSUMER) timestamp=3296 ms, used_size=9707520 bytes (23.7%)
(RDMA_READ_CONSUME_CHECK_CONSUMER) timestamp=3296 ms, used_size=9705472 bytes (23.7%)
(RDMA_READ_CONSUME_CHECK_CONSUMER) timestamp=3296 ms, used_size=9703424 bytes (23.7%)
(RDMA_READ_CONSUME_CHECK_CONSUMER) timestamp=3296 ms, used_size=9701376 bytes (23.7%)
(RDMA_READ_CONSUME_CHECK_CONSUMER) timestamp=3296 ms, used_size=9699328 bytes (23.7%)
(RDMA_READ_CONSUME_CHECK_CONSUMER) timestamp=3296 ms, used_size=9697280 bytes (23.7%)
(RDMA_READ_CONSUME_CHECK_CONSUMER) timestamp=3296 ms, used_size=9695232 bytes (23.7%)
(RDMA_READ_CONSUME_CHECK_CONSUMER) timestamp=3296 ms, used_size=9693184 bytes (23.7%)
(RDMA_READ_CONSUME_CHECK_CONSUMER) timestamp=3296 ms, used_size=9691136 bytes (23.7%)
(RDMA_READ_CONSUME_CHECK_CONSUMER) timestamp=3296 ms, used_size=9689088 bytes (23.7%)
(RDMA_READ_CONSUME_CHECK_CONSUMER) timestamp=3296 ms, used_size=9687040 bytes (23.6%)
(RDMA_READ_CONSUME_CHECK_CONSUMER) timestamp=3296 ms, used_size=9684992 bytes (23.6%)
(RDMA_READ_CONSUME_CHECK_CONSUMER) timestamp=3296 ms, used_size=9682944 bytes (23.6%)
(RDMA_READ_CONSUME_CHECK_CONSUMER) timestamp=3296 ms, used_size=9680896 bytes (23.6%)
(RDMA_READ_CONSUME_CHECK_CONSUMER) timestamp=3296 ms, used_size=9678848 bytes (23.6%)
(RDMA_READ_CONSUME_CHECK_CONSUMER) timestamp=3296 ms, used_size=9676800 bytes (23.6%)
(RDMA_READ_CONSUME_CHECK_CONSUMER) timestamp=3296 ms, used_size=9674752 bytes (23.6%)
(RDMA_READ_CONSUME_CHECK_CONSUMER) timestamp=3296 ms, used_size=9672704 bytes (23.6%)
(RDMA_READ_CONSUME_CHECK_CONSUMER) timestamp=3296 ms, used_size=9670656 bytes (23.6%)
(RDMA_READ_CONSUME_CHECK_CONSUMER) timestamp=3296 ms, used_size=9668608 bytes (23.6%)
(RDMA_READ_CONSUME_CHECK_CONSUMER) timestamp=3296 ms, used_size=9666560 bytes (23.6%)
(RDMA_READ_CONSUME_CHECK_CONSUMER) timestamp=3296 ms, used_size=9664512 bytes (23.6%)
(RDMA_READ_CONSUME_CHECK_CONSUMER) timestamp=3296 ms, used_size=9662464 bytes (23.6%)
(RDMA_READ_CONSUME_CHECK_CONSUMER) timestamp=3296 ms, used_size=9660416 bytes (23.6%)
(RDMA_READ_CONSUME_CHECK_CONSUMER) timestamp=3296 ms, used_size=9658368 bytes (23.6%)
(RDMA_READ_CONSUME_CHECK_CONSUMER) timestamp=3296 ms, used_size=9656320 bytes (23.6%)
(RDMA_READ_CONSUME_CHECK_CONSUMER) timestamp=3296 ms, used_size=9654272 bytes (23.6%)
(RDMA_READ_CONSUME_CHECK_CONSUMER) timestamp=3296 ms, used_size=9652224 bytes (23.6%)
(RDMA_READ_CONSUME_CHECK_CONSUMER) timestamp=3296 ms, used_size=9650176 bytes (23.6%)
(RDMA_READ_CONSUME_CHECK_CONSUMER) timestamp=3296 ms, used_size=9648128 bytes (23.6%)
(RDMA_READ_CONSUME_CHECK_CONSUMER) timestamp=3296 ms, used_size=9646080 bytes (23.6%)
(RDMA_READ_CONSUME_CHECK_CONSUMER) timestamp=3296 ms, used_size=9644032 bytes (23.5%)
(RDMA_READ_CONSUME_CHECK_CONSUMER) timestamp=3296 ms, used_size=9641984 bytes (23.5%)
(RDMA_READ_CONSUME_CHECK_CONSUMER) timestamp=3296 ms, used_size=9639936 bytes (23.5%)
(RDMA_READ_CONSUME_CHECK_CONSUMER) timestamp=3296 ms, used_size=9637888 bytes (23.5%)
(RDMA_READ_CONSUME_CHECK_CONSUMER) timestamp=3296 ms, used_size=9635840 bytes (23.5%)
(RDMA_READ_CONSUME_CHECK_CONSUMER) timestamp=3296 ms, used_size=9633792 bytes (23.5%)
(RDMA_READ_CONSUME_CHECK_CONSUMER) timestamp=3296 ms, used_size=9631744 bytes (23.5%)
(RDMA_READ_CONSUME_CHECK_CONSUMER) timestamp=3296 ms, used_size=9629696 bytes (23.5%)
(RDMA_READ_CONSUME_CHECK_CONSUMER) timestamp=3296 ms, used_size=9627648 bytes (23.5%)
(RDMA_READ_CONSUME_CHECK_CONSUMER) timestamp=3296 ms, used_size=9625600 bytes (23.5%)
(RDMA_READ_CONSUME_CHECK_CONSUMER) timestamp=3296 ms, used_size=9623552 bytes (23.5%)
(RDMA_READ_CONSUME_CHECK_CONSUMER) timestamp=3296 ms, used_size=9621504 bytes (23.5%)
(RDMA_READ_CONSUME_CHECK_CONSUMER) timestamp=3296 ms, used_size=9619456 bytes (23.5%)
(RDMA_READ_CONSUME_CHECK_CONSUMER) timestamp=3296 ms, used_size=9617408 bytes (23.5%)
(RDMA_READ_CONSUME_CHECK_CONSUMER) timestamp=3296 ms, used_size=9615360 bytes (23.5%)
(RDMA_READ_CONSUME_CHECK_CONSUMER) timestamp=3296 ms, used_size=9613312 bytes (23.5%)
(RDMA_READ_CONSUME_CHECK_CONSUMER) timestamp=3296 ms, used_size=9611264 bytes (23.5%)
(RDMA_READ_CONSUME_CHECK_CONSUMER) timestamp=3296 ms, used_size=9609216 bytes (23.5%)
(RDMA_READ_CONSUME_CHECK_CONSUMER) timestamp=3296 ms, used_size=9607168 bytes (23.5%)
(RDMA_READ_CONSUME_CHECK_CONSUMER) timestamp=3296 ms, used_size=9605120 bytes (23.4%)
(RDMA_READ_CONSUME_CHECK_CONSUMER) timestamp=3296 ms, used_size=9603072 bytes (23.4%)
(RDMA_READ_CONSUME_CHECK_CONSUMER) timestamp=3296 ms, used_size=9601024 bytes (23.4%)
(RDMA_READ_CONSUME_CHECK_CONSUMER) timestamp=3296 ms, used_size=9598976 bytes (23.4%)
(RDMA_READ_CONSUME_CHECK_CONSUMER) timestamp=3296 ms, used_size=9596928 bytes (23.4%)
(RDMA_READ_CONSUME_CHECK_CONSUMER) timestamp=3296 ms, used_size=9594880 bytes (23.4%)
(RDMA_READ_CONSUME_CHECK_CONSUMER) timestamp=3296 ms, used_size=9592832 bytes (23.4%)
(RDMA_READ_CONSUME_CHECK_CONSUMER) timestamp=3296 ms, used_size=9590784 bytes (23.4%)
(RDMA_READ_CONSUME_CHECK_CONSUMER) timestamp=3296 ms, used_size=9588736 bytes (23.4%)
(RDMA_READ_CONSUME_CHECK_CONSUMER) timestamp=3296 ms, used_size=9586688 bytes (23.4%)
(RDMA_READ_CONSUME_CHECK_CONSUMER) timestamp=3296 ms, used_size=9584640 bytes (23.4%)
(RDMA_READ_CONSUME_CHECK_CONSUMER) timestamp=3296 ms, used_size=9582592 bytes (23.4%)
(RDMA_READ_CONSUME_CHECK_CONSUMER) timestamp=3296 ms, used_size=9580544 bytes (23.4%)
(RDMA_READ_CONSUME_CHECK_CONSUMER) timestamp=3296 ms, used_size=9578496 bytes (23.4%)
(RDMA_READ_CONSUME_CHECK_CONSUMER) timestamp=3296 ms, used_size=9576448 bytes (23.4%)
(RDMA_READ_CONSUME_CHECK_CONSUMER) timestamp=3296 ms, used_size=9574400 bytes (23.4%)
(RDMA_READ_CONSUME_CHECK_CONSUMER) timestamp=3296 ms, used_size=9572352 bytes (23.4%)
(RDMA_READ_CONSUME_CHECK_CONSUMER) timestamp=3296 ms, used_size=9570304 bytes (23.4%)
(RDMA_READ_CONSUME_CHECK_CONSUMER) timestamp=3296 ms, used_size=9568256 bytes (23.4%)
(RDMA_READ_CONSUME_CHECK_CONSUMER) timestamp=3296 ms, used_size=9566208 bytes (23.4%)
(RDMA_READ_CONSUME_CHECK_CONSUMER) timestamp=3296 ms, used_size=9564160 bytes (23.4%)
(RDMA_READ_CONSUME_CHECK_CONSUMER) timestamp=3296 ms, used_size=9562112 bytes (23.3%)
(RDMA_READ_CONSUME_CHECK_CONSUMER) timestamp=3296 ms, used_size=9560064 bytes (23.3%)
(RDMA_READ_CONSUME_CHECK_CONSUMER) timestamp=3296 ms, used_size=9558016 bytes (23.3%)
(RDMA_READ_CONSUME_CHECK_CONSUMER) timestamp=3296 ms, used_size=9555968 bytes (23.3%)
(RDMA_READ_CONSUME_CHECK_CONSUMER) timestamp=3296 ms, used_size=9553920 bytes (23.3%)
(RDMA_READ_CONSUME_CHECK_CONSUMER) timestamp=3296 ms, used_size=9551872 bytes (23.3%)
(RDMA_READ_CONSUME_CHECK_CONSUMER) timestamp=3296 ms, used_size=9549824 bytes (23.3%)
(RDMA_READ_CONSUME_CHECK_CONSUMER) timestamp=3296 ms, used_size=9547776 bytes (23.3%)
(RDMA_READ_CONSUME_CHECK_CONSUMER) timestamp=3296 ms, used_size=9545728 bytes (23.3%)
(RDMA_READ_CONSUME_CHECK_CONSUMER) timestamp=3296 ms, used_size=9543680 bytes (23.3%)
(RDMA_READ_CONSUME_CHECK_CONSUMER) timestamp=3296 ms, used_size=9541632 bytes (23.3%)
(RDMA_READ_CONSUME_CHECK_CONSUMER) timestamp=3296 ms, used_size=9539584 bytes (23.3%)
(RDMA_READ_CONSUME_CHECK_CONSUMER) timestamp=3296 ms, used_size=9537536 bytes (23.3%)
(RDMA_READ_CONSUME_CHECK_CONSUMER) timestamp=3296 ms, used_size=9535488 bytes (23.3%)
(RDMA_READ_CONSUME_CHECK_CONSUMER) timestamp=3296 ms, used_size=9533440 bytes (23.3%)
(RDMA_READ_CONSUME_CHECK_CONSUMER) timestamp=3296 ms, used_size=9531392 bytes (23.3%)
(RDMA_READ_CONSUME_CHECK_CONSUMER) timestamp=3296 ms, used_size=9529344 bytes (23.3%)
(RDMA_READ_CONSUME_CHECK_CONSUMER) timestamp=3296 ms, used_size=9527296 bytes (23.3%)
(RDMA_READ_CONSUME_CHECK_CONSUMER) timestamp=3296 ms, used_size=9525248 bytes (23.3%)
(RDMA_READ_CONSUME_CHECK_CONSUMER) timestamp=3296 ms, used_size=9523200 bytes (23.2%)
(RDMA_READ_CONSUME_CHECK_CONSUMER) timestamp=3296 ms, used_size=9521152 bytes (23.2%)
(RDMA_READ_CONSUME_CHECK_CONSUMER) timestamp=3296 ms, used_size=9519104 bytes (23.2%)
(RDMA_READ_CONSUME_CHECK_CONSUMER) timestamp=3296 ms, used_size=9517056 bytes (23.2%)
(RDMA_READ_CONSUME_CHECK_CONSUMER) timestamp=3296 ms, used_size=9515008 bytes (23.2%)
(RDMA_READ_CONSUME_CHECK_CONSUMER) timestamp=3296 ms, used_size=9512960 bytes (23.2%)
(RDMA_READ_CONSUME_CHECK_CONSUMER) timestamp=3296 ms, used_size=9510912 bytes (23.2%)
(RDMA_READ_CONSUME_CHECK_CONSUMER) timestamp=3296 ms, used_size=9508864 bytes (23.2%)
(RDMA_READ_CONSUME_CHECK_CONSUMER) timestamp=3296 ms, used_size=9506816 bytes (23.2%)
(RDMA_READ_CONSUME_CHECK_CONSUMER) timestamp=3296 ms, used_size=9504768 bytes (23.2%)
(RDMA_READ_CONSUME_CHECK_CONSUMER) timestamp=3296 ms, used_size=9502720 bytes (23.2%)
(RDMA_READ_CONSUME_CHECK_CONSUMER) timestamp=3296 ms, used_size=9500672 bytes (23.2%)
(RDMA_READ_CONSUME_CHECK_CONSUMER) timestamp=3296 ms, used_size=9498624 bytes (23.2%)
(RDMA_READ_CONSUME_CHECK_CONSUMER) timestamp=3296 ms, used_size=9496576 bytes (23.2%)
(RDMA_READ_CONSUME_CHECK_CONSUMER) timestamp=3296 ms, used_size=9494528 bytes (23.2%)
(RDMA_READ_CONSUME_CHECK_CONSUMER) timestamp=3296 ms, used_size=9492480 bytes (23.2%)
(RDMA_READ_CONSUME_CHECK_CONSUMER) timestamp=3296 ms, used_size=9490432 bytes (23.2%)
(RDMA_READ_CONSUME_CHECK_CONSUMER) timestamp=3296 ms, used_size=9488384 bytes (23.2%)
(RDMA_READ_CONSUME_CHECK_CONSUMER) timestamp=3296 ms, used_size=9486336 bytes (23.2%)
(RDMA_READ_CONSUME_CHECK_CONSUMER) timestamp=3296 ms, used_size=9484288 bytes (23.2%)
(RDMA_READ_CONSUME_CHECK_CONSUMER) timestamp=3296 ms, used_size=9482240 bytes (23.1%)
(RDMA_READ_CONSUME_CHECK_CONSUMER) timestamp=3296 ms, used_size=9480192 bytes (23.1%)
(RDMA_READ_CONSUME_CHECK_CONSUMER) timestamp=3296 ms, used_size=9478144 bytes (23.1%)
(RDMA_READ_CONSUME_CHECK_CONSUMER) timestamp=3296 ms, used_size=9476096 bytes (23.1%)
(RDMA_READ_CONSUME_CHECK_CONSUMER) timestamp=3296 ms, used_size=9474048 bytes (23.1%)
(RDMA_READ_CONSUME_CHECK_CONSUMER) timestamp=3296 ms, used_size=9472000 bytes (23.1%)
(RDMA_READ_CONSUME_CHECK_CONSUMER) timestamp=3296 ms, used_size=9469952 bytes (23.1%)
(RDMA_READ_CONSUME_CHECK_CONSUMER) timestamp=3296 ms, used_size=9467904 bytes (23.1%)
(RDMA_READ_CONSUME_CHECK_CONSUMER) timestamp=3297 ms, used_size=9465856 bytes (23.1%)
(RDMA_READ_CONSUME_CHECK_CONSUMER) timestamp=3297 ms, used_size=9463808 bytes (23.1%)
(RDMA_READ_CONSUME_CHECK_CONSUMER) timestamp=3297 ms, used_size=9461760 bytes (23.1%)
(RDMA_READ_CONSUME_CHECK_CONSUMER) timestamp=3297 ms, used_size=9459712 bytes (23.1%)
(RDMA_READ_CONSUME_CHECK_CONSUMER) timestamp=3297 ms, used_size=9457664 bytes (23.1%)
(RDMA_READ_CONSUME_CHECK_CONSUMER) timestamp=3297 ms, used_size=9455616 bytes (23.1%)
(RDMA_READ_CONSUME_CHECK_CONSUMER) timestamp=3297 ms, used_size=9453568 bytes (23.1%)
(RDMA_READ_CONSUME_CHECK_CONSUMER) timestamp=3297 ms, used_size=9451520 bytes (23.1%)
(RDMA_READ_CONSUME_CHECK_CONSUMER) timestamp=3297 ms, used_size=9449472 bytes (23.1%)
(RDMA_READ_CONSUME_CHECK_CONSUMER) timestamp=3297 ms, used_size=9447424 bytes (23.1%)
(RDMA_READ_CONSUME_CHECK_CONSUMER) timestamp=3297 ms, used_size=9445376 bytes (23.1%)
(RDMA_READ_CONSUME_CHECK_CONSUMER) timestamp=3297 ms, used_size=9443328 bytes (23.1%)
(RDMA_READ_CONSUME_CHECK_CONSUMER) timestamp=3297 ms, used_size=9441280 bytes (23.1%)
(RDMA_READ_CONSUME_CHECK_CONSUMER) timestamp=3297 ms, used_size=9439232 bytes (23.0%)
(RDMA_READ_CONSUME_CHECK_CONSUMER) timestamp=3297 ms, used_size=9437184 bytes (23.0%)
(RDMA_READ_CONSUME_CHECK_CONSUMER) timestamp=3297 ms, used_size=9435136 bytes (23.0%)
(RDMA_READ_CONSUME_CHECK_CONSUMER) timestamp=3297 ms, used_size=9433088 bytes (23.0%)
(RDMA_READ_CONSUME_CHECK_CONSUMER) timestamp=3297 ms, used_size=9431040 bytes (23.0%)
(RDMA_READ_CONSUME_CHECK_CONSUMER) timestamp=3297 ms, used_size=9428992 bytes (23.0%)
(RDMA_READ_CONSUME_CHECK_CONSUMER) timestamp=3297 ms, used_size=9426944 bytes (23.0%)
(RDMA_READ_CONSUME_CHECK_CONSUMER) timestamp=3297 ms, used_size=9424896 bytes (23.0%)
(RDMA_READ_CONSUME_CHECK_CONSUMER) timestamp=3297 ms, used_size=9422848 bytes (23.0%)
(RDMA_READ_CONSUME_CHECK_CONSUMER) timestamp=3297 ms, used_size=9420800 bytes (23.0%)
(RDMA_READ_CONSUME_CHECK_CONSUMER) timestamp=3297 ms, used_size=9418752 bytes (23.0%)
(RDMA_READ_CONSUME_CHECK_CONSUMER) timestamp=3297 ms, used_size=9416704 bytes (23.0%)
(RDMA_READ_CONSUME_CHECK_CONSUMER) timestamp=3297 ms, used_size=9414656 bytes (23.0%)
(RDMA_READ_CONSUME_CHECK_CONSUMER) timestamp=3297 ms, used_size=9412608 bytes (23.0%)
(RDMA_READ_CONSUME_CHECK_CONSUMER) timestamp=3297 ms, used_size=9410560 bytes (23.0%)
(RDMA_READ_CONSUME_CHECK_CONSUMER) timestamp=3297 ms, used_size=9408512 bytes (23.0%)
(RDMA_READ_CONSUME_CHECK_CONSUMER) timestamp=3297 ms, used_size=9406464 bytes (23.0%)
(RDMA_READ_CONSUME_CHECK_CONSUMER) timestamp=3297 ms, used_size=9404416 bytes (23.0%)
(RDMA_READ_CONSUME_CHECK_CONSUMER) timestamp=3297 ms, used_size=9402368 bytes (23.0%)
(RDMA_READ_CONSUME_CHECK_CONSUMER) timestamp=3297 ms, used_size=9400320 bytes (22.9%)
(RDMA_READ_CONSUME_CHECK_CONSUMER) timestamp=3297 ms, used_size=9398272 bytes (22.9%)
(RDMA_READ_CONSUME_CHECK_CONSUMER) timestamp=3297 ms, used_size=9396224 bytes (22.9%)
(RDMA_READ_CONSUME_CHECK_CONSUMER) timestamp=3297 ms, used_size=9394176 bytes (22.9%)
(RDMA_READ_CONSUME_CHECK_CONSUMER) timestamp=3297 ms, used_size=9392128 bytes (22.9%)
(RDMA_READ_CONSUME_CHECK_CONSUMER) timestamp=3297 ms, used_size=9390080 bytes (22.9%)
(RDMA_READ_CONSUME_CHECK_CONSUMER) timestamp=3297 ms, used_size=9388032 bytes (22.9%)
(RDMA_READ_CONSUME_CHECK_CONSUMER) timestamp=3297 ms, used_size=9385984 bytes (22.9%)
(RDMA_READ_CONSUME_CHECK_CONSUMER) timestamp=3297 ms, used_size=9383936 bytes (22.9%)
(RDMA_READ_CONSUME_CHECK_CONSUMER) timestamp=3297 ms, used_size=9381888 bytes (22.9%)
(RDMA_READ_CONSUME_CHECK_CONSUMER) timestamp=3297 ms, used_size=9379840 bytes (22.9%)
(RDMA_READ_CONSUME_CHECK_CONSUMER) timestamp=3297 ms, used_size=9377792 bytes (22.9%)
(RDMA_READ_CONSUME_CHECK_CONSUMER) timestamp=3297 ms, used_size=9375744 bytes (22.9%)
(RDMA_READ_CONSUME_CHECK_CONSUMER) timestamp=3297 ms, used_size=9373696 bytes (22.9%)
(RDMA_READ_CONSUME_CHECK_CONSUMER) timestamp=3297 ms, used_size=9371648 bytes (22.9%)
(RDMA_READ_CONSUME_CHECK_CONSUMER) timestamp=3297 ms, used_size=9369600 bytes (22.9%)
(RDMA_READ_CONSUME_CHECK_CONSUMER) timestamp=3297 ms, used_size=9367552 bytes (22.9%)
(RDMA_READ_CONSUME_CHECK_CONSUMER) timestamp=3297 ms, used_size=9365504 bytes (22.9%)
(RDMA_READ_CONSUME_CHECK_CONSUMER) timestamp=3297 ms, used_size=9363456 bytes (22.9%)
(RDMA_READ_CONSUME_CHECK_CONSUMER) timestamp=3297 ms, used_size=9361408 bytes (22.9%)
(RDMA_READ_CONSUME_CHECK_CONSUMER) timestamp=3297 ms, used_size=9359360 bytes (22.9%)
(RDMA_READ_CONSUME_CHECK_CONSUMER) timestamp=3297 ms, used_size=9357312 bytes (22.8%)
(RDMA_READ_CONSUME_CHECK_CONSUMER) timestamp=3297 ms, used_size=9355264 bytes (22.8%)
(RDMA_READ_CONSUME_CHECK_CONSUMER) timestamp=3297 ms, used_size=9353216 bytes (22.8%)
(RDMA_READ_CONSUME_CHECK_CONSUMER) timestamp=3297 ms, used_size=9351168 bytes (22.8%)
(RDMA_READ_CONSUME_CHECK_CONSUMER) timestamp=3297 ms, used_size=9349120 bytes (22.8%)
(RDMA_READ_CONSUME_CHECK_CONSUMER) timestamp=3297 ms, used_size=9347072 bytes (22.8%)
(RDMA_READ_CONSUME_CHECK_CONSUMER) timestamp=3297 ms, used_size=9345024 bytes (22.8%)
(RDMA_READ_CONSUME_CHECK_CONSUMER) timestamp=3297 ms, used_size=9342976 bytes (22.8%)
(RDMA_READ_CONSUME_CHECK_CONSUMER) timestamp=3297 ms, used_size=9340928 bytes (22.8%)
(RDMA_READ_CONSUME_CHECK_CONSUMER) timestamp=3297 ms, used_size=9338880 bytes (22.8%)
(RDMA_READ_CONSUME_CHECK_CONSUMER) timestamp=3297 ms, used_size=9336832 bytes (22.8%)
(RDMA_READ_CONSUME_CHECK_CONSUMER) timestamp=3297 ms, used_size=9334784 bytes (22.8%)
(RDMA_READ_CONSUME_CHECK_CONSUMER) timestamp=3297 ms, used_size=9332736 bytes (22.8%)
(RDMA_READ_CONSUME_CHECK_CONSUMER) timestamp=3297 ms, used_size=9330688 bytes (22.8%)
(RDMA_READ_CONSUME_CHECK_CONSUMER) timestamp=3297 ms, used_size=9328640 bytes (22.8%)
(RDMA_READ_CONSUME_CHECK_CONSUMER) timestamp=3297 ms, used_size=9326592 bytes (22.8%)
(RDMA_READ_CONSUME_CHECK_CONSUMER) timestamp=3297 ms, used_size=9324544 bytes (22.8%)
(RDMA_READ_CONSUME_CHECK_CONSUMER) timestamp=3297 ms, used_size=9322496 bytes (22.8%)
(RDMA_READ_CONSUME_CHECK_CONSUMER) timestamp=3297 ms, used_size=9320448 bytes (22.8%)
(RDMA_READ_CONSUME_CHECK_CONSUMER) timestamp=3297 ms, used_size=9318400 bytes (22.8%)
(RDMA_READ_CONSUME_CHECK_CONSUMER) timestamp=3297 ms, used_size=9316352 bytes (22.7%)
(RDMA_READ_CONSUME_CHECK_CONSUMER) timestamp=3297 ms, used_size=9314304 bytes (22.7%)
(RDMA_READ_CONSUME_CHECK_CONSUMER) timestamp=3297 ms, used_size=9312256 bytes (22.7%)
(RDMA_READ_CONSUME_CHECK_CONSUMER) timestamp=3297 ms, used_size=9310208 bytes (22.7%)
(RDMA_READ_CONSUME_CHECK_CONSUMER) timestamp=3297 ms, used_size=9308160 bytes (22.7%)
(RDMA_READ_CONSUME_CHECK_CONSUMER) timestamp=3297 ms, used_size=9306112 bytes (22.7%)
(RDMA_READ_CONSUME_CHECK_CONSUMER) timestamp=3297 ms, used_size=9304064 bytes (22.7%)
(RDMA_READ_CONSUME_CHECK_CONSUMER) timestamp=3297 ms, used_size=9302016 bytes (22.7%)
(RDMA_READ_CONSUME_CHECK_CONSUMER) timestamp=3297 ms, used_size=9299968 bytes (22.7%)
(RDMA_READ_CONSUME_CHECK_CONSUMER) timestamp=3297 ms, used_size=9297920 bytes (22.7%)
(RDMA_READ_CONSUME_CHECK_CONSUMER) timestamp=3297 ms, used_size=9295872 bytes (22.7%)
(RDMA_READ_CONSUME_CHECK_CONSUMER) timestamp=3297 ms, used_size=9293824 bytes (22.7%)
(RDMA_READ_CONSUME_CHECK_CONSUMER) timestamp=3297 ms, used_size=9291776 bytes (22.7%)
(RDMA_READ_CONSUME_CHECK_CONSUMER) timestamp=3297 ms, used_size=9289728 bytes (22.7%)
(RDMA_READ_CONSUME_CHECK_CONSUMER) timestamp=3297 ms, used_size=9287680 bytes (22.7%)
(RDMA_READ_CONSUME_CHECK_CONSUMER) timestamp=3297 ms, used_size=9285632 bytes (22.7%)
(RDMA_READ_CONSUME_CHECK_CONSUMER) timestamp=3297 ms, used_size=9283584 bytes (22.7%)
(RDMA_READ_CONSUME_CHECK_CONSUMER) timestamp=3297 ms, used_size=9281536 bytes (22.7%)
(RDMA_READ_CONSUME_CHECK_CONSUMER) timestamp=3297 ms, used_size=9279488 bytes (22.7%)
(RDMA_READ_CONSUME_CHECK_CONSUMER) timestamp=3297 ms, used_size=9277440 bytes (22.6%)
(RDMA_READ_CONSUME_CHECK_CONSUMER) timestamp=3297 ms, used_size=9275392 bytes (22.6%)
(RDMA_READ_CONSUME_CHECK_CONSUMER) timestamp=3297 ms, used_size=9273344 bytes (22.6%)
(RDMA_READ_CONSUME_CHECK_CONSUMER) timestamp=3297 ms, used_size=9271296 bytes (22.6%)
(RDMA_READ_CONSUME_CHECK_CONSUMER) timestamp=3297 ms, used_size=9269248 bytes (22.6%)
(RDMA_READ_CONSUME_CHECK_CONSUMER) timestamp=3297 ms, used_size=9267200 bytes (22.6%)
(RDMA_READ_CONSUME_CHECK_CONSUMER) timestamp=3297 ms, used_size=9265152 bytes (22.6%)
(RDMA_READ_CONSUME_CHECK_CONSUMER) timestamp=3297 ms, used_size=9263104 bytes (22.6%)
(RDMA_READ_CONSUME_CHECK_CONSUMER) timestamp=3297 ms, used_size=9261056 bytes (22.6%)
(RDMA_READ_CONSUME_CHECK_CONSUMER) timestamp=3297 ms, used_size=9259008 bytes (22.6%)
(RDMA_READ_CONSUME_CHECK_CONSUMER) timestamp=3297 ms, used_size=9256960 bytes (22.6%)
(RDMA_READ_CONSUME_CHECK_CONSUMER) timestamp=3297 ms, used_size=9254912 bytes (22.6%)
(RDMA_READ_CONSUME_CHECK_CONSUMER) timestamp=3297 ms, used_size=9252864 bytes (22.6%)
(RDMA_READ_CONSUME_CHECK_CONSUMER) timestamp=3297 ms, used_size=9250816 bytes (22.6%)
(RDMA_READ_CONSUME_CHECK_CONSUMER) timestamp=3297 ms, used_size=9248768 bytes (22.6%)
(RDMA_READ_CONSUME_CHECK_CONSUMER) timestamp=3297 ms, used_size=9246720 bytes (22.6%)
(RDMA_READ_CONSUME_CHECK_CONSUMER) timestamp=3297 ms, used_size=9244672 bytes (22.6%)
(RDMA_READ_CONSUME_CHECK_CONSUMER) timestamp=3297 ms, used_size=9242624 bytes (22.6%)
(RDMA_READ_CONSUME_CHECK_CONSUMER) timestamp=3297 ms, used_size=9240576 bytes (22.6%)
(RDMA_READ_CONSUME_CHECK_CONSUMER) timestamp=3297 ms, used_size=9238528 bytes (22.6%)
(RDMA_READ_CONSUME_CHECK_CONSUMER) timestamp=3297 ms, used_size=9236480 bytes (22.6%)
(RDMA_READ_CONSUME_CHECK_CONSUMER) timestamp=3297 ms, used_size=9234432 bytes (22.5%)
(RDMA_READ_CONSUME_CHECK_CONSUMER) timestamp=3297 ms, used_size=9232384 bytes (22.5%)
(RDMA_READ_CONSUME_CHECK_CONSUMER) timestamp=3297 ms, used_size=9230336 bytes (22.5%)
(RDMA_READ_CONSUME_CHECK_CONSUMER) timestamp=3297 ms, used_size=9228288 bytes (22.5%)
(RDMA_READ_CONSUME_CHECK_CONSUMER) timestamp=3297 ms, used_size=9226240 bytes (22.5%)
(RDMA_READ_CONSUME_CHECK_CONSUMER) timestamp=3297 ms, used_size=9224192 bytes (22.5%)
(RDMA_READ_CONSUME_CHECK_CONSUMER) timestamp=3297 ms, used_size=9222144 bytes (22.5%)
(RDMA_READ_CONSUME_CHECK_CONSUMER) timestamp=3297 ms, used_size=9220096 bytes (22.5%)
(RDMA_READ_CONSUME_CHECK_CONSUMER) timestamp=3297 ms, used_size=9218048 bytes (22.5%)
(RDMA_READ_CONSUME_CHECK_CONSUMER) timestamp=3297 ms, used_size=9216000 bytes (22.5%)
(RDMA_READ_CONSUME_CHECK_CONSUMER) timestamp=3297 ms, used_size=9213952 bytes (22.5%)
(RDMA_READ_CONSUME_CHECK_CONSUMER) timestamp=3297 ms, used_size=9211904 bytes (22.5%)
(RDMA_READ_CONSUME_CHECK_CONSUMER) timestamp=3297 ms, used_size=9209856 bytes (22.5%)
(RDMA_READ_CONSUME_CHECK_CONSUMER) timestamp=3297 ms, used_size=9207808 bytes (22.5%)
(RDMA_READ_CONSUME_CHECK_CONSUMER) timestamp=3297 ms, used_size=9205760 bytes (22.5%)
(RDMA_READ_CONSUME_CHECK_CONSUMER) timestamp=3297 ms, used_size=9203712 bytes (22.5%)
(RDMA_READ_CONSUME_CHECK_CONSUMER) timestamp=3297 ms, used_size=9201664 bytes (22.5%)
(RDMA_READ_CONSUME_CHECK_CONSUMER) timestamp=3297 ms, used_size=9199616 bytes (22.5%)
(RDMA_READ_CONSUME_CHECK_CONSUMER) timestamp=3297 ms, used_size=9197568 bytes (22.5%)
(RDMA_READ_CONSUME_CHECK_CONSUMER) timestamp=3297 ms, used_size=9195520 bytes (22.4%)
(RDMA_READ_CONSUME_CHECK_CONSUMER) timestamp=3297 ms, used_size=9193472 bytes (22.4%)
(RDMA_READ_CONSUME_CHECK_CONSUMER) timestamp=3297 ms, used_size=9191424 bytes (22.4%)
(RDMA_READ_CONSUME_CHECK_CONSUMER) timestamp=3297 ms, used_size=9189376 bytes (22.4%)
(RDMA_READ_CONSUME_CHECK_CONSUMER) timestamp=3297 ms, used_size=9187328 bytes (22.4%)
(RDMA_READ_CONSUME_CHECK_CONSUMER) timestamp=3297 ms, used_size=9185280 bytes (22.4%)
(RDMA_READ_CONSUME_CHECK_CONSUMER) timestamp=3297 ms, used_size=9183232 bytes (22.4%)
(RDMA_READ_CONSUME_CHECK_CONSUMER) timestamp=3297 ms, used_size=9181184 bytes (22.4%)
(RDMA_READ_CONSUME_CHECK_CONSUMER) timestamp=3297 ms, used_size=9179136 bytes (22.4%)
(RDMA_READ_CONSUME_CHECK_CONSUMER) timestamp=3297 ms, used_size=9177088 bytes (22.4%)
(RDMA_READ_CONSUME_CHECK_CONSUMER) timestamp=3297 ms, used_size=9175040 bytes (22.4%)
(RDMA_READ_CONSUME_CHECK_CONSUMER) timestamp=3297 ms, used_size=9172992 bytes (22.4%)
(RDMA_READ_CONSUME_CHECK_CONSUMER) timestamp=3297 ms, used_size=9170944 bytes (22.4%)
(RDMA_READ_CONSUME_CHECK_CONSUMER) timestamp=3297 ms, used_size=9168896 bytes (22.4%)
(RDMA_READ_CONSUME_CHECK_CONSUMER) timestamp=3297 ms, used_size=9166848 bytes (22.4%)
(RDMA_READ_CONSUME_CHECK_CONSUMER) timestamp=3297 ms, used_size=9164800 bytes (22.4%)
(RDMA_READ_CONSUME_CHECK_CONSUMER) timestamp=3297 ms, used_size=9162752 bytes (22.4%)
(RDMA_READ_CONSUME_CHECK_CONSUMER) timestamp=3297 ms, used_size=9160704 bytes (22.4%)
(RDMA_READ_CONSUME_CHECK_CONSUMER) timestamp=3297 ms, used_size=9158656 bytes (22.4%)
(RDMA_READ_CONSUME_CHECK_CONSUMER) timestamp=3297 ms, used_size=9156608 bytes (22.4%)
(RDMA_READ_CONSUME_CHECK_CONSUMER) timestamp=3297 ms, used_size=9154560 bytes (22.4%)
(RDMA_READ_CONSUME_CHECK_CONSUMER) timestamp=3297 ms, used_size=9152512 bytes (22.3%)
(RDMA_READ_CONSUME_CHECK_CONSUMER) timestamp=3297 ms, used_size=9150464 bytes (22.3%)
(RDMA_READ_CONSUME_CHECK_CONSUMER) timestamp=3297 ms, used_size=9148416 bytes (22.3%)
(RDMA_READ_CONSUME_CHECK_CONSUMER) timestamp=3297 ms, used_size=9146368 bytes (22.3%)
(RDMA_READ_CONSUME_CHECK_CONSUMER) timestamp=3297 ms, used_size=9144320 bytes (22.3%)
(RDMA_READ_CONSUME_CHECK_CONSUMER) timestamp=3297 ms, used_size=9142272 bytes (22.3%)
(RDMA_READ_CONSUME_CHECK_CONSUMER) timestamp=3297 ms, used_size=9140224 bytes (22.3%)
(RDMA_READ_CONSUME_CHECK_CONSUMER) timestamp=3297 ms, used_size=9138176 bytes (22.3%)
(RDMA_READ_CONSUME_CHECK_CONSUMER) timestamp=3297 ms, used_size=9136128 bytes (22.3%)
(RDMA_READ_CONSUME_CHECK_CONSUMER) timestamp=3297 ms, used_size=9134080 bytes (22.3%)
(RDMA_READ_CONSUME_CHECK_CONSUMER) timestamp=3297 ms, used_size=9132032 bytes (22.3%)
(RDMA_READ_CONSUME_CHECK_CONSUMER) timestamp=3297 ms, used_size=9129984 bytes (22.3%)
(RDMA_READ_CONSUME_CHECK_CONSUMER) timestamp=3297 ms, used_size=9127936 bytes (22.3%)
(RDMA_READ_CONSUME_CHECK_CONSUMER) timestamp=3297 ms, used_size=9125888 bytes (22.3%)
(RDMA_READ_CONSUME_CHECK_CONSUMER) timestamp=3297 ms, used_size=9123840 bytes (22.3%)
(RDMA_READ_CONSUME_CHECK_CONSUMER) timestamp=3297 ms, used_size=9121792 bytes (22.3%)
(RDMA_READ_CONSUME_CHECK_CONSUMER) timestamp=3297 ms, used_size=9119744 bytes (22.3%)
(RDMA_READ_CONSUME_CHECK_CONSUMER) timestamp=3297 ms, used_size=9117696 bytes (22.3%)
(RDMA_READ_CONSUME_CHECK_CONSUMER) timestamp=3297 ms, used_size=9115648 bytes (22.3%)
(RDMA_READ_CONSUME_CHECK_CONSUMER) timestamp=3297 ms, used_size=9113600 bytes (22.2%)
(RDMA_READ_CONSUME_CHECK_CONSUMER) timestamp=3297 ms, used_size=9111552 bytes (22.2%)
(RDMA_READ_CONSUME_CHECK_CONSUMER) timestamp=3297 ms, used_size=9109504 bytes (22.2%)
(RDMA_READ_CONSUME_CHECK_CONSUMER) timestamp=3297 ms, used_size=9107456 bytes (22.2%)
(RDMA_READ_CONSUME_CHECK_CONSUMER) timestamp=3297 ms, used_size=9105408 bytes (22.2%)
(RDMA_READ_CONSUME_CHECK_CONSUMER) timestamp=3298 ms, used_size=9103360 bytes (22.2%)
(RDMA_READ_CONSUME_CHECK_CONSUMER) timestamp=3298 ms, used_size=9101312 bytes (22.2%)
(RDMA_READ_CONSUME_CHECK_CONSUMER) timestamp=3298 ms, used_size=9099264 bytes (22.2%)
(RDMA_READ_CONSUME_CHECK_CONSUMER) timestamp=3298 ms, used_size=9097216 bytes (22.2%)
(RDMA_READ_CONSUME_CHECK_CONSUMER) timestamp=3298 ms, used_size=9095168 bytes (22.2%)
(RDMA_READ_CONSUME_CHECK_CONSUMER) timestamp=3298 ms, used_size=9093120 bytes (22.2%)
(RDMA_READ_CONSUME_CHECK_CONSUMER) timestamp=3298 ms, used_size=9091072 bytes (22.2%)
(RDMA_READ_CONSUME_CHECK_CONSUMER) timestamp=3298 ms, used_size=9089024 bytes (22.2%)
(RDMA_READ_CONSUME_CHECK_CONSUMER) timestamp=3298 ms, used_size=9086976 bytes (22.2%)
(RDMA_READ_CONSUME_CHECK_CONSUMER) timestamp=3298 ms, used_size=9084928 bytes (22.2%)
(RDMA_READ_CONSUME_CHECK_CONSUMER) timestamp=3298 ms, used_size=9082880 bytes (22.2%)
(RDMA_READ_CONSUME_CHECK_CONSUMER) timestamp=3298 ms, used_size=9080832 bytes (22.2%)
(RDMA_READ_CONSUME_CHECK_CONSUMER) timestamp=3298 ms, used_size=9078784 bytes (22.2%)
(RDMA_READ_CONSUME_CHECK_CONSUMER) timestamp=3298 ms, used_size=9076736 bytes (22.2%)
(RDMA_READ_CONSUME_CHECK_CONSUMER) timestamp=3298 ms, used_size=9074688 bytes (22.2%)
(RDMA_READ_CONSUME_CHECK_CONSUMER) timestamp=3298 ms, used_size=9072640 bytes (22.1%)
(RDMA_READ_CONSUME_CHECK_CONSUMER) timestamp=3298 ms, used_size=9070592 bytes (22.1%)
(RDMA_READ_CONSUME_CHECK_CONSUMER) timestamp=3298 ms, used_size=9068544 bytes (22.1%)
(RDMA_READ_CONSUME_CHECK_CONSUMER) timestamp=3298 ms, used_size=9066496 bytes (22.1%)
(RDMA_READ_CONSUME_CHECK_CONSUMER) timestamp=3298 ms, used_size=9064448 bytes (22.1%)
(RDMA_READ_CONSUME_CHECK_CONSUMER) timestamp=3298 ms, used_size=9062400 bytes (22.1%)
(RDMA_READ_CONSUME_CHECK_CONSUMER) timestamp=3298 ms, used_size=9060352 bytes (22.1%)
(RDMA_READ_CONSUME_CHECK_CONSUMER) timestamp=3298 ms, used_size=9058304 bytes (22.1%)
(RDMA_READ_CONSUME_CHECK_CONSUMER) timestamp=3298 ms, used_size=9056256 bytes (22.1%)
(RDMA_READ_CONSUME_CHECK_CONSUMER) timestamp=3298 ms, used_size=9054208 bytes (22.1%)
(RDMA_READ_CONSUME_CHECK_CONSUMER) timestamp=3298 ms, used_size=9052160 bytes (22.1%)
(RDMA_READ_CONSUME_CHECK_CONSUMER) timestamp=3298 ms, used_size=9050112 bytes (22.1%)
(RDMA_READ_CONSUME_CHECK_CONSUMER) timestamp=3298 ms, used_size=9048064 bytes (22.1%)
(RDMA_READ_CONSUME_CHECK_CONSUMER) timestamp=3298 ms, used_size=9046016 bytes (22.1%)
(RDMA_READ_CONSUME_CHECK_CONSUMER) timestamp=3298 ms, used_size=9043968 bytes (22.1%)
(RDMA_READ_CONSUME_CHECK_CONSUMER) timestamp=3298 ms, used_size=9041920 bytes (22.1%)
(RDMA_READ_CONSUME_CHECK_CONSUMER) timestamp=3298 ms, used_size=9039872 bytes (22.1%)
(RDMA_READ_CONSUME_CHECK_CONSUMER) timestamp=3298 ms, used_size=9037824 bytes (22.1%)
(RDMA_READ_CONSUME_CHECK_CONSUMER) timestamp=3298 ms, used_size=9035776 bytes (22.1%)
(RDMA_READ_CONSUME_CHECK_CONSUMER) timestamp=3298 ms, used_size=9033728 bytes (22.1%)
(RDMA_READ_CONSUME_CHECK_CONSUMER) timestamp=3298 ms, used_size=9031680 bytes (22.1%)
(RDMA_READ_CONSUME_CHECK_CONSUMER) timestamp=3298 ms, used_size=9029632 bytes (22.0%)
(RDMA_READ_CONSUME_CHECK_CONSUMER) timestamp=3298 ms, used_size=9027584 bytes (22.0%)
(RDMA_READ_CONSUME_CHECK_CONSUMER) timestamp=3298 ms, used_size=9025536 bytes (22.0%)
(RDMA_READ_CONSUME_CHECK_CONSUMER) timestamp=3298 ms, used_size=9023488 bytes (22.0%)
(RDMA_READ_CONSUME_CHECK_CONSUMER) timestamp=3298 ms, used_size=9021440 bytes (22.0%)
(RDMA_READ_CONSUME_CHECK_CONSUMER) timestamp=3298 ms, used_size=9019392 bytes (22.0%)
(RDMA_READ_CONSUME_CHECK_CONSUMER) timestamp=3298 ms, used_size=9017344 bytes (22.0%)
(RDMA_READ_CONSUME_CHECK_CONSUMER) timestamp=3298 ms, used_size=9015296 bytes (22.0%)
(RDMA_READ_CONSUME_CHECK_CONSUMER) timestamp=3298 ms, used_size=9013248 bytes (22.0%)
(RDMA_READ_CONSUME_CHECK_CONSUMER) timestamp=3298 ms, used_size=9011200 bytes (22.0%)
(RDMA_READ_CONSUME_CHECK_CONSUMER) timestamp=3298 ms, used_size=9009152 bytes (22.0%)
(RDMA_READ_CONSUME_CHECK_CONSUMER) timestamp=3298 ms, used_size=9007104 bytes (22.0%)
(RDMA_READ_CONSUME_CHECK_CONSUMER) timestamp=3298 ms, used_size=9005056 bytes (22.0%)
(RDMA_READ_CONSUME_CHECK_CONSUMER) timestamp=3298 ms, used_size=9003008 bytes (22.0%)
(RDMA_READ_CONSUME_CHECK_CONSUMER) timestamp=3298 ms, used_size=9000960 bytes (22.0%)
(RDMA_READ_CONSUME_CHECK_CONSUMER) timestamp=3298 ms, used_size=8998912 bytes (22.0%)
(RDMA_READ_CONSUME_CHECK_CONSUMER) timestamp=3298 ms, used_size=8996864 bytes (22.0%)
(RDMA_READ_CONSUME_CHECK_CONSUMER) timestamp=3298 ms, used_size=8994816 bytes (22.0%)
(RDMA_READ_CONSUME_CHECK_CONSUMER) timestamp=3298 ms, used_size=8992768 bytes (22.0%)
(RDMA_READ_CONSUME_CHECK_CONSUMER) timestamp=3298 ms, used_size=8990720 bytes (21.9%)
(RDMA_READ_CONSUME_CHECK_CONSUMER) timestamp=3298 ms, used_size=8988672 bytes (21.9%)
(RDMA_READ_CONSUME_CHECK_CONSUMER) timestamp=3298 ms, used_size=8986624 bytes (21.9%)
(RDMA_READ_CONSUME_CHECK_CONSUMER) timestamp=3298 ms, used_size=8984576 bytes (21.9%)
(RDMA_READ_CONSUME_CHECK_CONSUMER) timestamp=3298 ms, used_size=8982528 bytes (21.9%)
(RDMA_READ_CONSUME_CHECK_CONSUMER) timestamp=3298 ms, used_size=8980480 bytes (21.9%)
(RDMA_READ_CONSUME_CHECK_CONSUMER) timestamp=3298 ms, used_size=8978432 bytes (21.9%)
(RDMA_READ_CONSUME_CHECK_CONSUMER) timestamp=3298 ms, used_size=8976384 bytes (21.9%)
(RDMA_READ_CONSUME_CHECK_CONSUMER) timestamp=3298 ms, used_size=8974336 bytes (21.9%)
(RDMA_READ_CONSUME_CHECK_CONSUMER) timestamp=3298 ms, used_size=8972288 bytes (21.9%)
(RDMA_READ_CONSUME_CHECK_CONSUMER) timestamp=3298 ms, used_size=8970240 bytes (21.9%)
(RDMA_READ_CONSUME_CHECK_CONSUMER) timestamp=3298 ms, used_size=8968192 bytes (21.9%)
(RDMA_READ_CONSUME_CHECK_CONSUMER) timestamp=3298 ms, used_size=8966144 bytes (21.9%)
(RDMA_READ_CONSUME_CHECK_CONSUMER) timestamp=3298 ms, used_size=8964096 bytes (21.9%)
(RDMA_READ_CONSUME_CHECK_CONSUMER) timestamp=3298 ms, used_size=8962048 bytes (21.9%)
(RDMA_READ_CONSUME_CHECK_CONSUMER) timestamp=3298 ms, used_size=8960000 bytes (21.9%)
(RDMA_READ_CONSUME_CHECK_CONSUMER) timestamp=3298 ms, used_size=8957952 bytes (21.9%)
(RDMA_READ_CONSUME_CHECK_CONSUMER) timestamp=3298 ms, used_size=8955904 bytes (21.9%)
(RDMA_READ_CONSUME_CHECK_CONSUMER) timestamp=3298 ms, used_size=8953856 bytes (21.9%)
(RDMA_READ_CONSUME_CHECK_CONSUMER) timestamp=3298 ms, used_size=8951808 bytes (21.9%)
(RDMA_READ_CONSUME_CHECK_CONSUMER) timestamp=3298 ms, used_size=8949760 bytes (21.9%)
(RDMA_READ_CONSUME_CHECK_CONSUMER) timestamp=3298 ms, used_size=8947712 bytes (21.8%)
(RDMA_READ_CONSUME_CHECK_CONSUMER) timestamp=3298 ms, used_size=8945664 bytes (21.8%)
(RDMA_READ_CONSUME_CHECK_CONSUMER) timestamp=3298 ms, used_size=8943616 bytes (21.8%)
(RDMA_READ_CONSUME_CHECK_CONSUMER) timestamp=3298 ms, used_size=8941568 bytes (21.8%)
(RDMA_READ_CONSUME_CHECK_CONSUMER) timestamp=3298 ms, used_size=8939520 bytes (21.8%)
(RDMA_READ_CONSUME_CHECK_CONSUMER) timestamp=3298 ms, used_size=8937472 bytes (21.8%)
(RDMA_READ_CONSUME_CHECK_CONSUMER) timestamp=3298 ms, used_size=8935424 bytes (21.8%)
(RDMA_READ_CONSUME_CHECK_CONSUMER) timestamp=3298 ms, used_size=8933376 bytes (21.8%)
(RDMA_READ_CONSUME_CHECK_CONSUMER) timestamp=3298 ms, used_size=8931328 bytes (21.8%)
(RDMA_READ_CONSUME_CHECK_CONSUMER) timestamp=3298 ms, used_size=8929280 bytes (21.8%)
(RDMA_READ_CONSUME_CHECK_CONSUMER) timestamp=3298 ms, used_size=8927232 bytes (21.8%)
(RDMA_READ_CONSUME_CHECK_CONSUMER) timestamp=3298 ms, used_size=8925184 bytes (21.8%)
(RDMA_READ_CONSUME_CHECK_CONSUMER) timestamp=3298 ms, used_size=8923136 bytes (21.8%)
(RDMA_READ_CONSUME_CHECK_CONSUMER) timestamp=3298 ms, used_size=8921088 bytes (21.8%)
(RDMA_READ_CONSUME_CHECK_CONSUMER) timestamp=3298 ms, used_size=8919040 bytes (21.8%)
(RDMA_READ_CONSUME_CHECK_CONSUMER) timestamp=3298 ms, used_size=8916992 bytes (21.8%)
(RDMA_READ_CONSUME_CHECK_CONSUMER) timestamp=3298 ms, used_size=8914944 bytes (21.8%)
(RDMA_READ_CONSUME_CHECK_CONSUMER) timestamp=3298 ms, used_size=8912896 bytes (21.8%)
(RDMA_READ_CONSUME_CHECK_CONSUMER) timestamp=3298 ms, used_size=8910848 bytes (21.8%)
(RDMA_READ_CONSUME_CHECK_CONSUMER) timestamp=3298 ms, used_size=8908800 bytes (21.8%)
(RDMA_READ_CONSUME_CHECK_CONSUMER) timestamp=3298 ms, used_size=8906752 bytes (21.7%)
(RDMA_READ_CONSUME_CHECK_CONSUMER) timestamp=3298 ms, used_size=8904704 bytes (21.7%)
(RDMA_READ_CONSUME_CHECK_CONSUMER) timestamp=3298 ms, used_size=8902656 bytes (21.7%)
(RDMA_READ_CONSUME_CHECK_CONSUMER) timestamp=3298 ms, used_size=8900608 bytes (21.7%)
(RDMA_READ_CONSUME_CHECK_CONSUMER) timestamp=3298 ms, used_size=8898560 bytes (21.7%)
(RDMA_READ_CONSUME_CHECK_CONSUMER) timestamp=3298 ms, used_size=8896512 bytes (21.7%)
(RDMA_READ_CONSUME_CHECK_CONSUMER) timestamp=3298 ms, used_size=8894464 bytes (21.7%)
(RDMA_READ_CONSUME_CHECK_CONSUMER) timestamp=3298 ms, used_size=8892416 bytes (21.7%)
(RDMA_READ_CONSUME_CHECK_CONSUMER) timestamp=3298 ms, used_size=8890368 bytes (21.7%)
(RDMA_READ_CONSUME_CHECK_CONSUMER) timestamp=3298 ms, used_size=8888320 bytes (21.7%)
(RDMA_READ_CONSUME_CHECK_CONSUMER) timestamp=3298 ms, used_size=8886272 bytes (21.7%)
(RDMA_READ_CONSUME_CHECK_CONSUMER) timestamp=3298 ms, used_size=8884224 bytes (21.7%)
(RDMA_READ_CONSUME_CHECK_CONSUMER) timestamp=3298 ms, used_size=8882176 bytes (21.7%)
(RDMA_READ_CONSUME_CHECK_CONSUMER) timestamp=3298 ms, used_size=8880128 bytes (21.7%)
(RDMA_READ_CONSUME_CHECK_CONSUMER) timestamp=3298 ms, used_size=8878080 bytes (21.7%)
(RDMA_READ_CONSUME_CHECK_CONSUMER) timestamp=3298 ms, used_size=8876032 bytes (21.7%)
(RDMA_READ_CONSUME_CHECK_CONSUMER) timestamp=3298 ms, used_size=8873984 bytes (21.7%)
(RDMA_READ_CONSUME_CHECK_CONSUMER) timestamp=3298 ms, used_size=8871936 bytes (21.7%)
(RDMA_READ_CONSUME_CHECK_CONSUMER) timestamp=3298 ms, used_size=8869888 bytes (21.7%)
(RDMA_READ_CONSUME_CHECK_CONSUMER) timestamp=3298 ms, used_size=8867840 bytes (21.6%)
(RDMA_READ_CONSUME_CHECK_CONSUMER) timestamp=3298 ms, used_size=8865792 bytes (21.6%)
(RDMA_READ_CONSUME_CHECK_CONSUMER) timestamp=3298 ms, used_size=8863744 bytes (21.6%)
(RDMA_READ_CONSUME_CHECK_CONSUMER) timestamp=3298 ms, used_size=8861696 bytes (21.6%)
(RDMA_READ_CONSUME_CHECK_CONSUMER) timestamp=3298 ms, used_size=8859648 bytes (21.6%)
(RDMA_READ_CONSUME_CHECK_CONSUMER) timestamp=3298 ms, used_size=8857600 bytes (21.6%)
(RDMA_READ_CONSUME_CHECK_CONSUMER) timestamp=3298 ms, used_size=8855552 bytes (21.6%)
(RDMA_READ_CONSUME_CHECK_CONSUMER) timestamp=3298 ms, used_size=8853504 bytes (21.6%)
(RDMA_READ_CONSUME_CHECK_CONSUMER) timestamp=3298 ms, used_size=8851456 bytes (21.6%)
(RDMA_READ_CONSUME_CHECK_CONSUMER) timestamp=3298 ms, used_size=8849408 bytes (21.6%)
(RDMA_READ_CONSUME_CHECK_CONSUMER) timestamp=3298 ms, used_size=8847360 bytes (21.6%)
(RDMA_READ_CONSUME_CHECK_CONSUMER) timestamp=3298 ms, used_size=8845312 bytes (21.6%)
(RDMA_READ_CONSUME_CHECK_CONSUMER) timestamp=3298 ms, used_size=8843264 bytes (21.6%)
(RDMA_READ_CONSUME_CHECK_CONSUMER) timestamp=3298 ms, used_size=8841216 bytes (21.6%)
(RDMA_READ_CONSUME_CHECK_CONSUMER) timestamp=3298 ms, used_size=8839168 bytes (21.6%)
(RDMA_READ_CONSUME_CHECK_CONSUMER) timestamp=3298 ms, used_size=8837120 bytes (21.6%)
(RDMA_READ_CONSUME_CHECK_CONSUMER) timestamp=3298 ms, used_size=8835072 bytes (21.6%)
(RDMA_READ_CONSUME_CHECK_CONSUMER) timestamp=3298 ms, used_size=8833024 bytes (21.6%)
(RDMA_READ_CONSUME_CHECK_CONSUMER) timestamp=3298 ms, used_size=8830976 bytes (21.6%)
(RDMA_READ_CONSUME_CHECK_CONSUMER) timestamp=3298 ms, used_size=8828928 bytes (21.6%)
(RDMA_READ_CONSUME_CHECK_CONSUMER) timestamp=3298 ms, used_size=8826880 bytes (21.6%)
(RDMA_READ_CONSUME_CHECK_CONSUMER) timestamp=3298 ms, used_size=8824832 bytes (21.5%)
(RDMA_READ_CONSUME_CHECK_CONSUMER) timestamp=3298 ms, used_size=8822784 bytes (21.5%)
(RDMA_READ_CONSUME_CHECK_CONSUMER) timestamp=3298 ms, used_size=8820736 bytes (21.5%)
(RDMA_READ_CONSUME_CHECK_CONSUMER) timestamp=3298 ms, used_size=8818688 bytes (21.5%)
(RDMA_READ_CONSUME_CHECK_CONSUMER) timestamp=3298 ms, used_size=8816640 bytes (21.5%)
(RDMA_READ_CONSUME_CHECK_CONSUMER) timestamp=3298 ms, used_size=8814592 bytes (21.5%)
(RDMA_READ_CONSUME_CHECK_CONSUMER) timestamp=3298 ms, used_size=8812544 bytes (21.5%)
(RDMA_READ_CONSUME_CHECK_CONSUMER) timestamp=3298 ms, used_size=8810496 bytes (21.5%)
(RDMA_READ_CONSUME_CHECK_CONSUMER) timestamp=3298 ms, used_size=8808448 bytes (21.5%)
(RDMA_READ_CONSUME_CHECK_CONSUMER) timestamp=3298 ms, used_size=8806400 bytes (21.5%)
(RDMA_READ_CONSUME_CHECK_CONSUMER) timestamp=3298 ms, used_size=8804352 bytes (21.5%)
(RDMA_READ_CONSUME_CHECK_CONSUMER) timestamp=3298 ms, used_size=8802304 bytes (21.5%)
(RDMA_READ_CONSUME_CHECK_CONSUMER) timestamp=3298 ms, used_size=8800256 bytes (21.5%)
(RDMA_READ_CONSUME_CHECK_CONSUMER) timestamp=3298 ms, used_size=8798208 bytes (21.5%)
(RDMA_READ_CONSUME_CHECK_CONSUMER) timestamp=3298 ms, used_size=8796160 bytes (21.5%)
(RDMA_READ_CONSUME_CHECK_CONSUMER) timestamp=3298 ms, used_size=8794112 bytes (21.5%)
(RDMA_READ_CONSUME_CHECK_CONSUMER) timestamp=3298 ms, used_size=8792064 bytes (21.5%)
(RDMA_READ_CONSUME_CHECK_CONSUMER) timestamp=3298 ms, used_size=8790016 bytes (21.5%)
(RDMA_READ_CONSUME_CHECK_CONSUMER) timestamp=3298 ms, used_size=8787968 bytes (21.5%)
(RDMA_READ_CONSUME_CHECK_CONSUMER) timestamp=3298 ms, used_size=8785920 bytes (21.4%)
(RDMA_READ_CONSUME_CHECK_CONSUMER) timestamp=3298 ms, used_size=8783872 bytes (21.4%)
(RDMA_READ_CONSUME_CHECK_CONSUMER) timestamp=3298 ms, used_size=8781824 bytes (21.4%)
(RDMA_READ_CONSUME_CHECK_CONSUMER) timestamp=3298 ms, used_size=8779776 bytes (21.4%)
(RDMA_READ_CONSUME_CHECK_CONSUMER) timestamp=3298 ms, used_size=8777728 bytes (21.4%)
(RDMA_READ_CONSUME_CHECK_CONSUMER) timestamp=3298 ms, used_size=8775680 bytes (21.4%)
(RDMA_READ_CONSUME_CHECK_CONSUMER) timestamp=3298 ms, used_size=8773632 bytes (21.4%)
(RDMA_READ_CONSUME_CHECK_CONSUMER) timestamp=3298 ms, used_size=8771584 bytes (21.4%)
(RDMA_READ_CONSUME_CHECK_CONSUMER) timestamp=3298 ms, used_size=8769536 bytes (21.4%)
(RDMA_READ_CONSUME_CHECK_CONSUMER) timestamp=3298 ms, used_size=8767488 bytes (21.4%)
(RDMA_READ_CONSUME_CHECK_CONSUMER) timestamp=3298 ms, used_size=8765440 bytes (21.4%)
(RDMA_READ_CONSUME_CHECK_CONSUMER) timestamp=3298 ms, used_size=8763392 bytes (21.4%)
(RDMA_READ_CONSUME_CHECK_CONSUMER) timestamp=3298 ms, used_size=8761344 bytes (21.4%)
(RDMA_READ_CONSUME_CHECK_CONSUMER) timestamp=3298 ms, used_size=8759296 bytes (21.4%)
(RDMA_READ_CONSUME_CHECK_CONSUMER) timestamp=3298 ms, used_size=8757248 bytes (21.4%)
(RDMA_READ_CONSUME_CHECK_CONSUMER) timestamp=3298 ms, used_size=8755200 bytes (21.4%)
(RDMA_READ_CONSUME_CHECK_CONSUMER) timestamp=3298 ms, used_size=8753152 bytes (21.4%)
(RDMA_READ_CONSUME_CHECK_CONSUMER) timestamp=3298 ms, used_size=8751104 bytes (21.4%)
(RDMA_READ_CONSUME_CHECK_CONSUMER) timestamp=3298 ms, used_size=8749056 bytes (21.4%)
(RDMA_READ_CONSUME_CHECK_CONSUMER) timestamp=3298 ms, used_size=8747008 bytes (21.4%)
(RDMA_READ_CONSUME_CHECK_CONSUMER) timestamp=3298 ms, used_size=8744960 bytes (21.4%)
(RDMA_READ_CONSUME_CHECK_CONSUMER) timestamp=3298 ms, used_size=8742912 bytes (21.3%)
(RDMA_READ_CONSUME_CHECK_CONSUMER) timestamp=3298 ms, used_size=8740864 bytes (21.3%)
(RDMA_READ_CONSUME_CHECK_CONSUMER) timestamp=3298 ms, used_size=8738816 bytes (21.3%)
(RDMA_READ_CONSUME_CHECK_CONSUMER) timestamp=3298 ms, used_size=8736768 bytes (21.3%)
(RDMA_READ_CONSUME_CHECK_CONSUMER) timestamp=3298 ms, used_size=8734720 bytes (21.3%)
(RDMA_READ_CONSUME_CHECK_CONSUMER) timestamp=3298 ms, used_size=8732672 bytes (21.3%)
(RDMA_READ_CONSUME_CHECK_CONSUMER) timestamp=3299 ms, used_size=8730624 bytes (21.3%)
(RDMA_READ_CONSUME_CHECK_CONSUMER) timestamp=3299 ms, used_size=8728576 bytes (21.3%)
(RDMA_READ_CONSUME_CHECK_CONSUMER) timestamp=3299 ms, used_size=8726528 bytes (21.3%)
(RDMA_READ_CONSUME_CHECK_CONSUMER) timestamp=3299 ms, used_size=8724480 bytes (21.3%)
(RDMA_READ_CONSUME_CHECK_CONSUMER) timestamp=3299 ms, used_size=8722432 bytes (21.3%)
(RDMA_READ_CONSUME_CHECK_CONSUMER) timestamp=3299 ms, used_size=8720384 bytes (21.3%)
(RDMA_READ_CONSUME_CHECK_CONSUMER) timestamp=3299 ms, used_size=8718336 bytes (21.3%)
(RDMA_READ_CONSUME_CHECK_CONSUMER) timestamp=3299 ms, used_size=8716288 bytes (21.3%)
(RDMA_READ_CONSUME_CHECK_CONSUMER) timestamp=3299 ms, used_size=8714240 bytes (21.3%)
(RDMA_READ_CONSUME_CHECK_CONSUMER) timestamp=3299 ms, used_size=8712192 bytes (21.3%)
(RDMA_READ_CONSUME_CHECK_CONSUMER) timestamp=3299 ms, used_size=8710144 bytes (21.3%)
(RDMA_READ_CONSUME_CHECK_CONSUMER) timestamp=3299 ms, used_size=8708096 bytes (21.3%)
(RDMA_READ_CONSUME_CHECK_CONSUMER) timestamp=3299 ms, used_size=8706048 bytes (21.3%)
(RDMA_READ_CONSUME_CHECK_CONSUMER) timestamp=3299 ms, used_size=8704000 bytes (21.2%)
(RDMA_READ_CONSUME_CHECK_CONSUMER) timestamp=3299 ms, used_size=8701952 bytes (21.2%)
(RDMA_READ_CONSUME_CHECK_CONSUMER) timestamp=3299 ms, used_size=8699904 bytes (21.2%)
(RDMA_READ_CONSUME_CHECK_CONSUMER) timestamp=3299 ms, used_size=8697856 bytes (21.2%)
(RDMA_READ_CONSUME_CHECK_CONSUMER) timestamp=3299 ms, used_size=8695808 bytes (21.2%)
(RDMA_READ_CONSUME_CHECK_CONSUMER) timestamp=3299 ms, used_size=8693760 bytes (21.2%)
(RDMA_READ_CONSUME_CHECK_CONSUMER) timestamp=3299 ms, used_size=8691712 bytes (21.2%)
(RDMA_READ_CONSUME_CHECK_CONSUMER) timestamp=3299 ms, used_size=8689664 bytes (21.2%)
(RDMA_READ_CONSUME_CHECK_CONSUMER) timestamp=3299 ms, used_size=8687616 bytes (21.2%)
(RDMA_READ_CONSUME_CHECK_CONSUMER) timestamp=3299 ms, used_size=8685568 bytes (21.2%)
(RDMA_READ_CONSUME_CHECK_CONSUMER) timestamp=3299 ms, used_size=8683520 bytes (21.2%)
(RDMA_READ_CONSUME_CHECK_CONSUMER) timestamp=3299 ms, used_size=8681472 bytes (21.2%)
(RDMA_READ_CONSUME_CHECK_CONSUMER) timestamp=3299 ms, used_size=8679424 bytes (21.2%)
(RDMA_READ_CONSUME_CHECK_CONSUMER) timestamp=3299 ms, used_size=8677376 bytes (21.2%)
(RDMA_READ_CONSUME_CHECK_CONSUMER) timestamp=3299 ms, used_size=8675328 bytes (21.2%)
(RDMA_READ_CONSUME_CHECK_CONSUMER) timestamp=3299 ms, used_size=8673280 bytes (21.2%)
(RDMA_READ_CONSUME_CHECK_CONSUMER) timestamp=3299 ms, used_size=8671232 bytes (21.2%)
(RDMA_READ_CONSUME_CHECK_CONSUMER) timestamp=3299 ms, used_size=8669184 bytes (21.2%)
(RDMA_READ_CONSUME_CHECK_CONSUMER) timestamp=3299 ms, used_size=8667136 bytes (21.2%)
(RDMA_READ_CONSUME_CHECK_CONSUMER) timestamp=3299 ms, used_size=8665088 bytes (21.2%)
(RDMA_READ_CONSUME_CHECK_CONSUMER) timestamp=3299 ms, used_size=8663040 bytes (21.1%)
(RDMA_READ_CONSUME_CHECK_CONSUMER) timestamp=3299 ms, used_size=8660992 bytes (21.1%)
(RDMA_READ_CONSUME_CHECK_CONSUMER) timestamp=3299 ms, used_size=8658944 bytes (21.1%)
(RDMA_READ_CONSUME_CHECK_CONSUMER) timestamp=3299 ms, used_size=8656896 bytes (21.1%)
(RDMA_READ_CONSUME_CHECK_CONSUMER) timestamp=3299 ms, used_size=8654848 bytes (21.1%)
(RDMA_READ_CONSUME_CHECK_CONSUMER) timestamp=3299 ms, used_size=8652800 bytes (21.1%)
(RDMA_READ_CONSUME_CHECK_CONSUMER) timestamp=3299 ms, used_size=8650752 bytes (21.1%)
(RDMA_READ_CONSUME_CHECK_CONSUMER) timestamp=3299 ms, used_size=8648704 bytes (21.1%)
(RDMA_READ_CONSUME_CHECK_CONSUMER) timestamp=3299 ms, used_size=8646656 bytes (21.1%)
(RDMA_READ_CONSUME_CHECK_CONSUMER) timestamp=3299 ms, used_size=8644608 bytes (21.1%)
(RDMA_READ_CONSUME_CHECK_CONSUMER) timestamp=3299 ms, used_size=8642560 bytes (21.1%)
(RDMA_READ_CONSUME_CHECK_CONSUMER) timestamp=3299 ms, used_size=8640512 bytes (21.1%)
(RDMA_READ_CONSUME_CHECK_CONSUMER) timestamp=3299 ms, used_size=8638464 bytes (21.1%)
(RDMA_READ_CONSUME_CHECK_CONSUMER) timestamp=3299 ms, used_size=8636416 bytes (21.1%)
(RDMA_READ_CONSUME_CHECK_CONSUMER) timestamp=3299 ms, used_size=8634368 bytes (21.1%)
(RDMA_READ_CONSUME_CHECK_CONSUMER) timestamp=3299 ms, used_size=8632320 bytes (21.1%)
(RDMA_READ_CONSUME_CHECK_CONSUMER) timestamp=3299 ms, used_size=8630272 bytes (21.1%)
(RDMA_READ_CONSUME_CHECK_CONSUMER) timestamp=3299 ms, used_size=8628224 bytes (21.1%)
(RDMA_READ_CONSUME_CHECK_CONSUMER) timestamp=3299 ms, used_size=8626176 bytes (21.1%)
(RDMA_READ_CONSUME_CHECK_CONSUMER) timestamp=3299 ms, used_size=8624128 bytes (21.1%)
(RDMA_READ_CONSUME_CHECK_CONSUMER) timestamp=3299 ms, used_size=8622080 bytes (21.1%)
(RDMA_READ_CONSUME_CHECK_CONSUMER) timestamp=3299 ms, used_size=8620032 bytes (21.0%)
(RDMA_READ_CONSUME_CHECK_CONSUMER) timestamp=3299 ms, used_size=8617984 bytes (21.0%)
(RDMA_READ_CONSUME_CHECK_CONSUMER) timestamp=3299 ms, used_size=8615936 bytes (21.0%)
(RDMA_READ_CONSUME_CHECK_CONSUMER) timestamp=3299 ms, used_size=8613888 bytes (21.0%)
(RDMA_READ_CONSUME_CHECK_CONSUMER) timestamp=3299 ms, used_size=8611840 bytes (21.0%)
(RDMA_READ_CONSUME_CHECK_CONSUMER) timestamp=3299 ms, used_size=8609792 bytes (21.0%)
(RDMA_READ_CONSUME_CHECK_CONSUMER) timestamp=3299 ms, used_size=8607744 bytes (21.0%)
(RDMA_READ_CONSUME_CHECK_CONSUMER) timestamp=3299 ms, used_size=8605696 bytes (21.0%)
(RDMA_READ_CONSUME_CHECK_CONSUMER) timestamp=3299 ms, used_size=8603648 bytes (21.0%)
(RDMA_READ_CONSUME_CHECK_CONSUMER) timestamp=3299 ms, used_size=8601600 bytes (21.0%)
(RDMA_READ_CONSUME_CHECK_CONSUMER) timestamp=3299 ms, used_size=8599552 bytes (21.0%)
(RDMA_READ_CONSUME_CHECK_CONSUMER) timestamp=3299 ms, used_size=8597504 bytes (21.0%)
(RDMA_READ_CONSUME_CHECK_CONSUMER) timestamp=3299 ms, used_size=8595456 bytes (21.0%)
(RDMA_READ_CONSUME_CHECK_CONSUMER) timestamp=3299 ms, used_size=8593408 bytes (21.0%)
(RDMA_READ_CONSUME_CHECK_CONSUMER) timestamp=3299 ms, used_size=8591360 bytes (21.0%)
(RDMA_READ_CONSUME_CHECK_CONSUMER) timestamp=3299 ms, used_size=8589312 bytes (21.0%)
(RDMA_READ_CONSUME_CHECK_CONSUMER) timestamp=3299 ms, used_size=8587264 bytes (21.0%)
(RDMA_READ_CONSUME_CHECK_CONSUMER) timestamp=3299 ms, used_size=8585216 bytes (21.0%)
(RDMA_READ_CONSUME_CHECK_CONSUMER) timestamp=3299 ms, used_size=8583168 bytes (21.0%)
(RDMA_READ_CONSUME_CHECK_CONSUMER) timestamp=3299 ms, used_size=8581120 bytes (20.9%)
(RDMA_READ_CONSUME_CHECK_CONSUMER) timestamp=3299 ms, used_size=8579072 bytes (20.9%)
(RDMA_READ_CONSUME_CHECK_CONSUMER) timestamp=3299 ms, used_size=8577024 bytes (20.9%)
(RDMA_READ_CONSUME_CHECK_CONSUMER) timestamp=3299 ms, used_size=8574976 bytes (20.9%)
(RDMA_READ_CONSUME_CHECK_CONSUMER) timestamp=3299 ms, used_size=8572928 bytes (20.9%)
(RDMA_READ_CONSUME_CHECK_CONSUMER) timestamp=3299 ms, used_size=8570880 bytes (20.9%)
(RDMA_READ_CONSUME_CHECK_CONSUMER) timestamp=3299 ms, used_size=8568832 bytes (20.9%)
(RDMA_READ_CONSUME_CHECK_CONSUMER) timestamp=3299 ms, used_size=8566784 bytes (20.9%)
(RDMA_READ_CONSUME_CHECK_CONSUMER) timestamp=3299 ms, used_size=8564736 bytes (20.9%)
(RDMA_READ_CONSUME_CHECK_CONSUMER) timestamp=3299 ms, used_size=8562688 bytes (20.9%)
(RDMA_READ_CONSUME_CHECK_CONSUMER) timestamp=3299 ms, used_size=8560640 bytes (20.9%)
(RDMA_READ_CONSUME_CHECK_CONSUMER) timestamp=3299 ms, used_size=8558592 bytes (20.9%)
(RDMA_READ_CONSUME_CHECK_CONSUMER) timestamp=3299 ms, used_size=8556544 bytes (20.9%)
(RDMA_READ_CONSUME_CHECK_CONSUMER) timestamp=3299 ms, used_size=8554496 bytes (20.9%)
(RDMA_READ_CONSUME_CHECK_CONSUMER) timestamp=3299 ms, used_size=8552448 bytes (20.9%)
(RDMA_READ_CONSUME_CHECK_CONSUMER) timestamp=3299 ms, used_size=8550400 bytes (20.9%)
(RDMA_READ_CONSUME_CHECK_CONSUMER) timestamp=3299 ms, used_size=8548352 bytes (20.9%)
(RDMA_READ_CONSUME_CHECK_CONSUMER) timestamp=3299 ms, used_size=8546304 bytes (20.9%)
(RDMA_READ_CONSUME_CHECK_CONSUMER) timestamp=3299 ms, used_size=8544256 bytes (20.9%)
(RDMA_READ_CONSUME_CHECK_CONSUMER) timestamp=3299 ms, used_size=8542208 bytes (20.9%)
(RDMA_READ_CONSUME_CHECK_CONSUMER) timestamp=3299 ms, used_size=8540160 bytes (20.9%)
(RDMA_READ_CONSUME_CHECK_CONSUMER) timestamp=3299 ms, used_size=8538112 bytes (20.8%)
(RDMA_READ_CONSUME_CHECK_CONSUMER) timestamp=3299 ms, used_size=8536064 bytes (20.8%)
(RDMA_READ_CONSUME_CHECK_CONSUMER) timestamp=3299 ms, used_size=8534016 bytes (20.8%)
(RDMA_READ_CONSUME_CHECK_CONSUMER) timestamp=3299 ms, used_size=8531968 bytes (20.8%)
(RDMA_READ_CONSUME_CHECK_CONSUMER) timestamp=3299 ms, used_size=8529920 bytes (20.8%)
(RDMA_READ_CONSUME_CHECK_CONSUMER) timestamp=3299 ms, used_size=8527872 bytes (20.8%)
(RDMA_READ_CONSUME_CHECK_CONSUMER) timestamp=3299 ms, used_size=8525824 bytes (20.8%)
(RDMA_READ_CONSUME_CHECK_CONSUMER) timestamp=3299 ms, used_size=8523776 bytes (20.8%)
(RDMA_READ_CONSUME_CHECK_CONSUMER) timestamp=3299 ms, used_size=8521728 bytes (20.8%)
(RDMA_READ_CONSUME_CHECK_CONSUMER) timestamp=3299 ms, used_size=8519680 bytes (20.8%)
(RDMA_READ_CONSUME_CHECK_CONSUMER) timestamp=3299 ms, used_size=8517632 bytes (20.8%)
(RDMA_READ_CONSUME_CHECK_CONSUMER) timestamp=3299 ms, used_size=8515584 bytes (20.8%)
(RDMA_READ_CONSUME_CHECK_CONSUMER) timestamp=3299 ms, used_size=8513536 bytes (20.8%)
(RDMA_READ_CONSUME_CHECK_CONSUMER) timestamp=3299 ms, used_size=8511488 bytes (20.8%)
(RDMA_READ_CONSUME_CHECK_CONSUMER) timestamp=3299 ms, used_size=8509440 bytes (20.8%)
(RDMA_READ_CONSUME_CHECK_CONSUMER) timestamp=3299 ms, used_size=8507392 bytes (20.8%)
(RDMA_READ_CONSUME_CHECK_CONSUMER) timestamp=3299 ms, used_size=8505344 bytes (20.8%)
(RDMA_READ_CONSUME_CHECK_CONSUMER) timestamp=3299 ms, used_size=8503296 bytes (20.8%)
(RDMA_READ_CONSUME_CHECK_CONSUMER) timestamp=3299 ms, used_size=8501248 bytes (20.8%)
(RDMA_READ_CONSUME_CHECK_CONSUMER) timestamp=3299 ms, used_size=8499200 bytes (20.8%)
(RDMA_READ_CONSUME_CHECK_CONSUMER) timestamp=3299 ms, used_size=8497152 bytes (20.7%)
(RDMA_READ_CONSUME_CHECK_CONSUMER) timestamp=3299 ms, used_size=8495104 bytes (20.7%)
(RDMA_READ_CONSUME_CHECK_CONSUMER) timestamp=3299 ms, used_size=8493056 bytes (20.7%)
(RDMA_READ_CONSUME_CHECK_CONSUMER) timestamp=3299 ms, used_size=8491008 bytes (20.7%)
(RDMA_READ_CONSUME_CHECK_CONSUMER) timestamp=3299 ms, used_size=8488960 bytes (20.7%)
(RDMA_READ_CONSUME_CHECK_CONSUMER) timestamp=3299 ms, used_size=8486912 bytes (20.7%)
(RDMA_READ_CONSUME_CHECK_CONSUMER) timestamp=3299 ms, used_size=8484864 bytes (20.7%)
(RDMA_READ_CONSUME_CHECK_CONSUMER) timestamp=3299 ms, used_size=8482816 bytes (20.7%)
(RDMA_READ_CONSUME_CHECK_CONSUMER) timestamp=3299 ms, used_size=8480768 bytes (20.7%)
(RDMA_READ_CONSUME_CHECK_CONSUMER) timestamp=3299 ms, used_size=8478720 bytes (20.7%)
(RDMA_READ_CONSUME_CHECK_CONSUMER) timestamp=3299 ms, used_size=8476672 bytes (20.7%)
(RDMA_READ_CONSUME_CHECK_CONSUMER) timestamp=3299 ms, used_size=8474624 bytes (20.7%)
(RDMA_READ_CONSUME_CHECK_CONSUMER) timestamp=3299 ms, used_size=8472576 bytes (20.7%)
(RDMA_READ_CONSUME_CHECK_CONSUMER) timestamp=3299 ms, used_size=8470528 bytes (20.7%)
(RDMA_READ_CONSUME_CHECK_CONSUMER) timestamp=3299 ms, used_size=8468480 bytes (20.7%)
(RDMA_READ_CONSUME_CHECK_CONSUMER) timestamp=3299 ms, used_size=8466432 bytes (20.7%)
(RDMA_READ_CONSUME_CHECK_CONSUMER) timestamp=3299 ms, used_size=8464384 bytes (20.7%)
(RDMA_READ_CONSUME_CHECK_CONSUMER) timestamp=3299 ms, used_size=8462336 bytes (20.7%)
(RDMA_READ_CONSUME_CHECK_CONSUMER) timestamp=3299 ms, used_size=8460288 bytes (20.7%)
(RDMA_READ_CONSUME_CHECK_CONSUMER) timestamp=3299 ms, used_size=8458240 bytes (20.6%)
(RDMA_READ_CONSUME_CHECK_CONSUMER) timestamp=3299 ms, used_size=8456192 bytes (20.6%)
(RDMA_READ_CONSUME_CHECK_CONSUMER) timestamp=3299 ms, used_size=8454144 bytes (20.6%)
(RDMA_READ_CONSUME_CHECK_CONSUMER) timestamp=3299 ms, used_size=8452096 bytes (20.6%)
(RDMA_READ_CONSUME_CHECK_CONSUMER) timestamp=3299 ms, used_size=8450048 bytes (20.6%)
(RDMA_READ_CONSUME_CHECK_CONSUMER) timestamp=3299 ms, used_size=8448000 bytes (20.6%)
(RDMA_READ_CONSUME_CHECK_CONSUMER) timestamp=3299 ms, used_size=8445952 bytes (20.6%)
(RDMA_READ_CONSUME_CHECK_CONSUMER) timestamp=3299 ms, used_size=8443904 bytes (20.6%)
(RDMA_READ_CONSUME_CHECK_CONSUMER) timestamp=3299 ms, used_size=8441856 bytes (20.6%)
(RDMA_READ_CONSUME_CHECK_CONSUMER) timestamp=3299 ms, used_size=8439808 bytes (20.6%)
(RDMA_READ_CONSUME_CHECK_CONSUMER) timestamp=3299 ms, used_size=8437760 bytes (20.6%)
(RDMA_READ_CONSUME_CHECK_CONSUMER) timestamp=3299 ms, used_size=8435712 bytes (20.6%)
(RDMA_READ_CONSUME_CHECK_CONSUMER) timestamp=3299 ms, used_size=8433664 bytes (20.6%)
(RDMA_READ_CONSUME_CHECK_CONSUMER) timestamp=3299 ms, used_size=8431616 bytes (20.6%)
(RDMA_READ_CONSUME_CHECK_CONSUMER) timestamp=3299 ms, used_size=8429568 bytes (20.6%)
(RDMA_READ_CONSUME_CHECK_CONSUMER) timestamp=3299 ms, used_size=8427520 bytes (20.6%)
(RDMA_READ_CONSUME_CHECK_CONSUMER) timestamp=3299 ms, used_size=8425472 bytes (20.6%)
(RDMA_READ_CONSUME_CHECK_CONSUMER) timestamp=3299 ms, used_size=8423424 bytes (20.6%)
(RDMA_READ_CONSUME_CHECK_CONSUMER) timestamp=3299 ms, used_size=8421376 bytes (20.6%)
(RDMA_READ_CONSUME_CHECK_CONSUMER) timestamp=3299 ms, used_size=8419328 bytes (20.6%)
(RDMA_READ_CONSUME_CHECK_CONSUMER) timestamp=3299 ms, used_size=8417280 bytes (20.6%)
(RDMA_READ_CONSUME_CHECK_CONSUMER) timestamp=3299 ms, used_size=8415232 bytes (20.5%)
(RDMA_READ_CONSUME_CHECK_CONSUMER) timestamp=3299 ms, used_size=8413184 bytes (20.5%)
(RDMA_READ_CONSUME_CHECK_CONSUMER) timestamp=3299 ms, used_size=8411136 bytes (20.5%)
(RDMA_READ_CONSUME_CHECK_CONSUMER) timestamp=3299 ms, used_size=8409088 bytes (20.5%)
(RDMA_READ_CONSUME_CHECK_CONSUMER) timestamp=3299 ms, used_size=8407040 bytes (20.5%)
(RDMA_READ_CONSUME_CHECK_CONSUMER) timestamp=3299 ms, used_size=8404992 bytes (20.5%)
(RDMA_READ_CONSUME_CHECK_CONSUMER) timestamp=3299 ms, used_size=8402944 bytes (20.5%)
(RDMA_READ_CONSUME_CHECK_CONSUMER) timestamp=3299 ms, used_size=8400896 bytes (20.5%)
(RDMA_READ_CONSUME_CHECK_CONSUMER) timestamp=3299 ms, used_size=8398848 bytes (20.5%)
(RDMA_READ_CONSUME_CHECK_CONSUMER) timestamp=3299 ms, used_size=8396800 bytes (20.5%)
(RDMA_READ_CONSUME_CHECK_CONSUMER) timestamp=3299 ms, used_size=8394752 bytes (20.5%)
(RDMA_READ_CONSUME_CHECK_CONSUMER) timestamp=3299 ms, used_size=8392704 bytes (20.5%)
(RDMA_READ_CONSUME_CHECK_CONSUMER) timestamp=3299 ms, used_size=8390656 bytes (20.5%)
(RDMA_READ_CONSUME_CHECK_CONSUMER) timestamp=3299 ms, used_size=8388608 bytes (20.5%)
(RDMA_READ_CONSUME_CHECK_CONSUMER) timestamp=3299 ms, used_size=8386560 bytes (20.5%)
(RDMA_READ_CONSUME_CHECK_CONSUMER) timestamp=3299 ms, used_size=8384512 bytes (20.5%)
(RDMA_READ_CONSUME_CHECK_CONSUMER) timestamp=3299 ms, used_size=8382464 bytes (20.5%)
(RDMA_READ_CONSUME_CHECK_CONSUMER) timestamp=3299 ms, used_size=8380416 bytes (20.5%)
(RDMA_READ_CONSUME_CHECK_CONSUMER) timestamp=3299 ms, used_size=8378368 bytes (20.5%)
(RDMA_READ_CONSUME_CHECK_CONSUMER) timestamp=3299 ms, used_size=8376320 bytes (20.4%)
(RDMA_READ_CONSUME_CHECK_CONSUMER) timestamp=3299 ms, used_size=8374272 bytes (20.4%)
(RDMA_READ_CONSUME_CHECK_CONSUMER) timestamp=3299 ms, used_size=8372224 bytes (20.4%)
(RDMA_READ_CONSUME_CHECK_CONSUMER) timestamp=3300 ms, used_size=8370176 bytes (20.4%)
(RDMA_READ_CONSUME_CHECK_CONSUMER) timestamp=3300 ms, used_size=8368128 bytes (20.4%)
(RDMA_READ_CONSUME_CHECK_CONSUMER) timestamp=3300 ms, used_size=8366080 bytes (20.4%)
(RDMA_READ_CONSUME_CHECK_CONSUMER) timestamp=3300 ms, used_size=8364032 bytes (20.4%)
(RDMA_READ_CONSUME_CHECK_CONSUMER) timestamp=3300 ms, used_size=8361984 bytes (20.4%)
(RDMA_READ_CONSUME_CHECK_CONSUMER) timestamp=3300 ms, used_size=8359936 bytes (20.4%)
(RDMA_READ_CONSUME_CHECK_CONSUMER) timestamp=3300 ms, used_size=8357888 bytes (20.4%)
(RDMA_READ_CONSUME_CHECK_CONSUMER) timestamp=3300 ms, used_size=8355840 bytes (20.4%)
(RDMA_READ_CONSUME_CHECK_CONSUMER) timestamp=3300 ms, used_size=8353792 bytes (20.4%)
(RDMA_READ_CONSUME_CHECK_CONSUMER) timestamp=3300 ms, used_size=8351744 bytes (20.4%)
(RDMA_READ_CONSUME_CHECK_CONSUMER) timestamp=3300 ms, used_size=8349696 bytes (20.4%)
(RDMA_READ_CONSUME_CHECK_CONSUMER) timestamp=3300 ms, used_size=8347648 bytes (20.4%)
(RDMA_READ_CONSUME_CHECK_CONSUMER) timestamp=3300 ms, used_size=8345600 bytes (20.4%)
(RDMA_READ_CONSUME_CHECK_CONSUMER) timestamp=3300 ms, used_size=8343552 bytes (20.4%)
(RDMA_READ_CONSUME_CHECK_CONSUMER) timestamp=3300 ms, used_size=8341504 bytes (20.4%)
(RDMA_READ_CONSUME_CHECK_CONSUMER) timestamp=3300 ms, used_size=8339456 bytes (20.4%)
(RDMA_READ_CONSUME_CHECK_CONSUMER) timestamp=3300 ms, used_size=8337408 bytes (20.4%)
(RDMA_READ_CONSUME_CHECK_CONSUMER) timestamp=3300 ms, used_size=8335360 bytes (20.4%)
(RDMA_READ_CONSUME_CHECK_CONSUMER) timestamp=3300 ms, used_size=8333312 bytes (20.3%)
(RDMA_READ_CONSUME_CHECK_CONSUMER) timestamp=3300 ms, used_size=8331264 bytes (20.3%)
(RDMA_READ_CONSUME_CHECK_CONSUMER) timestamp=3300 ms, used_size=8329216 bytes (20.3%)
(RDMA_READ_CONSUME_CHECK_CONSUMER) timestamp=3300 ms, used_size=8327168 bytes (20.3%)
(RDMA_READ_CONSUME_CHECK_CONSUMER) timestamp=3300 ms, used_size=8325120 bytes (20.3%)
(RDMA_READ_CONSUME_CHECK_CONSUMER) timestamp=3300 ms, used_size=8323072 bytes (20.3%)
(RDMA_READ_CONSUME_CHECK_CONSUMER) timestamp=3300 ms, used_size=8321024 bytes (20.3%)
(RDMA_READ_CONSUME_CHECK_CONSUMER) timestamp=3300 ms, used_size=8318976 bytes (20.3%)
(RDMA_READ_CONSUME_CHECK_CONSUMER) timestamp=3300 ms, used_size=8316928 bytes (20.3%)
(RDMA_READ_CONSUME_CHECK_CONSUMER) timestamp=3300 ms, used_size=8314880 bytes (20.3%)
(RDMA_READ_CONSUME_CHECK_CONSUMER) timestamp=3300 ms, used_size=8312832 bytes (20.3%)
(RDMA_READ_CONSUME_CHECK_CONSUMER) timestamp=3300 ms, used_size=8310784 bytes (20.3%)
(RDMA_READ_CONSUME_CHECK_CONSUMER) timestamp=3300 ms, used_size=8308736 bytes (20.3%)
(RDMA_READ_CONSUME_CHECK_CONSUMER) timestamp=3300 ms, used_size=8306688 bytes (20.3%)
(RDMA_READ_CONSUME_CHECK_CONSUMER) timestamp=3300 ms, used_size=8304640 bytes (20.3%)
(RDMA_READ_CONSUME_CHECK_CONSUMER) timestamp=3300 ms, used_size=8302592 bytes (20.3%)
(RDMA_READ_CONSUME_CHECK_CONSUMER) timestamp=3300 ms, used_size=8300544 bytes (20.3%)
(RDMA_READ_CONSUME_CHECK_CONSUMER) timestamp=3300 ms, used_size=8298496 bytes (20.3%)
(RDMA_READ_CONSUME_CHECK_CONSUMER) timestamp=3300 ms, used_size=8296448 bytes (20.3%)
(RDMA_READ_CONSUME_CHECK_CONSUMER) timestamp=3300 ms, used_size=8294400 bytes (20.2%)
(RDMA_READ_CONSUME_CHECK_CONSUMER) timestamp=3300 ms, used_size=8292352 bytes (20.2%)
(RDMA_READ_CONSUME_CHECK_CONSUMER) timestamp=3300 ms, used_size=8290304 bytes (20.2%)
(RDMA_READ_CONSUME_CHECK_CONSUMER) timestamp=3300 ms, used_size=8288256 bytes (20.2%)
(RDMA_READ_CONSUME_CHECK_CONSUMER) timestamp=3300 ms, used_size=8286208 bytes (20.2%)
(RDMA_READ_CONSUME_CHECK_CONSUMER) timestamp=3300 ms, used_size=8284160 bytes (20.2%)
(RDMA_READ_CONSUME_CHECK_CONSUMER) timestamp=3300 ms, used_size=8282112 bytes (20.2%)
(RDMA_READ_CONSUME_CHECK_CONSUMER) timestamp=3300 ms, used_size=8280064 bytes (20.2%)
(RDMA_READ_CONSUME_CHECK_CONSUMER) timestamp=3300 ms, used_size=8278016 bytes (20.2%)
(RDMA_READ_CONSUME_CHECK_CONSUMER) timestamp=3300 ms, used_size=8275968 bytes (20.2%)
(RDMA_READ_CONSUME_CHECK_CONSUMER) timestamp=3300 ms, used_size=8273920 bytes (20.2%)
(RDMA_READ_CONSUME_CHECK_CONSUMER) timestamp=3300 ms, used_size=8271872 bytes (20.2%)
(RDMA_READ_CONSUME_CHECK_CONSUMER) timestamp=3300 ms, used_size=8269824 bytes (20.2%)
(RDMA_READ_CONSUME_CHECK_CONSUMER) timestamp=3300 ms, used_size=8267776 bytes (20.2%)
(RDMA_READ_CONSUME_CHECK_CONSUMER) timestamp=3300 ms, used_size=8265728 bytes (20.2%)
(RDMA_READ_CONSUME_CHECK_CONSUMER) timestamp=3300 ms, used_size=8263680 bytes (20.2%)
(RDMA_READ_CONSUME_CHECK_CONSUMER) timestamp=3300 ms, used_size=8261632 bytes (20.2%)
(RDMA_READ_CONSUME_CHECK_CONSUMER) timestamp=3300 ms, used_size=8259584 bytes (20.2%)
(RDMA_READ_CONSUME_CHECK_CONSUMER) timestamp=3300 ms, used_size=8257536 bytes (20.2%)
(RDMA_READ_CONSUME_CHECK_CONSUMER) timestamp=3300 ms, used_size=8255488 bytes (20.2%)
(RDMA_READ_CONSUME_CHECK_CONSUMER) timestamp=3300 ms, used_size=8253440 bytes (20.1%)
(RDMA_READ_CONSUME_CHECK_CONSUMER) timestamp=3300 ms, used_size=8251392 bytes (20.1%)
(RDMA_READ_CONSUME_CHECK_CONSUMER) timestamp=3300 ms, used_size=8249344 bytes (20.1%)
(RDMA_READ_CONSUME_CHECK_CONSUMER) timestamp=3300 ms, used_size=8247296 bytes (20.1%)
(RDMA_READ_CONSUME_CHECK_CONSUMER) timestamp=3300 ms, used_size=8245248 bytes (20.1%)
(RDMA_READ_CONSUME_CHECK_CONSUMER) timestamp=3300 ms, used_size=8243200 bytes (20.1%)
(RDMA_READ_CONSUME_CHECK_CONSUMER) timestamp=3300 ms, used_size=8241152 bytes (20.1%)
(RDMA_READ_CONSUME_CHECK_CONSUMER) timestamp=3300 ms, used_size=8239104 bytes (20.1%)
(RDMA_READ_CONSUME_CHECK_CONSUMER) timestamp=3300 ms, used_size=8237056 bytes (20.1%)
(RDMA_READ_CONSUME_CHECK_CONSUMER) timestamp=3300 ms, used_size=8235008 bytes (20.1%)
(RDMA_READ_CONSUME_CHECK_CONSUMER) timestamp=3300 ms, used_size=8232960 bytes (20.1%)
(RDMA_READ_CONSUME_CHECK_CONSUMER) timestamp=3300 ms, used_size=8230912 bytes (20.1%)
(RDMA_READ_CONSUME_CHECK_CONSUMER) timestamp=3300 ms, used_size=8228864 bytes (20.1%)
(RDMA_READ_CONSUME_CHECK_CONSUMER) timestamp=3300 ms, used_size=8226816 bytes (20.1%)
(RDMA_READ_CONSUME_CHECK_CONSUMER) timestamp=3300 ms, used_size=8224768 bytes (20.1%)
(RDMA_READ_CONSUME_CHECK_CONSUMER) timestamp=3300 ms, used_size=8222720 bytes (20.1%)
(RDMA_READ_CONSUME_CHECK_CONSUMER) timestamp=3300 ms, used_size=8220672 bytes (20.1%)
(RDMA_READ_CONSUME_CHECK_CONSUMER) timestamp=3300 ms, used_size=8218624 bytes (20.1%)
(RDMA_READ_CONSUME_CHECK_CONSUMER) timestamp=3300 ms, used_size=8216576 bytes (20.1%)
(RDMA_READ_CONSUME_CHECK_CONSUMER) timestamp=3300 ms, used_size=8214528 bytes (20.1%)
(RDMA_READ_CONSUME_CHECK_CONSUMER) timestamp=3300 ms, used_size=8212480 bytes (20.1%)
(RDMA_READ_CONSUME_CHECK_CONSUMER) timestamp=3300 ms, used_size=8210432 bytes (20.0%)
(RDMA_READ_CONSUME_CHECK_CONSUMER) timestamp=3300 ms, used_size=8208384 bytes (20.0%)
(RDMA_READ_CONSUME_CHECK_CONSUMER) timestamp=3300 ms, used_size=8206336 bytes (20.0%)
(RDMA_READ_CONSUME_CHECK_CONSUMER) timestamp=3300 ms, used_size=8204288 bytes (20.0%)
(RDMA_READ_CONSUME_CHECK_CONSUMER) timestamp=3300 ms, used_size=8202240 bytes (20.0%)
(RDMA_READ_CONSUME_CHECK_CONSUMER) timestamp=3300 ms, used_size=8200192 bytes (20.0%)
(RDMA_READ_CONSUME_CHECK_CONSUMER) timestamp=3300 ms, used_size=8198144 bytes (20.0%)
(RDMA_READ_CONSUME_CHECK_CONSUMER) timestamp=3300 ms, used_size=8196096 bytes (20.0%)
(RDMA_READ_CONSUME_CHECK_CONSUMER) timestamp=3300 ms, used_size=8194048 bytes (20.0%)
(RDMA_READ_CONSUME_CHECK_CONSUMER) timestamp=3300 ms, used_size=8192000 bytes (20.0%)
(RDMA_READ_CONSUME_CHECK_CONSUMER) timestamp=3300 ms, used_size=8189952 bytes (20.0%)
(RDMA_READ_CONSUME_CHECK_CONSUMER) timestamp=3300 ms, used_size=8187904 bytes (20.0%)
(RDMA_READ_CONSUME_CHECK_CONSUMER) timestamp=3300 ms, used_size=8185856 bytes (20.0%)
(RDMA_READ_CONSUME_CHECK_CONSUMER) timestamp=3300 ms, used_size=8183808 bytes (20.0%)
(RDMA_READ_CONSUME_CHECK_CONSUMER) timestamp=3300 ms, used_size=8181760 bytes (20.0%)
(RDMA_READ_CONSUME_CHECK_CONSUMER) timestamp=3300 ms, used_size=8179712 bytes (20.0%)
(RDMA_READ_CONSUME_CHECK_CONSUMER) timestamp=3300 ms, used_size=8177664 bytes (20.0%)
(RDMA_READ_CONSUME_CHECK_CONSUMER) timestamp=3300 ms, used_size=8175616 bytes (20.0%)
(RDMA_READ_CONSUME_CHECK_CONSUMER) timestamp=3300 ms, used_size=8173568 bytes (20.0%)
(RDMA_READ_CONSUME_CHECK_CONSUMER) timestamp=3300 ms, used_size=8171520 bytes (19.9%)
(RDMA_READ_CONSUME_CHECK_CONSUMER) timestamp=3300 ms, used_size=8169472 bytes (19.9%)
(RDMA_READ_CONSUME_CHECK_CONSUMER) timestamp=3300 ms, used_size=8167424 bytes (19.9%)
(RDMA_READ_CONSUME_CHECK_CONSUMER) timestamp=3300 ms, used_size=8165376 bytes (19.9%)
(RDMA_READ_CONSUME_CHECK_CONSUMER) timestamp=3300 ms, used_size=8163328 bytes (19.9%)
(RDMA_READ_CONSUME_CHECK_CONSUMER) timestamp=3300 ms, used_size=8161280 bytes (19.9%)
(RDMA_READ_CONSUME_CHECK_CONSUMER) timestamp=3300 ms, used_size=8159232 bytes (19.9%)
(RDMA_READ_CONSUME_CHECK_CONSUMER) timestamp=3300 ms, used_size=8157184 bytes (19.9%)
(RDMA_READ_CONSUME_CHECK_CONSUMER) timestamp=3300 ms, used_size=8155136 bytes (19.9%)
(RDMA_READ_CONSUME_CHECK_CONSUMER) timestamp=3300 ms, used_size=8153088 bytes (19.9%)
(RDMA_READ_CONSUME_CHECK_CONSUMER) timestamp=3300 ms, used_size=8151040 bytes (19.9%)
(RDMA_READ_CONSUME_CHECK_CONSUMER) timestamp=3300 ms, used_size=8148992 bytes (19.9%)
(RDMA_READ_CONSUME_CHECK_CONSUMER) timestamp=3300 ms, used_size=8146944 bytes (19.9%)
(RDMA_READ_CONSUME_CHECK_CONSUMER) timestamp=3300 ms, used_size=8144896 bytes (19.9%)
(RDMA_READ_CONSUME_CHECK_CONSUMER) timestamp=3300 ms, used_size=8142848 bytes (19.9%)
(RDMA_READ_CONSUME_CHECK_CONSUMER) timestamp=3300 ms, used_size=8140800 bytes (19.9%)
(RDMA_READ_CONSUME_CHECK_CONSUMER) timestamp=3300 ms, used_size=8138752 bytes (19.9%)
(RDMA_READ_CONSUME_CHECK_CONSUMER) timestamp=3300 ms, used_size=8136704 bytes (19.9%)
(RDMA_READ_CONSUME_CHECK_CONSUMER) timestamp=3300 ms, used_size=8134656 bytes (19.9%)
(RDMA_READ_CONSUME_CHECK_CONSUMER) timestamp=3300 ms, used_size=8132608 bytes (19.9%)
(RDMA_READ_CONSUME_CHECK_CONSUMER) timestamp=3300 ms, used_size=8130560 bytes (19.9%)
(RDMA_READ_CONSUME_CHECK_CONSUMER) timestamp=3300 ms, used_size=8128512 bytes (19.8%)
(RDMA_READ_CONSUME_CHECK_CONSUMER) timestamp=3300 ms, used_size=8126464 bytes (19.8%)
(RDMA_READ_CONSUME_CHECK_CONSUMER) timestamp=3300 ms, used_size=8124416 bytes (19.8%)
(RDMA_READ_CONSUME_CHECK_CONSUMER) timestamp=3300 ms, used_size=8122368 bytes (19.8%)
(RDMA_READ_CONSUME_CHECK_CONSUMER) timestamp=3300 ms, used_size=8120320 bytes (19.8%)
(RDMA_READ_CONSUME_CHECK_CONSUMER) timestamp=3300 ms, used_size=8118272 bytes (19.8%)
(RDMA_READ_CONSUME_CHECK_CONSUMER) timestamp=3300 ms, used_size=8116224 bytes (19.8%)
(RDMA_READ_CONSUME_CHECK_CONSUMER) timestamp=3300 ms, used_size=8114176 bytes (19.8%)
(RDMA_READ_CONSUME_CHECK_CONSUMER) timestamp=3300 ms, used_size=8112128 bytes (19.8%)
(RDMA_READ_CONSUME_CHECK_CONSUMER) timestamp=3300 ms, used_size=8110080 bytes (19.8%)
(RDMA_READ_CONSUME_CHECK_CONSUMER) timestamp=3300 ms, used_size=8108032 bytes (19.8%)
(RDMA_READ_CONSUME_CHECK_CONSUMER) timestamp=3300 ms, used_size=8105984 bytes (19.8%)
(RDMA_READ_CONSUME_CHECK_CONSUMER) timestamp=3300 ms, used_size=8103936 bytes (19.8%)
(RDMA_READ_CONSUME_CHECK_CONSUMER) timestamp=3300 ms, used_size=8101888 bytes (19.8%)
(RDMA_READ_CONSUME_CHECK_CONSUMER) timestamp=3300 ms, used_size=8099840 bytes (19.8%)
(RDMA_READ_CONSUME_CHECK_CONSUMER) timestamp=3300 ms, used_size=8097792 bytes (19.8%)
(RDMA_READ_CONSUME_CHECK_CONSUMER) timestamp=3300 ms, used_size=8095744 bytes (19.8%)
(RDMA_READ_CONSUME_CHECK_CONSUMER) timestamp=3300 ms, used_size=8093696 bytes (19.8%)
(RDMA_READ_CONSUME_CHECK_CONSUMER) timestamp=3300 ms, used_size=8091648 bytes (19.8%)
(RDMA_READ_CONSUME_CHECK_CONSUMER) timestamp=3300 ms, used_size=8089600 bytes (19.8%)
(RDMA_READ_CONSUME_CHECK_CONSUMER) timestamp=3300 ms, used_size=8087552 bytes (19.7%)
(RDMA_READ_CONSUME_CHECK_CONSUMER) timestamp=3300 ms, used_size=8085504 bytes (19.7%)
(RDMA_READ_CONSUME_CHECK_CONSUMER) timestamp=3300 ms, used_size=8083456 bytes (19.7%)
(RDMA_READ_CONSUME_CHECK_CONSUMER) timestamp=3300 ms, used_size=8081408 bytes (19.7%)
(RDMA_READ_CONSUME_CHECK_CONSUMER) timestamp=3300 ms, used_size=8079360 bytes (19.7%)
(RDMA_READ_CONSUME_CHECK_CONSUMER) timestamp=3300 ms, used_size=8077312 bytes (19.7%)
(RDMA_READ_CONSUME_CHECK_CONSUMER) timestamp=3300 ms, used_size=8075264 bytes (19.7%)
(RDMA_READ_CONSUME_CHECK_CONSUMER) timestamp=3300 ms, used_size=8073216 bytes (19.7%)
(RDMA_READ_CONSUME_CHECK_CONSUMER) timestamp=3300 ms, used_size=8071168 bytes (19.7%)
(RDMA_READ_CONSUME_CHECK_CONSUMER) timestamp=3300 ms, used_size=8069120 bytes (19.7%)
(RDMA_READ_CONSUME_CHECK_CONSUMER) timestamp=3300 ms, used_size=8067072 bytes (19.7%)
(RDMA_READ_CONSUME_CHECK_CONSUMER) timestamp=3300 ms, used_size=8065024 bytes (19.7%)
(RDMA_READ_CONSUME_CHECK_CONSUMER) timestamp=3300 ms, used_size=8062976 bytes (19.7%)
(RDMA_READ_CONSUME_CHECK_CONSUMER) timestamp=3300 ms, used_size=8060928 bytes (19.7%)
(RDMA_READ_CONSUME_CHECK_CONSUMER) timestamp=3300 ms, used_size=8058880 bytes (19.7%)
(RDMA_READ_CONSUME_CHECK_CONSUMER) timestamp=3300 ms, used_size=8056832 bytes (19.7%)
(RDMA_READ_CONSUME_CHECK_CONSUMER) timestamp=3300 ms, used_size=8054784 bytes (19.7%)
(RDMA_READ_CONSUME_CHECK_CONSUMER) timestamp=3300 ms, used_size=8052736 bytes (19.7%)
(RDMA_READ_CONSUME_CHECK_CONSUMER) timestamp=3300 ms, used_size=8050688 bytes (19.7%)
(RDMA_READ_CONSUME_CHECK_CONSUMER) timestamp=3300 ms, used_size=8048640 bytes (19.6%)
(RDMA_READ_CONSUME_CHECK_CONSUMER) timestamp=3300 ms, used_size=8046592 bytes (19.6%)
(RDMA_READ_CONSUME_CHECK_CONSUMER) timestamp=3300 ms, used_size=8044544 bytes (19.6%)
(RDMA_READ_CONSUME_CHECK_CONSUMER) timestamp=3300 ms, used_size=8042496 bytes (19.6%)
(RDMA_READ_CONSUME_CHECK_CONSUMER) timestamp=3300 ms, used_size=8040448 bytes (19.6%)
(RDMA_READ_CONSUME_CHECK_CONSUMER) timestamp=3300 ms, used_size=8038400 bytes (19.6%)
(RDMA_READ_CONSUME_CHECK_CONSUMER) timestamp=3300 ms, used_size=8036352 bytes (19.6%)
(RDMA_READ_CONSUME_CHECK_CONSUMER) timestamp=3300 ms, used_size=8034304 bytes (19.6%)
(RDMA_READ_CONSUME_CHECK_CONSUMER) timestamp=3300 ms, used_size=8032256 bytes (19.6%)
(RDMA_READ_CONSUME_CHECK_CONSUMER) timestamp=3300 ms, used_size=8030208 bytes (19.6%)
(RDMA_READ_CONSUME_CHECK_CONSUMER) timestamp=3300 ms, used_size=8028160 bytes (19.6%)
(RDMA_READ_CONSUME_CHECK_CONSUMER) timestamp=3300 ms, used_size=8026112 bytes (19.6%)
(RDMA_READ_CONSUME_CHECK_CONSUMER) timestamp=3300 ms, used_size=8024064 bytes (19.6%)
(RDMA_READ_CONSUME_CHECK_CONSUMER) timestamp=3300 ms, used_size=8022016 bytes (19.6%)
(RDMA_READ_CONSUME_CHECK_CONSUMER) timestamp=3300 ms, used_size=8019968 bytes (19.6%)
(RDMA_READ_CONSUME_CHECK_CONSUMER) timestamp=3300 ms, used_size=8017920 bytes (19.6%)
(RDMA_READ_CONSUME_CHECK_CONSUMER) timestamp=3300 ms, used_size=8015872 bytes (19.6%)
(RDMA_READ_CONSUME_CHECK_CONSUMER) timestamp=3300 ms, used_size=8013824 bytes (19.6%)
(RDMA_READ_CONSUME_CHECK_CONSUMER) timestamp=3300 ms, used_size=8011776 bytes (19.6%)
(RDMA_READ_CONSUME_CHECK_CONSUMER) timestamp=3300 ms, used_size=8009728 bytes (19.6%)
(RDMA_READ_CONSUME_CHECK_CONSUMER) timestamp=3300 ms, used_size=8007680 bytes (19.6%)
(RDMA_READ_CONSUME_CHECK_CONSUMER) timestamp=3300 ms, used_size=8005632 bytes (19.5%)
(RDMA_READ_CONSUME_CHECK_CONSUMER) timestamp=3300 ms, used_size=8003584 bytes (19.5%)
(RDMA_READ_CONSUME_CHECK_CONSUMER) timestamp=3301 ms, used_size=8001536 bytes (19.5%)
(RDMA_READ_CONSUME_CHECK_CONSUMER) timestamp=3301 ms, used_size=7999488 bytes (19.5%)
(RDMA_READ_CONSUME_CHECK_CONSUMER) timestamp=3301 ms, used_size=7997440 bytes (19.5%)
(RDMA_READ_CONSUME_CHECK_CONSUMER) timestamp=3301 ms, used_size=7995392 bytes (19.5%)
(RDMA_READ_CONSUME_CHECK_CONSUMER) timestamp=3301 ms, used_size=7993344 bytes (19.5%)
(RDMA_READ_CONSUME_CHECK_CONSUMER) timestamp=3301 ms, used_size=7991296 bytes (19.5%)
(RDMA_READ_CONSUME_CHECK_CONSUMER) timestamp=3301 ms, used_size=7989248 bytes (19.5%)
(RDMA_READ_CONSUME_CHECK_CONSUMER) timestamp=3301 ms, used_size=7987200 bytes (19.5%)
(RDMA_READ_CONSUME_CHECK_CONSUMER) timestamp=3301 ms, used_size=7985152 bytes (19.5%)
(RDMA_READ_CONSUME_CHECK_CONSUMER) timestamp=3301 ms, used_size=7983104 bytes (19.5%)
(RDMA_READ_CONSUME_CHECK_CONSUMER) timestamp=3301 ms, used_size=7981056 bytes (19.5%)
(RDMA_READ_CONSUME_CHECK_CONSUMER) timestamp=3301 ms, used_size=7979008 bytes (19.5%)
(RDMA_READ_CONSUME_CHECK_CONSUMER) timestamp=3301 ms, used_size=7976960 bytes (19.5%)
(RDMA_READ_CONSUME_CHECK_CONSUMER) timestamp=3301 ms, used_size=7974912 bytes (19.5%)
(RDMA_READ_CONSUME_CHECK_CONSUMER) timestamp=3301 ms, used_size=7972864 bytes (19.5%)
(RDMA_READ_CONSUME_CHECK_CONSUMER) timestamp=3301 ms, used_size=7970816 bytes (19.5%)
(RDMA_READ_CONSUME_CHECK_CONSUMER) timestamp=3301 ms, used_size=7968768 bytes (19.5%)
(RDMA_READ_CONSUME_CHECK_CONSUMER) timestamp=3301 ms, used_size=7966720 bytes (19.4%)
(RDMA_READ_CONSUME_CHECK_CONSUMER) timestamp=3301 ms, used_size=7964672 bytes (19.4%)
(RDMA_READ_CONSUME_CHECK_CONSUMER) timestamp=3301 ms, used_size=7962624 bytes (19.4%)
(RDMA_READ_CONSUME_CHECK_CONSUMER) timestamp=3301 ms, used_size=7960576 bytes (19.4%)
(RDMA_READ_CONSUME_CHECK_CONSUMER) timestamp=3301 ms, used_size=7958528 bytes (19.4%)
(RDMA_READ_CONSUME_CHECK_CONSUMER) timestamp=3301 ms, used_size=7956480 bytes (19.4%)
(RDMA_READ_CONSUME_CHECK_CONSUMER) timestamp=3301 ms, used_size=7954432 bytes (19.4%)
(RDMA_READ_CONSUME_CHECK_CONSUMER) timestamp=3301 ms, used_size=7952384 bytes (19.4%)
(RDMA_READ_CONSUME_CHECK_CONSUMER) timestamp=3301 ms, used_size=7950336 bytes (19.4%)
(RDMA_READ_CONSUME_CHECK_CONSUMER) timestamp=3301 ms, used_size=7948288 bytes (19.4%)
(RDMA_READ_CONSUME_CHECK_CONSUMER) timestamp=3301 ms, used_size=7946240 bytes (19.4%)
(RDMA_READ_CONSUME_CHECK_CONSUMER) timestamp=3301 ms, used_size=7944192 bytes (19.4%)
(RDMA_READ_CONSUME_CHECK_CONSUMER) timestamp=3301 ms, used_size=7942144 bytes (19.4%)
(RDMA_READ_CONSUME_CHECK_CONSUMER) timestamp=3301 ms, used_size=7940096 bytes (19.4%)
(RDMA_READ_CONSUME_CHECK_CONSUMER) timestamp=3301 ms, used_size=7938048 bytes (19.4%)
(RDMA_READ_CONSUME_CHECK_CONSUMER) timestamp=3301 ms, used_size=7936000 bytes (19.4%)
(RDMA_READ_CONSUME_CHECK_CONSUMER) timestamp=3301 ms, used_size=7933952 bytes (19.4%)
(RDMA_READ_CONSUME_CHECK_CONSUMER) timestamp=3301 ms, used_size=7931904 bytes (19.4%)
(RDMA_READ_CONSUME_CHECK_CONSUMER) timestamp=3301 ms, used_size=7929856 bytes (19.4%)
(RDMA_READ_CONSUME_CHECK_CONSUMER) timestamp=3301 ms, used_size=7927808 bytes (19.4%)
(RDMA_READ_CONSUME_CHECK_CONSUMER) timestamp=3301 ms, used_size=7925760 bytes (19.4%)
(RDMA_READ_CONSUME_CHECK_CONSUMER) timestamp=3301 ms, used_size=7923712 bytes (19.3%)
(RDMA_READ_CONSUME_CHECK_CONSUMER) timestamp=3301 ms, used_size=7921664 bytes (19.3%)
(RDMA_READ_CONSUME_CHECK_CONSUMER) timestamp=3301 ms, used_size=7919616 bytes (19.3%)
(RDMA_READ_CONSUME_CHECK_CONSUMER) timestamp=3301 ms, used_size=7917568 bytes (19.3%)
(RDMA_READ_CONSUME_CHECK_CONSUMER) timestamp=3301 ms, used_size=7915520 bytes (19.3%)
(RDMA_READ_CONSUME_CHECK_CONSUMER) timestamp=3301 ms, used_size=7913472 bytes (19.3%)
(RDMA_READ_CONSUME_CHECK_CONSUMER) timestamp=3301 ms, used_size=7911424 bytes (19.3%)
(RDMA_READ_CONSUME_CHECK_CONSUMER) timestamp=3301 ms, used_size=7909376 bytes (19.3%)
(RDMA_READ_CONSUME_CHECK_CONSUMER) timestamp=3301 ms, used_size=7907328 bytes (19.3%)
(RDMA_READ_CONSUME_CHECK_CONSUMER) timestamp=3301 ms, used_size=7905280 bytes (19.3%)
(RDMA_READ_CONSUME_CHECK_CONSUMER) timestamp=3301 ms, used_size=7903232 bytes (19.3%)
(RDMA_READ_CONSUME_CHECK_CONSUMER) timestamp=3301 ms, used_size=7901184 bytes (19.3%)
(RDMA_READ_CONSUME_CHECK_CONSUMER) timestamp=3301 ms, used_size=7899136 bytes (19.3%)
(RDMA_READ_CONSUME_CHECK_CONSUMER) timestamp=3301 ms, used_size=7897088 bytes (19.3%)
(RDMA_READ_CONSUME_CHECK_CONSUMER) timestamp=3301 ms, used_size=7895040 bytes (19.3%)
(RDMA_READ_CONSUME_CHECK_CONSUMER) timestamp=3301 ms, used_size=7892992 bytes (19.3%)
(RDMA_READ_CONSUME_CHECK_CONSUMER) timestamp=3301 ms, used_size=7890944 bytes (19.3%)
(RDMA_READ_CONSUME_CHECK_CONSUMER) timestamp=3301 ms, used_size=7888896 bytes (19.3%)
(RDMA_READ_CONSUME_CHECK_CONSUMER) timestamp=3301 ms, used_size=7886848 bytes (19.3%)
(RDMA_READ_CONSUME_CHECK_CONSUMER) timestamp=3301 ms, used_size=7884800 bytes (19.2%)
(RDMA_READ_CONSUME_CHECK_CONSUMER) timestamp=3301 ms, used_size=7882752 bytes (19.2%)
(RDMA_READ_CONSUME_CHECK_CONSUMER) timestamp=3301 ms, used_size=7880704 bytes (19.2%)
(RDMA_READ_CONSUME_CHECK_CONSUMER) timestamp=3301 ms, used_size=7878656 bytes (19.2%)
(RDMA_READ_CONSUME_CHECK_CONSUMER) timestamp=3301 ms, used_size=7876608 bytes (19.2%)
(RDMA_READ_CONSUME_CHECK_CONSUMER) timestamp=3301 ms, used_size=7874560 bytes (19.2%)
(RDMA_READ_CONSUME_CHECK_CONSUMER) timestamp=3301 ms, used_size=7872512 bytes (19.2%)
(RDMA_READ_CONSUME_CHECK_CONSUMER) timestamp=3301 ms, used_size=7870464 bytes (19.2%)
(RDMA_READ_CONSUME_CHECK_CONSUMER) timestamp=3301 ms, used_size=7868416 bytes (19.2%)
(RDMA_READ_CONSUME_CHECK_CONSUMER) timestamp=3301 ms, used_size=7866368 bytes (19.2%)
(RDMA_READ_CONSUME_CHECK_CONSUMER) timestamp=3301 ms, used_size=7864320 bytes (19.2%)
(RDMA_READ_CONSUME_CHECK_CONSUMER) timestamp=3301 ms, used_size=7862272 bytes (19.2%)
(RDMA_READ_CONSUME_CHECK_CONSUMER) timestamp=3301 ms, used_size=7860224 bytes (19.2%)
(RDMA_READ_CONSUME_CHECK_CONSUMER) timestamp=3301 ms, used_size=7858176 bytes (19.2%)
(RDMA_READ_CONSUME_CHECK_CONSUMER) timestamp=3301 ms, used_size=7856128 bytes (19.2%)
(RDMA_READ_CONSUME_CHECK_CONSUMER) timestamp=3301 ms, used_size=7854080 bytes (19.2%)
(RDMA_READ_CONSUME_CHECK_CONSUMER) timestamp=3301 ms, used_size=7852032 bytes (19.2%)
(RDMA_READ_CONSUME_CHECK_CONSUMER) timestamp=3301 ms, used_size=7849984 bytes (19.2%)
(RDMA_READ_CONSUME_CHECK_CONSUMER) timestamp=3301 ms, used_size=7847936 bytes (19.2%)
(RDMA_READ_CONSUME_CHECK_CONSUMER) timestamp=3301 ms, used_size=7845888 bytes (19.2%)
(RDMA_READ_CONSUME_CHECK_CONSUMER) timestamp=3301 ms, used_size=7843840 bytes (19.1%)
(RDMA_READ_CONSUME_CHECK_CONSUMER) timestamp=3301 ms, used_size=7841792 bytes (19.1%)
(RDMA_READ_CONSUME_CHECK_CONSUMER) timestamp=3301 ms, used_size=7839744 bytes (19.1%)
(RDMA_READ_CONSUME_CHECK_CONSUMER) timestamp=3301 ms, used_size=7837696 bytes (19.1%)
(RDMA_READ_CONSUME_CHECK_CONSUMER) timestamp=3301 ms, used_size=7835648 bytes (19.1%)
(RDMA_READ_CONSUME_CHECK_CONSUMER) timestamp=3301 ms, used_size=7833600 bytes (19.1%)
(RDMA_READ_CONSUME_CHECK_CONSUMER) timestamp=3301 ms, used_size=7831552 bytes (19.1%)
(RDMA_READ_CONSUME_CHECK_CONSUMER) timestamp=3301 ms, used_size=7829504 bytes (19.1%)
(RDMA_READ_CONSUME_CHECK_CONSUMER) timestamp=3301 ms, used_size=7827456 bytes (19.1%)
(RDMA_READ_CONSUME_CHECK_CONSUMER) timestamp=3301 ms, used_size=7825408 bytes (19.1%)
(RDMA_READ_CONSUME_CHECK_CONSUMER) timestamp=3301 ms, used_size=7823360 bytes (19.1%)
(RDMA_READ_CONSUME_CHECK_CONSUMER) timestamp=3301 ms, used_size=7821312 bytes (19.1%)
(RDMA_READ_CONSUME_CHECK_CONSUMER) timestamp=3301 ms, used_size=7819264 bytes (19.1%)
(RDMA_READ_CONSUME_CHECK_CONSUMER) timestamp=3301 ms, used_size=7817216 bytes (19.1%)
(RDMA_READ_CONSUME_CHECK_CONSUMER) timestamp=3301 ms, used_size=7815168 bytes (19.1%)
(RDMA_READ_CONSUME_CHECK_CONSUMER) timestamp=3301 ms, used_size=7813120 bytes (19.1%)
(RDMA_READ_CONSUME_CHECK_CONSUMER) timestamp=3301 ms, used_size=7811072 bytes (19.1%)
(RDMA_READ_CONSUME_CHECK_CONSUMER) timestamp=3301 ms, used_size=7809024 bytes (19.1%)
(RDMA_READ_CONSUME_CHECK_CONSUMER) timestamp=3301 ms, used_size=7806976 bytes (19.1%)
(RDMA_READ_CONSUME_CHECK_CONSUMER) timestamp=3301 ms, used_size=7804928 bytes (19.1%)
(RDMA_READ_CONSUME_CHECK_CONSUMER) timestamp=3301 ms, used_size=7802880 bytes (19.1%)
(RDMA_READ_CONSUME_CHECK_CONSUMER) timestamp=3301 ms, used_size=7800832 bytes (19.0%)
(RDMA_READ_CONSUME_CHECK_CONSUMER) timestamp=3301 ms, used_size=7798784 bytes (19.0%)
(RDMA_READ_CONSUME_CHECK_CONSUMER) timestamp=3301 ms, used_size=7796736 bytes (19.0%)
(RDMA_READ_CONSUME_CHECK_CONSUMER) timestamp=3301 ms, used_size=7794688 bytes (19.0%)
(RDMA_READ_CONSUME_CHECK_CONSUMER) timestamp=3301 ms, used_size=7792640 bytes (19.0%)
(RDMA_READ_CONSUME_CHECK_CONSUMER) timestamp=3301 ms, used_size=7790592 bytes (19.0%)
(RDMA_READ_CONSUME_CHECK_CONSUMER) timestamp=3301 ms, used_size=7788544 bytes (19.0%)
(RDMA_READ_CONSUME_CHECK_CONSUMER) timestamp=3301 ms, used_size=7786496 bytes (19.0%)
(RDMA_READ_CONSUME_CHECK_CONSUMER) timestamp=3301 ms, used_size=7784448 bytes (19.0%)
(RDMA_READ_CONSUME_CHECK_CONSUMER) timestamp=3301 ms, used_size=7782400 bytes (19.0%)
(RDMA_READ_CONSUME_CHECK_CONSUMER) timestamp=3301 ms, used_size=7780352 bytes (19.0%)
(RDMA_READ_CONSUME_CHECK_CONSUMER) timestamp=3301 ms, used_size=7778304 bytes (19.0%)
(RDMA_READ_CONSUME_CHECK_CONSUMER) timestamp=3301 ms, used_size=7776256 bytes (19.0%)
(RDMA_READ_CONSUME_CHECK_CONSUMER) timestamp=3301 ms, used_size=7774208 bytes (19.0%)
(RDMA_READ_CONSUME_CHECK_CONSUMER) timestamp=3301 ms, used_size=7772160 bytes (19.0%)
(RDMA_READ_CONSUME_CHECK_CONSUMER) timestamp=3301 ms, used_size=7770112 bytes (19.0%)
(RDMA_READ_CONSUME_CHECK_CONSUMER) timestamp=3301 ms, used_size=7768064 bytes (19.0%)
(RDMA_READ_CONSUME_CHECK_CONSUMER) timestamp=3301 ms, used_size=7766016 bytes (19.0%)
(RDMA_READ_CONSUME_CHECK_CONSUMER) timestamp=3301 ms, used_size=7763968 bytes (19.0%)
(RDMA_READ_CONSUME_CHECK_CONSUMER) timestamp=3301 ms, used_size=7761920 bytes (18.9%)
(RDMA_READ_CONSUME_CHECK_CONSUMER) timestamp=3301 ms, used_size=7759872 bytes (18.9%)
(RDMA_READ_CONSUME_CHECK_CONSUMER) timestamp=3301 ms, used_size=7757824 bytes (18.9%)
(RDMA_READ_CONSUME_CHECK_CONSUMER) timestamp=3301 ms, used_size=7755776 bytes (18.9%)
(RDMA_READ_CONSUME_CHECK_CONSUMER) timestamp=3301 ms, used_size=7753728 bytes (18.9%)
(RDMA_READ_CONSUME_CHECK_CONSUMER) timestamp=3301 ms, used_size=7751680 bytes (18.9%)
(RDMA_READ_CONSUME_CHECK_CONSUMER) timestamp=3301 ms, used_size=7749632 bytes (18.9%)
(RDMA_READ_CONSUME_CHECK_CONSUMER) timestamp=3301 ms, used_size=7747584 bytes (18.9%)
(RDMA_READ_CONSUME_CHECK_CONSUMER) timestamp=3301 ms, used_size=7745536 bytes (18.9%)
(RDMA_READ_CONSUME_CHECK_CONSUMER) timestamp=3301 ms, used_size=7743488 bytes (18.9%)
(RDMA_READ_CONSUME_CHECK_CONSUMER) timestamp=3301 ms, used_size=7741440 bytes (18.9%)
(RDMA_READ_CONSUME_CHECK_CONSUMER) timestamp=3301 ms, used_size=7739392 bytes (18.9%)
(RDMA_READ_CONSUME_CHECK_CONSUMER) timestamp=3301 ms, used_size=7737344 bytes (18.9%)
(RDMA_READ_CONSUME_CHECK_CONSUMER) timestamp=3301 ms, used_size=7735296 bytes (18.9%)
(RDMA_READ_CONSUME_CHECK_CONSUMER) timestamp=3301 ms, used_size=7733248 bytes (18.9%)
(RDMA_READ_CONSUME_CHECK_CONSUMER) timestamp=3301 ms, used_size=7731200 bytes (18.9%)
(RDMA_READ_CONSUME_CHECK_CONSUMER) timestamp=3301 ms, used_size=7729152 bytes (18.9%)
(RDMA_READ_CONSUME_CHECK_CONSUMER) timestamp=3301 ms, used_size=7727104 bytes (18.9%)
(RDMA_READ_CONSUME_CHECK_CONSUMER) timestamp=3301 ms, used_size=7725056 bytes (18.9%)
(RDMA_READ_CONSUME_CHECK_CONSUMER) timestamp=3301 ms, used_size=7723008 bytes (18.9%)
(RDMA_READ_CONSUME_CHECK_CONSUMER) timestamp=3301 ms, used_size=7720960 bytes (18.9%)
(RDMA_READ_CONSUME_CHECK_CONSUMER) timestamp=3301 ms, used_size=7718912 bytes (18.8%)
(RDMA_READ_CONSUME_CHECK_CONSUMER) timestamp=3301 ms, used_size=7716864 bytes (18.8%)
(RDMA_READ_CONSUME_CHECK_CONSUMER) timestamp=3301 ms, used_size=7714816 bytes (18.8%)
(RDMA_READ_CONSUME_CHECK_CONSUMER) timestamp=3301 ms, used_size=7712768 bytes (18.8%)
(RDMA_READ_CONSUME_CHECK_CONSUMER) timestamp=3301 ms, used_size=7710720 bytes (18.8%)
(RDMA_READ_CONSUME_CHECK_CONSUMER) timestamp=3301 ms, used_size=7708672 bytes (18.8%)
(RDMA_READ_CONSUME_CHECK_CONSUMER) timestamp=3301 ms, used_size=7706624 bytes (18.8%)
(RDMA_READ_CONSUME_CHECK_CONSUMER) timestamp=3301 ms, used_size=7704576 bytes (18.8%)
(RDMA_READ_CONSUME_CHECK_CONSUMER) timestamp=3301 ms, used_size=7702528 bytes (18.8%)
(RDMA_READ_CONSUME_CHECK_CONSUMER) timestamp=3301 ms, used_size=7700480 bytes (18.8%)
(RDMA_READ_CONSUME_CHECK_CONSUMER) timestamp=3301 ms, used_size=7698432 bytes (18.8%)
(RDMA_READ_CONSUME_CHECK_CONSUMER) timestamp=3301 ms, used_size=7696384 bytes (18.8%)
(RDMA_READ_CONSUME_CHECK_CONSUMER) timestamp=3301 ms, used_size=7694336 bytes (18.8%)
(RDMA_READ_CONSUME_CHECK_CONSUMER) timestamp=3301 ms, used_size=7692288 bytes (18.8%)
(RDMA_READ_CONSUME_CHECK_CONSUMER) timestamp=3301 ms, used_size=7690240 bytes (18.8%)
(RDMA_READ_CONSUME_CHECK_CONSUMER) timestamp=3301 ms, used_size=7688192 bytes (18.8%)
(RDMA_READ_CONSUME_CHECK_CONSUMER) timestamp=3301 ms, used_size=7686144 bytes (18.8%)
(RDMA_READ_CONSUME_CHECK_CONSUMER) timestamp=3301 ms, used_size=7684096 bytes (18.8%)
(RDMA_READ_CONSUME_CHECK_CONSUMER) timestamp=3301 ms, used_size=7682048 bytes (18.8%)
(RDMA_READ_CONSUME_CHECK_CONSUMER) timestamp=3301 ms, used_size=7680000 bytes (18.8%)
(RDMA_READ_CONSUME_CHECK_CONSUMER) timestamp=3301 ms, used_size=7677952 bytes (18.7%)
(RDMA_READ_CONSUME_CHECK_CONSUMER) timestamp=3301 ms, used_size=7675904 bytes (18.7%)
(RDMA_READ_CONSUME_CHECK_CONSUMER) timestamp=3301 ms, used_size=7673856 bytes (18.7%)
(RDMA_READ_CONSUME_CHECK_CONSUMER) timestamp=3301 ms, used_size=7671808 bytes (18.7%)
(RDMA_READ_CONSUME_CHECK_CONSUMER) timestamp=3301 ms, used_size=7669760 bytes (18.7%)
(RDMA_READ_CONSUME_CHECK_CONSUMER) timestamp=3301 ms, used_size=7667712 bytes (18.7%)
(RDMA_READ_CONSUME_CHECK_CONSUMER) timestamp=3301 ms, used_size=7665664 bytes (18.7%)
(RDMA_READ_CONSUME_CHECK_CONSUMER) timestamp=3301 ms, used_size=7663616 bytes (18.7%)
(RDMA_READ_CONSUME_CHECK_CONSUMER) timestamp=3301 ms, used_size=7661568 bytes (18.7%)
(RDMA_READ_CONSUME_CHECK_CONSUMER) timestamp=3301 ms, used_size=7659520 bytes (18.7%)
(RDMA_READ_CONSUME_CHECK_CONSUMER) timestamp=3301 ms, used_size=7657472 bytes (18.7%)
(RDMA_READ_CONSUME_CHECK_CONSUMER) timestamp=3301 ms, used_size=7655424 bytes (18.7%)
(RDMA_READ_CONSUME_CHECK_CONSUMER) timestamp=3301 ms, used_size=7653376 bytes (18.7%)
(RDMA_READ_CONSUME_CHECK_CONSUMER) timestamp=3301 ms, used_size=7651328 bytes (18.7%)
(RDMA_READ_CONSUME_CHECK_CONSUMER) timestamp=3301 ms, used_size=7649280 bytes (18.7%)
(RDMA_READ_CONSUME_CHECK_CONSUMER) timestamp=3301 ms, used_size=7647232 bytes (18.7%)
(RDMA_READ_CONSUME_CHECK_CONSUMER) timestamp=3301 ms, used_size=7645184 bytes (18.7%)
(RDMA_READ_CONSUME_CHECK_CONSUMER) timestamp=3301 ms, used_size=7643136 bytes (18.7%)
(RDMA_READ_CONSUME_CHECK_CONSUMER) timestamp=3301 ms, used_size=7641088 bytes (18.7%)
(RDMA_READ_CONSUME_CHECK_CONSUMER) timestamp=3301 ms, used_size=7639040 bytes (18.6%)
(RDMA_READ_CONSUME_CHECK_CONSUMER) timestamp=3301 ms, used_size=7636992 bytes (18.6%)
(RDMA_READ_CONSUME_CHECK_CONSUMER) timestamp=3301 ms, used_size=7634944 bytes (18.6%)
(RDMA_READ_CONSUME_CHECK_CONSUMER) timestamp=3301 ms, used_size=7632896 bytes (18.6%)
(RDMA_READ_CONSUME_CHECK_CONSUMER) timestamp=3301 ms, used_size=7630848 bytes (18.6%)
(RDMA_READ_CONSUME_CHECK_CONSUMER) timestamp=3301 ms, used_size=7628800 bytes (18.6%)
(RDMA_READ_CONSUME_CHECK_CONSUMER) timestamp=3302 ms, used_size=7626752 bytes (18.6%)
(RDMA_READ_CONSUME_CHECK_CONSUMER) timestamp=3302 ms, used_size=7624704 bytes (18.6%)
(RDMA_READ_CONSUME_CHECK_CONSUMER) timestamp=3302 ms, used_size=7622656 bytes (18.6%)
(RDMA_READ_CONSUME_CHECK_CONSUMER) timestamp=3302 ms, used_size=7620608 bytes (18.6%)
(RDMA_READ_CONSUME_CHECK_CONSUMER) timestamp=3302 ms, used_size=7618560 bytes (18.6%)
(RDMA_READ_CONSUME_CHECK_CONSUMER) timestamp=3302 ms, used_size=7616512 bytes (18.6%)
(RDMA_READ_CONSUME_CHECK_CONSUMER) timestamp=3302 ms, used_size=7614464 bytes (18.6%)
(RDMA_READ_CONSUME_CHECK_CONSUMER) timestamp=3302 ms, used_size=7612416 bytes (18.6%)
(RDMA_READ_CONSUME_CHECK_CONSUMER) timestamp=3302 ms, used_size=7610368 bytes (18.6%)
(RDMA_READ_CONSUME_CHECK_CONSUMER) timestamp=3302 ms, used_size=7608320 bytes (18.6%)
(RDMA_READ_CONSUME_CHECK_CONSUMER) timestamp=3302 ms, used_size=7606272 bytes (18.6%)
(RDMA_READ_CONSUME_CHECK_CONSUMER) timestamp=3302 ms, used_size=7604224 bytes (18.6%)
(RDMA_READ_CONSUME_CHECK_CONSUMER) timestamp=3302 ms, used_size=7602176 bytes (18.6%)
(RDMA_READ_CONSUME_CHECK_CONSUMER) timestamp=3302 ms, used_size=7600128 bytes (18.6%)
(RDMA_READ_CONSUME_CHECK_CONSUMER) timestamp=3302 ms, used_size=7598080 bytes (18.6%)
(RDMA_READ_CONSUME_CHECK_CONSUMER) timestamp=3302 ms, used_size=7596032 bytes (18.5%)
(RDMA_READ_CONSUME_CHECK_CONSUMER) timestamp=3302 ms, used_size=7593984 bytes (18.5%)
(RDMA_READ_CONSUME_CHECK_CONSUMER) timestamp=3302 ms, used_size=7591936 bytes (18.5%)
(RDMA_READ_CONSUME_CHECK_CONSUMER) timestamp=3302 ms, used_size=7589888 bytes (18.5%)
(RDMA_READ_CONSUME_CHECK_CONSUMER) timestamp=3302 ms, used_size=7587840 bytes (18.5%)
(RDMA_READ_CONSUME_CHECK_CONSUMER) timestamp=3302 ms, used_size=7585792 bytes (18.5%)
(RDMA_READ_CONSUME_CHECK_CONSUMER) timestamp=3302 ms, used_size=7583744 bytes (18.5%)
(RDMA_READ_CONSUME_CHECK_CONSUMER) timestamp=3302 ms, used_size=7581696 bytes (18.5%)
(RDMA_READ_CONSUME_CHECK_CONSUMER) timestamp=3302 ms, used_size=7579648 bytes (18.5%)
(RDMA_READ_CONSUME_CHECK_CONSUMER) timestamp=3302 ms, used_size=7577600 bytes (18.5%)
(RDMA_READ_CONSUME_CHECK_CONSUMER) timestamp=3302 ms, used_size=7575552 bytes (18.5%)
(RDMA_READ_CONSUME_CHECK_CONSUMER) timestamp=3302 ms, used_size=7573504 bytes (18.5%)
(RDMA_READ_CONSUME_CHECK_CONSUMER) timestamp=3302 ms, used_size=7571456 bytes (18.5%)
(RDMA_READ_CONSUME_CHECK_CONSUMER) timestamp=3302 ms, used_size=7569408 bytes (18.5%)
(RDMA_READ_CONSUME_CHECK_CONSUMER) timestamp=3302 ms, used_size=7567360 bytes (18.5%)
(RDMA_READ_CONSUME_CHECK_CONSUMER) timestamp=3302 ms, used_size=7565312 bytes (18.5%)
(RDMA_READ_CONSUME_CHECK_CONSUMER) timestamp=3302 ms, used_size=7563264 bytes (18.5%)
(RDMA_READ_CONSUME_CHECK_CONSUMER) timestamp=3302 ms, used_size=7561216 bytes (18.5%)
(RDMA_READ_CONSUME_CHECK_CONSUMER) timestamp=3302 ms, used_size=7559168 bytes (18.5%)
(RDMA_READ_CONSUME_CHECK_CONSUMER) timestamp=3302 ms, used_size=7557120 bytes (18.4%)
(RDMA_READ_CONSUME_CHECK_CONSUMER) timestamp=3302 ms, used_size=7555072 bytes (18.4%)
(RDMA_READ_CONSUME_CHECK_CONSUMER) timestamp=3302 ms, used_size=7553024 bytes (18.4%)
(RDMA_READ_CONSUME_CHECK_CONSUMER) timestamp=3302 ms, used_size=7550976 bytes (18.4%)
(RDMA_READ_CONSUME_CHECK_CONSUMER) timestamp=3302 ms, used_size=7548928 bytes (18.4%)
(RDMA_READ_CONSUME_CHECK_CONSUMER) timestamp=3302 ms, used_size=7546880 bytes (18.4%)
(RDMA_READ_CONSUME_CHECK_CONSUMER) timestamp=3302 ms, used_size=7544832 bytes (18.4%)
(RDMA_READ_CONSUME_CHECK_CONSUMER) timestamp=3302 ms, used_size=7542784 bytes (18.4%)
(RDMA_READ_CONSUME_CHECK_CONSUMER) timestamp=3302 ms, used_size=7540736 bytes (18.4%)
(RDMA_READ_CONSUME_CHECK_CONSUMER) timestamp=3302 ms, used_size=7538688 bytes (18.4%)
(RDMA_READ_CONSUME_CHECK_CONSUMER) timestamp=3302 ms, used_size=7536640 bytes (18.4%)
(RDMA_READ_CONSUME_CHECK_CONSUMER) timestamp=3302 ms, used_size=7534592 bytes (18.4%)
(RDMA_READ_CONSUME_CHECK_CONSUMER) timestamp=3302 ms, used_size=7532544 bytes (18.4%)
(RDMA_READ_CONSUME_CHECK_CONSUMER) timestamp=3302 ms, used_size=7530496 bytes (18.4%)
(RDMA_READ_CONSUME_CHECK_CONSUMER) timestamp=3302 ms, used_size=7528448 bytes (18.4%)
(RDMA_READ_CONSUME_CHECK_CONSUMER) timestamp=3302 ms, used_size=7526400 bytes (18.4%)
(RDMA_READ_CONSUME_CHECK_CONSUMER) timestamp=3302 ms, used_size=7524352 bytes (18.4%)
(RDMA_READ_CONSUME_CHECK_CONSUMER) timestamp=3302 ms, used_size=7522304 bytes (18.4%)
(RDMA_READ_CONSUME_CHECK_CONSUMER) timestamp=3302 ms, used_size=7520256 bytes (18.4%)
(RDMA_READ_CONSUME_CHECK_CONSUMER) timestamp=3302 ms, used_size=7518208 bytes (18.4%)
(RDMA_READ_CONSUME_CHECK_CONSUMER) timestamp=3302 ms, used_size=7516160 bytes (18.4%)
(RDMA_READ_CONSUME_CHECK_CONSUMER) timestamp=3302 ms, used_size=7514112 bytes (18.3%)
(RDMA_READ_CONSUME_CHECK_CONSUMER) timestamp=3302 ms, used_size=7512064 bytes (18.3%)
(RDMA_READ_CONSUME_CHECK_CONSUMER) timestamp=3302 ms, used_size=7510016 bytes (18.3%)
(RDMA_READ_CONSUME_CHECK_CONSUMER) timestamp=3302 ms, used_size=7507968 bytes (18.3%)
(RDMA_READ_CONSUME_CHECK_CONSUMER) timestamp=3302 ms, used_size=7505920 bytes (18.3%)
(RDMA_READ_CONSUME_CHECK_CONSUMER) timestamp=3302 ms, used_size=7503872 bytes (18.3%)
(RDMA_READ_CONSUME_CHECK_CONSUMER) timestamp=3302 ms, used_size=7501824 bytes (18.3%)
(RDMA_READ_CONSUME_CHECK_CONSUMER) timestamp=3302 ms, used_size=7499776 bytes (18.3%)
(RDMA_READ_CONSUME_CHECK_CONSUMER) timestamp=3302 ms, used_size=7497728 bytes (18.3%)
(RDMA_READ_CONSUME_CHECK_CONSUMER) timestamp=3302 ms, used_size=7495680 bytes (18.3%)
(RDMA_READ_CONSUME_CHECK_CONSUMER) timestamp=3302 ms, used_size=7493632 bytes (18.3%)
(RDMA_READ_CONSUME_CHECK_CONSUMER) timestamp=3302 ms, used_size=7491584 bytes (18.3%)
(RDMA_READ_CONSUME_CHECK_CONSUMER) timestamp=3302 ms, used_size=7489536 bytes (18.3%)
(RDMA_READ_CONSUME_CHECK_CONSUMER) timestamp=3302 ms, used_size=7487488 bytes (18.3%)
(RDMA_READ_CONSUME_CHECK_CONSUMER) timestamp=3302 ms, used_size=7485440 bytes (18.3%)
(RDMA_READ_CONSUME_CHECK_CONSUMER) timestamp=3302 ms, used_size=7483392 bytes (18.3%)
(RDMA_READ_CONSUME_CHECK_CONSUMER) timestamp=3302 ms, used_size=7481344 bytes (18.3%)
(RDMA_READ_CONSUME_CHECK_CONSUMER) timestamp=3302 ms, used_size=7479296 bytes (18.3%)
(RDMA_READ_CONSUME_CHECK_CONSUMER) timestamp=3302 ms, used_size=7477248 bytes (18.3%)
(RDMA_READ_CONSUME_CHECK_CONSUMER) timestamp=3302 ms, used_size=7475200 bytes (18.2%)
(RDMA_READ_CONSUME_CHECK_CONSUMER) timestamp=3302 ms, used_size=7473152 bytes (18.2%)
(RDMA_READ_CONSUME_CHECK_CONSUMER) timestamp=3302 ms, used_size=7471104 bytes (18.2%)
(RDMA_READ_CONSUME_CHECK_CONSUMER) timestamp=3302 ms, used_size=7469056 bytes (18.2%)
(RDMA_READ_CONSUME_CHECK_CONSUMER) timestamp=3302 ms, used_size=7467008 bytes (18.2%)
(RDMA_READ_CONSUME_CHECK_CONSUMER) timestamp=3302 ms, used_size=7464960 bytes (18.2%)
(RDMA_READ_CONSUME_CHECK_CONSUMER) timestamp=3302 ms, used_size=7462912 bytes (18.2%)
(RDMA_READ_CONSUME_CHECK_CONSUMER) timestamp=3302 ms, used_size=7460864 bytes (18.2%)
(RDMA_READ_CONSUME_CHECK_CONSUMER) timestamp=3302 ms, used_size=7458816 bytes (18.2%)
(RDMA_READ_CONSUME_CHECK_CONSUMER) timestamp=3302 ms, used_size=7456768 bytes (18.2%)
(RDMA_READ_CONSUME_CHECK_CONSUMER) timestamp=3302 ms, used_size=7454720 bytes (18.2%)
(RDMA_READ_CONSUME_CHECK_CONSUMER) timestamp=3302 ms, used_size=7452672 bytes (18.2%)
(RDMA_READ_CONSUME_CHECK_CONSUMER) timestamp=3302 ms, used_size=7450624 bytes (18.2%)
(RDMA_READ_CONSUME_CHECK_CONSUMER) timestamp=3302 ms, used_size=7448576 bytes (18.2%)
(RDMA_READ_CONSUME_CHECK_CONSUMER) timestamp=3302 ms, used_size=7446528 bytes (18.2%)
(RDMA_READ_CONSUME_CHECK_CONSUMER) timestamp=3302 ms, used_size=7444480 bytes (18.2%)
(RDMA_READ_CONSUME_CHECK_CONSUMER) timestamp=3302 ms, used_size=7442432 bytes (18.2%)
(RDMA_READ_CONSUME_CHECK_CONSUMER) timestamp=3302 ms, used_size=7440384 bytes (18.2%)
(RDMA_READ_CONSUME_CHECK_CONSUMER) timestamp=3302 ms, used_size=7438336 bytes (18.2%)
(RDMA_READ_CONSUME_CHECK_CONSUMER) timestamp=3302 ms, used_size=7436288 bytes (18.2%)
(RDMA_READ_CONSUME_CHECK_CONSUMER) timestamp=3302 ms, used_size=7434240 bytes (18.1%)
(RDMA_READ_CONSUME_CHECK_CONSUMER) timestamp=3302 ms, used_size=7432192 bytes (18.1%)
(RDMA_READ_CONSUME_CHECK_CONSUMER) timestamp=3302 ms, used_size=7430144 bytes (18.1%)
(RDMA_READ_CONSUME_CHECK_CONSUMER) timestamp=3302 ms, used_size=7428096 bytes (18.1%)
(RDMA_READ_CONSUME_CHECK_CONSUMER) timestamp=3302 ms, used_size=7426048 bytes (18.1%)
(RDMA_READ_CONSUME_CHECK_CONSUMER) timestamp=3302 ms, used_size=7424000 bytes (18.1%)
(RDMA_READ_CONSUME_CHECK_CONSUMER) timestamp=3302 ms, used_size=7421952 bytes (18.1%)
(RDMA_READ_CONSUME_CHECK_CONSUMER) timestamp=3302 ms, used_size=7419904 bytes (18.1%)
(RDMA_READ_CONSUME_CHECK_CONSUMER) timestamp=3302 ms, used_size=7417856 bytes (18.1%)
(RDMA_READ_CONSUME_CHECK_CONSUMER) timestamp=3302 ms, used_size=7415808 bytes (18.1%)
(RDMA_READ_CONSUME_CHECK_CONSUMER) timestamp=3302 ms, used_size=7413760 bytes (18.1%)
(RDMA_READ_CONSUME_CHECK_CONSUMER) timestamp=3302 ms, used_size=7411712 bytes (18.1%)
(RDMA_READ_CONSUME_CHECK_CONSUMER) timestamp=3302 ms, used_size=7409664 bytes (18.1%)
(RDMA_READ_CONSUME_CHECK_CONSUMER) timestamp=3302 ms, used_size=7407616 bytes (18.1%)
(RDMA_READ_CONSUME_CHECK_CONSUMER) timestamp=3302 ms, used_size=7405568 bytes (18.1%)
(RDMA_READ_CONSUME_CHECK_CONSUMER) timestamp=3302 ms, used_size=7403520 bytes (18.1%)
(RDMA_READ_CONSUME_CHECK_CONSUMER) timestamp=3302 ms, used_size=7401472 bytes (18.1%)
(RDMA_READ_CONSUME_CHECK_CONSUMER) timestamp=3302 ms, used_size=7399424 bytes (18.1%)
(RDMA_READ_CONSUME_CHECK_CONSUMER) timestamp=3302 ms, used_size=7397376 bytes (18.1%)
(RDMA_READ_CONSUME_CHECK_CONSUMER) timestamp=3302 ms, used_size=7395328 bytes (18.1%)
(RDMA_READ_CONSUME_CHECK_CONSUMER) timestamp=3302 ms, used_size=7393280 bytes (18.1%)
(RDMA_READ_CONSUME_CHECK_CONSUMER) timestamp=3302 ms, used_size=7391232 bytes (18.0%)
(RDMA_READ_CONSUME_CHECK_CONSUMER) timestamp=3302 ms, used_size=7389184 bytes (18.0%)
(RDMA_READ_CONSUME_CHECK_CONSUMER) timestamp=3302 ms, used_size=7387136 bytes (18.0%)
(RDMA_READ_CONSUME_CHECK_CONSUMER) timestamp=3302 ms, used_size=7385088 bytes (18.0%)
(RDMA_READ_CONSUME_CHECK_CONSUMER) timestamp=3302 ms, used_size=7383040 bytes (18.0%)
(RDMA_READ_CONSUME_CHECK_CONSUMER) timestamp=3302 ms, used_size=7380992 bytes (18.0%)
(RDMA_READ_CONSUME_CHECK_CONSUMER) timestamp=3302 ms, used_size=7378944 bytes (18.0%)
(RDMA_READ_CONSUME_CHECK_CONSUMER) timestamp=3302 ms, used_size=7376896 bytes (18.0%)
(RDMA_READ_CONSUME_CHECK_CONSUMER) timestamp=3302 ms, used_size=7374848 bytes (18.0%)
(RDMA_READ_CONSUME_CHECK_CONSUMER) timestamp=3302 ms, used_size=7372800 bytes (18.0%)
(RDMA_READ_CONSUME_CHECK_CONSUMER) timestamp=3302 ms, used_size=7370752 bytes (18.0%)
(RDMA_READ_CONSUME_CHECK_CONSUMER) timestamp=3302 ms, used_size=7368704 bytes (18.0%)
(RDMA_READ_CONSUME_CHECK_CONSUMER) timestamp=3302 ms, used_size=7366656 bytes (18.0%)
(RDMA_READ_CONSUME_CHECK_CONSUMER) timestamp=3302 ms, used_size=7364608 bytes (18.0%)
(RDMA_READ_CONSUME_CHECK_CONSUMER) timestamp=3302 ms, used_size=7362560 bytes (18.0%)
(RDMA_READ_CONSUME_CHECK_CONSUMER) timestamp=3302 ms, used_size=7360512 bytes (18.0%)
(RDMA_READ_CONSUME_CHECK_CONSUMER) timestamp=3302 ms, used_size=7358464 bytes (18.0%)
(RDMA_READ_CONSUME_CHECK_CONSUMER) timestamp=3302 ms, used_size=7356416 bytes (18.0%)
(RDMA_READ_CONSUME_CHECK_CONSUMER) timestamp=3302 ms, used_size=7354368 bytes (18.0%)
(RDMA_READ_CONSUME_CHECK_CONSUMER) timestamp=3302 ms, used_size=7352320 bytes (17.9%)
(RDMA_READ_CONSUME_CHECK_CONSUMER) timestamp=3302 ms, used_size=7350272 bytes (17.9%)
(RDMA_READ_CONSUME_CHECK_CONSUMER) timestamp=3302 ms, used_size=7348224 bytes (17.9%)
(RDMA_READ_CONSUME_CHECK_CONSUMER) timestamp=3302 ms, used_size=7346176 bytes (17.9%)
(RDMA_READ_CONSUME_CHECK_CONSUMER) timestamp=3302 ms, used_size=7344128 bytes (17.9%)
(RDMA_READ_CONSUME_CHECK_CONSUMER) timestamp=3302 ms, used_size=7342080 bytes (17.9%)
(RDMA_READ_CONSUME_CHECK_CONSUMER) timestamp=3302 ms, used_size=7340032 bytes (17.9%)
(RDMA_READ_CONSUME_CHECK_CONSUMER) timestamp=3302 ms, used_size=7337984 bytes (17.9%)
(RDMA_READ_CONSUME_CHECK_CONSUMER) timestamp=3302 ms, used_size=7335936 bytes (17.9%)
(RDMA_READ_CONSUME_CHECK_CONSUMER) timestamp=3302 ms, used_size=7333888 bytes (17.9%)
(RDMA_READ_CONSUME_CHECK_CONSUMER) timestamp=3302 ms, used_size=7331840 bytes (17.9%)
(RDMA_READ_CONSUME_CHECK_CONSUMER) timestamp=3302 ms, used_size=7329792 bytes (17.9%)
(RDMA_READ_CONSUME_CHECK_CONSUMER) timestamp=3302 ms, used_size=7327744 bytes (17.9%)
(RDMA_READ_CONSUME_CHECK_CONSUMER) timestamp=3302 ms, used_size=7325696 bytes (17.9%)
(RDMA_READ_CONSUME_CHECK_CONSUMER) timestamp=3302 ms, used_size=7323648 bytes (17.9%)
(RDMA_READ_CONSUME_CHECK_CONSUMER) timestamp=3302 ms, used_size=7321600 bytes (17.9%)
(RDMA_READ_CONSUME_CHECK_CONSUMER) timestamp=3302 ms, used_size=7319552 bytes (17.9%)
(RDMA_READ_CONSUME_CHECK_CONSUMER) timestamp=3302 ms, used_size=7317504 bytes (17.9%)
(RDMA_READ_CONSUME_CHECK_CONSUMER) timestamp=3302 ms, used_size=7315456 bytes (17.9%)
(RDMA_READ_CONSUME_CHECK_CONSUMER) timestamp=3302 ms, used_size=7313408 bytes (17.9%)
(RDMA_READ_CONSUME_CHECK_CONSUMER) timestamp=3302 ms, used_size=7311360 bytes (17.9%)
(RDMA_READ_CONSUME_CHECK_CONSUMER) timestamp=3302 ms, used_size=7309312 bytes (17.8%)
(RDMA_READ_CONSUME_CHECK_CONSUMER) timestamp=3302 ms, used_size=7307264 bytes (17.8%)
(RDMA_READ_CONSUME_CHECK_CONSUMER) timestamp=3302 ms, used_size=7305216 bytes (17.8%)
(RDMA_READ_CONSUME_CHECK_CONSUMER) timestamp=3302 ms, used_size=7303168 bytes (17.8%)
(RDMA_READ_CONSUME_CHECK_CONSUMER) timestamp=3302 ms, used_size=7301120 bytes (17.8%)
(RDMA_READ_CONSUME_CHECK_CONSUMER) timestamp=3302 ms, used_size=7299072 bytes (17.8%)
(RDMA_READ_CONSUME_CHECK_CONSUMER) timestamp=3302 ms, used_size=7297024 bytes (17.8%)
(RDMA_READ_CONSUME_CHECK_CONSUMER) timestamp=3302 ms, used_size=7294976 bytes (17.8%)
(RDMA_READ_CONSUME_CHECK_CONSUMER) timestamp=3302 ms, used_size=7292928 bytes (17.8%)
(RDMA_READ_CONSUME_CHECK_CONSUMER) timestamp=3302 ms, used_size=7290880 bytes (17.8%)
(RDMA_READ_CONSUME_CHECK_CONSUMER) timestamp=3302 ms, used_size=7288832 bytes (17.8%)
(RDMA_READ_CONSUME_CHECK_CONSUMER) timestamp=3302 ms, used_size=7286784 bytes (17.8%)
(RDMA_READ_CONSUME_CHECK_CONSUMER) timestamp=3302 ms, used_size=7284736 bytes (17.8%)
(RDMA_READ_CONSUME_CHECK_CONSUMER) timestamp=3302 ms, used_size=7282688 bytes (17.8%)
(RDMA_READ_CONSUME_CHECK_CONSUMER) timestamp=3302 ms, used_size=7280640 bytes (17.8%)
(RDMA_READ_CONSUME_CHECK_CONSUMER) timestamp=3302 ms, used_size=7278592 bytes (17.8%)
(RDMA_READ_CONSUME_CHECK_CONSUMER) timestamp=3302 ms, used_size=7276544 bytes (17.8%)
(RDMA_READ_CONSUME_CHECK_CONSUMER) timestamp=3302 ms, used_size=7274496 bytes (17.8%)
(RDMA_READ_CONSUME_CHECK_CONSUMER) timestamp=3302 ms, used_size=7272448 bytes (17.8%)
(RDMA_READ_CONSUME_CHECK_CONSUMER) timestamp=3302 ms, used_size=7270400 bytes (17.8%)
(RDMA_READ_CONSUME_CHECK_CONSUMER) timestamp=3302 ms, used_size=7268352 bytes (17.7%)
(RDMA_READ_CONSUME_CHECK_CONSUMER) timestamp=3302 ms, used_size=7266304 bytes (17.7%)
(RDMA_READ_CONSUME_CHECK_CONSUMER) timestamp=3302 ms, used_size=7264256 bytes (17.7%)
(RDMA_READ_CONSUME_CHECK_CONSUMER) timestamp=3302 ms, used_size=7262208 bytes (17.7%)
(RDMA_READ_CONSUME_CHECK_CONSUMER) timestamp=3303 ms, used_size=7260160 bytes (17.7%)
(RDMA_READ_CONSUME_CHECK_CONSUMER) timestamp=3303 ms, used_size=7258112 bytes (17.7%)
(RDMA_READ_CONSUME_CHECK_CONSUMER) timestamp=3303 ms, used_size=7256064 bytes (17.7%)
(RDMA_READ_CONSUME_CHECK_CONSUMER) timestamp=3303 ms, used_size=7254016 bytes (17.7%)
(RDMA_READ_CONSUME_CHECK_CONSUMER) timestamp=3303 ms, used_size=7251968 bytes (17.7%)
(RDMA_READ_CONSUME_CHECK_CONSUMER) timestamp=3303 ms, used_size=7249920 bytes (17.7%)
(RDMA_READ_CONSUME_CHECK_CONSUMER) timestamp=3303 ms, used_size=7247872 bytes (17.7%)
(RDMA_READ_CONSUME_CHECK_CONSUMER) timestamp=3303 ms, used_size=7245824 bytes (17.7%)
(RDMA_READ_CONSUME_CHECK_CONSUMER) timestamp=3303 ms, used_size=7243776 bytes (17.7%)
(RDMA_READ_CONSUME_CHECK_CONSUMER) timestamp=3303 ms, used_size=7241728 bytes (17.7%)
(RDMA_READ_CONSUME_CHECK_CONSUMER) timestamp=3303 ms, used_size=7239680 bytes (17.7%)
(RDMA_READ_CONSUME_CHECK_CONSUMER) timestamp=3303 ms, used_size=7237632 bytes (17.7%)
(RDMA_READ_CONSUME_CHECK_CONSUMER) timestamp=3303 ms, used_size=7235584 bytes (17.7%)
(RDMA_READ_CONSUME_CHECK_CONSUMER) timestamp=3303 ms, used_size=7233536 bytes (17.7%)
(RDMA_READ_CONSUME_CHECK_CONSUMER) timestamp=3303 ms, used_size=7231488 bytes (17.7%)
(RDMA_READ_CONSUME_CHECK_CONSUMER) timestamp=3303 ms, used_size=7229440 bytes (17.6%)
(RDMA_READ_CONSUME_CHECK_CONSUMER) timestamp=3303 ms, used_size=7227392 bytes (17.6%)
(RDMA_READ_CONSUME_CHECK_CONSUMER) timestamp=3303 ms, used_size=7225344 bytes (17.6%)
(RDMA_READ_CONSUME_CHECK_CONSUMER) timestamp=3303 ms, used_size=7223296 bytes (17.6%)
(RDMA_READ_CONSUME_CHECK_CONSUMER) timestamp=3303 ms, used_size=7221248 bytes (17.6%)
(RDMA_READ_CONSUME_CHECK_CONSUMER) timestamp=3303 ms, used_size=7219200 bytes (17.6%)
(RDMA_READ_CONSUME_CHECK_CONSUMER) timestamp=3303 ms, used_size=7217152 bytes (17.6%)
(RDMA_READ_CONSUME_CHECK_CONSUMER) timestamp=3303 ms, used_size=7215104 bytes (17.6%)
(RDMA_READ_CONSUME_CHECK_CONSUMER) timestamp=3303 ms, used_size=7213056 bytes (17.6%)
(RDMA_READ_CONSUME_CHECK_CONSUMER) timestamp=3303 ms, used_size=7211008 bytes (17.6%)
(RDMA_READ_CONSUME_CHECK_CONSUMER) timestamp=3303 ms, used_size=7208960 bytes (17.6%)
(RDMA_READ_CONSUME_CHECK_CONSUMER) timestamp=3303 ms, used_size=7206912 bytes (17.6%)
(RDMA_READ_CONSUME_CHECK_CONSUMER) timestamp=3303 ms, used_size=7204864 bytes (17.6%)
(RDMA_READ_CONSUME_CHECK_CONSUMER) timestamp=3303 ms, used_size=7202816 bytes (17.6%)
(RDMA_READ_CONSUME_CHECK_CONSUMER) timestamp=3303 ms, used_size=7200768 bytes (17.6%)
(RDMA_READ_CONSUME_CHECK_CONSUMER) timestamp=3303 ms, used_size=7198720 bytes (17.6%)
(RDMA_READ_CONSUME_CHECK_CONSUMER) timestamp=3303 ms, used_size=7196672 bytes (17.6%)
(RDMA_READ_CONSUME_CHECK_CONSUMER) timestamp=3303 ms, used_size=7194624 bytes (17.6%)
(RDMA_READ_CONSUME_CHECK_CONSUMER) timestamp=3303 ms, used_size=7192576 bytes (17.6%)
(RDMA_READ_CONSUME_CHECK_CONSUMER) timestamp=3303 ms, used_size=7190528 bytes (17.6%)
(RDMA_READ_CONSUME_CHECK_CONSUMER) timestamp=3303 ms, used_size=7188480 bytes (17.6%)
(RDMA_READ_CONSUME_CHECK_CONSUMER) timestamp=3303 ms, used_size=7186432 bytes (17.5%)
(RDMA_READ_CONSUME_CHECK_CONSUMER) timestamp=3303 ms, used_size=7184384 bytes (17.5%)
(RDMA_READ_CONSUME_CHECK_CONSUMER) timestamp=3303 ms, used_size=7182336 bytes (17.5%)
(RDMA_READ_CONSUME_CHECK_CONSUMER) timestamp=3303 ms, used_size=7180288 bytes (17.5%)
(RDMA_READ_CONSUME_CHECK_CONSUMER) timestamp=3303 ms, used_size=7178240 bytes (17.5%)
(RDMA_READ_CONSUME_CHECK_CONSUMER) timestamp=3303 ms, used_size=7176192 bytes (17.5%)
(RDMA_READ_CONSUME_CHECK_CONSUMER) timestamp=3303 ms, used_size=7174144 bytes (17.5%)
(RDMA_READ_CONSUME_CHECK_CONSUMER) timestamp=3303 ms, used_size=7172096 bytes (17.5%)
(RDMA_READ_CONSUME_CHECK_CONSUMER) timestamp=3303 ms, used_size=7170048 bytes (17.5%)
(RDMA_READ_CONSUME_CHECK_CONSUMER) timestamp=3303 ms, used_size=7168000 bytes (17.5%)
(RDMA_READ_CONSUME_CHECK_CONSUMER) timestamp=3303 ms, used_size=7165952 bytes (17.5%)
(RDMA_READ_CONSUME_CHECK_CONSUMER) timestamp=3303 ms, used_size=7163904 bytes (17.5%)
(RDMA_READ_CONSUME_CHECK_CONSUMER) timestamp=3303 ms, used_size=7161856 bytes (17.5%)
(RDMA_READ_CONSUME_CHECK_CONSUMER) timestamp=3303 ms, used_size=7159808 bytes (17.5%)
(RDMA_READ_CONSUME_CHECK_CONSUMER) timestamp=3303 ms, used_size=7157760 bytes (17.5%)
(RDMA_READ_CONSUME_CHECK_CONSUMER) timestamp=3303 ms, used_size=7155712 bytes (17.5%)
(RDMA_READ_CONSUME_CHECK_CONSUMER) timestamp=3303 ms, used_size=7153664 bytes (17.5%)
(RDMA_READ_CONSUME_CHECK_CONSUMER) timestamp=3303 ms, used_size=7151616 bytes (17.5%)
(RDMA_READ_CONSUME_CHECK_CONSUMER) timestamp=3303 ms, used_size=7149568 bytes (17.5%)
(RDMA_READ_CONSUME_CHECK_CONSUMER) timestamp=3303 ms, used_size=7147520 bytes (17.4%)
(RDMA_READ_CONSUME_CHECK_CONSUMER) timestamp=3303 ms, used_size=7145472 bytes (17.4%)
(RDMA_READ_CONSUME_CHECK_CONSUMER) timestamp=3303 ms, used_size=7143424 bytes (17.4%)
(RDMA_READ_CONSUME_CHECK_CONSUMER) timestamp=3303 ms, used_size=7141376 bytes (17.4%)
(RDMA_READ_CONSUME_CHECK_CONSUMER) timestamp=3303 ms, used_size=7139328 bytes (17.4%)
(RDMA_READ_CONSUME_CHECK_CONSUMER) timestamp=3303 ms, used_size=7137280 bytes (17.4%)
(RDMA_READ_CONSUME_CHECK_CONSUMER) timestamp=3303 ms, used_size=7135232 bytes (17.4%)
(RDMA_READ_CONSUME_CHECK_CONSUMER) timestamp=3303 ms, used_size=7133184 bytes (17.4%)
(RDMA_READ_CONSUME_CHECK_CONSUMER) timestamp=3303 ms, used_size=7131136 bytes (17.4%)
(RDMA_READ_CONSUME_CHECK_CONSUMER) timestamp=3303 ms, used_size=7129088 bytes (17.4%)
(RDMA_READ_CONSUME_CHECK_CONSUMER) timestamp=3303 ms, used_size=7127040 bytes (17.4%)
(RDMA_READ_CONSUME_CHECK_CONSUMER) timestamp=3303 ms, used_size=7124992 bytes (17.4%)
(RDMA_READ_CONSUME_CHECK_CONSUMER) timestamp=3303 ms, used_size=7122944 bytes (17.4%)
(RDMA_READ_CONSUME_CHECK_CONSUMER) timestamp=3303 ms, used_size=7120896 bytes (17.4%)
(RDMA_READ_CONSUME_CHECK_CONSUMER) timestamp=3303 ms, used_size=7118848 bytes (17.4%)
(RDMA_READ_CONSUME_CHECK_CONSUMER) timestamp=3303 ms, used_size=7116800 bytes (17.4%)
(RDMA_READ_CONSUME_CHECK_CONSUMER) timestamp=3303 ms, used_size=7114752 bytes (17.4%)
(RDMA_READ_CONSUME_CHECK_CONSUMER) timestamp=3303 ms, used_size=7112704 bytes (17.4%)
(RDMA_READ_CONSUME_CHECK_CONSUMER) timestamp=3303 ms, used_size=7110656 bytes (17.4%)
(RDMA_READ_CONSUME_CHECK_CONSUMER) timestamp=3303 ms, used_size=7108608 bytes (17.4%)
(RDMA_READ_CONSUME_CHECK_CONSUMER) timestamp=3303 ms, used_size=7106560 bytes (17.4%)
(RDMA_READ_CONSUME_CHECK_CONSUMER) timestamp=3303 ms, used_size=7104512 bytes (17.3%)
(RDMA_READ_CONSUME_CHECK_CONSUMER) timestamp=3303 ms, used_size=7102464 bytes (17.3%)
(RDMA_READ_CONSUME_CHECK_CONSUMER) timestamp=3303 ms, used_size=7100416 bytes (17.3%)
(RDMA_READ_CONSUME_CHECK_CONSUMER) timestamp=3303 ms, used_size=7098368 bytes (17.3%)
(RDMA_READ_CONSUME_CHECK_CONSUMER) timestamp=3303 ms, used_size=7096320 bytes (17.3%)
(RDMA_READ_CONSUME_CHECK_CONSUMER) timestamp=3303 ms, used_size=7094272 bytes (17.3%)
(RDMA_READ_CONSUME_CHECK_CONSUMER) timestamp=3303 ms, used_size=7092224 bytes (17.3%)
(RDMA_READ_CONSUME_CHECK_CONSUMER) timestamp=3303 ms, used_size=7090176 bytes (17.3%)
(RDMA_READ_CONSUME_CHECK_CONSUMER) timestamp=3303 ms, used_size=7088128 bytes (17.3%)
(RDMA_READ_CONSUME_CHECK_CONSUMER) timestamp=3303 ms, used_size=7086080 bytes (17.3%)
(RDMA_READ_CONSUME_CHECK_CONSUMER) timestamp=3303 ms, used_size=7084032 bytes (17.3%)
(RDMA_READ_CONSUME_CHECK_CONSUMER) timestamp=3303 ms, used_size=7081984 bytes (17.3%)
(RDMA_READ_CONSUME_CHECK_CONSUMER) timestamp=3303 ms, used_size=7079936 bytes (17.3%)
(RDMA_READ_CONSUME_CHECK_CONSUMER) timestamp=3303 ms, used_size=7077888 bytes (17.3%)
(RDMA_READ_CONSUME_CHECK_CONSUMER) timestamp=3303 ms, used_size=7075840 bytes (17.3%)
(RDMA_READ_CONSUME_CHECK_CONSUMER) timestamp=3303 ms, used_size=7073792 bytes (17.3%)
(RDMA_READ_CONSUME_CHECK_CONSUMER) timestamp=3303 ms, used_size=7071744 bytes (17.3%)
(RDMA_READ_CONSUME_CHECK_CONSUMER) timestamp=3303 ms, used_size=7069696 bytes (17.3%)
(RDMA_READ_CONSUME_CHECK_CONSUMER) timestamp=3303 ms, used_size=7067648 bytes (17.3%)
(RDMA_READ_CONSUME_CHECK_CONSUMER) timestamp=3303 ms, used_size=7065600 bytes (17.2%)
(RDMA_READ_CONSUME_CHECK_CONSUMER) timestamp=3303 ms, used_size=7063552 bytes (17.2%)
(RDMA_READ_CONSUME_CHECK_CONSUMER) timestamp=3303 ms, used_size=7061504 bytes (17.2%)
(RDMA_READ_CONSUME_CHECK_CONSUMER) timestamp=3303 ms, used_size=7059456 bytes (17.2%)
(RDMA_READ_CONSUME_CHECK_CONSUMER) timestamp=3303 ms, used_size=7057408 bytes (17.2%)
(RDMA_READ_CONSUME_CHECK_CONSUMER) timestamp=3303 ms, used_size=7055360 bytes (17.2%)
(RDMA_READ_CONSUME_CHECK_CONSUMER) timestamp=3303 ms, used_size=7053312 bytes (17.2%)
(RDMA_READ_CONSUME_CHECK_CONSUMER) timestamp=3303 ms, used_size=7051264 bytes (17.2%)
(RDMA_READ_CONSUME_CHECK_CONSUMER) timestamp=3303 ms, used_size=7049216 bytes (17.2%)
(RDMA_READ_CONSUME_CHECK_CONSUMER) timestamp=3303 ms, used_size=7047168 bytes (17.2%)
(RDMA_READ_CONSUME_CHECK_CONSUMER) timestamp=3303 ms, used_size=7045120 bytes (17.2%)
(RDMA_READ_CONSUME_CHECK_CONSUMER) timestamp=3303 ms, used_size=7043072 bytes (17.2%)
(RDMA_READ_CONSUME_CHECK_CONSUMER) timestamp=3303 ms, used_size=7041024 bytes (17.2%)
(RDMA_READ_CONSUME_CHECK_CONSUMER) timestamp=3303 ms, used_size=7038976 bytes (17.2%)
(RDMA_READ_CONSUME_CHECK_CONSUMER) timestamp=3303 ms, used_size=7036928 bytes (17.2%)
(RDMA_READ_CONSUME_CHECK_CONSUMER) timestamp=3303 ms, used_size=7034880 bytes (17.2%)
(RDMA_READ_CONSUME_CHECK_CONSUMER) timestamp=3303 ms, used_size=7032832 bytes (17.2%)
(RDMA_READ_CONSUME_CHECK_CONSUMER) timestamp=3303 ms, used_size=7030784 bytes (17.2%)
(RDMA_READ_CONSUME_CHECK_CONSUMER) timestamp=3303 ms, used_size=7028736 bytes (17.2%)
(RDMA_READ_CONSUME_CHECK_CONSUMER) timestamp=3303 ms, used_size=7026688 bytes (17.2%)
(RDMA_READ_CONSUME_CHECK_CONSUMER) timestamp=3303 ms, used_size=7024640 bytes (17.1%)
(RDMA_READ_CONSUME_CHECK_CONSUMER) timestamp=3303 ms, used_size=7022592 bytes (17.1%)
(RDMA_READ_CONSUME_CHECK_CONSUMER) timestamp=3303 ms, used_size=7020544 bytes (17.1%)
(RDMA_READ_CONSUME_CHECK_CONSUMER) timestamp=3303 ms, used_size=7018496 bytes (17.1%)
(RDMA_READ_CONSUME_CHECK_CONSUMER) timestamp=3303 ms, used_size=7016448 bytes (17.1%)
(RDMA_READ_CONSUME_CHECK_CONSUMER) timestamp=3303 ms, used_size=7014400 bytes (17.1%)
(RDMA_READ_CONSUME_CHECK_CONSUMER) timestamp=3303 ms, used_size=7012352 bytes (17.1%)
(RDMA_READ_CONSUME_CHECK_CONSUMER) timestamp=3303 ms, used_size=7010304 bytes (17.1%)
(RDMA_READ_CONSUME_CHECK_CONSUMER) timestamp=3303 ms, used_size=7008256 bytes (17.1%)
(RDMA_READ_CONSUME_CHECK_CONSUMER) timestamp=3303 ms, used_size=7006208 bytes (17.1%)
(RDMA_READ_CONSUME_CHECK_CONSUMER) timestamp=3303 ms, used_size=7004160 bytes (17.1%)
(RDMA_READ_CONSUME_CHECK_CONSUMER) timestamp=3303 ms, used_size=7002112 bytes (17.1%)
(RDMA_READ_CONSUME_CHECK_CONSUMER) timestamp=3303 ms, used_size=7000064 bytes (17.1%)
(RDMA_READ_CONSUME_CHECK_CONSUMER) timestamp=3303 ms, used_size=6998016 bytes (17.1%)
(RDMA_READ_CONSUME_CHECK_CONSUMER) timestamp=3303 ms, used_size=6995968 bytes (17.1%)
(RDMA_READ_CONSUME_CHECK_CONSUMER) timestamp=3303 ms, used_size=6993920 bytes (17.1%)
(RDMA_READ_CONSUME_CHECK_CONSUMER) timestamp=3303 ms, used_size=6991872 bytes (17.1%)
(RDMA_READ_CONSUME_CHECK_CONSUMER) timestamp=3303 ms, used_size=6989824 bytes (17.1%)
(RDMA_READ_CONSUME_CHECK_CONSUMER) timestamp=3303 ms, used_size=6987776 bytes (17.1%)
(RDMA_READ_CONSUME_CHECK_CONSUMER) timestamp=3303 ms, used_size=6985728 bytes (17.1%)
(RDMA_READ_CONSUME_CHECK_CONSUMER) timestamp=3303 ms, used_size=6983680 bytes (17.1%)
(RDMA_READ_CONSUME_CHECK_CONSUMER) timestamp=3303 ms, used_size=6981632 bytes (17.0%)
(RDMA_READ_CONSUME_CHECK_CONSUMER) timestamp=3303 ms, used_size=6979584 bytes (17.0%)
(RDMA_READ_CONSUME_CHECK_CONSUMER) timestamp=3303 ms, used_size=6977536 bytes (17.0%)
(RDMA_READ_CONSUME_CHECK_CONSUMER) timestamp=3303 ms, used_size=6975488 bytes (17.0%)
(RDMA_READ_CONSUME_CHECK_CONSUMER) timestamp=3303 ms, used_size=6973440 bytes (17.0%)
(RDMA_READ_CONSUME_CHECK_CONSUMER) timestamp=3303 ms, used_size=6971392 bytes (17.0%)
(RDMA_READ_CONSUME_CHECK_CONSUMER) timestamp=3303 ms, used_size=6969344 bytes (17.0%)
(RDMA_READ_CONSUME_CHECK_CONSUMER) timestamp=3303 ms, used_size=6967296 bytes (17.0%)
(RDMA_READ_CONSUME_CHECK_CONSUMER) timestamp=3303 ms, used_size=6965248 bytes (17.0%)
(RDMA_READ_CONSUME_CHECK_CONSUMER) timestamp=3303 ms, used_size=6963200 bytes (17.0%)
(RDMA_READ_CONSUME_CHECK_CONSUMER) timestamp=3303 ms, used_size=6961152 bytes (17.0%)
(RDMA_READ_CONSUME_CHECK_CONSUMER) timestamp=3303 ms, used_size=6959104 bytes (17.0%)
(RDMA_READ_CONSUME_CHECK_CONSUMER) timestamp=3303 ms, used_size=6957056 bytes (17.0%)
(RDMA_READ_CONSUME_CHECK_CONSUMER) timestamp=3303 ms, used_size=6955008 bytes (17.0%)
(RDMA_READ_CONSUME_CHECK_CONSUMER) timestamp=3303 ms, used_size=6952960 bytes (17.0%)
(RDMA_READ_CONSUME_CHECK_CONSUMER) timestamp=3303 ms, used_size=6950912 bytes (17.0%)
(RDMA_READ_CONSUME_CHECK_CONSUMER) timestamp=3303 ms, used_size=6948864 bytes (17.0%)
(RDMA_READ_CONSUME_CHECK_CONSUMER) timestamp=3303 ms, used_size=6946816 bytes (17.0%)
(RDMA_READ_CONSUME_CHECK_CONSUMER) timestamp=3303 ms, used_size=6944768 bytes (17.0%)
(RDMA_READ_CONSUME_CHECK_CONSUMER) timestamp=3303 ms, used_size=6942720 bytes (16.9%)
(RDMA_READ_CONSUME_CHECK_CONSUMER) timestamp=3303 ms, used_size=6940672 bytes (16.9%)
(RDMA_READ_CONSUME_CHECK_CONSUMER) timestamp=3303 ms, used_size=6938624 bytes (16.9%)
(RDMA_READ_CONSUME_CHECK_CONSUMER) timestamp=3303 ms, used_size=6936576 bytes (16.9%)
(RDMA_READ_CONSUME_CHECK_CONSUMER) timestamp=3303 ms, used_size=6934528 bytes (16.9%)
(RDMA_READ_CONSUME_CHECK_CONSUMER) timestamp=3303 ms, used_size=6932480 bytes (16.9%)
(RDMA_READ_CONSUME_CHECK_CONSUMER) timestamp=3303 ms, used_size=6930432 bytes (16.9%)
(RDMA_READ_CONSUME_CHECK_CONSUMER) timestamp=3303 ms, used_size=6928384 bytes (16.9%)
(RDMA_READ_CONSUME_CHECK_CONSUMER) timestamp=3303 ms, used_size=6926336 bytes (16.9%)
(RDMA_READ_CONSUME_CHECK_CONSUMER) timestamp=3303 ms, used_size=6924288 bytes (16.9%)
(RDMA_READ_CONSUME_CHECK_CONSUMER) timestamp=3303 ms, used_size=6922240 bytes (16.9%)
(RDMA_READ_CONSUME_CHECK_CONSUMER) timestamp=3303 ms, used_size=6920192 bytes (16.9%)
(RDMA_READ_CONSUME_CHECK_CONSUMER) timestamp=3303 ms, used_size=6918144 bytes (16.9%)
(RDMA_READ_CONSUME_CHECK_CONSUMER) timestamp=3303 ms, used_size=6916096 bytes (16.9%)
(RDMA_READ_CONSUME_CHECK_CONSUMER) timestamp=3303 ms, used_size=6914048 bytes (16.9%)
(RDMA_READ_CONSUME_CHECK_CONSUMER) timestamp=3303 ms, used_size=6912000 bytes (16.9%)
(RDMA_READ_CONSUME_CHECK_CONSUMER) timestamp=3303 ms, used_size=6909952 bytes (16.9%)
(RDMA_READ_CONSUME_CHECK_CONSUMER) timestamp=3303 ms, used_size=6907904 bytes (16.9%)
(RDMA_READ_CONSUME_CHECK_CONSUMER) timestamp=3303 ms, used_size=6905856 bytes (16.9%)
(RDMA_READ_CONSUME_CHECK_CONSUMER) timestamp=3303 ms, used_size=6903808 bytes (16.9%)
(RDMA_READ_CONSUME_CHECK_CONSUMER) timestamp=3303 ms, used_size=6901760 bytes (16.9%)
(RDMA_READ_CONSUME_CHECK_CONSUMER) timestamp=3303 ms, used_size=6899712 bytes (16.8%)
(RDMA_READ_CONSUME_CHECK_CONSUMER) timestamp=3303 ms, used_size=6897664 bytes (16.8%)
(RDMA_READ_CONSUME_CHECK_CONSUMER) timestamp=3304 ms, used_size=6895616 bytes (16.8%)
(RDMA_READ_CONSUME_CHECK_CONSUMER) timestamp=3304 ms, used_size=6893568 bytes (16.8%)
(RDMA_READ_CONSUME_CHECK_CONSUMER) timestamp=3304 ms, used_size=6891520 bytes (16.8%)
(RDMA_READ_CONSUME_CHECK_CONSUMER) timestamp=3304 ms, used_size=6889472 bytes (16.8%)
(RDMA_READ_CONSUME_CHECK_CONSUMER) timestamp=3304 ms, used_size=6887424 bytes (16.8%)
(RDMA_READ_CONSUME_CHECK_CONSUMER) timestamp=3304 ms, used_size=6885376 bytes (16.8%)
(RDMA_READ_CONSUME_CHECK_CONSUMER) timestamp=3304 ms, used_size=6883328 bytes (16.8%)
(RDMA_READ_CONSUME_CHECK_CONSUMER) timestamp=3304 ms, used_size=6881280 bytes (16.8%)
(RDMA_READ_CONSUME_CHECK_CONSUMER) timestamp=3304 ms, used_size=6879232 bytes (16.8%)
(RDMA_READ_CONSUME_CHECK_CONSUMER) timestamp=3304 ms, used_size=6877184 bytes (16.8%)
(RDMA_READ_CONSUME_CHECK_CONSUMER) timestamp=3304 ms, used_size=6875136 bytes (16.8%)
(RDMA_READ_CONSUME_CHECK_CONSUMER) timestamp=3304 ms, used_size=6873088 bytes (16.8%)
(RDMA_READ_CONSUME_CHECK_CONSUMER) timestamp=3304 ms, used_size=6871040 bytes (16.8%)
(RDMA_READ_CONSUME_CHECK_CONSUMER) timestamp=3304 ms, used_size=6868992 bytes (16.8%)
(RDMA_READ_CONSUME_CHECK_CONSUMER) timestamp=3304 ms, used_size=6866944 bytes (16.8%)
(RDMA_READ_CONSUME_CHECK_CONSUMER) timestamp=3304 ms, used_size=6864896 bytes (16.8%)
(RDMA_READ_CONSUME_CHECK_CONSUMER) timestamp=3304 ms, used_size=6862848 bytes (16.8%)
(RDMA_READ_CONSUME_CHECK_CONSUMER) timestamp=3304 ms, used_size=6860800 bytes (16.8%)
(RDMA_READ_CONSUME_CHECK_CONSUMER) timestamp=3304 ms, used_size=6858752 bytes (16.7%)
(RDMA_READ_CONSUME_CHECK_CONSUMER) timestamp=3304 ms, used_size=6856704 bytes (16.7%)
(RDMA_READ_CONSUME_CHECK_CONSUMER) timestamp=3304 ms, used_size=6854656 bytes (16.7%)
(RDMA_READ_CONSUME_CHECK_CONSUMER) timestamp=3304 ms, used_size=6852608 bytes (16.7%)
(RDMA_READ_CONSUME_CHECK_CONSUMER) timestamp=3304 ms, used_size=6850560 bytes (16.7%)
(RDMA_READ_CONSUME_CHECK_CONSUMER) timestamp=3304 ms, used_size=6848512 bytes (16.7%)
(RDMA_READ_CONSUME_CHECK_CONSUMER) timestamp=3304 ms, used_size=6846464 bytes (16.7%)
(RDMA_READ_CONSUME_CHECK_CONSUMER) timestamp=3304 ms, used_size=6844416 bytes (16.7%)
(RDMA_READ_CONSUME_CHECK_CONSUMER) timestamp=3304 ms, used_size=6842368 bytes (16.7%)
(RDMA_READ_CONSUME_CHECK_CONSUMER) timestamp=3304 ms, used_size=6840320 bytes (16.7%)
(RDMA_READ_CONSUME_CHECK_CONSUMER) timestamp=3304 ms, used_size=6838272 bytes (16.7%)
(RDMA_READ_CONSUME_CHECK_CONSUMER) timestamp=3304 ms, used_size=6836224 bytes (16.7%)
(RDMA_READ_CONSUME_CHECK_CONSUMER) timestamp=3304 ms, used_size=6834176 bytes (16.7%)
(RDMA_READ_CONSUME_CHECK_CONSUMER) timestamp=3304 ms, used_size=6832128 bytes (16.7%)
(RDMA_READ_CONSUME_CHECK_CONSUMER) timestamp=3304 ms, used_size=6830080 bytes (16.7%)
(RDMA_READ_CONSUME_CHECK_CONSUMER) timestamp=3304 ms, used_size=6828032 bytes (16.7%)
(RDMA_READ_CONSUME_CHECK_CONSUMER) timestamp=3304 ms, used_size=6825984 bytes (16.7%)
(RDMA_READ_CONSUME_CHECK_CONSUMER) timestamp=3304 ms, used_size=6823936 bytes (16.7%)
(RDMA_READ_CONSUME_CHECK_CONSUMER) timestamp=3304 ms, used_size=6821888 bytes (16.7%)
(RDMA_READ_CONSUME_CHECK_CONSUMER) timestamp=3304 ms, used_size=6819840 bytes (16.6%)
(RDMA_READ_CONSUME_CHECK_CONSUMER) timestamp=3304 ms, used_size=6817792 bytes (16.6%)
(RDMA_READ_CONSUME_CHECK_CONSUMER) timestamp=3304 ms, used_size=6815744 bytes (16.6%)
(RDMA_READ_CONSUME_CHECK_CONSUMER) timestamp=3304 ms, used_size=6813696 bytes (16.6%)
(RDMA_READ_CONSUME_CHECK_CONSUMER) timestamp=3304 ms, used_size=6811648 bytes (16.6%)
(RDMA_READ_CONSUME_CHECK_CONSUMER) timestamp=3304 ms, used_size=6809600 bytes (16.6%)
(RDMA_READ_CONSUME_CHECK_CONSUMER) timestamp=3304 ms, used_size=6807552 bytes (16.6%)
(RDMA_READ_CONSUME_CHECK_CONSUMER) timestamp=3304 ms, used_size=6805504 bytes (16.6%)
(RDMA_READ_CONSUME_CHECK_CONSUMER) timestamp=3304 ms, used_size=6803456 bytes (16.6%)
(RDMA_READ_CONSUME_CHECK_CONSUMER) timestamp=3304 ms, used_size=6801408 bytes (16.6%)
(RDMA_READ_CONSUME_CHECK_CONSUMER) timestamp=3304 ms, used_size=6799360 bytes (16.6%)
(RDMA_READ_CONSUME_CHECK_CONSUMER) timestamp=3304 ms, used_size=6797312 bytes (16.6%)
(RDMA_READ_CONSUME_CHECK_CONSUMER) timestamp=3304 ms, used_size=6795264 bytes (16.6%)
(RDMA_READ_CONSUME_CHECK_CONSUMER) timestamp=3304 ms, used_size=6793216 bytes (16.6%)
(RDMA_READ_CONSUME_CHECK_CONSUMER) timestamp=3304 ms, used_size=6791168 bytes (16.6%)
(RDMA_READ_CONSUME_CHECK_CONSUMER) timestamp=3304 ms, used_size=6789120 bytes (16.6%)
(RDMA_READ_CONSUME_CHECK_CONSUMER) timestamp=3304 ms, used_size=6787072 bytes (16.6%)
(RDMA_READ_CONSUME_CHECK_CONSUMER) timestamp=3304 ms, used_size=6785024 bytes (16.6%)
(RDMA_READ_CONSUME_CHECK_CONSUMER) timestamp=3304 ms, used_size=6782976 bytes (16.6%)
(RDMA_READ_CONSUME_CHECK_CONSUMER) timestamp=3304 ms, used_size=6780928 bytes (16.6%)
(RDMA_READ_CONSUME_CHECK_CONSUMER) timestamp=3304 ms, used_size=6778880 bytes (16.6%)
(RDMA_READ_CONSUME_CHECK_CONSUMER) timestamp=3304 ms, used_size=6776832 bytes (16.5%)
(RDMA_READ_CONSUME_CHECK_CONSUMER) timestamp=3304 ms, used_size=6774784 bytes (16.5%)
(RDMA_READ_CONSUME_CHECK_CONSUMER) timestamp=3304 ms, used_size=6772736 bytes (16.5%)
(RDMA_READ_CONSUME_CHECK_CONSUMER) timestamp=3304 ms, used_size=6770688 bytes (16.5%)
(RDMA_READ_CONSUME_CHECK_CONSUMER) timestamp=3304 ms, used_size=6768640 bytes (16.5%)
(RDMA_READ_CONSUME_CHECK_CONSUMER) timestamp=3304 ms, used_size=6766592 bytes (16.5%)
(RDMA_READ_CONSUME_CHECK_CONSUMER) timestamp=3304 ms, used_size=6764544 bytes (16.5%)
(RDMA_READ_CONSUME_CHECK_CONSUMER) timestamp=3304 ms, used_size=6762496 bytes (16.5%)
(RDMA_READ_CONSUME_CHECK_CONSUMER) timestamp=3304 ms, used_size=6760448 bytes (16.5%)
(RDMA_READ_CONSUME_CHECK_CONSUMER) timestamp=3304 ms, used_size=6758400 bytes (16.5%)
(RDMA_READ_CONSUME_CHECK_CONSUMER) timestamp=3304 ms, used_size=6756352 bytes (16.5%)
(RDMA_READ_CONSUME_CHECK_CONSUMER) timestamp=3304 ms, used_size=6754304 bytes (16.5%)
(RDMA_READ_CONSUME_CHECK_CONSUMER) timestamp=3304 ms, used_size=6752256 bytes (16.5%)
(RDMA_READ_CONSUME_CHECK_CONSUMER) timestamp=3304 ms, used_size=6750208 bytes (16.5%)
(RDMA_READ_CONSUME_CHECK_CONSUMER) timestamp=3304 ms, used_size=6748160 bytes (16.5%)
(RDMA_READ_CONSUME_CHECK_CONSUMER) timestamp=3304 ms, used_size=6746112 bytes (16.5%)
(RDMA_READ_CONSUME_CHECK_CONSUMER) timestamp=3304 ms, used_size=6744064 bytes (16.5%)
(RDMA_READ_CONSUME_CHECK_CONSUMER) timestamp=3304 ms, used_size=6742016 bytes (16.5%)
(RDMA_READ_CONSUME_CHECK_CONSUMER) timestamp=3304 ms, used_size=6739968 bytes (16.5%)
(RDMA_READ_CONSUME_CHECK_CONSUMER) timestamp=3304 ms, used_size=6737920 bytes (16.4%)
(RDMA_READ_CONSUME_CHECK_CONSUMER) timestamp=3304 ms, used_size=6735872 bytes (16.4%)
(RDMA_READ_CONSUME_CHECK_CONSUMER) timestamp=3304 ms, used_size=6733824 bytes (16.4%)
(RDMA_READ_CONSUME_CHECK_CONSUMER) timestamp=3304 ms, used_size=6731776 bytes (16.4%)
(RDMA_READ_CONSUME_CHECK_CONSUMER) timestamp=3304 ms, used_size=6729728 bytes (16.4%)
(RDMA_READ_CONSUME_CHECK_CONSUMER) timestamp=3304 ms, used_size=6727680 bytes (16.4%)
(RDMA_READ_CONSUME_CHECK_CONSUMER) timestamp=3304 ms, used_size=6725632 bytes (16.4%)
(RDMA_READ_CONSUME_CHECK_CONSUMER) timestamp=3304 ms, used_size=6723584 bytes (16.4%)
(RDMA_READ_CONSUME_CHECK_CONSUMER) timestamp=3304 ms, used_size=6721536 bytes (16.4%)
(RDMA_READ_CONSUME_CHECK_CONSUMER) timestamp=3304 ms, used_size=6719488 bytes (16.4%)
(RDMA_READ_CONSUME_CHECK_CONSUMER) timestamp=3304 ms, used_size=6717440 bytes (16.4%)
(RDMA_READ_CONSUME_CHECK_CONSUMER) timestamp=3304 ms, used_size=6715392 bytes (16.4%)
(RDMA_READ_CONSUME_CHECK_CONSUMER) timestamp=3304 ms, used_size=6713344 bytes (16.4%)
(RDMA_READ_CONSUME_CHECK_CONSUMER) timestamp=3304 ms, used_size=6711296 bytes (16.4%)
(RDMA_READ_CONSUME_CHECK_CONSUMER) timestamp=3304 ms, used_size=6709248 bytes (16.4%)
(RDMA_READ_CONSUME_CHECK_CONSUMER) timestamp=3304 ms, used_size=6707200 bytes (16.4%)
(RDMA_READ_CONSUME_CHECK_CONSUMER) timestamp=3304 ms, used_size=6705152 bytes (16.4%)
(RDMA_READ_CONSUME_CHECK_CONSUMER) timestamp=3304 ms, used_size=6703104 bytes (16.4%)
(RDMA_READ_CONSUME_CHECK_CONSUMER) timestamp=3304 ms, used_size=6701056 bytes (16.4%)
(RDMA_READ_CONSUME_CHECK_CONSUMER) timestamp=3304 ms, used_size=6699008 bytes (16.4%)
(RDMA_READ_CONSUME_CHECK_CONSUMER) timestamp=3304 ms, used_size=6696960 bytes (16.4%)
(RDMA_READ_CONSUME_CHECK_CONSUMER) timestamp=3304 ms, used_size=6694912 bytes (16.3%)
(RDMA_READ_CONSUME_CHECK_CONSUMER) timestamp=3304 ms, used_size=6692864 bytes (16.3%)
(RDMA_READ_CONSUME_CHECK_CONSUMER) timestamp=3304 ms, used_size=6690816 bytes (16.3%)
(RDMA_READ_CONSUME_CHECK_CONSUMER) timestamp=3304 ms, used_size=6688768 bytes (16.3%)
(RDMA_READ_CONSUME_CHECK_CONSUMER) timestamp=3304 ms, used_size=6686720 bytes (16.3%)
(RDMA_READ_CONSUME_CHECK_CONSUMER) timestamp=3304 ms, used_size=6684672 bytes (16.3%)
(RDMA_READ_CONSUME_CHECK_CONSUMER) timestamp=3304 ms, used_size=6682624 bytes (16.3%)
(RDMA_READ_CONSUME_CHECK_CONSUMER) timestamp=3304 ms, used_size=6680576 bytes (16.3%)
(RDMA_READ_CONSUME_CHECK_CONSUMER) timestamp=3304 ms, used_size=6678528 bytes (16.3%)
(RDMA_READ_CONSUME_CHECK_CONSUMER) timestamp=3304 ms, used_size=6676480 bytes (16.3%)
(RDMA_READ_CONSUME_CHECK_CONSUMER) timestamp=3304 ms, used_size=6674432 bytes (16.3%)
(RDMA_READ_CONSUME_CHECK_CONSUMER) timestamp=3304 ms, used_size=6672384 bytes (16.3%)
(RDMA_READ_CONSUME_CHECK_CONSUMER) timestamp=3304 ms, used_size=6670336 bytes (16.3%)
(RDMA_READ_CONSUME_CHECK_CONSUMER) timestamp=3304 ms, used_size=6668288 bytes (16.3%)
(RDMA_READ_CONSUME_CHECK_CONSUMER) timestamp=3304 ms, used_size=6666240 bytes (16.3%)
(RDMA_READ_CONSUME_CHECK_CONSUMER) timestamp=3304 ms, used_size=6664192 bytes (16.3%)
(RDMA_READ_CONSUME_CHECK_CONSUMER) timestamp=3304 ms, used_size=6662144 bytes (16.3%)
(RDMA_READ_CONSUME_CHECK_CONSUMER) timestamp=3304 ms, used_size=6660096 bytes (16.3%)
(RDMA_READ_CONSUME_CHECK_CONSUMER) timestamp=3304 ms, used_size=6658048 bytes (16.3%)
(RDMA_READ_CONSUME_CHECK_CONSUMER) timestamp=3304 ms, used_size=6656000 bytes (16.2%)
(RDMA_READ_CONSUME_CHECK_CONSUMER) timestamp=3304 ms, used_size=6653952 bytes (16.2%)
(RDMA_READ_CONSUME_CHECK_CONSUMER) timestamp=3304 ms, used_size=6651904 bytes (16.2%)
(RDMA_READ_CONSUME_CHECK_CONSUMER) timestamp=3304 ms, used_size=6649856 bytes (16.2%)
(RDMA_READ_CONSUME_CHECK_CONSUMER) timestamp=3304 ms, used_size=6647808 bytes (16.2%)
(RDMA_READ_CONSUME_CHECK_CONSUMER) timestamp=3304 ms, used_size=6645760 bytes (16.2%)
(RDMA_READ_CONSUME_CHECK_CONSUMER) timestamp=3304 ms, used_size=6643712 bytes (16.2%)
(RDMA_READ_CONSUME_CHECK_CONSUMER) timestamp=3304 ms, used_size=6641664 bytes (16.2%)
(RDMA_READ_CONSUME_CHECK_CONSUMER) timestamp=3304 ms, used_size=6639616 bytes (16.2%)
(RDMA_READ_CONSUME_CHECK_CONSUMER) timestamp=3304 ms, used_size=6637568 bytes (16.2%)
(RDMA_READ_CONSUME_CHECK_CONSUMER) timestamp=3304 ms, used_size=6635520 bytes (16.2%)
(RDMA_READ_CONSUME_CHECK_CONSUMER) timestamp=3304 ms, used_size=6633472 bytes (16.2%)
(RDMA_READ_CONSUME_CHECK_CONSUMER) timestamp=3304 ms, used_size=6631424 bytes (16.2%)
(RDMA_READ_CONSUME_CHECK_CONSUMER) timestamp=3304 ms, used_size=6629376 bytes (16.2%)
(RDMA_READ_CONSUME_CHECK_CONSUMER) timestamp=3304 ms, used_size=6627328 bytes (16.2%)
(RDMA_READ_CONSUME_CHECK_CONSUMER) timestamp=3304 ms, used_size=6625280 bytes (16.2%)
(RDMA_READ_CONSUME_CHECK_CONSUMER) timestamp=3304 ms, used_size=6623232 bytes (16.2%)
(RDMA_READ_CONSUME_CHECK_CONSUMER) timestamp=3304 ms, used_size=6621184 bytes (16.2%)
(RDMA_READ_CONSUME_CHECK_CONSUMER) timestamp=3304 ms, used_size=6619136 bytes (16.2%)
(RDMA_READ_CONSUME_CHECK_CONSUMER) timestamp=3304 ms, used_size=6617088 bytes (16.2%)
(RDMA_READ_CONSUME_CHECK_CONSUMER) timestamp=3304 ms, used_size=6615040 bytes (16.1%)
(RDMA_READ_CONSUME_CHECK_CONSUMER) timestamp=3304 ms, used_size=6612992 bytes (16.1%)
(RDMA_READ_CONSUME_CHECK_CONSUMER) timestamp=3304 ms, used_size=6610944 bytes (16.1%)
(RDMA_READ_CONSUME_CHECK_CONSUMER) timestamp=3304 ms, used_size=6608896 bytes (16.1%)
(RDMA_READ_CONSUME_CHECK_CONSUMER) timestamp=3304 ms, used_size=6606848 bytes (16.1%)
(RDMA_READ_CONSUME_CHECK_CONSUMER) timestamp=3304 ms, used_size=6604800 bytes (16.1%)
(RDMA_READ_CONSUME_CHECK_CONSUMER) timestamp=3304 ms, used_size=6602752 bytes (16.1%)
(RDMA_READ_CONSUME_CHECK_CONSUMER) timestamp=3304 ms, used_size=6600704 bytes (16.1%)
(RDMA_READ_CONSUME_CHECK_CONSUMER) timestamp=3304 ms, used_size=6598656 bytes (16.1%)
(RDMA_READ_CONSUME_CHECK_CONSUMER) timestamp=3304 ms, used_size=6596608 bytes (16.1%)
(RDMA_READ_CONSUME_CHECK_CONSUMER) timestamp=3304 ms, used_size=6594560 bytes (16.1%)
(RDMA_READ_CONSUME_CHECK_CONSUMER) timestamp=3304 ms, used_size=6592512 bytes (16.1%)
(RDMA_READ_CONSUME_CHECK_CONSUMER) timestamp=3304 ms, used_size=6590464 bytes (16.1%)
(RDMA_READ_CONSUME_CHECK_CONSUMER) timestamp=3304 ms, used_size=6588416 bytes (16.1%)
(RDMA_READ_CONSUME_CHECK_CONSUMER) timestamp=3304 ms, used_size=6586368 bytes (16.1%)
(RDMA_READ_CONSUME_CHECK_CONSUMER) timestamp=3304 ms, used_size=6584320 bytes (16.1%)
(RDMA_READ_CONSUME_CHECK_CONSUMER) timestamp=3304 ms, used_size=6582272 bytes (16.1%)
(RDMA_READ_CONSUME_CHECK_CONSUMER) timestamp=3304 ms, used_size=6580224 bytes (16.1%)
(RDMA_READ_CONSUME_CHECK_CONSUMER) timestamp=3304 ms, used_size=6578176 bytes (16.1%)
(RDMA_READ_CONSUME_CHECK_CONSUMER) timestamp=3304 ms, used_size=6576128 bytes (16.1%)
(RDMA_READ_CONSUME_CHECK_CONSUMER) timestamp=3304 ms, used_size=6574080 bytes (16.1%)
(RDMA_READ_CONSUME_CHECK_CONSUMER) timestamp=3304 ms, used_size=6572032 bytes (16.0%)
(RDMA_READ_CONSUME_CHECK_CONSUMER) timestamp=3304 ms, used_size=6569984 bytes (16.0%)
(RDMA_READ_CONSUME_CHECK_CONSUMER) timestamp=3304 ms, used_size=6567936 bytes (16.0%)
(RDMA_READ_CONSUME_CHECK_CONSUMER) timestamp=3304 ms, used_size=6565888 bytes (16.0%)
(RDMA_READ_CONSUME_CHECK_CONSUMER) timestamp=3304 ms, used_size=6563840 bytes (16.0%)
(RDMA_READ_CONSUME_CHECK_CONSUMER) timestamp=3304 ms, used_size=6561792 bytes (16.0%)
(RDMA_READ_CONSUME_CHECK_CONSUMER) timestamp=3304 ms, used_size=6559744 bytes (16.0%)
(RDMA_READ_CONSUME_CHECK_CONSUMER) timestamp=3304 ms, used_size=6557696 bytes (16.0%)
(RDMA_READ_CONSUME_CHECK_CONSUMER) timestamp=3304 ms, used_size=6555648 bytes (16.0%)
(RDMA_READ_CONSUME_CHECK_CONSUMER) timestamp=3304 ms, used_size=6553600 bytes (16.0%)
(RDMA_READ_CONSUME_CHECK_CONSUMER) timestamp=3304 ms, used_size=6551552 bytes (16.0%)
(RDMA_READ_CONSUME_CHECK_CONSUMER) timestamp=3304 ms, used_size=6549504 bytes (16.0%)
(RDMA_READ_CONSUME_CHECK_CONSUMER) timestamp=3304 ms, used_size=6547456 bytes (16.0%)
(RDMA_READ_CONSUME_CHECK_CONSUMER) timestamp=3304 ms, used_size=6545408 bytes (16.0%)
(RDMA_READ_CONSUME_CHECK_CONSUMER) timestamp=3304 ms, used_size=6543360 bytes (16.0%)
(RDMA_READ_CONSUME_CHECK_CONSUMER) timestamp=3304 ms, used_size=6541312 bytes (16.0%)
(RDMA_READ_CONSUME_CHECK_CONSUMER) timestamp=3304 ms, used_size=6539264 bytes (16.0%)
(RDMA_READ_CONSUME_CHECK_CONSUMER) timestamp=3304 ms, used_size=6537216 bytes (16.0%)
(RDMA_READ_CONSUME_CHECK_CONSUMER) timestamp=3304 ms, used_size=6535168 bytes (16.0%)
(RDMA_READ_CONSUME_CHECK_CONSUMER) timestamp=3304 ms, used_size=6533120 bytes (15.9%)
(RDMA_READ_CONSUME_CHECK_CONSUMER) timestamp=3305 ms, used_size=6531072 bytes (15.9%)
(RDMA_READ_CONSUME_CHECK_CONSUMER) timestamp=3305 ms, used_size=6529024 bytes (15.9%)
(RDMA_READ_CONSUME_CHECK_CONSUMER) timestamp=3305 ms, used_size=6526976 bytes (15.9%)
(RDMA_READ_CONSUME_CHECK_CONSUMER) timestamp=3305 ms, used_size=6524928 bytes (15.9%)
(RDMA_READ_CONSUME_CHECK_CONSUMER) timestamp=3305 ms, used_size=6522880 bytes (15.9%)
(RDMA_READ_CONSUME_CHECK_CONSUMER) timestamp=3305 ms, used_size=6520832 bytes (15.9%)
(RDMA_READ_CONSUME_CHECK_CONSUMER) timestamp=3305 ms, used_size=6518784 bytes (15.9%)
(RDMA_READ_CONSUME_CHECK_CONSUMER) timestamp=3305 ms, used_size=6516736 bytes (15.9%)
(RDMA_READ_CONSUME_CHECK_CONSUMER) timestamp=3305 ms, used_size=6514688 bytes (15.9%)
(RDMA_READ_CONSUME_CHECK_CONSUMER) timestamp=3305 ms, used_size=6512640 bytes (15.9%)
(RDMA_READ_CONSUME_CHECK_CONSUMER) timestamp=3305 ms, used_size=6510592 bytes (15.9%)
(RDMA_READ_CONSUME_CHECK_CONSUMER) timestamp=3305 ms, used_size=6508544 bytes (15.9%)
(RDMA_READ_CONSUME_CHECK_CONSUMER) timestamp=3305 ms, used_size=6506496 bytes (15.9%)
(RDMA_READ_CONSUME_CHECK_CONSUMER) timestamp=3305 ms, used_size=6504448 bytes (15.9%)
(RDMA_READ_CONSUME_CHECK_CONSUMER) timestamp=3305 ms, used_size=6502400 bytes (15.9%)
(RDMA_READ_CONSUME_CHECK_CONSUMER) timestamp=3305 ms, used_size=6500352 bytes (15.9%)
(RDMA_READ_CONSUME_CHECK_CONSUMER) timestamp=3305 ms, used_size=6498304 bytes (15.9%)
(RDMA_READ_CONSUME_CHECK_CONSUMER) timestamp=3305 ms, used_size=6496256 bytes (15.9%)
(RDMA_READ_CONSUME_CHECK_CONSUMER) timestamp=3305 ms, used_size=6494208 bytes (15.9%)
(RDMA_READ_CONSUME_CHECK_CONSUMER) timestamp=3305 ms, used_size=6492160 bytes (15.8%)
(RDMA_READ_CONSUME_CHECK_CONSUMER) timestamp=3305 ms, used_size=6490112 bytes (15.8%)
(RDMA_READ_CONSUME_CHECK_CONSUMER) timestamp=3305 ms, used_size=6488064 bytes (15.8%)
(RDMA_READ_CONSUME_CHECK_CONSUMER) timestamp=3305 ms, used_size=6486016 bytes (15.8%)
(RDMA_READ_CONSUME_CHECK_CONSUMER) timestamp=3305 ms, used_size=6483968 bytes (15.8%)
(RDMA_READ_CONSUME_CHECK_CONSUMER) timestamp=3305 ms, used_size=6481920 bytes (15.8%)
(RDMA_READ_CONSUME_CHECK_CONSUMER) timestamp=3305 ms, used_size=6479872 bytes (15.8%)
(RDMA_READ_CONSUME_CHECK_CONSUMER) timestamp=3305 ms, used_size=6477824 bytes (15.8%)
(RDMA_READ_CONSUME_CHECK_CONSUMER) timestamp=3305 ms, used_size=6475776 bytes (15.8%)
(RDMA_READ_CONSUME_CHECK_CONSUMER) timestamp=3305 ms, used_size=6473728 bytes (15.8%)
(RDMA_READ_CONSUME_CHECK_CONSUMER) timestamp=3305 ms, used_size=6471680 bytes (15.8%)
(RDMA_READ_CONSUME_CHECK_CONSUMER) timestamp=3305 ms, used_size=6469632 bytes (15.8%)
(RDMA_READ_CONSUME_CHECK_CONSUMER) timestamp=3305 ms, used_size=6467584 bytes (15.8%)
(RDMA_READ_CONSUME_CHECK_CONSUMER) timestamp=3305 ms, used_size=6465536 bytes (15.8%)
(RDMA_READ_CONSUME_CHECK_CONSUMER) timestamp=3305 ms, used_size=6463488 bytes (15.8%)
(RDMA_READ_CONSUME_CHECK_CONSUMER) timestamp=3305 ms, used_size=6461440 bytes (15.8%)
(RDMA_READ_CONSUME_CHECK_CONSUMER) timestamp=3305 ms, used_size=6459392 bytes (15.8%)
(RDMA_READ_CONSUME_CHECK_CONSUMER) timestamp=3305 ms, used_size=6457344 bytes (15.8%)
(RDMA_READ_CONSUME_CHECK_CONSUMER) timestamp=3305 ms, used_size=6455296 bytes (15.8%)
(RDMA_READ_CONSUME_CHECK_CONSUMER) timestamp=3305 ms, used_size=6453248 bytes (15.8%)
(RDMA_READ_CONSUME_CHECK_CONSUMER) timestamp=3305 ms, used_size=6451200 bytes (15.8%)
(RDMA_READ_CONSUME_CHECK_CONSUMER) timestamp=3305 ms, used_size=6449152 bytes (15.7%)
(RDMA_READ_CONSUME_CHECK_CONSUMER) timestamp=3305 ms, used_size=6447104 bytes (15.7%)
(RDMA_READ_CONSUME_CHECK_CONSUMER) timestamp=3305 ms, used_size=6445056 bytes (15.7%)
(RDMA_READ_CONSUME_CHECK_CONSUMER) timestamp=3305 ms, used_size=6443008 bytes (15.7%)
(RDMA_READ_CONSUME_CHECK_CONSUMER) timestamp=3305 ms, used_size=6440960 bytes (15.7%)
(RDMA_READ_CONSUME_CHECK_CONSUMER) timestamp=3305 ms, used_size=6438912 bytes (15.7%)
(RDMA_READ_CONSUME_CHECK_CONSUMER) timestamp=3305 ms, used_size=6436864 bytes (15.7%)
(RDMA_READ_CONSUME_CHECK_CONSUMER) timestamp=3305 ms, used_size=6434816 bytes (15.7%)
(RDMA_READ_CONSUME_CHECK_CONSUMER) timestamp=3305 ms, used_size=6432768 bytes (15.7%)
(RDMA_READ_CONSUME_CHECK_CONSUMER) timestamp=3305 ms, used_size=6430720 bytes (15.7%)
(RDMA_READ_CONSUME_CHECK_CONSUMER) timestamp=3305 ms, used_size=6428672 bytes (15.7%)
(RDMA_READ_CONSUME_CHECK_CONSUMER) timestamp=3305 ms, used_size=6426624 bytes (15.7%)
(RDMA_READ_CONSUME_CHECK_CONSUMER) timestamp=3305 ms, used_size=6424576 bytes (15.7%)
(RDMA_READ_CONSUME_CHECK_CONSUMER) timestamp=3305 ms, used_size=6422528 bytes (15.7%)
(RDMA_READ_CONSUME_CHECK_CONSUMER) timestamp=3305 ms, used_size=6420480 bytes (15.7%)
(RDMA_READ_CONSUME_CHECK_CONSUMER) timestamp=3305 ms, used_size=6418432 bytes (15.7%)
(RDMA_READ_CONSUME_CHECK_CONSUMER) timestamp=3305 ms, used_size=6416384 bytes (15.7%)
(RDMA_READ_CONSUME_CHECK_CONSUMER) timestamp=3305 ms, used_size=6414336 bytes (15.7%)
(RDMA_READ_CONSUME_CHECK_CONSUMER) timestamp=3305 ms, used_size=6412288 bytes (15.7%)
(RDMA_READ_CONSUME_CHECK_CONSUMER) timestamp=3305 ms, used_size=6410240 bytes (15.7%)
(RDMA_READ_CONSUME_CHECK_CONSUMER) timestamp=3305 ms, used_size=6408192 bytes (15.6%)
(RDMA_READ_CONSUME_CHECK_CONSUMER) timestamp=3305 ms, used_size=6406144 bytes (15.6%)
(RDMA_READ_CONSUME_CHECK_CONSUMER) timestamp=3305 ms, used_size=6404096 bytes (15.6%)
(RDMA_READ_CONSUME_CHECK_CONSUMER) timestamp=3305 ms, used_size=6402048 bytes (15.6%)
(RDMA_READ_CONSUME_CHECK_CONSUMER) timestamp=3305 ms, used_size=6400000 bytes (15.6%)
(RDMA_READ_CONSUME_CHECK_CONSUMER) timestamp=3305 ms, used_size=6397952 bytes (15.6%)
(RDMA_READ_CONSUME_CHECK_CONSUMER) timestamp=3305 ms, used_size=6395904 bytes (15.6%)
(RDMA_READ_CONSUME_CHECK_CONSUMER) timestamp=3305 ms, used_size=6393856 bytes (15.6%)
(RDMA_READ_CONSUME_CHECK_CONSUMER) timestamp=3305 ms, used_size=6391808 bytes (15.6%)
(RDMA_READ_CONSUME_CHECK_CONSUMER) timestamp=3305 ms, used_size=6389760 bytes (15.6%)
(RDMA_READ_CONSUME_CHECK_CONSUMER) timestamp=3305 ms, used_size=6387712 bytes (15.6%)
(RDMA_READ_CONSUME_CHECK_CONSUMER) timestamp=3305 ms, used_size=6385664 bytes (15.6%)
(RDMA_READ_CONSUME_CHECK_CONSUMER) timestamp=3305 ms, used_size=6383616 bytes (15.6%)
(RDMA_READ_CONSUME_CHECK_CONSUMER) timestamp=3305 ms, used_size=6381568 bytes (15.6%)
(RDMA_READ_CONSUME_CHECK_CONSUMER) timestamp=3305 ms, used_size=6379520 bytes (15.6%)
(RDMA_READ_CONSUME_CHECK_CONSUMER) timestamp=3305 ms, used_size=6377472 bytes (15.6%)
(RDMA_READ_CONSUME_CHECK_CONSUMER) timestamp=3305 ms, used_size=6375424 bytes (15.6%)
(RDMA_READ_CONSUME_CHECK_CONSUMER) timestamp=3305 ms, used_size=6373376 bytes (15.6%)
(RDMA_READ_CONSUME_CHECK_CONSUMER) timestamp=3305 ms, used_size=6371328 bytes (15.6%)
(RDMA_READ_CONSUME_CHECK_CONSUMER) timestamp=3305 ms, used_size=6369280 bytes (15.6%)
(RDMA_READ_CONSUME_CHECK_CONSUMER) timestamp=3305 ms, used_size=6367232 bytes (15.5%)
(RDMA_READ_CONSUME_CHECK_CONSUMER) timestamp=3305 ms, used_size=6365184 bytes (15.5%)
(RDMA_READ_CONSUME_CHECK_CONSUMER) timestamp=3305 ms, used_size=6363136 bytes (15.5%)
(RDMA_READ_CONSUME_CHECK_CONSUMER) timestamp=3305 ms, used_size=6361088 bytes (15.5%)
(RDMA_READ_CONSUME_CHECK_CONSUMER) timestamp=3305 ms, used_size=6359040 bytes (15.5%)
(RDMA_READ_CONSUME_CHECK_CONSUMER) timestamp=3305 ms, used_size=6356992 bytes (15.5%)
(RDMA_READ_CONSUME_CHECK_CONSUMER) timestamp=3305 ms, used_size=6354944 bytes (15.5%)
(RDMA_READ_CONSUME_CHECK_CONSUMER) timestamp=3305 ms, used_size=6352896 bytes (15.5%)
(RDMA_READ_CONSUME_CHECK_CONSUMER) timestamp=3305 ms, used_size=6350848 bytes (15.5%)
(RDMA_READ_CONSUME_CHECK_CONSUMER) timestamp=3305 ms, used_size=6348800 bytes (15.5%)
(RDMA_READ_CONSUME_CHECK_CONSUMER) timestamp=3305 ms, used_size=6346752 bytes (15.5%)
(RDMA_READ_CONSUME_CHECK_CONSUMER) timestamp=3305 ms, used_size=6344704 bytes (15.5%)
(RDMA_READ_CONSUME_CHECK_CONSUMER) timestamp=3305 ms, used_size=6342656 bytes (15.5%)
(RDMA_READ_CONSUME_CHECK_CONSUMER) timestamp=3305 ms, used_size=6340608 bytes (15.5%)
(RDMA_READ_CONSUME_CHECK_CONSUMER) timestamp=3305 ms, used_size=6338560 bytes (15.5%)
(RDMA_READ_CONSUME_CHECK_CONSUMER) timestamp=3305 ms, used_size=6336512 bytes (15.5%)
(RDMA_READ_CONSUME_CHECK_CONSUMER) timestamp=3305 ms, used_size=6334464 bytes (15.5%)
(RDMA_READ_CONSUME_CHECK_CONSUMER) timestamp=3305 ms, used_size=6332416 bytes (15.5%)
(RDMA_READ_CONSUME_CHECK_CONSUMER) timestamp=3305 ms, used_size=6330368 bytes (15.5%)
(RDMA_READ_CONSUME_CHECK_CONSUMER) timestamp=3305 ms, used_size=6328320 bytes (15.4%)
(RDMA_READ_CONSUME_CHECK_CONSUMER) timestamp=3305 ms, used_size=6326272 bytes (15.4%)
(RDMA_READ_CONSUME_CHECK_CONSUMER) timestamp=3305 ms, used_size=6324224 bytes (15.4%)
(RDMA_READ_CONSUME_CHECK_CONSUMER) timestamp=3305 ms, used_size=6322176 bytes (15.4%)
(RDMA_READ_CONSUME_CHECK_CONSUMER) timestamp=3305 ms, used_size=6320128 bytes (15.4%)
(RDMA_READ_CONSUME_CHECK_CONSUMER) timestamp=3305 ms, used_size=6318080 bytes (15.4%)
(RDMA_READ_CONSUME_CHECK_CONSUMER) timestamp=3305 ms, used_size=6316032 bytes (15.4%)
(RDMA_READ_CONSUME_CHECK_CONSUMER) timestamp=3305 ms, used_size=6313984 bytes (15.4%)
(RDMA_READ_CONSUME_CHECK_CONSUMER) timestamp=3305 ms, used_size=6311936 bytes (15.4%)
(RDMA_READ_CONSUME_CHECK_CONSUMER) timestamp=3305 ms, used_size=6309888 bytes (15.4%)
(RDMA_READ_CONSUME_CHECK_CONSUMER) timestamp=3305 ms, used_size=6307840 bytes (15.4%)
(RDMA_READ_CONSUME_CHECK_CONSUMER) timestamp=3305 ms, used_size=6305792 bytes (15.4%)
(RDMA_READ_CONSUME_CHECK_CONSUMER) timestamp=3305 ms, used_size=6303744 bytes (15.4%)
(RDMA_READ_CONSUME_CHECK_CONSUMER) timestamp=3305 ms, used_size=6301696 bytes (15.4%)
(RDMA_READ_CONSUME_CHECK_CONSUMER) timestamp=3305 ms, used_size=6299648 bytes (15.4%)
(RDMA_READ_CONSUME_CHECK_CONSUMER) timestamp=3305 ms, used_size=6297600 bytes (15.4%)
(RDMA_READ_CONSUME_CHECK_CONSUMER) timestamp=3305 ms, used_size=6295552 bytes (15.4%)
(RDMA_READ_CONSUME_CHECK_CONSUMER) timestamp=3305 ms, used_size=6293504 bytes (15.4%)
(RDMA_READ_CONSUME_CHECK_CONSUMER) timestamp=3305 ms, used_size=6291456 bytes (15.4%)
(RDMA_READ_CONSUME_CHECK_CONSUMER) timestamp=3305 ms, used_size=6289408 bytes (15.4%)
(RDMA_READ_CONSUME_CHECK_CONSUMER) timestamp=3305 ms, used_size=6287360 bytes (15.3%)
(RDMA_READ_CONSUME_CHECK_CONSUMER) timestamp=3305 ms, used_size=6285312 bytes (15.3%)
(RDMA_READ_CONSUME_CHECK_CONSUMER) timestamp=3305 ms, used_size=6283264 bytes (15.3%)
(RDMA_READ_CONSUME_CHECK_CONSUMER) timestamp=3305 ms, used_size=6281216 bytes (15.3%)
(RDMA_READ_CONSUME_CHECK_CONSUMER) timestamp=3305 ms, used_size=6279168 bytes (15.3%)
(RDMA_READ_CONSUME_CHECK_CONSUMER) timestamp=3305 ms, used_size=6277120 bytes (15.3%)
(RDMA_READ_CONSUME_CHECK_CONSUMER) timestamp=3305 ms, used_size=6275072 bytes (15.3%)
(RDMA_READ_CONSUME_CHECK_CONSUMER) timestamp=3305 ms, used_size=6273024 bytes (15.3%)
(RDMA_READ_CONSUME_CHECK_CONSUMER) timestamp=3305 ms, used_size=6270976 bytes (15.3%)
(RDMA_READ_CONSUME_CHECK_CONSUMER) timestamp=3305 ms, used_size=6268928 bytes (15.3%)
(RDMA_READ_CONSUME_CHECK_CONSUMER) timestamp=3305 ms, used_size=6266880 bytes (15.3%)
(RDMA_READ_CONSUME_CHECK_CONSUMER) timestamp=3305 ms, used_size=6264832 bytes (15.3%)
(RDMA_READ_CONSUME_CHECK_CONSUMER) timestamp=3305 ms, used_size=6262784 bytes (15.3%)
(RDMA_READ_CONSUME_CHECK_CONSUMER) timestamp=3305 ms, used_size=6260736 bytes (15.3%)
(RDMA_READ_CONSUME_CHECK_CONSUMER) timestamp=3305 ms, used_size=6258688 bytes (15.3%)
(RDMA_READ_CONSUME_CHECK_CONSUMER) timestamp=3305 ms, used_size=6256640 bytes (15.3%)
(RDMA_READ_CONSUME_CHECK_CONSUMER) timestamp=3305 ms, used_size=6254592 bytes (15.3%)
(RDMA_READ_CONSUME_CHECK_CONSUMER) timestamp=3305 ms, used_size=6252544 bytes (15.3%)
(RDMA_READ_CONSUME_CHECK_CONSUMER) timestamp=3305 ms, used_size=6250496 bytes (15.3%)
(RDMA_READ_CONSUME_CHECK_CONSUMER) timestamp=3305 ms, used_size=6248448 bytes (15.3%)
(RDMA_READ_CONSUME_CHECK_CONSUMER) timestamp=3305 ms, used_size=6246400 bytes (15.2%)
(RDMA_READ_CONSUME_CHECK_CONSUMER) timestamp=3305 ms, used_size=6244352 bytes (15.2%)
(RDMA_READ_CONSUME_CHECK_CONSUMER) timestamp=3305 ms, used_size=6242304 bytes (15.2%)
(RDMA_READ_CONSUME_CHECK_CONSUMER) timestamp=3305 ms, used_size=6240256 bytes (15.2%)
(RDMA_READ_CONSUME_CHECK_CONSUMER) timestamp=3305 ms, used_size=6238208 bytes (15.2%)
(RDMA_READ_CONSUME_CHECK_CONSUMER) timestamp=3305 ms, used_size=6236160 bytes (15.2%)
(RDMA_READ_CONSUME_CHECK_CONSUMER) timestamp=3305 ms, used_size=6234112 bytes (15.2%)
(RDMA_READ_CONSUME_CHECK_CONSUMER) timestamp=3305 ms, used_size=6232064 bytes (15.2%)
(RDMA_READ_CONSUME_CHECK_CONSUMER) timestamp=3305 ms, used_size=6230016 bytes (15.2%)
(RDMA_READ_CONSUME_CHECK_CONSUMER) timestamp=3305 ms, used_size=6227968 bytes (15.2%)
(RDMA_READ_CONSUME_CHECK_CONSUMER) timestamp=3305 ms, used_size=6225920 bytes (15.2%)
(RDMA_READ_CONSUME_CHECK_CONSUMER) timestamp=3305 ms, used_size=6223872 bytes (15.2%)
(RDMA_READ_CONSUME_CHECK_CONSUMER) timestamp=3305 ms, used_size=6221824 bytes (15.2%)
(RDMA_READ_CONSUME_CHECK_CONSUMER) timestamp=3305 ms, used_size=6219776 bytes (15.2%)
(RDMA_READ_CONSUME_CHECK_CONSUMER) timestamp=3305 ms, used_size=6217728 bytes (15.2%)
(RDMA_READ_CONSUME_CHECK_CONSUMER) timestamp=3305 ms, used_size=6215680 bytes (15.2%)
(RDMA_READ_CONSUME_CHECK_CONSUMER) timestamp=3305 ms, used_size=6213632 bytes (15.2%)
(RDMA_READ_CONSUME_CHECK_CONSUMER) timestamp=3305 ms, used_size=6211584 bytes (15.2%)
(RDMA_READ_CONSUME_CHECK_CONSUMER) timestamp=3305 ms, used_size=6209536 bytes (15.2%)
(RDMA_READ_CONSUME_CHECK_CONSUMER) timestamp=3305 ms, used_size=6207488 bytes (15.2%)
(RDMA_READ_CONSUME_CHECK_CONSUMER) timestamp=3305 ms, used_size=6205440 bytes (15.2%)
(RDMA_READ_CONSUME_CHECK_CONSUMER) timestamp=3305 ms, used_size=6203392 bytes (15.1%)
(RDMA_READ_CONSUME_CHECK_CONSUMER) timestamp=3305 ms, used_size=6201344 bytes (15.1%)
(RDMA_READ_CONSUME_CHECK_CONSUMER) timestamp=3305 ms, used_size=6199296 bytes (15.1%)
(RDMA_READ_CONSUME_CHECK_CONSUMER) timestamp=3305 ms, used_size=6197248 bytes (15.1%)
(RDMA_READ_CONSUME_CHECK_CONSUMER) timestamp=3305 ms, used_size=6195200 bytes (15.1%)
(RDMA_READ_CONSUME_CHECK_CONSUMER) timestamp=3305 ms, used_size=6193152 bytes (15.1%)
(RDMA_READ_CONSUME_CHECK_CONSUMER) timestamp=3305 ms, used_size=6191104 bytes (15.1%)
(RDMA_READ_CONSUME_CHECK_CONSUMER) timestamp=3305 ms, used_size=6189056 bytes (15.1%)
(RDMA_READ_CONSUME_CHECK_CONSUMER) timestamp=3305 ms, used_size=6187008 bytes (15.1%)
(RDMA_READ_CONSUME_CHECK_CONSUMER) timestamp=3305 ms, used_size=6184960 bytes (15.1%)
(RDMA_READ_CONSUME_CHECK_CONSUMER) timestamp=3305 ms, used_size=6182912 bytes (15.1%)
(RDMA_READ_CONSUME_CHECK_CONSUMER) timestamp=3305 ms, used_size=6180864 bytes (15.1%)
(RDMA_READ_CONSUME_CHECK_CONSUMER) timestamp=3305 ms, used_size=6178816 bytes (15.1%)
(RDMA_READ_CONSUME_CHECK_CONSUMER) timestamp=3305 ms, used_size=6176768 bytes (15.1%)
(RDMA_READ_CONSUME_CHECK_CONSUMER) timestamp=3305 ms, used_size=6174720 bytes (15.1%)
(RDMA_READ_CONSUME_CHECK_CONSUMER) timestamp=3305 ms, used_size=6172672 bytes (15.1%)
(RDMA_READ_CONSUME_CHECK_CONSUMER) timestamp=3305 ms, used_size=6170624 bytes (15.1%)
(RDMA_READ_CONSUME_CHECK_CONSUMER) timestamp=3306 ms, used_size=6168576 bytes (15.1%)
(RDMA_READ_CONSUME_CHECK_CONSUMER) timestamp=3306 ms, used_size=6166528 bytes (15.1%)
(RDMA_READ_CONSUME_CHECK_CONSUMER) timestamp=3306 ms, used_size=6164480 bytes (15.1%)
(RDMA_READ_CONSUME_CHECK_CONSUMER) timestamp=3306 ms, used_size=6162432 bytes (15.0%)
(RDMA_READ_CONSUME_CHECK_CONSUMER) timestamp=3306 ms, used_size=6160384 bytes (15.0%)
(RDMA_READ_CONSUME_CHECK_CONSUMER) timestamp=3306 ms, used_size=6158336 bytes (15.0%)
(RDMA_READ_CONSUME_CHECK_CONSUMER) timestamp=3306 ms, used_size=6156288 bytes (15.0%)
(RDMA_READ_CONSUME_CHECK_CONSUMER) timestamp=3306 ms, used_size=6154240 bytes (15.0%)
(RDMA_READ_CONSUME_CHECK_CONSUMER) timestamp=3306 ms, used_size=6152192 bytes (15.0%)
(RDMA_READ_CONSUME_CHECK_CONSUMER) timestamp=3306 ms, used_size=6150144 bytes (15.0%)
(RDMA_READ_CONSUME_CHECK_CONSUMER) timestamp=3306 ms, used_size=6148096 bytes (15.0%)
(RDMA_READ_CONSUME_CHECK_CONSUMER) timestamp=3306 ms, used_size=6146048 bytes (15.0%)
(RDMA_READ_CONSUME_CHECK_CONSUMER) timestamp=3306 ms, used_size=6144000 bytes (15.0%)
(RDMA_READ_CONSUME_CHECK_CONSUMER) timestamp=3306 ms, used_size=6141952 bytes (15.0%)
(RDMA_READ_CONSUME_CHECK_CONSUMER) timestamp=3306 ms, used_size=6139904 bytes (15.0%)
(RDMA_READ_CONSUME_CHECK_CONSUMER) timestamp=3306 ms, used_size=6137856 bytes (15.0%)
(RDMA_READ_CONSUME_CHECK_CONSUMER) timestamp=3306 ms, used_size=6135808 bytes (15.0%)
(RDMA_READ_CONSUME_CHECK_CONSUMER) timestamp=3306 ms, used_size=6133760 bytes (15.0%)
(RDMA_READ_CONSUME_CHECK_CONSUMER) timestamp=3306 ms, used_size=6131712 bytes (15.0%)
(RDMA_READ_CONSUME_CHECK_CONSUMER) timestamp=3306 ms, used_size=6129664 bytes (15.0%)
(RDMA_READ_CONSUME_CHECK_CONSUMER) timestamp=3306 ms, used_size=6127616 bytes (15.0%)
(RDMA_READ_CONSUME_CHECK_CONSUMER) timestamp=3306 ms, used_size=6125568 bytes (15.0%)
(RDMA_READ_CONSUME_CHECK_CONSUMER) timestamp=3306 ms, used_size=6123520 bytes (14.9%)
(RDMA_READ_CONSUME_CHECK_CONSUMER) timestamp=3306 ms, used_size=6121472 bytes (14.9%)
(RDMA_READ_CONSUME_CHECK_CONSUMER) timestamp=3306 ms, used_size=6119424 bytes (14.9%)
(RDMA_READ_CONSUME_CHECK_CONSUMER) timestamp=3306 ms, used_size=6117376 bytes (14.9%)
(RDMA_READ_CONSUME_CHECK_CONSUMER) timestamp=3306 ms, used_size=6115328 bytes (14.9%)
(RDMA_READ_CONSUME_CHECK_CONSUMER) timestamp=3306 ms, used_size=6113280 bytes (14.9%)
(RDMA_READ_CONSUME_CHECK_CONSUMER) timestamp=3306 ms, used_size=6111232 bytes (14.9%)
(RDMA_READ_CONSUME_CHECK_CONSUMER) timestamp=3306 ms, used_size=6109184 bytes (14.9%)
(RDMA_READ_CONSUME_CHECK_CONSUMER) timestamp=3306 ms, used_size=6107136 bytes (14.9%)
(RDMA_READ_CONSUME_CHECK_CONSUMER) timestamp=3306 ms, used_size=6105088 bytes (14.9%)
(RDMA_READ_CONSUME_CHECK_CONSUMER) timestamp=3306 ms, used_size=6103040 bytes (14.9%)
(RDMA_READ_CONSUME_CHECK_CONSUMER) timestamp=3306 ms, used_size=6100992 bytes (14.9%)
(RDMA_READ_CONSUME_CHECK_CONSUMER) timestamp=3306 ms, used_size=6098944 bytes (14.9%)
(RDMA_READ_CONSUME_CHECK_CONSUMER) timestamp=3306 ms, used_size=6096896 bytes (14.9%)
(RDMA_READ_CONSUME_CHECK_CONSUMER) timestamp=3306 ms, used_size=6094848 bytes (14.9%)
(RDMA_READ_CONSUME_CHECK_CONSUMER) timestamp=3306 ms, used_size=6092800 bytes (14.9%)
(RDMA_READ_CONSUME_CHECK_CONSUMER) timestamp=3306 ms, used_size=6090752 bytes (14.9%)
(RDMA_READ_CONSUME_CHECK_CONSUMER) timestamp=3306 ms, used_size=6088704 bytes (14.9%)
(RDMA_READ_CONSUME_CHECK_CONSUMER) timestamp=3306 ms, used_size=6086656 bytes (14.9%)
(RDMA_READ_CONSUME_CHECK_CONSUMER) timestamp=3306 ms, used_size=6084608 bytes (14.9%)
(RDMA_READ_CONSUME_CHECK_CONSUMER) timestamp=3306 ms, used_size=6082560 bytes (14.8%)
(RDMA_READ_CONSUME_CHECK_CONSUMER) timestamp=3306 ms, used_size=6080512 bytes (14.8%)
(RDMA_READ_CONSUME_CHECK_CONSUMER) timestamp=3306 ms, used_size=6078464 bytes (14.8%)
(RDMA_READ_CONSUME_CHECK_CONSUMER) timestamp=3306 ms, used_size=6076416 bytes (14.8%)
(RDMA_READ_CONSUME_CHECK_CONSUMER) timestamp=3306 ms, used_size=6074368 bytes (14.8%)
(RDMA_READ_CONSUME_CHECK_CONSUMER) timestamp=3306 ms, used_size=6072320 bytes (14.8%)
(RDMA_READ_CONSUME_CHECK_CONSUMER) timestamp=3306 ms, used_size=6070272 bytes (14.8%)
(RDMA_READ_CONSUME_CHECK_CONSUMER) timestamp=3306 ms, used_size=6068224 bytes (14.8%)
(RDMA_READ_CONSUME_CHECK_CONSUMER) timestamp=3306 ms, used_size=6066176 bytes (14.8%)
(RDMA_READ_CONSUME_CHECK_CONSUMER) timestamp=3306 ms, used_size=6064128 bytes (14.8%)
(RDMA_READ_CONSUME_CHECK_CONSUMER) timestamp=3306 ms, used_size=6062080 bytes (14.8%)
(RDMA_READ_CONSUME_CHECK_CONSUMER) timestamp=3306 ms, used_size=6060032 bytes (14.8%)
(RDMA_READ_CONSUME_CHECK_CONSUMER) timestamp=3306 ms, used_size=6057984 bytes (14.8%)
(RDMA_READ_CONSUME_CHECK_CONSUMER) timestamp=3306 ms, used_size=6055936 bytes (14.8%)
(RDMA_READ_CONSUME_CHECK_CONSUMER) timestamp=3306 ms, used_size=6053888 bytes (14.8%)
(RDMA_READ_CONSUME_CHECK_CONSUMER) timestamp=3306 ms, used_size=6051840 bytes (14.8%)
(RDMA_READ_CONSUME_CHECK_CONSUMER) timestamp=3306 ms, used_size=6049792 bytes (14.8%)
(RDMA_READ_CONSUME_CHECK_CONSUMER) timestamp=3306 ms, used_size=6047744 bytes (14.8%)
(RDMA_READ_CONSUME_CHECK_CONSUMER) timestamp=3306 ms, used_size=6045696 bytes (14.8%)
(RDMA_READ_CONSUME_CHECK_CONSUMER) timestamp=3306 ms, used_size=6043648 bytes (14.8%)
(RDMA_READ_CONSUME_CHECK_CONSUMER) timestamp=3306 ms, used_size=6041600 bytes (14.8%)
(RDMA_READ_CONSUME_CHECK_CONSUMER) timestamp=3306 ms, used_size=6039552 bytes (14.7%)
(RDMA_READ_CONSUME_CHECK_CONSUMER) timestamp=3306 ms, used_size=6037504 bytes (14.7%)
(RDMA_READ_CONSUME_CHECK_CONSUMER) timestamp=3306 ms, used_size=6035456 bytes (14.7%)
(RDMA_READ_CONSUME_CHECK_CONSUMER) timestamp=3306 ms, used_size=6033408 bytes (14.7%)
(RDMA_READ_CONSUME_CHECK_CONSUMER) timestamp=3306 ms, used_size=6031360 bytes (14.7%)
(RDMA_READ_CONSUME_CHECK_CONSUMER) timestamp=3306 ms, used_size=6029312 bytes (14.7%)
(RDMA_READ_CONSUME_CHECK_CONSUMER) timestamp=3306 ms, used_size=6027264 bytes (14.7%)
(RDMA_READ_CONSUME_CHECK_CONSUMER) timestamp=3306 ms, used_size=6025216 bytes (14.7%)
(RDMA_READ_CONSUME_CHECK_CONSUMER) timestamp=3306 ms, used_size=6023168 bytes (14.7%)
(RDMA_READ_CONSUME_CHECK_CONSUMER) timestamp=3306 ms, used_size=6021120 bytes (14.7%)
(RDMA_READ_CONSUME_CHECK_CONSUMER) timestamp=3306 ms, used_size=6019072 bytes (14.7%)
(RDMA_READ_CONSUME_CHECK_CONSUMER) timestamp=3306 ms, used_size=6017024 bytes (14.7%)
(RDMA_READ_CONSUME_CHECK_CONSUMER) timestamp=3306 ms, used_size=6014976 bytes (14.7%)
(RDMA_READ_CONSUME_CHECK_CONSUMER) timestamp=3306 ms, used_size=6012928 bytes (14.7%)
(RDMA_READ_CONSUME_CHECK_CONSUMER) timestamp=3306 ms, used_size=6010880 bytes (14.7%)
(RDMA_READ_CONSUME_CHECK_CONSUMER) timestamp=3306 ms, used_size=6008832 bytes (14.7%)
(RDMA_READ_CONSUME_CHECK_CONSUMER) timestamp=3306 ms, used_size=6006784 bytes (14.7%)
(RDMA_READ_CONSUME_CHECK_CONSUMER) timestamp=3306 ms, used_size=6004736 bytes (14.7%)
(RDMA_READ_CONSUME_CHECK_CONSUMER) timestamp=3306 ms, used_size=6002688 bytes (14.7%)
(RDMA_READ_CONSUME_CHECK_CONSUMER) timestamp=3306 ms, used_size=6000640 bytes (14.7%)
(RDMA_READ_CONSUME_CHECK_CONSUMER) timestamp=3306 ms, used_size=5998592 bytes (14.6%)
(RDMA_READ_CONSUME_CHECK_CONSUMER) timestamp=3306 ms, used_size=5996544 bytes (14.6%)
(RDMA_READ_CONSUME_CHECK_CONSUMER) timestamp=3306 ms, used_size=5994496 bytes (14.6%)
(RDMA_READ_CONSUME_CHECK_CONSUMER) timestamp=3306 ms, used_size=5992448 bytes (14.6%)
(RDMA_READ_CONSUME_CHECK_CONSUMER) timestamp=3306 ms, used_size=5990400 bytes (14.6%)
(RDMA_READ_CONSUME_CHECK_CONSUMER) timestamp=3306 ms, used_size=5988352 bytes (14.6%)
(RDMA_READ_CONSUME_CHECK_CONSUMER) timestamp=3306 ms, used_size=5986304 bytes (14.6%)
(RDMA_READ_CONSUME_CHECK_CONSUMER) timestamp=3306 ms, used_size=5984256 bytes (14.6%)
(RDMA_READ_CONSUME_CHECK_CONSUMER) timestamp=3306 ms, used_size=5982208 bytes (14.6%)
(RDMA_READ_CONSUME_CHECK_CONSUMER) timestamp=3306 ms, used_size=5980160 bytes (14.6%)
(RDMA_READ_CONSUME_CHECK_CONSUMER) timestamp=3306 ms, used_size=5978112 bytes (14.6%)
(RDMA_READ_CONSUME_CHECK_CONSUMER) timestamp=3306 ms, used_size=5976064 bytes (14.6%)
(RDMA_READ_CONSUME_CHECK_CONSUMER) timestamp=3306 ms, used_size=5974016 bytes (14.6%)
(RDMA_READ_CONSUME_CHECK_CONSUMER) timestamp=3306 ms, used_size=5971968 bytes (14.6%)
(RDMA_READ_CONSUME_CHECK_CONSUMER) timestamp=3306 ms, used_size=5969920 bytes (14.6%)
(RDMA_READ_CONSUME_CHECK_CONSUMER) timestamp=3306 ms, used_size=5967872 bytes (14.6%)
(RDMA_READ_CONSUME_CHECK_CONSUMER) timestamp=3306 ms, used_size=5965824 bytes (14.6%)
(RDMA_READ_CONSUME_CHECK_CONSUMER) timestamp=3306 ms, used_size=5963776 bytes (14.6%)
(RDMA_READ_CONSUME_CHECK_CONSUMER) timestamp=3306 ms, used_size=5961728 bytes (14.6%)
(RDMA_READ_CONSUME_CHECK_CONSUMER) timestamp=3306 ms, used_size=5959680 bytes (14.6%)
(RDMA_READ_CONSUME_CHECK_CONSUMER) timestamp=3306 ms, used_size=5957632 bytes (14.5%)
(RDMA_READ_CONSUME_CHECK_CONSUMER) timestamp=3306 ms, used_size=5955584 bytes (14.5%)
(RDMA_READ_CONSUME_CHECK_CONSUMER) timestamp=3306 ms, used_size=5953536 bytes (14.5%)
(RDMA_READ_CONSUME_CHECK_CONSUMER) timestamp=3306 ms, used_size=5951488 bytes (14.5%)
(RDMA_READ_CONSUME_CHECK_CONSUMER) timestamp=3306 ms, used_size=5949440 bytes (14.5%)
(RDMA_READ_CONSUME_CHECK_CONSUMER) timestamp=3306 ms, used_size=5947392 bytes (14.5%)
(RDMA_READ_CONSUME_CHECK_CONSUMER) timestamp=3306 ms, used_size=5945344 bytes (14.5%)
(RDMA_READ_CONSUME_CHECK_CONSUMER) timestamp=3306 ms, used_size=5943296 bytes (14.5%)
(RDMA_READ_CONSUME_CHECK_CONSUMER) timestamp=3306 ms, used_size=5941248 bytes (14.5%)
(RDMA_READ_CONSUME_CHECK_CONSUMER) timestamp=3306 ms, used_size=5939200 bytes (14.5%)
(RDMA_READ_CONSUME_CHECK_CONSUMER) timestamp=3306 ms, used_size=5937152 bytes (14.5%)
(RDMA_READ_CONSUME_CHECK_CONSUMER) timestamp=3306 ms, used_size=5935104 bytes (14.5%)
(RDMA_READ_CONSUME_CHECK_CONSUMER) timestamp=3306 ms, used_size=5933056 bytes (14.5%)
(RDMA_READ_CONSUME_CHECK_CONSUMER) timestamp=3306 ms, used_size=5931008 bytes (14.5%)
(RDMA_READ_CONSUME_CHECK_CONSUMER) timestamp=3306 ms, used_size=5928960 bytes (14.5%)
(RDMA_READ_CONSUME_CHECK_CONSUMER) timestamp=3306 ms, used_size=5926912 bytes (14.5%)
(RDMA_READ_CONSUME_CHECK_CONSUMER) timestamp=3306 ms, used_size=5924864 bytes (14.5%)
(RDMA_READ_CONSUME_CHECK_CONSUMER) timestamp=3306 ms, used_size=5922816 bytes (14.5%)
(RDMA_READ_CONSUME_CHECK_CONSUMER) timestamp=3306 ms, used_size=5920768 bytes (14.5%)
(RDMA_READ_CONSUME_CHECK_CONSUMER) timestamp=3306 ms, used_size=5918720 bytes (14.4%)
(RDMA_READ_CONSUME_CHECK_CONSUMER) timestamp=3306 ms, used_size=5916672 bytes (14.4%)
(RDMA_READ_CONSUME_CHECK_CONSUMER) timestamp=3306 ms, used_size=5914624 bytes (14.4%)
(RDMA_READ_CONSUME_CHECK_CONSUMER) timestamp=3306 ms, used_size=5912576 bytes (14.4%)
(RDMA_READ_CONSUME_CHECK_CONSUMER) timestamp=3306 ms, used_size=5910528 bytes (14.4%)
(RDMA_READ_CONSUME_CHECK_CONSUMER) timestamp=3306 ms, used_size=5908480 bytes (14.4%)
(RDMA_READ_CONSUME_CHECK_CONSUMER) timestamp=3306 ms, used_size=5906432 bytes (14.4%)
(RDMA_READ_CONSUME_CHECK_CONSUMER) timestamp=3306 ms, used_size=5904384 bytes (14.4%)
(RDMA_READ_CONSUME_CHECK_CONSUMER) timestamp=3306 ms, used_size=5902336 bytes (14.4%)
(RDMA_READ_CONSUME_CHECK_CONSUMER) timestamp=3306 ms, used_size=5900288 bytes (14.4%)
(RDMA_READ_CONSUME_CHECK_CONSUMER) timestamp=3306 ms, used_size=5898240 bytes (14.4%)
(RDMA_READ_CONSUME_CHECK_CONSUMER) timestamp=3306 ms, used_size=5896192 bytes (14.4%)
(RDMA_READ_CONSUME_CHECK_CONSUMER) timestamp=3306 ms, used_size=5894144 bytes (14.4%)
(RDMA_READ_CONSUME_CHECK_CONSUMER) timestamp=3306 ms, used_size=5892096 bytes (14.4%)
(RDMA_READ_CONSUME_CHECK_CONSUMER) timestamp=3306 ms, used_size=5890048 bytes (14.4%)
(RDMA_READ_CONSUME_CHECK_CONSUMER) timestamp=3306 ms, used_size=5888000 bytes (14.4%)
(RDMA_READ_CONSUME_CHECK_CONSUMER) timestamp=3306 ms, used_size=5885952 bytes (14.4%)
(RDMA_READ_CONSUME_CHECK_CONSUMER) timestamp=3306 ms, used_size=5883904 bytes (14.4%)
(RDMA_READ_CONSUME_CHECK_CONSUMER) timestamp=3306 ms, used_size=5881856 bytes (14.4%)
(RDMA_READ_CONSUME_CHECK_CONSUMER) timestamp=3306 ms, used_size=5879808 bytes (14.4%)
(RDMA_READ_CONSUME_CHECK_CONSUMER) timestamp=3306 ms, used_size=5877760 bytes (14.3%)
(RDMA_READ_CONSUME_CHECK_CONSUMER) timestamp=3306 ms, used_size=5875712 bytes (14.3%)
(RDMA_READ_CONSUME_CHECK_CONSUMER) timestamp=3306 ms, used_size=5873664 bytes (14.3%)
(RDMA_READ_CONSUME_CHECK_CONSUMER) timestamp=3306 ms, used_size=5871616 bytes (14.3%)
(RDMA_READ_CONSUME_CHECK_CONSUMER) timestamp=3306 ms, used_size=5869568 bytes (14.3%)
(RDMA_READ_CONSUME_CHECK_CONSUMER) timestamp=3306 ms, used_size=5867520 bytes (14.3%)
(RDMA_READ_CONSUME_CHECK_CONSUMER) timestamp=3306 ms, used_size=5865472 bytes (14.3%)
(RDMA_READ_CONSUME_CHECK_CONSUMER) timestamp=3306 ms, used_size=5863424 bytes (14.3%)
(RDMA_READ_CONSUME_CHECK_CONSUMER) timestamp=3306 ms, used_size=5861376 bytes (14.3%)
(RDMA_READ_CONSUME_CHECK_CONSUMER) timestamp=3306 ms, used_size=5859328 bytes (14.3%)
(RDMA_READ_CONSUME_CHECK_CONSUMER) timestamp=3306 ms, used_size=5857280 bytes (14.3%)
(RDMA_READ_CONSUME_CHECK_CONSUMER) timestamp=3306 ms, used_size=5855232 bytes (14.3%)
(RDMA_READ_CONSUME_CHECK_CONSUMER) timestamp=3306 ms, used_size=5853184 bytes (14.3%)
(RDMA_READ_CONSUME_CHECK_CONSUMER) timestamp=3306 ms, used_size=5851136 bytes (14.3%)
(RDMA_READ_CONSUME_CHECK_CONSUMER) timestamp=3306 ms, used_size=5849088 bytes (14.3%)
(RDMA_READ_CONSUME_CHECK_CONSUMER) timestamp=3306 ms, used_size=5847040 bytes (14.3%)
(RDMA_READ_CONSUME_CHECK_CONSUMER) timestamp=3306 ms, used_size=5844992 bytes (14.3%)
(RDMA_READ_CONSUME_CHECK_CONSUMER) timestamp=3306 ms, used_size=5842944 bytes (14.3%)
(RDMA_READ_CONSUME_CHECK_CONSUMER) timestamp=3306 ms, used_size=5840896 bytes (14.3%)
(RDMA_READ_CONSUME_CHECK_CONSUMER) timestamp=3306 ms, used_size=5838848 bytes (14.3%)
(RDMA_READ_CONSUME_CHECK_CONSUMER) timestamp=3306 ms, used_size=5836800 bytes (14.2%)
(RDMA_READ_CONSUME_CHECK_CONSUMER) timestamp=3306 ms, used_size=5834752 bytes (14.2%)
(RDMA_READ_CONSUME_CHECK_CONSUMER) timestamp=3306 ms, used_size=5832704 bytes (14.2%)
(RDMA_READ_CONSUME_CHECK_CONSUMER) timestamp=3306 ms, used_size=5830656 bytes (14.2%)
(RDMA_READ_CONSUME_CHECK_CONSUMER) timestamp=3306 ms, used_size=5828608 bytes (14.2%)
(RDMA_READ_CONSUME_CHECK_CONSUMER) timestamp=3306 ms, used_size=5826560 bytes (14.2%)
(RDMA_READ_CONSUME_CHECK_CONSUMER) timestamp=3306 ms, used_size=5824512 bytes (14.2%)
(RDMA_READ_CONSUME_CHECK_CONSUMER) timestamp=3306 ms, used_size=5822464 bytes (14.2%)
(RDMA_READ_CONSUME_CHECK_CONSUMER) timestamp=3306 ms, used_size=5820416 bytes (14.2%)
(RDMA_READ_CONSUME_CHECK_CONSUMER) timestamp=3306 ms, used_size=5818368 bytes (14.2%)
(RDMA_READ_CONSUME_CHECK_CONSUMER) timestamp=3306 ms, used_size=5816320 bytes (14.2%)
(RDMA_READ_CONSUME_CHECK_CONSUMER) timestamp=3306 ms, used_size=5814272 bytes (14.2%)
(RDMA_READ_CONSUME_CHECK_CONSUMER) timestamp=3306 ms, used_size=5812224 bytes (14.2%)
(RDMA_READ_CONSUME_CHECK_CONSUMER) timestamp=3306 ms, used_size=5810176 bytes (14.2%)
(RDMA_READ_CONSUME_CHECK_CONSUMER) timestamp=3306 ms, used_size=5808128 bytes (14.2%)
(RDMA_READ_CONSUME_CHECK_CONSUMER) timestamp=3306 ms, used_size=5806080 bytes (14.2%)
(RDMA_READ_CONSUME_CHECK_CONSUMER) timestamp=3306 ms, used_size=5804032 bytes (14.2%)
(RDMA_READ_CONSUME_CHECK_CONSUMER) timestamp=3306 ms, used_size=5801984 bytes (14.2%)
(RDMA_READ_CONSUME_CHECK_CONSUMER) timestamp=3306 ms, used_size=5799936 bytes (14.2%)
(RDMA_READ_CONSUME_CHECK_CONSUMER) timestamp=3307 ms, used_size=5797888 bytes (14.2%)
(RDMA_READ_CONSUME_CHECK_CONSUMER) timestamp=3307 ms, used_size=5795840 bytes (14.2%)
(RDMA_READ_CONSUME_CHECK_CONSUMER) timestamp=3307 ms, used_size=5793792 bytes (14.1%)
(RDMA_READ_CONSUME_CHECK_CONSUMER) timestamp=3307 ms, used_size=5791744 bytes (14.1%)
(RDMA_READ_CONSUME_CHECK_CONSUMER) timestamp=3307 ms, used_size=5789696 bytes (14.1%)
(RDMA_READ_CONSUME_CHECK_CONSUMER) timestamp=3307 ms, used_size=5787648 bytes (14.1%)
(RDMA_READ_CONSUME_CHECK_CONSUMER) timestamp=3307 ms, used_size=5785600 bytes (14.1%)
(RDMA_READ_CONSUME_CHECK_CONSUMER) timestamp=3307 ms, used_size=5783552 bytes (14.1%)
(RDMA_READ_CONSUME_CHECK_CONSUMER) timestamp=3307 ms, used_size=5781504 bytes (14.1%)
(RDMA_READ_CONSUME_CHECK_CONSUMER) timestamp=3307 ms, used_size=5779456 bytes (14.1%)
(RDMA_READ_CONSUME_CHECK_CONSUMER) timestamp=3307 ms, used_size=5777408 bytes (14.1%)
(RDMA_READ_CONSUME_CHECK_CONSUMER) timestamp=3307 ms, used_size=5775360 bytes (14.1%)
(RDMA_READ_CONSUME_CHECK_CONSUMER) timestamp=3307 ms, used_size=5773312 bytes (14.1%)
(RDMA_READ_CONSUME_CHECK_CONSUMER) timestamp=3307 ms, used_size=5771264 bytes (14.1%)
(RDMA_READ_CONSUME_CHECK_CONSUMER) timestamp=3307 ms, used_size=5769216 bytes (14.1%)
(RDMA_READ_CONSUME_CHECK_CONSUMER) timestamp=3307 ms, used_size=5767168 bytes (14.1%)
(RDMA_READ_CONSUME_CHECK_CONSUMER) timestamp=3307 ms, used_size=5765120 bytes (14.1%)
(RDMA_READ_CONSUME_CHECK_CONSUMER) timestamp=3307 ms, used_size=5763072 bytes (14.1%)
(RDMA_READ_CONSUME_CHECK_CONSUMER) timestamp=3307 ms, used_size=5761024 bytes (14.1%)
(RDMA_READ_CONSUME_CHECK_CONSUMER) timestamp=3307 ms, used_size=5758976 bytes (14.1%)
(RDMA_READ_CONSUME_CHECK_CONSUMER) timestamp=3307 ms, used_size=5756928 bytes (14.1%)
(RDMA_READ_CONSUME_CHECK_CONSUMER) timestamp=3307 ms, used_size=5754880 bytes (14.1%)
(RDMA_READ_CONSUME_CHECK_CONSUMER) timestamp=3307 ms, used_size=5752832 bytes (14.0%)
(RDMA_READ_CONSUME_CHECK_CONSUMER) timestamp=3307 ms, used_size=5750784 bytes (14.0%)
(RDMA_READ_CONSUME_CHECK_CONSUMER) timestamp=3307 ms, used_size=5748736 bytes (14.0%)
(RDMA_READ_CONSUME_CHECK_CONSUMER) timestamp=3307 ms, used_size=5746688 bytes (14.0%)
(RDMA_READ_CONSUME_CHECK_CONSUMER) timestamp=3307 ms, used_size=5744640 bytes (14.0%)
(RDMA_READ_CONSUME_CHECK_CONSUMER) timestamp=3307 ms, used_size=5742592 bytes (14.0%)
(RDMA_READ_CONSUME_CHECK_CONSUMER) timestamp=3307 ms, used_size=5740544 bytes (14.0%)
(RDMA_READ_CONSUME_CHECK_CONSUMER) timestamp=3307 ms, used_size=5738496 bytes (14.0%)
(RDMA_READ_CONSUME_CHECK_CONSUMER) timestamp=3307 ms, used_size=5736448 bytes (14.0%)
(RDMA_READ_CONSUME_CHECK_CONSUMER) timestamp=3307 ms, used_size=5734400 bytes (14.0%)
(RDMA_READ_CONSUME_CHECK_CONSUMER) timestamp=3307 ms, used_size=5732352 bytes (14.0%)
(RDMA_READ_CONSUME_CHECK_CONSUMER) timestamp=3307 ms, used_size=5730304 bytes (14.0%)
(RDMA_READ_CONSUME_CHECK_CONSUMER) timestamp=3307 ms, used_size=5728256 bytes (14.0%)
(RDMA_READ_CONSUME_CHECK_CONSUMER) timestamp=3307 ms, used_size=5726208 bytes (14.0%)
(RDMA_READ_CONSUME_CHECK_CONSUMER) timestamp=3307 ms, used_size=5724160 bytes (14.0%)
(RDMA_READ_CONSUME_CHECK_CONSUMER) timestamp=3307 ms, used_size=5722112 bytes (14.0%)
(RDMA_READ_CONSUME_CHECK_CONSUMER) timestamp=3307 ms, used_size=5720064 bytes (14.0%)
(RDMA_READ_CONSUME_CHECK_CONSUMER) timestamp=3307 ms, used_size=5718016 bytes (14.0%)
(RDMA_READ_CONSUME_CHECK_CONSUMER) timestamp=3307 ms, used_size=5715968 bytes (14.0%)
(RDMA_READ_CONSUME_CHECK_CONSUMER) timestamp=3307 ms, used_size=5713920 bytes (13.9%)
(RDMA_READ_CONSUME_CHECK_CONSUMER) timestamp=3307 ms, used_size=5711872 bytes (13.9%)
(RDMA_READ_CONSUME_CHECK_CONSUMER) timestamp=3307 ms, used_size=5709824 bytes (13.9%)
(RDMA_READ_CONSUME_CHECK_CONSUMER) timestamp=3307 ms, used_size=5707776 bytes (13.9%)
(RDMA_READ_CONSUME_CHECK_CONSUMER) timestamp=3307 ms, used_size=5705728 bytes (13.9%)
(RDMA_READ_CONSUME_CHECK_CONSUMER) timestamp=3307 ms, used_size=5703680 bytes (13.9%)
(RDMA_READ_CONSUME_CHECK_CONSUMER) timestamp=3307 ms, used_size=5701632 bytes (13.9%)
(RDMA_READ_CONSUME_CHECK_CONSUMER) timestamp=3307 ms, used_size=5699584 bytes (13.9%)
(RDMA_READ_CONSUME_CHECK_CONSUMER) timestamp=3307 ms, used_size=5697536 bytes (13.9%)
(RDMA_READ_CONSUME_CHECK_CONSUMER) timestamp=3307 ms, used_size=5695488 bytes (13.9%)
(RDMA_READ_CONSUME_CHECK_CONSUMER) timestamp=3307 ms, used_size=5693440 bytes (13.9%)
(RDMA_READ_CONSUME_CHECK_CONSUMER) timestamp=3307 ms, used_size=5691392 bytes (13.9%)
(RDMA_READ_CONSUME_CHECK_CONSUMER) timestamp=3307 ms, used_size=5689344 bytes (13.9%)
(RDMA_READ_CONSUME_CHECK_CONSUMER) timestamp=3307 ms, used_size=5687296 bytes (13.9%)
(RDMA_READ_CONSUME_CHECK_CONSUMER) timestamp=3307 ms, used_size=5685248 bytes (13.9%)
(RDMA_READ_CONSUME_CHECK_CONSUMER) timestamp=3307 ms, used_size=5683200 bytes (13.9%)
(RDMA_READ_CONSUME_CHECK_CONSUMER) timestamp=3307 ms, used_size=5681152 bytes (13.9%)
(RDMA_READ_CONSUME_CHECK_CONSUMER) timestamp=3307 ms, used_size=5679104 bytes (13.9%)
(RDMA_READ_CONSUME_CHECK_CONSUMER) timestamp=3307 ms, used_size=5677056 bytes (13.9%)
(RDMA_READ_CONSUME_CHECK_CONSUMER) timestamp=3307 ms, used_size=5675008 bytes (13.9%)
(RDMA_READ_CONSUME_CHECK_CONSUMER) timestamp=3307 ms, used_size=5672960 bytes (13.8%)
(RDMA_READ_CONSUME_CHECK_CONSUMER) timestamp=3307 ms, used_size=5670912 bytes (13.8%)
(RDMA_READ_CONSUME_CHECK_CONSUMER) timestamp=3307 ms, used_size=5668864 bytes (13.8%)
(RDMA_READ_CONSUME_CHECK_CONSUMER) timestamp=3307 ms, used_size=5666816 bytes (13.8%)
(RDMA_READ_CONSUME_CHECK_CONSUMER) timestamp=3307 ms, used_size=5664768 bytes (13.8%)
(RDMA_READ_CONSUME_CHECK_CONSUMER) timestamp=3307 ms, used_size=5662720 bytes (13.8%)
(RDMA_READ_CONSUME_CHECK_CONSUMER) timestamp=3307 ms, used_size=5660672 bytes (13.8%)
(RDMA_READ_CONSUME_CHECK_CONSUMER) timestamp=3307 ms, used_size=5658624 bytes (13.8%)
(RDMA_READ_CONSUME_CHECK_CONSUMER) timestamp=3307 ms, used_size=5656576 bytes (13.8%)
(RDMA_READ_CONSUME_CHECK_CONSUMER) timestamp=3307 ms, used_size=5654528 bytes (13.8%)
(RDMA_READ_CONSUME_CHECK_CONSUMER) timestamp=3307 ms, used_size=5652480 bytes (13.8%)
(RDMA_READ_CONSUME_CHECK_CONSUMER) timestamp=3307 ms, used_size=5650432 bytes (13.8%)
(RDMA_READ_CONSUME_CHECK_CONSUMER) timestamp=3307 ms, used_size=5648384 bytes (13.8%)
(RDMA_READ_CONSUME_CHECK_CONSUMER) timestamp=3307 ms, used_size=5646336 bytes (13.8%)
(RDMA_READ_CONSUME_CHECK_CONSUMER) timestamp=3307 ms, used_size=5644288 bytes (13.8%)
(RDMA_READ_CONSUME_CHECK_CONSUMER) timestamp=3307 ms, used_size=5642240 bytes (13.8%)
(RDMA_READ_CONSUME_CHECK_CONSUMER) timestamp=3307 ms, used_size=5640192 bytes (13.8%)
(RDMA_READ_CONSUME_CHECK_CONSUMER) timestamp=3307 ms, used_size=5638144 bytes (13.8%)
(RDMA_READ_CONSUME_CHECK_CONSUMER) timestamp=3307 ms, used_size=5636096 bytes (13.8%)
(RDMA_READ_CONSUME_CHECK_CONSUMER) timestamp=3307 ms, used_size=5634048 bytes (13.8%)
(RDMA_READ_CONSUME_CHECK_CONSUMER) timestamp=3307 ms, used_size=5632000 bytes (13.8%)
(RDMA_READ_CONSUME_CHECK_CONSUMER) timestamp=3307 ms, used_size=5629952 bytes (13.7%)
(RDMA_READ_CONSUME_CHECK_CONSUMER) timestamp=3307 ms, used_size=5627904 bytes (13.7%)
(RDMA_READ_CONSUME_CHECK_CONSUMER) timestamp=3307 ms, used_size=5625856 bytes (13.7%)
(RDMA_READ_CONSUME_CHECK_CONSUMER) timestamp=3307 ms, used_size=5623808 bytes (13.7%)
(RDMA_READ_CONSUME_CHECK_CONSUMER) timestamp=3307 ms, used_size=5621760 bytes (13.7%)
(RDMA_READ_CONSUME_CHECK_CONSUMER) timestamp=3307 ms, used_size=5619712 bytes (13.7%)
(RDMA_READ_CONSUME_CHECK_CONSUMER) timestamp=3307 ms, used_size=5617664 bytes (13.7%)
(RDMA_READ_CONSUME_CHECK_CONSUMER) timestamp=3307 ms, used_size=5615616 bytes (13.7%)
(RDMA_READ_CONSUME_CHECK_CONSUMER) timestamp=3307 ms, used_size=5613568 bytes (13.7%)
(RDMA_READ_CONSUME_CHECK_CONSUMER) timestamp=3307 ms, used_size=5611520 bytes (13.7%)
(RDMA_READ_CONSUME_CHECK_CONSUMER) timestamp=3307 ms, used_size=5609472 bytes (13.7%)
(RDMA_READ_CONSUME_CHECK_CONSUMER) timestamp=3307 ms, used_size=5607424 bytes (13.7%)
(RDMA_READ_CONSUME_CHECK_CONSUMER) timestamp=3307 ms, used_size=5605376 bytes (13.7%)
(RDMA_READ_CONSUME_CHECK_CONSUMER) timestamp=3307 ms, used_size=5603328 bytes (13.7%)
(RDMA_READ_CONSUME_CHECK_CONSUMER) timestamp=3307 ms, used_size=5601280 bytes (13.7%)
(RDMA_READ_CONSUME_CHECK_CONSUMER) timestamp=3307 ms, used_size=5599232 bytes (13.7%)
(RDMA_READ_CONSUME_CHECK_CONSUMER) timestamp=3307 ms, used_size=5597184 bytes (13.7%)
(RDMA_READ_CONSUME_CHECK_CONSUMER) timestamp=3307 ms, used_size=5595136 bytes (13.7%)
(RDMA_READ_CONSUME_CHECK_CONSUMER) timestamp=3307 ms, used_size=5593088 bytes (13.7%)
(RDMA_READ_CONSUME_CHECK_CONSUMER) timestamp=3307 ms, used_size=5591040 bytes (13.7%)
(RDMA_READ_CONSUME_CHECK_CONSUMER) timestamp=3307 ms, used_size=5588992 bytes (13.6%)
(RDMA_READ_CONSUME_CHECK_CONSUMER) timestamp=3307 ms, used_size=5586944 bytes (13.6%)
(RDMA_READ_CONSUME_CHECK_CONSUMER) timestamp=3307 ms, used_size=5584896 bytes (13.6%)
(RDMA_READ_CONSUME_CHECK_CONSUMER) timestamp=3307 ms, used_size=5582848 bytes (13.6%)
(RDMA_READ_CONSUME_CHECK_CONSUMER) timestamp=3307 ms, used_size=5580800 bytes (13.6%)
(RDMA_READ_CONSUME_CHECK_CONSUMER) timestamp=3307 ms, used_size=5578752 bytes (13.6%)
(RDMA_READ_CONSUME_CHECK_CONSUMER) timestamp=3307 ms, used_size=5576704 bytes (13.6%)
(RDMA_READ_CONSUME_CHECK_CONSUMER) timestamp=3307 ms, used_size=5574656 bytes (13.6%)
(RDMA_READ_CONSUME_CHECK_CONSUMER) timestamp=3307 ms, used_size=5572608 bytes (13.6%)
(RDMA_READ_CONSUME_CHECK_CONSUMER) timestamp=3307 ms, used_size=5570560 bytes (13.6%)
(RDMA_READ_CONSUME_CHECK_CONSUMER) timestamp=3307 ms, used_size=5568512 bytes (13.6%)
(RDMA_READ_CONSUME_CHECK_CONSUMER) timestamp=3307 ms, used_size=5566464 bytes (13.6%)
(RDMA_READ_CONSUME_CHECK_CONSUMER) timestamp=3307 ms, used_size=5564416 bytes (13.6%)
(RDMA_READ_CONSUME_CHECK_CONSUMER) timestamp=3307 ms, used_size=5562368 bytes (13.6%)
(RDMA_READ_CONSUME_CHECK_CONSUMER) timestamp=3307 ms, used_size=5560320 bytes (13.6%)
(RDMA_READ_CONSUME_CHECK_CONSUMER) timestamp=3307 ms, used_size=5558272 bytes (13.6%)
(RDMA_READ_CONSUME_CHECK_CONSUMER) timestamp=3307 ms, used_size=5556224 bytes (13.6%)
(RDMA_READ_CONSUME_CHECK_CONSUMER) timestamp=3307 ms, used_size=5554176 bytes (13.6%)
(RDMA_READ_CONSUME_CHECK_CONSUMER) timestamp=3307 ms, used_size=5552128 bytes (13.6%)
(RDMA_READ_CONSUME_CHECK_CONSUMER) timestamp=3307 ms, used_size=5550080 bytes (13.6%)
(RDMA_READ_CONSUME_CHECK_CONSUMER) timestamp=3307 ms, used_size=5548032 bytes (13.5%)
(RDMA_READ_CONSUME_CHECK_CONSUMER) timestamp=3307 ms, used_size=5545984 bytes (13.5%)
(RDMA_READ_CONSUME_CHECK_CONSUMER) timestamp=3307 ms, used_size=5543936 bytes (13.5%)
(RDMA_READ_CONSUME_CHECK_CONSUMER) timestamp=3307 ms, used_size=5541888 bytes (13.5%)
(RDMA_READ_CONSUME_CHECK_CONSUMER) timestamp=3307 ms, used_size=5539840 bytes (13.5%)
(RDMA_READ_CONSUME_CHECK_CONSUMER) timestamp=3307 ms, used_size=5537792 bytes (13.5%)
(RDMA_READ_CONSUME_CHECK_CONSUMER) timestamp=3307 ms, used_size=5535744 bytes (13.5%)
(RDMA_READ_CONSUME_CHECK_CONSUMER) timestamp=3307 ms, used_size=5533696 bytes (13.5%)
(RDMA_READ_CONSUME_CHECK_CONSUMER) timestamp=3307 ms, used_size=5531648 bytes (13.5%)
(RDMA_READ_CONSUME_CHECK_CONSUMER) timestamp=3307 ms, used_size=5529600 bytes (13.5%)
(RDMA_READ_CONSUME_CHECK_CONSUMER) timestamp=3307 ms, used_size=5527552 bytes (13.5%)
(RDMA_READ_CONSUME_CHECK_CONSUMER) timestamp=3307 ms, used_size=5525504 bytes (13.5%)
(RDMA_READ_CONSUME_CHECK_CONSUMER) timestamp=3307 ms, used_size=5523456 bytes (13.5%)
(RDMA_READ_CONSUME_CHECK_CONSUMER) timestamp=3307 ms, used_size=5521408 bytes (13.5%)
(RDMA_READ_CONSUME_CHECK_CONSUMER) timestamp=3307 ms, used_size=5519360 bytes (13.5%)
(RDMA_READ_CONSUME_CHECK_CONSUMER) timestamp=3307 ms, used_size=5517312 bytes (13.5%)
(RDMA_READ_CONSUME_CHECK_CONSUMER) timestamp=3307 ms, used_size=5515264 bytes (13.5%)
(RDMA_READ_CONSUME_CHECK_CONSUMER) timestamp=3307 ms, used_size=5513216 bytes (13.5%)
(RDMA_READ_CONSUME_CHECK_CONSUMER) timestamp=3307 ms, used_size=5511168 bytes (13.5%)
(RDMA_READ_CONSUME_CHECK_CONSUMER) timestamp=3307 ms, used_size=5509120 bytes (13.4%)
(RDMA_READ_CONSUME_CHECK_CONSUMER) timestamp=3307 ms, used_size=5507072 bytes (13.4%)
(RDMA_READ_CONSUME_CHECK_CONSUMER) timestamp=3307 ms, used_size=5505024 bytes (13.4%)
(RDMA_READ_CONSUME_CHECK_CONSUMER) timestamp=3307 ms, used_size=5502976 bytes (13.4%)
(RDMA_READ_CONSUME_CHECK_CONSUMER) timestamp=3307 ms, used_size=5500928 bytes (13.4%)
(RDMA_READ_CONSUME_CHECK_CONSUMER) timestamp=3307 ms, used_size=5498880 bytes (13.4%)
(RDMA_READ_CONSUME_CHECK_CONSUMER) timestamp=3307 ms, used_size=5496832 bytes (13.4%)
(RDMA_READ_CONSUME_CHECK_CONSUMER) timestamp=3307 ms, used_size=5494784 bytes (13.4%)
(RDMA_READ_CONSUME_CHECK_CONSUMER) timestamp=3307 ms, used_size=5492736 bytes (13.4%)
(RDMA_READ_CONSUME_CHECK_CONSUMER) timestamp=3307 ms, used_size=5490688 bytes (13.4%)
(RDMA_READ_CONSUME_CHECK_CONSUMER) timestamp=3307 ms, used_size=5488640 bytes (13.4%)
(RDMA_READ_CONSUME_CHECK_CONSUMER) timestamp=3307 ms, used_size=5486592 bytes (13.4%)
(RDMA_READ_CONSUME_CHECK_CONSUMER) timestamp=3307 ms, used_size=5484544 bytes (13.4%)
(RDMA_READ_CONSUME_CHECK_CONSUMER) timestamp=3307 ms, used_size=5482496 bytes (13.4%)
(RDMA_READ_CONSUME_CHECK_CONSUMER) timestamp=3307 ms, used_size=5480448 bytes (13.4%)
(RDMA_READ_CONSUME_CHECK_CONSUMER) timestamp=3307 ms, used_size=5478400 bytes (13.4%)
(RDMA_READ_CONSUME_CHECK_CONSUMER) timestamp=3307 ms, used_size=5476352 bytes (13.4%)
(RDMA_READ_CONSUME_CHECK_CONSUMER) timestamp=3307 ms, used_size=5474304 bytes (13.4%)
(RDMA_READ_CONSUME_CHECK_CONSUMER) timestamp=3307 ms, used_size=5472256 bytes (13.4%)
(RDMA_READ_CONSUME_CHECK_CONSUMER) timestamp=3307 ms, used_size=5470208 bytes (13.4%)
(RDMA_READ_CONSUME_CHECK_CONSUMER) timestamp=3307 ms, used_size=5468160 bytes (13.3%)
(RDMA_READ_CONSUME_CHECK_CONSUMER) timestamp=3307 ms, used_size=5466112 bytes (13.3%)
(RDMA_READ_CONSUME_CHECK_CONSUMER) timestamp=3307 ms, used_size=5464064 bytes (13.3%)
(RDMA_READ_CONSUME_CHECK_CONSUMER) timestamp=3307 ms, used_size=5462016 bytes (13.3%)
(RDMA_READ_CONSUME_CHECK_CONSUMER) timestamp=3307 ms, used_size=5459968 bytes (13.3%)
(RDMA_READ_CONSUME_CHECK_CONSUMER) timestamp=3307 ms, used_size=5457920 bytes (13.3%)
(RDMA_READ_CONSUME_CHECK_CONSUMER) timestamp=3307 ms, used_size=5455872 bytes (13.3%)
(RDMA_READ_CONSUME_CHECK_CONSUMER) timestamp=3307 ms, used_size=5453824 bytes (13.3%)
(RDMA_READ_CONSUME_CHECK_CONSUMER) timestamp=3307 ms, used_size=5451776 bytes (13.3%)
(RDMA_READ_CONSUME_CHECK_CONSUMER) timestamp=3307 ms, used_size=5449728 bytes (13.3%)
(RDMA_READ_CONSUME_CHECK_CONSUMER) timestamp=3307 ms, used_size=5447680 bytes (13.3%)
(RDMA_READ_CONSUME_CHECK_CONSUMER) timestamp=3307 ms, used_size=5445632 bytes (13.3%)
(RDMA_READ_CONSUME_CHECK_CONSUMER) timestamp=3307 ms, used_size=5443584 bytes (13.3%)
(RDMA_READ_CONSUME_CHECK_CONSUMER) timestamp=3307 ms, used_size=5441536 bytes (13.3%)
(RDMA_READ_CONSUME_CHECK_CONSUMER) timestamp=3307 ms, used_size=5439488 bytes (13.3%)
(RDMA_READ_CONSUME_CHECK_CONSUMER) timestamp=3308 ms, used_size=5437440 bytes (13.3%)
(RDMA_READ_CONSUME_CHECK_CONSUMER) timestamp=3308 ms, used_size=5435392 bytes (13.3%)
(RDMA_READ_CONSUME_CHECK_CONSUMER) timestamp=3308 ms, used_size=5433344 bytes (13.3%)
(RDMA_READ_CONSUME_CHECK_CONSUMER) timestamp=3308 ms, used_size=5431296 bytes (13.3%)
(RDMA_READ_CONSUME_CHECK_CONSUMER) timestamp=3308 ms, used_size=5429248 bytes (13.3%)
(RDMA_READ_CONSUME_CHECK_CONSUMER) timestamp=3308 ms, used_size=5427200 bytes (13.2%)
(RDMA_READ_CONSUME_CHECK_CONSUMER) timestamp=3308 ms, used_size=5425152 bytes (13.2%)
(RDMA_READ_CONSUME_CHECK_CONSUMER) timestamp=3308 ms, used_size=5423104 bytes (13.2%)
(RDMA_READ_CONSUME_CHECK_CONSUMER) timestamp=3308 ms, used_size=5421056 bytes (13.2%)
(RDMA_READ_CONSUME_CHECK_CONSUMER) timestamp=3308 ms, used_size=5419008 bytes (13.2%)
(RDMA_READ_CONSUME_CHECK_CONSUMER) timestamp=3308 ms, used_size=5416960 bytes (13.2%)
(RDMA_READ_CONSUME_CHECK_CONSUMER) timestamp=3308 ms, used_size=5414912 bytes (13.2%)
(RDMA_READ_CONSUME_CHECK_CONSUMER) timestamp=3308 ms, used_size=5412864 bytes (13.2%)
(RDMA_READ_CONSUME_CHECK_CONSUMER) timestamp=3308 ms, used_size=5410816 bytes (13.2%)
(RDMA_READ_CONSUME_CHECK_CONSUMER) timestamp=3308 ms, used_size=5408768 bytes (13.2%)
(RDMA_READ_CONSUME_CHECK_CONSUMER) timestamp=3308 ms, used_size=5406720 bytes (13.2%)
(RDMA_READ_CONSUME_CHECK_CONSUMER) timestamp=3308 ms, used_size=5404672 bytes (13.2%)
(RDMA_READ_CONSUME_CHECK_CONSUMER) timestamp=3308 ms, used_size=5402624 bytes (13.2%)
(RDMA_READ_CONSUME_CHECK_CONSUMER) timestamp=3308 ms, used_size=5400576 bytes (13.2%)
(RDMA_READ_CONSUME_CHECK_CONSUMER) timestamp=3308 ms, used_size=5398528 bytes (13.2%)
(RDMA_READ_CONSUME_CHECK_CONSUMER) timestamp=3308 ms, used_size=5396480 bytes (13.2%)
(RDMA_READ_CONSUME_CHECK_CONSUMER) timestamp=3308 ms, used_size=5394432 bytes (13.2%)
(RDMA_READ_CONSUME_CHECK_CONSUMER) timestamp=3308 ms, used_size=5392384 bytes (13.2%)
(RDMA_READ_CONSUME_CHECK_CONSUMER) timestamp=3308 ms, used_size=5390336 bytes (13.2%)
(RDMA_READ_CONSUME_CHECK_CONSUMER) timestamp=3308 ms, used_size=5388288 bytes (13.2%)
(RDMA_READ_CONSUME_CHECK_CONSUMER) timestamp=3308 ms, used_size=5386240 bytes (13.2%)
(RDMA_READ_CONSUME_CHECK_CONSUMER) timestamp=3308 ms, used_size=5384192 bytes (13.1%)
(RDMA_READ_CONSUME_CHECK_CONSUMER) timestamp=3308 ms, used_size=5382144 bytes (13.1%)
(RDMA_READ_CONSUME_CHECK_CONSUMER) timestamp=3308 ms, used_size=5380096 bytes (13.1%)
(RDMA_READ_CONSUME_CHECK_CONSUMER) timestamp=3308 ms, used_size=5378048 bytes (13.1%)
(RDMA_READ_CONSUME_CHECK_CONSUMER) timestamp=3308 ms, used_size=5376000 bytes (13.1%)
(RDMA_READ_CONSUME_CHECK_CONSUMER) timestamp=3308 ms, used_size=5373952 bytes (13.1%)
(RDMA_READ_CONSUME_CHECK_CONSUMER) timestamp=3308 ms, used_size=5371904 bytes (13.1%)
(RDMA_READ_CONSUME_CHECK_CONSUMER) timestamp=3308 ms, used_size=5369856 bytes (13.1%)
(RDMA_READ_CONSUME_CHECK_CONSUMER) timestamp=3308 ms, used_size=5367808 bytes (13.1%)
(RDMA_READ_CONSUME_CHECK_CONSUMER) timestamp=3308 ms, used_size=5365760 bytes (13.1%)
(RDMA_READ_CONSUME_CHECK_CONSUMER) timestamp=3308 ms, used_size=5363712 bytes (13.1%)
(RDMA_READ_CONSUME_CHECK_CONSUMER) timestamp=3308 ms, used_size=5361664 bytes (13.1%)
(RDMA_READ_CONSUME_CHECK_CONSUMER) timestamp=3308 ms, used_size=5359616 bytes (13.1%)
(RDMA_READ_CONSUME_CHECK_CONSUMER) timestamp=3308 ms, used_size=5357568 bytes (13.1%)
(RDMA_READ_CONSUME_CHECK_CONSUMER) timestamp=3308 ms, used_size=5355520 bytes (13.1%)
(RDMA_READ_CONSUME_CHECK_CONSUMER) timestamp=3308 ms, used_size=5353472 bytes (13.1%)
(RDMA_READ_CONSUME_CHECK_CONSUMER) timestamp=3308 ms, used_size=5351424 bytes (13.1%)
(RDMA_READ_CONSUME_CHECK_CONSUMER) timestamp=3308 ms, used_size=5349376 bytes (13.1%)
(RDMA_READ_CONSUME_CHECK_CONSUMER) timestamp=3308 ms, used_size=5347328 bytes (13.1%)
(RDMA_READ_CONSUME_CHECK_CONSUMER) timestamp=3308 ms, used_size=5345280 bytes (13.1%)
(RDMA_READ_CONSUME_CHECK_CONSUMER) timestamp=3308 ms, used_size=5343232 bytes (13.0%)
(RDMA_READ_CONSUME_CHECK_CONSUMER) timestamp=3308 ms, used_size=5341184 bytes (13.0%)
(RDMA_READ_CONSUME_CHECK_CONSUMER) timestamp=3308 ms, used_size=5339136 bytes (13.0%)
(RDMA_READ_CONSUME_CHECK_CONSUMER) timestamp=3308 ms, used_size=5337088 bytes (13.0%)
(RDMA_READ_CONSUME_CHECK_CONSUMER) timestamp=3308 ms, used_size=5335040 bytes (13.0%)
(RDMA_READ_CONSUME_CHECK_CONSUMER) timestamp=3308 ms, used_size=5332992 bytes (13.0%)
(RDMA_READ_CONSUME_CHECK_CONSUMER) timestamp=3308 ms, used_size=5330944 bytes (13.0%)
(RDMA_READ_CONSUME_CHECK_CONSUMER) timestamp=3308 ms, used_size=5328896 bytes (13.0%)
(RDMA_READ_CONSUME_CHECK_CONSUMER) timestamp=3308 ms, used_size=5326848 bytes (13.0%)
(RDMA_READ_CONSUME_CHECK_CONSUMER) timestamp=3308 ms, used_size=5324800 bytes (13.0%)
(RDMA_READ_CONSUME_CHECK_CONSUMER) timestamp=3308 ms, used_size=5322752 bytes (13.0%)
(RDMA_READ_CONSUME_CHECK_CONSUMER) timestamp=3308 ms, used_size=5320704 bytes (13.0%)
(RDMA_READ_CONSUME_CHECK_CONSUMER) timestamp=3308 ms, used_size=5318656 bytes (13.0%)
(RDMA_READ_CONSUME_CHECK_CONSUMER) timestamp=3308 ms, used_size=5316608 bytes (13.0%)
(RDMA_READ_CONSUME_CHECK_CONSUMER) timestamp=3308 ms, used_size=5314560 bytes (13.0%)
(RDMA_READ_CONSUME_CHECK_CONSUMER) timestamp=3308 ms, used_size=5312512 bytes (13.0%)
(RDMA_READ_CONSUME_CHECK_CONSUMER) timestamp=3308 ms, used_size=5310464 bytes (13.0%)
(RDMA_READ_CONSUME_CHECK_CONSUMER) timestamp=3308 ms, used_size=5308416 bytes (13.0%)
(RDMA_READ_CONSUME_CHECK_CONSUMER) timestamp=3308 ms, used_size=5306368 bytes (13.0%)
(RDMA_READ_CONSUME_CHECK_CONSUMER) timestamp=3308 ms, used_size=5304320 bytes (12.9%)
(RDMA_READ_CONSUME_CHECK_CONSUMER) timestamp=3308 ms, used_size=5302272 bytes (12.9%)
(RDMA_READ_CONSUME_CHECK_CONSUMER) timestamp=3308 ms, used_size=5300224 bytes (12.9%)
(RDMA_READ_CONSUME_CHECK_CONSUMER) timestamp=3308 ms, used_size=5298176 bytes (12.9%)
(RDMA_READ_CONSUME_CHECK_CONSUMER) timestamp=3308 ms, used_size=5296128 bytes (12.9%)
(RDMA_READ_CONSUME_CHECK_CONSUMER) timestamp=3308 ms, used_size=5294080 bytes (12.9%)
(RDMA_READ_CONSUME_CHECK_CONSUMER) timestamp=3308 ms, used_size=5292032 bytes (12.9%)
(RDMA_READ_CONSUME_CHECK_CONSUMER) timestamp=3308 ms, used_size=5289984 bytes (12.9%)
(RDMA_READ_CONSUME_CHECK_CONSUMER) timestamp=3308 ms, used_size=5287936 bytes (12.9%)
(RDMA_READ_CONSUME_CHECK_CONSUMER) timestamp=3308 ms, used_size=5285888 bytes (12.9%)
(RDMA_READ_CONSUME_CHECK_CONSUMER) timestamp=3308 ms, used_size=5283840 bytes (12.9%)
(RDMA_READ_CONSUME_CHECK_CONSUMER) timestamp=3308 ms, used_size=5281792 bytes (12.9%)
(RDMA_READ_CONSUME_CHECK_CONSUMER) timestamp=3308 ms, used_size=5279744 bytes (12.9%)
(RDMA_READ_CONSUME_CHECK_CONSUMER) timestamp=3308 ms, used_size=5277696 bytes (12.9%)
(RDMA_READ_CONSUME_CHECK_CONSUMER) timestamp=3308 ms, used_size=5275648 bytes (12.9%)
(RDMA_READ_CONSUME_CHECK_CONSUMER) timestamp=3308 ms, used_size=5273600 bytes (12.9%)
(RDMA_READ_CONSUME_CHECK_CONSUMER) timestamp=3308 ms, used_size=5271552 bytes (12.9%)
(RDMA_READ_CONSUME_CHECK_CONSUMER) timestamp=3308 ms, used_size=5269504 bytes (12.9%)
(RDMA_READ_CONSUME_CHECK_CONSUMER) timestamp=3308 ms, used_size=5267456 bytes (12.9%)
(RDMA_READ_CONSUME_CHECK_CONSUMER) timestamp=3308 ms, used_size=5265408 bytes (12.9%)
(RDMA_READ_CONSUME_CHECK_CONSUMER) timestamp=3308 ms, used_size=5263360 bytes (12.8%)
(RDMA_READ_CONSUME_CHECK_CONSUMER) timestamp=3308 ms, used_size=5261312 bytes (12.8%)
(RDMA_READ_CONSUME_CHECK_CONSUMER) timestamp=3308 ms, used_size=5259264 bytes (12.8%)
(RDMA_READ_CONSUME_CHECK_CONSUMER) timestamp=3308 ms, used_size=5257216 bytes (12.8%)
(RDMA_READ_CONSUME_CHECK_CONSUMER) timestamp=3308 ms, used_size=5255168 bytes (12.8%)
(RDMA_READ_CONSUME_CHECK_CONSUMER) timestamp=3308 ms, used_size=5253120 bytes (12.8%)
(RDMA_READ_CONSUME_CHECK_CONSUMER) timestamp=3308 ms, used_size=5251072 bytes (12.8%)
(RDMA_READ_CONSUME_CHECK_CONSUMER) timestamp=3308 ms, used_size=5249024 bytes (12.8%)
(RDMA_READ_CONSUME_CHECK_CONSUMER) timestamp=3308 ms, used_size=5246976 bytes (12.8%)
(RDMA_READ_CONSUME_CHECK_CONSUMER) timestamp=3308 ms, used_size=5244928 bytes (12.8%)
(RDMA_READ_CONSUME_CHECK_CONSUMER) timestamp=3308 ms, used_size=5242880 bytes (12.8%)
(RDMA_READ_CONSUME_CHECK_CONSUMER) timestamp=3308 ms, used_size=5240832 bytes (12.8%)
(RDMA_READ_CONSUME_CHECK_CONSUMER) timestamp=3308 ms, used_size=5238784 bytes (12.8%)
(RDMA_READ_CONSUME_CHECK_CONSUMER) timestamp=3308 ms, used_size=5236736 bytes (12.8%)
(RDMA_READ_CONSUME_CHECK_CONSUMER) timestamp=3308 ms, used_size=5234688 bytes (12.8%)
(RDMA_READ_CONSUME_CHECK_CONSUMER) timestamp=3308 ms, used_size=5232640 bytes (12.8%)
(RDMA_READ_CONSUME_CHECK_CONSUMER) timestamp=3308 ms, used_size=5230592 bytes (12.8%)
(RDMA_READ_CONSUME_CHECK_CONSUMER) timestamp=3308 ms, used_size=5228544 bytes (12.8%)
(RDMA_READ_CONSUME_CHECK_CONSUMER) timestamp=3308 ms, used_size=5226496 bytes (12.8%)
(RDMA_READ_CONSUME_CHECK_CONSUMER) timestamp=3308 ms, used_size=5224448 bytes (12.8%)
(RDMA_READ_CONSUME_CHECK_CONSUMER) timestamp=3308 ms, used_size=5222400 bytes (12.8%)
(RDMA_READ_CONSUME_CHECK_CONSUMER) timestamp=3308 ms, used_size=5220352 bytes (12.7%)
(RDMA_READ_CONSUME_CHECK_CONSUMER) timestamp=3308 ms, used_size=5218304 bytes (12.7%)
(RDMA_READ_CONSUME_CHECK_CONSUMER) timestamp=3308 ms, used_size=5216256 bytes (12.7%)
(RDMA_READ_CONSUME_CHECK_CONSUMER) timestamp=3308 ms, used_size=5214208 bytes (12.7%)
(RDMA_READ_CONSUME_CHECK_CONSUMER) timestamp=3308 ms, used_size=5212160 bytes (12.7%)
(RDMA_READ_CONSUME_CHECK_CONSUMER) timestamp=3308 ms, used_size=5210112 bytes (12.7%)
(RDMA_READ_CONSUME_CHECK_CONSUMER) timestamp=3308 ms, used_size=5208064 bytes (12.7%)
(RDMA_READ_CONSUME_CHECK_CONSUMER) timestamp=3308 ms, used_size=5206016 bytes (12.7%)
(RDMA_READ_CONSUME_CHECK_CONSUMER) timestamp=3308 ms, used_size=5203968 bytes (12.7%)
(RDMA_READ_CONSUME_CHECK_CONSUMER) timestamp=3308 ms, used_size=5201920 bytes (12.7%)
(RDMA_READ_CONSUME_CHECK_CONSUMER) timestamp=3308 ms, used_size=5199872 bytes (12.7%)
(RDMA_READ_CONSUME_CHECK_CONSUMER) timestamp=3308 ms, used_size=5197824 bytes (12.7%)
(RDMA_READ_CONSUME_CHECK_CONSUMER) timestamp=3308 ms, used_size=5195776 bytes (12.7%)
(RDMA_READ_CONSUME_CHECK_CONSUMER) timestamp=3308 ms, used_size=5193728 bytes (12.7%)
(RDMA_READ_CONSUME_CHECK_CONSUMER) timestamp=3308 ms, used_size=5191680 bytes (12.7%)
(RDMA_READ_CONSUME_CHECK_CONSUMER) timestamp=3308 ms, used_size=5189632 bytes (12.7%)
(RDMA_READ_CONSUME_CHECK_CONSUMER) timestamp=3308 ms, used_size=5187584 bytes (12.7%)
(RDMA_READ_CONSUME_CHECK_CONSUMER) timestamp=3308 ms, used_size=5185536 bytes (12.7%)
(RDMA_READ_CONSUME_CHECK_CONSUMER) timestamp=3308 ms, used_size=5183488 bytes (12.7%)
(RDMA_READ_CONSUME_CHECK_CONSUMER) timestamp=3308 ms, used_size=5181440 bytes (12.7%)
(RDMA_READ_CONSUME_CHECK_CONSUMER) timestamp=3308 ms, used_size=5179392 bytes (12.6%)
(RDMA_READ_CONSUME_CHECK_CONSUMER) timestamp=3308 ms, used_size=5177344 bytes (12.6%)
(RDMA_READ_CONSUME_CHECK_CONSUMER) timestamp=3308 ms, used_size=5175296 bytes (12.6%)
(RDMA_READ_CONSUME_CHECK_CONSUMER) timestamp=3308 ms, used_size=5173248 bytes (12.6%)
(RDMA_READ_CONSUME_CHECK_CONSUMER) timestamp=3308 ms, used_size=5171200 bytes (12.6%)
(RDMA_READ_CONSUME_CHECK_CONSUMER) timestamp=3308 ms, used_size=5169152 bytes (12.6%)
(RDMA_READ_CONSUME_CHECK_CONSUMER) timestamp=3308 ms, used_size=5167104 bytes (12.6%)
(RDMA_READ_CONSUME_CHECK_CONSUMER) timestamp=3308 ms, used_size=5165056 bytes (12.6%)
(RDMA_READ_CONSUME_CHECK_CONSUMER) timestamp=3308 ms, used_size=5163008 bytes (12.6%)
(RDMA_READ_CONSUME_CHECK_CONSUMER) timestamp=3308 ms, used_size=5160960 bytes (12.6%)
(RDMA_READ_CONSUME_CHECK_CONSUMER) timestamp=3308 ms, used_size=5158912 bytes (12.6%)
(RDMA_READ_CONSUME_CHECK_CONSUMER) timestamp=3308 ms, used_size=5156864 bytes (12.6%)
(RDMA_READ_CONSUME_CHECK_CONSUMER) timestamp=3308 ms, used_size=5154816 bytes (12.6%)
(RDMA_READ_CONSUME_CHECK_CONSUMER) timestamp=3308 ms, used_size=5152768 bytes (12.6%)
(RDMA_READ_CONSUME_CHECK_CONSUMER) timestamp=3308 ms, used_size=5150720 bytes (12.6%)
(RDMA_READ_CONSUME_CHECK_CONSUMER) timestamp=3308 ms, used_size=5148672 bytes (12.6%)
(RDMA_READ_CONSUME_CHECK_CONSUMER) timestamp=3308 ms, used_size=5146624 bytes (12.6%)
(RDMA_READ_CONSUME_CHECK_CONSUMER) timestamp=3308 ms, used_size=5144576 bytes (12.6%)
(RDMA_READ_CONSUME_CHECK_CONSUMER) timestamp=3308 ms, used_size=5142528 bytes (12.6%)
(RDMA_READ_CONSUME_CHECK_CONSUMER) timestamp=3308 ms, used_size=5140480 bytes (12.6%)
(RDMA_READ_CONSUME_CHECK_CONSUMER) timestamp=3308 ms, used_size=5138432 bytes (12.5%)
(RDMA_READ_CONSUME_CHECK_CONSUMER) timestamp=3308 ms, used_size=5136384 bytes (12.5%)
(RDMA_READ_CONSUME_CHECK_CONSUMER) timestamp=3308 ms, used_size=5134336 bytes (12.5%)
(RDMA_READ_CONSUME_CHECK_CONSUMER) timestamp=3308 ms, used_size=5132288 bytes (12.5%)
(RDMA_READ_CONSUME_CHECK_CONSUMER) timestamp=3308 ms, used_size=5130240 bytes (12.5%)
(RDMA_READ_CONSUME_CHECK_CONSUMER) timestamp=3308 ms, used_size=5128192 bytes (12.5%)
(RDMA_READ_CONSUME_CHECK_CONSUMER) timestamp=3308 ms, used_size=5126144 bytes (12.5%)
(RDMA_READ_CONSUME_CHECK_CONSUMER) timestamp=3308 ms, used_size=5124096 bytes (12.5%)
(RDMA_READ_CONSUME_CHECK_CONSUMER) timestamp=3308 ms, used_size=5122048 bytes (12.5%)
(RDMA_READ_CONSUME_CHECK_CONSUMER) timestamp=3308 ms, used_size=5120000 bytes (12.5%)
(RDMA_READ_CONSUME_CHECK_CONSUMER) timestamp=3308 ms, used_size=5117952 bytes (12.5%)
(RDMA_READ_CONSUME_CHECK_CONSUMER) timestamp=3308 ms, used_size=5115904 bytes (12.5%)
(RDMA_READ_CONSUME_CHECK_CONSUMER) timestamp=3308 ms, used_size=5113856 bytes (12.5%)
(RDMA_READ_CONSUME_CHECK_CONSUMER) timestamp=3308 ms, used_size=5111808 bytes (12.5%)
(RDMA_READ_CONSUME_CHECK_CONSUMER) timestamp=3308 ms, used_size=5109760 bytes (12.5%)
(RDMA_READ_CONSUME_CHECK_CONSUMER) timestamp=3308 ms, used_size=5107712 bytes (12.5%)
(RDMA_READ_CONSUME_CHECK_CONSUMER) timestamp=3308 ms, used_size=5105664 bytes (12.5%)
(RDMA_READ_CONSUME_CHECK_CONSUMER) timestamp=3308 ms, used_size=5103616 bytes (12.5%)
(RDMA_READ_CONSUME_CHECK_CONSUMER) timestamp=3308 ms, used_size=5101568 bytes (12.5%)
(RDMA_READ_CONSUME_CHECK_CONSUMER) timestamp=3308 ms, used_size=5099520 bytes (12.4%)
(RDMA_READ_CONSUME_CHECK_CONSUMER) timestamp=3308 ms, used_size=5097472 bytes (12.4%)
(RDMA_READ_CONSUME_CHECK_CONSUMER) timestamp=3308 ms, used_size=5095424 bytes (12.4%)
(RDMA_READ_CONSUME_CHECK_CONSUMER) timestamp=3308 ms, used_size=5093376 bytes (12.4%)
(RDMA_READ_CONSUME_CHECK_CONSUMER) timestamp=3308 ms, used_size=5091328 bytes (12.4%)
(RDMA_READ_CONSUME_CHECK_CONSUMER) timestamp=3308 ms, used_size=5089280 bytes (12.4%)
(RDMA_READ_CONSUME_CHECK_CONSUMER) timestamp=3308 ms, used_size=5087232 bytes (12.4%)
(RDMA_READ_CONSUME_CHECK_CONSUMER) timestamp=3308 ms, used_size=5085184 bytes (12.4%)
(RDMA_READ_CONSUME_CHECK_CONSUMER) timestamp=3308 ms, used_size=5083136 bytes (12.4%)
(RDMA_READ_CONSUME_CHECK_CONSUMER) timestamp=3308 ms, used_size=5081088 bytes (12.4%)
(RDMA_READ_CONSUME_CHECK_CONSUMER) timestamp=3308 ms, used_size=5079040 bytes (12.4%)
(RDMA_READ_CONSUME_CHECK_CONSUMER) timestamp=3308 ms, used_size=5076992 bytes (12.4%)
(RDMA_READ_CONSUME_CHECK_CONSUMER) timestamp=3309 ms, used_size=5074944 bytes (12.4%)
(RDMA_READ_CONSUME_CHECK_CONSUMER) timestamp=3309 ms, used_size=5072896 bytes (12.4%)
(RDMA_READ_CONSUME_CHECK_CONSUMER) timestamp=3309 ms, used_size=5070848 bytes (12.4%)
(RDMA_READ_CONSUME_CHECK_CONSUMER) timestamp=3309 ms, used_size=5068800 bytes (12.4%)
(RDMA_READ_CONSUME_CHECK_CONSUMER) timestamp=3309 ms, used_size=5066752 bytes (12.4%)
(RDMA_READ_CONSUME_CHECK_CONSUMER) timestamp=3309 ms, used_size=5064704 bytes (12.4%)
(RDMA_READ_CONSUME_CHECK_CONSUMER) timestamp=3309 ms, used_size=5062656 bytes (12.4%)
(RDMA_READ_CONSUME_CHECK_CONSUMER) timestamp=3309 ms, used_size=5060608 bytes (12.4%)
(RDMA_READ_CONSUME_CHECK_CONSUMER) timestamp=3309 ms, used_size=5058560 bytes (12.3%)
(RDMA_READ_CONSUME_CHECK_CONSUMER) timestamp=3309 ms, used_size=5056512 bytes (12.3%)
(RDMA_READ_CONSUME_CHECK_CONSUMER) timestamp=3309 ms, used_size=5054464 bytes (12.3%)
(RDMA_READ_CONSUME_CHECK_CONSUMER) timestamp=3309 ms, used_size=5052416 bytes (12.3%)
(RDMA_READ_CONSUME_CHECK_CONSUMER) timestamp=3309 ms, used_size=5050368 bytes (12.3%)
(RDMA_READ_CONSUME_CHECK_CONSUMER) timestamp=3309 ms, used_size=5048320 bytes (12.3%)
(RDMA_READ_CONSUME_CHECK_CONSUMER) timestamp=3309 ms, used_size=5046272 bytes (12.3%)
(RDMA_READ_CONSUME_CHECK_CONSUMER) timestamp=3309 ms, used_size=5044224 bytes (12.3%)
(RDMA_READ_CONSUME_CHECK_CONSUMER) timestamp=3309 ms, used_size=5042176 bytes (12.3%)
(RDMA_READ_CONSUME_CHECK_CONSUMER) timestamp=3309 ms, used_size=5040128 bytes (12.3%)
(RDMA_READ_CONSUME_CHECK_CONSUMER) timestamp=3309 ms, used_size=5038080 bytes (12.3%)
(RDMA_READ_CONSUME_CHECK_CONSUMER) timestamp=3309 ms, used_size=5036032 bytes (12.3%)
(RDMA_READ_CONSUME_CHECK_CONSUMER) timestamp=3309 ms, used_size=5033984 bytes (12.3%)
(RDMA_READ_CONSUME_CHECK_CONSUMER) timestamp=3309 ms, used_size=5031936 bytes (12.3%)
(RDMA_READ_CONSUME_CHECK_CONSUMER) timestamp=3309 ms, used_size=5029888 bytes (12.3%)
(RDMA_READ_CONSUME_CHECK_CONSUMER) timestamp=3309 ms, used_size=5027840 bytes (12.3%)
(RDMA_READ_CONSUME_CHECK_CONSUMER) timestamp=3309 ms, used_size=5025792 bytes (12.3%)
(RDMA_READ_CONSUME_CHECK_CONSUMER) timestamp=3309 ms, used_size=5023744 bytes (12.3%)
(RDMA_READ_CONSUME_CHECK_CONSUMER) timestamp=3309 ms, used_size=5021696 bytes (12.3%)
(RDMA_READ_CONSUME_CHECK_CONSUMER) timestamp=3309 ms, used_size=5019648 bytes (12.3%)
(RDMA_READ_CONSUME_CHECK_CONSUMER) timestamp=3309 ms, used_size=5017600 bytes (12.2%)
(RDMA_READ_CONSUME_CHECK_CONSUMER) timestamp=3309 ms, used_size=5015552 bytes (12.2%)
(RDMA_READ_CONSUME_CHECK_CONSUMER) timestamp=3309 ms, used_size=5013504 bytes (12.2%)
(RDMA_READ_CONSUME_CHECK_CONSUMER) timestamp=3309 ms, used_size=5011456 bytes (12.2%)
(RDMA_READ_CONSUME_CHECK_CONSUMER) timestamp=3309 ms, used_size=5009408 bytes (12.2%)
(RDMA_READ_CONSUME_CHECK_CONSUMER) timestamp=3309 ms, used_size=5007360 bytes (12.2%)
(RDMA_READ_CONSUME_CHECK_CONSUMER) timestamp=3309 ms, used_size=5005312 bytes (12.2%)
(RDMA_READ_CONSUME_CHECK_CONSUMER) timestamp=3309 ms, used_size=5003264 bytes (12.2%)
(RDMA_READ_CONSUME_CHECK_CONSUMER) timestamp=3309 ms, used_size=5001216 bytes (12.2%)
(RDMA_READ_CONSUME_CHECK_CONSUMER) timestamp=3309 ms, used_size=4999168 bytes (12.2%)
(RDMA_READ_CONSUME_CHECK_CONSUMER) timestamp=3309 ms, used_size=4997120 bytes (12.2%)
(RDMA_READ_CONSUME_CHECK_CONSUMER) timestamp=3309 ms, used_size=4995072 bytes (12.2%)
(RDMA_READ_CONSUME_CHECK_CONSUMER) timestamp=3309 ms, used_size=4993024 bytes (12.2%)
(RDMA_READ_CONSUME_CHECK_CONSUMER) timestamp=3309 ms, used_size=4990976 bytes (12.2%)
(RDMA_READ_CONSUME_CHECK_CONSUMER) timestamp=3309 ms, used_size=4988928 bytes (12.2%)
(RDMA_READ_CONSUME_CHECK_CONSUMER) timestamp=3309 ms, used_size=4986880 bytes (12.2%)
(RDMA_READ_CONSUME_CHECK_CONSUMER) timestamp=3309 ms, used_size=4984832 bytes (12.2%)
(RDMA_READ_CONSUME_CHECK_CONSUMER) timestamp=3309 ms, used_size=4982784 bytes (12.2%)
(RDMA_READ_CONSUME_CHECK_CONSUMER) timestamp=3309 ms, used_size=4980736 bytes (12.2%)
(RDMA_READ_CONSUME_CHECK_CONSUMER) timestamp=3309 ms, used_size=4978688 bytes (12.2%)
(RDMA_READ_CONSUME_CHECK_CONSUMER) timestamp=3309 ms, used_size=4976640 bytes (12.2%)
(RDMA_READ_CONSUME_CHECK_CONSUMER) timestamp=3309 ms, used_size=4974592 bytes (12.1%)
(RDMA_READ_CONSUME_CHECK_CONSUMER) timestamp=3309 ms, used_size=4972544 bytes (12.1%)
(RDMA_READ_CONSUME_CHECK_CONSUMER) timestamp=3309 ms, used_size=4970496 bytes (12.1%)
(RDMA_READ_CONSUME_CHECK_CONSUMER) timestamp=3309 ms, used_size=4968448 bytes (12.1%)
(RDMA_READ_CONSUME_CHECK_CONSUMER) timestamp=3309 ms, used_size=4966400 bytes (12.1%)
(RDMA_READ_CONSUME_CHECK_CONSUMER) timestamp=3309 ms, used_size=4964352 bytes (12.1%)
(RDMA_READ_CONSUME_CHECK_CONSUMER) timestamp=3309 ms, used_size=4962304 bytes (12.1%)
(RDMA_READ_CONSUME_CHECK_CONSUMER) timestamp=3309 ms, used_size=4960256 bytes (12.1%)
(RDMA_READ_CONSUME_CHECK_CONSUMER) timestamp=3309 ms, used_size=4958208 bytes (12.1%)
(RDMA_READ_CONSUME_CHECK_CONSUMER) timestamp=3309 ms, used_size=4956160 bytes (12.1%)
(RDMA_READ_CONSUME_CHECK_CONSUMER) timestamp=3309 ms, used_size=4954112 bytes (12.1%)
(RDMA_READ_CONSUME_CHECK_CONSUMER) timestamp=3309 ms, used_size=4952064 bytes (12.1%)
(RDMA_READ_CONSUME_CHECK_CONSUMER) timestamp=3309 ms, used_size=4950016 bytes (12.1%)
(RDMA_READ_CONSUME_CHECK_CONSUMER) timestamp=3309 ms, used_size=4947968 bytes (12.1%)
(RDMA_READ_CONSUME_CHECK_CONSUMER) timestamp=3309 ms, used_size=4945920 bytes (12.1%)
(RDMA_READ_CONSUME_CHECK_CONSUMER) timestamp=3309 ms, used_size=4943872 bytes (12.1%)
(RDMA_READ_CONSUME_CHECK_CONSUMER) timestamp=3309 ms, used_size=4941824 bytes (12.1%)
(RDMA_READ_CONSUME_CHECK_CONSUMER) timestamp=3309 ms, used_size=4939776 bytes (12.1%)
(RDMA_READ_CONSUME_CHECK_CONSUMER) timestamp=3309 ms, used_size=4937728 bytes (12.1%)
(RDMA_READ_CONSUME_CHECK_CONSUMER) timestamp=3309 ms, used_size=4935680 bytes (12.1%)
(RDMA_READ_CONSUME_CHECK_CONSUMER) timestamp=3309 ms, used_size=4933632 bytes (12.0%)
(RDMA_READ_CONSUME_CHECK_CONSUMER) timestamp=3309 ms, used_size=4931584 bytes (12.0%)
(RDMA_READ_CONSUME_CHECK_CONSUMER) timestamp=3309 ms, used_size=4929536 bytes (12.0%)
(RDMA_READ_CONSUME_CHECK_CONSUMER) timestamp=3309 ms, used_size=4927488 bytes (12.0%)
(RDMA_READ_CONSUME_CHECK_CONSUMER) timestamp=3309 ms, used_size=4925440 bytes (12.0%)
(RDMA_READ_CONSUME_CHECK_CONSUMER) timestamp=3309 ms, used_size=4923392 bytes (12.0%)
(RDMA_READ_CONSUME_CHECK_CONSUMER) timestamp=3309 ms, used_size=4921344 bytes (12.0%)
(RDMA_READ_CONSUME_CHECK_CONSUMER) timestamp=3309 ms, used_size=4919296 bytes (12.0%)
(RDMA_READ_CONSUME_CHECK_CONSUMER) timestamp=3309 ms, used_size=4917248 bytes (12.0%)
(RDMA_READ_CONSUME_CHECK_CONSUMER) timestamp=3309 ms, used_size=4915200 bytes (12.0%)
(RDMA_READ_CONSUME_CHECK_CONSUMER) timestamp=3309 ms, used_size=4913152 bytes (12.0%)
(RDMA_READ_CONSUME_CHECK_CONSUMER) timestamp=3309 ms, used_size=4911104 bytes (12.0%)
(RDMA_READ_CONSUME_CHECK_CONSUMER) timestamp=3309 ms, used_size=4909056 bytes (12.0%)
(RDMA_READ_CONSUME_CHECK_CONSUMER) timestamp=3309 ms, used_size=4907008 bytes (12.0%)
(RDMA_READ_CONSUME_CHECK_CONSUMER) timestamp=3309 ms, used_size=4904960 bytes (12.0%)
(RDMA_READ_CONSUME_CHECK_CONSUMER) timestamp=3309 ms, used_size=4902912 bytes (12.0%)
(RDMA_READ_CONSUME_CHECK_CONSUMER) timestamp=3309 ms, used_size=4900864 bytes (12.0%)
(RDMA_READ_CONSUME_CHECK_CONSUMER) timestamp=3309 ms, used_size=4898816 bytes (12.0%)
(RDMA_READ_CONSUME_CHECK_CONSUMER) timestamp=3309 ms, used_size=4896768 bytes (12.0%)
(RDMA_READ_CONSUME_CHECK_CONSUMER) timestamp=3309 ms, used_size=4894720 bytes (11.9%)
(RDMA_READ_CONSUME_CHECK_CONSUMER) timestamp=3309 ms, used_size=4892672 bytes (11.9%)
(RDMA_READ_CONSUME_CHECK_CONSUMER) timestamp=3309 ms, used_size=4890624 bytes (11.9%)
(RDMA_READ_CONSUME_CHECK_CONSUMER) timestamp=3309 ms, used_size=4888576 bytes (11.9%)
(RDMA_READ_CONSUME_CHECK_CONSUMER) timestamp=3309 ms, used_size=4886528 bytes (11.9%)
(RDMA_READ_CONSUME_CHECK_CONSUMER) timestamp=3309 ms, used_size=4884480 bytes (11.9%)
(RDMA_READ_CONSUME_CHECK_CONSUMER) timestamp=3309 ms, used_size=4882432 bytes (11.9%)
(RDMA_READ_CONSUME_CHECK_CONSUMER) timestamp=3309 ms, used_size=4880384 bytes (11.9%)
(RDMA_READ_CONSUME_CHECK_CONSUMER) timestamp=3309 ms, used_size=4878336 bytes (11.9%)
(RDMA_READ_CONSUME_CHECK_CONSUMER) timestamp=3309 ms, used_size=4876288 bytes (11.9%)
(RDMA_READ_CONSUME_CHECK_CONSUMER) timestamp=3309 ms, used_size=4874240 bytes (11.9%)
(RDMA_READ_CONSUME_CHECK_CONSUMER) timestamp=3309 ms, used_size=4872192 bytes (11.9%)
(RDMA_READ_CONSUME_CHECK_CONSUMER) timestamp=3309 ms, used_size=4870144 bytes (11.9%)
(RDMA_READ_CONSUME_CHECK_CONSUMER) timestamp=3309 ms, used_size=4868096 bytes (11.9%)
(RDMA_READ_CONSUME_CHECK_CONSUMER) timestamp=3309 ms, used_size=4866048 bytes (11.9%)
(RDMA_READ_CONSUME_CHECK_CONSUMER) timestamp=3309 ms, used_size=4864000 bytes (11.9%)
(RDMA_READ_CONSUME_CHECK_CONSUMER) timestamp=3309 ms, used_size=4861952 bytes (11.9%)
(RDMA_READ_CONSUME_CHECK_CONSUMER) timestamp=3309 ms, used_size=4859904 bytes (11.9%)
(RDMA_READ_CONSUME_CHECK_CONSUMER) timestamp=3309 ms, used_size=4857856 bytes (11.9%)
(RDMA_READ_CONSUME_CHECK_CONSUMER) timestamp=3309 ms, used_size=4855808 bytes (11.9%)
(RDMA_READ_CONSUME_CHECK_CONSUMER) timestamp=3309 ms, used_size=4853760 bytes (11.8%)
(RDMA_READ_CONSUME_CHECK_CONSUMER) timestamp=3309 ms, used_size=4851712 bytes (11.8%)
(RDMA_READ_CONSUME_CHECK_CONSUMER) timestamp=3309 ms, used_size=4849664 bytes (11.8%)
(RDMA_READ_CONSUME_CHECK_CONSUMER) timestamp=3309 ms, used_size=4847616 bytes (11.8%)
(RDMA_READ_CONSUME_CHECK_CONSUMER) timestamp=3309 ms, used_size=4845568 bytes (11.8%)
(RDMA_READ_CONSUME_CHECK_CONSUMER) timestamp=3309 ms, used_size=4843520 bytes (11.8%)
(RDMA_READ_CONSUME_CHECK_CONSUMER) timestamp=3309 ms, used_size=4841472 bytes (11.8%)
(RDMA_READ_CONSUME_CHECK_CONSUMER) timestamp=3309 ms, used_size=4839424 bytes (11.8%)
(RDMA_READ_CONSUME_CHECK_CONSUMER) timestamp=3309 ms, used_size=4837376 bytes (11.8%)
(RDMA_READ_CONSUME_CHECK_CONSUMER) timestamp=3309 ms, used_size=4835328 bytes (11.8%)
(RDMA_READ_CONSUME_CHECK_CONSUMER) timestamp=3309 ms, used_size=4833280 bytes (11.8%)
(RDMA_READ_CONSUME_CHECK_CONSUMER) timestamp=3309 ms, used_size=4831232 bytes (11.8%)
(RDMA_READ_CONSUME_CHECK_CONSUMER) timestamp=3309 ms, used_size=4829184 bytes (11.8%)
(RDMA_READ_CONSUME_CHECK_CONSUMER) timestamp=3309 ms, used_size=4827136 bytes (11.8%)
(RDMA_READ_CONSUME_CHECK_CONSUMER) timestamp=3309 ms, used_size=4825088 bytes (11.8%)
(RDMA_READ_CONSUME_CHECK_CONSUMER) timestamp=3309 ms, used_size=4823040 bytes (11.8%)
(RDMA_READ_CONSUME_CHECK_CONSUMER) timestamp=3309 ms, used_size=4820992 bytes (11.8%)
(RDMA_READ_CONSUME_CHECK_CONSUMER) timestamp=3309 ms, used_size=4818944 bytes (11.8%)
(RDMA_READ_CONSUME_CHECK_CONSUMER) timestamp=3309 ms, used_size=4816896 bytes (11.8%)
(RDMA_READ_CONSUME_CHECK_CONSUMER) timestamp=3309 ms, used_size=4814848 bytes (11.8%)
(RDMA_READ_CONSUME_CHECK_CONSUMER) timestamp=3309 ms, used_size=4812800 bytes (11.8%)
(RDMA_READ_CONSUME_CHECK_CONSUMER) timestamp=3309 ms, used_size=4810752 bytes (11.7%)
(RDMA_READ_CONSUME_CHECK_CONSUMER) timestamp=3309 ms, used_size=4808704 bytes (11.7%)
(RDMA_READ_CONSUME_CHECK_CONSUMER) timestamp=3309 ms, used_size=4806656 bytes (11.7%)
(RDMA_READ_CONSUME_CHECK_CONSUMER) timestamp=3309 ms, used_size=4804608 bytes (11.7%)
(RDMA_READ_CONSUME_CHECK_CONSUMER) timestamp=3309 ms, used_size=4802560 bytes (11.7%)
(RDMA_READ_CONSUME_CHECK_CONSUMER) timestamp=3309 ms, used_size=4800512 bytes (11.7%)
(RDMA_READ_CONSUME_CHECK_CONSUMER) timestamp=3309 ms, used_size=4798464 bytes (11.7%)
(RDMA_READ_CONSUME_CHECK_CONSUMER) timestamp=3309 ms, used_size=4796416 bytes (11.7%)
(RDMA_READ_CONSUME_CHECK_CONSUMER) timestamp=3309 ms, used_size=4794368 bytes (11.7%)
(RDMA_READ_CONSUME_CHECK_CONSUMER) timestamp=3309 ms, used_size=4792320 bytes (11.7%)
(RDMA_READ_CONSUME_CHECK_CONSUMER) timestamp=3309 ms, used_size=4790272 bytes (11.7%)
(RDMA_READ_CONSUME_CHECK_CONSUMER) timestamp=3309 ms, used_size=4788224 bytes (11.7%)
(RDMA_READ_CONSUME_CHECK_CONSUMER) timestamp=3309 ms, used_size=4786176 bytes (11.7%)
(RDMA_READ_CONSUME_CHECK_CONSUMER) timestamp=3309 ms, used_size=4784128 bytes (11.7%)
(RDMA_READ_CONSUME_CHECK_CONSUMER) timestamp=3309 ms, used_size=4782080 bytes (11.7%)
(RDMA_READ_CONSUME_CHECK_CONSUMER) timestamp=3309 ms, used_size=4780032 bytes (11.7%)
(RDMA_READ_CONSUME_CHECK_CONSUMER) timestamp=3309 ms, used_size=4777984 bytes (11.7%)
(RDMA_READ_CONSUME_CHECK_CONSUMER) timestamp=3309 ms, used_size=4775936 bytes (11.7%)
(RDMA_READ_CONSUME_CHECK_CONSUMER) timestamp=3309 ms, used_size=4773888 bytes (11.7%)
(RDMA_READ_CONSUME_CHECK_CONSUMER) timestamp=3309 ms, used_size=4771840 bytes (11.7%)
(RDMA_READ_CONSUME_CHECK_CONSUMER) timestamp=3309 ms, used_size=4769792 bytes (11.6%)
(RDMA_READ_CONSUME_CHECK_CONSUMER) timestamp=3309 ms, used_size=4767744 bytes (11.6%)
(RDMA_READ_CONSUME_CHECK_CONSUMER) timestamp=3309 ms, used_size=4765696 bytes (11.6%)
(RDMA_READ_CONSUME_CHECK_CONSUMER) timestamp=3309 ms, used_size=4763648 bytes (11.6%)
(RDMA_READ_CONSUME_CHECK_CONSUMER) timestamp=3309 ms, used_size=4761600 bytes (11.6%)
(RDMA_READ_CONSUME_CHECK_CONSUMER) timestamp=3309 ms, used_size=4759552 bytes (11.6%)
(RDMA_READ_CONSUME_CHECK_CONSUMER) timestamp=3309 ms, used_size=4757504 bytes (11.6%)
(RDMA_READ_CONSUME_CHECK_CONSUMER) timestamp=3309 ms, used_size=4755456 bytes (11.6%)
(RDMA_READ_CONSUME_CHECK_CONSUMER) timestamp=3309 ms, used_size=4753408 bytes (11.6%)
(RDMA_READ_CONSUME_CHECK_CONSUMER) timestamp=3309 ms, used_size=4751360 bytes (11.6%)
(RDMA_READ_CONSUME_CHECK_CONSUMER) timestamp=3309 ms, used_size=4749312 bytes (11.6%)
(RDMA_READ_CONSUME_CHECK_CONSUMER) timestamp=3309 ms, used_size=4747264 bytes (11.6%)
(RDMA_READ_CONSUME_CHECK_CONSUMER) timestamp=3309 ms, used_size=4745216 bytes (11.6%)
(RDMA_READ_CONSUME_CHECK_CONSUMER) timestamp=3309 ms, used_size=4743168 bytes (11.6%)
(RDMA_READ_CONSUME_CHECK_CONSUMER) timestamp=3309 ms, used_size=4741120 bytes (11.6%)
(RDMA_READ_CONSUME_CHECK_CONSUMER) timestamp=3309 ms, used_size=4739072 bytes (11.6%)
(RDMA_READ_CONSUME_CHECK_CONSUMER) timestamp=3309 ms, used_size=4737024 bytes (11.6%)
(RDMA_READ_CONSUME_CHECK_CONSUMER) timestamp=3309 ms, used_size=4734976 bytes (11.6%)
(RDMA_READ_CONSUME_CHECK_CONSUMER) timestamp=3309 ms, used_size=4732928 bytes (11.6%)
(RDMA_READ_CONSUME_CHECK_CONSUMER) timestamp=3309 ms, used_size=4730880 bytes (11.6%)
(RDMA_READ_CONSUME_CHECK_CONSUMER) timestamp=3309 ms, used_size=4728832 bytes (11.5%)
(RDMA_READ_CONSUME_CHECK_CONSUMER) timestamp=3309 ms, used_size=4726784 bytes (11.5%)
(RDMA_READ_CONSUME_CHECK_CONSUMER) timestamp=3309 ms, used_size=4724736 bytes (11.5%)
(RDMA_READ_CONSUME_CHECK_CONSUMER) timestamp=3309 ms, used_size=4722688 bytes (11.5%)
(RDMA_READ_CONSUME_CHECK_CONSUMER) timestamp=3309 ms, used_size=4720640 bytes (11.5%)
(RDMA_READ_CONSUME_CHECK_CONSUMER) timestamp=3309 ms, used_size=4718592 bytes (11.5%)
(RDMA_READ_CONSUME_CHECK_CONSUMER) timestamp=3309 ms, used_size=4716544 bytes (11.5%)
(RDMA_READ_CONSUME_CHECK_CONSUMER) timestamp=3309 ms, used_size=4714496 bytes (11.5%)
(RDMA_READ_CONSUME_CHECK_CONSUMER) timestamp=3310 ms, used_size=4712448 bytes (11.5%)
(RDMA_READ_CONSUME_CHECK_CONSUMER) timestamp=3310 ms, used_size=4710400 bytes (11.5%)
(RDMA_READ_CONSUME_CHECK_CONSUMER) timestamp=3310 ms, used_size=4708352 bytes (11.5%)
(RDMA_READ_CONSUME_CHECK_CONSUMER) timestamp=3310 ms, used_size=4706304 bytes (11.5%)
(RDMA_READ_CONSUME_CHECK_CONSUMER) timestamp=3310 ms, used_size=4704256 bytes (11.5%)
(RDMA_READ_CONSUME_CHECK_CONSUMER) timestamp=3310 ms, used_size=4702208 bytes (11.5%)
(RDMA_READ_CONSUME_CHECK_CONSUMER) timestamp=3310 ms, used_size=4700160 bytes (11.5%)
(RDMA_READ_CONSUME_CHECK_CONSUMER) timestamp=3310 ms, used_size=4698112 bytes (11.5%)
(RDMA_READ_CONSUME_CHECK_CONSUMER) timestamp=3310 ms, used_size=4696064 bytes (11.5%)
(RDMA_READ_CONSUME_CHECK_CONSUMER) timestamp=3310 ms, used_size=4694016 bytes (11.5%)
(RDMA_READ_CONSUME_CHECK_CONSUMER) timestamp=3310 ms, used_size=4691968 bytes (11.5%)
(RDMA_READ_CONSUME_CHECK_CONSUMER) timestamp=3310 ms, used_size=4689920 bytes (11.4%)
(RDMA_READ_CONSUME_CHECK_CONSUMER) timestamp=3310 ms, used_size=4687872 bytes (11.4%)
(RDMA_READ_CONSUME_CHECK_CONSUMER) timestamp=3310 ms, used_size=4685824 bytes (11.4%)
(RDMA_READ_CONSUME_CHECK_CONSUMER) timestamp=3310 ms, used_size=4683776 bytes (11.4%)
(RDMA_READ_CONSUME_CHECK_CONSUMER) timestamp=3310 ms, used_size=4681728 bytes (11.4%)
(RDMA_READ_CONSUME_CHECK_CONSUMER) timestamp=3310 ms, used_size=4679680 bytes (11.4%)
(RDMA_READ_CONSUME_CHECK_CONSUMER) timestamp=3310 ms, used_size=4677632 bytes (11.4%)
(RDMA_READ_CONSUME_CHECK_CONSUMER) timestamp=3310 ms, used_size=4675584 bytes (11.4%)
(RDMA_READ_CONSUME_CHECK_CONSUMER) timestamp=3310 ms, used_size=4673536 bytes (11.4%)
(RDMA_READ_CONSUME_CHECK_CONSUMER) timestamp=3310 ms, used_size=4671488 bytes (11.4%)
(RDMA_READ_CONSUME_CHECK_CONSUMER) timestamp=3310 ms, used_size=4669440 bytes (11.4%)
(RDMA_READ_CONSUME_CHECK_CONSUMER) timestamp=3310 ms, used_size=4667392 bytes (11.4%)
(RDMA_READ_CONSUME_CHECK_CONSUMER) timestamp=3310 ms, used_size=4665344 bytes (11.4%)
(RDMA_READ_CONSUME_CHECK_CONSUMER) timestamp=3310 ms, used_size=4663296 bytes (11.4%)
(RDMA_READ_CONSUME_CHECK_CONSUMER) timestamp=3310 ms, used_size=4661248 bytes (11.4%)
(RDMA_READ_CONSUME_CHECK_CONSUMER) timestamp=3310 ms, used_size=4659200 bytes (11.4%)
(RDMA_READ_CONSUME_CHECK_CONSUMER) timestamp=3310 ms, used_size=4657152 bytes (11.4%)
(RDMA_READ_CONSUME_CHECK_CONSUMER) timestamp=3310 ms, used_size=4655104 bytes (11.4%)
(RDMA_READ_CONSUME_CHECK_CONSUMER) timestamp=3310 ms, used_size=4653056 bytes (11.4%)
(RDMA_READ_CONSUME_CHECK_CONSUMER) timestamp=3310 ms, used_size=4651008 bytes (11.4%)
(RDMA_READ_CONSUME_CHECK_CONSUMER) timestamp=3310 ms, used_size=4648960 bytes (11.3%)
(RDMA_READ_CONSUME_CHECK_CONSUMER) timestamp=3310 ms, used_size=4646912 bytes (11.3%)
(RDMA_READ_CONSUME_CHECK_CONSUMER) timestamp=3310 ms, used_size=4644864 bytes (11.3%)
(RDMA_READ_CONSUME_CHECK_CONSUMER) timestamp=3310 ms, used_size=4642816 bytes (11.3%)
(RDMA_READ_CONSUME_CHECK_CONSUMER) timestamp=3310 ms, used_size=4640768 bytes (11.3%)
(RDMA_READ_CONSUME_CHECK_CONSUMER) timestamp=3310 ms, used_size=4638720 bytes (11.3%)
(RDMA_READ_CONSUME_CHECK_CONSUMER) timestamp=3310 ms, used_size=4636672 bytes (11.3%)
(RDMA_READ_CONSUME_CHECK_CONSUMER) timestamp=3310 ms, used_size=4634624 bytes (11.3%)
(RDMA_READ_CONSUME_CHECK_CONSUMER) timestamp=3310 ms, used_size=4632576 bytes (11.3%)
(RDMA_READ_CONSUME_CHECK_CONSUMER) timestamp=3310 ms, used_size=4630528 bytes (11.3%)
(RDMA_READ_CONSUME_CHECK_CONSUMER) timestamp=3310 ms, used_size=4628480 bytes (11.3%)
(RDMA_READ_CONSUME_CHECK_CONSUMER) timestamp=3310 ms, used_size=4626432 bytes (11.3%)
(RDMA_READ_CONSUME_CHECK_CONSUMER) timestamp=3310 ms, used_size=4624384 bytes (11.3%)
(RDMA_READ_CONSUME_CHECK_CONSUMER) timestamp=3310 ms, used_size=4622336 bytes (11.3%)
(RDMA_READ_CONSUME_CHECK_CONSUMER) timestamp=3310 ms, used_size=4620288 bytes (11.3%)
(RDMA_READ_CONSUME_CHECK_CONSUMER) timestamp=3310 ms, used_size=4618240 bytes (11.3%)
(RDMA_READ_CONSUME_CHECK_CONSUMER) timestamp=3310 ms, used_size=4616192 bytes (11.3%)
(RDMA_READ_CONSUME_CHECK_CONSUMER) timestamp=3310 ms, used_size=4614144 bytes (11.3%)
(RDMA_READ_CONSUME_CHECK_CONSUMER) timestamp=3310 ms, used_size=4612096 bytes (11.3%)
(RDMA_READ_CONSUME_CHECK_CONSUMER) timestamp=3310 ms, used_size=4610048 bytes (11.3%)
(RDMA_READ_CONSUME_CHECK_CONSUMER) timestamp=3310 ms, used_size=4608000 bytes (11.2%)
(RDMA_READ_CONSUME_CHECK_CONSUMER) timestamp=3310 ms, used_size=4605952 bytes (11.2%)
(RDMA_READ_CONSUME_CHECK_CONSUMER) timestamp=3310 ms, used_size=4603904 bytes (11.2%)
(RDMA_READ_CONSUME_CHECK_CONSUMER) timestamp=3310 ms, used_size=4601856 bytes (11.2%)
(RDMA_READ_CONSUME_CHECK_CONSUMER) timestamp=3310 ms, used_size=4599808 bytes (11.2%)
(RDMA_READ_CONSUME_CHECK_CONSUMER) timestamp=3310 ms, used_size=4597760 bytes (11.2%)
(RDMA_READ_CONSUME_CHECK_CONSUMER) timestamp=3310 ms, used_size=4595712 bytes (11.2%)
(RDMA_READ_CONSUME_CHECK_CONSUMER) timestamp=3310 ms, used_size=4593664 bytes (11.2%)
(RDMA_READ_CONSUME_CHECK_CONSUMER) timestamp=3310 ms, used_size=4591616 bytes (11.2%)
(RDMA_READ_CONSUME_CHECK_CONSUMER) timestamp=3310 ms, used_size=4589568 bytes (11.2%)
(RDMA_READ_CONSUME_CHECK_CONSUMER) timestamp=3310 ms, used_size=4587520 bytes (11.2%)
(RDMA_READ_CONSUME_CHECK_CONSUMER) timestamp=3310 ms, used_size=4585472 bytes (11.2%)
(RDMA_READ_CONSUME_CHECK_CONSUMER) timestamp=3310 ms, used_size=4583424 bytes (11.2%)
(RDMA_READ_CONSUME_CHECK_CONSUMER) timestamp=3310 ms, used_size=4581376 bytes (11.2%)
(RDMA_READ_CONSUME_CHECK_CONSUMER) timestamp=3310 ms, used_size=4579328 bytes (11.2%)
(RDMA_READ_CONSUME_CHECK_CONSUMER) timestamp=3310 ms, used_size=4577280 bytes (11.2%)
(RDMA_READ_CONSUME_CHECK_CONSUMER) timestamp=3310 ms, used_size=4575232 bytes (11.2%)
(RDMA_READ_CONSUME_CHECK_CONSUMER) timestamp=3310 ms, used_size=4573184 bytes (11.2%)
(RDMA_READ_CONSUME_CHECK_CONSUMER) timestamp=3310 ms, used_size=4571136 bytes (11.2%)
(RDMA_READ_CONSUME_CHECK_CONSUMER) timestamp=3310 ms, used_size=4569088 bytes (11.2%)
(RDMA_READ_CONSUME_CHECK_CONSUMER) timestamp=3310 ms, used_size=4567040 bytes (11.2%)
(RDMA_READ_CONSUME_CHECK_CONSUMER) timestamp=3310 ms, used_size=4564992 bytes (11.1%)
(RDMA_READ_CONSUME_CHECK_CONSUMER) timestamp=3310 ms, used_size=4562944 bytes (11.1%)
(RDMA_READ_CONSUME_CHECK_CONSUMER) timestamp=3310 ms, used_size=4560896 bytes (11.1%)
(RDMA_READ_CONSUME_CHECK_CONSUMER) timestamp=3310 ms, used_size=4558848 bytes (11.1%)
(RDMA_READ_CONSUME_CHECK_CONSUMER) timestamp=3310 ms, used_size=4556800 bytes (11.1%)
(RDMA_READ_CONSUME_CHECK_CONSUMER) timestamp=3310 ms, used_size=4554752 bytes (11.1%)
(RDMA_READ_CONSUME_CHECK_CONSUMER) timestamp=3310 ms, used_size=4552704 bytes (11.1%)
(RDMA_READ_CONSUME_CHECK_CONSUMER) timestamp=3310 ms, used_size=4550656 bytes (11.1%)
(RDMA_READ_CONSUME_CHECK_CONSUMER) timestamp=3310 ms, used_size=4548608 bytes (11.1%)
(RDMA_READ_CONSUME_CHECK_CONSUMER) timestamp=3310 ms, used_size=4546560 bytes (11.1%)
(RDMA_READ_CONSUME_CHECK_CONSUMER) timestamp=3310 ms, used_size=4544512 bytes (11.1%)
(RDMA_READ_CONSUME_CHECK_CONSUMER) timestamp=3310 ms, used_size=4542464 bytes (11.1%)
(RDMA_READ_CONSUME_CHECK_CONSUMER) timestamp=3310 ms, used_size=4540416 bytes (11.1%)
(RDMA_READ_CONSUME_CHECK_CONSUMER) timestamp=3310 ms, used_size=4538368 bytes (11.1%)
(RDMA_READ_CONSUME_CHECK_CONSUMER) timestamp=3310 ms, used_size=4536320 bytes (11.1%)
(RDMA_READ_CONSUME_CHECK_CONSUMER) timestamp=3310 ms, used_size=4534272 bytes (11.1%)
(RDMA_READ_CONSUME_CHECK_CONSUMER) timestamp=3310 ms, used_size=4532224 bytes (11.1%)
(RDMA_READ_CONSUME_CHECK_CONSUMER) timestamp=3310 ms, used_size=4530176 bytes (11.1%)
(RDMA_READ_CONSUME_CHECK_CONSUMER) timestamp=3310 ms, used_size=4528128 bytes (11.1%)
(RDMA_READ_CONSUME_CHECK_CONSUMER) timestamp=3310 ms, used_size=4526080 bytes (11.1%)
(RDMA_READ_CONSUME_CHECK_CONSUMER) timestamp=3310 ms, used_size=4524032 bytes (11.0%)
(RDMA_READ_CONSUME_CHECK_CONSUMER) timestamp=3310 ms, used_size=4521984 bytes (11.0%)
(RDMA_READ_CONSUME_CHECK_CONSUMER) timestamp=3310 ms, used_size=4519936 bytes (11.0%)
(RDMA_READ_CONSUME_CHECK_CONSUMER) timestamp=3310 ms, used_size=4517888 bytes (11.0%)
(RDMA_READ_CONSUME_CHECK_CONSUMER) timestamp=3310 ms, used_size=4515840 bytes (11.0%)
(RDMA_READ_CONSUME_CHECK_CONSUMER) timestamp=3310 ms, used_size=4513792 bytes (11.0%)
(RDMA_READ_CONSUME_CHECK_CONSUMER) timestamp=3310 ms, used_size=4511744 bytes (11.0%)
(RDMA_READ_CONSUME_CHECK_CONSUMER) timestamp=3310 ms, used_size=4509696 bytes (11.0%)
(RDMA_READ_CONSUME_CHECK_CONSUMER) timestamp=3310 ms, used_size=4507648 bytes (11.0%)
(RDMA_READ_CONSUME_CHECK_CONSUMER) timestamp=3310 ms, used_size=4505600 bytes (11.0%)
(RDMA_READ_CONSUME_CHECK_CONSUMER) timestamp=3310 ms, used_size=4503552 bytes (11.0%)
(RDMA_READ_CONSUME_CHECK_CONSUMER) timestamp=3310 ms, used_size=4501504 bytes (11.0%)
(RDMA_READ_CONSUME_CHECK_CONSUMER) timestamp=3310 ms, used_size=4499456 bytes (11.0%)
(RDMA_READ_CONSUME_CHECK_CONSUMER) timestamp=3310 ms, used_size=4497408 bytes (11.0%)
(RDMA_READ_CONSUME_CHECK_CONSUMER) timestamp=3310 ms, used_size=4495360 bytes (11.0%)
(RDMA_READ_CONSUME_CHECK_CONSUMER) timestamp=3310 ms, used_size=4493312 bytes (11.0%)
(RDMA_READ_CONSUME_CHECK_CONSUMER) timestamp=3310 ms, used_size=4491264 bytes (11.0%)
(RDMA_READ_CONSUME_CHECK_CONSUMER) timestamp=3310 ms, used_size=4489216 bytes (11.0%)
(RDMA_READ_CONSUME_CHECK_CONSUMER) timestamp=3310 ms, used_size=4487168 bytes (11.0%)
(RDMA_READ_CONSUME_CHECK_CONSUMER) timestamp=3310 ms, used_size=4485120 bytes (10.9%)
(RDMA_READ_CONSUME_CHECK_CONSUMER) timestamp=3310 ms, used_size=4483072 bytes (10.9%)
(RDMA_READ_CONSUME_CHECK_CONSUMER) timestamp=3310 ms, used_size=4481024 bytes (10.9%)
(RDMA_READ_CONSUME_CHECK_CONSUMER) timestamp=3310 ms, used_size=4478976 bytes (10.9%)
(RDMA_READ_CONSUME_CHECK_CONSUMER) timestamp=3310 ms, used_size=4476928 bytes (10.9%)
(RDMA_READ_CONSUME_CHECK_CONSUMER) timestamp=3310 ms, used_size=4474880 bytes (10.9%)
(RDMA_READ_CONSUME_CHECK_CONSUMER) timestamp=3310 ms, used_size=4472832 bytes (10.9%)
(RDMA_READ_CONSUME_CHECK_CONSUMER) timestamp=3310 ms, used_size=4470784 bytes (10.9%)
(RDMA_READ_CONSUME_CHECK_CONSUMER) timestamp=3310 ms, used_size=4468736 bytes (10.9%)
(RDMA_READ_CONSUME_CHECK_CONSUMER) timestamp=3310 ms, used_size=4466688 bytes (10.9%)
(RDMA_READ_CONSUME_CHECK_CONSUMER) timestamp=3310 ms, used_size=4464640 bytes (10.9%)
(RDMA_READ_CONSUME_CHECK_CONSUMER) timestamp=3310 ms, used_size=4462592 bytes (10.9%)
(RDMA_READ_CONSUME_CHECK_CONSUMER) timestamp=3310 ms, used_size=4460544 bytes (10.9%)
(RDMA_READ_CONSUME_CHECK_CONSUMER) timestamp=3310 ms, used_size=4458496 bytes (10.9%)
(RDMA_READ_CONSUME_CHECK_CONSUMER) timestamp=3310 ms, used_size=4456448 bytes (10.9%)
(RDMA_READ_CONSUME_CHECK_CONSUMER) timestamp=3310 ms, used_size=4454400 bytes (10.9%)
(RDMA_READ_CONSUME_CHECK_CONSUMER) timestamp=3310 ms, used_size=4452352 bytes (10.9%)
(RDMA_READ_CONSUME_CHECK_CONSUMER) timestamp=3310 ms, used_size=4450304 bytes (10.9%)
(RDMA_READ_CONSUME_CHECK_CONSUMER) timestamp=3310 ms, used_size=4448256 bytes (10.9%)
(RDMA_READ_CONSUME_CHECK_CONSUMER) timestamp=3310 ms, used_size=4446208 bytes (10.9%)
(RDMA_READ_CONSUME_CHECK_CONSUMER) timestamp=3310 ms, used_size=4444160 bytes (10.8%)
(RDMA_READ_CONSUME_CHECK_CONSUMER) timestamp=3310 ms, used_size=4442112 bytes (10.8%)
(RDMA_READ_CONSUME_CHECK_CONSUMER) timestamp=3310 ms, used_size=4440064 bytes (10.8%)
(RDMA_READ_CONSUME_CHECK_CONSUMER) timestamp=3310 ms, used_size=4438016 bytes (10.8%)
(RDMA_READ_CONSUME_CHECK_CONSUMER) timestamp=3310 ms, used_size=4435968 bytes (10.8%)
(RDMA_READ_CONSUME_CHECK_CONSUMER) timestamp=3310 ms, used_size=4433920 bytes (10.8%)
(RDMA_READ_CONSUME_CHECK_CONSUMER) timestamp=3310 ms, used_size=4431872 bytes (10.8%)
(RDMA_READ_CONSUME_CHECK_CONSUMER) timestamp=3310 ms, used_size=4429824 bytes (10.8%)
(RDMA_READ_CONSUME_CHECK_CONSUMER) timestamp=3310 ms, used_size=4427776 bytes (10.8%)
(RDMA_READ_CONSUME_CHECK_CONSUMER) timestamp=3310 ms, used_size=4425728 bytes (10.8%)
(RDMA_READ_CONSUME_CHECK_CONSUMER) timestamp=3310 ms, used_size=4423680 bytes (10.8%)
(RDMA_READ_CONSUME_CHECK_CONSUMER) timestamp=3310 ms, used_size=4421632 bytes (10.8%)
(RDMA_READ_CONSUME_CHECK_CONSUMER) timestamp=3310 ms, used_size=4419584 bytes (10.8%)
(RDMA_READ_CONSUME_CHECK_CONSUMER) timestamp=3310 ms, used_size=4417536 bytes (10.8%)
(RDMA_READ_CONSUME_CHECK_CONSUMER) timestamp=3310 ms, used_size=4415488 bytes (10.8%)
(RDMA_READ_CONSUME_CHECK_CONSUMER) timestamp=3310 ms, used_size=4413440 bytes (10.8%)
(RDMA_READ_CONSUME_CHECK_CONSUMER) timestamp=3310 ms, used_size=4411392 bytes (10.8%)
(RDMA_READ_CONSUME_CHECK_CONSUMER) timestamp=3310 ms, used_size=4409344 bytes (10.8%)
(RDMA_READ_CONSUME_CHECK_CONSUMER) timestamp=3310 ms, used_size=4407296 bytes (10.8%)
(RDMA_READ_CONSUME_CHECK_CONSUMER) timestamp=3310 ms, used_size=4405248 bytes (10.8%)
(RDMA_READ_CONSUME_CHECK_CONSUMER) timestamp=3310 ms, used_size=4403200 bytes (10.8%)
(RDMA_READ_CONSUME_CHECK_CONSUMER) timestamp=3310 ms, used_size=4401152 bytes (10.7%)
(RDMA_READ_CONSUME_CHECK_CONSUMER) timestamp=3310 ms, used_size=4399104 bytes (10.7%)
(RDMA_READ_CONSUME_CHECK_CONSUMER) timestamp=3310 ms, used_size=4397056 bytes (10.7%)
(RDMA_READ_CONSUME_CHECK_CONSUMER) timestamp=3310 ms, used_size=4395008 bytes (10.7%)
(RDMA_READ_CONSUME_CHECK_CONSUMER) timestamp=3310 ms, used_size=4392960 bytes (10.7%)
(RDMA_READ_CONSUME_CHECK_CONSUMER) timestamp=3310 ms, used_size=4390912 bytes (10.7%)
(RDMA_READ_CONSUME_CHECK_CONSUMER) timestamp=3310 ms, used_size=4388864 bytes (10.7%)
(RDMA_READ_CONSUME_CHECK_CONSUMER) timestamp=3310 ms, used_size=4386816 bytes (10.7%)
(RDMA_READ_CONSUME_CHECK_CONSUMER) timestamp=3310 ms, used_size=4384768 bytes (10.7%)
(RDMA_READ_CONSUME_CHECK_CONSUMER) timestamp=3310 ms, used_size=4382720 bytes (10.7%)
(RDMA_READ_CONSUME_CHECK_CONSUMER) timestamp=3310 ms, used_size=4380672 bytes (10.7%)
(RDMA_READ_CONSUME_CHECK_CONSUMER) timestamp=3310 ms, used_size=4378624 bytes (10.7%)
(RDMA_READ_CONSUME_CHECK_CONSUMER) timestamp=3310 ms, used_size=4376576 bytes (10.7%)
(RDMA_READ_CONSUME_CHECK_CONSUMER) timestamp=3310 ms, used_size=4374528 bytes (10.7%)
(RDMA_READ_CONSUME_CHECK_CONSUMER) timestamp=3310 ms, used_size=4372480 bytes (10.7%)
(RDMA_READ_CONSUME_CHECK_CONSUMER) timestamp=3310 ms, used_size=4370432 bytes (10.7%)
(RDMA_READ_CONSUME_CHECK_CONSUMER) timestamp=3310 ms, used_size=4368384 bytes (10.7%)
(RDMA_READ_CONSUME_CHECK_CONSUMER) timestamp=3310 ms, used_size=4366336 bytes (10.7%)
(RDMA_READ_CONSUME_CHECK_CONSUMER) timestamp=3310 ms, used_size=4364288 bytes (10.7%)
(RDMA_READ_CONSUME_CHECK_CONSUMER) timestamp=3310 ms, used_size=4362240 bytes (10.7%)
(RDMA_READ_CONSUME_CHECK_CONSUMER) timestamp=3310 ms, used_size=4360192 bytes (10.6%)
(RDMA_READ_CONSUME_CHECK_CONSUMER) timestamp=3310 ms, used_size=4358144 bytes (10.6%)
(RDMA_READ_CONSUME_CHECK_CONSUMER) timestamp=3310 ms, used_size=4356096 bytes (10.6%)
(RDMA_READ_CONSUME_CHECK_CONSUMER) timestamp=3310 ms, used_size=4354048 bytes (10.6%)
(RDMA_READ_CONSUME_CHECK_CONSUMER) timestamp=3310 ms, used_size=4352000 bytes (10.6%)
(RDMA_READ_CONSUME_CHECK_CONSUMER) timestamp=3311 ms, used_size=4349952 bytes (10.6%)
(RDMA_READ_CONSUME_CHECK_CONSUMER) timestamp=3311 ms, used_size=4347904 bytes (10.6%)
(RDMA_READ_CONSUME_CHECK_CONSUMER) timestamp=3311 ms, used_size=4345856 bytes (10.6%)
(RDMA_READ_CONSUME_CHECK_CONSUMER) timestamp=3311 ms, used_size=4343808 bytes (10.6%)
(RDMA_READ_CONSUME_CHECK_CONSUMER) timestamp=3311 ms, used_size=4341760 bytes (10.6%)
(RDMA_READ_CONSUME_CHECK_CONSUMER) timestamp=3311 ms, used_size=4339712 bytes (10.6%)
(RDMA_READ_CONSUME_CHECK_CONSUMER) timestamp=3311 ms, used_size=4337664 bytes (10.6%)
(RDMA_READ_CONSUME_CHECK_CONSUMER) timestamp=3311 ms, used_size=4335616 bytes (10.6%)
(RDMA_READ_CONSUME_CHECK_CONSUMER) timestamp=3311 ms, used_size=4333568 bytes (10.6%)
(RDMA_READ_CONSUME_CHECK_CONSUMER) timestamp=3311 ms, used_size=4331520 bytes (10.6%)
(RDMA_READ_CONSUME_CHECK_CONSUMER) timestamp=3311 ms, used_size=4329472 bytes (10.6%)
(RDMA_READ_CONSUME_CHECK_CONSUMER) timestamp=3311 ms, used_size=4327424 bytes (10.6%)
(RDMA_READ_CONSUME_CHECK_CONSUMER) timestamp=3311 ms, used_size=4325376 bytes (10.6%)
(RDMA_READ_CONSUME_CHECK_CONSUMER) timestamp=3311 ms, used_size=4323328 bytes (10.6%)
(RDMA_READ_CONSUME_CHECK_CONSUMER) timestamp=3311 ms, used_size=4321280 bytes (10.6%)
(RDMA_READ_CONSUME_CHECK_CONSUMER) timestamp=3311 ms, used_size=4319232 bytes (10.5%)
(RDMA_READ_CONSUME_CHECK_CONSUMER) timestamp=3311 ms, used_size=4317184 bytes (10.5%)
(RDMA_READ_CONSUME_CHECK_CONSUMER) timestamp=3311 ms, used_size=4315136 bytes (10.5%)
(RDMA_READ_CONSUME_CHECK_CONSUMER) timestamp=3311 ms, used_size=4313088 bytes (10.5%)
(RDMA_READ_CONSUME_CHECK_CONSUMER) timestamp=3311 ms, used_size=4311040 bytes (10.5%)
(RDMA_READ_CONSUME_CHECK_CONSUMER) timestamp=3311 ms, used_size=4308992 bytes (10.5%)
(RDMA_READ_CONSUME_CHECK_CONSUMER) timestamp=3311 ms, used_size=4306944 bytes (10.5%)
(RDMA_READ_CONSUME_CHECK_CONSUMER) timestamp=3311 ms, used_size=4304896 bytes (10.5%)
(RDMA_READ_CONSUME_CHECK_CONSUMER) timestamp=3311 ms, used_size=4302848 bytes (10.5%)
(RDMA_READ_CONSUME_CHECK_CONSUMER) timestamp=3311 ms, used_size=4300800 bytes (10.5%)
(RDMA_READ_CONSUME_CHECK_CONSUMER) timestamp=3311 ms, used_size=4298752 bytes (10.5%)
(RDMA_READ_CONSUME_CHECK_CONSUMER) timestamp=3311 ms, used_size=4296704 bytes (10.5%)
(RDMA_READ_CONSUME_CHECK_CONSUMER) timestamp=3311 ms, used_size=4294656 bytes (10.5%)
(RDMA_READ_CONSUME_CHECK_CONSUMER) timestamp=3311 ms, used_size=4292608 bytes (10.5%)
(RDMA_READ_CONSUME_CHECK_CONSUMER) timestamp=3311 ms, used_size=4290560 bytes (10.5%)
(RDMA_READ_CONSUME_CHECK_CONSUMER) timestamp=3311 ms, used_size=4288512 bytes (10.5%)
(RDMA_READ_CONSUME_CHECK_CONSUMER) timestamp=3311 ms, used_size=4286464 bytes (10.5%)
(RDMA_READ_CONSUME_CHECK_CONSUMER) timestamp=3311 ms, used_size=4284416 bytes (10.5%)
(RDMA_READ_CONSUME_CHECK_CONSUMER) timestamp=3311 ms, used_size=4282368 bytes (10.5%)
(RDMA_READ_CONSUME_CHECK_CONSUMER) timestamp=3311 ms, used_size=4280320 bytes (10.4%)
(RDMA_READ_CONSUME_CHECK_CONSUMER) timestamp=3311 ms, used_size=4278272 bytes (10.4%)
(RDMA_READ_CONSUME_CHECK_CONSUMER) timestamp=3311 ms, used_size=4276224 bytes (10.4%)
(RDMA_READ_CONSUME_CHECK_CONSUMER) timestamp=3311 ms, used_size=4274176 bytes (10.4%)
(RDMA_READ_CONSUME_CHECK_CONSUMER) timestamp=3311 ms, used_size=4272128 bytes (10.4%)
(RDMA_READ_CONSUME_CHECK_CONSUMER) timestamp=3311 ms, used_size=4270080 bytes (10.4%)
(RDMA_READ_CONSUME_CHECK_CONSUMER) timestamp=3311 ms, used_size=4268032 bytes (10.4%)
(RDMA_READ_CONSUME_CHECK_CONSUMER) timestamp=3311 ms, used_size=4265984 bytes (10.4%)
(RDMA_READ_CONSUME_CHECK_CONSUMER) timestamp=3311 ms, used_size=4263936 bytes (10.4%)
(RDMA_READ_CONSUME_CHECK_CONSUMER) timestamp=3311 ms, used_size=4261888 bytes (10.4%)
(RDMA_READ_CONSUME_CHECK_CONSUMER) timestamp=3311 ms, used_size=4259840 bytes (10.4%)
(RDMA_READ_CONSUME_CHECK_CONSUMER) timestamp=3311 ms, used_size=4257792 bytes (10.4%)
(RDMA_READ_CONSUME_CHECK_CONSUMER) timestamp=3311 ms, used_size=4255744 bytes (10.4%)
(RDMA_READ_CONSUME_CHECK_CONSUMER) timestamp=3311 ms, used_size=4253696 bytes (10.4%)
(RDMA_READ_CONSUME_CHECK_CONSUMER) timestamp=3311 ms, used_size=4251648 bytes (10.4%)
(RDMA_READ_CONSUME_CHECK_CONSUMER) timestamp=3311 ms, used_size=4249600 bytes (10.4%)
(RDMA_READ_CONSUME_CHECK_CONSUMER) timestamp=3311 ms, used_size=4247552 bytes (10.4%)
(RDMA_READ_CONSUME_CHECK_CONSUMER) timestamp=3311 ms, used_size=4245504 bytes (10.4%)
(RDMA_READ_CONSUME_CHECK_CONSUMER) timestamp=3311 ms, used_size=4243456 bytes (10.4%)
(RDMA_READ_CONSUME_CHECK_CONSUMER) timestamp=3311 ms, used_size=4241408 bytes (10.4%)
(RDMA_READ_CONSUME_CHECK_CONSUMER) timestamp=3311 ms, used_size=4239360 bytes (10.3%)
(RDMA_READ_CONSUME_CHECK_CONSUMER) timestamp=3311 ms, used_size=4237312 bytes (10.3%)
(RDMA_READ_CONSUME_CHECK_CONSUMER) timestamp=3311 ms, used_size=4235264 bytes (10.3%)
(RDMA_READ_CONSUME_CHECK_CONSUMER) timestamp=3311 ms, used_size=4233216 bytes (10.3%)
(RDMA_READ_CONSUME_CHECK_CONSUMER) timestamp=3311 ms, used_size=4231168 bytes (10.3%)
(RDMA_READ_CONSUME_CHECK_CONSUMER) timestamp=3311 ms, used_size=4229120 bytes (10.3%)
(RDMA_READ_CONSUME_CHECK_CONSUMER) timestamp=3311 ms, used_size=4227072 bytes (10.3%)
(RDMA_READ_CONSUME_CHECK_CONSUMER) timestamp=3311 ms, used_size=4225024 bytes (10.3%)
(RDMA_READ_CONSUME_CHECK_CONSUMER) timestamp=3311 ms, used_size=4222976 bytes (10.3%)
(RDMA_READ_CONSUME_CHECK_CONSUMER) timestamp=3311 ms, used_size=4220928 bytes (10.3%)
(RDMA_READ_CONSUME_CHECK_CONSUMER) timestamp=3311 ms, used_size=4218880 bytes (10.3%)
(RDMA_READ_CONSUME_CHECK_CONSUMER) timestamp=3311 ms, used_size=4216832 bytes (10.3%)
(RDMA_READ_CONSUME_CHECK_CONSUMER) timestamp=3311 ms, used_size=4214784 bytes (10.3%)
(RDMA_READ_CONSUME_CHECK_CONSUMER) timestamp=3311 ms, used_size=4212736 bytes (10.3%)
(RDMA_READ_CONSUME_CHECK_CONSUMER) timestamp=3311 ms, used_size=4210688 bytes (10.3%)
(RDMA_READ_CONSUME_CHECK_CONSUMER) timestamp=3311 ms, used_size=4208640 bytes (10.3%)
(RDMA_READ_CONSUME_CHECK_CONSUMER) timestamp=3311 ms, used_size=4206592 bytes (10.3%)
(RDMA_READ_CONSUME_CHECK_CONSUMER) timestamp=3311 ms, used_size=4204544 bytes (10.3%)
(RDMA_READ_CONSUME_CHECK_CONSUMER) timestamp=3311 ms, used_size=4202496 bytes (10.3%)
(RDMA_READ_CONSUME_CHECK_CONSUMER) timestamp=3311 ms, used_size=4200448 bytes (10.3%)
(RDMA_READ_CONSUME_CHECK_CONSUMER) timestamp=3311 ms, used_size=4198400 bytes (10.2%)
(RDMA_READ_CONSUME_CHECK_CONSUMER) timestamp=3311 ms, used_size=4196352 bytes (10.2%)
(RDMA_READ_CONSUME_CHECK_CONSUMER) timestamp=3311 ms, used_size=4194304 bytes (10.2%)
(RDMA_READ_CONSUME_CHECK_CONSUMER) timestamp=3311 ms, used_size=4192256 bytes (10.2%)
(RDMA_READ_CONSUME_CHECK_CONSUMER) timestamp=3311 ms, used_size=4190208 bytes (10.2%)
(RDMA_READ_CONSUME_CHECK_CONSUMER) timestamp=3311 ms, used_size=4188160 bytes (10.2%)
(RDMA_READ_CONSUME_CHECK_CONSUMER) timestamp=3311 ms, used_size=4186112 bytes (10.2%)
(RDMA_READ_CONSUME_CHECK_CONSUMER) timestamp=3311 ms, used_size=4184064 bytes (10.2%)
(RDMA_READ_CONSUME_CHECK_CONSUMER) timestamp=3311 ms, used_size=4182016 bytes (10.2%)
(RDMA_READ_CONSUME_CHECK_CONSUMER) timestamp=3311 ms, used_size=4179968 bytes (10.2%)
(RDMA_READ_CONSUME_CHECK_CONSUMER) timestamp=3311 ms, used_size=4177920 bytes (10.2%)
(RDMA_READ_CONSUME_CHECK_CONSUMER) timestamp=3311 ms, used_size=4175872 bytes (10.2%)
(RDMA_READ_CONSUME_CHECK_CONSUMER) timestamp=3311 ms, used_size=4173824 bytes (10.2%)
(RDMA_READ_CONSUME_CHECK_CONSUMER) timestamp=3311 ms, used_size=4171776 bytes (10.2%)
(RDMA_READ_CONSUME_CHECK_CONSUMER) timestamp=3311 ms, used_size=4169728 bytes (10.2%)
(RDMA_READ_CONSUME_CHECK_CONSUMER) timestamp=3311 ms, used_size=4167680 bytes (10.2%)
(RDMA_READ_CONSUME_CHECK_CONSUMER) timestamp=3311 ms, used_size=4165632 bytes (10.2%)
(RDMA_READ_CONSUME_CHECK_CONSUMER) timestamp=3311 ms, used_size=4163584 bytes (10.2%)
(RDMA_READ_CONSUME_CHECK_CONSUMER) timestamp=3311 ms, used_size=4161536 bytes (10.2%)
(RDMA_READ_CONSUME_CHECK_CONSUMER) timestamp=3311 ms, used_size=4159488 bytes (10.2%)
(RDMA_READ_CONSUME_CHECK_CONSUMER) timestamp=3311 ms, used_size=4157440 bytes (10.2%)
(RDMA_READ_CONSUME_CHECK_CONSUMER) timestamp=3311 ms, used_size=4155392 bytes (10.1%)
(RDMA_READ_CONSUME_CHECK_CONSUMER) timestamp=3311 ms, used_size=4153344 bytes (10.1%)
(RDMA_READ_CONSUME_CHECK_CONSUMER) timestamp=3311 ms, used_size=4151296 bytes (10.1%)
(RDMA_READ_CONSUME_CHECK_CONSUMER) timestamp=3311 ms, used_size=4149248 bytes (10.1%)
(RDMA_READ_CONSUME_CHECK_CONSUMER) timestamp=3311 ms, used_size=4147200 bytes (10.1%)
(RDMA_READ_CONSUME_CHECK_CONSUMER) timestamp=3311 ms, used_size=4145152 bytes (10.1%)
(RDMA_READ_CONSUME_CHECK_CONSUMER) timestamp=3311 ms, used_size=4143104 bytes (10.1%)
(RDMA_READ_CONSUME_CHECK_CONSUMER) timestamp=3311 ms, used_size=4141056 bytes (10.1%)
(RDMA_READ_CONSUME_CHECK_CONSUMER) timestamp=3311 ms, used_size=4139008 bytes (10.1%)
(RDMA_READ_CONSUME_CHECK_CONSUMER) timestamp=3311 ms, used_size=4136960 bytes (10.1%)
(RDMA_READ_CONSUME_CHECK_CONSUMER) timestamp=3311 ms, used_size=4134912 bytes (10.1%)
(RDMA_READ_CONSUME_CHECK_CONSUMER) timestamp=3311 ms, used_size=4132864 bytes (10.1%)
(RDMA_READ_CONSUME_CHECK_CONSUMER) timestamp=3311 ms, used_size=4130816 bytes (10.1%)
(RDMA_READ_CONSUME_CHECK_CONSUMER) timestamp=3311 ms, used_size=4128768 bytes (10.1%)
(RDMA_READ_CONSUME_CHECK_CONSUMER) timestamp=3311 ms, used_size=4126720 bytes (10.1%)
(RDMA_READ_CONSUME_CHECK_CONSUMER) timestamp=3311 ms, used_size=4124672 bytes (10.1%)
(RDMA_READ_CONSUME_CHECK_CONSUMER) timestamp=3311 ms, used_size=4122624 bytes (10.1%)
(RDMA_READ_CONSUME_CHECK_CONSUMER) timestamp=3311 ms, used_size=4120576 bytes (10.1%)
(RDMA_READ_CONSUME_CHECK_CONSUMER) timestamp=3311 ms, used_size=4118528 bytes (10.1%)
(RDMA_READ_CONSUME_CHECK_CONSUMER) timestamp=3311 ms, used_size=4116480 bytes (10.1%)
(RDMA_READ_CONSUME_CHECK_CONSUMER) timestamp=3311 ms, used_size=4114432 bytes (10.0%)
(RDMA_READ_CONSUME_CHECK_CONSUMER) timestamp=3311 ms, used_size=4112384 bytes (10.0%)
(RDMA_READ_CONSUME_CHECK_CONSUMER) timestamp=3311 ms, used_size=4110336 bytes (10.0%)
(RDMA_READ_CONSUME_CHECK_CONSUMER) timestamp=3311 ms, used_size=4108288 bytes (10.0%)
(RDMA_READ_CONSUME_CHECK_CONSUMER) timestamp=3311 ms, used_size=4106240 bytes (10.0%)
(RDMA_READ_CONSUME_CHECK_CONSUMER) timestamp=3311 ms, used_size=4104192 bytes (10.0%)
(RDMA_READ_CONSUME_CHECK_CONSUMER) timestamp=3311 ms, used_size=4102144 bytes (10.0%)
(RDMA_READ_CONSUME_CHECK_CONSUMER) timestamp=3311 ms, used_size=4100096 bytes (10.0%)
(RDMA_READ_CONSUME_CHECK_CONSUMER) timestamp=3311 ms, used_size=4098048 bytes (10.0%)
(RDMA_READ_CONSUME_CHECK_CONSUMER) timestamp=3311 ms, used_size=4096000 bytes (10.0%)
(RDMA_READ_CONSUME_CHECK_CONSUMER) timestamp=3311 ms, used_size=4093952 bytes (10.0%)
(RDMA_READ_CONSUME_CHECK_CONSUMER) timestamp=3311 ms, used_size=4091904 bytes (10.0%)
(RDMA_READ_CONSUME_CHECK_CONSUMER) timestamp=3311 ms, used_size=4089856 bytes (10.0%)
(RDMA_READ_CONSUME_CHECK_CONSUMER) timestamp=3311 ms, used_size=4087808 bytes (10.0%)
(RDMA_READ_CONSUME_CHECK_CONSUMER) timestamp=3311 ms, used_size=4085760 bytes (10.0%)
(RDMA_READ_CONSUME_CHECK_CONSUMER) timestamp=3311 ms, used_size=4083712 bytes (10.0%)
(RDMA_READ_CONSUME_CHECK_CONSUMER) timestamp=3311 ms, used_size=4081664 bytes (10.0%)
(RDMA_READ_CONSUME_CHECK_CONSUMER) timestamp=3311 ms, used_size=4079616 bytes (10.0%)
(RDMA_READ_CONSUME_CHECK_CONSUMER) timestamp=3311 ms, used_size=4077568 bytes (10.0%)
(RDMA_READ_CONSUME_CHECK_CONSUMER) timestamp=3311 ms, used_size=4075520 bytes (9.9%)
(RDMA_READ_CONSUME_CHECK_CONSUMER) timestamp=3311 ms, used_size=4073472 bytes (9.9%)
(RDMA_READ_CONSUME_CHECK_CONSUMER) timestamp=3311 ms, used_size=4071424 bytes (9.9%)
(RDMA_READ_CONSUME_CHECK_CONSUMER) timestamp=3311 ms, used_size=4069376 bytes (9.9%)
(RDMA_READ_CONSUME_CHECK_CONSUMER) timestamp=3311 ms, used_size=4067328 bytes (9.9%)
(RDMA_READ_CONSUME_CHECK_CONSUMER) timestamp=3311 ms, used_size=4065280 bytes (9.9%)
(RDMA_READ_CONSUME_CHECK_CONSUMER) timestamp=3311 ms, used_size=4063232 bytes (9.9%)
(RDMA_READ_CONSUME_CHECK_CONSUMER) timestamp=3311 ms, used_size=4061184 bytes (9.9%)
(RDMA_READ_CONSUME_CHECK_CONSUMER) timestamp=3311 ms, used_size=4059136 bytes (9.9%)
(RDMA_READ_CONSUME_CHECK_CONSUMER) timestamp=3311 ms, used_size=4057088 bytes (9.9%)
(RDMA_READ_CONSUME_CHECK_CONSUMER) timestamp=3311 ms, used_size=4055040 bytes (9.9%)
(RDMA_READ_CONSUME_CHECK_CONSUMER) timestamp=3311 ms, used_size=4052992 bytes (9.9%)
(RDMA_READ_CONSUME_CHECK_CONSUMER) timestamp=3311 ms, used_size=4050944 bytes (9.9%)
(RDMA_READ_CONSUME_CHECK_CONSUMER) timestamp=3311 ms, used_size=4048896 bytes (9.9%)
(RDMA_READ_CONSUME_CHECK_CONSUMER) timestamp=3311 ms, used_size=4046848 bytes (9.9%)
(RDMA_READ_CONSUME_CHECK_CONSUMER) timestamp=3311 ms, used_size=4044800 bytes (9.9%)
(RDMA_READ_CONSUME_CHECK_CONSUMER) timestamp=3311 ms, used_size=4042752 bytes (9.9%)
(RDMA_READ_CONSUME_CHECK_CONSUMER) timestamp=3311 ms, used_size=4040704 bytes (9.9%)
(RDMA_READ_CONSUME_CHECK_CONSUMER) timestamp=3311 ms, used_size=4038656 bytes (9.9%)
(RDMA_READ_CONSUME_CHECK_CONSUMER) timestamp=3311 ms, used_size=4036608 bytes (9.9%)
(RDMA_READ_CONSUME_CHECK_CONSUMER) timestamp=3311 ms, used_size=4034560 bytes (9.8%)
(RDMA_READ_CONSUME_CHECK_CONSUMER) timestamp=3311 ms, used_size=4032512 bytes (9.8%)
(RDMA_READ_CONSUME_CHECK_CONSUMER) timestamp=3311 ms, used_size=4030464 bytes (9.8%)
(RDMA_READ_CONSUME_CHECK_CONSUMER) timestamp=3311 ms, used_size=4028416 bytes (9.8%)
(RDMA_READ_CONSUME_CHECK_CONSUMER) timestamp=3311 ms, used_size=4026368 bytes (9.8%)
(RDMA_READ_CONSUME_CHECK_CONSUMER) timestamp=3311 ms, used_size=4024320 bytes (9.8%)
(RDMA_READ_CONSUME_CHECK_CONSUMER) timestamp=3311 ms, used_size=4022272 bytes (9.8%)
(RDMA_READ_CONSUME_CHECK_CONSUMER) timestamp=3311 ms, used_size=4020224 bytes (9.8%)
(RDMA_READ_CONSUME_CHECK_CONSUMER) timestamp=3311 ms, used_size=4018176 bytes (9.8%)
(RDMA_READ_CONSUME_CHECK_CONSUMER) timestamp=3311 ms, used_size=4016128 bytes (9.8%)
(RDMA_READ_CONSUME_CHECK_CONSUMER) timestamp=3311 ms, used_size=4014080 bytes (9.8%)
(RDMA_READ_CONSUME_CHECK_CONSUMER) timestamp=3311 ms, used_size=4012032 bytes (9.8%)
(RDMA_READ_CONSUME_CHECK_CONSUMER) timestamp=3311 ms, used_size=4009984 bytes (9.8%)
(RDMA_READ_CONSUME_CHECK_CONSUMER) timestamp=3311 ms, used_size=4007936 bytes (9.8%)
(RDMA_READ_CONSUME_CHECK_CONSUMER) timestamp=3311 ms, used_size=4005888 bytes (9.8%)
(RDMA_READ_CONSUME_CHECK_CONSUMER) timestamp=3311 ms, used_size=4003840 bytes (9.8%)
(RDMA_READ_CONSUME_CHECK_CONSUMER) timestamp=3311 ms, used_size=4001792 bytes (9.8%)
(RDMA_READ_CONSUME_CHECK_CONSUMER) timestamp=3311 ms, used_size=3999744 bytes (9.8%)
(RDMA_READ_CONSUME_CHECK_CONSUMER) timestamp=3311 ms, used_size=3997696 bytes (9.8%)
(RDMA_READ_CONSUME_CHECK_CONSUMER) timestamp=3311 ms, used_size=3995648 bytes (9.8%)
(RDMA_READ_CONSUME_CHECK_CONSUMER) timestamp=3311 ms, used_size=3993600 bytes (9.8%)
(RDMA_READ_CONSUME_CHECK_CONSUMER) timestamp=3311 ms, used_size=3991552 bytes (9.7%)
(RDMA_READ_CONSUME_CHECK_CONSUMER) timestamp=3311 ms, used_size=3989504 bytes (9.7%)
(RDMA_READ_CONSUME_CHECK_CONSUMER) timestamp=3311 ms, used_size=3987456 bytes (9.7%)
(RDMA_READ_CONSUME_CHECK_CONSUMER) timestamp=3311 ms, used_size=3985408 bytes (9.7%)
(RDMA_READ_CONSUME_CHECK_CONSUMER) timestamp=3311 ms, used_size=3983360 bytes (9.7%)
(RDMA_READ_CONSUME_CHECK_CONSUMER) timestamp=3311 ms, used_size=3981312 bytes (9.7%)
(RDMA_READ_CONSUME_CHECK_CONSUMER) timestamp=3311 ms, used_size=3979264 bytes (9.7%)
(RDMA_READ_CONSUME_CHECK_CONSUMER) timestamp=3311 ms, used_size=3977216 bytes (9.7%)
(RDMA_READ_CONSUME_CHECK_CONSUMER) timestamp=3311 ms, used_size=3975168 bytes (9.7%)
(RDMA_READ_CONSUME_CHECK_CONSUMER) timestamp=3311 ms, used_size=3973120 bytes (9.7%)
(RDMA_READ_CONSUME_CHECK_CONSUMER) timestamp=3312 ms, used_size=3971072 bytes (9.7%)
(RDMA_READ_CONSUME_CHECK_CONSUMER) timestamp=3312 ms, used_size=3969024 bytes (9.7%)
(RDMA_READ_CONSUME_CHECK_CONSUMER) timestamp=3312 ms, used_size=3966976 bytes (9.7%)
(RDMA_READ_CONSUME_CHECK_CONSUMER) timestamp=3312 ms, used_size=3964928 bytes (9.7%)
(RDMA_READ_CONSUME_CHECK_CONSUMER) timestamp=3312 ms, used_size=3962880 bytes (9.7%)
(RDMA_READ_CONSUME_CHECK_CONSUMER) timestamp=3312 ms, used_size=3960832 bytes (9.7%)
(RDMA_READ_CONSUME_CHECK_CONSUMER) timestamp=3312 ms, used_size=3958784 bytes (9.7%)
(RDMA_READ_CONSUME_CHECK_CONSUMER) timestamp=3312 ms, used_size=3956736 bytes (9.7%)
(RDMA_READ_CONSUME_CHECK_CONSUMER) timestamp=3312 ms, used_size=3954688 bytes (9.7%)
(RDMA_READ_CONSUME_CHECK_CONSUMER) timestamp=3312 ms, used_size=3952640 bytes (9.7%)
(RDMA_READ_CONSUME_CHECK_CONSUMER) timestamp=3312 ms, used_size=3950592 bytes (9.6%)
(RDMA_READ_CONSUME_CHECK_CONSUMER) timestamp=3312 ms, used_size=3948544 bytes (9.6%)
(RDMA_READ_CONSUME_CHECK_CONSUMER) timestamp=3312 ms, used_size=3946496 bytes (9.6%)
(RDMA_READ_CONSUME_CHECK_CONSUMER) timestamp=3312 ms, used_size=3944448 bytes (9.6%)
(RDMA_READ_CONSUME_CHECK_CONSUMER) timestamp=3312 ms, used_size=3942400 bytes (9.6%)
(RDMA_READ_CONSUME_CHECK_CONSUMER) timestamp=3312 ms, used_size=3940352 bytes (9.6%)
(RDMA_READ_CONSUME_CHECK_CONSUMER) timestamp=3312 ms, used_size=3938304 bytes (9.6%)
(RDMA_READ_CONSUME_CHECK_CONSUMER) timestamp=3312 ms, used_size=3936256 bytes (9.6%)
(RDMA_READ_CONSUME_CHECK_CONSUMER) timestamp=3312 ms, used_size=3934208 bytes (9.6%)
(RDMA_READ_CONSUME_CHECK_CONSUMER) timestamp=3312 ms, used_size=3932160 bytes (9.6%)
(RDMA_READ_CONSUME_CHECK_CONSUMER) timestamp=3312 ms, used_size=3930112 bytes (9.6%)
(RDMA_READ_CONSUME_CHECK_CONSUMER) timestamp=3312 ms, used_size=3928064 bytes (9.6%)
(RDMA_READ_CONSUME_CHECK_CONSUMER) timestamp=3312 ms, used_size=3926016 bytes (9.6%)
(RDMA_READ_CONSUME_CHECK_CONSUMER) timestamp=3312 ms, used_size=3923968 bytes (9.6%)
(RDMA_READ_CONSUME_CHECK_CONSUMER) timestamp=3312 ms, used_size=3921920 bytes (9.6%)
(RDMA_READ_CONSUME_CHECK_CONSUMER) timestamp=3312 ms, used_size=3919872 bytes (9.6%)
(RDMA_READ_CONSUME_CHECK_CONSUMER) timestamp=3312 ms, used_size=3917824 bytes (9.6%)
(RDMA_READ_CONSUME_CHECK_CONSUMER) timestamp=3312 ms, used_size=3915776 bytes (9.6%)
(RDMA_READ_CONSUME_CHECK_CONSUMER) timestamp=3312 ms, used_size=3913728 bytes (9.6%)
(RDMA_READ_CONSUME_CHECK_CONSUMER) timestamp=3312 ms, used_size=3911680 bytes (9.6%)
(RDMA_READ_CONSUME_CHECK_CONSUMER) timestamp=3312 ms, used_size=3909632 bytes (9.5%)
(RDMA_READ_CONSUME_CHECK_CONSUMER) timestamp=3312 ms, used_size=3907584 bytes (9.5%)
(RDMA_READ_CONSUME_CHECK_CONSUMER) timestamp=3312 ms, used_size=3905536 bytes (9.5%)
(RDMA_READ_CONSUME_CHECK_CONSUMER) timestamp=3312 ms, used_size=3903488 bytes (9.5%)
(RDMA_READ_CONSUME_CHECK_CONSUMER) timestamp=3312 ms, used_size=3901440 bytes (9.5%)
(RDMA_READ_CONSUME_CHECK_CONSUMER) timestamp=3312 ms, used_size=3899392 bytes (9.5%)
(RDMA_READ_CONSUME_CHECK_CONSUMER) timestamp=3312 ms, used_size=3897344 bytes (9.5%)
(RDMA_READ_CONSUME_CHECK_CONSUMER) timestamp=3312 ms, used_size=3895296 bytes (9.5%)
(RDMA_READ_CONSUME_CHECK_CONSUMER) timestamp=3312 ms, used_size=3893248 bytes (9.5%)
(RDMA_READ_CONSUME_CHECK_CONSUMER) timestamp=3312 ms, used_size=3891200 bytes (9.5%)
(RDMA_READ_CONSUME_CHECK_CONSUMER) timestamp=3312 ms, used_size=3889152 bytes (9.5%)
(RDMA_READ_CONSUME_CHECK_CONSUMER) timestamp=3312 ms, used_size=3887104 bytes (9.5%)
(RDMA_READ_CONSUME_CHECK_CONSUMER) timestamp=3312 ms, used_size=3885056 bytes (9.5%)
(RDMA_READ_CONSUME_CHECK_CONSUMER) timestamp=3312 ms, used_size=3883008 bytes (9.5%)
(RDMA_READ_CONSUME_CHECK_CONSUMER) timestamp=3312 ms, used_size=3880960 bytes (9.5%)
(RDMA_READ_CONSUME_CHECK_CONSUMER) timestamp=3312 ms, used_size=3878912 bytes (9.5%)
(RDMA_READ_CONSUME_CHECK_CONSUMER) timestamp=3312 ms, used_size=3876864 bytes (9.5%)
(RDMA_READ_CONSUME_CHECK_CONSUMER) timestamp=3312 ms, used_size=3874816 bytes (9.5%)
(RDMA_READ_CONSUME_CHECK_CONSUMER) timestamp=3312 ms, used_size=3872768 bytes (9.5%)
(RDMA_READ_CONSUME_CHECK_CONSUMER) timestamp=3312 ms, used_size=3870720 bytes (9.4%)
(RDMA_READ_CONSUME_CHECK_CONSUMER) timestamp=3312 ms, used_size=3868672 bytes (9.4%)
(RDMA_READ_CONSUME_CHECK_CONSUMER) timestamp=3312 ms, used_size=3866624 bytes (9.4%)
(RDMA_READ_CONSUME_CHECK_CONSUMER) timestamp=3312 ms, used_size=3864576 bytes (9.4%)
(RDMA_READ_CONSUME_CHECK_CONSUMER) timestamp=3312 ms, used_size=3862528 bytes (9.4%)
(RDMA_READ_CONSUME_CHECK_CONSUMER) timestamp=3312 ms, used_size=3860480 bytes (9.4%)
(RDMA_READ_CONSUME_CHECK_CONSUMER) timestamp=3312 ms, used_size=3858432 bytes (9.4%)
(RDMA_READ_CONSUME_CHECK_CONSUMER) timestamp=3312 ms, used_size=3856384 bytes (9.4%)
(RDMA_READ_CONSUME_CHECK_CONSUMER) timestamp=3312 ms, used_size=3854336 bytes (9.4%)
(RDMA_READ_CONSUME_CHECK_CONSUMER) timestamp=3312 ms, used_size=3852288 bytes (9.4%)
(RDMA_READ_CONSUME_CHECK_CONSUMER) timestamp=3312 ms, used_size=3850240 bytes (9.4%)
(RDMA_READ_CONSUME_CHECK_CONSUMER) timestamp=3312 ms, used_size=3848192 bytes (9.4%)
(RDMA_READ_CONSUME_CHECK_CONSUMER) timestamp=3312 ms, used_size=3846144 bytes (9.4%)
(RDMA_READ_CONSUME_CHECK_CONSUMER) timestamp=3312 ms, used_size=3844096 bytes (9.4%)
(RDMA_READ_CONSUME_CHECK_CONSUMER) timestamp=3312 ms, used_size=3842048 bytes (9.4%)
(RDMA_READ_CONSUME_CHECK_CONSUMER) timestamp=3312 ms, used_size=3840000 bytes (9.4%)
(RDMA_READ_CONSUME_CHECK_CONSUMER) timestamp=3312 ms, used_size=3837952 bytes (9.4%)
(RDMA_READ_CONSUME_CHECK_CONSUMER) timestamp=3312 ms, used_size=3835904 bytes (9.4%)
(RDMA_READ_CONSUME_CHECK_CONSUMER) timestamp=3312 ms, used_size=3833856 bytes (9.4%)
(RDMA_READ_CONSUME_CHECK_CONSUMER) timestamp=3312 ms, used_size=3831808 bytes (9.4%)
(RDMA_READ_CONSUME_CHECK_CONSUMER) timestamp=3312 ms, used_size=3829760 bytes (9.3%)
(RDMA_READ_CONSUME_CHECK_CONSUMER) timestamp=3312 ms, used_size=3827712 bytes (9.3%)
(RDMA_READ_CONSUME_CHECK_CONSUMER) timestamp=3312 ms, used_size=3825664 bytes (9.3%)
(RDMA_READ_CONSUME_CHECK_CONSUMER) timestamp=3312 ms, used_size=3823616 bytes (9.3%)
(RDMA_READ_CONSUME_CHECK_CONSUMER) timestamp=3312 ms, used_size=3821568 bytes (9.3%)
(RDMA_READ_CONSUME_CHECK_CONSUMER) timestamp=3312 ms, used_size=3819520 bytes (9.3%)
(RDMA_READ_CONSUME_CHECK_CONSUMER) timestamp=3312 ms, used_size=3817472 bytes (9.3%)
(RDMA_READ_CONSUME_CHECK_CONSUMER) timestamp=3312 ms, used_size=3815424 bytes (9.3%)
(RDMA_READ_CONSUME_CHECK_CONSUMER) timestamp=3312 ms, used_size=3813376 bytes (9.3%)
(RDMA_READ_CONSUME_CHECK_CONSUMER) timestamp=3312 ms, used_size=3811328 bytes (9.3%)
(RDMA_READ_CONSUME_CHECK_CONSUMER) timestamp=3312 ms, used_size=3809280 bytes (9.3%)
(RDMA_READ_CONSUME_CHECK_CONSUMER) timestamp=3312 ms, used_size=3807232 bytes (9.3%)
(RDMA_READ_CONSUME_CHECK_CONSUMER) timestamp=3312 ms, used_size=3805184 bytes (9.3%)
(RDMA_READ_CONSUME_CHECK_CONSUMER) timestamp=3312 ms, used_size=3803136 bytes (9.3%)
(RDMA_READ_CONSUME_CHECK_CONSUMER) timestamp=3312 ms, used_size=3801088 bytes (9.3%)
(RDMA_READ_CONSUME_CHECK_CONSUMER) timestamp=3312 ms, used_size=3799040 bytes (9.3%)
(RDMA_READ_CONSUME_CHECK_CONSUMER) timestamp=3312 ms, used_size=3796992 bytes (9.3%)
(RDMA_READ_CONSUME_CHECK_CONSUMER) timestamp=3312 ms, used_size=3794944 bytes (9.3%)
(RDMA_READ_CONSUME_CHECK_CONSUMER) timestamp=3312 ms, used_size=3792896 bytes (9.3%)
(RDMA_READ_CONSUME_CHECK_CONSUMER) timestamp=3312 ms, used_size=3790848 bytes (9.3%)
(RDMA_READ_CONSUME_CHECK_CONSUMER) timestamp=3312 ms, used_size=3788800 bytes (9.2%)
(RDMA_READ_CONSUME_CHECK_CONSUMER) timestamp=3312 ms, used_size=3786752 bytes (9.2%)
(RDMA_READ_CONSUME_CHECK_CONSUMER) timestamp=3312 ms, used_size=3784704 bytes (9.2%)
(RDMA_READ_CONSUME_CHECK_CONSUMER) timestamp=3312 ms, used_size=3782656 bytes (9.2%)
(RDMA_READ_CONSUME_CHECK_CONSUMER) timestamp=3312 ms, used_size=3780608 bytes (9.2%)
(RDMA_READ_CONSUME_CHECK_CONSUMER) timestamp=3312 ms, used_size=3778560 bytes (9.2%)
(RDMA_READ_CONSUME_CHECK_CONSUMER) timestamp=3312 ms, used_size=3776512 bytes (9.2%)
(RDMA_READ_CONSUME_CHECK_CONSUMER) timestamp=3312 ms, used_size=3774464 bytes (9.2%)
(RDMA_READ_CONSUME_CHECK_CONSUMER) timestamp=3312 ms, used_size=3772416 bytes (9.2%)
(RDMA_READ_CONSUME_CHECK_CONSUMER) timestamp=3312 ms, used_size=3770368 bytes (9.2%)
(RDMA_READ_CONSUME_CHECK_CONSUMER) timestamp=3312 ms, used_size=3768320 bytes (9.2%)
(RDMA_READ_CONSUME_CHECK_CONSUMER) timestamp=3312 ms, used_size=3766272 bytes (9.2%)
(RDMA_READ_CONSUME_CHECK_CONSUMER) timestamp=3312 ms, used_size=3764224 bytes (9.2%)
(RDMA_READ_CONSUME_CHECK_CONSUMER) timestamp=3312 ms, used_size=3762176 bytes (9.2%)
(RDMA_READ_CONSUME_CHECK_CONSUMER) timestamp=3312 ms, used_size=3760128 bytes (9.2%)
(RDMA_READ_CONSUME_CHECK_CONSUMER) timestamp=3312 ms, used_size=3758080 bytes (9.2%)
(RDMA_READ_CONSUME_CHECK_CONSUMER) timestamp=3312 ms, used_size=3756032 bytes (9.2%)
(RDMA_READ_CONSUME_CHECK_CONSUMER) timestamp=3312 ms, used_size=3753984 bytes (9.2%)
(RDMA_READ_CONSUME_CHECK_CONSUMER) timestamp=3312 ms, used_size=3751936 bytes (9.2%)
(RDMA_READ_CONSUME_CHECK_CONSUMER) timestamp=3312 ms, used_size=3749888 bytes (9.2%)
(RDMA_READ_CONSUME_CHECK_CONSUMER) timestamp=3312 ms, used_size=3747840 bytes (9.2%)
(RDMA_READ_CONSUME_CHECK_CONSUMER) timestamp=3312 ms, used_size=3745792 bytes (9.1%)
(RDMA_READ_CONSUME_CHECK_CONSUMER) timestamp=3312 ms, used_size=3743744 bytes (9.1%)
(RDMA_READ_CONSUME_CHECK_CONSUMER) timestamp=3312 ms, used_size=3741696 bytes (9.1%)
(RDMA_READ_CONSUME_CHECK_CONSUMER) timestamp=3312 ms, used_size=3739648 bytes (9.1%)
(RDMA_READ_CONSUME_CHECK_CONSUMER) timestamp=3312 ms, used_size=3737600 bytes (9.1%)
(RDMA_READ_CONSUME_CHECK_CONSUMER) timestamp=3312 ms, used_size=3735552 bytes (9.1%)
(RDMA_READ_CONSUME_CHECK_CONSUMER) timestamp=3312 ms, used_size=3733504 bytes (9.1%)
(RDMA_READ_CONSUME_CHECK_CONSUMER) timestamp=3312 ms, used_size=3731456 bytes (9.1%)
(RDMA_READ_CONSUME_CHECK_CONSUMER) timestamp=3312 ms, used_size=3729408 bytes (9.1%)
(RDMA_READ_CONSUME_CHECK_CONSUMER) timestamp=3312 ms, used_size=3727360 bytes (9.1%)
(RDMA_READ_CONSUME_CHECK_CONSUMER) timestamp=3312 ms, used_size=3725312 bytes (9.1%)
(RDMA_READ_CONSUME_CHECK_CONSUMER) timestamp=3312 ms, used_size=3723264 bytes (9.1%)
(RDMA_READ_CONSUME_CHECK_CONSUMER) timestamp=3312 ms, used_size=3721216 bytes (9.1%)
(RDMA_READ_CONSUME_CHECK_CONSUMER) timestamp=3312 ms, used_size=3719168 bytes (9.1%)
(RDMA_READ_CONSUME_CHECK_CONSUMER) timestamp=3312 ms, used_size=3717120 bytes (9.1%)
(RDMA_READ_CONSUME_CHECK_CONSUMER) timestamp=3312 ms, used_size=3715072 bytes (9.1%)
(RDMA_READ_CONSUME_CHECK_CONSUMER) timestamp=3312 ms, used_size=3713024 bytes (9.1%)
(RDMA_READ_CONSUME_CHECK_CONSUMER) timestamp=3312 ms, used_size=3710976 bytes (9.1%)
(RDMA_READ_CONSUME_CHECK_CONSUMER) timestamp=3312 ms, used_size=3708928 bytes (9.1%)
(RDMA_READ_CONSUME_CHECK_CONSUMER) timestamp=3312 ms, used_size=3706880 bytes (9.1%)
(RDMA_READ_CONSUME_CHECK_CONSUMER) timestamp=3312 ms, used_size=3704832 bytes (9.0%)
(RDMA_READ_CONSUME_CHECK_CONSUMER) timestamp=3312 ms, used_size=3702784 bytes (9.0%)
(RDMA_READ_CONSUME_CHECK_CONSUMER) timestamp=3312 ms, used_size=3700736 bytes (9.0%)
(RDMA_READ_CONSUME_CHECK_CONSUMER) timestamp=3312 ms, used_size=3698688 bytes (9.0%)
(RDMA_READ_CONSUME_CHECK_CONSUMER) timestamp=3312 ms, used_size=3696640 bytes (9.0%)
(RDMA_READ_CONSUME_CHECK_CONSUMER) timestamp=3312 ms, used_size=3694592 bytes (9.0%)
(RDMA_READ_CONSUME_CHECK_CONSUMER) timestamp=3312 ms, used_size=3692544 bytes (9.0%)
(RDMA_READ_CONSUME_CHECK_CONSUMER) timestamp=3312 ms, used_size=3690496 bytes (9.0%)
(RDMA_READ_CONSUME_CHECK_CONSUMER) timestamp=3312 ms, used_size=3688448 bytes (9.0%)
(RDMA_READ_CONSUME_CHECK_CONSUMER) timestamp=3312 ms, used_size=3686400 bytes (9.0%)
(RDMA_READ_CONSUME_CHECK_CONSUMER) timestamp=3312 ms, used_size=3684352 bytes (9.0%)
(RDMA_READ_CONSUME_CHECK_CONSUMER) timestamp=3312 ms, used_size=3682304 bytes (9.0%)
(RDMA_READ_CONSUME_CHECK_CONSUMER) timestamp=3312 ms, used_size=3680256 bytes (9.0%)
(RDMA_READ_CONSUME_CHECK_CONSUMER) timestamp=3312 ms, used_size=3678208 bytes (9.0%)
(RDMA_READ_CONSUME_CHECK_CONSUMER) timestamp=3312 ms, used_size=3676160 bytes (9.0%)
(RDMA_READ_CONSUME_CHECK_CONSUMER) timestamp=3312 ms, used_size=3674112 bytes (9.0%)
(RDMA_READ_CONSUME_CHECK_CONSUMER) timestamp=3312 ms, used_size=3672064 bytes (9.0%)
(RDMA_READ_CONSUME_CHECK_CONSUMER) timestamp=3312 ms, used_size=3670016 bytes (9.0%)
(RDMA_READ_CONSUME_CHECK_CONSUMER) timestamp=3312 ms, used_size=3667968 bytes (9.0%)
(RDMA_READ_CONSUME_CHECK_CONSUMER) timestamp=3312 ms, used_size=3665920 bytes (8.9%)
(RDMA_READ_CONSUME_CHECK_CONSUMER) timestamp=3312 ms, used_size=3663872 bytes (8.9%)
(RDMA_READ_CONSUME_CHECK_CONSUMER) timestamp=3312 ms, used_size=3661824 bytes (8.9%)
(RDMA_READ_CONSUME_CHECK_CONSUMER) timestamp=3312 ms, used_size=3659776 bytes (8.9%)
(RDMA_READ_CONSUME_CHECK_CONSUMER) timestamp=3312 ms, used_size=3657728 bytes (8.9%)
(RDMA_READ_CONSUME_CHECK_CONSUMER) timestamp=3312 ms, used_size=3655680 bytes (8.9%)
(RDMA_READ_CONSUME_CHECK_CONSUMER) timestamp=3312 ms, used_size=3653632 bytes (8.9%)
(RDMA_READ_CONSUME_CHECK_CONSUMER) timestamp=3312 ms, used_size=3651584 bytes (8.9%)
(RDMA_READ_CONSUME_CHECK_CONSUMER) timestamp=3312 ms, used_size=3649536 bytes (8.9%)
(RDMA_READ_CONSUME_CHECK_CONSUMER) timestamp=3312 ms, used_size=3647488 bytes (8.9%)
(RDMA_READ_CONSUME_CHECK_CONSUMER) timestamp=3312 ms, used_size=3645440 bytes (8.9%)
(RDMA_READ_CONSUME_CHECK_CONSUMER) timestamp=3312 ms, used_size=3643392 bytes (8.9%)
(RDMA_READ_CONSUME_CHECK_CONSUMER) timestamp=3312 ms, used_size=3641344 bytes (8.9%)
(RDMA_READ_CONSUME_CHECK_CONSUMER) timestamp=3312 ms, used_size=3639296 bytes (8.9%)
(RDMA_READ_CONSUME_CHECK_CONSUMER) timestamp=3312 ms, used_size=3637248 bytes (8.9%)
(RDMA_READ_CONSUME_CHECK_CONSUMER) timestamp=3312 ms, used_size=3635200 bytes (8.9%)
(RDMA_READ_CONSUME_CHECK_CONSUMER) timestamp=3312 ms, used_size=3633152 bytes (8.9%)
(RDMA_READ_CONSUME_CHECK_CONSUMER) timestamp=3312 ms, used_size=3631104 bytes (8.9%)
(RDMA_READ_CONSUME_CHECK_CONSUMER) timestamp=3312 ms, used_size=3629056 bytes (8.9%)
(RDMA_READ_CONSUME_CHECK_CONSUMER) timestamp=3312 ms, used_size=3627008 bytes (8.9%)
(RDMA_READ_CONSUME_CHECK_CONSUMER) timestamp=3312 ms, used_size=3624960 bytes (8.8%)
(RDMA_READ_CONSUME_CHECK_CONSUMER) timestamp=3312 ms, used_size=3622912 bytes (8.8%)
(RDMA_READ_CONSUME_CHECK_CONSUMER) timestamp=3312 ms, used_size=3620864 bytes (8.8%)
(RDMA_READ_CONSUME_CHECK_CONSUMER) timestamp=3312 ms, used_size=3618816 bytes (8.8%)
(RDMA_READ_CONSUME_CHECK_CONSUMER) timestamp=3312 ms, used_size=3616768 bytes (8.8%)
(RDMA_READ_CONSUME_CHECK_CONSUMER) timestamp=3312 ms, used_size=3614720 bytes (8.8%)
(RDMA_READ_CONSUME_CHECK_CONSUMER) timestamp=3312 ms, used_size=3612672 bytes (8.8%)
(RDMA_READ_CONSUME_CHECK_CONSUMER) timestamp=3312 ms, used_size=3610624 bytes (8.8%)
(RDMA_READ_CONSUME_CHECK_CONSUMER) timestamp=3312 ms, used_size=3608576 bytes (8.8%)
(RDMA_READ_CONSUME_CHECK_CONSUMER) timestamp=3312 ms, used_size=3606528 bytes (8.8%)
(RDMA_READ_CONSUME_CHECK_CONSUMER) timestamp=3312 ms, used_size=3604480 bytes (8.8%)
(RDMA_READ_CONSUME_CHECK_CONSUMER) timestamp=3313 ms, used_size=3602432 bytes (8.8%)
(RDMA_READ_CONSUME_CHECK_CONSUMER) timestamp=3313 ms, used_size=3600384 bytes (8.8%)
(RDMA_READ_CONSUME_CHECK_CONSUMER) timestamp=3313 ms, used_size=3598336 bytes (8.8%)
(RDMA_READ_CONSUME_CHECK_CONSUMER) timestamp=3313 ms, used_size=3596288 bytes (8.8%)
(RDMA_READ_CONSUME_CHECK_CONSUMER) timestamp=3313 ms, used_size=3594240 bytes (8.8%)
(RDMA_READ_CONSUME_CHECK_CONSUMER) timestamp=3313 ms, used_size=3592192 bytes (8.8%)
(RDMA_READ_CONSUME_CHECK_CONSUMER) timestamp=3313 ms, used_size=3590144 bytes (8.8%)
(RDMA_READ_CONSUME_CHECK_CONSUMER) timestamp=3313 ms, used_size=3588096 bytes (8.8%)
(RDMA_READ_CONSUME_CHECK_CONSUMER) timestamp=3313 ms, used_size=3586048 bytes (8.8%)
(RDMA_READ_CONSUME_CHECK_CONSUMER) timestamp=3313 ms, used_size=3584000 bytes (8.8%)
(RDMA_READ_CONSUME_CHECK_CONSUMER) timestamp=3313 ms, used_size=3581952 bytes (8.7%)
(RDMA_READ_CONSUME_CHECK_CONSUMER) timestamp=3313 ms, used_size=3579904 bytes (8.7%)
(RDMA_READ_CONSUME_CHECK_CONSUMER) timestamp=3313 ms, used_size=3577856 bytes (8.7%)
(RDMA_READ_CONSUME_CHECK_CONSUMER) timestamp=3313 ms, used_size=3575808 bytes (8.7%)
(RDMA_READ_CONSUME_CHECK_CONSUMER) timestamp=3313 ms, used_size=3573760 bytes (8.7%)
(RDMA_READ_CONSUME_CHECK_CONSUMER) timestamp=3313 ms, used_size=3571712 bytes (8.7%)
(RDMA_READ_CONSUME_CHECK_CONSUMER) timestamp=3313 ms, used_size=3569664 bytes (8.7%)
(RDMA_READ_CONSUME_CHECK_CONSUMER) timestamp=3313 ms, used_size=3567616 bytes (8.7%)
(RDMA_READ_CONSUME_CHECK_CONSUMER) timestamp=3313 ms, used_size=3565568 bytes (8.7%)
(RDMA_READ_CONSUME_CHECK_CONSUMER) timestamp=3313 ms, used_size=3563520 bytes (8.7%)
(RDMA_READ_CONSUME_CHECK_CONSUMER) timestamp=3313 ms, used_size=3561472 bytes (8.7%)
(RDMA_READ_CONSUME_CHECK_CONSUMER) timestamp=3313 ms, used_size=3559424 bytes (8.7%)
(RDMA_READ_CONSUME_CHECK_CONSUMER) timestamp=3313 ms, used_size=3557376 bytes (8.7%)
(RDMA_READ_CONSUME_CHECK_CONSUMER) timestamp=3313 ms, used_size=3555328 bytes (8.7%)
(RDMA_READ_CONSUME_CHECK_CONSUMER) timestamp=3313 ms, used_size=3553280 bytes (8.7%)
(RDMA_READ_CONSUME_CHECK_CONSUMER) timestamp=3313 ms, used_size=3551232 bytes (8.7%)
(RDMA_READ_CONSUME_CHECK_CONSUMER) timestamp=3313 ms, used_size=3549184 bytes (8.7%)
(RDMA_READ_CONSUME_CHECK_CONSUMER) timestamp=3313 ms, used_size=3547136 bytes (8.7%)
(RDMA_READ_CONSUME_CHECK_CONSUMER) timestamp=3313 ms, used_size=3545088 bytes (8.7%)
(RDMA_READ_CONSUME_CHECK_CONSUMER) timestamp=3313 ms, used_size=3543040 bytes (8.7%)
(RDMA_READ_CONSUME_CHECK_CONSUMER) timestamp=3313 ms, used_size=3540992 bytes (8.6%)
(RDMA_READ_CONSUME_CHECK_CONSUMER) timestamp=3313 ms, used_size=3538944 bytes (8.6%)
(RDMA_READ_CONSUME_CHECK_CONSUMER) timestamp=3313 ms, used_size=3536896 bytes (8.6%)
(RDMA_READ_CONSUME_CHECK_CONSUMER) timestamp=3313 ms, used_size=3534848 bytes (8.6%)
(RDMA_READ_CONSUME_CHECK_CONSUMER) timestamp=3313 ms, used_size=3532800 bytes (8.6%)
(RDMA_READ_CONSUME_CHECK_CONSUMER) timestamp=3313 ms, used_size=3530752 bytes (8.6%)
(RDMA_READ_CONSUME_CHECK_CONSUMER) timestamp=3313 ms, used_size=3528704 bytes (8.6%)
(RDMA_READ_CONSUME_CHECK_CONSUMER) timestamp=3313 ms, used_size=3526656 bytes (8.6%)
(RDMA_READ_CONSUME_CHECK_CONSUMER) timestamp=3313 ms, used_size=3524608 bytes (8.6%)
(RDMA_READ_CONSUME_CHECK_CONSUMER) timestamp=3313 ms, used_size=3522560 bytes (8.6%)
(RDMA_READ_CONSUME_CHECK_CONSUMER) timestamp=3313 ms, used_size=3520512 bytes (8.6%)
(RDMA_READ_CONSUME_CHECK_CONSUMER) timestamp=3313 ms, used_size=3518464 bytes (8.6%)
(RDMA_READ_CONSUME_CHECK_CONSUMER) timestamp=3313 ms, used_size=3516416 bytes (8.6%)
(RDMA_READ_CONSUME_CHECK_CONSUMER) timestamp=3313 ms, used_size=3514368 bytes (8.6%)
(RDMA_READ_CONSUME_CHECK_CONSUMER) timestamp=3313 ms, used_size=3512320 bytes (8.6%)
(RDMA_READ_CONSUME_CHECK_CONSUMER) timestamp=3313 ms, used_size=3510272 bytes (8.6%)
(RDMA_READ_CONSUME_CHECK_CONSUMER) timestamp=3313 ms, used_size=3508224 bytes (8.6%)
(RDMA_READ_CONSUME_CHECK_CONSUMER) timestamp=3313 ms, used_size=3506176 bytes (8.6%)
(RDMA_READ_CONSUME_CHECK_CONSUMER) timestamp=3313 ms, used_size=3504128 bytes (8.6%)
(RDMA_READ_CONSUME_CHECK_CONSUMER) timestamp=3313 ms, used_size=3502080 bytes (8.6%)
(RDMA_READ_CONSUME_CHECK_CONSUMER) timestamp=3313 ms, used_size=3500032 bytes (8.5%)
(RDMA_READ_CONSUME_CHECK_CONSUMER) timestamp=3313 ms, used_size=3497984 bytes (8.5%)
(RDMA_READ_CONSUME_CHECK_CONSUMER) timestamp=3313 ms, used_size=3495936 bytes (8.5%)
(RDMA_READ_CONSUME_CHECK_CONSUMER) timestamp=3313 ms, used_size=3493888 bytes (8.5%)
(RDMA_READ_CONSUME_CHECK_CONSUMER) timestamp=3313 ms, used_size=3491840 bytes (8.5%)
(RDMA_READ_CONSUME_CHECK_CONSUMER) timestamp=3313 ms, used_size=3489792 bytes (8.5%)
(RDMA_READ_CONSUME_CHECK_CONSUMER) timestamp=3313 ms, used_size=3487744 bytes (8.5%)
(RDMA_READ_CONSUME_CHECK_CONSUMER) timestamp=3313 ms, used_size=3485696 bytes (8.5%)
(RDMA_READ_CONSUME_CHECK_CONSUMER) timestamp=3313 ms, used_size=3483648 bytes (8.5%)
(RDMA_READ_CONSUME_CHECK_CONSUMER) timestamp=3313 ms, used_size=3481600 bytes (8.5%)
(RDMA_READ_CONSUME_CHECK_CONSUMER) timestamp=3313 ms, used_size=3479552 bytes (8.5%)
(RDMA_READ_CONSUME_CHECK_CONSUMER) timestamp=3313 ms, used_size=3477504 bytes (8.5%)
(RDMA_READ_CONSUME_CHECK_CONSUMER) timestamp=3313 ms, used_size=3475456 bytes (8.5%)
(RDMA_READ_CONSUME_CHECK_CONSUMER) timestamp=3313 ms, used_size=3473408 bytes (8.5%)
(RDMA_READ_CONSUME_CHECK_CONSUMER) timestamp=3313 ms, used_size=3471360 bytes (8.5%)
(RDMA_READ_CONSUME_CHECK_CONSUMER) timestamp=3313 ms, used_size=3469312 bytes (8.5%)
(RDMA_READ_CONSUME_CHECK_CONSUMER) timestamp=3313 ms, used_size=3467264 bytes (8.5%)
(RDMA_READ_CONSUME_CHECK_CONSUMER) timestamp=3313 ms, used_size=3465216 bytes (8.5%)
(RDMA_READ_CONSUME_CHECK_CONSUMER) timestamp=3313 ms, used_size=3463168 bytes (8.5%)
(RDMA_READ_CONSUME_CHECK_CONSUMER) timestamp=3313 ms, used_size=3461120 bytes (8.4%)
(RDMA_READ_CONSUME_CHECK_CONSUMER) timestamp=3313 ms, used_size=3459072 bytes (8.4%)
(RDMA_READ_CONSUME_CHECK_CONSUMER) timestamp=3313 ms, used_size=3457024 bytes (8.4%)
(RDMA_READ_CONSUME_CHECK_CONSUMER) timestamp=3313 ms, used_size=3454976 bytes (8.4%)
(RDMA_READ_CONSUME_CHECK_CONSUMER) timestamp=3313 ms, used_size=3452928 bytes (8.4%)
(RDMA_READ_CONSUME_CHECK_CONSUMER) timestamp=3313 ms, used_size=3450880 bytes (8.4%)
(RDMA_READ_CONSUME_CHECK_CONSUMER) timestamp=3313 ms, used_size=3448832 bytes (8.4%)
(RDMA_READ_CONSUME_CHECK_CONSUMER) timestamp=3313 ms, used_size=3446784 bytes (8.4%)
(RDMA_READ_CONSUME_CHECK_CONSUMER) timestamp=3313 ms, used_size=3444736 bytes (8.4%)
(RDMA_READ_CONSUME_CHECK_CONSUMER) timestamp=3313 ms, used_size=3442688 bytes (8.4%)
(RDMA_READ_CONSUME_CHECK_CONSUMER) timestamp=3313 ms, used_size=3440640 bytes (8.4%)
(RDMA_READ_CONSUME_CHECK_CONSUMER) timestamp=3313 ms, used_size=3438592 bytes (8.4%)
(RDMA_READ_CONSUME_CHECK_CONSUMER) timestamp=3313 ms, used_size=3436544 bytes (8.4%)
(RDMA_READ_CONSUME_CHECK_CONSUMER) timestamp=3313 ms, used_size=3434496 bytes (8.4%)
(RDMA_READ_CONSUME_CHECK_CONSUMER) timestamp=3313 ms, used_size=3432448 bytes (8.4%)
(RDMA_READ_CONSUME_CHECK_CONSUMER) timestamp=3313 ms, used_size=3430400 bytes (8.4%)
(RDMA_READ_CONSUME_CHECK_CONSUMER) timestamp=3313 ms, used_size=3428352 bytes (8.4%)
(RDMA_READ_CONSUME_CHECK_CONSUMER) timestamp=3313 ms, used_size=3426304 bytes (8.4%)
(RDMA_READ_CONSUME_CHECK_CONSUMER) timestamp=3313 ms, used_size=3424256 bytes (8.4%)
(RDMA_READ_CONSUME_CHECK_CONSUMER) timestamp=3313 ms, used_size=3422208 bytes (8.4%)
(RDMA_READ_CONSUME_CHECK_CONSUMER) timestamp=3313 ms, used_size=3420160 bytes (8.3%)
(RDMA_READ_CONSUME_CHECK_CONSUMER) timestamp=3313 ms, used_size=3418112 bytes (8.3%)
(RDMA_READ_CONSUME_CHECK_CONSUMER) timestamp=3313 ms, used_size=3416064 bytes (8.3%)
(RDMA_READ_CONSUME_CHECK_CONSUMER) timestamp=3313 ms, used_size=3414016 bytes (8.3%)
(RDMA_READ_CONSUME_CHECK_CONSUMER) timestamp=3313 ms, used_size=3411968 bytes (8.3%)
(RDMA_READ_CONSUME_CHECK_CONSUMER) timestamp=3313 ms, used_size=3409920 bytes (8.3%)
(RDMA_READ_CONSUME_CHECK_CONSUMER) timestamp=3313 ms, used_size=3407872 bytes (8.3%)
(RDMA_READ_CONSUME_CHECK_CONSUMER) timestamp=3313 ms, used_size=3405824 bytes (8.3%)
(RDMA_READ_CONSUME_CHECK_CONSUMER) timestamp=3313 ms, used_size=3403776 bytes (8.3%)
(RDMA_READ_CONSUME_CHECK_CONSUMER) timestamp=3313 ms, used_size=3401728 bytes (8.3%)
(RDMA_READ_CONSUME_CHECK_CONSUMER) timestamp=3313 ms, used_size=3399680 bytes (8.3%)
(RDMA_READ_CONSUME_CHECK_CONSUMER) timestamp=3313 ms, used_size=3397632 bytes (8.3%)
(RDMA_READ_CONSUME_CHECK_CONSUMER) timestamp=3313 ms, used_size=3395584 bytes (8.3%)
(RDMA_READ_CONSUME_CHECK_CONSUMER) timestamp=3313 ms, used_size=3393536 bytes (8.3%)
(RDMA_READ_CONSUME_CHECK_CONSUMER) timestamp=3313 ms, used_size=3391488 bytes (8.3%)
(RDMA_READ_CONSUME_CHECK_CONSUMER) timestamp=3313 ms, used_size=3389440 bytes (8.3%)
(RDMA_READ_CONSUME_CHECK_CONSUMER) timestamp=3313 ms, used_size=3387392 bytes (8.3%)
(RDMA_READ_CONSUME_CHECK_CONSUMER) timestamp=3313 ms, used_size=3385344 bytes (8.3%)
(RDMA_READ_CONSUME_CHECK_CONSUMER) timestamp=3313 ms, used_size=3383296 bytes (8.3%)
(RDMA_READ_CONSUME_CHECK_CONSUMER) timestamp=3313 ms, used_size=3381248 bytes (8.3%)
(RDMA_READ_CONSUME_CHECK_CONSUMER) timestamp=3313 ms, used_size=3379200 bytes (8.2%)
(RDMA_READ_CONSUME_CHECK_CONSUMER) timestamp=3313 ms, used_size=3377152 bytes (8.2%)
(RDMA_READ_CONSUME_CHECK_CONSUMER) timestamp=3313 ms, used_size=3375104 bytes (8.2%)
(RDMA_READ_CONSUME_CHECK_CONSUMER) timestamp=3313 ms, used_size=3373056 bytes (8.2%)
(RDMA_READ_CONSUME_CHECK_CONSUMER) timestamp=3313 ms, used_size=3371008 bytes (8.2%)
(RDMA_READ_CONSUME_CHECK_CONSUMER) timestamp=3313 ms, used_size=3368960 bytes (8.2%)
(RDMA_READ_CONSUME_CHECK_CONSUMER) timestamp=3313 ms, used_size=3366912 bytes (8.2%)
(RDMA_READ_CONSUME_CHECK_CONSUMER) timestamp=3313 ms, used_size=3364864 bytes (8.2%)
(RDMA_READ_CONSUME_CHECK_CONSUMER) timestamp=3313 ms, used_size=3362816 bytes (8.2%)
(RDMA_READ_CONSUME_CHECK_CONSUMER) timestamp=3313 ms, used_size=3360768 bytes (8.2%)
(RDMA_READ_CONSUME_CHECK_CONSUMER) timestamp=3313 ms, used_size=3358720 bytes (8.2%)
(RDMA_READ_CONSUME_CHECK_CONSUMER) timestamp=3313 ms, used_size=3356672 bytes (8.2%)
(RDMA_READ_CONSUME_CHECK_CONSUMER) timestamp=3313 ms, used_size=3354624 bytes (8.2%)
(RDMA_READ_CONSUME_CHECK_CONSUMER) timestamp=3313 ms, used_size=3352576 bytes (8.2%)
(RDMA_READ_CONSUME_CHECK_CONSUMER) timestamp=3313 ms, used_size=3350528 bytes (8.2%)
(RDMA_READ_CONSUME_CHECK_CONSUMER) timestamp=3313 ms, used_size=3348480 bytes (8.2%)
(RDMA_READ_CONSUME_CHECK_CONSUMER) timestamp=3313 ms, used_size=3346432 bytes (8.2%)
(RDMA_READ_CONSUME_CHECK_CONSUMER) timestamp=3313 ms, used_size=3344384 bytes (8.2%)
(RDMA_READ_CONSUME_CHECK_CONSUMER) timestamp=3313 ms, used_size=3342336 bytes (8.2%)
(RDMA_READ_CONSUME_CHECK_CONSUMER) timestamp=3313 ms, used_size=3340288 bytes (8.2%)
(RDMA_READ_CONSUME_CHECK_CONSUMER) timestamp=3313 ms, used_size=3338240 bytes (8.2%)
(RDMA_READ_CONSUME_CHECK_CONSUMER) timestamp=3313 ms, used_size=3336192 bytes (8.1%)
(RDMA_READ_CONSUME_CHECK_CONSUMER) timestamp=3313 ms, used_size=3334144 bytes (8.1%)
(RDMA_READ_CONSUME_CHECK_CONSUMER) timestamp=3313 ms, used_size=3332096 bytes (8.1%)
(RDMA_READ_CONSUME_CHECK_CONSUMER) timestamp=3313 ms, used_size=3330048 bytes (8.1%)
(RDMA_READ_CONSUME_CHECK_CONSUMER) timestamp=3313 ms, used_size=3328000 bytes (8.1%)
(RDMA_READ_CONSUME_CHECK_CONSUMER) timestamp=3313 ms, used_size=3325952 bytes (8.1%)
(RDMA_READ_CONSUME_CHECK_CONSUMER) timestamp=3313 ms, used_size=3323904 bytes (8.1%)
(RDMA_READ_CONSUME_CHECK_CONSUMER) timestamp=3313 ms, used_size=3321856 bytes (8.1%)
(RDMA_READ_CONSUME_CHECK_CONSUMER) timestamp=3313 ms, used_size=3319808 bytes (8.1%)
(RDMA_READ_CONSUME_CHECK_CONSUMER) timestamp=3313 ms, used_size=3317760 bytes (8.1%)
(RDMA_READ_CONSUME_CHECK_CONSUMER) timestamp=3313 ms, used_size=3315712 bytes (8.1%)
(RDMA_READ_CONSUME_CHECK_CONSUMER) timestamp=3313 ms, used_size=3313664 bytes (8.1%)
(RDMA_READ_CONSUME_CHECK_CONSUMER) timestamp=3313 ms, used_size=3311616 bytes (8.1%)
(RDMA_READ_CONSUME_CHECK_CONSUMER) timestamp=3313 ms, used_size=3309568 bytes (8.1%)
(RDMA_READ_CONSUME_CHECK_CONSUMER) timestamp=3313 ms, used_size=3307520 bytes (8.1%)
(RDMA_READ_CONSUME_CHECK_CONSUMER) timestamp=3313 ms, used_size=3305472 bytes (8.1%)
(RDMA_READ_CONSUME_CHECK_CONSUMER) timestamp=3313 ms, used_size=3303424 bytes (8.1%)
(RDMA_READ_CONSUME_CHECK_CONSUMER) timestamp=3313 ms, used_size=3301376 bytes (8.1%)
(RDMA_READ_CONSUME_CHECK_CONSUMER) timestamp=3313 ms, used_size=3299328 bytes (8.1%)
(RDMA_READ_CONSUME_CHECK_CONSUMER) timestamp=3313 ms, used_size=3297280 bytes (8.1%)
(RDMA_READ_CONSUME_CHECK_CONSUMER) timestamp=3313 ms, used_size=3295232 bytes (8.0%)
(RDMA_READ_CONSUME_CHECK_CONSUMER) timestamp=3313 ms, used_size=3293184 bytes (8.0%)
(RDMA_READ_CONSUME_CHECK_CONSUMER) timestamp=3313 ms, used_size=3291136 bytes (8.0%)
(RDMA_READ_CONSUME_CHECK_CONSUMER) timestamp=3313 ms, used_size=3289088 bytes (8.0%)
(RDMA_READ_CONSUME_CHECK_CONSUMER) timestamp=3313 ms, used_size=3287040 bytes (8.0%)
(RDMA_READ_CONSUME_CHECK_CONSUMER) timestamp=3313 ms, used_size=3284992 bytes (8.0%)
(RDMA_READ_CONSUME_CHECK_CONSUMER) timestamp=3313 ms, used_size=3282944 bytes (8.0%)
(RDMA_READ_CONSUME_CHECK_CONSUMER) timestamp=3313 ms, used_size=3280896 bytes (8.0%)
(RDMA_READ_CONSUME_CHECK_CONSUMER) timestamp=3313 ms, used_size=3278848 bytes (8.0%)
(RDMA_READ_CONSUME_CHECK_CONSUMER) timestamp=3313 ms, used_size=3276800 bytes (8.0%)
(RDMA_READ_CONSUME_CHECK_CONSUMER) timestamp=3313 ms, used_size=3274752 bytes (8.0%)
(RDMA_READ_CONSUME_CHECK_CONSUMER) timestamp=3313 ms, used_size=3272704 bytes (8.0%)
(RDMA_READ_CONSUME_CHECK_CONSUMER) timestamp=3313 ms, used_size=3270656 bytes (8.0%)
(RDMA_READ_CONSUME_CHECK_CONSUMER) timestamp=3313 ms, used_size=3268608 bytes (8.0%)
(RDMA_READ_CONSUME_CHECK_CONSUMER) timestamp=3313 ms, used_size=3266560 bytes (8.0%)
(RDMA_READ_CONSUME_CHECK_CONSUMER) timestamp=3313 ms, used_size=3264512 bytes (8.0%)
(RDMA_READ_CONSUME_CHECK_CONSUMER) timestamp=3313 ms, used_size=3262464 bytes (8.0%)
(RDMA_READ_CONSUME_CHECK_CONSUMER) timestamp=3313 ms, used_size=3260416 bytes (8.0%)
(RDMA_READ_CONSUME_CHECK_CONSUMER) timestamp=3313 ms, used_size=3258368 bytes (8.0%)
(RDMA_READ_CONSUME_CHECK_CONSUMER) timestamp=3313 ms, used_size=3256320 bytes (8.0%)
(RDMA_READ_CONSUME_CHECK_CONSUMER) timestamp=3313 ms, used_size=3254272 bytes (7.9%)
(RDMA_READ_CONSUME_CHECK_CONSUMER) timestamp=3313 ms, used_size=3252224 bytes (7.9%)
(RDMA_READ_CONSUME_CHECK_CONSUMER) timestamp=3313 ms, used_size=3250176 bytes (7.9%)
(RDMA_READ_CONSUME_CHECK_CONSUMER) timestamp=3313 ms, used_size=3248128 bytes (7.9%)
(RDMA_READ_CONSUME_CHECK_CONSUMER) timestamp=3313 ms, used_size=3246080 bytes (7.9%)
(RDMA_READ_CONSUME_CHECK_CONSUMER) timestamp=3313 ms, used_size=3244032 bytes (7.9%)
(RDMA_READ_CONSUME_CHECK_CONSUMER) timestamp=3313 ms, used_size=3241984 bytes (7.9%)
(RDMA_READ_CONSUME_CHECK_CONSUMER) timestamp=3313 ms, used_size=3239936 bytes (7.9%)
(RDMA_READ_CONSUME_CHECK_CONSUMER) timestamp=3313 ms, used_size=3237888 bytes (7.9%)
(RDMA_READ_CONSUME_CHECK_CONSUMER) timestamp=3314 ms, used_size=3235840 bytes (7.9%)
(RDMA_READ_CONSUME_CHECK_CONSUMER) timestamp=3314 ms, used_size=3233792 bytes (7.9%)
(RDMA_READ_CONSUME_CHECK_CONSUMER) timestamp=3314 ms, used_size=3231744 bytes (7.9%)
(RDMA_READ_CONSUME_CHECK_CONSUMER) timestamp=3314 ms, used_size=3229696 bytes (7.9%)
(RDMA_READ_CONSUME_CHECK_CONSUMER) timestamp=3314 ms, used_size=3227648 bytes (7.9%)
(RDMA_READ_CONSUME_CHECK_CONSUMER) timestamp=3314 ms, used_size=3225600 bytes (7.9%)
(RDMA_READ_CONSUME_CHECK_CONSUMER) timestamp=3314 ms, used_size=3223552 bytes (7.9%)
(RDMA_READ_CONSUME_CHECK_CONSUMER) timestamp=3314 ms, used_size=3221504 bytes (7.9%)
(RDMA_READ_CONSUME_CHECK_CONSUMER) timestamp=3314 ms, used_size=3219456 bytes (7.9%)
(RDMA_READ_CONSUME_CHECK_CONSUMER) timestamp=3314 ms, used_size=3217408 bytes (7.9%)
(RDMA_READ_CONSUME_CHECK_CONSUMER) timestamp=3314 ms, used_size=3215360 bytes (7.8%)
(RDMA_READ_CONSUME_CHECK_CONSUMER) timestamp=3314 ms, used_size=3213312 bytes (7.8%)
(RDMA_READ_CONSUME_CHECK_CONSUMER) timestamp=3314 ms, used_size=3211264 bytes (7.8%)
(RDMA_READ_CONSUME_CHECK_CONSUMER) timestamp=3314 ms, used_size=3209216 bytes (7.8%)
(RDMA_READ_CONSUME_CHECK_CONSUMER) timestamp=3314 ms, used_size=3207168 bytes (7.8%)
(RDMA_READ_CONSUME_CHECK_CONSUMER) timestamp=3314 ms, used_size=3205120 bytes (7.8%)
(RDMA_READ_CONSUME_CHECK_CONSUMER) timestamp=3314 ms, used_size=3203072 bytes (7.8%)
(RDMA_READ_CONSUME_CHECK_CONSUMER) timestamp=3314 ms, used_size=3201024 bytes (7.8%)
(RDMA_READ_CONSUME_CHECK_CONSUMER) timestamp=3314 ms, used_size=3198976 bytes (7.8%)
(RDMA_READ_CONSUME_CHECK_CONSUMER) timestamp=3314 ms, used_size=3196928 bytes (7.8%)
(RDMA_READ_CONSUME_CHECK_CONSUMER) timestamp=3314 ms, used_size=3194880 bytes (7.8%)
(RDMA_READ_CONSUME_CHECK_CONSUMER) timestamp=3314 ms, used_size=3192832 bytes (7.8%)
(RDMA_READ_CONSUME_CHECK_CONSUMER) timestamp=3314 ms, used_size=3190784 bytes (7.8%)
(RDMA_READ_CONSUME_CHECK_CONSUMER) timestamp=3314 ms, used_size=3188736 bytes (7.8%)
(RDMA_READ_CONSUME_CHECK_CONSUMER) timestamp=3314 ms, used_size=3186688 bytes (7.8%)
(RDMA_READ_CONSUME_CHECK_CONSUMER) timestamp=3314 ms, used_size=3184640 bytes (7.8%)
(RDMA_READ_CONSUME_CHECK_CONSUMER) timestamp=3314 ms, used_size=3182592 bytes (7.8%)
(RDMA_READ_CONSUME_CHECK_CONSUMER) timestamp=3314 ms, used_size=3180544 bytes (7.8%)
(RDMA_READ_CONSUME_CHECK_CONSUMER) timestamp=3314 ms, used_size=3178496 bytes (7.8%)
(RDMA_READ_CONSUME_CHECK_CONSUMER) timestamp=3314 ms, used_size=3176448 bytes (7.8%)
(RDMA_READ_CONSUME_CHECK_CONSUMER) timestamp=3314 ms, used_size=3174400 bytes (7.8%)
(RDMA_READ_CONSUME_CHECK_CONSUMER) timestamp=3314 ms, used_size=3172352 bytes (7.7%)
(RDMA_READ_CONSUME_CHECK_CONSUMER) timestamp=3314 ms, used_size=3170304 bytes (7.7%)
(RDMA_READ_CONSUME_CHECK_CONSUMER) timestamp=3314 ms, used_size=3168256 bytes (7.7%)
(RDMA_READ_CONSUME_CHECK_CONSUMER) timestamp=3314 ms, used_size=3166208 bytes (7.7%)
(RDMA_READ_CONSUME_CHECK_CONSUMER) timestamp=3314 ms, used_size=3164160 bytes (7.7%)
(RDMA_READ_CONSUME_CHECK_CONSUMER) timestamp=3314 ms, used_size=3162112 bytes (7.7%)
(RDMA_READ_CONSUME_CHECK_CONSUMER) timestamp=3314 ms, used_size=3160064 bytes (7.7%)
(RDMA_READ_CONSUME_CHECK_CONSUMER) timestamp=3314 ms, used_size=3158016 bytes (7.7%)
(RDMA_READ_CONSUME_CHECK_CONSUMER) timestamp=3314 ms, used_size=3155968 bytes (7.7%)
(RDMA_READ_CONSUME_CHECK_CONSUMER) timestamp=3314 ms, used_size=3153920 bytes (7.7%)
(RDMA_READ_CONSUME_CHECK_CONSUMER) timestamp=3314 ms, used_size=3151872 bytes (7.7%)
(RDMA_READ_CONSUME_CHECK_CONSUMER) timestamp=3314 ms, used_size=3149824 bytes (7.7%)
(RDMA_READ_CONSUME_CHECK_CONSUMER) timestamp=3314 ms, used_size=3147776 bytes (7.7%)
(RDMA_READ_CONSUME_CHECK_CONSUMER) timestamp=3314 ms, used_size=3145728 bytes (7.7%)
(RDMA_READ_CONSUME_CHECK_CONSUMER) timestamp=3314 ms, used_size=3143680 bytes (7.7%)
(RDMA_READ_CONSUME_CHECK_CONSUMER) timestamp=3314 ms, used_size=3141632 bytes (7.7%)
(RDMA_READ_CONSUME_CHECK_CONSUMER) timestamp=3314 ms, used_size=3139584 bytes (7.7%)
(RDMA_READ_CONSUME_CHECK_CONSUMER) timestamp=3314 ms, used_size=3137536 bytes (7.7%)
(RDMA_READ_CONSUME_CHECK_CONSUMER) timestamp=3314 ms, used_size=3135488 bytes (7.7%)
(RDMA_READ_CONSUME_CHECK_CONSUMER) timestamp=3314 ms, used_size=3133440 bytes (7.7%)
(RDMA_READ_CONSUME_CHECK_CONSUMER) timestamp=3314 ms, used_size=3131392 bytes (7.6%)
(RDMA_READ_CONSUME_CHECK_CONSUMER) timestamp=3314 ms, used_size=3129344 bytes (7.6%)
(RDMA_READ_CONSUME_CHECK_CONSUMER) timestamp=3314 ms, used_size=3127296 bytes (7.6%)
(RDMA_READ_CONSUME_CHECK_CONSUMER) timestamp=3314 ms, used_size=3125248 bytes (7.6%)
(RDMA_READ_CONSUME_CHECK_CONSUMER) timestamp=3314 ms, used_size=3123200 bytes (7.6%)
(RDMA_READ_CONSUME_CHECK_CONSUMER) timestamp=3314 ms, used_size=3121152 bytes (7.6%)
(RDMA_READ_CONSUME_CHECK_CONSUMER) timestamp=3314 ms, used_size=3119104 bytes (7.6%)
(RDMA_READ_CONSUME_CHECK_CONSUMER) timestamp=3314 ms, used_size=3117056 bytes (7.6%)
(RDMA_READ_CONSUME_CHECK_CONSUMER) timestamp=3314 ms, used_size=3115008 bytes (7.6%)
(RDMA_READ_CONSUME_CHECK_CONSUMER) timestamp=3314 ms, used_size=3112960 bytes (7.6%)
(RDMA_READ_CONSUME_CHECK_CONSUMER) timestamp=3314 ms, used_size=3110912 bytes (7.6%)
(RDMA_READ_CONSUME_CHECK_CONSUMER) timestamp=3314 ms, used_size=3108864 bytes (7.6%)
(RDMA_READ_CONSUME_CHECK_CONSUMER) timestamp=3314 ms, used_size=3106816 bytes (7.6%)
(RDMA_READ_CONSUME_CHECK_CONSUMER) timestamp=3314 ms, used_size=3104768 bytes (7.6%)
(RDMA_READ_CONSUME_CHECK_CONSUMER) timestamp=3314 ms, used_size=3102720 bytes (7.6%)
(RDMA_READ_CONSUME_CHECK_CONSUMER) timestamp=3314 ms, used_size=3100672 bytes (7.6%)
(RDMA_READ_CONSUME_CHECK_CONSUMER) timestamp=3314 ms, used_size=3098624 bytes (7.6%)
(RDMA_READ_CONSUME_CHECK_CONSUMER) timestamp=3314 ms, used_size=3096576 bytes (7.6%)
(RDMA_READ_CONSUME_CHECK_CONSUMER) timestamp=3314 ms, used_size=3094528 bytes (7.6%)
(RDMA_READ_CONSUME_CHECK_CONSUMER) timestamp=3314 ms, used_size=3092480 bytes (7.5%)
(RDMA_READ_CONSUME_CHECK_CONSUMER) timestamp=3314 ms, used_size=3090432 bytes (7.5%)
(RDMA_READ_CONSUME_CHECK_CONSUMER) timestamp=3314 ms, used_size=3088384 bytes (7.5%)
(RDMA_READ_CONSUME_CHECK_CONSUMER) timestamp=3314 ms, used_size=3086336 bytes (7.5%)
(RDMA_READ_CONSUME_CHECK_CONSUMER) timestamp=3314 ms, used_size=3084288 bytes (7.5%)
(RDMA_READ_CONSUME_CHECK_CONSUMER) timestamp=3314 ms, used_size=3082240 bytes (7.5%)
(RDMA_READ_CONSUME_CHECK_CONSUMER) timestamp=3314 ms, used_size=3080192 bytes (7.5%)
(RDMA_READ_CONSUME_CHECK_CONSUMER) timestamp=3314 ms, used_size=3078144 bytes (7.5%)
(RDMA_READ_CONSUME_CHECK_CONSUMER) timestamp=3314 ms, used_size=3076096 bytes (7.5%)
(RDMA_READ_CONSUME_CHECK_CONSUMER) timestamp=3314 ms, used_size=3074048 bytes (7.5%)
(RDMA_READ_CONSUME_CHECK_CONSUMER) timestamp=3314 ms, used_size=3072000 bytes (7.5%)
(RDMA_READ_CONSUME_CHECK_CONSUMER) timestamp=3314 ms, used_size=3069952 bytes (7.5%)
(RDMA_READ_CONSUME_CHECK_CONSUMER) timestamp=3314 ms, used_size=3067904 bytes (7.5%)
(RDMA_READ_CONSUME_CHECK_CONSUMER) timestamp=3314 ms, used_size=3065856 bytes (7.5%)
(RDMA_READ_CONSUME_CHECK_CONSUMER) timestamp=3314 ms, used_size=3063808 bytes (7.5%)
(RDMA_READ_CONSUME_CHECK_CONSUMER) timestamp=3314 ms, used_size=3061760 bytes (7.5%)
(RDMA_READ_CONSUME_CHECK_CONSUMER) timestamp=3314 ms, used_size=3059712 bytes (7.5%)
(RDMA_READ_CONSUME_CHECK_CONSUMER) timestamp=3314 ms, used_size=3057664 bytes (7.5%)
(RDMA_READ_CONSUME_CHECK_CONSUMER) timestamp=3314 ms, used_size=3055616 bytes (7.5%)
(RDMA_READ_CONSUME_CHECK_CONSUMER) timestamp=3314 ms, used_size=3053568 bytes (7.5%)
(RDMA_READ_CONSUME_CHECK_CONSUMER) timestamp=3314 ms, used_size=3051520 bytes (7.5%)
(RDMA_READ_CONSUME_CHECK_CONSUMER) timestamp=3314 ms, used_size=3049472 bytes (7.4%)
(RDMA_READ_CONSUME_CHECK_CONSUMER) timestamp=3314 ms, used_size=3047424 bytes (7.4%)
(RDMA_READ_CONSUME_CHECK_CONSUMER) timestamp=3314 ms, used_size=3045376 bytes (7.4%)
(RDMA_READ_CONSUME_CHECK_CONSUMER) timestamp=3314 ms, used_size=3043328 bytes (7.4%)
(RDMA_READ_CONSUME_CHECK_CONSUMER) timestamp=3314 ms, used_size=3041280 bytes (7.4%)
(RDMA_READ_CONSUME_CHECK_CONSUMER) timestamp=3314 ms, used_size=3039232 bytes (7.4%)
(RDMA_READ_CONSUME_CHECK_CONSUMER) timestamp=3314 ms, used_size=3037184 bytes (7.4%)
(RDMA_READ_CONSUME_CHECK_CONSUMER) timestamp=3314 ms, used_size=3035136 bytes (7.4%)
(RDMA_READ_CONSUME_CHECK_CONSUMER) timestamp=3314 ms, used_size=3033088 bytes (7.4%)
(RDMA_READ_CONSUME_CHECK_CONSUMER) timestamp=3314 ms, used_size=3031040 bytes (7.4%)
(RDMA_READ_CONSUME_CHECK_CONSUMER) timestamp=3314 ms, used_size=3028992 bytes (7.4%)
(RDMA_READ_CONSUME_CHECK_CONSUMER) timestamp=3314 ms, used_size=3026944 bytes (7.4%)
(RDMA_READ_CONSUME_CHECK_CONSUMER) timestamp=3314 ms, used_size=3024896 bytes (7.4%)
(RDMA_READ_CONSUME_CHECK_CONSUMER) timestamp=3314 ms, used_size=3022848 bytes (7.4%)
(RDMA_READ_CONSUME_CHECK_CONSUMER) timestamp=3314 ms, used_size=3020800 bytes (7.4%)
(RDMA_READ_CONSUME_CHECK_CONSUMER) timestamp=3314 ms, used_size=3018752 bytes (7.4%)
(RDMA_READ_CONSUME_CHECK_CONSUMER) timestamp=3314 ms, used_size=3016704 bytes (7.4%)
(RDMA_READ_CONSUME_CHECK_CONSUMER) timestamp=3314 ms, used_size=3014656 bytes (7.4%)
(RDMA_READ_CONSUME_CHECK_CONSUMER) timestamp=3314 ms, used_size=3012608 bytes (7.4%)
(RDMA_READ_CONSUME_CHECK_CONSUMER) timestamp=3314 ms, used_size=3010560 bytes (7.3%)
(RDMA_READ_CONSUME_CHECK_CONSUMER) timestamp=3314 ms, used_size=3008512 bytes (7.3%)
(RDMA_READ_CONSUME_CHECK_CONSUMER) timestamp=3314 ms, used_size=3006464 bytes (7.3%)
(RDMA_READ_CONSUME_CHECK_CONSUMER) timestamp=3314 ms, used_size=3004416 bytes (7.3%)
(RDMA_READ_CONSUME_CHECK_CONSUMER) timestamp=3314 ms, used_size=3002368 bytes (7.3%)
(RDMA_READ_CONSUME_CHECK_CONSUMER) timestamp=3314 ms, used_size=3000320 bytes (7.3%)
(RDMA_READ_CONSUME_CHECK_CONSUMER) timestamp=3314 ms, used_size=2998272 bytes (7.3%)
(RDMA_READ_CONSUME_CHECK_CONSUMER) timestamp=3314 ms, used_size=2996224 bytes (7.3%)
(RDMA_READ_CONSUME_CHECK_CONSUMER) timestamp=3314 ms, used_size=2994176 bytes (7.3%)
(RDMA_READ_CONSUME_CHECK_CONSUMER) timestamp=3314 ms, used_size=2992128 bytes (7.3%)
(RDMA_READ_CONSUME_CHECK_CONSUMER) timestamp=3314 ms, used_size=2990080 bytes (7.3%)
(RDMA_READ_CONSUME_CHECK_CONSUMER) timestamp=3314 ms, used_size=2988032 bytes (7.3%)
(RDMA_READ_CONSUME_CHECK_CONSUMER) timestamp=3314 ms, used_size=2985984 bytes (7.3%)
(RDMA_READ_CONSUME_CHECK_CONSUMER) timestamp=3314 ms, used_size=2983936 bytes (7.3%)
(RDMA_READ_CONSUME_CHECK_CONSUMER) timestamp=3314 ms, used_size=2981888 bytes (7.3%)
(RDMA_READ_CONSUME_CHECK_CONSUMER) timestamp=3314 ms, used_size=2979840 bytes (7.3%)
(RDMA_READ_CONSUME_CHECK_CONSUMER) timestamp=3314 ms, used_size=2977792 bytes (7.3%)
(RDMA_READ_CONSUME_CHECK_CONSUMER) timestamp=3314 ms, used_size=2975744 bytes (7.3%)
(RDMA_READ_CONSUME_CHECK_CONSUMER) timestamp=3314 ms, used_size=2973696 bytes (7.3%)
(RDMA_READ_CONSUME_CHECK_CONSUMER) timestamp=3314 ms, used_size=2971648 bytes (7.3%)
(RDMA_READ_CONSUME_CHECK_CONSUMER) timestamp=3314 ms, used_size=2969600 bytes (7.2%)
(RDMA_READ_CONSUME_CHECK_CONSUMER) timestamp=3314 ms, used_size=2967552 bytes (7.2%)
(RDMA_READ_CONSUME_CHECK_CONSUMER) timestamp=3314 ms, used_size=2965504 bytes (7.2%)
(RDMA_READ_CONSUME_CHECK_CONSUMER) timestamp=3314 ms, used_size=2963456 bytes (7.2%)
(RDMA_READ_CONSUME_CHECK_CONSUMER) timestamp=3314 ms, used_size=2961408 bytes (7.2%)
(RDMA_READ_CONSUME_CHECK_CONSUMER) timestamp=3314 ms, used_size=2959360 bytes (7.2%)
(RDMA_READ_CONSUME_CHECK_CONSUMER) timestamp=3314 ms, used_size=2957312 bytes (7.2%)
(RDMA_READ_CONSUME_CHECK_CONSUMER) timestamp=3314 ms, used_size=2955264 bytes (7.2%)
(RDMA_READ_CONSUME_CHECK_CONSUMER) timestamp=3314 ms, used_size=2953216 bytes (7.2%)
(RDMA_READ_CONSUME_CHECK_CONSUMER) timestamp=3314 ms, used_size=2951168 bytes (7.2%)
(RDMA_READ_CONSUME_CHECK_CONSUMER) timestamp=3314 ms, used_size=2949120 bytes (7.2%)
(RDMA_READ_CONSUME_CHECK_CONSUMER) timestamp=3314 ms, used_size=2947072 bytes (7.2%)
(RDMA_READ_CONSUME_CHECK_CONSUMER) timestamp=3314 ms, used_size=2945024 bytes (7.2%)
(RDMA_READ_CONSUME_CHECK_CONSUMER) timestamp=3314 ms, used_size=2942976 bytes (7.2%)
(RDMA_READ_CONSUME_CHECK_CONSUMER) timestamp=3314 ms, used_size=2940928 bytes (7.2%)
(RDMA_READ_CONSUME_CHECK_CONSUMER) timestamp=3314 ms, used_size=2938880 bytes (7.2%)
(RDMA_READ_CONSUME_CHECK_CONSUMER) timestamp=3314 ms, used_size=2936832 bytes (7.2%)
(RDMA_READ_CONSUME_CHECK_CONSUMER) timestamp=3314 ms, used_size=2934784 bytes (7.2%)
(RDMA_READ_CONSUME_CHECK_CONSUMER) timestamp=3314 ms, used_size=2932736 bytes (7.2%)
(RDMA_READ_CONSUME_CHECK_CONSUMER) timestamp=3314 ms, used_size=2930688 bytes (7.2%)
(RDMA_READ_CONSUME_CHECK_CONSUMER) timestamp=3314 ms, used_size=2928640 bytes (7.2%)
(RDMA_READ_CONSUME_CHECK_CONSUMER) timestamp=3314 ms, used_size=2926592 bytes (7.1%)
(RDMA_READ_CONSUME_CHECK_CONSUMER) timestamp=3314 ms, used_size=2924544 bytes (7.1%)
(RDMA_READ_CONSUME_CHECK_CONSUMER) timestamp=3314 ms, used_size=2922496 bytes (7.1%)
(RDMA_READ_CONSUME_CHECK_CONSUMER) timestamp=3314 ms, used_size=2920448 bytes (7.1%)
(RDMA_READ_CONSUME_CHECK_CONSUMER) timestamp=3314 ms, used_size=2918400 bytes (7.1%)
(RDMA_READ_CONSUME_CHECK_CONSUMER) timestamp=3314 ms, used_size=2916352 bytes (7.1%)
(RDMA_READ_CONSUME_CHECK_CONSUMER) timestamp=3314 ms, used_size=2914304 bytes (7.1%)
(RDMA_READ_CONSUME_CHECK_CONSUMER) timestamp=3314 ms, used_size=2912256 bytes (7.1%)
(RDMA_READ_CONSUME_CHECK_CONSUMER) timestamp=3314 ms, used_size=2910208 bytes (7.1%)
(RDMA_READ_CONSUME_CHECK_CONSUMER) timestamp=3314 ms, used_size=2908160 bytes (7.1%)
(RDMA_READ_CONSUME_CHECK_CONSUMER) timestamp=3314 ms, used_size=2906112 bytes (7.1%)
(RDMA_READ_CONSUME_CHECK_CONSUMER) timestamp=3314 ms, used_size=2904064 bytes (7.1%)
(RDMA_READ_CONSUME_CHECK_CONSUMER) timestamp=3314 ms, used_size=2902016 bytes (7.1%)
(RDMA_READ_CONSUME_CHECK_CONSUMER) timestamp=3314 ms, used_size=2899968 bytes (7.1%)
(RDMA_READ_CONSUME_CHECK_CONSUMER) timestamp=3314 ms, used_size=2897920 bytes (7.1%)
(RDMA_READ_CONSUME_CHECK_CONSUMER) timestamp=3314 ms, used_size=2895872 bytes (7.1%)
(RDMA_READ_CONSUME_CHECK_CONSUMER) timestamp=3314 ms, used_size=2893824 bytes (7.1%)
(RDMA_READ_CONSUME_CHECK_CONSUMER) timestamp=3314 ms, used_size=2891776 bytes (7.1%)
(RDMA_READ_CONSUME_CHECK_CONSUMER) timestamp=3314 ms, used_size=2889728 bytes (7.1%)
(RDMA_READ_CONSUME_CHECK_CONSUMER) timestamp=3314 ms, used_size=2887680 bytes (7.0%)
(RDMA_READ_CONSUME_CHECK_CONSUMER) timestamp=3314 ms, used_size=2885632 bytes (7.0%)
(RDMA_READ_CONSUME_CHECK_CONSUMER) timestamp=3314 ms, used_size=2883584 bytes (7.0%)
(RDMA_READ_CONSUME_CHECK_CONSUMER) timestamp=3314 ms, used_size=2881536 bytes (7.0%)
(RDMA_READ_CONSUME_CHECK_CONSUMER) timestamp=3314 ms, used_size=2879488 bytes (7.0%)
(RDMA_READ_CONSUME_CHECK_CONSUMER) timestamp=3314 ms, used_size=2877440 bytes (7.0%)
(RDMA_READ_CONSUME_CHECK_CONSUMER) timestamp=3314 ms, used_size=2875392 bytes (7.0%)
(RDMA_READ_CONSUME_CHECK_CONSUMER) timestamp=3314 ms, used_size=2873344 bytes (7.0%)
(RDMA_READ_CONSUME_CHECK_CONSUMER) timestamp=3314 ms, used_size=2871296 bytes (7.0%)
(RDMA_READ_CONSUME_CHECK_CONSUMER) timestamp=3314 ms, used_size=2869248 bytes (7.0%)
(RDMA_READ_CONSUME_CHECK_CONSUMER) timestamp=3314 ms, used_size=2867200 bytes (7.0%)
(RDMA_READ_CONSUME_CHECK_CONSUMER) timestamp=3314 ms, used_size=2865152 bytes (7.0%)
(RDMA_READ_CONSUME_CHECK_CONSUMER) timestamp=3314 ms, used_size=2863104 bytes (7.0%)
(RDMA_READ_CONSUME_CHECK_CONSUMER) timestamp=3314 ms, used_size=2861056 bytes (7.0%)
(RDMA_READ_CONSUME_CHECK_CONSUMER) timestamp=3314 ms, used_size=2859008 bytes (7.0%)
(RDMA_READ_CONSUME_CHECK_CONSUMER) timestamp=3314 ms, used_size=2856960 bytes (7.0%)
(RDMA_READ_CONSUME_CHECK_CONSUMER) timestamp=3315 ms, used_size=2854912 bytes (7.0%)
(RDMA_READ_CONSUME_CHECK_CONSUMER) timestamp=3315 ms, used_size=2852864 bytes (7.0%)
(RDMA_READ_CONSUME_CHECK_CONSUMER) timestamp=3315 ms, used_size=2850816 bytes (7.0%)
(RDMA_READ_CONSUME_CHECK_CONSUMER) timestamp=3315 ms, used_size=2848768 bytes (7.0%)
(RDMA_READ_CONSUME_CHECK_CONSUMER) timestamp=3315 ms, used_size=2846720 bytes (7.0%)
(RDMA_READ_CONSUME_CHECK_CONSUMER) timestamp=3315 ms, used_size=2844672 bytes (6.9%)
(RDMA_READ_CONSUME_CHECK_CONSUMER) timestamp=3315 ms, used_size=2842624 bytes (6.9%)
(RDMA_READ_CONSUME_CHECK_CONSUMER) timestamp=3315 ms, used_size=2840576 bytes (6.9%)
(RDMA_READ_CONSUME_CHECK_CONSUMER) timestamp=3315 ms, used_size=2838528 bytes (6.9%)
(RDMA_READ_CONSUME_CHECK_CONSUMER) timestamp=3315 ms, used_size=2836480 bytes (6.9%)
(RDMA_READ_CONSUME_CHECK_CONSUMER) timestamp=3315 ms, used_size=2834432 bytes (6.9%)
(RDMA_READ_CONSUME_CHECK_CONSUMER) timestamp=3315 ms, used_size=2832384 bytes (6.9%)
(RDMA_READ_CONSUME_CHECK_CONSUMER) timestamp=3315 ms, used_size=2830336 bytes (6.9%)
(RDMA_READ_CONSUME_CHECK_CONSUMER) timestamp=3315 ms, used_size=2828288 bytes (6.9%)
(RDMA_READ_CONSUME_CHECK_CONSUMER) timestamp=3315 ms, used_size=2826240 bytes (6.9%)
(RDMA_READ_CONSUME_CHECK_CONSUMER) timestamp=3315 ms, used_size=2824192 bytes (6.9%)
(RDMA_READ_CONSUME_CHECK_CONSUMER) timestamp=3315 ms, used_size=2822144 bytes (6.9%)
(RDMA_READ_CONSUME_CHECK_CONSUMER) timestamp=3315 ms, used_size=2820096 bytes (6.9%)
(RDMA_READ_CONSUME_CHECK_CONSUMER) timestamp=3315 ms, used_size=2818048 bytes (6.9%)
(RDMA_READ_CONSUME_CHECK_CONSUMER) timestamp=3315 ms, used_size=2816000 bytes (6.9%)
(RDMA_READ_CONSUME_CHECK_CONSUMER) timestamp=3315 ms, used_size=2813952 bytes (6.9%)
(RDMA_READ_CONSUME_CHECK_CONSUMER) timestamp=3315 ms, used_size=2811904 bytes (6.9%)
(RDMA_READ_CONSUME_CHECK_CONSUMER) timestamp=3315 ms, used_size=2809856 bytes (6.9%)
(RDMA_READ_CONSUME_CHECK_CONSUMER) timestamp=3315 ms, used_size=2807808 bytes (6.9%)
(RDMA_READ_CONSUME_CHECK_CONSUMER) timestamp=3315 ms, used_size=2805760 bytes (6.8%)
(RDMA_READ_CONSUME_CHECK_CONSUMER) timestamp=3315 ms, used_size=2803712 bytes (6.8%)
(RDMA_READ_CONSUME_CHECK_CONSUMER) timestamp=3315 ms, used_size=2801664 bytes (6.8%)
(RDMA_READ_CONSUME_CHECK_CONSUMER) timestamp=3315 ms, used_size=2799616 bytes (6.8%)
(RDMA_READ_CONSUME_CHECK_CONSUMER) timestamp=3315 ms, used_size=2797568 bytes (6.8%)
(RDMA_READ_CONSUME_CHECK_CONSUMER) timestamp=3315 ms, used_size=2795520 bytes (6.8%)
(RDMA_READ_CONSUME_CHECK_CONSUMER) timestamp=3315 ms, used_size=2793472 bytes (6.8%)
(RDMA_READ_CONSUME_CHECK_CONSUMER) timestamp=3315 ms, used_size=2791424 bytes (6.8%)
(RDMA_READ_CONSUME_CHECK_CONSUMER) timestamp=3315 ms, used_size=2789376 bytes (6.8%)
(RDMA_READ_CONSUME_CHECK_CONSUMER) timestamp=3315 ms, used_size=2787328 bytes (6.8%)
(RDMA_READ_CONSUME_CHECK_CONSUMER) timestamp=3315 ms, used_size=2785280 bytes (6.8%)
(RDMA_READ_CONSUME_CHECK_CONSUMER) timestamp=3315 ms, used_size=2783232 bytes (6.8%)
(RDMA_READ_CONSUME_CHECK_CONSUMER) timestamp=3315 ms, used_size=2781184 bytes (6.8%)
(RDMA_READ_CONSUME_CHECK_CONSUMER) timestamp=3315 ms, used_size=2779136 bytes (6.8%)
(RDMA_READ_CONSUME_CHECK_CONSUMER) timestamp=3315 ms, used_size=2777088 bytes (6.8%)
(RDMA_READ_CONSUME_CHECK_CONSUMER) timestamp=3315 ms, used_size=2775040 bytes (6.8%)
(RDMA_READ_CONSUME_CHECK_CONSUMER) timestamp=3315 ms, used_size=2772992 bytes (6.8%)
(RDMA_READ_CONSUME_CHECK_CONSUMER) timestamp=3315 ms, used_size=2770944 bytes (6.8%)
(RDMA_READ_CONSUME_CHECK_CONSUMER) timestamp=3315 ms, used_size=2768896 bytes (6.8%)
(RDMA_READ_CONSUME_CHECK_CONSUMER) timestamp=3315 ms, used_size=2766848 bytes (6.8%)
(RDMA_READ_CONSUME_CHECK_CONSUMER) timestamp=3315 ms, used_size=2764800 bytes (6.8%)
(RDMA_READ_CONSUME_CHECK_CONSUMER) timestamp=3315 ms, used_size=2762752 bytes (6.7%)
(RDMA_READ_CONSUME_CHECK_CONSUMER) timestamp=3315 ms, used_size=2760704 bytes (6.7%)
(RDMA_READ_CONSUME_CHECK_CONSUMER) timestamp=3315 ms, used_size=2758656 bytes (6.7%)
(RDMA_READ_CONSUME_CHECK_CONSUMER) timestamp=3315 ms, used_size=2756608 bytes (6.7%)
(RDMA_READ_CONSUME_CHECK_CONSUMER) timestamp=3315 ms, used_size=2754560 bytes (6.7%)
(RDMA_READ_CONSUME_CHECK_CONSUMER) timestamp=3315 ms, used_size=2752512 bytes (6.7%)
(RDMA_READ_CONSUME_CHECK_CONSUMER) timestamp=3315 ms, used_size=2750464 bytes (6.7%)
(RDMA_READ_CONSUME_CHECK_CONSUMER) timestamp=3315 ms, used_size=2748416 bytes (6.7%)
(RDMA_READ_CONSUME_CHECK_CONSUMER) timestamp=3315 ms, used_size=2746368 bytes (6.7%)
(RDMA_READ_CONSUME_CHECK_CONSUMER) timestamp=3315 ms, used_size=2744320 bytes (6.7%)
(RDMA_READ_CONSUME_CHECK_CONSUMER) timestamp=3315 ms, used_size=2742272 bytes (6.7%)
(RDMA_READ_CONSUME_CHECK_CONSUMER) timestamp=3315 ms, used_size=2740224 bytes (6.7%)
(RDMA_READ_CONSUME_CHECK_CONSUMER) timestamp=3315 ms, used_size=2738176 bytes (6.7%)
(RDMA_READ_CONSUME_CHECK_CONSUMER) timestamp=3315 ms, used_size=2736128 bytes (6.7%)
(RDMA_READ_CONSUME_CHECK_CONSUMER) timestamp=3315 ms, used_size=2734080 bytes (6.7%)
(RDMA_READ_CONSUME_CHECK_CONSUMER) timestamp=3315 ms, used_size=2732032 bytes (6.7%)
(RDMA_READ_CONSUME_CHECK_CONSUMER) timestamp=3315 ms, used_size=2729984 bytes (6.7%)
(RDMA_READ_CONSUME_CHECK_CONSUMER) timestamp=3315 ms, used_size=2727936 bytes (6.7%)
(RDMA_READ_CONSUME_CHECK_CONSUMER) timestamp=3315 ms, used_size=2725888 bytes (6.7%)
(RDMA_READ_CONSUME_CHECK_CONSUMER) timestamp=3315 ms, used_size=2723840 bytes (6.7%)
(RDMA_READ_CONSUME_CHECK_CONSUMER) timestamp=3315 ms, used_size=2721792 bytes (6.6%)
(RDMA_READ_CONSUME_CHECK_CONSUMER) timestamp=3315 ms, used_size=2719744 bytes (6.6%)
(RDMA_READ_CONSUME_CHECK_CONSUMER) timestamp=3315 ms, used_size=2717696 bytes (6.6%)
(RDMA_READ_CONSUME_CHECK_CONSUMER) timestamp=3315 ms, used_size=2715648 bytes (6.6%)
(RDMA_READ_CONSUME_CHECK_CONSUMER) timestamp=3315 ms, used_size=2713600 bytes (6.6%)
(RDMA_READ_CONSUME_CHECK_CONSUMER) timestamp=3315 ms, used_size=2711552 bytes (6.6%)
(RDMA_READ_CONSUME_CHECK_CONSUMER) timestamp=3315 ms, used_size=2709504 bytes (6.6%)
(RDMA_READ_CONSUME_CHECK_CONSUMER) timestamp=3315 ms, used_size=2707456 bytes (6.6%)
(RDMA_READ_CONSUME_CHECK_CONSUMER) timestamp=3315 ms, used_size=2705408 bytes (6.6%)
(RDMA_READ_CONSUME_CHECK_CONSUMER) timestamp=3315 ms, used_size=2703360 bytes (6.6%)
(RDMA_READ_CONSUME_CHECK_CONSUMER) timestamp=3315 ms, used_size=2701312 bytes (6.6%)
(RDMA_READ_CONSUME_CHECK_CONSUMER) timestamp=3315 ms, used_size=2699264 bytes (6.6%)
(RDMA_READ_CONSUME_CHECK_CONSUMER) timestamp=3315 ms, used_size=2697216 bytes (6.6%)
(RDMA_READ_CONSUME_CHECK_CONSUMER) timestamp=3315 ms, used_size=2695168 bytes (6.6%)
(RDMA_READ_CONSUME_CHECK_CONSUMER) timestamp=3315 ms, used_size=2693120 bytes (6.6%)
(RDMA_READ_CONSUME_CHECK_CONSUMER) timestamp=3315 ms, used_size=2691072 bytes (6.6%)
(RDMA_READ_CONSUME_CHECK_CONSUMER) timestamp=3315 ms, used_size=2689024 bytes (6.6%)
(RDMA_READ_CONSUME_CHECK_CONSUMER) timestamp=3315 ms, used_size=2686976 bytes (6.6%)
(RDMA_READ_CONSUME_CHECK_CONSUMER) timestamp=3315 ms, used_size=2684928 bytes (6.6%)
(RDMA_READ_CONSUME_CHECK_CONSUMER) timestamp=3315 ms, used_size=2682880 bytes (6.5%)
(RDMA_READ_CONSUME_CHECK_CONSUMER) timestamp=3315 ms, used_size=2680832 bytes (6.5%)
(RDMA_READ_CONSUME_CHECK_CONSUMER) timestamp=3315 ms, used_size=2678784 bytes (6.5%)
(RDMA_READ_CONSUME_CHECK_CONSUMER) timestamp=3315 ms, used_size=2676736 bytes (6.5%)
(RDMA_READ_CONSUME_CHECK_CONSUMER) timestamp=3315 ms, used_size=2674688 bytes (6.5%)
(RDMA_READ_CONSUME_CHECK_CONSUMER) timestamp=3315 ms, used_size=2672640 bytes (6.5%)
(RDMA_READ_CONSUME_CHECK_CONSUMER) timestamp=3315 ms, used_size=2670592 bytes (6.5%)
(RDMA_READ_CONSUME_CHECK_CONSUMER) timestamp=3315 ms, used_size=2668544 bytes (6.5%)
(RDMA_READ_CONSUME_CHECK_CONSUMER) timestamp=3315 ms, used_size=2666496 bytes (6.5%)
(RDMA_READ_CONSUME_CHECK_CONSUMER) timestamp=3315 ms, used_size=2664448 bytes (6.5%)
(RDMA_READ_CONSUME_CHECK_CONSUMER) timestamp=3315 ms, used_size=2662400 bytes (6.5%)
(RDMA_READ_CONSUME_CHECK_CONSUMER) timestamp=3315 ms, used_size=2660352 bytes (6.5%)
(RDMA_READ_CONSUME_CHECK_CONSUMER) timestamp=3315 ms, used_size=2658304 bytes (6.5%)
(RDMA_READ_CONSUME_CHECK_CONSUMER) timestamp=3315 ms, used_size=2656256 bytes (6.5%)
(RDMA_READ_CONSUME_CHECK_CONSUMER) timestamp=3315 ms, used_size=2654208 bytes (6.5%)
(RDMA_READ_CONSUME_CHECK_CONSUMER) timestamp=3315 ms, used_size=2652160 bytes (6.5%)
(RDMA_READ_CONSUME_CHECK_CONSUMER) timestamp=3315 ms, used_size=2650112 bytes (6.5%)
(RDMA_READ_CONSUME_CHECK_CONSUMER) timestamp=3315 ms, used_size=2648064 bytes (6.5%)
(RDMA_READ_CONSUME_CHECK_CONSUMER) timestamp=3315 ms, used_size=2646016 bytes (6.5%)
(RDMA_READ_CONSUME_CHECK_CONSUMER) timestamp=3315 ms, used_size=2643968 bytes (6.5%)
(RDMA_READ_CONSUME_CHECK_CONSUMER) timestamp=3315 ms, used_size=2641920 bytes (6.5%)
(RDMA_READ_CONSUME_CHECK_CONSUMER) timestamp=3315 ms, used_size=2639872 bytes (6.4%)
(RDMA_READ_CONSUME_CHECK_CONSUMER) timestamp=3315 ms, used_size=2637824 bytes (6.4%)
(RDMA_READ_CONSUME_CHECK_CONSUMER) timestamp=3315 ms, used_size=2635776 bytes (6.4%)
(RDMA_READ_CONSUME_CHECK_CONSUMER) timestamp=3315 ms, used_size=2633728 bytes (6.4%)
(RDMA_READ_CONSUME_CHECK_CONSUMER) timestamp=3315 ms, used_size=2631680 bytes (6.4%)
(RDMA_READ_CONSUME_CHECK_CONSUMER) timestamp=3315 ms, used_size=2629632 bytes (6.4%)
(RDMA_READ_CONSUME_CHECK_CONSUMER) timestamp=3315 ms, used_size=2627584 bytes (6.4%)
(RDMA_READ_CONSUME_CHECK_CONSUMER) timestamp=3315 ms, used_size=2625536 bytes (6.4%)
(RDMA_READ_CONSUME_CHECK_CONSUMER) timestamp=3315 ms, used_size=2623488 bytes (6.4%)
(RDMA_READ_CONSUME_CHECK_CONSUMER) timestamp=3315 ms, used_size=2621440 bytes (6.4%)
(RDMA_READ_CONSUME_CHECK_CONSUMER) timestamp=3315 ms, used_size=2619392 bytes (6.4%)
(RDMA_READ_CONSUME_CHECK_CONSUMER) timestamp=3315 ms, used_size=2617344 bytes (6.4%)
(RDMA_READ_CONSUME_CHECK_CONSUMER) timestamp=3315 ms, used_size=2615296 bytes (6.4%)
(RDMA_READ_CONSUME_CHECK_CONSUMER) timestamp=3315 ms, used_size=2613248 bytes (6.4%)
(RDMA_READ_CONSUME_CHECK_CONSUMER) timestamp=3315 ms, used_size=2611200 bytes (6.4%)
(RDMA_READ_CONSUME_CHECK_CONSUMER) timestamp=3315 ms, used_size=2609152 bytes (6.4%)
(RDMA_READ_CONSUME_CHECK_CONSUMER) timestamp=3315 ms, used_size=2607104 bytes (6.4%)
(RDMA_READ_CONSUME_CHECK_CONSUMER) timestamp=3315 ms, used_size=2605056 bytes (6.4%)
(RDMA_READ_CONSUME_CHECK_CONSUMER) timestamp=3315 ms, used_size=2603008 bytes (6.4%)
(RDMA_READ_CONSUME_CHECK_CONSUMER) timestamp=3315 ms, used_size=2600960 bytes (6.3%)
(RDMA_READ_CONSUME_CHECK_CONSUMER) timestamp=3315 ms, used_size=2598912 bytes (6.3%)
(RDMA_READ_CONSUME_CHECK_CONSUMER) timestamp=3315 ms, used_size=2596864 bytes (6.3%)
(RDMA_READ_CONSUME_CHECK_CONSUMER) timestamp=3315 ms, used_size=2594816 bytes (6.3%)
(RDMA_READ_CONSUME_CHECK_CONSUMER) timestamp=3315 ms, used_size=2592768 bytes (6.3%)
(RDMA_READ_CONSUME_CHECK_CONSUMER) timestamp=3315 ms, used_size=2590720 bytes (6.3%)
(RDMA_READ_CONSUME_CHECK_CONSUMER) timestamp=3315 ms, used_size=2588672 bytes (6.3%)
(RDMA_READ_CONSUME_CHECK_CONSUMER) timestamp=3315 ms, used_size=2586624 bytes (6.3%)
(RDMA_READ_CONSUME_CHECK_CONSUMER) timestamp=3315 ms, used_size=2584576 bytes (6.3%)
(RDMA_READ_CONSUME_CHECK_CONSUMER) timestamp=3315 ms, used_size=2582528 bytes (6.3%)
(RDMA_READ_CONSUME_CHECK_CONSUMER) timestamp=3315 ms, used_size=2580480 bytes (6.3%)
(RDMA_READ_CONSUME_CHECK_CONSUMER) timestamp=3315 ms, used_size=2578432 bytes (6.3%)
(RDMA_READ_CONSUME_CHECK_CONSUMER) timestamp=3315 ms, used_size=2576384 bytes (6.3%)
(RDMA_READ_CONSUME_CHECK_CONSUMER) timestamp=3315 ms, used_size=2574336 bytes (6.3%)
(RDMA_READ_CONSUME_CHECK_CONSUMER) timestamp=3315 ms, used_size=2572288 bytes (6.3%)
(RDMA_READ_CONSUME_CHECK_CONSUMER) timestamp=3315 ms, used_size=2570240 bytes (6.3%)
(RDMA_READ_CONSUME_CHECK_CONSUMER) timestamp=3315 ms, used_size=2568192 bytes (6.3%)
(RDMA_READ_CONSUME_CHECK_CONSUMER) timestamp=3315 ms, used_size=2566144 bytes (6.3%)
(RDMA_READ_CONSUME_CHECK_CONSUMER) timestamp=3315 ms, used_size=2564096 bytes (6.3%)
(RDMA_READ_CONSUME_CHECK_CONSUMER) timestamp=3315 ms, used_size=2562048 bytes (6.3%)
(RDMA_READ_CONSUME_CHECK_CONSUMER) timestamp=3315 ms, used_size=2560000 bytes (6.2%)
(RDMA_READ_CONSUME_CHECK_CONSUMER) timestamp=3315 ms, used_size=2557952 bytes (6.2%)
(RDMA_READ_CONSUME_CHECK_CONSUMER) timestamp=3315 ms, used_size=2555904 bytes (6.2%)
(RDMA_READ_CONSUME_CHECK_CONSUMER) timestamp=3315 ms, used_size=2553856 bytes (6.2%)
(RDMA_READ_CONSUME_CHECK_CONSUMER) timestamp=3315 ms, used_size=2551808 bytes (6.2%)
(RDMA_READ_CONSUME_CHECK_CONSUMER) timestamp=3315 ms, used_size=2549760 bytes (6.2%)
(RDMA_READ_CONSUME_CHECK_CONSUMER) timestamp=3315 ms, used_size=2547712 bytes (6.2%)
(RDMA_READ_CONSUME_CHECK_CONSUMER) timestamp=3315 ms, used_size=2545664 bytes (6.2%)
(RDMA_READ_CONSUME_CHECK_CONSUMER) timestamp=3315 ms, used_size=2543616 bytes (6.2%)
(RDMA_READ_CONSUME_CHECK_CONSUMER) timestamp=3315 ms, used_size=2541568 bytes (6.2%)
(RDMA_READ_CONSUME_CHECK_CONSUMER) timestamp=3315 ms, used_size=2539520 bytes (6.2%)
(RDMA_READ_CONSUME_CHECK_CONSUMER) timestamp=3315 ms, used_size=2537472 bytes (6.2%)
(RDMA_READ_CONSUME_CHECK_CONSUMER) timestamp=3315 ms, used_size=2535424 bytes (6.2%)
(RDMA_READ_CONSUME_CHECK_CONSUMER) timestamp=3315 ms, used_size=2533376 bytes (6.2%)
(RDMA_READ_CONSUME_CHECK_CONSUMER) timestamp=3315 ms, used_size=2531328 bytes (6.2%)
(RDMA_READ_CONSUME_CHECK_CONSUMER) timestamp=3315 ms, used_size=2529280 bytes (6.2%)
(RDMA_READ_CONSUME_CHECK_CONSUMER) timestamp=3315 ms, used_size=2527232 bytes (6.2%)
(RDMA_READ_CONSUME_CHECK_CONSUMER) timestamp=3315 ms, used_size=2525184 bytes (6.2%)
(RDMA_READ_CONSUME_CHECK_CONSUMER) timestamp=3315 ms, used_size=2523136 bytes (6.2%)
(RDMA_READ_CONSUME_CHECK_CONSUMER) timestamp=3315 ms, used_size=2521088 bytes (6.2%)
(RDMA_READ_CONSUME_CHECK_CONSUMER) timestamp=3315 ms, used_size=2519040 bytes (6.2%)
(RDMA_READ_CONSUME_CHECK_CONSUMER) timestamp=3315 ms, used_size=2516992 bytes (6.1%)
(RDMA_READ_CONSUME_CHECK_CONSUMER) timestamp=3315 ms, used_size=2514944 bytes (6.1%)
(RDMA_READ_CONSUME_CHECK_CONSUMER) timestamp=3315 ms, used_size=2512896 bytes (6.1%)
(RDMA_READ_CONSUME_CHECK_CONSUMER) timestamp=3315 ms, used_size=2510848 bytes (6.1%)
(RDMA_READ_CONSUME_CHECK_CONSUMER) timestamp=3315 ms, used_size=2508800 bytes (6.1%)
(RDMA_READ_CONSUME_CHECK_CONSUMER) timestamp=3315 ms, used_size=2506752 bytes (6.1%)
(RDMA_READ_CONSUME_CHECK_CONSUMER) timestamp=3315 ms, used_size=2504704 bytes (6.1%)
(RDMA_READ_CONSUME_CHECK_CONSUMER) timestamp=3315 ms, used_size=2502656 bytes (6.1%)
(RDMA_READ_CONSUME_CHECK_CONSUMER) timestamp=3315 ms, used_size=2500608 bytes (6.1%)
(RDMA_READ_CONSUME_CHECK_CONSUMER) timestamp=3315 ms, used_size=2498560 bytes (6.1%)
(RDMA_READ_CONSUME_CHECK_CONSUMER) timestamp=3315 ms, used_size=2496512 bytes (6.1%)
(RDMA_READ_CONSUME_CHECK_CONSUMER) timestamp=3315 ms, used_size=2494464 bytes (6.1%)
(RDMA_READ_CONSUME_CHECK_CONSUMER) timestamp=3315 ms, used_size=2492416 bytes (6.1%)
(RDMA_READ_CONSUME_CHECK_CONSUMER) timestamp=3315 ms, used_size=2490368 bytes (6.1%)
(RDMA_READ_CONSUME_CHECK_CONSUMER) timestamp=3316 ms, used_size=2488320 bytes (6.1%)
(RDMA_READ_CONSUME_CHECK_CONSUMER) timestamp=3316 ms, used_size=2486272 bytes (6.1%)
(RDMA_READ_CONSUME_CHECK_CONSUMER) timestamp=3316 ms, used_size=2484224 bytes (6.1%)
(RDMA_READ_CONSUME_CHECK_CONSUMER) timestamp=3316 ms, used_size=2482176 bytes (6.1%)
(RDMA_READ_CONSUME_CHECK_CONSUMER) timestamp=3316 ms, used_size=2480128 bytes (6.1%)
(RDMA_READ_CONSUME_CHECK_CONSUMER) timestamp=3316 ms, used_size=2478080 bytes (6.0%)
(RDMA_READ_CONSUME_CHECK_CONSUMER) timestamp=3316 ms, used_size=2476032 bytes (6.0%)
(RDMA_READ_CONSUME_CHECK_CONSUMER) timestamp=3316 ms, used_size=2473984 bytes (6.0%)
(RDMA_READ_CONSUME_CHECK_CONSUMER) timestamp=3316 ms, used_size=2471936 bytes (6.0%)
(RDMA_READ_CONSUME_CHECK_CONSUMER) timestamp=3316 ms, used_size=2469888 bytes (6.0%)
(RDMA_READ_CONSUME_CHECK_CONSUMER) timestamp=3316 ms, used_size=2467840 bytes (6.0%)
(RDMA_READ_CONSUME_CHECK_CONSUMER) timestamp=3316 ms, used_size=2465792 bytes (6.0%)
(RDMA_READ_CONSUME_CHECK_CONSUMER) timestamp=3316 ms, used_size=2463744 bytes (6.0%)
(RDMA_READ_CONSUME_CHECK_CONSUMER) timestamp=3316 ms, used_size=2461696 bytes (6.0%)
(RDMA_READ_CONSUME_CHECK_CONSUMER) timestamp=3316 ms, used_size=2459648 bytes (6.0%)
(RDMA_READ_CONSUME_CHECK_CONSUMER) timestamp=3316 ms, used_size=2457600 bytes (6.0%)
(RDMA_READ_CONSUME_CHECK_CONSUMER) timestamp=3316 ms, used_size=2455552 bytes (6.0%)
(RDMA_READ_CONSUME_CHECK_CONSUMER) timestamp=3316 ms, used_size=2453504 bytes (6.0%)
(RDMA_READ_CONSUME_CHECK_CONSUMER) timestamp=3316 ms, used_size=2451456 bytes (6.0%)
(RDMA_READ_CONSUME_CHECK_CONSUMER) timestamp=3316 ms, used_size=2449408 bytes (6.0%)
(RDMA_READ_CONSUME_CHECK_CONSUMER) timestamp=3316 ms, used_size=2447360 bytes (6.0%)
(RDMA_READ_CONSUME_CHECK_CONSUMER) timestamp=3316 ms, used_size=2445312 bytes (6.0%)
(RDMA_READ_CONSUME_CHECK_CONSUMER) timestamp=3316 ms, used_size=2443264 bytes (6.0%)
(RDMA_READ_CONSUME_CHECK_CONSUMER) timestamp=3316 ms, used_size=2441216 bytes (6.0%)
(RDMA_READ_CONSUME_CHECK_CONSUMER) timestamp=3316 ms, used_size=2439168 bytes (6.0%)
(RDMA_READ_CONSUME_CHECK_CONSUMER) timestamp=3316 ms, used_size=2437120 bytes (6.0%)
(RDMA_READ_CONSUME_CHECK_CONSUMER) timestamp=3316 ms, used_size=2435072 bytes (5.9%)
(RDMA_READ_CONSUME_CHECK_CONSUMER) timestamp=3316 ms, used_size=2433024 bytes (5.9%)
(RDMA_READ_CONSUME_CHECK_CONSUMER) timestamp=3316 ms, used_size=2430976 bytes (5.9%)
(RDMA_READ_CONSUME_CHECK_CONSUMER) timestamp=3316 ms, used_size=2428928 bytes (5.9%)
(RDMA_READ_CONSUME_CHECK_CONSUMER) timestamp=3316 ms, used_size=2426880 bytes (5.9%)
(RDMA_READ_CONSUME_CHECK_CONSUMER) timestamp=3316 ms, used_size=2424832 bytes (5.9%)
(RDMA_READ_CONSUME_CHECK_CONSUMER) timestamp=3316 ms, used_size=2422784 bytes (5.9%)
(RDMA_READ_CONSUME_CHECK_CONSUMER) timestamp=3316 ms, used_size=2420736 bytes (5.9%)
(RDMA_READ_CONSUME_CHECK_CONSUMER) timestamp=3316 ms, used_size=2418688 bytes (5.9%)
(RDMA_READ_CONSUME_CHECK_CONSUMER) timestamp=3316 ms, used_size=2416640 bytes (5.9%)
(RDMA_READ_CONSUME_CHECK_CONSUMER) timestamp=3316 ms, used_size=2414592 bytes (5.9%)
(RDMA_READ_CONSUME_CHECK_CONSUMER) timestamp=3316 ms, used_size=2412544 bytes (5.9%)
(RDMA_READ_CONSUME_CHECK_CONSUMER) timestamp=3316 ms, used_size=2410496 bytes (5.9%)
(RDMA_READ_CONSUME_CHECK_CONSUMER) timestamp=3316 ms, used_size=2408448 bytes (5.9%)
(RDMA_READ_CONSUME_CHECK_CONSUMER) timestamp=3316 ms, used_size=2406400 bytes (5.9%)
(RDMA_READ_CONSUME_CHECK_CONSUMER) timestamp=3316 ms, used_size=2404352 bytes (5.9%)
(RDMA_READ_CONSUME_CHECK_CONSUMER) timestamp=3316 ms, used_size=2402304 bytes (5.9%)
(RDMA_READ_CONSUME_CHECK_CONSUMER) timestamp=3316 ms, used_size=2400256 bytes (5.9%)
(RDMA_READ_CONSUME_CHECK_CONSUMER) timestamp=3316 ms, used_size=2398208 bytes (5.9%)
(RDMA_READ_CONSUME_CHECK_CONSUMER) timestamp=3316 ms, used_size=2396160 bytes (5.8%)
(RDMA_READ_CONSUME_CHECK_CONSUMER) timestamp=3316 ms, used_size=2394112 bytes (5.8%)
(RDMA_READ_CONSUME_CHECK_CONSUMER) timestamp=3316 ms, used_size=2392064 bytes (5.8%)
(RDMA_READ_CONSUME_CHECK_CONSUMER) timestamp=3316 ms, used_size=2390016 bytes (5.8%)
(RDMA_READ_CONSUME_CHECK_CONSUMER) timestamp=3316 ms, used_size=2387968 bytes (5.8%)
(RDMA_READ_CONSUME_CHECK_CONSUMER) timestamp=3316 ms, used_size=2385920 bytes (5.8%)
(RDMA_READ_CONSUME_CHECK_CONSUMER) timestamp=3316 ms, used_size=2383872 bytes (5.8%)
(RDMA_READ_CONSUME_CHECK_CONSUMER) timestamp=3316 ms, used_size=2381824 bytes (5.8%)
(RDMA_READ_CONSUME_CHECK_CONSUMER) timestamp=3316 ms, used_size=2379776 bytes (5.8%)
(RDMA_READ_CONSUME_CHECK_CONSUMER) timestamp=3316 ms, used_size=2377728 bytes (5.8%)
(RDMA_READ_CONSUME_CHECK_CONSUMER) timestamp=3316 ms, used_size=2375680 bytes (5.8%)
(RDMA_READ_CONSUME_CHECK_CONSUMER) timestamp=3316 ms, used_size=2373632 bytes (5.8%)
(RDMA_READ_CONSUME_CHECK_CONSUMER) timestamp=3316 ms, used_size=2371584 bytes (5.8%)
(RDMA_READ_CONSUME_CHECK_CONSUMER) timestamp=3316 ms, used_size=2369536 bytes (5.8%)
(RDMA_READ_CONSUME_CHECK_CONSUMER) timestamp=3316 ms, used_size=2367488 bytes (5.8%)
(RDMA_READ_CONSUME_CHECK_CONSUMER) timestamp=3316 ms, used_size=2365440 bytes (5.8%)
(RDMA_READ_CONSUME_CHECK_CONSUMER) timestamp=3316 ms, used_size=2363392 bytes (5.8%)
(RDMA_READ_CONSUME_CHECK_CONSUMER) timestamp=3316 ms, used_size=2361344 bytes (5.8%)
(RDMA_READ_CONSUME_CHECK_CONSUMER) timestamp=3316 ms, used_size=2359296 bytes (5.8%)
(RDMA_READ_CONSUME_CHECK_CONSUMER) timestamp=3316 ms, used_size=2357248 bytes (5.8%)
(RDMA_READ_CONSUME_CHECK_CONSUMER) timestamp=3316 ms, used_size=2355200 bytes (5.8%)
(RDMA_READ_CONSUME_CHECK_CONSUMER) timestamp=3316 ms, used_size=2353152 bytes (5.7%)
(RDMA_READ_CONSUME_CHECK_CONSUMER) timestamp=3316 ms, used_size=2351104 bytes (5.7%)
(RDMA_READ_CONSUME_CHECK_CONSUMER) timestamp=3316 ms, used_size=2349056 bytes (5.7%)
(RDMA_READ_CONSUME_CHECK_CONSUMER) timestamp=3316 ms, used_size=2347008 bytes (5.7%)
(RDMA_READ_CONSUME_CHECK_CONSUMER) timestamp=3316 ms, used_size=2344960 bytes (5.7%)
(RDMA_READ_CONSUME_CHECK_CONSUMER) timestamp=3316 ms, used_size=2342912 bytes (5.7%)
(RDMA_READ_CONSUME_CHECK_CONSUMER) timestamp=3316 ms, used_size=2340864 bytes (5.7%)
(RDMA_READ_CONSUME_CHECK_CONSUMER) timestamp=3316 ms, used_size=2338816 bytes (5.7%)
(RDMA_READ_CONSUME_CHECK_CONSUMER) timestamp=3316 ms, used_size=2336768 bytes (5.7%)
(RDMA_READ_CONSUME_CHECK_CONSUMER) timestamp=3316 ms, used_size=2334720 bytes (5.7%)
(RDMA_READ_CONSUME_CHECK_CONSUMER) timestamp=3316 ms, used_size=2332672 bytes (5.7%)
(RDMA_READ_CONSUME_CHECK_CONSUMER) timestamp=3316 ms, used_size=2330624 bytes (5.7%)
(RDMA_READ_CONSUME_CHECK_CONSUMER) timestamp=3316 ms, used_size=2328576 bytes (5.7%)
(RDMA_READ_CONSUME_CHECK_CONSUMER) timestamp=3316 ms, used_size=2326528 bytes (5.7%)
(RDMA_READ_CONSUME_CHECK_CONSUMER) timestamp=3316 ms, used_size=2324480 bytes (5.7%)
(RDMA_READ_CONSUME_CHECK_CONSUMER) timestamp=3316 ms, used_size=2322432 bytes (5.7%)
(RDMA_READ_CONSUME_CHECK_CONSUMER) timestamp=3316 ms, used_size=2320384 bytes (5.7%)
(RDMA_READ_CONSUME_CHECK_CONSUMER) timestamp=3316 ms, used_size=2318336 bytes (5.7%)
(RDMA_READ_CONSUME_CHECK_CONSUMER) timestamp=3316 ms, used_size=2316288 bytes (5.7%)
(RDMA_READ_CONSUME_CHECK_CONSUMER) timestamp=3316 ms, used_size=2314240 bytes (5.7%)
(RDMA_READ_CONSUME_CHECK_CONSUMER) timestamp=3316 ms, used_size=2312192 bytes (5.6%)
(RDMA_READ_CONSUME_CHECK_CONSUMER) timestamp=3316 ms, used_size=2310144 bytes (5.6%)
(RDMA_READ_CONSUME_CHECK_CONSUMER) timestamp=3316 ms, used_size=2308096 bytes (5.6%)
(RDMA_READ_CONSUME_CHECK_CONSUMER) timestamp=3316 ms, used_size=2306048 bytes (5.6%)
(RDMA_READ_CONSUME_CHECK_CONSUMER) timestamp=3316 ms, used_size=2304000 bytes (5.6%)
(RDMA_READ_CONSUME_CHECK_CONSUMER) timestamp=3316 ms, used_size=2301952 bytes (5.6%)
(RDMA_READ_CONSUME_CHECK_CONSUMER) timestamp=3316 ms, used_size=2299904 bytes (5.6%)
(RDMA_READ_CONSUME_CHECK_CONSUMER) timestamp=3316 ms, used_size=2297856 bytes (5.6%)
(RDMA_READ_CONSUME_CHECK_CONSUMER) timestamp=3316 ms, used_size=2295808 bytes (5.6%)
(RDMA_READ_CONSUME_CHECK_CONSUMER) timestamp=3316 ms, used_size=2293760 bytes (5.6%)
(RDMA_READ_CONSUME_CHECK_CONSUMER) timestamp=3316 ms, used_size=2291712 bytes (5.6%)
(RDMA_READ_CONSUME_CHECK_CONSUMER) timestamp=3316 ms, used_size=2289664 bytes (5.6%)
(RDMA_READ_CONSUME_CHECK_CONSUMER) timestamp=3316 ms, used_size=2287616 bytes (5.6%)
(RDMA_READ_CONSUME_CHECK_CONSUMER) timestamp=3316 ms, used_size=2285568 bytes (5.6%)
(RDMA_READ_CONSUME_CHECK_CONSUMER) timestamp=3316 ms, used_size=2283520 bytes (5.6%)
(RDMA_READ_CONSUME_CHECK_CONSUMER) timestamp=3316 ms, used_size=2281472 bytes (5.6%)
(RDMA_READ_CONSUME_CHECK_CONSUMER) timestamp=3316 ms, used_size=2279424 bytes (5.6%)
(RDMA_READ_CONSUME_CHECK_CONSUMER) timestamp=3316 ms, used_size=2277376 bytes (5.6%)
(RDMA_READ_CONSUME_CHECK_CONSUMER) timestamp=3316 ms, used_size=2275328 bytes (5.6%)
(RDMA_READ_CONSUME_CHECK_CONSUMER) timestamp=3316 ms, used_size=2273280 bytes (5.5%)
(RDMA_READ_CONSUME_CHECK_CONSUMER) timestamp=3316 ms, used_size=2271232 bytes (5.5%)
(RDMA_READ_CONSUME_CHECK_CONSUMER) timestamp=3316 ms, used_size=2269184 bytes (5.5%)
(RDMA_READ_CONSUME_CHECK_CONSUMER) timestamp=3316 ms, used_size=2267136 bytes (5.5%)
(RDMA_READ_CONSUME_CHECK_CONSUMER) timestamp=3316 ms, used_size=2265088 bytes (5.5%)
(RDMA_READ_CONSUME_CHECK_CONSUMER) timestamp=3316 ms, used_size=2263040 bytes (5.5%)
(RDMA_READ_CONSUME_CHECK_CONSUMER) timestamp=3316 ms, used_size=2260992 bytes (5.5%)
(RDMA_READ_CONSUME_CHECK_CONSUMER) timestamp=3316 ms, used_size=2258944 bytes (5.5%)
(RDMA_READ_CONSUME_CHECK_CONSUMER) timestamp=3316 ms, used_size=2256896 bytes (5.5%)
(RDMA_READ_CONSUME_CHECK_CONSUMER) timestamp=3316 ms, used_size=2254848 bytes (5.5%)
(RDMA_READ_CONSUME_CHECK_CONSUMER) timestamp=3316 ms, used_size=2252800 bytes (5.5%)
(RDMA_READ_CONSUME_CHECK_CONSUMER) timestamp=3316 ms, used_size=2250752 bytes (5.5%)
(RDMA_READ_CONSUME_CHECK_CONSUMER) timestamp=3316 ms, used_size=2248704 bytes (5.5%)
(RDMA_READ_CONSUME_CHECK_CONSUMER) timestamp=3316 ms, used_size=2246656 bytes (5.5%)
(RDMA_READ_CONSUME_CHECK_CONSUMER) timestamp=3316 ms, used_size=2244608 bytes (5.5%)
(RDMA_READ_CONSUME_CHECK_CONSUMER) timestamp=3316 ms, used_size=2242560 bytes (5.5%)
(RDMA_READ_CONSUME_CHECK_CONSUMER) timestamp=3316 ms, used_size=2240512 bytes (5.5%)
(RDMA_READ_CONSUME_CHECK_CONSUMER) timestamp=3316 ms, used_size=2238464 bytes (5.5%)
(RDMA_READ_CONSUME_CHECK_CONSUMER) timestamp=3316 ms, used_size=2236416 bytes (5.5%)
(RDMA_READ_CONSUME_CHECK_CONSUMER) timestamp=3316 ms, used_size=2234368 bytes (5.5%)
(RDMA_READ_CONSUME_CHECK_CONSUMER) timestamp=3316 ms, used_size=2232320 bytes (5.5%)
(RDMA_READ_CONSUME_CHECK_CONSUMER) timestamp=3316 ms, used_size=2230272 bytes (5.4%)
(RDMA_READ_CONSUME_CHECK_CONSUMER) timestamp=3316 ms, used_size=2228224 bytes (5.4%)
(RDMA_READ_CONSUME_CHECK_CONSUMER) timestamp=3316 ms, used_size=2226176 bytes (5.4%)
(RDMA_READ_CONSUME_CHECK_CONSUMER) timestamp=3316 ms, used_size=2224128 bytes (5.4%)
(RDMA_READ_CONSUME_CHECK_CONSUMER) timestamp=3316 ms, used_size=2222080 bytes (5.4%)
(RDMA_READ_CONSUME_CHECK_CONSUMER) timestamp=3316 ms, used_size=2220032 bytes (5.4%)
(RDMA_READ_CONSUME_CHECK_CONSUMER) timestamp=3316 ms, used_size=2217984 bytes (5.4%)
(RDMA_READ_CONSUME_CHECK_CONSUMER) timestamp=3316 ms, used_size=2215936 bytes (5.4%)
(RDMA_READ_CONSUME_CHECK_CONSUMER) timestamp=3316 ms, used_size=2213888 bytes (5.4%)
(RDMA_READ_CONSUME_CHECK_CONSUMER) timestamp=3316 ms, used_size=2211840 bytes (5.4%)
(RDMA_READ_CONSUME_CHECK_CONSUMER) timestamp=3316 ms, used_size=2209792 bytes (5.4%)
(RDMA_READ_CONSUME_CHECK_CONSUMER) timestamp=3316 ms, used_size=2207744 bytes (5.4%)
(RDMA_READ_CONSUME_CHECK_CONSUMER) timestamp=3316 ms, used_size=2205696 bytes (5.4%)
(RDMA_READ_CONSUME_CHECK_CONSUMER) timestamp=3316 ms, used_size=2203648 bytes (5.4%)
(RDMA_READ_CONSUME_CHECK_CONSUMER) timestamp=3316 ms, used_size=2201600 bytes (5.4%)
(RDMA_READ_CONSUME_CHECK_CONSUMER) timestamp=3316 ms, used_size=2199552 bytes (5.4%)
(RDMA_READ_CONSUME_CHECK_CONSUMER) timestamp=3316 ms, used_size=2197504 bytes (5.4%)
(RDMA_READ_CONSUME_CHECK_CONSUMER) timestamp=3316 ms, used_size=2195456 bytes (5.4%)
(RDMA_READ_CONSUME_CHECK_CONSUMER) timestamp=3316 ms, used_size=2193408 bytes (5.4%)
(RDMA_READ_CONSUME_CHECK_CONSUMER) timestamp=3316 ms, used_size=2191360 bytes (5.3%)
(RDMA_READ_CONSUME_CHECK_CONSUMER) timestamp=3316 ms, used_size=2189312 bytes (5.3%)
(RDMA_READ_CONSUME_CHECK_CONSUMER) timestamp=3316 ms, used_size=2187264 bytes (5.3%)
(RDMA_READ_CONSUME_CHECK_CONSUMER) timestamp=3316 ms, used_size=2185216 bytes (5.3%)
(RDMA_READ_CONSUME_CHECK_CONSUMER) timestamp=3316 ms, used_size=2183168 bytes (5.3%)
(RDMA_READ_CONSUME_CHECK_CONSUMER) timestamp=3316 ms, used_size=2181120 bytes (5.3%)
(RDMA_READ_CONSUME_CHECK_CONSUMER) timestamp=3316 ms, used_size=2179072 bytes (5.3%)
(RDMA_READ_CONSUME_CHECK_CONSUMER) timestamp=3316 ms, used_size=2177024 bytes (5.3%)
(RDMA_READ_CONSUME_CHECK_CONSUMER) timestamp=3316 ms, used_size=2174976 bytes (5.3%)
(RDMA_READ_CONSUME_CHECK_CONSUMER) timestamp=3316 ms, used_size=2172928 bytes (5.3%)
(RDMA_READ_CONSUME_CHECK_CONSUMER) timestamp=3316 ms, used_size=2170880 bytes (5.3%)
(RDMA_READ_CONSUME_CHECK_CONSUMER) timestamp=3316 ms, used_size=2168832 bytes (5.3%)
(RDMA_READ_CONSUME_CHECK_CONSUMER) timestamp=3316 ms, used_size=2166784 bytes (5.3%)
(RDMA_READ_CONSUME_CHECK_CONSUMER) timestamp=3316 ms, used_size=2164736 bytes (5.3%)
(RDMA_READ_CONSUME_CHECK_CONSUMER) timestamp=3316 ms, used_size=2162688 bytes (5.3%)
(RDMA_READ_CONSUME_CHECK_CONSUMER) timestamp=3316 ms, used_size=2160640 bytes (5.3%)
(RDMA_READ_CONSUME_CHECK_CONSUMER) timestamp=3316 ms, used_size=2158592 bytes (5.3%)
(RDMA_READ_CONSUME_CHECK_CONSUMER) timestamp=3316 ms, used_size=2156544 bytes (5.3%)
(RDMA_READ_CONSUME_CHECK_CONSUMER) timestamp=3316 ms, used_size=2154496 bytes (5.3%)
(RDMA_READ_CONSUME_CHECK_CONSUMER) timestamp=3316 ms, used_size=2152448 bytes (5.3%)
(RDMA_READ_CONSUME_CHECK_CONSUMER) timestamp=3316 ms, used_size=2150400 bytes (5.2%)
(RDMA_READ_CONSUME_CHECK_CONSUMER) timestamp=3316 ms, used_size=2148352 bytes (5.2%)
(RDMA_READ_CONSUME_CHECK_CONSUMER) timestamp=3316 ms, used_size=2146304 bytes (5.2%)
(RDMA_READ_CONSUME_CHECK_CONSUMER) timestamp=3316 ms, used_size=2144256 bytes (5.2%)
(RDMA_READ_CONSUME_CHECK_CONSUMER) timestamp=3316 ms, used_size=2142208 bytes (5.2%)
(RDMA_READ_CONSUME_CHECK_CONSUMER) timestamp=3316 ms, used_size=2140160 bytes (5.2%)
(RDMA_READ_CONSUME_CHECK_CONSUMER) timestamp=3316 ms, used_size=2138112 bytes (5.2%)
(RDMA_READ_CONSUME_CHECK_CONSUMER) timestamp=3316 ms, used_size=2136064 bytes (5.2%)
(RDMA_READ_CONSUME_CHECK_CONSUMER) timestamp=3316 ms, used_size=2134016 bytes (5.2%)
(RDMA_READ_CONSUME_CHECK_CONSUMER) timestamp=3316 ms, used_size=2131968 bytes (5.2%)
(RDMA_READ_CONSUME_CHECK_CONSUMER) timestamp=3316 ms, used_size=2129920 bytes (5.2%)
(RDMA_READ_CONSUME_CHECK_CONSUMER) timestamp=3316 ms, used_size=2127872 bytes (5.2%)
(RDMA_READ_CONSUME_CHECK_CONSUMER) timestamp=3316 ms, used_size=2125824 bytes (5.2%)
(RDMA_READ_CONSUME_CHECK_CONSUMER) timestamp=3317 ms, used_size=2123776 bytes (5.2%)
(RDMA_READ_CONSUME_CHECK_CONSUMER) timestamp=3317 ms, used_size=2121728 bytes (5.2%)
(RDMA_READ_CONSUME_CHECK_CONSUMER) timestamp=3317 ms, used_size=2119680 bytes (5.2%)
(RDMA_READ_CONSUME_CHECK_CONSUMER) timestamp=3317 ms, used_size=2117632 bytes (5.2%)
(RDMA_READ_CONSUME_CHECK_CONSUMER) timestamp=3317 ms, used_size=2115584 bytes (5.2%)
(RDMA_READ_CONSUME_CHECK_CONSUMER) timestamp=3317 ms, used_size=2113536 bytes (5.2%)
(RDMA_READ_CONSUME_CHECK_CONSUMER) timestamp=3317 ms, used_size=2111488 bytes (5.2%)
(RDMA_READ_CONSUME_CHECK_CONSUMER) timestamp=3317 ms, used_size=2109440 bytes (5.2%)
(RDMA_READ_CONSUME_CHECK_CONSUMER) timestamp=3317 ms, used_size=2107392 bytes (5.1%)
(RDMA_READ_CONSUME_CHECK_CONSUMER) timestamp=3317 ms, used_size=2105344 bytes (5.1%)
(RDMA_READ_CONSUME_CHECK_CONSUMER) timestamp=3317 ms, used_size=2103296 bytes (5.1%)
(RDMA_READ_CONSUME_CHECK_CONSUMER) timestamp=3317 ms, used_size=2101248 bytes (5.1%)
(RDMA_READ_CONSUME_CHECK_CONSUMER) timestamp=3317 ms, used_size=2099200 bytes (5.1%)
(RDMA_READ_CONSUME_CHECK_CONSUMER) timestamp=3317 ms, used_size=2097152 bytes (5.1%)
(RDMA_READ_CONSUME_CHECK_CONSUMER) timestamp=3317 ms, used_size=2095104 bytes (5.1%)
(RDMA_READ_CONSUME_CHECK_CONSUMER) timestamp=3317 ms, used_size=2093056 bytes (5.1%)
(RDMA_READ_CONSUME_CHECK_CONSUMER) timestamp=3317 ms, used_size=2091008 bytes (5.1%)
(RDMA_READ_CONSUME_CHECK_CONSUMER) timestamp=3317 ms, used_size=2088960 bytes (5.1%)
(RDMA_READ_CONSUME_CHECK_CONSUMER) timestamp=3317 ms, used_size=2086912 bytes (5.1%)
(RDMA_READ_CONSUME_CHECK_CONSUMER) timestamp=3317 ms, used_size=2084864 bytes (5.1%)
(RDMA_READ_CONSUME_CHECK_CONSUMER) timestamp=3317 ms, used_size=2082816 bytes (5.1%)
(RDMA_READ_CONSUME_CHECK_CONSUMER) timestamp=3317 ms, used_size=2080768 bytes (5.1%)
(RDMA_READ_CONSUME_CHECK_CONSUMER) timestamp=3317 ms, used_size=2078720 bytes (5.1%)
(RDMA_READ_CONSUME_CHECK_CONSUMER) timestamp=3317 ms, used_size=2076672 bytes (5.1%)
(RDMA_READ_CONSUME_CHECK_CONSUMER) timestamp=3317 ms, used_size=2074624 bytes (5.1%)
(RDMA_READ_CONSUME_CHECK_CONSUMER) timestamp=3317 ms, used_size=2072576 bytes (5.1%)
(RDMA_READ_CONSUME_CHECK_CONSUMER) timestamp=3317 ms, used_size=2070528 bytes (5.1%)
(RDMA_READ_CONSUME_CHECK_CONSUMER) timestamp=3317 ms, used_size=2068480 bytes (5.0%)
(RDMA_READ_CONSUME_CHECK_CONSUMER) timestamp=3317 ms, used_size=2066432 bytes (5.0%)
(RDMA_READ_CONSUME_CHECK_CONSUMER) timestamp=3317 ms, used_size=2064384 bytes (5.0%)
(RDMA_READ_CONSUME_CHECK_CONSUMER) timestamp=3317 ms, used_size=2062336 bytes (5.0%)
(RDMA_READ_CONSUME_CHECK_CONSUMER) timestamp=3317 ms, used_size=2060288 bytes (5.0%)
(RDMA_READ_CONSUME_CHECK_CONSUMER) timestamp=3317 ms, used_size=2058240 bytes (5.0%)
(RDMA_READ_CONSUME_CHECK_CONSUMER) timestamp=3317 ms, used_size=2056192 bytes (5.0%)
(RDMA_READ_CONSUME_CHECK_CONSUMER) timestamp=3317 ms, used_size=2054144 bytes (5.0%)
(RDMA_READ_CONSUME_CHECK_CONSUMER) timestamp=3317 ms, used_size=2052096 bytes (5.0%)
(RDMA_READ_CONSUME_CHECK_CONSUMER) timestamp=3317 ms, used_size=2050048 bytes (5.0%)
(RDMA_READ_CONSUME_CHECK_CONSUMER) timestamp=3317 ms, used_size=2048000 bytes (5.0%)
(RDMA_READ_CONSUME_CHECK_CONSUMER) timestamp=3317 ms, used_size=2045952 bytes (5.0%)
(RDMA_READ_CONSUME_CHECK_CONSUMER) timestamp=3317 ms, used_size=2043904 bytes (5.0%)
(RDMA_READ_CONSUME_CHECK_CONSUMER) timestamp=3317 ms, used_size=2041856 bytes (5.0%)
(RDMA_READ_CONSUME_CHECK_CONSUMER) timestamp=3317 ms, used_size=2039808 bytes (5.0%)
(RDMA_READ_CONSUME_CHECK_CONSUMER) timestamp=3317 ms, used_size=2037760 bytes (5.0%)
(RDMA_READ_CONSUME_CHECK_CONSUMER) timestamp=3317 ms, used_size=2035712 bytes (5.0%)
(RDMA_READ_CONSUME_CHECK_CONSUMER) timestamp=3317 ms, used_size=2033664 bytes (5.0%)
(RDMA_READ_CONSUME_CHECK_CONSUMER) timestamp=3317 ms, used_size=2031616 bytes (5.0%)
(RDMA_READ_CONSUME_CHECK_CONSUMER) timestamp=3317 ms, used_size=2029568 bytes (5.0%)
(RDMA_READ_CONSUME_CHECK_CONSUMER) timestamp=3317 ms, used_size=2027520 bytes (5.0%)
(RDMA_READ_CONSUME_CHECK_CONSUMER) timestamp=3317 ms, used_size=2025472 bytes (4.9%)
(RDMA_READ_CONSUME_CHECK_CONSUMER) timestamp=3317 ms, used_size=2023424 bytes (4.9%)
(RDMA_READ_CONSUME_CHECK_CONSUMER) timestamp=3317 ms, used_size=2021376 bytes (4.9%)
(RDMA_READ_CONSUME_CHECK_CONSUMER) timestamp=3317 ms, used_size=2019328 bytes (4.9%)
(RDMA_READ_CONSUME_CHECK_CONSUMER) timestamp=3317 ms, used_size=2017280 bytes (4.9%)
(RDMA_READ_CONSUME_CHECK_CONSUMER) timestamp=3317 ms, used_size=2015232 bytes (4.9%)
(RDMA_READ_CONSUME_CHECK_CONSUMER) timestamp=3317 ms, used_size=2013184 bytes (4.9%)
(RDMA_READ_CONSUME_CHECK_CONSUMER) timestamp=3317 ms, used_size=2011136 bytes (4.9%)
(RDMA_READ_CONSUME_CHECK_CONSUMER) timestamp=3317 ms, used_size=2009088 bytes (4.9%)
(RDMA_READ_CONSUME_CHECK_CONSUMER) timestamp=3317 ms, used_size=2007040 bytes (4.9%)
(RDMA_READ_CONSUME_CHECK_CONSUMER) timestamp=3317 ms, used_size=2004992 bytes (4.9%)
(RDMA_READ_CONSUME_CHECK_CONSUMER) timestamp=3317 ms, used_size=2002944 bytes (4.9%)
(RDMA_READ_CONSUME_CHECK_CONSUMER) timestamp=3317 ms, used_size=2000896 bytes (4.9%)
(RDMA_READ_CONSUME_CHECK_CONSUMER) timestamp=3317 ms, used_size=1998848 bytes (4.9%)
(RDMA_READ_CONSUME_CHECK_CONSUMER) timestamp=3317 ms, used_size=1996800 bytes (4.9%)
(RDMA_READ_CONSUME_CHECK_CONSUMER) timestamp=3317 ms, used_size=1994752 bytes (4.9%)
(RDMA_READ_CONSUME_CHECK_CONSUMER) timestamp=3317 ms, used_size=1992704 bytes (4.9%)
(RDMA_READ_CONSUME_CHECK_CONSUMER) timestamp=3317 ms, used_size=1990656 bytes (4.9%)
(RDMA_READ_CONSUME_CHECK_CONSUMER) timestamp=3317 ms, used_size=1988608 bytes (4.9%)
(RDMA_READ_CONSUME_CHECK_CONSUMER) timestamp=3317 ms, used_size=1986560 bytes (4.8%)
(RDMA_READ_CONSUME_CHECK_CONSUMER) timestamp=3317 ms, used_size=1984512 bytes (4.8%)
(RDMA_READ_CONSUME_CHECK_CONSUMER) timestamp=3317 ms, used_size=1982464 bytes (4.8%)
(RDMA_READ_CONSUME_CHECK_CONSUMER) timestamp=3317 ms, used_size=1980416 bytes (4.8%)
(RDMA_READ_CONSUME_CHECK_CONSUMER) timestamp=3317 ms, used_size=1978368 bytes (4.8%)
(RDMA_READ_CONSUME_CHECK_CONSUMER) timestamp=3317 ms, used_size=1976320 bytes (4.8%)
(RDMA_READ_CONSUME_CHECK_CONSUMER) timestamp=3317 ms, used_size=1974272 bytes (4.8%)
(RDMA_READ_CONSUME_CHECK_CONSUMER) timestamp=3317 ms, used_size=1972224 bytes (4.8%)
(RDMA_READ_CONSUME_CHECK_CONSUMER) timestamp=3317 ms, used_size=1970176 bytes (4.8%)
(RDMA_READ_CONSUME_CHECK_CONSUMER) timestamp=3317 ms, used_size=1968128 bytes (4.8%)
(RDMA_READ_CONSUME_CHECK_CONSUMER) timestamp=3317 ms, used_size=1966080 bytes (4.8%)
(RDMA_READ_CONSUME_CHECK_CONSUMER) timestamp=3317 ms, used_size=1964032 bytes (4.8%)
(RDMA_READ_CONSUME_CHECK_CONSUMER) timestamp=3317 ms, used_size=1961984 bytes (4.8%)
(RDMA_READ_CONSUME_CHECK_CONSUMER) timestamp=3317 ms, used_size=1959936 bytes (4.8%)
(RDMA_READ_CONSUME_CHECK_CONSUMER) timestamp=3317 ms, used_size=1957888 bytes (4.8%)
(RDMA_READ_CONSUME_CHECK_CONSUMER) timestamp=3317 ms, used_size=1955840 bytes (4.8%)
(RDMA_READ_CONSUME_CHECK_CONSUMER) timestamp=3317 ms, used_size=1953792 bytes (4.8%)
(RDMA_READ_CONSUME_CHECK_CONSUMER) timestamp=3317 ms, used_size=1951744 bytes (4.8%)
(RDMA_READ_CONSUME_CHECK_CONSUMER) timestamp=3317 ms, used_size=1949696 bytes (4.8%)
(RDMA_READ_CONSUME_CHECK_CONSUMER) timestamp=3317 ms, used_size=1947648 bytes (4.8%)
(RDMA_READ_CONSUME_CHECK_CONSUMER) timestamp=3317 ms, used_size=1945600 bytes (4.8%)
(RDMA_READ_CONSUME_CHECK_CONSUMER) timestamp=3317 ms, used_size=1943552 bytes (4.7%)
(RDMA_READ_CONSUME_CHECK_CONSUMER) timestamp=3317 ms, used_size=1941504 bytes (4.7%)
(RDMA_READ_CONSUME_CHECK_CONSUMER) timestamp=3317 ms, used_size=1939456 bytes (4.7%)
(RDMA_READ_CONSUME_CHECK_CONSUMER) timestamp=3317 ms, used_size=1937408 bytes (4.7%)
(RDMA_READ_CONSUME_CHECK_CONSUMER) timestamp=3317 ms, used_size=1935360 bytes (4.7%)
(RDMA_READ_CONSUME_CHECK_CONSUMER) timestamp=3317 ms, used_size=1933312 bytes (4.7%)
(RDMA_READ_CONSUME_CHECK_CONSUMER) timestamp=3317 ms, used_size=1931264 bytes (4.7%)
(RDMA_READ_CONSUME_CHECK_CONSUMER) timestamp=3317 ms, used_size=1929216 bytes (4.7%)
(RDMA_READ_CONSUME_CHECK_CONSUMER) timestamp=3317 ms, used_size=1927168 bytes (4.7%)
(RDMA_READ_CONSUME_CHECK_CONSUMER) timestamp=3317 ms, used_size=1925120 bytes (4.7%)
(RDMA_READ_CONSUME_CHECK_CONSUMER) timestamp=3317 ms, used_size=1923072 bytes (4.7%)
(RDMA_READ_CONSUME_CHECK_CONSUMER) timestamp=3317 ms, used_size=1921024 bytes (4.7%)
(RDMA_READ_CONSUME_CHECK_CONSUMER) timestamp=3317 ms, used_size=1918976 bytes (4.7%)
(RDMA_READ_CONSUME_CHECK_CONSUMER) timestamp=3317 ms, used_size=1916928 bytes (4.7%)
(RDMA_READ_CONSUME_CHECK_CONSUMER) timestamp=3317 ms, used_size=1914880 bytes (4.7%)
(RDMA_READ_CONSUME_CHECK_CONSUMER) timestamp=3317 ms, used_size=1912832 bytes (4.7%)
(RDMA_READ_CONSUME_CHECK_CONSUMER) timestamp=3317 ms, used_size=1910784 bytes (4.7%)
(RDMA_READ_CONSUME_CHECK_CONSUMER) timestamp=3317 ms, used_size=1908736 bytes (4.7%)
(RDMA_READ_CONSUME_CHECK_CONSUMER) timestamp=3317 ms, used_size=1906688 bytes (4.7%)
(RDMA_READ_CONSUME_CHECK_CONSUMER) timestamp=3317 ms, used_size=1904640 bytes (4.7%)
(RDMA_READ_CONSUME_CHECK_CONSUMER) timestamp=3317 ms, used_size=1902592 bytes (4.6%)
(RDMA_READ_CONSUME_CHECK_CONSUMER) timestamp=3317 ms, used_size=1900544 bytes (4.6%)
(RDMA_READ_CONSUME_CHECK_CONSUMER) timestamp=3317 ms, used_size=1898496 bytes (4.6%)
(RDMA_READ_CONSUME_CHECK_CONSUMER) timestamp=3317 ms, used_size=1896448 bytes (4.6%)
(RDMA_READ_CONSUME_CHECK_CONSUMER) timestamp=3317 ms, used_size=1894400 bytes (4.6%)
(RDMA_READ_CONSUME_CHECK_CONSUMER) timestamp=3317 ms, used_size=1892352 bytes (4.6%)
(RDMA_READ_CONSUME_CHECK_CONSUMER) timestamp=3317 ms, used_size=1890304 bytes (4.6%)
(RDMA_READ_CONSUME_CHECK_CONSUMER) timestamp=3317 ms, used_size=1888256 bytes (4.6%)
(RDMA_READ_CONSUME_CHECK_CONSUMER) timestamp=3317 ms, used_size=1886208 bytes (4.6%)
(RDMA_READ_CONSUME_CHECK_CONSUMER) timestamp=3317 ms, used_size=1884160 bytes (4.6%)
(RDMA_READ_CONSUME_CHECK_CONSUMER) timestamp=3317 ms, used_size=1882112 bytes (4.6%)
(RDMA_READ_CONSUME_CHECK_CONSUMER) timestamp=3317 ms, used_size=1880064 bytes (4.6%)
(RDMA_READ_CONSUME_CHECK_CONSUMER) timestamp=3317 ms, used_size=1878016 bytes (4.6%)
(RDMA_READ_CONSUME_CHECK_CONSUMER) timestamp=3317 ms, used_size=1875968 bytes (4.6%)
(RDMA_READ_CONSUME_CHECK_CONSUMER) timestamp=3317 ms, used_size=1873920 bytes (4.6%)
(RDMA_READ_CONSUME_CHECK_CONSUMER) timestamp=3317 ms, used_size=1871872 bytes (4.6%)
(RDMA_READ_CONSUME_CHECK_CONSUMER) timestamp=3317 ms, used_size=1869824 bytes (4.6%)
(RDMA_READ_CONSUME_CHECK_CONSUMER) timestamp=3317 ms, used_size=1867776 bytes (4.6%)
(RDMA_READ_CONSUME_CHECK_CONSUMER) timestamp=3317 ms, used_size=1865728 bytes (4.6%)
(RDMA_READ_CONSUME_CHECK_CONSUMER) timestamp=3317 ms, used_size=1863680 bytes (4.5%)
(RDMA_READ_CONSUME_CHECK_CONSUMER) timestamp=3317 ms, used_size=1861632 bytes (4.5%)
(RDMA_READ_CONSUME_CHECK_CONSUMER) timestamp=3317 ms, used_size=1859584 bytes (4.5%)
(RDMA_READ_CONSUME_CHECK_CONSUMER) timestamp=3317 ms, used_size=1857536 bytes (4.5%)
(RDMA_READ_CONSUME_CHECK_CONSUMER) timestamp=3317 ms, used_size=1855488 bytes (4.5%)
(RDMA_READ_CONSUME_CHECK_CONSUMER) timestamp=3317 ms, used_size=1853440 bytes (4.5%)
(RDMA_READ_CONSUME_CHECK_CONSUMER) timestamp=3317 ms, used_size=1851392 bytes (4.5%)
(RDMA_READ_CONSUME_CHECK_CONSUMER) timestamp=3317 ms, used_size=1849344 bytes (4.5%)
(RDMA_READ_CONSUME_CHECK_CONSUMER) timestamp=3317 ms, used_size=1847296 bytes (4.5%)
(RDMA_READ_CONSUME_CHECK_CONSUMER) timestamp=3317 ms, used_size=1845248 bytes (4.5%)
(RDMA_READ_CONSUME_CHECK_CONSUMER) timestamp=3317 ms, used_size=1843200 bytes (4.5%)
(RDMA_READ_CONSUME_CHECK_CONSUMER) timestamp=3317 ms, used_size=1841152 bytes (4.5%)
(RDMA_READ_CONSUME_CHECK_CONSUMER) timestamp=3317 ms, used_size=1839104 bytes (4.5%)
(RDMA_READ_CONSUME_CHECK_CONSUMER) timestamp=3317 ms, used_size=1837056 bytes (4.5%)
(RDMA_READ_CONSUME_CHECK_CONSUMER) timestamp=3317 ms, used_size=1835008 bytes (4.5%)
(RDMA_READ_CONSUME_CHECK_CONSUMER) timestamp=3317 ms, used_size=1832960 bytes (4.5%)
(RDMA_READ_CONSUME_CHECK_CONSUMER) timestamp=3317 ms, used_size=1830912 bytes (4.5%)
(RDMA_READ_CONSUME_CHECK_CONSUMER) timestamp=3317 ms, used_size=1828864 bytes (4.5%)
(RDMA_READ_CONSUME_CHECK_CONSUMER) timestamp=3317 ms, used_size=1826816 bytes (4.5%)
(RDMA_READ_CONSUME_CHECK_CONSUMER) timestamp=3317 ms, used_size=1824768 bytes (4.5%)
(RDMA_READ_CONSUME_CHECK_CONSUMER) timestamp=3317 ms, used_size=1822720 bytes (4.5%)
(RDMA_READ_CONSUME_CHECK_CONSUMER) timestamp=3317 ms, used_size=1820672 bytes (4.4%)
(RDMA_READ_CONSUME_CHECK_CONSUMER) timestamp=3317 ms, used_size=1818624 bytes (4.4%)
(RDMA_READ_CONSUME_CHECK_CONSUMER) timestamp=3317 ms, used_size=1816576 bytes (4.4%)
(RDMA_READ_CONSUME_CHECK_CONSUMER) timestamp=3317 ms, used_size=1814528 bytes (4.4%)
(RDMA_READ_CONSUME_CHECK_CONSUMER) timestamp=3317 ms, used_size=1812480 bytes (4.4%)
(RDMA_READ_CONSUME_CHECK_CONSUMER) timestamp=3317 ms, used_size=1810432 bytes (4.4%)
(RDMA_READ_CONSUME_CHECK_CONSUMER) timestamp=3317 ms, used_size=1808384 bytes (4.4%)
(RDMA_READ_CONSUME_CHECK_CONSUMER) timestamp=3317 ms, used_size=1806336 bytes (4.4%)
(RDMA_READ_CONSUME_CHECK_CONSUMER) timestamp=3317 ms, used_size=1804288 bytes (4.4%)
(RDMA_READ_CONSUME_CHECK_CONSUMER) timestamp=3317 ms, used_size=1802240 bytes (4.4%)
(RDMA_READ_CONSUME_CHECK_CONSUMER) timestamp=3317 ms, used_size=1800192 bytes (4.4%)
(RDMA_READ_CONSUME_CHECK_CONSUMER) timestamp=3317 ms, used_size=1798144 bytes (4.4%)
(RDMA_READ_CONSUME_CHECK_CONSUMER) timestamp=3317 ms, used_size=1796096 bytes (4.4%)
(RDMA_READ_CONSUME_CHECK_CONSUMER) timestamp=3317 ms, used_size=1794048 bytes (4.4%)
(RDMA_READ_CONSUME_CHECK_CONSUMER) timestamp=3317 ms, used_size=1792000 bytes (4.4%)
(RDMA_READ_CONSUME_CHECK_CONSUMER) timestamp=3317 ms, used_size=1789952 bytes (4.4%)
(RDMA_READ_CONSUME_CHECK_CONSUMER) timestamp=3317 ms, used_size=1787904 bytes (4.4%)
(RDMA_READ_CONSUME_CHECK_CONSUMER) timestamp=3317 ms, used_size=1785856 bytes (4.4%)
(RDMA_READ_CONSUME_CHECK_CONSUMER) timestamp=3317 ms, used_size=1783808 bytes (4.4%)
(RDMA_READ_CONSUME_CHECK_CONSUMER) timestamp=3317 ms, used_size=1781760 bytes (4.3%)
(RDMA_READ_CONSUME_CHECK_CONSUMER) timestamp=3317 ms, used_size=1779712 bytes (4.3%)
(RDMA_READ_CONSUME_CHECK_CONSUMER) timestamp=3317 ms, used_size=1777664 bytes (4.3%)
(RDMA_READ_CONSUME_CHECK_CONSUMER) timestamp=3317 ms, used_size=1775616 bytes (4.3%)
(RDMA_READ_CONSUME_CHECK_CONSUMER) timestamp=3317 ms, used_size=1773568 bytes (4.3%)
(RDMA_READ_CONSUME_CHECK_CONSUMER) timestamp=3317 ms, used_size=1771520 bytes (4.3%)
(RDMA_READ_CONSUME_CHECK_CONSUMER) timestamp=3317 ms, used_size=1769472 bytes (4.3%)
(RDMA_READ_CONSUME_CHECK_CONSUMER) timestamp=3317 ms, used_size=1767424 bytes (4.3%)
(RDMA_READ_CONSUME_CHECK_CONSUMER) timestamp=3317 ms, used_size=1765376 bytes (4.3%)
(RDMA_READ_CONSUME_CHECK_CONSUMER) timestamp=3317 ms, used_size=1763328 bytes (4.3%)
(RDMA_READ_CONSUME_CHECK_CONSUMER) timestamp=3317 ms, used_size=1761280 bytes (4.3%)
(RDMA_READ_CONSUME_CHECK_CONSUMER) timestamp=3317 ms, used_size=1759232 bytes (4.3%)
(RDMA_READ_CONSUME_CHECK_CONSUMER) timestamp=3317 ms, used_size=1757184 bytes (4.3%)
(RDMA_READ_CONSUME_CHECK_CONSUMER) timestamp=3317 ms, used_size=1755136 bytes (4.3%)
(RDMA_READ_CONSUME_CHECK_CONSUMER) timestamp=3317 ms, used_size=1753088 bytes (4.3%)
(RDMA_READ_CONSUME_CHECK_CONSUMER) timestamp=3317 ms, used_size=1751040 bytes (4.3%)
(RDMA_READ_CONSUME_CHECK_CONSUMER) timestamp=3317 ms, used_size=1748992 bytes (4.3%)
(RDMA_READ_CONSUME_CHECK_CONSUMER) timestamp=3317 ms, used_size=1746944 bytes (4.3%)
(RDMA_READ_CONSUME_CHECK_CONSUMER) timestamp=3317 ms, used_size=1744896 bytes (4.3%)
(RDMA_READ_CONSUME_CHECK_CONSUMER) timestamp=3318 ms, used_size=1742848 bytes (4.3%)
(RDMA_READ_CONSUME_CHECK_CONSUMER) timestamp=3318 ms, used_size=1740800 bytes (4.2%)
(RDMA_READ_CONSUME_CHECK_CONSUMER) timestamp=3318 ms, used_size=1738752 bytes (4.2%)
(RDMA_READ_CONSUME_CHECK_CONSUMER) timestamp=3318 ms, used_size=1736704 bytes (4.2%)
(RDMA_READ_CONSUME_CHECK_CONSUMER) timestamp=3318 ms, used_size=1734656 bytes (4.2%)
(RDMA_READ_CONSUME_CHECK_CONSUMER) timestamp=3318 ms, used_size=1732608 bytes (4.2%)
(RDMA_READ_CONSUME_CHECK_CONSUMER) timestamp=3318 ms, used_size=1730560 bytes (4.2%)
(RDMA_READ_CONSUME_CHECK_CONSUMER) timestamp=3318 ms, used_size=1728512 bytes (4.2%)
(RDMA_READ_CONSUME_CHECK_CONSUMER) timestamp=3318 ms, used_size=1726464 bytes (4.2%)
(RDMA_READ_CONSUME_CHECK_CONSUMER) timestamp=3318 ms, used_size=1724416 bytes (4.2%)
(RDMA_READ_CONSUME_CHECK_CONSUMER) timestamp=3318 ms, used_size=1722368 bytes (4.2%)
(RDMA_READ_CONSUME_CHECK_CONSUMER) timestamp=3318 ms, used_size=1720320 bytes (4.2%)
(RDMA_READ_CONSUME_CHECK_CONSUMER) timestamp=3318 ms, used_size=1718272 bytes (4.2%)
(RDMA_READ_CONSUME_CHECK_CONSUMER) timestamp=3318 ms, used_size=1716224 bytes (4.2%)
(RDMA_READ_CONSUME_CHECK_CONSUMER) timestamp=3318 ms, used_size=1714176 bytes (4.2%)
(RDMA_READ_CONSUME_CHECK_CONSUMER) timestamp=3318 ms, used_size=1712128 bytes (4.2%)
(RDMA_READ_CONSUME_CHECK_CONSUMER) timestamp=3318 ms, used_size=1710080 bytes (4.2%)
(RDMA_READ_CONSUME_CHECK_CONSUMER) timestamp=3318 ms, used_size=1708032 bytes (4.2%)
(RDMA_READ_CONSUME_CHECK_CONSUMER) timestamp=3318 ms, used_size=1705984 bytes (4.2%)
(RDMA_READ_CONSUME_CHECK_CONSUMER) timestamp=3318 ms, used_size=1703936 bytes (4.2%)
(RDMA_READ_CONSUME_CHECK_CONSUMER) timestamp=3318 ms, used_size=1701888 bytes (4.2%)
(RDMA_READ_CONSUME_CHECK_CONSUMER) timestamp=3318 ms, used_size=1699840 bytes (4.2%)
(RDMA_READ_CONSUME_CHECK_CONSUMER) timestamp=3318 ms, used_size=1697792 bytes (4.1%)
(RDMA_READ_CONSUME_CHECK_CONSUMER) timestamp=3318 ms, used_size=1695744 bytes (4.1%)
(RDMA_READ_CONSUME_CHECK_CONSUMER) timestamp=3318 ms, used_size=1693696 bytes (4.1%)
(RDMA_READ_CONSUME_CHECK_CONSUMER) timestamp=3318 ms, used_size=1691648 bytes (4.1%)
(RDMA_READ_CONSUME_CHECK_CONSUMER) timestamp=3318 ms, used_size=1689600 bytes (4.1%)
(RDMA_READ_CONSUME_CHECK_CONSUMER) timestamp=3318 ms, used_size=1687552 bytes (4.1%)
(RDMA_READ_CONSUME_CHECK_CONSUMER) timestamp=3318 ms, used_size=1685504 bytes (4.1%)
(RDMA_READ_CONSUME_CHECK_CONSUMER) timestamp=3318 ms, used_size=1683456 bytes (4.1%)
(RDMA_READ_CONSUME_CHECK_CONSUMER) timestamp=3318 ms, used_size=1681408 bytes (4.1%)
(RDMA_READ_CONSUME_CHECK_CONSUMER) timestamp=3318 ms, used_size=1679360 bytes (4.1%)
(RDMA_READ_CONSUME_CHECK_CONSUMER) timestamp=3318 ms, used_size=1677312 bytes (4.1%)
(RDMA_READ_CONSUME_CHECK_CONSUMER) timestamp=3318 ms, used_size=1675264 bytes (4.1%)
(RDMA_READ_CONSUME_CHECK_CONSUMER) timestamp=3318 ms, used_size=1673216 bytes (4.1%)
(RDMA_READ_CONSUME_CHECK_CONSUMER) timestamp=3318 ms, used_size=1671168 bytes (4.1%)
(RDMA_READ_CONSUME_CHECK_CONSUMER) timestamp=3318 ms, used_size=1669120 bytes (4.1%)
(RDMA_READ_CONSUME_CHECK_CONSUMER) timestamp=3318 ms, used_size=1667072 bytes (4.1%)
(RDMA_READ_CONSUME_CHECK_CONSUMER) timestamp=3318 ms, used_size=1665024 bytes (4.1%)
(RDMA_READ_CONSUME_CHECK_CONSUMER) timestamp=3318 ms, used_size=1662976 bytes (4.1%)
(RDMA_READ_CONSUME_CHECK_CONSUMER) timestamp=3318 ms, used_size=1660928 bytes (4.1%)
(RDMA_READ_CONSUME_CHECK_CONSUMER) timestamp=3318 ms, used_size=1658880 bytes (4.0%)
(RDMA_READ_CONSUME_CHECK_CONSUMER) timestamp=3318 ms, used_size=1656832 bytes (4.0%)
(RDMA_READ_CONSUME_CHECK_CONSUMER) timestamp=3318 ms, used_size=1654784 bytes (4.0%)
(RDMA_READ_CONSUME_CHECK_CONSUMER) timestamp=3318 ms, used_size=1652736 bytes (4.0%)
(RDMA_READ_CONSUME_CHECK_CONSUMER) timestamp=3318 ms, used_size=1650688 bytes (4.0%)
(RDMA_READ_CONSUME_CHECK_CONSUMER) timestamp=3318 ms, used_size=1648640 bytes (4.0%)
(RDMA_READ_CONSUME_CHECK_CONSUMER) timestamp=3318 ms, used_size=1646592 bytes (4.0%)
(RDMA_READ_CONSUME_CHECK_CONSUMER) timestamp=3318 ms, used_size=1644544 bytes (4.0%)
(RDMA_READ_CONSUME_CHECK_CONSUMER) timestamp=3318 ms, used_size=1642496 bytes (4.0%)
(RDMA_READ_CONSUME_CHECK_CONSUMER) timestamp=3318 ms, used_size=1640448 bytes (4.0%)
(RDMA_READ_CONSUME_CHECK_CONSUMER) timestamp=3318 ms, used_size=1638400 bytes (4.0%)
(RDMA_READ_CONSUME_CHECK_CONSUMER) timestamp=3318 ms, used_size=1636352 bytes (4.0%)
(RDMA_READ_CONSUME_CHECK_CONSUMER) timestamp=3318 ms, used_size=1634304 bytes (4.0%)
(RDMA_READ_CONSUME_CHECK_CONSUMER) timestamp=3318 ms, used_size=1632256 bytes (4.0%)
(RDMA_READ_CONSUME_CHECK_CONSUMER) timestamp=3318 ms, used_size=1630208 bytes (4.0%)
(RDMA_READ_CONSUME_CHECK_CONSUMER) timestamp=3318 ms, used_size=1628160 bytes (4.0%)
(RDMA_READ_CONSUME_CHECK_CONSUMER) timestamp=3318 ms, used_size=1626112 bytes (4.0%)
(RDMA_READ_CONSUME_CHECK_CONSUMER) timestamp=3318 ms, used_size=1624064 bytes (4.0%)
(RDMA_READ_CONSUME_CHECK_CONSUMER) timestamp=3318 ms, used_size=1622016 bytes (4.0%)
(RDMA_READ_CONSUME_CHECK_CONSUMER) timestamp=3318 ms, used_size=1619968 bytes (4.0%)
(RDMA_READ_CONSUME_CHECK_CONSUMER) timestamp=3318 ms, used_size=1617920 bytes (4.0%)
(RDMA_READ_CONSUME_CHECK_CONSUMER) timestamp=3318 ms, used_size=1615872 bytes (3.9%)
(RDMA_READ_CONSUME_CHECK_CONSUMER) timestamp=3318 ms, used_size=1613824 bytes (3.9%)
(RDMA_READ_CONSUME_CHECK_CONSUMER) timestamp=3318 ms, used_size=1611776 bytes (3.9%)
(RDMA_READ_CONSUME_CHECK_CONSUMER) timestamp=3318 ms, used_size=1609728 bytes (3.9%)
(RDMA_READ_CONSUME_CHECK_CONSUMER) timestamp=3318 ms, used_size=1607680 bytes (3.9%)
(RDMA_READ_CONSUME_CHECK_CONSUMER) timestamp=3318 ms, used_size=1605632 bytes (3.9%)
(RDMA_READ_CONSUME_CHECK_CONSUMER) timestamp=3318 ms, used_size=1603584 bytes (3.9%)
(RDMA_READ_CONSUME_CHECK_CONSUMER) timestamp=3318 ms, used_size=1601536 bytes (3.9%)
(RDMA_READ_CONSUME_CHECK_CONSUMER) timestamp=3318 ms, used_size=1599488 bytes (3.9%)
(RDMA_READ_CONSUME_CHECK_CONSUMER) timestamp=3318 ms, used_size=1597440 bytes (3.9%)
(RDMA_READ_CONSUME_CHECK_CONSUMER) timestamp=3318 ms, used_size=1595392 bytes (3.9%)
(RDMA_READ_CONSUME_CHECK_CONSUMER) timestamp=3318 ms, used_size=1593344 bytes (3.9%)
(RDMA_READ_CONSUME_CHECK_CONSUMER) timestamp=3318 ms, used_size=1591296 bytes (3.9%)
(RDMA_READ_CONSUME_CHECK_CONSUMER) timestamp=3318 ms, used_size=1589248 bytes (3.9%)
(RDMA_READ_CONSUME_CHECK_CONSUMER) timestamp=3318 ms, used_size=1587200 bytes (3.9%)
(RDMA_READ_CONSUME_CHECK_CONSUMER) timestamp=3318 ms, used_size=1585152 bytes (3.9%)
(RDMA_READ_CONSUME_CHECK_CONSUMER) timestamp=3318 ms, used_size=1583104 bytes (3.9%)
(RDMA_READ_CONSUME_CHECK_CONSUMER) timestamp=3318 ms, used_size=1581056 bytes (3.9%)
(RDMA_READ_CONSUME_CHECK_CONSUMER) timestamp=3318 ms, used_size=1579008 bytes (3.9%)
(RDMA_READ_CONSUME_CHECK_CONSUMER) timestamp=3318 ms, used_size=1576960 bytes (3.9%)
(RDMA_READ_CONSUME_CHECK_CONSUMER) timestamp=3318 ms, used_size=1574912 bytes (3.8%)
(RDMA_READ_CONSUME_CHECK_CONSUMER) timestamp=3318 ms, used_size=1572864 bytes (3.8%)
(RDMA_READ_CONSUME_CHECK_CONSUMER) timestamp=3318 ms, used_size=1570816 bytes (3.8%)
(RDMA_READ_CONSUME_CHECK_CONSUMER) timestamp=3318 ms, used_size=1568768 bytes (3.8%)
(RDMA_READ_CONSUME_CHECK_CONSUMER) timestamp=3318 ms, used_size=1566720 bytes (3.8%)
(RDMA_READ_CONSUME_CHECK_CONSUMER) timestamp=3318 ms, used_size=1564672 bytes (3.8%)
(RDMA_READ_CONSUME_CHECK_CONSUMER) timestamp=3318 ms, used_size=1562624 bytes (3.8%)
(RDMA_READ_CONSUME_CHECK_CONSUMER) timestamp=3318 ms, used_size=1560576 bytes (3.8%)
(RDMA_READ_CONSUME_CHECK_CONSUMER) timestamp=3318 ms, used_size=1558528 bytes (3.8%)
(RDMA_READ_CONSUME_CHECK_CONSUMER) timestamp=3318 ms, used_size=1556480 bytes (3.8%)
(RDMA_READ_CONSUME_CHECK_CONSUMER) timestamp=3318 ms, used_size=1554432 bytes (3.8%)
(RDMA_READ_CONSUME_CHECK_CONSUMER) timestamp=3318 ms, used_size=1552384 bytes (3.8%)
(RDMA_READ_CONSUME_CHECK_CONSUMER) timestamp=3318 ms, used_size=1550336 bytes (3.8%)
(RDMA_READ_CONSUME_CHECK_CONSUMER) timestamp=3318 ms, used_size=1548288 bytes (3.8%)
(RDMA_READ_CONSUME_CHECK_CONSUMER) timestamp=3318 ms, used_size=1546240 bytes (3.8%)
(RDMA_READ_CONSUME_CHECK_CONSUMER) timestamp=3318 ms, used_size=1544192 bytes (3.8%)
(RDMA_READ_CONSUME_CHECK_CONSUMER) timestamp=3318 ms, used_size=1542144 bytes (3.8%)
(RDMA_READ_CONSUME_CHECK_CONSUMER) timestamp=3318 ms, used_size=1540096 bytes (3.8%)
(RDMA_READ_CONSUME_CHECK_CONSUMER) timestamp=3318 ms, used_size=1538048 bytes (3.8%)
(RDMA_READ_CONSUME_CHECK_CONSUMER) timestamp=3318 ms, used_size=1536000 bytes (3.8%)
(RDMA_READ_CONSUME_CHECK_CONSUMER) timestamp=3318 ms, used_size=1533952 bytes (3.7%)
(RDMA_READ_CONSUME_CHECK_CONSUMER) timestamp=3318 ms, used_size=1531904 bytes (3.7%)
(RDMA_READ_CONSUME_CHECK_CONSUMER) timestamp=3318 ms, used_size=1529856 bytes (3.7%)
(RDMA_READ_CONSUME_CHECK_CONSUMER) timestamp=3318 ms, used_size=1527808 bytes (3.7%)
(RDMA_READ_CONSUME_CHECK_CONSUMER) timestamp=3318 ms, used_size=1525760 bytes (3.7%)
(RDMA_READ_CONSUME_CHECK_CONSUMER) timestamp=3318 ms, used_size=1523712 bytes (3.7%)
(RDMA_READ_CONSUME_CHECK_CONSUMER) timestamp=3318 ms, used_size=1521664 bytes (3.7%)
(RDMA_READ_CONSUME_CHECK_CONSUMER) timestamp=3318 ms, used_size=1519616 bytes (3.7%)
(RDMA_READ_CONSUME_CHECK_CONSUMER) timestamp=3318 ms, used_size=1517568 bytes (3.7%)
(RDMA_READ_CONSUME_CHECK_CONSUMER) timestamp=3318 ms, used_size=1515520 bytes (3.7%)
(RDMA_READ_CONSUME_CHECK_CONSUMER) timestamp=3318 ms, used_size=1513472 bytes (3.7%)
(RDMA_READ_CONSUME_CHECK_CONSUMER) timestamp=3318 ms, used_size=1511424 bytes (3.7%)
(RDMA_READ_CONSUME_CHECK_CONSUMER) timestamp=3318 ms, used_size=1509376 bytes (3.7%)
(RDMA_READ_CONSUME_CHECK_CONSUMER) timestamp=3318 ms, used_size=1507328 bytes (3.7%)
(RDMA_READ_CONSUME_CHECK_CONSUMER) timestamp=3318 ms, used_size=1505280 bytes (3.7%)
(RDMA_READ_CONSUME_CHECK_CONSUMER) timestamp=3318 ms, used_size=1503232 bytes (3.7%)
(RDMA_READ_CONSUME_CHECK_CONSUMER) timestamp=3318 ms, used_size=1501184 bytes (3.7%)
(RDMA_READ_CONSUME_CHECK_CONSUMER) timestamp=3318 ms, used_size=1499136 bytes (3.7%)
(RDMA_READ_CONSUME_CHECK_CONSUMER) timestamp=3318 ms, used_size=1497088 bytes (3.7%)
(RDMA_READ_CONSUME_CHECK_CONSUMER) timestamp=3318 ms, used_size=1495040 bytes (3.6%)
(RDMA_READ_CONSUME_CHECK_CONSUMER) timestamp=3318 ms, used_size=1492992 bytes (3.6%)
(RDMA_READ_CONSUME_CHECK_CONSUMER) timestamp=3318 ms, used_size=1490944 bytes (3.6%)
(RDMA_READ_CONSUME_CHECK_CONSUMER) timestamp=3318 ms, used_size=1488896 bytes (3.6%)
(RDMA_READ_CONSUME_CHECK_CONSUMER) timestamp=3318 ms, used_size=1486848 bytes (3.6%)
(RDMA_READ_CONSUME_CHECK_CONSUMER) timestamp=3318 ms, used_size=1484800 bytes (3.6%)
(RDMA_READ_CONSUME_CHECK_CONSUMER) timestamp=3318 ms, used_size=1482752 bytes (3.6%)
(RDMA_READ_CONSUME_CHECK_CONSUMER) timestamp=3318 ms, used_size=1480704 bytes (3.6%)
(RDMA_READ_CONSUME_CHECK_CONSUMER) timestamp=3318 ms, used_size=1478656 bytes (3.6%)
(RDMA_READ_CONSUME_CHECK_CONSUMER) timestamp=3318 ms, used_size=1476608 bytes (3.6%)
(RDMA_READ_CONSUME_CHECK_CONSUMER) timestamp=3318 ms, used_size=1474560 bytes (3.6%)
(RDMA_READ_CONSUME_CHECK_CONSUMER) timestamp=3318 ms, used_size=1472512 bytes (3.6%)
(RDMA_READ_CONSUME_CHECK_CONSUMER) timestamp=3318 ms, used_size=1470464 bytes (3.6%)
(RDMA_READ_CONSUME_CHECK_CONSUMER) timestamp=3318 ms, used_size=1468416 bytes (3.6%)
(RDMA_READ_CONSUME_CHECK_CONSUMER) timestamp=3318 ms, used_size=1466368 bytes (3.6%)
(RDMA_READ_CONSUME_CHECK_CONSUMER) timestamp=3318 ms, used_size=1464320 bytes (3.6%)
(RDMA_READ_CONSUME_CHECK_CONSUMER) timestamp=3318 ms, used_size=1462272 bytes (3.6%)
(RDMA_READ_CONSUME_CHECK_CONSUMER) timestamp=3318 ms, used_size=1460224 bytes (3.6%)
(RDMA_READ_CONSUME_CHECK_CONSUMER) timestamp=3318 ms, used_size=1458176 bytes (3.6%)
(RDMA_READ_CONSUME_CHECK_CONSUMER) timestamp=3318 ms, used_size=1456128 bytes (3.6%)
(RDMA_READ_CONSUME_CHECK_CONSUMER) timestamp=3318 ms, used_size=1454080 bytes (3.5%)
(RDMA_READ_CONSUME_CHECK_CONSUMER) timestamp=3318 ms, used_size=1452032 bytes (3.5%)
(RDMA_READ_CONSUME_CHECK_CONSUMER) timestamp=3318 ms, used_size=1449984 bytes (3.5%)
(RDMA_READ_CONSUME_CHECK_CONSUMER) timestamp=3318 ms, used_size=1447936 bytes (3.5%)
(RDMA_READ_CONSUME_CHECK_CONSUMER) timestamp=3318 ms, used_size=1445888 bytes (3.5%)
(RDMA_READ_CONSUME_CHECK_CONSUMER) timestamp=3318 ms, used_size=1443840 bytes (3.5%)
(RDMA_READ_CONSUME_CHECK_CONSUMER) timestamp=3318 ms, used_size=1441792 bytes (3.5%)
(RDMA_READ_CONSUME_CHECK_CONSUMER) timestamp=3318 ms, used_size=1439744 bytes (3.5%)
(RDMA_READ_CONSUME_CHECK_CONSUMER) timestamp=3318 ms, used_size=1437696 bytes (3.5%)
(RDMA_READ_CONSUME_CHECK_CONSUMER) timestamp=3318 ms, used_size=1435648 bytes (3.5%)
(RDMA_READ_CONSUME_CHECK_CONSUMER) timestamp=3318 ms, used_size=1433600 bytes (3.5%)
(RDMA_READ_CONSUME_CHECK_CONSUMER) timestamp=3318 ms, used_size=1431552 bytes (3.5%)
(RDMA_READ_CONSUME_CHECK_CONSUMER) timestamp=3318 ms, used_size=1429504 bytes (3.5%)
(RDMA_READ_CONSUME_CHECK_CONSUMER) timestamp=3318 ms, used_size=1427456 bytes (3.5%)
(RDMA_READ_CONSUME_CHECK_CONSUMER) timestamp=3318 ms, used_size=1425408 bytes (3.5%)
(RDMA_READ_CONSUME_CHECK_CONSUMER) timestamp=3318 ms, used_size=1423360 bytes (3.5%)
(RDMA_READ_CONSUME_CHECK_CONSUMER) timestamp=3318 ms, used_size=1421312 bytes (3.5%)
(RDMA_READ_CONSUME_CHECK_CONSUMER) timestamp=3318 ms, used_size=1419264 bytes (3.5%)
(RDMA_READ_CONSUME_CHECK_CONSUMER) timestamp=3318 ms, used_size=1417216 bytes (3.5%)
(RDMA_READ_CONSUME_CHECK_CONSUMER) timestamp=3318 ms, used_size=1415168 bytes (3.5%)
(RDMA_READ_CONSUME_CHECK_CONSUMER) timestamp=3318 ms, used_size=1413120 bytes (3.5%)
(RDMA_READ_CONSUME_CHECK_CONSUMER) timestamp=3318 ms, used_size=1411072 bytes (3.4%)
(RDMA_READ_CONSUME_CHECK_CONSUMER) timestamp=3318 ms, used_size=1409024 bytes (3.4%)
(RDMA_READ_CONSUME_CHECK_CONSUMER) timestamp=3318 ms, used_size=1406976 bytes (3.4%)
(RDMA_READ_CONSUME_CHECK_CONSUMER) timestamp=3318 ms, used_size=1404928 bytes (3.4%)
(RDMA_READ_CONSUME_CHECK_CONSUMER) timestamp=3318 ms, used_size=1402880 bytes (3.4%)
(RDMA_READ_CONSUME_CHECK_CONSUMER) timestamp=3318 ms, used_size=1400832 bytes (3.4%)
(RDMA_READ_CONSUME_CHECK_CONSUMER) timestamp=3318 ms, used_size=1398784 bytes (3.4%)
(RDMA_READ_CONSUME_CHECK_CONSUMER) timestamp=3318 ms, used_size=1396736 bytes (3.4%)
(RDMA_READ_CONSUME_CHECK_CONSUMER) timestamp=3318 ms, used_size=1394688 bytes (3.4%)
(RDMA_READ_CONSUME_CHECK_CONSUMER) timestamp=3318 ms, used_size=1392640 bytes (3.4%)
(RDMA_READ_CONSUME_CHECK_CONSUMER) timestamp=3318 ms, used_size=1390592 bytes (3.4%)
(RDMA_READ_CONSUME_CHECK_CONSUMER) timestamp=3318 ms, used_size=1388544 bytes (3.4%)
(RDMA_READ_CONSUME_CHECK_CONSUMER) timestamp=3318 ms, used_size=1386496 bytes (3.4%)
(RDMA_READ_CONSUME_CHECK_CONSUMER) timestamp=3318 ms, used_size=1384448 bytes (3.4%)
(RDMA_READ_CONSUME_CHECK_CONSUMER) timestamp=3318 ms, used_size=1382400 bytes (3.4%)
(RDMA_READ_CONSUME_CHECK_CONSUMER) timestamp=3318 ms, used_size=1380352 bytes (3.4%)
(RDMA_READ_CONSUME_CHECK_CONSUMER) timestamp=3318 ms, used_size=1378304 bytes (3.4%)
(RDMA_READ_CONSUME_CHECK_CONSUMER) timestamp=3319 ms, used_size=1376256 bytes (3.4%)
(RDMA_READ_CONSUME_CHECK_CONSUMER) timestamp=3319 ms, used_size=1374208 bytes (3.4%)
(RDMA_READ_CONSUME_CHECK_CONSUMER) timestamp=3319 ms, used_size=1372160 bytes (3.4%)
(RDMA_READ_CONSUME_CHECK_CONSUMER) timestamp=3319 ms, used_size=1370112 bytes (3.3%)
(RDMA_READ_CONSUME_CHECK_CONSUMER) timestamp=3319 ms, used_size=1368064 bytes (3.3%)
(RDMA_READ_CONSUME_CHECK_CONSUMER) timestamp=3319 ms, used_size=1366016 bytes (3.3%)
(RDMA_READ_CONSUME_CHECK_CONSUMER) timestamp=3319 ms, used_size=1363968 bytes (3.3%)
(RDMA_READ_CONSUME_CHECK_CONSUMER) timestamp=3319 ms, used_size=1361920 bytes (3.3%)
(RDMA_READ_CONSUME_CHECK_CONSUMER) timestamp=3319 ms, used_size=1359872 bytes (3.3%)
(RDMA_READ_CONSUME_CHECK_CONSUMER) timestamp=3319 ms, used_size=1357824 bytes (3.3%)
(RDMA_READ_CONSUME_CHECK_CONSUMER) timestamp=3319 ms, used_size=1355776 bytes (3.3%)
(RDMA_READ_CONSUME_CHECK_CONSUMER) timestamp=3319 ms, used_size=1353728 bytes (3.3%)
(RDMA_READ_CONSUME_CHECK_CONSUMER) timestamp=3319 ms, used_size=1351680 bytes (3.3%)
(RDMA_READ_CONSUME_CHECK_CONSUMER) timestamp=3319 ms, used_size=1349632 bytes (3.3%)
(RDMA_READ_CONSUME_CHECK_CONSUMER) timestamp=3319 ms, used_size=1347584 bytes (3.3%)
(RDMA_READ_CONSUME_CHECK_CONSUMER) timestamp=3319 ms, used_size=1345536 bytes (3.3%)
(RDMA_READ_CONSUME_CHECK_CONSUMER) timestamp=3319 ms, used_size=1343488 bytes (3.3%)
(RDMA_READ_CONSUME_CHECK_CONSUMER) timestamp=3319 ms, used_size=1341440 bytes (3.3%)
(RDMA_READ_CONSUME_CHECK_CONSUMER) timestamp=3319 ms, used_size=1339392 bytes (3.3%)
(RDMA_READ_CONSUME_CHECK_CONSUMER) timestamp=3319 ms, used_size=1337344 bytes (3.3%)
(RDMA_READ_CONSUME_CHECK_CONSUMER) timestamp=3319 ms, used_size=1335296 bytes (3.3%)
(RDMA_READ_CONSUME_CHECK_CONSUMER) timestamp=3319 ms, used_size=1333248 bytes (3.3%)
(RDMA_READ_CONSUME_CHECK_CONSUMER) timestamp=3319 ms, used_size=1331200 bytes (3.2%)
(RDMA_READ_CONSUME_CHECK_CONSUMER) timestamp=3319 ms, used_size=1329152 bytes (3.2%)
(RDMA_READ_CONSUME_CHECK_CONSUMER) timestamp=3319 ms, used_size=1327104 bytes (3.2%)
(RDMA_READ_CONSUME_CHECK_CONSUMER) timestamp=3319 ms, used_size=1325056 bytes (3.2%)
(RDMA_READ_CONSUME_CHECK_CONSUMER) timestamp=3319 ms, used_size=1323008 bytes (3.2%)
(RDMA_READ_CONSUME_CHECK_CONSUMER) timestamp=3319 ms, used_size=1320960 bytes (3.2%)
(RDMA_READ_CONSUME_CHECK_CONSUMER) timestamp=3319 ms, used_size=1318912 bytes (3.2%)
(RDMA_READ_CONSUME_CHECK_CONSUMER) timestamp=3319 ms, used_size=1316864 bytes (3.2%)
(RDMA_READ_CONSUME_CHECK_CONSUMER) timestamp=3319 ms, used_size=1314816 bytes (3.2%)
(RDMA_READ_CONSUME_CHECK_CONSUMER) timestamp=3319 ms, used_size=1312768 bytes (3.2%)
(RDMA_READ_CONSUME_CHECK_CONSUMER) timestamp=3319 ms, used_size=1310720 bytes (3.2%)
(RDMA_READ_CONSUME_CHECK_CONSUMER) timestamp=3319 ms, used_size=1308672 bytes (3.2%)
(RDMA_READ_CONSUME_CHECK_CONSUMER) timestamp=3319 ms, used_size=1306624 bytes (3.2%)
(RDMA_READ_CONSUME_CHECK_CONSUMER) timestamp=3319 ms, used_size=1304576 bytes (3.2%)
(RDMA_READ_CONSUME_CHECK_CONSUMER) timestamp=3319 ms, used_size=1302528 bytes (3.2%)
(RDMA_READ_CONSUME_CHECK_CONSUMER) timestamp=3319 ms, used_size=1300480 bytes (3.2%)
(RDMA_READ_CONSUME_CHECK_CONSUMER) timestamp=3319 ms, used_size=1298432 bytes (3.2%)
(RDMA_READ_CONSUME_CHECK_CONSUMER) timestamp=3319 ms, used_size=1296384 bytes (3.2%)
(RDMA_READ_CONSUME_CHECK_CONSUMER) timestamp=3319 ms, used_size=1294336 bytes (3.2%)
(RDMA_READ_CONSUME_CHECK_CONSUMER) timestamp=3319 ms, used_size=1292288 bytes (3.2%)
(RDMA_READ_CONSUME_CHECK_CONSUMER) timestamp=3319 ms, used_size=1290240 bytes (3.1%)
(RDMA_READ_CONSUME_CHECK_CONSUMER) timestamp=3319 ms, used_size=1288192 bytes (3.1%)
(RDMA_READ_CONSUME_CHECK_CONSUMER) timestamp=3319 ms, used_size=1286144 bytes (3.1%)
(RDMA_READ_CONSUME_CHECK_CONSUMER) timestamp=3319 ms, used_size=1284096 bytes (3.1%)
(RDMA_READ_CONSUME_CHECK_CONSUMER) timestamp=3319 ms, used_size=1282048 bytes (3.1%)
(RDMA_READ_CONSUME_CHECK_CONSUMER) timestamp=3319 ms, used_size=1280000 bytes (3.1%)
(RDMA_READ_CONSUME_CHECK_CONSUMER) timestamp=3319 ms, used_size=1277952 bytes (3.1%)
(RDMA_READ_CONSUME_CHECK_CONSUMER) timestamp=3319 ms, used_size=1275904 bytes (3.1%)
(RDMA_READ_CONSUME_CHECK_CONSUMER) timestamp=3319 ms, used_size=1273856 bytes (3.1%)
(RDMA_READ_CONSUME_CHECK_CONSUMER) timestamp=3319 ms, used_size=1271808 bytes (3.1%)
(RDMA_READ_CONSUME_CHECK_CONSUMER) timestamp=3319 ms, used_size=1269760 bytes (3.1%)
(RDMA_READ_CONSUME_CHECK_CONSUMER) timestamp=3319 ms, used_size=1267712 bytes (3.1%)
(RDMA_READ_CONSUME_CHECK_CONSUMER) timestamp=3319 ms, used_size=1265664 bytes (3.1%)
(RDMA_READ_CONSUME_CHECK_CONSUMER) timestamp=3319 ms, used_size=1263616 bytes (3.1%)
(RDMA_READ_CONSUME_CHECK_CONSUMER) timestamp=3319 ms, used_size=1261568 bytes (3.1%)
(RDMA_READ_CONSUME_CHECK_CONSUMER) timestamp=3319 ms, used_size=1259520 bytes (3.1%)
(RDMA_READ_CONSUME_CHECK_CONSUMER) timestamp=3319 ms, used_size=1257472 bytes (3.1%)
(RDMA_READ_CONSUME_CHECK_CONSUMER) timestamp=3319 ms, used_size=1255424 bytes (3.1%)
(RDMA_READ_CONSUME_CHECK_CONSUMER) timestamp=3319 ms, used_size=1253376 bytes (3.1%)
(RDMA_READ_CONSUME_CHECK_CONSUMER) timestamp=3319 ms, used_size=1251328 bytes (3.1%)
(RDMA_READ_CONSUME_CHECK_CONSUMER) timestamp=3319 ms, used_size=1249280 bytes (3.0%)
(RDMA_READ_CONSUME_CHECK_CONSUMER) timestamp=3319 ms, used_size=1247232 bytes (3.0%)
(RDMA_READ_CONSUME_CHECK_CONSUMER) timestamp=3319 ms, used_size=1245184 bytes (3.0%)
(RDMA_READ_CONSUME_CHECK_CONSUMER) timestamp=3319 ms, used_size=1243136 bytes (3.0%)
(RDMA_READ_CONSUME_CHECK_CONSUMER) timestamp=3319 ms, used_size=1241088 bytes (3.0%)
(RDMA_READ_CONSUME_CHECK_CONSUMER) timestamp=3319 ms, used_size=1239040 bytes (3.0%)
(RDMA_READ_CONSUME_CHECK_CONSUMER) timestamp=3319 ms, used_size=1236992 bytes (3.0%)
(RDMA_READ_CONSUME_CHECK_CONSUMER) timestamp=3319 ms, used_size=1234944 bytes (3.0%)
(RDMA_READ_CONSUME_CHECK_CONSUMER) timestamp=3319 ms, used_size=1232896 bytes (3.0%)
(RDMA_READ_CONSUME_CHECK_CONSUMER) timestamp=3319 ms, used_size=1230848 bytes (3.0%)
(RDMA_READ_CONSUME_CHECK_CONSUMER) timestamp=3319 ms, used_size=1228800 bytes (3.0%)
(RDMA_READ_CONSUME_CHECK_CONSUMER) timestamp=3319 ms, used_size=1226752 bytes (3.0%)
(RDMA_READ_CONSUME_CHECK_CONSUMER) timestamp=3319 ms, used_size=1224704 bytes (3.0%)
(RDMA_READ_CONSUME_CHECK_CONSUMER) timestamp=3319 ms, used_size=1222656 bytes (3.0%)
(RDMA_READ_CONSUME_CHECK_CONSUMER) timestamp=3319 ms, used_size=1220608 bytes (3.0%)
(RDMA_READ_CONSUME_CHECK_CONSUMER) timestamp=3319 ms, used_size=1218560 bytes (3.0%)
(RDMA_READ_CONSUME_CHECK_CONSUMER) timestamp=3319 ms, used_size=1216512 bytes (3.0%)
(RDMA_READ_CONSUME_CHECK_CONSUMER) timestamp=3319 ms, used_size=1214464 bytes (3.0%)
(RDMA_READ_CONSUME_CHECK_CONSUMER) timestamp=3319 ms, used_size=1212416 bytes (3.0%)
(RDMA_READ_CONSUME_CHECK_CONSUMER) timestamp=3319 ms, used_size=1210368 bytes (3.0%)
(RDMA_READ_CONSUME_CHECK_CONSUMER) timestamp=3319 ms, used_size=1208320 bytes (3.0%)
(RDMA_READ_CONSUME_CHECK_CONSUMER) timestamp=3319 ms, used_size=1206272 bytes (2.9%)
(RDMA_READ_CONSUME_CHECK_CONSUMER) timestamp=3319 ms, used_size=1204224 bytes (2.9%)
(RDMA_READ_CONSUME_CHECK_CONSUMER) timestamp=3319 ms, used_size=1202176 bytes (2.9%)
(RDMA_READ_CONSUME_CHECK_CONSUMER) timestamp=3319 ms, used_size=1200128 bytes (2.9%)
(RDMA_READ_CONSUME_CHECK_CONSUMER) timestamp=3319 ms, used_size=1198080 bytes (2.9%)
(RDMA_READ_CONSUME_CHECK_CONSUMER) timestamp=3319 ms, used_size=1196032 bytes (2.9%)
(RDMA_READ_CONSUME_CHECK_CONSUMER) timestamp=3319 ms, used_size=1193984 bytes (2.9%)
(RDMA_READ_CONSUME_CHECK_CONSUMER) timestamp=3319 ms, used_size=1191936 bytes (2.9%)
(RDMA_READ_CONSUME_CHECK_CONSUMER) timestamp=3319 ms, used_size=1189888 bytes (2.9%)
(RDMA_READ_CONSUME_CHECK_CONSUMER) timestamp=3319 ms, used_size=1187840 bytes (2.9%)
(RDMA_READ_CONSUME_CHECK_CONSUMER) timestamp=3319 ms, used_size=1185792 bytes (2.9%)
(RDMA_READ_CONSUME_CHECK_CONSUMER) timestamp=3319 ms, used_size=1183744 bytes (2.9%)
(RDMA_READ_CONSUME_CHECK_CONSUMER) timestamp=3319 ms, used_size=1181696 bytes (2.9%)
(RDMA_READ_CONSUME_CHECK_CONSUMER) timestamp=3319 ms, used_size=1179648 bytes (2.9%)
(RDMA_READ_CONSUME_CHECK_CONSUMER) timestamp=3319 ms, used_size=1177600 bytes (2.9%)
(RDMA_READ_CONSUME_CHECK_CONSUMER) timestamp=3319 ms, used_size=1175552 bytes (2.9%)
(RDMA_READ_CONSUME_CHECK_CONSUMER) timestamp=3319 ms, used_size=1173504 bytes (2.9%)
(RDMA_READ_CONSUME_CHECK_CONSUMER) timestamp=3319 ms, used_size=1171456 bytes (2.9%)
(RDMA_READ_CONSUME_CHECK_CONSUMER) timestamp=3319 ms, used_size=1169408 bytes (2.9%)
(RDMA_READ_CONSUME_CHECK_CONSUMER) timestamp=3319 ms, used_size=1167360 bytes (2.9%)
(RDMA_READ_CONSUME_CHECK_CONSUMER) timestamp=3319 ms, used_size=1165312 bytes (2.8%)
(RDMA_READ_CONSUME_CHECK_CONSUMER) timestamp=3319 ms, used_size=1163264 bytes (2.8%)
(RDMA_READ_CONSUME_CHECK_CONSUMER) timestamp=3319 ms, used_size=1161216 bytes (2.8%)
(RDMA_READ_CONSUME_CHECK_CONSUMER) timestamp=3319 ms, used_size=1159168 bytes (2.8%)
(RDMA_READ_CONSUME_CHECK_CONSUMER) timestamp=3319 ms, used_size=1157120 bytes (2.8%)
(RDMA_READ_CONSUME_CHECK_CONSUMER) timestamp=3319 ms, used_size=1155072 bytes (2.8%)
(RDMA_READ_CONSUME_CHECK_CONSUMER) timestamp=3319 ms, used_size=1153024 bytes (2.8%)
(RDMA_READ_CONSUME_CHECK_CONSUMER) timestamp=3319 ms, used_size=1150976 bytes (2.8%)
(RDMA_READ_CONSUME_CHECK_CONSUMER) timestamp=3319 ms, used_size=1148928 bytes (2.8%)
(RDMA_READ_CONSUME_CHECK_CONSUMER) timestamp=3319 ms, used_size=1146880 bytes (2.8%)
(RDMA_READ_CONSUME_CHECK_CONSUMER) timestamp=3319 ms, used_size=1144832 bytes (2.8%)
(RDMA_READ_CONSUME_CHECK_CONSUMER) timestamp=3319 ms, used_size=1142784 bytes (2.8%)
(RDMA_READ_CONSUME_CHECK_CONSUMER) timestamp=3319 ms, used_size=1140736 bytes (2.8%)
(RDMA_READ_CONSUME_CHECK_CONSUMER) timestamp=3319 ms, used_size=1138688 bytes (2.8%)
(RDMA_READ_CONSUME_CHECK_CONSUMER) timestamp=3319 ms, used_size=1136640 bytes (2.8%)
(RDMA_READ_CONSUME_CHECK_CONSUMER) timestamp=3319 ms, used_size=1134592 bytes (2.8%)
(RDMA_READ_CONSUME_CHECK_CONSUMER) timestamp=3319 ms, used_size=1132544 bytes (2.8%)
(RDMA_READ_CONSUME_CHECK_CONSUMER) timestamp=3319 ms, used_size=1130496 bytes (2.8%)
(RDMA_READ_CONSUME_CHECK_CONSUMER) timestamp=3319 ms, used_size=1128448 bytes (2.8%)
(RDMA_READ_CONSUME_CHECK_CONSUMER) timestamp=3319 ms, used_size=1126400 bytes (2.8%)
(RDMA_READ_CONSUME_CHECK_CONSUMER) timestamp=3319 ms, used_size=1124352 bytes (2.7%)
(RDMA_READ_CONSUME_CHECK_CONSUMER) timestamp=3319 ms, used_size=1122304 bytes (2.7%)
(RDMA_READ_CONSUME_CHECK_CONSUMER) timestamp=3319 ms, used_size=1120256 bytes (2.7%)
(RDMA_READ_CONSUME_CHECK_CONSUMER) timestamp=3319 ms, used_size=1118208 bytes (2.7%)
(RDMA_READ_CONSUME_CHECK_CONSUMER) timestamp=3319 ms, used_size=1116160 bytes (2.7%)
(RDMA_READ_CONSUME_CHECK_CONSUMER) timestamp=3319 ms, used_size=1114112 bytes (2.7%)
(RDMA_READ_CONSUME_CHECK_CONSUMER) timestamp=3319 ms, used_size=1112064 bytes (2.7%)
(RDMA_READ_CONSUME_CHECK_CONSUMER) timestamp=3319 ms, used_size=1110016 bytes (2.7%)
(RDMA_READ_CONSUME_CHECK_CONSUMER) timestamp=3319 ms, used_size=1107968 bytes (2.7%)
(RDMA_READ_CONSUME_CHECK_CONSUMER) timestamp=3319 ms, used_size=1105920 bytes (2.7%)
(RDMA_READ_CONSUME_CHECK_CONSUMER) timestamp=3319 ms, used_size=1103872 bytes (2.7%)
(RDMA_READ_CONSUME_CHECK_CONSUMER) timestamp=3319 ms, used_size=1101824 bytes (2.7%)
(RDMA_READ_CONSUME_CHECK_CONSUMER) timestamp=3319 ms, used_size=1099776 bytes (2.7%)
(RDMA_READ_CONSUME_CHECK_CONSUMER) timestamp=3319 ms, used_size=1097728 bytes (2.7%)
(RDMA_READ_CONSUME_CHECK_CONSUMER) timestamp=3319 ms, used_size=1095680 bytes (2.7%)
(RDMA_READ_CONSUME_CHECK_CONSUMER) timestamp=3319 ms, used_size=1093632 bytes (2.7%)
(RDMA_READ_CONSUME_CHECK_CONSUMER) timestamp=3319 ms, used_size=1091584 bytes (2.7%)
(RDMA_READ_CONSUME_CHECK_CONSUMER) timestamp=3319 ms, used_size=1089536 bytes (2.7%)
(RDMA_READ_CONSUME_CHECK_CONSUMER) timestamp=3319 ms, used_size=1087488 bytes (2.7%)
(RDMA_READ_CONSUME_CHECK_CONSUMER) timestamp=3319 ms, used_size=1085440 bytes (2.6%)
(RDMA_READ_CONSUME_CHECK_CONSUMER) timestamp=3319 ms, used_size=1083392 bytes (2.6%)
(RDMA_READ_CONSUME_CHECK_CONSUMER) timestamp=3319 ms, used_size=1081344 bytes (2.6%)
(RDMA_READ_CONSUME_CHECK_CONSUMER) timestamp=3319 ms, used_size=1079296 bytes (2.6%)
(RDMA_READ_CONSUME_CHECK_CONSUMER) timestamp=3319 ms, used_size=1077248 bytes (2.6%)
(RDMA_READ_CONSUME_CHECK_CONSUMER) timestamp=3319 ms, used_size=1075200 bytes (2.6%)
(RDMA_READ_CONSUME_CHECK_CONSUMER) timestamp=3319 ms, used_size=1073152 bytes (2.6%)
(RDMA_READ_CONSUME_CHECK_CONSUMER) timestamp=3319 ms, used_size=1071104 bytes (2.6%)
(RDMA_READ_CONSUME_CHECK_CONSUMER) timestamp=3319 ms, used_size=1069056 bytes (2.6%)
(RDMA_READ_CONSUME_CHECK_CONSUMER) timestamp=3319 ms, used_size=1067008 bytes (2.6%)
(RDMA_READ_CONSUME_CHECK_CONSUMER) timestamp=3319 ms, used_size=1064960 bytes (2.6%)
(RDMA_READ_CONSUME_CHECK_CONSUMER) timestamp=3319 ms, used_size=1062912 bytes (2.6%)
(RDMA_READ_CONSUME_CHECK_CONSUMER) timestamp=3319 ms, used_size=1060864 bytes (2.6%)
(RDMA_READ_CONSUME_CHECK_CONSUMER) timestamp=3319 ms, used_size=1058816 bytes (2.6%)
(RDMA_READ_CONSUME_CHECK_CONSUMER) timestamp=3319 ms, used_size=1056768 bytes (2.6%)
(RDMA_READ_CONSUME_CHECK_CONSUMER) timestamp=3319 ms, used_size=1054720 bytes (2.6%)
(RDMA_READ_CONSUME_CHECK_CONSUMER) timestamp=3319 ms, used_size=1052672 bytes (2.6%)
(RDMA_READ_CONSUME_CHECK_CONSUMER) timestamp=3319 ms, used_size=1050624 bytes (2.6%)
(RDMA_READ_CONSUME_CHECK_CONSUMER) timestamp=3319 ms, used_size=1048576 bytes (2.6%)
(RDMA_READ_CONSUME_CHECK_CONSUMER) timestamp=3319 ms, used_size=1046528 bytes (2.6%)
(RDMA_READ_CONSUME_CHECK_CONSUMER) timestamp=3319 ms, used_size=1044480 bytes (2.5%)
(RDMA_READ_CONSUME_CHECK_CONSUMER) timestamp=3319 ms, used_size=1042432 bytes (2.5%)
(RDMA_READ_CONSUME_CHECK_CONSUMER) timestamp=3319 ms, used_size=1040384 bytes (2.5%)
(RDMA_READ_CONSUME_CHECK_CONSUMER) timestamp=3319 ms, used_size=1038336 bytes (2.5%)
(RDMA_READ_CONSUME_CHECK_CONSUMER) timestamp=3319 ms, used_size=1036288 bytes (2.5%)
(RDMA_READ_CONSUME_CHECK_CONSUMER) timestamp=3319 ms, used_size=1034240 bytes (2.5%)
(RDMA_READ_CONSUME_CHECK_CONSUMER) timestamp=3319 ms, used_size=1032192 bytes (2.5%)
(RDMA_READ_CONSUME_CHECK_CONSUMER) timestamp=3319 ms, used_size=1030144 bytes (2.5%)
(RDMA_READ_CONSUME_CHECK_CONSUMER) timestamp=3319 ms, used_size=1028096 bytes (2.5%)
(RDMA_READ_CONSUME_CHECK_CONSUMER) timestamp=3319 ms, used_size=1026048 bytes (2.5%)
(RDMA_READ_CONSUME_CHECK_CONSUMER) timestamp=3319 ms, used_size=1024000 bytes (2.5%)
(RDMA_READ_CONSUME_CHECK_CONSUMER) timestamp=3319 ms, used_size=1021952 bytes (2.5%)
(RDMA_READ_CONSUME_CHECK_CONSUMER) timestamp=3319 ms, used_size=1019904 bytes (2.5%)
(RDMA_READ_CONSUME_CHECK_CONSUMER) timestamp=3319 ms, used_size=1017856 bytes (2.5%)
(RDMA_READ_CONSUME_CHECK_CONSUMER) timestamp=3319 ms, used_size=1015808 bytes (2.5%)
(RDMA_READ_CONSUME_CHECK_CONSUMER) timestamp=3319 ms, used_size=1013760 bytes (2.5%)
(RDMA_READ_CONSUME_CHECK_CONSUMER) timestamp=3319 ms, used_size=1011712 bytes (2.5%)
(RDMA_READ_CONSUME_CHECK_CONSUMER) timestamp=3319 ms, used_size=1009664 bytes (2.5%)
(RDMA_READ_CONSUME_CHECK_CONSUMER) timestamp=3319 ms, used_size=1007616 bytes (2.5%)
(RDMA_READ_CONSUME_CHECK_CONSUMER) timestamp=3319 ms, used_size=1005568 bytes (2.5%)
(RDMA_READ_CONSUME_CHECK_CONSUMER) timestamp=3320 ms, used_size=1003520 bytes (2.5%)
(RDMA_READ_CONSUME_CHECK_CONSUMER) timestamp=3320 ms, used_size=1001472 bytes (2.4%)
(RDMA_READ_CONSUME_CHECK_CONSUMER) timestamp=3320 ms, used_size=999424 bytes (2.4%)
(RDMA_READ_CONSUME_CHECK_CONSUMER) timestamp=3320 ms, used_size=997376 bytes (2.4%)
(RDMA_READ_CONSUME_CHECK_CONSUMER) timestamp=3320 ms, used_size=995328 bytes (2.4%)
(RDMA_READ_CONSUME_CHECK_CONSUMER) timestamp=3320 ms, used_size=993280 bytes (2.4%)
(RDMA_READ_CONSUME_CHECK_CONSUMER) timestamp=3320 ms, used_size=991232 bytes (2.4%)
(RDMA_READ_CONSUME_CHECK_CONSUMER) timestamp=3320 ms, used_size=989184 bytes (2.4%)
(RDMA_READ_CONSUME_CHECK_CONSUMER) timestamp=3320 ms, used_size=987136 bytes (2.4%)
(RDMA_READ_CONSUME_CHECK_CONSUMER) timestamp=3320 ms, used_size=985088 bytes (2.4%)
(RDMA_READ_CONSUME_CHECK_CONSUMER) timestamp=3320 ms, used_size=983040 bytes (2.4%)
(RDMA_READ_CONSUME_CHECK_CONSUMER) timestamp=3320 ms, used_size=980992 bytes (2.4%)
(RDMA_READ_CONSUME_CHECK_CONSUMER) timestamp=3320 ms, used_size=978944 bytes (2.4%)
(RDMA_READ_CONSUME_CHECK_CONSUMER) timestamp=3320 ms, used_size=976896 bytes (2.4%)
(RDMA_READ_CONSUME_CHECK_CONSUMER) timestamp=3320 ms, used_size=974848 bytes (2.4%)
(RDMA_READ_CONSUME_CHECK_CONSUMER) timestamp=3320 ms, used_size=972800 bytes (2.4%)
(RDMA_READ_CONSUME_CHECK_CONSUMER) timestamp=3320 ms, used_size=970752 bytes (2.4%)
(RDMA_READ_CONSUME_CHECK_CONSUMER) timestamp=3320 ms, used_size=968704 bytes (2.4%)
(RDMA_READ_CONSUME_CHECK_CONSUMER) timestamp=3320 ms, used_size=966656 bytes (2.4%)
(RDMA_READ_CONSUME_CHECK_CONSUMER) timestamp=3320 ms, used_size=964608 bytes (2.4%)
(RDMA_READ_CONSUME_CHECK_CONSUMER) timestamp=3320 ms, used_size=962560 bytes (2.4%)
(RDMA_READ_CONSUME_CHECK_CONSUMER) timestamp=3320 ms, used_size=960512 bytes (2.3%)
(RDMA_READ_CONSUME_CHECK_CONSUMER) timestamp=3320 ms, used_size=958464 bytes (2.3%)
(RDMA_READ_CONSUME_CHECK_CONSUMER) timestamp=3320 ms, used_size=956416 bytes (2.3%)
(RDMA_READ_CONSUME_CHECK_CONSUMER) timestamp=3320 ms, used_size=954368 bytes (2.3%)
(RDMA_READ_CONSUME_CHECK_CONSUMER) timestamp=3320 ms, used_size=952320 bytes (2.3%)
(RDMA_READ_CONSUME_CHECK_CONSUMER) timestamp=3320 ms, used_size=950272 bytes (2.3%)
(RDMA_READ_CONSUME_CHECK_CONSUMER) timestamp=3320 ms, used_size=948224 bytes (2.3%)
(RDMA_READ_CONSUME_CHECK_CONSUMER) timestamp=3320 ms, used_size=946176 bytes (2.3%)
(RDMA_READ_CONSUME_CHECK_CONSUMER) timestamp=3320 ms, used_size=944128 bytes (2.3%)
(RDMA_READ_CONSUME_CHECK_CONSUMER) timestamp=3320 ms, used_size=942080 bytes (2.3%)
(RDMA_READ_CONSUME_CHECK_CONSUMER) timestamp=3320 ms, used_size=940032 bytes (2.3%)
(RDMA_READ_CONSUME_CHECK_CONSUMER) timestamp=3320 ms, used_size=937984 bytes (2.3%)
(RDMA_READ_CONSUME_CHECK_CONSUMER) timestamp=3320 ms, used_size=935936 bytes (2.3%)
(RDMA_READ_CONSUME_CHECK_CONSUMER) timestamp=3320 ms, used_size=933888 bytes (2.3%)
(RDMA_READ_CONSUME_CHECK_CONSUMER) timestamp=3320 ms, used_size=931840 bytes (2.3%)
(RDMA_READ_CONSUME_CHECK_CONSUMER) timestamp=3320 ms, used_size=929792 bytes (2.3%)
(RDMA_READ_CONSUME_CHECK_CONSUMER) timestamp=3320 ms, used_size=927744 bytes (2.3%)
(RDMA_READ_CONSUME_CHECK_CONSUMER) timestamp=3320 ms, used_size=925696 bytes (2.3%)
(RDMA_READ_CONSUME_CHECK_CONSUMER) timestamp=3320 ms, used_size=923648 bytes (2.3%)
(RDMA_READ_CONSUME_CHECK_CONSUMER) timestamp=3320 ms, used_size=921600 bytes (2.2%)
(RDMA_READ_CONSUME_CHECK_CONSUMER) timestamp=3320 ms, used_size=919552 bytes (2.2%)
(RDMA_READ_CONSUME_CHECK_CONSUMER) timestamp=3320 ms, used_size=917504 bytes (2.2%)
(RDMA_READ_CONSUME_CHECK_CONSUMER) timestamp=3320 ms, used_size=915456 bytes (2.2%)
(RDMA_READ_CONSUME_CHECK_CONSUMER) timestamp=3320 ms, used_size=913408 bytes (2.2%)
(RDMA_READ_CONSUME_CHECK_CONSUMER) timestamp=3320 ms, used_size=911360 bytes (2.2%)
(RDMA_READ_CONSUME_CHECK_CONSUMER) timestamp=3320 ms, used_size=909312 bytes (2.2%)
(RDMA_READ_CONSUME_CHECK_CONSUMER) timestamp=3320 ms, used_size=907264 bytes (2.2%)
(RDMA_READ_CONSUME_CHECK_CONSUMER) timestamp=3320 ms, used_size=905216 bytes (2.2%)
(RDMA_READ_CONSUME_CHECK_CONSUMER) timestamp=3320 ms, used_size=903168 bytes (2.2%)
(RDMA_READ_CONSUME_CHECK_CONSUMER) timestamp=3320 ms, used_size=901120 bytes (2.2%)
(RDMA_READ_CONSUME_CHECK_CONSUMER) timestamp=3320 ms, used_size=899072 bytes (2.2%)
(RDMA_READ_CONSUME_CHECK_CONSUMER) timestamp=3320 ms, used_size=897024 bytes (2.2%)
(RDMA_READ_CONSUME_CHECK_CONSUMER) timestamp=3320 ms, used_size=894976 bytes (2.2%)
(RDMA_READ_CONSUME_CHECK_CONSUMER) timestamp=3320 ms, used_size=892928 bytes (2.2%)
(RDMA_READ_CONSUME_CHECK_CONSUMER) timestamp=3320 ms, used_size=890880 bytes (2.2%)
(RDMA_READ_CONSUME_CHECK_CONSUMER) timestamp=3320 ms, used_size=888832 bytes (2.2%)
(RDMA_READ_CONSUME_CHECK_CONSUMER) timestamp=3320 ms, used_size=886784 bytes (2.2%)
(RDMA_READ_CONSUME_CHECK_CONSUMER) timestamp=3320 ms, used_size=884736 bytes (2.2%)
(RDMA_READ_CONSUME_CHECK_CONSUMER) timestamp=3320 ms, used_size=882688 bytes (2.2%)
(RDMA_READ_CONSUME_CHECK_CONSUMER) timestamp=3320 ms, used_size=880640 bytes (2.1%)
(RDMA_READ_CONSUME_CHECK_CONSUMER) timestamp=3320 ms, used_size=878592 bytes (2.1%)
(RDMA_READ_CONSUME_CHECK_CONSUMER) timestamp=3320 ms, used_size=876544 bytes (2.1%)
(RDMA_READ_CONSUME_CHECK_CONSUMER) timestamp=3320 ms, used_size=874496 bytes (2.1%)
(RDMA_READ_CONSUME_CHECK_CONSUMER) timestamp=3320 ms, used_size=872448 bytes (2.1%)
(RDMA_READ_CONSUME_CHECK_CONSUMER) timestamp=3320 ms, used_size=870400 bytes (2.1%)
(RDMA_READ_CONSUME_CHECK_CONSUMER) timestamp=3320 ms, used_size=868352 bytes (2.1%)
(RDMA_READ_CONSUME_CHECK_CONSUMER) timestamp=3320 ms, used_size=866304 bytes (2.1%)
(RDMA_READ_CONSUME_CHECK_CONSUMER) timestamp=3320 ms, used_size=864256 bytes (2.1%)
(RDMA_READ_CONSUME_CHECK_CONSUMER) timestamp=3320 ms, used_size=862208 bytes (2.1%)
(RDMA_READ_CONSUME_CHECK_CONSUMER) timestamp=3320 ms, used_size=860160 bytes (2.1%)
(RDMA_READ_CONSUME_CHECK_CONSUMER) timestamp=3320 ms, used_size=858112 bytes (2.1%)
(RDMA_READ_CONSUME_CHECK_CONSUMER) timestamp=3320 ms, used_size=856064 bytes (2.1%)
(RDMA_READ_CONSUME_CHECK_CONSUMER) timestamp=3320 ms, used_size=854016 bytes (2.1%)
(RDMA_READ_CONSUME_CHECK_CONSUMER) timestamp=3320 ms, used_size=851968 bytes (2.1%)
(RDMA_READ_CONSUME_CHECK_CONSUMER) timestamp=3320 ms, used_size=849920 bytes (2.1%)
(RDMA_READ_CONSUME_CHECK_CONSUMER) timestamp=3320 ms, used_size=847872 bytes (2.1%)
(RDMA_READ_CONSUME_CHECK_CONSUMER) timestamp=3320 ms, used_size=845824 bytes (2.1%)
(RDMA_READ_CONSUME_CHECK_CONSUMER) timestamp=3320 ms, used_size=843776 bytes (2.1%)
(RDMA_READ_CONSUME_CHECK_CONSUMER) timestamp=3320 ms, used_size=841728 bytes (2.1%)
(RDMA_READ_CONSUME_CHECK_CONSUMER) timestamp=3320 ms, used_size=839680 bytes (2.0%)
(RDMA_READ_CONSUME_CHECK_CONSUMER) timestamp=3320 ms, used_size=837632 bytes (2.0%)
(RDMA_READ_CONSUME_CHECK_CONSUMER) timestamp=3320 ms, used_size=835584 bytes (2.0%)
(RDMA_READ_CONSUME_CHECK_CONSUMER) timestamp=3320 ms, used_size=833536 bytes (2.0%)
(RDMA_READ_CONSUME_CHECK_CONSUMER) timestamp=3320 ms, used_size=831488 bytes (2.0%)
(RDMA_READ_CONSUME_CHECK_CONSUMER) timestamp=3320 ms, used_size=829440 bytes (2.0%)
(RDMA_READ_CONSUME_CHECK_CONSUMER) timestamp=3320 ms, used_size=827392 bytes (2.0%)
(RDMA_READ_CONSUME_CHECK_CONSUMER) timestamp=3320 ms, used_size=825344 bytes (2.0%)
(RDMA_READ_CONSUME_CHECK_CONSUMER) timestamp=3320 ms, used_size=823296 bytes (2.0%)
(RDMA_READ_CONSUME_CHECK_CONSUMER) timestamp=3320 ms, used_size=821248 bytes (2.0%)
(RDMA_READ_CONSUME_CHECK_CONSUMER) timestamp=3320 ms, used_size=819200 bytes (2.0%)
(RDMA_READ_CONSUME_CHECK_CONSUMER) timestamp=3320 ms, used_size=817152 bytes (2.0%)
(RDMA_READ_CONSUME_CHECK_CONSUMER) timestamp=3320 ms, used_size=815104 bytes (2.0%)
(RDMA_READ_CONSUME_CHECK_CONSUMER) timestamp=3320 ms, used_size=813056 bytes (2.0%)
(RDMA_READ_CONSUME_CHECK_CONSUMER) timestamp=3320 ms, used_size=811008 bytes (2.0%)
(RDMA_READ_CONSUME_CHECK_CONSUMER) timestamp=3320 ms, used_size=808960 bytes (2.0%)
(RDMA_READ_CONSUME_CHECK_CONSUMER) timestamp=3320 ms, used_size=806912 bytes (2.0%)
(RDMA_READ_CONSUME_CHECK_CONSUMER) timestamp=3320 ms, used_size=804864 bytes (2.0%)
(RDMA_READ_CONSUME_CHECK_CONSUMER) timestamp=3320 ms, used_size=802816 bytes (2.0%)
(RDMA_READ_CONSUME_CHECK_CONSUMER) timestamp=3320 ms, used_size=800768 bytes (2.0%)
(RDMA_READ_CONSUME_CHECK_CONSUMER) timestamp=3320 ms, used_size=798720 bytes (1.9%)
(RDMA_READ_CONSUME_CHECK_CONSUMER) timestamp=3320 ms, used_size=796672 bytes (1.9%)
(RDMA_READ_CONSUME_CHECK_CONSUMER) timestamp=3320 ms, used_size=794624 bytes (1.9%)
(RDMA_READ_CONSUME_CHECK_CONSUMER) timestamp=3320 ms, used_size=792576 bytes (1.9%)
(RDMA_READ_CONSUME_CHECK_CONSUMER) timestamp=3320 ms, used_size=790528 bytes (1.9%)
(RDMA_READ_CONSUME_CHECK_CONSUMER) timestamp=3320 ms, used_size=788480 bytes (1.9%)
(RDMA_READ_CONSUME_CHECK_CONSUMER) timestamp=3320 ms, used_size=786432 bytes (1.9%)
(RDMA_READ_CONSUME_CHECK_CONSUMER) timestamp=3320 ms, used_size=784384 bytes (1.9%)
(RDMA_READ_CONSUME_CHECK_CONSUMER) timestamp=3320 ms, used_size=782336 bytes (1.9%)
(RDMA_READ_CONSUME_CHECK_CONSUMER) timestamp=3320 ms, used_size=780288 bytes (1.9%)
(RDMA_READ_CONSUME_CHECK_CONSUMER) timestamp=3320 ms, used_size=778240 bytes (1.9%)
(RDMA_READ_CONSUME_CHECK_CONSUMER) timestamp=3320 ms, used_size=776192 bytes (1.9%)
(RDMA_READ_CONSUME_CHECK_CONSUMER) timestamp=3320 ms, used_size=774144 bytes (1.9%)
(RDMA_READ_CONSUME_CHECK_CONSUMER) timestamp=3320 ms, used_size=772096 bytes (1.9%)
(RDMA_READ_CONSUME_CHECK_CONSUMER) timestamp=3320 ms, used_size=770048 bytes (1.9%)
(RDMA_READ_CONSUME_CHECK_CONSUMER) timestamp=3320 ms, used_size=768000 bytes (1.9%)
(RDMA_READ_CONSUME_CHECK_CONSUMER) timestamp=3320 ms, used_size=765952 bytes (1.9%)
(RDMA_READ_CONSUME_CHECK_CONSUMER) timestamp=3320 ms, used_size=763904 bytes (1.9%)
(RDMA_READ_CONSUME_CHECK_CONSUMER) timestamp=3320 ms, used_size=761856 bytes (1.9%)
(RDMA_READ_CONSUME_CHECK_CONSUMER) timestamp=3320 ms, used_size=759808 bytes (1.9%)
(RDMA_READ_CONSUME_CHECK_CONSUMER) timestamp=3320 ms, used_size=757760 bytes (1.9%)
(RDMA_READ_CONSUME_CHECK_CONSUMER) timestamp=3320 ms, used_size=755712 bytes (1.8%)
(RDMA_READ_CONSUME_CHECK_CONSUMER) timestamp=3320 ms, used_size=753664 bytes (1.8%)
(RDMA_READ_CONSUME_CHECK_CONSUMER) timestamp=3320 ms, used_size=751616 bytes (1.8%)
(RDMA_READ_CONSUME_CHECK_CONSUMER) timestamp=3320 ms, used_size=749568 bytes (1.8%)
(RDMA_READ_CONSUME_CHECK_CONSUMER) timestamp=3320 ms, used_size=747520 bytes (1.8%)
(RDMA_READ_CONSUME_CHECK_CONSUMER) timestamp=3320 ms, used_size=745472 bytes (1.8%)
(RDMA_READ_CONSUME_CHECK_CONSUMER) timestamp=3320 ms, used_size=743424 bytes (1.8%)
(RDMA_READ_CONSUME_CHECK_CONSUMER) timestamp=3320 ms, used_size=741376 bytes (1.8%)
(RDMA_READ_CONSUME_CHECK_CONSUMER) timestamp=3320 ms, used_size=739328 bytes (1.8%)
(RDMA_READ_CONSUME_CHECK_CONSUMER) timestamp=3320 ms, used_size=737280 bytes (1.8%)
(RDMA_READ_CONSUME_CHECK_CONSUMER) timestamp=3320 ms, used_size=735232 bytes (1.8%)
(RDMA_READ_CONSUME_CHECK_CONSUMER) timestamp=3320 ms, used_size=733184 bytes (1.8%)
(RDMA_READ_CONSUME_CHECK_CONSUMER) timestamp=3320 ms, used_size=731136 bytes (1.8%)
(RDMA_READ_CONSUME_CHECK_CONSUMER) timestamp=3320 ms, used_size=729088 bytes (1.8%)
(RDMA_READ_CONSUME_CHECK_CONSUMER) timestamp=3320 ms, used_size=727040 bytes (1.8%)
(RDMA_READ_CONSUME_CHECK_CONSUMER) timestamp=3320 ms, used_size=724992 bytes (1.8%)
(RDMA_READ_CONSUME_CHECK_CONSUMER) timestamp=3320 ms, used_size=722944 bytes (1.8%)
(RDMA_READ_CONSUME_CHECK_CONSUMER) timestamp=3320 ms, used_size=720896 bytes (1.8%)
(RDMA_READ_CONSUME_CHECK_CONSUMER) timestamp=3320 ms, used_size=718848 bytes (1.8%)
(RDMA_READ_CONSUME_CHECK_CONSUMER) timestamp=3320 ms, used_size=716800 bytes (1.8%)
(RDMA_READ_CONSUME_CHECK_CONSUMER) timestamp=3320 ms, used_size=714752 bytes (1.7%)
(RDMA_READ_CONSUME_CHECK_CONSUMER) timestamp=3320 ms, used_size=712704 bytes (1.7%)
(RDMA_READ_CONSUME_CHECK_CONSUMER) timestamp=3320 ms, used_size=710656 bytes (1.7%)
(RDMA_READ_CONSUME_CHECK_CONSUMER) timestamp=3320 ms, used_size=708608 bytes (1.7%)
(RDMA_READ_CONSUME_CHECK_CONSUMER) timestamp=3320 ms, used_size=706560 bytes (1.7%)
(RDMA_READ_CONSUME_CHECK_CONSUMER) timestamp=3320 ms, used_size=704512 bytes (1.7%)
(RDMA_READ_CONSUME_CHECK_CONSUMER) timestamp=3320 ms, used_size=702464 bytes (1.7%)
(RDMA_READ_CONSUME_CHECK_CONSUMER) timestamp=3320 ms, used_size=700416 bytes (1.7%)
(RDMA_READ_CONSUME_CHECK_CONSUMER) timestamp=3320 ms, used_size=698368 bytes (1.7%)
(RDMA_READ_CONSUME_CHECK_CONSUMER) timestamp=3320 ms, used_size=696320 bytes (1.7%)
(RDMA_READ_CONSUME_CHECK_CONSUMER) timestamp=3320 ms, used_size=694272 bytes (1.7%)
(RDMA_READ_CONSUME_CHECK_CONSUMER) timestamp=3320 ms, used_size=692224 bytes (1.7%)
(RDMA_READ_CONSUME_CHECK_CONSUMER) timestamp=3320 ms, used_size=690176 bytes (1.7%)
(RDMA_READ_CONSUME_CHECK_CONSUMER) timestamp=3320 ms, used_size=688128 bytes (1.7%)
(RDMA_READ_CONSUME_CHECK_CONSUMER) timestamp=3320 ms, used_size=686080 bytes (1.7%)
(RDMA_READ_CONSUME_CHECK_CONSUMER) timestamp=3320 ms, used_size=684032 bytes (1.7%)
(RDMA_READ_CONSUME_CHECK_CONSUMER) timestamp=3320 ms, used_size=681984 bytes (1.7%)
(RDMA_READ_CONSUME_CHECK_CONSUMER) timestamp=3320 ms, used_size=679936 bytes (1.7%)
(RDMA_READ_CONSUME_CHECK_CONSUMER) timestamp=3320 ms, used_size=677888 bytes (1.7%)
(RDMA_READ_CONSUME_CHECK_CONSUMER) timestamp=3320 ms, used_size=675840 bytes (1.6%)
(RDMA_READ_CONSUME_CHECK_CONSUMER) timestamp=3320 ms, used_size=673792 bytes (1.6%)
(RDMA_READ_CONSUME_CHECK_CONSUMER) timestamp=3320 ms, used_size=671744 bytes (1.6%)
(RDMA_READ_CONSUME_CHECK_CONSUMER) timestamp=3320 ms, used_size=669696 bytes (1.6%)
(RDMA_READ_CONSUME_CHECK_CONSUMER) timestamp=3320 ms, used_size=667648 bytes (1.6%)
(RDMA_READ_CONSUME_CHECK_CONSUMER) timestamp=3320 ms, used_size=665600 bytes (1.6%)
(RDMA_READ_CONSUME_CHECK_CONSUMER) timestamp=3320 ms, used_size=663552 bytes (1.6%)
(RDMA_READ_CONSUME_CHECK_CONSUMER) timestamp=3320 ms, used_size=661504 bytes (1.6%)
(RDMA_READ_CONSUME_CHECK_CONSUMER) timestamp=3320 ms, used_size=659456 bytes (1.6%)
(RDMA_READ_CONSUME_CHECK_CONSUMER) timestamp=3320 ms, used_size=657408 bytes (1.6%)
(RDMA_READ_CONSUME_CHECK_CONSUMER) timestamp=3320 ms, used_size=655360 bytes (1.6%)
(RDMA_READ_CONSUME_CHECK_CONSUMER) timestamp=3320 ms, used_size=653312 bytes (1.6%)
(RDMA_READ_CONSUME_CHECK_CONSUMER) timestamp=3320 ms, used_size=651264 bytes (1.6%)
(RDMA_READ_CONSUME_CHECK_CONSUMER) timestamp=3320 ms, used_size=649216 bytes (1.6%)
(RDMA_READ_CONSUME_CHECK_CONSUMER) timestamp=3320 ms, used_size=647168 bytes (1.6%)
(RDMA_READ_CONSUME_CHECK_CONSUMER) timestamp=3320 ms, used_size=645120 bytes (1.6%)
(RDMA_READ_CONSUME_CHECK_CONSUMER) timestamp=3320 ms, used_size=643072 bytes (1.6%)
(RDMA_READ_CONSUME_CHECK_CONSUMER) timestamp=3320 ms, used_size=641024 bytes (1.6%)
(RDMA_READ_CONSUME_CHECK_CONSUMER) timestamp=3320 ms, used_size=638976 bytes (1.6%)
(RDMA_READ_CONSUME_CHECK_CONSUMER) timestamp=3320 ms, used_size=636928 bytes (1.6%)
(RDMA_READ_CONSUME_CHECK_CONSUMER) timestamp=3320 ms, used_size=634880 bytes (1.6%)
(RDMA_READ_CONSUME_CHECK_CONSUMER) timestamp=3320 ms, used_size=632832 bytes (1.5%)
(RDMA_READ_CONSUME_CHECK_CONSUMER) timestamp=3320 ms, used_size=630784 bytes (1.5%)
(RDMA_READ_CONSUME_CHECK_CONSUMER) timestamp=3320 ms, used_size=628736 bytes (1.5%)
(RDMA_READ_CONSUME_CHECK_CONSUMER) timestamp=3321 ms, used_size=626688 bytes (1.5%)
(RDMA_READ_CONSUME_CHECK_CONSUMER) timestamp=3321 ms, used_size=624640 bytes (1.5%)
(RDMA_READ_CONSUME_CHECK_CONSUMER) timestamp=3321 ms, used_size=622592 bytes (1.5%)
(RDMA_READ_CONSUME_CHECK_CONSUMER) timestamp=3321 ms, used_size=620544 bytes (1.5%)
(RDMA_READ_CONSUME_CHECK_CONSUMER) timestamp=3321 ms, used_size=618496 bytes (1.5%)
(RDMA_READ_CONSUME_CHECK_CONSUMER) timestamp=3321 ms, used_size=616448 bytes (1.5%)
(RDMA_READ_CONSUME_CHECK_CONSUMER) timestamp=3321 ms, used_size=614400 bytes (1.5%)
(RDMA_READ_CONSUME_CHECK_CONSUMER) timestamp=3321 ms, used_size=612352 bytes (1.5%)
(RDMA_READ_CONSUME_CHECK_CONSUMER) timestamp=3321 ms, used_size=610304 bytes (1.5%)
(RDMA_READ_CONSUME_CHECK_CONSUMER) timestamp=3321 ms, used_size=608256 bytes (1.5%)
(RDMA_READ_CONSUME_CHECK_CONSUMER) timestamp=3321 ms, used_size=606208 bytes (1.5%)
(RDMA_READ_CONSUME_CHECK_CONSUMER) timestamp=3321 ms, used_size=604160 bytes (1.5%)
(RDMA_READ_CONSUME_CHECK_CONSUMER) timestamp=3321 ms, used_size=602112 bytes (1.5%)
(RDMA_READ_CONSUME_CHECK_CONSUMER) timestamp=3321 ms, used_size=600064 bytes (1.5%)
(RDMA_READ_CONSUME_CHECK_CONSUMER) timestamp=3321 ms, used_size=598016 bytes (1.5%)
(RDMA_READ_CONSUME_CHECK_CONSUMER) timestamp=3321 ms, used_size=595968 bytes (1.5%)
(RDMA_READ_CONSUME_CHECK_CONSUMER) timestamp=3321 ms, used_size=593920 bytes (1.4%)
(RDMA_READ_CONSUME_CHECK_CONSUMER) timestamp=3321 ms, used_size=591872 bytes (1.4%)
(RDMA_READ_CONSUME_CHECK_CONSUMER) timestamp=3321 ms, used_size=589824 bytes (1.4%)
(RDMA_READ_CONSUME_CHECK_CONSUMER) timestamp=3321 ms, used_size=587776 bytes (1.4%)
(RDMA_READ_CONSUME_CHECK_CONSUMER) timestamp=3321 ms, used_size=585728 bytes (1.4%)
(RDMA_READ_CONSUME_CHECK_CONSUMER) timestamp=3321 ms, used_size=583680 bytes (1.4%)
(RDMA_READ_CONSUME_CHECK_CONSUMER) timestamp=3321 ms, used_size=581632 bytes (1.4%)
(RDMA_READ_CONSUME_CHECK_CONSUMER) timestamp=3321 ms, used_size=579584 bytes (1.4%)
(RDMA_READ_CONSUME_CHECK_CONSUMER) timestamp=3321 ms, used_size=577536 bytes (1.4%)
(RDMA_READ_CONSUME_CHECK_CONSUMER) timestamp=3321 ms, used_size=575488 bytes (1.4%)
(RDMA_READ_CONSUME_CHECK_CONSUMER) timestamp=3321 ms, used_size=573440 bytes (1.4%)
(RDMA_READ_CONSUME_CHECK_CONSUMER) timestamp=3321 ms, used_size=571392 bytes (1.4%)
(RDMA_READ_CONSUME_CHECK_CONSUMER) timestamp=3321 ms, used_size=569344 bytes (1.4%)
(RDMA_READ_CONSUME_CHECK_CONSUMER) timestamp=3321 ms, used_size=567296 bytes (1.4%)
(RDMA_READ_CONSUME_CHECK_CONSUMER) timestamp=3321 ms, used_size=565248 bytes (1.4%)
(RDMA_READ_CONSUME_CHECK_CONSUMER) timestamp=3321 ms, used_size=563200 bytes (1.4%)
(RDMA_READ_CONSUME_CHECK_CONSUMER) timestamp=3321 ms, used_size=561152 bytes (1.4%)
(RDMA_READ_CONSUME_CHECK_CONSUMER) timestamp=3321 ms, used_size=559104 bytes (1.4%)
(RDMA_READ_CONSUME_CHECK_CONSUMER) timestamp=3321 ms, used_size=557056 bytes (1.4%)
(RDMA_READ_CONSUME_CHECK_CONSUMER) timestamp=3321 ms, used_size=555008 bytes (1.4%)
(RDMA_READ_CONSUME_CHECK_CONSUMER) timestamp=3321 ms, used_size=552960 bytes (1.4%)
(RDMA_READ_CONSUME_CHECK_CONSUMER) timestamp=3321 ms, used_size=550912 bytes (1.3%)
(RDMA_READ_CONSUME_CHECK_CONSUMER) timestamp=3321 ms, used_size=548864 bytes (1.3%)
(RDMA_READ_CONSUME_CHECK_CONSUMER) timestamp=3321 ms, used_size=546816 bytes (1.3%)
(RDMA_READ_CONSUME_CHECK_CONSUMER) timestamp=3321 ms, used_size=544768 bytes (1.3%)
(RDMA_READ_CONSUME_CHECK_CONSUMER) timestamp=3321 ms, used_size=542720 bytes (1.3%)
(RDMA_READ_CONSUME_CHECK_CONSUMER) timestamp=3321 ms, used_size=540672 bytes (1.3%)
(RDMA_READ_CONSUME_CHECK_CONSUMER) timestamp=3321 ms, used_size=538624 bytes (1.3%)
(RDMA_READ_CONSUME_CHECK_CONSUMER) timestamp=3321 ms, used_size=536576 bytes (1.3%)
(RDMA_READ_CONSUME_CHECK_CONSUMER) timestamp=3321 ms, used_size=534528 bytes (1.3%)
(RDMA_READ_CONSUME_CHECK_CONSUMER) timestamp=3321 ms, used_size=532480 bytes (1.3%)
(RDMA_READ_CONSUME_CHECK_CONSUMER) timestamp=3321 ms, used_size=530432 bytes (1.3%)
(RDMA_READ_CONSUME_CHECK_CONSUMER) timestamp=3321 ms, used_size=528384 bytes (1.3%)
(RDMA_READ_CONSUME_CHECK_CONSUMER) timestamp=3321 ms, used_size=526336 bytes (1.3%)
(RDMA_READ_CONSUME_CHECK_CONSUMER) timestamp=3321 ms, used_size=524288 bytes (1.3%)
(RDMA_READ_CONSUME_CHECK_CONSUMER) timestamp=3321 ms, used_size=522240 bytes (1.3%)
(RDMA_READ_CONSUME_CHECK_CONSUMER) timestamp=3321 ms, used_size=520192 bytes (1.3%)
(RDMA_READ_CONSUME_CHECK_CONSUMER) timestamp=3321 ms, used_size=518144 bytes (1.3%)
(RDMA_READ_CONSUME_CHECK_CONSUMER) timestamp=3321 ms, used_size=516096 bytes (1.3%)
(RDMA_READ_CONSUME_CHECK_CONSUMER) timestamp=3321 ms, used_size=514048 bytes (1.3%)
(RDMA_READ_CONSUME_CHECK_CONSUMER) timestamp=3321 ms, used_size=512000 bytes (1.2%)
(RDMA_READ_CONSUME_CHECK_CONSUMER) timestamp=3321 ms, used_size=509952 bytes (1.2%)
(RDMA_READ_CONSUME_CHECK_CONSUMER) timestamp=3321 ms, used_size=507904 bytes (1.2%)
(RDMA_READ_CONSUME_CHECK_CONSUMER) timestamp=3321 ms, used_size=505856 bytes (1.2%)
(RDMA_READ_CONSUME_CHECK_CONSUMER) timestamp=3321 ms, used_size=503808 bytes (1.2%)
(RDMA_READ_CONSUME_CHECK_CONSUMER) timestamp=3321 ms, used_size=501760 bytes (1.2%)
(RDMA_READ_CONSUME_CHECK_CONSUMER) timestamp=3321 ms, used_size=499712 bytes (1.2%)
(RDMA_READ_CONSUME_CHECK_CONSUMER) timestamp=3321 ms, used_size=497664 bytes (1.2%)
(RDMA_READ_CONSUME_CHECK_CONSUMER) timestamp=3321 ms, used_size=495616 bytes (1.2%)
(RDMA_READ_CONSUME_CHECK_CONSUMER) timestamp=3321 ms, used_size=493568 bytes (1.2%)
(RDMA_READ_CONSUME_CHECK_CONSUMER) timestamp=3321 ms, used_size=491520 bytes (1.2%)
(RDMA_READ_CONSUME_CHECK_CONSUMER) timestamp=3321 ms, used_size=489472 bytes (1.2%)
(RDMA_READ_CONSUME_CHECK_CONSUMER) timestamp=3321 ms, used_size=487424 bytes (1.2%)
(RDMA_READ_CONSUME_CHECK_CONSUMER) timestamp=3321 ms, used_size=485376 bytes (1.2%)
(RDMA_READ_CONSUME_CHECK_CONSUMER) timestamp=3321 ms, used_size=483328 bytes (1.2%)
(RDMA_READ_CONSUME_CHECK_CONSUMER) timestamp=3321 ms, used_size=481280 bytes (1.2%)
(RDMA_READ_CONSUME_CHECK_CONSUMER) timestamp=3321 ms, used_size=479232 bytes (1.2%)
(RDMA_READ_CONSUME_CHECK_CONSUMER) timestamp=3321 ms, used_size=477184 bytes (1.2%)
(RDMA_READ_CONSUME_CHECK_CONSUMER) timestamp=3321 ms, used_size=475136 bytes (1.2%)
(RDMA_READ_CONSUME_CHECK_CONSUMER) timestamp=3321 ms, used_size=473088 bytes (1.2%)
(RDMA_READ_CONSUME_CHECK_CONSUMER) timestamp=3321 ms, used_size=471040 bytes (1.1%)
(RDMA_READ_CONSUME_CHECK_CONSUMER) timestamp=3321 ms, used_size=468992 bytes (1.1%)
(RDMA_READ_CONSUME_CHECK_CONSUMER) timestamp=3321 ms, used_size=466944 bytes (1.1%)
(RDMA_READ_CONSUME_CHECK_CONSUMER) timestamp=3321 ms, used_size=464896 bytes (1.1%)
(RDMA_READ_CONSUME_CHECK_CONSUMER) timestamp=3321 ms, used_size=462848 bytes (1.1%)
(RDMA_READ_CONSUME_CHECK_CONSUMER) timestamp=3321 ms, used_size=460800 bytes (1.1%)
(RDMA_READ_CONSUME_CHECK_CONSUMER) timestamp=3321 ms, used_size=458752 bytes (1.1%)
(RDMA_READ_CONSUME_CHECK_CONSUMER) timestamp=3321 ms, used_size=456704 bytes (1.1%)
(RDMA_READ_CONSUME_CHECK_CONSUMER) timestamp=3321 ms, used_size=454656 bytes (1.1%)
(RDMA_READ_CONSUME_CHECK_CONSUMER) timestamp=3321 ms, used_size=452608 bytes (1.1%)
(RDMA_READ_CONSUME_CHECK_CONSUMER) timestamp=3321 ms, used_size=450560 bytes (1.1%)
(RDMA_READ_CONSUME_CHECK_CONSUMER) timestamp=3321 ms, used_size=448512 bytes (1.1%)
(RDMA_READ_CONSUME_CHECK_CONSUMER) timestamp=3321 ms, used_size=446464 bytes (1.1%)
(RDMA_READ_CONSUME_CHECK_CONSUMER) timestamp=3321 ms, used_size=444416 bytes (1.1%)
(RDMA_READ_CONSUME_CHECK_CONSUMER) timestamp=3321 ms, used_size=442368 bytes (1.1%)
(RDMA_READ_CONSUME_CHECK_CONSUMER) timestamp=3321 ms, used_size=440320 bytes (1.1%)
(RDMA_READ_CONSUME_CHECK_CONSUMER) timestamp=3321 ms, used_size=438272 bytes (1.1%)
(RDMA_READ_CONSUME_CHECK_CONSUMER) timestamp=3321 ms, used_size=436224 bytes (1.1%)
(RDMA_READ_CONSUME_CHECK_CONSUMER) timestamp=3321 ms, used_size=434176 bytes (1.1%)
(RDMA_READ_CONSUME_CHECK_CONSUMER) timestamp=3321 ms, used_size=432128 bytes (1.1%)
(RDMA_READ_CONSUME_CHECK_CONSUMER) timestamp=3321 ms, used_size=430080 bytes (1.1%)
(RDMA_READ_CONSUME_CHECK_CONSUMER) timestamp=3321 ms, used_size=428032 bytes (1.0%)
(RDMA_READ_CONSUME_CHECK_CONSUMER) timestamp=3321 ms, used_size=425984 bytes (1.0%)
(RDMA_READ_CONSUME_CHECK_CONSUMER) timestamp=3321 ms, used_size=423936 bytes (1.0%)
(RDMA_READ_CONSUME_CHECK_CONSUMER) timestamp=3321 ms, used_size=421888 bytes (1.0%)
(RDMA_READ_CONSUME_CHECK_CONSUMER) timestamp=3321 ms, used_size=419840 bytes (1.0%)
(RDMA_READ_CONSUME_CHECK_CONSUMER) timestamp=3321 ms, used_size=417792 bytes (1.0%)
(RDMA_READ_CONSUME_CHECK_CONSUMER) timestamp=3321 ms, used_size=415744 bytes (1.0%)
(RDMA_READ_CONSUME_CHECK_CONSUMER) timestamp=3321 ms, used_size=413696 bytes (1.0%)
(RDMA_READ_CONSUME_CHECK_CONSUMER) timestamp=3321 ms, used_size=411648 bytes (1.0%)
(RDMA_READ_CONSUME_CHECK_CONSUMER) timestamp=3321 ms, used_size=409600 bytes (1.0%)
(RDMA_READ_CONSUME_CHECK_CONSUMER) timestamp=3321 ms, used_size=407552 bytes (1.0%)
(RDMA_READ_CONSUME_CHECK_CONSUMER) timestamp=3321 ms, used_size=405504 bytes (1.0%)
(RDMA_READ_CONSUME_CHECK_CONSUMER) timestamp=3321 ms, used_size=403456 bytes (1.0%)
(RDMA_READ_CONSUME_CHECK_CONSUMER) timestamp=3321 ms, used_size=401408 bytes (1.0%)
(RDMA_READ_CONSUME_CHECK_CONSUMER) timestamp=3321 ms, used_size=399360 bytes (1.0%)
(RDMA_READ_CONSUME_CHECK_CONSUMER) timestamp=3321 ms, used_size=397312 bytes (1.0%)
(RDMA_READ_CONSUME_CHECK_CONSUMER) timestamp=3321 ms, used_size=395264 bytes (1.0%)
(RDMA_READ_CONSUME_CHECK_CONSUMER) timestamp=3321 ms, used_size=393216 bytes (1.0%)
(RDMA_READ_CONSUME_CHECK_CONSUMER) timestamp=3321 ms, used_size=391168 bytes (1.0%)
(RDMA_READ_CONSUME_CHECK_CONSUMER) timestamp=3321 ms, used_size=389120 bytes (0.9%)
(RDMA_READ_CONSUME_CHECK_CONSUMER) timestamp=3321 ms, used_size=387072 bytes (0.9%)
(RDMA_READ_CONSUME_CHECK_CONSUMER) timestamp=3321 ms, used_size=385024 bytes (0.9%)
(RDMA_READ_CONSUME_CHECK_CONSUMER) timestamp=3321 ms, used_size=382976 bytes (0.9%)
(RDMA_READ_CONSUME_CHECK_CONSUMER) timestamp=3321 ms, used_size=380928 bytes (0.9%)
(RDMA_READ_CONSUME_CHECK_CONSUMER) timestamp=3321 ms, used_size=378880 bytes (0.9%)
(RDMA_READ_CONSUME_CHECK_CONSUMER) timestamp=3321 ms, used_size=376832 bytes (0.9%)
(RDMA_READ_CONSUME_CHECK_CONSUMER) timestamp=3321 ms, used_size=374784 bytes (0.9%)
(RDMA_READ_CONSUME_CHECK_CONSUMER) timestamp=3321 ms, used_size=372736 bytes (0.9%)
(RDMA_READ_CONSUME_CHECK_CONSUMER) timestamp=3321 ms, used_size=370688 bytes (0.9%)
(RDMA_READ_CONSUME_CHECK_CONSUMER) timestamp=3321 ms, used_size=368640 bytes (0.9%)
(RDMA_READ_CONSUME_CHECK_CONSUMER) timestamp=3321 ms, used_size=366592 bytes (0.9%)
(RDMA_READ_CONSUME_CHECK_CONSUMER) timestamp=3321 ms, used_size=364544 bytes (0.9%)
(RDMA_READ_CONSUME_CHECK_CONSUMER) timestamp=3321 ms, used_size=362496 bytes (0.9%)
(RDMA_READ_CONSUME_CHECK_CONSUMER) timestamp=3321 ms, used_size=360448 bytes (0.9%)
(RDMA_READ_CONSUME_CHECK_CONSUMER) timestamp=3321 ms, used_size=358400 bytes (0.9%)
(RDMA_READ_CONSUME_CHECK_CONSUMER) timestamp=3321 ms, used_size=356352 bytes (0.9%)
(RDMA_READ_CONSUME_CHECK_CONSUMER) timestamp=3321 ms, used_size=354304 bytes (0.9%)
(RDMA_READ_CONSUME_CHECK_CONSUMER) timestamp=3321 ms, used_size=352256 bytes (0.9%)
(RDMA_READ_CONSUME_CHECK_CONSUMER) timestamp=3321 ms, used_size=350208 bytes (0.9%)
(RDMA_READ_CONSUME_CHECK_CONSUMER) timestamp=3321 ms, used_size=348160 bytes (0.8%)
(RDMA_READ_CONSUME_CHECK_CONSUMER) timestamp=3321 ms, used_size=346112 bytes (0.8%)
(RDMA_READ_CONSUME_CHECK_CONSUMER) timestamp=3321 ms, used_size=344064 bytes (0.8%)
(RDMA_READ_CONSUME_CHECK_CONSUMER) timestamp=3321 ms, used_size=342016 bytes (0.8%)
(RDMA_READ_CONSUME_CHECK_CONSUMER) timestamp=3321 ms, used_size=339968 bytes (0.8%)
(RDMA_READ_CONSUME_CHECK_CONSUMER) timestamp=3321 ms, used_size=337920 bytes (0.8%)
(RDMA_READ_CONSUME_CHECK_CONSUMER) timestamp=3321 ms, used_size=335872 bytes (0.8%)
(RDMA_READ_CONSUME_CHECK_CONSUMER) timestamp=3321 ms, used_size=333824 bytes (0.8%)
(RDMA_READ_CONSUME_CHECK_CONSUMER) timestamp=3321 ms, used_size=331776 bytes (0.8%)
(RDMA_READ_CONSUME_CHECK_CONSUMER) timestamp=3321 ms, used_size=329728 bytes (0.8%)
(RDMA_READ_CONSUME_CHECK_CONSUMER) timestamp=3321 ms, used_size=327680 bytes (0.8%)
(RDMA_READ_CONSUME_CHECK_CONSUMER) timestamp=3321 ms, used_size=325632 bytes (0.8%)
(RDMA_READ_CONSUME_CHECK_CONSUMER) timestamp=3321 ms, used_size=323584 bytes (0.8%)
(RDMA_READ_CONSUME_CHECK_CONSUMER) timestamp=3321 ms, used_size=321536 bytes (0.8%)
(RDMA_READ_CONSUME_CHECK_CONSUMER) timestamp=3321 ms, used_size=319488 bytes (0.8%)
(RDMA_READ_CONSUME_CHECK_CONSUMER) timestamp=3321 ms, used_size=317440 bytes (0.8%)
(RDMA_READ_CONSUME_CHECK_CONSUMER) timestamp=3321 ms, used_size=315392 bytes (0.8%)
(RDMA_READ_CONSUME_CHECK_CONSUMER) timestamp=3321 ms, used_size=313344 bytes (0.8%)
(RDMA_READ_CONSUME_CHECK_CONSUMER) timestamp=3321 ms, used_size=311296 bytes (0.8%)
(RDMA_READ_CONSUME_CHECK_CONSUMER) timestamp=3321 ms, used_size=309248 bytes (0.8%)
(RDMA_READ_CONSUME_CHECK_CONSUMER) timestamp=3321 ms, used_size=307200 bytes (0.8%)
(RDMA_READ_CONSUME_CHECK_CONSUMER) timestamp=3321 ms, used_size=305152 bytes (0.7%)
(RDMA_READ_CONSUME_CHECK_CONSUMER) timestamp=3321 ms, used_size=303104 bytes (0.7%)
(RDMA_READ_CONSUME_CHECK_CONSUMER) timestamp=3321 ms, used_size=301056 bytes (0.7%)
(RDMA_READ_CONSUME_CHECK_CONSUMER) timestamp=3321 ms, used_size=299008 bytes (0.7%)
(RDMA_READ_CONSUME_CHECK_CONSUMER) timestamp=3321 ms, used_size=296960 bytes (0.7%)
(RDMA_READ_CONSUME_CHECK_CONSUMER) timestamp=3321 ms, used_size=294912 bytes (0.7%)
(RDMA_READ_CONSUME_CHECK_CONSUMER) timestamp=3321 ms, used_size=292864 bytes (0.7%)
(RDMA_READ_CONSUME_CHECK_CONSUMER) timestamp=3321 ms, used_size=290816 bytes (0.7%)
(RDMA_READ_CONSUME_CHECK_CONSUMER) timestamp=3321 ms, used_size=288768 bytes (0.7%)
(RDMA_READ_CONSUME_CHECK_CONSUMER) timestamp=3321 ms, used_size=286720 bytes (0.7%)
(RDMA_READ_CONSUME_CHECK_CONSUMER) timestamp=3321 ms, used_size=284672 bytes (0.7%)
(RDMA_READ_CONSUME_CHECK_CONSUMER) timestamp=3321 ms, used_size=282624 bytes (0.7%)
(RDMA_READ_CONSUME_CHECK_CONSUMER) timestamp=3321 ms, used_size=280576 bytes (0.7%)
(RDMA_READ_CONSUME_CHECK_CONSUMER) timestamp=3321 ms, used_size=278528 bytes (0.7%)
(RDMA_READ_CONSUME_CHECK_CONSUMER) timestamp=3321 ms, used_size=276480 bytes (0.7%)
(RDMA_READ_CONSUME_CHECK_CONSUMER) timestamp=3321 ms, used_size=274432 bytes (0.7%)
(RDMA_READ_CONSUME_CHECK_CONSUMER) timestamp=3321 ms, used_size=272384 bytes (0.7%)
(RDMA_READ_CONSUME_CHECK_CONSUMER) timestamp=3321 ms, used_size=270336 bytes (0.7%)
(RDMA_READ_CONSUME_CHECK_CONSUMER) timestamp=3321 ms, used_size=268288 bytes (0.7%)
(RDMA_READ_CONSUME_CHECK_CONSUMER) timestamp=3321 ms, used_size=266240 bytes (0.7%)
(RDMA_READ_CONSUME_CHECK_CONSUMER) timestamp=3321 ms, used_size=264192 bytes (0.6%)
(RDMA_READ_CONSUME_CHECK_CONSUMER) timestamp=3321 ms, used_size=262144 bytes (0.6%)
(RDMA_READ_CONSUME_CHECK_CONSUMER) timestamp=3321 ms, used_size=260096 bytes (0.6%)
(RDMA_READ_CONSUME_CHECK_CONSUMER) timestamp=3322 ms, used_size=258048 bytes (0.6%)
(RDMA_READ_CONSUME_CHECK_CONSUMER) timestamp=3322 ms, used_size=256000 bytes (0.6%)
(RDMA_READ_CONSUME_CHECK_CONSUMER) timestamp=3322 ms, used_size=253952 bytes (0.6%)
(RDMA_READ_CONSUME_CHECK_CONSUMER) timestamp=3322 ms, used_size=251904 bytes (0.6%)
(RDMA_READ_CONSUME_CHECK_CONSUMER) timestamp=3322 ms, used_size=249856 bytes (0.6%)
(RDMA_READ_CONSUME_CHECK_CONSUMER) timestamp=3322 ms, used_size=247808 bytes (0.6%)
(RDMA_READ_CONSUME_CHECK_CONSUMER) timestamp=3322 ms, used_size=245760 bytes (0.6%)
(RDMA_READ_CONSUME_CHECK_CONSUMER) timestamp=3322 ms, used_size=243712 bytes (0.6%)
(RDMA_READ_CONSUME_CHECK_CONSUMER) timestamp=3322 ms, used_size=241664 bytes (0.6%)
(RDMA_READ_CONSUME_CHECK_CONSUMER) timestamp=3322 ms, used_size=239616 bytes (0.6%)
(RDMA_READ_CONSUME_CHECK_CONSUMER) timestamp=3322 ms, used_size=237568 bytes (0.6%)
(RDMA_READ_CONSUME_CHECK_CONSUMER) timestamp=3322 ms, used_size=235520 bytes (0.6%)
(RDMA_READ_CONSUME_CHECK_CONSUMER) timestamp=3322 ms, used_size=233472 bytes (0.6%)
(RDMA_READ_CONSUME_CHECK_CONSUMER) timestamp=3322 ms, used_size=231424 bytes (0.6%)
(RDMA_READ_CONSUME_CHECK_CONSUMER) timestamp=3322 ms, used_size=229376 bytes (0.6%)
(RDMA_READ_CONSUME_CHECK_CONSUMER) timestamp=3322 ms, used_size=227328 bytes (0.6%)
(RDMA_READ_CONSUME_CHECK_CONSUMER) timestamp=3322 ms, used_size=225280 bytes (0.6%)
(RDMA_READ_CONSUME_CHECK_CONSUMER) timestamp=3322 ms, used_size=223232 bytes (0.5%)
(RDMA_READ_CONSUME_CHECK_CONSUMER) timestamp=3322 ms, used_size=221184 bytes (0.5%)
(RDMA_READ_CONSUME_CHECK_CONSUMER) timestamp=3322 ms, used_size=219136 bytes (0.5%)
(RDMA_READ_CONSUME_CHECK_CONSUMER) timestamp=3322 ms, used_size=217088 bytes (0.5%)
(RDMA_READ_CONSUME_CHECK_CONSUMER) timestamp=3322 ms, used_size=215040 bytes (0.5%)
(RDMA_READ_CONSUME_CHECK_CONSUMER) timestamp=3322 ms, used_size=212992 bytes (0.5%)
(RDMA_READ_CONSUME_CHECK_CONSUMER) timestamp=3322 ms, used_size=210944 bytes (0.5%)
(RDMA_READ_CONSUME_CHECK_CONSUMER) timestamp=3322 ms, used_size=208896 bytes (0.5%)
(RDMA_READ_CONSUME_CHECK_CONSUMER) timestamp=3322 ms, used_size=206848 bytes (0.5%)
(RDMA_READ_CONSUME_CHECK_CONSUMER) timestamp=3322 ms, used_size=204800 bytes (0.5%)
(RDMA_READ_CONSUME_CHECK_CONSUMER) timestamp=3322 ms, used_size=202752 bytes (0.5%)
(RDMA_READ_CONSUME_CHECK_CONSUMER) timestamp=3322 ms, used_size=200704 bytes (0.5%)
(RDMA_READ_CONSUME_CHECK_CONSUMER) timestamp=3322 ms, used_size=198656 bytes (0.5%)
(RDMA_READ_CONSUME_CHECK_CONSUMER) timestamp=3322 ms, used_size=196608 bytes (0.5%)
(RDMA_READ_CONSUME_CHECK_CONSUMER) timestamp=3322 ms, used_size=194560 bytes (0.5%)
(RDMA_READ_CONSUME_CHECK_CONSUMER) timestamp=3322 ms, used_size=192512 bytes (0.5%)
(RDMA_READ_CONSUME_CHECK_CONSUMER) timestamp=3322 ms, used_size=190464 bytes (0.5%)
(RDMA_READ_CONSUME_CHECK_CONSUMER) timestamp=3322 ms, used_size=188416 bytes (0.5%)
(RDMA_READ_CONSUME_CHECK_CONSUMER) timestamp=3322 ms, used_size=186368 bytes (0.5%)
(RDMA_READ_CONSUME_CHECK_CONSUMER) timestamp=3322 ms, used_size=184320 bytes (0.5%)
(RDMA_READ_CONSUME_CHECK_CONSUMER) timestamp=3322 ms, used_size=182272 bytes (0.4%)
(RDMA_READ_CONSUME_CHECK_CONSUMER) timestamp=3322 ms, used_size=180224 bytes (0.4%)
(RDMA_READ_CONSUME_CHECK_CONSUMER) timestamp=3322 ms, used_size=178176 bytes (0.4%)
(RDMA_READ_CONSUME_CHECK_CONSUMER) timestamp=3322 ms, used_size=176128 bytes (0.4%)
(RDMA_READ_CONSUME_CHECK_CONSUMER) timestamp=3322 ms, used_size=174080 bytes (0.4%)
(RDMA_READ_CONSUME_CHECK_CONSUMER) timestamp=3322 ms, used_size=172032 bytes (0.4%)
(RDMA_READ_CONSUME_CHECK_CONSUMER) timestamp=3322 ms, used_size=169984 bytes (0.4%)
(RDMA_READ_CONSUME_CHECK_CONSUMER) timestamp=3322 ms, used_size=167936 bytes (0.4%)
(RDMA_READ_CONSUME_CHECK_CONSUMER) timestamp=3322 ms, used_size=165888 bytes (0.4%)
(RDMA_READ_CONSUME_CHECK_CONSUMER) timestamp=3322 ms, used_size=163840 bytes (0.4%)
(RDMA_READ_CONSUME_CHECK_CONSUMER) timestamp=3322 ms, used_size=161792 bytes (0.4%)
(RDMA_READ_CONSUME_CHECK_CONSUMER) timestamp=3322 ms, used_size=159744 bytes (0.4%)
(RDMA_READ_CONSUME_CHECK_CONSUMER) timestamp=3322 ms, used_size=157696 bytes (0.4%)
(RDMA_READ_CONSUME_CHECK_CONSUMER) timestamp=3322 ms, used_size=155648 bytes (0.4%)
(RDMA_READ_CONSUME_CHECK_CONSUMER) timestamp=3322 ms, used_size=153600 bytes (0.4%)
(RDMA_READ_CONSUME_CHECK_CONSUMER) timestamp=3322 ms, used_size=151552 bytes (0.4%)
(RDMA_READ_CONSUME_CHECK_CONSUMER) timestamp=3322 ms, used_size=149504 bytes (0.4%)
(RDMA_READ_CONSUME_CHECK_CONSUMER) timestamp=3322 ms, used_size=147456 bytes (0.4%)
(RDMA_READ_CONSUME_CHECK_CONSUMER) timestamp=3322 ms, used_size=145408 bytes (0.4%)
(RDMA_READ_CONSUME_CHECK_CONSUMER) timestamp=3322 ms, used_size=143360 bytes (0.3%)
(RDMA_READ_CONSUME_CHECK_CONSUMER) timestamp=3322 ms, used_size=141312 bytes (0.3%)
(RDMA_READ_CONSUME_CHECK_CONSUMER) timestamp=3322 ms, used_size=139264 bytes (0.3%)
(RDMA_READ_CONSUME_CHECK_CONSUMER) timestamp=3322 ms, used_size=137216 bytes (0.3%)
(RDMA_READ_CONSUME_CHECK_CONSUMER) timestamp=3322 ms, used_size=135168 bytes (0.3%)
(RDMA_READ_CONSUME_CHECK_CONSUMER) timestamp=3322 ms, used_size=133120 bytes (0.3%)
(RDMA_READ_CONSUME_CHECK_CONSUMER) timestamp=3322 ms, used_size=131072 bytes (0.3%)
(RDMA_READ_CONSUME_CHECK_CONSUMER) timestamp=3322 ms, used_size=129024 bytes (0.3%)
(RDMA_READ_CONSUME_CHECK_CONSUMER) timestamp=3322 ms, used_size=126976 bytes (0.3%)
(RDMA_READ_CONSUME_CHECK_CONSUMER) timestamp=3322 ms, used_size=124928 bytes (0.3%)
(RDMA_READ_CONSUME_CHECK_CONSUMER) timestamp=3322 ms, used_size=122880 bytes (0.3%)
(RDMA_READ_CONSUME_CHECK_CONSUMER) timestamp=3322 ms, used_size=120832 bytes (0.3%)
(RDMA_READ_CONSUME_CHECK_CONSUMER) timestamp=3322 ms, used_size=118784 bytes (0.3%)
(RDMA_READ_CONSUME_CHECK_CONSUMER) timestamp=3322 ms, used_size=116736 bytes (0.3%)
(RDMA_READ_CONSUME_CHECK_CONSUMER) timestamp=3322 ms, used_size=114688 bytes (0.3%)
(RDMA_READ_CONSUME_CHECK_CONSUMER) timestamp=3322 ms, used_size=112640 bytes (0.3%)
(RDMA_READ_CONSUME_CHECK_CONSUMER) timestamp=3322 ms, used_size=110592 bytes (0.3%)
(RDMA_READ_CONSUME_CHECK_CONSUMER) timestamp=3322 ms, used_size=108544 bytes (0.3%)
(RDMA_READ_CONSUME_CHECK_CONSUMER) timestamp=3322 ms, used_size=106496 bytes (0.3%)
(RDMA_READ_CONSUME_CHECK_CONSUMER) timestamp=3322 ms, used_size=104448 bytes (0.3%)
(RDMA_READ_CONSUME_CHECK_CONSUMER) timestamp=3322 ms, used_size=102400 bytes (0.2%)
(RDMA_READ_CONSUME_CHECK_CONSUMER) timestamp=3322 ms, used_size=100352 bytes (0.2%)
(RDMA_READ_CONSUME_CHECK_CONSUMER) timestamp=3322 ms, used_size=98304 bytes (0.2%)
(RDMA_READ_CONSUME_CHECK_CONSUMER) timestamp=3322 ms, used_size=96256 bytes (0.2%)
(RDMA_READ_CONSUME_CHECK_CONSUMER) timestamp=3322 ms, used_size=94208 bytes (0.2%)
(RDMA_READ_CONSUME_CHECK_CONSUMER) timestamp=3322 ms, used_size=92160 bytes (0.2%)
(RDMA_READ_CONSUME_CHECK_CONSUMER) timestamp=3322 ms, used_size=90112 bytes (0.2%)
(RDMA_READ_CONSUME_CHECK_CONSUMER) timestamp=3322 ms, used_size=88064 bytes (0.2%)
(RDMA_READ_CONSUME_CHECK_CONSUMER) timestamp=3322 ms, used_size=86016 bytes (0.2%)
(RDMA_READ_CONSUME_CHECK_CONSUMER) timestamp=3322 ms, used_size=83968 bytes (0.2%)
(RDMA_READ_CONSUME_CHECK_CONSUMER) timestamp=3322 ms, used_size=81920 bytes (0.2%)
(RDMA_READ_CONSUME_CHECK_CONSUMER) timestamp=3322 ms, used_size=79872 bytes (0.2%)
(RDMA_READ_CONSUME_CHECK_CONSUMER) timestamp=3322 ms, used_size=77824 bytes (0.2%)
(RDMA_READ_CONSUME_CHECK_CONSUMER) timestamp=3322 ms, used_size=75776 bytes (0.2%)
(RDMA_READ_CONSUME_CHECK_CONSUMER) timestamp=3322 ms, used_size=73728 bytes (0.2%)
(RDMA_READ_CONSUME_CHECK_CONSUMER) timestamp=3322 ms, used_size=71680 bytes (0.2%)
(RDMA_READ_CONSUME_CHECK_CONSUMER) timestamp=3322 ms, used_size=69632 bytes (0.2%)
(RDMA_READ_CONSUME_CHECK_CONSUMER) timestamp=3322 ms, used_size=67584 bytes (0.2%)
(RDMA_READ_CONSUME_CHECK_CONSUMER) timestamp=3322 ms, used_size=65536 bytes (0.2%)
(RDMA_READ_CONSUME_CHECK_CONSUMER) timestamp=3322 ms, used_size=63488 bytes (0.2%)
(RDMA_READ_CONSUME_CHECK_CONSUMER) timestamp=3322 ms, used_size=61440 bytes (0.1%)
(RDMA_READ_CONSUME_CHECK_CONSUMER) timestamp=3322 ms, used_size=59392 bytes (0.1%)
(RDMA_READ_CONSUME_CHECK_CONSUMER) timestamp=3322 ms, used_size=57344 bytes (0.1%)
(RDMA_READ_CONSUME_CHECK_CONSUMER) timestamp=3322 ms, used_size=55296 bytes (0.1%)
(RDMA_READ_CONSUME_CHECK_CONSUMER) timestamp=3322 ms, used_size=53248 bytes (0.1%)
(RDMA_READ_CONSUME_CHECK_CONSUMER) timestamp=3322 ms, used_size=51200 bytes (0.1%)
(RDMA_READ_CONSUME_CHECK_CONSUMER) timestamp=3322 ms, used_size=49152 bytes (0.1%)
(RDMA_READ_CONSUME_CHECK_CONSUMER) timestamp=3322 ms, used_size=47104 bytes (0.1%)
(RDMA_READ_CONSUME_CHECK_CONSUMER) timestamp=3322 ms, used_size=45056 bytes (0.1%)
(RDMA_READ_CONSUME_CHECK_CONSUMER) timestamp=3322 ms, used_size=43008 bytes (0.1%)
(RDMA_READ_CONSUME_CHECK_CONSUMER) timestamp=3322 ms, used_size=40960 bytes (0.1%)
(RDMA_READ_CONSUME_CHECK_CONSUMER) timestamp=3322 ms, used_size=38912 bytes (0.1%)
(RDMA_READ_CONSUME_CHECK_CONSUMER) timestamp=3322 ms, used_size=36864 bytes (0.1%)
(RDMA_READ_CONSUME_CHECK_CONSUMER) timestamp=3322 ms, used_size=34816 bytes (0.1%)
(RDMA_READ_CONSUME_CHECK_CONSUMER) timestamp=3322 ms, used_size=32768 bytes (0.1%)
(RDMA_READ_CONSUME_CHECK_CONSUMER) timestamp=3322 ms, used_size=30720 bytes (0.1%)
(RDMA_READ_CONSUME_CHECK_CONSUMER) timestamp=3322 ms, used_size=28672 bytes (0.1%)
(RDMA_READ_CONSUME_CHECK_CONSUMER) timestamp=3322 ms, used_size=26624 bytes (0.1%)
(RDMA_READ_CONSUME_CHECK_CONSUMER) timestamp=3322 ms, used_size=24576 bytes (0.1%)
(RDMA_READ_CONSUME_CHECK_CONSUMER) timestamp=3322 ms, used_size=22528 bytes (0.1%)
(RDMA_READ_CONSUME_CHECK_CONSUMER) timestamp=3322 ms, used_size=20480 bytes (0.1%)
(RDMA_READ_CONSUME_CHECK_CONSUMER) timestamp=3322 ms, used_size=18432 bytes (0.0%)
(RDMA_READ_CONSUME_CHECK_CONSUMER) timestamp=3322 ms, used_size=16384 bytes (0.0%)
(RDMA_READ_CONSUME_CHECK_CONSUMER) timestamp=3322 ms, used_size=14336 bytes (0.0%)
(RDMA_READ_CONSUME_CHECK_CONSUMER) timestamp=3322 ms, used_size=12288 bytes (0.0%)
(RDMA_READ_CONSUME_CHECK_CONSUMER) timestamp=3322 ms, used_size=10240 bytes (0.0%)
(RDMA_READ_CONSUME_CHECK_CONSUMER) timestamp=3322 ms, used_size=8192 bytes (0.0%)
(RDMA_READ_CONSUME_CHECK_CONSUMER) timestamp=3322 ms, used_size=6144 bytes (0.0%)
(RDMA_READ_CONSUME_CHECK_CONSUMER) timestamp=3322 ms, used_size=4096 bytes (0.0%)
(RDMA_READ_CONSUME_CHECK_CONSUMER) timestamp=3322 ms, used_size=2048 bytes (0.0%)
(RDMA_READ_CONSUME_CHECK_CONSUMER) timestamp=3322 ms, used_size=0 bytes (0.0%)
(RDMA_READ_CONSUME_CHECK) Cycle 3, Batch 2: CRC32 OK (0xcee97786), 3616 messages verified
t1:0:2534286000:201829274:40960000
(RDMA_READ_CONSUME_CHECK) Cycle 3 completed
(RDMA_READ_CONSUME_CHECK) Starting cycle 4
(RDMA_READ_CONSUME_CHECK_CONSUMER) timestamp=3322 ms, used_size=7403520 bytes (18.1%)
(RDMA_READ_CONSUME_CHECK_CONSUMER) timestamp=3458 ms, used_size=7401472 bytes (18.1%)
(RDMA_READ_CONSUME_CHECK_CONSUMER) timestamp=3458 ms, used_size=7399424 bytes (18.1%)
(RDMA_READ_CONSUME_CHECK_CONSUMER) timestamp=3458 ms, used_size=7397376 bytes (18.1%)
(RDMA_READ_CONSUME_CHECK_CONSUMER) timestamp=3458 ms, used_size=7395328 bytes (18.1%)
(RDMA_READ_CONSUME_CHECK_CONSUMER) timestamp=3458 ms, used_size=7393280 bytes (18.1%)
(RDMA_READ_CONSUME_CHECK_CONSUMER) timestamp=3458 ms, used_size=7391232 bytes (18.0%)
(RDMA_READ_CONSUME_CHECK_CONSUMER) timestamp=3458 ms, used_size=7389184 bytes (18.0%)
(RDMA_READ_CONSUME_CHECK_CONSUMER) timestamp=3458 ms, used_size=7387136 bytes (18.0%)
(RDMA_READ_CONSUME_CHECK_CONSUMER) timestamp=3458 ms, used_size=7385088 bytes (18.0%)
(RDMA_READ_CONSUME_CHECK_CONSUMER) timestamp=3458 ms, used_size=7383040 bytes (18.0%)
(RDMA_READ_CONSUME_CHECK_CONSUMER) timestamp=3458 ms, used_size=7380992 bytes (18.0%)
(RDMA_READ_CONSUME_CHECK_CONSUMER) timestamp=3458 ms, used_size=7378944 bytes (18.0%)
(RDMA_READ_CONSUME_CHECK_CONSUMER) timestamp=3458 ms, used_size=7376896 bytes (18.0%)
(RDMA_READ_CONSUME_CHECK_CONSUMER) timestamp=3458 ms, used_size=7374848 bytes (18.0%)
(RDMA_READ_CONSUME_CHECK_CONSUMER) timestamp=3458 ms, used_size=7372800 bytes (18.0%)
(RDMA_READ_CONSUME_CHECK_CONSUMER) timestamp=3458 ms, used_size=7370752 bytes (18.0%)
(RDMA_READ_CONSUME_CHECK_CONSUMER) timestamp=3458 ms, used_size=7368704 bytes (18.0%)
(RDMA_READ_CONSUME_CHECK_CONSUMER) timestamp=3458 ms, used_size=7366656 bytes (18.0%)
(RDMA_READ_CONSUME_CHECK_CONSUMER) timestamp=3458 ms, used_size=7364608 bytes (18.0%)
(RDMA_READ_CONSUME_CHECK_CONSUMER) timestamp=3458 ms, used_size=7362560 bytes (18.0%)
(RDMA_READ_CONSUME_CHECK_CONSUMER) timestamp=3458 ms, used_size=7360512 bytes (18.0%)
(RDMA_READ_CONSUME_CHECK_CONSUMER) timestamp=3458 ms, used_size=7358464 bytes (18.0%)
(RDMA_READ_CONSUME_CHECK_CONSUMER) timestamp=3458 ms, used_size=7356416 bytes (18.0%)
(RDMA_READ_CONSUME_CHECK_CONSUMER) timestamp=3458 ms, used_size=7354368 bytes (18.0%)
(RDMA_READ_CONSUME_CHECK_CONSUMER) timestamp=3458 ms, used_size=7352320 bytes (17.9%)
(RDMA_READ_CONSUME_CHECK_CONSUMER) timestamp=3458 ms, used_size=7350272 bytes (17.9%)
(RDMA_READ_CONSUME_CHECK_CONSUMER) timestamp=3459 ms, used_size=7348224 bytes (17.9%)
(RDMA_READ_CONSUME_CHECK_CONSUMER) timestamp=3459 ms, used_size=7346176 bytes (17.9%)
(RDMA_READ_CONSUME_CHECK_CONSUMER) timestamp=3459 ms, used_size=7344128 bytes (17.9%)
(RDMA_READ_CONSUME_CHECK_CONSUMER) timestamp=3459 ms, used_size=7342080 bytes (17.9%)
(RDMA_READ_CONSUME_CHECK_CONSUMER) timestamp=3459 ms, used_size=7340032 bytes (17.9%)
(RDMA_READ_CONSUME_CHECK_CONSUMER) timestamp=3459 ms, used_size=7337984 bytes (17.9%)
(RDMA_READ_CONSUME_CHECK_CONSUMER) timestamp=3459 ms, used_size=7335936 bytes (17.9%)
(RDMA_READ_CONSUME_CHECK_CONSUMER) timestamp=3459 ms, used_size=7333888 bytes (17.9%)
(RDMA_READ_CONSUME_CHECK_CONSUMER) timestamp=3459 ms, used_size=7331840 bytes (17.9%)
(RDMA_READ_CONSUME_CHECK_CONSUMER) timestamp=3459 ms, used_size=7329792 bytes (17.9%)
(RDMA_READ_CONSUME_CHECK_CONSUMER) timestamp=3459 ms, used_size=7327744 bytes (17.9%)
(RDMA_READ_CONSUME_CHECK_CONSUMER) timestamp=3459 ms, used_size=7325696 bytes (17.9%)
(RDMA_READ_CONSUME_CHECK_CONSUMER) timestamp=3459 ms, used_size=7323648 bytes (17.9%)
(RDMA_READ_CONSUME_CHECK_CONSUMER) timestamp=3459 ms, used_size=7321600 bytes (17.9%)
(RDMA_READ_CONSUME_CHECK_CONSUMER) timestamp=3459 ms, used_size=7319552 bytes (17.9%)
(RDMA_READ_CONSUME_CHECK_CONSUMER) timestamp=3459 ms, used_size=7317504 bytes (17.9%)
(RDMA_READ_CONSUME_CHECK_CONSUMER) timestamp=3459 ms, used_size=7315456 bytes (17.9%)
(RDMA_READ_CONSUME_CHECK_CONSUMER) timestamp=3459 ms, used_size=7313408 bytes (17.9%)
(RDMA_READ_CONSUME_CHECK_CONSUMER) timestamp=3459 ms, used_size=7311360 bytes (17.9%)
(RDMA_READ_CONSUME_CHECK_CONSUMER) timestamp=3459 ms, used_size=7309312 bytes (17.8%)
(RDMA_READ_CONSUME_CHECK_CONSUMER) timestamp=3459 ms, used_size=7307264 bytes (17.8%)
(RDMA_READ_CONSUME_CHECK_CONSUMER) timestamp=3459 ms, used_size=7305216 bytes (17.8%)
(RDMA_READ_CONSUME_CHECK_CONSUMER) timestamp=3459 ms, used_size=7303168 bytes (17.8%)
(RDMA_READ_CONSUME_CHECK_CONSUMER) timestamp=3459 ms, used_size=7301120 bytes (17.8%)
(RDMA_READ_CONSUME_CHECK_CONSUMER) timestamp=3459 ms, used_size=7299072 bytes (17.8%)
(RDMA_READ_CONSUME_CHECK_CONSUMER) timestamp=3459 ms, used_size=7297024 bytes (17.8%)
(RDMA_READ_CONSUME_CHECK_CONSUMER) timestamp=3459 ms, used_size=7294976 bytes (17.8%)
(RDMA_READ_CONSUME_CHECK_CONSUMER) timestamp=3459 ms, used_size=7292928 bytes (17.8%)
(RDMA_READ_CONSUME_CHECK_CONSUMER) timestamp=3459 ms, used_size=7290880 bytes (17.8%)
(RDMA_READ_CONSUME_CHECK_CONSUMER) timestamp=3459 ms, used_size=7288832 bytes (17.8%)
(RDMA_READ_CONSUME_CHECK_CONSUMER) timestamp=3459 ms, used_size=7286784 bytes (17.8%)
(RDMA_READ_CONSUME_CHECK_CONSUMER) timestamp=3459 ms, used_size=7284736 bytes (17.8%)
(RDMA_READ_CONSUME_CHECK_CONSUMER) timestamp=3459 ms, used_size=7282688 bytes (17.8%)
(RDMA_READ_CONSUME_CHECK_CONSUMER) timestamp=3459 ms, used_size=7280640 bytes (17.8%)
(RDMA_READ_CONSUME_CHECK_CONSUMER) timestamp=3459 ms, used_size=7278592 bytes (17.8%)
(RDMA_READ_CONSUME_CHECK_CONSUMER) timestamp=3459 ms, used_size=7276544 bytes (17.8%)
(RDMA_READ_CONSUME_CHECK_CONSUMER) timestamp=3459 ms, used_size=7274496 bytes (17.8%)
(RDMA_READ_CONSUME_CHECK_CONSUMER) timestamp=3459 ms, used_size=7272448 bytes (17.8%)
(RDMA_READ_CONSUME_CHECK_CONSUMER) timestamp=3459 ms, used_size=7270400 bytes (17.8%)
(RDMA_READ_CONSUME_CHECK_CONSUMER) timestamp=3459 ms, used_size=7268352 bytes (17.7%)
(RDMA_READ_CONSUME_CHECK_CONSUMER) timestamp=3459 ms, used_size=7266304 bytes (17.7%)
(RDMA_READ_CONSUME_CHECK_CONSUMER) timestamp=3459 ms, used_size=7264256 bytes (17.7%)
(RDMA_READ_CONSUME_CHECK_CONSUMER) timestamp=3459 ms, used_size=7262208 bytes (17.7%)
(RDMA_READ_CONSUME_CHECK_CONSUMER) timestamp=3459 ms, used_size=7260160 bytes (17.7%)
(RDMA_READ_CONSUME_CHECK_CONSUMER) timestamp=3459 ms, used_size=7258112 bytes (17.7%)
(RDMA_READ_CONSUME_CHECK_CONSUMER) timestamp=3459 ms, used_size=7256064 bytes (17.7%)
(RDMA_READ_CONSUME_CHECK_CONSUMER) timestamp=3459 ms, used_size=7254016 bytes (17.7%)
(RDMA_READ_CONSUME_CHECK_CONSUMER) timestamp=3459 ms, used_size=7251968 bytes (17.7%)
(RDMA_READ_CONSUME_CHECK_CONSUMER) timestamp=3459 ms, used_size=7249920 bytes (17.7%)
(RDMA_READ_CONSUME_CHECK_CONSUMER) timestamp=3459 ms, used_size=7247872 bytes (17.7%)
(RDMA_READ_CONSUME_CHECK_CONSUMER) timestamp=3459 ms, used_size=7245824 bytes (17.7%)
(RDMA_READ_CONSUME_CHECK_CONSUMER) timestamp=3459 ms, used_size=7243776 bytes (17.7%)
(RDMA_READ_CONSUME_CHECK_CONSUMER) timestamp=3459 ms, used_size=7241728 bytes (17.7%)
(RDMA_READ_CONSUME_CHECK_CONSUMER) timestamp=3459 ms, used_size=7239680 bytes (17.7%)
(RDMA_READ_CONSUME_CHECK_CONSUMER) timestamp=3459 ms, used_size=7237632 bytes (17.7%)
(RDMA_READ_CONSUME_CHECK_CONSUMER) timestamp=3459 ms, used_size=7235584 bytes (17.7%)
(RDMA_READ_CONSUME_CHECK_CONSUMER) timestamp=3459 ms, used_size=7233536 bytes (17.7%)
(RDMA_READ_CONSUME_CHECK_CONSUMER) timestamp=3459 ms, used_size=7231488 bytes (17.7%)
(RDMA_READ_CONSUME_CHECK_CONSUMER) timestamp=3459 ms, used_size=7229440 bytes (17.6%)
(RDMA_READ_CONSUME_CHECK_CONSUMER) timestamp=3459 ms, used_size=7227392 bytes (17.6%)
(RDMA_READ_CONSUME_CHECK_CONSUMER) timestamp=3459 ms, used_size=7225344 bytes (17.6%)
(RDMA_READ_CONSUME_CHECK_CONSUMER) timestamp=3459 ms, used_size=7223296 bytes (17.6%)
(RDMA_READ_CONSUME_CHECK_CONSUMER) timestamp=3459 ms, used_size=7221248 bytes (17.6%)
(RDMA_READ_CONSUME_CHECK_CONSUMER) timestamp=3459 ms, used_size=7219200 bytes (17.6%)
(RDMA_READ_CONSUME_CHECK_CONSUMER) timestamp=3459 ms, used_size=7217152 bytes (17.6%)
(RDMA_READ_CONSUME_CHECK_CONSUMER) timestamp=3459 ms, used_size=7215104 bytes (17.6%)
(RDMA_READ_CONSUME_CHECK_CONSUMER) timestamp=3459 ms, used_size=7213056 bytes (17.6%)
(RDMA_READ_CONSUME_CHECK_CONSUMER) timestamp=3459 ms, used_size=7211008 bytes (17.6%)
(RDMA_READ_CONSUME_CHECK_CONSUMER) timestamp=3459 ms, used_size=7208960 bytes (17.6%)
(RDMA_READ_CONSUME_CHECK_CONSUMER) timestamp=3459 ms, used_size=7206912 bytes (17.6%)
(RDMA_READ_CONSUME_CHECK_CONSUMER) timestamp=3459 ms, used_size=7204864 bytes (17.6%)
(RDMA_READ_CONSUME_CHECK_CONSUMER) timestamp=3459 ms, used_size=7202816 bytes (17.6%)
(RDMA_READ_CONSUME_CHECK_CONSUMER) timestamp=3459 ms, used_size=7200768 bytes (17.6%)
(RDMA_READ_CONSUME_CHECK_CONSUMER) timestamp=3459 ms, used_size=7198720 bytes (17.6%)
(RDMA_READ_CONSUME_CHECK_CONSUMER) timestamp=3459 ms, used_size=7196672 bytes (17.6%)
(RDMA_READ_CONSUME_CHECK_CONSUMER) timestamp=3459 ms, used_size=7194624 bytes (17.6%)
(RDMA_READ_CONSUME_CHECK_CONSUMER) timestamp=3459 ms, used_size=7192576 bytes (17.6%)
(RDMA_READ_CONSUME_CHECK_CONSUMER) timestamp=3459 ms, used_size=7190528 bytes (17.6%)
(RDMA_READ_CONSUME_CHECK_CONSUMER) timestamp=3459 ms, used_size=7188480 bytes (17.6%)
(RDMA_READ_CONSUME_CHECK_CONSUMER) timestamp=3459 ms, used_size=7186432 bytes (17.5%)
(RDMA_READ_CONSUME_CHECK_CONSUMER) timestamp=3459 ms, used_size=7184384 bytes (17.5%)
(RDMA_READ_CONSUME_CHECK_CONSUMER) timestamp=3459 ms, used_size=7182336 bytes (17.5%)
(RDMA_READ_CONSUME_CHECK_CONSUMER) timestamp=3459 ms, used_size=7180288 bytes (17.5%)
(RDMA_READ_CONSUME_CHECK_CONSUMER) timestamp=3459 ms, used_size=7178240 bytes (17.5%)
(RDMA_READ_CONSUME_CHECK_CONSUMER) timestamp=3459 ms, used_size=7176192 bytes (17.5%)
(RDMA_READ_CONSUME_CHECK_CONSUMER) timestamp=3459 ms, used_size=7174144 bytes (17.5%)
(RDMA_READ_CONSUME_CHECK_CONSUMER) timestamp=3459 ms, used_size=7172096 bytes (17.5%)
(RDMA_READ_CONSUME_CHECK_CONSUMER) timestamp=3459 ms, used_size=7170048 bytes (17.5%)
(RDMA_READ_CONSUME_CHECK_CONSUMER) timestamp=3459 ms, used_size=7168000 bytes (17.5%)
(RDMA_READ_CONSUME_CHECK_CONSUMER) timestamp=3459 ms, used_size=7165952 bytes (17.5%)
(RDMA_READ_CONSUME_CHECK_CONSUMER) timestamp=3459 ms, used_size=7163904 bytes (17.5%)
(RDMA_READ_CONSUME_CHECK_CONSUMER) timestamp=3459 ms, used_size=7161856 bytes (17.5%)
(RDMA_READ_CONSUME_CHECK_CONSUMER) timestamp=3459 ms, used_size=7159808 bytes (17.5%)
(RDMA_READ_CONSUME_CHECK_CONSUMER) timestamp=3459 ms, used_size=7157760 bytes (17.5%)
(RDMA_READ_CONSUME_CHECK_CONSUMER) timestamp=3459 ms, used_size=7155712 bytes (17.5%)
(RDMA_READ_CONSUME_CHECK_CONSUMER) timestamp=3459 ms, used_size=7153664 bytes (17.5%)
(RDMA_READ_CONSUME_CHECK_CONSUMER) timestamp=3459 ms, used_size=7151616 bytes (17.5%)
(RDMA_READ_CONSUME_CHECK_CONSUMER) timestamp=3459 ms, used_size=7149568 bytes (17.5%)
(RDMA_READ_CONSUME_CHECK_CONSUMER) timestamp=3459 ms, used_size=7147520 bytes (17.4%)
(RDMA_READ_CONSUME_CHECK_CONSUMER) timestamp=3459 ms, used_size=7145472 bytes (17.4%)
(RDMA_READ_CONSUME_CHECK_CONSUMER) timestamp=3459 ms, used_size=7143424 bytes (17.4%)
(RDMA_READ_CONSUME_CHECK_CONSUMER) timestamp=3459 ms, used_size=7141376 bytes (17.4%)
(RDMA_READ_CONSUME_CHECK_CONSUMER) timestamp=3459 ms, used_size=7139328 bytes (17.4%)
(RDMA_READ_CONSUME_CHECK_CONSUMER) timestamp=3459 ms, used_size=7137280 bytes (17.4%)
(RDMA_READ_CONSUME_CHECK_CONSUMER) timestamp=3459 ms, used_size=7135232 bytes (17.4%)
(RDMA_READ_CONSUME_CHECK_CONSUMER) timestamp=3459 ms, used_size=7133184 bytes (17.4%)
(RDMA_READ_CONSUME_CHECK_CONSUMER) timestamp=3459 ms, used_size=7131136 bytes (17.4%)
(RDMA_READ_CONSUME_CHECK_CONSUMER) timestamp=3459 ms, used_size=7129088 bytes (17.4%)
(RDMA_READ_CONSUME_CHECK_CONSUMER) timestamp=3459 ms, used_size=7127040 bytes (17.4%)
(RDMA_READ_CONSUME_CHECK_CONSUMER) timestamp=3459 ms, used_size=7124992 bytes (17.4%)
(RDMA_READ_CONSUME_CHECK_CONSUMER) timestamp=3459 ms, used_size=7122944 bytes (17.4%)
(RDMA_READ_CONSUME_CHECK_CONSUMER) timestamp=3459 ms, used_size=7120896 bytes (17.4%)
(RDMA_READ_CONSUME_CHECK_CONSUMER) timestamp=3459 ms, used_size=7118848 bytes (17.4%)
(RDMA_READ_CONSUME_CHECK_CONSUMER) timestamp=3459 ms, used_size=7116800 bytes (17.4%)
(RDMA_READ_CONSUME_CHECK_CONSUMER) timestamp=3459 ms, used_size=7114752 bytes (17.4%)
(RDMA_READ_CONSUME_CHECK_CONSUMER) timestamp=3459 ms, used_size=7112704 bytes (17.4%)
(RDMA_READ_CONSUME_CHECK_CONSUMER) timestamp=3459 ms, used_size=7110656 bytes (17.4%)
(RDMA_READ_CONSUME_CHECK_CONSUMER) timestamp=3459 ms, used_size=7108608 bytes (17.4%)
(RDMA_READ_CONSUME_CHECK_CONSUMER) timestamp=3459 ms, used_size=7106560 bytes (17.4%)
(RDMA_READ_CONSUME_CHECK_CONSUMER) timestamp=3459 ms, used_size=7104512 bytes (17.3%)
(RDMA_READ_CONSUME_CHECK_CONSUMER) timestamp=3459 ms, used_size=7102464 bytes (17.3%)
(RDMA_READ_CONSUME_CHECK_CONSUMER) timestamp=3459 ms, used_size=7100416 bytes (17.3%)
(RDMA_READ_CONSUME_CHECK_CONSUMER) timestamp=3459 ms, used_size=7098368 bytes (17.3%)
(RDMA_READ_CONSUME_CHECK_CONSUMER) timestamp=3459 ms, used_size=7096320 bytes (17.3%)
(RDMA_READ_CONSUME_CHECK_CONSUMER) timestamp=3459 ms, used_size=7094272 bytes (17.3%)
(RDMA_READ_CONSUME_CHECK_CONSUMER) timestamp=3459 ms, used_size=7092224 bytes (17.3%)
(RDMA_READ_CONSUME_CHECK_CONSUMER) timestamp=3459 ms, used_size=7090176 bytes (17.3%)
(RDMA_READ_CONSUME_CHECK_CONSUMER) timestamp=3459 ms, used_size=7088128 bytes (17.3%)
(RDMA_READ_CONSUME_CHECK_CONSUMER) timestamp=3459 ms, used_size=7086080 bytes (17.3%)
(RDMA_READ_CONSUME_CHECK_CONSUMER) timestamp=3459 ms, used_size=7084032 bytes (17.3%)
(RDMA_READ_CONSUME_CHECK_CONSUMER) timestamp=3459 ms, used_size=7081984 bytes (17.3%)
(RDMA_READ_CONSUME_CHECK_CONSUMER) timestamp=3459 ms, used_size=7079936 bytes (17.3%)
(RDMA_READ_CONSUME_CHECK_CONSUMER) timestamp=3459 ms, used_size=7077888 bytes (17.3%)
(RDMA_READ_CONSUME_CHECK_CONSUMER) timestamp=3459 ms, used_size=7075840 bytes (17.3%)
(RDMA_READ_CONSUME_CHECK_CONSUMER) timestamp=3459 ms, used_size=7073792 bytes (17.3%)
(RDMA_READ_CONSUME_CHECK_CONSUMER) timestamp=3459 ms, used_size=7071744 bytes (17.3%)
(RDMA_READ_CONSUME_CHECK_CONSUMER) timestamp=3459 ms, used_size=7069696 bytes (17.3%)
(RDMA_READ_CONSUME_CHECK_CONSUMER) timestamp=3459 ms, used_size=7067648 bytes (17.3%)
(RDMA_READ_CONSUME_CHECK_CONSUMER) timestamp=3459 ms, used_size=7065600 bytes (17.2%)
(RDMA_READ_CONSUME_CHECK_CONSUMER) timestamp=3459 ms, used_size=7063552 bytes (17.2%)
(RDMA_READ_CONSUME_CHECK_CONSUMER) timestamp=3459 ms, used_size=7061504 bytes (17.2%)
(RDMA_READ_CONSUME_CHECK_CONSUMER) timestamp=3459 ms, used_size=7059456 bytes (17.2%)
(RDMA_READ_CONSUME_CHECK_CONSUMER) timestamp=3459 ms, used_size=7057408 bytes (17.2%)
(RDMA_READ_CONSUME_CHECK_CONSUMER) timestamp=3459 ms, used_size=7055360 bytes (17.2%)
(RDMA_READ_CONSUME_CHECK_CONSUMER) timestamp=3459 ms, used_size=7053312 bytes (17.2%)
(RDMA_READ_CONSUME_CHECK_CONSUMER) timestamp=3459 ms, used_size=7051264 bytes (17.2%)
(RDMA_READ_CONSUME_CHECK_CONSUMER) timestamp=3459 ms, used_size=7049216 bytes (17.2%)
(RDMA_READ_CONSUME_CHECK_CONSUMER) timestamp=3459 ms, used_size=7047168 bytes (17.2%)
(RDMA_READ_CONSUME_CHECK_CONSUMER) timestamp=3459 ms, used_size=7045120 bytes (17.2%)
(RDMA_READ_CONSUME_CHECK_CONSUMER) timestamp=3459 ms, used_size=7043072 bytes (17.2%)
(RDMA_READ_CONSUME_CHECK_CONSUMER) timestamp=3459 ms, used_size=7041024 bytes (17.2%)
(RDMA_READ_CONSUME_CHECK_CONSUMER) timestamp=3459 ms, used_size=7038976 bytes (17.2%)
(RDMA_READ_CONSUME_CHECK_CONSUMER) timestamp=3459 ms, used_size=7036928 bytes (17.2%)
(RDMA_READ_CONSUME_CHECK_CONSUMER) timestamp=3459 ms, used_size=7034880 bytes (17.2%)
(RDMA_READ_CONSUME_CHECK_CONSUMER) timestamp=3459 ms, used_size=7032832 bytes (17.2%)
(RDMA_READ_CONSUME_CHECK_CONSUMER) timestamp=3459 ms, used_size=7030784 bytes (17.2%)
(RDMA_READ_CONSUME_CHECK_CONSUMER) timestamp=3459 ms, used_size=7028736 bytes (17.2%)
(RDMA_READ_CONSUME_CHECK_CONSUMER) timestamp=3459 ms, used_size=7026688 bytes (17.2%)
(RDMA_READ_CONSUME_CHECK_CONSUMER) timestamp=3459 ms, used_size=7024640 bytes (17.1%)
(RDMA_READ_CONSUME_CHECK_CONSUMER) timestamp=3459 ms, used_size=7022592 bytes (17.1%)
(RDMA_READ_CONSUME_CHECK_CONSUMER) timestamp=3459 ms, used_size=7020544 bytes (17.1%)
(RDMA_READ_CONSUME_CHECK_CONSUMER) timestamp=3459 ms, used_size=7018496 bytes (17.1%)
(RDMA_READ_CONSUME_CHECK_CONSUMER) timestamp=3459 ms, used_size=7016448 bytes (17.1%)
(RDMA_READ_CONSUME_CHECK_CONSUMER) timestamp=3459 ms, used_size=7014400 bytes (17.1%)
(RDMA_READ_CONSUME_CHECK_CONSUMER) timestamp=3459 ms, used_size=7012352 bytes (17.1%)
(RDMA_READ_CONSUME_CHECK_CONSUMER) timestamp=3459 ms, used_size=7010304 bytes (17.1%)
(RDMA_READ_CONSUME_CHECK_CONSUMER) timestamp=3459 ms, used_size=7008256 bytes (17.1%)
(RDMA_READ_CONSUME_CHECK_CONSUMER) timestamp=3459 ms, used_size=7006208 bytes (17.1%)
(RDMA_READ_CONSUME_CHECK_CONSUMER) timestamp=3459 ms, used_size=7004160 bytes (17.1%)
(RDMA_READ_CONSUME_CHECK_CONSUMER) timestamp=3459 ms, used_size=7002112 bytes (17.1%)
(RDMA_READ_CONSUME_CHECK_CONSUMER) timestamp=3459 ms, used_size=7000064 bytes (17.1%)
(RDMA_READ_CONSUME_CHECK_CONSUMER) timestamp=3459 ms, used_size=6998016 bytes (17.1%)
(RDMA_READ_CONSUME_CHECK_CONSUMER) timestamp=3459 ms, used_size=6995968 bytes (17.1%)
(RDMA_READ_CONSUME_CHECK_CONSUMER) timestamp=3459 ms, used_size=6993920 bytes (17.1%)
(RDMA_READ_CONSUME_CHECK_CONSUMER) timestamp=3459 ms, used_size=6991872 bytes (17.1%)
(RDMA_READ_CONSUME_CHECK_CONSUMER) timestamp=3459 ms, used_size=6989824 bytes (17.1%)
(RDMA_READ_CONSUME_CHECK_CONSUMER) timestamp=3459 ms, used_size=6987776 bytes (17.1%)
(RDMA_READ_CONSUME_CHECK_CONSUMER) timestamp=3459 ms, used_size=6985728 bytes (17.1%)
(RDMA_READ_CONSUME_CHECK_CONSUMER) timestamp=3459 ms, used_size=6983680 bytes (17.1%)
(RDMA_READ_CONSUME_CHECK_CONSUMER) timestamp=3459 ms, used_size=6981632 bytes (17.0%)
(RDMA_READ_CONSUME_CHECK_CONSUMER) timestamp=3460 ms, used_size=6979584 bytes (17.0%)
(RDMA_READ_CONSUME_CHECK_CONSUMER) timestamp=3460 ms, used_size=6977536 bytes (17.0%)
(RDMA_READ_CONSUME_CHECK_CONSUMER) timestamp=3460 ms, used_size=6975488 bytes (17.0%)
(RDMA_READ_CONSUME_CHECK_CONSUMER) timestamp=3460 ms, used_size=6973440 bytes (17.0%)
(RDMA_READ_CONSUME_CHECK_CONSUMER) timestamp=3460 ms, used_size=6971392 bytes (17.0%)
(RDMA_READ_CONSUME_CHECK_CONSUMER) timestamp=3460 ms, used_size=6969344 bytes (17.0%)
(RDMA_READ_CONSUME_CHECK_CONSUMER) timestamp=3460 ms, used_size=6967296 bytes (17.0%)
(RDMA_READ_CONSUME_CHECK_CONSUMER) timestamp=3460 ms, used_size=6965248 bytes (17.0%)
(RDMA_READ_CONSUME_CHECK_CONSUMER) timestamp=3460 ms, used_size=6963200 bytes (17.0%)
(RDMA_READ_CONSUME_CHECK_CONSUMER) timestamp=3460 ms, used_size=6961152 bytes (17.0%)
(RDMA_READ_CONSUME_CHECK_CONSUMER) timestamp=3460 ms, used_size=6959104 bytes (17.0%)
(RDMA_READ_CONSUME_CHECK_CONSUMER) timestamp=3460 ms, used_size=6957056 bytes (17.0%)
(RDMA_READ_CONSUME_CHECK_CONSUMER) timestamp=3460 ms, used_size=6955008 bytes (17.0%)
(RDMA_READ_CONSUME_CHECK_CONSUMER) timestamp=3460 ms, used_size=6952960 bytes (17.0%)
(RDMA_READ_CONSUME_CHECK_CONSUMER) timestamp=3460 ms, used_size=6950912 bytes (17.0%)
(RDMA_READ_CONSUME_CHECK_CONSUMER) timestamp=3460 ms, used_size=6948864 bytes (17.0%)
(RDMA_READ_CONSUME_CHECK_CONSUMER) timestamp=3460 ms, used_size=6946816 bytes (17.0%)
(RDMA_READ_CONSUME_CHECK_CONSUMER) timestamp=3460 ms, used_size=6944768 bytes (17.0%)
(RDMA_READ_CONSUME_CHECK_CONSUMER) timestamp=3460 ms, used_size=6942720 bytes (16.9%)
(RDMA_READ_CONSUME_CHECK_CONSUMER) timestamp=3460 ms, used_size=6940672 bytes (16.9%)
(RDMA_READ_CONSUME_CHECK_CONSUMER) timestamp=3460 ms, used_size=6938624 bytes (16.9%)
(RDMA_READ_CONSUME_CHECK_CONSUMER) timestamp=3460 ms, used_size=6936576 bytes (16.9%)
(RDMA_READ_CONSUME_CHECK_CONSUMER) timestamp=3460 ms, used_size=6934528 bytes (16.9%)
(RDMA_READ_CONSUME_CHECK_CONSUMER) timestamp=3460 ms, used_size=6932480 bytes (16.9%)
(RDMA_READ_CONSUME_CHECK_CONSUMER) timestamp=3460 ms, used_size=6930432 bytes (16.9%)
(RDMA_READ_CONSUME_CHECK_CONSUMER) timestamp=3460 ms, used_size=6928384 bytes (16.9%)
(RDMA_READ_CONSUME_CHECK_CONSUMER) timestamp=3460 ms, used_size=6926336 bytes (16.9%)
(RDMA_READ_CONSUME_CHECK_CONSUMER) timestamp=3460 ms, used_size=6924288 bytes (16.9%)
(RDMA_READ_CONSUME_CHECK_CONSUMER) timestamp=3460 ms, used_size=6922240 bytes (16.9%)
(RDMA_READ_CONSUME_CHECK_CONSUMER) timestamp=3460 ms, used_size=6920192 bytes (16.9%)
(RDMA_READ_CONSUME_CHECK_CONSUMER) timestamp=3460 ms, used_size=6918144 bytes (16.9%)
(RDMA_READ_CONSUME_CHECK_CONSUMER) timestamp=3460 ms, used_size=6916096 bytes (16.9%)
(RDMA_READ_CONSUME_CHECK_CONSUMER) timestamp=3460 ms, used_size=6914048 bytes (16.9%)
(RDMA_READ_CONSUME_CHECK_CONSUMER) timestamp=3460 ms, used_size=6912000 bytes (16.9%)
(RDMA_READ_CONSUME_CHECK_CONSUMER) timestamp=3460 ms, used_size=6909952 bytes (16.9%)
(RDMA_READ_CONSUME_CHECK_CONSUMER) timestamp=3460 ms, used_size=6907904 bytes (16.9%)
(RDMA_READ_CONSUME_CHECK_CONSUMER) timestamp=3460 ms, used_size=6905856 bytes (16.9%)
(RDMA_READ_CONSUME_CHECK_CONSUMER) timestamp=3460 ms, used_size=6903808 bytes (16.9%)
(RDMA_READ_CONSUME_CHECK_CONSUMER) timestamp=3460 ms, used_size=6901760 bytes (16.9%)
(RDMA_READ_CONSUME_CHECK_CONSUMER) timestamp=3460 ms, used_size=6899712 bytes (16.8%)
(RDMA_READ_CONSUME_CHECK_CONSUMER) timestamp=3460 ms, used_size=6897664 bytes (16.8%)
(RDMA_READ_CONSUME_CHECK_CONSUMER) timestamp=3460 ms, used_size=6895616 bytes (16.8%)
(RDMA_READ_CONSUME_CHECK_CONSUMER) timestamp=3460 ms, used_size=6893568 bytes (16.8%)
(RDMA_READ_CONSUME_CHECK_CONSUMER) timestamp=3460 ms, used_size=6891520 bytes (16.8%)
(RDMA_READ_CONSUME_CHECK_CONSUMER) timestamp=3460 ms, used_size=6889472 bytes (16.8%)
(RDMA_READ_CONSUME_CHECK_CONSUMER) timestamp=3460 ms, used_size=6887424 bytes (16.8%)
(RDMA_READ_CONSUME_CHECK_CONSUMER) timestamp=3460 ms, used_size=6885376 bytes (16.8%)
(RDMA_READ_CONSUME_CHECK_CONSUMER) timestamp=3460 ms, used_size=6883328 bytes (16.8%)
(RDMA_READ_CONSUME_CHECK_CONSUMER) timestamp=3460 ms, used_size=6881280 bytes (16.8%)
(RDMA_READ_CONSUME_CHECK_CONSUMER) timestamp=3460 ms, used_size=6879232 bytes (16.8%)
(RDMA_READ_CONSUME_CHECK_CONSUMER) timestamp=3460 ms, used_size=6877184 bytes (16.8%)
(RDMA_READ_CONSUME_CHECK_CONSUMER) timestamp=3460 ms, used_size=6875136 bytes (16.8%)
(RDMA_READ_CONSUME_CHECK_CONSUMER) timestamp=3460 ms, used_size=6873088 bytes (16.8%)
(RDMA_READ_CONSUME_CHECK_CONSUMER) timestamp=3460 ms, used_size=6871040 bytes (16.8%)
(RDMA_READ_CONSUME_CHECK_CONSUMER) timestamp=3460 ms, used_size=6868992 bytes (16.8%)
(RDMA_READ_CONSUME_CHECK_CONSUMER) timestamp=3460 ms, used_size=6866944 bytes (16.8%)
(RDMA_READ_CONSUME_CHECK_CONSUMER) timestamp=3460 ms, used_size=6864896 bytes (16.8%)
(RDMA_READ_CONSUME_CHECK_CONSUMER) timestamp=3460 ms, used_size=6862848 bytes (16.8%)
(RDMA_READ_CONSUME_CHECK_CONSUMER) timestamp=3460 ms, used_size=6860800 bytes (16.8%)
(RDMA_READ_CONSUME_CHECK_CONSUMER) timestamp=3460 ms, used_size=6858752 bytes (16.7%)
(RDMA_READ_CONSUME_CHECK_CONSUMER) timestamp=3460 ms, used_size=6856704 bytes (16.7%)
(RDMA_READ_CONSUME_CHECK_CONSUMER) timestamp=3460 ms, used_size=6854656 bytes (16.7%)
(RDMA_READ_CONSUME_CHECK_CONSUMER) timestamp=3460 ms, used_size=6852608 bytes (16.7%)
(RDMA_READ_CONSUME_CHECK_CONSUMER) timestamp=3460 ms, used_size=6850560 bytes (16.7%)
(RDMA_READ_CONSUME_CHECK_CONSUMER) timestamp=3460 ms, used_size=6848512 bytes (16.7%)
(RDMA_READ_CONSUME_CHECK_CONSUMER) timestamp=3460 ms, used_size=6846464 bytes (16.7%)
(RDMA_READ_CONSUME_CHECK_CONSUMER) timestamp=3460 ms, used_size=6844416 bytes (16.7%)
(RDMA_READ_CONSUME_CHECK_CONSUMER) timestamp=3460 ms, used_size=6842368 bytes (16.7%)
(RDMA_READ_CONSUME_CHECK_CONSUMER) timestamp=3460 ms, used_size=6840320 bytes (16.7%)
(RDMA_READ_CONSUME_CHECK_CONSUMER) timestamp=3460 ms, used_size=6838272 bytes (16.7%)
(RDMA_READ_CONSUME_CHECK_CONSUMER) timestamp=3460 ms, used_size=6836224 bytes (16.7%)
(RDMA_READ_CONSUME_CHECK_CONSUMER) timestamp=3460 ms, used_size=6834176 bytes (16.7%)
(RDMA_READ_CONSUME_CHECK_CONSUMER) timestamp=3460 ms, used_size=6832128 bytes (16.7%)
(RDMA_READ_CONSUME_CHECK_CONSUMER) timestamp=3460 ms, used_size=6830080 bytes (16.7%)
(RDMA_READ_CONSUME_CHECK_CONSUMER) timestamp=3460 ms, used_size=6828032 bytes (16.7%)
(RDMA_READ_CONSUME_CHECK_CONSUMER) timestamp=3460 ms, used_size=6825984 bytes (16.7%)
(RDMA_READ_CONSUME_CHECK_CONSUMER) timestamp=3460 ms, used_size=6823936 bytes (16.7%)
(RDMA_READ_CONSUME_CHECK_CONSUMER) timestamp=3460 ms, used_size=6821888 bytes (16.7%)
(RDMA_READ_CONSUME_CHECK_CONSUMER) timestamp=3460 ms, used_size=6819840 bytes (16.6%)
(RDMA_READ_CONSUME_CHECK_CONSUMER) timestamp=3460 ms, used_size=6817792 bytes (16.6%)
(RDMA_READ_CONSUME_CHECK_CONSUMER) timestamp=3460 ms, used_size=6815744 bytes (16.6%)
(RDMA_READ_CONSUME_CHECK_CONSUMER) timestamp=3460 ms, used_size=6813696 bytes (16.6%)
(RDMA_READ_CONSUME_CHECK_CONSUMER) timestamp=3460 ms, used_size=6811648 bytes (16.6%)
(RDMA_READ_CONSUME_CHECK_CONSUMER) timestamp=3460 ms, used_size=6809600 bytes (16.6%)
(RDMA_READ_CONSUME_CHECK_CONSUMER) timestamp=3460 ms, used_size=6807552 bytes (16.6%)
(RDMA_READ_CONSUME_CHECK_CONSUMER) timestamp=3460 ms, used_size=6805504 bytes (16.6%)
(RDMA_READ_CONSUME_CHECK_CONSUMER) timestamp=3460 ms, used_size=6803456 bytes (16.6%)
(RDMA_READ_CONSUME_CHECK_CONSUMER) timestamp=3460 ms, used_size=6801408 bytes (16.6%)
(RDMA_READ_CONSUME_CHECK_CONSUMER) timestamp=3460 ms, used_size=6799360 bytes (16.6%)
(RDMA_READ_CONSUME_CHECK_CONSUMER) timestamp=3460 ms, used_size=6797312 bytes (16.6%)
(RDMA_READ_CONSUME_CHECK_CONSUMER) timestamp=3460 ms, used_size=6795264 bytes (16.6%)
(RDMA_READ_CONSUME_CHECK_CONSUMER) timestamp=3460 ms, used_size=6793216 bytes (16.6%)
(RDMA_READ_CONSUME_CHECK_CONSUMER) timestamp=3460 ms, used_size=6791168 bytes (16.6%)
(RDMA_READ_CONSUME_CHECK_CONSUMER) timestamp=3460 ms, used_size=6789120 bytes (16.6%)
(RDMA_READ_CONSUME_CHECK_CONSUMER) timestamp=3460 ms, used_size=6787072 bytes (16.6%)
(RDMA_READ_CONSUME_CHECK_CONSUMER) timestamp=3460 ms, used_size=6785024 bytes (16.6%)
(RDMA_READ_CONSUME_CHECK_CONSUMER) timestamp=3460 ms, used_size=6782976 bytes (16.6%)
(RDMA_READ_CONSUME_CHECK_CONSUMER) timestamp=3460 ms, used_size=6780928 bytes (16.6%)
(RDMA_READ_CONSUME_CHECK_CONSUMER) timestamp=3460 ms, used_size=6778880 bytes (16.6%)
(RDMA_READ_CONSUME_CHECK_CONSUMER) timestamp=3460 ms, used_size=6776832 bytes (16.5%)
(RDMA_READ_CONSUME_CHECK_CONSUMER) timestamp=3460 ms, used_size=6774784 bytes (16.5%)
(RDMA_READ_CONSUME_CHECK_CONSUMER) timestamp=3460 ms, used_size=6772736 bytes (16.5%)
(RDMA_READ_CONSUME_CHECK_CONSUMER) timestamp=3460 ms, used_size=6770688 bytes (16.5%)
(RDMA_READ_CONSUME_CHECK_CONSUMER) timestamp=3460 ms, used_size=6768640 bytes (16.5%)
(RDMA_READ_CONSUME_CHECK_CONSUMER) timestamp=3460 ms, used_size=6766592 bytes (16.5%)
(RDMA_READ_CONSUME_CHECK_CONSUMER) timestamp=3460 ms, used_size=6764544 bytes (16.5%)
(RDMA_READ_CONSUME_CHECK_CONSUMER) timestamp=3460 ms, used_size=6762496 bytes (16.5%)
(RDMA_READ_CONSUME_CHECK_CONSUMER) timestamp=3460 ms, used_size=6760448 bytes (16.5%)
(RDMA_READ_CONSUME_CHECK_CONSUMER) timestamp=3460 ms, used_size=6758400 bytes (16.5%)
(RDMA_READ_CONSUME_CHECK_CONSUMER) timestamp=3460 ms, used_size=6756352 bytes (16.5%)
(RDMA_READ_CONSUME_CHECK_CONSUMER) timestamp=3460 ms, used_size=6754304 bytes (16.5%)
(RDMA_READ_CONSUME_CHECK_CONSUMER) timestamp=3460 ms, used_size=6752256 bytes (16.5%)
(RDMA_READ_CONSUME_CHECK_CONSUMER) timestamp=3460 ms, used_size=6750208 bytes (16.5%)
(RDMA_READ_CONSUME_CHECK_CONSUMER) timestamp=3460 ms, used_size=6748160 bytes (16.5%)
(RDMA_READ_CONSUME_CHECK_CONSUMER) timestamp=3460 ms, used_size=6746112 bytes (16.5%)
(RDMA_READ_CONSUME_CHECK_CONSUMER) timestamp=3460 ms, used_size=6744064 bytes (16.5%)
(RDMA_READ_CONSUME_CHECK_CONSUMER) timestamp=3460 ms, used_size=6742016 bytes (16.5%)
(RDMA_READ_CONSUME_CHECK_CONSUMER) timestamp=3460 ms, used_size=6739968 bytes (16.5%)
(RDMA_READ_CONSUME_CHECK_CONSUMER) timestamp=3460 ms, used_size=6737920 bytes (16.4%)
(RDMA_READ_CONSUME_CHECK_CONSUMER) timestamp=3460 ms, used_size=6735872 bytes (16.4%)
(RDMA_READ_CONSUME_CHECK_CONSUMER) timestamp=3460 ms, used_size=6733824 bytes (16.4%)
(RDMA_READ_CONSUME_CHECK_CONSUMER) timestamp=3460 ms, used_size=6731776 bytes (16.4%)
(RDMA_READ_CONSUME_CHECK_CONSUMER) timestamp=3460 ms, used_size=6729728 bytes (16.4%)
(RDMA_READ_CONSUME_CHECK_CONSUMER) timestamp=3460 ms, used_size=6727680 bytes (16.4%)
(RDMA_READ_CONSUME_CHECK_CONSUMER) timestamp=3460 ms, used_size=6725632 bytes (16.4%)
(RDMA_READ_CONSUME_CHECK_CONSUMER) timestamp=3460 ms, used_size=6723584 bytes (16.4%)
(RDMA_READ_CONSUME_CHECK_CONSUMER) timestamp=3460 ms, used_size=6721536 bytes (16.4%)
(RDMA_READ_CONSUME_CHECK_CONSUMER) timestamp=3460 ms, used_size=6719488 bytes (16.4%)
(RDMA_READ_CONSUME_CHECK_CONSUMER) timestamp=3460 ms, used_size=6717440 bytes (16.4%)
(RDMA_READ_CONSUME_CHECK_CONSUMER) timestamp=3460 ms, used_size=6715392 bytes (16.4%)
(RDMA_READ_CONSUME_CHECK_CONSUMER) timestamp=3460 ms, used_size=6713344 bytes (16.4%)
(RDMA_READ_CONSUME_CHECK_CONSUMER) timestamp=3460 ms, used_size=6711296 bytes (16.4%)
(RDMA_READ_CONSUME_CHECK_CONSUMER) timestamp=3460 ms, used_size=6709248 bytes (16.4%)
(RDMA_READ_CONSUME_CHECK_CONSUMER) timestamp=3460 ms, used_size=6707200 bytes (16.4%)
(RDMA_READ_CONSUME_CHECK_CONSUMER) timestamp=3460 ms, used_size=6705152 bytes (16.4%)
(RDMA_READ_CONSUME_CHECK_CONSUMER) timestamp=3460 ms, used_size=6703104 bytes (16.4%)
(RDMA_READ_CONSUME_CHECK_CONSUMER) timestamp=3460 ms, used_size=6701056 bytes (16.4%)
(RDMA_READ_CONSUME_CHECK_CONSUMER) timestamp=3460 ms, used_size=6699008 bytes (16.4%)
(RDMA_READ_CONSUME_CHECK_CONSUMER) timestamp=3460 ms, used_size=6696960 bytes (16.4%)
(RDMA_READ_CONSUME_CHECK_CONSUMER) timestamp=3460 ms, used_size=6694912 bytes (16.3%)
(RDMA_READ_CONSUME_CHECK_CONSUMER) timestamp=3460 ms, used_size=6692864 bytes (16.3%)
(RDMA_READ_CONSUME_CHECK_CONSUMER) timestamp=3460 ms, used_size=6690816 bytes (16.3%)
(RDMA_READ_CONSUME_CHECK_CONSUMER) timestamp=3460 ms, used_size=6688768 bytes (16.3%)
(RDMA_READ_CONSUME_CHECK_CONSUMER) timestamp=3460 ms, used_size=6686720 bytes (16.3%)
(RDMA_READ_CONSUME_CHECK_CONSUMER) timestamp=3460 ms, used_size=6684672 bytes (16.3%)
(RDMA_READ_CONSUME_CHECK_CONSUMER) timestamp=3460 ms, used_size=6682624 bytes (16.3%)
(RDMA_READ_CONSUME_CHECK_CONSUMER) timestamp=3460 ms, used_size=6680576 bytes (16.3%)
(RDMA_READ_CONSUME_CHECK_CONSUMER) timestamp=3460 ms, used_size=6678528 bytes (16.3%)
(RDMA_READ_CONSUME_CHECK_CONSUMER) timestamp=3460 ms, used_size=6676480 bytes (16.3%)
(RDMA_READ_CONSUME_CHECK_CONSUMER) timestamp=3460 ms, used_size=6674432 bytes (16.3%)
(RDMA_READ_CONSUME_CHECK_CONSUMER) timestamp=3460 ms, used_size=6672384 bytes (16.3%)
(RDMA_READ_CONSUME_CHECK_CONSUMER) timestamp=3460 ms, used_size=6670336 bytes (16.3%)
(RDMA_READ_CONSUME_CHECK_CONSUMER) timestamp=3460 ms, used_size=6668288 bytes (16.3%)
(RDMA_READ_CONSUME_CHECK_CONSUMER) timestamp=3460 ms, used_size=6666240 bytes (16.3%)
(RDMA_READ_CONSUME_CHECK_CONSUMER) timestamp=3460 ms, used_size=6664192 bytes (16.3%)
(RDMA_READ_CONSUME_CHECK_CONSUMER) timestamp=3460 ms, used_size=6662144 bytes (16.3%)
(RDMA_READ_CONSUME_CHECK_CONSUMER) timestamp=3460 ms, used_size=6660096 bytes (16.3%)
(RDMA_READ_CONSUME_CHECK_CONSUMER) timestamp=3460 ms, used_size=6658048 bytes (16.3%)
(RDMA_READ_CONSUME_CHECK_CONSUMER) timestamp=3460 ms, used_size=6656000 bytes (16.2%)
(RDMA_READ_CONSUME_CHECK_CONSUMER) timestamp=3460 ms, used_size=6653952 bytes (16.2%)
(RDMA_READ_CONSUME_CHECK_CONSUMER) timestamp=3460 ms, used_size=6651904 bytes (16.2%)
(RDMA_READ_CONSUME_CHECK_CONSUMER) timestamp=3460 ms, used_size=6649856 bytes (16.2%)
(RDMA_READ_CONSUME_CHECK_CONSUMER) timestamp=3460 ms, used_size=6647808 bytes (16.2%)
(RDMA_READ_CONSUME_CHECK_CONSUMER) timestamp=3460 ms, used_size=6645760 bytes (16.2%)
(RDMA_READ_CONSUME_CHECK_CONSUMER) timestamp=3460 ms, used_size=6643712 bytes (16.2%)
(RDMA_READ_CONSUME_CHECK_CONSUMER) timestamp=3460 ms, used_size=6641664 bytes (16.2%)
(RDMA_READ_CONSUME_CHECK_CONSUMER) timestamp=3460 ms, used_size=6639616 bytes (16.2%)
(RDMA_READ_CONSUME_CHECK_CONSUMER) timestamp=3460 ms, used_size=6637568 bytes (16.2%)
(RDMA_READ_CONSUME_CHECK_CONSUMER) timestamp=3460 ms, used_size=6635520 bytes (16.2%)
(RDMA_READ_CONSUME_CHECK_CONSUMER) timestamp=3460 ms, used_size=6633472 bytes (16.2%)
(RDMA_READ_CONSUME_CHECK_CONSUMER) timestamp=3460 ms, used_size=6631424 bytes (16.2%)
(RDMA_READ_CONSUME_CHECK_CONSUMER) timestamp=3460 ms, used_size=6629376 bytes (16.2%)
(RDMA_READ_CONSUME_CHECK_CONSUMER) timestamp=3460 ms, used_size=6627328 bytes (16.2%)
(RDMA_READ_CONSUME_CHECK_CONSUMER) timestamp=3460 ms, used_size=6625280 bytes (16.2%)
(RDMA_READ_CONSUME_CHECK_CONSUMER) timestamp=3460 ms, used_size=6623232 bytes (16.2%)
(RDMA_READ_CONSUME_CHECK_CONSUMER) timestamp=3460 ms, used_size=6621184 bytes (16.2%)
(RDMA_READ_CONSUME_CHECK_CONSUMER) timestamp=3460 ms, used_size=6619136 bytes (16.2%)
(RDMA_READ_CONSUME_CHECK_CONSUMER) timestamp=3460 ms, used_size=6617088 bytes (16.2%)
(RDMA_READ_CONSUME_CHECK_CONSUMER) timestamp=3460 ms, used_size=6615040 bytes (16.1%)
(RDMA_READ_CONSUME_CHECK_CONSUMER) timestamp=3460 ms, used_size=6612992 bytes (16.1%)
(RDMA_READ_CONSUME_CHECK_CONSUMER) timestamp=3460 ms, used_size=6610944 bytes (16.1%)
(RDMA_READ_CONSUME_CHECK_CONSUMER) timestamp=3461 ms, used_size=6608896 bytes (16.1%)
(RDMA_READ_CONSUME_CHECK_CONSUMER) timestamp=3461 ms, used_size=6606848 bytes (16.1%)
(RDMA_READ_CONSUME_CHECK_CONSUMER) timestamp=3461 ms, used_size=6604800 bytes (16.1%)
(RDMA_READ_CONSUME_CHECK_CONSUMER) timestamp=3461 ms, used_size=6602752 bytes (16.1%)
(RDMA_READ_CONSUME_CHECK_CONSUMER) timestamp=3461 ms, used_size=6600704 bytes (16.1%)
(RDMA_READ_CONSUME_CHECK_CONSUMER) timestamp=3461 ms, used_size=6598656 bytes (16.1%)
(RDMA_READ_CONSUME_CHECK_CONSUMER) timestamp=3461 ms, used_size=6596608 bytes (16.1%)
(RDMA_READ_CONSUME_CHECK_CONSUMER) timestamp=3461 ms, used_size=6594560 bytes (16.1%)
(RDMA_READ_CONSUME_CHECK_CONSUMER) timestamp=3461 ms, used_size=6592512 bytes (16.1%)
(RDMA_READ_CONSUME_CHECK_CONSUMER) timestamp=3461 ms, used_size=6590464 bytes (16.1%)
(RDMA_READ_CONSUME_CHECK_CONSUMER) timestamp=3461 ms, used_size=6588416 bytes (16.1%)
(RDMA_READ_CONSUME_CHECK_CONSUMER) timestamp=3461 ms, used_size=6586368 bytes (16.1%)
(RDMA_READ_CONSUME_CHECK_CONSUMER) timestamp=3461 ms, used_size=6584320 bytes (16.1%)
(RDMA_READ_CONSUME_CHECK_CONSUMER) timestamp=3461 ms, used_size=6582272 bytes (16.1%)
(RDMA_READ_CONSUME_CHECK_CONSUMER) timestamp=3461 ms, used_size=6580224 bytes (16.1%)
(RDMA_READ_CONSUME_CHECK_CONSUMER) timestamp=3461 ms, used_size=6578176 bytes (16.1%)
(RDMA_READ_CONSUME_CHECK_CONSUMER) timestamp=3461 ms, used_size=6576128 bytes (16.1%)
(RDMA_READ_CONSUME_CHECK_CONSUMER) timestamp=3461 ms, used_size=6574080 bytes (16.1%)
(RDMA_READ_CONSUME_CHECK_CONSUMER) timestamp=3461 ms, used_size=6572032 bytes (16.0%)
(RDMA_READ_CONSUME_CHECK_CONSUMER) timestamp=3461 ms, used_size=6569984 bytes (16.0%)
(RDMA_READ_CONSUME_CHECK_CONSUMER) timestamp=3461 ms, used_size=6567936 bytes (16.0%)
(RDMA_READ_CONSUME_CHECK_CONSUMER) timestamp=3461 ms, used_size=6565888 bytes (16.0%)
(RDMA_READ_CONSUME_CHECK_CONSUMER) timestamp=3461 ms, used_size=6563840 bytes (16.0%)
(RDMA_READ_CONSUME_CHECK_CONSUMER) timestamp=3461 ms, used_size=6561792 bytes (16.0%)
(RDMA_READ_CONSUME_CHECK_CONSUMER) timestamp=3461 ms, used_size=6559744 bytes (16.0%)
(RDMA_READ_CONSUME_CHECK_CONSUMER) timestamp=3461 ms, used_size=6557696 bytes (16.0%)
(RDMA_READ_CONSUME_CHECK_CONSUMER) timestamp=3461 ms, used_size=6555648 bytes (16.0%)
(RDMA_READ_CONSUME_CHECK_CONSUMER) timestamp=3461 ms, used_size=6553600 bytes (16.0%)
(RDMA_READ_CONSUME_CHECK_CONSUMER) timestamp=3461 ms, used_size=6551552 bytes (16.0%)
(RDMA_READ_CONSUME_CHECK_CONSUMER) timestamp=3461 ms, used_size=6549504 bytes (16.0%)
(RDMA_READ_CONSUME_CHECK_CONSUMER) timestamp=3461 ms, used_size=6547456 bytes (16.0%)
(RDMA_READ_CONSUME_CHECK_CONSUMER) timestamp=3461 ms, used_size=6545408 bytes (16.0%)
(RDMA_READ_CONSUME_CHECK_CONSUMER) timestamp=3461 ms, used_size=6543360 bytes (16.0%)
(RDMA_READ_CONSUME_CHECK_CONSUMER) timestamp=3461 ms, used_size=6541312 bytes (16.0%)
(RDMA_READ_CONSUME_CHECK_CONSUMER) timestamp=3461 ms, used_size=6539264 bytes (16.0%)
(RDMA_READ_CONSUME_CHECK_CONSUMER) timestamp=3461 ms, used_size=6537216 bytes (16.0%)
(RDMA_READ_CONSUME_CHECK_CONSUMER) timestamp=3461 ms, used_size=6535168 bytes (16.0%)
(RDMA_READ_CONSUME_CHECK_CONSUMER) timestamp=3461 ms, used_size=6533120 bytes (15.9%)
(RDMA_READ_CONSUME_CHECK_CONSUMER) timestamp=3461 ms, used_size=6531072 bytes (15.9%)
(RDMA_READ_CONSUME_CHECK_CONSUMER) timestamp=3461 ms, used_size=6529024 bytes (15.9%)
(RDMA_READ_CONSUME_CHECK_CONSUMER) timestamp=3461 ms, used_size=6526976 bytes (15.9%)
(RDMA_READ_CONSUME_CHECK_CONSUMER) timestamp=3461 ms, used_size=6524928 bytes (15.9%)
(RDMA_READ_CONSUME_CHECK_CONSUMER) timestamp=3461 ms, used_size=6522880 bytes (15.9%)
(RDMA_READ_CONSUME_CHECK_CONSUMER) timestamp=3461 ms, used_size=6520832 bytes (15.9%)
(RDMA_READ_CONSUME_CHECK_CONSUMER) timestamp=3461 ms, used_size=6518784 bytes (15.9%)
(RDMA_READ_CONSUME_CHECK_CONSUMER) timestamp=3461 ms, used_size=6516736 bytes (15.9%)
(RDMA_READ_CONSUME_CHECK_CONSUMER) timestamp=3461 ms, used_size=6514688 bytes (15.9%)
(RDMA_READ_CONSUME_CHECK_CONSUMER) timestamp=3461 ms, used_size=6512640 bytes (15.9%)
(RDMA_READ_CONSUME_CHECK_CONSUMER) timestamp=3461 ms, used_size=6510592 bytes (15.9%)
(RDMA_READ_CONSUME_CHECK_CONSUMER) timestamp=3461 ms, used_size=6508544 bytes (15.9%)
(RDMA_READ_CONSUME_CHECK_CONSUMER) timestamp=3461 ms, used_size=6506496 bytes (15.9%)
(RDMA_READ_CONSUME_CHECK_CONSUMER) timestamp=3461 ms, used_size=6504448 bytes (15.9%)
(RDMA_READ_CONSUME_CHECK_CONSUMER) timestamp=3461 ms, used_size=6502400 bytes (15.9%)
(RDMA_READ_CONSUME_CHECK_CONSUMER) timestamp=3461 ms, used_size=6500352 bytes (15.9%)
(RDMA_READ_CONSUME_CHECK_CONSUMER) timestamp=3461 ms, used_size=6498304 bytes (15.9%)
(RDMA_READ_CONSUME_CHECK_CONSUMER) timestamp=3461 ms, used_size=6496256 bytes (15.9%)
(RDMA_READ_CONSUME_CHECK_CONSUMER) timestamp=3461 ms, used_size=6494208 bytes (15.9%)
(RDMA_READ_CONSUME_CHECK_CONSUMER) timestamp=3461 ms, used_size=6492160 bytes (15.8%)
(RDMA_READ_CONSUME_CHECK_CONSUMER) timestamp=3461 ms, used_size=6490112 bytes (15.8%)
(RDMA_READ_CONSUME_CHECK_CONSUMER) timestamp=3461 ms, used_size=6488064 bytes (15.8%)
(RDMA_READ_CONSUME_CHECK_CONSUMER) timestamp=3461 ms, used_size=6486016 bytes (15.8%)
(RDMA_READ_CONSUME_CHECK_CONSUMER) timestamp=3461 ms, used_size=6483968 bytes (15.8%)
(RDMA_READ_CONSUME_CHECK_CONSUMER) timestamp=3461 ms, used_size=6481920 bytes (15.8%)
(RDMA_READ_CONSUME_CHECK_CONSUMER) timestamp=3461 ms, used_size=6479872 bytes (15.8%)
(RDMA_READ_CONSUME_CHECK_CONSUMER) timestamp=3461 ms, used_size=6477824 bytes (15.8%)
(RDMA_READ_CONSUME_CHECK_CONSUMER) timestamp=3461 ms, used_size=6475776 bytes (15.8%)
(RDMA_READ_CONSUME_CHECK_CONSUMER) timestamp=3461 ms, used_size=6473728 bytes (15.8%)
(RDMA_READ_CONSUME_CHECK_CONSUMER) timestamp=3461 ms, used_size=6471680 bytes (15.8%)
(RDMA_READ_CONSUME_CHECK_CONSUMER) timestamp=3461 ms, used_size=6469632 bytes (15.8%)
(RDMA_READ_CONSUME_CHECK_CONSUMER) timestamp=3461 ms, used_size=6467584 bytes (15.8%)
(RDMA_READ_CONSUME_CHECK_CONSUMER) timestamp=3461 ms, used_size=6465536 bytes (15.8%)
(RDMA_READ_CONSUME_CHECK_CONSUMER) timestamp=3461 ms, used_size=6463488 bytes (15.8%)
(RDMA_READ_CONSUME_CHECK_CONSUMER) timestamp=3461 ms, used_size=6461440 bytes (15.8%)
(RDMA_READ_CONSUME_CHECK_CONSUMER) timestamp=3461 ms, used_size=6459392 bytes (15.8%)
(RDMA_READ_CONSUME_CHECK_CONSUMER) timestamp=3461 ms, used_size=6457344 bytes (15.8%)
(RDMA_READ_CONSUME_CHECK_CONSUMER) timestamp=3461 ms, used_size=6455296 bytes (15.8%)
(RDMA_READ_CONSUME_CHECK_CONSUMER) timestamp=3461 ms, used_size=6453248 bytes (15.8%)
(RDMA_READ_CONSUME_CHECK_CONSUMER) timestamp=3461 ms, used_size=6451200 bytes (15.8%)
(RDMA_READ_CONSUME_CHECK_CONSUMER) timestamp=3461 ms, used_size=6449152 bytes (15.7%)
(RDMA_READ_CONSUME_CHECK_CONSUMER) timestamp=3461 ms, used_size=6447104 bytes (15.7%)
(RDMA_READ_CONSUME_CHECK_CONSUMER) timestamp=3461 ms, used_size=6445056 bytes (15.7%)
(RDMA_READ_CONSUME_CHECK_CONSUMER) timestamp=3461 ms, used_size=6443008 bytes (15.7%)
(RDMA_READ_CONSUME_CHECK_CONSUMER) timestamp=3461 ms, used_size=6440960 bytes (15.7%)
(RDMA_READ_CONSUME_CHECK_CONSUMER) timestamp=3461 ms, used_size=6438912 bytes (15.7%)
(RDMA_READ_CONSUME_CHECK_CONSUMER) timestamp=3461 ms, used_size=6436864 bytes (15.7%)
(RDMA_READ_CONSUME_CHECK_CONSUMER) timestamp=3461 ms, used_size=6434816 bytes (15.7%)
(RDMA_READ_CONSUME_CHECK_CONSUMER) timestamp=3461 ms, used_size=6432768 bytes (15.7%)
(RDMA_READ_CONSUME_CHECK_CONSUMER) timestamp=3461 ms, used_size=6430720 bytes (15.7%)
(RDMA_READ_CONSUME_CHECK_CONSUMER) timestamp=3461 ms, used_size=6428672 bytes (15.7%)
(RDMA_READ_CONSUME_CHECK_CONSUMER) timestamp=3461 ms, used_size=6426624 bytes (15.7%)
(RDMA_READ_CONSUME_CHECK_CONSUMER) timestamp=3461 ms, used_size=6424576 bytes (15.7%)
(RDMA_READ_CONSUME_CHECK_CONSUMER) timestamp=3461 ms, used_size=6422528 bytes (15.7%)
(RDMA_READ_CONSUME_CHECK_CONSUMER) timestamp=3461 ms, used_size=6420480 bytes (15.7%)
(RDMA_READ_CONSUME_CHECK_CONSUMER) timestamp=3461 ms, used_size=6418432 bytes (15.7%)
(RDMA_READ_CONSUME_CHECK_CONSUMER) timestamp=3461 ms, used_size=6416384 bytes (15.7%)
(RDMA_READ_CONSUME_CHECK_CONSUMER) timestamp=3461 ms, used_size=6414336 bytes (15.7%)
(RDMA_READ_CONSUME_CHECK_CONSUMER) timestamp=3461 ms, used_size=6412288 bytes (15.7%)
(RDMA_READ_CONSUME_CHECK_CONSUMER) timestamp=3461 ms, used_size=6410240 bytes (15.7%)
(RDMA_READ_CONSUME_CHECK_CONSUMER) timestamp=3461 ms, used_size=6408192 bytes (15.6%)
(RDMA_READ_CONSUME_CHECK_CONSUMER) timestamp=3461 ms, used_size=6406144 bytes (15.6%)
(RDMA_READ_CONSUME_CHECK_CONSUMER) timestamp=3461 ms, used_size=6404096 bytes (15.6%)
(RDMA_READ_CONSUME_CHECK_CONSUMER) timestamp=3461 ms, used_size=6402048 bytes (15.6%)
(RDMA_READ_CONSUME_CHECK_CONSUMER) timestamp=3461 ms, used_size=6400000 bytes (15.6%)
(RDMA_READ_CONSUME_CHECK_CONSUMER) timestamp=3461 ms, used_size=6397952 bytes (15.6%)
(RDMA_READ_CONSUME_CHECK_CONSUMER) timestamp=3461 ms, used_size=6395904 bytes (15.6%)
(RDMA_READ_CONSUME_CHECK_CONSUMER) timestamp=3461 ms, used_size=6393856 bytes (15.6%)
(RDMA_READ_CONSUME_CHECK_CONSUMER) timestamp=3461 ms, used_size=6391808 bytes (15.6%)
(RDMA_READ_CONSUME_CHECK_CONSUMER) timestamp=3461 ms, used_size=6389760 bytes (15.6%)
(RDMA_READ_CONSUME_CHECK_CONSUMER) timestamp=3461 ms, used_size=6387712 bytes (15.6%)
(RDMA_READ_CONSUME_CHECK_CONSUMER) timestamp=3461 ms, used_size=6385664 bytes (15.6%)
(RDMA_READ_CONSUME_CHECK_CONSUMER) timestamp=3461 ms, used_size=6383616 bytes (15.6%)
(RDMA_READ_CONSUME_CHECK_CONSUMER) timestamp=3461 ms, used_size=6381568 bytes (15.6%)
(RDMA_READ_CONSUME_CHECK_CONSUMER) timestamp=3461 ms, used_size=6379520 bytes (15.6%)
(RDMA_READ_CONSUME_CHECK_CONSUMER) timestamp=3461 ms, used_size=6377472 bytes (15.6%)
(RDMA_READ_CONSUME_CHECK_CONSUMER) timestamp=3461 ms, used_size=6375424 bytes (15.6%)
(RDMA_READ_CONSUME_CHECK_CONSUMER) timestamp=3461 ms, used_size=6373376 bytes (15.6%)
(RDMA_READ_CONSUME_CHECK_CONSUMER) timestamp=3461 ms, used_size=6371328 bytes (15.6%)
(RDMA_READ_CONSUME_CHECK_CONSUMER) timestamp=3461 ms, used_size=6369280 bytes (15.6%)
(RDMA_READ_CONSUME_CHECK_CONSUMER) timestamp=3461 ms, used_size=6367232 bytes (15.5%)
(RDMA_READ_CONSUME_CHECK_CONSUMER) timestamp=3461 ms, used_size=6365184 bytes (15.5%)
(RDMA_READ_CONSUME_CHECK_CONSUMER) timestamp=3461 ms, used_size=6363136 bytes (15.5%)
(RDMA_READ_CONSUME_CHECK_CONSUMER) timestamp=3461 ms, used_size=6361088 bytes (15.5%)
(RDMA_READ_CONSUME_CHECK_CONSUMER) timestamp=3461 ms, used_size=6359040 bytes (15.5%)
(RDMA_READ_CONSUME_CHECK_CONSUMER) timestamp=3461 ms, used_size=6356992 bytes (15.5%)
(RDMA_READ_CONSUME_CHECK_CONSUMER) timestamp=3461 ms, used_size=6354944 bytes (15.5%)
(RDMA_READ_CONSUME_CHECK_CONSUMER) timestamp=3461 ms, used_size=6352896 bytes (15.5%)
(RDMA_READ_CONSUME_CHECK_CONSUMER) timestamp=3461 ms, used_size=6350848 bytes (15.5%)
(RDMA_READ_CONSUME_CHECK_CONSUMER) timestamp=3461 ms, used_size=6348800 bytes (15.5%)
(RDMA_READ_CONSUME_CHECK_CONSUMER) timestamp=3461 ms, used_size=6346752 bytes (15.5%)
(RDMA_READ_CONSUME_CHECK_CONSUMER) timestamp=3461 ms, used_size=6344704 bytes (15.5%)
(RDMA_READ_CONSUME_CHECK_CONSUMER) timestamp=3461 ms, used_size=6342656 bytes (15.5%)
(RDMA_READ_CONSUME_CHECK_CONSUMER) timestamp=3461 ms, used_size=6340608 bytes (15.5%)
(RDMA_READ_CONSUME_CHECK_CONSUMER) timestamp=3461 ms, used_size=6338560 bytes (15.5%)
(RDMA_READ_CONSUME_CHECK_CONSUMER) timestamp=3461 ms, used_size=6336512 bytes (15.5%)
(RDMA_READ_CONSUME_CHECK_CONSUMER) timestamp=3461 ms, used_size=6334464 bytes (15.5%)
(RDMA_READ_CONSUME_CHECK_CONSUMER) timestamp=3461 ms, used_size=6332416 bytes (15.5%)
(RDMA_READ_CONSUME_CHECK_CONSUMER) timestamp=3461 ms, used_size=6330368 bytes (15.5%)
(RDMA_READ_CONSUME_CHECK_CONSUMER) timestamp=3461 ms, used_size=6328320 bytes (15.4%)
(RDMA_READ_CONSUME_CHECK_CONSUMER) timestamp=3461 ms, used_size=6326272 bytes (15.4%)
(RDMA_READ_CONSUME_CHECK_CONSUMER) timestamp=3461 ms, used_size=6324224 bytes (15.4%)
(RDMA_READ_CONSUME_CHECK_CONSUMER) timestamp=3461 ms, used_size=6322176 bytes (15.4%)
(RDMA_READ_CONSUME_CHECK_CONSUMER) timestamp=3461 ms, used_size=6320128 bytes (15.4%)
(RDMA_READ_CONSUME_CHECK_CONSUMER) timestamp=3461 ms, used_size=6318080 bytes (15.4%)
(RDMA_READ_CONSUME_CHECK_CONSUMER) timestamp=3461 ms, used_size=6316032 bytes (15.4%)
(RDMA_READ_CONSUME_CHECK_CONSUMER) timestamp=3461 ms, used_size=6313984 bytes (15.4%)
(RDMA_READ_CONSUME_CHECK_CONSUMER) timestamp=3461 ms, used_size=6311936 bytes (15.4%)
(RDMA_READ_CONSUME_CHECK_CONSUMER) timestamp=3461 ms, used_size=6309888 bytes (15.4%)
(RDMA_READ_CONSUME_CHECK_CONSUMER) timestamp=3461 ms, used_size=6307840 bytes (15.4%)
(RDMA_READ_CONSUME_CHECK_CONSUMER) timestamp=3461 ms, used_size=6305792 bytes (15.4%)
(RDMA_READ_CONSUME_CHECK_CONSUMER) timestamp=3461 ms, used_size=6303744 bytes (15.4%)
(RDMA_READ_CONSUME_CHECK_CONSUMER) timestamp=3461 ms, used_size=6301696 bytes (15.4%)
(RDMA_READ_CONSUME_CHECK_CONSUMER) timestamp=3461 ms, used_size=6299648 bytes (15.4%)
(RDMA_READ_CONSUME_CHECK_CONSUMER) timestamp=3461 ms, used_size=6297600 bytes (15.4%)
(RDMA_READ_CONSUME_CHECK_CONSUMER) timestamp=3461 ms, used_size=6295552 bytes (15.4%)
(RDMA_READ_CONSUME_CHECK_CONSUMER) timestamp=3461 ms, used_size=6293504 bytes (15.4%)
(RDMA_READ_CONSUME_CHECK_CONSUMER) timestamp=3461 ms, used_size=6291456 bytes (15.4%)
(RDMA_READ_CONSUME_CHECK_CONSUMER) timestamp=3461 ms, used_size=6289408 bytes (15.4%)
(RDMA_READ_CONSUME_CHECK_CONSUMER) timestamp=3461 ms, used_size=6287360 bytes (15.3%)
(RDMA_READ_CONSUME_CHECK_CONSUMER) timestamp=3461 ms, used_size=6285312 bytes (15.3%)
(RDMA_READ_CONSUME_CHECK_CONSUMER) timestamp=3461 ms, used_size=6283264 bytes (15.3%)
(RDMA_READ_CONSUME_CHECK_CONSUMER) timestamp=3461 ms, used_size=6281216 bytes (15.3%)
(RDMA_READ_CONSUME_CHECK_CONSUMER) timestamp=3461 ms, used_size=6279168 bytes (15.3%)
(RDMA_READ_CONSUME_CHECK_CONSUMER) timestamp=3461 ms, used_size=6277120 bytes (15.3%)
(RDMA_READ_CONSUME_CHECK_CONSUMER) timestamp=3461 ms, used_size=6275072 bytes (15.3%)
(RDMA_READ_CONSUME_CHECK_CONSUMER) timestamp=3461 ms, used_size=6273024 bytes (15.3%)
(RDMA_READ_CONSUME_CHECK_CONSUMER) timestamp=3461 ms, used_size=6270976 bytes (15.3%)
(RDMA_READ_CONSUME_CHECK_CONSUMER) timestamp=3461 ms, used_size=6268928 bytes (15.3%)
(RDMA_READ_CONSUME_CHECK_CONSUMER) timestamp=3461 ms, used_size=6266880 bytes (15.3%)
(RDMA_READ_CONSUME_CHECK_CONSUMER) timestamp=3461 ms, used_size=6264832 bytes (15.3%)
(RDMA_READ_CONSUME_CHECK_CONSUMER) timestamp=3461 ms, used_size=6262784 bytes (15.3%)
(RDMA_READ_CONSUME_CHECK_CONSUMER) timestamp=3461 ms, used_size=6260736 bytes (15.3%)
(RDMA_READ_CONSUME_CHECK_CONSUMER) timestamp=3461 ms, used_size=6258688 bytes (15.3%)
(RDMA_READ_CONSUME_CHECK_CONSUMER) timestamp=3461 ms, used_size=6256640 bytes (15.3%)
(RDMA_READ_CONSUME_CHECK_CONSUMER) timestamp=3461 ms, used_size=6254592 bytes (15.3%)
(RDMA_READ_CONSUME_CHECK_CONSUMER) timestamp=3461 ms, used_size=6252544 bytes (15.3%)
(RDMA_READ_CONSUME_CHECK_CONSUMER) timestamp=3461 ms, used_size=6250496 bytes (15.3%)
(RDMA_READ_CONSUME_CHECK_CONSUMER) timestamp=3461 ms, used_size=6248448 bytes (15.3%)
(RDMA_READ_CONSUME_CHECK_CONSUMER) timestamp=3461 ms, used_size=6246400 bytes (15.2%)
(RDMA_READ_CONSUME_CHECK_CONSUMER) timestamp=3461 ms, used_size=6244352 bytes (15.2%)
(RDMA_READ_CONSUME_CHECK_CONSUMER) timestamp=3461 ms, used_size=6242304 bytes (15.2%)
(RDMA_READ_CONSUME_CHECK_CONSUMER) timestamp=3461 ms, used_size=6240256 bytes (15.2%)
(RDMA_READ_CONSUME_CHECK_CONSUMER) timestamp=3462 ms, used_size=6238208 bytes (15.2%)
(RDMA_READ_CONSUME_CHECK_CONSUMER) timestamp=3462 ms, used_size=6236160 bytes (15.2%)
(RDMA_READ_CONSUME_CHECK_CONSUMER) timestamp=3462 ms, used_size=6234112 bytes (15.2%)
(RDMA_READ_CONSUME_CHECK_CONSUMER) timestamp=3462 ms, used_size=6232064 bytes (15.2%)
(RDMA_READ_CONSUME_CHECK_CONSUMER) timestamp=3462 ms, used_size=6230016 bytes (15.2%)
(RDMA_READ_CONSUME_CHECK_CONSUMER) timestamp=3462 ms, used_size=6227968 bytes (15.2%)
(RDMA_READ_CONSUME_CHECK_CONSUMER) timestamp=3462 ms, used_size=6225920 bytes (15.2%)
(RDMA_READ_CONSUME_CHECK_CONSUMER) timestamp=3462 ms, used_size=6223872 bytes (15.2%)
(RDMA_READ_CONSUME_CHECK_CONSUMER) timestamp=3462 ms, used_size=6221824 bytes (15.2%)
(RDMA_READ_CONSUME_CHECK_CONSUMER) timestamp=3462 ms, used_size=6219776 bytes (15.2%)
(RDMA_READ_CONSUME_CHECK_CONSUMER) timestamp=3462 ms, used_size=6217728 bytes (15.2%)
(RDMA_READ_CONSUME_CHECK_CONSUMER) timestamp=3462 ms, used_size=6215680 bytes (15.2%)
(RDMA_READ_CONSUME_CHECK_CONSUMER) timestamp=3462 ms, used_size=6213632 bytes (15.2%)
(RDMA_READ_CONSUME_CHECK_CONSUMER) timestamp=3462 ms, used_size=6211584 bytes (15.2%)
(RDMA_READ_CONSUME_CHECK_CONSUMER) timestamp=3462 ms, used_size=6209536 bytes (15.2%)
(RDMA_READ_CONSUME_CHECK_CONSUMER) timestamp=3462 ms, used_size=6207488 bytes (15.2%)
(RDMA_READ_CONSUME_CHECK_CONSUMER) timestamp=3462 ms, used_size=6205440 bytes (15.2%)
(RDMA_READ_CONSUME_CHECK_CONSUMER) timestamp=3462 ms, used_size=6203392 bytes (15.1%)
(RDMA_READ_CONSUME_CHECK_CONSUMER) timestamp=3462 ms, used_size=6201344 bytes (15.1%)
(RDMA_READ_CONSUME_CHECK_CONSUMER) timestamp=3462 ms, used_size=6199296 bytes (15.1%)
(RDMA_READ_CONSUME_CHECK_CONSUMER) timestamp=3462 ms, used_size=6197248 bytes (15.1%)
(RDMA_READ_CONSUME_CHECK_CONSUMER) timestamp=3462 ms, used_size=6195200 bytes (15.1%)
(RDMA_READ_CONSUME_CHECK_CONSUMER) timestamp=3462 ms, used_size=6193152 bytes (15.1%)
(RDMA_READ_CONSUME_CHECK_CONSUMER) timestamp=3462 ms, used_size=6191104 bytes (15.1%)
(RDMA_READ_CONSUME_CHECK_CONSUMER) timestamp=3462 ms, used_size=6189056 bytes (15.1%)
(RDMA_READ_CONSUME_CHECK_CONSUMER) timestamp=3462 ms, used_size=6187008 bytes (15.1%)
(RDMA_READ_CONSUME_CHECK_CONSUMER) timestamp=3462 ms, used_size=6184960 bytes (15.1%)
(RDMA_READ_CONSUME_CHECK_CONSUMER) timestamp=3462 ms, used_size=6182912 bytes (15.1%)
(RDMA_READ_CONSUME_CHECK_CONSUMER) timestamp=3462 ms, used_size=6180864 bytes (15.1%)
(RDMA_READ_CONSUME_CHECK_CONSUMER) timestamp=3462 ms, used_size=6178816 bytes (15.1%)
(RDMA_READ_CONSUME_CHECK_CONSUMER) timestamp=3462 ms, used_size=6176768 bytes (15.1%)
(RDMA_READ_CONSUME_CHECK_CONSUMER) timestamp=3462 ms, used_size=6174720 bytes (15.1%)
(RDMA_READ_CONSUME_CHECK_CONSUMER) timestamp=3462 ms, used_size=6172672 bytes (15.1%)
(RDMA_READ_CONSUME_CHECK_CONSUMER) timestamp=3462 ms, used_size=6170624 bytes (15.1%)
(RDMA_READ_CONSUME_CHECK_CONSUMER) timestamp=3462 ms, used_size=6168576 bytes (15.1%)
(RDMA_READ_CONSUME_CHECK_CONSUMER) timestamp=3462 ms, used_size=6166528 bytes (15.1%)
(RDMA_READ_CONSUME_CHECK_CONSUMER) timestamp=3462 ms, used_size=6164480 bytes (15.1%)
(RDMA_READ_CONSUME_CHECK_CONSUMER) timestamp=3462 ms, used_size=6162432 bytes (15.0%)
(RDMA_READ_CONSUME_CHECK_CONSUMER) timestamp=3462 ms, used_size=6160384 bytes (15.0%)
(RDMA_READ_CONSUME_CHECK_CONSUMER) timestamp=3462 ms, used_size=6158336 bytes (15.0%)
(RDMA_READ_CONSUME_CHECK_CONSUMER) timestamp=3462 ms, used_size=6156288 bytes (15.0%)
(RDMA_READ_CONSUME_CHECK_CONSUMER) timestamp=3462 ms, used_size=6154240 bytes (15.0%)
(RDMA_READ_CONSUME_CHECK_CONSUMER) timestamp=3462 ms, used_size=6152192 bytes (15.0%)
(RDMA_READ_CONSUME_CHECK_CONSUMER) timestamp=3462 ms, used_size=6150144 bytes (15.0%)
(RDMA_READ_CONSUME_CHECK_CONSUMER) timestamp=3462 ms, used_size=6148096 bytes (15.0%)
(RDMA_READ_CONSUME_CHECK_CONSUMER) timestamp=3462 ms, used_size=6146048 bytes (15.0%)
(RDMA_READ_CONSUME_CHECK_CONSUMER) timestamp=3462 ms, used_size=6144000 bytes (15.0%)
(RDMA_READ_CONSUME_CHECK_CONSUMER) timestamp=3462 ms, used_size=6141952 bytes (15.0%)
(RDMA_READ_CONSUME_CHECK_CONSUMER) timestamp=3462 ms, used_size=6139904 bytes (15.0%)
(RDMA_READ_CONSUME_CHECK_CONSUMER) timestamp=3462 ms, used_size=6137856 bytes (15.0%)
(RDMA_READ_CONSUME_CHECK_CONSUMER) timestamp=3462 ms, used_size=6135808 bytes (15.0%)
(RDMA_READ_CONSUME_CHECK_CONSUMER) timestamp=3462 ms, used_size=6133760 bytes (15.0%)
(RDMA_READ_CONSUME_CHECK_CONSUMER) timestamp=3462 ms, used_size=6131712 bytes (15.0%)
(RDMA_READ_CONSUME_CHECK_CONSUMER) timestamp=3462 ms, used_size=6129664 bytes (15.0%)
(RDMA_READ_CONSUME_CHECK_CONSUMER) timestamp=3462 ms, used_size=6127616 bytes (15.0%)
(RDMA_READ_CONSUME_CHECK_CONSUMER) timestamp=3462 ms, used_size=6125568 bytes (15.0%)
(RDMA_READ_CONSUME_CHECK_CONSUMER) timestamp=3462 ms, used_size=6123520 bytes (14.9%)
(RDMA_READ_CONSUME_CHECK_CONSUMER) timestamp=3462 ms, used_size=6121472 bytes (14.9%)
(RDMA_READ_CONSUME_CHECK_CONSUMER) timestamp=3462 ms, used_size=6119424 bytes (14.9%)
(RDMA_READ_CONSUME_CHECK_CONSUMER) timestamp=3462 ms, used_size=6117376 bytes (14.9%)
(RDMA_READ_CONSUME_CHECK_CONSUMER) timestamp=3462 ms, used_size=6115328 bytes (14.9%)
(RDMA_READ_CONSUME_CHECK_CONSUMER) timestamp=3462 ms, used_size=6113280 bytes (14.9%)
(RDMA_READ_CONSUME_CHECK_CONSUMER) timestamp=3462 ms, used_size=6111232 bytes (14.9%)
(RDMA_READ_CONSUME_CHECK_CONSUMER) timestamp=3462 ms, used_size=6109184 bytes (14.9%)
(RDMA_READ_CONSUME_CHECK_CONSUMER) timestamp=3462 ms, used_size=6107136 bytes (14.9%)
(RDMA_READ_CONSUME_CHECK_CONSUMER) timestamp=3462 ms, used_size=6105088 bytes (14.9%)
(RDMA_READ_CONSUME_CHECK_CONSUMER) timestamp=3462 ms, used_size=6103040 bytes (14.9%)
(RDMA_READ_CONSUME_CHECK_CONSUMER) timestamp=3462 ms, used_size=6100992 bytes (14.9%)
(RDMA_READ_CONSUME_CHECK_CONSUMER) timestamp=3462 ms, used_size=6098944 bytes (14.9%)
(RDMA_READ_CONSUME_CHECK_CONSUMER) timestamp=3462 ms, used_size=6096896 bytes (14.9%)
(RDMA_READ_CONSUME_CHECK_CONSUMER) timestamp=3462 ms, used_size=6094848 bytes (14.9%)
(RDMA_READ_CONSUME_CHECK_CONSUMER) timestamp=3462 ms, used_size=6092800 bytes (14.9%)
(RDMA_READ_CONSUME_CHECK_CONSUMER) timestamp=3462 ms, used_size=6090752 bytes (14.9%)
(RDMA_READ_CONSUME_CHECK_CONSUMER) timestamp=3462 ms, used_size=6088704 bytes (14.9%)
(RDMA_READ_CONSUME_CHECK_CONSUMER) timestamp=3462 ms, used_size=6086656 bytes (14.9%)
(RDMA_READ_CONSUME_CHECK_CONSUMER) timestamp=3462 ms, used_size=6084608 bytes (14.9%)
(RDMA_READ_CONSUME_CHECK_CONSUMER) timestamp=3462 ms, used_size=6082560 bytes (14.8%)
(RDMA_READ_CONSUME_CHECK_CONSUMER) timestamp=3462 ms, used_size=6080512 bytes (14.8%)
(RDMA_READ_CONSUME_CHECK_CONSUMER) timestamp=3462 ms, used_size=6078464 bytes (14.8%)
(RDMA_READ_CONSUME_CHECK_CONSUMER) timestamp=3462 ms, used_size=6076416 bytes (14.8%)
(RDMA_READ_CONSUME_CHECK_CONSUMER) timestamp=3462 ms, used_size=6074368 bytes (14.8%)
(RDMA_READ_CONSUME_CHECK_CONSUMER) timestamp=3462 ms, used_size=6072320 bytes (14.8%)
(RDMA_READ_CONSUME_CHECK_CONSUMER) timestamp=3462 ms, used_size=6070272 bytes (14.8%)
(RDMA_READ_CONSUME_CHECK_CONSUMER) timestamp=3462 ms, used_size=6068224 bytes (14.8%)
(RDMA_READ_CONSUME_CHECK_CONSUMER) timestamp=3462 ms, used_size=6066176 bytes (14.8%)
(RDMA_READ_CONSUME_CHECK_CONSUMER) timestamp=3462 ms, used_size=6064128 bytes (14.8%)
(RDMA_READ_CONSUME_CHECK_CONSUMER) timestamp=3462 ms, used_size=6062080 bytes (14.8%)
(RDMA_READ_CONSUME_CHECK_CONSUMER) timestamp=3462 ms, used_size=6060032 bytes (14.8%)
(RDMA_READ_CONSUME_CHECK_CONSUMER) timestamp=3462 ms, used_size=6057984 bytes (14.8%)
(RDMA_READ_CONSUME_CHECK_CONSUMER) timestamp=3462 ms, used_size=6055936 bytes (14.8%)
(RDMA_READ_CONSUME_CHECK_CONSUMER) timestamp=3462 ms, used_size=6053888 bytes (14.8%)
(RDMA_READ_CONSUME_CHECK_CONSUMER) timestamp=3462 ms, used_size=6051840 bytes (14.8%)
(RDMA_READ_CONSUME_CHECK_CONSUMER) timestamp=3462 ms, used_size=6049792 bytes (14.8%)
(RDMA_READ_CONSUME_CHECK_CONSUMER) timestamp=3462 ms, used_size=6047744 bytes (14.8%)
(RDMA_READ_CONSUME_CHECK_CONSUMER) timestamp=3462 ms, used_size=6045696 bytes (14.8%)
(RDMA_READ_CONSUME_CHECK_CONSUMER) timestamp=3462 ms, used_size=6043648 bytes (14.8%)
(RDMA_READ_CONSUME_CHECK_CONSUMER) timestamp=3462 ms, used_size=6041600 bytes (14.8%)
(RDMA_READ_CONSUME_CHECK_CONSUMER) timestamp=3462 ms, used_size=6039552 bytes (14.7%)
(RDMA_READ_CONSUME_CHECK_CONSUMER) timestamp=3462 ms, used_size=6037504 bytes (14.7%)
(RDMA_READ_CONSUME_CHECK_CONSUMER) timestamp=3462 ms, used_size=6035456 bytes (14.7%)
(RDMA_READ_CONSUME_CHECK_CONSUMER) timestamp=3462 ms, used_size=6033408 bytes (14.7%)
(RDMA_READ_CONSUME_CHECK_CONSUMER) timestamp=3462 ms, used_size=6031360 bytes (14.7%)
(RDMA_READ_CONSUME_CHECK_CONSUMER) timestamp=3462 ms, used_size=6029312 bytes (14.7%)
(RDMA_READ_CONSUME_CHECK_CONSUMER) timestamp=3462 ms, used_size=6027264 bytes (14.7%)
(RDMA_READ_CONSUME_CHECK_CONSUMER) timestamp=3462 ms, used_size=6025216 bytes (14.7%)
(RDMA_READ_CONSUME_CHECK_CONSUMER) timestamp=3462 ms, used_size=6023168 bytes (14.7%)
(RDMA_READ_CONSUME_CHECK_CONSUMER) timestamp=3462 ms, used_size=6021120 bytes (14.7%)
(RDMA_READ_CONSUME_CHECK_CONSUMER) timestamp=3462 ms, used_size=6019072 bytes (14.7%)
(RDMA_READ_CONSUME_CHECK_CONSUMER) timestamp=3462 ms, used_size=6017024 bytes (14.7%)
(RDMA_READ_CONSUME_CHECK_CONSUMER) timestamp=3462 ms, used_size=6014976 bytes (14.7%)
(RDMA_READ_CONSUME_CHECK_CONSUMER) timestamp=3462 ms, used_size=6012928 bytes (14.7%)
(RDMA_READ_CONSUME_CHECK_CONSUMER) timestamp=3462 ms, used_size=6010880 bytes (14.7%)
(RDMA_READ_CONSUME_CHECK_CONSUMER) timestamp=3462 ms, used_size=6008832 bytes (14.7%)
(RDMA_READ_CONSUME_CHECK_CONSUMER) timestamp=3462 ms, used_size=6006784 bytes (14.7%)
(RDMA_READ_CONSUME_CHECK_CONSUMER) timestamp=3462 ms, used_size=6004736 bytes (14.7%)
(RDMA_READ_CONSUME_CHECK_CONSUMER) timestamp=3462 ms, used_size=6002688 bytes (14.7%)
(RDMA_READ_CONSUME_CHECK_CONSUMER) timestamp=3462 ms, used_size=6000640 bytes (14.7%)
(RDMA_READ_CONSUME_CHECK_CONSUMER) timestamp=3462 ms, used_size=5998592 bytes (14.6%)
(RDMA_READ_CONSUME_CHECK_CONSUMER) timestamp=3462 ms, used_size=5996544 bytes (14.6%)
(RDMA_READ_CONSUME_CHECK_CONSUMER) timestamp=3462 ms, used_size=5994496 bytes (14.6%)
(RDMA_READ_CONSUME_CHECK_CONSUMER) timestamp=3462 ms, used_size=5992448 bytes (14.6%)
(RDMA_READ_CONSUME_CHECK_CONSUMER) timestamp=3462 ms, used_size=5990400 bytes (14.6%)
(RDMA_READ_CONSUME_CHECK_CONSUMER) timestamp=3462 ms, used_size=5988352 bytes (14.6%)
(RDMA_READ_CONSUME_CHECK_CONSUMER) timestamp=3462 ms, used_size=5986304 bytes (14.6%)
(RDMA_READ_CONSUME_CHECK_CONSUMER) timestamp=3462 ms, used_size=5984256 bytes (14.6%)
(RDMA_READ_CONSUME_CHECK_CONSUMER) timestamp=3462 ms, used_size=5982208 bytes (14.6%)
(RDMA_READ_CONSUME_CHECK_CONSUMER) timestamp=3462 ms, used_size=5980160 bytes (14.6%)
(RDMA_READ_CONSUME_CHECK_CONSUMER) timestamp=3462 ms, used_size=5978112 bytes (14.6%)
(RDMA_READ_CONSUME_CHECK_CONSUMER) timestamp=3462 ms, used_size=5976064 bytes (14.6%)
(RDMA_READ_CONSUME_CHECK_CONSUMER) timestamp=3462 ms, used_size=5974016 bytes (14.6%)
(RDMA_READ_CONSUME_CHECK_CONSUMER) timestamp=3462 ms, used_size=5971968 bytes (14.6%)
(RDMA_READ_CONSUME_CHECK_CONSUMER) timestamp=3462 ms, used_size=5969920 bytes (14.6%)
(RDMA_READ_CONSUME_CHECK_CONSUMER) timestamp=3462 ms, used_size=5967872 bytes (14.6%)
(RDMA_READ_CONSUME_CHECK_CONSUMER) timestamp=3462 ms, used_size=5965824 bytes (14.6%)
(RDMA_READ_CONSUME_CHECK_CONSUMER) timestamp=3462 ms, used_size=5963776 bytes (14.6%)
(RDMA_READ_CONSUME_CHECK_CONSUMER) timestamp=3462 ms, used_size=5961728 bytes (14.6%)
(RDMA_READ_CONSUME_CHECK_CONSUMER) timestamp=3462 ms, used_size=5959680 bytes (14.6%)
(RDMA_READ_CONSUME_CHECK_CONSUMER) timestamp=3462 ms, used_size=5957632 bytes (14.5%)
(RDMA_READ_CONSUME_CHECK_CONSUMER) timestamp=3462 ms, used_size=5955584 bytes (14.5%)
(RDMA_READ_CONSUME_CHECK_CONSUMER) timestamp=3462 ms, used_size=5953536 bytes (14.5%)
(RDMA_READ_CONSUME_CHECK_CONSUMER) timestamp=3462 ms, used_size=5951488 bytes (14.5%)
(RDMA_READ_CONSUME_CHECK_CONSUMER) timestamp=3462 ms, used_size=5949440 bytes (14.5%)
(RDMA_READ_CONSUME_CHECK_CONSUMER) timestamp=3462 ms, used_size=5947392 bytes (14.5%)
(RDMA_READ_CONSUME_CHECK_CONSUMER) timestamp=3462 ms, used_size=5945344 bytes (14.5%)
(RDMA_READ_CONSUME_CHECK_CONSUMER) timestamp=3462 ms, used_size=5943296 bytes (14.5%)
(RDMA_READ_CONSUME_CHECK_CONSUMER) timestamp=3462 ms, used_size=5941248 bytes (14.5%)
(RDMA_READ_CONSUME_CHECK_CONSUMER) timestamp=3462 ms, used_size=5939200 bytes (14.5%)
(RDMA_READ_CONSUME_CHECK_CONSUMER) timestamp=3462 ms, used_size=5937152 bytes (14.5%)
(RDMA_READ_CONSUME_CHECK_CONSUMER) timestamp=3462 ms, used_size=5935104 bytes (14.5%)
(RDMA_READ_CONSUME_CHECK_CONSUMER) timestamp=3462 ms, used_size=5933056 bytes (14.5%)
(RDMA_READ_CONSUME_CHECK_CONSUMER) timestamp=3462 ms, used_size=5931008 bytes (14.5%)
(RDMA_READ_CONSUME_CHECK_CONSUMER) timestamp=3462 ms, used_size=5928960 bytes (14.5%)
(RDMA_READ_CONSUME_CHECK_CONSUMER) timestamp=3462 ms, used_size=5926912 bytes (14.5%)
(RDMA_READ_CONSUME_CHECK_CONSUMER) timestamp=3462 ms, used_size=5924864 bytes (14.5%)
(RDMA_READ_CONSUME_CHECK_CONSUMER) timestamp=3462 ms, used_size=5922816 bytes (14.5%)
(RDMA_READ_CONSUME_CHECK_CONSUMER) timestamp=3462 ms, used_size=5920768 bytes (14.5%)
(RDMA_READ_CONSUME_CHECK_CONSUMER) timestamp=3462 ms, used_size=5918720 bytes (14.4%)
(RDMA_READ_CONSUME_CHECK_CONSUMER) timestamp=3462 ms, used_size=5916672 bytes (14.4%)
(RDMA_READ_CONSUME_CHECK_CONSUMER) timestamp=3462 ms, used_size=5914624 bytes (14.4%)
(RDMA_READ_CONSUME_CHECK_CONSUMER) timestamp=3462 ms, used_size=5912576 bytes (14.4%)
(RDMA_READ_CONSUME_CHECK_CONSUMER) timestamp=3462 ms, used_size=5910528 bytes (14.4%)
(RDMA_READ_CONSUME_CHECK_CONSUMER) timestamp=3462 ms, used_size=5908480 bytes (14.4%)
(RDMA_READ_CONSUME_CHECK_CONSUMER) timestamp=3462 ms, used_size=5906432 bytes (14.4%)
(RDMA_READ_CONSUME_CHECK_CONSUMER) timestamp=3462 ms, used_size=5904384 bytes (14.4%)
(RDMA_READ_CONSUME_CHECK_CONSUMER) timestamp=3462 ms, used_size=5902336 bytes (14.4%)
(RDMA_READ_CONSUME_CHECK_CONSUMER) timestamp=3462 ms, used_size=5900288 bytes (14.4%)
(RDMA_READ_CONSUME_CHECK_CONSUMER) timestamp=3462 ms, used_size=5898240 bytes (14.4%)
(RDMA_READ_CONSUME_CHECK_CONSUMER) timestamp=3462 ms, used_size=5896192 bytes (14.4%)
(RDMA_READ_CONSUME_CHECK_CONSUMER) timestamp=3462 ms, used_size=5894144 bytes (14.4%)
(RDMA_READ_CONSUME_CHECK_CONSUMER) timestamp=3462 ms, used_size=5892096 bytes (14.4%)
(RDMA_READ_CONSUME_CHECK_CONSUMER) timestamp=3462 ms, used_size=5890048 bytes (14.4%)
(RDMA_READ_CONSUME_CHECK_CONSUMER) timestamp=3462 ms, used_size=5888000 bytes (14.4%)
(RDMA_READ_CONSUME_CHECK_CONSUMER) timestamp=3462 ms, used_size=5885952 bytes (14.4%)
(RDMA_READ_CONSUME_CHECK_CONSUMER) timestamp=3462 ms, used_size=5883904 bytes (14.4%)
(RDMA_READ_CONSUME_CHECK_CONSUMER) timestamp=3462 ms, used_size=5881856 bytes (14.4%)
(RDMA_READ_CONSUME_CHECK_CONSUMER) timestamp=3462 ms, used_size=5879808 bytes (14.4%)
(RDMA_READ_CONSUME_CHECK_CONSUMER) timestamp=3462 ms, used_size=5877760 bytes (14.3%)
(RDMA_READ_CONSUME_CHECK_CONSUMER) timestamp=3462 ms, used_size=5875712 bytes (14.3%)
(RDMA_READ_CONSUME_CHECK_CONSUMER) timestamp=3462 ms, used_size=5873664 bytes (14.3%)
(RDMA_READ_CONSUME_CHECK_CONSUMER) timestamp=3462 ms, used_size=5871616 bytes (14.3%)
(RDMA_READ_CONSUME_CHECK_CONSUMER) timestamp=3462 ms, used_size=5869568 bytes (14.3%)
(RDMA_READ_CONSUME_CHECK_CONSUMER) timestamp=3462 ms, used_size=5867520 bytes (14.3%)
(RDMA_READ_CONSUME_CHECK_CONSUMER) timestamp=3462 ms, used_size=5865472 bytes (14.3%)
(RDMA_READ_CONSUME_CHECK_CONSUMER) timestamp=3463 ms, used_size=5863424 bytes (14.3%)
(RDMA_READ_CONSUME_CHECK_CONSUMER) timestamp=3463 ms, used_size=5861376 bytes (14.3%)
(RDMA_READ_CONSUME_CHECK_CONSUMER) timestamp=3463 ms, used_size=5859328 bytes (14.3%)
(RDMA_READ_CONSUME_CHECK_CONSUMER) timestamp=3463 ms, used_size=5857280 bytes (14.3%)
(RDMA_READ_CONSUME_CHECK_CONSUMER) timestamp=3463 ms, used_size=5855232 bytes (14.3%)
(RDMA_READ_CONSUME_CHECK_CONSUMER) timestamp=3463 ms, used_size=5853184 bytes (14.3%)
(RDMA_READ_CONSUME_CHECK_CONSUMER) timestamp=3463 ms, used_size=5851136 bytes (14.3%)
(RDMA_READ_CONSUME_CHECK_CONSUMER) timestamp=3463 ms, used_size=5849088 bytes (14.3%)
(RDMA_READ_CONSUME_CHECK_CONSUMER) timestamp=3463 ms, used_size=5847040 bytes (14.3%)
(RDMA_READ_CONSUME_CHECK_CONSUMER) timestamp=3463 ms, used_size=5844992 bytes (14.3%)
(RDMA_READ_CONSUME_CHECK_CONSUMER) timestamp=3463 ms, used_size=5842944 bytes (14.3%)
(RDMA_READ_CONSUME_CHECK_CONSUMER) timestamp=3463 ms, used_size=5840896 bytes (14.3%)
(RDMA_READ_CONSUME_CHECK_CONSUMER) timestamp=3463 ms, used_size=5838848 bytes (14.3%)
(RDMA_READ_CONSUME_CHECK_CONSUMER) timestamp=3463 ms, used_size=5836800 bytes (14.2%)
(RDMA_READ_CONSUME_CHECK_CONSUMER) timestamp=3463 ms, used_size=5834752 bytes (14.2%)
(RDMA_READ_CONSUME_CHECK_CONSUMER) timestamp=3463 ms, used_size=5832704 bytes (14.2%)
(RDMA_READ_CONSUME_CHECK_CONSUMER) timestamp=3463 ms, used_size=5830656 bytes (14.2%)
(RDMA_READ_CONSUME_CHECK_CONSUMER) timestamp=3463 ms, used_size=5828608 bytes (14.2%)
(RDMA_READ_CONSUME_CHECK_CONSUMER) timestamp=3463 ms, used_size=5826560 bytes (14.2%)
(RDMA_READ_CONSUME_CHECK_CONSUMER) timestamp=3463 ms, used_size=5824512 bytes (14.2%)
(RDMA_READ_CONSUME_CHECK_CONSUMER) timestamp=3463 ms, used_size=5822464 bytes (14.2%)
(RDMA_READ_CONSUME_CHECK_CONSUMER) timestamp=3463 ms, used_size=5820416 bytes (14.2%)
(RDMA_READ_CONSUME_CHECK_CONSUMER) timestamp=3463 ms, used_size=5818368 bytes (14.2%)
(RDMA_READ_CONSUME_CHECK_CONSUMER) timestamp=3463 ms, used_size=5816320 bytes (14.2%)
(RDMA_READ_CONSUME_CHECK_CONSUMER) timestamp=3463 ms, used_size=5814272 bytes (14.2%)
(RDMA_READ_CONSUME_CHECK_CONSUMER) timestamp=3463 ms, used_size=5812224 bytes (14.2%)
(RDMA_READ_CONSUME_CHECK_CONSUMER) timestamp=3463 ms, used_size=5810176 bytes (14.2%)
(RDMA_READ_CONSUME_CHECK_CONSUMER) timestamp=3463 ms, used_size=5808128 bytes (14.2%)
(RDMA_READ_CONSUME_CHECK_CONSUMER) timestamp=3463 ms, used_size=5806080 bytes (14.2%)
(RDMA_READ_CONSUME_CHECK_CONSUMER) timestamp=3463 ms, used_size=5804032 bytes (14.2%)
(RDMA_READ_CONSUME_CHECK_CONSUMER) timestamp=3463 ms, used_size=5801984 bytes (14.2%)
(RDMA_READ_CONSUME_CHECK_CONSUMER) timestamp=3463 ms, used_size=5799936 bytes (14.2%)
(RDMA_READ_CONSUME_CHECK_CONSUMER) timestamp=3463 ms, used_size=5797888 bytes (14.2%)
(RDMA_READ_CONSUME_CHECK_CONSUMER) timestamp=3463 ms, used_size=5795840 bytes (14.2%)
(RDMA_READ_CONSUME_CHECK_CONSUMER) timestamp=3463 ms, used_size=5793792 bytes (14.1%)
(RDMA_READ_CONSUME_CHECK_CONSUMER) timestamp=3463 ms, used_size=5791744 bytes (14.1%)
(RDMA_READ_CONSUME_CHECK_CONSUMER) timestamp=3463 ms, used_size=5789696 bytes (14.1%)
(RDMA_READ_CONSUME_CHECK_CONSUMER) timestamp=3463 ms, used_size=5787648 bytes (14.1%)
(RDMA_READ_CONSUME_CHECK_CONSUMER) timestamp=3463 ms, used_size=5785600 bytes (14.1%)
(RDMA_READ_CONSUME_CHECK_CONSUMER) timestamp=3463 ms, used_size=5783552 bytes (14.1%)
(RDMA_READ_CONSUME_CHECK_CONSUMER) timestamp=3463 ms, used_size=5781504 bytes (14.1%)
(RDMA_READ_CONSUME_CHECK_CONSUMER) timestamp=3463 ms, used_size=5779456 bytes (14.1%)
(RDMA_READ_CONSUME_CHECK_CONSUMER) timestamp=3463 ms, used_size=5777408 bytes (14.1%)
(RDMA_READ_CONSUME_CHECK_CONSUMER) timestamp=3463 ms, used_size=5775360 bytes (14.1%)
(RDMA_READ_CONSUME_CHECK_CONSUMER) timestamp=3463 ms, used_size=5773312 bytes (14.1%)
(RDMA_READ_CONSUME_CHECK_CONSUMER) timestamp=3463 ms, used_size=5771264 bytes (14.1%)
(RDMA_READ_CONSUME_CHECK_CONSUMER) timestamp=3463 ms, used_size=5769216 bytes (14.1%)
(RDMA_READ_CONSUME_CHECK_CONSUMER) timestamp=3463 ms, used_size=5767168 bytes (14.1%)
(RDMA_READ_CONSUME_CHECK_CONSUMER) timestamp=3463 ms, used_size=5765120 bytes (14.1%)
(RDMA_READ_CONSUME_CHECK_CONSUMER) timestamp=3463 ms, used_size=5763072 bytes (14.1%)
(RDMA_READ_CONSUME_CHECK_CONSUMER) timestamp=3463 ms, used_size=5761024 bytes (14.1%)
(RDMA_READ_CONSUME_CHECK_CONSUMER) timestamp=3463 ms, used_size=5758976 bytes (14.1%)
(RDMA_READ_CONSUME_CHECK_CONSUMER) timestamp=3463 ms, used_size=5756928 bytes (14.1%)
(RDMA_READ_CONSUME_CHECK_CONSUMER) timestamp=3463 ms, used_size=5754880 bytes (14.1%)
(RDMA_READ_CONSUME_CHECK_CONSUMER) timestamp=3463 ms, used_size=5752832 bytes (14.0%)
(RDMA_READ_CONSUME_CHECK_CONSUMER) timestamp=3463 ms, used_size=5750784 bytes (14.0%)
(RDMA_READ_CONSUME_CHECK_CONSUMER) timestamp=3463 ms, used_size=5748736 bytes (14.0%)
(RDMA_READ_CONSUME_CHECK_CONSUMER) timestamp=3463 ms, used_size=5746688 bytes (14.0%)
(RDMA_READ_CONSUME_CHECK_CONSUMER) timestamp=3463 ms, used_size=5744640 bytes (14.0%)
(RDMA_READ_CONSUME_CHECK_CONSUMER) timestamp=3463 ms, used_size=5742592 bytes (14.0%)
(RDMA_READ_CONSUME_CHECK_CONSUMER) timestamp=3463 ms, used_size=5740544 bytes (14.0%)
(RDMA_READ_CONSUME_CHECK_CONSUMER) timestamp=3463 ms, used_size=5738496 bytes (14.0%)
(RDMA_READ_CONSUME_CHECK_CONSUMER) timestamp=3463 ms, used_size=5736448 bytes (14.0%)
(RDMA_READ_CONSUME_CHECK_CONSUMER) timestamp=3463 ms, used_size=5734400 bytes (14.0%)
(RDMA_READ_CONSUME_CHECK_CONSUMER) timestamp=3463 ms, used_size=5732352 bytes (14.0%)
(RDMA_READ_CONSUME_CHECK_CONSUMER) timestamp=3463 ms, used_size=5730304 bytes (14.0%)
(RDMA_READ_CONSUME_CHECK_CONSUMER) timestamp=3463 ms, used_size=5728256 bytes (14.0%)
(RDMA_READ_CONSUME_CHECK_CONSUMER) timestamp=3463 ms, used_size=5726208 bytes (14.0%)
(RDMA_READ_CONSUME_CHECK_CONSUMER) timestamp=3463 ms, used_size=5724160 bytes (14.0%)
(RDMA_READ_CONSUME_CHECK_CONSUMER) timestamp=3463 ms, used_size=5722112 bytes (14.0%)
(RDMA_READ_CONSUME_CHECK_CONSUMER) timestamp=3463 ms, used_size=5720064 bytes (14.0%)
(RDMA_READ_CONSUME_CHECK_CONSUMER) timestamp=3463 ms, used_size=5718016 bytes (14.0%)
(RDMA_READ_CONSUME_CHECK_CONSUMER) timestamp=3463 ms, used_size=5715968 bytes (14.0%)
(RDMA_READ_CONSUME_CHECK_CONSUMER) timestamp=3463 ms, used_size=5713920 bytes (13.9%)
(RDMA_READ_CONSUME_CHECK_CONSUMER) timestamp=3463 ms, used_size=5711872 bytes (13.9%)
(RDMA_READ_CONSUME_CHECK_CONSUMER) timestamp=3463 ms, used_size=5709824 bytes (13.9%)
(RDMA_READ_CONSUME_CHECK_CONSUMER) timestamp=3463 ms, used_size=5707776 bytes (13.9%)
(RDMA_READ_CONSUME_CHECK_CONSUMER) timestamp=3463 ms, used_size=5705728 bytes (13.9%)
(RDMA_READ_CONSUME_CHECK_CONSUMER) timestamp=3463 ms, used_size=5703680 bytes (13.9%)
(RDMA_READ_CONSUME_CHECK_CONSUMER) timestamp=3463 ms, used_size=5701632 bytes (13.9%)
(RDMA_READ_CONSUME_CHECK_CONSUMER) timestamp=3463 ms, used_size=5699584 bytes (13.9%)
(RDMA_READ_CONSUME_CHECK_CONSUMER) timestamp=3463 ms, used_size=5697536 bytes (13.9%)
(RDMA_READ_CONSUME_CHECK_CONSUMER) timestamp=3463 ms, used_size=5695488 bytes (13.9%)
(RDMA_READ_CONSUME_CHECK_CONSUMER) timestamp=3463 ms, used_size=5693440 bytes (13.9%)
(RDMA_READ_CONSUME_CHECK_CONSUMER) timestamp=3463 ms, used_size=5691392 bytes (13.9%)
(RDMA_READ_CONSUME_CHECK_CONSUMER) timestamp=3463 ms, used_size=5689344 bytes (13.9%)
(RDMA_READ_CONSUME_CHECK_CONSUMER) timestamp=3463 ms, used_size=5687296 bytes (13.9%)
(RDMA_READ_CONSUME_CHECK_CONSUMER) timestamp=3463 ms, used_size=5685248 bytes (13.9%)
(RDMA_READ_CONSUME_CHECK_CONSUMER) timestamp=3463 ms, used_size=5683200 bytes (13.9%)
(RDMA_READ_CONSUME_CHECK_CONSUMER) timestamp=3463 ms, used_size=5681152 bytes (13.9%)
(RDMA_READ_CONSUME_CHECK_CONSUMER) timestamp=3463 ms, used_size=5679104 bytes (13.9%)
(RDMA_READ_CONSUME_CHECK_CONSUMER) timestamp=3463 ms, used_size=5677056 bytes (13.9%)
(RDMA_READ_CONSUME_CHECK_CONSUMER) timestamp=3463 ms, used_size=5675008 bytes (13.9%)
(RDMA_READ_CONSUME_CHECK_CONSUMER) timestamp=3463 ms, used_size=5672960 bytes (13.8%)
(RDMA_READ_CONSUME_CHECK_CONSUMER) timestamp=3463 ms, used_size=5670912 bytes (13.8%)
(RDMA_READ_CONSUME_CHECK_CONSUMER) timestamp=3463 ms, used_size=5668864 bytes (13.8%)
(RDMA_READ_CONSUME_CHECK_CONSUMER) timestamp=3463 ms, used_size=5666816 bytes (13.8%)
(RDMA_READ_CONSUME_CHECK_CONSUMER) timestamp=3463 ms, used_size=5664768 bytes (13.8%)
(RDMA_READ_CONSUME_CHECK_CONSUMER) timestamp=3463 ms, used_size=5662720 bytes (13.8%)
(RDMA_READ_CONSUME_CHECK_CONSUMER) timestamp=3463 ms, used_size=5660672 bytes (13.8%)
(RDMA_READ_CONSUME_CHECK_CONSUMER) timestamp=3463 ms, used_size=5658624 bytes (13.8%)
(RDMA_READ_CONSUME_CHECK_CONSUMER) timestamp=3463 ms, used_size=5656576 bytes (13.8%)
(RDMA_READ_CONSUME_CHECK_CONSUMER) timestamp=3463 ms, used_size=5654528 bytes (13.8%)
(RDMA_READ_CONSUME_CHECK_CONSUMER) timestamp=3463 ms, used_size=5652480 bytes (13.8%)
(RDMA_READ_CONSUME_CHECK_CONSUMER) timestamp=3463 ms, used_size=5650432 bytes (13.8%)
(RDMA_READ_CONSUME_CHECK_CONSUMER) timestamp=3463 ms, used_size=5648384 bytes (13.8%)
(RDMA_READ_CONSUME_CHECK_CONSUMER) timestamp=3463 ms, used_size=5646336 bytes (13.8%)
(RDMA_READ_CONSUME_CHECK_CONSUMER) timestamp=3463 ms, used_size=5644288 bytes (13.8%)
(RDMA_READ_CONSUME_CHECK_CONSUMER) timestamp=3463 ms, used_size=5642240 bytes (13.8%)
(RDMA_READ_CONSUME_CHECK_CONSUMER) timestamp=3463 ms, used_size=5640192 bytes (13.8%)
(RDMA_READ_CONSUME_CHECK_CONSUMER) timestamp=3463 ms, used_size=5638144 bytes (13.8%)
(RDMA_READ_CONSUME_CHECK_CONSUMER) timestamp=3463 ms, used_size=5636096 bytes (13.8%)
(RDMA_READ_CONSUME_CHECK_CONSUMER) timestamp=3463 ms, used_size=5634048 bytes (13.8%)
(RDMA_READ_CONSUME_CHECK_CONSUMER) timestamp=3463 ms, used_size=5632000 bytes (13.8%)
(RDMA_READ_CONSUME_CHECK_CONSUMER) timestamp=3463 ms, used_size=5629952 bytes (13.7%)
(RDMA_READ_CONSUME_CHECK_CONSUMER) timestamp=3463 ms, used_size=5627904 bytes (13.7%)
(RDMA_READ_CONSUME_CHECK_CONSUMER) timestamp=3463 ms, used_size=5625856 bytes (13.7%)
(RDMA_READ_CONSUME_CHECK_CONSUMER) timestamp=3463 ms, used_size=5623808 bytes (13.7%)
(RDMA_READ_CONSUME_CHECK_CONSUMER) timestamp=3463 ms, used_size=5621760 bytes (13.7%)
(RDMA_READ_CONSUME_CHECK_CONSUMER) timestamp=3463 ms, used_size=5619712 bytes (13.7%)
(RDMA_READ_CONSUME_CHECK_CONSUMER) timestamp=3463 ms, used_size=5617664 bytes (13.7%)
(RDMA_READ_CONSUME_CHECK_CONSUMER) timestamp=3463 ms, used_size=5615616 bytes (13.7%)
(RDMA_READ_CONSUME_CHECK_CONSUMER) timestamp=3463 ms, used_size=5613568 bytes (13.7%)
(RDMA_READ_CONSUME_CHECK_CONSUMER) timestamp=3463 ms, used_size=5611520 bytes (13.7%)
(RDMA_READ_CONSUME_CHECK_CONSUMER) timestamp=3463 ms, used_size=5609472 bytes (13.7%)
(RDMA_READ_CONSUME_CHECK_CONSUMER) timestamp=3463 ms, used_size=5607424 bytes (13.7%)
(RDMA_READ_CONSUME_CHECK_CONSUMER) timestamp=3463 ms, used_size=5605376 bytes (13.7%)
(RDMA_READ_CONSUME_CHECK_CONSUMER) timestamp=3463 ms, used_size=5603328 bytes (13.7%)
(RDMA_READ_CONSUME_CHECK_CONSUMER) timestamp=3463 ms, used_size=5601280 bytes (13.7%)
(RDMA_READ_CONSUME_CHECK_CONSUMER) timestamp=3463 ms, used_size=5599232 bytes (13.7%)
(RDMA_READ_CONSUME_CHECK_CONSUMER) timestamp=3463 ms, used_size=5597184 bytes (13.7%)
(RDMA_READ_CONSUME_CHECK_CONSUMER) timestamp=3463 ms, used_size=5595136 bytes (13.7%)
(RDMA_READ_CONSUME_CHECK_CONSUMER) timestamp=3463 ms, used_size=5593088 bytes (13.7%)
(RDMA_READ_CONSUME_CHECK_CONSUMER) timestamp=3463 ms, used_size=5591040 bytes (13.7%)
(RDMA_READ_CONSUME_CHECK_CONSUMER) timestamp=3463 ms, used_size=5588992 bytes (13.6%)
(RDMA_READ_CONSUME_CHECK_CONSUMER) timestamp=3463 ms, used_size=5586944 bytes (13.6%)
(RDMA_READ_CONSUME_CHECK_CONSUMER) timestamp=3463 ms, used_size=5584896 bytes (13.6%)
(RDMA_READ_CONSUME_CHECK_CONSUMER) timestamp=3463 ms, used_size=5582848 bytes (13.6%)
(RDMA_READ_CONSUME_CHECK_CONSUMER) timestamp=3463 ms, used_size=5580800 bytes (13.6%)
(RDMA_READ_CONSUME_CHECK_CONSUMER) timestamp=3463 ms, used_size=5578752 bytes (13.6%)
(RDMA_READ_CONSUME_CHECK_CONSUMER) timestamp=3463 ms, used_size=5576704 bytes (13.6%)
(RDMA_READ_CONSUME_CHECK_CONSUMER) timestamp=3463 ms, used_size=5574656 bytes (13.6%)
(RDMA_READ_CONSUME_CHECK_CONSUMER) timestamp=3463 ms, used_size=5572608 bytes (13.6%)
(RDMA_READ_CONSUME_CHECK_CONSUMER) timestamp=3463 ms, used_size=5570560 bytes (13.6%)
(RDMA_READ_CONSUME_CHECK_CONSUMER) timestamp=3463 ms, used_size=5568512 bytes (13.6%)
(RDMA_READ_CONSUME_CHECK_CONSUMER) timestamp=3463 ms, used_size=5566464 bytes (13.6%)
(RDMA_READ_CONSUME_CHECK_CONSUMER) timestamp=3463 ms, used_size=5564416 bytes (13.6%)
(RDMA_READ_CONSUME_CHECK_CONSUMER) timestamp=3463 ms, used_size=5562368 bytes (13.6%)
(RDMA_READ_CONSUME_CHECK_CONSUMER) timestamp=3463 ms, used_size=5560320 bytes (13.6%)
(RDMA_READ_CONSUME_CHECK_CONSUMER) timestamp=3463 ms, used_size=5558272 bytes (13.6%)
(RDMA_READ_CONSUME_CHECK_CONSUMER) timestamp=3463 ms, used_size=5556224 bytes (13.6%)
(RDMA_READ_CONSUME_CHECK_CONSUMER) timestamp=3463 ms, used_size=5554176 bytes (13.6%)
(RDMA_READ_CONSUME_CHECK_CONSUMER) timestamp=3463 ms, used_size=5552128 bytes (13.6%)
(RDMA_READ_CONSUME_CHECK_CONSUMER) timestamp=3463 ms, used_size=5550080 bytes (13.6%)
(RDMA_READ_CONSUME_CHECK_CONSUMER) timestamp=3463 ms, used_size=5548032 bytes (13.5%)
(RDMA_READ_CONSUME_CHECK_CONSUMER) timestamp=3463 ms, used_size=5545984 bytes (13.5%)
(RDMA_READ_CONSUME_CHECK_CONSUMER) timestamp=3463 ms, used_size=5543936 bytes (13.5%)
(RDMA_READ_CONSUME_CHECK_CONSUMER) timestamp=3463 ms, used_size=5541888 bytes (13.5%)
(RDMA_READ_CONSUME_CHECK_CONSUMER) timestamp=3463 ms, used_size=5539840 bytes (13.5%)
(RDMA_READ_CONSUME_CHECK_CONSUMER) timestamp=3463 ms, used_size=5537792 bytes (13.5%)
(RDMA_READ_CONSUME_CHECK_CONSUMER) timestamp=3463 ms, used_size=5535744 bytes (13.5%)
(RDMA_READ_CONSUME_CHECK_CONSUMER) timestamp=3463 ms, used_size=5533696 bytes (13.5%)
(RDMA_READ_CONSUME_CHECK_CONSUMER) timestamp=3463 ms, used_size=5531648 bytes (13.5%)
(RDMA_READ_CONSUME_CHECK_CONSUMER) timestamp=3463 ms, used_size=5529600 bytes (13.5%)
(RDMA_READ_CONSUME_CHECK_CONSUMER) timestamp=3463 ms, used_size=5527552 bytes (13.5%)
(RDMA_READ_CONSUME_CHECK_CONSUMER) timestamp=3463 ms, used_size=5525504 bytes (13.5%)
(RDMA_READ_CONSUME_CHECK_CONSUMER) timestamp=3463 ms, used_size=5523456 bytes (13.5%)
(RDMA_READ_CONSUME_CHECK_CONSUMER) timestamp=3463 ms, used_size=5521408 bytes (13.5%)
(RDMA_READ_CONSUME_CHECK_CONSUMER) timestamp=3463 ms, used_size=5519360 bytes (13.5%)
(RDMA_READ_CONSUME_CHECK_CONSUMER) timestamp=3463 ms, used_size=5517312 bytes (13.5%)
(RDMA_READ_CONSUME_CHECK_CONSUMER) timestamp=3463 ms, used_size=5515264 bytes (13.5%)
(RDMA_READ_CONSUME_CHECK_CONSUMER) timestamp=3463 ms, used_size=5513216 bytes (13.5%)
(RDMA_READ_CONSUME_CHECK_CONSUMER) timestamp=3463 ms, used_size=5511168 bytes (13.5%)
(RDMA_READ_CONSUME_CHECK_CONSUMER) timestamp=3463 ms, used_size=5509120 bytes (13.4%)
(RDMA_READ_CONSUME_CHECK_CONSUMER) timestamp=3463 ms, used_size=5507072 bytes (13.4%)
(RDMA_READ_CONSUME_CHECK_CONSUMER) timestamp=3463 ms, used_size=5505024 bytes (13.4%)
(RDMA_READ_CONSUME_CHECK_CONSUMER) timestamp=3463 ms, used_size=5502976 bytes (13.4%)
(RDMA_READ_CONSUME_CHECK_CONSUMER) timestamp=3463 ms, used_size=5500928 bytes (13.4%)
(RDMA_READ_CONSUME_CHECK_CONSUMER) timestamp=3464 ms, used_size=5498880 bytes (13.4%)
(RDMA_READ_CONSUME_CHECK_CONSUMER) timestamp=3464 ms, used_size=5496832 bytes (13.4%)
(RDMA_READ_CONSUME_CHECK_CONSUMER) timestamp=3464 ms, used_size=5494784 bytes (13.4%)
(RDMA_READ_CONSUME_CHECK_CONSUMER) timestamp=3464 ms, used_size=5492736 bytes (13.4%)
(RDMA_READ_CONSUME_CHECK_CONSUMER) timestamp=3464 ms, used_size=5490688 bytes (13.4%)
(RDMA_READ_CONSUME_CHECK_CONSUMER) timestamp=3464 ms, used_size=5488640 bytes (13.4%)
(RDMA_READ_CONSUME_CHECK_CONSUMER) timestamp=3464 ms, used_size=5486592 bytes (13.4%)
(RDMA_READ_CONSUME_CHECK_CONSUMER) timestamp=3464 ms, used_size=5484544 bytes (13.4%)
(RDMA_READ_CONSUME_CHECK_CONSUMER) timestamp=3464 ms, used_size=5482496 bytes (13.4%)
(RDMA_READ_CONSUME_CHECK_CONSUMER) timestamp=3464 ms, used_size=5480448 bytes (13.4%)
(RDMA_READ_CONSUME_CHECK_CONSUMER) timestamp=3464 ms, used_size=5478400 bytes (13.4%)
(RDMA_READ_CONSUME_CHECK_CONSUMER) timestamp=3464 ms, used_size=5476352 bytes (13.4%)
(RDMA_READ_CONSUME_CHECK_CONSUMER) timestamp=3464 ms, used_size=5474304 bytes (13.4%)
(RDMA_READ_CONSUME_CHECK_CONSUMER) timestamp=3464 ms, used_size=5472256 bytes (13.4%)
(RDMA_READ_CONSUME_CHECK_CONSUMER) timestamp=3464 ms, used_size=5470208 bytes (13.4%)
(RDMA_READ_CONSUME_CHECK_CONSUMER) timestamp=3464 ms, used_size=5468160 bytes (13.3%)
(RDMA_READ_CONSUME_CHECK_CONSUMER) timestamp=3464 ms, used_size=5466112 bytes (13.3%)
(RDMA_READ_CONSUME_CHECK_CONSUMER) timestamp=3464 ms, used_size=5464064 bytes (13.3%)
(RDMA_READ_CONSUME_CHECK_CONSUMER) timestamp=3464 ms, used_size=5462016 bytes (13.3%)
(RDMA_READ_CONSUME_CHECK_CONSUMER) timestamp=3464 ms, used_size=5459968 bytes (13.3%)
(RDMA_READ_CONSUME_CHECK_CONSUMER) timestamp=3464 ms, used_size=5457920 bytes (13.3%)
(RDMA_READ_CONSUME_CHECK_CONSUMER) timestamp=3464 ms, used_size=5455872 bytes (13.3%)
(RDMA_READ_CONSUME_CHECK_CONSUMER) timestamp=3464 ms, used_size=5453824 bytes (13.3%)
(RDMA_READ_CONSUME_CHECK_CONSUMER) timestamp=3464 ms, used_size=5451776 bytes (13.3%)
(RDMA_READ_CONSUME_CHECK_CONSUMER) timestamp=3464 ms, used_size=5449728 bytes (13.3%)
(RDMA_READ_CONSUME_CHECK_CONSUMER) timestamp=3464 ms, used_size=5447680 bytes (13.3%)
(RDMA_READ_CONSUME_CHECK_CONSUMER) timestamp=3464 ms, used_size=5445632 bytes (13.3%)
(RDMA_READ_CONSUME_CHECK_CONSUMER) timestamp=3464 ms, used_size=5443584 bytes (13.3%)
(RDMA_READ_CONSUME_CHECK_CONSUMER) timestamp=3464 ms, used_size=5441536 bytes (13.3%)
(RDMA_READ_CONSUME_CHECK_CONSUMER) timestamp=3464 ms, used_size=5439488 bytes (13.3%)
(RDMA_READ_CONSUME_CHECK_CONSUMER) timestamp=3464 ms, used_size=5437440 bytes (13.3%)
(RDMA_READ_CONSUME_CHECK_CONSUMER) timestamp=3464 ms, used_size=5435392 bytes (13.3%)
(RDMA_READ_CONSUME_CHECK_CONSUMER) timestamp=3464 ms, used_size=5433344 bytes (13.3%)
(RDMA_READ_CONSUME_CHECK_CONSUMER) timestamp=3464 ms, used_size=5431296 bytes (13.3%)
(RDMA_READ_CONSUME_CHECK_CONSUMER) timestamp=3464 ms, used_size=5429248 bytes (13.3%)
(RDMA_READ_CONSUME_CHECK_CONSUMER) timestamp=3464 ms, used_size=5427200 bytes (13.2%)
(RDMA_READ_CONSUME_CHECK_CONSUMER) timestamp=3464 ms, used_size=5425152 bytes (13.2%)
(RDMA_READ_CONSUME_CHECK_CONSUMER) timestamp=3464 ms, used_size=5423104 bytes (13.2%)
(RDMA_READ_CONSUME_CHECK_CONSUMER) timestamp=3464 ms, used_size=5421056 bytes (13.2%)
(RDMA_READ_CONSUME_CHECK_CONSUMER) timestamp=3464 ms, used_size=5419008 bytes (13.2%)
(RDMA_READ_CONSUME_CHECK_CONSUMER) timestamp=3464 ms, used_size=5416960 bytes (13.2%)
(RDMA_READ_CONSUME_CHECK_CONSUMER) timestamp=3464 ms, used_size=5414912 bytes (13.2%)
(RDMA_READ_CONSUME_CHECK_CONSUMER) timestamp=3464 ms, used_size=5412864 bytes (13.2%)
(RDMA_READ_CONSUME_CHECK_CONSUMER) timestamp=3464 ms, used_size=5410816 bytes (13.2%)
(RDMA_READ_CONSUME_CHECK_CONSUMER) timestamp=3464 ms, used_size=5408768 bytes (13.2%)
(RDMA_READ_CONSUME_CHECK_CONSUMER) timestamp=3464 ms, used_size=5406720 bytes (13.2%)
(RDMA_READ_CONSUME_CHECK_CONSUMER) timestamp=3464 ms, used_size=5404672 bytes (13.2%)
(RDMA_READ_CONSUME_CHECK_CONSUMER) timestamp=3464 ms, used_size=5402624 bytes (13.2%)
(RDMA_READ_CONSUME_CHECK_CONSUMER) timestamp=3464 ms, used_size=5400576 bytes (13.2%)
(RDMA_READ_CONSUME_CHECK_CONSUMER) timestamp=3464 ms, used_size=5398528 bytes (13.2%)
(RDMA_READ_CONSUME_CHECK_CONSUMER) timestamp=3464 ms, used_size=5396480 bytes (13.2%)
(RDMA_READ_CONSUME_CHECK_CONSUMER) timestamp=3464 ms, used_size=5394432 bytes (13.2%)
(RDMA_READ_CONSUME_CHECK_CONSUMER) timestamp=3464 ms, used_size=5392384 bytes (13.2%)
(RDMA_READ_CONSUME_CHECK_CONSUMER) timestamp=3464 ms, used_size=5390336 bytes (13.2%)
(RDMA_READ_CONSUME_CHECK_CONSUMER) timestamp=3464 ms, used_size=5388288 bytes (13.2%)
(RDMA_READ_CONSUME_CHECK_CONSUMER) timestamp=3464 ms, used_size=5386240 bytes (13.2%)
(RDMA_READ_CONSUME_CHECK_CONSUMER) timestamp=3464 ms, used_size=5384192 bytes (13.1%)
(RDMA_READ_CONSUME_CHECK_CONSUMER) timestamp=3464 ms, used_size=5382144 bytes (13.1%)
(RDMA_READ_CONSUME_CHECK_CONSUMER) timestamp=3464 ms, used_size=5380096 bytes (13.1%)
(RDMA_READ_CONSUME_CHECK_CONSUMER) timestamp=3464 ms, used_size=5378048 bytes (13.1%)
(RDMA_READ_CONSUME_CHECK_CONSUMER) timestamp=3464 ms, used_size=5376000 bytes (13.1%)
(RDMA_READ_CONSUME_CHECK_CONSUMER) timestamp=3464 ms, used_size=5373952 bytes (13.1%)
(RDMA_READ_CONSUME_CHECK_CONSUMER) timestamp=3464 ms, used_size=5371904 bytes (13.1%)
(RDMA_READ_CONSUME_CHECK_CONSUMER) timestamp=3464 ms, used_size=5369856 bytes (13.1%)
(RDMA_READ_CONSUME_CHECK_CONSUMER) timestamp=3464 ms, used_size=5367808 bytes (13.1%)
(RDMA_READ_CONSUME_CHECK_CONSUMER) timestamp=3464 ms, used_size=5365760 bytes (13.1%)
(RDMA_READ_CONSUME_CHECK_CONSUMER) timestamp=3464 ms, used_size=5363712 bytes (13.1%)
(RDMA_READ_CONSUME_CHECK_CONSUMER) timestamp=3464 ms, used_size=5361664 bytes (13.1%)
(RDMA_READ_CONSUME_CHECK_CONSUMER) timestamp=3464 ms, used_size=5359616 bytes (13.1%)
(RDMA_READ_CONSUME_CHECK_CONSUMER) timestamp=3464 ms, used_size=5357568 bytes (13.1%)
(RDMA_READ_CONSUME_CHECK_CONSUMER) timestamp=3464 ms, used_size=5355520 bytes (13.1%)
(RDMA_READ_CONSUME_CHECK_CONSUMER) timestamp=3464 ms, used_size=5353472 bytes (13.1%)
(RDMA_READ_CONSUME_CHECK_CONSUMER) timestamp=3464 ms, used_size=5351424 bytes (13.1%)
(RDMA_READ_CONSUME_CHECK_CONSUMER) timestamp=3464 ms, used_size=5349376 bytes (13.1%)
(RDMA_READ_CONSUME_CHECK_CONSUMER) timestamp=3464 ms, used_size=5347328 bytes (13.1%)
(RDMA_READ_CONSUME_CHECK_CONSUMER) timestamp=3464 ms, used_size=5345280 bytes (13.1%)
(RDMA_READ_CONSUME_CHECK_CONSUMER) timestamp=3464 ms, used_size=5343232 bytes (13.0%)
(RDMA_READ_CONSUME_CHECK_CONSUMER) timestamp=3464 ms, used_size=5341184 bytes (13.0%)
(RDMA_READ_CONSUME_CHECK_CONSUMER) timestamp=3464 ms, used_size=5339136 bytes (13.0%)
(RDMA_READ_CONSUME_CHECK_CONSUMER) timestamp=3464 ms, used_size=5337088 bytes (13.0%)
(RDMA_READ_CONSUME_CHECK_CONSUMER) timestamp=3464 ms, used_size=5335040 bytes (13.0%)
(RDMA_READ_CONSUME_CHECK_CONSUMER) timestamp=3464 ms, used_size=5332992 bytes (13.0%)
(RDMA_READ_CONSUME_CHECK_CONSUMER) timestamp=3464 ms, used_size=5330944 bytes (13.0%)
(RDMA_READ_CONSUME_CHECK_CONSUMER) timestamp=3464 ms, used_size=5328896 bytes (13.0%)
(RDMA_READ_CONSUME_CHECK_CONSUMER) timestamp=3464 ms, used_size=5326848 bytes (13.0%)
(RDMA_READ_CONSUME_CHECK_CONSUMER) timestamp=3464 ms, used_size=5324800 bytes (13.0%)
(RDMA_READ_CONSUME_CHECK_CONSUMER) timestamp=3464 ms, used_size=5322752 bytes (13.0%)
(RDMA_READ_CONSUME_CHECK_CONSUMER) timestamp=3464 ms, used_size=5320704 bytes (13.0%)
(RDMA_READ_CONSUME_CHECK_CONSUMER) timestamp=3464 ms, used_size=5318656 bytes (13.0%)
(RDMA_READ_CONSUME_CHECK_CONSUMER) timestamp=3464 ms, used_size=5316608 bytes (13.0%)
(RDMA_READ_CONSUME_CHECK_CONSUMER) timestamp=3464 ms, used_size=5314560 bytes (13.0%)
(RDMA_READ_CONSUME_CHECK_CONSUMER) timestamp=3464 ms, used_size=5312512 bytes (13.0%)
(RDMA_READ_CONSUME_CHECK_CONSUMER) timestamp=3464 ms, used_size=5310464 bytes (13.0%)
(RDMA_READ_CONSUME_CHECK_CONSUMER) timestamp=3464 ms, used_size=5308416 bytes (13.0%)
(RDMA_READ_CONSUME_CHECK_CONSUMER) timestamp=3464 ms, used_size=5306368 bytes (13.0%)
(RDMA_READ_CONSUME_CHECK_CONSUMER) timestamp=3464 ms, used_size=5304320 bytes (12.9%)
(RDMA_READ_CONSUME_CHECK_CONSUMER) timestamp=3464 ms, used_size=5302272 bytes (12.9%)
(RDMA_READ_CONSUME_CHECK_CONSUMER) timestamp=3464 ms, used_size=5300224 bytes (12.9%)
(RDMA_READ_CONSUME_CHECK_CONSUMER) timestamp=3464 ms, used_size=5298176 bytes (12.9%)
(RDMA_READ_CONSUME_CHECK_CONSUMER) timestamp=3464 ms, used_size=5296128 bytes (12.9%)
(RDMA_READ_CONSUME_CHECK_CONSUMER) timestamp=3464 ms, used_size=5294080 bytes (12.9%)
(RDMA_READ_CONSUME_CHECK_CONSUMER) timestamp=3464 ms, used_size=5292032 bytes (12.9%)
(RDMA_READ_CONSUME_CHECK_CONSUMER) timestamp=3464 ms, used_size=5289984 bytes (12.9%)
(RDMA_READ_CONSUME_CHECK_CONSUMER) timestamp=3464 ms, used_size=5287936 bytes (12.9%)
(RDMA_READ_CONSUME_CHECK_CONSUMER) timestamp=3464 ms, used_size=5285888 bytes (12.9%)
(RDMA_READ_CONSUME_CHECK_CONSUMER) timestamp=3464 ms, used_size=5283840 bytes (12.9%)
(RDMA_READ_CONSUME_CHECK_CONSUMER) timestamp=3464 ms, used_size=5281792 bytes (12.9%)
(RDMA_READ_CONSUME_CHECK_CONSUMER) timestamp=3464 ms, used_size=5279744 bytes (12.9%)
(RDMA_READ_CONSUME_CHECK_CONSUMER) timestamp=3464 ms, used_size=5277696 bytes (12.9%)
(RDMA_READ_CONSUME_CHECK_CONSUMER) timestamp=3464 ms, used_size=5275648 bytes (12.9%)
(RDMA_READ_CONSUME_CHECK_CONSUMER) timestamp=3464 ms, used_size=5273600 bytes (12.9%)
(RDMA_READ_CONSUME_CHECK_CONSUMER) timestamp=3464 ms, used_size=5271552 bytes (12.9%)
(RDMA_READ_CONSUME_CHECK_CONSUMER) timestamp=3464 ms, used_size=5269504 bytes (12.9%)
(RDMA_READ_CONSUME_CHECK_CONSUMER) timestamp=3464 ms, used_size=5267456 bytes (12.9%)
(RDMA_READ_CONSUME_CHECK_CONSUMER) timestamp=3464 ms, used_size=5265408 bytes (12.9%)
(RDMA_READ_CONSUME_CHECK_CONSUMER) timestamp=3464 ms, used_size=5263360 bytes (12.8%)
(RDMA_READ_CONSUME_CHECK_CONSUMER) timestamp=3464 ms, used_size=5261312 bytes (12.8%)
(RDMA_READ_CONSUME_CHECK_CONSUMER) timestamp=3464 ms, used_size=5259264 bytes (12.8%)
(RDMA_READ_CONSUME_CHECK_CONSUMER) timestamp=3464 ms, used_size=5257216 bytes (12.8%)
(RDMA_READ_CONSUME_CHECK_CONSUMER) timestamp=3464 ms, used_size=5255168 bytes (12.8%)
(RDMA_READ_CONSUME_CHECK_CONSUMER) timestamp=3464 ms, used_size=5253120 bytes (12.8%)
(RDMA_READ_CONSUME_CHECK_CONSUMER) timestamp=3464 ms, used_size=5251072 bytes (12.8%)
(RDMA_READ_CONSUME_CHECK_CONSUMER) timestamp=3464 ms, used_size=5249024 bytes (12.8%)
(RDMA_READ_CONSUME_CHECK_CONSUMER) timestamp=3464 ms, used_size=5246976 bytes (12.8%)
(RDMA_READ_CONSUME_CHECK_CONSUMER) timestamp=3464 ms, used_size=5244928 bytes (12.8%)
(RDMA_READ_CONSUME_CHECK_CONSUMER) timestamp=3464 ms, used_size=5242880 bytes (12.8%)
(RDMA_READ_CONSUME_CHECK_CONSUMER) timestamp=3464 ms, used_size=5240832 bytes (12.8%)
(RDMA_READ_CONSUME_CHECK_CONSUMER) timestamp=3464 ms, used_size=5238784 bytes (12.8%)
(RDMA_READ_CONSUME_CHECK_CONSUMER) timestamp=3464 ms, used_size=5236736 bytes (12.8%)
(RDMA_READ_CONSUME_CHECK_CONSUMER) timestamp=3464 ms, used_size=5234688 bytes (12.8%)
(RDMA_READ_CONSUME_CHECK_CONSUMER) timestamp=3464 ms, used_size=5232640 bytes (12.8%)
(RDMA_READ_CONSUME_CHECK_CONSUMER) timestamp=3464 ms, used_size=5230592 bytes (12.8%)
(RDMA_READ_CONSUME_CHECK_CONSUMER) timestamp=3464 ms, used_size=5228544 bytes (12.8%)
(RDMA_READ_CONSUME_CHECK_CONSUMER) timestamp=3464 ms, used_size=5226496 bytes (12.8%)
(RDMA_READ_CONSUME_CHECK_CONSUMER) timestamp=3464 ms, used_size=5224448 bytes (12.8%)
(RDMA_READ_CONSUME_CHECK_CONSUMER) timestamp=3464 ms, used_size=5222400 bytes (12.8%)
(RDMA_READ_CONSUME_CHECK_CONSUMER) timestamp=3464 ms, used_size=5220352 bytes (12.7%)
(RDMA_READ_CONSUME_CHECK_CONSUMER) timestamp=3464 ms, used_size=5218304 bytes (12.7%)
(RDMA_READ_CONSUME_CHECK_CONSUMER) timestamp=3464 ms, used_size=5216256 bytes (12.7%)
(RDMA_READ_CONSUME_CHECK_CONSUMER) timestamp=3464 ms, used_size=5214208 bytes (12.7%)
(RDMA_READ_CONSUME_CHECK_CONSUMER) timestamp=3464 ms, used_size=5212160 bytes (12.7%)
(RDMA_READ_CONSUME_CHECK_CONSUMER) timestamp=3464 ms, used_size=5210112 bytes (12.7%)
(RDMA_READ_CONSUME_CHECK_CONSUMER) timestamp=3464 ms, used_size=5208064 bytes (12.7%)
(RDMA_READ_CONSUME_CHECK_CONSUMER) timestamp=3464 ms, used_size=5206016 bytes (12.7%)
(RDMA_READ_CONSUME_CHECK_CONSUMER) timestamp=3464 ms, used_size=5203968 bytes (12.7%)
(RDMA_READ_CONSUME_CHECK_CONSUMER) timestamp=3464 ms, used_size=5201920 bytes (12.7%)
(RDMA_READ_CONSUME_CHECK_CONSUMER) timestamp=3464 ms, used_size=5199872 bytes (12.7%)
(RDMA_READ_CONSUME_CHECK_CONSUMER) timestamp=3464 ms, used_size=5197824 bytes (12.7%)
(RDMA_READ_CONSUME_CHECK_CONSUMER) timestamp=3464 ms, used_size=5195776 bytes (12.7%)
(RDMA_READ_CONSUME_CHECK_CONSUMER) timestamp=3464 ms, used_size=5193728 bytes (12.7%)
(RDMA_READ_CONSUME_CHECK_CONSUMER) timestamp=3464 ms, used_size=5191680 bytes (12.7%)
(RDMA_READ_CONSUME_CHECK_CONSUMER) timestamp=3464 ms, used_size=5189632 bytes (12.7%)
(RDMA_READ_CONSUME_CHECK_CONSUMER) timestamp=3464 ms, used_size=5187584 bytes (12.7%)
(RDMA_READ_CONSUME_CHECK_CONSUMER) timestamp=3464 ms, used_size=5185536 bytes (12.7%)
(RDMA_READ_CONSUME_CHECK_CONSUMER) timestamp=3464 ms, used_size=5183488 bytes (12.7%)
(RDMA_READ_CONSUME_CHECK_CONSUMER) timestamp=3464 ms, used_size=5181440 bytes (12.7%)
(RDMA_READ_CONSUME_CHECK_CONSUMER) timestamp=3464 ms, used_size=5179392 bytes (12.6%)
(RDMA_READ_CONSUME_CHECK_CONSUMER) timestamp=3464 ms, used_size=5177344 bytes (12.6%)
(RDMA_READ_CONSUME_CHECK_CONSUMER) timestamp=3464 ms, used_size=5175296 bytes (12.6%)
(RDMA_READ_CONSUME_CHECK_CONSUMER) timestamp=3464 ms, used_size=5173248 bytes (12.6%)
(RDMA_READ_CONSUME_CHECK_CONSUMER) timestamp=3464 ms, used_size=5171200 bytes (12.6%)
(RDMA_READ_CONSUME_CHECK_CONSUMER) timestamp=3464 ms, used_size=5169152 bytes (12.6%)
(RDMA_READ_CONSUME_CHECK_CONSUMER) timestamp=3464 ms, used_size=5167104 bytes (12.6%)
(RDMA_READ_CONSUME_CHECK_CONSUMER) timestamp=3464 ms, used_size=5165056 bytes (12.6%)
(RDMA_READ_CONSUME_CHECK_CONSUMER) timestamp=3464 ms, used_size=5163008 bytes (12.6%)
(RDMA_READ_CONSUME_CHECK_CONSUMER) timestamp=3464 ms, used_size=5160960 bytes (12.6%)
(RDMA_READ_CONSUME_CHECK_CONSUMER) timestamp=3464 ms, used_size=5158912 bytes (12.6%)
(RDMA_READ_CONSUME_CHECK_CONSUMER) timestamp=3464 ms, used_size=5156864 bytes (12.6%)
(RDMA_READ_CONSUME_CHECK_CONSUMER) timestamp=3464 ms, used_size=5154816 bytes (12.6%)
(RDMA_READ_CONSUME_CHECK_CONSUMER) timestamp=3464 ms, used_size=5152768 bytes (12.6%)
(RDMA_READ_CONSUME_CHECK_CONSUMER) timestamp=3464 ms, used_size=5150720 bytes (12.6%)
(RDMA_READ_CONSUME_CHECK_CONSUMER) timestamp=3464 ms, used_size=5148672 bytes (12.6%)
(RDMA_READ_CONSUME_CHECK_CONSUMER) timestamp=3464 ms, used_size=5146624 bytes (12.6%)
(RDMA_READ_CONSUME_CHECK_CONSUMER) timestamp=3464 ms, used_size=5144576 bytes (12.6%)
(RDMA_READ_CONSUME_CHECK_CONSUMER) timestamp=3464 ms, used_size=5142528 bytes (12.6%)
(RDMA_READ_CONSUME_CHECK_CONSUMER) timestamp=3464 ms, used_size=5140480 bytes (12.6%)
(RDMA_READ_CONSUME_CHECK_CONSUMER) timestamp=3465 ms, used_size=5138432 bytes (12.5%)
(RDMA_READ_CONSUME_CHECK_CONSUMER) timestamp=3465 ms, used_size=5136384 bytes (12.5%)
(RDMA_READ_CONSUME_CHECK_CONSUMER) timestamp=3465 ms, used_size=5134336 bytes (12.5%)
(RDMA_READ_CONSUME_CHECK_CONSUMER) timestamp=3465 ms, used_size=5132288 bytes (12.5%)
(RDMA_READ_CONSUME_CHECK_CONSUMER) timestamp=3465 ms, used_size=5130240 bytes (12.5%)
(RDMA_READ_CONSUME_CHECK_CONSUMER) timestamp=3465 ms, used_size=5128192 bytes (12.5%)
(RDMA_READ_CONSUME_CHECK_CONSUMER) timestamp=3465 ms, used_size=5126144 bytes (12.5%)
(RDMA_READ_CONSUME_CHECK_CONSUMER) timestamp=3465 ms, used_size=5124096 bytes (12.5%)
(RDMA_READ_CONSUME_CHECK_CONSUMER) timestamp=3465 ms, used_size=5122048 bytes (12.5%)
(RDMA_READ_CONSUME_CHECK_CONSUMER) timestamp=3465 ms, used_size=5120000 bytes (12.5%)
(RDMA_READ_CONSUME_CHECK_CONSUMER) timestamp=3465 ms, used_size=5117952 bytes (12.5%)
(RDMA_READ_CONSUME_CHECK_CONSUMER) timestamp=3465 ms, used_size=5115904 bytes (12.5%)
(RDMA_READ_CONSUME_CHECK_CONSUMER) timestamp=3465 ms, used_size=5113856 bytes (12.5%)
(RDMA_READ_CONSUME_CHECK_CONSUMER) timestamp=3465 ms, used_size=5111808 bytes (12.5%)
(RDMA_READ_CONSUME_CHECK_CONSUMER) timestamp=3465 ms, used_size=5109760 bytes (12.5%)
(RDMA_READ_CONSUME_CHECK_CONSUMER) timestamp=3465 ms, used_size=5107712 bytes (12.5%)
(RDMA_READ_CONSUME_CHECK_CONSUMER) timestamp=3465 ms, used_size=5105664 bytes (12.5%)
(RDMA_READ_CONSUME_CHECK_CONSUMER) timestamp=3465 ms, used_size=5103616 bytes (12.5%)
(RDMA_READ_CONSUME_CHECK_CONSUMER) timestamp=3465 ms, used_size=5101568 bytes (12.5%)
(RDMA_READ_CONSUME_CHECK_CONSUMER) timestamp=3465 ms, used_size=5099520 bytes (12.4%)
(RDMA_READ_CONSUME_CHECK_CONSUMER) timestamp=3465 ms, used_size=5097472 bytes (12.4%)
(RDMA_READ_CONSUME_CHECK_CONSUMER) timestamp=3465 ms, used_size=5095424 bytes (12.4%)
(RDMA_READ_CONSUME_CHECK_CONSUMER) timestamp=3465 ms, used_size=5093376 bytes (12.4%)
(RDMA_READ_CONSUME_CHECK_CONSUMER) timestamp=3465 ms, used_size=5091328 bytes (12.4%)
(RDMA_READ_CONSUME_CHECK_CONSUMER) timestamp=3465 ms, used_size=5089280 bytes (12.4%)
(RDMA_READ_CONSUME_CHECK_CONSUMER) timestamp=3465 ms, used_size=5087232 bytes (12.4%)
(RDMA_READ_CONSUME_CHECK_CONSUMER) timestamp=3465 ms, used_size=5085184 bytes (12.4%)
(RDMA_READ_CONSUME_CHECK_CONSUMER) timestamp=3465 ms, used_size=5083136 bytes (12.4%)
(RDMA_READ_CONSUME_CHECK_CONSUMER) timestamp=3465 ms, used_size=5081088 bytes (12.4%)
(RDMA_READ_CONSUME_CHECK_CONSUMER) timestamp=3465 ms, used_size=5079040 bytes (12.4%)
(RDMA_READ_CONSUME_CHECK_CONSUMER) timestamp=3465 ms, used_size=5076992 bytes (12.4%)
(RDMA_READ_CONSUME_CHECK_CONSUMER) timestamp=3465 ms, used_size=5074944 bytes (12.4%)
(RDMA_READ_CONSUME_CHECK_CONSUMER) timestamp=3465 ms, used_size=5072896 bytes (12.4%)
(RDMA_READ_CONSUME_CHECK_CONSUMER) timestamp=3465 ms, used_size=5070848 bytes (12.4%)
(RDMA_READ_CONSUME_CHECK_CONSUMER) timestamp=3465 ms, used_size=5068800 bytes (12.4%)
(RDMA_READ_CONSUME_CHECK_CONSUMER) timestamp=3465 ms, used_size=5066752 bytes (12.4%)
(RDMA_READ_CONSUME_CHECK_CONSUMER) timestamp=3465 ms, used_size=5064704 bytes (12.4%)
(RDMA_READ_CONSUME_CHECK_CONSUMER) timestamp=3465 ms, used_size=5062656 bytes (12.4%)
(RDMA_READ_CONSUME_CHECK_CONSUMER) timestamp=3465 ms, used_size=5060608 bytes (12.4%)
(RDMA_READ_CONSUME_CHECK_CONSUMER) timestamp=3465 ms, used_size=5058560 bytes (12.3%)
(RDMA_READ_CONSUME_CHECK_CONSUMER) timestamp=3465 ms, used_size=5056512 bytes (12.3%)
(RDMA_READ_CONSUME_CHECK_CONSUMER) timestamp=3465 ms, used_size=5054464 bytes (12.3%)
(RDMA_READ_CONSUME_CHECK_CONSUMER) timestamp=3465 ms, used_size=5052416 bytes (12.3%)
(RDMA_READ_CONSUME_CHECK_CONSUMER) timestamp=3465 ms, used_size=5050368 bytes (12.3%)
(RDMA_READ_CONSUME_CHECK_CONSUMER) timestamp=3465 ms, used_size=5048320 bytes (12.3%)
(RDMA_READ_CONSUME_CHECK_CONSUMER) timestamp=3465 ms, used_size=5046272 bytes (12.3%)
(RDMA_READ_CONSUME_CHECK_CONSUMER) timestamp=3465 ms, used_size=5044224 bytes (12.3%)
(RDMA_READ_CONSUME_CHECK_CONSUMER) timestamp=3465 ms, used_size=5042176 bytes (12.3%)
(RDMA_READ_CONSUME_CHECK_CONSUMER) timestamp=3465 ms, used_size=5040128 bytes (12.3%)
(RDMA_READ_CONSUME_CHECK_CONSUMER) timestamp=3465 ms, used_size=5038080 bytes (12.3%)
(RDMA_READ_CONSUME_CHECK_CONSUMER) timestamp=3465 ms, used_size=5036032 bytes (12.3%)
(RDMA_READ_CONSUME_CHECK_CONSUMER) timestamp=3465 ms, used_size=5033984 bytes (12.3%)
(RDMA_READ_CONSUME_CHECK_CONSUMER) timestamp=3465 ms, used_size=5031936 bytes (12.3%)
(RDMA_READ_CONSUME_CHECK_CONSUMER) timestamp=3465 ms, used_size=5029888 bytes (12.3%)
(RDMA_READ_CONSUME_CHECK_CONSUMER) timestamp=3465 ms, used_size=5027840 bytes (12.3%)
(RDMA_READ_CONSUME_CHECK_CONSUMER) timestamp=3465 ms, used_size=5025792 bytes (12.3%)
(RDMA_READ_CONSUME_CHECK_CONSUMER) timestamp=3465 ms, used_size=5023744 bytes (12.3%)
(RDMA_READ_CONSUME_CHECK_CONSUMER) timestamp=3465 ms, used_size=5021696 bytes (12.3%)
(RDMA_READ_CONSUME_CHECK_CONSUMER) timestamp=3465 ms, used_size=5019648 bytes (12.3%)
(RDMA_READ_CONSUME_CHECK_CONSUMER) timestamp=3465 ms, used_size=5017600 bytes (12.2%)
(RDMA_READ_CONSUME_CHECK_CONSUMER) timestamp=3465 ms, used_size=5015552 bytes (12.2%)
(RDMA_READ_CONSUME_CHECK_CONSUMER) timestamp=3465 ms, used_size=5013504 bytes (12.2%)
(RDMA_READ_CONSUME_CHECK_CONSUMER) timestamp=3465 ms, used_size=5011456 bytes (12.2%)
(RDMA_READ_CONSUME_CHECK_CONSUMER) timestamp=3465 ms, used_size=5009408 bytes (12.2%)
(RDMA_READ_CONSUME_CHECK_CONSUMER) timestamp=3465 ms, used_size=5007360 bytes (12.2%)
(RDMA_READ_CONSUME_CHECK_CONSUMER) timestamp=3465 ms, used_size=5005312 bytes (12.2%)
(RDMA_READ_CONSUME_CHECK_CONSUMER) timestamp=3465 ms, used_size=5003264 bytes (12.2%)
(RDMA_READ_CONSUME_CHECK_CONSUMER) timestamp=3465 ms, used_size=5001216 bytes (12.2%)
(RDMA_READ_CONSUME_CHECK_CONSUMER) timestamp=3465 ms, used_size=4999168 bytes (12.2%)
(RDMA_READ_CONSUME_CHECK_CONSUMER) timestamp=3465 ms, used_size=4997120 bytes (12.2%)
(RDMA_READ_CONSUME_CHECK_CONSUMER) timestamp=3465 ms, used_size=4995072 bytes (12.2%)
(RDMA_READ_CONSUME_CHECK_CONSUMER) timestamp=3465 ms, used_size=4993024 bytes (12.2%)
(RDMA_READ_CONSUME_CHECK_CONSUMER) timestamp=3465 ms, used_size=4990976 bytes (12.2%)
(RDMA_READ_CONSUME_CHECK_CONSUMER) timestamp=3465 ms, used_size=4988928 bytes (12.2%)
(RDMA_READ_CONSUME_CHECK_CONSUMER) timestamp=3465 ms, used_size=4986880 bytes (12.2%)
(RDMA_READ_CONSUME_CHECK_CONSUMER) timestamp=3465 ms, used_size=4984832 bytes (12.2%)
(RDMA_READ_CONSUME_CHECK_CONSUMER) timestamp=3465 ms, used_size=4982784 bytes (12.2%)
(RDMA_READ_CONSUME_CHECK_CONSUMER) timestamp=3465 ms, used_size=4980736 bytes (12.2%)
(RDMA_READ_CONSUME_CHECK_CONSUMER) timestamp=3465 ms, used_size=4978688 bytes (12.2%)
(RDMA_READ_CONSUME_CHECK_CONSUMER) timestamp=3465 ms, used_size=4976640 bytes (12.2%)
(RDMA_READ_CONSUME_CHECK_CONSUMER) timestamp=3465 ms, used_size=4974592 bytes (12.1%)
(RDMA_READ_CONSUME_CHECK_CONSUMER) timestamp=3465 ms, used_size=4972544 bytes (12.1%)
(RDMA_READ_CONSUME_CHECK_CONSUMER) timestamp=3465 ms, used_size=4970496 bytes (12.1%)
(RDMA_READ_CONSUME_CHECK_CONSUMER) timestamp=3465 ms, used_size=4968448 bytes (12.1%)
(RDMA_READ_CONSUME_CHECK_CONSUMER) timestamp=3465 ms, used_size=4966400 bytes (12.1%)
(RDMA_READ_CONSUME_CHECK_CONSUMER) timestamp=3465 ms, used_size=4964352 bytes (12.1%)
(RDMA_READ_CONSUME_CHECK_CONSUMER) timestamp=3465 ms, used_size=4962304 bytes (12.1%)
(RDMA_READ_CONSUME_CHECK_CONSUMER) timestamp=3465 ms, used_size=4960256 bytes (12.1%)
(RDMA_READ_CONSUME_CHECK_CONSUMER) timestamp=3465 ms, used_size=4958208 bytes (12.1%)
(RDMA_READ_CONSUME_CHECK_CONSUMER) timestamp=3465 ms, used_size=4956160 bytes (12.1%)
(RDMA_READ_CONSUME_CHECK_CONSUMER) timestamp=3465 ms, used_size=4954112 bytes (12.1%)
(RDMA_READ_CONSUME_CHECK_CONSUMER) timestamp=3465 ms, used_size=4952064 bytes (12.1%)
(RDMA_READ_CONSUME_CHECK_CONSUMER) timestamp=3465 ms, used_size=4950016 bytes (12.1%)
(RDMA_READ_CONSUME_CHECK_CONSUMER) timestamp=3465 ms, used_size=4947968 bytes (12.1%)
(RDMA_READ_CONSUME_CHECK_CONSUMER) timestamp=3465 ms, used_size=4945920 bytes (12.1%)
(RDMA_READ_CONSUME_CHECK_CONSUMER) timestamp=3465 ms, used_size=4943872 bytes (12.1%)
(RDMA_READ_CONSUME_CHECK_CONSUMER) timestamp=3465 ms, used_size=4941824 bytes (12.1%)
(RDMA_READ_CONSUME_CHECK_CONSUMER) timestamp=3465 ms, used_size=4939776 bytes (12.1%)
(RDMA_READ_CONSUME_CHECK_CONSUMER) timestamp=3465 ms, used_size=4937728 bytes (12.1%)
(RDMA_READ_CONSUME_CHECK_CONSUMER) timestamp=3465 ms, used_size=4935680 bytes (12.1%)
(RDMA_READ_CONSUME_CHECK_CONSUMER) timestamp=3465 ms, used_size=4933632 bytes (12.0%)
(RDMA_READ_CONSUME_CHECK_CONSUMER) timestamp=3465 ms, used_size=4931584 bytes (12.0%)
(RDMA_READ_CONSUME_CHECK_CONSUMER) timestamp=3465 ms, used_size=4929536 bytes (12.0%)
(RDMA_READ_CONSUME_CHECK_CONSUMER) timestamp=3465 ms, used_size=4927488 bytes (12.0%)
(RDMA_READ_CONSUME_CHECK_CONSUMER) timestamp=3465 ms, used_size=4925440 bytes (12.0%)
(RDMA_READ_CONSUME_CHECK_CONSUMER) timestamp=3465 ms, used_size=4923392 bytes (12.0%)
(RDMA_READ_CONSUME_CHECK_CONSUMER) timestamp=3465 ms, used_size=4921344 bytes (12.0%)
(RDMA_READ_CONSUME_CHECK_CONSUMER) timestamp=3465 ms, used_size=4919296 bytes (12.0%)
(RDMA_READ_CONSUME_CHECK_CONSUMER) timestamp=3465 ms, used_size=4917248 bytes (12.0%)
(RDMA_READ_CONSUME_CHECK_CONSUMER) timestamp=3465 ms, used_size=4915200 bytes (12.0%)
(RDMA_READ_CONSUME_CHECK_CONSUMER) timestamp=3465 ms, used_size=4913152 bytes (12.0%)
(RDMA_READ_CONSUME_CHECK_CONSUMER) timestamp=3465 ms, used_size=4911104 bytes (12.0%)
(RDMA_READ_CONSUME_CHECK_CONSUMER) timestamp=3465 ms, used_size=4909056 bytes (12.0%)
(RDMA_READ_CONSUME_CHECK_CONSUMER) timestamp=3465 ms, used_size=4907008 bytes (12.0%)
(RDMA_READ_CONSUME_CHECK_CONSUMER) timestamp=3465 ms, used_size=4904960 bytes (12.0%)
(RDMA_READ_CONSUME_CHECK_CONSUMER) timestamp=3465 ms, used_size=4902912 bytes (12.0%)
(RDMA_READ_CONSUME_CHECK_CONSUMER) timestamp=3465 ms, used_size=4900864 bytes (12.0%)
(RDMA_READ_CONSUME_CHECK_CONSUMER) timestamp=3465 ms, used_size=4898816 bytes (12.0%)
(RDMA_READ_CONSUME_CHECK_CONSUMER) timestamp=3465 ms, used_size=4896768 bytes (12.0%)
(RDMA_READ_CONSUME_CHECK_CONSUMER) timestamp=3465 ms, used_size=4894720 bytes (11.9%)
(RDMA_READ_CONSUME_CHECK_CONSUMER) timestamp=3465 ms, used_size=4892672 bytes (11.9%)
(RDMA_READ_CONSUME_CHECK_CONSUMER) timestamp=3465 ms, used_size=4890624 bytes (11.9%)
(RDMA_READ_CONSUME_CHECK_CONSUMER) timestamp=3465 ms, used_size=4888576 bytes (11.9%)
(RDMA_READ_CONSUME_CHECK_CONSUMER) timestamp=3465 ms, used_size=4886528 bytes (11.9%)
(RDMA_READ_CONSUME_CHECK_CONSUMER) timestamp=3465 ms, used_size=4884480 bytes (11.9%)
(RDMA_READ_CONSUME_CHECK_CONSUMER) timestamp=3465 ms, used_size=4882432 bytes (11.9%)
(RDMA_READ_CONSUME_CHECK_CONSUMER) timestamp=3465 ms, used_size=4880384 bytes (11.9%)
(RDMA_READ_CONSUME_CHECK_CONSUMER) timestamp=3465 ms, used_size=4878336 bytes (11.9%)
(RDMA_READ_CONSUME_CHECK_CONSUMER) timestamp=3465 ms, used_size=4876288 bytes (11.9%)
(RDMA_READ_CONSUME_CHECK_CONSUMER) timestamp=3465 ms, used_size=4874240 bytes (11.9%)
(RDMA_READ_CONSUME_CHECK_CONSUMER) timestamp=3465 ms, used_size=4872192 bytes (11.9%)
(RDMA_READ_CONSUME_CHECK_CONSUMER) timestamp=3465 ms, used_size=4870144 bytes (11.9%)
(RDMA_READ_CONSUME_CHECK_CONSUMER) timestamp=3465 ms, used_size=4868096 bytes (11.9%)
(RDMA_READ_CONSUME_CHECK_CONSUMER) timestamp=3465 ms, used_size=4866048 bytes (11.9%)
(RDMA_READ_CONSUME_CHECK_CONSUMER) timestamp=3465 ms, used_size=4864000 bytes (11.9%)
(RDMA_READ_CONSUME_CHECK_CONSUMER) timestamp=3465 ms, used_size=4861952 bytes (11.9%)
(RDMA_READ_CONSUME_CHECK_CONSUMER) timestamp=3465 ms, used_size=4859904 bytes (11.9%)
(RDMA_READ_CONSUME_CHECK_CONSUMER) timestamp=3465 ms, used_size=4857856 bytes (11.9%)
(RDMA_READ_CONSUME_CHECK_CONSUMER) timestamp=3465 ms, used_size=4855808 bytes (11.9%)
(RDMA_READ_CONSUME_CHECK_CONSUMER) timestamp=3465 ms, used_size=4853760 bytes (11.8%)
(RDMA_READ_CONSUME_CHECK_CONSUMER) timestamp=3465 ms, used_size=4851712 bytes (11.8%)
(RDMA_READ_CONSUME_CHECK_CONSUMER) timestamp=3465 ms, used_size=4849664 bytes (11.8%)
(RDMA_READ_CONSUME_CHECK_CONSUMER) timestamp=3465 ms, used_size=4847616 bytes (11.8%)
(RDMA_READ_CONSUME_CHECK_CONSUMER) timestamp=3465 ms, used_size=4845568 bytes (11.8%)
(RDMA_READ_CONSUME_CHECK_CONSUMER) timestamp=3465 ms, used_size=4843520 bytes (11.8%)
(RDMA_READ_CONSUME_CHECK_CONSUMER) timestamp=3465 ms, used_size=4841472 bytes (11.8%)
(RDMA_READ_CONSUME_CHECK_CONSUMER) timestamp=3465 ms, used_size=4839424 bytes (11.8%)
(RDMA_READ_CONSUME_CHECK_CONSUMER) timestamp=3465 ms, used_size=4837376 bytes (11.8%)
(RDMA_READ_CONSUME_CHECK_CONSUMER) timestamp=3465 ms, used_size=4835328 bytes (11.8%)
(RDMA_READ_CONSUME_CHECK_CONSUMER) timestamp=3465 ms, used_size=4833280 bytes (11.8%)
(RDMA_READ_CONSUME_CHECK_CONSUMER) timestamp=3465 ms, used_size=4831232 bytes (11.8%)
(RDMA_READ_CONSUME_CHECK_CONSUMER) timestamp=3465 ms, used_size=4829184 bytes (11.8%)
(RDMA_READ_CONSUME_CHECK_CONSUMER) timestamp=3465 ms, used_size=4827136 bytes (11.8%)
(RDMA_READ_CONSUME_CHECK_CONSUMER) timestamp=3465 ms, used_size=4825088 bytes (11.8%)
(RDMA_READ_CONSUME_CHECK_CONSUMER) timestamp=3465 ms, used_size=4823040 bytes (11.8%)
(RDMA_READ_CONSUME_CHECK_CONSUMER) timestamp=3465 ms, used_size=4820992 bytes (11.8%)
(RDMA_READ_CONSUME_CHECK_CONSUMER) timestamp=3465 ms, used_size=4818944 bytes (11.8%)
(RDMA_READ_CONSUME_CHECK_CONSUMER) timestamp=3465 ms, used_size=4816896 bytes (11.8%)
(RDMA_READ_CONSUME_CHECK_CONSUMER) timestamp=3465 ms, used_size=4814848 bytes (11.8%)
(RDMA_READ_CONSUME_CHECK_CONSUMER) timestamp=3465 ms, used_size=4812800 bytes (11.8%)
(RDMA_READ_CONSUME_CHECK_CONSUMER) timestamp=3465 ms, used_size=4810752 bytes (11.7%)
(RDMA_READ_CONSUME_CHECK_CONSUMER) timestamp=3465 ms, used_size=4808704 bytes (11.7%)
(RDMA_READ_CONSUME_CHECK_CONSUMER) timestamp=3465 ms, used_size=4806656 bytes (11.7%)
(RDMA_READ_CONSUME_CHECK_CONSUMER) timestamp=3465 ms, used_size=4804608 bytes (11.7%)
(RDMA_READ_CONSUME_CHECK_CONSUMER) timestamp=3465 ms, used_size=4802560 bytes (11.7%)
(RDMA_READ_CONSUME_CHECK_CONSUMER) timestamp=3465 ms, used_size=4800512 bytes (11.7%)
(RDMA_READ_CONSUME_CHECK_CONSUMER) timestamp=3465 ms, used_size=4798464 bytes (11.7%)
(RDMA_READ_CONSUME_CHECK_CONSUMER) timestamp=3465 ms, used_size=4796416 bytes (11.7%)
(RDMA_READ_CONSUME_CHECK_CONSUMER) timestamp=3465 ms, used_size=4794368 bytes (11.7%)
(RDMA_READ_CONSUME_CHECK_CONSUMER) timestamp=3465 ms, used_size=4792320 bytes (11.7%)
(RDMA_READ_CONSUME_CHECK_CONSUMER) timestamp=3465 ms, used_size=4790272 bytes (11.7%)
(RDMA_READ_CONSUME_CHECK_CONSUMER) timestamp=3465 ms, used_size=4788224 bytes (11.7%)
(RDMA_READ_CONSUME_CHECK_CONSUMER) timestamp=3465 ms, used_size=4786176 bytes (11.7%)
(RDMA_READ_CONSUME_CHECK_CONSUMER) timestamp=3465 ms, used_size=4784128 bytes (11.7%)
(RDMA_READ_CONSUME_CHECK_CONSUMER) timestamp=3465 ms, used_size=4782080 bytes (11.7%)
(RDMA_READ_CONSUME_CHECK_CONSUMER) timestamp=3465 ms, used_size=4780032 bytes (11.7%)
(RDMA_READ_CONSUME_CHECK_CONSUMER) timestamp=3465 ms, used_size=4777984 bytes (11.7%)
(RDMA_READ_CONSUME_CHECK_CONSUMER) timestamp=3465 ms, used_size=4775936 bytes (11.7%)
(RDMA_READ_CONSUME_CHECK_CONSUMER) timestamp=3465 ms, used_size=4773888 bytes (11.7%)
(RDMA_READ_CONSUME_CHECK_CONSUMER) timestamp=3465 ms, used_size=4771840 bytes (11.7%)
(RDMA_READ_CONSUME_CHECK_CONSUMER) timestamp=3465 ms, used_size=4769792 bytes (11.6%)
(RDMA_READ_CONSUME_CHECK_CONSUMER) timestamp=3465 ms, used_size=4767744 bytes (11.6%)
(RDMA_READ_CONSUME_CHECK_CONSUMER) timestamp=3465 ms, used_size=4765696 bytes (11.6%)
(RDMA_READ_CONSUME_CHECK_CONSUMER) timestamp=3466 ms, used_size=4763648 bytes (11.6%)
(RDMA_READ_CONSUME_CHECK_CONSUMER) timestamp=3466 ms, used_size=4761600 bytes (11.6%)
(RDMA_READ_CONSUME_CHECK_CONSUMER) timestamp=3466 ms, used_size=4759552 bytes (11.6%)
(RDMA_READ_CONSUME_CHECK_CONSUMER) timestamp=3466 ms, used_size=4757504 bytes (11.6%)
(RDMA_READ_CONSUME_CHECK_CONSUMER) timestamp=3466 ms, used_size=4755456 bytes (11.6%)
(RDMA_READ_CONSUME_CHECK_CONSUMER) timestamp=3466 ms, used_size=4753408 bytes (11.6%)
(RDMA_READ_CONSUME_CHECK_CONSUMER) timestamp=3466 ms, used_size=4751360 bytes (11.6%)
(RDMA_READ_CONSUME_CHECK_CONSUMER) timestamp=3466 ms, used_size=4749312 bytes (11.6%)
(RDMA_READ_CONSUME_CHECK_CONSUMER) timestamp=3466 ms, used_size=4747264 bytes (11.6%)
(RDMA_READ_CONSUME_CHECK_CONSUMER) timestamp=3466 ms, used_size=4745216 bytes (11.6%)
(RDMA_READ_CONSUME_CHECK_CONSUMER) timestamp=3466 ms, used_size=4743168 bytes (11.6%)
(RDMA_READ_CONSUME_CHECK_CONSUMER) timestamp=3466 ms, used_size=4741120 bytes (11.6%)
(RDMA_READ_CONSUME_CHECK_CONSUMER) timestamp=3466 ms, used_size=4739072 bytes (11.6%)
(RDMA_READ_CONSUME_CHECK_CONSUMER) timestamp=3466 ms, used_size=4737024 bytes (11.6%)
(RDMA_READ_CONSUME_CHECK_CONSUMER) timestamp=3466 ms, used_size=4734976 bytes (11.6%)
(RDMA_READ_CONSUME_CHECK_CONSUMER) timestamp=3466 ms, used_size=4732928 bytes (11.6%)
(RDMA_READ_CONSUME_CHECK_CONSUMER) timestamp=3466 ms, used_size=4730880 bytes (11.6%)
(RDMA_READ_CONSUME_CHECK_CONSUMER) timestamp=3466 ms, used_size=4728832 bytes (11.5%)
(RDMA_READ_CONSUME_CHECK_CONSUMER) timestamp=3466 ms, used_size=4726784 bytes (11.5%)
(RDMA_READ_CONSUME_CHECK_CONSUMER) timestamp=3466 ms, used_size=4724736 bytes (11.5%)
(RDMA_READ_CONSUME_CHECK_CONSUMER) timestamp=3466 ms, used_size=4722688 bytes (11.5%)
(RDMA_READ_CONSUME_CHECK_CONSUMER) timestamp=3466 ms, used_size=4720640 bytes (11.5%)
(RDMA_READ_CONSUME_CHECK_CONSUMER) timestamp=3466 ms, used_size=4718592 bytes (11.5%)
(RDMA_READ_CONSUME_CHECK_CONSUMER) timestamp=3466 ms, used_size=4716544 bytes (11.5%)
(RDMA_READ_CONSUME_CHECK_CONSUMER) timestamp=3466 ms, used_size=4714496 bytes (11.5%)
(RDMA_READ_CONSUME_CHECK_CONSUMER) timestamp=3466 ms, used_size=4712448 bytes (11.5%)
(RDMA_READ_CONSUME_CHECK_CONSUMER) timestamp=3466 ms, used_size=4710400 bytes (11.5%)
(RDMA_READ_CONSUME_CHECK_CONSUMER) timestamp=3466 ms, used_size=4708352 bytes (11.5%)
(RDMA_READ_CONSUME_CHECK_CONSUMER) timestamp=3466 ms, used_size=4706304 bytes (11.5%)
(RDMA_READ_CONSUME_CHECK_CONSUMER) timestamp=3466 ms, used_size=4704256 bytes (11.5%)
(RDMA_READ_CONSUME_CHECK_CONSUMER) timestamp=3466 ms, used_size=4702208 bytes (11.5%)
(RDMA_READ_CONSUME_CHECK_CONSUMER) timestamp=3466 ms, used_size=4700160 bytes (11.5%)
(RDMA_READ_CONSUME_CHECK_CONSUMER) timestamp=3466 ms, used_size=4698112 bytes (11.5%)
(RDMA_READ_CONSUME_CHECK_CONSUMER) timestamp=3466 ms, used_size=4696064 bytes (11.5%)
(RDMA_READ_CONSUME_CHECK_CONSUMER) timestamp=3466 ms, used_size=4694016 bytes (11.5%)
(RDMA_READ_CONSUME_CHECK_CONSUMER) timestamp=3466 ms, used_size=4691968 bytes (11.5%)
(RDMA_READ_CONSUME_CHECK_CONSUMER) timestamp=3466 ms, used_size=4689920 bytes (11.4%)
(RDMA_READ_CONSUME_CHECK_CONSUMER) timestamp=3466 ms, used_size=4687872 bytes (11.4%)
(RDMA_READ_CONSUME_CHECK_CONSUMER) timestamp=3466 ms, used_size=4685824 bytes (11.4%)
(RDMA_READ_CONSUME_CHECK_CONSUMER) timestamp=3466 ms, used_size=4683776 bytes (11.4%)
(RDMA_READ_CONSUME_CHECK_CONSUMER) timestamp=3466 ms, used_size=4681728 bytes (11.4%)
(RDMA_READ_CONSUME_CHECK_CONSUMER) timestamp=3466 ms, used_size=4679680 bytes (11.4%)
(RDMA_READ_CONSUME_CHECK_CONSUMER) timestamp=3466 ms, used_size=4677632 bytes (11.4%)
(RDMA_READ_CONSUME_CHECK_CONSUMER) timestamp=3466 ms, used_size=4675584 bytes (11.4%)
(RDMA_READ_CONSUME_CHECK_CONSUMER) timestamp=3466 ms, used_size=4673536 bytes (11.4%)
(RDMA_READ_CONSUME_CHECK_CONSUMER) timestamp=3466 ms, used_size=4671488 bytes (11.4%)
(RDMA_READ_CONSUME_CHECK_CONSUMER) timestamp=3466 ms, used_size=4669440 bytes (11.4%)
(RDMA_READ_CONSUME_CHECK_CONSUMER) timestamp=3466 ms, used_size=4667392 bytes (11.4%)
(RDMA_READ_CONSUME_CHECK_CONSUMER) timestamp=3466 ms, used_size=4665344 bytes (11.4%)
(RDMA_READ_CONSUME_CHECK_CONSUMER) timestamp=3466 ms, used_size=4663296 bytes (11.4%)
(RDMA_READ_CONSUME_CHECK_CONSUMER) timestamp=3466 ms, used_size=4661248 bytes (11.4%)
(RDMA_READ_CONSUME_CHECK_CONSUMER) timestamp=3466 ms, used_size=4659200 bytes (11.4%)
(RDMA_READ_CONSUME_CHECK_CONSUMER) timestamp=3466 ms, used_size=4657152 bytes (11.4%)
(RDMA_READ_CONSUME_CHECK_CONSUMER) timestamp=3466 ms, used_size=4655104 bytes (11.4%)
(RDMA_READ_CONSUME_CHECK_CONSUMER) timestamp=3466 ms, used_size=4653056 bytes (11.4%)
(RDMA_READ_CONSUME_CHECK_CONSUMER) timestamp=3466 ms, used_size=4651008 bytes (11.4%)
(RDMA_READ_CONSUME_CHECK_CONSUMER) timestamp=3466 ms, used_size=4648960 bytes (11.3%)
(RDMA_READ_CONSUME_CHECK_CONSUMER) timestamp=3466 ms, used_size=4646912 bytes (11.3%)
(RDMA_READ_CONSUME_CHECK_CONSUMER) timestamp=3466 ms, used_size=4644864 bytes (11.3%)
(RDMA_READ_CONSUME_CHECK_CONSUMER) timestamp=3466 ms, used_size=4642816 bytes (11.3%)
(RDMA_READ_CONSUME_CHECK_CONSUMER) timestamp=3466 ms, used_size=4640768 bytes (11.3%)
(RDMA_READ_CONSUME_CHECK_CONSUMER) timestamp=3466 ms, used_size=4638720 bytes (11.3%)
(RDMA_READ_CONSUME_CHECK_CONSUMER) timestamp=3466 ms, used_size=4636672 bytes (11.3%)
(RDMA_READ_CONSUME_CHECK_CONSUMER) timestamp=3466 ms, used_size=4634624 bytes (11.3%)
(RDMA_READ_CONSUME_CHECK_CONSUMER) timestamp=3466 ms, used_size=4632576 bytes (11.3%)
(RDMA_READ_CONSUME_CHECK_CONSUMER) timestamp=3466 ms, used_size=4630528 bytes (11.3%)
(RDMA_READ_CONSUME_CHECK_CONSUMER) timestamp=3466 ms, used_size=4628480 bytes (11.3%)
(RDMA_READ_CONSUME_CHECK_CONSUMER) timestamp=3466 ms, used_size=4626432 bytes (11.3%)
(RDMA_READ_CONSUME_CHECK_CONSUMER) timestamp=3466 ms, used_size=4624384 bytes (11.3%)
(RDMA_READ_CONSUME_CHECK_CONSUMER) timestamp=3466 ms, used_size=4622336 bytes (11.3%)
(RDMA_READ_CONSUME_CHECK_CONSUMER) timestamp=3466 ms, used_size=4620288 bytes (11.3%)
(RDMA_READ_CONSUME_CHECK_CONSUMER) timestamp=3466 ms, used_size=4618240 bytes (11.3%)
(RDMA_READ_CONSUME_CHECK_CONSUMER) timestamp=3466 ms, used_size=4616192 bytes (11.3%)
(RDMA_READ_CONSUME_CHECK_CONSUMER) timestamp=3466 ms, used_size=4614144 bytes (11.3%)
(RDMA_READ_CONSUME_CHECK_CONSUMER) timestamp=3466 ms, used_size=4612096 bytes (11.3%)
(RDMA_READ_CONSUME_CHECK_CONSUMER) timestamp=3466 ms, used_size=4610048 bytes (11.3%)
(RDMA_READ_CONSUME_CHECK_CONSUMER) timestamp=3466 ms, used_size=4608000 bytes (11.2%)
(RDMA_READ_CONSUME_CHECK_CONSUMER) timestamp=3466 ms, used_size=4605952 bytes (11.2%)
(RDMA_READ_CONSUME_CHECK_CONSUMER) timestamp=3466 ms, used_size=4603904 bytes (11.2%)
(RDMA_READ_CONSUME_CHECK_CONSUMER) timestamp=3466 ms, used_size=4601856 bytes (11.2%)
(RDMA_READ_CONSUME_CHECK_CONSUMER) timestamp=3466 ms, used_size=4599808 bytes (11.2%)
(RDMA_READ_CONSUME_CHECK_CONSUMER) timestamp=3466 ms, used_size=4597760 bytes (11.2%)
(RDMA_READ_CONSUME_CHECK_CONSUMER) timestamp=3466 ms, used_size=4595712 bytes (11.2%)
(RDMA_READ_CONSUME_CHECK_CONSUMER) timestamp=3466 ms, used_size=4593664 bytes (11.2%)
(RDMA_READ_CONSUME_CHECK_CONSUMER) timestamp=3466 ms, used_size=4591616 bytes (11.2%)
(RDMA_READ_CONSUME_CHECK_CONSUMER) timestamp=3466 ms, used_size=4589568 bytes (11.2%)
(RDMA_READ_CONSUME_CHECK_CONSUMER) timestamp=3466 ms, used_size=4587520 bytes (11.2%)
(RDMA_READ_CONSUME_CHECK_CONSUMER) timestamp=3466 ms, used_size=4585472 bytes (11.2%)
(RDMA_READ_CONSUME_CHECK_CONSUMER) timestamp=3466 ms, used_size=4583424 bytes (11.2%)
(RDMA_READ_CONSUME_CHECK_CONSUMER) timestamp=3466 ms, used_size=4581376 bytes (11.2%)
(RDMA_READ_CONSUME_CHECK_CONSUMER) timestamp=3466 ms, used_size=4579328 bytes (11.2%)
(RDMA_READ_CONSUME_CHECK_CONSUMER) timestamp=3466 ms, used_size=4577280 bytes (11.2%)
(RDMA_READ_CONSUME_CHECK_CONSUMER) timestamp=3466 ms, used_size=4575232 bytes (11.2%)
(RDMA_READ_CONSUME_CHECK_CONSUMER) timestamp=3466 ms, used_size=4573184 bytes (11.2%)
(RDMA_READ_CONSUME_CHECK_CONSUMER) timestamp=3466 ms, used_size=4571136 bytes (11.2%)
(RDMA_READ_CONSUME_CHECK_CONSUMER) timestamp=3466 ms, used_size=4569088 bytes (11.2%)
(RDMA_READ_CONSUME_CHECK_CONSUMER) timestamp=3466 ms, used_size=4567040 bytes (11.2%)
(RDMA_READ_CONSUME_CHECK_CONSUMER) timestamp=3466 ms, used_size=4564992 bytes (11.1%)
(RDMA_READ_CONSUME_CHECK_CONSUMER) timestamp=3466 ms, used_size=4562944 bytes (11.1%)
(RDMA_READ_CONSUME_CHECK_CONSUMER) timestamp=3466 ms, used_size=4560896 bytes (11.1%)
(RDMA_READ_CONSUME_CHECK_CONSUMER) timestamp=3466 ms, used_size=4558848 bytes (11.1%)
(RDMA_READ_CONSUME_CHECK_CONSUMER) timestamp=3466 ms, used_size=4556800 bytes (11.1%)
(RDMA_READ_CONSUME_CHECK_CONSUMER) timestamp=3466 ms, used_size=4554752 bytes (11.1%)
(RDMA_READ_CONSUME_CHECK_CONSUMER) timestamp=3466 ms, used_size=4552704 bytes (11.1%)
(RDMA_READ_CONSUME_CHECK_CONSUMER) timestamp=3466 ms, used_size=4550656 bytes (11.1%)
(RDMA_READ_CONSUME_CHECK_CONSUMER) timestamp=3466 ms, used_size=4548608 bytes (11.1%)
(RDMA_READ_CONSUME_CHECK_CONSUMER) timestamp=3466 ms, used_size=4546560 bytes (11.1%)
(RDMA_READ_CONSUME_CHECK_CONSUMER) timestamp=3466 ms, used_size=4544512 bytes (11.1%)
(RDMA_READ_CONSUME_CHECK_CONSUMER) timestamp=3466 ms, used_size=4542464 bytes (11.1%)
(RDMA_READ_CONSUME_CHECK_CONSUMER) timestamp=3466 ms, used_size=4540416 bytes (11.1%)
(RDMA_READ_CONSUME_CHECK_CONSUMER) timestamp=3466 ms, used_size=4538368 bytes (11.1%)
(RDMA_READ_CONSUME_CHECK_CONSUMER) timestamp=3466 ms, used_size=4536320 bytes (11.1%)
(RDMA_READ_CONSUME_CHECK_CONSUMER) timestamp=3466 ms, used_size=4534272 bytes (11.1%)
(RDMA_READ_CONSUME_CHECK_CONSUMER) timestamp=3466 ms, used_size=4532224 bytes (11.1%)
(RDMA_READ_CONSUME_CHECK_CONSUMER) timestamp=3466 ms, used_size=4530176 bytes (11.1%)
(RDMA_READ_CONSUME_CHECK_CONSUMER) timestamp=3466 ms, used_size=4528128 bytes (11.1%)
(RDMA_READ_CONSUME_CHECK_CONSUMER) timestamp=3466 ms, used_size=4526080 bytes (11.1%)
(RDMA_READ_CONSUME_CHECK_CONSUMER) timestamp=3466 ms, used_size=4524032 bytes (11.0%)
(RDMA_READ_CONSUME_CHECK_CONSUMER) timestamp=3466 ms, used_size=4521984 bytes (11.0%)
(RDMA_READ_CONSUME_CHECK_CONSUMER) timestamp=3466 ms, used_size=4519936 bytes (11.0%)
(RDMA_READ_CONSUME_CHECK_CONSUMER) timestamp=3466 ms, used_size=4517888 bytes (11.0%)
(RDMA_READ_CONSUME_CHECK_CONSUMER) timestamp=3466 ms, used_size=4515840 bytes (11.0%)
(RDMA_READ_CONSUME_CHECK_CONSUMER) timestamp=3466 ms, used_size=4513792 bytes (11.0%)
(RDMA_READ_CONSUME_CHECK_CONSUMER) timestamp=3466 ms, used_size=4511744 bytes (11.0%)
(RDMA_READ_CONSUME_CHECK_CONSUMER) timestamp=3466 ms, used_size=4509696 bytes (11.0%)
(RDMA_READ_CONSUME_CHECK_CONSUMER) timestamp=3466 ms, used_size=4507648 bytes (11.0%)
(RDMA_READ_CONSUME_CHECK_CONSUMER) timestamp=3466 ms, used_size=4505600 bytes (11.0%)
(RDMA_READ_CONSUME_CHECK_CONSUMER) timestamp=3466 ms, used_size=4503552 bytes (11.0%)
(RDMA_READ_CONSUME_CHECK_CONSUMER) timestamp=3466 ms, used_size=4501504 bytes (11.0%)
(RDMA_READ_CONSUME_CHECK_CONSUMER) timestamp=3466 ms, used_size=4499456 bytes (11.0%)
(RDMA_READ_CONSUME_CHECK_CONSUMER) timestamp=3466 ms, used_size=4497408 bytes (11.0%)
(RDMA_READ_CONSUME_CHECK_CONSUMER) timestamp=3466 ms, used_size=4495360 bytes (11.0%)
(RDMA_READ_CONSUME_CHECK_CONSUMER) timestamp=3466 ms, used_size=4493312 bytes (11.0%)
(RDMA_READ_CONSUME_CHECK_CONSUMER) timestamp=3466 ms, used_size=4491264 bytes (11.0%)
(RDMA_READ_CONSUME_CHECK_CONSUMER) timestamp=3466 ms, used_size=4489216 bytes (11.0%)
(RDMA_READ_CONSUME_CHECK_CONSUMER) timestamp=3466 ms, used_size=4487168 bytes (11.0%)
(RDMA_READ_CONSUME_CHECK_CONSUMER) timestamp=3466 ms, used_size=4485120 bytes (10.9%)
(RDMA_READ_CONSUME_CHECK_CONSUMER) timestamp=3466 ms, used_size=4483072 bytes (10.9%)
(RDMA_READ_CONSUME_CHECK_CONSUMER) timestamp=3466 ms, used_size=4481024 bytes (10.9%)
(RDMA_READ_CONSUME_CHECK_CONSUMER) timestamp=3466 ms, used_size=4478976 bytes (10.9%)
(RDMA_READ_CONSUME_CHECK_CONSUMER) timestamp=3466 ms, used_size=4476928 bytes (10.9%)
(RDMA_READ_CONSUME_CHECK_CONSUMER) timestamp=3466 ms, used_size=4474880 bytes (10.9%)
(RDMA_READ_CONSUME_CHECK_CONSUMER) timestamp=3466 ms, used_size=4472832 bytes (10.9%)
(RDMA_READ_CONSUME_CHECK_CONSUMER) timestamp=3466 ms, used_size=4470784 bytes (10.9%)
(RDMA_READ_CONSUME_CHECK_CONSUMER) timestamp=3466 ms, used_size=4468736 bytes (10.9%)
(RDMA_READ_CONSUME_CHECK_CONSUMER) timestamp=3466 ms, used_size=4466688 bytes (10.9%)
(RDMA_READ_CONSUME_CHECK_CONSUMER) timestamp=3466 ms, used_size=4464640 bytes (10.9%)
(RDMA_READ_CONSUME_CHECK_CONSUMER) timestamp=3466 ms, used_size=4462592 bytes (10.9%)
(RDMA_READ_CONSUME_CHECK_CONSUMER) timestamp=3466 ms, used_size=4460544 bytes (10.9%)
(RDMA_READ_CONSUME_CHECK_CONSUMER) timestamp=3466 ms, used_size=4458496 bytes (10.9%)
(RDMA_READ_CONSUME_CHECK_CONSUMER) timestamp=3466 ms, used_size=4456448 bytes (10.9%)
(RDMA_READ_CONSUME_CHECK_CONSUMER) timestamp=3466 ms, used_size=4454400 bytes (10.9%)
(RDMA_READ_CONSUME_CHECK_CONSUMER) timestamp=3466 ms, used_size=4452352 bytes (10.9%)
(RDMA_READ_CONSUME_CHECK_CONSUMER) timestamp=3466 ms, used_size=4450304 bytes (10.9%)
(RDMA_READ_CONSUME_CHECK_CONSUMER) timestamp=3466 ms, used_size=4448256 bytes (10.9%)
(RDMA_READ_CONSUME_CHECK_CONSUMER) timestamp=3466 ms, used_size=4446208 bytes (10.9%)
(RDMA_READ_CONSUME_CHECK_CONSUMER) timestamp=3466 ms, used_size=4444160 bytes (10.8%)
(RDMA_READ_CONSUME_CHECK_CONSUMER) timestamp=3466 ms, used_size=4442112 bytes (10.8%)
(RDMA_READ_CONSUME_CHECK_CONSUMER) timestamp=3466 ms, used_size=4440064 bytes (10.8%)
(RDMA_READ_CONSUME_CHECK_CONSUMER) timestamp=3466 ms, used_size=4438016 bytes (10.8%)
(RDMA_READ_CONSUME_CHECK_CONSUMER) timestamp=3466 ms, used_size=4435968 bytes (10.8%)
(RDMA_READ_CONSUME_CHECK_CONSUMER) timestamp=3466 ms, used_size=4433920 bytes (10.8%)
(RDMA_READ_CONSUME_CHECK_CONSUMER) timestamp=3466 ms, used_size=4431872 bytes (10.8%)
(RDMA_READ_CONSUME_CHECK_CONSUMER) timestamp=3466 ms, used_size=4429824 bytes (10.8%)
(RDMA_READ_CONSUME_CHECK_CONSUMER) timestamp=3466 ms, used_size=4427776 bytes (10.8%)
(RDMA_READ_CONSUME_CHECK_CONSUMER) timestamp=3466 ms, used_size=4425728 bytes (10.8%)
(RDMA_READ_CONSUME_CHECK_CONSUMER) timestamp=3466 ms, used_size=4423680 bytes (10.8%)
(RDMA_READ_CONSUME_CHECK_CONSUMER) timestamp=3466 ms, used_size=4421632 bytes (10.8%)
(RDMA_READ_CONSUME_CHECK_CONSUMER) timestamp=3466 ms, used_size=4419584 bytes (10.8%)
(RDMA_READ_CONSUME_CHECK_CONSUMER) timestamp=3466 ms, used_size=4417536 bytes (10.8%)
(RDMA_READ_CONSUME_CHECK_CONSUMER) timestamp=3466 ms, used_size=4415488 bytes (10.8%)
(RDMA_READ_CONSUME_CHECK_CONSUMER) timestamp=3466 ms, used_size=4413440 bytes (10.8%)
(RDMA_READ_CONSUME_CHECK_CONSUMER) timestamp=3466 ms, used_size=4411392 bytes (10.8%)
(RDMA_READ_CONSUME_CHECK_CONSUMER) timestamp=3466 ms, used_size=4409344 bytes (10.8%)
(RDMA_READ_CONSUME_CHECK_CONSUMER) timestamp=3466 ms, used_size=4407296 bytes (10.8%)
(RDMA_READ_CONSUME_CHECK_CONSUMER) timestamp=3466 ms, used_size=4405248 bytes (10.8%)
(RDMA_READ_CONSUME_CHECK_CONSUMER) timestamp=3466 ms, used_size=4403200 bytes (10.8%)
(RDMA_READ_CONSUME_CHECK_CONSUMER) timestamp=3466 ms, used_size=4401152 bytes (10.7%)
(RDMA_READ_CONSUME_CHECK_CONSUMER) timestamp=3466 ms, used_size=4399104 bytes (10.7%)
(RDMA_READ_CONSUME_CHECK_CONSUMER) timestamp=3467 ms, used_size=4397056 bytes (10.7%)
(RDMA_READ_CONSUME_CHECK_CONSUMER) timestamp=3467 ms, used_size=4395008 bytes (10.7%)
(RDMA_READ_CONSUME_CHECK_CONSUMER) timestamp=3467 ms, used_size=4392960 bytes (10.7%)
(RDMA_READ_CONSUME_CHECK_CONSUMER) timestamp=3467 ms, used_size=4390912 bytes (10.7%)
(RDMA_READ_CONSUME_CHECK_CONSUMER) timestamp=3467 ms, used_size=4388864 bytes (10.7%)
(RDMA_READ_CONSUME_CHECK_CONSUMER) timestamp=3467 ms, used_size=4386816 bytes (10.7%)
(RDMA_READ_CONSUME_CHECK_CONSUMER) timestamp=3467 ms, used_size=4384768 bytes (10.7%)
(RDMA_READ_CONSUME_CHECK_CONSUMER) timestamp=3467 ms, used_size=4382720 bytes (10.7%)
(RDMA_READ_CONSUME_CHECK_CONSUMER) timestamp=3467 ms, used_size=4380672 bytes (10.7%)
(RDMA_READ_CONSUME_CHECK_CONSUMER) timestamp=3467 ms, used_size=4378624 bytes (10.7%)
(RDMA_READ_CONSUME_CHECK_CONSUMER) timestamp=3467 ms, used_size=4376576 bytes (10.7%)
(RDMA_READ_CONSUME_CHECK_CONSUMER) timestamp=3467 ms, used_size=4374528 bytes (10.7%)
(RDMA_READ_CONSUME_CHECK_CONSUMER) timestamp=3467 ms, used_size=4372480 bytes (10.7%)
(RDMA_READ_CONSUME_CHECK_CONSUMER) timestamp=3467 ms, used_size=4370432 bytes (10.7%)
(RDMA_READ_CONSUME_CHECK_CONSUMER) timestamp=3467 ms, used_size=4368384 bytes (10.7%)
(RDMA_READ_CONSUME_CHECK_CONSUMER) timestamp=3467 ms, used_size=4366336 bytes (10.7%)
(RDMA_READ_CONSUME_CHECK_CONSUMER) timestamp=3467 ms, used_size=4364288 bytes (10.7%)
(RDMA_READ_CONSUME_CHECK_CONSUMER) timestamp=3467 ms, used_size=4362240 bytes (10.7%)
(RDMA_READ_CONSUME_CHECK_CONSUMER) timestamp=3467 ms, used_size=4360192 bytes (10.6%)
(RDMA_READ_CONSUME_CHECK_CONSUMER) timestamp=3467 ms, used_size=4358144 bytes (10.6%)
(RDMA_READ_CONSUME_CHECK_CONSUMER) timestamp=3467 ms, used_size=4356096 bytes (10.6%)
(RDMA_READ_CONSUME_CHECK_CONSUMER) timestamp=3467 ms, used_size=4354048 bytes (10.6%)
(RDMA_READ_CONSUME_CHECK_CONSUMER) timestamp=3467 ms, used_size=4352000 bytes (10.6%)
(RDMA_READ_CONSUME_CHECK_CONSUMER) timestamp=3467 ms, used_size=4349952 bytes (10.6%)
(RDMA_READ_CONSUME_CHECK_CONSUMER) timestamp=3467 ms, used_size=4347904 bytes (10.6%)
(RDMA_READ_CONSUME_CHECK_CONSUMER) timestamp=3467 ms, used_size=4345856 bytes (10.6%)
(RDMA_READ_CONSUME_CHECK_CONSUMER) timestamp=3467 ms, used_size=4343808 bytes (10.6%)
(RDMA_READ_CONSUME_CHECK_CONSUMER) timestamp=3467 ms, used_size=4341760 bytes (10.6%)
(RDMA_READ_CONSUME_CHECK_CONSUMER) timestamp=3467 ms, used_size=4339712 bytes (10.6%)
(RDMA_READ_CONSUME_CHECK_CONSUMER) timestamp=3467 ms, used_size=4337664 bytes (10.6%)
(RDMA_READ_CONSUME_CHECK_CONSUMER) timestamp=3467 ms, used_size=4335616 bytes (10.6%)
(RDMA_READ_CONSUME_CHECK_CONSUMER) timestamp=3467 ms, used_size=4333568 bytes (10.6%)
(RDMA_READ_CONSUME_CHECK_CONSUMER) timestamp=3467 ms, used_size=4331520 bytes (10.6%)
(RDMA_READ_CONSUME_CHECK_CONSUMER) timestamp=3467 ms, used_size=4329472 bytes (10.6%)
(RDMA_READ_CONSUME_CHECK_CONSUMER) timestamp=3467 ms, used_size=4327424 bytes (10.6%)
(RDMA_READ_CONSUME_CHECK_CONSUMER) timestamp=3467 ms, used_size=4325376 bytes (10.6%)
(RDMA_READ_CONSUME_CHECK_CONSUMER) timestamp=3467 ms, used_size=4323328 bytes (10.6%)
(RDMA_READ_CONSUME_CHECK_CONSUMER) timestamp=3467 ms, used_size=4321280 bytes (10.6%)
(RDMA_READ_CONSUME_CHECK_CONSUMER) timestamp=3467 ms, used_size=4319232 bytes (10.5%)
(RDMA_READ_CONSUME_CHECK_CONSUMER) timestamp=3467 ms, used_size=4317184 bytes (10.5%)
(RDMA_READ_CONSUME_CHECK_CONSUMER) timestamp=3467 ms, used_size=4315136 bytes (10.5%)
(RDMA_READ_CONSUME_CHECK_CONSUMER) timestamp=3467 ms, used_size=4313088 bytes (10.5%)
(RDMA_READ_CONSUME_CHECK_CONSUMER) timestamp=3467 ms, used_size=4311040 bytes (10.5%)
(RDMA_READ_CONSUME_CHECK_CONSUMER) timestamp=3467 ms, used_size=4308992 bytes (10.5%)
(RDMA_READ_CONSUME_CHECK_CONSUMER) timestamp=3467 ms, used_size=4306944 bytes (10.5%)
(RDMA_READ_CONSUME_CHECK_CONSUMER) timestamp=3467 ms, used_size=4304896 bytes (10.5%)
(RDMA_READ_CONSUME_CHECK_CONSUMER) timestamp=3467 ms, used_size=4302848 bytes (10.5%)
(RDMA_READ_CONSUME_CHECK_CONSUMER) timestamp=3467 ms, used_size=4300800 bytes (10.5%)
(RDMA_READ_CONSUME_CHECK_CONSUMER) timestamp=3467 ms, used_size=4298752 bytes (10.5%)
(RDMA_READ_CONSUME_CHECK_CONSUMER) timestamp=3467 ms, used_size=4296704 bytes (10.5%)
(RDMA_READ_CONSUME_CHECK_CONSUMER) timestamp=3467 ms, used_size=4294656 bytes (10.5%)
(RDMA_READ_CONSUME_CHECK_CONSUMER) timestamp=3467 ms, used_size=4292608 bytes (10.5%)
(RDMA_READ_CONSUME_CHECK_CONSUMER) timestamp=3467 ms, used_size=4290560 bytes (10.5%)
(RDMA_READ_CONSUME_CHECK_CONSUMER) timestamp=3467 ms, used_size=4288512 bytes (10.5%)
(RDMA_READ_CONSUME_CHECK_CONSUMER) timestamp=3467 ms, used_size=4286464 bytes (10.5%)
(RDMA_READ_CONSUME_CHECK_CONSUMER) timestamp=3467 ms, used_size=4284416 bytes (10.5%)
(RDMA_READ_CONSUME_CHECK_CONSUMER) timestamp=3467 ms, used_size=4282368 bytes (10.5%)
(RDMA_READ_CONSUME_CHECK_CONSUMER) timestamp=3467 ms, used_size=4280320 bytes (10.4%)
(RDMA_READ_CONSUME_CHECK_CONSUMER) timestamp=3467 ms, used_size=4278272 bytes (10.4%)
(RDMA_READ_CONSUME_CHECK_CONSUMER) timestamp=3467 ms, used_size=4276224 bytes (10.4%)
(RDMA_READ_CONSUME_CHECK_CONSUMER) timestamp=3467 ms, used_size=4274176 bytes (10.4%)
(RDMA_READ_CONSUME_CHECK_CONSUMER) timestamp=3467 ms, used_size=4272128 bytes (10.4%)
(RDMA_READ_CONSUME_CHECK_CONSUMER) timestamp=3467 ms, used_size=4270080 bytes (10.4%)
(RDMA_READ_CONSUME_CHECK_CONSUMER) timestamp=3467 ms, used_size=4268032 bytes (10.4%)
(RDMA_READ_CONSUME_CHECK_CONSUMER) timestamp=3467 ms, used_size=4265984 bytes (10.4%)
(RDMA_READ_CONSUME_CHECK_CONSUMER) timestamp=3467 ms, used_size=4263936 bytes (10.4%)
(RDMA_READ_CONSUME_CHECK_CONSUMER) timestamp=3467 ms, used_size=4261888 bytes (10.4%)
(RDMA_READ_CONSUME_CHECK_CONSUMER) timestamp=3467 ms, used_size=4259840 bytes (10.4%)
(RDMA_READ_CONSUME_CHECK_CONSUMER) timestamp=3467 ms, used_size=4257792 bytes (10.4%)
(RDMA_READ_CONSUME_CHECK_CONSUMER) timestamp=3467 ms, used_size=4255744 bytes (10.4%)
(RDMA_READ_CONSUME_CHECK_CONSUMER) timestamp=3467 ms, used_size=4253696 bytes (10.4%)
(RDMA_READ_CONSUME_CHECK_CONSUMER) timestamp=3467 ms, used_size=4251648 bytes (10.4%)
(RDMA_READ_CONSUME_CHECK_CONSUMER) timestamp=3467 ms, used_size=4249600 bytes (10.4%)
(RDMA_READ_CONSUME_CHECK_CONSUMER) timestamp=3467 ms, used_size=4247552 bytes (10.4%)
(RDMA_READ_CONSUME_CHECK_CONSUMER) timestamp=3467 ms, used_size=4245504 bytes (10.4%)
(RDMA_READ_CONSUME_CHECK_CONSUMER) timestamp=3467 ms, used_size=4243456 bytes (10.4%)
(RDMA_READ_CONSUME_CHECK_CONSUMER) timestamp=3467 ms, used_size=4241408 bytes (10.4%)
(RDMA_READ_CONSUME_CHECK_CONSUMER) timestamp=3467 ms, used_size=4239360 bytes (10.3%)
(RDMA_READ_CONSUME_CHECK_CONSUMER) timestamp=3467 ms, used_size=4237312 bytes (10.3%)
(RDMA_READ_CONSUME_CHECK_CONSUMER) timestamp=3467 ms, used_size=4235264 bytes (10.3%)
(RDMA_READ_CONSUME_CHECK_CONSUMER) timestamp=3467 ms, used_size=4233216 bytes (10.3%)
(RDMA_READ_CONSUME_CHECK_CONSUMER) timestamp=3467 ms, used_size=4231168 bytes (10.3%)
(RDMA_READ_CONSUME_CHECK_CONSUMER) timestamp=3467 ms, used_size=4229120 bytes (10.3%)
(RDMA_READ_CONSUME_CHECK_CONSUMER) timestamp=3467 ms, used_size=4227072 bytes (10.3%)
(RDMA_READ_CONSUME_CHECK_CONSUMER) timestamp=3467 ms, used_size=4225024 bytes (10.3%)
(RDMA_READ_CONSUME_CHECK_CONSUMER) timestamp=3467 ms, used_size=4222976 bytes (10.3%)
(RDMA_READ_CONSUME_CHECK_CONSUMER) timestamp=3467 ms, used_size=4220928 bytes (10.3%)
(RDMA_READ_CONSUME_CHECK_CONSUMER) timestamp=3467 ms, used_size=4218880 bytes (10.3%)
(RDMA_READ_CONSUME_CHECK_CONSUMER) timestamp=3467 ms, used_size=4216832 bytes (10.3%)
(RDMA_READ_CONSUME_CHECK_CONSUMER) timestamp=3467 ms, used_size=4214784 bytes (10.3%)
(RDMA_READ_CONSUME_CHECK_CONSUMER) timestamp=3467 ms, used_size=4212736 bytes (10.3%)
(RDMA_READ_CONSUME_CHECK_CONSUMER) timestamp=3467 ms, used_size=4210688 bytes (10.3%)
(RDMA_READ_CONSUME_CHECK_CONSUMER) timestamp=3467 ms, used_size=4208640 bytes (10.3%)
(RDMA_READ_CONSUME_CHECK_CONSUMER) timestamp=3467 ms, used_size=4206592 bytes (10.3%)
(RDMA_READ_CONSUME_CHECK_CONSUMER) timestamp=3467 ms, used_size=4204544 bytes (10.3%)
(RDMA_READ_CONSUME_CHECK_CONSUMER) timestamp=3467 ms, used_size=4202496 bytes (10.3%)
(RDMA_READ_CONSUME_CHECK_CONSUMER) timestamp=3467 ms, used_size=4200448 bytes (10.3%)
(RDMA_READ_CONSUME_CHECK_CONSUMER) timestamp=3467 ms, used_size=4198400 bytes (10.2%)
(RDMA_READ_CONSUME_CHECK_CONSUMER) timestamp=3467 ms, used_size=4196352 bytes (10.2%)
(RDMA_READ_CONSUME_CHECK_CONSUMER) timestamp=3467 ms, used_size=4194304 bytes (10.2%)
(RDMA_READ_CONSUME_CHECK_CONSUMER) timestamp=3467 ms, used_size=4192256 bytes (10.2%)
(RDMA_READ_CONSUME_CHECK_CONSUMER) timestamp=3467 ms, used_size=4190208 bytes (10.2%)
(RDMA_READ_CONSUME_CHECK_CONSUMER) timestamp=3467 ms, used_size=4188160 bytes (10.2%)
(RDMA_READ_CONSUME_CHECK_CONSUMER) timestamp=3467 ms, used_size=4186112 bytes (10.2%)
(RDMA_READ_CONSUME_CHECK_CONSUMER) timestamp=3467 ms, used_size=4184064 bytes (10.2%)
(RDMA_READ_CONSUME_CHECK_CONSUMER) timestamp=3467 ms, used_size=4182016 bytes (10.2%)
(RDMA_READ_CONSUME_CHECK_CONSUMER) timestamp=3467 ms, used_size=4179968 bytes (10.2%)
(RDMA_READ_CONSUME_CHECK_CONSUMER) timestamp=3467 ms, used_size=4177920 bytes (10.2%)
(RDMA_READ_CONSUME_CHECK_CONSUMER) timestamp=3467 ms, used_size=4175872 bytes (10.2%)
(RDMA_READ_CONSUME_CHECK_CONSUMER) timestamp=3467 ms, used_size=4173824 bytes (10.2%)
(RDMA_READ_CONSUME_CHECK_CONSUMER) timestamp=3467 ms, used_size=4171776 bytes (10.2%)
(RDMA_READ_CONSUME_CHECK_CONSUMER) timestamp=3467 ms, used_size=4169728 bytes (10.2%)
(RDMA_READ_CONSUME_CHECK_CONSUMER) timestamp=3467 ms, used_size=4167680 bytes (10.2%)
(RDMA_READ_CONSUME_CHECK_CONSUMER) timestamp=3467 ms, used_size=4165632 bytes (10.2%)
(RDMA_READ_CONSUME_CHECK_CONSUMER) timestamp=3467 ms, used_size=4163584 bytes (10.2%)
(RDMA_READ_CONSUME_CHECK_CONSUMER) timestamp=3467 ms, used_size=4161536 bytes (10.2%)
(RDMA_READ_CONSUME_CHECK_CONSUMER) timestamp=3467 ms, used_size=4159488 bytes (10.2%)
(RDMA_READ_CONSUME_CHECK_CONSUMER) timestamp=3467 ms, used_size=4157440 bytes (10.2%)
(RDMA_READ_CONSUME_CHECK_CONSUMER) timestamp=3467 ms, used_size=4155392 bytes (10.1%)
(RDMA_READ_CONSUME_CHECK_CONSUMER) timestamp=3467 ms, used_size=4153344 bytes (10.1%)
(RDMA_READ_CONSUME_CHECK_CONSUMER) timestamp=3467 ms, used_size=4151296 bytes (10.1%)
(RDMA_READ_CONSUME_CHECK_CONSUMER) timestamp=3467 ms, used_size=4149248 bytes (10.1%)
(RDMA_READ_CONSUME_CHECK_CONSUMER) timestamp=3467 ms, used_size=4147200 bytes (10.1%)
(RDMA_READ_CONSUME_CHECK_CONSUMER) timestamp=3467 ms, used_size=4145152 bytes (10.1%)
(RDMA_READ_CONSUME_CHECK_CONSUMER) timestamp=3467 ms, used_size=4143104 bytes (10.1%)
(RDMA_READ_CONSUME_CHECK_CONSUMER) timestamp=3467 ms, used_size=4141056 bytes (10.1%)
(RDMA_READ_CONSUME_CHECK_CONSUMER) timestamp=3467 ms, used_size=4139008 bytes (10.1%)
(RDMA_READ_CONSUME_CHECK_CONSUMER) timestamp=3467 ms, used_size=4136960 bytes (10.1%)
(RDMA_READ_CONSUME_CHECK_CONSUMER) timestamp=3467 ms, used_size=4134912 bytes (10.1%)
(RDMA_READ_CONSUME_CHECK_CONSUMER) timestamp=3467 ms, used_size=4132864 bytes (10.1%)
(RDMA_READ_CONSUME_CHECK_CONSUMER) timestamp=3467 ms, used_size=4130816 bytes (10.1%)
(RDMA_READ_CONSUME_CHECK_CONSUMER) timestamp=3467 ms, used_size=4128768 bytes (10.1%)
(RDMA_READ_CONSUME_CHECK_CONSUMER) timestamp=3467 ms, used_size=4126720 bytes (10.1%)
(RDMA_READ_CONSUME_CHECK_CONSUMER) timestamp=3467 ms, used_size=4124672 bytes (10.1%)
(RDMA_READ_CONSUME_CHECK_CONSUMER) timestamp=3467 ms, used_size=4122624 bytes (10.1%)
(RDMA_READ_CONSUME_CHECK_CONSUMER) timestamp=3467 ms, used_size=4120576 bytes (10.1%)
(RDMA_READ_CONSUME_CHECK_CONSUMER) timestamp=3467 ms, used_size=4118528 bytes (10.1%)
(RDMA_READ_CONSUME_CHECK_CONSUMER) timestamp=3467 ms, used_size=4116480 bytes (10.1%)
(RDMA_READ_CONSUME_CHECK_CONSUMER) timestamp=3467 ms, used_size=4114432 bytes (10.0%)
(RDMA_READ_CONSUME_CHECK_CONSUMER) timestamp=3467 ms, used_size=4112384 bytes (10.0%)
(RDMA_READ_CONSUME_CHECK_CONSUMER) timestamp=3467 ms, used_size=4110336 bytes (10.0%)
(RDMA_READ_CONSUME_CHECK_CONSUMER) timestamp=3467 ms, used_size=4108288 bytes (10.0%)
(RDMA_READ_CONSUME_CHECK_CONSUMER) timestamp=3467 ms, used_size=4106240 bytes (10.0%)
(RDMA_READ_CONSUME_CHECK_CONSUMER) timestamp=3467 ms, used_size=4104192 bytes (10.0%)
(RDMA_READ_CONSUME_CHECK_CONSUMER) timestamp=3467 ms, used_size=4102144 bytes (10.0%)
(RDMA_READ_CONSUME_CHECK_CONSUMER) timestamp=3467 ms, used_size=4100096 bytes (10.0%)
(RDMA_READ_CONSUME_CHECK_CONSUMER) timestamp=3467 ms, used_size=4098048 bytes (10.0%)
(RDMA_READ_CONSUME_CHECK_CONSUMER) timestamp=3467 ms, used_size=4096000 bytes (10.0%)
(RDMA_READ_CONSUME_CHECK_CONSUMER) timestamp=3467 ms, used_size=4093952 bytes (10.0%)
(RDMA_READ_CONSUME_CHECK_CONSUMER) timestamp=3467 ms, used_size=4091904 bytes (10.0%)
(RDMA_READ_CONSUME_CHECK_CONSUMER) timestamp=3467 ms, used_size=4089856 bytes (10.0%)
(RDMA_READ_CONSUME_CHECK_CONSUMER) timestamp=3467 ms, used_size=4087808 bytes (10.0%)
(RDMA_READ_CONSUME_CHECK_CONSUMER) timestamp=3467 ms, used_size=4085760 bytes (10.0%)
(RDMA_READ_CONSUME_CHECK_CONSUMER) timestamp=3467 ms, used_size=4083712 bytes (10.0%)
(RDMA_READ_CONSUME_CHECK_CONSUMER) timestamp=3467 ms, used_size=4081664 bytes (10.0%)
(RDMA_READ_CONSUME_CHECK_CONSUMER) timestamp=3467 ms, used_size=4079616 bytes (10.0%)
(RDMA_READ_CONSUME_CHECK_CONSUMER) timestamp=3467 ms, used_size=4077568 bytes (10.0%)
(RDMA_READ_CONSUME_CHECK_CONSUMER) timestamp=3467 ms, used_size=4075520 bytes (9.9%)
(RDMA_READ_CONSUME_CHECK_CONSUMER) timestamp=3467 ms, used_size=4073472 bytes (9.9%)
(RDMA_READ_CONSUME_CHECK_CONSUMER) timestamp=3467 ms, used_size=4071424 bytes (9.9%)
(RDMA_READ_CONSUME_CHECK_CONSUMER) timestamp=3467 ms, used_size=4069376 bytes (9.9%)
(RDMA_READ_CONSUME_CHECK_CONSUMER) timestamp=3467 ms, used_size=4067328 bytes (9.9%)
(RDMA_READ_CONSUME_CHECK_CONSUMER) timestamp=3467 ms, used_size=4065280 bytes (9.9%)
(RDMA_READ_CONSUME_CHECK_CONSUMER) timestamp=3467 ms, used_size=4063232 bytes (9.9%)
(RDMA_READ_CONSUME_CHECK_CONSUMER) timestamp=3467 ms, used_size=4061184 bytes (9.9%)
(RDMA_READ_CONSUME_CHECK_CONSUMER) timestamp=3467 ms, used_size=4059136 bytes (9.9%)
(RDMA_READ_CONSUME_CHECK_CONSUMER) timestamp=3467 ms, used_size=4057088 bytes (9.9%)
(RDMA_READ_CONSUME_CHECK_CONSUMER) timestamp=3467 ms, used_size=4055040 bytes (9.9%)
(RDMA_READ_CONSUME_CHECK_CONSUMER) timestamp=3467 ms, used_size=4052992 bytes (9.9%)
(RDMA_READ_CONSUME_CHECK_CONSUMER) timestamp=3467 ms, used_size=4050944 bytes (9.9%)
(RDMA_READ_CONSUME_CHECK_CONSUMER) timestamp=3467 ms, used_size=4048896 bytes (9.9%)
(RDMA_READ_CONSUME_CHECK_CONSUMER) timestamp=3467 ms, used_size=4046848 bytes (9.9%)
(RDMA_READ_CONSUME_CHECK_CONSUMER) timestamp=3467 ms, used_size=4044800 bytes (9.9%)
(RDMA_READ_CONSUME_CHECK_CONSUMER) timestamp=3467 ms, used_size=4042752 bytes (9.9%)
(RDMA_READ_CONSUME_CHECK_CONSUMER) timestamp=3467 ms, used_size=4040704 bytes (9.9%)
(RDMA_READ_CONSUME_CHECK_CONSUMER) timestamp=3467 ms, used_size=4038656 bytes (9.9%)
(RDMA_READ_CONSUME_CHECK_CONSUMER) timestamp=3467 ms, used_size=4036608 bytes (9.9%)
(RDMA_READ_CONSUME_CHECK_CONSUMER) timestamp=3467 ms, used_size=4034560 bytes (9.8%)
(RDMA_READ_CONSUME_CHECK_CONSUMER) timestamp=3467 ms, used_size=4032512 bytes (9.8%)
(RDMA_READ_CONSUME_CHECK_CONSUMER) timestamp=3467 ms, used_size=4030464 bytes (9.8%)
(RDMA_READ_CONSUME_CHECK_CONSUMER) timestamp=3467 ms, used_size=4028416 bytes (9.8%)
(RDMA_READ_CONSUME_CHECK_CONSUMER) timestamp=3468 ms, used_size=4026368 bytes (9.8%)
(RDMA_READ_CONSUME_CHECK_CONSUMER) timestamp=3468 ms, used_size=4024320 bytes (9.8%)
(RDMA_READ_CONSUME_CHECK_CONSUMER) timestamp=3468 ms, used_size=4022272 bytes (9.8%)
(RDMA_READ_CONSUME_CHECK_CONSUMER) timestamp=3468 ms, used_size=4020224 bytes (9.8%)
(RDMA_READ_CONSUME_CHECK_CONSUMER) timestamp=3468 ms, used_size=4018176 bytes (9.8%)
(RDMA_READ_CONSUME_CHECK_CONSUMER) timestamp=3468 ms, used_size=4016128 bytes (9.8%)
(RDMA_READ_CONSUME_CHECK_CONSUMER) timestamp=3468 ms, used_size=4014080 bytes (9.8%)
(RDMA_READ_CONSUME_CHECK_CONSUMER) timestamp=3468 ms, used_size=4012032 bytes (9.8%)
(RDMA_READ_CONSUME_CHECK_CONSUMER) timestamp=3468 ms, used_size=4009984 bytes (9.8%)
(RDMA_READ_CONSUME_CHECK_CONSUMER) timestamp=3468 ms, used_size=4007936 bytes (9.8%)
(RDMA_READ_CONSUME_CHECK_CONSUMER) timestamp=3468 ms, used_size=4005888 bytes (9.8%)
(RDMA_READ_CONSUME_CHECK_CONSUMER) timestamp=3468 ms, used_size=4003840 bytes (9.8%)
(RDMA_READ_CONSUME_CHECK_CONSUMER) timestamp=3468 ms, used_size=4001792 bytes (9.8%)
(RDMA_READ_CONSUME_CHECK_CONSUMER) timestamp=3468 ms, used_size=3999744 bytes (9.8%)
(RDMA_READ_CONSUME_CHECK_CONSUMER) timestamp=3468 ms, used_size=3997696 bytes (9.8%)
(RDMA_READ_CONSUME_CHECK_CONSUMER) timestamp=3468 ms, used_size=3995648 bytes (9.8%)
(RDMA_READ_CONSUME_CHECK_CONSUMER) timestamp=3468 ms, used_size=3993600 bytes (9.8%)
(RDMA_READ_CONSUME_CHECK_CONSUMER) timestamp=3468 ms, used_size=3991552 bytes (9.7%)
(RDMA_READ_CONSUME_CHECK_CONSUMER) timestamp=3468 ms, used_size=3989504 bytes (9.7%)
(RDMA_READ_CONSUME_CHECK_CONSUMER) timestamp=3468 ms, used_size=3987456 bytes (9.7%)
(RDMA_READ_CONSUME_CHECK_CONSUMER) timestamp=3468 ms, used_size=3985408 bytes (9.7%)
(RDMA_READ_CONSUME_CHECK_CONSUMER) timestamp=3468 ms, used_size=3983360 bytes (9.7%)
(RDMA_READ_CONSUME_CHECK_CONSUMER) timestamp=3468 ms, used_size=3981312 bytes (9.7%)
(RDMA_READ_CONSUME_CHECK_CONSUMER) timestamp=3468 ms, used_size=3979264 bytes (9.7%)
(RDMA_READ_CONSUME_CHECK_CONSUMER) timestamp=3468 ms, used_size=3977216 bytes (9.7%)
(RDMA_READ_CONSUME_CHECK_CONSUMER) timestamp=3468 ms, used_size=3975168 bytes (9.7%)
(RDMA_READ_CONSUME_CHECK_CONSUMER) timestamp=3468 ms, used_size=3973120 bytes (9.7%)
(RDMA_READ_CONSUME_CHECK_CONSUMER) timestamp=3468 ms, used_size=3971072 bytes (9.7%)
(RDMA_READ_CONSUME_CHECK_CONSUMER) timestamp=3468 ms, used_size=3969024 bytes (9.7%)
(RDMA_READ_CONSUME_CHECK_CONSUMER) timestamp=3468 ms, used_size=3966976 bytes (9.7%)
(RDMA_READ_CONSUME_CHECK_CONSUMER) timestamp=3468 ms, used_size=3964928 bytes (9.7%)
(RDMA_READ_CONSUME_CHECK_CONSUMER) timestamp=3468 ms, used_size=3962880 bytes (9.7%)
(RDMA_READ_CONSUME_CHECK_CONSUMER) timestamp=3468 ms, used_size=3960832 bytes (9.7%)
(RDMA_READ_CONSUME_CHECK_CONSUMER) timestamp=3468 ms, used_size=3958784 bytes (9.7%)
(RDMA_READ_CONSUME_CHECK_CONSUMER) timestamp=3468 ms, used_size=3956736 bytes (9.7%)
(RDMA_READ_CONSUME_CHECK_CONSUMER) timestamp=3468 ms, used_size=3954688 bytes (9.7%)
(RDMA_READ_CONSUME_CHECK_CONSUMER) timestamp=3468 ms, used_size=3952640 bytes (9.7%)
(RDMA_READ_CONSUME_CHECK_CONSUMER) timestamp=3468 ms, used_size=3950592 bytes (9.6%)
(RDMA_READ_CONSUME_CHECK_CONSUMER) timestamp=3468 ms, used_size=3948544 bytes (9.6%)
(RDMA_READ_CONSUME_CHECK_CONSUMER) timestamp=3468 ms, used_size=3946496 bytes (9.6%)
(RDMA_READ_CONSUME_CHECK_CONSUMER) timestamp=3468 ms, used_size=3944448 bytes (9.6%)
(RDMA_READ_CONSUME_CHECK_CONSUMER) timestamp=3468 ms, used_size=3942400 bytes (9.6%)
(RDMA_READ_CONSUME_CHECK_CONSUMER) timestamp=3468 ms, used_size=3940352 bytes (9.6%)
(RDMA_READ_CONSUME_CHECK_CONSUMER) timestamp=3468 ms, used_size=3938304 bytes (9.6%)
(RDMA_READ_CONSUME_CHECK_CONSUMER) timestamp=3468 ms, used_size=3936256 bytes (9.6%)
(RDMA_READ_CONSUME_CHECK_CONSUMER) timestamp=3468 ms, used_size=3934208 bytes (9.6%)
(RDMA_READ_CONSUME_CHECK_CONSUMER) timestamp=3468 ms, used_size=3932160 bytes (9.6%)
(RDMA_READ_CONSUME_CHECK_CONSUMER) timestamp=3468 ms, used_size=3930112 bytes (9.6%)
(RDMA_READ_CONSUME_CHECK_CONSUMER) timestamp=3468 ms, used_size=3928064 bytes (9.6%)
(RDMA_READ_CONSUME_CHECK_CONSUMER) timestamp=3468 ms, used_size=3926016 bytes (9.6%)
(RDMA_READ_CONSUME_CHECK_CONSUMER) timestamp=3468 ms, used_size=3923968 bytes (9.6%)
(RDMA_READ_CONSUME_CHECK_CONSUMER) timestamp=3468 ms, used_size=3921920 bytes (9.6%)
(RDMA_READ_CONSUME_CHECK_CONSUMER) timestamp=3468 ms, used_size=3919872 bytes (9.6%)
(RDMA_READ_CONSUME_CHECK_CONSUMER) timestamp=3468 ms, used_size=3917824 bytes (9.6%)
(RDMA_READ_CONSUME_CHECK_CONSUMER) timestamp=3468 ms, used_size=3915776 bytes (9.6%)
(RDMA_READ_CONSUME_CHECK_CONSUMER) timestamp=3468 ms, used_size=3913728 bytes (9.6%)
(RDMA_READ_CONSUME_CHECK_CONSUMER) timestamp=3468 ms, used_size=3911680 bytes (9.6%)
(RDMA_READ_CONSUME_CHECK_CONSUMER) timestamp=3468 ms, used_size=3909632 bytes (9.5%)
(RDMA_READ_CONSUME_CHECK_CONSUMER) timestamp=3468 ms, used_size=3907584 bytes (9.5%)
(RDMA_READ_CONSUME_CHECK_CONSUMER) timestamp=3468 ms, used_size=3905536 bytes (9.5%)
(RDMA_READ_CONSUME_CHECK_CONSUMER) timestamp=3468 ms, used_size=3903488 bytes (9.5%)
(RDMA_READ_CONSUME_CHECK_CONSUMER) timestamp=3468 ms, used_size=3901440 bytes (9.5%)
(RDMA_READ_CONSUME_CHECK_CONSUMER) timestamp=3468 ms, used_size=3899392 bytes (9.5%)
(RDMA_READ_CONSUME_CHECK_CONSUMER) timestamp=3468 ms, used_size=3897344 bytes (9.5%)
(RDMA_READ_CONSUME_CHECK_CONSUMER) timestamp=3468 ms, used_size=3895296 bytes (9.5%)
(RDMA_READ_CONSUME_CHECK_CONSUMER) timestamp=3468 ms, used_size=3893248 bytes (9.5%)
(RDMA_READ_CONSUME_CHECK_CONSUMER) timestamp=3468 ms, used_size=3891200 bytes (9.5%)
(RDMA_READ_CONSUME_CHECK_CONSUMER) timestamp=3468 ms, used_size=3889152 bytes (9.5%)
(RDMA_READ_CONSUME_CHECK_CONSUMER) timestamp=3468 ms, used_size=3887104 bytes (9.5%)
(RDMA_READ_CONSUME_CHECK_CONSUMER) timestamp=3468 ms, used_size=3885056 bytes (9.5%)
(RDMA_READ_CONSUME_CHECK_CONSUMER) timestamp=3468 ms, used_size=3883008 bytes (9.5%)
(RDMA_READ_CONSUME_CHECK_CONSUMER) timestamp=3468 ms, used_size=3880960 bytes (9.5%)
(RDMA_READ_CONSUME_CHECK_CONSUMER) timestamp=3468 ms, used_size=3878912 bytes (9.5%)
(RDMA_READ_CONSUME_CHECK_CONSUMER) timestamp=3468 ms, used_size=3876864 bytes (9.5%)
(RDMA_READ_CONSUME_CHECK_CONSUMER) timestamp=3468 ms, used_size=3874816 bytes (9.5%)
(RDMA_READ_CONSUME_CHECK_CONSUMER) timestamp=3468 ms, used_size=3872768 bytes (9.5%)
(RDMA_READ_CONSUME_CHECK_CONSUMER) timestamp=3468 ms, used_size=3870720 bytes (9.4%)
(RDMA_READ_CONSUME_CHECK_CONSUMER) timestamp=3468 ms, used_size=3868672 bytes (9.4%)
(RDMA_READ_CONSUME_CHECK_CONSUMER) timestamp=3468 ms, used_size=3866624 bytes (9.4%)
(RDMA_READ_CONSUME_CHECK_CONSUMER) timestamp=3468 ms, used_size=3864576 bytes (9.4%)
(RDMA_READ_CONSUME_CHECK_CONSUMER) timestamp=3468 ms, used_size=3862528 bytes (9.4%)
(RDMA_READ_CONSUME_CHECK_CONSUMER) timestamp=3468 ms, used_size=3860480 bytes (9.4%)
(RDMA_READ_CONSUME_CHECK_CONSUMER) timestamp=3468 ms, used_size=3858432 bytes (9.4%)
(RDMA_READ_CONSUME_CHECK_CONSUMER) timestamp=3468 ms, used_size=3856384 bytes (9.4%)
(RDMA_READ_CONSUME_CHECK_CONSUMER) timestamp=3468 ms, used_size=3854336 bytes (9.4%)
(RDMA_READ_CONSUME_CHECK_CONSUMER) timestamp=3468 ms, used_size=3852288 bytes (9.4%)
(RDMA_READ_CONSUME_CHECK_CONSUMER) timestamp=3468 ms, used_size=3850240 bytes (9.4%)
(RDMA_READ_CONSUME_CHECK_CONSUMER) timestamp=3468 ms, used_size=3848192 bytes (9.4%)
(RDMA_READ_CONSUME_CHECK_CONSUMER) timestamp=3468 ms, used_size=3846144 bytes (9.4%)
(RDMA_READ_CONSUME_CHECK_CONSUMER) timestamp=3468 ms, used_size=3844096 bytes (9.4%)
(RDMA_READ_CONSUME_CHECK_CONSUMER) timestamp=3468 ms, used_size=3842048 bytes (9.4%)
(RDMA_READ_CONSUME_CHECK_CONSUMER) timestamp=3468 ms, used_size=3840000 bytes (9.4%)
(RDMA_READ_CONSUME_CHECK_CONSUMER) timestamp=3468 ms, used_size=3837952 bytes (9.4%)
(RDMA_READ_CONSUME_CHECK_CONSUMER) timestamp=3468 ms, used_size=3835904 bytes (9.4%)
(RDMA_READ_CONSUME_CHECK_CONSUMER) timestamp=3468 ms, used_size=3833856 bytes (9.4%)
(RDMA_READ_CONSUME_CHECK_CONSUMER) timestamp=3468 ms, used_size=3831808 bytes (9.4%)
(RDMA_READ_CONSUME_CHECK_CONSUMER) timestamp=3468 ms, used_size=3829760 bytes (9.3%)
(RDMA_READ_CONSUME_CHECK_CONSUMER) timestamp=3468 ms, used_size=3827712 bytes (9.3%)
(RDMA_READ_CONSUME_CHECK_CONSUMER) timestamp=3468 ms, used_size=3825664 bytes (9.3%)
(RDMA_READ_CONSUME_CHECK_CONSUMER) timestamp=3468 ms, used_size=3823616 bytes (9.3%)
(RDMA_READ_CONSUME_CHECK_CONSUMER) timestamp=3468 ms, used_size=3821568 bytes (9.3%)
(RDMA_READ_CONSUME_CHECK_CONSUMER) timestamp=3468 ms, used_size=3819520 bytes (9.3%)
(RDMA_READ_CONSUME_CHECK_CONSUMER) timestamp=3468 ms, used_size=3817472 bytes (9.3%)
(RDMA_READ_CONSUME_CHECK_CONSUMER) timestamp=3468 ms, used_size=3815424 bytes (9.3%)
(RDMA_READ_CONSUME_CHECK_CONSUMER) timestamp=3468 ms, used_size=3813376 bytes (9.3%)
(RDMA_READ_CONSUME_CHECK_CONSUMER) timestamp=3468 ms, used_size=3811328 bytes (9.3%)
(RDMA_READ_CONSUME_CHECK_CONSUMER) timestamp=3468 ms, used_size=3809280 bytes (9.3%)
(RDMA_READ_CONSUME_CHECK_CONSUMER) timestamp=3468 ms, used_size=3807232 bytes (9.3%)
(RDMA_READ_CONSUME_CHECK_CONSUMER) timestamp=3468 ms, used_size=3805184 bytes (9.3%)
(RDMA_READ_CONSUME_CHECK_CONSUMER) timestamp=3468 ms, used_size=3803136 bytes (9.3%)
(RDMA_READ_CONSUME_CHECK_CONSUMER) timestamp=3468 ms, used_size=3801088 bytes (9.3%)
(RDMA_READ_CONSUME_CHECK_CONSUMER) timestamp=3468 ms, used_size=3799040 bytes (9.3%)
(RDMA_READ_CONSUME_CHECK_CONSUMER) timestamp=3468 ms, used_size=3796992 bytes (9.3%)
(RDMA_READ_CONSUME_CHECK_CONSUMER) timestamp=3468 ms, used_size=3794944 bytes (9.3%)
(RDMA_READ_CONSUME_CHECK_CONSUMER) timestamp=3468 ms, used_size=3792896 bytes (9.3%)
(RDMA_READ_CONSUME_CHECK_CONSUMER) timestamp=3468 ms, used_size=3790848 bytes (9.3%)
(RDMA_READ_CONSUME_CHECK_CONSUMER) timestamp=3468 ms, used_size=3788800 bytes (9.2%)
(RDMA_READ_CONSUME_CHECK_CONSUMER) timestamp=3468 ms, used_size=3786752 bytes (9.2%)
(RDMA_READ_CONSUME_CHECK_CONSUMER) timestamp=3468 ms, used_size=3784704 bytes (9.2%)
(RDMA_READ_CONSUME_CHECK_CONSUMER) timestamp=3468 ms, used_size=3782656 bytes (9.2%)
(RDMA_READ_CONSUME_CHECK_CONSUMER) timestamp=3468 ms, used_size=3780608 bytes (9.2%)
(RDMA_READ_CONSUME_CHECK_CONSUMER) timestamp=3468 ms, used_size=3778560 bytes (9.2%)
(RDMA_READ_CONSUME_CHECK_CONSUMER) timestamp=3468 ms, used_size=3776512 bytes (9.2%)
(RDMA_READ_CONSUME_CHECK_CONSUMER) timestamp=3468 ms, used_size=3774464 bytes (9.2%)
(RDMA_READ_CONSUME_CHECK_CONSUMER) timestamp=3468 ms, used_size=3772416 bytes (9.2%)
(RDMA_READ_CONSUME_CHECK_CONSUMER) timestamp=3468 ms, used_size=3770368 bytes (9.2%)
(RDMA_READ_CONSUME_CHECK_CONSUMER) timestamp=3468 ms, used_size=3768320 bytes (9.2%)
(RDMA_READ_CONSUME_CHECK_CONSUMER) timestamp=3468 ms, used_size=3766272 bytes (9.2%)
(RDMA_READ_CONSUME_CHECK_CONSUMER) timestamp=3468 ms, used_size=3764224 bytes (9.2%)
(RDMA_READ_CONSUME_CHECK_CONSUMER) timestamp=3468 ms, used_size=3762176 bytes (9.2%)
(RDMA_READ_CONSUME_CHECK_CONSUMER) timestamp=3468 ms, used_size=3760128 bytes (9.2%)
(RDMA_READ_CONSUME_CHECK_CONSUMER) timestamp=3468 ms, used_size=3758080 bytes (9.2%)
(RDMA_READ_CONSUME_CHECK_CONSUMER) timestamp=3468 ms, used_size=3756032 bytes (9.2%)
(RDMA_READ_CONSUME_CHECK_CONSUMER) timestamp=3468 ms, used_size=3753984 bytes (9.2%)
(RDMA_READ_CONSUME_CHECK_CONSUMER) timestamp=3468 ms, used_size=3751936 bytes (9.2%)
(RDMA_READ_CONSUME_CHECK_CONSUMER) timestamp=3468 ms, used_size=3749888 bytes (9.2%)
(RDMA_READ_CONSUME_CHECK_CONSUMER) timestamp=3468 ms, used_size=3747840 bytes (9.2%)
(RDMA_READ_CONSUME_CHECK_CONSUMER) timestamp=3468 ms, used_size=3745792 bytes (9.1%)
(RDMA_READ_CONSUME_CHECK_CONSUMER) timestamp=3468 ms, used_size=3743744 bytes (9.1%)
(RDMA_READ_CONSUME_CHECK_CONSUMER) timestamp=3468 ms, used_size=3741696 bytes (9.1%)
(RDMA_READ_CONSUME_CHECK_CONSUMER) timestamp=3468 ms, used_size=3739648 bytes (9.1%)
(RDMA_READ_CONSUME_CHECK_CONSUMER) timestamp=3468 ms, used_size=3737600 bytes (9.1%)
(RDMA_READ_CONSUME_CHECK_CONSUMER) timestamp=3468 ms, used_size=3735552 bytes (9.1%)
(RDMA_READ_CONSUME_CHECK_CONSUMER) timestamp=3468 ms, used_size=3733504 bytes (9.1%)
(RDMA_READ_CONSUME_CHECK_CONSUMER) timestamp=3468 ms, used_size=3731456 bytes (9.1%)
(RDMA_READ_CONSUME_CHECK_CONSUMER) timestamp=3468 ms, used_size=3729408 bytes (9.1%)
(RDMA_READ_CONSUME_CHECK_CONSUMER) timestamp=3468 ms, used_size=3727360 bytes (9.1%)
(RDMA_READ_CONSUME_CHECK_CONSUMER) timestamp=3468 ms, used_size=3725312 bytes (9.1%)
(RDMA_READ_CONSUME_CHECK_CONSUMER) timestamp=3468 ms, used_size=3723264 bytes (9.1%)
(RDMA_READ_CONSUME_CHECK_CONSUMER) timestamp=3468 ms, used_size=3721216 bytes (9.1%)
(RDMA_READ_CONSUME_CHECK_CONSUMER) timestamp=3468 ms, used_size=3719168 bytes (9.1%)
(RDMA_READ_CONSUME_CHECK_CONSUMER) timestamp=3468 ms, used_size=3717120 bytes (9.1%)
(RDMA_READ_CONSUME_CHECK_CONSUMER) timestamp=3468 ms, used_size=3715072 bytes (9.1%)
(RDMA_READ_CONSUME_CHECK_CONSUMER) timestamp=3468 ms, used_size=3713024 bytes (9.1%)
(RDMA_READ_CONSUME_CHECK_CONSUMER) timestamp=3468 ms, used_size=3710976 bytes (9.1%)
(RDMA_READ_CONSUME_CHECK_CONSUMER) timestamp=3468 ms, used_size=3708928 bytes (9.1%)
(RDMA_READ_CONSUME_CHECK_CONSUMER) timestamp=3468 ms, used_size=3706880 bytes (9.1%)
(RDMA_READ_CONSUME_CHECK_CONSUMER) timestamp=3468 ms, used_size=3704832 bytes (9.0%)
(RDMA_READ_CONSUME_CHECK_CONSUMER) timestamp=3468 ms, used_size=3702784 bytes (9.0%)
(RDMA_READ_CONSUME_CHECK_CONSUMER) timestamp=3468 ms, used_size=3700736 bytes (9.0%)
(RDMA_READ_CONSUME_CHECK_CONSUMER) timestamp=3468 ms, used_size=3698688 bytes (9.0%)
(RDMA_READ_CONSUME_CHECK_CONSUMER) timestamp=3468 ms, used_size=3696640 bytes (9.0%)
(RDMA_READ_CONSUME_CHECK_CONSUMER) timestamp=3468 ms, used_size=3694592 bytes (9.0%)
(RDMA_READ_CONSUME_CHECK_CONSUMER) timestamp=3468 ms, used_size=3692544 bytes (9.0%)
(RDMA_READ_CONSUME_CHECK_CONSUMER) timestamp=3468 ms, used_size=3690496 bytes (9.0%)
(RDMA_READ_CONSUME_CHECK_CONSUMER) timestamp=3468 ms, used_size=3688448 bytes (9.0%)
(RDMA_READ_CONSUME_CHECK_CONSUMER) timestamp=3468 ms, used_size=3686400 bytes (9.0%)
(RDMA_READ_CONSUME_CHECK_CONSUMER) timestamp=3468 ms, used_size=3684352 bytes (9.0%)
(RDMA_READ_CONSUME_CHECK_CONSUMER) timestamp=3468 ms, used_size=3682304 bytes (9.0%)
(RDMA_READ_CONSUME_CHECK_CONSUMER) timestamp=3468 ms, used_size=3680256 bytes (9.0%)
(RDMA_READ_CONSUME_CHECK_CONSUMER) timestamp=3468 ms, used_size=3678208 bytes (9.0%)
(RDMA_READ_CONSUME_CHECK_CONSUMER) timestamp=3468 ms, used_size=3676160 bytes (9.0%)
(RDMA_READ_CONSUME_CHECK_CONSUMER) timestamp=3468 ms, used_size=3674112 bytes (9.0%)
(RDMA_READ_CONSUME_CHECK_CONSUMER) timestamp=3468 ms, used_size=3672064 bytes (9.0%)
(RDMA_READ_CONSUME_CHECK_CONSUMER) timestamp=3468 ms, used_size=3670016 bytes (9.0%)
(RDMA_READ_CONSUME_CHECK_CONSUMER) timestamp=3468 ms, used_size=3667968 bytes (9.0%)
(RDMA_READ_CONSUME_CHECK_CONSUMER) timestamp=3468 ms, used_size=3665920 bytes (8.9%)
(RDMA_READ_CONSUME_CHECK_CONSUMER) timestamp=3468 ms, used_size=3663872 bytes (8.9%)
(RDMA_READ_CONSUME_CHECK_CONSUMER) timestamp=3468 ms, used_size=3661824 bytes (8.9%)
(RDMA_READ_CONSUME_CHECK_CONSUMER) timestamp=3468 ms, used_size=3659776 bytes (8.9%)
(RDMA_READ_CONSUME_CHECK_CONSUMER) timestamp=3469 ms, used_size=3657728 bytes (8.9%)
(RDMA_READ_CONSUME_CHECK_CONSUMER) timestamp=3469 ms, used_size=3655680 bytes (8.9%)
(RDMA_READ_CONSUME_CHECK_CONSUMER) timestamp=3469 ms, used_size=3653632 bytes (8.9%)
(RDMA_READ_CONSUME_CHECK_CONSUMER) timestamp=3469 ms, used_size=3651584 bytes (8.9%)
(RDMA_READ_CONSUME_CHECK_CONSUMER) timestamp=3469 ms, used_size=3649536 bytes (8.9%)
(RDMA_READ_CONSUME_CHECK_CONSUMER) timestamp=3469 ms, used_size=3647488 bytes (8.9%)
(RDMA_READ_CONSUME_CHECK_CONSUMER) timestamp=3469 ms, used_size=3645440 bytes (8.9%)
(RDMA_READ_CONSUME_CHECK_CONSUMER) timestamp=3469 ms, used_size=3643392 bytes (8.9%)
(RDMA_READ_CONSUME_CHECK_CONSUMER) timestamp=3469 ms, used_size=3641344 bytes (8.9%)
(RDMA_READ_CONSUME_CHECK_CONSUMER) timestamp=3469 ms, used_size=3639296 bytes (8.9%)
(RDMA_READ_CONSUME_CHECK_CONSUMER) timestamp=3469 ms, used_size=3637248 bytes (8.9%)
(RDMA_READ_CONSUME_CHECK_CONSUMER) timestamp=3469 ms, used_size=3635200 bytes (8.9%)
(RDMA_READ_CONSUME_CHECK_CONSUMER) timestamp=3469 ms, used_size=3633152 bytes (8.9%)
(RDMA_READ_CONSUME_CHECK_CONSUMER) timestamp=3469 ms, used_size=3631104 bytes (8.9%)
(RDMA_READ_CONSUME_CHECK_CONSUMER) timestamp=3469 ms, used_size=3629056 bytes (8.9%)
(RDMA_READ_CONSUME_CHECK_CONSUMER) timestamp=3469 ms, used_size=3627008 bytes (8.9%)
(RDMA_READ_CONSUME_CHECK_CONSUMER) timestamp=3469 ms, used_size=3624960 bytes (8.8%)
(RDMA_READ_CONSUME_CHECK_CONSUMER) timestamp=3469 ms, used_size=3622912 bytes (8.8%)
(RDMA_READ_CONSUME_CHECK_CONSUMER) timestamp=3469 ms, used_size=3620864 bytes (8.8%)
(RDMA_READ_CONSUME_CHECK_CONSUMER) timestamp=3469 ms, used_size=3618816 bytes (8.8%)
(RDMA_READ_CONSUME_CHECK_CONSUMER) timestamp=3469 ms, used_size=3616768 bytes (8.8%)
(RDMA_READ_CONSUME_CHECK_CONSUMER) timestamp=3469 ms, used_size=3614720 bytes (8.8%)
(RDMA_READ_CONSUME_CHECK_CONSUMER) timestamp=3469 ms, used_size=3612672 bytes (8.8%)
(RDMA_READ_CONSUME_CHECK_CONSUMER) timestamp=3469 ms, used_size=3610624 bytes (8.8%)
(RDMA_READ_CONSUME_CHECK_CONSUMER) timestamp=3469 ms, used_size=3608576 bytes (8.8%)
(RDMA_READ_CONSUME_CHECK_CONSUMER) timestamp=3469 ms, used_size=3606528 bytes (8.8%)
(RDMA_READ_CONSUME_CHECK_CONSUMER) timestamp=3469 ms, used_size=3604480 bytes (8.8%)
(RDMA_READ_CONSUME_CHECK_CONSUMER) timestamp=3469 ms, used_size=3602432 bytes (8.8%)
(RDMA_READ_CONSUME_CHECK_CONSUMER) timestamp=3469 ms, used_size=3600384 bytes (8.8%)
(RDMA_READ_CONSUME_CHECK_CONSUMER) timestamp=3469 ms, used_size=3598336 bytes (8.8%)
(RDMA_READ_CONSUME_CHECK_CONSUMER) timestamp=3469 ms, used_size=3596288 bytes (8.8%)
(RDMA_READ_CONSUME_CHECK_CONSUMER) timestamp=3469 ms, used_size=3594240 bytes (8.8%)
(RDMA_READ_CONSUME_CHECK_CONSUMER) timestamp=3469 ms, used_size=3592192 bytes (8.8%)
(RDMA_READ_CONSUME_CHECK_CONSUMER) timestamp=3469 ms, used_size=3590144 bytes (8.8%)
(RDMA_READ_CONSUME_CHECK_CONSUMER) timestamp=3469 ms, used_size=3588096 bytes (8.8%)
(RDMA_READ_CONSUME_CHECK_CONSUMER) timestamp=3469 ms, used_size=3586048 bytes (8.8%)
(RDMA_READ_CONSUME_CHECK_CONSUMER) timestamp=3469 ms, used_size=3584000 bytes (8.8%)
(RDMA_READ_CONSUME_CHECK_CONSUMER) timestamp=3469 ms, used_size=3581952 bytes (8.7%)
(RDMA_READ_CONSUME_CHECK_CONSUMER) timestamp=3469 ms, used_size=3579904 bytes (8.7%)
(RDMA_READ_CONSUME_CHECK_CONSUMER) timestamp=3469 ms, used_size=3577856 bytes (8.7%)
(RDMA_READ_CONSUME_CHECK_CONSUMER) timestamp=3469 ms, used_size=3575808 bytes (8.7%)
(RDMA_READ_CONSUME_CHECK_CONSUMER) timestamp=3469 ms, used_size=3573760 bytes (8.7%)
(RDMA_READ_CONSUME_CHECK_CONSUMER) timestamp=3469 ms, used_size=3571712 bytes (8.7%)
(RDMA_READ_CONSUME_CHECK_CONSUMER) timestamp=3469 ms, used_size=3569664 bytes (8.7%)
(RDMA_READ_CONSUME_CHECK_CONSUMER) timestamp=3469 ms, used_size=3567616 bytes (8.7%)
(RDMA_READ_CONSUME_CHECK_CONSUMER) timestamp=3469 ms, used_size=3565568 bytes (8.7%)
(RDMA_READ_CONSUME_CHECK_CONSUMER) timestamp=3469 ms, used_size=3563520 bytes (8.7%)
(RDMA_READ_CONSUME_CHECK_CONSUMER) timestamp=3469 ms, used_size=3561472 bytes (8.7%)
(RDMA_READ_CONSUME_CHECK_CONSUMER) timestamp=3469 ms, used_size=3559424 bytes (8.7%)
(RDMA_READ_CONSUME_CHECK_CONSUMER) timestamp=3469 ms, used_size=3557376 bytes (8.7%)
(RDMA_READ_CONSUME_CHECK_CONSUMER) timestamp=3469 ms, used_size=3555328 bytes (8.7%)
(RDMA_READ_CONSUME_CHECK_CONSUMER) timestamp=3469 ms, used_size=3553280 bytes (8.7%)
(RDMA_READ_CONSUME_CHECK_CONSUMER) timestamp=3469 ms, used_size=3551232 bytes (8.7%)
(RDMA_READ_CONSUME_CHECK_CONSUMER) timestamp=3469 ms, used_size=3549184 bytes (8.7%)
(RDMA_READ_CONSUME_CHECK_CONSUMER) timestamp=3469 ms, used_size=3547136 bytes (8.7%)
(RDMA_READ_CONSUME_CHECK_CONSUMER) timestamp=3469 ms, used_size=3545088 bytes (8.7%)
(RDMA_READ_CONSUME_CHECK_CONSUMER) timestamp=3469 ms, used_size=3543040 bytes (8.7%)
(RDMA_READ_CONSUME_CHECK_CONSUMER) timestamp=3469 ms, used_size=3540992 bytes (8.6%)
(RDMA_READ_CONSUME_CHECK_CONSUMER) timestamp=3469 ms, used_size=3538944 bytes (8.6%)
(RDMA_READ_CONSUME_CHECK_CONSUMER) timestamp=3469 ms, used_size=3536896 bytes (8.6%)
(RDMA_READ_CONSUME_CHECK_CONSUMER) timestamp=3469 ms, used_size=3534848 bytes (8.6%)
(RDMA_READ_CONSUME_CHECK_CONSUMER) timestamp=3469 ms, used_size=3532800 bytes (8.6%)
(RDMA_READ_CONSUME_CHECK_CONSUMER) timestamp=3469 ms, used_size=3530752 bytes (8.6%)
(RDMA_READ_CONSUME_CHECK_CONSUMER) timestamp=3469 ms, used_size=3528704 bytes (8.6%)
(RDMA_READ_CONSUME_CHECK_CONSUMER) timestamp=3469 ms, used_size=3526656 bytes (8.6%)
(RDMA_READ_CONSUME_CHECK_CONSUMER) timestamp=3469 ms, used_size=3524608 bytes (8.6%)
(RDMA_READ_CONSUME_CHECK_CONSUMER) timestamp=3469 ms, used_size=3522560 bytes (8.6%)
(RDMA_READ_CONSUME_CHECK_CONSUMER) timestamp=3469 ms, used_size=3520512 bytes (8.6%)
(RDMA_READ_CONSUME_CHECK_CONSUMER) timestamp=3469 ms, used_size=3518464 bytes (8.6%)
(RDMA_READ_CONSUME_CHECK_CONSUMER) timestamp=3469 ms, used_size=3516416 bytes (8.6%)
(RDMA_READ_CONSUME_CHECK_CONSUMER) timestamp=3469 ms, used_size=3514368 bytes (8.6%)
(RDMA_READ_CONSUME_CHECK_CONSUMER) timestamp=3469 ms, used_size=3512320 bytes (8.6%)
(RDMA_READ_CONSUME_CHECK_CONSUMER) timestamp=3469 ms, used_size=3510272 bytes (8.6%)
(RDMA_READ_CONSUME_CHECK_CONSUMER) timestamp=3469 ms, used_size=3508224 bytes (8.6%)
(RDMA_READ_CONSUME_CHECK_CONSUMER) timestamp=3469 ms, used_size=3506176 bytes (8.6%)
(RDMA_READ_CONSUME_CHECK_CONSUMER) timestamp=3469 ms, used_size=3504128 bytes (8.6%)
(RDMA_READ_CONSUME_CHECK_CONSUMER) timestamp=3469 ms, used_size=3502080 bytes (8.6%)
(RDMA_READ_CONSUME_CHECK_CONSUMER) timestamp=3469 ms, used_size=3500032 bytes (8.5%)
(RDMA_READ_CONSUME_CHECK_CONSUMER) timestamp=3469 ms, used_size=3497984 bytes (8.5%)
(RDMA_READ_CONSUME_CHECK_CONSUMER) timestamp=3469 ms, used_size=3495936 bytes (8.5%)
(RDMA_READ_CONSUME_CHECK_CONSUMER) timestamp=3469 ms, used_size=3493888 bytes (8.5%)
(RDMA_READ_CONSUME_CHECK_CONSUMER) timestamp=3469 ms, used_size=3491840 bytes (8.5%)
(RDMA_READ_CONSUME_CHECK_CONSUMER) timestamp=3469 ms, used_size=3489792 bytes (8.5%)
(RDMA_READ_CONSUME_CHECK_CONSUMER) timestamp=3469 ms, used_size=3487744 bytes (8.5%)
(RDMA_READ_CONSUME_CHECK_CONSUMER) timestamp=3469 ms, used_size=3485696 bytes (8.5%)
(RDMA_READ_CONSUME_CHECK_CONSUMER) timestamp=3469 ms, used_size=3483648 bytes (8.5%)
(RDMA_READ_CONSUME_CHECK_CONSUMER) timestamp=3469 ms, used_size=3481600 bytes (8.5%)
(RDMA_READ_CONSUME_CHECK_CONSUMER) timestamp=3469 ms, used_size=3479552 bytes (8.5%)
(RDMA_READ_CONSUME_CHECK_CONSUMER) timestamp=3469 ms, used_size=3477504 bytes (8.5%)
(RDMA_READ_CONSUME_CHECK_CONSUMER) timestamp=3469 ms, used_size=3475456 bytes (8.5%)
(RDMA_READ_CONSUME_CHECK_CONSUMER) timestamp=3469 ms, used_size=3473408 bytes (8.5%)
(RDMA_READ_CONSUME_CHECK_CONSUMER) timestamp=3469 ms, used_size=3471360 bytes (8.5%)
(RDMA_READ_CONSUME_CHECK_CONSUMER) timestamp=3469 ms, used_size=3469312 bytes (8.5%)
(RDMA_READ_CONSUME_CHECK_CONSUMER) timestamp=3469 ms, used_size=3467264 bytes (8.5%)
(RDMA_READ_CONSUME_CHECK_CONSUMER) timestamp=3469 ms, used_size=3465216 bytes (8.5%)
(RDMA_READ_CONSUME_CHECK_CONSUMER) timestamp=3469 ms, used_size=3463168 bytes (8.5%)
(RDMA_READ_CONSUME_CHECK_CONSUMER) timestamp=3469 ms, used_size=3461120 bytes (8.4%)
(RDMA_READ_CONSUME_CHECK_CONSUMER) timestamp=3469 ms, used_size=3459072 bytes (8.4%)
(RDMA_READ_CONSUME_CHECK_CONSUMER) timestamp=3469 ms, used_size=3457024 bytes (8.4%)
(RDMA_READ_CONSUME_CHECK_CONSUMER) timestamp=3469 ms, used_size=3454976 bytes (8.4%)
(RDMA_READ_CONSUME_CHECK_CONSUMER) timestamp=3469 ms, used_size=3452928 bytes (8.4%)
(RDMA_READ_CONSUME_CHECK_CONSUMER) timestamp=3469 ms, used_size=3450880 bytes (8.4%)
(RDMA_READ_CONSUME_CHECK_CONSUMER) timestamp=3469 ms, used_size=3448832 bytes (8.4%)
(RDMA_READ_CONSUME_CHECK_CONSUMER) timestamp=3469 ms, used_size=3446784 bytes (8.4%)
(RDMA_READ_CONSUME_CHECK_CONSUMER) timestamp=3469 ms, used_size=3444736 bytes (8.4%)
(RDMA_READ_CONSUME_CHECK_CONSUMER) timestamp=3469 ms, used_size=3442688 bytes (8.4%)
(RDMA_READ_CONSUME_CHECK_CONSUMER) timestamp=3469 ms, used_size=3440640 bytes (8.4%)
(RDMA_READ_CONSUME_CHECK_CONSUMER) timestamp=3469 ms, used_size=3438592 bytes (8.4%)
(RDMA_READ_CONSUME_CHECK_CONSUMER) timestamp=3469 ms, used_size=3436544 bytes (8.4%)
(RDMA_READ_CONSUME_CHECK_CONSUMER) timestamp=3469 ms, used_size=3434496 bytes (8.4%)
(RDMA_READ_CONSUME_CHECK_CONSUMER) timestamp=3469 ms, used_size=3432448 bytes (8.4%)
(RDMA_READ_CONSUME_CHECK_CONSUMER) timestamp=3469 ms, used_size=3430400 bytes (8.4%)
(RDMA_READ_CONSUME_CHECK_CONSUMER) timestamp=3469 ms, used_size=3428352 bytes (8.4%)
(RDMA_READ_CONSUME_CHECK_CONSUMER) timestamp=3469 ms, used_size=3426304 bytes (8.4%)
(RDMA_READ_CONSUME_CHECK_CONSUMER) timestamp=3469 ms, used_size=3424256 bytes (8.4%)
(RDMA_READ_CONSUME_CHECK_CONSUMER) timestamp=3469 ms, used_size=3422208 bytes (8.4%)
(RDMA_READ_CONSUME_CHECK_CONSUMER) timestamp=3469 ms, used_size=3420160 bytes (8.3%)
(RDMA_READ_CONSUME_CHECK_CONSUMER) timestamp=3469 ms, used_size=3418112 bytes (8.3%)
(RDMA_READ_CONSUME_CHECK_CONSUMER) timestamp=3469 ms, used_size=3416064 bytes (8.3%)
(RDMA_READ_CONSUME_CHECK_CONSUMER) timestamp=3469 ms, used_size=3414016 bytes (8.3%)
(RDMA_READ_CONSUME_CHECK_CONSUMER) timestamp=3469 ms, used_size=3411968 bytes (8.3%)
(RDMA_READ_CONSUME_CHECK_CONSUMER) timestamp=3469 ms, used_size=3409920 bytes (8.3%)
(RDMA_READ_CONSUME_CHECK_CONSUMER) timestamp=3469 ms, used_size=3407872 bytes (8.3%)
(RDMA_READ_CONSUME_CHECK_CONSUMER) timestamp=3469 ms, used_size=3405824 bytes (8.3%)
(RDMA_READ_CONSUME_CHECK_CONSUMER) timestamp=3469 ms, used_size=3403776 bytes (8.3%)
(RDMA_READ_CONSUME_CHECK_CONSUMER) timestamp=3469 ms, used_size=3401728 bytes (8.3%)
(RDMA_READ_CONSUME_CHECK_CONSUMER) timestamp=3469 ms, used_size=3399680 bytes (8.3%)
(RDMA_READ_CONSUME_CHECK_CONSUMER) timestamp=3469 ms, used_size=3397632 bytes (8.3%)
(RDMA_READ_CONSUME_CHECK_CONSUMER) timestamp=3469 ms, used_size=3395584 bytes (8.3%)
(RDMA_READ_CONSUME_CHECK_CONSUMER) timestamp=3469 ms, used_size=3393536 bytes (8.3%)
(RDMA_READ_CONSUME_CHECK_CONSUMER) timestamp=3469 ms, used_size=3391488 bytes (8.3%)
(RDMA_READ_CONSUME_CHECK_CONSUMER) timestamp=3469 ms, used_size=3389440 bytes (8.3%)
(RDMA_READ_CONSUME_CHECK_CONSUMER) timestamp=3469 ms, used_size=3387392 bytes (8.3%)
(RDMA_READ_CONSUME_CHECK_CONSUMER) timestamp=3469 ms, used_size=3385344 bytes (8.3%)
(RDMA_READ_CONSUME_CHECK_CONSUMER) timestamp=3469 ms, used_size=3383296 bytes (8.3%)
(RDMA_READ_CONSUME_CHECK_CONSUMER) timestamp=3469 ms, used_size=3381248 bytes (8.3%)
(RDMA_READ_CONSUME_CHECK_CONSUMER) timestamp=3469 ms, used_size=3379200 bytes (8.2%)
(RDMA_READ_CONSUME_CHECK_CONSUMER) timestamp=3469 ms, used_size=3377152 bytes (8.2%)
(RDMA_READ_CONSUME_CHECK_CONSUMER) timestamp=3469 ms, used_size=3375104 bytes (8.2%)
(RDMA_READ_CONSUME_CHECK_CONSUMER) timestamp=3469 ms, used_size=3373056 bytes (8.2%)
(RDMA_READ_CONSUME_CHECK_CONSUMER) timestamp=3469 ms, used_size=3371008 bytes (8.2%)
(RDMA_READ_CONSUME_CHECK_CONSUMER) timestamp=3469 ms, used_size=3368960 bytes (8.2%)
(RDMA_READ_CONSUME_CHECK_CONSUMER) timestamp=3469 ms, used_size=3366912 bytes (8.2%)
(RDMA_READ_CONSUME_CHECK_CONSUMER) timestamp=3469 ms, used_size=3364864 bytes (8.2%)
(RDMA_READ_CONSUME_CHECK_CONSUMER) timestamp=3469 ms, used_size=3362816 bytes (8.2%)
(RDMA_READ_CONSUME_CHECK_CONSUMER) timestamp=3469 ms, used_size=3360768 bytes (8.2%)
(RDMA_READ_CONSUME_CHECK_CONSUMER) timestamp=3469 ms, used_size=3358720 bytes (8.2%)
(RDMA_READ_CONSUME_CHECK_CONSUMER) timestamp=3469 ms, used_size=3356672 bytes (8.2%)
(RDMA_READ_CONSUME_CHECK_CONSUMER) timestamp=3469 ms, used_size=3354624 bytes (8.2%)
(RDMA_READ_CONSUME_CHECK_CONSUMER) timestamp=3469 ms, used_size=3352576 bytes (8.2%)
(RDMA_READ_CONSUME_CHECK_CONSUMER) timestamp=3469 ms, used_size=3350528 bytes (8.2%)
(RDMA_READ_CONSUME_CHECK_CONSUMER) timestamp=3469 ms, used_size=3348480 bytes (8.2%)
(RDMA_READ_CONSUME_CHECK_CONSUMER) timestamp=3469 ms, used_size=3346432 bytes (8.2%)
(RDMA_READ_CONSUME_CHECK_CONSUMER) timestamp=3469 ms, used_size=3344384 bytes (8.2%)
(RDMA_READ_CONSUME_CHECK_CONSUMER) timestamp=3469 ms, used_size=3342336 bytes (8.2%)
(RDMA_READ_CONSUME_CHECK_CONSUMER) timestamp=3469 ms, used_size=3340288 bytes (8.2%)
(RDMA_READ_CONSUME_CHECK_CONSUMER) timestamp=3469 ms, used_size=3338240 bytes (8.2%)
(RDMA_READ_CONSUME_CHECK_CONSUMER) timestamp=3469 ms, used_size=3336192 bytes (8.1%)
(RDMA_READ_CONSUME_CHECK_CONSUMER) timestamp=3469 ms, used_size=3334144 bytes (8.1%)
(RDMA_READ_CONSUME_CHECK_CONSUMER) timestamp=3469 ms, used_size=3332096 bytes (8.1%)
(RDMA_READ_CONSUME_CHECK_CONSUMER) timestamp=3469 ms, used_size=3330048 bytes (8.1%)
(RDMA_READ_CONSUME_CHECK_CONSUMER) timestamp=3469 ms, used_size=3328000 bytes (8.1%)
(RDMA_READ_CONSUME_CHECK_CONSUMER) timestamp=3469 ms, used_size=3325952 bytes (8.1%)
(RDMA_READ_CONSUME_CHECK_CONSUMER) timestamp=3469 ms, used_size=3323904 bytes (8.1%)
(RDMA_READ_CONSUME_CHECK_CONSUMER) timestamp=3469 ms, used_size=3321856 bytes (8.1%)
(RDMA_READ_CONSUME_CHECK_CONSUMER) timestamp=3469 ms, used_size=3319808 bytes (8.1%)
(RDMA_READ_CONSUME_CHECK_CONSUMER) timestamp=3469 ms, used_size=3317760 bytes (8.1%)
(RDMA_READ_CONSUME_CHECK_CONSUMER) timestamp=3469 ms, used_size=3315712 bytes (8.1%)
(RDMA_READ_CONSUME_CHECK_CONSUMER) timestamp=3469 ms, used_size=3313664 bytes (8.1%)
(RDMA_READ_CONSUME_CHECK_CONSUMER) timestamp=3469 ms, used_size=3311616 bytes (8.1%)
(RDMA_READ_CONSUME_CHECK_CONSUMER) timestamp=3469 ms, used_size=3309568 bytes (8.1%)
(RDMA_READ_CONSUME_CHECK_CONSUMER) timestamp=3469 ms, used_size=3307520 bytes (8.1%)
(RDMA_READ_CONSUME_CHECK_CONSUMER) timestamp=3469 ms, used_size=3305472 bytes (8.1%)
(RDMA_READ_CONSUME_CHECK_CONSUMER) timestamp=3469 ms, used_size=3303424 bytes (8.1%)
(RDMA_READ_CONSUME_CHECK_CONSUMER) timestamp=3469 ms, used_size=3301376 bytes (8.1%)
(RDMA_READ_CONSUME_CHECK_CONSUMER) timestamp=3469 ms, used_size=3299328 bytes (8.1%)
(RDMA_READ_CONSUME_CHECK_CONSUMER) timestamp=3469 ms, used_size=3297280 bytes (8.1%)
(RDMA_READ_CONSUME_CHECK_CONSUMER) timestamp=3469 ms, used_size=3295232 bytes (8.0%)
(RDMA_READ_CONSUME_CHECK_CONSUMER) timestamp=3469 ms, used_size=3293184 bytes (8.0%)
(RDMA_READ_CONSUME_CHECK_CONSUMER) timestamp=3469 ms, used_size=3291136 bytes (8.0%)
(RDMA_READ_CONSUME_CHECK_CONSUMER) timestamp=3469 ms, used_size=3289088 bytes (8.0%)
(RDMA_READ_CONSUME_CHECK_CONSUMER) timestamp=3469 ms, used_size=3287040 bytes (8.0%)
(RDMA_READ_CONSUME_CHECK_CONSUMER) timestamp=3470 ms, used_size=3284992 bytes (8.0%)
(RDMA_READ_CONSUME_CHECK_CONSUMER) timestamp=3470 ms, used_size=3282944 bytes (8.0%)
(RDMA_READ_CONSUME_CHECK_CONSUMER) timestamp=3470 ms, used_size=3280896 bytes (8.0%)
(RDMA_READ_CONSUME_CHECK_CONSUMER) timestamp=3470 ms, used_size=3278848 bytes (8.0%)
(RDMA_READ_CONSUME_CHECK_CONSUMER) timestamp=3470 ms, used_size=3276800 bytes (8.0%)
(RDMA_READ_CONSUME_CHECK_CONSUMER) timestamp=3470 ms, used_size=3274752 bytes (8.0%)
(RDMA_READ_CONSUME_CHECK_CONSUMER) timestamp=3470 ms, used_size=3272704 bytes (8.0%)
(RDMA_READ_CONSUME_CHECK_CONSUMER) timestamp=3470 ms, used_size=3270656 bytes (8.0%)
(RDMA_READ_CONSUME_CHECK_CONSUMER) timestamp=3470 ms, used_size=3268608 bytes (8.0%)
(RDMA_READ_CONSUME_CHECK_CONSUMER) timestamp=3470 ms, used_size=3266560 bytes (8.0%)
(RDMA_READ_CONSUME_CHECK_CONSUMER) timestamp=3470 ms, used_size=3264512 bytes (8.0%)
(RDMA_READ_CONSUME_CHECK_CONSUMER) timestamp=3470 ms, used_size=3262464 bytes (8.0%)
(RDMA_READ_CONSUME_CHECK_CONSUMER) timestamp=3470 ms, used_size=3260416 bytes (8.0%)
(RDMA_READ_CONSUME_CHECK_CONSUMER) timestamp=3470 ms, used_size=3258368 bytes (8.0%)
(RDMA_READ_CONSUME_CHECK_CONSUMER) timestamp=3470 ms, used_size=3256320 bytes (8.0%)
(RDMA_READ_CONSUME_CHECK_CONSUMER) timestamp=3470 ms, used_size=3254272 bytes (7.9%)
(RDMA_READ_CONSUME_CHECK_CONSUMER) timestamp=3470 ms, used_size=3252224 bytes (7.9%)
(RDMA_READ_CONSUME_CHECK_CONSUMER) timestamp=3470 ms, used_size=3250176 bytes (7.9%)
(RDMA_READ_CONSUME_CHECK_CONSUMER) timestamp=3470 ms, used_size=3248128 bytes (7.9%)
(RDMA_READ_CONSUME_CHECK_CONSUMER) timestamp=3470 ms, used_size=3246080 bytes (7.9%)
(RDMA_READ_CONSUME_CHECK_CONSUMER) timestamp=3470 ms, used_size=3244032 bytes (7.9%)
(RDMA_READ_CONSUME_CHECK_CONSUMER) timestamp=3470 ms, used_size=3241984 bytes (7.9%)
(RDMA_READ_CONSUME_CHECK_CONSUMER) timestamp=3470 ms, used_size=3239936 bytes (7.9%)
(RDMA_READ_CONSUME_CHECK_CONSUMER) timestamp=3470 ms, used_size=3237888 bytes (7.9%)
(RDMA_READ_CONSUME_CHECK_CONSUMER) timestamp=3470 ms, used_size=3235840 bytes (7.9%)
(RDMA_READ_CONSUME_CHECK_CONSUMER) timestamp=3470 ms, used_size=3233792 bytes (7.9%)
(RDMA_READ_CONSUME_CHECK_CONSUMER) timestamp=3470 ms, used_size=3231744 bytes (7.9%)
(RDMA_READ_CONSUME_CHECK_CONSUMER) timestamp=3470 ms, used_size=3229696 bytes (7.9%)
(RDMA_READ_CONSUME_CHECK_CONSUMER) timestamp=3470 ms, used_size=3227648 bytes (7.9%)
(RDMA_READ_CONSUME_CHECK_CONSUMER) timestamp=3470 ms, used_size=3225600 bytes (7.9%)
(RDMA_READ_CONSUME_CHECK_CONSUMER) timestamp=3470 ms, used_size=3223552 bytes (7.9%)
(RDMA_READ_CONSUME_CHECK_CONSUMER) timestamp=3470 ms, used_size=3221504 bytes (7.9%)
(RDMA_READ_CONSUME_CHECK_CONSUMER) timestamp=3470 ms, used_size=3219456 bytes (7.9%)
(RDMA_READ_CONSUME_CHECK_CONSUMER) timestamp=3470 ms, used_size=3217408 bytes (7.9%)
(RDMA_READ_CONSUME_CHECK_CONSUMER) timestamp=3470 ms, used_size=3215360 bytes (7.8%)
(RDMA_READ_CONSUME_CHECK_CONSUMER) timestamp=3470 ms, used_size=3213312 bytes (7.8%)
(RDMA_READ_CONSUME_CHECK_CONSUMER) timestamp=3470 ms, used_size=3211264 bytes (7.8%)
(RDMA_READ_CONSUME_CHECK_CONSUMER) timestamp=3470 ms, used_size=3209216 bytes (7.8%)
(RDMA_READ_CONSUME_CHECK_CONSUMER) timestamp=3470 ms, used_size=3207168 bytes (7.8%)
(RDMA_READ_CONSUME_CHECK_CONSUMER) timestamp=3470 ms, used_size=3205120 bytes (7.8%)
(RDMA_READ_CONSUME_CHECK_CONSUMER) timestamp=3470 ms, used_size=3203072 bytes (7.8%)
(RDMA_READ_CONSUME_CHECK_CONSUMER) timestamp=3470 ms, used_size=3201024 bytes (7.8%)
(RDMA_READ_CONSUME_CHECK_CONSUMER) timestamp=3470 ms, used_size=3198976 bytes (7.8%)
(RDMA_READ_CONSUME_CHECK_CONSUMER) timestamp=3470 ms, used_size=3196928 bytes (7.8%)
(RDMA_READ_CONSUME_CHECK_CONSUMER) timestamp=3470 ms, used_size=3194880 bytes (7.8%)
(RDMA_READ_CONSUME_CHECK_CONSUMER) timestamp=3470 ms, used_size=3192832 bytes (7.8%)
(RDMA_READ_CONSUME_CHECK_CONSUMER) timestamp=3470 ms, used_size=3190784 bytes (7.8%)
(RDMA_READ_CONSUME_CHECK_CONSUMER) timestamp=3470 ms, used_size=3188736 bytes (7.8%)
(RDMA_READ_CONSUME_CHECK_CONSUMER) timestamp=3470 ms, used_size=3186688 bytes (7.8%)
(RDMA_READ_CONSUME_CHECK_CONSUMER) timestamp=3470 ms, used_size=3184640 bytes (7.8%)
(RDMA_READ_CONSUME_CHECK_CONSUMER) timestamp=3470 ms, used_size=3182592 bytes (7.8%)
(RDMA_READ_CONSUME_CHECK_CONSUMER) timestamp=3470 ms, used_size=3180544 bytes (7.8%)
(RDMA_READ_CONSUME_CHECK_CONSUMER) timestamp=3470 ms, used_size=3178496 bytes (7.8%)
(RDMA_READ_CONSUME_CHECK_CONSUMER) timestamp=3470 ms, used_size=3176448 bytes (7.8%)
(RDMA_READ_CONSUME_CHECK_CONSUMER) timestamp=3470 ms, used_size=3174400 bytes (7.8%)
(RDMA_READ_CONSUME_CHECK_CONSUMER) timestamp=3470 ms, used_size=3172352 bytes (7.7%)
(RDMA_READ_CONSUME_CHECK_CONSUMER) timestamp=3470 ms, used_size=3170304 bytes (7.7%)
(RDMA_READ_CONSUME_CHECK_CONSUMER) timestamp=3470 ms, used_size=3168256 bytes (7.7%)
(RDMA_READ_CONSUME_CHECK_CONSUMER) timestamp=3470 ms, used_size=3166208 bytes (7.7%)
(RDMA_READ_CONSUME_CHECK_CONSUMER) timestamp=3470 ms, used_size=3164160 bytes (7.7%)
(RDMA_READ_CONSUME_CHECK_CONSUMER) timestamp=3470 ms, used_size=3162112 bytes (7.7%)
(RDMA_READ_CONSUME_CHECK_CONSUMER) timestamp=3470 ms, used_size=3160064 bytes (7.7%)
(RDMA_READ_CONSUME_CHECK_CONSUMER) timestamp=3470 ms, used_size=3158016 bytes (7.7%)
(RDMA_READ_CONSUME_CHECK_CONSUMER) timestamp=3470 ms, used_size=3155968 bytes (7.7%)
(RDMA_READ_CONSUME_CHECK_CONSUMER) timestamp=3470 ms, used_size=3153920 bytes (7.7%)
(RDMA_READ_CONSUME_CHECK_CONSUMER) timestamp=3470 ms, used_size=3151872 bytes (7.7%)
(RDMA_READ_CONSUME_CHECK_CONSUMER) timestamp=3470 ms, used_size=3149824 bytes (7.7%)
(RDMA_READ_CONSUME_CHECK_CONSUMER) timestamp=3470 ms, used_size=3147776 bytes (7.7%)
(RDMA_READ_CONSUME_CHECK_CONSUMER) timestamp=3470 ms, used_size=3145728 bytes (7.7%)
(RDMA_READ_CONSUME_CHECK_CONSUMER) timestamp=3470 ms, used_size=3143680 bytes (7.7%)
(RDMA_READ_CONSUME_CHECK_CONSUMER) timestamp=3470 ms, used_size=3141632 bytes (7.7%)
(RDMA_READ_CONSUME_CHECK_CONSUMER) timestamp=3470 ms, used_size=3139584 bytes (7.7%)
(RDMA_READ_CONSUME_CHECK_CONSUMER) timestamp=3470 ms, used_size=3137536 bytes (7.7%)
(RDMA_READ_CONSUME_CHECK_CONSUMER) timestamp=3470 ms, used_size=3135488 bytes (7.7%)
(RDMA_READ_CONSUME_CHECK_CONSUMER) timestamp=3470 ms, used_size=3133440 bytes (7.7%)
(RDMA_READ_CONSUME_CHECK_CONSUMER) timestamp=3470 ms, used_size=3131392 bytes (7.6%)
(RDMA_READ_CONSUME_CHECK_CONSUMER) timestamp=3470 ms, used_size=3129344 bytes (7.6%)
(RDMA_READ_CONSUME_CHECK_CONSUMER) timestamp=3470 ms, used_size=3127296 bytes (7.6%)
(RDMA_READ_CONSUME_CHECK_CONSUMER) timestamp=3470 ms, used_size=3125248 bytes (7.6%)
(RDMA_READ_CONSUME_CHECK_CONSUMER) timestamp=3470 ms, used_size=3123200 bytes (7.6%)
(RDMA_READ_CONSUME_CHECK_CONSUMER) timestamp=3470 ms, used_size=3121152 bytes (7.6%)
(RDMA_READ_CONSUME_CHECK_CONSUMER) timestamp=3470 ms, used_size=3119104 bytes (7.6%)
(RDMA_READ_CONSUME_CHECK_CONSUMER) timestamp=3470 ms, used_size=3117056 bytes (7.6%)
(RDMA_READ_CONSUME_CHECK_CONSUMER) timestamp=3470 ms, used_size=3115008 bytes (7.6%)
(RDMA_READ_CONSUME_CHECK_CONSUMER) timestamp=3470 ms, used_size=3112960 bytes (7.6%)
(RDMA_READ_CONSUME_CHECK_CONSUMER) timestamp=3470 ms, used_size=3110912 bytes (7.6%)
(RDMA_READ_CONSUME_CHECK_CONSUMER) timestamp=3470 ms, used_size=3108864 bytes (7.6%)
(RDMA_READ_CONSUME_CHECK_CONSUMER) timestamp=3470 ms, used_size=3106816 bytes (7.6%)
(RDMA_READ_CONSUME_CHECK_CONSUMER) timestamp=3470 ms, used_size=3104768 bytes (7.6%)
(RDMA_READ_CONSUME_CHECK_CONSUMER) timestamp=3470 ms, used_size=3102720 bytes (7.6%)
(RDMA_READ_CONSUME_CHECK_CONSUMER) timestamp=3470 ms, used_size=3100672 bytes (7.6%)
(RDMA_READ_CONSUME_CHECK_CONSUMER) timestamp=3470 ms, used_size=3098624 bytes (7.6%)
(RDMA_READ_CONSUME_CHECK_CONSUMER) timestamp=3470 ms, used_size=3096576 bytes (7.6%)
(RDMA_READ_CONSUME_CHECK_CONSUMER) timestamp=3470 ms, used_size=3094528 bytes (7.6%)
(RDMA_READ_CONSUME_CHECK_CONSUMER) timestamp=3470 ms, used_size=3092480 bytes (7.5%)
(RDMA_READ_CONSUME_CHECK_CONSUMER) timestamp=3470 ms, used_size=3090432 bytes (7.5%)
(RDMA_READ_CONSUME_CHECK_CONSUMER) timestamp=3470 ms, used_size=3088384 bytes (7.5%)
(RDMA_READ_CONSUME_CHECK_CONSUMER) timestamp=3470 ms, used_size=3086336 bytes (7.5%)
(RDMA_READ_CONSUME_CHECK_CONSUMER) timestamp=3470 ms, used_size=3084288 bytes (7.5%)
(RDMA_READ_CONSUME_CHECK_CONSUMER) timestamp=3470 ms, used_size=3082240 bytes (7.5%)
(RDMA_READ_CONSUME_CHECK_CONSUMER) timestamp=3470 ms, used_size=3080192 bytes (7.5%)
(RDMA_READ_CONSUME_CHECK_CONSUMER) timestamp=3470 ms, used_size=3078144 bytes (7.5%)
(RDMA_READ_CONSUME_CHECK_CONSUMER) timestamp=3470 ms, used_size=3076096 bytes (7.5%)
(RDMA_READ_CONSUME_CHECK_CONSUMER) timestamp=3470 ms, used_size=3074048 bytes (7.5%)
(RDMA_READ_CONSUME_CHECK_CONSUMER) timestamp=3470 ms, used_size=3072000 bytes (7.5%)
(RDMA_READ_CONSUME_CHECK_CONSUMER) timestamp=3470 ms, used_size=3069952 bytes (7.5%)
(RDMA_READ_CONSUME_CHECK_CONSUMER) timestamp=3470 ms, used_size=3067904 bytes (7.5%)
(RDMA_READ_CONSUME_CHECK_CONSUMER) timestamp=3470 ms, used_size=3065856 bytes (7.5%)
(RDMA_READ_CONSUME_CHECK_CONSUMER) timestamp=3470 ms, used_size=3063808 bytes (7.5%)
(RDMA_READ_CONSUME_CHECK_CONSUMER) timestamp=3470 ms, used_size=3061760 bytes (7.5%)
(RDMA_READ_CONSUME_CHECK_CONSUMER) timestamp=3470 ms, used_size=3059712 bytes (7.5%)
(RDMA_READ_CONSUME_CHECK_CONSUMER) timestamp=3470 ms, used_size=3057664 bytes (7.5%)
(RDMA_READ_CONSUME_CHECK_CONSUMER) timestamp=3470 ms, used_size=3055616 bytes (7.5%)
(RDMA_READ_CONSUME_CHECK_CONSUMER) timestamp=3470 ms, used_size=3053568 bytes (7.5%)
(RDMA_READ_CONSUME_CHECK_CONSUMER) timestamp=3470 ms, used_size=3051520 bytes (7.5%)
(RDMA_READ_CONSUME_CHECK_CONSUMER) timestamp=3470 ms, used_size=3049472 bytes (7.4%)
(RDMA_READ_CONSUME_CHECK_CONSUMER) timestamp=3470 ms, used_size=3047424 bytes (7.4%)
(RDMA_READ_CONSUME_CHECK_CONSUMER) timestamp=3470 ms, used_size=3045376 bytes (7.4%)
(RDMA_READ_CONSUME_CHECK_CONSUMER) timestamp=3470 ms, used_size=3043328 bytes (7.4%)
(RDMA_READ_CONSUME_CHECK_CONSUMER) timestamp=3470 ms, used_size=3041280 bytes (7.4%)
(RDMA_READ_CONSUME_CHECK_CONSUMER) timestamp=3470 ms, used_size=3039232 bytes (7.4%)
(RDMA_READ_CONSUME_CHECK_CONSUMER) timestamp=3470 ms, used_size=3037184 bytes (7.4%)
(RDMA_READ_CONSUME_CHECK_CONSUMER) timestamp=3470 ms, used_size=3035136 bytes (7.4%)
(RDMA_READ_CONSUME_CHECK_CONSUMER) timestamp=3470 ms, used_size=3033088 bytes (7.4%)
(RDMA_READ_CONSUME_CHECK_CONSUMER) timestamp=3470 ms, used_size=3031040 bytes (7.4%)
(RDMA_READ_CONSUME_CHECK_CONSUMER) timestamp=3470 ms, used_size=3028992 bytes (7.4%)
(RDMA_READ_CONSUME_CHECK_CONSUMER) timestamp=3470 ms, used_size=3026944 bytes (7.4%)
(RDMA_READ_CONSUME_CHECK_CONSUMER) timestamp=3470 ms, used_size=3024896 bytes (7.4%)
(RDMA_READ_CONSUME_CHECK_CONSUMER) timestamp=3470 ms, used_size=3022848 bytes (7.4%)
(RDMA_READ_CONSUME_CHECK_CONSUMER) timestamp=3470 ms, used_size=3020800 bytes (7.4%)
(RDMA_READ_CONSUME_CHECK_CONSUMER) timestamp=3470 ms, used_size=3018752 bytes (7.4%)
(RDMA_READ_CONSUME_CHECK_CONSUMER) timestamp=3470 ms, used_size=3016704 bytes (7.4%)
(RDMA_READ_CONSUME_CHECK_CONSUMER) timestamp=3470 ms, used_size=3014656 bytes (7.4%)
(RDMA_READ_CONSUME_CHECK_CONSUMER) timestamp=3470 ms, used_size=3012608 bytes (7.4%)
(RDMA_READ_CONSUME_CHECK_CONSUMER) timestamp=3470 ms, used_size=3010560 bytes (7.3%)
(RDMA_READ_CONSUME_CHECK_CONSUMER) timestamp=3470 ms, used_size=3008512 bytes (7.3%)
(RDMA_READ_CONSUME_CHECK_CONSUMER) timestamp=3470 ms, used_size=3006464 bytes (7.3%)
(RDMA_READ_CONSUME_CHECK_CONSUMER) timestamp=3470 ms, used_size=3004416 bytes (7.3%)
(RDMA_READ_CONSUME_CHECK_CONSUMER) timestamp=3470 ms, used_size=3002368 bytes (7.3%)
(RDMA_READ_CONSUME_CHECK_CONSUMER) timestamp=3470 ms, used_size=3000320 bytes (7.3%)
(RDMA_READ_CONSUME_CHECK_CONSUMER) timestamp=3470 ms, used_size=2998272 bytes (7.3%)
(RDMA_READ_CONSUME_CHECK_CONSUMER) timestamp=3470 ms, used_size=2996224 bytes (7.3%)
(RDMA_READ_CONSUME_CHECK_CONSUMER) timestamp=3470 ms, used_size=2994176 bytes (7.3%)
(RDMA_READ_CONSUME_CHECK_CONSUMER) timestamp=3470 ms, used_size=2992128 bytes (7.3%)
(RDMA_READ_CONSUME_CHECK_CONSUMER) timestamp=3470 ms, used_size=2990080 bytes (7.3%)
(RDMA_READ_CONSUME_CHECK_CONSUMER) timestamp=3470 ms, used_size=2988032 bytes (7.3%)
(RDMA_READ_CONSUME_CHECK_CONSUMER) timestamp=3470 ms, used_size=2985984 bytes (7.3%)
(RDMA_READ_CONSUME_CHECK_CONSUMER) timestamp=3470 ms, used_size=2983936 bytes (7.3%)
(RDMA_READ_CONSUME_CHECK_CONSUMER) timestamp=3470 ms, used_size=2981888 bytes (7.3%)
(RDMA_READ_CONSUME_CHECK_CONSUMER) timestamp=3470 ms, used_size=2979840 bytes (7.3%)
(RDMA_READ_CONSUME_CHECK_CONSUMER) timestamp=3470 ms, used_size=2977792 bytes (7.3%)
(RDMA_READ_CONSUME_CHECK_CONSUMER) timestamp=3470 ms, used_size=2975744 bytes (7.3%)
(RDMA_READ_CONSUME_CHECK_CONSUMER) timestamp=3470 ms, used_size=2973696 bytes (7.3%)
(RDMA_READ_CONSUME_CHECK_CONSUMER) timestamp=3470 ms, used_size=2971648 bytes (7.3%)
(RDMA_READ_CONSUME_CHECK_CONSUMER) timestamp=3470 ms, used_size=2969600 bytes (7.2%)
(RDMA_READ_CONSUME_CHECK_CONSUMER) timestamp=3470 ms, used_size=2967552 bytes (7.2%)
(RDMA_READ_CONSUME_CHECK_CONSUMER) timestamp=3470 ms, used_size=2965504 bytes (7.2%)
(RDMA_READ_CONSUME_CHECK_CONSUMER) timestamp=3470 ms, used_size=2963456 bytes (7.2%)
(RDMA_READ_CONSUME_CHECK_CONSUMER) timestamp=3470 ms, used_size=2961408 bytes (7.2%)
(RDMA_READ_CONSUME_CHECK_CONSUMER) timestamp=3470 ms, used_size=2959360 bytes (7.2%)
(RDMA_READ_CONSUME_CHECK_CONSUMER) timestamp=3470 ms, used_size=2957312 bytes (7.2%)
(RDMA_READ_CONSUME_CHECK_CONSUMER) timestamp=3470 ms, used_size=2955264 bytes (7.2%)
(RDMA_READ_CONSUME_CHECK_CONSUMER) timestamp=3470 ms, used_size=2953216 bytes (7.2%)
(RDMA_READ_CONSUME_CHECK_CONSUMER) timestamp=3470 ms, used_size=2951168 bytes (7.2%)
(RDMA_READ_CONSUME_CHECK_CONSUMER) timestamp=3470 ms, used_size=2949120 bytes (7.2%)
(RDMA_READ_CONSUME_CHECK_CONSUMER) timestamp=3470 ms, used_size=2947072 bytes (7.2%)
(RDMA_READ_CONSUME_CHECK_CONSUMER) timestamp=3470 ms, used_size=2945024 bytes (7.2%)
(RDMA_READ_CONSUME_CHECK_CONSUMER) timestamp=3470 ms, used_size=2942976 bytes (7.2%)
(RDMA_READ_CONSUME_CHECK_CONSUMER) timestamp=3470 ms, used_size=2940928 bytes (7.2%)
(RDMA_READ_CONSUME_CHECK_CONSUMER) timestamp=3470 ms, used_size=2938880 bytes (7.2%)
(RDMA_READ_CONSUME_CHECK_CONSUMER) timestamp=3470 ms, used_size=2936832 bytes (7.2%)
(RDMA_READ_CONSUME_CHECK_CONSUMER) timestamp=3470 ms, used_size=2934784 bytes (7.2%)
(RDMA_READ_CONSUME_CHECK_CONSUMER) timestamp=3470 ms, used_size=2932736 bytes (7.2%)
(RDMA_READ_CONSUME_CHECK_CONSUMER) timestamp=3470 ms, used_size=2930688 bytes (7.2%)
(RDMA_READ_CONSUME_CHECK_CONSUMER) timestamp=3470 ms, used_size=2928640 bytes (7.2%)
(RDMA_READ_CONSUME_CHECK_CONSUMER) timestamp=3470 ms, used_size=2926592 bytes (7.1%)
(RDMA_READ_CONSUME_CHECK_CONSUMER) timestamp=3470 ms, used_size=2924544 bytes (7.1%)
(RDMA_READ_CONSUME_CHECK_CONSUMER) timestamp=3470 ms, used_size=2922496 bytes (7.1%)
(RDMA_READ_CONSUME_CHECK_CONSUMER) timestamp=3470 ms, used_size=2920448 bytes (7.1%)
(RDMA_READ_CONSUME_CHECK_CONSUMER) timestamp=3470 ms, used_size=2918400 bytes (7.1%)
(RDMA_READ_CONSUME_CHECK_CONSUMER) timestamp=3470 ms, used_size=2916352 bytes (7.1%)
(RDMA_READ_CONSUME_CHECK_CONSUMER) timestamp=3470 ms, used_size=2914304 bytes (7.1%)
(RDMA_READ_CONSUME_CHECK_CONSUMER) timestamp=3471 ms, used_size=2912256 bytes (7.1%)
(RDMA_READ_CONSUME_CHECK_CONSUMER) timestamp=3471 ms, used_size=2910208 bytes (7.1%)
(RDMA_READ_CONSUME_CHECK_CONSUMER) timestamp=3471 ms, used_size=2908160 bytes (7.1%)
(RDMA_READ_CONSUME_CHECK_CONSUMER) timestamp=3471 ms, used_size=2906112 bytes (7.1%)
(RDMA_READ_CONSUME_CHECK_CONSUMER) timestamp=3471 ms, used_size=2904064 bytes (7.1%)
(RDMA_READ_CONSUME_CHECK_CONSUMER) timestamp=3471 ms, used_size=2902016 bytes (7.1%)
(RDMA_READ_CONSUME_CHECK_CONSUMER) timestamp=3471 ms, used_size=2899968 bytes (7.1%)
(RDMA_READ_CONSUME_CHECK_CONSUMER) timestamp=3471 ms, used_size=2897920 bytes (7.1%)
(RDMA_READ_CONSUME_CHECK_CONSUMER) timestamp=3471 ms, used_size=2895872 bytes (7.1%)
(RDMA_READ_CONSUME_CHECK_CONSUMER) timestamp=3471 ms, used_size=2893824 bytes (7.1%)
(RDMA_READ_CONSUME_CHECK_CONSUMER) timestamp=3471 ms, used_size=2891776 bytes (7.1%)
(RDMA_READ_CONSUME_CHECK_CONSUMER) timestamp=3471 ms, used_size=2889728 bytes (7.1%)
(RDMA_READ_CONSUME_CHECK_CONSUMER) timestamp=3471 ms, used_size=2887680 bytes (7.0%)
(RDMA_READ_CONSUME_CHECK_CONSUMER) timestamp=3471 ms, used_size=2885632 bytes (7.0%)
(RDMA_READ_CONSUME_CHECK_CONSUMER) timestamp=3471 ms, used_size=2883584 bytes (7.0%)
(RDMA_READ_CONSUME_CHECK_CONSUMER) timestamp=3471 ms, used_size=2881536 bytes (7.0%)
(RDMA_READ_CONSUME_CHECK_CONSUMER) timestamp=3471 ms, used_size=2879488 bytes (7.0%)
(RDMA_READ_CONSUME_CHECK_CONSUMER) timestamp=3471 ms, used_size=2877440 bytes (7.0%)
(RDMA_READ_CONSUME_CHECK_CONSUMER) timestamp=3471 ms, used_size=2875392 bytes (7.0%)
(RDMA_READ_CONSUME_CHECK_CONSUMER) timestamp=3471 ms, used_size=2873344 bytes (7.0%)
(RDMA_READ_CONSUME_CHECK_CONSUMER) timestamp=3471 ms, used_size=2871296 bytes (7.0%)
(RDMA_READ_CONSUME_CHECK_CONSUMER) timestamp=3471 ms, used_size=2869248 bytes (7.0%)
(RDMA_READ_CONSUME_CHECK_CONSUMER) timestamp=3471 ms, used_size=2867200 bytes (7.0%)
(RDMA_READ_CONSUME_CHECK_CONSUMER) timestamp=3471 ms, used_size=2865152 bytes (7.0%)
(RDMA_READ_CONSUME_CHECK_CONSUMER) timestamp=3471 ms, used_size=2863104 bytes (7.0%)
(RDMA_READ_CONSUME_CHECK_CONSUMER) timestamp=3471 ms, used_size=2861056 bytes (7.0%)
(RDMA_READ_CONSUME_CHECK_CONSUMER) timestamp=3471 ms, used_size=2859008 bytes (7.0%)
(RDMA_READ_CONSUME_CHECK_CONSUMER) timestamp=3471 ms, used_size=2856960 bytes (7.0%)
(RDMA_READ_CONSUME_CHECK_CONSUMER) timestamp=3471 ms, used_size=2854912 bytes (7.0%)
(RDMA_READ_CONSUME_CHECK_CONSUMER) timestamp=3471 ms, used_size=2852864 bytes (7.0%)
(RDMA_READ_CONSUME_CHECK_CONSUMER) timestamp=3471 ms, used_size=2850816 bytes (7.0%)
(RDMA_READ_CONSUME_CHECK_CONSUMER) timestamp=3471 ms, used_size=2848768 bytes (7.0%)
(RDMA_READ_CONSUME_CHECK_CONSUMER) timestamp=3471 ms, used_size=2846720 bytes (7.0%)
(RDMA_READ_CONSUME_CHECK_CONSUMER) timestamp=3471 ms, used_size=2844672 bytes (6.9%)
(RDMA_READ_CONSUME_CHECK_CONSUMER) timestamp=3471 ms, used_size=2842624 bytes (6.9%)
(RDMA_READ_CONSUME_CHECK_CONSUMER) timestamp=3471 ms, used_size=2840576 bytes (6.9%)
(RDMA_READ_CONSUME_CHECK_CONSUMER) timestamp=3471 ms, used_size=2838528 bytes (6.9%)
(RDMA_READ_CONSUME_CHECK_CONSUMER) timestamp=3471 ms, used_size=2836480 bytes (6.9%)
(RDMA_READ_CONSUME_CHECK_CONSUMER) timestamp=3471 ms, used_size=2834432 bytes (6.9%)
(RDMA_READ_CONSUME_CHECK_CONSUMER) timestamp=3471 ms, used_size=2832384 bytes (6.9%)
(RDMA_READ_CONSUME_CHECK_CONSUMER) timestamp=3471 ms, used_size=2830336 bytes (6.9%)
(RDMA_READ_CONSUME_CHECK_CONSUMER) timestamp=3471 ms, used_size=2828288 bytes (6.9%)
(RDMA_READ_CONSUME_CHECK_CONSUMER) timestamp=3471 ms, used_size=2826240 bytes (6.9%)
(RDMA_READ_CONSUME_CHECK_CONSUMER) timestamp=3471 ms, used_size=2824192 bytes (6.9%)
(RDMA_READ_CONSUME_CHECK_CONSUMER) timestamp=3471 ms, used_size=2822144 bytes (6.9%)
(RDMA_READ_CONSUME_CHECK_CONSUMER) timestamp=3471 ms, used_size=2820096 bytes (6.9%)
(RDMA_READ_CONSUME_CHECK_CONSUMER) timestamp=3471 ms, used_size=2818048 bytes (6.9%)
(RDMA_READ_CONSUME_CHECK_CONSUMER) timestamp=3471 ms, used_size=2816000 bytes (6.9%)
(RDMA_READ_CONSUME_CHECK_CONSUMER) timestamp=3471 ms, used_size=2813952 bytes (6.9%)
(RDMA_READ_CONSUME_CHECK_CONSUMER) timestamp=3471 ms, used_size=2811904 bytes (6.9%)
(RDMA_READ_CONSUME_CHECK_CONSUMER) timestamp=3471 ms, used_size=2809856 bytes (6.9%)
(RDMA_READ_CONSUME_CHECK_CONSUMER) timestamp=3471 ms, used_size=2807808 bytes (6.9%)
(RDMA_READ_CONSUME_CHECK_CONSUMER) timestamp=3471 ms, used_size=2805760 bytes (6.8%)
(RDMA_READ_CONSUME_CHECK_CONSUMER) timestamp=3471 ms, used_size=2803712 bytes (6.8%)
(RDMA_READ_CONSUME_CHECK_CONSUMER) timestamp=3471 ms, used_size=2801664 bytes (6.8%)
(RDMA_READ_CONSUME_CHECK_CONSUMER) timestamp=3471 ms, used_size=2799616 bytes (6.8%)
(RDMA_READ_CONSUME_CHECK_CONSUMER) timestamp=3471 ms, used_size=2797568 bytes (6.8%)
(RDMA_READ_CONSUME_CHECK_CONSUMER) timestamp=3471 ms, used_size=2795520 bytes (6.8%)
(RDMA_READ_CONSUME_CHECK_CONSUMER) timestamp=3471 ms, used_size=2793472 bytes (6.8%)
(RDMA_READ_CONSUME_CHECK_CONSUMER) timestamp=3471 ms, used_size=2791424 bytes (6.8%)
(RDMA_READ_CONSUME_CHECK_CONSUMER) timestamp=3471 ms, used_size=2789376 bytes (6.8%)
(RDMA_READ_CONSUME_CHECK_CONSUMER) timestamp=3471 ms, used_size=2787328 bytes (6.8%)
(RDMA_READ_CONSUME_CHECK_CONSUMER) timestamp=3471 ms, used_size=2785280 bytes (6.8%)
(RDMA_READ_CONSUME_CHECK_CONSUMER) timestamp=3471 ms, used_size=2783232 bytes (6.8%)
(RDMA_READ_CONSUME_CHECK_CONSUMER) timestamp=3471 ms, used_size=2781184 bytes (6.8%)
(RDMA_READ_CONSUME_CHECK_CONSUMER) timestamp=3471 ms, used_size=2779136 bytes (6.8%)
(RDMA_READ_CONSUME_CHECK_CONSUMER) timestamp=3471 ms, used_size=2777088 bytes (6.8%)
(RDMA_READ_CONSUME_CHECK_CONSUMER) timestamp=3471 ms, used_size=2775040 bytes (6.8%)
(RDMA_READ_CONSUME_CHECK_CONSUMER) timestamp=3471 ms, used_size=2772992 bytes (6.8%)
(RDMA_READ_CONSUME_CHECK_CONSUMER) timestamp=3471 ms, used_size=2770944 bytes (6.8%)
(RDMA_READ_CONSUME_CHECK_CONSUMER) timestamp=3471 ms, used_size=2768896 bytes (6.8%)
(RDMA_READ_CONSUME_CHECK_CONSUMER) timestamp=3471 ms, used_size=2766848 bytes (6.8%)
(RDMA_READ_CONSUME_CHECK_CONSUMER) timestamp=3471 ms, used_size=2764800 bytes (6.8%)
(RDMA_READ_CONSUME_CHECK_CONSUMER) timestamp=3471 ms, used_size=2762752 bytes (6.7%)
(RDMA_READ_CONSUME_CHECK_CONSUMER) timestamp=3471 ms, used_size=2760704 bytes (6.7%)
(RDMA_READ_CONSUME_CHECK_CONSUMER) timestamp=3471 ms, used_size=2758656 bytes (6.7%)
(RDMA_READ_CONSUME_CHECK_CONSUMER) timestamp=3471 ms, used_size=2756608 bytes (6.7%)
(RDMA_READ_CONSUME_CHECK_CONSUMER) timestamp=3471 ms, used_size=2754560 bytes (6.7%)
(RDMA_READ_CONSUME_CHECK_CONSUMER) timestamp=3471 ms, used_size=2752512 bytes (6.7%)
(RDMA_READ_CONSUME_CHECK_CONSUMER) timestamp=3471 ms, used_size=2750464 bytes (6.7%)
(RDMA_READ_CONSUME_CHECK_CONSUMER) timestamp=3471 ms, used_size=2748416 bytes (6.7%)
(RDMA_READ_CONSUME_CHECK_CONSUMER) timestamp=3471 ms, used_size=2746368 bytes (6.7%)
(RDMA_READ_CONSUME_CHECK_CONSUMER) timestamp=3471 ms, used_size=2744320 bytes (6.7%)
(RDMA_READ_CONSUME_CHECK_CONSUMER) timestamp=3471 ms, used_size=2742272 bytes (6.7%)
(RDMA_READ_CONSUME_CHECK_CONSUMER) timestamp=3471 ms, used_size=2740224 bytes (6.7%)
(RDMA_READ_CONSUME_CHECK_CONSUMER) timestamp=3471 ms, used_size=2738176 bytes (6.7%)
(RDMA_READ_CONSUME_CHECK_CONSUMER) timestamp=3471 ms, used_size=2736128 bytes (6.7%)
(RDMA_READ_CONSUME_CHECK_CONSUMER) timestamp=3471 ms, used_size=2734080 bytes (6.7%)
(RDMA_READ_CONSUME_CHECK_CONSUMER) timestamp=3471 ms, used_size=2732032 bytes (6.7%)
(RDMA_READ_CONSUME_CHECK_CONSUMER) timestamp=3471 ms, used_size=2729984 bytes (6.7%)
(RDMA_READ_CONSUME_CHECK_CONSUMER) timestamp=3471 ms, used_size=2727936 bytes (6.7%)
(RDMA_READ_CONSUME_CHECK_CONSUMER) timestamp=3471 ms, used_size=2725888 bytes (6.7%)
(RDMA_READ_CONSUME_CHECK_CONSUMER) timestamp=3471 ms, used_size=2723840 bytes (6.7%)
(RDMA_READ_CONSUME_CHECK_CONSUMER) timestamp=3471 ms, used_size=2721792 bytes (6.6%)
(RDMA_READ_CONSUME_CHECK_CONSUMER) timestamp=3471 ms, used_size=2719744 bytes (6.6%)
(RDMA_READ_CONSUME_CHECK_CONSUMER) timestamp=3471 ms, used_size=2717696 bytes (6.6%)
(RDMA_READ_CONSUME_CHECK_CONSUMER) timestamp=3471 ms, used_size=2715648 bytes (6.6%)
(RDMA_READ_CONSUME_CHECK_CONSUMER) timestamp=3471 ms, used_size=2713600 bytes (6.6%)
(RDMA_READ_CONSUME_CHECK_CONSUMER) timestamp=3471 ms, used_size=2711552 bytes (6.6%)
(RDMA_READ_CONSUME_CHECK_CONSUMER) timestamp=3471 ms, used_size=2709504 bytes (6.6%)
(RDMA_READ_CONSUME_CHECK_CONSUMER) timestamp=3471 ms, used_size=2707456 bytes (6.6%)
(RDMA_READ_CONSUME_CHECK_CONSUMER) timestamp=3471 ms, used_size=2705408 bytes (6.6%)
(RDMA_READ_CONSUME_CHECK_CONSUMER) timestamp=3471 ms, used_size=2703360 bytes (6.6%)
(RDMA_READ_CONSUME_CHECK_CONSUMER) timestamp=3471 ms, used_size=2701312 bytes (6.6%)
(RDMA_READ_CONSUME_CHECK_CONSUMER) timestamp=3471 ms, used_size=2699264 bytes (6.6%)
(RDMA_READ_CONSUME_CHECK_CONSUMER) timestamp=3471 ms, used_size=2697216 bytes (6.6%)
(RDMA_READ_CONSUME_CHECK_CONSUMER) timestamp=3471 ms, used_size=2695168 bytes (6.6%)
(RDMA_READ_CONSUME_CHECK_CONSUMER) timestamp=3471 ms, used_size=2693120 bytes (6.6%)
(RDMA_READ_CONSUME_CHECK_CONSUMER) timestamp=3471 ms, used_size=2691072 bytes (6.6%)
(RDMA_READ_CONSUME_CHECK_CONSUMER) timestamp=3471 ms, used_size=2689024 bytes (6.6%)
(RDMA_READ_CONSUME_CHECK_CONSUMER) timestamp=3471 ms, used_size=2686976 bytes (6.6%)
(RDMA_READ_CONSUME_CHECK_CONSUMER) timestamp=3471 ms, used_size=2684928 bytes (6.6%)
(RDMA_READ_CONSUME_CHECK_CONSUMER) timestamp=3471 ms, used_size=2682880 bytes (6.5%)
(RDMA_READ_CONSUME_CHECK_CONSUMER) timestamp=3471 ms, used_size=2680832 bytes (6.5%)
(RDMA_READ_CONSUME_CHECK_CONSUMER) timestamp=3471 ms, used_size=2678784 bytes (6.5%)
(RDMA_READ_CONSUME_CHECK_CONSUMER) timestamp=3471 ms, used_size=2676736 bytes (6.5%)
(RDMA_READ_CONSUME_CHECK_CONSUMER) timestamp=3471 ms, used_size=2674688 bytes (6.5%)
(RDMA_READ_CONSUME_CHECK_CONSUMER) timestamp=3471 ms, used_size=2672640 bytes (6.5%)
(RDMA_READ_CONSUME_CHECK_CONSUMER) timestamp=3471 ms, used_size=2670592 bytes (6.5%)
(RDMA_READ_CONSUME_CHECK_CONSUMER) timestamp=3471 ms, used_size=2668544 bytes (6.5%)
(RDMA_READ_CONSUME_CHECK_CONSUMER) timestamp=3471 ms, used_size=2666496 bytes (6.5%)
(RDMA_READ_CONSUME_CHECK_CONSUMER) timestamp=3471 ms, used_size=2664448 bytes (6.5%)
(RDMA_READ_CONSUME_CHECK_CONSUMER) timestamp=3471 ms, used_size=2662400 bytes (6.5%)
(RDMA_READ_CONSUME_CHECK_CONSUMER) timestamp=3471 ms, used_size=2660352 bytes (6.5%)
(RDMA_READ_CONSUME_CHECK_CONSUMER) timestamp=3471 ms, used_size=2658304 bytes (6.5%)
(RDMA_READ_CONSUME_CHECK_CONSUMER) timestamp=3471 ms, used_size=2656256 bytes (6.5%)
(RDMA_READ_CONSUME_CHECK_CONSUMER) timestamp=3471 ms, used_size=2654208 bytes (6.5%)
(RDMA_READ_CONSUME_CHECK_CONSUMER) timestamp=3471 ms, used_size=2652160 bytes (6.5%)
(RDMA_READ_CONSUME_CHECK_CONSUMER) timestamp=3471 ms, used_size=2650112 bytes (6.5%)
(RDMA_READ_CONSUME_CHECK_CONSUMER) timestamp=3471 ms, used_size=2648064 bytes (6.5%)
(RDMA_READ_CONSUME_CHECK_CONSUMER) timestamp=3471 ms, used_size=2646016 bytes (6.5%)
(RDMA_READ_CONSUME_CHECK_CONSUMER) timestamp=3471 ms, used_size=2643968 bytes (6.5%)
(RDMA_READ_CONSUME_CHECK_CONSUMER) timestamp=3471 ms, used_size=2641920 bytes (6.5%)
(RDMA_READ_CONSUME_CHECK_CONSUMER) timestamp=3471 ms, used_size=2639872 bytes (6.4%)
(RDMA_READ_CONSUME_CHECK_CONSUMER) timestamp=3471 ms, used_size=2637824 bytes (6.4%)
(RDMA_READ_CONSUME_CHECK_CONSUMER) timestamp=3471 ms, used_size=2635776 bytes (6.4%)
(RDMA_READ_CONSUME_CHECK_CONSUMER) timestamp=3471 ms, used_size=2633728 bytes (6.4%)
(RDMA_READ_CONSUME_CHECK_CONSUMER) timestamp=3471 ms, used_size=2631680 bytes (6.4%)
(RDMA_READ_CONSUME_CHECK_CONSUMER) timestamp=3471 ms, used_size=2629632 bytes (6.4%)
(RDMA_READ_CONSUME_CHECK_CONSUMER) timestamp=3471 ms, used_size=2627584 bytes (6.4%)
(RDMA_READ_CONSUME_CHECK_CONSUMER) timestamp=3471 ms, used_size=2625536 bytes (6.4%)
(RDMA_READ_CONSUME_CHECK_CONSUMER) timestamp=3471 ms, used_size=2623488 bytes (6.4%)
(RDMA_READ_CONSUME_CHECK_CONSUMER) timestamp=3471 ms, used_size=2621440 bytes (6.4%)
(RDMA_READ_CONSUME_CHECK_CONSUMER) timestamp=3471 ms, used_size=2619392 bytes (6.4%)
(RDMA_READ_CONSUME_CHECK_CONSUMER) timestamp=3471 ms, used_size=2617344 bytes (6.4%)
(RDMA_READ_CONSUME_CHECK_CONSUMER) timestamp=3471 ms, used_size=2615296 bytes (6.4%)
(RDMA_READ_CONSUME_CHECK_CONSUMER) timestamp=3471 ms, used_size=2613248 bytes (6.4%)
(RDMA_READ_CONSUME_CHECK_CONSUMER) timestamp=3471 ms, used_size=2611200 bytes (6.4%)
(RDMA_READ_CONSUME_CHECK_CONSUMER) timestamp=3471 ms, used_size=2609152 bytes (6.4%)
(RDMA_READ_CONSUME_CHECK_CONSUMER) timestamp=3471 ms, used_size=2607104 bytes (6.4%)
(RDMA_READ_CONSUME_CHECK_CONSUMER) timestamp=3471 ms, used_size=2605056 bytes (6.4%)
(RDMA_READ_CONSUME_CHECK_CONSUMER) timestamp=3471 ms, used_size=2603008 bytes (6.4%)
(RDMA_READ_CONSUME_CHECK_CONSUMER) timestamp=3471 ms, used_size=2600960 bytes (6.3%)
(RDMA_READ_CONSUME_CHECK_CONSUMER) timestamp=3471 ms, used_size=2598912 bytes (6.3%)
(RDMA_READ_CONSUME_CHECK_CONSUMER) timestamp=3471 ms, used_size=2596864 bytes (6.3%)
(RDMA_READ_CONSUME_CHECK_CONSUMER) timestamp=3471 ms, used_size=2594816 bytes (6.3%)
(RDMA_READ_CONSUME_CHECK_CONSUMER) timestamp=3471 ms, used_size=2592768 bytes (6.3%)
(RDMA_READ_CONSUME_CHECK_CONSUMER) timestamp=3471 ms, used_size=2590720 bytes (6.3%)
(RDMA_READ_CONSUME_CHECK_CONSUMER) timestamp=3471 ms, used_size=2588672 bytes (6.3%)
(RDMA_READ_CONSUME_CHECK_CONSUMER) timestamp=3471 ms, used_size=2586624 bytes (6.3%)
(RDMA_READ_CONSUME_CHECK_CONSUMER) timestamp=3471 ms, used_size=2584576 bytes (6.3%)
(RDMA_READ_CONSUME_CHECK_CONSUMER) timestamp=3471 ms, used_size=2582528 bytes (6.3%)
(RDMA_READ_CONSUME_CHECK_CONSUMER) timestamp=3471 ms, used_size=2580480 bytes (6.3%)
(RDMA_READ_CONSUME_CHECK_CONSUMER) timestamp=3471 ms, used_size=2578432 bytes (6.3%)
(RDMA_READ_CONSUME_CHECK_CONSUMER) timestamp=3471 ms, used_size=2576384 bytes (6.3%)
(RDMA_READ_CONSUME_CHECK_CONSUMER) timestamp=3471 ms, used_size=2574336 bytes (6.3%)
(RDMA_READ_CONSUME_CHECK_CONSUMER) timestamp=3471 ms, used_size=2572288 bytes (6.3%)
(RDMA_READ_CONSUME_CHECK_CONSUMER) timestamp=3471 ms, used_size=2570240 bytes (6.3%)
(RDMA_READ_CONSUME_CHECK_CONSUMER) timestamp=3471 ms, used_size=2568192 bytes (6.3%)
(RDMA_READ_CONSUME_CHECK_CONSUMER) timestamp=3471 ms, used_size=2566144 bytes (6.3%)
(RDMA_READ_CONSUME_CHECK_CONSUMER) timestamp=3471 ms, used_size=2564096 bytes (6.3%)
(RDMA_READ_CONSUME_CHECK_CONSUMER) timestamp=3471 ms, used_size=2562048 bytes (6.3%)
(RDMA_READ_CONSUME_CHECK_CONSUMER) timestamp=3471 ms, used_size=2560000 bytes (6.2%)
(RDMA_READ_CONSUME_CHECK_CONSUMER) timestamp=3471 ms, used_size=2557952 bytes (6.2%)
(RDMA_READ_CONSUME_CHECK_CONSUMER) timestamp=3471 ms, used_size=2555904 bytes (6.2%)
(RDMA_READ_CONSUME_CHECK_CONSUMER) timestamp=3471 ms, used_size=2553856 bytes (6.2%)
(RDMA_READ_CONSUME_CHECK_CONSUMER) timestamp=3471 ms, used_size=2551808 bytes (6.2%)
(RDMA_READ_CONSUME_CHECK_CONSUMER) timestamp=3471 ms, used_size=2549760 bytes (6.2%)
(RDMA_READ_CONSUME_CHECK_CONSUMER) timestamp=3471 ms, used_size=2547712 bytes (6.2%)
(RDMA_READ_CONSUME_CHECK_CONSUMER) timestamp=3472 ms, used_size=2545664 bytes (6.2%)
(RDMA_READ_CONSUME_CHECK_CONSUMER) timestamp=3472 ms, used_size=2543616 bytes (6.2%)
(RDMA_READ_CONSUME_CHECK_CONSUMER) timestamp=3472 ms, used_size=2541568 bytes (6.2%)
(RDMA_READ_CONSUME_CHECK_CONSUMER) timestamp=3472 ms, used_size=2539520 bytes (6.2%)
(RDMA_READ_CONSUME_CHECK_CONSUMER) timestamp=3472 ms, used_size=2537472 bytes (6.2%)
(RDMA_READ_CONSUME_CHECK_CONSUMER) timestamp=3472 ms, used_size=2535424 bytes (6.2%)
(RDMA_READ_CONSUME_CHECK_CONSUMER) timestamp=3472 ms, used_size=2533376 bytes (6.2%)
(RDMA_READ_CONSUME_CHECK_CONSUMER) timestamp=3472 ms, used_size=2531328 bytes (6.2%)
(RDMA_READ_CONSUME_CHECK_CONSUMER) timestamp=3472 ms, used_size=2529280 bytes (6.2%)
(RDMA_READ_CONSUME_CHECK_CONSUMER) timestamp=3472 ms, used_size=2527232 bytes (6.2%)
(RDMA_READ_CONSUME_CHECK_CONSUMER) timestamp=3472 ms, used_size=2525184 bytes (6.2%)
(RDMA_READ_CONSUME_CHECK_CONSUMER) timestamp=3472 ms, used_size=2523136 bytes (6.2%)
(RDMA_READ_CONSUME_CHECK_CONSUMER) timestamp=3472 ms, used_size=2521088 bytes (6.2%)
(RDMA_READ_CONSUME_CHECK_CONSUMER) timestamp=3472 ms, used_size=2519040 bytes (6.2%)
(RDMA_READ_CONSUME_CHECK_CONSUMER) timestamp=3472 ms, used_size=2516992 bytes (6.1%)
(RDMA_READ_CONSUME_CHECK_CONSUMER) timestamp=3472 ms, used_size=2514944 bytes (6.1%)
(RDMA_READ_CONSUME_CHECK_CONSUMER) timestamp=3472 ms, used_size=2512896 bytes (6.1%)
(RDMA_READ_CONSUME_CHECK_CONSUMER) timestamp=3472 ms, used_size=2510848 bytes (6.1%)
(RDMA_READ_CONSUME_CHECK_CONSUMER) timestamp=3472 ms, used_size=2508800 bytes (6.1%)
(RDMA_READ_CONSUME_CHECK_CONSUMER) timestamp=3472 ms, used_size=2506752 bytes (6.1%)
(RDMA_READ_CONSUME_CHECK_CONSUMER) timestamp=3472 ms, used_size=2504704 bytes (6.1%)
(RDMA_READ_CONSUME_CHECK_CONSUMER) timestamp=3472 ms, used_size=2502656 bytes (6.1%)
(RDMA_READ_CONSUME_CHECK_CONSUMER) timestamp=3472 ms, used_size=2500608 bytes (6.1%)
(RDMA_READ_CONSUME_CHECK_CONSUMER) timestamp=3472 ms, used_size=2498560 bytes (6.1%)
(RDMA_READ_CONSUME_CHECK_CONSUMER) timestamp=3472 ms, used_size=2496512 bytes (6.1%)
(RDMA_READ_CONSUME_CHECK_CONSUMER) timestamp=3472 ms, used_size=2494464 bytes (6.1%)
(RDMA_READ_CONSUME_CHECK_CONSUMER) timestamp=3472 ms, used_size=2492416 bytes (6.1%)
(RDMA_READ_CONSUME_CHECK_CONSUMER) timestamp=3472 ms, used_size=2490368 bytes (6.1%)
(RDMA_READ_CONSUME_CHECK_CONSUMER) timestamp=3472 ms, used_size=2488320 bytes (6.1%)
(RDMA_READ_CONSUME_CHECK_CONSUMER) timestamp=3472 ms, used_size=2486272 bytes (6.1%)
(RDMA_READ_CONSUME_CHECK_CONSUMER) timestamp=3472 ms, used_size=2484224 bytes (6.1%)
(RDMA_READ_CONSUME_CHECK_CONSUMER) timestamp=3472 ms, used_size=2482176 bytes (6.1%)
(RDMA_READ_CONSUME_CHECK_CONSUMER) timestamp=3472 ms, used_size=2480128 bytes (6.1%)
(RDMA_READ_CONSUME_CHECK_CONSUMER) timestamp=3472 ms, used_size=2478080 bytes (6.0%)
(RDMA_READ_CONSUME_CHECK_CONSUMER) timestamp=3472 ms, used_size=2476032 bytes (6.0%)
(RDMA_READ_CONSUME_CHECK_CONSUMER) timestamp=3472 ms, used_size=2473984 bytes (6.0%)
(RDMA_READ_CONSUME_CHECK_CONSUMER) timestamp=3472 ms, used_size=2471936 bytes (6.0%)
(RDMA_READ_CONSUME_CHECK_CONSUMER) timestamp=3472 ms, used_size=2469888 bytes (6.0%)
(RDMA_READ_CONSUME_CHECK_CONSUMER) timestamp=3472 ms, used_size=2467840 bytes (6.0%)
(RDMA_READ_CONSUME_CHECK_CONSUMER) timestamp=3472 ms, used_size=2465792 bytes (6.0%)
(RDMA_READ_CONSUME_CHECK_CONSUMER) timestamp=3472 ms, used_size=2463744 bytes (6.0%)
(RDMA_READ_CONSUME_CHECK_CONSUMER) timestamp=3472 ms, used_size=2461696 bytes (6.0%)
(RDMA_READ_CONSUME_CHECK_CONSUMER) timestamp=3472 ms, used_size=2459648 bytes (6.0%)
(RDMA_READ_CONSUME_CHECK_CONSUMER) timestamp=3472 ms, used_size=2457600 bytes (6.0%)
(RDMA_READ_CONSUME_CHECK_CONSUMER) timestamp=3472 ms, used_size=2455552 bytes (6.0%)
(RDMA_READ_CONSUME_CHECK_CONSUMER) timestamp=3472 ms, used_size=2453504 bytes (6.0%)
(RDMA_READ_CONSUME_CHECK_CONSUMER) timestamp=3472 ms, used_size=2451456 bytes (6.0%)
(RDMA_READ_CONSUME_CHECK_CONSUMER) timestamp=3472 ms, used_size=2449408 bytes (6.0%)
(RDMA_READ_CONSUME_CHECK_CONSUMER) timestamp=3472 ms, used_size=2447360 bytes (6.0%)
(RDMA_READ_CONSUME_CHECK_CONSUMER) timestamp=3472 ms, used_size=2445312 bytes (6.0%)
(RDMA_READ_CONSUME_CHECK_CONSUMER) timestamp=3472 ms, used_size=2443264 bytes (6.0%)
(RDMA_READ_CONSUME_CHECK_CONSUMER) timestamp=3472 ms, used_size=2441216 bytes (6.0%)
(RDMA_READ_CONSUME_CHECK_CONSUMER) timestamp=3472 ms, used_size=2439168 bytes (6.0%)
(RDMA_READ_CONSUME_CHECK_CONSUMER) timestamp=3472 ms, used_size=2437120 bytes (6.0%)
(RDMA_READ_CONSUME_CHECK_CONSUMER) timestamp=3472 ms, used_size=2435072 bytes (5.9%)
(RDMA_READ_CONSUME_CHECK_CONSUMER) timestamp=3472 ms, used_size=2433024 bytes (5.9%)
(RDMA_READ_CONSUME_CHECK_CONSUMER) timestamp=3472 ms, used_size=2430976 bytes (5.9%)
(RDMA_READ_CONSUME_CHECK_CONSUMER) timestamp=3472 ms, used_size=2428928 bytes (5.9%)
(RDMA_READ_CONSUME_CHECK_CONSUMER) timestamp=3472 ms, used_size=2426880 bytes (5.9%)
(RDMA_READ_CONSUME_CHECK_CONSUMER) timestamp=3472 ms, used_size=2424832 bytes (5.9%)
(RDMA_READ_CONSUME_CHECK_CONSUMER) timestamp=3472 ms, used_size=2422784 bytes (5.9%)
(RDMA_READ_CONSUME_CHECK_CONSUMER) timestamp=3472 ms, used_size=2420736 bytes (5.9%)
(RDMA_READ_CONSUME_CHECK_CONSUMER) timestamp=3472 ms, used_size=2418688 bytes (5.9%)
(RDMA_READ_CONSUME_CHECK_CONSUMER) timestamp=3472 ms, used_size=2416640 bytes (5.9%)
(RDMA_READ_CONSUME_CHECK_CONSUMER) timestamp=3472 ms, used_size=2414592 bytes (5.9%)
(RDMA_READ_CONSUME_CHECK_CONSUMER) timestamp=3472 ms, used_size=2412544 bytes (5.9%)
(RDMA_READ_CONSUME_CHECK_CONSUMER) timestamp=3472 ms, used_size=2410496 bytes (5.9%)
(RDMA_READ_CONSUME_CHECK_CONSUMER) timestamp=3472 ms, used_size=2408448 bytes (5.9%)
(RDMA_READ_CONSUME_CHECK_CONSUMER) timestamp=3472 ms, used_size=2406400 bytes (5.9%)
(RDMA_READ_CONSUME_CHECK_CONSUMER) timestamp=3472 ms, used_size=2404352 bytes (5.9%)
(RDMA_READ_CONSUME_CHECK_CONSUMER) timestamp=3472 ms, used_size=2402304 bytes (5.9%)
(RDMA_READ_CONSUME_CHECK_CONSUMER) timestamp=3472 ms, used_size=2400256 bytes (5.9%)
(RDMA_READ_CONSUME_CHECK_CONSUMER) timestamp=3472 ms, used_size=2398208 bytes (5.9%)
(RDMA_READ_CONSUME_CHECK_CONSUMER) timestamp=3472 ms, used_size=2396160 bytes (5.8%)
(RDMA_READ_CONSUME_CHECK_CONSUMER) timestamp=3472 ms, used_size=2394112 bytes (5.8%)
(RDMA_READ_CONSUME_CHECK_CONSUMER) timestamp=3472 ms, used_size=2392064 bytes (5.8%)
(RDMA_READ_CONSUME_CHECK_CONSUMER) timestamp=3472 ms, used_size=2390016 bytes (5.8%)
(RDMA_READ_CONSUME_CHECK_CONSUMER) timestamp=3472 ms, used_size=2387968 bytes (5.8%)
(RDMA_READ_CONSUME_CHECK_CONSUMER) timestamp=3472 ms, used_size=2385920 bytes (5.8%)
(RDMA_READ_CONSUME_CHECK_CONSUMER) timestamp=3472 ms, used_size=2383872 bytes (5.8%)
(RDMA_READ_CONSUME_CHECK_CONSUMER) timestamp=3472 ms, used_size=2381824 bytes (5.8%)
(RDMA_READ_CONSUME_CHECK_CONSUMER) timestamp=3472 ms, used_size=2379776 bytes (5.8%)
(RDMA_READ_CONSUME_CHECK_CONSUMER) timestamp=3472 ms, used_size=2377728 bytes (5.8%)
(RDMA_READ_CONSUME_CHECK_CONSUMER) timestamp=3472 ms, used_size=2375680 bytes (5.8%)
(RDMA_READ_CONSUME_CHECK_CONSUMER) timestamp=3472 ms, used_size=2373632 bytes (5.8%)
(RDMA_READ_CONSUME_CHECK_CONSUMER) timestamp=3472 ms, used_size=2371584 bytes (5.8%)
(RDMA_READ_CONSUME_CHECK_CONSUMER) timestamp=3472 ms, used_size=2369536 bytes (5.8%)
(RDMA_READ_CONSUME_CHECK_CONSUMER) timestamp=3472 ms, used_size=2367488 bytes (5.8%)
(RDMA_READ_CONSUME_CHECK_CONSUMER) timestamp=3472 ms, used_size=2365440 bytes (5.8%)
(RDMA_READ_CONSUME_CHECK_CONSUMER) timestamp=3472 ms, used_size=2363392 bytes (5.8%)
(RDMA_READ_CONSUME_CHECK_CONSUMER) timestamp=3472 ms, used_size=2361344 bytes (5.8%)
(RDMA_READ_CONSUME_CHECK_CONSUMER) timestamp=3472 ms, used_size=2359296 bytes (5.8%)
(RDMA_READ_CONSUME_CHECK_CONSUMER) timestamp=3472 ms, used_size=2357248 bytes (5.8%)
(RDMA_READ_CONSUME_CHECK_CONSUMER) timestamp=3472 ms, used_size=2355200 bytes (5.8%)
(RDMA_READ_CONSUME_CHECK_CONSUMER) timestamp=3472 ms, used_size=2353152 bytes (5.7%)
(RDMA_READ_CONSUME_CHECK_CONSUMER) timestamp=3472 ms, used_size=2351104 bytes (5.7%)
(RDMA_READ_CONSUME_CHECK_CONSUMER) timestamp=3472 ms, used_size=2349056 bytes (5.7%)
(RDMA_READ_CONSUME_CHECK_CONSUMER) timestamp=3472 ms, used_size=2347008 bytes (5.7%)
(RDMA_READ_CONSUME_CHECK_CONSUMER) timestamp=3472 ms, used_size=2344960 bytes (5.7%)
(RDMA_READ_CONSUME_CHECK_CONSUMER) timestamp=3472 ms, used_size=2342912 bytes (5.7%)
(RDMA_READ_CONSUME_CHECK_CONSUMER) timestamp=3472 ms, used_size=2340864 bytes (5.7%)
(RDMA_READ_CONSUME_CHECK_CONSUMER) timestamp=3472 ms, used_size=2338816 bytes (5.7%)
(RDMA_READ_CONSUME_CHECK_CONSUMER) timestamp=3472 ms, used_size=2336768 bytes (5.7%)
(RDMA_READ_CONSUME_CHECK_CONSUMER) timestamp=3472 ms, used_size=2334720 bytes (5.7%)
(RDMA_READ_CONSUME_CHECK_CONSUMER) timestamp=3472 ms, used_size=2332672 bytes (5.7%)
(RDMA_READ_CONSUME_CHECK_CONSUMER) timestamp=3472 ms, used_size=2330624 bytes (5.7%)
(RDMA_READ_CONSUME_CHECK_CONSUMER) timestamp=3472 ms, used_size=2328576 bytes (5.7%)
(RDMA_READ_CONSUME_CHECK_CONSUMER) timestamp=3472 ms, used_size=2326528 bytes (5.7%)
(RDMA_READ_CONSUME_CHECK_CONSUMER) timestamp=3472 ms, used_size=2324480 bytes (5.7%)
(RDMA_READ_CONSUME_CHECK_CONSUMER) timestamp=3472 ms, used_size=2322432 bytes (5.7%)
(RDMA_READ_CONSUME_CHECK_CONSUMER) timestamp=3472 ms, used_size=2320384 bytes (5.7%)
(RDMA_READ_CONSUME_CHECK_CONSUMER) timestamp=3472 ms, used_size=2318336 bytes (5.7%)
(RDMA_READ_CONSUME_CHECK_CONSUMER) timestamp=3472 ms, used_size=2316288 bytes (5.7%)
(RDMA_READ_CONSUME_CHECK_CONSUMER) timestamp=3472 ms, used_size=2314240 bytes (5.7%)
(RDMA_READ_CONSUME_CHECK_CONSUMER) timestamp=3472 ms, used_size=2312192 bytes (5.6%)
(RDMA_READ_CONSUME_CHECK_CONSUMER) timestamp=3472 ms, used_size=2310144 bytes (5.6%)
(RDMA_READ_CONSUME_CHECK_CONSUMER) timestamp=3472 ms, used_size=2308096 bytes (5.6%)
(RDMA_READ_CONSUME_CHECK_CONSUMER) timestamp=3472 ms, used_size=2306048 bytes (5.6%)
(RDMA_READ_CONSUME_CHECK_CONSUMER) timestamp=3472 ms, used_size=2304000 bytes (5.6%)
(RDMA_READ_CONSUME_CHECK_CONSUMER) timestamp=3472 ms, used_size=2301952 bytes (5.6%)
(RDMA_READ_CONSUME_CHECK_CONSUMER) timestamp=3472 ms, used_size=2299904 bytes (5.6%)
(RDMA_READ_CONSUME_CHECK_CONSUMER) timestamp=3472 ms, used_size=2297856 bytes (5.6%)
(RDMA_READ_CONSUME_CHECK_CONSUMER) timestamp=3472 ms, used_size=2295808 bytes (5.6%)
(RDMA_READ_CONSUME_CHECK_CONSUMER) timestamp=3472 ms, used_size=2293760 bytes (5.6%)
(RDMA_READ_CONSUME_CHECK_CONSUMER) timestamp=3472 ms, used_size=2291712 bytes (5.6%)
(RDMA_READ_CONSUME_CHECK_CONSUMER) timestamp=3472 ms, used_size=2289664 bytes (5.6%)
(RDMA_READ_CONSUME_CHECK_CONSUMER) timestamp=3472 ms, used_size=2287616 bytes (5.6%)
(RDMA_READ_CONSUME_CHECK_CONSUMER) timestamp=3472 ms, used_size=2285568 bytes (5.6%)
(RDMA_READ_CONSUME_CHECK_CONSUMER) timestamp=3472 ms, used_size=2283520 bytes (5.6%)
(RDMA_READ_CONSUME_CHECK_CONSUMER) timestamp=3472 ms, used_size=2281472 bytes (5.6%)
(RDMA_READ_CONSUME_CHECK_CONSUMER) timestamp=3472 ms, used_size=2279424 bytes (5.6%)
(RDMA_READ_CONSUME_CHECK_CONSUMER) timestamp=3472 ms, used_size=2277376 bytes (5.6%)
(RDMA_READ_CONSUME_CHECK_CONSUMER) timestamp=3472 ms, used_size=2275328 bytes (5.6%)
(RDMA_READ_CONSUME_CHECK_CONSUMER) timestamp=3472 ms, used_size=2273280 bytes (5.5%)
(RDMA_READ_CONSUME_CHECK_CONSUMER) timestamp=3472 ms, used_size=2271232 bytes (5.5%)
(RDMA_READ_CONSUME_CHECK_CONSUMER) timestamp=3472 ms, used_size=2269184 bytes (5.5%)
(RDMA_READ_CONSUME_CHECK_CONSUMER) timestamp=3472 ms, used_size=2267136 bytes (5.5%)
(RDMA_READ_CONSUME_CHECK_CONSUMER) timestamp=3472 ms, used_size=2265088 bytes (5.5%)
(RDMA_READ_CONSUME_CHECK_CONSUMER) timestamp=3472 ms, used_size=2263040 bytes (5.5%)
(RDMA_READ_CONSUME_CHECK_CONSUMER) timestamp=3472 ms, used_size=2260992 bytes (5.5%)
(RDMA_READ_CONSUME_CHECK_CONSUMER) timestamp=3472 ms, used_size=2258944 bytes (5.5%)
(RDMA_READ_CONSUME_CHECK_CONSUMER) timestamp=3472 ms, used_size=2256896 bytes (5.5%)
(RDMA_READ_CONSUME_CHECK_CONSUMER) timestamp=3472 ms, used_size=2254848 bytes (5.5%)
(RDMA_READ_CONSUME_CHECK_CONSUMER) timestamp=3472 ms, used_size=2252800 bytes (5.5%)
(RDMA_READ_CONSUME_CHECK_CONSUMER) timestamp=3472 ms, used_size=2250752 bytes (5.5%)
(RDMA_READ_CONSUME_CHECK_CONSUMER) timestamp=3472 ms, used_size=2248704 bytes (5.5%)
(RDMA_READ_CONSUME_CHECK_CONSUMER) timestamp=3472 ms, used_size=2246656 bytes (5.5%)
(RDMA_READ_CONSUME_CHECK_CONSUMER) timestamp=3472 ms, used_size=2244608 bytes (5.5%)
(RDMA_READ_CONSUME_CHECK_CONSUMER) timestamp=3472 ms, used_size=2242560 bytes (5.5%)
(RDMA_READ_CONSUME_CHECK_CONSUMER) timestamp=3472 ms, used_size=2240512 bytes (5.5%)
(RDMA_READ_CONSUME_CHECK_CONSUMER) timestamp=3472 ms, used_size=2238464 bytes (5.5%)
(RDMA_READ_CONSUME_CHECK_CONSUMER) timestamp=3472 ms, used_size=2236416 bytes (5.5%)
(RDMA_READ_CONSUME_CHECK_CONSUMER) timestamp=3472 ms, used_size=2234368 bytes (5.5%)
(RDMA_READ_CONSUME_CHECK_CONSUMER) timestamp=3472 ms, used_size=2232320 bytes (5.5%)
(RDMA_READ_CONSUME_CHECK_CONSUMER) timestamp=3472 ms, used_size=2230272 bytes (5.4%)
(RDMA_READ_CONSUME_CHECK_CONSUMER) timestamp=3472 ms, used_size=2228224 bytes (5.4%)
(RDMA_READ_CONSUME_CHECK_CONSUMER) timestamp=3472 ms, used_size=2226176 bytes (5.4%)
(RDMA_READ_CONSUME_CHECK_CONSUMER) timestamp=3472 ms, used_size=2224128 bytes (5.4%)
(RDMA_READ_CONSUME_CHECK_CONSUMER) timestamp=3472 ms, used_size=2222080 bytes (5.4%)
(RDMA_READ_CONSUME_CHECK_CONSUMER) timestamp=3472 ms, used_size=2220032 bytes (5.4%)
(RDMA_READ_CONSUME_CHECK_CONSUMER) timestamp=3472 ms, used_size=2217984 bytes (5.4%)
(RDMA_READ_CONSUME_CHECK_CONSUMER) timestamp=3472 ms, used_size=2215936 bytes (5.4%)
(RDMA_READ_CONSUME_CHECK_CONSUMER) timestamp=3472 ms, used_size=2213888 bytes (5.4%)
(RDMA_READ_CONSUME_CHECK_CONSUMER) timestamp=3472 ms, used_size=2211840 bytes (5.4%)
(RDMA_READ_CONSUME_CHECK_CONSUMER) timestamp=3472 ms, used_size=2209792 bytes (5.4%)
(RDMA_READ_CONSUME_CHECK_CONSUMER) timestamp=3472 ms, used_size=2207744 bytes (5.4%)
(RDMA_READ_CONSUME_CHECK_CONSUMER) timestamp=3472 ms, used_size=2205696 bytes (5.4%)
(RDMA_READ_CONSUME_CHECK_CONSUMER) timestamp=3472 ms, used_size=2203648 bytes (5.4%)
(RDMA_READ_CONSUME_CHECK_CONSUMER) timestamp=3472 ms, used_size=2201600 bytes (5.4%)
(RDMA_READ_CONSUME_CHECK_CONSUMER) timestamp=3472 ms, used_size=2199552 bytes (5.4%)
(RDMA_READ_CONSUME_CHECK_CONSUMER) timestamp=3472 ms, used_size=2197504 bytes (5.4%)
(RDMA_READ_CONSUME_CHECK_CONSUMER) timestamp=3472 ms, used_size=2195456 bytes (5.4%)
(RDMA_READ_CONSUME_CHECK_CONSUMER) timestamp=3472 ms, used_size=2193408 bytes (5.4%)
(RDMA_READ_CONSUME_CHECK_CONSUMER) timestamp=3472 ms, used_size=2191360 bytes (5.3%)
(RDMA_READ_CONSUME_CHECK_CONSUMER) timestamp=3472 ms, used_size=2189312 bytes (5.3%)
(RDMA_READ_CONSUME_CHECK_CONSUMER) timestamp=3472 ms, used_size=2187264 bytes (5.3%)
(RDMA_READ_CONSUME_CHECK_CONSUMER) timestamp=3472 ms, used_size=2185216 bytes (5.3%)
(RDMA_READ_CONSUME_CHECK_CONSUMER) timestamp=3472 ms, used_size=2183168 bytes (5.3%)
(RDMA_READ_CONSUME_CHECK_CONSUMER) timestamp=3472 ms, used_size=2181120 bytes (5.3%)
(RDMA_READ_CONSUME_CHECK_CONSUMER) timestamp=3472 ms, used_size=2179072 bytes (5.3%)
(RDMA_READ_CONSUME_CHECK_CONSUMER) timestamp=3472 ms, used_size=2177024 bytes (5.3%)
(RDMA_READ_CONSUME_CHECK_CONSUMER) timestamp=3472 ms, used_size=2174976 bytes (5.3%)
(RDMA_READ_CONSUME_CHECK_CONSUMER) timestamp=3472 ms, used_size=2172928 bytes (5.3%)
(RDMA_READ_CONSUME_CHECK_CONSUMER) timestamp=3473 ms, used_size=2170880 bytes (5.3%)
(RDMA_READ_CONSUME_CHECK_CONSUMER) timestamp=3473 ms, used_size=2168832 bytes (5.3%)
(RDMA_READ_CONSUME_CHECK_CONSUMER) timestamp=3473 ms, used_size=2166784 bytes (5.3%)
(RDMA_READ_CONSUME_CHECK_CONSUMER) timestamp=3473 ms, used_size=2164736 bytes (5.3%)
(RDMA_READ_CONSUME_CHECK_CONSUMER) timestamp=3473 ms, used_size=2162688 bytes (5.3%)
(RDMA_READ_CONSUME_CHECK_CONSUMER) timestamp=3473 ms, used_size=2160640 bytes (5.3%)
(RDMA_READ_CONSUME_CHECK_CONSUMER) timestamp=3473 ms, used_size=2158592 bytes (5.3%)
(RDMA_READ_CONSUME_CHECK_CONSUMER) timestamp=3473 ms, used_size=2156544 bytes (5.3%)
(RDMA_READ_CONSUME_CHECK_CONSUMER) timestamp=3473 ms, used_size=2154496 bytes (5.3%)
(RDMA_READ_CONSUME_CHECK_CONSUMER) timestamp=3473 ms, used_size=2152448 bytes (5.3%)
(RDMA_READ_CONSUME_CHECK_CONSUMER) timestamp=3473 ms, used_size=2150400 bytes (5.2%)
(RDMA_READ_CONSUME_CHECK_CONSUMER) timestamp=3473 ms, used_size=2148352 bytes (5.2%)
(RDMA_READ_CONSUME_CHECK_CONSUMER) timestamp=3473 ms, used_size=2146304 bytes (5.2%)
(RDMA_READ_CONSUME_CHECK_CONSUMER) timestamp=3473 ms, used_size=2144256 bytes (5.2%)
(RDMA_READ_CONSUME_CHECK_CONSUMER) timestamp=3473 ms, used_size=2142208 bytes (5.2%)
(RDMA_READ_CONSUME_CHECK_CONSUMER) timestamp=3473 ms, used_size=2140160 bytes (5.2%)
(RDMA_READ_CONSUME_CHECK_CONSUMER) timestamp=3473 ms, used_size=2138112 bytes (5.2%)
(RDMA_READ_CONSUME_CHECK_CONSUMER) timestamp=3473 ms, used_size=2136064 bytes (5.2%)
(RDMA_READ_CONSUME_CHECK_CONSUMER) timestamp=3473 ms, used_size=2134016 bytes (5.2%)
(RDMA_READ_CONSUME_CHECK_CONSUMER) timestamp=3473 ms, used_size=2131968 bytes (5.2%)
(RDMA_READ_CONSUME_CHECK_CONSUMER) timestamp=3473 ms, used_size=2129920 bytes (5.2%)
(RDMA_READ_CONSUME_CHECK_CONSUMER) timestamp=3473 ms, used_size=2127872 bytes (5.2%)
(RDMA_READ_CONSUME_CHECK_CONSUMER) timestamp=3473 ms, used_size=2125824 bytes (5.2%)
(RDMA_READ_CONSUME_CHECK_CONSUMER) timestamp=3473 ms, used_size=2123776 bytes (5.2%)
(RDMA_READ_CONSUME_CHECK_CONSUMER) timestamp=3473 ms, used_size=2121728 bytes (5.2%)
(RDMA_READ_CONSUME_CHECK_CONSUMER) timestamp=3473 ms, used_size=2119680 bytes (5.2%)
(RDMA_READ_CONSUME_CHECK_CONSUMER) timestamp=3473 ms, used_size=2117632 bytes (5.2%)
(RDMA_READ_CONSUME_CHECK_CONSUMER) timestamp=3473 ms, used_size=2115584 bytes (5.2%)
(RDMA_READ_CONSUME_CHECK_CONSUMER) timestamp=3473 ms, used_size=2113536 bytes (5.2%)
(RDMA_READ_CONSUME_CHECK_CONSUMER) timestamp=3473 ms, used_size=2111488 bytes (5.2%)
(RDMA_READ_CONSUME_CHECK_CONSUMER) timestamp=3473 ms, used_size=2109440 bytes (5.2%)
(RDMA_READ_CONSUME_CHECK_CONSUMER) timestamp=3473 ms, used_size=2107392 bytes (5.1%)
(RDMA_READ_CONSUME_CHECK_CONSUMER) timestamp=3473 ms, used_size=2105344 bytes (5.1%)
(RDMA_READ_CONSUME_CHECK_CONSUMER) timestamp=3473 ms, used_size=2103296 bytes (5.1%)
(RDMA_READ_CONSUME_CHECK_CONSUMER) timestamp=3473 ms, used_size=2101248 bytes (5.1%)
(RDMA_READ_CONSUME_CHECK_CONSUMER) timestamp=3473 ms, used_size=2099200 bytes (5.1%)
(RDMA_READ_CONSUME_CHECK_CONSUMER) timestamp=3473 ms, used_size=2097152 bytes (5.1%)
(RDMA_READ_CONSUME_CHECK_CONSUMER) timestamp=3473 ms, used_size=2095104 bytes (5.1%)
(RDMA_READ_CONSUME_CHECK_CONSUMER) timestamp=3473 ms, used_size=2093056 bytes (5.1%)
(RDMA_READ_CONSUME_CHECK_CONSUMER) timestamp=3473 ms, used_size=2091008 bytes (5.1%)
(RDMA_READ_CONSUME_CHECK_CONSUMER) timestamp=3473 ms, used_size=2088960 bytes (5.1%)
(RDMA_READ_CONSUME_CHECK_CONSUMER) timestamp=3473 ms, used_size=2086912 bytes (5.1%)
(RDMA_READ_CONSUME_CHECK_CONSUMER) timestamp=3473 ms, used_size=2084864 bytes (5.1%)
(RDMA_READ_CONSUME_CHECK_CONSUMER) timestamp=3473 ms, used_size=2082816 bytes (5.1%)
(RDMA_READ_CONSUME_CHECK_CONSUMER) timestamp=3473 ms, used_size=2080768 bytes (5.1%)
(RDMA_READ_CONSUME_CHECK_CONSUMER) timestamp=3473 ms, used_size=2078720 bytes (5.1%)
(RDMA_READ_CONSUME_CHECK_CONSUMER) timestamp=3473 ms, used_size=2076672 bytes (5.1%)
(RDMA_READ_CONSUME_CHECK_CONSUMER) timestamp=3473 ms, used_size=2074624 bytes (5.1%)
(RDMA_READ_CONSUME_CHECK_CONSUMER) timestamp=3473 ms, used_size=2072576 bytes (5.1%)
(RDMA_READ_CONSUME_CHECK_CONSUMER) timestamp=3473 ms, used_size=2070528 bytes (5.1%)
(RDMA_READ_CONSUME_CHECK_CONSUMER) timestamp=3473 ms, used_size=2068480 bytes (5.0%)
(RDMA_READ_CONSUME_CHECK_CONSUMER) timestamp=3473 ms, used_size=2066432 bytes (5.0%)
(RDMA_READ_CONSUME_CHECK_CONSUMER) timestamp=3473 ms, used_size=2064384 bytes (5.0%)
(RDMA_READ_CONSUME_CHECK_CONSUMER) timestamp=3473 ms, used_size=2062336 bytes (5.0%)
(RDMA_READ_CONSUME_CHECK_CONSUMER) timestamp=3473 ms, used_size=2060288 bytes (5.0%)
(RDMA_READ_CONSUME_CHECK_CONSUMER) timestamp=3473 ms, used_size=2058240 bytes (5.0%)
(RDMA_READ_CONSUME_CHECK_CONSUMER) timestamp=3473 ms, used_size=2056192 bytes (5.0%)
(RDMA_READ_CONSUME_CHECK_CONSUMER) timestamp=3473 ms, used_size=2054144 bytes (5.0%)
(RDMA_READ_CONSUME_CHECK_CONSUMER) timestamp=3473 ms, used_size=2052096 bytes (5.0%)
(RDMA_READ_CONSUME_CHECK_CONSUMER) timestamp=3473 ms, used_size=2050048 bytes (5.0%)
(RDMA_READ_CONSUME_CHECK_CONSUMER) timestamp=3473 ms, used_size=2048000 bytes (5.0%)
(RDMA_READ_CONSUME_CHECK_CONSUMER) timestamp=3473 ms, used_size=2045952 bytes (5.0%)
(RDMA_READ_CONSUME_CHECK_CONSUMER) timestamp=3473 ms, used_size=2043904 bytes (5.0%)
(RDMA_READ_CONSUME_CHECK_CONSUMER) timestamp=3473 ms, used_size=2041856 bytes (5.0%)
(RDMA_READ_CONSUME_CHECK_CONSUMER) timestamp=3473 ms, used_size=2039808 bytes (5.0%)
(RDMA_READ_CONSUME_CHECK_CONSUMER) timestamp=3473 ms, used_size=2037760 bytes (5.0%)
(RDMA_READ_CONSUME_CHECK_CONSUMER) timestamp=3473 ms, used_size=2035712 bytes (5.0%)
(RDMA_READ_CONSUME_CHECK_CONSUMER) timestamp=3473 ms, used_size=2033664 bytes (5.0%)
(RDMA_READ_CONSUME_CHECK_CONSUMER) timestamp=3473 ms, used_size=2031616 bytes (5.0%)
(RDMA_READ_CONSUME_CHECK_CONSUMER) timestamp=3473 ms, used_size=2029568 bytes (5.0%)
(RDMA_READ_CONSUME_CHECK_CONSUMER) timestamp=3473 ms, used_size=2027520 bytes (5.0%)
(RDMA_READ_CONSUME_CHECK_CONSUMER) timestamp=3473 ms, used_size=2025472 bytes (4.9%)
(RDMA_READ_CONSUME_CHECK_CONSUMER) timestamp=3473 ms, used_size=2023424 bytes (4.9%)
(RDMA_READ_CONSUME_CHECK_CONSUMER) timestamp=3473 ms, used_size=2021376 bytes (4.9%)
(RDMA_READ_CONSUME_CHECK_CONSUMER) timestamp=3473 ms, used_size=2019328 bytes (4.9%)
(RDMA_READ_CONSUME_CHECK_CONSUMER) timestamp=3473 ms, used_size=2017280 bytes (4.9%)
(RDMA_READ_CONSUME_CHECK_CONSUMER) timestamp=3473 ms, used_size=2015232 bytes (4.9%)
(RDMA_READ_CONSUME_CHECK_CONSUMER) timestamp=3473 ms, used_size=2013184 bytes (4.9%)
(RDMA_READ_CONSUME_CHECK_CONSUMER) timestamp=3473 ms, used_size=2011136 bytes (4.9%)
(RDMA_READ_CONSUME_CHECK_CONSUMER) timestamp=3473 ms, used_size=2009088 bytes (4.9%)
(RDMA_READ_CONSUME_CHECK_CONSUMER) timestamp=3473 ms, used_size=2007040 bytes (4.9%)
(RDMA_READ_CONSUME_CHECK_CONSUMER) timestamp=3473 ms, used_size=2004992 bytes (4.9%)
(RDMA_READ_CONSUME_CHECK_CONSUMER) timestamp=3473 ms, used_size=2002944 bytes (4.9%)
(RDMA_READ_CONSUME_CHECK_CONSUMER) timestamp=3473 ms, used_size=2000896 bytes (4.9%)
(RDMA_READ_CONSUME_CHECK_CONSUMER) timestamp=3473 ms, used_size=1998848 bytes (4.9%)
(RDMA_READ_CONSUME_CHECK_CONSUMER) timestamp=3473 ms, used_size=1996800 bytes (4.9%)
(RDMA_READ_CONSUME_CHECK_CONSUMER) timestamp=3473 ms, used_size=1994752 bytes (4.9%)
(RDMA_READ_CONSUME_CHECK_CONSUMER) timestamp=3473 ms, used_size=1992704 bytes (4.9%)
(RDMA_READ_CONSUME_CHECK_CONSUMER) timestamp=3473 ms, used_size=1990656 bytes (4.9%)
(RDMA_READ_CONSUME_CHECK_CONSUMER) timestamp=3473 ms, used_size=1988608 bytes (4.9%)
(RDMA_READ_CONSUME_CHECK_CONSUMER) timestamp=3473 ms, used_size=1986560 bytes (4.8%)
(RDMA_READ_CONSUME_CHECK_CONSUMER) timestamp=3473 ms, used_size=1984512 bytes (4.8%)
(RDMA_READ_CONSUME_CHECK_CONSUMER) timestamp=3473 ms, used_size=1982464 bytes (4.8%)
(RDMA_READ_CONSUME_CHECK_CONSUMER) timestamp=3473 ms, used_size=1980416 bytes (4.8%)
(RDMA_READ_CONSUME_CHECK_CONSUMER) timestamp=3473 ms, used_size=1978368 bytes (4.8%)
(RDMA_READ_CONSUME_CHECK_CONSUMER) timestamp=3473 ms, used_size=1976320 bytes (4.8%)
(RDMA_READ_CONSUME_CHECK_CONSUMER) timestamp=3473 ms, used_size=1974272 bytes (4.8%)
(RDMA_READ_CONSUME_CHECK_CONSUMER) timestamp=3473 ms, used_size=1972224 bytes (4.8%)
(RDMA_READ_CONSUME_CHECK_CONSUMER) timestamp=3473 ms, used_size=1970176 bytes (4.8%)
(RDMA_READ_CONSUME_CHECK_CONSUMER) timestamp=3473 ms, used_size=1968128 bytes (4.8%)
(RDMA_READ_CONSUME_CHECK_CONSUMER) timestamp=3473 ms, used_size=1966080 bytes (4.8%)
(RDMA_READ_CONSUME_CHECK_CONSUMER) timestamp=3473 ms, used_size=1964032 bytes (4.8%)
(RDMA_READ_CONSUME_CHECK_CONSUMER) timestamp=3473 ms, used_size=1961984 bytes (4.8%)
(RDMA_READ_CONSUME_CHECK_CONSUMER) timestamp=3473 ms, used_size=1959936 bytes (4.8%)
(RDMA_READ_CONSUME_CHECK_CONSUMER) timestamp=3473 ms, used_size=1957888 bytes (4.8%)
(RDMA_READ_CONSUME_CHECK_CONSUMER) timestamp=3473 ms, used_size=1955840 bytes (4.8%)
(RDMA_READ_CONSUME_CHECK_CONSUMER) timestamp=3473 ms, used_size=1953792 bytes (4.8%)
(RDMA_READ_CONSUME_CHECK_CONSUMER) timestamp=3473 ms, used_size=1951744 bytes (4.8%)
(RDMA_READ_CONSUME_CHECK_CONSUMER) timestamp=3473 ms, used_size=1949696 bytes (4.8%)
(RDMA_READ_CONSUME_CHECK_CONSUMER) timestamp=3473 ms, used_size=1947648 bytes (4.8%)
(RDMA_READ_CONSUME_CHECK_CONSUMER) timestamp=3473 ms, used_size=1945600 bytes (4.8%)
(RDMA_READ_CONSUME_CHECK_CONSUMER) timestamp=3473 ms, used_size=1943552 bytes (4.7%)
(RDMA_READ_CONSUME_CHECK_CONSUMER) timestamp=3473 ms, used_size=1941504 bytes (4.7%)
(RDMA_READ_CONSUME_CHECK_CONSUMER) timestamp=3473 ms, used_size=1939456 bytes (4.7%)
(RDMA_READ_CONSUME_CHECK_CONSUMER) timestamp=3473 ms, used_size=1937408 bytes (4.7%)
(RDMA_READ_CONSUME_CHECK_CONSUMER) timestamp=3473 ms, used_size=1935360 bytes (4.7%)
(RDMA_READ_CONSUME_CHECK_CONSUMER) timestamp=3473 ms, used_size=1933312 bytes (4.7%)
(RDMA_READ_CONSUME_CHECK_CONSUMER) timestamp=3473 ms, used_size=1931264 bytes (4.7%)
(RDMA_READ_CONSUME_CHECK_CONSUMER) timestamp=3473 ms, used_size=1929216 bytes (4.7%)
(RDMA_READ_CONSUME_CHECK_CONSUMER) timestamp=3473 ms, used_size=1927168 bytes (4.7%)
(RDMA_READ_CONSUME_CHECK_CONSUMER) timestamp=3473 ms, used_size=1925120 bytes (4.7%)
(RDMA_READ_CONSUME_CHECK_CONSUMER) timestamp=3473 ms, used_size=1923072 bytes (4.7%)
(RDMA_READ_CONSUME_CHECK_CONSUMER) timestamp=3473 ms, used_size=1921024 bytes (4.7%)
(RDMA_READ_CONSUME_CHECK_CONSUMER) timestamp=3473 ms, used_size=1918976 bytes (4.7%)
(RDMA_READ_CONSUME_CHECK_CONSUMER) timestamp=3473 ms, used_size=1916928 bytes (4.7%)
(RDMA_READ_CONSUME_CHECK_CONSUMER) timestamp=3473 ms, used_size=1914880 bytes (4.7%)
(RDMA_READ_CONSUME_CHECK_CONSUMER) timestamp=3473 ms, used_size=1912832 bytes (4.7%)
(RDMA_READ_CONSUME_CHECK_CONSUMER) timestamp=3473 ms, used_size=1910784 bytes (4.7%)
(RDMA_READ_CONSUME_CHECK_CONSUMER) timestamp=3473 ms, used_size=1908736 bytes (4.7%)
(RDMA_READ_CONSUME_CHECK_CONSUMER) timestamp=3473 ms, used_size=1906688 bytes (4.7%)
(RDMA_READ_CONSUME_CHECK_CONSUMER) timestamp=3473 ms, used_size=1904640 bytes (4.7%)
(RDMA_READ_CONSUME_CHECK_CONSUMER) timestamp=3473 ms, used_size=1902592 bytes (4.6%)
(RDMA_READ_CONSUME_CHECK_CONSUMER) timestamp=3473 ms, used_size=1900544 bytes (4.6%)
(RDMA_READ_CONSUME_CHECK_CONSUMER) timestamp=3473 ms, used_size=1898496 bytes (4.6%)
(RDMA_READ_CONSUME_CHECK_CONSUMER) timestamp=3473 ms, used_size=1896448 bytes (4.6%)
(RDMA_READ_CONSUME_CHECK_CONSUMER) timestamp=3473 ms, used_size=1894400 bytes (4.6%)
(RDMA_READ_CONSUME_CHECK_CONSUMER) timestamp=3473 ms, used_size=1892352 bytes (4.6%)
(RDMA_READ_CONSUME_CHECK_CONSUMER) timestamp=3473 ms, used_size=1890304 bytes (4.6%)
(RDMA_READ_CONSUME_CHECK_CONSUMER) timestamp=3473 ms, used_size=1888256 bytes (4.6%)
(RDMA_READ_CONSUME_CHECK_CONSUMER) timestamp=3473 ms, used_size=1886208 bytes (4.6%)
(RDMA_READ_CONSUME_CHECK_CONSUMER) timestamp=3473 ms, used_size=1884160 bytes (4.6%)
(RDMA_READ_CONSUME_CHECK_CONSUMER) timestamp=3473 ms, used_size=1882112 bytes (4.6%)
(RDMA_READ_CONSUME_CHECK_CONSUMER) timestamp=3473 ms, used_size=1880064 bytes (4.6%)
(RDMA_READ_CONSUME_CHECK_CONSUMER) timestamp=3473 ms, used_size=1878016 bytes (4.6%)
(RDMA_READ_CONSUME_CHECK_CONSUMER) timestamp=3473 ms, used_size=1875968 bytes (4.6%)
(RDMA_READ_CONSUME_CHECK_CONSUMER) timestamp=3473 ms, used_size=1873920 bytes (4.6%)
(RDMA_READ_CONSUME_CHECK_CONSUMER) timestamp=3473 ms, used_size=1871872 bytes (4.6%)
(RDMA_READ_CONSUME_CHECK_CONSUMER) timestamp=3473 ms, used_size=1869824 bytes (4.6%)
(RDMA_READ_CONSUME_CHECK_CONSUMER) timestamp=3473 ms, used_size=1867776 bytes (4.6%)
(RDMA_READ_CONSUME_CHECK_CONSUMER) timestamp=3473 ms, used_size=1865728 bytes (4.6%)
(RDMA_READ_CONSUME_CHECK_CONSUMER) timestamp=3473 ms, used_size=1863680 bytes (4.5%)
(RDMA_READ_CONSUME_CHECK_CONSUMER) timestamp=3473 ms, used_size=1861632 bytes (4.5%)
(RDMA_READ_CONSUME_CHECK_CONSUMER) timestamp=3473 ms, used_size=1859584 bytes (4.5%)
(RDMA_READ_CONSUME_CHECK_CONSUMER) timestamp=3473 ms, used_size=1857536 bytes (4.5%)
(RDMA_READ_CONSUME_CHECK_CONSUMER) timestamp=3473 ms, used_size=1855488 bytes (4.5%)
(RDMA_READ_CONSUME_CHECK_CONSUMER) timestamp=3473 ms, used_size=1853440 bytes (4.5%)
(RDMA_READ_CONSUME_CHECK_CONSUMER) timestamp=3473 ms, used_size=1851392 bytes (4.5%)
(RDMA_READ_CONSUME_CHECK_CONSUMER) timestamp=3473 ms, used_size=1849344 bytes (4.5%)
(RDMA_READ_CONSUME_CHECK_CONSUMER) timestamp=3473 ms, used_size=1847296 bytes (4.5%)
(RDMA_READ_CONSUME_CHECK_CONSUMER) timestamp=3473 ms, used_size=1845248 bytes (4.5%)
(RDMA_READ_CONSUME_CHECK_CONSUMER) timestamp=3473 ms, used_size=1843200 bytes (4.5%)
(RDMA_READ_CONSUME_CHECK_CONSUMER) timestamp=3473 ms, used_size=1841152 bytes (4.5%)
(RDMA_READ_CONSUME_CHECK_CONSUMER) timestamp=3473 ms, used_size=1839104 bytes (4.5%)
(RDMA_READ_CONSUME_CHECK_CONSUMER) timestamp=3473 ms, used_size=1837056 bytes (4.5%)
(RDMA_READ_CONSUME_CHECK_CONSUMER) timestamp=3473 ms, used_size=1835008 bytes (4.5%)
(RDMA_READ_CONSUME_CHECK_CONSUMER) timestamp=3473 ms, used_size=1832960 bytes (4.5%)
(RDMA_READ_CONSUME_CHECK_CONSUMER) timestamp=3473 ms, used_size=1830912 bytes (4.5%)
(RDMA_READ_CONSUME_CHECK_CONSUMER) timestamp=3473 ms, used_size=1828864 bytes (4.5%)
(RDMA_READ_CONSUME_CHECK_CONSUMER) timestamp=3473 ms, used_size=1826816 bytes (4.5%)
(RDMA_READ_CONSUME_CHECK_CONSUMER) timestamp=3473 ms, used_size=1824768 bytes (4.5%)
(RDMA_READ_CONSUME_CHECK_CONSUMER) timestamp=3473 ms, used_size=1822720 bytes (4.5%)
(RDMA_READ_CONSUME_CHECK_CONSUMER) timestamp=3473 ms, used_size=1820672 bytes (4.4%)
(RDMA_READ_CONSUME_CHECK_CONSUMER) timestamp=3473 ms, used_size=1818624 bytes (4.4%)
(RDMA_READ_CONSUME_CHECK_CONSUMER) timestamp=3473 ms, used_size=1816576 bytes (4.4%)
(RDMA_READ_CONSUME_CHECK_CONSUMER) timestamp=3473 ms, used_size=1814528 bytes (4.4%)
(RDMA_READ_CONSUME_CHECK_CONSUMER) timestamp=3473 ms, used_size=1812480 bytes (4.4%)
(RDMA_READ_CONSUME_CHECK_CONSUMER) timestamp=3473 ms, used_size=1810432 bytes (4.4%)
(RDMA_READ_CONSUME_CHECK_CONSUMER) timestamp=3473 ms, used_size=1808384 bytes (4.4%)
(RDMA_READ_CONSUME_CHECK_CONSUMER) timestamp=3473 ms, used_size=1806336 bytes (4.4%)
(RDMA_READ_CONSUME_CHECK_CONSUMER) timestamp=3474 ms, used_size=1804288 bytes (4.4%)
(RDMA_READ_CONSUME_CHECK_CONSUMER) timestamp=3474 ms, used_size=1802240 bytes (4.4%)
(RDMA_READ_CONSUME_CHECK_CONSUMER) timestamp=3474 ms, used_size=1800192 bytes (4.4%)
(RDMA_READ_CONSUME_CHECK_CONSUMER) timestamp=3474 ms, used_size=1798144 bytes (4.4%)
(RDMA_READ_CONSUME_CHECK_CONSUMER) timestamp=3474 ms, used_size=1796096 bytes (4.4%)
(RDMA_READ_CONSUME_CHECK_CONSUMER) timestamp=3474 ms, used_size=1794048 bytes (4.4%)
(RDMA_READ_CONSUME_CHECK_CONSUMER) timestamp=3474 ms, used_size=1792000 bytes (4.4%)
(RDMA_READ_CONSUME_CHECK_CONSUMER) timestamp=3474 ms, used_size=1789952 bytes (4.4%)
(RDMA_READ_CONSUME_CHECK_CONSUMER) timestamp=3474 ms, used_size=1787904 bytes (4.4%)
(RDMA_READ_CONSUME_CHECK_CONSUMER) timestamp=3474 ms, used_size=1785856 bytes (4.4%)
(RDMA_READ_CONSUME_CHECK_CONSUMER) timestamp=3474 ms, used_size=1783808 bytes (4.4%)
(RDMA_READ_CONSUME_CHECK_CONSUMER) timestamp=3474 ms, used_size=1781760 bytes (4.3%)
(RDMA_READ_CONSUME_CHECK_CONSUMER) timestamp=3474 ms, used_size=1779712 bytes (4.3%)
(RDMA_READ_CONSUME_CHECK_CONSUMER) timestamp=3474 ms, used_size=1777664 bytes (4.3%)
(RDMA_READ_CONSUME_CHECK_CONSUMER) timestamp=3474 ms, used_size=1775616 bytes (4.3%)
(RDMA_READ_CONSUME_CHECK_CONSUMER) timestamp=3474 ms, used_size=1773568 bytes (4.3%)
(RDMA_READ_CONSUME_CHECK_CONSUMER) timestamp=3474 ms, used_size=1771520 bytes (4.3%)
(RDMA_READ_CONSUME_CHECK_CONSUMER) timestamp=3474 ms, used_size=1769472 bytes (4.3%)
(RDMA_READ_CONSUME_CHECK_CONSUMER) timestamp=3474 ms, used_size=1767424 bytes (4.3%)
(RDMA_READ_CONSUME_CHECK_CONSUMER) timestamp=3474 ms, used_size=1765376 bytes (4.3%)
(RDMA_READ_CONSUME_CHECK_CONSUMER) timestamp=3474 ms, used_size=1763328 bytes (4.3%)
(RDMA_READ_CONSUME_CHECK_CONSUMER) timestamp=3474 ms, used_size=1761280 bytes (4.3%)
(RDMA_READ_CONSUME_CHECK_CONSUMER) timestamp=3474 ms, used_size=1759232 bytes (4.3%)
(RDMA_READ_CONSUME_CHECK_CONSUMER) timestamp=3474 ms, used_size=1757184 bytes (4.3%)
(RDMA_READ_CONSUME_CHECK_CONSUMER) timestamp=3474 ms, used_size=1755136 bytes (4.3%)
(RDMA_READ_CONSUME_CHECK_CONSUMER) timestamp=3474 ms, used_size=1753088 bytes (4.3%)
(RDMA_READ_CONSUME_CHECK_CONSUMER) timestamp=3474 ms, used_size=1751040 bytes (4.3%)
(RDMA_READ_CONSUME_CHECK_CONSUMER) timestamp=3474 ms, used_size=1748992 bytes (4.3%)
(RDMA_READ_CONSUME_CHECK_CONSUMER) timestamp=3474 ms, used_size=1746944 bytes (4.3%)
(RDMA_READ_CONSUME_CHECK_CONSUMER) timestamp=3474 ms, used_size=1744896 bytes (4.3%)
(RDMA_READ_CONSUME_CHECK_CONSUMER) timestamp=3474 ms, used_size=1742848 bytes (4.3%)
(RDMA_READ_CONSUME_CHECK_CONSUMER) timestamp=3474 ms, used_size=1740800 bytes (4.2%)
(RDMA_READ_CONSUME_CHECK_CONSUMER) timestamp=3474 ms, used_size=1738752 bytes (4.2%)
(RDMA_READ_CONSUME_CHECK_CONSUMER) timestamp=3474 ms, used_size=1736704 bytes (4.2%)
(RDMA_READ_CONSUME_CHECK_CONSUMER) timestamp=3474 ms, used_size=1734656 bytes (4.2%)
(RDMA_READ_CONSUME_CHECK_CONSUMER) timestamp=3474 ms, used_size=1732608 bytes (4.2%)
(RDMA_READ_CONSUME_CHECK_CONSUMER) timestamp=3474 ms, used_size=1730560 bytes (4.2%)
(RDMA_READ_CONSUME_CHECK_CONSUMER) timestamp=3474 ms, used_size=1728512 bytes (4.2%)
(RDMA_READ_CONSUME_CHECK_CONSUMER) timestamp=3474 ms, used_size=1726464 bytes (4.2%)
(RDMA_READ_CONSUME_CHECK_CONSUMER) timestamp=3474 ms, used_size=1724416 bytes (4.2%)
(RDMA_READ_CONSUME_CHECK_CONSUMER) timestamp=3474 ms, used_size=1722368 bytes (4.2%)
(RDMA_READ_CONSUME_CHECK_CONSUMER) timestamp=3474 ms, used_size=1720320 bytes (4.2%)
(RDMA_READ_CONSUME_CHECK_CONSUMER) timestamp=3474 ms, used_size=1718272 bytes (4.2%)
(RDMA_READ_CONSUME_CHECK_CONSUMER) timestamp=3474 ms, used_size=1716224 bytes (4.2%)
(RDMA_READ_CONSUME_CHECK_CONSUMER) timestamp=3474 ms, used_size=1714176 bytes (4.2%)
(RDMA_READ_CONSUME_CHECK_CONSUMER) timestamp=3474 ms, used_size=1712128 bytes (4.2%)
(RDMA_READ_CONSUME_CHECK_CONSUMER) timestamp=3474 ms, used_size=1710080 bytes (4.2%)
(RDMA_READ_CONSUME_CHECK_CONSUMER) timestamp=3474 ms, used_size=1708032 bytes (4.2%)
(RDMA_READ_CONSUME_CHECK_CONSUMER) timestamp=3474 ms, used_size=1705984 bytes (4.2%)
(RDMA_READ_CONSUME_CHECK_CONSUMER) timestamp=3474 ms, used_size=1703936 bytes (4.2%)
(RDMA_READ_CONSUME_CHECK_CONSUMER) timestamp=3474 ms, used_size=1701888 bytes (4.2%)
(RDMA_READ_CONSUME_CHECK_CONSUMER) timestamp=3474 ms, used_size=1699840 bytes (4.2%)
(RDMA_READ_CONSUME_CHECK_CONSUMER) timestamp=3474 ms, used_size=1697792 bytes (4.1%)
(RDMA_READ_CONSUME_CHECK_CONSUMER) timestamp=3474 ms, used_size=1695744 bytes (4.1%)
(RDMA_READ_CONSUME_CHECK_CONSUMER) timestamp=3474 ms, used_size=1693696 bytes (4.1%)
(RDMA_READ_CONSUME_CHECK_CONSUMER) timestamp=3474 ms, used_size=1691648 bytes (4.1%)
(RDMA_READ_CONSUME_CHECK_CONSUMER) timestamp=3474 ms, used_size=1689600 bytes (4.1%)
(RDMA_READ_CONSUME_CHECK_CONSUMER) timestamp=3474 ms, used_size=1687552 bytes (4.1%)
(RDMA_READ_CONSUME_CHECK_CONSUMER) timestamp=3474 ms, used_size=1685504 bytes (4.1%)
(RDMA_READ_CONSUME_CHECK_CONSUMER) timestamp=3474 ms, used_size=1683456 bytes (4.1%)
(RDMA_READ_CONSUME_CHECK_CONSUMER) timestamp=3474 ms, used_size=1681408 bytes (4.1%)
(RDMA_READ_CONSUME_CHECK_CONSUMER) timestamp=3474 ms, used_size=1679360 bytes (4.1%)
(RDMA_READ_CONSUME_CHECK_CONSUMER) timestamp=3474 ms, used_size=1677312 bytes (4.1%)
(RDMA_READ_CONSUME_CHECK_CONSUMER) timestamp=3474 ms, used_size=1675264 bytes (4.1%)
(RDMA_READ_CONSUME_CHECK_CONSUMER) timestamp=3474 ms, used_size=1673216 bytes (4.1%)
(RDMA_READ_CONSUME_CHECK_CONSUMER) timestamp=3474 ms, used_size=1671168 bytes (4.1%)
(RDMA_READ_CONSUME_CHECK_CONSUMER) timestamp=3474 ms, used_size=1669120 bytes (4.1%)
(RDMA_READ_CONSUME_CHECK_CONSUMER) timestamp=3474 ms, used_size=1667072 bytes (4.1%)
(RDMA_READ_CONSUME_CHECK_CONSUMER) timestamp=3474 ms, used_size=1665024 bytes (4.1%)
(RDMA_READ_CONSUME_CHECK_CONSUMER) timestamp=3474 ms, used_size=1662976 bytes (4.1%)
(RDMA_READ_CONSUME_CHECK_CONSUMER) timestamp=3474 ms, used_size=1660928 bytes (4.1%)
(RDMA_READ_CONSUME_CHECK_CONSUMER) timestamp=3474 ms, used_size=1658880 bytes (4.0%)
(RDMA_READ_CONSUME_CHECK_CONSUMER) timestamp=3474 ms, used_size=1656832 bytes (4.0%)
(RDMA_READ_CONSUME_CHECK_CONSUMER) timestamp=3474 ms, used_size=1654784 bytes (4.0%)
(RDMA_READ_CONSUME_CHECK_CONSUMER) timestamp=3474 ms, used_size=1652736 bytes (4.0%)
(RDMA_READ_CONSUME_CHECK_CONSUMER) timestamp=3474 ms, used_size=1650688 bytes (4.0%)
(RDMA_READ_CONSUME_CHECK_CONSUMER) timestamp=3474 ms, used_size=1648640 bytes (4.0%)
(RDMA_READ_CONSUME_CHECK_CONSUMER) timestamp=3474 ms, used_size=1646592 bytes (4.0%)
(RDMA_READ_CONSUME_CHECK_CONSUMER) timestamp=3474 ms, used_size=1644544 bytes (4.0%)
(RDMA_READ_CONSUME_CHECK_CONSUMER) timestamp=3474 ms, used_size=1642496 bytes (4.0%)
(RDMA_READ_CONSUME_CHECK_CONSUMER) timestamp=3474 ms, used_size=1640448 bytes (4.0%)
(RDMA_READ_CONSUME_CHECK_CONSUMER) timestamp=3474 ms, used_size=1638400 bytes (4.0%)
(RDMA_READ_CONSUME_CHECK_CONSUMER) timestamp=3474 ms, used_size=1636352 bytes (4.0%)
(RDMA_READ_CONSUME_CHECK_CONSUMER) timestamp=3474 ms, used_size=1634304 bytes (4.0%)
(RDMA_READ_CONSUME_CHECK_CONSUMER) timestamp=3474 ms, used_size=1632256 bytes (4.0%)
(RDMA_READ_CONSUME_CHECK_CONSUMER) timestamp=3474 ms, used_size=1630208 bytes (4.0%)
(RDMA_READ_CONSUME_CHECK_CONSUMER) timestamp=3474 ms, used_size=1628160 bytes (4.0%)
(RDMA_READ_CONSUME_CHECK_CONSUMER) timestamp=3474 ms, used_size=1626112 bytes (4.0%)
(RDMA_READ_CONSUME_CHECK_CONSUMER) timestamp=3474 ms, used_size=1624064 bytes (4.0%)
(RDMA_READ_CONSUME_CHECK_CONSUMER) timestamp=3474 ms, used_size=1622016 bytes (4.0%)
(RDMA_READ_CONSUME_CHECK_CONSUMER) timestamp=3474 ms, used_size=1619968 bytes (4.0%)
(RDMA_READ_CONSUME_CHECK_CONSUMER) timestamp=3474 ms, used_size=1617920 bytes (4.0%)
(RDMA_READ_CONSUME_CHECK_CONSUMER) timestamp=3474 ms, used_size=1615872 bytes (3.9%)
(RDMA_READ_CONSUME_CHECK_CONSUMER) timestamp=3474 ms, used_size=1613824 bytes (3.9%)
(RDMA_READ_CONSUME_CHECK_CONSUMER) timestamp=3474 ms, used_size=1611776 bytes (3.9%)
(RDMA_READ_CONSUME_CHECK_CONSUMER) timestamp=3474 ms, used_size=1609728 bytes (3.9%)
(RDMA_READ_CONSUME_CHECK_CONSUMER) timestamp=3474 ms, used_size=1607680 bytes (3.9%)
(RDMA_READ_CONSUME_CHECK_CONSUMER) timestamp=3474 ms, used_size=1605632 bytes (3.9%)
(RDMA_READ_CONSUME_CHECK_CONSUMER) timestamp=3474 ms, used_size=1603584 bytes (3.9%)
(RDMA_READ_CONSUME_CHECK_CONSUMER) timestamp=3474 ms, used_size=1601536 bytes (3.9%)
(RDMA_READ_CONSUME_CHECK_CONSUMER) timestamp=3474 ms, used_size=1599488 bytes (3.9%)
(RDMA_READ_CONSUME_CHECK_CONSUMER) timestamp=3474 ms, used_size=1597440 bytes (3.9%)
(RDMA_READ_CONSUME_CHECK_CONSUMER) timestamp=3474 ms, used_size=1595392 bytes (3.9%)
(RDMA_READ_CONSUME_CHECK_CONSUMER) timestamp=3474 ms, used_size=1593344 bytes (3.9%)
(RDMA_READ_CONSUME_CHECK_CONSUMER) timestamp=3474 ms, used_size=1591296 bytes (3.9%)
(RDMA_READ_CONSUME_CHECK_CONSUMER) timestamp=3474 ms, used_size=1589248 bytes (3.9%)
(RDMA_READ_CONSUME_CHECK_CONSUMER) timestamp=3474 ms, used_size=1587200 bytes (3.9%)
(RDMA_READ_CONSUME_CHECK_CONSUMER) timestamp=3474 ms, used_size=1585152 bytes (3.9%)
(RDMA_READ_CONSUME_CHECK_CONSUMER) timestamp=3474 ms, used_size=1583104 bytes (3.9%)
(RDMA_READ_CONSUME_CHECK_CONSUMER) timestamp=3474 ms, used_size=1581056 bytes (3.9%)
(RDMA_READ_CONSUME_CHECK_CONSUMER) timestamp=3474 ms, used_size=1579008 bytes (3.9%)
(RDMA_READ_CONSUME_CHECK_CONSUMER) timestamp=3474 ms, used_size=1576960 bytes (3.9%)
(RDMA_READ_CONSUME_CHECK_CONSUMER) timestamp=3474 ms, used_size=1574912 bytes (3.8%)
(RDMA_READ_CONSUME_CHECK_CONSUMER) timestamp=3474 ms, used_size=1572864 bytes (3.8%)
(RDMA_READ_CONSUME_CHECK_CONSUMER) timestamp=3474 ms, used_size=1570816 bytes (3.8%)
(RDMA_READ_CONSUME_CHECK_CONSUMER) timestamp=3474 ms, used_size=1568768 bytes (3.8%)
(RDMA_READ_CONSUME_CHECK_CONSUMER) timestamp=3474 ms, used_size=1566720 bytes (3.8%)
(RDMA_READ_CONSUME_CHECK_CONSUMER) timestamp=3474 ms, used_size=1564672 bytes (3.8%)
(RDMA_READ_CONSUME_CHECK_CONSUMER) timestamp=3474 ms, used_size=1562624 bytes (3.8%)
(RDMA_READ_CONSUME_CHECK_CONSUMER) timestamp=3474 ms, used_size=1560576 bytes (3.8%)
(RDMA_READ_CONSUME_CHECK_CONSUMER) timestamp=3474 ms, used_size=1558528 bytes (3.8%)
(RDMA_READ_CONSUME_CHECK_CONSUMER) timestamp=3474 ms, used_size=1556480 bytes (3.8%)
(RDMA_READ_CONSUME_CHECK_CONSUMER) timestamp=3474 ms, used_size=1554432 bytes (3.8%)
(RDMA_READ_CONSUME_CHECK_CONSUMER) timestamp=3474 ms, used_size=1552384 bytes (3.8%)
(RDMA_READ_CONSUME_CHECK_CONSUMER) timestamp=3474 ms, used_size=1550336 bytes (3.8%)
(RDMA_READ_CONSUME_CHECK_CONSUMER) timestamp=3474 ms, used_size=1548288 bytes (3.8%)
(RDMA_READ_CONSUME_CHECK_CONSUMER) timestamp=3474 ms, used_size=1546240 bytes (3.8%)
(RDMA_READ_CONSUME_CHECK_CONSUMER) timestamp=3474 ms, used_size=1544192 bytes (3.8%)
(RDMA_READ_CONSUME_CHECK_CONSUMER) timestamp=3474 ms, used_size=1542144 bytes (3.8%)
(RDMA_READ_CONSUME_CHECK_CONSUMER) timestamp=3474 ms, used_size=1540096 bytes (3.8%)
(RDMA_READ_CONSUME_CHECK_CONSUMER) timestamp=3474 ms, used_size=1538048 bytes (3.8%)
(RDMA_READ_CONSUME_CHECK_CONSUMER) timestamp=3474 ms, used_size=1536000 bytes (3.8%)
(RDMA_READ_CONSUME_CHECK_CONSUMER) timestamp=3474 ms, used_size=1533952 bytes (3.7%)
(RDMA_READ_CONSUME_CHECK_CONSUMER) timestamp=3474 ms, used_size=1531904 bytes (3.7%)
(RDMA_READ_CONSUME_CHECK_CONSUMER) timestamp=3474 ms, used_size=1529856 bytes (3.7%)
(RDMA_READ_CONSUME_CHECK_CONSUMER) timestamp=3474 ms, used_size=1527808 bytes (3.7%)
(RDMA_READ_CONSUME_CHECK_CONSUMER) timestamp=3474 ms, used_size=1525760 bytes (3.7%)
(RDMA_READ_CONSUME_CHECK_CONSUMER) timestamp=3474 ms, used_size=1523712 bytes (3.7%)
(RDMA_READ_CONSUME_CHECK_CONSUMER) timestamp=3474 ms, used_size=1521664 bytes (3.7%)
(RDMA_READ_CONSUME_CHECK_CONSUMER) timestamp=3474 ms, used_size=1519616 bytes (3.7%)
(RDMA_READ_CONSUME_CHECK_CONSUMER) timestamp=3474 ms, used_size=1517568 bytes (3.7%)
(RDMA_READ_CONSUME_CHECK_CONSUMER) timestamp=3474 ms, used_size=1515520 bytes (3.7%)
(RDMA_READ_CONSUME_CHECK_CONSUMER) timestamp=3474 ms, used_size=1513472 bytes (3.7%)
(RDMA_READ_CONSUME_CHECK_CONSUMER) timestamp=3474 ms, used_size=1511424 bytes (3.7%)
(RDMA_READ_CONSUME_CHECK_CONSUMER) timestamp=3474 ms, used_size=1509376 bytes (3.7%)
(RDMA_READ_CONSUME_CHECK_CONSUMER) timestamp=3474 ms, used_size=1507328 bytes (3.7%)
(RDMA_READ_CONSUME_CHECK_CONSUMER) timestamp=3474 ms, used_size=1505280 bytes (3.7%)
(RDMA_READ_CONSUME_CHECK_CONSUMER) timestamp=3474 ms, used_size=1503232 bytes (3.7%)
(RDMA_READ_CONSUME_CHECK_CONSUMER) timestamp=3474 ms, used_size=1501184 bytes (3.7%)
(RDMA_READ_CONSUME_CHECK_CONSUMER) timestamp=3474 ms, used_size=1499136 bytes (3.7%)
(RDMA_READ_CONSUME_CHECK_CONSUMER) timestamp=3474 ms, used_size=1497088 bytes (3.7%)
(RDMA_READ_CONSUME_CHECK_CONSUMER) timestamp=3474 ms, used_size=1495040 bytes (3.6%)
(RDMA_READ_CONSUME_CHECK_CONSUMER) timestamp=3474 ms, used_size=1492992 bytes (3.6%)
(RDMA_READ_CONSUME_CHECK_CONSUMER) timestamp=3474 ms, used_size=1490944 bytes (3.6%)
(RDMA_READ_CONSUME_CHECK_CONSUMER) timestamp=3474 ms, used_size=1488896 bytes (3.6%)
(RDMA_READ_CONSUME_CHECK_CONSUMER) timestamp=3474 ms, used_size=1486848 bytes (3.6%)
(RDMA_READ_CONSUME_CHECK_CONSUMER) timestamp=3474 ms, used_size=1484800 bytes (3.6%)
(RDMA_READ_CONSUME_CHECK_CONSUMER) timestamp=3474 ms, used_size=1482752 bytes (3.6%)
(RDMA_READ_CONSUME_CHECK_CONSUMER) timestamp=3474 ms, used_size=1480704 bytes (3.6%)
(RDMA_READ_CONSUME_CHECK_CONSUMER) timestamp=3474 ms, used_size=1478656 bytes (3.6%)
(RDMA_READ_CONSUME_CHECK_CONSUMER) timestamp=3474 ms, used_size=1476608 bytes (3.6%)
(RDMA_READ_CONSUME_CHECK_CONSUMER) timestamp=3474 ms, used_size=1474560 bytes (3.6%)
(RDMA_READ_CONSUME_CHECK_CONSUMER) timestamp=3474 ms, used_size=1472512 bytes (3.6%)
(RDMA_READ_CONSUME_CHECK_CONSUMER) timestamp=3474 ms, used_size=1470464 bytes (3.6%)
(RDMA_READ_CONSUME_CHECK_CONSUMER) timestamp=3474 ms, used_size=1468416 bytes (3.6%)
(RDMA_READ_CONSUME_CHECK_CONSUMER) timestamp=3474 ms, used_size=1466368 bytes (3.6%)
(RDMA_READ_CONSUME_CHECK_CONSUMER) timestamp=3474 ms, used_size=1464320 bytes (3.6%)
(RDMA_READ_CONSUME_CHECK_CONSUMER) timestamp=3474 ms, used_size=1462272 bytes (3.6%)
(RDMA_READ_CONSUME_CHECK_CONSUMER) timestamp=3474 ms, used_size=1460224 bytes (3.6%)
(RDMA_READ_CONSUME_CHECK_CONSUMER) timestamp=3474 ms, used_size=1458176 bytes (3.6%)
(RDMA_READ_CONSUME_CHECK_CONSUMER) timestamp=3474 ms, used_size=1456128 bytes (3.6%)
(RDMA_READ_CONSUME_CHECK_CONSUMER) timestamp=3474 ms, used_size=1454080 bytes (3.5%)
(RDMA_READ_CONSUME_CHECK_CONSUMER) timestamp=3474 ms, used_size=1452032 bytes (3.5%)
(RDMA_READ_CONSUME_CHECK_CONSUMER) timestamp=3474 ms, used_size=1449984 bytes (3.5%)
(RDMA_READ_CONSUME_CHECK_CONSUMER) timestamp=3474 ms, used_size=1447936 bytes (3.5%)
(RDMA_READ_CONSUME_CHECK_CONSUMER) timestamp=3474 ms, used_size=1445888 bytes (3.5%)
(RDMA_READ_CONSUME_CHECK_CONSUMER) timestamp=3474 ms, used_size=1443840 bytes (3.5%)
(RDMA_READ_CONSUME_CHECK_CONSUMER) timestamp=3474 ms, used_size=1441792 bytes (3.5%)
(RDMA_READ_CONSUME_CHECK_CONSUMER) timestamp=3474 ms, used_size=1439744 bytes (3.5%)
(RDMA_READ_CONSUME_CHECK_CONSUMER) timestamp=3474 ms, used_size=1437696 bytes (3.5%)
(RDMA_READ_CONSUME_CHECK_CONSUMER) timestamp=3474 ms, used_size=1435648 bytes (3.5%)
(RDMA_READ_CONSUME_CHECK_CONSUMER) timestamp=3474 ms, used_size=1433600 bytes (3.5%)
(RDMA_READ_CONSUME_CHECK_CONSUMER) timestamp=3475 ms, used_size=1431552 bytes (3.5%)
(RDMA_READ_CONSUME_CHECK_CONSUMER) timestamp=3475 ms, used_size=1429504 bytes (3.5%)
(RDMA_READ_CONSUME_CHECK_CONSUMER) timestamp=3475 ms, used_size=1427456 bytes (3.5%)
(RDMA_READ_CONSUME_CHECK_CONSUMER) timestamp=3475 ms, used_size=1425408 bytes (3.5%)
(RDMA_READ_CONSUME_CHECK_CONSUMER) timestamp=3475 ms, used_size=1423360 bytes (3.5%)
(RDMA_READ_CONSUME_CHECK_CONSUMER) timestamp=3475 ms, used_size=1421312 bytes (3.5%)
(RDMA_READ_CONSUME_CHECK_CONSUMER) timestamp=3475 ms, used_size=1419264 bytes (3.5%)
(RDMA_READ_CONSUME_CHECK_CONSUMER) timestamp=3475 ms, used_size=1417216 bytes (3.5%)
(RDMA_READ_CONSUME_CHECK_CONSUMER) timestamp=3475 ms, used_size=1415168 bytes (3.5%)
(RDMA_READ_CONSUME_CHECK_CONSUMER) timestamp=3475 ms, used_size=1413120 bytes (3.5%)
(RDMA_READ_CONSUME_CHECK_CONSUMER) timestamp=3475 ms, used_size=1411072 bytes (3.4%)
(RDMA_READ_CONSUME_CHECK_CONSUMER) timestamp=3475 ms, used_size=1409024 bytes (3.4%)
(RDMA_READ_CONSUME_CHECK_CONSUMER) timestamp=3475 ms, used_size=1406976 bytes (3.4%)
(RDMA_READ_CONSUME_CHECK_CONSUMER) timestamp=3475 ms, used_size=1404928 bytes (3.4%)
(RDMA_READ_CONSUME_CHECK_CONSUMER) timestamp=3475 ms, used_size=1402880 bytes (3.4%)
(RDMA_READ_CONSUME_CHECK_CONSUMER) timestamp=3475 ms, used_size=1400832 bytes (3.4%)
(RDMA_READ_CONSUME_CHECK_CONSUMER) timestamp=3475 ms, used_size=1398784 bytes (3.4%)
(RDMA_READ_CONSUME_CHECK_CONSUMER) timestamp=3475 ms, used_size=1396736 bytes (3.4%)
(RDMA_READ_CONSUME_CHECK_CONSUMER) timestamp=3475 ms, used_size=1394688 bytes (3.4%)
(RDMA_READ_CONSUME_CHECK_CONSUMER) timestamp=3475 ms, used_size=1392640 bytes (3.4%)
(RDMA_READ_CONSUME_CHECK_CONSUMER) timestamp=3475 ms, used_size=1390592 bytes (3.4%)
(RDMA_READ_CONSUME_CHECK_CONSUMER) timestamp=3475 ms, used_size=1388544 bytes (3.4%)
(RDMA_READ_CONSUME_CHECK_CONSUMER) timestamp=3475 ms, used_size=1386496 bytes (3.4%)
(RDMA_READ_CONSUME_CHECK_CONSUMER) timestamp=3475 ms, used_size=1384448 bytes (3.4%)
(RDMA_READ_CONSUME_CHECK_CONSUMER) timestamp=3475 ms, used_size=1382400 bytes (3.4%)
(RDMA_READ_CONSUME_CHECK_CONSUMER) timestamp=3475 ms, used_size=1380352 bytes (3.4%)
(RDMA_READ_CONSUME_CHECK_CONSUMER) timestamp=3475 ms, used_size=1378304 bytes (3.4%)
(RDMA_READ_CONSUME_CHECK_CONSUMER) timestamp=3475 ms, used_size=1376256 bytes (3.4%)
(RDMA_READ_CONSUME_CHECK_CONSUMER) timestamp=3475 ms, used_size=1374208 bytes (3.4%)
(RDMA_READ_CONSUME_CHECK_CONSUMER) timestamp=3475 ms, used_size=1372160 bytes (3.4%)
(RDMA_READ_CONSUME_CHECK_CONSUMER) timestamp=3475 ms, used_size=1370112 bytes (3.3%)
(RDMA_READ_CONSUME_CHECK_CONSUMER) timestamp=3475 ms, used_size=1368064 bytes (3.3%)
(RDMA_READ_CONSUME_CHECK_CONSUMER) timestamp=3475 ms, used_size=1366016 bytes (3.3%)
(RDMA_READ_CONSUME_CHECK_CONSUMER) timestamp=3475 ms, used_size=1363968 bytes (3.3%)
(RDMA_READ_CONSUME_CHECK_CONSUMER) timestamp=3475 ms, used_size=1361920 bytes (3.3%)
(RDMA_READ_CONSUME_CHECK_CONSUMER) timestamp=3475 ms, used_size=1359872 bytes (3.3%)
(RDMA_READ_CONSUME_CHECK_CONSUMER) timestamp=3475 ms, used_size=1357824 bytes (3.3%)
(RDMA_READ_CONSUME_CHECK_CONSUMER) timestamp=3475 ms, used_size=1355776 bytes (3.3%)
(RDMA_READ_CONSUME_CHECK_CONSUMER) timestamp=3475 ms, used_size=1353728 bytes (3.3%)
(RDMA_READ_CONSUME_CHECK_CONSUMER) timestamp=3475 ms, used_size=1351680 bytes (3.3%)
(RDMA_READ_CONSUME_CHECK_CONSUMER) timestamp=3475 ms, used_size=1349632 bytes (3.3%)
(RDMA_READ_CONSUME_CHECK_CONSUMER) timestamp=3475 ms, used_size=1347584 bytes (3.3%)
(RDMA_READ_CONSUME_CHECK_CONSUMER) timestamp=3475 ms, used_size=1345536 bytes (3.3%)
(RDMA_READ_CONSUME_CHECK_CONSUMER) timestamp=3475 ms, used_size=1343488 bytes (3.3%)
(RDMA_READ_CONSUME_CHECK_CONSUMER) timestamp=3475 ms, used_size=1341440 bytes (3.3%)
(RDMA_READ_CONSUME_CHECK_CONSUMER) timestamp=3475 ms, used_size=1339392 bytes (3.3%)
(RDMA_READ_CONSUME_CHECK_CONSUMER) timestamp=3475 ms, used_size=1337344 bytes (3.3%)
(RDMA_READ_CONSUME_CHECK_CONSUMER) timestamp=3475 ms, used_size=1335296 bytes (3.3%)
(RDMA_READ_CONSUME_CHECK_CONSUMER) timestamp=3475 ms, used_size=1333248 bytes (3.3%)
(RDMA_READ_CONSUME_CHECK_CONSUMER) timestamp=3475 ms, used_size=1331200 bytes (3.2%)
(RDMA_READ_CONSUME_CHECK_CONSUMER) timestamp=3475 ms, used_size=1329152 bytes (3.2%)
(RDMA_READ_CONSUME_CHECK_CONSUMER) timestamp=3475 ms, used_size=1327104 bytes (3.2%)
(RDMA_READ_CONSUME_CHECK_CONSUMER) timestamp=3475 ms, used_size=1325056 bytes (3.2%)
(RDMA_READ_CONSUME_CHECK_CONSUMER) timestamp=3475 ms, used_size=1323008 bytes (3.2%)
(RDMA_READ_CONSUME_CHECK_CONSUMER) timestamp=3475 ms, used_size=1320960 bytes (3.2%)
(RDMA_READ_CONSUME_CHECK_CONSUMER) timestamp=3475 ms, used_size=1318912 bytes (3.2%)
(RDMA_READ_CONSUME_CHECK_CONSUMER) timestamp=3475 ms, used_size=1316864 bytes (3.2%)
(RDMA_READ_CONSUME_CHECK_CONSUMER) timestamp=3475 ms, used_size=1314816 bytes (3.2%)
(RDMA_READ_CONSUME_CHECK_CONSUMER) timestamp=3475 ms, used_size=1312768 bytes (3.2%)
(RDMA_READ_CONSUME_CHECK_CONSUMER) timestamp=3475 ms, used_size=1310720 bytes (3.2%)
(RDMA_READ_CONSUME_CHECK_CONSUMER) timestamp=3475 ms, used_size=1308672 bytes (3.2%)
(RDMA_READ_CONSUME_CHECK_CONSUMER) timestamp=3475 ms, used_size=1306624 bytes (3.2%)
(RDMA_READ_CONSUME_CHECK_CONSUMER) timestamp=3475 ms, used_size=1304576 bytes (3.2%)
(RDMA_READ_CONSUME_CHECK_CONSUMER) timestamp=3475 ms, used_size=1302528 bytes (3.2%)
(RDMA_READ_CONSUME_CHECK_CONSUMER) timestamp=3475 ms, used_size=1300480 bytes (3.2%)
(RDMA_READ_CONSUME_CHECK_CONSUMER) timestamp=3475 ms, used_size=1298432 bytes (3.2%)
(RDMA_READ_CONSUME_CHECK_CONSUMER) timestamp=3475 ms, used_size=1296384 bytes (3.2%)
(RDMA_READ_CONSUME_CHECK_CONSUMER) timestamp=3475 ms, used_size=1294336 bytes (3.2%)
(RDMA_READ_CONSUME_CHECK_CONSUMER) timestamp=3475 ms, used_size=1292288 bytes (3.2%)
(RDMA_READ_CONSUME_CHECK_CONSUMER) timestamp=3475 ms, used_size=1290240 bytes (3.1%)
(RDMA_READ_CONSUME_CHECK_CONSUMER) timestamp=3475 ms, used_size=1288192 bytes (3.1%)
(RDMA_READ_CONSUME_CHECK_CONSUMER) timestamp=3475 ms, used_size=1286144 bytes (3.1%)
(RDMA_READ_CONSUME_CHECK_CONSUMER) timestamp=3475 ms, used_size=1284096 bytes (3.1%)
(RDMA_READ_CONSUME_CHECK_CONSUMER) timestamp=3475 ms, used_size=1282048 bytes (3.1%)
(RDMA_READ_CONSUME_CHECK_CONSUMER) timestamp=3475 ms, used_size=1280000 bytes (3.1%)
(RDMA_READ_CONSUME_CHECK_CONSUMER) timestamp=3475 ms, used_size=1277952 bytes (3.1%)
(RDMA_READ_CONSUME_CHECK_CONSUMER) timestamp=3475 ms, used_size=1275904 bytes (3.1%)
(RDMA_READ_CONSUME_CHECK_CONSUMER) timestamp=3475 ms, used_size=1273856 bytes (3.1%)
(RDMA_READ_CONSUME_CHECK_CONSUMER) timestamp=3475 ms, used_size=1271808 bytes (3.1%)
(RDMA_READ_CONSUME_CHECK_CONSUMER) timestamp=3475 ms, used_size=1269760 bytes (3.1%)
(RDMA_READ_CONSUME_CHECK_CONSUMER) timestamp=3475 ms, used_size=1267712 bytes (3.1%)
(RDMA_READ_CONSUME_CHECK_CONSUMER) timestamp=3475 ms, used_size=1265664 bytes (3.1%)
(RDMA_READ_CONSUME_CHECK_CONSUMER) timestamp=3475 ms, used_size=1263616 bytes (3.1%)
(RDMA_READ_CONSUME_CHECK_CONSUMER) timestamp=3475 ms, used_size=1261568 bytes (3.1%)
(RDMA_READ_CONSUME_CHECK_CONSUMER) timestamp=3475 ms, used_size=1259520 bytes (3.1%)
(RDMA_READ_CONSUME_CHECK_CONSUMER) timestamp=3475 ms, used_size=1257472 bytes (3.1%)
(RDMA_READ_CONSUME_CHECK_CONSUMER) timestamp=3475 ms, used_size=1255424 bytes (3.1%)
(RDMA_READ_CONSUME_CHECK_CONSUMER) timestamp=3475 ms, used_size=1253376 bytes (3.1%)
(RDMA_READ_CONSUME_CHECK_CONSUMER) timestamp=3475 ms, used_size=1251328 bytes (3.1%)
(RDMA_READ_CONSUME_CHECK_CONSUMER) timestamp=3475 ms, used_size=1249280 bytes (3.0%)
(RDMA_READ_CONSUME_CHECK_CONSUMER) timestamp=3475 ms, used_size=1247232 bytes (3.0%)
(RDMA_READ_CONSUME_CHECK_CONSUMER) timestamp=3475 ms, used_size=1245184 bytes (3.0%)
(RDMA_READ_CONSUME_CHECK_CONSUMER) timestamp=3475 ms, used_size=1243136 bytes (3.0%)
(RDMA_READ_CONSUME_CHECK_CONSUMER) timestamp=3475 ms, used_size=1241088 bytes (3.0%)
(RDMA_READ_CONSUME_CHECK_CONSUMER) timestamp=3475 ms, used_size=1239040 bytes (3.0%)
(RDMA_READ_CONSUME_CHECK_CONSUMER) timestamp=3475 ms, used_size=1236992 bytes (3.0%)
(RDMA_READ_CONSUME_CHECK_CONSUMER) timestamp=3475 ms, used_size=1234944 bytes (3.0%)
(RDMA_READ_CONSUME_CHECK_CONSUMER) timestamp=3475 ms, used_size=1232896 bytes (3.0%)
(RDMA_READ_CONSUME_CHECK_CONSUMER) timestamp=3475 ms, used_size=1230848 bytes (3.0%)
(RDMA_READ_CONSUME_CHECK_CONSUMER) timestamp=3475 ms, used_size=1228800 bytes (3.0%)
(RDMA_READ_CONSUME_CHECK_CONSUMER) timestamp=3475 ms, used_size=1226752 bytes (3.0%)
(RDMA_READ_CONSUME_CHECK_CONSUMER) timestamp=3475 ms, used_size=1224704 bytes (3.0%)
(RDMA_READ_CONSUME_CHECK_CONSUMER) timestamp=3475 ms, used_size=1222656 bytes (3.0%)
(RDMA_READ_CONSUME_CHECK_CONSUMER) timestamp=3475 ms, used_size=1220608 bytes (3.0%)
(RDMA_READ_CONSUME_CHECK_CONSUMER) timestamp=3475 ms, used_size=1218560 bytes (3.0%)
(RDMA_READ_CONSUME_CHECK_CONSUMER) timestamp=3475 ms, used_size=1216512 bytes (3.0%)
(RDMA_READ_CONSUME_CHECK_CONSUMER) timestamp=3475 ms, used_size=1214464 bytes (3.0%)
(RDMA_READ_CONSUME_CHECK_CONSUMER) timestamp=3475 ms, used_size=1212416 bytes (3.0%)
(RDMA_READ_CONSUME_CHECK_CONSUMER) timestamp=3475 ms, used_size=1210368 bytes (3.0%)
(RDMA_READ_CONSUME_CHECK_CONSUMER) timestamp=3475 ms, used_size=1208320 bytes (3.0%)
(RDMA_READ_CONSUME_CHECK_CONSUMER) timestamp=3475 ms, used_size=1206272 bytes (2.9%)
(RDMA_READ_CONSUME_CHECK_CONSUMER) timestamp=3475 ms, used_size=1204224 bytes (2.9%)
(RDMA_READ_CONSUME_CHECK_CONSUMER) timestamp=3475 ms, used_size=1202176 bytes (2.9%)
(RDMA_READ_CONSUME_CHECK_CONSUMER) timestamp=3475 ms, used_size=1200128 bytes (2.9%)
(RDMA_READ_CONSUME_CHECK_CONSUMER) timestamp=3475 ms, used_size=1198080 bytes (2.9%)
(RDMA_READ_CONSUME_CHECK_CONSUMER) timestamp=3475 ms, used_size=1196032 bytes (2.9%)
(RDMA_READ_CONSUME_CHECK_CONSUMER) timestamp=3475 ms, used_size=1193984 bytes (2.9%)
(RDMA_READ_CONSUME_CHECK_CONSUMER) timestamp=3475 ms, used_size=1191936 bytes (2.9%)
(RDMA_READ_CONSUME_CHECK_CONSUMER) timestamp=3475 ms, used_size=1189888 bytes (2.9%)
(RDMA_READ_CONSUME_CHECK_CONSUMER) timestamp=3475 ms, used_size=1187840 bytes (2.9%)
(RDMA_READ_CONSUME_CHECK_CONSUMER) timestamp=3475 ms, used_size=1185792 bytes (2.9%)
(RDMA_READ_CONSUME_CHECK_CONSUMER) timestamp=3475 ms, used_size=1183744 bytes (2.9%)
(RDMA_READ_CONSUME_CHECK_CONSUMER) timestamp=3475 ms, used_size=1181696 bytes (2.9%)
(RDMA_READ_CONSUME_CHECK_CONSUMER) timestamp=3475 ms, used_size=1179648 bytes (2.9%)
(RDMA_READ_CONSUME_CHECK_CONSUMER) timestamp=3475 ms, used_size=1177600 bytes (2.9%)
(RDMA_READ_CONSUME_CHECK_CONSUMER) timestamp=3475 ms, used_size=1175552 bytes (2.9%)
(RDMA_READ_CONSUME_CHECK_CONSUMER) timestamp=3475 ms, used_size=1173504 bytes (2.9%)
(RDMA_READ_CONSUME_CHECK_CONSUMER) timestamp=3475 ms, used_size=1171456 bytes (2.9%)
(RDMA_READ_CONSUME_CHECK_CONSUMER) timestamp=3475 ms, used_size=1169408 bytes (2.9%)
(RDMA_READ_CONSUME_CHECK_CONSUMER) timestamp=3475 ms, used_size=1167360 bytes (2.9%)
(RDMA_READ_CONSUME_CHECK_CONSUMER) timestamp=3475 ms, used_size=1165312 bytes (2.8%)
(RDMA_READ_CONSUME_CHECK_CONSUMER) timestamp=3475 ms, used_size=1163264 bytes (2.8%)
(RDMA_READ_CONSUME_CHECK_CONSUMER) timestamp=3475 ms, used_size=1161216 bytes (2.8%)
(RDMA_READ_CONSUME_CHECK_CONSUMER) timestamp=3475 ms, used_size=1159168 bytes (2.8%)
(RDMA_READ_CONSUME_CHECK_CONSUMER) timestamp=3475 ms, used_size=1157120 bytes (2.8%)
(RDMA_READ_CONSUME_CHECK_CONSUMER) timestamp=3475 ms, used_size=1155072 bytes (2.8%)
(RDMA_READ_CONSUME_CHECK_CONSUMER) timestamp=3475 ms, used_size=1153024 bytes (2.8%)
(RDMA_READ_CONSUME_CHECK_CONSUMER) timestamp=3475 ms, used_size=1150976 bytes (2.8%)
(RDMA_READ_CONSUME_CHECK_CONSUMER) timestamp=3475 ms, used_size=1148928 bytes (2.8%)
(RDMA_READ_CONSUME_CHECK_CONSUMER) timestamp=3475 ms, used_size=1146880 bytes (2.8%)
(RDMA_READ_CONSUME_CHECK_CONSUMER) timestamp=3475 ms, used_size=1144832 bytes (2.8%)
(RDMA_READ_CONSUME_CHECK_CONSUMER) timestamp=3475 ms, used_size=1142784 bytes (2.8%)
(RDMA_READ_CONSUME_CHECK_CONSUMER) timestamp=3475 ms, used_size=1140736 bytes (2.8%)
(RDMA_READ_CONSUME_CHECK_CONSUMER) timestamp=3475 ms, used_size=1138688 bytes (2.8%)
(RDMA_READ_CONSUME_CHECK_CONSUMER) timestamp=3475 ms, used_size=1136640 bytes (2.8%)
(RDMA_READ_CONSUME_CHECK_CONSUMER) timestamp=3475 ms, used_size=1134592 bytes (2.8%)
(RDMA_READ_CONSUME_CHECK_CONSUMER) timestamp=3475 ms, used_size=1132544 bytes (2.8%)
(RDMA_READ_CONSUME_CHECK_CONSUMER) timestamp=3475 ms, used_size=1130496 bytes (2.8%)
(RDMA_READ_CONSUME_CHECK_CONSUMER) timestamp=3475 ms, used_size=1128448 bytes (2.8%)
(RDMA_READ_CONSUME_CHECK_CONSUMER) timestamp=3475 ms, used_size=1126400 bytes (2.8%)
(RDMA_READ_CONSUME_CHECK_CONSUMER) timestamp=3475 ms, used_size=1124352 bytes (2.7%)
(RDMA_READ_CONSUME_CHECK_CONSUMER) timestamp=3475 ms, used_size=1122304 bytes (2.7%)
(RDMA_READ_CONSUME_CHECK_CONSUMER) timestamp=3475 ms, used_size=1120256 bytes (2.7%)
(RDMA_READ_CONSUME_CHECK_CONSUMER) timestamp=3475 ms, used_size=1118208 bytes (2.7%)
(RDMA_READ_CONSUME_CHECK_CONSUMER) timestamp=3475 ms, used_size=1116160 bytes (2.7%)
(RDMA_READ_CONSUME_CHECK_CONSUMER) timestamp=3475 ms, used_size=1114112 bytes (2.7%)
(RDMA_READ_CONSUME_CHECK_CONSUMER) timestamp=3475 ms, used_size=1112064 bytes (2.7%)
(RDMA_READ_CONSUME_CHECK_CONSUMER) timestamp=3475 ms, used_size=1110016 bytes (2.7%)
(RDMA_READ_CONSUME_CHECK_CONSUMER) timestamp=3475 ms, used_size=1107968 bytes (2.7%)
(RDMA_READ_CONSUME_CHECK_CONSUMER) timestamp=3475 ms, used_size=1105920 bytes (2.7%)
(RDMA_READ_CONSUME_CHECK_CONSUMER) timestamp=3475 ms, used_size=1103872 bytes (2.7%)
(RDMA_READ_CONSUME_CHECK_CONSUMER) timestamp=3475 ms, used_size=1101824 bytes (2.7%)
(RDMA_READ_CONSUME_CHECK_CONSUMER) timestamp=3475 ms, used_size=1099776 bytes (2.7%)
(RDMA_READ_CONSUME_CHECK_CONSUMER) timestamp=3475 ms, used_size=1097728 bytes (2.7%)
(RDMA_READ_CONSUME_CHECK_CONSUMER) timestamp=3475 ms, used_size=1095680 bytes (2.7%)
(RDMA_READ_CONSUME_CHECK_CONSUMER) timestamp=3475 ms, used_size=1093632 bytes (2.7%)
(RDMA_READ_CONSUME_CHECK_CONSUMER) timestamp=3475 ms, used_size=1091584 bytes (2.7%)
(RDMA_READ_CONSUME_CHECK_CONSUMER) timestamp=3475 ms, used_size=1089536 bytes (2.7%)
(RDMA_READ_CONSUME_CHECK_CONSUMER) timestamp=3475 ms, used_size=1087488 bytes (2.7%)
(RDMA_READ_CONSUME_CHECK_CONSUMER) timestamp=3475 ms, used_size=1085440 bytes (2.6%)
(RDMA_READ_CONSUME_CHECK_CONSUMER) timestamp=3475 ms, used_size=1083392 bytes (2.6%)
(RDMA_READ_CONSUME_CHECK_CONSUMER) timestamp=3475 ms, used_size=1081344 bytes (2.6%)
(RDMA_READ_CONSUME_CHECK_CONSUMER) timestamp=3475 ms, used_size=1079296 bytes (2.6%)
(RDMA_READ_CONSUME_CHECK_CONSUMER) timestamp=3475 ms, used_size=1077248 bytes (2.6%)
(RDMA_READ_CONSUME_CHECK_CONSUMER) timestamp=3475 ms, used_size=1075200 bytes (2.6%)
(RDMA_READ_CONSUME_CHECK_CONSUMER) timestamp=3475 ms, used_size=1073152 bytes (2.6%)
(RDMA_READ_CONSUME_CHECK_CONSUMER) timestamp=3475 ms, used_size=1071104 bytes (2.6%)
(RDMA_READ_CONSUME_CHECK_CONSUMER) timestamp=3476 ms, used_size=1069056 bytes (2.6%)
(RDMA_READ_CONSUME_CHECK_CONSUMER) timestamp=3476 ms, used_size=1067008 bytes (2.6%)
(RDMA_READ_CONSUME_CHECK_CONSUMER) timestamp=3476 ms, used_size=1064960 bytes (2.6%)
(RDMA_READ_CONSUME_CHECK_CONSUMER) timestamp=3476 ms, used_size=1062912 bytes (2.6%)
(RDMA_READ_CONSUME_CHECK_CONSUMER) timestamp=3476 ms, used_size=1060864 bytes (2.6%)
(RDMA_READ_CONSUME_CHECK_CONSUMER) timestamp=3476 ms, used_size=1058816 bytes (2.6%)
(RDMA_READ_CONSUME_CHECK_CONSUMER) timestamp=3476 ms, used_size=1056768 bytes (2.6%)
(RDMA_READ_CONSUME_CHECK_CONSUMER) timestamp=3476 ms, used_size=1054720 bytes (2.6%)
(RDMA_READ_CONSUME_CHECK_CONSUMER) timestamp=3476 ms, used_size=1052672 bytes (2.6%)
(RDMA_READ_CONSUME_CHECK_CONSUMER) timestamp=3476 ms, used_size=1050624 bytes (2.6%)
(RDMA_READ_CONSUME_CHECK_CONSUMER) timestamp=3476 ms, used_size=1048576 bytes (2.6%)
(RDMA_READ_CONSUME_CHECK_CONSUMER) timestamp=3476 ms, used_size=1046528 bytes (2.6%)
(RDMA_READ_CONSUME_CHECK_CONSUMER) timestamp=3476 ms, used_size=1044480 bytes (2.5%)
(RDMA_READ_CONSUME_CHECK_CONSUMER) timestamp=3476 ms, used_size=1042432 bytes (2.5%)
(RDMA_READ_CONSUME_CHECK_CONSUMER) timestamp=3476 ms, used_size=1040384 bytes (2.5%)
(RDMA_READ_CONSUME_CHECK_CONSUMER) timestamp=3476 ms, used_size=1038336 bytes (2.5%)
(RDMA_READ_CONSUME_CHECK_CONSUMER) timestamp=3476 ms, used_size=1036288 bytes (2.5%)
(RDMA_READ_CONSUME_CHECK_CONSUMER) timestamp=3476 ms, used_size=1034240 bytes (2.5%)
(RDMA_READ_CONSUME_CHECK_CONSUMER) timestamp=3476 ms, used_size=1032192 bytes (2.5%)
(RDMA_READ_CONSUME_CHECK_CONSUMER) timestamp=3476 ms, used_size=1030144 bytes (2.5%)
(RDMA_READ_CONSUME_CHECK_CONSUMER) timestamp=3476 ms, used_size=1028096 bytes (2.5%)
(RDMA_READ_CONSUME_CHECK_CONSUMER) timestamp=3476 ms, used_size=1026048 bytes (2.5%)
(RDMA_READ_CONSUME_CHECK_CONSUMER) timestamp=3476 ms, used_size=1024000 bytes (2.5%)
(RDMA_READ_CONSUME_CHECK_CONSUMER) timestamp=3476 ms, used_size=1021952 bytes (2.5%)
(RDMA_READ_CONSUME_CHECK_CONSUMER) timestamp=3476 ms, used_size=1019904 bytes (2.5%)
(RDMA_READ_CONSUME_CHECK_CONSUMER) timestamp=3476 ms, used_size=1017856 bytes (2.5%)
(RDMA_READ_CONSUME_CHECK_CONSUMER) timestamp=3476 ms, used_size=1015808 bytes (2.5%)
(RDMA_READ_CONSUME_CHECK_CONSUMER) timestamp=3476 ms, used_size=1013760 bytes (2.5%)
(RDMA_READ_CONSUME_CHECK_CONSUMER) timestamp=3476 ms, used_size=1011712 bytes (2.5%)
(RDMA_READ_CONSUME_CHECK_CONSUMER) timestamp=3476 ms, used_size=1009664 bytes (2.5%)
(RDMA_READ_CONSUME_CHECK_CONSUMER) timestamp=3476 ms, used_size=1007616 bytes (2.5%)
(RDMA_READ_CONSUME_CHECK_CONSUMER) timestamp=3476 ms, used_size=1005568 bytes (2.5%)
(RDMA_READ_CONSUME_CHECK_CONSUMER) timestamp=3476 ms, used_size=1003520 bytes (2.5%)
(RDMA_READ_CONSUME_CHECK_CONSUMER) timestamp=3476 ms, used_size=1001472 bytes (2.4%)
(RDMA_READ_CONSUME_CHECK_CONSUMER) timestamp=3476 ms, used_size=999424 bytes (2.4%)
(RDMA_READ_CONSUME_CHECK_CONSUMER) timestamp=3476 ms, used_size=997376 bytes (2.4%)
(RDMA_READ_CONSUME_CHECK_CONSUMER) timestamp=3476 ms, used_size=995328 bytes (2.4%)
(RDMA_READ_CONSUME_CHECK_CONSUMER) timestamp=3476 ms, used_size=993280 bytes (2.4%)
(RDMA_READ_CONSUME_CHECK_CONSUMER) timestamp=3476 ms, used_size=991232 bytes (2.4%)
(RDMA_READ_CONSUME_CHECK_CONSUMER) timestamp=3476 ms, used_size=989184 bytes (2.4%)
(RDMA_READ_CONSUME_CHECK_CONSUMER) timestamp=3476 ms, used_size=987136 bytes (2.4%)
(RDMA_READ_CONSUME_CHECK_CONSUMER) timestamp=3476 ms, used_size=985088 bytes (2.4%)
(RDMA_READ_CONSUME_CHECK_CONSUMER) timestamp=3476 ms, used_size=983040 bytes (2.4%)
(RDMA_READ_CONSUME_CHECK_CONSUMER) timestamp=3476 ms, used_size=980992 bytes (2.4%)
(RDMA_READ_CONSUME_CHECK_CONSUMER) timestamp=3476 ms, used_size=978944 bytes (2.4%)
(RDMA_READ_CONSUME_CHECK_CONSUMER) timestamp=3476 ms, used_size=976896 bytes (2.4%)
(RDMA_READ_CONSUME_CHECK_CONSUMER) timestamp=3476 ms, used_size=974848 bytes (2.4%)
(RDMA_READ_CONSUME_CHECK_CONSUMER) timestamp=3476 ms, used_size=972800 bytes (2.4%)
(RDMA_READ_CONSUME_CHECK_CONSUMER) timestamp=3476 ms, used_size=970752 bytes (2.4%)
(RDMA_READ_CONSUME_CHECK_CONSUMER) timestamp=3476 ms, used_size=968704 bytes (2.4%)
(RDMA_READ_CONSUME_CHECK_CONSUMER) timestamp=3476 ms, used_size=966656 bytes (2.4%)
(RDMA_READ_CONSUME_CHECK_CONSUMER) timestamp=3476 ms, used_size=964608 bytes (2.4%)
(RDMA_READ_CONSUME_CHECK_CONSUMER) timestamp=3476 ms, used_size=962560 bytes (2.4%)
(RDMA_READ_CONSUME_CHECK_CONSUMER) timestamp=3476 ms, used_size=960512 bytes (2.3%)
(RDMA_READ_CONSUME_CHECK_CONSUMER) timestamp=3476 ms, used_size=958464 bytes (2.3%)
(RDMA_READ_CONSUME_CHECK_CONSUMER) timestamp=3476 ms, used_size=956416 bytes (2.3%)
(RDMA_READ_CONSUME_CHECK_CONSUMER) timestamp=3476 ms, used_size=954368 bytes (2.3%)
(RDMA_READ_CONSUME_CHECK_CONSUMER) timestamp=3476 ms, used_size=952320 bytes (2.3%)
(RDMA_READ_CONSUME_CHECK_CONSUMER) timestamp=3476 ms, used_size=950272 bytes (2.3%)
(RDMA_READ_CONSUME_CHECK_CONSUMER) timestamp=3476 ms, used_size=948224 bytes (2.3%)
(RDMA_READ_CONSUME_CHECK_CONSUMER) timestamp=3476 ms, used_size=946176 bytes (2.3%)
(RDMA_READ_CONSUME_CHECK_CONSUMER) timestamp=3476 ms, used_size=944128 bytes (2.3%)
(RDMA_READ_CONSUME_CHECK_CONSUMER) timestamp=3476 ms, used_size=942080 bytes (2.3%)
(RDMA_READ_CONSUME_CHECK_CONSUMER) timestamp=3476 ms, used_size=940032 bytes (2.3%)
(RDMA_READ_CONSUME_CHECK_CONSUMER) timestamp=3476 ms, used_size=937984 bytes (2.3%)
(RDMA_READ_CONSUME_CHECK_CONSUMER) timestamp=3476 ms, used_size=935936 bytes (2.3%)
(RDMA_READ_CONSUME_CHECK_CONSUMER) timestamp=3476 ms, used_size=933888 bytes (2.3%)
(RDMA_READ_CONSUME_CHECK_CONSUMER) timestamp=3476 ms, used_size=931840 bytes (2.3%)
(RDMA_READ_CONSUME_CHECK_CONSUMER) timestamp=3476 ms, used_size=929792 bytes (2.3%)
(RDMA_READ_CONSUME_CHECK_CONSUMER) timestamp=3476 ms, used_size=927744 bytes (2.3%)
(RDMA_READ_CONSUME_CHECK_CONSUMER) timestamp=3476 ms, used_size=925696 bytes (2.3%)
(RDMA_READ_CONSUME_CHECK_CONSUMER) timestamp=3476 ms, used_size=923648 bytes (2.3%)
(RDMA_READ_CONSUME_CHECK_CONSUMER) timestamp=3476 ms, used_size=921600 bytes (2.2%)
(RDMA_READ_CONSUME_CHECK_CONSUMER) timestamp=3476 ms, used_size=919552 bytes (2.2%)
(RDMA_READ_CONSUME_CHECK_CONSUMER) timestamp=3476 ms, used_size=917504 bytes (2.2%)
(RDMA_READ_CONSUME_CHECK_CONSUMER) timestamp=3476 ms, used_size=915456 bytes (2.2%)
(RDMA_READ_CONSUME_CHECK_CONSUMER) timestamp=3476 ms, used_size=913408 bytes (2.2%)
(RDMA_READ_CONSUME_CHECK_CONSUMER) timestamp=3476 ms, used_size=911360 bytes (2.2%)
(RDMA_READ_CONSUME_CHECK_CONSUMER) timestamp=3476 ms, used_size=909312 bytes (2.2%)
(RDMA_READ_CONSUME_CHECK_CONSUMER) timestamp=3476 ms, used_size=907264 bytes (2.2%)
(RDMA_READ_CONSUME_CHECK_CONSUMER) timestamp=3476 ms, used_size=905216 bytes (2.2%)
(RDMA_READ_CONSUME_CHECK_CONSUMER) timestamp=3476 ms, used_size=903168 bytes (2.2%)
(RDMA_READ_CONSUME_CHECK_CONSUMER) timestamp=3476 ms, used_size=901120 bytes (2.2%)
(RDMA_READ_CONSUME_CHECK_CONSUMER) timestamp=3476 ms, used_size=899072 bytes (2.2%)
(RDMA_READ_CONSUME_CHECK_CONSUMER) timestamp=3476 ms, used_size=897024 bytes (2.2%)
(RDMA_READ_CONSUME_CHECK_CONSUMER) timestamp=3476 ms, used_size=894976 bytes (2.2%)
(RDMA_READ_CONSUME_CHECK_CONSUMER) timestamp=3476 ms, used_size=892928 bytes (2.2%)
(RDMA_READ_CONSUME_CHECK_CONSUMER) timestamp=3476 ms, used_size=890880 bytes (2.2%)
(RDMA_READ_CONSUME_CHECK_CONSUMER) timestamp=3476 ms, used_size=888832 bytes (2.2%)
(RDMA_READ_CONSUME_CHECK_CONSUMER) timestamp=3476 ms, used_size=886784 bytes (2.2%)
(RDMA_READ_CONSUME_CHECK_CONSUMER) timestamp=3476 ms, used_size=884736 bytes (2.2%)
(RDMA_READ_CONSUME_CHECK_CONSUMER) timestamp=3476 ms, used_size=882688 bytes (2.2%)
(RDMA_READ_CONSUME_CHECK_CONSUMER) timestamp=3476 ms, used_size=880640 bytes (2.1%)
(RDMA_READ_CONSUME_CHECK_CONSUMER) timestamp=3476 ms, used_size=878592 bytes (2.1%)
(RDMA_READ_CONSUME_CHECK_CONSUMER) timestamp=3476 ms, used_size=876544 bytes (2.1%)
(RDMA_READ_CONSUME_CHECK_CONSUMER) timestamp=3476 ms, used_size=874496 bytes (2.1%)
(RDMA_READ_CONSUME_CHECK_CONSUMER) timestamp=3476 ms, used_size=872448 bytes (2.1%)
(RDMA_READ_CONSUME_CHECK_CONSUMER) timestamp=3476 ms, used_size=870400 bytes (2.1%)
(RDMA_READ_CONSUME_CHECK_CONSUMER) timestamp=3476 ms, used_size=868352 bytes (2.1%)
(RDMA_READ_CONSUME_CHECK_CONSUMER) timestamp=3476 ms, used_size=866304 bytes (2.1%)
(RDMA_READ_CONSUME_CHECK_CONSUMER) timestamp=3476 ms, used_size=864256 bytes (2.1%)
(RDMA_READ_CONSUME_CHECK_CONSUMER) timestamp=3476 ms, used_size=862208 bytes (2.1%)
(RDMA_READ_CONSUME_CHECK_CONSUMER) timestamp=3476 ms, used_size=860160 bytes (2.1%)
(RDMA_READ_CONSUME_CHECK_CONSUMER) timestamp=3476 ms, used_size=858112 bytes (2.1%)
(RDMA_READ_CONSUME_CHECK_CONSUMER) timestamp=3476 ms, used_size=856064 bytes (2.1%)
(RDMA_READ_CONSUME_CHECK_CONSUMER) timestamp=3476 ms, used_size=854016 bytes (2.1%)
(RDMA_READ_CONSUME_CHECK_CONSUMER) timestamp=3476 ms, used_size=851968 bytes (2.1%)
(RDMA_READ_CONSUME_CHECK_CONSUMER) timestamp=3476 ms, used_size=849920 bytes (2.1%)
(RDMA_READ_CONSUME_CHECK_CONSUMER) timestamp=3476 ms, used_size=847872 bytes (2.1%)
(RDMA_READ_CONSUME_CHECK_CONSUMER) timestamp=3476 ms, used_size=845824 bytes (2.1%)
(RDMA_READ_CONSUME_CHECK_CONSUMER) timestamp=3476 ms, used_size=843776 bytes (2.1%)
(RDMA_READ_CONSUME_CHECK_CONSUMER) timestamp=3476 ms, used_size=841728 bytes (2.1%)
(RDMA_READ_CONSUME_CHECK_CONSUMER) timestamp=3476 ms, used_size=839680 bytes (2.0%)
(RDMA_READ_CONSUME_CHECK_CONSUMER) timestamp=3476 ms, used_size=837632 bytes (2.0%)
(RDMA_READ_CONSUME_CHECK_CONSUMER) timestamp=3476 ms, used_size=835584 bytes (2.0%)
(RDMA_READ_CONSUME_CHECK_CONSUMER) timestamp=3476 ms, used_size=833536 bytes (2.0%)
(RDMA_READ_CONSUME_CHECK_CONSUMER) timestamp=3476 ms, used_size=831488 bytes (2.0%)
(RDMA_READ_CONSUME_CHECK_CONSUMER) timestamp=3476 ms, used_size=829440 bytes (2.0%)
(RDMA_READ_CONSUME_CHECK_CONSUMER) timestamp=3476 ms, used_size=827392 bytes (2.0%)
(RDMA_READ_CONSUME_CHECK_CONSUMER) timestamp=3476 ms, used_size=825344 bytes (2.0%)
(RDMA_READ_CONSUME_CHECK_CONSUMER) timestamp=3476 ms, used_size=823296 bytes (2.0%)
(RDMA_READ_CONSUME_CHECK_CONSUMER) timestamp=3476 ms, used_size=821248 bytes (2.0%)
(RDMA_READ_CONSUME_CHECK_CONSUMER) timestamp=3476 ms, used_size=819200 bytes (2.0%)
(RDMA_READ_CONSUME_CHECK_CONSUMER) timestamp=3476 ms, used_size=817152 bytes (2.0%)
(RDMA_READ_CONSUME_CHECK_CONSUMER) timestamp=3476 ms, used_size=815104 bytes (2.0%)
(RDMA_READ_CONSUME_CHECK_CONSUMER) timestamp=3476 ms, used_size=813056 bytes (2.0%)
(RDMA_READ_CONSUME_CHECK_CONSUMER) timestamp=3476 ms, used_size=811008 bytes (2.0%)
(RDMA_READ_CONSUME_CHECK_CONSUMER) timestamp=3476 ms, used_size=808960 bytes (2.0%)
(RDMA_READ_CONSUME_CHECK_CONSUMER) timestamp=3476 ms, used_size=806912 bytes (2.0%)
(RDMA_READ_CONSUME_CHECK_CONSUMER) timestamp=3476 ms, used_size=804864 bytes (2.0%)
(RDMA_READ_CONSUME_CHECK_CONSUMER) timestamp=3476 ms, used_size=802816 bytes (2.0%)
(RDMA_READ_CONSUME_CHECK_CONSUMER) timestamp=3476 ms, used_size=800768 bytes (2.0%)
(RDMA_READ_CONSUME_CHECK_CONSUMER) timestamp=3476 ms, used_size=798720 bytes (1.9%)
(RDMA_READ_CONSUME_CHECK_CONSUMER) timestamp=3476 ms, used_size=796672 bytes (1.9%)
(RDMA_READ_CONSUME_CHECK_CONSUMER) timestamp=3476 ms, used_size=794624 bytes (1.9%)
(RDMA_READ_CONSUME_CHECK_CONSUMER) timestamp=3476 ms, used_size=792576 bytes (1.9%)
(RDMA_READ_CONSUME_CHECK_CONSUMER) timestamp=3476 ms, used_size=790528 bytes (1.9%)
(RDMA_READ_CONSUME_CHECK_CONSUMER) timestamp=3476 ms, used_size=788480 bytes (1.9%)
(RDMA_READ_CONSUME_CHECK_CONSUMER) timestamp=3476 ms, used_size=786432 bytes (1.9%)
(RDMA_READ_CONSUME_CHECK_CONSUMER) timestamp=3476 ms, used_size=784384 bytes (1.9%)
(RDMA_READ_CONSUME_CHECK_CONSUMER) timestamp=3476 ms, used_size=782336 bytes (1.9%)
(RDMA_READ_CONSUME_CHECK_CONSUMER) timestamp=3476 ms, used_size=780288 bytes (1.9%)
(RDMA_READ_CONSUME_CHECK_CONSUMER) timestamp=3476 ms, used_size=778240 bytes (1.9%)
(RDMA_READ_CONSUME_CHECK_CONSUMER) timestamp=3476 ms, used_size=776192 bytes (1.9%)
(RDMA_READ_CONSUME_CHECK_CONSUMER) timestamp=3476 ms, used_size=774144 bytes (1.9%)
(RDMA_READ_CONSUME_CHECK_CONSUMER) timestamp=3476 ms, used_size=772096 bytes (1.9%)
(RDMA_READ_CONSUME_CHECK_CONSUMER) timestamp=3476 ms, used_size=770048 bytes (1.9%)
(RDMA_READ_CONSUME_CHECK_CONSUMER) timestamp=3476 ms, used_size=768000 bytes (1.9%)
(RDMA_READ_CONSUME_CHECK_CONSUMER) timestamp=3476 ms, used_size=765952 bytes (1.9%)
(RDMA_READ_CONSUME_CHECK_CONSUMER) timestamp=3476 ms, used_size=763904 bytes (1.9%)
(RDMA_READ_CONSUME_CHECK_CONSUMER) timestamp=3476 ms, used_size=761856 bytes (1.9%)
(RDMA_READ_CONSUME_CHECK_CONSUMER) timestamp=3476 ms, used_size=759808 bytes (1.9%)
(RDMA_READ_CONSUME_CHECK_CONSUMER) timestamp=3476 ms, used_size=757760 bytes (1.9%)
(RDMA_READ_CONSUME_CHECK_CONSUMER) timestamp=3476 ms, used_size=755712 bytes (1.8%)
(RDMA_READ_CONSUME_CHECK_CONSUMER) timestamp=3476 ms, used_size=753664 bytes (1.8%)
(RDMA_READ_CONSUME_CHECK_CONSUMER) timestamp=3476 ms, used_size=751616 bytes (1.8%)
(RDMA_READ_CONSUME_CHECK_CONSUMER) timestamp=3476 ms, used_size=749568 bytes (1.8%)
(RDMA_READ_CONSUME_CHECK_CONSUMER) timestamp=3476 ms, used_size=747520 bytes (1.8%)
(RDMA_READ_CONSUME_CHECK_CONSUMER) timestamp=3476 ms, used_size=745472 bytes (1.8%)
(RDMA_READ_CONSUME_CHECK_CONSUMER) timestamp=3476 ms, used_size=743424 bytes (1.8%)
(RDMA_READ_CONSUME_CHECK_CONSUMER) timestamp=3476 ms, used_size=741376 bytes (1.8%)
(RDMA_READ_CONSUME_CHECK_CONSUMER) timestamp=3476 ms, used_size=739328 bytes (1.8%)
(RDMA_READ_CONSUME_CHECK_CONSUMER) timestamp=3476 ms, used_size=737280 bytes (1.8%)
(RDMA_READ_CONSUME_CHECK_CONSUMER) timestamp=3476 ms, used_size=735232 bytes (1.8%)
(RDMA_READ_CONSUME_CHECK_CONSUMER) timestamp=3476 ms, used_size=733184 bytes (1.8%)
(RDMA_READ_CONSUME_CHECK_CONSUMER) timestamp=3476 ms, used_size=731136 bytes (1.8%)
(RDMA_READ_CONSUME_CHECK_CONSUMER) timestamp=3476 ms, used_size=729088 bytes (1.8%)
(RDMA_READ_CONSUME_CHECK_CONSUMER) timestamp=3476 ms, used_size=727040 bytes (1.8%)
(RDMA_READ_CONSUME_CHECK_CONSUMER) timestamp=3476 ms, used_size=724992 bytes (1.8%)
(RDMA_READ_CONSUME_CHECK_CONSUMER) timestamp=3476 ms, used_size=722944 bytes (1.8%)
(RDMA_READ_CONSUME_CHECK_CONSUMER) timestamp=3476 ms, used_size=720896 bytes (1.8%)
(RDMA_READ_CONSUME_CHECK_CONSUMER) timestamp=3476 ms, used_size=718848 bytes (1.8%)
(RDMA_READ_CONSUME_CHECK_CONSUMER) timestamp=3476 ms, used_size=716800 bytes (1.8%)
(RDMA_READ_CONSUME_CHECK_CONSUMER) timestamp=3476 ms, used_size=714752 bytes (1.7%)
(RDMA_READ_CONSUME_CHECK_CONSUMER) timestamp=3476 ms, used_size=712704 bytes (1.7%)
(RDMA_READ_CONSUME_CHECK_CONSUMER) timestamp=3476 ms, used_size=710656 bytes (1.7%)
(RDMA_READ_CONSUME_CHECK_CONSUMER) timestamp=3476 ms, used_size=708608 bytes (1.7%)
(RDMA_READ_CONSUME_CHECK_CONSUMER) timestamp=3476 ms, used_size=706560 bytes (1.7%)
(RDMA_READ_CONSUME_CHECK_CONSUMER) timestamp=3477 ms, used_size=704512 bytes (1.7%)
(RDMA_READ_CONSUME_CHECK_CONSUMER) timestamp=3477 ms, used_size=702464 bytes (1.7%)
(RDMA_READ_CONSUME_CHECK_CONSUMER) timestamp=3477 ms, used_size=700416 bytes (1.7%)
(RDMA_READ_CONSUME_CHECK_CONSUMER) timestamp=3477 ms, used_size=698368 bytes (1.7%)
(RDMA_READ_CONSUME_CHECK_CONSUMER) timestamp=3477 ms, used_size=696320 bytes (1.7%)
(RDMA_READ_CONSUME_CHECK_CONSUMER) timestamp=3477 ms, used_size=694272 bytes (1.7%)
(RDMA_READ_CONSUME_CHECK_CONSUMER) timestamp=3477 ms, used_size=692224 bytes (1.7%)
(RDMA_READ_CONSUME_CHECK_CONSUMER) timestamp=3477 ms, used_size=690176 bytes (1.7%)
(RDMA_READ_CONSUME_CHECK_CONSUMER) timestamp=3477 ms, used_size=688128 bytes (1.7%)
(RDMA_READ_CONSUME_CHECK_CONSUMER) timestamp=3477 ms, used_size=686080 bytes (1.7%)
(RDMA_READ_CONSUME_CHECK_CONSUMER) timestamp=3477 ms, used_size=684032 bytes (1.7%)
(RDMA_READ_CONSUME_CHECK_CONSUMER) timestamp=3477 ms, used_size=681984 bytes (1.7%)
(RDMA_READ_CONSUME_CHECK_CONSUMER) timestamp=3477 ms, used_size=679936 bytes (1.7%)
(RDMA_READ_CONSUME_CHECK_CONSUMER) timestamp=3477 ms, used_size=677888 bytes (1.7%)
(RDMA_READ_CONSUME_CHECK_CONSUMER) timestamp=3477 ms, used_size=675840 bytes (1.6%)
(RDMA_READ_CONSUME_CHECK_CONSUMER) timestamp=3477 ms, used_size=673792 bytes (1.6%)
(RDMA_READ_CONSUME_CHECK_CONSUMER) timestamp=3477 ms, used_size=671744 bytes (1.6%)
(RDMA_READ_CONSUME_CHECK_CONSUMER) timestamp=3477 ms, used_size=669696 bytes (1.6%)
(RDMA_READ_CONSUME_CHECK_CONSUMER) timestamp=3477 ms, used_size=667648 bytes (1.6%)
(RDMA_READ_CONSUME_CHECK_CONSUMER) timestamp=3477 ms, used_size=665600 bytes (1.6%)
(RDMA_READ_CONSUME_CHECK_CONSUMER) timestamp=3477 ms, used_size=663552 bytes (1.6%)
(RDMA_READ_CONSUME_CHECK_CONSUMER) timestamp=3477 ms, used_size=661504 bytes (1.6%)
(RDMA_READ_CONSUME_CHECK_CONSUMER) timestamp=3477 ms, used_size=659456 bytes (1.6%)
(RDMA_READ_CONSUME_CHECK_CONSUMER) timestamp=3477 ms, used_size=657408 bytes (1.6%)
(RDMA_READ_CONSUME_CHECK_CONSUMER) timestamp=3477 ms, used_size=655360 bytes (1.6%)
(RDMA_READ_CONSUME_CHECK_CONSUMER) timestamp=3477 ms, used_size=653312 bytes (1.6%)
(RDMA_READ_CONSUME_CHECK_CONSUMER) timestamp=3477 ms, used_size=651264 bytes (1.6%)
(RDMA_READ_CONSUME_CHECK_CONSUMER) timestamp=3477 ms, used_size=649216 bytes (1.6%)
(RDMA_READ_CONSUME_CHECK_CONSUMER) timestamp=3477 ms, used_size=647168 bytes (1.6%)
(RDMA_READ_CONSUME_CHECK_CONSUMER) timestamp=3477 ms, used_size=645120 bytes (1.6%)
(RDMA_READ_CONSUME_CHECK_CONSUMER) timestamp=3477 ms, used_size=643072 bytes (1.6%)
(RDMA_READ_CONSUME_CHECK_CONSUMER) timestamp=3477 ms, used_size=641024 bytes (1.6%)
(RDMA_READ_CONSUME_CHECK_CONSUMER) timestamp=3477 ms, used_size=638976 bytes (1.6%)
(RDMA_READ_CONSUME_CHECK_CONSUMER) timestamp=3477 ms, used_size=636928 bytes (1.6%)
(RDMA_READ_CONSUME_CHECK_CONSUMER) timestamp=3477 ms, used_size=634880 bytes (1.6%)
(RDMA_READ_CONSUME_CHECK_CONSUMER) timestamp=3477 ms, used_size=632832 bytes (1.5%)
(RDMA_READ_CONSUME_CHECK_CONSUMER) timestamp=3477 ms, used_size=630784 bytes (1.5%)
(RDMA_READ_CONSUME_CHECK_CONSUMER) timestamp=3477 ms, used_size=628736 bytes (1.5%)
(RDMA_READ_CONSUME_CHECK_CONSUMER) timestamp=3477 ms, used_size=626688 bytes (1.5%)
(RDMA_READ_CONSUME_CHECK_CONSUMER) timestamp=3477 ms, used_size=624640 bytes (1.5%)
(RDMA_READ_CONSUME_CHECK_CONSUMER) timestamp=3477 ms, used_size=622592 bytes (1.5%)
(RDMA_READ_CONSUME_CHECK_CONSUMER) timestamp=3477 ms, used_size=620544 bytes (1.5%)
(RDMA_READ_CONSUME_CHECK_CONSUMER) timestamp=3477 ms, used_size=618496 bytes (1.5%)
(RDMA_READ_CONSUME_CHECK_CONSUMER) timestamp=3477 ms, used_size=616448 bytes (1.5%)
(RDMA_READ_CONSUME_CHECK_CONSUMER) timestamp=3477 ms, used_size=614400 bytes (1.5%)
(RDMA_READ_CONSUME_CHECK_CONSUMER) timestamp=3477 ms, used_size=612352 bytes (1.5%)
(RDMA_READ_CONSUME_CHECK_CONSUMER) timestamp=3477 ms, used_size=610304 bytes (1.5%)
(RDMA_READ_CONSUME_CHECK_CONSUMER) timestamp=3477 ms, used_size=608256 bytes (1.5%)
(RDMA_READ_CONSUME_CHECK_CONSUMER) timestamp=3477 ms, used_size=606208 bytes (1.5%)
(RDMA_READ_CONSUME_CHECK_CONSUMER) timestamp=3477 ms, used_size=604160 bytes (1.5%)
(RDMA_READ_CONSUME_CHECK_CONSUMER) timestamp=3477 ms, used_size=602112 bytes (1.5%)
(RDMA_READ_CONSUME_CHECK_CONSUMER) timestamp=3477 ms, used_size=600064 bytes (1.5%)
(RDMA_READ_CONSUME_CHECK_CONSUMER) timestamp=3477 ms, used_size=598016 bytes (1.5%)
(RDMA_READ_CONSUME_CHECK_CONSUMER) timestamp=3477 ms, used_size=595968 bytes (1.5%)
(RDMA_READ_CONSUME_CHECK_CONSUMER) timestamp=3477 ms, used_size=593920 bytes (1.4%)
(RDMA_READ_CONSUME_CHECK_CONSUMER) timestamp=3477 ms, used_size=591872 bytes (1.4%)
(RDMA_READ_CONSUME_CHECK_CONSUMER) timestamp=3477 ms, used_size=589824 bytes (1.4%)
(RDMA_READ_CONSUME_CHECK_CONSUMER) timestamp=3477 ms, used_size=587776 bytes (1.4%)
(RDMA_READ_CONSUME_CHECK_CONSUMER) timestamp=3477 ms, used_size=585728 bytes (1.4%)
(RDMA_READ_CONSUME_CHECK_CONSUMER) timestamp=3477 ms, used_size=583680 bytes (1.4%)
(RDMA_READ_CONSUME_CHECK_CONSUMER) timestamp=3477 ms, used_size=581632 bytes (1.4%)
(RDMA_READ_CONSUME_CHECK_CONSUMER) timestamp=3477 ms, used_size=579584 bytes (1.4%)
(RDMA_READ_CONSUME_CHECK_CONSUMER) timestamp=3477 ms, used_size=577536 bytes (1.4%)
(RDMA_READ_CONSUME_CHECK_CONSUMER) timestamp=3477 ms, used_size=575488 bytes (1.4%)
(RDMA_READ_CONSUME_CHECK_CONSUMER) timestamp=3477 ms, used_size=573440 bytes (1.4%)
(RDMA_READ_CONSUME_CHECK_CONSUMER) timestamp=3477 ms, used_size=571392 bytes (1.4%)
(RDMA_READ_CONSUME_CHECK_CONSUMER) timestamp=3477 ms, used_size=569344 bytes (1.4%)
(RDMA_READ_CONSUME_CHECK_CONSUMER) timestamp=3477 ms, used_size=567296 bytes (1.4%)
(RDMA_READ_CONSUME_CHECK_CONSUMER) timestamp=3477 ms, used_size=565248 bytes (1.4%)
(RDMA_READ_CONSUME_CHECK_CONSUMER) timestamp=3477 ms, used_size=563200 bytes (1.4%)
(RDMA_READ_CONSUME_CHECK_CONSUMER) timestamp=3477 ms, used_size=561152 bytes (1.4%)
(RDMA_READ_CONSUME_CHECK_CONSUMER) timestamp=3477 ms, used_size=559104 bytes (1.4%)
(RDMA_READ_CONSUME_CHECK_CONSUMER) timestamp=3477 ms, used_size=557056 bytes (1.4%)
(RDMA_READ_CONSUME_CHECK_CONSUMER) timestamp=3477 ms, used_size=555008 bytes (1.4%)
(RDMA_READ_CONSUME_CHECK_CONSUMER) timestamp=3477 ms, used_size=552960 bytes (1.4%)
(RDMA_READ_CONSUME_CHECK_CONSUMER) timestamp=3477 ms, used_size=550912 bytes (1.3%)
(RDMA_READ_CONSUME_CHECK_CONSUMER) timestamp=3477 ms, used_size=548864 bytes (1.3%)
(RDMA_READ_CONSUME_CHECK_CONSUMER) timestamp=3477 ms, used_size=546816 bytes (1.3%)
(RDMA_READ_CONSUME_CHECK_CONSUMER) timestamp=3477 ms, used_size=544768 bytes (1.3%)
(RDMA_READ_CONSUME_CHECK_CONSUMER) timestamp=3477 ms, used_size=542720 bytes (1.3%)
(RDMA_READ_CONSUME_CHECK_CONSUMER) timestamp=3477 ms, used_size=540672 bytes (1.3%)
(RDMA_READ_CONSUME_CHECK_CONSUMER) timestamp=3477 ms, used_size=538624 bytes (1.3%)
(RDMA_READ_CONSUME_CHECK_CONSUMER) timestamp=3477 ms, used_size=536576 bytes (1.3%)
(RDMA_READ_CONSUME_CHECK_CONSUMER) timestamp=3477 ms, used_size=534528 bytes (1.3%)
(RDMA_READ_CONSUME_CHECK_CONSUMER) timestamp=3477 ms, used_size=532480 bytes (1.3%)
(RDMA_READ_CONSUME_CHECK_CONSUMER) timestamp=3477 ms, used_size=530432 bytes (1.3%)
(RDMA_READ_CONSUME_CHECK_CONSUMER) timestamp=3477 ms, used_size=528384 bytes (1.3%)
(RDMA_READ_CONSUME_CHECK_CONSUMER) timestamp=3477 ms, used_size=526336 bytes (1.3%)
(RDMA_READ_CONSUME_CHECK_CONSUMER) timestamp=3477 ms, used_size=524288 bytes (1.3%)
(RDMA_READ_CONSUME_CHECK_CONSUMER) timestamp=3477 ms, used_size=522240 bytes (1.3%)
(RDMA_READ_CONSUME_CHECK_CONSUMER) timestamp=3477 ms, used_size=520192 bytes (1.3%)
(RDMA_READ_CONSUME_CHECK_CONSUMER) timestamp=3477 ms, used_size=518144 bytes (1.3%)
(RDMA_READ_CONSUME_CHECK_CONSUMER) timestamp=3477 ms, used_size=516096 bytes (1.3%)
(RDMA_READ_CONSUME_CHECK_CONSUMER) timestamp=3477 ms, used_size=514048 bytes (1.3%)
(RDMA_READ_CONSUME_CHECK_CONSUMER) timestamp=3477 ms, used_size=512000 bytes (1.2%)
(RDMA_READ_CONSUME_CHECK_CONSUMER) timestamp=3477 ms, used_size=509952 bytes (1.2%)
(RDMA_READ_CONSUME_CHECK_CONSUMER) timestamp=3477 ms, used_size=507904 bytes (1.2%)
(RDMA_READ_CONSUME_CHECK_CONSUMER) timestamp=3477 ms, used_size=505856 bytes (1.2%)
(RDMA_READ_CONSUME_CHECK_CONSUMER) timestamp=3477 ms, used_size=503808 bytes (1.2%)
(RDMA_READ_CONSUME_CHECK_CONSUMER) timestamp=3477 ms, used_size=501760 bytes (1.2%)
(RDMA_READ_CONSUME_CHECK_CONSUMER) timestamp=3477 ms, used_size=499712 bytes (1.2%)
(RDMA_READ_CONSUME_CHECK_CONSUMER) timestamp=3477 ms, used_size=497664 bytes (1.2%)
(RDMA_READ_CONSUME_CHECK_CONSUMER) timestamp=3477 ms, used_size=495616 bytes (1.2%)
(RDMA_READ_CONSUME_CHECK_CONSUMER) timestamp=3477 ms, used_size=493568 bytes (1.2%)
(RDMA_READ_CONSUME_CHECK_CONSUMER) timestamp=3477 ms, used_size=491520 bytes (1.2%)
(RDMA_READ_CONSUME_CHECK_CONSUMER) timestamp=3477 ms, used_size=489472 bytes (1.2%)
(RDMA_READ_CONSUME_CHECK_CONSUMER) timestamp=3477 ms, used_size=487424 bytes (1.2%)
(RDMA_READ_CONSUME_CHECK_CONSUMER) timestamp=3477 ms, used_size=485376 bytes (1.2%)
(RDMA_READ_CONSUME_CHECK_CONSUMER) timestamp=3477 ms, used_size=483328 bytes (1.2%)
(RDMA_READ_CONSUME_CHECK_CONSUMER) timestamp=3477 ms, used_size=481280 bytes (1.2%)
(RDMA_READ_CONSUME_CHECK_CONSUMER) timestamp=3477 ms, used_size=479232 bytes (1.2%)
(RDMA_READ_CONSUME_CHECK_CONSUMER) timestamp=3477 ms, used_size=477184 bytes (1.2%)
(RDMA_READ_CONSUME_CHECK_CONSUMER) timestamp=3477 ms, used_size=475136 bytes (1.2%)
(RDMA_READ_CONSUME_CHECK_CONSUMER) timestamp=3477 ms, used_size=473088 bytes (1.2%)
(RDMA_READ_CONSUME_CHECK_CONSUMER) timestamp=3477 ms, used_size=471040 bytes (1.1%)
(RDMA_READ_CONSUME_CHECK_CONSUMER) timestamp=3477 ms, used_size=468992 bytes (1.1%)
(RDMA_READ_CONSUME_CHECK_CONSUMER) timestamp=3477 ms, used_size=466944 bytes (1.1%)
(RDMA_READ_CONSUME_CHECK_CONSUMER) timestamp=3477 ms, used_size=464896 bytes (1.1%)
(RDMA_READ_CONSUME_CHECK_CONSUMER) timestamp=3477 ms, used_size=462848 bytes (1.1%)
(RDMA_READ_CONSUME_CHECK_CONSUMER) timestamp=3477 ms, used_size=460800 bytes (1.1%)
(RDMA_READ_CONSUME_CHECK_CONSUMER) timestamp=3477 ms, used_size=458752 bytes (1.1%)
(RDMA_READ_CONSUME_CHECK_CONSUMER) timestamp=3477 ms, used_size=456704 bytes (1.1%)
(RDMA_READ_CONSUME_CHECK_CONSUMER) timestamp=3477 ms, used_size=454656 bytes (1.1%)
(RDMA_READ_CONSUME_CHECK_CONSUMER) timestamp=3477 ms, used_size=452608 bytes (1.1%)
(RDMA_READ_CONSUME_CHECK_CONSUMER) timestamp=3477 ms, used_size=450560 bytes (1.1%)
(RDMA_READ_CONSUME_CHECK_CONSUMER) timestamp=3477 ms, used_size=448512 bytes (1.1%)
(RDMA_READ_CONSUME_CHECK_CONSUMER) timestamp=3477 ms, used_size=446464 bytes (1.1%)
(RDMA_READ_CONSUME_CHECK_CONSUMER) timestamp=3477 ms, used_size=444416 bytes (1.1%)
(RDMA_READ_CONSUME_CHECK_CONSUMER) timestamp=3477 ms, used_size=442368 bytes (1.1%)
(RDMA_READ_CONSUME_CHECK_CONSUMER) timestamp=3477 ms, used_size=440320 bytes (1.1%)
(RDMA_READ_CONSUME_CHECK_CONSUMER) timestamp=3477 ms, used_size=438272 bytes (1.1%)
(RDMA_READ_CONSUME_CHECK_CONSUMER) timestamp=3477 ms, used_size=436224 bytes (1.1%)
(RDMA_READ_CONSUME_CHECK_CONSUMER) timestamp=3477 ms, used_size=434176 bytes (1.1%)
(RDMA_READ_CONSUME_CHECK_CONSUMER) timestamp=3477 ms, used_size=432128 bytes (1.1%)
(RDMA_READ_CONSUME_CHECK_CONSUMER) timestamp=3477 ms, used_size=430080 bytes (1.1%)
(RDMA_READ_CONSUME_CHECK_CONSUMER) timestamp=3477 ms, used_size=428032 bytes (1.0%)
(RDMA_READ_CONSUME_CHECK_CONSUMER) timestamp=3477 ms, used_size=425984 bytes (1.0%)
(RDMA_READ_CONSUME_CHECK_CONSUMER) timestamp=3477 ms, used_size=423936 bytes (1.0%)
(RDMA_READ_CONSUME_CHECK_CONSUMER) timestamp=3477 ms, used_size=421888 bytes (1.0%)
(RDMA_READ_CONSUME_CHECK_CONSUMER) timestamp=3477 ms, used_size=419840 bytes (1.0%)
(RDMA_READ_CONSUME_CHECK_CONSUMER) timestamp=3477 ms, used_size=417792 bytes (1.0%)
(RDMA_READ_CONSUME_CHECK_CONSUMER) timestamp=3477 ms, used_size=415744 bytes (1.0%)
(RDMA_READ_CONSUME_CHECK_CONSUMER) timestamp=3477 ms, used_size=413696 bytes (1.0%)
(RDMA_READ_CONSUME_CHECK_CONSUMER) timestamp=3477 ms, used_size=411648 bytes (1.0%)
(RDMA_READ_CONSUME_CHECK_CONSUMER) timestamp=3477 ms, used_size=409600 bytes (1.0%)
(RDMA_READ_CONSUME_CHECK_CONSUMER) timestamp=3477 ms, used_size=407552 bytes (1.0%)
(RDMA_READ_CONSUME_CHECK_CONSUMER) timestamp=3477 ms, used_size=405504 bytes (1.0%)
(RDMA_READ_CONSUME_CHECK_CONSUMER) timestamp=3477 ms, used_size=403456 bytes (1.0%)
(RDMA_READ_CONSUME_CHECK_CONSUMER) timestamp=3477 ms, used_size=401408 bytes (1.0%)
(RDMA_READ_CONSUME_CHECK_CONSUMER) timestamp=3477 ms, used_size=399360 bytes (1.0%)
(RDMA_READ_CONSUME_CHECK_CONSUMER) timestamp=3477 ms, used_size=397312 bytes (1.0%)
(RDMA_READ_CONSUME_CHECK_CONSUMER) timestamp=3477 ms, used_size=395264 bytes (1.0%)
(RDMA_READ_CONSUME_CHECK_CONSUMER) timestamp=3477 ms, used_size=393216 bytes (1.0%)
(RDMA_READ_CONSUME_CHECK_CONSUMER) timestamp=3477 ms, used_size=391168 bytes (1.0%)
(RDMA_READ_CONSUME_CHECK_CONSUMER) timestamp=3477 ms, used_size=389120 bytes (0.9%)
(RDMA_READ_CONSUME_CHECK_CONSUMER) timestamp=3477 ms, used_size=387072 bytes (0.9%)
(RDMA_READ_CONSUME_CHECK_CONSUMER) timestamp=3477 ms, used_size=385024 bytes (0.9%)
(RDMA_READ_CONSUME_CHECK_CONSUMER) timestamp=3477 ms, used_size=382976 bytes (0.9%)
(RDMA_READ_CONSUME_CHECK_CONSUMER) timestamp=3477 ms, used_size=380928 bytes (0.9%)
(RDMA_READ_CONSUME_CHECK_CONSUMER) timestamp=3477 ms, used_size=378880 bytes (0.9%)
(RDMA_READ_CONSUME_CHECK_CONSUMER) timestamp=3477 ms, used_size=376832 bytes (0.9%)
(RDMA_READ_CONSUME_CHECK_CONSUMER) timestamp=3477 ms, used_size=374784 bytes (0.9%)
(RDMA_READ_CONSUME_CHECK_CONSUMER) timestamp=3477 ms, used_size=372736 bytes (0.9%)
(RDMA_READ_CONSUME_CHECK_CONSUMER) timestamp=3477 ms, used_size=370688 bytes (0.9%)
(RDMA_READ_CONSUME_CHECK_CONSUMER) timestamp=3477 ms, used_size=368640 bytes (0.9%)
(RDMA_READ_CONSUME_CHECK_CONSUMER) timestamp=3477 ms, used_size=366592 bytes (0.9%)
(RDMA_READ_CONSUME_CHECK_CONSUMER) timestamp=3477 ms, used_size=364544 bytes (0.9%)
(RDMA_READ_CONSUME_CHECK_CONSUMER) timestamp=3477 ms, used_size=362496 bytes (0.9%)
(RDMA_READ_CONSUME_CHECK_CONSUMER) timestamp=3477 ms, used_size=360448 bytes (0.9%)
(RDMA_READ_CONSUME_CHECK_CONSUMER) timestamp=3477 ms, used_size=358400 bytes (0.9%)
(RDMA_READ_CONSUME_CHECK_CONSUMER) timestamp=3477 ms, used_size=356352 bytes (0.9%)
(RDMA_READ_CONSUME_CHECK_CONSUMER) timestamp=3477 ms, used_size=354304 bytes (0.9%)
(RDMA_READ_CONSUME_CHECK_CONSUMER) timestamp=3477 ms, used_size=352256 bytes (0.9%)
(RDMA_READ_CONSUME_CHECK_CONSUMER) timestamp=3477 ms, used_size=350208 bytes (0.9%)
(RDMA_READ_CONSUME_CHECK_CONSUMER) timestamp=3477 ms, used_size=348160 bytes (0.8%)
(RDMA_READ_CONSUME_CHECK_CONSUMER) timestamp=3477 ms, used_size=346112 bytes (0.8%)
(RDMA_READ_CONSUME_CHECK_CONSUMER) timestamp=3477 ms, used_size=344064 bytes (0.8%)
(RDMA_READ_CONSUME_CHECK_CONSUMER) timestamp=3477 ms, used_size=342016 bytes (0.8%)
(RDMA_READ_CONSUME_CHECK_CONSUMER) timestamp=3477 ms, used_size=339968 bytes (0.8%)
(RDMA_READ_CONSUME_CHECK_CONSUMER) timestamp=3477 ms, used_size=337920 bytes (0.8%)
(RDMA_READ_CONSUME_CHECK_CONSUMER) timestamp=3477 ms, used_size=335872 bytes (0.8%)
(RDMA_READ_CONSUME_CHECK_CONSUMER) timestamp=3478 ms, used_size=333824 bytes (0.8%)
(RDMA_READ_CONSUME_CHECK_CONSUMER) timestamp=3478 ms, used_size=331776 bytes (0.8%)
(RDMA_READ_CONSUME_CHECK_CONSUMER) timestamp=3478 ms, used_size=329728 bytes (0.8%)
(RDMA_READ_CONSUME_CHECK_CONSUMER) timestamp=3478 ms, used_size=327680 bytes (0.8%)
(RDMA_READ_CONSUME_CHECK_CONSUMER) timestamp=3478 ms, used_size=325632 bytes (0.8%)
(RDMA_READ_CONSUME_CHECK_CONSUMER) timestamp=3478 ms, used_size=323584 bytes (0.8%)
(RDMA_READ_CONSUME_CHECK_CONSUMER) timestamp=3478 ms, used_size=321536 bytes (0.8%)
(RDMA_READ_CONSUME_CHECK_CONSUMER) timestamp=3478 ms, used_size=319488 bytes (0.8%)
(RDMA_READ_CONSUME_CHECK_CONSUMER) timestamp=3478 ms, used_size=317440 bytes (0.8%)
(RDMA_READ_CONSUME_CHECK_CONSUMER) timestamp=3478 ms, used_size=315392 bytes (0.8%)
(RDMA_READ_CONSUME_CHECK_CONSUMER) timestamp=3478 ms, used_size=313344 bytes (0.8%)
(RDMA_READ_CONSUME_CHECK_CONSUMER) timestamp=3478 ms, used_size=311296 bytes (0.8%)
(RDMA_READ_CONSUME_CHECK_CONSUMER) timestamp=3478 ms, used_size=309248 bytes (0.8%)
(RDMA_READ_CONSUME_CHECK_CONSUMER) timestamp=3478 ms, used_size=307200 bytes (0.8%)
(RDMA_READ_CONSUME_CHECK_CONSUMER) timestamp=3478 ms, used_size=305152 bytes (0.7%)
(RDMA_READ_CONSUME_CHECK_CONSUMER) timestamp=3478 ms, used_size=303104 bytes (0.7%)
(RDMA_READ_CONSUME_CHECK_CONSUMER) timestamp=3478 ms, used_size=301056 bytes (0.7%)
(RDMA_READ_CONSUME_CHECK_CONSUMER) timestamp=3478 ms, used_size=299008 bytes (0.7%)
(RDMA_READ_CONSUME_CHECK_CONSUMER) timestamp=3478 ms, used_size=296960 bytes (0.7%)
(RDMA_READ_CONSUME_CHECK_CONSUMER) timestamp=3478 ms, used_size=294912 bytes (0.7%)
(RDMA_READ_CONSUME_CHECK_CONSUMER) timestamp=3478 ms, used_size=292864 bytes (0.7%)
(RDMA_READ_CONSUME_CHECK_CONSUMER) timestamp=3478 ms, used_size=290816 bytes (0.7%)
(RDMA_READ_CONSUME_CHECK_CONSUMER) timestamp=3478 ms, used_size=288768 bytes (0.7%)
(RDMA_READ_CONSUME_CHECK_CONSUMER) timestamp=3478 ms, used_size=286720 bytes (0.7%)
(RDMA_READ_CONSUME_CHECK_CONSUMER) timestamp=3478 ms, used_size=284672 bytes (0.7%)
(RDMA_READ_CONSUME_CHECK_CONSUMER) timestamp=3478 ms, used_size=282624 bytes (0.7%)
(RDMA_READ_CONSUME_CHECK_CONSUMER) timestamp=3478 ms, used_size=280576 bytes (0.7%)
(RDMA_READ_CONSUME_CHECK_CONSUMER) timestamp=3478 ms, used_size=278528 bytes (0.7%)
(RDMA_READ_CONSUME_CHECK_CONSUMER) timestamp=3478 ms, used_size=276480 bytes (0.7%)
(RDMA_READ_CONSUME_CHECK_CONSUMER) timestamp=3478 ms, used_size=274432 bytes (0.7%)
(RDMA_READ_CONSUME_CHECK_CONSUMER) timestamp=3478 ms, used_size=272384 bytes (0.7%)
(RDMA_READ_CONSUME_CHECK_CONSUMER) timestamp=3478 ms, used_size=270336 bytes (0.7%)
(RDMA_READ_CONSUME_CHECK_CONSUMER) timestamp=3478 ms, used_size=268288 bytes (0.7%)
(RDMA_READ_CONSUME_CHECK_CONSUMER) timestamp=3478 ms, used_size=266240 bytes (0.7%)
(RDMA_READ_CONSUME_CHECK_CONSUMER) timestamp=3478 ms, used_size=264192 bytes (0.6%)
(RDMA_READ_CONSUME_CHECK_CONSUMER) timestamp=3478 ms, used_size=262144 bytes (0.6%)
(RDMA_READ_CONSUME_CHECK_CONSUMER) timestamp=3478 ms, used_size=260096 bytes (0.6%)
(RDMA_READ_CONSUME_CHECK_CONSUMER) timestamp=3478 ms, used_size=258048 bytes (0.6%)
(RDMA_READ_CONSUME_CHECK_CONSUMER) timestamp=3478 ms, used_size=256000 bytes (0.6%)
(RDMA_READ_CONSUME_CHECK_CONSUMER) timestamp=3478 ms, used_size=253952 bytes (0.6%)
(RDMA_READ_CONSUME_CHECK_CONSUMER) timestamp=3478 ms, used_size=251904 bytes (0.6%)
(RDMA_READ_CONSUME_CHECK_CONSUMER) timestamp=3478 ms, used_size=249856 bytes (0.6%)
(RDMA_READ_CONSUME_CHECK_CONSUMER) timestamp=3478 ms, used_size=247808 bytes (0.6%)
(RDMA_READ_CONSUME_CHECK_CONSUMER) timestamp=3478 ms, used_size=245760 bytes (0.6%)
(RDMA_READ_CONSUME_CHECK_CONSUMER) timestamp=3478 ms, used_size=243712 bytes (0.6%)
(RDMA_READ_CONSUME_CHECK_CONSUMER) timestamp=3478 ms, used_size=241664 bytes (0.6%)
(RDMA_READ_CONSUME_CHECK_CONSUMER) timestamp=3478 ms, used_size=239616 bytes (0.6%)
(RDMA_READ_CONSUME_CHECK_CONSUMER) timestamp=3478 ms, used_size=237568 bytes (0.6%)
(RDMA_READ_CONSUME_CHECK_CONSUMER) timestamp=3478 ms, used_size=235520 bytes (0.6%)
(RDMA_READ_CONSUME_CHECK_CONSUMER) timestamp=3478 ms, used_size=233472 bytes (0.6%)
(RDMA_READ_CONSUME_CHECK_CONSUMER) timestamp=3478 ms, used_size=231424 bytes (0.6%)
(RDMA_READ_CONSUME_CHECK_CONSUMER) timestamp=3478 ms, used_size=229376 bytes (0.6%)
(RDMA_READ_CONSUME_CHECK_CONSUMER) timestamp=3478 ms, used_size=227328 bytes (0.6%)
(RDMA_READ_CONSUME_CHECK_CONSUMER) timestamp=3478 ms, used_size=225280 bytes (0.6%)
(RDMA_READ_CONSUME_CHECK_CONSUMER) timestamp=3478 ms, used_size=223232 bytes (0.5%)
(RDMA_READ_CONSUME_CHECK_CONSUMER) timestamp=3478 ms, used_size=221184 bytes (0.5%)
(RDMA_READ_CONSUME_CHECK_CONSUMER) timestamp=3478 ms, used_size=219136 bytes (0.5%)
(RDMA_READ_CONSUME_CHECK_CONSUMER) timestamp=3478 ms, used_size=217088 bytes (0.5%)
(RDMA_READ_CONSUME_CHECK_CONSUMER) timestamp=3478 ms, used_size=215040 bytes (0.5%)
(RDMA_READ_CONSUME_CHECK_CONSUMER) timestamp=3478 ms, used_size=212992 bytes (0.5%)
(RDMA_READ_CONSUME_CHECK_CONSUMER) timestamp=3478 ms, used_size=210944 bytes (0.5%)
(RDMA_READ_CONSUME_CHECK_CONSUMER) timestamp=3478 ms, used_size=208896 bytes (0.5%)
(RDMA_READ_CONSUME_CHECK_CONSUMER) timestamp=3478 ms, used_size=206848 bytes (0.5%)
(RDMA_READ_CONSUME_CHECK_CONSUMER) timestamp=3478 ms, used_size=204800 bytes (0.5%)
(RDMA_READ_CONSUME_CHECK_CONSUMER) timestamp=3478 ms, used_size=202752 bytes (0.5%)
(RDMA_READ_CONSUME_CHECK_CONSUMER) timestamp=3478 ms, used_size=200704 bytes (0.5%)
(RDMA_READ_CONSUME_CHECK_CONSUMER) timestamp=3478 ms, used_size=198656 bytes (0.5%)
(RDMA_READ_CONSUME_CHECK_CONSUMER) timestamp=3478 ms, used_size=196608 bytes (0.5%)
(RDMA_READ_CONSUME_CHECK_CONSUMER) timestamp=3478 ms, used_size=194560 bytes (0.5%)
(RDMA_READ_CONSUME_CHECK_CONSUMER) timestamp=3478 ms, used_size=192512 bytes (0.5%)
(RDMA_READ_CONSUME_CHECK_CONSUMER) timestamp=3478 ms, used_size=190464 bytes (0.5%)
(RDMA_READ_CONSUME_CHECK_CONSUMER) timestamp=3478 ms, used_size=188416 bytes (0.5%)
(RDMA_READ_CONSUME_CHECK_CONSUMER) timestamp=3478 ms, used_size=186368 bytes (0.5%)
(RDMA_READ_CONSUME_CHECK_CONSUMER) timestamp=3478 ms, used_size=184320 bytes (0.5%)
(RDMA_READ_CONSUME_CHECK_CONSUMER) timestamp=3478 ms, used_size=182272 bytes (0.4%)
(RDMA_READ_CONSUME_CHECK_CONSUMER) timestamp=3478 ms, used_size=180224 bytes (0.4%)
(RDMA_READ_CONSUME_CHECK_CONSUMER) timestamp=3478 ms, used_size=178176 bytes (0.4%)
(RDMA_READ_CONSUME_CHECK_CONSUMER) timestamp=3478 ms, used_size=176128 bytes (0.4%)
(RDMA_READ_CONSUME_CHECK_CONSUMER) timestamp=3478 ms, used_size=174080 bytes (0.4%)
(RDMA_READ_CONSUME_CHECK_CONSUMER) timestamp=3478 ms, used_size=172032 bytes (0.4%)
(RDMA_READ_CONSUME_CHECK_CONSUMER) timestamp=3478 ms, used_size=169984 bytes (0.4%)
(RDMA_READ_CONSUME_CHECK_CONSUMER) timestamp=3478 ms, used_size=167936 bytes (0.4%)
(RDMA_READ_CONSUME_CHECK_CONSUMER) timestamp=3478 ms, used_size=165888 bytes (0.4%)
(RDMA_READ_CONSUME_CHECK_CONSUMER) timestamp=3478 ms, used_size=163840 bytes (0.4%)
(RDMA_READ_CONSUME_CHECK_CONSUMER) timestamp=3478 ms, used_size=161792 bytes (0.4%)
(RDMA_READ_CONSUME_CHECK_CONSUMER) timestamp=3478 ms, used_size=159744 bytes (0.4%)
(RDMA_READ_CONSUME_CHECK_CONSUMER) timestamp=3478 ms, used_size=157696 bytes (0.4%)
(RDMA_READ_CONSUME_CHECK_CONSUMER) timestamp=3478 ms, used_size=155648 bytes (0.4%)
(RDMA_READ_CONSUME_CHECK_CONSUMER) timestamp=3478 ms, used_size=153600 bytes (0.4%)
(RDMA_READ_CONSUME_CHECK_CONSUMER) timestamp=3478 ms, used_size=151552 bytes (0.4%)
(RDMA_READ_CONSUME_CHECK_CONSUMER) timestamp=3478 ms, used_size=149504 bytes (0.4%)
(RDMA_READ_CONSUME_CHECK_CONSUMER) timestamp=3478 ms, used_size=147456 bytes (0.4%)
(RDMA_READ_CONSUME_CHECK_CONSUMER) timestamp=3478 ms, used_size=145408 bytes (0.4%)
(RDMA_READ_CONSUME_CHECK_CONSUMER) timestamp=3478 ms, used_size=143360 bytes (0.3%)
(RDMA_READ_CONSUME_CHECK_CONSUMER) timestamp=3478 ms, used_size=141312 bytes (0.3%)
(RDMA_READ_CONSUME_CHECK_CONSUMER) timestamp=3478 ms, used_size=139264 bytes (0.3%)
(RDMA_READ_CONSUME_CHECK_CONSUMER) timestamp=3478 ms, used_size=137216 bytes (0.3%)
(RDMA_READ_CONSUME_CHECK_CONSUMER) timestamp=3478 ms, used_size=135168 bytes (0.3%)
(RDMA_READ_CONSUME_CHECK_CONSUMER) timestamp=3478 ms, used_size=133120 bytes (0.3%)
(RDMA_READ_CONSUME_CHECK_CONSUMER) timestamp=3478 ms, used_size=131072 bytes (0.3%)
(RDMA_READ_CONSUME_CHECK_CONSUMER) timestamp=3478 ms, used_size=129024 bytes (0.3%)
(RDMA_READ_CONSUME_CHECK_CONSUMER) timestamp=3478 ms, used_size=126976 bytes (0.3%)
(RDMA_READ_CONSUME_CHECK_CONSUMER) timestamp=3478 ms, used_size=124928 bytes (0.3%)
(RDMA_READ_CONSUME_CHECK_CONSUMER) timestamp=3478 ms, used_size=122880 bytes (0.3%)
(RDMA_READ_CONSUME_CHECK_CONSUMER) timestamp=3478 ms, used_size=120832 bytes (0.3%)
(RDMA_READ_CONSUME_CHECK_CONSUMER) timestamp=3478 ms, used_size=118784 bytes (0.3%)
(RDMA_READ_CONSUME_CHECK_CONSUMER) timestamp=3478 ms, used_size=116736 bytes (0.3%)
(RDMA_READ_CONSUME_CHECK_CONSUMER) timestamp=3478 ms, used_size=114688 bytes (0.3%)
(RDMA_READ_CONSUME_CHECK_CONSUMER) timestamp=3478 ms, used_size=112640 bytes (0.3%)
(RDMA_READ_CONSUME_CHECK_CONSUMER) timestamp=3478 ms, used_size=110592 bytes (0.3%)
(RDMA_READ_CONSUME_CHECK_CONSUMER) timestamp=3478 ms, used_size=108544 bytes (0.3%)
(RDMA_READ_CONSUME_CHECK_CONSUMER) timestamp=3478 ms, used_size=106496 bytes (0.3%)
(RDMA_READ_CONSUME_CHECK_CONSUMER) timestamp=3478 ms, used_size=104448 bytes (0.3%)
(RDMA_READ_CONSUME_CHECK_CONSUMER) timestamp=3478 ms, used_size=102400 bytes (0.2%)
(RDMA_READ_CONSUME_CHECK_CONSUMER) timestamp=3478 ms, used_size=100352 bytes (0.2%)
(RDMA_READ_CONSUME_CHECK_CONSUMER) timestamp=3478 ms, used_size=98304 bytes (0.2%)
(RDMA_READ_CONSUME_CHECK_CONSUMER) timestamp=3478 ms, used_size=96256 bytes (0.2%)
(RDMA_READ_CONSUME_CHECK_CONSUMER) timestamp=3478 ms, used_size=94208 bytes (0.2%)
(RDMA_READ_CONSUME_CHECK_CONSUMER) timestamp=3478 ms, used_size=92160 bytes (0.2%)
(RDMA_READ_CONSUME_CHECK_CONSUMER) timestamp=3478 ms, used_size=90112 bytes (0.2%)
(RDMA_READ_CONSUME_CHECK_CONSUMER) timestamp=3478 ms, used_size=88064 bytes (0.2%)
(RDMA_READ_CONSUME_CHECK_CONSUMER) timestamp=3478 ms, used_size=86016 bytes (0.2%)
(RDMA_READ_CONSUME_CHECK_CONSUMER) timestamp=3478 ms, used_size=83968 bytes (0.2%)
(RDMA_READ_CONSUME_CHECK_CONSUMER) timestamp=3478 ms, used_size=81920 bytes (0.2%)
(RDMA_READ_CONSUME_CHECK_CONSUMER) timestamp=3478 ms, used_size=79872 bytes (0.2%)
(RDMA_READ_CONSUME_CHECK_CONSUMER) timestamp=3478 ms, used_size=77824 bytes (0.2%)
(RDMA_READ_CONSUME_CHECK_CONSUMER) timestamp=3478 ms, used_size=75776 bytes (0.2%)
(RDMA_READ_CONSUME_CHECK_CONSUMER) timestamp=3478 ms, used_size=73728 bytes (0.2%)
(RDMA_READ_CONSUME_CHECK_CONSUMER) timestamp=3478 ms, used_size=71680 bytes (0.2%)
(RDMA_READ_CONSUME_CHECK_CONSUMER) timestamp=3478 ms, used_size=69632 bytes (0.2%)
(RDMA_READ_CONSUME_CHECK_CONSUMER) timestamp=3478 ms, used_size=67584 bytes (0.2%)
(RDMA_READ_CONSUME_CHECK_CONSUMER) timestamp=3478 ms, used_size=65536 bytes (0.2%)
(RDMA_READ_CONSUME_CHECK_CONSUMER) timestamp=3478 ms, used_size=63488 bytes (0.2%)
(RDMA_READ_CONSUME_CHECK_CONSUMER) timestamp=3478 ms, used_size=61440 bytes (0.1%)
(RDMA_READ_CONSUME_CHECK_CONSUMER) timestamp=3478 ms, used_size=59392 bytes (0.1%)
(RDMA_READ_CONSUME_CHECK_CONSUMER) timestamp=3478 ms, used_size=57344 bytes (0.1%)
(RDMA_READ_CONSUME_CHECK_CONSUMER) timestamp=3478 ms, used_size=55296 bytes (0.1%)
(RDMA_READ_CONSUME_CHECK_CONSUMER) timestamp=3478 ms, used_size=53248 bytes (0.1%)
(RDMA_READ_CONSUME_CHECK_CONSUMER) timestamp=3478 ms, used_size=51200 bytes (0.1%)
(RDMA_READ_CONSUME_CHECK_CONSUMER) timestamp=3478 ms, used_size=49152 bytes (0.1%)
(RDMA_READ_CONSUME_CHECK_CONSUMER) timestamp=3478 ms, used_size=47104 bytes (0.1%)
(RDMA_READ_CONSUME_CHECK_CONSUMER) timestamp=3478 ms, used_size=45056 bytes (0.1%)
(RDMA_READ_CONSUME_CHECK_CONSUMER) timestamp=3478 ms, used_size=43008 bytes (0.1%)
(RDMA_READ_CONSUME_CHECK_CONSUMER) timestamp=3478 ms, used_size=40960 bytes (0.1%)
(RDMA_READ_CONSUME_CHECK_CONSUMER) timestamp=3478 ms, used_size=38912 bytes (0.1%)
(RDMA_READ_CONSUME_CHECK_CONSUMER) timestamp=3478 ms, used_size=36864 bytes (0.1%)
(RDMA_READ_CONSUME_CHECK_CONSUMER) timestamp=3478 ms, used_size=34816 bytes (0.1%)
(RDMA_READ_CONSUME_CHECK_CONSUMER) timestamp=3478 ms, used_size=32768 bytes (0.1%)
(RDMA_READ_CONSUME_CHECK_CONSUMER) timestamp=3478 ms, used_size=30720 bytes (0.1%)
(RDMA_READ_CONSUME_CHECK_CONSUMER) timestamp=3478 ms, used_size=28672 bytes (0.1%)
(RDMA_READ_CONSUME_CHECK_CONSUMER) timestamp=3478 ms, used_size=26624 bytes (0.1%)
(RDMA_READ_CONSUME_CHECK_CONSUMER) timestamp=3478 ms, used_size=24576 bytes (0.1%)
(RDMA_READ_CONSUME_CHECK_CONSUMER) timestamp=3478 ms, used_size=22528 bytes (0.1%)
(RDMA_READ_CONSUME_CHECK_CONSUMER) timestamp=3478 ms, used_size=20480 bytes (0.1%)
(RDMA_READ_CONSUME_CHECK_CONSUMER) timestamp=3478 ms, used_size=18432 bytes (0.0%)
(RDMA_READ_CONSUME_CHECK_CONSUMER) timestamp=3478 ms, used_size=16384 bytes (0.0%)
(RDMA_READ_CONSUME_CHECK_CONSUMER) timestamp=3478 ms, used_size=14336 bytes (0.0%)
(RDMA_READ_CONSUME_CHECK_CONSUMER) timestamp=3478 ms, used_size=12288 bytes (0.0%)
(RDMA_READ_CONSUME_CHECK_CONSUMER) timestamp=3478 ms, used_size=10240 bytes (0.0%)
(RDMA_READ_CONSUME_CHECK_CONSUMER) timestamp=3478 ms, used_size=8192 bytes (0.0%)
(RDMA_READ_CONSUME_CHECK_CONSUMER) timestamp=3478 ms, used_size=6144 bytes (0.0%)
(RDMA_READ_CONSUME_CHECK_CONSUMER) timestamp=3478 ms, used_size=4096 bytes (0.0%)
(RDMA_READ_CONSUME_CHECK_CONSUMER) timestamp=3478 ms, used_size=2048 bytes (0.0%)
(RDMA_READ_CONSUME_CHECK_CONSUMER) timestamp=3478 ms, used_size=0 bytes (0.0%)
(RDMA_READ_CONSUME_CHECK) Cycle 4, Batch 0: CRC32 OK (0xbeaa30f3), 8192 messages verified
(RDMA_READ_CONSUME_CHECK_CONSUMER) timestamp=3478 ms, used_size=16775168 bytes (41.0%)
(RDMA_READ_CONSUME_CHECK_CONSUMER) timestamp=3849 ms, used_size=16773120 bytes (41.0%)
(RDMA_READ_CONSUME_CHECK_CONSUMER) timestamp=3849 ms, used_size=16771072 bytes (40.9%)
(RDMA_READ_CONSUME_CHECK_CONSUMER) timestamp=3849 ms, used_size=16769024 bytes (40.9%)
(RDMA_READ_CONSUME_CHECK_CONSUMER) timestamp=3849 ms, used_size=16766976 bytes (40.9%)
(RDMA_READ_CONSUME_CHECK_CONSUMER) timestamp=3849 ms, used_size=16764928 bytes (40.9%)
(RDMA_READ_CONSUME_CHECK_CONSUMER) timestamp=3849 ms, used_size=16762880 bytes (40.9%)
(RDMA_READ_CONSUME_CHECK_CONSUMER) timestamp=3849 ms, used_size=16760832 bytes (40.9%)
(RDMA_READ_CONSUME_CHECK_CONSUMER) timestamp=3849 ms, used_size=16758784 bytes (40.9%)
(RDMA_READ_CONSUME_CHECK_CONSUMER) timestamp=3849 ms, used_size=16756736 bytes (40.9%)
(RDMA_READ_CONSUME_CHECK_CONSUMER) timestamp=3849 ms, used_size=16754688 bytes (40.9%)
(RDMA_READ_CONSUME_CHECK_CONSUMER) timestamp=3849 ms, used_size=16752640 bytes (40.9%)
(RDMA_READ_CONSUME_CHECK_CONSUMER) timestamp=3849 ms, used_size=16750592 bytes (40.9%)
(RDMA_READ_CONSUME_CHECK_CONSUMER) timestamp=3849 ms, used_size=16748544 bytes (40.9%)
(RDMA_READ_CONSUME_CHECK_CONSUMER) timestamp=3849 ms, used_size=16746496 bytes (40.9%)
(RDMA_READ_CONSUME_CHECK_CONSUMER) timestamp=3849 ms, used_size=16744448 bytes (40.9%)
(RDMA_READ_CONSUME_CHECK_CONSUMER) timestamp=3849 ms, used_size=16742400 bytes (40.9%)
(RDMA_READ_CONSUME_CHECK_CONSUMER) timestamp=3849 ms, used_size=16740352 bytes (40.9%)
(RDMA_READ_CONSUME_CHECK_CONSUMER) timestamp=3849 ms, used_size=16738304 bytes (40.9%)
(RDMA_READ_CONSUME_CHECK_CONSUMER) timestamp=3849 ms, used_size=16736256 bytes (40.9%)
(RDMA_READ_CONSUME_CHECK_CONSUMER) timestamp=3849 ms, used_size=16734208 bytes (40.9%)
(RDMA_READ_CONSUME_CHECK_CONSUMER) timestamp=3849 ms, used_size=16732160 bytes (40.9%)
(RDMA_READ_CONSUME_CHECK_CONSUMER) timestamp=3849 ms, used_size=16730112 bytes (40.8%)
(RDMA_READ_CONSUME_CHECK_CONSUMER) timestamp=3849 ms, used_size=16728064 bytes (40.8%)
(RDMA_READ_CONSUME_CHECK_CONSUMER) timestamp=3849 ms, used_size=16726016 bytes (40.8%)
(RDMA_READ_CONSUME_CHECK_CONSUMER) timestamp=3849 ms, used_size=16723968 bytes (40.8%)
(RDMA_READ_CONSUME_CHECK_CONSUMER) timestamp=3849 ms, used_size=16721920 bytes (40.8%)
(RDMA_READ_CONSUME_CHECK_CONSUMER) timestamp=3849 ms, used_size=16719872 bytes (40.8%)
(RDMA_READ_CONSUME_CHECK_CONSUMER) timestamp=3849 ms, used_size=16717824 bytes (40.8%)
(RDMA_READ_CONSUME_CHECK_CONSUMER) timestamp=3849 ms, used_size=16715776 bytes (40.8%)
(RDMA_READ_CONSUME_CHECK_CONSUMER) timestamp=3849 ms, used_size=16713728 bytes (40.8%)
(RDMA_READ_CONSUME_CHECK_CONSUMER) timestamp=3849 ms, used_size=16711680 bytes (40.8%)
(RDMA_READ_CONSUME_CHECK_CONSUMER) timestamp=3849 ms, used_size=16709632 bytes (40.8%)
(RDMA_READ_CONSUME_CHECK_CONSUMER) timestamp=3849 ms, used_size=16707584 bytes (40.8%)
(RDMA_READ_CONSUME_CHECK_CONSUMER) timestamp=3849 ms, used_size=16705536 bytes (40.8%)
(RDMA_READ_CONSUME_CHECK_CONSUMER) timestamp=3849 ms, used_size=16703488 bytes (40.8%)
(RDMA_READ_CONSUME_CHECK_CONSUMER) timestamp=3849 ms, used_size=16701440 bytes (40.8%)
(RDMA_READ_CONSUME_CHECK_CONSUMER) timestamp=3849 ms, used_size=16699392 bytes (40.8%)
(RDMA_READ_CONSUME_CHECK_CONSUMER) timestamp=3849 ms, used_size=16697344 bytes (40.8%)
(RDMA_READ_CONSUME_CHECK_CONSUMER) timestamp=3849 ms, used_size=16695296 bytes (40.8%)
(RDMA_READ_CONSUME_CHECK_CONSUMER) timestamp=3849 ms, used_size=16693248 bytes (40.8%)
(RDMA_READ_CONSUME_CHECK_CONSUMER) timestamp=3849 ms, used_size=16691200 bytes (40.8%)
(RDMA_READ_CONSUME_CHECK_CONSUMER) timestamp=3849 ms, used_size=16689152 bytes (40.7%)
(RDMA_READ_CONSUME_CHECK_CONSUMER) timestamp=3849 ms, used_size=16687104 bytes (40.7%)
(RDMA_READ_CONSUME_CHECK_CONSUMER) timestamp=3849 ms, used_size=16685056 bytes (40.7%)
(RDMA_READ_CONSUME_CHECK_CONSUMER) timestamp=3849 ms, used_size=16683008 bytes (40.7%)
(RDMA_READ_CONSUME_CHECK_CONSUMER) timestamp=3849 ms, used_size=16680960 bytes (40.7%)
(RDMA_READ_CONSUME_CHECK_CONSUMER) timestamp=3849 ms, used_size=16678912 bytes (40.7%)
(RDMA_READ_CONSUME_CHECK_CONSUMER) timestamp=3849 ms, used_size=16676864 bytes (40.7%)
(RDMA_READ_CONSUME_CHECK_CONSUMER) timestamp=3849 ms, used_size=16674816 bytes (40.7%)
(RDMA_READ_CONSUME_CHECK_CONSUMER) timestamp=3849 ms, used_size=16672768 bytes (40.7%)
(RDMA_READ_CONSUME_CHECK_CONSUMER) timestamp=3849 ms, used_size=16670720 bytes (40.7%)
(RDMA_READ_CONSUME_CHECK_CONSUMER) timestamp=3849 ms, used_size=16668672 bytes (40.7%)
(RDMA_READ_CONSUME_CHECK_CONSUMER) timestamp=3849 ms, used_size=16666624 bytes (40.7%)
(RDMA_READ_CONSUME_CHECK_CONSUMER) timestamp=3849 ms, used_size=16664576 bytes (40.7%)
(RDMA_READ_CONSUME_CHECK_CONSUMER) timestamp=3849 ms, used_size=16662528 bytes (40.7%)
(RDMA_READ_CONSUME_CHECK_CONSUMER) timestamp=3849 ms, used_size=16660480 bytes (40.7%)
(RDMA_READ_CONSUME_CHECK_CONSUMER) timestamp=3849 ms, used_size=16658432 bytes (40.7%)
(RDMA_READ_CONSUME_CHECK_CONSUMER) timestamp=3849 ms, used_size=16656384 bytes (40.7%)
(RDMA_READ_CONSUME_CHECK_CONSUMER) timestamp=3849 ms, used_size=16654336 bytes (40.7%)
(RDMA_READ_CONSUME_CHECK_CONSUMER) timestamp=3849 ms, used_size=16652288 bytes (40.7%)
(RDMA_READ_CONSUME_CHECK_CONSUMER) timestamp=3849 ms, used_size=16650240 bytes (40.6%)
(RDMA_READ_CONSUME_CHECK_CONSUMER) timestamp=3849 ms, used_size=16648192 bytes (40.6%)
(RDMA_READ_CONSUME_CHECK_CONSUMER) timestamp=3849 ms, used_size=16646144 bytes (40.6%)
(RDMA_READ_CONSUME_CHECK_CONSUMER) timestamp=3849 ms, used_size=16644096 bytes (40.6%)
(RDMA_READ_CONSUME_CHECK_CONSUMER) timestamp=3849 ms, used_size=16642048 bytes (40.6%)
(RDMA_READ_CONSUME_CHECK_CONSUMER) timestamp=3849 ms, used_size=16640000 bytes (40.6%)
(RDMA_READ_CONSUME_CHECK_CONSUMER) timestamp=3849 ms, used_size=16637952 bytes (40.6%)
(RDMA_READ_CONSUME_CHECK_CONSUMER) timestamp=3849 ms, used_size=16635904 bytes (40.6%)
(RDMA_READ_CONSUME_CHECK_CONSUMER) timestamp=3849 ms, used_size=16633856 bytes (40.6%)
(RDMA_READ_CONSUME_CHECK_CONSUMER) timestamp=3849 ms, used_size=16631808 bytes (40.6%)
(RDMA_READ_CONSUME_CHECK_CONSUMER) timestamp=3849 ms, used_size=16629760 bytes (40.6%)
(RDMA_READ_CONSUME_CHECK_CONSUMER) timestamp=3849 ms, used_size=16627712 bytes (40.6%)
(RDMA_READ_CONSUME_CHECK_CONSUMER) timestamp=3849 ms, used_size=16625664 bytes (40.6%)
(RDMA_READ_CONSUME_CHECK_CONSUMER) timestamp=3849 ms, used_size=16623616 bytes (40.6%)
(RDMA_READ_CONSUME_CHECK_CONSUMER) timestamp=3849 ms, used_size=16621568 bytes (40.6%)
(RDMA_READ_CONSUME_CHECK_CONSUMER) timestamp=3849 ms, used_size=16619520 bytes (40.6%)
(RDMA_READ_CONSUME_CHECK_CONSUMER) timestamp=3849 ms, used_size=16617472 bytes (40.6%)
(RDMA_READ_CONSUME_CHECK_CONSUMER) timestamp=3849 ms, used_size=16615424 bytes (40.6%)
(RDMA_READ_CONSUME_CHECK_CONSUMER) timestamp=3849 ms, used_size=16613376 bytes (40.6%)
(RDMA_READ_CONSUME_CHECK_CONSUMER) timestamp=3849 ms, used_size=16611328 bytes (40.6%)
(RDMA_READ_CONSUME_CHECK_CONSUMER) timestamp=3849 ms, used_size=16609280 bytes (40.5%)
(RDMA_READ_CONSUME_CHECK_CONSUMER) timestamp=3849 ms, used_size=16607232 bytes (40.5%)
(RDMA_READ_CONSUME_CHECK_CONSUMER) timestamp=3849 ms, used_size=16605184 bytes (40.5%)
(RDMA_READ_CONSUME_CHECK_CONSUMER) timestamp=3849 ms, used_size=16603136 bytes (40.5%)
(RDMA_READ_CONSUME_CHECK_CONSUMER) timestamp=3849 ms, used_size=16601088 bytes (40.5%)
(RDMA_READ_CONSUME_CHECK_CONSUMER) timestamp=3849 ms, used_size=16599040 bytes (40.5%)
(RDMA_READ_CONSUME_CHECK_CONSUMER) timestamp=3849 ms, used_size=16596992 bytes (40.5%)
(RDMA_READ_CONSUME_CHECK_CONSUMER) timestamp=3849 ms, used_size=16594944 bytes (40.5%)
(RDMA_READ_CONSUME_CHECK_CONSUMER) timestamp=3849 ms, used_size=16592896 bytes (40.5%)
(RDMA_READ_CONSUME_CHECK_CONSUMER) timestamp=3849 ms, used_size=16590848 bytes (40.5%)
(RDMA_READ_CONSUME_CHECK_CONSUMER) timestamp=3849 ms, used_size=16588800 bytes (40.5%)
(RDMA_READ_CONSUME_CHECK_CONSUMER) timestamp=3849 ms, used_size=16586752 bytes (40.5%)
(RDMA_READ_CONSUME_CHECK_CONSUMER) timestamp=3849 ms, used_size=16584704 bytes (40.5%)
(RDMA_READ_CONSUME_CHECK_CONSUMER) timestamp=3849 ms, used_size=16582656 bytes (40.5%)
(RDMA_READ_CONSUME_CHECK_CONSUMER) timestamp=3849 ms, used_size=16580608 bytes (40.5%)
(RDMA_READ_CONSUME_CHECK_CONSUMER) timestamp=3849 ms, used_size=16578560 bytes (40.5%)
(RDMA_READ_CONSUME_CHECK_CONSUMER) timestamp=3849 ms, used_size=16576512 bytes (40.5%)
(RDMA_READ_CONSUME_CHECK_CONSUMER) timestamp=3849 ms, used_size=16574464 bytes (40.5%)
(RDMA_READ_CONSUME_CHECK_CONSUMER) timestamp=3849 ms, used_size=16572416 bytes (40.5%)
(RDMA_READ_CONSUME_CHECK_CONSUMER) timestamp=3849 ms, used_size=16570368 bytes (40.5%)
(RDMA_READ_CONSUME_CHECK_CONSUMER) timestamp=3849 ms, used_size=16568320 bytes (40.5%)
(RDMA_READ_CONSUME_CHECK_CONSUMER) timestamp=3849 ms, used_size=16566272 bytes (40.4%)
(RDMA_READ_CONSUME_CHECK_CONSUMER) timestamp=3849 ms, used_size=16564224 bytes (40.4%)
(RDMA_READ_CONSUME_CHECK_CONSUMER) timestamp=3849 ms, used_size=16562176 bytes (40.4%)
(RDMA_READ_CONSUME_CHECK_CONSUMER) timestamp=3849 ms, used_size=16560128 bytes (40.4%)
(RDMA_READ_CONSUME_CHECK_CONSUMER) timestamp=3849 ms, used_size=16558080 bytes (40.4%)
(RDMA_READ_CONSUME_CHECK_CONSUMER) timestamp=3849 ms, used_size=16556032 bytes (40.4%)
(RDMA_READ_CONSUME_CHECK_CONSUMER) timestamp=3849 ms, used_size=16553984 bytes (40.4%)
(RDMA_READ_CONSUME_CHECK_CONSUMER) timestamp=3849 ms, used_size=16551936 bytes (40.4%)
(RDMA_READ_CONSUME_CHECK_CONSUMER) timestamp=3849 ms, used_size=16549888 bytes (40.4%)
(RDMA_READ_CONSUME_CHECK_CONSUMER) timestamp=3849 ms, used_size=16547840 bytes (40.4%)
(RDMA_READ_CONSUME_CHECK_CONSUMER) timestamp=3849 ms, used_size=16545792 bytes (40.4%)
(RDMA_READ_CONSUME_CHECK_CONSUMER) timestamp=3849 ms, used_size=16543744 bytes (40.4%)
(RDMA_READ_CONSUME_CHECK_CONSUMER) timestamp=3849 ms, used_size=16541696 bytes (40.4%)
(RDMA_READ_CONSUME_CHECK_CONSUMER) timestamp=3849 ms, used_size=16539648 bytes (40.4%)
(RDMA_READ_CONSUME_CHECK_CONSUMER) timestamp=3849 ms, used_size=16537600 bytes (40.4%)
(RDMA_READ_CONSUME_CHECK_CONSUMER) timestamp=3849 ms, used_size=16535552 bytes (40.4%)
(RDMA_READ_CONSUME_CHECK_CONSUMER) timestamp=3849 ms, used_size=16533504 bytes (40.4%)
(RDMA_READ_CONSUME_CHECK_CONSUMER) timestamp=3849 ms, used_size=16531456 bytes (40.4%)
(RDMA_READ_CONSUME_CHECK_CONSUMER) timestamp=3849 ms, used_size=16529408 bytes (40.4%)
(RDMA_READ_CONSUME_CHECK_CONSUMER) timestamp=3849 ms, used_size=16527360 bytes (40.4%)
(RDMA_READ_CONSUME_CHECK_CONSUMER) timestamp=3849 ms, used_size=16525312 bytes (40.3%)
(RDMA_READ_CONSUME_CHECK_CONSUMER) timestamp=3849 ms, used_size=16523264 bytes (40.3%)
(RDMA_READ_CONSUME_CHECK_CONSUMER) timestamp=3850 ms, used_size=16521216 bytes (40.3%)
(RDMA_READ_CONSUME_CHECK_CONSUMER) timestamp=3850 ms, used_size=16519168 bytes (40.3%)
(RDMA_READ_CONSUME_CHECK_CONSUMER) timestamp=3850 ms, used_size=16517120 bytes (40.3%)
(RDMA_READ_CONSUME_CHECK_CONSUMER) timestamp=3850 ms, used_size=16515072 bytes (40.3%)
(RDMA_READ_CONSUME_CHECK_CONSUMER) timestamp=3850 ms, used_size=16513024 bytes (40.3%)
(RDMA_READ_CONSUME_CHECK_CONSUMER) timestamp=3850 ms, used_size=16510976 bytes (40.3%)
(RDMA_READ_CONSUME_CHECK_CONSUMER) timestamp=3850 ms, used_size=16508928 bytes (40.3%)
(RDMA_READ_CONSUME_CHECK_CONSUMER) timestamp=3850 ms, used_size=16506880 bytes (40.3%)
(RDMA_READ_CONSUME_CHECK_CONSUMER) timestamp=3850 ms, used_size=16504832 bytes (40.3%)
(RDMA_READ_CONSUME_CHECK_CONSUMER) timestamp=3850 ms, used_size=16502784 bytes (40.3%)
(RDMA_READ_CONSUME_CHECK_CONSUMER) timestamp=3850 ms, used_size=16500736 bytes (40.3%)
(RDMA_READ_CONSUME_CHECK_CONSUMER) timestamp=3850 ms, used_size=16498688 bytes (40.3%)
(RDMA_READ_CONSUME_CHECK_CONSUMER) timestamp=3850 ms, used_size=16496640 bytes (40.3%)
(RDMA_READ_CONSUME_CHECK_CONSUMER) timestamp=3850 ms, used_size=16494592 bytes (40.3%)
(RDMA_READ_CONSUME_CHECK_CONSUMER) timestamp=3850 ms, used_size=16492544 bytes (40.3%)
(RDMA_READ_CONSUME_CHECK_CONSUMER) timestamp=3850 ms, used_size=16490496 bytes (40.3%)
(RDMA_READ_CONSUME_CHECK_CONSUMER) timestamp=3850 ms, used_size=16488448 bytes (40.3%)
(RDMA_READ_CONSUME_CHECK_CONSUMER) timestamp=3850 ms, used_size=16486400 bytes (40.2%)
(RDMA_READ_CONSUME_CHECK_CONSUMER) timestamp=3850 ms, used_size=16484352 bytes (40.2%)
(RDMA_READ_CONSUME_CHECK_CONSUMER) timestamp=3850 ms, used_size=16482304 bytes (40.2%)
(RDMA_READ_CONSUME_CHECK_CONSUMER) timestamp=3850 ms, used_size=16480256 bytes (40.2%)
(RDMA_READ_CONSUME_CHECK_CONSUMER) timestamp=3850 ms, used_size=16478208 bytes (40.2%)
(RDMA_READ_CONSUME_CHECK_CONSUMER) timestamp=3850 ms, used_size=16476160 bytes (40.2%)
(RDMA_READ_CONSUME_CHECK_CONSUMER) timestamp=3850 ms, used_size=16474112 bytes (40.2%)
(RDMA_READ_CONSUME_CHECK_CONSUMER) timestamp=3850 ms, used_size=16472064 bytes (40.2%)
(RDMA_READ_CONSUME_CHECK_CONSUMER) timestamp=3850 ms, used_size=16470016 bytes (40.2%)
(RDMA_READ_CONSUME_CHECK_CONSUMER) timestamp=3850 ms, used_size=16467968 bytes (40.2%)
(RDMA_READ_CONSUME_CHECK_CONSUMER) timestamp=3850 ms, used_size=16465920 bytes (40.2%)
(RDMA_READ_CONSUME_CHECK_CONSUMER) timestamp=3850 ms, used_size=16463872 bytes (40.2%)
(RDMA_READ_CONSUME_CHECK_CONSUMER) timestamp=3850 ms, used_size=16461824 bytes (40.2%)
(RDMA_READ_CONSUME_CHECK_CONSUMER) timestamp=3850 ms, used_size=16459776 bytes (40.2%)
(RDMA_READ_CONSUME_CHECK_CONSUMER) timestamp=3850 ms, used_size=16457728 bytes (40.2%)
(RDMA_READ_CONSUME_CHECK_CONSUMER) timestamp=3850 ms, used_size=16455680 bytes (40.2%)
(RDMA_READ_CONSUME_CHECK_CONSUMER) timestamp=3850 ms, used_size=16453632 bytes (40.2%)
(RDMA_READ_CONSUME_CHECK_CONSUMER) timestamp=3850 ms, used_size=16451584 bytes (40.2%)
(RDMA_READ_CONSUME_CHECK_CONSUMER) timestamp=3850 ms, used_size=16449536 bytes (40.2%)
(RDMA_READ_CONSUME_CHECK_CONSUMER) timestamp=3850 ms, used_size=16447488 bytes (40.2%)
(RDMA_READ_CONSUME_CHECK_CONSUMER) timestamp=3850 ms, used_size=16445440 bytes (40.1%)
(RDMA_READ_CONSUME_CHECK_CONSUMER) timestamp=3850 ms, used_size=16443392 bytes (40.1%)
(RDMA_READ_CONSUME_CHECK_CONSUMER) timestamp=3850 ms, used_size=16441344 bytes (40.1%)
(RDMA_READ_CONSUME_CHECK_CONSUMER) timestamp=3850 ms, used_size=16439296 bytes (40.1%)
(RDMA_READ_CONSUME_CHECK_CONSUMER) timestamp=3850 ms, used_size=16437248 bytes (40.1%)
(RDMA_READ_CONSUME_CHECK_CONSUMER) timestamp=3850 ms, used_size=16435200 bytes (40.1%)
(RDMA_READ_CONSUME_CHECK_CONSUMER) timestamp=3850 ms, used_size=16433152 bytes (40.1%)
(RDMA_READ_CONSUME_CHECK_CONSUMER) timestamp=3850 ms, used_size=16431104 bytes (40.1%)
(RDMA_READ_CONSUME_CHECK_CONSUMER) timestamp=3850 ms, used_size=16429056 bytes (40.1%)
(RDMA_READ_CONSUME_CHECK_CONSUMER) timestamp=3850 ms, used_size=16427008 bytes (40.1%)
(RDMA_READ_CONSUME_CHECK_CONSUMER) timestamp=3850 ms, used_size=16424960 bytes (40.1%)
(RDMA_READ_CONSUME_CHECK_CONSUMER) timestamp=3850 ms, used_size=16422912 bytes (40.1%)
(RDMA_READ_CONSUME_CHECK_CONSUMER) timestamp=3850 ms, used_size=16420864 bytes (40.1%)
(RDMA_READ_CONSUME_CHECK_CONSUMER) timestamp=3850 ms, used_size=16418816 bytes (40.1%)
(RDMA_READ_CONSUME_CHECK_CONSUMER) timestamp=3850 ms, used_size=16416768 bytes (40.1%)
(RDMA_READ_CONSUME_CHECK_CONSUMER) timestamp=3850 ms, used_size=16414720 bytes (40.1%)
(RDMA_READ_CONSUME_CHECK_CONSUMER) timestamp=3850 ms, used_size=16412672 bytes (40.1%)
(RDMA_READ_CONSUME_CHECK_CONSUMER) timestamp=3850 ms, used_size=16410624 bytes (40.1%)
(RDMA_READ_CONSUME_CHECK_CONSUMER) timestamp=3850 ms, used_size=16408576 bytes (40.1%)
(RDMA_READ_CONSUME_CHECK_CONSUMER) timestamp=3850 ms, used_size=16406528 bytes (40.1%)
(RDMA_READ_CONSUME_CHECK_CONSUMER) timestamp=3850 ms, used_size=16404480 bytes (40.0%)
(RDMA_READ_CONSUME_CHECK_CONSUMER) timestamp=3850 ms, used_size=16402432 bytes (40.0%)
(RDMA_READ_CONSUME_CHECK_CONSUMER) timestamp=3850 ms, used_size=16400384 bytes (40.0%)
(RDMA_READ_CONSUME_CHECK_CONSUMER) timestamp=3850 ms, used_size=16398336 bytes (40.0%)
(RDMA_READ_CONSUME_CHECK_CONSUMER) timestamp=3850 ms, used_size=16396288 bytes (40.0%)
(RDMA_READ_CONSUME_CHECK_CONSUMER) timestamp=3850 ms, used_size=16394240 bytes (40.0%)
(RDMA_READ_CONSUME_CHECK_CONSUMER) timestamp=3850 ms, used_size=16392192 bytes (40.0%)
(RDMA_READ_CONSUME_CHECK_CONSUMER) timestamp=3850 ms, used_size=16390144 bytes (40.0%)
(RDMA_READ_CONSUME_CHECK_CONSUMER) timestamp=3850 ms, used_size=16388096 bytes (40.0%)
(RDMA_READ_CONSUME_CHECK_CONSUMER) timestamp=3850 ms, used_size=16386048 bytes (40.0%)
(RDMA_READ_CONSUME_CHECK_CONSUMER) timestamp=3850 ms, used_size=16384000 bytes (40.0%)
(RDMA_READ_CONSUME_CHECK_CONSUMER) timestamp=3850 ms, used_size=16381952 bytes (40.0%)
(RDMA_READ_CONSUME_CHECK_CONSUMER) timestamp=3850 ms, used_size=16379904 bytes (40.0%)
(RDMA_READ_CONSUME_CHECK_CONSUMER) timestamp=3850 ms, used_size=16377856 bytes (40.0%)
(RDMA_READ_CONSUME_CHECK_CONSUMER) timestamp=3850 ms, used_size=16375808 bytes (40.0%)
(RDMA_READ_CONSUME_CHECK_CONSUMER) timestamp=3850 ms, used_size=16373760 bytes (40.0%)
(RDMA_READ_CONSUME_CHECK_CONSUMER) timestamp=3850 ms, used_size=16371712 bytes (40.0%)
(RDMA_READ_CONSUME_CHECK_CONSUMER) timestamp=3850 ms, used_size=16369664 bytes (40.0%)
(RDMA_READ_CONSUME_CHECK_CONSUMER) timestamp=3850 ms, used_size=16367616 bytes (40.0%)
(RDMA_READ_CONSUME_CHECK_CONSUMER) timestamp=3850 ms, used_size=16365568 bytes (40.0%)
(RDMA_READ_CONSUME_CHECK_CONSUMER) timestamp=3850 ms, used_size=16363520 bytes (40.0%)
(RDMA_READ_CONSUME_CHECK_CONSUMER) timestamp=3850 ms, used_size=16361472 bytes (39.9%)
(RDMA_READ_CONSUME_CHECK_CONSUMER) timestamp=3850 ms, used_size=16359424 bytes (39.9%)
(RDMA_READ_CONSUME_CHECK_CONSUMER) timestamp=3850 ms, used_size=16357376 bytes (39.9%)
(RDMA_READ_CONSUME_CHECK_CONSUMER) timestamp=3850 ms, used_size=16355328 bytes (39.9%)
(RDMA_READ_CONSUME_CHECK_CONSUMER) timestamp=3850 ms, used_size=16353280 bytes (39.9%)
(RDMA_READ_CONSUME_CHECK_CONSUMER) timestamp=3850 ms, used_size=16351232 bytes (39.9%)
(RDMA_READ_CONSUME_CHECK_CONSUMER) timestamp=3850 ms, used_size=16349184 bytes (39.9%)
(RDMA_READ_CONSUME_CHECK_CONSUMER) timestamp=3850 ms, used_size=16347136 bytes (39.9%)
(RDMA_READ_CONSUME_CHECK_CONSUMER) timestamp=3850 ms, used_size=16345088 bytes (39.9%)
(RDMA_READ_CONSUME_CHECK_CONSUMER) timestamp=3850 ms, used_size=16343040 bytes (39.9%)
(RDMA_READ_CONSUME_CHECK_CONSUMER) timestamp=3850 ms, used_size=16340992 bytes (39.9%)
(RDMA_READ_CONSUME_CHECK_CONSUMER) timestamp=3850 ms, used_size=16338944 bytes (39.9%)
(RDMA_READ_CONSUME_CHECK_CONSUMER) timestamp=3850 ms, used_size=16336896 bytes (39.9%)
(RDMA_READ_CONSUME_CHECK_CONSUMER) timestamp=3850 ms, used_size=16334848 bytes (39.9%)
(RDMA_READ_CONSUME_CHECK_CONSUMER) timestamp=3850 ms, used_size=16332800 bytes (39.9%)
(RDMA_READ_CONSUME_CHECK_CONSUMER) timestamp=3850 ms, used_size=16330752 bytes (39.9%)
(RDMA_READ_CONSUME_CHECK_CONSUMER) timestamp=3850 ms, used_size=16328704 bytes (39.9%)
(RDMA_READ_CONSUME_CHECK_CONSUMER) timestamp=3850 ms, used_size=16326656 bytes (39.9%)
(RDMA_READ_CONSUME_CHECK_CONSUMER) timestamp=3850 ms, used_size=16324608 bytes (39.9%)
(RDMA_READ_CONSUME_CHECK_CONSUMER) timestamp=3850 ms, used_size=16322560 bytes (39.9%)
(RDMA_READ_CONSUME_CHECK_CONSUMER) timestamp=3850 ms, used_size=16320512 bytes (39.8%)
(RDMA_READ_CONSUME_CHECK_CONSUMER) timestamp=3850 ms, used_size=16318464 bytes (39.8%)
(RDMA_READ_CONSUME_CHECK_CONSUMER) timestamp=3850 ms, used_size=16316416 bytes (39.8%)
(RDMA_READ_CONSUME_CHECK_CONSUMER) timestamp=3850 ms, used_size=16314368 bytes (39.8%)
(RDMA_READ_CONSUME_CHECK_CONSUMER) timestamp=3850 ms, used_size=16312320 bytes (39.8%)
(RDMA_READ_CONSUME_CHECK_CONSUMER) timestamp=3850 ms, used_size=16310272 bytes (39.8%)
(RDMA_READ_CONSUME_CHECK_CONSUMER) timestamp=3850 ms, used_size=16308224 bytes (39.8%)
(RDMA_READ_CONSUME_CHECK_CONSUMER) timestamp=3850 ms, used_size=16306176 bytes (39.8%)
(RDMA_READ_CONSUME_CHECK_CONSUMER) timestamp=3850 ms, used_size=16304128 bytes (39.8%)
(RDMA_READ_CONSUME_CHECK_CONSUMER) timestamp=3850 ms, used_size=16302080 bytes (39.8%)
(RDMA_READ_CONSUME_CHECK_CONSUMER) timestamp=3850 ms, used_size=16300032 bytes (39.8%)
(RDMA_READ_CONSUME_CHECK_CONSUMER) timestamp=3850 ms, used_size=16297984 bytes (39.8%)
(RDMA_READ_CONSUME_CHECK_CONSUMER) timestamp=3850 ms, used_size=16295936 bytes (39.8%)
(RDMA_READ_CONSUME_CHECK_CONSUMER) timestamp=3850 ms, used_size=16293888 bytes (39.8%)
(RDMA_READ_CONSUME_CHECK_CONSUMER) timestamp=3850 ms, used_size=16291840 bytes (39.8%)
(RDMA_READ_CONSUME_CHECK_CONSUMER) timestamp=3850 ms, used_size=16289792 bytes (39.8%)
(RDMA_READ_CONSUME_CHECK_CONSUMER) timestamp=3850 ms, used_size=16287744 bytes (39.8%)
(RDMA_READ_CONSUME_CHECK_CONSUMER) timestamp=3850 ms, used_size=16285696 bytes (39.8%)
(RDMA_READ_CONSUME_CHECK_CONSUMER) timestamp=3850 ms, used_size=16283648 bytes (39.8%)
(RDMA_READ_CONSUME_CHECK_CONSUMER) timestamp=3850 ms, used_size=16281600 bytes (39.8%)
(RDMA_READ_CONSUME_CHECK_CONSUMER) timestamp=3850 ms, used_size=16279552 bytes (39.7%)
(RDMA_READ_CONSUME_CHECK_CONSUMER) timestamp=3850 ms, used_size=16277504 bytes (39.7%)
(RDMA_READ_CONSUME_CHECK_CONSUMER) timestamp=3850 ms, used_size=16275456 bytes (39.7%)
(RDMA_READ_CONSUME_CHECK_CONSUMER) timestamp=3850 ms, used_size=16273408 bytes (39.7%)
(RDMA_READ_CONSUME_CHECK_CONSUMER) timestamp=3850 ms, used_size=16271360 bytes (39.7%)
(RDMA_READ_CONSUME_CHECK_CONSUMER) timestamp=3850 ms, used_size=16269312 bytes (39.7%)
(RDMA_READ_CONSUME_CHECK_CONSUMER) timestamp=3850 ms, used_size=16267264 bytes (39.7%)
(RDMA_READ_CONSUME_CHECK_CONSUMER) timestamp=3850 ms, used_size=16265216 bytes (39.7%)
(RDMA_READ_CONSUME_CHECK_CONSUMER) timestamp=3850 ms, used_size=16263168 bytes (39.7%)
(RDMA_READ_CONSUME_CHECK_CONSUMER) timestamp=3850 ms, used_size=16261120 bytes (39.7%)
(RDMA_READ_CONSUME_CHECK_CONSUMER) timestamp=3850 ms, used_size=16259072 bytes (39.7%)
(RDMA_READ_CONSUME_CHECK_CONSUMER) timestamp=3850 ms, used_size=16257024 bytes (39.7%)
(RDMA_READ_CONSUME_CHECK_CONSUMER) timestamp=3850 ms, used_size=16254976 bytes (39.7%)
(RDMA_READ_CONSUME_CHECK_CONSUMER) timestamp=3850 ms, used_size=16252928 bytes (39.7%)
(RDMA_READ_CONSUME_CHECK_CONSUMER) timestamp=3850 ms, used_size=16250880 bytes (39.7%)
(RDMA_READ_CONSUME_CHECK_CONSUMER) timestamp=3850 ms, used_size=16248832 bytes (39.7%)
(RDMA_READ_CONSUME_CHECK_CONSUMER) timestamp=3850 ms, used_size=16246784 bytes (39.7%)
(RDMA_READ_CONSUME_CHECK_CONSUMER) timestamp=3850 ms, used_size=16244736 bytes (39.7%)
(RDMA_READ_CONSUME_CHECK_CONSUMER) timestamp=3850 ms, used_size=16242688 bytes (39.7%)
(RDMA_READ_CONSUME_CHECK_CONSUMER) timestamp=3850 ms, used_size=16240640 bytes (39.6%)
(RDMA_READ_CONSUME_CHECK_CONSUMER) timestamp=3850 ms, used_size=16238592 bytes (39.6%)
(RDMA_READ_CONSUME_CHECK_CONSUMER) timestamp=3850 ms, used_size=16236544 bytes (39.6%)
(RDMA_READ_CONSUME_CHECK_CONSUMER) timestamp=3850 ms, used_size=16234496 bytes (39.6%)
(RDMA_READ_CONSUME_CHECK_CONSUMER) timestamp=3850 ms, used_size=16232448 bytes (39.6%)
(RDMA_READ_CONSUME_CHECK_CONSUMER) timestamp=3850 ms, used_size=16230400 bytes (39.6%)
(RDMA_READ_CONSUME_CHECK_CONSUMER) timestamp=3850 ms, used_size=16228352 bytes (39.6%)
(RDMA_READ_CONSUME_CHECK_CONSUMER) timestamp=3850 ms, used_size=16226304 bytes (39.6%)
(RDMA_READ_CONSUME_CHECK_CONSUMER) timestamp=3850 ms, used_size=16224256 bytes (39.6%)
(RDMA_READ_CONSUME_CHECK_CONSUMER) timestamp=3850 ms, used_size=16222208 bytes (39.6%)
(RDMA_READ_CONSUME_CHECK_CONSUMER) timestamp=3850 ms, used_size=16220160 bytes (39.6%)
(RDMA_READ_CONSUME_CHECK_CONSUMER) timestamp=3850 ms, used_size=16218112 bytes (39.6%)
(RDMA_READ_CONSUME_CHECK_CONSUMER) timestamp=3850 ms, used_size=16216064 bytes (39.6%)
(RDMA_READ_CONSUME_CHECK_CONSUMER) timestamp=3850 ms, used_size=16214016 bytes (39.6%)
(RDMA_READ_CONSUME_CHECK_CONSUMER) timestamp=3850 ms, used_size=16211968 bytes (39.6%)
(RDMA_READ_CONSUME_CHECK_CONSUMER) timestamp=3850 ms, used_size=16209920 bytes (39.6%)
(RDMA_READ_CONSUME_CHECK_CONSUMER) timestamp=3850 ms, used_size=16207872 bytes (39.6%)
(RDMA_READ_CONSUME_CHECK_CONSUMER) timestamp=3850 ms, used_size=16205824 bytes (39.6%)
(RDMA_READ_CONSUME_CHECK_CONSUMER) timestamp=3850 ms, used_size=16203776 bytes (39.6%)
(RDMA_READ_CONSUME_CHECK_CONSUMER) timestamp=3850 ms, used_size=16201728 bytes (39.6%)
(RDMA_READ_CONSUME_CHECK_CONSUMER) timestamp=3850 ms, used_size=16199680 bytes (39.5%)
(RDMA_READ_CONSUME_CHECK_CONSUMER) timestamp=3850 ms, used_size=16197632 bytes (39.5%)
(RDMA_READ_CONSUME_CHECK_CONSUMER) timestamp=3850 ms, used_size=16195584 bytes (39.5%)
(RDMA_READ_CONSUME_CHECK_CONSUMER) timestamp=3850 ms, used_size=16193536 bytes (39.5%)
(RDMA_READ_CONSUME_CHECK_CONSUMER) timestamp=3850 ms, used_size=16191488 bytes (39.5%)
(RDMA_READ_CONSUME_CHECK_CONSUMER) timestamp=3850 ms, used_size=16189440 bytes (39.5%)
(RDMA_READ_CONSUME_CHECK_CONSUMER) timestamp=3850 ms, used_size=16187392 bytes (39.5%)
(RDMA_READ_CONSUME_CHECK_CONSUMER) timestamp=3850 ms, used_size=16185344 bytes (39.5%)
(RDMA_READ_CONSUME_CHECK_CONSUMER) timestamp=3850 ms, used_size=16183296 bytes (39.5%)
(RDMA_READ_CONSUME_CHECK_CONSUMER) timestamp=3850 ms, used_size=16181248 bytes (39.5%)
(RDMA_READ_CONSUME_CHECK_CONSUMER) timestamp=3850 ms, used_size=16179200 bytes (39.5%)
(RDMA_READ_CONSUME_CHECK_CONSUMER) timestamp=3850 ms, used_size=16177152 bytes (39.5%)
(RDMA_READ_CONSUME_CHECK_CONSUMER) timestamp=3850 ms, used_size=16175104 bytes (39.5%)
(RDMA_READ_CONSUME_CHECK_CONSUMER) timestamp=3850 ms, used_size=16173056 bytes (39.5%)
(RDMA_READ_CONSUME_CHECK_CONSUMER) timestamp=3850 ms, used_size=16171008 bytes (39.5%)
(RDMA_READ_CONSUME_CHECK_CONSUMER) timestamp=3850 ms, used_size=16168960 bytes (39.5%)
(RDMA_READ_CONSUME_CHECK_CONSUMER) timestamp=3850 ms, used_size=16166912 bytes (39.5%)
(RDMA_READ_CONSUME_CHECK_CONSUMER) timestamp=3850 ms, used_size=16164864 bytes (39.5%)
(RDMA_READ_CONSUME_CHECK_CONSUMER) timestamp=3850 ms, used_size=16162816 bytes (39.5%)
(RDMA_READ_CONSUME_CHECK_CONSUMER) timestamp=3850 ms, used_size=16160768 bytes (39.5%)
(RDMA_READ_CONSUME_CHECK_CONSUMER) timestamp=3850 ms, used_size=16158720 bytes (39.5%)
(RDMA_READ_CONSUME_CHECK_CONSUMER) timestamp=3851 ms, used_size=16156672 bytes (39.4%)
(RDMA_READ_CONSUME_CHECK_CONSUMER) timestamp=3851 ms, used_size=16154624 bytes (39.4%)
(RDMA_READ_CONSUME_CHECK_CONSUMER) timestamp=3851 ms, used_size=16152576 bytes (39.4%)
(RDMA_READ_CONSUME_CHECK_CONSUMER) timestamp=3851 ms, used_size=16150528 bytes (39.4%)
(RDMA_READ_CONSUME_CHECK_CONSUMER) timestamp=3851 ms, used_size=16148480 bytes (39.4%)
(RDMA_READ_CONSUME_CHECK_CONSUMER) timestamp=3851 ms, used_size=16146432 bytes (39.4%)
(RDMA_READ_CONSUME_CHECK_CONSUMER) timestamp=3851 ms, used_size=16144384 bytes (39.4%)
(RDMA_READ_CONSUME_CHECK_CONSUMER) timestamp=3851 ms, used_size=16142336 bytes (39.4%)
(RDMA_READ_CONSUME_CHECK_CONSUMER) timestamp=3851 ms, used_size=16140288 bytes (39.4%)
(RDMA_READ_CONSUME_CHECK_CONSUMER) timestamp=3851 ms, used_size=16138240 bytes (39.4%)
(RDMA_READ_CONSUME_CHECK_CONSUMER) timestamp=3851 ms, used_size=16136192 bytes (39.4%)
(RDMA_READ_CONSUME_CHECK_CONSUMER) timestamp=3851 ms, used_size=16134144 bytes (39.4%)
(RDMA_READ_CONSUME_CHECK_CONSUMER) timestamp=3851 ms, used_size=16132096 bytes (39.4%)
(RDMA_READ_CONSUME_CHECK_CONSUMER) timestamp=3851 ms, used_size=16130048 bytes (39.4%)
(RDMA_READ_CONSUME_CHECK_CONSUMER) timestamp=3851 ms, used_size=16128000 bytes (39.4%)
(RDMA_READ_CONSUME_CHECK_CONSUMER) timestamp=3851 ms, used_size=16125952 bytes (39.4%)
(RDMA_READ_CONSUME_CHECK_CONSUMER) timestamp=3851 ms, used_size=16123904 bytes (39.4%)
(RDMA_READ_CONSUME_CHECK_CONSUMER) timestamp=3851 ms, used_size=16121856 bytes (39.4%)
(RDMA_READ_CONSUME_CHECK_CONSUMER) timestamp=3851 ms, used_size=16119808 bytes (39.4%)
(RDMA_READ_CONSUME_CHECK_CONSUMER) timestamp=3851 ms, used_size=16117760 bytes (39.4%)
(RDMA_READ_CONSUME_CHECK_CONSUMER) timestamp=3851 ms, used_size=16115712 bytes (39.3%)
(RDMA_READ_CONSUME_CHECK_CONSUMER) timestamp=3851 ms, used_size=16113664 bytes (39.3%)
(RDMA_READ_CONSUME_CHECK_CONSUMER) timestamp=3851 ms, used_size=16111616 bytes (39.3%)
(RDMA_READ_CONSUME_CHECK_CONSUMER) timestamp=3851 ms, used_size=16109568 bytes (39.3%)
(RDMA_READ_CONSUME_CHECK_CONSUMER) timestamp=3851 ms, used_size=16107520 bytes (39.3%)
(RDMA_READ_CONSUME_CHECK_CONSUMER) timestamp=3851 ms, used_size=16105472 bytes (39.3%)
(RDMA_READ_CONSUME_CHECK_CONSUMER) timestamp=3851 ms, used_size=16103424 bytes (39.3%)
(RDMA_READ_CONSUME_CHECK_CONSUMER) timestamp=3851 ms, used_size=16101376 bytes (39.3%)
(RDMA_READ_CONSUME_CHECK_CONSUMER) timestamp=3851 ms, used_size=16099328 bytes (39.3%)
(RDMA_READ_CONSUME_CHECK_CONSUMER) timestamp=3851 ms, used_size=16097280 bytes (39.3%)
(RDMA_READ_CONSUME_CHECK_CONSUMER) timestamp=3851 ms, used_size=16095232 bytes (39.3%)
(RDMA_READ_CONSUME_CHECK_CONSUMER) timestamp=3851 ms, used_size=16093184 bytes (39.3%)
(RDMA_READ_CONSUME_CHECK_CONSUMER) timestamp=3851 ms, used_size=16091136 bytes (39.3%)
(RDMA_READ_CONSUME_CHECK_CONSUMER) timestamp=3851 ms, used_size=16089088 bytes (39.3%)
(RDMA_READ_CONSUME_CHECK_CONSUMER) timestamp=3851 ms, used_size=16087040 bytes (39.3%)
(RDMA_READ_CONSUME_CHECK_CONSUMER) timestamp=3851 ms, used_size=16084992 bytes (39.3%)
(RDMA_READ_CONSUME_CHECK_CONSUMER) timestamp=3851 ms, used_size=16082944 bytes (39.3%)
(RDMA_READ_CONSUME_CHECK_CONSUMER) timestamp=3851 ms, used_size=16080896 bytes (39.3%)
(RDMA_READ_CONSUME_CHECK_CONSUMER) timestamp=3851 ms, used_size=16078848 bytes (39.3%)
(RDMA_READ_CONSUME_CHECK_CONSUMER) timestamp=3851 ms, used_size=16076800 bytes (39.2%)
(RDMA_READ_CONSUME_CHECK_CONSUMER) timestamp=3851 ms, used_size=16074752 bytes (39.2%)
(RDMA_READ_CONSUME_CHECK_CONSUMER) timestamp=3851 ms, used_size=16072704 bytes (39.2%)
(RDMA_READ_CONSUME_CHECK_CONSUMER) timestamp=3851 ms, used_size=16070656 bytes (39.2%)
(RDMA_READ_CONSUME_CHECK_CONSUMER) timestamp=3851 ms, used_size=16068608 bytes (39.2%)
(RDMA_READ_CONSUME_CHECK_CONSUMER) timestamp=3851 ms, used_size=16066560 bytes (39.2%)
(RDMA_READ_CONSUME_CHECK_CONSUMER) timestamp=3851 ms, used_size=16064512 bytes (39.2%)
(RDMA_READ_CONSUME_CHECK_CONSUMER) timestamp=3851 ms, used_size=16062464 bytes (39.2%)
(RDMA_READ_CONSUME_CHECK_CONSUMER) timestamp=3851 ms, used_size=16060416 bytes (39.2%)
(RDMA_READ_CONSUME_CHECK_CONSUMER) timestamp=3851 ms, used_size=16058368 bytes (39.2%)
(RDMA_READ_CONSUME_CHECK_CONSUMER) timestamp=3851 ms, used_size=16056320 bytes (39.2%)
(RDMA_READ_CONSUME_CHECK_CONSUMER) timestamp=3851 ms, used_size=16054272 bytes (39.2%)
(RDMA_READ_CONSUME_CHECK_CONSUMER) timestamp=3851 ms, used_size=16052224 bytes (39.2%)
(RDMA_READ_CONSUME_CHECK_CONSUMER) timestamp=3851 ms, used_size=16050176 bytes (39.2%)
(RDMA_READ_CONSUME_CHECK_CONSUMER) timestamp=3851 ms, used_size=16048128 bytes (39.2%)
(RDMA_READ_CONSUME_CHECK_CONSUMER) timestamp=3851 ms, used_size=16046080 bytes (39.2%)
(RDMA_READ_CONSUME_CHECK_CONSUMER) timestamp=3851 ms, used_size=16044032 bytes (39.2%)
(RDMA_READ_CONSUME_CHECK_CONSUMER) timestamp=3851 ms, used_size=16041984 bytes (39.2%)
(RDMA_READ_CONSUME_CHECK_CONSUMER) timestamp=3851 ms, used_size=16039936 bytes (39.2%)
(RDMA_READ_CONSUME_CHECK_CONSUMER) timestamp=3851 ms, used_size=16037888 bytes (39.2%)
(RDMA_READ_CONSUME_CHECK_CONSUMER) timestamp=3851 ms, used_size=16035840 bytes (39.1%)
(RDMA_READ_CONSUME_CHECK_CONSUMER) timestamp=3851 ms, used_size=16033792 bytes (39.1%)
(RDMA_READ_CONSUME_CHECK_CONSUMER) timestamp=3851 ms, used_size=16031744 bytes (39.1%)
(RDMA_READ_CONSUME_CHECK_CONSUMER) timestamp=3851 ms, used_size=16029696 bytes (39.1%)
(RDMA_READ_CONSUME_CHECK_CONSUMER) timestamp=3851 ms, used_size=16027648 bytes (39.1%)
(RDMA_READ_CONSUME_CHECK_CONSUMER) timestamp=3851 ms, used_size=16025600 bytes (39.1%)
(RDMA_READ_CONSUME_CHECK_CONSUMER) timestamp=3851 ms, used_size=16023552 bytes (39.1%)
(RDMA_READ_CONSUME_CHECK_CONSUMER) timestamp=3851 ms, used_size=16021504 bytes (39.1%)
(RDMA_READ_CONSUME_CHECK_CONSUMER) timestamp=3851 ms, used_size=16019456 bytes (39.1%)
(RDMA_READ_CONSUME_CHECK_CONSUMER) timestamp=3851 ms, used_size=16017408 bytes (39.1%)
(RDMA_READ_CONSUME_CHECK_CONSUMER) timestamp=3851 ms, used_size=16015360 bytes (39.1%)
(RDMA_READ_CONSUME_CHECK_CONSUMER) timestamp=3851 ms, used_size=16013312 bytes (39.1%)
(RDMA_READ_CONSUME_CHECK_CONSUMER) timestamp=3851 ms, used_size=16011264 bytes (39.1%)
(RDMA_READ_CONSUME_CHECK_CONSUMER) timestamp=3851 ms, used_size=16009216 bytes (39.1%)
(RDMA_READ_CONSUME_CHECK_CONSUMER) timestamp=3851 ms, used_size=16007168 bytes (39.1%)
(RDMA_READ_CONSUME_CHECK_CONSUMER) timestamp=3851 ms, used_size=16005120 bytes (39.1%)
(RDMA_READ_CONSUME_CHECK_CONSUMER) timestamp=3851 ms, used_size=16003072 bytes (39.1%)
(RDMA_READ_CONSUME_CHECK_CONSUMER) timestamp=3851 ms, used_size=16001024 bytes (39.1%)
(RDMA_READ_CONSUME_CHECK_CONSUMER) timestamp=3851 ms, used_size=15998976 bytes (39.1%)
(RDMA_READ_CONSUME_CHECK_CONSUMER) timestamp=3851 ms, used_size=15996928 bytes (39.1%)
(RDMA_READ_CONSUME_CHECK_CONSUMER) timestamp=3851 ms, used_size=15994880 bytes (39.0%)
(RDMA_READ_CONSUME_CHECK_CONSUMER) timestamp=3851 ms, used_size=15992832 bytes (39.0%)
(RDMA_READ_CONSUME_CHECK_CONSUMER) timestamp=3851 ms, used_size=15990784 bytes (39.0%)
(RDMA_READ_CONSUME_CHECK_CONSUMER) timestamp=3851 ms, used_size=15988736 bytes (39.0%)
(RDMA_READ_CONSUME_CHECK_CONSUMER) timestamp=3851 ms, used_size=15986688 bytes (39.0%)
(RDMA_READ_CONSUME_CHECK_CONSUMER) timestamp=3851 ms, used_size=15984640 bytes (39.0%)
(RDMA_READ_CONSUME_CHECK_CONSUMER) timestamp=3851 ms, used_size=15982592 bytes (39.0%)
(RDMA_READ_CONSUME_CHECK_CONSUMER) timestamp=3851 ms, used_size=15980544 bytes (39.0%)
(RDMA_READ_CONSUME_CHECK_CONSUMER) timestamp=3851 ms, used_size=15978496 bytes (39.0%)
(RDMA_READ_CONSUME_CHECK_CONSUMER) timestamp=3851 ms, used_size=15976448 bytes (39.0%)
(RDMA_READ_CONSUME_CHECK_CONSUMER) timestamp=3851 ms, used_size=15974400 bytes (39.0%)
(RDMA_READ_CONSUME_CHECK_CONSUMER) timestamp=3851 ms, used_size=15972352 bytes (39.0%)
(RDMA_READ_CONSUME_CHECK_CONSUMER) timestamp=3851 ms, used_size=15970304 bytes (39.0%)
(RDMA_READ_CONSUME_CHECK_CONSUMER) timestamp=3851 ms, used_size=15968256 bytes (39.0%)
(RDMA_READ_CONSUME_CHECK_CONSUMER) timestamp=3851 ms, used_size=15966208 bytes (39.0%)
(RDMA_READ_CONSUME_CHECK_CONSUMER) timestamp=3851 ms, used_size=15964160 bytes (39.0%)
(RDMA_READ_CONSUME_CHECK_CONSUMER) timestamp=3851 ms, used_size=15962112 bytes (39.0%)
(RDMA_READ_CONSUME_CHECK_CONSUMER) timestamp=3851 ms, used_size=15960064 bytes (39.0%)
(RDMA_READ_CONSUME_CHECK_CONSUMER) timestamp=3851 ms, used_size=15958016 bytes (39.0%)
(RDMA_READ_CONSUME_CHECK_CONSUMER) timestamp=3851 ms, used_size=15955968 bytes (39.0%)
(RDMA_READ_CONSUME_CHECK_CONSUMER) timestamp=3851 ms, used_size=15953920 bytes (39.0%)
(RDMA_READ_CONSUME_CHECK_CONSUMER) timestamp=3851 ms, used_size=15951872 bytes (38.9%)
(RDMA_READ_CONSUME_CHECK_CONSUMER) timestamp=3851 ms, used_size=15949824 bytes (38.9%)
(RDMA_READ_CONSUME_CHECK_CONSUMER) timestamp=3851 ms, used_size=15947776 bytes (38.9%)
(RDMA_READ_CONSUME_CHECK_CONSUMER) timestamp=3851 ms, used_size=15945728 bytes (38.9%)
(RDMA_READ_CONSUME_CHECK_CONSUMER) timestamp=3851 ms, used_size=15943680 bytes (38.9%)
(RDMA_READ_CONSUME_CHECK_CONSUMER) timestamp=3851 ms, used_size=15941632 bytes (38.9%)
(RDMA_READ_CONSUME_CHECK_CONSUMER) timestamp=3851 ms, used_size=15939584 bytes (38.9%)
(RDMA_READ_CONSUME_CHECK_CONSUMER) timestamp=3851 ms, used_size=15937536 bytes (38.9%)
(RDMA_READ_CONSUME_CHECK_CONSUMER) timestamp=3851 ms, used_size=15935488 bytes (38.9%)
(RDMA_READ_CONSUME_CHECK_CONSUMER) timestamp=3851 ms, used_size=15933440 bytes (38.9%)
(RDMA_READ_CONSUME_CHECK_CONSUMER) timestamp=3851 ms, used_size=15931392 bytes (38.9%)
(RDMA_READ_CONSUME_CHECK_CONSUMER) timestamp=3851 ms, used_size=15929344 bytes (38.9%)
(RDMA_READ_CONSUME_CHECK_CONSUMER) timestamp=3851 ms, used_size=15927296 bytes (38.9%)
(RDMA_READ_CONSUME_CHECK_CONSUMER) timestamp=3851 ms, used_size=15925248 bytes (38.9%)
(RDMA_READ_CONSUME_CHECK_CONSUMER) timestamp=3851 ms, used_size=15923200 bytes (38.9%)
(RDMA_READ_CONSUME_CHECK_CONSUMER) timestamp=3851 ms, used_size=15921152 bytes (38.9%)
(RDMA_READ_CONSUME_CHECK_CONSUMER) timestamp=3851 ms, used_size=15919104 bytes (38.9%)
(RDMA_READ_CONSUME_CHECK_CONSUMER) timestamp=3851 ms, used_size=15917056 bytes (38.9%)
(RDMA_READ_CONSUME_CHECK_CONSUMER) timestamp=3851 ms, used_size=15915008 bytes (38.9%)
(RDMA_READ_CONSUME_CHECK_CONSUMER) timestamp=3851 ms, used_size=15912960 bytes (38.9%)
(RDMA_READ_CONSUME_CHECK_CONSUMER) timestamp=3851 ms, used_size=15910912 bytes (38.8%)
(RDMA_READ_CONSUME_CHECK_CONSUMER) timestamp=3851 ms, used_size=15908864 bytes (38.8%)
(RDMA_READ_CONSUME_CHECK_CONSUMER) timestamp=3851 ms, used_size=15906816 bytes (38.8%)
(RDMA_READ_CONSUME_CHECK_CONSUMER) timestamp=3851 ms, used_size=15904768 bytes (38.8%)
(RDMA_READ_CONSUME_CHECK_CONSUMER) timestamp=3851 ms, used_size=15902720 bytes (38.8%)
(RDMA_READ_CONSUME_CHECK_CONSUMER) timestamp=3851 ms, used_size=15900672 bytes (38.8%)
(RDMA_READ_CONSUME_CHECK_CONSUMER) timestamp=3851 ms, used_size=15898624 bytes (38.8%)
(RDMA_READ_CONSUME_CHECK_CONSUMER) timestamp=3851 ms, used_size=15896576 bytes (38.8%)
(RDMA_READ_CONSUME_CHECK_CONSUMER) timestamp=3851 ms, used_size=15894528 bytes (38.8%)
(RDMA_READ_CONSUME_CHECK_CONSUMER) timestamp=3851 ms, used_size=15892480 bytes (38.8%)
(RDMA_READ_CONSUME_CHECK_CONSUMER) timestamp=3851 ms, used_size=15890432 bytes (38.8%)
(RDMA_READ_CONSUME_CHECK_CONSUMER) timestamp=3851 ms, used_size=15888384 bytes (38.8%)
(RDMA_READ_CONSUME_CHECK_CONSUMER) timestamp=3851 ms, used_size=15886336 bytes (38.8%)
(RDMA_READ_CONSUME_CHECK_CONSUMER) timestamp=3851 ms, used_size=15884288 bytes (38.8%)
(RDMA_READ_CONSUME_CHECK_CONSUMER) timestamp=3851 ms, used_size=15882240 bytes (38.8%)
(RDMA_READ_CONSUME_CHECK_CONSUMER) timestamp=3851 ms, used_size=15880192 bytes (38.8%)
(RDMA_READ_CONSUME_CHECK_CONSUMER) timestamp=3851 ms, used_size=15878144 bytes (38.8%)
(RDMA_READ_CONSUME_CHECK_CONSUMER) timestamp=3851 ms, used_size=15876096 bytes (38.8%)
(RDMA_READ_CONSUME_CHECK_CONSUMER) timestamp=3851 ms, used_size=15874048 bytes (38.8%)
(RDMA_READ_CONSUME_CHECK_CONSUMER) timestamp=3851 ms, used_size=15872000 bytes (38.8%)
(RDMA_READ_CONSUME_CHECK_CONSUMER) timestamp=3851 ms, used_size=15869952 bytes (38.7%)
(RDMA_READ_CONSUME_CHECK_CONSUMER) timestamp=3851 ms, used_size=15867904 bytes (38.7%)
(RDMA_READ_CONSUME_CHECK_CONSUMER) timestamp=3851 ms, used_size=15865856 bytes (38.7%)
(RDMA_READ_CONSUME_CHECK_CONSUMER) timestamp=3851 ms, used_size=15863808 bytes (38.7%)
(RDMA_READ_CONSUME_CHECK_CONSUMER) timestamp=3851 ms, used_size=15861760 bytes (38.7%)
(RDMA_READ_CONSUME_CHECK_CONSUMER) timestamp=3851 ms, used_size=15859712 bytes (38.7%)
(RDMA_READ_CONSUME_CHECK_CONSUMER) timestamp=3851 ms, used_size=15857664 bytes (38.7%)
(RDMA_READ_CONSUME_CHECK_CONSUMER) timestamp=3851 ms, used_size=15855616 bytes (38.7%)
(RDMA_READ_CONSUME_CHECK_CONSUMER) timestamp=3851 ms, used_size=15853568 bytes (38.7%)
(RDMA_READ_CONSUME_CHECK_CONSUMER) timestamp=3851 ms, used_size=15851520 bytes (38.7%)
(RDMA_READ_CONSUME_CHECK_CONSUMER) timestamp=3851 ms, used_size=15849472 bytes (38.7%)
(RDMA_READ_CONSUME_CHECK_CONSUMER) timestamp=3851 ms, used_size=15847424 bytes (38.7%)
(RDMA_READ_CONSUME_CHECK_CONSUMER) timestamp=3851 ms, used_size=15845376 bytes (38.7%)
(RDMA_READ_CONSUME_CHECK_CONSUMER) timestamp=3851 ms, used_size=15843328 bytes (38.7%)
(RDMA_READ_CONSUME_CHECK_CONSUMER) timestamp=3851 ms, used_size=15841280 bytes (38.7%)
(RDMA_READ_CONSUME_CHECK_CONSUMER) timestamp=3851 ms, used_size=15839232 bytes (38.7%)
(RDMA_READ_CONSUME_CHECK_CONSUMER) timestamp=3851 ms, used_size=15837184 bytes (38.7%)
(RDMA_READ_CONSUME_CHECK_CONSUMER) timestamp=3851 ms, used_size=15835136 bytes (38.7%)
(RDMA_READ_CONSUME_CHECK_CONSUMER) timestamp=3851 ms, used_size=15833088 bytes (38.7%)
(RDMA_READ_CONSUME_CHECK_CONSUMER) timestamp=3851 ms, used_size=15831040 bytes (38.6%)
(RDMA_READ_CONSUME_CHECK_CONSUMER) timestamp=3851 ms, used_size=15828992 bytes (38.6%)
(RDMA_READ_CONSUME_CHECK_CONSUMER) timestamp=3851 ms, used_size=15826944 bytes (38.6%)
(RDMA_READ_CONSUME_CHECK_CONSUMER) timestamp=3851 ms, used_size=15824896 bytes (38.6%)
(RDMA_READ_CONSUME_CHECK_CONSUMER) timestamp=3851 ms, used_size=15822848 bytes (38.6%)
(RDMA_READ_CONSUME_CHECK_CONSUMER) timestamp=3851 ms, used_size=15820800 bytes (38.6%)
(RDMA_READ_CONSUME_CHECK_CONSUMER) timestamp=3851 ms, used_size=15818752 bytes (38.6%)
(RDMA_READ_CONSUME_CHECK_CONSUMER) timestamp=3851 ms, used_size=15816704 bytes (38.6%)
(RDMA_READ_CONSUME_CHECK_CONSUMER) timestamp=3851 ms, used_size=15814656 bytes (38.6%)
(RDMA_READ_CONSUME_CHECK_CONSUMER) timestamp=3851 ms, used_size=15812608 bytes (38.6%)
(RDMA_READ_CONSUME_CHECK_CONSUMER) timestamp=3851 ms, used_size=15810560 bytes (38.6%)
(RDMA_READ_CONSUME_CHECK_CONSUMER) timestamp=3851 ms, used_size=15808512 bytes (38.6%)
(RDMA_READ_CONSUME_CHECK_CONSUMER) timestamp=3851 ms, used_size=15806464 bytes (38.6%)
(RDMA_READ_CONSUME_CHECK_CONSUMER) timestamp=3851 ms, used_size=15804416 bytes (38.6%)
(RDMA_READ_CONSUME_CHECK_CONSUMER) timestamp=3851 ms, used_size=15802368 bytes (38.6%)
(RDMA_READ_CONSUME_CHECK_CONSUMER) timestamp=3851 ms, used_size=15800320 bytes (38.6%)
(RDMA_READ_CONSUME_CHECK_CONSUMER) timestamp=3851 ms, used_size=15798272 bytes (38.6%)
(RDMA_READ_CONSUME_CHECK_CONSUMER) timestamp=3851 ms, used_size=15796224 bytes (38.6%)
(RDMA_READ_CONSUME_CHECK_CONSUMER) timestamp=3851 ms, used_size=15794176 bytes (38.6%)
(RDMA_READ_CONSUME_CHECK_CONSUMER) timestamp=3851 ms, used_size=15792128 bytes (38.6%)
(RDMA_READ_CONSUME_CHECK_CONSUMER) timestamp=3851 ms, used_size=15790080 bytes (38.5%)
(RDMA_READ_CONSUME_CHECK_CONSUMER) timestamp=3851 ms, used_size=15788032 bytes (38.5%)
(RDMA_READ_CONSUME_CHECK_CONSUMER) timestamp=3851 ms, used_size=15785984 bytes (38.5%)
(RDMA_READ_CONSUME_CHECK_CONSUMER) timestamp=3852 ms, used_size=15783936 bytes (38.5%)
(RDMA_READ_CONSUME_CHECK_CONSUMER) timestamp=3852 ms, used_size=15781888 bytes (38.5%)
(RDMA_READ_CONSUME_CHECK_CONSUMER) timestamp=3852 ms, used_size=15779840 bytes (38.5%)
(RDMA_READ_CONSUME_CHECK_CONSUMER) timestamp=3852 ms, used_size=15777792 bytes (38.5%)
(RDMA_READ_CONSUME_CHECK_CONSUMER) timestamp=3852 ms, used_size=15775744 bytes (38.5%)
(RDMA_READ_CONSUME_CHECK_CONSUMER) timestamp=3852 ms, used_size=15773696 bytes (38.5%)
(RDMA_READ_CONSUME_CHECK_CONSUMER) timestamp=3852 ms, used_size=15771648 bytes (38.5%)
(RDMA_READ_CONSUME_CHECK_CONSUMER) timestamp=3852 ms, used_size=15769600 bytes (38.5%)
(RDMA_READ_CONSUME_CHECK_CONSUMER) timestamp=3852 ms, used_size=15767552 bytes (38.5%)
(RDMA_READ_CONSUME_CHECK_CONSUMER) timestamp=3852 ms, used_size=15765504 bytes (38.5%)
(RDMA_READ_CONSUME_CHECK_CONSUMER) timestamp=3852 ms, used_size=15763456 bytes (38.5%)
(RDMA_READ_CONSUME_CHECK_CONSUMER) timestamp=3852 ms, used_size=15761408 bytes (38.5%)
(RDMA_READ_CONSUME_CHECK_CONSUMER) timestamp=3852 ms, used_size=15759360 bytes (38.5%)
(RDMA_READ_CONSUME_CHECK_CONSUMER) timestamp=3852 ms, used_size=15757312 bytes (38.5%)
(RDMA_READ_CONSUME_CHECK_CONSUMER) timestamp=3852 ms, used_size=15755264 bytes (38.5%)
(RDMA_READ_CONSUME_CHECK_CONSUMER) timestamp=3852 ms, used_size=15753216 bytes (38.5%)
(RDMA_READ_CONSUME_CHECK_CONSUMER) timestamp=3852 ms, used_size=15751168 bytes (38.5%)
(RDMA_READ_CONSUME_CHECK_CONSUMER) timestamp=3852 ms, used_size=15749120 bytes (38.5%)
(RDMA_READ_CONSUME_CHECK_CONSUMER) timestamp=3852 ms, used_size=15747072 bytes (38.4%)
(RDMA_READ_CONSUME_CHECK_CONSUMER) timestamp=3852 ms, used_size=15745024 bytes (38.4%)
(RDMA_READ_CONSUME_CHECK_CONSUMER) timestamp=3852 ms, used_size=15742976 bytes (38.4%)
(RDMA_READ_CONSUME_CHECK_CONSUMER) timestamp=3852 ms, used_size=15740928 bytes (38.4%)
(RDMA_READ_CONSUME_CHECK_CONSUMER) timestamp=3852 ms, used_size=15738880 bytes (38.4%)
(RDMA_READ_CONSUME_CHECK_CONSUMER) timestamp=3852 ms, used_size=15736832 bytes (38.4%)
(RDMA_READ_CONSUME_CHECK_CONSUMER) timestamp=3852 ms, used_size=15734784 bytes (38.4%)
(RDMA_READ_CONSUME_CHECK_CONSUMER) timestamp=3852 ms, used_size=15732736 bytes (38.4%)
(RDMA_READ_CONSUME_CHECK_CONSUMER) timestamp=3852 ms, used_size=15730688 bytes (38.4%)
(RDMA_READ_CONSUME_CHECK_CONSUMER) timestamp=3852 ms, used_size=15728640 bytes (38.4%)
(RDMA_READ_CONSUME_CHECK_CONSUMER) timestamp=3852 ms, used_size=15726592 bytes (38.4%)
(RDMA_READ_CONSUME_CHECK_CONSUMER) timestamp=3852 ms, used_size=15724544 bytes (38.4%)
(RDMA_READ_CONSUME_CHECK_CONSUMER) timestamp=3852 ms, used_size=15722496 bytes (38.4%)
(RDMA_READ_CONSUME_CHECK_CONSUMER) timestamp=3852 ms, used_size=15720448 bytes (38.4%)
(RDMA_READ_CONSUME_CHECK_CONSUMER) timestamp=3852 ms, used_size=15718400 bytes (38.4%)
(RDMA_READ_CONSUME_CHECK_CONSUMER) timestamp=3852 ms, used_size=15716352 bytes (38.4%)
(RDMA_READ_CONSUME_CHECK_CONSUMER) timestamp=3852 ms, used_size=15714304 bytes (38.4%)
(RDMA_READ_CONSUME_CHECK_CONSUMER) timestamp=3852 ms, used_size=15712256 bytes (38.4%)
(RDMA_READ_CONSUME_CHECK_CONSUMER) timestamp=3852 ms, used_size=15710208 bytes (38.4%)
(RDMA_READ_CONSUME_CHECK_CONSUMER) timestamp=3852 ms, used_size=15708160 bytes (38.4%)
(RDMA_READ_CONSUME_CHECK_CONSUMER) timestamp=3852 ms, used_size=15706112 bytes (38.3%)
(RDMA_READ_CONSUME_CHECK_CONSUMER) timestamp=3852 ms, used_size=15704064 bytes (38.3%)
(RDMA_READ_CONSUME_CHECK_CONSUMER) timestamp=3852 ms, used_size=15702016 bytes (38.3%)
(RDMA_READ_CONSUME_CHECK_CONSUMER) timestamp=3852 ms, used_size=15699968 bytes (38.3%)
(RDMA_READ_CONSUME_CHECK_CONSUMER) timestamp=3852 ms, used_size=15697920 bytes (38.3%)
(RDMA_READ_CONSUME_CHECK_CONSUMER) timestamp=3852 ms, used_size=15695872 bytes (38.3%)
(RDMA_READ_CONSUME_CHECK_CONSUMER) timestamp=3852 ms, used_size=15693824 bytes (38.3%)
(RDMA_READ_CONSUME_CHECK_CONSUMER) timestamp=3852 ms, used_size=15691776 bytes (38.3%)
(RDMA_READ_CONSUME_CHECK_CONSUMER) timestamp=3852 ms, used_size=15689728 bytes (38.3%)
(RDMA_READ_CONSUME_CHECK_CONSUMER) timestamp=3852 ms, used_size=15687680 bytes (38.3%)
(RDMA_READ_CONSUME_CHECK_CONSUMER) timestamp=3852 ms, used_size=15685632 bytes (38.3%)
(RDMA_READ_CONSUME_CHECK_CONSUMER) timestamp=3852 ms, used_size=15683584 bytes (38.3%)
(RDMA_READ_CONSUME_CHECK_CONSUMER) timestamp=3852 ms, used_size=15681536 bytes (38.3%)
(RDMA_READ_CONSUME_CHECK_CONSUMER) timestamp=3852 ms, used_size=15679488 bytes (38.3%)
(RDMA_READ_CONSUME_CHECK_CONSUMER) timestamp=3852 ms, used_size=15677440 bytes (38.3%)
(RDMA_READ_CONSUME_CHECK_CONSUMER) timestamp=3852 ms, used_size=15675392 bytes (38.3%)
(RDMA_READ_CONSUME_CHECK_CONSUMER) timestamp=3852 ms, used_size=15673344 bytes (38.3%)
(RDMA_READ_CONSUME_CHECK_CONSUMER) timestamp=3852 ms, used_size=15671296 bytes (38.3%)
(RDMA_READ_CONSUME_CHECK_CONSUMER) timestamp=3852 ms, used_size=15669248 bytes (38.3%)
(RDMA_READ_CONSUME_CHECK_CONSUMER) timestamp=3852 ms, used_size=15667200 bytes (38.2%)
(RDMA_READ_CONSUME_CHECK_CONSUMER) timestamp=3852 ms, used_size=15665152 bytes (38.2%)
(RDMA_READ_CONSUME_CHECK_CONSUMER) timestamp=3852 ms, used_size=15663104 bytes (38.2%)
(RDMA_READ_CONSUME_CHECK_CONSUMER) timestamp=3852 ms, used_size=15661056 bytes (38.2%)
(RDMA_READ_CONSUME_CHECK_CONSUMER) timestamp=3852 ms, used_size=15659008 bytes (38.2%)
(RDMA_READ_CONSUME_CHECK_CONSUMER) timestamp=3852 ms, used_size=15656960 bytes (38.2%)
(RDMA_READ_CONSUME_CHECK_CONSUMER) timestamp=3852 ms, used_size=15654912 bytes (38.2%)
(RDMA_READ_CONSUME_CHECK_CONSUMER) timestamp=3852 ms, used_size=15652864 bytes (38.2%)
(RDMA_READ_CONSUME_CHECK_CONSUMER) timestamp=3852 ms, used_size=15650816 bytes (38.2%)
(RDMA_READ_CONSUME_CHECK_CONSUMER) timestamp=3852 ms, used_size=15648768 bytes (38.2%)
(RDMA_READ_CONSUME_CHECK_CONSUMER) timestamp=3852 ms, used_size=15646720 bytes (38.2%)
(RDMA_READ_CONSUME_CHECK_CONSUMER) timestamp=3852 ms, used_size=15644672 bytes (38.2%)
(RDMA_READ_CONSUME_CHECK_CONSUMER) timestamp=3852 ms, used_size=15642624 bytes (38.2%)
(RDMA_READ_CONSUME_CHECK_CONSUMER) timestamp=3852 ms, used_size=15640576 bytes (38.2%)
(RDMA_READ_CONSUME_CHECK_CONSUMER) timestamp=3852 ms, used_size=15638528 bytes (38.2%)
(RDMA_READ_CONSUME_CHECK_CONSUMER) timestamp=3852 ms, used_size=15636480 bytes (38.2%)
(RDMA_READ_CONSUME_CHECK_CONSUMER) timestamp=3852 ms, used_size=15634432 bytes (38.2%)
(RDMA_READ_CONSUME_CHECK_CONSUMER) timestamp=3852 ms, used_size=15632384 bytes (38.2%)
(RDMA_READ_CONSUME_CHECK_CONSUMER) timestamp=3852 ms, used_size=15630336 bytes (38.2%)
(RDMA_READ_CONSUME_CHECK_CONSUMER) timestamp=3852 ms, used_size=15628288 bytes (38.2%)
(RDMA_READ_CONSUME_CHECK_CONSUMER) timestamp=3852 ms, used_size=15626240 bytes (38.1%)
(RDMA_READ_CONSUME_CHECK_CONSUMER) timestamp=3852 ms, used_size=15624192 bytes (38.1%)
(RDMA_READ_CONSUME_CHECK_CONSUMER) timestamp=3852 ms, used_size=15622144 bytes (38.1%)
(RDMA_READ_CONSUME_CHECK_CONSUMER) timestamp=3852 ms, used_size=15620096 bytes (38.1%)
(RDMA_READ_CONSUME_CHECK_CONSUMER) timestamp=3852 ms, used_size=15618048 bytes (38.1%)
(RDMA_READ_CONSUME_CHECK_CONSUMER) timestamp=3852 ms, used_size=15616000 bytes (38.1%)
(RDMA_READ_CONSUME_CHECK_CONSUMER) timestamp=3852 ms, used_size=15613952 bytes (38.1%)
(RDMA_READ_CONSUME_CHECK_CONSUMER) timestamp=3852 ms, used_size=15611904 bytes (38.1%)
(RDMA_READ_CONSUME_CHECK_CONSUMER) timestamp=3852 ms, used_size=15609856 bytes (38.1%)
(RDMA_READ_CONSUME_CHECK_CONSUMER) timestamp=3852 ms, used_size=15607808 bytes (38.1%)
(RDMA_READ_CONSUME_CHECK_CONSUMER) timestamp=3852 ms, used_size=15605760 bytes (38.1%)
(RDMA_READ_CONSUME_CHECK_CONSUMER) timestamp=3852 ms, used_size=15603712 bytes (38.1%)
(RDMA_READ_CONSUME_CHECK_CONSUMER) timestamp=3852 ms, used_size=15601664 bytes (38.1%)
(RDMA_READ_CONSUME_CHECK_CONSUMER) timestamp=3852 ms, used_size=15599616 bytes (38.1%)
(RDMA_READ_CONSUME_CHECK_CONSUMER) timestamp=3852 ms, used_size=15597568 bytes (38.1%)
(RDMA_READ_CONSUME_CHECK_CONSUMER) timestamp=3852 ms, used_size=15595520 bytes (38.1%)
(RDMA_READ_CONSUME_CHECK_CONSUMER) timestamp=3852 ms, used_size=15593472 bytes (38.1%)
(RDMA_READ_CONSUME_CHECK_CONSUMER) timestamp=3852 ms, used_size=15591424 bytes (38.1%)
(RDMA_READ_CONSUME_CHECK_CONSUMER) timestamp=3852 ms, used_size=15589376 bytes (38.1%)
(RDMA_READ_CONSUME_CHECK_CONSUMER) timestamp=3852 ms, used_size=15587328 bytes (38.1%)
(RDMA_READ_CONSUME_CHECK_CONSUMER) timestamp=3852 ms, used_size=15585280 bytes (38.0%)
(RDMA_READ_CONSUME_CHECK_CONSUMER) timestamp=3852 ms, used_size=15583232 bytes (38.0%)
(RDMA_READ_CONSUME_CHECK_CONSUMER) timestamp=3852 ms, used_size=15581184 bytes (38.0%)
(RDMA_READ_CONSUME_CHECK_CONSUMER) timestamp=3852 ms, used_size=15579136 bytes (38.0%)
(RDMA_READ_CONSUME_CHECK_CONSUMER) timestamp=3852 ms, used_size=15577088 bytes (38.0%)
(RDMA_READ_CONSUME_CHECK_CONSUMER) timestamp=3852 ms, used_size=15575040 bytes (38.0%)
(RDMA_READ_CONSUME_CHECK_CONSUMER) timestamp=3852 ms, used_size=15572992 bytes (38.0%)
(RDMA_READ_CONSUME_CHECK_CONSUMER) timestamp=3852 ms, used_size=15570944 bytes (38.0%)
(RDMA_READ_CONSUME_CHECK_CONSUMER) timestamp=3852 ms, used_size=15568896 bytes (38.0%)
(RDMA_READ_CONSUME_CHECK_CONSUMER) timestamp=3852 ms, used_size=15566848 bytes (38.0%)
(RDMA_READ_CONSUME_CHECK_CONSUMER) timestamp=3852 ms, used_size=15564800 bytes (38.0%)
(RDMA_READ_CONSUME_CHECK_CONSUMER) timestamp=3852 ms, used_size=15562752 bytes (38.0%)
(RDMA_READ_CONSUME_CHECK_CONSUMER) timestamp=3852 ms, used_size=15560704 bytes (38.0%)
(RDMA_READ_CONSUME_CHECK_CONSUMER) timestamp=3852 ms, used_size=15558656 bytes (38.0%)
(RDMA_READ_CONSUME_CHECK_CONSUMER) timestamp=3852 ms, used_size=15556608 bytes (38.0%)
(RDMA_READ_CONSUME_CHECK_CONSUMER) timestamp=3852 ms, used_size=15554560 bytes (38.0%)
(RDMA_READ_CONSUME_CHECK_CONSUMER) timestamp=3852 ms, used_size=15552512 bytes (38.0%)
(RDMA_READ_CONSUME_CHECK_CONSUMER) timestamp=3852 ms, used_size=15550464 bytes (38.0%)
(RDMA_READ_CONSUME_CHECK_CONSUMER) timestamp=3852 ms, used_size=15548416 bytes (38.0%)
(RDMA_READ_CONSUME_CHECK_CONSUMER) timestamp=3852 ms, used_size=15546368 bytes (38.0%)
(RDMA_READ_CONSUME_CHECK_CONSUMER) timestamp=3852 ms, used_size=15544320 bytes (38.0%)
(RDMA_READ_CONSUME_CHECK_CONSUMER) timestamp=3852 ms, used_size=15542272 bytes (37.9%)
(RDMA_READ_CONSUME_CHECK_CONSUMER) timestamp=3852 ms, used_size=15540224 bytes (37.9%)
(RDMA_READ_CONSUME_CHECK_CONSUMER) timestamp=3852 ms, used_size=15538176 bytes (37.9%)
(RDMA_READ_CONSUME_CHECK_CONSUMER) timestamp=3852 ms, used_size=15536128 bytes (37.9%)
(RDMA_READ_CONSUME_CHECK_CONSUMER) timestamp=3852 ms, used_size=15534080 bytes (37.9%)
(RDMA_READ_CONSUME_CHECK_CONSUMER) timestamp=3852 ms, used_size=15532032 bytes (37.9%)
(RDMA_READ_CONSUME_CHECK_CONSUMER) timestamp=3852 ms, used_size=15529984 bytes (37.9%)
(RDMA_READ_CONSUME_CHECK_CONSUMER) timestamp=3852 ms, used_size=15527936 bytes (37.9%)
(RDMA_READ_CONSUME_CHECK_CONSUMER) timestamp=3852 ms, used_size=15525888 bytes (37.9%)
(RDMA_READ_CONSUME_CHECK_CONSUMER) timestamp=3852 ms, used_size=15523840 bytes (37.9%)
(RDMA_READ_CONSUME_CHECK_CONSUMER) timestamp=3852 ms, used_size=15521792 bytes (37.9%)
(RDMA_READ_CONSUME_CHECK_CONSUMER) timestamp=3852 ms, used_size=15519744 bytes (37.9%)
(RDMA_READ_CONSUME_CHECK_CONSUMER) timestamp=3852 ms, used_size=15517696 bytes (37.9%)
(RDMA_READ_CONSUME_CHECK_CONSUMER) timestamp=3852 ms, used_size=15515648 bytes (37.9%)
(RDMA_READ_CONSUME_CHECK_CONSUMER) timestamp=3852 ms, used_size=15513600 bytes (37.9%)
(RDMA_READ_CONSUME_CHECK_CONSUMER) timestamp=3852 ms, used_size=15511552 bytes (37.9%)
(RDMA_READ_CONSUME_CHECK_CONSUMER) timestamp=3852 ms, used_size=15509504 bytes (37.9%)
(RDMA_READ_CONSUME_CHECK_CONSUMER) timestamp=3852 ms, used_size=15507456 bytes (37.9%)
(RDMA_READ_CONSUME_CHECK_CONSUMER) timestamp=3852 ms, used_size=15505408 bytes (37.9%)
(RDMA_READ_CONSUME_CHECK_CONSUMER) timestamp=3852 ms, used_size=15503360 bytes (37.9%)
(RDMA_READ_CONSUME_CHECK_CONSUMER) timestamp=3852 ms, used_size=15501312 bytes (37.8%)
(RDMA_READ_CONSUME_CHECK_CONSUMER) timestamp=3852 ms, used_size=15499264 bytes (37.8%)
(RDMA_READ_CONSUME_CHECK_CONSUMER) timestamp=3852 ms, used_size=15497216 bytes (37.8%)
(RDMA_READ_CONSUME_CHECK_CONSUMER) timestamp=3852 ms, used_size=15495168 bytes (37.8%)
(RDMA_READ_CONSUME_CHECK_CONSUMER) timestamp=3852 ms, used_size=15493120 bytes (37.8%)
(RDMA_READ_CONSUME_CHECK_CONSUMER) timestamp=3852 ms, used_size=15491072 bytes (37.8%)
(RDMA_READ_CONSUME_CHECK_CONSUMER) timestamp=3852 ms, used_size=15489024 bytes (37.8%)
(RDMA_READ_CONSUME_CHECK_CONSUMER) timestamp=3852 ms, used_size=15486976 bytes (37.8%)
(RDMA_READ_CONSUME_CHECK_CONSUMER) timestamp=3852 ms, used_size=15484928 bytes (37.8%)
(RDMA_READ_CONSUME_CHECK_CONSUMER) timestamp=3852 ms, used_size=15482880 bytes (37.8%)
(RDMA_READ_CONSUME_CHECK_CONSUMER) timestamp=3852 ms, used_size=15480832 bytes (37.8%)
(RDMA_READ_CONSUME_CHECK_CONSUMER) timestamp=3852 ms, used_size=15478784 bytes (37.8%)
(RDMA_READ_CONSUME_CHECK_CONSUMER) timestamp=3852 ms, used_size=15476736 bytes (37.8%)
(RDMA_READ_CONSUME_CHECK_CONSUMER) timestamp=3852 ms, used_size=15474688 bytes (37.8%)
(RDMA_READ_CONSUME_CHECK_CONSUMER) timestamp=3852 ms, used_size=15472640 bytes (37.8%)
(RDMA_READ_CONSUME_CHECK_CONSUMER) timestamp=3852 ms, used_size=15470592 bytes (37.8%)
(RDMA_READ_CONSUME_CHECK_CONSUMER) timestamp=3852 ms, used_size=15468544 bytes (37.8%)
(RDMA_READ_CONSUME_CHECK_CONSUMER) timestamp=3852 ms, used_size=15466496 bytes (37.8%)
(RDMA_READ_CONSUME_CHECK_CONSUMER) timestamp=3852 ms, used_size=15464448 bytes (37.8%)
(RDMA_READ_CONSUME_CHECK_CONSUMER) timestamp=3852 ms, used_size=15462400 bytes (37.8%)
(RDMA_READ_CONSUME_CHECK_CONSUMER) timestamp=3852 ms, used_size=15460352 bytes (37.7%)
(RDMA_READ_CONSUME_CHECK_CONSUMER) timestamp=3852 ms, used_size=15458304 bytes (37.7%)
(RDMA_READ_CONSUME_CHECK_CONSUMER) timestamp=3852 ms, used_size=15456256 bytes (37.7%)
(RDMA_READ_CONSUME_CHECK_CONSUMER) timestamp=3852 ms, used_size=15454208 bytes (37.7%)
(RDMA_READ_CONSUME_CHECK_CONSUMER) timestamp=3852 ms, used_size=15452160 bytes (37.7%)
(RDMA_READ_CONSUME_CHECK_CONSUMER) timestamp=3852 ms, used_size=15450112 bytes (37.7%)
(RDMA_READ_CONSUME_CHECK_CONSUMER) timestamp=3852 ms, used_size=15448064 bytes (37.7%)
(RDMA_READ_CONSUME_CHECK_CONSUMER) timestamp=3852 ms, used_size=15446016 bytes (37.7%)
(RDMA_READ_CONSUME_CHECK_CONSUMER) timestamp=3852 ms, used_size=15443968 bytes (37.7%)
(RDMA_READ_CONSUME_CHECK_CONSUMER) timestamp=3852 ms, used_size=15441920 bytes (37.7%)
(RDMA_READ_CONSUME_CHECK_CONSUMER) timestamp=3852 ms, used_size=15439872 bytes (37.7%)
(RDMA_READ_CONSUME_CHECK_CONSUMER) timestamp=3852 ms, used_size=15437824 bytes (37.7%)
(RDMA_READ_CONSUME_CHECK_CONSUMER) timestamp=3852 ms, used_size=15435776 bytes (37.7%)
(RDMA_READ_CONSUME_CHECK_CONSUMER) timestamp=3852 ms, used_size=15433728 bytes (37.7%)
(RDMA_READ_CONSUME_CHECK_CONSUMER) timestamp=3852 ms, used_size=15431680 bytes (37.7%)
(RDMA_READ_CONSUME_CHECK_CONSUMER) timestamp=3852 ms, used_size=15429632 bytes (37.7%)
(RDMA_READ_CONSUME_CHECK_CONSUMER) timestamp=3852 ms, used_size=15427584 bytes (37.7%)
(RDMA_READ_CONSUME_CHECK_CONSUMER) timestamp=3852 ms, used_size=15425536 bytes (37.7%)
(RDMA_READ_CONSUME_CHECK_CONSUMER) timestamp=3852 ms, used_size=15423488 bytes (37.7%)
(RDMA_READ_CONSUME_CHECK_CONSUMER) timestamp=3852 ms, used_size=15421440 bytes (37.6%)
(RDMA_READ_CONSUME_CHECK_CONSUMER) timestamp=3853 ms, used_size=15419392 bytes (37.6%)
(RDMA_READ_CONSUME_CHECK_CONSUMER) timestamp=3853 ms, used_size=15417344 bytes (37.6%)
(RDMA_READ_CONSUME_CHECK_CONSUMER) timestamp=3853 ms, used_size=15415296 bytes (37.6%)
(RDMA_READ_CONSUME_CHECK_CONSUMER) timestamp=3853 ms, used_size=15413248 bytes (37.6%)
(RDMA_READ_CONSUME_CHECK_CONSUMER) timestamp=3853 ms, used_size=15411200 bytes (37.6%)
(RDMA_READ_CONSUME_CHECK_CONSUMER) timestamp=3853 ms, used_size=15409152 bytes (37.6%)
(RDMA_READ_CONSUME_CHECK_CONSUMER) timestamp=3853 ms, used_size=15407104 bytes (37.6%)
(RDMA_READ_CONSUME_CHECK_CONSUMER) timestamp=3853 ms, used_size=15405056 bytes (37.6%)
(RDMA_READ_CONSUME_CHECK_CONSUMER) timestamp=3853 ms, used_size=15403008 bytes (37.6%)
(RDMA_READ_CONSUME_CHECK_CONSUMER) timestamp=3853 ms, used_size=15400960 bytes (37.6%)
(RDMA_READ_CONSUME_CHECK_CONSUMER) timestamp=3853 ms, used_size=15398912 bytes (37.6%)
(RDMA_READ_CONSUME_CHECK_CONSUMER) timestamp=3853 ms, used_size=15396864 bytes (37.6%)
(RDMA_READ_CONSUME_CHECK_CONSUMER) timestamp=3853 ms, used_size=15394816 bytes (37.6%)
(RDMA_READ_CONSUME_CHECK_CONSUMER) timestamp=3853 ms, used_size=15392768 bytes (37.6%)
(RDMA_READ_CONSUME_CHECK_CONSUMER) timestamp=3853 ms, used_size=15390720 bytes (37.6%)
(RDMA_READ_CONSUME_CHECK_CONSUMER) timestamp=3853 ms, used_size=15388672 bytes (37.6%)
(RDMA_READ_CONSUME_CHECK_CONSUMER) timestamp=3853 ms, used_size=15386624 bytes (37.6%)
(RDMA_READ_CONSUME_CHECK_CONSUMER) timestamp=3853 ms, used_size=15384576 bytes (37.6%)
(RDMA_READ_CONSUME_CHECK_CONSUMER) timestamp=3853 ms, used_size=15382528 bytes (37.6%)
(RDMA_READ_CONSUME_CHECK_CONSUMER) timestamp=3853 ms, used_size=15380480 bytes (37.5%)
(RDMA_READ_CONSUME_CHECK_CONSUMER) timestamp=3853 ms, used_size=15378432 bytes (37.5%)
(RDMA_READ_CONSUME_CHECK_CONSUMER) timestamp=3853 ms, used_size=15376384 bytes (37.5%)
(RDMA_READ_CONSUME_CHECK_CONSUMER) timestamp=3853 ms, used_size=15374336 bytes (37.5%)
(RDMA_READ_CONSUME_CHECK_CONSUMER) timestamp=3853 ms, used_size=15372288 bytes (37.5%)
(RDMA_READ_CONSUME_CHECK_CONSUMER) timestamp=3853 ms, used_size=15370240 bytes (37.5%)
(RDMA_READ_CONSUME_CHECK_CONSUMER) timestamp=3853 ms, used_size=15368192 bytes (37.5%)
(RDMA_READ_CONSUME_CHECK_CONSUMER) timestamp=3853 ms, used_size=15366144 bytes (37.5%)
(RDMA_READ_CONSUME_CHECK_CONSUMER) timestamp=3853 ms, used_size=15364096 bytes (37.5%)
(RDMA_READ_CONSUME_CHECK_CONSUMER) timestamp=3853 ms, used_size=15362048 bytes (37.5%)
(RDMA_READ_CONSUME_CHECK_CONSUMER) timestamp=3853 ms, used_size=15360000 bytes (37.5%)
(RDMA_READ_CONSUME_CHECK_CONSUMER) timestamp=3853 ms, used_size=15357952 bytes (37.5%)
(RDMA_READ_CONSUME_CHECK_CONSUMER) timestamp=3853 ms, used_size=15355904 bytes (37.5%)
(RDMA_READ_CONSUME_CHECK_CONSUMER) timestamp=3853 ms, used_size=15353856 bytes (37.5%)
(RDMA_READ_CONSUME_CHECK_CONSUMER) timestamp=3853 ms, used_size=15351808 bytes (37.5%)
(RDMA_READ_CONSUME_CHECK_CONSUMER) timestamp=3853 ms, used_size=15349760 bytes (37.5%)
(RDMA_READ_CONSUME_CHECK_CONSUMER) timestamp=3853 ms, used_size=15347712 bytes (37.5%)
(RDMA_READ_CONSUME_CHECK_CONSUMER) timestamp=3853 ms, used_size=15345664 bytes (37.5%)
(RDMA_READ_CONSUME_CHECK_CONSUMER) timestamp=3853 ms, used_size=15343616 bytes (37.5%)
(RDMA_READ_CONSUME_CHECK_CONSUMER) timestamp=3853 ms, used_size=15341568 bytes (37.5%)
(RDMA_READ_CONSUME_CHECK_CONSUMER) timestamp=3853 ms, used_size=15339520 bytes (37.5%)
(RDMA_READ_CONSUME_CHECK_CONSUMER) timestamp=3853 ms, used_size=15337472 bytes (37.4%)
(RDMA_READ_CONSUME_CHECK_CONSUMER) timestamp=3853 ms, used_size=15335424 bytes (37.4%)
(RDMA_READ_CONSUME_CHECK_CONSUMER) timestamp=3853 ms, used_size=15333376 bytes (37.4%)
(RDMA_READ_CONSUME_CHECK_CONSUMER) timestamp=3853 ms, used_size=15331328 bytes (37.4%)
(RDMA_READ_CONSUME_CHECK_CONSUMER) timestamp=3853 ms, used_size=15329280 bytes (37.4%)
(RDMA_READ_CONSUME_CHECK_CONSUMER) timestamp=3853 ms, used_size=15327232 bytes (37.4%)
(RDMA_READ_CONSUME_CHECK_CONSUMER) timestamp=3853 ms, used_size=15325184 bytes (37.4%)
(RDMA_READ_CONSUME_CHECK_CONSUMER) timestamp=3853 ms, used_size=15323136 bytes (37.4%)
(RDMA_READ_CONSUME_CHECK_CONSUMER) timestamp=3853 ms, used_size=15321088 bytes (37.4%)
(RDMA_READ_CONSUME_CHECK_CONSUMER) timestamp=3853 ms, used_size=15319040 bytes (37.4%)
(RDMA_READ_CONSUME_CHECK_CONSUMER) timestamp=3853 ms, used_size=15316992 bytes (37.4%)
(RDMA_READ_CONSUME_CHECK_CONSUMER) timestamp=3853 ms, used_size=15314944 bytes (37.4%)
(RDMA_READ_CONSUME_CHECK_CONSUMER) timestamp=3853 ms, used_size=15312896 bytes (37.4%)
(RDMA_READ_CONSUME_CHECK_CONSUMER) timestamp=3853 ms, used_size=15310848 bytes (37.4%)
(RDMA_READ_CONSUME_CHECK_CONSUMER) timestamp=3853 ms, used_size=15308800 bytes (37.4%)
(RDMA_READ_CONSUME_CHECK_CONSUMER) timestamp=3853 ms, used_size=15306752 bytes (37.4%)
(RDMA_READ_CONSUME_CHECK_CONSUMER) timestamp=3853 ms, used_size=15304704 bytes (37.4%)
(RDMA_READ_CONSUME_CHECK_CONSUMER) timestamp=3853 ms, used_size=15302656 bytes (37.4%)
(RDMA_READ_CONSUME_CHECK_CONSUMER) timestamp=3853 ms, used_size=15300608 bytes (37.4%)
(RDMA_READ_CONSUME_CHECK_CONSUMER) timestamp=3853 ms, used_size=15298560 bytes (37.4%)
(RDMA_READ_CONSUME_CHECK_CONSUMER) timestamp=3853 ms, used_size=15296512 bytes (37.3%)
(RDMA_READ_CONSUME_CHECK_CONSUMER) timestamp=3853 ms, used_size=15294464 bytes (37.3%)
(RDMA_READ_CONSUME_CHECK_CONSUMER) timestamp=3853 ms, used_size=15292416 bytes (37.3%)
(RDMA_READ_CONSUME_CHECK_CONSUMER) timestamp=3853 ms, used_size=15290368 bytes (37.3%)
(RDMA_READ_CONSUME_CHECK_CONSUMER) timestamp=3853 ms, used_size=15288320 bytes (37.3%)
(RDMA_READ_CONSUME_CHECK_CONSUMER) timestamp=3853 ms, used_size=15286272 bytes (37.3%)
(RDMA_READ_CONSUME_CHECK_CONSUMER) timestamp=3853 ms, used_size=15284224 bytes (37.3%)
(RDMA_READ_CONSUME_CHECK_CONSUMER) timestamp=3853 ms, used_size=15282176 bytes (37.3%)
(RDMA_READ_CONSUME_CHECK_CONSUMER) timestamp=3853 ms, used_size=15280128 bytes (37.3%)
(RDMA_READ_CONSUME_CHECK_CONSUMER) timestamp=3853 ms, used_size=15278080 bytes (37.3%)
(RDMA_READ_CONSUME_CHECK_CONSUMER) timestamp=3853 ms, used_size=15276032 bytes (37.3%)
(RDMA_READ_CONSUME_CHECK_CONSUMER) timestamp=3853 ms, used_size=15273984 bytes (37.3%)
(RDMA_READ_CONSUME_CHECK_CONSUMER) timestamp=3853 ms, used_size=15271936 bytes (37.3%)
(RDMA_READ_CONSUME_CHECK_CONSUMER) timestamp=3853 ms, used_size=15269888 bytes (37.3%)
(RDMA_READ_CONSUME_CHECK_CONSUMER) timestamp=3853 ms, used_size=15267840 bytes (37.3%)
(RDMA_READ_CONSUME_CHECK_CONSUMER) timestamp=3853 ms, used_size=15265792 bytes (37.3%)
(RDMA_READ_CONSUME_CHECK_CONSUMER) timestamp=3853 ms, used_size=15263744 bytes (37.3%)
(RDMA_READ_CONSUME_CHECK_CONSUMER) timestamp=3853 ms, used_size=15261696 bytes (37.3%)
(RDMA_READ_CONSUME_CHECK_CONSUMER) timestamp=3853 ms, used_size=15259648 bytes (37.3%)
(RDMA_READ_CONSUME_CHECK_CONSUMER) timestamp=3853 ms, used_size=15257600 bytes (37.2%)
(RDMA_READ_CONSUME_CHECK_CONSUMER) timestamp=3853 ms, used_size=15255552 bytes (37.2%)
(RDMA_READ_CONSUME_CHECK_CONSUMER) timestamp=3853 ms, used_size=15253504 bytes (37.2%)
(RDMA_READ_CONSUME_CHECK_CONSUMER) timestamp=3853 ms, used_size=15251456 bytes (37.2%)
(RDMA_READ_CONSUME_CHECK_CONSUMER) timestamp=3853 ms, used_size=15249408 bytes (37.2%)
(RDMA_READ_CONSUME_CHECK_CONSUMER) timestamp=3853 ms, used_size=15247360 bytes (37.2%)
(RDMA_READ_CONSUME_CHECK_CONSUMER) timestamp=3853 ms, used_size=15245312 bytes (37.2%)
(RDMA_READ_CONSUME_CHECK_CONSUMER) timestamp=3853 ms, used_size=15243264 bytes (37.2%)
(RDMA_READ_CONSUME_CHECK_CONSUMER) timestamp=3853 ms, used_size=15241216 bytes (37.2%)
(RDMA_READ_CONSUME_CHECK_CONSUMER) timestamp=3853 ms, used_size=15239168 bytes (37.2%)
(RDMA_READ_CONSUME_CHECK_CONSUMER) timestamp=3853 ms, used_size=15237120 bytes (37.2%)
(RDMA_READ_CONSUME_CHECK_CONSUMER) timestamp=3853 ms, used_size=15235072 bytes (37.2%)
(RDMA_READ_CONSUME_CHECK_CONSUMER) timestamp=3853 ms, used_size=15233024 bytes (37.2%)
(RDMA_READ_CONSUME_CHECK_CONSUMER) timestamp=3853 ms, used_size=15230976 bytes (37.2%)
(RDMA_READ_CONSUME_CHECK_CONSUMER) timestamp=3853 ms, used_size=15228928 bytes (37.2%)
(RDMA_READ_CONSUME_CHECK_CONSUMER) timestamp=3853 ms, used_size=15226880 bytes (37.2%)
(RDMA_READ_CONSUME_CHECK_CONSUMER) timestamp=3853 ms, used_size=15224832 bytes (37.2%)
(RDMA_READ_CONSUME_CHECK_CONSUMER) timestamp=3853 ms, used_size=15222784 bytes (37.2%)
(RDMA_READ_CONSUME_CHECK_CONSUMER) timestamp=3853 ms, used_size=15220736 bytes (37.2%)
(RDMA_READ_CONSUME_CHECK_CONSUMER) timestamp=3853 ms, used_size=15218688 bytes (37.2%)
(RDMA_READ_CONSUME_CHECK_CONSUMER) timestamp=3853 ms, used_size=15216640 bytes (37.1%)
(RDMA_READ_CONSUME_CHECK_CONSUMER) timestamp=3853 ms, used_size=15214592 bytes (37.1%)
(RDMA_READ_CONSUME_CHECK_CONSUMER) timestamp=3853 ms, used_size=15212544 bytes (37.1%)
(RDMA_READ_CONSUME_CHECK_CONSUMER) timestamp=3853 ms, used_size=15210496 bytes (37.1%)
(RDMA_READ_CONSUME_CHECK_CONSUMER) timestamp=3853 ms, used_size=15208448 bytes (37.1%)
(RDMA_READ_CONSUME_CHECK_CONSUMER) timestamp=3853 ms, used_size=15206400 bytes (37.1%)
(RDMA_READ_CONSUME_CHECK_CONSUMER) timestamp=3853 ms, used_size=15204352 bytes (37.1%)
(RDMA_READ_CONSUME_CHECK_CONSUMER) timestamp=3853 ms, used_size=15202304 bytes (37.1%)
(RDMA_READ_CONSUME_CHECK_CONSUMER) timestamp=3853 ms, used_size=15200256 bytes (37.1%)
(RDMA_READ_CONSUME_CHECK_CONSUMER) timestamp=3853 ms, used_size=15198208 bytes (37.1%)
(RDMA_READ_CONSUME_CHECK_CONSUMER) timestamp=3853 ms, used_size=15196160 bytes (37.1%)
(RDMA_READ_CONSUME_CHECK_CONSUMER) timestamp=3853 ms, used_size=15194112 bytes (37.1%)
(RDMA_READ_CONSUME_CHECK_CONSUMER) timestamp=3853 ms, used_size=15192064 bytes (37.1%)
(RDMA_READ_CONSUME_CHECK_CONSUMER) timestamp=3853 ms, used_size=15190016 bytes (37.1%)
(RDMA_READ_CONSUME_CHECK_CONSUMER) timestamp=3853 ms, used_size=15187968 bytes (37.1%)
(RDMA_READ_CONSUME_CHECK_CONSUMER) timestamp=3853 ms, used_size=15185920 bytes (37.1%)
(RDMA_READ_CONSUME_CHECK_CONSUMER) timestamp=3853 ms, used_size=15183872 bytes (37.1%)
(RDMA_READ_CONSUME_CHECK_CONSUMER) timestamp=3853 ms, used_size=15181824 bytes (37.1%)
(RDMA_READ_CONSUME_CHECK_CONSUMER) timestamp=3853 ms, used_size=15179776 bytes (37.1%)
(RDMA_READ_CONSUME_CHECK_CONSUMER) timestamp=3853 ms, used_size=15177728 bytes (37.1%)
(RDMA_READ_CONSUME_CHECK_CONSUMER) timestamp=3853 ms, used_size=15175680 bytes (37.0%)
(RDMA_READ_CONSUME_CHECK_CONSUMER) timestamp=3853 ms, used_size=15173632 bytes (37.0%)
(RDMA_READ_CONSUME_CHECK_CONSUMER) timestamp=3853 ms, used_size=15171584 bytes (37.0%)
(RDMA_READ_CONSUME_CHECK_CONSUMER) timestamp=3853 ms, used_size=15169536 bytes (37.0%)
(RDMA_READ_CONSUME_CHECK_CONSUMER) timestamp=3853 ms, used_size=15167488 bytes (37.0%)
(RDMA_READ_CONSUME_CHECK_CONSUMER) timestamp=3853 ms, used_size=15165440 bytes (37.0%)
(RDMA_READ_CONSUME_CHECK_CONSUMER) timestamp=3853 ms, used_size=15163392 bytes (37.0%)
(RDMA_READ_CONSUME_CHECK_CONSUMER) timestamp=3853 ms, used_size=15161344 bytes (37.0%)
(RDMA_READ_CONSUME_CHECK_CONSUMER) timestamp=3853 ms, used_size=15159296 bytes (37.0%)
(RDMA_READ_CONSUME_CHECK_CONSUMER) timestamp=3853 ms, used_size=15157248 bytes (37.0%)
(RDMA_READ_CONSUME_CHECK_CONSUMER) timestamp=3853 ms, used_size=15155200 bytes (37.0%)
(RDMA_READ_CONSUME_CHECK_CONSUMER) timestamp=3853 ms, used_size=15153152 bytes (37.0%)
(RDMA_READ_CONSUME_CHECK_CONSUMER) timestamp=3853 ms, used_size=15151104 bytes (37.0%)
(RDMA_READ_CONSUME_CHECK_CONSUMER) timestamp=3853 ms, used_size=15149056 bytes (37.0%)
(RDMA_READ_CONSUME_CHECK_CONSUMER) timestamp=3853 ms, used_size=15147008 bytes (37.0%)
(RDMA_READ_CONSUME_CHECK_CONSUMER) timestamp=3853 ms, used_size=15144960 bytes (37.0%)
(RDMA_READ_CONSUME_CHECK_CONSUMER) timestamp=3853 ms, used_size=15142912 bytes (37.0%)
(RDMA_READ_CONSUME_CHECK_CONSUMER) timestamp=3853 ms, used_size=15140864 bytes (37.0%)
(RDMA_READ_CONSUME_CHECK_CONSUMER) timestamp=3853 ms, used_size=15138816 bytes (37.0%)
(RDMA_READ_CONSUME_CHECK_CONSUMER) timestamp=3853 ms, used_size=15136768 bytes (37.0%)
(RDMA_READ_CONSUME_CHECK_CONSUMER) timestamp=3853 ms, used_size=15134720 bytes (37.0%)
(RDMA_READ_CONSUME_CHECK_CONSUMER) timestamp=3853 ms, used_size=15132672 bytes (36.9%)
(RDMA_READ_CONSUME_CHECK_CONSUMER) timestamp=3853 ms, used_size=15130624 bytes (36.9%)
(RDMA_READ_CONSUME_CHECK_CONSUMER) timestamp=3853 ms, used_size=15128576 bytes (36.9%)
(RDMA_READ_CONSUME_CHECK_CONSUMER) timestamp=3853 ms, used_size=15126528 bytes (36.9%)
(RDMA_READ_CONSUME_CHECK_CONSUMER) timestamp=3853 ms, used_size=15124480 bytes (36.9%)
(RDMA_READ_CONSUME_CHECK_CONSUMER) timestamp=3853 ms, used_size=15122432 bytes (36.9%)
(RDMA_READ_CONSUME_CHECK_CONSUMER) timestamp=3853 ms, used_size=15120384 bytes (36.9%)
(RDMA_READ_CONSUME_CHECK_CONSUMER) timestamp=3853 ms, used_size=15118336 bytes (36.9%)
(RDMA_READ_CONSUME_CHECK_CONSUMER) timestamp=3853 ms, used_size=15116288 bytes (36.9%)
(RDMA_READ_CONSUME_CHECK_CONSUMER) timestamp=3853 ms, used_size=15114240 bytes (36.9%)
(RDMA_READ_CONSUME_CHECK_CONSUMER) timestamp=3853 ms, used_size=15112192 bytes (36.9%)
(RDMA_READ_CONSUME_CHECK_CONSUMER) timestamp=3853 ms, used_size=15110144 bytes (36.9%)
(RDMA_READ_CONSUME_CHECK_CONSUMER) timestamp=3853 ms, used_size=15108096 bytes (36.9%)
(RDMA_READ_CONSUME_CHECK_CONSUMER) timestamp=3853 ms, used_size=15106048 bytes (36.9%)
(RDMA_READ_CONSUME_CHECK_CONSUMER) timestamp=3853 ms, used_size=15104000 bytes (36.9%)
(RDMA_READ_CONSUME_CHECK_CONSUMER) timestamp=3853 ms, used_size=15101952 bytes (36.9%)
(RDMA_READ_CONSUME_CHECK_CONSUMER) timestamp=3853 ms, used_size=15099904 bytes (36.9%)
(RDMA_READ_CONSUME_CHECK_CONSUMER) timestamp=3853 ms, used_size=15097856 bytes (36.9%)
(RDMA_READ_CONSUME_CHECK_CONSUMER) timestamp=3853 ms, used_size=15095808 bytes (36.9%)
(RDMA_READ_CONSUME_CHECK_CONSUMER) timestamp=3853 ms, used_size=15093760 bytes (36.9%)
(RDMA_READ_CONSUME_CHECK_CONSUMER) timestamp=3853 ms, used_size=15091712 bytes (36.8%)
(RDMA_READ_CONSUME_CHECK_CONSUMER) timestamp=3853 ms, used_size=15089664 bytes (36.8%)
(RDMA_READ_CONSUME_CHECK_CONSUMER) timestamp=3853 ms, used_size=15087616 bytes (36.8%)
(RDMA_READ_CONSUME_CHECK_CONSUMER) timestamp=3853 ms, used_size=15085568 bytes (36.8%)
(RDMA_READ_CONSUME_CHECK_CONSUMER) timestamp=3853 ms, used_size=15083520 bytes (36.8%)
(RDMA_READ_CONSUME_CHECK_CONSUMER) timestamp=3853 ms, used_size=15081472 bytes (36.8%)
(RDMA_READ_CONSUME_CHECK_CONSUMER) timestamp=3853 ms, used_size=15079424 bytes (36.8%)
(RDMA_READ_CONSUME_CHECK_CONSUMER) timestamp=3853 ms, used_size=15077376 bytes (36.8%)
(RDMA_READ_CONSUME_CHECK_CONSUMER) timestamp=3853 ms, used_size=15075328 bytes (36.8%)
(RDMA_READ_CONSUME_CHECK_CONSUMER) timestamp=3853 ms, used_size=15073280 bytes (36.8%)
(RDMA_READ_CONSUME_CHECK_CONSUMER) timestamp=3853 ms, used_size=15071232 bytes (36.8%)
(RDMA_READ_CONSUME_CHECK_CONSUMER) timestamp=3853 ms, used_size=15069184 bytes (36.8%)
(RDMA_READ_CONSUME_CHECK_CONSUMER) timestamp=3853 ms, used_size=15067136 bytes (36.8%)
(RDMA_READ_CONSUME_CHECK_CONSUMER) timestamp=3853 ms, used_size=15065088 bytes (36.8%)
(RDMA_READ_CONSUME_CHECK_CONSUMER) timestamp=3853 ms, used_size=15063040 bytes (36.8%)
(RDMA_READ_CONSUME_CHECK_CONSUMER) timestamp=3853 ms, used_size=15060992 bytes (36.8%)
(RDMA_READ_CONSUME_CHECK_CONSUMER) timestamp=3853 ms, used_size=15058944 bytes (36.8%)
(RDMA_READ_CONSUME_CHECK_CONSUMER) timestamp=3853 ms, used_size=15056896 bytes (36.8%)
(RDMA_READ_CONSUME_CHECK_CONSUMER) timestamp=3853 ms, used_size=15054848 bytes (36.8%)
(RDMA_READ_CONSUME_CHECK_CONSUMER) timestamp=3853 ms, used_size=15052800 bytes (36.8%)
(RDMA_READ_CONSUME_CHECK_CONSUMER) timestamp=3854 ms, used_size=15050752 bytes (36.7%)
(RDMA_READ_CONSUME_CHECK_CONSUMER) timestamp=3854 ms, used_size=15048704 bytes (36.7%)
(RDMA_READ_CONSUME_CHECK_CONSUMER) timestamp=3854 ms, used_size=15046656 bytes (36.7%)
(RDMA_READ_CONSUME_CHECK_CONSUMER) timestamp=3854 ms, used_size=15044608 bytes (36.7%)
(RDMA_READ_CONSUME_CHECK_CONSUMER) timestamp=3854 ms, used_size=15042560 bytes (36.7%)
(RDMA_READ_CONSUME_CHECK_CONSUMER) timestamp=3854 ms, used_size=15040512 bytes (36.7%)
(RDMA_READ_CONSUME_CHECK_CONSUMER) timestamp=3854 ms, used_size=15038464 bytes (36.7%)
(RDMA_READ_CONSUME_CHECK_CONSUMER) timestamp=3854 ms, used_size=15036416 bytes (36.7%)
(RDMA_READ_CONSUME_CHECK_CONSUMER) timestamp=3854 ms, used_size=15034368 bytes (36.7%)
(RDMA_READ_CONSUME_CHECK_CONSUMER) timestamp=3854 ms, used_size=15032320 bytes (36.7%)
(RDMA_READ_CONSUME_CHECK_CONSUMER) timestamp=3854 ms, used_size=15030272 bytes (36.7%)
(RDMA_READ_CONSUME_CHECK_CONSUMER) timestamp=3854 ms, used_size=15028224 bytes (36.7%)
(RDMA_READ_CONSUME_CHECK_CONSUMER) timestamp=3854 ms, used_size=15026176 bytes (36.7%)
(RDMA_READ_CONSUME_CHECK_CONSUMER) timestamp=3854 ms, used_size=15024128 bytes (36.7%)
(RDMA_READ_CONSUME_CHECK_CONSUMER) timestamp=3854 ms, used_size=15022080 bytes (36.7%)
(RDMA_READ_CONSUME_CHECK_CONSUMER) timestamp=3854 ms, used_size=15020032 bytes (36.7%)
(RDMA_READ_CONSUME_CHECK_CONSUMER) timestamp=3854 ms, used_size=15017984 bytes (36.7%)
(RDMA_READ_CONSUME_CHECK_CONSUMER) timestamp=3854 ms, used_size=15015936 bytes (36.7%)
(RDMA_READ_CONSUME_CHECK_CONSUMER) timestamp=3854 ms, used_size=15013888 bytes (36.7%)
(RDMA_READ_CONSUME_CHECK_CONSUMER) timestamp=3854 ms, used_size=15011840 bytes (36.6%)
(RDMA_READ_CONSUME_CHECK_CONSUMER) timestamp=3854 ms, used_size=15009792 bytes (36.6%)
(RDMA_READ_CONSUME_CHECK_CONSUMER) timestamp=3854 ms, used_size=15007744 bytes (36.6%)
(RDMA_READ_CONSUME_CHECK_CONSUMER) timestamp=3854 ms, used_size=15005696 bytes (36.6%)
(RDMA_READ_CONSUME_CHECK_CONSUMER) timestamp=3854 ms, used_size=15003648 bytes (36.6%)
(RDMA_READ_CONSUME_CHECK_CONSUMER) timestamp=3854 ms, used_size=15001600 bytes (36.6%)
(RDMA_READ_CONSUME_CHECK_CONSUMER) timestamp=3854 ms, used_size=14999552 bytes (36.6%)
(RDMA_READ_CONSUME_CHECK_CONSUMER) timestamp=3854 ms, used_size=14997504 bytes (36.6%)
(RDMA_READ_CONSUME_CHECK_CONSUMER) timestamp=3854 ms, used_size=14995456 bytes (36.6%)
(RDMA_READ_CONSUME_CHECK_CONSUMER) timestamp=3854 ms, used_size=14993408 bytes (36.6%)
(RDMA_READ_CONSUME_CHECK_CONSUMER) timestamp=3854 ms, used_size=14991360 bytes (36.6%)
(RDMA_READ_CONSUME_CHECK_CONSUMER) timestamp=3854 ms, used_size=14989312 bytes (36.6%)
(RDMA_READ_CONSUME_CHECK_CONSUMER) timestamp=3854 ms, used_size=14987264 bytes (36.6%)
(RDMA_READ_CONSUME_CHECK_CONSUMER) timestamp=3854 ms, used_size=14985216 bytes (36.6%)
(RDMA_READ_CONSUME_CHECK_CONSUMER) timestamp=3854 ms, used_size=14983168 bytes (36.6%)
(RDMA_READ_CONSUME_CHECK_CONSUMER) timestamp=3854 ms, used_size=14981120 bytes (36.6%)
(RDMA_READ_CONSUME_CHECK_CONSUMER) timestamp=3854 ms, used_size=14979072 bytes (36.6%)
(RDMA_READ_CONSUME_CHECK_CONSUMER) timestamp=3854 ms, used_size=14977024 bytes (36.6%)
(RDMA_READ_CONSUME_CHECK_CONSUMER) timestamp=3854 ms, used_size=14974976 bytes (36.6%)
(RDMA_READ_CONSUME_CHECK_CONSUMER) timestamp=3854 ms, used_size=14972928 bytes (36.6%)
(RDMA_READ_CONSUME_CHECK_CONSUMER) timestamp=3854 ms, used_size=14970880 bytes (36.5%)
(RDMA_READ_CONSUME_CHECK_CONSUMER) timestamp=3854 ms, used_size=14968832 bytes (36.5%)
(RDMA_READ_CONSUME_CHECK_CONSUMER) timestamp=3854 ms, used_size=14966784 bytes (36.5%)
(RDMA_READ_CONSUME_CHECK_CONSUMER) timestamp=3854 ms, used_size=14964736 bytes (36.5%)
(RDMA_READ_CONSUME_CHECK_CONSUMER) timestamp=3854 ms, used_size=14962688 bytes (36.5%)
(RDMA_READ_CONSUME_CHECK_CONSUMER) timestamp=3854 ms, used_size=14960640 bytes (36.5%)
(RDMA_READ_CONSUME_CHECK_CONSUMER) timestamp=3854 ms, used_size=14958592 bytes (36.5%)
(RDMA_READ_CONSUME_CHECK_CONSUMER) timestamp=3854 ms, used_size=14956544 bytes (36.5%)
(RDMA_READ_CONSUME_CHECK_CONSUMER) timestamp=3854 ms, used_size=14954496 bytes (36.5%)
(RDMA_READ_CONSUME_CHECK_CONSUMER) timestamp=3854 ms, used_size=14952448 bytes (36.5%)
(RDMA_READ_CONSUME_CHECK_CONSUMER) timestamp=3854 ms, used_size=14950400 bytes (36.5%)
(RDMA_READ_CONSUME_CHECK_CONSUMER) timestamp=3854 ms, used_size=14948352 bytes (36.5%)
(RDMA_READ_CONSUME_CHECK_CONSUMER) timestamp=3854 ms, used_size=14946304 bytes (36.5%)
(RDMA_READ_CONSUME_CHECK_CONSUMER) timestamp=3854 ms, used_size=14944256 bytes (36.5%)
(RDMA_READ_CONSUME_CHECK_CONSUMER) timestamp=3854 ms, used_size=14942208 bytes (36.5%)
(RDMA_READ_CONSUME_CHECK_CONSUMER) timestamp=3854 ms, used_size=14940160 bytes (36.5%)
(RDMA_READ_CONSUME_CHECK_CONSUMER) timestamp=3854 ms, used_size=14938112 bytes (36.5%)
(RDMA_READ_CONSUME_CHECK_CONSUMER) timestamp=3854 ms, used_size=14936064 bytes (36.5%)
(RDMA_READ_CONSUME_CHECK_CONSUMER) timestamp=3854 ms, used_size=14934016 bytes (36.5%)
(RDMA_READ_CONSUME_CHECK_CONSUMER) timestamp=3854 ms, used_size=14931968 bytes (36.5%)
(RDMA_READ_CONSUME_CHECK_CONSUMER) timestamp=3854 ms, used_size=14929920 bytes (36.5%)
(RDMA_READ_CONSUME_CHECK_CONSUMER) timestamp=3854 ms, used_size=14927872 bytes (36.4%)
(RDMA_READ_CONSUME_CHECK_CONSUMER) timestamp=3854 ms, used_size=14925824 bytes (36.4%)
(RDMA_READ_CONSUME_CHECK_CONSUMER) timestamp=3854 ms, used_size=14923776 bytes (36.4%)
(RDMA_READ_CONSUME_CHECK_CONSUMER) timestamp=3854 ms, used_size=14921728 bytes (36.4%)
(RDMA_READ_CONSUME_CHECK_CONSUMER) timestamp=3854 ms, used_size=14919680 bytes (36.4%)
(RDMA_READ_CONSUME_CHECK_CONSUMER) timestamp=3854 ms, used_size=14917632 bytes (36.4%)
(RDMA_READ_CONSUME_CHECK_CONSUMER) timestamp=3854 ms, used_size=14915584 bytes (36.4%)
(RDMA_READ_CONSUME_CHECK_CONSUMER) timestamp=3854 ms, used_size=14913536 bytes (36.4%)
(RDMA_READ_CONSUME_CHECK_CONSUMER) timestamp=3854 ms, used_size=14911488 bytes (36.4%)
(RDMA_READ_CONSUME_CHECK_CONSUMER) timestamp=3854 ms, used_size=14909440 bytes (36.4%)
(RDMA_READ_CONSUME_CHECK_CONSUMER) timestamp=3854 ms, used_size=14907392 bytes (36.4%)
(RDMA_READ_CONSUME_CHECK_CONSUMER) timestamp=3854 ms, used_size=14905344 bytes (36.4%)
(RDMA_READ_CONSUME_CHECK_CONSUMER) timestamp=3854 ms, used_size=14903296 bytes (36.4%)
(RDMA_READ_CONSUME_CHECK_CONSUMER) timestamp=3854 ms, used_size=14901248 bytes (36.4%)
(RDMA_READ_CONSUME_CHECK_CONSUMER) timestamp=3854 ms, used_size=14899200 bytes (36.4%)
(RDMA_READ_CONSUME_CHECK_CONSUMER) timestamp=3854 ms, used_size=14897152 bytes (36.4%)
(RDMA_READ_CONSUME_CHECK_CONSUMER) timestamp=3854 ms, used_size=14895104 bytes (36.4%)
(RDMA_READ_CONSUME_CHECK_CONSUMER) timestamp=3854 ms, used_size=14893056 bytes (36.4%)
(RDMA_READ_CONSUME_CHECK_CONSUMER) timestamp=3854 ms, used_size=14891008 bytes (36.4%)
(RDMA_READ_CONSUME_CHECK_CONSUMER) timestamp=3854 ms, used_size=14888960 bytes (36.4%)
(RDMA_READ_CONSUME_CHECK_CONSUMER) timestamp=3854 ms, used_size=14886912 bytes (36.3%)
(RDMA_READ_CONSUME_CHECK_CONSUMER) timestamp=3854 ms, used_size=14884864 bytes (36.3%)
(RDMA_READ_CONSUME_CHECK_CONSUMER) timestamp=3854 ms, used_size=14882816 bytes (36.3%)
(RDMA_READ_CONSUME_CHECK_CONSUMER) timestamp=3854 ms, used_size=14880768 bytes (36.3%)
(RDMA_READ_CONSUME_CHECK_CONSUMER) timestamp=3854 ms, used_size=14878720 bytes (36.3%)
(RDMA_READ_CONSUME_CHECK_CONSUMER) timestamp=3854 ms, used_size=14876672 bytes (36.3%)
(RDMA_READ_CONSUME_CHECK_CONSUMER) timestamp=3854 ms, used_size=14874624 bytes (36.3%)
(RDMA_READ_CONSUME_CHECK_CONSUMER) timestamp=3854 ms, used_size=14872576 bytes (36.3%)
(RDMA_READ_CONSUME_CHECK_CONSUMER) timestamp=3854 ms, used_size=14870528 bytes (36.3%)
(RDMA_READ_CONSUME_CHECK_CONSUMER) timestamp=3854 ms, used_size=14868480 bytes (36.3%)
(RDMA_READ_CONSUME_CHECK_CONSUMER) timestamp=3854 ms, used_size=14866432 bytes (36.3%)
(RDMA_READ_CONSUME_CHECK_CONSUMER) timestamp=3854 ms, used_size=14864384 bytes (36.3%)
(RDMA_READ_CONSUME_CHECK_CONSUMER) timestamp=3854 ms, used_size=14862336 bytes (36.3%)
(RDMA_READ_CONSUME_CHECK_CONSUMER) timestamp=3854 ms, used_size=14860288 bytes (36.3%)
(RDMA_READ_CONSUME_CHECK_CONSUMER) timestamp=3854 ms, used_size=14858240 bytes (36.3%)
(RDMA_READ_CONSUME_CHECK_CONSUMER) timestamp=3854 ms, used_size=14856192 bytes (36.3%)
(RDMA_READ_CONSUME_CHECK_CONSUMER) timestamp=3854 ms, used_size=14854144 bytes (36.3%)
(RDMA_READ_CONSUME_CHECK_CONSUMER) timestamp=3854 ms, used_size=14852096 bytes (36.3%)
(RDMA_READ_CONSUME_CHECK_CONSUMER) timestamp=3854 ms, used_size=14850048 bytes (36.3%)
(RDMA_READ_CONSUME_CHECK_CONSUMER) timestamp=3854 ms, used_size=14848000 bytes (36.2%)
(RDMA_READ_CONSUME_CHECK_CONSUMER) timestamp=3854 ms, used_size=14845952 bytes (36.2%)
(RDMA_READ_CONSUME_CHECK_CONSUMER) timestamp=3854 ms, used_size=14843904 bytes (36.2%)
(RDMA_READ_CONSUME_CHECK_CONSUMER) timestamp=3854 ms, used_size=14841856 bytes (36.2%)
(RDMA_READ_CONSUME_CHECK_CONSUMER) timestamp=3854 ms, used_size=14839808 bytes (36.2%)
(RDMA_READ_CONSUME_CHECK_CONSUMER) timestamp=3854 ms, used_size=14837760 bytes (36.2%)
(RDMA_READ_CONSUME_CHECK_CONSUMER) timestamp=3854 ms, used_size=14835712 bytes (36.2%)
(RDMA_READ_CONSUME_CHECK_CONSUMER) timestamp=3854 ms, used_size=14833664 bytes (36.2%)
(RDMA_READ_CONSUME_CHECK_CONSUMER) timestamp=3854 ms, used_size=14831616 bytes (36.2%)
(RDMA_READ_CONSUME_CHECK_CONSUMER) timestamp=3854 ms, used_size=14829568 bytes (36.2%)
(RDMA_READ_CONSUME_CHECK_CONSUMER) timestamp=3854 ms, used_size=14827520 bytes (36.2%)
(RDMA_READ_CONSUME_CHECK_CONSUMER) timestamp=3854 ms, used_size=14825472 bytes (36.2%)
(RDMA_READ_CONSUME_CHECK_CONSUMER) timestamp=3854 ms, used_size=14823424 bytes (36.2%)
(RDMA_READ_CONSUME_CHECK_CONSUMER) timestamp=3854 ms, used_size=14821376 bytes (36.2%)
(RDMA_READ_CONSUME_CHECK_CONSUMER) timestamp=3854 ms, used_size=14819328 bytes (36.2%)
(RDMA_READ_CONSUME_CHECK_CONSUMER) timestamp=3854 ms, used_size=14817280 bytes (36.2%)
(RDMA_READ_CONSUME_CHECK_CONSUMER) timestamp=3854 ms, used_size=14815232 bytes (36.2%)
(RDMA_READ_CONSUME_CHECK_CONSUMER) timestamp=3854 ms, used_size=14813184 bytes (36.2%)
(RDMA_READ_CONSUME_CHECK_CONSUMER) timestamp=3854 ms, used_size=14811136 bytes (36.2%)
(RDMA_READ_CONSUME_CHECK_CONSUMER) timestamp=3854 ms, used_size=14809088 bytes (36.2%)
(RDMA_READ_CONSUME_CHECK_CONSUMER) timestamp=3854 ms, used_size=14807040 bytes (36.1%)
(RDMA_READ_CONSUME_CHECK_CONSUMER) timestamp=3854 ms, used_size=14804992 bytes (36.1%)
(RDMA_READ_CONSUME_CHECK_CONSUMER) timestamp=3854 ms, used_size=14802944 bytes (36.1%)
(RDMA_READ_CONSUME_CHECK_CONSUMER) timestamp=3854 ms, used_size=14800896 bytes (36.1%)
(RDMA_READ_CONSUME_CHECK_CONSUMER) timestamp=3854 ms, used_size=14798848 bytes (36.1%)
(RDMA_READ_CONSUME_CHECK_CONSUMER) timestamp=3854 ms, used_size=14796800 bytes (36.1%)
(RDMA_READ_CONSUME_CHECK_CONSUMER) timestamp=3854 ms, used_size=14794752 bytes (36.1%)
(RDMA_READ_CONSUME_CHECK_CONSUMER) timestamp=3854 ms, used_size=14792704 bytes (36.1%)
(RDMA_READ_CONSUME_CHECK_CONSUMER) timestamp=3854 ms, used_size=14790656 bytes (36.1%)
(RDMA_READ_CONSUME_CHECK_CONSUMER) timestamp=3854 ms, used_size=14788608 bytes (36.1%)
(RDMA_READ_CONSUME_CHECK_CONSUMER) timestamp=3854 ms, used_size=14786560 bytes (36.1%)
(RDMA_READ_CONSUME_CHECK_CONSUMER) timestamp=3854 ms, used_size=14784512 bytes (36.1%)
(RDMA_READ_CONSUME_CHECK_CONSUMER) timestamp=3854 ms, used_size=14782464 bytes (36.1%)
(RDMA_READ_CONSUME_CHECK_CONSUMER) timestamp=3854 ms, used_size=14780416 bytes (36.1%)
(RDMA_READ_CONSUME_CHECK_CONSUMER) timestamp=3854 ms, used_size=14778368 bytes (36.1%)
(RDMA_READ_CONSUME_CHECK_CONSUMER) timestamp=3854 ms, used_size=14776320 bytes (36.1%)
(RDMA_READ_CONSUME_CHECK_CONSUMER) timestamp=3854 ms, used_size=14774272 bytes (36.1%)
(RDMA_READ_CONSUME_CHECK_CONSUMER) timestamp=3854 ms, used_size=14772224 bytes (36.1%)
(RDMA_READ_CONSUME_CHECK_CONSUMER) timestamp=3854 ms, used_size=14770176 bytes (36.1%)
(RDMA_READ_CONSUME_CHECK_CONSUMER) timestamp=3854 ms, used_size=14768128 bytes (36.1%)
(RDMA_READ_CONSUME_CHECK_CONSUMER) timestamp=3854 ms, used_size=14766080 bytes (36.0%)
(RDMA_READ_CONSUME_CHECK_CONSUMER) timestamp=3854 ms, used_size=14764032 bytes (36.0%)
(RDMA_READ_CONSUME_CHECK_CONSUMER) timestamp=3854 ms, used_size=14761984 bytes (36.0%)
(RDMA_READ_CONSUME_CHECK_CONSUMER) timestamp=3854 ms, used_size=14759936 bytes (36.0%)
(RDMA_READ_CONSUME_CHECK_CONSUMER) timestamp=3854 ms, used_size=14757888 bytes (36.0%)
(RDMA_READ_CONSUME_CHECK_CONSUMER) timestamp=3854 ms, used_size=14755840 bytes (36.0%)
(RDMA_READ_CONSUME_CHECK_CONSUMER) timestamp=3854 ms, used_size=14753792 bytes (36.0%)
(RDMA_READ_CONSUME_CHECK_CONSUMER) timestamp=3854 ms, used_size=14751744 bytes (36.0%)
(RDMA_READ_CONSUME_CHECK_CONSUMER) timestamp=3854 ms, used_size=14749696 bytes (36.0%)
(RDMA_READ_CONSUME_CHECK_CONSUMER) timestamp=3854 ms, used_size=14747648 bytes (36.0%)
(RDMA_READ_CONSUME_CHECK_CONSUMER) timestamp=3854 ms, used_size=14745600 bytes (36.0%)
(RDMA_READ_CONSUME_CHECK_CONSUMER) timestamp=3854 ms, used_size=14743552 bytes (36.0%)
(RDMA_READ_CONSUME_CHECK_CONSUMER) timestamp=3854 ms, used_size=14741504 bytes (36.0%)
(RDMA_READ_CONSUME_CHECK_CONSUMER) timestamp=3854 ms, used_size=14739456 bytes (36.0%)
(RDMA_READ_CONSUME_CHECK_CONSUMER) timestamp=3854 ms, used_size=14737408 bytes (36.0%)
(RDMA_READ_CONSUME_CHECK_CONSUMER) timestamp=3854 ms, used_size=14735360 bytes (36.0%)
(RDMA_READ_CONSUME_CHECK_CONSUMER) timestamp=3854 ms, used_size=14733312 bytes (36.0%)
(RDMA_READ_CONSUME_CHECK_CONSUMER) timestamp=3854 ms, used_size=14731264 bytes (36.0%)
(RDMA_READ_CONSUME_CHECK_CONSUMER) timestamp=3854 ms, used_size=14729216 bytes (36.0%)
(RDMA_READ_CONSUME_CHECK_CONSUMER) timestamp=3854 ms, used_size=14727168 bytes (36.0%)
(RDMA_READ_CONSUME_CHECK_CONSUMER) timestamp=3854 ms, used_size=14725120 bytes (36.0%)
(RDMA_READ_CONSUME_CHECK_CONSUMER) timestamp=3854 ms, used_size=14723072 bytes (35.9%)
(RDMA_READ_CONSUME_CHECK_CONSUMER) timestamp=3854 ms, used_size=14721024 bytes (35.9%)
(RDMA_READ_CONSUME_CHECK_CONSUMER) timestamp=3854 ms, used_size=14718976 bytes (35.9%)
(RDMA_READ_CONSUME_CHECK_CONSUMER) timestamp=3854 ms, used_size=14716928 bytes (35.9%)
(RDMA_READ_CONSUME_CHECK_CONSUMER) timestamp=3854 ms, used_size=14714880 bytes (35.9%)
(RDMA_READ_CONSUME_CHECK_CONSUMER) timestamp=3854 ms, used_size=14712832 bytes (35.9%)
(RDMA_READ_CONSUME_CHECK_CONSUMER) timestamp=3854 ms, used_size=14710784 bytes (35.9%)
(RDMA_READ_CONSUME_CHECK_CONSUMER) timestamp=3854 ms, used_size=14708736 bytes (35.9%)
(RDMA_READ_CONSUME_CHECK_CONSUMER) timestamp=3854 ms, used_size=14706688 bytes (35.9%)
(RDMA_READ_CONSUME_CHECK_CONSUMER) timestamp=3854 ms, used_size=14704640 bytes (35.9%)
(RDMA_READ_CONSUME_CHECK_CONSUMER) timestamp=3854 ms, used_size=14702592 bytes (35.9%)
(RDMA_READ_CONSUME_CHECK_CONSUMER) timestamp=3854 ms, used_size=14700544 bytes (35.9%)
(RDMA_READ_CONSUME_CHECK_CONSUMER) timestamp=3854 ms, used_size=14698496 bytes (35.9%)
(RDMA_READ_CONSUME_CHECK_CONSUMER) timestamp=3854 ms, used_size=14696448 bytes (35.9%)
(RDMA_READ_CONSUME_CHECK_CONSUMER) timestamp=3854 ms, used_size=14694400 bytes (35.9%)
(RDMA_READ_CONSUME_CHECK_CONSUMER) timestamp=3854 ms, used_size=14692352 bytes (35.9%)
(RDMA_READ_CONSUME_CHECK_CONSUMER) timestamp=3854 ms, used_size=14690304 bytes (35.9%)
(RDMA_READ_CONSUME_CHECK_CONSUMER) timestamp=3854 ms, used_size=14688256 bytes (35.9%)
(RDMA_READ_CONSUME_CHECK_CONSUMER) timestamp=3854 ms, used_size=14686208 bytes (35.9%)
(RDMA_READ_CONSUME_CHECK_CONSUMER) timestamp=3855 ms, used_size=14684160 bytes (35.9%)
(RDMA_READ_CONSUME_CHECK_CONSUMER) timestamp=3855 ms, used_size=14682112 bytes (35.8%)
(RDMA_READ_CONSUME_CHECK_CONSUMER) timestamp=3855 ms, used_size=14680064 bytes (35.8%)
(RDMA_READ_CONSUME_CHECK_CONSUMER) timestamp=3855 ms, used_size=14678016 bytes (35.8%)
(RDMA_READ_CONSUME_CHECK_CONSUMER) timestamp=3855 ms, used_size=14675968 bytes (35.8%)
(RDMA_READ_CONSUME_CHECK_CONSUMER) timestamp=3855 ms, used_size=14673920 bytes (35.8%)
(RDMA_READ_CONSUME_CHECK_CONSUMER) timestamp=3855 ms, used_size=14671872 bytes (35.8%)
(RDMA_READ_CONSUME_CHECK_CONSUMER) timestamp=3855 ms, used_size=14669824 bytes (35.8%)
(RDMA_READ_CONSUME_CHECK_CONSUMER) timestamp=3855 ms, used_size=14667776 bytes (35.8%)
(RDMA_READ_CONSUME_CHECK_CONSUMER) timestamp=3855 ms, used_size=14665728 bytes (35.8%)
(RDMA_READ_CONSUME_CHECK_CONSUMER) timestamp=3855 ms, used_size=14663680 bytes (35.8%)
(RDMA_READ_CONSUME_CHECK_CONSUMER) timestamp=3855 ms, used_size=14661632 bytes (35.8%)
(RDMA_READ_CONSUME_CHECK_CONSUMER) timestamp=3855 ms, used_size=14659584 bytes (35.8%)
(RDMA_READ_CONSUME_CHECK_CONSUMER) timestamp=3855 ms, used_size=14657536 bytes (35.8%)
(RDMA_READ_CONSUME_CHECK_CONSUMER) timestamp=3855 ms, used_size=14655488 bytes (35.8%)
(RDMA_READ_CONSUME_CHECK_CONSUMER) timestamp=3855 ms, used_size=14653440 bytes (35.8%)
(RDMA_READ_CONSUME_CHECK_CONSUMER) timestamp=3855 ms, used_size=14651392 bytes (35.8%)
(RDMA_READ_CONSUME_CHECK_CONSUMER) timestamp=3855 ms, used_size=14649344 bytes (35.8%)
(RDMA_READ_CONSUME_CHECK_CONSUMER) timestamp=3855 ms, used_size=14647296 bytes (35.8%)
(RDMA_READ_CONSUME_CHECK_CONSUMER) timestamp=3855 ms, used_size=14645248 bytes (35.8%)
(RDMA_READ_CONSUME_CHECK_CONSUMER) timestamp=3855 ms, used_size=14643200 bytes (35.8%)
(RDMA_READ_CONSUME_CHECK_CONSUMER) timestamp=3855 ms, used_size=14641152 bytes (35.7%)
(RDMA_READ_CONSUME_CHECK_CONSUMER) timestamp=3855 ms, used_size=14639104 bytes (35.7%)
(RDMA_READ_CONSUME_CHECK_CONSUMER) timestamp=3855 ms, used_size=14637056 bytes (35.7%)
(RDMA_READ_CONSUME_CHECK_CONSUMER) timestamp=3855 ms, used_size=14635008 bytes (35.7%)
(RDMA_READ_CONSUME_CHECK_CONSUMER) timestamp=3855 ms, used_size=14632960 bytes (35.7%)
(RDMA_READ_CONSUME_CHECK_CONSUMER) timestamp=3855 ms, used_size=14630912 bytes (35.7%)
(RDMA_READ_CONSUME_CHECK_CONSUMER) timestamp=3855 ms, used_size=14628864 bytes (35.7%)
(RDMA_READ_CONSUME_CHECK_CONSUMER) timestamp=3855 ms, used_size=14626816 bytes (35.7%)
(RDMA_READ_CONSUME_CHECK_CONSUMER) timestamp=3855 ms, used_size=14624768 bytes (35.7%)
(RDMA_READ_CONSUME_CHECK_CONSUMER) timestamp=3855 ms, used_size=14622720 bytes (35.7%)
(RDMA_READ_CONSUME_CHECK_CONSUMER) timestamp=3855 ms, used_size=14620672 bytes (35.7%)
(RDMA_READ_CONSUME_CHECK_CONSUMER) timestamp=3855 ms, used_size=14618624 bytes (35.7%)
(RDMA_READ_CONSUME_CHECK_CONSUMER) timestamp=3855 ms, used_size=14616576 bytes (35.7%)
(RDMA_READ_CONSUME_CHECK_CONSUMER) timestamp=3855 ms, used_size=14614528 bytes (35.7%)
(RDMA_READ_CONSUME_CHECK_CONSUMER) timestamp=3855 ms, used_size=14612480 bytes (35.7%)
(RDMA_READ_CONSUME_CHECK_CONSUMER) timestamp=3855 ms, used_size=14610432 bytes (35.7%)
(RDMA_READ_CONSUME_CHECK_CONSUMER) timestamp=3855 ms, used_size=14608384 bytes (35.7%)
(RDMA_READ_CONSUME_CHECK_CONSUMER) timestamp=3855 ms, used_size=14606336 bytes (35.7%)
(RDMA_READ_CONSUME_CHECK_CONSUMER) timestamp=3855 ms, used_size=14604288 bytes (35.7%)
(RDMA_READ_CONSUME_CHECK_CONSUMER) timestamp=3855 ms, used_size=14602240 bytes (35.6%)
(RDMA_READ_CONSUME_CHECK_CONSUMER) timestamp=3855 ms, used_size=14600192 bytes (35.6%)
(RDMA_READ_CONSUME_CHECK_CONSUMER) timestamp=3855 ms, used_size=14598144 bytes (35.6%)
(RDMA_READ_CONSUME_CHECK_CONSUMER) timestamp=3855 ms, used_size=14596096 bytes (35.6%)
(RDMA_READ_CONSUME_CHECK_CONSUMER) timestamp=3855 ms, used_size=14594048 bytes (35.6%)
(RDMA_READ_CONSUME_CHECK_CONSUMER) timestamp=3855 ms, used_size=14592000 bytes (35.6%)
(RDMA_READ_CONSUME_CHECK_CONSUMER) timestamp=3855 ms, used_size=14589952 bytes (35.6%)
(RDMA_READ_CONSUME_CHECK_CONSUMER) timestamp=3855 ms, used_size=14587904 bytes (35.6%)
(RDMA_READ_CONSUME_CHECK_CONSUMER) timestamp=3855 ms, used_size=14585856 bytes (35.6%)
(RDMA_READ_CONSUME_CHECK_CONSUMER) timestamp=3855 ms, used_size=14583808 bytes (35.6%)
(RDMA_READ_CONSUME_CHECK_CONSUMER) timestamp=3855 ms, used_size=14581760 bytes (35.6%)
(RDMA_READ_CONSUME_CHECK_CONSUMER) timestamp=3855 ms, used_size=14579712 bytes (35.6%)
(RDMA_READ_CONSUME_CHECK_CONSUMER) timestamp=3855 ms, used_size=14577664 bytes (35.6%)
(RDMA_READ_CONSUME_CHECK_CONSUMER) timestamp=3855 ms, used_size=14575616 bytes (35.6%)
(RDMA_READ_CONSUME_CHECK_CONSUMER) timestamp=3855 ms, used_size=14573568 bytes (35.6%)
(RDMA_READ_CONSUME_CHECK_CONSUMER) timestamp=3855 ms, used_size=14571520 bytes (35.6%)
(RDMA_READ_CONSUME_CHECK_CONSUMER) timestamp=3855 ms, used_size=14569472 bytes (35.6%)
(RDMA_READ_CONSUME_CHECK_CONSUMER) timestamp=3855 ms, used_size=14567424 bytes (35.6%)
(RDMA_READ_CONSUME_CHECK_CONSUMER) timestamp=3855 ms, used_size=14565376 bytes (35.6%)
(RDMA_READ_CONSUME_CHECK_CONSUMER) timestamp=3855 ms, used_size=14563328 bytes (35.6%)
(RDMA_READ_CONSUME_CHECK_CONSUMER) timestamp=3855 ms, used_size=14561280 bytes (35.5%)
(RDMA_READ_CONSUME_CHECK_CONSUMER) timestamp=3855 ms, used_size=14559232 bytes (35.5%)
(RDMA_READ_CONSUME_CHECK_CONSUMER) timestamp=3855 ms, used_size=14557184 bytes (35.5%)
(RDMA_READ_CONSUME_CHECK_CONSUMER) timestamp=3855 ms, used_size=14555136 bytes (35.5%)
(RDMA_READ_CONSUME_CHECK_CONSUMER) timestamp=3855 ms, used_size=14553088 bytes (35.5%)
(RDMA_READ_CONSUME_CHECK_CONSUMER) timestamp=3855 ms, used_size=14551040 bytes (35.5%)
(RDMA_READ_CONSUME_CHECK_CONSUMER) timestamp=3855 ms, used_size=14548992 bytes (35.5%)
(RDMA_READ_CONSUME_CHECK_CONSUMER) timestamp=3855 ms, used_size=14546944 bytes (35.5%)
(RDMA_READ_CONSUME_CHECK_CONSUMER) timestamp=3855 ms, used_size=14544896 bytes (35.5%)
(RDMA_READ_CONSUME_CHECK_CONSUMER) timestamp=3855 ms, used_size=14542848 bytes (35.5%)
(RDMA_READ_CONSUME_CHECK_CONSUMER) timestamp=3855 ms, used_size=14540800 bytes (35.5%)
(RDMA_READ_CONSUME_CHECK_CONSUMER) timestamp=3855 ms, used_size=14538752 bytes (35.5%)
(RDMA_READ_CONSUME_CHECK_CONSUMER) timestamp=3855 ms, used_size=14536704 bytes (35.5%)
(RDMA_READ_CONSUME_CHECK_CONSUMER) timestamp=3855 ms, used_size=14534656 bytes (35.5%)
(RDMA_READ_CONSUME_CHECK_CONSUMER) timestamp=3855 ms, used_size=14532608 bytes (35.5%)
(RDMA_READ_CONSUME_CHECK_CONSUMER) timestamp=3855 ms, used_size=14530560 bytes (35.5%)
(RDMA_READ_CONSUME_CHECK_CONSUMER) timestamp=3855 ms, used_size=14528512 bytes (35.5%)
(RDMA_READ_CONSUME_CHECK_CONSUMER) timestamp=3855 ms, used_size=14526464 bytes (35.5%)
(RDMA_READ_CONSUME_CHECK_CONSUMER) timestamp=3855 ms, used_size=14524416 bytes (35.5%)
(RDMA_READ_CONSUME_CHECK_CONSUMER) timestamp=3855 ms, used_size=14522368 bytes (35.5%)
(RDMA_READ_CONSUME_CHECK_CONSUMER) timestamp=3855 ms, used_size=14520320 bytes (35.5%)
(RDMA_READ_CONSUME_CHECK_CONSUMER) timestamp=3855 ms, used_size=14518272 bytes (35.4%)
(RDMA_READ_CONSUME_CHECK_CONSUMER) timestamp=3855 ms, used_size=14516224 bytes (35.4%)
(RDMA_READ_CONSUME_CHECK_CONSUMER) timestamp=3855 ms, used_size=14514176 bytes (35.4%)
(RDMA_READ_CONSUME_CHECK_CONSUMER) timestamp=3855 ms, used_size=14512128 bytes (35.4%)
(RDMA_READ_CONSUME_CHECK_CONSUMER) timestamp=3855 ms, used_size=14510080 bytes (35.4%)
(RDMA_READ_CONSUME_CHECK_CONSUMER) timestamp=3855 ms, used_size=14508032 bytes (35.4%)
(RDMA_READ_CONSUME_CHECK_CONSUMER) timestamp=3855 ms, used_size=14505984 bytes (35.4%)
(RDMA_READ_CONSUME_CHECK_CONSUMER) timestamp=3855 ms, used_size=14503936 bytes (35.4%)
(RDMA_READ_CONSUME_CHECK_CONSUMER) timestamp=3855 ms, used_size=14501888 bytes (35.4%)
(RDMA_READ_CONSUME_CHECK_CONSUMER) timestamp=3855 ms, used_size=14499840 bytes (35.4%)
(RDMA_READ_CONSUME_CHECK_CONSUMER) timestamp=3855 ms, used_size=14497792 bytes (35.4%)
(RDMA_READ_CONSUME_CHECK_CONSUMER) timestamp=3855 ms, used_size=14495744 bytes (35.4%)
(RDMA_READ_CONSUME_CHECK_CONSUMER) timestamp=3855 ms, used_size=14493696 bytes (35.4%)
(RDMA_READ_CONSUME_CHECK_CONSUMER) timestamp=3855 ms, used_size=14491648 bytes (35.4%)
(RDMA_READ_CONSUME_CHECK_CONSUMER) timestamp=3855 ms, used_size=14489600 bytes (35.4%)
(RDMA_READ_CONSUME_CHECK_CONSUMER) timestamp=3855 ms, used_size=14487552 bytes (35.4%)
(RDMA_READ_CONSUME_CHECK_CONSUMER) timestamp=3855 ms, used_size=14485504 bytes (35.4%)
(RDMA_READ_CONSUME_CHECK_CONSUMER) timestamp=3855 ms, used_size=14483456 bytes (35.4%)
(RDMA_READ_CONSUME_CHECK_CONSUMER) timestamp=3855 ms, used_size=14481408 bytes (35.4%)
(RDMA_READ_CONSUME_CHECK_CONSUMER) timestamp=3855 ms, used_size=14479360 bytes (35.4%)
(RDMA_READ_CONSUME_CHECK_CONSUMER) timestamp=3855 ms, used_size=14477312 bytes (35.3%)
(RDMA_READ_CONSUME_CHECK_CONSUMER) timestamp=3855 ms, used_size=14475264 bytes (35.3%)
(RDMA_READ_CONSUME_CHECK_CONSUMER) timestamp=3855 ms, used_size=14473216 bytes (35.3%)
(RDMA_READ_CONSUME_CHECK_CONSUMER) timestamp=3855 ms, used_size=14471168 bytes (35.3%)
(RDMA_READ_CONSUME_CHECK_CONSUMER) timestamp=3855 ms, used_size=14469120 bytes (35.3%)
(RDMA_READ_CONSUME_CHECK_CONSUMER) timestamp=3855 ms, used_size=14467072 bytes (35.3%)
(RDMA_READ_CONSUME_CHECK_CONSUMER) timestamp=3855 ms, used_size=14465024 bytes (35.3%)
(RDMA_READ_CONSUME_CHECK_CONSUMER) timestamp=3855 ms, used_size=14462976 bytes (35.3%)
(RDMA_READ_CONSUME_CHECK_CONSUMER) timestamp=3855 ms, used_size=14460928 bytes (35.3%)
(RDMA_READ_CONSUME_CHECK_CONSUMER) timestamp=3855 ms, used_size=14458880 bytes (35.3%)
(RDMA_READ_CONSUME_CHECK_CONSUMER) timestamp=3855 ms, used_size=14456832 bytes (35.3%)
(RDMA_READ_CONSUME_CHECK_CONSUMER) timestamp=3855 ms, used_size=14454784 bytes (35.3%)
(RDMA_READ_CONSUME_CHECK_CONSUMER) timestamp=3855 ms, used_size=14452736 bytes (35.3%)
(RDMA_READ_CONSUME_CHECK_CONSUMER) timestamp=3855 ms, used_size=14450688 bytes (35.3%)
(RDMA_READ_CONSUME_CHECK_CONSUMER) timestamp=3855 ms, used_size=14448640 bytes (35.3%)
(RDMA_READ_CONSUME_CHECK_CONSUMER) timestamp=3855 ms, used_size=14446592 bytes (35.3%)
(RDMA_READ_CONSUME_CHECK_CONSUMER) timestamp=3855 ms, used_size=14444544 bytes (35.3%)
(RDMA_READ_CONSUME_CHECK_CONSUMER) timestamp=3855 ms, used_size=14442496 bytes (35.3%)
(RDMA_READ_CONSUME_CHECK_CONSUMER) timestamp=3855 ms, used_size=14440448 bytes (35.3%)
(RDMA_READ_CONSUME_CHECK_CONSUMER) timestamp=3855 ms, used_size=14438400 bytes (35.2%)
(RDMA_READ_CONSUME_CHECK_CONSUMER) timestamp=3855 ms, used_size=14436352 bytes (35.2%)
(RDMA_READ_CONSUME_CHECK_CONSUMER) timestamp=3855 ms, used_size=14434304 bytes (35.2%)
(RDMA_READ_CONSUME_CHECK_CONSUMER) timestamp=3855 ms, used_size=14432256 bytes (35.2%)
(RDMA_READ_CONSUME_CHECK_CONSUMER) timestamp=3855 ms, used_size=14430208 bytes (35.2%)
(RDMA_READ_CONSUME_CHECK_CONSUMER) timestamp=3855 ms, used_size=14428160 bytes (35.2%)
(RDMA_READ_CONSUME_CHECK_CONSUMER) timestamp=3855 ms, used_size=14426112 bytes (35.2%)
(RDMA_READ_CONSUME_CHECK_CONSUMER) timestamp=3855 ms, used_size=14424064 bytes (35.2%)
(RDMA_READ_CONSUME_CHECK_CONSUMER) timestamp=3855 ms, used_size=14422016 bytes (35.2%)
(RDMA_READ_CONSUME_CHECK_CONSUMER) timestamp=3855 ms, used_size=14419968 bytes (35.2%)
(RDMA_READ_CONSUME_CHECK_CONSUMER) timestamp=3855 ms, used_size=14417920 bytes (35.2%)
(RDMA_READ_CONSUME_CHECK_CONSUMER) timestamp=3855 ms, used_size=14415872 bytes (35.2%)
(RDMA_READ_CONSUME_CHECK_CONSUMER) timestamp=3855 ms, used_size=14413824 bytes (35.2%)
(RDMA_READ_CONSUME_CHECK_CONSUMER) timestamp=3855 ms, used_size=14411776 bytes (35.2%)
(RDMA_READ_CONSUME_CHECK_CONSUMER) timestamp=3855 ms, used_size=14409728 bytes (35.2%)
(RDMA_READ_CONSUME_CHECK_CONSUMER) timestamp=3855 ms, used_size=14407680 bytes (35.2%)
(RDMA_READ_CONSUME_CHECK_CONSUMER) timestamp=3855 ms, used_size=14405632 bytes (35.2%)
(RDMA_READ_CONSUME_CHECK_CONSUMER) timestamp=3855 ms, used_size=14403584 bytes (35.2%)
(RDMA_READ_CONSUME_CHECK_CONSUMER) timestamp=3855 ms, used_size=14401536 bytes (35.2%)
(RDMA_READ_CONSUME_CHECK_CONSUMER) timestamp=3855 ms, used_size=14399488 bytes (35.2%)
(RDMA_READ_CONSUME_CHECK_CONSUMER) timestamp=3855 ms, used_size=14397440 bytes (35.1%)
(RDMA_READ_CONSUME_CHECK_CONSUMER) timestamp=3855 ms, used_size=14395392 bytes (35.1%)
(RDMA_READ_CONSUME_CHECK_CONSUMER) timestamp=3855 ms, used_size=14393344 bytes (35.1%)
(RDMA_READ_CONSUME_CHECK_CONSUMER) timestamp=3855 ms, used_size=14391296 bytes (35.1%)
(RDMA_READ_CONSUME_CHECK_CONSUMER) timestamp=3855 ms, used_size=14389248 bytes (35.1%)
(RDMA_READ_CONSUME_CHECK_CONSUMER) timestamp=3855 ms, used_size=14387200 bytes (35.1%)
(RDMA_READ_CONSUME_CHECK_CONSUMER) timestamp=3855 ms, used_size=14385152 bytes (35.1%)
(RDMA_READ_CONSUME_CHECK_CONSUMER) timestamp=3855 ms, used_size=14383104 bytes (35.1%)
(RDMA_READ_CONSUME_CHECK_CONSUMER) timestamp=3855 ms, used_size=14381056 bytes (35.1%)
(RDMA_READ_CONSUME_CHECK_CONSUMER) timestamp=3855 ms, used_size=14379008 bytes (35.1%)
(RDMA_READ_CONSUME_CHECK_CONSUMER) timestamp=3855 ms, used_size=14376960 bytes (35.1%)
(RDMA_READ_CONSUME_CHECK_CONSUMER) timestamp=3855 ms, used_size=14374912 bytes (35.1%)
(RDMA_READ_CONSUME_CHECK_CONSUMER) timestamp=3855 ms, used_size=14372864 bytes (35.1%)
(RDMA_READ_CONSUME_CHECK_CONSUMER) timestamp=3855 ms, used_size=14370816 bytes (35.1%)
(RDMA_READ_CONSUME_CHECK_CONSUMER) timestamp=3855 ms, used_size=14368768 bytes (35.1%)
(RDMA_READ_CONSUME_CHECK_CONSUMER) timestamp=3855 ms, used_size=14366720 bytes (35.1%)
(RDMA_READ_CONSUME_CHECK_CONSUMER) timestamp=3855 ms, used_size=14364672 bytes (35.1%)
(RDMA_READ_CONSUME_CHECK_CONSUMER) timestamp=3855 ms, used_size=14362624 bytes (35.1%)
(RDMA_READ_CONSUME_CHECK_CONSUMER) timestamp=3855 ms, used_size=14360576 bytes (35.1%)
(RDMA_READ_CONSUME_CHECK_CONSUMER) timestamp=3855 ms, used_size=14358528 bytes (35.1%)
(RDMA_READ_CONSUME_CHECK_CONSUMER) timestamp=3855 ms, used_size=14356480 bytes (35.0%)
(RDMA_READ_CONSUME_CHECK_CONSUMER) timestamp=3855 ms, used_size=14354432 bytes (35.0%)
(RDMA_READ_CONSUME_CHECK_CONSUMER) timestamp=3855 ms, used_size=14352384 bytes (35.0%)
(RDMA_READ_CONSUME_CHECK_CONSUMER) timestamp=3855 ms, used_size=14350336 bytes (35.0%)
(RDMA_READ_CONSUME_CHECK_CONSUMER) timestamp=3855 ms, used_size=14348288 bytes (35.0%)
(RDMA_READ_CONSUME_CHECK_CONSUMER) timestamp=3855 ms, used_size=14346240 bytes (35.0%)
(RDMA_READ_CONSUME_CHECK_CONSUMER) timestamp=3855 ms, used_size=14344192 bytes (35.0%)
(RDMA_READ_CONSUME_CHECK_CONSUMER) timestamp=3855 ms, used_size=14342144 bytes (35.0%)
(RDMA_READ_CONSUME_CHECK_CONSUMER) timestamp=3855 ms, used_size=14340096 bytes (35.0%)
(RDMA_READ_CONSUME_CHECK_CONSUMER) timestamp=3855 ms, used_size=14338048 bytes (35.0%)
(RDMA_READ_CONSUME_CHECK_CONSUMER) timestamp=3855 ms, used_size=14336000 bytes (35.0%)
(RDMA_READ_CONSUME_CHECK_CONSUMER) timestamp=3855 ms, used_size=14333952 bytes (35.0%)
(RDMA_READ_CONSUME_CHECK_CONSUMER) timestamp=3855 ms, used_size=14331904 bytes (35.0%)
(RDMA_READ_CONSUME_CHECK_CONSUMER) timestamp=3855 ms, used_size=14329856 bytes (35.0%)
(RDMA_READ_CONSUME_CHECK_CONSUMER) timestamp=3855 ms, used_size=14327808 bytes (35.0%)
(RDMA_READ_CONSUME_CHECK_CONSUMER) timestamp=3855 ms, used_size=14325760 bytes (35.0%)
(RDMA_READ_CONSUME_CHECK_CONSUMER) timestamp=3855 ms, used_size=14323712 bytes (35.0%)
(RDMA_READ_CONSUME_CHECK_CONSUMER) timestamp=3855 ms, used_size=14321664 bytes (35.0%)
(RDMA_READ_CONSUME_CHECK_CONSUMER) timestamp=3855 ms, used_size=14319616 bytes (35.0%)
(RDMA_READ_CONSUME_CHECK_CONSUMER) timestamp=3855 ms, used_size=14317568 bytes (35.0%)
(RDMA_READ_CONSUME_CHECK_CONSUMER) timestamp=3855 ms, used_size=14315520 bytes (35.0%)
(RDMA_READ_CONSUME_CHECK_CONSUMER) timestamp=3856 ms, used_size=14313472 bytes (34.9%)
(RDMA_READ_CONSUME_CHECK_CONSUMER) timestamp=3856 ms, used_size=14311424 bytes (34.9%)
(RDMA_READ_CONSUME_CHECK_CONSUMER) timestamp=3856 ms, used_size=14309376 bytes (34.9%)
(RDMA_READ_CONSUME_CHECK_CONSUMER) timestamp=3856 ms, used_size=14307328 bytes (34.9%)
(RDMA_READ_CONSUME_CHECK_CONSUMER) timestamp=3856 ms, used_size=14305280 bytes (34.9%)
(RDMA_READ_CONSUME_CHECK_CONSUMER) timestamp=3856 ms, used_size=14303232 bytes (34.9%)
(RDMA_READ_CONSUME_CHECK_CONSUMER) timestamp=3856 ms, used_size=14301184 bytes (34.9%)
(RDMA_READ_CONSUME_CHECK_CONSUMER) timestamp=3856 ms, used_size=14299136 bytes (34.9%)
(RDMA_READ_CONSUME_CHECK_CONSUMER) timestamp=3856 ms, used_size=14297088 bytes (34.9%)
(RDMA_READ_CONSUME_CHECK_CONSUMER) timestamp=3856 ms, used_size=14295040 bytes (34.9%)
(RDMA_READ_CONSUME_CHECK_CONSUMER) timestamp=3856 ms, used_size=14292992 bytes (34.9%)
(RDMA_READ_CONSUME_CHECK_CONSUMER) timestamp=3856 ms, used_size=14290944 bytes (34.9%)
(RDMA_READ_CONSUME_CHECK_CONSUMER) timestamp=3856 ms, used_size=14288896 bytes (34.9%)
(RDMA_READ_CONSUME_CHECK_CONSUMER) timestamp=3856 ms, used_size=14286848 bytes (34.9%)
(RDMA_READ_CONSUME_CHECK_CONSUMER) timestamp=3856 ms, used_size=14284800 bytes (34.9%)
(RDMA_READ_CONSUME_CHECK_CONSUMER) timestamp=3856 ms, used_size=14282752 bytes (34.9%)
(RDMA_READ_CONSUME_CHECK_CONSUMER) timestamp=3856 ms, used_size=14280704 bytes (34.9%)
(RDMA_READ_CONSUME_CHECK_CONSUMER) timestamp=3856 ms, used_size=14278656 bytes (34.9%)
(RDMA_READ_CONSUME_CHECK_CONSUMER) timestamp=3856 ms, used_size=14276608 bytes (34.9%)
(RDMA_READ_CONSUME_CHECK_CONSUMER) timestamp=3856 ms, used_size=14274560 bytes (34.9%)
(RDMA_READ_CONSUME_CHECK_CONSUMER) timestamp=3856 ms, used_size=14272512 bytes (34.8%)
(RDMA_READ_CONSUME_CHECK_CONSUMER) timestamp=3856 ms, used_size=14270464 bytes (34.8%)
(RDMA_READ_CONSUME_CHECK_CONSUMER) timestamp=3856 ms, used_size=14268416 bytes (34.8%)
(RDMA_READ_CONSUME_CHECK_CONSUMER) timestamp=3856 ms, used_size=14266368 bytes (34.8%)
(RDMA_READ_CONSUME_CHECK_CONSUMER) timestamp=3856 ms, used_size=14264320 bytes (34.8%)
(RDMA_READ_CONSUME_CHECK_CONSUMER) timestamp=3856 ms, used_size=14262272 bytes (34.8%)
(RDMA_READ_CONSUME_CHECK_CONSUMER) timestamp=3856 ms, used_size=14260224 bytes (34.8%)
(RDMA_READ_CONSUME_CHECK_CONSUMER) timestamp=3856 ms, used_size=14258176 bytes (34.8%)
(RDMA_READ_CONSUME_CHECK_CONSUMER) timestamp=3856 ms, used_size=14256128 bytes (34.8%)
(RDMA_READ_CONSUME_CHECK_CONSUMER) timestamp=3856 ms, used_size=14254080 bytes (34.8%)
(RDMA_READ_CONSUME_CHECK_CONSUMER) timestamp=3856 ms, used_size=14252032 bytes (34.8%)
(RDMA_READ_CONSUME_CHECK_CONSUMER) timestamp=3856 ms, used_size=14249984 bytes (34.8%)
(RDMA_READ_CONSUME_CHECK_CONSUMER) timestamp=3856 ms, used_size=14247936 bytes (34.8%)
(RDMA_READ_CONSUME_CHECK_CONSUMER) timestamp=3856 ms, used_size=14245888 bytes (34.8%)
(RDMA_READ_CONSUME_CHECK_CONSUMER) timestamp=3856 ms, used_size=14243840 bytes (34.8%)
(RDMA_READ_CONSUME_CHECK_CONSUMER) timestamp=3856 ms, used_size=14241792 bytes (34.8%)
(RDMA_READ_CONSUME_CHECK_CONSUMER) timestamp=3856 ms, used_size=14239744 bytes (34.8%)
(RDMA_READ_CONSUME_CHECK_CONSUMER) timestamp=3856 ms, used_size=14237696 bytes (34.8%)
(RDMA_READ_CONSUME_CHECK_CONSUMER) timestamp=3856 ms, used_size=14235648 bytes (34.8%)
(RDMA_READ_CONSUME_CHECK_CONSUMER) timestamp=3856 ms, used_size=14233600 bytes (34.8%)
(RDMA_READ_CONSUME_CHECK_CONSUMER) timestamp=3856 ms, used_size=14231552 bytes (34.7%)
(RDMA_READ_CONSUME_CHECK_CONSUMER) timestamp=3856 ms, used_size=14229504 bytes (34.7%)
(RDMA_READ_CONSUME_CHECK_CONSUMER) timestamp=3856 ms, used_size=14227456 bytes (34.7%)
(RDMA_READ_CONSUME_CHECK_CONSUMER) timestamp=3856 ms, used_size=14225408 bytes (34.7%)
(RDMA_READ_CONSUME_CHECK_CONSUMER) timestamp=3856 ms, used_size=14223360 bytes (34.7%)
(RDMA_READ_CONSUME_CHECK_CONSUMER) timestamp=3856 ms, used_size=14221312 bytes (34.7%)
(RDMA_READ_CONSUME_CHECK_CONSUMER) timestamp=3856 ms, used_size=14219264 bytes (34.7%)
(RDMA_READ_CONSUME_CHECK_CONSUMER) timestamp=3856 ms, used_size=14217216 bytes (34.7%)
(RDMA_READ_CONSUME_CHECK_CONSUMER) timestamp=3856 ms, used_size=14215168 bytes (34.7%)
(RDMA_READ_CONSUME_CHECK_CONSUMER) timestamp=3856 ms, used_size=14213120 bytes (34.7%)
(RDMA_READ_CONSUME_CHECK_CONSUMER) timestamp=3856 ms, used_size=14211072 bytes (34.7%)
(RDMA_READ_CONSUME_CHECK_CONSUMER) timestamp=3856 ms, used_size=14209024 bytes (34.7%)
(RDMA_READ_CONSUME_CHECK_CONSUMER) timestamp=3856 ms, used_size=14206976 bytes (34.7%)
(RDMA_READ_CONSUME_CHECK_CONSUMER) timestamp=3856 ms, used_size=14204928 bytes (34.7%)
(RDMA_READ_CONSUME_CHECK_CONSUMER) timestamp=3856 ms, used_size=14202880 bytes (34.7%)
(RDMA_READ_CONSUME_CHECK_CONSUMER) timestamp=3856 ms, used_size=14200832 bytes (34.7%)
(RDMA_READ_CONSUME_CHECK_CONSUMER) timestamp=3856 ms, used_size=14198784 bytes (34.7%)
(RDMA_READ_CONSUME_CHECK_CONSUMER) timestamp=3856 ms, used_size=14196736 bytes (34.7%)
(RDMA_READ_CONSUME_CHECK_CONSUMER) timestamp=3856 ms, used_size=14194688 bytes (34.7%)
(RDMA_READ_CONSUME_CHECK_CONSUMER) timestamp=3856 ms, used_size=14192640 bytes (34.6%)
(RDMA_READ_CONSUME_CHECK_CONSUMER) timestamp=3856 ms, used_size=14190592 bytes (34.6%)
(RDMA_READ_CONSUME_CHECK_CONSUMER) timestamp=3856 ms, used_size=14188544 bytes (34.6%)
(RDMA_READ_CONSUME_CHECK_CONSUMER) timestamp=3856 ms, used_size=14186496 bytes (34.6%)
(RDMA_READ_CONSUME_CHECK_CONSUMER) timestamp=3856 ms, used_size=14184448 bytes (34.6%)
(RDMA_READ_CONSUME_CHECK_CONSUMER) timestamp=3856 ms, used_size=14182400 bytes (34.6%)
(RDMA_READ_CONSUME_CHECK_CONSUMER) timestamp=3856 ms, used_size=14180352 bytes (34.6%)
(RDMA_READ_CONSUME_CHECK_CONSUMER) timestamp=3856 ms, used_size=14178304 bytes (34.6%)
(RDMA_READ_CONSUME_CHECK_CONSUMER) timestamp=3856 ms, used_size=14176256 bytes (34.6%)
(RDMA_READ_CONSUME_CHECK_CONSUMER) timestamp=3856 ms, used_size=14174208 bytes (34.6%)
(RDMA_READ_CONSUME_CHECK_CONSUMER) timestamp=3856 ms, used_size=14172160 bytes (34.6%)
(RDMA_READ_CONSUME_CHECK_CONSUMER) timestamp=3856 ms, used_size=14170112 bytes (34.6%)
(RDMA_READ_CONSUME_CHECK_CONSUMER) timestamp=3856 ms, used_size=14168064 bytes (34.6%)
(RDMA_READ_CONSUME_CHECK_CONSUMER) timestamp=3856 ms, used_size=14166016 bytes (34.6%)
(RDMA_READ_CONSUME_CHECK_CONSUMER) timestamp=3856 ms, used_size=14163968 bytes (34.6%)
(RDMA_READ_CONSUME_CHECK_CONSUMER) timestamp=3856 ms, used_size=14161920 bytes (34.6%)
(RDMA_READ_CONSUME_CHECK_CONSUMER) timestamp=3856 ms, used_size=14159872 bytes (34.6%)
(RDMA_READ_CONSUME_CHECK_CONSUMER) timestamp=3856 ms, used_size=14157824 bytes (34.6%)
(RDMA_READ_CONSUME_CHECK_CONSUMER) timestamp=3856 ms, used_size=14155776 bytes (34.6%)
(RDMA_READ_CONSUME_CHECK_CONSUMER) timestamp=3856 ms, used_size=14153728 bytes (34.6%)
(RDMA_READ_CONSUME_CHECK_CONSUMER) timestamp=3856 ms, used_size=14151680 bytes (34.5%)
(RDMA_READ_CONSUME_CHECK_CONSUMER) timestamp=3856 ms, used_size=14149632 bytes (34.5%)
(RDMA_READ_CONSUME_CHECK_CONSUMER) timestamp=3856 ms, used_size=14147584 bytes (34.5%)
(RDMA_READ_CONSUME_CHECK_CONSUMER) timestamp=3856 ms, used_size=14145536 bytes (34.5%)
(RDMA_READ_CONSUME_CHECK_CONSUMER) timestamp=3856 ms, used_size=14143488 bytes (34.5%)
(RDMA_READ_CONSUME_CHECK_CONSUMER) timestamp=3856 ms, used_size=14141440 bytes (34.5%)
(RDMA_READ_CONSUME_CHECK_CONSUMER) timestamp=3856 ms, used_size=14139392 bytes (34.5%)
(RDMA_READ_CONSUME_CHECK_CONSUMER) timestamp=3856 ms, used_size=14137344 bytes (34.5%)
(RDMA_READ_CONSUME_CHECK_CONSUMER) timestamp=3856 ms, used_size=14135296 bytes (34.5%)
(RDMA_READ_CONSUME_CHECK_CONSUMER) timestamp=3856 ms, used_size=14133248 bytes (34.5%)
(RDMA_READ_CONSUME_CHECK_CONSUMER) timestamp=3856 ms, used_size=14131200 bytes (34.5%)
(RDMA_READ_CONSUME_CHECK_CONSUMER) timestamp=3856 ms, used_size=14129152 bytes (34.5%)
(RDMA_READ_CONSUME_CHECK_CONSUMER) timestamp=3856 ms, used_size=14127104 bytes (34.5%)
(RDMA_READ_CONSUME_CHECK_CONSUMER) timestamp=3856 ms, used_size=14125056 bytes (34.5%)
(RDMA_READ_CONSUME_CHECK_CONSUMER) timestamp=3856 ms, used_size=14123008 bytes (34.5%)
(RDMA_READ_CONSUME_CHECK_CONSUMER) timestamp=3856 ms, used_size=14120960 bytes (34.5%)
(RDMA_READ_CONSUME_CHECK_CONSUMER) timestamp=3856 ms, used_size=14118912 bytes (34.5%)
(RDMA_READ_CONSUME_CHECK_CONSUMER) timestamp=3856 ms, used_size=14116864 bytes (34.5%)
(RDMA_READ_CONSUME_CHECK_CONSUMER) timestamp=3856 ms, used_size=14114816 bytes (34.5%)
(RDMA_READ_CONSUME_CHECK_CONSUMER) timestamp=3856 ms, used_size=14112768 bytes (34.5%)
(RDMA_READ_CONSUME_CHECK_CONSUMER) timestamp=3856 ms, used_size=14110720 bytes (34.5%)
(RDMA_READ_CONSUME_CHECK_CONSUMER) timestamp=3856 ms, used_size=14108672 bytes (34.4%)
(RDMA_READ_CONSUME_CHECK_CONSUMER) timestamp=3856 ms, used_size=14106624 bytes (34.4%)
(RDMA_READ_CONSUME_CHECK_CONSUMER) timestamp=3856 ms, used_size=14104576 bytes (34.4%)
(RDMA_READ_CONSUME_CHECK_CONSUMER) timestamp=3856 ms, used_size=14102528 bytes (34.4%)
(RDMA_READ_CONSUME_CHECK_CONSUMER) timestamp=3856 ms, used_size=14100480 bytes (34.4%)
(RDMA_READ_CONSUME_CHECK_CONSUMER) timestamp=3856 ms, used_size=14098432 bytes (34.4%)
(RDMA_READ_CONSUME_CHECK_CONSUMER) timestamp=3856 ms, used_size=14096384 bytes (34.4%)
(RDMA_READ_CONSUME_CHECK_CONSUMER) timestamp=3856 ms, used_size=14094336 bytes (34.4%)
(RDMA_READ_CONSUME_CHECK_CONSUMER) timestamp=3856 ms, used_size=14092288 bytes (34.4%)
(RDMA_READ_CONSUME_CHECK_CONSUMER) timestamp=3856 ms, used_size=14090240 bytes (34.4%)
(RDMA_READ_CONSUME_CHECK_CONSUMER) timestamp=3856 ms, used_size=14088192 bytes (34.4%)
(RDMA_READ_CONSUME_CHECK_CONSUMER) timestamp=3856 ms, used_size=14086144 bytes (34.4%)
(RDMA_READ_CONSUME_CHECK_CONSUMER) timestamp=3856 ms, used_size=14084096 bytes (34.4%)
(RDMA_READ_CONSUME_CHECK_CONSUMER) timestamp=3856 ms, used_size=14082048 bytes (34.4%)
(RDMA_READ_CONSUME_CHECK_CONSUMER) timestamp=3856 ms, used_size=14080000 bytes (34.4%)
(RDMA_READ_CONSUME_CHECK_CONSUMER) timestamp=3856 ms, used_size=14077952 bytes (34.4%)
(RDMA_READ_CONSUME_CHECK_CONSUMER) timestamp=3856 ms, used_size=14075904 bytes (34.4%)
(RDMA_READ_CONSUME_CHECK_CONSUMER) timestamp=3856 ms, used_size=14073856 bytes (34.4%)
(RDMA_READ_CONSUME_CHECK_CONSUMER) timestamp=3856 ms, used_size=14071808 bytes (34.4%)
(RDMA_READ_CONSUME_CHECK_CONSUMER) timestamp=3856 ms, used_size=14069760 bytes (34.4%)
(RDMA_READ_CONSUME_CHECK_CONSUMER) timestamp=3856 ms, used_size=14067712 bytes (34.3%)
(RDMA_READ_CONSUME_CHECK_CONSUMER) timestamp=3856 ms, used_size=14065664 bytes (34.3%)
(RDMA_READ_CONSUME_CHECK_CONSUMER) timestamp=3856 ms, used_size=14063616 bytes (34.3%)
(RDMA_READ_CONSUME_CHECK_CONSUMER) timestamp=3856 ms, used_size=14061568 bytes (34.3%)
(RDMA_READ_CONSUME_CHECK_CONSUMER) timestamp=3856 ms, used_size=14059520 bytes (34.3%)
(RDMA_READ_CONSUME_CHECK_CONSUMER) timestamp=3856 ms, used_size=14057472 bytes (34.3%)
(RDMA_READ_CONSUME_CHECK_CONSUMER) timestamp=3856 ms, used_size=14055424 bytes (34.3%)
(RDMA_READ_CONSUME_CHECK_CONSUMER) timestamp=3856 ms, used_size=14053376 bytes (34.3%)
(RDMA_READ_CONSUME_CHECK_CONSUMER) timestamp=3856 ms, used_size=14051328 bytes (34.3%)
(RDMA_READ_CONSUME_CHECK_CONSUMER) timestamp=3856 ms, used_size=14049280 bytes (34.3%)
(RDMA_READ_CONSUME_CHECK_CONSUMER) timestamp=3856 ms, used_size=14047232 bytes (34.3%)
(RDMA_READ_CONSUME_CHECK_CONSUMER) timestamp=3856 ms, used_size=14045184 bytes (34.3%)
(RDMA_READ_CONSUME_CHECK_CONSUMER) timestamp=3856 ms, used_size=14043136 bytes (34.3%)
(RDMA_READ_CONSUME_CHECK_CONSUMER) timestamp=3856 ms, used_size=14041088 bytes (34.3%)
(RDMA_READ_CONSUME_CHECK_CONSUMER) timestamp=3856 ms, used_size=14039040 bytes (34.3%)
(RDMA_READ_CONSUME_CHECK_CONSUMER) timestamp=3856 ms, used_size=14036992 bytes (34.3%)
(RDMA_READ_CONSUME_CHECK_CONSUMER) timestamp=3856 ms, used_size=14034944 bytes (34.3%)
(RDMA_READ_CONSUME_CHECK_CONSUMER) timestamp=3856 ms, used_size=14032896 bytes (34.3%)
(RDMA_READ_CONSUME_CHECK_CONSUMER) timestamp=3856 ms, used_size=14030848 bytes (34.3%)
(RDMA_READ_CONSUME_CHECK_CONSUMER) timestamp=3856 ms, used_size=14028800 bytes (34.2%)
(RDMA_READ_CONSUME_CHECK_CONSUMER) timestamp=3856 ms, used_size=14026752 bytes (34.2%)
(RDMA_READ_CONSUME_CHECK_CONSUMER) timestamp=3856 ms, used_size=14024704 bytes (34.2%)
(RDMA_READ_CONSUME_CHECK_CONSUMER) timestamp=3856 ms, used_size=14022656 bytes (34.2%)
(RDMA_READ_CONSUME_CHECK_CONSUMER) timestamp=3856 ms, used_size=14020608 bytes (34.2%)
(RDMA_READ_CONSUME_CHECK_CONSUMER) timestamp=3856 ms, used_size=14018560 bytes (34.2%)
(RDMA_READ_CONSUME_CHECK_CONSUMER) timestamp=3856 ms, used_size=14016512 bytes (34.2%)
(RDMA_READ_CONSUME_CHECK_CONSUMER) timestamp=3856 ms, used_size=14014464 bytes (34.2%)
(RDMA_READ_CONSUME_CHECK_CONSUMER) timestamp=3856 ms, used_size=14012416 bytes (34.2%)
(RDMA_READ_CONSUME_CHECK_CONSUMER) timestamp=3856 ms, used_size=14010368 bytes (34.2%)
(RDMA_READ_CONSUME_CHECK_CONSUMER) timestamp=3856 ms, used_size=14008320 bytes (34.2%)
(RDMA_READ_CONSUME_CHECK_CONSUMER) timestamp=3856 ms, used_size=14006272 bytes (34.2%)
(RDMA_READ_CONSUME_CHECK_CONSUMER) timestamp=3856 ms, used_size=14004224 bytes (34.2%)
(RDMA_READ_CONSUME_CHECK_CONSUMER) timestamp=3856 ms, used_size=14002176 bytes (34.2%)
(RDMA_READ_CONSUME_CHECK_CONSUMER) timestamp=3856 ms, used_size=14000128 bytes (34.2%)
(RDMA_READ_CONSUME_CHECK_CONSUMER) timestamp=3856 ms, used_size=13998080 bytes (34.2%)
(RDMA_READ_CONSUME_CHECK_CONSUMER) timestamp=3856 ms, used_size=13996032 bytes (34.2%)
(RDMA_READ_CONSUME_CHECK_CONSUMER) timestamp=3856 ms, used_size=13993984 bytes (34.2%)
(RDMA_READ_CONSUME_CHECK_CONSUMER) timestamp=3856 ms, used_size=13991936 bytes (34.2%)
(RDMA_READ_CONSUME_CHECK_CONSUMER) timestamp=3856 ms, used_size=13989888 bytes (34.2%)
(RDMA_READ_CONSUME_CHECK_CONSUMER) timestamp=3856 ms, used_size=13987840 bytes (34.1%)
(RDMA_READ_CONSUME_CHECK_CONSUMER) timestamp=3856 ms, used_size=13985792 bytes (34.1%)
(RDMA_READ_CONSUME_CHECK_CONSUMER) timestamp=3856 ms, used_size=13983744 bytes (34.1%)
(RDMA_READ_CONSUME_CHECK_CONSUMER) timestamp=3856 ms, used_size=13981696 bytes (34.1%)
(RDMA_READ_CONSUME_CHECK_CONSUMER) timestamp=3856 ms, used_size=13979648 bytes (34.1%)
(RDMA_READ_CONSUME_CHECK_CONSUMER) timestamp=3856 ms, used_size=13977600 bytes (34.1%)
(RDMA_READ_CONSUME_CHECK_CONSUMER) timestamp=3856 ms, used_size=13975552 bytes (34.1%)
(RDMA_READ_CONSUME_CHECK_CONSUMER) timestamp=3856 ms, used_size=13973504 bytes (34.1%)
(RDMA_READ_CONSUME_CHECK_CONSUMER) timestamp=3856 ms, used_size=13971456 bytes (34.1%)
(RDMA_READ_CONSUME_CHECK_CONSUMER) timestamp=3856 ms, used_size=13969408 bytes (34.1%)
(RDMA_READ_CONSUME_CHECK_CONSUMER) timestamp=3856 ms, used_size=13967360 bytes (34.1%)
(RDMA_READ_CONSUME_CHECK_CONSUMER) timestamp=3856 ms, used_size=13965312 bytes (34.1%)
(RDMA_READ_CONSUME_CHECK_CONSUMER) timestamp=3856 ms, used_size=13963264 bytes (34.1%)
(RDMA_READ_CONSUME_CHECK_CONSUMER) timestamp=3856 ms, used_size=13961216 bytes (34.1%)
(RDMA_READ_CONSUME_CHECK_CONSUMER) timestamp=3856 ms, used_size=13959168 bytes (34.1%)
(RDMA_READ_CONSUME_CHECK_CONSUMER) timestamp=3856 ms, used_size=13957120 bytes (34.1%)
(RDMA_READ_CONSUME_CHECK_CONSUMER) timestamp=3856 ms, used_size=13955072 bytes (34.1%)
(RDMA_READ_CONSUME_CHECK_CONSUMER) timestamp=3856 ms, used_size=13953024 bytes (34.1%)
(RDMA_READ_CONSUME_CHECK_CONSUMER) timestamp=3856 ms, used_size=13950976 bytes (34.1%)
(RDMA_READ_CONSUME_CHECK_CONSUMER) timestamp=3856 ms, used_size=13948928 bytes (34.1%)
(RDMA_READ_CONSUME_CHECK_CONSUMER) timestamp=3856 ms, used_size=13946880 bytes (34.0%)
(RDMA_READ_CONSUME_CHECK_CONSUMER) timestamp=3856 ms, used_size=13944832 bytes (34.0%)
(RDMA_READ_CONSUME_CHECK_CONSUMER) timestamp=3857 ms, used_size=13942784 bytes (34.0%)
(RDMA_READ_CONSUME_CHECK_CONSUMER) timestamp=3857 ms, used_size=13940736 bytes (34.0%)
(RDMA_READ_CONSUME_CHECK_CONSUMER) timestamp=3857 ms, used_size=13938688 bytes (34.0%)
(RDMA_READ_CONSUME_CHECK_CONSUMER) timestamp=3857 ms, used_size=13936640 bytes (34.0%)
(RDMA_READ_CONSUME_CHECK_CONSUMER) timestamp=3857 ms, used_size=13934592 bytes (34.0%)
(RDMA_READ_CONSUME_CHECK_CONSUMER) timestamp=3857 ms, used_size=13932544 bytes (34.0%)
(RDMA_READ_CONSUME_CHECK_CONSUMER) timestamp=3857 ms, used_size=13930496 bytes (34.0%)
(RDMA_READ_CONSUME_CHECK_CONSUMER) timestamp=3857 ms, used_size=13928448 bytes (34.0%)
(RDMA_READ_CONSUME_CHECK_CONSUMER) timestamp=3857 ms, used_size=13926400 bytes (34.0%)
(RDMA_READ_CONSUME_CHECK_CONSUMER) timestamp=3857 ms, used_size=13924352 bytes (34.0%)
(RDMA_READ_CONSUME_CHECK_CONSUMER) timestamp=3857 ms, used_size=13922304 bytes (34.0%)
(RDMA_READ_CONSUME_CHECK_CONSUMER) timestamp=3857 ms, used_size=13920256 bytes (34.0%)
(RDMA_READ_CONSUME_CHECK_CONSUMER) timestamp=3857 ms, used_size=13918208 bytes (34.0%)
(RDMA_READ_CONSUME_CHECK_CONSUMER) timestamp=3857 ms, used_size=13916160 bytes (34.0%)
(RDMA_READ_CONSUME_CHECK_CONSUMER) timestamp=3857 ms, used_size=13914112 bytes (34.0%)
(RDMA_READ_CONSUME_CHECK_CONSUMER) timestamp=3857 ms, used_size=13912064 bytes (34.0%)
(RDMA_READ_CONSUME_CHECK_CONSUMER) timestamp=3857 ms, used_size=13910016 bytes (34.0%)
(RDMA_READ_CONSUME_CHECK_CONSUMER) timestamp=3857 ms, used_size=13907968 bytes (34.0%)
(RDMA_READ_CONSUME_CHECK_CONSUMER) timestamp=3857 ms, used_size=13905920 bytes (34.0%)
(RDMA_READ_CONSUME_CHECK_CONSUMER) timestamp=3857 ms, used_size=13903872 bytes (33.9%)
(RDMA_READ_CONSUME_CHECK_CONSUMER) timestamp=3857 ms, used_size=13901824 bytes (33.9%)
(RDMA_READ_CONSUME_CHECK_CONSUMER) timestamp=3857 ms, used_size=13899776 bytes (33.9%)
(RDMA_READ_CONSUME_CHECK_CONSUMER) timestamp=3857 ms, used_size=13897728 bytes (33.9%)
(RDMA_READ_CONSUME_CHECK_CONSUMER) timestamp=3857 ms, used_size=13895680 bytes (33.9%)
(RDMA_READ_CONSUME_CHECK_CONSUMER) timestamp=3857 ms, used_size=13893632 bytes (33.9%)
(RDMA_READ_CONSUME_CHECK_CONSUMER) timestamp=3857 ms, used_size=13891584 bytes (33.9%)
(RDMA_READ_CONSUME_CHECK_CONSUMER) timestamp=3857 ms, used_size=13889536 bytes (33.9%)
(RDMA_READ_CONSUME_CHECK_CONSUMER) timestamp=3857 ms, used_size=13887488 bytes (33.9%)
(RDMA_READ_CONSUME_CHECK_CONSUMER) timestamp=3857 ms, used_size=13885440 bytes (33.9%)
(RDMA_READ_CONSUME_CHECK_CONSUMER) timestamp=3857 ms, used_size=13883392 bytes (33.9%)
(RDMA_READ_CONSUME_CHECK_CONSUMER) timestamp=3857 ms, used_size=13881344 bytes (33.9%)
(RDMA_READ_CONSUME_CHECK_CONSUMER) timestamp=3857 ms, used_size=13879296 bytes (33.9%)
(RDMA_READ_CONSUME_CHECK_CONSUMER) timestamp=3857 ms, used_size=13877248 bytes (33.9%)
(RDMA_READ_CONSUME_CHECK_CONSUMER) timestamp=3857 ms, used_size=13875200 bytes (33.9%)
(RDMA_READ_CONSUME_CHECK_CONSUMER) timestamp=3857 ms, used_size=13873152 bytes (33.9%)
(RDMA_READ_CONSUME_CHECK_CONSUMER) timestamp=3857 ms, used_size=13871104 bytes (33.9%)
(RDMA_READ_CONSUME_CHECK_CONSUMER) timestamp=3857 ms, used_size=13869056 bytes (33.9%)
(RDMA_READ_CONSUME_CHECK_CONSUMER) timestamp=3857 ms, used_size=13867008 bytes (33.9%)
(RDMA_READ_CONSUME_CHECK_CONSUMER) timestamp=3857 ms, used_size=13864960 bytes (33.9%)
(RDMA_READ_CONSUME_CHECK_CONSUMER) timestamp=3857 ms, used_size=13862912 bytes (33.8%)
(RDMA_READ_CONSUME_CHECK_CONSUMER) timestamp=3857 ms, used_size=13860864 bytes (33.8%)
(RDMA_READ_CONSUME_CHECK_CONSUMER) timestamp=3857 ms, used_size=13858816 bytes (33.8%)
(RDMA_READ_CONSUME_CHECK_CONSUMER) timestamp=3857 ms, used_size=13856768 bytes (33.8%)
(RDMA_READ_CONSUME_CHECK_CONSUMER) timestamp=3857 ms, used_size=13854720 bytes (33.8%)
(RDMA_READ_CONSUME_CHECK_CONSUMER) timestamp=3857 ms, used_size=13852672 bytes (33.8%)
(RDMA_READ_CONSUME_CHECK_CONSUMER) timestamp=3857 ms, used_size=13850624 bytes (33.8%)
(RDMA_READ_CONSUME_CHECK_CONSUMER) timestamp=3857 ms, used_size=13848576 bytes (33.8%)
(RDMA_READ_CONSUME_CHECK_CONSUMER) timestamp=3857 ms, used_size=13846528 bytes (33.8%)
(RDMA_READ_CONSUME_CHECK_CONSUMER) timestamp=3857 ms, used_size=13844480 bytes (33.8%)
(RDMA_READ_CONSUME_CHECK_CONSUMER) timestamp=3857 ms, used_size=13842432 bytes (33.8%)
(RDMA_READ_CONSUME_CHECK_CONSUMER) timestamp=3857 ms, used_size=13840384 bytes (33.8%)
(RDMA_READ_CONSUME_CHECK_CONSUMER) timestamp=3857 ms, used_size=13838336 bytes (33.8%)
(RDMA_READ_CONSUME_CHECK_CONSUMER) timestamp=3857 ms, used_size=13836288 bytes (33.8%)
(RDMA_READ_CONSUME_CHECK_CONSUMER) timestamp=3857 ms, used_size=13834240 bytes (33.8%)
(RDMA_READ_CONSUME_CHECK_CONSUMER) timestamp=3857 ms, used_size=13832192 bytes (33.8%)
(RDMA_READ_CONSUME_CHECK_CONSUMER) timestamp=3857 ms, used_size=13830144 bytes (33.8%)
(RDMA_READ_CONSUME_CHECK_CONSUMER) timestamp=3857 ms, used_size=13828096 bytes (33.8%)
(RDMA_READ_CONSUME_CHECK_CONSUMER) timestamp=3857 ms, used_size=13826048 bytes (33.8%)
(RDMA_READ_CONSUME_CHECK_CONSUMER) timestamp=3857 ms, used_size=13824000 bytes (33.8%)
(RDMA_READ_CONSUME_CHECK_CONSUMER) timestamp=3857 ms, used_size=13821952 bytes (33.7%)
(RDMA_READ_CONSUME_CHECK_CONSUMER) timestamp=3857 ms, used_size=13819904 bytes (33.7%)
(RDMA_READ_CONSUME_CHECK_CONSUMER) timestamp=3857 ms, used_size=13817856 bytes (33.7%)
(RDMA_READ_CONSUME_CHECK_CONSUMER) timestamp=3857 ms, used_size=13815808 bytes (33.7%)
(RDMA_READ_CONSUME_CHECK_CONSUMER) timestamp=3857 ms, used_size=13813760 bytes (33.7%)
(RDMA_READ_CONSUME_CHECK_CONSUMER) timestamp=3857 ms, used_size=13811712 bytes (33.7%)
(RDMA_READ_CONSUME_CHECK_CONSUMER) timestamp=3857 ms, used_size=13809664 bytes (33.7%)
(RDMA_READ_CONSUME_CHECK_CONSUMER) timestamp=3857 ms, used_size=13807616 bytes (33.7%)
(RDMA_READ_CONSUME_CHECK_CONSUMER) timestamp=3857 ms, used_size=13805568 bytes (33.7%)
(RDMA_READ_CONSUME_CHECK_CONSUMER) timestamp=3857 ms, used_size=13803520 bytes (33.7%)
(RDMA_READ_CONSUME_CHECK_CONSUMER) timestamp=3857 ms, used_size=13801472 bytes (33.7%)
(RDMA_READ_CONSUME_CHECK_CONSUMER) timestamp=3857 ms, used_size=13799424 bytes (33.7%)
(RDMA_READ_CONSUME_CHECK_CONSUMER) timestamp=3857 ms, used_size=13797376 bytes (33.7%)
(RDMA_READ_CONSUME_CHECK_CONSUMER) timestamp=3857 ms, used_size=13795328 bytes (33.7%)
(RDMA_READ_CONSUME_CHECK_CONSUMER) timestamp=3857 ms, used_size=13793280 bytes (33.7%)
(RDMA_READ_CONSUME_CHECK_CONSUMER) timestamp=3857 ms, used_size=13791232 bytes (33.7%)
(RDMA_READ_CONSUME_CHECK_CONSUMER) timestamp=3857 ms, used_size=13789184 bytes (33.7%)
(RDMA_READ_CONSUME_CHECK_CONSUMER) timestamp=3857 ms, used_size=13787136 bytes (33.7%)
(RDMA_READ_CONSUME_CHECK_CONSUMER) timestamp=3857 ms, used_size=13785088 bytes (33.7%)
(RDMA_READ_CONSUME_CHECK_CONSUMER) timestamp=3857 ms, used_size=13783040 bytes (33.6%)
(RDMA_READ_CONSUME_CHECK_CONSUMER) timestamp=3857 ms, used_size=13780992 bytes (33.6%)
(RDMA_READ_CONSUME_CHECK_CONSUMER) timestamp=3857 ms, used_size=13778944 bytes (33.6%)
(RDMA_READ_CONSUME_CHECK_CONSUMER) timestamp=3857 ms, used_size=13776896 bytes (33.6%)
(RDMA_READ_CONSUME_CHECK_CONSUMER) timestamp=3857 ms, used_size=13774848 bytes (33.6%)
(RDMA_READ_CONSUME_CHECK_CONSUMER) timestamp=3857 ms, used_size=13772800 bytes (33.6%)
(RDMA_READ_CONSUME_CHECK_CONSUMER) timestamp=3857 ms, used_size=13770752 bytes (33.6%)
(RDMA_READ_CONSUME_CHECK_CONSUMER) timestamp=3857 ms, used_size=13768704 bytes (33.6%)
(RDMA_READ_CONSUME_CHECK_CONSUMER) timestamp=3857 ms, used_size=13766656 bytes (33.6%)
(RDMA_READ_CONSUME_CHECK_CONSUMER) timestamp=3857 ms, used_size=13764608 bytes (33.6%)
(RDMA_READ_CONSUME_CHECK_CONSUMER) timestamp=3857 ms, used_size=13762560 bytes (33.6%)
(RDMA_READ_CONSUME_CHECK_CONSUMER) timestamp=3857 ms, used_size=13760512 bytes (33.6%)
(RDMA_READ_CONSUME_CHECK_CONSUMER) timestamp=3857 ms, used_size=13758464 bytes (33.6%)
(RDMA_READ_CONSUME_CHECK_CONSUMER) timestamp=3857 ms, used_size=13756416 bytes (33.6%)
(RDMA_READ_CONSUME_CHECK_CONSUMER) timestamp=3857 ms, used_size=13754368 bytes (33.6%)
(RDMA_READ_CONSUME_CHECK_CONSUMER) timestamp=3857 ms, used_size=13752320 bytes (33.6%)
(RDMA_READ_CONSUME_CHECK_CONSUMER) timestamp=3857 ms, used_size=13750272 bytes (33.6%)
(RDMA_READ_CONSUME_CHECK_CONSUMER) timestamp=3857 ms, used_size=13748224 bytes (33.6%)
(RDMA_READ_CONSUME_CHECK_CONSUMER) timestamp=3857 ms, used_size=13746176 bytes (33.6%)
(RDMA_READ_CONSUME_CHECK_CONSUMER) timestamp=3857 ms, used_size=13744128 bytes (33.6%)
(RDMA_READ_CONSUME_CHECK_CONSUMER) timestamp=3857 ms, used_size=13742080 bytes (33.5%)
(RDMA_READ_CONSUME_CHECK_CONSUMER) timestamp=3857 ms, used_size=13740032 bytes (33.5%)
(RDMA_READ_CONSUME_CHECK_CONSUMER) timestamp=3857 ms, used_size=13737984 bytes (33.5%)
(RDMA_READ_CONSUME_CHECK_CONSUMER) timestamp=3857 ms, used_size=13735936 bytes (33.5%)
(RDMA_READ_CONSUME_CHECK_CONSUMER) timestamp=3857 ms, used_size=13733888 bytes (33.5%)
(RDMA_READ_CONSUME_CHECK_CONSUMER) timestamp=3857 ms, used_size=13731840 bytes (33.5%)
(RDMA_READ_CONSUME_CHECK_CONSUMER) timestamp=3857 ms, used_size=13729792 bytes (33.5%)
(RDMA_READ_CONSUME_CHECK_CONSUMER) timestamp=3857 ms, used_size=13727744 bytes (33.5%)
(RDMA_READ_CONSUME_CHECK_CONSUMER) timestamp=3857 ms, used_size=13725696 bytes (33.5%)
(RDMA_READ_CONSUME_CHECK_CONSUMER) timestamp=3857 ms, used_size=13723648 bytes (33.5%)
(RDMA_READ_CONSUME_CHECK_CONSUMER) timestamp=3857 ms, used_size=13721600 bytes (33.5%)
(RDMA_READ_CONSUME_CHECK_CONSUMER) timestamp=3857 ms, used_size=13719552 bytes (33.5%)
(RDMA_READ_CONSUME_CHECK_CONSUMER) timestamp=3857 ms, used_size=13717504 bytes (33.5%)
(RDMA_READ_CONSUME_CHECK_CONSUMER) timestamp=3857 ms, used_size=13715456 bytes (33.5%)
(RDMA_READ_CONSUME_CHECK_CONSUMER) timestamp=3857 ms, used_size=13713408 bytes (33.5%)
(RDMA_READ_CONSUME_CHECK_CONSUMER) timestamp=3857 ms, used_size=13711360 bytes (33.5%)
(RDMA_READ_CONSUME_CHECK_CONSUMER) timestamp=3857 ms, used_size=13709312 bytes (33.5%)
(RDMA_READ_CONSUME_CHECK_CONSUMER) timestamp=3857 ms, used_size=13707264 bytes (33.5%)
(RDMA_READ_CONSUME_CHECK_CONSUMER) timestamp=3857 ms, used_size=13705216 bytes (33.5%)
(RDMA_READ_CONSUME_CHECK_CONSUMER) timestamp=3857 ms, used_size=13703168 bytes (33.5%)
(RDMA_READ_CONSUME_CHECK_CONSUMER) timestamp=3857 ms, used_size=13701120 bytes (33.5%)
(RDMA_READ_CONSUME_CHECK_CONSUMER) timestamp=3857 ms, used_size=13699072 bytes (33.4%)
(RDMA_READ_CONSUME_CHECK_CONSUMER) timestamp=3857 ms, used_size=13697024 bytes (33.4%)
(RDMA_READ_CONSUME_CHECK_CONSUMER) timestamp=3857 ms, used_size=13694976 bytes (33.4%)
(RDMA_READ_CONSUME_CHECK_CONSUMER) timestamp=3857 ms, used_size=13692928 bytes (33.4%)
(RDMA_READ_CONSUME_CHECK_CONSUMER) timestamp=3857 ms, used_size=13690880 bytes (33.4%)
(RDMA_READ_CONSUME_CHECK_CONSUMER) timestamp=3857 ms, used_size=13688832 bytes (33.4%)
(RDMA_READ_CONSUME_CHECK_CONSUMER) timestamp=3857 ms, used_size=13686784 bytes (33.4%)
(RDMA_READ_CONSUME_CHECK_CONSUMER) timestamp=3857 ms, used_size=13684736 bytes (33.4%)
(RDMA_READ_CONSUME_CHECK_CONSUMER) timestamp=3857 ms, used_size=13682688 bytes (33.4%)
(RDMA_READ_CONSUME_CHECK_CONSUMER) timestamp=3857 ms, used_size=13680640 bytes (33.4%)
(RDMA_READ_CONSUME_CHECK_CONSUMER) timestamp=3857 ms, used_size=13678592 bytes (33.4%)
(RDMA_READ_CONSUME_CHECK_CONSUMER) timestamp=3857 ms, used_size=13676544 bytes (33.4%)
(RDMA_READ_CONSUME_CHECK_CONSUMER) timestamp=3857 ms, used_size=13674496 bytes (33.4%)
(RDMA_READ_CONSUME_CHECK_CONSUMER) timestamp=3857 ms, used_size=13672448 bytes (33.4%)
(RDMA_READ_CONSUME_CHECK_CONSUMER) timestamp=3857 ms, used_size=13670400 bytes (33.4%)
(RDMA_READ_CONSUME_CHECK_CONSUMER) timestamp=3857 ms, used_size=13668352 bytes (33.4%)
(RDMA_READ_CONSUME_CHECK_CONSUMER) timestamp=3857 ms, used_size=13666304 bytes (33.4%)
(RDMA_READ_CONSUME_CHECK_CONSUMER) timestamp=3857 ms, used_size=13664256 bytes (33.4%)
(RDMA_READ_CONSUME_CHECK_CONSUMER) timestamp=3857 ms, used_size=13662208 bytes (33.4%)
(RDMA_READ_CONSUME_CHECK_CONSUMER) timestamp=3857 ms, used_size=13660160 bytes (33.4%)
(RDMA_READ_CONSUME_CHECK_CONSUMER) timestamp=3857 ms, used_size=13658112 bytes (33.3%)
(RDMA_READ_CONSUME_CHECK_CONSUMER) timestamp=3857 ms, used_size=13656064 bytes (33.3%)
(RDMA_READ_CONSUME_CHECK_CONSUMER) timestamp=3857 ms, used_size=13654016 bytes (33.3%)
(RDMA_READ_CONSUME_CHECK_CONSUMER) timestamp=3857 ms, used_size=13651968 bytes (33.3%)
(RDMA_READ_CONSUME_CHECK_CONSUMER) timestamp=3857 ms, used_size=13649920 bytes (33.3%)
(RDMA_READ_CONSUME_CHECK_CONSUMER) timestamp=3857 ms, used_size=13647872 bytes (33.3%)
(RDMA_READ_CONSUME_CHECK_CONSUMER) timestamp=3857 ms, used_size=13645824 bytes (33.3%)
(RDMA_READ_CONSUME_CHECK_CONSUMER) timestamp=3857 ms, used_size=13643776 bytes (33.3%)
(RDMA_READ_CONSUME_CHECK_CONSUMER) timestamp=3857 ms, used_size=13641728 bytes (33.3%)
(RDMA_READ_CONSUME_CHECK_CONSUMER) timestamp=3857 ms, used_size=13639680 bytes (33.3%)
(RDMA_READ_CONSUME_CHECK_CONSUMER) timestamp=3857 ms, used_size=13637632 bytes (33.3%)
(RDMA_READ_CONSUME_CHECK_CONSUMER) timestamp=3857 ms, used_size=13635584 bytes (33.3%)
(RDMA_READ_CONSUME_CHECK_CONSUMER) timestamp=3857 ms, used_size=13633536 bytes (33.3%)
(RDMA_READ_CONSUME_CHECK_CONSUMER) timestamp=3857 ms, used_size=13631488 bytes (33.3%)
(RDMA_READ_CONSUME_CHECK_CONSUMER) timestamp=3857 ms, used_size=13629440 bytes (33.3%)
(RDMA_READ_CONSUME_CHECK_CONSUMER) timestamp=3857 ms, used_size=13627392 bytes (33.3%)
(RDMA_READ_CONSUME_CHECK_CONSUMER) timestamp=3857 ms, used_size=13625344 bytes (33.3%)
(RDMA_READ_CONSUME_CHECK_CONSUMER) timestamp=3857 ms, used_size=13623296 bytes (33.3%)
(RDMA_READ_CONSUME_CHECK_CONSUMER) timestamp=3857 ms, used_size=13621248 bytes (33.3%)
(RDMA_READ_CONSUME_CHECK_CONSUMER) timestamp=3857 ms, used_size=13619200 bytes (33.2%)
(RDMA_READ_CONSUME_CHECK_CONSUMER) timestamp=3857 ms, used_size=13617152 bytes (33.2%)
(RDMA_READ_CONSUME_CHECK_CONSUMER) timestamp=3857 ms, used_size=13615104 bytes (33.2%)
(RDMA_READ_CONSUME_CHECK_CONSUMER) timestamp=3857 ms, used_size=13613056 bytes (33.2%)
(RDMA_READ_CONSUME_CHECK_CONSUMER) timestamp=3857 ms, used_size=13611008 bytes (33.2%)
(RDMA_READ_CONSUME_CHECK_CONSUMER) timestamp=3857 ms, used_size=13608960 bytes (33.2%)
(RDMA_READ_CONSUME_CHECK_CONSUMER) timestamp=3857 ms, used_size=13606912 bytes (33.2%)
(RDMA_READ_CONSUME_CHECK_CONSUMER) timestamp=3857 ms, used_size=13604864 bytes (33.2%)
(RDMA_READ_CONSUME_CHECK_CONSUMER) timestamp=3857 ms, used_size=13602816 bytes (33.2%)
(RDMA_READ_CONSUME_CHECK_CONSUMER) timestamp=3857 ms, used_size=13600768 bytes (33.2%)
(RDMA_READ_CONSUME_CHECK_CONSUMER) timestamp=3857 ms, used_size=13598720 bytes (33.2%)
(RDMA_READ_CONSUME_CHECK_CONSUMER) timestamp=3857 ms, used_size=13596672 bytes (33.2%)
(RDMA_READ_CONSUME_CHECK_CONSUMER) timestamp=3857 ms, used_size=13594624 bytes (33.2%)
(RDMA_READ_CONSUME_CHECK_CONSUMER) timestamp=3857 ms, used_size=13592576 bytes (33.2%)
(RDMA_READ_CONSUME_CHECK_CONSUMER) timestamp=3857 ms, used_size=13590528 bytes (33.2%)
(RDMA_READ_CONSUME_CHECK_CONSUMER) timestamp=3857 ms, used_size=13588480 bytes (33.2%)
(RDMA_READ_CONSUME_CHECK_CONSUMER) timestamp=3857 ms, used_size=13586432 bytes (33.2%)
(RDMA_READ_CONSUME_CHECK_CONSUMER) timestamp=3857 ms, used_size=13584384 bytes (33.2%)
(RDMA_READ_CONSUME_CHECK_CONSUMER) timestamp=3857 ms, used_size=13582336 bytes (33.2%)
(RDMA_READ_CONSUME_CHECK_CONSUMER) timestamp=3857 ms, used_size=13580288 bytes (33.2%)
(RDMA_READ_CONSUME_CHECK_CONSUMER) timestamp=3857 ms, used_size=13578240 bytes (33.1%)
(RDMA_READ_CONSUME_CHECK_CONSUMER) timestamp=3858 ms, used_size=13576192 bytes (33.1%)
(RDMA_READ_CONSUME_CHECK_CONSUMER) timestamp=3858 ms, used_size=13574144 bytes (33.1%)
(RDMA_READ_CONSUME_CHECK_CONSUMER) timestamp=3858 ms, used_size=13572096 bytes (33.1%)
(RDMA_READ_CONSUME_CHECK_CONSUMER) timestamp=3858 ms, used_size=13570048 bytes (33.1%)
(RDMA_READ_CONSUME_CHECK_CONSUMER) timestamp=3858 ms, used_size=13568000 bytes (33.1%)
(RDMA_READ_CONSUME_CHECK_CONSUMER) timestamp=3858 ms, used_size=13565952 bytes (33.1%)
(RDMA_READ_CONSUME_CHECK_CONSUMER) timestamp=3858 ms, used_size=13563904 bytes (33.1%)
(RDMA_READ_CONSUME_CHECK_CONSUMER) timestamp=3858 ms, used_size=13561856 bytes (33.1%)
(RDMA_READ_CONSUME_CHECK_CONSUMER) timestamp=3858 ms, used_size=13559808 bytes (33.1%)
(RDMA_READ_CONSUME_CHECK_CONSUMER) timestamp=3858 ms, used_size=13557760 bytes (33.1%)
(RDMA_READ_CONSUME_CHECK_CONSUMER) timestamp=3858 ms, used_size=13555712 bytes (33.1%)
(RDMA_READ_CONSUME_CHECK_CONSUMER) timestamp=3858 ms, used_size=13553664 bytes (33.1%)
(RDMA_READ_CONSUME_CHECK_CONSUMER) timestamp=3858 ms, used_size=13551616 bytes (33.1%)
(RDMA_READ_CONSUME_CHECK_CONSUMER) timestamp=3858 ms, used_size=13549568 bytes (33.1%)
(RDMA_READ_CONSUME_CHECK_CONSUMER) timestamp=3858 ms, used_size=13547520 bytes (33.1%)
(RDMA_READ_CONSUME_CHECK_CONSUMER) timestamp=3858 ms, used_size=13545472 bytes (33.1%)
(RDMA_READ_CONSUME_CHECK_CONSUMER) timestamp=3858 ms, used_size=13543424 bytes (33.1%)
(RDMA_READ_CONSUME_CHECK_CONSUMER) timestamp=3858 ms, used_size=13541376 bytes (33.1%)
(RDMA_READ_CONSUME_CHECK_CONSUMER) timestamp=3858 ms, used_size=13539328 bytes (33.1%)
(RDMA_READ_CONSUME_CHECK_CONSUMER) timestamp=3858 ms, used_size=13537280 bytes (33.0%)
(RDMA_READ_CONSUME_CHECK_CONSUMER) timestamp=3858 ms, used_size=13535232 bytes (33.0%)
(RDMA_READ_CONSUME_CHECK_CONSUMER) timestamp=3858 ms, used_size=13533184 bytes (33.0%)
(RDMA_READ_CONSUME_CHECK_CONSUMER) timestamp=3858 ms, used_size=13531136 bytes (33.0%)
(RDMA_READ_CONSUME_CHECK_CONSUMER) timestamp=3858 ms, used_size=13529088 bytes (33.0%)
(RDMA_READ_CONSUME_CHECK_CONSUMER) timestamp=3858 ms, used_size=13527040 bytes (33.0%)
(RDMA_READ_CONSUME_CHECK_CONSUMER) timestamp=3858 ms, used_size=13524992 bytes (33.0%)
(RDMA_READ_CONSUME_CHECK_CONSUMER) timestamp=3858 ms, used_size=13522944 bytes (33.0%)
(RDMA_READ_CONSUME_CHECK_CONSUMER) timestamp=3858 ms, used_size=13520896 bytes (33.0%)
(RDMA_READ_CONSUME_CHECK_CONSUMER) timestamp=3858 ms, used_size=13518848 bytes (33.0%)
(RDMA_READ_CONSUME_CHECK_CONSUMER) timestamp=3858 ms, used_size=13516800 bytes (33.0%)
(RDMA_READ_CONSUME_CHECK_CONSUMER) timestamp=3858 ms, used_size=13514752 bytes (33.0%)
(RDMA_READ_CONSUME_CHECK_CONSUMER) timestamp=3858 ms, used_size=13512704 bytes (33.0%)
(RDMA_READ_CONSUME_CHECK_CONSUMER) timestamp=3858 ms, used_size=13510656 bytes (33.0%)
(RDMA_READ_CONSUME_CHECK_CONSUMER) timestamp=3858 ms, used_size=13508608 bytes (33.0%)
(RDMA_READ_CONSUME_CHECK_CONSUMER) timestamp=3858 ms, used_size=13506560 bytes (33.0%)
(RDMA_READ_CONSUME_CHECK_CONSUMER) timestamp=3858 ms, used_size=13504512 bytes (33.0%)
(RDMA_READ_CONSUME_CHECK_CONSUMER) timestamp=3858 ms, used_size=13502464 bytes (33.0%)
(RDMA_READ_CONSUME_CHECK_CONSUMER) timestamp=3858 ms, used_size=13500416 bytes (33.0%)
(RDMA_READ_CONSUME_CHECK_CONSUMER) timestamp=3858 ms, used_size=13498368 bytes (33.0%)
(RDMA_READ_CONSUME_CHECK_CONSUMER) timestamp=3858 ms, used_size=13496320 bytes (33.0%)
(RDMA_READ_CONSUME_CHECK_CONSUMER) timestamp=3858 ms, used_size=13494272 bytes (32.9%)
(RDMA_READ_CONSUME_CHECK_CONSUMER) timestamp=3858 ms, used_size=13492224 bytes (32.9%)
(RDMA_READ_CONSUME_CHECK_CONSUMER) timestamp=3858 ms, used_size=13490176 bytes (32.9%)
(RDMA_READ_CONSUME_CHECK_CONSUMER) timestamp=3858 ms, used_size=13488128 bytes (32.9%)
(RDMA_READ_CONSUME_CHECK_CONSUMER) timestamp=3858 ms, used_size=13486080 bytes (32.9%)
(RDMA_READ_CONSUME_CHECK_CONSUMER) timestamp=3858 ms, used_size=13484032 bytes (32.9%)
(RDMA_READ_CONSUME_CHECK_CONSUMER) timestamp=3858 ms, used_size=13481984 bytes (32.9%)
(RDMA_READ_CONSUME_CHECK_CONSUMER) timestamp=3858 ms, used_size=13479936 bytes (32.9%)
(RDMA_READ_CONSUME_CHECK_CONSUMER) timestamp=3858 ms, used_size=13477888 bytes (32.9%)
(RDMA_READ_CONSUME_CHECK_CONSUMER) timestamp=3858 ms, used_size=13475840 bytes (32.9%)
(RDMA_READ_CONSUME_CHECK_CONSUMER) timestamp=3858 ms, used_size=13473792 bytes (32.9%)
(RDMA_READ_CONSUME_CHECK_CONSUMER) timestamp=3858 ms, used_size=13471744 bytes (32.9%)
(RDMA_READ_CONSUME_CHECK_CONSUMER) timestamp=3858 ms, used_size=13469696 bytes (32.9%)
(RDMA_READ_CONSUME_CHECK_CONSUMER) timestamp=3858 ms, used_size=13467648 bytes (32.9%)
(RDMA_READ_CONSUME_CHECK_CONSUMER) timestamp=3858 ms, used_size=13465600 bytes (32.9%)
(RDMA_READ_CONSUME_CHECK_CONSUMER) timestamp=3858 ms, used_size=13463552 bytes (32.9%)
(RDMA_READ_CONSUME_CHECK_CONSUMER) timestamp=3858 ms, used_size=13461504 bytes (32.9%)
(RDMA_READ_CONSUME_CHECK_CONSUMER) timestamp=3858 ms, used_size=13459456 bytes (32.9%)
(RDMA_READ_CONSUME_CHECK_CONSUMER) timestamp=3858 ms, used_size=13457408 bytes (32.9%)
(RDMA_READ_CONSUME_CHECK_CONSUMER) timestamp=3858 ms, used_size=13455360 bytes (32.9%)
(RDMA_READ_CONSUME_CHECK_CONSUMER) timestamp=3858 ms, used_size=13453312 bytes (32.8%)
(RDMA_READ_CONSUME_CHECK_CONSUMER) timestamp=3858 ms, used_size=13451264 bytes (32.8%)
(RDMA_READ_CONSUME_CHECK_CONSUMER) timestamp=3858 ms, used_size=13449216 bytes (32.8%)
(RDMA_READ_CONSUME_CHECK_CONSUMER) timestamp=3858 ms, used_size=13447168 bytes (32.8%)
(RDMA_READ_CONSUME_CHECK_CONSUMER) timestamp=3858 ms, used_size=13445120 bytes (32.8%)
(RDMA_READ_CONSUME_CHECK_CONSUMER) timestamp=3858 ms, used_size=13443072 bytes (32.8%)
(RDMA_READ_CONSUME_CHECK_CONSUMER) timestamp=3858 ms, used_size=13441024 bytes (32.8%)
(RDMA_READ_CONSUME_CHECK_CONSUMER) timestamp=3858 ms, used_size=13438976 bytes (32.8%)
(RDMA_READ_CONSUME_CHECK_CONSUMER) timestamp=3858 ms, used_size=13436928 bytes (32.8%)
(RDMA_READ_CONSUME_CHECK_CONSUMER) timestamp=3858 ms, used_size=13434880 bytes (32.8%)
(RDMA_READ_CONSUME_CHECK_CONSUMER) timestamp=3858 ms, used_size=13432832 bytes (32.8%)
(RDMA_READ_CONSUME_CHECK_CONSUMER) timestamp=3858 ms, used_size=13430784 bytes (32.8%)
(RDMA_READ_CONSUME_CHECK_CONSUMER) timestamp=3858 ms, used_size=13428736 bytes (32.8%)
(RDMA_READ_CONSUME_CHECK_CONSUMER) timestamp=3858 ms, used_size=13426688 bytes (32.8%)
(RDMA_READ_CONSUME_CHECK_CONSUMER) timestamp=3858 ms, used_size=13424640 bytes (32.8%)
(RDMA_READ_CONSUME_CHECK_CONSUMER) timestamp=3858 ms, used_size=13422592 bytes (32.8%)
(RDMA_READ_CONSUME_CHECK_CONSUMER) timestamp=3858 ms, used_size=13420544 bytes (32.8%)
(RDMA_READ_CONSUME_CHECK_CONSUMER) timestamp=3858 ms, used_size=13418496 bytes (32.8%)
(RDMA_READ_CONSUME_CHECK_CONSUMER) timestamp=3858 ms, used_size=13416448 bytes (32.8%)
(RDMA_READ_CONSUME_CHECK_CONSUMER) timestamp=3858 ms, used_size=13414400 bytes (32.8%)
(RDMA_READ_CONSUME_CHECK_CONSUMER) timestamp=3858 ms, used_size=13412352 bytes (32.7%)
(RDMA_READ_CONSUME_CHECK_CONSUMER) timestamp=3858 ms, used_size=13410304 bytes (32.7%)
(RDMA_READ_CONSUME_CHECK_CONSUMER) timestamp=3858 ms, used_size=13408256 bytes (32.7%)
(RDMA_READ_CONSUME_CHECK_CONSUMER) timestamp=3858 ms, used_size=13406208 bytes (32.7%)
(RDMA_READ_CONSUME_CHECK_CONSUMER) timestamp=3858 ms, used_size=13404160 bytes (32.7%)
(RDMA_READ_CONSUME_CHECK_CONSUMER) timestamp=3858 ms, used_size=13402112 bytes (32.7%)
(RDMA_READ_CONSUME_CHECK_CONSUMER) timestamp=3858 ms, used_size=13400064 bytes (32.7%)
(RDMA_READ_CONSUME_CHECK_CONSUMER) timestamp=3858 ms, used_size=13398016 bytes (32.7%)
(RDMA_READ_CONSUME_CHECK_CONSUMER) timestamp=3858 ms, used_size=13395968 bytes (32.7%)
(RDMA_READ_CONSUME_CHECK_CONSUMER) timestamp=3858 ms, used_size=13393920 bytes (32.7%)
(RDMA_READ_CONSUME_CHECK_CONSUMER) timestamp=3858 ms, used_size=13391872 bytes (32.7%)
(RDMA_READ_CONSUME_CHECK_CONSUMER) timestamp=3858 ms, used_size=13389824 bytes (32.7%)
(RDMA_READ_CONSUME_CHECK_CONSUMER) timestamp=3858 ms, used_size=13387776 bytes (32.7%)
(RDMA_READ_CONSUME_CHECK_CONSUMER) timestamp=3858 ms, used_size=13385728 bytes (32.7%)
(RDMA_READ_CONSUME_CHECK_CONSUMER) timestamp=3858 ms, used_size=13383680 bytes (32.7%)
(RDMA_READ_CONSUME_CHECK_CONSUMER) timestamp=3858 ms, used_size=13381632 bytes (32.7%)
(RDMA_READ_CONSUME_CHECK_CONSUMER) timestamp=3858 ms, used_size=13379584 bytes (32.7%)
(RDMA_READ_CONSUME_CHECK_CONSUMER) timestamp=3858 ms, used_size=13377536 bytes (32.7%)
(RDMA_READ_CONSUME_CHECK_CONSUMER) timestamp=3858 ms, used_size=13375488 bytes (32.7%)
(RDMA_READ_CONSUME_CHECK_CONSUMER) timestamp=3858 ms, used_size=13373440 bytes (32.6%)
(RDMA_READ_CONSUME_CHECK_CONSUMER) timestamp=3858 ms, used_size=13371392 bytes (32.6%)
(RDMA_READ_CONSUME_CHECK_CONSUMER) timestamp=3858 ms, used_size=13369344 bytes (32.6%)
(RDMA_READ_CONSUME_CHECK_CONSUMER) timestamp=3858 ms, used_size=13367296 bytes (32.6%)
(RDMA_READ_CONSUME_CHECK_CONSUMER) timestamp=3858 ms, used_size=13365248 bytes (32.6%)
(RDMA_READ_CONSUME_CHECK_CONSUMER) timestamp=3858 ms, used_size=13363200 bytes (32.6%)
(RDMA_READ_CONSUME_CHECK_CONSUMER) timestamp=3858 ms, used_size=13361152 bytes (32.6%)
(RDMA_READ_CONSUME_CHECK_CONSUMER) timestamp=3858 ms, used_size=13359104 bytes (32.6%)
(RDMA_READ_CONSUME_CHECK_CONSUMER) timestamp=3858 ms, used_size=13357056 bytes (32.6%)
(RDMA_READ_CONSUME_CHECK_CONSUMER) timestamp=3858 ms, used_size=13355008 bytes (32.6%)
(RDMA_READ_CONSUME_CHECK_CONSUMER) timestamp=3858 ms, used_size=13352960 bytes (32.6%)
(RDMA_READ_CONSUME_CHECK_CONSUMER) timestamp=3858 ms, used_size=13350912 bytes (32.6%)
(RDMA_READ_CONSUME_CHECK_CONSUMER) timestamp=3858 ms, used_size=13348864 bytes (32.6%)
(RDMA_READ_CONSUME_CHECK_CONSUMER) timestamp=3858 ms, used_size=13346816 bytes (32.6%)
(RDMA_READ_CONSUME_CHECK_CONSUMER) timestamp=3858 ms, used_size=13344768 bytes (32.6%)
(RDMA_READ_CONSUME_CHECK_CONSUMER) timestamp=3858 ms, used_size=13342720 bytes (32.6%)
(RDMA_READ_CONSUME_CHECK_CONSUMER) timestamp=3858 ms, used_size=13340672 bytes (32.6%)
(RDMA_READ_CONSUME_CHECK_CONSUMER) timestamp=3858 ms, used_size=13338624 bytes (32.6%)
(RDMA_READ_CONSUME_CHECK_CONSUMER) timestamp=3858 ms, used_size=13336576 bytes (32.6%)
(RDMA_READ_CONSUME_CHECK_CONSUMER) timestamp=3858 ms, used_size=13334528 bytes (32.6%)
(RDMA_READ_CONSUME_CHECK_CONSUMER) timestamp=3858 ms, used_size=13332480 bytes (32.5%)
(RDMA_READ_CONSUME_CHECK_CONSUMER) timestamp=3858 ms, used_size=13330432 bytes (32.5%)
(RDMA_READ_CONSUME_CHECK_CONSUMER) timestamp=3858 ms, used_size=13328384 bytes (32.5%)
(RDMA_READ_CONSUME_CHECK_CONSUMER) timestamp=3858 ms, used_size=13326336 bytes (32.5%)
(RDMA_READ_CONSUME_CHECK_CONSUMER) timestamp=3858 ms, used_size=13324288 bytes (32.5%)
(RDMA_READ_CONSUME_CHECK_CONSUMER) timestamp=3858 ms, used_size=13322240 bytes (32.5%)
(RDMA_READ_CONSUME_CHECK_CONSUMER) timestamp=3858 ms, used_size=13320192 bytes (32.5%)
(RDMA_READ_CONSUME_CHECK_CONSUMER) timestamp=3858 ms, used_size=13318144 bytes (32.5%)
(RDMA_READ_CONSUME_CHECK_CONSUMER) timestamp=3858 ms, used_size=13316096 bytes (32.5%)
(RDMA_READ_CONSUME_CHECK_CONSUMER) timestamp=3858 ms, used_size=13314048 bytes (32.5%)
(RDMA_READ_CONSUME_CHECK_CONSUMER) timestamp=3858 ms, used_size=13312000 bytes (32.5%)
(RDMA_READ_CONSUME_CHECK_CONSUMER) timestamp=3858 ms, used_size=13309952 bytes (32.5%)
(RDMA_READ_CONSUME_CHECK_CONSUMER) timestamp=3858 ms, used_size=13307904 bytes (32.5%)
(RDMA_READ_CONSUME_CHECK_CONSUMER) timestamp=3858 ms, used_size=13305856 bytes (32.5%)
(RDMA_READ_CONSUME_CHECK_CONSUMER) timestamp=3858 ms, used_size=13303808 bytes (32.5%)
(RDMA_READ_CONSUME_CHECK_CONSUMER) timestamp=3858 ms, used_size=13301760 bytes (32.5%)
(RDMA_READ_CONSUME_CHECK_CONSUMER) timestamp=3858 ms, used_size=13299712 bytes (32.5%)
(RDMA_READ_CONSUME_CHECK_CONSUMER) timestamp=3858 ms, used_size=13297664 bytes (32.5%)
(RDMA_READ_CONSUME_CHECK_CONSUMER) timestamp=3858 ms, used_size=13295616 bytes (32.5%)
(RDMA_READ_CONSUME_CHECK_CONSUMER) timestamp=3858 ms, used_size=13293568 bytes (32.5%)
(RDMA_READ_CONSUME_CHECK_CONSUMER) timestamp=3858 ms, used_size=13291520 bytes (32.5%)
(RDMA_READ_CONSUME_CHECK_CONSUMER) timestamp=3858 ms, used_size=13289472 bytes (32.4%)
(RDMA_READ_CONSUME_CHECK_CONSUMER) timestamp=3858 ms, used_size=13287424 bytes (32.4%)
(RDMA_READ_CONSUME_CHECK_CONSUMER) timestamp=3858 ms, used_size=13285376 bytes (32.4%)
(RDMA_READ_CONSUME_CHECK_CONSUMER) timestamp=3858 ms, used_size=13283328 bytes (32.4%)
(RDMA_READ_CONSUME_CHECK_CONSUMER) timestamp=3858 ms, used_size=13281280 bytes (32.4%)
(RDMA_READ_CONSUME_CHECK_CONSUMER) timestamp=3858 ms, used_size=13279232 bytes (32.4%)
(RDMA_READ_CONSUME_CHECK_CONSUMER) timestamp=3858 ms, used_size=13277184 bytes (32.4%)
(RDMA_READ_CONSUME_CHECK_CONSUMER) timestamp=3858 ms, used_size=13275136 bytes (32.4%)
(RDMA_READ_CONSUME_CHECK_CONSUMER) timestamp=3858 ms, used_size=13273088 bytes (32.4%)
(RDMA_READ_CONSUME_CHECK_CONSUMER) timestamp=3858 ms, used_size=13271040 bytes (32.4%)
(RDMA_READ_CONSUME_CHECK_CONSUMER) timestamp=3858 ms, used_size=13268992 bytes (32.4%)
(RDMA_READ_CONSUME_CHECK_CONSUMER) timestamp=3858 ms, used_size=13266944 bytes (32.4%)
(RDMA_READ_CONSUME_CHECK_CONSUMER) timestamp=3858 ms, used_size=13264896 bytes (32.4%)
(RDMA_READ_CONSUME_CHECK_CONSUMER) timestamp=3858 ms, used_size=13262848 bytes (32.4%)
(RDMA_READ_CONSUME_CHECK_CONSUMER) timestamp=3858 ms, used_size=13260800 bytes (32.4%)
(RDMA_READ_CONSUME_CHECK_CONSUMER) timestamp=3858 ms, used_size=13258752 bytes (32.4%)
(RDMA_READ_CONSUME_CHECK_CONSUMER) timestamp=3858 ms, used_size=13256704 bytes (32.4%)
(RDMA_READ_CONSUME_CHECK_CONSUMER) timestamp=3858 ms, used_size=13254656 bytes (32.4%)
(RDMA_READ_CONSUME_CHECK_CONSUMER) timestamp=3858 ms, used_size=13252608 bytes (32.4%)
(RDMA_READ_CONSUME_CHECK_CONSUMER) timestamp=3858 ms, used_size=13250560 bytes (32.4%)
(RDMA_READ_CONSUME_CHECK_CONSUMER) timestamp=3858 ms, used_size=13248512 bytes (32.3%)
(RDMA_READ_CONSUME_CHECK_CONSUMER) timestamp=3858 ms, used_size=13246464 bytes (32.3%)
(RDMA_READ_CONSUME_CHECK_CONSUMER) timestamp=3858 ms, used_size=13244416 bytes (32.3%)
(RDMA_READ_CONSUME_CHECK_CONSUMER) timestamp=3858 ms, used_size=13242368 bytes (32.3%)
(RDMA_READ_CONSUME_CHECK_CONSUMER) timestamp=3858 ms, used_size=13240320 bytes (32.3%)
(RDMA_READ_CONSUME_CHECK_CONSUMER) timestamp=3858 ms, used_size=13238272 bytes (32.3%)
(RDMA_READ_CONSUME_CHECK_CONSUMER) timestamp=3858 ms, used_size=13236224 bytes (32.3%)
(RDMA_READ_CONSUME_CHECK_CONSUMER) timestamp=3858 ms, used_size=13234176 bytes (32.3%)
(RDMA_READ_CONSUME_CHECK_CONSUMER) timestamp=3858 ms, used_size=13232128 bytes (32.3%)
(RDMA_READ_CONSUME_CHECK_CONSUMER) timestamp=3858 ms, used_size=13230080 bytes (32.3%)
(RDMA_READ_CONSUME_CHECK_CONSUMER) timestamp=3858 ms, used_size=13228032 bytes (32.3%)
(RDMA_READ_CONSUME_CHECK_CONSUMER) timestamp=3858 ms, used_size=13225984 bytes (32.3%)
(RDMA_READ_CONSUME_CHECK_CONSUMER) timestamp=3858 ms, used_size=13223936 bytes (32.3%)
(RDMA_READ_CONSUME_CHECK_CONSUMER) timestamp=3858 ms, used_size=13221888 bytes (32.3%)
(RDMA_READ_CONSUME_CHECK_CONSUMER) timestamp=3858 ms, used_size=13219840 bytes (32.3%)
(RDMA_READ_CONSUME_CHECK_CONSUMER) timestamp=3858 ms, used_size=13217792 bytes (32.3%)
(RDMA_READ_CONSUME_CHECK_CONSUMER) timestamp=3858 ms, used_size=13215744 bytes (32.3%)
(RDMA_READ_CONSUME_CHECK_CONSUMER) timestamp=3859 ms, used_size=13213696 bytes (32.3%)
(RDMA_READ_CONSUME_CHECK_CONSUMER) timestamp=3859 ms, used_size=13211648 bytes (32.3%)
(RDMA_READ_CONSUME_CHECK_CONSUMER) timestamp=3859 ms, used_size=13209600 bytes (32.2%)
(RDMA_READ_CONSUME_CHECK_CONSUMER) timestamp=3859 ms, used_size=13207552 bytes (32.2%)
(RDMA_READ_CONSUME_CHECK_CONSUMER) timestamp=3859 ms, used_size=13205504 bytes (32.2%)
(RDMA_READ_CONSUME_CHECK_CONSUMER) timestamp=3859 ms, used_size=13203456 bytes (32.2%)
(RDMA_READ_CONSUME_CHECK_CONSUMER) timestamp=3859 ms, used_size=13201408 bytes (32.2%)
(RDMA_READ_CONSUME_CHECK_CONSUMER) timestamp=3859 ms, used_size=13199360 bytes (32.2%)
(RDMA_READ_CONSUME_CHECK_CONSUMER) timestamp=3859 ms, used_size=13197312 bytes (32.2%)
(RDMA_READ_CONSUME_CHECK_CONSUMER) timestamp=3859 ms, used_size=13195264 bytes (32.2%)
(RDMA_READ_CONSUME_CHECK_CONSUMER) timestamp=3859 ms, used_size=13193216 bytes (32.2%)
(RDMA_READ_CONSUME_CHECK_CONSUMER) timestamp=3859 ms, used_size=13191168 bytes (32.2%)
(RDMA_READ_CONSUME_CHECK_CONSUMER) timestamp=3859 ms, used_size=13189120 bytes (32.2%)
(RDMA_READ_CONSUME_CHECK_CONSUMER) timestamp=3859 ms, used_size=13187072 bytes (32.2%)
(RDMA_READ_CONSUME_CHECK_CONSUMER) timestamp=3859 ms, used_size=13185024 bytes (32.2%)
(RDMA_READ_CONSUME_CHECK_CONSUMER) timestamp=3859 ms, used_size=13182976 bytes (32.2%)
(RDMA_READ_CONSUME_CHECK_CONSUMER) timestamp=3859 ms, used_size=13180928 bytes (32.2%)
(RDMA_READ_CONSUME_CHECK_CONSUMER) timestamp=3859 ms, used_size=13178880 bytes (32.2%)
(RDMA_READ_CONSUME_CHECK_CONSUMER) timestamp=3859 ms, used_size=13176832 bytes (32.2%)
(RDMA_READ_CONSUME_CHECK_CONSUMER) timestamp=3859 ms, used_size=13174784 bytes (32.2%)
(RDMA_READ_CONSUME_CHECK_CONSUMER) timestamp=3859 ms, used_size=13172736 bytes (32.2%)
(RDMA_READ_CONSUME_CHECK_CONSUMER) timestamp=3859 ms, used_size=13170688 bytes (32.2%)
(RDMA_READ_CONSUME_CHECK_CONSUMER) timestamp=3859 ms, used_size=13168640 bytes (32.1%)
(RDMA_READ_CONSUME_CHECK_CONSUMER) timestamp=3859 ms, used_size=13166592 bytes (32.1%)
(RDMA_READ_CONSUME_CHECK_CONSUMER) timestamp=3859 ms, used_size=13164544 bytes (32.1%)
(RDMA_READ_CONSUME_CHECK_CONSUMER) timestamp=3859 ms, used_size=13162496 bytes (32.1%)
(RDMA_READ_CONSUME_CHECK_CONSUMER) timestamp=3859 ms, used_size=13160448 bytes (32.1%)
(RDMA_READ_CONSUME_CHECK_CONSUMER) timestamp=3859 ms, used_size=13158400 bytes (32.1%)
(RDMA_READ_CONSUME_CHECK_CONSUMER) timestamp=3859 ms, used_size=13156352 bytes (32.1%)
(RDMA_READ_CONSUME_CHECK_CONSUMER) timestamp=3859 ms, used_size=13154304 bytes (32.1%)
(RDMA_READ_CONSUME_CHECK_CONSUMER) timestamp=3859 ms, used_size=13152256 bytes (32.1%)
(RDMA_READ_CONSUME_CHECK_CONSUMER) timestamp=3859 ms, used_size=13150208 bytes (32.1%)
(RDMA_READ_CONSUME_CHECK_CONSUMER) timestamp=3859 ms, used_size=13148160 bytes (32.1%)
(RDMA_READ_CONSUME_CHECK_CONSUMER) timestamp=3859 ms, used_size=13146112 bytes (32.1%)
(RDMA_READ_CONSUME_CHECK_CONSUMER) timestamp=3859 ms, used_size=13144064 bytes (32.1%)
(RDMA_READ_CONSUME_CHECK_CONSUMER) timestamp=3859 ms, used_size=13142016 bytes (32.1%)
(RDMA_READ_CONSUME_CHECK_CONSUMER) timestamp=3859 ms, used_size=13139968 bytes (32.1%)
(RDMA_READ_CONSUME_CHECK_CONSUMER) timestamp=3859 ms, used_size=13137920 bytes (32.1%)
(RDMA_READ_CONSUME_CHECK_CONSUMER) timestamp=3859 ms, used_size=13135872 bytes (32.1%)
(RDMA_READ_CONSUME_CHECK_CONSUMER) timestamp=3859 ms, used_size=13133824 bytes (32.1%)
(RDMA_READ_CONSUME_CHECK_CONSUMER) timestamp=3859 ms, used_size=13131776 bytes (32.1%)
(RDMA_READ_CONSUME_CHECK_CONSUMER) timestamp=3859 ms, used_size=13129728 bytes (32.1%)
(RDMA_READ_CONSUME_CHECK_CONSUMER) timestamp=3859 ms, used_size=13127680 bytes (32.0%)
(RDMA_READ_CONSUME_CHECK_CONSUMER) timestamp=3859 ms, used_size=13125632 bytes (32.0%)
(RDMA_READ_CONSUME_CHECK_CONSUMER) timestamp=3859 ms, used_size=13123584 bytes (32.0%)
(RDMA_READ_CONSUME_CHECK_CONSUMER) timestamp=3859 ms, used_size=13121536 bytes (32.0%)
(RDMA_READ_CONSUME_CHECK_CONSUMER) timestamp=3859 ms, used_size=13119488 bytes (32.0%)
(RDMA_READ_CONSUME_CHECK_CONSUMER) timestamp=3859 ms, used_size=13117440 bytes (32.0%)
(RDMA_READ_CONSUME_CHECK_CONSUMER) timestamp=3859 ms, used_size=13115392 bytes (32.0%)
(RDMA_READ_CONSUME_CHECK_CONSUMER) timestamp=3859 ms, used_size=13113344 bytes (32.0%)
(RDMA_READ_CONSUME_CHECK_CONSUMER) timestamp=3859 ms, used_size=13111296 bytes (32.0%)
(RDMA_READ_CONSUME_CHECK_CONSUMER) timestamp=3859 ms, used_size=13109248 bytes (32.0%)
(RDMA_READ_CONSUME_CHECK_CONSUMER) timestamp=3859 ms, used_size=13107200 bytes (32.0%)
(RDMA_READ_CONSUME_CHECK_CONSUMER) timestamp=3859 ms, used_size=13105152 bytes (32.0%)
(RDMA_READ_CONSUME_CHECK_CONSUMER) timestamp=3859 ms, used_size=13103104 bytes (32.0%)
(RDMA_READ_CONSUME_CHECK_CONSUMER) timestamp=3859 ms, used_size=13101056 bytes (32.0%)
(RDMA_READ_CONSUME_CHECK_CONSUMER) timestamp=3859 ms, used_size=13099008 bytes (32.0%)
(RDMA_READ_CONSUME_CHECK_CONSUMER) timestamp=3859 ms, used_size=13096960 bytes (32.0%)
(RDMA_READ_CONSUME_CHECK_CONSUMER) timestamp=3859 ms, used_size=13094912 bytes (32.0%)
(RDMA_READ_CONSUME_CHECK_CONSUMER) timestamp=3859 ms, used_size=13092864 bytes (32.0%)
(RDMA_READ_CONSUME_CHECK_CONSUMER) timestamp=3859 ms, used_size=13090816 bytes (32.0%)
(RDMA_READ_CONSUME_CHECK_CONSUMER) timestamp=3859 ms, used_size=13088768 bytes (32.0%)
(RDMA_READ_CONSUME_CHECK_CONSUMER) timestamp=3859 ms, used_size=13086720 bytes (31.9%)
(RDMA_READ_CONSUME_CHECK_CONSUMER) timestamp=3859 ms, used_size=13084672 bytes (31.9%)
(RDMA_READ_CONSUME_CHECK_CONSUMER) timestamp=3859 ms, used_size=13082624 bytes (31.9%)
(RDMA_READ_CONSUME_CHECK_CONSUMER) timestamp=3859 ms, used_size=13080576 bytes (31.9%)
(RDMA_READ_CONSUME_CHECK_CONSUMER) timestamp=3859 ms, used_size=13078528 bytes (31.9%)
(RDMA_READ_CONSUME_CHECK_CONSUMER) timestamp=3859 ms, used_size=13076480 bytes (31.9%)
(RDMA_READ_CONSUME_CHECK_CONSUMER) timestamp=3859 ms, used_size=13074432 bytes (31.9%)
(RDMA_READ_CONSUME_CHECK_CONSUMER) timestamp=3859 ms, used_size=13072384 bytes (31.9%)
(RDMA_READ_CONSUME_CHECK_CONSUMER) timestamp=3859 ms, used_size=13070336 bytes (31.9%)
(RDMA_READ_CONSUME_CHECK_CONSUMER) timestamp=3859 ms, used_size=13068288 bytes (31.9%)
(RDMA_READ_CONSUME_CHECK_CONSUMER) timestamp=3859 ms, used_size=13066240 bytes (31.9%)
(RDMA_READ_CONSUME_CHECK_CONSUMER) timestamp=3859 ms, used_size=13064192 bytes (31.9%)
(RDMA_READ_CONSUME_CHECK_CONSUMER) timestamp=3859 ms, used_size=13062144 bytes (31.9%)
(RDMA_READ_CONSUME_CHECK_CONSUMER) timestamp=3859 ms, used_size=13060096 bytes (31.9%)
(RDMA_READ_CONSUME_CHECK_CONSUMER) timestamp=3859 ms, used_size=13058048 bytes (31.9%)
(RDMA_READ_CONSUME_CHECK_CONSUMER) timestamp=3859 ms, used_size=13056000 bytes (31.9%)
(RDMA_READ_CONSUME_CHECK_CONSUMER) timestamp=3859 ms, used_size=13053952 bytes (31.9%)
(RDMA_READ_CONSUME_CHECK_CONSUMER) timestamp=3859 ms, used_size=13051904 bytes (31.9%)
(RDMA_READ_CONSUME_CHECK_CONSUMER) timestamp=3859 ms, used_size=13049856 bytes (31.9%)
(RDMA_READ_CONSUME_CHECK_CONSUMER) timestamp=3859 ms, used_size=13047808 bytes (31.9%)
(RDMA_READ_CONSUME_CHECK_CONSUMER) timestamp=3859 ms, used_size=13045760 bytes (31.9%)
(RDMA_READ_CONSUME_CHECK_CONSUMER) timestamp=3859 ms, used_size=13043712 bytes (31.8%)
(RDMA_READ_CONSUME_CHECK_CONSUMER) timestamp=3859 ms, used_size=13041664 bytes (31.8%)
(RDMA_READ_CONSUME_CHECK_CONSUMER) timestamp=3859 ms, used_size=13039616 bytes (31.8%)
(RDMA_READ_CONSUME_CHECK_CONSUMER) timestamp=3859 ms, used_size=13037568 bytes (31.8%)
(RDMA_READ_CONSUME_CHECK_CONSUMER) timestamp=3859 ms, used_size=13035520 bytes (31.8%)
(RDMA_READ_CONSUME_CHECK_CONSUMER) timestamp=3859 ms, used_size=13033472 bytes (31.8%)
(RDMA_READ_CONSUME_CHECK_CONSUMER) timestamp=3859 ms, used_size=13031424 bytes (31.8%)
(RDMA_READ_CONSUME_CHECK_CONSUMER) timestamp=3859 ms, used_size=13029376 bytes (31.8%)
(RDMA_READ_CONSUME_CHECK_CONSUMER) timestamp=3859 ms, used_size=13027328 bytes (31.8%)
(RDMA_READ_CONSUME_CHECK_CONSUMER) timestamp=3859 ms, used_size=13025280 bytes (31.8%)
(RDMA_READ_CONSUME_CHECK_CONSUMER) timestamp=3859 ms, used_size=13023232 bytes (31.8%)
(RDMA_READ_CONSUME_CHECK_CONSUMER) timestamp=3859 ms, used_size=13021184 bytes (31.8%)
(RDMA_READ_CONSUME_CHECK_CONSUMER) timestamp=3859 ms, used_size=13019136 bytes (31.8%)
(RDMA_READ_CONSUME_CHECK_CONSUMER) timestamp=3859 ms, used_size=13017088 bytes (31.8%)
(RDMA_READ_CONSUME_CHECK_CONSUMER) timestamp=3859 ms, used_size=13015040 bytes (31.8%)
(RDMA_READ_CONSUME_CHECK_CONSUMER) timestamp=3859 ms, used_size=13012992 bytes (31.8%)
(RDMA_READ_CONSUME_CHECK_CONSUMER) timestamp=3859 ms, used_size=13010944 bytes (31.8%)
(RDMA_READ_CONSUME_CHECK_CONSUMER) timestamp=3859 ms, used_size=13008896 bytes (31.8%)
(RDMA_READ_CONSUME_CHECK_CONSUMER) timestamp=3859 ms, used_size=13006848 bytes (31.8%)
(RDMA_READ_CONSUME_CHECK_CONSUMER) timestamp=3859 ms, used_size=13004800 bytes (31.8%)
(RDMA_READ_CONSUME_CHECK_CONSUMER) timestamp=3859 ms, used_size=13002752 bytes (31.7%)
(RDMA_READ_CONSUME_CHECK_CONSUMER) timestamp=3859 ms, used_size=13000704 bytes (31.7%)
(RDMA_READ_CONSUME_CHECK_CONSUMER) timestamp=3859 ms, used_size=12998656 bytes (31.7%)
(RDMA_READ_CONSUME_CHECK_CONSUMER) timestamp=3859 ms, used_size=12996608 bytes (31.7%)
(RDMA_READ_CONSUME_CHECK_CONSUMER) timestamp=3859 ms, used_size=12994560 bytes (31.7%)
(RDMA_READ_CONSUME_CHECK_CONSUMER) timestamp=3859 ms, used_size=12992512 bytes (31.7%)
(RDMA_READ_CONSUME_CHECK_CONSUMER) timestamp=3859 ms, used_size=12990464 bytes (31.7%)
(RDMA_READ_CONSUME_CHECK_CONSUMER) timestamp=3859 ms, used_size=12988416 bytes (31.7%)
(RDMA_READ_CONSUME_CHECK_CONSUMER) timestamp=3859 ms, used_size=12986368 bytes (31.7%)
(RDMA_READ_CONSUME_CHECK_CONSUMER) timestamp=3859 ms, used_size=12984320 bytes (31.7%)
(RDMA_READ_CONSUME_CHECK_CONSUMER) timestamp=3859 ms, used_size=12982272 bytes (31.7%)
(RDMA_READ_CONSUME_CHECK_CONSUMER) timestamp=3859 ms, used_size=12980224 bytes (31.7%)
(RDMA_READ_CONSUME_CHECK_CONSUMER) timestamp=3859 ms, used_size=12978176 bytes (31.7%)
(RDMA_READ_CONSUME_CHECK_CONSUMER) timestamp=3859 ms, used_size=12976128 bytes (31.7%)
(RDMA_READ_CONSUME_CHECK_CONSUMER) timestamp=3859 ms, used_size=12974080 bytes (31.7%)
(RDMA_READ_CONSUME_CHECK_CONSUMER) timestamp=3859 ms, used_size=12972032 bytes (31.7%)
(RDMA_READ_CONSUME_CHECK_CONSUMER) timestamp=3859 ms, used_size=12969984 bytes (31.7%)
(RDMA_READ_CONSUME_CHECK_CONSUMER) timestamp=3859 ms, used_size=12967936 bytes (31.7%)
(RDMA_READ_CONSUME_CHECK_CONSUMER) timestamp=3859 ms, used_size=12965888 bytes (31.7%)
(RDMA_READ_CONSUME_CHECK_CONSUMER) timestamp=3859 ms, used_size=12963840 bytes (31.6%)
(RDMA_READ_CONSUME_CHECK_CONSUMER) timestamp=3859 ms, used_size=12961792 bytes (31.6%)
(RDMA_READ_CONSUME_CHECK_CONSUMER) timestamp=3859 ms, used_size=12959744 bytes (31.6%)
(RDMA_READ_CONSUME_CHECK_CONSUMER) timestamp=3859 ms, used_size=12957696 bytes (31.6%)
(RDMA_READ_CONSUME_CHECK_CONSUMER) timestamp=3859 ms, used_size=12955648 bytes (31.6%)
(RDMA_READ_CONSUME_CHECK_CONSUMER) timestamp=3859 ms, used_size=12953600 bytes (31.6%)
(RDMA_READ_CONSUME_CHECK_CONSUMER) timestamp=3859 ms, used_size=12951552 bytes (31.6%)
(RDMA_READ_CONSUME_CHECK_CONSUMER) timestamp=3859 ms, used_size=12949504 bytes (31.6%)
(RDMA_READ_CONSUME_CHECK_CONSUMER) timestamp=3859 ms, used_size=12947456 bytes (31.6%)
(RDMA_READ_CONSUME_CHECK_CONSUMER) timestamp=3859 ms, used_size=12945408 bytes (31.6%)
(RDMA_READ_CONSUME_CHECK_CONSUMER) timestamp=3859 ms, used_size=12943360 bytes (31.6%)
(RDMA_READ_CONSUME_CHECK_CONSUMER) timestamp=3859 ms, used_size=12941312 bytes (31.6%)
(RDMA_READ_CONSUME_CHECK_CONSUMER) timestamp=3859 ms, used_size=12939264 bytes (31.6%)
(RDMA_READ_CONSUME_CHECK_CONSUMER) timestamp=3859 ms, used_size=12937216 bytes (31.6%)
(RDMA_READ_CONSUME_CHECK_CONSUMER) timestamp=3859 ms, used_size=12935168 bytes (31.6%)
(RDMA_READ_CONSUME_CHECK_CONSUMER) timestamp=3859 ms, used_size=12933120 bytes (31.6%)
(RDMA_READ_CONSUME_CHECK_CONSUMER) timestamp=3859 ms, used_size=12931072 bytes (31.6%)
(RDMA_READ_CONSUME_CHECK_CONSUMER) timestamp=3859 ms, used_size=12929024 bytes (31.6%)
(RDMA_READ_CONSUME_CHECK_CONSUMER) timestamp=3859 ms, used_size=12926976 bytes (31.6%)
(RDMA_READ_CONSUME_CHECK_CONSUMER) timestamp=3859 ms, used_size=12924928 bytes (31.6%)
(RDMA_READ_CONSUME_CHECK_CONSUMER) timestamp=3859 ms, used_size=12922880 bytes (31.6%)
(RDMA_READ_CONSUME_CHECK_CONSUMER) timestamp=3859 ms, used_size=12920832 bytes (31.5%)
(RDMA_READ_CONSUME_CHECK_CONSUMER) timestamp=3859 ms, used_size=12918784 bytes (31.5%)
(RDMA_READ_CONSUME_CHECK_CONSUMER) timestamp=3859 ms, used_size=12916736 bytes (31.5%)
(RDMA_READ_CONSUME_CHECK_CONSUMER) timestamp=3859 ms, used_size=12914688 bytes (31.5%)
(RDMA_READ_CONSUME_CHECK_CONSUMER) timestamp=3859 ms, used_size=12912640 bytes (31.5%)
(RDMA_READ_CONSUME_CHECK_CONSUMER) timestamp=3859 ms, used_size=12910592 bytes (31.5%)
(RDMA_READ_CONSUME_CHECK_CONSUMER) timestamp=3859 ms, used_size=12908544 bytes (31.5%)
(RDMA_READ_CONSUME_CHECK_CONSUMER) timestamp=3859 ms, used_size=12906496 bytes (31.5%)
(RDMA_READ_CONSUME_CHECK_CONSUMER) timestamp=3859 ms, used_size=12904448 bytes (31.5%)
(RDMA_READ_CONSUME_CHECK_CONSUMER) timestamp=3859 ms, used_size=12902400 bytes (31.5%)
(RDMA_READ_CONSUME_CHECK_CONSUMER) timestamp=3859 ms, used_size=12900352 bytes (31.5%)
(RDMA_READ_CONSUME_CHECK_CONSUMER) timestamp=3859 ms, used_size=12898304 bytes (31.5%)
(RDMA_READ_CONSUME_CHECK_CONSUMER) timestamp=3859 ms, used_size=12896256 bytes (31.5%)
(RDMA_READ_CONSUME_CHECK_CONSUMER) timestamp=3859 ms, used_size=12894208 bytes (31.5%)
(RDMA_READ_CONSUME_CHECK_CONSUMER) timestamp=3859 ms, used_size=12892160 bytes (31.5%)
(RDMA_READ_CONSUME_CHECK_CONSUMER) timestamp=3859 ms, used_size=12890112 bytes (31.5%)
(RDMA_READ_CONSUME_CHECK_CONSUMER) timestamp=3859 ms, used_size=12888064 bytes (31.5%)
(RDMA_READ_CONSUME_CHECK_CONSUMER) timestamp=3859 ms, used_size=12886016 bytes (31.5%)
(RDMA_READ_CONSUME_CHECK_CONSUMER) timestamp=3859 ms, used_size=12883968 bytes (31.5%)
(RDMA_READ_CONSUME_CHECK_CONSUMER) timestamp=3859 ms, used_size=12881920 bytes (31.4%)
(RDMA_READ_CONSUME_CHECK_CONSUMER) timestamp=3859 ms, used_size=12879872 bytes (31.4%)
(RDMA_READ_CONSUME_CHECK_CONSUMER) timestamp=3859 ms, used_size=12877824 bytes (31.4%)
(RDMA_READ_CONSUME_CHECK_CONSUMER) timestamp=3859 ms, used_size=12875776 bytes (31.4%)
(RDMA_READ_CONSUME_CHECK_CONSUMER) timestamp=3859 ms, used_size=12873728 bytes (31.4%)
(RDMA_READ_CONSUME_CHECK_CONSUMER) timestamp=3859 ms, used_size=12871680 bytes (31.4%)
(RDMA_READ_CONSUME_CHECK_CONSUMER) timestamp=3859 ms, used_size=12869632 bytes (31.4%)
(RDMA_READ_CONSUME_CHECK_CONSUMER) timestamp=3859 ms, used_size=12867584 bytes (31.4%)
(RDMA_READ_CONSUME_CHECK_CONSUMER) timestamp=3859 ms, used_size=12865536 bytes (31.4%)
(RDMA_READ_CONSUME_CHECK_CONSUMER) timestamp=3859 ms, used_size=12863488 bytes (31.4%)
(RDMA_READ_CONSUME_CHECK_CONSUMER) timestamp=3859 ms, used_size=12861440 bytes (31.4%)
(RDMA_READ_CONSUME_CHECK_CONSUMER) timestamp=3859 ms, used_size=12859392 bytes (31.4%)
(RDMA_READ_CONSUME_CHECK_CONSUMER) timestamp=3859 ms, used_size=12857344 bytes (31.4%)
(RDMA_READ_CONSUME_CHECK_CONSUMER) timestamp=3859 ms, used_size=12855296 bytes (31.4%)
(RDMA_READ_CONSUME_CHECK_CONSUMER) timestamp=3859 ms, used_size=12853248 bytes (31.4%)
(RDMA_READ_CONSUME_CHECK_CONSUMER) timestamp=3859 ms, used_size=12851200 bytes (31.4%)
(RDMA_READ_CONSUME_CHECK_CONSUMER) timestamp=3859 ms, used_size=12849152 bytes (31.4%)
(RDMA_READ_CONSUME_CHECK_CONSUMER) timestamp=3859 ms, used_size=12847104 bytes (31.4%)
(RDMA_READ_CONSUME_CHECK_CONSUMER) timestamp=3859 ms, used_size=12845056 bytes (31.4%)
(RDMA_READ_CONSUME_CHECK_CONSUMER) timestamp=3860 ms, used_size=12843008 bytes (31.4%)
(RDMA_READ_CONSUME_CHECK_CONSUMER) timestamp=3860 ms, used_size=12840960 bytes (31.4%)
(RDMA_READ_CONSUME_CHECK_CONSUMER) timestamp=3860 ms, used_size=12838912 bytes (31.3%)
(RDMA_READ_CONSUME_CHECK_CONSUMER) timestamp=3860 ms, used_size=12836864 bytes (31.3%)
(RDMA_READ_CONSUME_CHECK_CONSUMER) timestamp=3860 ms, used_size=12834816 bytes (31.3%)
(RDMA_READ_CONSUME_CHECK_CONSUMER) timestamp=3860 ms, used_size=12832768 bytes (31.3%)
(RDMA_READ_CONSUME_CHECK_CONSUMER) timestamp=3860 ms, used_size=12830720 bytes (31.3%)
(RDMA_READ_CONSUME_CHECK_CONSUMER) timestamp=3860 ms, used_size=12828672 bytes (31.3%)
(RDMA_READ_CONSUME_CHECK_CONSUMER) timestamp=3860 ms, used_size=12826624 bytes (31.3%)
(RDMA_READ_CONSUME_CHECK_CONSUMER) timestamp=3860 ms, used_size=12824576 bytes (31.3%)
(RDMA_READ_CONSUME_CHECK_CONSUMER) timestamp=3860 ms, used_size=12822528 bytes (31.3%)
(RDMA_READ_CONSUME_CHECK_CONSUMER) timestamp=3860 ms, used_size=12820480 bytes (31.3%)
(RDMA_READ_CONSUME_CHECK_CONSUMER) timestamp=3860 ms, used_size=12818432 bytes (31.3%)
(RDMA_READ_CONSUME_CHECK_CONSUMER) timestamp=3860 ms, used_size=12816384 bytes (31.3%)
(RDMA_READ_CONSUME_CHECK_CONSUMER) timestamp=3860 ms, used_size=12814336 bytes (31.3%)
(RDMA_READ_CONSUME_CHECK_CONSUMER) timestamp=3860 ms, used_size=12812288 bytes (31.3%)
(RDMA_READ_CONSUME_CHECK_CONSUMER) timestamp=3860 ms, used_size=12810240 bytes (31.3%)
(RDMA_READ_CONSUME_CHECK_CONSUMER) timestamp=3860 ms, used_size=12808192 bytes (31.3%)
(RDMA_READ_CONSUME_CHECK_CONSUMER) timestamp=3860 ms, used_size=12806144 bytes (31.3%)
(RDMA_READ_CONSUME_CHECK_CONSUMER) timestamp=3860 ms, used_size=12804096 bytes (31.3%)
(RDMA_READ_CONSUME_CHECK_CONSUMER) timestamp=3860 ms, used_size=12802048 bytes (31.3%)
(RDMA_READ_CONSUME_CHECK_CONSUMER) timestamp=3860 ms, used_size=12800000 bytes (31.2%)
(RDMA_READ_CONSUME_CHECK_CONSUMER) timestamp=3860 ms, used_size=12797952 bytes (31.2%)
(RDMA_READ_CONSUME_CHECK_CONSUMER) timestamp=3860 ms, used_size=12795904 bytes (31.2%)
(RDMA_READ_CONSUME_CHECK_CONSUMER) timestamp=3860 ms, used_size=12793856 bytes (31.2%)
(RDMA_READ_CONSUME_CHECK_CONSUMER) timestamp=3860 ms, used_size=12791808 bytes (31.2%)
(RDMA_READ_CONSUME_CHECK_CONSUMER) timestamp=3860 ms, used_size=12789760 bytes (31.2%)
(RDMA_READ_CONSUME_CHECK_CONSUMER) timestamp=3860 ms, used_size=12787712 bytes (31.2%)
(RDMA_READ_CONSUME_CHECK_CONSUMER) timestamp=3860 ms, used_size=12785664 bytes (31.2%)
(RDMA_READ_CONSUME_CHECK_CONSUMER) timestamp=3860 ms, used_size=12783616 bytes (31.2%)
(RDMA_READ_CONSUME_CHECK_CONSUMER) timestamp=3860 ms, used_size=12781568 bytes (31.2%)
(RDMA_READ_CONSUME_CHECK_CONSUMER) timestamp=3860 ms, used_size=12779520 bytes (31.2%)
(RDMA_READ_CONSUME_CHECK_CONSUMER) timestamp=3860 ms, used_size=12777472 bytes (31.2%)
(RDMA_READ_CONSUME_CHECK_CONSUMER) timestamp=3860 ms, used_size=12775424 bytes (31.2%)
(RDMA_READ_CONSUME_CHECK_CONSUMER) timestamp=3860 ms, used_size=12773376 bytes (31.2%)
(RDMA_READ_CONSUME_CHECK_CONSUMER) timestamp=3860 ms, used_size=12771328 bytes (31.2%)
(RDMA_READ_CONSUME_CHECK_CONSUMER) timestamp=3860 ms, used_size=12769280 bytes (31.2%)
(RDMA_READ_CONSUME_CHECK_CONSUMER) timestamp=3860 ms, used_size=12767232 bytes (31.2%)
(RDMA_READ_CONSUME_CHECK_CONSUMER) timestamp=3860 ms, used_size=12765184 bytes (31.2%)
(RDMA_READ_CONSUME_CHECK_CONSUMER) timestamp=3860 ms, used_size=12763136 bytes (31.2%)
(RDMA_READ_CONSUME_CHECK_CONSUMER) timestamp=3860 ms, used_size=12761088 bytes (31.2%)
(RDMA_READ_CONSUME_CHECK_CONSUMER) timestamp=3860 ms, used_size=12759040 bytes (31.1%)
(RDMA_READ_CONSUME_CHECK_CONSUMER) timestamp=3860 ms, used_size=12756992 bytes (31.1%)
(RDMA_READ_CONSUME_CHECK_CONSUMER) timestamp=3860 ms, used_size=12754944 bytes (31.1%)
(RDMA_READ_CONSUME_CHECK_CONSUMER) timestamp=3860 ms, used_size=12752896 bytes (31.1%)
(RDMA_READ_CONSUME_CHECK_CONSUMER) timestamp=3860 ms, used_size=12750848 bytes (31.1%)
(RDMA_READ_CONSUME_CHECK_CONSUMER) timestamp=3860 ms, used_size=12748800 bytes (31.1%)
(RDMA_READ_CONSUME_CHECK_CONSUMER) timestamp=3860 ms, used_size=12746752 bytes (31.1%)
(RDMA_READ_CONSUME_CHECK_CONSUMER) timestamp=3860 ms, used_size=12744704 bytes (31.1%)
(RDMA_READ_CONSUME_CHECK_CONSUMER) timestamp=3860 ms, used_size=12742656 bytes (31.1%)
(RDMA_READ_CONSUME_CHECK_CONSUMER) timestamp=3860 ms, used_size=12740608 bytes (31.1%)
(RDMA_READ_CONSUME_CHECK_CONSUMER) timestamp=3860 ms, used_size=12738560 bytes (31.1%)
(RDMA_READ_CONSUME_CHECK_CONSUMER) timestamp=3860 ms, used_size=12736512 bytes (31.1%)
(RDMA_READ_CONSUME_CHECK_CONSUMER) timestamp=3860 ms, used_size=12734464 bytes (31.1%)
(RDMA_READ_CONSUME_CHECK_CONSUMER) timestamp=3860 ms, used_size=12732416 bytes (31.1%)
(RDMA_READ_CONSUME_CHECK_CONSUMER) timestamp=3860 ms, used_size=12730368 bytes (31.1%)
(RDMA_READ_CONSUME_CHECK_CONSUMER) timestamp=3860 ms, used_size=12728320 bytes (31.1%)
(RDMA_READ_CONSUME_CHECK_CONSUMER) timestamp=3860 ms, used_size=12726272 bytes (31.1%)
(RDMA_READ_CONSUME_CHECK_CONSUMER) timestamp=3860 ms, used_size=12724224 bytes (31.1%)
(RDMA_READ_CONSUME_CHECK_CONSUMER) timestamp=3860 ms, used_size=12722176 bytes (31.1%)
(RDMA_READ_CONSUME_CHECK_CONSUMER) timestamp=3860 ms, used_size=12720128 bytes (31.1%)
(RDMA_READ_CONSUME_CHECK_CONSUMER) timestamp=3860 ms, used_size=12718080 bytes (31.1%)
(RDMA_READ_CONSUME_CHECK_CONSUMER) timestamp=3860 ms, used_size=12716032 bytes (31.0%)
(RDMA_READ_CONSUME_CHECK_CONSUMER) timestamp=3860 ms, used_size=12713984 bytes (31.0%)
(RDMA_READ_CONSUME_CHECK_CONSUMER) timestamp=3860 ms, used_size=12711936 bytes (31.0%)
(RDMA_READ_CONSUME_CHECK_CONSUMER) timestamp=3860 ms, used_size=12709888 bytes (31.0%)
(RDMA_READ_CONSUME_CHECK_CONSUMER) timestamp=3860 ms, used_size=12707840 bytes (31.0%)
(RDMA_READ_CONSUME_CHECK_CONSUMER) timestamp=3860 ms, used_size=12705792 bytes (31.0%)
(RDMA_READ_CONSUME_CHECK_CONSUMER) timestamp=3860 ms, used_size=12703744 bytes (31.0%)
(RDMA_READ_CONSUME_CHECK_CONSUMER) timestamp=3860 ms, used_size=12701696 bytes (31.0%)
(RDMA_READ_CONSUME_CHECK_CONSUMER) timestamp=3860 ms, used_size=12699648 bytes (31.0%)
(RDMA_READ_CONSUME_CHECK_CONSUMER) timestamp=3860 ms, used_size=12697600 bytes (31.0%)
(RDMA_READ_CONSUME_CHECK_CONSUMER) timestamp=3860 ms, used_size=12695552 bytes (31.0%)
(RDMA_READ_CONSUME_CHECK_CONSUMER) timestamp=3860 ms, used_size=12693504 bytes (31.0%)
(RDMA_READ_CONSUME_CHECK_CONSUMER) timestamp=3860 ms, used_size=12691456 bytes (31.0%)
(RDMA_READ_CONSUME_CHECK_CONSUMER) timestamp=3860 ms, used_size=12689408 bytes (31.0%)
(RDMA_READ_CONSUME_CHECK_CONSUMER) timestamp=3860 ms, used_size=12687360 bytes (31.0%)
(RDMA_READ_CONSUME_CHECK_CONSUMER) timestamp=3860 ms, used_size=12685312 bytes (31.0%)
(RDMA_READ_CONSUME_CHECK_CONSUMER) timestamp=3860 ms, used_size=12683264 bytes (31.0%)
(RDMA_READ_CONSUME_CHECK_CONSUMER) timestamp=3860 ms, used_size=12681216 bytes (31.0%)
(RDMA_READ_CONSUME_CHECK_CONSUMER) timestamp=3860 ms, used_size=12679168 bytes (31.0%)
(RDMA_READ_CONSUME_CHECK_CONSUMER) timestamp=3860 ms, used_size=12677120 bytes (30.9%)
(RDMA_READ_CONSUME_CHECK_CONSUMER) timestamp=3860 ms, used_size=12675072 bytes (30.9%)
(RDMA_READ_CONSUME_CHECK_CONSUMER) timestamp=3860 ms, used_size=12673024 bytes (30.9%)
(RDMA_READ_CONSUME_CHECK_CONSUMER) timestamp=3860 ms, used_size=12670976 bytes (30.9%)
(RDMA_READ_CONSUME_CHECK_CONSUMER) timestamp=3860 ms, used_size=12668928 bytes (30.9%)
(RDMA_READ_CONSUME_CHECK_CONSUMER) timestamp=3860 ms, used_size=12666880 bytes (30.9%)
(RDMA_READ_CONSUME_CHECK_CONSUMER) timestamp=3860 ms, used_size=12664832 bytes (30.9%)
(RDMA_READ_CONSUME_CHECK_CONSUMER) timestamp=3860 ms, used_size=12662784 bytes (30.9%)
(RDMA_READ_CONSUME_CHECK_CONSUMER) timestamp=3860 ms, used_size=12660736 bytes (30.9%)
(RDMA_READ_CONSUME_CHECK_CONSUMER) timestamp=3860 ms, used_size=12658688 bytes (30.9%)
(RDMA_READ_CONSUME_CHECK_CONSUMER) timestamp=3860 ms, used_size=12656640 bytes (30.9%)
(RDMA_READ_CONSUME_CHECK_CONSUMER) timestamp=3860 ms, used_size=12654592 bytes (30.9%)
(RDMA_READ_CONSUME_CHECK_CONSUMER) timestamp=3860 ms, used_size=12652544 bytes (30.9%)
(RDMA_READ_CONSUME_CHECK_CONSUMER) timestamp=3860 ms, used_size=12650496 bytes (30.9%)
(RDMA_READ_CONSUME_CHECK_CONSUMER) timestamp=3860 ms, used_size=12648448 bytes (30.9%)
(RDMA_READ_CONSUME_CHECK_CONSUMER) timestamp=3860 ms, used_size=12646400 bytes (30.9%)
(RDMA_READ_CONSUME_CHECK_CONSUMER) timestamp=3860 ms, used_size=12644352 bytes (30.9%)
(RDMA_READ_CONSUME_CHECK_CONSUMER) timestamp=3860 ms, used_size=12642304 bytes (30.9%)
(RDMA_READ_CONSUME_CHECK_CONSUMER) timestamp=3860 ms, used_size=12640256 bytes (30.9%)
(RDMA_READ_CONSUME_CHECK_CONSUMER) timestamp=3860 ms, used_size=12638208 bytes (30.9%)
(RDMA_READ_CONSUME_CHECK_CONSUMER) timestamp=3860 ms, used_size=12636160 bytes (30.9%)
(RDMA_READ_CONSUME_CHECK_CONSUMER) timestamp=3860 ms, used_size=12634112 bytes (30.8%)
(RDMA_READ_CONSUME_CHECK_CONSUMER) timestamp=3860 ms, used_size=12632064 bytes (30.8%)
(RDMA_READ_CONSUME_CHECK_CONSUMER) timestamp=3860 ms, used_size=12630016 bytes (30.8%)
(RDMA_READ_CONSUME_CHECK_CONSUMER) timestamp=3860 ms, used_size=12627968 bytes (30.8%)
(RDMA_READ_CONSUME_CHECK_CONSUMER) timestamp=3860 ms, used_size=12625920 bytes (30.8%)
(RDMA_READ_CONSUME_CHECK_CONSUMER) timestamp=3860 ms, used_size=12623872 bytes (30.8%)
(RDMA_READ_CONSUME_CHECK_CONSUMER) timestamp=3860 ms, used_size=12621824 bytes (30.8%)
(RDMA_READ_CONSUME_CHECK_CONSUMER) timestamp=3860 ms, used_size=12619776 bytes (30.8%)
(RDMA_READ_CONSUME_CHECK_CONSUMER) timestamp=3860 ms, used_size=12617728 bytes (30.8%)
(RDMA_READ_CONSUME_CHECK_CONSUMER) timestamp=3860 ms, used_size=12615680 bytes (30.8%)
(RDMA_READ_CONSUME_CHECK_CONSUMER) timestamp=3860 ms, used_size=12613632 bytes (30.8%)
(RDMA_READ_CONSUME_CHECK_CONSUMER) timestamp=3860 ms, used_size=12611584 bytes (30.8%)
(RDMA_READ_CONSUME_CHECK_CONSUMER) timestamp=3860 ms, used_size=12609536 bytes (30.8%)
(RDMA_READ_CONSUME_CHECK_CONSUMER) timestamp=3860 ms, used_size=12607488 bytes (30.8%)
(RDMA_READ_CONSUME_CHECK_CONSUMER) timestamp=3860 ms, used_size=12605440 bytes (30.8%)
(RDMA_READ_CONSUME_CHECK_CONSUMER) timestamp=3860 ms, used_size=12603392 bytes (30.8%)
(RDMA_READ_CONSUME_CHECK_CONSUMER) timestamp=3860 ms, used_size=12601344 bytes (30.8%)
(RDMA_READ_CONSUME_CHECK_CONSUMER) timestamp=3860 ms, used_size=12599296 bytes (30.8%)
(RDMA_READ_CONSUME_CHECK_CONSUMER) timestamp=3860 ms, used_size=12597248 bytes (30.8%)
(RDMA_READ_CONSUME_CHECK_CONSUMER) timestamp=3860 ms, used_size=12595200 bytes (30.8%)
(RDMA_READ_CONSUME_CHECK_CONSUMER) timestamp=3860 ms, used_size=12593152 bytes (30.7%)
(RDMA_READ_CONSUME_CHECK_CONSUMER) timestamp=3860 ms, used_size=12591104 bytes (30.7%)
(RDMA_READ_CONSUME_CHECK_CONSUMER) timestamp=3860 ms, used_size=12589056 bytes (30.7%)
(RDMA_READ_CONSUME_CHECK_CONSUMER) timestamp=3860 ms, used_size=12587008 bytes (30.7%)
(RDMA_READ_CONSUME_CHECK_CONSUMER) timestamp=3860 ms, used_size=12584960 bytes (30.7%)
(RDMA_READ_CONSUME_CHECK_CONSUMER) timestamp=3860 ms, used_size=12582912 bytes (30.7%)
(RDMA_READ_CONSUME_CHECK_CONSUMER) timestamp=3860 ms, used_size=12580864 bytes (30.7%)
(RDMA_READ_CONSUME_CHECK_CONSUMER) timestamp=3860 ms, used_size=12578816 bytes (30.7%)
(RDMA_READ_CONSUME_CHECK_CONSUMER) timestamp=3860 ms, used_size=12576768 bytes (30.7%)
(RDMA_READ_CONSUME_CHECK_CONSUMER) timestamp=3860 ms, used_size=12574720 bytes (30.7%)
(RDMA_READ_CONSUME_CHECK_CONSUMER) timestamp=3860 ms, used_size=12572672 bytes (30.7%)
(RDMA_READ_CONSUME_CHECK_CONSUMER) timestamp=3860 ms, used_size=12570624 bytes (30.7%)
(RDMA_READ_CONSUME_CHECK_CONSUMER) timestamp=3860 ms, used_size=12568576 bytes (30.7%)
(RDMA_READ_CONSUME_CHECK_CONSUMER) timestamp=3860 ms, used_size=12566528 bytes (30.7%)
(RDMA_READ_CONSUME_CHECK_CONSUMER) timestamp=3860 ms, used_size=12564480 bytes (30.7%)
(RDMA_READ_CONSUME_CHECK_CONSUMER) timestamp=3860 ms, used_size=12562432 bytes (30.7%)
(RDMA_READ_CONSUME_CHECK_CONSUMER) timestamp=3860 ms, used_size=12560384 bytes (30.7%)
(RDMA_READ_CONSUME_CHECK_CONSUMER) timestamp=3860 ms, used_size=12558336 bytes (30.7%)
(RDMA_READ_CONSUME_CHECK_CONSUMER) timestamp=3860 ms, used_size=12556288 bytes (30.7%)
(RDMA_READ_CONSUME_CHECK_CONSUMER) timestamp=3860 ms, used_size=12554240 bytes (30.6%)
(RDMA_READ_CONSUME_CHECK_CONSUMER) timestamp=3860 ms, used_size=12552192 bytes (30.6%)
(RDMA_READ_CONSUME_CHECK_CONSUMER) timestamp=3860 ms, used_size=12550144 bytes (30.6%)
(RDMA_READ_CONSUME_CHECK_CONSUMER) timestamp=3860 ms, used_size=12548096 bytes (30.6%)
(RDMA_READ_CONSUME_CHECK_CONSUMER) timestamp=3860 ms, used_size=12546048 bytes (30.6%)
(RDMA_READ_CONSUME_CHECK_CONSUMER) timestamp=3860 ms, used_size=12544000 bytes (30.6%)
(RDMA_READ_CONSUME_CHECK_CONSUMER) timestamp=3860 ms, used_size=12541952 bytes (30.6%)
(RDMA_READ_CONSUME_CHECK_CONSUMER) timestamp=3860 ms, used_size=12539904 bytes (30.6%)
(RDMA_READ_CONSUME_CHECK_CONSUMER) timestamp=3860 ms, used_size=12537856 bytes (30.6%)
(RDMA_READ_CONSUME_CHECK_CONSUMER) timestamp=3860 ms, used_size=12535808 bytes (30.6%)
(RDMA_READ_CONSUME_CHECK_CONSUMER) timestamp=3860 ms, used_size=12533760 bytes (30.6%)
(RDMA_READ_CONSUME_CHECK_CONSUMER) timestamp=3860 ms, used_size=12531712 bytes (30.6%)
(RDMA_READ_CONSUME_CHECK_CONSUMER) timestamp=3860 ms, used_size=12529664 bytes (30.6%)
(RDMA_READ_CONSUME_CHECK_CONSUMER) timestamp=3860 ms, used_size=12527616 bytes (30.6%)
(RDMA_READ_CONSUME_CHECK_CONSUMER) timestamp=3860 ms, used_size=12525568 bytes (30.6%)
(RDMA_READ_CONSUME_CHECK_CONSUMER) timestamp=3860 ms, used_size=12523520 bytes (30.6%)
(RDMA_READ_CONSUME_CHECK_CONSUMER) timestamp=3860 ms, used_size=12521472 bytes (30.6%)
(RDMA_READ_CONSUME_CHECK_CONSUMER) timestamp=3860 ms, used_size=12519424 bytes (30.6%)
(RDMA_READ_CONSUME_CHECK_CONSUMER) timestamp=3860 ms, used_size=12517376 bytes (30.6%)
(RDMA_READ_CONSUME_CHECK_CONSUMER) timestamp=3860 ms, used_size=12515328 bytes (30.6%)
(RDMA_READ_CONSUME_CHECK_CONSUMER) timestamp=3860 ms, used_size=12513280 bytes (30.6%)
(RDMA_READ_CONSUME_CHECK_CONSUMER) timestamp=3860 ms, used_size=12511232 bytes (30.5%)
(RDMA_READ_CONSUME_CHECK_CONSUMER) timestamp=3860 ms, used_size=12509184 bytes (30.5%)
(RDMA_READ_CONSUME_CHECK_CONSUMER) timestamp=3860 ms, used_size=12507136 bytes (30.5%)
(RDMA_READ_CONSUME_CHECK_CONSUMER) timestamp=3860 ms, used_size=12505088 bytes (30.5%)
(RDMA_READ_CONSUME_CHECK_CONSUMER) timestamp=3860 ms, used_size=12503040 bytes (30.5%)
(RDMA_READ_CONSUME_CHECK_CONSUMER) timestamp=3860 ms, used_size=12500992 bytes (30.5%)
(RDMA_READ_CONSUME_CHECK_CONSUMER) timestamp=3860 ms, used_size=12498944 bytes (30.5%)
(RDMA_READ_CONSUME_CHECK_CONSUMER) timestamp=3860 ms, used_size=12496896 bytes (30.5%)
(RDMA_READ_CONSUME_CHECK_CONSUMER) timestamp=3860 ms, used_size=12494848 bytes (30.5%)
(RDMA_READ_CONSUME_CHECK_CONSUMER) timestamp=3860 ms, used_size=12492800 bytes (30.5%)
(RDMA_READ_CONSUME_CHECK_CONSUMER) timestamp=3860 ms, used_size=12490752 bytes (30.5%)
(RDMA_READ_CONSUME_CHECK_CONSUMER) timestamp=3860 ms, used_size=12488704 bytes (30.5%)
(RDMA_READ_CONSUME_CHECK_CONSUMER) timestamp=3860 ms, used_size=12486656 bytes (30.5%)
(RDMA_READ_CONSUME_CHECK_CONSUMER) timestamp=3860 ms, used_size=12484608 bytes (30.5%)
(RDMA_READ_CONSUME_CHECK_CONSUMER) timestamp=3860 ms, used_size=12482560 bytes (30.5%)
(RDMA_READ_CONSUME_CHECK_CONSUMER) timestamp=3860 ms, used_size=12480512 bytes (30.5%)
(RDMA_READ_CONSUME_CHECK_CONSUMER) timestamp=3860 ms, used_size=12478464 bytes (30.5%)
(RDMA_READ_CONSUME_CHECK_CONSUMER) timestamp=3860 ms, used_size=12476416 bytes (30.5%)
(RDMA_READ_CONSUME_CHECK_CONSUMER) timestamp=3861 ms, used_size=12474368 bytes (30.5%)
(RDMA_READ_CONSUME_CHECK_CONSUMER) timestamp=3861 ms, used_size=12472320 bytes (30.4%)
(RDMA_READ_CONSUME_CHECK_CONSUMER) timestamp=3861 ms, used_size=12470272 bytes (30.4%)
(RDMA_READ_CONSUME_CHECK_CONSUMER) timestamp=3861 ms, used_size=12468224 bytes (30.4%)
(RDMA_READ_CONSUME_CHECK_CONSUMER) timestamp=3861 ms, used_size=12466176 bytes (30.4%)
(RDMA_READ_CONSUME_CHECK_CONSUMER) timestamp=3861 ms, used_size=12464128 bytes (30.4%)
(RDMA_READ_CONSUME_CHECK_CONSUMER) timestamp=3861 ms, used_size=12462080 bytes (30.4%)
(RDMA_READ_CONSUME_CHECK_CONSUMER) timestamp=3861 ms, used_size=12460032 bytes (30.4%)
(RDMA_READ_CONSUME_CHECK_CONSUMER) timestamp=3861 ms, used_size=12457984 bytes (30.4%)
(RDMA_READ_CONSUME_CHECK_CONSUMER) timestamp=3861 ms, used_size=12455936 bytes (30.4%)
(RDMA_READ_CONSUME_CHECK_CONSUMER) timestamp=3861 ms, used_size=12453888 bytes (30.4%)
(RDMA_READ_CONSUME_CHECK_CONSUMER) timestamp=3861 ms, used_size=12451840 bytes (30.4%)
(RDMA_READ_CONSUME_CHECK_CONSUMER) timestamp=3861 ms, used_size=12449792 bytes (30.4%)
(RDMA_READ_CONSUME_CHECK_CONSUMER) timestamp=3861 ms, used_size=12447744 bytes (30.4%)
(RDMA_READ_CONSUME_CHECK_CONSUMER) timestamp=3861 ms, used_size=12445696 bytes (30.4%)
(RDMA_READ_CONSUME_CHECK_CONSUMER) timestamp=3861 ms, used_size=12443648 bytes (30.4%)
(RDMA_READ_CONSUME_CHECK_CONSUMER) timestamp=3861 ms, used_size=12441600 bytes (30.4%)
(RDMA_READ_CONSUME_CHECK_CONSUMER) timestamp=3861 ms, used_size=12439552 bytes (30.4%)
(RDMA_READ_CONSUME_CHECK_CONSUMER) timestamp=3861 ms, used_size=12437504 bytes (30.4%)
(RDMA_READ_CONSUME_CHECK_CONSUMER) timestamp=3861 ms, used_size=12435456 bytes (30.4%)
(RDMA_READ_CONSUME_CHECK_CONSUMER) timestamp=3861 ms, used_size=12433408 bytes (30.4%)
(RDMA_READ_CONSUME_CHECK_CONSUMER) timestamp=3861 ms, used_size=12431360 bytes (30.4%)
(RDMA_READ_CONSUME_CHECK_CONSUMER) timestamp=3861 ms, used_size=12429312 bytes (30.3%)
(RDMA_READ_CONSUME_CHECK_CONSUMER) timestamp=3861 ms, used_size=12427264 bytes (30.3%)
(RDMA_READ_CONSUME_CHECK_CONSUMER) timestamp=3861 ms, used_size=12425216 bytes (30.3%)
(RDMA_READ_CONSUME_CHECK_CONSUMER) timestamp=3861 ms, used_size=12423168 bytes (30.3%)
(RDMA_READ_CONSUME_CHECK_CONSUMER) timestamp=3861 ms, used_size=12421120 bytes (30.3%)
(RDMA_READ_CONSUME_CHECK_CONSUMER) timestamp=3861 ms, used_size=12419072 bytes (30.3%)
(RDMA_READ_CONSUME_CHECK_CONSUMER) timestamp=3861 ms, used_size=12417024 bytes (30.3%)
(RDMA_READ_CONSUME_CHECK_CONSUMER) timestamp=3861 ms, used_size=12414976 bytes (30.3%)
(RDMA_READ_CONSUME_CHECK_CONSUMER) timestamp=3861 ms, used_size=12412928 bytes (30.3%)
(RDMA_READ_CONSUME_CHECK_CONSUMER) timestamp=3861 ms, used_size=12410880 bytes (30.3%)
(RDMA_READ_CONSUME_CHECK_CONSUMER) timestamp=3861 ms, used_size=12408832 bytes (30.3%)
(RDMA_READ_CONSUME_CHECK_CONSUMER) timestamp=3861 ms, used_size=12406784 bytes (30.3%)
(RDMA_READ_CONSUME_CHECK_CONSUMER) timestamp=3861 ms, used_size=12404736 bytes (30.3%)
(RDMA_READ_CONSUME_CHECK_CONSUMER) timestamp=3861 ms, used_size=12402688 bytes (30.3%)
(RDMA_READ_CONSUME_CHECK_CONSUMER) timestamp=3861 ms, used_size=12400640 bytes (30.3%)
(RDMA_READ_CONSUME_CHECK_CONSUMER) timestamp=3861 ms, used_size=12398592 bytes (30.3%)
(RDMA_READ_CONSUME_CHECK_CONSUMER) timestamp=3861 ms, used_size=12396544 bytes (30.3%)
(RDMA_READ_CONSUME_CHECK_CONSUMER) timestamp=3861 ms, used_size=12394496 bytes (30.3%)
(RDMA_READ_CONSUME_CHECK_CONSUMER) timestamp=3861 ms, used_size=12392448 bytes (30.3%)
(RDMA_READ_CONSUME_CHECK_CONSUMER) timestamp=3861 ms, used_size=12390400 bytes (30.2%)
(RDMA_READ_CONSUME_CHECK_CONSUMER) timestamp=3861 ms, used_size=12388352 bytes (30.2%)
(RDMA_READ_CONSUME_CHECK_CONSUMER) timestamp=3861 ms, used_size=12386304 bytes (30.2%)
(RDMA_READ_CONSUME_CHECK_CONSUMER) timestamp=3861 ms, used_size=12384256 bytes (30.2%)
(RDMA_READ_CONSUME_CHECK_CONSUMER) timestamp=3861 ms, used_size=12382208 bytes (30.2%)
(RDMA_READ_CONSUME_CHECK_CONSUMER) timestamp=3861 ms, used_size=12380160 bytes (30.2%)
(RDMA_READ_CONSUME_CHECK_CONSUMER) timestamp=3861 ms, used_size=12378112 bytes (30.2%)
(RDMA_READ_CONSUME_CHECK_CONSUMER) timestamp=3861 ms, used_size=12376064 bytes (30.2%)
(RDMA_READ_CONSUME_CHECK_CONSUMER) timestamp=3861 ms, used_size=12374016 bytes (30.2%)
(RDMA_READ_CONSUME_CHECK_CONSUMER) timestamp=3861 ms, used_size=12371968 bytes (30.2%)
(RDMA_READ_CONSUME_CHECK_CONSUMER) timestamp=3861 ms, used_size=12369920 bytes (30.2%)
(RDMA_READ_CONSUME_CHECK_CONSUMER) timestamp=3861 ms, used_size=12367872 bytes (30.2%)
(RDMA_READ_CONSUME_CHECK_CONSUMER) timestamp=3861 ms, used_size=12365824 bytes (30.2%)
(RDMA_READ_CONSUME_CHECK_CONSUMER) timestamp=3861 ms, used_size=12363776 bytes (30.2%)
(RDMA_READ_CONSUME_CHECK_CONSUMER) timestamp=3861 ms, used_size=12361728 bytes (30.2%)
(RDMA_READ_CONSUME_CHECK_CONSUMER) timestamp=3861 ms, used_size=12359680 bytes (30.2%)
(RDMA_READ_CONSUME_CHECK_CONSUMER) timestamp=3861 ms, used_size=12357632 bytes (30.2%)
(RDMA_READ_CONSUME_CHECK_CONSUMER) timestamp=3861 ms, used_size=12355584 bytes (30.2%)
(RDMA_READ_CONSUME_CHECK_CONSUMER) timestamp=3861 ms, used_size=12353536 bytes (30.2%)
(RDMA_READ_CONSUME_CHECK_CONSUMER) timestamp=3861 ms, used_size=12351488 bytes (30.2%)
(RDMA_READ_CONSUME_CHECK_CONSUMER) timestamp=3861 ms, used_size=12349440 bytes (30.1%)
(RDMA_READ_CONSUME_CHECK_CONSUMER) timestamp=3861 ms, used_size=12347392 bytes (30.1%)
(RDMA_READ_CONSUME_CHECK_CONSUMER) timestamp=3861 ms, used_size=12345344 bytes (30.1%)
(RDMA_READ_CONSUME_CHECK_CONSUMER) timestamp=3861 ms, used_size=12343296 bytes (30.1%)
(RDMA_READ_CONSUME_CHECK_CONSUMER) timestamp=3861 ms, used_size=12341248 bytes (30.1%)
(RDMA_READ_CONSUME_CHECK_CONSUMER) timestamp=3861 ms, used_size=12339200 bytes (30.1%)
(RDMA_READ_CONSUME_CHECK_CONSUMER) timestamp=3861 ms, used_size=12337152 bytes (30.1%)
(RDMA_READ_CONSUME_CHECK_CONSUMER) timestamp=3861 ms, used_size=12335104 bytes (30.1%)
(RDMA_READ_CONSUME_CHECK_CONSUMER) timestamp=3861 ms, used_size=12333056 bytes (30.1%)
(RDMA_READ_CONSUME_CHECK_CONSUMER) timestamp=3861 ms, used_size=12331008 bytes (30.1%)
(RDMA_READ_CONSUME_CHECK_CONSUMER) timestamp=3861 ms, used_size=12328960 bytes (30.1%)
(RDMA_READ_CONSUME_CHECK_CONSUMER) timestamp=3861 ms, used_size=12326912 bytes (30.1%)
(RDMA_READ_CONSUME_CHECK_CONSUMER) timestamp=3861 ms, used_size=12324864 bytes (30.1%)
(RDMA_READ_CONSUME_CHECK_CONSUMER) timestamp=3861 ms, used_size=12322816 bytes (30.1%)
(RDMA_READ_CONSUME_CHECK_CONSUMER) timestamp=3861 ms, used_size=12320768 bytes (30.1%)
(RDMA_READ_CONSUME_CHECK_CONSUMER) timestamp=3861 ms, used_size=12318720 bytes (30.1%)
(RDMA_READ_CONSUME_CHECK_CONSUMER) timestamp=3861 ms, used_size=12316672 bytes (30.1%)
(RDMA_READ_CONSUME_CHECK_CONSUMER) timestamp=3861 ms, used_size=12314624 bytes (30.1%)
(RDMA_READ_CONSUME_CHECK_CONSUMER) timestamp=3861 ms, used_size=12312576 bytes (30.1%)
(RDMA_READ_CONSUME_CHECK_CONSUMER) timestamp=3861 ms, used_size=12310528 bytes (30.1%)
(RDMA_READ_CONSUME_CHECK_CONSUMER) timestamp=3861 ms, used_size=12308480 bytes (30.1%)
(RDMA_READ_CONSUME_CHECK_CONSUMER) timestamp=3861 ms, used_size=12306432 bytes (30.0%)
(RDMA_READ_CONSUME_CHECK_CONSUMER) timestamp=3861 ms, used_size=12304384 bytes (30.0%)
(RDMA_READ_CONSUME_CHECK_CONSUMER) timestamp=3861 ms, used_size=12302336 bytes (30.0%)
(RDMA_READ_CONSUME_CHECK_CONSUMER) timestamp=3861 ms, used_size=12300288 bytes (30.0%)
(RDMA_READ_CONSUME_CHECK_CONSUMER) timestamp=3861 ms, used_size=12298240 bytes (30.0%)
(RDMA_READ_CONSUME_CHECK_CONSUMER) timestamp=3861 ms, used_size=12296192 bytes (30.0%)
(RDMA_READ_CONSUME_CHECK_CONSUMER) timestamp=3861 ms, used_size=12294144 bytes (30.0%)
(RDMA_READ_CONSUME_CHECK_CONSUMER) timestamp=3861 ms, used_size=12292096 bytes (30.0%)
(RDMA_READ_CONSUME_CHECK_CONSUMER) timestamp=3861 ms, used_size=12290048 bytes (30.0%)
(RDMA_READ_CONSUME_CHECK_CONSUMER) timestamp=3861 ms, used_size=12288000 bytes (30.0%)
(RDMA_READ_CONSUME_CHECK_CONSUMER) timestamp=3861 ms, used_size=12285952 bytes (30.0%)
(RDMA_READ_CONSUME_CHECK_CONSUMER) timestamp=3861 ms, used_size=12283904 bytes (30.0%)
(RDMA_READ_CONSUME_CHECK_CONSUMER) timestamp=3861 ms, used_size=12281856 bytes (30.0%)
(RDMA_READ_CONSUME_CHECK_CONSUMER) timestamp=3861 ms, used_size=12279808 bytes (30.0%)
(RDMA_READ_CONSUME_CHECK_CONSUMER) timestamp=3861 ms, used_size=12277760 bytes (30.0%)
(RDMA_READ_CONSUME_CHECK_CONSUMER) timestamp=3861 ms, used_size=12275712 bytes (30.0%)
(RDMA_READ_CONSUME_CHECK_CONSUMER) timestamp=3861 ms, used_size=12273664 bytes (30.0%)
(RDMA_READ_CONSUME_CHECK_CONSUMER) timestamp=3861 ms, used_size=12271616 bytes (30.0%)
(RDMA_READ_CONSUME_CHECK_CONSUMER) timestamp=3861 ms, used_size=12269568 bytes (30.0%)
(RDMA_READ_CONSUME_CHECK_CONSUMER) timestamp=3861 ms, used_size=12267520 bytes (29.9%)
(RDMA_READ_CONSUME_CHECK_CONSUMER) timestamp=3861 ms, used_size=12265472 bytes (29.9%)
(RDMA_READ_CONSUME_CHECK_CONSUMER) timestamp=3861 ms, used_size=12263424 bytes (29.9%)
(RDMA_READ_CONSUME_CHECK_CONSUMER) timestamp=3861 ms, used_size=12261376 bytes (29.9%)
(RDMA_READ_CONSUME_CHECK_CONSUMER) timestamp=3861 ms, used_size=12259328 bytes (29.9%)
(RDMA_READ_CONSUME_CHECK_CONSUMER) timestamp=3861 ms, used_size=12257280 bytes (29.9%)
(RDMA_READ_CONSUME_CHECK_CONSUMER) timestamp=3861 ms, used_size=12255232 bytes (29.9%)
(RDMA_READ_CONSUME_CHECK_CONSUMER) timestamp=3861 ms, used_size=12253184 bytes (29.9%)
(RDMA_READ_CONSUME_CHECK_CONSUMER) timestamp=3861 ms, used_size=12251136 bytes (29.9%)
(RDMA_READ_CONSUME_CHECK_CONSUMER) timestamp=3861 ms, used_size=12249088 bytes (29.9%)
(RDMA_READ_CONSUME_CHECK_CONSUMER) timestamp=3861 ms, used_size=12247040 bytes (29.9%)
(RDMA_READ_CONSUME_CHECK_CONSUMER) timestamp=3861 ms, used_size=12244992 bytes (29.9%)
(RDMA_READ_CONSUME_CHECK_CONSUMER) timestamp=3861 ms, used_size=12242944 bytes (29.9%)
(RDMA_READ_CONSUME_CHECK_CONSUMER) timestamp=3861 ms, used_size=12240896 bytes (29.9%)
(RDMA_READ_CONSUME_CHECK_CONSUMER) timestamp=3861 ms, used_size=12238848 bytes (29.9%)
(RDMA_READ_CONSUME_CHECK_CONSUMER) timestamp=3861 ms, used_size=12236800 bytes (29.9%)
(RDMA_READ_CONSUME_CHECK_CONSUMER) timestamp=3861 ms, used_size=12234752 bytes (29.9%)
(RDMA_READ_CONSUME_CHECK_CONSUMER) timestamp=3861 ms, used_size=12232704 bytes (29.9%)
(RDMA_READ_CONSUME_CHECK_CONSUMER) timestamp=3861 ms, used_size=12230656 bytes (29.9%)
(RDMA_READ_CONSUME_CHECK_CONSUMER) timestamp=3861 ms, used_size=12228608 bytes (29.9%)
(RDMA_READ_CONSUME_CHECK_CONSUMER) timestamp=3861 ms, used_size=12226560 bytes (29.9%)
(RDMA_READ_CONSUME_CHECK_CONSUMER) timestamp=3861 ms, used_size=12224512 bytes (29.8%)
(RDMA_READ_CONSUME_CHECK_CONSUMER) timestamp=3861 ms, used_size=12222464 bytes (29.8%)
(RDMA_READ_CONSUME_CHECK_CONSUMER) timestamp=3861 ms, used_size=12220416 bytes (29.8%)
(RDMA_READ_CONSUME_CHECK_CONSUMER) timestamp=3861 ms, used_size=12218368 bytes (29.8%)
(RDMA_READ_CONSUME_CHECK_CONSUMER) timestamp=3861 ms, used_size=12216320 bytes (29.8%)
(RDMA_READ_CONSUME_CHECK_CONSUMER) timestamp=3861 ms, used_size=12214272 bytes (29.8%)
(RDMA_READ_CONSUME_CHECK_CONSUMER) timestamp=3861 ms, used_size=12212224 bytes (29.8%)
(RDMA_READ_CONSUME_CHECK_CONSUMER) timestamp=3861 ms, used_size=12210176 bytes (29.8%)
(RDMA_READ_CONSUME_CHECK_CONSUMER) timestamp=3861 ms, used_size=12208128 bytes (29.8%)
(RDMA_READ_CONSUME_CHECK_CONSUMER) timestamp=3861 ms, used_size=12206080 bytes (29.8%)
(RDMA_READ_CONSUME_CHECK_CONSUMER) timestamp=3861 ms, used_size=12204032 bytes (29.8%)
(RDMA_READ_CONSUME_CHECK_CONSUMER) timestamp=3861 ms, used_size=12201984 bytes (29.8%)
(RDMA_READ_CONSUME_CHECK_CONSUMER) timestamp=3861 ms, used_size=12199936 bytes (29.8%)
(RDMA_READ_CONSUME_CHECK_CONSUMER) timestamp=3861 ms, used_size=12197888 bytes (29.8%)
(RDMA_READ_CONSUME_CHECK_CONSUMER) timestamp=3861 ms, used_size=12195840 bytes (29.8%)
(RDMA_READ_CONSUME_CHECK_CONSUMER) timestamp=3861 ms, used_size=12193792 bytes (29.8%)
(RDMA_READ_CONSUME_CHECK_CONSUMER) timestamp=3861 ms, used_size=12191744 bytes (29.8%)
(RDMA_READ_CONSUME_CHECK_CONSUMER) timestamp=3861 ms, used_size=12189696 bytes (29.8%)
(RDMA_READ_CONSUME_CHECK_CONSUMER) timestamp=3861 ms, used_size=12187648 bytes (29.8%)
(RDMA_READ_CONSUME_CHECK_CONSUMER) timestamp=3861 ms, used_size=12185600 bytes (29.8%)
(RDMA_READ_CONSUME_CHECK_CONSUMER) timestamp=3861 ms, used_size=12183552 bytes (29.7%)
(RDMA_READ_CONSUME_CHECK_CONSUMER) timestamp=3861 ms, used_size=12181504 bytes (29.7%)
(RDMA_READ_CONSUME_CHECK_CONSUMER) timestamp=3861 ms, used_size=12179456 bytes (29.7%)
(RDMA_READ_CONSUME_CHECK_CONSUMER) timestamp=3861 ms, used_size=12177408 bytes (29.7%)
(RDMA_READ_CONSUME_CHECK_CONSUMER) timestamp=3861 ms, used_size=12175360 bytes (29.7%)
(RDMA_READ_CONSUME_CHECK_CONSUMER) timestamp=3861 ms, used_size=12173312 bytes (29.7%)
(RDMA_READ_CONSUME_CHECK_CONSUMER) timestamp=3861 ms, used_size=12171264 bytes (29.7%)
(RDMA_READ_CONSUME_CHECK_CONSUMER) timestamp=3861 ms, used_size=12169216 bytes (29.7%)
(RDMA_READ_CONSUME_CHECK_CONSUMER) timestamp=3861 ms, used_size=12167168 bytes (29.7%)
(RDMA_READ_CONSUME_CHECK_CONSUMER) timestamp=3861 ms, used_size=12165120 bytes (29.7%)
(RDMA_READ_CONSUME_CHECK_CONSUMER) timestamp=3861 ms, used_size=12163072 bytes (29.7%)
(RDMA_READ_CONSUME_CHECK_CONSUMER) timestamp=3861 ms, used_size=12161024 bytes (29.7%)
(RDMA_READ_CONSUME_CHECK_CONSUMER) timestamp=3861 ms, used_size=12158976 bytes (29.7%)
(RDMA_READ_CONSUME_CHECK_CONSUMER) timestamp=3861 ms, used_size=12156928 bytes (29.7%)
(RDMA_READ_CONSUME_CHECK_CONSUMER) timestamp=3861 ms, used_size=12154880 bytes (29.7%)
(RDMA_READ_CONSUME_CHECK_CONSUMER) timestamp=3861 ms, used_size=12152832 bytes (29.7%)
(RDMA_READ_CONSUME_CHECK_CONSUMER) timestamp=3861 ms, used_size=12150784 bytes (29.7%)
(RDMA_READ_CONSUME_CHECK_CONSUMER) timestamp=3861 ms, used_size=12148736 bytes (29.7%)
(RDMA_READ_CONSUME_CHECK_CONSUMER) timestamp=3861 ms, used_size=12146688 bytes (29.7%)
(RDMA_READ_CONSUME_CHECK_CONSUMER) timestamp=3861 ms, used_size=12144640 bytes (29.6%)
(RDMA_READ_CONSUME_CHECK_CONSUMER) timestamp=3861 ms, used_size=12142592 bytes (29.6%)
(RDMA_READ_CONSUME_CHECK_CONSUMER) timestamp=3861 ms, used_size=12140544 bytes (29.6%)
(RDMA_READ_CONSUME_CHECK_CONSUMER) timestamp=3861 ms, used_size=12138496 bytes (29.6%)
(RDMA_READ_CONSUME_CHECK_CONSUMER) timestamp=3861 ms, used_size=12136448 bytes (29.6%)
(RDMA_READ_CONSUME_CHECK_CONSUMER) timestamp=3861 ms, used_size=12134400 bytes (29.6%)
(RDMA_READ_CONSUME_CHECK_CONSUMER) timestamp=3861 ms, used_size=12132352 bytes (29.6%)
(RDMA_READ_CONSUME_CHECK_CONSUMER) timestamp=3861 ms, used_size=12130304 bytes (29.6%)
(RDMA_READ_CONSUME_CHECK_CONSUMER) timestamp=3861 ms, used_size=12128256 bytes (29.6%)
(RDMA_READ_CONSUME_CHECK_CONSUMER) timestamp=3861 ms, used_size=12126208 bytes (29.6%)
(RDMA_READ_CONSUME_CHECK_CONSUMER) timestamp=3861 ms, used_size=12124160 bytes (29.6%)
(RDMA_READ_CONSUME_CHECK_CONSUMER) timestamp=3861 ms, used_size=12122112 bytes (29.6%)
(RDMA_READ_CONSUME_CHECK_CONSUMER) timestamp=3861 ms, used_size=12120064 bytes (29.6%)
(RDMA_READ_CONSUME_CHECK_CONSUMER) timestamp=3861 ms, used_size=12118016 bytes (29.6%)
(RDMA_READ_CONSUME_CHECK_CONSUMER) timestamp=3861 ms, used_size=12115968 bytes (29.6%)
(RDMA_READ_CONSUME_CHECK_CONSUMER) timestamp=3861 ms, used_size=12113920 bytes (29.6%)
(RDMA_READ_CONSUME_CHECK_CONSUMER) timestamp=3861 ms, used_size=12111872 bytes (29.6%)
(RDMA_READ_CONSUME_CHECK_CONSUMER) timestamp=3861 ms, used_size=12109824 bytes (29.6%)
(RDMA_READ_CONSUME_CHECK_CONSUMER) timestamp=3861 ms, used_size=12107776 bytes (29.6%)
(RDMA_READ_CONSUME_CHECK_CONSUMER) timestamp=3862 ms, used_size=12105728 bytes (29.6%)
(RDMA_READ_CONSUME_CHECK_CONSUMER) timestamp=3862 ms, used_size=12103680 bytes (29.6%)
(RDMA_READ_CONSUME_CHECK_CONSUMER) timestamp=3862 ms, used_size=12101632 bytes (29.5%)
(RDMA_READ_CONSUME_CHECK_CONSUMER) timestamp=3862 ms, used_size=12099584 bytes (29.5%)
(RDMA_READ_CONSUME_CHECK_CONSUMER) timestamp=3862 ms, used_size=12097536 bytes (29.5%)
(RDMA_READ_CONSUME_CHECK_CONSUMER) timestamp=3862 ms, used_size=12095488 bytes (29.5%)
(RDMA_READ_CONSUME_CHECK_CONSUMER) timestamp=3862 ms, used_size=12093440 bytes (29.5%)
(RDMA_READ_CONSUME_CHECK_CONSUMER) timestamp=3862 ms, used_size=12091392 bytes (29.5%)
(RDMA_READ_CONSUME_CHECK_CONSUMER) timestamp=3862 ms, used_size=12089344 bytes (29.5%)
(RDMA_READ_CONSUME_CHECK_CONSUMER) timestamp=3862 ms, used_size=12087296 bytes (29.5%)
(RDMA_READ_CONSUME_CHECK_CONSUMER) timestamp=3862 ms, used_size=12085248 bytes (29.5%)
(RDMA_READ_CONSUME_CHECK_CONSUMER) timestamp=3862 ms, used_size=12083200 bytes (29.5%)
(RDMA_READ_CONSUME_CHECK_CONSUMER) timestamp=3862 ms, used_size=12081152 bytes (29.5%)
(RDMA_READ_CONSUME_CHECK_CONSUMER) timestamp=3862 ms, used_size=12079104 bytes (29.5%)
(RDMA_READ_CONSUME_CHECK_CONSUMER) timestamp=3862 ms, used_size=12077056 bytes (29.5%)
(RDMA_READ_CONSUME_CHECK_CONSUMER) timestamp=3862 ms, used_size=12075008 bytes (29.5%)
(RDMA_READ_CONSUME_CHECK_CONSUMER) timestamp=3862 ms, used_size=12072960 bytes (29.5%)
(RDMA_READ_CONSUME_CHECK_CONSUMER) timestamp=3862 ms, used_size=12070912 bytes (29.5%)
(RDMA_READ_CONSUME_CHECK_CONSUMER) timestamp=3862 ms, used_size=12068864 bytes (29.5%)
(RDMA_READ_CONSUME_CHECK_CONSUMER) timestamp=3862 ms, used_size=12066816 bytes (29.5%)
(RDMA_READ_CONSUME_CHECK_CONSUMER) timestamp=3862 ms, used_size=12064768 bytes (29.5%)
(RDMA_READ_CONSUME_CHECK_CONSUMER) timestamp=3862 ms, used_size=12062720 bytes (29.4%)
(RDMA_READ_CONSUME_CHECK_CONSUMER) timestamp=3862 ms, used_size=12060672 bytes (29.4%)
(RDMA_READ_CONSUME_CHECK_CONSUMER) timestamp=3862 ms, used_size=12058624 bytes (29.4%)
(RDMA_READ_CONSUME_CHECK_CONSUMER) timestamp=3862 ms, used_size=12056576 bytes (29.4%)
(RDMA_READ_CONSUME_CHECK_CONSUMER) timestamp=3862 ms, used_size=12054528 bytes (29.4%)
(RDMA_READ_CONSUME_CHECK_CONSUMER) timestamp=3862 ms, used_size=12052480 bytes (29.4%)
(RDMA_READ_CONSUME_CHECK_CONSUMER) timestamp=3862 ms, used_size=12050432 bytes (29.4%)
(RDMA_READ_CONSUME_CHECK_CONSUMER) timestamp=3862 ms, used_size=12048384 bytes (29.4%)
(RDMA_READ_CONSUME_CHECK_CONSUMER) timestamp=3862 ms, used_size=12046336 bytes (29.4%)
(RDMA_READ_CONSUME_CHECK_CONSUMER) timestamp=3862 ms, used_size=12044288 bytes (29.4%)
(RDMA_READ_CONSUME_CHECK_CONSUMER) timestamp=3862 ms, used_size=12042240 bytes (29.4%)
(RDMA_READ_CONSUME_CHECK_CONSUMER) timestamp=3862 ms, used_size=12040192 bytes (29.4%)
(RDMA_READ_CONSUME_CHECK_CONSUMER) timestamp=3862 ms, used_size=12038144 bytes (29.4%)
(RDMA_READ_CONSUME_CHECK_CONSUMER) timestamp=3862 ms, used_size=12036096 bytes (29.4%)
(RDMA_READ_CONSUME_CHECK_CONSUMER) timestamp=3862 ms, used_size=12034048 bytes (29.4%)
(RDMA_READ_CONSUME_CHECK_CONSUMER) timestamp=3862 ms, used_size=12032000 bytes (29.4%)
(RDMA_READ_CONSUME_CHECK_CONSUMER) timestamp=3862 ms, used_size=12029952 bytes (29.4%)
(RDMA_READ_CONSUME_CHECK_CONSUMER) timestamp=3862 ms, used_size=12027904 bytes (29.4%)
(RDMA_READ_CONSUME_CHECK_CONSUMER) timestamp=3862 ms, used_size=12025856 bytes (29.4%)
(RDMA_READ_CONSUME_CHECK_CONSUMER) timestamp=3862 ms, used_size=12023808 bytes (29.4%)
(RDMA_READ_CONSUME_CHECK_CONSUMER) timestamp=3862 ms, used_size=12021760 bytes (29.4%)
(RDMA_READ_CONSUME_CHECK_CONSUMER) timestamp=3862 ms, used_size=12019712 bytes (29.3%)
(RDMA_READ_CONSUME_CHECK_CONSUMER) timestamp=3862 ms, used_size=12017664 bytes (29.3%)
(RDMA_READ_CONSUME_CHECK_CONSUMER) timestamp=3862 ms, used_size=12015616 bytes (29.3%)
(RDMA_READ_CONSUME_CHECK_CONSUMER) timestamp=3862 ms, used_size=12013568 bytes (29.3%)
(RDMA_READ_CONSUME_CHECK_CONSUMER) timestamp=3862 ms, used_size=12011520 bytes (29.3%)
(RDMA_READ_CONSUME_CHECK_CONSUMER) timestamp=3862 ms, used_size=12009472 bytes (29.3%)
(RDMA_READ_CONSUME_CHECK_CONSUMER) timestamp=3862 ms, used_size=12007424 bytes (29.3%)
(RDMA_READ_CONSUME_CHECK_CONSUMER) timestamp=3862 ms, used_size=12005376 bytes (29.3%)
(RDMA_READ_CONSUME_CHECK_CONSUMER) timestamp=3862 ms, used_size=12003328 bytes (29.3%)
(RDMA_READ_CONSUME_CHECK_CONSUMER) timestamp=3862 ms, used_size=12001280 bytes (29.3%)
(RDMA_READ_CONSUME_CHECK_CONSUMER) timestamp=3862 ms, used_size=11999232 bytes (29.3%)
(RDMA_READ_CONSUME_CHECK_CONSUMER) timestamp=3862 ms, used_size=11997184 bytes (29.3%)
(RDMA_READ_CONSUME_CHECK_CONSUMER) timestamp=3862 ms, used_size=11995136 bytes (29.3%)
(RDMA_READ_CONSUME_CHECK_CONSUMER) timestamp=3862 ms, used_size=11993088 bytes (29.3%)
(RDMA_READ_CONSUME_CHECK_CONSUMER) timestamp=3862 ms, used_size=11991040 bytes (29.3%)
(RDMA_READ_CONSUME_CHECK_CONSUMER) timestamp=3862 ms, used_size=11988992 bytes (29.3%)
(RDMA_READ_CONSUME_CHECK_CONSUMER) timestamp=3862 ms, used_size=11986944 bytes (29.3%)
(RDMA_READ_CONSUME_CHECK_CONSUMER) timestamp=3862 ms, used_size=11984896 bytes (29.3%)
(RDMA_READ_CONSUME_CHECK_CONSUMER) timestamp=3862 ms, used_size=11982848 bytes (29.3%)
(RDMA_READ_CONSUME_CHECK_CONSUMER) timestamp=3862 ms, used_size=11980800 bytes (29.2%)
(RDMA_READ_CONSUME_CHECK_CONSUMER) timestamp=3862 ms, used_size=11978752 bytes (29.2%)
(RDMA_READ_CONSUME_CHECK_CONSUMER) timestamp=3862 ms, used_size=11976704 bytes (29.2%)
(RDMA_READ_CONSUME_CHECK_CONSUMER) timestamp=3862 ms, used_size=11974656 bytes (29.2%)
(RDMA_READ_CONSUME_CHECK_CONSUMER) timestamp=3862 ms, used_size=11972608 bytes (29.2%)
(RDMA_READ_CONSUME_CHECK_CONSUMER) timestamp=3862 ms, used_size=11970560 bytes (29.2%)
(RDMA_READ_CONSUME_CHECK_CONSUMER) timestamp=3862 ms, used_size=11968512 bytes (29.2%)
(RDMA_READ_CONSUME_CHECK_CONSUMER) timestamp=3862 ms, used_size=11966464 bytes (29.2%)
(RDMA_READ_CONSUME_CHECK_CONSUMER) timestamp=3862 ms, used_size=11964416 bytes (29.2%)
(RDMA_READ_CONSUME_CHECK_CONSUMER) timestamp=3862 ms, used_size=11962368 bytes (29.2%)
(RDMA_READ_CONSUME_CHECK_CONSUMER) timestamp=3862 ms, used_size=11960320 bytes (29.2%)
(RDMA_READ_CONSUME_CHECK_CONSUMER) timestamp=3862 ms, used_size=11958272 bytes (29.2%)
(RDMA_READ_CONSUME_CHECK_CONSUMER) timestamp=3862 ms, used_size=11956224 bytes (29.2%)
(RDMA_READ_CONSUME_CHECK_CONSUMER) timestamp=3862 ms, used_size=11954176 bytes (29.2%)
(RDMA_READ_CONSUME_CHECK_CONSUMER) timestamp=3862 ms, used_size=11952128 bytes (29.2%)
(RDMA_READ_CONSUME_CHECK_CONSUMER) timestamp=3862 ms, used_size=11950080 bytes (29.2%)
(RDMA_READ_CONSUME_CHECK_CONSUMER) timestamp=3862 ms, used_size=11948032 bytes (29.2%)
(RDMA_READ_CONSUME_CHECK_CONSUMER) timestamp=3862 ms, used_size=11945984 bytes (29.2%)
(RDMA_READ_CONSUME_CHECK_CONSUMER) timestamp=3862 ms, used_size=11943936 bytes (29.2%)
(RDMA_READ_CONSUME_CHECK_CONSUMER) timestamp=3862 ms, used_size=11941888 bytes (29.2%)
(RDMA_READ_CONSUME_CHECK_CONSUMER) timestamp=3862 ms, used_size=11939840 bytes (29.1%)
(RDMA_READ_CONSUME_CHECK_CONSUMER) timestamp=3862 ms, used_size=11937792 bytes (29.1%)
(RDMA_READ_CONSUME_CHECK_CONSUMER) timestamp=3862 ms, used_size=11935744 bytes (29.1%)
(RDMA_READ_CONSUME_CHECK_CONSUMER) timestamp=3862 ms, used_size=11933696 bytes (29.1%)
(RDMA_READ_CONSUME_CHECK_CONSUMER) timestamp=3862 ms, used_size=11931648 bytes (29.1%)
(RDMA_READ_CONSUME_CHECK_CONSUMER) timestamp=3862 ms, used_size=11929600 bytes (29.1%)
(RDMA_READ_CONSUME_CHECK_CONSUMER) timestamp=3862 ms, used_size=11927552 bytes (29.1%)
(RDMA_READ_CONSUME_CHECK_CONSUMER) timestamp=3862 ms, used_size=11925504 bytes (29.1%)
(RDMA_READ_CONSUME_CHECK_CONSUMER) timestamp=3862 ms, used_size=11923456 bytes (29.1%)
(RDMA_READ_CONSUME_CHECK_CONSUMER) timestamp=3862 ms, used_size=11921408 bytes (29.1%)
(RDMA_READ_CONSUME_CHECK_CONSUMER) timestamp=3862 ms, used_size=11919360 bytes (29.1%)
(RDMA_READ_CONSUME_CHECK_CONSUMER) timestamp=3862 ms, used_size=11917312 bytes (29.1%)
(RDMA_READ_CONSUME_CHECK_CONSUMER) timestamp=3862 ms, used_size=11915264 bytes (29.1%)
(RDMA_READ_CONSUME_CHECK_CONSUMER) timestamp=3862 ms, used_size=11913216 bytes (29.1%)
(RDMA_READ_CONSUME_CHECK_CONSUMER) timestamp=3862 ms, used_size=11911168 bytes (29.1%)
(RDMA_READ_CONSUME_CHECK_CONSUMER) timestamp=3862 ms, used_size=11909120 bytes (29.1%)
(RDMA_READ_CONSUME_CHECK_CONSUMER) timestamp=3862 ms, used_size=11907072 bytes (29.1%)
(RDMA_READ_CONSUME_CHECK_CONSUMER) timestamp=3862 ms, used_size=11905024 bytes (29.1%)
(RDMA_READ_CONSUME_CHECK_CONSUMER) timestamp=3862 ms, used_size=11902976 bytes (29.1%)
(RDMA_READ_CONSUME_CHECK_CONSUMER) timestamp=3862 ms, used_size=11900928 bytes (29.1%)
(RDMA_READ_CONSUME_CHECK_CONSUMER) timestamp=3862 ms, used_size=11898880 bytes (29.1%)
(RDMA_READ_CONSUME_CHECK_CONSUMER) timestamp=3862 ms, used_size=11896832 bytes (29.0%)
(RDMA_READ_CONSUME_CHECK_CONSUMER) timestamp=3862 ms, used_size=11894784 bytes (29.0%)
(RDMA_READ_CONSUME_CHECK_CONSUMER) timestamp=3862 ms, used_size=11892736 bytes (29.0%)
(RDMA_READ_CONSUME_CHECK_CONSUMER) timestamp=3862 ms, used_size=11890688 bytes (29.0%)
(RDMA_READ_CONSUME_CHECK_CONSUMER) timestamp=3862 ms, used_size=11888640 bytes (29.0%)
(RDMA_READ_CONSUME_CHECK_CONSUMER) timestamp=3862 ms, used_size=11886592 bytes (29.0%)
(RDMA_READ_CONSUME_CHECK_CONSUMER) timestamp=3862 ms, used_size=11884544 bytes (29.0%)
(RDMA_READ_CONSUME_CHECK_CONSUMER) timestamp=3862 ms, used_size=11882496 bytes (29.0%)
(RDMA_READ_CONSUME_CHECK_CONSUMER) timestamp=3862 ms, used_size=11880448 bytes (29.0%)
(RDMA_READ_CONSUME_CHECK_CONSUMER) timestamp=3862 ms, used_size=11878400 bytes (29.0%)
(RDMA_READ_CONSUME_CHECK_CONSUMER) timestamp=3862 ms, used_size=11876352 bytes (29.0%)
(RDMA_READ_CONSUME_CHECK_CONSUMER) timestamp=3862 ms, used_size=11874304 bytes (29.0%)
(RDMA_READ_CONSUME_CHECK_CONSUMER) timestamp=3862 ms, used_size=11872256 bytes (29.0%)
(RDMA_READ_CONSUME_CHECK_CONSUMER) timestamp=3862 ms, used_size=11870208 bytes (29.0%)
(RDMA_READ_CONSUME_CHECK_CONSUMER) timestamp=3862 ms, used_size=11868160 bytes (29.0%)
(RDMA_READ_CONSUME_CHECK_CONSUMER) timestamp=3862 ms, used_size=11866112 bytes (29.0%)
(RDMA_READ_CONSUME_CHECK_CONSUMER) timestamp=3862 ms, used_size=11864064 bytes (29.0%)
(RDMA_READ_CONSUME_CHECK_CONSUMER) timestamp=3862 ms, used_size=11862016 bytes (29.0%)
(RDMA_READ_CONSUME_CHECK_CONSUMER) timestamp=3862 ms, used_size=11859968 bytes (29.0%)
(RDMA_READ_CONSUME_CHECK_CONSUMER) timestamp=3862 ms, used_size=11857920 bytes (28.9%)
(RDMA_READ_CONSUME_CHECK_CONSUMER) timestamp=3862 ms, used_size=11855872 bytes (28.9%)
(RDMA_READ_CONSUME_CHECK_CONSUMER) timestamp=3862 ms, used_size=11853824 bytes (28.9%)
(RDMA_READ_CONSUME_CHECK_CONSUMER) timestamp=3862 ms, used_size=11851776 bytes (28.9%)
(RDMA_READ_CONSUME_CHECK_CONSUMER) timestamp=3862 ms, used_size=11849728 bytes (28.9%)
(RDMA_READ_CONSUME_CHECK_CONSUMER) timestamp=3862 ms, used_size=11847680 bytes (28.9%)
(RDMA_READ_CONSUME_CHECK_CONSUMER) timestamp=3862 ms, used_size=11845632 bytes (28.9%)
(RDMA_READ_CONSUME_CHECK_CONSUMER) timestamp=3862 ms, used_size=11843584 bytes (28.9%)
(RDMA_READ_CONSUME_CHECK_CONSUMER) timestamp=3862 ms, used_size=11841536 bytes (28.9%)
(RDMA_READ_CONSUME_CHECK_CONSUMER) timestamp=3862 ms, used_size=11839488 bytes (28.9%)
(RDMA_READ_CONSUME_CHECK_CONSUMER) timestamp=3862 ms, used_size=11837440 bytes (28.9%)
(RDMA_READ_CONSUME_CHECK_CONSUMER) timestamp=3862 ms, used_size=11835392 bytes (28.9%)
(RDMA_READ_CONSUME_CHECK_CONSUMER) timestamp=3862 ms, used_size=11833344 bytes (28.9%)
(RDMA_READ_CONSUME_CHECK_CONSUMER) timestamp=3862 ms, used_size=11831296 bytes (28.9%)
(RDMA_READ_CONSUME_CHECK_CONSUMER) timestamp=3862 ms, used_size=11829248 bytes (28.9%)
(RDMA_READ_CONSUME_CHECK_CONSUMER) timestamp=3862 ms, used_size=11827200 bytes (28.9%)
(RDMA_READ_CONSUME_CHECK_CONSUMER) timestamp=3862 ms, used_size=11825152 bytes (28.9%)
(RDMA_READ_CONSUME_CHECK_CONSUMER) timestamp=3862 ms, used_size=11823104 bytes (28.9%)
(RDMA_READ_CONSUME_CHECK_CONSUMER) timestamp=3862 ms, used_size=11821056 bytes (28.9%)
(RDMA_READ_CONSUME_CHECK_CONSUMER) timestamp=3862 ms, used_size=11819008 bytes (28.9%)
(RDMA_READ_CONSUME_CHECK_CONSUMER) timestamp=3862 ms, used_size=11816960 bytes (28.9%)
(RDMA_READ_CONSUME_CHECK_CONSUMER) timestamp=3862 ms, used_size=11814912 bytes (28.8%)
(RDMA_READ_CONSUME_CHECK_CONSUMER) timestamp=3862 ms, used_size=11812864 bytes (28.8%)
(RDMA_READ_CONSUME_CHECK_CONSUMER) timestamp=3862 ms, used_size=11810816 bytes (28.8%)
(RDMA_READ_CONSUME_CHECK_CONSUMER) timestamp=3862 ms, used_size=11808768 bytes (28.8%)
(RDMA_READ_CONSUME_CHECK_CONSUMER) timestamp=3862 ms, used_size=11806720 bytes (28.8%)
(RDMA_READ_CONSUME_CHECK_CONSUMER) timestamp=3862 ms, used_size=11804672 bytes (28.8%)
(RDMA_READ_CONSUME_CHECK_CONSUMER) timestamp=3862 ms, used_size=11802624 bytes (28.8%)
(RDMA_READ_CONSUME_CHECK_CONSUMER) timestamp=3862 ms, used_size=11800576 bytes (28.8%)
(RDMA_READ_CONSUME_CHECK_CONSUMER) timestamp=3862 ms, used_size=11798528 bytes (28.8%)
(RDMA_READ_CONSUME_CHECK_CONSUMER) timestamp=3862 ms, used_size=11796480 bytes (28.8%)
(RDMA_READ_CONSUME_CHECK_CONSUMER) timestamp=3862 ms, used_size=11794432 bytes (28.8%)
(RDMA_READ_CONSUME_CHECK_CONSUMER) timestamp=3862 ms, used_size=11792384 bytes (28.8%)
(RDMA_READ_CONSUME_CHECK_CONSUMER) timestamp=3862 ms, used_size=11790336 bytes (28.8%)
(RDMA_READ_CONSUME_CHECK_CONSUMER) timestamp=3862 ms, used_size=11788288 bytes (28.8%)
(RDMA_READ_CONSUME_CHECK_CONSUMER) timestamp=3862 ms, used_size=11786240 bytes (28.8%)
(RDMA_READ_CONSUME_CHECK_CONSUMER) timestamp=3862 ms, used_size=11784192 bytes (28.8%)
(RDMA_READ_CONSUME_CHECK_CONSUMER) timestamp=3862 ms, used_size=11782144 bytes (28.8%)
(RDMA_READ_CONSUME_CHECK_CONSUMER) timestamp=3862 ms, used_size=11780096 bytes (28.8%)
(RDMA_READ_CONSUME_CHECK_CONSUMER) timestamp=3862 ms, used_size=11778048 bytes (28.8%)
(RDMA_READ_CONSUME_CHECK_CONSUMER) timestamp=3862 ms, used_size=11776000 bytes (28.8%)
(RDMA_READ_CONSUME_CHECK_CONSUMER) timestamp=3862 ms, used_size=11773952 bytes (28.7%)
(RDMA_READ_CONSUME_CHECK_CONSUMER) timestamp=3862 ms, used_size=11771904 bytes (28.7%)
(RDMA_READ_CONSUME_CHECK_CONSUMER) timestamp=3862 ms, used_size=11769856 bytes (28.7%)
(RDMA_READ_CONSUME_CHECK_CONSUMER) timestamp=3862 ms, used_size=11767808 bytes (28.7%)
(RDMA_READ_CONSUME_CHECK_CONSUMER) timestamp=3862 ms, used_size=11765760 bytes (28.7%)
(RDMA_READ_CONSUME_CHECK_CONSUMER) timestamp=3862 ms, used_size=11763712 bytes (28.7%)
(RDMA_READ_CONSUME_CHECK_CONSUMER) timestamp=3862 ms, used_size=11761664 bytes (28.7%)
(RDMA_READ_CONSUME_CHECK_CONSUMER) timestamp=3862 ms, used_size=11759616 bytes (28.7%)
(RDMA_READ_CONSUME_CHECK_CONSUMER) timestamp=3862 ms, used_size=11757568 bytes (28.7%)
(RDMA_READ_CONSUME_CHECK_CONSUMER) timestamp=3862 ms, used_size=11755520 bytes (28.7%)
(RDMA_READ_CONSUME_CHECK_CONSUMER) timestamp=3862 ms, used_size=11753472 bytes (28.7%)
(RDMA_READ_CONSUME_CHECK_CONSUMER) timestamp=3862 ms, used_size=11751424 bytes (28.7%)
(RDMA_READ_CONSUME_CHECK_CONSUMER) timestamp=3862 ms, used_size=11749376 bytes (28.7%)
(RDMA_READ_CONSUME_CHECK_CONSUMER) timestamp=3862 ms, used_size=11747328 bytes (28.7%)
(RDMA_READ_CONSUME_CHECK_CONSUMER) timestamp=3862 ms, used_size=11745280 bytes (28.7%)
(RDMA_READ_CONSUME_CHECK_CONSUMER) timestamp=3862 ms, used_size=11743232 bytes (28.7%)
(RDMA_READ_CONSUME_CHECK_CONSUMER) timestamp=3862 ms, used_size=11741184 bytes (28.7%)
(RDMA_READ_CONSUME_CHECK_CONSUMER) timestamp=3862 ms, used_size=11739136 bytes (28.7%)
(RDMA_READ_CONSUME_CHECK_CONSUMER) timestamp=3863 ms, used_size=11737088 bytes (28.7%)
(RDMA_READ_CONSUME_CHECK_CONSUMER) timestamp=3863 ms, used_size=11735040 bytes (28.6%)
(RDMA_READ_CONSUME_CHECK_CONSUMER) timestamp=3863 ms, used_size=11732992 bytes (28.6%)
(RDMA_READ_CONSUME_CHECK_CONSUMER) timestamp=3863 ms, used_size=11730944 bytes (28.6%)
(RDMA_READ_CONSUME_CHECK_CONSUMER) timestamp=3863 ms, used_size=11728896 bytes (28.6%)
(RDMA_READ_CONSUME_CHECK_CONSUMER) timestamp=3863 ms, used_size=11726848 bytes (28.6%)
(RDMA_READ_CONSUME_CHECK_CONSUMER) timestamp=3863 ms, used_size=11724800 bytes (28.6%)
(RDMA_READ_CONSUME_CHECK_CONSUMER) timestamp=3863 ms, used_size=11722752 bytes (28.6%)
(RDMA_READ_CONSUME_CHECK_CONSUMER) timestamp=3863 ms, used_size=11720704 bytes (28.6%)
(RDMA_READ_CONSUME_CHECK_CONSUMER) timestamp=3863 ms, used_size=11718656 bytes (28.6%)
(RDMA_READ_CONSUME_CHECK_CONSUMER) timestamp=3863 ms, used_size=11716608 bytes (28.6%)
(RDMA_READ_CONSUME_CHECK_CONSUMER) timestamp=3863 ms, used_size=11714560 bytes (28.6%)
(RDMA_READ_CONSUME_CHECK_CONSUMER) timestamp=3863 ms, used_size=11712512 bytes (28.6%)
(RDMA_READ_CONSUME_CHECK_CONSUMER) timestamp=3863 ms, used_size=11710464 bytes (28.6%)
(RDMA_READ_CONSUME_CHECK_CONSUMER) timestamp=3863 ms, used_size=11708416 bytes (28.6%)
(RDMA_READ_CONSUME_CHECK_CONSUMER) timestamp=3863 ms, used_size=11706368 bytes (28.6%)
(RDMA_READ_CONSUME_CHECK_CONSUMER) timestamp=3863 ms, used_size=11704320 bytes (28.6%)
(RDMA_READ_CONSUME_CHECK_CONSUMER) timestamp=3863 ms, used_size=11702272 bytes (28.6%)
(RDMA_READ_CONSUME_CHECK_CONSUMER) timestamp=3863 ms, used_size=11700224 bytes (28.6%)
(RDMA_READ_CONSUME_CHECK_CONSUMER) timestamp=3863 ms, used_size=11698176 bytes (28.6%)
(RDMA_READ_CONSUME_CHECK_CONSUMER) timestamp=3863 ms, used_size=11696128 bytes (28.6%)
(RDMA_READ_CONSUME_CHECK_CONSUMER) timestamp=3863 ms, used_size=11694080 bytes (28.6%)
(RDMA_READ_CONSUME_CHECK_CONSUMER) timestamp=3863 ms, used_size=11692032 bytes (28.5%)
(RDMA_READ_CONSUME_CHECK_CONSUMER) timestamp=3863 ms, used_size=11689984 bytes (28.5%)
(RDMA_READ_CONSUME_CHECK_CONSUMER) timestamp=3863 ms, used_size=11687936 bytes (28.5%)
(RDMA_READ_CONSUME_CHECK_CONSUMER) timestamp=3863 ms, used_size=11685888 bytes (28.5%)
(RDMA_READ_CONSUME_CHECK_CONSUMER) timestamp=3863 ms, used_size=11683840 bytes (28.5%)
(RDMA_READ_CONSUME_CHECK_CONSUMER) timestamp=3863 ms, used_size=11681792 bytes (28.5%)
(RDMA_READ_CONSUME_CHECK_CONSUMER) timestamp=3863 ms, used_size=11679744 bytes (28.5%)
(RDMA_READ_CONSUME_CHECK_CONSUMER) timestamp=3863 ms, used_size=11677696 bytes (28.5%)
(RDMA_READ_CONSUME_CHECK_CONSUMER) timestamp=3863 ms, used_size=11675648 bytes (28.5%)
(RDMA_READ_CONSUME_CHECK_CONSUMER) timestamp=3863 ms, used_size=11673600 bytes (28.5%)
(RDMA_READ_CONSUME_CHECK_CONSUMER) timestamp=3863 ms, used_size=11671552 bytes (28.5%)
(RDMA_READ_CONSUME_CHECK_CONSUMER) timestamp=3863 ms, used_size=11669504 bytes (28.5%)
(RDMA_READ_CONSUME_CHECK_CONSUMER) timestamp=3863 ms, used_size=11667456 bytes (28.5%)
(RDMA_READ_CONSUME_CHECK_CONSUMER) timestamp=3863 ms, used_size=11665408 bytes (28.5%)
(RDMA_READ_CONSUME_CHECK_CONSUMER) timestamp=3863 ms, used_size=11663360 bytes (28.5%)
(RDMA_READ_CONSUME_CHECK_CONSUMER) timestamp=3863 ms, used_size=11661312 bytes (28.5%)
(RDMA_READ_CONSUME_CHECK_CONSUMER) timestamp=3863 ms, used_size=11659264 bytes (28.5%)
(RDMA_READ_CONSUME_CHECK_CONSUMER) timestamp=3863 ms, used_size=11657216 bytes (28.5%)
(RDMA_READ_CONSUME_CHECK_CONSUMER) timestamp=3863 ms, used_size=11655168 bytes (28.5%)
(RDMA_READ_CONSUME_CHECK_CONSUMER) timestamp=3863 ms, used_size=11653120 bytes (28.4%)
(RDMA_READ_CONSUME_CHECK_CONSUMER) timestamp=3863 ms, used_size=11651072 bytes (28.4%)
(RDMA_READ_CONSUME_CHECK_CONSUMER) timestamp=3863 ms, used_size=11649024 bytes (28.4%)
(RDMA_READ_CONSUME_CHECK_CONSUMER) timestamp=3863 ms, used_size=11646976 bytes (28.4%)
(RDMA_READ_CONSUME_CHECK_CONSUMER) timestamp=3863 ms, used_size=11644928 bytes (28.4%)
(RDMA_READ_CONSUME_CHECK_CONSUMER) timestamp=3863 ms, used_size=11642880 bytes (28.4%)
(RDMA_READ_CONSUME_CHECK_CONSUMER) timestamp=3863 ms, used_size=11640832 bytes (28.4%)
(RDMA_READ_CONSUME_CHECK_CONSUMER) timestamp=3863 ms, used_size=11638784 bytes (28.4%)
(RDMA_READ_CONSUME_CHECK_CONSUMER) timestamp=3863 ms, used_size=11636736 bytes (28.4%)
(RDMA_READ_CONSUME_CHECK_CONSUMER) timestamp=3863 ms, used_size=11634688 bytes (28.4%)
(RDMA_READ_CONSUME_CHECK_CONSUMER) timestamp=3863 ms, used_size=11632640 bytes (28.4%)
(RDMA_READ_CONSUME_CHECK_CONSUMER) timestamp=3863 ms, used_size=11630592 bytes (28.4%)
(RDMA_READ_CONSUME_CHECK_CONSUMER) timestamp=3863 ms, used_size=11628544 bytes (28.4%)
(RDMA_READ_CONSUME_CHECK_CONSUMER) timestamp=3863 ms, used_size=11626496 bytes (28.4%)
(RDMA_READ_CONSUME_CHECK_CONSUMER) timestamp=3863 ms, used_size=11624448 bytes (28.4%)
(RDMA_READ_CONSUME_CHECK_CONSUMER) timestamp=3863 ms, used_size=11622400 bytes (28.4%)
(RDMA_READ_CONSUME_CHECK_CONSUMER) timestamp=3863 ms, used_size=11620352 bytes (28.4%)
(RDMA_READ_CONSUME_CHECK_CONSUMER) timestamp=3863 ms, used_size=11618304 bytes (28.4%)
(RDMA_READ_CONSUME_CHECK_CONSUMER) timestamp=3863 ms, used_size=11616256 bytes (28.4%)
(RDMA_READ_CONSUME_CHECK_CONSUMER) timestamp=3863 ms, used_size=11614208 bytes (28.4%)
(RDMA_READ_CONSUME_CHECK_CONSUMER) timestamp=3863 ms, used_size=11612160 bytes (28.4%)
(RDMA_READ_CONSUME_CHECK_CONSUMER) timestamp=3863 ms, used_size=11610112 bytes (28.3%)
(RDMA_READ_CONSUME_CHECK_CONSUMER) timestamp=3863 ms, used_size=11608064 bytes (28.3%)
(RDMA_READ_CONSUME_CHECK_CONSUMER) timestamp=3863 ms, used_size=11606016 bytes (28.3%)
(RDMA_READ_CONSUME_CHECK_CONSUMER) timestamp=3863 ms, used_size=11603968 bytes (28.3%)
(RDMA_READ_CONSUME_CHECK_CONSUMER) timestamp=3863 ms, used_size=11601920 bytes (28.3%)
(RDMA_READ_CONSUME_CHECK_CONSUMER) timestamp=3863 ms, used_size=11599872 bytes (28.3%)
(RDMA_READ_CONSUME_CHECK_CONSUMER) timestamp=3863 ms, used_size=11597824 bytes (28.3%)
(RDMA_READ_CONSUME_CHECK_CONSUMER) timestamp=3863 ms, used_size=11595776 bytes (28.3%)
(RDMA_READ_CONSUME_CHECK_CONSUMER) timestamp=3863 ms, used_size=11593728 bytes (28.3%)
(RDMA_READ_CONSUME_CHECK_CONSUMER) timestamp=3863 ms, used_size=11591680 bytes (28.3%)
(RDMA_READ_CONSUME_CHECK_CONSUMER) timestamp=3863 ms, used_size=11589632 bytes (28.3%)
(RDMA_READ_CONSUME_CHECK_CONSUMER) timestamp=3863 ms, used_size=11587584 bytes (28.3%)
(RDMA_READ_CONSUME_CHECK_CONSUMER) timestamp=3863 ms, used_size=11585536 bytes (28.3%)
(RDMA_READ_CONSUME_CHECK_CONSUMER) timestamp=3863 ms, used_size=11583488 bytes (28.3%)
(RDMA_READ_CONSUME_CHECK_CONSUMER) timestamp=3863 ms, used_size=11581440 bytes (28.3%)
(RDMA_READ_CONSUME_CHECK_CONSUMER) timestamp=3863 ms, used_size=11579392 bytes (28.3%)
(RDMA_READ_CONSUME_CHECK_CONSUMER) timestamp=3863 ms, used_size=11577344 bytes (28.3%)
(RDMA_READ_CONSUME_CHECK_CONSUMER) timestamp=3863 ms, used_size=11575296 bytes (28.3%)
(RDMA_READ_CONSUME_CHECK_CONSUMER) timestamp=3863 ms, used_size=11573248 bytes (28.3%)
(RDMA_READ_CONSUME_CHECK_CONSUMER) timestamp=3863 ms, used_size=11571200 bytes (28.2%)
(RDMA_READ_CONSUME_CHECK_CONSUMER) timestamp=3863 ms, used_size=11569152 bytes (28.2%)
(RDMA_READ_CONSUME_CHECK_CONSUMER) timestamp=3863 ms, used_size=11567104 bytes (28.2%)
(RDMA_READ_CONSUME_CHECK_CONSUMER) timestamp=3863 ms, used_size=11565056 bytes (28.2%)
(RDMA_READ_CONSUME_CHECK_CONSUMER) timestamp=3863 ms, used_size=11563008 bytes (28.2%)
(RDMA_READ_CONSUME_CHECK_CONSUMER) timestamp=3863 ms, used_size=11560960 bytes (28.2%)
(RDMA_READ_CONSUME_CHECK_CONSUMER) timestamp=3863 ms, used_size=11558912 bytes (28.2%)
(RDMA_READ_CONSUME_CHECK_CONSUMER) timestamp=3863 ms, used_size=11556864 bytes (28.2%)
(RDMA_READ_CONSUME_CHECK_CONSUMER) timestamp=3863 ms, used_size=11554816 bytes (28.2%)
(RDMA_READ_CONSUME_CHECK_CONSUMER) timestamp=3863 ms, used_size=11552768 bytes (28.2%)
(RDMA_READ_CONSUME_CHECK_CONSUMER) timestamp=3863 ms, used_size=11550720 bytes (28.2%)
(RDMA_READ_CONSUME_CHECK_CONSUMER) timestamp=3863 ms, used_size=11548672 bytes (28.2%)
(RDMA_READ_CONSUME_CHECK_CONSUMER) timestamp=3863 ms, used_size=11546624 bytes (28.2%)
(RDMA_READ_CONSUME_CHECK_CONSUMER) timestamp=3863 ms, used_size=11544576 bytes (28.2%)
(RDMA_READ_CONSUME_CHECK_CONSUMER) timestamp=3863 ms, used_size=11542528 bytes (28.2%)
(RDMA_READ_CONSUME_CHECK_CONSUMER) timestamp=3863 ms, used_size=11540480 bytes (28.2%)
(RDMA_READ_CONSUME_CHECK_CONSUMER) timestamp=3863 ms, used_size=11538432 bytes (28.2%)
(RDMA_READ_CONSUME_CHECK_CONSUMER) timestamp=3863 ms, used_size=11536384 bytes (28.2%)
(RDMA_READ_CONSUME_CHECK_CONSUMER) timestamp=3863 ms, used_size=11534336 bytes (28.2%)
(RDMA_READ_CONSUME_CHECK_CONSUMER) timestamp=3863 ms, used_size=11532288 bytes (28.2%)
(RDMA_READ_CONSUME_CHECK_CONSUMER) timestamp=3863 ms, used_size=11530240 bytes (28.1%)
(RDMA_READ_CONSUME_CHECK_CONSUMER) timestamp=3863 ms, used_size=11528192 bytes (28.1%)
(RDMA_READ_CONSUME_CHECK_CONSUMER) timestamp=3863 ms, used_size=11526144 bytes (28.1%)
(RDMA_READ_CONSUME_CHECK_CONSUMER) timestamp=3863 ms, used_size=11524096 bytes (28.1%)
(RDMA_READ_CONSUME_CHECK_CONSUMER) timestamp=3863 ms, used_size=11522048 bytes (28.1%)
(RDMA_READ_CONSUME_CHECK_CONSUMER) timestamp=3863 ms, used_size=11520000 bytes (28.1%)
(RDMA_READ_CONSUME_CHECK_CONSUMER) timestamp=3863 ms, used_size=11517952 bytes (28.1%)
(RDMA_READ_CONSUME_CHECK_CONSUMER) timestamp=3863 ms, used_size=11515904 bytes (28.1%)
(RDMA_READ_CONSUME_CHECK_CONSUMER) timestamp=3863 ms, used_size=11513856 bytes (28.1%)
(RDMA_READ_CONSUME_CHECK_CONSUMER) timestamp=3863 ms, used_size=11511808 bytes (28.1%)
(RDMA_READ_CONSUME_CHECK_CONSUMER) timestamp=3863 ms, used_size=11509760 bytes (28.1%)
(RDMA_READ_CONSUME_CHECK_CONSUMER) timestamp=3863 ms, used_size=11507712 bytes (28.1%)
(RDMA_READ_CONSUME_CHECK_CONSUMER) timestamp=3863 ms, used_size=11505664 bytes (28.1%)
(RDMA_READ_CONSUME_CHECK_CONSUMER) timestamp=3863 ms, used_size=11503616 bytes (28.1%)
(RDMA_READ_CONSUME_CHECK_CONSUMER) timestamp=3863 ms, used_size=11501568 bytes (28.1%)
(RDMA_READ_CONSUME_CHECK_CONSUMER) timestamp=3863 ms, used_size=11499520 bytes (28.1%)
(RDMA_READ_CONSUME_CHECK_CONSUMER) timestamp=3863 ms, used_size=11497472 bytes (28.1%)
(RDMA_READ_CONSUME_CHECK_CONSUMER) timestamp=3863 ms, used_size=11495424 bytes (28.1%)
(RDMA_READ_CONSUME_CHECK_CONSUMER) timestamp=3863 ms, used_size=11493376 bytes (28.1%)
(RDMA_READ_CONSUME_CHECK_CONSUMER) timestamp=3863 ms, used_size=11491328 bytes (28.1%)
(RDMA_READ_CONSUME_CHECK_CONSUMER) timestamp=3863 ms, used_size=11489280 bytes (28.1%)
(RDMA_READ_CONSUME_CHECK_CONSUMER) timestamp=3863 ms, used_size=11487232 bytes (28.0%)
(RDMA_READ_CONSUME_CHECK_CONSUMER) timestamp=3863 ms, used_size=11485184 bytes (28.0%)
(RDMA_READ_CONSUME_CHECK_CONSUMER) timestamp=3863 ms, used_size=11483136 bytes (28.0%)
(RDMA_READ_CONSUME_CHECK_CONSUMER) timestamp=3863 ms, used_size=11481088 bytes (28.0%)
(RDMA_READ_CONSUME_CHECK_CONSUMER) timestamp=3863 ms, used_size=11479040 bytes (28.0%)
(RDMA_READ_CONSUME_CHECK_CONSUMER) timestamp=3863 ms, used_size=11476992 bytes (28.0%)
(RDMA_READ_CONSUME_CHECK_CONSUMER) timestamp=3863 ms, used_size=11474944 bytes (28.0%)
(RDMA_READ_CONSUME_CHECK_CONSUMER) timestamp=3863 ms, used_size=11472896 bytes (28.0%)
(RDMA_READ_CONSUME_CHECK_CONSUMER) timestamp=3863 ms, used_size=11470848 bytes (28.0%)
(RDMA_READ_CONSUME_CHECK_CONSUMER) timestamp=3863 ms, used_size=11468800 bytes (28.0%)
(RDMA_READ_CONSUME_CHECK_CONSUMER) timestamp=3863 ms, used_size=11466752 bytes (28.0%)
(RDMA_READ_CONSUME_CHECK_CONSUMER) timestamp=3863 ms, used_size=11464704 bytes (28.0%)
(RDMA_READ_CONSUME_CHECK_CONSUMER) timestamp=3863 ms, used_size=11462656 bytes (28.0%)
(RDMA_READ_CONSUME_CHECK_CONSUMER) timestamp=3863 ms, used_size=11460608 bytes (28.0%)
(RDMA_READ_CONSUME_CHECK_CONSUMER) timestamp=3863 ms, used_size=11458560 bytes (28.0%)
(RDMA_READ_CONSUME_CHECK_CONSUMER) timestamp=3863 ms, used_size=11456512 bytes (28.0%)
(RDMA_READ_CONSUME_CHECK_CONSUMER) timestamp=3863 ms, used_size=11454464 bytes (28.0%)
(RDMA_READ_CONSUME_CHECK_CONSUMER) timestamp=3863 ms, used_size=11452416 bytes (28.0%)
(RDMA_READ_CONSUME_CHECK_CONSUMER) timestamp=3863 ms, used_size=11450368 bytes (28.0%)
(RDMA_READ_CONSUME_CHECK_CONSUMER) timestamp=3863 ms, used_size=11448320 bytes (27.9%)
(RDMA_READ_CONSUME_CHECK_CONSUMER) timestamp=3863 ms, used_size=11446272 bytes (27.9%)
(RDMA_READ_CONSUME_CHECK_CONSUMER) timestamp=3863 ms, used_size=11444224 bytes (27.9%)
(RDMA_READ_CONSUME_CHECK_CONSUMER) timestamp=3863 ms, used_size=11442176 bytes (27.9%)
(RDMA_READ_CONSUME_CHECK_CONSUMER) timestamp=3863 ms, used_size=11440128 bytes (27.9%)
(RDMA_READ_CONSUME_CHECK_CONSUMER) timestamp=3863 ms, used_size=11438080 bytes (27.9%)
(RDMA_READ_CONSUME_CHECK_CONSUMER) timestamp=3863 ms, used_size=11436032 bytes (27.9%)
(RDMA_READ_CONSUME_CHECK_CONSUMER) timestamp=3863 ms, used_size=11433984 bytes (27.9%)
(RDMA_READ_CONSUME_CHECK_CONSUMER) timestamp=3863 ms, used_size=11431936 bytes (27.9%)
(RDMA_READ_CONSUME_CHECK_CONSUMER) timestamp=3863 ms, used_size=11429888 bytes (27.9%)
(RDMA_READ_CONSUME_CHECK_CONSUMER) timestamp=3863 ms, used_size=11427840 bytes (27.9%)
(RDMA_READ_CONSUME_CHECK_CONSUMER) timestamp=3863 ms, used_size=11425792 bytes (27.9%)
(RDMA_READ_CONSUME_CHECK_CONSUMER) timestamp=3863 ms, used_size=11423744 bytes (27.9%)
(RDMA_READ_CONSUME_CHECK_CONSUMER) timestamp=3863 ms, used_size=11421696 bytes (27.9%)
(RDMA_READ_CONSUME_CHECK_CONSUMER) timestamp=3863 ms, used_size=11419648 bytes (27.9%)
(RDMA_READ_CONSUME_CHECK_CONSUMER) timestamp=3863 ms, used_size=11417600 bytes (27.9%)
(RDMA_READ_CONSUME_CHECK_CONSUMER) timestamp=3863 ms, used_size=11415552 bytes (27.9%)
(RDMA_READ_CONSUME_CHECK_CONSUMER) timestamp=3863 ms, used_size=11413504 bytes (27.9%)
(RDMA_READ_CONSUME_CHECK_CONSUMER) timestamp=3863 ms, used_size=11411456 bytes (27.9%)
(RDMA_READ_CONSUME_CHECK_CONSUMER) timestamp=3863 ms, used_size=11409408 bytes (27.9%)
(RDMA_READ_CONSUME_CHECK_CONSUMER) timestamp=3863 ms, used_size=11407360 bytes (27.9%)
(RDMA_READ_CONSUME_CHECK_CONSUMER) timestamp=3863 ms, used_size=11405312 bytes (27.8%)
(RDMA_READ_CONSUME_CHECK_CONSUMER) timestamp=3863 ms, used_size=11403264 bytes (27.8%)
(RDMA_READ_CONSUME_CHECK_CONSUMER) timestamp=3863 ms, used_size=11401216 bytes (27.8%)
(RDMA_READ_CONSUME_CHECK_CONSUMER) timestamp=3863 ms, used_size=11399168 bytes (27.8%)
(RDMA_READ_CONSUME_CHECK_CONSUMER) timestamp=3863 ms, used_size=11397120 bytes (27.8%)
(RDMA_READ_CONSUME_CHECK_CONSUMER) timestamp=3863 ms, used_size=11395072 bytes (27.8%)
(RDMA_READ_CONSUME_CHECK_CONSUMER) timestamp=3863 ms, used_size=11393024 bytes (27.8%)
(RDMA_READ_CONSUME_CHECK_CONSUMER) timestamp=3863 ms, used_size=11390976 bytes (27.8%)
(RDMA_READ_CONSUME_CHECK_CONSUMER) timestamp=3863 ms, used_size=11388928 bytes (27.8%)
(RDMA_READ_CONSUME_CHECK_CONSUMER) timestamp=3863 ms, used_size=11386880 bytes (27.8%)
(RDMA_READ_CONSUME_CHECK_CONSUMER) timestamp=3863 ms, used_size=11384832 bytes (27.8%)
(RDMA_READ_CONSUME_CHECK_CONSUMER) timestamp=3863 ms, used_size=11382784 bytes (27.8%)
(RDMA_READ_CONSUME_CHECK_CONSUMER) timestamp=3863 ms, used_size=11380736 bytes (27.8%)
(RDMA_READ_CONSUME_CHECK_CONSUMER) timestamp=3863 ms, used_size=11378688 bytes (27.8%)
(RDMA_READ_CONSUME_CHECK_CONSUMER) timestamp=3863 ms, used_size=11376640 bytes (27.8%)
(RDMA_READ_CONSUME_CHECK_CONSUMER) timestamp=3863 ms, used_size=11374592 bytes (27.8%)
(RDMA_READ_CONSUME_CHECK_CONSUMER) timestamp=3863 ms, used_size=11372544 bytes (27.8%)
(RDMA_READ_CONSUME_CHECK_CONSUMER) timestamp=3863 ms, used_size=11370496 bytes (27.8%)
(RDMA_READ_CONSUME_CHECK_CONSUMER) timestamp=3864 ms, used_size=11368448 bytes (27.8%)
(RDMA_READ_CONSUME_CHECK_CONSUMER) timestamp=3864 ms, used_size=11366400 bytes (27.8%)
(RDMA_READ_CONSUME_CHECK_CONSUMER) timestamp=3864 ms, used_size=11364352 bytes (27.7%)
(RDMA_READ_CONSUME_CHECK_CONSUMER) timestamp=3864 ms, used_size=11362304 bytes (27.7%)
(RDMA_READ_CONSUME_CHECK_CONSUMER) timestamp=3864 ms, used_size=11360256 bytes (27.7%)
(RDMA_READ_CONSUME_CHECK_CONSUMER) timestamp=3864 ms, used_size=11358208 bytes (27.7%)
(RDMA_READ_CONSUME_CHECK_CONSUMER) timestamp=3864 ms, used_size=11356160 bytes (27.7%)
(RDMA_READ_CONSUME_CHECK_CONSUMER) timestamp=3864 ms, used_size=11354112 bytes (27.7%)
(RDMA_READ_CONSUME_CHECK_CONSUMER) timestamp=3864 ms, used_size=11352064 bytes (27.7%)
(RDMA_READ_CONSUME_CHECK_CONSUMER) timestamp=3864 ms, used_size=11350016 bytes (27.7%)
(RDMA_READ_CONSUME_CHECK_CONSUMER) timestamp=3864 ms, used_size=11347968 bytes (27.7%)
(RDMA_READ_CONSUME_CHECK_CONSUMER) timestamp=3864 ms, used_size=11345920 bytes (27.7%)
(RDMA_READ_CONSUME_CHECK_CONSUMER) timestamp=3864 ms, used_size=11343872 bytes (27.7%)
(RDMA_READ_CONSUME_CHECK_CONSUMER) timestamp=3864 ms, used_size=11341824 bytes (27.7%)
(RDMA_READ_CONSUME_CHECK_CONSUMER) timestamp=3864 ms, used_size=11339776 bytes (27.7%)
(RDMA_READ_CONSUME_CHECK_CONSUMER) timestamp=3864 ms, used_size=11337728 bytes (27.7%)
(RDMA_READ_CONSUME_CHECK_CONSUMER) timestamp=3864 ms, used_size=11335680 bytes (27.7%)
(RDMA_READ_CONSUME_CHECK_CONSUMER) timestamp=3864 ms, used_size=11333632 bytes (27.7%)
(RDMA_READ_CONSUME_CHECK_CONSUMER) timestamp=3864 ms, used_size=11331584 bytes (27.7%)
(RDMA_READ_CONSUME_CHECK_CONSUMER) timestamp=3864 ms, used_size=11329536 bytes (27.7%)
(RDMA_READ_CONSUME_CHECK_CONSUMER) timestamp=3864 ms, used_size=11327488 bytes (27.7%)
(RDMA_READ_CONSUME_CHECK_CONSUMER) timestamp=3864 ms, used_size=11325440 bytes (27.6%)
(RDMA_READ_CONSUME_CHECK_CONSUMER) timestamp=3864 ms, used_size=11323392 bytes (27.6%)
(RDMA_READ_CONSUME_CHECK_CONSUMER) timestamp=3864 ms, used_size=11321344 bytes (27.6%)
(RDMA_READ_CONSUME_CHECK_CONSUMER) timestamp=3864 ms, used_size=11319296 bytes (27.6%)
(RDMA_READ_CONSUME_CHECK_CONSUMER) timestamp=3864 ms, used_size=11317248 bytes (27.6%)
(RDMA_READ_CONSUME_CHECK_CONSUMER) timestamp=3864 ms, used_size=11315200 bytes (27.6%)
(RDMA_READ_CONSUME_CHECK_CONSUMER) timestamp=3864 ms, used_size=11313152 bytes (27.6%)
(RDMA_READ_CONSUME_CHECK_CONSUMER) timestamp=3864 ms, used_size=11311104 bytes (27.6%)
(RDMA_READ_CONSUME_CHECK_CONSUMER) timestamp=3864 ms, used_size=11309056 bytes (27.6%)
(RDMA_READ_CONSUME_CHECK_CONSUMER) timestamp=3864 ms, used_size=11307008 bytes (27.6%)
(RDMA_READ_CONSUME_CHECK_CONSUMER) timestamp=3864 ms, used_size=11304960 bytes (27.6%)
(RDMA_READ_CONSUME_CHECK_CONSUMER) timestamp=3864 ms, used_size=11302912 bytes (27.6%)
(RDMA_READ_CONSUME_CHECK_CONSUMER) timestamp=3864 ms, used_size=11300864 bytes (27.6%)
(RDMA_READ_CONSUME_CHECK_CONSUMER) timestamp=3864 ms, used_size=11298816 bytes (27.6%)
(RDMA_READ_CONSUME_CHECK_CONSUMER) timestamp=3864 ms, used_size=11296768 bytes (27.6%)
(RDMA_READ_CONSUME_CHECK_CONSUMER) timestamp=3864 ms, used_size=11294720 bytes (27.6%)
(RDMA_READ_CONSUME_CHECK_CONSUMER) timestamp=3864 ms, used_size=11292672 bytes (27.6%)
(RDMA_READ_CONSUME_CHECK_CONSUMER) timestamp=3864 ms, used_size=11290624 bytes (27.6%)
(RDMA_READ_CONSUME_CHECK_CONSUMER) timestamp=3864 ms, used_size=11288576 bytes (27.6%)
(RDMA_READ_CONSUME_CHECK_CONSUMER) timestamp=3864 ms, used_size=11286528 bytes (27.6%)
(RDMA_READ_CONSUME_CHECK_CONSUMER) timestamp=3864 ms, used_size=11284480 bytes (27.6%)
(RDMA_READ_CONSUME_CHECK_CONSUMER) timestamp=3864 ms, used_size=11282432 bytes (27.5%)
(RDMA_READ_CONSUME_CHECK_CONSUMER) timestamp=3864 ms, used_size=11280384 bytes (27.5%)
(RDMA_READ_CONSUME_CHECK_CONSUMER) timestamp=3864 ms, used_size=11278336 bytes (27.5%)
(RDMA_READ_CONSUME_CHECK_CONSUMER) timestamp=3864 ms, used_size=11276288 bytes (27.5%)
(RDMA_READ_CONSUME_CHECK_CONSUMER) timestamp=3864 ms, used_size=11274240 bytes (27.5%)
(RDMA_READ_CONSUME_CHECK_CONSUMER) timestamp=3864 ms, used_size=11272192 bytes (27.5%)
(RDMA_READ_CONSUME_CHECK_CONSUMER) timestamp=3864 ms, used_size=11270144 bytes (27.5%)
(RDMA_READ_CONSUME_CHECK_CONSUMER) timestamp=3864 ms, used_size=11268096 bytes (27.5%)
(RDMA_READ_CONSUME_CHECK_CONSUMER) timestamp=3864 ms, used_size=11266048 bytes (27.5%)
(RDMA_READ_CONSUME_CHECK_CONSUMER) timestamp=3864 ms, used_size=11264000 bytes (27.5%)
(RDMA_READ_CONSUME_CHECK_CONSUMER) timestamp=3864 ms, used_size=11261952 bytes (27.5%)
(RDMA_READ_CONSUME_CHECK_CONSUMER) timestamp=3864 ms, used_size=11259904 bytes (27.5%)
(RDMA_READ_CONSUME_CHECK_CONSUMER) timestamp=3864 ms, used_size=11257856 bytes (27.5%)
(RDMA_READ_CONSUME_CHECK_CONSUMER) timestamp=3864 ms, used_size=11255808 bytes (27.5%)
(RDMA_READ_CONSUME_CHECK_CONSUMER) timestamp=3864 ms, used_size=11253760 bytes (27.5%)
(RDMA_READ_CONSUME_CHECK_CONSUMER) timestamp=3864 ms, used_size=11251712 bytes (27.5%)
(RDMA_READ_CONSUME_CHECK_CONSUMER) timestamp=3864 ms, used_size=11249664 bytes (27.5%)
(RDMA_READ_CONSUME_CHECK_CONSUMER) timestamp=3864 ms, used_size=11247616 bytes (27.5%)
(RDMA_READ_CONSUME_CHECK_CONSUMER) timestamp=3864 ms, used_size=11245568 bytes (27.5%)
(RDMA_READ_CONSUME_CHECK_CONSUMER) timestamp=3864 ms, used_size=11243520 bytes (27.4%)
(RDMA_READ_CONSUME_CHECK_CONSUMER) timestamp=3864 ms, used_size=11241472 bytes (27.4%)
(RDMA_READ_CONSUME_CHECK_CONSUMER) timestamp=3864 ms, used_size=11239424 bytes (27.4%)
(RDMA_READ_CONSUME_CHECK_CONSUMER) timestamp=3864 ms, used_size=11237376 bytes (27.4%)
(RDMA_READ_CONSUME_CHECK_CONSUMER) timestamp=3864 ms, used_size=11235328 bytes (27.4%)
(RDMA_READ_CONSUME_CHECK_CONSUMER) timestamp=3864 ms, used_size=11233280 bytes (27.4%)
(RDMA_READ_CONSUME_CHECK_CONSUMER) timestamp=3864 ms, used_size=11231232 bytes (27.4%)
(RDMA_READ_CONSUME_CHECK_CONSUMER) timestamp=3864 ms, used_size=11229184 bytes (27.4%)
(RDMA_READ_CONSUME_CHECK_CONSUMER) timestamp=3864 ms, used_size=11227136 bytes (27.4%)
(RDMA_READ_CONSUME_CHECK_CONSUMER) timestamp=3864 ms, used_size=11225088 bytes (27.4%)
(RDMA_READ_CONSUME_CHECK_CONSUMER) timestamp=3864 ms, used_size=11223040 bytes (27.4%)
(RDMA_READ_CONSUME_CHECK_CONSUMER) timestamp=3864 ms, used_size=11220992 bytes (27.4%)
(RDMA_READ_CONSUME_CHECK_CONSUMER) timestamp=3864 ms, used_size=11218944 bytes (27.4%)
(RDMA_READ_CONSUME_CHECK_CONSUMER) timestamp=3864 ms, used_size=11216896 bytes (27.4%)
(RDMA_READ_CONSUME_CHECK_CONSUMER) timestamp=3864 ms, used_size=11214848 bytes (27.4%)
(RDMA_READ_CONSUME_CHECK_CONSUMER) timestamp=3864 ms, used_size=11212800 bytes (27.4%)
(RDMA_READ_CONSUME_CHECK_CONSUMER) timestamp=3864 ms, used_size=11210752 bytes (27.4%)
(RDMA_READ_CONSUME_CHECK_CONSUMER) timestamp=3864 ms, used_size=11208704 bytes (27.4%)
(RDMA_READ_CONSUME_CHECK_CONSUMER) timestamp=3864 ms, used_size=11206656 bytes (27.4%)
(RDMA_READ_CONSUME_CHECK_CONSUMER) timestamp=3864 ms, used_size=11204608 bytes (27.4%)
(RDMA_READ_CONSUME_CHECK_CONSUMER) timestamp=3864 ms, used_size=11202560 bytes (27.4%)
(RDMA_READ_CONSUME_CHECK_CONSUMER) timestamp=3864 ms, used_size=11200512 bytes (27.3%)
(RDMA_READ_CONSUME_CHECK_CONSUMER) timestamp=3864 ms, used_size=11198464 bytes (27.3%)
(RDMA_READ_CONSUME_CHECK_CONSUMER) timestamp=3864 ms, used_size=11196416 bytes (27.3%)
(RDMA_READ_CONSUME_CHECK_CONSUMER) timestamp=3864 ms, used_size=11194368 bytes (27.3%)
(RDMA_READ_CONSUME_CHECK_CONSUMER) timestamp=3864 ms, used_size=11192320 bytes (27.3%)
(RDMA_READ_CONSUME_CHECK_CONSUMER) timestamp=3864 ms, used_size=11190272 bytes (27.3%)
(RDMA_READ_CONSUME_CHECK_CONSUMER) timestamp=3864 ms, used_size=11188224 bytes (27.3%)
(RDMA_READ_CONSUME_CHECK_CONSUMER) timestamp=3864 ms, used_size=11186176 bytes (27.3%)
(RDMA_READ_CONSUME_CHECK_CONSUMER) timestamp=3864 ms, used_size=11184128 bytes (27.3%)
(RDMA_READ_CONSUME_CHECK_CONSUMER) timestamp=3864 ms, used_size=11182080 bytes (27.3%)
(RDMA_READ_CONSUME_CHECK_CONSUMER) timestamp=3864 ms, used_size=11180032 bytes (27.3%)
(RDMA_READ_CONSUME_CHECK_CONSUMER) timestamp=3864 ms, used_size=11177984 bytes (27.3%)
(RDMA_READ_CONSUME_CHECK_CONSUMER) timestamp=3864 ms, used_size=11175936 bytes (27.3%)
(RDMA_READ_CONSUME_CHECK_CONSUMER) timestamp=3864 ms, used_size=11173888 bytes (27.3%)
(RDMA_READ_CONSUME_CHECK_CONSUMER) timestamp=3864 ms, used_size=11171840 bytes (27.3%)
(RDMA_READ_CONSUME_CHECK_CONSUMER) timestamp=3864 ms, used_size=11169792 bytes (27.3%)
(RDMA_READ_CONSUME_CHECK_CONSUMER) timestamp=3864 ms, used_size=11167744 bytes (27.3%)
(RDMA_READ_CONSUME_CHECK_CONSUMER) timestamp=3864 ms, used_size=11165696 bytes (27.3%)
(RDMA_READ_CONSUME_CHECK_CONSUMER) timestamp=3864 ms, used_size=11163648 bytes (27.3%)
(RDMA_READ_CONSUME_CHECK_CONSUMER) timestamp=3864 ms, used_size=11161600 bytes (27.2%)
(RDMA_READ_CONSUME_CHECK_CONSUMER) timestamp=3864 ms, used_size=11159552 bytes (27.2%)
(RDMA_READ_CONSUME_CHECK_CONSUMER) timestamp=3864 ms, used_size=11157504 bytes (27.2%)
(RDMA_READ_CONSUME_CHECK_CONSUMER) timestamp=3864 ms, used_size=11155456 bytes (27.2%)
(RDMA_READ_CONSUME_CHECK_CONSUMER) timestamp=3864 ms, used_size=11153408 bytes (27.2%)
(RDMA_READ_CONSUME_CHECK_CONSUMER) timestamp=3864 ms, used_size=11151360 bytes (27.2%)
(RDMA_READ_CONSUME_CHECK_CONSUMER) timestamp=3864 ms, used_size=11149312 bytes (27.2%)
(RDMA_READ_CONSUME_CHECK_CONSUMER) timestamp=3864 ms, used_size=11147264 bytes (27.2%)
(RDMA_READ_CONSUME_CHECK_CONSUMER) timestamp=3864 ms, used_size=11145216 bytes (27.2%)
(RDMA_READ_CONSUME_CHECK_CONSUMER) timestamp=3864 ms, used_size=11143168 bytes (27.2%)
(RDMA_READ_CONSUME_CHECK_CONSUMER) timestamp=3864 ms, used_size=11141120 bytes (27.2%)
(RDMA_READ_CONSUME_CHECK_CONSUMER) timestamp=3864 ms, used_size=11139072 bytes (27.2%)
(RDMA_READ_CONSUME_CHECK_CONSUMER) timestamp=3864 ms, used_size=11137024 bytes (27.2%)
(RDMA_READ_CONSUME_CHECK_CONSUMER) timestamp=3864 ms, used_size=11134976 bytes (27.2%)
(RDMA_READ_CONSUME_CHECK_CONSUMER) timestamp=3864 ms, used_size=11132928 bytes (27.2%)
(RDMA_READ_CONSUME_CHECK_CONSUMER) timestamp=3864 ms, used_size=11130880 bytes (27.2%)
(RDMA_READ_CONSUME_CHECK_CONSUMER) timestamp=3864 ms, used_size=11128832 bytes (27.2%)
(RDMA_READ_CONSUME_CHECK_CONSUMER) timestamp=3864 ms, used_size=11126784 bytes (27.2%)
(RDMA_READ_CONSUME_CHECK_CONSUMER) timestamp=3864 ms, used_size=11124736 bytes (27.2%)
(RDMA_READ_CONSUME_CHECK_CONSUMER) timestamp=3864 ms, used_size=11122688 bytes (27.2%)
(RDMA_READ_CONSUME_CHECK_CONSUMER) timestamp=3864 ms, used_size=11120640 bytes (27.1%)
(RDMA_READ_CONSUME_CHECK_CONSUMER) timestamp=3864 ms, used_size=11118592 bytes (27.1%)
(RDMA_READ_CONSUME_CHECK_CONSUMER) timestamp=3864 ms, used_size=11116544 bytes (27.1%)
(RDMA_READ_CONSUME_CHECK_CONSUMER) timestamp=3864 ms, used_size=11114496 bytes (27.1%)
(RDMA_READ_CONSUME_CHECK_CONSUMER) timestamp=3864 ms, used_size=11112448 bytes (27.1%)
(RDMA_READ_CONSUME_CHECK_CONSUMER) timestamp=3864 ms, used_size=11110400 bytes (27.1%)
(RDMA_READ_CONSUME_CHECK_CONSUMER) timestamp=3864 ms, used_size=11108352 bytes (27.1%)
(RDMA_READ_CONSUME_CHECK_CONSUMER) timestamp=3864 ms, used_size=11106304 bytes (27.1%)
(RDMA_READ_CONSUME_CHECK_CONSUMER) timestamp=3864 ms, used_size=11104256 bytes (27.1%)
(RDMA_READ_CONSUME_CHECK_CONSUMER) timestamp=3864 ms, used_size=11102208 bytes (27.1%)
(RDMA_READ_CONSUME_CHECK_CONSUMER) timestamp=3864 ms, used_size=11100160 bytes (27.1%)
(RDMA_READ_CONSUME_CHECK_CONSUMER) timestamp=3864 ms, used_size=11098112 bytes (27.1%)
(RDMA_READ_CONSUME_CHECK_CONSUMER) timestamp=3864 ms, used_size=11096064 bytes (27.1%)
(RDMA_READ_CONSUME_CHECK_CONSUMER) timestamp=3864 ms, used_size=11094016 bytes (27.1%)
(RDMA_READ_CONSUME_CHECK_CONSUMER) timestamp=3864 ms, used_size=11091968 bytes (27.1%)
(RDMA_READ_CONSUME_CHECK_CONSUMER) timestamp=3864 ms, used_size=11089920 bytes (27.1%)
(RDMA_READ_CONSUME_CHECK_CONSUMER) timestamp=3864 ms, used_size=11087872 bytes (27.1%)
(RDMA_READ_CONSUME_CHECK_CONSUMER) timestamp=3864 ms, used_size=11085824 bytes (27.1%)
(RDMA_READ_CONSUME_CHECK_CONSUMER) timestamp=3864 ms, used_size=11083776 bytes (27.1%)
(RDMA_READ_CONSUME_CHECK_CONSUMER) timestamp=3864 ms, used_size=11081728 bytes (27.1%)
(RDMA_READ_CONSUME_CHECK_CONSUMER) timestamp=3864 ms, used_size=11079680 bytes (27.1%)
(RDMA_READ_CONSUME_CHECK_CONSUMER) timestamp=3864 ms, used_size=11077632 bytes (27.0%)
(RDMA_READ_CONSUME_CHECK_CONSUMER) timestamp=3864 ms, used_size=11075584 bytes (27.0%)
(RDMA_READ_CONSUME_CHECK_CONSUMER) timestamp=3864 ms, used_size=11073536 bytes (27.0%)
(RDMA_READ_CONSUME_CHECK_CONSUMER) timestamp=3864 ms, used_size=11071488 bytes (27.0%)
(RDMA_READ_CONSUME_CHECK_CONSUMER) timestamp=3864 ms, used_size=11069440 bytes (27.0%)
(RDMA_READ_CONSUME_CHECK_CONSUMER) timestamp=3864 ms, used_size=11067392 bytes (27.0%)
(RDMA_READ_CONSUME_CHECK_CONSUMER) timestamp=3864 ms, used_size=11065344 bytes (27.0%)
(RDMA_READ_CONSUME_CHECK_CONSUMER) timestamp=3864 ms, used_size=11063296 bytes (27.0%)
(RDMA_READ_CONSUME_CHECK_CONSUMER) timestamp=3864 ms, used_size=11061248 bytes (27.0%)
(RDMA_READ_CONSUME_CHECK_CONSUMER) timestamp=3864 ms, used_size=11059200 bytes (27.0%)
(RDMA_READ_CONSUME_CHECK_CONSUMER) timestamp=3864 ms, used_size=11057152 bytes (27.0%)
(RDMA_READ_CONSUME_CHECK_CONSUMER) timestamp=3864 ms, used_size=11055104 bytes (27.0%)
(RDMA_READ_CONSUME_CHECK_CONSUMER) timestamp=3864 ms, used_size=11053056 bytes (27.0%)
(RDMA_READ_CONSUME_CHECK_CONSUMER) timestamp=3864 ms, used_size=11051008 bytes (27.0%)
(RDMA_READ_CONSUME_CHECK_CONSUMER) timestamp=3864 ms, used_size=11048960 bytes (27.0%)
(RDMA_READ_CONSUME_CHECK_CONSUMER) timestamp=3864 ms, used_size=11046912 bytes (27.0%)
(RDMA_READ_CONSUME_CHECK_CONSUMER) timestamp=3864 ms, used_size=11044864 bytes (27.0%)
(RDMA_READ_CONSUME_CHECK_CONSUMER) timestamp=3864 ms, used_size=11042816 bytes (27.0%)
(RDMA_READ_CONSUME_CHECK_CONSUMER) timestamp=3864 ms, used_size=11040768 bytes (27.0%)
(RDMA_READ_CONSUME_CHECK_CONSUMER) timestamp=3864 ms, used_size=11038720 bytes (26.9%)
(RDMA_READ_CONSUME_CHECK_CONSUMER) timestamp=3864 ms, used_size=11036672 bytes (26.9%)
(RDMA_READ_CONSUME_CHECK_CONSUMER) timestamp=3864 ms, used_size=11034624 bytes (26.9%)
(RDMA_READ_CONSUME_CHECK_CONSUMER) timestamp=3864 ms, used_size=11032576 bytes (26.9%)
(RDMA_READ_CONSUME_CHECK_CONSUMER) timestamp=3864 ms, used_size=11030528 bytes (26.9%)
(RDMA_READ_CONSUME_CHECK_CONSUMER) timestamp=3864 ms, used_size=11028480 bytes (26.9%)
(RDMA_READ_CONSUME_CHECK_CONSUMER) timestamp=3864 ms, used_size=11026432 bytes (26.9%)
(RDMA_READ_CONSUME_CHECK_CONSUMER) timestamp=3864 ms, used_size=11024384 bytes (26.9%)
(RDMA_READ_CONSUME_CHECK_CONSUMER) timestamp=3864 ms, used_size=11022336 bytes (26.9%)
(RDMA_READ_CONSUME_CHECK_CONSUMER) timestamp=3864 ms, used_size=11020288 bytes (26.9%)
(RDMA_READ_CONSUME_CHECK_CONSUMER) timestamp=3864 ms, used_size=11018240 bytes (26.9%)
(RDMA_READ_CONSUME_CHECK_CONSUMER) timestamp=3864 ms, used_size=11016192 bytes (26.9%)
(RDMA_READ_CONSUME_CHECK_CONSUMER) timestamp=3864 ms, used_size=11014144 bytes (26.9%)
(RDMA_READ_CONSUME_CHECK_CONSUMER) timestamp=3864 ms, used_size=11012096 bytes (26.9%)
(RDMA_READ_CONSUME_CHECK_CONSUMER) timestamp=3864 ms, used_size=11010048 bytes (26.9%)
(RDMA_READ_CONSUME_CHECK_CONSUMER) timestamp=3865 ms, used_size=11008000 bytes (26.9%)
(RDMA_READ_CONSUME_CHECK_CONSUMER) timestamp=3865 ms, used_size=11005952 bytes (26.9%)
(RDMA_READ_CONSUME_CHECK_CONSUMER) timestamp=3865 ms, used_size=11003904 bytes (26.9%)
(RDMA_READ_CONSUME_CHECK_CONSUMER) timestamp=3865 ms, used_size=11001856 bytes (26.9%)
(RDMA_READ_CONSUME_CHECK_CONSUMER) timestamp=3865 ms, used_size=10999808 bytes (26.9%)
(RDMA_READ_CONSUME_CHECK_CONSUMER) timestamp=3865 ms, used_size=10997760 bytes (26.9%)
(RDMA_READ_CONSUME_CHECK_CONSUMER) timestamp=3865 ms, used_size=10995712 bytes (26.8%)
(RDMA_READ_CONSUME_CHECK_CONSUMER) timestamp=3865 ms, used_size=10993664 bytes (26.8%)
(RDMA_READ_CONSUME_CHECK_CONSUMER) timestamp=3865 ms, used_size=10991616 bytes (26.8%)
(RDMA_READ_CONSUME_CHECK_CONSUMER) timestamp=3865 ms, used_size=10989568 bytes (26.8%)
(RDMA_READ_CONSUME_CHECK_CONSUMER) timestamp=3865 ms, used_size=10987520 bytes (26.8%)
(RDMA_READ_CONSUME_CHECK_CONSUMER) timestamp=3865 ms, used_size=10985472 bytes (26.8%)
(RDMA_READ_CONSUME_CHECK_CONSUMER) timestamp=3865 ms, used_size=10983424 bytes (26.8%)
(RDMA_READ_CONSUME_CHECK_CONSUMER) timestamp=3865 ms, used_size=10981376 bytes (26.8%)
(RDMA_READ_CONSUME_CHECK_CONSUMER) timestamp=3865 ms, used_size=10979328 bytes (26.8%)
(RDMA_READ_CONSUME_CHECK_CONSUMER) timestamp=3865 ms, used_size=10977280 bytes (26.8%)
(RDMA_READ_CONSUME_CHECK_CONSUMER) timestamp=3865 ms, used_size=10975232 bytes (26.8%)
(RDMA_READ_CONSUME_CHECK_CONSUMER) timestamp=3865 ms, used_size=10973184 bytes (26.8%)
(RDMA_READ_CONSUME_CHECK_CONSUMER) timestamp=3865 ms, used_size=10971136 bytes (26.8%)
(RDMA_READ_CONSUME_CHECK_CONSUMER) timestamp=3865 ms, used_size=10969088 bytes (26.8%)
(RDMA_READ_CONSUME_CHECK_CONSUMER) timestamp=3865 ms, used_size=10967040 bytes (26.8%)
(RDMA_READ_CONSUME_CHECK_CONSUMER) timestamp=3865 ms, used_size=10964992 bytes (26.8%)
(RDMA_READ_CONSUME_CHECK_CONSUMER) timestamp=3865 ms, used_size=10962944 bytes (26.8%)
(RDMA_READ_CONSUME_CHECK_CONSUMER) timestamp=3865 ms, used_size=10960896 bytes (26.8%)
(RDMA_READ_CONSUME_CHECK_CONSUMER) timestamp=3865 ms, used_size=10958848 bytes (26.8%)
(RDMA_READ_CONSUME_CHECK_CONSUMER) timestamp=3865 ms, used_size=10956800 bytes (26.8%)
(RDMA_READ_CONSUME_CHECK_CONSUMER) timestamp=3865 ms, used_size=10954752 bytes (26.7%)
(RDMA_READ_CONSUME_CHECK_CONSUMER) timestamp=3865 ms, used_size=10952704 bytes (26.7%)
(RDMA_READ_CONSUME_CHECK_CONSUMER) timestamp=3865 ms, used_size=10950656 bytes (26.7%)
(RDMA_READ_CONSUME_CHECK_CONSUMER) timestamp=3865 ms, used_size=10948608 bytes (26.7%)
(RDMA_READ_CONSUME_CHECK_CONSUMER) timestamp=3865 ms, used_size=10946560 bytes (26.7%)
(RDMA_READ_CONSUME_CHECK_CONSUMER) timestamp=3865 ms, used_size=10944512 bytes (26.7%)
(RDMA_READ_CONSUME_CHECK_CONSUMER) timestamp=3865 ms, used_size=10942464 bytes (26.7%)
(RDMA_READ_CONSUME_CHECK_CONSUMER) timestamp=3865 ms, used_size=10940416 bytes (26.7%)
(RDMA_READ_CONSUME_CHECK_CONSUMER) timestamp=3865 ms, used_size=10938368 bytes (26.7%)
(RDMA_READ_CONSUME_CHECK_CONSUMER) timestamp=3865 ms, used_size=10936320 bytes (26.7%)
(RDMA_READ_CONSUME_CHECK_CONSUMER) timestamp=3865 ms, used_size=10934272 bytes (26.7%)
(RDMA_READ_CONSUME_CHECK_CONSUMER) timestamp=3865 ms, used_size=10932224 bytes (26.7%)
(RDMA_READ_CONSUME_CHECK_CONSUMER) timestamp=3865 ms, used_size=10930176 bytes (26.7%)
(RDMA_READ_CONSUME_CHECK_CONSUMER) timestamp=3865 ms, used_size=10928128 bytes (26.7%)
(RDMA_READ_CONSUME_CHECK_CONSUMER) timestamp=3865 ms, used_size=10926080 bytes (26.7%)
(RDMA_READ_CONSUME_CHECK_CONSUMER) timestamp=3865 ms, used_size=10924032 bytes (26.7%)
(RDMA_READ_CONSUME_CHECK_CONSUMER) timestamp=3865 ms, used_size=10921984 bytes (26.7%)
(RDMA_READ_CONSUME_CHECK_CONSUMER) timestamp=3865 ms, used_size=10919936 bytes (26.7%)
(RDMA_READ_CONSUME_CHECK_CONSUMER) timestamp=3865 ms, used_size=10917888 bytes (26.7%)
(RDMA_READ_CONSUME_CHECK_CONSUMER) timestamp=3865 ms, used_size=10915840 bytes (26.6%)
(RDMA_READ_CONSUME_CHECK_CONSUMER) timestamp=3865 ms, used_size=10913792 bytes (26.6%)
(RDMA_READ_CONSUME_CHECK_CONSUMER) timestamp=3865 ms, used_size=10911744 bytes (26.6%)
(RDMA_READ_CONSUME_CHECK_CONSUMER) timestamp=3865 ms, used_size=10909696 bytes (26.6%)
(RDMA_READ_CONSUME_CHECK_CONSUMER) timestamp=3865 ms, used_size=10907648 bytes (26.6%)
(RDMA_READ_CONSUME_CHECK_CONSUMER) timestamp=3865 ms, used_size=10905600 bytes (26.6%)
(RDMA_READ_CONSUME_CHECK_CONSUMER) timestamp=3865 ms, used_size=10903552 bytes (26.6%)
(RDMA_READ_CONSUME_CHECK_CONSUMER) timestamp=3865 ms, used_size=10901504 bytes (26.6%)
(RDMA_READ_CONSUME_CHECK_CONSUMER) timestamp=3865 ms, used_size=10899456 bytes (26.6%)
(RDMA_READ_CONSUME_CHECK_CONSUMER) timestamp=3865 ms, used_size=10897408 bytes (26.6%)
(RDMA_READ_CONSUME_CHECK_CONSUMER) timestamp=3865 ms, used_size=10895360 bytes (26.6%)
(RDMA_READ_CONSUME_CHECK_CONSUMER) timestamp=3865 ms, used_size=10893312 bytes (26.6%)
(RDMA_READ_CONSUME_CHECK_CONSUMER) timestamp=3865 ms, used_size=10891264 bytes (26.6%)
(RDMA_READ_CONSUME_CHECK_CONSUMER) timestamp=3865 ms, used_size=10889216 bytes (26.6%)
(RDMA_READ_CONSUME_CHECK_CONSUMER) timestamp=3865 ms, used_size=10887168 bytes (26.6%)
(RDMA_READ_CONSUME_CHECK_CONSUMER) timestamp=3865 ms, used_size=10885120 bytes (26.6%)
(RDMA_READ_CONSUME_CHECK_CONSUMER) timestamp=3865 ms, used_size=10883072 bytes (26.6%)
(RDMA_READ_CONSUME_CHECK_CONSUMER) timestamp=3865 ms, used_size=10881024 bytes (26.6%)
(RDMA_READ_CONSUME_CHECK_CONSUMER) timestamp=3865 ms, used_size=10878976 bytes (26.6%)
(RDMA_READ_CONSUME_CHECK_CONSUMER) timestamp=3865 ms, used_size=10876928 bytes (26.6%)
(RDMA_READ_CONSUME_CHECK_CONSUMER) timestamp=3865 ms, used_size=10874880 bytes (26.6%)
(RDMA_READ_CONSUME_CHECK_CONSUMER) timestamp=3865 ms, used_size=10872832 bytes (26.5%)
(RDMA_READ_CONSUME_CHECK_CONSUMER) timestamp=3865 ms, used_size=10870784 bytes (26.5%)
(RDMA_READ_CONSUME_CHECK_CONSUMER) timestamp=3865 ms, used_size=10868736 bytes (26.5%)
(RDMA_READ_CONSUME_CHECK_CONSUMER) timestamp=3865 ms, used_size=10866688 bytes (26.5%)
(RDMA_READ_CONSUME_CHECK_CONSUMER) timestamp=3865 ms, used_size=10864640 bytes (26.5%)
(RDMA_READ_CONSUME_CHECK_CONSUMER) timestamp=3865 ms, used_size=10862592 bytes (26.5%)
(RDMA_READ_CONSUME_CHECK_CONSUMER) timestamp=3865 ms, used_size=10860544 bytes (26.5%)
(RDMA_READ_CONSUME_CHECK_CONSUMER) timestamp=3865 ms, used_size=10858496 bytes (26.5%)
(RDMA_READ_CONSUME_CHECK_CONSUMER) timestamp=3865 ms, used_size=10856448 bytes (26.5%)
(RDMA_READ_CONSUME_CHECK_CONSUMER) timestamp=3865 ms, used_size=10854400 bytes (26.5%)
(RDMA_READ_CONSUME_CHECK_CONSUMER) timestamp=3865 ms, used_size=10852352 bytes (26.5%)
(RDMA_READ_CONSUME_CHECK_CONSUMER) timestamp=3865 ms, used_size=10850304 bytes (26.5%)
(RDMA_READ_CONSUME_CHECK_CONSUMER) timestamp=3865 ms, used_size=10848256 bytes (26.5%)
(RDMA_READ_CONSUME_CHECK_CONSUMER) timestamp=3865 ms, used_size=10846208 bytes (26.5%)
(RDMA_READ_CONSUME_CHECK_CONSUMER) timestamp=3865 ms, used_size=10844160 bytes (26.5%)
(RDMA_READ_CONSUME_CHECK_CONSUMER) timestamp=3865 ms, used_size=10842112 bytes (26.5%)
(RDMA_READ_CONSUME_CHECK_CONSUMER) timestamp=3865 ms, used_size=10840064 bytes (26.5%)
(RDMA_READ_CONSUME_CHECK_CONSUMER) timestamp=3865 ms, used_size=10838016 bytes (26.5%)
(RDMA_READ_CONSUME_CHECK_CONSUMER) timestamp=3865 ms, used_size=10835968 bytes (26.5%)
(RDMA_READ_CONSUME_CHECK_CONSUMER) timestamp=3865 ms, used_size=10833920 bytes (26.4%)
(RDMA_READ_CONSUME_CHECK_CONSUMER) timestamp=3865 ms, used_size=10831872 bytes (26.4%)
(RDMA_READ_CONSUME_CHECK_CONSUMER) timestamp=3865 ms, used_size=10829824 bytes (26.4%)
(RDMA_READ_CONSUME_CHECK_CONSUMER) timestamp=3865 ms, used_size=10827776 bytes (26.4%)
(RDMA_READ_CONSUME_CHECK_CONSUMER) timestamp=3865 ms, used_size=10825728 bytes (26.4%)
(RDMA_READ_CONSUME_CHECK_CONSUMER) timestamp=3865 ms, used_size=10823680 bytes (26.4%)
(RDMA_READ_CONSUME_CHECK_CONSUMER) timestamp=3865 ms, used_size=10821632 bytes (26.4%)
(RDMA_READ_CONSUME_CHECK_CONSUMER) timestamp=3865 ms, used_size=10819584 bytes (26.4%)
(RDMA_READ_CONSUME_CHECK_CONSUMER) timestamp=3865 ms, used_size=10817536 bytes (26.4%)
(RDMA_READ_CONSUME_CHECK_CONSUMER) timestamp=3865 ms, used_size=10815488 bytes (26.4%)
(RDMA_READ_CONSUME_CHECK_CONSUMER) timestamp=3865 ms, used_size=10813440 bytes (26.4%)
(RDMA_READ_CONSUME_CHECK_CONSUMER) timestamp=3865 ms, used_size=10811392 bytes (26.4%)
(RDMA_READ_CONSUME_CHECK_CONSUMER) timestamp=3865 ms, used_size=10809344 bytes (26.4%)
(RDMA_READ_CONSUME_CHECK_CONSUMER) timestamp=3865 ms, used_size=10807296 bytes (26.4%)
(RDMA_READ_CONSUME_CHECK_CONSUMER) timestamp=3865 ms, used_size=10805248 bytes (26.4%)
(RDMA_READ_CONSUME_CHECK_CONSUMER) timestamp=3865 ms, used_size=10803200 bytes (26.4%)
(RDMA_READ_CONSUME_CHECK_CONSUMER) timestamp=3865 ms, used_size=10801152 bytes (26.4%)
(RDMA_READ_CONSUME_CHECK_CONSUMER) timestamp=3865 ms, used_size=10799104 bytes (26.4%)
(RDMA_READ_CONSUME_CHECK_CONSUMER) timestamp=3865 ms, used_size=10797056 bytes (26.4%)
(RDMA_READ_CONSUME_CHECK_CONSUMER) timestamp=3865 ms, used_size=10795008 bytes (26.4%)
(RDMA_READ_CONSUME_CHECK_CONSUMER) timestamp=3865 ms, used_size=10792960 bytes (26.4%)
(RDMA_READ_CONSUME_CHECK_CONSUMER) timestamp=3865 ms, used_size=10790912 bytes (26.3%)
(RDMA_READ_CONSUME_CHECK_CONSUMER) timestamp=3865 ms, used_size=10788864 bytes (26.3%)
(RDMA_READ_CONSUME_CHECK_CONSUMER) timestamp=3865 ms, used_size=10786816 bytes (26.3%)
(RDMA_READ_CONSUME_CHECK_CONSUMER) timestamp=3865 ms, used_size=10784768 bytes (26.3%)
(RDMA_READ_CONSUME_CHECK_CONSUMER) timestamp=3865 ms, used_size=10782720 bytes (26.3%)
(RDMA_READ_CONSUME_CHECK_CONSUMER) timestamp=3865 ms, used_size=10780672 bytes (26.3%)
(RDMA_READ_CONSUME_CHECK_CONSUMER) timestamp=3865 ms, used_size=10778624 bytes (26.3%)
(RDMA_READ_CONSUME_CHECK_CONSUMER) timestamp=3865 ms, used_size=10776576 bytes (26.3%)
(RDMA_READ_CONSUME_CHECK_CONSUMER) timestamp=3865 ms, used_size=10774528 bytes (26.3%)
(RDMA_READ_CONSUME_CHECK_CONSUMER) timestamp=3865 ms, used_size=10772480 bytes (26.3%)
(RDMA_READ_CONSUME_CHECK_CONSUMER) timestamp=3865 ms, used_size=10770432 bytes (26.3%)
(RDMA_READ_CONSUME_CHECK_CONSUMER) timestamp=3865 ms, used_size=10768384 bytes (26.3%)
(RDMA_READ_CONSUME_CHECK_CONSUMER) timestamp=3865 ms, used_size=10766336 bytes (26.3%)
(RDMA_READ_CONSUME_CHECK_CONSUMER) timestamp=3865 ms, used_size=10764288 bytes (26.3%)
(RDMA_READ_CONSUME_CHECK_CONSUMER) timestamp=3865 ms, used_size=10762240 bytes (26.3%)
(RDMA_READ_CONSUME_CHECK_CONSUMER) timestamp=3865 ms, used_size=10760192 bytes (26.3%)
(RDMA_READ_CONSUME_CHECK_CONSUMER) timestamp=3865 ms, used_size=10758144 bytes (26.3%)
(RDMA_READ_CONSUME_CHECK_CONSUMER) timestamp=3865 ms, used_size=10756096 bytes (26.3%)
(RDMA_READ_CONSUME_CHECK_CONSUMER) timestamp=3865 ms, used_size=10754048 bytes (26.3%)
(RDMA_READ_CONSUME_CHECK_CONSUMER) timestamp=3865 ms, used_size=10752000 bytes (26.2%)
(RDMA_READ_CONSUME_CHECK_CONSUMER) timestamp=3865 ms, used_size=10749952 bytes (26.2%)
(RDMA_READ_CONSUME_CHECK_CONSUMER) timestamp=3865 ms, used_size=10747904 bytes (26.2%)
(RDMA_READ_CONSUME_CHECK_CONSUMER) timestamp=3865 ms, used_size=10745856 bytes (26.2%)
(RDMA_READ_CONSUME_CHECK_CONSUMER) timestamp=3865 ms, used_size=10743808 bytes (26.2%)
(RDMA_READ_CONSUME_CHECK_CONSUMER) timestamp=3865 ms, used_size=10741760 bytes (26.2%)
(RDMA_READ_CONSUME_CHECK_CONSUMER) timestamp=3865 ms, used_size=10739712 bytes (26.2%)
(RDMA_READ_CONSUME_CHECK_CONSUMER) timestamp=3865 ms, used_size=10737664 bytes (26.2%)
(RDMA_READ_CONSUME_CHECK_CONSUMER) timestamp=3865 ms, used_size=10735616 bytes (26.2%)
(RDMA_READ_CONSUME_CHECK_CONSUMER) timestamp=3865 ms, used_size=10733568 bytes (26.2%)
(RDMA_READ_CONSUME_CHECK_CONSUMER) timestamp=3865 ms, used_size=10731520 bytes (26.2%)
(RDMA_READ_CONSUME_CHECK_CONSUMER) timestamp=3865 ms, used_size=10729472 bytes (26.2%)
(RDMA_READ_CONSUME_CHECK_CONSUMER) timestamp=3865 ms, used_size=10727424 bytes (26.2%)
(RDMA_READ_CONSUME_CHECK_CONSUMER) timestamp=3865 ms, used_size=10725376 bytes (26.2%)
(RDMA_READ_CONSUME_CHECK_CONSUMER) timestamp=3865 ms, used_size=10723328 bytes (26.2%)
(RDMA_READ_CONSUME_CHECK_CONSUMER) timestamp=3865 ms, used_size=10721280 bytes (26.2%)
(RDMA_READ_CONSUME_CHECK_CONSUMER) timestamp=3865 ms, used_size=10719232 bytes (26.2%)
(RDMA_READ_CONSUME_CHECK_CONSUMER) timestamp=3865 ms, used_size=10717184 bytes (26.2%)
(RDMA_READ_CONSUME_CHECK_CONSUMER) timestamp=3865 ms, used_size=10715136 bytes (26.2%)
(RDMA_READ_CONSUME_CHECK_CONSUMER) timestamp=3865 ms, used_size=10713088 bytes (26.2%)
(RDMA_READ_CONSUME_CHECK_CONSUMER) timestamp=3865 ms, used_size=10711040 bytes (26.1%)
(RDMA_READ_CONSUME_CHECK_CONSUMER) timestamp=3865 ms, used_size=10708992 bytes (26.1%)
(RDMA_READ_CONSUME_CHECK_CONSUMER) timestamp=3865 ms, used_size=10706944 bytes (26.1%)
(RDMA_READ_CONSUME_CHECK_CONSUMER) timestamp=3865 ms, used_size=10704896 bytes (26.1%)
(RDMA_READ_CONSUME_CHECK_CONSUMER) timestamp=3865 ms, used_size=10702848 bytes (26.1%)
(RDMA_READ_CONSUME_CHECK_CONSUMER) timestamp=3865 ms, used_size=10700800 bytes (26.1%)
(RDMA_READ_CONSUME_CHECK_CONSUMER) timestamp=3865 ms, used_size=10698752 bytes (26.1%)
(RDMA_READ_CONSUME_CHECK_CONSUMER) timestamp=3865 ms, used_size=10696704 bytes (26.1%)
(RDMA_READ_CONSUME_CHECK_CONSUMER) timestamp=3865 ms, used_size=10694656 bytes (26.1%)
(RDMA_READ_CONSUME_CHECK_CONSUMER) timestamp=3865 ms, used_size=10692608 bytes (26.1%)
(RDMA_READ_CONSUME_CHECK_CONSUMER) timestamp=3865 ms, used_size=10690560 bytes (26.1%)
(RDMA_READ_CONSUME_CHECK_CONSUMER) timestamp=3865 ms, used_size=10688512 bytes (26.1%)
(RDMA_READ_CONSUME_CHECK_CONSUMER) timestamp=3865 ms, used_size=10686464 bytes (26.1%)
(RDMA_READ_CONSUME_CHECK_CONSUMER) timestamp=3865 ms, used_size=10684416 bytes (26.1%)
(RDMA_READ_CONSUME_CHECK_CONSUMER) timestamp=3865 ms, used_size=10682368 bytes (26.1%)
(RDMA_READ_CONSUME_CHECK_CONSUMER) timestamp=3865 ms, used_size=10680320 bytes (26.1%)
(RDMA_READ_CONSUME_CHECK_CONSUMER) timestamp=3865 ms, used_size=10678272 bytes (26.1%)
(RDMA_READ_CONSUME_CHECK_CONSUMER) timestamp=3865 ms, used_size=10676224 bytes (26.1%)
(RDMA_READ_CONSUME_CHECK_CONSUMER) timestamp=3865 ms, used_size=10674176 bytes (26.1%)
(RDMA_READ_CONSUME_CHECK_CONSUMER) timestamp=3865 ms, used_size=10672128 bytes (26.1%)
(RDMA_READ_CONSUME_CHECK_CONSUMER) timestamp=3865 ms, used_size=10670080 bytes (26.1%)
(RDMA_READ_CONSUME_CHECK_CONSUMER) timestamp=3865 ms, used_size=10668032 bytes (26.0%)
(RDMA_READ_CONSUME_CHECK_CONSUMER) timestamp=3865 ms, used_size=10665984 bytes (26.0%)
(RDMA_READ_CONSUME_CHECK_CONSUMER) timestamp=3865 ms, used_size=10663936 bytes (26.0%)
(RDMA_READ_CONSUME_CHECK_CONSUMER) timestamp=3865 ms, used_size=10661888 bytes (26.0%)
(RDMA_READ_CONSUME_CHECK_CONSUMER) timestamp=3865 ms, used_size=10659840 bytes (26.0%)
(RDMA_READ_CONSUME_CHECK_CONSUMER) timestamp=3865 ms, used_size=10657792 bytes (26.0%)
(RDMA_READ_CONSUME_CHECK_CONSUMER) timestamp=3865 ms, used_size=10655744 bytes (26.0%)
(RDMA_READ_CONSUME_CHECK_CONSUMER) timestamp=3865 ms, used_size=10653696 bytes (26.0%)
(RDMA_READ_CONSUME_CHECK_CONSUMER) timestamp=3865 ms, used_size=10651648 bytes (26.0%)
(RDMA_READ_CONSUME_CHECK_CONSUMER) timestamp=3865 ms, used_size=10649600 bytes (26.0%)
(RDMA_READ_CONSUME_CHECK_CONSUMER) timestamp=3865 ms, used_size=10647552 bytes (26.0%)
(RDMA_READ_CONSUME_CHECK_CONSUMER) timestamp=3865 ms, used_size=10645504 bytes (26.0%)
(RDMA_READ_CONSUME_CHECK_CONSUMER) timestamp=3865 ms, used_size=10643456 bytes (26.0%)
(RDMA_READ_CONSUME_CHECK_CONSUMER) timestamp=3866 ms, used_size=10641408 bytes (26.0%)
(RDMA_READ_CONSUME_CHECK_CONSUMER) timestamp=3866 ms, used_size=10639360 bytes (26.0%)
(RDMA_READ_CONSUME_CHECK_CONSUMER) timestamp=3866 ms, used_size=10637312 bytes (26.0%)
(RDMA_READ_CONSUME_CHECK_CONSUMER) timestamp=3866 ms, used_size=10635264 bytes (26.0%)
(RDMA_READ_CONSUME_CHECK_CONSUMER) timestamp=3866 ms, used_size=10633216 bytes (26.0%)
(RDMA_READ_CONSUME_CHECK_CONSUMER) timestamp=3866 ms, used_size=10631168 bytes (26.0%)
(RDMA_READ_CONSUME_CHECK_CONSUMER) timestamp=3866 ms, used_size=10629120 bytes (25.9%)
(RDMA_READ_CONSUME_CHECK_CONSUMER) timestamp=3866 ms, used_size=10627072 bytes (25.9%)
(RDMA_READ_CONSUME_CHECK_CONSUMER) timestamp=3866 ms, used_size=10625024 bytes (25.9%)
(RDMA_READ_CONSUME_CHECK_CONSUMER) timestamp=3866 ms, used_size=10622976 bytes (25.9%)
(RDMA_READ_CONSUME_CHECK_CONSUMER) timestamp=3866 ms, used_size=10620928 bytes (25.9%)
(RDMA_READ_CONSUME_CHECK_CONSUMER) timestamp=3866 ms, used_size=10618880 bytes (25.9%)
(RDMA_READ_CONSUME_CHECK_CONSUMER) timestamp=3866 ms, used_size=10616832 bytes (25.9%)
(RDMA_READ_CONSUME_CHECK_CONSUMER) timestamp=3866 ms, used_size=10614784 bytes (25.9%)
(RDMA_READ_CONSUME_CHECK_CONSUMER) timestamp=3866 ms, used_size=10612736 bytes (25.9%)
(RDMA_READ_CONSUME_CHECK_CONSUMER) timestamp=3866 ms, used_size=10610688 bytes (25.9%)
(RDMA_READ_CONSUME_CHECK_CONSUMER) timestamp=3866 ms, used_size=10608640 bytes (25.9%)
(RDMA_READ_CONSUME_CHECK_CONSUMER) timestamp=3866 ms, used_size=10606592 bytes (25.9%)
(RDMA_READ_CONSUME_CHECK_CONSUMER) timestamp=3866 ms, used_size=10604544 bytes (25.9%)
(RDMA_READ_CONSUME_CHECK_CONSUMER) timestamp=3866 ms, used_size=10602496 bytes (25.9%)
(RDMA_READ_CONSUME_CHECK_CONSUMER) timestamp=3866 ms, used_size=10600448 bytes (25.9%)
(RDMA_READ_CONSUME_CHECK_CONSUMER) timestamp=3866 ms, used_size=10598400 bytes (25.9%)
(RDMA_READ_CONSUME_CHECK_CONSUMER) timestamp=3866 ms, used_size=10596352 bytes (25.9%)
(RDMA_READ_CONSUME_CHECK_CONSUMER) timestamp=3866 ms, used_size=10594304 bytes (25.9%)
(RDMA_READ_CONSUME_CHECK_CONSUMER) timestamp=3866 ms, used_size=10592256 bytes (25.9%)
(RDMA_READ_CONSUME_CHECK_CONSUMER) timestamp=3866 ms, used_size=10590208 bytes (25.9%)
(RDMA_READ_CONSUME_CHECK_CONSUMER) timestamp=3866 ms, used_size=10588160 bytes (25.9%)
(RDMA_READ_CONSUME_CHECK_CONSUMER) timestamp=3866 ms, used_size=10586112 bytes (25.8%)
(RDMA_READ_CONSUME_CHECK_CONSUMER) timestamp=3866 ms, used_size=10584064 bytes (25.8%)
(RDMA_READ_CONSUME_CHECK_CONSUMER) timestamp=3866 ms, used_size=10582016 bytes (25.8%)
(RDMA_READ_CONSUME_CHECK_CONSUMER) timestamp=3866 ms, used_size=10579968 bytes (25.8%)
(RDMA_READ_CONSUME_CHECK_CONSUMER) timestamp=3866 ms, used_size=10577920 bytes (25.8%)
(RDMA_READ_CONSUME_CHECK_CONSUMER) timestamp=3866 ms, used_size=10575872 bytes (25.8%)
(RDMA_READ_CONSUME_CHECK_CONSUMER) timestamp=3866 ms, used_size=10573824 bytes (25.8%)
(RDMA_READ_CONSUME_CHECK_CONSUMER) timestamp=3866 ms, used_size=10571776 bytes (25.8%)
(RDMA_READ_CONSUME_CHECK_CONSUMER) timestamp=3866 ms, used_size=10569728 bytes (25.8%)
(RDMA_READ_CONSUME_CHECK_CONSUMER) timestamp=3866 ms, used_size=10567680 bytes (25.8%)
(RDMA_READ_CONSUME_CHECK_CONSUMER) timestamp=3866 ms, used_size=10565632 bytes (25.8%)
(RDMA_READ_CONSUME_CHECK_CONSUMER) timestamp=3866 ms, used_size=10563584 bytes (25.8%)
(RDMA_READ_CONSUME_CHECK_CONSUMER) timestamp=3866 ms, used_size=10561536 bytes (25.8%)
(RDMA_READ_CONSUME_CHECK_CONSUMER) timestamp=3866 ms, used_size=10559488 bytes (25.8%)
(RDMA_READ_CONSUME_CHECK_CONSUMER) timestamp=3866 ms, used_size=10557440 bytes (25.8%)
(RDMA_READ_CONSUME_CHECK_CONSUMER) timestamp=3866 ms, used_size=10555392 bytes (25.8%)
(RDMA_READ_CONSUME_CHECK_CONSUMER) timestamp=3866 ms, used_size=10553344 bytes (25.8%)
(RDMA_READ_CONSUME_CHECK_CONSUMER) timestamp=3866 ms, used_size=10551296 bytes (25.8%)
(RDMA_READ_CONSUME_CHECK_CONSUMER) timestamp=3866 ms, used_size=10549248 bytes (25.8%)
(RDMA_READ_CONSUME_CHECK_CONSUMER) timestamp=3866 ms, used_size=10547200 bytes (25.8%)
(RDMA_READ_CONSUME_CHECK_CONSUMER) timestamp=3866 ms, used_size=10545152 bytes (25.7%)
(RDMA_READ_CONSUME_CHECK_CONSUMER) timestamp=3866 ms, used_size=10543104 bytes (25.7%)
(RDMA_READ_CONSUME_CHECK_CONSUMER) timestamp=3866 ms, used_size=10541056 bytes (25.7%)
(RDMA_READ_CONSUME_CHECK_CONSUMER) timestamp=3866 ms, used_size=10539008 bytes (25.7%)
(RDMA_READ_CONSUME_CHECK_CONSUMER) timestamp=3866 ms, used_size=10536960 bytes (25.7%)
(RDMA_READ_CONSUME_CHECK_CONSUMER) timestamp=3866 ms, used_size=10534912 bytes (25.7%)
(RDMA_READ_CONSUME_CHECK_CONSUMER) timestamp=3866 ms, used_size=10532864 bytes (25.7%)
(RDMA_READ_CONSUME_CHECK_CONSUMER) timestamp=3866 ms, used_size=10530816 bytes (25.7%)
(RDMA_READ_CONSUME_CHECK_CONSUMER) timestamp=3866 ms, used_size=10528768 bytes (25.7%)
(RDMA_READ_CONSUME_CHECK_CONSUMER) timestamp=3866 ms, used_size=10526720 bytes (25.7%)
(RDMA_READ_CONSUME_CHECK_CONSUMER) timestamp=3866 ms, used_size=10524672 bytes (25.7%)
(RDMA_READ_CONSUME_CHECK_CONSUMER) timestamp=3866 ms, used_size=10522624 bytes (25.7%)
(RDMA_READ_CONSUME_CHECK_CONSUMER) timestamp=3866 ms, used_size=10520576 bytes (25.7%)
(RDMA_READ_CONSUME_CHECK_CONSUMER) timestamp=3866 ms, used_size=10518528 bytes (25.7%)
(RDMA_READ_CONSUME_CHECK_CONSUMER) timestamp=3866 ms, used_size=10516480 bytes (25.7%)
(RDMA_READ_CONSUME_CHECK_CONSUMER) timestamp=3866 ms, used_size=10514432 bytes (25.7%)
(RDMA_READ_CONSUME_CHECK_CONSUMER) timestamp=3866 ms, used_size=10512384 bytes (25.7%)
(RDMA_READ_CONSUME_CHECK_CONSUMER) timestamp=3866 ms, used_size=10510336 bytes (25.7%)
(RDMA_READ_CONSUME_CHECK_CONSUMER) timestamp=3866 ms, used_size=10508288 bytes (25.7%)
(RDMA_READ_CONSUME_CHECK_CONSUMER) timestamp=3866 ms, used_size=10506240 bytes (25.6%)
(RDMA_READ_CONSUME_CHECK_CONSUMER) timestamp=3866 ms, used_size=10504192 bytes (25.6%)
(RDMA_READ_CONSUME_CHECK_CONSUMER) timestamp=3866 ms, used_size=10502144 bytes (25.6%)
(RDMA_READ_CONSUME_CHECK_CONSUMER) timestamp=3866 ms, used_size=10500096 bytes (25.6%)
(RDMA_READ_CONSUME_CHECK_CONSUMER) timestamp=3866 ms, used_size=10498048 bytes (25.6%)
(RDMA_READ_CONSUME_CHECK_CONSUMER) timestamp=3866 ms, used_size=10496000 bytes (25.6%)
(RDMA_READ_CONSUME_CHECK_CONSUMER) timestamp=3866 ms, used_size=10493952 bytes (25.6%)
(RDMA_READ_CONSUME_CHECK_CONSUMER) timestamp=3866 ms, used_size=10491904 bytes (25.6%)
(RDMA_READ_CONSUME_CHECK_CONSUMER) timestamp=3866 ms, used_size=10489856 bytes (25.6%)
(RDMA_READ_CONSUME_CHECK_CONSUMER) timestamp=3866 ms, used_size=10487808 bytes (25.6%)
(RDMA_READ_CONSUME_CHECK_CONSUMER) timestamp=3866 ms, used_size=10485760 bytes (25.6%)
(RDMA_READ_CONSUME_CHECK_CONSUMER) timestamp=3866 ms, used_size=10483712 bytes (25.6%)
(RDMA_READ_CONSUME_CHECK_CONSUMER) timestamp=3866 ms, used_size=10481664 bytes (25.6%)
(RDMA_READ_CONSUME_CHECK_CONSUMER) timestamp=3866 ms, used_size=10479616 bytes (25.6%)
(RDMA_READ_CONSUME_CHECK_CONSUMER) timestamp=3866 ms, used_size=10477568 bytes (25.6%)
(RDMA_READ_CONSUME_CHECK_CONSUMER) timestamp=3866 ms, used_size=10475520 bytes (25.6%)
(RDMA_READ_CONSUME_CHECK_CONSUMER) timestamp=3866 ms, used_size=10473472 bytes (25.6%)
(RDMA_READ_CONSUME_CHECK_CONSUMER) timestamp=3866 ms, used_size=10471424 bytes (25.6%)
(RDMA_READ_CONSUME_CHECK_CONSUMER) timestamp=3866 ms, used_size=10469376 bytes (25.6%)
(RDMA_READ_CONSUME_CHECK_CONSUMER) timestamp=3866 ms, used_size=10467328 bytes (25.6%)
(RDMA_READ_CONSUME_CHECK_CONSUMER) timestamp=3866 ms, used_size=10465280 bytes (25.6%)
(RDMA_READ_CONSUME_CHECK_CONSUMER) timestamp=3866 ms, used_size=10463232 bytes (25.5%)
(RDMA_READ_CONSUME_CHECK_CONSUMER) timestamp=3866 ms, used_size=10461184 bytes (25.5%)
(RDMA_READ_CONSUME_CHECK_CONSUMER) timestamp=3866 ms, used_size=10459136 bytes (25.5%)
(RDMA_READ_CONSUME_CHECK_CONSUMER) timestamp=3866 ms, used_size=10457088 bytes (25.5%)
(RDMA_READ_CONSUME_CHECK_CONSUMER) timestamp=3866 ms, used_size=10455040 bytes (25.5%)
(RDMA_READ_CONSUME_CHECK_CONSUMER) timestamp=3866 ms, used_size=10452992 bytes (25.5%)
(RDMA_READ_CONSUME_CHECK_CONSUMER) timestamp=3866 ms, used_size=10450944 bytes (25.5%)
(RDMA_READ_CONSUME_CHECK_CONSUMER) timestamp=3866 ms, used_size=10448896 bytes (25.5%)
(RDMA_READ_CONSUME_CHECK_CONSUMER) timestamp=3866 ms, used_size=10446848 bytes (25.5%)
(RDMA_READ_CONSUME_CHECK_CONSUMER) timestamp=3866 ms, used_size=10444800 bytes (25.5%)
(RDMA_READ_CONSUME_CHECK_CONSUMER) timestamp=3866 ms, used_size=10442752 bytes (25.5%)
(RDMA_READ_CONSUME_CHECK_CONSUMER) timestamp=3866 ms, used_size=10440704 bytes (25.5%)
(RDMA_READ_CONSUME_CHECK_CONSUMER) timestamp=3866 ms, used_size=10438656 bytes (25.5%)
(RDMA_READ_CONSUME_CHECK_CONSUMER) timestamp=3866 ms, used_size=10436608 bytes (25.5%)
(RDMA_READ_CONSUME_CHECK_CONSUMER) timestamp=3866 ms, used_size=10434560 bytes (25.5%)
(RDMA_READ_CONSUME_CHECK_CONSUMER) timestamp=3866 ms, used_size=10432512 bytes (25.5%)
(RDMA_READ_CONSUME_CHECK_CONSUMER) timestamp=3866 ms, used_size=10430464 bytes (25.5%)
(RDMA_READ_CONSUME_CHECK_CONSUMER) timestamp=3866 ms, used_size=10428416 bytes (25.5%)
(RDMA_READ_CONSUME_CHECK_CONSUMER) timestamp=3866 ms, used_size=10426368 bytes (25.5%)
(RDMA_READ_CONSUME_CHECK_CONSUMER) timestamp=3866 ms, used_size=10424320 bytes (25.4%)
(RDMA_READ_CONSUME_CHECK_CONSUMER) timestamp=3866 ms, used_size=10422272 bytes (25.4%)
(RDMA_READ_CONSUME_CHECK_CONSUMER) timestamp=3866 ms, used_size=10420224 bytes (25.4%)
(RDMA_READ_CONSUME_CHECK_CONSUMER) timestamp=3866 ms, used_size=10418176 bytes (25.4%)
(RDMA_READ_CONSUME_CHECK_CONSUMER) timestamp=3866 ms, used_size=10416128 bytes (25.4%)
(RDMA_READ_CONSUME_CHECK_CONSUMER) timestamp=3866 ms, used_size=10414080 bytes (25.4%)
(RDMA_READ_CONSUME_CHECK_CONSUMER) timestamp=3866 ms, used_size=10412032 bytes (25.4%)
(RDMA_READ_CONSUME_CHECK_CONSUMER) timestamp=3866 ms, used_size=10409984 bytes (25.4%)
(RDMA_READ_CONSUME_CHECK_CONSUMER) timestamp=3866 ms, used_size=10407936 bytes (25.4%)
(RDMA_READ_CONSUME_CHECK_CONSUMER) timestamp=3866 ms, used_size=10405888 bytes (25.4%)
(RDMA_READ_CONSUME_CHECK_CONSUMER) timestamp=3866 ms, used_size=10403840 bytes (25.4%)
(RDMA_READ_CONSUME_CHECK_CONSUMER) timestamp=3866 ms, used_size=10401792 bytes (25.4%)
(RDMA_READ_CONSUME_CHECK_CONSUMER) timestamp=3866 ms, used_size=10399744 bytes (25.4%)
(RDMA_READ_CONSUME_CHECK_CONSUMER) timestamp=3866 ms, used_size=10397696 bytes (25.4%)
(RDMA_READ_CONSUME_CHECK_CONSUMER) timestamp=3866 ms, used_size=10395648 bytes (25.4%)
(RDMA_READ_CONSUME_CHECK_CONSUMER) timestamp=3866 ms, used_size=10393600 bytes (25.4%)
(RDMA_READ_CONSUME_CHECK_CONSUMER) timestamp=3866 ms, used_size=10391552 bytes (25.4%)
(RDMA_READ_CONSUME_CHECK_CONSUMER) timestamp=3866 ms, used_size=10389504 bytes (25.4%)
(RDMA_READ_CONSUME_CHECK_CONSUMER) timestamp=3866 ms, used_size=10387456 bytes (25.4%)
(RDMA_READ_CONSUME_CHECK_CONSUMER) timestamp=3866 ms, used_size=10385408 bytes (25.4%)
(RDMA_READ_CONSUME_CHECK_CONSUMER) timestamp=3866 ms, used_size=10383360 bytes (25.4%)
(RDMA_READ_CONSUME_CHECK_CONSUMER) timestamp=3866 ms, used_size=10381312 bytes (25.3%)
(RDMA_READ_CONSUME_CHECK_CONSUMER) timestamp=3866 ms, used_size=10379264 bytes (25.3%)
(RDMA_READ_CONSUME_CHECK_CONSUMER) timestamp=3866 ms, used_size=10377216 bytes (25.3%)
(RDMA_READ_CONSUME_CHECK_CONSUMER) timestamp=3866 ms, used_size=10375168 bytes (25.3%)
(RDMA_READ_CONSUME_CHECK_CONSUMER) timestamp=3866 ms, used_size=10373120 bytes (25.3%)
(RDMA_READ_CONSUME_CHECK_CONSUMER) timestamp=3866 ms, used_size=10371072 bytes (25.3%)
(RDMA_READ_CONSUME_CHECK_CONSUMER) timestamp=3866 ms, used_size=10369024 bytes (25.3%)
(RDMA_READ_CONSUME_CHECK_CONSUMER) timestamp=3866 ms, used_size=10366976 bytes (25.3%)
(RDMA_READ_CONSUME_CHECK_CONSUMER) timestamp=3866 ms, used_size=10364928 bytes (25.3%)
(RDMA_READ_CONSUME_CHECK_CONSUMER) timestamp=3866 ms, used_size=10362880 bytes (25.3%)
(RDMA_READ_CONSUME_CHECK_CONSUMER) timestamp=3866 ms, used_size=10360832 bytes (25.3%)
(RDMA_READ_CONSUME_CHECK_CONSUMER) timestamp=3866 ms, used_size=10358784 bytes (25.3%)
(RDMA_READ_CONSUME_CHECK_CONSUMER) timestamp=3866 ms, used_size=10356736 bytes (25.3%)
(RDMA_READ_CONSUME_CHECK_CONSUMER) timestamp=3866 ms, used_size=10354688 bytes (25.3%)
(RDMA_READ_CONSUME_CHECK_CONSUMER) timestamp=3866 ms, used_size=10352640 bytes (25.3%)
(RDMA_READ_CONSUME_CHECK_CONSUMER) timestamp=3866 ms, used_size=10350592 bytes (25.3%)
(RDMA_READ_CONSUME_CHECK_CONSUMER) timestamp=3866 ms, used_size=10348544 bytes (25.3%)
(RDMA_READ_CONSUME_CHECK_CONSUMER) timestamp=3866 ms, used_size=10346496 bytes (25.3%)
(RDMA_READ_CONSUME_CHECK_CONSUMER) timestamp=3866 ms, used_size=10344448 bytes (25.3%)
(RDMA_READ_CONSUME_CHECK_CONSUMER) timestamp=3866 ms, used_size=10342400 bytes (25.2%)
(RDMA_READ_CONSUME_CHECK_CONSUMER) timestamp=3866 ms, used_size=10340352 bytes (25.2%)
(RDMA_READ_CONSUME_CHECK_CONSUMER) timestamp=3866 ms, used_size=10338304 bytes (25.2%)
(RDMA_READ_CONSUME_CHECK_CONSUMER) timestamp=3866 ms, used_size=10336256 bytes (25.2%)
(RDMA_READ_CONSUME_CHECK_CONSUMER) timestamp=3866 ms, used_size=10334208 bytes (25.2%)
(RDMA_READ_CONSUME_CHECK_CONSUMER) timestamp=3866 ms, used_size=10332160 bytes (25.2%)
(RDMA_READ_CONSUME_CHECK_CONSUMER) timestamp=3866 ms, used_size=10330112 bytes (25.2%)
(RDMA_READ_CONSUME_CHECK_CONSUMER) timestamp=3866 ms, used_size=10328064 bytes (25.2%)
(RDMA_READ_CONSUME_CHECK_CONSUMER) timestamp=3866 ms, used_size=10326016 bytes (25.2%)
(RDMA_READ_CONSUME_CHECK_CONSUMER) timestamp=3866 ms, used_size=10323968 bytes (25.2%)
(RDMA_READ_CONSUME_CHECK_CONSUMER) timestamp=3866 ms, used_size=10321920 bytes (25.2%)
(RDMA_READ_CONSUME_CHECK_CONSUMER) timestamp=3866 ms, used_size=10319872 bytes (25.2%)
(RDMA_READ_CONSUME_CHECK_CONSUMER) timestamp=3866 ms, used_size=10317824 bytes (25.2%)
(RDMA_READ_CONSUME_CHECK_CONSUMER) timestamp=3866 ms, used_size=10315776 bytes (25.2%)
(RDMA_READ_CONSUME_CHECK_CONSUMER) timestamp=3866 ms, used_size=10313728 bytes (25.2%)
(RDMA_READ_CONSUME_CHECK_CONSUMER) timestamp=3866 ms, used_size=10311680 bytes (25.2%)
(RDMA_READ_CONSUME_CHECK_CONSUMER) timestamp=3866 ms, used_size=10309632 bytes (25.2%)
(RDMA_READ_CONSUME_CHECK_CONSUMER) timestamp=3866 ms, used_size=10307584 bytes (25.2%)
(RDMA_READ_CONSUME_CHECK_CONSUMER) timestamp=3866 ms, used_size=10305536 bytes (25.2%)
(RDMA_READ_CONSUME_CHECK_CONSUMER) timestamp=3866 ms, used_size=10303488 bytes (25.2%)
(RDMA_READ_CONSUME_CHECK_CONSUMER) timestamp=3866 ms, used_size=10301440 bytes (25.1%)
(RDMA_READ_CONSUME_CHECK_CONSUMER) timestamp=3866 ms, used_size=10299392 bytes (25.1%)
(RDMA_READ_CONSUME_CHECK_CONSUMER) timestamp=3866 ms, used_size=10297344 bytes (25.1%)
(RDMA_READ_CONSUME_CHECK_CONSUMER) timestamp=3866 ms, used_size=10295296 bytes (25.1%)
(RDMA_READ_CONSUME_CHECK_CONSUMER) timestamp=3866 ms, used_size=10293248 bytes (25.1%)
(RDMA_READ_CONSUME_CHECK_CONSUMER) timestamp=3866 ms, used_size=10291200 bytes (25.1%)
(RDMA_READ_CONSUME_CHECK_CONSUMER) timestamp=3866 ms, used_size=10289152 bytes (25.1%)
(RDMA_READ_CONSUME_CHECK_CONSUMER) timestamp=3866 ms, used_size=10287104 bytes (25.1%)
(RDMA_READ_CONSUME_CHECK_CONSUMER) timestamp=3866 ms, used_size=10285056 bytes (25.1%)
(RDMA_READ_CONSUME_CHECK_CONSUMER) timestamp=3866 ms, used_size=10283008 bytes (25.1%)
(RDMA_READ_CONSUME_CHECK_CONSUMER) timestamp=3866 ms, used_size=10280960 bytes (25.1%)
(RDMA_READ_CONSUME_CHECK_CONSUMER) timestamp=3866 ms, used_size=10278912 bytes (25.1%)
(RDMA_READ_CONSUME_CHECK_CONSUMER) timestamp=3866 ms, used_size=10276864 bytes (25.1%)
(RDMA_READ_CONSUME_CHECK_CONSUMER) timestamp=3866 ms, used_size=10274816 bytes (25.1%)
(RDMA_READ_CONSUME_CHECK_CONSUMER) timestamp=3866 ms, used_size=10272768 bytes (25.1%)
(RDMA_READ_CONSUME_CHECK_CONSUMER) timestamp=3866 ms, used_size=10270720 bytes (25.1%)
(RDMA_READ_CONSUME_CHECK_CONSUMER) timestamp=3866 ms, used_size=10268672 bytes (25.1%)
(RDMA_READ_CONSUME_CHECK_CONSUMER) timestamp=3866 ms, used_size=10266624 bytes (25.1%)
(RDMA_READ_CONSUME_CHECK_CONSUMER) timestamp=3867 ms, used_size=10264576 bytes (25.1%)
(RDMA_READ_CONSUME_CHECK_CONSUMER) timestamp=3867 ms, used_size=10262528 bytes (25.1%)
(RDMA_READ_CONSUME_CHECK_CONSUMER) timestamp=3867 ms, used_size=10260480 bytes (25.1%)
(RDMA_READ_CONSUME_CHECK_CONSUMER) timestamp=3867 ms, used_size=10258432 bytes (25.0%)
(RDMA_READ_CONSUME_CHECK_CONSUMER) timestamp=3867 ms, used_size=10256384 bytes (25.0%)
(RDMA_READ_CONSUME_CHECK_CONSUMER) timestamp=3867 ms, used_size=10254336 bytes (25.0%)
(RDMA_READ_CONSUME_CHECK_CONSUMER) timestamp=3867 ms, used_size=10252288 bytes (25.0%)
(RDMA_READ_CONSUME_CHECK_CONSUMER) timestamp=3867 ms, used_size=10250240 bytes (25.0%)
(RDMA_READ_CONSUME_CHECK_CONSUMER) timestamp=3867 ms, used_size=10248192 bytes (25.0%)
(RDMA_READ_CONSUME_CHECK_CONSUMER) timestamp=3867 ms, used_size=10246144 bytes (25.0%)
(RDMA_READ_CONSUME_CHECK_CONSUMER) timestamp=3867 ms, used_size=10244096 bytes (25.0%)
(RDMA_READ_CONSUME_CHECK_CONSUMER) timestamp=3867 ms, used_size=10242048 bytes (25.0%)
(RDMA_READ_CONSUME_CHECK_CONSUMER) timestamp=3867 ms, used_size=10240000 bytes (25.0%)
(RDMA_READ_CONSUME_CHECK_CONSUMER) timestamp=3867 ms, used_size=10237952 bytes (25.0%)
(RDMA_READ_CONSUME_CHECK_CONSUMER) timestamp=3867 ms, used_size=10235904 bytes (25.0%)
(RDMA_READ_CONSUME_CHECK_CONSUMER) timestamp=3867 ms, used_size=10233856 bytes (25.0%)
(RDMA_READ_CONSUME_CHECK_CONSUMER) timestamp=3867 ms, used_size=10231808 bytes (25.0%)
(RDMA_READ_CONSUME_CHECK_CONSUMER) timestamp=3867 ms, used_size=10229760 bytes (25.0%)
(RDMA_READ_CONSUME_CHECK_CONSUMER) timestamp=3867 ms, used_size=10227712 bytes (25.0%)
(RDMA_READ_CONSUME_CHECK_CONSUMER) timestamp=3867 ms, used_size=10225664 bytes (25.0%)
(RDMA_READ_CONSUME_CHECK_CONSUMER) timestamp=3867 ms, used_size=10223616 bytes (25.0%)
(RDMA_READ_CONSUME_CHECK_CONSUMER) timestamp=3867 ms, used_size=10221568 bytes (25.0%)
(RDMA_READ_CONSUME_CHECK_CONSUMER) timestamp=3867 ms, used_size=10219520 bytes (24.9%)
(RDMA_READ_CONSUME_CHECK_CONSUMER) timestamp=3867 ms, used_size=10217472 bytes (24.9%)
(RDMA_READ_CONSUME_CHECK_CONSUMER) timestamp=3867 ms, used_size=10215424 bytes (24.9%)
(RDMA_READ_CONSUME_CHECK_CONSUMER) timestamp=3867 ms, used_size=10213376 bytes (24.9%)
(RDMA_READ_CONSUME_CHECK_CONSUMER) timestamp=3867 ms, used_size=10211328 bytes (24.9%)
(RDMA_READ_CONSUME_CHECK_CONSUMER) timestamp=3867 ms, used_size=10209280 bytes (24.9%)
(RDMA_READ_CONSUME_CHECK_CONSUMER) timestamp=3867 ms, used_size=10207232 bytes (24.9%)
(RDMA_READ_CONSUME_CHECK_CONSUMER) timestamp=3867 ms, used_size=10205184 bytes (24.9%)
(RDMA_READ_CONSUME_CHECK_CONSUMER) timestamp=3867 ms, used_size=10203136 bytes (24.9%)
(RDMA_READ_CONSUME_CHECK_CONSUMER) timestamp=3867 ms, used_size=10201088 bytes (24.9%)
(RDMA_READ_CONSUME_CHECK_CONSUMER) timestamp=3867 ms, used_size=10199040 bytes (24.9%)
(RDMA_READ_CONSUME_CHECK_CONSUMER) timestamp=3867 ms, used_size=10196992 bytes (24.9%)
(RDMA_READ_CONSUME_CHECK_CONSUMER) timestamp=3867 ms, used_size=10194944 bytes (24.9%)
(RDMA_READ_CONSUME_CHECK_CONSUMER) timestamp=3867 ms, used_size=10192896 bytes (24.9%)
(RDMA_READ_CONSUME_CHECK_CONSUMER) timestamp=3867 ms, used_size=10190848 bytes (24.9%)
(RDMA_READ_CONSUME_CHECK_CONSUMER) timestamp=3867 ms, used_size=10188800 bytes (24.9%)
(RDMA_READ_CONSUME_CHECK_CONSUMER) timestamp=3867 ms, used_size=10186752 bytes (24.9%)
(RDMA_READ_CONSUME_CHECK_CONSUMER) timestamp=3867 ms, used_size=10184704 bytes (24.9%)
(RDMA_READ_CONSUME_CHECK_CONSUMER) timestamp=3867 ms, used_size=10182656 bytes (24.9%)
(RDMA_READ_CONSUME_CHECK_CONSUMER) timestamp=3867 ms, used_size=10180608 bytes (24.9%)
(RDMA_READ_CONSUME_CHECK_CONSUMER) timestamp=3867 ms, used_size=10178560 bytes (24.9%)
(RDMA_READ_CONSUME_CHECK_CONSUMER) timestamp=3867 ms, used_size=10176512 bytes (24.8%)
(RDMA_READ_CONSUME_CHECK_CONSUMER) timestamp=3867 ms, used_size=10174464 bytes (24.8%)
(RDMA_READ_CONSUME_CHECK_CONSUMER) timestamp=3867 ms, used_size=10172416 bytes (24.8%)
(RDMA_READ_CONSUME_CHECK_CONSUMER) timestamp=3867 ms, used_size=10170368 bytes (24.8%)
(RDMA_READ_CONSUME_CHECK_CONSUMER) timestamp=3867 ms, used_size=10168320 bytes (24.8%)
(RDMA_READ_CONSUME_CHECK_CONSUMER) timestamp=3867 ms, used_size=10166272 bytes (24.8%)
(RDMA_READ_CONSUME_CHECK_CONSUMER) timestamp=3867 ms, used_size=10164224 bytes (24.8%)
(RDMA_READ_CONSUME_CHECK_CONSUMER) timestamp=3867 ms, used_size=10162176 bytes (24.8%)
(RDMA_READ_CONSUME_CHECK_CONSUMER) timestamp=3867 ms, used_size=10160128 bytes (24.8%)
(RDMA_READ_CONSUME_CHECK_CONSUMER) timestamp=3867 ms, used_size=10158080 bytes (24.8%)
(RDMA_READ_CONSUME_CHECK_CONSUMER) timestamp=3867 ms, used_size=10156032 bytes (24.8%)
(RDMA_READ_CONSUME_CHECK_CONSUMER) timestamp=3867 ms, used_size=10153984 bytes (24.8%)
(RDMA_READ_CONSUME_CHECK_CONSUMER) timestamp=3867 ms, used_size=10151936 bytes (24.8%)
(RDMA_READ_CONSUME_CHECK_CONSUMER) timestamp=3867 ms, used_size=10149888 bytes (24.8%)
(RDMA_READ_CONSUME_CHECK_CONSUMER) timestamp=3867 ms, used_size=10147840 bytes (24.8%)
(RDMA_READ_CONSUME_CHECK_CONSUMER) timestamp=3867 ms, used_size=10145792 bytes (24.8%)
(RDMA_READ_CONSUME_CHECK_CONSUMER) timestamp=3867 ms, used_size=10143744 bytes (24.8%)
(RDMA_READ_CONSUME_CHECK_CONSUMER) timestamp=3867 ms, used_size=10141696 bytes (24.8%)
(RDMA_READ_CONSUME_CHECK_CONSUMER) timestamp=3867 ms, used_size=10139648 bytes (24.8%)
(RDMA_READ_CONSUME_CHECK_CONSUMER) timestamp=3867 ms, used_size=10137600 bytes (24.8%)
(RDMA_READ_CONSUME_CHECK_CONSUMER) timestamp=3867 ms, used_size=10135552 bytes (24.7%)
(RDMA_READ_CONSUME_CHECK_CONSUMER) timestamp=3867 ms, used_size=10133504 bytes (24.7%)
(RDMA_READ_CONSUME_CHECK_CONSUMER) timestamp=3867 ms, used_size=10131456 bytes (24.7%)
(RDMA_READ_CONSUME_CHECK_CONSUMER) timestamp=3867 ms, used_size=10129408 bytes (24.7%)
(RDMA_READ_CONSUME_CHECK_CONSUMER) timestamp=3867 ms, used_size=10127360 bytes (24.7%)
(RDMA_READ_CONSUME_CHECK_CONSUMER) timestamp=3867 ms, used_size=10125312 bytes (24.7%)
(RDMA_READ_CONSUME_CHECK_CONSUMER) timestamp=3867 ms, used_size=10123264 bytes (24.7%)
(RDMA_READ_CONSUME_CHECK_CONSUMER) timestamp=3867 ms, used_size=10121216 bytes (24.7%)
(RDMA_READ_CONSUME_CHECK_CONSUMER) timestamp=3867 ms, used_size=10119168 bytes (24.7%)
(RDMA_READ_CONSUME_CHECK_CONSUMER) timestamp=3867 ms, used_size=10117120 bytes (24.7%)
(RDMA_READ_CONSUME_CHECK_CONSUMER) timestamp=3867 ms, used_size=10115072 bytes (24.7%)
(RDMA_READ_CONSUME_CHECK_CONSUMER) timestamp=3867 ms, used_size=10113024 bytes (24.7%)
(RDMA_READ_CONSUME_CHECK_CONSUMER) timestamp=3867 ms, used_size=10110976 bytes (24.7%)
(RDMA_READ_CONSUME_CHECK_CONSUMER) timestamp=3867 ms, used_size=10108928 bytes (24.7%)
(RDMA_READ_CONSUME_CHECK_CONSUMER) timestamp=3867 ms, used_size=10106880 bytes (24.7%)
(RDMA_READ_CONSUME_CHECK_CONSUMER) timestamp=3867 ms, used_size=10104832 bytes (24.7%)
(RDMA_READ_CONSUME_CHECK_CONSUMER) timestamp=3867 ms, used_size=10102784 bytes (24.7%)
(RDMA_READ_CONSUME_CHECK_CONSUMER) timestamp=3867 ms, used_size=10100736 bytes (24.7%)
(RDMA_READ_CONSUME_CHECK_CONSUMER) timestamp=3867 ms, used_size=10098688 bytes (24.7%)
(RDMA_READ_CONSUME_CHECK_CONSUMER) timestamp=3867 ms, used_size=10096640 bytes (24.6%)
(RDMA_READ_CONSUME_CHECK_CONSUMER) timestamp=3867 ms, used_size=10094592 bytes (24.6%)
(RDMA_READ_CONSUME_CHECK_CONSUMER) timestamp=3867 ms, used_size=10092544 bytes (24.6%)
(RDMA_READ_CONSUME_CHECK_CONSUMER) timestamp=3867 ms, used_size=10090496 bytes (24.6%)
(RDMA_READ_CONSUME_CHECK_CONSUMER) timestamp=3867 ms, used_size=10088448 bytes (24.6%)
(RDMA_READ_CONSUME_CHECK_CONSUMER) timestamp=3867 ms, used_size=10086400 bytes (24.6%)
(RDMA_READ_CONSUME_CHECK_CONSUMER) timestamp=3867 ms, used_size=10084352 bytes (24.6%)
(RDMA_READ_CONSUME_CHECK_CONSUMER) timestamp=3867 ms, used_size=10082304 bytes (24.6%)
(RDMA_READ_CONSUME_CHECK_CONSUMER) timestamp=3867 ms, used_size=10080256 bytes (24.6%)
(RDMA_READ_CONSUME_CHECK_CONSUMER) timestamp=3867 ms, used_size=10078208 bytes (24.6%)
(RDMA_READ_CONSUME_CHECK_CONSUMER) timestamp=3867 ms, used_size=10076160 bytes (24.6%)
(RDMA_READ_CONSUME_CHECK_CONSUMER) timestamp=3867 ms, used_size=10074112 bytes (24.6%)
(RDMA_READ_CONSUME_CHECK_CONSUMER) timestamp=3867 ms, used_size=10072064 bytes (24.6%)
(RDMA_READ_CONSUME_CHECK_CONSUMER) timestamp=3867 ms, used_size=10070016 bytes (24.6%)
(RDMA_READ_CONSUME_CHECK_CONSUMER) timestamp=3867 ms, used_size=10067968 bytes (24.6%)
(RDMA_READ_CONSUME_CHECK_CONSUMER) timestamp=3867 ms, used_size=10065920 bytes (24.6%)
(RDMA_READ_CONSUME_CHECK_CONSUMER) timestamp=3867 ms, used_size=10063872 bytes (24.6%)
(RDMA_READ_CONSUME_CHECK_CONSUMER) timestamp=3867 ms, used_size=10061824 bytes (24.6%)
(RDMA_READ_CONSUME_CHECK_CONSUMER) timestamp=3867 ms, used_size=10059776 bytes (24.6%)
(RDMA_READ_CONSUME_CHECK_CONSUMER) timestamp=3867 ms, used_size=10057728 bytes (24.6%)
(RDMA_READ_CONSUME_CHECK_CONSUMER) timestamp=3867 ms, used_size=10055680 bytes (24.6%)
(RDMA_READ_CONSUME_CHECK_CONSUMER) timestamp=3867 ms, used_size=10053632 bytes (24.5%)
(RDMA_READ_CONSUME_CHECK_CONSUMER) timestamp=3867 ms, used_size=10051584 bytes (24.5%)
(RDMA_READ_CONSUME_CHECK_CONSUMER) timestamp=3867 ms, used_size=10049536 bytes (24.5%)
(RDMA_READ_CONSUME_CHECK_CONSUMER) timestamp=3867 ms, used_size=10047488 bytes (24.5%)
(RDMA_READ_CONSUME_CHECK_CONSUMER) timestamp=3867 ms, used_size=10045440 bytes (24.5%)
(RDMA_READ_CONSUME_CHECK_CONSUMER) timestamp=3867 ms, used_size=10043392 bytes (24.5%)
(RDMA_READ_CONSUME_CHECK_CONSUMER) timestamp=3867 ms, used_size=10041344 bytes (24.5%)
(RDMA_READ_CONSUME_CHECK_CONSUMER) timestamp=3867 ms, used_size=10039296 bytes (24.5%)
(RDMA_READ_CONSUME_CHECK_CONSUMER) timestamp=3867 ms, used_size=10037248 bytes (24.5%)
(RDMA_READ_CONSUME_CHECK_CONSUMER) timestamp=3867 ms, used_size=10035200 bytes (24.5%)
(RDMA_READ_CONSUME_CHECK_CONSUMER) timestamp=3867 ms, used_size=10033152 bytes (24.5%)
(RDMA_READ_CONSUME_CHECK_CONSUMER) timestamp=3867 ms, used_size=10031104 bytes (24.5%)
(RDMA_READ_CONSUME_CHECK_CONSUMER) timestamp=3867 ms, used_size=10029056 bytes (24.5%)
(RDMA_READ_CONSUME_CHECK_CONSUMER) timestamp=3867 ms, used_size=10027008 bytes (24.5%)
(RDMA_READ_CONSUME_CHECK_CONSUMER) timestamp=3867 ms, used_size=10024960 bytes (24.5%)
(RDMA_READ_CONSUME_CHECK_CONSUMER) timestamp=3867 ms, used_size=10022912 bytes (24.5%)
(RDMA_READ_CONSUME_CHECK_CONSUMER) timestamp=3867 ms, used_size=10020864 bytes (24.5%)
(RDMA_READ_CONSUME_CHECK_CONSUMER) timestamp=3867 ms, used_size=10018816 bytes (24.5%)
(RDMA_READ_CONSUME_CHECK_CONSUMER) timestamp=3867 ms, used_size=10016768 bytes (24.5%)
(RDMA_READ_CONSUME_CHECK_CONSUMER) timestamp=3867 ms, used_size=10014720 bytes (24.4%)
(RDMA_READ_CONSUME_CHECK_CONSUMER) timestamp=3867 ms, used_size=10012672 bytes (24.4%)
(RDMA_READ_CONSUME_CHECK_CONSUMER) timestamp=3867 ms, used_size=10010624 bytes (24.4%)
(RDMA_READ_CONSUME_CHECK_CONSUMER) timestamp=3867 ms, used_size=10008576 bytes (24.4%)
(RDMA_READ_CONSUME_CHECK_CONSUMER) timestamp=3867 ms, used_size=10006528 bytes (24.4%)
(RDMA_READ_CONSUME_CHECK_CONSUMER) timestamp=3867 ms, used_size=10004480 bytes (24.4%)
(RDMA_READ_CONSUME_CHECK_CONSUMER) timestamp=3867 ms, used_size=10002432 bytes (24.4%)
(RDMA_READ_CONSUME_CHECK_CONSUMER) timestamp=3867 ms, used_size=10000384 bytes (24.4%)
(RDMA_READ_CONSUME_CHECK_CONSUMER) timestamp=3867 ms, used_size=9998336 bytes (24.4%)
(RDMA_READ_CONSUME_CHECK_CONSUMER) timestamp=3867 ms, used_size=9996288 bytes (24.4%)
(RDMA_READ_CONSUME_CHECK_CONSUMER) timestamp=3867 ms, used_size=9994240 bytes (24.4%)
(RDMA_READ_CONSUME_CHECK_CONSUMER) timestamp=3867 ms, used_size=9992192 bytes (24.4%)
(RDMA_READ_CONSUME_CHECK_CONSUMER) timestamp=3867 ms, used_size=9990144 bytes (24.4%)
(RDMA_READ_CONSUME_CHECK_CONSUMER) timestamp=3867 ms, used_size=9988096 bytes (24.4%)
(RDMA_READ_CONSUME_CHECK_CONSUMER) timestamp=3867 ms, used_size=9986048 bytes (24.4%)
(RDMA_READ_CONSUME_CHECK_CONSUMER) timestamp=3867 ms, used_size=9984000 bytes (24.4%)
(RDMA_READ_CONSUME_CHECK_CONSUMER) timestamp=3867 ms, used_size=9981952 bytes (24.4%)
(RDMA_READ_CONSUME_CHECK_CONSUMER) timestamp=3867 ms, used_size=9979904 bytes (24.4%)
(RDMA_READ_CONSUME_CHECK_CONSUMER) timestamp=3867 ms, used_size=9977856 bytes (24.4%)
(RDMA_READ_CONSUME_CHECK_CONSUMER) timestamp=3867 ms, used_size=9975808 bytes (24.4%)
(RDMA_READ_CONSUME_CHECK_CONSUMER) timestamp=3867 ms, used_size=9973760 bytes (24.4%)
(RDMA_READ_CONSUME_CHECK_CONSUMER) timestamp=3867 ms, used_size=9971712 bytes (24.3%)
(RDMA_READ_CONSUME_CHECK_CONSUMER) timestamp=3867 ms, used_size=9969664 bytes (24.3%)
(RDMA_READ_CONSUME_CHECK_CONSUMER) timestamp=3867 ms, used_size=9967616 bytes (24.3%)
(RDMA_READ_CONSUME_CHECK_CONSUMER) timestamp=3867 ms, used_size=9965568 bytes (24.3%)
(RDMA_READ_CONSUME_CHECK_CONSUMER) timestamp=3867 ms, used_size=9963520 bytes (24.3%)
(RDMA_READ_CONSUME_CHECK_CONSUMER) timestamp=3867 ms, used_size=9961472 bytes (24.3%)
(RDMA_READ_CONSUME_CHECK_CONSUMER) timestamp=3867 ms, used_size=9959424 bytes (24.3%)
(RDMA_READ_CONSUME_CHECK_CONSUMER) timestamp=3867 ms, used_size=9957376 bytes (24.3%)
(RDMA_READ_CONSUME_CHECK_CONSUMER) timestamp=3867 ms, used_size=9955328 bytes (24.3%)
(RDMA_READ_CONSUME_CHECK_CONSUMER) timestamp=3867 ms, used_size=9953280 bytes (24.3%)
(RDMA_READ_CONSUME_CHECK_CONSUMER) timestamp=3867 ms, used_size=9951232 bytes (24.3%)
(RDMA_READ_CONSUME_CHECK_CONSUMER) timestamp=3867 ms, used_size=9949184 bytes (24.3%)
(RDMA_READ_CONSUME_CHECK_CONSUMER) timestamp=3867 ms, used_size=9947136 bytes (24.3%)
(RDMA_READ_CONSUME_CHECK_CONSUMER) timestamp=3867 ms, used_size=9945088 bytes (24.3%)
(RDMA_READ_CONSUME_CHECK_CONSUMER) timestamp=3867 ms, used_size=9943040 bytes (24.3%)
(RDMA_READ_CONSUME_CHECK_CONSUMER) timestamp=3867 ms, used_size=9940992 bytes (24.3%)
(RDMA_READ_CONSUME_CHECK_CONSUMER) timestamp=3867 ms, used_size=9938944 bytes (24.3%)
(RDMA_READ_CONSUME_CHECK_CONSUMER) timestamp=3867 ms, used_size=9936896 bytes (24.3%)
(RDMA_READ_CONSUME_CHECK_CONSUMER) timestamp=3867 ms, used_size=9934848 bytes (24.3%)
(RDMA_READ_CONSUME_CHECK_CONSUMER) timestamp=3867 ms, used_size=9932800 bytes (24.2%)
(RDMA_READ_CONSUME_CHECK_CONSUMER) timestamp=3867 ms, used_size=9930752 bytes (24.2%)
(RDMA_READ_CONSUME_CHECK_CONSUMER) timestamp=3867 ms, used_size=9928704 bytes (24.2%)
(RDMA_READ_CONSUME_CHECK_CONSUMER) timestamp=3867 ms, used_size=9926656 bytes (24.2%)
(RDMA_READ_CONSUME_CHECK_CONSUMER) timestamp=3867 ms, used_size=9924608 bytes (24.2%)
(RDMA_READ_CONSUME_CHECK_CONSUMER) timestamp=3867 ms, used_size=9922560 bytes (24.2%)
(RDMA_READ_CONSUME_CHECK_CONSUMER) timestamp=3867 ms, used_size=9920512 bytes (24.2%)
(RDMA_READ_CONSUME_CHECK_CONSUMER) timestamp=3867 ms, used_size=9918464 bytes (24.2%)
(RDMA_READ_CONSUME_CHECK_CONSUMER) timestamp=3867 ms, used_size=9916416 bytes (24.2%)
(RDMA_READ_CONSUME_CHECK_CONSUMER) timestamp=3867 ms, used_size=9914368 bytes (24.2%)
(RDMA_READ_CONSUME_CHECK_CONSUMER) timestamp=3867 ms, used_size=9912320 bytes (24.2%)
(RDMA_READ_CONSUME_CHECK_CONSUMER) timestamp=3867 ms, used_size=9910272 bytes (24.2%)
(RDMA_READ_CONSUME_CHECK_CONSUMER) timestamp=3867 ms, used_size=9908224 bytes (24.2%)
(RDMA_READ_CONSUME_CHECK_CONSUMER) timestamp=3867 ms, used_size=9906176 bytes (24.2%)
(RDMA_READ_CONSUME_CHECK_CONSUMER) timestamp=3867 ms, used_size=9904128 bytes (24.2%)
(RDMA_READ_CONSUME_CHECK_CONSUMER) timestamp=3867 ms, used_size=9902080 bytes (24.2%)
(RDMA_READ_CONSUME_CHECK_CONSUMER) timestamp=3867 ms, used_size=9900032 bytes (24.2%)
(RDMA_READ_CONSUME_CHECK_CONSUMER) timestamp=3867 ms, used_size=9897984 bytes (24.2%)
(RDMA_READ_CONSUME_CHECK_CONSUMER) timestamp=3867 ms, used_size=9895936 bytes (24.2%)
(RDMA_READ_CONSUME_CHECK_CONSUMER) timestamp=3867 ms, used_size=9893888 bytes (24.2%)
(RDMA_READ_CONSUME_CHECK_CONSUMER) timestamp=3868 ms, used_size=9891840 bytes (24.1%)
(RDMA_READ_CONSUME_CHECK_CONSUMER) timestamp=3868 ms, used_size=9889792 bytes (24.1%)
(RDMA_READ_CONSUME_CHECK_CONSUMER) timestamp=3868 ms, used_size=9887744 bytes (24.1%)
(RDMA_READ_CONSUME_CHECK_CONSUMER) timestamp=3868 ms, used_size=9885696 bytes (24.1%)
(RDMA_READ_CONSUME_CHECK_CONSUMER) timestamp=3868 ms, used_size=9883648 bytes (24.1%)
(RDMA_READ_CONSUME_CHECK_CONSUMER) timestamp=3868 ms, used_size=9881600 bytes (24.1%)
(RDMA_READ_CONSUME_CHECK_CONSUMER) timestamp=3868 ms, used_size=9879552 bytes (24.1%)
(RDMA_READ_CONSUME_CHECK_CONSUMER) timestamp=3868 ms, used_size=9877504 bytes (24.1%)
(RDMA_READ_CONSUME_CHECK_CONSUMER) timestamp=3868 ms, used_size=9875456 bytes (24.1%)
(RDMA_READ_CONSUME_CHECK_CONSUMER) timestamp=3868 ms, used_size=9873408 bytes (24.1%)
(RDMA_READ_CONSUME_CHECK_CONSUMER) timestamp=3868 ms, used_size=9871360 bytes (24.1%)
(RDMA_READ_CONSUME_CHECK_CONSUMER) timestamp=3868 ms, used_size=9869312 bytes (24.1%)
(RDMA_READ_CONSUME_CHECK_CONSUMER) timestamp=3868 ms, used_size=9867264 bytes (24.1%)
(RDMA_READ_CONSUME_CHECK_CONSUMER) timestamp=3868 ms, used_size=9865216 bytes (24.1%)
(RDMA_READ_CONSUME_CHECK_CONSUMER) timestamp=3868 ms, used_size=9863168 bytes (24.1%)
(RDMA_READ_CONSUME_CHECK_CONSUMER) timestamp=3868 ms, used_size=9861120 bytes (24.1%)
(RDMA_READ_CONSUME_CHECK_CONSUMER) timestamp=3868 ms, used_size=9859072 bytes (24.1%)
(RDMA_READ_CONSUME_CHECK_CONSUMER) timestamp=3868 ms, used_size=9857024 bytes (24.1%)
(RDMA_READ_CONSUME_CHECK_CONSUMER) timestamp=3868 ms, used_size=9854976 bytes (24.1%)
(RDMA_READ_CONSUME_CHECK_CONSUMER) timestamp=3868 ms, used_size=9852928 bytes (24.1%)
(RDMA_READ_CONSUME_CHECK_CONSUMER) timestamp=3868 ms, used_size=9850880 bytes (24.1%)
(RDMA_READ_CONSUME_CHECK_CONSUMER) timestamp=3868 ms, used_size=9848832 bytes (24.0%)
(RDMA_READ_CONSUME_CHECK_CONSUMER) timestamp=3868 ms, used_size=9846784 bytes (24.0%)
(RDMA_READ_CONSUME_CHECK_CONSUMER) timestamp=3868 ms, used_size=9844736 bytes (24.0%)
(RDMA_READ_CONSUME_CHECK_CONSUMER) timestamp=3868 ms, used_size=9842688 bytes (24.0%)
(RDMA_READ_CONSUME_CHECK_CONSUMER) timestamp=3868 ms, used_size=9840640 bytes (24.0%)
(RDMA_READ_CONSUME_CHECK_CONSUMER) timestamp=3868 ms, used_size=9838592 bytes (24.0%)
(RDMA_READ_CONSUME_CHECK_CONSUMER) timestamp=3868 ms, used_size=9836544 bytes (24.0%)
(RDMA_READ_CONSUME_CHECK_CONSUMER) timestamp=3868 ms, used_size=9834496 bytes (24.0%)
(RDMA_READ_CONSUME_CHECK_CONSUMER) timestamp=3868 ms, used_size=9832448 bytes (24.0%)
(RDMA_READ_CONSUME_CHECK_CONSUMER) timestamp=3868 ms, used_size=9830400 bytes (24.0%)
(RDMA_READ_CONSUME_CHECK_CONSUMER) timestamp=3868 ms, used_size=9828352 bytes (24.0%)
(RDMA_READ_CONSUME_CHECK_CONSUMER) timestamp=3868 ms, used_size=9826304 bytes (24.0%)
(RDMA_READ_CONSUME_CHECK_CONSUMER) timestamp=3868 ms, used_size=9824256 bytes (24.0%)
(RDMA_READ_CONSUME_CHECK_CONSUMER) timestamp=3868 ms, used_size=9822208 bytes (24.0%)
(RDMA_READ_CONSUME_CHECK_CONSUMER) timestamp=3868 ms, used_size=9820160 bytes (24.0%)
(RDMA_READ_CONSUME_CHECK_CONSUMER) timestamp=3868 ms, used_size=9818112 bytes (24.0%)
(RDMA_READ_CONSUME_CHECK_CONSUMER) timestamp=3868 ms, used_size=9816064 bytes (24.0%)
(RDMA_READ_CONSUME_CHECK_CONSUMER) timestamp=3868 ms, used_size=9814016 bytes (24.0%)
(RDMA_READ_CONSUME_CHECK_CONSUMER) timestamp=3868 ms, used_size=9811968 bytes (24.0%)
(RDMA_READ_CONSUME_CHECK_CONSUMER) timestamp=3868 ms, used_size=9809920 bytes (23.9%)
(RDMA_READ_CONSUME_CHECK_CONSUMER) timestamp=3868 ms, used_size=9807872 bytes (23.9%)
(RDMA_READ_CONSUME_CHECK_CONSUMER) timestamp=3868 ms, used_size=9805824 bytes (23.9%)
(RDMA_READ_CONSUME_CHECK_CONSUMER) timestamp=3868 ms, used_size=9803776 bytes (23.9%)
(RDMA_READ_CONSUME_CHECK_CONSUMER) timestamp=3868 ms, used_size=9801728 bytes (23.9%)
(RDMA_READ_CONSUME_CHECK_CONSUMER) timestamp=3868 ms, used_size=9799680 bytes (23.9%)
(RDMA_READ_CONSUME_CHECK_CONSUMER) timestamp=3868 ms, used_size=9797632 bytes (23.9%)
(RDMA_READ_CONSUME_CHECK_CONSUMER) timestamp=3868 ms, used_size=9795584 bytes (23.9%)
(RDMA_READ_CONSUME_CHECK_CONSUMER) timestamp=3868 ms, used_size=9793536 bytes (23.9%)
(RDMA_READ_CONSUME_CHECK_CONSUMER) timestamp=3868 ms, used_size=9791488 bytes (23.9%)
(RDMA_READ_CONSUME_CHECK_CONSUMER) timestamp=3868 ms, used_size=9789440 bytes (23.9%)
(RDMA_READ_CONSUME_CHECK_CONSUMER) timestamp=3868 ms, used_size=9787392 bytes (23.9%)
(RDMA_READ_CONSUME_CHECK_CONSUMER) timestamp=3868 ms, used_size=9785344 bytes (23.9%)
(RDMA_READ_CONSUME_CHECK_CONSUMER) timestamp=3868 ms, used_size=9783296 bytes (23.9%)
(RDMA_READ_CONSUME_CHECK_CONSUMER) timestamp=3868 ms, used_size=9781248 bytes (23.9%)
(RDMA_READ_CONSUME_CHECK_CONSUMER) timestamp=3868 ms, used_size=9779200 bytes (23.9%)
(RDMA_READ_CONSUME_CHECK_CONSUMER) timestamp=3868 ms, used_size=9777152 bytes (23.9%)
(RDMA_READ_CONSUME_CHECK_CONSUMER) timestamp=3868 ms, used_size=9775104 bytes (23.9%)
(RDMA_READ_CONSUME_CHECK_CONSUMER) timestamp=3868 ms, used_size=9773056 bytes (23.9%)
(RDMA_READ_CONSUME_CHECK_CONSUMER) timestamp=3868 ms, used_size=9771008 bytes (23.9%)
(RDMA_READ_CONSUME_CHECK_CONSUMER) timestamp=3868 ms, used_size=9768960 bytes (23.9%)
(RDMA_READ_CONSUME_CHECK_CONSUMER) timestamp=3868 ms, used_size=9766912 bytes (23.8%)
(RDMA_READ_CONSUME_CHECK_CONSUMER) timestamp=3868 ms, used_size=9764864 bytes (23.8%)
(RDMA_READ_CONSUME_CHECK_CONSUMER) timestamp=3868 ms, used_size=9762816 bytes (23.8%)
(RDMA_READ_CONSUME_CHECK_CONSUMER) timestamp=3868 ms, used_size=9760768 bytes (23.8%)
(RDMA_READ_CONSUME_CHECK_CONSUMER) timestamp=3868 ms, used_size=9758720 bytes (23.8%)
(RDMA_READ_CONSUME_CHECK_CONSUMER) timestamp=3868 ms, used_size=9756672 bytes (23.8%)
(RDMA_READ_CONSUME_CHECK_CONSUMER) timestamp=3868 ms, used_size=9754624 bytes (23.8%)
(RDMA_READ_CONSUME_CHECK_CONSUMER) timestamp=3868 ms, used_size=9752576 bytes (23.8%)
(RDMA_READ_CONSUME_CHECK_CONSUMER) timestamp=3868 ms, used_size=9750528 bytes (23.8%)
(RDMA_READ_CONSUME_CHECK_CONSUMER) timestamp=3868 ms, used_size=9748480 bytes (23.8%)
(RDMA_READ_CONSUME_CHECK_CONSUMER) timestamp=3868 ms, used_size=9746432 bytes (23.8%)
(RDMA_READ_CONSUME_CHECK_CONSUMER) timestamp=3868 ms, used_size=9744384 bytes (23.8%)
(RDMA_READ_CONSUME_CHECK_CONSUMER) timestamp=3868 ms, used_size=9742336 bytes (23.8%)
(RDMA_READ_CONSUME_CHECK_CONSUMER) timestamp=3868 ms, used_size=9740288 bytes (23.8%)
(RDMA_READ_CONSUME_CHECK_CONSUMER) timestamp=3868 ms, used_size=9738240 bytes (23.8%)
(RDMA_READ_CONSUME_CHECK_CONSUMER) timestamp=3868 ms, used_size=9736192 bytes (23.8%)
(RDMA_READ_CONSUME_CHECK_CONSUMER) timestamp=3868 ms, used_size=9734144 bytes (23.8%)
(RDMA_READ_CONSUME_CHECK_CONSUMER) timestamp=3868 ms, used_size=9732096 bytes (23.8%)
(RDMA_READ_CONSUME_CHECK_CONSUMER) timestamp=3868 ms, used_size=9730048 bytes (23.8%)
(RDMA_READ_CONSUME_CHECK_CONSUMER) timestamp=3868 ms, used_size=9728000 bytes (23.8%)
(RDMA_READ_CONSUME_CHECK_CONSUMER) timestamp=3868 ms, used_size=9725952 bytes (23.7%)
(RDMA_READ_CONSUME_CHECK_CONSUMER) timestamp=3868 ms, used_size=9723904 bytes (23.7%)
(RDMA_READ_CONSUME_CHECK_CONSUMER) timestamp=3868 ms, used_size=9721856 bytes (23.7%)
(RDMA_READ_CONSUME_CHECK_CONSUMER) timestamp=3868 ms, used_size=9719808 bytes (23.7%)
(RDMA_READ_CONSUME_CHECK_CONSUMER) timestamp=3868 ms, used_size=9717760 bytes (23.7%)
(RDMA_READ_CONSUME_CHECK_CONSUMER) timestamp=3868 ms, used_size=9715712 bytes (23.7%)
(RDMA_READ_CONSUME_CHECK_CONSUMER) timestamp=3868 ms, used_size=9713664 bytes (23.7%)
(RDMA_READ_CONSUME_CHECK_CONSUMER) timestamp=3868 ms, used_size=9711616 bytes (23.7%)
(RDMA_READ_CONSUME_CHECK_CONSUMER) timestamp=3868 ms, used_size=9709568 bytes (23.7%)
(RDMA_READ_CONSUME_CHECK_CONSUMER) timestamp=3868 ms, used_size=9707520 bytes (23.7%)
(RDMA_READ_CONSUME_CHECK_CONSUMER) timestamp=3868 ms, used_size=9705472 bytes (23.7%)
(RDMA_READ_CONSUME_CHECK_CONSUMER) timestamp=3868 ms, used_size=9703424 bytes (23.7%)
(RDMA_READ_CONSUME_CHECK_CONSUMER) timestamp=3868 ms, used_size=9701376 bytes (23.7%)
(RDMA_READ_CONSUME_CHECK_CONSUMER) timestamp=3868 ms, used_size=9699328 bytes (23.7%)
(RDMA_READ_CONSUME_CHECK_CONSUMER) timestamp=3868 ms, used_size=9697280 bytes (23.7%)
(RDMA_READ_CONSUME_CHECK_CONSUMER) timestamp=3868 ms, used_size=9695232 bytes (23.7%)
(RDMA_READ_CONSUME_CHECK_CONSUMER) timestamp=3868 ms, used_size=9693184 bytes (23.7%)
(RDMA_READ_CONSUME_CHECK_CONSUMER) timestamp=3868 ms, used_size=9691136 bytes (23.7%)
(RDMA_READ_CONSUME_CHECK_CONSUMER) timestamp=3868 ms, used_size=9689088 bytes (23.7%)
(RDMA_READ_CONSUME_CHECK_CONSUMER) timestamp=3868 ms, used_size=9687040 bytes (23.6%)
(RDMA_READ_CONSUME_CHECK_CONSUMER) timestamp=3868 ms, used_size=9684992 bytes (23.6%)
(RDMA_READ_CONSUME_CHECK_CONSUMER) timestamp=3868 ms, used_size=9682944 bytes (23.6%)
(RDMA_READ_CONSUME_CHECK_CONSUMER) timestamp=3868 ms, used_size=9680896 bytes (23.6%)
(RDMA_READ_CONSUME_CHECK_CONSUMER) timestamp=3868 ms, used_size=9678848 bytes (23.6%)
(RDMA_READ_CONSUME_CHECK_CONSUMER) timestamp=3868 ms, used_size=9676800 bytes (23.6%)
(RDMA_READ_CONSUME_CHECK_CONSUMER) timestamp=3868 ms, used_size=9674752 bytes (23.6%)
(RDMA_READ_CONSUME_CHECK_CONSUMER) timestamp=3868 ms, used_size=9672704 bytes (23.6%)
(RDMA_READ_CONSUME_CHECK_CONSUMER) timestamp=3868 ms, used_size=9670656 bytes (23.6%)
(RDMA_READ_CONSUME_CHECK_CONSUMER) timestamp=3868 ms, used_size=9668608 bytes (23.6%)
(RDMA_READ_CONSUME_CHECK_CONSUMER) timestamp=3868 ms, used_size=9666560 bytes (23.6%)
(RDMA_READ_CONSUME_CHECK_CONSUMER) timestamp=3868 ms, used_size=9664512 bytes (23.6%)
(RDMA_READ_CONSUME_CHECK_CONSUMER) timestamp=3868 ms, used_size=9662464 bytes (23.6%)
(RDMA_READ_CONSUME_CHECK_CONSUMER) timestamp=3868 ms, used_size=9660416 bytes (23.6%)
(RDMA_READ_CONSUME_CHECK_CONSUMER) timestamp=3868 ms, used_size=9658368 bytes (23.6%)
(RDMA_READ_CONSUME_CHECK_CONSUMER) timestamp=3868 ms, used_size=9656320 bytes (23.6%)
(RDMA_READ_CONSUME_CHECK_CONSUMER) timestamp=3868 ms, used_size=9654272 bytes (23.6%)
(RDMA_READ_CONSUME_CHECK_CONSUMER) timestamp=3868 ms, used_size=9652224 bytes (23.6%)
(RDMA_READ_CONSUME_CHECK_CONSUMER) timestamp=3868 ms, used_size=9650176 bytes (23.6%)
(RDMA_READ_CONSUME_CHECK_CONSUMER) timestamp=3868 ms, used_size=9648128 bytes (23.6%)
(RDMA_READ_CONSUME_CHECK_CONSUMER) timestamp=3868 ms, used_size=9646080 bytes (23.6%)
(RDMA_READ_CONSUME_CHECK_CONSUMER) timestamp=3868 ms, used_size=9644032 bytes (23.5%)
(RDMA_READ_CONSUME_CHECK_CONSUMER) timestamp=3868 ms, used_size=9641984 bytes (23.5%)
(RDMA_READ_CONSUME_CHECK_CONSUMER) timestamp=3868 ms, used_size=9639936 bytes (23.5%)
(RDMA_READ_CONSUME_CHECK_CONSUMER) timestamp=3868 ms, used_size=9637888 bytes (23.5%)
(RDMA_READ_CONSUME_CHECK_CONSUMER) timestamp=3868 ms, used_size=9635840 bytes (23.5%)
(RDMA_READ_CONSUME_CHECK_CONSUMER) timestamp=3868 ms, used_size=9633792 bytes (23.5%)
(RDMA_READ_CONSUME_CHECK_CONSUMER) timestamp=3868 ms, used_size=9631744 bytes (23.5%)
(RDMA_READ_CONSUME_CHECK_CONSUMER) timestamp=3868 ms, used_size=9629696 bytes (23.5%)
(RDMA_READ_CONSUME_CHECK_CONSUMER) timestamp=3868 ms, used_size=9627648 bytes (23.5%)
(RDMA_READ_CONSUME_CHECK_CONSUMER) timestamp=3868 ms, used_size=9625600 bytes (23.5%)
(RDMA_READ_CONSUME_CHECK_CONSUMER) timestamp=3868 ms, used_size=9623552 bytes (23.5%)
(RDMA_READ_CONSUME_CHECK_CONSUMER) timestamp=3868 ms, used_size=9621504 bytes (23.5%)
(RDMA_READ_CONSUME_CHECK_CONSUMER) timestamp=3868 ms, used_size=9619456 bytes (23.5%)
(RDMA_READ_CONSUME_CHECK_CONSUMER) timestamp=3868 ms, used_size=9617408 bytes (23.5%)
(RDMA_READ_CONSUME_CHECK_CONSUMER) timestamp=3868 ms, used_size=9615360 bytes (23.5%)
(RDMA_READ_CONSUME_CHECK_CONSUMER) timestamp=3868 ms, used_size=9613312 bytes (23.5%)
(RDMA_READ_CONSUME_CHECK_CONSUMER) timestamp=3868 ms, used_size=9611264 bytes (23.5%)
(RDMA_READ_CONSUME_CHECK_CONSUMER) timestamp=3868 ms, used_size=9609216 bytes (23.5%)
(RDMA_READ_CONSUME_CHECK_CONSUMER) timestamp=3868 ms, used_size=9607168 bytes (23.5%)
(RDMA_READ_CONSUME_CHECK_CONSUMER) timestamp=3868 ms, used_size=9605120 bytes (23.4%)
(RDMA_READ_CONSUME_CHECK_CONSUMER) timestamp=3868 ms, used_size=9603072 bytes (23.4%)
(RDMA_READ_CONSUME_CHECK_CONSUMER) timestamp=3868 ms, used_size=9601024 bytes (23.4%)
(RDMA_READ_CONSUME_CHECK_CONSUMER) timestamp=3868 ms, used_size=9598976 bytes (23.4%)
(RDMA_READ_CONSUME_CHECK_CONSUMER) timestamp=3868 ms, used_size=9596928 bytes (23.4%)
(RDMA_READ_CONSUME_CHECK_CONSUMER) timestamp=3868 ms, used_size=9594880 bytes (23.4%)
(RDMA_READ_CONSUME_CHECK_CONSUMER) timestamp=3868 ms, used_size=9592832 bytes (23.4%)
(RDMA_READ_CONSUME_CHECK_CONSUMER) timestamp=3868 ms, used_size=9590784 bytes (23.4%)
(RDMA_READ_CONSUME_CHECK_CONSUMER) timestamp=3868 ms, used_size=9588736 bytes (23.4%)
(RDMA_READ_CONSUME_CHECK_CONSUMER) timestamp=3868 ms, used_size=9586688 bytes (23.4%)
(RDMA_READ_CONSUME_CHECK_CONSUMER) timestamp=3868 ms, used_size=9584640 bytes (23.4%)
(RDMA_READ_CONSUME_CHECK_CONSUMER) timestamp=3868 ms, used_size=9582592 bytes (23.4%)
(RDMA_READ_CONSUME_CHECK_CONSUMER) timestamp=3868 ms, used_size=9580544 bytes (23.4%)
(RDMA_READ_CONSUME_CHECK_CONSUMER) timestamp=3868 ms, used_size=9578496 bytes (23.4%)
(RDMA_READ_CONSUME_CHECK_CONSUMER) timestamp=3868 ms, used_size=9576448 bytes (23.4%)
(RDMA_READ_CONSUME_CHECK_CONSUMER) timestamp=3868 ms, used_size=9574400 bytes (23.4%)
(RDMA_READ_CONSUME_CHECK_CONSUMER) timestamp=3868 ms, used_size=9572352 bytes (23.4%)
(RDMA_READ_CONSUME_CHECK_CONSUMER) timestamp=3868 ms, used_size=9570304 bytes (23.4%)
(RDMA_READ_CONSUME_CHECK_CONSUMER) timestamp=3868 ms, used_size=9568256 bytes (23.4%)
(RDMA_READ_CONSUME_CHECK_CONSUMER) timestamp=3868 ms, used_size=9566208 bytes (23.4%)
(RDMA_READ_CONSUME_CHECK_CONSUMER) timestamp=3868 ms, used_size=9564160 bytes (23.4%)
(RDMA_READ_CONSUME_CHECK_CONSUMER) timestamp=3868 ms, used_size=9562112 bytes (23.3%)
(RDMA_READ_CONSUME_CHECK_CONSUMER) timestamp=3868 ms, used_size=9560064 bytes (23.3%)
(RDMA_READ_CONSUME_CHECK_CONSUMER) timestamp=3868 ms, used_size=9558016 bytes (23.3%)
(RDMA_READ_CONSUME_CHECK_CONSUMER) timestamp=3868 ms, used_size=9555968 bytes (23.3%)
(RDMA_READ_CONSUME_CHECK_CONSUMER) timestamp=3868 ms, used_size=9553920 bytes (23.3%)
(RDMA_READ_CONSUME_CHECK_CONSUMER) timestamp=3868 ms, used_size=9551872 bytes (23.3%)
(RDMA_READ_CONSUME_CHECK_CONSUMER) timestamp=3868 ms, used_size=9549824 bytes (23.3%)
(RDMA_READ_CONSUME_CHECK_CONSUMER) timestamp=3868 ms, used_size=9547776 bytes (23.3%)
(RDMA_READ_CONSUME_CHECK_CONSUMER) timestamp=3868 ms, used_size=9545728 bytes (23.3%)
(RDMA_READ_CONSUME_CHECK_CONSUMER) timestamp=3868 ms, used_size=9543680 bytes (23.3%)
(RDMA_READ_CONSUME_CHECK_CONSUMER) timestamp=3868 ms, used_size=9541632 bytes (23.3%)
(RDMA_READ_CONSUME_CHECK_CONSUMER) timestamp=3868 ms, used_size=9539584 bytes (23.3%)
(RDMA_READ_CONSUME_CHECK_CONSUMER) timestamp=3868 ms, used_size=9537536 bytes (23.3%)
(RDMA_READ_CONSUME_CHECK_CONSUMER) timestamp=3868 ms, used_size=9535488 bytes (23.3%)
(RDMA_READ_CONSUME_CHECK_CONSUMER) timestamp=3868 ms, used_size=9533440 bytes (23.3%)
(RDMA_READ_CONSUME_CHECK_CONSUMER) timestamp=3868 ms, used_size=9531392 bytes (23.3%)
(RDMA_READ_CONSUME_CHECK_CONSUMER) timestamp=3869 ms, used_size=9529344 bytes (23.3%)
(RDMA_READ_CONSUME_CHECK_CONSUMER) timestamp=3869 ms, used_size=9527296 bytes (23.3%)
(RDMA_READ_CONSUME_CHECK_CONSUMER) timestamp=3869 ms, used_size=9525248 bytes (23.3%)
(RDMA_READ_CONSUME_CHECK_CONSUMER) timestamp=3869 ms, used_size=9523200 bytes (23.2%)
(RDMA_READ_CONSUME_CHECK_CONSUMER) timestamp=3869 ms, used_size=9521152 bytes (23.2%)
(RDMA_READ_CONSUME_CHECK_CONSUMER) timestamp=3869 ms, used_size=9519104 bytes (23.2%)
(RDMA_READ_CONSUME_CHECK_CONSUMER) timestamp=3869 ms, used_size=9517056 bytes (23.2%)
(RDMA_READ_CONSUME_CHECK_CONSUMER) timestamp=3869 ms, used_size=9515008 bytes (23.2%)
(RDMA_READ_CONSUME_CHECK_CONSUMER) timestamp=3869 ms, used_size=9512960 bytes (23.2%)
(RDMA_READ_CONSUME_CHECK_CONSUMER) timestamp=3869 ms, used_size=9510912 bytes (23.2%)
(RDMA_READ_CONSUME_CHECK_CONSUMER) timestamp=3869 ms, used_size=9508864 bytes (23.2%)
(RDMA_READ_CONSUME_CHECK_CONSUMER) timestamp=3869 ms, used_size=9506816 bytes (23.2%)
(RDMA_READ_CONSUME_CHECK_CONSUMER) timestamp=3869 ms, used_size=9504768 bytes (23.2%)
(RDMA_READ_CONSUME_CHECK_CONSUMER) timestamp=3869 ms, used_size=9502720 bytes (23.2%)
(RDMA_READ_CONSUME_CHECK_CONSUMER) timestamp=3869 ms, used_size=9500672 bytes (23.2%)
(RDMA_READ_CONSUME_CHECK_CONSUMER) timestamp=3869 ms, used_size=9498624 bytes (23.2%)
(RDMA_READ_CONSUME_CHECK_CONSUMER) timestamp=3869 ms, used_size=9496576 bytes (23.2%)
(RDMA_READ_CONSUME_CHECK_CONSUMER) timestamp=3869 ms, used_size=9494528 bytes (23.2%)
(RDMA_READ_CONSUME_CHECK_CONSUMER) timestamp=3869 ms, used_size=9492480 bytes (23.2%)
(RDMA_READ_CONSUME_CHECK_CONSUMER) timestamp=3869 ms, used_size=9490432 bytes (23.2%)
(RDMA_READ_CONSUME_CHECK_CONSUMER) timestamp=3869 ms, used_size=9488384 bytes (23.2%)
(RDMA_READ_CONSUME_CHECK_CONSUMER) timestamp=3869 ms, used_size=9486336 bytes (23.2%)
(RDMA_READ_CONSUME_CHECK_CONSUMER) timestamp=3869 ms, used_size=9484288 bytes (23.2%)
(RDMA_READ_CONSUME_CHECK_CONSUMER) timestamp=3869 ms, used_size=9482240 bytes (23.1%)
(RDMA_READ_CONSUME_CHECK_CONSUMER) timestamp=3869 ms, used_size=9480192 bytes (23.1%)
(RDMA_READ_CONSUME_CHECK_CONSUMER) timestamp=3869 ms, used_size=9478144 bytes (23.1%)
(RDMA_READ_CONSUME_CHECK_CONSUMER) timestamp=3869 ms, used_size=9476096 bytes (23.1%)
(RDMA_READ_CONSUME_CHECK_CONSUMER) timestamp=3869 ms, used_size=9474048 bytes (23.1%)
(RDMA_READ_CONSUME_CHECK_CONSUMER) timestamp=3869 ms, used_size=9472000 bytes (23.1%)
(RDMA_READ_CONSUME_CHECK_CONSUMER) timestamp=3869 ms, used_size=9469952 bytes (23.1%)
(RDMA_READ_CONSUME_CHECK_CONSUMER) timestamp=3869 ms, used_size=9467904 bytes (23.1%)
(RDMA_READ_CONSUME_CHECK_CONSUMER) timestamp=3869 ms, used_size=9465856 bytes (23.1%)
(RDMA_READ_CONSUME_CHECK_CONSUMER) timestamp=3869 ms, used_size=9463808 bytes (23.1%)
(RDMA_READ_CONSUME_CHECK_CONSUMER) timestamp=3869 ms, used_size=9461760 bytes (23.1%)
(RDMA_READ_CONSUME_CHECK_CONSUMER) timestamp=3869 ms, used_size=9459712 bytes (23.1%)
(RDMA_READ_CONSUME_CHECK_CONSUMER) timestamp=3869 ms, used_size=9457664 bytes (23.1%)
(RDMA_READ_CONSUME_CHECK_CONSUMER) timestamp=3869 ms, used_size=9455616 bytes (23.1%)
(RDMA_READ_CONSUME_CHECK_CONSUMER) timestamp=3869 ms, used_size=9453568 bytes (23.1%)
(RDMA_READ_CONSUME_CHECK_CONSUMER) timestamp=3869 ms, used_size=9451520 bytes (23.1%)
(RDMA_READ_CONSUME_CHECK_CONSUMER) timestamp=3869 ms, used_size=9449472 bytes (23.1%)
(RDMA_READ_CONSUME_CHECK_CONSUMER) timestamp=3869 ms, used_size=9447424 bytes (23.1%)
(RDMA_READ_CONSUME_CHECK_CONSUMER) timestamp=3869 ms, used_size=9445376 bytes (23.1%)
(RDMA_READ_CONSUME_CHECK_CONSUMER) timestamp=3869 ms, used_size=9443328 bytes (23.1%)
(RDMA_READ_CONSUME_CHECK_CONSUMER) timestamp=3869 ms, used_size=9441280 bytes (23.1%)
(RDMA_READ_CONSUME_CHECK_CONSUMER) timestamp=3869 ms, used_size=9439232 bytes (23.0%)
(RDMA_READ_CONSUME_CHECK_CONSUMER) timestamp=3869 ms, used_size=9437184 bytes (23.0%)
(RDMA_READ_CONSUME_CHECK_CONSUMER) timestamp=3869 ms, used_size=9435136 bytes (23.0%)
(RDMA_READ_CONSUME_CHECK_CONSUMER) timestamp=3869 ms, used_size=9433088 bytes (23.0%)
(RDMA_READ_CONSUME_CHECK_CONSUMER) timestamp=3869 ms, used_size=9431040 bytes (23.0%)
(RDMA_READ_CONSUME_CHECK_CONSUMER) timestamp=3869 ms, used_size=9428992 bytes (23.0%)
(RDMA_READ_CONSUME_CHECK_CONSUMER) timestamp=3869 ms, used_size=9426944 bytes (23.0%)
(RDMA_READ_CONSUME_CHECK_CONSUMER) timestamp=3869 ms, used_size=9424896 bytes (23.0%)
(RDMA_READ_CONSUME_CHECK_CONSUMER) timestamp=3869 ms, used_size=9422848 bytes (23.0%)
(RDMA_READ_CONSUME_CHECK_CONSUMER) timestamp=3869 ms, used_size=9420800 bytes (23.0%)
(RDMA_READ_CONSUME_CHECK_CONSUMER) timestamp=3869 ms, used_size=9418752 bytes (23.0%)
(RDMA_READ_CONSUME_CHECK_CONSUMER) timestamp=3869 ms, used_size=9416704 bytes (23.0%)
(RDMA_READ_CONSUME_CHECK_CONSUMER) timestamp=3869 ms, used_size=9414656 bytes (23.0%)
(RDMA_READ_CONSUME_CHECK_CONSUMER) timestamp=3869 ms, used_size=9412608 bytes (23.0%)
(RDMA_READ_CONSUME_CHECK_CONSUMER) timestamp=3869 ms, used_size=9410560 bytes (23.0%)
(RDMA_READ_CONSUME_CHECK_CONSUMER) timestamp=3869 ms, used_size=9408512 bytes (23.0%)
(RDMA_READ_CONSUME_CHECK_CONSUMER) timestamp=3869 ms, used_size=9406464 bytes (23.0%)
(RDMA_READ_CONSUME_CHECK_CONSUMER) timestamp=3869 ms, used_size=9404416 bytes (23.0%)
(RDMA_READ_CONSUME_CHECK_CONSUMER) timestamp=3869 ms, used_size=9402368 bytes (23.0%)
(RDMA_READ_CONSUME_CHECK_CONSUMER) timestamp=3869 ms, used_size=9400320 bytes (22.9%)
(RDMA_READ_CONSUME_CHECK_CONSUMER) timestamp=3869 ms, used_size=9398272 bytes (22.9%)
(RDMA_READ_CONSUME_CHECK_CONSUMER) timestamp=3869 ms, used_size=9396224 bytes (22.9%)
(RDMA_READ_CONSUME_CHECK_CONSUMER) timestamp=3869 ms, used_size=9394176 bytes (22.9%)
(RDMA_READ_CONSUME_CHECK_CONSUMER) timestamp=3869 ms, used_size=9392128 bytes (22.9%)
(RDMA_READ_CONSUME_CHECK_CONSUMER) timestamp=3869 ms, used_size=9390080 bytes (22.9%)
(RDMA_READ_CONSUME_CHECK_CONSUMER) timestamp=3869 ms, used_size=9388032 bytes (22.9%)
(RDMA_READ_CONSUME_CHECK_CONSUMER) timestamp=3869 ms, used_size=9385984 bytes (22.9%)
(RDMA_READ_CONSUME_CHECK_CONSUMER) timestamp=3869 ms, used_size=9383936 bytes (22.9%)
(RDMA_READ_CONSUME_CHECK_CONSUMER) timestamp=3869 ms, used_size=9381888 bytes (22.9%)
(RDMA_READ_CONSUME_CHECK_CONSUMER) timestamp=3869 ms, used_size=9379840 bytes (22.9%)
(RDMA_READ_CONSUME_CHECK_CONSUMER) timestamp=3869 ms, used_size=9377792 bytes (22.9%)
(RDMA_READ_CONSUME_CHECK_CONSUMER) timestamp=3869 ms, used_size=9375744 bytes (22.9%)
(RDMA_READ_CONSUME_CHECK_CONSUMER) timestamp=3869 ms, used_size=9373696 bytes (22.9%)
(RDMA_READ_CONSUME_CHECK_CONSUMER) timestamp=3869 ms, used_size=9371648 bytes (22.9%)
(RDMA_READ_CONSUME_CHECK_CONSUMER) timestamp=3869 ms, used_size=9369600 bytes (22.9%)
(RDMA_READ_CONSUME_CHECK_CONSUMER) timestamp=3869 ms, used_size=9367552 bytes (22.9%)
(RDMA_READ_CONSUME_CHECK_CONSUMER) timestamp=3869 ms, used_size=9365504 bytes (22.9%)
(RDMA_READ_CONSUME_CHECK_CONSUMER) timestamp=3869 ms, used_size=9363456 bytes (22.9%)
(RDMA_READ_CONSUME_CHECK_CONSUMER) timestamp=3869 ms, used_size=9361408 bytes (22.9%)
(RDMA_READ_CONSUME_CHECK_CONSUMER) timestamp=3869 ms, used_size=9359360 bytes (22.9%)
(RDMA_READ_CONSUME_CHECK_CONSUMER) timestamp=3869 ms, used_size=9357312 bytes (22.8%)
(RDMA_READ_CONSUME_CHECK_CONSUMER) timestamp=3869 ms, used_size=9355264 bytes (22.8%)
(RDMA_READ_CONSUME_CHECK_CONSUMER) timestamp=3869 ms, used_size=9353216 bytes (22.8%)
(RDMA_READ_CONSUME_CHECK_CONSUMER) timestamp=3869 ms, used_size=9351168 bytes (22.8%)
(RDMA_READ_CONSUME_CHECK_CONSUMER) timestamp=3869 ms, used_size=9349120 bytes (22.8%)
(RDMA_READ_CONSUME_CHECK_CONSUMER) timestamp=3869 ms, used_size=9347072 bytes (22.8%)
(RDMA_READ_CONSUME_CHECK_CONSUMER) timestamp=3869 ms, used_size=9345024 bytes (22.8%)
(RDMA_READ_CONSUME_CHECK_CONSUMER) timestamp=3869 ms, used_size=9342976 bytes (22.8%)
(RDMA_READ_CONSUME_CHECK_CONSUMER) timestamp=3869 ms, used_size=9340928 bytes (22.8%)
(RDMA_READ_CONSUME_CHECK_CONSUMER) timestamp=3869 ms, used_size=9338880 bytes (22.8%)
(RDMA_READ_CONSUME_CHECK_CONSUMER) timestamp=3869 ms, used_size=9336832 bytes (22.8%)
(RDMA_READ_CONSUME_CHECK_CONSUMER) timestamp=3869 ms, used_size=9334784 bytes (22.8%)
(RDMA_READ_CONSUME_CHECK_CONSUMER) timestamp=3869 ms, used_size=9332736 bytes (22.8%)
(RDMA_READ_CONSUME_CHECK_CONSUMER) timestamp=3869 ms, used_size=9330688 bytes (22.8%)
(RDMA_READ_CONSUME_CHECK_CONSUMER) timestamp=3869 ms, used_size=9328640 bytes (22.8%)
(RDMA_READ_CONSUME_CHECK_CONSUMER) timestamp=3869 ms, used_size=9326592 bytes (22.8%)
(RDMA_READ_CONSUME_CHECK_CONSUMER) timestamp=3869 ms, used_size=9324544 bytes (22.8%)
(RDMA_READ_CONSUME_CHECK_CONSUMER) timestamp=3869 ms, used_size=9322496 bytes (22.8%)
(RDMA_READ_CONSUME_CHECK_CONSUMER) timestamp=3869 ms, used_size=9320448 bytes (22.8%)
(RDMA_READ_CONSUME_CHECK_CONSUMER) timestamp=3869 ms, used_size=9318400 bytes (22.8%)
(RDMA_READ_CONSUME_CHECK_CONSUMER) timestamp=3869 ms, used_size=9316352 bytes (22.7%)
(RDMA_READ_CONSUME_CHECK_CONSUMER) timestamp=3869 ms, used_size=9314304 bytes (22.7%)
(RDMA_READ_CONSUME_CHECK_CONSUMER) timestamp=3869 ms, used_size=9312256 bytes (22.7%)
(RDMA_READ_CONSUME_CHECK_CONSUMER) timestamp=3869 ms, used_size=9310208 bytes (22.7%)
(RDMA_READ_CONSUME_CHECK_CONSUMER) timestamp=3869 ms, used_size=9308160 bytes (22.7%)
(RDMA_READ_CONSUME_CHECK_CONSUMER) timestamp=3869 ms, used_size=9306112 bytes (22.7%)
(RDMA_READ_CONSUME_CHECK_CONSUMER) timestamp=3869 ms, used_size=9304064 bytes (22.7%)
(RDMA_READ_CONSUME_CHECK_CONSUMER) timestamp=3869 ms, used_size=9302016 bytes (22.7%)
(RDMA_READ_CONSUME_CHECK_CONSUMER) timestamp=3869 ms, used_size=9299968 bytes (22.7%)
(RDMA_READ_CONSUME_CHECK_CONSUMER) timestamp=3869 ms, used_size=9297920 bytes (22.7%)
(RDMA_READ_CONSUME_CHECK_CONSUMER) timestamp=3869 ms, used_size=9295872 bytes (22.7%)
(RDMA_READ_CONSUME_CHECK_CONSUMER) timestamp=3869 ms, used_size=9293824 bytes (22.7%)
(RDMA_READ_CONSUME_CHECK_CONSUMER) timestamp=3869 ms, used_size=9291776 bytes (22.7%)
(RDMA_READ_CONSUME_CHECK_CONSUMER) timestamp=3869 ms, used_size=9289728 bytes (22.7%)
(RDMA_READ_CONSUME_CHECK_CONSUMER) timestamp=3869 ms, used_size=9287680 bytes (22.7%)
(RDMA_READ_CONSUME_CHECK_CONSUMER) timestamp=3869 ms, used_size=9285632 bytes (22.7%)
(RDMA_READ_CONSUME_CHECK_CONSUMER) timestamp=3869 ms, used_size=9283584 bytes (22.7%)
(RDMA_READ_CONSUME_CHECK_CONSUMER) timestamp=3869 ms, used_size=9281536 bytes (22.7%)
(RDMA_READ_CONSUME_CHECK_CONSUMER) timestamp=3869 ms, used_size=9279488 bytes (22.7%)
(RDMA_READ_CONSUME_CHECK_CONSUMER) timestamp=3869 ms, used_size=9277440 bytes (22.6%)
(RDMA_READ_CONSUME_CHECK_CONSUMER) timestamp=3869 ms, used_size=9275392 bytes (22.6%)
(RDMA_READ_CONSUME_CHECK_CONSUMER) timestamp=3869 ms, used_size=9273344 bytes (22.6%)
(RDMA_READ_CONSUME_CHECK_CONSUMER) timestamp=3869 ms, used_size=9271296 bytes (22.6%)
(RDMA_READ_CONSUME_CHECK_CONSUMER) timestamp=3869 ms, used_size=9269248 bytes (22.6%)
(RDMA_READ_CONSUME_CHECK_CONSUMER) timestamp=3869 ms, used_size=9267200 bytes (22.6%)
(RDMA_READ_CONSUME_CHECK_CONSUMER) timestamp=3869 ms, used_size=9265152 bytes (22.6%)
(RDMA_READ_CONSUME_CHECK_CONSUMER) timestamp=3869 ms, used_size=9263104 bytes (22.6%)
(RDMA_READ_CONSUME_CHECK_CONSUMER) timestamp=3869 ms, used_size=9261056 bytes (22.6%)
(RDMA_READ_CONSUME_CHECK_CONSUMER) timestamp=3869 ms, used_size=9259008 bytes (22.6%)
(RDMA_READ_CONSUME_CHECK_CONSUMER) timestamp=3869 ms, used_size=9256960 bytes (22.6%)
(RDMA_READ_CONSUME_CHECK_CONSUMER) timestamp=3869 ms, used_size=9254912 bytes (22.6%)
(RDMA_READ_CONSUME_CHECK_CONSUMER) timestamp=3869 ms, used_size=9252864 bytes (22.6%)
(RDMA_READ_CONSUME_CHECK_CONSUMER) timestamp=3869 ms, used_size=9250816 bytes (22.6%)
(RDMA_READ_CONSUME_CHECK_CONSUMER) timestamp=3869 ms, used_size=9248768 bytes (22.6%)
(RDMA_READ_CONSUME_CHECK_CONSUMER) timestamp=3869 ms, used_size=9246720 bytes (22.6%)
(RDMA_READ_CONSUME_CHECK_CONSUMER) timestamp=3869 ms, used_size=9244672 bytes (22.6%)
(RDMA_READ_CONSUME_CHECK_CONSUMER) timestamp=3869 ms, used_size=9242624 bytes (22.6%)
(RDMA_READ_CONSUME_CHECK_CONSUMER) timestamp=3869 ms, used_size=9240576 bytes (22.6%)
(RDMA_READ_CONSUME_CHECK_CONSUMER) timestamp=3869 ms, used_size=9238528 bytes (22.6%)
(RDMA_READ_CONSUME_CHECK_CONSUMER) timestamp=3869 ms, used_size=9236480 bytes (22.6%)
(RDMA_READ_CONSUME_CHECK_CONSUMER) timestamp=3869 ms, used_size=9234432 bytes (22.5%)
(RDMA_READ_CONSUME_CHECK_CONSUMER) timestamp=3869 ms, used_size=9232384 bytes (22.5%)
(RDMA_READ_CONSUME_CHECK_CONSUMER) timestamp=3869 ms, used_size=9230336 bytes (22.5%)
(RDMA_READ_CONSUME_CHECK_CONSUMER) timestamp=3869 ms, used_size=9228288 bytes (22.5%)
(RDMA_READ_CONSUME_CHECK_CONSUMER) timestamp=3869 ms, used_size=9226240 bytes (22.5%)
(RDMA_READ_CONSUME_CHECK_CONSUMER) timestamp=3869 ms, used_size=9224192 bytes (22.5%)
(RDMA_READ_CONSUME_CHECK_CONSUMER) timestamp=3869 ms, used_size=9222144 bytes (22.5%)
(RDMA_READ_CONSUME_CHECK_CONSUMER) timestamp=3869 ms, used_size=9220096 bytes (22.5%)
(RDMA_READ_CONSUME_CHECK_CONSUMER) timestamp=3869 ms, used_size=9218048 bytes (22.5%)
(RDMA_READ_CONSUME_CHECK_CONSUMER) timestamp=3869 ms, used_size=9216000 bytes (22.5%)
(RDMA_READ_CONSUME_CHECK_CONSUMER) timestamp=3869 ms, used_size=9213952 bytes (22.5%)
(RDMA_READ_CONSUME_CHECK_CONSUMER) timestamp=3869 ms, used_size=9211904 bytes (22.5%)
(RDMA_READ_CONSUME_CHECK_CONSUMER) timestamp=3869 ms, used_size=9209856 bytes (22.5%)
(RDMA_READ_CONSUME_CHECK_CONSUMER) timestamp=3869 ms, used_size=9207808 bytes (22.5%)
(RDMA_READ_CONSUME_CHECK_CONSUMER) timestamp=3869 ms, used_size=9205760 bytes (22.5%)
(RDMA_READ_CONSUME_CHECK_CONSUMER) timestamp=3869 ms, used_size=9203712 bytes (22.5%)
(RDMA_READ_CONSUME_CHECK_CONSUMER) timestamp=3869 ms, used_size=9201664 bytes (22.5%)
(RDMA_READ_CONSUME_CHECK_CONSUMER) timestamp=3869 ms, used_size=9199616 bytes (22.5%)
(RDMA_READ_CONSUME_CHECK_CONSUMER) timestamp=3869 ms, used_size=9197568 bytes (22.5%)
(RDMA_READ_CONSUME_CHECK_CONSUMER) timestamp=3869 ms, used_size=9195520 bytes (22.4%)
(RDMA_READ_CONSUME_CHECK_CONSUMER) timestamp=3869 ms, used_size=9193472 bytes (22.4%)
(RDMA_READ_CONSUME_CHECK_CONSUMER) timestamp=3869 ms, used_size=9191424 bytes (22.4%)
(RDMA_READ_CONSUME_CHECK_CONSUMER) timestamp=3869 ms, used_size=9189376 bytes (22.4%)
(RDMA_READ_CONSUME_CHECK_CONSUMER) timestamp=3869 ms, used_size=9187328 bytes (22.4%)
(RDMA_READ_CONSUME_CHECK_CONSUMER) timestamp=3869 ms, used_size=9185280 bytes (22.4%)
(RDMA_READ_CONSUME_CHECK_CONSUMER) timestamp=3869 ms, used_size=9183232 bytes (22.4%)
(RDMA_READ_CONSUME_CHECK_CONSUMER) timestamp=3869 ms, used_size=9181184 bytes (22.4%)
(RDMA_READ_CONSUME_CHECK_CONSUMER) timestamp=3869 ms, used_size=9179136 bytes (22.4%)
(RDMA_READ_CONSUME_CHECK_CONSUMER) timestamp=3869 ms, used_size=9177088 bytes (22.4%)
(RDMA_READ_CONSUME_CHECK_CONSUMER) timestamp=3869 ms, used_size=9175040 bytes (22.4%)
(RDMA_READ_CONSUME_CHECK_CONSUMER) timestamp=3869 ms, used_size=9172992 bytes (22.4%)
(RDMA_READ_CONSUME_CHECK_CONSUMER) timestamp=3869 ms, used_size=9170944 bytes (22.4%)
(RDMA_READ_CONSUME_CHECK_CONSUMER) timestamp=3869 ms, used_size=9168896 bytes (22.4%)
(RDMA_READ_CONSUME_CHECK_CONSUMER) timestamp=3869 ms, used_size=9166848 bytes (22.4%)
(RDMA_READ_CONSUME_CHECK_CONSUMER) timestamp=3869 ms, used_size=9164800 bytes (22.4%)
(RDMA_READ_CONSUME_CHECK_CONSUMER) timestamp=3869 ms, used_size=9162752 bytes (22.4%)
(RDMA_READ_CONSUME_CHECK_CONSUMER) timestamp=3869 ms, used_size=9160704 bytes (22.4%)
(RDMA_READ_CONSUME_CHECK_CONSUMER) timestamp=3870 ms, used_size=9158656 bytes (22.4%)
(RDMA_READ_CONSUME_CHECK_CONSUMER) timestamp=3870 ms, used_size=9156608 bytes (22.4%)
(RDMA_READ_CONSUME_CHECK_CONSUMER) timestamp=3870 ms, used_size=9154560 bytes (22.4%)
(RDMA_READ_CONSUME_CHECK_CONSUMER) timestamp=3870 ms, used_size=9152512 bytes (22.3%)
(RDMA_READ_CONSUME_CHECK_CONSUMER) timestamp=3870 ms, used_size=9150464 bytes (22.3%)
(RDMA_READ_CONSUME_CHECK_CONSUMER) timestamp=3870 ms, used_size=9148416 bytes (22.3%)
(RDMA_READ_CONSUME_CHECK_CONSUMER) timestamp=3870 ms, used_size=9146368 bytes (22.3%)
(RDMA_READ_CONSUME_CHECK_CONSUMER) timestamp=3870 ms, used_size=9144320 bytes (22.3%)
(RDMA_READ_CONSUME_CHECK_CONSUMER) timestamp=3870 ms, used_size=9142272 bytes (22.3%)
(RDMA_READ_CONSUME_CHECK_CONSUMER) timestamp=3870 ms, used_size=9140224 bytes (22.3%)
(RDMA_READ_CONSUME_CHECK_CONSUMER) timestamp=3870 ms, used_size=9138176 bytes (22.3%)
(RDMA_READ_CONSUME_CHECK_CONSUMER) timestamp=3870 ms, used_size=9136128 bytes (22.3%)
(RDMA_READ_CONSUME_CHECK_CONSUMER) timestamp=3870 ms, used_size=9134080 bytes (22.3%)
(RDMA_READ_CONSUME_CHECK_CONSUMER) timestamp=3870 ms, used_size=9132032 bytes (22.3%)
(RDMA_READ_CONSUME_CHECK_CONSUMER) timestamp=3870 ms, used_size=9129984 bytes (22.3%)
(RDMA_READ_CONSUME_CHECK_CONSUMER) timestamp=3870 ms, used_size=9127936 bytes (22.3%)
(RDMA_READ_CONSUME_CHECK_CONSUMER) timestamp=3870 ms, used_size=9125888 bytes (22.3%)
(RDMA_READ_CONSUME_CHECK_CONSUMER) timestamp=3870 ms, used_size=9123840 bytes (22.3%)
(RDMA_READ_CONSUME_CHECK_CONSUMER) timestamp=3870 ms, used_size=9121792 bytes (22.3%)
(RDMA_READ_CONSUME_CHECK_CONSUMER) timestamp=3870 ms, used_size=9119744 bytes (22.3%)
(RDMA_READ_CONSUME_CHECK_CONSUMER) timestamp=3870 ms, used_size=9117696 bytes (22.3%)
(RDMA_READ_CONSUME_CHECK_CONSUMER) timestamp=3870 ms, used_size=9115648 bytes (22.3%)
(RDMA_READ_CONSUME_CHECK_CONSUMER) timestamp=3870 ms, used_size=9113600 bytes (22.2%)
(RDMA_READ_CONSUME_CHECK_CONSUMER) timestamp=3870 ms, used_size=9111552 bytes (22.2%)
(RDMA_READ_CONSUME_CHECK_CONSUMER) timestamp=3870 ms, used_size=9109504 bytes (22.2%)
(RDMA_READ_CONSUME_CHECK_CONSUMER) timestamp=3870 ms, used_size=9107456 bytes (22.2%)
(RDMA_READ_CONSUME_CHECK_CONSUMER) timestamp=3870 ms, used_size=9105408 bytes (22.2%)
(RDMA_READ_CONSUME_CHECK_CONSUMER) timestamp=3870 ms, used_size=9103360 bytes (22.2%)
(RDMA_READ_CONSUME_CHECK_CONSUMER) timestamp=3870 ms, used_size=9101312 bytes (22.2%)
(RDMA_READ_CONSUME_CHECK_CONSUMER) timestamp=3870 ms, used_size=9099264 bytes (22.2%)
(RDMA_READ_CONSUME_CHECK_CONSUMER) timestamp=3870 ms, used_size=9097216 bytes (22.2%)
(RDMA_READ_CONSUME_CHECK_CONSUMER) timestamp=3870 ms, used_size=9095168 bytes (22.2%)
(RDMA_READ_CONSUME_CHECK_CONSUMER) timestamp=3870 ms, used_size=9093120 bytes (22.2%)
(RDMA_READ_CONSUME_CHECK_CONSUMER) timestamp=3870 ms, used_size=9091072 bytes (22.2%)
(RDMA_READ_CONSUME_CHECK_CONSUMER) timestamp=3870 ms, used_size=9089024 bytes (22.2%)
(RDMA_READ_CONSUME_CHECK_CONSUMER) timestamp=3870 ms, used_size=9086976 bytes (22.2%)
(RDMA_READ_CONSUME_CHECK_CONSUMER) timestamp=3870 ms, used_size=9084928 bytes (22.2%)
(RDMA_READ_CONSUME_CHECK_CONSUMER) timestamp=3870 ms, used_size=9082880 bytes (22.2%)
(RDMA_READ_CONSUME_CHECK_CONSUMER) timestamp=3870 ms, used_size=9080832 bytes (22.2%)
(RDMA_READ_CONSUME_CHECK_CONSUMER) timestamp=3870 ms, used_size=9078784 bytes (22.2%)
(RDMA_READ_CONSUME_CHECK_CONSUMER) timestamp=3870 ms, used_size=9076736 bytes (22.2%)
(RDMA_READ_CONSUME_CHECK_CONSUMER) timestamp=3870 ms, used_size=9074688 bytes (22.2%)
(RDMA_READ_CONSUME_CHECK_CONSUMER) timestamp=3870 ms, used_size=9072640 bytes (22.1%)
(RDMA_READ_CONSUME_CHECK_CONSUMER) timestamp=3870 ms, used_size=9070592 bytes (22.1%)
(RDMA_READ_CONSUME_CHECK_CONSUMER) timestamp=3870 ms, used_size=9068544 bytes (22.1%)
(RDMA_READ_CONSUME_CHECK_CONSUMER) timestamp=3870 ms, used_size=9066496 bytes (22.1%)
(RDMA_READ_CONSUME_CHECK_CONSUMER) timestamp=3870 ms, used_size=9064448 bytes (22.1%)
(RDMA_READ_CONSUME_CHECK_CONSUMER) timestamp=3870 ms, used_size=9062400 bytes (22.1%)
(RDMA_READ_CONSUME_CHECK_CONSUMER) timestamp=3870 ms, used_size=9060352 bytes (22.1%)
(RDMA_READ_CONSUME_CHECK_CONSUMER) timestamp=3870 ms, used_size=9058304 bytes (22.1%)
(RDMA_READ_CONSUME_CHECK_CONSUMER) timestamp=3870 ms, used_size=9056256 bytes (22.1%)
(RDMA_READ_CONSUME_CHECK_CONSUMER) timestamp=3870 ms, used_size=9054208 bytes (22.1%)
(RDMA_READ_CONSUME_CHECK_CONSUMER) timestamp=3870 ms, used_size=9052160 bytes (22.1%)
(RDMA_READ_CONSUME_CHECK_CONSUMER) timestamp=3870 ms, used_size=9050112 bytes (22.1%)
(RDMA_READ_CONSUME_CHECK_CONSUMER) timestamp=3870 ms, used_size=9048064 bytes (22.1%)
(RDMA_READ_CONSUME_CHECK_CONSUMER) timestamp=3870 ms, used_size=9046016 bytes (22.1%)
(RDMA_READ_CONSUME_CHECK_CONSUMER) timestamp=3870 ms, used_size=9043968 bytes (22.1%)
(RDMA_READ_CONSUME_CHECK_CONSUMER) timestamp=3870 ms, used_size=9041920 bytes (22.1%)
(RDMA_READ_CONSUME_CHECK_CONSUMER) timestamp=3870 ms, used_size=9039872 bytes (22.1%)
(RDMA_READ_CONSUME_CHECK_CONSUMER) timestamp=3870 ms, used_size=9037824 bytes (22.1%)
(RDMA_READ_CONSUME_CHECK_CONSUMER) timestamp=3870 ms, used_size=9035776 bytes (22.1%)
(RDMA_READ_CONSUME_CHECK_CONSUMER) timestamp=3870 ms, used_size=9033728 bytes (22.1%)
(RDMA_READ_CONSUME_CHECK_CONSUMER) timestamp=3870 ms, used_size=9031680 bytes (22.1%)
(RDMA_READ_CONSUME_CHECK_CONSUMER) timestamp=3870 ms, used_size=9029632 bytes (22.0%)
(RDMA_READ_CONSUME_CHECK_CONSUMER) timestamp=3870 ms, used_size=9027584 bytes (22.0%)
(RDMA_READ_CONSUME_CHECK_CONSUMER) timestamp=3870 ms, used_size=9025536 bytes (22.0%)
(RDMA_READ_CONSUME_CHECK_CONSUMER) timestamp=3870 ms, used_size=9023488 bytes (22.0%)
(RDMA_READ_CONSUME_CHECK_CONSUMER) timestamp=3870 ms, used_size=9021440 bytes (22.0%)
(RDMA_READ_CONSUME_CHECK_CONSUMER) timestamp=3870 ms, used_size=9019392 bytes (22.0%)
(RDMA_READ_CONSUME_CHECK_CONSUMER) timestamp=3870 ms, used_size=9017344 bytes (22.0%)
(RDMA_READ_CONSUME_CHECK_CONSUMER) timestamp=3870 ms, used_size=9015296 bytes (22.0%)
(RDMA_READ_CONSUME_CHECK_CONSUMER) timestamp=3870 ms, used_size=9013248 bytes (22.0%)
(RDMA_READ_CONSUME_CHECK_CONSUMER) timestamp=3870 ms, used_size=9011200 bytes (22.0%)
(RDMA_READ_CONSUME_CHECK_CONSUMER) timestamp=3870 ms, used_size=9009152 bytes (22.0%)
(RDMA_READ_CONSUME_CHECK_CONSUMER) timestamp=3870 ms, used_size=9007104 bytes (22.0%)
(RDMA_READ_CONSUME_CHECK_CONSUMER) timestamp=3870 ms, used_size=9005056 bytes (22.0%)
(RDMA_READ_CONSUME_CHECK_CONSUMER) timestamp=3870 ms, used_size=9003008 bytes (22.0%)
(RDMA_READ_CONSUME_CHECK_CONSUMER) timestamp=3870 ms, used_size=9000960 bytes (22.0%)
(RDMA_READ_CONSUME_CHECK_CONSUMER) timestamp=3870 ms, used_size=8998912 bytes (22.0%)
(RDMA_READ_CONSUME_CHECK_CONSUMER) timestamp=3870 ms, used_size=8996864 bytes (22.0%)
(RDMA_READ_CONSUME_CHECK_CONSUMER) timestamp=3870 ms, used_size=8994816 bytes (22.0%)
(RDMA_READ_CONSUME_CHECK_CONSUMER) timestamp=3870 ms, used_size=8992768 bytes (22.0%)
(RDMA_READ_CONSUME_CHECK_CONSUMER) timestamp=3870 ms, used_size=8990720 bytes (21.9%)
(RDMA_READ_CONSUME_CHECK_CONSUMER) timestamp=3870 ms, used_size=8988672 bytes (21.9%)
(RDMA_READ_CONSUME_CHECK_CONSUMER) timestamp=3870 ms, used_size=8986624 bytes (21.9%)
(RDMA_READ_CONSUME_CHECK_CONSUMER) timestamp=3870 ms, used_size=8984576 bytes (21.9%)
(RDMA_READ_CONSUME_CHECK_CONSUMER) timestamp=3870 ms, used_size=8982528 bytes (21.9%)
(RDMA_READ_CONSUME_CHECK_CONSUMER) timestamp=3870 ms, used_size=8980480 bytes (21.9%)
(RDMA_READ_CONSUME_CHECK_CONSUMER) timestamp=3870 ms, used_size=8978432 bytes (21.9%)
(RDMA_READ_CONSUME_CHECK_CONSUMER) timestamp=3870 ms, used_size=8976384 bytes (21.9%)
(RDMA_READ_CONSUME_CHECK_CONSUMER) timestamp=3870 ms, used_size=8974336 bytes (21.9%)
(RDMA_READ_CONSUME_CHECK_CONSUMER) timestamp=3870 ms, used_size=8972288 bytes (21.9%)
(RDMA_READ_CONSUME_CHECK_CONSUMER) timestamp=3870 ms, used_size=8970240 bytes (21.9%)
(RDMA_READ_CONSUME_CHECK_CONSUMER) timestamp=3870 ms, used_size=8968192 bytes (21.9%)
(RDMA_READ_CONSUME_CHECK_CONSUMER) timestamp=3870 ms, used_size=8966144 bytes (21.9%)
(RDMA_READ_CONSUME_CHECK_CONSUMER) timestamp=3870 ms, used_size=8964096 bytes (21.9%)
(RDMA_READ_CONSUME_CHECK_CONSUMER) timestamp=3870 ms, used_size=8962048 bytes (21.9%)
(RDMA_READ_CONSUME_CHECK_CONSUMER) timestamp=3870 ms, used_size=8960000 bytes (21.9%)
(RDMA_READ_CONSUME_CHECK_CONSUMER) timestamp=3870 ms, used_size=8957952 bytes (21.9%)
(RDMA_READ_CONSUME_CHECK_CONSUMER) timestamp=3870 ms, used_size=8955904 bytes (21.9%)
(RDMA_READ_CONSUME_CHECK_CONSUMER) timestamp=3870 ms, used_size=8953856 bytes (21.9%)
(RDMA_READ_CONSUME_CHECK_CONSUMER) timestamp=3870 ms, used_size=8951808 bytes (21.9%)
(RDMA_READ_CONSUME_CHECK_CONSUMER) timestamp=3870 ms, used_size=8949760 bytes (21.9%)
(RDMA_READ_CONSUME_CHECK_CONSUMER) timestamp=3870 ms, used_size=8947712 bytes (21.8%)
(RDMA_READ_CONSUME_CHECK_CONSUMER) timestamp=3870 ms, used_size=8945664 bytes (21.8%)
(RDMA_READ_CONSUME_CHECK_CONSUMER) timestamp=3870 ms, used_size=8943616 bytes (21.8%)
(RDMA_READ_CONSUME_CHECK_CONSUMER) timestamp=3870 ms, used_size=8941568 bytes (21.8%)
(RDMA_READ_CONSUME_CHECK_CONSUMER) timestamp=3870 ms, used_size=8939520 bytes (21.8%)
(RDMA_READ_CONSUME_CHECK_CONSUMER) timestamp=3870 ms, used_size=8937472 bytes (21.8%)
(RDMA_READ_CONSUME_CHECK_CONSUMER) timestamp=3870 ms, used_size=8935424 bytes (21.8%)
(RDMA_READ_CONSUME_CHECK_CONSUMER) timestamp=3870 ms, used_size=8933376 bytes (21.8%)
(RDMA_READ_CONSUME_CHECK_CONSUMER) timestamp=3870 ms, used_size=8931328 bytes (21.8%)
(RDMA_READ_CONSUME_CHECK_CONSUMER) timestamp=3870 ms, used_size=8929280 bytes (21.8%)
(RDMA_READ_CONSUME_CHECK_CONSUMER) timestamp=3870 ms, used_size=8927232 bytes (21.8%)
(RDMA_READ_CONSUME_CHECK_CONSUMER) timestamp=3870 ms, used_size=8925184 bytes (21.8%)
(RDMA_READ_CONSUME_CHECK_CONSUMER) timestamp=3870 ms, used_size=8923136 bytes (21.8%)
(RDMA_READ_CONSUME_CHECK_CONSUMER) timestamp=3870 ms, used_size=8921088 bytes (21.8%)
(RDMA_READ_CONSUME_CHECK_CONSUMER) timestamp=3870 ms, used_size=8919040 bytes (21.8%)
(RDMA_READ_CONSUME_CHECK_CONSUMER) timestamp=3870 ms, used_size=8916992 bytes (21.8%)
(RDMA_READ_CONSUME_CHECK_CONSUMER) timestamp=3870 ms, used_size=8914944 bytes (21.8%)
(RDMA_READ_CONSUME_CHECK_CONSUMER) timestamp=3870 ms, used_size=8912896 bytes (21.8%)
(RDMA_READ_CONSUME_CHECK_CONSUMER) timestamp=3870 ms, used_size=8910848 bytes (21.8%)
(RDMA_READ_CONSUME_CHECK_CONSUMER) timestamp=3870 ms, used_size=8908800 bytes (21.8%)
(RDMA_READ_CONSUME_CHECK_CONSUMER) timestamp=3870 ms, used_size=8906752 bytes (21.7%)
(RDMA_READ_CONSUME_CHECK_CONSUMER) timestamp=3870 ms, used_size=8904704 bytes (21.7%)
(RDMA_READ_CONSUME_CHECK_CONSUMER) timestamp=3870 ms, used_size=8902656 bytes (21.7%)
(RDMA_READ_CONSUME_CHECK_CONSUMER) timestamp=3870 ms, used_size=8900608 bytes (21.7%)
(RDMA_READ_CONSUME_CHECK_CONSUMER) timestamp=3870 ms, used_size=8898560 bytes (21.7%)
(RDMA_READ_CONSUME_CHECK_CONSUMER) timestamp=3870 ms, used_size=8896512 bytes (21.7%)
(RDMA_READ_CONSUME_CHECK_CONSUMER) timestamp=3870 ms, used_size=8894464 bytes (21.7%)
(RDMA_READ_CONSUME_CHECK_CONSUMER) timestamp=3870 ms, used_size=8892416 bytes (21.7%)
(RDMA_READ_CONSUME_CHECK_CONSUMER) timestamp=3870 ms, used_size=8890368 bytes (21.7%)
(RDMA_READ_CONSUME_CHECK_CONSUMER) timestamp=3870 ms, used_size=8888320 bytes (21.7%)
(RDMA_READ_CONSUME_CHECK_CONSUMER) timestamp=3870 ms, used_size=8886272 bytes (21.7%)
(RDMA_READ_CONSUME_CHECK_CONSUMER) timestamp=3870 ms, used_size=8884224 bytes (21.7%)
(RDMA_READ_CONSUME_CHECK_CONSUMER) timestamp=3870 ms, used_size=8882176 bytes (21.7%)
(RDMA_READ_CONSUME_CHECK_CONSUMER) timestamp=3870 ms, used_size=8880128 bytes (21.7%)
(RDMA_READ_CONSUME_CHECK_CONSUMER) timestamp=3870 ms, used_size=8878080 bytes (21.7%)
(RDMA_READ_CONSUME_CHECK_CONSUMER) timestamp=3870 ms, used_size=8876032 bytes (21.7%)
(RDMA_READ_CONSUME_CHECK_CONSUMER) timestamp=3870 ms, used_size=8873984 bytes (21.7%)
(RDMA_READ_CONSUME_CHECK_CONSUMER) timestamp=3870 ms, used_size=8871936 bytes (21.7%)
(RDMA_READ_CONSUME_CHECK_CONSUMER) timestamp=3870 ms, used_size=8869888 bytes (21.7%)
(RDMA_READ_CONSUME_CHECK_CONSUMER) timestamp=3870 ms, used_size=8867840 bytes (21.6%)
(RDMA_READ_CONSUME_CHECK_CONSUMER) timestamp=3870 ms, used_size=8865792 bytes (21.6%)
(RDMA_READ_CONSUME_CHECK_CONSUMER) timestamp=3870 ms, used_size=8863744 bytes (21.6%)
(RDMA_READ_CONSUME_CHECK_CONSUMER) timestamp=3870 ms, used_size=8861696 bytes (21.6%)
(RDMA_READ_CONSUME_CHECK_CONSUMER) timestamp=3870 ms, used_size=8859648 bytes (21.6%)
(RDMA_READ_CONSUME_CHECK_CONSUMER) timestamp=3870 ms, used_size=8857600 bytes (21.6%)
(RDMA_READ_CONSUME_CHECK_CONSUMER) timestamp=3870 ms, used_size=8855552 bytes (21.6%)
(RDMA_READ_CONSUME_CHECK_CONSUMER) timestamp=3870 ms, used_size=8853504 bytes (21.6%)
(RDMA_READ_CONSUME_CHECK_CONSUMER) timestamp=3870 ms, used_size=8851456 bytes (21.6%)
(RDMA_READ_CONSUME_CHECK_CONSUMER) timestamp=3870 ms, used_size=8849408 bytes (21.6%)
(RDMA_READ_CONSUME_CHECK_CONSUMER) timestamp=3870 ms, used_size=8847360 bytes (21.6%)
(RDMA_READ_CONSUME_CHECK_CONSUMER) timestamp=3870 ms, used_size=8845312 bytes (21.6%)
(RDMA_READ_CONSUME_CHECK_CONSUMER) timestamp=3870 ms, used_size=8843264 bytes (21.6%)
(RDMA_READ_CONSUME_CHECK_CONSUMER) timestamp=3870 ms, used_size=8841216 bytes (21.6%)
(RDMA_READ_CONSUME_CHECK_CONSUMER) timestamp=3870 ms, used_size=8839168 bytes (21.6%)
(RDMA_READ_CONSUME_CHECK_CONSUMER) timestamp=3870 ms, used_size=8837120 bytes (21.6%)
(RDMA_READ_CONSUME_CHECK_CONSUMER) timestamp=3870 ms, used_size=8835072 bytes (21.6%)
(RDMA_READ_CONSUME_CHECK_CONSUMER) timestamp=3870 ms, used_size=8833024 bytes (21.6%)
(RDMA_READ_CONSUME_CHECK_CONSUMER) timestamp=3870 ms, used_size=8830976 bytes (21.6%)
(RDMA_READ_CONSUME_CHECK_CONSUMER) timestamp=3870 ms, used_size=8828928 bytes (21.6%)
(RDMA_READ_CONSUME_CHECK_CONSUMER) timestamp=3870 ms, used_size=8826880 bytes (21.6%)
(RDMA_READ_CONSUME_CHECK_CONSUMER) timestamp=3870 ms, used_size=8824832 bytes (21.5%)
(RDMA_READ_CONSUME_CHECK_CONSUMER) timestamp=3870 ms, used_size=8822784 bytes (21.5%)
(RDMA_READ_CONSUME_CHECK_CONSUMER) timestamp=3870 ms, used_size=8820736 bytes (21.5%)
(RDMA_READ_CONSUME_CHECK_CONSUMER) timestamp=3870 ms, used_size=8818688 bytes (21.5%)
(RDMA_READ_CONSUME_CHECK_CONSUMER) timestamp=3870 ms, used_size=8816640 bytes (21.5%)
(RDMA_READ_CONSUME_CHECK_CONSUMER) timestamp=3870 ms, used_size=8814592 bytes (21.5%)
(RDMA_READ_CONSUME_CHECK_CONSUMER) timestamp=3870 ms, used_size=8812544 bytes (21.5%)
(RDMA_READ_CONSUME_CHECK_CONSUMER) timestamp=3870 ms, used_size=8810496 bytes (21.5%)
(RDMA_READ_CONSUME_CHECK_CONSUMER) timestamp=3870 ms, used_size=8808448 bytes (21.5%)
(RDMA_READ_CONSUME_CHECK_CONSUMER) timestamp=3870 ms, used_size=8806400 bytes (21.5%)
(RDMA_READ_CONSUME_CHECK_CONSUMER) timestamp=3870 ms, used_size=8804352 bytes (21.5%)
(RDMA_READ_CONSUME_CHECK_CONSUMER) timestamp=3870 ms, used_size=8802304 bytes (21.5%)
(RDMA_READ_CONSUME_CHECK_CONSUMER) timestamp=3870 ms, used_size=8800256 bytes (21.5%)
(RDMA_READ_CONSUME_CHECK_CONSUMER) timestamp=3871 ms, used_size=8798208 bytes (21.5%)
(RDMA_READ_CONSUME_CHECK_CONSUMER) timestamp=3871 ms, used_size=8796160 bytes (21.5%)
(RDMA_READ_CONSUME_CHECK_CONSUMER) timestamp=3871 ms, used_size=8794112 bytes (21.5%)
(RDMA_READ_CONSUME_CHECK_CONSUMER) timestamp=3871 ms, used_size=8792064 bytes (21.5%)
(RDMA_READ_CONSUME_CHECK_CONSUMER) timestamp=3871 ms, used_size=8790016 bytes (21.5%)
(RDMA_READ_CONSUME_CHECK_CONSUMER) timestamp=3871 ms, used_size=8787968 bytes (21.5%)
(RDMA_READ_CONSUME_CHECK_CONSUMER) timestamp=3871 ms, used_size=8785920 bytes (21.4%)
(RDMA_READ_CONSUME_CHECK_CONSUMER) timestamp=3871 ms, used_size=8783872 bytes (21.4%)
(RDMA_READ_CONSUME_CHECK_CONSUMER) timestamp=3871 ms, used_size=8781824 bytes (21.4%)
(RDMA_READ_CONSUME_CHECK_CONSUMER) timestamp=3871 ms, used_size=8779776 bytes (21.4%)
(RDMA_READ_CONSUME_CHECK_CONSUMER) timestamp=3871 ms, used_size=8777728 bytes (21.4%)
(RDMA_READ_CONSUME_CHECK_CONSUMER) timestamp=3871 ms, used_size=8775680 bytes (21.4%)
(RDMA_READ_CONSUME_CHECK_CONSUMER) timestamp=3871 ms, used_size=8773632 bytes (21.4%)
(RDMA_READ_CONSUME_CHECK_CONSUMER) timestamp=3871 ms, used_size=8771584 bytes (21.4%)
(RDMA_READ_CONSUME_CHECK_CONSUMER) timestamp=3871 ms, used_size=8769536 bytes (21.4%)
(RDMA_READ_CONSUME_CHECK_CONSUMER) timestamp=3871 ms, used_size=8767488 bytes (21.4%)
(RDMA_READ_CONSUME_CHECK_CONSUMER) timestamp=3871 ms, used_size=8765440 bytes (21.4%)
(RDMA_READ_CONSUME_CHECK_CONSUMER) timestamp=3871 ms, used_size=8763392 bytes (21.4%)
(RDMA_READ_CONSUME_CHECK_CONSUMER) timestamp=3871 ms, used_size=8761344 bytes (21.4%)
(RDMA_READ_CONSUME_CHECK_CONSUMER) timestamp=3871 ms, used_size=8759296 bytes (21.4%)
(RDMA_READ_CONSUME_CHECK_CONSUMER) timestamp=3871 ms, used_size=8757248 bytes (21.4%)
(RDMA_READ_CONSUME_CHECK_CONSUMER) timestamp=3871 ms, used_size=8755200 bytes (21.4%)
(RDMA_READ_CONSUME_CHECK_CONSUMER) timestamp=3871 ms, used_size=8753152 bytes (21.4%)
(RDMA_READ_CONSUME_CHECK_CONSUMER) timestamp=3871 ms, used_size=8751104 bytes (21.4%)
(RDMA_READ_CONSUME_CHECK_CONSUMER) timestamp=3871 ms, used_size=8749056 bytes (21.4%)
(RDMA_READ_CONSUME_CHECK_CONSUMER) timestamp=3871 ms, used_size=8747008 bytes (21.4%)
(RDMA_READ_CONSUME_CHECK_CONSUMER) timestamp=3871 ms, used_size=8744960 bytes (21.4%)
(RDMA_READ_CONSUME_CHECK_CONSUMER) timestamp=3871 ms, used_size=8742912 bytes (21.3%)
(RDMA_READ_CONSUME_CHECK_CONSUMER) timestamp=3871 ms, used_size=8740864 bytes (21.3%)
(RDMA_READ_CONSUME_CHECK_CONSUMER) timestamp=3871 ms, used_size=8738816 bytes (21.3%)
(RDMA_READ_CONSUME_CHECK_CONSUMER) timestamp=3871 ms, used_size=8736768 bytes (21.3%)
(RDMA_READ_CONSUME_CHECK_CONSUMER) timestamp=3871 ms, used_size=8734720 bytes (21.3%)
(RDMA_READ_CONSUME_CHECK_CONSUMER) timestamp=3871 ms, used_size=8732672 bytes (21.3%)
(RDMA_READ_CONSUME_CHECK_CONSUMER) timestamp=3871 ms, used_size=8730624 bytes (21.3%)
(RDMA_READ_CONSUME_CHECK_CONSUMER) timestamp=3871 ms, used_size=8728576 bytes (21.3%)
(RDMA_READ_CONSUME_CHECK_CONSUMER) timestamp=3871 ms, used_size=8726528 bytes (21.3%)
(RDMA_READ_CONSUME_CHECK_CONSUMER) timestamp=3871 ms, used_size=8724480 bytes (21.3%)
(RDMA_READ_CONSUME_CHECK_CONSUMER) timestamp=3871 ms, used_size=8722432 bytes (21.3%)
(RDMA_READ_CONSUME_CHECK_CONSUMER) timestamp=3871 ms, used_size=8720384 bytes (21.3%)
(RDMA_READ_CONSUME_CHECK_CONSUMER) timestamp=3871 ms, used_size=8718336 bytes (21.3%)
(RDMA_READ_CONSUME_CHECK_CONSUMER) timestamp=3871 ms, used_size=8716288 bytes (21.3%)
(RDMA_READ_CONSUME_CHECK_CONSUMER) timestamp=3871 ms, used_size=8714240 bytes (21.3%)
(RDMA_READ_CONSUME_CHECK_CONSUMER) timestamp=3871 ms, used_size=8712192 bytes (21.3%)
(RDMA_READ_CONSUME_CHECK_CONSUMER) timestamp=3871 ms, used_size=8710144 bytes (21.3%)
(RDMA_READ_CONSUME_CHECK_CONSUMER) timestamp=3871 ms, used_size=8708096 bytes (21.3%)
(RDMA_READ_CONSUME_CHECK_CONSUMER) timestamp=3871 ms, used_size=8706048 bytes (21.3%)
(RDMA_READ_CONSUME_CHECK_CONSUMER) timestamp=3871 ms, used_size=8704000 bytes (21.2%)
(RDMA_READ_CONSUME_CHECK_CONSUMER) timestamp=3871 ms, used_size=8701952 bytes (21.2%)
(RDMA_READ_CONSUME_CHECK_CONSUMER) timestamp=3871 ms, used_size=8699904 bytes (21.2%)
(RDMA_READ_CONSUME_CHECK_CONSUMER) timestamp=3871 ms, used_size=8697856 bytes (21.2%)
(RDMA_READ_CONSUME_CHECK_CONSUMER) timestamp=3871 ms, used_size=8695808 bytes (21.2%)
(RDMA_READ_CONSUME_CHECK_CONSUMER) timestamp=3871 ms, used_size=8693760 bytes (21.2%)
(RDMA_READ_CONSUME_CHECK_CONSUMER) timestamp=3871 ms, used_size=8691712 bytes (21.2%)
(RDMA_READ_CONSUME_CHECK_CONSUMER) timestamp=3871 ms, used_size=8689664 bytes (21.2%)
(RDMA_READ_CONSUME_CHECK_CONSUMER) timestamp=3871 ms, used_size=8687616 bytes (21.2%)
(RDMA_READ_CONSUME_CHECK_CONSUMER) timestamp=3871 ms, used_size=8685568 bytes (21.2%)
(RDMA_READ_CONSUME_CHECK_CONSUMER) timestamp=3871 ms, used_size=8683520 bytes (21.2%)
(RDMA_READ_CONSUME_CHECK_CONSUMER) timestamp=3871 ms, used_size=8681472 bytes (21.2%)
(RDMA_READ_CONSUME_CHECK_CONSUMER) timestamp=3871 ms, used_size=8679424 bytes (21.2%)
(RDMA_READ_CONSUME_CHECK_CONSUMER) timestamp=3871 ms, used_size=8677376 bytes (21.2%)
(RDMA_READ_CONSUME_CHECK_CONSUMER) timestamp=3871 ms, used_size=8675328 bytes (21.2%)
(RDMA_READ_CONSUME_CHECK_CONSUMER) timestamp=3871 ms, used_size=8673280 bytes (21.2%)
(RDMA_READ_CONSUME_CHECK_CONSUMER) timestamp=3871 ms, used_size=8671232 bytes (21.2%)
(RDMA_READ_CONSUME_CHECK_CONSUMER) timestamp=3871 ms, used_size=8669184 bytes (21.2%)
(RDMA_READ_CONSUME_CHECK_CONSUMER) timestamp=3871 ms, used_size=8667136 bytes (21.2%)
(RDMA_READ_CONSUME_CHECK_CONSUMER) timestamp=3871 ms, used_size=8665088 bytes (21.2%)
(RDMA_READ_CONSUME_CHECK_CONSUMER) timestamp=3871 ms, used_size=8663040 bytes (21.1%)
(RDMA_READ_CONSUME_CHECK_CONSUMER) timestamp=3871 ms, used_size=8660992 bytes (21.1%)
(RDMA_READ_CONSUME_CHECK_CONSUMER) timestamp=3871 ms, used_size=8658944 bytes (21.1%)
(RDMA_READ_CONSUME_CHECK_CONSUMER) timestamp=3871 ms, used_size=8656896 bytes (21.1%)
(RDMA_READ_CONSUME_CHECK_CONSUMER) timestamp=3871 ms, used_size=8654848 bytes (21.1%)
(RDMA_READ_CONSUME_CHECK_CONSUMER) timestamp=3871 ms, used_size=8652800 bytes (21.1%)
(RDMA_READ_CONSUME_CHECK_CONSUMER) timestamp=3871 ms, used_size=8650752 bytes (21.1%)
(RDMA_READ_CONSUME_CHECK_CONSUMER) timestamp=3871 ms, used_size=8648704 bytes (21.1%)
(RDMA_READ_CONSUME_CHECK_CONSUMER) timestamp=3871 ms, used_size=8646656 bytes (21.1%)
(RDMA_READ_CONSUME_CHECK_CONSUMER) timestamp=3871 ms, used_size=8644608 bytes (21.1%)
(RDMA_READ_CONSUME_CHECK_CONSUMER) timestamp=3871 ms, used_size=8642560 bytes (21.1%)
(RDMA_READ_CONSUME_CHECK_CONSUMER) timestamp=3871 ms, used_size=8640512 bytes (21.1%)
(RDMA_READ_CONSUME_CHECK_CONSUMER) timestamp=3871 ms, used_size=8638464 bytes (21.1%)
(RDMA_READ_CONSUME_CHECK_CONSUMER) timestamp=3871 ms, used_size=8636416 bytes (21.1%)
(RDMA_READ_CONSUME_CHECK_CONSUMER) timestamp=3871 ms, used_size=8634368 bytes (21.1%)
(RDMA_READ_CONSUME_CHECK_CONSUMER) timestamp=3871 ms, used_size=8632320 bytes (21.1%)
(RDMA_READ_CONSUME_CHECK_CONSUMER) timestamp=3871 ms, used_size=8630272 bytes (21.1%)
(RDMA_READ_CONSUME_CHECK_CONSUMER) timestamp=3871 ms, used_size=8628224 bytes (21.1%)
(RDMA_READ_CONSUME_CHECK_CONSUMER) timestamp=3871 ms, used_size=8626176 bytes (21.1%)
(RDMA_READ_CONSUME_CHECK_CONSUMER) timestamp=3871 ms, used_size=8624128 bytes (21.1%)
(RDMA_READ_CONSUME_CHECK_CONSUMER) timestamp=3871 ms, used_size=8622080 bytes (21.1%)
(RDMA_READ_CONSUME_CHECK_CONSUMER) timestamp=3871 ms, used_size=8620032 bytes (21.0%)
(RDMA_READ_CONSUME_CHECK_CONSUMER) timestamp=3871 ms, used_size=8617984 bytes (21.0%)
(RDMA_READ_CONSUME_CHECK_CONSUMER) timestamp=3871 ms, used_size=8615936 bytes (21.0%)
(RDMA_READ_CONSUME_CHECK_CONSUMER) timestamp=3871 ms, used_size=8613888 bytes (21.0%)
(RDMA_READ_CONSUME_CHECK_CONSUMER) timestamp=3871 ms, used_size=8611840 bytes (21.0%)
(RDMA_READ_CONSUME_CHECK_CONSUMER) timestamp=3871 ms, used_size=8609792 bytes (21.0%)
(RDMA_READ_CONSUME_CHECK_CONSUMER) timestamp=3871 ms, used_size=8607744 bytes (21.0%)
(RDMA_READ_CONSUME_CHECK_CONSUMER) timestamp=3871 ms, used_size=8605696 bytes (21.0%)
(RDMA_READ_CONSUME_CHECK_CONSUMER) timestamp=3871 ms, used_size=8603648 bytes (21.0%)
(RDMA_READ_CONSUME_CHECK_CONSUMER) timestamp=3871 ms, used_size=8601600 bytes (21.0%)
(RDMA_READ_CONSUME_CHECK_CONSUMER) timestamp=3871 ms, used_size=8599552 bytes (21.0%)
(RDMA_READ_CONSUME_CHECK_CONSUMER) timestamp=3871 ms, used_size=8597504 bytes (21.0%)
(RDMA_READ_CONSUME_CHECK_CONSUMER) timestamp=3871 ms, used_size=8595456 bytes (21.0%)
(RDMA_READ_CONSUME_CHECK_CONSUMER) timestamp=3871 ms, used_size=8593408 bytes (21.0%)
(RDMA_READ_CONSUME_CHECK_CONSUMER) timestamp=3871 ms, used_size=8591360 bytes (21.0%)
(RDMA_READ_CONSUME_CHECK_CONSUMER) timestamp=3871 ms, used_size=8589312 bytes (21.0%)
(RDMA_READ_CONSUME_CHECK_CONSUMER) timestamp=3871 ms, used_size=8587264 bytes (21.0%)
(RDMA_READ_CONSUME_CHECK_CONSUMER) timestamp=3871 ms, used_size=8585216 bytes (21.0%)
(RDMA_READ_CONSUME_CHECK_CONSUMER) timestamp=3871 ms, used_size=8583168 bytes (21.0%)
(RDMA_READ_CONSUME_CHECK_CONSUMER) timestamp=3871 ms, used_size=8581120 bytes (20.9%)
(RDMA_READ_CONSUME_CHECK_CONSUMER) timestamp=3871 ms, used_size=8579072 bytes (20.9%)
(RDMA_READ_CONSUME_CHECK_CONSUMER) timestamp=3871 ms, used_size=8577024 bytes (20.9%)
(RDMA_READ_CONSUME_CHECK_CONSUMER) timestamp=3871 ms, used_size=8574976 bytes (20.9%)
(RDMA_READ_CONSUME_CHECK_CONSUMER) timestamp=3871 ms, used_size=8572928 bytes (20.9%)
(RDMA_READ_CONSUME_CHECK_CONSUMER) timestamp=3871 ms, used_size=8570880 bytes (20.9%)
(RDMA_READ_CONSUME_CHECK_CONSUMER) timestamp=3871 ms, used_size=8568832 bytes (20.9%)
(RDMA_READ_CONSUME_CHECK_CONSUMER) timestamp=3871 ms, used_size=8566784 bytes (20.9%)
(RDMA_READ_CONSUME_CHECK_CONSUMER) timestamp=3871 ms, used_size=8564736 bytes (20.9%)
(RDMA_READ_CONSUME_CHECK_CONSUMER) timestamp=3871 ms, used_size=8562688 bytes (20.9%)
(RDMA_READ_CONSUME_CHECK_CONSUMER) timestamp=3871 ms, used_size=8560640 bytes (20.9%)
(RDMA_READ_CONSUME_CHECK_CONSUMER) timestamp=3871 ms, used_size=8558592 bytes (20.9%)
(RDMA_READ_CONSUME_CHECK_CONSUMER) timestamp=3871 ms, used_size=8556544 bytes (20.9%)
(RDMA_READ_CONSUME_CHECK_CONSUMER) timestamp=3871 ms, used_size=8554496 bytes (20.9%)
(RDMA_READ_CONSUME_CHECK_CONSUMER) timestamp=3871 ms, used_size=8552448 bytes (20.9%)
(RDMA_READ_CONSUME_CHECK_CONSUMER) timestamp=3871 ms, used_size=8550400 bytes (20.9%)
(RDMA_READ_CONSUME_CHECK_CONSUMER) timestamp=3871 ms, used_size=8548352 bytes (20.9%)
(RDMA_READ_CONSUME_CHECK_CONSUMER) timestamp=3871 ms, used_size=8546304 bytes (20.9%)
(RDMA_READ_CONSUME_CHECK_CONSUMER) timestamp=3871 ms, used_size=8544256 bytes (20.9%)
(RDMA_READ_CONSUME_CHECK_CONSUMER) timestamp=3871 ms, used_size=8542208 bytes (20.9%)
(RDMA_READ_CONSUME_CHECK_CONSUMER) timestamp=3871 ms, used_size=8540160 bytes (20.9%)
(RDMA_READ_CONSUME_CHECK_CONSUMER) timestamp=3871 ms, used_size=8538112 bytes (20.8%)
(RDMA_READ_CONSUME_CHECK_CONSUMER) timestamp=3871 ms, used_size=8536064 bytes (20.8%)
(RDMA_READ_CONSUME_CHECK_CONSUMER) timestamp=3871 ms, used_size=8534016 bytes (20.8%)
(RDMA_READ_CONSUME_CHECK_CONSUMER) timestamp=3871 ms, used_size=8531968 bytes (20.8%)
(RDMA_READ_CONSUME_CHECK_CONSUMER) timestamp=3871 ms, used_size=8529920 bytes (20.8%)
(RDMA_READ_CONSUME_CHECK_CONSUMER) timestamp=3871 ms, used_size=8527872 bytes (20.8%)
(RDMA_READ_CONSUME_CHECK_CONSUMER) timestamp=3871 ms, used_size=8525824 bytes (20.8%)
(RDMA_READ_CONSUME_CHECK_CONSUMER) timestamp=3871 ms, used_size=8523776 bytes (20.8%)
(RDMA_READ_CONSUME_CHECK_CONSUMER) timestamp=3871 ms, used_size=8521728 bytes (20.8%)
(RDMA_READ_CONSUME_CHECK_CONSUMER) timestamp=3871 ms, used_size=8519680 bytes (20.8%)
(RDMA_READ_CONSUME_CHECK_CONSUMER) timestamp=3871 ms, used_size=8517632 bytes (20.8%)
(RDMA_READ_CONSUME_CHECK_CONSUMER) timestamp=3871 ms, used_size=8515584 bytes (20.8%)
(RDMA_READ_CONSUME_CHECK_CONSUMER) timestamp=3871 ms, used_size=8513536 bytes (20.8%)
(RDMA_READ_CONSUME_CHECK_CONSUMER) timestamp=3871 ms, used_size=8511488 bytes (20.8%)
(RDMA_READ_CONSUME_CHECK_CONSUMER) timestamp=3871 ms, used_size=8509440 bytes (20.8%)
(RDMA_READ_CONSUME_CHECK_CONSUMER) timestamp=3871 ms, used_size=8507392 bytes (20.8%)
(RDMA_READ_CONSUME_CHECK_CONSUMER) timestamp=3871 ms, used_size=8505344 bytes (20.8%)
(RDMA_READ_CONSUME_CHECK_CONSUMER) timestamp=3871 ms, used_size=8503296 bytes (20.8%)
(RDMA_READ_CONSUME_CHECK_CONSUMER) timestamp=3871 ms, used_size=8501248 bytes (20.8%)
(RDMA_READ_CONSUME_CHECK_CONSUMER) timestamp=3871 ms, used_size=8499200 bytes (20.8%)
(RDMA_READ_CONSUME_CHECK_CONSUMER) timestamp=3871 ms, used_size=8497152 bytes (20.7%)
(RDMA_READ_CONSUME_CHECK_CONSUMER) timestamp=3871 ms, used_size=8495104 bytes (20.7%)
(RDMA_READ_CONSUME_CHECK_CONSUMER) timestamp=3871 ms, used_size=8493056 bytes (20.7%)
(RDMA_READ_CONSUME_CHECK_CONSUMER) timestamp=3871 ms, used_size=8491008 bytes (20.7%)
(RDMA_READ_CONSUME_CHECK_CONSUMER) timestamp=3871 ms, used_size=8488960 bytes (20.7%)
(RDMA_READ_CONSUME_CHECK_CONSUMER) timestamp=3871 ms, used_size=8486912 bytes (20.7%)
(RDMA_READ_CONSUME_CHECK_CONSUMER) timestamp=3871 ms, used_size=8484864 bytes (20.7%)
(RDMA_READ_CONSUME_CHECK_CONSUMER) timestamp=3871 ms, used_size=8482816 bytes (20.7%)
(RDMA_READ_CONSUME_CHECK_CONSUMER) timestamp=3871 ms, used_size=8480768 bytes (20.7%)
(RDMA_READ_CONSUME_CHECK_CONSUMER) timestamp=3871 ms, used_size=8478720 bytes (20.7%)
(RDMA_READ_CONSUME_CHECK_CONSUMER) timestamp=3871 ms, used_size=8476672 bytes (20.7%)
(RDMA_READ_CONSUME_CHECK_CONSUMER) timestamp=3871 ms, used_size=8474624 bytes (20.7%)
(RDMA_READ_CONSUME_CHECK_CONSUMER) timestamp=3871 ms, used_size=8472576 bytes (20.7%)
(RDMA_READ_CONSUME_CHECK_CONSUMER) timestamp=3871 ms, used_size=8470528 bytes (20.7%)
(RDMA_READ_CONSUME_CHECK_CONSUMER) timestamp=3871 ms, used_size=8468480 bytes (20.7%)
(RDMA_READ_CONSUME_CHECK_CONSUMER) timestamp=3871 ms, used_size=8466432 bytes (20.7%)
(RDMA_READ_CONSUME_CHECK_CONSUMER) timestamp=3871 ms, used_size=8464384 bytes (20.7%)
(RDMA_READ_CONSUME_CHECK_CONSUMER) timestamp=3871 ms, used_size=8462336 bytes (20.7%)
(RDMA_READ_CONSUME_CHECK_CONSUMER) timestamp=3871 ms, used_size=8460288 bytes (20.7%)
(RDMA_READ_CONSUME_CHECK_CONSUMER) timestamp=3871 ms, used_size=8458240 bytes (20.6%)
(RDMA_READ_CONSUME_CHECK_CONSUMER) timestamp=3871 ms, used_size=8456192 bytes (20.6%)
(RDMA_READ_CONSUME_CHECK_CONSUMER) timestamp=3871 ms, used_size=8454144 bytes (20.6%)
(RDMA_READ_CONSUME_CHECK_CONSUMER) timestamp=3871 ms, used_size=8452096 bytes (20.6%)
(RDMA_READ_CONSUME_CHECK_CONSUMER) timestamp=3871 ms, used_size=8450048 bytes (20.6%)
(RDMA_READ_CONSUME_CHECK_CONSUMER) timestamp=3871 ms, used_size=8448000 bytes (20.6%)
(RDMA_READ_CONSUME_CHECK_CONSUMER) timestamp=3871 ms, used_size=8445952 bytes (20.6%)
(RDMA_READ_CONSUME_CHECK_CONSUMER) timestamp=3871 ms, used_size=8443904 bytes (20.6%)
(RDMA_READ_CONSUME_CHECK_CONSUMER) timestamp=3871 ms, used_size=8441856 bytes (20.6%)
(RDMA_READ_CONSUME_CHECK_CONSUMER) timestamp=3871 ms, used_size=8439808 bytes (20.6%)
(RDMA_READ_CONSUME_CHECK_CONSUMER) timestamp=3871 ms, used_size=8437760 bytes (20.6%)
(RDMA_READ_CONSUME_CHECK_CONSUMER) timestamp=3871 ms, used_size=8435712 bytes (20.6%)
(RDMA_READ_CONSUME_CHECK_CONSUMER) timestamp=3872 ms, used_size=8433664 bytes (20.6%)
(RDMA_READ_CONSUME_CHECK_CONSUMER) timestamp=3872 ms, used_size=8431616 bytes (20.6%)
(RDMA_READ_CONSUME_CHECK_CONSUMER) timestamp=3872 ms, used_size=8429568 bytes (20.6%)
(RDMA_READ_CONSUME_CHECK_CONSUMER) timestamp=3872 ms, used_size=8427520 bytes (20.6%)
(RDMA_READ_CONSUME_CHECK_CONSUMER) timestamp=3872 ms, used_size=8425472 bytes (20.6%)
(RDMA_READ_CONSUME_CHECK_CONSUMER) timestamp=3872 ms, used_size=8423424 bytes (20.6%)
(RDMA_READ_CONSUME_CHECK_CONSUMER) timestamp=3872 ms, used_size=8421376 bytes (20.6%)
(RDMA_READ_CONSUME_CHECK_CONSUMER) timestamp=3872 ms, used_size=8419328 bytes (20.6%)
(RDMA_READ_CONSUME_CHECK_CONSUMER) timestamp=3872 ms, used_size=8417280 bytes (20.6%)
(RDMA_READ_CONSUME_CHECK_CONSUMER) timestamp=3872 ms, used_size=8415232 bytes (20.5%)
(RDMA_READ_CONSUME_CHECK_CONSUMER) timestamp=3872 ms, used_size=8413184 bytes (20.5%)
(RDMA_READ_CONSUME_CHECK_CONSUMER) timestamp=3872 ms, used_size=8411136 bytes (20.5%)
(RDMA_READ_CONSUME_CHECK_CONSUMER) timestamp=3872 ms, used_size=8409088 bytes (20.5%)
(RDMA_READ_CONSUME_CHECK_CONSUMER) timestamp=3872 ms, used_size=8407040 bytes (20.5%)
(RDMA_READ_CONSUME_CHECK_CONSUMER) timestamp=3872 ms, used_size=8404992 bytes (20.5%)
(RDMA_READ_CONSUME_CHECK_CONSUMER) timestamp=3872 ms, used_size=8402944 bytes (20.5%)
(RDMA_READ_CONSUME_CHECK_CONSUMER) timestamp=3872 ms, used_size=8400896 bytes (20.5%)
(RDMA_READ_CONSUME_CHECK_CONSUMER) timestamp=3872 ms, used_size=8398848 bytes (20.5%)
(RDMA_READ_CONSUME_CHECK_CONSUMER) timestamp=3872 ms, used_size=8396800 bytes (20.5%)
(RDMA_READ_CONSUME_CHECK_CONSUMER) timestamp=3872 ms, used_size=8394752 bytes (20.5%)
(RDMA_READ_CONSUME_CHECK_CONSUMER) timestamp=3872 ms, used_size=8392704 bytes (20.5%)
(RDMA_READ_CONSUME_CHECK_CONSUMER) timestamp=3872 ms, used_size=8390656 bytes (20.5%)
(RDMA_READ_CONSUME_CHECK_CONSUMER) timestamp=3872 ms, used_size=8388608 bytes (20.5%)
(RDMA_READ_CONSUME_CHECK_CONSUMER) timestamp=3872 ms, used_size=8386560 bytes (20.5%)
(RDMA_READ_CONSUME_CHECK_CONSUMER) timestamp=3872 ms, used_size=8384512 bytes (20.5%)
(RDMA_READ_CONSUME_CHECK_CONSUMER) timestamp=3872 ms, used_size=8382464 bytes (20.5%)
(RDMA_READ_CONSUME_CHECK_CONSUMER) timestamp=3872 ms, used_size=8380416 bytes (20.5%)
(RDMA_READ_CONSUME_CHECK_CONSUMER) timestamp=3872 ms, used_size=8378368 bytes (20.5%)
(RDMA_READ_CONSUME_CHECK_CONSUMER) timestamp=3872 ms, used_size=8376320 bytes (20.4%)
(RDMA_READ_CONSUME_CHECK_CONSUMER) timestamp=3872 ms, used_size=8374272 bytes (20.4%)
(RDMA_READ_CONSUME_CHECK_CONSUMER) timestamp=3872 ms, used_size=8372224 bytes (20.4%)
(RDMA_READ_CONSUME_CHECK_CONSUMER) timestamp=3872 ms, used_size=8370176 bytes (20.4%)
(RDMA_READ_CONSUME_CHECK_CONSUMER) timestamp=3872 ms, used_size=8368128 bytes (20.4%)
(RDMA_READ_CONSUME_CHECK_CONSUMER) timestamp=3872 ms, used_size=8366080 bytes (20.4%)
(RDMA_READ_CONSUME_CHECK_CONSUMER) timestamp=3872 ms, used_size=8364032 bytes (20.4%)
(RDMA_READ_CONSUME_CHECK_CONSUMER) timestamp=3872 ms, used_size=8361984 bytes (20.4%)
(RDMA_READ_CONSUME_CHECK_CONSUMER) timestamp=3872 ms, used_size=8359936 bytes (20.4%)
(RDMA_READ_CONSUME_CHECK_CONSUMER) timestamp=3872 ms, used_size=8357888 bytes (20.4%)
(RDMA_READ_CONSUME_CHECK_CONSUMER) timestamp=3872 ms, used_size=8355840 bytes (20.4%)
(RDMA_READ_CONSUME_CHECK_CONSUMER) timestamp=3872 ms, used_size=8353792 bytes (20.4%)
(RDMA_READ_CONSUME_CHECK_CONSUMER) timestamp=3872 ms, used_size=8351744 bytes (20.4%)
(RDMA_READ_CONSUME_CHECK_CONSUMER) timestamp=3872 ms, used_size=8349696 bytes (20.4%)
(RDMA_READ_CONSUME_CHECK_CONSUMER) timestamp=3872 ms, used_size=8347648 bytes (20.4%)
(RDMA_READ_CONSUME_CHECK_CONSUMER) timestamp=3872 ms, used_size=8345600 bytes (20.4%)
(RDMA_READ_CONSUME_CHECK_CONSUMER) timestamp=3872 ms, used_size=8343552 bytes (20.4%)
(RDMA_READ_CONSUME_CHECK_CONSUMER) timestamp=3872 ms, used_size=8341504 bytes (20.4%)
(RDMA_READ_CONSUME_CHECK_CONSUMER) timestamp=3872 ms, used_size=8339456 bytes (20.4%)
(RDMA_READ_CONSUME_CHECK_CONSUMER) timestamp=3872 ms, used_size=8337408 bytes (20.4%)
(RDMA_READ_CONSUME_CHECK_CONSUMER) timestamp=3872 ms, used_size=8335360 bytes (20.4%)
(RDMA_READ_CONSUME_CHECK_CONSUMER) timestamp=3872 ms, used_size=8333312 bytes (20.3%)
(RDMA_READ_CONSUME_CHECK_CONSUMER) timestamp=3872 ms, used_size=8331264 bytes (20.3%)
(RDMA_READ_CONSUME_CHECK_CONSUMER) timestamp=3872 ms, used_size=8329216 bytes (20.3%)
(RDMA_READ_CONSUME_CHECK_CONSUMER) timestamp=3872 ms, used_size=8327168 bytes (20.3%)
(RDMA_READ_CONSUME_CHECK_CONSUMER) timestamp=3872 ms, used_size=8325120 bytes (20.3%)
(RDMA_READ_CONSUME_CHECK_CONSUMER) timestamp=3872 ms, used_size=8323072 bytes (20.3%)
(RDMA_READ_CONSUME_CHECK_CONSUMER) timestamp=3872 ms, used_size=8321024 bytes (20.3%)
(RDMA_READ_CONSUME_CHECK_CONSUMER) timestamp=3872 ms, used_size=8318976 bytes (20.3%)
(RDMA_READ_CONSUME_CHECK_CONSUMER) timestamp=3872 ms, used_size=8316928 bytes (20.3%)
(RDMA_READ_CONSUME_CHECK_CONSUMER) timestamp=3872 ms, used_size=8314880 bytes (20.3%)
(RDMA_READ_CONSUME_CHECK_CONSUMER) timestamp=3872 ms, used_size=8312832 bytes (20.3%)
(RDMA_READ_CONSUME_CHECK_CONSUMER) timestamp=3872 ms, used_size=8310784 bytes (20.3%)
(RDMA_READ_CONSUME_CHECK_CONSUMER) timestamp=3872 ms, used_size=8308736 bytes (20.3%)
(RDMA_READ_CONSUME_CHECK_CONSUMER) timestamp=3872 ms, used_size=8306688 bytes (20.3%)
(RDMA_READ_CONSUME_CHECK_CONSUMER) timestamp=3872 ms, used_size=8304640 bytes (20.3%)
(RDMA_READ_CONSUME_CHECK_CONSUMER) timestamp=3872 ms, used_size=8302592 bytes (20.3%)
(RDMA_READ_CONSUME_CHECK_CONSUMER) timestamp=3872 ms, used_size=8300544 bytes (20.3%)
(RDMA_READ_CONSUME_CHECK_CONSUMER) timestamp=3872 ms, used_size=8298496 bytes (20.3%)
(RDMA_READ_CONSUME_CHECK_CONSUMER) timestamp=3872 ms, used_size=8296448 bytes (20.3%)
(RDMA_READ_CONSUME_CHECK_CONSUMER) timestamp=3872 ms, used_size=8294400 bytes (20.2%)
(RDMA_READ_CONSUME_CHECK_CONSUMER) timestamp=3872 ms, used_size=8292352 bytes (20.2%)
(RDMA_READ_CONSUME_CHECK_CONSUMER) timestamp=3872 ms, used_size=8290304 bytes (20.2%)
(RDMA_READ_CONSUME_CHECK_CONSUMER) timestamp=3872 ms, used_size=8288256 bytes (20.2%)
(RDMA_READ_CONSUME_CHECK_CONSUMER) timestamp=3872 ms, used_size=8286208 bytes (20.2%)
(RDMA_READ_CONSUME_CHECK_CONSUMER) timestamp=3872 ms, used_size=8284160 bytes (20.2%)
(RDMA_READ_CONSUME_CHECK_CONSUMER) timestamp=3872 ms, used_size=8282112 bytes (20.2%)
(RDMA_READ_CONSUME_CHECK_CONSUMER) timestamp=3872 ms, used_size=8280064 bytes (20.2%)
(RDMA_READ_CONSUME_CHECK_CONSUMER) timestamp=3872 ms, used_size=8278016 bytes (20.2%)
(RDMA_READ_CONSUME_CHECK_CONSUMER) timestamp=3872 ms, used_size=8275968 bytes (20.2%)
(RDMA_READ_CONSUME_CHECK_CONSUMER) timestamp=3872 ms, used_size=8273920 bytes (20.2%)
(RDMA_READ_CONSUME_CHECK_CONSUMER) timestamp=3872 ms, used_size=8271872 bytes (20.2%)
(RDMA_READ_CONSUME_CHECK_CONSUMER) timestamp=3872 ms, used_size=8269824 bytes (20.2%)
(RDMA_READ_CONSUME_CHECK_CONSUMER) timestamp=3872 ms, used_size=8267776 bytes (20.2%)
(RDMA_READ_CONSUME_CHECK_CONSUMER) timestamp=3872 ms, used_size=8265728 bytes (20.2%)
(RDMA_READ_CONSUME_CHECK_CONSUMER) timestamp=3872 ms, used_size=8263680 bytes (20.2%)
(RDMA_READ_CONSUME_CHECK_CONSUMER) timestamp=3872 ms, used_size=8261632 bytes (20.2%)
(RDMA_READ_CONSUME_CHECK_CONSUMER) timestamp=3872 ms, used_size=8259584 bytes (20.2%)
(RDMA_READ_CONSUME_CHECK_CONSUMER) timestamp=3872 ms, used_size=8257536 bytes (20.2%)
(RDMA_READ_CONSUME_CHECK_CONSUMER) timestamp=3872 ms, used_size=8255488 bytes (20.2%)
(RDMA_READ_CONSUME_CHECK_CONSUMER) timestamp=3872 ms, used_size=8253440 bytes (20.1%)
(RDMA_READ_CONSUME_CHECK_CONSUMER) timestamp=3872 ms, used_size=8251392 bytes (20.1%)
(RDMA_READ_CONSUME_CHECK_CONSUMER) timestamp=3872 ms, used_size=8249344 bytes (20.1%)
(RDMA_READ_CONSUME_CHECK_CONSUMER) timestamp=3872 ms, used_size=8247296 bytes (20.1%)
(RDMA_READ_CONSUME_CHECK_CONSUMER) timestamp=3872 ms, used_size=8245248 bytes (20.1%)
(RDMA_READ_CONSUME_CHECK_CONSUMER) timestamp=3872 ms, used_size=8243200 bytes (20.1%)
(RDMA_READ_CONSUME_CHECK_CONSUMER) timestamp=3872 ms, used_size=8241152 bytes (20.1%)
(RDMA_READ_CONSUME_CHECK_CONSUMER) timestamp=3872 ms, used_size=8239104 bytes (20.1%)
(RDMA_READ_CONSUME_CHECK_CONSUMER) timestamp=3872 ms, used_size=8237056 bytes (20.1%)
(RDMA_READ_CONSUME_CHECK_CONSUMER) timestamp=3872 ms, used_size=8235008 bytes (20.1%)
(RDMA_READ_CONSUME_CHECK_CONSUMER) timestamp=3872 ms, used_size=8232960 bytes (20.1%)
(RDMA_READ_CONSUME_CHECK_CONSUMER) timestamp=3872 ms, used_size=8230912 bytes (20.1%)
(RDMA_READ_CONSUME_CHECK_CONSUMER) timestamp=3872 ms, used_size=8228864 bytes (20.1%)
(RDMA_READ_CONSUME_CHECK_CONSUMER) timestamp=3872 ms, used_size=8226816 bytes (20.1%)
(RDMA_READ_CONSUME_CHECK_CONSUMER) timestamp=3872 ms, used_size=8224768 bytes (20.1%)
(RDMA_READ_CONSUME_CHECK_CONSUMER) timestamp=3872 ms, used_size=8222720 bytes (20.1%)
(RDMA_READ_CONSUME_CHECK_CONSUMER) timestamp=3872 ms, used_size=8220672 bytes (20.1%)
(RDMA_READ_CONSUME_CHECK_CONSUMER) timestamp=3872 ms, used_size=8218624 bytes (20.1%)
(RDMA_READ_CONSUME_CHECK_CONSUMER) timestamp=3872 ms, used_size=8216576 bytes (20.1%)
(RDMA_READ_CONSUME_CHECK_CONSUMER) timestamp=3872 ms, used_size=8214528 bytes (20.1%)
(RDMA_READ_CONSUME_CHECK_CONSUMER) timestamp=3872 ms, used_size=8212480 bytes (20.1%)
(RDMA_READ_CONSUME_CHECK_CONSUMER) timestamp=3872 ms, used_size=8210432 bytes (20.0%)
(RDMA_READ_CONSUME_CHECK_CONSUMER) timestamp=3872 ms, used_size=8208384 bytes (20.0%)
(RDMA_READ_CONSUME_CHECK_CONSUMER) timestamp=3872 ms, used_size=8206336 bytes (20.0%)
(RDMA_READ_CONSUME_CHECK_CONSUMER) timestamp=3872 ms, used_size=8204288 bytes (20.0%)
(RDMA_READ_CONSUME_CHECK_CONSUMER) timestamp=3872 ms, used_size=8202240 bytes (20.0%)
(RDMA_READ_CONSUME_CHECK_CONSUMER) timestamp=3872 ms, used_size=8200192 bytes (20.0%)
(RDMA_READ_CONSUME_CHECK_CONSUMER) timestamp=3872 ms, used_size=8198144 bytes (20.0%)
(RDMA_READ_CONSUME_CHECK_CONSUMER) timestamp=3872 ms, used_size=8196096 bytes (20.0%)
(RDMA_READ_CONSUME_CHECK_CONSUMER) timestamp=3872 ms, used_size=8194048 bytes (20.0%)
(RDMA_READ_CONSUME_CHECK_CONSUMER) timestamp=3872 ms, used_size=8192000 bytes (20.0%)
(RDMA_READ_CONSUME_CHECK_CONSUMER) timestamp=3872 ms, used_size=8189952 bytes (20.0%)
(RDMA_READ_CONSUME_CHECK_CONSUMER) timestamp=3872 ms, used_size=8187904 bytes (20.0%)
(RDMA_READ_CONSUME_CHECK_CONSUMER) timestamp=3872 ms, used_size=8185856 bytes (20.0%)
(RDMA_READ_CONSUME_CHECK_CONSUMER) timestamp=3872 ms, used_size=8183808 bytes (20.0%)
(RDMA_READ_CONSUME_CHECK_CONSUMER) timestamp=3872 ms, used_size=8181760 bytes (20.0%)
(RDMA_READ_CONSUME_CHECK_CONSUMER) timestamp=3872 ms, used_size=8179712 bytes (20.0%)
(RDMA_READ_CONSUME_CHECK_CONSUMER) timestamp=3872 ms, used_size=8177664 bytes (20.0%)
(RDMA_READ_CONSUME_CHECK_CONSUMER) timestamp=3872 ms, used_size=8175616 bytes (20.0%)
(RDMA_READ_CONSUME_CHECK_CONSUMER) timestamp=3872 ms, used_size=8173568 bytes (20.0%)
(RDMA_READ_CONSUME_CHECK_CONSUMER) timestamp=3872 ms, used_size=8171520 bytes (19.9%)
(RDMA_READ_CONSUME_CHECK_CONSUMER) timestamp=3872 ms, used_size=8169472 bytes (19.9%)
(RDMA_READ_CONSUME_CHECK_CONSUMER) timestamp=3872 ms, used_size=8167424 bytes (19.9%)
(RDMA_READ_CONSUME_CHECK_CONSUMER) timestamp=3872 ms, used_size=8165376 bytes (19.9%)
(RDMA_READ_CONSUME_CHECK_CONSUMER) timestamp=3872 ms, used_size=8163328 bytes (19.9%)
(RDMA_READ_CONSUME_CHECK_CONSUMER) timestamp=3872 ms, used_size=8161280 bytes (19.9%)
(RDMA_READ_CONSUME_CHECK_CONSUMER) timestamp=3872 ms, used_size=8159232 bytes (19.9%)
(RDMA_READ_CONSUME_CHECK_CONSUMER) timestamp=3872 ms, used_size=8157184 bytes (19.9%)
(RDMA_READ_CONSUME_CHECK_CONSUMER) timestamp=3872 ms, used_size=8155136 bytes (19.9%)
(RDMA_READ_CONSUME_CHECK_CONSUMER) timestamp=3872 ms, used_size=8153088 bytes (19.9%)
(RDMA_READ_CONSUME_CHECK_CONSUMER) timestamp=3872 ms, used_size=8151040 bytes (19.9%)
(RDMA_READ_CONSUME_CHECK_CONSUMER) timestamp=3872 ms, used_size=8148992 bytes (19.9%)
(RDMA_READ_CONSUME_CHECK_CONSUMER) timestamp=3872 ms, used_size=8146944 bytes (19.9%)
(RDMA_READ_CONSUME_CHECK_CONSUMER) timestamp=3872 ms, used_size=8144896 bytes (19.9%)
(RDMA_READ_CONSUME_CHECK_CONSUMER) timestamp=3872 ms, used_size=8142848 bytes (19.9%)
(RDMA_READ_CONSUME_CHECK_CONSUMER) timestamp=3872 ms, used_size=8140800 bytes (19.9%)
(RDMA_READ_CONSUME_CHECK_CONSUMER) timestamp=3872 ms, used_size=8138752 bytes (19.9%)
(RDMA_READ_CONSUME_CHECK_CONSUMER) timestamp=3872 ms, used_size=8136704 bytes (19.9%)
(RDMA_READ_CONSUME_CHECK_CONSUMER) timestamp=3872 ms, used_size=8134656 bytes (19.9%)
(RDMA_READ_CONSUME_CHECK_CONSUMER) timestamp=3872 ms, used_size=8132608 bytes (19.9%)
(RDMA_READ_CONSUME_CHECK_CONSUMER) timestamp=3872 ms, used_size=8130560 bytes (19.9%)
(RDMA_READ_CONSUME_CHECK_CONSUMER) timestamp=3872 ms, used_size=8128512 bytes (19.8%)
(RDMA_READ_CONSUME_CHECK_CONSUMER) timestamp=3872 ms, used_size=8126464 bytes (19.8%)
(RDMA_READ_CONSUME_CHECK_CONSUMER) timestamp=3872 ms, used_size=8124416 bytes (19.8%)
(RDMA_READ_CONSUME_CHECK_CONSUMER) timestamp=3872 ms, used_size=8122368 bytes (19.8%)
(RDMA_READ_CONSUME_CHECK_CONSUMER) timestamp=3872 ms, used_size=8120320 bytes (19.8%)
(RDMA_READ_CONSUME_CHECK_CONSUMER) timestamp=3872 ms, used_size=8118272 bytes (19.8%)
(RDMA_READ_CONSUME_CHECK_CONSUMER) timestamp=3872 ms, used_size=8116224 bytes (19.8%)
(RDMA_READ_CONSUME_CHECK_CONSUMER) timestamp=3872 ms, used_size=8114176 bytes (19.8%)
(RDMA_READ_CONSUME_CHECK_CONSUMER) timestamp=3872 ms, used_size=8112128 bytes (19.8%)
(RDMA_READ_CONSUME_CHECK_CONSUMER) timestamp=3872 ms, used_size=8110080 bytes (19.8%)
(RDMA_READ_CONSUME_CHECK_CONSUMER) timestamp=3872 ms, used_size=8108032 bytes (19.8%)
(RDMA_READ_CONSUME_CHECK_CONSUMER) timestamp=3872 ms, used_size=8105984 bytes (19.8%)
(RDMA_READ_CONSUME_CHECK_CONSUMER) timestamp=3872 ms, used_size=8103936 bytes (19.8%)
(RDMA_READ_CONSUME_CHECK_CONSUMER) timestamp=3872 ms, used_size=8101888 bytes (19.8%)
(RDMA_READ_CONSUME_CHECK_CONSUMER) timestamp=3872 ms, used_size=8099840 bytes (19.8%)
(RDMA_READ_CONSUME_CHECK_CONSUMER) timestamp=3872 ms, used_size=8097792 bytes (19.8%)
(RDMA_READ_CONSUME_CHECK_CONSUMER) timestamp=3872 ms, used_size=8095744 bytes (19.8%)
(RDMA_READ_CONSUME_CHECK_CONSUMER) timestamp=3872 ms, used_size=8093696 bytes (19.8%)
(RDMA_READ_CONSUME_CHECK_CONSUMER) timestamp=3872 ms, used_size=8091648 bytes (19.8%)
(RDMA_READ_CONSUME_CHECK_CONSUMER) timestamp=3872 ms, used_size=8089600 bytes (19.8%)
(RDMA_READ_CONSUME_CHECK_CONSUMER) timestamp=3872 ms, used_size=8087552 bytes (19.7%)
(RDMA_READ_CONSUME_CHECK_CONSUMER) timestamp=3872 ms, used_size=8085504 bytes (19.7%)
(RDMA_READ_CONSUME_CHECK_CONSUMER) timestamp=3872 ms, used_size=8083456 bytes (19.7%)
(RDMA_READ_CONSUME_CHECK_CONSUMER) timestamp=3872 ms, used_size=8081408 bytes (19.7%)
(RDMA_READ_CONSUME_CHECK_CONSUMER) timestamp=3872 ms, used_size=8079360 bytes (19.7%)
(RDMA_READ_CONSUME_CHECK_CONSUMER) timestamp=3872 ms, used_size=8077312 bytes (19.7%)
(RDMA_READ_CONSUME_CHECK_CONSUMER) timestamp=3872 ms, used_size=8075264 bytes (19.7%)
(RDMA_READ_CONSUME_CHECK_CONSUMER) timestamp=3872 ms, used_size=8073216 bytes (19.7%)
(RDMA_READ_CONSUME_CHECK_CONSUMER) timestamp=3872 ms, used_size=8071168 bytes (19.7%)
(RDMA_READ_CONSUME_CHECK_CONSUMER) timestamp=3872 ms, used_size=8069120 bytes (19.7%)
(RDMA_READ_CONSUME_CHECK_CONSUMER) timestamp=3872 ms, used_size=8067072 bytes (19.7%)
(RDMA_READ_CONSUME_CHECK_CONSUMER) timestamp=3872 ms, used_size=8065024 bytes (19.7%)
(RDMA_READ_CONSUME_CHECK_CONSUMER) timestamp=3873 ms, used_size=8062976 bytes (19.7%)
(RDMA_READ_CONSUME_CHECK_CONSUMER) timestamp=3873 ms, used_size=8060928 bytes (19.7%)
(RDMA_READ_CONSUME_CHECK_CONSUMER) timestamp=3873 ms, used_size=8058880 bytes (19.7%)
(RDMA_READ_CONSUME_CHECK_CONSUMER) timestamp=3873 ms, used_size=8056832 bytes (19.7%)
(RDMA_READ_CONSUME_CHECK_CONSUMER) timestamp=3873 ms, used_size=8054784 bytes (19.7%)
(RDMA_READ_CONSUME_CHECK_CONSUMER) timestamp=3873 ms, used_size=8052736 bytes (19.7%)
(RDMA_READ_CONSUME_CHECK_CONSUMER) timestamp=3873 ms, used_size=8050688 bytes (19.7%)
(RDMA_READ_CONSUME_CHECK_CONSUMER) timestamp=3873 ms, used_size=8048640 bytes (19.6%)
(RDMA_READ_CONSUME_CHECK_CONSUMER) timestamp=3873 ms, used_size=8046592 bytes (19.6%)
(RDMA_READ_CONSUME_CHECK_CONSUMER) timestamp=3873 ms, used_size=8044544 bytes (19.6%)
(RDMA_READ_CONSUME_CHECK_CONSUMER) timestamp=3873 ms, used_size=8042496 bytes (19.6%)
(RDMA_READ_CONSUME_CHECK_CONSUMER) timestamp=3873 ms, used_size=8040448 bytes (19.6%)
(RDMA_READ_CONSUME_CHECK_CONSUMER) timestamp=3873 ms, used_size=8038400 bytes (19.6%)
(RDMA_READ_CONSUME_CHECK_CONSUMER) timestamp=3873 ms, used_size=8036352 bytes (19.6%)
(RDMA_READ_CONSUME_CHECK_CONSUMER) timestamp=3873 ms, used_size=8034304 bytes (19.6%)
(RDMA_READ_CONSUME_CHECK_CONSUMER) timestamp=3873 ms, used_size=8032256 bytes (19.6%)
(RDMA_READ_CONSUME_CHECK_CONSUMER) timestamp=3873 ms, used_size=8030208 bytes (19.6%)
(RDMA_READ_CONSUME_CHECK_CONSUMER) timestamp=3873 ms, used_size=8028160 bytes (19.6%)
(RDMA_READ_CONSUME_CHECK_CONSUMER) timestamp=3873 ms, used_size=8026112 bytes (19.6%)
(RDMA_READ_CONSUME_CHECK_CONSUMER) timestamp=3873 ms, used_size=8024064 bytes (19.6%)
(RDMA_READ_CONSUME_CHECK_CONSUMER) timestamp=3873 ms, used_size=8022016 bytes (19.6%)
(RDMA_READ_CONSUME_CHECK_CONSUMER) timestamp=3873 ms, used_size=8019968 bytes (19.6%)
(RDMA_READ_CONSUME_CHECK_CONSUMER) timestamp=3873 ms, used_size=8017920 bytes (19.6%)
(RDMA_READ_CONSUME_CHECK_CONSUMER) timestamp=3873 ms, used_size=8015872 bytes (19.6%)
(RDMA_READ_CONSUME_CHECK_CONSUMER) timestamp=3873 ms, used_size=8013824 bytes (19.6%)
(RDMA_READ_CONSUME_CHECK_CONSUMER) timestamp=3873 ms, used_size=8011776 bytes (19.6%)
(RDMA_READ_CONSUME_CHECK_CONSUMER) timestamp=3873 ms, used_size=8009728 bytes (19.6%)
(RDMA_READ_CONSUME_CHECK_CONSUMER) timestamp=3873 ms, used_size=8007680 bytes (19.6%)
(RDMA_READ_CONSUME_CHECK_CONSUMER) timestamp=3873 ms, used_size=8005632 bytes (19.5%)
(RDMA_READ_CONSUME_CHECK_CONSUMER) timestamp=3873 ms, used_size=8003584 bytes (19.5%)
(RDMA_READ_CONSUME_CHECK_CONSUMER) timestamp=3873 ms, used_size=8001536 bytes (19.5%)
(RDMA_READ_CONSUME_CHECK_CONSUMER) timestamp=3873 ms, used_size=7999488 bytes (19.5%)
(RDMA_READ_CONSUME_CHECK_CONSUMER) timestamp=3873 ms, used_size=7997440 bytes (19.5%)
(RDMA_READ_CONSUME_CHECK_CONSUMER) timestamp=3873 ms, used_size=7995392 bytes (19.5%)
(RDMA_READ_CONSUME_CHECK_CONSUMER) timestamp=3873 ms, used_size=7993344 bytes (19.5%)
(RDMA_READ_CONSUME_CHECK_CONSUMER) timestamp=3873 ms, used_size=7991296 bytes (19.5%)
(RDMA_READ_CONSUME_CHECK_CONSUMER) timestamp=3873 ms, used_size=7989248 bytes (19.5%)
(RDMA_READ_CONSUME_CHECK_CONSUMER) timestamp=3873 ms, used_size=7987200 bytes (19.5%)
(RDMA_READ_CONSUME_CHECK_CONSUMER) timestamp=3873 ms, used_size=7985152 bytes (19.5%)
(RDMA_READ_CONSUME_CHECK_CONSUMER) timestamp=3873 ms, used_size=7983104 bytes (19.5%)
(RDMA_READ_CONSUME_CHECK_CONSUMER) timestamp=3873 ms, used_size=7981056 bytes (19.5%)
(RDMA_READ_CONSUME_CHECK_CONSUMER) timestamp=3873 ms, used_size=7979008 bytes (19.5%)
(RDMA_READ_CONSUME_CHECK_CONSUMER) timestamp=3873 ms, used_size=7976960 bytes (19.5%)
(RDMA_READ_CONSUME_CHECK_CONSUMER) timestamp=3873 ms, used_size=7974912 bytes (19.5%)
(RDMA_READ_CONSUME_CHECK_CONSUMER) timestamp=3873 ms, used_size=7972864 bytes (19.5%)
(RDMA_READ_CONSUME_CHECK_CONSUMER) timestamp=3873 ms, used_size=7970816 bytes (19.5%)
(RDMA_READ_CONSUME_CHECK_CONSUMER) timestamp=3873 ms, used_size=7968768 bytes (19.5%)
(RDMA_READ_CONSUME_CHECK_CONSUMER) timestamp=3873 ms, used_size=7966720 bytes (19.4%)
(RDMA_READ_CONSUME_CHECK_CONSUMER) timestamp=3873 ms, used_size=7964672 bytes (19.4%)
(RDMA_READ_CONSUME_CHECK_CONSUMER) timestamp=3873 ms, used_size=7962624 bytes (19.4%)
(RDMA_READ_CONSUME_CHECK_CONSUMER) timestamp=3873 ms, used_size=7960576 bytes (19.4%)
(RDMA_READ_CONSUME_CHECK_CONSUMER) timestamp=3873 ms, used_size=7958528 bytes (19.4%)
(RDMA_READ_CONSUME_CHECK_CONSUMER) timestamp=3873 ms, used_size=7956480 bytes (19.4%)
(RDMA_READ_CONSUME_CHECK_CONSUMER) timestamp=3873 ms, used_size=7954432 bytes (19.4%)
(RDMA_READ_CONSUME_CHECK_CONSUMER) timestamp=3873 ms, used_size=7952384 bytes (19.4%)
(RDMA_READ_CONSUME_CHECK_CONSUMER) timestamp=3873 ms, used_size=7950336 bytes (19.4%)
(RDMA_READ_CONSUME_CHECK_CONSUMER) timestamp=3873 ms, used_size=7948288 bytes (19.4%)
(RDMA_READ_CONSUME_CHECK_CONSUMER) timestamp=3873 ms, used_size=7946240 bytes (19.4%)
(RDMA_READ_CONSUME_CHECK_CONSUMER) timestamp=3873 ms, used_size=7944192 bytes (19.4%)
(RDMA_READ_CONSUME_CHECK_CONSUMER) timestamp=3873 ms, used_size=7942144 bytes (19.4%)
(RDMA_READ_CONSUME_CHECK_CONSUMER) timestamp=3873 ms, used_size=7940096 bytes (19.4%)
(RDMA_READ_CONSUME_CHECK_CONSUMER) timestamp=3873 ms, used_size=7938048 bytes (19.4%)
(RDMA_READ_CONSUME_CHECK_CONSUMER) timestamp=3873 ms, used_size=7936000 bytes (19.4%)
(RDMA_READ_CONSUME_CHECK_CONSUMER) timestamp=3873 ms, used_size=7933952 bytes (19.4%)
(RDMA_READ_CONSUME_CHECK_CONSUMER) timestamp=3873 ms, used_size=7931904 bytes (19.4%)
(RDMA_READ_CONSUME_CHECK_CONSUMER) timestamp=3873 ms, used_size=7929856 bytes (19.4%)
(RDMA_READ_CONSUME_CHECK_CONSUMER) timestamp=3873 ms, used_size=7927808 bytes (19.4%)
(RDMA_READ_CONSUME_CHECK_CONSUMER) timestamp=3873 ms, used_size=7925760 bytes (19.4%)
(RDMA_READ_CONSUME_CHECK_CONSUMER) timestamp=3873 ms, used_size=7923712 bytes (19.3%)
(RDMA_READ_CONSUME_CHECK_CONSUMER) timestamp=3873 ms, used_size=7921664 bytes (19.3%)
(RDMA_READ_CONSUME_CHECK_CONSUMER) timestamp=3873 ms, used_size=7919616 bytes (19.3%)
(RDMA_READ_CONSUME_CHECK_CONSUMER) timestamp=3873 ms, used_size=7917568 bytes (19.3%)
(RDMA_READ_CONSUME_CHECK_CONSUMER) timestamp=3873 ms, used_size=7915520 bytes (19.3%)
(RDMA_READ_CONSUME_CHECK_CONSUMER) timestamp=3873 ms, used_size=7913472 bytes (19.3%)
(RDMA_READ_CONSUME_CHECK_CONSUMER) timestamp=3873 ms, used_size=7911424 bytes (19.3%)
(RDMA_READ_CONSUME_CHECK_CONSUMER) timestamp=3873 ms, used_size=7909376 bytes (19.3%)
(RDMA_READ_CONSUME_CHECK_CONSUMER) timestamp=3873 ms, used_size=7907328 bytes (19.3%)
(RDMA_READ_CONSUME_CHECK_CONSUMER) timestamp=3873 ms, used_size=7905280 bytes (19.3%)
(RDMA_READ_CONSUME_CHECK_CONSUMER) timestamp=3873 ms, used_size=7903232 bytes (19.3%)
(RDMA_READ_CONSUME_CHECK_CONSUMER) timestamp=3873 ms, used_size=7901184 bytes (19.3%)
(RDMA_READ_CONSUME_CHECK_CONSUMER) timestamp=3873 ms, used_size=7899136 bytes (19.3%)
(RDMA_READ_CONSUME_CHECK_CONSUMER) timestamp=3873 ms, used_size=7897088 bytes (19.3%)
(RDMA_READ_CONSUME_CHECK_CONSUMER) timestamp=3873 ms, used_size=7895040 bytes (19.3%)
(RDMA_READ_CONSUME_CHECK_CONSUMER) timestamp=3873 ms, used_size=7892992 bytes (19.3%)
(RDMA_READ_CONSUME_CHECK_CONSUMER) timestamp=3873 ms, used_size=7890944 bytes (19.3%)
(RDMA_READ_CONSUME_CHECK_CONSUMER) timestamp=3873 ms, used_size=7888896 bytes (19.3%)
(RDMA_READ_CONSUME_CHECK_CONSUMER) timestamp=3873 ms, used_size=7886848 bytes (19.3%)
(RDMA_READ_CONSUME_CHECK_CONSUMER) timestamp=3873 ms, used_size=7884800 bytes (19.2%)
(RDMA_READ_CONSUME_CHECK_CONSUMER) timestamp=3873 ms, used_size=7882752 bytes (19.2%)
(RDMA_READ_CONSUME_CHECK_CONSUMER) timestamp=3873 ms, used_size=7880704 bytes (19.2%)
(RDMA_READ_CONSUME_CHECK_CONSUMER) timestamp=3873 ms, used_size=7878656 bytes (19.2%)
(RDMA_READ_CONSUME_CHECK_CONSUMER) timestamp=3873 ms, used_size=7876608 bytes (19.2%)
(RDMA_READ_CONSUME_CHECK_CONSUMER) timestamp=3873 ms, used_size=7874560 bytes (19.2%)
(RDMA_READ_CONSUME_CHECK_CONSUMER) timestamp=3873 ms, used_size=7872512 bytes (19.2%)
(RDMA_READ_CONSUME_CHECK_CONSUMER) timestamp=3873 ms, used_size=7870464 bytes (19.2%)
(RDMA_READ_CONSUME_CHECK_CONSUMER) timestamp=3873 ms, used_size=7868416 bytes (19.2%)
(RDMA_READ_CONSUME_CHECK_CONSUMER) timestamp=3873 ms, used_size=7866368 bytes (19.2%)
(RDMA_READ_CONSUME_CHECK_CONSUMER) timestamp=3873 ms, used_size=7864320 bytes (19.2%)
(RDMA_READ_CONSUME_CHECK_CONSUMER) timestamp=3873 ms, used_size=7862272 bytes (19.2%)
(RDMA_READ_CONSUME_CHECK_CONSUMER) timestamp=3873 ms, used_size=7860224 bytes (19.2%)
(RDMA_READ_CONSUME_CHECK_CONSUMER) timestamp=3873 ms, used_size=7858176 bytes (19.2%)
(RDMA_READ_CONSUME_CHECK_CONSUMER) timestamp=3873 ms, used_size=7856128 bytes (19.2%)
(RDMA_READ_CONSUME_CHECK_CONSUMER) timestamp=3873 ms, used_size=7854080 bytes (19.2%)
(RDMA_READ_CONSUME_CHECK_CONSUMER) timestamp=3873 ms, used_size=7852032 bytes (19.2%)
(RDMA_READ_CONSUME_CHECK_CONSUMER) timestamp=3873 ms, used_size=7849984 bytes (19.2%)
(RDMA_READ_CONSUME_CHECK_CONSUMER) timestamp=3873 ms, used_size=7847936 bytes (19.2%)
(RDMA_READ_CONSUME_CHECK_CONSUMER) timestamp=3873 ms, used_size=7845888 bytes (19.2%)
(RDMA_READ_CONSUME_CHECK_CONSUMER) timestamp=3873 ms, used_size=7843840 bytes (19.1%)
(RDMA_READ_CONSUME_CHECK_CONSUMER) timestamp=3873 ms, used_size=7841792 bytes (19.1%)
(RDMA_READ_CONSUME_CHECK_CONSUMER) timestamp=3873 ms, used_size=7839744 bytes (19.1%)
(RDMA_READ_CONSUME_CHECK_CONSUMER) timestamp=3873 ms, used_size=7837696 bytes (19.1%)
(RDMA_READ_CONSUME_CHECK_CONSUMER) timestamp=3873 ms, used_size=7835648 bytes (19.1%)
(RDMA_READ_CONSUME_CHECK_CONSUMER) timestamp=3873 ms, used_size=7833600 bytes (19.1%)
(RDMA_READ_CONSUME_CHECK_CONSUMER) timestamp=3873 ms, used_size=7831552 bytes (19.1%)
(RDMA_READ_CONSUME_CHECK_CONSUMER) timestamp=3873 ms, used_size=7829504 bytes (19.1%)
(RDMA_READ_CONSUME_CHECK_CONSUMER) timestamp=3873 ms, used_size=7827456 bytes (19.1%)
(RDMA_READ_CONSUME_CHECK_CONSUMER) timestamp=3873 ms, used_size=7825408 bytes (19.1%)
(RDMA_READ_CONSUME_CHECK_CONSUMER) timestamp=3873 ms, used_size=7823360 bytes (19.1%)
(RDMA_READ_CONSUME_CHECK_CONSUMER) timestamp=3873 ms, used_size=7821312 bytes (19.1%)
(RDMA_READ_CONSUME_CHECK_CONSUMER) timestamp=3873 ms, used_size=7819264 bytes (19.1%)
(RDMA_READ_CONSUME_CHECK_CONSUMER) timestamp=3873 ms, used_size=7817216 bytes (19.1%)
(RDMA_READ_CONSUME_CHECK_CONSUMER) timestamp=3873 ms, used_size=7815168 bytes (19.1%)
(RDMA_READ_CONSUME_CHECK_CONSUMER) timestamp=3873 ms, used_size=7813120 bytes (19.1%)
(RDMA_READ_CONSUME_CHECK_CONSUMER) timestamp=3873 ms, used_size=7811072 bytes (19.1%)
(RDMA_READ_CONSUME_CHECK_CONSUMER) timestamp=3873 ms, used_size=7809024 bytes (19.1%)
(RDMA_READ_CONSUME_CHECK_CONSUMER) timestamp=3873 ms, used_size=7806976 bytes (19.1%)
(RDMA_READ_CONSUME_CHECK_CONSUMER) timestamp=3873 ms, used_size=7804928 bytes (19.1%)
(RDMA_READ_CONSUME_CHECK_CONSUMER) timestamp=3873 ms, used_size=7802880 bytes (19.1%)
(RDMA_READ_CONSUME_CHECK_CONSUMER) timestamp=3873 ms, used_size=7800832 bytes (19.0%)
(RDMA_READ_CONSUME_CHECK_CONSUMER) timestamp=3873 ms, used_size=7798784 bytes (19.0%)
(RDMA_READ_CONSUME_CHECK_CONSUMER) timestamp=3873 ms, used_size=7796736 bytes (19.0%)
(RDMA_READ_CONSUME_CHECK_CONSUMER) timestamp=3873 ms, used_size=7794688 bytes (19.0%)
(RDMA_READ_CONSUME_CHECK_CONSUMER) timestamp=3873 ms, used_size=7792640 bytes (19.0%)
(RDMA_READ_CONSUME_CHECK_CONSUMER) timestamp=3873 ms, used_size=7790592 bytes (19.0%)
(RDMA_READ_CONSUME_CHECK_CONSUMER) timestamp=3873 ms, used_size=7788544 bytes (19.0%)
(RDMA_READ_CONSUME_CHECK_CONSUMER) timestamp=3873 ms, used_size=7786496 bytes (19.0%)
(RDMA_READ_CONSUME_CHECK_CONSUMER) timestamp=3873 ms, used_size=7784448 bytes (19.0%)
(RDMA_READ_CONSUME_CHECK_CONSUMER) timestamp=3873 ms, used_size=7782400 bytes (19.0%)
(RDMA_READ_CONSUME_CHECK_CONSUMER) timestamp=3873 ms, used_size=7780352 bytes (19.0%)
(RDMA_READ_CONSUME_CHECK_CONSUMER) timestamp=3873 ms, used_size=7778304 bytes (19.0%)
(RDMA_READ_CONSUME_CHECK_CONSUMER) timestamp=3873 ms, used_size=7776256 bytes (19.0%)
(RDMA_READ_CONSUME_CHECK_CONSUMER) timestamp=3873 ms, used_size=7774208 bytes (19.0%)
(RDMA_READ_CONSUME_CHECK_CONSUMER) timestamp=3873 ms, used_size=7772160 bytes (19.0%)
(RDMA_READ_CONSUME_CHECK_CONSUMER) timestamp=3873 ms, used_size=7770112 bytes (19.0%)
(RDMA_READ_CONSUME_CHECK_CONSUMER) timestamp=3873 ms, used_size=7768064 bytes (19.0%)
(RDMA_READ_CONSUME_CHECK_CONSUMER) timestamp=3873 ms, used_size=7766016 bytes (19.0%)
(RDMA_READ_CONSUME_CHECK_CONSUMER) timestamp=3873 ms, used_size=7763968 bytes (19.0%)
(RDMA_READ_CONSUME_CHECK_CONSUMER) timestamp=3873 ms, used_size=7761920 bytes (18.9%)
(RDMA_READ_CONSUME_CHECK_CONSUMER) timestamp=3873 ms, used_size=7759872 bytes (18.9%)
(RDMA_READ_CONSUME_CHECK_CONSUMER) timestamp=3873 ms, used_size=7757824 bytes (18.9%)
(RDMA_READ_CONSUME_CHECK_CONSUMER) timestamp=3873 ms, used_size=7755776 bytes (18.9%)
(RDMA_READ_CONSUME_CHECK_CONSUMER) timestamp=3873 ms, used_size=7753728 bytes (18.9%)
(RDMA_READ_CONSUME_CHECK_CONSUMER) timestamp=3873 ms, used_size=7751680 bytes (18.9%)
(RDMA_READ_CONSUME_CHECK_CONSUMER) timestamp=3873 ms, used_size=7749632 bytes (18.9%)
(RDMA_READ_CONSUME_CHECK_CONSUMER) timestamp=3873 ms, used_size=7747584 bytes (18.9%)
(RDMA_READ_CONSUME_CHECK_CONSUMER) timestamp=3873 ms, used_size=7745536 bytes (18.9%)
(RDMA_READ_CONSUME_CHECK_CONSUMER) timestamp=3873 ms, used_size=7743488 bytes (18.9%)
(RDMA_READ_CONSUME_CHECK_CONSUMER) timestamp=3873 ms, used_size=7741440 bytes (18.9%)
(RDMA_READ_CONSUME_CHECK_CONSUMER) timestamp=3873 ms, used_size=7739392 bytes (18.9%)
(RDMA_READ_CONSUME_CHECK_CONSUMER) timestamp=3873 ms, used_size=7737344 bytes (18.9%)
(RDMA_READ_CONSUME_CHECK_CONSUMER) timestamp=3873 ms, used_size=7735296 bytes (18.9%)
(RDMA_READ_CONSUME_CHECK_CONSUMER) timestamp=3873 ms, used_size=7733248 bytes (18.9%)
(RDMA_READ_CONSUME_CHECK_CONSUMER) timestamp=3873 ms, used_size=7731200 bytes (18.9%)
(RDMA_READ_CONSUME_CHECK_CONSUMER) timestamp=3873 ms, used_size=7729152 bytes (18.9%)
(RDMA_READ_CONSUME_CHECK_CONSUMER) timestamp=3873 ms, used_size=7727104 bytes (18.9%)
(RDMA_READ_CONSUME_CHECK_CONSUMER) timestamp=3873 ms, used_size=7725056 bytes (18.9%)
(RDMA_READ_CONSUME_CHECK_CONSUMER) timestamp=3873 ms, used_size=7723008 bytes (18.9%)
(RDMA_READ_CONSUME_CHECK_CONSUMER) timestamp=3873 ms, used_size=7720960 bytes (18.9%)
(RDMA_READ_CONSUME_CHECK_CONSUMER) timestamp=3873 ms, used_size=7718912 bytes (18.8%)
(RDMA_READ_CONSUME_CHECK_CONSUMER) timestamp=3873 ms, used_size=7716864 bytes (18.8%)
(RDMA_READ_CONSUME_CHECK_CONSUMER) timestamp=3873 ms, used_size=7714816 bytes (18.8%)
(RDMA_READ_CONSUME_CHECK_CONSUMER) timestamp=3873 ms, used_size=7712768 bytes (18.8%)
(RDMA_READ_CONSUME_CHECK_CONSUMER) timestamp=3873 ms, used_size=7710720 bytes (18.8%)
(RDMA_READ_CONSUME_CHECK_CONSUMER) timestamp=3873 ms, used_size=7708672 bytes (18.8%)
(RDMA_READ_CONSUME_CHECK_CONSUMER) timestamp=3873 ms, used_size=7706624 bytes (18.8%)
(RDMA_READ_CONSUME_CHECK_CONSUMER) timestamp=3873 ms, used_size=7704576 bytes (18.8%)
(RDMA_READ_CONSUME_CHECK_CONSUMER) timestamp=3873 ms, used_size=7702528 bytes (18.8%)
(RDMA_READ_CONSUME_CHECK_CONSUMER) timestamp=3874 ms, used_size=7700480 bytes (18.8%)
(RDMA_READ_CONSUME_CHECK_CONSUMER) timestamp=3874 ms, used_size=7698432 bytes (18.8%)
(RDMA_READ_CONSUME_CHECK_CONSUMER) timestamp=3874 ms, used_size=7696384 bytes (18.8%)
(RDMA_READ_CONSUME_CHECK_CONSUMER) timestamp=3874 ms, used_size=7694336 bytes (18.8%)
(RDMA_READ_CONSUME_CHECK_CONSUMER) timestamp=3874 ms, used_size=7692288 bytes (18.8%)
(RDMA_READ_CONSUME_CHECK_CONSUMER) timestamp=3874 ms, used_size=7690240 bytes (18.8%)
(RDMA_READ_CONSUME_CHECK_CONSUMER) timestamp=3874 ms, used_size=7688192 bytes (18.8%)
(RDMA_READ_CONSUME_CHECK_CONSUMER) timestamp=3874 ms, used_size=7686144 bytes (18.8%)
(RDMA_READ_CONSUME_CHECK_CONSUMER) timestamp=3874 ms, used_size=7684096 bytes (18.8%)
(RDMA_READ_CONSUME_CHECK_CONSUMER) timestamp=3874 ms, used_size=7682048 bytes (18.8%)
(RDMA_READ_CONSUME_CHECK_CONSUMER) timestamp=3874 ms, used_size=7680000 bytes (18.8%)
(RDMA_READ_CONSUME_CHECK_CONSUMER) timestamp=3874 ms, used_size=7677952 bytes (18.7%)
(RDMA_READ_CONSUME_CHECK_CONSUMER) timestamp=3874 ms, used_size=7675904 bytes (18.7%)
(RDMA_READ_CONSUME_CHECK_CONSUMER) timestamp=3874 ms, used_size=7673856 bytes (18.7%)
(RDMA_READ_CONSUME_CHECK_CONSUMER) timestamp=3874 ms, used_size=7671808 bytes (18.7%)
(RDMA_READ_CONSUME_CHECK_CONSUMER) timestamp=3874 ms, used_size=7669760 bytes (18.7%)
(RDMA_READ_CONSUME_CHECK_CONSUMER) timestamp=3874 ms, used_size=7667712 bytes (18.7%)
(RDMA_READ_CONSUME_CHECK_CONSUMER) timestamp=3874 ms, used_size=7665664 bytes (18.7%)
(RDMA_READ_CONSUME_CHECK_CONSUMER) timestamp=3874 ms, used_size=7663616 bytes (18.7%)
(RDMA_READ_CONSUME_CHECK_CONSUMER) timestamp=3874 ms, used_size=7661568 bytes (18.7%)
(RDMA_READ_CONSUME_CHECK_CONSUMER) timestamp=3874 ms, used_size=7659520 bytes (18.7%)
(RDMA_READ_CONSUME_CHECK_CONSUMER) timestamp=3874 ms, used_size=7657472 bytes (18.7%)
(RDMA_READ_CONSUME_CHECK_CONSUMER) timestamp=3874 ms, used_size=7655424 bytes (18.7%)
(RDMA_READ_CONSUME_CHECK_CONSUMER) timestamp=3874 ms, used_size=7653376 bytes (18.7%)
(RDMA_READ_CONSUME_CHECK_CONSUMER) timestamp=3874 ms, used_size=7651328 bytes (18.7%)
(RDMA_READ_CONSUME_CHECK_CONSUMER) timestamp=3874 ms, used_size=7649280 bytes (18.7%)
(RDMA_READ_CONSUME_CHECK_CONSUMER) timestamp=3874 ms, used_size=7647232 bytes (18.7%)
(RDMA_READ_CONSUME_CHECK_CONSUMER) timestamp=3874 ms, used_size=7645184 bytes (18.7%)
(RDMA_READ_CONSUME_CHECK_CONSUMER) timestamp=3874 ms, used_size=7643136 bytes (18.7%)
(RDMA_READ_CONSUME_CHECK_CONSUMER) timestamp=3874 ms, used_size=7641088 bytes (18.7%)
(RDMA_READ_CONSUME_CHECK_CONSUMER) timestamp=3874 ms, used_size=7639040 bytes (18.6%)
(RDMA_READ_CONSUME_CHECK_CONSUMER) timestamp=3874 ms, used_size=7636992 bytes (18.6%)
(RDMA_READ_CONSUME_CHECK_CONSUMER) timestamp=3874 ms, used_size=7634944 bytes (18.6%)
(RDMA_READ_CONSUME_CHECK_CONSUMER) timestamp=3874 ms, used_size=7632896 bytes (18.6%)
(RDMA_READ_CONSUME_CHECK_CONSUMER) timestamp=3874 ms, used_size=7630848 bytes (18.6%)
(RDMA_READ_CONSUME_CHECK_CONSUMER) timestamp=3874 ms, used_size=7628800 bytes (18.6%)
(RDMA_READ_CONSUME_CHECK_CONSUMER) timestamp=3874 ms, used_size=7626752 bytes (18.6%)
(RDMA_READ_CONSUME_CHECK_CONSUMER) timestamp=3874 ms, used_size=7624704 bytes (18.6%)
(RDMA_READ_CONSUME_CHECK_CONSUMER) timestamp=3874 ms, used_size=7622656 bytes (18.6%)
(RDMA_READ_CONSUME_CHECK_CONSUMER) timestamp=3874 ms, used_size=7620608 bytes (18.6%)
(RDMA_READ_CONSUME_CHECK_CONSUMER) timestamp=3874 ms, used_size=7618560 bytes (18.6%)
(RDMA_READ_CONSUME_CHECK_CONSUMER) timestamp=3874 ms, used_size=7616512 bytes (18.6%)
(RDMA_READ_CONSUME_CHECK_CONSUMER) timestamp=3874 ms, used_size=7614464 bytes (18.6%)
(RDMA_READ_CONSUME_CHECK_CONSUMER) timestamp=3874 ms, used_size=7612416 bytes (18.6%)
(RDMA_READ_CONSUME_CHECK_CONSUMER) timestamp=3874 ms, used_size=7610368 bytes (18.6%)
(RDMA_READ_CONSUME_CHECK_CONSUMER) timestamp=3874 ms, used_size=7608320 bytes (18.6%)
(RDMA_READ_CONSUME_CHECK_CONSUMER) timestamp=3874 ms, used_size=7606272 bytes (18.6%)
(RDMA_READ_CONSUME_CHECK_CONSUMER) timestamp=3874 ms, used_size=7604224 bytes (18.6%)
(RDMA_READ_CONSUME_CHECK_CONSUMER) timestamp=3874 ms, used_size=7602176 bytes (18.6%)
(RDMA_READ_CONSUME_CHECK_CONSUMER) timestamp=3874 ms, used_size=7600128 bytes (18.6%)
(RDMA_READ_CONSUME_CHECK_CONSUMER) timestamp=3874 ms, used_size=7598080 bytes (18.6%)
(RDMA_READ_CONSUME_CHECK_CONSUMER) timestamp=3874 ms, used_size=7596032 bytes (18.5%)
(RDMA_READ_CONSUME_CHECK_CONSUMER) timestamp=3874 ms, used_size=7593984 bytes (18.5%)
(RDMA_READ_CONSUME_CHECK_CONSUMER) timestamp=3874 ms, used_size=7591936 bytes (18.5%)
(RDMA_READ_CONSUME_CHECK_CONSUMER) timestamp=3874 ms, used_size=7589888 bytes (18.5%)
(RDMA_READ_CONSUME_CHECK_CONSUMER) timestamp=3874 ms, used_size=7587840 bytes (18.5%)
(RDMA_READ_CONSUME_CHECK_CONSUMER) timestamp=3874 ms, used_size=7585792 bytes (18.5%)
(RDMA_READ_CONSUME_CHECK_CONSUMER) timestamp=3874 ms, used_size=7583744 bytes (18.5%)
(RDMA_READ_CONSUME_CHECK_CONSUMER) timestamp=3874 ms, used_size=7581696 bytes (18.5%)
(RDMA_READ_CONSUME_CHECK_CONSUMER) timestamp=3874 ms, used_size=7579648 bytes (18.5%)
(RDMA_READ_CONSUME_CHECK_CONSUMER) timestamp=3874 ms, used_size=7577600 bytes (18.5%)
(RDMA_READ_CONSUME_CHECK_CONSUMER) timestamp=3874 ms, used_size=7575552 bytes (18.5%)
(RDMA_READ_CONSUME_CHECK_CONSUMER) timestamp=3874 ms, used_size=7573504 bytes (18.5%)
(RDMA_READ_CONSUME_CHECK_CONSUMER) timestamp=3874 ms, used_size=7571456 bytes (18.5%)
(RDMA_READ_CONSUME_CHECK_CONSUMER) timestamp=3874 ms, used_size=7569408 bytes (18.5%)
(RDMA_READ_CONSUME_CHECK_CONSUMER) timestamp=3874 ms, used_size=7567360 bytes (18.5%)
(RDMA_READ_CONSUME_CHECK_CONSUMER) timestamp=3874 ms, used_size=7565312 bytes (18.5%)
(RDMA_READ_CONSUME_CHECK_CONSUMER) timestamp=3874 ms, used_size=7563264 bytes (18.5%)
(RDMA_READ_CONSUME_CHECK_CONSUMER) timestamp=3874 ms, used_size=7561216 bytes (18.5%)
(RDMA_READ_CONSUME_CHECK_CONSUMER) timestamp=3874 ms, used_size=7559168 bytes (18.5%)
(RDMA_READ_CONSUME_CHECK_CONSUMER) timestamp=3874 ms, used_size=7557120 bytes (18.4%)
(RDMA_READ_CONSUME_CHECK_CONSUMER) timestamp=3874 ms, used_size=7555072 bytes (18.4%)
(RDMA_READ_CONSUME_CHECK_CONSUMER) timestamp=3874 ms, used_size=7553024 bytes (18.4%)
(RDMA_READ_CONSUME_CHECK_CONSUMER) timestamp=3874 ms, used_size=7550976 bytes (18.4%)
(RDMA_READ_CONSUME_CHECK_CONSUMER) timestamp=3874 ms, used_size=7548928 bytes (18.4%)
(RDMA_READ_CONSUME_CHECK_CONSUMER) timestamp=3874 ms, used_size=7546880 bytes (18.4%)
(RDMA_READ_CONSUME_CHECK_CONSUMER) timestamp=3874 ms, used_size=7544832 bytes (18.4%)
(RDMA_READ_CONSUME_CHECK_CONSUMER) timestamp=3874 ms, used_size=7542784 bytes (18.4%)
(RDMA_READ_CONSUME_CHECK_CONSUMER) timestamp=3874 ms, used_size=7540736 bytes (18.4%)
(RDMA_READ_CONSUME_CHECK_CONSUMER) timestamp=3874 ms, used_size=7538688 bytes (18.4%)
(RDMA_READ_CONSUME_CHECK_CONSUMER) timestamp=3874 ms, used_size=7536640 bytes (18.4%)
(RDMA_READ_CONSUME_CHECK_CONSUMER) timestamp=3874 ms, used_size=7534592 bytes (18.4%)
(RDMA_READ_CONSUME_CHECK_CONSUMER) timestamp=3874 ms, used_size=7532544 bytes (18.4%)
(RDMA_READ_CONSUME_CHECK_CONSUMER) timestamp=3874 ms, used_size=7530496 bytes (18.4%)
(RDMA_READ_CONSUME_CHECK_CONSUMER) timestamp=3874 ms, used_size=7528448 bytes (18.4%)
(RDMA_READ_CONSUME_CHECK_CONSUMER) timestamp=3874 ms, used_size=7526400 bytes (18.4%)
(RDMA_READ_CONSUME_CHECK_CONSUMER) timestamp=3874 ms, used_size=7524352 bytes (18.4%)
(RDMA_READ_CONSUME_CHECK_CONSUMER) timestamp=3874 ms, used_size=7522304 bytes (18.4%)
(RDMA_READ_CONSUME_CHECK_CONSUMER) timestamp=3874 ms, used_size=7520256 bytes (18.4%)
(RDMA_READ_CONSUME_CHECK_CONSUMER) timestamp=3874 ms, used_size=7518208 bytes (18.4%)
(RDMA_READ_CONSUME_CHECK_CONSUMER) timestamp=3874 ms, used_size=7516160 bytes (18.4%)
(RDMA_READ_CONSUME_CHECK_CONSUMER) timestamp=3874 ms, used_size=7514112 bytes (18.3%)
(RDMA_READ_CONSUME_CHECK_CONSUMER) timestamp=3874 ms, used_size=7512064 bytes (18.3%)
(RDMA_READ_CONSUME_CHECK_CONSUMER) timestamp=3874 ms, used_size=7510016 bytes (18.3%)
(RDMA_READ_CONSUME_CHECK_CONSUMER) timestamp=3874 ms, used_size=7507968 bytes (18.3%)
(RDMA_READ_CONSUME_CHECK_CONSUMER) timestamp=3874 ms, used_size=7505920 bytes (18.3%)
(RDMA_READ_CONSUME_CHECK_CONSUMER) timestamp=3874 ms, used_size=7503872 bytes (18.3%)
(RDMA_READ_CONSUME_CHECK_CONSUMER) timestamp=3874 ms, used_size=7501824 bytes (18.3%)
(RDMA_READ_CONSUME_CHECK_CONSUMER) timestamp=3874 ms, used_size=7499776 bytes (18.3%)
(RDMA_READ_CONSUME_CHECK_CONSUMER) timestamp=3874 ms, used_size=7497728 bytes (18.3%)
(RDMA_READ_CONSUME_CHECK_CONSUMER) timestamp=3874 ms, used_size=7495680 bytes (18.3%)
(RDMA_READ_CONSUME_CHECK_CONSUMER) timestamp=3874 ms, used_size=7493632 bytes (18.3%)
(RDMA_READ_CONSUME_CHECK_CONSUMER) timestamp=3874 ms, used_size=7491584 bytes (18.3%)
(RDMA_READ_CONSUME_CHECK_CONSUMER) timestamp=3874 ms, used_size=7489536 bytes (18.3%)
(RDMA_READ_CONSUME_CHECK_CONSUMER) timestamp=3874 ms, used_size=7487488 bytes (18.3%)
(RDMA_READ_CONSUME_CHECK_CONSUMER) timestamp=3874 ms, used_size=7485440 bytes (18.3%)
(RDMA_READ_CONSUME_CHECK_CONSUMER) timestamp=3874 ms, used_size=7483392 bytes (18.3%)
(RDMA_READ_CONSUME_CHECK_CONSUMER) timestamp=3874 ms, used_size=7481344 bytes (18.3%)
(RDMA_READ_CONSUME_CHECK_CONSUMER) timestamp=3874 ms, used_size=7479296 bytes (18.3%)
(RDMA_READ_CONSUME_CHECK_CONSUMER) timestamp=3874 ms, used_size=7477248 bytes (18.3%)
(RDMA_READ_CONSUME_CHECK_CONSUMER) timestamp=3874 ms, used_size=7475200 bytes (18.2%)
(RDMA_READ_CONSUME_CHECK_CONSUMER) timestamp=3874 ms, used_size=7473152 bytes (18.2%)
(RDMA_READ_CONSUME_CHECK_CONSUMER) timestamp=3874 ms, used_size=7471104 bytes (18.2%)
(RDMA_READ_CONSUME_CHECK_CONSUMER) timestamp=3874 ms, used_size=7469056 bytes (18.2%)
(RDMA_READ_CONSUME_CHECK_CONSUMER) timestamp=3874 ms, used_size=7467008 bytes (18.2%)
(RDMA_READ_CONSUME_CHECK_CONSUMER) timestamp=3874 ms, used_size=7464960 bytes (18.2%)
(RDMA_READ_CONSUME_CHECK_CONSUMER) timestamp=3874 ms, used_size=7462912 bytes (18.2%)
(RDMA_READ_CONSUME_CHECK_CONSUMER) timestamp=3874 ms, used_size=7460864 bytes (18.2%)
(RDMA_READ_CONSUME_CHECK_CONSUMER) timestamp=3874 ms, used_size=7458816 bytes (18.2%)
(RDMA_READ_CONSUME_CHECK_CONSUMER) timestamp=3874 ms, used_size=7456768 bytes (18.2%)
(RDMA_READ_CONSUME_CHECK_CONSUMER) timestamp=3874 ms, used_size=7454720 bytes (18.2%)
(RDMA_READ_CONSUME_CHECK_CONSUMER) timestamp=3874 ms, used_size=7452672 bytes (18.2%)
(RDMA_READ_CONSUME_CHECK_CONSUMER) timestamp=3874 ms, used_size=7450624 bytes (18.2%)
(RDMA_READ_CONSUME_CHECK_CONSUMER) timestamp=3874 ms, used_size=7448576 bytes (18.2%)
(RDMA_READ_CONSUME_CHECK_CONSUMER) timestamp=3874 ms, used_size=7446528 bytes (18.2%)
(RDMA_READ_CONSUME_CHECK_CONSUMER) timestamp=3874 ms, used_size=7444480 bytes (18.2%)
(RDMA_READ_CONSUME_CHECK_CONSUMER) timestamp=3874 ms, used_size=7442432 bytes (18.2%)
(RDMA_READ_CONSUME_CHECK_CONSUMER) timestamp=3874 ms, used_size=7440384 bytes (18.2%)
(RDMA_READ_CONSUME_CHECK_CONSUMER) timestamp=3874 ms, used_size=7438336 bytes (18.2%)
(RDMA_READ_CONSUME_CHECK_CONSUMER) timestamp=3874 ms, used_size=7436288 bytes (18.2%)
(RDMA_READ_CONSUME_CHECK_CONSUMER) timestamp=3874 ms, used_size=7434240 bytes (18.1%)
(RDMA_READ_CONSUME_CHECK_CONSUMER) timestamp=3874 ms, used_size=7432192 bytes (18.1%)
(RDMA_READ_CONSUME_CHECK_CONSUMER) timestamp=3874 ms, used_size=7430144 bytes (18.1%)
(RDMA_READ_CONSUME_CHECK_CONSUMER) timestamp=3874 ms, used_size=7428096 bytes (18.1%)
(RDMA_READ_CONSUME_CHECK_CONSUMER) timestamp=3874 ms, used_size=7426048 bytes (18.1%)
(RDMA_READ_CONSUME_CHECK_CONSUMER) timestamp=3874 ms, used_size=7424000 bytes (18.1%)
(RDMA_READ_CONSUME_CHECK_CONSUMER) timestamp=3874 ms, used_size=7421952 bytes (18.1%)
(RDMA_READ_CONSUME_CHECK_CONSUMER) timestamp=3874 ms, used_size=7419904 bytes (18.1%)
(RDMA_READ_CONSUME_CHECK_CONSUMER) timestamp=3874 ms, used_size=7417856 bytes (18.1%)
(RDMA_READ_CONSUME_CHECK_CONSUMER) timestamp=3874 ms, used_size=7415808 bytes (18.1%)
(RDMA_READ_CONSUME_CHECK_CONSUMER) timestamp=3874 ms, used_size=7413760 bytes (18.1%)
(RDMA_READ_CONSUME_CHECK_CONSUMER) timestamp=3874 ms, used_size=7411712 bytes (18.1%)
(RDMA_READ_CONSUME_CHECK_CONSUMER) timestamp=3874 ms, used_size=7409664 bytes (18.1%)
(RDMA_READ_CONSUME_CHECK_CONSUMER) timestamp=3874 ms, used_size=7407616 bytes (18.1%)
(RDMA_READ_CONSUME_CHECK_CONSUMER) timestamp=3874 ms, used_size=7405568 bytes (18.1%)
(RDMA_READ_CONSUME_CHECK_CONSUMER) timestamp=3874 ms, used_size=7403520 bytes (18.1%)
(RDMA_READ_CONSUME_CHECK_CONSUMER) timestamp=3874 ms, used_size=7401472 bytes (18.1%)
(RDMA_READ_CONSUME_CHECK_CONSUMER) timestamp=3874 ms, used_size=7399424 bytes (18.1%)
(RDMA_READ_CONSUME_CHECK_CONSUMER) timestamp=3874 ms, used_size=7397376 bytes (18.1%)
(RDMA_READ_CONSUME_CHECK_CONSUMER) timestamp=3874 ms, used_size=7395328 bytes (18.1%)
(RDMA_READ_CONSUME_CHECK_CONSUMER) timestamp=3874 ms, used_size=7393280 bytes (18.1%)
(RDMA_READ_CONSUME_CHECK_CONSUMER) timestamp=3874 ms, used_size=7391232 bytes (18.0%)
(RDMA_READ_CONSUME_CHECK_CONSUMER) timestamp=3874 ms, used_size=7389184 bytes (18.0%)
(RDMA_READ_CONSUME_CHECK_CONSUMER) timestamp=3874 ms, used_size=7387136 bytes (18.0%)
(RDMA_READ_CONSUME_CHECK_CONSUMER) timestamp=3874 ms, used_size=7385088 bytes (18.0%)
(RDMA_READ_CONSUME_CHECK_CONSUMER) timestamp=3874 ms, used_size=7383040 bytes (18.0%)
(RDMA_READ_CONSUME_CHECK_CONSUMER) timestamp=3874 ms, used_size=7380992 bytes (18.0%)
(RDMA_READ_CONSUME_CHECK_CONSUMER) timestamp=3874 ms, used_size=7378944 bytes (18.0%)
(RDMA_READ_CONSUME_CHECK_CONSUMER) timestamp=3874 ms, used_size=7376896 bytes (18.0%)
(RDMA_READ_CONSUME_CHECK_CONSUMER) timestamp=3874 ms, used_size=7374848 bytes (18.0%)
(RDMA_READ_CONSUME_CHECK_CONSUMER) timestamp=3874 ms, used_size=7372800 bytes (18.0%)
(RDMA_READ_CONSUME_CHECK_CONSUMER) timestamp=3874 ms, used_size=7370752 bytes (18.0%)
(RDMA_READ_CONSUME_CHECK_CONSUMER) timestamp=3874 ms, used_size=7368704 bytes (18.0%)
(RDMA_READ_CONSUME_CHECK_CONSUMER) timestamp=3874 ms, used_size=7366656 bytes (18.0%)
(RDMA_READ_CONSUME_CHECK_CONSUMER) timestamp=3874 ms, used_size=7364608 bytes (18.0%)
(RDMA_READ_CONSUME_CHECK_CONSUMER) timestamp=3874 ms, used_size=7362560 bytes (18.0%)
(RDMA_READ_CONSUME_CHECK_CONSUMER) timestamp=3874 ms, used_size=7360512 bytes (18.0%)
(RDMA_READ_CONSUME_CHECK_CONSUMER) timestamp=3874 ms, used_size=7358464 bytes (18.0%)
(RDMA_READ_CONSUME_CHECK_CONSUMER) timestamp=3874 ms, used_size=7356416 bytes (18.0%)
(RDMA_READ_CONSUME_CHECK_CONSUMER) timestamp=3874 ms, used_size=7354368 bytes (18.0%)
(RDMA_READ_CONSUME_CHECK_CONSUMER) timestamp=3874 ms, used_size=7352320 bytes (17.9%)
(RDMA_READ_CONSUME_CHECK_CONSUMER) timestamp=3874 ms, used_size=7350272 bytes (17.9%)
(RDMA_READ_CONSUME_CHECK_CONSUMER) timestamp=3874 ms, used_size=7348224 bytes (17.9%)
(RDMA_READ_CONSUME_CHECK_CONSUMER) timestamp=3874 ms, used_size=7346176 bytes (17.9%)
(RDMA_READ_CONSUME_CHECK_CONSUMER) timestamp=3874 ms, used_size=7344128 bytes (17.9%)
(RDMA_READ_CONSUME_CHECK_CONSUMER) timestamp=3874 ms, used_size=7342080 bytes (17.9%)
(RDMA_READ_CONSUME_CHECK_CONSUMER) timestamp=3874 ms, used_size=7340032 bytes (17.9%)
(RDMA_READ_CONSUME_CHECK_CONSUMER) timestamp=3874 ms, used_size=7337984 bytes (17.9%)
(RDMA_READ_CONSUME_CHECK_CONSUMER) timestamp=3874 ms, used_size=7335936 bytes (17.9%)
(RDMA_READ_CONSUME_CHECK_CONSUMER) timestamp=3874 ms, used_size=7333888 bytes (17.9%)
(RDMA_READ_CONSUME_CHECK_CONSUMER) timestamp=3874 ms, used_size=7331840 bytes (17.9%)
(RDMA_READ_CONSUME_CHECK_CONSUMER) timestamp=3874 ms, used_size=7329792 bytes (17.9%)
(RDMA_READ_CONSUME_CHECK_CONSUMER) timestamp=3874 ms, used_size=7327744 bytes (17.9%)
(RDMA_READ_CONSUME_CHECK_CONSUMER) timestamp=3874 ms, used_size=7325696 bytes (17.9%)
(RDMA_READ_CONSUME_CHECK_CONSUMER) timestamp=3875 ms, used_size=7323648 bytes (17.9%)
(RDMA_READ_CONSUME_CHECK_CONSUMER) timestamp=3875 ms, used_size=7321600 bytes (17.9%)
(RDMA_READ_CONSUME_CHECK_CONSUMER) timestamp=3875 ms, used_size=7319552 bytes (17.9%)
(RDMA_READ_CONSUME_CHECK_CONSUMER) timestamp=3875 ms, used_size=7317504 bytes (17.9%)
(RDMA_READ_CONSUME_CHECK_CONSUMER) timestamp=3875 ms, used_size=7315456 bytes (17.9%)
(RDMA_READ_CONSUME_CHECK_CONSUMER) timestamp=3875 ms, used_size=7313408 bytes (17.9%)
(RDMA_READ_CONSUME_CHECK_CONSUMER) timestamp=3875 ms, used_size=7311360 bytes (17.9%)
(RDMA_READ_CONSUME_CHECK_CONSUMER) timestamp=3875 ms, used_size=7309312 bytes (17.8%)
(RDMA_READ_CONSUME_CHECK_CONSUMER) timestamp=3875 ms, used_size=7307264 bytes (17.8%)
(RDMA_READ_CONSUME_CHECK_CONSUMER) timestamp=3875 ms, used_size=7305216 bytes (17.8%)
(RDMA_READ_CONSUME_CHECK_CONSUMER) timestamp=3875 ms, used_size=7303168 bytes (17.8%)
(RDMA_READ_CONSUME_CHECK_CONSUMER) timestamp=3875 ms, used_size=7301120 bytes (17.8%)
(RDMA_READ_CONSUME_CHECK_CONSUMER) timestamp=3875 ms, used_size=7299072 bytes (17.8%)
(RDMA_READ_CONSUME_CHECK_CONSUMER) timestamp=3875 ms, used_size=7297024 bytes (17.8%)
(RDMA_READ_CONSUME_CHECK_CONSUMER) timestamp=3875 ms, used_size=7294976 bytes (17.8%)
(RDMA_READ_CONSUME_CHECK_CONSUMER) timestamp=3875 ms, used_size=7292928 bytes (17.8%)
(RDMA_READ_CONSUME_CHECK_CONSUMER) timestamp=3875 ms, used_size=7290880 bytes (17.8%)
(RDMA_READ_CONSUME_CHECK_CONSUMER) timestamp=3875 ms, used_size=7288832 bytes (17.8%)
(RDMA_READ_CONSUME_CHECK_CONSUMER) timestamp=3875 ms, used_size=7286784 bytes (17.8%)
(RDMA_READ_CONSUME_CHECK_CONSUMER) timestamp=3875 ms, used_size=7284736 bytes (17.8%)
(RDMA_READ_CONSUME_CHECK_CONSUMER) timestamp=3875 ms, used_size=7282688 bytes (17.8%)
(RDMA_READ_CONSUME_CHECK_CONSUMER) timestamp=3875 ms, used_size=7280640 bytes (17.8%)
(RDMA_READ_CONSUME_CHECK_CONSUMER) timestamp=3875 ms, used_size=7278592 bytes (17.8%)
(RDMA_READ_CONSUME_CHECK_CONSUMER) timestamp=3875 ms, used_size=7276544 bytes (17.8%)
(RDMA_READ_CONSUME_CHECK_CONSUMER) timestamp=3875 ms, used_size=7274496 bytes (17.8%)
(RDMA_READ_CONSUME_CHECK_CONSUMER) timestamp=3875 ms, used_size=7272448 bytes (17.8%)
(RDMA_READ_CONSUME_CHECK_CONSUMER) timestamp=3875 ms, used_size=7270400 bytes (17.8%)
(RDMA_READ_CONSUME_CHECK_CONSUMER) timestamp=3875 ms, used_size=7268352 bytes (17.7%)
(RDMA_READ_CONSUME_CHECK_CONSUMER) timestamp=3875 ms, used_size=7266304 bytes (17.7%)
(RDMA_READ_CONSUME_CHECK_CONSUMER) timestamp=3875 ms, used_size=7264256 bytes (17.7%)
(RDMA_READ_CONSUME_CHECK_CONSUMER) timestamp=3875 ms, used_size=7262208 bytes (17.7%)
(RDMA_READ_CONSUME_CHECK_CONSUMER) timestamp=3875 ms, used_size=7260160 bytes (17.7%)
(RDMA_READ_CONSUME_CHECK_CONSUMER) timestamp=3875 ms, used_size=7258112 bytes (17.7%)
(RDMA_READ_CONSUME_CHECK_CONSUMER) timestamp=3875 ms, used_size=7256064 bytes (17.7%)
(RDMA_READ_CONSUME_CHECK_CONSUMER) timestamp=3875 ms, used_size=7254016 bytes (17.7%)
(RDMA_READ_CONSUME_CHECK_CONSUMER) timestamp=3875 ms, used_size=7251968 bytes (17.7%)
(RDMA_READ_CONSUME_CHECK_CONSUMER) timestamp=3875 ms, used_size=7249920 bytes (17.7%)
(RDMA_READ_CONSUME_CHECK_CONSUMER) timestamp=3875 ms, used_size=7247872 bytes (17.7%)
(RDMA_READ_CONSUME_CHECK_CONSUMER) timestamp=3875 ms, used_size=7245824 bytes (17.7%)
(RDMA_READ_CONSUME_CHECK_CONSUMER) timestamp=3875 ms, used_size=7243776 bytes (17.7%)
(RDMA_READ_CONSUME_CHECK_CONSUMER) timestamp=3875 ms, used_size=7241728 bytes (17.7%)
(RDMA_READ_CONSUME_CHECK_CONSUMER) timestamp=3875 ms, used_size=7239680 bytes (17.7%)
(RDMA_READ_CONSUME_CHECK_CONSUMER) timestamp=3875 ms, used_size=7237632 bytes (17.7%)
(RDMA_READ_CONSUME_CHECK_CONSUMER) timestamp=3875 ms, used_size=7235584 bytes (17.7%)
(RDMA_READ_CONSUME_CHECK_CONSUMER) timestamp=3875 ms, used_size=7233536 bytes (17.7%)
(RDMA_READ_CONSUME_CHECK_CONSUMER) timestamp=3875 ms, used_size=7231488 bytes (17.7%)
(RDMA_READ_CONSUME_CHECK_CONSUMER) timestamp=3875 ms, used_size=7229440 bytes (17.6%)
(RDMA_READ_CONSUME_CHECK_CONSUMER) timestamp=3875 ms, used_size=7227392 bytes (17.6%)
(RDMA_READ_CONSUME_CHECK_CONSUMER) timestamp=3875 ms, used_size=7225344 bytes (17.6%)
(RDMA_READ_CONSUME_CHECK_CONSUMER) timestamp=3875 ms, used_size=7223296 bytes (17.6%)
(RDMA_READ_CONSUME_CHECK_CONSUMER) timestamp=3875 ms, used_size=7221248 bytes (17.6%)
(RDMA_READ_CONSUME_CHECK_CONSUMER) timestamp=3875 ms, used_size=7219200 bytes (17.6%)
(RDMA_READ_CONSUME_CHECK_CONSUMER) timestamp=3875 ms, used_size=7217152 bytes (17.6%)
(RDMA_READ_CONSUME_CHECK_CONSUMER) timestamp=3875 ms, used_size=7215104 bytes (17.6%)
(RDMA_READ_CONSUME_CHECK_CONSUMER) timestamp=3875 ms, used_size=7213056 bytes (17.6%)
(RDMA_READ_CONSUME_CHECK_CONSUMER) timestamp=3875 ms, used_size=7211008 bytes (17.6%)
(RDMA_READ_CONSUME_CHECK_CONSUMER) timestamp=3875 ms, used_size=7208960 bytes (17.6%)
(RDMA_READ_CONSUME_CHECK_CONSUMER) timestamp=3875 ms, used_size=7206912 bytes (17.6%)
(RDMA_READ_CONSUME_CHECK_CONSUMER) timestamp=3875 ms, used_size=7204864 bytes (17.6%)
(RDMA_READ_CONSUME_CHECK_CONSUMER) timestamp=3875 ms, used_size=7202816 bytes (17.6%)
(RDMA_READ_CONSUME_CHECK_CONSUMER) timestamp=3875 ms, used_size=7200768 bytes (17.6%)
(RDMA_READ_CONSUME_CHECK_CONSUMER) timestamp=3875 ms, used_size=7198720 bytes (17.6%)
(RDMA_READ_CONSUME_CHECK_CONSUMER) timestamp=3875 ms, used_size=7196672 bytes (17.6%)
(RDMA_READ_CONSUME_CHECK_CONSUMER) timestamp=3875 ms, used_size=7194624 bytes (17.6%)
(RDMA_READ_CONSUME_CHECK_CONSUMER) timestamp=3875 ms, used_size=7192576 bytes (17.6%)
(RDMA_READ_CONSUME_CHECK_CONSUMER) timestamp=3875 ms, used_size=7190528 bytes (17.6%)
(RDMA_READ_CONSUME_CHECK_CONSUMER) timestamp=3875 ms, used_size=7188480 bytes (17.6%)
(RDMA_READ_CONSUME_CHECK_CONSUMER) timestamp=3875 ms, used_size=7186432 bytes (17.5%)
(RDMA_READ_CONSUME_CHECK_CONSUMER) timestamp=3875 ms, used_size=7184384 bytes (17.5%)
(RDMA_READ_CONSUME_CHECK_CONSUMER) timestamp=3875 ms, used_size=7182336 bytes (17.5%)
(RDMA_READ_CONSUME_CHECK_CONSUMER) timestamp=3875 ms, used_size=7180288 bytes (17.5%)
(RDMA_READ_CONSUME_CHECK_CONSUMER) timestamp=3875 ms, used_size=7178240 bytes (17.5%)
(RDMA_READ_CONSUME_CHECK_CONSUMER) timestamp=3875 ms, used_size=7176192 bytes (17.5%)
(RDMA_READ_CONSUME_CHECK_CONSUMER) timestamp=3875 ms, used_size=7174144 bytes (17.5%)
(RDMA_READ_CONSUME_CHECK_CONSUMER) timestamp=3875 ms, used_size=7172096 bytes (17.5%)
(RDMA_READ_CONSUME_CHECK_CONSUMER) timestamp=3875 ms, used_size=7170048 bytes (17.5%)
(RDMA_READ_CONSUME_CHECK_CONSUMER) timestamp=3875 ms, used_size=7168000 bytes (17.5%)
(RDMA_READ_CONSUME_CHECK_CONSUMER) timestamp=3875 ms, used_size=7165952 bytes (17.5%)
(RDMA_READ_CONSUME_CHECK_CONSUMER) timestamp=3875 ms, used_size=7163904 bytes (17.5%)
(RDMA_READ_CONSUME_CHECK_CONSUMER) timestamp=3875 ms, used_size=7161856 bytes (17.5%)
(RDMA_READ_CONSUME_CHECK_CONSUMER) timestamp=3875 ms, used_size=7159808 bytes (17.5%)
(RDMA_READ_CONSUME_CHECK_CONSUMER) timestamp=3875 ms, used_size=7157760 bytes (17.5%)
(RDMA_READ_CONSUME_CHECK_CONSUMER) timestamp=3875 ms, used_size=7155712 bytes (17.5%)
(RDMA_READ_CONSUME_CHECK_CONSUMER) timestamp=3875 ms, used_size=7153664 bytes (17.5%)
(RDMA_READ_CONSUME_CHECK_CONSUMER) timestamp=3875 ms, used_size=7151616 bytes (17.5%)
(RDMA_READ_CONSUME_CHECK_CONSUMER) timestamp=3875 ms, used_size=7149568 bytes (17.5%)
(RDMA_READ_CONSUME_CHECK_CONSUMER) timestamp=3875 ms, used_size=7147520 bytes (17.4%)
(RDMA_READ_CONSUME_CHECK_CONSUMER) timestamp=3875 ms, used_size=7145472 bytes (17.4%)
(RDMA_READ_CONSUME_CHECK_CONSUMER) timestamp=3875 ms, used_size=7143424 bytes (17.4%)
(RDMA_READ_CONSUME_CHECK_CONSUMER) timestamp=3875 ms, used_size=7141376 bytes (17.4%)
(RDMA_READ_CONSUME_CHECK_CONSUMER) timestamp=3875 ms, used_size=7139328 bytes (17.4%)
(RDMA_READ_CONSUME_CHECK_CONSUMER) timestamp=3875 ms, used_size=7137280 bytes (17.4%)
(RDMA_READ_CONSUME_CHECK_CONSUMER) timestamp=3875 ms, used_size=7135232 bytes (17.4%)
(RDMA_READ_CONSUME_CHECK_CONSUMER) timestamp=3875 ms, used_size=7133184 bytes (17.4%)
(RDMA_READ_CONSUME_CHECK_CONSUMER) timestamp=3875 ms, used_size=7131136 bytes (17.4%)
(RDMA_READ_CONSUME_CHECK_CONSUMER) timestamp=3875 ms, used_size=7129088 bytes (17.4%)
(RDMA_READ_CONSUME_CHECK_CONSUMER) timestamp=3875 ms, used_size=7127040 bytes (17.4%)
(RDMA_READ_CONSUME_CHECK_CONSUMER) timestamp=3875 ms, used_size=7124992 bytes (17.4%)
(RDMA_READ_CONSUME_CHECK_CONSUMER) timestamp=3875 ms, used_size=7122944 bytes (17.4%)
(RDMA_READ_CONSUME_CHECK_CONSUMER) timestamp=3875 ms, used_size=7120896 bytes (17.4%)
(RDMA_READ_CONSUME_CHECK_CONSUMER) timestamp=3875 ms, used_size=7118848 bytes (17.4%)
(RDMA_READ_CONSUME_CHECK_CONSUMER) timestamp=3875 ms, used_size=7116800 bytes (17.4%)
(RDMA_READ_CONSUME_CHECK_CONSUMER) timestamp=3875 ms, used_size=7114752 bytes (17.4%)
(RDMA_READ_CONSUME_CHECK_CONSUMER) timestamp=3875 ms, used_size=7112704 bytes (17.4%)
(RDMA_READ_CONSUME_CHECK_CONSUMER) timestamp=3875 ms, used_size=7110656 bytes (17.4%)
(RDMA_READ_CONSUME_CHECK_CONSUMER) timestamp=3875 ms, used_size=7108608 bytes (17.4%)
(RDMA_READ_CONSUME_CHECK_CONSUMER) timestamp=3875 ms, used_size=7106560 bytes (17.4%)
(RDMA_READ_CONSUME_CHECK_CONSUMER) timestamp=3875 ms, used_size=7104512 bytes (17.3%)
(RDMA_READ_CONSUME_CHECK_CONSUMER) timestamp=3875 ms, used_size=7102464 bytes (17.3%)
(RDMA_READ_CONSUME_CHECK_CONSUMER) timestamp=3875 ms, used_size=7100416 bytes (17.3%)
(RDMA_READ_CONSUME_CHECK_CONSUMER) timestamp=3875 ms, used_size=7098368 bytes (17.3%)
(RDMA_READ_CONSUME_CHECK_CONSUMER) timestamp=3875 ms, used_size=7096320 bytes (17.3%)
(RDMA_READ_CONSUME_CHECK_CONSUMER) timestamp=3875 ms, used_size=7094272 bytes (17.3%)
(RDMA_READ_CONSUME_CHECK_CONSUMER) timestamp=3875 ms, used_size=7092224 bytes (17.3%)
(RDMA_READ_CONSUME_CHECK_CONSUMER) timestamp=3875 ms, used_size=7090176 bytes (17.3%)
(RDMA_READ_CONSUME_CHECK_CONSUMER) timestamp=3875 ms, used_size=7088128 bytes (17.3%)
(RDMA_READ_CONSUME_CHECK_CONSUMER) timestamp=3875 ms, used_size=7086080 bytes (17.3%)
(RDMA_READ_CONSUME_CHECK_CONSUMER) timestamp=3875 ms, used_size=7084032 bytes (17.3%)
(RDMA_READ_CONSUME_CHECK_CONSUMER) timestamp=3875 ms, used_size=7081984 bytes (17.3%)
(RDMA_READ_CONSUME_CHECK_CONSUMER) timestamp=3875 ms, used_size=7079936 bytes (17.3%)
(RDMA_READ_CONSUME_CHECK_CONSUMER) timestamp=3875 ms, used_size=7077888 bytes (17.3%)
(RDMA_READ_CONSUME_CHECK_CONSUMER) timestamp=3875 ms, used_size=7075840 bytes (17.3%)
(RDMA_READ_CONSUME_CHECK_CONSUMER) timestamp=3875 ms, used_size=7073792 bytes (17.3%)
(RDMA_READ_CONSUME_CHECK_CONSUMER) timestamp=3875 ms, used_size=7071744 bytes (17.3%)
(RDMA_READ_CONSUME_CHECK_CONSUMER) timestamp=3875 ms, used_size=7069696 bytes (17.3%)
(RDMA_READ_CONSUME_CHECK_CONSUMER) timestamp=3875 ms, used_size=7067648 bytes (17.3%)
(RDMA_READ_CONSUME_CHECK_CONSUMER) timestamp=3875 ms, used_size=7065600 bytes (17.2%)
(RDMA_READ_CONSUME_CHECK_CONSUMER) timestamp=3875 ms, used_size=7063552 bytes (17.2%)
(RDMA_READ_CONSUME_CHECK_CONSUMER) timestamp=3875 ms, used_size=7061504 bytes (17.2%)
(RDMA_READ_CONSUME_CHECK_CONSUMER) timestamp=3875 ms, used_size=7059456 bytes (17.2%)
(RDMA_READ_CONSUME_CHECK_CONSUMER) timestamp=3875 ms, used_size=7057408 bytes (17.2%)
(RDMA_READ_CONSUME_CHECK_CONSUMER) timestamp=3875 ms, used_size=7055360 bytes (17.2%)
(RDMA_READ_CONSUME_CHECK_CONSUMER) timestamp=3875 ms, used_size=7053312 bytes (17.2%)
(RDMA_READ_CONSUME_CHECK_CONSUMER) timestamp=3875 ms, used_size=7051264 bytes (17.2%)
(RDMA_READ_CONSUME_CHECK_CONSUMER) timestamp=3875 ms, used_size=7049216 bytes (17.2%)
(RDMA_READ_CONSUME_CHECK_CONSUMER) timestamp=3875 ms, used_size=7047168 bytes (17.2%)
(RDMA_READ_CONSUME_CHECK_CONSUMER) timestamp=3875 ms, used_size=7045120 bytes (17.2%)
(RDMA_READ_CONSUME_CHECK_CONSUMER) timestamp=3875 ms, used_size=7043072 bytes (17.2%)
(RDMA_READ_CONSUME_CHECK_CONSUMER) timestamp=3875 ms, used_size=7041024 bytes (17.2%)
(RDMA_READ_CONSUME_CHECK_CONSUMER) timestamp=3875 ms, used_size=7038976 bytes (17.2%)
(RDMA_READ_CONSUME_CHECK_CONSUMER) timestamp=3875 ms, used_size=7036928 bytes (17.2%)
(RDMA_READ_CONSUME_CHECK_CONSUMER) timestamp=3875 ms, used_size=7034880 bytes (17.2%)
(RDMA_READ_CONSUME_CHECK_CONSUMER) timestamp=3875 ms, used_size=7032832 bytes (17.2%)
(RDMA_READ_CONSUME_CHECK_CONSUMER) timestamp=3875 ms, used_size=7030784 bytes (17.2%)
(RDMA_READ_CONSUME_CHECK_CONSUMER) timestamp=3875 ms, used_size=7028736 bytes (17.2%)
(RDMA_READ_CONSUME_CHECK_CONSUMER) timestamp=3875 ms, used_size=7026688 bytes (17.2%)
(RDMA_READ_CONSUME_CHECK_CONSUMER) timestamp=3875 ms, used_size=7024640 bytes (17.1%)
(RDMA_READ_CONSUME_CHECK_CONSUMER) timestamp=3875 ms, used_size=7022592 bytes (17.1%)
(RDMA_READ_CONSUME_CHECK_CONSUMER) timestamp=3875 ms, used_size=7020544 bytes (17.1%)
(RDMA_READ_CONSUME_CHECK_CONSUMER) timestamp=3875 ms, used_size=7018496 bytes (17.1%)
(RDMA_READ_CONSUME_CHECK_CONSUMER) timestamp=3875 ms, used_size=7016448 bytes (17.1%)
(RDMA_READ_CONSUME_CHECK_CONSUMER) timestamp=3875 ms, used_size=7014400 bytes (17.1%)
(RDMA_READ_CONSUME_CHECK_CONSUMER) timestamp=3875 ms, used_size=7012352 bytes (17.1%)
(RDMA_READ_CONSUME_CHECK_CONSUMER) timestamp=3875 ms, used_size=7010304 bytes (17.1%)
(RDMA_READ_CONSUME_CHECK_CONSUMER) timestamp=3875 ms, used_size=7008256 bytes (17.1%)
(RDMA_READ_CONSUME_CHECK_CONSUMER) timestamp=3875 ms, used_size=7006208 bytes (17.1%)
(RDMA_READ_CONSUME_CHECK_CONSUMER) timestamp=3875 ms, used_size=7004160 bytes (17.1%)
(RDMA_READ_CONSUME_CHECK_CONSUMER) timestamp=3875 ms, used_size=7002112 bytes (17.1%)
(RDMA_READ_CONSUME_CHECK_CONSUMER) timestamp=3875 ms, used_size=7000064 bytes (17.1%)
(RDMA_READ_CONSUME_CHECK_CONSUMER) timestamp=3875 ms, used_size=6998016 bytes (17.1%)
(RDMA_READ_CONSUME_CHECK_CONSUMER) timestamp=3875 ms, used_size=6995968 bytes (17.1%)
(RDMA_READ_CONSUME_CHECK_CONSUMER) timestamp=3875 ms, used_size=6993920 bytes (17.1%)
(RDMA_READ_CONSUME_CHECK_CONSUMER) timestamp=3875 ms, used_size=6991872 bytes (17.1%)
(RDMA_READ_CONSUME_CHECK_CONSUMER) timestamp=3875 ms, used_size=6989824 bytes (17.1%)
(RDMA_READ_CONSUME_CHECK_CONSUMER) timestamp=3875 ms, used_size=6987776 bytes (17.1%)
(RDMA_READ_CONSUME_CHECK_CONSUMER) timestamp=3875 ms, used_size=6985728 bytes (17.1%)
(RDMA_READ_CONSUME_CHECK_CONSUMER) timestamp=3875 ms, used_size=6983680 bytes (17.1%)
(RDMA_READ_CONSUME_CHECK_CONSUMER) timestamp=3875 ms, used_size=6981632 bytes (17.0%)
(RDMA_READ_CONSUME_CHECK_CONSUMER) timestamp=3875 ms, used_size=6979584 bytes (17.0%)
(RDMA_READ_CONSUME_CHECK_CONSUMER) timestamp=3875 ms, used_size=6977536 bytes (17.0%)
(RDMA_READ_CONSUME_CHECK_CONSUMER) timestamp=3875 ms, used_size=6975488 bytes (17.0%)
(RDMA_READ_CONSUME_CHECK_CONSUMER) timestamp=3875 ms, used_size=6973440 bytes (17.0%)
(RDMA_READ_CONSUME_CHECK_CONSUMER) timestamp=3875 ms, used_size=6971392 bytes (17.0%)
(RDMA_READ_CONSUME_CHECK_CONSUMER) timestamp=3875 ms, used_size=6969344 bytes (17.0%)
(RDMA_READ_CONSUME_CHECK_CONSUMER) timestamp=3875 ms, used_size=6967296 bytes (17.0%)
(RDMA_READ_CONSUME_CHECK_CONSUMER) timestamp=3875 ms, used_size=6965248 bytes (17.0%)
(RDMA_READ_CONSUME_CHECK_CONSUMER) timestamp=3876 ms, used_size=6963200 bytes (17.0%)
(RDMA_READ_CONSUME_CHECK_CONSUMER) timestamp=3876 ms, used_size=6961152 bytes (17.0%)
(RDMA_READ_CONSUME_CHECK_CONSUMER) timestamp=3876 ms, used_size=6959104 bytes (17.0%)
(RDMA_READ_CONSUME_CHECK_CONSUMER) timestamp=3876 ms, used_size=6957056 bytes (17.0%)
(RDMA_READ_CONSUME_CHECK_CONSUMER) timestamp=3876 ms, used_size=6955008 bytes (17.0%)
(RDMA_READ_CONSUME_CHECK_CONSUMER) timestamp=3876 ms, used_size=6952960 bytes (17.0%)
(RDMA_READ_CONSUME_CHECK_CONSUMER) timestamp=3876 ms, used_size=6950912 bytes (17.0%)
(RDMA_READ_CONSUME_CHECK_CONSUMER) timestamp=3876 ms, used_size=6948864 bytes (17.0%)
(RDMA_READ_CONSUME_CHECK_CONSUMER) timestamp=3876 ms, used_size=6946816 bytes (17.0%)
(RDMA_READ_CONSUME_CHECK_CONSUMER) timestamp=3876 ms, used_size=6944768 bytes (17.0%)
(RDMA_READ_CONSUME_CHECK_CONSUMER) timestamp=3876 ms, used_size=6942720 bytes (16.9%)
(RDMA_READ_CONSUME_CHECK_CONSUMER) timestamp=3876 ms, used_size=6940672 bytes (16.9%)
(RDMA_READ_CONSUME_CHECK_CONSUMER) timestamp=3876 ms, used_size=6938624 bytes (16.9%)
(RDMA_READ_CONSUME_CHECK_CONSUMER) timestamp=3876 ms, used_size=6936576 bytes (16.9%)
(RDMA_READ_CONSUME_CHECK_CONSUMER) timestamp=3876 ms, used_size=6934528 bytes (16.9%)
(RDMA_READ_CONSUME_CHECK_CONSUMER) timestamp=3876 ms, used_size=6932480 bytes (16.9%)
(RDMA_READ_CONSUME_CHECK_CONSUMER) timestamp=3876 ms, used_size=6930432 bytes (16.9%)
(RDMA_READ_CONSUME_CHECK_CONSUMER) timestamp=3876 ms, used_size=6928384 bytes (16.9%)
(RDMA_READ_CONSUME_CHECK_CONSUMER) timestamp=3876 ms, used_size=6926336 bytes (16.9%)
(RDMA_READ_CONSUME_CHECK_CONSUMER) timestamp=3876 ms, used_size=6924288 bytes (16.9%)
(RDMA_READ_CONSUME_CHECK_CONSUMER) timestamp=3876 ms, used_size=6922240 bytes (16.9%)
(RDMA_READ_CONSUME_CHECK_CONSUMER) timestamp=3876 ms, used_size=6920192 bytes (16.9%)
(RDMA_READ_CONSUME_CHECK_CONSUMER) timestamp=3876 ms, used_size=6918144 bytes (16.9%)
(RDMA_READ_CONSUME_CHECK_CONSUMER) timestamp=3876 ms, used_size=6916096 bytes (16.9%)
(RDMA_READ_CONSUME_CHECK_CONSUMER) timestamp=3876 ms, used_size=6914048 bytes (16.9%)
(RDMA_READ_CONSUME_CHECK_CONSUMER) timestamp=3876 ms, used_size=6912000 bytes (16.9%)
(RDMA_READ_CONSUME_CHECK_CONSUMER) timestamp=3876 ms, used_size=6909952 bytes (16.9%)
(RDMA_READ_CONSUME_CHECK_CONSUMER) timestamp=3876 ms, used_size=6907904 bytes (16.9%)
(RDMA_READ_CONSUME_CHECK_CONSUMER) timestamp=3876 ms, used_size=6905856 bytes (16.9%)
(RDMA_READ_CONSUME_CHECK_CONSUMER) timestamp=3876 ms, used_size=6903808 bytes (16.9%)
(RDMA_READ_CONSUME_CHECK_CONSUMER) timestamp=3876 ms, used_size=6901760 bytes (16.9%)
(RDMA_READ_CONSUME_CHECK_CONSUMER) timestamp=3876 ms, used_size=6899712 bytes (16.8%)
(RDMA_READ_CONSUME_CHECK_CONSUMER) timestamp=3876 ms, used_size=6897664 bytes (16.8%)
(RDMA_READ_CONSUME_CHECK_CONSUMER) timestamp=3876 ms, used_size=6895616 bytes (16.8%)
(RDMA_READ_CONSUME_CHECK_CONSUMER) timestamp=3876 ms, used_size=6893568 bytes (16.8%)
(RDMA_READ_CONSUME_CHECK_CONSUMER) timestamp=3876 ms, used_size=6891520 bytes (16.8%)
(RDMA_READ_CONSUME_CHECK_CONSUMER) timestamp=3876 ms, used_size=6889472 bytes (16.8%)
(RDMA_READ_CONSUME_CHECK_CONSUMER) timestamp=3876 ms, used_size=6887424 bytes (16.8%)
(RDMA_READ_CONSUME_CHECK_CONSUMER) timestamp=3876 ms, used_size=6885376 bytes (16.8%)
(RDMA_READ_CONSUME_CHECK_CONSUMER) timestamp=3876 ms, used_size=6883328 bytes (16.8%)
(RDMA_READ_CONSUME_CHECK_CONSUMER) timestamp=3876 ms, used_size=6881280 bytes (16.8%)
(RDMA_READ_CONSUME_CHECK_CONSUMER) timestamp=3876 ms, used_size=6879232 bytes (16.8%)
(RDMA_READ_CONSUME_CHECK_CONSUMER) timestamp=3876 ms, used_size=6877184 bytes (16.8%)
(RDMA_READ_CONSUME_CHECK_CONSUMER) timestamp=3876 ms, used_size=6875136 bytes (16.8%)
(RDMA_READ_CONSUME_CHECK_CONSUMER) timestamp=3876 ms, used_size=6873088 bytes (16.8%)
(RDMA_READ_CONSUME_CHECK_CONSUMER) timestamp=3876 ms, used_size=6871040 bytes (16.8%)
(RDMA_READ_CONSUME_CHECK_CONSUMER) timestamp=3876 ms, used_size=6868992 bytes (16.8%)
(RDMA_READ_CONSUME_CHECK_CONSUMER) timestamp=3876 ms, used_size=6866944 bytes (16.8%)
(RDMA_READ_CONSUME_CHECK_CONSUMER) timestamp=3876 ms, used_size=6864896 bytes (16.8%)
(RDMA_READ_CONSUME_CHECK_CONSUMER) timestamp=3876 ms, used_size=6862848 bytes (16.8%)
(RDMA_READ_CONSUME_CHECK_CONSUMER) timestamp=3876 ms, used_size=6860800 bytes (16.8%)
(RDMA_READ_CONSUME_CHECK_CONSUMER) timestamp=3876 ms, used_size=6858752 bytes (16.7%)
(RDMA_READ_CONSUME_CHECK_CONSUMER) timestamp=3876 ms, used_size=6856704 bytes (16.7%)
(RDMA_READ_CONSUME_CHECK_CONSUMER) timestamp=3876 ms, used_size=6854656 bytes (16.7%)
(RDMA_READ_CONSUME_CHECK_CONSUMER) timestamp=3876 ms, used_size=6852608 bytes (16.7%)
(RDMA_READ_CONSUME_CHECK_CONSUMER) timestamp=3876 ms, used_size=6850560 bytes (16.7%)
(RDMA_READ_CONSUME_CHECK_CONSUMER) timestamp=3876 ms, used_size=6848512 bytes (16.7%)
(RDMA_READ_CONSUME_CHECK_CONSUMER) timestamp=3876 ms, used_size=6846464 bytes (16.7%)
(RDMA_READ_CONSUME_CHECK_CONSUMER) timestamp=3876 ms, used_size=6844416 bytes (16.7%)
(RDMA_READ_CONSUME_CHECK_CONSUMER) timestamp=3876 ms, used_size=6842368 bytes (16.7%)
(RDMA_READ_CONSUME_CHECK_CONSUMER) timestamp=3876 ms, used_size=6840320 bytes (16.7%)
(RDMA_READ_CONSUME_CHECK_CONSUMER) timestamp=3876 ms, used_size=6838272 bytes (16.7%)
(RDMA_READ_CONSUME_CHECK_CONSUMER) timestamp=3876 ms, used_size=6836224 bytes (16.7%)
(RDMA_READ_CONSUME_CHECK_CONSUMER) timestamp=3876 ms, used_size=6834176 bytes (16.7%)
(RDMA_READ_CONSUME_CHECK_CONSUMER) timestamp=3876 ms, used_size=6832128 bytes (16.7%)
(RDMA_READ_CONSUME_CHECK_CONSUMER) timestamp=3876 ms, used_size=6830080 bytes (16.7%)
(RDMA_READ_CONSUME_CHECK_CONSUMER) timestamp=3876 ms, used_size=6828032 bytes (16.7%)
(RDMA_READ_CONSUME_CHECK_CONSUMER) timestamp=3876 ms, used_size=6825984 bytes (16.7%)
(RDMA_READ_CONSUME_CHECK_CONSUMER) timestamp=3876 ms, used_size=6823936 bytes (16.7%)
(RDMA_READ_CONSUME_CHECK_CONSUMER) timestamp=3876 ms, used_size=6821888 bytes (16.7%)
(RDMA_READ_CONSUME_CHECK_CONSUMER) timestamp=3876 ms, used_size=6819840 bytes (16.6%)
(RDMA_READ_CONSUME_CHECK_CONSUMER) timestamp=3876 ms, used_size=6817792 bytes (16.6%)
(RDMA_READ_CONSUME_CHECK_CONSUMER) timestamp=3876 ms, used_size=6815744 bytes (16.6%)
(RDMA_READ_CONSUME_CHECK_CONSUMER) timestamp=3876 ms, used_size=6813696 bytes (16.6%)
(RDMA_READ_CONSUME_CHECK_CONSUMER) timestamp=3876 ms, used_size=6811648 bytes (16.6%)
(RDMA_READ_CONSUME_CHECK_CONSUMER) timestamp=3876 ms, used_size=6809600 bytes (16.6%)
(RDMA_READ_CONSUME_CHECK_CONSUMER) timestamp=3876 ms, used_size=6807552 bytes (16.6%)
(RDMA_READ_CONSUME_CHECK_CONSUMER) timestamp=3876 ms, used_size=6805504 bytes (16.6%)
(RDMA_READ_CONSUME_CHECK_CONSUMER) timestamp=3876 ms, used_size=6803456 bytes (16.6%)
(RDMA_READ_CONSUME_CHECK_CONSUMER) timestamp=3876 ms, used_size=6801408 bytes (16.6%)
(RDMA_READ_CONSUME_CHECK_CONSUMER) timestamp=3876 ms, used_size=6799360 bytes (16.6%)
(RDMA_READ_CONSUME_CHECK_CONSUMER) timestamp=3876 ms, used_size=6797312 bytes (16.6%)
(RDMA_READ_CONSUME_CHECK_CONSUMER) timestamp=3876 ms, used_size=6795264 bytes (16.6%)
(RDMA_READ_CONSUME_CHECK_CONSUMER) timestamp=3876 ms, used_size=6793216 bytes (16.6%)
(RDMA_READ_CONSUME_CHECK_CONSUMER) timestamp=3876 ms, used_size=6791168 bytes (16.6%)
(RDMA_READ_CONSUME_CHECK_CONSUMER) timestamp=3876 ms, used_size=6789120 bytes (16.6%)
(RDMA_READ_CONSUME_CHECK_CONSUMER) timestamp=3876 ms, used_size=6787072 bytes (16.6%)
(RDMA_READ_CONSUME_CHECK_CONSUMER) timestamp=3876 ms, used_size=6785024 bytes (16.6%)
(RDMA_READ_CONSUME_CHECK_CONSUMER) timestamp=3876 ms, used_size=6782976 bytes (16.6%)
(RDMA_READ_CONSUME_CHECK_CONSUMER) timestamp=3876 ms, used_size=6780928 bytes (16.6%)
(RDMA_READ_CONSUME_CHECK_CONSUMER) timestamp=3876 ms, used_size=6778880 bytes (16.6%)
(RDMA_READ_CONSUME_CHECK_CONSUMER) timestamp=3876 ms, used_size=6776832 bytes (16.5%)
(RDMA_READ_CONSUME_CHECK_CONSUMER) timestamp=3876 ms, used_size=6774784 bytes (16.5%)
(RDMA_READ_CONSUME_CHECK_CONSUMER) timestamp=3876 ms, used_size=6772736 bytes (16.5%)
(RDMA_READ_CONSUME_CHECK_CONSUMER) timestamp=3876 ms, used_size=6770688 bytes (16.5%)
(RDMA_READ_CONSUME_CHECK_CONSUMER) timestamp=3876 ms, used_size=6768640 bytes (16.5%)
(RDMA_READ_CONSUME_CHECK_CONSUMER) timestamp=3876 ms, used_size=6766592 bytes (16.5%)
(RDMA_READ_CONSUME_CHECK_CONSUMER) timestamp=3876 ms, used_size=6764544 bytes (16.5%)
(RDMA_READ_CONSUME_CHECK_CONSUMER) timestamp=3876 ms, used_size=6762496 bytes (16.5%)
(RDMA_READ_CONSUME_CHECK_CONSUMER) timestamp=3876 ms, used_size=6760448 bytes (16.5%)
(RDMA_READ_CONSUME_CHECK_CONSUMER) timestamp=3876 ms, used_size=6758400 bytes (16.5%)
(RDMA_READ_CONSUME_CHECK_CONSUMER) timestamp=3876 ms, used_size=6756352 bytes (16.5%)
(RDMA_READ_CONSUME_CHECK_CONSUMER) timestamp=3876 ms, used_size=6754304 bytes (16.5%)
(RDMA_READ_CONSUME_CHECK_CONSUMER) timestamp=3876 ms, used_size=6752256 bytes (16.5%)
(RDMA_READ_CONSUME_CHECK_CONSUMER) timestamp=3876 ms, used_size=6750208 bytes (16.5%)
(RDMA_READ_CONSUME_CHECK_CONSUMER) timestamp=3876 ms, used_size=6748160 bytes (16.5%)
(RDMA_READ_CONSUME_CHECK_CONSUMER) timestamp=3876 ms, used_size=6746112 bytes (16.5%)
(RDMA_READ_CONSUME_CHECK_CONSUMER) timestamp=3876 ms, used_size=6744064 bytes (16.5%)
(RDMA_READ_CONSUME_CHECK_CONSUMER) timestamp=3876 ms, used_size=6742016 bytes (16.5%)
(RDMA_READ_CONSUME_CHECK_CONSUMER) timestamp=3876 ms, used_size=6739968 bytes (16.5%)
(RDMA_READ_CONSUME_CHECK_CONSUMER) timestamp=3876 ms, used_size=6737920 bytes (16.4%)
(RDMA_READ_CONSUME_CHECK_CONSUMER) timestamp=3876 ms, used_size=6735872 bytes (16.4%)
(RDMA_READ_CONSUME_CHECK_CONSUMER) timestamp=3876 ms, used_size=6733824 bytes (16.4%)
(RDMA_READ_CONSUME_CHECK_CONSUMER) timestamp=3876 ms, used_size=6731776 bytes (16.4%)
(RDMA_READ_CONSUME_CHECK_CONSUMER) timestamp=3876 ms, used_size=6729728 bytes (16.4%)
(RDMA_READ_CONSUME_CHECK_CONSUMER) timestamp=3876 ms, used_size=6727680 bytes (16.4%)
(RDMA_READ_CONSUME_CHECK_CONSUMER) timestamp=3876 ms, used_size=6725632 bytes (16.4%)
(RDMA_READ_CONSUME_CHECK_CONSUMER) timestamp=3876 ms, used_size=6723584 bytes (16.4%)
(RDMA_READ_CONSUME_CHECK_CONSUMER) timestamp=3876 ms, used_size=6721536 bytes (16.4%)
(RDMA_READ_CONSUME_CHECK_CONSUMER) timestamp=3876 ms, used_size=6719488 bytes (16.4%)
(RDMA_READ_CONSUME_CHECK_CONSUMER) timestamp=3876 ms, used_size=6717440 bytes (16.4%)
(RDMA_READ_CONSUME_CHECK_CONSUMER) timestamp=3876 ms, used_size=6715392 bytes (16.4%)
(RDMA_READ_CONSUME_CHECK_CONSUMER) timestamp=3876 ms, used_size=6713344 bytes (16.4%)
(RDMA_READ_CONSUME_CHECK_CONSUMER) timestamp=3876 ms, used_size=6711296 bytes (16.4%)
(RDMA_READ_CONSUME_CHECK_CONSUMER) timestamp=3876 ms, used_size=6709248 bytes (16.4%)
(RDMA_READ_CONSUME_CHECK_CONSUMER) timestamp=3876 ms, used_size=6707200 bytes (16.4%)
(RDMA_READ_CONSUME_CHECK_CONSUMER) timestamp=3876 ms, used_size=6705152 bytes (16.4%)
(RDMA_READ_CONSUME_CHECK_CONSUMER) timestamp=3876 ms, used_size=6703104 bytes (16.4%)
(RDMA_READ_CONSUME_CHECK_CONSUMER) timestamp=3876 ms, used_size=6701056 bytes (16.4%)
(RDMA_READ_CONSUME_CHECK_CONSUMER) timestamp=3876 ms, used_size=6699008 bytes (16.4%)
(RDMA_READ_CONSUME_CHECK_CONSUMER) timestamp=3876 ms, used_size=6696960 bytes (16.4%)
(RDMA_READ_CONSUME_CHECK_CONSUMER) timestamp=3876 ms, used_size=6694912 bytes (16.3%)
(RDMA_READ_CONSUME_CHECK_CONSUMER) timestamp=3876 ms, used_size=6692864 bytes (16.3%)
(RDMA_READ_CONSUME_CHECK_CONSUMER) timestamp=3876 ms, used_size=6690816 bytes (16.3%)
(RDMA_READ_CONSUME_CHECK_CONSUMER) timestamp=3876 ms, used_size=6688768 bytes (16.3%)
(RDMA_READ_CONSUME_CHECK_CONSUMER) timestamp=3876 ms, used_size=6686720 bytes (16.3%)
(RDMA_READ_CONSUME_CHECK_CONSUMER) timestamp=3876 ms, used_size=6684672 bytes (16.3%)
(RDMA_READ_CONSUME_CHECK_CONSUMER) timestamp=3876 ms, used_size=6682624 bytes (16.3%)
(RDMA_READ_CONSUME_CHECK_CONSUMER) timestamp=3876 ms, used_size=6680576 bytes (16.3%)
(RDMA_READ_CONSUME_CHECK_CONSUMER) timestamp=3876 ms, used_size=6678528 bytes (16.3%)
(RDMA_READ_CONSUME_CHECK_CONSUMER) timestamp=3876 ms, used_size=6676480 bytes (16.3%)
(RDMA_READ_CONSUME_CHECK_CONSUMER) timestamp=3876 ms, used_size=6674432 bytes (16.3%)
(RDMA_READ_CONSUME_CHECK_CONSUMER) timestamp=3876 ms, used_size=6672384 bytes (16.3%)
(RDMA_READ_CONSUME_CHECK_CONSUMER) timestamp=3876 ms, used_size=6670336 bytes (16.3%)
(RDMA_READ_CONSUME_CHECK_CONSUMER) timestamp=3876 ms, used_size=6668288 bytes (16.3%)
(RDMA_READ_CONSUME_CHECK_CONSUMER) timestamp=3876 ms, used_size=6666240 bytes (16.3%)
(RDMA_READ_CONSUME_CHECK_CONSUMER) timestamp=3876 ms, used_size=6664192 bytes (16.3%)
(RDMA_READ_CONSUME_CHECK_CONSUMER) timestamp=3876 ms, used_size=6662144 bytes (16.3%)
(RDMA_READ_CONSUME_CHECK_CONSUMER) timestamp=3876 ms, used_size=6660096 bytes (16.3%)
(RDMA_READ_CONSUME_CHECK_CONSUMER) timestamp=3876 ms, used_size=6658048 bytes (16.3%)
(RDMA_READ_CONSUME_CHECK_CONSUMER) timestamp=3876 ms, used_size=6656000 bytes (16.2%)
(RDMA_READ_CONSUME_CHECK_CONSUMER) timestamp=3876 ms, used_size=6653952 bytes (16.2%)
(RDMA_READ_CONSUME_CHECK_CONSUMER) timestamp=3876 ms, used_size=6651904 bytes (16.2%)
(RDMA_READ_CONSUME_CHECK_CONSUMER) timestamp=3876 ms, used_size=6649856 bytes (16.2%)
(RDMA_READ_CONSUME_CHECK_CONSUMER) timestamp=3876 ms, used_size=6647808 bytes (16.2%)
(RDMA_READ_CONSUME_CHECK_CONSUMER) timestamp=3876 ms, used_size=6645760 bytes (16.2%)
(RDMA_READ_CONSUME_CHECK_CONSUMER) timestamp=3876 ms, used_size=6643712 bytes (16.2%)
(RDMA_READ_CONSUME_CHECK_CONSUMER) timestamp=3876 ms, used_size=6641664 bytes (16.2%)
(RDMA_READ_CONSUME_CHECK_CONSUMER) timestamp=3876 ms, used_size=6639616 bytes (16.2%)
(RDMA_READ_CONSUME_CHECK_CONSUMER) timestamp=3876 ms, used_size=6637568 bytes (16.2%)
(RDMA_READ_CONSUME_CHECK_CONSUMER) timestamp=3876 ms, used_size=6635520 bytes (16.2%)
(RDMA_READ_CONSUME_CHECK_CONSUMER) timestamp=3876 ms, used_size=6633472 bytes (16.2%)
(RDMA_READ_CONSUME_CHECK_CONSUMER) timestamp=3876 ms, used_size=6631424 bytes (16.2%)
(RDMA_READ_CONSUME_CHECK_CONSUMER) timestamp=3876 ms, used_size=6629376 bytes (16.2%)
(RDMA_READ_CONSUME_CHECK_CONSUMER) timestamp=3876 ms, used_size=6627328 bytes (16.2%)
(RDMA_READ_CONSUME_CHECK_CONSUMER) timestamp=3876 ms, used_size=6625280 bytes (16.2%)
(RDMA_READ_CONSUME_CHECK_CONSUMER) timestamp=3876 ms, used_size=6623232 bytes (16.2%)
(RDMA_READ_CONSUME_CHECK_CONSUMER) timestamp=3876 ms, used_size=6621184 bytes (16.2%)
(RDMA_READ_CONSUME_CHECK_CONSUMER) timestamp=3876 ms, used_size=6619136 bytes (16.2%)
(RDMA_READ_CONSUME_CHECK_CONSUMER) timestamp=3876 ms, used_size=6617088 bytes (16.2%)
(RDMA_READ_CONSUME_CHECK_CONSUMER) timestamp=3876 ms, used_size=6615040 bytes (16.1%)
(RDMA_READ_CONSUME_CHECK_CONSUMER) timestamp=3876 ms, used_size=6612992 bytes (16.1%)
(RDMA_READ_CONSUME_CHECK_CONSUMER) timestamp=3876 ms, used_size=6610944 bytes (16.1%)
(RDMA_READ_CONSUME_CHECK_CONSUMER) timestamp=3876 ms, used_size=6608896 bytes (16.1%)
(RDMA_READ_CONSUME_CHECK_CONSUMER) timestamp=3876 ms, used_size=6606848 bytes (16.1%)
(RDMA_READ_CONSUME_CHECK_CONSUMER) timestamp=3877 ms, used_size=6604800 bytes (16.1%)
(RDMA_READ_CONSUME_CHECK_CONSUMER) timestamp=3877 ms, used_size=6602752 bytes (16.1%)
(RDMA_READ_CONSUME_CHECK_CONSUMER) timestamp=3877 ms, used_size=6600704 bytes (16.1%)
(RDMA_READ_CONSUME_CHECK_CONSUMER) timestamp=3877 ms, used_size=6598656 bytes (16.1%)
(RDMA_READ_CONSUME_CHECK_CONSUMER) timestamp=3877 ms, used_size=6596608 bytes (16.1%)
(RDMA_READ_CONSUME_CHECK_CONSUMER) timestamp=3877 ms, used_size=6594560 bytes (16.1%)
(RDMA_READ_CONSUME_CHECK_CONSUMER) timestamp=3877 ms, used_size=6592512 bytes (16.1%)
(RDMA_READ_CONSUME_CHECK_CONSUMER) timestamp=3877 ms, used_size=6590464 bytes (16.1%)
(RDMA_READ_CONSUME_CHECK_CONSUMER) timestamp=3877 ms, used_size=6588416 bytes (16.1%)
(RDMA_READ_CONSUME_CHECK_CONSUMER) timestamp=3877 ms, used_size=6586368 bytes (16.1%)
(RDMA_READ_CONSUME_CHECK_CONSUMER) timestamp=3877 ms, used_size=6584320 bytes (16.1%)
(RDMA_READ_CONSUME_CHECK_CONSUMER) timestamp=3877 ms, used_size=6582272 bytes (16.1%)
(RDMA_READ_CONSUME_CHECK_CONSUMER) timestamp=3877 ms, used_size=6580224 bytes (16.1%)
(RDMA_READ_CONSUME_CHECK_CONSUMER) timestamp=3877 ms, used_size=6578176 bytes (16.1%)
(RDMA_READ_CONSUME_CHECK_CONSUMER) timestamp=3877 ms, used_size=6576128 bytes (16.1%)
(RDMA_READ_CONSUME_CHECK_CONSUMER) timestamp=3877 ms, used_size=6574080 bytes (16.1%)
(RDMA_READ_CONSUME_CHECK_CONSUMER) timestamp=3877 ms, used_size=6572032 bytes (16.0%)
(RDMA_READ_CONSUME_CHECK_CONSUMER) timestamp=3877 ms, used_size=6569984 bytes (16.0%)
(RDMA_READ_CONSUME_CHECK_CONSUMER) timestamp=3877 ms, used_size=6567936 bytes (16.0%)
(RDMA_READ_CONSUME_CHECK_CONSUMER) timestamp=3877 ms, used_size=6565888 bytes (16.0%)
(RDMA_READ_CONSUME_CHECK_CONSUMER) timestamp=3877 ms, used_size=6563840 bytes (16.0%)
(RDMA_READ_CONSUME_CHECK_CONSUMER) timestamp=3877 ms, used_size=6561792 bytes (16.0%)
(RDMA_READ_CONSUME_CHECK_CONSUMER) timestamp=3877 ms, used_size=6559744 bytes (16.0%)
(RDMA_READ_CONSUME_CHECK_CONSUMER) timestamp=3877 ms, used_size=6557696 bytes (16.0%)
(RDMA_READ_CONSUME_CHECK_CONSUMER) timestamp=3877 ms, used_size=6555648 bytes (16.0%)
(RDMA_READ_CONSUME_CHECK_CONSUMER) timestamp=3877 ms, used_size=6553600 bytes (16.0%)
(RDMA_READ_CONSUME_CHECK_CONSUMER) timestamp=3877 ms, used_size=6551552 bytes (16.0%)
(RDMA_READ_CONSUME_CHECK_CONSUMER) timestamp=3877 ms, used_size=6549504 bytes (16.0%)
(RDMA_READ_CONSUME_CHECK_CONSUMER) timestamp=3877 ms, used_size=6547456 bytes (16.0%)
(RDMA_READ_CONSUME_CHECK_CONSUMER) timestamp=3877 ms, used_size=6545408 bytes (16.0%)
(RDMA_READ_CONSUME_CHECK_CONSUMER) timestamp=3877 ms, used_size=6543360 bytes (16.0%)
(RDMA_READ_CONSUME_CHECK_CONSUMER) timestamp=3877 ms, used_size=6541312 bytes (16.0%)
(RDMA_READ_CONSUME_CHECK_CONSUMER) timestamp=3877 ms, used_size=6539264 bytes (16.0%)
(RDMA_READ_CONSUME_CHECK_CONSUMER) timestamp=3877 ms, used_size=6537216 bytes (16.0%)
(RDMA_READ_CONSUME_CHECK_CONSUMER) timestamp=3877 ms, used_size=6535168 bytes (16.0%)
(RDMA_READ_CONSUME_CHECK_CONSUMER) timestamp=3877 ms, used_size=6533120 bytes (15.9%)
(RDMA_READ_CONSUME_CHECK_CONSUMER) timestamp=3877 ms, used_size=6531072 bytes (15.9%)
(RDMA_READ_CONSUME_CHECK_CONSUMER) timestamp=3877 ms, used_size=6529024 bytes (15.9%)
(RDMA_READ_CONSUME_CHECK_CONSUMER) timestamp=3877 ms, used_size=6526976 bytes (15.9%)
(RDMA_READ_CONSUME_CHECK_CONSUMER) timestamp=3877 ms, used_size=6524928 bytes (15.9%)
(RDMA_READ_CONSUME_CHECK_CONSUMER) timestamp=3877 ms, used_size=6522880 bytes (15.9%)
(RDMA_READ_CONSUME_CHECK_CONSUMER) timestamp=3877 ms, used_size=6520832 bytes (15.9%)
(RDMA_READ_CONSUME_CHECK_CONSUMER) timestamp=3877 ms, used_size=6518784 bytes (15.9%)
(RDMA_READ_CONSUME_CHECK_CONSUMER) timestamp=3877 ms, used_size=6516736 bytes (15.9%)
(RDMA_READ_CONSUME_CHECK_CONSUMER) timestamp=3877 ms, used_size=6514688 bytes (15.9%)
(RDMA_READ_CONSUME_CHECK_CONSUMER) timestamp=3877 ms, used_size=6512640 bytes (15.9%)
(RDMA_READ_CONSUME_CHECK_CONSUMER) timestamp=3877 ms, used_size=6510592 bytes (15.9%)
(RDMA_READ_CONSUME_CHECK_CONSUMER) timestamp=3877 ms, used_size=6508544 bytes (15.9%)
(RDMA_READ_CONSUME_CHECK_CONSUMER) timestamp=3877 ms, used_size=6506496 bytes (15.9%)
(RDMA_READ_CONSUME_CHECK_CONSUMER) timestamp=3877 ms, used_size=6504448 bytes (15.9%)
(RDMA_READ_CONSUME_CHECK_CONSUMER) timestamp=3877 ms, used_size=6502400 bytes (15.9%)
(RDMA_READ_CONSUME_CHECK_CONSUMER) timestamp=3877 ms, used_size=6500352 bytes (15.9%)
(RDMA_READ_CONSUME_CHECK_CONSUMER) timestamp=3877 ms, used_size=6498304 bytes (15.9%)
(RDMA_READ_CONSUME_CHECK_CONSUMER) timestamp=3877 ms, used_size=6496256 bytes (15.9%)
(RDMA_READ_CONSUME_CHECK_CONSUMER) timestamp=3877 ms, used_size=6494208 bytes (15.9%)
(RDMA_READ_CONSUME_CHECK_CONSUMER) timestamp=3877 ms, used_size=6492160 bytes (15.8%)
(RDMA_READ_CONSUME_CHECK_CONSUMER) timestamp=3877 ms, used_size=6490112 bytes (15.8%)
(RDMA_READ_CONSUME_CHECK_CONSUMER) timestamp=3877 ms, used_size=6488064 bytes (15.8%)
(RDMA_READ_CONSUME_CHECK_CONSUMER) timestamp=3877 ms, used_size=6486016 bytes (15.8%)
(RDMA_READ_CONSUME_CHECK_CONSUMER) timestamp=3877 ms, used_size=6483968 bytes (15.8%)
(RDMA_READ_CONSUME_CHECK_CONSUMER) timestamp=3877 ms, used_size=6481920 bytes (15.8%)
(RDMA_READ_CONSUME_CHECK_CONSUMER) timestamp=3877 ms, used_size=6479872 bytes (15.8%)
(RDMA_READ_CONSUME_CHECK_CONSUMER) timestamp=3877 ms, used_size=6477824 bytes (15.8%)
(RDMA_READ_CONSUME_CHECK_CONSUMER) timestamp=3877 ms, used_size=6475776 bytes (15.8%)
(RDMA_READ_CONSUME_CHECK_CONSUMER) timestamp=3877 ms, used_size=6473728 bytes (15.8%)
(RDMA_READ_CONSUME_CHECK_CONSUMER) timestamp=3877 ms, used_size=6471680 bytes (15.8%)
(RDMA_READ_CONSUME_CHECK_CONSUMER) timestamp=3877 ms, used_size=6469632 bytes (15.8%)
(RDMA_READ_CONSUME_CHECK_CONSUMER) timestamp=3877 ms, used_size=6467584 bytes (15.8%)
(RDMA_READ_CONSUME_CHECK_CONSUMER) timestamp=3877 ms, used_size=6465536 bytes (15.8%)
(RDMA_READ_CONSUME_CHECK_CONSUMER) timestamp=3877 ms, used_size=6463488 bytes (15.8%)
(RDMA_READ_CONSUME_CHECK_CONSUMER) timestamp=3877 ms, used_size=6461440 bytes (15.8%)
(RDMA_READ_CONSUME_CHECK_CONSUMER) timestamp=3877 ms, used_size=6459392 bytes (15.8%)
(RDMA_READ_CONSUME_CHECK_CONSUMER) timestamp=3877 ms, used_size=6457344 bytes (15.8%)
(RDMA_READ_CONSUME_CHECK_CONSUMER) timestamp=3877 ms, used_size=6455296 bytes (15.8%)
(RDMA_READ_CONSUME_CHECK_CONSUMER) timestamp=3877 ms, used_size=6453248 bytes (15.8%)
(RDMA_READ_CONSUME_CHECK_CONSUMER) timestamp=3877 ms, used_size=6451200 bytes (15.8%)
(RDMA_READ_CONSUME_CHECK_CONSUMER) timestamp=3877 ms, used_size=6449152 bytes (15.7%)
(RDMA_READ_CONSUME_CHECK_CONSUMER) timestamp=3877 ms, used_size=6447104 bytes (15.7%)
(RDMA_READ_CONSUME_CHECK_CONSUMER) timestamp=3877 ms, used_size=6445056 bytes (15.7%)
(RDMA_READ_CONSUME_CHECK_CONSUMER) timestamp=3877 ms, used_size=6443008 bytes (15.7%)
(RDMA_READ_CONSUME_CHECK_CONSUMER) timestamp=3877 ms, used_size=6440960 bytes (15.7%)
(RDMA_READ_CONSUME_CHECK_CONSUMER) timestamp=3877 ms, used_size=6438912 bytes (15.7%)
(RDMA_READ_CONSUME_CHECK_CONSUMER) timestamp=3877 ms, used_size=6436864 bytes (15.7%)
(RDMA_READ_CONSUME_CHECK_CONSUMER) timestamp=3877 ms, used_size=6434816 bytes (15.7%)
(RDMA_READ_CONSUME_CHECK_CONSUMER) timestamp=3877 ms, used_size=6432768 bytes (15.7%)
(RDMA_READ_CONSUME_CHECK_CONSUMER) timestamp=3877 ms, used_size=6430720 bytes (15.7%)
(RDMA_READ_CONSUME_CHECK_CONSUMER) timestamp=3877 ms, used_size=6428672 bytes (15.7%)
(RDMA_READ_CONSUME_CHECK_CONSUMER) timestamp=3877 ms, used_size=6426624 bytes (15.7%)
(RDMA_READ_CONSUME_CHECK_CONSUMER) timestamp=3877 ms, used_size=6424576 bytes (15.7%)
(RDMA_READ_CONSUME_CHECK_CONSUMER) timestamp=3877 ms, used_size=6422528 bytes (15.7%)
(RDMA_READ_CONSUME_CHECK_CONSUMER) timestamp=3877 ms, used_size=6420480 bytes (15.7%)
(RDMA_READ_CONSUME_CHECK_CONSUMER) timestamp=3877 ms, used_size=6418432 bytes (15.7%)
(RDMA_READ_CONSUME_CHECK_CONSUMER) timestamp=3877 ms, used_size=6416384 bytes (15.7%)
(RDMA_READ_CONSUME_CHECK_CONSUMER) timestamp=3877 ms, used_size=6414336 bytes (15.7%)
(RDMA_READ_CONSUME_CHECK_CONSUMER) timestamp=3877 ms, used_size=6412288 bytes (15.7%)
(RDMA_READ_CONSUME_CHECK_CONSUMER) timestamp=3877 ms, used_size=6410240 bytes (15.7%)
(RDMA_READ_CONSUME_CHECK_CONSUMER) timestamp=3877 ms, used_size=6408192 bytes (15.6%)
(RDMA_READ_CONSUME_CHECK_CONSUMER) timestamp=3877 ms, used_size=6406144 bytes (15.6%)
(RDMA_READ_CONSUME_CHECK_CONSUMER) timestamp=3877 ms, used_size=6404096 bytes (15.6%)
(RDMA_READ_CONSUME_CHECK_CONSUMER) timestamp=3877 ms, used_size=6402048 bytes (15.6%)
(RDMA_READ_CONSUME_CHECK_CONSUMER) timestamp=3877 ms, used_size=6400000 bytes (15.6%)
(RDMA_READ_CONSUME_CHECK_CONSUMER) timestamp=3877 ms, used_size=6397952 bytes (15.6%)
(RDMA_READ_CONSUME_CHECK_CONSUMER) timestamp=3877 ms, used_size=6395904 bytes (15.6%)
(RDMA_READ_CONSUME_CHECK_CONSUMER) timestamp=3877 ms, used_size=6393856 bytes (15.6%)
(RDMA_READ_CONSUME_CHECK_CONSUMER) timestamp=3877 ms, used_size=6391808 bytes (15.6%)
(RDMA_READ_CONSUME_CHECK_CONSUMER) timestamp=3877 ms, used_size=6389760 bytes (15.6%)
(RDMA_READ_CONSUME_CHECK_CONSUMER) timestamp=3877 ms, used_size=6387712 bytes (15.6%)
(RDMA_READ_CONSUME_CHECK_CONSUMER) timestamp=3877 ms, used_size=6385664 bytes (15.6%)
(RDMA_READ_CONSUME_CHECK_CONSUMER) timestamp=3877 ms, used_size=6383616 bytes (15.6%)
(RDMA_READ_CONSUME_CHECK_CONSUMER) timestamp=3877 ms, used_size=6381568 bytes (15.6%)
(RDMA_READ_CONSUME_CHECK_CONSUMER) timestamp=3877 ms, used_size=6379520 bytes (15.6%)
(RDMA_READ_CONSUME_CHECK_CONSUMER) timestamp=3877 ms, used_size=6377472 bytes (15.6%)
(RDMA_READ_CONSUME_CHECK_CONSUMER) timestamp=3877 ms, used_size=6375424 bytes (15.6%)
(RDMA_READ_CONSUME_CHECK_CONSUMER) timestamp=3877 ms, used_size=6373376 bytes (15.6%)
(RDMA_READ_CONSUME_CHECK_CONSUMER) timestamp=3877 ms, used_size=6371328 bytes (15.6%)
(RDMA_READ_CONSUME_CHECK_CONSUMER) timestamp=3877 ms, used_size=6369280 bytes (15.6%)
(RDMA_READ_CONSUME_CHECK_CONSUMER) timestamp=3877 ms, used_size=6367232 bytes (15.5%)
(RDMA_READ_CONSUME_CHECK_CONSUMER) timestamp=3877 ms, used_size=6365184 bytes (15.5%)
(RDMA_READ_CONSUME_CHECK_CONSUMER) timestamp=3877 ms, used_size=6363136 bytes (15.5%)
(RDMA_READ_CONSUME_CHECK_CONSUMER) timestamp=3877 ms, used_size=6361088 bytes (15.5%)
(RDMA_READ_CONSUME_CHECK_CONSUMER) timestamp=3877 ms, used_size=6359040 bytes (15.5%)
(RDMA_READ_CONSUME_CHECK_CONSUMER) timestamp=3877 ms, used_size=6356992 bytes (15.5%)
(RDMA_READ_CONSUME_CHECK_CONSUMER) timestamp=3877 ms, used_size=6354944 bytes (15.5%)
(RDMA_READ_CONSUME_CHECK_CONSUMER) timestamp=3877 ms, used_size=6352896 bytes (15.5%)
(RDMA_READ_CONSUME_CHECK_CONSUMER) timestamp=3877 ms, used_size=6350848 bytes (15.5%)
(RDMA_READ_CONSUME_CHECK_CONSUMER) timestamp=3877 ms, used_size=6348800 bytes (15.5%)
(RDMA_READ_CONSUME_CHECK_CONSUMER) timestamp=3877 ms, used_size=6346752 bytes (15.5%)
(RDMA_READ_CONSUME_CHECK_CONSUMER) timestamp=3877 ms, used_size=6344704 bytes (15.5%)
(RDMA_READ_CONSUME_CHECK_CONSUMER) timestamp=3877 ms, used_size=6342656 bytes (15.5%)
(RDMA_READ_CONSUME_CHECK_CONSUMER) timestamp=3877 ms, used_size=6340608 bytes (15.5%)
(RDMA_READ_CONSUME_CHECK_CONSUMER) timestamp=3877 ms, used_size=6338560 bytes (15.5%)
(RDMA_READ_CONSUME_CHECK_CONSUMER) timestamp=3877 ms, used_size=6336512 bytes (15.5%)
(RDMA_READ_CONSUME_CHECK_CONSUMER) timestamp=3877 ms, used_size=6334464 bytes (15.5%)
(RDMA_READ_CONSUME_CHECK_CONSUMER) timestamp=3877 ms, used_size=6332416 bytes (15.5%)
(RDMA_READ_CONSUME_CHECK_CONSUMER) timestamp=3877 ms, used_size=6330368 bytes (15.5%)
(RDMA_READ_CONSUME_CHECK_CONSUMER) timestamp=3877 ms, used_size=6328320 bytes (15.4%)
(RDMA_READ_CONSUME_CHECK_CONSUMER) timestamp=3877 ms, used_size=6326272 bytes (15.4%)
(RDMA_READ_CONSUME_CHECK_CONSUMER) timestamp=3877 ms, used_size=6324224 bytes (15.4%)
(RDMA_READ_CONSUME_CHECK_CONSUMER) timestamp=3877 ms, used_size=6322176 bytes (15.4%)
(RDMA_READ_CONSUME_CHECK_CONSUMER) timestamp=3877 ms, used_size=6320128 bytes (15.4%)
(RDMA_READ_CONSUME_CHECK_CONSUMER) timestamp=3877 ms, used_size=6318080 bytes (15.4%)
(RDMA_READ_CONSUME_CHECK_CONSUMER) timestamp=3877 ms, used_size=6316032 bytes (15.4%)
(RDMA_READ_CONSUME_CHECK_CONSUMER) timestamp=3877 ms, used_size=6313984 bytes (15.4%)
(RDMA_READ_CONSUME_CHECK_CONSUMER) timestamp=3877 ms, used_size=6311936 bytes (15.4%)
(RDMA_READ_CONSUME_CHECK_CONSUMER) timestamp=3877 ms, used_size=6309888 bytes (15.4%)
(RDMA_READ_CONSUME_CHECK_CONSUMER) timestamp=3877 ms, used_size=6307840 bytes (15.4%)
(RDMA_READ_CONSUME_CHECK_CONSUMER) timestamp=3877 ms, used_size=6305792 bytes (15.4%)
(RDMA_READ_CONSUME_CHECK_CONSUMER) timestamp=3877 ms, used_size=6303744 bytes (15.4%)
(RDMA_READ_CONSUME_CHECK_CONSUMER) timestamp=3877 ms, used_size=6301696 bytes (15.4%)
(RDMA_READ_CONSUME_CHECK_CONSUMER) timestamp=3877 ms, used_size=6299648 bytes (15.4%)
(RDMA_READ_CONSUME_CHECK_CONSUMER) timestamp=3877 ms, used_size=6297600 bytes (15.4%)
(RDMA_READ_CONSUME_CHECK_CONSUMER) timestamp=3877 ms, used_size=6295552 bytes (15.4%)
(RDMA_READ_CONSUME_CHECK_CONSUMER) timestamp=3877 ms, used_size=6293504 bytes (15.4%)
(RDMA_READ_CONSUME_CHECK_CONSUMER) timestamp=3877 ms, used_size=6291456 bytes (15.4%)
(RDMA_READ_CONSUME_CHECK_CONSUMER) timestamp=3877 ms, used_size=6289408 bytes (15.4%)
(RDMA_READ_CONSUME_CHECK_CONSUMER) timestamp=3877 ms, used_size=6287360 bytes (15.3%)
(RDMA_READ_CONSUME_CHECK_CONSUMER) timestamp=3877 ms, used_size=6285312 bytes (15.3%)
(RDMA_READ_CONSUME_CHECK_CONSUMER) timestamp=3877 ms, used_size=6283264 bytes (15.3%)
(RDMA_READ_CONSUME_CHECK_CONSUMER) timestamp=3877 ms, used_size=6281216 bytes (15.3%)
(RDMA_READ_CONSUME_CHECK_CONSUMER) timestamp=3877 ms, used_size=6279168 bytes (15.3%)
(RDMA_READ_CONSUME_CHECK_CONSUMER) timestamp=3877 ms, used_size=6277120 bytes (15.3%)
(RDMA_READ_CONSUME_CHECK_CONSUMER) timestamp=3877 ms, used_size=6275072 bytes (15.3%)
(RDMA_READ_CONSUME_CHECK_CONSUMER) timestamp=3877 ms, used_size=6273024 bytes (15.3%)
(RDMA_READ_CONSUME_CHECK_CONSUMER) timestamp=3877 ms, used_size=6270976 bytes (15.3%)
(RDMA_READ_CONSUME_CHECK_CONSUMER) timestamp=3877 ms, used_size=6268928 bytes (15.3%)
(RDMA_READ_CONSUME_CHECK_CONSUMER) timestamp=3877 ms, used_size=6266880 bytes (15.3%)
(RDMA_READ_CONSUME_CHECK_CONSUMER) timestamp=3877 ms, used_size=6264832 bytes (15.3%)
(RDMA_READ_CONSUME_CHECK_CONSUMER) timestamp=3877 ms, used_size=6262784 bytes (15.3%)
(RDMA_READ_CONSUME_CHECK_CONSUMER) timestamp=3877 ms, used_size=6260736 bytes (15.3%)
(RDMA_READ_CONSUME_CHECK_CONSUMER) timestamp=3877 ms, used_size=6258688 bytes (15.3%)
(RDMA_READ_CONSUME_CHECK_CONSUMER) timestamp=3877 ms, used_size=6256640 bytes (15.3%)
(RDMA_READ_CONSUME_CHECK_CONSUMER) timestamp=3877 ms, used_size=6254592 bytes (15.3%)
(RDMA_READ_CONSUME_CHECK_CONSUMER) timestamp=3877 ms, used_size=6252544 bytes (15.3%)
(RDMA_READ_CONSUME_CHECK_CONSUMER) timestamp=3877 ms, used_size=6250496 bytes (15.3%)
(RDMA_READ_CONSUME_CHECK_CONSUMER) timestamp=3877 ms, used_size=6248448 bytes (15.3%)
(RDMA_READ_CONSUME_CHECK_CONSUMER) timestamp=3877 ms, used_size=6246400 bytes (15.2%)
(RDMA_READ_CONSUME_CHECK_CONSUMER) timestamp=3877 ms, used_size=6244352 bytes (15.2%)
(RDMA_READ_CONSUME_CHECK_CONSUMER) timestamp=3877 ms, used_size=6242304 bytes (15.2%)
(RDMA_READ_CONSUME_CHECK_CONSUMER) timestamp=3877 ms, used_size=6240256 bytes (15.2%)
(RDMA_READ_CONSUME_CHECK_CONSUMER) timestamp=3877 ms, used_size=6238208 bytes (15.2%)
(RDMA_READ_CONSUME_CHECK_CONSUMER) timestamp=3877 ms, used_size=6236160 bytes (15.2%)
(RDMA_READ_CONSUME_CHECK_CONSUMER) timestamp=3877 ms, used_size=6234112 bytes (15.2%)
(RDMA_READ_CONSUME_CHECK_CONSUMER) timestamp=3877 ms, used_size=6232064 bytes (15.2%)
(RDMA_READ_CONSUME_CHECK_CONSUMER) timestamp=3877 ms, used_size=6230016 bytes (15.2%)
(RDMA_READ_CONSUME_CHECK_CONSUMER) timestamp=3877 ms, used_size=6227968 bytes (15.2%)
(RDMA_READ_CONSUME_CHECK_CONSUMER) timestamp=3878 ms, used_size=6225920 bytes (15.2%)
(RDMA_READ_CONSUME_CHECK_CONSUMER) timestamp=3878 ms, used_size=6223872 bytes (15.2%)
(RDMA_READ_CONSUME_CHECK_CONSUMER) timestamp=3878 ms, used_size=6221824 bytes (15.2%)
(RDMA_READ_CONSUME_CHECK_CONSUMER) timestamp=3878 ms, used_size=6219776 bytes (15.2%)
(RDMA_READ_CONSUME_CHECK_CONSUMER) timestamp=3878 ms, used_size=6217728 bytes (15.2%)
(RDMA_READ_CONSUME_CHECK_CONSUMER) timestamp=3878 ms, used_size=6215680 bytes (15.2%)
(RDMA_READ_CONSUME_CHECK_CONSUMER) timestamp=3878 ms, used_size=6213632 bytes (15.2%)
(RDMA_READ_CONSUME_CHECK_CONSUMER) timestamp=3878 ms, used_size=6211584 bytes (15.2%)
(RDMA_READ_CONSUME_CHECK_CONSUMER) timestamp=3878 ms, used_size=6209536 bytes (15.2%)
(RDMA_READ_CONSUME_CHECK_CONSUMER) timestamp=3878 ms, used_size=6207488 bytes (15.2%)
(RDMA_READ_CONSUME_CHECK_CONSUMER) timestamp=3878 ms, used_size=6205440 bytes (15.2%)
(RDMA_READ_CONSUME_CHECK_CONSUMER) timestamp=3878 ms, used_size=6203392 bytes (15.1%)
(RDMA_READ_CONSUME_CHECK_CONSUMER) timestamp=3878 ms, used_size=6201344 bytes (15.1%)
(RDMA_READ_CONSUME_CHECK_CONSUMER) timestamp=3878 ms, used_size=6199296 bytes (15.1%)
(RDMA_READ_CONSUME_CHECK_CONSUMER) timestamp=3878 ms, used_size=6197248 bytes (15.1%)
(RDMA_READ_CONSUME_CHECK_CONSUMER) timestamp=3878 ms, used_size=6195200 bytes (15.1%)
(RDMA_READ_CONSUME_CHECK_CONSUMER) timestamp=3878 ms, used_size=6193152 bytes (15.1%)
(RDMA_READ_CONSUME_CHECK_CONSUMER) timestamp=3878 ms, used_size=6191104 bytes (15.1%)
(RDMA_READ_CONSUME_CHECK_CONSUMER) timestamp=3878 ms, used_size=6189056 bytes (15.1%)
(RDMA_READ_CONSUME_CHECK_CONSUMER) timestamp=3878 ms, used_size=6187008 bytes (15.1%)
(RDMA_READ_CONSUME_CHECK_CONSUMER) timestamp=3878 ms, used_size=6184960 bytes (15.1%)
(RDMA_READ_CONSUME_CHECK_CONSUMER) timestamp=3878 ms, used_size=6182912 bytes (15.1%)
(RDMA_READ_CONSUME_CHECK_CONSUMER) timestamp=3878 ms, used_size=6180864 bytes (15.1%)
(RDMA_READ_CONSUME_CHECK_CONSUMER) timestamp=3878 ms, used_size=6178816 bytes (15.1%)
(RDMA_READ_CONSUME_CHECK_CONSUMER) timestamp=3878 ms, used_size=6176768 bytes (15.1%)
(RDMA_READ_CONSUME_CHECK_CONSUMER) timestamp=3878 ms, used_size=6174720 bytes (15.1%)
(RDMA_READ_CONSUME_CHECK_CONSUMER) timestamp=3878 ms, used_size=6172672 bytes (15.1%)
(RDMA_READ_CONSUME_CHECK_CONSUMER) timestamp=3878 ms, used_size=6170624 bytes (15.1%)
(RDMA_READ_CONSUME_CHECK_CONSUMER) timestamp=3878 ms, used_size=6168576 bytes (15.1%)
(RDMA_READ_CONSUME_CHECK_CONSUMER) timestamp=3878 ms, used_size=6166528 bytes (15.1%)
(RDMA_READ_CONSUME_CHECK_CONSUMER) timestamp=3878 ms, used_size=6164480 bytes (15.1%)
(RDMA_READ_CONSUME_CHECK_CONSUMER) timestamp=3878 ms, used_size=6162432 bytes (15.0%)
(RDMA_READ_CONSUME_CHECK_CONSUMER) timestamp=3878 ms, used_size=6160384 bytes (15.0%)
(RDMA_READ_CONSUME_CHECK_CONSUMER) timestamp=3878 ms, used_size=6158336 bytes (15.0%)
(RDMA_READ_CONSUME_CHECK_CONSUMER) timestamp=3878 ms, used_size=6156288 bytes (15.0%)
(RDMA_READ_CONSUME_CHECK_CONSUMER) timestamp=3878 ms, used_size=6154240 bytes (15.0%)
(RDMA_READ_CONSUME_CHECK_CONSUMER) timestamp=3878 ms, used_size=6152192 bytes (15.0%)
(RDMA_READ_CONSUME_CHECK_CONSUMER) timestamp=3878 ms, used_size=6150144 bytes (15.0%)
(RDMA_READ_CONSUME_CHECK_CONSUMER) timestamp=3878 ms, used_size=6148096 bytes (15.0%)
(RDMA_READ_CONSUME_CHECK_CONSUMER) timestamp=3878 ms, used_size=6146048 bytes (15.0%)
(RDMA_READ_CONSUME_CHECK_CONSUMER) timestamp=3878 ms, used_size=6144000 bytes (15.0%)
(RDMA_READ_CONSUME_CHECK_CONSUMER) timestamp=3878 ms, used_size=6141952 bytes (15.0%)
(RDMA_READ_CONSUME_CHECK_CONSUMER) timestamp=3878 ms, used_size=6139904 bytes (15.0%)
(RDMA_READ_CONSUME_CHECK_CONSUMER) timestamp=3878 ms, used_size=6137856 bytes (15.0%)
(RDMA_READ_CONSUME_CHECK_CONSUMER) timestamp=3878 ms, used_size=6135808 bytes (15.0%)
(RDMA_READ_CONSUME_CHECK_CONSUMER) timestamp=3878 ms, used_size=6133760 bytes (15.0%)
(RDMA_READ_CONSUME_CHECK_CONSUMER) timestamp=3878 ms, used_size=6131712 bytes (15.0%)
(RDMA_READ_CONSUME_CHECK_CONSUMER) timestamp=3878 ms, used_size=6129664 bytes (15.0%)
(RDMA_READ_CONSUME_CHECK_CONSUMER) timestamp=3878 ms, used_size=6127616 bytes (15.0%)
(RDMA_READ_CONSUME_CHECK_CONSUMER) timestamp=3878 ms, used_size=6125568 bytes (15.0%)
(RDMA_READ_CONSUME_CHECK_CONSUMER) timestamp=3878 ms, used_size=6123520 bytes (14.9%)
(RDMA_READ_CONSUME_CHECK_CONSUMER) timestamp=3878 ms, used_size=6121472 bytes (14.9%)
(RDMA_READ_CONSUME_CHECK_CONSUMER) timestamp=3878 ms, used_size=6119424 bytes (14.9%)
(RDMA_READ_CONSUME_CHECK_CONSUMER) timestamp=3878 ms, used_size=6117376 bytes (14.9%)
(RDMA_READ_CONSUME_CHECK_CONSUMER) timestamp=3878 ms, used_size=6115328 bytes (14.9%)
(RDMA_READ_CONSUME_CHECK_CONSUMER) timestamp=3878 ms, used_size=6113280 bytes (14.9%)
(RDMA_READ_CONSUME_CHECK_CONSUMER) timestamp=3878 ms, used_size=6111232 bytes (14.9%)
(RDMA_READ_CONSUME_CHECK_CONSUMER) timestamp=3878 ms, used_size=6109184 bytes (14.9%)
(RDMA_READ_CONSUME_CHECK_CONSUMER) timestamp=3878 ms, used_size=6107136 bytes (14.9%)
(RDMA_READ_CONSUME_CHECK_CONSUMER) timestamp=3878 ms, used_size=6105088 bytes (14.9%)
(RDMA_READ_CONSUME_CHECK_CONSUMER) timestamp=3878 ms, used_size=6103040 bytes (14.9%)
(RDMA_READ_CONSUME_CHECK_CONSUMER) timestamp=3878 ms, used_size=6100992 bytes (14.9%)
(RDMA_READ_CONSUME_CHECK_CONSUMER) timestamp=3878 ms, used_size=6098944 bytes (14.9%)
(RDMA_READ_CONSUME_CHECK_CONSUMER) timestamp=3878 ms, used_size=6096896 bytes (14.9%)
(RDMA_READ_CONSUME_CHECK_CONSUMER) timestamp=3878 ms, used_size=6094848 bytes (14.9%)
(RDMA_READ_CONSUME_CHECK_CONSUMER) timestamp=3878 ms, used_size=6092800 bytes (14.9%)
(RDMA_READ_CONSUME_CHECK_CONSUMER) timestamp=3878 ms, used_size=6090752 bytes (14.9%)
(RDMA_READ_CONSUME_CHECK_CONSUMER) timestamp=3878 ms, used_size=6088704 bytes (14.9%)
(RDMA_READ_CONSUME_CHECK_CONSUMER) timestamp=3878 ms, used_size=6086656 bytes (14.9%)
(RDMA_READ_CONSUME_CHECK_CONSUMER) timestamp=3878 ms, used_size=6084608 bytes (14.9%)
(RDMA_READ_CONSUME_CHECK_CONSUMER) timestamp=3878 ms, used_size=6082560 bytes (14.8%)
(RDMA_READ_CONSUME_CHECK_CONSUMER) timestamp=3878 ms, used_size=6080512 bytes (14.8%)
(RDMA_READ_CONSUME_CHECK_CONSUMER) timestamp=3878 ms, used_size=6078464 bytes (14.8%)
(RDMA_READ_CONSUME_CHECK_CONSUMER) timestamp=3878 ms, used_size=6076416 bytes (14.8%)
(RDMA_READ_CONSUME_CHECK_CONSUMER) timestamp=3878 ms, used_size=6074368 bytes (14.8%)
(RDMA_READ_CONSUME_CHECK_CONSUMER) timestamp=3878 ms, used_size=6072320 bytes (14.8%)
(RDMA_READ_CONSUME_CHECK_CONSUMER) timestamp=3878 ms, used_size=6070272 bytes (14.8%)
(RDMA_READ_CONSUME_CHECK_CONSUMER) timestamp=3878 ms, used_size=6068224 bytes (14.8%)
(RDMA_READ_CONSUME_CHECK_CONSUMER) timestamp=3878 ms, used_size=6066176 bytes (14.8%)
(RDMA_READ_CONSUME_CHECK_CONSUMER) timestamp=3878 ms, used_size=6064128 bytes (14.8%)
(RDMA_READ_CONSUME_CHECK_CONSUMER) timestamp=3878 ms, used_size=6062080 bytes (14.8%)
(RDMA_READ_CONSUME_CHECK_CONSUMER) timestamp=3878 ms, used_size=6060032 bytes (14.8%)
(RDMA_READ_CONSUME_CHECK_CONSUMER) timestamp=3878 ms, used_size=6057984 bytes (14.8%)
(RDMA_READ_CONSUME_CHECK_CONSUMER) timestamp=3878 ms, used_size=6055936 bytes (14.8%)
(RDMA_READ_CONSUME_CHECK_CONSUMER) timestamp=3878 ms, used_size=6053888 bytes (14.8%)
(RDMA_READ_CONSUME_CHECK_CONSUMER) timestamp=3878 ms, used_size=6051840 bytes (14.8%)
(RDMA_READ_CONSUME_CHECK_CONSUMER) timestamp=3878 ms, used_size=6049792 bytes (14.8%)
(RDMA_READ_CONSUME_CHECK_CONSUMER) timestamp=3878 ms, used_size=6047744 bytes (14.8%)
(RDMA_READ_CONSUME_CHECK_CONSUMER) timestamp=3878 ms, used_size=6045696 bytes (14.8%)
(RDMA_READ_CONSUME_CHECK_CONSUMER) timestamp=3878 ms, used_size=6043648 bytes (14.8%)
(RDMA_READ_CONSUME_CHECK_CONSUMER) timestamp=3878 ms, used_size=6041600 bytes (14.8%)
(RDMA_READ_CONSUME_CHECK_CONSUMER) timestamp=3878 ms, used_size=6039552 bytes (14.7%)
(RDMA_READ_CONSUME_CHECK_CONSUMER) timestamp=3878 ms, used_size=6037504 bytes (14.7%)
(RDMA_READ_CONSUME_CHECK_CONSUMER) timestamp=3878 ms, used_size=6035456 bytes (14.7%)
(RDMA_READ_CONSUME_CHECK_CONSUMER) timestamp=3878 ms, used_size=6033408 bytes (14.7%)
(RDMA_READ_CONSUME_CHECK_CONSUMER) timestamp=3878 ms, used_size=6031360 bytes (14.7%)
(RDMA_READ_CONSUME_CHECK_CONSUMER) timestamp=3878 ms, used_size=6029312 bytes (14.7%)
(RDMA_READ_CONSUME_CHECK_CONSUMER) timestamp=3878 ms, used_size=6027264 bytes (14.7%)
(RDMA_READ_CONSUME_CHECK_CONSUMER) timestamp=3878 ms, used_size=6025216 bytes (14.7%)
(RDMA_READ_CONSUME_CHECK_CONSUMER) timestamp=3878 ms, used_size=6023168 bytes (14.7%)
(RDMA_READ_CONSUME_CHECK_CONSUMER) timestamp=3878 ms, used_size=6021120 bytes (14.7%)
(RDMA_READ_CONSUME_CHECK_CONSUMER) timestamp=3878 ms, used_size=6019072 bytes (14.7%)
(RDMA_READ_CONSUME_CHECK_CONSUMER) timestamp=3878 ms, used_size=6017024 bytes (14.7%)
(RDMA_READ_CONSUME_CHECK_CONSUMER) timestamp=3878 ms, used_size=6014976 bytes (14.7%)
(RDMA_READ_CONSUME_CHECK_CONSUMER) timestamp=3878 ms, used_size=6012928 bytes (14.7%)
(RDMA_READ_CONSUME_CHECK_CONSUMER) timestamp=3878 ms, used_size=6010880 bytes (14.7%)
(RDMA_READ_CONSUME_CHECK_CONSUMER) timestamp=3878 ms, used_size=6008832 bytes (14.7%)
(RDMA_READ_CONSUME_CHECK_CONSUMER) timestamp=3878 ms, used_size=6006784 bytes (14.7%)
(RDMA_READ_CONSUME_CHECK_CONSUMER) timestamp=3878 ms, used_size=6004736 bytes (14.7%)
(RDMA_READ_CONSUME_CHECK_CONSUMER) timestamp=3878 ms, used_size=6002688 bytes (14.7%)
(RDMA_READ_CONSUME_CHECK_CONSUMER) timestamp=3878 ms, used_size=6000640 bytes (14.7%)
(RDMA_READ_CONSUME_CHECK_CONSUMER) timestamp=3878 ms, used_size=5998592 bytes (14.6%)
(RDMA_READ_CONSUME_CHECK_CONSUMER) timestamp=3878 ms, used_size=5996544 bytes (14.6%)
(RDMA_READ_CONSUME_CHECK_CONSUMER) timestamp=3878 ms, used_size=5994496 bytes (14.6%)
(RDMA_READ_CONSUME_CHECK_CONSUMER) timestamp=3878 ms, used_size=5992448 bytes (14.6%)
(RDMA_READ_CONSUME_CHECK_CONSUMER) timestamp=3878 ms, used_size=5990400 bytes (14.6%)
(RDMA_READ_CONSUME_CHECK_CONSUMER) timestamp=3878 ms, used_size=5988352 bytes (14.6%)
(RDMA_READ_CONSUME_CHECK_CONSUMER) timestamp=3878 ms, used_size=5986304 bytes (14.6%)
(RDMA_READ_CONSUME_CHECK_CONSUMER) timestamp=3878 ms, used_size=5984256 bytes (14.6%)
(RDMA_READ_CONSUME_CHECK_CONSUMER) timestamp=3878 ms, used_size=5982208 bytes (14.6%)
(RDMA_READ_CONSUME_CHECK_CONSUMER) timestamp=3878 ms, used_size=5980160 bytes (14.6%)
(RDMA_READ_CONSUME_CHECK_CONSUMER) timestamp=3878 ms, used_size=5978112 bytes (14.6%)
(RDMA_READ_CONSUME_CHECK_CONSUMER) timestamp=3878 ms, used_size=5976064 bytes (14.6%)
(RDMA_READ_CONSUME_CHECK_CONSUMER) timestamp=3878 ms, used_size=5974016 bytes (14.6%)
(RDMA_READ_CONSUME_CHECK_CONSUMER) timestamp=3878 ms, used_size=5971968 bytes (14.6%)
(RDMA_READ_CONSUME_CHECK_CONSUMER) timestamp=3878 ms, used_size=5969920 bytes (14.6%)
(RDMA_READ_CONSUME_CHECK_CONSUMER) timestamp=3878 ms, used_size=5967872 bytes (14.6%)
(RDMA_READ_CONSUME_CHECK_CONSUMER) timestamp=3878 ms, used_size=5965824 bytes (14.6%)
(RDMA_READ_CONSUME_CHECK_CONSUMER) timestamp=3878 ms, used_size=5963776 bytes (14.6%)
(RDMA_READ_CONSUME_CHECK_CONSUMER) timestamp=3878 ms, used_size=5961728 bytes (14.6%)
(RDMA_READ_CONSUME_CHECK_CONSUMER) timestamp=3878 ms, used_size=5959680 bytes (14.6%)
(RDMA_READ_CONSUME_CHECK_CONSUMER) timestamp=3878 ms, used_size=5957632 bytes (14.5%)
(RDMA_READ_CONSUME_CHECK_CONSUMER) timestamp=3878 ms, used_size=5955584 bytes (14.5%)
(RDMA_READ_CONSUME_CHECK_CONSUMER) timestamp=3878 ms, used_size=5953536 bytes (14.5%)
(RDMA_READ_CONSUME_CHECK_CONSUMER) timestamp=3878 ms, used_size=5951488 bytes (14.5%)
(RDMA_READ_CONSUME_CHECK_CONSUMER) timestamp=3878 ms, used_size=5949440 bytes (14.5%)
(RDMA_READ_CONSUME_CHECK_CONSUMER) timestamp=3878 ms, used_size=5947392 bytes (14.5%)
(RDMA_READ_CONSUME_CHECK_CONSUMER) timestamp=3878 ms, used_size=5945344 bytes (14.5%)
(RDMA_READ_CONSUME_CHECK_CONSUMER) timestamp=3878 ms, used_size=5943296 bytes (14.5%)
(RDMA_READ_CONSUME_CHECK_CONSUMER) timestamp=3878 ms, used_size=5941248 bytes (14.5%)
(RDMA_READ_CONSUME_CHECK_CONSUMER) timestamp=3878 ms, used_size=5939200 bytes (14.5%)
(RDMA_READ_CONSUME_CHECK_CONSUMER) timestamp=3878 ms, used_size=5937152 bytes (14.5%)
(RDMA_READ_CONSUME_CHECK_CONSUMER) timestamp=3878 ms, used_size=5935104 bytes (14.5%)
(RDMA_READ_CONSUME_CHECK_CONSUMER) timestamp=3878 ms, used_size=5933056 bytes (14.5%)
(RDMA_READ_CONSUME_CHECK_CONSUMER) timestamp=3878 ms, used_size=5931008 bytes (14.5%)
(RDMA_READ_CONSUME_CHECK_CONSUMER) timestamp=3878 ms, used_size=5928960 bytes (14.5%)
(RDMA_READ_CONSUME_CHECK_CONSUMER) timestamp=3878 ms, used_size=5926912 bytes (14.5%)
(RDMA_READ_CONSUME_CHECK_CONSUMER) timestamp=3878 ms, used_size=5924864 bytes (14.5%)
(RDMA_READ_CONSUME_CHECK_CONSUMER) timestamp=3878 ms, used_size=5922816 bytes (14.5%)
(RDMA_READ_CONSUME_CHECK_CONSUMER) timestamp=3878 ms, used_size=5920768 bytes (14.5%)
(RDMA_READ_CONSUME_CHECK_CONSUMER) timestamp=3878 ms, used_size=5918720 bytes (14.4%)
(RDMA_READ_CONSUME_CHECK_CONSUMER) timestamp=3878 ms, used_size=5916672 bytes (14.4%)
(RDMA_READ_CONSUME_CHECK_CONSUMER) timestamp=3878 ms, used_size=5914624 bytes (14.4%)
(RDMA_READ_CONSUME_CHECK_CONSUMER) timestamp=3878 ms, used_size=5912576 bytes (14.4%)
(RDMA_READ_CONSUME_CHECK_CONSUMER) timestamp=3878 ms, used_size=5910528 bytes (14.4%)
(RDMA_READ_CONSUME_CHECK_CONSUMER) timestamp=3878 ms, used_size=5908480 bytes (14.4%)
(RDMA_READ_CONSUME_CHECK_CONSUMER) timestamp=3878 ms, used_size=5906432 bytes (14.4%)
(RDMA_READ_CONSUME_CHECK_CONSUMER) timestamp=3878 ms, used_size=5904384 bytes (14.4%)
(RDMA_READ_CONSUME_CHECK_CONSUMER) timestamp=3878 ms, used_size=5902336 bytes (14.4%)
(RDMA_READ_CONSUME_CHECK_CONSUMER) timestamp=3878 ms, used_size=5900288 bytes (14.4%)
(RDMA_READ_CONSUME_CHECK_CONSUMER) timestamp=3878 ms, used_size=5898240 bytes (14.4%)
(RDMA_READ_CONSUME_CHECK_CONSUMER) timestamp=3878 ms, used_size=5896192 bytes (14.4%)
(RDMA_READ_CONSUME_CHECK_CONSUMER) timestamp=3878 ms, used_size=5894144 bytes (14.4%)
(RDMA_READ_CONSUME_CHECK_CONSUMER) timestamp=3878 ms, used_size=5892096 bytes (14.4%)
(RDMA_READ_CONSUME_CHECK_CONSUMER) timestamp=3878 ms, used_size=5890048 bytes (14.4%)
(RDMA_READ_CONSUME_CHECK_CONSUMER) timestamp=3878 ms, used_size=5888000 bytes (14.4%)
(RDMA_READ_CONSUME_CHECK_CONSUMER) timestamp=3878 ms, used_size=5885952 bytes (14.4%)
(RDMA_READ_CONSUME_CHECK_CONSUMER) timestamp=3878 ms, used_size=5883904 bytes (14.4%)
(RDMA_READ_CONSUME_CHECK_CONSUMER) timestamp=3878 ms, used_size=5881856 bytes (14.4%)
(RDMA_READ_CONSUME_CHECK_CONSUMER) timestamp=3878 ms, used_size=5879808 bytes (14.4%)
(RDMA_READ_CONSUME_CHECK_CONSUMER) timestamp=3878 ms, used_size=5877760 bytes (14.3%)
(RDMA_READ_CONSUME_CHECK_CONSUMER) timestamp=3878 ms, used_size=5875712 bytes (14.3%)
(RDMA_READ_CONSUME_CHECK_CONSUMER) timestamp=3878 ms, used_size=5873664 bytes (14.3%)
(RDMA_READ_CONSUME_CHECK_CONSUMER) timestamp=3878 ms, used_size=5871616 bytes (14.3%)
(RDMA_READ_CONSUME_CHECK_CONSUMER) timestamp=3878 ms, used_size=5869568 bytes (14.3%)
(RDMA_READ_CONSUME_CHECK_CONSUMER) timestamp=3878 ms, used_size=5867520 bytes (14.3%)
(RDMA_READ_CONSUME_CHECK_CONSUMER) timestamp=3878 ms, used_size=5865472 bytes (14.3%)
(RDMA_READ_CONSUME_CHECK_CONSUMER) timestamp=3878 ms, used_size=5863424 bytes (14.3%)
(RDMA_READ_CONSUME_CHECK_CONSUMER) timestamp=3878 ms, used_size=5861376 bytes (14.3%)
(RDMA_READ_CONSUME_CHECK_CONSUMER) timestamp=3878 ms, used_size=5859328 bytes (14.3%)
(RDMA_READ_CONSUME_CHECK_CONSUMER) timestamp=3878 ms, used_size=5857280 bytes (14.3%)
(RDMA_READ_CONSUME_CHECK_CONSUMER) timestamp=3878 ms, used_size=5855232 bytes (14.3%)
(RDMA_READ_CONSUME_CHECK_CONSUMER) timestamp=3878 ms, used_size=5853184 bytes (14.3%)
(RDMA_READ_CONSUME_CHECK_CONSUMER) timestamp=3879 ms, used_size=5851136 bytes (14.3%)
(RDMA_READ_CONSUME_CHECK_CONSUMER) timestamp=3879 ms, used_size=5849088 bytes (14.3%)
(RDMA_READ_CONSUME_CHECK_CONSUMER) timestamp=3879 ms, used_size=5847040 bytes (14.3%)
(RDMA_READ_CONSUME_CHECK_CONSUMER) timestamp=3879 ms, used_size=5844992 bytes (14.3%)
(RDMA_READ_CONSUME_CHECK_CONSUMER) timestamp=3879 ms, used_size=5842944 bytes (14.3%)
(RDMA_READ_CONSUME_CHECK_CONSUMER) timestamp=3879 ms, used_size=5840896 bytes (14.3%)
(RDMA_READ_CONSUME_CHECK_CONSUMER) timestamp=3879 ms, used_size=5838848 bytes (14.3%)
(RDMA_READ_CONSUME_CHECK_CONSUMER) timestamp=3879 ms, used_size=5836800 bytes (14.2%)
(RDMA_READ_CONSUME_CHECK_CONSUMER) timestamp=3879 ms, used_size=5834752 bytes (14.2%)
(RDMA_READ_CONSUME_CHECK_CONSUMER) timestamp=3879 ms, used_size=5832704 bytes (14.2%)
(RDMA_READ_CONSUME_CHECK_CONSUMER) timestamp=3879 ms, used_size=5830656 bytes (14.2%)
(RDMA_READ_CONSUME_CHECK_CONSUMER) timestamp=3879 ms, used_size=5828608 bytes (14.2%)
(RDMA_READ_CONSUME_CHECK_CONSUMER) timestamp=3879 ms, used_size=5826560 bytes (14.2%)
(RDMA_READ_CONSUME_CHECK_CONSUMER) timestamp=3879 ms, used_size=5824512 bytes (14.2%)
(RDMA_READ_CONSUME_CHECK_CONSUMER) timestamp=3879 ms, used_size=5822464 bytes (14.2%)
(RDMA_READ_CONSUME_CHECK_CONSUMER) timestamp=3879 ms, used_size=5820416 bytes (14.2%)
(RDMA_READ_CONSUME_CHECK_CONSUMER) timestamp=3879 ms, used_size=5818368 bytes (14.2%)
(RDMA_READ_CONSUME_CHECK_CONSUMER) timestamp=3879 ms, used_size=5816320 bytes (14.2%)
(RDMA_READ_CONSUME_CHECK_CONSUMER) timestamp=3879 ms, used_size=5814272 bytes (14.2%)
(RDMA_READ_CONSUME_CHECK_CONSUMER) timestamp=3879 ms, used_size=5812224 bytes (14.2%)
(RDMA_READ_CONSUME_CHECK_CONSUMER) timestamp=3879 ms, used_size=5810176 bytes (14.2%)
(RDMA_READ_CONSUME_CHECK_CONSUMER) timestamp=3879 ms, used_size=5808128 bytes (14.2%)
(RDMA_READ_CONSUME_CHECK_CONSUMER) timestamp=3879 ms, used_size=5806080 bytes (14.2%)
(RDMA_READ_CONSUME_CHECK_CONSUMER) timestamp=3879 ms, used_size=5804032 bytes (14.2%)
(RDMA_READ_CONSUME_CHECK_CONSUMER) timestamp=3879 ms, used_size=5801984 bytes (14.2%)
(RDMA_READ_CONSUME_CHECK_CONSUMER) timestamp=3879 ms, used_size=5799936 bytes (14.2%)
(RDMA_READ_CONSUME_CHECK_CONSUMER) timestamp=3879 ms, used_size=5797888 bytes (14.2%)
(RDMA_READ_CONSUME_CHECK_CONSUMER) timestamp=3879 ms, used_size=5795840 bytes (14.2%)
(RDMA_READ_CONSUME_CHECK_CONSUMER) timestamp=3879 ms, used_size=5793792 bytes (14.1%)
(RDMA_READ_CONSUME_CHECK_CONSUMER) timestamp=3879 ms, used_size=5791744 bytes (14.1%)
(RDMA_READ_CONSUME_CHECK_CONSUMER) timestamp=3879 ms, used_size=5789696 bytes (14.1%)
(RDMA_READ_CONSUME_CHECK_CONSUMER) timestamp=3879 ms, used_size=5787648 bytes (14.1%)
(RDMA_READ_CONSUME_CHECK_CONSUMER) timestamp=3879 ms, used_size=5785600 bytes (14.1%)
(RDMA_READ_CONSUME_CHECK_CONSUMER) timestamp=3879 ms, used_size=5783552 bytes (14.1%)
(RDMA_READ_CONSUME_CHECK_CONSUMER) timestamp=3879 ms, used_size=5781504 bytes (14.1%)
(RDMA_READ_CONSUME_CHECK_CONSUMER) timestamp=3879 ms, used_size=5779456 bytes (14.1%)
(RDMA_READ_CONSUME_CHECK_CONSUMER) timestamp=3879 ms, used_size=5777408 bytes (14.1%)
(RDMA_READ_CONSUME_CHECK_CONSUMER) timestamp=3879 ms, used_size=5775360 bytes (14.1%)
(RDMA_READ_CONSUME_CHECK_CONSUMER) timestamp=3879 ms, used_size=5773312 bytes (14.1%)
(RDMA_READ_CONSUME_CHECK_CONSUMER) timestamp=3879 ms, used_size=5771264 bytes (14.1%)
(RDMA_READ_CONSUME_CHECK_CONSUMER) timestamp=3879 ms, used_size=5769216 bytes (14.1%)
(RDMA_READ_CONSUME_CHECK_CONSUMER) timestamp=3879 ms, used_size=5767168 bytes (14.1%)
(RDMA_READ_CONSUME_CHECK_CONSUMER) timestamp=3879 ms, used_size=5765120 bytes (14.1%)
(RDMA_READ_CONSUME_CHECK_CONSUMER) timestamp=3879 ms, used_size=5763072 bytes (14.1%)
(RDMA_READ_CONSUME_CHECK_CONSUMER) timestamp=3879 ms, used_size=5761024 bytes (14.1%)
(RDMA_READ_CONSUME_CHECK_CONSUMER) timestamp=3879 ms, used_size=5758976 bytes (14.1%)
(RDMA_READ_CONSUME_CHECK_CONSUMER) timestamp=3879 ms, used_size=5756928 bytes (14.1%)
(RDMA_READ_CONSUME_CHECK_CONSUMER) timestamp=3879 ms, used_size=5754880 bytes (14.1%)
(RDMA_READ_CONSUME_CHECK_CONSUMER) timestamp=3879 ms, used_size=5752832 bytes (14.0%)
(RDMA_READ_CONSUME_CHECK_CONSUMER) timestamp=3879 ms, used_size=5750784 bytes (14.0%)
(RDMA_READ_CONSUME_CHECK_CONSUMER) timestamp=3879 ms, used_size=5748736 bytes (14.0%)
(RDMA_READ_CONSUME_CHECK_CONSUMER) timestamp=3879 ms, used_size=5746688 bytes (14.0%)
(RDMA_READ_CONSUME_CHECK_CONSUMER) timestamp=3879 ms, used_size=5744640 bytes (14.0%)
(RDMA_READ_CONSUME_CHECK_CONSUMER) timestamp=3879 ms, used_size=5742592 bytes (14.0%)
(RDMA_READ_CONSUME_CHECK_CONSUMER) timestamp=3879 ms, used_size=5740544 bytes (14.0%)
(RDMA_READ_CONSUME_CHECK_CONSUMER) timestamp=3879 ms, used_size=5738496 bytes (14.0%)
(RDMA_READ_CONSUME_CHECK_CONSUMER) timestamp=3879 ms, used_size=5736448 bytes (14.0%)
(RDMA_READ_CONSUME_CHECK_CONSUMER) timestamp=3879 ms, used_size=5734400 bytes (14.0%)
(RDMA_READ_CONSUME_CHECK_CONSUMER) timestamp=3879 ms, used_size=5732352 bytes (14.0%)
(RDMA_READ_CONSUME_CHECK_CONSUMER) timestamp=3879 ms, used_size=5730304 bytes (14.0%)
(RDMA_READ_CONSUME_CHECK_CONSUMER) timestamp=3879 ms, used_size=5728256 bytes (14.0%)
(RDMA_READ_CONSUME_CHECK_CONSUMER) timestamp=3879 ms, used_size=5726208 bytes (14.0%)
(RDMA_READ_CONSUME_CHECK_CONSUMER) timestamp=3879 ms, used_size=5724160 bytes (14.0%)
(RDMA_READ_CONSUME_CHECK_CONSUMER) timestamp=3879 ms, used_size=5722112 bytes (14.0%)
(RDMA_READ_CONSUME_CHECK_CONSUMER) timestamp=3879 ms, used_size=5720064 bytes (14.0%)
(RDMA_READ_CONSUME_CHECK_CONSUMER) timestamp=3879 ms, used_size=5718016 bytes (14.0%)
(RDMA_READ_CONSUME_CHECK_CONSUMER) timestamp=3879 ms, used_size=5715968 bytes (14.0%)
(RDMA_READ_CONSUME_CHECK_CONSUMER) timestamp=3879 ms, used_size=5713920 bytes (13.9%)
(RDMA_READ_CONSUME_CHECK_CONSUMER) timestamp=3879 ms, used_size=5711872 bytes (13.9%)
(RDMA_READ_CONSUME_CHECK_CONSUMER) timestamp=3879 ms, used_size=5709824 bytes (13.9%)
(RDMA_READ_CONSUME_CHECK_CONSUMER) timestamp=3879 ms, used_size=5707776 bytes (13.9%)
(RDMA_READ_CONSUME_CHECK_CONSUMER) timestamp=3879 ms, used_size=5705728 bytes (13.9%)
(RDMA_READ_CONSUME_CHECK_CONSUMER) timestamp=3879 ms, used_size=5703680 bytes (13.9%)
(RDMA_READ_CONSUME_CHECK_CONSUMER) timestamp=3879 ms, used_size=5701632 bytes (13.9%)
(RDMA_READ_CONSUME_CHECK_CONSUMER) timestamp=3879 ms, used_size=5699584 bytes (13.9%)
(RDMA_READ_CONSUME_CHECK_CONSUMER) timestamp=3879 ms, used_size=5697536 bytes (13.9%)
(RDMA_READ_CONSUME_CHECK_CONSUMER) timestamp=3879 ms, used_size=5695488 bytes (13.9%)
(RDMA_READ_CONSUME_CHECK_CONSUMER) timestamp=3879 ms, used_size=5693440 bytes (13.9%)
(RDMA_READ_CONSUME_CHECK_CONSUMER) timestamp=3879 ms, used_size=5691392 bytes (13.9%)
(RDMA_READ_CONSUME_CHECK_CONSUMER) timestamp=3879 ms, used_size=5689344 bytes (13.9%)
(RDMA_READ_CONSUME_CHECK_CONSUMER) timestamp=3879 ms, used_size=5687296 bytes (13.9%)
(RDMA_READ_CONSUME_CHECK_CONSUMER) timestamp=3879 ms, used_size=5685248 bytes (13.9%)
(RDMA_READ_CONSUME_CHECK_CONSUMER) timestamp=3879 ms, used_size=5683200 bytes (13.9%)
(RDMA_READ_CONSUME_CHECK_CONSUMER) timestamp=3879 ms, used_size=5681152 bytes (13.9%)
(RDMA_READ_CONSUME_CHECK_CONSUMER) timestamp=3879 ms, used_size=5679104 bytes (13.9%)
(RDMA_READ_CONSUME_CHECK_CONSUMER) timestamp=3879 ms, used_size=5677056 bytes (13.9%)
(RDMA_READ_CONSUME_CHECK_CONSUMER) timestamp=3879 ms, used_size=5675008 bytes (13.9%)
(RDMA_READ_CONSUME_CHECK_CONSUMER) timestamp=3879 ms, used_size=5672960 bytes (13.8%)
(RDMA_READ_CONSUME_CHECK_CONSUMER) timestamp=3879 ms, used_size=5670912 bytes (13.8%)
(RDMA_READ_CONSUME_CHECK_CONSUMER) timestamp=3879 ms, used_size=5668864 bytes (13.8%)
(RDMA_READ_CONSUME_CHECK_CONSUMER) timestamp=3879 ms, used_size=5666816 bytes (13.8%)
(RDMA_READ_CONSUME_CHECK_CONSUMER) timestamp=3879 ms, used_size=5664768 bytes (13.8%)
(RDMA_READ_CONSUME_CHECK_CONSUMER) timestamp=3879 ms, used_size=5662720 bytes (13.8%)
(RDMA_READ_CONSUME_CHECK_CONSUMER) timestamp=3879 ms, used_size=5660672 bytes (13.8%)
(RDMA_READ_CONSUME_CHECK_CONSUMER) timestamp=3879 ms, used_size=5658624 bytes (13.8%)
(RDMA_READ_CONSUME_CHECK_CONSUMER) timestamp=3879 ms, used_size=5656576 bytes (13.8%)
(RDMA_READ_CONSUME_CHECK_CONSUMER) timestamp=3879 ms, used_size=5654528 bytes (13.8%)
(RDMA_READ_CONSUME_CHECK_CONSUMER) timestamp=3879 ms, used_size=5652480 bytes (13.8%)
(RDMA_READ_CONSUME_CHECK_CONSUMER) timestamp=3879 ms, used_size=5650432 bytes (13.8%)
(RDMA_READ_CONSUME_CHECK_CONSUMER) timestamp=3879 ms, used_size=5648384 bytes (13.8%)
(RDMA_READ_CONSUME_CHECK_CONSUMER) timestamp=3879 ms, used_size=5646336 bytes (13.8%)
(RDMA_READ_CONSUME_CHECK_CONSUMER) timestamp=3879 ms, used_size=5644288 bytes (13.8%)
(RDMA_READ_CONSUME_CHECK_CONSUMER) timestamp=3879 ms, used_size=5642240 bytes (13.8%)
(RDMA_READ_CONSUME_CHECK_CONSUMER) timestamp=3879 ms, used_size=5640192 bytes (13.8%)
(RDMA_READ_CONSUME_CHECK_CONSUMER) timestamp=3879 ms, used_size=5638144 bytes (13.8%)
(RDMA_READ_CONSUME_CHECK_CONSUMER) timestamp=3879 ms, used_size=5636096 bytes (13.8%)
(RDMA_READ_CONSUME_CHECK_CONSUMER) timestamp=3879 ms, used_size=5634048 bytes (13.8%)
(RDMA_READ_CONSUME_CHECK_CONSUMER) timestamp=3879 ms, used_size=5632000 bytes (13.8%)
(RDMA_READ_CONSUME_CHECK_CONSUMER) timestamp=3879 ms, used_size=5629952 bytes (13.7%)
(RDMA_READ_CONSUME_CHECK_CONSUMER) timestamp=3879 ms, used_size=5627904 bytes (13.7%)
(RDMA_READ_CONSUME_CHECK_CONSUMER) timestamp=3879 ms, used_size=5625856 bytes (13.7%)
(RDMA_READ_CONSUME_CHECK_CONSUMER) timestamp=3879 ms, used_size=5623808 bytes (13.7%)
(RDMA_READ_CONSUME_CHECK_CONSUMER) timestamp=3879 ms, used_size=5621760 bytes (13.7%)
(RDMA_READ_CONSUME_CHECK_CONSUMER) timestamp=3879 ms, used_size=5619712 bytes (13.7%)
(RDMA_READ_CONSUME_CHECK_CONSUMER) timestamp=3879 ms, used_size=5617664 bytes (13.7%)
(RDMA_READ_CONSUME_CHECK_CONSUMER) timestamp=3879 ms, used_size=5615616 bytes (13.7%)
(RDMA_READ_CONSUME_CHECK_CONSUMER) timestamp=3879 ms, used_size=5613568 bytes (13.7%)
(RDMA_READ_CONSUME_CHECK_CONSUMER) timestamp=3879 ms, used_size=5611520 bytes (13.7%)
(RDMA_READ_CONSUME_CHECK_CONSUMER) timestamp=3879 ms, used_size=5609472 bytes (13.7%)
(RDMA_READ_CONSUME_CHECK_CONSUMER) timestamp=3879 ms, used_size=5607424 bytes (13.7%)
(RDMA_READ_CONSUME_CHECK_CONSUMER) timestamp=3879 ms, used_size=5605376 bytes (13.7%)
(RDMA_READ_CONSUME_CHECK_CONSUMER) timestamp=3879 ms, used_size=5603328 bytes (13.7%)
(RDMA_READ_CONSUME_CHECK_CONSUMER) timestamp=3879 ms, used_size=5601280 bytes (13.7%)
(RDMA_READ_CONSUME_CHECK_CONSUMER) timestamp=3879 ms, used_size=5599232 bytes (13.7%)
(RDMA_READ_CONSUME_CHECK_CONSUMER) timestamp=3879 ms, used_size=5597184 bytes (13.7%)
(RDMA_READ_CONSUME_CHECK_CONSUMER) timestamp=3879 ms, used_size=5595136 bytes (13.7%)
(RDMA_READ_CONSUME_CHECK_CONSUMER) timestamp=3879 ms, used_size=5593088 bytes (13.7%)
(RDMA_READ_CONSUME_CHECK_CONSUMER) timestamp=3879 ms, used_size=5591040 bytes (13.7%)
(RDMA_READ_CONSUME_CHECK_CONSUMER) timestamp=3879 ms, used_size=5588992 bytes (13.6%)
(RDMA_READ_CONSUME_CHECK_CONSUMER) timestamp=3879 ms, used_size=5586944 bytes (13.6%)
(RDMA_READ_CONSUME_CHECK_CONSUMER) timestamp=3879 ms, used_size=5584896 bytes (13.6%)
(RDMA_READ_CONSUME_CHECK_CONSUMER) timestamp=3879 ms, used_size=5582848 bytes (13.6%)
(RDMA_READ_CONSUME_CHECK_CONSUMER) timestamp=3879 ms, used_size=5580800 bytes (13.6%)
(RDMA_READ_CONSUME_CHECK_CONSUMER) timestamp=3879 ms, used_size=5578752 bytes (13.6%)
(RDMA_READ_CONSUME_CHECK_CONSUMER) timestamp=3879 ms, used_size=5576704 bytes (13.6%)
(RDMA_READ_CONSUME_CHECK_CONSUMER) timestamp=3879 ms, used_size=5574656 bytes (13.6%)
(RDMA_READ_CONSUME_CHECK_CONSUMER) timestamp=3879 ms, used_size=5572608 bytes (13.6%)
(RDMA_READ_CONSUME_CHECK_CONSUMER) timestamp=3879 ms, used_size=5570560 bytes (13.6%)
(RDMA_READ_CONSUME_CHECK_CONSUMER) timestamp=3879 ms, used_size=5568512 bytes (13.6%)
(RDMA_READ_CONSUME_CHECK_CONSUMER) timestamp=3879 ms, used_size=5566464 bytes (13.6%)
(RDMA_READ_CONSUME_CHECK_CONSUMER) timestamp=3879 ms, used_size=5564416 bytes (13.6%)
(RDMA_READ_CONSUME_CHECK_CONSUMER) timestamp=3879 ms, used_size=5562368 bytes (13.6%)
(RDMA_READ_CONSUME_CHECK_CONSUMER) timestamp=3879 ms, used_size=5560320 bytes (13.6%)
(RDMA_READ_CONSUME_CHECK_CONSUMER) timestamp=3879 ms, used_size=5558272 bytes (13.6%)
(RDMA_READ_CONSUME_CHECK_CONSUMER) timestamp=3879 ms, used_size=5556224 bytes (13.6%)
(RDMA_READ_CONSUME_CHECK_CONSUMER) timestamp=3879 ms, used_size=5554176 bytes (13.6%)
(RDMA_READ_CONSUME_CHECK_CONSUMER) timestamp=3879 ms, used_size=5552128 bytes (13.6%)
(RDMA_READ_CONSUME_CHECK_CONSUMER) timestamp=3879 ms, used_size=5550080 bytes (13.6%)
(RDMA_READ_CONSUME_CHECK_CONSUMER) timestamp=3879 ms, used_size=5548032 bytes (13.5%)
(RDMA_READ_CONSUME_CHECK_CONSUMER) timestamp=3879 ms, used_size=5545984 bytes (13.5%)
(RDMA_READ_CONSUME_CHECK_CONSUMER) timestamp=3879 ms, used_size=5543936 bytes (13.5%)
(RDMA_READ_CONSUME_CHECK_CONSUMER) timestamp=3879 ms, used_size=5541888 bytes (13.5%)
(RDMA_READ_CONSUME_CHECK_CONSUMER) timestamp=3879 ms, used_size=5539840 bytes (13.5%)
(RDMA_READ_CONSUME_CHECK_CONSUMER) timestamp=3879 ms, used_size=5537792 bytes (13.5%)
(RDMA_READ_CONSUME_CHECK_CONSUMER) timestamp=3879 ms, used_size=5535744 bytes (13.5%)
(RDMA_READ_CONSUME_CHECK_CONSUMER) timestamp=3879 ms, used_size=5533696 bytes (13.5%)
(RDMA_READ_CONSUME_CHECK_CONSUMER) timestamp=3879 ms, used_size=5531648 bytes (13.5%)
(RDMA_READ_CONSUME_CHECK_CONSUMER) timestamp=3879 ms, used_size=5529600 bytes (13.5%)
(RDMA_READ_CONSUME_CHECK_CONSUMER) timestamp=3879 ms, used_size=5527552 bytes (13.5%)
(RDMA_READ_CONSUME_CHECK_CONSUMER) timestamp=3879 ms, used_size=5525504 bytes (13.5%)
(RDMA_READ_CONSUME_CHECK_CONSUMER) timestamp=3879 ms, used_size=5523456 bytes (13.5%)
(RDMA_READ_CONSUME_CHECK_CONSUMER) timestamp=3879 ms, used_size=5521408 bytes (13.5%)
(RDMA_READ_CONSUME_CHECK_CONSUMER) timestamp=3879 ms, used_size=5519360 bytes (13.5%)
(RDMA_READ_CONSUME_CHECK_CONSUMER) timestamp=3879 ms, used_size=5517312 bytes (13.5%)
(RDMA_READ_CONSUME_CHECK_CONSUMER) timestamp=3879 ms, used_size=5515264 bytes (13.5%)
(RDMA_READ_CONSUME_CHECK_CONSUMER) timestamp=3879 ms, used_size=5513216 bytes (13.5%)
(RDMA_READ_CONSUME_CHECK_CONSUMER) timestamp=3879 ms, used_size=5511168 bytes (13.5%)
(RDMA_READ_CONSUME_CHECK_CONSUMER) timestamp=3879 ms, used_size=5509120 bytes (13.4%)
(RDMA_READ_CONSUME_CHECK_CONSUMER) timestamp=3879 ms, used_size=5507072 bytes (13.4%)
(RDMA_READ_CONSUME_CHECK_CONSUMER) timestamp=3879 ms, used_size=5505024 bytes (13.4%)
(RDMA_READ_CONSUME_CHECK_CONSUMER) timestamp=3879 ms, used_size=5502976 bytes (13.4%)
(RDMA_READ_CONSUME_CHECK_CONSUMER) timestamp=3879 ms, used_size=5500928 bytes (13.4%)
(RDMA_READ_CONSUME_CHECK_CONSUMER) timestamp=3879 ms, used_size=5498880 bytes (13.4%)
(RDMA_READ_CONSUME_CHECK_CONSUMER) timestamp=3879 ms, used_size=5496832 bytes (13.4%)
(RDMA_READ_CONSUME_CHECK_CONSUMER) timestamp=3879 ms, used_size=5494784 bytes (13.4%)
(RDMA_READ_CONSUME_CHECK_CONSUMER) timestamp=3879 ms, used_size=5492736 bytes (13.4%)
(RDMA_READ_CONSUME_CHECK_CONSUMER) timestamp=3879 ms, used_size=5490688 bytes (13.4%)
(RDMA_READ_CONSUME_CHECK_CONSUMER) timestamp=3879 ms, used_size=5488640 bytes (13.4%)
(RDMA_READ_CONSUME_CHECK_CONSUMER) timestamp=3879 ms, used_size=5486592 bytes (13.4%)
(RDMA_READ_CONSUME_CHECK_CONSUMER) timestamp=3879 ms, used_size=5484544 bytes (13.4%)
(RDMA_READ_CONSUME_CHECK_CONSUMER) timestamp=3880 ms, used_size=5482496 bytes (13.4%)
(RDMA_READ_CONSUME_CHECK_CONSUMER) timestamp=3880 ms, used_size=5480448 bytes (13.4%)
(RDMA_READ_CONSUME_CHECK_CONSUMER) timestamp=3880 ms, used_size=5478400 bytes (13.4%)
(RDMA_READ_CONSUME_CHECK_CONSUMER) timestamp=3880 ms, used_size=5476352 bytes (13.4%)
(RDMA_READ_CONSUME_CHECK_CONSUMER) timestamp=3880 ms, used_size=5474304 bytes (13.4%)
(RDMA_READ_CONSUME_CHECK_CONSUMER) timestamp=3880 ms, used_size=5472256 bytes (13.4%)
(RDMA_READ_CONSUME_CHECK_CONSUMER) timestamp=3880 ms, used_size=5470208 bytes (13.4%)
(RDMA_READ_CONSUME_CHECK_CONSUMER) timestamp=3880 ms, used_size=5468160 bytes (13.3%)
(RDMA_READ_CONSUME_CHECK_CONSUMER) timestamp=3880 ms, used_size=5466112 bytes (13.3%)
(RDMA_READ_CONSUME_CHECK_CONSUMER) timestamp=3880 ms, used_size=5464064 bytes (13.3%)
(RDMA_READ_CONSUME_CHECK_CONSUMER) timestamp=3880 ms, used_size=5462016 bytes (13.3%)
(RDMA_READ_CONSUME_CHECK_CONSUMER) timestamp=3880 ms, used_size=5459968 bytes (13.3%)
(RDMA_READ_CONSUME_CHECK_CONSUMER) timestamp=3880 ms, used_size=5457920 bytes (13.3%)
(RDMA_READ_CONSUME_CHECK_CONSUMER) timestamp=3880 ms, used_size=5455872 bytes (13.3%)
(RDMA_READ_CONSUME_CHECK_CONSUMER) timestamp=3880 ms, used_size=5453824 bytes (13.3%)
(RDMA_READ_CONSUME_CHECK_CONSUMER) timestamp=3880 ms, used_size=5451776 bytes (13.3%)
(RDMA_READ_CONSUME_CHECK_CONSUMER) timestamp=3880 ms, used_size=5449728 bytes (13.3%)
(RDMA_READ_CONSUME_CHECK_CONSUMER) timestamp=3880 ms, used_size=5447680 bytes (13.3%)
(RDMA_READ_CONSUME_CHECK_CONSUMER) timestamp=3880 ms, used_size=5445632 bytes (13.3%)
(RDMA_READ_CONSUME_CHECK_CONSUMER) timestamp=3880 ms, used_size=5443584 bytes (13.3%)
(RDMA_READ_CONSUME_CHECK_CONSUMER) timestamp=3880 ms, used_size=5441536 bytes (13.3%)
(RDMA_READ_CONSUME_CHECK_CONSUMER) timestamp=3880 ms, used_size=5439488 bytes (13.3%)
(RDMA_READ_CONSUME_CHECK_CONSUMER) timestamp=3880 ms, used_size=5437440 bytes (13.3%)
(RDMA_READ_CONSUME_CHECK_CONSUMER) timestamp=3880 ms, used_size=5435392 bytes (13.3%)
(RDMA_READ_CONSUME_CHECK_CONSUMER) timestamp=3880 ms, used_size=5433344 bytes (13.3%)
(RDMA_READ_CONSUME_CHECK_CONSUMER) timestamp=3880 ms, used_size=5431296 bytes (13.3%)
(RDMA_READ_CONSUME_CHECK_CONSUMER) timestamp=3880 ms, used_size=5429248 bytes (13.3%)
(RDMA_READ_CONSUME_CHECK_CONSUMER) timestamp=3880 ms, used_size=5427200 bytes (13.2%)
(RDMA_READ_CONSUME_CHECK_CONSUMER) timestamp=3880 ms, used_size=5425152 bytes (13.2%)
(RDMA_READ_CONSUME_CHECK_CONSUMER) timestamp=3880 ms, used_size=5423104 bytes (13.2%)
(RDMA_READ_CONSUME_CHECK_CONSUMER) timestamp=3880 ms, used_size=5421056 bytes (13.2%)
(RDMA_READ_CONSUME_CHECK_CONSUMER) timestamp=3880 ms, used_size=5419008 bytes (13.2%)
(RDMA_READ_CONSUME_CHECK_CONSUMER) timestamp=3880 ms, used_size=5416960 bytes (13.2%)
(RDMA_READ_CONSUME_CHECK_CONSUMER) timestamp=3880 ms, used_size=5414912 bytes (13.2%)
(RDMA_READ_CONSUME_CHECK_CONSUMER) timestamp=3880 ms, used_size=5412864 bytes (13.2%)
(RDMA_READ_CONSUME_CHECK_CONSUMER) timestamp=3880 ms, used_size=5410816 bytes (13.2%)
(RDMA_READ_CONSUME_CHECK_CONSUMER) timestamp=3880 ms, used_size=5408768 bytes (13.2%)
(RDMA_READ_CONSUME_CHECK_CONSUMER) timestamp=3880 ms, used_size=5406720 bytes (13.2%)
(RDMA_READ_CONSUME_CHECK_CONSUMER) timestamp=3880 ms, used_size=5404672 bytes (13.2%)
(RDMA_READ_CONSUME_CHECK_CONSUMER) timestamp=3880 ms, used_size=5402624 bytes (13.2%)
(RDMA_READ_CONSUME_CHECK_CONSUMER) timestamp=3880 ms, used_size=5400576 bytes (13.2%)
(RDMA_READ_CONSUME_CHECK_CONSUMER) timestamp=3880 ms, used_size=5398528 bytes (13.2%)
(RDMA_READ_CONSUME_CHECK_CONSUMER) timestamp=3880 ms, used_size=5396480 bytes (13.2%)
(RDMA_READ_CONSUME_CHECK_CONSUMER) timestamp=3880 ms, used_size=5394432 bytes (13.2%)
(RDMA_READ_CONSUME_CHECK_CONSUMER) timestamp=3880 ms, used_size=5392384 bytes (13.2%)
(RDMA_READ_CONSUME_CHECK_CONSUMER) timestamp=3880 ms, used_size=5390336 bytes (13.2%)
(RDMA_READ_CONSUME_CHECK_CONSUMER) timestamp=3880 ms, used_size=5388288 bytes (13.2%)
(RDMA_READ_CONSUME_CHECK_CONSUMER) timestamp=3880 ms, used_size=5386240 bytes (13.2%)
(RDMA_READ_CONSUME_CHECK_CONSUMER) timestamp=3880 ms, used_size=5384192 bytes (13.1%)
(RDMA_READ_CONSUME_CHECK_CONSUMER) timestamp=3880 ms, used_size=5382144 bytes (13.1%)
(RDMA_READ_CONSUME_CHECK_CONSUMER) timestamp=3880 ms, used_size=5380096 bytes (13.1%)
(RDMA_READ_CONSUME_CHECK_CONSUMER) timestamp=3880 ms, used_size=5378048 bytes (13.1%)
(RDMA_READ_CONSUME_CHECK_CONSUMER) timestamp=3880 ms, used_size=5376000 bytes (13.1%)
(RDMA_READ_CONSUME_CHECK_CONSUMER) timestamp=3880 ms, used_size=5373952 bytes (13.1%)
(RDMA_READ_CONSUME_CHECK_CONSUMER) timestamp=3880 ms, used_size=5371904 bytes (13.1%)
(RDMA_READ_CONSUME_CHECK_CONSUMER) timestamp=3880 ms, used_size=5369856 bytes (13.1%)
(RDMA_READ_CONSUME_CHECK_CONSUMER) timestamp=3880 ms, used_size=5367808 bytes (13.1%)
(RDMA_READ_CONSUME_CHECK_CONSUMER) timestamp=3880 ms, used_size=5365760 bytes (13.1%)
(RDMA_READ_CONSUME_CHECK_CONSUMER) timestamp=3880 ms, used_size=5363712 bytes (13.1%)
(RDMA_READ_CONSUME_CHECK_CONSUMER) timestamp=3880 ms, used_size=5361664 bytes (13.1%)
(RDMA_READ_CONSUME_CHECK_CONSUMER) timestamp=3880 ms, used_size=5359616 bytes (13.1%)
(RDMA_READ_CONSUME_CHECK_CONSUMER) timestamp=3880 ms, used_size=5357568 bytes (13.1%)
(RDMA_READ_CONSUME_CHECK_CONSUMER) timestamp=3880 ms, used_size=5355520 bytes (13.1%)
(RDMA_READ_CONSUME_CHECK_CONSUMER) timestamp=3880 ms, used_size=5353472 bytes (13.1%)
(RDMA_READ_CONSUME_CHECK_CONSUMER) timestamp=3880 ms, used_size=5351424 bytes (13.1%)
(RDMA_READ_CONSUME_CHECK_CONSUMER) timestamp=3880 ms, used_size=5349376 bytes (13.1%)
(RDMA_READ_CONSUME_CHECK_CONSUMER) timestamp=3880 ms, used_size=5347328 bytes (13.1%)
(RDMA_READ_CONSUME_CHECK_CONSUMER) timestamp=3880 ms, used_size=5345280 bytes (13.1%)
(RDMA_READ_CONSUME_CHECK_CONSUMER) timestamp=3880 ms, used_size=5343232 bytes (13.0%)
(RDMA_READ_CONSUME_CHECK_CONSUMER) timestamp=3880 ms, used_size=5341184 bytes (13.0%)
(RDMA_READ_CONSUME_CHECK_CONSUMER) timestamp=3880 ms, used_size=5339136 bytes (13.0%)
(RDMA_READ_CONSUME_CHECK_CONSUMER) timestamp=3880 ms, used_size=5337088 bytes (13.0%)
(RDMA_READ_CONSUME_CHECK_CONSUMER) timestamp=3880 ms, used_size=5335040 bytes (13.0%)
(RDMA_READ_CONSUME_CHECK_CONSUMER) timestamp=3880 ms, used_size=5332992 bytes (13.0%)
(RDMA_READ_CONSUME_CHECK_CONSUMER) timestamp=3880 ms, used_size=5330944 bytes (13.0%)
(RDMA_READ_CONSUME_CHECK_CONSUMER) timestamp=3880 ms, used_size=5328896 bytes (13.0%)
(RDMA_READ_CONSUME_CHECK_CONSUMER) timestamp=3880 ms, used_size=5326848 bytes (13.0%)
(RDMA_READ_CONSUME_CHECK_CONSUMER) timestamp=3880 ms, used_size=5324800 bytes (13.0%)
(RDMA_READ_CONSUME_CHECK_CONSUMER) timestamp=3880 ms, used_size=5322752 bytes (13.0%)
(RDMA_READ_CONSUME_CHECK_CONSUMER) timestamp=3880 ms, used_size=5320704 bytes (13.0%)
(RDMA_READ_CONSUME_CHECK_CONSUMER) timestamp=3880 ms, used_size=5318656 bytes (13.0%)
(RDMA_READ_CONSUME_CHECK_CONSUMER) timestamp=3880 ms, used_size=5316608 bytes (13.0%)
(RDMA_READ_CONSUME_CHECK_CONSUMER) timestamp=3880 ms, used_size=5314560 bytes (13.0%)
(RDMA_READ_CONSUME_CHECK_CONSUMER) timestamp=3880 ms, used_size=5312512 bytes (13.0%)
(RDMA_READ_CONSUME_CHECK_CONSUMER) timestamp=3880 ms, used_size=5310464 bytes (13.0%)
(RDMA_READ_CONSUME_CHECK_CONSUMER) timestamp=3880 ms, used_size=5308416 bytes (13.0%)
(RDMA_READ_CONSUME_CHECK_CONSUMER) timestamp=3880 ms, used_size=5306368 bytes (13.0%)
(RDMA_READ_CONSUME_CHECK_CONSUMER) timestamp=3880 ms, used_size=5304320 bytes (12.9%)
(RDMA_READ_CONSUME_CHECK_CONSUMER) timestamp=3880 ms, used_size=5302272 bytes (12.9%)
(RDMA_READ_CONSUME_CHECK_CONSUMER) timestamp=3880 ms, used_size=5300224 bytes (12.9%)
(RDMA_READ_CONSUME_CHECK_CONSUMER) timestamp=3880 ms, used_size=5298176 bytes (12.9%)
(RDMA_READ_CONSUME_CHECK_CONSUMER) timestamp=3880 ms, used_size=5296128 bytes (12.9%)
(RDMA_READ_CONSUME_CHECK_CONSUMER) timestamp=3880 ms, used_size=5294080 bytes (12.9%)
(RDMA_READ_CONSUME_CHECK_CONSUMER) timestamp=3880 ms, used_size=5292032 bytes (12.9%)
(RDMA_READ_CONSUME_CHECK_CONSUMER) timestamp=3880 ms, used_size=5289984 bytes (12.9%)
(RDMA_READ_CONSUME_CHECK_CONSUMER) timestamp=3880 ms, used_size=5287936 bytes (12.9%)
(RDMA_READ_CONSUME_CHECK_CONSUMER) timestamp=3880 ms, used_size=5285888 bytes (12.9%)
(RDMA_READ_CONSUME_CHECK_CONSUMER) timestamp=3880 ms, used_size=5283840 bytes (12.9%)
(RDMA_READ_CONSUME_CHECK_CONSUMER) timestamp=3880 ms, used_size=5281792 bytes (12.9%)
(RDMA_READ_CONSUME_CHECK_CONSUMER) timestamp=3880 ms, used_size=5279744 bytes (12.9%)
(RDMA_READ_CONSUME_CHECK_CONSUMER) timestamp=3880 ms, used_size=5277696 bytes (12.9%)
(RDMA_READ_CONSUME_CHECK_CONSUMER) timestamp=3880 ms, used_size=5275648 bytes (12.9%)
(RDMA_READ_CONSUME_CHECK_CONSUMER) timestamp=3880 ms, used_size=5273600 bytes (12.9%)
(RDMA_READ_CONSUME_CHECK_CONSUMER) timestamp=3880 ms, used_size=5271552 bytes (12.9%)
(RDMA_READ_CONSUME_CHECK_CONSUMER) timestamp=3880 ms, used_size=5269504 bytes (12.9%)
(RDMA_READ_CONSUME_CHECK_CONSUMER) timestamp=3880 ms, used_size=5267456 bytes (12.9%)
(RDMA_READ_CONSUME_CHECK_CONSUMER) timestamp=3880 ms, used_size=5265408 bytes (12.9%)
(RDMA_READ_CONSUME_CHECK_CONSUMER) timestamp=3880 ms, used_size=5263360 bytes (12.8%)
(RDMA_READ_CONSUME_CHECK_CONSUMER) timestamp=3880 ms, used_size=5261312 bytes (12.8%)
(RDMA_READ_CONSUME_CHECK_CONSUMER) timestamp=3880 ms, used_size=5259264 bytes (12.8%)
(RDMA_READ_CONSUME_CHECK_CONSUMER) timestamp=3880 ms, used_size=5257216 bytes (12.8%)
(RDMA_READ_CONSUME_CHECK_CONSUMER) timestamp=3880 ms, used_size=5255168 bytes (12.8%)
(RDMA_READ_CONSUME_CHECK_CONSUMER) timestamp=3880 ms, used_size=5253120 bytes (12.8%)
(RDMA_READ_CONSUME_CHECK_CONSUMER) timestamp=3880 ms, used_size=5251072 bytes (12.8%)
(RDMA_READ_CONSUME_CHECK_CONSUMER) timestamp=3880 ms, used_size=5249024 bytes (12.8%)
(RDMA_READ_CONSUME_CHECK_CONSUMER) timestamp=3880 ms, used_size=5246976 bytes (12.8%)
(RDMA_READ_CONSUME_CHECK_CONSUMER) timestamp=3880 ms, used_size=5244928 bytes (12.8%)
(RDMA_READ_CONSUME_CHECK_CONSUMER) timestamp=3880 ms, used_size=5242880 bytes (12.8%)
(RDMA_READ_CONSUME_CHECK_CONSUMER) timestamp=3880 ms, used_size=5240832 bytes (12.8%)
(RDMA_READ_CONSUME_CHECK_CONSUMER) timestamp=3880 ms, used_size=5238784 bytes (12.8%)
(RDMA_READ_CONSUME_CHECK_CONSUMER) timestamp=3880 ms, used_size=5236736 bytes (12.8%)
(RDMA_READ_CONSUME_CHECK_CONSUMER) timestamp=3880 ms, used_size=5234688 bytes (12.8%)
(RDMA_READ_CONSUME_CHECK_CONSUMER) timestamp=3880 ms, used_size=5232640 bytes (12.8%)
(RDMA_READ_CONSUME_CHECK_CONSUMER) timestamp=3880 ms, used_size=5230592 bytes (12.8%)
(RDMA_READ_CONSUME_CHECK_CONSUMER) timestamp=3880 ms, used_size=5228544 bytes (12.8%)
(RDMA_READ_CONSUME_CHECK_CONSUMER) timestamp=3880 ms, used_size=5226496 bytes (12.8%)
(RDMA_READ_CONSUME_CHECK_CONSUMER) timestamp=3880 ms, used_size=5224448 bytes (12.8%)
(RDMA_READ_CONSUME_CHECK_CONSUMER) timestamp=3880 ms, used_size=5222400 bytes (12.8%)
(RDMA_READ_CONSUME_CHECK_CONSUMER) timestamp=3880 ms, used_size=5220352 bytes (12.7%)
(RDMA_READ_CONSUME_CHECK_CONSUMER) timestamp=3880 ms, used_size=5218304 bytes (12.7%)
(RDMA_READ_CONSUME_CHECK_CONSUMER) timestamp=3880 ms, used_size=5216256 bytes (12.7%)
(RDMA_READ_CONSUME_CHECK_CONSUMER) timestamp=3880 ms, used_size=5214208 bytes (12.7%)
(RDMA_READ_CONSUME_CHECK_CONSUMER) timestamp=3880 ms, used_size=5212160 bytes (12.7%)
(RDMA_READ_CONSUME_CHECK_CONSUMER) timestamp=3880 ms, used_size=5210112 bytes (12.7%)
(RDMA_READ_CONSUME_CHECK_CONSUMER) timestamp=3880 ms, used_size=5208064 bytes (12.7%)
(RDMA_READ_CONSUME_CHECK_CONSUMER) timestamp=3880 ms, used_size=5206016 bytes (12.7%)
(RDMA_READ_CONSUME_CHECK_CONSUMER) timestamp=3880 ms, used_size=5203968 bytes (12.7%)
(RDMA_READ_CONSUME_CHECK_CONSUMER) timestamp=3880 ms, used_size=5201920 bytes (12.7%)
(RDMA_READ_CONSUME_CHECK_CONSUMER) timestamp=3880 ms, used_size=5199872 bytes (12.7%)
(RDMA_READ_CONSUME_CHECK_CONSUMER) timestamp=3880 ms, used_size=5197824 bytes (12.7%)
(RDMA_READ_CONSUME_CHECK_CONSUMER) timestamp=3880 ms, used_size=5195776 bytes (12.7%)
(RDMA_READ_CONSUME_CHECK_CONSUMER) timestamp=3880 ms, used_size=5193728 bytes (12.7%)
(RDMA_READ_CONSUME_CHECK_CONSUMER) timestamp=3880 ms, used_size=5191680 bytes (12.7%)
(RDMA_READ_CONSUME_CHECK_CONSUMER) timestamp=3880 ms, used_size=5189632 bytes (12.7%)
(RDMA_READ_CONSUME_CHECK_CONSUMER) timestamp=3880 ms, used_size=5187584 bytes (12.7%)
(RDMA_READ_CONSUME_CHECK_CONSUMER) timestamp=3880 ms, used_size=5185536 bytes (12.7%)
(RDMA_READ_CONSUME_CHECK_CONSUMER) timestamp=3880 ms, used_size=5183488 bytes (12.7%)
(RDMA_READ_CONSUME_CHECK_CONSUMER) timestamp=3880 ms, used_size=5181440 bytes (12.7%)
(RDMA_READ_CONSUME_CHECK_CONSUMER) timestamp=3880 ms, used_size=5179392 bytes (12.6%)
(RDMA_READ_CONSUME_CHECK_CONSUMER) timestamp=3880 ms, used_size=5177344 bytes (12.6%)
(RDMA_READ_CONSUME_CHECK_CONSUMER) timestamp=3880 ms, used_size=5175296 bytes (12.6%)
(RDMA_READ_CONSUME_CHECK_CONSUMER) timestamp=3880 ms, used_size=5173248 bytes (12.6%)
(RDMA_READ_CONSUME_CHECK_CONSUMER) timestamp=3880 ms, used_size=5171200 bytes (12.6%)
(RDMA_READ_CONSUME_CHECK_CONSUMER) timestamp=3880 ms, used_size=5169152 bytes (12.6%)
(RDMA_READ_CONSUME_CHECK_CONSUMER) timestamp=3880 ms, used_size=5167104 bytes (12.6%)
(RDMA_READ_CONSUME_CHECK_CONSUMER) timestamp=3880 ms, used_size=5165056 bytes (12.6%)
(RDMA_READ_CONSUME_CHECK_CONSUMER) timestamp=3880 ms, used_size=5163008 bytes (12.6%)
(RDMA_READ_CONSUME_CHECK_CONSUMER) timestamp=3880 ms, used_size=5160960 bytes (12.6%)
(RDMA_READ_CONSUME_CHECK_CONSUMER) timestamp=3880 ms, used_size=5158912 bytes (12.6%)
(RDMA_READ_CONSUME_CHECK_CONSUMER) timestamp=3880 ms, used_size=5156864 bytes (12.6%)
(RDMA_READ_CONSUME_CHECK_CONSUMER) timestamp=3880 ms, used_size=5154816 bytes (12.6%)
(RDMA_READ_CONSUME_CHECK_CONSUMER) timestamp=3880 ms, used_size=5152768 bytes (12.6%)
(RDMA_READ_CONSUME_CHECK_CONSUMER) timestamp=3880 ms, used_size=5150720 bytes (12.6%)
(RDMA_READ_CONSUME_CHECK_CONSUMER) timestamp=3880 ms, used_size=5148672 bytes (12.6%)
(RDMA_READ_CONSUME_CHECK_CONSUMER) timestamp=3880 ms, used_size=5146624 bytes (12.6%)
(RDMA_READ_CONSUME_CHECK_CONSUMER) timestamp=3880 ms, used_size=5144576 bytes (12.6%)
(RDMA_READ_CONSUME_CHECK_CONSUMER) timestamp=3880 ms, used_size=5142528 bytes (12.6%)
(RDMA_READ_CONSUME_CHECK_CONSUMER) timestamp=3880 ms, used_size=5140480 bytes (12.6%)
(RDMA_READ_CONSUME_CHECK_CONSUMER) timestamp=3880 ms, used_size=5138432 bytes (12.5%)
(RDMA_READ_CONSUME_CHECK_CONSUMER) timestamp=3880 ms, used_size=5136384 bytes (12.5%)
(RDMA_READ_CONSUME_CHECK_CONSUMER) timestamp=3880 ms, used_size=5134336 bytes (12.5%)
(RDMA_READ_CONSUME_CHECK_CONSUMER) timestamp=3880 ms, used_size=5132288 bytes (12.5%)
(RDMA_READ_CONSUME_CHECK_CONSUMER) timestamp=3880 ms, used_size=5130240 bytes (12.5%)
(RDMA_READ_CONSUME_CHECK_CONSUMER) timestamp=3880 ms, used_size=5128192 bytes (12.5%)
(RDMA_READ_CONSUME_CHECK_CONSUMER) timestamp=3880 ms, used_size=5126144 bytes (12.5%)
(RDMA_READ_CONSUME_CHECK_CONSUMER) timestamp=3880 ms, used_size=5124096 bytes (12.5%)
(RDMA_READ_CONSUME_CHECK_CONSUMER) timestamp=3880 ms, used_size=5122048 bytes (12.5%)
(RDMA_READ_CONSUME_CHECK_CONSUMER) timestamp=3880 ms, used_size=5120000 bytes (12.5%)
(RDMA_READ_CONSUME_CHECK_CONSUMER) timestamp=3880 ms, used_size=5117952 bytes (12.5%)
(RDMA_READ_CONSUME_CHECK_CONSUMER) timestamp=3880 ms, used_size=5115904 bytes (12.5%)
(RDMA_READ_CONSUME_CHECK_CONSUMER) timestamp=3881 ms, used_size=5113856 bytes (12.5%)
(RDMA_READ_CONSUME_CHECK_CONSUMER) timestamp=3881 ms, used_size=5111808 bytes (12.5%)
(RDMA_READ_CONSUME_CHECK_CONSUMER) timestamp=3881 ms, used_size=5109760 bytes (12.5%)
(RDMA_READ_CONSUME_CHECK_CONSUMER) timestamp=3881 ms, used_size=5107712 bytes (12.5%)
(RDMA_READ_CONSUME_CHECK_CONSUMER) timestamp=3881 ms, used_size=5105664 bytes (12.5%)
(RDMA_READ_CONSUME_CHECK_CONSUMER) timestamp=3881 ms, used_size=5103616 bytes (12.5%)
(RDMA_READ_CONSUME_CHECK_CONSUMER) timestamp=3881 ms, used_size=5101568 bytes (12.5%)
(RDMA_READ_CONSUME_CHECK_CONSUMER) timestamp=3881 ms, used_size=5099520 bytes (12.4%)
(RDMA_READ_CONSUME_CHECK_CONSUMER) timestamp=3881 ms, used_size=5097472 bytes (12.4%)
(RDMA_READ_CONSUME_CHECK_CONSUMER) timestamp=3881 ms, used_size=5095424 bytes (12.4%)
(RDMA_READ_CONSUME_CHECK_CONSUMER) timestamp=3881 ms, used_size=5093376 bytes (12.4%)
(RDMA_READ_CONSUME_CHECK_CONSUMER) timestamp=3881 ms, used_size=5091328 bytes (12.4%)
(RDMA_READ_CONSUME_CHECK_CONSUMER) timestamp=3881 ms, used_size=5089280 bytes (12.4%)
(RDMA_READ_CONSUME_CHECK_CONSUMER) timestamp=3881 ms, used_size=5087232 bytes (12.4%)
(RDMA_READ_CONSUME_CHECK_CONSUMER) timestamp=3881 ms, used_size=5085184 bytes (12.4%)
(RDMA_READ_CONSUME_CHECK_CONSUMER) timestamp=3881 ms, used_size=5083136 bytes (12.4%)
(RDMA_READ_CONSUME_CHECK_CONSUMER) timestamp=3881 ms, used_size=5081088 bytes (12.4%)
(RDMA_READ_CONSUME_CHECK_CONSUMER) timestamp=3881 ms, used_size=5079040 bytes (12.4%)
(RDMA_READ_CONSUME_CHECK_CONSUMER) timestamp=3881 ms, used_size=5076992 bytes (12.4%)
(RDMA_READ_CONSUME_CHECK_CONSUMER) timestamp=3881 ms, used_size=5074944 bytes (12.4%)
(RDMA_READ_CONSUME_CHECK_CONSUMER) timestamp=3881 ms, used_size=5072896 bytes (12.4%)
(RDMA_READ_CONSUME_CHECK_CONSUMER) timestamp=3881 ms, used_size=5070848 bytes (12.4%)
(RDMA_READ_CONSUME_CHECK_CONSUMER) timestamp=3881 ms, used_size=5068800 bytes (12.4%)
(RDMA_READ_CONSUME_CHECK_CONSUMER) timestamp=3881 ms, used_size=5066752 bytes (12.4%)
(RDMA_READ_CONSUME_CHECK_CONSUMER) timestamp=3881 ms, used_size=5064704 bytes (12.4%)
(RDMA_READ_CONSUME_CHECK_CONSUMER) timestamp=3881 ms, used_size=5062656 bytes (12.4%)
(RDMA_READ_CONSUME_CHECK_CONSUMER) timestamp=3881 ms, used_size=5060608 bytes (12.4%)
(RDMA_READ_CONSUME_CHECK_CONSUMER) timestamp=3881 ms, used_size=5058560 bytes (12.3%)
(RDMA_READ_CONSUME_CHECK_CONSUMER) timestamp=3881 ms, used_size=5056512 bytes (12.3%)
(RDMA_READ_CONSUME_CHECK_CONSUMER) timestamp=3881 ms, used_size=5054464 bytes (12.3%)
(RDMA_READ_CONSUME_CHECK_CONSUMER) timestamp=3881 ms, used_size=5052416 bytes (12.3%)
(RDMA_READ_CONSUME_CHECK_CONSUMER) timestamp=3881 ms, used_size=5050368 bytes (12.3%)
(RDMA_READ_CONSUME_CHECK_CONSUMER) timestamp=3881 ms, used_size=5048320 bytes (12.3%)
(RDMA_READ_CONSUME_CHECK_CONSUMER) timestamp=3881 ms, used_size=5046272 bytes (12.3%)
(RDMA_READ_CONSUME_CHECK_CONSUMER) timestamp=3881 ms, used_size=5044224 bytes (12.3%)
(RDMA_READ_CONSUME_CHECK_CONSUMER) timestamp=3881 ms, used_size=5042176 bytes (12.3%)
(RDMA_READ_CONSUME_CHECK_CONSUMER) timestamp=3881 ms, used_size=5040128 bytes (12.3%)
(RDMA_READ_CONSUME_CHECK_CONSUMER) timestamp=3881 ms, used_size=5038080 bytes (12.3%)
(RDMA_READ_CONSUME_CHECK_CONSUMER) timestamp=3881 ms, used_size=5036032 bytes (12.3%)
(RDMA_READ_CONSUME_CHECK_CONSUMER) timestamp=3881 ms, used_size=5033984 bytes (12.3%)
(RDMA_READ_CONSUME_CHECK_CONSUMER) timestamp=3881 ms, used_size=5031936 bytes (12.3%)
(RDMA_READ_CONSUME_CHECK_CONSUMER) timestamp=3881 ms, used_size=5029888 bytes (12.3%)
(RDMA_READ_CONSUME_CHECK_CONSUMER) timestamp=3881 ms, used_size=5027840 bytes (12.3%)
(RDMA_READ_CONSUME_CHECK_CONSUMER) timestamp=3881 ms, used_size=5025792 bytes (12.3%)
(RDMA_READ_CONSUME_CHECK_CONSUMER) timestamp=3881 ms, used_size=5023744 bytes (12.3%)
(RDMA_READ_CONSUME_CHECK_CONSUMER) timestamp=3881 ms, used_size=5021696 bytes (12.3%)
(RDMA_READ_CONSUME_CHECK_CONSUMER) timestamp=3881 ms, used_size=5019648 bytes (12.3%)
(RDMA_READ_CONSUME_CHECK_CONSUMER) timestamp=3881 ms, used_size=5017600 bytes (12.2%)
(RDMA_READ_CONSUME_CHECK_CONSUMER) timestamp=3881 ms, used_size=5015552 bytes (12.2%)
(RDMA_READ_CONSUME_CHECK_CONSUMER) timestamp=3881 ms, used_size=5013504 bytes (12.2%)
(RDMA_READ_CONSUME_CHECK_CONSUMER) timestamp=3881 ms, used_size=5011456 bytes (12.2%)
(RDMA_READ_CONSUME_CHECK_CONSUMER) timestamp=3881 ms, used_size=5009408 bytes (12.2%)
(RDMA_READ_CONSUME_CHECK_CONSUMER) timestamp=3881 ms, used_size=5007360 bytes (12.2%)
(RDMA_READ_CONSUME_CHECK_CONSUMER) timestamp=3881 ms, used_size=5005312 bytes (12.2%)
(RDMA_READ_CONSUME_CHECK_CONSUMER) timestamp=3881 ms, used_size=5003264 bytes (12.2%)
(RDMA_READ_CONSUME_CHECK_CONSUMER) timestamp=3881 ms, used_size=5001216 bytes (12.2%)
(RDMA_READ_CONSUME_CHECK_CONSUMER) timestamp=3881 ms, used_size=4999168 bytes (12.2%)
(RDMA_READ_CONSUME_CHECK_CONSUMER) timestamp=3881 ms, used_size=4997120 bytes (12.2%)
(RDMA_READ_CONSUME_CHECK_CONSUMER) timestamp=3881 ms, used_size=4995072 bytes (12.2%)
(RDMA_READ_CONSUME_CHECK_CONSUMER) timestamp=3881 ms, used_size=4993024 bytes (12.2%)
(RDMA_READ_CONSUME_CHECK_CONSUMER) timestamp=3881 ms, used_size=4990976 bytes (12.2%)
(RDMA_READ_CONSUME_CHECK_CONSUMER) timestamp=3881 ms, used_size=4988928 bytes (12.2%)
(RDMA_READ_CONSUME_CHECK_CONSUMER) timestamp=3881 ms, used_size=4986880 bytes (12.2%)
(RDMA_READ_CONSUME_CHECK_CONSUMER) timestamp=3881 ms, used_size=4984832 bytes (12.2%)
(RDMA_READ_CONSUME_CHECK_CONSUMER) timestamp=3881 ms, used_size=4982784 bytes (12.2%)
(RDMA_READ_CONSUME_CHECK_CONSUMER) timestamp=3881 ms, used_size=4980736 bytes (12.2%)
(RDMA_READ_CONSUME_CHECK_CONSUMER) timestamp=3881 ms, used_size=4978688 bytes (12.2%)
(RDMA_READ_CONSUME_CHECK_CONSUMER) timestamp=3881 ms, used_size=4976640 bytes (12.2%)
(RDMA_READ_CONSUME_CHECK_CONSUMER) timestamp=3881 ms, used_size=4974592 bytes (12.1%)
(RDMA_READ_CONSUME_CHECK_CONSUMER) timestamp=3881 ms, used_size=4972544 bytes (12.1%)
(RDMA_READ_CONSUME_CHECK_CONSUMER) timestamp=3881 ms, used_size=4970496 bytes (12.1%)
(RDMA_READ_CONSUME_CHECK_CONSUMER) timestamp=3881 ms, used_size=4968448 bytes (12.1%)
(RDMA_READ_CONSUME_CHECK_CONSUMER) timestamp=3881 ms, used_size=4966400 bytes (12.1%)
(RDMA_READ_CONSUME_CHECK_CONSUMER) timestamp=3881 ms, used_size=4964352 bytes (12.1%)
(RDMA_READ_CONSUME_CHECK_CONSUMER) timestamp=3881 ms, used_size=4962304 bytes (12.1%)
(RDMA_READ_CONSUME_CHECK_CONSUMER) timestamp=3881 ms, used_size=4960256 bytes (12.1%)
(RDMA_READ_CONSUME_CHECK_CONSUMER) timestamp=3881 ms, used_size=4958208 bytes (12.1%)
(RDMA_READ_CONSUME_CHECK_CONSUMER) timestamp=3881 ms, used_size=4956160 bytes (12.1%)
(RDMA_READ_CONSUME_CHECK_CONSUMER) timestamp=3881 ms, used_size=4954112 bytes (12.1%)
(RDMA_READ_CONSUME_CHECK_CONSUMER) timestamp=3881 ms, used_size=4952064 bytes (12.1%)
(RDMA_READ_CONSUME_CHECK_CONSUMER) timestamp=3881 ms, used_size=4950016 bytes (12.1%)
(RDMA_READ_CONSUME_CHECK_CONSUMER) timestamp=3881 ms, used_size=4947968 bytes (12.1%)
(RDMA_READ_CONSUME_CHECK_CONSUMER) timestamp=3881 ms, used_size=4945920 bytes (12.1%)
(RDMA_READ_CONSUME_CHECK_CONSUMER) timestamp=3881 ms, used_size=4943872 bytes (12.1%)
(RDMA_READ_CONSUME_CHECK_CONSUMER) timestamp=3881 ms, used_size=4941824 bytes (12.1%)
(RDMA_READ_CONSUME_CHECK_CONSUMER) timestamp=3881 ms, used_size=4939776 bytes (12.1%)
(RDMA_READ_CONSUME_CHECK_CONSUMER) timestamp=3881 ms, used_size=4937728 bytes (12.1%)
(RDMA_READ_CONSUME_CHECK_CONSUMER) timestamp=3881 ms, used_size=4935680 bytes (12.1%)
(RDMA_READ_CONSUME_CHECK_CONSUMER) timestamp=3881 ms, used_size=4933632 bytes (12.0%)
(RDMA_READ_CONSUME_CHECK_CONSUMER) timestamp=3881 ms, used_size=4931584 bytes (12.0%)
(RDMA_READ_CONSUME_CHECK_CONSUMER) timestamp=3881 ms, used_size=4929536 bytes (12.0%)
(RDMA_READ_CONSUME_CHECK_CONSUMER) timestamp=3881 ms, used_size=4927488 bytes (12.0%)
(RDMA_READ_CONSUME_CHECK_CONSUMER) timestamp=3881 ms, used_size=4925440 bytes (12.0%)
(RDMA_READ_CONSUME_CHECK_CONSUMER) timestamp=3881 ms, used_size=4923392 bytes (12.0%)
(RDMA_READ_CONSUME_CHECK_CONSUMER) timestamp=3881 ms, used_size=4921344 bytes (12.0%)
(RDMA_READ_CONSUME_CHECK_CONSUMER) timestamp=3881 ms, used_size=4919296 bytes (12.0%)
(RDMA_READ_CONSUME_CHECK_CONSUMER) timestamp=3881 ms, used_size=4917248 bytes (12.0%)
(RDMA_READ_CONSUME_CHECK_CONSUMER) timestamp=3881 ms, used_size=4915200 bytes (12.0%)
(RDMA_READ_CONSUME_CHECK_CONSUMER) timestamp=3881 ms, used_size=4913152 bytes (12.0%)
(RDMA_READ_CONSUME_CHECK_CONSUMER) timestamp=3881 ms, used_size=4911104 bytes (12.0%)
(RDMA_READ_CONSUME_CHECK_CONSUMER) timestamp=3881 ms, used_size=4909056 bytes (12.0%)
(RDMA_READ_CONSUME_CHECK_CONSUMER) timestamp=3881 ms, used_size=4907008 bytes (12.0%)
(RDMA_READ_CONSUME_CHECK_CONSUMER) timestamp=3881 ms, used_size=4904960 bytes (12.0%)
(RDMA_READ_CONSUME_CHECK_CONSUMER) timestamp=3881 ms, used_size=4902912 bytes (12.0%)
(RDMA_READ_CONSUME_CHECK_CONSUMER) timestamp=3881 ms, used_size=4900864 bytes (12.0%)
(RDMA_READ_CONSUME_CHECK_CONSUMER) timestamp=3881 ms, used_size=4898816 bytes (12.0%)
(RDMA_READ_CONSUME_CHECK_CONSUMER) timestamp=3881 ms, used_size=4896768 bytes (12.0%)
(RDMA_READ_CONSUME_CHECK_CONSUMER) timestamp=3881 ms, used_size=4894720 bytes (11.9%)
(RDMA_READ_CONSUME_CHECK_CONSUMER) timestamp=3881 ms, used_size=4892672 bytes (11.9%)
(RDMA_READ_CONSUME_CHECK_CONSUMER) timestamp=3881 ms, used_size=4890624 bytes (11.9%)
(RDMA_READ_CONSUME_CHECK_CONSUMER) timestamp=3881 ms, used_size=4888576 bytes (11.9%)
(RDMA_READ_CONSUME_CHECK_CONSUMER) timestamp=3881 ms, used_size=4886528 bytes (11.9%)
(RDMA_READ_CONSUME_CHECK_CONSUMER) timestamp=3881 ms, used_size=4884480 bytes (11.9%)
(RDMA_READ_CONSUME_CHECK_CONSUMER) timestamp=3881 ms, used_size=4882432 bytes (11.9%)
(RDMA_READ_CONSUME_CHECK_CONSUMER) timestamp=3881 ms, used_size=4880384 bytes (11.9%)
(RDMA_READ_CONSUME_CHECK_CONSUMER) timestamp=3881 ms, used_size=4878336 bytes (11.9%)
(RDMA_READ_CONSUME_CHECK_CONSUMER) timestamp=3881 ms, used_size=4876288 bytes (11.9%)
(RDMA_READ_CONSUME_CHECK_CONSUMER) timestamp=3881 ms, used_size=4874240 bytes (11.9%)
(RDMA_READ_CONSUME_CHECK_CONSUMER) timestamp=3881 ms, used_size=4872192 bytes (11.9%)
(RDMA_READ_CONSUME_CHECK_CONSUMER) timestamp=3881 ms, used_size=4870144 bytes (11.9%)
(RDMA_READ_CONSUME_CHECK_CONSUMER) timestamp=3881 ms, used_size=4868096 bytes (11.9%)
(RDMA_READ_CONSUME_CHECK_CONSUMER) timestamp=3881 ms, used_size=4866048 bytes (11.9%)
(RDMA_READ_CONSUME_CHECK_CONSUMER) timestamp=3881 ms, used_size=4864000 bytes (11.9%)
(RDMA_READ_CONSUME_CHECK_CONSUMER) timestamp=3881 ms, used_size=4861952 bytes (11.9%)
(RDMA_READ_CONSUME_CHECK_CONSUMER) timestamp=3881 ms, used_size=4859904 bytes (11.9%)
(RDMA_READ_CONSUME_CHECK_CONSUMER) timestamp=3881 ms, used_size=4857856 bytes (11.9%)
(RDMA_READ_CONSUME_CHECK_CONSUMER) timestamp=3881 ms, used_size=4855808 bytes (11.9%)
(RDMA_READ_CONSUME_CHECK_CONSUMER) timestamp=3881 ms, used_size=4853760 bytes (11.8%)
(RDMA_READ_CONSUME_CHECK_CONSUMER) timestamp=3881 ms, used_size=4851712 bytes (11.8%)
(RDMA_READ_CONSUME_CHECK_CONSUMER) timestamp=3881 ms, used_size=4849664 bytes (11.8%)
(RDMA_READ_CONSUME_CHECK_CONSUMER) timestamp=3881 ms, used_size=4847616 bytes (11.8%)
(RDMA_READ_CONSUME_CHECK_CONSUMER) timestamp=3881 ms, used_size=4845568 bytes (11.8%)
(RDMA_READ_CONSUME_CHECK_CONSUMER) timestamp=3881 ms, used_size=4843520 bytes (11.8%)
(RDMA_READ_CONSUME_CHECK_CONSUMER) timestamp=3881 ms, used_size=4841472 bytes (11.8%)
(RDMA_READ_CONSUME_CHECK_CONSUMER) timestamp=3881 ms, used_size=4839424 bytes (11.8%)
(RDMA_READ_CONSUME_CHECK_CONSUMER) timestamp=3881 ms, used_size=4837376 bytes (11.8%)
(RDMA_READ_CONSUME_CHECK_CONSUMER) timestamp=3881 ms, used_size=4835328 bytes (11.8%)
(RDMA_READ_CONSUME_CHECK_CONSUMER) timestamp=3881 ms, used_size=4833280 bytes (11.8%)
(RDMA_READ_CONSUME_CHECK_CONSUMER) timestamp=3881 ms, used_size=4831232 bytes (11.8%)
(RDMA_READ_CONSUME_CHECK_CONSUMER) timestamp=3881 ms, used_size=4829184 bytes (11.8%)
(RDMA_READ_CONSUME_CHECK_CONSUMER) timestamp=3881 ms, used_size=4827136 bytes (11.8%)
(RDMA_READ_CONSUME_CHECK_CONSUMER) timestamp=3881 ms, used_size=4825088 bytes (11.8%)
(RDMA_READ_CONSUME_CHECK_CONSUMER) timestamp=3881 ms, used_size=4823040 bytes (11.8%)
(RDMA_READ_CONSUME_CHECK_CONSUMER) timestamp=3881 ms, used_size=4820992 bytes (11.8%)
(RDMA_READ_CONSUME_CHECK_CONSUMER) timestamp=3881 ms, used_size=4818944 bytes (11.8%)
(RDMA_READ_CONSUME_CHECK_CONSUMER) timestamp=3881 ms, used_size=4816896 bytes (11.8%)
(RDMA_READ_CONSUME_CHECK_CONSUMER) timestamp=3881 ms, used_size=4814848 bytes (11.8%)
(RDMA_READ_CONSUME_CHECK_CONSUMER) timestamp=3881 ms, used_size=4812800 bytes (11.8%)
(RDMA_READ_CONSUME_CHECK_CONSUMER) timestamp=3881 ms, used_size=4810752 bytes (11.7%)
(RDMA_READ_CONSUME_CHECK_CONSUMER) timestamp=3881 ms, used_size=4808704 bytes (11.7%)
(RDMA_READ_CONSUME_CHECK_CONSUMER) timestamp=3881 ms, used_size=4806656 bytes (11.7%)
(RDMA_READ_CONSUME_CHECK_CONSUMER) timestamp=3881 ms, used_size=4804608 bytes (11.7%)
(RDMA_READ_CONSUME_CHECK_CONSUMER) timestamp=3881 ms, used_size=4802560 bytes (11.7%)
(RDMA_READ_CONSUME_CHECK_CONSUMER) timestamp=3881 ms, used_size=4800512 bytes (11.7%)
(RDMA_READ_CONSUME_CHECK_CONSUMER) timestamp=3881 ms, used_size=4798464 bytes (11.7%)
(RDMA_READ_CONSUME_CHECK_CONSUMER) timestamp=3881 ms, used_size=4796416 bytes (11.7%)
(RDMA_READ_CONSUME_CHECK_CONSUMER) timestamp=3881 ms, used_size=4794368 bytes (11.7%)
(RDMA_READ_CONSUME_CHECK_CONSUMER) timestamp=3881 ms, used_size=4792320 bytes (11.7%)
(RDMA_READ_CONSUME_CHECK_CONSUMER) timestamp=3881 ms, used_size=4790272 bytes (11.7%)
(RDMA_READ_CONSUME_CHECK_CONSUMER) timestamp=3881 ms, used_size=4788224 bytes (11.7%)
(RDMA_READ_CONSUME_CHECK_CONSUMER) timestamp=3881 ms, used_size=4786176 bytes (11.7%)
(RDMA_READ_CONSUME_CHECK_CONSUMER) timestamp=3881 ms, used_size=4784128 bytes (11.7%)
(RDMA_READ_CONSUME_CHECK_CONSUMER) timestamp=3881 ms, used_size=4782080 bytes (11.7%)
(RDMA_READ_CONSUME_CHECK_CONSUMER) timestamp=3881 ms, used_size=4780032 bytes (11.7%)
(RDMA_READ_CONSUME_CHECK_CONSUMER) timestamp=3881 ms, used_size=4777984 bytes (11.7%)
(RDMA_READ_CONSUME_CHECK_CONSUMER) timestamp=3881 ms, used_size=4775936 bytes (11.7%)
(RDMA_READ_CONSUME_CHECK_CONSUMER) timestamp=3881 ms, used_size=4773888 bytes (11.7%)
(RDMA_READ_CONSUME_CHECK_CONSUMER) timestamp=3881 ms, used_size=4771840 bytes (11.7%)
(RDMA_READ_CONSUME_CHECK_CONSUMER) timestamp=3881 ms, used_size=4769792 bytes (11.6%)
(RDMA_READ_CONSUME_CHECK_CONSUMER) timestamp=3881 ms, used_size=4767744 bytes (11.6%)
(RDMA_READ_CONSUME_CHECK_CONSUMER) timestamp=3881 ms, used_size=4765696 bytes (11.6%)
(RDMA_READ_CONSUME_CHECK_CONSUMER) timestamp=3881 ms, used_size=4763648 bytes (11.6%)
(RDMA_READ_CONSUME_CHECK_CONSUMER) timestamp=3881 ms, used_size=4761600 bytes (11.6%)
(RDMA_READ_CONSUME_CHECK_CONSUMER) timestamp=3881 ms, used_size=4759552 bytes (11.6%)
(RDMA_READ_CONSUME_CHECK_CONSUMER) timestamp=3881 ms, used_size=4757504 bytes (11.6%)
(RDMA_READ_CONSUME_CHECK_CONSUMER) timestamp=3881 ms, used_size=4755456 bytes (11.6%)
(RDMA_READ_CONSUME_CHECK_CONSUMER) timestamp=3881 ms, used_size=4753408 bytes (11.6%)
(RDMA_READ_CONSUME_CHECK_CONSUMER) timestamp=3881 ms, used_size=4751360 bytes (11.6%)
(RDMA_READ_CONSUME_CHECK_CONSUMER) timestamp=3881 ms, used_size=4749312 bytes (11.6%)
(RDMA_READ_CONSUME_CHECK_CONSUMER) timestamp=3882 ms, used_size=4747264 bytes (11.6%)
(RDMA_READ_CONSUME_CHECK_CONSUMER) timestamp=3882 ms, used_size=4745216 bytes (11.6%)
(RDMA_READ_CONSUME_CHECK_CONSUMER) timestamp=3882 ms, used_size=4743168 bytes (11.6%)
(RDMA_READ_CONSUME_CHECK_CONSUMER) timestamp=3882 ms, used_size=4741120 bytes (11.6%)
(RDMA_READ_CONSUME_CHECK_CONSUMER) timestamp=3882 ms, used_size=4739072 bytes (11.6%)
(RDMA_READ_CONSUME_CHECK_CONSUMER) timestamp=3882 ms, used_size=4737024 bytes (11.6%)
(RDMA_READ_CONSUME_CHECK_CONSUMER) timestamp=3882 ms, used_size=4734976 bytes (11.6%)
(RDMA_READ_CONSUME_CHECK_CONSUMER) timestamp=3882 ms, used_size=4732928 bytes (11.6%)
(RDMA_READ_CONSUME_CHECK_CONSUMER) timestamp=3882 ms, used_size=4730880 bytes (11.6%)
(RDMA_READ_CONSUME_CHECK_CONSUMER) timestamp=3882 ms, used_size=4728832 bytes (11.5%)
(RDMA_READ_CONSUME_CHECK_CONSUMER) timestamp=3882 ms, used_size=4726784 bytes (11.5%)
(RDMA_READ_CONSUME_CHECK_CONSUMER) timestamp=3882 ms, used_size=4724736 bytes (11.5%)
(RDMA_READ_CONSUME_CHECK_CONSUMER) timestamp=3882 ms, used_size=4722688 bytes (11.5%)
(RDMA_READ_CONSUME_CHECK_CONSUMER) timestamp=3882 ms, used_size=4720640 bytes (11.5%)
(RDMA_READ_CONSUME_CHECK_CONSUMER) timestamp=3882 ms, used_size=4718592 bytes (11.5%)
(RDMA_READ_CONSUME_CHECK_CONSUMER) timestamp=3882 ms, used_size=4716544 bytes (11.5%)
(RDMA_READ_CONSUME_CHECK_CONSUMER) timestamp=3882 ms, used_size=4714496 bytes (11.5%)
(RDMA_READ_CONSUME_CHECK_CONSUMER) timestamp=3882 ms, used_size=4712448 bytes (11.5%)
(RDMA_READ_CONSUME_CHECK_CONSUMER) timestamp=3882 ms, used_size=4710400 bytes (11.5%)
(RDMA_READ_CONSUME_CHECK_CONSUMER) timestamp=3882 ms, used_size=4708352 bytes (11.5%)
(RDMA_READ_CONSUME_CHECK_CONSUMER) timestamp=3882 ms, used_size=4706304 bytes (11.5%)
(RDMA_READ_CONSUME_CHECK_CONSUMER) timestamp=3882 ms, used_size=4704256 bytes (11.5%)
(RDMA_READ_CONSUME_CHECK_CONSUMER) timestamp=3882 ms, used_size=4702208 bytes (11.5%)
(RDMA_READ_CONSUME_CHECK_CONSUMER) timestamp=3882 ms, used_size=4700160 bytes (11.5%)
(RDMA_READ_CONSUME_CHECK_CONSUMER) timestamp=3882 ms, used_size=4698112 bytes (11.5%)
(RDMA_READ_CONSUME_CHECK_CONSUMER) timestamp=3882 ms, used_size=4696064 bytes (11.5%)
(RDMA_READ_CONSUME_CHECK_CONSUMER) timestamp=3882 ms, used_size=4694016 bytes (11.5%)
(RDMA_READ_CONSUME_CHECK_CONSUMER) timestamp=3882 ms, used_size=4691968 bytes (11.5%)
(RDMA_READ_CONSUME_CHECK_CONSUMER) timestamp=3882 ms, used_size=4689920 bytes (11.4%)
(RDMA_READ_CONSUME_CHECK_CONSUMER) timestamp=3882 ms, used_size=4687872 bytes (11.4%)
(RDMA_READ_CONSUME_CHECK_CONSUMER) timestamp=3882 ms, used_size=4685824 bytes (11.4%)
(RDMA_READ_CONSUME_CHECK_CONSUMER) timestamp=3882 ms, used_size=4683776 bytes (11.4%)
(RDMA_READ_CONSUME_CHECK_CONSUMER) timestamp=3882 ms, used_size=4681728 bytes (11.4%)
(RDMA_READ_CONSUME_CHECK_CONSUMER) timestamp=3882 ms, used_size=4679680 bytes (11.4%)
(RDMA_READ_CONSUME_CHECK_CONSUMER) timestamp=3882 ms, used_size=4677632 bytes (11.4%)
(RDMA_READ_CONSUME_CHECK_CONSUMER) timestamp=3882 ms, used_size=4675584 bytes (11.4%)
(RDMA_READ_CONSUME_CHECK_CONSUMER) timestamp=3882 ms, used_size=4673536 bytes (11.4%)
(RDMA_READ_CONSUME_CHECK_CONSUMER) timestamp=3882 ms, used_size=4671488 bytes (11.4%)
(RDMA_READ_CONSUME_CHECK_CONSUMER) timestamp=3882 ms, used_size=4669440 bytes (11.4%)
(RDMA_READ_CONSUME_CHECK_CONSUMER) timestamp=3882 ms, used_size=4667392 bytes (11.4%)
(RDMA_READ_CONSUME_CHECK_CONSUMER) timestamp=3882 ms, used_size=4665344 bytes (11.4%)
(RDMA_READ_CONSUME_CHECK_CONSUMER) timestamp=3882 ms, used_size=4663296 bytes (11.4%)
(RDMA_READ_CONSUME_CHECK_CONSUMER) timestamp=3882 ms, used_size=4661248 bytes (11.4%)
(RDMA_READ_CONSUME_CHECK_CONSUMER) timestamp=3882 ms, used_size=4659200 bytes (11.4%)
(RDMA_READ_CONSUME_CHECK_CONSUMER) timestamp=3882 ms, used_size=4657152 bytes (11.4%)
(RDMA_READ_CONSUME_CHECK_CONSUMER) timestamp=3882 ms, used_size=4655104 bytes (11.4%)
(RDMA_READ_CONSUME_CHECK_CONSUMER) timestamp=3882 ms, used_size=4653056 bytes (11.4%)
(RDMA_READ_CONSUME_CHECK_CONSUMER) timestamp=3882 ms, used_size=4651008 bytes (11.4%)
(RDMA_READ_CONSUME_CHECK_CONSUMER) timestamp=3882 ms, used_size=4648960 bytes (11.3%)
(RDMA_READ_CONSUME_CHECK_CONSUMER) timestamp=3882 ms, used_size=4646912 bytes (11.3%)
(RDMA_READ_CONSUME_CHECK_CONSUMER) timestamp=3882 ms, used_size=4644864 bytes (11.3%)
(RDMA_READ_CONSUME_CHECK_CONSUMER) timestamp=3882 ms, used_size=4642816 bytes (11.3%)
(RDMA_READ_CONSUME_CHECK_CONSUMER) timestamp=3882 ms, used_size=4640768 bytes (11.3%)
(RDMA_READ_CONSUME_CHECK_CONSUMER) timestamp=3882 ms, used_size=4638720 bytes (11.3%)
(RDMA_READ_CONSUME_CHECK_CONSUMER) timestamp=3882 ms, used_size=4636672 bytes (11.3%)
(RDMA_READ_CONSUME_CHECK_CONSUMER) timestamp=3882 ms, used_size=4634624 bytes (11.3%)
(RDMA_READ_CONSUME_CHECK_CONSUMER) timestamp=3882 ms, used_size=4632576 bytes (11.3%)
(RDMA_READ_CONSUME_CHECK_CONSUMER) timestamp=3882 ms, used_size=4630528 bytes (11.3%)
(RDMA_READ_CONSUME_CHECK_CONSUMER) timestamp=3882 ms, used_size=4628480 bytes (11.3%)
(RDMA_READ_CONSUME_CHECK_CONSUMER) timestamp=3882 ms, used_size=4626432 bytes (11.3%)
(RDMA_READ_CONSUME_CHECK_CONSUMER) timestamp=3882 ms, used_size=4624384 bytes (11.3%)
(RDMA_READ_CONSUME_CHECK_CONSUMER) timestamp=3882 ms, used_size=4622336 bytes (11.3%)
(RDMA_READ_CONSUME_CHECK_CONSUMER) timestamp=3882 ms, used_size=4620288 bytes (11.3%)
(RDMA_READ_CONSUME_CHECK_CONSUMER) timestamp=3882 ms, used_size=4618240 bytes (11.3%)
(RDMA_READ_CONSUME_CHECK_CONSUMER) timestamp=3882 ms, used_size=4616192 bytes (11.3%)
(RDMA_READ_CONSUME_CHECK_CONSUMER) timestamp=3882 ms, used_size=4614144 bytes (11.3%)
(RDMA_READ_CONSUME_CHECK_CONSUMER) timestamp=3882 ms, used_size=4612096 bytes (11.3%)
(RDMA_READ_CONSUME_CHECK_CONSUMER) timestamp=3882 ms, used_size=4610048 bytes (11.3%)
(RDMA_READ_CONSUME_CHECK_CONSUMER) timestamp=3882 ms, used_size=4608000 bytes (11.2%)
(RDMA_READ_CONSUME_CHECK_CONSUMER) timestamp=3882 ms, used_size=4605952 bytes (11.2%)
(RDMA_READ_CONSUME_CHECK_CONSUMER) timestamp=3882 ms, used_size=4603904 bytes (11.2%)
(RDMA_READ_CONSUME_CHECK_CONSUMER) timestamp=3882 ms, used_size=4601856 bytes (11.2%)
(RDMA_READ_CONSUME_CHECK_CONSUMER) timestamp=3882 ms, used_size=4599808 bytes (11.2%)
(RDMA_READ_CONSUME_CHECK_CONSUMER) timestamp=3882 ms, used_size=4597760 bytes (11.2%)
(RDMA_READ_CONSUME_CHECK_CONSUMER) timestamp=3882 ms, used_size=4595712 bytes (11.2%)
(RDMA_READ_CONSUME_CHECK_CONSUMER) timestamp=3882 ms, used_size=4593664 bytes (11.2%)
(RDMA_READ_CONSUME_CHECK_CONSUMER) timestamp=3882 ms, used_size=4591616 bytes (11.2%)
(RDMA_READ_CONSUME_CHECK_CONSUMER) timestamp=3882 ms, used_size=4589568 bytes (11.2%)
(RDMA_READ_CONSUME_CHECK_CONSUMER) timestamp=3882 ms, used_size=4587520 bytes (11.2%)
(RDMA_READ_CONSUME_CHECK_CONSUMER) timestamp=3882 ms, used_size=4585472 bytes (11.2%)
(RDMA_READ_CONSUME_CHECK_CONSUMER) timestamp=3882 ms, used_size=4583424 bytes (11.2%)
(RDMA_READ_CONSUME_CHECK_CONSUMER) timestamp=3882 ms, used_size=4581376 bytes (11.2%)
(RDMA_READ_CONSUME_CHECK_CONSUMER) timestamp=3882 ms, used_size=4579328 bytes (11.2%)
(RDMA_READ_CONSUME_CHECK_CONSUMER) timestamp=3882 ms, used_size=4577280 bytes (11.2%)
(RDMA_READ_CONSUME_CHECK_CONSUMER) timestamp=3882 ms, used_size=4575232 bytes (11.2%)
(RDMA_READ_CONSUME_CHECK_CONSUMER) timestamp=3882 ms, used_size=4573184 bytes (11.2%)
(RDMA_READ_CONSUME_CHECK_CONSUMER) timestamp=3882 ms, used_size=4571136 bytes (11.2%)
(RDMA_READ_CONSUME_CHECK_CONSUMER) timestamp=3882 ms, used_size=4569088 bytes (11.2%)
(RDMA_READ_CONSUME_CHECK_CONSUMER) timestamp=3882 ms, used_size=4567040 bytes (11.2%)
(RDMA_READ_CONSUME_CHECK_CONSUMER) timestamp=3882 ms, used_size=4564992 bytes (11.1%)
(RDMA_READ_CONSUME_CHECK_CONSUMER) timestamp=3882 ms, used_size=4562944 bytes (11.1%)
(RDMA_READ_CONSUME_CHECK_CONSUMER) timestamp=3882 ms, used_size=4560896 bytes (11.1%)
(RDMA_READ_CONSUME_CHECK_CONSUMER) timestamp=3882 ms, used_size=4558848 bytes (11.1%)
(RDMA_READ_CONSUME_CHECK_CONSUMER) timestamp=3882 ms, used_size=4556800 bytes (11.1%)
(RDMA_READ_CONSUME_CHECK_CONSUMER) timestamp=3882 ms, used_size=4554752 bytes (11.1%)
(RDMA_READ_CONSUME_CHECK_CONSUMER) timestamp=3882 ms, used_size=4552704 bytes (11.1%)
(RDMA_READ_CONSUME_CHECK_CONSUMER) timestamp=3882 ms, used_size=4550656 bytes (11.1%)
(RDMA_READ_CONSUME_CHECK_CONSUMER) timestamp=3882 ms, used_size=4548608 bytes (11.1%)
(RDMA_READ_CONSUME_CHECK_CONSUMER) timestamp=3882 ms, used_size=4546560 bytes (11.1%)
(RDMA_READ_CONSUME_CHECK_CONSUMER) timestamp=3882 ms, used_size=4544512 bytes (11.1%)
(RDMA_READ_CONSUME_CHECK_CONSUMER) timestamp=3882 ms, used_size=4542464 bytes (11.1%)
(RDMA_READ_CONSUME_CHECK_CONSUMER) timestamp=3882 ms, used_size=4540416 bytes (11.1%)
(RDMA_READ_CONSUME_CHECK_CONSUMER) timestamp=3882 ms, used_size=4538368 bytes (11.1%)
(RDMA_READ_CONSUME_CHECK_CONSUMER) timestamp=3882 ms, used_size=4536320 bytes (11.1%)
(RDMA_READ_CONSUME_CHECK_CONSUMER) timestamp=3882 ms, used_size=4534272 bytes (11.1%)
(RDMA_READ_CONSUME_CHECK_CONSUMER) timestamp=3882 ms, used_size=4532224 bytes (11.1%)
(RDMA_READ_CONSUME_CHECK_CONSUMER) timestamp=3882 ms, used_size=4530176 bytes (11.1%)
(RDMA_READ_CONSUME_CHECK_CONSUMER) timestamp=3882 ms, used_size=4528128 bytes (11.1%)
(RDMA_READ_CONSUME_CHECK_CONSUMER) timestamp=3882 ms, used_size=4526080 bytes (11.1%)
(RDMA_READ_CONSUME_CHECK_CONSUMER) timestamp=3882 ms, used_size=4524032 bytes (11.0%)
(RDMA_READ_CONSUME_CHECK_CONSUMER) timestamp=3882 ms, used_size=4521984 bytes (11.0%)
(RDMA_READ_CONSUME_CHECK_CONSUMER) timestamp=3882 ms, used_size=4519936 bytes (11.0%)
(RDMA_READ_CONSUME_CHECK_CONSUMER) timestamp=3882 ms, used_size=4517888 bytes (11.0%)
(RDMA_READ_CONSUME_CHECK_CONSUMER) timestamp=3882 ms, used_size=4515840 bytes (11.0%)
(RDMA_READ_CONSUME_CHECK_CONSUMER) timestamp=3882 ms, used_size=4513792 bytes (11.0%)
(RDMA_READ_CONSUME_CHECK_CONSUMER) timestamp=3882 ms, used_size=4511744 bytes (11.0%)
(RDMA_READ_CONSUME_CHECK_CONSUMER) timestamp=3882 ms, used_size=4509696 bytes (11.0%)
(RDMA_READ_CONSUME_CHECK_CONSUMER) timestamp=3882 ms, used_size=4507648 bytes (11.0%)
(RDMA_READ_CONSUME_CHECK_CONSUMER) timestamp=3882 ms, used_size=4505600 bytes (11.0%)
(RDMA_READ_CONSUME_CHECK_CONSUMER) timestamp=3882 ms, used_size=4503552 bytes (11.0%)
(RDMA_READ_CONSUME_CHECK_CONSUMER) timestamp=3882 ms, used_size=4501504 bytes (11.0%)
(RDMA_READ_CONSUME_CHECK_CONSUMER) timestamp=3882 ms, used_size=4499456 bytes (11.0%)
(RDMA_READ_CONSUME_CHECK_CONSUMER) timestamp=3882 ms, used_size=4497408 bytes (11.0%)
(RDMA_READ_CONSUME_CHECK_CONSUMER) timestamp=3882 ms, used_size=4495360 bytes (11.0%)
(RDMA_READ_CONSUME_CHECK_CONSUMER) timestamp=3882 ms, used_size=4493312 bytes (11.0%)
(RDMA_READ_CONSUME_CHECK_CONSUMER) timestamp=3882 ms, used_size=4491264 bytes (11.0%)
(RDMA_READ_CONSUME_CHECK_CONSUMER) timestamp=3882 ms, used_size=4489216 bytes (11.0%)
(RDMA_READ_CONSUME_CHECK_CONSUMER) timestamp=3882 ms, used_size=4487168 bytes (11.0%)
(RDMA_READ_CONSUME_CHECK_CONSUMER) timestamp=3882 ms, used_size=4485120 bytes (10.9%)
(RDMA_READ_CONSUME_CHECK_CONSUMER) timestamp=3882 ms, used_size=4483072 bytes (10.9%)
(RDMA_READ_CONSUME_CHECK_CONSUMER) timestamp=3882 ms, used_size=4481024 bytes (10.9%)
(RDMA_READ_CONSUME_CHECK_CONSUMER) timestamp=3882 ms, used_size=4478976 bytes (10.9%)
(RDMA_READ_CONSUME_CHECK_CONSUMER) timestamp=3882 ms, used_size=4476928 bytes (10.9%)
(RDMA_READ_CONSUME_CHECK_CONSUMER) timestamp=3882 ms, used_size=4474880 bytes (10.9%)
(RDMA_READ_CONSUME_CHECK_CONSUMER) timestamp=3882 ms, used_size=4472832 bytes (10.9%)
(RDMA_READ_CONSUME_CHECK_CONSUMER) timestamp=3882 ms, used_size=4470784 bytes (10.9%)
(RDMA_READ_CONSUME_CHECK_CONSUMER) timestamp=3882 ms, used_size=4468736 bytes (10.9%)
(RDMA_READ_CONSUME_CHECK_CONSUMER) timestamp=3882 ms, used_size=4466688 bytes (10.9%)
(RDMA_READ_CONSUME_CHECK_CONSUMER) timestamp=3882 ms, used_size=4464640 bytes (10.9%)
(RDMA_READ_CONSUME_CHECK_CONSUMER) timestamp=3882 ms, used_size=4462592 bytes (10.9%)
(RDMA_READ_CONSUME_CHECK_CONSUMER) timestamp=3882 ms, used_size=4460544 bytes (10.9%)
(RDMA_READ_CONSUME_CHECK_CONSUMER) timestamp=3882 ms, used_size=4458496 bytes (10.9%)
(RDMA_READ_CONSUME_CHECK_CONSUMER) timestamp=3882 ms, used_size=4456448 bytes (10.9%)
(RDMA_READ_CONSUME_CHECK_CONSUMER) timestamp=3882 ms, used_size=4454400 bytes (10.9%)
(RDMA_READ_CONSUME_CHECK_CONSUMER) timestamp=3882 ms, used_size=4452352 bytes (10.9%)
(RDMA_READ_CONSUME_CHECK_CONSUMER) timestamp=3882 ms, used_size=4450304 bytes (10.9%)
(RDMA_READ_CONSUME_CHECK_CONSUMER) timestamp=3882 ms, used_size=4448256 bytes (10.9%)
(RDMA_READ_CONSUME_CHECK_CONSUMER) timestamp=3882 ms, used_size=4446208 bytes (10.9%)
(RDMA_READ_CONSUME_CHECK_CONSUMER) timestamp=3882 ms, used_size=4444160 bytes (10.8%)
(RDMA_READ_CONSUME_CHECK_CONSUMER) timestamp=3882 ms, used_size=4442112 bytes (10.8%)
(RDMA_READ_CONSUME_CHECK_CONSUMER) timestamp=3882 ms, used_size=4440064 bytes (10.8%)
(RDMA_READ_CONSUME_CHECK_CONSUMER) timestamp=3882 ms, used_size=4438016 bytes (10.8%)
(RDMA_READ_CONSUME_CHECK_CONSUMER) timestamp=3882 ms, used_size=4435968 bytes (10.8%)
(RDMA_READ_CONSUME_CHECK_CONSUMER) timestamp=3882 ms, used_size=4433920 bytes (10.8%)
(RDMA_READ_CONSUME_CHECK_CONSUMER) timestamp=3882 ms, used_size=4431872 bytes (10.8%)
(RDMA_READ_CONSUME_CHECK_CONSUMER) timestamp=3882 ms, used_size=4429824 bytes (10.8%)
(RDMA_READ_CONSUME_CHECK_CONSUMER) timestamp=3882 ms, used_size=4427776 bytes (10.8%)
(RDMA_READ_CONSUME_CHECK_CONSUMER) timestamp=3882 ms, used_size=4425728 bytes (10.8%)
(RDMA_READ_CONSUME_CHECK_CONSUMER) timestamp=3882 ms, used_size=4423680 bytes (10.8%)
(RDMA_READ_CONSUME_CHECK_CONSUMER) timestamp=3882 ms, used_size=4421632 bytes (10.8%)
(RDMA_READ_CONSUME_CHECK_CONSUMER) timestamp=3882 ms, used_size=4419584 bytes (10.8%)
(RDMA_READ_CONSUME_CHECK_CONSUMER) timestamp=3882 ms, used_size=4417536 bytes (10.8%)
(RDMA_READ_CONSUME_CHECK_CONSUMER) timestamp=3882 ms, used_size=4415488 bytes (10.8%)
(RDMA_READ_CONSUME_CHECK_CONSUMER) timestamp=3882 ms, used_size=4413440 bytes (10.8%)
(RDMA_READ_CONSUME_CHECK_CONSUMER) timestamp=3882 ms, used_size=4411392 bytes (10.8%)
(RDMA_READ_CONSUME_CHECK_CONSUMER) timestamp=3882 ms, used_size=4409344 bytes (10.8%)
(RDMA_READ_CONSUME_CHECK_CONSUMER) timestamp=3882 ms, used_size=4407296 bytes (10.8%)
(RDMA_READ_CONSUME_CHECK_CONSUMER) timestamp=3882 ms, used_size=4405248 bytes (10.8%)
(RDMA_READ_CONSUME_CHECK_CONSUMER) timestamp=3882 ms, used_size=4403200 bytes (10.8%)
(RDMA_READ_CONSUME_CHECK_CONSUMER) timestamp=3882 ms, used_size=4401152 bytes (10.7%)
(RDMA_READ_CONSUME_CHECK_CONSUMER) timestamp=3882 ms, used_size=4399104 bytes (10.7%)
(RDMA_READ_CONSUME_CHECK_CONSUMER) timestamp=3882 ms, used_size=4397056 bytes (10.7%)
(RDMA_READ_CONSUME_CHECK_CONSUMER) timestamp=3882 ms, used_size=4395008 bytes (10.7%)
(RDMA_READ_CONSUME_CHECK_CONSUMER) timestamp=3882 ms, used_size=4392960 bytes (10.7%)
(RDMA_READ_CONSUME_CHECK_CONSUMER) timestamp=3882 ms, used_size=4390912 bytes (10.7%)
(RDMA_READ_CONSUME_CHECK_CONSUMER) timestamp=3882 ms, used_size=4388864 bytes (10.7%)
(RDMA_READ_CONSUME_CHECK_CONSUMER) timestamp=3882 ms, used_size=4386816 bytes (10.7%)
(RDMA_READ_CONSUME_CHECK_CONSUMER) timestamp=3883 ms, used_size=4384768 bytes (10.7%)
(RDMA_READ_CONSUME_CHECK_CONSUMER) timestamp=3883 ms, used_size=4382720 bytes (10.7%)
(RDMA_READ_CONSUME_CHECK_CONSUMER) timestamp=3883 ms, used_size=4380672 bytes (10.7%)
(RDMA_READ_CONSUME_CHECK_CONSUMER) timestamp=3883 ms, used_size=4378624 bytes (10.7%)
(RDMA_READ_CONSUME_CHECK_CONSUMER) timestamp=3883 ms, used_size=4376576 bytes (10.7%)
(RDMA_READ_CONSUME_CHECK_CONSUMER) timestamp=3883 ms, used_size=4374528 bytes (10.7%)
(RDMA_READ_CONSUME_CHECK_CONSUMER) timestamp=3883 ms, used_size=4372480 bytes (10.7%)
(RDMA_READ_CONSUME_CHECK_CONSUMER) timestamp=3883 ms, used_size=4370432 bytes (10.7%)
(RDMA_READ_CONSUME_CHECK_CONSUMER) timestamp=3883 ms, used_size=4368384 bytes (10.7%)
(RDMA_READ_CONSUME_CHECK_CONSUMER) timestamp=3883 ms, used_size=4366336 bytes (10.7%)
(RDMA_READ_CONSUME_CHECK_CONSUMER) timestamp=3883 ms, used_size=4364288 bytes (10.7%)
(RDMA_READ_CONSUME_CHECK_CONSUMER) timestamp=3883 ms, used_size=4362240 bytes (10.7%)
(RDMA_READ_CONSUME_CHECK_CONSUMER) timestamp=3883 ms, used_size=4360192 bytes (10.6%)
(RDMA_READ_CONSUME_CHECK_CONSUMER) timestamp=3883 ms, used_size=4358144 bytes (10.6%)
(RDMA_READ_CONSUME_CHECK_CONSUMER) timestamp=3883 ms, used_size=4356096 bytes (10.6%)
(RDMA_READ_CONSUME_CHECK_CONSUMER) timestamp=3883 ms, used_size=4354048 bytes (10.6%)
(RDMA_READ_CONSUME_CHECK_CONSUMER) timestamp=3883 ms, used_size=4352000 bytes (10.6%)
(RDMA_READ_CONSUME_CHECK_CONSUMER) timestamp=3883 ms, used_size=4349952 bytes (10.6%)
(RDMA_READ_CONSUME_CHECK_CONSUMER) timestamp=3883 ms, used_size=4347904 bytes (10.6%)
(RDMA_READ_CONSUME_CHECK_CONSUMER) timestamp=3883 ms, used_size=4345856 bytes (10.6%)
(RDMA_READ_CONSUME_CHECK_CONSUMER) timestamp=3883 ms, used_size=4343808 bytes (10.6%)
(RDMA_READ_CONSUME_CHECK_CONSUMER) timestamp=3883 ms, used_size=4341760 bytes (10.6%)
(RDMA_READ_CONSUME_CHECK_CONSUMER) timestamp=3883 ms, used_size=4339712 bytes (10.6%)
(RDMA_READ_CONSUME_CHECK_CONSUMER) timestamp=3883 ms, used_size=4337664 bytes (10.6%)
(RDMA_READ_CONSUME_CHECK_CONSUMER) timestamp=3883 ms, used_size=4335616 bytes (10.6%)
(RDMA_READ_CONSUME_CHECK_CONSUMER) timestamp=3883 ms, used_size=4333568 bytes (10.6%)
(RDMA_READ_CONSUME_CHECK_CONSUMER) timestamp=3883 ms, used_size=4331520 bytes (10.6%)
(RDMA_READ_CONSUME_CHECK_CONSUMER) timestamp=3883 ms, used_size=4329472 bytes (10.6%)
(RDMA_READ_CONSUME_CHECK_CONSUMER) timestamp=3883 ms, used_size=4327424 bytes (10.6%)
(RDMA_READ_CONSUME_CHECK_CONSUMER) timestamp=3883 ms, used_size=4325376 bytes (10.6%)
(RDMA_READ_CONSUME_CHECK_CONSUMER) timestamp=3883 ms, used_size=4323328 bytes (10.6%)
(RDMA_READ_CONSUME_CHECK_CONSUMER) timestamp=3883 ms, used_size=4321280 bytes (10.6%)
(RDMA_READ_CONSUME_CHECK_CONSUMER) timestamp=3883 ms, used_size=4319232 bytes (10.5%)
(RDMA_READ_CONSUME_CHECK_CONSUMER) timestamp=3883 ms, used_size=4317184 bytes (10.5%)
(RDMA_READ_CONSUME_CHECK_CONSUMER) timestamp=3883 ms, used_size=4315136 bytes (10.5%)
(RDMA_READ_CONSUME_CHECK_CONSUMER) timestamp=3883 ms, used_size=4313088 bytes (10.5%)
(RDMA_READ_CONSUME_CHECK_CONSUMER) timestamp=3883 ms, used_size=4311040 bytes (10.5%)
(RDMA_READ_CONSUME_CHECK_CONSUMER) timestamp=3883 ms, used_size=4308992 bytes (10.5%)
(RDMA_READ_CONSUME_CHECK_CONSUMER) timestamp=3883 ms, used_size=4306944 bytes (10.5%)
(RDMA_READ_CONSUME_CHECK_CONSUMER) timestamp=3883 ms, used_size=4304896 bytes (10.5%)
(RDMA_READ_CONSUME_CHECK_CONSUMER) timestamp=3883 ms, used_size=4302848 bytes (10.5%)
(RDMA_READ_CONSUME_CHECK_CONSUMER) timestamp=3883 ms, used_size=4300800 bytes (10.5%)
(RDMA_READ_CONSUME_CHECK_CONSUMER) timestamp=3883 ms, used_size=4298752 bytes (10.5%)
(RDMA_READ_CONSUME_CHECK_CONSUMER) timestamp=3883 ms, used_size=4296704 bytes (10.5%)
(RDMA_READ_CONSUME_CHECK_CONSUMER) timestamp=3883 ms, used_size=4294656 bytes (10.5%)
(RDMA_READ_CONSUME_CHECK_CONSUMER) timestamp=3883 ms, used_size=4292608 bytes (10.5%)
(RDMA_READ_CONSUME_CHECK_CONSUMER) timestamp=3883 ms, used_size=4290560 bytes (10.5%)
(RDMA_READ_CONSUME_CHECK_CONSUMER) timestamp=3883 ms, used_size=4288512 bytes (10.5%)
(RDMA_READ_CONSUME_CHECK_CONSUMER) timestamp=3883 ms, used_size=4286464 bytes (10.5%)
(RDMA_READ_CONSUME_CHECK_CONSUMER) timestamp=3883 ms, used_size=4284416 bytes (10.5%)
(RDMA_READ_CONSUME_CHECK_CONSUMER) timestamp=3883 ms, used_size=4282368 bytes (10.5%)
(RDMA_READ_CONSUME_CHECK_CONSUMER) timestamp=3883 ms, used_size=4280320 bytes (10.4%)
(RDMA_READ_CONSUME_CHECK_CONSUMER) timestamp=3883 ms, used_size=4278272 bytes (10.4%)
(RDMA_READ_CONSUME_CHECK_CONSUMER) timestamp=3883 ms, used_size=4276224 bytes (10.4%)
(RDMA_READ_CONSUME_CHECK_CONSUMER) timestamp=3883 ms, used_size=4274176 bytes (10.4%)
(RDMA_READ_CONSUME_CHECK_CONSUMER) timestamp=3883 ms, used_size=4272128 bytes (10.4%)
(RDMA_READ_CONSUME_CHECK_CONSUMER) timestamp=3883 ms, used_size=4270080 bytes (10.4%)
(RDMA_READ_CONSUME_CHECK_CONSUMER) timestamp=3883 ms, used_size=4268032 bytes (10.4%)
(RDMA_READ_CONSUME_CHECK_CONSUMER) timestamp=3883 ms, used_size=4265984 bytes (10.4%)
(RDMA_READ_CONSUME_CHECK_CONSUMER) timestamp=3883 ms, used_size=4263936 bytes (10.4%)
(RDMA_READ_CONSUME_CHECK_CONSUMER) timestamp=3883 ms, used_size=4261888 bytes (10.4%)
(RDMA_READ_CONSUME_CHECK_CONSUMER) timestamp=3883 ms, used_size=4259840 bytes (10.4%)
(RDMA_READ_CONSUME_CHECK_CONSUMER) timestamp=3883 ms, used_size=4257792 bytes (10.4%)
(RDMA_READ_CONSUME_CHECK_CONSUMER) timestamp=3883 ms, used_size=4255744 bytes (10.4%)
(RDMA_READ_CONSUME_CHECK_CONSUMER) timestamp=3883 ms, used_size=4253696 bytes (10.4%)
(RDMA_READ_CONSUME_CHECK_CONSUMER) timestamp=3883 ms, used_size=4251648 bytes (10.4%)
(RDMA_READ_CONSUME_CHECK_CONSUMER) timestamp=3883 ms, used_size=4249600 bytes (10.4%)
(RDMA_READ_CONSUME_CHECK_CONSUMER) timestamp=3883 ms, used_size=4247552 bytes (10.4%)
(RDMA_READ_CONSUME_CHECK_CONSUMER) timestamp=3883 ms, used_size=4245504 bytes (10.4%)
(RDMA_READ_CONSUME_CHECK_CONSUMER) timestamp=3883 ms, used_size=4243456 bytes (10.4%)
(RDMA_READ_CONSUME_CHECK_CONSUMER) timestamp=3883 ms, used_size=4241408 bytes (10.4%)
(RDMA_READ_CONSUME_CHECK_CONSUMER) timestamp=3883 ms, used_size=4239360 bytes (10.3%)
(RDMA_READ_CONSUME_CHECK_CONSUMER) timestamp=3883 ms, used_size=4237312 bytes (10.3%)
(RDMA_READ_CONSUME_CHECK_CONSUMER) timestamp=3883 ms, used_size=4235264 bytes (10.3%)
(RDMA_READ_CONSUME_CHECK_CONSUMER) timestamp=3883 ms, used_size=4233216 bytes (10.3%)
(RDMA_READ_CONSUME_CHECK_CONSUMER) timestamp=3883 ms, used_size=4231168 bytes (10.3%)
(RDMA_READ_CONSUME_CHECK_CONSUMER) timestamp=3883 ms, used_size=4229120 bytes (10.3%)
(RDMA_READ_CONSUME_CHECK_CONSUMER) timestamp=3883 ms, used_size=4227072 bytes (10.3%)
(RDMA_READ_CONSUME_CHECK_CONSUMER) timestamp=3883 ms, used_size=4225024 bytes (10.3%)
(RDMA_READ_CONSUME_CHECK_CONSUMER) timestamp=3883 ms, used_size=4222976 bytes (10.3%)
(RDMA_READ_CONSUME_CHECK_CONSUMER) timestamp=3883 ms, used_size=4220928 bytes (10.3%)
(RDMA_READ_CONSUME_CHECK_CONSUMER) timestamp=3883 ms, used_size=4218880 bytes (10.3%)
(RDMA_READ_CONSUME_CHECK_CONSUMER) timestamp=3883 ms, used_size=4216832 bytes (10.3%)
(RDMA_READ_CONSUME_CHECK_CONSUMER) timestamp=3883 ms, used_size=4214784 bytes (10.3%)
(RDMA_READ_CONSUME_CHECK_CONSUMER) timestamp=3883 ms, used_size=4212736 bytes (10.3%)
(RDMA_READ_CONSUME_CHECK_CONSUMER) timestamp=3883 ms, used_size=4210688 bytes (10.3%)
(RDMA_READ_CONSUME_CHECK_CONSUMER) timestamp=3883 ms, used_size=4208640 bytes (10.3%)
(RDMA_READ_CONSUME_CHECK_CONSUMER) timestamp=3883 ms, used_size=4206592 bytes (10.3%)
(RDMA_READ_CONSUME_CHECK_CONSUMER) timestamp=3883 ms, used_size=4204544 bytes (10.3%)
(RDMA_READ_CONSUME_CHECK_CONSUMER) timestamp=3883 ms, used_size=4202496 bytes (10.3%)
(RDMA_READ_CONSUME_CHECK_CONSUMER) timestamp=3883 ms, used_size=4200448 bytes (10.3%)
(RDMA_READ_CONSUME_CHECK_CONSUMER) timestamp=3883 ms, used_size=4198400 bytes (10.2%)
(RDMA_READ_CONSUME_CHECK_CONSUMER) timestamp=3883 ms, used_size=4196352 bytes (10.2%)
(RDMA_READ_CONSUME_CHECK_CONSUMER) timestamp=3883 ms, used_size=4194304 bytes (10.2%)
(RDMA_READ_CONSUME_CHECK_CONSUMER) timestamp=3883 ms, used_size=4192256 bytes (10.2%)
(RDMA_READ_CONSUME_CHECK_CONSUMER) timestamp=3883 ms, used_size=4190208 bytes (10.2%)
(RDMA_READ_CONSUME_CHECK_CONSUMER) timestamp=3883 ms, used_size=4188160 bytes (10.2%)
(RDMA_READ_CONSUME_CHECK_CONSUMER) timestamp=3883 ms, used_size=4186112 bytes (10.2%)
(RDMA_READ_CONSUME_CHECK_CONSUMER) timestamp=3883 ms, used_size=4184064 bytes (10.2%)
(RDMA_READ_CONSUME_CHECK_CONSUMER) timestamp=3883 ms, used_size=4182016 bytes (10.2%)
(RDMA_READ_CONSUME_CHECK_CONSUMER) timestamp=3883 ms, used_size=4179968 bytes (10.2%)
(RDMA_READ_CONSUME_CHECK_CONSUMER) timestamp=3883 ms, used_size=4177920 bytes (10.2%)
(RDMA_READ_CONSUME_CHECK_CONSUMER) timestamp=3883 ms, used_size=4175872 bytes (10.2%)
(RDMA_READ_CONSUME_CHECK_CONSUMER) timestamp=3883 ms, used_size=4173824 bytes (10.2%)
(RDMA_READ_CONSUME_CHECK_CONSUMER) timestamp=3883 ms, used_size=4171776 bytes (10.2%)
(RDMA_READ_CONSUME_CHECK_CONSUMER) timestamp=3883 ms, used_size=4169728 bytes (10.2%)
(RDMA_READ_CONSUME_CHECK_CONSUMER) timestamp=3883 ms, used_size=4167680 bytes (10.2%)
(RDMA_READ_CONSUME_CHECK_CONSUMER) timestamp=3883 ms, used_size=4165632 bytes (10.2%)
(RDMA_READ_CONSUME_CHECK_CONSUMER) timestamp=3883 ms, used_size=4163584 bytes (10.2%)
(RDMA_READ_CONSUME_CHECK_CONSUMER) timestamp=3883 ms, used_size=4161536 bytes (10.2%)
(RDMA_READ_CONSUME_CHECK_CONSUMER) timestamp=3883 ms, used_size=4159488 bytes (10.2%)
(RDMA_READ_CONSUME_CHECK_CONSUMER) timestamp=3883 ms, used_size=4157440 bytes (10.2%)
(RDMA_READ_CONSUME_CHECK_CONSUMER) timestamp=3883 ms, used_size=4155392 bytes (10.1%)
(RDMA_READ_CONSUME_CHECK_CONSUMER) timestamp=3883 ms, used_size=4153344 bytes (10.1%)
(RDMA_READ_CONSUME_CHECK_CONSUMER) timestamp=3883 ms, used_size=4151296 bytes (10.1%)
(RDMA_READ_CONSUME_CHECK_CONSUMER) timestamp=3883 ms, used_size=4149248 bytes (10.1%)
(RDMA_READ_CONSUME_CHECK_CONSUMER) timestamp=3883 ms, used_size=4147200 bytes (10.1%)
(RDMA_READ_CONSUME_CHECK_CONSUMER) timestamp=3883 ms, used_size=4145152 bytes (10.1%)
(RDMA_READ_CONSUME_CHECK_CONSUMER) timestamp=3883 ms, used_size=4143104 bytes (10.1%)
(RDMA_READ_CONSUME_CHECK_CONSUMER) timestamp=3883 ms, used_size=4141056 bytes (10.1%)
(RDMA_READ_CONSUME_CHECK_CONSUMER) timestamp=3883 ms, used_size=4139008 bytes (10.1%)
(RDMA_READ_CONSUME_CHECK_CONSUMER) timestamp=3883 ms, used_size=4136960 bytes (10.1%)
(RDMA_READ_CONSUME_CHECK_CONSUMER) timestamp=3883 ms, used_size=4134912 bytes (10.1%)
(RDMA_READ_CONSUME_CHECK_CONSUMER) timestamp=3883 ms, used_size=4132864 bytes (10.1%)
(RDMA_READ_CONSUME_CHECK_CONSUMER) timestamp=3883 ms, used_size=4130816 bytes (10.1%)
(RDMA_READ_CONSUME_CHECK_CONSUMER) timestamp=3883 ms, used_size=4128768 bytes (10.1%)
(RDMA_READ_CONSUME_CHECK_CONSUMER) timestamp=3883 ms, used_size=4126720 bytes (10.1%)
(RDMA_READ_CONSUME_CHECK_CONSUMER) timestamp=3883 ms, used_size=4124672 bytes (10.1%)
(RDMA_READ_CONSUME_CHECK_CONSUMER) timestamp=3883 ms, used_size=4122624 bytes (10.1%)
(RDMA_READ_CONSUME_CHECK_CONSUMER) timestamp=3883 ms, used_size=4120576 bytes (10.1%)
(RDMA_READ_CONSUME_CHECK_CONSUMER) timestamp=3883 ms, used_size=4118528 bytes (10.1%)
(RDMA_READ_CONSUME_CHECK_CONSUMER) timestamp=3883 ms, used_size=4116480 bytes (10.1%)
(RDMA_READ_CONSUME_CHECK_CONSUMER) timestamp=3883 ms, used_size=4114432 bytes (10.0%)
(RDMA_READ_CONSUME_CHECK_CONSUMER) timestamp=3883 ms, used_size=4112384 bytes (10.0%)
(RDMA_READ_CONSUME_CHECK_CONSUMER) timestamp=3883 ms, used_size=4110336 bytes (10.0%)
(RDMA_READ_CONSUME_CHECK_CONSUMER) timestamp=3883 ms, used_size=4108288 bytes (10.0%)
(RDMA_READ_CONSUME_CHECK_CONSUMER) timestamp=3883 ms, used_size=4106240 bytes (10.0%)
(RDMA_READ_CONSUME_CHECK_CONSUMER) timestamp=3883 ms, used_size=4104192 bytes (10.0%)
(RDMA_READ_CONSUME_CHECK_CONSUMER) timestamp=3883 ms, used_size=4102144 bytes (10.0%)
(RDMA_READ_CONSUME_CHECK_CONSUMER) timestamp=3883 ms, used_size=4100096 bytes (10.0%)
(RDMA_READ_CONSUME_CHECK_CONSUMER) timestamp=3883 ms, used_size=4098048 bytes (10.0%)
(RDMA_READ_CONSUME_CHECK_CONSUMER) timestamp=3883 ms, used_size=4096000 bytes (10.0%)
(RDMA_READ_CONSUME_CHECK_CONSUMER) timestamp=3883 ms, used_size=4093952 bytes (10.0%)
(RDMA_READ_CONSUME_CHECK_CONSUMER) timestamp=3883 ms, used_size=4091904 bytes (10.0%)
(RDMA_READ_CONSUME_CHECK_CONSUMER) timestamp=3883 ms, used_size=4089856 bytes (10.0%)
(RDMA_READ_CONSUME_CHECK_CONSUMER) timestamp=3883 ms, used_size=4087808 bytes (10.0%)
(RDMA_READ_CONSUME_CHECK_CONSUMER) timestamp=3883 ms, used_size=4085760 bytes (10.0%)
(RDMA_READ_CONSUME_CHECK_CONSUMER) timestamp=3883 ms, used_size=4083712 bytes (10.0%)
(RDMA_READ_CONSUME_CHECK_CONSUMER) timestamp=3883 ms, used_size=4081664 bytes (10.0%)
(RDMA_READ_CONSUME_CHECK_CONSUMER) timestamp=3883 ms, used_size=4079616 bytes (10.0%)
(RDMA_READ_CONSUME_CHECK_CONSUMER) timestamp=3883 ms, used_size=4077568 bytes (10.0%)
(RDMA_READ_CONSUME_CHECK_CONSUMER) timestamp=3883 ms, used_size=4075520 bytes (9.9%)
(RDMA_READ_CONSUME_CHECK_CONSUMER) timestamp=3883 ms, used_size=4073472 bytes (9.9%)
(RDMA_READ_CONSUME_CHECK_CONSUMER) timestamp=3883 ms, used_size=4071424 bytes (9.9%)
(RDMA_READ_CONSUME_CHECK_CONSUMER) timestamp=3883 ms, used_size=4069376 bytes (9.9%)
(RDMA_READ_CONSUME_CHECK_CONSUMER) timestamp=3883 ms, used_size=4067328 bytes (9.9%)
(RDMA_READ_CONSUME_CHECK_CONSUMER) timestamp=3883 ms, used_size=4065280 bytes (9.9%)
(RDMA_READ_CONSUME_CHECK_CONSUMER) timestamp=3883 ms, used_size=4063232 bytes (9.9%)
(RDMA_READ_CONSUME_CHECK_CONSUMER) timestamp=3883 ms, used_size=4061184 bytes (9.9%)
(RDMA_READ_CONSUME_CHECK_CONSUMER) timestamp=3883 ms, used_size=4059136 bytes (9.9%)
(RDMA_READ_CONSUME_CHECK_CONSUMER) timestamp=3883 ms, used_size=4057088 bytes (9.9%)
(RDMA_READ_CONSUME_CHECK_CONSUMER) timestamp=3883 ms, used_size=4055040 bytes (9.9%)
(RDMA_READ_CONSUME_CHECK_CONSUMER) timestamp=3883 ms, used_size=4052992 bytes (9.9%)
(RDMA_READ_CONSUME_CHECK_CONSUMER) timestamp=3883 ms, used_size=4050944 bytes (9.9%)
(RDMA_READ_CONSUME_CHECK_CONSUMER) timestamp=3883 ms, used_size=4048896 bytes (9.9%)
(RDMA_READ_CONSUME_CHECK_CONSUMER) timestamp=3883 ms, used_size=4046848 bytes (9.9%)
(RDMA_READ_CONSUME_CHECK_CONSUMER) timestamp=3883 ms, used_size=4044800 bytes (9.9%)
(RDMA_READ_CONSUME_CHECK_CONSUMER) timestamp=3883 ms, used_size=4042752 bytes (9.9%)
(RDMA_READ_CONSUME_CHECK_CONSUMER) timestamp=3883 ms, used_size=4040704 bytes (9.9%)
(RDMA_READ_CONSUME_CHECK_CONSUMER) timestamp=3883 ms, used_size=4038656 bytes (9.9%)
(RDMA_READ_CONSUME_CHECK_CONSUMER) timestamp=3883 ms, used_size=4036608 bytes (9.9%)
(RDMA_READ_CONSUME_CHECK_CONSUMER) timestamp=3883 ms, used_size=4034560 bytes (9.8%)
(RDMA_READ_CONSUME_CHECK_CONSUMER) timestamp=3883 ms, used_size=4032512 bytes (9.8%)
(RDMA_READ_CONSUME_CHECK_CONSUMER) timestamp=3883 ms, used_size=4030464 bytes (9.8%)
(RDMA_READ_CONSUME_CHECK_CONSUMER) timestamp=3883 ms, used_size=4028416 bytes (9.8%)
(RDMA_READ_CONSUME_CHECK_CONSUMER) timestamp=3883 ms, used_size=4026368 bytes (9.8%)
(RDMA_READ_CONSUME_CHECK_CONSUMER) timestamp=3883 ms, used_size=4024320 bytes (9.8%)
(RDMA_READ_CONSUME_CHECK_CONSUMER) timestamp=3883 ms, used_size=4022272 bytes (9.8%)
(RDMA_READ_CONSUME_CHECK_CONSUMER) timestamp=3883 ms, used_size=4020224 bytes (9.8%)
(RDMA_READ_CONSUME_CHECK_CONSUMER) timestamp=3883 ms, used_size=4018176 bytes (9.8%)
(RDMA_READ_CONSUME_CHECK_CONSUMER) timestamp=3883 ms, used_size=4016128 bytes (9.8%)
(RDMA_READ_CONSUME_CHECK_CONSUMER) timestamp=3883 ms, used_size=4014080 bytes (9.8%)
(RDMA_READ_CONSUME_CHECK_CONSUMER) timestamp=3884 ms, used_size=4012032 bytes (9.8%)
(RDMA_READ_CONSUME_CHECK_CONSUMER) timestamp=3884 ms, used_size=4009984 bytes (9.8%)
(RDMA_READ_CONSUME_CHECK_CONSUMER) timestamp=3884 ms, used_size=4007936 bytes (9.8%)
(RDMA_READ_CONSUME_CHECK_CONSUMER) timestamp=3884 ms, used_size=4005888 bytes (9.8%)
(RDMA_READ_CONSUME_CHECK_CONSUMER) timestamp=3884 ms, used_size=4003840 bytes (9.8%)
(RDMA_READ_CONSUME_CHECK_CONSUMER) timestamp=3884 ms, used_size=4001792 bytes (9.8%)
(RDMA_READ_CONSUME_CHECK_CONSUMER) timestamp=3884 ms, used_size=3999744 bytes (9.8%)
(RDMA_READ_CONSUME_CHECK_CONSUMER) timestamp=3884 ms, used_size=3997696 bytes (9.8%)
(RDMA_READ_CONSUME_CHECK_CONSUMER) timestamp=3884 ms, used_size=3995648 bytes (9.8%)
(RDMA_READ_CONSUME_CHECK_CONSUMER) timestamp=3884 ms, used_size=3993600 bytes (9.8%)
(RDMA_READ_CONSUME_CHECK_CONSUMER) timestamp=3884 ms, used_size=3991552 bytes (9.7%)
(RDMA_READ_CONSUME_CHECK_CONSUMER) timestamp=3884 ms, used_size=3989504 bytes (9.7%)
(RDMA_READ_CONSUME_CHECK_CONSUMER) timestamp=3884 ms, used_size=3987456 bytes (9.7%)
(RDMA_READ_CONSUME_CHECK_CONSUMER) timestamp=3884 ms, used_size=3985408 bytes (9.7%)
(RDMA_READ_CONSUME_CHECK_CONSUMER) timestamp=3884 ms, used_size=3983360 bytes (9.7%)
(RDMA_READ_CONSUME_CHECK_CONSUMER) timestamp=3884 ms, used_size=3981312 bytes (9.7%)
(RDMA_READ_CONSUME_CHECK_CONSUMER) timestamp=3884 ms, used_size=3979264 bytes (9.7%)
(RDMA_READ_CONSUME_CHECK_CONSUMER) timestamp=3884 ms, used_size=3977216 bytes (9.7%)
(RDMA_READ_CONSUME_CHECK_CONSUMER) timestamp=3884 ms, used_size=3975168 bytes (9.7%)
(RDMA_READ_CONSUME_CHECK_CONSUMER) timestamp=3884 ms, used_size=3973120 bytes (9.7%)
(RDMA_READ_CONSUME_CHECK_CONSUMER) timestamp=3884 ms, used_size=3971072 bytes (9.7%)
(RDMA_READ_CONSUME_CHECK_CONSUMER) timestamp=3884 ms, used_size=3969024 bytes (9.7%)
(RDMA_READ_CONSUME_CHECK_CONSUMER) timestamp=3884 ms, used_size=3966976 bytes (9.7%)
(RDMA_READ_CONSUME_CHECK_CONSUMER) timestamp=3884 ms, used_size=3964928 bytes (9.7%)
(RDMA_READ_CONSUME_CHECK_CONSUMER) timestamp=3884 ms, used_size=3962880 bytes (9.7%)
(RDMA_READ_CONSUME_CHECK_CONSUMER) timestamp=3884 ms, used_size=3960832 bytes (9.7%)
(RDMA_READ_CONSUME_CHECK_CONSUMER) timestamp=3884 ms, used_size=3958784 bytes (9.7%)
(RDMA_READ_CONSUME_CHECK_CONSUMER) timestamp=3884 ms, used_size=3956736 bytes (9.7%)
(RDMA_READ_CONSUME_CHECK_CONSUMER) timestamp=3884 ms, used_size=3954688 bytes (9.7%)
(RDMA_READ_CONSUME_CHECK_CONSUMER) timestamp=3884 ms, used_size=3952640 bytes (9.7%)
(RDMA_READ_CONSUME_CHECK_CONSUMER) timestamp=3884 ms, used_size=3950592 bytes (9.6%)
(RDMA_READ_CONSUME_CHECK_CONSUMER) timestamp=3884 ms, used_size=3948544 bytes (9.6%)
(RDMA_READ_CONSUME_CHECK_CONSUMER) timestamp=3884 ms, used_size=3946496 bytes (9.6%)
(RDMA_READ_CONSUME_CHECK_CONSUMER) timestamp=3884 ms, used_size=3944448 bytes (9.6%)
(RDMA_READ_CONSUME_CHECK_CONSUMER) timestamp=3884 ms, used_size=3942400 bytes (9.6%)
(RDMA_READ_CONSUME_CHECK_CONSUMER) timestamp=3884 ms, used_size=3940352 bytes (9.6%)
(RDMA_READ_CONSUME_CHECK_CONSUMER) timestamp=3884 ms, used_size=3938304 bytes (9.6%)
(RDMA_READ_CONSUME_CHECK_CONSUMER) timestamp=3884 ms, used_size=3936256 bytes (9.6%)
(RDMA_READ_CONSUME_CHECK_CONSUMER) timestamp=3884 ms, used_size=3934208 bytes (9.6%)
(RDMA_READ_CONSUME_CHECK_CONSUMER) timestamp=3884 ms, used_size=3932160 bytes (9.6%)
(RDMA_READ_CONSUME_CHECK_CONSUMER) timestamp=3884 ms, used_size=3930112 bytes (9.6%)
(RDMA_READ_CONSUME_CHECK_CONSUMER) timestamp=3884 ms, used_size=3928064 bytes (9.6%)
(RDMA_READ_CONSUME_CHECK_CONSUMER) timestamp=3884 ms, used_size=3926016 bytes (9.6%)
(RDMA_READ_CONSUME_CHECK_CONSUMER) timestamp=3884 ms, used_size=3923968 bytes (9.6%)
(RDMA_READ_CONSUME_CHECK_CONSUMER) timestamp=3884 ms, used_size=3921920 bytes (9.6%)
(RDMA_READ_CONSUME_CHECK_CONSUMER) timestamp=3884 ms, used_size=3919872 bytes (9.6%)
(RDMA_READ_CONSUME_CHECK_CONSUMER) timestamp=3884 ms, used_size=3917824 bytes (9.6%)
(RDMA_READ_CONSUME_CHECK_CONSUMER) timestamp=3884 ms, used_size=3915776 bytes (9.6%)
(RDMA_READ_CONSUME_CHECK_CONSUMER) timestamp=3884 ms, used_size=3913728 bytes (9.6%)
(RDMA_READ_CONSUME_CHECK_CONSUMER) timestamp=3884 ms, used_size=3911680 bytes (9.6%)
(RDMA_READ_CONSUME_CHECK_CONSUMER) timestamp=3884 ms, used_size=3909632 bytes (9.5%)
(RDMA_READ_CONSUME_CHECK_CONSUMER) timestamp=3884 ms, used_size=3907584 bytes (9.5%)
(RDMA_READ_CONSUME_CHECK_CONSUMER) timestamp=3884 ms, used_size=3905536 bytes (9.5%)
(RDMA_READ_CONSUME_CHECK_CONSUMER) timestamp=3884 ms, used_size=3903488 bytes (9.5%)
(RDMA_READ_CONSUME_CHECK_CONSUMER) timestamp=3884 ms, used_size=3901440 bytes (9.5%)
(RDMA_READ_CONSUME_CHECK_CONSUMER) timestamp=3884 ms, used_size=3899392 bytes (9.5%)
(RDMA_READ_CONSUME_CHECK_CONSUMER) timestamp=3884 ms, used_size=3897344 bytes (9.5%)
(RDMA_READ_CONSUME_CHECK_CONSUMER) timestamp=3884 ms, used_size=3895296 bytes (9.5%)
(RDMA_READ_CONSUME_CHECK_CONSUMER) timestamp=3884 ms, used_size=3893248 bytes (9.5%)
(RDMA_READ_CONSUME_CHECK_CONSUMER) timestamp=3884 ms, used_size=3891200 bytes (9.5%)
(RDMA_READ_CONSUME_CHECK_CONSUMER) timestamp=3884 ms, used_size=3889152 bytes (9.5%)
(RDMA_READ_CONSUME_CHECK_CONSUMER) timestamp=3884 ms, used_size=3887104 bytes (9.5%)
(RDMA_READ_CONSUME_CHECK_CONSUMER) timestamp=3884 ms, used_size=3885056 bytes (9.5%)
(RDMA_READ_CONSUME_CHECK_CONSUMER) timestamp=3884 ms, used_size=3883008 bytes (9.5%)
(RDMA_READ_CONSUME_CHECK_CONSUMER) timestamp=3884 ms, used_size=3880960 bytes (9.5%)
(RDMA_READ_CONSUME_CHECK_CONSUMER) timestamp=3884 ms, used_size=3878912 bytes (9.5%)
(RDMA_READ_CONSUME_CHECK_CONSUMER) timestamp=3884 ms, used_size=3876864 bytes (9.5%)
(RDMA_READ_CONSUME_CHECK_CONSUMER) timestamp=3884 ms, used_size=3874816 bytes (9.5%)
(RDMA_READ_CONSUME_CHECK_CONSUMER) timestamp=3884 ms, used_size=3872768 bytes (9.5%)
(RDMA_READ_CONSUME_CHECK_CONSUMER) timestamp=3884 ms, used_size=3870720 bytes (9.4%)
(RDMA_READ_CONSUME_CHECK_CONSUMER) timestamp=3884 ms, used_size=3868672 bytes (9.4%)
(RDMA_READ_CONSUME_CHECK_CONSUMER) timestamp=3884 ms, used_size=3866624 bytes (9.4%)
(RDMA_READ_CONSUME_CHECK_CONSUMER) timestamp=3884 ms, used_size=3864576 bytes (9.4%)
(RDMA_READ_CONSUME_CHECK_CONSUMER) timestamp=3884 ms, used_size=3862528 bytes (9.4%)
(RDMA_READ_CONSUME_CHECK_CONSUMER) timestamp=3884 ms, used_size=3860480 bytes (9.4%)
(RDMA_READ_CONSUME_CHECK_CONSUMER) timestamp=3884 ms, used_size=3858432 bytes (9.4%)
(RDMA_READ_CONSUME_CHECK_CONSUMER) timestamp=3884 ms, used_size=3856384 bytes (9.4%)
(RDMA_READ_CONSUME_CHECK_CONSUMER) timestamp=3884 ms, used_size=3854336 bytes (9.4%)
(RDMA_READ_CONSUME_CHECK_CONSUMER) timestamp=3884 ms, used_size=3852288 bytes (9.4%)
(RDMA_READ_CONSUME_CHECK_CONSUMER) timestamp=3884 ms, used_size=3850240 bytes (9.4%)
(RDMA_READ_CONSUME_CHECK_CONSUMER) timestamp=3884 ms, used_size=3848192 bytes (9.4%)
(RDMA_READ_CONSUME_CHECK_CONSUMER) timestamp=3884 ms, used_size=3846144 bytes (9.4%)
(RDMA_READ_CONSUME_CHECK_CONSUMER) timestamp=3884 ms, used_size=3844096 bytes (9.4%)
(RDMA_READ_CONSUME_CHECK_CONSUMER) timestamp=3884 ms, used_size=3842048 bytes (9.4%)
(RDMA_READ_CONSUME_CHECK_CONSUMER) timestamp=3884 ms, used_size=3840000 bytes (9.4%)
(RDMA_READ_CONSUME_CHECK_CONSUMER) timestamp=3884 ms, used_size=3837952 bytes (9.4%)
(RDMA_READ_CONSUME_CHECK_CONSUMER) timestamp=3884 ms, used_size=3835904 bytes (9.4%)
(RDMA_READ_CONSUME_CHECK_CONSUMER) timestamp=3884 ms, used_size=3833856 bytes (9.4%)
(RDMA_READ_CONSUME_CHECK_CONSUMER) timestamp=3884 ms, used_size=3831808 bytes (9.4%)
(RDMA_READ_CONSUME_CHECK_CONSUMER) timestamp=3884 ms, used_size=3829760 bytes (9.3%)
(RDMA_READ_CONSUME_CHECK_CONSUMER) timestamp=3884 ms, used_size=3827712 bytes (9.3%)
(RDMA_READ_CONSUME_CHECK_CONSUMER) timestamp=3884 ms, used_size=3825664 bytes (9.3%)
(RDMA_READ_CONSUME_CHECK_CONSUMER) timestamp=3884 ms, used_size=3823616 bytes (9.3%)
(RDMA_READ_CONSUME_CHECK_CONSUMER) timestamp=3884 ms, used_size=3821568 bytes (9.3%)
(RDMA_READ_CONSUME_CHECK_CONSUMER) timestamp=3884 ms, used_size=3819520 bytes (9.3%)
(RDMA_READ_CONSUME_CHECK_CONSUMER) timestamp=3884 ms, used_size=3817472 bytes (9.3%)
(RDMA_READ_CONSUME_CHECK_CONSUMER) timestamp=3884 ms, used_size=3815424 bytes (9.3%)
(RDMA_READ_CONSUME_CHECK_CONSUMER) timestamp=3884 ms, used_size=3813376 bytes (9.3%)
(RDMA_READ_CONSUME_CHECK_CONSUMER) timestamp=3884 ms, used_size=3811328 bytes (9.3%)
(RDMA_READ_CONSUME_CHECK_CONSUMER) timestamp=3884 ms, used_size=3809280 bytes (9.3%)
(RDMA_READ_CONSUME_CHECK_CONSUMER) timestamp=3884 ms, used_size=3807232 bytes (9.3%)
(RDMA_READ_CONSUME_CHECK_CONSUMER) timestamp=3884 ms, used_size=3805184 bytes (9.3%)
(RDMA_READ_CONSUME_CHECK_CONSUMER) timestamp=3884 ms, used_size=3803136 bytes (9.3%)
(RDMA_READ_CONSUME_CHECK_CONSUMER) timestamp=3884 ms, used_size=3801088 bytes (9.3%)
(RDMA_READ_CONSUME_CHECK_CONSUMER) timestamp=3884 ms, used_size=3799040 bytes (9.3%)
(RDMA_READ_CONSUME_CHECK_CONSUMER) timestamp=3884 ms, used_size=3796992 bytes (9.3%)
(RDMA_READ_CONSUME_CHECK_CONSUMER) timestamp=3884 ms, used_size=3794944 bytes (9.3%)
(RDMA_READ_CONSUME_CHECK_CONSUMER) timestamp=3884 ms, used_size=3792896 bytes (9.3%)
(RDMA_READ_CONSUME_CHECK_CONSUMER) timestamp=3884 ms, used_size=3790848 bytes (9.3%)
(RDMA_READ_CONSUME_CHECK_CONSUMER) timestamp=3884 ms, used_size=3788800 bytes (9.2%)
(RDMA_READ_CONSUME_CHECK_CONSUMER) timestamp=3884 ms, used_size=3786752 bytes (9.2%)
(RDMA_READ_CONSUME_CHECK_CONSUMER) timestamp=3884 ms, used_size=3784704 bytes (9.2%)
(RDMA_READ_CONSUME_CHECK_CONSUMER) timestamp=3884 ms, used_size=3782656 bytes (9.2%)
(RDMA_READ_CONSUME_CHECK_CONSUMER) timestamp=3884 ms, used_size=3780608 bytes (9.2%)
(RDMA_READ_CONSUME_CHECK_CONSUMER) timestamp=3884 ms, used_size=3778560 bytes (9.2%)
(RDMA_READ_CONSUME_CHECK_CONSUMER) timestamp=3884 ms, used_size=3776512 bytes (9.2%)
(RDMA_READ_CONSUME_CHECK_CONSUMER) timestamp=3884 ms, used_size=3774464 bytes (9.2%)
(RDMA_READ_CONSUME_CHECK_CONSUMER) timestamp=3884 ms, used_size=3772416 bytes (9.2%)
(RDMA_READ_CONSUME_CHECK_CONSUMER) timestamp=3884 ms, used_size=3770368 bytes (9.2%)
(RDMA_READ_CONSUME_CHECK_CONSUMER) timestamp=3884 ms, used_size=3768320 bytes (9.2%)
(RDMA_READ_CONSUME_CHECK_CONSUMER) timestamp=3884 ms, used_size=3766272 bytes (9.2%)
(RDMA_READ_CONSUME_CHECK_CONSUMER) timestamp=3884 ms, used_size=3764224 bytes (9.2%)
(RDMA_READ_CONSUME_CHECK_CONSUMER) timestamp=3884 ms, used_size=3762176 bytes (9.2%)
(RDMA_READ_CONSUME_CHECK_CONSUMER) timestamp=3884 ms, used_size=3760128 bytes (9.2%)
(RDMA_READ_CONSUME_CHECK_CONSUMER) timestamp=3884 ms, used_size=3758080 bytes (9.2%)
(RDMA_READ_CONSUME_CHECK_CONSUMER) timestamp=3884 ms, used_size=3756032 bytes (9.2%)
(RDMA_READ_CONSUME_CHECK_CONSUMER) timestamp=3884 ms, used_size=3753984 bytes (9.2%)
(RDMA_READ_CONSUME_CHECK_CONSUMER) timestamp=3884 ms, used_size=3751936 bytes (9.2%)
(RDMA_READ_CONSUME_CHECK_CONSUMER) timestamp=3884 ms, used_size=3749888 bytes (9.2%)
(RDMA_READ_CONSUME_CHECK_CONSUMER) timestamp=3884 ms, used_size=3747840 bytes (9.2%)
(RDMA_READ_CONSUME_CHECK_CONSUMER) timestamp=3884 ms, used_size=3745792 bytes (9.1%)
(RDMA_READ_CONSUME_CHECK_CONSUMER) timestamp=3884 ms, used_size=3743744 bytes (9.1%)
(RDMA_READ_CONSUME_CHECK_CONSUMER) timestamp=3884 ms, used_size=3741696 bytes (9.1%)
(RDMA_READ_CONSUME_CHECK_CONSUMER) timestamp=3884 ms, used_size=3739648 bytes (9.1%)
(RDMA_READ_CONSUME_CHECK_CONSUMER) timestamp=3884 ms, used_size=3737600 bytes (9.1%)
(RDMA_READ_CONSUME_CHECK_CONSUMER) timestamp=3884 ms, used_size=3735552 bytes (9.1%)
(RDMA_READ_CONSUME_CHECK_CONSUMER) timestamp=3884 ms, used_size=3733504 bytes (9.1%)
(RDMA_READ_CONSUME_CHECK_CONSUMER) timestamp=3884 ms, used_size=3731456 bytes (9.1%)
(RDMA_READ_CONSUME_CHECK_CONSUMER) timestamp=3884 ms, used_size=3729408 bytes (9.1%)
(RDMA_READ_CONSUME_CHECK_CONSUMER) timestamp=3884 ms, used_size=3727360 bytes (9.1%)
(RDMA_READ_CONSUME_CHECK_CONSUMER) timestamp=3884 ms, used_size=3725312 bytes (9.1%)
(RDMA_READ_CONSUME_CHECK_CONSUMER) timestamp=3884 ms, used_size=3723264 bytes (9.1%)
(RDMA_READ_CONSUME_CHECK_CONSUMER) timestamp=3884 ms, used_size=3721216 bytes (9.1%)
(RDMA_READ_CONSUME_CHECK_CONSUMER) timestamp=3884 ms, used_size=3719168 bytes (9.1%)
(RDMA_READ_CONSUME_CHECK_CONSUMER) timestamp=3884 ms, used_size=3717120 bytes (9.1%)
(RDMA_READ_CONSUME_CHECK_CONSUMER) timestamp=3884 ms, used_size=3715072 bytes (9.1%)
(RDMA_READ_CONSUME_CHECK_CONSUMER) timestamp=3884 ms, used_size=3713024 bytes (9.1%)
(RDMA_READ_CONSUME_CHECK_CONSUMER) timestamp=3884 ms, used_size=3710976 bytes (9.1%)
(RDMA_READ_CONSUME_CHECK_CONSUMER) timestamp=3884 ms, used_size=3708928 bytes (9.1%)
(RDMA_READ_CONSUME_CHECK_CONSUMER) timestamp=3884 ms, used_size=3706880 bytes (9.1%)
(RDMA_READ_CONSUME_CHECK_CONSUMER) timestamp=3884 ms, used_size=3704832 bytes (9.0%)
(RDMA_READ_CONSUME_CHECK_CONSUMER) timestamp=3884 ms, used_size=3702784 bytes (9.0%)
(RDMA_READ_CONSUME_CHECK_CONSUMER) timestamp=3884 ms, used_size=3700736 bytes (9.0%)
(RDMA_READ_CONSUME_CHECK_CONSUMER) timestamp=3884 ms, used_size=3698688 bytes (9.0%)
(RDMA_READ_CONSUME_CHECK_CONSUMER) timestamp=3884 ms, used_size=3696640 bytes (9.0%)
(RDMA_READ_CONSUME_CHECK_CONSUMER) timestamp=3884 ms, used_size=3694592 bytes (9.0%)
(RDMA_READ_CONSUME_CHECK_CONSUMER) timestamp=3884 ms, used_size=3692544 bytes (9.0%)
(RDMA_READ_CONSUME_CHECK_CONSUMER) timestamp=3884 ms, used_size=3690496 bytes (9.0%)
(RDMA_READ_CONSUME_CHECK_CONSUMER) timestamp=3884 ms, used_size=3688448 bytes (9.0%)
(RDMA_READ_CONSUME_CHECK_CONSUMER) timestamp=3884 ms, used_size=3686400 bytes (9.0%)
(RDMA_READ_CONSUME_CHECK_CONSUMER) timestamp=3884 ms, used_size=3684352 bytes (9.0%)
(RDMA_READ_CONSUME_CHECK_CONSUMER) timestamp=3884 ms, used_size=3682304 bytes (9.0%)
(RDMA_READ_CONSUME_CHECK_CONSUMER) timestamp=3884 ms, used_size=3680256 bytes (9.0%)
(RDMA_READ_CONSUME_CHECK_CONSUMER) timestamp=3884 ms, used_size=3678208 bytes (9.0%)
(RDMA_READ_CONSUME_CHECK_CONSUMER) timestamp=3884 ms, used_size=3676160 bytes (9.0%)
(RDMA_READ_CONSUME_CHECK_CONSUMER) timestamp=3884 ms, used_size=3674112 bytes (9.0%)
(RDMA_READ_CONSUME_CHECK_CONSUMER) timestamp=3884 ms, used_size=3672064 bytes (9.0%)
(RDMA_READ_CONSUME_CHECK_CONSUMER) timestamp=3884 ms, used_size=3670016 bytes (9.0%)
(RDMA_READ_CONSUME_CHECK_CONSUMER) timestamp=3884 ms, used_size=3667968 bytes (9.0%)
(RDMA_READ_CONSUME_CHECK_CONSUMER) timestamp=3884 ms, used_size=3665920 bytes (8.9%)
(RDMA_READ_CONSUME_CHECK_CONSUMER) timestamp=3884 ms, used_size=3663872 bytes (8.9%)
(RDMA_READ_CONSUME_CHECK_CONSUMER) timestamp=3884 ms, used_size=3661824 bytes (8.9%)
(RDMA_READ_CONSUME_CHECK_CONSUMER) timestamp=3884 ms, used_size=3659776 bytes (8.9%)
(RDMA_READ_CONSUME_CHECK_CONSUMER) timestamp=3884 ms, used_size=3657728 bytes (8.9%)
(RDMA_READ_CONSUME_CHECK_CONSUMER) timestamp=3884 ms, used_size=3655680 bytes (8.9%)
(RDMA_READ_CONSUME_CHECK_CONSUMER) timestamp=3884 ms, used_size=3653632 bytes (8.9%)
(RDMA_READ_CONSUME_CHECK_CONSUMER) timestamp=3884 ms, used_size=3651584 bytes (8.9%)
(RDMA_READ_CONSUME_CHECK_CONSUMER) timestamp=3884 ms, used_size=3649536 bytes (8.9%)
(RDMA_READ_CONSUME_CHECK_CONSUMER) timestamp=3884 ms, used_size=3647488 bytes (8.9%)
(RDMA_READ_CONSUME_CHECK_CONSUMER) timestamp=3885 ms, used_size=3645440 bytes (8.9%)
(RDMA_READ_CONSUME_CHECK_CONSUMER) timestamp=3885 ms, used_size=3643392 bytes (8.9%)
(RDMA_READ_CONSUME_CHECK_CONSUMER) timestamp=3885 ms, used_size=3641344 bytes (8.9%)
(RDMA_READ_CONSUME_CHECK_CONSUMER) timestamp=3885 ms, used_size=3639296 bytes (8.9%)
(RDMA_READ_CONSUME_CHECK_CONSUMER) timestamp=3885 ms, used_size=3637248 bytes (8.9%)
(RDMA_READ_CONSUME_CHECK_CONSUMER) timestamp=3885 ms, used_size=3635200 bytes (8.9%)
(RDMA_READ_CONSUME_CHECK_CONSUMER) timestamp=3885 ms, used_size=3633152 bytes (8.9%)
(RDMA_READ_CONSUME_CHECK_CONSUMER) timestamp=3885 ms, used_size=3631104 bytes (8.9%)
(RDMA_READ_CONSUME_CHECK_CONSUMER) timestamp=3885 ms, used_size=3629056 bytes (8.9%)
(RDMA_READ_CONSUME_CHECK_CONSUMER) timestamp=3885 ms, used_size=3627008 bytes (8.9%)
(RDMA_READ_CONSUME_CHECK_CONSUMER) timestamp=3885 ms, used_size=3624960 bytes (8.8%)
(RDMA_READ_CONSUME_CHECK_CONSUMER) timestamp=3885 ms, used_size=3622912 bytes (8.8%)
(RDMA_READ_CONSUME_CHECK_CONSUMER) timestamp=3885 ms, used_size=3620864 bytes (8.8%)
(RDMA_READ_CONSUME_CHECK_CONSUMER) timestamp=3885 ms, used_size=3618816 bytes (8.8%)
(RDMA_READ_CONSUME_CHECK_CONSUMER) timestamp=3885 ms, used_size=3616768 bytes (8.8%)
(RDMA_READ_CONSUME_CHECK_CONSUMER) timestamp=3885 ms, used_size=3614720 bytes (8.8%)
(RDMA_READ_CONSUME_CHECK_CONSUMER) timestamp=3885 ms, used_size=3612672 bytes (8.8%)
(RDMA_READ_CONSUME_CHECK_CONSUMER) timestamp=3885 ms, used_size=3610624 bytes (8.8%)
(RDMA_READ_CONSUME_CHECK_CONSUMER) timestamp=3885 ms, used_size=3608576 bytes (8.8%)
(RDMA_READ_CONSUME_CHECK_CONSUMER) timestamp=3885 ms, used_size=3606528 bytes (8.8%)
(RDMA_READ_CONSUME_CHECK_CONSUMER) timestamp=3885 ms, used_size=3604480 bytes (8.8%)
(RDMA_READ_CONSUME_CHECK_CONSUMER) timestamp=3885 ms, used_size=3602432 bytes (8.8%)
(RDMA_READ_CONSUME_CHECK_CONSUMER) timestamp=3885 ms, used_size=3600384 bytes (8.8%)
(RDMA_READ_CONSUME_CHECK_CONSUMER) timestamp=3885 ms, used_size=3598336 bytes (8.8%)
(RDMA_READ_CONSUME_CHECK_CONSUMER) timestamp=3885 ms, used_size=3596288 bytes (8.8%)
(RDMA_READ_CONSUME_CHECK_CONSUMER) timestamp=3885 ms, used_size=3594240 bytes (8.8%)
(RDMA_READ_CONSUME_CHECK_CONSUMER) timestamp=3885 ms, used_size=3592192 bytes (8.8%)
(RDMA_READ_CONSUME_CHECK_CONSUMER) timestamp=3885 ms, used_size=3590144 bytes (8.8%)
(RDMA_READ_CONSUME_CHECK_CONSUMER) timestamp=3885 ms, used_size=3588096 bytes (8.8%)
(RDMA_READ_CONSUME_CHECK_CONSUMER) timestamp=3885 ms, used_size=3586048 bytes (8.8%)
(RDMA_READ_CONSUME_CHECK_CONSUMER) timestamp=3885 ms, used_size=3584000 bytes (8.8%)
(RDMA_READ_CONSUME_CHECK_CONSUMER) timestamp=3885 ms, used_size=3581952 bytes (8.7%)
(RDMA_READ_CONSUME_CHECK_CONSUMER) timestamp=3885 ms, used_size=3579904 bytes (8.7%)
(RDMA_READ_CONSUME_CHECK_CONSUMER) timestamp=3885 ms, used_size=3577856 bytes (8.7%)
(RDMA_READ_CONSUME_CHECK_CONSUMER) timestamp=3885 ms, used_size=3575808 bytes (8.7%)
(RDMA_READ_CONSUME_CHECK_CONSUMER) timestamp=3885 ms, used_size=3573760 bytes (8.7%)
(RDMA_READ_CONSUME_CHECK_CONSUMER) timestamp=3885 ms, used_size=3571712 bytes (8.7%)
(RDMA_READ_CONSUME_CHECK_CONSUMER) timestamp=3885 ms, used_size=3569664 bytes (8.7%)
(RDMA_READ_CONSUME_CHECK_CONSUMER) timestamp=3885 ms, used_size=3567616 bytes (8.7%)
(RDMA_READ_CONSUME_CHECK_CONSUMER) timestamp=3885 ms, used_size=3565568 bytes (8.7%)
(RDMA_READ_CONSUME_CHECK_CONSUMER) timestamp=3885 ms, used_size=3563520 bytes (8.7%)
(RDMA_READ_CONSUME_CHECK_CONSUMER) timestamp=3885 ms, used_size=3561472 bytes (8.7%)
(RDMA_READ_CONSUME_CHECK_CONSUMER) timestamp=3885 ms, used_size=3559424 bytes (8.7%)
(RDMA_READ_CONSUME_CHECK_CONSUMER) timestamp=3885 ms, used_size=3557376 bytes (8.7%)
(RDMA_READ_CONSUME_CHECK_CONSUMER) timestamp=3885 ms, used_size=3555328 bytes (8.7%)
(RDMA_READ_CONSUME_CHECK_CONSUMER) timestamp=3885 ms, used_size=3553280 bytes (8.7%)
(RDMA_READ_CONSUME_CHECK_CONSUMER) timestamp=3885 ms, used_size=3551232 bytes (8.7%)
(RDMA_READ_CONSUME_CHECK_CONSUMER) timestamp=3885 ms, used_size=3549184 bytes (8.7%)
(RDMA_READ_CONSUME_CHECK_CONSUMER) timestamp=3885 ms, used_size=3547136 bytes (8.7%)
(RDMA_READ_CONSUME_CHECK_CONSUMER) timestamp=3885 ms, used_size=3545088 bytes (8.7%)
(RDMA_READ_CONSUME_CHECK_CONSUMER) timestamp=3885 ms, used_size=3543040 bytes (8.7%)
(RDMA_READ_CONSUME_CHECK_CONSUMER) timestamp=3885 ms, used_size=3540992 bytes (8.6%)
(RDMA_READ_CONSUME_CHECK_CONSUMER) timestamp=3885 ms, used_size=3538944 bytes (8.6%)
(RDMA_READ_CONSUME_CHECK_CONSUMER) timestamp=3885 ms, used_size=3536896 bytes (8.6%)
(RDMA_READ_CONSUME_CHECK_CONSUMER) timestamp=3885 ms, used_size=3534848 bytes (8.6%)
(RDMA_READ_CONSUME_CHECK_CONSUMER) timestamp=3885 ms, used_size=3532800 bytes (8.6%)
(RDMA_READ_CONSUME_CHECK_CONSUMER) timestamp=3885 ms, used_size=3530752 bytes (8.6%)
(RDMA_READ_CONSUME_CHECK_CONSUMER) timestamp=3885 ms, used_size=3528704 bytes (8.6%)
(RDMA_READ_CONSUME_CHECK_CONSUMER) timestamp=3885 ms, used_size=3526656 bytes (8.6%)
(RDMA_READ_CONSUME_CHECK_CONSUMER) timestamp=3885 ms, used_size=3524608 bytes (8.6%)
(RDMA_READ_CONSUME_CHECK_CONSUMER) timestamp=3885 ms, used_size=3522560 bytes (8.6%)
(RDMA_READ_CONSUME_CHECK_CONSUMER) timestamp=3885 ms, used_size=3520512 bytes (8.6%)
(RDMA_READ_CONSUME_CHECK_CONSUMER) timestamp=3885 ms, used_size=3518464 bytes (8.6%)
(RDMA_READ_CONSUME_CHECK_CONSUMER) timestamp=3885 ms, used_size=3516416 bytes (8.6%)
(RDMA_READ_CONSUME_CHECK_CONSUMER) timestamp=3885 ms, used_size=3514368 bytes (8.6%)
(RDMA_READ_CONSUME_CHECK_CONSUMER) timestamp=3885 ms, used_size=3512320 bytes (8.6%)
(RDMA_READ_CONSUME_CHECK_CONSUMER) timestamp=3885 ms, used_size=3510272 bytes (8.6%)
(RDMA_READ_CONSUME_CHECK_CONSUMER) timestamp=3885 ms, used_size=3508224 bytes (8.6%)
(RDMA_READ_CONSUME_CHECK_CONSUMER) timestamp=3885 ms, used_size=3506176 bytes (8.6%)
(RDMA_READ_CONSUME_CHECK_CONSUMER) timestamp=3885 ms, used_size=3504128 bytes (8.6%)
(RDMA_READ_CONSUME_CHECK_CONSUMER) timestamp=3885 ms, used_size=3502080 bytes (8.6%)
(RDMA_READ_CONSUME_CHECK_CONSUMER) timestamp=3885 ms, used_size=3500032 bytes (8.5%)
(RDMA_READ_CONSUME_CHECK_CONSUMER) timestamp=3885 ms, used_size=3497984 bytes (8.5%)
(RDMA_READ_CONSUME_CHECK_CONSUMER) timestamp=3885 ms, used_size=3495936 bytes (8.5%)
(RDMA_READ_CONSUME_CHECK_CONSUMER) timestamp=3885 ms, used_size=3493888 bytes (8.5%)
(RDMA_READ_CONSUME_CHECK_CONSUMER) timestamp=3885 ms, used_size=3491840 bytes (8.5%)
(RDMA_READ_CONSUME_CHECK_CONSUMER) timestamp=3885 ms, used_size=3489792 bytes (8.5%)
(RDMA_READ_CONSUME_CHECK_CONSUMER) timestamp=3885 ms, used_size=3487744 bytes (8.5%)
(RDMA_READ_CONSUME_CHECK_CONSUMER) timestamp=3885 ms, used_size=3485696 bytes (8.5%)
(RDMA_READ_CONSUME_CHECK_CONSUMER) timestamp=3885 ms, used_size=3483648 bytes (8.5%)
(RDMA_READ_CONSUME_CHECK_CONSUMER) timestamp=3885 ms, used_size=3481600 bytes (8.5%)
(RDMA_READ_CONSUME_CHECK_CONSUMER) timestamp=3885 ms, used_size=3479552 bytes (8.5%)
(RDMA_READ_CONSUME_CHECK_CONSUMER) timestamp=3885 ms, used_size=3477504 bytes (8.5%)
(RDMA_READ_CONSUME_CHECK_CONSUMER) timestamp=3885 ms, used_size=3475456 bytes (8.5%)
(RDMA_READ_CONSUME_CHECK_CONSUMER) timestamp=3885 ms, used_size=3473408 bytes (8.5%)
(RDMA_READ_CONSUME_CHECK_CONSUMER) timestamp=3885 ms, used_size=3471360 bytes (8.5%)
(RDMA_READ_CONSUME_CHECK_CONSUMER) timestamp=3885 ms, used_size=3469312 bytes (8.5%)
(RDMA_READ_CONSUME_CHECK_CONSUMER) timestamp=3885 ms, used_size=3467264 bytes (8.5%)
(RDMA_READ_CONSUME_CHECK_CONSUMER) timestamp=3885 ms, used_size=3465216 bytes (8.5%)
(RDMA_READ_CONSUME_CHECK_CONSUMER) timestamp=3885 ms, used_size=3463168 bytes (8.5%)
(RDMA_READ_CONSUME_CHECK_CONSUMER) timestamp=3885 ms, used_size=3461120 bytes (8.4%)
(RDMA_READ_CONSUME_CHECK_CONSUMER) timestamp=3885 ms, used_size=3459072 bytes (8.4%)
(RDMA_READ_CONSUME_CHECK_CONSUMER) timestamp=3885 ms, used_size=3457024 bytes (8.4%)
(RDMA_READ_CONSUME_CHECK_CONSUMER) timestamp=3885 ms, used_size=3454976 bytes (8.4%)
(RDMA_READ_CONSUME_CHECK_CONSUMER) timestamp=3885 ms, used_size=3452928 bytes (8.4%)
(RDMA_READ_CONSUME_CHECK_CONSUMER) timestamp=3885 ms, used_size=3450880 bytes (8.4%)
(RDMA_READ_CONSUME_CHECK_CONSUMER) timestamp=3885 ms, used_size=3448832 bytes (8.4%)
(RDMA_READ_CONSUME_CHECK_CONSUMER) timestamp=3885 ms, used_size=3446784 bytes (8.4%)
(RDMA_READ_CONSUME_CHECK_CONSUMER) timestamp=3885 ms, used_size=3444736 bytes (8.4%)
(RDMA_READ_CONSUME_CHECK_CONSUMER) timestamp=3885 ms, used_size=3442688 bytes (8.4%)
(RDMA_READ_CONSUME_CHECK_CONSUMER) timestamp=3885 ms, used_size=3440640 bytes (8.4%)
(RDMA_READ_CONSUME_CHECK_CONSUMER) timestamp=3885 ms, used_size=3438592 bytes (8.4%)
(RDMA_READ_CONSUME_CHECK_CONSUMER) timestamp=3885 ms, used_size=3436544 bytes (8.4%)
(RDMA_READ_CONSUME_CHECK_CONSUMER) timestamp=3885 ms, used_size=3434496 bytes (8.4%)
(RDMA_READ_CONSUME_CHECK_CONSUMER) timestamp=3885 ms, used_size=3432448 bytes (8.4%)
(RDMA_READ_CONSUME_CHECK_CONSUMER) timestamp=3885 ms, used_size=3430400 bytes (8.4%)
(RDMA_READ_CONSUME_CHECK_CONSUMER) timestamp=3885 ms, used_size=3428352 bytes (8.4%)
(RDMA_READ_CONSUME_CHECK_CONSUMER) timestamp=3885 ms, used_size=3426304 bytes (8.4%)
(RDMA_READ_CONSUME_CHECK_CONSUMER) timestamp=3885 ms, used_size=3424256 bytes (8.4%)
(RDMA_READ_CONSUME_CHECK_CONSUMER) timestamp=3885 ms, used_size=3422208 bytes (8.4%)
(RDMA_READ_CONSUME_CHECK_CONSUMER) timestamp=3885 ms, used_size=3420160 bytes (8.3%)
(RDMA_READ_CONSUME_CHECK_CONSUMER) timestamp=3885 ms, used_size=3418112 bytes (8.3%)
(RDMA_READ_CONSUME_CHECK_CONSUMER) timestamp=3885 ms, used_size=3416064 bytes (8.3%)
(RDMA_READ_CONSUME_CHECK_CONSUMER) timestamp=3885 ms, used_size=3414016 bytes (8.3%)
(RDMA_READ_CONSUME_CHECK_CONSUMER) timestamp=3885 ms, used_size=3411968 bytes (8.3%)
(RDMA_READ_CONSUME_CHECK_CONSUMER) timestamp=3885 ms, used_size=3409920 bytes (8.3%)
(RDMA_READ_CONSUME_CHECK_CONSUMER) timestamp=3885 ms, used_size=3407872 bytes (8.3%)
(RDMA_READ_CONSUME_CHECK_CONSUMER) timestamp=3885 ms, used_size=3405824 bytes (8.3%)
(RDMA_READ_CONSUME_CHECK_CONSUMER) timestamp=3885 ms, used_size=3403776 bytes (8.3%)
(RDMA_READ_CONSUME_CHECK_CONSUMER) timestamp=3885 ms, used_size=3401728 bytes (8.3%)
(RDMA_READ_CONSUME_CHECK_CONSUMER) timestamp=3885 ms, used_size=3399680 bytes (8.3%)
(RDMA_READ_CONSUME_CHECK_CONSUMER) timestamp=3885 ms, used_size=3397632 bytes (8.3%)
(RDMA_READ_CONSUME_CHECK_CONSUMER) timestamp=3885 ms, used_size=3395584 bytes (8.3%)
(RDMA_READ_CONSUME_CHECK_CONSUMER) timestamp=3885 ms, used_size=3393536 bytes (8.3%)
(RDMA_READ_CONSUME_CHECK_CONSUMER) timestamp=3885 ms, used_size=3391488 bytes (8.3%)
(RDMA_READ_CONSUME_CHECK_CONSUMER) timestamp=3885 ms, used_size=3389440 bytes (8.3%)
(RDMA_READ_CONSUME_CHECK_CONSUMER) timestamp=3885 ms, used_size=3387392 bytes (8.3%)
(RDMA_READ_CONSUME_CHECK_CONSUMER) timestamp=3885 ms, used_size=3385344 bytes (8.3%)
(RDMA_READ_CONSUME_CHECK_CONSUMER) timestamp=3885 ms, used_size=3383296 bytes (8.3%)
(RDMA_READ_CONSUME_CHECK_CONSUMER) timestamp=3885 ms, used_size=3381248 bytes (8.3%)
(RDMA_READ_CONSUME_CHECK_CONSUMER) timestamp=3885 ms, used_size=3379200 bytes (8.2%)
(RDMA_READ_CONSUME_CHECK_CONSUMER) timestamp=3885 ms, used_size=3377152 bytes (8.2%)
(RDMA_READ_CONSUME_CHECK_CONSUMER) timestamp=3885 ms, used_size=3375104 bytes (8.2%)
(RDMA_READ_CONSUME_CHECK_CONSUMER) timestamp=3885 ms, used_size=3373056 bytes (8.2%)
(RDMA_READ_CONSUME_CHECK_CONSUMER) timestamp=3885 ms, used_size=3371008 bytes (8.2%)
(RDMA_READ_CONSUME_CHECK_CONSUMER) timestamp=3885 ms, used_size=3368960 bytes (8.2%)
(RDMA_READ_CONSUME_CHECK_CONSUMER) timestamp=3885 ms, used_size=3366912 bytes (8.2%)
(RDMA_READ_CONSUME_CHECK_CONSUMER) timestamp=3885 ms, used_size=3364864 bytes (8.2%)
(RDMA_READ_CONSUME_CHECK_CONSUMER) timestamp=3885 ms, used_size=3362816 bytes (8.2%)
(RDMA_READ_CONSUME_CHECK_CONSUMER) timestamp=3885 ms, used_size=3360768 bytes (8.2%)
(RDMA_READ_CONSUME_CHECK_CONSUMER) timestamp=3885 ms, used_size=3358720 bytes (8.2%)
(RDMA_READ_CONSUME_CHECK_CONSUMER) timestamp=3885 ms, used_size=3356672 bytes (8.2%)
(RDMA_READ_CONSUME_CHECK_CONSUMER) timestamp=3885 ms, used_size=3354624 bytes (8.2%)
(RDMA_READ_CONSUME_CHECK_CONSUMER) timestamp=3885 ms, used_size=3352576 bytes (8.2%)
(RDMA_READ_CONSUME_CHECK_CONSUMER) timestamp=3885 ms, used_size=3350528 bytes (8.2%)
(RDMA_READ_CONSUME_CHECK_CONSUMER) timestamp=3885 ms, used_size=3348480 bytes (8.2%)
(RDMA_READ_CONSUME_CHECK_CONSUMER) timestamp=3885 ms, used_size=3346432 bytes (8.2%)
(RDMA_READ_CONSUME_CHECK_CONSUMER) timestamp=3885 ms, used_size=3344384 bytes (8.2%)
(RDMA_READ_CONSUME_CHECK_CONSUMER) timestamp=3885 ms, used_size=3342336 bytes (8.2%)
(RDMA_READ_CONSUME_CHECK_CONSUMER) timestamp=3885 ms, used_size=3340288 bytes (8.2%)
(RDMA_READ_CONSUME_CHECK_CONSUMER) timestamp=3885 ms, used_size=3338240 bytes (8.2%)
(RDMA_READ_CONSUME_CHECK_CONSUMER) timestamp=3885 ms, used_size=3336192 bytes (8.1%)
(RDMA_READ_CONSUME_CHECK_CONSUMER) timestamp=3885 ms, used_size=3334144 bytes (8.1%)
(RDMA_READ_CONSUME_CHECK_CONSUMER) timestamp=3885 ms, used_size=3332096 bytes (8.1%)
(RDMA_READ_CONSUME_CHECK_CONSUMER) timestamp=3885 ms, used_size=3330048 bytes (8.1%)
(RDMA_READ_CONSUME_CHECK_CONSUMER) timestamp=3885 ms, used_size=3328000 bytes (8.1%)
(RDMA_READ_CONSUME_CHECK_CONSUMER) timestamp=3885 ms, used_size=3325952 bytes (8.1%)
(RDMA_READ_CONSUME_CHECK_CONSUMER) timestamp=3885 ms, used_size=3323904 bytes (8.1%)
(RDMA_READ_CONSUME_CHECK_CONSUMER) timestamp=3885 ms, used_size=3321856 bytes (8.1%)
(RDMA_READ_CONSUME_CHECK_CONSUMER) timestamp=3885 ms, used_size=3319808 bytes (8.1%)
(RDMA_READ_CONSUME_CHECK_CONSUMER) timestamp=3885 ms, used_size=3317760 bytes (8.1%)
(RDMA_READ_CONSUME_CHECK_CONSUMER) timestamp=3885 ms, used_size=3315712 bytes (8.1%)
(RDMA_READ_CONSUME_CHECK_CONSUMER) timestamp=3885 ms, used_size=3313664 bytes (8.1%)
(RDMA_READ_CONSUME_CHECK_CONSUMER) timestamp=3885 ms, used_size=3311616 bytes (8.1%)
(RDMA_READ_CONSUME_CHECK_CONSUMER) timestamp=3885 ms, used_size=3309568 bytes (8.1%)
(RDMA_READ_CONSUME_CHECK_CONSUMER) timestamp=3885 ms, used_size=3307520 bytes (8.1%)
(RDMA_READ_CONSUME_CHECK_CONSUMER) timestamp=3885 ms, used_size=3305472 bytes (8.1%)
(RDMA_READ_CONSUME_CHECK_CONSUMER) timestamp=3885 ms, used_size=3303424 bytes (8.1%)
(RDMA_READ_CONSUME_CHECK_CONSUMER) timestamp=3885 ms, used_size=3301376 bytes (8.1%)
(RDMA_READ_CONSUME_CHECK_CONSUMER) timestamp=3885 ms, used_size=3299328 bytes (8.1%)
(RDMA_READ_CONSUME_CHECK_CONSUMER) timestamp=3885 ms, used_size=3297280 bytes (8.1%)
(RDMA_READ_CONSUME_CHECK_CONSUMER) timestamp=3885 ms, used_size=3295232 bytes (8.0%)
(RDMA_READ_CONSUME_CHECK_CONSUMER) timestamp=3885 ms, used_size=3293184 bytes (8.0%)
(RDMA_READ_CONSUME_CHECK_CONSUMER) timestamp=3885 ms, used_size=3291136 bytes (8.0%)
(RDMA_READ_CONSUME_CHECK_CONSUMER) timestamp=3885 ms, used_size=3289088 bytes (8.0%)
(RDMA_READ_CONSUME_CHECK_CONSUMER) timestamp=3885 ms, used_size=3287040 bytes (8.0%)
(RDMA_READ_CONSUME_CHECK_CONSUMER) timestamp=3885 ms, used_size=3284992 bytes (8.0%)
(RDMA_READ_CONSUME_CHECK_CONSUMER) timestamp=3885 ms, used_size=3282944 bytes (8.0%)
(RDMA_READ_CONSUME_CHECK_CONSUMER) timestamp=3885 ms, used_size=3280896 bytes (8.0%)
(RDMA_READ_CONSUME_CHECK_CONSUMER) timestamp=3885 ms, used_size=3278848 bytes (8.0%)
(RDMA_READ_CONSUME_CHECK_CONSUMER) timestamp=3886 ms, used_size=3276800 bytes (8.0%)
(RDMA_READ_CONSUME_CHECK_CONSUMER) timestamp=3886 ms, used_size=3274752 bytes (8.0%)
(RDMA_READ_CONSUME_CHECK_CONSUMER) timestamp=3886 ms, used_size=3272704 bytes (8.0%)
(RDMA_READ_CONSUME_CHECK_CONSUMER) timestamp=3886 ms, used_size=3270656 bytes (8.0%)
(RDMA_READ_CONSUME_CHECK_CONSUMER) timestamp=3886 ms, used_size=3268608 bytes (8.0%)
(RDMA_READ_CONSUME_CHECK_CONSUMER) timestamp=3886 ms, used_size=3266560 bytes (8.0%)
(RDMA_READ_CONSUME_CHECK_CONSUMER) timestamp=3886 ms, used_size=3264512 bytes (8.0%)
(RDMA_READ_CONSUME_CHECK_CONSUMER) timestamp=3886 ms, used_size=3262464 bytes (8.0%)
(RDMA_READ_CONSUME_CHECK_CONSUMER) timestamp=3886 ms, used_size=3260416 bytes (8.0%)
(RDMA_READ_CONSUME_CHECK_CONSUMER) timestamp=3886 ms, used_size=3258368 bytes (8.0%)
(RDMA_READ_CONSUME_CHECK_CONSUMER) timestamp=3886 ms, used_size=3256320 bytes (8.0%)
(RDMA_READ_CONSUME_CHECK_CONSUMER) timestamp=3886 ms, used_size=3254272 bytes (7.9%)
(RDMA_READ_CONSUME_CHECK_CONSUMER) timestamp=3886 ms, used_size=3252224 bytes (7.9%)
(RDMA_READ_CONSUME_CHECK_CONSUMER) timestamp=3886 ms, used_size=3250176 bytes (7.9%)
(RDMA_READ_CONSUME_CHECK_CONSUMER) timestamp=3886 ms, used_size=3248128 bytes (7.9%)
(RDMA_READ_CONSUME_CHECK_CONSUMER) timestamp=3886 ms, used_size=3246080 bytes (7.9%)
(RDMA_READ_CONSUME_CHECK_CONSUMER) timestamp=3886 ms, used_size=3244032 bytes (7.9%)
(RDMA_READ_CONSUME_CHECK_CONSUMER) timestamp=3886 ms, used_size=3241984 bytes (7.9%)
(RDMA_READ_CONSUME_CHECK_CONSUMER) timestamp=3886 ms, used_size=3239936 bytes (7.9%)
(RDMA_READ_CONSUME_CHECK_CONSUMER) timestamp=3886 ms, used_size=3237888 bytes (7.9%)
(RDMA_READ_CONSUME_CHECK_CONSUMER) timestamp=3886 ms, used_size=3235840 bytes (7.9%)
(RDMA_READ_CONSUME_CHECK_CONSUMER) timestamp=3886 ms, used_size=3233792 bytes (7.9%)
(RDMA_READ_CONSUME_CHECK_CONSUMER) timestamp=3886 ms, used_size=3231744 bytes (7.9%)
(RDMA_READ_CONSUME_CHECK_CONSUMER) timestamp=3886 ms, used_size=3229696 bytes (7.9%)
(RDMA_READ_CONSUME_CHECK_CONSUMER) timestamp=3886 ms, used_size=3227648 bytes (7.9%)
(RDMA_READ_CONSUME_CHECK_CONSUMER) timestamp=3886 ms, used_size=3225600 bytes (7.9%)
(RDMA_READ_CONSUME_CHECK_CONSUMER) timestamp=3886 ms, used_size=3223552 bytes (7.9%)
(RDMA_READ_CONSUME_CHECK_CONSUMER) timestamp=3886 ms, used_size=3221504 bytes (7.9%)
(RDMA_READ_CONSUME_CHECK_CONSUMER) timestamp=3886 ms, used_size=3219456 bytes (7.9%)
(RDMA_READ_CONSUME_CHECK_CONSUMER) timestamp=3886 ms, used_size=3217408 bytes (7.9%)
(RDMA_READ_CONSUME_CHECK_CONSUMER) timestamp=3886 ms, used_size=3215360 bytes (7.8%)
(RDMA_READ_CONSUME_CHECK_CONSUMER) timestamp=3886 ms, used_size=3213312 bytes (7.8%)
(RDMA_READ_CONSUME_CHECK_CONSUMER) timestamp=3886 ms, used_size=3211264 bytes (7.8%)
(RDMA_READ_CONSUME_CHECK_CONSUMER) timestamp=3886 ms, used_size=3209216 bytes (7.8%)
(RDMA_READ_CONSUME_CHECK_CONSUMER) timestamp=3886 ms, used_size=3207168 bytes (7.8%)
(RDMA_READ_CONSUME_CHECK_CONSUMER) timestamp=3886 ms, used_size=3205120 bytes (7.8%)
(RDMA_READ_CONSUME_CHECK_CONSUMER) timestamp=3886 ms, used_size=3203072 bytes (7.8%)
(RDMA_READ_CONSUME_CHECK_CONSUMER) timestamp=3886 ms, used_size=3201024 bytes (7.8%)
(RDMA_READ_CONSUME_CHECK_CONSUMER) timestamp=3886 ms, used_size=3198976 bytes (7.8%)
(RDMA_READ_CONSUME_CHECK_CONSUMER) timestamp=3886 ms, used_size=3196928 bytes (7.8%)
(RDMA_READ_CONSUME_CHECK_CONSUMER) timestamp=3886 ms, used_size=3194880 bytes (7.8%)
(RDMA_READ_CONSUME_CHECK_CONSUMER) timestamp=3886 ms, used_size=3192832 bytes (7.8%)
(RDMA_READ_CONSUME_CHECK_CONSUMER) timestamp=3886 ms, used_size=3190784 bytes (7.8%)
(RDMA_READ_CONSUME_CHECK_CONSUMER) timestamp=3886 ms, used_size=3188736 bytes (7.8%)
(RDMA_READ_CONSUME_CHECK_CONSUMER) timestamp=3886 ms, used_size=3186688 bytes (7.8%)
(RDMA_READ_CONSUME_CHECK_CONSUMER) timestamp=3886 ms, used_size=3184640 bytes (7.8%)
(RDMA_READ_CONSUME_CHECK_CONSUMER) timestamp=3886 ms, used_size=3182592 bytes (7.8%)
(RDMA_READ_CONSUME_CHECK_CONSUMER) timestamp=3886 ms, used_size=3180544 bytes (7.8%)
(RDMA_READ_CONSUME_CHECK_CONSUMER) timestamp=3886 ms, used_size=3178496 bytes (7.8%)
(RDMA_READ_CONSUME_CHECK_CONSUMER) timestamp=3886 ms, used_size=3176448 bytes (7.8%)
(RDMA_READ_CONSUME_CHECK_CONSUMER) timestamp=3886 ms, used_size=3174400 bytes (7.8%)
(RDMA_READ_CONSUME_CHECK_CONSUMER) timestamp=3886 ms, used_size=3172352 bytes (7.7%)
(RDMA_READ_CONSUME_CHECK_CONSUMER) timestamp=3886 ms, used_size=3170304 bytes (7.7%)
(RDMA_READ_CONSUME_CHECK_CONSUMER) timestamp=3886 ms, used_size=3168256 bytes (7.7%)
(RDMA_READ_CONSUME_CHECK_CONSUMER) timestamp=3886 ms, used_size=3166208 bytes (7.7%)
(RDMA_READ_CONSUME_CHECK_CONSUMER) timestamp=3886 ms, used_size=3164160 bytes (7.7%)
(RDMA_READ_CONSUME_CHECK_CONSUMER) timestamp=3886 ms, used_size=3162112 bytes (7.7%)
(RDMA_READ_CONSUME_CHECK_CONSUMER) timestamp=3886 ms, used_size=3160064 bytes (7.7%)
(RDMA_READ_CONSUME_CHECK_CONSUMER) timestamp=3886 ms, used_size=3158016 bytes (7.7%)
(RDMA_READ_CONSUME_CHECK_CONSUMER) timestamp=3886 ms, used_size=3155968 bytes (7.7%)
(RDMA_READ_CONSUME_CHECK_CONSUMER) timestamp=3886 ms, used_size=3153920 bytes (7.7%)
(RDMA_READ_CONSUME_CHECK_CONSUMER) timestamp=3886 ms, used_size=3151872 bytes (7.7%)
(RDMA_READ_CONSUME_CHECK_CONSUMER) timestamp=3886 ms, used_size=3149824 bytes (7.7%)
(RDMA_READ_CONSUME_CHECK_CONSUMER) timestamp=3886 ms, used_size=3147776 bytes (7.7%)
(RDMA_READ_CONSUME_CHECK_CONSUMER) timestamp=3886 ms, used_size=3145728 bytes (7.7%)
(RDMA_READ_CONSUME_CHECK_CONSUMER) timestamp=3886 ms, used_size=3143680 bytes (7.7%)
(RDMA_READ_CONSUME_CHECK_CONSUMER) timestamp=3886 ms, used_size=3141632 bytes (7.7%)
(RDMA_READ_CONSUME_CHECK_CONSUMER) timestamp=3886 ms, used_size=3139584 bytes (7.7%)
(RDMA_READ_CONSUME_CHECK_CONSUMER) timestamp=3886 ms, used_size=3137536 bytes (7.7%)
(RDMA_READ_CONSUME_CHECK_CONSUMER) timestamp=3886 ms, used_size=3135488 bytes (7.7%)
(RDMA_READ_CONSUME_CHECK_CONSUMER) timestamp=3886 ms, used_size=3133440 bytes (7.7%)
(RDMA_READ_CONSUME_CHECK_CONSUMER) timestamp=3886 ms, used_size=3131392 bytes (7.6%)
(RDMA_READ_CONSUME_CHECK_CONSUMER) timestamp=3886 ms, used_size=3129344 bytes (7.6%)
(RDMA_READ_CONSUME_CHECK_CONSUMER) timestamp=3886 ms, used_size=3127296 bytes (7.6%)
(RDMA_READ_CONSUME_CHECK_CONSUMER) timestamp=3886 ms, used_size=3125248 bytes (7.6%)
(RDMA_READ_CONSUME_CHECK_CONSUMER) timestamp=3886 ms, used_size=3123200 bytes (7.6%)
(RDMA_READ_CONSUME_CHECK_CONSUMER) timestamp=3886 ms, used_size=3121152 bytes (7.6%)
(RDMA_READ_CONSUME_CHECK_CONSUMER) timestamp=3886 ms, used_size=3119104 bytes (7.6%)
(RDMA_READ_CONSUME_CHECK_CONSUMER) timestamp=3886 ms, used_size=3117056 bytes (7.6%)
(RDMA_READ_CONSUME_CHECK_CONSUMER) timestamp=3886 ms, used_size=3115008 bytes (7.6%)
(RDMA_READ_CONSUME_CHECK_CONSUMER) timestamp=3886 ms, used_size=3112960 bytes (7.6%)
(RDMA_READ_CONSUME_CHECK_CONSUMER) timestamp=3886 ms, used_size=3110912 bytes (7.6%)
(RDMA_READ_CONSUME_CHECK_CONSUMER) timestamp=3886 ms, used_size=3108864 bytes (7.6%)
(RDMA_READ_CONSUME_CHECK_CONSUMER) timestamp=3886 ms, used_size=3106816 bytes (7.6%)
(RDMA_READ_CONSUME_CHECK_CONSUMER) timestamp=3886 ms, used_size=3104768 bytes (7.6%)
(RDMA_READ_CONSUME_CHECK_CONSUMER) timestamp=3886 ms, used_size=3102720 bytes (7.6%)
(RDMA_READ_CONSUME_CHECK_CONSUMER) timestamp=3886 ms, used_size=3100672 bytes (7.6%)
(RDMA_READ_CONSUME_CHECK_CONSUMER) timestamp=3886 ms, used_size=3098624 bytes (7.6%)
(RDMA_READ_CONSUME_CHECK_CONSUMER) timestamp=3886 ms, used_size=3096576 bytes (7.6%)
(RDMA_READ_CONSUME_CHECK_CONSUMER) timestamp=3886 ms, used_size=3094528 bytes (7.6%)
(RDMA_READ_CONSUME_CHECK_CONSUMER) timestamp=3886 ms, used_size=3092480 bytes (7.5%)
(RDMA_READ_CONSUME_CHECK_CONSUMER) timestamp=3886 ms, used_size=3090432 bytes (7.5%)
(RDMA_READ_CONSUME_CHECK_CONSUMER) timestamp=3886 ms, used_size=3088384 bytes (7.5%)
(RDMA_READ_CONSUME_CHECK_CONSUMER) timestamp=3886 ms, used_size=3086336 bytes (7.5%)
(RDMA_READ_CONSUME_CHECK_CONSUMER) timestamp=3886 ms, used_size=3084288 bytes (7.5%)
(RDMA_READ_CONSUME_CHECK_CONSUMER) timestamp=3886 ms, used_size=3082240 bytes (7.5%)
(RDMA_READ_CONSUME_CHECK_CONSUMER) timestamp=3886 ms, used_size=3080192 bytes (7.5%)
(RDMA_READ_CONSUME_CHECK_CONSUMER) timestamp=3886 ms, used_size=3078144 bytes (7.5%)
(RDMA_READ_CONSUME_CHECK_CONSUMER) timestamp=3886 ms, used_size=3076096 bytes (7.5%)
(RDMA_READ_CONSUME_CHECK_CONSUMER) timestamp=3886 ms, used_size=3074048 bytes (7.5%)
(RDMA_READ_CONSUME_CHECK_CONSUMER) timestamp=3886 ms, used_size=3072000 bytes (7.5%)
(RDMA_READ_CONSUME_CHECK_CONSUMER) timestamp=3886 ms, used_size=3069952 bytes (7.5%)
(RDMA_READ_CONSUME_CHECK_CONSUMER) timestamp=3886 ms, used_size=3067904 bytes (7.5%)
(RDMA_READ_CONSUME_CHECK_CONSUMER) timestamp=3886 ms, used_size=3065856 bytes (7.5%)
(RDMA_READ_CONSUME_CHECK_CONSUMER) timestamp=3886 ms, used_size=3063808 bytes (7.5%)
(RDMA_READ_CONSUME_CHECK_CONSUMER) timestamp=3886 ms, used_size=3061760 bytes (7.5%)
(RDMA_READ_CONSUME_CHECK_CONSUMER) timestamp=3886 ms, used_size=3059712 bytes (7.5%)
(RDMA_READ_CONSUME_CHECK_CONSUMER) timestamp=3886 ms, used_size=3057664 bytes (7.5%)
(RDMA_READ_CONSUME_CHECK_CONSUMER) timestamp=3886 ms, used_size=3055616 bytes (7.5%)
(RDMA_READ_CONSUME_CHECK_CONSUMER) timestamp=3886 ms, used_size=3053568 bytes (7.5%)
(RDMA_READ_CONSUME_CHECK_CONSUMER) timestamp=3886 ms, used_size=3051520 bytes (7.5%)
(RDMA_READ_CONSUME_CHECK_CONSUMER) timestamp=3886 ms, used_size=3049472 bytes (7.4%)
(RDMA_READ_CONSUME_CHECK_CONSUMER) timestamp=3886 ms, used_size=3047424 bytes (7.4%)
(RDMA_READ_CONSUME_CHECK_CONSUMER) timestamp=3886 ms, used_size=3045376 bytes (7.4%)
(RDMA_READ_CONSUME_CHECK_CONSUMER) timestamp=3886 ms, used_size=3043328 bytes (7.4%)
(RDMA_READ_CONSUME_CHECK_CONSUMER) timestamp=3886 ms, used_size=3041280 bytes (7.4%)
(RDMA_READ_CONSUME_CHECK_CONSUMER) timestamp=3886 ms, used_size=3039232 bytes (7.4%)
(RDMA_READ_CONSUME_CHECK_CONSUMER) timestamp=3886 ms, used_size=3037184 bytes (7.4%)
(RDMA_READ_CONSUME_CHECK_CONSUMER) timestamp=3886 ms, used_size=3035136 bytes (7.4%)
(RDMA_READ_CONSUME_CHECK_CONSUMER) timestamp=3886 ms, used_size=3033088 bytes (7.4%)
(RDMA_READ_CONSUME_CHECK_CONSUMER) timestamp=3886 ms, used_size=3031040 bytes (7.4%)
(RDMA_READ_CONSUME_CHECK_CONSUMER) timestamp=3886 ms, used_size=3028992 bytes (7.4%)
(RDMA_READ_CONSUME_CHECK_CONSUMER) timestamp=3886 ms, used_size=3026944 bytes (7.4%)
(RDMA_READ_CONSUME_CHECK_CONSUMER) timestamp=3886 ms, used_size=3024896 bytes (7.4%)
(RDMA_READ_CONSUME_CHECK_CONSUMER) timestamp=3886 ms, used_size=3022848 bytes (7.4%)
(RDMA_READ_CONSUME_CHECK_CONSUMER) timestamp=3886 ms, used_size=3020800 bytes (7.4%)
(RDMA_READ_CONSUME_CHECK_CONSUMER) timestamp=3886 ms, used_size=3018752 bytes (7.4%)
(RDMA_READ_CONSUME_CHECK_CONSUMER) timestamp=3886 ms, used_size=3016704 bytes (7.4%)
(RDMA_READ_CONSUME_CHECK_CONSUMER) timestamp=3886 ms, used_size=3014656 bytes (7.4%)
(RDMA_READ_CONSUME_CHECK_CONSUMER) timestamp=3886 ms, used_size=3012608 bytes (7.4%)
(RDMA_READ_CONSUME_CHECK_CONSUMER) timestamp=3886 ms, used_size=3010560 bytes (7.3%)
(RDMA_READ_CONSUME_CHECK_CONSUMER) timestamp=3886 ms, used_size=3008512 bytes (7.3%)
(RDMA_READ_CONSUME_CHECK_CONSUMER) timestamp=3886 ms, used_size=3006464 bytes (7.3%)
(RDMA_READ_CONSUME_CHECK_CONSUMER) timestamp=3886 ms, used_size=3004416 bytes (7.3%)
(RDMA_READ_CONSUME_CHECK_CONSUMER) timestamp=3886 ms, used_size=3002368 bytes (7.3%)
(RDMA_READ_CONSUME_CHECK_CONSUMER) timestamp=3886 ms, used_size=3000320 bytes (7.3%)
(RDMA_READ_CONSUME_CHECK_CONSUMER) timestamp=3886 ms, used_size=2998272 bytes (7.3%)
(RDMA_READ_CONSUME_CHECK_CONSUMER) timestamp=3886 ms, used_size=2996224 bytes (7.3%)
(RDMA_READ_CONSUME_CHECK_CONSUMER) timestamp=3886 ms, used_size=2994176 bytes (7.3%)
(RDMA_READ_CONSUME_CHECK_CONSUMER) timestamp=3886 ms, used_size=2992128 bytes (7.3%)
(RDMA_READ_CONSUME_CHECK_CONSUMER) timestamp=3886 ms, used_size=2990080 bytes (7.3%)
(RDMA_READ_CONSUME_CHECK_CONSUMER) timestamp=3886 ms, used_size=2988032 bytes (7.3%)
(RDMA_READ_CONSUME_CHECK_CONSUMER) timestamp=3886 ms, used_size=2985984 bytes (7.3%)
(RDMA_READ_CONSUME_CHECK_CONSUMER) timestamp=3886 ms, used_size=2983936 bytes (7.3%)
(RDMA_READ_CONSUME_CHECK_CONSUMER) timestamp=3886 ms, used_size=2981888 bytes (7.3%)
(RDMA_READ_CONSUME_CHECK_CONSUMER) timestamp=3886 ms, used_size=2979840 bytes (7.3%)
(RDMA_READ_CONSUME_CHECK_CONSUMER) timestamp=3886 ms, used_size=2977792 bytes (7.3%)
(RDMA_READ_CONSUME_CHECK_CONSUMER) timestamp=3886 ms, used_size=2975744 bytes (7.3%)
(RDMA_READ_CONSUME_CHECK_CONSUMER) timestamp=3886 ms, used_size=2973696 bytes (7.3%)
(RDMA_READ_CONSUME_CHECK_CONSUMER) timestamp=3886 ms, used_size=2971648 bytes (7.3%)
(RDMA_READ_CONSUME_CHECK_CONSUMER) timestamp=3886 ms, used_size=2969600 bytes (7.2%)
(RDMA_READ_CONSUME_CHECK_CONSUMER) timestamp=3886 ms, used_size=2967552 bytes (7.2%)
(RDMA_READ_CONSUME_CHECK_CONSUMER) timestamp=3886 ms, used_size=2965504 bytes (7.2%)
(RDMA_READ_CONSUME_CHECK_CONSUMER) timestamp=3886 ms, used_size=2963456 bytes (7.2%)
(RDMA_READ_CONSUME_CHECK_CONSUMER) timestamp=3886 ms, used_size=2961408 bytes (7.2%)
(RDMA_READ_CONSUME_CHECK_CONSUMER) timestamp=3886 ms, used_size=2959360 bytes (7.2%)
(RDMA_READ_CONSUME_CHECK_CONSUMER) timestamp=3886 ms, used_size=2957312 bytes (7.2%)
(RDMA_READ_CONSUME_CHECK_CONSUMER) timestamp=3886 ms, used_size=2955264 bytes (7.2%)
(RDMA_READ_CONSUME_CHECK_CONSUMER) timestamp=3886 ms, used_size=2953216 bytes (7.2%)
(RDMA_READ_CONSUME_CHECK_CONSUMER) timestamp=3886 ms, used_size=2951168 bytes (7.2%)
(RDMA_READ_CONSUME_CHECK_CONSUMER) timestamp=3886 ms, used_size=2949120 bytes (7.2%)
(RDMA_READ_CONSUME_CHECK_CONSUMER) timestamp=3886 ms, used_size=2947072 bytes (7.2%)
(RDMA_READ_CONSUME_CHECK_CONSUMER) timestamp=3886 ms, used_size=2945024 bytes (7.2%)
(RDMA_READ_CONSUME_CHECK_CONSUMER) timestamp=3886 ms, used_size=2942976 bytes (7.2%)
(RDMA_READ_CONSUME_CHECK_CONSUMER) timestamp=3886 ms, used_size=2940928 bytes (7.2%)
(RDMA_READ_CONSUME_CHECK_CONSUMER) timestamp=3886 ms, used_size=2938880 bytes (7.2%)
(RDMA_READ_CONSUME_CHECK_CONSUMER) timestamp=3886 ms, used_size=2936832 bytes (7.2%)
(RDMA_READ_CONSUME_CHECK_CONSUMER) timestamp=3886 ms, used_size=2934784 bytes (7.2%)
(RDMA_READ_CONSUME_CHECK_CONSUMER) timestamp=3886 ms, used_size=2932736 bytes (7.2%)
(RDMA_READ_CONSUME_CHECK_CONSUMER) timestamp=3886 ms, used_size=2930688 bytes (7.2%)
(RDMA_READ_CONSUME_CHECK_CONSUMER) timestamp=3886 ms, used_size=2928640 bytes (7.2%)
(RDMA_READ_CONSUME_CHECK_CONSUMER) timestamp=3886 ms, used_size=2926592 bytes (7.1%)
(RDMA_READ_CONSUME_CHECK_CONSUMER) timestamp=3886 ms, used_size=2924544 bytes (7.1%)
(RDMA_READ_CONSUME_CHECK_CONSUMER) timestamp=3886 ms, used_size=2922496 bytes (7.1%)
(RDMA_READ_CONSUME_CHECK_CONSUMER) timestamp=3886 ms, used_size=2920448 bytes (7.1%)
(RDMA_READ_CONSUME_CHECK_CONSUMER) timestamp=3886 ms, used_size=2918400 bytes (7.1%)
(RDMA_READ_CONSUME_CHECK_CONSUMER) timestamp=3886 ms, used_size=2916352 bytes (7.1%)
(RDMA_READ_CONSUME_CHECK_CONSUMER) timestamp=3886 ms, used_size=2914304 bytes (7.1%)
(RDMA_READ_CONSUME_CHECK_CONSUMER) timestamp=3886 ms, used_size=2912256 bytes (7.1%)
(RDMA_READ_CONSUME_CHECK_CONSUMER) timestamp=3886 ms, used_size=2910208 bytes (7.1%)
(RDMA_READ_CONSUME_CHECK_CONSUMER) timestamp=3886 ms, used_size=2908160 bytes (7.1%)
(RDMA_READ_CONSUME_CHECK_CONSUMER) timestamp=3886 ms, used_size=2906112 bytes (7.1%)
(RDMA_READ_CONSUME_CHECK_CONSUMER) timestamp=3886 ms, used_size=2904064 bytes (7.1%)
(RDMA_READ_CONSUME_CHECK_CONSUMER) timestamp=3887 ms, used_size=2902016 bytes (7.1%)
(RDMA_READ_CONSUME_CHECK_CONSUMER) timestamp=3887 ms, used_size=2899968 bytes (7.1%)
(RDMA_READ_CONSUME_CHECK_CONSUMER) timestamp=3887 ms, used_size=2897920 bytes (7.1%)
(RDMA_READ_CONSUME_CHECK_CONSUMER) timestamp=3887 ms, used_size=2895872 bytes (7.1%)
(RDMA_READ_CONSUME_CHECK_CONSUMER) timestamp=3887 ms, used_size=2893824 bytes (7.1%)
(RDMA_READ_CONSUME_CHECK_CONSUMER) timestamp=3887 ms, used_size=2891776 bytes (7.1%)
(RDMA_READ_CONSUME_CHECK_CONSUMER) timestamp=3887 ms, used_size=2889728 bytes (7.1%)
(RDMA_READ_CONSUME_CHECK_CONSUMER) timestamp=3887 ms, used_size=2887680 bytes (7.0%)
(RDMA_READ_CONSUME_CHECK_CONSUMER) timestamp=3887 ms, used_size=2885632 bytes (7.0%)
(RDMA_READ_CONSUME_CHECK_CONSUMER) timestamp=3887 ms, used_size=2883584 bytes (7.0%)
(RDMA_READ_CONSUME_CHECK_CONSUMER) timestamp=3887 ms, used_size=2881536 bytes (7.0%)
(RDMA_READ_CONSUME_CHECK_CONSUMER) timestamp=3887 ms, used_size=2879488 bytes (7.0%)
(RDMA_READ_CONSUME_CHECK_CONSUMER) timestamp=3887 ms, used_size=2877440 bytes (7.0%)
(RDMA_READ_CONSUME_CHECK_CONSUMER) timestamp=3887 ms, used_size=2875392 bytes (7.0%)
(RDMA_READ_CONSUME_CHECK_CONSUMER) timestamp=3887 ms, used_size=2873344 bytes (7.0%)
(RDMA_READ_CONSUME_CHECK_CONSUMER) timestamp=3887 ms, used_size=2871296 bytes (7.0%)
(RDMA_READ_CONSUME_CHECK_CONSUMER) timestamp=3887 ms, used_size=2869248 bytes (7.0%)
(RDMA_READ_CONSUME_CHECK_CONSUMER) timestamp=3887 ms, used_size=2867200 bytes (7.0%)
(RDMA_READ_CONSUME_CHECK_CONSUMER) timestamp=3887 ms, used_size=2865152 bytes (7.0%)
(RDMA_READ_CONSUME_CHECK_CONSUMER) timestamp=3887 ms, used_size=2863104 bytes (7.0%)
(RDMA_READ_CONSUME_CHECK_CONSUMER) timestamp=3887 ms, used_size=2861056 bytes (7.0%)
(RDMA_READ_CONSUME_CHECK_CONSUMER) timestamp=3887 ms, used_size=2859008 bytes (7.0%)
(RDMA_READ_CONSUME_CHECK_CONSUMER) timestamp=3887 ms, used_size=2856960 bytes (7.0%)
(RDMA_READ_CONSUME_CHECK_CONSUMER) timestamp=3887 ms, used_size=2854912 bytes (7.0%)
(RDMA_READ_CONSUME_CHECK_CONSUMER) timestamp=3887 ms, used_size=2852864 bytes (7.0%)
(RDMA_READ_CONSUME_CHECK_CONSUMER) timestamp=3887 ms, used_size=2850816 bytes (7.0%)
(RDMA_READ_CONSUME_CHECK_CONSUMER) timestamp=3887 ms, used_size=2848768 bytes (7.0%)
(RDMA_READ_CONSUME_CHECK_CONSUMER) timestamp=3887 ms, used_size=2846720 bytes (7.0%)
(RDMA_READ_CONSUME_CHECK_CONSUMER) timestamp=3887 ms, used_size=2844672 bytes (6.9%)
(RDMA_READ_CONSUME_CHECK_CONSUMER) timestamp=3887 ms, used_size=2842624 bytes (6.9%)
(RDMA_READ_CONSUME_CHECK_CONSUMER) timestamp=3887 ms, used_size=2840576 bytes (6.9%)
(RDMA_READ_CONSUME_CHECK_CONSUMER) timestamp=3887 ms, used_size=2838528 bytes (6.9%)
(RDMA_READ_CONSUME_CHECK_CONSUMER) timestamp=3887 ms, used_size=2836480 bytes (6.9%)
(RDMA_READ_CONSUME_CHECK_CONSUMER) timestamp=3887 ms, used_size=2834432 bytes (6.9%)
(RDMA_READ_CONSUME_CHECK_CONSUMER) timestamp=3887 ms, used_size=2832384 bytes (6.9%)
(RDMA_READ_CONSUME_CHECK_CONSUMER) timestamp=3887 ms, used_size=2830336 bytes (6.9%)
(RDMA_READ_CONSUME_CHECK_CONSUMER) timestamp=3887 ms, used_size=2828288 bytes (6.9%)
(RDMA_READ_CONSUME_CHECK_CONSUMER) timestamp=3887 ms, used_size=2826240 bytes (6.9%)
(RDMA_READ_CONSUME_CHECK_CONSUMER) timestamp=3887 ms, used_size=2824192 bytes (6.9%)
(RDMA_READ_CONSUME_CHECK_CONSUMER) timestamp=3887 ms, used_size=2822144 bytes (6.9%)
(RDMA_READ_CONSUME_CHECK_CONSUMER) timestamp=3887 ms, used_size=2820096 bytes (6.9%)
(RDMA_READ_CONSUME_CHECK_CONSUMER) timestamp=3887 ms, used_size=2818048 bytes (6.9%)
(RDMA_READ_CONSUME_CHECK_CONSUMER) timestamp=3887 ms, used_size=2816000 bytes (6.9%)
(RDMA_READ_CONSUME_CHECK_CONSUMER) timestamp=3887 ms, used_size=2813952 bytes (6.9%)
(RDMA_READ_CONSUME_CHECK_CONSUMER) timestamp=3887 ms, used_size=2811904 bytes (6.9%)
(RDMA_READ_CONSUME_CHECK_CONSUMER) timestamp=3887 ms, used_size=2809856 bytes (6.9%)
(RDMA_READ_CONSUME_CHECK_CONSUMER) timestamp=3887 ms, used_size=2807808 bytes (6.9%)
(RDMA_READ_CONSUME_CHECK_CONSUMER) timestamp=3887 ms, used_size=2805760 bytes (6.8%)
(RDMA_READ_CONSUME_CHECK_CONSUMER) timestamp=3887 ms, used_size=2803712 bytes (6.8%)
(RDMA_READ_CONSUME_CHECK_CONSUMER) timestamp=3887 ms, used_size=2801664 bytes (6.8%)
(RDMA_READ_CONSUME_CHECK_CONSUMER) timestamp=3887 ms, used_size=2799616 bytes (6.8%)
(RDMA_READ_CONSUME_CHECK_CONSUMER) timestamp=3887 ms, used_size=2797568 bytes (6.8%)
(RDMA_READ_CONSUME_CHECK_CONSUMER) timestamp=3887 ms, used_size=2795520 bytes (6.8%)
(RDMA_READ_CONSUME_CHECK_CONSUMER) timestamp=3887 ms, used_size=2793472 bytes (6.8%)
(RDMA_READ_CONSUME_CHECK_CONSUMER) timestamp=3887 ms, used_size=2791424 bytes (6.8%)
(RDMA_READ_CONSUME_CHECK_CONSUMER) timestamp=3887 ms, used_size=2789376 bytes (6.8%)
(RDMA_READ_CONSUME_CHECK_CONSUMER) timestamp=3887 ms, used_size=2787328 bytes (6.8%)
(RDMA_READ_CONSUME_CHECK_CONSUMER) timestamp=3887 ms, used_size=2785280 bytes (6.8%)
(RDMA_READ_CONSUME_CHECK_CONSUMER) timestamp=3887 ms, used_size=2783232 bytes (6.8%)
(RDMA_READ_CONSUME_CHECK_CONSUMER) timestamp=3887 ms, used_size=2781184 bytes (6.8%)
(RDMA_READ_CONSUME_CHECK_CONSUMER) timestamp=3887 ms, used_size=2779136 bytes (6.8%)
(RDMA_READ_CONSUME_CHECK_CONSUMER) timestamp=3887 ms, used_size=2777088 bytes (6.8%)
(RDMA_READ_CONSUME_CHECK_CONSUMER) timestamp=3887 ms, used_size=2775040 bytes (6.8%)
(RDMA_READ_CONSUME_CHECK_CONSUMER) timestamp=3887 ms, used_size=2772992 bytes (6.8%)
(RDMA_READ_CONSUME_CHECK_CONSUMER) timestamp=3887 ms, used_size=2770944 bytes (6.8%)
(RDMA_READ_CONSUME_CHECK_CONSUMER) timestamp=3887 ms, used_size=2768896 bytes (6.8%)
(RDMA_READ_CONSUME_CHECK_CONSUMER) timestamp=3887 ms, used_size=2766848 bytes (6.8%)
(RDMA_READ_CONSUME_CHECK_CONSUMER) timestamp=3887 ms, used_size=2764800 bytes (6.8%)
(RDMA_READ_CONSUME_CHECK_CONSUMER) timestamp=3887 ms, used_size=2762752 bytes (6.7%)
(RDMA_READ_CONSUME_CHECK_CONSUMER) timestamp=3887 ms, used_size=2760704 bytes (6.7%)
(RDMA_READ_CONSUME_CHECK_CONSUMER) timestamp=3887 ms, used_size=2758656 bytes (6.7%)
(RDMA_READ_CONSUME_CHECK_CONSUMER) timestamp=3887 ms, used_size=2756608 bytes (6.7%)
(RDMA_READ_CONSUME_CHECK_CONSUMER) timestamp=3887 ms, used_size=2754560 bytes (6.7%)
(RDMA_READ_CONSUME_CHECK_CONSUMER) timestamp=3887 ms, used_size=2752512 bytes (6.7%)
(RDMA_READ_CONSUME_CHECK_CONSUMER) timestamp=3887 ms, used_size=2750464 bytes (6.7%)
(RDMA_READ_CONSUME_CHECK_CONSUMER) timestamp=3887 ms, used_size=2748416 bytes (6.7%)
(RDMA_READ_CONSUME_CHECK_CONSUMER) timestamp=3887 ms, used_size=2746368 bytes (6.7%)
(RDMA_READ_CONSUME_CHECK_CONSUMER) timestamp=3887 ms, used_size=2744320 bytes (6.7%)
(RDMA_READ_CONSUME_CHECK_CONSUMER) timestamp=3887 ms, used_size=2742272 bytes (6.7%)
(RDMA_READ_CONSUME_CHECK_CONSUMER) timestamp=3887 ms, used_size=2740224 bytes (6.7%)
(RDMA_READ_CONSUME_CHECK_CONSUMER) timestamp=3887 ms, used_size=2738176 bytes (6.7%)
(RDMA_READ_CONSUME_CHECK_CONSUMER) timestamp=3887 ms, used_size=2736128 bytes (6.7%)
(RDMA_READ_CONSUME_CHECK_CONSUMER) timestamp=3887 ms, used_size=2734080 bytes (6.7%)
(RDMA_READ_CONSUME_CHECK_CONSUMER) timestamp=3887 ms, used_size=2732032 bytes (6.7%)
(RDMA_READ_CONSUME_CHECK_CONSUMER) timestamp=3887 ms, used_size=2729984 bytes (6.7%)
(RDMA_READ_CONSUME_CHECK_CONSUMER) timestamp=3887 ms, used_size=2727936 bytes (6.7%)
(RDMA_READ_CONSUME_CHECK_CONSUMER) timestamp=3887 ms, used_size=2725888 bytes (6.7%)
(RDMA_READ_CONSUME_CHECK_CONSUMER) timestamp=3887 ms, used_size=2723840 bytes (6.7%)
(RDMA_READ_CONSUME_CHECK_CONSUMER) timestamp=3887 ms, used_size=2721792 bytes (6.6%)
(RDMA_READ_CONSUME_CHECK_CONSUMER) timestamp=3887 ms, used_size=2719744 bytes (6.6%)
(RDMA_READ_CONSUME_CHECK_CONSUMER) timestamp=3887 ms, used_size=2717696 bytes (6.6%)
(RDMA_READ_CONSUME_CHECK_CONSUMER) timestamp=3887 ms, used_size=2715648 bytes (6.6%)
(RDMA_READ_CONSUME_CHECK_CONSUMER) timestamp=3887 ms, used_size=2713600 bytes (6.6%)
(RDMA_READ_CONSUME_CHECK_CONSUMER) timestamp=3887 ms, used_size=2711552 bytes (6.6%)
(RDMA_READ_CONSUME_CHECK_CONSUMER) timestamp=3887 ms, used_size=2709504 bytes (6.6%)
(RDMA_READ_CONSUME_CHECK_CONSUMER) timestamp=3887 ms, used_size=2707456 bytes (6.6%)
(RDMA_READ_CONSUME_CHECK_CONSUMER) timestamp=3887 ms, used_size=2705408 bytes (6.6%)
(RDMA_READ_CONSUME_CHECK_CONSUMER) timestamp=3887 ms, used_size=2703360 bytes (6.6%)
(RDMA_READ_CONSUME_CHECK_CONSUMER) timestamp=3887 ms, used_size=2701312 bytes (6.6%)
(RDMA_READ_CONSUME_CHECK_CONSUMER) timestamp=3887 ms, used_size=2699264 bytes (6.6%)
(RDMA_READ_CONSUME_CHECK_CONSUMER) timestamp=3887 ms, used_size=2697216 bytes (6.6%)
(RDMA_READ_CONSUME_CHECK_CONSUMER) timestamp=3887 ms, used_size=2695168 bytes (6.6%)
(RDMA_READ_CONSUME_CHECK_CONSUMER) timestamp=3887 ms, used_size=2693120 bytes (6.6%)
(RDMA_READ_CONSUME_CHECK_CONSUMER) timestamp=3887 ms, used_size=2691072 bytes (6.6%)
(RDMA_READ_CONSUME_CHECK_CONSUMER) timestamp=3887 ms, used_size=2689024 bytes (6.6%)
(RDMA_READ_CONSUME_CHECK_CONSUMER) timestamp=3887 ms, used_size=2686976 bytes (6.6%)
(RDMA_READ_CONSUME_CHECK_CONSUMER) timestamp=3887 ms, used_size=2684928 bytes (6.6%)
(RDMA_READ_CONSUME_CHECK_CONSUMER) timestamp=3887 ms, used_size=2682880 bytes (6.5%)
(RDMA_READ_CONSUME_CHECK_CONSUMER) timestamp=3887 ms, used_size=2680832 bytes (6.5%)
(RDMA_READ_CONSUME_CHECK_CONSUMER) timestamp=3887 ms, used_size=2678784 bytes (6.5%)
(RDMA_READ_CONSUME_CHECK_CONSUMER) timestamp=3887 ms, used_size=2676736 bytes (6.5%)
(RDMA_READ_CONSUME_CHECK_CONSUMER) timestamp=3887 ms, used_size=2674688 bytes (6.5%)
(RDMA_READ_CONSUME_CHECK_CONSUMER) timestamp=3887 ms, used_size=2672640 bytes (6.5%)
(RDMA_READ_CONSUME_CHECK_CONSUMER) timestamp=3887 ms, used_size=2670592 bytes (6.5%)
(RDMA_READ_CONSUME_CHECK_CONSUMER) timestamp=3887 ms, used_size=2668544 bytes (6.5%)
(RDMA_READ_CONSUME_CHECK_CONSUMER) timestamp=3887 ms, used_size=2666496 bytes (6.5%)
(RDMA_READ_CONSUME_CHECK_CONSUMER) timestamp=3887 ms, used_size=2664448 bytes (6.5%)
(RDMA_READ_CONSUME_CHECK_CONSUMER) timestamp=3887 ms, used_size=2662400 bytes (6.5%)
(RDMA_READ_CONSUME_CHECK_CONSUMER) timestamp=3887 ms, used_size=2660352 bytes (6.5%)
(RDMA_READ_CONSUME_CHECK_CONSUMER) timestamp=3887 ms, used_size=2658304 bytes (6.5%)
(RDMA_READ_CONSUME_CHECK_CONSUMER) timestamp=3887 ms, used_size=2656256 bytes (6.5%)
(RDMA_READ_CONSUME_CHECK_CONSUMER) timestamp=3887 ms, used_size=2654208 bytes (6.5%)
(RDMA_READ_CONSUME_CHECK_CONSUMER) timestamp=3887 ms, used_size=2652160 bytes (6.5%)
(RDMA_READ_CONSUME_CHECK_CONSUMER) timestamp=3887 ms, used_size=2650112 bytes (6.5%)
(RDMA_READ_CONSUME_CHECK_CONSUMER) timestamp=3887 ms, used_size=2648064 bytes (6.5%)
(RDMA_READ_CONSUME_CHECK_CONSUMER) timestamp=3887 ms, used_size=2646016 bytes (6.5%)
(RDMA_READ_CONSUME_CHECK_CONSUMER) timestamp=3887 ms, used_size=2643968 bytes (6.5%)
(RDMA_READ_CONSUME_CHECK_CONSUMER) timestamp=3887 ms, used_size=2641920 bytes (6.5%)
(RDMA_READ_CONSUME_CHECK_CONSUMER) timestamp=3887 ms, used_size=2639872 bytes (6.4%)
(RDMA_READ_CONSUME_CHECK_CONSUMER) timestamp=3887 ms, used_size=2637824 bytes (6.4%)
(RDMA_READ_CONSUME_CHECK_CONSUMER) timestamp=3887 ms, used_size=2635776 bytes (6.4%)
(RDMA_READ_CONSUME_CHECK_CONSUMER) timestamp=3887 ms, used_size=2633728 bytes (6.4%)
(RDMA_READ_CONSUME_CHECK_CONSUMER) timestamp=3887 ms, used_size=2631680 bytes (6.4%)
(RDMA_READ_CONSUME_CHECK_CONSUMER) timestamp=3887 ms, used_size=2629632 bytes (6.4%)
(RDMA_READ_CONSUME_CHECK_CONSUMER) timestamp=3887 ms, used_size=2627584 bytes (6.4%)
(RDMA_READ_CONSUME_CHECK_CONSUMER) timestamp=3887 ms, used_size=2625536 bytes (6.4%)
(RDMA_READ_CONSUME_CHECK_CONSUMER) timestamp=3887 ms, used_size=2623488 bytes (6.4%)
(RDMA_READ_CONSUME_CHECK_CONSUMER) timestamp=3887 ms, used_size=2621440 bytes (6.4%)
(RDMA_READ_CONSUME_CHECK_CONSUMER) timestamp=3887 ms, used_size=2619392 bytes (6.4%)
(RDMA_READ_CONSUME_CHECK_CONSUMER) timestamp=3887 ms, used_size=2617344 bytes (6.4%)
(RDMA_READ_CONSUME_CHECK_CONSUMER) timestamp=3887 ms, used_size=2615296 bytes (6.4%)
(RDMA_READ_CONSUME_CHECK_CONSUMER) timestamp=3887 ms, used_size=2613248 bytes (6.4%)
(RDMA_READ_CONSUME_CHECK_CONSUMER) timestamp=3887 ms, used_size=2611200 bytes (6.4%)
(RDMA_READ_CONSUME_CHECK_CONSUMER) timestamp=3887 ms, used_size=2609152 bytes (6.4%)
(RDMA_READ_CONSUME_CHECK_CONSUMER) timestamp=3887 ms, used_size=2607104 bytes (6.4%)
(RDMA_READ_CONSUME_CHECK_CONSUMER) timestamp=3887 ms, used_size=2605056 bytes (6.4%)
(RDMA_READ_CONSUME_CHECK_CONSUMER) timestamp=3887 ms, used_size=2603008 bytes (6.4%)
(RDMA_READ_CONSUME_CHECK_CONSUMER) timestamp=3887 ms, used_size=2600960 bytes (6.3%)
(RDMA_READ_CONSUME_CHECK_CONSUMER) timestamp=3887 ms, used_size=2598912 bytes (6.3%)
(RDMA_READ_CONSUME_CHECK_CONSUMER) timestamp=3887 ms, used_size=2596864 bytes (6.3%)
(RDMA_READ_CONSUME_CHECK_CONSUMER) timestamp=3887 ms, used_size=2594816 bytes (6.3%)
(RDMA_READ_CONSUME_CHECK_CONSUMER) timestamp=3887 ms, used_size=2592768 bytes (6.3%)
(RDMA_READ_CONSUME_CHECK_CONSUMER) timestamp=3887 ms, used_size=2590720 bytes (6.3%)
(RDMA_READ_CONSUME_CHECK_CONSUMER) timestamp=3887 ms, used_size=2588672 bytes (6.3%)
(RDMA_READ_CONSUME_CHECK_CONSUMER) timestamp=3887 ms, used_size=2586624 bytes (6.3%)
(RDMA_READ_CONSUME_CHECK_CONSUMER) timestamp=3887 ms, used_size=2584576 bytes (6.3%)
(RDMA_READ_CONSUME_CHECK_CONSUMER) timestamp=3887 ms, used_size=2582528 bytes (6.3%)
(RDMA_READ_CONSUME_CHECK_CONSUMER) timestamp=3887 ms, used_size=2580480 bytes (6.3%)
(RDMA_READ_CONSUME_CHECK_CONSUMER) timestamp=3887 ms, used_size=2578432 bytes (6.3%)
(RDMA_READ_CONSUME_CHECK_CONSUMER) timestamp=3887 ms, used_size=2576384 bytes (6.3%)
(RDMA_READ_CONSUME_CHECK_CONSUMER) timestamp=3887 ms, used_size=2574336 bytes (6.3%)
(RDMA_READ_CONSUME_CHECK_CONSUMER) timestamp=3887 ms, used_size=2572288 bytes (6.3%)
(RDMA_READ_CONSUME_CHECK_CONSUMER) timestamp=3887 ms, used_size=2570240 bytes (6.3%)
(RDMA_READ_CONSUME_CHECK_CONSUMER) timestamp=3887 ms, used_size=2568192 bytes (6.3%)
(RDMA_READ_CONSUME_CHECK_CONSUMER) timestamp=3887 ms, used_size=2566144 bytes (6.3%)
(RDMA_READ_CONSUME_CHECK_CONSUMER) timestamp=3887 ms, used_size=2564096 bytes (6.3%)
(RDMA_READ_CONSUME_CHECK_CONSUMER) timestamp=3887 ms, used_size=2562048 bytes (6.3%)
(RDMA_READ_CONSUME_CHECK_CONSUMER) timestamp=3887 ms, used_size=2560000 bytes (6.2%)
(RDMA_READ_CONSUME_CHECK_CONSUMER) timestamp=3887 ms, used_size=2557952 bytes (6.2%)
(RDMA_READ_CONSUME_CHECK_CONSUMER) timestamp=3887 ms, used_size=2555904 bytes (6.2%)
(RDMA_READ_CONSUME_CHECK_CONSUMER) timestamp=3887 ms, used_size=2553856 bytes (6.2%)
(RDMA_READ_CONSUME_CHECK_CONSUMER) timestamp=3887 ms, used_size=2551808 bytes (6.2%)
(RDMA_READ_CONSUME_CHECK_CONSUMER) timestamp=3887 ms, used_size=2549760 bytes (6.2%)
(RDMA_READ_CONSUME_CHECK_CONSUMER) timestamp=3887 ms, used_size=2547712 bytes (6.2%)
(RDMA_READ_CONSUME_CHECK_CONSUMER) timestamp=3887 ms, used_size=2545664 bytes (6.2%)
(RDMA_READ_CONSUME_CHECK_CONSUMER) timestamp=3887 ms, used_size=2543616 bytes (6.2%)
(RDMA_READ_CONSUME_CHECK_CONSUMER) timestamp=3887 ms, used_size=2541568 bytes (6.2%)
(RDMA_READ_CONSUME_CHECK_CONSUMER) timestamp=3887 ms, used_size=2539520 bytes (6.2%)
(RDMA_READ_CONSUME_CHECK_CONSUMER) timestamp=3887 ms, used_size=2537472 bytes (6.2%)
(RDMA_READ_CONSUME_CHECK_CONSUMER) timestamp=3887 ms, used_size=2535424 bytes (6.2%)
(RDMA_READ_CONSUME_CHECK_CONSUMER) timestamp=3887 ms, used_size=2533376 bytes (6.2%)
(RDMA_READ_CONSUME_CHECK_CONSUMER) timestamp=3887 ms, used_size=2531328 bytes (6.2%)
(RDMA_READ_CONSUME_CHECK_CONSUMER) timestamp=3887 ms, used_size=2529280 bytes (6.2%)
(RDMA_READ_CONSUME_CHECK_CONSUMER) timestamp=3887 ms, used_size=2527232 bytes (6.2%)
(RDMA_READ_CONSUME_CHECK_CONSUMER) timestamp=3887 ms, used_size=2525184 bytes (6.2%)
(RDMA_READ_CONSUME_CHECK_CONSUMER) timestamp=3888 ms, used_size=2523136 bytes (6.2%)
(RDMA_READ_CONSUME_CHECK_CONSUMER) timestamp=3888 ms, used_size=2521088 bytes (6.2%)
(RDMA_READ_CONSUME_CHECK_CONSUMER) timestamp=3888 ms, used_size=2519040 bytes (6.2%)
(RDMA_READ_CONSUME_CHECK_CONSUMER) timestamp=3888 ms, used_size=2516992 bytes (6.1%)
(RDMA_READ_CONSUME_CHECK_CONSUMER) timestamp=3888 ms, used_size=2514944 bytes (6.1%)
(RDMA_READ_CONSUME_CHECK_CONSUMER) timestamp=3888 ms, used_size=2512896 bytes (6.1%)
(RDMA_READ_CONSUME_CHECK_CONSUMER) timestamp=3888 ms, used_size=2510848 bytes (6.1%)
(RDMA_READ_CONSUME_CHECK_CONSUMER) timestamp=3888 ms, used_size=2508800 bytes (6.1%)
(RDMA_READ_CONSUME_CHECK_CONSUMER) timestamp=3888 ms, used_size=2506752 bytes (6.1%)
(RDMA_READ_CONSUME_CHECK_CONSUMER) timestamp=3888 ms, used_size=2504704 bytes (6.1%)
(RDMA_READ_CONSUME_CHECK_CONSUMER) timestamp=3888 ms, used_size=2502656 bytes (6.1%)
(RDMA_READ_CONSUME_CHECK_CONSUMER) timestamp=3888 ms, used_size=2500608 bytes (6.1%)
(RDMA_READ_CONSUME_CHECK_CONSUMER) timestamp=3888 ms, used_size=2498560 bytes (6.1%)
(RDMA_READ_CONSUME_CHECK_CONSUMER) timestamp=3888 ms, used_size=2496512 bytes (6.1%)
(RDMA_READ_CONSUME_CHECK_CONSUMER) timestamp=3888 ms, used_size=2494464 bytes (6.1%)
(RDMA_READ_CONSUME_CHECK_CONSUMER) timestamp=3888 ms, used_size=2492416 bytes (6.1%)
(RDMA_READ_CONSUME_CHECK_CONSUMER) timestamp=3888 ms, used_size=2490368 bytes (6.1%)
(RDMA_READ_CONSUME_CHECK_CONSUMER) timestamp=3888 ms, used_size=2488320 bytes (6.1%)
(RDMA_READ_CONSUME_CHECK_CONSUMER) timestamp=3888 ms, used_size=2486272 bytes (6.1%)
(RDMA_READ_CONSUME_CHECK_CONSUMER) timestamp=3888 ms, used_size=2484224 bytes (6.1%)
(RDMA_READ_CONSUME_CHECK_CONSUMER) timestamp=3888 ms, used_size=2482176 bytes (6.1%)
(RDMA_READ_CONSUME_CHECK_CONSUMER) timestamp=3888 ms, used_size=2480128 bytes (6.1%)
(RDMA_READ_CONSUME_CHECK_CONSUMER) timestamp=3888 ms, used_size=2478080 bytes (6.0%)
(RDMA_READ_CONSUME_CHECK_CONSUMER) timestamp=3888 ms, used_size=2476032 bytes (6.0%)
(RDMA_READ_CONSUME_CHECK_CONSUMER) timestamp=3888 ms, used_size=2473984 bytes (6.0%)
(RDMA_READ_CONSUME_CHECK_CONSUMER) timestamp=3888 ms, used_size=2471936 bytes (6.0%)
(RDMA_READ_CONSUME_CHECK_CONSUMER) timestamp=3888 ms, used_size=2469888 bytes (6.0%)
(RDMA_READ_CONSUME_CHECK_CONSUMER) timestamp=3888 ms, used_size=2467840 bytes (6.0%)
(RDMA_READ_CONSUME_CHECK_CONSUMER) timestamp=3888 ms, used_size=2465792 bytes (6.0%)
(RDMA_READ_CONSUME_CHECK_CONSUMER) timestamp=3888 ms, used_size=2463744 bytes (6.0%)
(RDMA_READ_CONSUME_CHECK_CONSUMER) timestamp=3888 ms, used_size=2461696 bytes (6.0%)
(RDMA_READ_CONSUME_CHECK_CONSUMER) timestamp=3888 ms, used_size=2459648 bytes (6.0%)
(RDMA_READ_CONSUME_CHECK_CONSUMER) timestamp=3888 ms, used_size=2457600 bytes (6.0%)
(RDMA_READ_CONSUME_CHECK_CONSUMER) timestamp=3888 ms, used_size=2455552 bytes (6.0%)
(RDMA_READ_CONSUME_CHECK_CONSUMER) timestamp=3888 ms, used_size=2453504 bytes (6.0%)
(RDMA_READ_CONSUME_CHECK_CONSUMER) timestamp=3888 ms, used_size=2451456 bytes (6.0%)
(RDMA_READ_CONSUME_CHECK_CONSUMER) timestamp=3888 ms, used_size=2449408 bytes (6.0%)
(RDMA_READ_CONSUME_CHECK_CONSUMER) timestamp=3888 ms, used_size=2447360 bytes (6.0%)
(RDMA_READ_CONSUME_CHECK_CONSUMER) timestamp=3888 ms, used_size=2445312 bytes (6.0%)
(RDMA_READ_CONSUME_CHECK_CONSUMER) timestamp=3888 ms, used_size=2443264 bytes (6.0%)
(RDMA_READ_CONSUME_CHECK_CONSUMER) timestamp=3888 ms, used_size=2441216 bytes (6.0%)
(RDMA_READ_CONSUME_CHECK_CONSUMER) timestamp=3888 ms, used_size=2439168 bytes (6.0%)
(RDMA_READ_CONSUME_CHECK_CONSUMER) timestamp=3888 ms, used_size=2437120 bytes (6.0%)
(RDMA_READ_CONSUME_CHECK_CONSUMER) timestamp=3888 ms, used_size=2435072 bytes (5.9%)
(RDMA_READ_CONSUME_CHECK_CONSUMER) timestamp=3888 ms, used_size=2433024 bytes (5.9%)
(RDMA_READ_CONSUME_CHECK_CONSUMER) timestamp=3888 ms, used_size=2430976 bytes (5.9%)
(RDMA_READ_CONSUME_CHECK_CONSUMER) timestamp=3888 ms, used_size=2428928 bytes (5.9%)
(RDMA_READ_CONSUME_CHECK_CONSUMER) timestamp=3888 ms, used_size=2426880 bytes (5.9%)
(RDMA_READ_CONSUME_CHECK_CONSUMER) timestamp=3888 ms, used_size=2424832 bytes (5.9%)
(RDMA_READ_CONSUME_CHECK_CONSUMER) timestamp=3888 ms, used_size=2422784 bytes (5.9%)
(RDMA_READ_CONSUME_CHECK_CONSUMER) timestamp=3888 ms, used_size=2420736 bytes (5.9%)
(RDMA_READ_CONSUME_CHECK_CONSUMER) timestamp=3888 ms, used_size=2418688 bytes (5.9%)
(RDMA_READ_CONSUME_CHECK_CONSUMER) timestamp=3888 ms, used_size=2416640 bytes (5.9%)
(RDMA_READ_CONSUME_CHECK_CONSUMER) timestamp=3888 ms, used_size=2414592 bytes (5.9%)
(RDMA_READ_CONSUME_CHECK_CONSUMER) timestamp=3888 ms, used_size=2412544 bytes (5.9%)
(RDMA_READ_CONSUME_CHECK_CONSUMER) timestamp=3888 ms, used_size=2410496 bytes (5.9%)
(RDMA_READ_CONSUME_CHECK_CONSUMER) timestamp=3888 ms, used_size=2408448 bytes (5.9%)
(RDMA_READ_CONSUME_CHECK_CONSUMER) timestamp=3888 ms, used_size=2406400 bytes (5.9%)
(RDMA_READ_CONSUME_CHECK_CONSUMER) timestamp=3888 ms, used_size=2404352 bytes (5.9%)
(RDMA_READ_CONSUME_CHECK_CONSUMER) timestamp=3888 ms, used_size=2402304 bytes (5.9%)
(RDMA_READ_CONSUME_CHECK_CONSUMER) timestamp=3888 ms, used_size=2400256 bytes (5.9%)
(RDMA_READ_CONSUME_CHECK_CONSUMER) timestamp=3888 ms, used_size=2398208 bytes (5.9%)
(RDMA_READ_CONSUME_CHECK_CONSUMER) timestamp=3888 ms, used_size=2396160 bytes (5.8%)
(RDMA_READ_CONSUME_CHECK_CONSUMER) timestamp=3888 ms, used_size=2394112 bytes (5.8%)
(RDMA_READ_CONSUME_CHECK_CONSUMER) timestamp=3888 ms, used_size=2392064 bytes (5.8%)
(RDMA_READ_CONSUME_CHECK_CONSUMER) timestamp=3888 ms, used_size=2390016 bytes (5.8%)
(RDMA_READ_CONSUME_CHECK_CONSUMER) timestamp=3888 ms, used_size=2387968 bytes (5.8%)
(RDMA_READ_CONSUME_CHECK_CONSUMER) timestamp=3888 ms, used_size=2385920 bytes (5.8%)
(RDMA_READ_CONSUME_CHECK_CONSUMER) timestamp=3888 ms, used_size=2383872 bytes (5.8%)
(RDMA_READ_CONSUME_CHECK_CONSUMER) timestamp=3888 ms, used_size=2381824 bytes (5.8%)
(RDMA_READ_CONSUME_CHECK_CONSUMER) timestamp=3888 ms, used_size=2379776 bytes (5.8%)
(RDMA_READ_CONSUME_CHECK_CONSUMER) timestamp=3888 ms, used_size=2377728 bytes (5.8%)
(RDMA_READ_CONSUME_CHECK_CONSUMER) timestamp=3888 ms, used_size=2375680 bytes (5.8%)
(RDMA_READ_CONSUME_CHECK_CONSUMER) timestamp=3888 ms, used_size=2373632 bytes (5.8%)
(RDMA_READ_CONSUME_CHECK_CONSUMER) timestamp=3888 ms, used_size=2371584 bytes (5.8%)
(RDMA_READ_CONSUME_CHECK_CONSUMER) timestamp=3888 ms, used_size=2369536 bytes (5.8%)
(RDMA_READ_CONSUME_CHECK_CONSUMER) timestamp=3888 ms, used_size=2367488 bytes (5.8%)
(RDMA_READ_CONSUME_CHECK_CONSUMER) timestamp=3888 ms, used_size=2365440 bytes (5.8%)
(RDMA_READ_CONSUME_CHECK_CONSUMER) timestamp=3888 ms, used_size=2363392 bytes (5.8%)
(RDMA_READ_CONSUME_CHECK_CONSUMER) timestamp=3888 ms, used_size=2361344 bytes (5.8%)
(RDMA_READ_CONSUME_CHECK_CONSUMER) timestamp=3888 ms, used_size=2359296 bytes (5.8%)
(RDMA_READ_CONSUME_CHECK_CONSUMER) timestamp=3888 ms, used_size=2357248 bytes (5.8%)
(RDMA_READ_CONSUME_CHECK_CONSUMER) timestamp=3888 ms, used_size=2355200 bytes (5.8%)
(RDMA_READ_CONSUME_CHECK_CONSUMER) timestamp=3888 ms, used_size=2353152 bytes (5.7%)
(RDMA_READ_CONSUME_CHECK_CONSUMER) timestamp=3888 ms, used_size=2351104 bytes (5.7%)
(RDMA_READ_CONSUME_CHECK_CONSUMER) timestamp=3888 ms, used_size=2349056 bytes (5.7%)
(RDMA_READ_CONSUME_CHECK_CONSUMER) timestamp=3888 ms, used_size=2347008 bytes (5.7%)
(RDMA_READ_CONSUME_CHECK_CONSUMER) timestamp=3888 ms, used_size=2344960 bytes (5.7%)
(RDMA_READ_CONSUME_CHECK_CONSUMER) timestamp=3888 ms, used_size=2342912 bytes (5.7%)
(RDMA_READ_CONSUME_CHECK_CONSUMER) timestamp=3888 ms, used_size=2340864 bytes (5.7%)
(RDMA_READ_CONSUME_CHECK_CONSUMER) timestamp=3888 ms, used_size=2338816 bytes (5.7%)
(RDMA_READ_CONSUME_CHECK_CONSUMER) timestamp=3888 ms, used_size=2336768 bytes (5.7%)
(RDMA_READ_CONSUME_CHECK_CONSUMER) timestamp=3888 ms, used_size=2334720 bytes (5.7%)
(RDMA_READ_CONSUME_CHECK_CONSUMER) timestamp=3888 ms, used_size=2332672 bytes (5.7%)
(RDMA_READ_CONSUME_CHECK_CONSUMER) timestamp=3888 ms, used_size=2330624 bytes (5.7%)
(RDMA_READ_CONSUME_CHECK_CONSUMER) timestamp=3888 ms, used_size=2328576 bytes (5.7%)
(RDMA_READ_CONSUME_CHECK_CONSUMER) timestamp=3888 ms, used_size=2326528 bytes (5.7%)
(RDMA_READ_CONSUME_CHECK_CONSUMER) timestamp=3888 ms, used_size=2324480 bytes (5.7%)
(RDMA_READ_CONSUME_CHECK_CONSUMER) timestamp=3888 ms, used_size=2322432 bytes (5.7%)
(RDMA_READ_CONSUME_CHECK_CONSUMER) timestamp=3888 ms, used_size=2320384 bytes (5.7%)
(RDMA_READ_CONSUME_CHECK_CONSUMER) timestamp=3888 ms, used_size=2318336 bytes (5.7%)
(RDMA_READ_CONSUME_CHECK_CONSUMER) timestamp=3888 ms, used_size=2316288 bytes (5.7%)
(RDMA_READ_CONSUME_CHECK_CONSUMER) timestamp=3888 ms, used_size=2314240 bytes (5.7%)
(RDMA_READ_CONSUME_CHECK_CONSUMER) timestamp=3888 ms, used_size=2312192 bytes (5.6%)
(RDMA_READ_CONSUME_CHECK_CONSUMER) timestamp=3888 ms, used_size=2310144 bytes (5.6%)
(RDMA_READ_CONSUME_CHECK_CONSUMER) timestamp=3888 ms, used_size=2308096 bytes (5.6%)
(RDMA_READ_CONSUME_CHECK_CONSUMER) timestamp=3888 ms, used_size=2306048 bytes (5.6%)
(RDMA_READ_CONSUME_CHECK_CONSUMER) timestamp=3888 ms, used_size=2304000 bytes (5.6%)
(RDMA_READ_CONSUME_CHECK_CONSUMER) timestamp=3888 ms, used_size=2301952 bytes (5.6%)
(RDMA_READ_CONSUME_CHECK_CONSUMER) timestamp=3888 ms, used_size=2299904 bytes (5.6%)
(RDMA_READ_CONSUME_CHECK_CONSUMER) timestamp=3888 ms, used_size=2297856 bytes (5.6%)
(RDMA_READ_CONSUME_CHECK_CONSUMER) timestamp=3888 ms, used_size=2295808 bytes (5.6%)
(RDMA_READ_CONSUME_CHECK_CONSUMER) timestamp=3888 ms, used_size=2293760 bytes (5.6%)
(RDMA_READ_CONSUME_CHECK_CONSUMER) timestamp=3888 ms, used_size=2291712 bytes (5.6%)
(RDMA_READ_CONSUME_CHECK_CONSUMER) timestamp=3888 ms, used_size=2289664 bytes (5.6%)
(RDMA_READ_CONSUME_CHECK_CONSUMER) timestamp=3888 ms, used_size=2287616 bytes (5.6%)
(RDMA_READ_CONSUME_CHECK_CONSUMER) timestamp=3888 ms, used_size=2285568 bytes (5.6%)
(RDMA_READ_CONSUME_CHECK_CONSUMER) timestamp=3888 ms, used_size=2283520 bytes (5.6%)
(RDMA_READ_CONSUME_CHECK_CONSUMER) timestamp=3888 ms, used_size=2281472 bytes (5.6%)
(RDMA_READ_CONSUME_CHECK_CONSUMER) timestamp=3888 ms, used_size=2279424 bytes (5.6%)
(RDMA_READ_CONSUME_CHECK_CONSUMER) timestamp=3888 ms, used_size=2277376 bytes (5.6%)
(RDMA_READ_CONSUME_CHECK_CONSUMER) timestamp=3888 ms, used_size=2275328 bytes (5.6%)
(RDMA_READ_CONSUME_CHECK_CONSUMER) timestamp=3888 ms, used_size=2273280 bytes (5.5%)
(RDMA_READ_CONSUME_CHECK_CONSUMER) timestamp=3888 ms, used_size=2271232 bytes (5.5%)
(RDMA_READ_CONSUME_CHECK_CONSUMER) timestamp=3888 ms, used_size=2269184 bytes (5.5%)
(RDMA_READ_CONSUME_CHECK_CONSUMER) timestamp=3888 ms, used_size=2267136 bytes (5.5%)
(RDMA_READ_CONSUME_CHECK_CONSUMER) timestamp=3888 ms, used_size=2265088 bytes (5.5%)
(RDMA_READ_CONSUME_CHECK_CONSUMER) timestamp=3888 ms, used_size=2263040 bytes (5.5%)
(RDMA_READ_CONSUME_CHECK_CONSUMER) timestamp=3888 ms, used_size=2260992 bytes (5.5%)
(RDMA_READ_CONSUME_CHECK_CONSUMER) timestamp=3888 ms, used_size=2258944 bytes (5.5%)
(RDMA_READ_CONSUME_CHECK_CONSUMER) timestamp=3888 ms, used_size=2256896 bytes (5.5%)
(RDMA_READ_CONSUME_CHECK_CONSUMER) timestamp=3888 ms, used_size=2254848 bytes (5.5%)
(RDMA_READ_CONSUME_CHECK_CONSUMER) timestamp=3888 ms, used_size=2252800 bytes (5.5%)
(RDMA_READ_CONSUME_CHECK_CONSUMER) timestamp=3888 ms, used_size=2250752 bytes (5.5%)
(RDMA_READ_CONSUME_CHECK_CONSUMER) timestamp=3888 ms, used_size=2248704 bytes (5.5%)
(RDMA_READ_CONSUME_CHECK_CONSUMER) timestamp=3888 ms, used_size=2246656 bytes (5.5%)
(RDMA_READ_CONSUME_CHECK_CONSUMER) timestamp=3888 ms, used_size=2244608 bytes (5.5%)
(RDMA_READ_CONSUME_CHECK_CONSUMER) timestamp=3888 ms, used_size=2242560 bytes (5.5%)
(RDMA_READ_CONSUME_CHECK_CONSUMER) timestamp=3888 ms, used_size=2240512 bytes (5.5%)
(RDMA_READ_CONSUME_CHECK_CONSUMER) timestamp=3888 ms, used_size=2238464 bytes (5.5%)
(RDMA_READ_CONSUME_CHECK_CONSUMER) timestamp=3888 ms, used_size=2236416 bytes (5.5%)
(RDMA_READ_CONSUME_CHECK_CONSUMER) timestamp=3888 ms, used_size=2234368 bytes (5.5%)
(RDMA_READ_CONSUME_CHECK_CONSUMER) timestamp=3888 ms, used_size=2232320 bytes (5.5%)
(RDMA_READ_CONSUME_CHECK_CONSUMER) timestamp=3888 ms, used_size=2230272 bytes (5.4%)
(RDMA_READ_CONSUME_CHECK_CONSUMER) timestamp=3888 ms, used_size=2228224 bytes (5.4%)
(RDMA_READ_CONSUME_CHECK_CONSUMER) timestamp=3888 ms, used_size=2226176 bytes (5.4%)
(RDMA_READ_CONSUME_CHECK_CONSUMER) timestamp=3888 ms, used_size=2224128 bytes (5.4%)
(RDMA_READ_CONSUME_CHECK_CONSUMER) timestamp=3888 ms, used_size=2222080 bytes (5.4%)
(RDMA_READ_CONSUME_CHECK_CONSUMER) timestamp=3888 ms, used_size=2220032 bytes (5.4%)
(RDMA_READ_CONSUME_CHECK_CONSUMER) timestamp=3888 ms, used_size=2217984 bytes (5.4%)
(RDMA_READ_CONSUME_CHECK_CONSUMER) timestamp=3888 ms, used_size=2215936 bytes (5.4%)
(RDMA_READ_CONSUME_CHECK_CONSUMER) timestamp=3888 ms, used_size=2213888 bytes (5.4%)
(RDMA_READ_CONSUME_CHECK_CONSUMER) timestamp=3888 ms, used_size=2211840 bytes (5.4%)
(RDMA_READ_CONSUME_CHECK_CONSUMER) timestamp=3888 ms, used_size=2209792 bytes (5.4%)
(RDMA_READ_CONSUME_CHECK_CONSUMER) timestamp=3888 ms, used_size=2207744 bytes (5.4%)
(RDMA_READ_CONSUME_CHECK_CONSUMER) timestamp=3888 ms, used_size=2205696 bytes (5.4%)
(RDMA_READ_CONSUME_CHECK_CONSUMER) timestamp=3888 ms, used_size=2203648 bytes (5.4%)
(RDMA_READ_CONSUME_CHECK_CONSUMER) timestamp=3888 ms, used_size=2201600 bytes (5.4%)
(RDMA_READ_CONSUME_CHECK_CONSUMER) timestamp=3888 ms, used_size=2199552 bytes (5.4%)
(RDMA_READ_CONSUME_CHECK_CONSUMER) timestamp=3888 ms, used_size=2197504 bytes (5.4%)
(RDMA_READ_CONSUME_CHECK_CONSUMER) timestamp=3888 ms, used_size=2195456 bytes (5.4%)
(RDMA_READ_CONSUME_CHECK_CONSUMER) timestamp=3888 ms, used_size=2193408 bytes (5.4%)
(RDMA_READ_CONSUME_CHECK_CONSUMER) timestamp=3888 ms, used_size=2191360 bytes (5.3%)
(RDMA_READ_CONSUME_CHECK_CONSUMER) timestamp=3888 ms, used_size=2189312 bytes (5.3%)
(RDMA_READ_CONSUME_CHECK_CONSUMER) timestamp=3888 ms, used_size=2187264 bytes (5.3%)
(RDMA_READ_CONSUME_CHECK_CONSUMER) timestamp=3888 ms, used_size=2185216 bytes (5.3%)
(RDMA_READ_CONSUME_CHECK_CONSUMER) timestamp=3888 ms, used_size=2183168 bytes (5.3%)
(RDMA_READ_CONSUME_CHECK_CONSUMER) timestamp=3888 ms, used_size=2181120 bytes (5.3%)
(RDMA_READ_CONSUME_CHECK_CONSUMER) timestamp=3888 ms, used_size=2179072 bytes (5.3%)
(RDMA_READ_CONSUME_CHECK_CONSUMER) timestamp=3888 ms, used_size=2177024 bytes (5.3%)
(RDMA_READ_CONSUME_CHECK_CONSUMER) timestamp=3888 ms, used_size=2174976 bytes (5.3%)
(RDMA_READ_CONSUME_CHECK_CONSUMER) timestamp=3888 ms, used_size=2172928 bytes (5.3%)
(RDMA_READ_CONSUME_CHECK_CONSUMER) timestamp=3888 ms, used_size=2170880 bytes (5.3%)
(RDMA_READ_CONSUME_CHECK_CONSUMER) timestamp=3888 ms, used_size=2168832 bytes (5.3%)
(RDMA_READ_CONSUME_CHECK_CONSUMER) timestamp=3888 ms, used_size=2166784 bytes (5.3%)
(RDMA_READ_CONSUME_CHECK_CONSUMER) timestamp=3888 ms, used_size=2164736 bytes (5.3%)
(RDMA_READ_CONSUME_CHECK_CONSUMER) timestamp=3888 ms, used_size=2162688 bytes (5.3%)
(RDMA_READ_CONSUME_CHECK_CONSUMER) timestamp=3888 ms, used_size=2160640 bytes (5.3%)
(RDMA_READ_CONSUME_CHECK_CONSUMER) timestamp=3888 ms, used_size=2158592 bytes (5.3%)
(RDMA_READ_CONSUME_CHECK_CONSUMER) timestamp=3888 ms, used_size=2156544 bytes (5.3%)
(RDMA_READ_CONSUME_CHECK_CONSUMER) timestamp=3888 ms, used_size=2154496 bytes (5.3%)
(RDMA_READ_CONSUME_CHECK_CONSUMER) timestamp=3888 ms, used_size=2152448 bytes (5.3%)
(RDMA_READ_CONSUME_CHECK_CONSUMER) timestamp=3888 ms, used_size=2150400 bytes (5.2%)
(RDMA_READ_CONSUME_CHECK_CONSUMER) timestamp=3888 ms, used_size=2148352 bytes (5.2%)
(RDMA_READ_CONSUME_CHECK_CONSUMER) timestamp=3888 ms, used_size=2146304 bytes (5.2%)
(RDMA_READ_CONSUME_CHECK_CONSUMER) timestamp=3889 ms, used_size=2144256 bytes (5.2%)
(RDMA_READ_CONSUME_CHECK_CONSUMER) timestamp=3889 ms, used_size=2142208 bytes (5.2%)
(RDMA_READ_CONSUME_CHECK_CONSUMER) timestamp=3889 ms, used_size=2140160 bytes (5.2%)
(RDMA_READ_CONSUME_CHECK_CONSUMER) timestamp=3889 ms, used_size=2138112 bytes (5.2%)
(RDMA_READ_CONSUME_CHECK_CONSUMER) timestamp=3889 ms, used_size=2136064 bytes (5.2%)
(RDMA_READ_CONSUME_CHECK_CONSUMER) timestamp=3889 ms, used_size=2134016 bytes (5.2%)
(RDMA_READ_CONSUME_CHECK_CONSUMER) timestamp=3889 ms, used_size=2131968 bytes (5.2%)
(RDMA_READ_CONSUME_CHECK_CONSUMER) timestamp=3889 ms, used_size=2129920 bytes (5.2%)
(RDMA_READ_CONSUME_CHECK_CONSUMER) timestamp=3889 ms, used_size=2127872 bytes (5.2%)
(RDMA_READ_CONSUME_CHECK_CONSUMER) timestamp=3889 ms, used_size=2125824 bytes (5.2%)
(RDMA_READ_CONSUME_CHECK_CONSUMER) timestamp=3889 ms, used_size=2123776 bytes (5.2%)
(RDMA_READ_CONSUME_CHECK_CONSUMER) timestamp=3889 ms, used_size=2121728 bytes (5.2%)
(RDMA_READ_CONSUME_CHECK_CONSUMER) timestamp=3889 ms, used_size=2119680 bytes (5.2%)
(RDMA_READ_CONSUME_CHECK_CONSUMER) timestamp=3889 ms, used_size=2117632 bytes (5.2%)
(RDMA_READ_CONSUME_CHECK_CONSUMER) timestamp=3889 ms, used_size=2115584 bytes (5.2%)
(RDMA_READ_CONSUME_CHECK_CONSUMER) timestamp=3889 ms, used_size=2113536 bytes (5.2%)
(RDMA_READ_CONSUME_CHECK_CONSUMER) timestamp=3889 ms, used_size=2111488 bytes (5.2%)
(RDMA_READ_CONSUME_CHECK_CONSUMER) timestamp=3889 ms, used_size=2109440 bytes (5.2%)
(RDMA_READ_CONSUME_CHECK_CONSUMER) timestamp=3889 ms, used_size=2107392 bytes (5.1%)
(RDMA_READ_CONSUME_CHECK_CONSUMER) timestamp=3889 ms, used_size=2105344 bytes (5.1%)
(RDMA_READ_CONSUME_CHECK_CONSUMER) timestamp=3889 ms, used_size=2103296 bytes (5.1%)
(RDMA_READ_CONSUME_CHECK_CONSUMER) timestamp=3889 ms, used_size=2101248 bytes (5.1%)
(RDMA_READ_CONSUME_CHECK_CONSUMER) timestamp=3889 ms, used_size=2099200 bytes (5.1%)
(RDMA_READ_CONSUME_CHECK_CONSUMER) timestamp=3889 ms, used_size=2097152 bytes (5.1%)
(RDMA_READ_CONSUME_CHECK_CONSUMER) timestamp=3889 ms, used_size=2095104 bytes (5.1%)
(RDMA_READ_CONSUME_CHECK_CONSUMER) timestamp=3889 ms, used_size=2093056 bytes (5.1%)
(RDMA_READ_CONSUME_CHECK_CONSUMER) timestamp=3889 ms, used_size=2091008 bytes (5.1%)
(RDMA_READ_CONSUME_CHECK_CONSUMER) timestamp=3889 ms, used_size=2088960 bytes (5.1%)
(RDMA_READ_CONSUME_CHECK_CONSUMER) timestamp=3889 ms, used_size=2086912 bytes (5.1%)
(RDMA_READ_CONSUME_CHECK_CONSUMER) timestamp=3889 ms, used_size=2084864 bytes (5.1%)
(RDMA_READ_CONSUME_CHECK_CONSUMER) timestamp=3889 ms, used_size=2082816 bytes (5.1%)
(RDMA_READ_CONSUME_CHECK_CONSUMER) timestamp=3889 ms, used_size=2080768 bytes (5.1%)
(RDMA_READ_CONSUME_CHECK_CONSUMER) timestamp=3889 ms, used_size=2078720 bytes (5.1%)
(RDMA_READ_CONSUME_CHECK_CONSUMER) timestamp=3889 ms, used_size=2076672 bytes (5.1%)
(RDMA_READ_CONSUME_CHECK_CONSUMER) timestamp=3889 ms, used_size=2074624 bytes (5.1%)
(RDMA_READ_CONSUME_CHECK_CONSUMER) timestamp=3889 ms, used_size=2072576 bytes (5.1%)
(RDMA_READ_CONSUME_CHECK_CONSUMER) timestamp=3889 ms, used_size=2070528 bytes (5.1%)
(RDMA_READ_CONSUME_CHECK_CONSUMER) timestamp=3889 ms, used_size=2068480 bytes (5.0%)
(RDMA_READ_CONSUME_CHECK_CONSUMER) timestamp=3889 ms, used_size=2066432 bytes (5.0%)
(RDMA_READ_CONSUME_CHECK_CONSUMER) timestamp=3889 ms, used_size=2064384 bytes (5.0%)
(RDMA_READ_CONSUME_CHECK_CONSUMER) timestamp=3889 ms, used_size=2062336 bytes (5.0%)
(RDMA_READ_CONSUME_CHECK_CONSUMER) timestamp=3889 ms, used_size=2060288 bytes (5.0%)
(RDMA_READ_CONSUME_CHECK_CONSUMER) timestamp=3889 ms, used_size=2058240 bytes (5.0%)
(RDMA_READ_CONSUME_CHECK_CONSUMER) timestamp=3889 ms, used_size=2056192 bytes (5.0%)
(RDMA_READ_CONSUME_CHECK_CONSUMER) timestamp=3889 ms, used_size=2054144 bytes (5.0%)
(RDMA_READ_CONSUME_CHECK_CONSUMER) timestamp=3889 ms, used_size=2052096 bytes (5.0%)
(RDMA_READ_CONSUME_CHECK_CONSUMER) timestamp=3889 ms, used_size=2050048 bytes (5.0%)
(RDMA_READ_CONSUME_CHECK_CONSUMER) timestamp=3889 ms, used_size=2048000 bytes (5.0%)
(RDMA_READ_CONSUME_CHECK_CONSUMER) timestamp=3889 ms, used_size=2045952 bytes (5.0%)
(RDMA_READ_CONSUME_CHECK_CONSUMER) timestamp=3889 ms, used_size=2043904 bytes (5.0%)
(RDMA_READ_CONSUME_CHECK_CONSUMER) timestamp=3889 ms, used_size=2041856 bytes (5.0%)
(RDMA_READ_CONSUME_CHECK_CONSUMER) timestamp=3889 ms, used_size=2039808 bytes (5.0%)
(RDMA_READ_CONSUME_CHECK_CONSUMER) timestamp=3889 ms, used_size=2037760 bytes (5.0%)
(RDMA_READ_CONSUME_CHECK_CONSUMER) timestamp=3889 ms, used_size=2035712 bytes (5.0%)
(RDMA_READ_CONSUME_CHECK_CONSUMER) timestamp=3889 ms, used_size=2033664 bytes (5.0%)
(RDMA_READ_CONSUME_CHECK_CONSUMER) timestamp=3889 ms, used_size=2031616 bytes (5.0%)
(RDMA_READ_CONSUME_CHECK_CONSUMER) timestamp=3889 ms, used_size=2029568 bytes (5.0%)
(RDMA_READ_CONSUME_CHECK_CONSUMER) timestamp=3889 ms, used_size=2027520 bytes (5.0%)
(RDMA_READ_CONSUME_CHECK_CONSUMER) timestamp=3889 ms, used_size=2025472 bytes (4.9%)
(RDMA_READ_CONSUME_CHECK_CONSUMER) timestamp=3889 ms, used_size=2023424 bytes (4.9%)
(RDMA_READ_CONSUME_CHECK_CONSUMER) timestamp=3889 ms, used_size=2021376 bytes (4.9%)
(RDMA_READ_CONSUME_CHECK_CONSUMER) timestamp=3889 ms, used_size=2019328 bytes (4.9%)
(RDMA_READ_CONSUME_CHECK_CONSUMER) timestamp=3889 ms, used_size=2017280 bytes (4.9%)
(RDMA_READ_CONSUME_CHECK_CONSUMER) timestamp=3889 ms, used_size=2015232 bytes (4.9%)
(RDMA_READ_CONSUME_CHECK_CONSUMER) timestamp=3889 ms, used_size=2013184 bytes (4.9%)
(RDMA_READ_CONSUME_CHECK_CONSUMER) timestamp=3889 ms, used_size=2011136 bytes (4.9%)
(RDMA_READ_CONSUME_CHECK_CONSUMER) timestamp=3889 ms, used_size=2009088 bytes (4.9%)
(RDMA_READ_CONSUME_CHECK_CONSUMER) timestamp=3889 ms, used_size=2007040 bytes (4.9%)
(RDMA_READ_CONSUME_CHECK_CONSUMER) timestamp=3889 ms, used_size=2004992 bytes (4.9%)
(RDMA_READ_CONSUME_CHECK_CONSUMER) timestamp=3889 ms, used_size=2002944 bytes (4.9%)
(RDMA_READ_CONSUME_CHECK_CONSUMER) timestamp=3889 ms, used_size=2000896 bytes (4.9%)
(RDMA_READ_CONSUME_CHECK_CONSUMER) timestamp=3889 ms, used_size=1998848 bytes (4.9%)
(RDMA_READ_CONSUME_CHECK_CONSUMER) timestamp=3889 ms, used_size=1996800 bytes (4.9%)
(RDMA_READ_CONSUME_CHECK_CONSUMER) timestamp=3889 ms, used_size=1994752 bytes (4.9%)
(RDMA_READ_CONSUME_CHECK_CONSUMER) timestamp=3889 ms, used_size=1992704 bytes (4.9%)
(RDMA_READ_CONSUME_CHECK_CONSUMER) timestamp=3889 ms, used_size=1990656 bytes (4.9%)
(RDMA_READ_CONSUME_CHECK_CONSUMER) timestamp=3889 ms, used_size=1988608 bytes (4.9%)
(RDMA_READ_CONSUME_CHECK_CONSUMER) timestamp=3889 ms, used_size=1986560 bytes (4.8%)
(RDMA_READ_CONSUME_CHECK_CONSUMER) timestamp=3889 ms, used_size=1984512 bytes (4.8%)
(RDMA_READ_CONSUME_CHECK_CONSUMER) timestamp=3889 ms, used_size=1982464 bytes (4.8%)
(RDMA_READ_CONSUME_CHECK_CONSUMER) timestamp=3889 ms, used_size=1980416 bytes (4.8%)
(RDMA_READ_CONSUME_CHECK_CONSUMER) timestamp=3889 ms, used_size=1978368 bytes (4.8%)
(RDMA_READ_CONSUME_CHECK_CONSUMER) timestamp=3889 ms, used_size=1976320 bytes (4.8%)
(RDMA_READ_CONSUME_CHECK_CONSUMER) timestamp=3889 ms, used_size=1974272 bytes (4.8%)
(RDMA_READ_CONSUME_CHECK_CONSUMER) timestamp=3889 ms, used_size=1972224 bytes (4.8%)
(RDMA_READ_CONSUME_CHECK_CONSUMER) timestamp=3889 ms, used_size=1970176 bytes (4.8%)
(RDMA_READ_CONSUME_CHECK_CONSUMER) timestamp=3889 ms, used_size=1968128 bytes (4.8%)
(RDMA_READ_CONSUME_CHECK_CONSUMER) timestamp=3889 ms, used_size=1966080 bytes (4.8%)
(RDMA_READ_CONSUME_CHECK_CONSUMER) timestamp=3889 ms, used_size=1964032 bytes (4.8%)
(RDMA_READ_CONSUME_CHECK_CONSUMER) timestamp=3889 ms, used_size=1961984 bytes (4.8%)
(RDMA_READ_CONSUME_CHECK_CONSUMER) timestamp=3889 ms, used_size=1959936 bytes (4.8%)
(RDMA_READ_CONSUME_CHECK_CONSUMER) timestamp=3889 ms, used_size=1957888 bytes (4.8%)
(RDMA_READ_CONSUME_CHECK_CONSUMER) timestamp=3889 ms, used_size=1955840 bytes (4.8%)
(RDMA_READ_CONSUME_CHECK_CONSUMER) timestamp=3889 ms, used_size=1953792 bytes (4.8%)
(RDMA_READ_CONSUME_CHECK_CONSUMER) timestamp=3889 ms, used_size=1951744 bytes (4.8%)
(RDMA_READ_CONSUME_CHECK_CONSUMER) timestamp=3889 ms, used_size=1949696 bytes (4.8%)
(RDMA_READ_CONSUME_CHECK_CONSUMER) timestamp=3889 ms, used_size=1947648 bytes (4.8%)
(RDMA_READ_CONSUME_CHECK_CONSUMER) timestamp=3889 ms, used_size=1945600 bytes (4.8%)
(RDMA_READ_CONSUME_CHECK_CONSUMER) timestamp=3889 ms, used_size=1943552 bytes (4.7%)
(RDMA_READ_CONSUME_CHECK_CONSUMER) timestamp=3889 ms, used_size=1941504 bytes (4.7%)
(RDMA_READ_CONSUME_CHECK_CONSUMER) timestamp=3889 ms, used_size=1939456 bytes (4.7%)
(RDMA_READ_CONSUME_CHECK_CONSUMER) timestamp=3889 ms, used_size=1937408 bytes (4.7%)
(RDMA_READ_CONSUME_CHECK_CONSUMER) timestamp=3889 ms, used_size=1935360 bytes (4.7%)
(RDMA_READ_CONSUME_CHECK_CONSUMER) timestamp=3889 ms, used_size=1933312 bytes (4.7%)
(RDMA_READ_CONSUME_CHECK_CONSUMER) timestamp=3889 ms, used_size=1931264 bytes (4.7%)
(RDMA_READ_CONSUME_CHECK_CONSUMER) timestamp=3889 ms, used_size=1929216 bytes (4.7%)
(RDMA_READ_CONSUME_CHECK_CONSUMER) timestamp=3889 ms, used_size=1927168 bytes (4.7%)
(RDMA_READ_CONSUME_CHECK_CONSUMER) timestamp=3889 ms, used_size=1925120 bytes (4.7%)
(RDMA_READ_CONSUME_CHECK_CONSUMER) timestamp=3889 ms, used_size=1923072 bytes (4.7%)
(RDMA_READ_CONSUME_CHECK_CONSUMER) timestamp=3889 ms, used_size=1921024 bytes (4.7%)
(RDMA_READ_CONSUME_CHECK_CONSUMER) timestamp=3889 ms, used_size=1918976 bytes (4.7%)
(RDMA_READ_CONSUME_CHECK_CONSUMER) timestamp=3889 ms, used_size=1916928 bytes (4.7%)
(RDMA_READ_CONSUME_CHECK_CONSUMER) timestamp=3889 ms, used_size=1914880 bytes (4.7%)
(RDMA_READ_CONSUME_CHECK_CONSUMER) timestamp=3889 ms, used_size=1912832 bytes (4.7%)
(RDMA_READ_CONSUME_CHECK_CONSUMER) timestamp=3889 ms, used_size=1910784 bytes (4.7%)
(RDMA_READ_CONSUME_CHECK_CONSUMER) timestamp=3889 ms, used_size=1908736 bytes (4.7%)
(RDMA_READ_CONSUME_CHECK_CONSUMER) timestamp=3889 ms, used_size=1906688 bytes (4.7%)
(RDMA_READ_CONSUME_CHECK_CONSUMER) timestamp=3889 ms, used_size=1904640 bytes (4.7%)
(RDMA_READ_CONSUME_CHECK_CONSUMER) timestamp=3889 ms, used_size=1902592 bytes (4.6%)
(RDMA_READ_CONSUME_CHECK_CONSUMER) timestamp=3889 ms, used_size=1900544 bytes (4.6%)
(RDMA_READ_CONSUME_CHECK_CONSUMER) timestamp=3889 ms, used_size=1898496 bytes (4.6%)
(RDMA_READ_CONSUME_CHECK_CONSUMER) timestamp=3889 ms, used_size=1896448 bytes (4.6%)
(RDMA_READ_CONSUME_CHECK_CONSUMER) timestamp=3889 ms, used_size=1894400 bytes (4.6%)
(RDMA_READ_CONSUME_CHECK_CONSUMER) timestamp=3889 ms, used_size=1892352 bytes (4.6%)
(RDMA_READ_CONSUME_CHECK_CONSUMER) timestamp=3889 ms, used_size=1890304 bytes (4.6%)
(RDMA_READ_CONSUME_CHECK_CONSUMER) timestamp=3889 ms, used_size=1888256 bytes (4.6%)
(RDMA_READ_CONSUME_CHECK_CONSUMER) timestamp=3889 ms, used_size=1886208 bytes (4.6%)
(RDMA_READ_CONSUME_CHECK_CONSUMER) timestamp=3889 ms, used_size=1884160 bytes (4.6%)
(RDMA_READ_CONSUME_CHECK_CONSUMER) timestamp=3889 ms, used_size=1882112 bytes (4.6%)
(RDMA_READ_CONSUME_CHECK_CONSUMER) timestamp=3889 ms, used_size=1880064 bytes (4.6%)
(RDMA_READ_CONSUME_CHECK_CONSUMER) timestamp=3889 ms, used_size=1878016 bytes (4.6%)
(RDMA_READ_CONSUME_CHECK_CONSUMER) timestamp=3889 ms, used_size=1875968 bytes (4.6%)
(RDMA_READ_CONSUME_CHECK_CONSUMER) timestamp=3889 ms, used_size=1873920 bytes (4.6%)
(RDMA_READ_CONSUME_CHECK_CONSUMER) timestamp=3889 ms, used_size=1871872 bytes (4.6%)
(RDMA_READ_CONSUME_CHECK_CONSUMER) timestamp=3889 ms, used_size=1869824 bytes (4.6%)
(RDMA_READ_CONSUME_CHECK_CONSUMER) timestamp=3889 ms, used_size=1867776 bytes (4.6%)
(RDMA_READ_CONSUME_CHECK_CONSUMER) timestamp=3889 ms, used_size=1865728 bytes (4.6%)
(RDMA_READ_CONSUME_CHECK_CONSUMER) timestamp=3889 ms, used_size=1863680 bytes (4.5%)
(RDMA_READ_CONSUME_CHECK_CONSUMER) timestamp=3889 ms, used_size=1861632 bytes (4.5%)
(RDMA_READ_CONSUME_CHECK_CONSUMER) timestamp=3889 ms, used_size=1859584 bytes (4.5%)
(RDMA_READ_CONSUME_CHECK_CONSUMER) timestamp=3889 ms, used_size=1857536 bytes (4.5%)
(RDMA_READ_CONSUME_CHECK_CONSUMER) timestamp=3889 ms, used_size=1855488 bytes (4.5%)
(RDMA_READ_CONSUME_CHECK_CONSUMER) timestamp=3889 ms, used_size=1853440 bytes (4.5%)
(RDMA_READ_CONSUME_CHECK_CONSUMER) timestamp=3889 ms, used_size=1851392 bytes (4.5%)
(RDMA_READ_CONSUME_CHECK_CONSUMER) timestamp=3889 ms, used_size=1849344 bytes (4.5%)
(RDMA_READ_CONSUME_CHECK_CONSUMER) timestamp=3889 ms, used_size=1847296 bytes (4.5%)
(RDMA_READ_CONSUME_CHECK_CONSUMER) timestamp=3889 ms, used_size=1845248 bytes (4.5%)
(RDMA_READ_CONSUME_CHECK_CONSUMER) timestamp=3889 ms, used_size=1843200 bytes (4.5%)
(RDMA_READ_CONSUME_CHECK_CONSUMER) timestamp=3889 ms, used_size=1841152 bytes (4.5%)
(RDMA_READ_CONSUME_CHECK_CONSUMER) timestamp=3889 ms, used_size=1839104 bytes (4.5%)
(RDMA_READ_CONSUME_CHECK_CONSUMER) timestamp=3889 ms, used_size=1837056 bytes (4.5%)
(RDMA_READ_CONSUME_CHECK_CONSUMER) timestamp=3889 ms, used_size=1835008 bytes (4.5%)
(RDMA_READ_CONSUME_CHECK_CONSUMER) timestamp=3889 ms, used_size=1832960 bytes (4.5%)
(RDMA_READ_CONSUME_CHECK_CONSUMER) timestamp=3889 ms, used_size=1830912 bytes (4.5%)
(RDMA_READ_CONSUME_CHECK_CONSUMER) timestamp=3889 ms, used_size=1828864 bytes (4.5%)
(RDMA_READ_CONSUME_CHECK_CONSUMER) timestamp=3889 ms, used_size=1826816 bytes (4.5%)
(RDMA_READ_CONSUME_CHECK_CONSUMER) timestamp=3889 ms, used_size=1824768 bytes (4.5%)
(RDMA_READ_CONSUME_CHECK_CONSUMER) timestamp=3889 ms, used_size=1822720 bytes (4.5%)
(RDMA_READ_CONSUME_CHECK_CONSUMER) timestamp=3889 ms, used_size=1820672 bytes (4.4%)
(RDMA_READ_CONSUME_CHECK_CONSUMER) timestamp=3889 ms, used_size=1818624 bytes (4.4%)
(RDMA_READ_CONSUME_CHECK_CONSUMER) timestamp=3889 ms, used_size=1816576 bytes (4.4%)
(RDMA_READ_CONSUME_CHECK_CONSUMER) timestamp=3889 ms, used_size=1814528 bytes (4.4%)
(RDMA_READ_CONSUME_CHECK_CONSUMER) timestamp=3889 ms, used_size=1812480 bytes (4.4%)
(RDMA_READ_CONSUME_CHECK_CONSUMER) timestamp=3889 ms, used_size=1810432 bytes (4.4%)
(RDMA_READ_CONSUME_CHECK_CONSUMER) timestamp=3889 ms, used_size=1808384 bytes (4.4%)
(RDMA_READ_CONSUME_CHECK_CONSUMER) timestamp=3889 ms, used_size=1806336 bytes (4.4%)
(RDMA_READ_CONSUME_CHECK_CONSUMER) timestamp=3889 ms, used_size=1804288 bytes (4.4%)
(RDMA_READ_CONSUME_CHECK_CONSUMER) timestamp=3889 ms, used_size=1802240 bytes (4.4%)
(RDMA_READ_CONSUME_CHECK_CONSUMER) timestamp=3889 ms, used_size=1800192 bytes (4.4%)
(RDMA_READ_CONSUME_CHECK_CONSUMER) timestamp=3889 ms, used_size=1798144 bytes (4.4%)
(RDMA_READ_CONSUME_CHECK_CONSUMER) timestamp=3889 ms, used_size=1796096 bytes (4.4%)
(RDMA_READ_CONSUME_CHECK_CONSUMER) timestamp=3889 ms, used_size=1794048 bytes (4.4%)
(RDMA_READ_CONSUME_CHECK_CONSUMER) timestamp=3889 ms, used_size=1792000 bytes (4.4%)
(RDMA_READ_CONSUME_CHECK_CONSUMER) timestamp=3889 ms, used_size=1789952 bytes (4.4%)
(RDMA_READ_CONSUME_CHECK_CONSUMER) timestamp=3889 ms, used_size=1787904 bytes (4.4%)
(RDMA_READ_CONSUME_CHECK_CONSUMER) timestamp=3889 ms, used_size=1785856 bytes (4.4%)
(RDMA_READ_CONSUME_CHECK_CONSUMER) timestamp=3889 ms, used_size=1783808 bytes (4.4%)
(RDMA_READ_CONSUME_CHECK_CONSUMER) timestamp=3889 ms, used_size=1781760 bytes (4.3%)
(RDMA_READ_CONSUME_CHECK_CONSUMER) timestamp=3889 ms, used_size=1779712 bytes (4.3%)
(RDMA_READ_CONSUME_CHECK_CONSUMER) timestamp=3890 ms, used_size=1777664 bytes (4.3%)
(RDMA_READ_CONSUME_CHECK_CONSUMER) timestamp=3890 ms, used_size=1775616 bytes (4.3%)
(RDMA_READ_CONSUME_CHECK_CONSUMER) timestamp=3890 ms, used_size=1773568 bytes (4.3%)
(RDMA_READ_CONSUME_CHECK_CONSUMER) timestamp=3890 ms, used_size=1771520 bytes (4.3%)
(RDMA_READ_CONSUME_CHECK_CONSUMER) timestamp=3890 ms, used_size=1769472 bytes (4.3%)
(RDMA_READ_CONSUME_CHECK_CONSUMER) timestamp=3890 ms, used_size=1767424 bytes (4.3%)
(RDMA_READ_CONSUME_CHECK_CONSUMER) timestamp=3890 ms, used_size=1765376 bytes (4.3%)
(RDMA_READ_CONSUME_CHECK_CONSUMER) timestamp=3890 ms, used_size=1763328 bytes (4.3%)
(RDMA_READ_CONSUME_CHECK_CONSUMER) timestamp=3890 ms, used_size=1761280 bytes (4.3%)
(RDMA_READ_CONSUME_CHECK_CONSUMER) timestamp=3890 ms, used_size=1759232 bytes (4.3%)
(RDMA_READ_CONSUME_CHECK_CONSUMER) timestamp=3890 ms, used_size=1757184 bytes (4.3%)
(RDMA_READ_CONSUME_CHECK_CONSUMER) timestamp=3890 ms, used_size=1755136 bytes (4.3%)
(RDMA_READ_CONSUME_CHECK_CONSUMER) timestamp=3890 ms, used_size=1753088 bytes (4.3%)
(RDMA_READ_CONSUME_CHECK_CONSUMER) timestamp=3890 ms, used_size=1751040 bytes (4.3%)
(RDMA_READ_CONSUME_CHECK_CONSUMER) timestamp=3890 ms, used_size=1748992 bytes (4.3%)
(RDMA_READ_CONSUME_CHECK_CONSUMER) timestamp=3890 ms, used_size=1746944 bytes (4.3%)
(RDMA_READ_CONSUME_CHECK_CONSUMER) timestamp=3890 ms, used_size=1744896 bytes (4.3%)
(RDMA_READ_CONSUME_CHECK_CONSUMER) timestamp=3890 ms, used_size=1742848 bytes (4.3%)
(RDMA_READ_CONSUME_CHECK_CONSUMER) timestamp=3890 ms, used_size=1740800 bytes (4.2%)
(RDMA_READ_CONSUME_CHECK_CONSUMER) timestamp=3890 ms, used_size=1738752 bytes (4.2%)
(RDMA_READ_CONSUME_CHECK_CONSUMER) timestamp=3890 ms, used_size=1736704 bytes (4.2%)
(RDMA_READ_CONSUME_CHECK_CONSUMER) timestamp=3890 ms, used_size=1734656 bytes (4.2%)
(RDMA_READ_CONSUME_CHECK_CONSUMER) timestamp=3890 ms, used_size=1732608 bytes (4.2%)
(RDMA_READ_CONSUME_CHECK_CONSUMER) timestamp=3890 ms, used_size=1730560 bytes (4.2%)
(RDMA_READ_CONSUME_CHECK_CONSUMER) timestamp=3890 ms, used_size=1728512 bytes (4.2%)
(RDMA_READ_CONSUME_CHECK_CONSUMER) timestamp=3890 ms, used_size=1726464 bytes (4.2%)
(RDMA_READ_CONSUME_CHECK_CONSUMER) timestamp=3890 ms, used_size=1724416 bytes (4.2%)
(RDMA_READ_CONSUME_CHECK_CONSUMER) timestamp=3890 ms, used_size=1722368 bytes (4.2%)
(RDMA_READ_CONSUME_CHECK_CONSUMER) timestamp=3890 ms, used_size=1720320 bytes (4.2%)
(RDMA_READ_CONSUME_CHECK_CONSUMER) timestamp=3890 ms, used_size=1718272 bytes (4.2%)
(RDMA_READ_CONSUME_CHECK_CONSUMER) timestamp=3890 ms, used_size=1716224 bytes (4.2%)
(RDMA_READ_CONSUME_CHECK_CONSUMER) timestamp=3890 ms, used_size=1714176 bytes (4.2%)
(RDMA_READ_CONSUME_CHECK_CONSUMER) timestamp=3890 ms, used_size=1712128 bytes (4.2%)
(RDMA_READ_CONSUME_CHECK_CONSUMER) timestamp=3890 ms, used_size=1710080 bytes (4.2%)
(RDMA_READ_CONSUME_CHECK_CONSUMER) timestamp=3890 ms, used_size=1708032 bytes (4.2%)
(RDMA_READ_CONSUME_CHECK_CONSUMER) timestamp=3890 ms, used_size=1705984 bytes (4.2%)
(RDMA_READ_CONSUME_CHECK_CONSUMER) timestamp=3890 ms, used_size=1703936 bytes (4.2%)
(RDMA_READ_CONSUME_CHECK_CONSUMER) timestamp=3890 ms, used_size=1701888 bytes (4.2%)
(RDMA_READ_CONSUME_CHECK_CONSUMER) timestamp=3890 ms, used_size=1699840 bytes (4.2%)
(RDMA_READ_CONSUME_CHECK_CONSUMER) timestamp=3890 ms, used_size=1697792 bytes (4.1%)
(RDMA_READ_CONSUME_CHECK_CONSUMER) timestamp=3890 ms, used_size=1695744 bytes (4.1%)
(RDMA_READ_CONSUME_CHECK_CONSUMER) timestamp=3890 ms, used_size=1693696 bytes (4.1%)
(RDMA_READ_CONSUME_CHECK_CONSUMER) timestamp=3890 ms, used_size=1691648 bytes (4.1%)
(RDMA_READ_CONSUME_CHECK_CONSUMER) timestamp=3890 ms, used_size=1689600 bytes (4.1%)
(RDMA_READ_CONSUME_CHECK_CONSUMER) timestamp=3890 ms, used_size=1687552 bytes (4.1%)
(RDMA_READ_CONSUME_CHECK_CONSUMER) timestamp=3890 ms, used_size=1685504 bytes (4.1%)
(RDMA_READ_CONSUME_CHECK_CONSUMER) timestamp=3890 ms, used_size=1683456 bytes (4.1%)
(RDMA_READ_CONSUME_CHECK_CONSUMER) timestamp=3890 ms, used_size=1681408 bytes (4.1%)
(RDMA_READ_CONSUME_CHECK_CONSUMER) timestamp=3890 ms, used_size=1679360 bytes (4.1%)
(RDMA_READ_CONSUME_CHECK_CONSUMER) timestamp=3890 ms, used_size=1677312 bytes (4.1%)
(RDMA_READ_CONSUME_CHECK_CONSUMER) timestamp=3890 ms, used_size=1675264 bytes (4.1%)
(RDMA_READ_CONSUME_CHECK_CONSUMER) timestamp=3890 ms, used_size=1673216 bytes (4.1%)
(RDMA_READ_CONSUME_CHECK_CONSUMER) timestamp=3890 ms, used_size=1671168 bytes (4.1%)
(RDMA_READ_CONSUME_CHECK_CONSUMER) timestamp=3890 ms, used_size=1669120 bytes (4.1%)
(RDMA_READ_CONSUME_CHECK_CONSUMER) timestamp=3890 ms, used_size=1667072 bytes (4.1%)
(RDMA_READ_CONSUME_CHECK_CONSUMER) timestamp=3890 ms, used_size=1665024 bytes (4.1%)
(RDMA_READ_CONSUME_CHECK_CONSUMER) timestamp=3890 ms, used_size=1662976 bytes (4.1%)
(RDMA_READ_CONSUME_CHECK_CONSUMER) timestamp=3890 ms, used_size=1660928 bytes (4.1%)
(RDMA_READ_CONSUME_CHECK_CONSUMER) timestamp=3890 ms, used_size=1658880 bytes (4.0%)
(RDMA_READ_CONSUME_CHECK_CONSUMER) timestamp=3890 ms, used_size=1656832 bytes (4.0%)
(RDMA_READ_CONSUME_CHECK_CONSUMER) timestamp=3890 ms, used_size=1654784 bytes (4.0%)
(RDMA_READ_CONSUME_CHECK_CONSUMER) timestamp=3890 ms, used_size=1652736 bytes (4.0%)
(RDMA_READ_CONSUME_CHECK_CONSUMER) timestamp=3890 ms, used_size=1650688 bytes (4.0%)
(RDMA_READ_CONSUME_CHECK_CONSUMER) timestamp=3890 ms, used_size=1648640 bytes (4.0%)
(RDMA_READ_CONSUME_CHECK_CONSUMER) timestamp=3890 ms, used_size=1646592 bytes (4.0%)
(RDMA_READ_CONSUME_CHECK_CONSUMER) timestamp=3890 ms, used_size=1644544 bytes (4.0%)
(RDMA_READ_CONSUME_CHECK_CONSUMER) timestamp=3890 ms, used_size=1642496 bytes (4.0%)
(RDMA_READ_CONSUME_CHECK_CONSUMER) timestamp=3890 ms, used_size=1640448 bytes (4.0%)
(RDMA_READ_CONSUME_CHECK_CONSUMER) timestamp=3890 ms, used_size=1638400 bytes (4.0%)
(RDMA_READ_CONSUME_CHECK_CONSUMER) timestamp=3890 ms, used_size=1636352 bytes (4.0%)
(RDMA_READ_CONSUME_CHECK_CONSUMER) timestamp=3890 ms, used_size=1634304 bytes (4.0%)
(RDMA_READ_CONSUME_CHECK_CONSUMER) timestamp=3890 ms, used_size=1632256 bytes (4.0%)
(RDMA_READ_CONSUME_CHECK_CONSUMER) timestamp=3890 ms, used_size=1630208 bytes (4.0%)
(RDMA_READ_CONSUME_CHECK_CONSUMER) timestamp=3890 ms, used_size=1628160 bytes (4.0%)
(RDMA_READ_CONSUME_CHECK_CONSUMER) timestamp=3890 ms, used_size=1626112 bytes (4.0%)
(RDMA_READ_CONSUME_CHECK_CONSUMER) timestamp=3890 ms, used_size=1624064 bytes (4.0%)
(RDMA_READ_CONSUME_CHECK_CONSUMER) timestamp=3890 ms, used_size=1622016 bytes (4.0%)
(RDMA_READ_CONSUME_CHECK_CONSUMER) timestamp=3890 ms, used_size=1619968 bytes (4.0%)
(RDMA_READ_CONSUME_CHECK_CONSUMER) timestamp=3890 ms, used_size=1617920 bytes (4.0%)
(RDMA_READ_CONSUME_CHECK_CONSUMER) timestamp=3890 ms, used_size=1615872 bytes (3.9%)
(RDMA_READ_CONSUME_CHECK_CONSUMER) timestamp=3890 ms, used_size=1613824 bytes (3.9%)
(RDMA_READ_CONSUME_CHECK_CONSUMER) timestamp=3890 ms, used_size=1611776 bytes (3.9%)
(RDMA_READ_CONSUME_CHECK_CONSUMER) timestamp=3890 ms, used_size=1609728 bytes (3.9%)
(RDMA_READ_CONSUME_CHECK_CONSUMER) timestamp=3890 ms, used_size=1607680 bytes (3.9%)
(RDMA_READ_CONSUME_CHECK_CONSUMER) timestamp=3890 ms, used_size=1605632 bytes (3.9%)
(RDMA_READ_CONSUME_CHECK_CONSUMER) timestamp=3890 ms, used_size=1603584 bytes (3.9%)
(RDMA_READ_CONSUME_CHECK_CONSUMER) timestamp=3890 ms, used_size=1601536 bytes (3.9%)
(RDMA_READ_CONSUME_CHECK_CONSUMER) timestamp=3890 ms, used_size=1599488 bytes (3.9%)
(RDMA_READ_CONSUME_CHECK_CONSUMER) timestamp=3890 ms, used_size=1597440 bytes (3.9%)
(RDMA_READ_CONSUME_CHECK_CONSUMER) timestamp=3890 ms, used_size=1595392 bytes (3.9%)
(RDMA_READ_CONSUME_CHECK_CONSUMER) timestamp=3890 ms, used_size=1593344 bytes (3.9%)
(RDMA_READ_CONSUME_CHECK_CONSUMER) timestamp=3890 ms, used_size=1591296 bytes (3.9%)
(RDMA_READ_CONSUME_CHECK_CONSUMER) timestamp=3890 ms, used_size=1589248 bytes (3.9%)
(RDMA_READ_CONSUME_CHECK_CONSUMER) timestamp=3890 ms, used_size=1587200 bytes (3.9%)
(RDMA_READ_CONSUME_CHECK_CONSUMER) timestamp=3890 ms, used_size=1585152 bytes (3.9%)
(RDMA_READ_CONSUME_CHECK_CONSUMER) timestamp=3890 ms, used_size=1583104 bytes (3.9%)
(RDMA_READ_CONSUME_CHECK_CONSUMER) timestamp=3890 ms, used_size=1581056 bytes (3.9%)
(RDMA_READ_CONSUME_CHECK_CONSUMER) timestamp=3890 ms, used_size=1579008 bytes (3.9%)
(RDMA_READ_CONSUME_CHECK_CONSUMER) timestamp=3890 ms, used_size=1576960 bytes (3.9%)
(RDMA_READ_CONSUME_CHECK_CONSUMER) timestamp=3890 ms, used_size=1574912 bytes (3.8%)
(RDMA_READ_CONSUME_CHECK_CONSUMER) timestamp=3890 ms, used_size=1572864 bytes (3.8%)
(RDMA_READ_CONSUME_CHECK_CONSUMER) timestamp=3890 ms, used_size=1570816 bytes (3.8%)
(RDMA_READ_CONSUME_CHECK_CONSUMER) timestamp=3890 ms, used_size=1568768 bytes (3.8%)
(RDMA_READ_CONSUME_CHECK_CONSUMER) timestamp=3890 ms, used_size=1566720 bytes (3.8%)
(RDMA_READ_CONSUME_CHECK_CONSUMER) timestamp=3890 ms, used_size=1564672 bytes (3.8%)
(RDMA_READ_CONSUME_CHECK_CONSUMER) timestamp=3890 ms, used_size=1562624 bytes (3.8%)
(RDMA_READ_CONSUME_CHECK_CONSUMER) timestamp=3890 ms, used_size=1560576 bytes (3.8%)
(RDMA_READ_CONSUME_CHECK_CONSUMER) timestamp=3890 ms, used_size=1558528 bytes (3.8%)
(RDMA_READ_CONSUME_CHECK_CONSUMER) timestamp=3890 ms, used_size=1556480 bytes (3.8%)
(RDMA_READ_CONSUME_CHECK_CONSUMER) timestamp=3890 ms, used_size=1554432 bytes (3.8%)
(RDMA_READ_CONSUME_CHECK_CONSUMER) timestamp=3890 ms, used_size=1552384 bytes (3.8%)
(RDMA_READ_CONSUME_CHECK_CONSUMER) timestamp=3890 ms, used_size=1550336 bytes (3.8%)
(RDMA_READ_CONSUME_CHECK_CONSUMER) timestamp=3890 ms, used_size=1548288 bytes (3.8%)
(RDMA_READ_CONSUME_CHECK_CONSUMER) timestamp=3890 ms, used_size=1546240 bytes (3.8%)
(RDMA_READ_CONSUME_CHECK_CONSUMER) timestamp=3890 ms, used_size=1544192 bytes (3.8%)
(RDMA_READ_CONSUME_CHECK_CONSUMER) timestamp=3890 ms, used_size=1542144 bytes (3.8%)
(RDMA_READ_CONSUME_CHECK_CONSUMER) timestamp=3890 ms, used_size=1540096 bytes (3.8%)
(RDMA_READ_CONSUME_CHECK_CONSUMER) timestamp=3890 ms, used_size=1538048 bytes (3.8%)
(RDMA_READ_CONSUME_CHECK_CONSUMER) timestamp=3890 ms, used_size=1536000 bytes (3.8%)
(RDMA_READ_CONSUME_CHECK_CONSUMER) timestamp=3890 ms, used_size=1533952 bytes (3.7%)
(RDMA_READ_CONSUME_CHECK_CONSUMER) timestamp=3890 ms, used_size=1531904 bytes (3.7%)
(RDMA_READ_CONSUME_CHECK_CONSUMER) timestamp=3890 ms, used_size=1529856 bytes (3.7%)
(RDMA_READ_CONSUME_CHECK_CONSUMER) timestamp=3890 ms, used_size=1527808 bytes (3.7%)
(RDMA_READ_CONSUME_CHECK_CONSUMER) timestamp=3890 ms, used_size=1525760 bytes (3.7%)
(RDMA_READ_CONSUME_CHECK_CONSUMER) timestamp=3890 ms, used_size=1523712 bytes (3.7%)
(RDMA_READ_CONSUME_CHECK_CONSUMER) timestamp=3890 ms, used_size=1521664 bytes (3.7%)
(RDMA_READ_CONSUME_CHECK_CONSUMER) timestamp=3890 ms, used_size=1519616 bytes (3.7%)
(RDMA_READ_CONSUME_CHECK_CONSUMER) timestamp=3890 ms, used_size=1517568 bytes (3.7%)
(RDMA_READ_CONSUME_CHECK_CONSUMER) timestamp=3890 ms, used_size=1515520 bytes (3.7%)
(RDMA_READ_CONSUME_CHECK_CONSUMER) timestamp=3890 ms, used_size=1513472 bytes (3.7%)
(RDMA_READ_CONSUME_CHECK_CONSUMER) timestamp=3890 ms, used_size=1511424 bytes (3.7%)
(RDMA_READ_CONSUME_CHECK_CONSUMER) timestamp=3890 ms, used_size=1509376 bytes (3.7%)
(RDMA_READ_CONSUME_CHECK_CONSUMER) timestamp=3890 ms, used_size=1507328 bytes (3.7%)
(RDMA_READ_CONSUME_CHECK_CONSUMER) timestamp=3890 ms, used_size=1505280 bytes (3.7%)
(RDMA_READ_CONSUME_CHECK_CONSUMER) timestamp=3890 ms, used_size=1503232 bytes (3.7%)
(RDMA_READ_CONSUME_CHECK_CONSUMER) timestamp=3890 ms, used_size=1501184 bytes (3.7%)
(RDMA_READ_CONSUME_CHECK_CONSUMER) timestamp=3890 ms, used_size=1499136 bytes (3.7%)
(RDMA_READ_CONSUME_CHECK_CONSUMER) timestamp=3890 ms, used_size=1497088 bytes (3.7%)
(RDMA_READ_CONSUME_CHECK_CONSUMER) timestamp=3890 ms, used_size=1495040 bytes (3.6%)
(RDMA_READ_CONSUME_CHECK_CONSUMER) timestamp=3890 ms, used_size=1492992 bytes (3.6%)
(RDMA_READ_CONSUME_CHECK_CONSUMER) timestamp=3890 ms, used_size=1490944 bytes (3.6%)
(RDMA_READ_CONSUME_CHECK_CONSUMER) timestamp=3890 ms, used_size=1488896 bytes (3.6%)
(RDMA_READ_CONSUME_CHECK_CONSUMER) timestamp=3890 ms, used_size=1486848 bytes (3.6%)
(RDMA_READ_CONSUME_CHECK_CONSUMER) timestamp=3890 ms, used_size=1484800 bytes (3.6%)
(RDMA_READ_CONSUME_CHECK_CONSUMER) timestamp=3890 ms, used_size=1482752 bytes (3.6%)
(RDMA_READ_CONSUME_CHECK_CONSUMER) timestamp=3890 ms, used_size=1480704 bytes (3.6%)
(RDMA_READ_CONSUME_CHECK_CONSUMER) timestamp=3890 ms, used_size=1478656 bytes (3.6%)
(RDMA_READ_CONSUME_CHECK_CONSUMER) timestamp=3890 ms, used_size=1476608 bytes (3.6%)
(RDMA_READ_CONSUME_CHECK_CONSUMER) timestamp=3890 ms, used_size=1474560 bytes (3.6%)
(RDMA_READ_CONSUME_CHECK_CONSUMER) timestamp=3890 ms, used_size=1472512 bytes (3.6%)
(RDMA_READ_CONSUME_CHECK_CONSUMER) timestamp=3890 ms, used_size=1470464 bytes (3.6%)
(RDMA_READ_CONSUME_CHECK_CONSUMER) timestamp=3890 ms, used_size=1468416 bytes (3.6%)
(RDMA_READ_CONSUME_CHECK_CONSUMER) timestamp=3890 ms, used_size=1466368 bytes (3.6%)
(RDMA_READ_CONSUME_CHECK_CONSUMER) timestamp=3890 ms, used_size=1464320 bytes (3.6%)
(RDMA_READ_CONSUME_CHECK_CONSUMER) timestamp=3890 ms, used_size=1462272 bytes (3.6%)
(RDMA_READ_CONSUME_CHECK_CONSUMER) timestamp=3890 ms, used_size=1460224 bytes (3.6%)
(RDMA_READ_CONSUME_CHECK_CONSUMER) timestamp=3890 ms, used_size=1458176 bytes (3.6%)
(RDMA_READ_CONSUME_CHECK_CONSUMER) timestamp=3890 ms, used_size=1456128 bytes (3.6%)
(RDMA_READ_CONSUME_CHECK_CONSUMER) timestamp=3890 ms, used_size=1454080 bytes (3.5%)
(RDMA_READ_CONSUME_CHECK_CONSUMER) timestamp=3890 ms, used_size=1452032 bytes (3.5%)
(RDMA_READ_CONSUME_CHECK_CONSUMER) timestamp=3890 ms, used_size=1449984 bytes (3.5%)
(RDMA_READ_CONSUME_CHECK_CONSUMER) timestamp=3890 ms, used_size=1447936 bytes (3.5%)
(RDMA_READ_CONSUME_CHECK_CONSUMER) timestamp=3890 ms, used_size=1445888 bytes (3.5%)
(RDMA_READ_CONSUME_CHECK_CONSUMER) timestamp=3890 ms, used_size=1443840 bytes (3.5%)
(RDMA_READ_CONSUME_CHECK_CONSUMER) timestamp=3890 ms, used_size=1441792 bytes (3.5%)
(RDMA_READ_CONSUME_CHECK_CONSUMER) timestamp=3890 ms, used_size=1439744 bytes (3.5%)
(RDMA_READ_CONSUME_CHECK_CONSUMER) timestamp=3890 ms, used_size=1437696 bytes (3.5%)
(RDMA_READ_CONSUME_CHECK_CONSUMER) timestamp=3890 ms, used_size=1435648 bytes (3.5%)
(RDMA_READ_CONSUME_CHECK_CONSUMER) timestamp=3890 ms, used_size=1433600 bytes (3.5%)
(RDMA_READ_CONSUME_CHECK_CONSUMER) timestamp=3890 ms, used_size=1431552 bytes (3.5%)
(RDMA_READ_CONSUME_CHECK_CONSUMER) timestamp=3890 ms, used_size=1429504 bytes (3.5%)
(RDMA_READ_CONSUME_CHECK_CONSUMER) timestamp=3890 ms, used_size=1427456 bytes (3.5%)
(RDMA_READ_CONSUME_CHECK_CONSUMER) timestamp=3890 ms, used_size=1425408 bytes (3.5%)
(RDMA_READ_CONSUME_CHECK_CONSUMER) timestamp=3890 ms, used_size=1423360 bytes (3.5%)
(RDMA_READ_CONSUME_CHECK_CONSUMER) timestamp=3890 ms, used_size=1421312 bytes (3.5%)
(RDMA_READ_CONSUME_CHECK_CONSUMER) timestamp=3890 ms, used_size=1419264 bytes (3.5%)
(RDMA_READ_CONSUME_CHECK_CONSUMER) timestamp=3890 ms, used_size=1417216 bytes (3.5%)
(RDMA_READ_CONSUME_CHECK_CONSUMER) timestamp=3890 ms, used_size=1415168 bytes (3.5%)
(RDMA_READ_CONSUME_CHECK_CONSUMER) timestamp=3890 ms, used_size=1413120 bytes (3.5%)
(RDMA_READ_CONSUME_CHECK_CONSUMER) timestamp=3890 ms, used_size=1411072 bytes (3.4%)
(RDMA_READ_CONSUME_CHECK_CONSUMER) timestamp=3890 ms, used_size=1409024 bytes (3.4%)
(RDMA_READ_CONSUME_CHECK_CONSUMER) timestamp=3891 ms, used_size=1406976 bytes (3.4%)
(RDMA_READ_CONSUME_CHECK_CONSUMER) timestamp=3891 ms, used_size=1404928 bytes (3.4%)
(RDMA_READ_CONSUME_CHECK_CONSUMER) timestamp=3891 ms, used_size=1402880 bytes (3.4%)
(RDMA_READ_CONSUME_CHECK_CONSUMER) timestamp=3891 ms, used_size=1400832 bytes (3.4%)
(RDMA_READ_CONSUME_CHECK_CONSUMER) timestamp=3891 ms, used_size=1398784 bytes (3.4%)
(RDMA_READ_CONSUME_CHECK_CONSUMER) timestamp=3891 ms, used_size=1396736 bytes (3.4%)
(RDMA_READ_CONSUME_CHECK_CONSUMER) timestamp=3891 ms, used_size=1394688 bytes (3.4%)
(RDMA_READ_CONSUME_CHECK_CONSUMER) timestamp=3891 ms, used_size=1392640 bytes (3.4%)
(RDMA_READ_CONSUME_CHECK_CONSUMER) timestamp=3891 ms, used_size=1390592 bytes (3.4%)
(RDMA_READ_CONSUME_CHECK_CONSUMER) timestamp=3891 ms, used_size=1388544 bytes (3.4%)
(RDMA_READ_CONSUME_CHECK_CONSUMER) timestamp=3891 ms, used_size=1386496 bytes (3.4%)
(RDMA_READ_CONSUME_CHECK_CONSUMER) timestamp=3891 ms, used_size=1384448 bytes (3.4%)
(RDMA_READ_CONSUME_CHECK_CONSUMER) timestamp=3891 ms, used_size=1382400 bytes (3.4%)
(RDMA_READ_CONSUME_CHECK_CONSUMER) timestamp=3891 ms, used_size=1380352 bytes (3.4%)
(RDMA_READ_CONSUME_CHECK_CONSUMER) timestamp=3891 ms, used_size=1378304 bytes (3.4%)
(RDMA_READ_CONSUME_CHECK_CONSUMER) timestamp=3891 ms, used_size=1376256 bytes (3.4%)
(RDMA_READ_CONSUME_CHECK_CONSUMER) timestamp=3891 ms, used_size=1374208 bytes (3.4%)
(RDMA_READ_CONSUME_CHECK_CONSUMER) timestamp=3891 ms, used_size=1372160 bytes (3.4%)
(RDMA_READ_CONSUME_CHECK_CONSUMER) timestamp=3891 ms, used_size=1370112 bytes (3.3%)
(RDMA_READ_CONSUME_CHECK_CONSUMER) timestamp=3891 ms, used_size=1368064 bytes (3.3%)
(RDMA_READ_CONSUME_CHECK_CONSUMER) timestamp=3891 ms, used_size=1366016 bytes (3.3%)
(RDMA_READ_CONSUME_CHECK_CONSUMER) timestamp=3891 ms, used_size=1363968 bytes (3.3%)
(RDMA_READ_CONSUME_CHECK_CONSUMER) timestamp=3891 ms, used_size=1361920 bytes (3.3%)
(RDMA_READ_CONSUME_CHECK_CONSUMER) timestamp=3891 ms, used_size=1359872 bytes (3.3%)
(RDMA_READ_CONSUME_CHECK_CONSUMER) timestamp=3891 ms, used_size=1357824 bytes (3.3%)
(RDMA_READ_CONSUME_CHECK_CONSUMER) timestamp=3891 ms, used_size=1355776 bytes (3.3%)
(RDMA_READ_CONSUME_CHECK_CONSUMER) timestamp=3891 ms, used_size=1353728 bytes (3.3%)
(RDMA_READ_CONSUME_CHECK_CONSUMER) timestamp=3891 ms, used_size=1351680 bytes (3.3%)
(RDMA_READ_CONSUME_CHECK_CONSUMER) timestamp=3891 ms, used_size=1349632 bytes (3.3%)
(RDMA_READ_CONSUME_CHECK_CONSUMER) timestamp=3891 ms, used_size=1347584 bytes (3.3%)
(RDMA_READ_CONSUME_CHECK_CONSUMER) timestamp=3891 ms, used_size=1345536 bytes (3.3%)
(RDMA_READ_CONSUME_CHECK_CONSUMER) timestamp=3891 ms, used_size=1343488 bytes (3.3%)
(RDMA_READ_CONSUME_CHECK_CONSUMER) timestamp=3891 ms, used_size=1341440 bytes (3.3%)
(RDMA_READ_CONSUME_CHECK_CONSUMER) timestamp=3891 ms, used_size=1339392 bytes (3.3%)
(RDMA_READ_CONSUME_CHECK_CONSUMER) timestamp=3891 ms, used_size=1337344 bytes (3.3%)
(RDMA_READ_CONSUME_CHECK_CONSUMER) timestamp=3891 ms, used_size=1335296 bytes (3.3%)
(RDMA_READ_CONSUME_CHECK_CONSUMER) timestamp=3891 ms, used_size=1333248 bytes (3.3%)
(RDMA_READ_CONSUME_CHECK_CONSUMER) timestamp=3891 ms, used_size=1331200 bytes (3.2%)
(RDMA_READ_CONSUME_CHECK_CONSUMER) timestamp=3891 ms, used_size=1329152 bytes (3.2%)
(RDMA_READ_CONSUME_CHECK_CONSUMER) timestamp=3891 ms, used_size=1327104 bytes (3.2%)
(RDMA_READ_CONSUME_CHECK_CONSUMER) timestamp=3891 ms, used_size=1325056 bytes (3.2%)
(RDMA_READ_CONSUME_CHECK_CONSUMER) timestamp=3891 ms, used_size=1323008 bytes (3.2%)
(RDMA_READ_CONSUME_CHECK_CONSUMER) timestamp=3891 ms, used_size=1320960 bytes (3.2%)
(RDMA_READ_CONSUME_CHECK_CONSUMER) timestamp=3891 ms, used_size=1318912 bytes (3.2%)
(RDMA_READ_CONSUME_CHECK_CONSUMER) timestamp=3891 ms, used_size=1316864 bytes (3.2%)
(RDMA_READ_CONSUME_CHECK_CONSUMER) timestamp=3891 ms, used_size=1314816 bytes (3.2%)
(RDMA_READ_CONSUME_CHECK_CONSUMER) timestamp=3891 ms, used_size=1312768 bytes (3.2%)
(RDMA_READ_CONSUME_CHECK_CONSUMER) timestamp=3891 ms, used_size=1310720 bytes (3.2%)
(RDMA_READ_CONSUME_CHECK_CONSUMER) timestamp=3891 ms, used_size=1308672 bytes (3.2%)
(RDMA_READ_CONSUME_CHECK_CONSUMER) timestamp=3891 ms, used_size=1306624 bytes (3.2%)
(RDMA_READ_CONSUME_CHECK_CONSUMER) timestamp=3891 ms, used_size=1304576 bytes (3.2%)
(RDMA_READ_CONSUME_CHECK_CONSUMER) timestamp=3891 ms, used_size=1302528 bytes (3.2%)
(RDMA_READ_CONSUME_CHECK_CONSUMER) timestamp=3891 ms, used_size=1300480 bytes (3.2%)
(RDMA_READ_CONSUME_CHECK_CONSUMER) timestamp=3891 ms, used_size=1298432 bytes (3.2%)
(RDMA_READ_CONSUME_CHECK_CONSUMER) timestamp=3891 ms, used_size=1296384 bytes (3.2%)
(RDMA_READ_CONSUME_CHECK_CONSUMER) timestamp=3891 ms, used_size=1294336 bytes (3.2%)
(RDMA_READ_CONSUME_CHECK_CONSUMER) timestamp=3891 ms, used_size=1292288 bytes (3.2%)
(RDMA_READ_CONSUME_CHECK_CONSUMER) timestamp=3891 ms, used_size=1290240 bytes (3.1%)
(RDMA_READ_CONSUME_CHECK_CONSUMER) timestamp=3891 ms, used_size=1288192 bytes (3.1%)
(RDMA_READ_CONSUME_CHECK_CONSUMER) timestamp=3891 ms, used_size=1286144 bytes (3.1%)
(RDMA_READ_CONSUME_CHECK_CONSUMER) timestamp=3891 ms, used_size=1284096 bytes (3.1%)
(RDMA_READ_CONSUME_CHECK_CONSUMER) timestamp=3891 ms, used_size=1282048 bytes (3.1%)
(RDMA_READ_CONSUME_CHECK_CONSUMER) timestamp=3891 ms, used_size=1280000 bytes (3.1%)
(RDMA_READ_CONSUME_CHECK_CONSUMER) timestamp=3891 ms, used_size=1277952 bytes (3.1%)
(RDMA_READ_CONSUME_CHECK_CONSUMER) timestamp=3891 ms, used_size=1275904 bytes (3.1%)
(RDMA_READ_CONSUME_CHECK_CONSUMER) timestamp=3891 ms, used_size=1273856 bytes (3.1%)
(RDMA_READ_CONSUME_CHECK_CONSUMER) timestamp=3891 ms, used_size=1271808 bytes (3.1%)
(RDMA_READ_CONSUME_CHECK_CONSUMER) timestamp=3891 ms, used_size=1269760 bytes (3.1%)
(RDMA_READ_CONSUME_CHECK_CONSUMER) timestamp=3891 ms, used_size=1267712 bytes (3.1%)
(RDMA_READ_CONSUME_CHECK_CONSUMER) timestamp=3891 ms, used_size=1265664 bytes (3.1%)
(RDMA_READ_CONSUME_CHECK_CONSUMER) timestamp=3891 ms, used_size=1263616 bytes (3.1%)
(RDMA_READ_CONSUME_CHECK_CONSUMER) timestamp=3891 ms, used_size=1261568 bytes (3.1%)
(RDMA_READ_CONSUME_CHECK_CONSUMER) timestamp=3891 ms, used_size=1259520 bytes (3.1%)
(RDMA_READ_CONSUME_CHECK_CONSUMER) timestamp=3891 ms, used_size=1257472 bytes (3.1%)
(RDMA_READ_CONSUME_CHECK_CONSUMER) timestamp=3891 ms, used_size=1255424 bytes (3.1%)
(RDMA_READ_CONSUME_CHECK_CONSUMER) timestamp=3891 ms, used_size=1253376 bytes (3.1%)
(RDMA_READ_CONSUME_CHECK_CONSUMER) timestamp=3891 ms, used_size=1251328 bytes (3.1%)
(RDMA_READ_CONSUME_CHECK_CONSUMER) timestamp=3891 ms, used_size=1249280 bytes (3.0%)
(RDMA_READ_CONSUME_CHECK_CONSUMER) timestamp=3891 ms, used_size=1247232 bytes (3.0%)
(RDMA_READ_CONSUME_CHECK_CONSUMER) timestamp=3891 ms, used_size=1245184 bytes (3.0%)
(RDMA_READ_CONSUME_CHECK_CONSUMER) timestamp=3891 ms, used_size=1243136 bytes (3.0%)
(RDMA_READ_CONSUME_CHECK_CONSUMER) timestamp=3891 ms, used_size=1241088 bytes (3.0%)
(RDMA_READ_CONSUME_CHECK_CONSUMER) timestamp=3891 ms, used_size=1239040 bytes (3.0%)
(RDMA_READ_CONSUME_CHECK_CONSUMER) timestamp=3891 ms, used_size=1236992 bytes (3.0%)
(RDMA_READ_CONSUME_CHECK_CONSUMER) timestamp=3891 ms, used_size=1234944 bytes (3.0%)
(RDMA_READ_CONSUME_CHECK_CONSUMER) timestamp=3891 ms, used_size=1232896 bytes (3.0%)
(RDMA_READ_CONSUME_CHECK_CONSUMER) timestamp=3891 ms, used_size=1230848 bytes (3.0%)
(RDMA_READ_CONSUME_CHECK_CONSUMER) timestamp=3891 ms, used_size=1228800 bytes (3.0%)
(RDMA_READ_CONSUME_CHECK_CONSUMER) timestamp=3891 ms, used_size=1226752 bytes (3.0%)
(RDMA_READ_CONSUME_CHECK_CONSUMER) timestamp=3891 ms, used_size=1224704 bytes (3.0%)
(RDMA_READ_CONSUME_CHECK_CONSUMER) timestamp=3891 ms, used_size=1222656 bytes (3.0%)
(RDMA_READ_CONSUME_CHECK_CONSUMER) timestamp=3891 ms, used_size=1220608 bytes (3.0%)
(RDMA_READ_CONSUME_CHECK_CONSUMER) timestamp=3891 ms, used_size=1218560 bytes (3.0%)
(RDMA_READ_CONSUME_CHECK_CONSUMER) timestamp=3891 ms, used_size=1216512 bytes (3.0%)
(RDMA_READ_CONSUME_CHECK_CONSUMER) timestamp=3891 ms, used_size=1214464 bytes (3.0%)
(RDMA_READ_CONSUME_CHECK_CONSUMER) timestamp=3891 ms, used_size=1212416 bytes (3.0%)
(RDMA_READ_CONSUME_CHECK_CONSUMER) timestamp=3891 ms, used_size=1210368 bytes (3.0%)
(RDMA_READ_CONSUME_CHECK_CONSUMER) timestamp=3891 ms, used_size=1208320 bytes (3.0%)
(RDMA_READ_CONSUME_CHECK_CONSUMER) timestamp=3891 ms, used_size=1206272 bytes (2.9%)
(RDMA_READ_CONSUME_CHECK_CONSUMER) timestamp=3891 ms, used_size=1204224 bytes (2.9%)
(RDMA_READ_CONSUME_CHECK_CONSUMER) timestamp=3891 ms, used_size=1202176 bytes (2.9%)
(RDMA_READ_CONSUME_CHECK_CONSUMER) timestamp=3891 ms, used_size=1200128 bytes (2.9%)
(RDMA_READ_CONSUME_CHECK_CONSUMER) timestamp=3891 ms, used_size=1198080 bytes (2.9%)
(RDMA_READ_CONSUME_CHECK_CONSUMER) timestamp=3891 ms, used_size=1196032 bytes (2.9%)
(RDMA_READ_CONSUME_CHECK_CONSUMER) timestamp=3891 ms, used_size=1193984 bytes (2.9%)
(RDMA_READ_CONSUME_CHECK_CONSUMER) timestamp=3891 ms, used_size=1191936 bytes (2.9%)
(RDMA_READ_CONSUME_CHECK_CONSUMER) timestamp=3891 ms, used_size=1189888 bytes (2.9%)
(RDMA_READ_CONSUME_CHECK_CONSUMER) timestamp=3891 ms, used_size=1187840 bytes (2.9%)
(RDMA_READ_CONSUME_CHECK_CONSUMER) timestamp=3891 ms, used_size=1185792 bytes (2.9%)
(RDMA_READ_CONSUME_CHECK_CONSUMER) timestamp=3891 ms, used_size=1183744 bytes (2.9%)
(RDMA_READ_CONSUME_CHECK_CONSUMER) timestamp=3891 ms, used_size=1181696 bytes (2.9%)
(RDMA_READ_CONSUME_CHECK_CONSUMER) timestamp=3891 ms, used_size=1179648 bytes (2.9%)
(RDMA_READ_CONSUME_CHECK_CONSUMER) timestamp=3891 ms, used_size=1177600 bytes (2.9%)
(RDMA_READ_CONSUME_CHECK_CONSUMER) timestamp=3891 ms, used_size=1175552 bytes (2.9%)
(RDMA_READ_CONSUME_CHECK_CONSUMER) timestamp=3891 ms, used_size=1173504 bytes (2.9%)
(RDMA_READ_CONSUME_CHECK_CONSUMER) timestamp=3891 ms, used_size=1171456 bytes (2.9%)
(RDMA_READ_CONSUME_CHECK_CONSUMER) timestamp=3891 ms, used_size=1169408 bytes (2.9%)
(RDMA_READ_CONSUME_CHECK_CONSUMER) timestamp=3891 ms, used_size=1167360 bytes (2.9%)
(RDMA_READ_CONSUME_CHECK_CONSUMER) timestamp=3891 ms, used_size=1165312 bytes (2.8%)
(RDMA_READ_CONSUME_CHECK_CONSUMER) timestamp=3891 ms, used_size=1163264 bytes (2.8%)
(RDMA_READ_CONSUME_CHECK_CONSUMER) timestamp=3891 ms, used_size=1161216 bytes (2.8%)
(RDMA_READ_CONSUME_CHECK_CONSUMER) timestamp=3891 ms, used_size=1159168 bytes (2.8%)
(RDMA_READ_CONSUME_CHECK_CONSUMER) timestamp=3891 ms, used_size=1157120 bytes (2.8%)
(RDMA_READ_CONSUME_CHECK_CONSUMER) timestamp=3891 ms, used_size=1155072 bytes (2.8%)
(RDMA_READ_CONSUME_CHECK_CONSUMER) timestamp=3891 ms, used_size=1153024 bytes (2.8%)
(RDMA_READ_CONSUME_CHECK_CONSUMER) timestamp=3891 ms, used_size=1150976 bytes (2.8%)
(RDMA_READ_CONSUME_CHECK_CONSUMER) timestamp=3891 ms, used_size=1148928 bytes (2.8%)
(RDMA_READ_CONSUME_CHECK_CONSUMER) timestamp=3891 ms, used_size=1146880 bytes (2.8%)
(RDMA_READ_CONSUME_CHECK_CONSUMER) timestamp=3891 ms, used_size=1144832 bytes (2.8%)
(RDMA_READ_CONSUME_CHECK_CONSUMER) timestamp=3891 ms, used_size=1142784 bytes (2.8%)
(RDMA_READ_CONSUME_CHECK_CONSUMER) timestamp=3891 ms, used_size=1140736 bytes (2.8%)
(RDMA_READ_CONSUME_CHECK_CONSUMER) timestamp=3891 ms, used_size=1138688 bytes (2.8%)
(RDMA_READ_CONSUME_CHECK_CONSUMER) timestamp=3891 ms, used_size=1136640 bytes (2.8%)
(RDMA_READ_CONSUME_CHECK_CONSUMER) timestamp=3891 ms, used_size=1134592 bytes (2.8%)
(RDMA_READ_CONSUME_CHECK_CONSUMER) timestamp=3891 ms, used_size=1132544 bytes (2.8%)
(RDMA_READ_CONSUME_CHECK_CONSUMER) timestamp=3891 ms, used_size=1130496 bytes (2.8%)
(RDMA_READ_CONSUME_CHECK_CONSUMER) timestamp=3891 ms, used_size=1128448 bytes (2.8%)
(RDMA_READ_CONSUME_CHECK_CONSUMER) timestamp=3891 ms, used_size=1126400 bytes (2.8%)
(RDMA_READ_CONSUME_CHECK_CONSUMER) timestamp=3891 ms, used_size=1124352 bytes (2.7%)
(RDMA_READ_CONSUME_CHECK_CONSUMER) timestamp=3891 ms, used_size=1122304 bytes (2.7%)
(RDMA_READ_CONSUME_CHECK_CONSUMER) timestamp=3891 ms, used_size=1120256 bytes (2.7%)
(RDMA_READ_CONSUME_CHECK_CONSUMER) timestamp=3891 ms, used_size=1118208 bytes (2.7%)
(RDMA_READ_CONSUME_CHECK_CONSUMER) timestamp=3891 ms, used_size=1116160 bytes (2.7%)
(RDMA_READ_CONSUME_CHECK_CONSUMER) timestamp=3891 ms, used_size=1114112 bytes (2.7%)
(RDMA_READ_CONSUME_CHECK_CONSUMER) timestamp=3891 ms, used_size=1112064 bytes (2.7%)
(RDMA_READ_CONSUME_CHECK_CONSUMER) timestamp=3891 ms, used_size=1110016 bytes (2.7%)
(RDMA_READ_CONSUME_CHECK_CONSUMER) timestamp=3891 ms, used_size=1107968 bytes (2.7%)
(RDMA_READ_CONSUME_CHECK_CONSUMER) timestamp=3891 ms, used_size=1105920 bytes (2.7%)
(RDMA_READ_CONSUME_CHECK_CONSUMER) timestamp=3891 ms, used_size=1103872 bytes (2.7%)
(RDMA_READ_CONSUME_CHECK_CONSUMER) timestamp=3891 ms, used_size=1101824 bytes (2.7%)
(RDMA_READ_CONSUME_CHECK_CONSUMER) timestamp=3891 ms, used_size=1099776 bytes (2.7%)
(RDMA_READ_CONSUME_CHECK_CONSUMER) timestamp=3891 ms, used_size=1097728 bytes (2.7%)
(RDMA_READ_CONSUME_CHECK_CONSUMER) timestamp=3891 ms, used_size=1095680 bytes (2.7%)
(RDMA_READ_CONSUME_CHECK_CONSUMER) timestamp=3891 ms, used_size=1093632 bytes (2.7%)
(RDMA_READ_CONSUME_CHECK_CONSUMER) timestamp=3891 ms, used_size=1091584 bytes (2.7%)
(RDMA_READ_CONSUME_CHECK_CONSUMER) timestamp=3891 ms, used_size=1089536 bytes (2.7%)
(RDMA_READ_CONSUME_CHECK_CONSUMER) timestamp=3891 ms, used_size=1087488 bytes (2.7%)
(RDMA_READ_CONSUME_CHECK_CONSUMER) timestamp=3891 ms, used_size=1085440 bytes (2.6%)
(RDMA_READ_CONSUME_CHECK_CONSUMER) timestamp=3891 ms, used_size=1083392 bytes (2.6%)
(RDMA_READ_CONSUME_CHECK_CONSUMER) timestamp=3891 ms, used_size=1081344 bytes (2.6%)
(RDMA_READ_CONSUME_CHECK_CONSUMER) timestamp=3891 ms, used_size=1079296 bytes (2.6%)
(RDMA_READ_CONSUME_CHECK_CONSUMER) timestamp=3891 ms, used_size=1077248 bytes (2.6%)
(RDMA_READ_CONSUME_CHECK_CONSUMER) timestamp=3891 ms, used_size=1075200 bytes (2.6%)
(RDMA_READ_CONSUME_CHECK_CONSUMER) timestamp=3891 ms, used_size=1073152 bytes (2.6%)
(RDMA_READ_CONSUME_CHECK_CONSUMER) timestamp=3891 ms, used_size=1071104 bytes (2.6%)
(RDMA_READ_CONSUME_CHECK_CONSUMER) timestamp=3891 ms, used_size=1069056 bytes (2.6%)
(RDMA_READ_CONSUME_CHECK_CONSUMER) timestamp=3891 ms, used_size=1067008 bytes (2.6%)
(RDMA_READ_CONSUME_CHECK_CONSUMER) timestamp=3891 ms, used_size=1064960 bytes (2.6%)
(RDMA_READ_CONSUME_CHECK_CONSUMER) timestamp=3891 ms, used_size=1062912 bytes (2.6%)
(RDMA_READ_CONSUME_CHECK_CONSUMER) timestamp=3891 ms, used_size=1060864 bytes (2.6%)
(RDMA_READ_CONSUME_CHECK_CONSUMER) timestamp=3891 ms, used_size=1058816 bytes (2.6%)
(RDMA_READ_CONSUME_CHECK_CONSUMER) timestamp=3891 ms, used_size=1056768 bytes (2.6%)
(RDMA_READ_CONSUME_CHECK_CONSUMER) timestamp=3891 ms, used_size=1054720 bytes (2.6%)
(RDMA_READ_CONSUME_CHECK_CONSUMER) timestamp=3891 ms, used_size=1052672 bytes (2.6%)
(RDMA_READ_CONSUME_CHECK_CONSUMER) timestamp=3891 ms, used_size=1050624 bytes (2.6%)
(RDMA_READ_CONSUME_CHECK_CONSUMER) timestamp=3891 ms, used_size=1048576 bytes (2.6%)
(RDMA_READ_CONSUME_CHECK_CONSUMER) timestamp=3891 ms, used_size=1046528 bytes (2.6%)
(RDMA_READ_CONSUME_CHECK_CONSUMER) timestamp=3891 ms, used_size=1044480 bytes (2.5%)
(RDMA_READ_CONSUME_CHECK_CONSUMER) timestamp=3891 ms, used_size=1042432 bytes (2.5%)
(RDMA_READ_CONSUME_CHECK_CONSUMER) timestamp=3891 ms, used_size=1040384 bytes (2.5%)
(RDMA_READ_CONSUME_CHECK_CONSUMER) timestamp=3891 ms, used_size=1038336 bytes (2.5%)
(RDMA_READ_CONSUME_CHECK_CONSUMER) timestamp=3891 ms, used_size=1036288 bytes (2.5%)
(RDMA_READ_CONSUME_CHECK_CONSUMER) timestamp=3892 ms, used_size=1034240 bytes (2.5%)
(RDMA_READ_CONSUME_CHECK_CONSUMER) timestamp=3892 ms, used_size=1032192 bytes (2.5%)
(RDMA_READ_CONSUME_CHECK_CONSUMER) timestamp=3892 ms, used_size=1030144 bytes (2.5%)
(RDMA_READ_CONSUME_CHECK_CONSUMER) timestamp=3892 ms, used_size=1028096 bytes (2.5%)
(RDMA_READ_CONSUME_CHECK_CONSUMER) timestamp=3892 ms, used_size=1026048 bytes (2.5%)
(RDMA_READ_CONSUME_CHECK_CONSUMER) timestamp=3892 ms, used_size=1024000 bytes (2.5%)
(RDMA_READ_CONSUME_CHECK_CONSUMER) timestamp=3892 ms, used_size=1021952 bytes (2.5%)
(RDMA_READ_CONSUME_CHECK_CONSUMER) timestamp=3892 ms, used_size=1019904 bytes (2.5%)
(RDMA_READ_CONSUME_CHECK_CONSUMER) timestamp=3892 ms, used_size=1017856 bytes (2.5%)
(RDMA_READ_CONSUME_CHECK_CONSUMER) timestamp=3892 ms, used_size=1015808 bytes (2.5%)
(RDMA_READ_CONSUME_CHECK_CONSUMER) timestamp=3892 ms, used_size=1013760 bytes (2.5%)
(RDMA_READ_CONSUME_CHECK_CONSUMER) timestamp=3892 ms, used_size=1011712 bytes (2.5%)
(RDMA_READ_CONSUME_CHECK_CONSUMER) timestamp=3892 ms, used_size=1009664 bytes (2.5%)
(RDMA_READ_CONSUME_CHECK_CONSUMER) timestamp=3892 ms, used_size=1007616 bytes (2.5%)
(RDMA_READ_CONSUME_CHECK_CONSUMER) timestamp=3892 ms, used_size=1005568 bytes (2.5%)
(RDMA_READ_CONSUME_CHECK_CONSUMER) timestamp=3892 ms, used_size=1003520 bytes (2.5%)
(RDMA_READ_CONSUME_CHECK_CONSUMER) timestamp=3892 ms, used_size=1001472 bytes (2.4%)
(RDMA_READ_CONSUME_CHECK_CONSUMER) timestamp=3892 ms, used_size=999424 bytes (2.4%)
(RDMA_READ_CONSUME_CHECK_CONSUMER) timestamp=3892 ms, used_size=997376 bytes (2.4%)
(RDMA_READ_CONSUME_CHECK_CONSUMER) timestamp=3892 ms, used_size=995328 bytes (2.4%)
(RDMA_READ_CONSUME_CHECK_CONSUMER) timestamp=3892 ms, used_size=993280 bytes (2.4%)
(RDMA_READ_CONSUME_CHECK_CONSUMER) timestamp=3892 ms, used_size=991232 bytes (2.4%)
(RDMA_READ_CONSUME_CHECK_CONSUMER) timestamp=3892 ms, used_size=989184 bytes (2.4%)
(RDMA_READ_CONSUME_CHECK_CONSUMER) timestamp=3892 ms, used_size=987136 bytes (2.4%)
(RDMA_READ_CONSUME_CHECK_CONSUMER) timestamp=3892 ms, used_size=985088 bytes (2.4%)
(RDMA_READ_CONSUME_CHECK_CONSUMER) timestamp=3892 ms, used_size=983040 bytes (2.4%)
(RDMA_READ_CONSUME_CHECK_CONSUMER) timestamp=3892 ms, used_size=980992 bytes (2.4%)
(RDMA_READ_CONSUME_CHECK_CONSUMER) timestamp=3892 ms, used_size=978944 bytes (2.4%)
(RDMA_READ_CONSUME_CHECK_CONSUMER) timestamp=3892 ms, used_size=976896 bytes (2.4%)
(RDMA_READ_CONSUME_CHECK_CONSUMER) timestamp=3892 ms, used_size=974848 bytes (2.4%)
(RDMA_READ_CONSUME_CHECK_CONSUMER) timestamp=3892 ms, used_size=972800 bytes (2.4%)
(RDMA_READ_CONSUME_CHECK_CONSUMER) timestamp=3892 ms, used_size=970752 bytes (2.4%)
(RDMA_READ_CONSUME_CHECK_CONSUMER) timestamp=3892 ms, used_size=968704 bytes (2.4%)
(RDMA_READ_CONSUME_CHECK_CONSUMER) timestamp=3892 ms, used_size=966656 bytes (2.4%)
(RDMA_READ_CONSUME_CHECK_CONSUMER) timestamp=3892 ms, used_size=964608 bytes (2.4%)
(RDMA_READ_CONSUME_CHECK_CONSUMER) timestamp=3892 ms, used_size=962560 bytes (2.4%)
(RDMA_READ_CONSUME_CHECK_CONSUMER) timestamp=3892 ms, used_size=960512 bytes (2.3%)
(RDMA_READ_CONSUME_CHECK_CONSUMER) timestamp=3892 ms, used_size=958464 bytes (2.3%)
(RDMA_READ_CONSUME_CHECK_CONSUMER) timestamp=3892 ms, used_size=956416 bytes (2.3%)
(RDMA_READ_CONSUME_CHECK_CONSUMER) timestamp=3892 ms, used_size=954368 bytes (2.3%)
(RDMA_READ_CONSUME_CHECK_CONSUMER) timestamp=3892 ms, used_size=952320 bytes (2.3%)
(RDMA_READ_CONSUME_CHECK_CONSUMER) timestamp=3892 ms, used_size=950272 bytes (2.3%)
(RDMA_READ_CONSUME_CHECK_CONSUMER) timestamp=3892 ms, used_size=948224 bytes (2.3%)
(RDMA_READ_CONSUME_CHECK_CONSUMER) timestamp=3892 ms, used_size=946176 bytes (2.3%)
(RDMA_READ_CONSUME_CHECK_CONSUMER) timestamp=3892 ms, used_size=944128 bytes (2.3%)
(RDMA_READ_CONSUME_CHECK_CONSUMER) timestamp=3892 ms, used_size=942080 bytes (2.3%)
(RDMA_READ_CONSUME_CHECK_CONSUMER) timestamp=3892 ms, used_size=940032 bytes (2.3%)
(RDMA_READ_CONSUME_CHECK_CONSUMER) timestamp=3892 ms, used_size=937984 bytes (2.3%)
(RDMA_READ_CONSUME_CHECK_CONSUMER) timestamp=3892 ms, used_size=935936 bytes (2.3%)
(RDMA_READ_CONSUME_CHECK_CONSUMER) timestamp=3892 ms, used_size=933888 bytes (2.3%)
(RDMA_READ_CONSUME_CHECK_CONSUMER) timestamp=3892 ms, used_size=931840 bytes (2.3%)
(RDMA_READ_CONSUME_CHECK_CONSUMER) timestamp=3892 ms, used_size=929792 bytes (2.3%)
(RDMA_READ_CONSUME_CHECK_CONSUMER) timestamp=3892 ms, used_size=927744 bytes (2.3%)
(RDMA_READ_CONSUME_CHECK_CONSUMER) timestamp=3892 ms, used_size=925696 bytes (2.3%)
(RDMA_READ_CONSUME_CHECK_CONSUMER) timestamp=3892 ms, used_size=923648 bytes (2.3%)
(RDMA_READ_CONSUME_CHECK_CONSUMER) timestamp=3892 ms, used_size=921600 bytes (2.2%)
(RDMA_READ_CONSUME_CHECK_CONSUMER) timestamp=3892 ms, used_size=919552 bytes (2.2%)
(RDMA_READ_CONSUME_CHECK_CONSUMER) timestamp=3892 ms, used_size=917504 bytes (2.2%)
(RDMA_READ_CONSUME_CHECK_CONSUMER) timestamp=3892 ms, used_size=915456 bytes (2.2%)
(RDMA_READ_CONSUME_CHECK_CONSUMER) timestamp=3892 ms, used_size=913408 bytes (2.2%)
(RDMA_READ_CONSUME_CHECK_CONSUMER) timestamp=3892 ms, used_size=911360 bytes (2.2%)
(RDMA_READ_CONSUME_CHECK_CONSUMER) timestamp=3892 ms, used_size=909312 bytes (2.2%)
(RDMA_READ_CONSUME_CHECK_CONSUMER) timestamp=3892 ms, used_size=907264 bytes (2.2%)
(RDMA_READ_CONSUME_CHECK_CONSUMER) timestamp=3892 ms, used_size=905216 bytes (2.2%)
(RDMA_READ_CONSUME_CHECK_CONSUMER) timestamp=3892 ms, used_size=903168 bytes (2.2%)
(RDMA_READ_CONSUME_CHECK_CONSUMER) timestamp=3892 ms, used_size=901120 bytes (2.2%)
(RDMA_READ_CONSUME_CHECK_CONSUMER) timestamp=3892 ms, used_size=899072 bytes (2.2%)
(RDMA_READ_CONSUME_CHECK_CONSUMER) timestamp=3892 ms, used_size=897024 bytes (2.2%)
(RDMA_READ_CONSUME_CHECK_CONSUMER) timestamp=3892 ms, used_size=894976 bytes (2.2%)
(RDMA_READ_CONSUME_CHECK_CONSUMER) timestamp=3892 ms, used_size=892928 bytes (2.2%)
(RDMA_READ_CONSUME_CHECK_CONSUMER) timestamp=3892 ms, used_size=890880 bytes (2.2%)
(RDMA_READ_CONSUME_CHECK_CONSUMER) timestamp=3892 ms, used_size=888832 bytes (2.2%)
(RDMA_READ_CONSUME_CHECK_CONSUMER) timestamp=3892 ms, used_size=886784 bytes (2.2%)
(RDMA_READ_CONSUME_CHECK_CONSUMER) timestamp=3892 ms, used_size=884736 bytes (2.2%)
(RDMA_READ_CONSUME_CHECK_CONSUMER) timestamp=3892 ms, used_size=882688 bytes (2.2%)
(RDMA_READ_CONSUME_CHECK_CONSUMER) timestamp=3892 ms, used_size=880640 bytes (2.1%)
(RDMA_READ_CONSUME_CHECK_CONSUMER) timestamp=3892 ms, used_size=878592 bytes (2.1%)
(RDMA_READ_CONSUME_CHECK_CONSUMER) timestamp=3892 ms, used_size=876544 bytes (2.1%)
(RDMA_READ_CONSUME_CHECK_CONSUMER) timestamp=3892 ms, used_size=874496 bytes (2.1%)
(RDMA_READ_CONSUME_CHECK_CONSUMER) timestamp=3892 ms, used_size=872448 bytes (2.1%)
(RDMA_READ_CONSUME_CHECK_CONSUMER) timestamp=3892 ms, used_size=870400 bytes (2.1%)
(RDMA_READ_CONSUME_CHECK_CONSUMER) timestamp=3892 ms, used_size=868352 bytes (2.1%)
(RDMA_READ_CONSUME_CHECK_CONSUMER) timestamp=3892 ms, used_size=866304 bytes (2.1%)
(RDMA_READ_CONSUME_CHECK_CONSUMER) timestamp=3892 ms, used_size=864256 bytes (2.1%)
(RDMA_READ_CONSUME_CHECK_CONSUMER) timestamp=3892 ms, used_size=862208 bytes (2.1%)
(RDMA_READ_CONSUME_CHECK_CONSUMER) timestamp=3892 ms, used_size=860160 bytes (2.1%)
(RDMA_READ_CONSUME_CHECK_CONSUMER) timestamp=3892 ms, used_size=858112 bytes (2.1%)
(RDMA_READ_CONSUME_CHECK_CONSUMER) timestamp=3892 ms, used_size=856064 bytes (2.1%)
(RDMA_READ_CONSUME_CHECK_CONSUMER) timestamp=3892 ms, used_size=854016 bytes (2.1%)
(RDMA_READ_CONSUME_CHECK_CONSUMER) timestamp=3892 ms, used_size=851968 bytes (2.1%)
(RDMA_READ_CONSUME_CHECK_CONSUMER) timestamp=3892 ms, used_size=849920 bytes (2.1%)
(RDMA_READ_CONSUME_CHECK_CONSUMER) timestamp=3892 ms, used_size=847872 bytes (2.1%)
(RDMA_READ_CONSUME_CHECK_CONSUMER) timestamp=3892 ms, used_size=845824 bytes (2.1%)
(RDMA_READ_CONSUME_CHECK_CONSUMER) timestamp=3892 ms, used_size=843776 bytes (2.1%)
(RDMA_READ_CONSUME_CHECK_CONSUMER) timestamp=3892 ms, used_size=841728 bytes (2.1%)
(RDMA_READ_CONSUME_CHECK_CONSUMER) timestamp=3892 ms, used_size=839680 bytes (2.0%)
(RDMA_READ_CONSUME_CHECK_CONSUMER) timestamp=3892 ms, used_size=837632 bytes (2.0%)
(RDMA_READ_CONSUME_CHECK_CONSUMER) timestamp=3892 ms, used_size=835584 bytes (2.0%)
(RDMA_READ_CONSUME_CHECK_CONSUMER) timestamp=3892 ms, used_size=833536 bytes (2.0%)
(RDMA_READ_CONSUME_CHECK_CONSUMER) timestamp=3892 ms, used_size=831488 bytes (2.0%)
(RDMA_READ_CONSUME_CHECK_CONSUMER) timestamp=3892 ms, used_size=829440 bytes (2.0%)
(RDMA_READ_CONSUME_CHECK_CONSUMER) timestamp=3892 ms, used_size=827392 bytes (2.0%)
(RDMA_READ_CONSUME_CHECK_CONSUMER) timestamp=3892 ms, used_size=825344 bytes (2.0%)
(RDMA_READ_CONSUME_CHECK_CONSUMER) timestamp=3892 ms, used_size=823296 bytes (2.0%)
(RDMA_READ_CONSUME_CHECK_CONSUMER) timestamp=3892 ms, used_size=821248 bytes (2.0%)
(RDMA_READ_CONSUME_CHECK_CONSUMER) timestamp=3892 ms, used_size=819200 bytes (2.0%)
(RDMA_READ_CONSUME_CHECK_CONSUMER) timestamp=3892 ms, used_size=817152 bytes (2.0%)
(RDMA_READ_CONSUME_CHECK_CONSUMER) timestamp=3892 ms, used_size=815104 bytes (2.0%)
(RDMA_READ_CONSUME_CHECK_CONSUMER) timestamp=3892 ms, used_size=813056 bytes (2.0%)
(RDMA_READ_CONSUME_CHECK_CONSUMER) timestamp=3892 ms, used_size=811008 bytes (2.0%)
(RDMA_READ_CONSUME_CHECK_CONSUMER) timestamp=3892 ms, used_size=808960 bytes (2.0%)
(RDMA_READ_CONSUME_CHECK_CONSUMER) timestamp=3892 ms, used_size=806912 bytes (2.0%)
(RDMA_READ_CONSUME_CHECK_CONSUMER) timestamp=3892 ms, used_size=804864 bytes (2.0%)
(RDMA_READ_CONSUME_CHECK_CONSUMER) timestamp=3892 ms, used_size=802816 bytes (2.0%)
(RDMA_READ_CONSUME_CHECK_CONSUMER) timestamp=3892 ms, used_size=800768 bytes (2.0%)
(RDMA_READ_CONSUME_CHECK_CONSUMER) timestamp=3892 ms, used_size=798720 bytes (1.9%)
(RDMA_READ_CONSUME_CHECK_CONSUMER) timestamp=3892 ms, used_size=796672 bytes (1.9%)
(RDMA_READ_CONSUME_CHECK_CONSUMER) timestamp=3892 ms, used_size=794624 bytes (1.9%)
(RDMA_READ_CONSUME_CHECK_CONSUMER) timestamp=3892 ms, used_size=792576 bytes (1.9%)
(RDMA_READ_CONSUME_CHECK_CONSUMER) timestamp=3892 ms, used_size=790528 bytes (1.9%)
(RDMA_READ_CONSUME_CHECK_CONSUMER) timestamp=3892 ms, used_size=788480 bytes (1.9%)
(RDMA_READ_CONSUME_CHECK_CONSUMER) timestamp=3892 ms, used_size=786432 bytes (1.9%)
(RDMA_READ_CONSUME_CHECK_CONSUMER) timestamp=3892 ms, used_size=784384 bytes (1.9%)
(RDMA_READ_CONSUME_CHECK_CONSUMER) timestamp=3892 ms, used_size=782336 bytes (1.9%)
(RDMA_READ_CONSUME_CHECK_CONSUMER) timestamp=3892 ms, used_size=780288 bytes (1.9%)
(RDMA_READ_CONSUME_CHECK_CONSUMER) timestamp=3892 ms, used_size=778240 bytes (1.9%)
(RDMA_READ_CONSUME_CHECK_CONSUMER) timestamp=3892 ms, used_size=776192 bytes (1.9%)
(RDMA_READ_CONSUME_CHECK_CONSUMER) timestamp=3892 ms, used_size=774144 bytes (1.9%)
(RDMA_READ_CONSUME_CHECK_CONSUMER) timestamp=3892 ms, used_size=772096 bytes (1.9%)
(RDMA_READ_CONSUME_CHECK_CONSUMER) timestamp=3892 ms, used_size=770048 bytes (1.9%)
(RDMA_READ_CONSUME_CHECK_CONSUMER) timestamp=3892 ms, used_size=768000 bytes (1.9%)
(RDMA_READ_CONSUME_CHECK_CONSUMER) timestamp=3892 ms, used_size=765952 bytes (1.9%)
(RDMA_READ_CONSUME_CHECK_CONSUMER) timestamp=3892 ms, used_size=763904 bytes (1.9%)
(RDMA_READ_CONSUME_CHECK_CONSUMER) timestamp=3892 ms, used_size=761856 bytes (1.9%)
(RDMA_READ_CONSUME_CHECK_CONSUMER) timestamp=3892 ms, used_size=759808 bytes (1.9%)
(RDMA_READ_CONSUME_CHECK_CONSUMER) timestamp=3892 ms, used_size=757760 bytes (1.9%)
(RDMA_READ_CONSUME_CHECK_CONSUMER) timestamp=3892 ms, used_size=755712 bytes (1.8%)
(RDMA_READ_CONSUME_CHECK_CONSUMER) timestamp=3892 ms, used_size=753664 bytes (1.8%)
(RDMA_READ_CONSUME_CHECK_CONSUMER) timestamp=3892 ms, used_size=751616 bytes (1.8%)
(RDMA_READ_CONSUME_CHECK_CONSUMER) timestamp=3892 ms, used_size=749568 bytes (1.8%)
(RDMA_READ_CONSUME_CHECK_CONSUMER) timestamp=3892 ms, used_size=747520 bytes (1.8%)
(RDMA_READ_CONSUME_CHECK_CONSUMER) timestamp=3892 ms, used_size=745472 bytes (1.8%)
(RDMA_READ_CONSUME_CHECK_CONSUMER) timestamp=3892 ms, used_size=743424 bytes (1.8%)
(RDMA_READ_CONSUME_CHECK_CONSUMER) timestamp=3892 ms, used_size=741376 bytes (1.8%)
(RDMA_READ_CONSUME_CHECK_CONSUMER) timestamp=3892 ms, used_size=739328 bytes (1.8%)
(RDMA_READ_CONSUME_CHECK_CONSUMER) timestamp=3892 ms, used_size=737280 bytes (1.8%)
(RDMA_READ_CONSUME_CHECK_CONSUMER) timestamp=3892 ms, used_size=735232 bytes (1.8%)
(RDMA_READ_CONSUME_CHECK_CONSUMER) timestamp=3892 ms, used_size=733184 bytes (1.8%)
(RDMA_READ_CONSUME_CHECK_CONSUMER) timestamp=3892 ms, used_size=731136 bytes (1.8%)
(RDMA_READ_CONSUME_CHECK_CONSUMER) timestamp=3892 ms, used_size=729088 bytes (1.8%)
(RDMA_READ_CONSUME_CHECK_CONSUMER) timestamp=3892 ms, used_size=727040 bytes (1.8%)
(RDMA_READ_CONSUME_CHECK_CONSUMER) timestamp=3892 ms, used_size=724992 bytes (1.8%)
(RDMA_READ_CONSUME_CHECK_CONSUMER) timestamp=3892 ms, used_size=722944 bytes (1.8%)
(RDMA_READ_CONSUME_CHECK_CONSUMER) timestamp=3892 ms, used_size=720896 bytes (1.8%)
(RDMA_READ_CONSUME_CHECK_CONSUMER) timestamp=3892 ms, used_size=718848 bytes (1.8%)
(RDMA_READ_CONSUME_CHECK_CONSUMER) timestamp=3892 ms, used_size=716800 bytes (1.8%)
(RDMA_READ_CONSUME_CHECK_CONSUMER) timestamp=3892 ms, used_size=714752 bytes (1.7%)
(RDMA_READ_CONSUME_CHECK_CONSUMER) timestamp=3892 ms, used_size=712704 bytes (1.7%)
(RDMA_READ_CONSUME_CHECK_CONSUMER) timestamp=3892 ms, used_size=710656 bytes (1.7%)
(RDMA_READ_CONSUME_CHECK_CONSUMER) timestamp=3892 ms, used_size=708608 bytes (1.7%)
(RDMA_READ_CONSUME_CHECK_CONSUMER) timestamp=3892 ms, used_size=706560 bytes (1.7%)
(RDMA_READ_CONSUME_CHECK_CONSUMER) timestamp=3892 ms, used_size=704512 bytes (1.7%)
(RDMA_READ_CONSUME_CHECK_CONSUMER) timestamp=3892 ms, used_size=702464 bytes (1.7%)
(RDMA_READ_CONSUME_CHECK_CONSUMER) timestamp=3892 ms, used_size=700416 bytes (1.7%)
(RDMA_READ_CONSUME_CHECK_CONSUMER) timestamp=3892 ms, used_size=698368 bytes (1.7%)
(RDMA_READ_CONSUME_CHECK_CONSUMER) timestamp=3892 ms, used_size=696320 bytes (1.7%)
(RDMA_READ_CONSUME_CHECK_CONSUMER) timestamp=3892 ms, used_size=694272 bytes (1.7%)
(RDMA_READ_CONSUME_CHECK_CONSUMER) timestamp=3892 ms, used_size=692224 bytes (1.7%)
(RDMA_READ_CONSUME_CHECK_CONSUMER) timestamp=3892 ms, used_size=690176 bytes (1.7%)
(RDMA_READ_CONSUME_CHECK_CONSUMER) timestamp=3892 ms, used_size=688128 bytes (1.7%)
(RDMA_READ_CONSUME_CHECK_CONSUMER) timestamp=3892 ms, used_size=686080 bytes (1.7%)
(RDMA_READ_CONSUME_CHECK_CONSUMER) timestamp=3892 ms, used_size=684032 bytes (1.7%)
(RDMA_READ_CONSUME_CHECK_CONSUMER) timestamp=3892 ms, used_size=681984 bytes (1.7%)
(RDMA_READ_CONSUME_CHECK_CONSUMER) timestamp=3892 ms, used_size=679936 bytes (1.7%)
(RDMA_READ_CONSUME_CHECK_CONSUMER) timestamp=3892 ms, used_size=677888 bytes (1.7%)
(RDMA_READ_CONSUME_CHECK_CONSUMER) timestamp=3893 ms, used_size=675840 bytes (1.6%)
(RDMA_READ_CONSUME_CHECK_CONSUMER) timestamp=3893 ms, used_size=673792 bytes (1.6%)
(RDMA_READ_CONSUME_CHECK_CONSUMER) timestamp=3893 ms, used_size=671744 bytes (1.6%)
(RDMA_READ_CONSUME_CHECK_CONSUMER) timestamp=3893 ms, used_size=669696 bytes (1.6%)
(RDMA_READ_CONSUME_CHECK_CONSUMER) timestamp=3893 ms, used_size=667648 bytes (1.6%)
(RDMA_READ_CONSUME_CHECK_CONSUMER) timestamp=3893 ms, used_size=665600 bytes (1.6%)
(RDMA_READ_CONSUME_CHECK_CONSUMER) timestamp=3893 ms, used_size=663552 bytes (1.6%)
(RDMA_READ_CONSUME_CHECK_CONSUMER) timestamp=3893 ms, used_size=661504 bytes (1.6%)
(RDMA_READ_CONSUME_CHECK_CONSUMER) timestamp=3893 ms, used_size=659456 bytes (1.6%)
(RDMA_READ_CONSUME_CHECK_CONSUMER) timestamp=3893 ms, used_size=657408 bytes (1.6%)
(RDMA_READ_CONSUME_CHECK_CONSUMER) timestamp=3893 ms, used_size=655360 bytes (1.6%)
(RDMA_READ_CONSUME_CHECK_CONSUMER) timestamp=3893 ms, used_size=653312 bytes (1.6%)
(RDMA_READ_CONSUME_CHECK_CONSUMER) timestamp=3893 ms, used_size=651264 bytes (1.6%)
(RDMA_READ_CONSUME_CHECK_CONSUMER) timestamp=3893 ms, used_size=649216 bytes (1.6%)
(RDMA_READ_CONSUME_CHECK_CONSUMER) timestamp=3893 ms, used_size=647168 bytes (1.6%)
(RDMA_READ_CONSUME_CHECK_CONSUMER) timestamp=3893 ms, used_size=645120 bytes (1.6%)
(RDMA_READ_CONSUME_CHECK_CONSUMER) timestamp=3893 ms, used_size=643072 bytes (1.6%)
(RDMA_READ_CONSUME_CHECK_CONSUMER) timestamp=3893 ms, used_size=641024 bytes (1.6%)
(RDMA_READ_CONSUME_CHECK_CONSUMER) timestamp=3893 ms, used_size=638976 bytes (1.6%)
(RDMA_READ_CONSUME_CHECK_CONSUMER) timestamp=3893 ms, used_size=636928 bytes (1.6%)
(RDMA_READ_CONSUME_CHECK_CONSUMER) timestamp=3893 ms, used_size=634880 bytes (1.6%)
(RDMA_READ_CONSUME_CHECK_CONSUMER) timestamp=3893 ms, used_size=632832 bytes (1.5%)
(RDMA_READ_CONSUME_CHECK_CONSUMER) timestamp=3893 ms, used_size=630784 bytes (1.5%)
(RDMA_READ_CONSUME_CHECK_CONSUMER) timestamp=3893 ms, used_size=628736 bytes (1.5%)
(RDMA_READ_CONSUME_CHECK_CONSUMER) timestamp=3893 ms, used_size=626688 bytes (1.5%)
(RDMA_READ_CONSUME_CHECK_CONSUMER) timestamp=3893 ms, used_size=624640 bytes (1.5%)
(RDMA_READ_CONSUME_CHECK_CONSUMER) timestamp=3893 ms, used_size=622592 bytes (1.5%)
(RDMA_READ_CONSUME_CHECK_CONSUMER) timestamp=3893 ms, used_size=620544 bytes (1.5%)
(RDMA_READ_CONSUME_CHECK_CONSUMER) timestamp=3893 ms, used_size=618496 bytes (1.5%)
(RDMA_READ_CONSUME_CHECK_CONSUMER) timestamp=3893 ms, used_size=616448 bytes (1.5%)
(RDMA_READ_CONSUME_CHECK_CONSUMER) timestamp=3893 ms, used_size=614400 bytes (1.5%)
(RDMA_READ_CONSUME_CHECK_CONSUMER) timestamp=3893 ms, used_size=612352 bytes (1.5%)
(RDMA_READ_CONSUME_CHECK_CONSUMER) timestamp=3893 ms, used_size=610304 bytes (1.5%)
(RDMA_READ_CONSUME_CHECK_CONSUMER) timestamp=3893 ms, used_size=608256 bytes (1.5%)
(RDMA_READ_CONSUME_CHECK_CONSUMER) timestamp=3893 ms, used_size=606208 bytes (1.5%)
(RDMA_READ_CONSUME_CHECK_CONSUMER) timestamp=3893 ms, used_size=604160 bytes (1.5%)
(RDMA_READ_CONSUME_CHECK_CONSUMER) timestamp=3893 ms, used_size=602112 bytes (1.5%)
(RDMA_READ_CONSUME_CHECK_CONSUMER) timestamp=3893 ms, used_size=600064 bytes (1.5%)
(RDMA_READ_CONSUME_CHECK_CONSUMER) timestamp=3893 ms, used_size=598016 bytes (1.5%)
(RDMA_READ_CONSUME_CHECK_CONSUMER) timestamp=3893 ms, used_size=595968 bytes (1.5%)
(RDMA_READ_CONSUME_CHECK_CONSUMER) timestamp=3893 ms, used_size=593920 bytes (1.4%)
(RDMA_READ_CONSUME_CHECK_CONSUMER) timestamp=3893 ms, used_size=591872 bytes (1.4%)
(RDMA_READ_CONSUME_CHECK_CONSUMER) timestamp=3893 ms, used_size=589824 bytes (1.4%)
(RDMA_READ_CONSUME_CHECK_CONSUMER) timestamp=3893 ms, used_size=587776 bytes (1.4%)
(RDMA_READ_CONSUME_CHECK_CONSUMER) timestamp=3893 ms, used_size=585728 bytes (1.4%)
(RDMA_READ_CONSUME_CHECK_CONSUMER) timestamp=3893 ms, used_size=583680 bytes (1.4%)
(RDMA_READ_CONSUME_CHECK_CONSUMER) timestamp=3893 ms, used_size=581632 bytes (1.4%)
(RDMA_READ_CONSUME_CHECK_CONSUMER) timestamp=3893 ms, used_size=579584 bytes (1.4%)
(RDMA_READ_CONSUME_CHECK_CONSUMER) timestamp=3893 ms, used_size=577536 bytes (1.4%)
(RDMA_READ_CONSUME_CHECK_CONSUMER) timestamp=3893 ms, used_size=575488 bytes (1.4%)
(RDMA_READ_CONSUME_CHECK_CONSUMER) timestamp=3893 ms, used_size=573440 bytes (1.4%)
(RDMA_READ_CONSUME_CHECK_CONSUMER) timestamp=3893 ms, used_size=571392 bytes (1.4%)
(RDMA_READ_CONSUME_CHECK_CONSUMER) timestamp=3893 ms, used_size=569344 bytes (1.4%)
(RDMA_READ_CONSUME_CHECK_CONSUMER) timestamp=3893 ms, used_size=567296 bytes (1.4%)
(RDMA_READ_CONSUME_CHECK_CONSUMER) timestamp=3893 ms, used_size=565248 bytes (1.4%)
(RDMA_READ_CONSUME_CHECK_CONSUMER) timestamp=3893 ms, used_size=563200 bytes (1.4%)
(RDMA_READ_CONSUME_CHECK_CONSUMER) timestamp=3893 ms, used_size=561152 bytes (1.4%)
(RDMA_READ_CONSUME_CHECK_CONSUMER) timestamp=3893 ms, used_size=559104 bytes (1.4%)
(RDMA_READ_CONSUME_CHECK_CONSUMER) timestamp=3893 ms, used_size=557056 bytes (1.4%)
(RDMA_READ_CONSUME_CHECK_CONSUMER) timestamp=3893 ms, used_size=555008 bytes (1.4%)
(RDMA_READ_CONSUME_CHECK_CONSUMER) timestamp=3893 ms, used_size=552960 bytes (1.4%)
(RDMA_READ_CONSUME_CHECK_CONSUMER) timestamp=3893 ms, used_size=550912 bytes (1.3%)
(RDMA_READ_CONSUME_CHECK_CONSUMER) timestamp=3893 ms, used_size=548864 bytes (1.3%)
(RDMA_READ_CONSUME_CHECK_CONSUMER) timestamp=3893 ms, used_size=546816 bytes (1.3%)
(RDMA_READ_CONSUME_CHECK_CONSUMER) timestamp=3893 ms, used_size=544768 bytes (1.3%)
(RDMA_READ_CONSUME_CHECK_CONSUMER) timestamp=3893 ms, used_size=542720 bytes (1.3%)
(RDMA_READ_CONSUME_CHECK_CONSUMER) timestamp=3893 ms, used_size=540672 bytes (1.3%)
(RDMA_READ_CONSUME_CHECK_CONSUMER) timestamp=3893 ms, used_size=538624 bytes (1.3%)
(RDMA_READ_CONSUME_CHECK_CONSUMER) timestamp=3893 ms, used_size=536576 bytes (1.3%)
(RDMA_READ_CONSUME_CHECK_CONSUMER) timestamp=3893 ms, used_size=534528 bytes (1.3%)
(RDMA_READ_CONSUME_CHECK_CONSUMER) timestamp=3893 ms, used_size=532480 bytes (1.3%)
(RDMA_READ_CONSUME_CHECK_CONSUMER) timestamp=3893 ms, used_size=530432 bytes (1.3%)
(RDMA_READ_CONSUME_CHECK_CONSUMER) timestamp=3893 ms, used_size=528384 bytes (1.3%)
(RDMA_READ_CONSUME_CHECK_CONSUMER) timestamp=3893 ms, used_size=526336 bytes (1.3%)
(RDMA_READ_CONSUME_CHECK_CONSUMER) timestamp=3893 ms, used_size=524288 bytes (1.3%)
(RDMA_READ_CONSUME_CHECK_CONSUMER) timestamp=3893 ms, used_size=522240 bytes (1.3%)
(RDMA_READ_CONSUME_CHECK_CONSUMER) timestamp=3893 ms, used_size=520192 bytes (1.3%)
(RDMA_READ_CONSUME_CHECK_CONSUMER) timestamp=3893 ms, used_size=518144 bytes (1.3%)
(RDMA_READ_CONSUME_CHECK_CONSUMER) timestamp=3893 ms, used_size=516096 bytes (1.3%)
(RDMA_READ_CONSUME_CHECK_CONSUMER) timestamp=3893 ms, used_size=514048 bytes (1.3%)
(RDMA_READ_CONSUME_CHECK_CONSUMER) timestamp=3893 ms, used_size=512000 bytes (1.2%)
(RDMA_READ_CONSUME_CHECK_CONSUMER) timestamp=3893 ms, used_size=509952 bytes (1.2%)
(RDMA_READ_CONSUME_CHECK_CONSUMER) timestamp=3893 ms, used_size=507904 bytes (1.2%)
(RDMA_READ_CONSUME_CHECK_CONSUMER) timestamp=3893 ms, used_size=505856 bytes (1.2%)
(RDMA_READ_CONSUME_CHECK_CONSUMER) timestamp=3893 ms, used_size=503808 bytes (1.2%)
(RDMA_READ_CONSUME_CHECK_CONSUMER) timestamp=3893 ms, used_size=501760 bytes (1.2%)
(RDMA_READ_CONSUME_CHECK_CONSUMER) timestamp=3893 ms, used_size=499712 bytes (1.2%)
(RDMA_READ_CONSUME_CHECK_CONSUMER) timestamp=3893 ms, used_size=497664 bytes (1.2%)
(RDMA_READ_CONSUME_CHECK_CONSUMER) timestamp=3893 ms, used_size=495616 bytes (1.2%)
(RDMA_READ_CONSUME_CHECK_CONSUMER) timestamp=3893 ms, used_size=493568 bytes (1.2%)
(RDMA_READ_CONSUME_CHECK_CONSUMER) timestamp=3893 ms, used_size=491520 bytes (1.2%)
(RDMA_READ_CONSUME_CHECK_CONSUMER) timestamp=3893 ms, used_size=489472 bytes (1.2%)
(RDMA_READ_CONSUME_CHECK_CONSUMER) timestamp=3893 ms, used_size=487424 bytes (1.2%)
(RDMA_READ_CONSUME_CHECK_CONSUMER) timestamp=3893 ms, used_size=485376 bytes (1.2%)
(RDMA_READ_CONSUME_CHECK_CONSUMER) timestamp=3893 ms, used_size=483328 bytes (1.2%)
(RDMA_READ_CONSUME_CHECK_CONSUMER) timestamp=3893 ms, used_size=481280 bytes (1.2%)
(RDMA_READ_CONSUME_CHECK_CONSUMER) timestamp=3893 ms, used_size=479232 bytes (1.2%)
(RDMA_READ_CONSUME_CHECK_CONSUMER) timestamp=3893 ms, used_size=477184 bytes (1.2%)
(RDMA_READ_CONSUME_CHECK_CONSUMER) timestamp=3893 ms, used_size=475136 bytes (1.2%)
(RDMA_READ_CONSUME_CHECK_CONSUMER) timestamp=3893 ms, used_size=473088 bytes (1.2%)
(RDMA_READ_CONSUME_CHECK_CONSUMER) timestamp=3893 ms, used_size=471040 bytes (1.1%)
(RDMA_READ_CONSUME_CHECK_CONSUMER) timestamp=3893 ms, used_size=468992 bytes (1.1%)
(RDMA_READ_CONSUME_CHECK_CONSUMER) timestamp=3893 ms, used_size=466944 bytes (1.1%)
(RDMA_READ_CONSUME_CHECK_CONSUMER) timestamp=3893 ms, used_size=464896 bytes (1.1%)
(RDMA_READ_CONSUME_CHECK_CONSUMER) timestamp=3893 ms, used_size=462848 bytes (1.1%)
(RDMA_READ_CONSUME_CHECK_CONSUMER) timestamp=3893 ms, used_size=460800 bytes (1.1%)
(RDMA_READ_CONSUME_CHECK_CONSUMER) timestamp=3893 ms, used_size=458752 bytes (1.1%)
(RDMA_READ_CONSUME_CHECK_CONSUMER) timestamp=3893 ms, used_size=456704 bytes (1.1%)
(RDMA_READ_CONSUME_CHECK_CONSUMER) timestamp=3893 ms, used_size=454656 bytes (1.1%)
(RDMA_READ_CONSUME_CHECK_CONSUMER) timestamp=3893 ms, used_size=452608 bytes (1.1%)
(RDMA_READ_CONSUME_CHECK_CONSUMER) timestamp=3893 ms, used_size=450560 bytes (1.1%)
(RDMA_READ_CONSUME_CHECK_CONSUMER) timestamp=3893 ms, used_size=448512 bytes (1.1%)
(RDMA_READ_CONSUME_CHECK_CONSUMER) timestamp=3893 ms, used_size=446464 bytes (1.1%)
(RDMA_READ_CONSUME_CHECK_CONSUMER) timestamp=3893 ms, used_size=444416 bytes (1.1%)
(RDMA_READ_CONSUME_CHECK_CONSUMER) timestamp=3893 ms, used_size=442368 bytes (1.1%)
(RDMA_READ_CONSUME_CHECK_CONSUMER) timestamp=3893 ms, used_size=440320 bytes (1.1%)
(RDMA_READ_CONSUME_CHECK_CONSUMER) timestamp=3893 ms, used_size=438272 bytes (1.1%)
(RDMA_READ_CONSUME_CHECK_CONSUMER) timestamp=3893 ms, used_size=436224 bytes (1.1%)
(RDMA_READ_CONSUME_CHECK_CONSUMER) timestamp=3893 ms, used_size=434176 bytes (1.1%)
(RDMA_READ_CONSUME_CHECK_CONSUMER) timestamp=3893 ms, used_size=432128 bytes (1.1%)
(RDMA_READ_CONSUME_CHECK_CONSUMER) timestamp=3893 ms, used_size=430080 bytes (1.1%)
(RDMA_READ_CONSUME_CHECK_CONSUMER) timestamp=3893 ms, used_size=428032 bytes (1.0%)
(RDMA_READ_CONSUME_CHECK_CONSUMER) timestamp=3893 ms, used_size=425984 bytes (1.0%)
(RDMA_READ_CONSUME_CHECK_CONSUMER) timestamp=3893 ms, used_size=423936 bytes (1.0%)
(RDMA_READ_CONSUME_CHECK_CONSUMER) timestamp=3893 ms, used_size=421888 bytes (1.0%)
(RDMA_READ_CONSUME_CHECK_CONSUMER) timestamp=3893 ms, used_size=419840 bytes (1.0%)
(RDMA_READ_CONSUME_CHECK_CONSUMER) timestamp=3893 ms, used_size=417792 bytes (1.0%)
(RDMA_READ_CONSUME_CHECK_CONSUMER) timestamp=3893 ms, used_size=415744 bytes (1.0%)
(RDMA_READ_CONSUME_CHECK_CONSUMER) timestamp=3893 ms, used_size=413696 bytes (1.0%)
(RDMA_READ_CONSUME_CHECK_CONSUMER) timestamp=3893 ms, used_size=411648 bytes (1.0%)
(RDMA_READ_CONSUME_CHECK_CONSUMER) timestamp=3893 ms, used_size=409600 bytes (1.0%)
(RDMA_READ_CONSUME_CHECK_CONSUMER) timestamp=3893 ms, used_size=407552 bytes (1.0%)
(RDMA_READ_CONSUME_CHECK_CONSUMER) timestamp=3893 ms, used_size=405504 bytes (1.0%)
(RDMA_READ_CONSUME_CHECK_CONSUMER) timestamp=3893 ms, used_size=403456 bytes (1.0%)
(RDMA_READ_CONSUME_CHECK_CONSUMER) timestamp=3893 ms, used_size=401408 bytes (1.0%)
(RDMA_READ_CONSUME_CHECK_CONSUMER) timestamp=3893 ms, used_size=399360 bytes (1.0%)
(RDMA_READ_CONSUME_CHECK_CONSUMER) timestamp=3893 ms, used_size=397312 bytes (1.0%)
(RDMA_READ_CONSUME_CHECK_CONSUMER) timestamp=3893 ms, used_size=395264 bytes (1.0%)
(RDMA_READ_CONSUME_CHECK_CONSUMER) timestamp=3893 ms, used_size=393216 bytes (1.0%)
(RDMA_READ_CONSUME_CHECK_CONSUMER) timestamp=3893 ms, used_size=391168 bytes (1.0%)
(RDMA_READ_CONSUME_CHECK_CONSUMER) timestamp=3893 ms, used_size=389120 bytes (0.9%)
(RDMA_READ_CONSUME_CHECK_CONSUMER) timestamp=3893 ms, used_size=387072 bytes (0.9%)
(RDMA_READ_CONSUME_CHECK_CONSUMER) timestamp=3893 ms, used_size=385024 bytes (0.9%)
(RDMA_READ_CONSUME_CHECK_CONSUMER) timestamp=3893 ms, used_size=382976 bytes (0.9%)
(RDMA_READ_CONSUME_CHECK_CONSUMER) timestamp=3893 ms, used_size=380928 bytes (0.9%)
(RDMA_READ_CONSUME_CHECK_CONSUMER) timestamp=3893 ms, used_size=378880 bytes (0.9%)
(RDMA_READ_CONSUME_CHECK_CONSUMER) timestamp=3893 ms, used_size=376832 bytes (0.9%)
(RDMA_READ_CONSUME_CHECK_CONSUMER) timestamp=3893 ms, used_size=374784 bytes (0.9%)
(RDMA_READ_CONSUME_CHECK_CONSUMER) timestamp=3893 ms, used_size=372736 bytes (0.9%)
(RDMA_READ_CONSUME_CHECK_CONSUMER) timestamp=3893 ms, used_size=370688 bytes (0.9%)
(RDMA_READ_CONSUME_CHECK_CONSUMER) timestamp=3893 ms, used_size=368640 bytes (0.9%)
(RDMA_READ_CONSUME_CHECK_CONSUMER) timestamp=3893 ms, used_size=366592 bytes (0.9%)
(RDMA_READ_CONSUME_CHECK_CONSUMER) timestamp=3893 ms, used_size=364544 bytes (0.9%)
(RDMA_READ_CONSUME_CHECK_CONSUMER) timestamp=3893 ms, used_size=362496 bytes (0.9%)
(RDMA_READ_CONSUME_CHECK_CONSUMER) timestamp=3893 ms, used_size=360448 bytes (0.9%)
(RDMA_READ_CONSUME_CHECK_CONSUMER) timestamp=3893 ms, used_size=358400 bytes (0.9%)
(RDMA_READ_CONSUME_CHECK_CONSUMER) timestamp=3893 ms, used_size=356352 bytes (0.9%)
(RDMA_READ_CONSUME_CHECK_CONSUMER) timestamp=3893 ms, used_size=354304 bytes (0.9%)
(RDMA_READ_CONSUME_CHECK_CONSUMER) timestamp=3893 ms, used_size=352256 bytes (0.9%)
(RDMA_READ_CONSUME_CHECK_CONSUMER) timestamp=3893 ms, used_size=350208 bytes (0.9%)
(RDMA_READ_CONSUME_CHECK_CONSUMER) timestamp=3893 ms, used_size=348160 bytes (0.8%)
(RDMA_READ_CONSUME_CHECK_CONSUMER) timestamp=3893 ms, used_size=346112 bytes (0.8%)
(RDMA_READ_CONSUME_CHECK_CONSUMER) timestamp=3893 ms, used_size=344064 bytes (0.8%)
(RDMA_READ_CONSUME_CHECK_CONSUMER) timestamp=3893 ms, used_size=342016 bytes (0.8%)
(RDMA_READ_CONSUME_CHECK_CONSUMER) timestamp=3893 ms, used_size=339968 bytes (0.8%)
(RDMA_READ_CONSUME_CHECK_CONSUMER) timestamp=3893 ms, used_size=337920 bytes (0.8%)
(RDMA_READ_CONSUME_CHECK_CONSUMER) timestamp=3893 ms, used_size=335872 bytes (0.8%)
(RDMA_READ_CONSUME_CHECK_CONSUMER) timestamp=3893 ms, used_size=333824 bytes (0.8%)
(RDMA_READ_CONSUME_CHECK_CONSUMER) timestamp=3893 ms, used_size=331776 bytes (0.8%)
(RDMA_READ_CONSUME_CHECK_CONSUMER) timestamp=3893 ms, used_size=329728 bytes (0.8%)
(RDMA_READ_CONSUME_CHECK_CONSUMER) timestamp=3893 ms, used_size=327680 bytes (0.8%)
(RDMA_READ_CONSUME_CHECK_CONSUMER) timestamp=3893 ms, used_size=325632 bytes (0.8%)
(RDMA_READ_CONSUME_CHECK_CONSUMER) timestamp=3893 ms, used_size=323584 bytes (0.8%)
(RDMA_READ_CONSUME_CHECK_CONSUMER) timestamp=3893 ms, used_size=321536 bytes (0.8%)
(RDMA_READ_CONSUME_CHECK_CONSUMER) timestamp=3893 ms, used_size=319488 bytes (0.8%)
(RDMA_READ_CONSUME_CHECK_CONSUMER) timestamp=3894 ms, used_size=317440 bytes (0.8%)
(RDMA_READ_CONSUME_CHECK_CONSUMER) timestamp=3894 ms, used_size=315392 bytes (0.8%)
(RDMA_READ_CONSUME_CHECK_CONSUMER) timestamp=3894 ms, used_size=313344 bytes (0.8%)
(RDMA_READ_CONSUME_CHECK_CONSUMER) timestamp=3894 ms, used_size=311296 bytes (0.8%)
(RDMA_READ_CONSUME_CHECK_CONSUMER) timestamp=3894 ms, used_size=309248 bytes (0.8%)
(RDMA_READ_CONSUME_CHECK_CONSUMER) timestamp=3894 ms, used_size=307200 bytes (0.8%)
(RDMA_READ_CONSUME_CHECK_CONSUMER) timestamp=3894 ms, used_size=305152 bytes (0.7%)
(RDMA_READ_CONSUME_CHECK_CONSUMER) timestamp=3894 ms, used_size=303104 bytes (0.7%)
(RDMA_READ_CONSUME_CHECK_CONSUMER) timestamp=3894 ms, used_size=301056 bytes (0.7%)
(RDMA_READ_CONSUME_CHECK_CONSUMER) timestamp=3894 ms, used_size=299008 bytes (0.7%)
(RDMA_READ_CONSUME_CHECK_CONSUMER) timestamp=3894 ms, used_size=296960 bytes (0.7%)
(RDMA_READ_CONSUME_CHECK_CONSUMER) timestamp=3894 ms, used_size=294912 bytes (0.7%)
(RDMA_READ_CONSUME_CHECK_CONSUMER) timestamp=3894 ms, used_size=292864 bytes (0.7%)
(RDMA_READ_CONSUME_CHECK_CONSUMER) timestamp=3894 ms, used_size=290816 bytes (0.7%)
(RDMA_READ_CONSUME_CHECK_CONSUMER) timestamp=3894 ms, used_size=288768 bytes (0.7%)
(RDMA_READ_CONSUME_CHECK_CONSUMER) timestamp=3894 ms, used_size=286720 bytes (0.7%)
(RDMA_READ_CONSUME_CHECK_CONSUMER) timestamp=3894 ms, used_size=284672 bytes (0.7%)
(RDMA_READ_CONSUME_CHECK_CONSUMER) timestamp=3894 ms, used_size=282624 bytes (0.7%)
(RDMA_READ_CONSUME_CHECK_CONSUMER) timestamp=3894 ms, used_size=280576 bytes (0.7%)
(RDMA_READ_CONSUME_CHECK_CONSUMER) timestamp=3894 ms, used_size=278528 bytes (0.7%)
(RDMA_READ_CONSUME_CHECK_CONSUMER) timestamp=3894 ms, used_size=276480 bytes (0.7%)
(RDMA_READ_CONSUME_CHECK_CONSUMER) timestamp=3894 ms, used_size=274432 bytes (0.7%)
(RDMA_READ_CONSUME_CHECK_CONSUMER) timestamp=3894 ms, used_size=272384 bytes (0.7%)
(RDMA_READ_CONSUME_CHECK_CONSUMER) timestamp=3894 ms, used_size=270336 bytes (0.7%)
(RDMA_READ_CONSUME_CHECK_CONSUMER) timestamp=3894 ms, used_size=268288 bytes (0.7%)
(RDMA_READ_CONSUME_CHECK_CONSUMER) timestamp=3894 ms, used_size=266240 bytes (0.7%)
(RDMA_READ_CONSUME_CHECK_CONSUMER) timestamp=3894 ms, used_size=264192 bytes (0.6%)
(RDMA_READ_CONSUME_CHECK_CONSUMER) timestamp=3894 ms, used_size=262144 bytes (0.6%)
(RDMA_READ_CONSUME_CHECK_CONSUMER) timestamp=3894 ms, used_size=260096 bytes (0.6%)
(RDMA_READ_CONSUME_CHECK_CONSUMER) timestamp=3894 ms, used_size=258048 bytes (0.6%)
(RDMA_READ_CONSUME_CHECK_CONSUMER) timestamp=3894 ms, used_size=256000 bytes (0.6%)
(RDMA_READ_CONSUME_CHECK_CONSUMER) timestamp=3894 ms, used_size=253952 bytes (0.6%)
(RDMA_READ_CONSUME_CHECK_CONSUMER) timestamp=3894 ms, used_size=251904 bytes (0.6%)
(RDMA_READ_CONSUME_CHECK_CONSUMER) timestamp=3894 ms, used_size=249856 bytes (0.6%)
(RDMA_READ_CONSUME_CHECK_CONSUMER) timestamp=3894 ms, used_size=247808 bytes (0.6%)
(RDMA_READ_CONSUME_CHECK_CONSUMER) timestamp=3894 ms, used_size=245760 bytes (0.6%)
(RDMA_READ_CONSUME_CHECK_CONSUMER) timestamp=3894 ms, used_size=243712 bytes (0.6%)
(RDMA_READ_CONSUME_CHECK_CONSUMER) timestamp=3894 ms, used_size=241664 bytes (0.6%)
(RDMA_READ_CONSUME_CHECK_CONSUMER) timestamp=3894 ms, used_size=239616 bytes (0.6%)
(RDMA_READ_CONSUME_CHECK_CONSUMER) timestamp=3894 ms, used_size=237568 bytes (0.6%)
(RDMA_READ_CONSUME_CHECK_CONSUMER) timestamp=3894 ms, used_size=235520 bytes (0.6%)
(RDMA_READ_CONSUME_CHECK_CONSUMER) timestamp=3894 ms, used_size=233472 bytes (0.6%)
(RDMA_READ_CONSUME_CHECK_CONSUMER) timestamp=3894 ms, used_size=231424 bytes (0.6%)
(RDMA_READ_CONSUME_CHECK_CONSUMER) timestamp=3894 ms, used_size=229376 bytes (0.6%)
(RDMA_READ_CONSUME_CHECK_CONSUMER) timestamp=3894 ms, used_size=227328 bytes (0.6%)
(RDMA_READ_CONSUME_CHECK_CONSUMER) timestamp=3894 ms, used_size=225280 bytes (0.6%)
(RDMA_READ_CONSUME_CHECK_CONSUMER) timestamp=3894 ms, used_size=223232 bytes (0.5%)
(RDMA_READ_CONSUME_CHECK_CONSUMER) timestamp=3894 ms, used_size=221184 bytes (0.5%)
(RDMA_READ_CONSUME_CHECK_CONSUMER) timestamp=3894 ms, used_size=219136 bytes (0.5%)
(RDMA_READ_CONSUME_CHECK_CONSUMER) timestamp=3894 ms, used_size=217088 bytes (0.5%)
(RDMA_READ_CONSUME_CHECK_CONSUMER) timestamp=3894 ms, used_size=215040 bytes (0.5%)
(RDMA_READ_CONSUME_CHECK_CONSUMER) timestamp=3894 ms, used_size=212992 bytes (0.5%)
(RDMA_READ_CONSUME_CHECK_CONSUMER) timestamp=3894 ms, used_size=210944 bytes (0.5%)
(RDMA_READ_CONSUME_CHECK_CONSUMER) timestamp=3894 ms, used_size=208896 bytes (0.5%)
(RDMA_READ_CONSUME_CHECK_CONSUMER) timestamp=3894 ms, used_size=206848 bytes (0.5%)
(RDMA_READ_CONSUME_CHECK_CONSUMER) timestamp=3894 ms, used_size=204800 bytes (0.5%)
(RDMA_READ_CONSUME_CHECK_CONSUMER) timestamp=3894 ms, used_size=202752 bytes (0.5%)
(RDMA_READ_CONSUME_CHECK_CONSUMER) timestamp=3894 ms, used_size=200704 bytes (0.5%)
(RDMA_READ_CONSUME_CHECK_CONSUMER) timestamp=3894 ms, used_size=198656 bytes (0.5%)
(RDMA_READ_CONSUME_CHECK_CONSUMER) timestamp=3894 ms, used_size=196608 bytes (0.5%)
(RDMA_READ_CONSUME_CHECK_CONSUMER) timestamp=3894 ms, used_size=194560 bytes (0.5%)
(RDMA_READ_CONSUME_CHECK_CONSUMER) timestamp=3894 ms, used_size=192512 bytes (0.5%)
(RDMA_READ_CONSUME_CHECK_CONSUMER) timestamp=3894 ms, used_size=190464 bytes (0.5%)
(RDMA_READ_CONSUME_CHECK_CONSUMER) timestamp=3894 ms, used_size=188416 bytes (0.5%)
(RDMA_READ_CONSUME_CHECK_CONSUMER) timestamp=3894 ms, used_size=186368 bytes (0.5%)
(RDMA_READ_CONSUME_CHECK_CONSUMER) timestamp=3894 ms, used_size=184320 bytes (0.5%)
(RDMA_READ_CONSUME_CHECK_CONSUMER) timestamp=3894 ms, used_size=182272 bytes (0.4%)
(RDMA_READ_CONSUME_CHECK_CONSUMER) timestamp=3894 ms, used_size=180224 bytes (0.4%)
(RDMA_READ_CONSUME_CHECK_CONSUMER) timestamp=3894 ms, used_size=178176 bytes (0.4%)
(RDMA_READ_CONSUME_CHECK_CONSUMER) timestamp=3894 ms, used_size=176128 bytes (0.4%)
(RDMA_READ_CONSUME_CHECK_CONSUMER) timestamp=3894 ms, used_size=174080 bytes (0.4%)
(RDMA_READ_CONSUME_CHECK_CONSUMER) timestamp=3894 ms, used_size=172032 bytes (0.4%)
(RDMA_READ_CONSUME_CHECK_CONSUMER) timestamp=3894 ms, used_size=169984 bytes (0.4%)
(RDMA_READ_CONSUME_CHECK_CONSUMER) timestamp=3894 ms, used_size=167936 bytes (0.4%)
(RDMA_READ_CONSUME_CHECK_CONSUMER) timestamp=3894 ms, used_size=165888 bytes (0.4%)
(RDMA_READ_CONSUME_CHECK_CONSUMER) timestamp=3894 ms, used_size=163840 bytes (0.4%)
(RDMA_READ_CONSUME_CHECK_CONSUMER) timestamp=3894 ms, used_size=161792 bytes (0.4%)
(RDMA_READ_CONSUME_CHECK_CONSUMER) timestamp=3894 ms, used_size=159744 bytes (0.4%)
(RDMA_READ_CONSUME_CHECK_CONSUMER) timestamp=3894 ms, used_size=157696 bytes (0.4%)
(RDMA_READ_CONSUME_CHECK_CONSUMER) timestamp=3894 ms, used_size=155648 bytes (0.4%)
(RDMA_READ_CONSUME_CHECK_CONSUMER) timestamp=3894 ms, used_size=153600 bytes (0.4%)
(RDMA_READ_CONSUME_CHECK_CONSUMER) timestamp=3894 ms, used_size=151552 bytes (0.4%)
(RDMA_READ_CONSUME_CHECK_CONSUMER) timestamp=3894 ms, used_size=149504 bytes (0.4%)
(RDMA_READ_CONSUME_CHECK_CONSUMER) timestamp=3894 ms, used_size=147456 bytes (0.4%)
(RDMA_READ_CONSUME_CHECK_CONSUMER) timestamp=3894 ms, used_size=145408 bytes (0.4%)
(RDMA_READ_CONSUME_CHECK_CONSUMER) timestamp=3894 ms, used_size=143360 bytes (0.3%)
(RDMA_READ_CONSUME_CHECK_CONSUMER) timestamp=3894 ms, used_size=141312 bytes (0.3%)
(RDMA_READ_CONSUME_CHECK_CONSUMER) timestamp=3894 ms, used_size=139264 bytes (0.3%)
(RDMA_READ_CONSUME_CHECK_CONSUMER) timestamp=3894 ms, used_size=137216 bytes (0.3%)
(RDMA_READ_CONSUME_CHECK_CONSUMER) timestamp=3894 ms, used_size=135168 bytes (0.3%)
(RDMA_READ_CONSUME_CHECK_CONSUMER) timestamp=3894 ms, used_size=133120 bytes (0.3%)
(RDMA_READ_CONSUME_CHECK_CONSUMER) timestamp=3894 ms, used_size=131072 bytes (0.3%)
(RDMA_READ_CONSUME_CHECK_CONSUMER) timestamp=3894 ms, used_size=129024 bytes (0.3%)
(RDMA_READ_CONSUME_CHECK_CONSUMER) timestamp=3894 ms, used_size=126976 bytes (0.3%)
(RDMA_READ_CONSUME_CHECK_CONSUMER) timestamp=3894 ms, used_size=124928 bytes (0.3%)
(RDMA_READ_CONSUME_CHECK_CONSUMER) timestamp=3894 ms, used_size=122880 bytes (0.3%)
(RDMA_READ_CONSUME_CHECK_CONSUMER) timestamp=3894 ms, used_size=120832 bytes (0.3%)
(RDMA_READ_CONSUME_CHECK_CONSUMER) timestamp=3894 ms, used_size=118784 bytes (0.3%)
(RDMA_READ_CONSUME_CHECK_CONSUMER) timestamp=3894 ms, used_size=116736 bytes (0.3%)
(RDMA_READ_CONSUME_CHECK_CONSUMER) timestamp=3894 ms, used_size=114688 bytes (0.3%)
(RDMA_READ_CONSUME_CHECK_CONSUMER) timestamp=3894 ms, used_size=112640 bytes (0.3%)
(RDMA_READ_CONSUME_CHECK_CONSUMER) timestamp=3894 ms, used_size=110592 bytes (0.3%)
(RDMA_READ_CONSUME_CHECK_CONSUMER) timestamp=3894 ms, used_size=108544 bytes (0.3%)
(RDMA_READ_CONSUME_CHECK_CONSUMER) timestamp=3894 ms, used_size=106496 bytes (0.3%)
(RDMA_READ_CONSUME_CHECK_CONSUMER) timestamp=3894 ms, used_size=104448 bytes (0.3%)
(RDMA_READ_CONSUME_CHECK_CONSUMER) timestamp=3894 ms, used_size=102400 bytes (0.2%)
(RDMA_READ_CONSUME_CHECK_CONSUMER) timestamp=3894 ms, used_size=100352 bytes (0.2%)
(RDMA_READ_CONSUME_CHECK_CONSUMER) timestamp=3894 ms, used_size=98304 bytes (0.2%)
(RDMA_READ_CONSUME_CHECK_CONSUMER) timestamp=3894 ms, used_size=96256 bytes (0.2%)
(RDMA_READ_CONSUME_CHECK_CONSUMER) timestamp=3894 ms, used_size=94208 bytes (0.2%)
(RDMA_READ_CONSUME_CHECK_CONSUMER) timestamp=3894 ms, used_size=92160 bytes (0.2%)
(RDMA_READ_CONSUME_CHECK_CONSUMER) timestamp=3894 ms, used_size=90112 bytes (0.2%)
(RDMA_READ_CONSUME_CHECK_CONSUMER) timestamp=3894 ms, used_size=88064 bytes (0.2%)
(RDMA_READ_CONSUME_CHECK_CONSUMER) timestamp=3894 ms, used_size=86016 bytes (0.2%)
(RDMA_READ_CONSUME_CHECK_CONSUMER) timestamp=3894 ms, used_size=83968 bytes (0.2%)
(RDMA_READ_CONSUME_CHECK_CONSUMER) timestamp=3894 ms, used_size=81920 bytes (0.2%)
(RDMA_READ_CONSUME_CHECK_CONSUMER) timestamp=3894 ms, used_size=79872 bytes (0.2%)
(RDMA_READ_CONSUME_CHECK_CONSUMER) timestamp=3894 ms, used_size=77824 bytes (0.2%)
(RDMA_READ_CONSUME_CHECK_CONSUMER) timestamp=3894 ms, used_size=75776 bytes (0.2%)
(RDMA_READ_CONSUME_CHECK_CONSUMER) timestamp=3894 ms, used_size=73728 bytes (0.2%)
(RDMA_READ_CONSUME_CHECK_CONSUMER) timestamp=3894 ms, used_size=71680 bytes (0.2%)
(RDMA_READ_CONSUME_CHECK_CONSUMER) timestamp=3894 ms, used_size=69632 bytes (0.2%)
(RDMA_READ_CONSUME_CHECK_CONSUMER) timestamp=3894 ms, used_size=67584 bytes (0.2%)
(RDMA_READ_CONSUME_CHECK_CONSUMER) timestamp=3894 ms, used_size=65536 bytes (0.2%)
(RDMA_READ_CONSUME_CHECK_CONSUMER) timestamp=3894 ms, used_size=63488 bytes (0.2%)
(RDMA_READ_CONSUME_CHECK_CONSUMER) timestamp=3894 ms, used_size=61440 bytes (0.1%)
(RDMA_READ_CONSUME_CHECK_CONSUMER) timestamp=3894 ms, used_size=59392 bytes (0.1%)
(RDMA_READ_CONSUME_CHECK_CONSUMER) timestamp=3894 ms, used_size=57344 bytes (0.1%)
(RDMA_READ_CONSUME_CHECK_CONSUMER) timestamp=3894 ms, used_size=55296 bytes (0.1%)
(RDMA_READ_CONSUME_CHECK_CONSUMER) timestamp=3894 ms, used_size=53248 bytes (0.1%)
(RDMA_READ_CONSUME_CHECK_CONSUMER) timestamp=3894 ms, used_size=51200 bytes (0.1%)
(RDMA_READ_CONSUME_CHECK_CONSUMER) timestamp=3894 ms, used_size=49152 bytes (0.1%)
(RDMA_READ_CONSUME_CHECK_CONSUMER) timestamp=3894 ms, used_size=47104 bytes (0.1%)
(RDMA_READ_CONSUME_CHECK_CONSUMER) timestamp=3894 ms, used_size=45056 bytes (0.1%)
(RDMA_READ_CONSUME_CHECK_CONSUMER) timestamp=3894 ms, used_size=43008 bytes (0.1%)
(RDMA_READ_CONSUME_CHECK_CONSUMER) timestamp=3894 ms, used_size=40960 bytes (0.1%)
(RDMA_READ_CONSUME_CHECK_CONSUMER) timestamp=3894 ms, used_size=38912 bytes (0.1%)
(RDMA_READ_CONSUME_CHECK_CONSUMER) timestamp=3894 ms, used_size=36864 bytes (0.1%)
(RDMA_READ_CONSUME_CHECK_CONSUMER) timestamp=3894 ms, used_size=34816 bytes (0.1%)
(RDMA_READ_CONSUME_CHECK_CONSUMER) timestamp=3894 ms, used_size=32768 bytes (0.1%)
(RDMA_READ_CONSUME_CHECK_CONSUMER) timestamp=3894 ms, used_size=30720 bytes (0.1%)
(RDMA_READ_CONSUME_CHECK_CONSUMER) timestamp=3894 ms, used_size=28672 bytes (0.1%)
(RDMA_READ_CONSUME_CHECK_CONSUMER) timestamp=3894 ms, used_size=26624 bytes (0.1%)
(RDMA_READ_CONSUME_CHECK_CONSUMER) timestamp=3894 ms, used_size=24576 bytes (0.1%)
(RDMA_READ_CONSUME_CHECK_CONSUMER) timestamp=3894 ms, used_size=22528 bytes (0.1%)
(RDMA_READ_CONSUME_CHECK_CONSUMER) timestamp=3894 ms, used_size=20480 bytes (0.1%)
(RDMA_READ_CONSUME_CHECK_CONSUMER) timestamp=3894 ms, used_size=18432 bytes (0.0%)
(RDMA_READ_CONSUME_CHECK_CONSUMER) timestamp=3894 ms, used_size=16384 bytes (0.0%)
(RDMA_READ_CONSUME_CHECK_CONSUMER) timestamp=3894 ms, used_size=14336 bytes (0.0%)
(RDMA_READ_CONSUME_CHECK_CONSUMER) timestamp=3894 ms, used_size=12288 bytes (0.0%)
(RDMA_READ_CONSUME_CHECK_CONSUMER) timestamp=3894 ms, used_size=10240 bytes (0.0%)
(RDMA_READ_CONSUME_CHECK_CONSUMER) timestamp=3894 ms, used_size=8192 bytes (0.0%)
(RDMA_READ_CONSUME_CHECK_CONSUMER) timestamp=3894 ms, used_size=6144 bytes (0.0%)
(RDMA_READ_CONSUME_CHECK_CONSUMER) timestamp=3894 ms, used_size=4096 bytes (0.0%)
(RDMA_READ_CONSUME_CHECK_CONSUMER) timestamp=3894 ms, used_size=2048 bytes (0.0%)
(RDMA_READ_CONSUME_CHECK_CONSUMER) timestamp=3894 ms, used_size=0 bytes (0.0%)
(RDMA_READ_CONSUME_CHECK) Cycle 4, Batch 1: CRC32 OK (0xbeaa30f3), 8192 messages verified
(RDMA_READ_CONSUME_CHECK_CONSUMER) timestamp=3894 ms, used_size=16775168 bytes (41.0%)
(RDMA_READ_CONSUME_CHECK_CONSUMER) timestamp=4203 ms, used_size=16773120 bytes (41.0%)
(RDMA_READ_CONSUME_CHECK_CONSUMER) timestamp=4203 ms, used_size=16771072 bytes (40.9%)
(RDMA_READ_CONSUME_CHECK_CONSUMER) timestamp=4203 ms, used_size=16769024 bytes (40.9%)
(RDMA_READ_CONSUME_CHECK_CONSUMER) timestamp=4203 ms, used_size=16766976 bytes (40.9%)
(RDMA_READ_CONSUME_CHECK_CONSUMER) timestamp=4203 ms, used_size=16764928 bytes (40.9%)
(RDMA_READ_CONSUME_CHECK_CONSUMER) timestamp=4203 ms, used_size=16762880 bytes (40.9%)
(RDMA_READ_CONSUME_CHECK_CONSUMER) timestamp=4203 ms, used_size=16760832 bytes (40.9%)
(RDMA_READ_CONSUME_CHECK_CONSUMER) timestamp=4203 ms, used_size=16758784 bytes (40.9%)
(RDMA_READ_CONSUME_CHECK_CONSUMER) timestamp=4203 ms, used_size=16756736 bytes (40.9%)
(RDMA_READ_CONSUME_CHECK_CONSUMER) timestamp=4203 ms, used_size=16754688 bytes (40.9%)
(RDMA_READ_CONSUME_CHECK_CONSUMER) timestamp=4203 ms, used_size=16752640 bytes (40.9%)
(RDMA_READ_CONSUME_CHECK_CONSUMER) timestamp=4203 ms, used_size=16750592 bytes (40.9%)
(RDMA_READ_CONSUME_CHECK_CONSUMER) timestamp=4203 ms, used_size=16748544 bytes (40.9%)
(RDMA_READ_CONSUME_CHECK_CONSUMER) timestamp=4203 ms, used_size=16746496 bytes (40.9%)
(RDMA_READ_CONSUME_CHECK_CONSUMER) timestamp=4203 ms, used_size=16744448 bytes (40.9%)
(RDMA_READ_CONSUME_CHECK_CONSUMER) timestamp=4203 ms, used_size=16742400 bytes (40.9%)
(RDMA_READ_CONSUME_CHECK_CONSUMER) timestamp=4203 ms, used_size=16740352 bytes (40.9%)
(RDMA_READ_CONSUME_CHECK_CONSUMER) timestamp=4203 ms, used_size=16738304 bytes (40.9%)
(RDMA_READ_CONSUME_CHECK_CONSUMER) timestamp=4203 ms, used_size=16736256 bytes (40.9%)
(RDMA_READ_CONSUME_CHECK_CONSUMER) timestamp=4203 ms, used_size=16734208 bytes (40.9%)
(RDMA_READ_CONSUME_CHECK_CONSUMER) timestamp=4203 ms, used_size=16732160 bytes (40.9%)
(RDMA_READ_CONSUME_CHECK_CONSUMER) timestamp=4203 ms, used_size=16730112 bytes (40.8%)
(RDMA_READ_CONSUME_CHECK_CONSUMER) timestamp=4203 ms, used_size=16728064 bytes (40.8%)
(RDMA_READ_CONSUME_CHECK_CONSUMER) timestamp=4203 ms, used_size=16726016 bytes (40.8%)
(RDMA_READ_CONSUME_CHECK_CONSUMER) timestamp=4203 ms, used_size=16723968 bytes (40.8%)
(RDMA_READ_CONSUME_CHECK_CONSUMER) timestamp=4203 ms, used_size=16721920 bytes (40.8%)
(RDMA_READ_CONSUME_CHECK_CONSUMER) timestamp=4203 ms, used_size=16719872 bytes (40.8%)
(RDMA_READ_CONSUME_CHECK_CONSUMER) timestamp=4203 ms, used_size=16717824 bytes (40.8%)
(RDMA_READ_CONSUME_CHECK_CONSUMER) timestamp=4203 ms, used_size=16715776 bytes (40.8%)
(RDMA_READ_CONSUME_CHECK_CONSUMER) timestamp=4203 ms, used_size=16713728 bytes (40.8%)
(RDMA_READ_CONSUME_CHECK_CONSUMER) timestamp=4203 ms, used_size=16711680 bytes (40.8%)
(RDMA_READ_CONSUME_CHECK_CONSUMER) timestamp=4203 ms, used_size=16709632 bytes (40.8%)
(RDMA_READ_CONSUME_CHECK_CONSUMER) timestamp=4203 ms, used_size=16707584 bytes (40.8%)
(RDMA_READ_CONSUME_CHECK_CONSUMER) timestamp=4203 ms, used_size=16705536 bytes (40.8%)
(RDMA_READ_CONSUME_CHECK_CONSUMER) timestamp=4203 ms, used_size=16703488 bytes (40.8%)
(RDMA_READ_CONSUME_CHECK_CONSUMER) timestamp=4203 ms, used_size=16701440 bytes (40.8%)
(RDMA_READ_CONSUME_CHECK_CONSUMER) timestamp=4203 ms, used_size=16699392 bytes (40.8%)
(RDMA_READ_CONSUME_CHECK_CONSUMER) timestamp=4203 ms, used_size=16697344 bytes (40.8%)
(RDMA_READ_CONSUME_CHECK_CONSUMER) timestamp=4203 ms, used_size=16695296 bytes (40.8%)
(RDMA_READ_CONSUME_CHECK_CONSUMER) timestamp=4203 ms, used_size=16693248 bytes (40.8%)
(RDMA_READ_CONSUME_CHECK_CONSUMER) timestamp=4203 ms, used_size=16691200 bytes (40.8%)
(RDMA_READ_CONSUME_CHECK_CONSUMER) timestamp=4203 ms, used_size=16689152 bytes (40.7%)
(RDMA_READ_CONSUME_CHECK_CONSUMER) timestamp=4203 ms, used_size=16687104 bytes (40.7%)
(RDMA_READ_CONSUME_CHECK_CONSUMER) timestamp=4203 ms, used_size=16685056 bytes (40.7%)
(RDMA_READ_CONSUME_CHECK_CONSUMER) timestamp=4203 ms, used_size=16683008 bytes (40.7%)
(RDMA_READ_CONSUME_CHECK_CONSUMER) timestamp=4203 ms, used_size=16680960 bytes (40.7%)
(RDMA_READ_CONSUME_CHECK_CONSUMER) timestamp=4203 ms, used_size=16678912 bytes (40.7%)
(RDMA_READ_CONSUME_CHECK_CONSUMER) timestamp=4204 ms, used_size=16676864 bytes (40.7%)
(RDMA_READ_CONSUME_CHECK_CONSUMER) timestamp=4204 ms, used_size=16674816 bytes (40.7%)
(RDMA_READ_CONSUME_CHECK_CONSUMER) timestamp=4204 ms, used_size=16672768 bytes (40.7%)
(RDMA_READ_CONSUME_CHECK_CONSUMER) timestamp=4204 ms, used_size=16670720 bytes (40.7%)
(RDMA_READ_CONSUME_CHECK_CONSUMER) timestamp=4204 ms, used_size=16668672 bytes (40.7%)
(RDMA_READ_CONSUME_CHECK_CONSUMER) timestamp=4204 ms, used_size=16666624 bytes (40.7%)
(RDMA_READ_CONSUME_CHECK_CONSUMER) timestamp=4204 ms, used_size=16664576 bytes (40.7%)
(RDMA_READ_CONSUME_CHECK_CONSUMER) timestamp=4204 ms, used_size=16662528 bytes (40.7%)
(RDMA_READ_CONSUME_CHECK_CONSUMER) timestamp=4204 ms, used_size=16660480 bytes (40.7%)
(RDMA_READ_CONSUME_CHECK_CONSUMER) timestamp=4204 ms, used_size=16658432 bytes (40.7%)
(RDMA_READ_CONSUME_CHECK_CONSUMER) timestamp=4204 ms, used_size=16656384 bytes (40.7%)
(RDMA_READ_CONSUME_CHECK_CONSUMER) timestamp=4204 ms, used_size=16654336 bytes (40.7%)
(RDMA_READ_CONSUME_CHECK_CONSUMER) timestamp=4204 ms, used_size=16652288 bytes (40.7%)
(RDMA_READ_CONSUME_CHECK_CONSUMER) timestamp=4204 ms, used_size=16650240 bytes (40.6%)
(RDMA_READ_CONSUME_CHECK_CONSUMER) timestamp=4204 ms, used_size=16648192 bytes (40.6%)
(RDMA_READ_CONSUME_CHECK_CONSUMER) timestamp=4204 ms, used_size=16646144 bytes (40.6%)
(RDMA_READ_CONSUME_CHECK_CONSUMER) timestamp=4204 ms, used_size=16644096 bytes (40.6%)
(RDMA_READ_CONSUME_CHECK_CONSUMER) timestamp=4204 ms, used_size=16642048 bytes (40.6%)
(RDMA_READ_CONSUME_CHECK_CONSUMER) timestamp=4204 ms, used_size=16640000 bytes (40.6%)
(RDMA_READ_CONSUME_CHECK_CONSUMER) timestamp=4204 ms, used_size=16637952 bytes (40.6%)
(RDMA_READ_CONSUME_CHECK_CONSUMER) timestamp=4204 ms, used_size=16635904 bytes (40.6%)
(RDMA_READ_CONSUME_CHECK_CONSUMER) timestamp=4204 ms, used_size=16633856 bytes (40.6%)
(RDMA_READ_CONSUME_CHECK_CONSUMER) timestamp=4204 ms, used_size=16631808 bytes (40.6%)
(RDMA_READ_CONSUME_CHECK_CONSUMER) timestamp=4204 ms, used_size=16629760 bytes (40.6%)
(RDMA_READ_CONSUME_CHECK_CONSUMER) timestamp=4204 ms, used_size=16627712 bytes (40.6%)
(RDMA_READ_CONSUME_CHECK_CONSUMER) timestamp=4204 ms, used_size=16625664 bytes (40.6%)
(RDMA_READ_CONSUME_CHECK_CONSUMER) timestamp=4204 ms, used_size=16623616 bytes (40.6%)
(RDMA_READ_CONSUME_CHECK_CONSUMER) timestamp=4204 ms, used_size=16621568 bytes (40.6%)
(RDMA_READ_CONSUME_CHECK_CONSUMER) timestamp=4204 ms, used_size=16619520 bytes (40.6%)
(RDMA_READ_CONSUME_CHECK_CONSUMER) timestamp=4204 ms, used_size=16617472 bytes (40.6%)
(RDMA_READ_CONSUME_CHECK_CONSUMER) timestamp=4204 ms, used_size=16615424 bytes (40.6%)
(RDMA_READ_CONSUME_CHECK_CONSUMER) timestamp=4204 ms, used_size=16613376 bytes (40.6%)
(RDMA_READ_CONSUME_CHECK_CONSUMER) timestamp=4204 ms, used_size=16611328 bytes (40.6%)
(RDMA_READ_CONSUME_CHECK_CONSUMER) timestamp=4204 ms, used_size=16609280 bytes (40.5%)
(RDMA_READ_CONSUME_CHECK_CONSUMER) timestamp=4204 ms, used_size=16607232 bytes (40.5%)
(RDMA_READ_CONSUME_CHECK_CONSUMER) timestamp=4204 ms, used_size=16605184 bytes (40.5%)
(RDMA_READ_CONSUME_CHECK_CONSUMER) timestamp=4204 ms, used_size=16603136 bytes (40.5%)
(RDMA_READ_CONSUME_CHECK_CONSUMER) timestamp=4204 ms, used_size=16601088 bytes (40.5%)
(RDMA_READ_CONSUME_CHECK_CONSUMER) timestamp=4204 ms, used_size=16599040 bytes (40.5%)
(RDMA_READ_CONSUME_CHECK_CONSUMER) timestamp=4204 ms, used_size=16596992 bytes (40.5%)
(RDMA_READ_CONSUME_CHECK_CONSUMER) timestamp=4204 ms, used_size=16594944 bytes (40.5%)
(RDMA_READ_CONSUME_CHECK_CONSUMER) timestamp=4204 ms, used_size=16592896 bytes (40.5%)
(RDMA_READ_CONSUME_CHECK_CONSUMER) timestamp=4204 ms, used_size=16590848 bytes (40.5%)
(RDMA_READ_CONSUME_CHECK_CONSUMER) timestamp=4204 ms, used_size=16588800 bytes (40.5%)
(RDMA_READ_CONSUME_CHECK_CONSUMER) timestamp=4204 ms, used_size=16586752 bytes (40.5%)
(RDMA_READ_CONSUME_CHECK_CONSUMER) timestamp=4204 ms, used_size=16584704 bytes (40.5%)
(RDMA_READ_CONSUME_CHECK_CONSUMER) timestamp=4204 ms, used_size=16582656 bytes (40.5%)
(RDMA_READ_CONSUME_CHECK_CONSUMER) timestamp=4204 ms, used_size=16580608 bytes (40.5%)
(RDMA_READ_CONSUME_CHECK_CONSUMER) timestamp=4204 ms, used_size=16578560 bytes (40.5%)
(RDMA_READ_CONSUME_CHECK_CONSUMER) timestamp=4204 ms, used_size=16576512 bytes (40.5%)
(RDMA_READ_CONSUME_CHECK_CONSUMER) timestamp=4204 ms, used_size=16574464 bytes (40.5%)
(RDMA_READ_CONSUME_CHECK_CONSUMER) timestamp=4204 ms, used_size=16572416 bytes (40.5%)
(RDMA_READ_CONSUME_CHECK_CONSUMER) timestamp=4204 ms, used_size=16570368 bytes (40.5%)
(RDMA_READ_CONSUME_CHECK_CONSUMER) timestamp=4204 ms, used_size=16568320 bytes (40.5%)
(RDMA_READ_CONSUME_CHECK_CONSUMER) timestamp=4204 ms, used_size=16566272 bytes (40.4%)
(RDMA_READ_CONSUME_CHECK_CONSUMER) timestamp=4204 ms, used_size=16564224 bytes (40.4%)
(RDMA_READ_CONSUME_CHECK_CONSUMER) timestamp=4204 ms, used_size=16562176 bytes (40.4%)
(RDMA_READ_CONSUME_CHECK_CONSUMER) timestamp=4204 ms, used_size=16560128 bytes (40.4%)
(RDMA_READ_CONSUME_CHECK_CONSUMER) timestamp=4204 ms, used_size=16558080 bytes (40.4%)
(RDMA_READ_CONSUME_CHECK_CONSUMER) timestamp=4204 ms, used_size=16556032 bytes (40.4%)
(RDMA_READ_CONSUME_CHECK_CONSUMER) timestamp=4204 ms, used_size=16553984 bytes (40.4%)
(RDMA_READ_CONSUME_CHECK_CONSUMER) timestamp=4204 ms, used_size=16551936 bytes (40.4%)
(RDMA_READ_CONSUME_CHECK_CONSUMER) timestamp=4204 ms, used_size=16549888 bytes (40.4%)
(RDMA_READ_CONSUME_CHECK_CONSUMER) timestamp=4204 ms, used_size=16547840 bytes (40.4%)
(RDMA_READ_CONSUME_CHECK_CONSUMER) timestamp=4204 ms, used_size=16545792 bytes (40.4%)
(RDMA_READ_CONSUME_CHECK_CONSUMER) timestamp=4204 ms, used_size=16543744 bytes (40.4%)
(RDMA_READ_CONSUME_CHECK_CONSUMER) timestamp=4204 ms, used_size=16541696 bytes (40.4%)
(RDMA_READ_CONSUME_CHECK_CONSUMER) timestamp=4204 ms, used_size=16539648 bytes (40.4%)
(RDMA_READ_CONSUME_CHECK_CONSUMER) timestamp=4204 ms, used_size=16537600 bytes (40.4%)
(RDMA_READ_CONSUME_CHECK_CONSUMER) timestamp=4204 ms, used_size=16535552 bytes (40.4%)
(RDMA_READ_CONSUME_CHECK_CONSUMER) timestamp=4204 ms, used_size=16533504 bytes (40.4%)
(RDMA_READ_CONSUME_CHECK_CONSUMER) timestamp=4204 ms, used_size=16531456 bytes (40.4%)
(RDMA_READ_CONSUME_CHECK_CONSUMER) timestamp=4204 ms, used_size=16529408 bytes (40.4%)
(RDMA_READ_CONSUME_CHECK_CONSUMER) timestamp=4204 ms, used_size=16527360 bytes (40.4%)
(RDMA_READ_CONSUME_CHECK_CONSUMER) timestamp=4204 ms, used_size=16525312 bytes (40.3%)
(RDMA_READ_CONSUME_CHECK_CONSUMER) timestamp=4204 ms, used_size=16523264 bytes (40.3%)
(RDMA_READ_CONSUME_CHECK_CONSUMER) timestamp=4204 ms, used_size=16521216 bytes (40.3%)
(RDMA_READ_CONSUME_CHECK_CONSUMER) timestamp=4204 ms, used_size=16519168 bytes (40.3%)
(RDMA_READ_CONSUME_CHECK_CONSUMER) timestamp=4204 ms, used_size=16517120 bytes (40.3%)
(RDMA_READ_CONSUME_CHECK_CONSUMER) timestamp=4204 ms, used_size=16515072 bytes (40.3%)
(RDMA_READ_CONSUME_CHECK_CONSUMER) timestamp=4204 ms, used_size=16513024 bytes (40.3%)
(RDMA_READ_CONSUME_CHECK_CONSUMER) timestamp=4204 ms, used_size=16510976 bytes (40.3%)
(RDMA_READ_CONSUME_CHECK_CONSUMER) timestamp=4204 ms, used_size=16508928 bytes (40.3%)
(RDMA_READ_CONSUME_CHECK_CONSUMER) timestamp=4204 ms, used_size=16506880 bytes (40.3%)
(RDMA_READ_CONSUME_CHECK_CONSUMER) timestamp=4204 ms, used_size=16504832 bytes (40.3%)
(RDMA_READ_CONSUME_CHECK_CONSUMER) timestamp=4204 ms, used_size=16502784 bytes (40.3%)
(RDMA_READ_CONSUME_CHECK_CONSUMER) timestamp=4204 ms, used_size=16500736 bytes (40.3%)
(RDMA_READ_CONSUME_CHECK_CONSUMER) timestamp=4204 ms, used_size=16498688 bytes (40.3%)
(RDMA_READ_CONSUME_CHECK_CONSUMER) timestamp=4204 ms, used_size=16496640 bytes (40.3%)
(RDMA_READ_CONSUME_CHECK_CONSUMER) timestamp=4204 ms, used_size=16494592 bytes (40.3%)
(RDMA_READ_CONSUME_CHECK_CONSUMER) timestamp=4204 ms, used_size=16492544 bytes (40.3%)
(RDMA_READ_CONSUME_CHECK_CONSUMER) timestamp=4204 ms, used_size=16490496 bytes (40.3%)
(RDMA_READ_CONSUME_CHECK_CONSUMER) timestamp=4204 ms, used_size=16488448 bytes (40.3%)
(RDMA_READ_CONSUME_CHECK_CONSUMER) timestamp=4204 ms, used_size=16486400 bytes (40.2%)
(RDMA_READ_CONSUME_CHECK_CONSUMER) timestamp=4204 ms, used_size=16484352 bytes (40.2%)
(RDMA_READ_CONSUME_CHECK_CONSUMER) timestamp=4204 ms, used_size=16482304 bytes (40.2%)
(RDMA_READ_CONSUME_CHECK_CONSUMER) timestamp=4204 ms, used_size=16480256 bytes (40.2%)
(RDMA_READ_CONSUME_CHECK_CONSUMER) timestamp=4204 ms, used_size=16478208 bytes (40.2%)
(RDMA_READ_CONSUME_CHECK_CONSUMER) timestamp=4204 ms, used_size=16476160 bytes (40.2%)
(RDMA_READ_CONSUME_CHECK_CONSUMER) timestamp=4204 ms, used_size=16474112 bytes (40.2%)
(RDMA_READ_CONSUME_CHECK_CONSUMER) timestamp=4204 ms, used_size=16472064 bytes (40.2%)
(RDMA_READ_CONSUME_CHECK_CONSUMER) timestamp=4204 ms, used_size=16470016 bytes (40.2%)
(RDMA_READ_CONSUME_CHECK_CONSUMER) timestamp=4204 ms, used_size=16467968 bytes (40.2%)
(RDMA_READ_CONSUME_CHECK_CONSUMER) timestamp=4204 ms, used_size=16465920 bytes (40.2%)
(RDMA_READ_CONSUME_CHECK_CONSUMER) timestamp=4204 ms, used_size=16463872 bytes (40.2%)
(RDMA_READ_CONSUME_CHECK_CONSUMER) timestamp=4204 ms, used_size=16461824 bytes (40.2%)
(RDMA_READ_CONSUME_CHECK_CONSUMER) timestamp=4204 ms, used_size=16459776 bytes (40.2%)
(RDMA_READ_CONSUME_CHECK_CONSUMER) timestamp=4204 ms, used_size=16457728 bytes (40.2%)
(RDMA_READ_CONSUME_CHECK_CONSUMER) timestamp=4204 ms, used_size=16455680 bytes (40.2%)
(RDMA_READ_CONSUME_CHECK_CONSUMER) timestamp=4204 ms, used_size=16453632 bytes (40.2%)
(RDMA_READ_CONSUME_CHECK_CONSUMER) timestamp=4204 ms, used_size=16451584 bytes (40.2%)
(RDMA_READ_CONSUME_CHECK_CONSUMER) timestamp=4204 ms, used_size=16449536 bytes (40.2%)
(RDMA_READ_CONSUME_CHECK_CONSUMER) timestamp=4204 ms, used_size=16447488 bytes (40.2%)
(RDMA_READ_CONSUME_CHECK_CONSUMER) timestamp=4204 ms, used_size=16445440 bytes (40.1%)
(RDMA_READ_CONSUME_CHECK_CONSUMER) timestamp=4204 ms, used_size=16443392 bytes (40.1%)
(RDMA_READ_CONSUME_CHECK_CONSUMER) timestamp=4204 ms, used_size=16441344 bytes (40.1%)
(RDMA_READ_CONSUME_CHECK_CONSUMER) timestamp=4204 ms, used_size=16439296 bytes (40.1%)
(RDMA_READ_CONSUME_CHECK_CONSUMER) timestamp=4204 ms, used_size=16437248 bytes (40.1%)
(RDMA_READ_CONSUME_CHECK_CONSUMER) timestamp=4204 ms, used_size=16435200 bytes (40.1%)
(RDMA_READ_CONSUME_CHECK_CONSUMER) timestamp=4204 ms, used_size=16433152 bytes (40.1%)
(RDMA_READ_CONSUME_CHECK_CONSUMER) timestamp=4204 ms, used_size=16431104 bytes (40.1%)
(RDMA_READ_CONSUME_CHECK_CONSUMER) timestamp=4204 ms, used_size=16429056 bytes (40.1%)
(RDMA_READ_CONSUME_CHECK_CONSUMER) timestamp=4204 ms, used_size=16427008 bytes (40.1%)
(RDMA_READ_CONSUME_CHECK_CONSUMER) timestamp=4204 ms, used_size=16424960 bytes (40.1%)
(RDMA_READ_CONSUME_CHECK_CONSUMER) timestamp=4204 ms, used_size=16422912 bytes (40.1%)
(RDMA_READ_CONSUME_CHECK_CONSUMER) timestamp=4204 ms, used_size=16420864 bytes (40.1%)
(RDMA_READ_CONSUME_CHECK_CONSUMER) timestamp=4204 ms, used_size=16418816 bytes (40.1%)
(RDMA_READ_CONSUME_CHECK_CONSUMER) timestamp=4204 ms, used_size=16416768 bytes (40.1%)
(RDMA_READ_CONSUME_CHECK_CONSUMER) timestamp=4204 ms, used_size=16414720 bytes (40.1%)
(RDMA_READ_CONSUME_CHECK_CONSUMER) timestamp=4204 ms, used_size=16412672 bytes (40.1%)
(RDMA_READ_CONSUME_CHECK_CONSUMER) timestamp=4204 ms, used_size=16410624 bytes (40.1%)
(RDMA_READ_CONSUME_CHECK_CONSUMER) timestamp=4204 ms, used_size=16408576 bytes (40.1%)
(RDMA_READ_CONSUME_CHECK_CONSUMER) timestamp=4204 ms, used_size=16406528 bytes (40.1%)
(RDMA_READ_CONSUME_CHECK_CONSUMER) timestamp=4204 ms, used_size=16404480 bytes (40.0%)
(RDMA_READ_CONSUME_CHECK_CONSUMER) timestamp=4204 ms, used_size=16402432 bytes (40.0%)
(RDMA_READ_CONSUME_CHECK_CONSUMER) timestamp=4204 ms, used_size=16400384 bytes (40.0%)
(RDMA_READ_CONSUME_CHECK_CONSUMER) timestamp=4204 ms, used_size=16398336 bytes (40.0%)
(RDMA_READ_CONSUME_CHECK_CONSUMER) timestamp=4204 ms, used_size=16396288 bytes (40.0%)
(RDMA_READ_CONSUME_CHECK_CONSUMER) timestamp=4204 ms, used_size=16394240 bytes (40.0%)
(RDMA_READ_CONSUME_CHECK_CONSUMER) timestamp=4204 ms, used_size=16392192 bytes (40.0%)
(RDMA_READ_CONSUME_CHECK_CONSUMER) timestamp=4204 ms, used_size=16390144 bytes (40.0%)
(RDMA_READ_CONSUME_CHECK_CONSUMER) timestamp=4204 ms, used_size=16388096 bytes (40.0%)
(RDMA_READ_CONSUME_CHECK_CONSUMER) timestamp=4204 ms, used_size=16386048 bytes (40.0%)
(RDMA_READ_CONSUME_CHECK_CONSUMER) timestamp=4204 ms, used_size=16384000 bytes (40.0%)
(RDMA_READ_CONSUME_CHECK_CONSUMER) timestamp=4204 ms, used_size=16381952 bytes (40.0%)
(RDMA_READ_CONSUME_CHECK_CONSUMER) timestamp=4204 ms, used_size=16379904 bytes (40.0%)
(RDMA_READ_CONSUME_CHECK_CONSUMER) timestamp=4204 ms, used_size=16377856 bytes (40.0%)
(RDMA_READ_CONSUME_CHECK_CONSUMER) timestamp=4204 ms, used_size=16375808 bytes (40.0%)
(RDMA_READ_CONSUME_CHECK_CONSUMER) timestamp=4204 ms, used_size=16373760 bytes (40.0%)
(RDMA_READ_CONSUME_CHECK_CONSUMER) timestamp=4204 ms, used_size=16371712 bytes (40.0%)
(RDMA_READ_CONSUME_CHECK_CONSUMER) timestamp=4204 ms, used_size=16369664 bytes (40.0%)
(RDMA_READ_CONSUME_CHECK_CONSUMER) timestamp=4204 ms, used_size=16367616 bytes (40.0%)
(RDMA_READ_CONSUME_CHECK_CONSUMER) timestamp=4204 ms, used_size=16365568 bytes (40.0%)
(RDMA_READ_CONSUME_CHECK_CONSUMER) timestamp=4204 ms, used_size=16363520 bytes (40.0%)
(RDMA_READ_CONSUME_CHECK_CONSUMER) timestamp=4204 ms, used_size=16361472 bytes (39.9%)
(RDMA_READ_CONSUME_CHECK_CONSUMER) timestamp=4204 ms, used_size=16359424 bytes (39.9%)
(RDMA_READ_CONSUME_CHECK_CONSUMER) timestamp=4204 ms, used_size=16357376 bytes (39.9%)
(RDMA_READ_CONSUME_CHECK_CONSUMER) timestamp=4204 ms, used_size=16355328 bytes (39.9%)
(RDMA_READ_CONSUME_CHECK_CONSUMER) timestamp=4204 ms, used_size=16353280 bytes (39.9%)
(RDMA_READ_CONSUME_CHECK_CONSUMER) timestamp=4204 ms, used_size=16351232 bytes (39.9%)
(RDMA_READ_CONSUME_CHECK_CONSUMER) timestamp=4204 ms, used_size=16349184 bytes (39.9%)
(RDMA_READ_CONSUME_CHECK_CONSUMER) timestamp=4204 ms, used_size=16347136 bytes (39.9%)
(RDMA_READ_CONSUME_CHECK_CONSUMER) timestamp=4204 ms, used_size=16345088 bytes (39.9%)
(RDMA_READ_CONSUME_CHECK_CONSUMER) timestamp=4204 ms, used_size=16343040 bytes (39.9%)
(RDMA_READ_CONSUME_CHECK_CONSUMER) timestamp=4204 ms, used_size=16340992 bytes (39.9%)
(RDMA_READ_CONSUME_CHECK_CONSUMER) timestamp=4204 ms, used_size=16338944 bytes (39.9%)
(RDMA_READ_CONSUME_CHECK_CONSUMER) timestamp=4204 ms, used_size=16336896 bytes (39.9%)
(RDMA_READ_CONSUME_CHECK_CONSUMER) timestamp=4204 ms, used_size=16334848 bytes (39.9%)
(RDMA_READ_CONSUME_CHECK_CONSUMER) timestamp=4204 ms, used_size=16332800 bytes (39.9%)
(RDMA_READ_CONSUME_CHECK_CONSUMER) timestamp=4204 ms, used_size=16330752 bytes (39.9%)
(RDMA_READ_CONSUME_CHECK_CONSUMER) timestamp=4204 ms, used_size=16328704 bytes (39.9%)
(RDMA_READ_CONSUME_CHECK_CONSUMER) timestamp=4204 ms, used_size=16326656 bytes (39.9%)
(RDMA_READ_CONSUME_CHECK_CONSUMER) timestamp=4204 ms, used_size=16324608 bytes (39.9%)
(RDMA_READ_CONSUME_CHECK_CONSUMER) timestamp=4204 ms, used_size=16322560 bytes (39.9%)
(RDMA_READ_CONSUME_CHECK_CONSUMER) timestamp=4204 ms, used_size=16320512 bytes (39.8%)
(RDMA_READ_CONSUME_CHECK_CONSUMER) timestamp=4204 ms, used_size=16318464 bytes (39.8%)
(RDMA_READ_CONSUME_CHECK_CONSUMER) timestamp=4204 ms, used_size=16316416 bytes (39.8%)
(RDMA_READ_CONSUME_CHECK_CONSUMER) timestamp=4205 ms, used_size=16314368 bytes (39.8%)
(RDMA_READ_CONSUME_CHECK_CONSUMER) timestamp=4205 ms, used_size=16312320 bytes (39.8%)
(RDMA_READ_CONSUME_CHECK_CONSUMER) timestamp=4205 ms, used_size=16310272 bytes (39.8%)
(RDMA_READ_CONSUME_CHECK_CONSUMER) timestamp=4205 ms, used_size=16308224 bytes (39.8%)
(RDMA_READ_CONSUME_CHECK_CONSUMER) timestamp=4205 ms, used_size=16306176 bytes (39.8%)
(RDMA_READ_CONSUME_CHECK_CONSUMER) timestamp=4205 ms, used_size=16304128 bytes (39.8%)
(RDMA_READ_CONSUME_CHECK_CONSUMER) timestamp=4205 ms, used_size=16302080 bytes (39.8%)
(RDMA_READ_CONSUME_CHECK_CONSUMER) timestamp=4205 ms, used_size=16300032 bytes (39.8%)
(RDMA_READ_CONSUME_CHECK_CONSUMER) timestamp=4205 ms, used_size=16297984 bytes (39.8%)
(RDMA_READ_CONSUME_CHECK_CONSUMER) timestamp=4205 ms, used_size=16295936 bytes (39.8%)
(RDMA_READ_CONSUME_CHECK_CONSUMER) timestamp=4205 ms, used_size=16293888 bytes (39.8%)
(RDMA_READ_CONSUME_CHECK_CONSUMER) timestamp=4205 ms, used_size=16291840 bytes (39.8%)
(RDMA_READ_CONSUME_CHECK_CONSUMER) timestamp=4205 ms, used_size=16289792 bytes (39.8%)
(RDMA_READ_CONSUME_CHECK_CONSUMER) timestamp=4205 ms, used_size=16287744 bytes (39.8%)
(RDMA_READ_CONSUME_CHECK_CONSUMER) timestamp=4205 ms, used_size=16285696 bytes (39.8%)
(RDMA_READ_CONSUME_CHECK_CONSUMER) timestamp=4205 ms, used_size=16283648 bytes (39.8%)
(RDMA_READ_CONSUME_CHECK_CONSUMER) timestamp=4205 ms, used_size=16281600 bytes (39.8%)
(RDMA_READ_CONSUME_CHECK_CONSUMER) timestamp=4205 ms, used_size=16279552 bytes (39.7%)
(RDMA_READ_CONSUME_CHECK_CONSUMER) timestamp=4205 ms, used_size=16277504 bytes (39.7%)
(RDMA_READ_CONSUME_CHECK_CONSUMER) timestamp=4205 ms, used_size=16275456 bytes (39.7%)
(RDMA_READ_CONSUME_CHECK_CONSUMER) timestamp=4205 ms, used_size=16273408 bytes (39.7%)
(RDMA_READ_CONSUME_CHECK_CONSUMER) timestamp=4205 ms, used_size=16271360 bytes (39.7%)
(RDMA_READ_CONSUME_CHECK_CONSUMER) timestamp=4205 ms, used_size=16269312 bytes (39.7%)
(RDMA_READ_CONSUME_CHECK_CONSUMER) timestamp=4205 ms, used_size=16267264 bytes (39.7%)
(RDMA_READ_CONSUME_CHECK_CONSUMER) timestamp=4205 ms, used_size=16265216 bytes (39.7%)
(RDMA_READ_CONSUME_CHECK_CONSUMER) timestamp=4205 ms, used_size=16263168 bytes (39.7%)
(RDMA_READ_CONSUME_CHECK_CONSUMER) timestamp=4205 ms, used_size=16261120 bytes (39.7%)
(RDMA_READ_CONSUME_CHECK_CONSUMER) timestamp=4205 ms, used_size=16259072 bytes (39.7%)
(RDMA_READ_CONSUME_CHECK_CONSUMER) timestamp=4205 ms, used_size=16257024 bytes (39.7%)
(RDMA_READ_CONSUME_CHECK_CONSUMER) timestamp=4205 ms, used_size=16254976 bytes (39.7%)
(RDMA_READ_CONSUME_CHECK_CONSUMER) timestamp=4205 ms, used_size=16252928 bytes (39.7%)
(RDMA_READ_CONSUME_CHECK_CONSUMER) timestamp=4205 ms, used_size=16250880 bytes (39.7%)
(RDMA_READ_CONSUME_CHECK_CONSUMER) timestamp=4205 ms, used_size=16248832 bytes (39.7%)
(RDMA_READ_CONSUME_CHECK_CONSUMER) timestamp=4205 ms, used_size=16246784 bytes (39.7%)
(RDMA_READ_CONSUME_CHECK_CONSUMER) timestamp=4205 ms, used_size=16244736 bytes (39.7%)
(RDMA_READ_CONSUME_CHECK_CONSUMER) timestamp=4205 ms, used_size=16242688 bytes (39.7%)
(RDMA_READ_CONSUME_CHECK_CONSUMER) timestamp=4205 ms, used_size=16240640 bytes (39.6%)
(RDMA_READ_CONSUME_CHECK_CONSUMER) timestamp=4205 ms, used_size=16238592 bytes (39.6%)
(RDMA_READ_CONSUME_CHECK_CONSUMER) timestamp=4205 ms, used_size=16236544 bytes (39.6%)
(RDMA_READ_CONSUME_CHECK_CONSUMER) timestamp=4205 ms, used_size=16234496 bytes (39.6%)
(RDMA_READ_CONSUME_CHECK_CONSUMER) timestamp=4205 ms, used_size=16232448 bytes (39.6%)
(RDMA_READ_CONSUME_CHECK_CONSUMER) timestamp=4205 ms, used_size=16230400 bytes (39.6%)
(RDMA_READ_CONSUME_CHECK_CONSUMER) timestamp=4205 ms, used_size=16228352 bytes (39.6%)
(RDMA_READ_CONSUME_CHECK_CONSUMER) timestamp=4205 ms, used_size=16226304 bytes (39.6%)
(RDMA_READ_CONSUME_CHECK_CONSUMER) timestamp=4205 ms, used_size=16224256 bytes (39.6%)
(RDMA_READ_CONSUME_CHECK_CONSUMER) timestamp=4205 ms, used_size=16222208 bytes (39.6%)
(RDMA_READ_CONSUME_CHECK_CONSUMER) timestamp=4205 ms, used_size=16220160 bytes (39.6%)
(RDMA_READ_CONSUME_CHECK_CONSUMER) timestamp=4205 ms, used_size=16218112 bytes (39.6%)
(RDMA_READ_CONSUME_CHECK_CONSUMER) timestamp=4205 ms, used_size=16216064 bytes (39.6%)
(RDMA_READ_CONSUME_CHECK_CONSUMER) timestamp=4205 ms, used_size=16214016 bytes (39.6%)
(RDMA_READ_CONSUME_CHECK_CONSUMER) timestamp=4205 ms, used_size=16211968 bytes (39.6%)
(RDMA_READ_CONSUME_CHECK_CONSUMER) timestamp=4205 ms, used_size=16209920 bytes (39.6%)
(RDMA_READ_CONSUME_CHECK_CONSUMER) timestamp=4205 ms, used_size=16207872 bytes (39.6%)
(RDMA_READ_CONSUME_CHECK_CONSUMER) timestamp=4205 ms, used_size=16205824 bytes (39.6%)
(RDMA_READ_CONSUME_CHECK_CONSUMER) timestamp=4205 ms, used_size=16203776 bytes (39.6%)
(RDMA_READ_CONSUME_CHECK_CONSUMER) timestamp=4205 ms, used_size=16201728 bytes (39.6%)
(RDMA_READ_CONSUME_CHECK_CONSUMER) timestamp=4205 ms, used_size=16199680 bytes (39.5%)
(RDMA_READ_CONSUME_CHECK_CONSUMER) timestamp=4205 ms, used_size=16197632 bytes (39.5%)
(RDMA_READ_CONSUME_CHECK_CONSUMER) timestamp=4205 ms, used_size=16195584 bytes (39.5%)
(RDMA_READ_CONSUME_CHECK_CONSUMER) timestamp=4205 ms, used_size=16193536 bytes (39.5%)
(RDMA_READ_CONSUME_CHECK_CONSUMER) timestamp=4205 ms, used_size=16191488 bytes (39.5%)
(RDMA_READ_CONSUME_CHECK_CONSUMER) timestamp=4205 ms, used_size=16189440 bytes (39.5%)
(RDMA_READ_CONSUME_CHECK_CONSUMER) timestamp=4205 ms, used_size=16187392 bytes (39.5%)
(RDMA_READ_CONSUME_CHECK_CONSUMER) timestamp=4205 ms, used_size=16185344 bytes (39.5%)
(RDMA_READ_CONSUME_CHECK_CONSUMER) timestamp=4205 ms, used_size=16183296 bytes (39.5%)
(RDMA_READ_CONSUME_CHECK_CONSUMER) timestamp=4205 ms, used_size=16181248 bytes (39.5%)
(RDMA_READ_CONSUME_CHECK_CONSUMER) timestamp=4205 ms, used_size=16179200 bytes (39.5%)
(RDMA_READ_CONSUME_CHECK_CONSUMER) timestamp=4205 ms, used_size=16177152 bytes (39.5%)
(RDMA_READ_CONSUME_CHECK_CONSUMER) timestamp=4205 ms, used_size=16175104 bytes (39.5%)
(RDMA_READ_CONSUME_CHECK_CONSUMER) timestamp=4205 ms, used_size=16173056 bytes (39.5%)
(RDMA_READ_CONSUME_CHECK_CONSUMER) timestamp=4205 ms, used_size=16171008 bytes (39.5%)
(RDMA_READ_CONSUME_CHECK_CONSUMER) timestamp=4205 ms, used_size=16168960 bytes (39.5%)
(RDMA_READ_CONSUME_CHECK_CONSUMER) timestamp=4205 ms, used_size=16166912 bytes (39.5%)
(RDMA_READ_CONSUME_CHECK_CONSUMER) timestamp=4205 ms, used_size=16164864 bytes (39.5%)
(RDMA_READ_CONSUME_CHECK_CONSUMER) timestamp=4205 ms, used_size=16162816 bytes (39.5%)
(RDMA_READ_CONSUME_CHECK_CONSUMER) timestamp=4205 ms, used_size=16160768 bytes (39.5%)
(RDMA_READ_CONSUME_CHECK_CONSUMER) timestamp=4205 ms, used_size=16158720 bytes (39.5%)
(RDMA_READ_CONSUME_CHECK_CONSUMER) timestamp=4205 ms, used_size=16156672 bytes (39.4%)
(RDMA_READ_CONSUME_CHECK_CONSUMER) timestamp=4205 ms, used_size=16154624 bytes (39.4%)
(RDMA_READ_CONSUME_CHECK_CONSUMER) timestamp=4205 ms, used_size=16152576 bytes (39.4%)
(RDMA_READ_CONSUME_CHECK_CONSUMER) timestamp=4205 ms, used_size=16150528 bytes (39.4%)
(RDMA_READ_CONSUME_CHECK_CONSUMER) timestamp=4205 ms, used_size=16148480 bytes (39.4%)
(RDMA_READ_CONSUME_CHECK_CONSUMER) timestamp=4205 ms, used_size=16146432 bytes (39.4%)
(RDMA_READ_CONSUME_CHECK_CONSUMER) timestamp=4205 ms, used_size=16144384 bytes (39.4%)
(RDMA_READ_CONSUME_CHECK_CONSUMER) timestamp=4205 ms, used_size=16142336 bytes (39.4%)
(RDMA_READ_CONSUME_CHECK_CONSUMER) timestamp=4205 ms, used_size=16140288 bytes (39.4%)
(RDMA_READ_CONSUME_CHECK_CONSUMER) timestamp=4205 ms, used_size=16138240 bytes (39.4%)
(RDMA_READ_CONSUME_CHECK_CONSUMER) timestamp=4205 ms, used_size=16136192 bytes (39.4%)
(RDMA_READ_CONSUME_CHECK_CONSUMER) timestamp=4205 ms, used_size=16134144 bytes (39.4%)
(RDMA_READ_CONSUME_CHECK_CONSUMER) timestamp=4205 ms, used_size=16132096 bytes (39.4%)
(RDMA_READ_CONSUME_CHECK_CONSUMER) timestamp=4205 ms, used_size=16130048 bytes (39.4%)
(RDMA_READ_CONSUME_CHECK_CONSUMER) timestamp=4205 ms, used_size=16128000 bytes (39.4%)
(RDMA_READ_CONSUME_CHECK_CONSUMER) timestamp=4205 ms, used_size=16125952 bytes (39.4%)
(RDMA_READ_CONSUME_CHECK_CONSUMER) timestamp=4205 ms, used_size=16123904 bytes (39.4%)
(RDMA_READ_CONSUME_CHECK_CONSUMER) timestamp=4205 ms, used_size=16121856 bytes (39.4%)
(RDMA_READ_CONSUME_CHECK_CONSUMER) timestamp=4205 ms, used_size=16119808 bytes (39.4%)
(RDMA_READ_CONSUME_CHECK_CONSUMER) timestamp=4205 ms, used_size=16117760 bytes (39.4%)
(RDMA_READ_CONSUME_CHECK_CONSUMER) timestamp=4205 ms, used_size=16115712 bytes (39.3%)
(RDMA_READ_CONSUME_CHECK_CONSUMER) timestamp=4205 ms, used_size=16113664 bytes (39.3%)
(RDMA_READ_CONSUME_CHECK_CONSUMER) timestamp=4205 ms, used_size=16111616 bytes (39.3%)
(RDMA_READ_CONSUME_CHECK_CONSUMER) timestamp=4205 ms, used_size=16109568 bytes (39.3%)
(RDMA_READ_CONSUME_CHECK_CONSUMER) timestamp=4205 ms, used_size=16107520 bytes (39.3%)
(RDMA_READ_CONSUME_CHECK_CONSUMER) timestamp=4205 ms, used_size=16105472 bytes (39.3%)
(RDMA_READ_CONSUME_CHECK_CONSUMER) timestamp=4205 ms, used_size=16103424 bytes (39.3%)
(RDMA_READ_CONSUME_CHECK_CONSUMER) timestamp=4205 ms, used_size=16101376 bytes (39.3%)
(RDMA_READ_CONSUME_CHECK_CONSUMER) timestamp=4205 ms, used_size=16099328 bytes (39.3%)
(RDMA_READ_CONSUME_CHECK_CONSUMER) timestamp=4205 ms, used_size=16097280 bytes (39.3%)
(RDMA_READ_CONSUME_CHECK_CONSUMER) timestamp=4205 ms, used_size=16095232 bytes (39.3%)
(RDMA_READ_CONSUME_CHECK_CONSUMER) timestamp=4205 ms, used_size=16093184 bytes (39.3%)
(RDMA_READ_CONSUME_CHECK_CONSUMER) timestamp=4205 ms, used_size=16091136 bytes (39.3%)
(RDMA_READ_CONSUME_CHECK_CONSUMER) timestamp=4205 ms, used_size=16089088 bytes (39.3%)
(RDMA_READ_CONSUME_CHECK_CONSUMER) timestamp=4205 ms, used_size=16087040 bytes (39.3%)
(RDMA_READ_CONSUME_CHECK_CONSUMER) timestamp=4205 ms, used_size=16084992 bytes (39.3%)
(RDMA_READ_CONSUME_CHECK_CONSUMER) timestamp=4205 ms, used_size=16082944 bytes (39.3%)
(RDMA_READ_CONSUME_CHECK_CONSUMER) timestamp=4205 ms, used_size=16080896 bytes (39.3%)
(RDMA_READ_CONSUME_CHECK_CONSUMER) timestamp=4205 ms, used_size=16078848 bytes (39.3%)
(RDMA_READ_CONSUME_CHECK_CONSUMER) timestamp=4205 ms, used_size=16076800 bytes (39.2%)
(RDMA_READ_CONSUME_CHECK_CONSUMER) timestamp=4205 ms, used_size=16074752 bytes (39.2%)
(RDMA_READ_CONSUME_CHECK_CONSUMER) timestamp=4205 ms, used_size=16072704 bytes (39.2%)
(RDMA_READ_CONSUME_CHECK_CONSUMER) timestamp=4205 ms, used_size=16070656 bytes (39.2%)
(RDMA_READ_CONSUME_CHECK_CONSUMER) timestamp=4205 ms, used_size=16068608 bytes (39.2%)
(RDMA_READ_CONSUME_CHECK_CONSUMER) timestamp=4205 ms, used_size=16066560 bytes (39.2%)
(RDMA_READ_CONSUME_CHECK_CONSUMER) timestamp=4205 ms, used_size=16064512 bytes (39.2%)
(RDMA_READ_CONSUME_CHECK_CONSUMER) timestamp=4205 ms, used_size=16062464 bytes (39.2%)
(RDMA_READ_CONSUME_CHECK_CONSUMER) timestamp=4205 ms, used_size=16060416 bytes (39.2%)
(RDMA_READ_CONSUME_CHECK_CONSUMER) timestamp=4205 ms, used_size=16058368 bytes (39.2%)
(RDMA_READ_CONSUME_CHECK_CONSUMER) timestamp=4205 ms, used_size=16056320 bytes (39.2%)
(RDMA_READ_CONSUME_CHECK_CONSUMER) timestamp=4205 ms, used_size=16054272 bytes (39.2%)
(RDMA_READ_CONSUME_CHECK_CONSUMER) timestamp=4205 ms, used_size=16052224 bytes (39.2%)
(RDMA_READ_CONSUME_CHECK_CONSUMER) timestamp=4205 ms, used_size=16050176 bytes (39.2%)
(RDMA_READ_CONSUME_CHECK_CONSUMER) timestamp=4205 ms, used_size=16048128 bytes (39.2%)
(RDMA_READ_CONSUME_CHECK_CONSUMER) timestamp=4205 ms, used_size=16046080 bytes (39.2%)
(RDMA_READ_CONSUME_CHECK_CONSUMER) timestamp=4205 ms, used_size=16044032 bytes (39.2%)
(RDMA_READ_CONSUME_CHECK_CONSUMER) timestamp=4205 ms, used_size=16041984 bytes (39.2%)
(RDMA_READ_CONSUME_CHECK_CONSUMER) timestamp=4205 ms, used_size=16039936 bytes (39.2%)
(RDMA_READ_CONSUME_CHECK_CONSUMER) timestamp=4205 ms, used_size=16037888 bytes (39.2%)
(RDMA_READ_CONSUME_CHECK_CONSUMER) timestamp=4205 ms, used_size=16035840 bytes (39.1%)
(RDMA_READ_CONSUME_CHECK_CONSUMER) timestamp=4205 ms, used_size=16033792 bytes (39.1%)
(RDMA_READ_CONSUME_CHECK_CONSUMER) timestamp=4205 ms, used_size=16031744 bytes (39.1%)
(RDMA_READ_CONSUME_CHECK_CONSUMER) timestamp=4205 ms, used_size=16029696 bytes (39.1%)
(RDMA_READ_CONSUME_CHECK_CONSUMER) timestamp=4205 ms, used_size=16027648 bytes (39.1%)
(RDMA_READ_CONSUME_CHECK_CONSUMER) timestamp=4205 ms, used_size=16025600 bytes (39.1%)
(RDMA_READ_CONSUME_CHECK_CONSUMER) timestamp=4205 ms, used_size=16023552 bytes (39.1%)
(RDMA_READ_CONSUME_CHECK_CONSUMER) timestamp=4205 ms, used_size=16021504 bytes (39.1%)
(RDMA_READ_CONSUME_CHECK_CONSUMER) timestamp=4205 ms, used_size=16019456 bytes (39.1%)
(RDMA_READ_CONSUME_CHECK_CONSUMER) timestamp=4205 ms, used_size=16017408 bytes (39.1%)
(RDMA_READ_CONSUME_CHECK_CONSUMER) timestamp=4205 ms, used_size=16015360 bytes (39.1%)
(RDMA_READ_CONSUME_CHECK_CONSUMER) timestamp=4205 ms, used_size=16013312 bytes (39.1%)
(RDMA_READ_CONSUME_CHECK_CONSUMER) timestamp=4205 ms, used_size=16011264 bytes (39.1%)
(RDMA_READ_CONSUME_CHECK_CONSUMER) timestamp=4205 ms, used_size=16009216 bytes (39.1%)
(RDMA_READ_CONSUME_CHECK_CONSUMER) timestamp=4205 ms, used_size=16007168 bytes (39.1%)
(RDMA_READ_CONSUME_CHECK_CONSUMER) timestamp=4205 ms, used_size=16005120 bytes (39.1%)
(RDMA_READ_CONSUME_CHECK_CONSUMER) timestamp=4205 ms, used_size=16003072 bytes (39.1%)
(RDMA_READ_CONSUME_CHECK_CONSUMER) timestamp=4205 ms, used_size=16001024 bytes (39.1%)
(RDMA_READ_CONSUME_CHECK_CONSUMER) timestamp=4205 ms, used_size=15998976 bytes (39.1%)
(RDMA_READ_CONSUME_CHECK_CONSUMER) timestamp=4205 ms, used_size=15996928 bytes (39.1%)
(RDMA_READ_CONSUME_CHECK_CONSUMER) timestamp=4205 ms, used_size=15994880 bytes (39.0%)
(RDMA_READ_CONSUME_CHECK_CONSUMER) timestamp=4205 ms, used_size=15992832 bytes (39.0%)
(RDMA_READ_CONSUME_CHECK_CONSUMER) timestamp=4205 ms, used_size=15990784 bytes (39.0%)
(RDMA_READ_CONSUME_CHECK_CONSUMER) timestamp=4205 ms, used_size=15988736 bytes (39.0%)
(RDMA_READ_CONSUME_CHECK_CONSUMER) timestamp=4205 ms, used_size=15986688 bytes (39.0%)
(RDMA_READ_CONSUME_CHECK_CONSUMER) timestamp=4205 ms, used_size=15984640 bytes (39.0%)
(RDMA_READ_CONSUME_CHECK_CONSUMER) timestamp=4205 ms, used_size=15982592 bytes (39.0%)
(RDMA_READ_CONSUME_CHECK_CONSUMER) timestamp=4205 ms, used_size=15980544 bytes (39.0%)
(RDMA_READ_CONSUME_CHECK_CONSUMER) timestamp=4205 ms, used_size=15978496 bytes (39.0%)
(RDMA_READ_CONSUME_CHECK_CONSUMER) timestamp=4205 ms, used_size=15976448 bytes (39.0%)
(RDMA_READ_CONSUME_CHECK_CONSUMER) timestamp=4205 ms, used_size=15974400 bytes (39.0%)
(RDMA_READ_CONSUME_CHECK_CONSUMER) timestamp=4205 ms, used_size=15972352 bytes (39.0%)
(RDMA_READ_CONSUME_CHECK_CONSUMER) timestamp=4205 ms, used_size=15970304 bytes (39.0%)
(RDMA_READ_CONSUME_CHECK_CONSUMER) timestamp=4205 ms, used_size=15968256 bytes (39.0%)
(RDMA_READ_CONSUME_CHECK_CONSUMER) timestamp=4205 ms, used_size=15966208 bytes (39.0%)
(RDMA_READ_CONSUME_CHECK_CONSUMER) timestamp=4205 ms, used_size=15964160 bytes (39.0%)
(RDMA_READ_CONSUME_CHECK_CONSUMER) timestamp=4205 ms, used_size=15962112 bytes (39.0%)
(RDMA_READ_CONSUME_CHECK_CONSUMER) timestamp=4205 ms, used_size=15960064 bytes (39.0%)
(RDMA_READ_CONSUME_CHECK_CONSUMER) timestamp=4205 ms, used_size=15958016 bytes (39.0%)
(RDMA_READ_CONSUME_CHECK_CONSUMER) timestamp=4205 ms, used_size=15955968 bytes (39.0%)
(RDMA_READ_CONSUME_CHECK_CONSUMER) timestamp=4205 ms, used_size=15953920 bytes (39.0%)
(RDMA_READ_CONSUME_CHECK_CONSUMER) timestamp=4205 ms, used_size=15951872 bytes (38.9%)
(RDMA_READ_CONSUME_CHECK_CONSUMER) timestamp=4205 ms, used_size=15949824 bytes (38.9%)
(RDMA_READ_CONSUME_CHECK_CONSUMER) timestamp=4205 ms, used_size=15947776 bytes (38.9%)
(RDMA_READ_CONSUME_CHECK_CONSUMER) timestamp=4205 ms, used_size=15945728 bytes (38.9%)
(RDMA_READ_CONSUME_CHECK_CONSUMER) timestamp=4205 ms, used_size=15943680 bytes (38.9%)
(RDMA_READ_CONSUME_CHECK_CONSUMER) timestamp=4206 ms, used_size=15941632 bytes (38.9%)
(RDMA_READ_CONSUME_CHECK_CONSUMER) timestamp=4206 ms, used_size=15939584 bytes (38.9%)
(RDMA_READ_CONSUME_CHECK_CONSUMER) timestamp=4206 ms, used_size=15937536 bytes (38.9%)
(RDMA_READ_CONSUME_CHECK_CONSUMER) timestamp=4206 ms, used_size=15935488 bytes (38.9%)
(RDMA_READ_CONSUME_CHECK_CONSUMER) timestamp=4206 ms, used_size=15933440 bytes (38.9%)
(RDMA_READ_CONSUME_CHECK_CONSUMER) timestamp=4206 ms, used_size=15931392 bytes (38.9%)
(RDMA_READ_CONSUME_CHECK_CONSUMER) timestamp=4206 ms, used_size=15929344 bytes (38.9%)
(RDMA_READ_CONSUME_CHECK_CONSUMER) timestamp=4206 ms, used_size=15927296 bytes (38.9%)
(RDMA_READ_CONSUME_CHECK_CONSUMER) timestamp=4206 ms, used_size=15925248 bytes (38.9%)
(RDMA_READ_CONSUME_CHECK_CONSUMER) timestamp=4206 ms, used_size=15923200 bytes (38.9%)
(RDMA_READ_CONSUME_CHECK_CONSUMER) timestamp=4206 ms, used_size=15921152 bytes (38.9%)
(RDMA_READ_CONSUME_CHECK_CONSUMER) timestamp=4206 ms, used_size=15919104 bytes (38.9%)
(RDMA_READ_CONSUME_CHECK_CONSUMER) timestamp=4206 ms, used_size=15917056 bytes (38.9%)
(RDMA_READ_CONSUME_CHECK_CONSUMER) timestamp=4206 ms, used_size=15915008 bytes (38.9%)
(RDMA_READ_CONSUME_CHECK_CONSUMER) timestamp=4206 ms, used_size=15912960 bytes (38.9%)
(RDMA_READ_CONSUME_CHECK_CONSUMER) timestamp=4206 ms, used_size=15910912 bytes (38.8%)
(RDMA_READ_CONSUME_CHECK_CONSUMER) timestamp=4206 ms, used_size=15908864 bytes (38.8%)
(RDMA_READ_CONSUME_CHECK_CONSUMER) timestamp=4206 ms, used_size=15906816 bytes (38.8%)
(RDMA_READ_CONSUME_CHECK_CONSUMER) timestamp=4206 ms, used_size=15904768 bytes (38.8%)
(RDMA_READ_CONSUME_CHECK_CONSUMER) timestamp=4206 ms, used_size=15902720 bytes (38.8%)
(RDMA_READ_CONSUME_CHECK_CONSUMER) timestamp=4206 ms, used_size=15900672 bytes (38.8%)
(RDMA_READ_CONSUME_CHECK_CONSUMER) timestamp=4206 ms, used_size=15898624 bytes (38.8%)
(RDMA_READ_CONSUME_CHECK_CONSUMER) timestamp=4206 ms, used_size=15896576 bytes (38.8%)
(RDMA_READ_CONSUME_CHECK_CONSUMER) timestamp=4206 ms, used_size=15894528 bytes (38.8%)
(RDMA_READ_CONSUME_CHECK_CONSUMER) timestamp=4206 ms, used_size=15892480 bytes (38.8%)
(RDMA_READ_CONSUME_CHECK_CONSUMER) timestamp=4206 ms, used_size=15890432 bytes (38.8%)
(RDMA_READ_CONSUME_CHECK_CONSUMER) timestamp=4206 ms, used_size=15888384 bytes (38.8%)
(RDMA_READ_CONSUME_CHECK_CONSUMER) timestamp=4206 ms, used_size=15886336 bytes (38.8%)
(RDMA_READ_CONSUME_CHECK_CONSUMER) timestamp=4206 ms, used_size=15884288 bytes (38.8%)
(RDMA_READ_CONSUME_CHECK_CONSUMER) timestamp=4206 ms, used_size=15882240 bytes (38.8%)
(RDMA_READ_CONSUME_CHECK_CONSUMER) timestamp=4206 ms, used_size=15880192 bytes (38.8%)
(RDMA_READ_CONSUME_CHECK_CONSUMER) timestamp=4206 ms, used_size=15878144 bytes (38.8%)
(RDMA_READ_CONSUME_CHECK_CONSUMER) timestamp=4206 ms, used_size=15876096 bytes (38.8%)
(RDMA_READ_CONSUME_CHECK_CONSUMER) timestamp=4206 ms, used_size=15874048 bytes (38.8%)
(RDMA_READ_CONSUME_CHECK_CONSUMER) timestamp=4206 ms, used_size=15872000 bytes (38.8%)
(RDMA_READ_CONSUME_CHECK_CONSUMER) timestamp=4206 ms, used_size=15869952 bytes (38.7%)
(RDMA_READ_CONSUME_CHECK_CONSUMER) timestamp=4206 ms, used_size=15867904 bytes (38.7%)
(RDMA_READ_CONSUME_CHECK_CONSUMER) timestamp=4206 ms, used_size=15865856 bytes (38.7%)
(RDMA_READ_CONSUME_CHECK_CONSUMER) timestamp=4206 ms, used_size=15863808 bytes (38.7%)
(RDMA_READ_CONSUME_CHECK_CONSUMER) timestamp=4206 ms, used_size=15861760 bytes (38.7%)
(RDMA_READ_CONSUME_CHECK_CONSUMER) timestamp=4206 ms, used_size=15859712 bytes (38.7%)
(RDMA_READ_CONSUME_CHECK_CONSUMER) timestamp=4206 ms, used_size=15857664 bytes (38.7%)
(RDMA_READ_CONSUME_CHECK_CONSUMER) timestamp=4206 ms, used_size=15855616 bytes (38.7%)
(RDMA_READ_CONSUME_CHECK_CONSUMER) timestamp=4206 ms, used_size=15853568 bytes (38.7%)
(RDMA_READ_CONSUME_CHECK_CONSUMER) timestamp=4206 ms, used_size=15851520 bytes (38.7%)
(RDMA_READ_CONSUME_CHECK_CONSUMER) timestamp=4206 ms, used_size=15849472 bytes (38.7%)
(RDMA_READ_CONSUME_CHECK_CONSUMER) timestamp=4206 ms, used_size=15847424 bytes (38.7%)
(RDMA_READ_CONSUME_CHECK_CONSUMER) timestamp=4206 ms, used_size=15845376 bytes (38.7%)
(RDMA_READ_CONSUME_CHECK_CONSUMER) timestamp=4206 ms, used_size=15843328 bytes (38.7%)
(RDMA_READ_CONSUME_CHECK_CONSUMER) timestamp=4206 ms, used_size=15841280 bytes (38.7%)
(RDMA_READ_CONSUME_CHECK_CONSUMER) timestamp=4206 ms, used_size=15839232 bytes (38.7%)
(RDMA_READ_CONSUME_CHECK_CONSUMER) timestamp=4206 ms, used_size=15837184 bytes (38.7%)
(RDMA_READ_CONSUME_CHECK_CONSUMER) timestamp=4206 ms, used_size=15835136 bytes (38.7%)
(RDMA_READ_CONSUME_CHECK_CONSUMER) timestamp=4206 ms, used_size=15833088 bytes (38.7%)
(RDMA_READ_CONSUME_CHECK_CONSUMER) timestamp=4206 ms, used_size=15831040 bytes (38.6%)
(RDMA_READ_CONSUME_CHECK_CONSUMER) timestamp=4206 ms, used_size=15828992 bytes (38.6%)
(RDMA_READ_CONSUME_CHECK_CONSUMER) timestamp=4206 ms, used_size=15826944 bytes (38.6%)
(RDMA_READ_CONSUME_CHECK_CONSUMER) timestamp=4206 ms, used_size=15824896 bytes (38.6%)
(RDMA_READ_CONSUME_CHECK_CONSUMER) timestamp=4206 ms, used_size=15822848 bytes (38.6%)
(RDMA_READ_CONSUME_CHECK_CONSUMER) timestamp=4206 ms, used_size=15820800 bytes (38.6%)
(RDMA_READ_CONSUME_CHECK_CONSUMER) timestamp=4206 ms, used_size=15818752 bytes (38.6%)
(RDMA_READ_CONSUME_CHECK_CONSUMER) timestamp=4206 ms, used_size=15816704 bytes (38.6%)
(RDMA_READ_CONSUME_CHECK_CONSUMER) timestamp=4206 ms, used_size=15814656 bytes (38.6%)
(RDMA_READ_CONSUME_CHECK_CONSUMER) timestamp=4206 ms, used_size=15812608 bytes (38.6%)
(RDMA_READ_CONSUME_CHECK_CONSUMER) timestamp=4206 ms, used_size=15810560 bytes (38.6%)
(RDMA_READ_CONSUME_CHECK_CONSUMER) timestamp=4206 ms, used_size=15808512 bytes (38.6%)
(RDMA_READ_CONSUME_CHECK_CONSUMER) timestamp=4206 ms, used_size=15806464 bytes (38.6%)
(RDMA_READ_CONSUME_CHECK_CONSUMER) timestamp=4206 ms, used_size=15804416 bytes (38.6%)
(RDMA_READ_CONSUME_CHECK_CONSUMER) timestamp=4206 ms, used_size=15802368 bytes (38.6%)
(RDMA_READ_CONSUME_CHECK_CONSUMER) timestamp=4206 ms, used_size=15800320 bytes (38.6%)
(RDMA_READ_CONSUME_CHECK_CONSUMER) timestamp=4206 ms, used_size=15798272 bytes (38.6%)
(RDMA_READ_CONSUME_CHECK_CONSUMER) timestamp=4206 ms, used_size=15796224 bytes (38.6%)
(RDMA_READ_CONSUME_CHECK_CONSUMER) timestamp=4206 ms, used_size=15794176 bytes (38.6%)
(RDMA_READ_CONSUME_CHECK_CONSUMER) timestamp=4206 ms, used_size=15792128 bytes (38.6%)
(RDMA_READ_CONSUME_CHECK_CONSUMER) timestamp=4206 ms, used_size=15790080 bytes (38.5%)
(RDMA_READ_CONSUME_CHECK_CONSUMER) timestamp=4206 ms, used_size=15788032 bytes (38.5%)
(RDMA_READ_CONSUME_CHECK_CONSUMER) timestamp=4206 ms, used_size=15785984 bytes (38.5%)
(RDMA_READ_CONSUME_CHECK_CONSUMER) timestamp=4206 ms, used_size=15783936 bytes (38.5%)
(RDMA_READ_CONSUME_CHECK_CONSUMER) timestamp=4206 ms, used_size=15781888 bytes (38.5%)
(RDMA_READ_CONSUME_CHECK_CONSUMER) timestamp=4206 ms, used_size=15779840 bytes (38.5%)
(RDMA_READ_CONSUME_CHECK_CONSUMER) timestamp=4206 ms, used_size=15777792 bytes (38.5%)
(RDMA_READ_CONSUME_CHECK_CONSUMER) timestamp=4206 ms, used_size=15775744 bytes (38.5%)
(RDMA_READ_CONSUME_CHECK_CONSUMER) timestamp=4206 ms, used_size=15773696 bytes (38.5%)
(RDMA_READ_CONSUME_CHECK_CONSUMER) timestamp=4206 ms, used_size=15771648 bytes (38.5%)
(RDMA_READ_CONSUME_CHECK_CONSUMER) timestamp=4206 ms, used_size=15769600 bytes (38.5%)
(RDMA_READ_CONSUME_CHECK_CONSUMER) timestamp=4206 ms, used_size=15767552 bytes (38.5%)
(RDMA_READ_CONSUME_CHECK_CONSUMER) timestamp=4206 ms, used_size=15765504 bytes (38.5%)
(RDMA_READ_CONSUME_CHECK_CONSUMER) timestamp=4206 ms, used_size=15763456 bytes (38.5%)
(RDMA_READ_CONSUME_CHECK_CONSUMER) timestamp=4206 ms, used_size=15761408 bytes (38.5%)
(RDMA_READ_CONSUME_CHECK_CONSUMER) timestamp=4206 ms, used_size=15759360 bytes (38.5%)
(RDMA_READ_CONSUME_CHECK_CONSUMER) timestamp=4206 ms, used_size=15757312 bytes (38.5%)
(RDMA_READ_CONSUME_CHECK_CONSUMER) timestamp=4206 ms, used_size=15755264 bytes (38.5%)
(RDMA_READ_CONSUME_CHECK_CONSUMER) timestamp=4206 ms, used_size=15753216 bytes (38.5%)
(RDMA_READ_CONSUME_CHECK_CONSUMER) timestamp=4206 ms, used_size=15751168 bytes (38.5%)
(RDMA_READ_CONSUME_CHECK_CONSUMER) timestamp=4206 ms, used_size=15749120 bytes (38.5%)
(RDMA_READ_CONSUME_CHECK_CONSUMER) timestamp=4206 ms, used_size=15747072 bytes (38.4%)
(RDMA_READ_CONSUME_CHECK_CONSUMER) timestamp=4206 ms, used_size=15745024 bytes (38.4%)
(RDMA_READ_CONSUME_CHECK_CONSUMER) timestamp=4206 ms, used_size=15742976 bytes (38.4%)
(RDMA_READ_CONSUME_CHECK_CONSUMER) timestamp=4206 ms, used_size=15740928 bytes (38.4%)
(RDMA_READ_CONSUME_CHECK_CONSUMER) timestamp=4206 ms, used_size=15738880 bytes (38.4%)
(RDMA_READ_CONSUME_CHECK_CONSUMER) timestamp=4206 ms, used_size=15736832 bytes (38.4%)
(RDMA_READ_CONSUME_CHECK_CONSUMER) timestamp=4206 ms, used_size=15734784 bytes (38.4%)
(RDMA_READ_CONSUME_CHECK_CONSUMER) timestamp=4206 ms, used_size=15732736 bytes (38.4%)
(RDMA_READ_CONSUME_CHECK_CONSUMER) timestamp=4206 ms, used_size=15730688 bytes (38.4%)
(RDMA_READ_CONSUME_CHECK_CONSUMER) timestamp=4206 ms, used_size=15728640 bytes (38.4%)
(RDMA_READ_CONSUME_CHECK_CONSUMER) timestamp=4206 ms, used_size=15726592 bytes (38.4%)
(RDMA_READ_CONSUME_CHECK_CONSUMER) timestamp=4206 ms, used_size=15724544 bytes (38.4%)
(RDMA_READ_CONSUME_CHECK_CONSUMER) timestamp=4206 ms, used_size=15722496 bytes (38.4%)
(RDMA_READ_CONSUME_CHECK_CONSUMER) timestamp=4206 ms, used_size=15720448 bytes (38.4%)
(RDMA_READ_CONSUME_CHECK_CONSUMER) timestamp=4206 ms, used_size=15718400 bytes (38.4%)
(RDMA_READ_CONSUME_CHECK_CONSUMER) timestamp=4206 ms, used_size=15716352 bytes (38.4%)
(RDMA_READ_CONSUME_CHECK_CONSUMER) timestamp=4206 ms, used_size=15714304 bytes (38.4%)
(RDMA_READ_CONSUME_CHECK_CONSUMER) timestamp=4206 ms, used_size=15712256 bytes (38.4%)
(RDMA_READ_CONSUME_CHECK_CONSUMER) timestamp=4206 ms, used_size=15710208 bytes (38.4%)
(RDMA_READ_CONSUME_CHECK_CONSUMER) timestamp=4206 ms, used_size=15708160 bytes (38.4%)
(RDMA_READ_CONSUME_CHECK_CONSUMER) timestamp=4206 ms, used_size=15706112 bytes (38.3%)
(RDMA_READ_CONSUME_CHECK_CONSUMER) timestamp=4206 ms, used_size=15704064 bytes (38.3%)
(RDMA_READ_CONSUME_CHECK_CONSUMER) timestamp=4206 ms, used_size=15702016 bytes (38.3%)
(RDMA_READ_CONSUME_CHECK_CONSUMER) timestamp=4206 ms, used_size=15699968 bytes (38.3%)
(RDMA_READ_CONSUME_CHECK_CONSUMER) timestamp=4206 ms, used_size=15697920 bytes (38.3%)
(RDMA_READ_CONSUME_CHECK_CONSUMER) timestamp=4206 ms, used_size=15695872 bytes (38.3%)
(RDMA_READ_CONSUME_CHECK_CONSUMER) timestamp=4206 ms, used_size=15693824 bytes (38.3%)
(RDMA_READ_CONSUME_CHECK_CONSUMER) timestamp=4206 ms, used_size=15691776 bytes (38.3%)
(RDMA_READ_CONSUME_CHECK_CONSUMER) timestamp=4206 ms, used_size=15689728 bytes (38.3%)
(RDMA_READ_CONSUME_CHECK_CONSUMER) timestamp=4206 ms, used_size=15687680 bytes (38.3%)
(RDMA_READ_CONSUME_CHECK_CONSUMER) timestamp=4206 ms, used_size=15685632 bytes (38.3%)
(RDMA_READ_CONSUME_CHECK_CONSUMER) timestamp=4206 ms, used_size=15683584 bytes (38.3%)
(RDMA_READ_CONSUME_CHECK_CONSUMER) timestamp=4206 ms, used_size=15681536 bytes (38.3%)
(RDMA_READ_CONSUME_CHECK_CONSUMER) timestamp=4206 ms, used_size=15679488 bytes (38.3%)
(RDMA_READ_CONSUME_CHECK_CONSUMER) timestamp=4206 ms, used_size=15677440 bytes (38.3%)
(RDMA_READ_CONSUME_CHECK_CONSUMER) timestamp=4206 ms, used_size=15675392 bytes (38.3%)
(RDMA_READ_CONSUME_CHECK_CONSUMER) timestamp=4206 ms, used_size=15673344 bytes (38.3%)
(RDMA_READ_CONSUME_CHECK_CONSUMER) timestamp=4206 ms, used_size=15671296 bytes (38.3%)
(RDMA_READ_CONSUME_CHECK_CONSUMER) timestamp=4206 ms, used_size=15669248 bytes (38.3%)
(RDMA_READ_CONSUME_CHECK_CONSUMER) timestamp=4206 ms, used_size=15667200 bytes (38.2%)
(RDMA_READ_CONSUME_CHECK_CONSUMER) timestamp=4206 ms, used_size=15665152 bytes (38.2%)
(RDMA_READ_CONSUME_CHECK_CONSUMER) timestamp=4206 ms, used_size=15663104 bytes (38.2%)
(RDMA_READ_CONSUME_CHECK_CONSUMER) timestamp=4206 ms, used_size=15661056 bytes (38.2%)
(RDMA_READ_CONSUME_CHECK_CONSUMER) timestamp=4206 ms, used_size=15659008 bytes (38.2%)
(RDMA_READ_CONSUME_CHECK_CONSUMER) timestamp=4206 ms, used_size=15656960 bytes (38.2%)
(RDMA_READ_CONSUME_CHECK_CONSUMER) timestamp=4206 ms, used_size=15654912 bytes (38.2%)
(RDMA_READ_CONSUME_CHECK_CONSUMER) timestamp=4206 ms, used_size=15652864 bytes (38.2%)
(RDMA_READ_CONSUME_CHECK_CONSUMER) timestamp=4206 ms, used_size=15650816 bytes (38.2%)
(RDMA_READ_CONSUME_CHECK_CONSUMER) timestamp=4206 ms, used_size=15648768 bytes (38.2%)
(RDMA_READ_CONSUME_CHECK_CONSUMER) timestamp=4206 ms, used_size=15646720 bytes (38.2%)
(RDMA_READ_CONSUME_CHECK_CONSUMER) timestamp=4206 ms, used_size=15644672 bytes (38.2%)
(RDMA_READ_CONSUME_CHECK_CONSUMER) timestamp=4206 ms, used_size=15642624 bytes (38.2%)
(RDMA_READ_CONSUME_CHECK_CONSUMER) timestamp=4206 ms, used_size=15640576 bytes (38.2%)
(RDMA_READ_CONSUME_CHECK_CONSUMER) timestamp=4206 ms, used_size=15638528 bytes (38.2%)
(RDMA_READ_CONSUME_CHECK_CONSUMER) timestamp=4206 ms, used_size=15636480 bytes (38.2%)
(RDMA_READ_CONSUME_CHECK_CONSUMER) timestamp=4206 ms, used_size=15634432 bytes (38.2%)
(RDMA_READ_CONSUME_CHECK_CONSUMER) timestamp=4206 ms, used_size=15632384 bytes (38.2%)
(RDMA_READ_CONSUME_CHECK_CONSUMER) timestamp=4206 ms, used_size=15630336 bytes (38.2%)
(RDMA_READ_CONSUME_CHECK_CONSUMER) timestamp=4206 ms, used_size=15628288 bytes (38.2%)
(RDMA_READ_CONSUME_CHECK_CONSUMER) timestamp=4206 ms, used_size=15626240 bytes (38.1%)
(RDMA_READ_CONSUME_CHECK_CONSUMER) timestamp=4206 ms, used_size=15624192 bytes (38.1%)
(RDMA_READ_CONSUME_CHECK_CONSUMER) timestamp=4206 ms, used_size=15622144 bytes (38.1%)
(RDMA_READ_CONSUME_CHECK_CONSUMER) timestamp=4206 ms, used_size=15620096 bytes (38.1%)
(RDMA_READ_CONSUME_CHECK_CONSUMER) timestamp=4206 ms, used_size=15618048 bytes (38.1%)
(RDMA_READ_CONSUME_CHECK_CONSUMER) timestamp=4206 ms, used_size=15616000 bytes (38.1%)
(RDMA_READ_CONSUME_CHECK_CONSUMER) timestamp=4206 ms, used_size=15613952 bytes (38.1%)
(RDMA_READ_CONSUME_CHECK_CONSUMER) timestamp=4206 ms, used_size=15611904 bytes (38.1%)
(RDMA_READ_CONSUME_CHECK_CONSUMER) timestamp=4206 ms, used_size=15609856 bytes (38.1%)
(RDMA_READ_CONSUME_CHECK_CONSUMER) timestamp=4206 ms, used_size=15607808 bytes (38.1%)
(RDMA_READ_CONSUME_CHECK_CONSUMER) timestamp=4206 ms, used_size=15605760 bytes (38.1%)
(RDMA_READ_CONSUME_CHECK_CONSUMER) timestamp=4206 ms, used_size=15603712 bytes (38.1%)
(RDMA_READ_CONSUME_CHECK_CONSUMER) timestamp=4206 ms, used_size=15601664 bytes (38.1%)
(RDMA_READ_CONSUME_CHECK_CONSUMER) timestamp=4206 ms, used_size=15599616 bytes (38.1%)
(RDMA_READ_CONSUME_CHECK_CONSUMER) timestamp=4206 ms, used_size=15597568 bytes (38.1%)
(RDMA_READ_CONSUME_CHECK_CONSUMER) timestamp=4206 ms, used_size=15595520 bytes (38.1%)
(RDMA_READ_CONSUME_CHECK_CONSUMER) timestamp=4206 ms, used_size=15593472 bytes (38.1%)
(RDMA_READ_CONSUME_CHECK_CONSUMER) timestamp=4206 ms, used_size=15591424 bytes (38.1%)
(RDMA_READ_CONSUME_CHECK_CONSUMER) timestamp=4206 ms, used_size=15589376 bytes (38.1%)
(RDMA_READ_CONSUME_CHECK_CONSUMER) timestamp=4206 ms, used_size=15587328 bytes (38.1%)
(RDMA_READ_CONSUME_CHECK_CONSUMER) timestamp=4206 ms, used_size=15585280 bytes (38.0%)
(RDMA_READ_CONSUME_CHECK_CONSUMER) timestamp=4206 ms, used_size=15583232 bytes (38.0%)
(RDMA_READ_CONSUME_CHECK_CONSUMER) timestamp=4206 ms, used_size=15581184 bytes (38.0%)
(RDMA_READ_CONSUME_CHECK_CONSUMER) timestamp=4206 ms, used_size=15579136 bytes (38.0%)
(RDMA_READ_CONSUME_CHECK_CONSUMER) timestamp=4206 ms, used_size=15577088 bytes (38.0%)
(RDMA_READ_CONSUME_CHECK_CONSUMER) timestamp=4206 ms, used_size=15575040 bytes (38.0%)
(RDMA_READ_CONSUME_CHECK_CONSUMER) timestamp=4207 ms, used_size=15572992 bytes (38.0%)
(RDMA_READ_CONSUME_CHECK_CONSUMER) timestamp=4207 ms, used_size=15570944 bytes (38.0%)
(RDMA_READ_CONSUME_CHECK_CONSUMER) timestamp=4207 ms, used_size=15568896 bytes (38.0%)
(RDMA_READ_CONSUME_CHECK_CONSUMER) timestamp=4207 ms, used_size=15566848 bytes (38.0%)
(RDMA_READ_CONSUME_CHECK_CONSUMER) timestamp=4207 ms, used_size=15564800 bytes (38.0%)
(RDMA_READ_CONSUME_CHECK_CONSUMER) timestamp=4207 ms, used_size=15562752 bytes (38.0%)
(RDMA_READ_CONSUME_CHECK_CONSUMER) timestamp=4207 ms, used_size=15560704 bytes (38.0%)
(RDMA_READ_CONSUME_CHECK_CONSUMER) timestamp=4207 ms, used_size=15558656 bytes (38.0%)
(RDMA_READ_CONSUME_CHECK_CONSUMER) timestamp=4207 ms, used_size=15556608 bytes (38.0%)
(RDMA_READ_CONSUME_CHECK_CONSUMER) timestamp=4207 ms, used_size=15554560 bytes (38.0%)
(RDMA_READ_CONSUME_CHECK_CONSUMER) timestamp=4207 ms, used_size=15552512 bytes (38.0%)
(RDMA_READ_CONSUME_CHECK_CONSUMER) timestamp=4207 ms, used_size=15550464 bytes (38.0%)
(RDMA_READ_CONSUME_CHECK_CONSUMER) timestamp=4207 ms, used_size=15548416 bytes (38.0%)
(RDMA_READ_CONSUME_CHECK_CONSUMER) timestamp=4207 ms, used_size=15546368 bytes (38.0%)
(RDMA_READ_CONSUME_CHECK_CONSUMER) timestamp=4207 ms, used_size=15544320 bytes (38.0%)
(RDMA_READ_CONSUME_CHECK_CONSUMER) timestamp=4207 ms, used_size=15542272 bytes (37.9%)
(RDMA_READ_CONSUME_CHECK_CONSUMER) timestamp=4207 ms, used_size=15540224 bytes (37.9%)
(RDMA_READ_CONSUME_CHECK_CONSUMER) timestamp=4207 ms, used_size=15538176 bytes (37.9%)
(RDMA_READ_CONSUME_CHECK_CONSUMER) timestamp=4207 ms, used_size=15536128 bytes (37.9%)
(RDMA_READ_CONSUME_CHECK_CONSUMER) timestamp=4207 ms, used_size=15534080 bytes (37.9%)
(RDMA_READ_CONSUME_CHECK_CONSUMER) timestamp=4207 ms, used_size=15532032 bytes (37.9%)
(RDMA_READ_CONSUME_CHECK_CONSUMER) timestamp=4207 ms, used_size=15529984 bytes (37.9%)
(RDMA_READ_CONSUME_CHECK_CONSUMER) timestamp=4207 ms, used_size=15527936 bytes (37.9%)
(RDMA_READ_CONSUME_CHECK_CONSUMER) timestamp=4207 ms, used_size=15525888 bytes (37.9%)
(RDMA_READ_CONSUME_CHECK_CONSUMER) timestamp=4207 ms, used_size=15523840 bytes (37.9%)
(RDMA_READ_CONSUME_CHECK_CONSUMER) timestamp=4207 ms, used_size=15521792 bytes (37.9%)
(RDMA_READ_CONSUME_CHECK_CONSUMER) timestamp=4207 ms, used_size=15519744 bytes (37.9%)
(RDMA_READ_CONSUME_CHECK_CONSUMER) timestamp=4207 ms, used_size=15517696 bytes (37.9%)
(RDMA_READ_CONSUME_CHECK_CONSUMER) timestamp=4207 ms, used_size=15515648 bytes (37.9%)
(RDMA_READ_CONSUME_CHECK_CONSUMER) timestamp=4207 ms, used_size=15513600 bytes (37.9%)
(RDMA_READ_CONSUME_CHECK_CONSUMER) timestamp=4207 ms, used_size=15511552 bytes (37.9%)
(RDMA_READ_CONSUME_CHECK_CONSUMER) timestamp=4207 ms, used_size=15509504 bytes (37.9%)
(RDMA_READ_CONSUME_CHECK_CONSUMER) timestamp=4207 ms, used_size=15507456 bytes (37.9%)
(RDMA_READ_CONSUME_CHECK_CONSUMER) timestamp=4207 ms, used_size=15505408 bytes (37.9%)
(RDMA_READ_CONSUME_CHECK_CONSUMER) timestamp=4207 ms, used_size=15503360 bytes (37.9%)
(RDMA_READ_CONSUME_CHECK_CONSUMER) timestamp=4207 ms, used_size=15501312 bytes (37.8%)
(RDMA_READ_CONSUME_CHECK_CONSUMER) timestamp=4207 ms, used_size=15499264 bytes (37.8%)
(RDMA_READ_CONSUME_CHECK_CONSUMER) timestamp=4207 ms, used_size=15497216 bytes (37.8%)
(RDMA_READ_CONSUME_CHECK_CONSUMER) timestamp=4207 ms, used_size=15495168 bytes (37.8%)
(RDMA_READ_CONSUME_CHECK_CONSUMER) timestamp=4207 ms, used_size=15493120 bytes (37.8%)
(RDMA_READ_CONSUME_CHECK_CONSUMER) timestamp=4207 ms, used_size=15491072 bytes (37.8%)
(RDMA_READ_CONSUME_CHECK_CONSUMER) timestamp=4207 ms, used_size=15489024 bytes (37.8%)
(RDMA_READ_CONSUME_CHECK_CONSUMER) timestamp=4207 ms, used_size=15486976 bytes (37.8%)
(RDMA_READ_CONSUME_CHECK_CONSUMER) timestamp=4207 ms, used_size=15484928 bytes (37.8%)
(RDMA_READ_CONSUME_CHECK_CONSUMER) timestamp=4207 ms, used_size=15482880 bytes (37.8%)
(RDMA_READ_CONSUME_CHECK_CONSUMER) timestamp=4207 ms, used_size=15480832 bytes (37.8%)
(RDMA_READ_CONSUME_CHECK_CONSUMER) timestamp=4207 ms, used_size=15478784 bytes (37.8%)
(RDMA_READ_CONSUME_CHECK_CONSUMER) timestamp=4207 ms, used_size=15476736 bytes (37.8%)
(RDMA_READ_CONSUME_CHECK_CONSUMER) timestamp=4207 ms, used_size=15474688 bytes (37.8%)
(RDMA_READ_CONSUME_CHECK_CONSUMER) timestamp=4207 ms, used_size=15472640 bytes (37.8%)
(RDMA_READ_CONSUME_CHECK_CONSUMER) timestamp=4207 ms, used_size=15470592 bytes (37.8%)
(RDMA_READ_CONSUME_CHECK_CONSUMER) timestamp=4207 ms, used_size=15468544 bytes (37.8%)
(RDMA_READ_CONSUME_CHECK_CONSUMER) timestamp=4207 ms, used_size=15466496 bytes (37.8%)
(RDMA_READ_CONSUME_CHECK_CONSUMER) timestamp=4207 ms, used_size=15464448 bytes (37.8%)
(RDMA_READ_CONSUME_CHECK_CONSUMER) timestamp=4207 ms, used_size=15462400 bytes (37.8%)
(RDMA_READ_CONSUME_CHECK_CONSUMER) timestamp=4207 ms, used_size=15460352 bytes (37.7%)
(RDMA_READ_CONSUME_CHECK_CONSUMER) timestamp=4207 ms, used_size=15458304 bytes (37.7%)
(RDMA_READ_CONSUME_CHECK_CONSUMER) timestamp=4207 ms, used_size=15456256 bytes (37.7%)
(RDMA_READ_CONSUME_CHECK_CONSUMER) timestamp=4207 ms, used_size=15454208 bytes (37.7%)
(RDMA_READ_CONSUME_CHECK_CONSUMER) timestamp=4207 ms, used_size=15452160 bytes (37.7%)
(RDMA_READ_CONSUME_CHECK_CONSUMER) timestamp=4207 ms, used_size=15450112 bytes (37.7%)
(RDMA_READ_CONSUME_CHECK_CONSUMER) timestamp=4207 ms, used_size=15448064 bytes (37.7%)
(RDMA_READ_CONSUME_CHECK_CONSUMER) timestamp=4207 ms, used_size=15446016 bytes (37.7%)
(RDMA_READ_CONSUME_CHECK_CONSUMER) timestamp=4207 ms, used_size=15443968 bytes (37.7%)
(RDMA_READ_CONSUME_CHECK_CONSUMER) timestamp=4207 ms, used_size=15441920 bytes (37.7%)
(RDMA_READ_CONSUME_CHECK_CONSUMER) timestamp=4207 ms, used_size=15439872 bytes (37.7%)
(RDMA_READ_CONSUME_CHECK_CONSUMER) timestamp=4207 ms, used_size=15437824 bytes (37.7%)
(RDMA_READ_CONSUME_CHECK_CONSUMER) timestamp=4207 ms, used_size=15435776 bytes (37.7%)
(RDMA_READ_CONSUME_CHECK_CONSUMER) timestamp=4207 ms, used_size=15433728 bytes (37.7%)
(RDMA_READ_CONSUME_CHECK_CONSUMER) timestamp=4207 ms, used_size=15431680 bytes (37.7%)
(RDMA_READ_CONSUME_CHECK_CONSUMER) timestamp=4207 ms, used_size=15429632 bytes (37.7%)
(RDMA_READ_CONSUME_CHECK_CONSUMER) timestamp=4207 ms, used_size=15427584 bytes (37.7%)
(RDMA_READ_CONSUME_CHECK_CONSUMER) timestamp=4207 ms, used_size=15425536 bytes (37.7%)
(RDMA_READ_CONSUME_CHECK_CONSUMER) timestamp=4207 ms, used_size=15423488 bytes (37.7%)
(RDMA_READ_CONSUME_CHECK_CONSUMER) timestamp=4207 ms, used_size=15421440 bytes (37.6%)
(RDMA_READ_CONSUME_CHECK_CONSUMER) timestamp=4207 ms, used_size=15419392 bytes (37.6%)
(RDMA_READ_CONSUME_CHECK_CONSUMER) timestamp=4207 ms, used_size=15417344 bytes (37.6%)
(RDMA_READ_CONSUME_CHECK_CONSUMER) timestamp=4207 ms, used_size=15415296 bytes (37.6%)
(RDMA_READ_CONSUME_CHECK_CONSUMER) timestamp=4207 ms, used_size=15413248 bytes (37.6%)
(RDMA_READ_CONSUME_CHECK_CONSUMER) timestamp=4207 ms, used_size=15411200 bytes (37.6%)
(RDMA_READ_CONSUME_CHECK_CONSUMER) timestamp=4207 ms, used_size=15409152 bytes (37.6%)
(RDMA_READ_CONSUME_CHECK_CONSUMER) timestamp=4207 ms, used_size=15407104 bytes (37.6%)
(RDMA_READ_CONSUME_CHECK_CONSUMER) timestamp=4207 ms, used_size=15405056 bytes (37.6%)
(RDMA_READ_CONSUME_CHECK_CONSUMER) timestamp=4207 ms, used_size=15403008 bytes (37.6%)
(RDMA_READ_CONSUME_CHECK_CONSUMER) timestamp=4207 ms, used_size=15400960 bytes (37.6%)
(RDMA_READ_CONSUME_CHECK_CONSUMER) timestamp=4207 ms, used_size=15398912 bytes (37.6%)
(RDMA_READ_CONSUME_CHECK_CONSUMER) timestamp=4207 ms, used_size=15396864 bytes (37.6%)
(RDMA_READ_CONSUME_CHECK_CONSUMER) timestamp=4207 ms, used_size=15394816 bytes (37.6%)
(RDMA_READ_CONSUME_CHECK_CONSUMER) timestamp=4207 ms, used_size=15392768 bytes (37.6%)
(RDMA_READ_CONSUME_CHECK_CONSUMER) timestamp=4207 ms, used_size=15390720 bytes (37.6%)
(RDMA_READ_CONSUME_CHECK_CONSUMER) timestamp=4207 ms, used_size=15388672 bytes (37.6%)
(RDMA_READ_CONSUME_CHECK_CONSUMER) timestamp=4207 ms, used_size=15386624 bytes (37.6%)
(RDMA_READ_CONSUME_CHECK_CONSUMER) timestamp=4207 ms, used_size=15384576 bytes (37.6%)
(RDMA_READ_CONSUME_CHECK_CONSUMER) timestamp=4207 ms, used_size=15382528 bytes (37.6%)
(RDMA_READ_CONSUME_CHECK_CONSUMER) timestamp=4207 ms, used_size=15380480 bytes (37.5%)
(RDMA_READ_CONSUME_CHECK_CONSUMER) timestamp=4207 ms, used_size=15378432 bytes (37.5%)
(RDMA_READ_CONSUME_CHECK_CONSUMER) timestamp=4207 ms, used_size=15376384 bytes (37.5%)
(RDMA_READ_CONSUME_CHECK_CONSUMER) timestamp=4207 ms, used_size=15374336 bytes (37.5%)
(RDMA_READ_CONSUME_CHECK_CONSUMER) timestamp=4207 ms, used_size=15372288 bytes (37.5%)
(RDMA_READ_CONSUME_CHECK_CONSUMER) timestamp=4207 ms, used_size=15370240 bytes (37.5%)
(RDMA_READ_CONSUME_CHECK_CONSUMER) timestamp=4207 ms, used_size=15368192 bytes (37.5%)
(RDMA_READ_CONSUME_CHECK_CONSUMER) timestamp=4207 ms, used_size=15366144 bytes (37.5%)
(RDMA_READ_CONSUME_CHECK_CONSUMER) timestamp=4207 ms, used_size=15364096 bytes (37.5%)
(RDMA_READ_CONSUME_CHECK_CONSUMER) timestamp=4207 ms, used_size=15362048 bytes (37.5%)
(RDMA_READ_CONSUME_CHECK_CONSUMER) timestamp=4207 ms, used_size=15360000 bytes (37.5%)
(RDMA_READ_CONSUME_CHECK_CONSUMER) timestamp=4207 ms, used_size=15357952 bytes (37.5%)
(RDMA_READ_CONSUME_CHECK_CONSUMER) timestamp=4207 ms, used_size=15355904 bytes (37.5%)
(RDMA_READ_CONSUME_CHECK_CONSUMER) timestamp=4207 ms, used_size=15353856 bytes (37.5%)
(RDMA_READ_CONSUME_CHECK_CONSUMER) timestamp=4207 ms, used_size=15351808 bytes (37.5%)
(RDMA_READ_CONSUME_CHECK_CONSUMER) timestamp=4207 ms, used_size=15349760 bytes (37.5%)
(RDMA_READ_CONSUME_CHECK_CONSUMER) timestamp=4207 ms, used_size=15347712 bytes (37.5%)
(RDMA_READ_CONSUME_CHECK_CONSUMER) timestamp=4207 ms, used_size=15345664 bytes (37.5%)
(RDMA_READ_CONSUME_CHECK_CONSUMER) timestamp=4207 ms, used_size=15343616 bytes (37.5%)
(RDMA_READ_CONSUME_CHECK_CONSUMER) timestamp=4207 ms, used_size=15341568 bytes (37.5%)
(RDMA_READ_CONSUME_CHECK_CONSUMER) timestamp=4207 ms, used_size=15339520 bytes (37.5%)
(RDMA_READ_CONSUME_CHECK_CONSUMER) timestamp=4207 ms, used_size=15337472 bytes (37.4%)
(RDMA_READ_CONSUME_CHECK_CONSUMER) timestamp=4207 ms, used_size=15335424 bytes (37.4%)
(RDMA_READ_CONSUME_CHECK_CONSUMER) timestamp=4207 ms, used_size=15333376 bytes (37.4%)
(RDMA_READ_CONSUME_CHECK_CONSUMER) timestamp=4207 ms, used_size=15331328 bytes (37.4%)
(RDMA_READ_CONSUME_CHECK_CONSUMER) timestamp=4207 ms, used_size=15329280 bytes (37.4%)
(RDMA_READ_CONSUME_CHECK_CONSUMER) timestamp=4207 ms, used_size=15327232 bytes (37.4%)
(RDMA_READ_CONSUME_CHECK_CONSUMER) timestamp=4207 ms, used_size=15325184 bytes (37.4%)
(RDMA_READ_CONSUME_CHECK_CONSUMER) timestamp=4207 ms, used_size=15323136 bytes (37.4%)
(RDMA_READ_CONSUME_CHECK_CONSUMER) timestamp=4207 ms, used_size=15321088 bytes (37.4%)
(RDMA_READ_CONSUME_CHECK_CONSUMER) timestamp=4207 ms, used_size=15319040 bytes (37.4%)
(RDMA_READ_CONSUME_CHECK_CONSUMER) timestamp=4207 ms, used_size=15316992 bytes (37.4%)
(RDMA_READ_CONSUME_CHECK_CONSUMER) timestamp=4207 ms, used_size=15314944 bytes (37.4%)
(RDMA_READ_CONSUME_CHECK_CONSUMER) timestamp=4207 ms, used_size=15312896 bytes (37.4%)
(RDMA_READ_CONSUME_CHECK_CONSUMER) timestamp=4207 ms, used_size=15310848 bytes (37.4%)
(RDMA_READ_CONSUME_CHECK_CONSUMER) timestamp=4207 ms, used_size=15308800 bytes (37.4%)
(RDMA_READ_CONSUME_CHECK_CONSUMER) timestamp=4207 ms, used_size=15306752 bytes (37.4%)
(RDMA_READ_CONSUME_CHECK_CONSUMER) timestamp=4207 ms, used_size=15304704 bytes (37.4%)
(RDMA_READ_CONSUME_CHECK_CONSUMER) timestamp=4207 ms, used_size=15302656 bytes (37.4%)
(RDMA_READ_CONSUME_CHECK_CONSUMER) timestamp=4207 ms, used_size=15300608 bytes (37.4%)
(RDMA_READ_CONSUME_CHECK_CONSUMER) timestamp=4207 ms, used_size=15298560 bytes (37.4%)
(RDMA_READ_CONSUME_CHECK_CONSUMER) timestamp=4207 ms, used_size=15296512 bytes (37.3%)
(RDMA_READ_CONSUME_CHECK_CONSUMER) timestamp=4207 ms, used_size=15294464 bytes (37.3%)
(RDMA_READ_CONSUME_CHECK_CONSUMER) timestamp=4207 ms, used_size=15292416 bytes (37.3%)
(RDMA_READ_CONSUME_CHECK_CONSUMER) timestamp=4207 ms, used_size=15290368 bytes (37.3%)
(RDMA_READ_CONSUME_CHECK_CONSUMER) timestamp=4207 ms, used_size=15288320 bytes (37.3%)
(RDMA_READ_CONSUME_CHECK_CONSUMER) timestamp=4207 ms, used_size=15286272 bytes (37.3%)
(RDMA_READ_CONSUME_CHECK_CONSUMER) timestamp=4207 ms, used_size=15284224 bytes (37.3%)
(RDMA_READ_CONSUME_CHECK_CONSUMER) timestamp=4207 ms, used_size=15282176 bytes (37.3%)
(RDMA_READ_CONSUME_CHECK_CONSUMER) timestamp=4207 ms, used_size=15280128 bytes (37.3%)
(RDMA_READ_CONSUME_CHECK_CONSUMER) timestamp=4207 ms, used_size=15278080 bytes (37.3%)
(RDMA_READ_CONSUME_CHECK_CONSUMER) timestamp=4207 ms, used_size=15276032 bytes (37.3%)
(RDMA_READ_CONSUME_CHECK_CONSUMER) timestamp=4207 ms, used_size=15273984 bytes (37.3%)
(RDMA_READ_CONSUME_CHECK_CONSUMER) timestamp=4207 ms, used_size=15271936 bytes (37.3%)
(RDMA_READ_CONSUME_CHECK_CONSUMER) timestamp=4207 ms, used_size=15269888 bytes (37.3%)
(RDMA_READ_CONSUME_CHECK_CONSUMER) timestamp=4207 ms, used_size=15267840 bytes (37.3%)
(RDMA_READ_CONSUME_CHECK_CONSUMER) timestamp=4207 ms, used_size=15265792 bytes (37.3%)
(RDMA_READ_CONSUME_CHECK_CONSUMER) timestamp=4207 ms, used_size=15263744 bytes (37.3%)
(RDMA_READ_CONSUME_CHECK_CONSUMER) timestamp=4207 ms, used_size=15261696 bytes (37.3%)
(RDMA_READ_CONSUME_CHECK_CONSUMER) timestamp=4207 ms, used_size=15259648 bytes (37.3%)
(RDMA_READ_CONSUME_CHECK_CONSUMER) timestamp=4207 ms, used_size=15257600 bytes (37.2%)
(RDMA_READ_CONSUME_CHECK_CONSUMER) timestamp=4207 ms, used_size=15255552 bytes (37.2%)
(RDMA_READ_CONSUME_CHECK_CONSUMER) timestamp=4207 ms, used_size=15253504 bytes (37.2%)
(RDMA_READ_CONSUME_CHECK_CONSUMER) timestamp=4207 ms, used_size=15251456 bytes (37.2%)
(RDMA_READ_CONSUME_CHECK_CONSUMER) timestamp=4207 ms, used_size=15249408 bytes (37.2%)
(RDMA_READ_CONSUME_CHECK_CONSUMER) timestamp=4207 ms, used_size=15247360 bytes (37.2%)
(RDMA_READ_CONSUME_CHECK_CONSUMER) timestamp=4207 ms, used_size=15245312 bytes (37.2%)
(RDMA_READ_CONSUME_CHECK_CONSUMER) timestamp=4207 ms, used_size=15243264 bytes (37.2%)
(RDMA_READ_CONSUME_CHECK_CONSUMER) timestamp=4207 ms, used_size=15241216 bytes (37.2%)
(RDMA_READ_CONSUME_CHECK_CONSUMER) timestamp=4207 ms, used_size=15239168 bytes (37.2%)
(RDMA_READ_CONSUME_CHECK_CONSUMER) timestamp=4207 ms, used_size=15237120 bytes (37.2%)
(RDMA_READ_CONSUME_CHECK_CONSUMER) timestamp=4207 ms, used_size=15235072 bytes (37.2%)
(RDMA_READ_CONSUME_CHECK_CONSUMER) timestamp=4207 ms, used_size=15233024 bytes (37.2%)
(RDMA_READ_CONSUME_CHECK_CONSUMER) timestamp=4207 ms, used_size=15230976 bytes (37.2%)
(RDMA_READ_CONSUME_CHECK_CONSUMER) timestamp=4207 ms, used_size=15228928 bytes (37.2%)
(RDMA_READ_CONSUME_CHECK_CONSUMER) timestamp=4207 ms, used_size=15226880 bytes (37.2%)
(RDMA_READ_CONSUME_CHECK_CONSUMER) timestamp=4207 ms, used_size=15224832 bytes (37.2%)
(RDMA_READ_CONSUME_CHECK_CONSUMER) timestamp=4207 ms, used_size=15222784 bytes (37.2%)
(RDMA_READ_CONSUME_CHECK_CONSUMER) timestamp=4207 ms, used_size=15220736 bytes (37.2%)
(RDMA_READ_CONSUME_CHECK_CONSUMER) timestamp=4207 ms, used_size=15218688 bytes (37.2%)
(RDMA_READ_CONSUME_CHECK_CONSUMER) timestamp=4207 ms, used_size=15216640 bytes (37.1%)
(RDMA_READ_CONSUME_CHECK_CONSUMER) timestamp=4207 ms, used_size=15214592 bytes (37.1%)
(RDMA_READ_CONSUME_CHECK_CONSUMER) timestamp=4207 ms, used_size=15212544 bytes (37.1%)
(RDMA_READ_CONSUME_CHECK_CONSUMER) timestamp=4207 ms, used_size=15210496 bytes (37.1%)
(RDMA_READ_CONSUME_CHECK_CONSUMER) timestamp=4207 ms, used_size=15208448 bytes (37.1%)
(RDMA_READ_CONSUME_CHECK_CONSUMER) timestamp=4207 ms, used_size=15206400 bytes (37.1%)
(RDMA_READ_CONSUME_CHECK_CONSUMER) timestamp=4207 ms, used_size=15204352 bytes (37.1%)
(RDMA_READ_CONSUME_CHECK_CONSUMER) timestamp=4207 ms, used_size=15202304 bytes (37.1%)
(RDMA_READ_CONSUME_CHECK_CONSUMER) timestamp=4207 ms, used_size=15200256 bytes (37.1%)
(RDMA_READ_CONSUME_CHECK_CONSUMER) timestamp=4207 ms, used_size=15198208 bytes (37.1%)
(RDMA_READ_CONSUME_CHECK_CONSUMER) timestamp=4208 ms, used_size=15196160 bytes (37.1%)
(RDMA_READ_CONSUME_CHECK_CONSUMER) timestamp=4208 ms, used_size=15194112 bytes (37.1%)
(RDMA_READ_CONSUME_CHECK_CONSUMER) timestamp=4208 ms, used_size=15192064 bytes (37.1%)
(RDMA_READ_CONSUME_CHECK_CONSUMER) timestamp=4208 ms, used_size=15190016 bytes (37.1%)
(RDMA_READ_CONSUME_CHECK_CONSUMER) timestamp=4208 ms, used_size=15187968 bytes (37.1%)
(RDMA_READ_CONSUME_CHECK_CONSUMER) timestamp=4208 ms, used_size=15185920 bytes (37.1%)
(RDMA_READ_CONSUME_CHECK_CONSUMER) timestamp=4208 ms, used_size=15183872 bytes (37.1%)
(RDMA_READ_CONSUME_CHECK_CONSUMER) timestamp=4208 ms, used_size=15181824 bytes (37.1%)
(RDMA_READ_CONSUME_CHECK_CONSUMER) timestamp=4208 ms, used_size=15179776 bytes (37.1%)
(RDMA_READ_CONSUME_CHECK_CONSUMER) timestamp=4208 ms, used_size=15177728 bytes (37.1%)
(RDMA_READ_CONSUME_CHECK_CONSUMER) timestamp=4208 ms, used_size=15175680 bytes (37.0%)
(RDMA_READ_CONSUME_CHECK_CONSUMER) timestamp=4208 ms, used_size=15173632 bytes (37.0%)
(RDMA_READ_CONSUME_CHECK_CONSUMER) timestamp=4208 ms, used_size=15171584 bytes (37.0%)
(RDMA_READ_CONSUME_CHECK_CONSUMER) timestamp=4208 ms, used_size=15169536 bytes (37.0%)
(RDMA_READ_CONSUME_CHECK_CONSUMER) timestamp=4208 ms, used_size=15167488 bytes (37.0%)
(RDMA_READ_CONSUME_CHECK_CONSUMER) timestamp=4208 ms, used_size=15165440 bytes (37.0%)
(RDMA_READ_CONSUME_CHECK_CONSUMER) timestamp=4208 ms, used_size=15163392 bytes (37.0%)
(RDMA_READ_CONSUME_CHECK_CONSUMER) timestamp=4208 ms, used_size=15161344 bytes (37.0%)
(RDMA_READ_CONSUME_CHECK_CONSUMER) timestamp=4208 ms, used_size=15159296 bytes (37.0%)
(RDMA_READ_CONSUME_CHECK_CONSUMER) timestamp=4208 ms, used_size=15157248 bytes (37.0%)
(RDMA_READ_CONSUME_CHECK_CONSUMER) timestamp=4208 ms, used_size=15155200 bytes (37.0%)
(RDMA_READ_CONSUME_CHECK_CONSUMER) timestamp=4208 ms, used_size=15153152 bytes (37.0%)
(RDMA_READ_CONSUME_CHECK_CONSUMER) timestamp=4208 ms, used_size=15151104 bytes (37.0%)
(RDMA_READ_CONSUME_CHECK_CONSUMER) timestamp=4208 ms, used_size=15149056 bytes (37.0%)
(RDMA_READ_CONSUME_CHECK_CONSUMER) timestamp=4208 ms, used_size=15147008 bytes (37.0%)
(RDMA_READ_CONSUME_CHECK_CONSUMER) timestamp=4208 ms, used_size=15144960 bytes (37.0%)
(RDMA_READ_CONSUME_CHECK_CONSUMER) timestamp=4208 ms, used_size=15142912 bytes (37.0%)
(RDMA_READ_CONSUME_CHECK_CONSUMER) timestamp=4208 ms, used_size=15140864 bytes (37.0%)
(RDMA_READ_CONSUME_CHECK_CONSUMER) timestamp=4208 ms, used_size=15138816 bytes (37.0%)
(RDMA_READ_CONSUME_CHECK_CONSUMER) timestamp=4208 ms, used_size=15136768 bytes (37.0%)
(RDMA_READ_CONSUME_CHECK_CONSUMER) timestamp=4208 ms, used_size=15134720 bytes (37.0%)
(RDMA_READ_CONSUME_CHECK_CONSUMER) timestamp=4208 ms, used_size=15132672 bytes (36.9%)
(RDMA_READ_CONSUME_CHECK_CONSUMER) timestamp=4208 ms, used_size=15130624 bytes (36.9%)
(RDMA_READ_CONSUME_CHECK_CONSUMER) timestamp=4208 ms, used_size=15128576 bytes (36.9%)
(RDMA_READ_CONSUME_CHECK_CONSUMER) timestamp=4208 ms, used_size=15126528 bytes (36.9%)
(RDMA_READ_CONSUME_CHECK_CONSUMER) timestamp=4208 ms, used_size=15124480 bytes (36.9%)
(RDMA_READ_CONSUME_CHECK_CONSUMER) timestamp=4208 ms, used_size=15122432 bytes (36.9%)
(RDMA_READ_CONSUME_CHECK_CONSUMER) timestamp=4208 ms, used_size=15120384 bytes (36.9%)
(RDMA_READ_CONSUME_CHECK_CONSUMER) timestamp=4208 ms, used_size=15118336 bytes (36.9%)
(RDMA_READ_CONSUME_CHECK_CONSUMER) timestamp=4208 ms, used_size=15116288 bytes (36.9%)
(RDMA_READ_CONSUME_CHECK_CONSUMER) timestamp=4208 ms, used_size=15114240 bytes (36.9%)
(RDMA_READ_CONSUME_CHECK_CONSUMER) timestamp=4208 ms, used_size=15112192 bytes (36.9%)
(RDMA_READ_CONSUME_CHECK_CONSUMER) timestamp=4208 ms, used_size=15110144 bytes (36.9%)
(RDMA_READ_CONSUME_CHECK_CONSUMER) timestamp=4208 ms, used_size=15108096 bytes (36.9%)
(RDMA_READ_CONSUME_CHECK_CONSUMER) timestamp=4208 ms, used_size=15106048 bytes (36.9%)
(RDMA_READ_CONSUME_CHECK_CONSUMER) timestamp=4208 ms, used_size=15104000 bytes (36.9%)
(RDMA_READ_CONSUME_CHECK_CONSUMER) timestamp=4208 ms, used_size=15101952 bytes (36.9%)
(RDMA_READ_CONSUME_CHECK_CONSUMER) timestamp=4208 ms, used_size=15099904 bytes (36.9%)
(RDMA_READ_CONSUME_CHECK_CONSUMER) timestamp=4208 ms, used_size=15097856 bytes (36.9%)
(RDMA_READ_CONSUME_CHECK_CONSUMER) timestamp=4208 ms, used_size=15095808 bytes (36.9%)
(RDMA_READ_CONSUME_CHECK_CONSUMER) timestamp=4208 ms, used_size=15093760 bytes (36.9%)
(RDMA_READ_CONSUME_CHECK_CONSUMER) timestamp=4208 ms, used_size=15091712 bytes (36.8%)
(RDMA_READ_CONSUME_CHECK_CONSUMER) timestamp=4208 ms, used_size=15089664 bytes (36.8%)
(RDMA_READ_CONSUME_CHECK_CONSUMER) timestamp=4208 ms, used_size=15087616 bytes (36.8%)
(RDMA_READ_CONSUME_CHECK_CONSUMER) timestamp=4208 ms, used_size=15085568 bytes (36.8%)
(RDMA_READ_CONSUME_CHECK_CONSUMER) timestamp=4208 ms, used_size=15083520 bytes (36.8%)
(RDMA_READ_CONSUME_CHECK_CONSUMER) timestamp=4208 ms, used_size=15081472 bytes (36.8%)
(RDMA_READ_CONSUME_CHECK_CONSUMER) timestamp=4208 ms, used_size=15079424 bytes (36.8%)
(RDMA_READ_CONSUME_CHECK_CONSUMER) timestamp=4208 ms, used_size=15077376 bytes (36.8%)
(RDMA_READ_CONSUME_CHECK_CONSUMER) timestamp=4208 ms, used_size=15075328 bytes (36.8%)
(RDMA_READ_CONSUME_CHECK_CONSUMER) timestamp=4208 ms, used_size=15073280 bytes (36.8%)
(RDMA_READ_CONSUME_CHECK_CONSUMER) timestamp=4208 ms, used_size=15071232 bytes (36.8%)
(RDMA_READ_CONSUME_CHECK_CONSUMER) timestamp=4208 ms, used_size=15069184 bytes (36.8%)
(RDMA_READ_CONSUME_CHECK_CONSUMER) timestamp=4208 ms, used_size=15067136 bytes (36.8%)
(RDMA_READ_CONSUME_CHECK_CONSUMER) timestamp=4208 ms, used_size=15065088 bytes (36.8%)
(RDMA_READ_CONSUME_CHECK_CONSUMER) timestamp=4208 ms, used_size=15063040 bytes (36.8%)
(RDMA_READ_CONSUME_CHECK_CONSUMER) timestamp=4208 ms, used_size=15060992 bytes (36.8%)
(RDMA_READ_CONSUME_CHECK_CONSUMER) timestamp=4208 ms, used_size=15058944 bytes (36.8%)
(RDMA_READ_CONSUME_CHECK_CONSUMER) timestamp=4208 ms, used_size=15056896 bytes (36.8%)
(RDMA_READ_CONSUME_CHECK_CONSUMER) timestamp=4208 ms, used_size=15054848 bytes (36.8%)
(RDMA_READ_CONSUME_CHECK_CONSUMER) timestamp=4208 ms, used_size=15052800 bytes (36.8%)
(RDMA_READ_CONSUME_CHECK_CONSUMER) timestamp=4208 ms, used_size=15050752 bytes (36.7%)
(RDMA_READ_CONSUME_CHECK_CONSUMER) timestamp=4208 ms, used_size=15048704 bytes (36.7%)
(RDMA_READ_CONSUME_CHECK_CONSUMER) timestamp=4208 ms, used_size=15046656 bytes (36.7%)
(RDMA_READ_CONSUME_CHECK_CONSUMER) timestamp=4208 ms, used_size=15044608 bytes (36.7%)
(RDMA_READ_CONSUME_CHECK_CONSUMER) timestamp=4208 ms, used_size=15042560 bytes (36.7%)
(RDMA_READ_CONSUME_CHECK_CONSUMER) timestamp=4208 ms, used_size=15040512 bytes (36.7%)
(RDMA_READ_CONSUME_CHECK_CONSUMER) timestamp=4208 ms, used_size=15038464 bytes (36.7%)
(RDMA_READ_CONSUME_CHECK_CONSUMER) timestamp=4208 ms, used_size=15036416 bytes (36.7%)
(RDMA_READ_CONSUME_CHECK_CONSUMER) timestamp=4208 ms, used_size=15034368 bytes (36.7%)
(RDMA_READ_CONSUME_CHECK_CONSUMER) timestamp=4208 ms, used_size=15032320 bytes (36.7%)
(RDMA_READ_CONSUME_CHECK_CONSUMER) timestamp=4208 ms, used_size=15030272 bytes (36.7%)
(RDMA_READ_CONSUME_CHECK_CONSUMER) timestamp=4208 ms, used_size=15028224 bytes (36.7%)
(RDMA_READ_CONSUME_CHECK_CONSUMER) timestamp=4208 ms, used_size=15026176 bytes (36.7%)
(RDMA_READ_CONSUME_CHECK_CONSUMER) timestamp=4208 ms, used_size=15024128 bytes (36.7%)
(RDMA_READ_CONSUME_CHECK_CONSUMER) timestamp=4208 ms, used_size=15022080 bytes (36.7%)
(RDMA_READ_CONSUME_CHECK_CONSUMER) timestamp=4208 ms, used_size=15020032 bytes (36.7%)
(RDMA_READ_CONSUME_CHECK_CONSUMER) timestamp=4208 ms, used_size=15017984 bytes (36.7%)
(RDMA_READ_CONSUME_CHECK_CONSUMER) timestamp=4208 ms, used_size=15015936 bytes (36.7%)
(RDMA_READ_CONSUME_CHECK_CONSUMER) timestamp=4208 ms, used_size=15013888 bytes (36.7%)
(RDMA_READ_CONSUME_CHECK_CONSUMER) timestamp=4208 ms, used_size=15011840 bytes (36.6%)
(RDMA_READ_CONSUME_CHECK_CONSUMER) timestamp=4208 ms, used_size=15009792 bytes (36.6%)
(RDMA_READ_CONSUME_CHECK_CONSUMER) timestamp=4208 ms, used_size=15007744 bytes (36.6%)
(RDMA_READ_CONSUME_CHECK_CONSUMER) timestamp=4208 ms, used_size=15005696 bytes (36.6%)
(RDMA_READ_CONSUME_CHECK_CONSUMER) timestamp=4208 ms, used_size=15003648 bytes (36.6%)
(RDMA_READ_CONSUME_CHECK_CONSUMER) timestamp=4208 ms, used_size=15001600 bytes (36.6%)
(RDMA_READ_CONSUME_CHECK_CONSUMER) timestamp=4208 ms, used_size=14999552 bytes (36.6%)
(RDMA_READ_CONSUME_CHECK_CONSUMER) timestamp=4208 ms, used_size=14997504 bytes (36.6%)
(RDMA_READ_CONSUME_CHECK_CONSUMER) timestamp=4208 ms, used_size=14995456 bytes (36.6%)
(RDMA_READ_CONSUME_CHECK_CONSUMER) timestamp=4208 ms, used_size=14993408 bytes (36.6%)
(RDMA_READ_CONSUME_CHECK_CONSUMER) timestamp=4208 ms, used_size=14991360 bytes (36.6%)
(RDMA_READ_CONSUME_CHECK_CONSUMER) timestamp=4208 ms, used_size=14989312 bytes (36.6%)
(RDMA_READ_CONSUME_CHECK_CONSUMER) timestamp=4208 ms, used_size=14987264 bytes (36.6%)
(RDMA_READ_CONSUME_CHECK_CONSUMER) timestamp=4208 ms, used_size=14985216 bytes (36.6%)
(RDMA_READ_CONSUME_CHECK_CONSUMER) timestamp=4208 ms, used_size=14983168 bytes (36.6%)
(RDMA_READ_CONSUME_CHECK_CONSUMER) timestamp=4208 ms, used_size=14981120 bytes (36.6%)
(RDMA_READ_CONSUME_CHECK_CONSUMER) timestamp=4208 ms, used_size=14979072 bytes (36.6%)
(RDMA_READ_CONSUME_CHECK_CONSUMER) timestamp=4208 ms, used_size=14977024 bytes (36.6%)
(RDMA_READ_CONSUME_CHECK_CONSUMER) timestamp=4208 ms, used_size=14974976 bytes (36.6%)
(RDMA_READ_CONSUME_CHECK_CONSUMER) timestamp=4208 ms, used_size=14972928 bytes (36.6%)
(RDMA_READ_CONSUME_CHECK_CONSUMER) timestamp=4208 ms, used_size=14970880 bytes (36.5%)
(RDMA_READ_CONSUME_CHECK_CONSUMER) timestamp=4208 ms, used_size=14968832 bytes (36.5%)
(RDMA_READ_CONSUME_CHECK_CONSUMER) timestamp=4208 ms, used_size=14966784 bytes (36.5%)
(RDMA_READ_CONSUME_CHECK_CONSUMER) timestamp=4208 ms, used_size=14964736 bytes (36.5%)
(RDMA_READ_CONSUME_CHECK_CONSUMER) timestamp=4208 ms, used_size=14962688 bytes (36.5%)
(RDMA_READ_CONSUME_CHECK_CONSUMER) timestamp=4208 ms, used_size=14960640 bytes (36.5%)
(RDMA_READ_CONSUME_CHECK_CONSUMER) timestamp=4208 ms, used_size=14958592 bytes (36.5%)
(RDMA_READ_CONSUME_CHECK_CONSUMER) timestamp=4208 ms, used_size=14956544 bytes (36.5%)
(RDMA_READ_CONSUME_CHECK_CONSUMER) timestamp=4208 ms, used_size=14954496 bytes (36.5%)
(RDMA_READ_CONSUME_CHECK_CONSUMER) timestamp=4208 ms, used_size=14952448 bytes (36.5%)
(RDMA_READ_CONSUME_CHECK_CONSUMER) timestamp=4208 ms, used_size=14950400 bytes (36.5%)
(RDMA_READ_CONSUME_CHECK_CONSUMER) timestamp=4208 ms, used_size=14948352 bytes (36.5%)
(RDMA_READ_CONSUME_CHECK_CONSUMER) timestamp=4208 ms, used_size=14946304 bytes (36.5%)
(RDMA_READ_CONSUME_CHECK_CONSUMER) timestamp=4208 ms, used_size=14944256 bytes (36.5%)
(RDMA_READ_CONSUME_CHECK_CONSUMER) timestamp=4208 ms, used_size=14942208 bytes (36.5%)
(RDMA_READ_CONSUME_CHECK_CONSUMER) timestamp=4208 ms, used_size=14940160 bytes (36.5%)
(RDMA_READ_CONSUME_CHECK_CONSUMER) timestamp=4208 ms, used_size=14938112 bytes (36.5%)
(RDMA_READ_CONSUME_CHECK_CONSUMER) timestamp=4208 ms, used_size=14936064 bytes (36.5%)
(RDMA_READ_CONSUME_CHECK_CONSUMER) timestamp=4208 ms, used_size=14934016 bytes (36.5%)
(RDMA_READ_CONSUME_CHECK_CONSUMER) timestamp=4208 ms, used_size=14931968 bytes (36.5%)
(RDMA_READ_CONSUME_CHECK_CONSUMER) timestamp=4208 ms, used_size=14929920 bytes (36.5%)
(RDMA_READ_CONSUME_CHECK_CONSUMER) timestamp=4208 ms, used_size=14927872 bytes (36.4%)
(RDMA_READ_CONSUME_CHECK_CONSUMER) timestamp=4208 ms, used_size=14925824 bytes (36.4%)
(RDMA_READ_CONSUME_CHECK_CONSUMER) timestamp=4208 ms, used_size=14923776 bytes (36.4%)
(RDMA_READ_CONSUME_CHECK_CONSUMER) timestamp=4208 ms, used_size=14921728 bytes (36.4%)
(RDMA_READ_CONSUME_CHECK_CONSUMER) timestamp=4208 ms, used_size=14919680 bytes (36.4%)
(RDMA_READ_CONSUME_CHECK_CONSUMER) timestamp=4208 ms, used_size=14917632 bytes (36.4%)
(RDMA_READ_CONSUME_CHECK_CONSUMER) timestamp=4208 ms, used_size=14915584 bytes (36.4%)
(RDMA_READ_CONSUME_CHECK_CONSUMER) timestamp=4208 ms, used_size=14913536 bytes (36.4%)
(RDMA_READ_CONSUME_CHECK_CONSUMER) timestamp=4208 ms, used_size=14911488 bytes (36.4%)
(RDMA_READ_CONSUME_CHECK_CONSUMER) timestamp=4208 ms, used_size=14909440 bytes (36.4%)
(RDMA_READ_CONSUME_CHECK_CONSUMER) timestamp=4208 ms, used_size=14907392 bytes (36.4%)
(RDMA_READ_CONSUME_CHECK_CONSUMER) timestamp=4208 ms, used_size=14905344 bytes (36.4%)
(RDMA_READ_CONSUME_CHECK_CONSUMER) timestamp=4208 ms, used_size=14903296 bytes (36.4%)
(RDMA_READ_CONSUME_CHECK_CONSUMER) timestamp=4208 ms, used_size=14901248 bytes (36.4%)
(RDMA_READ_CONSUME_CHECK_CONSUMER) timestamp=4208 ms, used_size=14899200 bytes (36.4%)
(RDMA_READ_CONSUME_CHECK_CONSUMER) timestamp=4208 ms, used_size=14897152 bytes (36.4%)
(RDMA_READ_CONSUME_CHECK_CONSUMER) timestamp=4208 ms, used_size=14895104 bytes (36.4%)
(RDMA_READ_CONSUME_CHECK_CONSUMER) timestamp=4208 ms, used_size=14893056 bytes (36.4%)
(RDMA_READ_CONSUME_CHECK_CONSUMER) timestamp=4208 ms, used_size=14891008 bytes (36.4%)
(RDMA_READ_CONSUME_CHECK_CONSUMER) timestamp=4208 ms, used_size=14888960 bytes (36.4%)
(RDMA_READ_CONSUME_CHECK_CONSUMER) timestamp=4208 ms, used_size=14886912 bytes (36.3%)
(RDMA_READ_CONSUME_CHECK_CONSUMER) timestamp=4208 ms, used_size=14884864 bytes (36.3%)
(RDMA_READ_CONSUME_CHECK_CONSUMER) timestamp=4208 ms, used_size=14882816 bytes (36.3%)
(RDMA_READ_CONSUME_CHECK_CONSUMER) timestamp=4208 ms, used_size=14880768 bytes (36.3%)
(RDMA_READ_CONSUME_CHECK_CONSUMER) timestamp=4208 ms, used_size=14878720 bytes (36.3%)
(RDMA_READ_CONSUME_CHECK_CONSUMER) timestamp=4208 ms, used_size=14876672 bytes (36.3%)
(RDMA_READ_CONSUME_CHECK_CONSUMER) timestamp=4208 ms, used_size=14874624 bytes (36.3%)
(RDMA_READ_CONSUME_CHECK_CONSUMER) timestamp=4208 ms, used_size=14872576 bytes (36.3%)
(RDMA_READ_CONSUME_CHECK_CONSUMER) timestamp=4208 ms, used_size=14870528 bytes (36.3%)
(RDMA_READ_CONSUME_CHECK_CONSUMER) timestamp=4208 ms, used_size=14868480 bytes (36.3%)
(RDMA_READ_CONSUME_CHECK_CONSUMER) timestamp=4208 ms, used_size=14866432 bytes (36.3%)
(RDMA_READ_CONSUME_CHECK_CONSUMER) timestamp=4208 ms, used_size=14864384 bytes (36.3%)
(RDMA_READ_CONSUME_CHECK_CONSUMER) timestamp=4208 ms, used_size=14862336 bytes (36.3%)
(RDMA_READ_CONSUME_CHECK_CONSUMER) timestamp=4208 ms, used_size=14860288 bytes (36.3%)
(RDMA_READ_CONSUME_CHECK_CONSUMER) timestamp=4208 ms, used_size=14858240 bytes (36.3%)
(RDMA_READ_CONSUME_CHECK_CONSUMER) timestamp=4208 ms, used_size=14856192 bytes (36.3%)
(RDMA_READ_CONSUME_CHECK_CONSUMER) timestamp=4208 ms, used_size=14854144 bytes (36.3%)
(RDMA_READ_CONSUME_CHECK_CONSUMER) timestamp=4208 ms, used_size=14852096 bytes (36.3%)
(RDMA_READ_CONSUME_CHECK_CONSUMER) timestamp=4208 ms, used_size=14850048 bytes (36.3%)
(RDMA_READ_CONSUME_CHECK_CONSUMER) timestamp=4208 ms, used_size=14848000 bytes (36.2%)
(RDMA_READ_CONSUME_CHECK_CONSUMER) timestamp=4208 ms, used_size=14845952 bytes (36.2%)
(RDMA_READ_CONSUME_CHECK_CONSUMER) timestamp=4208 ms, used_size=14843904 bytes (36.2%)
(RDMA_READ_CONSUME_CHECK_CONSUMER) timestamp=4208 ms, used_size=14841856 bytes (36.2%)
(RDMA_READ_CONSUME_CHECK_CONSUMER) timestamp=4208 ms, used_size=14839808 bytes (36.2%)
(RDMA_READ_CONSUME_CHECK_CONSUMER) timestamp=4208 ms, used_size=14837760 bytes (36.2%)
(RDMA_READ_CONSUME_CHECK_CONSUMER) timestamp=4208 ms, used_size=14835712 bytes (36.2%)
(RDMA_READ_CONSUME_CHECK_CONSUMER) timestamp=4208 ms, used_size=14833664 bytes (36.2%)
(RDMA_READ_CONSUME_CHECK_CONSUMER) timestamp=4208 ms, used_size=14831616 bytes (36.2%)
(RDMA_READ_CONSUME_CHECK_CONSUMER) timestamp=4208 ms, used_size=14829568 bytes (36.2%)
(RDMA_READ_CONSUME_CHECK_CONSUMER) timestamp=4208 ms, used_size=14827520 bytes (36.2%)
(RDMA_READ_CONSUME_CHECK_CONSUMER) timestamp=4208 ms, used_size=14825472 bytes (36.2%)
(RDMA_READ_CONSUME_CHECK_CONSUMER) timestamp=4209 ms, used_size=14823424 bytes (36.2%)
(RDMA_READ_CONSUME_CHECK_CONSUMER) timestamp=4209 ms, used_size=14821376 bytes (36.2%)
(RDMA_READ_CONSUME_CHECK_CONSUMER) timestamp=4209 ms, used_size=14819328 bytes (36.2%)
(RDMA_READ_CONSUME_CHECK_CONSUMER) timestamp=4209 ms, used_size=14817280 bytes (36.2%)
(RDMA_READ_CONSUME_CHECK_CONSUMER) timestamp=4209 ms, used_size=14815232 bytes (36.2%)
(RDMA_READ_CONSUME_CHECK_CONSUMER) timestamp=4209 ms, used_size=14813184 bytes (36.2%)
(RDMA_READ_CONSUME_CHECK_CONSUMER) timestamp=4209 ms, used_size=14811136 bytes (36.2%)
(RDMA_READ_CONSUME_CHECK_CONSUMER) timestamp=4209 ms, used_size=14809088 bytes (36.2%)
(RDMA_READ_CONSUME_CHECK_CONSUMER) timestamp=4209 ms, used_size=14807040 bytes (36.1%)
(RDMA_READ_CONSUME_CHECK_CONSUMER) timestamp=4209 ms, used_size=14804992 bytes (36.1%)
(RDMA_READ_CONSUME_CHECK_CONSUMER) timestamp=4209 ms, used_size=14802944 bytes (36.1%)
(RDMA_READ_CONSUME_CHECK_CONSUMER) timestamp=4209 ms, used_size=14800896 bytes (36.1%)
(RDMA_READ_CONSUME_CHECK_CONSUMER) timestamp=4209 ms, used_size=14798848 bytes (36.1%)
(RDMA_READ_CONSUME_CHECK_CONSUMER) timestamp=4209 ms, used_size=14796800 bytes (36.1%)
(RDMA_READ_CONSUME_CHECK_CONSUMER) timestamp=4209 ms, used_size=14794752 bytes (36.1%)
(RDMA_READ_CONSUME_CHECK_CONSUMER) timestamp=4209 ms, used_size=14792704 bytes (36.1%)
(RDMA_READ_CONSUME_CHECK_CONSUMER) timestamp=4209 ms, used_size=14790656 bytes (36.1%)
(RDMA_READ_CONSUME_CHECK_CONSUMER) timestamp=4209 ms, used_size=14788608 bytes (36.1%)
(RDMA_READ_CONSUME_CHECK_CONSUMER) timestamp=4209 ms, used_size=14786560 bytes (36.1%)
(RDMA_READ_CONSUME_CHECK_CONSUMER) timestamp=4209 ms, used_size=14784512 bytes (36.1%)
(RDMA_READ_CONSUME_CHECK_CONSUMER) timestamp=4209 ms, used_size=14782464 bytes (36.1%)
(RDMA_READ_CONSUME_CHECK_CONSUMER) timestamp=4209 ms, used_size=14780416 bytes (36.1%)
(RDMA_READ_CONSUME_CHECK_CONSUMER) timestamp=4209 ms, used_size=14778368 bytes (36.1%)
(RDMA_READ_CONSUME_CHECK_CONSUMER) timestamp=4209 ms, used_size=14776320 bytes (36.1%)
(RDMA_READ_CONSUME_CHECK_CONSUMER) timestamp=4209 ms, used_size=14774272 bytes (36.1%)
(RDMA_READ_CONSUME_CHECK_CONSUMER) timestamp=4209 ms, used_size=14772224 bytes (36.1%)
(RDMA_READ_CONSUME_CHECK_CONSUMER) timestamp=4209 ms, used_size=14770176 bytes (36.1%)
(RDMA_READ_CONSUME_CHECK_CONSUMER) timestamp=4209 ms, used_size=14768128 bytes (36.1%)
(RDMA_READ_CONSUME_CHECK_CONSUMER) timestamp=4209 ms, used_size=14766080 bytes (36.0%)
(RDMA_READ_CONSUME_CHECK_CONSUMER) timestamp=4209 ms, used_size=14764032 bytes (36.0%)
(RDMA_READ_CONSUME_CHECK_CONSUMER) timestamp=4209 ms, used_size=14761984 bytes (36.0%)
(RDMA_READ_CONSUME_CHECK_CONSUMER) timestamp=4209 ms, used_size=14759936 bytes (36.0%)
(RDMA_READ_CONSUME_CHECK_CONSUMER) timestamp=4209 ms, used_size=14757888 bytes (36.0%)
(RDMA_READ_CONSUME_CHECK_CONSUMER) timestamp=4209 ms, used_size=14755840 bytes (36.0%)
(RDMA_READ_CONSUME_CHECK_CONSUMER) timestamp=4209 ms, used_size=14753792 bytes (36.0%)
(RDMA_READ_CONSUME_CHECK_CONSUMER) timestamp=4209 ms, used_size=14751744 bytes (36.0%)
(RDMA_READ_CONSUME_CHECK_CONSUMER) timestamp=4209 ms, used_size=14749696 bytes (36.0%)
(RDMA_READ_CONSUME_CHECK_CONSUMER) timestamp=4209 ms, used_size=14747648 bytes (36.0%)
(RDMA_READ_CONSUME_CHECK_CONSUMER) timestamp=4209 ms, used_size=14745600 bytes (36.0%)
(RDMA_READ_CONSUME_CHECK_CONSUMER) timestamp=4209 ms, used_size=14743552 bytes (36.0%)
(RDMA_READ_CONSUME_CHECK_CONSUMER) timestamp=4209 ms, used_size=14741504 bytes (36.0%)
(RDMA_READ_CONSUME_CHECK_CONSUMER) timestamp=4209 ms, used_size=14739456 bytes (36.0%)
(RDMA_READ_CONSUME_CHECK_CONSUMER) timestamp=4209 ms, used_size=14737408 bytes (36.0%)
(RDMA_READ_CONSUME_CHECK_CONSUMER) timestamp=4209 ms, used_size=14735360 bytes (36.0%)
(RDMA_READ_CONSUME_CHECK_CONSUMER) timestamp=4209 ms, used_size=14733312 bytes (36.0%)
(RDMA_READ_CONSUME_CHECK_CONSUMER) timestamp=4209 ms, used_size=14731264 bytes (36.0%)
(RDMA_READ_CONSUME_CHECK_CONSUMER) timestamp=4209 ms, used_size=14729216 bytes (36.0%)
(RDMA_READ_CONSUME_CHECK_CONSUMER) timestamp=4209 ms, used_size=14727168 bytes (36.0%)
(RDMA_READ_CONSUME_CHECK_CONSUMER) timestamp=4209 ms, used_size=14725120 bytes (36.0%)
(RDMA_READ_CONSUME_CHECK_CONSUMER) timestamp=4209 ms, used_size=14723072 bytes (35.9%)
(RDMA_READ_CONSUME_CHECK_CONSUMER) timestamp=4209 ms, used_size=14721024 bytes (35.9%)
(RDMA_READ_CONSUME_CHECK_CONSUMER) timestamp=4209 ms, used_size=14718976 bytes (35.9%)
(RDMA_READ_CONSUME_CHECK_CONSUMER) timestamp=4209 ms, used_size=14716928 bytes (35.9%)
(RDMA_READ_CONSUME_CHECK_CONSUMER) timestamp=4209 ms, used_size=14714880 bytes (35.9%)
(RDMA_READ_CONSUME_CHECK_CONSUMER) timestamp=4209 ms, used_size=14712832 bytes (35.9%)
(RDMA_READ_CONSUME_CHECK_CONSUMER) timestamp=4209 ms, used_size=14710784 bytes (35.9%)
(RDMA_READ_CONSUME_CHECK_CONSUMER) timestamp=4209 ms, used_size=14708736 bytes (35.9%)
(RDMA_READ_CONSUME_CHECK_CONSUMER) timestamp=4209 ms, used_size=14706688 bytes (35.9%)
(RDMA_READ_CONSUME_CHECK_CONSUMER) timestamp=4209 ms, used_size=14704640 bytes (35.9%)
(RDMA_READ_CONSUME_CHECK_CONSUMER) timestamp=4209 ms, used_size=14702592 bytes (35.9%)
(RDMA_READ_CONSUME_CHECK_CONSUMER) timestamp=4209 ms, used_size=14700544 bytes (35.9%)
(RDMA_READ_CONSUME_CHECK_CONSUMER) timestamp=4209 ms, used_size=14698496 bytes (35.9%)
(RDMA_READ_CONSUME_CHECK_CONSUMER) timestamp=4209 ms, used_size=14696448 bytes (35.9%)
(RDMA_READ_CONSUME_CHECK_CONSUMER) timestamp=4209 ms, used_size=14694400 bytes (35.9%)
(RDMA_READ_CONSUME_CHECK_CONSUMER) timestamp=4209 ms, used_size=14692352 bytes (35.9%)
(RDMA_READ_CONSUME_CHECK_CONSUMER) timestamp=4209 ms, used_size=14690304 bytes (35.9%)
(RDMA_READ_CONSUME_CHECK_CONSUMER) timestamp=4209 ms, used_size=14688256 bytes (35.9%)
(RDMA_READ_CONSUME_CHECK_CONSUMER) timestamp=4209 ms, used_size=14686208 bytes (35.9%)
(RDMA_READ_CONSUME_CHECK_CONSUMER) timestamp=4209 ms, used_size=14684160 bytes (35.9%)
(RDMA_READ_CONSUME_CHECK_CONSUMER) timestamp=4209 ms, used_size=14682112 bytes (35.8%)
(RDMA_READ_CONSUME_CHECK_CONSUMER) timestamp=4209 ms, used_size=14680064 bytes (35.8%)
(RDMA_READ_CONSUME_CHECK_CONSUMER) timestamp=4209 ms, used_size=14678016 bytes (35.8%)
(RDMA_READ_CONSUME_CHECK_CONSUMER) timestamp=4209 ms, used_size=14675968 bytes (35.8%)
(RDMA_READ_CONSUME_CHECK_CONSUMER) timestamp=4209 ms, used_size=14673920 bytes (35.8%)
(RDMA_READ_CONSUME_CHECK_CONSUMER) timestamp=4209 ms, used_size=14671872 bytes (35.8%)
(RDMA_READ_CONSUME_CHECK_CONSUMER) timestamp=4209 ms, used_size=14669824 bytes (35.8%)
(RDMA_READ_CONSUME_CHECK_CONSUMER) timestamp=4209 ms, used_size=14667776 bytes (35.8%)
(RDMA_READ_CONSUME_CHECK_CONSUMER) timestamp=4209 ms, used_size=14665728 bytes (35.8%)
(RDMA_READ_CONSUME_CHECK_CONSUMER) timestamp=4209 ms, used_size=14663680 bytes (35.8%)
(RDMA_READ_CONSUME_CHECK_CONSUMER) timestamp=4209 ms, used_size=14661632 bytes (35.8%)
(RDMA_READ_CONSUME_CHECK_CONSUMER) timestamp=4209 ms, used_size=14659584 bytes (35.8%)
(RDMA_READ_CONSUME_CHECK_CONSUMER) timestamp=4209 ms, used_size=14657536 bytes (35.8%)
(RDMA_READ_CONSUME_CHECK_CONSUMER) timestamp=4209 ms, used_size=14655488 bytes (35.8%)
(RDMA_READ_CONSUME_CHECK_CONSUMER) timestamp=4209 ms, used_size=14653440 bytes (35.8%)
(RDMA_READ_CONSUME_CHECK_CONSUMER) timestamp=4209 ms, used_size=14651392 bytes (35.8%)
(RDMA_READ_CONSUME_CHECK_CONSUMER) timestamp=4209 ms, used_size=14649344 bytes (35.8%)
(RDMA_READ_CONSUME_CHECK_CONSUMER) timestamp=4209 ms, used_size=14647296 bytes (35.8%)
(RDMA_READ_CONSUME_CHECK_CONSUMER) timestamp=4209 ms, used_size=14645248 bytes (35.8%)
(RDMA_READ_CONSUME_CHECK_CONSUMER) timestamp=4209 ms, used_size=14643200 bytes (35.8%)
(RDMA_READ_CONSUME_CHECK_CONSUMER) timestamp=4209 ms, used_size=14641152 bytes (35.7%)
(RDMA_READ_CONSUME_CHECK_CONSUMER) timestamp=4209 ms, used_size=14639104 bytes (35.7%)
(RDMA_READ_CONSUME_CHECK_CONSUMER) timestamp=4209 ms, used_size=14637056 bytes (35.7%)
(RDMA_READ_CONSUME_CHECK_CONSUMER) timestamp=4209 ms, used_size=14635008 bytes (35.7%)
(RDMA_READ_CONSUME_CHECK_CONSUMER) timestamp=4209 ms, used_size=14632960 bytes (35.7%)
(RDMA_READ_CONSUME_CHECK_CONSUMER) timestamp=4209 ms, used_size=14630912 bytes (35.7%)
(RDMA_READ_CONSUME_CHECK_CONSUMER) timestamp=4209 ms, used_size=14628864 bytes (35.7%)
(RDMA_READ_CONSUME_CHECK_CONSUMER) timestamp=4209 ms, used_size=14626816 bytes (35.7%)
(RDMA_READ_CONSUME_CHECK_CONSUMER) timestamp=4209 ms, used_size=14624768 bytes (35.7%)
(RDMA_READ_CONSUME_CHECK_CONSUMER) timestamp=4209 ms, used_size=14622720 bytes (35.7%)
(RDMA_READ_CONSUME_CHECK_CONSUMER) timestamp=4209 ms, used_size=14620672 bytes (35.7%)
(RDMA_READ_CONSUME_CHECK_CONSUMER) timestamp=4209 ms, used_size=14618624 bytes (35.7%)
(RDMA_READ_CONSUME_CHECK_CONSUMER) timestamp=4209 ms, used_size=14616576 bytes (35.7%)
(RDMA_READ_CONSUME_CHECK_CONSUMER) timestamp=4209 ms, used_size=14614528 bytes (35.7%)
(RDMA_READ_CONSUME_CHECK_CONSUMER) timestamp=4209 ms, used_size=14612480 bytes (35.7%)
(RDMA_READ_CONSUME_CHECK_CONSUMER) timestamp=4209 ms, used_size=14610432 bytes (35.7%)
(RDMA_READ_CONSUME_CHECK_CONSUMER) timestamp=4209 ms, used_size=14608384 bytes (35.7%)
(RDMA_READ_CONSUME_CHECK_CONSUMER) timestamp=4209 ms, used_size=14606336 bytes (35.7%)
(RDMA_READ_CONSUME_CHECK_CONSUMER) timestamp=4209 ms, used_size=14604288 bytes (35.7%)
(RDMA_READ_CONSUME_CHECK_CONSUMER) timestamp=4209 ms, used_size=14602240 bytes (35.6%)
(RDMA_READ_CONSUME_CHECK_CONSUMER) timestamp=4209 ms, used_size=14600192 bytes (35.6%)
(RDMA_READ_CONSUME_CHECK_CONSUMER) timestamp=4209 ms, used_size=14598144 bytes (35.6%)
(RDMA_READ_CONSUME_CHECK_CONSUMER) timestamp=4209 ms, used_size=14596096 bytes (35.6%)
(RDMA_READ_CONSUME_CHECK_CONSUMER) timestamp=4209 ms, used_size=14594048 bytes (35.6%)
(RDMA_READ_CONSUME_CHECK_CONSUMER) timestamp=4209 ms, used_size=14592000 bytes (35.6%)
(RDMA_READ_CONSUME_CHECK_CONSUMER) timestamp=4209 ms, used_size=14589952 bytes (35.6%)
(RDMA_READ_CONSUME_CHECK_CONSUMER) timestamp=4209 ms, used_size=14587904 bytes (35.6%)
(RDMA_READ_CONSUME_CHECK_CONSUMER) timestamp=4209 ms, used_size=14585856 bytes (35.6%)
(RDMA_READ_CONSUME_CHECK_CONSUMER) timestamp=4209 ms, used_size=14583808 bytes (35.6%)
(RDMA_READ_CONSUME_CHECK_CONSUMER) timestamp=4209 ms, used_size=14581760 bytes (35.6%)
(RDMA_READ_CONSUME_CHECK_CONSUMER) timestamp=4209 ms, used_size=14579712 bytes (35.6%)
(RDMA_READ_CONSUME_CHECK_CONSUMER) timestamp=4209 ms, used_size=14577664 bytes (35.6%)
(RDMA_READ_CONSUME_CHECK_CONSUMER) timestamp=4209 ms, used_size=14575616 bytes (35.6%)
(RDMA_READ_CONSUME_CHECK_CONSUMER) timestamp=4209 ms, used_size=14573568 bytes (35.6%)
(RDMA_READ_CONSUME_CHECK_CONSUMER) timestamp=4209 ms, used_size=14571520 bytes (35.6%)
(RDMA_READ_CONSUME_CHECK_CONSUMER) timestamp=4209 ms, used_size=14569472 bytes (35.6%)
(RDMA_READ_CONSUME_CHECK_CONSUMER) timestamp=4209 ms, used_size=14567424 bytes (35.6%)
(RDMA_READ_CONSUME_CHECK_CONSUMER) timestamp=4209 ms, used_size=14565376 bytes (35.6%)
(RDMA_READ_CONSUME_CHECK_CONSUMER) timestamp=4209 ms, used_size=14563328 bytes (35.6%)
(RDMA_READ_CONSUME_CHECK_CONSUMER) timestamp=4209 ms, used_size=14561280 bytes (35.5%)
(RDMA_READ_CONSUME_CHECK_CONSUMER) timestamp=4209 ms, used_size=14559232 bytes (35.5%)
(RDMA_READ_CONSUME_CHECK_CONSUMER) timestamp=4209 ms, used_size=14557184 bytes (35.5%)
(RDMA_READ_CONSUME_CHECK_CONSUMER) timestamp=4209 ms, used_size=14555136 bytes (35.5%)
(RDMA_READ_CONSUME_CHECK_CONSUMER) timestamp=4209 ms, used_size=14553088 bytes (35.5%)
(RDMA_READ_CONSUME_CHECK_CONSUMER) timestamp=4209 ms, used_size=14551040 bytes (35.5%)
(RDMA_READ_CONSUME_CHECK_CONSUMER) timestamp=4209 ms, used_size=14548992 bytes (35.5%)
(RDMA_READ_CONSUME_CHECK_CONSUMER) timestamp=4209 ms, used_size=14546944 bytes (35.5%)
(RDMA_READ_CONSUME_CHECK_CONSUMER) timestamp=4209 ms, used_size=14544896 bytes (35.5%)
(RDMA_READ_CONSUME_CHECK_CONSUMER) timestamp=4209 ms, used_size=14542848 bytes (35.5%)
(RDMA_READ_CONSUME_CHECK_CONSUMER) timestamp=4209 ms, used_size=14540800 bytes (35.5%)
(RDMA_READ_CONSUME_CHECK_CONSUMER) timestamp=4209 ms, used_size=14538752 bytes (35.5%)
(RDMA_READ_CONSUME_CHECK_CONSUMER) timestamp=4209 ms, used_size=14536704 bytes (35.5%)
(RDMA_READ_CONSUME_CHECK_CONSUMER) timestamp=4209 ms, used_size=14534656 bytes (35.5%)
(RDMA_READ_CONSUME_CHECK_CONSUMER) timestamp=4209 ms, used_size=14532608 bytes (35.5%)
(RDMA_READ_CONSUME_CHECK_CONSUMER) timestamp=4209 ms, used_size=14530560 bytes (35.5%)
(RDMA_READ_CONSUME_CHECK_CONSUMER) timestamp=4209 ms, used_size=14528512 bytes (35.5%)
(RDMA_READ_CONSUME_CHECK_CONSUMER) timestamp=4209 ms, used_size=14526464 bytes (35.5%)
(RDMA_READ_CONSUME_CHECK_CONSUMER) timestamp=4209 ms, used_size=14524416 bytes (35.5%)
(RDMA_READ_CONSUME_CHECK_CONSUMER) timestamp=4209 ms, used_size=14522368 bytes (35.5%)
(RDMA_READ_CONSUME_CHECK_CONSUMER) timestamp=4209 ms, used_size=14520320 bytes (35.5%)
(RDMA_READ_CONSUME_CHECK_CONSUMER) timestamp=4209 ms, used_size=14518272 bytes (35.4%)
(RDMA_READ_CONSUME_CHECK_CONSUMER) timestamp=4209 ms, used_size=14516224 bytes (35.4%)
(RDMA_READ_CONSUME_CHECK_CONSUMER) timestamp=4209 ms, used_size=14514176 bytes (35.4%)
(RDMA_READ_CONSUME_CHECK_CONSUMER) timestamp=4209 ms, used_size=14512128 bytes (35.4%)
(RDMA_READ_CONSUME_CHECK_CONSUMER) timestamp=4209 ms, used_size=14510080 bytes (35.4%)
(RDMA_READ_CONSUME_CHECK_CONSUMER) timestamp=4209 ms, used_size=14508032 bytes (35.4%)
(RDMA_READ_CONSUME_CHECK_CONSUMER) timestamp=4209 ms, used_size=14505984 bytes (35.4%)
(RDMA_READ_CONSUME_CHECK_CONSUMER) timestamp=4209 ms, used_size=14503936 bytes (35.4%)
(RDMA_READ_CONSUME_CHECK_CONSUMER) timestamp=4209 ms, used_size=14501888 bytes (35.4%)
(RDMA_READ_CONSUME_CHECK_CONSUMER) timestamp=4209 ms, used_size=14499840 bytes (35.4%)
(RDMA_READ_CONSUME_CHECK_CONSUMER) timestamp=4209 ms, used_size=14497792 bytes (35.4%)
(RDMA_READ_CONSUME_CHECK_CONSUMER) timestamp=4209 ms, used_size=14495744 bytes (35.4%)
(RDMA_READ_CONSUME_CHECK_CONSUMER) timestamp=4209 ms, used_size=14493696 bytes (35.4%)
(RDMA_READ_CONSUME_CHECK_CONSUMER) timestamp=4209 ms, used_size=14491648 bytes (35.4%)
(RDMA_READ_CONSUME_CHECK_CONSUMER) timestamp=4209 ms, used_size=14489600 bytes (35.4%)
(RDMA_READ_CONSUME_CHECK_CONSUMER) timestamp=4209 ms, used_size=14487552 bytes (35.4%)
(RDMA_READ_CONSUME_CHECK_CONSUMER) timestamp=4209 ms, used_size=14485504 bytes (35.4%)
(RDMA_READ_CONSUME_CHECK_CONSUMER) timestamp=4209 ms, used_size=14483456 bytes (35.4%)
(RDMA_READ_CONSUME_CHECK_CONSUMER) timestamp=4209 ms, used_size=14481408 bytes (35.4%)
(RDMA_READ_CONSUME_CHECK_CONSUMER) timestamp=4209 ms, used_size=14479360 bytes (35.4%)
(RDMA_READ_CONSUME_CHECK_CONSUMER) timestamp=4209 ms, used_size=14477312 bytes (35.3%)
(RDMA_READ_CONSUME_CHECK_CONSUMER) timestamp=4209 ms, used_size=14475264 bytes (35.3%)
(RDMA_READ_CONSUME_CHECK_CONSUMER) timestamp=4209 ms, used_size=14473216 bytes (35.3%)
(RDMA_READ_CONSUME_CHECK_CONSUMER) timestamp=4209 ms, used_size=14471168 bytes (35.3%)
(RDMA_READ_CONSUME_CHECK_CONSUMER) timestamp=4209 ms, used_size=14469120 bytes (35.3%)
(RDMA_READ_CONSUME_CHECK_CONSUMER) timestamp=4209 ms, used_size=14467072 bytes (35.3%)
(RDMA_READ_CONSUME_CHECK_CONSUMER) timestamp=4209 ms, used_size=14465024 bytes (35.3%)
(RDMA_READ_CONSUME_CHECK_CONSUMER) timestamp=4209 ms, used_size=14462976 bytes (35.3%)
(RDMA_READ_CONSUME_CHECK_CONSUMER) timestamp=4209 ms, used_size=14460928 bytes (35.3%)
(RDMA_READ_CONSUME_CHECK_CONSUMER) timestamp=4209 ms, used_size=14458880 bytes (35.3%)
(RDMA_READ_CONSUME_CHECK_CONSUMER) timestamp=4209 ms, used_size=14456832 bytes (35.3%)
(RDMA_READ_CONSUME_CHECK_CONSUMER) timestamp=4209 ms, used_size=14454784 bytes (35.3%)
(RDMA_READ_CONSUME_CHECK_CONSUMER) timestamp=4209 ms, used_size=14452736 bytes (35.3%)
(RDMA_READ_CONSUME_CHECK_CONSUMER) timestamp=4209 ms, used_size=14450688 bytes (35.3%)
(RDMA_READ_CONSUME_CHECK_CONSUMER) timestamp=4209 ms, used_size=14448640 bytes (35.3%)
(RDMA_READ_CONSUME_CHECK_CONSUMER) timestamp=4210 ms, used_size=14446592 bytes (35.3%)
(RDMA_READ_CONSUME_CHECK_CONSUMER) timestamp=4210 ms, used_size=14444544 bytes (35.3%)
(RDMA_READ_CONSUME_CHECK_CONSUMER) timestamp=4210 ms, used_size=14442496 bytes (35.3%)
(RDMA_READ_CONSUME_CHECK_CONSUMER) timestamp=4210 ms, used_size=14440448 bytes (35.3%)
(RDMA_READ_CONSUME_CHECK_CONSUMER) timestamp=4210 ms, used_size=14438400 bytes (35.2%)
(RDMA_READ_CONSUME_CHECK_CONSUMER) timestamp=4210 ms, used_size=14436352 bytes (35.2%)
(RDMA_READ_CONSUME_CHECK_CONSUMER) timestamp=4210 ms, used_size=14434304 bytes (35.2%)
(RDMA_READ_CONSUME_CHECK_CONSUMER) timestamp=4210 ms, used_size=14432256 bytes (35.2%)
(RDMA_READ_CONSUME_CHECK_CONSUMER) timestamp=4210 ms, used_size=14430208 bytes (35.2%)
(RDMA_READ_CONSUME_CHECK_CONSUMER) timestamp=4210 ms, used_size=14428160 bytes (35.2%)
(RDMA_READ_CONSUME_CHECK_CONSUMER) timestamp=4210 ms, used_size=14426112 bytes (35.2%)
(RDMA_READ_CONSUME_CHECK_CONSUMER) timestamp=4210 ms, used_size=14424064 bytes (35.2%)
(RDMA_READ_CONSUME_CHECK_CONSUMER) timestamp=4210 ms, used_size=14422016 bytes (35.2%)
(RDMA_READ_CONSUME_CHECK_CONSUMER) timestamp=4210 ms, used_size=14419968 bytes (35.2%)
(RDMA_READ_CONSUME_CHECK_CONSUMER) timestamp=4210 ms, used_size=14417920 bytes (35.2%)
(RDMA_READ_CONSUME_CHECK_CONSUMER) timestamp=4210 ms, used_size=14415872 bytes (35.2%)
(RDMA_READ_CONSUME_CHECK_CONSUMER) timestamp=4210 ms, used_size=14413824 bytes (35.2%)
(RDMA_READ_CONSUME_CHECK_CONSUMER) timestamp=4210 ms, used_size=14411776 bytes (35.2%)
(RDMA_READ_CONSUME_CHECK_CONSUMER) timestamp=4210 ms, used_size=14409728 bytes (35.2%)
(RDMA_READ_CONSUME_CHECK_CONSUMER) timestamp=4210 ms, used_size=14407680 bytes (35.2%)
(RDMA_READ_CONSUME_CHECK_CONSUMER) timestamp=4210 ms, used_size=14405632 bytes (35.2%)
(RDMA_READ_CONSUME_CHECK_CONSUMER) timestamp=4210 ms, used_size=14403584 bytes (35.2%)
(RDMA_READ_CONSUME_CHECK_CONSUMER) timestamp=4210 ms, used_size=14401536 bytes (35.2%)
(RDMA_READ_CONSUME_CHECK_CONSUMER) timestamp=4210 ms, used_size=14399488 bytes (35.2%)
(RDMA_READ_CONSUME_CHECK_CONSUMER) timestamp=4210 ms, used_size=14397440 bytes (35.1%)
(RDMA_READ_CONSUME_CHECK_CONSUMER) timestamp=4210 ms, used_size=14395392 bytes (35.1%)
(RDMA_READ_CONSUME_CHECK_CONSUMER) timestamp=4210 ms, used_size=14393344 bytes (35.1%)
(RDMA_READ_CONSUME_CHECK_CONSUMER) timestamp=4210 ms, used_size=14391296 bytes (35.1%)
(RDMA_READ_CONSUME_CHECK_CONSUMER) timestamp=4210 ms, used_size=14389248 bytes (35.1%)
(RDMA_READ_CONSUME_CHECK_CONSUMER) timestamp=4210 ms, used_size=14387200 bytes (35.1%)
(RDMA_READ_CONSUME_CHECK_CONSUMER) timestamp=4210 ms, used_size=14385152 bytes (35.1%)
(RDMA_READ_CONSUME_CHECK_CONSUMER) timestamp=4210 ms, used_size=14383104 bytes (35.1%)
(RDMA_READ_CONSUME_CHECK_CONSUMER) timestamp=4210 ms, used_size=14381056 bytes (35.1%)
(RDMA_READ_CONSUME_CHECK_CONSUMER) timestamp=4210 ms, used_size=14379008 bytes (35.1%)
(RDMA_READ_CONSUME_CHECK_CONSUMER) timestamp=4210 ms, used_size=14376960 bytes (35.1%)
(RDMA_READ_CONSUME_CHECK_CONSUMER) timestamp=4210 ms, used_size=14374912 bytes (35.1%)
(RDMA_READ_CONSUME_CHECK_CONSUMER) timestamp=4210 ms, used_size=14372864 bytes (35.1%)
(RDMA_READ_CONSUME_CHECK_CONSUMER) timestamp=4210 ms, used_size=14370816 bytes (35.1%)
(RDMA_READ_CONSUME_CHECK_CONSUMER) timestamp=4210 ms, used_size=14368768 bytes (35.1%)
(RDMA_READ_CONSUME_CHECK_CONSUMER) timestamp=4210 ms, used_size=14366720 bytes (35.1%)
(RDMA_READ_CONSUME_CHECK_CONSUMER) timestamp=4210 ms, used_size=14364672 bytes (35.1%)
(RDMA_READ_CONSUME_CHECK_CONSUMER) timestamp=4210 ms, used_size=14362624 bytes (35.1%)
(RDMA_READ_CONSUME_CHECK_CONSUMER) timestamp=4210 ms, used_size=14360576 bytes (35.1%)
(RDMA_READ_CONSUME_CHECK_CONSUMER) timestamp=4210 ms, used_size=14358528 bytes (35.1%)
(RDMA_READ_CONSUME_CHECK_CONSUMER) timestamp=4210 ms, used_size=14356480 bytes (35.0%)
(RDMA_READ_CONSUME_CHECK_CONSUMER) timestamp=4210 ms, used_size=14354432 bytes (35.0%)
(RDMA_READ_CONSUME_CHECK_CONSUMER) timestamp=4210 ms, used_size=14352384 bytes (35.0%)
(RDMA_READ_CONSUME_CHECK_CONSUMER) timestamp=4210 ms, used_size=14350336 bytes (35.0%)
(RDMA_READ_CONSUME_CHECK_CONSUMER) timestamp=4210 ms, used_size=14348288 bytes (35.0%)
(RDMA_READ_CONSUME_CHECK_CONSUMER) timestamp=4210 ms, used_size=14346240 bytes (35.0%)
(RDMA_READ_CONSUME_CHECK_CONSUMER) timestamp=4210 ms, used_size=14344192 bytes (35.0%)
(RDMA_READ_CONSUME_CHECK_CONSUMER) timestamp=4210 ms, used_size=14342144 bytes (35.0%)
(RDMA_READ_CONSUME_CHECK_CONSUMER) timestamp=4210 ms, used_size=14340096 bytes (35.0%)
(RDMA_READ_CONSUME_CHECK_CONSUMER) timestamp=4210 ms, used_size=14338048 bytes (35.0%)
(RDMA_READ_CONSUME_CHECK_CONSUMER) timestamp=4210 ms, used_size=14336000 bytes (35.0%)
(RDMA_READ_CONSUME_CHECK_CONSUMER) timestamp=4210 ms, used_size=14333952 bytes (35.0%)
(RDMA_READ_CONSUME_CHECK_CONSUMER) timestamp=4210 ms, used_size=14331904 bytes (35.0%)
(RDMA_READ_CONSUME_CHECK_CONSUMER) timestamp=4210 ms, used_size=14329856 bytes (35.0%)
(RDMA_READ_CONSUME_CHECK_CONSUMER) timestamp=4210 ms, used_size=14327808 bytes (35.0%)
(RDMA_READ_CONSUME_CHECK_CONSUMER) timestamp=4210 ms, used_size=14325760 bytes (35.0%)
(RDMA_READ_CONSUME_CHECK_CONSUMER) timestamp=4210 ms, used_size=14323712 bytes (35.0%)
(RDMA_READ_CONSUME_CHECK_CONSUMER) timestamp=4210 ms, used_size=14321664 bytes (35.0%)
(RDMA_READ_CONSUME_CHECK_CONSUMER) timestamp=4210 ms, used_size=14319616 bytes (35.0%)
(RDMA_READ_CONSUME_CHECK_CONSUMER) timestamp=4210 ms, used_size=14317568 bytes (35.0%)
(RDMA_READ_CONSUME_CHECK_CONSUMER) timestamp=4210 ms, used_size=14315520 bytes (35.0%)
(RDMA_READ_CONSUME_CHECK_CONSUMER) timestamp=4210 ms, used_size=14313472 bytes (34.9%)
(RDMA_READ_CONSUME_CHECK_CONSUMER) timestamp=4210 ms, used_size=14311424 bytes (34.9%)
(RDMA_READ_CONSUME_CHECK_CONSUMER) timestamp=4210 ms, used_size=14309376 bytes (34.9%)
(RDMA_READ_CONSUME_CHECK_CONSUMER) timestamp=4210 ms, used_size=14307328 bytes (34.9%)
(RDMA_READ_CONSUME_CHECK_CONSUMER) timestamp=4210 ms, used_size=14305280 bytes (34.9%)
(RDMA_READ_CONSUME_CHECK_CONSUMER) timestamp=4210 ms, used_size=14303232 bytes (34.9%)
(RDMA_READ_CONSUME_CHECK_CONSUMER) timestamp=4210 ms, used_size=14301184 bytes (34.9%)
(RDMA_READ_CONSUME_CHECK_CONSUMER) timestamp=4210 ms, used_size=14299136 bytes (34.9%)
(RDMA_READ_CONSUME_CHECK_CONSUMER) timestamp=4210 ms, used_size=14297088 bytes (34.9%)
(RDMA_READ_CONSUME_CHECK_CONSUMER) timestamp=4210 ms, used_size=14295040 bytes (34.9%)
(RDMA_READ_CONSUME_CHECK_CONSUMER) timestamp=4210 ms, used_size=14292992 bytes (34.9%)
(RDMA_READ_CONSUME_CHECK_CONSUMER) timestamp=4210 ms, used_size=14290944 bytes (34.9%)
(RDMA_READ_CONSUME_CHECK_CONSUMER) timestamp=4210 ms, used_size=14288896 bytes (34.9%)
(RDMA_READ_CONSUME_CHECK_CONSUMER) timestamp=4210 ms, used_size=14286848 bytes (34.9%)
(RDMA_READ_CONSUME_CHECK_CONSUMER) timestamp=4210 ms, used_size=14284800 bytes (34.9%)
(RDMA_READ_CONSUME_CHECK_CONSUMER) timestamp=4210 ms, used_size=14282752 bytes (34.9%)
(RDMA_READ_CONSUME_CHECK_CONSUMER) timestamp=4210 ms, used_size=14280704 bytes (34.9%)
(RDMA_READ_CONSUME_CHECK_CONSUMER) timestamp=4210 ms, used_size=14278656 bytes (34.9%)
(RDMA_READ_CONSUME_CHECK_CONSUMER) timestamp=4210 ms, used_size=14276608 bytes (34.9%)
(RDMA_READ_CONSUME_CHECK_CONSUMER) timestamp=4210 ms, used_size=14274560 bytes (34.9%)
(RDMA_READ_CONSUME_CHECK_CONSUMER) timestamp=4210 ms, used_size=14272512 bytes (34.8%)
(RDMA_READ_CONSUME_CHECK_CONSUMER) timestamp=4210 ms, used_size=14270464 bytes (34.8%)
(RDMA_READ_CONSUME_CHECK_CONSUMER) timestamp=4210 ms, used_size=14268416 bytes (34.8%)
(RDMA_READ_CONSUME_CHECK_CONSUMER) timestamp=4210 ms, used_size=14266368 bytes (34.8%)
(RDMA_READ_CONSUME_CHECK_CONSUMER) timestamp=4210 ms, used_size=14264320 bytes (34.8%)
(RDMA_READ_CONSUME_CHECK_CONSUMER) timestamp=4210 ms, used_size=14262272 bytes (34.8%)
(RDMA_READ_CONSUME_CHECK_CONSUMER) timestamp=4210 ms, used_size=14260224 bytes (34.8%)
(RDMA_READ_CONSUME_CHECK_CONSUMER) timestamp=4210 ms, used_size=14258176 bytes (34.8%)
(RDMA_READ_CONSUME_CHECK_CONSUMER) timestamp=4210 ms, used_size=14256128 bytes (34.8%)
(RDMA_READ_CONSUME_CHECK_CONSUMER) timestamp=4210 ms, used_size=14254080 bytes (34.8%)
(RDMA_READ_CONSUME_CHECK_CONSUMER) timestamp=4210 ms, used_size=14252032 bytes (34.8%)
(RDMA_READ_CONSUME_CHECK_CONSUMER) timestamp=4210 ms, used_size=14249984 bytes (34.8%)
(RDMA_READ_CONSUME_CHECK_CONSUMER) timestamp=4210 ms, used_size=14247936 bytes (34.8%)
(RDMA_READ_CONSUME_CHECK_CONSUMER) timestamp=4210 ms, used_size=14245888 bytes (34.8%)
(RDMA_READ_CONSUME_CHECK_CONSUMER) timestamp=4210 ms, used_size=14243840 bytes (34.8%)
(RDMA_READ_CONSUME_CHECK_CONSUMER) timestamp=4210 ms, used_size=14241792 bytes (34.8%)
(RDMA_READ_CONSUME_CHECK_CONSUMER) timestamp=4210 ms, used_size=14239744 bytes (34.8%)
(RDMA_READ_CONSUME_CHECK_CONSUMER) timestamp=4210 ms, used_size=14237696 bytes (34.8%)
(RDMA_READ_CONSUME_CHECK_CONSUMER) timestamp=4210 ms, used_size=14235648 bytes (34.8%)
(RDMA_READ_CONSUME_CHECK_CONSUMER) timestamp=4210 ms, used_size=14233600 bytes (34.8%)
(RDMA_READ_CONSUME_CHECK_CONSUMER) timestamp=4210 ms, used_size=14231552 bytes (34.7%)
(RDMA_READ_CONSUME_CHECK_CONSUMER) timestamp=4210 ms, used_size=14229504 bytes (34.7%)
(RDMA_READ_CONSUME_CHECK_CONSUMER) timestamp=4210 ms, used_size=14227456 bytes (34.7%)
(RDMA_READ_CONSUME_CHECK_CONSUMER) timestamp=4210 ms, used_size=14225408 bytes (34.7%)
(RDMA_READ_CONSUME_CHECK_CONSUMER) timestamp=4210 ms, used_size=14223360 bytes (34.7%)
(RDMA_READ_CONSUME_CHECK_CONSUMER) timestamp=4210 ms, used_size=14221312 bytes (34.7%)
(RDMA_READ_CONSUME_CHECK_CONSUMER) timestamp=4210 ms, used_size=14219264 bytes (34.7%)
(RDMA_READ_CONSUME_CHECK_CONSUMER) timestamp=4210 ms, used_size=14217216 bytes (34.7%)
(RDMA_READ_CONSUME_CHECK_CONSUMER) timestamp=4210 ms, used_size=14215168 bytes (34.7%)
(RDMA_READ_CONSUME_CHECK_CONSUMER) timestamp=4210 ms, used_size=14213120 bytes (34.7%)
(RDMA_READ_CONSUME_CHECK_CONSUMER) timestamp=4210 ms, used_size=14211072 bytes (34.7%)
(RDMA_READ_CONSUME_CHECK_CONSUMER) timestamp=4210 ms, used_size=14209024 bytes (34.7%)
(RDMA_READ_CONSUME_CHECK_CONSUMER) timestamp=4210 ms, used_size=14206976 bytes (34.7%)
(RDMA_READ_CONSUME_CHECK_CONSUMER) timestamp=4210 ms, used_size=14204928 bytes (34.7%)
(RDMA_READ_CONSUME_CHECK_CONSUMER) timestamp=4210 ms, used_size=14202880 bytes (34.7%)
(RDMA_READ_CONSUME_CHECK_CONSUMER) timestamp=4210 ms, used_size=14200832 bytes (34.7%)
(RDMA_READ_CONSUME_CHECK_CONSUMER) timestamp=4210 ms, used_size=14198784 bytes (34.7%)
(RDMA_READ_CONSUME_CHECK_CONSUMER) timestamp=4210 ms, used_size=14196736 bytes (34.7%)
(RDMA_READ_CONSUME_CHECK_CONSUMER) timestamp=4210 ms, used_size=14194688 bytes (34.7%)
(RDMA_READ_CONSUME_CHECK_CONSUMER) timestamp=4210 ms, used_size=14192640 bytes (34.6%)
(RDMA_READ_CONSUME_CHECK_CONSUMER) timestamp=4210 ms, used_size=14190592 bytes (34.6%)
(RDMA_READ_CONSUME_CHECK_CONSUMER) timestamp=4210 ms, used_size=14188544 bytes (34.6%)
(RDMA_READ_CONSUME_CHECK_CONSUMER) timestamp=4210 ms, used_size=14186496 bytes (34.6%)
(RDMA_READ_CONSUME_CHECK_CONSUMER) timestamp=4210 ms, used_size=14184448 bytes (34.6%)
(RDMA_READ_CONSUME_CHECK_CONSUMER) timestamp=4210 ms, used_size=14182400 bytes (34.6%)
(RDMA_READ_CONSUME_CHECK_CONSUMER) timestamp=4210 ms, used_size=14180352 bytes (34.6%)
(RDMA_READ_CONSUME_CHECK_CONSUMER) timestamp=4210 ms, used_size=14178304 bytes (34.6%)
(RDMA_READ_CONSUME_CHECK_CONSUMER) timestamp=4210 ms, used_size=14176256 bytes (34.6%)
(RDMA_READ_CONSUME_CHECK_CONSUMER) timestamp=4210 ms, used_size=14174208 bytes (34.6%)
(RDMA_READ_CONSUME_CHECK_CONSUMER) timestamp=4210 ms, used_size=14172160 bytes (34.6%)
(RDMA_READ_CONSUME_CHECK_CONSUMER) timestamp=4210 ms, used_size=14170112 bytes (34.6%)
(RDMA_READ_CONSUME_CHECK_CONSUMER) timestamp=4210 ms, used_size=14168064 bytes (34.6%)
(RDMA_READ_CONSUME_CHECK_CONSUMER) timestamp=4210 ms, used_size=14166016 bytes (34.6%)
(RDMA_READ_CONSUME_CHECK_CONSUMER) timestamp=4210 ms, used_size=14163968 bytes (34.6%)
(RDMA_READ_CONSUME_CHECK_CONSUMER) timestamp=4210 ms, used_size=14161920 bytes (34.6%)
(RDMA_READ_CONSUME_CHECK_CONSUMER) timestamp=4210 ms, used_size=14159872 bytes (34.6%)
(RDMA_READ_CONSUME_CHECK_CONSUMER) timestamp=4210 ms, used_size=14157824 bytes (34.6%)
(RDMA_READ_CONSUME_CHECK_CONSUMER) timestamp=4210 ms, used_size=14155776 bytes (34.6%)
(RDMA_READ_CONSUME_CHECK_CONSUMER) timestamp=4210 ms, used_size=14153728 bytes (34.6%)
(RDMA_READ_CONSUME_CHECK_CONSUMER) timestamp=4210 ms, used_size=14151680 bytes (34.5%)
(RDMA_READ_CONSUME_CHECK_CONSUMER) timestamp=4210 ms, used_size=14149632 bytes (34.5%)
(RDMA_READ_CONSUME_CHECK_CONSUMER) timestamp=4210 ms, used_size=14147584 bytes (34.5%)
(RDMA_READ_CONSUME_CHECK_CONSUMER) timestamp=4210 ms, used_size=14145536 bytes (34.5%)
(RDMA_READ_CONSUME_CHECK_CONSUMER) timestamp=4210 ms, used_size=14143488 bytes (34.5%)
(RDMA_READ_CONSUME_CHECK_CONSUMER) timestamp=4210 ms, used_size=14141440 bytes (34.5%)
(RDMA_READ_CONSUME_CHECK_CONSUMER) timestamp=4210 ms, used_size=14139392 bytes (34.5%)
(RDMA_READ_CONSUME_CHECK_CONSUMER) timestamp=4210 ms, used_size=14137344 bytes (34.5%)
(RDMA_READ_CONSUME_CHECK_CONSUMER) timestamp=4210 ms, used_size=14135296 bytes (34.5%)
(RDMA_READ_CONSUME_CHECK_CONSUMER) timestamp=4210 ms, used_size=14133248 bytes (34.5%)
(RDMA_READ_CONSUME_CHECK_CONSUMER) timestamp=4210 ms, used_size=14131200 bytes (34.5%)
(RDMA_READ_CONSUME_CHECK_CONSUMER) timestamp=4210 ms, used_size=14129152 bytes (34.5%)
(RDMA_READ_CONSUME_CHECK_CONSUMER) timestamp=4210 ms, used_size=14127104 bytes (34.5%)
(RDMA_READ_CONSUME_CHECK_CONSUMER) timestamp=4210 ms, used_size=14125056 bytes (34.5%)
(RDMA_READ_CONSUME_CHECK_CONSUMER) timestamp=4210 ms, used_size=14123008 bytes (34.5%)
(RDMA_READ_CONSUME_CHECK_CONSUMER) timestamp=4210 ms, used_size=14120960 bytes (34.5%)
(RDMA_READ_CONSUME_CHECK_CONSUMER) timestamp=4210 ms, used_size=14118912 bytes (34.5%)
(RDMA_READ_CONSUME_CHECK_CONSUMER) timestamp=4210 ms, used_size=14116864 bytes (34.5%)
(RDMA_READ_CONSUME_CHECK_CONSUMER) timestamp=4210 ms, used_size=14114816 bytes (34.5%)
(RDMA_READ_CONSUME_CHECK_CONSUMER) timestamp=4210 ms, used_size=14112768 bytes (34.5%)
(RDMA_READ_CONSUME_CHECK_CONSUMER) timestamp=4210 ms, used_size=14110720 bytes (34.5%)
(RDMA_READ_CONSUME_CHECK_CONSUMER) timestamp=4210 ms, used_size=14108672 bytes (34.4%)
(RDMA_READ_CONSUME_CHECK_CONSUMER) timestamp=4210 ms, used_size=14106624 bytes (34.4%)
(RDMA_READ_CONSUME_CHECK_CONSUMER) timestamp=4210 ms, used_size=14104576 bytes (34.4%)
(RDMA_READ_CONSUME_CHECK_CONSUMER) timestamp=4210 ms, used_size=14102528 bytes (34.4%)
(RDMA_READ_CONSUME_CHECK_CONSUMER) timestamp=4210 ms, used_size=14100480 bytes (34.4%)
(RDMA_READ_CONSUME_CHECK_CONSUMER) timestamp=4210 ms, used_size=14098432 bytes (34.4%)
(RDMA_READ_CONSUME_CHECK_CONSUMER) timestamp=4210 ms, used_size=14096384 bytes (34.4%)
(RDMA_READ_CONSUME_CHECK_CONSUMER) timestamp=4210 ms, used_size=14094336 bytes (34.4%)
(RDMA_READ_CONSUME_CHECK_CONSUMER) timestamp=4210 ms, used_size=14092288 bytes (34.4%)
(RDMA_READ_CONSUME_CHECK_CONSUMER) timestamp=4210 ms, used_size=14090240 bytes (34.4%)
(RDMA_READ_CONSUME_CHECK_CONSUMER) timestamp=4210 ms, used_size=14088192 bytes (34.4%)
(RDMA_READ_CONSUME_CHECK_CONSUMER) timestamp=4210 ms, used_size=14086144 bytes (34.4%)
(RDMA_READ_CONSUME_CHECK_CONSUMER) timestamp=4210 ms, used_size=14084096 bytes (34.4%)
(RDMA_READ_CONSUME_CHECK_CONSUMER) timestamp=4210 ms, used_size=14082048 bytes (34.4%)
(RDMA_READ_CONSUME_CHECK_CONSUMER) timestamp=4211 ms, used_size=14080000 bytes (34.4%)
(RDMA_READ_CONSUME_CHECK_CONSUMER) timestamp=4211 ms, used_size=14077952 bytes (34.4%)
(RDMA_READ_CONSUME_CHECK_CONSUMER) timestamp=4211 ms, used_size=14075904 bytes (34.4%)
(RDMA_READ_CONSUME_CHECK_CONSUMER) timestamp=4211 ms, used_size=14073856 bytes (34.4%)
(RDMA_READ_CONSUME_CHECK_CONSUMER) timestamp=4211 ms, used_size=14071808 bytes (34.4%)
(RDMA_READ_CONSUME_CHECK_CONSUMER) timestamp=4211 ms, used_size=14069760 bytes (34.4%)
(RDMA_READ_CONSUME_CHECK_CONSUMER) timestamp=4211 ms, used_size=14067712 bytes (34.3%)
(RDMA_READ_CONSUME_CHECK_CONSUMER) timestamp=4211 ms, used_size=14065664 bytes (34.3%)
(RDMA_READ_CONSUME_CHECK_CONSUMER) timestamp=4211 ms, used_size=14063616 bytes (34.3%)
(RDMA_READ_CONSUME_CHECK_CONSUMER) timestamp=4211 ms, used_size=14061568 bytes (34.3%)
(RDMA_READ_CONSUME_CHECK_CONSUMER) timestamp=4211 ms, used_size=14059520 bytes (34.3%)
(RDMA_READ_CONSUME_CHECK_CONSUMER) timestamp=4211 ms, used_size=14057472 bytes (34.3%)
(RDMA_READ_CONSUME_CHECK_CONSUMER) timestamp=4211 ms, used_size=14055424 bytes (34.3%)
(RDMA_READ_CONSUME_CHECK_CONSUMER) timestamp=4211 ms, used_size=14053376 bytes (34.3%)
(RDMA_READ_CONSUME_CHECK_CONSUMER) timestamp=4211 ms, used_size=14051328 bytes (34.3%)
(RDMA_READ_CONSUME_CHECK_CONSUMER) timestamp=4211 ms, used_size=14049280 bytes (34.3%)
(RDMA_READ_CONSUME_CHECK_CONSUMER) timestamp=4211 ms, used_size=14047232 bytes (34.3%)
(RDMA_READ_CONSUME_CHECK_CONSUMER) timestamp=4211 ms, used_size=14045184 bytes (34.3%)
(RDMA_READ_CONSUME_CHECK_CONSUMER) timestamp=4211 ms, used_size=14043136 bytes (34.3%)
(RDMA_READ_CONSUME_CHECK_CONSUMER) timestamp=4211 ms, used_size=14041088 bytes (34.3%)
(RDMA_READ_CONSUME_CHECK_CONSUMER) timestamp=4211 ms, used_size=14039040 bytes (34.3%)
(RDMA_READ_CONSUME_CHECK_CONSUMER) timestamp=4211 ms, used_size=14036992 bytes (34.3%)
(RDMA_READ_CONSUME_CHECK_CONSUMER) timestamp=4211 ms, used_size=14034944 bytes (34.3%)
(RDMA_READ_CONSUME_CHECK_CONSUMER) timestamp=4211 ms, used_size=14032896 bytes (34.3%)
(RDMA_READ_CONSUME_CHECK_CONSUMER) timestamp=4211 ms, used_size=14030848 bytes (34.3%)
(RDMA_READ_CONSUME_CHECK_CONSUMER) timestamp=4211 ms, used_size=14028800 bytes (34.2%)
(RDMA_READ_CONSUME_CHECK_CONSUMER) timestamp=4211 ms, used_size=14026752 bytes (34.2%)
(RDMA_READ_CONSUME_CHECK_CONSUMER) timestamp=4211 ms, used_size=14024704 bytes (34.2%)
(RDMA_READ_CONSUME_CHECK_CONSUMER) timestamp=4211 ms, used_size=14022656 bytes (34.2%)
(RDMA_READ_CONSUME_CHECK_CONSUMER) timestamp=4211 ms, used_size=14020608 bytes (34.2%)
(RDMA_READ_CONSUME_CHECK_CONSUMER) timestamp=4211 ms, used_size=14018560 bytes (34.2%)
(RDMA_READ_CONSUME_CHECK_CONSUMER) timestamp=4211 ms, used_size=14016512 bytes (34.2%)
(RDMA_READ_CONSUME_CHECK_CONSUMER) timestamp=4211 ms, used_size=14014464 bytes (34.2%)
(RDMA_READ_CONSUME_CHECK_CONSUMER) timestamp=4211 ms, used_size=14012416 bytes (34.2%)
(RDMA_READ_CONSUME_CHECK_CONSUMER) timestamp=4211 ms, used_size=14010368 bytes (34.2%)
(RDMA_READ_CONSUME_CHECK_CONSUMER) timestamp=4211 ms, used_size=14008320 bytes (34.2%)
(RDMA_READ_CONSUME_CHECK_CONSUMER) timestamp=4211 ms, used_size=14006272 bytes (34.2%)
(RDMA_READ_CONSUME_CHECK_CONSUMER) timestamp=4211 ms, used_size=14004224 bytes (34.2%)
(RDMA_READ_CONSUME_CHECK_CONSUMER) timestamp=4211 ms, used_size=14002176 bytes (34.2%)
(RDMA_READ_CONSUME_CHECK_CONSUMER) timestamp=4211 ms, used_size=14000128 bytes (34.2%)
(RDMA_READ_CONSUME_CHECK_CONSUMER) timestamp=4211 ms, used_size=13998080 bytes (34.2%)
(RDMA_READ_CONSUME_CHECK_CONSUMER) timestamp=4211 ms, used_size=13996032 bytes (34.2%)
(RDMA_READ_CONSUME_CHECK_CONSUMER) timestamp=4211 ms, used_size=13993984 bytes (34.2%)
(RDMA_READ_CONSUME_CHECK_CONSUMER) timestamp=4211 ms, used_size=13991936 bytes (34.2%)
(RDMA_READ_CONSUME_CHECK_CONSUMER) timestamp=4211 ms, used_size=13989888 bytes (34.2%)
(RDMA_READ_CONSUME_CHECK_CONSUMER) timestamp=4211 ms, used_size=13987840 bytes (34.1%)
(RDMA_READ_CONSUME_CHECK_CONSUMER) timestamp=4211 ms, used_size=13985792 bytes (34.1%)
(RDMA_READ_CONSUME_CHECK_CONSUMER) timestamp=4211 ms, used_size=13983744 bytes (34.1%)
(RDMA_READ_CONSUME_CHECK_CONSUMER) timestamp=4211 ms, used_size=13981696 bytes (34.1%)
(RDMA_READ_CONSUME_CHECK_CONSUMER) timestamp=4211 ms, used_size=13979648 bytes (34.1%)
(RDMA_READ_CONSUME_CHECK_CONSUMER) timestamp=4211 ms, used_size=13977600 bytes (34.1%)
(RDMA_READ_CONSUME_CHECK_CONSUMER) timestamp=4211 ms, used_size=13975552 bytes (34.1%)
(RDMA_READ_CONSUME_CHECK_CONSUMER) timestamp=4211 ms, used_size=13973504 bytes (34.1%)
(RDMA_READ_CONSUME_CHECK_CONSUMER) timestamp=4211 ms, used_size=13971456 bytes (34.1%)
(RDMA_READ_CONSUME_CHECK_CONSUMER) timestamp=4211 ms, used_size=13969408 bytes (34.1%)
(RDMA_READ_CONSUME_CHECK_CONSUMER) timestamp=4211 ms, used_size=13967360 bytes (34.1%)
(RDMA_READ_CONSUME_CHECK_CONSUMER) timestamp=4211 ms, used_size=13965312 bytes (34.1%)
(RDMA_READ_CONSUME_CHECK_CONSUMER) timestamp=4211 ms, used_size=13963264 bytes (34.1%)
(RDMA_READ_CONSUME_CHECK_CONSUMER) timestamp=4211 ms, used_size=13961216 bytes (34.1%)
(RDMA_READ_CONSUME_CHECK_CONSUMER) timestamp=4211 ms, used_size=13959168 bytes (34.1%)
(RDMA_READ_CONSUME_CHECK_CONSUMER) timestamp=4211 ms, used_size=13957120 bytes (34.1%)
(RDMA_READ_CONSUME_CHECK_CONSUMER) timestamp=4211 ms, used_size=13955072 bytes (34.1%)
(RDMA_READ_CONSUME_CHECK_CONSUMER) timestamp=4211 ms, used_size=13953024 bytes (34.1%)
(RDMA_READ_CONSUME_CHECK_CONSUMER) timestamp=4211 ms, used_size=13950976 bytes (34.1%)
(RDMA_READ_CONSUME_CHECK_CONSUMER) timestamp=4211 ms, used_size=13948928 bytes (34.1%)
(RDMA_READ_CONSUME_CHECK_CONSUMER) timestamp=4211 ms, used_size=13946880 bytes (34.0%)
(RDMA_READ_CONSUME_CHECK_CONSUMER) timestamp=4211 ms, used_size=13944832 bytes (34.0%)
(RDMA_READ_CONSUME_CHECK_CONSUMER) timestamp=4211 ms, used_size=13942784 bytes (34.0%)
(RDMA_READ_CONSUME_CHECK_CONSUMER) timestamp=4211 ms, used_size=13940736 bytes (34.0%)
(RDMA_READ_CONSUME_CHECK_CONSUMER) timestamp=4211 ms, used_size=13938688 bytes (34.0%)
(RDMA_READ_CONSUME_CHECK_CONSUMER) timestamp=4211 ms, used_size=13936640 bytes (34.0%)
(RDMA_READ_CONSUME_CHECK_CONSUMER) timestamp=4211 ms, used_size=13934592 bytes (34.0%)
(RDMA_READ_CONSUME_CHECK_CONSUMER) timestamp=4211 ms, used_size=13932544 bytes (34.0%)
(RDMA_READ_CONSUME_CHECK_CONSUMER) timestamp=4211 ms, used_size=13930496 bytes (34.0%)
(RDMA_READ_CONSUME_CHECK_CONSUMER) timestamp=4211 ms, used_size=13928448 bytes (34.0%)
(RDMA_READ_CONSUME_CHECK_CONSUMER) timestamp=4211 ms, used_size=13926400 bytes (34.0%)
(RDMA_READ_CONSUME_CHECK_CONSUMER) timestamp=4211 ms, used_size=13924352 bytes (34.0%)
(RDMA_READ_CONSUME_CHECK_CONSUMER) timestamp=4211 ms, used_size=13922304 bytes (34.0%)
(RDMA_READ_CONSUME_CHECK_CONSUMER) timestamp=4211 ms, used_size=13920256 bytes (34.0%)
(RDMA_READ_CONSUME_CHECK_CONSUMER) timestamp=4211 ms, used_size=13918208 bytes (34.0%)
(RDMA_READ_CONSUME_CHECK_CONSUMER) timestamp=4211 ms, used_size=13916160 bytes (34.0%)
(RDMA_READ_CONSUME_CHECK_CONSUMER) timestamp=4211 ms, used_size=13914112 bytes (34.0%)
(RDMA_READ_CONSUME_CHECK_CONSUMER) timestamp=4211 ms, used_size=13912064 bytes (34.0%)
(RDMA_READ_CONSUME_CHECK_CONSUMER) timestamp=4211 ms, used_size=13910016 bytes (34.0%)
(RDMA_READ_CONSUME_CHECK_CONSUMER) timestamp=4211 ms, used_size=13907968 bytes (34.0%)
(RDMA_READ_CONSUME_CHECK_CONSUMER) timestamp=4211 ms, used_size=13905920 bytes (34.0%)
(RDMA_READ_CONSUME_CHECK_CONSUMER) timestamp=4211 ms, used_size=13903872 bytes (33.9%)
(RDMA_READ_CONSUME_CHECK_CONSUMER) timestamp=4211 ms, used_size=13901824 bytes (33.9%)
(RDMA_READ_CONSUME_CHECK_CONSUMER) timestamp=4211 ms, used_size=13899776 bytes (33.9%)
(RDMA_READ_CONSUME_CHECK_CONSUMER) timestamp=4211 ms, used_size=13897728 bytes (33.9%)
(RDMA_READ_CONSUME_CHECK_CONSUMER) timestamp=4211 ms, used_size=13895680 bytes (33.9%)
(RDMA_READ_CONSUME_CHECK_CONSUMER) timestamp=4211 ms, used_size=13893632 bytes (33.9%)
(RDMA_READ_CONSUME_CHECK_CONSUMER) timestamp=4211 ms, used_size=13891584 bytes (33.9%)
(RDMA_READ_CONSUME_CHECK_CONSUMER) timestamp=4211 ms, used_size=13889536 bytes (33.9%)
(RDMA_READ_CONSUME_CHECK_CONSUMER) timestamp=4211 ms, used_size=13887488 bytes (33.9%)
(RDMA_READ_CONSUME_CHECK_CONSUMER) timestamp=4211 ms, used_size=13885440 bytes (33.9%)
(RDMA_READ_CONSUME_CHECK_CONSUMER) timestamp=4211 ms, used_size=13883392 bytes (33.9%)
(RDMA_READ_CONSUME_CHECK_CONSUMER) timestamp=4211 ms, used_size=13881344 bytes (33.9%)
(RDMA_READ_CONSUME_CHECK_CONSUMER) timestamp=4211 ms, used_size=13879296 bytes (33.9%)
(RDMA_READ_CONSUME_CHECK_CONSUMER) timestamp=4211 ms, used_size=13877248 bytes (33.9%)
(RDMA_READ_CONSUME_CHECK_CONSUMER) timestamp=4211 ms, used_size=13875200 bytes (33.9%)
(RDMA_READ_CONSUME_CHECK_CONSUMER) timestamp=4211 ms, used_size=13873152 bytes (33.9%)
(RDMA_READ_CONSUME_CHECK_CONSUMER) timestamp=4211 ms, used_size=13871104 bytes (33.9%)
(RDMA_READ_CONSUME_CHECK_CONSUMER) timestamp=4211 ms, used_size=13869056 bytes (33.9%)
(RDMA_READ_CONSUME_CHECK_CONSUMER) timestamp=4211 ms, used_size=13867008 bytes (33.9%)
(RDMA_READ_CONSUME_CHECK_CONSUMER) timestamp=4211 ms, used_size=13864960 bytes (33.9%)
(RDMA_READ_CONSUME_CHECK_CONSUMER) timestamp=4211 ms, used_size=13862912 bytes (33.8%)
(RDMA_READ_CONSUME_CHECK_CONSUMER) timestamp=4211 ms, used_size=13860864 bytes (33.8%)
(RDMA_READ_CONSUME_CHECK_CONSUMER) timestamp=4211 ms, used_size=13858816 bytes (33.8%)
(RDMA_READ_CONSUME_CHECK_CONSUMER) timestamp=4211 ms, used_size=13856768 bytes (33.8%)
(RDMA_READ_CONSUME_CHECK_CONSUMER) timestamp=4211 ms, used_size=13854720 bytes (33.8%)
(RDMA_READ_CONSUME_CHECK_CONSUMER) timestamp=4211 ms, used_size=13852672 bytes (33.8%)
(RDMA_READ_CONSUME_CHECK_CONSUMER) timestamp=4211 ms, used_size=13850624 bytes (33.8%)
(RDMA_READ_CONSUME_CHECK_CONSUMER) timestamp=4211 ms, used_size=13848576 bytes (33.8%)
(RDMA_READ_CONSUME_CHECK_CONSUMER) timestamp=4211 ms, used_size=13846528 bytes (33.8%)
(RDMA_READ_CONSUME_CHECK_CONSUMER) timestamp=4211 ms, used_size=13844480 bytes (33.8%)
(RDMA_READ_CONSUME_CHECK_CONSUMER) timestamp=4211 ms, used_size=13842432 bytes (33.8%)
(RDMA_READ_CONSUME_CHECK_CONSUMER) timestamp=4211 ms, used_size=13840384 bytes (33.8%)
(RDMA_READ_CONSUME_CHECK_CONSUMER) timestamp=4211 ms, used_size=13838336 bytes (33.8%)
(RDMA_READ_CONSUME_CHECK_CONSUMER) timestamp=4211 ms, used_size=13836288 bytes (33.8%)
(RDMA_READ_CONSUME_CHECK_CONSUMER) timestamp=4211 ms, used_size=13834240 bytes (33.8%)
(RDMA_READ_CONSUME_CHECK_CONSUMER) timestamp=4211 ms, used_size=13832192 bytes (33.8%)
(RDMA_READ_CONSUME_CHECK_CONSUMER) timestamp=4211 ms, used_size=13830144 bytes (33.8%)
(RDMA_READ_CONSUME_CHECK_CONSUMER) timestamp=4211 ms, used_size=13828096 bytes (33.8%)
(RDMA_READ_CONSUME_CHECK_CONSUMER) timestamp=4211 ms, used_size=13826048 bytes (33.8%)
(RDMA_READ_CONSUME_CHECK_CONSUMER) timestamp=4211 ms, used_size=13824000 bytes (33.8%)
(RDMA_READ_CONSUME_CHECK_CONSUMER) timestamp=4211 ms, used_size=13821952 bytes (33.7%)
(RDMA_READ_CONSUME_CHECK_CONSUMER) timestamp=4211 ms, used_size=13819904 bytes (33.7%)
(RDMA_READ_CONSUME_CHECK_CONSUMER) timestamp=4211 ms, used_size=13817856 bytes (33.7%)
(RDMA_READ_CONSUME_CHECK_CONSUMER) timestamp=4211 ms, used_size=13815808 bytes (33.7%)
(RDMA_READ_CONSUME_CHECK_CONSUMER) timestamp=4211 ms, used_size=13813760 bytes (33.7%)
(RDMA_READ_CONSUME_CHECK_CONSUMER) timestamp=4211 ms, used_size=13811712 bytes (33.7%)
(RDMA_READ_CONSUME_CHECK_CONSUMER) timestamp=4211 ms, used_size=13809664 bytes (33.7%)
(RDMA_READ_CONSUME_CHECK_CONSUMER) timestamp=4211 ms, used_size=13807616 bytes (33.7%)
(RDMA_READ_CONSUME_CHECK_CONSUMER) timestamp=4211 ms, used_size=13805568 bytes (33.7%)
(RDMA_READ_CONSUME_CHECK_CONSUMER) timestamp=4211 ms, used_size=13803520 bytes (33.7%)
(RDMA_READ_CONSUME_CHECK_CONSUMER) timestamp=4211 ms, used_size=13801472 bytes (33.7%)
(RDMA_READ_CONSUME_CHECK_CONSUMER) timestamp=4211 ms, used_size=13799424 bytes (33.7%)
(RDMA_READ_CONSUME_CHECK_CONSUMER) timestamp=4211 ms, used_size=13797376 bytes (33.7%)
(RDMA_READ_CONSUME_CHECK_CONSUMER) timestamp=4211 ms, used_size=13795328 bytes (33.7%)
(RDMA_READ_CONSUME_CHECK_CONSUMER) timestamp=4211 ms, used_size=13793280 bytes (33.7%)
(RDMA_READ_CONSUME_CHECK_CONSUMER) timestamp=4211 ms, used_size=13791232 bytes (33.7%)
(RDMA_READ_CONSUME_CHECK_CONSUMER) timestamp=4211 ms, used_size=13789184 bytes (33.7%)
(RDMA_READ_CONSUME_CHECK_CONSUMER) timestamp=4211 ms, used_size=13787136 bytes (33.7%)
(RDMA_READ_CONSUME_CHECK_CONSUMER) timestamp=4211 ms, used_size=13785088 bytes (33.7%)
(RDMA_READ_CONSUME_CHECK_CONSUMER) timestamp=4211 ms, used_size=13783040 bytes (33.6%)
(RDMA_READ_CONSUME_CHECK_CONSUMER) timestamp=4211 ms, used_size=13780992 bytes (33.6%)
(RDMA_READ_CONSUME_CHECK_CONSUMER) timestamp=4211 ms, used_size=13778944 bytes (33.6%)
(RDMA_READ_CONSUME_CHECK_CONSUMER) timestamp=4211 ms, used_size=13776896 bytes (33.6%)
(RDMA_READ_CONSUME_CHECK_CONSUMER) timestamp=4211 ms, used_size=13774848 bytes (33.6%)
(RDMA_READ_CONSUME_CHECK_CONSUMER) timestamp=4211 ms, used_size=13772800 bytes (33.6%)
(RDMA_READ_CONSUME_CHECK_CONSUMER) timestamp=4211 ms, used_size=13770752 bytes (33.6%)
(RDMA_READ_CONSUME_CHECK_CONSUMER) timestamp=4211 ms, used_size=13768704 bytes (33.6%)
(RDMA_READ_CONSUME_CHECK_CONSUMER) timestamp=4211 ms, used_size=13766656 bytes (33.6%)
(RDMA_READ_CONSUME_CHECK_CONSUMER) timestamp=4211 ms, used_size=13764608 bytes (33.6%)
(RDMA_READ_CONSUME_CHECK_CONSUMER) timestamp=4211 ms, used_size=13762560 bytes (33.6%)
(RDMA_READ_CONSUME_CHECK_CONSUMER) timestamp=4211 ms, used_size=13760512 bytes (33.6%)
(RDMA_READ_CONSUME_CHECK_CONSUMER) timestamp=4211 ms, used_size=13758464 bytes (33.6%)
(RDMA_READ_CONSUME_CHECK_CONSUMER) timestamp=4211 ms, used_size=13756416 bytes (33.6%)
(RDMA_READ_CONSUME_CHECK_CONSUMER) timestamp=4211 ms, used_size=13754368 bytes (33.6%)
(RDMA_READ_CONSUME_CHECK_CONSUMER) timestamp=4211 ms, used_size=13752320 bytes (33.6%)
(RDMA_READ_CONSUME_CHECK_CONSUMER) timestamp=4211 ms, used_size=13750272 bytes (33.6%)
(RDMA_READ_CONSUME_CHECK_CONSUMER) timestamp=4211 ms, used_size=13748224 bytes (33.6%)
(RDMA_READ_CONSUME_CHECK_CONSUMER) timestamp=4211 ms, used_size=13746176 bytes (33.6%)
(RDMA_READ_CONSUME_CHECK_CONSUMER) timestamp=4211 ms, used_size=13744128 bytes (33.6%)
(RDMA_READ_CONSUME_CHECK_CONSUMER) timestamp=4211 ms, used_size=13742080 bytes (33.5%)
(RDMA_READ_CONSUME_CHECK_CONSUMER) timestamp=4211 ms, used_size=13740032 bytes (33.5%)
(RDMA_READ_CONSUME_CHECK_CONSUMER) timestamp=4211 ms, used_size=13737984 bytes (33.5%)
(RDMA_READ_CONSUME_CHECK_CONSUMER) timestamp=4211 ms, used_size=13735936 bytes (33.5%)
(RDMA_READ_CONSUME_CHECK_CONSUMER) timestamp=4211 ms, used_size=13733888 bytes (33.5%)
(RDMA_READ_CONSUME_CHECK_CONSUMER) timestamp=4211 ms, used_size=13731840 bytes (33.5%)
(RDMA_READ_CONSUME_CHECK_CONSUMER) timestamp=4211 ms, used_size=13729792 bytes (33.5%)
(RDMA_READ_CONSUME_CHECK_CONSUMER) timestamp=4211 ms, used_size=13727744 bytes (33.5%)
(RDMA_READ_CONSUME_CHECK_CONSUMER) timestamp=4211 ms, used_size=13725696 bytes (33.5%)
(RDMA_READ_CONSUME_CHECK_CONSUMER) timestamp=4211 ms, used_size=13723648 bytes (33.5%)
(RDMA_READ_CONSUME_CHECK_CONSUMER) timestamp=4211 ms, used_size=13721600 bytes (33.5%)
(RDMA_READ_CONSUME_CHECK_CONSUMER) timestamp=4211 ms, used_size=13719552 bytes (33.5%)
(RDMA_READ_CONSUME_CHECK_CONSUMER) timestamp=4211 ms, used_size=13717504 bytes (33.5%)
(RDMA_READ_CONSUME_CHECK_CONSUMER) timestamp=4211 ms, used_size=13715456 bytes (33.5%)
(RDMA_READ_CONSUME_CHECK_CONSUMER) timestamp=4211 ms, used_size=13713408 bytes (33.5%)
(RDMA_READ_CONSUME_CHECK_CONSUMER) timestamp=4212 ms, used_size=13711360 bytes (33.5%)
(RDMA_READ_CONSUME_CHECK_CONSUMER) timestamp=4212 ms, used_size=13709312 bytes (33.5%)
(RDMA_READ_CONSUME_CHECK_CONSUMER) timestamp=4212 ms, used_size=13707264 bytes (33.5%)
(RDMA_READ_CONSUME_CHECK_CONSUMER) timestamp=4212 ms, used_size=13705216 bytes (33.5%)
(RDMA_READ_CONSUME_CHECK_CONSUMER) timestamp=4212 ms, used_size=13703168 bytes (33.5%)
(RDMA_READ_CONSUME_CHECK_CONSUMER) timestamp=4212 ms, used_size=13701120 bytes (33.5%)
(RDMA_READ_CONSUME_CHECK_CONSUMER) timestamp=4212 ms, used_size=13699072 bytes (33.4%)
(RDMA_READ_CONSUME_CHECK_CONSUMER) timestamp=4212 ms, used_size=13697024 bytes (33.4%)
(RDMA_READ_CONSUME_CHECK_CONSUMER) timestamp=4212 ms, used_size=13694976 bytes (33.4%)
(RDMA_READ_CONSUME_CHECK_CONSUMER) timestamp=4212 ms, used_size=13692928 bytes (33.4%)
(RDMA_READ_CONSUME_CHECK_CONSUMER) timestamp=4212 ms, used_size=13690880 bytes (33.4%)
(RDMA_READ_CONSUME_CHECK_CONSUMER) timestamp=4212 ms, used_size=13688832 bytes (33.4%)
(RDMA_READ_CONSUME_CHECK_CONSUMER) timestamp=4212 ms, used_size=13686784 bytes (33.4%)
(RDMA_READ_CONSUME_CHECK_CONSUMER) timestamp=4212 ms, used_size=13684736 bytes (33.4%)
(RDMA_READ_CONSUME_CHECK_CONSUMER) timestamp=4212 ms, used_size=13682688 bytes (33.4%)
(RDMA_READ_CONSUME_CHECK_CONSUMER) timestamp=4212 ms, used_size=13680640 bytes (33.4%)
(RDMA_READ_CONSUME_CHECK_CONSUMER) timestamp=4212 ms, used_size=13678592 bytes (33.4%)
(RDMA_READ_CONSUME_CHECK_CONSUMER) timestamp=4212 ms, used_size=13676544 bytes (33.4%)
(RDMA_READ_CONSUME_CHECK_CONSUMER) timestamp=4212 ms, used_size=13674496 bytes (33.4%)
(RDMA_READ_CONSUME_CHECK_CONSUMER) timestamp=4212 ms, used_size=13672448 bytes (33.4%)
(RDMA_READ_CONSUME_CHECK_CONSUMER) timestamp=4212 ms, used_size=13670400 bytes (33.4%)
(RDMA_READ_CONSUME_CHECK_CONSUMER) timestamp=4212 ms, used_size=13668352 bytes (33.4%)
(RDMA_READ_CONSUME_CHECK_CONSUMER) timestamp=4212 ms, used_size=13666304 bytes (33.4%)
(RDMA_READ_CONSUME_CHECK_CONSUMER) timestamp=4212 ms, used_size=13664256 bytes (33.4%)
(RDMA_READ_CONSUME_CHECK_CONSUMER) timestamp=4212 ms, used_size=13662208 bytes (33.4%)
(RDMA_READ_CONSUME_CHECK_CONSUMER) timestamp=4212 ms, used_size=13660160 bytes (33.4%)
(RDMA_READ_CONSUME_CHECK_CONSUMER) timestamp=4212 ms, used_size=13658112 bytes (33.3%)
(RDMA_READ_CONSUME_CHECK_CONSUMER) timestamp=4212 ms, used_size=13656064 bytes (33.3%)
(RDMA_READ_CONSUME_CHECK_CONSUMER) timestamp=4212 ms, used_size=13654016 bytes (33.3%)
(RDMA_READ_CONSUME_CHECK_CONSUMER) timestamp=4212 ms, used_size=13651968 bytes (33.3%)
(RDMA_READ_CONSUME_CHECK_CONSUMER) timestamp=4212 ms, used_size=13649920 bytes (33.3%)
(RDMA_READ_CONSUME_CHECK_CONSUMER) timestamp=4212 ms, used_size=13647872 bytes (33.3%)
(RDMA_READ_CONSUME_CHECK_CONSUMER) timestamp=4212 ms, used_size=13645824 bytes (33.3%)
(RDMA_READ_CONSUME_CHECK_CONSUMER) timestamp=4212 ms, used_size=13643776 bytes (33.3%)
(RDMA_READ_CONSUME_CHECK_CONSUMER) timestamp=4212 ms, used_size=13641728 bytes (33.3%)
(RDMA_READ_CONSUME_CHECK_CONSUMER) timestamp=4212 ms, used_size=13639680 bytes (33.3%)
(RDMA_READ_CONSUME_CHECK_CONSUMER) timestamp=4212 ms, used_size=13637632 bytes (33.3%)
(RDMA_READ_CONSUME_CHECK_CONSUMER) timestamp=4212 ms, used_size=13635584 bytes (33.3%)
(RDMA_READ_CONSUME_CHECK_CONSUMER) timestamp=4212 ms, used_size=13633536 bytes (33.3%)
(RDMA_READ_CONSUME_CHECK_CONSUMER) timestamp=4212 ms, used_size=13631488 bytes (33.3%)
(RDMA_READ_CONSUME_CHECK_CONSUMER) timestamp=4212 ms, used_size=13629440 bytes (33.3%)
(RDMA_READ_CONSUME_CHECK_CONSUMER) timestamp=4212 ms, used_size=13627392 bytes (33.3%)
(RDMA_READ_CONSUME_CHECK_CONSUMER) timestamp=4212 ms, used_size=13625344 bytes (33.3%)
(RDMA_READ_CONSUME_CHECK_CONSUMER) timestamp=4212 ms, used_size=13623296 bytes (33.3%)
(RDMA_READ_CONSUME_CHECK_CONSUMER) timestamp=4212 ms, used_size=13621248 bytes (33.3%)
(RDMA_READ_CONSUME_CHECK_CONSUMER) timestamp=4212 ms, used_size=13619200 bytes (33.2%)
(RDMA_READ_CONSUME_CHECK_CONSUMER) timestamp=4212 ms, used_size=13617152 bytes (33.2%)
(RDMA_READ_CONSUME_CHECK_CONSUMER) timestamp=4212 ms, used_size=13615104 bytes (33.2%)
(RDMA_READ_CONSUME_CHECK_CONSUMER) timestamp=4212 ms, used_size=13613056 bytes (33.2%)
(RDMA_READ_CONSUME_CHECK_CONSUMER) timestamp=4212 ms, used_size=13611008 bytes (33.2%)
(RDMA_READ_CONSUME_CHECK_CONSUMER) timestamp=4212 ms, used_size=13608960 bytes (33.2%)
(RDMA_READ_CONSUME_CHECK_CONSUMER) timestamp=4212 ms, used_size=13606912 bytes (33.2%)
(RDMA_READ_CONSUME_CHECK_CONSUMER) timestamp=4212 ms, used_size=13604864 bytes (33.2%)
(RDMA_READ_CONSUME_CHECK_CONSUMER) timestamp=4212 ms, used_size=13602816 bytes (33.2%)
(RDMA_READ_CONSUME_CHECK_CONSUMER) timestamp=4212 ms, used_size=13600768 bytes (33.2%)
(RDMA_READ_CONSUME_CHECK_CONSUMER) timestamp=4212 ms, used_size=13598720 bytes (33.2%)
(RDMA_READ_CONSUME_CHECK_CONSUMER) timestamp=4212 ms, used_size=13596672 bytes (33.2%)
(RDMA_READ_CONSUME_CHECK_CONSUMER) timestamp=4212 ms, used_size=13594624 bytes (33.2%)
(RDMA_READ_CONSUME_CHECK_CONSUMER) timestamp=4212 ms, used_size=13592576 bytes (33.2%)
(RDMA_READ_CONSUME_CHECK_CONSUMER) timestamp=4212 ms, used_size=13590528 bytes (33.2%)
(RDMA_READ_CONSUME_CHECK_CONSUMER) timestamp=4212 ms, used_size=13588480 bytes (33.2%)
(RDMA_READ_CONSUME_CHECK_CONSUMER) timestamp=4212 ms, used_size=13586432 bytes (33.2%)
(RDMA_READ_CONSUME_CHECK_CONSUMER) timestamp=4212 ms, used_size=13584384 bytes (33.2%)
(RDMA_READ_CONSUME_CHECK_CONSUMER) timestamp=4212 ms, used_size=13582336 bytes (33.2%)
(RDMA_READ_CONSUME_CHECK_CONSUMER) timestamp=4212 ms, used_size=13580288 bytes (33.2%)
(RDMA_READ_CONSUME_CHECK_CONSUMER) timestamp=4212 ms, used_size=13578240 bytes (33.1%)
(RDMA_READ_CONSUME_CHECK_CONSUMER) timestamp=4212 ms, used_size=13576192 bytes (33.1%)
(RDMA_READ_CONSUME_CHECK_CONSUMER) timestamp=4212 ms, used_size=13574144 bytes (33.1%)
(RDMA_READ_CONSUME_CHECK_CONSUMER) timestamp=4212 ms, used_size=13572096 bytes (33.1%)
(RDMA_READ_CONSUME_CHECK_CONSUMER) timestamp=4212 ms, used_size=13570048 bytes (33.1%)
(RDMA_READ_CONSUME_CHECK_CONSUMER) timestamp=4212 ms, used_size=13568000 bytes (33.1%)
(RDMA_READ_CONSUME_CHECK_CONSUMER) timestamp=4212 ms, used_size=13565952 bytes (33.1%)
(RDMA_READ_CONSUME_CHECK_CONSUMER) timestamp=4212 ms, used_size=13563904 bytes (33.1%)
(RDMA_READ_CONSUME_CHECK_CONSUMER) timestamp=4212 ms, used_size=13561856 bytes (33.1%)
(RDMA_READ_CONSUME_CHECK_CONSUMER) timestamp=4212 ms, used_size=13559808 bytes (33.1%)
(RDMA_READ_CONSUME_CHECK_CONSUMER) timestamp=4212 ms, used_size=13557760 bytes (33.1%)
(RDMA_READ_CONSUME_CHECK_CONSUMER) timestamp=4212 ms, used_size=13555712 bytes (33.1%)
(RDMA_READ_CONSUME_CHECK_CONSUMER) timestamp=4212 ms, used_size=13553664 bytes (33.1%)
(RDMA_READ_CONSUME_CHECK_CONSUMER) timestamp=4212 ms, used_size=13551616 bytes (33.1%)
(RDMA_READ_CONSUME_CHECK_CONSUMER) timestamp=4212 ms, used_size=13549568 bytes (33.1%)
(RDMA_READ_CONSUME_CHECK_CONSUMER) timestamp=4212 ms, used_size=13547520 bytes (33.1%)
(RDMA_READ_CONSUME_CHECK_CONSUMER) timestamp=4212 ms, used_size=13545472 bytes (33.1%)
(RDMA_READ_CONSUME_CHECK_CONSUMER) timestamp=4212 ms, used_size=13543424 bytes (33.1%)
(RDMA_READ_CONSUME_CHECK_CONSUMER) timestamp=4212 ms, used_size=13541376 bytes (33.1%)
(RDMA_READ_CONSUME_CHECK_CONSUMER) timestamp=4212 ms, used_size=13539328 bytes (33.1%)
(RDMA_READ_CONSUME_CHECK_CONSUMER) timestamp=4212 ms, used_size=13537280 bytes (33.0%)
(RDMA_READ_CONSUME_CHECK_CONSUMER) timestamp=4212 ms, used_size=13535232 bytes (33.0%)
(RDMA_READ_CONSUME_CHECK_CONSUMER) timestamp=4212 ms, used_size=13533184 bytes (33.0%)
(RDMA_READ_CONSUME_CHECK_CONSUMER) timestamp=4212 ms, used_size=13531136 bytes (33.0%)
(RDMA_READ_CONSUME_CHECK_CONSUMER) timestamp=4212 ms, used_size=13529088 bytes (33.0%)
(RDMA_READ_CONSUME_CHECK_CONSUMER) timestamp=4212 ms, used_size=13527040 bytes (33.0%)
(RDMA_READ_CONSUME_CHECK_CONSUMER) timestamp=4212 ms, used_size=13524992 bytes (33.0%)
(RDMA_READ_CONSUME_CHECK_CONSUMER) timestamp=4212 ms, used_size=13522944 bytes (33.0%)
(RDMA_READ_CONSUME_CHECK_CONSUMER) timestamp=4212 ms, used_size=13520896 bytes (33.0%)
(RDMA_READ_CONSUME_CHECK_CONSUMER) timestamp=4212 ms, used_size=13518848 bytes (33.0%)
(RDMA_READ_CONSUME_CHECK_CONSUMER) timestamp=4212 ms, used_size=13516800 bytes (33.0%)
(RDMA_READ_CONSUME_CHECK_CONSUMER) timestamp=4212 ms, used_size=13514752 bytes (33.0%)
(RDMA_READ_CONSUME_CHECK_CONSUMER) timestamp=4212 ms, used_size=13512704 bytes (33.0%)
(RDMA_READ_CONSUME_CHECK_CONSUMER) timestamp=4212 ms, used_size=13510656 bytes (33.0%)
(RDMA_READ_CONSUME_CHECK_CONSUMER) timestamp=4212 ms, used_size=13508608 bytes (33.0%)
(RDMA_READ_CONSUME_CHECK_CONSUMER) timestamp=4212 ms, used_size=13506560 bytes (33.0%)
(RDMA_READ_CONSUME_CHECK_CONSUMER) timestamp=4212 ms, used_size=13504512 bytes (33.0%)
(RDMA_READ_CONSUME_CHECK_CONSUMER) timestamp=4212 ms, used_size=13502464 bytes (33.0%)
(RDMA_READ_CONSUME_CHECK_CONSUMER) timestamp=4212 ms, used_size=13500416 bytes (33.0%)
(RDMA_READ_CONSUME_CHECK_CONSUMER) timestamp=4212 ms, used_size=13498368 bytes (33.0%)
(RDMA_READ_CONSUME_CHECK_CONSUMER) timestamp=4212 ms, used_size=13496320 bytes (33.0%)
(RDMA_READ_CONSUME_CHECK_CONSUMER) timestamp=4212 ms, used_size=13494272 bytes (32.9%)
(RDMA_READ_CONSUME_CHECK_CONSUMER) timestamp=4212 ms, used_size=13492224 bytes (32.9%)
(RDMA_READ_CONSUME_CHECK_CONSUMER) timestamp=4212 ms, used_size=13490176 bytes (32.9%)
(RDMA_READ_CONSUME_CHECK_CONSUMER) timestamp=4212 ms, used_size=13488128 bytes (32.9%)
(RDMA_READ_CONSUME_CHECK_CONSUMER) timestamp=4212 ms, used_size=13486080 bytes (32.9%)
(RDMA_READ_CONSUME_CHECK_CONSUMER) timestamp=4212 ms, used_size=13484032 bytes (32.9%)
(RDMA_READ_CONSUME_CHECK_CONSUMER) timestamp=4212 ms, used_size=13481984 bytes (32.9%)
(RDMA_READ_CONSUME_CHECK_CONSUMER) timestamp=4212 ms, used_size=13479936 bytes (32.9%)
(RDMA_READ_CONSUME_CHECK_CONSUMER) timestamp=4212 ms, used_size=13477888 bytes (32.9%)
(RDMA_READ_CONSUME_CHECK_CONSUMER) timestamp=4212 ms, used_size=13475840 bytes (32.9%)
(RDMA_READ_CONSUME_CHECK_CONSUMER) timestamp=4212 ms, used_size=13473792 bytes (32.9%)
(RDMA_READ_CONSUME_CHECK_CONSUMER) timestamp=4212 ms, used_size=13471744 bytes (32.9%)
(RDMA_READ_CONSUME_CHECK_CONSUMER) timestamp=4212 ms, used_size=13469696 bytes (32.9%)
(RDMA_READ_CONSUME_CHECK_CONSUMER) timestamp=4212 ms, used_size=13467648 bytes (32.9%)
(RDMA_READ_CONSUME_CHECK_CONSUMER) timestamp=4212 ms, used_size=13465600 bytes (32.9%)
(RDMA_READ_CONSUME_CHECK_CONSUMER) timestamp=4212 ms, used_size=13463552 bytes (32.9%)
(RDMA_READ_CONSUME_CHECK_CONSUMER) timestamp=4212 ms, used_size=13461504 bytes (32.9%)
(RDMA_READ_CONSUME_CHECK_CONSUMER) timestamp=4212 ms, used_size=13459456 bytes (32.9%)
(RDMA_READ_CONSUME_CHECK_CONSUMER) timestamp=4212 ms, used_size=13457408 bytes (32.9%)
(RDMA_READ_CONSUME_CHECK_CONSUMER) timestamp=4212 ms, used_size=13455360 bytes (32.9%)
(RDMA_READ_CONSUME_CHECK_CONSUMER) timestamp=4212 ms, used_size=13453312 bytes (32.8%)
(RDMA_READ_CONSUME_CHECK_CONSUMER) timestamp=4212 ms, used_size=13451264 bytes (32.8%)
(RDMA_READ_CONSUME_CHECK_CONSUMER) timestamp=4212 ms, used_size=13449216 bytes (32.8%)
(RDMA_READ_CONSUME_CHECK_CONSUMER) timestamp=4212 ms, used_size=13447168 bytes (32.8%)
(RDMA_READ_CONSUME_CHECK_CONSUMER) timestamp=4212 ms, used_size=13445120 bytes (32.8%)
(RDMA_READ_CONSUME_CHECK_CONSUMER) timestamp=4212 ms, used_size=13443072 bytes (32.8%)
(RDMA_READ_CONSUME_CHECK_CONSUMER) timestamp=4212 ms, used_size=13441024 bytes (32.8%)
(RDMA_READ_CONSUME_CHECK_CONSUMER) timestamp=4212 ms, used_size=13438976 bytes (32.8%)
(RDMA_READ_CONSUME_CHECK_CONSUMER) timestamp=4212 ms, used_size=13436928 bytes (32.8%)
(RDMA_READ_CONSUME_CHECK_CONSUMER) timestamp=4212 ms, used_size=13434880 bytes (32.8%)
(RDMA_READ_CONSUME_CHECK_CONSUMER) timestamp=4212 ms, used_size=13432832 bytes (32.8%)
(RDMA_READ_CONSUME_CHECK_CONSUMER) timestamp=4212 ms, used_size=13430784 bytes (32.8%)
(RDMA_READ_CONSUME_CHECK_CONSUMER) timestamp=4212 ms, used_size=13428736 bytes (32.8%)
(RDMA_READ_CONSUME_CHECK_CONSUMER) timestamp=4212 ms, used_size=13426688 bytes (32.8%)
(RDMA_READ_CONSUME_CHECK_CONSUMER) timestamp=4212 ms, used_size=13424640 bytes (32.8%)
(RDMA_READ_CONSUME_CHECK_CONSUMER) timestamp=4212 ms, used_size=13422592 bytes (32.8%)
(RDMA_READ_CONSUME_CHECK_CONSUMER) timestamp=4212 ms, used_size=13420544 bytes (32.8%)
(RDMA_READ_CONSUME_CHECK_CONSUMER) timestamp=4212 ms, used_size=13418496 bytes (32.8%)
(RDMA_READ_CONSUME_CHECK_CONSUMER) timestamp=4212 ms, used_size=13416448 bytes (32.8%)
(RDMA_READ_CONSUME_CHECK_CONSUMER) timestamp=4212 ms, used_size=13414400 bytes (32.8%)
(RDMA_READ_CONSUME_CHECK_CONSUMER) timestamp=4212 ms, used_size=13412352 bytes (32.7%)
(RDMA_READ_CONSUME_CHECK_CONSUMER) timestamp=4212 ms, used_size=13410304 bytes (32.7%)
(RDMA_READ_CONSUME_CHECK_CONSUMER) timestamp=4212 ms, used_size=13408256 bytes (32.7%)
(RDMA_READ_CONSUME_CHECK_CONSUMER) timestamp=4212 ms, used_size=13406208 bytes (32.7%)
(RDMA_READ_CONSUME_CHECK_CONSUMER) timestamp=4212 ms, used_size=13404160 bytes (32.7%)
(RDMA_READ_CONSUME_CHECK_CONSUMER) timestamp=4212 ms, used_size=13402112 bytes (32.7%)
(RDMA_READ_CONSUME_CHECK_CONSUMER) timestamp=4212 ms, used_size=13400064 bytes (32.7%)
(RDMA_READ_CONSUME_CHECK_CONSUMER) timestamp=4212 ms, used_size=13398016 bytes (32.7%)
(RDMA_READ_CONSUME_CHECK_CONSUMER) timestamp=4212 ms, used_size=13395968 bytes (32.7%)
(RDMA_READ_CONSUME_CHECK_CONSUMER) timestamp=4212 ms, used_size=13393920 bytes (32.7%)
(RDMA_READ_CONSUME_CHECK_CONSUMER) timestamp=4212 ms, used_size=13391872 bytes (32.7%)
(RDMA_READ_CONSUME_CHECK_CONSUMER) timestamp=4212 ms, used_size=13389824 bytes (32.7%)
(RDMA_READ_CONSUME_CHECK_CONSUMER) timestamp=4212 ms, used_size=13387776 bytes (32.7%)
(RDMA_READ_CONSUME_CHECK_CONSUMER) timestamp=4212 ms, used_size=13385728 bytes (32.7%)
(RDMA_READ_CONSUME_CHECK_CONSUMER) timestamp=4212 ms, used_size=13383680 bytes (32.7%)
(RDMA_READ_CONSUME_CHECK_CONSUMER) timestamp=4212 ms, used_size=13381632 bytes (32.7%)
(RDMA_READ_CONSUME_CHECK_CONSUMER) timestamp=4212 ms, used_size=13379584 bytes (32.7%)
(RDMA_READ_CONSUME_CHECK_CONSUMER) timestamp=4212 ms, used_size=13377536 bytes (32.7%)
(RDMA_READ_CONSUME_CHECK_CONSUMER) timestamp=4212 ms, used_size=13375488 bytes (32.7%)
(RDMA_READ_CONSUME_CHECK_CONSUMER) timestamp=4212 ms, used_size=13373440 bytes (32.6%)
(RDMA_READ_CONSUME_CHECK_CONSUMER) timestamp=4212 ms, used_size=13371392 bytes (32.6%)
(RDMA_READ_CONSUME_CHECK_CONSUMER) timestamp=4212 ms, used_size=13369344 bytes (32.6%)
(RDMA_READ_CONSUME_CHECK_CONSUMER) timestamp=4212 ms, used_size=13367296 bytes (32.6%)
(RDMA_READ_CONSUME_CHECK_CONSUMER) timestamp=4212 ms, used_size=13365248 bytes (32.6%)
(RDMA_READ_CONSUME_CHECK_CONSUMER) timestamp=4212 ms, used_size=13363200 bytes (32.6%)
(RDMA_READ_CONSUME_CHECK_CONSUMER) timestamp=4212 ms, used_size=13361152 bytes (32.6%)
(RDMA_READ_CONSUME_CHECK_CONSUMER) timestamp=4212 ms, used_size=13359104 bytes (32.6%)
(RDMA_READ_CONSUME_CHECK_CONSUMER) timestamp=4212 ms, used_size=13357056 bytes (32.6%)
(RDMA_READ_CONSUME_CHECK_CONSUMER) timestamp=4212 ms, used_size=13355008 bytes (32.6%)
(RDMA_READ_CONSUME_CHECK_CONSUMER) timestamp=4212 ms, used_size=13352960 bytes (32.6%)
(RDMA_READ_CONSUME_CHECK_CONSUMER) timestamp=4212 ms, used_size=13350912 bytes (32.6%)
(RDMA_READ_CONSUME_CHECK_CONSUMER) timestamp=4212 ms, used_size=13348864 bytes (32.6%)
(RDMA_READ_CONSUME_CHECK_CONSUMER) timestamp=4213 ms, used_size=13346816 bytes (32.6%)
(RDMA_READ_CONSUME_CHECK_CONSUMER) timestamp=4213 ms, used_size=13344768 bytes (32.6%)
(RDMA_READ_CONSUME_CHECK_CONSUMER) timestamp=4213 ms, used_size=13342720 bytes (32.6%)
(RDMA_READ_CONSUME_CHECK_CONSUMER) timestamp=4213 ms, used_size=13340672 bytes (32.6%)
(RDMA_READ_CONSUME_CHECK_CONSUMER) timestamp=4213 ms, used_size=13338624 bytes (32.6%)
(RDMA_READ_CONSUME_CHECK_CONSUMER) timestamp=4213 ms, used_size=13336576 bytes (32.6%)
(RDMA_READ_CONSUME_CHECK_CONSUMER) timestamp=4213 ms, used_size=13334528 bytes (32.6%)
(RDMA_READ_CONSUME_CHECK_CONSUMER) timestamp=4213 ms, used_size=13332480 bytes (32.5%)
(RDMA_READ_CONSUME_CHECK_CONSUMER) timestamp=4213 ms, used_size=13330432 bytes (32.5%)
(RDMA_READ_CONSUME_CHECK_CONSUMER) timestamp=4213 ms, used_size=13328384 bytes (32.5%)
(RDMA_READ_CONSUME_CHECK_CONSUMER) timestamp=4213 ms, used_size=13326336 bytes (32.5%)
(RDMA_READ_CONSUME_CHECK_CONSUMER) timestamp=4213 ms, used_size=13324288 bytes (32.5%)
(RDMA_READ_CONSUME_CHECK_CONSUMER) timestamp=4213 ms, used_size=13322240 bytes (32.5%)
(RDMA_READ_CONSUME_CHECK_CONSUMER) timestamp=4213 ms, used_size=13320192 bytes (32.5%)
(RDMA_READ_CONSUME_CHECK_CONSUMER) timestamp=4213 ms, used_size=13318144 bytes (32.5%)
(RDMA_READ_CONSUME_CHECK_CONSUMER) timestamp=4213 ms, used_size=13316096 bytes (32.5%)
(RDMA_READ_CONSUME_CHECK_CONSUMER) timestamp=4213 ms, used_size=13314048 bytes (32.5%)
(RDMA_READ_CONSUME_CHECK_CONSUMER) timestamp=4213 ms, used_size=13312000 bytes (32.5%)
(RDMA_READ_CONSUME_CHECK_CONSUMER) timestamp=4213 ms, used_size=13309952 bytes (32.5%)
(RDMA_READ_CONSUME_CHECK_CONSUMER) timestamp=4213 ms, used_size=13307904 bytes (32.5%)
(RDMA_READ_CONSUME_CHECK_CONSUMER) timestamp=4213 ms, used_size=13305856 bytes (32.5%)
(RDMA_READ_CONSUME_CHECK_CONSUMER) timestamp=4213 ms, used_size=13303808 bytes (32.5%)
(RDMA_READ_CONSUME_CHECK_CONSUMER) timestamp=4213 ms, used_size=13301760 bytes (32.5%)
(RDMA_READ_CONSUME_CHECK_CONSUMER) timestamp=4213 ms, used_size=13299712 bytes (32.5%)
(RDMA_READ_CONSUME_CHECK_CONSUMER) timestamp=4213 ms, used_size=13297664 bytes (32.5%)
(RDMA_READ_CONSUME_CHECK_CONSUMER) timestamp=4213 ms, used_size=13295616 bytes (32.5%)
(RDMA_READ_CONSUME_CHECK_CONSUMER) timestamp=4213 ms, used_size=13293568 bytes (32.5%)
(RDMA_READ_CONSUME_CHECK_CONSUMER) timestamp=4213 ms, used_size=13291520 bytes (32.5%)
(RDMA_READ_CONSUME_CHECK_CONSUMER) timestamp=4213 ms, used_size=13289472 bytes (32.4%)
(RDMA_READ_CONSUME_CHECK_CONSUMER) timestamp=4213 ms, used_size=13287424 bytes (32.4%)
(RDMA_READ_CONSUME_CHECK_CONSUMER) timestamp=4213 ms, used_size=13285376 bytes (32.4%)
(RDMA_READ_CONSUME_CHECK_CONSUMER) timestamp=4213 ms, used_size=13283328 bytes (32.4%)
(RDMA_READ_CONSUME_CHECK_CONSUMER) timestamp=4213 ms, used_size=13281280 bytes (32.4%)
(RDMA_READ_CONSUME_CHECK_CONSUMER) timestamp=4213 ms, used_size=13279232 bytes (32.4%)
(RDMA_READ_CONSUME_CHECK_CONSUMER) timestamp=4213 ms, used_size=13277184 bytes (32.4%)
(RDMA_READ_CONSUME_CHECK_CONSUMER) timestamp=4213 ms, used_size=13275136 bytes (32.4%)
(RDMA_READ_CONSUME_CHECK_CONSUMER) timestamp=4213 ms, used_size=13273088 bytes (32.4%)
(RDMA_READ_CONSUME_CHECK_CONSUMER) timestamp=4213 ms, used_size=13271040 bytes (32.4%)
(RDMA_READ_CONSUME_CHECK_CONSUMER) timestamp=4213 ms, used_size=13268992 bytes (32.4%)
(RDMA_READ_CONSUME_CHECK_CONSUMER) timestamp=4213 ms, used_size=13266944 bytes (32.4%)
(RDMA_READ_CONSUME_CHECK_CONSUMER) timestamp=4213 ms, used_size=13264896 bytes (32.4%)
(RDMA_READ_CONSUME_CHECK_CONSUMER) timestamp=4213 ms, used_size=13262848 bytes (32.4%)
(RDMA_READ_CONSUME_CHECK_CONSUMER) timestamp=4213 ms, used_size=13260800 bytes (32.4%)
(RDMA_READ_CONSUME_CHECK_CONSUMER) timestamp=4213 ms, used_size=13258752 bytes (32.4%)
(RDMA_READ_CONSUME_CHECK_CONSUMER) timestamp=4213 ms, used_size=13256704 bytes (32.4%)
(RDMA_READ_CONSUME_CHECK_CONSUMER) timestamp=4213 ms, used_size=13254656 bytes (32.4%)
(RDMA_READ_CONSUME_CHECK_CONSUMER) timestamp=4213 ms, used_size=13252608 bytes (32.4%)
(RDMA_READ_CONSUME_CHECK_CONSUMER) timestamp=4213 ms, used_size=13250560 bytes (32.4%)
(RDMA_READ_CONSUME_CHECK_CONSUMER) timestamp=4213 ms, used_size=13248512 bytes (32.3%)
(RDMA_READ_CONSUME_CHECK_CONSUMER) timestamp=4213 ms, used_size=13246464 bytes (32.3%)
(RDMA_READ_CONSUME_CHECK_CONSUMER) timestamp=4213 ms, used_size=13244416 bytes (32.3%)
(RDMA_READ_CONSUME_CHECK_CONSUMER) timestamp=4213 ms, used_size=13242368 bytes (32.3%)
(RDMA_READ_CONSUME_CHECK_CONSUMER) timestamp=4213 ms, used_size=13240320 bytes (32.3%)
(RDMA_READ_CONSUME_CHECK_CONSUMER) timestamp=4213 ms, used_size=13238272 bytes (32.3%)
(RDMA_READ_CONSUME_CHECK_CONSUMER) timestamp=4213 ms, used_size=13236224 bytes (32.3%)
(RDMA_READ_CONSUME_CHECK_CONSUMER) timestamp=4213 ms, used_size=13234176 bytes (32.3%)
(RDMA_READ_CONSUME_CHECK_CONSUMER) timestamp=4213 ms, used_size=13232128 bytes (32.3%)
(RDMA_READ_CONSUME_CHECK_CONSUMER) timestamp=4213 ms, used_size=13230080 bytes (32.3%)
(RDMA_READ_CONSUME_CHECK_CONSUMER) timestamp=4213 ms, used_size=13228032 bytes (32.3%)
(RDMA_READ_CONSUME_CHECK_CONSUMER) timestamp=4213 ms, used_size=13225984 bytes (32.3%)
(RDMA_READ_CONSUME_CHECK_CONSUMER) timestamp=4213 ms, used_size=13223936 bytes (32.3%)
(RDMA_READ_CONSUME_CHECK_CONSUMER) timestamp=4213 ms, used_size=13221888 bytes (32.3%)
(RDMA_READ_CONSUME_CHECK_CONSUMER) timestamp=4213 ms, used_size=13219840 bytes (32.3%)
(RDMA_READ_CONSUME_CHECK_CONSUMER) timestamp=4213 ms, used_size=13217792 bytes (32.3%)
(RDMA_READ_CONSUME_CHECK_CONSUMER) timestamp=4213 ms, used_size=13215744 bytes (32.3%)
(RDMA_READ_CONSUME_CHECK_CONSUMER) timestamp=4213 ms, used_size=13213696 bytes (32.3%)
(RDMA_READ_CONSUME_CHECK_CONSUMER) timestamp=4213 ms, used_size=13211648 bytes (32.3%)
(RDMA_READ_CONSUME_CHECK_CONSUMER) timestamp=4213 ms, used_size=13209600 bytes (32.2%)
(RDMA_READ_CONSUME_CHECK_CONSUMER) timestamp=4213 ms, used_size=13207552 bytes (32.2%)
(RDMA_READ_CONSUME_CHECK_CONSUMER) timestamp=4213 ms, used_size=13205504 bytes (32.2%)
(RDMA_READ_CONSUME_CHECK_CONSUMER) timestamp=4213 ms, used_size=13203456 bytes (32.2%)
(RDMA_READ_CONSUME_CHECK_CONSUMER) timestamp=4213 ms, used_size=13201408 bytes (32.2%)
(RDMA_READ_CONSUME_CHECK_CONSUMER) timestamp=4213 ms, used_size=13199360 bytes (32.2%)
(RDMA_READ_CONSUME_CHECK_CONSUMER) timestamp=4213 ms, used_size=13197312 bytes (32.2%)
(RDMA_READ_CONSUME_CHECK_CONSUMER) timestamp=4213 ms, used_size=13195264 bytes (32.2%)
(RDMA_READ_CONSUME_CHECK_CONSUMER) timestamp=4213 ms, used_size=13193216 bytes (32.2%)
(RDMA_READ_CONSUME_CHECK_CONSUMER) timestamp=4213 ms, used_size=13191168 bytes (32.2%)
(RDMA_READ_CONSUME_CHECK_CONSUMER) timestamp=4213 ms, used_size=13189120 bytes (32.2%)
(RDMA_READ_CONSUME_CHECK_CONSUMER) timestamp=4213 ms, used_size=13187072 bytes (32.2%)
(RDMA_READ_CONSUME_CHECK_CONSUMER) timestamp=4213 ms, used_size=13185024 bytes (32.2%)
(RDMA_READ_CONSUME_CHECK_CONSUMER) timestamp=4213 ms, used_size=13182976 bytes (32.2%)
(RDMA_READ_CONSUME_CHECK_CONSUMER) timestamp=4213 ms, used_size=13180928 bytes (32.2%)
(RDMA_READ_CONSUME_CHECK_CONSUMER) timestamp=4213 ms, used_size=13178880 bytes (32.2%)
(RDMA_READ_CONSUME_CHECK_CONSUMER) timestamp=4213 ms, used_size=13176832 bytes (32.2%)
(RDMA_READ_CONSUME_CHECK_CONSUMER) timestamp=4213 ms, used_size=13174784 bytes (32.2%)
(RDMA_READ_CONSUME_CHECK_CONSUMER) timestamp=4213 ms, used_size=13172736 bytes (32.2%)
(RDMA_READ_CONSUME_CHECK_CONSUMER) timestamp=4213 ms, used_size=13170688 bytes (32.2%)
(RDMA_READ_CONSUME_CHECK_CONSUMER) timestamp=4213 ms, used_size=13168640 bytes (32.1%)
(RDMA_READ_CONSUME_CHECK_CONSUMER) timestamp=4213 ms, used_size=13166592 bytes (32.1%)
(RDMA_READ_CONSUME_CHECK_CONSUMER) timestamp=4213 ms, used_size=13164544 bytes (32.1%)
(RDMA_READ_CONSUME_CHECK_CONSUMER) timestamp=4213 ms, used_size=13162496 bytes (32.1%)
(RDMA_READ_CONSUME_CHECK_CONSUMER) timestamp=4213 ms, used_size=13160448 bytes (32.1%)
(RDMA_READ_CONSUME_CHECK_CONSUMER) timestamp=4213 ms, used_size=13158400 bytes (32.1%)
(RDMA_READ_CONSUME_CHECK_CONSUMER) timestamp=4213 ms, used_size=13156352 bytes (32.1%)
(RDMA_READ_CONSUME_CHECK_CONSUMER) timestamp=4213 ms, used_size=13154304 bytes (32.1%)
(RDMA_READ_CONSUME_CHECK_CONSUMER) timestamp=4213 ms, used_size=13152256 bytes (32.1%)
(RDMA_READ_CONSUME_CHECK_CONSUMER) timestamp=4213 ms, used_size=13150208 bytes (32.1%)
(RDMA_READ_CONSUME_CHECK_CONSUMER) timestamp=4213 ms, used_size=13148160 bytes (32.1%)
(RDMA_READ_CONSUME_CHECK_CONSUMER) timestamp=4213 ms, used_size=13146112 bytes (32.1%)
(RDMA_READ_CONSUME_CHECK_CONSUMER) timestamp=4213 ms, used_size=13144064 bytes (32.1%)
(RDMA_READ_CONSUME_CHECK_CONSUMER) timestamp=4213 ms, used_size=13142016 bytes (32.1%)
(RDMA_READ_CONSUME_CHECK_CONSUMER) timestamp=4213 ms, used_size=13139968 bytes (32.1%)
(RDMA_READ_CONSUME_CHECK_CONSUMER) timestamp=4213 ms, used_size=13137920 bytes (32.1%)
(RDMA_READ_CONSUME_CHECK_CONSUMER) timestamp=4213 ms, used_size=13135872 bytes (32.1%)
(RDMA_READ_CONSUME_CHECK_CONSUMER) timestamp=4213 ms, used_size=13133824 bytes (32.1%)
(RDMA_READ_CONSUME_CHECK_CONSUMER) timestamp=4213 ms, used_size=13131776 bytes (32.1%)
(RDMA_READ_CONSUME_CHECK_CONSUMER) timestamp=4213 ms, used_size=13129728 bytes (32.1%)
(RDMA_READ_CONSUME_CHECK_CONSUMER) timestamp=4213 ms, used_size=13127680 bytes (32.0%)
(RDMA_READ_CONSUME_CHECK_CONSUMER) timestamp=4213 ms, used_size=13125632 bytes (32.0%)
(RDMA_READ_CONSUME_CHECK_CONSUMER) timestamp=4213 ms, used_size=13123584 bytes (32.0%)
(RDMA_READ_CONSUME_CHECK_CONSUMER) timestamp=4213 ms, used_size=13121536 bytes (32.0%)
(RDMA_READ_CONSUME_CHECK_CONSUMER) timestamp=4213 ms, used_size=13119488 bytes (32.0%)
(RDMA_READ_CONSUME_CHECK_CONSUMER) timestamp=4213 ms, used_size=13117440 bytes (32.0%)
(RDMA_READ_CONSUME_CHECK_CONSUMER) timestamp=4213 ms, used_size=13115392 bytes (32.0%)
(RDMA_READ_CONSUME_CHECK_CONSUMER) timestamp=4213 ms, used_size=13113344 bytes (32.0%)
(RDMA_READ_CONSUME_CHECK_CONSUMER) timestamp=4213 ms, used_size=13111296 bytes (32.0%)
(RDMA_READ_CONSUME_CHECK_CONSUMER) timestamp=4213 ms, used_size=13109248 bytes (32.0%)
(RDMA_READ_CONSUME_CHECK_CONSUMER) timestamp=4213 ms, used_size=13107200 bytes (32.0%)
(RDMA_READ_CONSUME_CHECK_CONSUMER) timestamp=4213 ms, used_size=13105152 bytes (32.0%)
(RDMA_READ_CONSUME_CHECK_CONSUMER) timestamp=4213 ms, used_size=13103104 bytes (32.0%)
(RDMA_READ_CONSUME_CHECK_CONSUMER) timestamp=4213 ms, used_size=13101056 bytes (32.0%)
(RDMA_READ_CONSUME_CHECK_CONSUMER) timestamp=4213 ms, used_size=13099008 bytes (32.0%)
(RDMA_READ_CONSUME_CHECK_CONSUMER) timestamp=4213 ms, used_size=13096960 bytes (32.0%)
(RDMA_READ_CONSUME_CHECK_CONSUMER) timestamp=4213 ms, used_size=13094912 bytes (32.0%)
(RDMA_READ_CONSUME_CHECK_CONSUMER) timestamp=4213 ms, used_size=13092864 bytes (32.0%)
(RDMA_READ_CONSUME_CHECK_CONSUMER) timestamp=4213 ms, used_size=13090816 bytes (32.0%)
(RDMA_READ_CONSUME_CHECK_CONSUMER) timestamp=4213 ms, used_size=13088768 bytes (32.0%)
(RDMA_READ_CONSUME_CHECK_CONSUMER) timestamp=4213 ms, used_size=13086720 bytes (31.9%)
(RDMA_READ_CONSUME_CHECK_CONSUMER) timestamp=4213 ms, used_size=13084672 bytes (31.9%)
(RDMA_READ_CONSUME_CHECK_CONSUMER) timestamp=4213 ms, used_size=13082624 bytes (31.9%)
(RDMA_READ_CONSUME_CHECK_CONSUMER) timestamp=4213 ms, used_size=13080576 bytes (31.9%)
(RDMA_READ_CONSUME_CHECK_CONSUMER) timestamp=4213 ms, used_size=13078528 bytes (31.9%)
(RDMA_READ_CONSUME_CHECK_CONSUMER) timestamp=4213 ms, used_size=13076480 bytes (31.9%)
(RDMA_READ_CONSUME_CHECK_CONSUMER) timestamp=4213 ms, used_size=13074432 bytes (31.9%)
(RDMA_READ_CONSUME_CHECK_CONSUMER) timestamp=4213 ms, used_size=13072384 bytes (31.9%)
(RDMA_READ_CONSUME_CHECK_CONSUMER) timestamp=4213 ms, used_size=13070336 bytes (31.9%)
(RDMA_READ_CONSUME_CHECK_CONSUMER) timestamp=4213 ms, used_size=13068288 bytes (31.9%)
(RDMA_READ_CONSUME_CHECK_CONSUMER) timestamp=4213 ms, used_size=13066240 bytes (31.9%)
(RDMA_READ_CONSUME_CHECK_CONSUMER) timestamp=4213 ms, used_size=13064192 bytes (31.9%)
(RDMA_READ_CONSUME_CHECK_CONSUMER) timestamp=4213 ms, used_size=13062144 bytes (31.9%)
(RDMA_READ_CONSUME_CHECK_CONSUMER) timestamp=4213 ms, used_size=13060096 bytes (31.9%)
(RDMA_READ_CONSUME_CHECK_CONSUMER) timestamp=4213 ms, used_size=13058048 bytes (31.9%)
(RDMA_READ_CONSUME_CHECK_CONSUMER) timestamp=4213 ms, used_size=13056000 bytes (31.9%)
(RDMA_READ_CONSUME_CHECK_CONSUMER) timestamp=4213 ms, used_size=13053952 bytes (31.9%)
(RDMA_READ_CONSUME_CHECK_CONSUMER) timestamp=4213 ms, used_size=13051904 bytes (31.9%)
(RDMA_READ_CONSUME_CHECK_CONSUMER) timestamp=4213 ms, used_size=13049856 bytes (31.9%)
(RDMA_READ_CONSUME_CHECK_CONSUMER) timestamp=4213 ms, used_size=13047808 bytes (31.9%)
(RDMA_READ_CONSUME_CHECK_CONSUMER) timestamp=4213 ms, used_size=13045760 bytes (31.9%)
(RDMA_READ_CONSUME_CHECK_CONSUMER) timestamp=4213 ms, used_size=13043712 bytes (31.8%)
(RDMA_READ_CONSUME_CHECK_CONSUMER) timestamp=4213 ms, used_size=13041664 bytes (31.8%)
(RDMA_READ_CONSUME_CHECK_CONSUMER) timestamp=4213 ms, used_size=13039616 bytes (31.8%)
(RDMA_READ_CONSUME_CHECK_CONSUMER) timestamp=4213 ms, used_size=13037568 bytes (31.8%)
(RDMA_READ_CONSUME_CHECK_CONSUMER) timestamp=4213 ms, used_size=13035520 bytes (31.8%)
(RDMA_READ_CONSUME_CHECK_CONSUMER) timestamp=4213 ms, used_size=13033472 bytes (31.8%)
(RDMA_READ_CONSUME_CHECK_CONSUMER) timestamp=4213 ms, used_size=13031424 bytes (31.8%)
(RDMA_READ_CONSUME_CHECK_CONSUMER) timestamp=4213 ms, used_size=13029376 bytes (31.8%)
(RDMA_READ_CONSUME_CHECK_CONSUMER) timestamp=4213 ms, used_size=13027328 bytes (31.8%)
(RDMA_READ_CONSUME_CHECK_CONSUMER) timestamp=4213 ms, used_size=13025280 bytes (31.8%)
(RDMA_READ_CONSUME_CHECK_CONSUMER) timestamp=4213 ms, used_size=13023232 bytes (31.8%)
(RDMA_READ_CONSUME_CHECK_CONSUMER) timestamp=4213 ms, used_size=13021184 bytes (31.8%)
(RDMA_READ_CONSUME_CHECK_CONSUMER) timestamp=4213 ms, used_size=13019136 bytes (31.8%)
(RDMA_READ_CONSUME_CHECK_CONSUMER) timestamp=4213 ms, used_size=13017088 bytes (31.8%)
(RDMA_READ_CONSUME_CHECK_CONSUMER) timestamp=4213 ms, used_size=13015040 bytes (31.8%)
(RDMA_READ_CONSUME_CHECK_CONSUMER) timestamp=4213 ms, used_size=13012992 bytes (31.8%)
(RDMA_READ_CONSUME_CHECK_CONSUMER) timestamp=4213 ms, used_size=13010944 bytes (31.8%)
(RDMA_READ_CONSUME_CHECK_CONSUMER) timestamp=4213 ms, used_size=13008896 bytes (31.8%)
(RDMA_READ_CONSUME_CHECK_CONSUMER) timestamp=4213 ms, used_size=13006848 bytes (31.8%)
(RDMA_READ_CONSUME_CHECK_CONSUMER) timestamp=4213 ms, used_size=13004800 bytes (31.8%)
(RDMA_READ_CONSUME_CHECK_CONSUMER) timestamp=4213 ms, used_size=13002752 bytes (31.7%)
(RDMA_READ_CONSUME_CHECK_CONSUMER) timestamp=4213 ms, used_size=13000704 bytes (31.7%)
(RDMA_READ_CONSUME_CHECK_CONSUMER) timestamp=4213 ms, used_size=12998656 bytes (31.7%)
(RDMA_READ_CONSUME_CHECK_CONSUMER) timestamp=4213 ms, used_size=12996608 bytes (31.7%)
(RDMA_READ_CONSUME_CHECK_CONSUMER) timestamp=4213 ms, used_size=12994560 bytes (31.7%)
(RDMA_READ_CONSUME_CHECK_CONSUMER) timestamp=4213 ms, used_size=12992512 bytes (31.7%)
(RDMA_READ_CONSUME_CHECK_CONSUMER) timestamp=4213 ms, used_size=12990464 bytes (31.7%)
(RDMA_READ_CONSUME_CHECK_CONSUMER) timestamp=4213 ms, used_size=12988416 bytes (31.7%)
(RDMA_READ_CONSUME_CHECK_CONSUMER) timestamp=4213 ms, used_size=12986368 bytes (31.7%)
(RDMA_READ_CONSUME_CHECK_CONSUMER) timestamp=4213 ms, used_size=12984320 bytes (31.7%)
(RDMA_READ_CONSUME_CHECK_CONSUMER) timestamp=4213 ms, used_size=12982272 bytes (31.7%)
(RDMA_READ_CONSUME_CHECK_CONSUMER) timestamp=4213 ms, used_size=12980224 bytes (31.7%)
(RDMA_READ_CONSUME_CHECK_CONSUMER) timestamp=4213 ms, used_size=12978176 bytes (31.7%)
(RDMA_READ_CONSUME_CHECK_CONSUMER) timestamp=4214 ms, used_size=12976128 bytes (31.7%)
(RDMA_READ_CONSUME_CHECK_CONSUMER) timestamp=4214 ms, used_size=12974080 bytes (31.7%)
(RDMA_READ_CONSUME_CHECK_CONSUMER) timestamp=4214 ms, used_size=12972032 bytes (31.7%)
(RDMA_READ_CONSUME_CHECK_CONSUMER) timestamp=4214 ms, used_size=12969984 bytes (31.7%)
(RDMA_READ_CONSUME_CHECK_CONSUMER) timestamp=4214 ms, used_size=12967936 bytes (31.7%)
(RDMA_READ_CONSUME_CHECK_CONSUMER) timestamp=4214 ms, used_size=12965888 bytes (31.7%)
(RDMA_READ_CONSUME_CHECK_CONSUMER) timestamp=4214 ms, used_size=12963840 bytes (31.6%)
(RDMA_READ_CONSUME_CHECK_CONSUMER) timestamp=4214 ms, used_size=12961792 bytes (31.6%)
(RDMA_READ_CONSUME_CHECK_CONSUMER) timestamp=4214 ms, used_size=12959744 bytes (31.6%)
(RDMA_READ_CONSUME_CHECK_CONSUMER) timestamp=4214 ms, used_size=12957696 bytes (31.6%)
(RDMA_READ_CONSUME_CHECK_CONSUMER) timestamp=4214 ms, used_size=12955648 bytes (31.6%)
(RDMA_READ_CONSUME_CHECK_CONSUMER) timestamp=4214 ms, used_size=12953600 bytes (31.6%)
(RDMA_READ_CONSUME_CHECK_CONSUMER) timestamp=4214 ms, used_size=12951552 bytes (31.6%)
(RDMA_READ_CONSUME_CHECK_CONSUMER) timestamp=4214 ms, used_size=12949504 bytes (31.6%)
(RDMA_READ_CONSUME_CHECK_CONSUMER) timestamp=4214 ms, used_size=12947456 bytes (31.6%)
(RDMA_READ_CONSUME_CHECK_CONSUMER) timestamp=4214 ms, used_size=12945408 bytes (31.6%)
(RDMA_READ_CONSUME_CHECK_CONSUMER) timestamp=4214 ms, used_size=12943360 bytes (31.6%)
(RDMA_READ_CONSUME_CHECK_CONSUMER) timestamp=4214 ms, used_size=12941312 bytes (31.6%)
(RDMA_READ_CONSUME_CHECK_CONSUMER) timestamp=4214 ms, used_size=12939264 bytes (31.6%)
(RDMA_READ_CONSUME_CHECK_CONSUMER) timestamp=4214 ms, used_size=12937216 bytes (31.6%)
(RDMA_READ_CONSUME_CHECK_CONSUMER) timestamp=4214 ms, used_size=12935168 bytes (31.6%)
(RDMA_READ_CONSUME_CHECK_CONSUMER) timestamp=4214 ms, used_size=12933120 bytes (31.6%)
(RDMA_READ_CONSUME_CHECK_CONSUMER) timestamp=4214 ms, used_size=12931072 bytes (31.6%)
(RDMA_READ_CONSUME_CHECK_CONSUMER) timestamp=4214 ms, used_size=12929024 bytes (31.6%)
(RDMA_READ_CONSUME_CHECK_CONSUMER) timestamp=4214 ms, used_size=12926976 bytes (31.6%)
(RDMA_READ_CONSUME_CHECK_CONSUMER) timestamp=4214 ms, used_size=12924928 bytes (31.6%)
(RDMA_READ_CONSUME_CHECK_CONSUMER) timestamp=4214 ms, used_size=12922880 bytes (31.6%)
(RDMA_READ_CONSUME_CHECK_CONSUMER) timestamp=4214 ms, used_size=12920832 bytes (31.5%)
(RDMA_READ_CONSUME_CHECK_CONSUMER) timestamp=4214 ms, used_size=12918784 bytes (31.5%)
(RDMA_READ_CONSUME_CHECK_CONSUMER) timestamp=4214 ms, used_size=12916736 bytes (31.5%)
(RDMA_READ_CONSUME_CHECK_CONSUMER) timestamp=4214 ms, used_size=12914688 bytes (31.5%)
(RDMA_READ_CONSUME_CHECK_CONSUMER) timestamp=4214 ms, used_size=12912640 bytes (31.5%)
(RDMA_READ_CONSUME_CHECK_CONSUMER) timestamp=4214 ms, used_size=12910592 bytes (31.5%)
(RDMA_READ_CONSUME_CHECK_CONSUMER) timestamp=4214 ms, used_size=12908544 bytes (31.5%)
(RDMA_READ_CONSUME_CHECK_CONSUMER) timestamp=4214 ms, used_size=12906496 bytes (31.5%)
(RDMA_READ_CONSUME_CHECK_CONSUMER) timestamp=4214 ms, used_size=12904448 bytes (31.5%)
(RDMA_READ_CONSUME_CHECK_CONSUMER) timestamp=4214 ms, used_size=12902400 bytes (31.5%)
(RDMA_READ_CONSUME_CHECK_CONSUMER) timestamp=4214 ms, used_size=12900352 bytes (31.5%)
(RDMA_READ_CONSUME_CHECK_CONSUMER) timestamp=4214 ms, used_size=12898304 bytes (31.5%)
(RDMA_READ_CONSUME_CHECK_CONSUMER) timestamp=4214 ms, used_size=12896256 bytes (31.5%)
(RDMA_READ_CONSUME_CHECK_CONSUMER) timestamp=4214 ms, used_size=12894208 bytes (31.5%)
(RDMA_READ_CONSUME_CHECK_CONSUMER) timestamp=4214 ms, used_size=12892160 bytes (31.5%)
(RDMA_READ_CONSUME_CHECK_CONSUMER) timestamp=4214 ms, used_size=12890112 bytes (31.5%)
(RDMA_READ_CONSUME_CHECK_CONSUMER) timestamp=4214 ms, used_size=12888064 bytes (31.5%)
(RDMA_READ_CONSUME_CHECK_CONSUMER) timestamp=4214 ms, used_size=12886016 bytes (31.5%)
(RDMA_READ_CONSUME_CHECK_CONSUMER) timestamp=4214 ms, used_size=12883968 bytes (31.5%)
(RDMA_READ_CONSUME_CHECK_CONSUMER) timestamp=4214 ms, used_size=12881920 bytes (31.4%)
(RDMA_READ_CONSUME_CHECK_CONSUMER) timestamp=4214 ms, used_size=12879872 bytes (31.4%)
(RDMA_READ_CONSUME_CHECK_CONSUMER) timestamp=4214 ms, used_size=12877824 bytes (31.4%)
(RDMA_READ_CONSUME_CHECK_CONSUMER) timestamp=4214 ms, used_size=12875776 bytes (31.4%)
(RDMA_READ_CONSUME_CHECK_CONSUMER) timestamp=4214 ms, used_size=12873728 bytes (31.4%)
(RDMA_READ_CONSUME_CHECK_CONSUMER) timestamp=4214 ms, used_size=12871680 bytes (31.4%)
(RDMA_READ_CONSUME_CHECK_CONSUMER) timestamp=4214 ms, used_size=12869632 bytes (31.4%)
(RDMA_READ_CONSUME_CHECK_CONSUMER) timestamp=4214 ms, used_size=12867584 bytes (31.4%)
(RDMA_READ_CONSUME_CHECK_CONSUMER) timestamp=4214 ms, used_size=12865536 bytes (31.4%)
(RDMA_READ_CONSUME_CHECK_CONSUMER) timestamp=4214 ms, used_size=12863488 bytes (31.4%)
(RDMA_READ_CONSUME_CHECK_CONSUMER) timestamp=4214 ms, used_size=12861440 bytes (31.4%)
(RDMA_READ_CONSUME_CHECK_CONSUMER) timestamp=4214 ms, used_size=12859392 bytes (31.4%)
(RDMA_READ_CONSUME_CHECK_CONSUMER) timestamp=4214 ms, used_size=12857344 bytes (31.4%)
(RDMA_READ_CONSUME_CHECK_CONSUMER) timestamp=4214 ms, used_size=12855296 bytes (31.4%)
(RDMA_READ_CONSUME_CHECK_CONSUMER) timestamp=4214 ms, used_size=12853248 bytes (31.4%)
(RDMA_READ_CONSUME_CHECK_CONSUMER) timestamp=4214 ms, used_size=12851200 bytes (31.4%)
(RDMA_READ_CONSUME_CHECK_CONSUMER) timestamp=4214 ms, used_size=12849152 bytes (31.4%)
(RDMA_READ_CONSUME_CHECK_CONSUMER) timestamp=4214 ms, used_size=12847104 bytes (31.4%)
(RDMA_READ_CONSUME_CHECK_CONSUMER) timestamp=4214 ms, used_size=12845056 bytes (31.4%)
(RDMA_READ_CONSUME_CHECK_CONSUMER) timestamp=4214 ms, used_size=12843008 bytes (31.4%)
(RDMA_READ_CONSUME_CHECK_CONSUMER) timestamp=4214 ms, used_size=12840960 bytes (31.4%)
(RDMA_READ_CONSUME_CHECK_CONSUMER) timestamp=4214 ms, used_size=12838912 bytes (31.3%)
(RDMA_READ_CONSUME_CHECK_CONSUMER) timestamp=4214 ms, used_size=12836864 bytes (31.3%)
(RDMA_READ_CONSUME_CHECK_CONSUMER) timestamp=4214 ms, used_size=12834816 bytes (31.3%)
(RDMA_READ_CONSUME_CHECK_CONSUMER) timestamp=4214 ms, used_size=12832768 bytes (31.3%)
(RDMA_READ_CONSUME_CHECK_CONSUMER) timestamp=4214 ms, used_size=12830720 bytes (31.3%)
(RDMA_READ_CONSUME_CHECK_CONSUMER) timestamp=4214 ms, used_size=12828672 bytes (31.3%)
(RDMA_READ_CONSUME_CHECK_CONSUMER) timestamp=4214 ms, used_size=12826624 bytes (31.3%)
(RDMA_READ_CONSUME_CHECK_CONSUMER) timestamp=4214 ms, used_size=12824576 bytes (31.3%)
(RDMA_READ_CONSUME_CHECK_CONSUMER) timestamp=4214 ms, used_size=12822528 bytes (31.3%)
(RDMA_READ_CONSUME_CHECK_CONSUMER) timestamp=4214 ms, used_size=12820480 bytes (31.3%)
(RDMA_READ_CONSUME_CHECK_CONSUMER) timestamp=4214 ms, used_size=12818432 bytes (31.3%)
(RDMA_READ_CONSUME_CHECK_CONSUMER) timestamp=4214 ms, used_size=12816384 bytes (31.3%)
(RDMA_READ_CONSUME_CHECK_CONSUMER) timestamp=4214 ms, used_size=12814336 bytes (31.3%)
(RDMA_READ_CONSUME_CHECK_CONSUMER) timestamp=4214 ms, used_size=12812288 bytes (31.3%)
(RDMA_READ_CONSUME_CHECK_CONSUMER) timestamp=4214 ms, used_size=12810240 bytes (31.3%)
(RDMA_READ_CONSUME_CHECK_CONSUMER) timestamp=4214 ms, used_size=12808192 bytes (31.3%)
(RDMA_READ_CONSUME_CHECK_CONSUMER) timestamp=4214 ms, used_size=12806144 bytes (31.3%)
(RDMA_READ_CONSUME_CHECK_CONSUMER) timestamp=4214 ms, used_size=12804096 bytes (31.3%)
(RDMA_READ_CONSUME_CHECK_CONSUMER) timestamp=4214 ms, used_size=12802048 bytes (31.3%)
(RDMA_READ_CONSUME_CHECK_CONSUMER) timestamp=4214 ms, used_size=12800000 bytes (31.2%)
(RDMA_READ_CONSUME_CHECK_CONSUMER) timestamp=4214 ms, used_size=12797952 bytes (31.2%)
(RDMA_READ_CONSUME_CHECK_CONSUMER) timestamp=4214 ms, used_size=12795904 bytes (31.2%)
(RDMA_READ_CONSUME_CHECK_CONSUMER) timestamp=4214 ms, used_size=12793856 bytes (31.2%)
(RDMA_READ_CONSUME_CHECK_CONSUMER) timestamp=4214 ms, used_size=12791808 bytes (31.2%)
(RDMA_READ_CONSUME_CHECK_CONSUMER) timestamp=4214 ms, used_size=12789760 bytes (31.2%)
(RDMA_READ_CONSUME_CHECK_CONSUMER) timestamp=4214 ms, used_size=12787712 bytes (31.2%)
(RDMA_READ_CONSUME_CHECK_CONSUMER) timestamp=4214 ms, used_size=12785664 bytes (31.2%)
(RDMA_READ_CONSUME_CHECK_CONSUMER) timestamp=4214 ms, used_size=12783616 bytes (31.2%)
(RDMA_READ_CONSUME_CHECK_CONSUMER) timestamp=4214 ms, used_size=12781568 bytes (31.2%)
(RDMA_READ_CONSUME_CHECK_CONSUMER) timestamp=4214 ms, used_size=12779520 bytes (31.2%)
(RDMA_READ_CONSUME_CHECK_CONSUMER) timestamp=4214 ms, used_size=12777472 bytes (31.2%)
(RDMA_READ_CONSUME_CHECK_CONSUMER) timestamp=4214 ms, used_size=12775424 bytes (31.2%)
(RDMA_READ_CONSUME_CHECK_CONSUMER) timestamp=4214 ms, used_size=12773376 bytes (31.2%)
(RDMA_READ_CONSUME_CHECK_CONSUMER) timestamp=4214 ms, used_size=12771328 bytes (31.2%)
(RDMA_READ_CONSUME_CHECK_CONSUMER) timestamp=4214 ms, used_size=12769280 bytes (31.2%)
(RDMA_READ_CONSUME_CHECK_CONSUMER) timestamp=4214 ms, used_size=12767232 bytes (31.2%)
(RDMA_READ_CONSUME_CHECK_CONSUMER) timestamp=4214 ms, used_size=12765184 bytes (31.2%)
(RDMA_READ_CONSUME_CHECK_CONSUMER) timestamp=4214 ms, used_size=12763136 bytes (31.2%)
(RDMA_READ_CONSUME_CHECK_CONSUMER) timestamp=4214 ms, used_size=12761088 bytes (31.2%)
(RDMA_READ_CONSUME_CHECK_CONSUMER) timestamp=4214 ms, used_size=12759040 bytes (31.1%)
(RDMA_READ_CONSUME_CHECK_CONSUMER) timestamp=4214 ms, used_size=12756992 bytes (31.1%)
(RDMA_READ_CONSUME_CHECK_CONSUMER) timestamp=4214 ms, used_size=12754944 bytes (31.1%)
(RDMA_READ_CONSUME_CHECK_CONSUMER) timestamp=4214 ms, used_size=12752896 bytes (31.1%)
(RDMA_READ_CONSUME_CHECK_CONSUMER) timestamp=4214 ms, used_size=12750848 bytes (31.1%)
(RDMA_READ_CONSUME_CHECK_CONSUMER) timestamp=4214 ms, used_size=12748800 bytes (31.1%)
(RDMA_READ_CONSUME_CHECK_CONSUMER) timestamp=4214 ms, used_size=12746752 bytes (31.1%)
(RDMA_READ_CONSUME_CHECK_CONSUMER) timestamp=4214 ms, used_size=12744704 bytes (31.1%)
(RDMA_READ_CONSUME_CHECK_CONSUMER) timestamp=4214 ms, used_size=12742656 bytes (31.1%)
(RDMA_READ_CONSUME_CHECK_CONSUMER) timestamp=4214 ms, used_size=12740608 bytes (31.1%)
(RDMA_READ_CONSUME_CHECK_CONSUMER) timestamp=4214 ms, used_size=12738560 bytes (31.1%)
(RDMA_READ_CONSUME_CHECK_CONSUMER) timestamp=4214 ms, used_size=12736512 bytes (31.1%)
(RDMA_READ_CONSUME_CHECK_CONSUMER) timestamp=4214 ms, used_size=12734464 bytes (31.1%)
(RDMA_READ_CONSUME_CHECK_CONSUMER) timestamp=4214 ms, used_size=12732416 bytes (31.1%)
(RDMA_READ_CONSUME_CHECK_CONSUMER) timestamp=4214 ms, used_size=12730368 bytes (31.1%)
(RDMA_READ_CONSUME_CHECK_CONSUMER) timestamp=4214 ms, used_size=12728320 bytes (31.1%)
(RDMA_READ_CONSUME_CHECK_CONSUMER) timestamp=4214 ms, used_size=12726272 bytes (31.1%)
(RDMA_READ_CONSUME_CHECK_CONSUMER) timestamp=4214 ms, used_size=12724224 bytes (31.1%)
(RDMA_READ_CONSUME_CHECK_CONSUMER) timestamp=4214 ms, used_size=12722176 bytes (31.1%)
(RDMA_READ_CONSUME_CHECK_CONSUMER) timestamp=4214 ms, used_size=12720128 bytes (31.1%)
(RDMA_READ_CONSUME_CHECK_CONSUMER) timestamp=4214 ms, used_size=12718080 bytes (31.1%)
(RDMA_READ_CONSUME_CHECK_CONSUMER) timestamp=4214 ms, used_size=12716032 bytes (31.0%)
(RDMA_READ_CONSUME_CHECK_CONSUMER) timestamp=4214 ms, used_size=12713984 bytes (31.0%)
(RDMA_READ_CONSUME_CHECK_CONSUMER) timestamp=4214 ms, used_size=12711936 bytes (31.0%)
(RDMA_READ_CONSUME_CHECK_CONSUMER) timestamp=4214 ms, used_size=12709888 bytes (31.0%)
(RDMA_READ_CONSUME_CHECK_CONSUMER) timestamp=4214 ms, used_size=12707840 bytes (31.0%)
(RDMA_READ_CONSUME_CHECK_CONSUMER) timestamp=4214 ms, used_size=12705792 bytes (31.0%)
(RDMA_READ_CONSUME_CHECK_CONSUMER) timestamp=4214 ms, used_size=12703744 bytes (31.0%)
(RDMA_READ_CONSUME_CHECK_CONSUMER) timestamp=4214 ms, used_size=12701696 bytes (31.0%)
(RDMA_READ_CONSUME_CHECK_CONSUMER) timestamp=4214 ms, used_size=12699648 bytes (31.0%)
(RDMA_READ_CONSUME_CHECK_CONSUMER) timestamp=4214 ms, used_size=12697600 bytes (31.0%)
(RDMA_READ_CONSUME_CHECK_CONSUMER) timestamp=4214 ms, used_size=12695552 bytes (31.0%)
(RDMA_READ_CONSUME_CHECK_CONSUMER) timestamp=4214 ms, used_size=12693504 bytes (31.0%)
(RDMA_READ_CONSUME_CHECK_CONSUMER) timestamp=4214 ms, used_size=12691456 bytes (31.0%)
(RDMA_READ_CONSUME_CHECK_CONSUMER) timestamp=4214 ms, used_size=12689408 bytes (31.0%)
(RDMA_READ_CONSUME_CHECK_CONSUMER) timestamp=4214 ms, used_size=12687360 bytes (31.0%)
(RDMA_READ_CONSUME_CHECK_CONSUMER) timestamp=4214 ms, used_size=12685312 bytes (31.0%)
(RDMA_READ_CONSUME_CHECK_CONSUMER) timestamp=4214 ms, used_size=12683264 bytes (31.0%)
(RDMA_READ_CONSUME_CHECK_CONSUMER) timestamp=4214 ms, used_size=12681216 bytes (31.0%)
(RDMA_READ_CONSUME_CHECK_CONSUMER) timestamp=4214 ms, used_size=12679168 bytes (31.0%)
(RDMA_READ_CONSUME_CHECK_CONSUMER) timestamp=4214 ms, used_size=12677120 bytes (30.9%)
(RDMA_READ_CONSUME_CHECK_CONSUMER) timestamp=4214 ms, used_size=12675072 bytes (30.9%)
(RDMA_READ_CONSUME_CHECK_CONSUMER) timestamp=4214 ms, used_size=12673024 bytes (30.9%)
(RDMA_READ_CONSUME_CHECK_CONSUMER) timestamp=4214 ms, used_size=12670976 bytes (30.9%)
(RDMA_READ_CONSUME_CHECK_CONSUMER) timestamp=4214 ms, used_size=12668928 bytes (30.9%)
(RDMA_READ_CONSUME_CHECK_CONSUMER) timestamp=4214 ms, used_size=12666880 bytes (30.9%)
(RDMA_READ_CONSUME_CHECK_CONSUMER) timestamp=4214 ms, used_size=12664832 bytes (30.9%)
(RDMA_READ_CONSUME_CHECK_CONSUMER) timestamp=4214 ms, used_size=12662784 bytes (30.9%)
(RDMA_READ_CONSUME_CHECK_CONSUMER) timestamp=4214 ms, used_size=12660736 bytes (30.9%)
(RDMA_READ_CONSUME_CHECK_CONSUMER) timestamp=4214 ms, used_size=12658688 bytes (30.9%)
(RDMA_READ_CONSUME_CHECK_CONSUMER) timestamp=4214 ms, used_size=12656640 bytes (30.9%)
(RDMA_READ_CONSUME_CHECK_CONSUMER) timestamp=4214 ms, used_size=12654592 bytes (30.9%)
(RDMA_READ_CONSUME_CHECK_CONSUMER) timestamp=4214 ms, used_size=12652544 bytes (30.9%)
(RDMA_READ_CONSUME_CHECK_CONSUMER) timestamp=4214 ms, used_size=12650496 bytes (30.9%)
(RDMA_READ_CONSUME_CHECK_CONSUMER) timestamp=4214 ms, used_size=12648448 bytes (30.9%)
(RDMA_READ_CONSUME_CHECK_CONSUMER) timestamp=4214 ms, used_size=12646400 bytes (30.9%)
(RDMA_READ_CONSUME_CHECK_CONSUMER) timestamp=4214 ms, used_size=12644352 bytes (30.9%)
(RDMA_READ_CONSUME_CHECK_CONSUMER) timestamp=4214 ms, used_size=12642304 bytes (30.9%)
(RDMA_READ_CONSUME_CHECK_CONSUMER) timestamp=4214 ms, used_size=12640256 bytes (30.9%)
(RDMA_READ_CONSUME_CHECK_CONSUMER) timestamp=4214 ms, used_size=12638208 bytes (30.9%)
(RDMA_READ_CONSUME_CHECK_CONSUMER) timestamp=4214 ms, used_size=12636160 bytes (30.9%)
(RDMA_READ_CONSUME_CHECK_CONSUMER) timestamp=4214 ms, used_size=12634112 bytes (30.8%)
(RDMA_READ_CONSUME_CHECK_CONSUMER) timestamp=4214 ms, used_size=12632064 bytes (30.8%)
(RDMA_READ_CONSUME_CHECK_CONSUMER) timestamp=4214 ms, used_size=12630016 bytes (30.8%)
(RDMA_READ_CONSUME_CHECK_CONSUMER) timestamp=4214 ms, used_size=12627968 bytes (30.8%)
(RDMA_READ_CONSUME_CHECK_CONSUMER) timestamp=4214 ms, used_size=12625920 bytes (30.8%)
(RDMA_READ_CONSUME_CHECK_CONSUMER) timestamp=4214 ms, used_size=12623872 bytes (30.8%)
(RDMA_READ_CONSUME_CHECK_CONSUMER) timestamp=4214 ms, used_size=12621824 bytes (30.8%)
(RDMA_READ_CONSUME_CHECK_CONSUMER) timestamp=4214 ms, used_size=12619776 bytes (30.8%)
(RDMA_READ_CONSUME_CHECK_CONSUMER) timestamp=4214 ms, used_size=12617728 bytes (30.8%)
(RDMA_READ_CONSUME_CHECK_CONSUMER) timestamp=4214 ms, used_size=12615680 bytes (30.8%)
(RDMA_READ_CONSUME_CHECK_CONSUMER) timestamp=4214 ms, used_size=12613632 bytes (30.8%)
(RDMA_READ_CONSUME_CHECK_CONSUMER) timestamp=4214 ms, used_size=12611584 bytes (30.8%)
(RDMA_READ_CONSUME_CHECK_CONSUMER) timestamp=4214 ms, used_size=12609536 bytes (30.8%)
(RDMA_READ_CONSUME_CHECK_CONSUMER) timestamp=4214 ms, used_size=12607488 bytes (30.8%)
(RDMA_READ_CONSUME_CHECK_CONSUMER) timestamp=4214 ms, used_size=12605440 bytes (30.8%)
(RDMA_READ_CONSUME_CHECK_CONSUMER) timestamp=4214 ms, used_size=12603392 bytes (30.8%)
(RDMA_READ_CONSUME_CHECK_CONSUMER) timestamp=4215 ms, used_size=12601344 bytes (30.8%)
(RDMA_READ_CONSUME_CHECK_CONSUMER) timestamp=4215 ms, used_size=12599296 bytes (30.8%)
(RDMA_READ_CONSUME_CHECK_CONSUMER) timestamp=4215 ms, used_size=12597248 bytes (30.8%)
(RDMA_READ_CONSUME_CHECK_CONSUMER) timestamp=4215 ms, used_size=12595200 bytes (30.8%)
(RDMA_READ_CONSUME_CHECK_CONSUMER) timestamp=4215 ms, used_size=12593152 bytes (30.7%)
(RDMA_READ_CONSUME_CHECK_CONSUMER) timestamp=4215 ms, used_size=12591104 bytes (30.7%)
(RDMA_READ_CONSUME_CHECK_CONSUMER) timestamp=4215 ms, used_size=12589056 bytes (30.7%)
(RDMA_READ_CONSUME_CHECK_CONSUMER) timestamp=4215 ms, used_size=12587008 bytes (30.7%)
(RDMA_READ_CONSUME_CHECK_CONSUMER) timestamp=4215 ms, used_size=12584960 bytes (30.7%)
(RDMA_READ_CONSUME_CHECK_CONSUMER) timestamp=4215 ms, used_size=12582912 bytes (30.7%)
(RDMA_READ_CONSUME_CHECK_CONSUMER) timestamp=4215 ms, used_size=12580864 bytes (30.7%)
(RDMA_READ_CONSUME_CHECK_CONSUMER) timestamp=4215 ms, used_size=12578816 bytes (30.7%)
(RDMA_READ_CONSUME_CHECK_CONSUMER) timestamp=4215 ms, used_size=12576768 bytes (30.7%)
(RDMA_READ_CONSUME_CHECK_CONSUMER) timestamp=4215 ms, used_size=12574720 bytes (30.7%)
(RDMA_READ_CONSUME_CHECK_CONSUMER) timestamp=4215 ms, used_size=12572672 bytes (30.7%)
(RDMA_READ_CONSUME_CHECK_CONSUMER) timestamp=4215 ms, used_size=12570624 bytes (30.7%)
(RDMA_READ_CONSUME_CHECK_CONSUMER) timestamp=4215 ms, used_size=12568576 bytes (30.7%)
(RDMA_READ_CONSUME_CHECK_CONSUMER) timestamp=4215 ms, used_size=12566528 bytes (30.7%)
(RDMA_READ_CONSUME_CHECK_CONSUMER) timestamp=4215 ms, used_size=12564480 bytes (30.7%)
(RDMA_READ_CONSUME_CHECK_CONSUMER) timestamp=4215 ms, used_size=12562432 bytes (30.7%)
(RDMA_READ_CONSUME_CHECK_CONSUMER) timestamp=4215 ms, used_size=12560384 bytes (30.7%)
(RDMA_READ_CONSUME_CHECK_CONSUMER) timestamp=4215 ms, used_size=12558336 bytes (30.7%)
(RDMA_READ_CONSUME_CHECK_CONSUMER) timestamp=4215 ms, used_size=12556288 bytes (30.7%)
(RDMA_READ_CONSUME_CHECK_CONSUMER) timestamp=4215 ms, used_size=12554240 bytes (30.6%)
(RDMA_READ_CONSUME_CHECK_CONSUMER) timestamp=4215 ms, used_size=12552192 bytes (30.6%)
(RDMA_READ_CONSUME_CHECK_CONSUMER) timestamp=4215 ms, used_size=12550144 bytes (30.6%)
(RDMA_READ_CONSUME_CHECK_CONSUMER) timestamp=4215 ms, used_size=12548096 bytes (30.6%)
(RDMA_READ_CONSUME_CHECK_CONSUMER) timestamp=4215 ms, used_size=12546048 bytes (30.6%)
(RDMA_READ_CONSUME_CHECK_CONSUMER) timestamp=4215 ms, used_size=12544000 bytes (30.6%)
(RDMA_READ_CONSUME_CHECK_CONSUMER) timestamp=4215 ms, used_size=12541952 bytes (30.6%)
(RDMA_READ_CONSUME_CHECK_CONSUMER) timestamp=4215 ms, used_size=12539904 bytes (30.6%)
(RDMA_READ_CONSUME_CHECK_CONSUMER) timestamp=4215 ms, used_size=12537856 bytes (30.6%)
(RDMA_READ_CONSUME_CHECK_CONSUMER) timestamp=4215 ms, used_size=12535808 bytes (30.6%)
(RDMA_READ_CONSUME_CHECK_CONSUMER) timestamp=4215 ms, used_size=12533760 bytes (30.6%)
(RDMA_READ_CONSUME_CHECK_CONSUMER) timestamp=4215 ms, used_size=12531712 bytes (30.6%)
(RDMA_READ_CONSUME_CHECK_CONSUMER) timestamp=4215 ms, used_size=12529664 bytes (30.6%)
(RDMA_READ_CONSUME_CHECK_CONSUMER) timestamp=4215 ms, used_size=12527616 bytes (30.6%)
(RDMA_READ_CONSUME_CHECK_CONSUMER) timestamp=4215 ms, used_size=12525568 bytes (30.6%)
(RDMA_READ_CONSUME_CHECK_CONSUMER) timestamp=4215 ms, used_size=12523520 bytes (30.6%)
(RDMA_READ_CONSUME_CHECK_CONSUMER) timestamp=4215 ms, used_size=12521472 bytes (30.6%)
(RDMA_READ_CONSUME_CHECK_CONSUMER) timestamp=4215 ms, used_size=12519424 bytes (30.6%)
(RDMA_READ_CONSUME_CHECK_CONSUMER) timestamp=4215 ms, used_size=12517376 bytes (30.6%)
(RDMA_READ_CONSUME_CHECK_CONSUMER) timestamp=4215 ms, used_size=12515328 bytes (30.6%)
(RDMA_READ_CONSUME_CHECK_CONSUMER) timestamp=4215 ms, used_size=12513280 bytes (30.6%)
(RDMA_READ_CONSUME_CHECK_CONSUMER) timestamp=4215 ms, used_size=12511232 bytes (30.5%)
(RDMA_READ_CONSUME_CHECK_CONSUMER) timestamp=4215 ms, used_size=12509184 bytes (30.5%)
(RDMA_READ_CONSUME_CHECK_CONSUMER) timestamp=4215 ms, used_size=12507136 bytes (30.5%)
(RDMA_READ_CONSUME_CHECK_CONSUMER) timestamp=4215 ms, used_size=12505088 bytes (30.5%)
(RDMA_READ_CONSUME_CHECK_CONSUMER) timestamp=4215 ms, used_size=12503040 bytes (30.5%)
(RDMA_READ_CONSUME_CHECK_CONSUMER) timestamp=4215 ms, used_size=12500992 bytes (30.5%)
(RDMA_READ_CONSUME_CHECK_CONSUMER) timestamp=4215 ms, used_size=12498944 bytes (30.5%)
(RDMA_READ_CONSUME_CHECK_CONSUMER) timestamp=4215 ms, used_size=12496896 bytes (30.5%)
(RDMA_READ_CONSUME_CHECK_CONSUMER) timestamp=4215 ms, used_size=12494848 bytes (30.5%)
(RDMA_READ_CONSUME_CHECK_CONSUMER) timestamp=4215 ms, used_size=12492800 bytes (30.5%)
(RDMA_READ_CONSUME_CHECK_CONSUMER) timestamp=4215 ms, used_size=12490752 bytes (30.5%)
(RDMA_READ_CONSUME_CHECK_CONSUMER) timestamp=4215 ms, used_size=12488704 bytes (30.5%)
(RDMA_READ_CONSUME_CHECK_CONSUMER) timestamp=4215 ms, used_size=12486656 bytes (30.5%)
(RDMA_READ_CONSUME_CHECK_CONSUMER) timestamp=4215 ms, used_size=12484608 bytes (30.5%)
(RDMA_READ_CONSUME_CHECK_CONSUMER) timestamp=4215 ms, used_size=12482560 bytes (30.5%)
(RDMA_READ_CONSUME_CHECK_CONSUMER) timestamp=4215 ms, used_size=12480512 bytes (30.5%)
(RDMA_READ_CONSUME_CHECK_CONSUMER) timestamp=4215 ms, used_size=12478464 bytes (30.5%)
(RDMA_READ_CONSUME_CHECK_CONSUMER) timestamp=4215 ms, used_size=12476416 bytes (30.5%)
(RDMA_READ_CONSUME_CHECK_CONSUMER) timestamp=4215 ms, used_size=12474368 bytes (30.5%)
(RDMA_READ_CONSUME_CHECK_CONSUMER) timestamp=4215 ms, used_size=12472320 bytes (30.4%)
(RDMA_READ_CONSUME_CHECK_CONSUMER) timestamp=4215 ms, used_size=12470272 bytes (30.4%)
(RDMA_READ_CONSUME_CHECK_CONSUMER) timestamp=4215 ms, used_size=12468224 bytes (30.4%)
(RDMA_READ_CONSUME_CHECK_CONSUMER) timestamp=4215 ms, used_size=12466176 bytes (30.4%)
(RDMA_READ_CONSUME_CHECK_CONSUMER) timestamp=4215 ms, used_size=12464128 bytes (30.4%)
(RDMA_READ_CONSUME_CHECK_CONSUMER) timestamp=4215 ms, used_size=12462080 bytes (30.4%)
(RDMA_READ_CONSUME_CHECK_CONSUMER) timestamp=4215 ms, used_size=12460032 bytes (30.4%)
(RDMA_READ_CONSUME_CHECK_CONSUMER) timestamp=4215 ms, used_size=12457984 bytes (30.4%)
(RDMA_READ_CONSUME_CHECK_CONSUMER) timestamp=4215 ms, used_size=12455936 bytes (30.4%)
(RDMA_READ_CONSUME_CHECK_CONSUMER) timestamp=4215 ms, used_size=12453888 bytes (30.4%)
(RDMA_READ_CONSUME_CHECK_CONSUMER) timestamp=4215 ms, used_size=12451840 bytes (30.4%)
(RDMA_READ_CONSUME_CHECK_CONSUMER) timestamp=4215 ms, used_size=12449792 bytes (30.4%)
(RDMA_READ_CONSUME_CHECK_CONSUMER) timestamp=4215 ms, used_size=12447744 bytes (30.4%)
(RDMA_READ_CONSUME_CHECK_CONSUMER) timestamp=4215 ms, used_size=12445696 bytes (30.4%)
(RDMA_READ_CONSUME_CHECK_CONSUMER) timestamp=4215 ms, used_size=12443648 bytes (30.4%)
(RDMA_READ_CONSUME_CHECK_CONSUMER) timestamp=4215 ms, used_size=12441600 bytes (30.4%)
(RDMA_READ_CONSUME_CHECK_CONSUMER) timestamp=4215 ms, used_size=12439552 bytes (30.4%)
(RDMA_READ_CONSUME_CHECK_CONSUMER) timestamp=4215 ms, used_size=12437504 bytes (30.4%)
(RDMA_READ_CONSUME_CHECK_CONSUMER) timestamp=4215 ms, used_size=12435456 bytes (30.4%)
(RDMA_READ_CONSUME_CHECK_CONSUMER) timestamp=4215 ms, used_size=12433408 bytes (30.4%)
(RDMA_READ_CONSUME_CHECK_CONSUMER) timestamp=4215 ms, used_size=12431360 bytes (30.4%)
(RDMA_READ_CONSUME_CHECK_CONSUMER) timestamp=4215 ms, used_size=12429312 bytes (30.3%)
(RDMA_READ_CONSUME_CHECK_CONSUMER) timestamp=4215 ms, used_size=12427264 bytes (30.3%)
(RDMA_READ_CONSUME_CHECK_CONSUMER) timestamp=4215 ms, used_size=12425216 bytes (30.3%)
(RDMA_READ_CONSUME_CHECK_CONSUMER) timestamp=4215 ms, used_size=12423168 bytes (30.3%)
(RDMA_READ_CONSUME_CHECK_CONSUMER) timestamp=4215 ms, used_size=12421120 bytes (30.3%)
(RDMA_READ_CONSUME_CHECK_CONSUMER) timestamp=4215 ms, used_size=12419072 bytes (30.3%)
(RDMA_READ_CONSUME_CHECK_CONSUMER) timestamp=4215 ms, used_size=12417024 bytes (30.3%)
(RDMA_READ_CONSUME_CHECK_CONSUMER) timestamp=4215 ms, used_size=12414976 bytes (30.3%)
(RDMA_READ_CONSUME_CHECK_CONSUMER) timestamp=4215 ms, used_size=12412928 bytes (30.3%)
(RDMA_READ_CONSUME_CHECK_CONSUMER) timestamp=4215 ms, used_size=12410880 bytes (30.3%)
(RDMA_READ_CONSUME_CHECK_CONSUMER) timestamp=4215 ms, used_size=12408832 bytes (30.3%)
(RDMA_READ_CONSUME_CHECK_CONSUMER) timestamp=4215 ms, used_size=12406784 bytes (30.3%)
(RDMA_READ_CONSUME_CHECK_CONSUMER) timestamp=4215 ms, used_size=12404736 bytes (30.3%)
(RDMA_READ_CONSUME_CHECK_CONSUMER) timestamp=4215 ms, used_size=12402688 bytes (30.3%)
(RDMA_READ_CONSUME_CHECK_CONSUMER) timestamp=4215 ms, used_size=12400640 bytes (30.3%)
(RDMA_READ_CONSUME_CHECK_CONSUMER) timestamp=4215 ms, used_size=12398592 bytes (30.3%)
(RDMA_READ_CONSUME_CHECK_CONSUMER) timestamp=4215 ms, used_size=12396544 bytes (30.3%)
(RDMA_READ_CONSUME_CHECK_CONSUMER) timestamp=4215 ms, used_size=12394496 bytes (30.3%)
(RDMA_READ_CONSUME_CHECK_CONSUMER) timestamp=4215 ms, used_size=12392448 bytes (30.3%)
(RDMA_READ_CONSUME_CHECK_CONSUMER) timestamp=4215 ms, used_size=12390400 bytes (30.2%)
(RDMA_READ_CONSUME_CHECK_CONSUMER) timestamp=4215 ms, used_size=12388352 bytes (30.2%)
(RDMA_READ_CONSUME_CHECK_CONSUMER) timestamp=4215 ms, used_size=12386304 bytes (30.2%)
(RDMA_READ_CONSUME_CHECK_CONSUMER) timestamp=4215 ms, used_size=12384256 bytes (30.2%)
(RDMA_READ_CONSUME_CHECK_CONSUMER) timestamp=4215 ms, used_size=12382208 bytes (30.2%)
(RDMA_READ_CONSUME_CHECK_CONSUMER) timestamp=4215 ms, used_size=12380160 bytes (30.2%)
(RDMA_READ_CONSUME_CHECK_CONSUMER) timestamp=4215 ms, used_size=12378112 bytes (30.2%)
(RDMA_READ_CONSUME_CHECK_CONSUMER) timestamp=4215 ms, used_size=12376064 bytes (30.2%)
(RDMA_READ_CONSUME_CHECK_CONSUMER) timestamp=4215 ms, used_size=12374016 bytes (30.2%)
(RDMA_READ_CONSUME_CHECK_CONSUMER) timestamp=4215 ms, used_size=12371968 bytes (30.2%)
(RDMA_READ_CONSUME_CHECK_CONSUMER) timestamp=4215 ms, used_size=12369920 bytes (30.2%)
(RDMA_READ_CONSUME_CHECK_CONSUMER) timestamp=4215 ms, used_size=12367872 bytes (30.2%)
(RDMA_READ_CONSUME_CHECK_CONSUMER) timestamp=4215 ms, used_size=12365824 bytes (30.2%)
(RDMA_READ_CONSUME_CHECK_CONSUMER) timestamp=4215 ms, used_size=12363776 bytes (30.2%)
(RDMA_READ_CONSUME_CHECK_CONSUMER) timestamp=4215 ms, used_size=12361728 bytes (30.2%)
(RDMA_READ_CONSUME_CHECK_CONSUMER) timestamp=4215 ms, used_size=12359680 bytes (30.2%)
(RDMA_READ_CONSUME_CHECK_CONSUMER) timestamp=4215 ms, used_size=12357632 bytes (30.2%)
(RDMA_READ_CONSUME_CHECK_CONSUMER) timestamp=4215 ms, used_size=12355584 bytes (30.2%)
(RDMA_READ_CONSUME_CHECK_CONSUMER) timestamp=4215 ms, used_size=12353536 bytes (30.2%)
(RDMA_READ_CONSUME_CHECK_CONSUMER) timestamp=4215 ms, used_size=12351488 bytes (30.2%)
(RDMA_READ_CONSUME_CHECK_CONSUMER) timestamp=4215 ms, used_size=12349440 bytes (30.1%)
(RDMA_READ_CONSUME_CHECK_CONSUMER) timestamp=4215 ms, used_size=12347392 bytes (30.1%)
(RDMA_READ_CONSUME_CHECK_CONSUMER) timestamp=4215 ms, used_size=12345344 bytes (30.1%)
(RDMA_READ_CONSUME_CHECK_CONSUMER) timestamp=4215 ms, used_size=12343296 bytes (30.1%)
(RDMA_READ_CONSUME_CHECK_CONSUMER) timestamp=4215 ms, used_size=12341248 bytes (30.1%)
(RDMA_READ_CONSUME_CHECK_CONSUMER) timestamp=4215 ms, used_size=12339200 bytes (30.1%)
(RDMA_READ_CONSUME_CHECK_CONSUMER) timestamp=4215 ms, used_size=12337152 bytes (30.1%)
(RDMA_READ_CONSUME_CHECK_CONSUMER) timestamp=4215 ms, used_size=12335104 bytes (30.1%)
(RDMA_READ_CONSUME_CHECK_CONSUMER) timestamp=4215 ms, used_size=12333056 bytes (30.1%)
(RDMA_READ_CONSUME_CHECK_CONSUMER) timestamp=4215 ms, used_size=12331008 bytes (30.1%)
(RDMA_READ_CONSUME_CHECK_CONSUMER) timestamp=4215 ms, used_size=12328960 bytes (30.1%)
(RDMA_READ_CONSUME_CHECK_CONSUMER) timestamp=4215 ms, used_size=12326912 bytes (30.1%)
(RDMA_READ_CONSUME_CHECK_CONSUMER) timestamp=4215 ms, used_size=12324864 bytes (30.1%)
(RDMA_READ_CONSUME_CHECK_CONSUMER) timestamp=4215 ms, used_size=12322816 bytes (30.1%)
(RDMA_READ_CONSUME_CHECK_CONSUMER) timestamp=4215 ms, used_size=12320768 bytes (30.1%)
(RDMA_READ_CONSUME_CHECK_CONSUMER) timestamp=4215 ms, used_size=12318720 bytes (30.1%)
(RDMA_READ_CONSUME_CHECK_CONSUMER) timestamp=4215 ms, used_size=12316672 bytes (30.1%)
(RDMA_READ_CONSUME_CHECK_CONSUMER) timestamp=4215 ms, used_size=12314624 bytes (30.1%)
(RDMA_READ_CONSUME_CHECK_CONSUMER) timestamp=4215 ms, used_size=12312576 bytes (30.1%)
(RDMA_READ_CONSUME_CHECK_CONSUMER) timestamp=4215 ms, used_size=12310528 bytes (30.1%)
(RDMA_READ_CONSUME_CHECK_CONSUMER) timestamp=4215 ms, used_size=12308480 bytes (30.1%)
(RDMA_READ_CONSUME_CHECK_CONSUMER) timestamp=4215 ms, used_size=12306432 bytes (30.0%)
(RDMA_READ_CONSUME_CHECK_CONSUMER) timestamp=4215 ms, used_size=12304384 bytes (30.0%)
(RDMA_READ_CONSUME_CHECK_CONSUMER) timestamp=4215 ms, used_size=12302336 bytes (30.0%)
(RDMA_READ_CONSUME_CHECK_CONSUMER) timestamp=4215 ms, used_size=12300288 bytes (30.0%)
(RDMA_READ_CONSUME_CHECK_CONSUMER) timestamp=4215 ms, used_size=12298240 bytes (30.0%)
(RDMA_READ_CONSUME_CHECK_CONSUMER) timestamp=4215 ms, used_size=12296192 bytes (30.0%)
(RDMA_READ_CONSUME_CHECK_CONSUMER) timestamp=4215 ms, used_size=12294144 bytes (30.0%)
(RDMA_READ_CONSUME_CHECK_CONSUMER) timestamp=4215 ms, used_size=12292096 bytes (30.0%)
(RDMA_READ_CONSUME_CHECK_CONSUMER) timestamp=4215 ms, used_size=12290048 bytes (30.0%)
(RDMA_READ_CONSUME_CHECK_CONSUMER) timestamp=4215 ms, used_size=12288000 bytes (30.0%)
(RDMA_READ_CONSUME_CHECK_CONSUMER) timestamp=4215 ms, used_size=12285952 bytes (30.0%)
(RDMA_READ_CONSUME_CHECK_CONSUMER) timestamp=4215 ms, used_size=12283904 bytes (30.0%)
(RDMA_READ_CONSUME_CHECK_CONSUMER) timestamp=4215 ms, used_size=12281856 bytes (30.0%)
(RDMA_READ_CONSUME_CHECK_CONSUMER) timestamp=4215 ms, used_size=12279808 bytes (30.0%)
(RDMA_READ_CONSUME_CHECK_CONSUMER) timestamp=4215 ms, used_size=12277760 bytes (30.0%)
(RDMA_READ_CONSUME_CHECK_CONSUMER) timestamp=4215 ms, used_size=12275712 bytes (30.0%)
(RDMA_READ_CONSUME_CHECK_CONSUMER) timestamp=4215 ms, used_size=12273664 bytes (30.0%)
(RDMA_READ_CONSUME_CHECK_CONSUMER) timestamp=4215 ms, used_size=12271616 bytes (30.0%)
(RDMA_READ_CONSUME_CHECK_CONSUMER) timestamp=4215 ms, used_size=12269568 bytes (30.0%)
(RDMA_READ_CONSUME_CHECK_CONSUMER) timestamp=4215 ms, used_size=12267520 bytes (29.9%)
(RDMA_READ_CONSUME_CHECK_CONSUMER) timestamp=4215 ms, used_size=12265472 bytes (29.9%)
(RDMA_READ_CONSUME_CHECK_CONSUMER) timestamp=4215 ms, used_size=12263424 bytes (29.9%)
(RDMA_READ_CONSUME_CHECK_CONSUMER) timestamp=4215 ms, used_size=12261376 bytes (29.9%)
(RDMA_READ_CONSUME_CHECK_CONSUMER) timestamp=4215 ms, used_size=12259328 bytes (29.9%)
(RDMA_READ_CONSUME_CHECK_CONSUMER) timestamp=4215 ms, used_size=12257280 bytes (29.9%)
(RDMA_READ_CONSUME_CHECK_CONSUMER) timestamp=4215 ms, used_size=12255232 bytes (29.9%)
(RDMA_READ_CONSUME_CHECK_CONSUMER) timestamp=4215 ms, used_size=12253184 bytes (29.9%)
(RDMA_READ_CONSUME_CHECK_CONSUMER) timestamp=4215 ms, used_size=12251136 bytes (29.9%)
(RDMA_READ_CONSUME_CHECK_CONSUMER) timestamp=4215 ms, used_size=12249088 bytes (29.9%)
(RDMA_READ_CONSUME_CHECK_CONSUMER) timestamp=4215 ms, used_size=12247040 bytes (29.9%)
(RDMA_READ_CONSUME_CHECK_CONSUMER) timestamp=4215 ms, used_size=12244992 bytes (29.9%)
(RDMA_READ_CONSUME_CHECK_CONSUMER) timestamp=4215 ms, used_size=12242944 bytes (29.9%)
(RDMA_READ_CONSUME_CHECK_CONSUMER) timestamp=4215 ms, used_size=12240896 bytes (29.9%)
(RDMA_READ_CONSUME_CHECK_CONSUMER) timestamp=4215 ms, used_size=12238848 bytes (29.9%)
(RDMA_READ_CONSUME_CHECK_CONSUMER) timestamp=4215 ms, used_size=12236800 bytes (29.9%)
(RDMA_READ_CONSUME_CHECK_CONSUMER) timestamp=4215 ms, used_size=12234752 bytes (29.9%)
(RDMA_READ_CONSUME_CHECK_CONSUMER) timestamp=4215 ms, used_size=12232704 bytes (29.9%)
(RDMA_READ_CONSUME_CHECK_CONSUMER) timestamp=4216 ms, used_size=12230656 bytes (29.9%)
(RDMA_READ_CONSUME_CHECK_CONSUMER) timestamp=4216 ms, used_size=12228608 bytes (29.9%)
(RDMA_READ_CONSUME_CHECK_CONSUMER) timestamp=4216 ms, used_size=12226560 bytes (29.9%)
(RDMA_READ_CONSUME_CHECK_CONSUMER) timestamp=4216 ms, used_size=12224512 bytes (29.8%)
(RDMA_READ_CONSUME_CHECK_CONSUMER) timestamp=4216 ms, used_size=12222464 bytes (29.8%)
(RDMA_READ_CONSUME_CHECK_CONSUMER) timestamp=4216 ms, used_size=12220416 bytes (29.8%)
(RDMA_READ_CONSUME_CHECK_CONSUMER) timestamp=4216 ms, used_size=12218368 bytes (29.8%)
(RDMA_READ_CONSUME_CHECK_CONSUMER) timestamp=4216 ms, used_size=12216320 bytes (29.8%)
(RDMA_READ_CONSUME_CHECK_CONSUMER) timestamp=4216 ms, used_size=12214272 bytes (29.8%)
(RDMA_READ_CONSUME_CHECK_CONSUMER) timestamp=4216 ms, used_size=12212224 bytes (29.8%)
(RDMA_READ_CONSUME_CHECK_CONSUMER) timestamp=4216 ms, used_size=12210176 bytes (29.8%)
(RDMA_READ_CONSUME_CHECK_CONSUMER) timestamp=4216 ms, used_size=12208128 bytes (29.8%)
(RDMA_READ_CONSUME_CHECK_CONSUMER) timestamp=4216 ms, used_size=12206080 bytes (29.8%)
(RDMA_READ_CONSUME_CHECK_CONSUMER) timestamp=4216 ms, used_size=12204032 bytes (29.8%)
(RDMA_READ_CONSUME_CHECK_CONSUMER) timestamp=4216 ms, used_size=12201984 bytes (29.8%)
(RDMA_READ_CONSUME_CHECK_CONSUMER) timestamp=4216 ms, used_size=12199936 bytes (29.8%)
(RDMA_READ_CONSUME_CHECK_CONSUMER) timestamp=4216 ms, used_size=12197888 bytes (29.8%)
(RDMA_READ_CONSUME_CHECK_CONSUMER) timestamp=4216 ms, used_size=12195840 bytes (29.8%)
(RDMA_READ_CONSUME_CHECK_CONSUMER) timestamp=4216 ms, used_size=12193792 bytes (29.8%)
(RDMA_READ_CONSUME_CHECK_CONSUMER) timestamp=4216 ms, used_size=12191744 bytes (29.8%)
(RDMA_READ_CONSUME_CHECK_CONSUMER) timestamp=4216 ms, used_size=12189696 bytes (29.8%)
(RDMA_READ_CONSUME_CHECK_CONSUMER) timestamp=4216 ms, used_size=12187648 bytes (29.8%)
(RDMA_READ_CONSUME_CHECK_CONSUMER) timestamp=4216 ms, used_size=12185600 bytes (29.8%)
(RDMA_READ_CONSUME_CHECK_CONSUMER) timestamp=4216 ms, used_size=12183552 bytes (29.7%)
(RDMA_READ_CONSUME_CHECK_CONSUMER) timestamp=4216 ms, used_size=12181504 bytes (29.7%)
(RDMA_READ_CONSUME_CHECK_CONSUMER) timestamp=4216 ms, used_size=12179456 bytes (29.7%)
(RDMA_READ_CONSUME_CHECK_CONSUMER) timestamp=4216 ms, used_size=12177408 bytes (29.7%)
(RDMA_READ_CONSUME_CHECK_CONSUMER) timestamp=4216 ms, used_size=12175360 bytes (29.7%)
(RDMA_READ_CONSUME_CHECK_CONSUMER) timestamp=4216 ms, used_size=12173312 bytes (29.7%)
(RDMA_READ_CONSUME_CHECK_CONSUMER) timestamp=4216 ms, used_size=12171264 bytes (29.7%)
(RDMA_READ_CONSUME_CHECK_CONSUMER) timestamp=4216 ms, used_size=12169216 bytes (29.7%)
(RDMA_READ_CONSUME_CHECK_CONSUMER) timestamp=4216 ms, used_size=12167168 bytes (29.7%)
(RDMA_READ_CONSUME_CHECK_CONSUMER) timestamp=4216 ms, used_size=12165120 bytes (29.7%)
(RDMA_READ_CONSUME_CHECK_CONSUMER) timestamp=4216 ms, used_size=12163072 bytes (29.7%)
(RDMA_READ_CONSUME_CHECK_CONSUMER) timestamp=4216 ms, used_size=12161024 bytes (29.7%)
(RDMA_READ_CONSUME_CHECK_CONSUMER) timestamp=4216 ms, used_size=12158976 bytes (29.7%)
(RDMA_READ_CONSUME_CHECK_CONSUMER) timestamp=4216 ms, used_size=12156928 bytes (29.7%)
(RDMA_READ_CONSUME_CHECK_CONSUMER) timestamp=4216 ms, used_size=12154880 bytes (29.7%)
(RDMA_READ_CONSUME_CHECK_CONSUMER) timestamp=4216 ms, used_size=12152832 bytes (29.7%)
(RDMA_READ_CONSUME_CHECK_CONSUMER) timestamp=4216 ms, used_size=12150784 bytes (29.7%)
(RDMA_READ_CONSUME_CHECK_CONSUMER) timestamp=4216 ms, used_size=12148736 bytes (29.7%)
(RDMA_READ_CONSUME_CHECK_CONSUMER) timestamp=4216 ms, used_size=12146688 bytes (29.7%)
(RDMA_READ_CONSUME_CHECK_CONSUMER) timestamp=4216 ms, used_size=12144640 bytes (29.6%)
(RDMA_READ_CONSUME_CHECK_CONSUMER) timestamp=4216 ms, used_size=12142592 bytes (29.6%)
(RDMA_READ_CONSUME_CHECK_CONSUMER) timestamp=4216 ms, used_size=12140544 bytes (29.6%)
(RDMA_READ_CONSUME_CHECK_CONSUMER) timestamp=4216 ms, used_size=12138496 bytes (29.6%)
(RDMA_READ_CONSUME_CHECK_CONSUMER) timestamp=4216 ms, used_size=12136448 bytes (29.6%)
(RDMA_READ_CONSUME_CHECK_CONSUMER) timestamp=4216 ms, used_size=12134400 bytes (29.6%)
(RDMA_READ_CONSUME_CHECK_CONSUMER) timestamp=4216 ms, used_size=12132352 bytes (29.6%)
(RDMA_READ_CONSUME_CHECK_CONSUMER) timestamp=4216 ms, used_size=12130304 bytes (29.6%)
(RDMA_READ_CONSUME_CHECK_CONSUMER) timestamp=4216 ms, used_size=12128256 bytes (29.6%)
(RDMA_READ_CONSUME_CHECK_CONSUMER) timestamp=4216 ms, used_size=12126208 bytes (29.6%)
(RDMA_READ_CONSUME_CHECK_CONSUMER) timestamp=4216 ms, used_size=12124160 bytes (29.6%)
(RDMA_READ_CONSUME_CHECK_CONSUMER) timestamp=4216 ms, used_size=12122112 bytes (29.6%)
(RDMA_READ_CONSUME_CHECK_CONSUMER) timestamp=4216 ms, used_size=12120064 bytes (29.6%)
(RDMA_READ_CONSUME_CHECK_CONSUMER) timestamp=4216 ms, used_size=12118016 bytes (29.6%)
(RDMA_READ_CONSUME_CHECK_CONSUMER) timestamp=4216 ms, used_size=12115968 bytes (29.6%)
(RDMA_READ_CONSUME_CHECK_CONSUMER) timestamp=4216 ms, used_size=12113920 bytes (29.6%)
(RDMA_READ_CONSUME_CHECK_CONSUMER) timestamp=4216 ms, used_size=12111872 bytes (29.6%)
(RDMA_READ_CONSUME_CHECK_CONSUMER) timestamp=4216 ms, used_size=12109824 bytes (29.6%)
(RDMA_READ_CONSUME_CHECK_CONSUMER) timestamp=4216 ms, used_size=12107776 bytes (29.6%)
(RDMA_READ_CONSUME_CHECK_CONSUMER) timestamp=4216 ms, used_size=12105728 bytes (29.6%)
(RDMA_READ_CONSUME_CHECK_CONSUMER) timestamp=4216 ms, used_size=12103680 bytes (29.6%)
(RDMA_READ_CONSUME_CHECK_CONSUMER) timestamp=4216 ms, used_size=12101632 bytes (29.5%)
(RDMA_READ_CONSUME_CHECK_CONSUMER) timestamp=4216 ms, used_size=12099584 bytes (29.5%)
(RDMA_READ_CONSUME_CHECK_CONSUMER) timestamp=4216 ms, used_size=12097536 bytes (29.5%)
(RDMA_READ_CONSUME_CHECK_CONSUMER) timestamp=4216 ms, used_size=12095488 bytes (29.5%)
(RDMA_READ_CONSUME_CHECK_CONSUMER) timestamp=4216 ms, used_size=12093440 bytes (29.5%)
(RDMA_READ_CONSUME_CHECK_CONSUMER) timestamp=4216 ms, used_size=12091392 bytes (29.5%)
(RDMA_READ_CONSUME_CHECK_CONSUMER) timestamp=4216 ms, used_size=12089344 bytes (29.5%)
(RDMA_READ_CONSUME_CHECK_CONSUMER) timestamp=4216 ms, used_size=12087296 bytes (29.5%)
(RDMA_READ_CONSUME_CHECK_CONSUMER) timestamp=4216 ms, used_size=12085248 bytes (29.5%)
(RDMA_READ_CONSUME_CHECK_CONSUMER) timestamp=4216 ms, used_size=12083200 bytes (29.5%)
(RDMA_READ_CONSUME_CHECK_CONSUMER) timestamp=4216 ms, used_size=12081152 bytes (29.5%)
(RDMA_READ_CONSUME_CHECK_CONSUMER) timestamp=4216 ms, used_size=12079104 bytes (29.5%)
(RDMA_READ_CONSUME_CHECK_CONSUMER) timestamp=4216 ms, used_size=12077056 bytes (29.5%)
(RDMA_READ_CONSUME_CHECK_CONSUMER) timestamp=4216 ms, used_size=12075008 bytes (29.5%)
(RDMA_READ_CONSUME_CHECK_CONSUMER) timestamp=4216 ms, used_size=12072960 bytes (29.5%)
(RDMA_READ_CONSUME_CHECK_CONSUMER) timestamp=4216 ms, used_size=12070912 bytes (29.5%)
(RDMA_READ_CONSUME_CHECK_CONSUMER) timestamp=4216 ms, used_size=12068864 bytes (29.5%)
(RDMA_READ_CONSUME_CHECK_CONSUMER) timestamp=4216 ms, used_size=12066816 bytes (29.5%)
(RDMA_READ_CONSUME_CHECK_CONSUMER) timestamp=4216 ms, used_size=12064768 bytes (29.5%)
(RDMA_READ_CONSUME_CHECK_CONSUMER) timestamp=4216 ms, used_size=12062720 bytes (29.4%)
(RDMA_READ_CONSUME_CHECK_CONSUMER) timestamp=4216 ms, used_size=12060672 bytes (29.4%)
(RDMA_READ_CONSUME_CHECK_CONSUMER) timestamp=4216 ms, used_size=12058624 bytes (29.4%)
(RDMA_READ_CONSUME_CHECK_CONSUMER) timestamp=4216 ms, used_size=12056576 bytes (29.4%)
(RDMA_READ_CONSUME_CHECK_CONSUMER) timestamp=4216 ms, used_size=12054528 bytes (29.4%)
(RDMA_READ_CONSUME_CHECK_CONSUMER) timestamp=4216 ms, used_size=12052480 bytes (29.4%)
(RDMA_READ_CONSUME_CHECK_CONSUMER) timestamp=4216 ms, used_size=12050432 bytes (29.4%)
(RDMA_READ_CONSUME_CHECK_CONSUMER) timestamp=4216 ms, used_size=12048384 bytes (29.4%)
(RDMA_READ_CONSUME_CHECK_CONSUMER) timestamp=4216 ms, used_size=12046336 bytes (29.4%)
(RDMA_READ_CONSUME_CHECK_CONSUMER) timestamp=4216 ms, used_size=12044288 bytes (29.4%)
(RDMA_READ_CONSUME_CHECK_CONSUMER) timestamp=4216 ms, used_size=12042240 bytes (29.4%)
(RDMA_READ_CONSUME_CHECK_CONSUMER) timestamp=4216 ms, used_size=12040192 bytes (29.4%)
(RDMA_READ_CONSUME_CHECK_CONSUMER) timestamp=4216 ms, used_size=12038144 bytes (29.4%)
(RDMA_READ_CONSUME_CHECK_CONSUMER) timestamp=4216 ms, used_size=12036096 bytes (29.4%)
(RDMA_READ_CONSUME_CHECK_CONSUMER) timestamp=4216 ms, used_size=12034048 bytes (29.4%)
(RDMA_READ_CONSUME_CHECK_CONSUMER) timestamp=4216 ms, used_size=12032000 bytes (29.4%)
(RDMA_READ_CONSUME_CHECK_CONSUMER) timestamp=4216 ms, used_size=12029952 bytes (29.4%)
(RDMA_READ_CONSUME_CHECK_CONSUMER) timestamp=4216 ms, used_size=12027904 bytes (29.4%)
(RDMA_READ_CONSUME_CHECK_CONSUMER) timestamp=4216 ms, used_size=12025856 bytes (29.4%)
(RDMA_READ_CONSUME_CHECK_CONSUMER) timestamp=4216 ms, used_size=12023808 bytes (29.4%)
(RDMA_READ_CONSUME_CHECK_CONSUMER) timestamp=4216 ms, used_size=12021760 bytes (29.4%)
(RDMA_READ_CONSUME_CHECK_CONSUMER) timestamp=4216 ms, used_size=12019712 bytes (29.3%)
(RDMA_READ_CONSUME_CHECK_CONSUMER) timestamp=4216 ms, used_size=12017664 bytes (29.3%)
(RDMA_READ_CONSUME_CHECK_CONSUMER) timestamp=4216 ms, used_size=12015616 bytes (29.3%)
(RDMA_READ_CONSUME_CHECK_CONSUMER) timestamp=4216 ms, used_size=12013568 bytes (29.3%)
(RDMA_READ_CONSUME_CHECK_CONSUMER) timestamp=4216 ms, used_size=12011520 bytes (29.3%)
(RDMA_READ_CONSUME_CHECK_CONSUMER) timestamp=4216 ms, used_size=12009472 bytes (29.3%)
(RDMA_READ_CONSUME_CHECK_CONSUMER) timestamp=4216 ms, used_size=12007424 bytes (29.3%)
(RDMA_READ_CONSUME_CHECK_CONSUMER) timestamp=4216 ms, used_size=12005376 bytes (29.3%)
(RDMA_READ_CONSUME_CHECK_CONSUMER) timestamp=4216 ms, used_size=12003328 bytes (29.3%)
(RDMA_READ_CONSUME_CHECK_CONSUMER) timestamp=4216 ms, used_size=12001280 bytes (29.3%)
(RDMA_READ_CONSUME_CHECK_CONSUMER) timestamp=4216 ms, used_size=11999232 bytes (29.3%)
(RDMA_READ_CONSUME_CHECK_CONSUMER) timestamp=4216 ms, used_size=11997184 bytes (29.3%)
(RDMA_READ_CONSUME_CHECK_CONSUMER) timestamp=4216 ms, used_size=11995136 bytes (29.3%)
(RDMA_READ_CONSUME_CHECK_CONSUMER) timestamp=4216 ms, used_size=11993088 bytes (29.3%)
(RDMA_READ_CONSUME_CHECK_CONSUMER) timestamp=4216 ms, used_size=11991040 bytes (29.3%)
(RDMA_READ_CONSUME_CHECK_CONSUMER) timestamp=4216 ms, used_size=11988992 bytes (29.3%)
(RDMA_READ_CONSUME_CHECK_CONSUMER) timestamp=4216 ms, used_size=11986944 bytes (29.3%)
(RDMA_READ_CONSUME_CHECK_CONSUMER) timestamp=4216 ms, used_size=11984896 bytes (29.3%)
(RDMA_READ_CONSUME_CHECK_CONSUMER) timestamp=4216 ms, used_size=11982848 bytes (29.3%)
(RDMA_READ_CONSUME_CHECK_CONSUMER) timestamp=4216 ms, used_size=11980800 bytes (29.2%)
(RDMA_READ_CONSUME_CHECK_CONSUMER) timestamp=4216 ms, used_size=11978752 bytes (29.2%)
(RDMA_READ_CONSUME_CHECK_CONSUMER) timestamp=4216 ms, used_size=11976704 bytes (29.2%)
(RDMA_READ_CONSUME_CHECK_CONSUMER) timestamp=4216 ms, used_size=11974656 bytes (29.2%)
(RDMA_READ_CONSUME_CHECK_CONSUMER) timestamp=4216 ms, used_size=11972608 bytes (29.2%)
(RDMA_READ_CONSUME_CHECK_CONSUMER) timestamp=4216 ms, used_size=11970560 bytes (29.2%)
(RDMA_READ_CONSUME_CHECK_CONSUMER) timestamp=4216 ms, used_size=11968512 bytes (29.2%)
(RDMA_READ_CONSUME_CHECK_CONSUMER) timestamp=4216 ms, used_size=11966464 bytes (29.2%)
(RDMA_READ_CONSUME_CHECK_CONSUMER) timestamp=4216 ms, used_size=11964416 bytes (29.2%)
(RDMA_READ_CONSUME_CHECK_CONSUMER) timestamp=4216 ms, used_size=11962368 bytes (29.2%)
(RDMA_READ_CONSUME_CHECK_CONSUMER) timestamp=4216 ms, used_size=11960320 bytes (29.2%)
(RDMA_READ_CONSUME_CHECK_CONSUMER) timestamp=4216 ms, used_size=11958272 bytes (29.2%)
(RDMA_READ_CONSUME_CHECK_CONSUMER) timestamp=4216 ms, used_size=11956224 bytes (29.2%)
(RDMA_READ_CONSUME_CHECK_CONSUMER) timestamp=4216 ms, used_size=11954176 bytes (29.2%)
(RDMA_READ_CONSUME_CHECK_CONSUMER) timestamp=4216 ms, used_size=11952128 bytes (29.2%)
(RDMA_READ_CONSUME_CHECK_CONSUMER) timestamp=4216 ms, used_size=11950080 bytes (29.2%)
(RDMA_READ_CONSUME_CHECK_CONSUMER) timestamp=4216 ms, used_size=11948032 bytes (29.2%)
(RDMA_READ_CONSUME_CHECK_CONSUMER) timestamp=4216 ms, used_size=11945984 bytes (29.2%)
(RDMA_READ_CONSUME_CHECK_CONSUMER) timestamp=4216 ms, used_size=11943936 bytes (29.2%)
(RDMA_READ_CONSUME_CHECK_CONSUMER) timestamp=4216 ms, used_size=11941888 bytes (29.2%)
(RDMA_READ_CONSUME_CHECK_CONSUMER) timestamp=4216 ms, used_size=11939840 bytes (29.1%)
(RDMA_READ_CONSUME_CHECK_CONSUMER) timestamp=4216 ms, used_size=11937792 bytes (29.1%)
(RDMA_READ_CONSUME_CHECK_CONSUMER) timestamp=4216 ms, used_size=11935744 bytes (29.1%)
(RDMA_READ_CONSUME_CHECK_CONSUMER) timestamp=4216 ms, used_size=11933696 bytes (29.1%)
(RDMA_READ_CONSUME_CHECK_CONSUMER) timestamp=4216 ms, used_size=11931648 bytes (29.1%)
(RDMA_READ_CONSUME_CHECK_CONSUMER) timestamp=4216 ms, used_size=11929600 bytes (29.1%)
(RDMA_READ_CONSUME_CHECK_CONSUMER) timestamp=4216 ms, used_size=11927552 bytes (29.1%)
(RDMA_READ_CONSUME_CHECK_CONSUMER) timestamp=4216 ms, used_size=11925504 bytes (29.1%)
(RDMA_READ_CONSUME_CHECK_CONSUMER) timestamp=4216 ms, used_size=11923456 bytes (29.1%)
(RDMA_READ_CONSUME_CHECK_CONSUMER) timestamp=4216 ms, used_size=11921408 bytes (29.1%)
(RDMA_READ_CONSUME_CHECK_CONSUMER) timestamp=4216 ms, used_size=11919360 bytes (29.1%)
(RDMA_READ_CONSUME_CHECK_CONSUMER) timestamp=4216 ms, used_size=11917312 bytes (29.1%)
(RDMA_READ_CONSUME_CHECK_CONSUMER) timestamp=4216 ms, used_size=11915264 bytes (29.1%)
(RDMA_READ_CONSUME_CHECK_CONSUMER) timestamp=4216 ms, used_size=11913216 bytes (29.1%)
(RDMA_READ_CONSUME_CHECK_CONSUMER) timestamp=4216 ms, used_size=11911168 bytes (29.1%)
(RDMA_READ_CONSUME_CHECK_CONSUMER) timestamp=4216 ms, used_size=11909120 bytes (29.1%)
(RDMA_READ_CONSUME_CHECK_CONSUMER) timestamp=4216 ms, used_size=11907072 bytes (29.1%)
(RDMA_READ_CONSUME_CHECK_CONSUMER) timestamp=4216 ms, used_size=11905024 bytes (29.1%)
(RDMA_READ_CONSUME_CHECK_CONSUMER) timestamp=4216 ms, used_size=11902976 bytes (29.1%)
(RDMA_READ_CONSUME_CHECK_CONSUMER) timestamp=4216 ms, used_size=11900928 bytes (29.1%)
(RDMA_READ_CONSUME_CHECK_CONSUMER) timestamp=4216 ms, used_size=11898880 bytes (29.1%)
(RDMA_READ_CONSUME_CHECK_CONSUMER) timestamp=4216 ms, used_size=11896832 bytes (29.0%)
(RDMA_READ_CONSUME_CHECK_CONSUMER) timestamp=4216 ms, used_size=11894784 bytes (29.0%)
(RDMA_READ_CONSUME_CHECK_CONSUMER) timestamp=4216 ms, used_size=11892736 bytes (29.0%)
(RDMA_READ_CONSUME_CHECK_CONSUMER) timestamp=4216 ms, used_size=11890688 bytes (29.0%)
(RDMA_READ_CONSUME_CHECK_CONSUMER) timestamp=4216 ms, used_size=11888640 bytes (29.0%)
(RDMA_READ_CONSUME_CHECK_CONSUMER) timestamp=4216 ms, used_size=11886592 bytes (29.0%)
(RDMA_READ_CONSUME_CHECK_CONSUMER) timestamp=4216 ms, used_size=11884544 bytes (29.0%)
(RDMA_READ_CONSUME_CHECK_CONSUMER) timestamp=4216 ms, used_size=11882496 bytes (29.0%)
(RDMA_READ_CONSUME_CHECK_CONSUMER) timestamp=4216 ms, used_size=11880448 bytes (29.0%)
(RDMA_READ_CONSUME_CHECK_CONSUMER) timestamp=4216 ms, used_size=11878400 bytes (29.0%)
(RDMA_READ_CONSUME_CHECK_CONSUMER) timestamp=4216 ms, used_size=11876352 bytes (29.0%)
(RDMA_READ_CONSUME_CHECK_CONSUMER) timestamp=4216 ms, used_size=11874304 bytes (29.0%)
(RDMA_READ_CONSUME_CHECK_CONSUMER) timestamp=4216 ms, used_size=11872256 bytes (29.0%)
(RDMA_READ_CONSUME_CHECK_CONSUMER) timestamp=4216 ms, used_size=11870208 bytes (29.0%)
(RDMA_READ_CONSUME_CHECK_CONSUMER) timestamp=4216 ms, used_size=11868160 bytes (29.0%)
(RDMA_READ_CONSUME_CHECK_CONSUMER) timestamp=4216 ms, used_size=11866112 bytes (29.0%)
(RDMA_READ_CONSUME_CHECK_CONSUMER) timestamp=4216 ms, used_size=11864064 bytes (29.0%)
(RDMA_READ_CONSUME_CHECK_CONSUMER) timestamp=4216 ms, used_size=11862016 bytes (29.0%)
(RDMA_READ_CONSUME_CHECK_CONSUMER) timestamp=4216 ms, used_size=11859968 bytes (29.0%)
(RDMA_READ_CONSUME_CHECK_CONSUMER) timestamp=4217 ms, used_size=11857920 bytes (28.9%)
(RDMA_READ_CONSUME_CHECK_CONSUMER) timestamp=4217 ms, used_size=11855872 bytes (28.9%)
(RDMA_READ_CONSUME_CHECK_CONSUMER) timestamp=4217 ms, used_size=11853824 bytes (28.9%)
(RDMA_READ_CONSUME_CHECK_CONSUMER) timestamp=4217 ms, used_size=11851776 bytes (28.9%)
(RDMA_READ_CONSUME_CHECK_CONSUMER) timestamp=4217 ms, used_size=11849728 bytes (28.9%)
(RDMA_READ_CONSUME_CHECK_CONSUMER) timestamp=4217 ms, used_size=11847680 bytes (28.9%)
(RDMA_READ_CONSUME_CHECK_CONSUMER) timestamp=4217 ms, used_size=11845632 bytes (28.9%)
(RDMA_READ_CONSUME_CHECK_CONSUMER) timestamp=4217 ms, used_size=11843584 bytes (28.9%)
(RDMA_READ_CONSUME_CHECK_CONSUMER) timestamp=4217 ms, used_size=11841536 bytes (28.9%)
(RDMA_READ_CONSUME_CHECK_CONSUMER) timestamp=4217 ms, used_size=11839488 bytes (28.9%)
(RDMA_READ_CONSUME_CHECK_CONSUMER) timestamp=4217 ms, used_size=11837440 bytes (28.9%)
(RDMA_READ_CONSUME_CHECK_CONSUMER) timestamp=4217 ms, used_size=11835392 bytes (28.9%)
(RDMA_READ_CONSUME_CHECK_CONSUMER) timestamp=4217 ms, used_size=11833344 bytes (28.9%)
(RDMA_READ_CONSUME_CHECK_CONSUMER) timestamp=4217 ms, used_size=11831296 bytes (28.9%)
(RDMA_READ_CONSUME_CHECK_CONSUMER) timestamp=4217 ms, used_size=11829248 bytes (28.9%)
(RDMA_READ_CONSUME_CHECK_CONSUMER) timestamp=4217 ms, used_size=11827200 bytes (28.9%)
(RDMA_READ_CONSUME_CHECK_CONSUMER) timestamp=4217 ms, used_size=11825152 bytes (28.9%)
(RDMA_READ_CONSUME_CHECK_CONSUMER) timestamp=4217 ms, used_size=11823104 bytes (28.9%)
(RDMA_READ_CONSUME_CHECK_CONSUMER) timestamp=4217 ms, used_size=11821056 bytes (28.9%)
(RDMA_READ_CONSUME_CHECK_CONSUMER) timestamp=4217 ms, used_size=11819008 bytes (28.9%)
(RDMA_READ_CONSUME_CHECK_CONSUMER) timestamp=4217 ms, used_size=11816960 bytes (28.9%)
(RDMA_READ_CONSUME_CHECK_CONSUMER) timestamp=4217 ms, used_size=11814912 bytes (28.8%)
(RDMA_READ_CONSUME_CHECK_CONSUMER) timestamp=4217 ms, used_size=11812864 bytes (28.8%)
(RDMA_READ_CONSUME_CHECK_CONSUMER) timestamp=4217 ms, used_size=11810816 bytes (28.8%)
(RDMA_READ_CONSUME_CHECK_CONSUMER) timestamp=4217 ms, used_size=11808768 bytes (28.8%)
(RDMA_READ_CONSUME_CHECK_CONSUMER) timestamp=4217 ms, used_size=11806720 bytes (28.8%)
(RDMA_READ_CONSUME_CHECK_CONSUMER) timestamp=4217 ms, used_size=11804672 bytes (28.8%)
(RDMA_READ_CONSUME_CHECK_CONSUMER) timestamp=4217 ms, used_size=11802624 bytes (28.8%)
(RDMA_READ_CONSUME_CHECK_CONSUMER) timestamp=4217 ms, used_size=11800576 bytes (28.8%)
(RDMA_READ_CONSUME_CHECK_CONSUMER) timestamp=4217 ms, used_size=11798528 bytes (28.8%)
(RDMA_READ_CONSUME_CHECK_CONSUMER) timestamp=4217 ms, used_size=11796480 bytes (28.8%)
(RDMA_READ_CONSUME_CHECK_CONSUMER) timestamp=4217 ms, used_size=11794432 bytes (28.8%)
(RDMA_READ_CONSUME_CHECK_CONSUMER) timestamp=4217 ms, used_size=11792384 bytes (28.8%)
(RDMA_READ_CONSUME_CHECK_CONSUMER) timestamp=4217 ms, used_size=11790336 bytes (28.8%)
(RDMA_READ_CONSUME_CHECK_CONSUMER) timestamp=4217 ms, used_size=11788288 bytes (28.8%)
(RDMA_READ_CONSUME_CHECK_CONSUMER) timestamp=4217 ms, used_size=11786240 bytes (28.8%)
(RDMA_READ_CONSUME_CHECK_CONSUMER) timestamp=4217 ms, used_size=11784192 bytes (28.8%)
(RDMA_READ_CONSUME_CHECK_CONSUMER) timestamp=4217 ms, used_size=11782144 bytes (28.8%)
(RDMA_READ_CONSUME_CHECK_CONSUMER) timestamp=4217 ms, used_size=11780096 bytes (28.8%)
(RDMA_READ_CONSUME_CHECK_CONSUMER) timestamp=4217 ms, used_size=11778048 bytes (28.8%)
(RDMA_READ_CONSUME_CHECK_CONSUMER) timestamp=4217 ms, used_size=11776000 bytes (28.8%)
(RDMA_READ_CONSUME_CHECK_CONSUMER) timestamp=4217 ms, used_size=11773952 bytes (28.7%)
(RDMA_READ_CONSUME_CHECK_CONSUMER) timestamp=4217 ms, used_size=11771904 bytes (28.7%)
(RDMA_READ_CONSUME_CHECK_CONSUMER) timestamp=4217 ms, used_size=11769856 bytes (28.7%)
(RDMA_READ_CONSUME_CHECK_CONSUMER) timestamp=4217 ms, used_size=11767808 bytes (28.7%)
(RDMA_READ_CONSUME_CHECK_CONSUMER) timestamp=4217 ms, used_size=11765760 bytes (28.7%)
(RDMA_READ_CONSUME_CHECK_CONSUMER) timestamp=4217 ms, used_size=11763712 bytes (28.7%)
(RDMA_READ_CONSUME_CHECK_CONSUMER) timestamp=4217 ms, used_size=11761664 bytes (28.7%)
(RDMA_READ_CONSUME_CHECK_CONSUMER) timestamp=4217 ms, used_size=11759616 bytes (28.7%)
(RDMA_READ_CONSUME_CHECK_CONSUMER) timestamp=4217 ms, used_size=11757568 bytes (28.7%)
(RDMA_READ_CONSUME_CHECK_CONSUMER) timestamp=4217 ms, used_size=11755520 bytes (28.7%)
(RDMA_READ_CONSUME_CHECK_CONSUMER) timestamp=4217 ms, used_size=11753472 bytes (28.7%)
(RDMA_READ_CONSUME_CHECK_CONSUMER) timestamp=4217 ms, used_size=11751424 bytes (28.7%)
(RDMA_READ_CONSUME_CHECK_CONSUMER) timestamp=4217 ms, used_size=11749376 bytes (28.7%)
(RDMA_READ_CONSUME_CHECK_CONSUMER) timestamp=4217 ms, used_size=11747328 bytes (28.7%)
(RDMA_READ_CONSUME_CHECK_CONSUMER) timestamp=4217 ms, used_size=11745280 bytes (28.7%)
(RDMA_READ_CONSUME_CHECK_CONSUMER) timestamp=4217 ms, used_size=11743232 bytes (28.7%)
(RDMA_READ_CONSUME_CHECK_CONSUMER) timestamp=4217 ms, used_size=11741184 bytes (28.7%)
(RDMA_READ_CONSUME_CHECK_CONSUMER) timestamp=4217 ms, used_size=11739136 bytes (28.7%)
(RDMA_READ_CONSUME_CHECK_CONSUMER) timestamp=4217 ms, used_size=11737088 bytes (28.7%)
(RDMA_READ_CONSUME_CHECK_CONSUMER) timestamp=4217 ms, used_size=11735040 bytes (28.6%)
(RDMA_READ_CONSUME_CHECK_CONSUMER) timestamp=4217 ms, used_size=11732992 bytes (28.6%)
(RDMA_READ_CONSUME_CHECK_CONSUMER) timestamp=4217 ms, used_size=11730944 bytes (28.6%)
(RDMA_READ_CONSUME_CHECK_CONSUMER) timestamp=4217 ms, used_size=11728896 bytes (28.6%)
(RDMA_READ_CONSUME_CHECK_CONSUMER) timestamp=4217 ms, used_size=11726848 bytes (28.6%)
(RDMA_READ_CONSUME_CHECK_CONSUMER) timestamp=4217 ms, used_size=11724800 bytes (28.6%)
(RDMA_READ_CONSUME_CHECK_CONSUMER) timestamp=4217 ms, used_size=11722752 bytes (28.6%)
(RDMA_READ_CONSUME_CHECK_CONSUMER) timestamp=4217 ms, used_size=11720704 bytes (28.6%)
(RDMA_READ_CONSUME_CHECK_CONSUMER) timestamp=4217 ms, used_size=11718656 bytes (28.6%)
(RDMA_READ_CONSUME_CHECK_CONSUMER) timestamp=4217 ms, used_size=11716608 bytes (28.6%)
(RDMA_READ_CONSUME_CHECK_CONSUMER) timestamp=4217 ms, used_size=11714560 bytes (28.6%)
(RDMA_READ_CONSUME_CHECK_CONSUMER) timestamp=4217 ms, used_size=11712512 bytes (28.6%)
(RDMA_READ_CONSUME_CHECK_CONSUMER) timestamp=4217 ms, used_size=11710464 bytes (28.6%)
(RDMA_READ_CONSUME_CHECK_CONSUMER) timestamp=4217 ms, used_size=11708416 bytes (28.6%)
(RDMA_READ_CONSUME_CHECK_CONSUMER) timestamp=4217 ms, used_size=11706368 bytes (28.6%)
(RDMA_READ_CONSUME_CHECK_CONSUMER) timestamp=4217 ms, used_size=11704320 bytes (28.6%)
(RDMA_READ_CONSUME_CHECK_CONSUMER) timestamp=4217 ms, used_size=11702272 bytes (28.6%)
(RDMA_READ_CONSUME_CHECK_CONSUMER) timestamp=4217 ms, used_size=11700224 bytes (28.6%)
(RDMA_READ_CONSUME_CHECK_CONSUMER) timestamp=4217 ms, used_size=11698176 bytes (28.6%)
(RDMA_READ_CONSUME_CHECK_CONSUMER) timestamp=4217 ms, used_size=11696128 bytes (28.6%)
(RDMA_READ_CONSUME_CHECK_CONSUMER) timestamp=4217 ms, used_size=11694080 bytes (28.6%)
(RDMA_READ_CONSUME_CHECK_CONSUMER) timestamp=4217 ms, used_size=11692032 bytes (28.5%)
(RDMA_READ_CONSUME_CHECK_CONSUMER) timestamp=4217 ms, used_size=11689984 bytes (28.5%)
(RDMA_READ_CONSUME_CHECK_CONSUMER) timestamp=4217 ms, used_size=11687936 bytes (28.5%)
(RDMA_READ_CONSUME_CHECK_CONSUMER) timestamp=4217 ms, used_size=11685888 bytes (28.5%)
(RDMA_READ_CONSUME_CHECK_CONSUMER) timestamp=4217 ms, used_size=11683840 bytes (28.5%)
(RDMA_READ_CONSUME_CHECK_CONSUMER) timestamp=4217 ms, used_size=11681792 bytes (28.5%)
(RDMA_READ_CONSUME_CHECK_CONSUMER) timestamp=4217 ms, used_size=11679744 bytes (28.5%)
(RDMA_READ_CONSUME_CHECK_CONSUMER) timestamp=4217 ms, used_size=11677696 bytes (28.5%)
(RDMA_READ_CONSUME_CHECK_CONSUMER) timestamp=4217 ms, used_size=11675648 bytes (28.5%)
(RDMA_READ_CONSUME_CHECK_CONSUMER) timestamp=4217 ms, used_size=11673600 bytes (28.5%)
(RDMA_READ_CONSUME_CHECK_CONSUMER) timestamp=4217 ms, used_size=11671552 bytes (28.5%)
(RDMA_READ_CONSUME_CHECK_CONSUMER) timestamp=4217 ms, used_size=11669504 bytes (28.5%)
(RDMA_READ_CONSUME_CHECK_CONSUMER) timestamp=4217 ms, used_size=11667456 bytes (28.5%)
(RDMA_READ_CONSUME_CHECK_CONSUMER) timestamp=4217 ms, used_size=11665408 bytes (28.5%)
(RDMA_READ_CONSUME_CHECK_CONSUMER) timestamp=4217 ms, used_size=11663360 bytes (28.5%)
(RDMA_READ_CONSUME_CHECK_CONSUMER) timestamp=4217 ms, used_size=11661312 bytes (28.5%)
(RDMA_READ_CONSUME_CHECK_CONSUMER) timestamp=4217 ms, used_size=11659264 bytes (28.5%)
(RDMA_READ_CONSUME_CHECK_CONSUMER) timestamp=4217 ms, used_size=11657216 bytes (28.5%)
(RDMA_READ_CONSUME_CHECK_CONSUMER) timestamp=4217 ms, used_size=11655168 bytes (28.5%)
(RDMA_READ_CONSUME_CHECK_CONSUMER) timestamp=4217 ms, used_size=11653120 bytes (28.4%)
(RDMA_READ_CONSUME_CHECK_CONSUMER) timestamp=4217 ms, used_size=11651072 bytes (28.4%)
(RDMA_READ_CONSUME_CHECK_CONSUMER) timestamp=4217 ms, used_size=11649024 bytes (28.4%)
(RDMA_READ_CONSUME_CHECK_CONSUMER) timestamp=4217 ms, used_size=11646976 bytes (28.4%)
(RDMA_READ_CONSUME_CHECK_CONSUMER) timestamp=4217 ms, used_size=11644928 bytes (28.4%)
(RDMA_READ_CONSUME_CHECK_CONSUMER) timestamp=4217 ms, used_size=11642880 bytes (28.4%)
(RDMA_READ_CONSUME_CHECK_CONSUMER) timestamp=4217 ms, used_size=11640832 bytes (28.4%)
(RDMA_READ_CONSUME_CHECK_CONSUMER) timestamp=4217 ms, used_size=11638784 bytes (28.4%)
(RDMA_READ_CONSUME_CHECK_CONSUMER) timestamp=4217 ms, used_size=11636736 bytes (28.4%)
(RDMA_READ_CONSUME_CHECK_CONSUMER) timestamp=4217 ms, used_size=11634688 bytes (28.4%)
(RDMA_READ_CONSUME_CHECK_CONSUMER) timestamp=4217 ms, used_size=11632640 bytes (28.4%)
(RDMA_READ_CONSUME_CHECK_CONSUMER) timestamp=4217 ms, used_size=11630592 bytes (28.4%)
(RDMA_READ_CONSUME_CHECK_CONSUMER) timestamp=4217 ms, used_size=11628544 bytes (28.4%)
(RDMA_READ_CONSUME_CHECK_CONSUMER) timestamp=4217 ms, used_size=11626496 bytes (28.4%)
(RDMA_READ_CONSUME_CHECK_CONSUMER) timestamp=4217 ms, used_size=11624448 bytes (28.4%)
(RDMA_READ_CONSUME_CHECK_CONSUMER) timestamp=4217 ms, used_size=11622400 bytes (28.4%)
(RDMA_READ_CONSUME_CHECK_CONSUMER) timestamp=4217 ms, used_size=11620352 bytes (28.4%)
(RDMA_READ_CONSUME_CHECK_CONSUMER) timestamp=4217 ms, used_size=11618304 bytes (28.4%)
(RDMA_READ_CONSUME_CHECK_CONSUMER) timestamp=4217 ms, used_size=11616256 bytes (28.4%)
(RDMA_READ_CONSUME_CHECK_CONSUMER) timestamp=4217 ms, used_size=11614208 bytes (28.4%)
(RDMA_READ_CONSUME_CHECK_CONSUMER) timestamp=4217 ms, used_size=11612160 bytes (28.4%)
(RDMA_READ_CONSUME_CHECK_CONSUMER) timestamp=4217 ms, used_size=11610112 bytes (28.3%)
(RDMA_READ_CONSUME_CHECK_CONSUMER) timestamp=4217 ms, used_size=11608064 bytes (28.3%)
(RDMA_READ_CONSUME_CHECK_CONSUMER) timestamp=4217 ms, used_size=11606016 bytes (28.3%)
(RDMA_READ_CONSUME_CHECK_CONSUMER) timestamp=4217 ms, used_size=11603968 bytes (28.3%)
(RDMA_READ_CONSUME_CHECK_CONSUMER) timestamp=4217 ms, used_size=11601920 bytes (28.3%)
(RDMA_READ_CONSUME_CHECK_CONSUMER) timestamp=4217 ms, used_size=11599872 bytes (28.3%)
(RDMA_READ_CONSUME_CHECK_CONSUMER) timestamp=4217 ms, used_size=11597824 bytes (28.3%)
(RDMA_READ_CONSUME_CHECK_CONSUMER) timestamp=4217 ms, used_size=11595776 bytes (28.3%)
(RDMA_READ_CONSUME_CHECK_CONSUMER) timestamp=4217 ms, used_size=11593728 bytes (28.3%)
(RDMA_READ_CONSUME_CHECK_CONSUMER) timestamp=4217 ms, used_size=11591680 bytes (28.3%)
(RDMA_READ_CONSUME_CHECK_CONSUMER) timestamp=4217 ms, used_size=11589632 bytes (28.3%)
(RDMA_READ_CONSUME_CHECK_CONSUMER) timestamp=4217 ms, used_size=11587584 bytes (28.3%)
(RDMA_READ_CONSUME_CHECK_CONSUMER) timestamp=4217 ms, used_size=11585536 bytes (28.3%)
(RDMA_READ_CONSUME_CHECK_CONSUMER) timestamp=4217 ms, used_size=11583488 bytes (28.3%)
(RDMA_READ_CONSUME_CHECK_CONSUMER) timestamp=4217 ms, used_size=11581440 bytes (28.3%)
(RDMA_READ_CONSUME_CHECK_CONSUMER) timestamp=4217 ms, used_size=11579392 bytes (28.3%)
(RDMA_READ_CONSUME_CHECK_CONSUMER) timestamp=4217 ms, used_size=11577344 bytes (28.3%)
(RDMA_READ_CONSUME_CHECK_CONSUMER) timestamp=4217 ms, used_size=11575296 bytes (28.3%)
(RDMA_READ_CONSUME_CHECK_CONSUMER) timestamp=4217 ms, used_size=11573248 bytes (28.3%)
(RDMA_READ_CONSUME_CHECK_CONSUMER) timestamp=4217 ms, used_size=11571200 bytes (28.2%)
(RDMA_READ_CONSUME_CHECK_CONSUMER) timestamp=4217 ms, used_size=11569152 bytes (28.2%)
(RDMA_READ_CONSUME_CHECK_CONSUMER) timestamp=4217 ms, used_size=11567104 bytes (28.2%)
(RDMA_READ_CONSUME_CHECK_CONSUMER) timestamp=4217 ms, used_size=11565056 bytes (28.2%)
(RDMA_READ_CONSUME_CHECK_CONSUMER) timestamp=4217 ms, used_size=11563008 bytes (28.2%)
(RDMA_READ_CONSUME_CHECK_CONSUMER) timestamp=4217 ms, used_size=11560960 bytes (28.2%)
(RDMA_READ_CONSUME_CHECK_CONSUMER) timestamp=4217 ms, used_size=11558912 bytes (28.2%)
(RDMA_READ_CONSUME_CHECK_CONSUMER) timestamp=4217 ms, used_size=11556864 bytes (28.2%)
(RDMA_READ_CONSUME_CHECK_CONSUMER) timestamp=4217 ms, used_size=11554816 bytes (28.2%)
(RDMA_READ_CONSUME_CHECK_CONSUMER) timestamp=4217 ms, used_size=11552768 bytes (28.2%)
(RDMA_READ_CONSUME_CHECK_CONSUMER) timestamp=4217 ms, used_size=11550720 bytes (28.2%)
(RDMA_READ_CONSUME_CHECK_CONSUMER) timestamp=4217 ms, used_size=11548672 bytes (28.2%)
(RDMA_READ_CONSUME_CHECK_CONSUMER) timestamp=4217 ms, used_size=11546624 bytes (28.2%)
(RDMA_READ_CONSUME_CHECK_CONSUMER) timestamp=4217 ms, used_size=11544576 bytes (28.2%)
(RDMA_READ_CONSUME_CHECK_CONSUMER) timestamp=4217 ms, used_size=11542528 bytes (28.2%)
(RDMA_READ_CONSUME_CHECK_CONSUMER) timestamp=4217 ms, used_size=11540480 bytes (28.2%)
(RDMA_READ_CONSUME_CHECK_CONSUMER) timestamp=4217 ms, used_size=11538432 bytes (28.2%)
(RDMA_READ_CONSUME_CHECK_CONSUMER) timestamp=4217 ms, used_size=11536384 bytes (28.2%)
(RDMA_READ_CONSUME_CHECK_CONSUMER) timestamp=4217 ms, used_size=11534336 bytes (28.2%)
(RDMA_READ_CONSUME_CHECK_CONSUMER) timestamp=4217 ms, used_size=11532288 bytes (28.2%)
(RDMA_READ_CONSUME_CHECK_CONSUMER) timestamp=4217 ms, used_size=11530240 bytes (28.1%)
(RDMA_READ_CONSUME_CHECK_CONSUMER) timestamp=4217 ms, used_size=11528192 bytes (28.1%)
(RDMA_READ_CONSUME_CHECK_CONSUMER) timestamp=4217 ms, used_size=11526144 bytes (28.1%)
(RDMA_READ_CONSUME_CHECK_CONSUMER) timestamp=4217 ms, used_size=11524096 bytes (28.1%)
(RDMA_READ_CONSUME_CHECK_CONSUMER) timestamp=4217 ms, used_size=11522048 bytes (28.1%)
(RDMA_READ_CONSUME_CHECK_CONSUMER) timestamp=4217 ms, used_size=11520000 bytes (28.1%)
(RDMA_READ_CONSUME_CHECK_CONSUMER) timestamp=4217 ms, used_size=11517952 bytes (28.1%)
(RDMA_READ_CONSUME_CHECK_CONSUMER) timestamp=4217 ms, used_size=11515904 bytes (28.1%)
(RDMA_READ_CONSUME_CHECK_CONSUMER) timestamp=4217 ms, used_size=11513856 bytes (28.1%)
(RDMA_READ_CONSUME_CHECK_CONSUMER) timestamp=4217 ms, used_size=11511808 bytes (28.1%)
(RDMA_READ_CONSUME_CHECK_CONSUMER) timestamp=4217 ms, used_size=11509760 bytes (28.1%)
(RDMA_READ_CONSUME_CHECK_CONSUMER) timestamp=4217 ms, used_size=11507712 bytes (28.1%)
(RDMA_READ_CONSUME_CHECK_CONSUMER) timestamp=4217 ms, used_size=11505664 bytes (28.1%)
(RDMA_READ_CONSUME_CHECK_CONSUMER) timestamp=4217 ms, used_size=11503616 bytes (28.1%)
(RDMA_READ_CONSUME_CHECK_CONSUMER) timestamp=4217 ms, used_size=11501568 bytes (28.1%)
(RDMA_READ_CONSUME_CHECK_CONSUMER) timestamp=4217 ms, used_size=11499520 bytes (28.1%)
(RDMA_READ_CONSUME_CHECK_CONSUMER) timestamp=4217 ms, used_size=11497472 bytes (28.1%)
(RDMA_READ_CONSUME_CHECK_CONSUMER) timestamp=4217 ms, used_size=11495424 bytes (28.1%)
(RDMA_READ_CONSUME_CHECK_CONSUMER) timestamp=4217 ms, used_size=11493376 bytes (28.1%)
(RDMA_READ_CONSUME_CHECK_CONSUMER) timestamp=4217 ms, used_size=11491328 bytes (28.1%)
(RDMA_READ_CONSUME_CHECK_CONSUMER) timestamp=4217 ms, used_size=11489280 bytes (28.1%)
(RDMA_READ_CONSUME_CHECK_CONSUMER) timestamp=4217 ms, used_size=11487232 bytes (28.0%)
(RDMA_READ_CONSUME_CHECK_CONSUMER) timestamp=4218 ms, used_size=11485184 bytes (28.0%)
(RDMA_READ_CONSUME_CHECK_CONSUMER) timestamp=4218 ms, used_size=11483136 bytes (28.0%)
(RDMA_READ_CONSUME_CHECK_CONSUMER) timestamp=4218 ms, used_size=11481088 bytes (28.0%)
(RDMA_READ_CONSUME_CHECK_CONSUMER) timestamp=4218 ms, used_size=11479040 bytes (28.0%)
(RDMA_READ_CONSUME_CHECK_CONSUMER) timestamp=4218 ms, used_size=11476992 bytes (28.0%)
(RDMA_READ_CONSUME_CHECK_CONSUMER) timestamp=4218 ms, used_size=11474944 bytes (28.0%)
(RDMA_READ_CONSUME_CHECK_CONSUMER) timestamp=4218 ms, used_size=11472896 bytes (28.0%)
(RDMA_READ_CONSUME_CHECK_CONSUMER) timestamp=4218 ms, used_size=11470848 bytes (28.0%)
(RDMA_READ_CONSUME_CHECK_CONSUMER) timestamp=4218 ms, used_size=11468800 bytes (28.0%)
(RDMA_READ_CONSUME_CHECK_CONSUMER) timestamp=4218 ms, used_size=11466752 bytes (28.0%)
(RDMA_READ_CONSUME_CHECK_CONSUMER) timestamp=4218 ms, used_size=11464704 bytes (28.0%)
(RDMA_READ_CONSUME_CHECK_CONSUMER) timestamp=4218 ms, used_size=11462656 bytes (28.0%)
(RDMA_READ_CONSUME_CHECK_CONSUMER) timestamp=4218 ms, used_size=11460608 bytes (28.0%)
(RDMA_READ_CONSUME_CHECK_CONSUMER) timestamp=4218 ms, used_size=11458560 bytes (28.0%)
(RDMA_READ_CONSUME_CHECK_CONSUMER) timestamp=4218 ms, used_size=11456512 bytes (28.0%)
(RDMA_READ_CONSUME_CHECK_CONSUMER) timestamp=4218 ms, used_size=11454464 bytes (28.0%)
(RDMA_READ_CONSUME_CHECK_CONSUMER) timestamp=4218 ms, used_size=11452416 bytes (28.0%)
(RDMA_READ_CONSUME_CHECK_CONSUMER) timestamp=4218 ms, used_size=11450368 bytes (28.0%)
(RDMA_READ_CONSUME_CHECK_CONSUMER) timestamp=4218 ms, used_size=11448320 bytes (27.9%)
(RDMA_READ_CONSUME_CHECK_CONSUMER) timestamp=4218 ms, used_size=11446272 bytes (27.9%)
(RDMA_READ_CONSUME_CHECK_CONSUMER) timestamp=4218 ms, used_size=11444224 bytes (27.9%)
(RDMA_READ_CONSUME_CHECK_CONSUMER) timestamp=4218 ms, used_size=11442176 bytes (27.9%)
(RDMA_READ_CONSUME_CHECK_CONSUMER) timestamp=4218 ms, used_size=11440128 bytes (27.9%)
(RDMA_READ_CONSUME_CHECK_CONSUMER) timestamp=4218 ms, used_size=11438080 bytes (27.9%)
(RDMA_READ_CONSUME_CHECK_CONSUMER) timestamp=4218 ms, used_size=11436032 bytes (27.9%)
(RDMA_READ_CONSUME_CHECK_CONSUMER) timestamp=4218 ms, used_size=11433984 bytes (27.9%)
(RDMA_READ_CONSUME_CHECK_CONSUMER) timestamp=4218 ms, used_size=11431936 bytes (27.9%)
(RDMA_READ_CONSUME_CHECK_CONSUMER) timestamp=4218 ms, used_size=11429888 bytes (27.9%)
(RDMA_READ_CONSUME_CHECK_CONSUMER) timestamp=4218 ms, used_size=11427840 bytes (27.9%)
(RDMA_READ_CONSUME_CHECK_CONSUMER) timestamp=4218 ms, used_size=11425792 bytes (27.9%)
(RDMA_READ_CONSUME_CHECK_CONSUMER) timestamp=4218 ms, used_size=11423744 bytes (27.9%)
(RDMA_READ_CONSUME_CHECK_CONSUMER) timestamp=4218 ms, used_size=11421696 bytes (27.9%)
(RDMA_READ_CONSUME_CHECK_CONSUMER) timestamp=4218 ms, used_size=11419648 bytes (27.9%)
(RDMA_READ_CONSUME_CHECK_CONSUMER) timestamp=4218 ms, used_size=11417600 bytes (27.9%)
(RDMA_READ_CONSUME_CHECK_CONSUMER) timestamp=4218 ms, used_size=11415552 bytes (27.9%)
(RDMA_READ_CONSUME_CHECK_CONSUMER) timestamp=4218 ms, used_size=11413504 bytes (27.9%)
(RDMA_READ_CONSUME_CHECK_CONSUMER) timestamp=4218 ms, used_size=11411456 bytes (27.9%)
(RDMA_READ_CONSUME_CHECK_CONSUMER) timestamp=4218 ms, used_size=11409408 bytes (27.9%)
(RDMA_READ_CONSUME_CHECK_CONSUMER) timestamp=4218 ms, used_size=11407360 bytes (27.9%)
(RDMA_READ_CONSUME_CHECK_CONSUMER) timestamp=4218 ms, used_size=11405312 bytes (27.8%)
(RDMA_READ_CONSUME_CHECK_CONSUMER) timestamp=4218 ms, used_size=11403264 bytes (27.8%)
(RDMA_READ_CONSUME_CHECK_CONSUMER) timestamp=4218 ms, used_size=11401216 bytes (27.8%)
(RDMA_READ_CONSUME_CHECK_CONSUMER) timestamp=4218 ms, used_size=11399168 bytes (27.8%)
(RDMA_READ_CONSUME_CHECK_CONSUMER) timestamp=4218 ms, used_size=11397120 bytes (27.8%)
(RDMA_READ_CONSUME_CHECK_CONSUMER) timestamp=4218 ms, used_size=11395072 bytes (27.8%)
(RDMA_READ_CONSUME_CHECK_CONSUMER) timestamp=4218 ms, used_size=11393024 bytes (27.8%)
(RDMA_READ_CONSUME_CHECK_CONSUMER) timestamp=4218 ms, used_size=11390976 bytes (27.8%)
(RDMA_READ_CONSUME_CHECK_CONSUMER) timestamp=4218 ms, used_size=11388928 bytes (27.8%)
(RDMA_READ_CONSUME_CHECK_CONSUMER) timestamp=4218 ms, used_size=11386880 bytes (27.8%)
(RDMA_READ_CONSUME_CHECK_CONSUMER) timestamp=4218 ms, used_size=11384832 bytes (27.8%)
(RDMA_READ_CONSUME_CHECK_CONSUMER) timestamp=4218 ms, used_size=11382784 bytes (27.8%)
(RDMA_READ_CONSUME_CHECK_CONSUMER) timestamp=4218 ms, used_size=11380736 bytes (27.8%)
(RDMA_READ_CONSUME_CHECK_CONSUMER) timestamp=4218 ms, used_size=11378688 bytes (27.8%)
(RDMA_READ_CONSUME_CHECK_CONSUMER) timestamp=4218 ms, used_size=11376640 bytes (27.8%)
(RDMA_READ_CONSUME_CHECK_CONSUMER) timestamp=4218 ms, used_size=11374592 bytes (27.8%)
(RDMA_READ_CONSUME_CHECK_CONSUMER) timestamp=4218 ms, used_size=11372544 bytes (27.8%)
(RDMA_READ_CONSUME_CHECK_CONSUMER) timestamp=4218 ms, used_size=11370496 bytes (27.8%)
(RDMA_READ_CONSUME_CHECK_CONSUMER) timestamp=4218 ms, used_size=11368448 bytes (27.8%)
(RDMA_READ_CONSUME_CHECK_CONSUMER) timestamp=4218 ms, used_size=11366400 bytes (27.8%)
(RDMA_READ_CONSUME_CHECK_CONSUMER) timestamp=4218 ms, used_size=11364352 bytes (27.7%)
(RDMA_READ_CONSUME_CHECK_CONSUMER) timestamp=4218 ms, used_size=11362304 bytes (27.7%)
(RDMA_READ_CONSUME_CHECK_CONSUMER) timestamp=4218 ms, used_size=11360256 bytes (27.7%)
(RDMA_READ_CONSUME_CHECK_CONSUMER) timestamp=4218 ms, used_size=11358208 bytes (27.7%)
(RDMA_READ_CONSUME_CHECK_CONSUMER) timestamp=4218 ms, used_size=11356160 bytes (27.7%)
(RDMA_READ_CONSUME_CHECK_CONSUMER) timestamp=4218 ms, used_size=11354112 bytes (27.7%)
(RDMA_READ_CONSUME_CHECK_CONSUMER) timestamp=4218 ms, used_size=11352064 bytes (27.7%)
(RDMA_READ_CONSUME_CHECK_CONSUMER) timestamp=4218 ms, used_size=11350016 bytes (27.7%)
(RDMA_READ_CONSUME_CHECK_CONSUMER) timestamp=4218 ms, used_size=11347968 bytes (27.7%)
(RDMA_READ_CONSUME_CHECK_CONSUMER) timestamp=4218 ms, used_size=11345920 bytes (27.7%)
(RDMA_READ_CONSUME_CHECK_CONSUMER) timestamp=4218 ms, used_size=11343872 bytes (27.7%)
(RDMA_READ_CONSUME_CHECK_CONSUMER) timestamp=4218 ms, used_size=11341824 bytes (27.7%)
(RDMA_READ_CONSUME_CHECK_CONSUMER) timestamp=4218 ms, used_size=11339776 bytes (27.7%)
(RDMA_READ_CONSUME_CHECK_CONSUMER) timestamp=4218 ms, used_size=11337728 bytes (27.7%)
(RDMA_READ_CONSUME_CHECK_CONSUMER) timestamp=4218 ms, used_size=11335680 bytes (27.7%)
(RDMA_READ_CONSUME_CHECK_CONSUMER) timestamp=4218 ms, used_size=11333632 bytes (27.7%)
(RDMA_READ_CONSUME_CHECK_CONSUMER) timestamp=4218 ms, used_size=11331584 bytes (27.7%)
(RDMA_READ_CONSUME_CHECK_CONSUMER) timestamp=4218 ms, used_size=11329536 bytes (27.7%)
(RDMA_READ_CONSUME_CHECK_CONSUMER) timestamp=4218 ms, used_size=11327488 bytes (27.7%)
(RDMA_READ_CONSUME_CHECK_CONSUMER) timestamp=4218 ms, used_size=11325440 bytes (27.6%)
(RDMA_READ_CONSUME_CHECK_CONSUMER) timestamp=4218 ms, used_size=11323392 bytes (27.6%)
(RDMA_READ_CONSUME_CHECK_CONSUMER) timestamp=4218 ms, used_size=11321344 bytes (27.6%)
(RDMA_READ_CONSUME_CHECK_CONSUMER) timestamp=4218 ms, used_size=11319296 bytes (27.6%)
(RDMA_READ_CONSUME_CHECK_CONSUMER) timestamp=4218 ms, used_size=11317248 bytes (27.6%)
(RDMA_READ_CONSUME_CHECK_CONSUMER) timestamp=4218 ms, used_size=11315200 bytes (27.6%)
(RDMA_READ_CONSUME_CHECK_CONSUMER) timestamp=4218 ms, used_size=11313152 bytes (27.6%)
(RDMA_READ_CONSUME_CHECK_CONSUMER) timestamp=4218 ms, used_size=11311104 bytes (27.6%)
(RDMA_READ_CONSUME_CHECK_CONSUMER) timestamp=4218 ms, used_size=11309056 bytes (27.6%)
(RDMA_READ_CONSUME_CHECK_CONSUMER) timestamp=4218 ms, used_size=11307008 bytes (27.6%)
(RDMA_READ_CONSUME_CHECK_CONSUMER) timestamp=4218 ms, used_size=11304960 bytes (27.6%)
(RDMA_READ_CONSUME_CHECK_CONSUMER) timestamp=4218 ms, used_size=11302912 bytes (27.6%)
(RDMA_READ_CONSUME_CHECK_CONSUMER) timestamp=4218 ms, used_size=11300864 bytes (27.6%)
(RDMA_READ_CONSUME_CHECK_CONSUMER) timestamp=4218 ms, used_size=11298816 bytes (27.6%)
(RDMA_READ_CONSUME_CHECK_CONSUMER) timestamp=4218 ms, used_size=11296768 bytes (27.6%)
(RDMA_READ_CONSUME_CHECK_CONSUMER) timestamp=4218 ms, used_size=11294720 bytes (27.6%)
(RDMA_READ_CONSUME_CHECK_CONSUMER) timestamp=4218 ms, used_size=11292672 bytes (27.6%)
(RDMA_READ_CONSUME_CHECK_CONSUMER) timestamp=4218 ms, used_size=11290624 bytes (27.6%)
(RDMA_READ_CONSUME_CHECK_CONSUMER) timestamp=4218 ms, used_size=11288576 bytes (27.6%)
(RDMA_READ_CONSUME_CHECK_CONSUMER) timestamp=4218 ms, used_size=11286528 bytes (27.6%)
(RDMA_READ_CONSUME_CHECK_CONSUMER) timestamp=4218 ms, used_size=11284480 bytes (27.6%)
(RDMA_READ_CONSUME_CHECK_CONSUMER) timestamp=4218 ms, used_size=11282432 bytes (27.5%)
(RDMA_READ_CONSUME_CHECK_CONSUMER) timestamp=4218 ms, used_size=11280384 bytes (27.5%)
(RDMA_READ_CONSUME_CHECK_CONSUMER) timestamp=4218 ms, used_size=11278336 bytes (27.5%)
(RDMA_READ_CONSUME_CHECK_CONSUMER) timestamp=4218 ms, used_size=11276288 bytes (27.5%)
(RDMA_READ_CONSUME_CHECK_CONSUMER) timestamp=4218 ms, used_size=11274240 bytes (27.5%)
(RDMA_READ_CONSUME_CHECK_CONSUMER) timestamp=4218 ms, used_size=11272192 bytes (27.5%)
(RDMA_READ_CONSUME_CHECK_CONSUMER) timestamp=4218 ms, used_size=11270144 bytes (27.5%)
(RDMA_READ_CONSUME_CHECK_CONSUMER) timestamp=4218 ms, used_size=11268096 bytes (27.5%)
(RDMA_READ_CONSUME_CHECK_CONSUMER) timestamp=4218 ms, used_size=11266048 bytes (27.5%)
(RDMA_READ_CONSUME_CHECK_CONSUMER) timestamp=4218 ms, used_size=11264000 bytes (27.5%)
(RDMA_READ_CONSUME_CHECK_CONSUMER) timestamp=4218 ms, used_size=11261952 bytes (27.5%)
(RDMA_READ_CONSUME_CHECK_CONSUMER) timestamp=4218 ms, used_size=11259904 bytes (27.5%)
(RDMA_READ_CONSUME_CHECK_CONSUMER) timestamp=4218 ms, used_size=11257856 bytes (27.5%)
(RDMA_READ_CONSUME_CHECK_CONSUMER) timestamp=4218 ms, used_size=11255808 bytes (27.5%)
(RDMA_READ_CONSUME_CHECK_CONSUMER) timestamp=4218 ms, used_size=11253760 bytes (27.5%)
(RDMA_READ_CONSUME_CHECK_CONSUMER) timestamp=4218 ms, used_size=11251712 bytes (27.5%)
(RDMA_READ_CONSUME_CHECK_CONSUMER) timestamp=4218 ms, used_size=11249664 bytes (27.5%)
(RDMA_READ_CONSUME_CHECK_CONSUMER) timestamp=4218 ms, used_size=11247616 bytes (27.5%)
(RDMA_READ_CONSUME_CHECK_CONSUMER) timestamp=4218 ms, used_size=11245568 bytes (27.5%)
(RDMA_READ_CONSUME_CHECK_CONSUMER) timestamp=4218 ms, used_size=11243520 bytes (27.4%)
(RDMA_READ_CONSUME_CHECK_CONSUMER) timestamp=4218 ms, used_size=11241472 bytes (27.4%)
(RDMA_READ_CONSUME_CHECK_CONSUMER) timestamp=4218 ms, used_size=11239424 bytes (27.4%)
(RDMA_READ_CONSUME_CHECK_CONSUMER) timestamp=4218 ms, used_size=11237376 bytes (27.4%)
(RDMA_READ_CONSUME_CHECK_CONSUMER) timestamp=4218 ms, used_size=11235328 bytes (27.4%)
(RDMA_READ_CONSUME_CHECK_CONSUMER) timestamp=4218 ms, used_size=11233280 bytes (27.4%)
(RDMA_READ_CONSUME_CHECK_CONSUMER) timestamp=4218 ms, used_size=11231232 bytes (27.4%)
(RDMA_READ_CONSUME_CHECK_CONSUMER) timestamp=4218 ms, used_size=11229184 bytes (27.4%)
(RDMA_READ_CONSUME_CHECK_CONSUMER) timestamp=4218 ms, used_size=11227136 bytes (27.4%)
(RDMA_READ_CONSUME_CHECK_CONSUMER) timestamp=4218 ms, used_size=11225088 bytes (27.4%)
(RDMA_READ_CONSUME_CHECK_CONSUMER) timestamp=4218 ms, used_size=11223040 bytes (27.4%)
(RDMA_READ_CONSUME_CHECK_CONSUMER) timestamp=4218 ms, used_size=11220992 bytes (27.4%)
(RDMA_READ_CONSUME_CHECK_CONSUMER) timestamp=4218 ms, used_size=11218944 bytes (27.4%)
(RDMA_READ_CONSUME_CHECK_CONSUMER) timestamp=4218 ms, used_size=11216896 bytes (27.4%)
(RDMA_READ_CONSUME_CHECK_CONSUMER) timestamp=4218 ms, used_size=11214848 bytes (27.4%)
(RDMA_READ_CONSUME_CHECK_CONSUMER) timestamp=4218 ms, used_size=11212800 bytes (27.4%)
(RDMA_READ_CONSUME_CHECK_CONSUMER) timestamp=4218 ms, used_size=11210752 bytes (27.4%)
(RDMA_READ_CONSUME_CHECK_CONSUMER) timestamp=4218 ms, used_size=11208704 bytes (27.4%)
(RDMA_READ_CONSUME_CHECK_CONSUMER) timestamp=4218 ms, used_size=11206656 bytes (27.4%)
(RDMA_READ_CONSUME_CHECK_CONSUMER) timestamp=4218 ms, used_size=11204608 bytes (27.4%)
(RDMA_READ_CONSUME_CHECK_CONSUMER) timestamp=4218 ms, used_size=11202560 bytes (27.4%)
(RDMA_READ_CONSUME_CHECK_CONSUMER) timestamp=4218 ms, used_size=11200512 bytes (27.3%)
(RDMA_READ_CONSUME_CHECK_CONSUMER) timestamp=4218 ms, used_size=11198464 bytes (27.3%)
(RDMA_READ_CONSUME_CHECK_CONSUMER) timestamp=4218 ms, used_size=11196416 bytes (27.3%)
(RDMA_READ_CONSUME_CHECK_CONSUMER) timestamp=4218 ms, used_size=11194368 bytes (27.3%)
(RDMA_READ_CONSUME_CHECK_CONSUMER) timestamp=4218 ms, used_size=11192320 bytes (27.3%)
(RDMA_READ_CONSUME_CHECK_CONSUMER) timestamp=4218 ms, used_size=11190272 bytes (27.3%)
(RDMA_READ_CONSUME_CHECK_CONSUMER) timestamp=4218 ms, used_size=11188224 bytes (27.3%)
(RDMA_READ_CONSUME_CHECK_CONSUMER) timestamp=4218 ms, used_size=11186176 bytes (27.3%)
(RDMA_READ_CONSUME_CHECK_CONSUMER) timestamp=4218 ms, used_size=11184128 bytes (27.3%)
(RDMA_READ_CONSUME_CHECK_CONSUMER) timestamp=4218 ms, used_size=11182080 bytes (27.3%)
(RDMA_READ_CONSUME_CHECK_CONSUMER) timestamp=4218 ms, used_size=11180032 bytes (27.3%)
(RDMA_READ_CONSUME_CHECK_CONSUMER) timestamp=4218 ms, used_size=11177984 bytes (27.3%)
(RDMA_READ_CONSUME_CHECK_CONSUMER) timestamp=4218 ms, used_size=11175936 bytes (27.3%)
(RDMA_READ_CONSUME_CHECK_CONSUMER) timestamp=4218 ms, used_size=11173888 bytes (27.3%)
(RDMA_READ_CONSUME_CHECK_CONSUMER) timestamp=4218 ms, used_size=11171840 bytes (27.3%)
(RDMA_READ_CONSUME_CHECK_CONSUMER) timestamp=4218 ms, used_size=11169792 bytes (27.3%)
(RDMA_READ_CONSUME_CHECK_CONSUMER) timestamp=4218 ms, used_size=11167744 bytes (27.3%)
(RDMA_READ_CONSUME_CHECK_CONSUMER) timestamp=4218 ms, used_size=11165696 bytes (27.3%)
(RDMA_READ_CONSUME_CHECK_CONSUMER) timestamp=4218 ms, used_size=11163648 bytes (27.3%)
(RDMA_READ_CONSUME_CHECK_CONSUMER) timestamp=4218 ms, used_size=11161600 bytes (27.2%)
(RDMA_READ_CONSUME_CHECK_CONSUMER) timestamp=4218 ms, used_size=11159552 bytes (27.2%)
(RDMA_READ_CONSUME_CHECK_CONSUMER) timestamp=4218 ms, used_size=11157504 bytes (27.2%)
(RDMA_READ_CONSUME_CHECK_CONSUMER) timestamp=4218 ms, used_size=11155456 bytes (27.2%)
(RDMA_READ_CONSUME_CHECK_CONSUMER) timestamp=4218 ms, used_size=11153408 bytes (27.2%)
(RDMA_READ_CONSUME_CHECK_CONSUMER) timestamp=4218 ms, used_size=11151360 bytes (27.2%)
(RDMA_READ_CONSUME_CHECK_CONSUMER) timestamp=4218 ms, used_size=11149312 bytes (27.2%)
(RDMA_READ_CONSUME_CHECK_CONSUMER) timestamp=4218 ms, used_size=11147264 bytes (27.2%)
(RDMA_READ_CONSUME_CHECK_CONSUMER) timestamp=4218 ms, used_size=11145216 bytes (27.2%)
(RDMA_READ_CONSUME_CHECK_CONSUMER) timestamp=4218 ms, used_size=11143168 bytes (27.2%)
(RDMA_READ_CONSUME_CHECK_CONSUMER) timestamp=4218 ms, used_size=11141120 bytes (27.2%)
(RDMA_READ_CONSUME_CHECK_CONSUMER) timestamp=4218 ms, used_size=11139072 bytes (27.2%)
(RDMA_READ_CONSUME_CHECK_CONSUMER) timestamp=4218 ms, used_size=11137024 bytes (27.2%)
(RDMA_READ_CONSUME_CHECK_CONSUMER) timestamp=4218 ms, used_size=11134976 bytes (27.2%)
(RDMA_READ_CONSUME_CHECK_CONSUMER) timestamp=4218 ms, used_size=11132928 bytes (27.2%)
(RDMA_READ_CONSUME_CHECK_CONSUMER) timestamp=4218 ms, used_size=11130880 bytes (27.2%)
(RDMA_READ_CONSUME_CHECK_CONSUMER) timestamp=4218 ms, used_size=11128832 bytes (27.2%)
(RDMA_READ_CONSUME_CHECK_CONSUMER) timestamp=4218 ms, used_size=11126784 bytes (27.2%)
(RDMA_READ_CONSUME_CHECK_CONSUMER) timestamp=4218 ms, used_size=11124736 bytes (27.2%)
(RDMA_READ_CONSUME_CHECK_CONSUMER) timestamp=4218 ms, used_size=11122688 bytes (27.2%)
(RDMA_READ_CONSUME_CHECK_CONSUMER) timestamp=4219 ms, used_size=11120640 bytes (27.1%)
(RDMA_READ_CONSUME_CHECK_CONSUMER) timestamp=4219 ms, used_size=11118592 bytes (27.1%)
(RDMA_READ_CONSUME_CHECK_CONSUMER) timestamp=4219 ms, used_size=11116544 bytes (27.1%)
(RDMA_READ_CONSUME_CHECK_CONSUMER) timestamp=4219 ms, used_size=11114496 bytes (27.1%)
(RDMA_READ_CONSUME_CHECK_CONSUMER) timestamp=4219 ms, used_size=11112448 bytes (27.1%)
(RDMA_READ_CONSUME_CHECK_CONSUMER) timestamp=4219 ms, used_size=11110400 bytes (27.1%)
(RDMA_READ_CONSUME_CHECK_CONSUMER) timestamp=4219 ms, used_size=11108352 bytes (27.1%)
(RDMA_READ_CONSUME_CHECK_CONSUMER) timestamp=4219 ms, used_size=11106304 bytes (27.1%)
(RDMA_READ_CONSUME_CHECK_CONSUMER) timestamp=4219 ms, used_size=11104256 bytes (27.1%)
(RDMA_READ_CONSUME_CHECK_CONSUMER) timestamp=4219 ms, used_size=11102208 bytes (27.1%)
(RDMA_READ_CONSUME_CHECK_CONSUMER) timestamp=4219 ms, used_size=11100160 bytes (27.1%)
(RDMA_READ_CONSUME_CHECK_CONSUMER) timestamp=4219 ms, used_size=11098112 bytes (27.1%)
(RDMA_READ_CONSUME_CHECK_CONSUMER) timestamp=4219 ms, used_size=11096064 bytes (27.1%)
(RDMA_READ_CONSUME_CHECK_CONSUMER) timestamp=4219 ms, used_size=11094016 bytes (27.1%)
(RDMA_READ_CONSUME_CHECK_CONSUMER) timestamp=4219 ms, used_size=11091968 bytes (27.1%)
(RDMA_READ_CONSUME_CHECK_CONSUMER) timestamp=4219 ms, used_size=11089920 bytes (27.1%)
(RDMA_READ_CONSUME_CHECK_CONSUMER) timestamp=4219 ms, used_size=11087872 bytes (27.1%)
(RDMA_READ_CONSUME_CHECK_CONSUMER) timestamp=4219 ms, used_size=11085824 bytes (27.1%)
(RDMA_READ_CONSUME_CHECK_CONSUMER) timestamp=4219 ms, used_size=11083776 bytes (27.1%)
(RDMA_READ_CONSUME_CHECK_CONSUMER) timestamp=4219 ms, used_size=11081728 bytes (27.1%)
(RDMA_READ_CONSUME_CHECK_CONSUMER) timestamp=4219 ms, used_size=11079680 bytes (27.1%)
(RDMA_READ_CONSUME_CHECK_CONSUMER) timestamp=4219 ms, used_size=11077632 bytes (27.0%)
(RDMA_READ_CONSUME_CHECK_CONSUMER) timestamp=4219 ms, used_size=11075584 bytes (27.0%)
(RDMA_READ_CONSUME_CHECK_CONSUMER) timestamp=4219 ms, used_size=11073536 bytes (27.0%)
(RDMA_READ_CONSUME_CHECK_CONSUMER) timestamp=4219 ms, used_size=11071488 bytes (27.0%)
(RDMA_READ_CONSUME_CHECK_CONSUMER) timestamp=4219 ms, used_size=11069440 bytes (27.0%)
(RDMA_READ_CONSUME_CHECK_CONSUMER) timestamp=4219 ms, used_size=11067392 bytes (27.0%)
(RDMA_READ_CONSUME_CHECK_CONSUMER) timestamp=4219 ms, used_size=11065344 bytes (27.0%)
(RDMA_READ_CONSUME_CHECK_CONSUMER) timestamp=4219 ms, used_size=11063296 bytes (27.0%)
(RDMA_READ_CONSUME_CHECK_CONSUMER) timestamp=4219 ms, used_size=11061248 bytes (27.0%)
(RDMA_READ_CONSUME_CHECK_CONSUMER) timestamp=4219 ms, used_size=11059200 bytes (27.0%)
(RDMA_READ_CONSUME_CHECK_CONSUMER) timestamp=4219 ms, used_size=11057152 bytes (27.0%)
(RDMA_READ_CONSUME_CHECK_CONSUMER) timestamp=4219 ms, used_size=11055104 bytes (27.0%)
(RDMA_READ_CONSUME_CHECK_CONSUMER) timestamp=4219 ms, used_size=11053056 bytes (27.0%)
(RDMA_READ_CONSUME_CHECK_CONSUMER) timestamp=4219 ms, used_size=11051008 bytes (27.0%)
(RDMA_READ_CONSUME_CHECK_CONSUMER) timestamp=4219 ms, used_size=11048960 bytes (27.0%)
(RDMA_READ_CONSUME_CHECK_CONSUMER) timestamp=4219 ms, used_size=11046912 bytes (27.0%)
(RDMA_READ_CONSUME_CHECK_CONSUMER) timestamp=4219 ms, used_size=11044864 bytes (27.0%)
(RDMA_READ_CONSUME_CHECK_CONSUMER) timestamp=4219 ms, used_size=11042816 bytes (27.0%)
(RDMA_READ_CONSUME_CHECK_CONSUMER) timestamp=4219 ms, used_size=11040768 bytes (27.0%)
(RDMA_READ_CONSUME_CHECK_CONSUMER) timestamp=4219 ms, used_size=11038720 bytes (26.9%)
(RDMA_READ_CONSUME_CHECK_CONSUMER) timestamp=4219 ms, used_size=11036672 bytes (26.9%)
(RDMA_READ_CONSUME_CHECK_CONSUMER) timestamp=4219 ms, used_size=11034624 bytes (26.9%)
(RDMA_READ_CONSUME_CHECK_CONSUMER) timestamp=4219 ms, used_size=11032576 bytes (26.9%)
(RDMA_READ_CONSUME_CHECK_CONSUMER) timestamp=4219 ms, used_size=11030528 bytes (26.9%)
(RDMA_READ_CONSUME_CHECK_CONSUMER) timestamp=4219 ms, used_size=11028480 bytes (26.9%)
(RDMA_READ_CONSUME_CHECK_CONSUMER) timestamp=4219 ms, used_size=11026432 bytes (26.9%)
(RDMA_READ_CONSUME_CHECK_CONSUMER) timestamp=4219 ms, used_size=11024384 bytes (26.9%)
(RDMA_READ_CONSUME_CHECK_CONSUMER) timestamp=4219 ms, used_size=11022336 bytes (26.9%)
(RDMA_READ_CONSUME_CHECK_CONSUMER) timestamp=4219 ms, used_size=11020288 bytes (26.9%)
(RDMA_READ_CONSUME_CHECK_CONSUMER) timestamp=4219 ms, used_size=11018240 bytes (26.9%)
(RDMA_READ_CONSUME_CHECK_CONSUMER) timestamp=4219 ms, used_size=11016192 bytes (26.9%)
(RDMA_READ_CONSUME_CHECK_CONSUMER) timestamp=4219 ms, used_size=11014144 bytes (26.9%)
(RDMA_READ_CONSUME_CHECK_CONSUMER) timestamp=4219 ms, used_size=11012096 bytes (26.9%)
(RDMA_READ_CONSUME_CHECK_CONSUMER) timestamp=4219 ms, used_size=11010048 bytes (26.9%)
(RDMA_READ_CONSUME_CHECK_CONSUMER) timestamp=4219 ms, used_size=11008000 bytes (26.9%)
(RDMA_READ_CONSUME_CHECK_CONSUMER) timestamp=4219 ms, used_size=11005952 bytes (26.9%)
(RDMA_READ_CONSUME_CHECK_CONSUMER) timestamp=4219 ms, used_size=11003904 bytes (26.9%)
(RDMA_READ_CONSUME_CHECK_CONSUMER) timestamp=4219 ms, used_size=11001856 bytes (26.9%)
(RDMA_READ_CONSUME_CHECK_CONSUMER) timestamp=4219 ms, used_size=10999808 bytes (26.9%)
(RDMA_READ_CONSUME_CHECK_CONSUMER) timestamp=4219 ms, used_size=10997760 bytes (26.9%)
(RDMA_READ_CONSUME_CHECK_CONSUMER) timestamp=4219 ms, used_size=10995712 bytes (26.8%)
(RDMA_READ_CONSUME_CHECK_CONSUMER) timestamp=4219 ms, used_size=10993664 bytes (26.8%)
(RDMA_READ_CONSUME_CHECK_CONSUMER) timestamp=4219 ms, used_size=10991616 bytes (26.8%)
(RDMA_READ_CONSUME_CHECK_CONSUMER) timestamp=4219 ms, used_size=10989568 bytes (26.8%)
(RDMA_READ_CONSUME_CHECK_CONSUMER) timestamp=4219 ms, used_size=10987520 bytes (26.8%)
(RDMA_READ_CONSUME_CHECK_CONSUMER) timestamp=4219 ms, used_size=10985472 bytes (26.8%)
(RDMA_READ_CONSUME_CHECK_CONSUMER) timestamp=4219 ms, used_size=10983424 bytes (26.8%)
(RDMA_READ_CONSUME_CHECK_CONSUMER) timestamp=4219 ms, used_size=10981376 bytes (26.8%)
(RDMA_READ_CONSUME_CHECK_CONSUMER) timestamp=4219 ms, used_size=10979328 bytes (26.8%)
(RDMA_READ_CONSUME_CHECK_CONSUMER) timestamp=4219 ms, used_size=10977280 bytes (26.8%)
(RDMA_READ_CONSUME_CHECK_CONSUMER) timestamp=4219 ms, used_size=10975232 bytes (26.8%)
(RDMA_READ_CONSUME_CHECK_CONSUMER) timestamp=4219 ms, used_size=10973184 bytes (26.8%)
(RDMA_READ_CONSUME_CHECK_CONSUMER) timestamp=4219 ms, used_size=10971136 bytes (26.8%)
(RDMA_READ_CONSUME_CHECK_CONSUMER) timestamp=4219 ms, used_size=10969088 bytes (26.8%)
(RDMA_READ_CONSUME_CHECK_CONSUMER) timestamp=4219 ms, used_size=10967040 bytes (26.8%)
(RDMA_READ_CONSUME_CHECK_CONSUMER) timestamp=4219 ms, used_size=10964992 bytes (26.8%)
(RDMA_READ_CONSUME_CHECK_CONSUMER) timestamp=4219 ms, used_size=10962944 bytes (26.8%)
(RDMA_READ_CONSUME_CHECK_CONSUMER) timestamp=4219 ms, used_size=10960896 bytes (26.8%)
(RDMA_READ_CONSUME_CHECK_CONSUMER) timestamp=4219 ms, used_size=10958848 bytes (26.8%)
(RDMA_READ_CONSUME_CHECK_CONSUMER) timestamp=4219 ms, used_size=10956800 bytes (26.8%)
(RDMA_READ_CONSUME_CHECK_CONSUMER) timestamp=4219 ms, used_size=10954752 bytes (26.7%)
(RDMA_READ_CONSUME_CHECK_CONSUMER) timestamp=4219 ms, used_size=10952704 bytes (26.7%)
(RDMA_READ_CONSUME_CHECK_CONSUMER) timestamp=4219 ms, used_size=10950656 bytes (26.7%)
(RDMA_READ_CONSUME_CHECK_CONSUMER) timestamp=4219 ms, used_size=10948608 bytes (26.7%)
(RDMA_READ_CONSUME_CHECK_CONSUMER) timestamp=4219 ms, used_size=10946560 bytes (26.7%)
(RDMA_READ_CONSUME_CHECK_CONSUMER) timestamp=4219 ms, used_size=10944512 bytes (26.7%)
(RDMA_READ_CONSUME_CHECK_CONSUMER) timestamp=4219 ms, used_size=10942464 bytes (26.7%)
(RDMA_READ_CONSUME_CHECK_CONSUMER) timestamp=4219 ms, used_size=10940416 bytes (26.7%)
(RDMA_READ_CONSUME_CHECK_CONSUMER) timestamp=4219 ms, used_size=10938368 bytes (26.7%)
(RDMA_READ_CONSUME_CHECK_CONSUMER) timestamp=4219 ms, used_size=10936320 bytes (26.7%)
(RDMA_READ_CONSUME_CHECK_CONSUMER) timestamp=4219 ms, used_size=10934272 bytes (26.7%)
(RDMA_READ_CONSUME_CHECK_CONSUMER) timestamp=4219 ms, used_size=10932224 bytes (26.7%)
(RDMA_READ_CONSUME_CHECK_CONSUMER) timestamp=4219 ms, used_size=10930176 bytes (26.7%)
(RDMA_READ_CONSUME_CHECK_CONSUMER) timestamp=4219 ms, used_size=10928128 bytes (26.7%)
(RDMA_READ_CONSUME_CHECK_CONSUMER) timestamp=4219 ms, used_size=10926080 bytes (26.7%)
(RDMA_READ_CONSUME_CHECK_CONSUMER) timestamp=4219 ms, used_size=10924032 bytes (26.7%)
(RDMA_READ_CONSUME_CHECK_CONSUMER) timestamp=4219 ms, used_size=10921984 bytes (26.7%)
(RDMA_READ_CONSUME_CHECK_CONSUMER) timestamp=4219 ms, used_size=10919936 bytes (26.7%)
(RDMA_READ_CONSUME_CHECK_CONSUMER) timestamp=4219 ms, used_size=10917888 bytes (26.7%)
(RDMA_READ_CONSUME_CHECK_CONSUMER) timestamp=4219 ms, used_size=10915840 bytes (26.6%)
(RDMA_READ_CONSUME_CHECK_CONSUMER) timestamp=4219 ms, used_size=10913792 bytes (26.6%)
(RDMA_READ_CONSUME_CHECK_CONSUMER) timestamp=4219 ms, used_size=10911744 bytes (26.6%)
(RDMA_READ_CONSUME_CHECK_CONSUMER) timestamp=4219 ms, used_size=10909696 bytes (26.6%)
(RDMA_READ_CONSUME_CHECK_CONSUMER) timestamp=4219 ms, used_size=10907648 bytes (26.6%)
(RDMA_READ_CONSUME_CHECK_CONSUMER) timestamp=4219 ms, used_size=10905600 bytes (26.6%)
(RDMA_READ_CONSUME_CHECK_CONSUMER) timestamp=4219 ms, used_size=10903552 bytes (26.6%)
(RDMA_READ_CONSUME_CHECK_CONSUMER) timestamp=4219 ms, used_size=10901504 bytes (26.6%)
(RDMA_READ_CONSUME_CHECK_CONSUMER) timestamp=4219 ms, used_size=10899456 bytes (26.6%)
(RDMA_READ_CONSUME_CHECK_CONSUMER) timestamp=4219 ms, used_size=10897408 bytes (26.6%)
(RDMA_READ_CONSUME_CHECK_CONSUMER) timestamp=4219 ms, used_size=10895360 bytes (26.6%)
(RDMA_READ_CONSUME_CHECK_CONSUMER) timestamp=4219 ms, used_size=10893312 bytes (26.6%)
(RDMA_READ_CONSUME_CHECK_CONSUMER) timestamp=4219 ms, used_size=10891264 bytes (26.6%)
(RDMA_READ_CONSUME_CHECK_CONSUMER) timestamp=4219 ms, used_size=10889216 bytes (26.6%)
(RDMA_READ_CONSUME_CHECK_CONSUMER) timestamp=4219 ms, used_size=10887168 bytes (26.6%)
(RDMA_READ_CONSUME_CHECK_CONSUMER) timestamp=4219 ms, used_size=10885120 bytes (26.6%)
(RDMA_READ_CONSUME_CHECK_CONSUMER) timestamp=4219 ms, used_size=10883072 bytes (26.6%)
(RDMA_READ_CONSUME_CHECK_CONSUMER) timestamp=4219 ms, used_size=10881024 bytes (26.6%)
(RDMA_READ_CONSUME_CHECK_CONSUMER) timestamp=4219 ms, used_size=10878976 bytes (26.6%)
(RDMA_READ_CONSUME_CHECK_CONSUMER) timestamp=4219 ms, used_size=10876928 bytes (26.6%)
(RDMA_READ_CONSUME_CHECK_CONSUMER) timestamp=4219 ms, used_size=10874880 bytes (26.6%)
(RDMA_READ_CONSUME_CHECK_CONSUMER) timestamp=4219 ms, used_size=10872832 bytes (26.5%)
(RDMA_READ_CONSUME_CHECK_CONSUMER) timestamp=4219 ms, used_size=10870784 bytes (26.5%)
(RDMA_READ_CONSUME_CHECK_CONSUMER) timestamp=4219 ms, used_size=10868736 bytes (26.5%)
(RDMA_READ_CONSUME_CHECK_CONSUMER) timestamp=4219 ms, used_size=10866688 bytes (26.5%)
(RDMA_READ_CONSUME_CHECK_CONSUMER) timestamp=4219 ms, used_size=10864640 bytes (26.5%)
(RDMA_READ_CONSUME_CHECK_CONSUMER) timestamp=4219 ms, used_size=10862592 bytes (26.5%)
(RDMA_READ_CONSUME_CHECK_CONSUMER) timestamp=4219 ms, used_size=10860544 bytes (26.5%)
(RDMA_READ_CONSUME_CHECK_CONSUMER) timestamp=4219 ms, used_size=10858496 bytes (26.5%)
(RDMA_READ_CONSUME_CHECK_CONSUMER) timestamp=4219 ms, used_size=10856448 bytes (26.5%)
(RDMA_READ_CONSUME_CHECK_CONSUMER) timestamp=4219 ms, used_size=10854400 bytes (26.5%)
(RDMA_READ_CONSUME_CHECK_CONSUMER) timestamp=4219 ms, used_size=10852352 bytes (26.5%)
(RDMA_READ_CONSUME_CHECK_CONSUMER) timestamp=4219 ms, used_size=10850304 bytes (26.5%)
(RDMA_READ_CONSUME_CHECK_CONSUMER) timestamp=4219 ms, used_size=10848256 bytes (26.5%)
(RDMA_READ_CONSUME_CHECK_CONSUMER) timestamp=4219 ms, used_size=10846208 bytes (26.5%)
(RDMA_READ_CONSUME_CHECK_CONSUMER) timestamp=4219 ms, used_size=10844160 bytes (26.5%)
(RDMA_READ_CONSUME_CHECK_CONSUMER) timestamp=4219 ms, used_size=10842112 bytes (26.5%)
(RDMA_READ_CONSUME_CHECK_CONSUMER) timestamp=4219 ms, used_size=10840064 bytes (26.5%)
(RDMA_READ_CONSUME_CHECK_CONSUMER) timestamp=4219 ms, used_size=10838016 bytes (26.5%)
(RDMA_READ_CONSUME_CHECK_CONSUMER) timestamp=4219 ms, used_size=10835968 bytes (26.5%)
(RDMA_READ_CONSUME_CHECK_CONSUMER) timestamp=4219 ms, used_size=10833920 bytes (26.4%)
(RDMA_READ_CONSUME_CHECK_CONSUMER) timestamp=4219 ms, used_size=10831872 bytes (26.4%)
(RDMA_READ_CONSUME_CHECK_CONSUMER) timestamp=4219 ms, used_size=10829824 bytes (26.4%)
(RDMA_READ_CONSUME_CHECK_CONSUMER) timestamp=4219 ms, used_size=10827776 bytes (26.4%)
(RDMA_READ_CONSUME_CHECK_CONSUMER) timestamp=4219 ms, used_size=10825728 bytes (26.4%)
(RDMA_READ_CONSUME_CHECK_CONSUMER) timestamp=4219 ms, used_size=10823680 bytes (26.4%)
(RDMA_READ_CONSUME_CHECK_CONSUMER) timestamp=4219 ms, used_size=10821632 bytes (26.4%)
(RDMA_READ_CONSUME_CHECK_CONSUMER) timestamp=4219 ms, used_size=10819584 bytes (26.4%)
(RDMA_READ_CONSUME_CHECK_CONSUMER) timestamp=4219 ms, used_size=10817536 bytes (26.4%)
(RDMA_READ_CONSUME_CHECK_CONSUMER) timestamp=4219 ms, used_size=10815488 bytes (26.4%)
(RDMA_READ_CONSUME_CHECK_CONSUMER) timestamp=4219 ms, used_size=10813440 bytes (26.4%)
(RDMA_READ_CONSUME_CHECK_CONSUMER) timestamp=4219 ms, used_size=10811392 bytes (26.4%)
(RDMA_READ_CONSUME_CHECK_CONSUMER) timestamp=4219 ms, used_size=10809344 bytes (26.4%)
(RDMA_READ_CONSUME_CHECK_CONSUMER) timestamp=4219 ms, used_size=10807296 bytes (26.4%)
(RDMA_READ_CONSUME_CHECK_CONSUMER) timestamp=4219 ms, used_size=10805248 bytes (26.4%)
(RDMA_READ_CONSUME_CHECK_CONSUMER) timestamp=4219 ms, used_size=10803200 bytes (26.4%)
(RDMA_READ_CONSUME_CHECK_CONSUMER) timestamp=4219 ms, used_size=10801152 bytes (26.4%)
(RDMA_READ_CONSUME_CHECK_CONSUMER) timestamp=4219 ms, used_size=10799104 bytes (26.4%)
(RDMA_READ_CONSUME_CHECK_CONSUMER) timestamp=4219 ms, used_size=10797056 bytes (26.4%)
(RDMA_READ_CONSUME_CHECK_CONSUMER) timestamp=4219 ms, used_size=10795008 bytes (26.4%)
(RDMA_READ_CONSUME_CHECK_CONSUMER) timestamp=4219 ms, used_size=10792960 bytes (26.4%)
(RDMA_READ_CONSUME_CHECK_CONSUMER) timestamp=4219 ms, used_size=10790912 bytes (26.3%)
(RDMA_READ_CONSUME_CHECK_CONSUMER) timestamp=4219 ms, used_size=10788864 bytes (26.3%)
(RDMA_READ_CONSUME_CHECK_CONSUMER) timestamp=4219 ms, used_size=10786816 bytes (26.3%)
(RDMA_READ_CONSUME_CHECK_CONSUMER) timestamp=4219 ms, used_size=10784768 bytes (26.3%)
(RDMA_READ_CONSUME_CHECK_CONSUMER) timestamp=4219 ms, used_size=10782720 bytes (26.3%)
(RDMA_READ_CONSUME_CHECK_CONSUMER) timestamp=4219 ms, used_size=10780672 bytes (26.3%)
(RDMA_READ_CONSUME_CHECK_CONSUMER) timestamp=4219 ms, used_size=10778624 bytes (26.3%)
(RDMA_READ_CONSUME_CHECK_CONSUMER) timestamp=4219 ms, used_size=10776576 bytes (26.3%)
(RDMA_READ_CONSUME_CHECK_CONSUMER) timestamp=4219 ms, used_size=10774528 bytes (26.3%)
(RDMA_READ_CONSUME_CHECK_CONSUMER) timestamp=4219 ms, used_size=10772480 bytes (26.3%)
(RDMA_READ_CONSUME_CHECK_CONSUMER) timestamp=4219 ms, used_size=10770432 bytes (26.3%)
(RDMA_READ_CONSUME_CHECK_CONSUMER) timestamp=4219 ms, used_size=10768384 bytes (26.3%)
(RDMA_READ_CONSUME_CHECK_CONSUMER) timestamp=4219 ms, used_size=10766336 bytes (26.3%)
(RDMA_READ_CONSUME_CHECK_CONSUMER) timestamp=4219 ms, used_size=10764288 bytes (26.3%)
(RDMA_READ_CONSUME_CHECK_CONSUMER) timestamp=4219 ms, used_size=10762240 bytes (26.3%)
(RDMA_READ_CONSUME_CHECK_CONSUMER) timestamp=4219 ms, used_size=10760192 bytes (26.3%)
(RDMA_READ_CONSUME_CHECK_CONSUMER) timestamp=4219 ms, used_size=10758144 bytes (26.3%)
(RDMA_READ_CONSUME_CHECK_CONSUMER) timestamp=4219 ms, used_size=10756096 bytes (26.3%)
(RDMA_READ_CONSUME_CHECK_CONSUMER) timestamp=4219 ms, used_size=10754048 bytes (26.3%)
(RDMA_READ_CONSUME_CHECK_CONSUMER) timestamp=4220 ms, used_size=10752000 bytes (26.2%)
(RDMA_READ_CONSUME_CHECK_CONSUMER) timestamp=4220 ms, used_size=10749952 bytes (26.2%)
(RDMA_READ_CONSUME_CHECK_CONSUMER) timestamp=4220 ms, used_size=10747904 bytes (26.2%)
(RDMA_READ_CONSUME_CHECK_CONSUMER) timestamp=4220 ms, used_size=10745856 bytes (26.2%)
(RDMA_READ_CONSUME_CHECK_CONSUMER) timestamp=4220 ms, used_size=10743808 bytes (26.2%)
(RDMA_READ_CONSUME_CHECK_CONSUMER) timestamp=4220 ms, used_size=10741760 bytes (26.2%)
(RDMA_READ_CONSUME_CHECK_CONSUMER) timestamp=4220 ms, used_size=10739712 bytes (26.2%)
(RDMA_READ_CONSUME_CHECK_CONSUMER) timestamp=4220 ms, used_size=10737664 bytes (26.2%)
(RDMA_READ_CONSUME_CHECK_CONSUMER) timestamp=4220 ms, used_size=10735616 bytes (26.2%)
(RDMA_READ_CONSUME_CHECK_CONSUMER) timestamp=4220 ms, used_size=10733568 bytes (26.2%)
(RDMA_READ_CONSUME_CHECK_CONSUMER) timestamp=4220 ms, used_size=10731520 bytes (26.2%)
(RDMA_READ_CONSUME_CHECK_CONSUMER) timestamp=4220 ms, used_size=10729472 bytes (26.2%)
(RDMA_READ_CONSUME_CHECK_CONSUMER) timestamp=4220 ms, used_size=10727424 bytes (26.2%)
(RDMA_READ_CONSUME_CHECK_CONSUMER) timestamp=4220 ms, used_size=10725376 bytes (26.2%)
(RDMA_READ_CONSUME_CHECK_CONSUMER) timestamp=4220 ms, used_size=10723328 bytes (26.2%)
(RDMA_READ_CONSUME_CHECK_CONSUMER) timestamp=4220 ms, used_size=10721280 bytes (26.2%)
(RDMA_READ_CONSUME_CHECK_CONSUMER) timestamp=4220 ms, used_size=10719232 bytes (26.2%)
(RDMA_READ_CONSUME_CHECK_CONSUMER) timestamp=4220 ms, used_size=10717184 bytes (26.2%)
(RDMA_READ_CONSUME_CHECK_CONSUMER) timestamp=4220 ms, used_size=10715136 bytes (26.2%)
(RDMA_READ_CONSUME_CHECK_CONSUMER) timestamp=4220 ms, used_size=10713088 bytes (26.2%)
(RDMA_READ_CONSUME_CHECK_CONSUMER) timestamp=4220 ms, used_size=10711040 bytes (26.1%)
(RDMA_READ_CONSUME_CHECK_CONSUMER) timestamp=4220 ms, used_size=10708992 bytes (26.1%)
(RDMA_READ_CONSUME_CHECK_CONSUMER) timestamp=4220 ms, used_size=10706944 bytes (26.1%)
(RDMA_READ_CONSUME_CHECK_CONSUMER) timestamp=4220 ms, used_size=10704896 bytes (26.1%)
(RDMA_READ_CONSUME_CHECK_CONSUMER) timestamp=4220 ms, used_size=10702848 bytes (26.1%)
(RDMA_READ_CONSUME_CHECK_CONSUMER) timestamp=4220 ms, used_size=10700800 bytes (26.1%)
(RDMA_READ_CONSUME_CHECK_CONSUMER) timestamp=4220 ms, used_size=10698752 bytes (26.1%)
(RDMA_READ_CONSUME_CHECK_CONSUMER) timestamp=4220 ms, used_size=10696704 bytes (26.1%)
(RDMA_READ_CONSUME_CHECK_CONSUMER) timestamp=4220 ms, used_size=10694656 bytes (26.1%)
(RDMA_READ_CONSUME_CHECK_CONSUMER) timestamp=4220 ms, used_size=10692608 bytes (26.1%)
(RDMA_READ_CONSUME_CHECK_CONSUMER) timestamp=4220 ms, used_size=10690560 bytes (26.1%)
(RDMA_READ_CONSUME_CHECK_CONSUMER) timestamp=4220 ms, used_size=10688512 bytes (26.1%)
(RDMA_READ_CONSUME_CHECK_CONSUMER) timestamp=4220 ms, used_size=10686464 bytes (26.1%)
(RDMA_READ_CONSUME_CHECK_CONSUMER) timestamp=4220 ms, used_size=10684416 bytes (26.1%)
(RDMA_READ_CONSUME_CHECK_CONSUMER) timestamp=4220 ms, used_size=10682368 bytes (26.1%)
(RDMA_READ_CONSUME_CHECK_CONSUMER) timestamp=4220 ms, used_size=10680320 bytes (26.1%)
(RDMA_READ_CONSUME_CHECK_CONSUMER) timestamp=4220 ms, used_size=10678272 bytes (26.1%)
(RDMA_READ_CONSUME_CHECK_CONSUMER) timestamp=4220 ms, used_size=10676224 bytes (26.1%)
(RDMA_READ_CONSUME_CHECK_CONSUMER) timestamp=4220 ms, used_size=10674176 bytes (26.1%)
(RDMA_READ_CONSUME_CHECK_CONSUMER) timestamp=4220 ms, used_size=10672128 bytes (26.1%)
(RDMA_READ_CONSUME_CHECK_CONSUMER) timestamp=4220 ms, used_size=10670080 bytes (26.1%)
(RDMA_READ_CONSUME_CHECK_CONSUMER) timestamp=4220 ms, used_size=10668032 bytes (26.0%)
(RDMA_READ_CONSUME_CHECK_CONSUMER) timestamp=4220 ms, used_size=10665984 bytes (26.0%)
(RDMA_READ_CONSUME_CHECK_CONSUMER) timestamp=4220 ms, used_size=10663936 bytes (26.0%)
(RDMA_READ_CONSUME_CHECK_CONSUMER) timestamp=4220 ms, used_size=10661888 bytes (26.0%)
(RDMA_READ_CONSUME_CHECK_CONSUMER) timestamp=4220 ms, used_size=10659840 bytes (26.0%)
(RDMA_READ_CONSUME_CHECK_CONSUMER) timestamp=4220 ms, used_size=10657792 bytes (26.0%)
(RDMA_READ_CONSUME_CHECK_CONSUMER) timestamp=4220 ms, used_size=10655744 bytes (26.0%)
(RDMA_READ_CONSUME_CHECK_CONSUMER) timestamp=4220 ms, used_size=10653696 bytes (26.0%)
(RDMA_READ_CONSUME_CHECK_CONSUMER) timestamp=4220 ms, used_size=10651648 bytes (26.0%)
(RDMA_READ_CONSUME_CHECK_CONSUMER) timestamp=4220 ms, used_size=10649600 bytes (26.0%)
(RDMA_READ_CONSUME_CHECK_CONSUMER) timestamp=4220 ms, used_size=10647552 bytes (26.0%)
(RDMA_READ_CONSUME_CHECK_CONSUMER) timestamp=4220 ms, used_size=10645504 bytes (26.0%)
(RDMA_READ_CONSUME_CHECK_CONSUMER) timestamp=4220 ms, used_size=10643456 bytes (26.0%)
(RDMA_READ_CONSUME_CHECK_CONSUMER) timestamp=4220 ms, used_size=10641408 bytes (26.0%)
(RDMA_READ_CONSUME_CHECK_CONSUMER) timestamp=4220 ms, used_size=10639360 bytes (26.0%)
(RDMA_READ_CONSUME_CHECK_CONSUMER) timestamp=4220 ms, used_size=10637312 bytes (26.0%)
(RDMA_READ_CONSUME_CHECK_CONSUMER) timestamp=4220 ms, used_size=10635264 bytes (26.0%)
(RDMA_READ_CONSUME_CHECK_CONSUMER) timestamp=4220 ms, used_size=10633216 bytes (26.0%)
(RDMA_READ_CONSUME_CHECK_CONSUMER) timestamp=4220 ms, used_size=10631168 bytes (26.0%)
(RDMA_READ_CONSUME_CHECK_CONSUMER) timestamp=4220 ms, used_size=10629120 bytes (25.9%)
(RDMA_READ_CONSUME_CHECK_CONSUMER) timestamp=4220 ms, used_size=10627072 bytes (25.9%)
(RDMA_READ_CONSUME_CHECK_CONSUMER) timestamp=4220 ms, used_size=10625024 bytes (25.9%)
(RDMA_READ_CONSUME_CHECK_CONSUMER) timestamp=4220 ms, used_size=10622976 bytes (25.9%)
(RDMA_READ_CONSUME_CHECK_CONSUMER) timestamp=4220 ms, used_size=10620928 bytes (25.9%)
(RDMA_READ_CONSUME_CHECK_CONSUMER) timestamp=4220 ms, used_size=10618880 bytes (25.9%)
(RDMA_READ_CONSUME_CHECK_CONSUMER) timestamp=4220 ms, used_size=10616832 bytes (25.9%)
(RDMA_READ_CONSUME_CHECK_CONSUMER) timestamp=4220 ms, used_size=10614784 bytes (25.9%)
(RDMA_READ_CONSUME_CHECK_CONSUMER) timestamp=4220 ms, used_size=10612736 bytes (25.9%)
(RDMA_READ_CONSUME_CHECK_CONSUMER) timestamp=4220 ms, used_size=10610688 bytes (25.9%)
(RDMA_READ_CONSUME_CHECK_CONSUMER) timestamp=4220 ms, used_size=10608640 bytes (25.9%)
(RDMA_READ_CONSUME_CHECK_CONSUMER) timestamp=4220 ms, used_size=10606592 bytes (25.9%)
(RDMA_READ_CONSUME_CHECK_CONSUMER) timestamp=4220 ms, used_size=10604544 bytes (25.9%)
(RDMA_READ_CONSUME_CHECK_CONSUMER) timestamp=4220 ms, used_size=10602496 bytes (25.9%)
(RDMA_READ_CONSUME_CHECK_CONSUMER) timestamp=4220 ms, used_size=10600448 bytes (25.9%)
(RDMA_READ_CONSUME_CHECK_CONSUMER) timestamp=4220 ms, used_size=10598400 bytes (25.9%)
(RDMA_READ_CONSUME_CHECK_CONSUMER) timestamp=4220 ms, used_size=10596352 bytes (25.9%)
(RDMA_READ_CONSUME_CHECK_CONSUMER) timestamp=4220 ms, used_size=10594304 bytes (25.9%)
(RDMA_READ_CONSUME_CHECK_CONSUMER) timestamp=4220 ms, used_size=10592256 bytes (25.9%)
(RDMA_READ_CONSUME_CHECK_CONSUMER) timestamp=4220 ms, used_size=10590208 bytes (25.9%)
(RDMA_READ_CONSUME_CHECK_CONSUMER) timestamp=4220 ms, used_size=10588160 bytes (25.9%)
(RDMA_READ_CONSUME_CHECK_CONSUMER) timestamp=4220 ms, used_size=10586112 bytes (25.8%)
(RDMA_READ_CONSUME_CHECK_CONSUMER) timestamp=4220 ms, used_size=10584064 bytes (25.8%)
(RDMA_READ_CONSUME_CHECK_CONSUMER) timestamp=4220 ms, used_size=10582016 bytes (25.8%)
(RDMA_READ_CONSUME_CHECK_CONSUMER) timestamp=4220 ms, used_size=10579968 bytes (25.8%)
(RDMA_READ_CONSUME_CHECK_CONSUMER) timestamp=4220 ms, used_size=10577920 bytes (25.8%)
(RDMA_READ_CONSUME_CHECK_CONSUMER) timestamp=4220 ms, used_size=10575872 bytes (25.8%)
(RDMA_READ_CONSUME_CHECK_CONSUMER) timestamp=4220 ms, used_size=10573824 bytes (25.8%)
(RDMA_READ_CONSUME_CHECK_CONSUMER) timestamp=4220 ms, used_size=10571776 bytes (25.8%)
(RDMA_READ_CONSUME_CHECK_CONSUMER) timestamp=4220 ms, used_size=10569728 bytes (25.8%)
(RDMA_READ_CONSUME_CHECK_CONSUMER) timestamp=4220 ms, used_size=10567680 bytes (25.8%)
(RDMA_READ_CONSUME_CHECK_CONSUMER) timestamp=4220 ms, used_size=10565632 bytes (25.8%)
(RDMA_READ_CONSUME_CHECK_CONSUMER) timestamp=4220 ms, used_size=10563584 bytes (25.8%)
(RDMA_READ_CONSUME_CHECK_CONSUMER) timestamp=4220 ms, used_size=10561536 bytes (25.8%)
(RDMA_READ_CONSUME_CHECK_CONSUMER) timestamp=4220 ms, used_size=10559488 bytes (25.8%)
(RDMA_READ_CONSUME_CHECK_CONSUMER) timestamp=4220 ms, used_size=10557440 bytes (25.8%)
(RDMA_READ_CONSUME_CHECK_CONSUMER) timestamp=4220 ms, used_size=10555392 bytes (25.8%)
(RDMA_READ_CONSUME_CHECK_CONSUMER) timestamp=4220 ms, used_size=10553344 bytes (25.8%)
(RDMA_READ_CONSUME_CHECK_CONSUMER) timestamp=4220 ms, used_size=10551296 bytes (25.8%)
(RDMA_READ_CONSUME_CHECK_CONSUMER) timestamp=4220 ms, used_size=10549248 bytes (25.8%)
(RDMA_READ_CONSUME_CHECK_CONSUMER) timestamp=4220 ms, used_size=10547200 bytes (25.8%)
(RDMA_READ_CONSUME_CHECK_CONSUMER) timestamp=4220 ms, used_size=10545152 bytes (25.7%)
(RDMA_READ_CONSUME_CHECK_CONSUMER) timestamp=4220 ms, used_size=10543104 bytes (25.7%)
(RDMA_READ_CONSUME_CHECK_CONSUMER) timestamp=4220 ms, used_size=10541056 bytes (25.7%)
(RDMA_READ_CONSUME_CHECK_CONSUMER) timestamp=4220 ms, used_size=10539008 bytes (25.7%)
(RDMA_READ_CONSUME_CHECK_CONSUMER) timestamp=4220 ms, used_size=10536960 bytes (25.7%)
(RDMA_READ_CONSUME_CHECK_CONSUMER) timestamp=4220 ms, used_size=10534912 bytes (25.7%)
(RDMA_READ_CONSUME_CHECK_CONSUMER) timestamp=4220 ms, used_size=10532864 bytes (25.7%)
(RDMA_READ_CONSUME_CHECK_CONSUMER) timestamp=4220 ms, used_size=10530816 bytes (25.7%)
(RDMA_READ_CONSUME_CHECK_CONSUMER) timestamp=4220 ms, used_size=10528768 bytes (25.7%)
(RDMA_READ_CONSUME_CHECK_CONSUMER) timestamp=4220 ms, used_size=10526720 bytes (25.7%)
(RDMA_READ_CONSUME_CHECK_CONSUMER) timestamp=4220 ms, used_size=10524672 bytes (25.7%)
(RDMA_READ_CONSUME_CHECK_CONSUMER) timestamp=4220 ms, used_size=10522624 bytes (25.7%)
(RDMA_READ_CONSUME_CHECK_CONSUMER) timestamp=4220 ms, used_size=10520576 bytes (25.7%)
(RDMA_READ_CONSUME_CHECK_CONSUMER) timestamp=4220 ms, used_size=10518528 bytes (25.7%)
(RDMA_READ_CONSUME_CHECK_CONSUMER) timestamp=4220 ms, used_size=10516480 bytes (25.7%)
(RDMA_READ_CONSUME_CHECK_CONSUMER) timestamp=4220 ms, used_size=10514432 bytes (25.7%)
(RDMA_READ_CONSUME_CHECK_CONSUMER) timestamp=4220 ms, used_size=10512384 bytes (25.7%)
(RDMA_READ_CONSUME_CHECK_CONSUMER) timestamp=4220 ms, used_size=10510336 bytes (25.7%)
(RDMA_READ_CONSUME_CHECK_CONSUMER) timestamp=4220 ms, used_size=10508288 bytes (25.7%)
(RDMA_READ_CONSUME_CHECK_CONSUMER) timestamp=4220 ms, used_size=10506240 bytes (25.6%)
(RDMA_READ_CONSUME_CHECK_CONSUMER) timestamp=4220 ms, used_size=10504192 bytes (25.6%)
(RDMA_READ_CONSUME_CHECK_CONSUMER) timestamp=4220 ms, used_size=10502144 bytes (25.6%)
(RDMA_READ_CONSUME_CHECK_CONSUMER) timestamp=4220 ms, used_size=10500096 bytes (25.6%)
(RDMA_READ_CONSUME_CHECK_CONSUMER) timestamp=4220 ms, used_size=10498048 bytes (25.6%)
(RDMA_READ_CONSUME_CHECK_CONSUMER) timestamp=4220 ms, used_size=10496000 bytes (25.6%)
(RDMA_READ_CONSUME_CHECK_CONSUMER) timestamp=4220 ms, used_size=10493952 bytes (25.6%)
(RDMA_READ_CONSUME_CHECK_CONSUMER) timestamp=4220 ms, used_size=10491904 bytes (25.6%)
(RDMA_READ_CONSUME_CHECK_CONSUMER) timestamp=4220 ms, used_size=10489856 bytes (25.6%)
(RDMA_READ_CONSUME_CHECK_CONSUMER) timestamp=4220 ms, used_size=10487808 bytes (25.6%)
(RDMA_READ_CONSUME_CHECK_CONSUMER) timestamp=4220 ms, used_size=10485760 bytes (25.6%)
(RDMA_READ_CONSUME_CHECK_CONSUMER) timestamp=4220 ms, used_size=10483712 bytes (25.6%)
(RDMA_READ_CONSUME_CHECK_CONSUMER) timestamp=4220 ms, used_size=10481664 bytes (25.6%)
(RDMA_READ_CONSUME_CHECK_CONSUMER) timestamp=4220 ms, used_size=10479616 bytes (25.6%)
(RDMA_READ_CONSUME_CHECK_CONSUMER) timestamp=4220 ms, used_size=10477568 bytes (25.6%)
(RDMA_READ_CONSUME_CHECK_CONSUMER) timestamp=4220 ms, used_size=10475520 bytes (25.6%)
(RDMA_READ_CONSUME_CHECK_CONSUMER) timestamp=4220 ms, used_size=10473472 bytes (25.6%)
(RDMA_READ_CONSUME_CHECK_CONSUMER) timestamp=4220 ms, used_size=10471424 bytes (25.6%)
(RDMA_READ_CONSUME_CHECK_CONSUMER) timestamp=4220 ms, used_size=10469376 bytes (25.6%)
(RDMA_READ_CONSUME_CHECK_CONSUMER) timestamp=4220 ms, used_size=10467328 bytes (25.6%)
(RDMA_READ_CONSUME_CHECK_CONSUMER) timestamp=4220 ms, used_size=10465280 bytes (25.6%)
(RDMA_READ_CONSUME_CHECK_CONSUMER) timestamp=4220 ms, used_size=10463232 bytes (25.5%)
(RDMA_READ_CONSUME_CHECK_CONSUMER) timestamp=4220 ms, used_size=10461184 bytes (25.5%)
(RDMA_READ_CONSUME_CHECK_CONSUMER) timestamp=4220 ms, used_size=10459136 bytes (25.5%)
(RDMA_READ_CONSUME_CHECK_CONSUMER) timestamp=4220 ms, used_size=10457088 bytes (25.5%)
(RDMA_READ_CONSUME_CHECK_CONSUMER) timestamp=4220 ms, used_size=10455040 bytes (25.5%)
(RDMA_READ_CONSUME_CHECK_CONSUMER) timestamp=4220 ms, used_size=10452992 bytes (25.5%)
(RDMA_READ_CONSUME_CHECK_CONSUMER) timestamp=4220 ms, used_size=10450944 bytes (25.5%)
(RDMA_READ_CONSUME_CHECK_CONSUMER) timestamp=4220 ms, used_size=10448896 bytes (25.5%)
(RDMA_READ_CONSUME_CHECK_CONSUMER) timestamp=4220 ms, used_size=10446848 bytes (25.5%)
(RDMA_READ_CONSUME_CHECK_CONSUMER) timestamp=4220 ms, used_size=10444800 bytes (25.5%)
(RDMA_READ_CONSUME_CHECK_CONSUMER) timestamp=4220 ms, used_size=10442752 bytes (25.5%)
(RDMA_READ_CONSUME_CHECK_CONSUMER) timestamp=4220 ms, used_size=10440704 bytes (25.5%)
(RDMA_READ_CONSUME_CHECK_CONSUMER) timestamp=4220 ms, used_size=10438656 bytes (25.5%)
(RDMA_READ_CONSUME_CHECK_CONSUMER) timestamp=4220 ms, used_size=10436608 bytes (25.5%)
(RDMA_READ_CONSUME_CHECK_CONSUMER) timestamp=4220 ms, used_size=10434560 bytes (25.5%)
(RDMA_READ_CONSUME_CHECK_CONSUMER) timestamp=4220 ms, used_size=10432512 bytes (25.5%)
(RDMA_READ_CONSUME_CHECK_CONSUMER) timestamp=4220 ms, used_size=10430464 bytes (25.5%)
(RDMA_READ_CONSUME_CHECK_CONSUMER) timestamp=4220 ms, used_size=10428416 bytes (25.5%)
(RDMA_READ_CONSUME_CHECK_CONSUMER) timestamp=4220 ms, used_size=10426368 bytes (25.5%)
(RDMA_READ_CONSUME_CHECK_CONSUMER) timestamp=4220 ms, used_size=10424320 bytes (25.4%)
(RDMA_READ_CONSUME_CHECK_CONSUMER) timestamp=4220 ms, used_size=10422272 bytes (25.4%)
(RDMA_READ_CONSUME_CHECK_CONSUMER) timestamp=4220 ms, used_size=10420224 bytes (25.4%)
(RDMA_READ_CONSUME_CHECK_CONSUMER) timestamp=4220 ms, used_size=10418176 bytes (25.4%)
(RDMA_READ_CONSUME_CHECK_CONSUMER) timestamp=4220 ms, used_size=10416128 bytes (25.4%)
(RDMA_READ_CONSUME_CHECK_CONSUMER) timestamp=4220 ms, used_size=10414080 bytes (25.4%)
(RDMA_READ_CONSUME_CHECK_CONSUMER) timestamp=4220 ms, used_size=10412032 bytes (25.4%)
(RDMA_READ_CONSUME_CHECK_CONSUMER) timestamp=4220 ms, used_size=10409984 bytes (25.4%)
(RDMA_READ_CONSUME_CHECK_CONSUMER) timestamp=4220 ms, used_size=10407936 bytes (25.4%)
(RDMA_READ_CONSUME_CHECK_CONSUMER) timestamp=4220 ms, used_size=10405888 bytes (25.4%)
(RDMA_READ_CONSUME_CHECK_CONSUMER) timestamp=4220 ms, used_size=10403840 bytes (25.4%)
(RDMA_READ_CONSUME_CHECK_CONSUMER) timestamp=4220 ms, used_size=10401792 bytes (25.4%)
(RDMA_READ_CONSUME_CHECK_CONSUMER) timestamp=4220 ms, used_size=10399744 bytes (25.4%)
(RDMA_READ_CONSUME_CHECK_CONSUMER) timestamp=4220 ms, used_size=10397696 bytes (25.4%)
(RDMA_READ_CONSUME_CHECK_CONSUMER) timestamp=4220 ms, used_size=10395648 bytes (25.4%)
(RDMA_READ_CONSUME_CHECK_CONSUMER) timestamp=4220 ms, used_size=10393600 bytes (25.4%)
(RDMA_READ_CONSUME_CHECK_CONSUMER) timestamp=4220 ms, used_size=10391552 bytes (25.4%)
(RDMA_READ_CONSUME_CHECK_CONSUMER) timestamp=4220 ms, used_size=10389504 bytes (25.4%)
(RDMA_READ_CONSUME_CHECK_CONSUMER) timestamp=4220 ms, used_size=10387456 bytes (25.4%)
(RDMA_READ_CONSUME_CHECK_CONSUMER) timestamp=4221 ms, used_size=10385408 bytes (25.4%)
(RDMA_READ_CONSUME_CHECK_CONSUMER) timestamp=4221 ms, used_size=10383360 bytes (25.4%)
(RDMA_READ_CONSUME_CHECK_CONSUMER) timestamp=4221 ms, used_size=10381312 bytes (25.3%)
(RDMA_READ_CONSUME_CHECK_CONSUMER) timestamp=4221 ms, used_size=10379264 bytes (25.3%)
(RDMA_READ_CONSUME_CHECK_CONSUMER) timestamp=4221 ms, used_size=10377216 bytes (25.3%)
(RDMA_READ_CONSUME_CHECK_CONSUMER) timestamp=4221 ms, used_size=10375168 bytes (25.3%)
(RDMA_READ_CONSUME_CHECK_CONSUMER) timestamp=4221 ms, used_size=10373120 bytes (25.3%)
(RDMA_READ_CONSUME_CHECK_CONSUMER) timestamp=4221 ms, used_size=10371072 bytes (25.3%)
(RDMA_READ_CONSUME_CHECK_CONSUMER) timestamp=4221 ms, used_size=10369024 bytes (25.3%)
(RDMA_READ_CONSUME_CHECK_CONSUMER) timestamp=4221 ms, used_size=10366976 bytes (25.3%)
(RDMA_READ_CONSUME_CHECK_CONSUMER) timestamp=4221 ms, used_size=10364928 bytes (25.3%)
(RDMA_READ_CONSUME_CHECK_CONSUMER) timestamp=4221 ms, used_size=10362880 bytes (25.3%)
(RDMA_READ_CONSUME_CHECK_CONSUMER) timestamp=4221 ms, used_size=10360832 bytes (25.3%)
(RDMA_READ_CONSUME_CHECK_CONSUMER) timestamp=4221 ms, used_size=10358784 bytes (25.3%)
(RDMA_READ_CONSUME_CHECK_CONSUMER) timestamp=4221 ms, used_size=10356736 bytes (25.3%)
(RDMA_READ_CONSUME_CHECK_CONSUMER) timestamp=4221 ms, used_size=10354688 bytes (25.3%)
(RDMA_READ_CONSUME_CHECK_CONSUMER) timestamp=4221 ms, used_size=10352640 bytes (25.3%)
(RDMA_READ_CONSUME_CHECK_CONSUMER) timestamp=4221 ms, used_size=10350592 bytes (25.3%)
(RDMA_READ_CONSUME_CHECK_CONSUMER) timestamp=4221 ms, used_size=10348544 bytes (25.3%)
(RDMA_READ_CONSUME_CHECK_CONSUMER) timestamp=4221 ms, used_size=10346496 bytes (25.3%)
(RDMA_READ_CONSUME_CHECK_CONSUMER) timestamp=4221 ms, used_size=10344448 bytes (25.3%)
(RDMA_READ_CONSUME_CHECK_CONSUMER) timestamp=4221 ms, used_size=10342400 bytes (25.2%)
(RDMA_READ_CONSUME_CHECK_CONSUMER) timestamp=4221 ms, used_size=10340352 bytes (25.2%)
(RDMA_READ_CONSUME_CHECK_CONSUMER) timestamp=4221 ms, used_size=10338304 bytes (25.2%)
(RDMA_READ_CONSUME_CHECK_CONSUMER) timestamp=4221 ms, used_size=10336256 bytes (25.2%)
(RDMA_READ_CONSUME_CHECK_CONSUMER) timestamp=4221 ms, used_size=10334208 bytes (25.2%)
(RDMA_READ_CONSUME_CHECK_CONSUMER) timestamp=4221 ms, used_size=10332160 bytes (25.2%)
(RDMA_READ_CONSUME_CHECK_CONSUMER) timestamp=4221 ms, used_size=10330112 bytes (25.2%)
(RDMA_READ_CONSUME_CHECK_CONSUMER) timestamp=4221 ms, used_size=10328064 bytes (25.2%)
(RDMA_READ_CONSUME_CHECK_CONSUMER) timestamp=4221 ms, used_size=10326016 bytes (25.2%)
(RDMA_READ_CONSUME_CHECK_CONSUMER) timestamp=4221 ms, used_size=10323968 bytes (25.2%)
(RDMA_READ_CONSUME_CHECK_CONSUMER) timestamp=4221 ms, used_size=10321920 bytes (25.2%)
(RDMA_READ_CONSUME_CHECK_CONSUMER) timestamp=4221 ms, used_size=10319872 bytes (25.2%)
(RDMA_READ_CONSUME_CHECK_CONSUMER) timestamp=4221 ms, used_size=10317824 bytes (25.2%)
(RDMA_READ_CONSUME_CHECK_CONSUMER) timestamp=4221 ms, used_size=10315776 bytes (25.2%)
(RDMA_READ_CONSUME_CHECK_CONSUMER) timestamp=4221 ms, used_size=10313728 bytes (25.2%)
(RDMA_READ_CONSUME_CHECK_CONSUMER) timestamp=4221 ms, used_size=10311680 bytes (25.2%)
(RDMA_READ_CONSUME_CHECK_CONSUMER) timestamp=4221 ms, used_size=10309632 bytes (25.2%)
(RDMA_READ_CONSUME_CHECK_CONSUMER) timestamp=4221 ms, used_size=10307584 bytes (25.2%)
(RDMA_READ_CONSUME_CHECK_CONSUMER) timestamp=4221 ms, used_size=10305536 bytes (25.2%)
(RDMA_READ_CONSUME_CHECK_CONSUMER) timestamp=4221 ms, used_size=10303488 bytes (25.2%)
(RDMA_READ_CONSUME_CHECK_CONSUMER) timestamp=4221 ms, used_size=10301440 bytes (25.1%)
(RDMA_READ_CONSUME_CHECK_CONSUMER) timestamp=4221 ms, used_size=10299392 bytes (25.1%)
(RDMA_READ_CONSUME_CHECK_CONSUMER) timestamp=4221 ms, used_size=10297344 bytes (25.1%)
(RDMA_READ_CONSUME_CHECK_CONSUMER) timestamp=4221 ms, used_size=10295296 bytes (25.1%)
(RDMA_READ_CONSUME_CHECK_CONSUMER) timestamp=4221 ms, used_size=10293248 bytes (25.1%)
(RDMA_READ_CONSUME_CHECK_CONSUMER) timestamp=4221 ms, used_size=10291200 bytes (25.1%)
(RDMA_READ_CONSUME_CHECK_CONSUMER) timestamp=4221 ms, used_size=10289152 bytes (25.1%)
(RDMA_READ_CONSUME_CHECK_CONSUMER) timestamp=4221 ms, used_size=10287104 bytes (25.1%)
(RDMA_READ_CONSUME_CHECK_CONSUMER) timestamp=4221 ms, used_size=10285056 bytes (25.1%)
(RDMA_READ_CONSUME_CHECK_CONSUMER) timestamp=4221 ms, used_size=10283008 bytes (25.1%)
(RDMA_READ_CONSUME_CHECK_CONSUMER) timestamp=4221 ms, used_size=10280960 bytes (25.1%)
(RDMA_READ_CONSUME_CHECK_CONSUMER) timestamp=4221 ms, used_size=10278912 bytes (25.1%)
(RDMA_READ_CONSUME_CHECK_CONSUMER) timestamp=4221 ms, used_size=10276864 bytes (25.1%)
(RDMA_READ_CONSUME_CHECK_CONSUMER) timestamp=4221 ms, used_size=10274816 bytes (25.1%)
(RDMA_READ_CONSUME_CHECK_CONSUMER) timestamp=4221 ms, used_size=10272768 bytes (25.1%)
(RDMA_READ_CONSUME_CHECK_CONSUMER) timestamp=4221 ms, used_size=10270720 bytes (25.1%)
(RDMA_READ_CONSUME_CHECK_CONSUMER) timestamp=4221 ms, used_size=10268672 bytes (25.1%)
(RDMA_READ_CONSUME_CHECK_CONSUMER) timestamp=4221 ms, used_size=10266624 bytes (25.1%)
(RDMA_READ_CONSUME_CHECK_CONSUMER) timestamp=4221 ms, used_size=10264576 bytes (25.1%)
(RDMA_READ_CONSUME_CHECK_CONSUMER) timestamp=4221 ms, used_size=10262528 bytes (25.1%)
(RDMA_READ_CONSUME_CHECK_CONSUMER) timestamp=4221 ms, used_size=10260480 bytes (25.1%)
(RDMA_READ_CONSUME_CHECK_CONSUMER) timestamp=4221 ms, used_size=10258432 bytes (25.0%)
(RDMA_READ_CONSUME_CHECK_CONSUMER) timestamp=4221 ms, used_size=10256384 bytes (25.0%)
(RDMA_READ_CONSUME_CHECK_CONSUMER) timestamp=4221 ms, used_size=10254336 bytes (25.0%)
(RDMA_READ_CONSUME_CHECK_CONSUMER) timestamp=4221 ms, used_size=10252288 bytes (25.0%)
(RDMA_READ_CONSUME_CHECK_CONSUMER) timestamp=4221 ms, used_size=10250240 bytes (25.0%)
(RDMA_READ_CONSUME_CHECK_CONSUMER) timestamp=4221 ms, used_size=10248192 bytes (25.0%)
(RDMA_READ_CONSUME_CHECK_CONSUMER) timestamp=4221 ms, used_size=10246144 bytes (25.0%)
(RDMA_READ_CONSUME_CHECK_CONSUMER) timestamp=4221 ms, used_size=10244096 bytes (25.0%)
(RDMA_READ_CONSUME_CHECK_CONSUMER) timestamp=4221 ms, used_size=10242048 bytes (25.0%)
(RDMA_READ_CONSUME_CHECK_CONSUMER) timestamp=4221 ms, used_size=10240000 bytes (25.0%)
(RDMA_READ_CONSUME_CHECK_CONSUMER) timestamp=4221 ms, used_size=10237952 bytes (25.0%)
(RDMA_READ_CONSUME_CHECK_CONSUMER) timestamp=4221 ms, used_size=10235904 bytes (25.0%)
(RDMA_READ_CONSUME_CHECK_CONSUMER) timestamp=4221 ms, used_size=10233856 bytes (25.0%)
(RDMA_READ_CONSUME_CHECK_CONSUMER) timestamp=4221 ms, used_size=10231808 bytes (25.0%)
(RDMA_READ_CONSUME_CHECK_CONSUMER) timestamp=4221 ms, used_size=10229760 bytes (25.0%)
(RDMA_READ_CONSUME_CHECK_CONSUMER) timestamp=4221 ms, used_size=10227712 bytes (25.0%)
(RDMA_READ_CONSUME_CHECK_CONSUMER) timestamp=4221 ms, used_size=10225664 bytes (25.0%)
(RDMA_READ_CONSUME_CHECK_CONSUMER) timestamp=4221 ms, used_size=10223616 bytes (25.0%)
(RDMA_READ_CONSUME_CHECK_CONSUMER) timestamp=4221 ms, used_size=10221568 bytes (25.0%)
(RDMA_READ_CONSUME_CHECK_CONSUMER) timestamp=4221 ms, used_size=10219520 bytes (24.9%)
(RDMA_READ_CONSUME_CHECK_CONSUMER) timestamp=4221 ms, used_size=10217472 bytes (24.9%)
(RDMA_READ_CONSUME_CHECK_CONSUMER) timestamp=4221 ms, used_size=10215424 bytes (24.9%)
(RDMA_READ_CONSUME_CHECK_CONSUMER) timestamp=4221 ms, used_size=10213376 bytes (24.9%)
(RDMA_READ_CONSUME_CHECK_CONSUMER) timestamp=4221 ms, used_size=10211328 bytes (24.9%)
(RDMA_READ_CONSUME_CHECK_CONSUMER) timestamp=4221 ms, used_size=10209280 bytes (24.9%)
(RDMA_READ_CONSUME_CHECK_CONSUMER) timestamp=4221 ms, used_size=10207232 bytes (24.9%)
(RDMA_READ_CONSUME_CHECK_CONSUMER) timestamp=4221 ms, used_size=10205184 bytes (24.9%)
(RDMA_READ_CONSUME_CHECK_CONSUMER) timestamp=4221 ms, used_size=10203136 bytes (24.9%)
(RDMA_READ_CONSUME_CHECK_CONSUMER) timestamp=4221 ms, used_size=10201088 bytes (24.9%)
(RDMA_READ_CONSUME_CHECK_CONSUMER) timestamp=4221 ms, used_size=10199040 bytes (24.9%)
(RDMA_READ_CONSUME_CHECK_CONSUMER) timestamp=4221 ms, used_size=10196992 bytes (24.9%)
(RDMA_READ_CONSUME_CHECK_CONSUMER) timestamp=4221 ms, used_size=10194944 bytes (24.9%)
(RDMA_READ_CONSUME_CHECK_CONSUMER) timestamp=4221 ms, used_size=10192896 bytes (24.9%)
(RDMA_READ_CONSUME_CHECK_CONSUMER) timestamp=4221 ms, used_size=10190848 bytes (24.9%)
(RDMA_READ_CONSUME_CHECK_CONSUMER) timestamp=4221 ms, used_size=10188800 bytes (24.9%)
(RDMA_READ_CONSUME_CHECK_CONSUMER) timestamp=4221 ms, used_size=10186752 bytes (24.9%)
(RDMA_READ_CONSUME_CHECK_CONSUMER) timestamp=4221 ms, used_size=10184704 bytes (24.9%)
(RDMA_READ_CONSUME_CHECK_CONSUMER) timestamp=4221 ms, used_size=10182656 bytes (24.9%)
(RDMA_READ_CONSUME_CHECK_CONSUMER) timestamp=4221 ms, used_size=10180608 bytes (24.9%)
(RDMA_READ_CONSUME_CHECK_CONSUMER) timestamp=4221 ms, used_size=10178560 bytes (24.9%)
(RDMA_READ_CONSUME_CHECK_CONSUMER) timestamp=4221 ms, used_size=10176512 bytes (24.8%)
(RDMA_READ_CONSUME_CHECK_CONSUMER) timestamp=4221 ms, used_size=10174464 bytes (24.8%)
(RDMA_READ_CONSUME_CHECK_CONSUMER) timestamp=4221 ms, used_size=10172416 bytes (24.8%)
(RDMA_READ_CONSUME_CHECK_CONSUMER) timestamp=4221 ms, used_size=10170368 bytes (24.8%)
(RDMA_READ_CONSUME_CHECK_CONSUMER) timestamp=4221 ms, used_size=10168320 bytes (24.8%)
(RDMA_READ_CONSUME_CHECK_CONSUMER) timestamp=4221 ms, used_size=10166272 bytes (24.8%)
(RDMA_READ_CONSUME_CHECK_CONSUMER) timestamp=4221 ms, used_size=10164224 bytes (24.8%)
(RDMA_READ_CONSUME_CHECK_CONSUMER) timestamp=4221 ms, used_size=10162176 bytes (24.8%)
(RDMA_READ_CONSUME_CHECK_CONSUMER) timestamp=4221 ms, used_size=10160128 bytes (24.8%)
(RDMA_READ_CONSUME_CHECK_CONSUMER) timestamp=4221 ms, used_size=10158080 bytes (24.8%)
(RDMA_READ_CONSUME_CHECK_CONSUMER) timestamp=4221 ms, used_size=10156032 bytes (24.8%)
(RDMA_READ_CONSUME_CHECK_CONSUMER) timestamp=4221 ms, used_size=10153984 bytes (24.8%)
(RDMA_READ_CONSUME_CHECK_CONSUMER) timestamp=4221 ms, used_size=10151936 bytes (24.8%)
(RDMA_READ_CONSUME_CHECK_CONSUMER) timestamp=4221 ms, used_size=10149888 bytes (24.8%)
(RDMA_READ_CONSUME_CHECK_CONSUMER) timestamp=4221 ms, used_size=10147840 bytes (24.8%)
(RDMA_READ_CONSUME_CHECK_CONSUMER) timestamp=4221 ms, used_size=10145792 bytes (24.8%)
(RDMA_READ_CONSUME_CHECK_CONSUMER) timestamp=4221 ms, used_size=10143744 bytes (24.8%)
(RDMA_READ_CONSUME_CHECK_CONSUMER) timestamp=4221 ms, used_size=10141696 bytes (24.8%)
(RDMA_READ_CONSUME_CHECK_CONSUMER) timestamp=4221 ms, used_size=10139648 bytes (24.8%)
(RDMA_READ_CONSUME_CHECK_CONSUMER) timestamp=4221 ms, used_size=10137600 bytes (24.8%)
(RDMA_READ_CONSUME_CHECK_CONSUMER) timestamp=4221 ms, used_size=10135552 bytes (24.7%)
(RDMA_READ_CONSUME_CHECK_CONSUMER) timestamp=4221 ms, used_size=10133504 bytes (24.7%)
(RDMA_READ_CONSUME_CHECK_CONSUMER) timestamp=4221 ms, used_size=10131456 bytes (24.7%)
(RDMA_READ_CONSUME_CHECK_CONSUMER) timestamp=4221 ms, used_size=10129408 bytes (24.7%)
(RDMA_READ_CONSUME_CHECK_CONSUMER) timestamp=4221 ms, used_size=10127360 bytes (24.7%)
(RDMA_READ_CONSUME_CHECK_CONSUMER) timestamp=4221 ms, used_size=10125312 bytes (24.7%)
(RDMA_READ_CONSUME_CHECK_CONSUMER) timestamp=4221 ms, used_size=10123264 bytes (24.7%)
(RDMA_READ_CONSUME_CHECK_CONSUMER) timestamp=4221 ms, used_size=10121216 bytes (24.7%)
(RDMA_READ_CONSUME_CHECK_CONSUMER) timestamp=4221 ms, used_size=10119168 bytes (24.7%)
(RDMA_READ_CONSUME_CHECK_CONSUMER) timestamp=4221 ms, used_size=10117120 bytes (24.7%)
(RDMA_READ_CONSUME_CHECK_CONSUMER) timestamp=4221 ms, used_size=10115072 bytes (24.7%)
(RDMA_READ_CONSUME_CHECK_CONSUMER) timestamp=4221 ms, used_size=10113024 bytes (24.7%)
(RDMA_READ_CONSUME_CHECK_CONSUMER) timestamp=4221 ms, used_size=10110976 bytes (24.7%)
(RDMA_READ_CONSUME_CHECK_CONSUMER) timestamp=4221 ms, used_size=10108928 bytes (24.7%)
(RDMA_READ_CONSUME_CHECK_CONSUMER) timestamp=4221 ms, used_size=10106880 bytes (24.7%)
(RDMA_READ_CONSUME_CHECK_CONSUMER) timestamp=4221 ms, used_size=10104832 bytes (24.7%)
(RDMA_READ_CONSUME_CHECK_CONSUMER) timestamp=4221 ms, used_size=10102784 bytes (24.7%)
(RDMA_READ_CONSUME_CHECK_CONSUMER) timestamp=4221 ms, used_size=10100736 bytes (24.7%)
(RDMA_READ_CONSUME_CHECK_CONSUMER) timestamp=4221 ms, used_size=10098688 bytes (24.7%)
(RDMA_READ_CONSUME_CHECK_CONSUMER) timestamp=4221 ms, used_size=10096640 bytes (24.6%)
(RDMA_READ_CONSUME_CHECK_CONSUMER) timestamp=4221 ms, used_size=10094592 bytes (24.6%)
(RDMA_READ_CONSUME_CHECK_CONSUMER) timestamp=4221 ms, used_size=10092544 bytes (24.6%)
(RDMA_READ_CONSUME_CHECK_CONSUMER) timestamp=4221 ms, used_size=10090496 bytes (24.6%)
(RDMA_READ_CONSUME_CHECK_CONSUMER) timestamp=4221 ms, used_size=10088448 bytes (24.6%)
(RDMA_READ_CONSUME_CHECK_CONSUMER) timestamp=4221 ms, used_size=10086400 bytes (24.6%)
(RDMA_READ_CONSUME_CHECK_CONSUMER) timestamp=4221 ms, used_size=10084352 bytes (24.6%)
(RDMA_READ_CONSUME_CHECK_CONSUMER) timestamp=4221 ms, used_size=10082304 bytes (24.6%)
(RDMA_READ_CONSUME_CHECK_CONSUMER) timestamp=4221 ms, used_size=10080256 bytes (24.6%)
(RDMA_READ_CONSUME_CHECK_CONSUMER) timestamp=4221 ms, used_size=10078208 bytes (24.6%)
(RDMA_READ_CONSUME_CHECK_CONSUMER) timestamp=4221 ms, used_size=10076160 bytes (24.6%)
(RDMA_READ_CONSUME_CHECK_CONSUMER) timestamp=4221 ms, used_size=10074112 bytes (24.6%)
(RDMA_READ_CONSUME_CHECK_CONSUMER) timestamp=4221 ms, used_size=10072064 bytes (24.6%)
(RDMA_READ_CONSUME_CHECK_CONSUMER) timestamp=4221 ms, used_size=10070016 bytes (24.6%)
(RDMA_READ_CONSUME_CHECK_CONSUMER) timestamp=4221 ms, used_size=10067968 bytes (24.6%)
(RDMA_READ_CONSUME_CHECK_CONSUMER) timestamp=4221 ms, used_size=10065920 bytes (24.6%)
(RDMA_READ_CONSUME_CHECK_CONSUMER) timestamp=4221 ms, used_size=10063872 bytes (24.6%)
(RDMA_READ_CONSUME_CHECK_CONSUMER) timestamp=4221 ms, used_size=10061824 bytes (24.6%)
(RDMA_READ_CONSUME_CHECK_CONSUMER) timestamp=4221 ms, used_size=10059776 bytes (24.6%)
(RDMA_READ_CONSUME_CHECK_CONSUMER) timestamp=4221 ms, used_size=10057728 bytes (24.6%)
(RDMA_READ_CONSUME_CHECK_CONSUMER) timestamp=4221 ms, used_size=10055680 bytes (24.6%)
(RDMA_READ_CONSUME_CHECK_CONSUMER) timestamp=4221 ms, used_size=10053632 bytes (24.5%)
(RDMA_READ_CONSUME_CHECK_CONSUMER) timestamp=4221 ms, used_size=10051584 bytes (24.5%)
(RDMA_READ_CONSUME_CHECK_CONSUMER) timestamp=4221 ms, used_size=10049536 bytes (24.5%)
(RDMA_READ_CONSUME_CHECK_CONSUMER) timestamp=4221 ms, used_size=10047488 bytes (24.5%)
(RDMA_READ_CONSUME_CHECK_CONSUMER) timestamp=4221 ms, used_size=10045440 bytes (24.5%)
(RDMA_READ_CONSUME_CHECK_CONSUMER) timestamp=4221 ms, used_size=10043392 bytes (24.5%)
(RDMA_READ_CONSUME_CHECK_CONSUMER) timestamp=4221 ms, used_size=10041344 bytes (24.5%)
(RDMA_READ_CONSUME_CHECK_CONSUMER) timestamp=4221 ms, used_size=10039296 bytes (24.5%)
(RDMA_READ_CONSUME_CHECK_CONSUMER) timestamp=4221 ms, used_size=10037248 bytes (24.5%)
(RDMA_READ_CONSUME_CHECK_CONSUMER) timestamp=4221 ms, used_size=10035200 bytes (24.5%)
(RDMA_READ_CONSUME_CHECK_CONSUMER) timestamp=4221 ms, used_size=10033152 bytes (24.5%)
(RDMA_READ_CONSUME_CHECK_CONSUMER) timestamp=4221 ms, used_size=10031104 bytes (24.5%)
(RDMA_READ_CONSUME_CHECK_CONSUMER) timestamp=4221 ms, used_size=10029056 bytes (24.5%)
(RDMA_READ_CONSUME_CHECK_CONSUMER) timestamp=4221 ms, used_size=10027008 bytes (24.5%)
(RDMA_READ_CONSUME_CHECK_CONSUMER) timestamp=4221 ms, used_size=10024960 bytes (24.5%)
(RDMA_READ_CONSUME_CHECK_CONSUMER) timestamp=4221 ms, used_size=10022912 bytes (24.5%)
(RDMA_READ_CONSUME_CHECK_CONSUMER) timestamp=4221 ms, used_size=10020864 bytes (24.5%)
(RDMA_READ_CONSUME_CHECK_CONSUMER) timestamp=4221 ms, used_size=10018816 bytes (24.5%)
(RDMA_READ_CONSUME_CHECK_CONSUMER) timestamp=4222 ms, used_size=10016768 bytes (24.5%)
(RDMA_READ_CONSUME_CHECK_CONSUMER) timestamp=4222 ms, used_size=10014720 bytes (24.4%)
(RDMA_READ_CONSUME_CHECK_CONSUMER) timestamp=4222 ms, used_size=10012672 bytes (24.4%)
(RDMA_READ_CONSUME_CHECK_CONSUMER) timestamp=4222 ms, used_size=10010624 bytes (24.4%)
(RDMA_READ_CONSUME_CHECK_CONSUMER) timestamp=4222 ms, used_size=10008576 bytes (24.4%)
(RDMA_READ_CONSUME_CHECK_CONSUMER) timestamp=4222 ms, used_size=10006528 bytes (24.4%)
(RDMA_READ_CONSUME_CHECK_CONSUMER) timestamp=4222 ms, used_size=10004480 bytes (24.4%)
(RDMA_READ_CONSUME_CHECK_CONSUMER) timestamp=4222 ms, used_size=10002432 bytes (24.4%)
(RDMA_READ_CONSUME_CHECK_CONSUMER) timestamp=4222 ms, used_size=10000384 bytes (24.4%)
(RDMA_READ_CONSUME_CHECK_CONSUMER) timestamp=4222 ms, used_size=9998336 bytes (24.4%)
(RDMA_READ_CONSUME_CHECK_CONSUMER) timestamp=4222 ms, used_size=9996288 bytes (24.4%)
(RDMA_READ_CONSUME_CHECK_CONSUMER) timestamp=4222 ms, used_size=9994240 bytes (24.4%)
(RDMA_READ_CONSUME_CHECK_CONSUMER) timestamp=4222 ms, used_size=9992192 bytes (24.4%)
(RDMA_READ_CONSUME_CHECK_CONSUMER) timestamp=4222 ms, used_size=9990144 bytes (24.4%)
(RDMA_READ_CONSUME_CHECK_CONSUMER) timestamp=4222 ms, used_size=9988096 bytes (24.4%)
(RDMA_READ_CONSUME_CHECK_CONSUMER) timestamp=4222 ms, used_size=9986048 bytes (24.4%)
(RDMA_READ_CONSUME_CHECK_CONSUMER) timestamp=4222 ms, used_size=9984000 bytes (24.4%)
(RDMA_READ_CONSUME_CHECK_CONSUMER) timestamp=4222 ms, used_size=9981952 bytes (24.4%)
(RDMA_READ_CONSUME_CHECK_CONSUMER) timestamp=4222 ms, used_size=9979904 bytes (24.4%)
(RDMA_READ_CONSUME_CHECK_CONSUMER) timestamp=4222 ms, used_size=9977856 bytes (24.4%)
(RDMA_READ_CONSUME_CHECK_CONSUMER) timestamp=4222 ms, used_size=9975808 bytes (24.4%)
(RDMA_READ_CONSUME_CHECK_CONSUMER) timestamp=4222 ms, used_size=9973760 bytes (24.4%)
(RDMA_READ_CONSUME_CHECK_CONSUMER) timestamp=4222 ms, used_size=9971712 bytes (24.3%)
(RDMA_READ_CONSUME_CHECK_CONSUMER) timestamp=4222 ms, used_size=9969664 bytes (24.3%)
(RDMA_READ_CONSUME_CHECK_CONSUMER) timestamp=4222 ms, used_size=9967616 bytes (24.3%)
(RDMA_READ_CONSUME_CHECK_CONSUMER) timestamp=4222 ms, used_size=9965568 bytes (24.3%)
(RDMA_READ_CONSUME_CHECK_CONSUMER) timestamp=4222 ms, used_size=9963520 bytes (24.3%)
(RDMA_READ_CONSUME_CHECK_CONSUMER) timestamp=4222 ms, used_size=9961472 bytes (24.3%)
(RDMA_READ_CONSUME_CHECK_CONSUMER) timestamp=4222 ms, used_size=9959424 bytes (24.3%)
(RDMA_READ_CONSUME_CHECK_CONSUMER) timestamp=4222 ms, used_size=9957376 bytes (24.3%)
(RDMA_READ_CONSUME_CHECK_CONSUMER) timestamp=4222 ms, used_size=9955328 bytes (24.3%)
(RDMA_READ_CONSUME_CHECK_CONSUMER) timestamp=4222 ms, used_size=9953280 bytes (24.3%)
(RDMA_READ_CONSUME_CHECK_CONSUMER) timestamp=4222 ms, used_size=9951232 bytes (24.3%)
(RDMA_READ_CONSUME_CHECK_CONSUMER) timestamp=4222 ms, used_size=9949184 bytes (24.3%)
(RDMA_READ_CONSUME_CHECK_CONSUMER) timestamp=4222 ms, used_size=9947136 bytes (24.3%)
(RDMA_READ_CONSUME_CHECK_CONSUMER) timestamp=4222 ms, used_size=9945088 bytes (24.3%)
(RDMA_READ_CONSUME_CHECK_CONSUMER) timestamp=4222 ms, used_size=9943040 bytes (24.3%)
(RDMA_READ_CONSUME_CHECK_CONSUMER) timestamp=4222 ms, used_size=9940992 bytes (24.3%)
(RDMA_READ_CONSUME_CHECK_CONSUMER) timestamp=4222 ms, used_size=9938944 bytes (24.3%)
(RDMA_READ_CONSUME_CHECK_CONSUMER) timestamp=4222 ms, used_size=9936896 bytes (24.3%)
(RDMA_READ_CONSUME_CHECK_CONSUMER) timestamp=4222 ms, used_size=9934848 bytes (24.3%)
(RDMA_READ_CONSUME_CHECK_CONSUMER) timestamp=4222 ms, used_size=9932800 bytes (24.2%)
(RDMA_READ_CONSUME_CHECK_CONSUMER) timestamp=4222 ms, used_size=9930752 bytes (24.2%)
(RDMA_READ_CONSUME_CHECK_CONSUMER) timestamp=4222 ms, used_size=9928704 bytes (24.2%)
(RDMA_READ_CONSUME_CHECK_CONSUMER) timestamp=4222 ms, used_size=9926656 bytes (24.2%)
(RDMA_READ_CONSUME_CHECK_CONSUMER) timestamp=4222 ms, used_size=9924608 bytes (24.2%)
(RDMA_READ_CONSUME_CHECK_CONSUMER) timestamp=4222 ms, used_size=9922560 bytes (24.2%)
(RDMA_READ_CONSUME_CHECK_CONSUMER) timestamp=4222 ms, used_size=9920512 bytes (24.2%)
(RDMA_READ_CONSUME_CHECK_CONSUMER) timestamp=4222 ms, used_size=9918464 bytes (24.2%)
(RDMA_READ_CONSUME_CHECK_CONSUMER) timestamp=4222 ms, used_size=9916416 bytes (24.2%)
(RDMA_READ_CONSUME_CHECK_CONSUMER) timestamp=4222 ms, used_size=9914368 bytes (24.2%)
(RDMA_READ_CONSUME_CHECK_CONSUMER) timestamp=4222 ms, used_size=9912320 bytes (24.2%)
(RDMA_READ_CONSUME_CHECK_CONSUMER) timestamp=4222 ms, used_size=9910272 bytes (24.2%)
(RDMA_READ_CONSUME_CHECK_CONSUMER) timestamp=4222 ms, used_size=9908224 bytes (24.2%)
(RDMA_READ_CONSUME_CHECK_CONSUMER) timestamp=4222 ms, used_size=9906176 bytes (24.2%)
(RDMA_READ_CONSUME_CHECK_CONSUMER) timestamp=4222 ms, used_size=9904128 bytes (24.2%)
(RDMA_READ_CONSUME_CHECK_CONSUMER) timestamp=4222 ms, used_size=9902080 bytes (24.2%)
(RDMA_READ_CONSUME_CHECK_CONSUMER) timestamp=4222 ms, used_size=9900032 bytes (24.2%)
(RDMA_READ_CONSUME_CHECK_CONSUMER) timestamp=4222 ms, used_size=9897984 bytes (24.2%)
(RDMA_READ_CONSUME_CHECK_CONSUMER) timestamp=4222 ms, used_size=9895936 bytes (24.2%)
(RDMA_READ_CONSUME_CHECK_CONSUMER) timestamp=4222 ms, used_size=9893888 bytes (24.2%)
(RDMA_READ_CONSUME_CHECK_CONSUMER) timestamp=4222 ms, used_size=9891840 bytes (24.1%)
(RDMA_READ_CONSUME_CHECK_CONSUMER) timestamp=4222 ms, used_size=9889792 bytes (24.1%)
(RDMA_READ_CONSUME_CHECK_CONSUMER) timestamp=4222 ms, used_size=9887744 bytes (24.1%)
(RDMA_READ_CONSUME_CHECK_CONSUMER) timestamp=4222 ms, used_size=9885696 bytes (24.1%)
(RDMA_READ_CONSUME_CHECK_CONSUMER) timestamp=4222 ms, used_size=9883648 bytes (24.1%)
(RDMA_READ_CONSUME_CHECK_CONSUMER) timestamp=4222 ms, used_size=9881600 bytes (24.1%)
(RDMA_READ_CONSUME_CHECK_CONSUMER) timestamp=4222 ms, used_size=9879552 bytes (24.1%)
(RDMA_READ_CONSUME_CHECK_CONSUMER) timestamp=4222 ms, used_size=9877504 bytes (24.1%)
(RDMA_READ_CONSUME_CHECK_CONSUMER) timestamp=4222 ms, used_size=9875456 bytes (24.1%)
(RDMA_READ_CONSUME_CHECK_CONSUMER) timestamp=4222 ms, used_size=9873408 bytes (24.1%)
(RDMA_READ_CONSUME_CHECK_CONSUMER) timestamp=4222 ms, used_size=9871360 bytes (24.1%)
(RDMA_READ_CONSUME_CHECK_CONSUMER) timestamp=4222 ms, used_size=9869312 bytes (24.1%)
(RDMA_READ_CONSUME_CHECK_CONSUMER) timestamp=4222 ms, used_size=9867264 bytes (24.1%)
(RDMA_READ_CONSUME_CHECK_CONSUMER) timestamp=4222 ms, used_size=9865216 bytes (24.1%)
(RDMA_READ_CONSUME_CHECK_CONSUMER) timestamp=4222 ms, used_size=9863168 bytes (24.1%)
(RDMA_READ_CONSUME_CHECK_CONSUMER) timestamp=4222 ms, used_size=9861120 bytes (24.1%)
(RDMA_READ_CONSUME_CHECK_CONSUMER) timestamp=4222 ms, used_size=9859072 bytes (24.1%)
(RDMA_READ_CONSUME_CHECK_CONSUMER) timestamp=4222 ms, used_size=9857024 bytes (24.1%)
(RDMA_READ_CONSUME_CHECK_CONSUMER) timestamp=4222 ms, used_size=9854976 bytes (24.1%)
(RDMA_READ_CONSUME_CHECK_CONSUMER) timestamp=4222 ms, used_size=9852928 bytes (24.1%)
(RDMA_READ_CONSUME_CHECK_CONSUMER) timestamp=4222 ms, used_size=9850880 bytes (24.1%)
(RDMA_READ_CONSUME_CHECK_CONSUMER) timestamp=4222 ms, used_size=9848832 bytes (24.0%)
(RDMA_READ_CONSUME_CHECK_CONSUMER) timestamp=4222 ms, used_size=9846784 bytes (24.0%)
(RDMA_READ_CONSUME_CHECK_CONSUMER) timestamp=4222 ms, used_size=9844736 bytes (24.0%)
(RDMA_READ_CONSUME_CHECK_CONSUMER) timestamp=4222 ms, used_size=9842688 bytes (24.0%)
(RDMA_READ_CONSUME_CHECK_CONSUMER) timestamp=4222 ms, used_size=9840640 bytes (24.0%)
(RDMA_READ_CONSUME_CHECK_CONSUMER) timestamp=4222 ms, used_size=9838592 bytes (24.0%)
(RDMA_READ_CONSUME_CHECK_CONSUMER) timestamp=4222 ms, used_size=9836544 bytes (24.0%)
(RDMA_READ_CONSUME_CHECK_CONSUMER) timestamp=4222 ms, used_size=9834496 bytes (24.0%)
(RDMA_READ_CONSUME_CHECK_CONSUMER) timestamp=4222 ms, used_size=9832448 bytes (24.0%)
(RDMA_READ_CONSUME_CHECK_CONSUMER) timestamp=4222 ms, used_size=9830400 bytes (24.0%)
(RDMA_READ_CONSUME_CHECK_CONSUMER) timestamp=4222 ms, used_size=9828352 bytes (24.0%)
(RDMA_READ_CONSUME_CHECK_CONSUMER) timestamp=4222 ms, used_size=9826304 bytes (24.0%)
(RDMA_READ_CONSUME_CHECK_CONSUMER) timestamp=4222 ms, used_size=9824256 bytes (24.0%)
(RDMA_READ_CONSUME_CHECK_CONSUMER) timestamp=4222 ms, used_size=9822208 bytes (24.0%)
(RDMA_READ_CONSUME_CHECK_CONSUMER) timestamp=4222 ms, used_size=9820160 bytes (24.0%)
(RDMA_READ_CONSUME_CHECK_CONSUMER) timestamp=4222 ms, used_size=9818112 bytes (24.0%)
(RDMA_READ_CONSUME_CHECK_CONSUMER) timestamp=4222 ms, used_size=9816064 bytes (24.0%)
(RDMA_READ_CONSUME_CHECK_CONSUMER) timestamp=4222 ms, used_size=9814016 bytes (24.0%)
(RDMA_READ_CONSUME_CHECK_CONSUMER) timestamp=4222 ms, used_size=9811968 bytes (24.0%)
(RDMA_READ_CONSUME_CHECK_CONSUMER) timestamp=4222 ms, used_size=9809920 bytes (23.9%)
(RDMA_READ_CONSUME_CHECK_CONSUMER) timestamp=4222 ms, used_size=9807872 bytes (23.9%)
(RDMA_READ_CONSUME_CHECK_CONSUMER) timestamp=4222 ms, used_size=9805824 bytes (23.9%)
(RDMA_READ_CONSUME_CHECK_CONSUMER) timestamp=4222 ms, used_size=9803776 bytes (23.9%)
(RDMA_READ_CONSUME_CHECK_CONSUMER) timestamp=4222 ms, used_size=9801728 bytes (23.9%)
(RDMA_READ_CONSUME_CHECK_CONSUMER) timestamp=4222 ms, used_size=9799680 bytes (23.9%)
(RDMA_READ_CONSUME_CHECK_CONSUMER) timestamp=4222 ms, used_size=9797632 bytes (23.9%)
(RDMA_READ_CONSUME_CHECK_CONSUMER) timestamp=4222 ms, used_size=9795584 bytes (23.9%)
(RDMA_READ_CONSUME_CHECK_CONSUMER) timestamp=4222 ms, used_size=9793536 bytes (23.9%)
(RDMA_READ_CONSUME_CHECK_CONSUMER) timestamp=4222 ms, used_size=9791488 bytes (23.9%)
(RDMA_READ_CONSUME_CHECK_CONSUMER) timestamp=4222 ms, used_size=9789440 bytes (23.9%)
(RDMA_READ_CONSUME_CHECK_CONSUMER) timestamp=4222 ms, used_size=9787392 bytes (23.9%)
(RDMA_READ_CONSUME_CHECK_CONSUMER) timestamp=4222 ms, used_size=9785344 bytes (23.9%)
(RDMA_READ_CONSUME_CHECK_CONSUMER) timestamp=4222 ms, used_size=9783296 bytes (23.9%)
(RDMA_READ_CONSUME_CHECK_CONSUMER) timestamp=4222 ms, used_size=9781248 bytes (23.9%)
(RDMA_READ_CONSUME_CHECK_CONSUMER) timestamp=4222 ms, used_size=9779200 bytes (23.9%)
(RDMA_READ_CONSUME_CHECK_CONSUMER) timestamp=4222 ms, used_size=9777152 bytes (23.9%)
(RDMA_READ_CONSUME_CHECK_CONSUMER) timestamp=4222 ms, used_size=9775104 bytes (23.9%)
(RDMA_READ_CONSUME_CHECK_CONSUMER) timestamp=4222 ms, used_size=9773056 bytes (23.9%)
(RDMA_READ_CONSUME_CHECK_CONSUMER) timestamp=4222 ms, used_size=9771008 bytes (23.9%)
(RDMA_READ_CONSUME_CHECK_CONSUMER) timestamp=4222 ms, used_size=9768960 bytes (23.9%)
(RDMA_READ_CONSUME_CHECK_CONSUMER) timestamp=4222 ms, used_size=9766912 bytes (23.8%)
(RDMA_READ_CONSUME_CHECK_CONSUMER) timestamp=4222 ms, used_size=9764864 bytes (23.8%)
(RDMA_READ_CONSUME_CHECK_CONSUMER) timestamp=4222 ms, used_size=9762816 bytes (23.8%)
(RDMA_READ_CONSUME_CHECK_CONSUMER) timestamp=4222 ms, used_size=9760768 bytes (23.8%)
(RDMA_READ_CONSUME_CHECK_CONSUMER) timestamp=4222 ms, used_size=9758720 bytes (23.8%)
(RDMA_READ_CONSUME_CHECK_CONSUMER) timestamp=4222 ms, used_size=9756672 bytes (23.8%)
(RDMA_READ_CONSUME_CHECK_CONSUMER) timestamp=4222 ms, used_size=9754624 bytes (23.8%)
(RDMA_READ_CONSUME_CHECK_CONSUMER) timestamp=4222 ms, used_size=9752576 bytes (23.8%)
(RDMA_READ_CONSUME_CHECK_CONSUMER) timestamp=4222 ms, used_size=9750528 bytes (23.8%)
(RDMA_READ_CONSUME_CHECK_CONSUMER) timestamp=4222 ms, used_size=9748480 bytes (23.8%)
(RDMA_READ_CONSUME_CHECK_CONSUMER) timestamp=4222 ms, used_size=9746432 bytes (23.8%)
(RDMA_READ_CONSUME_CHECK_CONSUMER) timestamp=4222 ms, used_size=9744384 bytes (23.8%)
(RDMA_READ_CONSUME_CHECK_CONSUMER) timestamp=4222 ms, used_size=9742336 bytes (23.8%)
(RDMA_READ_CONSUME_CHECK_CONSUMER) timestamp=4222 ms, used_size=9740288 bytes (23.8%)
(RDMA_READ_CONSUME_CHECK_CONSUMER) timestamp=4222 ms, used_size=9738240 bytes (23.8%)
(RDMA_READ_CONSUME_CHECK_CONSUMER) timestamp=4222 ms, used_size=9736192 bytes (23.8%)
(RDMA_READ_CONSUME_CHECK_CONSUMER) timestamp=4222 ms, used_size=9734144 bytes (23.8%)
(RDMA_READ_CONSUME_CHECK_CONSUMER) timestamp=4222 ms, used_size=9732096 bytes (23.8%)
(RDMA_READ_CONSUME_CHECK_CONSUMER) timestamp=4222 ms, used_size=9730048 bytes (23.8%)
(RDMA_READ_CONSUME_CHECK_CONSUMER) timestamp=4222 ms, used_size=9728000 bytes (23.8%)
(RDMA_READ_CONSUME_CHECK_CONSUMER) timestamp=4222 ms, used_size=9725952 bytes (23.7%)
(RDMA_READ_CONSUME_CHECK_CONSUMER) timestamp=4222 ms, used_size=9723904 bytes (23.7%)
(RDMA_READ_CONSUME_CHECK_CONSUMER) timestamp=4222 ms, used_size=9721856 bytes (23.7%)
(RDMA_READ_CONSUME_CHECK_CONSUMER) timestamp=4222 ms, used_size=9719808 bytes (23.7%)
(RDMA_READ_CONSUME_CHECK_CONSUMER) timestamp=4222 ms, used_size=9717760 bytes (23.7%)
(RDMA_READ_CONSUME_CHECK_CONSUMER) timestamp=4222 ms, used_size=9715712 bytes (23.7%)
(RDMA_READ_CONSUME_CHECK_CONSUMER) timestamp=4222 ms, used_size=9713664 bytes (23.7%)
(RDMA_READ_CONSUME_CHECK_CONSUMER) timestamp=4222 ms, used_size=9711616 bytes (23.7%)
(RDMA_READ_CONSUME_CHECK_CONSUMER) timestamp=4222 ms, used_size=9709568 bytes (23.7%)
(RDMA_READ_CONSUME_CHECK_CONSUMER) timestamp=4222 ms, used_size=9707520 bytes (23.7%)
(RDMA_READ_CONSUME_CHECK_CONSUMER) timestamp=4222 ms, used_size=9705472 bytes (23.7%)
(RDMA_READ_CONSUME_CHECK_CONSUMER) timestamp=4222 ms, used_size=9703424 bytes (23.7%)
(RDMA_READ_CONSUME_CHECK_CONSUMER) timestamp=4222 ms, used_size=9701376 bytes (23.7%)
(RDMA_READ_CONSUME_CHECK_CONSUMER) timestamp=4222 ms, used_size=9699328 bytes (23.7%)
(RDMA_READ_CONSUME_CHECK_CONSUMER) timestamp=4222 ms, used_size=9697280 bytes (23.7%)
(RDMA_READ_CONSUME_CHECK_CONSUMER) timestamp=4222 ms, used_size=9695232 bytes (23.7%)
(RDMA_READ_CONSUME_CHECK_CONSUMER) timestamp=4222 ms, used_size=9693184 bytes (23.7%)
(RDMA_READ_CONSUME_CHECK_CONSUMER) timestamp=4222 ms, used_size=9691136 bytes (23.7%)
(RDMA_READ_CONSUME_CHECK_CONSUMER) timestamp=4222 ms, used_size=9689088 bytes (23.7%)
(RDMA_READ_CONSUME_CHECK_CONSUMER) timestamp=4222 ms, used_size=9687040 bytes (23.6%)
(RDMA_READ_CONSUME_CHECK_CONSUMER) timestamp=4222 ms, used_size=9684992 bytes (23.6%)
(RDMA_READ_CONSUME_CHECK_CONSUMER) timestamp=4222 ms, used_size=9682944 bytes (23.6%)
(RDMA_READ_CONSUME_CHECK_CONSUMER) timestamp=4222 ms, used_size=9680896 bytes (23.6%)
(RDMA_READ_CONSUME_CHECK_CONSUMER) timestamp=4222 ms, used_size=9678848 bytes (23.6%)
(RDMA_READ_CONSUME_CHECK_CONSUMER) timestamp=4222 ms, used_size=9676800 bytes (23.6%)
(RDMA_READ_CONSUME_CHECK_CONSUMER) timestamp=4222 ms, used_size=9674752 bytes (23.6%)
(RDMA_READ_CONSUME_CHECK_CONSUMER) timestamp=4222 ms, used_size=9672704 bytes (23.6%)
(RDMA_READ_CONSUME_CHECK_CONSUMER) timestamp=4222 ms, used_size=9670656 bytes (23.6%)
(RDMA_READ_CONSUME_CHECK_CONSUMER) timestamp=4222 ms, used_size=9668608 bytes (23.6%)
(RDMA_READ_CONSUME_CHECK_CONSUMER) timestamp=4222 ms, used_size=9666560 bytes (23.6%)
(RDMA_READ_CONSUME_CHECK_CONSUMER) timestamp=4222 ms, used_size=9664512 bytes (23.6%)
(RDMA_READ_CONSUME_CHECK_CONSUMER) timestamp=4222 ms, used_size=9662464 bytes (23.6%)
(RDMA_READ_CONSUME_CHECK_CONSUMER) timestamp=4222 ms, used_size=9660416 bytes (23.6%)
(RDMA_READ_CONSUME_CHECK_CONSUMER) timestamp=4223 ms, used_size=9658368 bytes (23.6%)
(RDMA_READ_CONSUME_CHECK_CONSUMER) timestamp=4223 ms, used_size=9656320 bytes (23.6%)
(RDMA_READ_CONSUME_CHECK_CONSUMER) timestamp=4223 ms, used_size=9654272 bytes (23.6%)
(RDMA_READ_CONSUME_CHECK_CONSUMER) timestamp=4223 ms, used_size=9652224 bytes (23.6%)
(RDMA_READ_CONSUME_CHECK_CONSUMER) timestamp=4223 ms, used_size=9650176 bytes (23.6%)
(RDMA_READ_CONSUME_CHECK_CONSUMER) timestamp=4223 ms, used_size=9648128 bytes (23.6%)
(RDMA_READ_CONSUME_CHECK_CONSUMER) timestamp=4223 ms, used_size=9646080 bytes (23.6%)
(RDMA_READ_CONSUME_CHECK_CONSUMER) timestamp=4223 ms, used_size=9644032 bytes (23.5%)
(RDMA_READ_CONSUME_CHECK_CONSUMER) timestamp=4223 ms, used_size=9641984 bytes (23.5%)
(RDMA_READ_CONSUME_CHECK_CONSUMER) timestamp=4223 ms, used_size=9639936 bytes (23.5%)
(RDMA_READ_CONSUME_CHECK_CONSUMER) timestamp=4223 ms, used_size=9637888 bytes (23.5%)
(RDMA_READ_CONSUME_CHECK_CONSUMER) timestamp=4223 ms, used_size=9635840 bytes (23.5%)
(RDMA_READ_CONSUME_CHECK_CONSUMER) timestamp=4223 ms, used_size=9633792 bytes (23.5%)
(RDMA_READ_CONSUME_CHECK_CONSUMER) timestamp=4223 ms, used_size=9631744 bytes (23.5%)
(RDMA_READ_CONSUME_CHECK_CONSUMER) timestamp=4223 ms, used_size=9629696 bytes (23.5%)
(RDMA_READ_CONSUME_CHECK_CONSUMER) timestamp=4223 ms, used_size=9627648 bytes (23.5%)
(RDMA_READ_CONSUME_CHECK_CONSUMER) timestamp=4223 ms, used_size=9625600 bytes (23.5%)
(RDMA_READ_CONSUME_CHECK_CONSUMER) timestamp=4223 ms, used_size=9623552 bytes (23.5%)
(RDMA_READ_CONSUME_CHECK_CONSUMER) timestamp=4223 ms, used_size=9621504 bytes (23.5%)
(RDMA_READ_CONSUME_CHECK_CONSUMER) timestamp=4223 ms, used_size=9619456 bytes (23.5%)
(RDMA_READ_CONSUME_CHECK_CONSUMER) timestamp=4223 ms, used_size=9617408 bytes (23.5%)
(RDMA_READ_CONSUME_CHECK_CONSUMER) timestamp=4223 ms, used_size=9615360 bytes (23.5%)
(RDMA_READ_CONSUME_CHECK_CONSUMER) timestamp=4223 ms, used_size=9613312 bytes (23.5%)
(RDMA_READ_CONSUME_CHECK_CONSUMER) timestamp=4223 ms, used_size=9611264 bytes (23.5%)
(RDMA_READ_CONSUME_CHECK_CONSUMER) timestamp=4223 ms, used_size=9609216 bytes (23.5%)
(RDMA_READ_CONSUME_CHECK_CONSUMER) timestamp=4223 ms, used_size=9607168 bytes (23.5%)
(RDMA_READ_CONSUME_CHECK_CONSUMER) timestamp=4223 ms, used_size=9605120 bytes (23.4%)
(RDMA_READ_CONSUME_CHECK_CONSUMER) timestamp=4223 ms, used_size=9603072 bytes (23.4%)
(RDMA_READ_CONSUME_CHECK_CONSUMER) timestamp=4223 ms, used_size=9601024 bytes (23.4%)
(RDMA_READ_CONSUME_CHECK_CONSUMER) timestamp=4223 ms, used_size=9598976 bytes (23.4%)
(RDMA_READ_CONSUME_CHECK_CONSUMER) timestamp=4223 ms, used_size=9596928 bytes (23.4%)
(RDMA_READ_CONSUME_CHECK_CONSUMER) timestamp=4223 ms, used_size=9594880 bytes (23.4%)
(RDMA_READ_CONSUME_CHECK_CONSUMER) timestamp=4223 ms, used_size=9592832 bytes (23.4%)
(RDMA_READ_CONSUME_CHECK_CONSUMER) timestamp=4223 ms, used_size=9590784 bytes (23.4%)
(RDMA_READ_CONSUME_CHECK_CONSUMER) timestamp=4223 ms, used_size=9588736 bytes (23.4%)
(RDMA_READ_CONSUME_CHECK_CONSUMER) timestamp=4223 ms, used_size=9586688 bytes (23.4%)
(RDMA_READ_CONSUME_CHECK_CONSUMER) timestamp=4223 ms, used_size=9584640 bytes (23.4%)
(RDMA_READ_CONSUME_CHECK_CONSUMER) timestamp=4223 ms, used_size=9582592 bytes (23.4%)
(RDMA_READ_CONSUME_CHECK_CONSUMER) timestamp=4223 ms, used_size=9580544 bytes (23.4%)
(RDMA_READ_CONSUME_CHECK_CONSUMER) timestamp=4223 ms, used_size=9578496 bytes (23.4%)
(RDMA_READ_CONSUME_CHECK_CONSUMER) timestamp=4223 ms, used_size=9576448 bytes (23.4%)
(RDMA_READ_CONSUME_CHECK_CONSUMER) timestamp=4223 ms, used_size=9574400 bytes (23.4%)
(RDMA_READ_CONSUME_CHECK_CONSUMER) timestamp=4223 ms, used_size=9572352 bytes (23.4%)
(RDMA_READ_CONSUME_CHECK_CONSUMER) timestamp=4223 ms, used_size=9570304 bytes (23.4%)
(RDMA_READ_CONSUME_CHECK_CONSUMER) timestamp=4223 ms, used_size=9568256 bytes (23.4%)
(RDMA_READ_CONSUME_CHECK_CONSUMER) timestamp=4223 ms, used_size=9566208 bytes (23.4%)
(RDMA_READ_CONSUME_CHECK_CONSUMER) timestamp=4223 ms, used_size=9564160 bytes (23.4%)
(RDMA_READ_CONSUME_CHECK_CONSUMER) timestamp=4223 ms, used_size=9562112 bytes (23.3%)
(RDMA_READ_CONSUME_CHECK_CONSUMER) timestamp=4223 ms, used_size=9560064 bytes (23.3%)
(RDMA_READ_CONSUME_CHECK_CONSUMER) timestamp=4223 ms, used_size=9558016 bytes (23.3%)
(RDMA_READ_CONSUME_CHECK_CONSUMER) timestamp=4223 ms, used_size=9555968 bytes (23.3%)
(RDMA_READ_CONSUME_CHECK_CONSUMER) timestamp=4223 ms, used_size=9553920 bytes (23.3%)
(RDMA_READ_CONSUME_CHECK_CONSUMER) timestamp=4223 ms, used_size=9551872 bytes (23.3%)
(RDMA_READ_CONSUME_CHECK_CONSUMER) timestamp=4223 ms, used_size=9549824 bytes (23.3%)
(RDMA_READ_CONSUME_CHECK_CONSUMER) timestamp=4223 ms, used_size=9547776 bytes (23.3%)
(RDMA_READ_CONSUME_CHECK_CONSUMER) timestamp=4223 ms, used_size=9545728 bytes (23.3%)
(RDMA_READ_CONSUME_CHECK_CONSUMER) timestamp=4223 ms, used_size=9543680 bytes (23.3%)
(RDMA_READ_CONSUME_CHECK_CONSUMER) timestamp=4223 ms, used_size=9541632 bytes (23.3%)
(RDMA_READ_CONSUME_CHECK_CONSUMER) timestamp=4223 ms, used_size=9539584 bytes (23.3%)
(RDMA_READ_CONSUME_CHECK_CONSUMER) timestamp=4223 ms, used_size=9537536 bytes (23.3%)
(RDMA_READ_CONSUME_CHECK_CONSUMER) timestamp=4223 ms, used_size=9535488 bytes (23.3%)
(RDMA_READ_CONSUME_CHECK_CONSUMER) timestamp=4223 ms, used_size=9533440 bytes (23.3%)
(RDMA_READ_CONSUME_CHECK_CONSUMER) timestamp=4223 ms, used_size=9531392 bytes (23.3%)
(RDMA_READ_CONSUME_CHECK_CONSUMER) timestamp=4223 ms, used_size=9529344 bytes (23.3%)
(RDMA_READ_CONSUME_CHECK_CONSUMER) timestamp=4223 ms, used_size=9527296 bytes (23.3%)
(RDMA_READ_CONSUME_CHECK_CONSUMER) timestamp=4223 ms, used_size=9525248 bytes (23.3%)
(RDMA_READ_CONSUME_CHECK_CONSUMER) timestamp=4223 ms, used_size=9523200 bytes (23.2%)
(RDMA_READ_CONSUME_CHECK_CONSUMER) timestamp=4223 ms, used_size=9521152 bytes (23.2%)
(RDMA_READ_CONSUME_CHECK_CONSUMER) timestamp=4223 ms, used_size=9519104 bytes (23.2%)
(RDMA_READ_CONSUME_CHECK_CONSUMER) timestamp=4223 ms, used_size=9517056 bytes (23.2%)
(RDMA_READ_CONSUME_CHECK_CONSUMER) timestamp=4223 ms, used_size=9515008 bytes (23.2%)
(RDMA_READ_CONSUME_CHECK_CONSUMER) timestamp=4223 ms, used_size=9512960 bytes (23.2%)
(RDMA_READ_CONSUME_CHECK_CONSUMER) timestamp=4223 ms, used_size=9510912 bytes (23.2%)
(RDMA_READ_CONSUME_CHECK_CONSUMER) timestamp=4223 ms, used_size=9508864 bytes (23.2%)
(RDMA_READ_CONSUME_CHECK_CONSUMER) timestamp=4223 ms, used_size=9506816 bytes (23.2%)
(RDMA_READ_CONSUME_CHECK_CONSUMER) timestamp=4223 ms, used_size=9504768 bytes (23.2%)
(RDMA_READ_CONSUME_CHECK_CONSUMER) timestamp=4223 ms, used_size=9502720 bytes (23.2%)
(RDMA_READ_CONSUME_CHECK_CONSUMER) timestamp=4223 ms, used_size=9500672 bytes (23.2%)
(RDMA_READ_CONSUME_CHECK_CONSUMER) timestamp=4223 ms, used_size=9498624 bytes (23.2%)
(RDMA_READ_CONSUME_CHECK_CONSUMER) timestamp=4223 ms, used_size=9496576 bytes (23.2%)
(RDMA_READ_CONSUME_CHECK_CONSUMER) timestamp=4223 ms, used_size=9494528 bytes (23.2%)
(RDMA_READ_CONSUME_CHECK_CONSUMER) timestamp=4223 ms, used_size=9492480 bytes (23.2%)
(RDMA_READ_CONSUME_CHECK_CONSUMER) timestamp=4223 ms, used_size=9490432 bytes (23.2%)
(RDMA_READ_CONSUME_CHECK_CONSUMER) timestamp=4223 ms, used_size=9488384 bytes (23.2%)
(RDMA_READ_CONSUME_CHECK_CONSUMER) timestamp=4223 ms, used_size=9486336 bytes (23.2%)
(RDMA_READ_CONSUME_CHECK_CONSUMER) timestamp=4223 ms, used_size=9484288 bytes (23.2%)
(RDMA_READ_CONSUME_CHECK_CONSUMER) timestamp=4223 ms, used_size=9482240 bytes (23.1%)
(RDMA_READ_CONSUME_CHECK_CONSUMER) timestamp=4223 ms, used_size=9480192 bytes (23.1%)
(RDMA_READ_CONSUME_CHECK_CONSUMER) timestamp=4223 ms, used_size=9478144 bytes (23.1%)
(RDMA_READ_CONSUME_CHECK_CONSUMER) timestamp=4223 ms, used_size=9476096 bytes (23.1%)
(RDMA_READ_CONSUME_CHECK_CONSUMER) timestamp=4223 ms, used_size=9474048 bytes (23.1%)
(RDMA_READ_CONSUME_CHECK_CONSUMER) timestamp=4223 ms, used_size=9472000 bytes (23.1%)
(RDMA_READ_CONSUME_CHECK_CONSUMER) timestamp=4223 ms, used_size=9469952 bytes (23.1%)
(RDMA_READ_CONSUME_CHECK_CONSUMER) timestamp=4223 ms, used_size=9467904 bytes (23.1%)
(RDMA_READ_CONSUME_CHECK_CONSUMER) timestamp=4223 ms, used_size=9465856 bytes (23.1%)
(RDMA_READ_CONSUME_CHECK_CONSUMER) timestamp=4223 ms, used_size=9463808 bytes (23.1%)
(RDMA_READ_CONSUME_CHECK_CONSUMER) timestamp=4223 ms, used_size=9461760 bytes (23.1%)
(RDMA_READ_CONSUME_CHECK_CONSUMER) timestamp=4223 ms, used_size=9459712 bytes (23.1%)
(RDMA_READ_CONSUME_CHECK_CONSUMER) timestamp=4223 ms, used_size=9457664 bytes (23.1%)
(RDMA_READ_CONSUME_CHECK_CONSUMER) timestamp=4223 ms, used_size=9455616 bytes (23.1%)
(RDMA_READ_CONSUME_CHECK_CONSUMER) timestamp=4223 ms, used_size=9453568 bytes (23.1%)
(RDMA_READ_CONSUME_CHECK_CONSUMER) timestamp=4223 ms, used_size=9451520 bytes (23.1%)
(RDMA_READ_CONSUME_CHECK_CONSUMER) timestamp=4223 ms, used_size=9449472 bytes (23.1%)
(RDMA_READ_CONSUME_CHECK_CONSUMER) timestamp=4223 ms, used_size=9447424 bytes (23.1%)
(RDMA_READ_CONSUME_CHECK_CONSUMER) timestamp=4223 ms, used_size=9445376 bytes (23.1%)
(RDMA_READ_CONSUME_CHECK_CONSUMER) timestamp=4223 ms, used_size=9443328 bytes (23.1%)
(RDMA_READ_CONSUME_CHECK_CONSUMER) timestamp=4223 ms, used_size=9441280 bytes (23.1%)
(RDMA_READ_CONSUME_CHECK_CONSUMER) timestamp=4223 ms, used_size=9439232 bytes (23.0%)
(RDMA_READ_CONSUME_CHECK_CONSUMER) timestamp=4223 ms, used_size=9437184 bytes (23.0%)
(RDMA_READ_CONSUME_CHECK_CONSUMER) timestamp=4223 ms, used_size=9435136 bytes (23.0%)
(RDMA_READ_CONSUME_CHECK_CONSUMER) timestamp=4223 ms, used_size=9433088 bytes (23.0%)
(RDMA_READ_CONSUME_CHECK_CONSUMER) timestamp=4223 ms, used_size=9431040 bytes (23.0%)
(RDMA_READ_CONSUME_CHECK_CONSUMER) timestamp=4223 ms, used_size=9428992 bytes (23.0%)
(RDMA_READ_CONSUME_CHECK_CONSUMER) timestamp=4223 ms, used_size=9426944 bytes (23.0%)
(RDMA_READ_CONSUME_CHECK_CONSUMER) timestamp=4223 ms, used_size=9424896 bytes (23.0%)
(RDMA_READ_CONSUME_CHECK_CONSUMER) timestamp=4223 ms, used_size=9422848 bytes (23.0%)
(RDMA_READ_CONSUME_CHECK_CONSUMER) timestamp=4223 ms, used_size=9420800 bytes (23.0%)
(RDMA_READ_CONSUME_CHECK_CONSUMER) timestamp=4223 ms, used_size=9418752 bytes (23.0%)
(RDMA_READ_CONSUME_CHECK_CONSUMER) timestamp=4223 ms, used_size=9416704 bytes (23.0%)
(RDMA_READ_CONSUME_CHECK_CONSUMER) timestamp=4223 ms, used_size=9414656 bytes (23.0%)
(RDMA_READ_CONSUME_CHECK_CONSUMER) timestamp=4223 ms, used_size=9412608 bytes (23.0%)
(RDMA_READ_CONSUME_CHECK_CONSUMER) timestamp=4223 ms, used_size=9410560 bytes (23.0%)
(RDMA_READ_CONSUME_CHECK_CONSUMER) timestamp=4223 ms, used_size=9408512 bytes (23.0%)
(RDMA_READ_CONSUME_CHECK_CONSUMER) timestamp=4223 ms, used_size=9406464 bytes (23.0%)
(RDMA_READ_CONSUME_CHECK_CONSUMER) timestamp=4223 ms, used_size=9404416 bytes (23.0%)
(RDMA_READ_CONSUME_CHECK_CONSUMER) timestamp=4223 ms, used_size=9402368 bytes (23.0%)
(RDMA_READ_CONSUME_CHECK_CONSUMER) timestamp=4223 ms, used_size=9400320 bytes (22.9%)
(RDMA_READ_CONSUME_CHECK_CONSUMER) timestamp=4223 ms, used_size=9398272 bytes (22.9%)
(RDMA_READ_CONSUME_CHECK_CONSUMER) timestamp=4223 ms, used_size=9396224 bytes (22.9%)
(RDMA_READ_CONSUME_CHECK_CONSUMER) timestamp=4223 ms, used_size=9394176 bytes (22.9%)
(RDMA_READ_CONSUME_CHECK_CONSUMER) timestamp=4223 ms, used_size=9392128 bytes (22.9%)
(RDMA_READ_CONSUME_CHECK_CONSUMER) timestamp=4223 ms, used_size=9390080 bytes (22.9%)
(RDMA_READ_CONSUME_CHECK_CONSUMER) timestamp=4223 ms, used_size=9388032 bytes (22.9%)
(RDMA_READ_CONSUME_CHECK_CONSUMER) timestamp=4223 ms, used_size=9385984 bytes (22.9%)
(RDMA_READ_CONSUME_CHECK_CONSUMER) timestamp=4223 ms, used_size=9383936 bytes (22.9%)
(RDMA_READ_CONSUME_CHECK_CONSUMER) timestamp=4223 ms, used_size=9381888 bytes (22.9%)
(RDMA_READ_CONSUME_CHECK_CONSUMER) timestamp=4223 ms, used_size=9379840 bytes (22.9%)
(RDMA_READ_CONSUME_CHECK_CONSUMER) timestamp=4223 ms, used_size=9377792 bytes (22.9%)
(RDMA_READ_CONSUME_CHECK_CONSUMER) timestamp=4223 ms, used_size=9375744 bytes (22.9%)
(RDMA_READ_CONSUME_CHECK_CONSUMER) timestamp=4223 ms, used_size=9373696 bytes (22.9%)
(RDMA_READ_CONSUME_CHECK_CONSUMER) timestamp=4223 ms, used_size=9371648 bytes (22.9%)
(RDMA_READ_CONSUME_CHECK_CONSUMER) timestamp=4223 ms, used_size=9369600 bytes (22.9%)
(RDMA_READ_CONSUME_CHECK_CONSUMER) timestamp=4223 ms, used_size=9367552 bytes (22.9%)
(RDMA_READ_CONSUME_CHECK_CONSUMER) timestamp=4223 ms, used_size=9365504 bytes (22.9%)
(RDMA_READ_CONSUME_CHECK_CONSUMER) timestamp=4223 ms, used_size=9363456 bytes (22.9%)
(RDMA_READ_CONSUME_CHECK_CONSUMER) timestamp=4223 ms, used_size=9361408 bytes (22.9%)
(RDMA_READ_CONSUME_CHECK_CONSUMER) timestamp=4223 ms, used_size=9359360 bytes (22.9%)
(RDMA_READ_CONSUME_CHECK_CONSUMER) timestamp=4223 ms, used_size=9357312 bytes (22.8%)
(RDMA_READ_CONSUME_CHECK_CONSUMER) timestamp=4223 ms, used_size=9355264 bytes (22.8%)
(RDMA_READ_CONSUME_CHECK_CONSUMER) timestamp=4223 ms, used_size=9353216 bytes (22.8%)
(RDMA_READ_CONSUME_CHECK_CONSUMER) timestamp=4223 ms, used_size=9351168 bytes (22.8%)
(RDMA_READ_CONSUME_CHECK_CONSUMER) timestamp=4223 ms, used_size=9349120 bytes (22.8%)
(RDMA_READ_CONSUME_CHECK_CONSUMER) timestamp=4223 ms, used_size=9347072 bytes (22.8%)
(RDMA_READ_CONSUME_CHECK_CONSUMER) timestamp=4223 ms, used_size=9345024 bytes (22.8%)
(RDMA_READ_CONSUME_CHECK_CONSUMER) timestamp=4223 ms, used_size=9342976 bytes (22.8%)
(RDMA_READ_CONSUME_CHECK_CONSUMER) timestamp=4223 ms, used_size=9340928 bytes (22.8%)
(RDMA_READ_CONSUME_CHECK_CONSUMER) timestamp=4223 ms, used_size=9338880 bytes (22.8%)
(RDMA_READ_CONSUME_CHECK_CONSUMER) timestamp=4223 ms, used_size=9336832 bytes (22.8%)
(RDMA_READ_CONSUME_CHECK_CONSUMER) timestamp=4223 ms, used_size=9334784 bytes (22.8%)
(RDMA_READ_CONSUME_CHECK_CONSUMER) timestamp=4223 ms, used_size=9332736 bytes (22.8%)
(RDMA_READ_CONSUME_CHECK_CONSUMER) timestamp=4223 ms, used_size=9330688 bytes (22.8%)
(RDMA_READ_CONSUME_CHECK_CONSUMER) timestamp=4223 ms, used_size=9328640 bytes (22.8%)
(RDMA_READ_CONSUME_CHECK_CONSUMER) timestamp=4223 ms, used_size=9326592 bytes (22.8%)
(RDMA_READ_CONSUME_CHECK_CONSUMER) timestamp=4223 ms, used_size=9324544 bytes (22.8%)
(RDMA_READ_CONSUME_CHECK_CONSUMER) timestamp=4223 ms, used_size=9322496 bytes (22.8%)
(RDMA_READ_CONSUME_CHECK_CONSUMER) timestamp=4223 ms, used_size=9320448 bytes (22.8%)
(RDMA_READ_CONSUME_CHECK_CONSUMER) timestamp=4223 ms, used_size=9318400 bytes (22.8%)
(RDMA_READ_CONSUME_CHECK_CONSUMER) timestamp=4223 ms, used_size=9316352 bytes (22.7%)
(RDMA_READ_CONSUME_CHECK_CONSUMER) timestamp=4223 ms, used_size=9314304 bytes (22.7%)
(RDMA_READ_CONSUME_CHECK_CONSUMER) timestamp=4223 ms, used_size=9312256 bytes (22.7%)
(RDMA_READ_CONSUME_CHECK_CONSUMER) timestamp=4223 ms, used_size=9310208 bytes (22.7%)
(RDMA_READ_CONSUME_CHECK_CONSUMER) timestamp=4223 ms, used_size=9308160 bytes (22.7%)
(RDMA_READ_CONSUME_CHECK_CONSUMER) timestamp=4223 ms, used_size=9306112 bytes (22.7%)
(RDMA_READ_CONSUME_CHECK_CONSUMER) timestamp=4223 ms, used_size=9304064 bytes (22.7%)
(RDMA_READ_CONSUME_CHECK_CONSUMER) timestamp=4223 ms, used_size=9302016 bytes (22.7%)
(RDMA_READ_CONSUME_CHECK_CONSUMER) timestamp=4223 ms, used_size=9299968 bytes (22.7%)
(RDMA_READ_CONSUME_CHECK_CONSUMER) timestamp=4223 ms, used_size=9297920 bytes (22.7%)
(RDMA_READ_CONSUME_CHECK_CONSUMER) timestamp=4223 ms, used_size=9295872 bytes (22.7%)
(RDMA_READ_CONSUME_CHECK_CONSUMER) timestamp=4224 ms, used_size=9293824 bytes (22.7%)
(RDMA_READ_CONSUME_CHECK_CONSUMER) timestamp=4224 ms, used_size=9291776 bytes (22.7%)
(RDMA_READ_CONSUME_CHECK_CONSUMER) timestamp=4224 ms, used_size=9289728 bytes (22.7%)
(RDMA_READ_CONSUME_CHECK_CONSUMER) timestamp=4224 ms, used_size=9287680 bytes (22.7%)
(RDMA_READ_CONSUME_CHECK_CONSUMER) timestamp=4224 ms, used_size=9285632 bytes (22.7%)
(RDMA_READ_CONSUME_CHECK_CONSUMER) timestamp=4224 ms, used_size=9283584 bytes (22.7%)
(RDMA_READ_CONSUME_CHECK_CONSUMER) timestamp=4224 ms, used_size=9281536 bytes (22.7%)
(RDMA_READ_CONSUME_CHECK_CONSUMER) timestamp=4224 ms, used_size=9279488 bytes (22.7%)
(RDMA_READ_CONSUME_CHECK_CONSUMER) timestamp=4224 ms, used_size=9277440 bytes (22.6%)
(RDMA_READ_CONSUME_CHECK_CONSUMER) timestamp=4224 ms, used_size=9275392 bytes (22.6%)
(RDMA_READ_CONSUME_CHECK_CONSUMER) timestamp=4224 ms, used_size=9273344 bytes (22.6%)
(RDMA_READ_CONSUME_CHECK_CONSUMER) timestamp=4224 ms, used_size=9271296 bytes (22.6%)
(RDMA_READ_CONSUME_CHECK_CONSUMER) timestamp=4224 ms, used_size=9269248 bytes (22.6%)
(RDMA_READ_CONSUME_CHECK_CONSUMER) timestamp=4224 ms, used_size=9267200 bytes (22.6%)
(RDMA_READ_CONSUME_CHECK_CONSUMER) timestamp=4224 ms, used_size=9265152 bytes (22.6%)
(RDMA_READ_CONSUME_CHECK_CONSUMER) timestamp=4224 ms, used_size=9263104 bytes (22.6%)
(RDMA_READ_CONSUME_CHECK_CONSUMER) timestamp=4224 ms, used_size=9261056 bytes (22.6%)
(RDMA_READ_CONSUME_CHECK_CONSUMER) timestamp=4224 ms, used_size=9259008 bytes (22.6%)
(RDMA_READ_CONSUME_CHECK_CONSUMER) timestamp=4224 ms, used_size=9256960 bytes (22.6%)
(RDMA_READ_CONSUME_CHECK_CONSUMER) timestamp=4224 ms, used_size=9254912 bytes (22.6%)
(RDMA_READ_CONSUME_CHECK_CONSUMER) timestamp=4224 ms, used_size=9252864 bytes (22.6%)
(RDMA_READ_CONSUME_CHECK_CONSUMER) timestamp=4224 ms, used_size=9250816 bytes (22.6%)
(RDMA_READ_CONSUME_CHECK_CONSUMER) timestamp=4224 ms, used_size=9248768 bytes (22.6%)
(RDMA_READ_CONSUME_CHECK_CONSUMER) timestamp=4224 ms, used_size=9246720 bytes (22.6%)
(RDMA_READ_CONSUME_CHECK_CONSUMER) timestamp=4224 ms, used_size=9244672 bytes (22.6%)
(RDMA_READ_CONSUME_CHECK_CONSUMER) timestamp=4224 ms, used_size=9242624 bytes (22.6%)
(RDMA_READ_CONSUME_CHECK_CONSUMER) timestamp=4224 ms, used_size=9240576 bytes (22.6%)
(RDMA_READ_CONSUME_CHECK_CONSUMER) timestamp=4224 ms, used_size=9238528 bytes (22.6%)
(RDMA_READ_CONSUME_CHECK_CONSUMER) timestamp=4224 ms, used_size=9236480 bytes (22.6%)
(RDMA_READ_CONSUME_CHECK_CONSUMER) timestamp=4224 ms, used_size=9234432 bytes (22.5%)
(RDMA_READ_CONSUME_CHECK_CONSUMER) timestamp=4224 ms, used_size=9232384 bytes (22.5%)
(RDMA_READ_CONSUME_CHECK_CONSUMER) timestamp=4224 ms, used_size=9230336 bytes (22.5%)
(RDMA_READ_CONSUME_CHECK_CONSUMER) timestamp=4224 ms, used_size=9228288 bytes (22.5%)
(RDMA_READ_CONSUME_CHECK_CONSUMER) timestamp=4224 ms, used_size=9226240 bytes (22.5%)
(RDMA_READ_CONSUME_CHECK_CONSUMER) timestamp=4224 ms, used_size=9224192 bytes (22.5%)
(RDMA_READ_CONSUME_CHECK_CONSUMER) timestamp=4224 ms, used_size=9222144 bytes (22.5%)
(RDMA_READ_CONSUME_CHECK_CONSUMER) timestamp=4224 ms, used_size=9220096 bytes (22.5%)
(RDMA_READ_CONSUME_CHECK_CONSUMER) timestamp=4224 ms, used_size=9218048 bytes (22.5%)
(RDMA_READ_CONSUME_CHECK_CONSUMER) timestamp=4224 ms, used_size=9216000 bytes (22.5%)
(RDMA_READ_CONSUME_CHECK_CONSUMER) timestamp=4224 ms, used_size=9213952 bytes (22.5%)
(RDMA_READ_CONSUME_CHECK_CONSUMER) timestamp=4224 ms, used_size=9211904 bytes (22.5%)
(RDMA_READ_CONSUME_CHECK_CONSUMER) timestamp=4224 ms, used_size=9209856 bytes (22.5%)
(RDMA_READ_CONSUME_CHECK_CONSUMER) timestamp=4224 ms, used_size=9207808 bytes (22.5%)
(RDMA_READ_CONSUME_CHECK_CONSUMER) timestamp=4224 ms, used_size=9205760 bytes (22.5%)
(RDMA_READ_CONSUME_CHECK_CONSUMER) timestamp=4224 ms, used_size=9203712 bytes (22.5%)
(RDMA_READ_CONSUME_CHECK_CONSUMER) timestamp=4224 ms, used_size=9201664 bytes (22.5%)
(RDMA_READ_CONSUME_CHECK_CONSUMER) timestamp=4224 ms, used_size=9199616 bytes (22.5%)
(RDMA_READ_CONSUME_CHECK_CONSUMER) timestamp=4224 ms, used_size=9197568 bytes (22.5%)
(RDMA_READ_CONSUME_CHECK_CONSUMER) timestamp=4224 ms, used_size=9195520 bytes (22.4%)
(RDMA_READ_CONSUME_CHECK_CONSUMER) timestamp=4224 ms, used_size=9193472 bytes (22.4%)
(RDMA_READ_CONSUME_CHECK_CONSUMER) timestamp=4224 ms, used_size=9191424 bytes (22.4%)
(RDMA_READ_CONSUME_CHECK_CONSUMER) timestamp=4224 ms, used_size=9189376 bytes (22.4%)
(RDMA_READ_CONSUME_CHECK_CONSUMER) timestamp=4224 ms, used_size=9187328 bytes (22.4%)
(RDMA_READ_CONSUME_CHECK_CONSUMER) timestamp=4224 ms, used_size=9185280 bytes (22.4%)
(RDMA_READ_CONSUME_CHECK_CONSUMER) timestamp=4224 ms, used_size=9183232 bytes (22.4%)
(RDMA_READ_CONSUME_CHECK_CONSUMER) timestamp=4224 ms, used_size=9181184 bytes (22.4%)
(RDMA_READ_CONSUME_CHECK_CONSUMER) timestamp=4224 ms, used_size=9179136 bytes (22.4%)
(RDMA_READ_CONSUME_CHECK_CONSUMER) timestamp=4224 ms, used_size=9177088 bytes (22.4%)
(RDMA_READ_CONSUME_CHECK_CONSUMER) timestamp=4224 ms, used_size=9175040 bytes (22.4%)
(RDMA_READ_CONSUME_CHECK_CONSUMER) timestamp=4224 ms, used_size=9172992 bytes (22.4%)
(RDMA_READ_CONSUME_CHECK_CONSUMER) timestamp=4224 ms, used_size=9170944 bytes (22.4%)
(RDMA_READ_CONSUME_CHECK_CONSUMER) timestamp=4224 ms, used_size=9168896 bytes (22.4%)
(RDMA_READ_CONSUME_CHECK_CONSUMER) timestamp=4224 ms, used_size=9166848 bytes (22.4%)
(RDMA_READ_CONSUME_CHECK_CONSUMER) timestamp=4224 ms, used_size=9164800 bytes (22.4%)
(RDMA_READ_CONSUME_CHECK_CONSUMER) timestamp=4224 ms, used_size=9162752 bytes (22.4%)
(RDMA_READ_CONSUME_CHECK_CONSUMER) timestamp=4224 ms, used_size=9160704 bytes (22.4%)
(RDMA_READ_CONSUME_CHECK_CONSUMER) timestamp=4224 ms, used_size=9158656 bytes (22.4%)
(RDMA_READ_CONSUME_CHECK_CONSUMER) timestamp=4224 ms, used_size=9156608 bytes (22.4%)
(RDMA_READ_CONSUME_CHECK_CONSUMER) timestamp=4224 ms, used_size=9154560 bytes (22.4%)
(RDMA_READ_CONSUME_CHECK_CONSUMER) timestamp=4224 ms, used_size=9152512 bytes (22.3%)
(RDMA_READ_CONSUME_CHECK_CONSUMER) timestamp=4224 ms, used_size=9150464 bytes (22.3%)
(RDMA_READ_CONSUME_CHECK_CONSUMER) timestamp=4224 ms, used_size=9148416 bytes (22.3%)
(RDMA_READ_CONSUME_CHECK_CONSUMER) timestamp=4224 ms, used_size=9146368 bytes (22.3%)
(RDMA_READ_CONSUME_CHECK_CONSUMER) timestamp=4224 ms, used_size=9144320 bytes (22.3%)
(RDMA_READ_CONSUME_CHECK_CONSUMER) timestamp=4224 ms, used_size=9142272 bytes (22.3%)
(RDMA_READ_CONSUME_CHECK_CONSUMER) timestamp=4224 ms, used_size=9140224 bytes (22.3%)
(RDMA_READ_CONSUME_CHECK_CONSUMER) timestamp=4224 ms, used_size=9138176 bytes (22.3%)
(RDMA_READ_CONSUME_CHECK_CONSUMER) timestamp=4224 ms, used_size=9136128 bytes (22.3%)
(RDMA_READ_CONSUME_CHECK_CONSUMER) timestamp=4224 ms, used_size=9134080 bytes (22.3%)
(RDMA_READ_CONSUME_CHECK_CONSUMER) timestamp=4224 ms, used_size=9132032 bytes (22.3%)
(RDMA_READ_CONSUME_CHECK_CONSUMER) timestamp=4224 ms, used_size=9129984 bytes (22.3%)
(RDMA_READ_CONSUME_CHECK_CONSUMER) timestamp=4224 ms, used_size=9127936 bytes (22.3%)
(RDMA_READ_CONSUME_CHECK_CONSUMER) timestamp=4224 ms, used_size=9125888 bytes (22.3%)
(RDMA_READ_CONSUME_CHECK_CONSUMER) timestamp=4224 ms, used_size=9123840 bytes (22.3%)
(RDMA_READ_CONSUME_CHECK_CONSUMER) timestamp=4224 ms, used_size=9121792 bytes (22.3%)
(RDMA_READ_CONSUME_CHECK_CONSUMER) timestamp=4224 ms, used_size=9119744 bytes (22.3%)
(RDMA_READ_CONSUME_CHECK_CONSUMER) timestamp=4224 ms, used_size=9117696 bytes (22.3%)
(RDMA_READ_CONSUME_CHECK_CONSUMER) timestamp=4224 ms, used_size=9115648 bytes (22.3%)
(RDMA_READ_CONSUME_CHECK_CONSUMER) timestamp=4224 ms, used_size=9113600 bytes (22.2%)
(RDMA_READ_CONSUME_CHECK_CONSUMER) timestamp=4224 ms, used_size=9111552 bytes (22.2%)
(RDMA_READ_CONSUME_CHECK_CONSUMER) timestamp=4224 ms, used_size=9109504 bytes (22.2%)
(RDMA_READ_CONSUME_CHECK_CONSUMER) timestamp=4224 ms, used_size=9107456 bytes (22.2%)
(RDMA_READ_CONSUME_CHECK_CONSUMER) timestamp=4224 ms, used_size=9105408 bytes (22.2%)
(RDMA_READ_CONSUME_CHECK_CONSUMER) timestamp=4224 ms, used_size=9103360 bytes (22.2%)
(RDMA_READ_CONSUME_CHECK_CONSUMER) timestamp=4224 ms, used_size=9101312 bytes (22.2%)
(RDMA_READ_CONSUME_CHECK_CONSUMER) timestamp=4224 ms, used_size=9099264 bytes (22.2%)
(RDMA_READ_CONSUME_CHECK_CONSUMER) timestamp=4224 ms, used_size=9097216 bytes (22.2%)
(RDMA_READ_CONSUME_CHECK_CONSUMER) timestamp=4224 ms, used_size=9095168 bytes (22.2%)
(RDMA_READ_CONSUME_CHECK_CONSUMER) timestamp=4224 ms, used_size=9093120 bytes (22.2%)
(RDMA_READ_CONSUME_CHECK_CONSUMER) timestamp=4224 ms, used_size=9091072 bytes (22.2%)
(RDMA_READ_CONSUME_CHECK_CONSUMER) timestamp=4224 ms, used_size=9089024 bytes (22.2%)
(RDMA_READ_CONSUME_CHECK_CONSUMER) timestamp=4224 ms, used_size=9086976 bytes (22.2%)
(RDMA_READ_CONSUME_CHECK_CONSUMER) timestamp=4224 ms, used_size=9084928 bytes (22.2%)
(RDMA_READ_CONSUME_CHECK_CONSUMER) timestamp=4224 ms, used_size=9082880 bytes (22.2%)
(RDMA_READ_CONSUME_CHECK_CONSUMER) timestamp=4224 ms, used_size=9080832 bytes (22.2%)
(RDMA_READ_CONSUME_CHECK_CONSUMER) timestamp=4224 ms, used_size=9078784 bytes (22.2%)
(RDMA_READ_CONSUME_CHECK_CONSUMER) timestamp=4224 ms, used_size=9076736 bytes (22.2%)
(RDMA_READ_CONSUME_CHECK_CONSUMER) timestamp=4224 ms, used_size=9074688 bytes (22.2%)
(RDMA_READ_CONSUME_CHECK_CONSUMER) timestamp=4224 ms, used_size=9072640 bytes (22.1%)
(RDMA_READ_CONSUME_CHECK_CONSUMER) timestamp=4224 ms, used_size=9070592 bytes (22.1%)
(RDMA_READ_CONSUME_CHECK_CONSUMER) timestamp=4224 ms, used_size=9068544 bytes (22.1%)
(RDMA_READ_CONSUME_CHECK_CONSUMER) timestamp=4224 ms, used_size=9066496 bytes (22.1%)
(RDMA_READ_CONSUME_CHECK_CONSUMER) timestamp=4224 ms, used_size=9064448 bytes (22.1%)
(RDMA_READ_CONSUME_CHECK_CONSUMER) timestamp=4224 ms, used_size=9062400 bytes (22.1%)
(RDMA_READ_CONSUME_CHECK_CONSUMER) timestamp=4224 ms, used_size=9060352 bytes (22.1%)
(RDMA_READ_CONSUME_CHECK_CONSUMER) timestamp=4224 ms, used_size=9058304 bytes (22.1%)
(RDMA_READ_CONSUME_CHECK_CONSUMER) timestamp=4224 ms, used_size=9056256 bytes (22.1%)
(RDMA_READ_CONSUME_CHECK_CONSUMER) timestamp=4224 ms, used_size=9054208 bytes (22.1%)
(RDMA_READ_CONSUME_CHECK_CONSUMER) timestamp=4224 ms, used_size=9052160 bytes (22.1%)
(RDMA_READ_CONSUME_CHECK_CONSUMER) timestamp=4224 ms, used_size=9050112 bytes (22.1%)
(RDMA_READ_CONSUME_CHECK_CONSUMER) timestamp=4224 ms, used_size=9048064 bytes (22.1%)
(RDMA_READ_CONSUME_CHECK_CONSUMER) timestamp=4224 ms, used_size=9046016 bytes (22.1%)
(RDMA_READ_CONSUME_CHECK_CONSUMER) timestamp=4224 ms, used_size=9043968 bytes (22.1%)
(RDMA_READ_CONSUME_CHECK_CONSUMER) timestamp=4224 ms, used_size=9041920 bytes (22.1%)
(RDMA_READ_CONSUME_CHECK_CONSUMER) timestamp=4224 ms, used_size=9039872 bytes (22.1%)
(RDMA_READ_CONSUME_CHECK_CONSUMER) timestamp=4224 ms, used_size=9037824 bytes (22.1%)
(RDMA_READ_CONSUME_CHECK_CONSUMER) timestamp=4224 ms, used_size=9035776 bytes (22.1%)
(RDMA_READ_CONSUME_CHECK_CONSUMER) timestamp=4224 ms, used_size=9033728 bytes (22.1%)
(RDMA_READ_CONSUME_CHECK_CONSUMER) timestamp=4224 ms, used_size=9031680 bytes (22.1%)
(RDMA_READ_CONSUME_CHECK_CONSUMER) timestamp=4224 ms, used_size=9029632 bytes (22.0%)
(RDMA_READ_CONSUME_CHECK_CONSUMER) timestamp=4224 ms, used_size=9027584 bytes (22.0%)
(RDMA_READ_CONSUME_CHECK_CONSUMER) timestamp=4224 ms, used_size=9025536 bytes (22.0%)
(RDMA_READ_CONSUME_CHECK_CONSUMER) timestamp=4224 ms, used_size=9023488 bytes (22.0%)
(RDMA_READ_CONSUME_CHECK_CONSUMER) timestamp=4224 ms, used_size=9021440 bytes (22.0%)
(RDMA_READ_CONSUME_CHECK_CONSUMER) timestamp=4224 ms, used_size=9019392 bytes (22.0%)
(RDMA_READ_CONSUME_CHECK_CONSUMER) timestamp=4224 ms, used_size=9017344 bytes (22.0%)
(RDMA_READ_CONSUME_CHECK_CONSUMER) timestamp=4224 ms, used_size=9015296 bytes (22.0%)
(RDMA_READ_CONSUME_CHECK_CONSUMER) timestamp=4224 ms, used_size=9013248 bytes (22.0%)
(RDMA_READ_CONSUME_CHECK_CONSUMER) timestamp=4224 ms, used_size=9011200 bytes (22.0%)
(RDMA_READ_CONSUME_CHECK_CONSUMER) timestamp=4224 ms, used_size=9009152 bytes (22.0%)
(RDMA_READ_CONSUME_CHECK_CONSUMER) timestamp=4224 ms, used_size=9007104 bytes (22.0%)
(RDMA_READ_CONSUME_CHECK_CONSUMER) timestamp=4224 ms, used_size=9005056 bytes (22.0%)
(RDMA_READ_CONSUME_CHECK_CONSUMER) timestamp=4224 ms, used_size=9003008 bytes (22.0%)
(RDMA_READ_CONSUME_CHECK_CONSUMER) timestamp=4224 ms, used_size=9000960 bytes (22.0%)
(RDMA_READ_CONSUME_CHECK_CONSUMER) timestamp=4224 ms, used_size=8998912 bytes (22.0%)
(RDMA_READ_CONSUME_CHECK_CONSUMER) timestamp=4224 ms, used_size=8996864 bytes (22.0%)
(RDMA_READ_CONSUME_CHECK_CONSUMER) timestamp=4224 ms, used_size=8994816 bytes (22.0%)
(RDMA_READ_CONSUME_CHECK_CONSUMER) timestamp=4224 ms, used_size=8992768 bytes (22.0%)
(RDMA_READ_CONSUME_CHECK_CONSUMER) timestamp=4224 ms, used_size=8990720 bytes (21.9%)
(RDMA_READ_CONSUME_CHECK_CONSUMER) timestamp=4224 ms, used_size=8988672 bytes (21.9%)
(RDMA_READ_CONSUME_CHECK_CONSUMER) timestamp=4224 ms, used_size=8986624 bytes (21.9%)
(RDMA_READ_CONSUME_CHECK_CONSUMER) timestamp=4224 ms, used_size=8984576 bytes (21.9%)
(RDMA_READ_CONSUME_CHECK_CONSUMER) timestamp=4224 ms, used_size=8982528 bytes (21.9%)
(RDMA_READ_CONSUME_CHECK_CONSUMER) timestamp=4224 ms, used_size=8980480 bytes (21.9%)
(RDMA_READ_CONSUME_CHECK_CONSUMER) timestamp=4224 ms, used_size=8978432 bytes (21.9%)
(RDMA_READ_CONSUME_CHECK_CONSUMER) timestamp=4224 ms, used_size=8976384 bytes (21.9%)
(RDMA_READ_CONSUME_CHECK_CONSUMER) timestamp=4224 ms, used_size=8974336 bytes (21.9%)
(RDMA_READ_CONSUME_CHECK_CONSUMER) timestamp=4224 ms, used_size=8972288 bytes (21.9%)
(RDMA_READ_CONSUME_CHECK_CONSUMER) timestamp=4224 ms, used_size=8970240 bytes (21.9%)
(RDMA_READ_CONSUME_CHECK_CONSUMER) timestamp=4224 ms, used_size=8968192 bytes (21.9%)
(RDMA_READ_CONSUME_CHECK_CONSUMER) timestamp=4224 ms, used_size=8966144 bytes (21.9%)
(RDMA_READ_CONSUME_CHECK_CONSUMER) timestamp=4224 ms, used_size=8964096 bytes (21.9%)
(RDMA_READ_CONSUME_CHECK_CONSUMER) timestamp=4224 ms, used_size=8962048 bytes (21.9%)
(RDMA_READ_CONSUME_CHECK_CONSUMER) timestamp=4224 ms, used_size=8960000 bytes (21.9%)
(RDMA_READ_CONSUME_CHECK_CONSUMER) timestamp=4224 ms, used_size=8957952 bytes (21.9%)
(RDMA_READ_CONSUME_CHECK_CONSUMER) timestamp=4224 ms, used_size=8955904 bytes (21.9%)
(RDMA_READ_CONSUME_CHECK_CONSUMER) timestamp=4224 ms, used_size=8953856 bytes (21.9%)
(RDMA_READ_CONSUME_CHECK_CONSUMER) timestamp=4224 ms, used_size=8951808 bytes (21.9%)
(RDMA_READ_CONSUME_CHECK_CONSUMER) timestamp=4224 ms, used_size=8949760 bytes (21.9%)
(RDMA_READ_CONSUME_CHECK_CONSUMER) timestamp=4224 ms, used_size=8947712 bytes (21.8%)
(RDMA_READ_CONSUME_CHECK_CONSUMER) timestamp=4224 ms, used_size=8945664 bytes (21.8%)
(RDMA_READ_CONSUME_CHECK_CONSUMER) timestamp=4224 ms, used_size=8943616 bytes (21.8%)
(RDMA_READ_CONSUME_CHECK_CONSUMER) timestamp=4224 ms, used_size=8941568 bytes (21.8%)
(RDMA_READ_CONSUME_CHECK_CONSUMER) timestamp=4224 ms, used_size=8939520 bytes (21.8%)
(RDMA_READ_CONSUME_CHECK_CONSUMER) timestamp=4224 ms, used_size=8937472 bytes (21.8%)
(RDMA_READ_CONSUME_CHECK_CONSUMER) timestamp=4224 ms, used_size=8935424 bytes (21.8%)
(RDMA_READ_CONSUME_CHECK_CONSUMER) timestamp=4224 ms, used_size=8933376 bytes (21.8%)
(RDMA_READ_CONSUME_CHECK_CONSUMER) timestamp=4224 ms, used_size=8931328 bytes (21.8%)
(RDMA_READ_CONSUME_CHECK_CONSUMER) timestamp=4224 ms, used_size=8929280 bytes (21.8%)
(RDMA_READ_CONSUME_CHECK_CONSUMER) timestamp=4224 ms, used_size=8927232 bytes (21.8%)
(RDMA_READ_CONSUME_CHECK_CONSUMER) timestamp=4225 ms, used_size=8925184 bytes (21.8%)
(RDMA_READ_CONSUME_CHECK_CONSUMER) timestamp=4225 ms, used_size=8923136 bytes (21.8%)
(RDMA_READ_CONSUME_CHECK_CONSUMER) timestamp=4225 ms, used_size=8921088 bytes (21.8%)
(RDMA_READ_CONSUME_CHECK_CONSUMER) timestamp=4225 ms, used_size=8919040 bytes (21.8%)
(RDMA_READ_CONSUME_CHECK_CONSUMER) timestamp=4225 ms, used_size=8916992 bytes (21.8%)
(RDMA_READ_CONSUME_CHECK_CONSUMER) timestamp=4225 ms, used_size=8914944 bytes (21.8%)
(RDMA_READ_CONSUME_CHECK_CONSUMER) timestamp=4225 ms, used_size=8912896 bytes (21.8%)
(RDMA_READ_CONSUME_CHECK_CONSUMER) timestamp=4225 ms, used_size=8910848 bytes (21.8%)
(RDMA_READ_CONSUME_CHECK_CONSUMER) timestamp=4225 ms, used_size=8908800 bytes (21.8%)
(RDMA_READ_CONSUME_CHECK_CONSUMER) timestamp=4225 ms, used_size=8906752 bytes (21.7%)
(RDMA_READ_CONSUME_CHECK_CONSUMER) timestamp=4225 ms, used_size=8904704 bytes (21.7%)
(RDMA_READ_CONSUME_CHECK_CONSUMER) timestamp=4225 ms, used_size=8902656 bytes (21.7%)
(RDMA_READ_CONSUME_CHECK_CONSUMER) timestamp=4225 ms, used_size=8900608 bytes (21.7%)
(RDMA_READ_CONSUME_CHECK_CONSUMER) timestamp=4225 ms, used_size=8898560 bytes (21.7%)
(RDMA_READ_CONSUME_CHECK_CONSUMER) timestamp=4225 ms, used_size=8896512 bytes (21.7%)
(RDMA_READ_CONSUME_CHECK_CONSUMER) timestamp=4225 ms, used_size=8894464 bytes (21.7%)
(RDMA_READ_CONSUME_CHECK_CONSUMER) timestamp=4225 ms, used_size=8892416 bytes (21.7%)
(RDMA_READ_CONSUME_CHECK_CONSUMER) timestamp=4225 ms, used_size=8890368 bytes (21.7%)
(RDMA_READ_CONSUME_CHECK_CONSUMER) timestamp=4225 ms, used_size=8888320 bytes (21.7%)
(RDMA_READ_CONSUME_CHECK_CONSUMER) timestamp=4225 ms, used_size=8886272 bytes (21.7%)
(RDMA_READ_CONSUME_CHECK_CONSUMER) timestamp=4225 ms, used_size=8884224 bytes (21.7%)
(RDMA_READ_CONSUME_CHECK_CONSUMER) timestamp=4225 ms, used_size=8882176 bytes (21.7%)
(RDMA_READ_CONSUME_CHECK_CONSUMER) timestamp=4225 ms, used_size=8880128 bytes (21.7%)
(RDMA_READ_CONSUME_CHECK_CONSUMER) timestamp=4225 ms, used_size=8878080 bytes (21.7%)
(RDMA_READ_CONSUME_CHECK_CONSUMER) timestamp=4225 ms, used_size=8876032 bytes (21.7%)
(RDMA_READ_CONSUME_CHECK_CONSUMER) timestamp=4225 ms, used_size=8873984 bytes (21.7%)
(RDMA_READ_CONSUME_CHECK_CONSUMER) timestamp=4225 ms, used_size=8871936 bytes (21.7%)
(RDMA_READ_CONSUME_CHECK_CONSUMER) timestamp=4225 ms, used_size=8869888 bytes (21.7%)
(RDMA_READ_CONSUME_CHECK_CONSUMER) timestamp=4225 ms, used_size=8867840 bytes (21.6%)
(RDMA_READ_CONSUME_CHECK_CONSUMER) timestamp=4225 ms, used_size=8865792 bytes (21.6%)
(RDMA_READ_CONSUME_CHECK_CONSUMER) timestamp=4225 ms, used_size=8863744 bytes (21.6%)
(RDMA_READ_CONSUME_CHECK_CONSUMER) timestamp=4225 ms, used_size=8861696 bytes (21.6%)
(RDMA_READ_CONSUME_CHECK_CONSUMER) timestamp=4225 ms, used_size=8859648 bytes (21.6%)
(RDMA_READ_CONSUME_CHECK_CONSUMER) timestamp=4225 ms, used_size=8857600 bytes (21.6%)
(RDMA_READ_CONSUME_CHECK_CONSUMER) timestamp=4225 ms, used_size=8855552 bytes (21.6%)
(RDMA_READ_CONSUME_CHECK_CONSUMER) timestamp=4225 ms, used_size=8853504 bytes (21.6%)
(RDMA_READ_CONSUME_CHECK_CONSUMER) timestamp=4225 ms, used_size=8851456 bytes (21.6%)
(RDMA_READ_CONSUME_CHECK_CONSUMER) timestamp=4225 ms, used_size=8849408 bytes (21.6%)
(RDMA_READ_CONSUME_CHECK_CONSUMER) timestamp=4225 ms, used_size=8847360 bytes (21.6%)
(RDMA_READ_CONSUME_CHECK_CONSUMER) timestamp=4225 ms, used_size=8845312 bytes (21.6%)
(RDMA_READ_CONSUME_CHECK_CONSUMER) timestamp=4225 ms, used_size=8843264 bytes (21.6%)
(RDMA_READ_CONSUME_CHECK_CONSUMER) timestamp=4225 ms, used_size=8841216 bytes (21.6%)
(RDMA_READ_CONSUME_CHECK_CONSUMER) timestamp=4225 ms, used_size=8839168 bytes (21.6%)
(RDMA_READ_CONSUME_CHECK_CONSUMER) timestamp=4225 ms, used_size=8837120 bytes (21.6%)
(RDMA_READ_CONSUME_CHECK_CONSUMER) timestamp=4225 ms, used_size=8835072 bytes (21.6%)
(RDMA_READ_CONSUME_CHECK_CONSUMER) timestamp=4225 ms, used_size=8833024 bytes (21.6%)
(RDMA_READ_CONSUME_CHECK_CONSUMER) timestamp=4225 ms, used_size=8830976 bytes (21.6%)
(RDMA_READ_CONSUME_CHECK_CONSUMER) timestamp=4225 ms, used_size=8828928 bytes (21.6%)
(RDMA_READ_CONSUME_CHECK_CONSUMER) timestamp=4225 ms, used_size=8826880 bytes (21.6%)
(RDMA_READ_CONSUME_CHECK_CONSUMER) timestamp=4225 ms, used_size=8824832 bytes (21.5%)
(RDMA_READ_CONSUME_CHECK_CONSUMER) timestamp=4225 ms, used_size=8822784 bytes (21.5%)
(RDMA_READ_CONSUME_CHECK_CONSUMER) timestamp=4225 ms, used_size=8820736 bytes (21.5%)
(RDMA_READ_CONSUME_CHECK_CONSUMER) timestamp=4225 ms, used_size=8818688 bytes (21.5%)
(RDMA_READ_CONSUME_CHECK_CONSUMER) timestamp=4225 ms, used_size=8816640 bytes (21.5%)
(RDMA_READ_CONSUME_CHECK_CONSUMER) timestamp=4225 ms, used_size=8814592 bytes (21.5%)
(RDMA_READ_CONSUME_CHECK_CONSUMER) timestamp=4225 ms, used_size=8812544 bytes (21.5%)
(RDMA_READ_CONSUME_CHECK_CONSUMER) timestamp=4225 ms, used_size=8810496 bytes (21.5%)
(RDMA_READ_CONSUME_CHECK_CONSUMER) timestamp=4225 ms, used_size=8808448 bytes (21.5%)
(RDMA_READ_CONSUME_CHECK_CONSUMER) timestamp=4225 ms, used_size=8806400 bytes (21.5%)
(RDMA_READ_CONSUME_CHECK_CONSUMER) timestamp=4225 ms, used_size=8804352 bytes (21.5%)
(RDMA_READ_CONSUME_CHECK_CONSUMER) timestamp=4225 ms, used_size=8802304 bytes (21.5%)
(RDMA_READ_CONSUME_CHECK_CONSUMER) timestamp=4225 ms, used_size=8800256 bytes (21.5%)
(RDMA_READ_CONSUME_CHECK_CONSUMER) timestamp=4225 ms, used_size=8798208 bytes (21.5%)
(RDMA_READ_CONSUME_CHECK_CONSUMER) timestamp=4225 ms, used_size=8796160 bytes (21.5%)
(RDMA_READ_CONSUME_CHECK_CONSUMER) timestamp=4225 ms, used_size=8794112 bytes (21.5%)
(RDMA_READ_CONSUME_CHECK_CONSUMER) timestamp=4225 ms, used_size=8792064 bytes (21.5%)
(RDMA_READ_CONSUME_CHECK_CONSUMER) timestamp=4225 ms, used_size=8790016 bytes (21.5%)
(RDMA_READ_CONSUME_CHECK_CONSUMER) timestamp=4225 ms, used_size=8787968 bytes (21.5%)
(RDMA_READ_CONSUME_CHECK_CONSUMER) timestamp=4225 ms, used_size=8785920 bytes (21.4%)
(RDMA_READ_CONSUME_CHECK_CONSUMER) timestamp=4225 ms, used_size=8783872 bytes (21.4%)
(RDMA_READ_CONSUME_CHECK_CONSUMER) timestamp=4225 ms, used_size=8781824 bytes (21.4%)
(RDMA_READ_CONSUME_CHECK_CONSUMER) timestamp=4225 ms, used_size=8779776 bytes (21.4%)
(RDMA_READ_CONSUME_CHECK_CONSUMER) timestamp=4225 ms, used_size=8777728 bytes (21.4%)
(RDMA_READ_CONSUME_CHECK_CONSUMER) timestamp=4225 ms, used_size=8775680 bytes (21.4%)
(RDMA_READ_CONSUME_CHECK_CONSUMER) timestamp=4225 ms, used_size=8773632 bytes (21.4%)
(RDMA_READ_CONSUME_CHECK_CONSUMER) timestamp=4225 ms, used_size=8771584 bytes (21.4%)
(RDMA_READ_CONSUME_CHECK_CONSUMER) timestamp=4225 ms, used_size=8769536 bytes (21.4%)
(RDMA_READ_CONSUME_CHECK_CONSUMER) timestamp=4225 ms, used_size=8767488 bytes (21.4%)
(RDMA_READ_CONSUME_CHECK_CONSUMER) timestamp=4225 ms, used_size=8765440 bytes (21.4%)
(RDMA_READ_CONSUME_CHECK_CONSUMER) timestamp=4225 ms, used_size=8763392 bytes (21.4%)
(RDMA_READ_CONSUME_CHECK_CONSUMER) timestamp=4225 ms, used_size=8761344 bytes (21.4%)
(RDMA_READ_CONSUME_CHECK_CONSUMER) timestamp=4225 ms, used_size=8759296 bytes (21.4%)
(RDMA_READ_CONSUME_CHECK_CONSUMER) timestamp=4225 ms, used_size=8757248 bytes (21.4%)
(RDMA_READ_CONSUME_CHECK_CONSUMER) timestamp=4225 ms, used_size=8755200 bytes (21.4%)
(RDMA_READ_CONSUME_CHECK_CONSUMER) timestamp=4225 ms, used_size=8753152 bytes (21.4%)
(RDMA_READ_CONSUME_CHECK_CONSUMER) timestamp=4225 ms, used_size=8751104 bytes (21.4%)
(RDMA_READ_CONSUME_CHECK_CONSUMER) timestamp=4225 ms, used_size=8749056 bytes (21.4%)
(RDMA_READ_CONSUME_CHECK_CONSUMER) timestamp=4225 ms, used_size=8747008 bytes (21.4%)
(RDMA_READ_CONSUME_CHECK_CONSUMER) timestamp=4225 ms, used_size=8744960 bytes (21.4%)
(RDMA_READ_CONSUME_CHECK_CONSUMER) timestamp=4225 ms, used_size=8742912 bytes (21.3%)
(RDMA_READ_CONSUME_CHECK_CONSUMER) timestamp=4225 ms, used_size=8740864 bytes (21.3%)
(RDMA_READ_CONSUME_CHECK_CONSUMER) timestamp=4225 ms, used_size=8738816 bytes (21.3%)
(RDMA_READ_CONSUME_CHECK_CONSUMER) timestamp=4225 ms, used_size=8736768 bytes (21.3%)
(RDMA_READ_CONSUME_CHECK_CONSUMER) timestamp=4225 ms, used_size=8734720 bytes (21.3%)
(RDMA_READ_CONSUME_CHECK_CONSUMER) timestamp=4225 ms, used_size=8732672 bytes (21.3%)
(RDMA_READ_CONSUME_CHECK_CONSUMER) timestamp=4225 ms, used_size=8730624 bytes (21.3%)
(RDMA_READ_CONSUME_CHECK_CONSUMER) timestamp=4225 ms, used_size=8728576 bytes (21.3%)
(RDMA_READ_CONSUME_CHECK_CONSUMER) timestamp=4225 ms, used_size=8726528 bytes (21.3%)
(RDMA_READ_CONSUME_CHECK_CONSUMER) timestamp=4225 ms, used_size=8724480 bytes (21.3%)
(RDMA_READ_CONSUME_CHECK_CONSUMER) timestamp=4225 ms, used_size=8722432 bytes (21.3%)
(RDMA_READ_CONSUME_CHECK_CONSUMER) timestamp=4225 ms, used_size=8720384 bytes (21.3%)
(RDMA_READ_CONSUME_CHECK_CONSUMER) timestamp=4225 ms, used_size=8718336 bytes (21.3%)
(RDMA_READ_CONSUME_CHECK_CONSUMER) timestamp=4225 ms, used_size=8716288 bytes (21.3%)
(RDMA_READ_CONSUME_CHECK_CONSUMER) timestamp=4225 ms, used_size=8714240 bytes (21.3%)
(RDMA_READ_CONSUME_CHECK_CONSUMER) timestamp=4225 ms, used_size=8712192 bytes (21.3%)
(RDMA_READ_CONSUME_CHECK_CONSUMER) timestamp=4225 ms, used_size=8710144 bytes (21.3%)
(RDMA_READ_CONSUME_CHECK_CONSUMER) timestamp=4225 ms, used_size=8708096 bytes (21.3%)
(RDMA_READ_CONSUME_CHECK_CONSUMER) timestamp=4225 ms, used_size=8706048 bytes (21.3%)
(RDMA_READ_CONSUME_CHECK_CONSUMER) timestamp=4225 ms, used_size=8704000 bytes (21.2%)
(RDMA_READ_CONSUME_CHECK_CONSUMER) timestamp=4225 ms, used_size=8701952 bytes (21.2%)
(RDMA_READ_CONSUME_CHECK_CONSUMER) timestamp=4225 ms, used_size=8699904 bytes (21.2%)
(RDMA_READ_CONSUME_CHECK_CONSUMER) timestamp=4225 ms, used_size=8697856 bytes (21.2%)
(RDMA_READ_CONSUME_CHECK_CONSUMER) timestamp=4225 ms, used_size=8695808 bytes (21.2%)
(RDMA_READ_CONSUME_CHECK_CONSUMER) timestamp=4225 ms, used_size=8693760 bytes (21.2%)
(RDMA_READ_CONSUME_CHECK_CONSUMER) timestamp=4225 ms, used_size=8691712 bytes (21.2%)
(RDMA_READ_CONSUME_CHECK_CONSUMER) timestamp=4225 ms, used_size=8689664 bytes (21.2%)
(RDMA_READ_CONSUME_CHECK_CONSUMER) timestamp=4225 ms, used_size=8687616 bytes (21.2%)
(RDMA_READ_CONSUME_CHECK_CONSUMER) timestamp=4225 ms, used_size=8685568 bytes (21.2%)
(RDMA_READ_CONSUME_CHECK_CONSUMER) timestamp=4225 ms, used_size=8683520 bytes (21.2%)
(RDMA_READ_CONSUME_CHECK_CONSUMER) timestamp=4225 ms, used_size=8681472 bytes (21.2%)
(RDMA_READ_CONSUME_CHECK_CONSUMER) timestamp=4225 ms, used_size=8679424 bytes (21.2%)
(RDMA_READ_CONSUME_CHECK_CONSUMER) timestamp=4225 ms, used_size=8677376 bytes (21.2%)
(RDMA_READ_CONSUME_CHECK_CONSUMER) timestamp=4225 ms, used_size=8675328 bytes (21.2%)
(RDMA_READ_CONSUME_CHECK_CONSUMER) timestamp=4225 ms, used_size=8673280 bytes (21.2%)
(RDMA_READ_CONSUME_CHECK_CONSUMER) timestamp=4225 ms, used_size=8671232 bytes (21.2%)
(RDMA_READ_CONSUME_CHECK_CONSUMER) timestamp=4225 ms, used_size=8669184 bytes (21.2%)
(RDMA_READ_CONSUME_CHECK_CONSUMER) timestamp=4225 ms, used_size=8667136 bytes (21.2%)
(RDMA_READ_CONSUME_CHECK_CONSUMER) timestamp=4225 ms, used_size=8665088 bytes (21.2%)
(RDMA_READ_CONSUME_CHECK_CONSUMER) timestamp=4225 ms, used_size=8663040 bytes (21.1%)
(RDMA_READ_CONSUME_CHECK_CONSUMER) timestamp=4225 ms, used_size=8660992 bytes (21.1%)
(RDMA_READ_CONSUME_CHECK_CONSUMER) timestamp=4225 ms, used_size=8658944 bytes (21.1%)
(RDMA_READ_CONSUME_CHECK_CONSUMER) timestamp=4225 ms, used_size=8656896 bytes (21.1%)
(RDMA_READ_CONSUME_CHECK_CONSUMER) timestamp=4225 ms, used_size=8654848 bytes (21.1%)
(RDMA_READ_CONSUME_CHECK_CONSUMER) timestamp=4225 ms, used_size=8652800 bytes (21.1%)
(RDMA_READ_CONSUME_CHECK_CONSUMER) timestamp=4225 ms, used_size=8650752 bytes (21.1%)
(RDMA_READ_CONSUME_CHECK_CONSUMER) timestamp=4225 ms, used_size=8648704 bytes (21.1%)
(RDMA_READ_CONSUME_CHECK_CONSUMER) timestamp=4225 ms, used_size=8646656 bytes (21.1%)
(RDMA_READ_CONSUME_CHECK_CONSUMER) timestamp=4225 ms, used_size=8644608 bytes (21.1%)
(RDMA_READ_CONSUME_CHECK_CONSUMER) timestamp=4225 ms, used_size=8642560 bytes (21.1%)
(RDMA_READ_CONSUME_CHECK_CONSUMER) timestamp=4225 ms, used_size=8640512 bytes (21.1%)
(RDMA_READ_CONSUME_CHECK_CONSUMER) timestamp=4225 ms, used_size=8638464 bytes (21.1%)
(RDMA_READ_CONSUME_CHECK_CONSUMER) timestamp=4225 ms, used_size=8636416 bytes (21.1%)
(RDMA_READ_CONSUME_CHECK_CONSUMER) timestamp=4225 ms, used_size=8634368 bytes (21.1%)
(RDMA_READ_CONSUME_CHECK_CONSUMER) timestamp=4225 ms, used_size=8632320 bytes (21.1%)
(RDMA_READ_CONSUME_CHECK_CONSUMER) timestamp=4225 ms, used_size=8630272 bytes (21.1%)
(RDMA_READ_CONSUME_CHECK_CONSUMER) timestamp=4225 ms, used_size=8628224 bytes (21.1%)
(RDMA_READ_CONSUME_CHECK_CONSUMER) timestamp=4225 ms, used_size=8626176 bytes (21.1%)
(RDMA_READ_CONSUME_CHECK_CONSUMER) timestamp=4225 ms, used_size=8624128 bytes (21.1%)
(RDMA_READ_CONSUME_CHECK_CONSUMER) timestamp=4225 ms, used_size=8622080 bytes (21.1%)
(RDMA_READ_CONSUME_CHECK_CONSUMER) timestamp=4225 ms, used_size=8620032 bytes (21.0%)
(RDMA_READ_CONSUME_CHECK_CONSUMER) timestamp=4225 ms, used_size=8617984 bytes (21.0%)
(RDMA_READ_CONSUME_CHECK_CONSUMER) timestamp=4225 ms, used_size=8615936 bytes (21.0%)
(RDMA_READ_CONSUME_CHECK_CONSUMER) timestamp=4225 ms, used_size=8613888 bytes (21.0%)
(RDMA_READ_CONSUME_CHECK_CONSUMER) timestamp=4225 ms, used_size=8611840 bytes (21.0%)
(RDMA_READ_CONSUME_CHECK_CONSUMER) timestamp=4225 ms, used_size=8609792 bytes (21.0%)
(RDMA_READ_CONSUME_CHECK_CONSUMER) timestamp=4225 ms, used_size=8607744 bytes (21.0%)
(RDMA_READ_CONSUME_CHECK_CONSUMER) timestamp=4225 ms, used_size=8605696 bytes (21.0%)
(RDMA_READ_CONSUME_CHECK_CONSUMER) timestamp=4225 ms, used_size=8603648 bytes (21.0%)
(RDMA_READ_CONSUME_CHECK_CONSUMER) timestamp=4225 ms, used_size=8601600 bytes (21.0%)
(RDMA_READ_CONSUME_CHECK_CONSUMER) timestamp=4225 ms, used_size=8599552 bytes (21.0%)
(RDMA_READ_CONSUME_CHECK_CONSUMER) timestamp=4225 ms, used_size=8597504 bytes (21.0%)
(RDMA_READ_CONSUME_CHECK_CONSUMER) timestamp=4225 ms, used_size=8595456 bytes (21.0%)
(RDMA_READ_CONSUME_CHECK_CONSUMER) timestamp=4225 ms, used_size=8593408 bytes (21.0%)
(RDMA_READ_CONSUME_CHECK_CONSUMER) timestamp=4225 ms, used_size=8591360 bytes (21.0%)
(RDMA_READ_CONSUME_CHECK_CONSUMER) timestamp=4225 ms, used_size=8589312 bytes (21.0%)
(RDMA_READ_CONSUME_CHECK_CONSUMER) timestamp=4225 ms, used_size=8587264 bytes (21.0%)
(RDMA_READ_CONSUME_CHECK_CONSUMER) timestamp=4225 ms, used_size=8585216 bytes (21.0%)
(RDMA_READ_CONSUME_CHECK_CONSUMER) timestamp=4225 ms, used_size=8583168 bytes (21.0%)
(RDMA_READ_CONSUME_CHECK_CONSUMER) timestamp=4225 ms, used_size=8581120 bytes (20.9%)
(RDMA_READ_CONSUME_CHECK_CONSUMER) timestamp=4225 ms, used_size=8579072 bytes (20.9%)
(RDMA_READ_CONSUME_CHECK_CONSUMER) timestamp=4225 ms, used_size=8577024 bytes (20.9%)
(RDMA_READ_CONSUME_CHECK_CONSUMER) timestamp=4225 ms, used_size=8574976 bytes (20.9%)
(RDMA_READ_CONSUME_CHECK_CONSUMER) timestamp=4225 ms, used_size=8572928 bytes (20.9%)
(RDMA_READ_CONSUME_CHECK_CONSUMER) timestamp=4225 ms, used_size=8570880 bytes (20.9%)
(RDMA_READ_CONSUME_CHECK_CONSUMER) timestamp=4225 ms, used_size=8568832 bytes (20.9%)
(RDMA_READ_CONSUME_CHECK_CONSUMER) timestamp=4225 ms, used_size=8566784 bytes (20.9%)
(RDMA_READ_CONSUME_CHECK_CONSUMER) timestamp=4225 ms, used_size=8564736 bytes (20.9%)
(RDMA_READ_CONSUME_CHECK_CONSUMER) timestamp=4226 ms, used_size=8562688 bytes (20.9%)
(RDMA_READ_CONSUME_CHECK_CONSUMER) timestamp=4226 ms, used_size=8560640 bytes (20.9%)
(RDMA_READ_CONSUME_CHECK_CONSUMER) timestamp=4226 ms, used_size=8558592 bytes (20.9%)
(RDMA_READ_CONSUME_CHECK_CONSUMER) timestamp=4226 ms, used_size=8556544 bytes (20.9%)
(RDMA_READ_CONSUME_CHECK_CONSUMER) timestamp=4226 ms, used_size=8554496 bytes (20.9%)
(RDMA_READ_CONSUME_CHECK_CONSUMER) timestamp=4226 ms, used_size=8552448 bytes (20.9%)
(RDMA_READ_CONSUME_CHECK_CONSUMER) timestamp=4226 ms, used_size=8550400 bytes (20.9%)
(RDMA_READ_CONSUME_CHECK_CONSUMER) timestamp=4226 ms, used_size=8548352 bytes (20.9%)
(RDMA_READ_CONSUME_CHECK_CONSUMER) timestamp=4226 ms, used_size=8546304 bytes (20.9%)
(RDMA_READ_CONSUME_CHECK_CONSUMER) timestamp=4226 ms, used_size=8544256 bytes (20.9%)
(RDMA_READ_CONSUME_CHECK_CONSUMER) timestamp=4226 ms, used_size=8542208 bytes (20.9%)
(RDMA_READ_CONSUME_CHECK_CONSUMER) timestamp=4226 ms, used_size=8540160 bytes (20.9%)
(RDMA_READ_CONSUME_CHECK_CONSUMER) timestamp=4226 ms, used_size=8538112 bytes (20.8%)
(RDMA_READ_CONSUME_CHECK_CONSUMER) timestamp=4226 ms, used_size=8536064 bytes (20.8%)
(RDMA_READ_CONSUME_CHECK_CONSUMER) timestamp=4226 ms, used_size=8534016 bytes (20.8%)
(RDMA_READ_CONSUME_CHECK_CONSUMER) timestamp=4226 ms, used_size=8531968 bytes (20.8%)
(RDMA_READ_CONSUME_CHECK_CONSUMER) timestamp=4226 ms, used_size=8529920 bytes (20.8%)
(RDMA_READ_CONSUME_CHECK_CONSUMER) timestamp=4226 ms, used_size=8527872 bytes (20.8%)
(RDMA_READ_CONSUME_CHECK_CONSUMER) timestamp=4226 ms, used_size=8525824 bytes (20.8%)
(RDMA_READ_CONSUME_CHECK_CONSUMER) timestamp=4226 ms, used_size=8523776 bytes (20.8%)
(RDMA_READ_CONSUME_CHECK_CONSUMER) timestamp=4226 ms, used_size=8521728 bytes (20.8%)
(RDMA_READ_CONSUME_CHECK_CONSUMER) timestamp=4226 ms, used_size=8519680 bytes (20.8%)
(RDMA_READ_CONSUME_CHECK_CONSUMER) timestamp=4226 ms, used_size=8517632 bytes (20.8%)
(RDMA_READ_CONSUME_CHECK_CONSUMER) timestamp=4226 ms, used_size=8515584 bytes (20.8%)
(RDMA_READ_CONSUME_CHECK_CONSUMER) timestamp=4226 ms, used_size=8513536 bytes (20.8%)
(RDMA_READ_CONSUME_CHECK_CONSUMER) timestamp=4226 ms, used_size=8511488 bytes (20.8%)
(RDMA_READ_CONSUME_CHECK_CONSUMER) timestamp=4226 ms, used_size=8509440 bytes (20.8%)
(RDMA_READ_CONSUME_CHECK_CONSUMER) timestamp=4226 ms, used_size=8507392 bytes (20.8%)
(RDMA_READ_CONSUME_CHECK_CONSUMER) timestamp=4226 ms, used_size=8505344 bytes (20.8%)
(RDMA_READ_CONSUME_CHECK_CONSUMER) timestamp=4226 ms, used_size=8503296 bytes (20.8%)
(RDMA_READ_CONSUME_CHECK_CONSUMER) timestamp=4226 ms, used_size=8501248 bytes (20.8%)
(RDMA_READ_CONSUME_CHECK_CONSUMER) timestamp=4226 ms, used_size=8499200 bytes (20.8%)
(RDMA_READ_CONSUME_CHECK_CONSUMER) timestamp=4226 ms, used_size=8497152 bytes (20.7%)
(RDMA_READ_CONSUME_CHECK_CONSUMER) timestamp=4226 ms, used_size=8495104 bytes (20.7%)
(RDMA_READ_CONSUME_CHECK_CONSUMER) timestamp=4226 ms, used_size=8493056 bytes (20.7%)
(RDMA_READ_CONSUME_CHECK_CONSUMER) timestamp=4226 ms, used_size=8491008 bytes (20.7%)
(RDMA_READ_CONSUME_CHECK_CONSUMER) timestamp=4226 ms, used_size=8488960 bytes (20.7%)
(RDMA_READ_CONSUME_CHECK_CONSUMER) timestamp=4226 ms, used_size=8486912 bytes (20.7%)
(RDMA_READ_CONSUME_CHECK_CONSUMER) timestamp=4226 ms, used_size=8484864 bytes (20.7%)
(RDMA_READ_CONSUME_CHECK_CONSUMER) timestamp=4226 ms, used_size=8482816 bytes (20.7%)
(RDMA_READ_CONSUME_CHECK_CONSUMER) timestamp=4226 ms, used_size=8480768 bytes (20.7%)
(RDMA_READ_CONSUME_CHECK_CONSUMER) timestamp=4226 ms, used_size=8478720 bytes (20.7%)
(RDMA_READ_CONSUME_CHECK_CONSUMER) timestamp=4226 ms, used_size=8476672 bytes (20.7%)
(RDMA_READ_CONSUME_CHECK_CONSUMER) timestamp=4226 ms, used_size=8474624 bytes (20.7%)
(RDMA_READ_CONSUME_CHECK_CONSUMER) timestamp=4226 ms, used_size=8472576 bytes (20.7%)
(RDMA_READ_CONSUME_CHECK_CONSUMER) timestamp=4226 ms, used_size=8470528 bytes (20.7%)
(RDMA_READ_CONSUME_CHECK_CONSUMER) timestamp=4226 ms, used_size=8468480 bytes (20.7%)
(RDMA_READ_CONSUME_CHECK_CONSUMER) timestamp=4226 ms, used_size=8466432 bytes (20.7%)
(RDMA_READ_CONSUME_CHECK_CONSUMER) timestamp=4226 ms, used_size=8464384 bytes (20.7%)
(RDMA_READ_CONSUME_CHECK_CONSUMER) timestamp=4226 ms, used_size=8462336 bytes (20.7%)
(RDMA_READ_CONSUME_CHECK_CONSUMER) timestamp=4226 ms, used_size=8460288 bytes (20.7%)
(RDMA_READ_CONSUME_CHECK_CONSUMER) timestamp=4226 ms, used_size=8458240 bytes (20.6%)
(RDMA_READ_CONSUME_CHECK_CONSUMER) timestamp=4226 ms, used_size=8456192 bytes (20.6%)
(RDMA_READ_CONSUME_CHECK_CONSUMER) timestamp=4226 ms, used_size=8454144 bytes (20.6%)
(RDMA_READ_CONSUME_CHECK_CONSUMER) timestamp=4226 ms, used_size=8452096 bytes (20.6%)
(RDMA_READ_CONSUME_CHECK_CONSUMER) timestamp=4226 ms, used_size=8450048 bytes (20.6%)
(RDMA_READ_CONSUME_CHECK_CONSUMER) timestamp=4226 ms, used_size=8448000 bytes (20.6%)
(RDMA_READ_CONSUME_CHECK_CONSUMER) timestamp=4226 ms, used_size=8445952 bytes (20.6%)
(RDMA_READ_CONSUME_CHECK_CONSUMER) timestamp=4226 ms, used_size=8443904 bytes (20.6%)
(RDMA_READ_CONSUME_CHECK_CONSUMER) timestamp=4226 ms, used_size=8441856 bytes (20.6%)
(RDMA_READ_CONSUME_CHECK_CONSUMER) timestamp=4226 ms, used_size=8439808 bytes (20.6%)
(RDMA_READ_CONSUME_CHECK_CONSUMER) timestamp=4226 ms, used_size=8437760 bytes (20.6%)
(RDMA_READ_CONSUME_CHECK_CONSUMER) timestamp=4226 ms, used_size=8435712 bytes (20.6%)
(RDMA_READ_CONSUME_CHECK_CONSUMER) timestamp=4226 ms, used_size=8433664 bytes (20.6%)
(RDMA_READ_CONSUME_CHECK_CONSUMER) timestamp=4226 ms, used_size=8431616 bytes (20.6%)
(RDMA_READ_CONSUME_CHECK_CONSUMER) timestamp=4226 ms, used_size=8429568 bytes (20.6%)
(RDMA_READ_CONSUME_CHECK_CONSUMER) timestamp=4226 ms, used_size=8427520 bytes (20.6%)
(RDMA_READ_CONSUME_CHECK_CONSUMER) timestamp=4226 ms, used_size=8425472 bytes (20.6%)
(RDMA_READ_CONSUME_CHECK_CONSUMER) timestamp=4226 ms, used_size=8423424 bytes (20.6%)
(RDMA_READ_CONSUME_CHECK_CONSUMER) timestamp=4226 ms, used_size=8421376 bytes (20.6%)
(RDMA_READ_CONSUME_CHECK_CONSUMER) timestamp=4226 ms, used_size=8419328 bytes (20.6%)
(RDMA_READ_CONSUME_CHECK_CONSUMER) timestamp=4226 ms, used_size=8417280 bytes (20.6%)
(RDMA_READ_CONSUME_CHECK_CONSUMER) timestamp=4226 ms, used_size=8415232 bytes (20.5%)
(RDMA_READ_CONSUME_CHECK_CONSUMER) timestamp=4226 ms, used_size=8413184 bytes (20.5%)
(RDMA_READ_CONSUME_CHECK_CONSUMER) timestamp=4226 ms, used_size=8411136 bytes (20.5%)
(RDMA_READ_CONSUME_CHECK_CONSUMER) timestamp=4226 ms, used_size=8409088 bytes (20.5%)
(RDMA_READ_CONSUME_CHECK_CONSUMER) timestamp=4226 ms, used_size=8407040 bytes (20.5%)
(RDMA_READ_CONSUME_CHECK_CONSUMER) timestamp=4226 ms, used_size=8404992 bytes (20.5%)
(RDMA_READ_CONSUME_CHECK_CONSUMER) timestamp=4226 ms, used_size=8402944 bytes (20.5%)
(RDMA_READ_CONSUME_CHECK_CONSUMER) timestamp=4226 ms, used_size=8400896 bytes (20.5%)
(RDMA_READ_CONSUME_CHECK_CONSUMER) timestamp=4226 ms, used_size=8398848 bytes (20.5%)
(RDMA_READ_CONSUME_CHECK_CONSUMER) timestamp=4226 ms, used_size=8396800 bytes (20.5%)
(RDMA_READ_CONSUME_CHECK_CONSUMER) timestamp=4226 ms, used_size=8394752 bytes (20.5%)
(RDMA_READ_CONSUME_CHECK_CONSUMER) timestamp=4226 ms, used_size=8392704 bytes (20.5%)
(RDMA_READ_CONSUME_CHECK_CONSUMER) timestamp=4226 ms, used_size=8390656 bytes (20.5%)
(RDMA_READ_CONSUME_CHECK_CONSUMER) timestamp=4226 ms, used_size=8388608 bytes (20.5%)
(RDMA_READ_CONSUME_CHECK_CONSUMER) timestamp=4226 ms, used_size=8386560 bytes (20.5%)
(RDMA_READ_CONSUME_CHECK_CONSUMER) timestamp=4226 ms, used_size=8384512 bytes (20.5%)
(RDMA_READ_CONSUME_CHECK_CONSUMER) timestamp=4226 ms, used_size=8382464 bytes (20.5%)
(RDMA_READ_CONSUME_CHECK_CONSUMER) timestamp=4226 ms, used_size=8380416 bytes (20.5%)
(RDMA_READ_CONSUME_CHECK_CONSUMER) timestamp=4226 ms, used_size=8378368 bytes (20.5%)
(RDMA_READ_CONSUME_CHECK_CONSUMER) timestamp=4226 ms, used_size=8376320 bytes (20.4%)
(RDMA_READ_CONSUME_CHECK_CONSUMER) timestamp=4226 ms, used_size=8374272 bytes (20.4%)
(RDMA_READ_CONSUME_CHECK_CONSUMER) timestamp=4226 ms, used_size=8372224 bytes (20.4%)
(RDMA_READ_CONSUME_CHECK_CONSUMER) timestamp=4226 ms, used_size=8370176 bytes (20.4%)
(RDMA_READ_CONSUME_CHECK_CONSUMER) timestamp=4226 ms, used_size=8368128 bytes (20.4%)
(RDMA_READ_CONSUME_CHECK_CONSUMER) timestamp=4226 ms, used_size=8366080 bytes (20.4%)
(RDMA_READ_CONSUME_CHECK_CONSUMER) timestamp=4226 ms, used_size=8364032 bytes (20.4%)
(RDMA_READ_CONSUME_CHECK_CONSUMER) timestamp=4226 ms, used_size=8361984 bytes (20.4%)
(RDMA_READ_CONSUME_CHECK_CONSUMER) timestamp=4226 ms, used_size=8359936 bytes (20.4%)
(RDMA_READ_CONSUME_CHECK_CONSUMER) timestamp=4226 ms, used_size=8357888 bytes (20.4%)
(RDMA_READ_CONSUME_CHECK_CONSUMER) timestamp=4226 ms, used_size=8355840 bytes (20.4%)
(RDMA_READ_CONSUME_CHECK_CONSUMER) timestamp=4226 ms, used_size=8353792 bytes (20.4%)
(RDMA_READ_CONSUME_CHECK_CONSUMER) timestamp=4226 ms, used_size=8351744 bytes (20.4%)
(RDMA_READ_CONSUME_CHECK_CONSUMER) timestamp=4226 ms, used_size=8349696 bytes (20.4%)
(RDMA_READ_CONSUME_CHECK_CONSUMER) timestamp=4226 ms, used_size=8347648 bytes (20.4%)
(RDMA_READ_CONSUME_CHECK_CONSUMER) timestamp=4226 ms, used_size=8345600 bytes (20.4%)
(RDMA_READ_CONSUME_CHECK_CONSUMER) timestamp=4226 ms, used_size=8343552 bytes (20.4%)
(RDMA_READ_CONSUME_CHECK_CONSUMER) timestamp=4226 ms, used_size=8341504 bytes (20.4%)
(RDMA_READ_CONSUME_CHECK_CONSUMER) timestamp=4226 ms, used_size=8339456 bytes (20.4%)
(RDMA_READ_CONSUME_CHECK_CONSUMER) timestamp=4226 ms, used_size=8337408 bytes (20.4%)
(RDMA_READ_CONSUME_CHECK_CONSUMER) timestamp=4226 ms, used_size=8335360 bytes (20.4%)
(RDMA_READ_CONSUME_CHECK_CONSUMER) timestamp=4226 ms, used_size=8333312 bytes (20.3%)
(RDMA_READ_CONSUME_CHECK_CONSUMER) timestamp=4226 ms, used_size=8331264 bytes (20.3%)
(RDMA_READ_CONSUME_CHECK_CONSUMER) timestamp=4226 ms, used_size=8329216 bytes (20.3%)
(RDMA_READ_CONSUME_CHECK_CONSUMER) timestamp=4226 ms, used_size=8327168 bytes (20.3%)
(RDMA_READ_CONSUME_CHECK_CONSUMER) timestamp=4226 ms, used_size=8325120 bytes (20.3%)
(RDMA_READ_CONSUME_CHECK_CONSUMER) timestamp=4226 ms, used_size=8323072 bytes (20.3%)
(RDMA_READ_CONSUME_CHECK_CONSUMER) timestamp=4226 ms, used_size=8321024 bytes (20.3%)
(RDMA_READ_CONSUME_CHECK_CONSUMER) timestamp=4226 ms, used_size=8318976 bytes (20.3%)
(RDMA_READ_CONSUME_CHECK_CONSUMER) timestamp=4226 ms, used_size=8316928 bytes (20.3%)
(RDMA_READ_CONSUME_CHECK_CONSUMER) timestamp=4226 ms, used_size=8314880 bytes (20.3%)
(RDMA_READ_CONSUME_CHECK_CONSUMER) timestamp=4226 ms, used_size=8312832 bytes (20.3%)
(RDMA_READ_CONSUME_CHECK_CONSUMER) timestamp=4226 ms, used_size=8310784 bytes (20.3%)
(RDMA_READ_CONSUME_CHECK_CONSUMER) timestamp=4226 ms, used_size=8308736 bytes (20.3%)
(RDMA_READ_CONSUME_CHECK_CONSUMER) timestamp=4226 ms, used_size=8306688 bytes (20.3%)
(RDMA_READ_CONSUME_CHECK_CONSUMER) timestamp=4226 ms, used_size=8304640 bytes (20.3%)
(RDMA_READ_CONSUME_CHECK_CONSUMER) timestamp=4226 ms, used_size=8302592 bytes (20.3%)
(RDMA_READ_CONSUME_CHECK_CONSUMER) timestamp=4226 ms, used_size=8300544 bytes (20.3%)
(RDMA_READ_CONSUME_CHECK_CONSUMER) timestamp=4226 ms, used_size=8298496 bytes (20.3%)
(RDMA_READ_CONSUME_CHECK_CONSUMER) timestamp=4226 ms, used_size=8296448 bytes (20.3%)
(RDMA_READ_CONSUME_CHECK_CONSUMER) timestamp=4226 ms, used_size=8294400 bytes (20.2%)
(RDMA_READ_CONSUME_CHECK_CONSUMER) timestamp=4226 ms, used_size=8292352 bytes (20.2%)
(RDMA_READ_CONSUME_CHECK_CONSUMER) timestamp=4226 ms, used_size=8290304 bytes (20.2%)
(RDMA_READ_CONSUME_CHECK_CONSUMER) timestamp=4226 ms, used_size=8288256 bytes (20.2%)
(RDMA_READ_CONSUME_CHECK_CONSUMER) timestamp=4226 ms, used_size=8286208 bytes (20.2%)
(RDMA_READ_CONSUME_CHECK_CONSUMER) timestamp=4226 ms, used_size=8284160 bytes (20.2%)
(RDMA_READ_CONSUME_CHECK_CONSUMER) timestamp=4226 ms, used_size=8282112 bytes (20.2%)
(RDMA_READ_CONSUME_CHECK_CONSUMER) timestamp=4226 ms, used_size=8280064 bytes (20.2%)
(RDMA_READ_CONSUME_CHECK_CONSUMER) timestamp=4226 ms, used_size=8278016 bytes (20.2%)
(RDMA_READ_CONSUME_CHECK_CONSUMER) timestamp=4226 ms, used_size=8275968 bytes (20.2%)
(RDMA_READ_CONSUME_CHECK_CONSUMER) timestamp=4226 ms, used_size=8273920 bytes (20.2%)
(RDMA_READ_CONSUME_CHECK_CONSUMER) timestamp=4226 ms, used_size=8271872 bytes (20.2%)
(RDMA_READ_CONSUME_CHECK_CONSUMER) timestamp=4226 ms, used_size=8269824 bytes (20.2%)
(RDMA_READ_CONSUME_CHECK_CONSUMER) timestamp=4226 ms, used_size=8267776 bytes (20.2%)
(RDMA_READ_CONSUME_CHECK_CONSUMER) timestamp=4226 ms, used_size=8265728 bytes (20.2%)
(RDMA_READ_CONSUME_CHECK_CONSUMER) timestamp=4226 ms, used_size=8263680 bytes (20.2%)
(RDMA_READ_CONSUME_CHECK_CONSUMER) timestamp=4226 ms, used_size=8261632 bytes (20.2%)
(RDMA_READ_CONSUME_CHECK_CONSUMER) timestamp=4226 ms, used_size=8259584 bytes (20.2%)
(RDMA_READ_CONSUME_CHECK_CONSUMER) timestamp=4226 ms, used_size=8257536 bytes (20.2%)
(RDMA_READ_CONSUME_CHECK_CONSUMER) timestamp=4226 ms, used_size=8255488 bytes (20.2%)
(RDMA_READ_CONSUME_CHECK_CONSUMER) timestamp=4226 ms, used_size=8253440 bytes (20.1%)
(RDMA_READ_CONSUME_CHECK_CONSUMER) timestamp=4226 ms, used_size=8251392 bytes (20.1%)
(RDMA_READ_CONSUME_CHECK_CONSUMER) timestamp=4226 ms, used_size=8249344 bytes (20.1%)
(RDMA_READ_CONSUME_CHECK_CONSUMER) timestamp=4226 ms, used_size=8247296 bytes (20.1%)
(RDMA_READ_CONSUME_CHECK_CONSUMER) timestamp=4226 ms, used_size=8245248 bytes (20.1%)
(RDMA_READ_CONSUME_CHECK_CONSUMER) timestamp=4226 ms, used_size=8243200 bytes (20.1%)
(RDMA_READ_CONSUME_CHECK_CONSUMER) timestamp=4226 ms, used_size=8241152 bytes (20.1%)
(RDMA_READ_CONSUME_CHECK_CONSUMER) timestamp=4226 ms, used_size=8239104 bytes (20.1%)
(RDMA_READ_CONSUME_CHECK_CONSUMER) timestamp=4226 ms, used_size=8237056 bytes (20.1%)
(RDMA_READ_CONSUME_CHECK_CONSUMER) timestamp=4226 ms, used_size=8235008 bytes (20.1%)
(RDMA_READ_CONSUME_CHECK_CONSUMER) timestamp=4226 ms, used_size=8232960 bytes (20.1%)
(RDMA_READ_CONSUME_CHECK_CONSUMER) timestamp=4226 ms, used_size=8230912 bytes (20.1%)
(RDMA_READ_CONSUME_CHECK_CONSUMER) timestamp=4226 ms, used_size=8228864 bytes (20.1%)
(RDMA_READ_CONSUME_CHECK_CONSUMER) timestamp=4226 ms, used_size=8226816 bytes (20.1%)
(RDMA_READ_CONSUME_CHECK_CONSUMER) timestamp=4226 ms, used_size=8224768 bytes (20.1%)
(RDMA_READ_CONSUME_CHECK_CONSUMER) timestamp=4226 ms, used_size=8222720 bytes (20.1%)
(RDMA_READ_CONSUME_CHECK_CONSUMER) timestamp=4226 ms, used_size=8220672 bytes (20.1%)
(RDMA_READ_CONSUME_CHECK_CONSUMER) timestamp=4226 ms, used_size=8218624 bytes (20.1%)
(RDMA_READ_CONSUME_CHECK_CONSUMER) timestamp=4226 ms, used_size=8216576 bytes (20.1%)
(RDMA_READ_CONSUME_CHECK_CONSUMER) timestamp=4226 ms, used_size=8214528 bytes (20.1%)
(RDMA_READ_CONSUME_CHECK_CONSUMER) timestamp=4226 ms, used_size=8212480 bytes (20.1%)
(RDMA_READ_CONSUME_CHECK_CONSUMER) timestamp=4226 ms, used_size=8210432 bytes (20.0%)
(RDMA_READ_CONSUME_CHECK_CONSUMER) timestamp=4226 ms, used_size=8208384 bytes (20.0%)
(RDMA_READ_CONSUME_CHECK_CONSUMER) timestamp=4226 ms, used_size=8206336 bytes (20.0%)
(RDMA_READ_CONSUME_CHECK_CONSUMER) timestamp=4226 ms, used_size=8204288 bytes (20.0%)
(RDMA_READ_CONSUME_CHECK_CONSUMER) timestamp=4226 ms, used_size=8202240 bytes (20.0%)
(RDMA_READ_CONSUME_CHECK_CONSUMER) timestamp=4227 ms, used_size=8200192 bytes (20.0%)
(RDMA_READ_CONSUME_CHECK_CONSUMER) timestamp=4227 ms, used_size=8198144 bytes (20.0%)
(RDMA_READ_CONSUME_CHECK_CONSUMER) timestamp=4227 ms, used_size=8196096 bytes (20.0%)
(RDMA_READ_CONSUME_CHECK_CONSUMER) timestamp=4227 ms, used_size=8194048 bytes (20.0%)
(RDMA_READ_CONSUME_CHECK_CONSUMER) timestamp=4227 ms, used_size=8192000 bytes (20.0%)
(RDMA_READ_CONSUME_CHECK_CONSUMER) timestamp=4227 ms, used_size=8189952 bytes (20.0%)
(RDMA_READ_CONSUME_CHECK_CONSUMER) timestamp=4227 ms, used_size=8187904 bytes (20.0%)
(RDMA_READ_CONSUME_CHECK_CONSUMER) timestamp=4227 ms, used_size=8185856 bytes (20.0%)
(RDMA_READ_CONSUME_CHECK_CONSUMER) timestamp=4227 ms, used_size=8183808 bytes (20.0%)
(RDMA_READ_CONSUME_CHECK_CONSUMER) timestamp=4227 ms, used_size=8181760 bytes (20.0%)
(RDMA_READ_CONSUME_CHECK_CONSUMER) timestamp=4227 ms, used_size=8179712 bytes (20.0%)
(RDMA_READ_CONSUME_CHECK_CONSUMER) timestamp=4227 ms, used_size=8177664 bytes (20.0%)
(RDMA_READ_CONSUME_CHECK_CONSUMER) timestamp=4227 ms, used_size=8175616 bytes (20.0%)
(RDMA_READ_CONSUME_CHECK_CONSUMER) timestamp=4227 ms, used_size=8173568 bytes (20.0%)
(RDMA_READ_CONSUME_CHECK_CONSUMER) timestamp=4227 ms, used_size=8171520 bytes (19.9%)
(RDMA_READ_CONSUME_CHECK_CONSUMER) timestamp=4227 ms, used_size=8169472 bytes (19.9%)
(RDMA_READ_CONSUME_CHECK_CONSUMER) timestamp=4227 ms, used_size=8167424 bytes (19.9%)
(RDMA_READ_CONSUME_CHECK_CONSUMER) timestamp=4227 ms, used_size=8165376 bytes (19.9%)
(RDMA_READ_CONSUME_CHECK_CONSUMER) timestamp=4227 ms, used_size=8163328 bytes (19.9%)
(RDMA_READ_CONSUME_CHECK_CONSUMER) timestamp=4227 ms, used_size=8161280 bytes (19.9%)
(RDMA_READ_CONSUME_CHECK_CONSUMER) timestamp=4227 ms, used_size=8159232 bytes (19.9%)
(RDMA_READ_CONSUME_CHECK_CONSUMER) timestamp=4227 ms, used_size=8157184 bytes (19.9%)
(RDMA_READ_CONSUME_CHECK_CONSUMER) timestamp=4227 ms, used_size=8155136 bytes (19.9%)
(RDMA_READ_CONSUME_CHECK_CONSUMER) timestamp=4227 ms, used_size=8153088 bytes (19.9%)
(RDMA_READ_CONSUME_CHECK_CONSUMER) timestamp=4227 ms, used_size=8151040 bytes (19.9%)
(RDMA_READ_CONSUME_CHECK_CONSUMER) timestamp=4227 ms, used_size=8148992 bytes (19.9%)
(RDMA_READ_CONSUME_CHECK_CONSUMER) timestamp=4227 ms, used_size=8146944 bytes (19.9%)
(RDMA_READ_CONSUME_CHECK_CONSUMER) timestamp=4227 ms, used_size=8144896 bytes (19.9%)
(RDMA_READ_CONSUME_CHECK_CONSUMER) timestamp=4227 ms, used_size=8142848 bytes (19.9%)
(RDMA_READ_CONSUME_CHECK_CONSUMER) timestamp=4227 ms, used_size=8140800 bytes (19.9%)
(RDMA_READ_CONSUME_CHECK_CONSUMER) timestamp=4227 ms, used_size=8138752 bytes (19.9%)
(RDMA_READ_CONSUME_CHECK_CONSUMER) timestamp=4227 ms, used_size=8136704 bytes (19.9%)
(RDMA_READ_CONSUME_CHECK_CONSUMER) timestamp=4227 ms, used_size=8134656 bytes (19.9%)
(RDMA_READ_CONSUME_CHECK_CONSUMER) timestamp=4227 ms, used_size=8132608 bytes (19.9%)
(RDMA_READ_CONSUME_CHECK_CONSUMER) timestamp=4227 ms, used_size=8130560 bytes (19.9%)
(RDMA_READ_CONSUME_CHECK_CONSUMER) timestamp=4227 ms, used_size=8128512 bytes (19.8%)
(RDMA_READ_CONSUME_CHECK_CONSUMER) timestamp=4227 ms, used_size=8126464 bytes (19.8%)
(RDMA_READ_CONSUME_CHECK_CONSUMER) timestamp=4227 ms, used_size=8124416 bytes (19.8%)
(RDMA_READ_CONSUME_CHECK_CONSUMER) timestamp=4227 ms, used_size=8122368 bytes (19.8%)
(RDMA_READ_CONSUME_CHECK_CONSUMER) timestamp=4227 ms, used_size=8120320 bytes (19.8%)
(RDMA_READ_CONSUME_CHECK_CONSUMER) timestamp=4227 ms, used_size=8118272 bytes (19.8%)
(RDMA_READ_CONSUME_CHECK_CONSUMER) timestamp=4227 ms, used_size=8116224 bytes (19.8%)
(RDMA_READ_CONSUME_CHECK_CONSUMER) timestamp=4227 ms, used_size=8114176 bytes (19.8%)
(RDMA_READ_CONSUME_CHECK_CONSUMER) timestamp=4227 ms, used_size=8112128 bytes (19.8%)
(RDMA_READ_CONSUME_CHECK_CONSUMER) timestamp=4227 ms, used_size=8110080 bytes (19.8%)
(RDMA_READ_CONSUME_CHECK_CONSUMER) timestamp=4227 ms, used_size=8108032 bytes (19.8%)
(RDMA_READ_CONSUME_CHECK_CONSUMER) timestamp=4227 ms, used_size=8105984 bytes (19.8%)
(RDMA_READ_CONSUME_CHECK_CONSUMER) timestamp=4227 ms, used_size=8103936 bytes (19.8%)
(RDMA_READ_CONSUME_CHECK_CONSUMER) timestamp=4227 ms, used_size=8101888 bytes (19.8%)
(RDMA_READ_CONSUME_CHECK_CONSUMER) timestamp=4227 ms, used_size=8099840 bytes (19.8%)
(RDMA_READ_CONSUME_CHECK_CONSUMER) timestamp=4227 ms, used_size=8097792 bytes (19.8%)
(RDMA_READ_CONSUME_CHECK_CONSUMER) timestamp=4227 ms, used_size=8095744 bytes (19.8%)
(RDMA_READ_CONSUME_CHECK_CONSUMER) timestamp=4227 ms, used_size=8093696 bytes (19.8%)
(RDMA_READ_CONSUME_CHECK_CONSUMER) timestamp=4227 ms, used_size=8091648 bytes (19.8%)
(RDMA_READ_CONSUME_CHECK_CONSUMER) timestamp=4227 ms, used_size=8089600 bytes (19.8%)
(RDMA_READ_CONSUME_CHECK_CONSUMER) timestamp=4227 ms, used_size=8087552 bytes (19.7%)
(RDMA_READ_CONSUME_CHECK_CONSUMER) timestamp=4227 ms, used_size=8085504 bytes (19.7%)
(RDMA_READ_CONSUME_CHECK_CONSUMER) timestamp=4227 ms, used_size=8083456 bytes (19.7%)
(RDMA_READ_CONSUME_CHECK_CONSUMER) timestamp=4227 ms, used_size=8081408 bytes (19.7%)
(RDMA_READ_CONSUME_CHECK_CONSUMER) timestamp=4227 ms, used_size=8079360 bytes (19.7%)
(RDMA_READ_CONSUME_CHECK_CONSUMER) timestamp=4227 ms, used_size=8077312 bytes (19.7%)
(RDMA_READ_CONSUME_CHECK_CONSUMER) timestamp=4227 ms, used_size=8075264 bytes (19.7%)
(RDMA_READ_CONSUME_CHECK_CONSUMER) timestamp=4227 ms, used_size=8073216 bytes (19.7%)
(RDMA_READ_CONSUME_CHECK_CONSUMER) timestamp=4227 ms, used_size=8071168 bytes (19.7%)
(RDMA_READ_CONSUME_CHECK_CONSUMER) timestamp=4227 ms, used_size=8069120 bytes (19.7%)
(RDMA_READ_CONSUME_CHECK_CONSUMER) timestamp=4227 ms, used_size=8067072 bytes (19.7%)
(RDMA_READ_CONSUME_CHECK_CONSUMER) timestamp=4227 ms, used_size=8065024 bytes (19.7%)
(RDMA_READ_CONSUME_CHECK_CONSUMER) timestamp=4227 ms, used_size=8062976 bytes (19.7%)
(RDMA_READ_CONSUME_CHECK_CONSUMER) timestamp=4227 ms, used_size=8060928 bytes (19.7%)
(RDMA_READ_CONSUME_CHECK_CONSUMER) timestamp=4227 ms, used_size=8058880 bytes (19.7%)
(RDMA_READ_CONSUME_CHECK_CONSUMER) timestamp=4227 ms, used_size=8056832 bytes (19.7%)
(RDMA_READ_CONSUME_CHECK_CONSUMER) timestamp=4227 ms, used_size=8054784 bytes (19.7%)
(RDMA_READ_CONSUME_CHECK_CONSUMER) timestamp=4227 ms, used_size=8052736 bytes (19.7%)
(RDMA_READ_CONSUME_CHECK_CONSUMER) timestamp=4227 ms, used_size=8050688 bytes (19.7%)
(RDMA_READ_CONSUME_CHECK_CONSUMER) timestamp=4227 ms, used_size=8048640 bytes (19.6%)
(RDMA_READ_CONSUME_CHECK_CONSUMER) timestamp=4227 ms, used_size=8046592 bytes (19.6%)
(RDMA_READ_CONSUME_CHECK_CONSUMER) timestamp=4227 ms, used_size=8044544 bytes (19.6%)
(RDMA_READ_CONSUME_CHECK_CONSUMER) timestamp=4227 ms, used_size=8042496 bytes (19.6%)
(RDMA_READ_CONSUME_CHECK_CONSUMER) timestamp=4227 ms, used_size=8040448 bytes (19.6%)
(RDMA_READ_CONSUME_CHECK_CONSUMER) timestamp=4227 ms, used_size=8038400 bytes (19.6%)
(RDMA_READ_CONSUME_CHECK_CONSUMER) timestamp=4227 ms, used_size=8036352 bytes (19.6%)
(RDMA_READ_CONSUME_CHECK_CONSUMER) timestamp=4227 ms, used_size=8034304 bytes (19.6%)
(RDMA_READ_CONSUME_CHECK_CONSUMER) timestamp=4227 ms, used_size=8032256 bytes (19.6%)
(RDMA_READ_CONSUME_CHECK_CONSUMER) timestamp=4227 ms, used_size=8030208 bytes (19.6%)
(RDMA_READ_CONSUME_CHECK_CONSUMER) timestamp=4227 ms, used_size=8028160 bytes (19.6%)
(RDMA_READ_CONSUME_CHECK_CONSUMER) timestamp=4227 ms, used_size=8026112 bytes (19.6%)
(RDMA_READ_CONSUME_CHECK_CONSUMER) timestamp=4227 ms, used_size=8024064 bytes (19.6%)
(RDMA_READ_CONSUME_CHECK_CONSUMER) timestamp=4227 ms, used_size=8022016 bytes (19.6%)
(RDMA_READ_CONSUME_CHECK_CONSUMER) timestamp=4227 ms, used_size=8019968 bytes (19.6%)
(RDMA_READ_CONSUME_CHECK_CONSUMER) timestamp=4227 ms, used_size=8017920 bytes (19.6%)
(RDMA_READ_CONSUME_CHECK_CONSUMER) timestamp=4227 ms, used_size=8015872 bytes (19.6%)
(RDMA_READ_CONSUME_CHECK_CONSUMER) timestamp=4227 ms, used_size=8013824 bytes (19.6%)
(RDMA_READ_CONSUME_CHECK_CONSUMER) timestamp=4227 ms, used_size=8011776 bytes (19.6%)
(RDMA_READ_CONSUME_CHECK_CONSUMER) timestamp=4227 ms, used_size=8009728 bytes (19.6%)
(RDMA_READ_CONSUME_CHECK_CONSUMER) timestamp=4227 ms, used_size=8007680 bytes (19.6%)
(RDMA_READ_CONSUME_CHECK_CONSUMER) timestamp=4227 ms, used_size=8005632 bytes (19.5%)
(RDMA_READ_CONSUME_CHECK_CONSUMER) timestamp=4227 ms, used_size=8003584 bytes (19.5%)
(RDMA_READ_CONSUME_CHECK_CONSUMER) timestamp=4227 ms, used_size=8001536 bytes (19.5%)
(RDMA_READ_CONSUME_CHECK_CONSUMER) timestamp=4227 ms, used_size=7999488 bytes (19.5%)
(RDMA_READ_CONSUME_CHECK_CONSUMER) timestamp=4227 ms, used_size=7997440 bytes (19.5%)
(RDMA_READ_CONSUME_CHECK_CONSUMER) timestamp=4227 ms, used_size=7995392 bytes (19.5%)
(RDMA_READ_CONSUME_CHECK_CONSUMER) timestamp=4227 ms, used_size=7993344 bytes (19.5%)
(RDMA_READ_CONSUME_CHECK_CONSUMER) timestamp=4227 ms, used_size=7991296 bytes (19.5%)
(RDMA_READ_CONSUME_CHECK_CONSUMER) timestamp=4227 ms, used_size=7989248 bytes (19.5%)
(RDMA_READ_CONSUME_CHECK_CONSUMER) timestamp=4227 ms, used_size=7987200 bytes (19.5%)
(RDMA_READ_CONSUME_CHECK_CONSUMER) timestamp=4227 ms, used_size=7985152 bytes (19.5%)
(RDMA_READ_CONSUME_CHECK_CONSUMER) timestamp=4227 ms, used_size=7983104 bytes (19.5%)
(RDMA_READ_CONSUME_CHECK_CONSUMER) timestamp=4227 ms, used_size=7981056 bytes (19.5%)
(RDMA_READ_CONSUME_CHECK_CONSUMER) timestamp=4227 ms, used_size=7979008 bytes (19.5%)
(RDMA_READ_CONSUME_CHECK_CONSUMER) timestamp=4227 ms, used_size=7976960 bytes (19.5%)
(RDMA_READ_CONSUME_CHECK_CONSUMER) timestamp=4227 ms, used_size=7974912 bytes (19.5%)
(RDMA_READ_CONSUME_CHECK_CONSUMER) timestamp=4227 ms, used_size=7972864 bytes (19.5%)
(RDMA_READ_CONSUME_CHECK_CONSUMER) timestamp=4227 ms, used_size=7970816 bytes (19.5%)
(RDMA_READ_CONSUME_CHECK_CONSUMER) timestamp=4227 ms, used_size=7968768 bytes (19.5%)
(RDMA_READ_CONSUME_CHECK_CONSUMER) timestamp=4227 ms, used_size=7966720 bytes (19.4%)
(RDMA_READ_CONSUME_CHECK_CONSUMER) timestamp=4227 ms, used_size=7964672 bytes (19.4%)
(RDMA_READ_CONSUME_CHECK_CONSUMER) timestamp=4227 ms, used_size=7962624 bytes (19.4%)
(RDMA_READ_CONSUME_CHECK_CONSUMER) timestamp=4227 ms, used_size=7960576 bytes (19.4%)
(RDMA_READ_CONSUME_CHECK_CONSUMER) timestamp=4227 ms, used_size=7958528 bytes (19.4%)
(RDMA_READ_CONSUME_CHECK_CONSUMER) timestamp=4227 ms, used_size=7956480 bytes (19.4%)
(RDMA_READ_CONSUME_CHECK_CONSUMER) timestamp=4227 ms, used_size=7954432 bytes (19.4%)
(RDMA_READ_CONSUME_CHECK_CONSUMER) timestamp=4227 ms, used_size=7952384 bytes (19.4%)
(RDMA_READ_CONSUME_CHECK_CONSUMER) timestamp=4227 ms, used_size=7950336 bytes (19.4%)
(RDMA_READ_CONSUME_CHECK_CONSUMER) timestamp=4227 ms, used_size=7948288 bytes (19.4%)
(RDMA_READ_CONSUME_CHECK_CONSUMER) timestamp=4227 ms, used_size=7946240 bytes (19.4%)
(RDMA_READ_CONSUME_CHECK_CONSUMER) timestamp=4227 ms, used_size=7944192 bytes (19.4%)
(RDMA_READ_CONSUME_CHECK_CONSUMER) timestamp=4227 ms, used_size=7942144 bytes (19.4%)
(RDMA_READ_CONSUME_CHECK_CONSUMER) timestamp=4227 ms, used_size=7940096 bytes (19.4%)
(RDMA_READ_CONSUME_CHECK_CONSUMER) timestamp=4227 ms, used_size=7938048 bytes (19.4%)
(RDMA_READ_CONSUME_CHECK_CONSUMER) timestamp=4227 ms, used_size=7936000 bytes (19.4%)
(RDMA_READ_CONSUME_CHECK_CONSUMER) timestamp=4227 ms, used_size=7933952 bytes (19.4%)
(RDMA_READ_CONSUME_CHECK_CONSUMER) timestamp=4227 ms, used_size=7931904 bytes (19.4%)
(RDMA_READ_CONSUME_CHECK_CONSUMER) timestamp=4227 ms, used_size=7929856 bytes (19.4%)
(RDMA_READ_CONSUME_CHECK_CONSUMER) timestamp=4227 ms, used_size=7927808 bytes (19.4%)
(RDMA_READ_CONSUME_CHECK_CONSUMER) timestamp=4227 ms, used_size=7925760 bytes (19.4%)
(RDMA_READ_CONSUME_CHECK_CONSUMER) timestamp=4227 ms, used_size=7923712 bytes (19.3%)
(RDMA_READ_CONSUME_CHECK_CONSUMER) timestamp=4227 ms, used_size=7921664 bytes (19.3%)
(RDMA_READ_CONSUME_CHECK_CONSUMER) timestamp=4227 ms, used_size=7919616 bytes (19.3%)
(RDMA_READ_CONSUME_CHECK_CONSUMER) timestamp=4227 ms, used_size=7917568 bytes (19.3%)
(RDMA_READ_CONSUME_CHECK_CONSUMER) timestamp=4227 ms, used_size=7915520 bytes (19.3%)
(RDMA_READ_CONSUME_CHECK_CONSUMER) timestamp=4227 ms, used_size=7913472 bytes (19.3%)
(RDMA_READ_CONSUME_CHECK_CONSUMER) timestamp=4227 ms, used_size=7911424 bytes (19.3%)
(RDMA_READ_CONSUME_CHECK_CONSUMER) timestamp=4227 ms, used_size=7909376 bytes (19.3%)
(RDMA_READ_CONSUME_CHECK_CONSUMER) timestamp=4227 ms, used_size=7907328 bytes (19.3%)
(RDMA_READ_CONSUME_CHECK_CONSUMER) timestamp=4227 ms, used_size=7905280 bytes (19.3%)
(RDMA_READ_CONSUME_CHECK_CONSUMER) timestamp=4227 ms, used_size=7903232 bytes (19.3%)
(RDMA_READ_CONSUME_CHECK_CONSUMER) timestamp=4227 ms, used_size=7901184 bytes (19.3%)
(RDMA_READ_CONSUME_CHECK_CONSUMER) timestamp=4227 ms, used_size=7899136 bytes (19.3%)
(RDMA_READ_CONSUME_CHECK_CONSUMER) timestamp=4227 ms, used_size=7897088 bytes (19.3%)
(RDMA_READ_CONSUME_CHECK_CONSUMER) timestamp=4227 ms, used_size=7895040 bytes (19.3%)
(RDMA_READ_CONSUME_CHECK_CONSUMER) timestamp=4227 ms, used_size=7892992 bytes (19.3%)
(RDMA_READ_CONSUME_CHECK_CONSUMER) timestamp=4227 ms, used_size=7890944 bytes (19.3%)
(RDMA_READ_CONSUME_CHECK_CONSUMER) timestamp=4227 ms, used_size=7888896 bytes (19.3%)
(RDMA_READ_CONSUME_CHECK_CONSUMER) timestamp=4227 ms, used_size=7886848 bytes (19.3%)
(RDMA_READ_CONSUME_CHECK_CONSUMER) timestamp=4227 ms, used_size=7884800 bytes (19.2%)
(RDMA_READ_CONSUME_CHECK_CONSUMER) timestamp=4227 ms, used_size=7882752 bytes (19.2%)
(RDMA_READ_CONSUME_CHECK_CONSUMER) timestamp=4227 ms, used_size=7880704 bytes (19.2%)
(RDMA_READ_CONSUME_CHECK_CONSUMER) timestamp=4227 ms, used_size=7878656 bytes (19.2%)
(RDMA_READ_CONSUME_CHECK_CONSUMER) timestamp=4227 ms, used_size=7876608 bytes (19.2%)
(RDMA_READ_CONSUME_CHECK_CONSUMER) timestamp=4227 ms, used_size=7874560 bytes (19.2%)
(RDMA_READ_CONSUME_CHECK_CONSUMER) timestamp=4227 ms, used_size=7872512 bytes (19.2%)
(RDMA_READ_CONSUME_CHECK_CONSUMER) timestamp=4227 ms, used_size=7870464 bytes (19.2%)
(RDMA_READ_CONSUME_CHECK_CONSUMER) timestamp=4227 ms, used_size=7868416 bytes (19.2%)
(RDMA_READ_CONSUME_CHECK_CONSUMER) timestamp=4227 ms, used_size=7866368 bytes (19.2%)
(RDMA_READ_CONSUME_CHECK_CONSUMER) timestamp=4227 ms, used_size=7864320 bytes (19.2%)
(RDMA_READ_CONSUME_CHECK_CONSUMER) timestamp=4227 ms, used_size=7862272 bytes (19.2%)
(RDMA_READ_CONSUME_CHECK_CONSUMER) timestamp=4227 ms, used_size=7860224 bytes (19.2%)
(RDMA_READ_CONSUME_CHECK_CONSUMER) timestamp=4227 ms, used_size=7858176 bytes (19.2%)
(RDMA_READ_CONSUME_CHECK_CONSUMER) timestamp=4227 ms, used_size=7856128 bytes (19.2%)
(RDMA_READ_CONSUME_CHECK_CONSUMER) timestamp=4227 ms, used_size=7854080 bytes (19.2%)
(RDMA_READ_CONSUME_CHECK_CONSUMER) timestamp=4227 ms, used_size=7852032 bytes (19.2%)
(RDMA_READ_CONSUME_CHECK_CONSUMER) timestamp=4227 ms, used_size=7849984 bytes (19.2%)
(RDMA_READ_CONSUME_CHECK_CONSUMER) timestamp=4227 ms, used_size=7847936 bytes (19.2%)
(RDMA_READ_CONSUME_CHECK_CONSUMER) timestamp=4227 ms, used_size=7845888 bytes (19.2%)
(RDMA_READ_CONSUME_CHECK_CONSUMER) timestamp=4227 ms, used_size=7843840 bytes (19.1%)
(RDMA_READ_CONSUME_CHECK_CONSUMER) timestamp=4227 ms, used_size=7841792 bytes (19.1%)
(RDMA_READ_CONSUME_CHECK_CONSUMER) timestamp=4227 ms, used_size=7839744 bytes (19.1%)
(RDMA_READ_CONSUME_CHECK_CONSUMER) timestamp=4227 ms, used_size=7837696 bytes (19.1%)
(RDMA_READ_CONSUME_CHECK_CONSUMER) timestamp=4227 ms, used_size=7835648 bytes (19.1%)
(RDMA_READ_CONSUME_CHECK_CONSUMER) timestamp=4227 ms, used_size=7833600 bytes (19.1%)
(RDMA_READ_CONSUME_CHECK_CONSUMER) timestamp=4227 ms, used_size=7831552 bytes (19.1%)
(RDMA_READ_CONSUME_CHECK_CONSUMER) timestamp=4228 ms, used_size=7829504 bytes (19.1%)
(RDMA_READ_CONSUME_CHECK_CONSUMER) timestamp=4228 ms, used_size=7827456 bytes (19.1%)
(RDMA_READ_CONSUME_CHECK_CONSUMER) timestamp=4228 ms, used_size=7825408 bytes (19.1%)
(RDMA_READ_CONSUME_CHECK_CONSUMER) timestamp=4228 ms, used_size=7823360 bytes (19.1%)
(RDMA_READ_CONSUME_CHECK_CONSUMER) timestamp=4228 ms, used_size=7821312 bytes (19.1%)
(RDMA_READ_CONSUME_CHECK_CONSUMER) timestamp=4228 ms, used_size=7819264 bytes (19.1%)
(RDMA_READ_CONSUME_CHECK_CONSUMER) timestamp=4228 ms, used_size=7817216 bytes (19.1%)
(RDMA_READ_CONSUME_CHECK_CONSUMER) timestamp=4228 ms, used_size=7815168 bytes (19.1%)
(RDMA_READ_CONSUME_CHECK_CONSUMER) timestamp=4228 ms, used_size=7813120 bytes (19.1%)
(RDMA_READ_CONSUME_CHECK_CONSUMER) timestamp=4228 ms, used_size=7811072 bytes (19.1%)
(RDMA_READ_CONSUME_CHECK_CONSUMER) timestamp=4228 ms, used_size=7809024 bytes (19.1%)
(RDMA_READ_CONSUME_CHECK_CONSUMER) timestamp=4228 ms, used_size=7806976 bytes (19.1%)
(RDMA_READ_CONSUME_CHECK_CONSUMER) timestamp=4228 ms, used_size=7804928 bytes (19.1%)
(RDMA_READ_CONSUME_CHECK_CONSUMER) timestamp=4228 ms, used_size=7802880 bytes (19.1%)
(RDMA_READ_CONSUME_CHECK_CONSUMER) timestamp=4228 ms, used_size=7800832 bytes (19.0%)
(RDMA_READ_CONSUME_CHECK_CONSUMER) timestamp=4228 ms, used_size=7798784 bytes (19.0%)
(RDMA_READ_CONSUME_CHECK_CONSUMER) timestamp=4228 ms, used_size=7796736 bytes (19.0%)
(RDMA_READ_CONSUME_CHECK_CONSUMER) timestamp=4228 ms, used_size=7794688 bytes (19.0%)
(RDMA_READ_CONSUME_CHECK_CONSUMER) timestamp=4228 ms, used_size=7792640 bytes (19.0%)
(RDMA_READ_CONSUME_CHECK_CONSUMER) timestamp=4228 ms, used_size=7790592 bytes (19.0%)
(RDMA_READ_CONSUME_CHECK_CONSUMER) timestamp=4228 ms, used_size=7788544 bytes (19.0%)
(RDMA_READ_CONSUME_CHECK_CONSUMER) timestamp=4228 ms, used_size=7786496 bytes (19.0%)
(RDMA_READ_CONSUME_CHECK_CONSUMER) timestamp=4228 ms, used_size=7784448 bytes (19.0%)
(RDMA_READ_CONSUME_CHECK_CONSUMER) timestamp=4228 ms, used_size=7782400 bytes (19.0%)
(RDMA_READ_CONSUME_CHECK_CONSUMER) timestamp=4228 ms, used_size=7780352 bytes (19.0%)
(RDMA_READ_CONSUME_CHECK_CONSUMER) timestamp=4228 ms, used_size=7778304 bytes (19.0%)
(RDMA_READ_CONSUME_CHECK_CONSUMER) timestamp=4228 ms, used_size=7776256 bytes (19.0%)
(RDMA_READ_CONSUME_CHECK_CONSUMER) timestamp=4228 ms, used_size=7774208 bytes (19.0%)
(RDMA_READ_CONSUME_CHECK_CONSUMER) timestamp=4228 ms, used_size=7772160 bytes (19.0%)
(RDMA_READ_CONSUME_CHECK_CONSUMER) timestamp=4228 ms, used_size=7770112 bytes (19.0%)
(RDMA_READ_CONSUME_CHECK_CONSUMER) timestamp=4228 ms, used_size=7768064 bytes (19.0%)
(RDMA_READ_CONSUME_CHECK_CONSUMER) timestamp=4228 ms, used_size=7766016 bytes (19.0%)
(RDMA_READ_CONSUME_CHECK_CONSUMER) timestamp=4228 ms, used_size=7763968 bytes (19.0%)
(RDMA_READ_CONSUME_CHECK_CONSUMER) timestamp=4228 ms, used_size=7761920 bytes (18.9%)
(RDMA_READ_CONSUME_CHECK_CONSUMER) timestamp=4228 ms, used_size=7759872 bytes (18.9%)
(RDMA_READ_CONSUME_CHECK_CONSUMER) timestamp=4228 ms, used_size=7757824 bytes (18.9%)
(RDMA_READ_CONSUME_CHECK_CONSUMER) timestamp=4228 ms, used_size=7755776 bytes (18.9%)
(RDMA_READ_CONSUME_CHECK_CONSUMER) timestamp=4228 ms, used_size=7753728 bytes (18.9%)
(RDMA_READ_CONSUME_CHECK_CONSUMER) timestamp=4228 ms, used_size=7751680 bytes (18.9%)
(RDMA_READ_CONSUME_CHECK_CONSUMER) timestamp=4228 ms, used_size=7749632 bytes (18.9%)
(RDMA_READ_CONSUME_CHECK_CONSUMER) timestamp=4228 ms, used_size=7747584 bytes (18.9%)
(RDMA_READ_CONSUME_CHECK_CONSUMER) timestamp=4228 ms, used_size=7745536 bytes (18.9%)
(RDMA_READ_CONSUME_CHECK_CONSUMER) timestamp=4228 ms, used_size=7743488 bytes (18.9%)
(RDMA_READ_CONSUME_CHECK_CONSUMER) timestamp=4228 ms, used_size=7741440 bytes (18.9%)
(RDMA_READ_CONSUME_CHECK_CONSUMER) timestamp=4228 ms, used_size=7739392 bytes (18.9%)
(RDMA_READ_CONSUME_CHECK_CONSUMER) timestamp=4228 ms, used_size=7737344 bytes (18.9%)
(RDMA_READ_CONSUME_CHECK_CONSUMER) timestamp=4228 ms, used_size=7735296 bytes (18.9%)
(RDMA_READ_CONSUME_CHECK_CONSUMER) timestamp=4228 ms, used_size=7733248 bytes (18.9%)
(RDMA_READ_CONSUME_CHECK_CONSUMER) timestamp=4228 ms, used_size=7731200 bytes (18.9%)
(RDMA_READ_CONSUME_CHECK_CONSUMER) timestamp=4228 ms, used_size=7729152 bytes (18.9%)
(RDMA_READ_CONSUME_CHECK_CONSUMER) timestamp=4228 ms, used_size=7727104 bytes (18.9%)
(RDMA_READ_CONSUME_CHECK_CONSUMER) timestamp=4228 ms, used_size=7725056 bytes (18.9%)
(RDMA_READ_CONSUME_CHECK_CONSUMER) timestamp=4228 ms, used_size=7723008 bytes (18.9%)
(RDMA_READ_CONSUME_CHECK_CONSUMER) timestamp=4228 ms, used_size=7720960 bytes (18.9%)
(RDMA_READ_CONSUME_CHECK_CONSUMER) timestamp=4228 ms, used_size=7718912 bytes (18.8%)
(RDMA_READ_CONSUME_CHECK_CONSUMER) timestamp=4228 ms, used_size=7716864 bytes (18.8%)
(RDMA_READ_CONSUME_CHECK_CONSUMER) timestamp=4228 ms, used_size=7714816 bytes (18.8%)
(RDMA_READ_CONSUME_CHECK_CONSUMER) timestamp=4228 ms, used_size=7712768 bytes (18.8%)
(RDMA_READ_CONSUME_CHECK_CONSUMER) timestamp=4228 ms, used_size=7710720 bytes (18.8%)
(RDMA_READ_CONSUME_CHECK_CONSUMER) timestamp=4228 ms, used_size=7708672 bytes (18.8%)
(RDMA_READ_CONSUME_CHECK_CONSUMER) timestamp=4228 ms, used_size=7706624 bytes (18.8%)
(RDMA_READ_CONSUME_CHECK_CONSUMER) timestamp=4228 ms, used_size=7704576 bytes (18.8%)
(RDMA_READ_CONSUME_CHECK_CONSUMER) timestamp=4228 ms, used_size=7702528 bytes (18.8%)
(RDMA_READ_CONSUME_CHECK_CONSUMER) timestamp=4228 ms, used_size=7700480 bytes (18.8%)
(RDMA_READ_CONSUME_CHECK_CONSUMER) timestamp=4228 ms, used_size=7698432 bytes (18.8%)
(RDMA_READ_CONSUME_CHECK_CONSUMER) timestamp=4228 ms, used_size=7696384 bytes (18.8%)
(RDMA_READ_CONSUME_CHECK_CONSUMER) timestamp=4228 ms, used_size=7694336 bytes (18.8%)
(RDMA_READ_CONSUME_CHECK_CONSUMER) timestamp=4228 ms, used_size=7692288 bytes (18.8%)
(RDMA_READ_CONSUME_CHECK_CONSUMER) timestamp=4228 ms, used_size=7690240 bytes (18.8%)
(RDMA_READ_CONSUME_CHECK_CONSUMER) timestamp=4228 ms, used_size=7688192 bytes (18.8%)
(RDMA_READ_CONSUME_CHECK_CONSUMER) timestamp=4228 ms, used_size=7686144 bytes (18.8%)
(RDMA_READ_CONSUME_CHECK_CONSUMER) timestamp=4228 ms, used_size=7684096 bytes (18.8%)
(RDMA_READ_CONSUME_CHECK_CONSUMER) timestamp=4228 ms, used_size=7682048 bytes (18.8%)
(RDMA_READ_CONSUME_CHECK_CONSUMER) timestamp=4228 ms, used_size=7680000 bytes (18.8%)
(RDMA_READ_CONSUME_CHECK_CONSUMER) timestamp=4228 ms, used_size=7677952 bytes (18.7%)
(RDMA_READ_CONSUME_CHECK_CONSUMER) timestamp=4228 ms, used_size=7675904 bytes (18.7%)
(RDMA_READ_CONSUME_CHECK_CONSUMER) timestamp=4228 ms, used_size=7673856 bytes (18.7%)
(RDMA_READ_CONSUME_CHECK_CONSUMER) timestamp=4228 ms, used_size=7671808 bytes (18.7%)
(RDMA_READ_CONSUME_CHECK_CONSUMER) timestamp=4228 ms, used_size=7669760 bytes (18.7%)
(RDMA_READ_CONSUME_CHECK_CONSUMER) timestamp=4228 ms, used_size=7667712 bytes (18.7%)
(RDMA_READ_CONSUME_CHECK_CONSUMER) timestamp=4228 ms, used_size=7665664 bytes (18.7%)
(RDMA_READ_CONSUME_CHECK_CONSUMER) timestamp=4228 ms, used_size=7663616 bytes (18.7%)
(RDMA_READ_CONSUME_CHECK_CONSUMER) timestamp=4228 ms, used_size=7661568 bytes (18.7%)
(RDMA_READ_CONSUME_CHECK_CONSUMER) timestamp=4228 ms, used_size=7659520 bytes (18.7%)
(RDMA_READ_CONSUME_CHECK_CONSUMER) timestamp=4228 ms, used_size=7657472 bytes (18.7%)
(RDMA_READ_CONSUME_CHECK_CONSUMER) timestamp=4228 ms, used_size=7655424 bytes (18.7%)
(RDMA_READ_CONSUME_CHECK_CONSUMER) timestamp=4228 ms, used_size=7653376 bytes (18.7%)
(RDMA_READ_CONSUME_CHECK_CONSUMER) timestamp=4228 ms, used_size=7651328 bytes (18.7%)
(RDMA_READ_CONSUME_CHECK_CONSUMER) timestamp=4228 ms, used_size=7649280 bytes (18.7%)
(RDMA_READ_CONSUME_CHECK_CONSUMER) timestamp=4228 ms, used_size=7647232 bytes (18.7%)
(RDMA_READ_CONSUME_CHECK_CONSUMER) timestamp=4228 ms, used_size=7645184 bytes (18.7%)
(RDMA_READ_CONSUME_CHECK_CONSUMER) timestamp=4228 ms, used_size=7643136 bytes (18.7%)
(RDMA_READ_CONSUME_CHECK_CONSUMER) timestamp=4228 ms, used_size=7641088 bytes (18.7%)
(RDMA_READ_CONSUME_CHECK_CONSUMER) timestamp=4228 ms, used_size=7639040 bytes (18.6%)
(RDMA_READ_CONSUME_CHECK_CONSUMER) timestamp=4228 ms, used_size=7636992 bytes (18.6%)
(RDMA_READ_CONSUME_CHECK_CONSUMER) timestamp=4228 ms, used_size=7634944 bytes (18.6%)
(RDMA_READ_CONSUME_CHECK_CONSUMER) timestamp=4228 ms, used_size=7632896 bytes (18.6%)
(RDMA_READ_CONSUME_CHECK_CONSUMER) timestamp=4228 ms, used_size=7630848 bytes (18.6%)
(RDMA_READ_CONSUME_CHECK_CONSUMER) timestamp=4228 ms, used_size=7628800 bytes (18.6%)
(RDMA_READ_CONSUME_CHECK_CONSUMER) timestamp=4228 ms, used_size=7626752 bytes (18.6%)
(RDMA_READ_CONSUME_CHECK_CONSUMER) timestamp=4228 ms, used_size=7624704 bytes (18.6%)
(RDMA_READ_CONSUME_CHECK_CONSUMER) timestamp=4228 ms, used_size=7622656 bytes (18.6%)
(RDMA_READ_CONSUME_CHECK_CONSUMER) timestamp=4228 ms, used_size=7620608 bytes (18.6%)
(RDMA_READ_CONSUME_CHECK_CONSUMER) timestamp=4228 ms, used_size=7618560 bytes (18.6%)
(RDMA_READ_CONSUME_CHECK_CONSUMER) timestamp=4228 ms, used_size=7616512 bytes (18.6%)
(RDMA_READ_CONSUME_CHECK_CONSUMER) timestamp=4228 ms, used_size=7614464 bytes (18.6%)
(RDMA_READ_CONSUME_CHECK_CONSUMER) timestamp=4228 ms, used_size=7612416 bytes (18.6%)
(RDMA_READ_CONSUME_CHECK_CONSUMER) timestamp=4228 ms, used_size=7610368 bytes (18.6%)
(RDMA_READ_CONSUME_CHECK_CONSUMER) timestamp=4228 ms, used_size=7608320 bytes (18.6%)
(RDMA_READ_CONSUME_CHECK_CONSUMER) timestamp=4228 ms, used_size=7606272 bytes (18.6%)
(RDMA_READ_CONSUME_CHECK_CONSUMER) timestamp=4228 ms, used_size=7604224 bytes (18.6%)
(RDMA_READ_CONSUME_CHECK_CONSUMER) timestamp=4228 ms, used_size=7602176 bytes (18.6%)
(RDMA_READ_CONSUME_CHECK_CONSUMER) timestamp=4228 ms, used_size=7600128 bytes (18.6%)
(RDMA_READ_CONSUME_CHECK_CONSUMER) timestamp=4228 ms, used_size=7598080 bytes (18.6%)
(RDMA_READ_CONSUME_CHECK_CONSUMER) timestamp=4228 ms, used_size=7596032 bytes (18.5%)
(RDMA_READ_CONSUME_CHECK_CONSUMER) timestamp=4228 ms, used_size=7593984 bytes (18.5%)
(RDMA_READ_CONSUME_CHECK_CONSUMER) timestamp=4228 ms, used_size=7591936 bytes (18.5%)
(RDMA_READ_CONSUME_CHECK_CONSUMER) timestamp=4228 ms, used_size=7589888 bytes (18.5%)
(RDMA_READ_CONSUME_CHECK_CONSUMER) timestamp=4228 ms, used_size=7587840 bytes (18.5%)
(RDMA_READ_CONSUME_CHECK_CONSUMER) timestamp=4228 ms, used_size=7585792 bytes (18.5%)
(RDMA_READ_CONSUME_CHECK_CONSUMER) timestamp=4228 ms, used_size=7583744 bytes (18.5%)
(RDMA_READ_CONSUME_CHECK_CONSUMER) timestamp=4228 ms, used_size=7581696 bytes (18.5%)
(RDMA_READ_CONSUME_CHECK_CONSUMER) timestamp=4228 ms, used_size=7579648 bytes (18.5%)
(RDMA_READ_CONSUME_CHECK_CONSUMER) timestamp=4228 ms, used_size=7577600 bytes (18.5%)
(RDMA_READ_CONSUME_CHECK_CONSUMER) timestamp=4228 ms, used_size=7575552 bytes (18.5%)
(RDMA_READ_CONSUME_CHECK_CONSUMER) timestamp=4228 ms, used_size=7573504 bytes (18.5%)
(RDMA_READ_CONSUME_CHECK_CONSUMER) timestamp=4228 ms, used_size=7571456 bytes (18.5%)
(RDMA_READ_CONSUME_CHECK_CONSUMER) timestamp=4228 ms, used_size=7569408 bytes (18.5%)
(RDMA_READ_CONSUME_CHECK_CONSUMER) timestamp=4228 ms, used_size=7567360 bytes (18.5%)
(RDMA_READ_CONSUME_CHECK_CONSUMER) timestamp=4228 ms, used_size=7565312 bytes (18.5%)
(RDMA_READ_CONSUME_CHECK_CONSUMER) timestamp=4228 ms, used_size=7563264 bytes (18.5%)
(RDMA_READ_CONSUME_CHECK_CONSUMER) timestamp=4228 ms, used_size=7561216 bytes (18.5%)
(RDMA_READ_CONSUME_CHECK_CONSUMER) timestamp=4228 ms, used_size=7559168 bytes (18.5%)
(RDMA_READ_CONSUME_CHECK_CONSUMER) timestamp=4228 ms, used_size=7557120 bytes (18.4%)
(RDMA_READ_CONSUME_CHECK_CONSUMER) timestamp=4228 ms, used_size=7555072 bytes (18.4%)
(RDMA_READ_CONSUME_CHECK_CONSUMER) timestamp=4228 ms, used_size=7553024 bytes (18.4%)
(RDMA_READ_CONSUME_CHECK_CONSUMER) timestamp=4228 ms, used_size=7550976 bytes (18.4%)
(RDMA_READ_CONSUME_CHECK_CONSUMER) timestamp=4228 ms, used_size=7548928 bytes (18.4%)
(RDMA_READ_CONSUME_CHECK_CONSUMER) timestamp=4228 ms, used_size=7546880 bytes (18.4%)
(RDMA_READ_CONSUME_CHECK_CONSUMER) timestamp=4228 ms, used_size=7544832 bytes (18.4%)
(RDMA_READ_CONSUME_CHECK_CONSUMER) timestamp=4228 ms, used_size=7542784 bytes (18.4%)
(RDMA_READ_CONSUME_CHECK_CONSUMER) timestamp=4228 ms, used_size=7540736 bytes (18.4%)
(RDMA_READ_CONSUME_CHECK_CONSUMER) timestamp=4228 ms, used_size=7538688 bytes (18.4%)
(RDMA_READ_CONSUME_CHECK_CONSUMER) timestamp=4228 ms, used_size=7536640 bytes (18.4%)
(RDMA_READ_CONSUME_CHECK_CONSUMER) timestamp=4228 ms, used_size=7534592 bytes (18.4%)
(RDMA_READ_CONSUME_CHECK_CONSUMER) timestamp=4228 ms, used_size=7532544 bytes (18.4%)
(RDMA_READ_CONSUME_CHECK_CONSUMER) timestamp=4228 ms, used_size=7530496 bytes (18.4%)
(RDMA_READ_CONSUME_CHECK_CONSUMER) timestamp=4228 ms, used_size=7528448 bytes (18.4%)
(RDMA_READ_CONSUME_CHECK_CONSUMER) timestamp=4228 ms, used_size=7526400 bytes (18.4%)
(RDMA_READ_CONSUME_CHECK_CONSUMER) timestamp=4228 ms, used_size=7524352 bytes (18.4%)
(RDMA_READ_CONSUME_CHECK_CONSUMER) timestamp=4228 ms, used_size=7522304 bytes (18.4%)
(RDMA_READ_CONSUME_CHECK_CONSUMER) timestamp=4228 ms, used_size=7520256 bytes (18.4%)
(RDMA_READ_CONSUME_CHECK_CONSUMER) timestamp=4228 ms, used_size=7518208 bytes (18.4%)
(RDMA_READ_CONSUME_CHECK_CONSUMER) timestamp=4228 ms, used_size=7516160 bytes (18.4%)
(RDMA_READ_CONSUME_CHECK_CONSUMER) timestamp=4228 ms, used_size=7514112 bytes (18.3%)
(RDMA_READ_CONSUME_CHECK_CONSUMER) timestamp=4228 ms, used_size=7512064 bytes (18.3%)
(RDMA_READ_CONSUME_CHECK_CONSUMER) timestamp=4228 ms, used_size=7510016 bytes (18.3%)
(RDMA_READ_CONSUME_CHECK_CONSUMER) timestamp=4228 ms, used_size=7507968 bytes (18.3%)
(RDMA_READ_CONSUME_CHECK_CONSUMER) timestamp=4228 ms, used_size=7505920 bytes (18.3%)
(RDMA_READ_CONSUME_CHECK_CONSUMER) timestamp=4228 ms, used_size=7503872 bytes (18.3%)
(RDMA_READ_CONSUME_CHECK_CONSUMER) timestamp=4228 ms, used_size=7501824 bytes (18.3%)
(RDMA_READ_CONSUME_CHECK_CONSUMER) timestamp=4228 ms, used_size=7499776 bytes (18.3%)
(RDMA_READ_CONSUME_CHECK_CONSUMER) timestamp=4228 ms, used_size=7497728 bytes (18.3%)
(RDMA_READ_CONSUME_CHECK_CONSUMER) timestamp=4228 ms, used_size=7495680 bytes (18.3%)
(RDMA_READ_CONSUME_CHECK_CONSUMER) timestamp=4228 ms, used_size=7493632 bytes (18.3%)
(RDMA_READ_CONSUME_CHECK_CONSUMER) timestamp=4228 ms, used_size=7491584 bytes (18.3%)
(RDMA_READ_CONSUME_CHECK_CONSUMER) timestamp=4228 ms, used_size=7489536 bytes (18.3%)
(RDMA_READ_CONSUME_CHECK_CONSUMER) timestamp=4228 ms, used_size=7487488 bytes (18.3%)
(RDMA_READ_CONSUME_CHECK_CONSUMER) timestamp=4228 ms, used_size=7485440 bytes (18.3%)
(RDMA_READ_CONSUME_CHECK_CONSUMER) timestamp=4228 ms, used_size=7483392 bytes (18.3%)
(RDMA_READ_CONSUME_CHECK_CONSUMER) timestamp=4228 ms, used_size=7481344 bytes (18.3%)
(RDMA_READ_CONSUME_CHECK_CONSUMER) timestamp=4228 ms, used_size=7479296 bytes (18.3%)
(RDMA_READ_CONSUME_CHECK_CONSUMER) timestamp=4228 ms, used_size=7477248 bytes (18.3%)
(RDMA_READ_CONSUME_CHECK_CONSUMER) timestamp=4228 ms, used_size=7475200 bytes (18.2%)
(RDMA_READ_CONSUME_CHECK_CONSUMER) timestamp=4228 ms, used_size=7473152 bytes (18.2%)
(RDMA_READ_CONSUME_CHECK_CONSUMER) timestamp=4228 ms, used_size=7471104 bytes (18.2%)
(RDMA_READ_CONSUME_CHECK_CONSUMER) timestamp=4228 ms, used_size=7469056 bytes (18.2%)
(RDMA_READ_CONSUME_CHECK_CONSUMER) timestamp=4228 ms, used_size=7467008 bytes (18.2%)
(RDMA_READ_CONSUME_CHECK_CONSUMER) timestamp=4229 ms, used_size=7464960 bytes (18.2%)
(RDMA_READ_CONSUME_CHECK_CONSUMER) timestamp=4229 ms, used_size=7462912 bytes (18.2%)
(RDMA_READ_CONSUME_CHECK_CONSUMER) timestamp=4229 ms, used_size=7460864 bytes (18.2%)
(RDMA_READ_CONSUME_CHECK_CONSUMER) timestamp=4229 ms, used_size=7458816 bytes (18.2%)
(RDMA_READ_CONSUME_CHECK_CONSUMER) timestamp=4229 ms, used_size=7456768 bytes (18.2%)
(RDMA_READ_CONSUME_CHECK_CONSUMER) timestamp=4229 ms, used_size=7454720 bytes (18.2%)
(RDMA_READ_CONSUME_CHECK_CONSUMER) timestamp=4229 ms, used_size=7452672 bytes (18.2%)
(RDMA_READ_CONSUME_CHECK_CONSUMER) timestamp=4229 ms, used_size=7450624 bytes (18.2%)
(RDMA_READ_CONSUME_CHECK_CONSUMER) timestamp=4229 ms, used_size=7448576 bytes (18.2%)
(RDMA_READ_CONSUME_CHECK_CONSUMER) timestamp=4229 ms, used_size=7446528 bytes (18.2%)
(RDMA_READ_CONSUME_CHECK_CONSUMER) timestamp=4229 ms, used_size=7444480 bytes (18.2%)
(RDMA_READ_CONSUME_CHECK_CONSUMER) timestamp=4229 ms, used_size=7442432 bytes (18.2%)
(RDMA_READ_CONSUME_CHECK_CONSUMER) timestamp=4229 ms, used_size=7440384 bytes (18.2%)
(RDMA_READ_CONSUME_CHECK_CONSUMER) timestamp=4229 ms, used_size=7438336 bytes (18.2%)
(RDMA_READ_CONSUME_CHECK_CONSUMER) timestamp=4229 ms, used_size=7436288 bytes (18.2%)
(RDMA_READ_CONSUME_CHECK_CONSUMER) timestamp=4229 ms, used_size=7434240 bytes (18.1%)
(RDMA_READ_CONSUME_CHECK_CONSUMER) timestamp=4229 ms, used_size=7432192 bytes (18.1%)
(RDMA_READ_CONSUME_CHECK_CONSUMER) timestamp=4229 ms, used_size=7430144 bytes (18.1%)
(RDMA_READ_CONSUME_CHECK_CONSUMER) timestamp=4229 ms, used_size=7428096 bytes (18.1%)
(RDMA_READ_CONSUME_CHECK_CONSUMER) timestamp=4229 ms, used_size=7426048 bytes (18.1%)
(RDMA_READ_CONSUME_CHECK_CONSUMER) timestamp=4229 ms, used_size=7424000 bytes (18.1%)
(RDMA_READ_CONSUME_CHECK_CONSUMER) timestamp=4229 ms, used_size=7421952 bytes (18.1%)
(RDMA_READ_CONSUME_CHECK_CONSUMER) timestamp=4229 ms, used_size=7419904 bytes (18.1%)
(RDMA_READ_CONSUME_CHECK_CONSUMER) timestamp=4229 ms, used_size=7417856 bytes (18.1%)
(RDMA_READ_CONSUME_CHECK_CONSUMER) timestamp=4229 ms, used_size=7415808 bytes (18.1%)
(RDMA_READ_CONSUME_CHECK_CONSUMER) timestamp=4229 ms, used_size=7413760 bytes (18.1%)
(RDMA_READ_CONSUME_CHECK_CONSUMER) timestamp=4229 ms, used_size=7411712 bytes (18.1%)
(RDMA_READ_CONSUME_CHECK_CONSUMER) timestamp=4229 ms, used_size=7409664 bytes (18.1%)
(RDMA_READ_CONSUME_CHECK_CONSUMER) timestamp=4229 ms, used_size=7407616 bytes (18.1%)
(RDMA_READ_CONSUME_CHECK_CONSUMER) timestamp=4229 ms, used_size=7405568 bytes (18.1%)
(RDMA_READ_CONSUME_CHECK_CONSUMER) timestamp=4229 ms, used_size=7403520 bytes (18.1%)
(RDMA_READ_CONSUME_CHECK_CONSUMER) timestamp=4229 ms, used_size=7401472 bytes (18.1%)
(RDMA_READ_CONSUME_CHECK_CONSUMER) timestamp=4229 ms, used_size=7399424 bytes (18.1%)
(RDMA_READ_CONSUME_CHECK_CONSUMER) timestamp=4229 ms, used_size=7397376 bytes (18.1%)
(RDMA_READ_CONSUME_CHECK_CONSUMER) timestamp=4229 ms, used_size=7395328 bytes (18.1%)
(RDMA_READ_CONSUME_CHECK_CONSUMER) timestamp=4229 ms, used_size=7393280 bytes (18.1%)
(RDMA_READ_CONSUME_CHECK_CONSUMER) timestamp=4229 ms, used_size=7391232 bytes (18.0%)
(RDMA_READ_CONSUME_CHECK_CONSUMER) timestamp=4229 ms, used_size=7389184 bytes (18.0%)
(RDMA_READ_CONSUME_CHECK_CONSUMER) timestamp=4229 ms, used_size=7387136 bytes (18.0%)
(RDMA_READ_CONSUME_CHECK_CONSUMER) timestamp=4229 ms, used_size=7385088 bytes (18.0%)
(RDMA_READ_CONSUME_CHECK_CONSUMER) timestamp=4229 ms, used_size=7383040 bytes (18.0%)
(RDMA_READ_CONSUME_CHECK_CONSUMER) timestamp=4229 ms, used_size=7380992 bytes (18.0%)
(RDMA_READ_CONSUME_CHECK_CONSUMER) timestamp=4229 ms, used_size=7378944 bytes (18.0%)
(RDMA_READ_CONSUME_CHECK_CONSUMER) timestamp=4229 ms, used_size=7376896 bytes (18.0%)
(RDMA_READ_CONSUME_CHECK_CONSUMER) timestamp=4229 ms, used_size=7374848 bytes (18.0%)
(RDMA_READ_CONSUME_CHECK_CONSUMER) timestamp=4229 ms, used_size=7372800 bytes (18.0%)
(RDMA_READ_CONSUME_CHECK_CONSUMER) timestamp=4229 ms, used_size=7370752 bytes (18.0%)
(RDMA_READ_CONSUME_CHECK_CONSUMER) timestamp=4229 ms, used_size=7368704 bytes (18.0%)
(RDMA_READ_CONSUME_CHECK_CONSUMER) timestamp=4229 ms, used_size=7366656 bytes (18.0%)
(RDMA_READ_CONSUME_CHECK_CONSUMER) timestamp=4229 ms, used_size=7364608 bytes (18.0%)
(RDMA_READ_CONSUME_CHECK_CONSUMER) timestamp=4229 ms, used_size=7362560 bytes (18.0%)
(RDMA_READ_CONSUME_CHECK_CONSUMER) timestamp=4229 ms, used_size=7360512 bytes (18.0%)
(RDMA_READ_CONSUME_CHECK_CONSUMER) timestamp=4229 ms, used_size=7358464 bytes (18.0%)
(RDMA_READ_CONSUME_CHECK_CONSUMER) timestamp=4229 ms, used_size=7356416 bytes (18.0%)
(RDMA_READ_CONSUME_CHECK_CONSUMER) timestamp=4229 ms, used_size=7354368 bytes (18.0%)
(RDMA_READ_CONSUME_CHECK_CONSUMER) timestamp=4229 ms, used_size=7352320 bytes (17.9%)
(RDMA_READ_CONSUME_CHECK_CONSUMER) timestamp=4229 ms, used_size=7350272 bytes (17.9%)
(RDMA_READ_CONSUME_CHECK_CONSUMER) timestamp=4229 ms, used_size=7348224 bytes (17.9%)
(RDMA_READ_CONSUME_CHECK_CONSUMER) timestamp=4229 ms, used_size=7346176 bytes (17.9%)
(RDMA_READ_CONSUME_CHECK_CONSUMER) timestamp=4229 ms, used_size=7344128 bytes (17.9%)
(RDMA_READ_CONSUME_CHECK_CONSUMER) timestamp=4229 ms, used_size=7342080 bytes (17.9%)
(RDMA_READ_CONSUME_CHECK_CONSUMER) timestamp=4229 ms, used_size=7340032 bytes (17.9%)
(RDMA_READ_CONSUME_CHECK_CONSUMER) timestamp=4229 ms, used_size=7337984 bytes (17.9%)
(RDMA_READ_CONSUME_CHECK_CONSUMER) timestamp=4229 ms, used_size=7335936 bytes (17.9%)
(RDMA_READ_CONSUME_CHECK_CONSUMER) timestamp=4229 ms, used_size=7333888 bytes (17.9%)
(RDMA_READ_CONSUME_CHECK_CONSUMER) timestamp=4229 ms, used_size=7331840 bytes (17.9%)
(RDMA_READ_CONSUME_CHECK_CONSUMER) timestamp=4229 ms, used_size=7329792 bytes (17.9%)
(RDMA_READ_CONSUME_CHECK_CONSUMER) timestamp=4229 ms, used_size=7327744 bytes (17.9%)
(RDMA_READ_CONSUME_CHECK_CONSUMER) timestamp=4229 ms, used_size=7325696 bytes (17.9%)
(RDMA_READ_CONSUME_CHECK_CONSUMER) timestamp=4229 ms, used_size=7323648 bytes (17.9%)
(RDMA_READ_CONSUME_CHECK_CONSUMER) timestamp=4229 ms, used_size=7321600 bytes (17.9%)
(RDMA_READ_CONSUME_CHECK_CONSUMER) timestamp=4229 ms, used_size=7319552 bytes (17.9%)
(RDMA_READ_CONSUME_CHECK_CONSUMER) timestamp=4229 ms, used_size=7317504 bytes (17.9%)
(RDMA_READ_CONSUME_CHECK_CONSUMER) timestamp=4229 ms, used_size=7315456 bytes (17.9%)
(RDMA_READ_CONSUME_CHECK_CONSUMER) timestamp=4229 ms, used_size=7313408 bytes (17.9%)
(RDMA_READ_CONSUME_CHECK_CONSUMER) timestamp=4229 ms, used_size=7311360 bytes (17.9%)
(RDMA_READ_CONSUME_CHECK_CONSUMER) timestamp=4229 ms, used_size=7309312 bytes (17.8%)
(RDMA_READ_CONSUME_CHECK_CONSUMER) timestamp=4229 ms, used_size=7307264 bytes (17.8%)
(RDMA_READ_CONSUME_CHECK_CONSUMER) timestamp=4229 ms, used_size=7305216 bytes (17.8%)
(RDMA_READ_CONSUME_CHECK_CONSUMER) timestamp=4229 ms, used_size=7303168 bytes (17.8%)
(RDMA_READ_CONSUME_CHECK_CONSUMER) timestamp=4229 ms, used_size=7301120 bytes (17.8%)
(RDMA_READ_CONSUME_CHECK_CONSUMER) timestamp=4229 ms, used_size=7299072 bytes (17.8%)
(RDMA_READ_CONSUME_CHECK_CONSUMER) timestamp=4229 ms, used_size=7297024 bytes (17.8%)
(RDMA_READ_CONSUME_CHECK_CONSUMER) timestamp=4229 ms, used_size=7294976 bytes (17.8%)
(RDMA_READ_CONSUME_CHECK_CONSUMER) timestamp=4229 ms, used_size=7292928 bytes (17.8%)
(RDMA_READ_CONSUME_CHECK_CONSUMER) timestamp=4229 ms, used_size=7290880 bytes (17.8%)
(RDMA_READ_CONSUME_CHECK_CONSUMER) timestamp=4229 ms, used_size=7288832 bytes (17.8%)
(RDMA_READ_CONSUME_CHECK_CONSUMER) timestamp=4229 ms, used_size=7286784 bytes (17.8%)
(RDMA_READ_CONSUME_CHECK_CONSUMER) timestamp=4229 ms, used_size=7284736 bytes (17.8%)
(RDMA_READ_CONSUME_CHECK_CONSUMER) timestamp=4229 ms, used_size=7282688 bytes (17.8%)
(RDMA_READ_CONSUME_CHECK_CONSUMER) timestamp=4229 ms, used_size=7280640 bytes (17.8%)
(RDMA_READ_CONSUME_CHECK_CONSUMER) timestamp=4229 ms, used_size=7278592 bytes (17.8%)
(RDMA_READ_CONSUME_CHECK_CONSUMER) timestamp=4229 ms, used_size=7276544 bytes (17.8%)
(RDMA_READ_CONSUME_CHECK_CONSUMER) timestamp=4229 ms, used_size=7274496 bytes (17.8%)
(RDMA_READ_CONSUME_CHECK_CONSUMER) timestamp=4229 ms, used_size=7272448 bytes (17.8%)
(RDMA_READ_CONSUME_CHECK_CONSUMER) timestamp=4229 ms, used_size=7270400 bytes (17.8%)
(RDMA_READ_CONSUME_CHECK_CONSUMER) timestamp=4229 ms, used_size=7268352 bytes (17.7%)
(RDMA_READ_CONSUME_CHECK_CONSUMER) timestamp=4229 ms, used_size=7266304 bytes (17.7%)
(RDMA_READ_CONSUME_CHECK_CONSUMER) timestamp=4229 ms, used_size=7264256 bytes (17.7%)
(RDMA_READ_CONSUME_CHECK_CONSUMER) timestamp=4229 ms, used_size=7262208 bytes (17.7%)
(RDMA_READ_CONSUME_CHECK_CONSUMER) timestamp=4229 ms, used_size=7260160 bytes (17.7%)
(RDMA_READ_CONSUME_CHECK_CONSUMER) timestamp=4229 ms, used_size=7258112 bytes (17.7%)
(RDMA_READ_CONSUME_CHECK_CONSUMER) timestamp=4229 ms, used_size=7256064 bytes (17.7%)
(RDMA_READ_CONSUME_CHECK_CONSUMER) timestamp=4229 ms, used_size=7254016 bytes (17.7%)
(RDMA_READ_CONSUME_CHECK_CONSUMER) timestamp=4229 ms, used_size=7251968 bytes (17.7%)
(RDMA_READ_CONSUME_CHECK_CONSUMER) timestamp=4229 ms, used_size=7249920 bytes (17.7%)
(RDMA_READ_CONSUME_CHECK_CONSUMER) timestamp=4229 ms, used_size=7247872 bytes (17.7%)
(RDMA_READ_CONSUME_CHECK_CONSUMER) timestamp=4229 ms, used_size=7245824 bytes (17.7%)
(RDMA_READ_CONSUME_CHECK_CONSUMER) timestamp=4229 ms, used_size=7243776 bytes (17.7%)
(RDMA_READ_CONSUME_CHECK_CONSUMER) timestamp=4229 ms, used_size=7241728 bytes (17.7%)
(RDMA_READ_CONSUME_CHECK_CONSUMER) timestamp=4229 ms, used_size=7239680 bytes (17.7%)
(RDMA_READ_CONSUME_CHECK_CONSUMER) timestamp=4229 ms, used_size=7237632 bytes (17.7%)
(RDMA_READ_CONSUME_CHECK_CONSUMER) timestamp=4229 ms, used_size=7235584 bytes (17.7%)
(RDMA_READ_CONSUME_CHECK_CONSUMER) timestamp=4229 ms, used_size=7233536 bytes (17.7%)
(RDMA_READ_CONSUME_CHECK_CONSUMER) timestamp=4229 ms, used_size=7231488 bytes (17.7%)
(RDMA_READ_CONSUME_CHECK_CONSUMER) timestamp=4229 ms, used_size=7229440 bytes (17.6%)
(RDMA_READ_CONSUME_CHECK_CONSUMER) timestamp=4229 ms, used_size=7227392 bytes (17.6%)
(RDMA_READ_CONSUME_CHECK_CONSUMER) timestamp=4229 ms, used_size=7225344 bytes (17.6%)
(RDMA_READ_CONSUME_CHECK_CONSUMER) timestamp=4229 ms, used_size=7223296 bytes (17.6%)
(RDMA_READ_CONSUME_CHECK_CONSUMER) timestamp=4229 ms, used_size=7221248 bytes (17.6%)
(RDMA_READ_CONSUME_CHECK_CONSUMER) timestamp=4229 ms, used_size=7219200 bytes (17.6%)
(RDMA_READ_CONSUME_CHECK_CONSUMER) timestamp=4229 ms, used_size=7217152 bytes (17.6%)
(RDMA_READ_CONSUME_CHECK_CONSUMER) timestamp=4229 ms, used_size=7215104 bytes (17.6%)
(RDMA_READ_CONSUME_CHECK_CONSUMER) timestamp=4229 ms, used_size=7213056 bytes (17.6%)
(RDMA_READ_CONSUME_CHECK_CONSUMER) timestamp=4229 ms, used_size=7211008 bytes (17.6%)
(RDMA_READ_CONSUME_CHECK_CONSUMER) timestamp=4229 ms, used_size=7208960 bytes (17.6%)
(RDMA_READ_CONSUME_CHECK_CONSUMER) timestamp=4229 ms, used_size=7206912 bytes (17.6%)
(RDMA_READ_CONSUME_CHECK_CONSUMER) timestamp=4229 ms, used_size=7204864 bytes (17.6%)
(RDMA_READ_CONSUME_CHECK_CONSUMER) timestamp=4229 ms, used_size=7202816 bytes (17.6%)
(RDMA_READ_CONSUME_CHECK_CONSUMER) timestamp=4229 ms, used_size=7200768 bytes (17.6%)
(RDMA_READ_CONSUME_CHECK_CONSUMER) timestamp=4229 ms, used_size=7198720 bytes (17.6%)
(RDMA_READ_CONSUME_CHECK_CONSUMER) timestamp=4229 ms, used_size=7196672 bytes (17.6%)
(RDMA_READ_CONSUME_CHECK_CONSUMER) timestamp=4229 ms, used_size=7194624 bytes (17.6%)
(RDMA_READ_CONSUME_CHECK_CONSUMER) timestamp=4229 ms, used_size=7192576 bytes (17.6%)
(RDMA_READ_CONSUME_CHECK_CONSUMER) timestamp=4229 ms, used_size=7190528 bytes (17.6%)
(RDMA_READ_CONSUME_CHECK_CONSUMER) timestamp=4229 ms, used_size=7188480 bytes (17.6%)
(RDMA_READ_CONSUME_CHECK_CONSUMER) timestamp=4229 ms, used_size=7186432 bytes (17.5%)
(RDMA_READ_CONSUME_CHECK_CONSUMER) timestamp=4229 ms, used_size=7184384 bytes (17.5%)
(RDMA_READ_CONSUME_CHECK_CONSUMER) timestamp=4229 ms, used_size=7182336 bytes (17.5%)
(RDMA_READ_CONSUME_CHECK_CONSUMER) timestamp=4229 ms, used_size=7180288 bytes (17.5%)
(RDMA_READ_CONSUME_CHECK_CONSUMER) timestamp=4229 ms, used_size=7178240 bytes (17.5%)
(RDMA_READ_CONSUME_CHECK_CONSUMER) timestamp=4229 ms, used_size=7176192 bytes (17.5%)
(RDMA_READ_CONSUME_CHECK_CONSUMER) timestamp=4229 ms, used_size=7174144 bytes (17.5%)
(RDMA_READ_CONSUME_CHECK_CONSUMER) timestamp=4229 ms, used_size=7172096 bytes (17.5%)
(RDMA_READ_CONSUME_CHECK_CONSUMER) timestamp=4229 ms, used_size=7170048 bytes (17.5%)
(RDMA_READ_CONSUME_CHECK_CONSUMER) timestamp=4229 ms, used_size=7168000 bytes (17.5%)
(RDMA_READ_CONSUME_CHECK_CONSUMER) timestamp=4229 ms, used_size=7165952 bytes (17.5%)
(RDMA_READ_CONSUME_CHECK_CONSUMER) timestamp=4229 ms, used_size=7163904 bytes (17.5%)
(RDMA_READ_CONSUME_CHECK_CONSUMER) timestamp=4229 ms, used_size=7161856 bytes (17.5%)
(RDMA_READ_CONSUME_CHECK_CONSUMER) timestamp=4229 ms, used_size=7159808 bytes (17.5%)
(RDMA_READ_CONSUME_CHECK_CONSUMER) timestamp=4229 ms, used_size=7157760 bytes (17.5%)
(RDMA_READ_CONSUME_CHECK_CONSUMER) timestamp=4229 ms, used_size=7155712 bytes (17.5%)
(RDMA_READ_CONSUME_CHECK_CONSUMER) timestamp=4229 ms, used_size=7153664 bytes (17.5%)
(RDMA_READ_CONSUME_CHECK_CONSUMER) timestamp=4229 ms, used_size=7151616 bytes (17.5%)
(RDMA_READ_CONSUME_CHECK_CONSUMER) timestamp=4229 ms, used_size=7149568 bytes (17.5%)
(RDMA_READ_CONSUME_CHECK_CONSUMER) timestamp=4229 ms, used_size=7147520 bytes (17.4%)
(RDMA_READ_CONSUME_CHECK_CONSUMER) timestamp=4229 ms, used_size=7145472 bytes (17.4%)
(RDMA_READ_CONSUME_CHECK_CONSUMER) timestamp=4229 ms, used_size=7143424 bytes (17.4%)
(RDMA_READ_CONSUME_CHECK_CONSUMER) timestamp=4229 ms, used_size=7141376 bytes (17.4%)
(RDMA_READ_CONSUME_CHECK_CONSUMER) timestamp=4229 ms, used_size=7139328 bytes (17.4%)
(RDMA_READ_CONSUME_CHECK_CONSUMER) timestamp=4229 ms, used_size=7137280 bytes (17.4%)
(RDMA_READ_CONSUME_CHECK_CONSUMER) timestamp=4229 ms, used_size=7135232 bytes (17.4%)
(RDMA_READ_CONSUME_CHECK_CONSUMER) timestamp=4229 ms, used_size=7133184 bytes (17.4%)
(RDMA_READ_CONSUME_CHECK_CONSUMER) timestamp=4229 ms, used_size=7131136 bytes (17.4%)
(RDMA_READ_CONSUME_CHECK_CONSUMER) timestamp=4229 ms, used_size=7129088 bytes (17.4%)
(RDMA_READ_CONSUME_CHECK_CONSUMER) timestamp=4229 ms, used_size=7127040 bytes (17.4%)
(RDMA_READ_CONSUME_CHECK_CONSUMER) timestamp=4229 ms, used_size=7124992 bytes (17.4%)
(RDMA_READ_CONSUME_CHECK_CONSUMER) timestamp=4229 ms, used_size=7122944 bytes (17.4%)
(RDMA_READ_CONSUME_CHECK_CONSUMER) timestamp=4229 ms, used_size=7120896 bytes (17.4%)
(RDMA_READ_CONSUME_CHECK_CONSUMER) timestamp=4229 ms, used_size=7118848 bytes (17.4%)
(RDMA_READ_CONSUME_CHECK_CONSUMER) timestamp=4229 ms, used_size=7116800 bytes (17.4%)
(RDMA_READ_CONSUME_CHECK_CONSUMER) timestamp=4229 ms, used_size=7114752 bytes (17.4%)
(RDMA_READ_CONSUME_CHECK_CONSUMER) timestamp=4229 ms, used_size=7112704 bytes (17.4%)
(RDMA_READ_CONSUME_CHECK_CONSUMER) timestamp=4229 ms, used_size=7110656 bytes (17.4%)
(RDMA_READ_CONSUME_CHECK_CONSUMER) timestamp=4229 ms, used_size=7108608 bytes (17.4%)
(RDMA_READ_CONSUME_CHECK_CONSUMER) timestamp=4229 ms, used_size=7106560 bytes (17.4%)
(RDMA_READ_CONSUME_CHECK_CONSUMER) timestamp=4229 ms, used_size=7104512 bytes (17.3%)
(RDMA_READ_CONSUME_CHECK_CONSUMER) timestamp=4230 ms, used_size=7102464 bytes (17.3%)
(RDMA_READ_CONSUME_CHECK_CONSUMER) timestamp=4230 ms, used_size=7100416 bytes (17.3%)
(RDMA_READ_CONSUME_CHECK_CONSUMER) timestamp=4230 ms, used_size=7098368 bytes (17.3%)
(RDMA_READ_CONSUME_CHECK_CONSUMER) timestamp=4230 ms, used_size=7096320 bytes (17.3%)
(RDMA_READ_CONSUME_CHECK_CONSUMER) timestamp=4230 ms, used_size=7094272 bytes (17.3%)
(RDMA_READ_CONSUME_CHECK_CONSUMER) timestamp=4230 ms, used_size=7092224 bytes (17.3%)
(RDMA_READ_CONSUME_CHECK_CONSUMER) timestamp=4230 ms, used_size=7090176 bytes (17.3%)
(RDMA_READ_CONSUME_CHECK_CONSUMER) timestamp=4230 ms, used_size=7088128 bytes (17.3%)
(RDMA_READ_CONSUME_CHECK_CONSUMER) timestamp=4230 ms, used_size=7086080 bytes (17.3%)
(RDMA_READ_CONSUME_CHECK_CONSUMER) timestamp=4230 ms, used_size=7084032 bytes (17.3%)
(RDMA_READ_CONSUME_CHECK_CONSUMER) timestamp=4230 ms, used_size=7081984 bytes (17.3%)
(RDMA_READ_CONSUME_CHECK_CONSUMER) timestamp=4230 ms, used_size=7079936 bytes (17.3%)
(RDMA_READ_CONSUME_CHECK_CONSUMER) timestamp=4230 ms, used_size=7077888 bytes (17.3%)
(RDMA_READ_CONSUME_CHECK_CONSUMER) timestamp=4230 ms, used_size=7075840 bytes (17.3%)
(RDMA_READ_CONSUME_CHECK_CONSUMER) timestamp=4230 ms, used_size=7073792 bytes (17.3%)
(RDMA_READ_CONSUME_CHECK_CONSUMER) timestamp=4230 ms, used_size=7071744 bytes (17.3%)
(RDMA_READ_CONSUME_CHECK_CONSUMER) timestamp=4230 ms, used_size=7069696 bytes (17.3%)
(RDMA_READ_CONSUME_CHECK_CONSUMER) timestamp=4230 ms, used_size=7067648 bytes (17.3%)
(RDMA_READ_CONSUME_CHECK_CONSUMER) timestamp=4230 ms, used_size=7065600 bytes (17.2%)
(RDMA_READ_CONSUME_CHECK_CONSUMER) timestamp=4230 ms, used_size=7063552 bytes (17.2%)
(RDMA_READ_CONSUME_CHECK_CONSUMER) timestamp=4230 ms, used_size=7061504 bytes (17.2%)
(RDMA_READ_CONSUME_CHECK_CONSUMER) timestamp=4230 ms, used_size=7059456 bytes (17.2%)
(RDMA_READ_CONSUME_CHECK_CONSUMER) timestamp=4230 ms, used_size=7057408 bytes (17.2%)
(RDMA_READ_CONSUME_CHECK_CONSUMER) timestamp=4230 ms, used_size=7055360 bytes (17.2%)
(RDMA_READ_CONSUME_CHECK_CONSUMER) timestamp=4230 ms, used_size=7053312 bytes (17.2%)
(RDMA_READ_CONSUME_CHECK_CONSUMER) timestamp=4230 ms, used_size=7051264 bytes (17.2%)
(RDMA_READ_CONSUME_CHECK_CONSUMER) timestamp=4230 ms, used_size=7049216 bytes (17.2%)
(RDMA_READ_CONSUME_CHECK_CONSUMER) timestamp=4230 ms, used_size=7047168 bytes (17.2%)
(RDMA_READ_CONSUME_CHECK_CONSUMER) timestamp=4230 ms, used_size=7045120 bytes (17.2%)
(RDMA_READ_CONSUME_CHECK_CONSUMER) timestamp=4230 ms, used_size=7043072 bytes (17.2%)
(RDMA_READ_CONSUME_CHECK_CONSUMER) timestamp=4230 ms, used_size=7041024 bytes (17.2%)
(RDMA_READ_CONSUME_CHECK_CONSUMER) timestamp=4230 ms, used_size=7038976 bytes (17.2%)
(RDMA_READ_CONSUME_CHECK_CONSUMER) timestamp=4230 ms, used_size=7036928 bytes (17.2%)
(RDMA_READ_CONSUME_CHECK_CONSUMER) timestamp=4230 ms, used_size=7034880 bytes (17.2%)
(RDMA_READ_CONSUME_CHECK_CONSUMER) timestamp=4230 ms, used_size=7032832 bytes (17.2%)
(RDMA_READ_CONSUME_CHECK_CONSUMER) timestamp=4230 ms, used_size=7030784 bytes (17.2%)
(RDMA_READ_CONSUME_CHECK_CONSUMER) timestamp=4230 ms, used_size=7028736 bytes (17.2%)
(RDMA_READ_CONSUME_CHECK_CONSUMER) timestamp=4230 ms, used_size=7026688 bytes (17.2%)
(RDMA_READ_CONSUME_CHECK_CONSUMER) timestamp=4230 ms, used_size=7024640 bytes (17.1%)
(RDMA_READ_CONSUME_CHECK_CONSUMER) timestamp=4230 ms, used_size=7022592 bytes (17.1%)
(RDMA_READ_CONSUME_CHECK_CONSUMER) timestamp=4230 ms, used_size=7020544 bytes (17.1%)
(RDMA_READ_CONSUME_CHECK_CONSUMER) timestamp=4230 ms, used_size=7018496 bytes (17.1%)
(RDMA_READ_CONSUME_CHECK_CONSUMER) timestamp=4230 ms, used_size=7016448 bytes (17.1%)
(RDMA_READ_CONSUME_CHECK_CONSUMER) timestamp=4230 ms, used_size=7014400 bytes (17.1%)
(RDMA_READ_CONSUME_CHECK_CONSUMER) timestamp=4230 ms, used_size=7012352 bytes (17.1%)
(RDMA_READ_CONSUME_CHECK_CONSUMER) timestamp=4230 ms, used_size=7010304 bytes (17.1%)
(RDMA_READ_CONSUME_CHECK_CONSUMER) timestamp=4230 ms, used_size=7008256 bytes (17.1%)
(RDMA_READ_CONSUME_CHECK_CONSUMER) timestamp=4230 ms, used_size=7006208 bytes (17.1%)
(RDMA_READ_CONSUME_CHECK_CONSUMER) timestamp=4230 ms, used_size=7004160 bytes (17.1%)
(RDMA_READ_CONSUME_CHECK_CONSUMER) timestamp=4230 ms, used_size=7002112 bytes (17.1%)
(RDMA_READ_CONSUME_CHECK_CONSUMER) timestamp=4230 ms, used_size=7000064 bytes (17.1%)
(RDMA_READ_CONSUME_CHECK_CONSUMER) timestamp=4230 ms, used_size=6998016 bytes (17.1%)
(RDMA_READ_CONSUME_CHECK_CONSUMER) timestamp=4230 ms, used_size=6995968 bytes (17.1%)
(RDMA_READ_CONSUME_CHECK_CONSUMER) timestamp=4230 ms, used_size=6993920 bytes (17.1%)
(RDMA_READ_CONSUME_CHECK_CONSUMER) timestamp=4230 ms, used_size=6991872 bytes (17.1%)
(RDMA_READ_CONSUME_CHECK_CONSUMER) timestamp=4230 ms, used_size=6989824 bytes (17.1%)
(RDMA_READ_CONSUME_CHECK_CONSUMER) timestamp=4230 ms, used_size=6987776 bytes (17.1%)
(RDMA_READ_CONSUME_CHECK_CONSUMER) timestamp=4230 ms, used_size=6985728 bytes (17.1%)
(RDMA_READ_CONSUME_CHECK_CONSUMER) timestamp=4230 ms, used_size=6983680 bytes (17.1%)
(RDMA_READ_CONSUME_CHECK_CONSUMER) timestamp=4230 ms, used_size=6981632 bytes (17.0%)
(RDMA_READ_CONSUME_CHECK_CONSUMER) timestamp=4230 ms, used_size=6979584 bytes (17.0%)
(RDMA_READ_CONSUME_CHECK_CONSUMER) timestamp=4230 ms, used_size=6977536 bytes (17.0%)
(RDMA_READ_CONSUME_CHECK_CONSUMER) timestamp=4230 ms, used_size=6975488 bytes (17.0%)
(RDMA_READ_CONSUME_CHECK_CONSUMER) timestamp=4230 ms, used_size=6973440 bytes (17.0%)
(RDMA_READ_CONSUME_CHECK_CONSUMER) timestamp=4230 ms, used_size=6971392 bytes (17.0%)
(RDMA_READ_CONSUME_CHECK_CONSUMER) timestamp=4230 ms, used_size=6969344 bytes (17.0%)
(RDMA_READ_CONSUME_CHECK_CONSUMER) timestamp=4230 ms, used_size=6967296 bytes (17.0%)
(RDMA_READ_CONSUME_CHECK_CONSUMER) timestamp=4230 ms, used_size=6965248 bytes (17.0%)
(RDMA_READ_CONSUME_CHECK_CONSUMER) timestamp=4230 ms, used_size=6963200 bytes (17.0%)
(RDMA_READ_CONSUME_CHECK_CONSUMER) timestamp=4230 ms, used_size=6961152 bytes (17.0%)
(RDMA_READ_CONSUME_CHECK_CONSUMER) timestamp=4230 ms, used_size=6959104 bytes (17.0%)
(RDMA_READ_CONSUME_CHECK_CONSUMER) timestamp=4230 ms, used_size=6957056 bytes (17.0%)
(RDMA_READ_CONSUME_CHECK_CONSUMER) timestamp=4230 ms, used_size=6955008 bytes (17.0%)
(RDMA_READ_CONSUME_CHECK_CONSUMER) timestamp=4230 ms, used_size=6952960 bytes (17.0%)
(RDMA_READ_CONSUME_CHECK_CONSUMER) timestamp=4230 ms, used_size=6950912 bytes (17.0%)
(RDMA_READ_CONSUME_CHECK_CONSUMER) timestamp=4230 ms, used_size=6948864 bytes (17.0%)
(RDMA_READ_CONSUME_CHECK_CONSUMER) timestamp=4230 ms, used_size=6946816 bytes (17.0%)
(RDMA_READ_CONSUME_CHECK_CONSUMER) timestamp=4230 ms, used_size=6944768 bytes (17.0%)
(RDMA_READ_CONSUME_CHECK_CONSUMER) timestamp=4230 ms, used_size=6942720 bytes (16.9%)
(RDMA_READ_CONSUME_CHECK_CONSUMER) timestamp=4230 ms, used_size=6940672 bytes (16.9%)
(RDMA_READ_CONSUME_CHECK_CONSUMER) timestamp=4230 ms, used_size=6938624 bytes (16.9%)
(RDMA_READ_CONSUME_CHECK_CONSUMER) timestamp=4230 ms, used_size=6936576 bytes (16.9%)
(RDMA_READ_CONSUME_CHECK_CONSUMER) timestamp=4230 ms, used_size=6934528 bytes (16.9%)
(RDMA_READ_CONSUME_CHECK_CONSUMER) timestamp=4230 ms, used_size=6932480 bytes (16.9%)
(RDMA_READ_CONSUME_CHECK_CONSUMER) timestamp=4230 ms, used_size=6930432 bytes (16.9%)
(RDMA_READ_CONSUME_CHECK_CONSUMER) timestamp=4230 ms, used_size=6928384 bytes (16.9%)
(RDMA_READ_CONSUME_CHECK_CONSUMER) timestamp=4230 ms, used_size=6926336 bytes (16.9%)
(RDMA_READ_CONSUME_CHECK_CONSUMER) timestamp=4230 ms, used_size=6924288 bytes (16.9%)
(RDMA_READ_CONSUME_CHECK_CONSUMER) timestamp=4230 ms, used_size=6922240 bytes (16.9%)
(RDMA_READ_CONSUME_CHECK_CONSUMER) timestamp=4230 ms, used_size=6920192 bytes (16.9%)
(RDMA_READ_CONSUME_CHECK_CONSUMER) timestamp=4230 ms, used_size=6918144 bytes (16.9%)
(RDMA_READ_CONSUME_CHECK_CONSUMER) timestamp=4230 ms, used_size=6916096 bytes (16.9%)
(RDMA_READ_CONSUME_CHECK_CONSUMER) timestamp=4230 ms, used_size=6914048 bytes (16.9%)
(RDMA_READ_CONSUME_CHECK_CONSUMER) timestamp=4230 ms, used_size=6912000 bytes (16.9%)
(RDMA_READ_CONSUME_CHECK_CONSUMER) timestamp=4230 ms, used_size=6909952 bytes (16.9%)
(RDMA_READ_CONSUME_CHECK_CONSUMER) timestamp=4230 ms, used_size=6907904 bytes (16.9%)
(RDMA_READ_CONSUME_CHECK_CONSUMER) timestamp=4230 ms, used_size=6905856 bytes (16.9%)
(RDMA_READ_CONSUME_CHECK_CONSUMER) timestamp=4230 ms, used_size=6903808 bytes (16.9%)
(RDMA_READ_CONSUME_CHECK_CONSUMER) timestamp=4230 ms, used_size=6901760 bytes (16.9%)
(RDMA_READ_CONSUME_CHECK_CONSUMER) timestamp=4230 ms, used_size=6899712 bytes (16.8%)
(RDMA_READ_CONSUME_CHECK_CONSUMER) timestamp=4230 ms, used_size=6897664 bytes (16.8%)
(RDMA_READ_CONSUME_CHECK_CONSUMER) timestamp=4230 ms, used_size=6895616 bytes (16.8%)
(RDMA_READ_CONSUME_CHECK_CONSUMER) timestamp=4230 ms, used_size=6893568 bytes (16.8%)
(RDMA_READ_CONSUME_CHECK_CONSUMER) timestamp=4230 ms, used_size=6891520 bytes (16.8%)
(RDMA_READ_CONSUME_CHECK_CONSUMER) timestamp=4230 ms, used_size=6889472 bytes (16.8%)
(RDMA_READ_CONSUME_CHECK_CONSUMER) timestamp=4230 ms, used_size=6887424 bytes (16.8%)
(RDMA_READ_CONSUME_CHECK_CONSUMER) timestamp=4230 ms, used_size=6885376 bytes (16.8%)
(RDMA_READ_CONSUME_CHECK_CONSUMER) timestamp=4230 ms, used_size=6883328 bytes (16.8%)
(RDMA_READ_CONSUME_CHECK_CONSUMER) timestamp=4230 ms, used_size=6881280 bytes (16.8%)
(RDMA_READ_CONSUME_CHECK_CONSUMER) timestamp=4230 ms, used_size=6879232 bytes (16.8%)
(RDMA_READ_CONSUME_CHECK_CONSUMER) timestamp=4230 ms, used_size=6877184 bytes (16.8%)
(RDMA_READ_CONSUME_CHECK_CONSUMER) timestamp=4230 ms, used_size=6875136 bytes (16.8%)
(RDMA_READ_CONSUME_CHECK_CONSUMER) timestamp=4230 ms, used_size=6873088 bytes (16.8%)
(RDMA_READ_CONSUME_CHECK_CONSUMER) timestamp=4230 ms, used_size=6871040 bytes (16.8%)
(RDMA_READ_CONSUME_CHECK_CONSUMER) timestamp=4230 ms, used_size=6868992 bytes (16.8%)
(RDMA_READ_CONSUME_CHECK_CONSUMER) timestamp=4230 ms, used_size=6866944 bytes (16.8%)
(RDMA_READ_CONSUME_CHECK_CONSUMER) timestamp=4230 ms, used_size=6864896 bytes (16.8%)
(RDMA_READ_CONSUME_CHECK_CONSUMER) timestamp=4230 ms, used_size=6862848 bytes (16.8%)
(RDMA_READ_CONSUME_CHECK_CONSUMER) timestamp=4230 ms, used_size=6860800 bytes (16.8%)
(RDMA_READ_CONSUME_CHECK_CONSUMER) timestamp=4230 ms, used_size=6858752 bytes (16.7%)
(RDMA_READ_CONSUME_CHECK_CONSUMER) timestamp=4230 ms, used_size=6856704 bytes (16.7%)
(RDMA_READ_CONSUME_CHECK_CONSUMER) timestamp=4230 ms, used_size=6854656 bytes (16.7%)
(RDMA_READ_CONSUME_CHECK_CONSUMER) timestamp=4230 ms, used_size=6852608 bytes (16.7%)
(RDMA_READ_CONSUME_CHECK_CONSUMER) timestamp=4230 ms, used_size=6850560 bytes (16.7%)
(RDMA_READ_CONSUME_CHECK_CONSUMER) timestamp=4230 ms, used_size=6848512 bytes (16.7%)
(RDMA_READ_CONSUME_CHECK_CONSUMER) timestamp=4230 ms, used_size=6846464 bytes (16.7%)
(RDMA_READ_CONSUME_CHECK_CONSUMER) timestamp=4230 ms, used_size=6844416 bytes (16.7%)
(RDMA_READ_CONSUME_CHECK_CONSUMER) timestamp=4230 ms, used_size=6842368 bytes (16.7%)
(RDMA_READ_CONSUME_CHECK_CONSUMER) timestamp=4230 ms, used_size=6840320 bytes (16.7%)
(RDMA_READ_CONSUME_CHECK_CONSUMER) timestamp=4230 ms, used_size=6838272 bytes (16.7%)
(RDMA_READ_CONSUME_CHECK_CONSUMER) timestamp=4230 ms, used_size=6836224 bytes (16.7%)
(RDMA_READ_CONSUME_CHECK_CONSUMER) timestamp=4230 ms, used_size=6834176 bytes (16.7%)
(RDMA_READ_CONSUME_CHECK_CONSUMER) timestamp=4230 ms, used_size=6832128 bytes (16.7%)
(RDMA_READ_CONSUME_CHECK_CONSUMER) timestamp=4230 ms, used_size=6830080 bytes (16.7%)
(RDMA_READ_CONSUME_CHECK_CONSUMER) timestamp=4230 ms, used_size=6828032 bytes (16.7%)
(RDMA_READ_CONSUME_CHECK_CONSUMER) timestamp=4230 ms, used_size=6825984 bytes (16.7%)
(RDMA_READ_CONSUME_CHECK_CONSUMER) timestamp=4230 ms, used_size=6823936 bytes (16.7%)
(RDMA_READ_CONSUME_CHECK_CONSUMER) timestamp=4230 ms, used_size=6821888 bytes (16.7%)
(RDMA_READ_CONSUME_CHECK_CONSUMER) timestamp=4230 ms, used_size=6819840 bytes (16.6%)
(RDMA_READ_CONSUME_CHECK_CONSUMER) timestamp=4230 ms, used_size=6817792 bytes (16.6%)
(RDMA_READ_CONSUME_CHECK_CONSUMER) timestamp=4230 ms, used_size=6815744 bytes (16.6%)
(RDMA_READ_CONSUME_CHECK_CONSUMER) timestamp=4230 ms, used_size=6813696 bytes (16.6%)
(RDMA_READ_CONSUME_CHECK_CONSUMER) timestamp=4230 ms, used_size=6811648 bytes (16.6%)
(RDMA_READ_CONSUME_CHECK_CONSUMER) timestamp=4230 ms, used_size=6809600 bytes (16.6%)
(RDMA_READ_CONSUME_CHECK_CONSUMER) timestamp=4230 ms, used_size=6807552 bytes (16.6%)
(RDMA_READ_CONSUME_CHECK_CONSUMER) timestamp=4230 ms, used_size=6805504 bytes (16.6%)
(RDMA_READ_CONSUME_CHECK_CONSUMER) timestamp=4230 ms, used_size=6803456 bytes (16.6%)
(RDMA_READ_CONSUME_CHECK_CONSUMER) timestamp=4230 ms, used_size=6801408 bytes (16.6%)
(RDMA_READ_CONSUME_CHECK_CONSUMER) timestamp=4230 ms, used_size=6799360 bytes (16.6%)
(RDMA_READ_CONSUME_CHECK_CONSUMER) timestamp=4230 ms, used_size=6797312 bytes (16.6%)
(RDMA_READ_CONSUME_CHECK_CONSUMER) timestamp=4230 ms, used_size=6795264 bytes (16.6%)
(RDMA_READ_CONSUME_CHECK_CONSUMER) timestamp=4230 ms, used_size=6793216 bytes (16.6%)
(RDMA_READ_CONSUME_CHECK_CONSUMER) timestamp=4230 ms, used_size=6791168 bytes (16.6%)
(RDMA_READ_CONSUME_CHECK_CONSUMER) timestamp=4230 ms, used_size=6789120 bytes (16.6%)
(RDMA_READ_CONSUME_CHECK_CONSUMER) timestamp=4230 ms, used_size=6787072 bytes (16.6%)
(RDMA_READ_CONSUME_CHECK_CONSUMER) timestamp=4230 ms, used_size=6785024 bytes (16.6%)
(RDMA_READ_CONSUME_CHECK_CONSUMER) timestamp=4230 ms, used_size=6782976 bytes (16.6%)
(RDMA_READ_CONSUME_CHECK_CONSUMER) timestamp=4230 ms, used_size=6780928 bytes (16.6%)
(RDMA_READ_CONSUME_CHECK_CONSUMER) timestamp=4230 ms, used_size=6778880 bytes (16.6%)
(RDMA_READ_CONSUME_CHECK_CONSUMER) timestamp=4230 ms, used_size=6776832 bytes (16.5%)
(RDMA_READ_CONSUME_CHECK_CONSUMER) timestamp=4230 ms, used_size=6774784 bytes (16.5%)
(RDMA_READ_CONSUME_CHECK_CONSUMER) timestamp=4230 ms, used_size=6772736 bytes (16.5%)
(RDMA_READ_CONSUME_CHECK_CONSUMER) timestamp=4230 ms, used_size=6770688 bytes (16.5%)
(RDMA_READ_CONSUME_CHECK_CONSUMER) timestamp=4230 ms, used_size=6768640 bytes (16.5%)
(RDMA_READ_CONSUME_CHECK_CONSUMER) timestamp=4230 ms, used_size=6766592 bytes (16.5%)
(RDMA_READ_CONSUME_CHECK_CONSUMER) timestamp=4230 ms, used_size=6764544 bytes (16.5%)
(RDMA_READ_CONSUME_CHECK_CONSUMER) timestamp=4230 ms, used_size=6762496 bytes (16.5%)
(RDMA_READ_CONSUME_CHECK_CONSUMER) timestamp=4230 ms, used_size=6760448 bytes (16.5%)
(RDMA_READ_CONSUME_CHECK_CONSUMER) timestamp=4230 ms, used_size=6758400 bytes (16.5%)
(RDMA_READ_CONSUME_CHECK_CONSUMER) timestamp=4230 ms, used_size=6756352 bytes (16.5%)
(RDMA_READ_CONSUME_CHECK_CONSUMER) timestamp=4230 ms, used_size=6754304 bytes (16.5%)
(RDMA_READ_CONSUME_CHECK_CONSUMER) timestamp=4230 ms, used_size=6752256 bytes (16.5%)
(RDMA_READ_CONSUME_CHECK_CONSUMER) timestamp=4230 ms, used_size=6750208 bytes (16.5%)
(RDMA_READ_CONSUME_CHECK_CONSUMER) timestamp=4230 ms, used_size=6748160 bytes (16.5%)
(RDMA_READ_CONSUME_CHECK_CONSUMER) timestamp=4230 ms, used_size=6746112 bytes (16.5%)
(RDMA_READ_CONSUME_CHECK_CONSUMER) timestamp=4230 ms, used_size=6744064 bytes (16.5%)
(RDMA_READ_CONSUME_CHECK_CONSUMER) timestamp=4230 ms, used_size=6742016 bytes (16.5%)
(RDMA_READ_CONSUME_CHECK_CONSUMER) timestamp=4230 ms, used_size=6739968 bytes (16.5%)
(RDMA_READ_CONSUME_CHECK_CONSUMER) timestamp=4230 ms, used_size=6737920 bytes (16.4%)
(RDMA_READ_CONSUME_CHECK_CONSUMER) timestamp=4230 ms, used_size=6735872 bytes (16.4%)
(RDMA_READ_CONSUME_CHECK_CONSUMER) timestamp=4230 ms, used_size=6733824 bytes (16.4%)
(RDMA_READ_CONSUME_CHECK_CONSUMER) timestamp=4230 ms, used_size=6731776 bytes (16.4%)
(RDMA_READ_CONSUME_CHECK_CONSUMER) timestamp=4230 ms, used_size=6729728 bytes (16.4%)
(RDMA_READ_CONSUME_CHECK_CONSUMER) timestamp=4231 ms, used_size=6727680 bytes (16.4%)
(RDMA_READ_CONSUME_CHECK_CONSUMER) timestamp=4231 ms, used_size=6725632 bytes (16.4%)
(RDMA_READ_CONSUME_CHECK_CONSUMER) timestamp=4231 ms, used_size=6723584 bytes (16.4%)
(RDMA_READ_CONSUME_CHECK_CONSUMER) timestamp=4231 ms, used_size=6721536 bytes (16.4%)
(RDMA_READ_CONSUME_CHECK_CONSUMER) timestamp=4231 ms, used_size=6719488 bytes (16.4%)
(RDMA_READ_CONSUME_CHECK_CONSUMER) timestamp=4231 ms, used_size=6717440 bytes (16.4%)
(RDMA_READ_CONSUME_CHECK_CONSUMER) timestamp=4231 ms, used_size=6715392 bytes (16.4%)
(RDMA_READ_CONSUME_CHECK_CONSUMER) timestamp=4231 ms, used_size=6713344 bytes (16.4%)
(RDMA_READ_CONSUME_CHECK_CONSUMER) timestamp=4231 ms, used_size=6711296 bytes (16.4%)
(RDMA_READ_CONSUME_CHECK_CONSUMER) timestamp=4231 ms, used_size=6709248 bytes (16.4%)
(RDMA_READ_CONSUME_CHECK_CONSUMER) timestamp=4231 ms, used_size=6707200 bytes (16.4%)
(RDMA_READ_CONSUME_CHECK_CONSUMER) timestamp=4231 ms, used_size=6705152 bytes (16.4%)
(RDMA_READ_CONSUME_CHECK_CONSUMER) timestamp=4231 ms, used_size=6703104 bytes (16.4%)
(RDMA_READ_CONSUME_CHECK_CONSUMER) timestamp=4231 ms, used_size=6701056 bytes (16.4%)
(RDMA_READ_CONSUME_CHECK_CONSUMER) timestamp=4231 ms, used_size=6699008 bytes (16.4%)
(RDMA_READ_CONSUME_CHECK_CONSUMER) timestamp=4231 ms, used_size=6696960 bytes (16.4%)
(RDMA_READ_CONSUME_CHECK_CONSUMER) timestamp=4231 ms, used_size=6694912 bytes (16.3%)
(RDMA_READ_CONSUME_CHECK_CONSUMER) timestamp=4231 ms, used_size=6692864 bytes (16.3%)
(RDMA_READ_CONSUME_CHECK_CONSUMER) timestamp=4231 ms, used_size=6690816 bytes (16.3%)
(RDMA_READ_CONSUME_CHECK_CONSUMER) timestamp=4231 ms, used_size=6688768 bytes (16.3%)
(RDMA_READ_CONSUME_CHECK_CONSUMER) timestamp=4231 ms, used_size=6686720 bytes (16.3%)
(RDMA_READ_CONSUME_CHECK_CONSUMER) timestamp=4231 ms, used_size=6684672 bytes (16.3%)
(RDMA_READ_CONSUME_CHECK_CONSUMER) timestamp=4231 ms, used_size=6682624 bytes (16.3%)
(RDMA_READ_CONSUME_CHECK_CONSUMER) timestamp=4231 ms, used_size=6680576 bytes (16.3%)
(RDMA_READ_CONSUME_CHECK_CONSUMER) timestamp=4231 ms, used_size=6678528 bytes (16.3%)
(RDMA_READ_CONSUME_CHECK_CONSUMER) timestamp=4231 ms, used_size=6676480 bytes (16.3%)
(RDMA_READ_CONSUME_CHECK_CONSUMER) timestamp=4231 ms, used_size=6674432 bytes (16.3%)
(RDMA_READ_CONSUME_CHECK_CONSUMER) timestamp=4231 ms, used_size=6672384 bytes (16.3%)
(RDMA_READ_CONSUME_CHECK_CONSUMER) timestamp=4231 ms, used_size=6670336 bytes (16.3%)
(RDMA_READ_CONSUME_CHECK_CONSUMER) timestamp=4231 ms, used_size=6668288 bytes (16.3%)
(RDMA_READ_CONSUME_CHECK_CONSUMER) timestamp=4231 ms, used_size=6666240 bytes (16.3%)
(RDMA_READ_CONSUME_CHECK_CONSUMER) timestamp=4231 ms, used_size=6664192 bytes (16.3%)
(RDMA_READ_CONSUME_CHECK_CONSUMER) timestamp=4231 ms, used_size=6662144 bytes (16.3%)
(RDMA_READ_CONSUME_CHECK_CONSUMER) timestamp=4231 ms, used_size=6660096 bytes (16.3%)
(RDMA_READ_CONSUME_CHECK_CONSUMER) timestamp=4231 ms, used_size=6658048 bytes (16.3%)
(RDMA_READ_CONSUME_CHECK_CONSUMER) timestamp=4231 ms, used_size=6656000 bytes (16.2%)
(RDMA_READ_CONSUME_CHECK_CONSUMER) timestamp=4231 ms, used_size=6653952 bytes (16.2%)
(RDMA_READ_CONSUME_CHECK_CONSUMER) timestamp=4231 ms, used_size=6651904 bytes (16.2%)
(RDMA_READ_CONSUME_CHECK_CONSUMER) timestamp=4231 ms, used_size=6649856 bytes (16.2%)
(RDMA_READ_CONSUME_CHECK_CONSUMER) timestamp=4231 ms, used_size=6647808 bytes (16.2%)
(RDMA_READ_CONSUME_CHECK_CONSUMER) timestamp=4231 ms, used_size=6645760 bytes (16.2%)
(RDMA_READ_CONSUME_CHECK_CONSUMER) timestamp=4231 ms, used_size=6643712 bytes (16.2%)
(RDMA_READ_CONSUME_CHECK_CONSUMER) timestamp=4231 ms, used_size=6641664 bytes (16.2%)
(RDMA_READ_CONSUME_CHECK_CONSUMER) timestamp=4231 ms, used_size=6639616 bytes (16.2%)
(RDMA_READ_CONSUME_CHECK_CONSUMER) timestamp=4231 ms, used_size=6637568 bytes (16.2%)
(RDMA_READ_CONSUME_CHECK_CONSUMER) timestamp=4231 ms, used_size=6635520 bytes (16.2%)
(RDMA_READ_CONSUME_CHECK_CONSUMER) timestamp=4231 ms, used_size=6633472 bytes (16.2%)
(RDMA_READ_CONSUME_CHECK_CONSUMER) timestamp=4231 ms, used_size=6631424 bytes (16.2%)
(RDMA_READ_CONSUME_CHECK_CONSUMER) timestamp=4231 ms, used_size=6629376 bytes (16.2%)
(RDMA_READ_CONSUME_CHECK_CONSUMER) timestamp=4231 ms, used_size=6627328 bytes (16.2%)
(RDMA_READ_CONSUME_CHECK_CONSUMER) timestamp=4231 ms, used_size=6625280 bytes (16.2%)
(RDMA_READ_CONSUME_CHECK_CONSUMER) timestamp=4231 ms, used_size=6623232 bytes (16.2%)
(RDMA_READ_CONSUME_CHECK_CONSUMER) timestamp=4231 ms, used_size=6621184 bytes (16.2%)
(RDMA_READ_CONSUME_CHECK_CONSUMER) timestamp=4231 ms, used_size=6619136 bytes (16.2%)
(RDMA_READ_CONSUME_CHECK_CONSUMER) timestamp=4231 ms, used_size=6617088 bytes (16.2%)
(RDMA_READ_CONSUME_CHECK_CONSUMER) timestamp=4231 ms, used_size=6615040 bytes (16.1%)
(RDMA_READ_CONSUME_CHECK_CONSUMER) timestamp=4231 ms, used_size=6612992 bytes (16.1%)
(RDMA_READ_CONSUME_CHECK_CONSUMER) timestamp=4231 ms, used_size=6610944 bytes (16.1%)
(RDMA_READ_CONSUME_CHECK_CONSUMER) timestamp=4231 ms, used_size=6608896 bytes (16.1%)
(RDMA_READ_CONSUME_CHECK_CONSUMER) timestamp=4231 ms, used_size=6606848 bytes (16.1%)
(RDMA_READ_CONSUME_CHECK_CONSUMER) timestamp=4231 ms, used_size=6604800 bytes (16.1%)
(RDMA_READ_CONSUME_CHECK_CONSUMER) timestamp=4231 ms, used_size=6602752 bytes (16.1%)
(RDMA_READ_CONSUME_CHECK_CONSUMER) timestamp=4231 ms, used_size=6600704 bytes (16.1%)
(RDMA_READ_CONSUME_CHECK_CONSUMER) timestamp=4231 ms, used_size=6598656 bytes (16.1%)
(RDMA_READ_CONSUME_CHECK_CONSUMER) timestamp=4231 ms, used_size=6596608 bytes (16.1%)
(RDMA_READ_CONSUME_CHECK_CONSUMER) timestamp=4231 ms, used_size=6594560 bytes (16.1%)
(RDMA_READ_CONSUME_CHECK_CONSUMER) timestamp=4231 ms, used_size=6592512 bytes (16.1%)
(RDMA_READ_CONSUME_CHECK_CONSUMER) timestamp=4231 ms, used_size=6590464 bytes (16.1%)
(RDMA_READ_CONSUME_CHECK_CONSUMER) timestamp=4231 ms, used_size=6588416 bytes (16.1%)
(RDMA_READ_CONSUME_CHECK_CONSUMER) timestamp=4231 ms, used_size=6586368 bytes (16.1%)
(RDMA_READ_CONSUME_CHECK_CONSUMER) timestamp=4231 ms, used_size=6584320 bytes (16.1%)
(RDMA_READ_CONSUME_CHECK_CONSUMER) timestamp=4231 ms, used_size=6582272 bytes (16.1%)
(RDMA_READ_CONSUME_CHECK_CONSUMER) timestamp=4231 ms, used_size=6580224 bytes (16.1%)
(RDMA_READ_CONSUME_CHECK_CONSUMER) timestamp=4231 ms, used_size=6578176 bytes (16.1%)
(RDMA_READ_CONSUME_CHECK_CONSUMER) timestamp=4231 ms, used_size=6576128 bytes (16.1%)
(RDMA_READ_CONSUME_CHECK_CONSUMER) timestamp=4231 ms, used_size=6574080 bytes (16.1%)
(RDMA_READ_CONSUME_CHECK_CONSUMER) timestamp=4231 ms, used_size=6572032 bytes (16.0%)
(RDMA_READ_CONSUME_CHECK_CONSUMER) timestamp=4231 ms, used_size=6569984 bytes (16.0%)
(RDMA_READ_CONSUME_CHECK_CONSUMER) timestamp=4231 ms, used_size=6567936 bytes (16.0%)
(RDMA_READ_CONSUME_CHECK_CONSUMER) timestamp=4231 ms, used_size=6565888 bytes (16.0%)
(RDMA_READ_CONSUME_CHECK_CONSUMER) timestamp=4231 ms, used_size=6563840 bytes (16.0%)
(RDMA_READ_CONSUME_CHECK_CONSUMER) timestamp=4231 ms, used_size=6561792 bytes (16.0%)
(RDMA_READ_CONSUME_CHECK_CONSUMER) timestamp=4231 ms, used_size=6559744 bytes (16.0%)
(RDMA_READ_CONSUME_CHECK_CONSUMER) timestamp=4231 ms, used_size=6557696 bytes (16.0%)
(RDMA_READ_CONSUME_CHECK_CONSUMER) timestamp=4231 ms, used_size=6555648 bytes (16.0%)
(RDMA_READ_CONSUME_CHECK_CONSUMER) timestamp=4231 ms, used_size=6553600 bytes (16.0%)
(RDMA_READ_CONSUME_CHECK_CONSUMER) timestamp=4231 ms, used_size=6551552 bytes (16.0%)
(RDMA_READ_CONSUME_CHECK_CONSUMER) timestamp=4231 ms, used_size=6549504 bytes (16.0%)
(RDMA_READ_CONSUME_CHECK_CONSUMER) timestamp=4231 ms, used_size=6547456 bytes (16.0%)
(RDMA_READ_CONSUME_CHECK_CONSUMER) timestamp=4231 ms, used_size=6545408 bytes (16.0%)
(RDMA_READ_CONSUME_CHECK_CONSUMER) timestamp=4231 ms, used_size=6543360 bytes (16.0%)
(RDMA_READ_CONSUME_CHECK_CONSUMER) timestamp=4231 ms, used_size=6541312 bytes (16.0%)
(RDMA_READ_CONSUME_CHECK_CONSUMER) timestamp=4231 ms, used_size=6539264 bytes (16.0%)
(RDMA_READ_CONSUME_CHECK_CONSUMER) timestamp=4231 ms, used_size=6537216 bytes (16.0%)
(RDMA_READ_CONSUME_CHECK_CONSUMER) timestamp=4231 ms, used_size=6535168 bytes (16.0%)
(RDMA_READ_CONSUME_CHECK_CONSUMER) timestamp=4231 ms, used_size=6533120 bytes (15.9%)
(RDMA_READ_CONSUME_CHECK_CONSUMER) timestamp=4231 ms, used_size=6531072 bytes (15.9%)
(RDMA_READ_CONSUME_CHECK_CONSUMER) timestamp=4231 ms, used_size=6529024 bytes (15.9%)
(RDMA_READ_CONSUME_CHECK_CONSUMER) timestamp=4231 ms, used_size=6526976 bytes (15.9%)
(RDMA_READ_CONSUME_CHECK_CONSUMER) timestamp=4231 ms, used_size=6524928 bytes (15.9%)
(RDMA_READ_CONSUME_CHECK_CONSUMER) timestamp=4231 ms, used_size=6522880 bytes (15.9%)
(RDMA_READ_CONSUME_CHECK_CONSUMER) timestamp=4231 ms, used_size=6520832 bytes (15.9%)
(RDMA_READ_CONSUME_CHECK_CONSUMER) timestamp=4231 ms, used_size=6518784 bytes (15.9%)
(RDMA_READ_CONSUME_CHECK_CONSUMER) timestamp=4231 ms, used_size=6516736 bytes (15.9%)
(RDMA_READ_CONSUME_CHECK_CONSUMER) timestamp=4231 ms, used_size=6514688 bytes (15.9%)
(RDMA_READ_CONSUME_CHECK_CONSUMER) timestamp=4231 ms, used_size=6512640 bytes (15.9%)
(RDMA_READ_CONSUME_CHECK_CONSUMER) timestamp=4231 ms, used_size=6510592 bytes (15.9%)
(RDMA_READ_CONSUME_CHECK_CONSUMER) timestamp=4231 ms, used_size=6508544 bytes (15.9%)
(RDMA_READ_CONSUME_CHECK_CONSUMER) timestamp=4231 ms, used_size=6506496 bytes (15.9%)
(RDMA_READ_CONSUME_CHECK_CONSUMER) timestamp=4231 ms, used_size=6504448 bytes (15.9%)
(RDMA_READ_CONSUME_CHECK_CONSUMER) timestamp=4231 ms, used_size=6502400 bytes (15.9%)
(RDMA_READ_CONSUME_CHECK_CONSUMER) timestamp=4231 ms, used_size=6500352 bytes (15.9%)
(RDMA_READ_CONSUME_CHECK_CONSUMER) timestamp=4231 ms, used_size=6498304 bytes (15.9%)
(RDMA_READ_CONSUME_CHECK_CONSUMER) timestamp=4231 ms, used_size=6496256 bytes (15.9%)
(RDMA_READ_CONSUME_CHECK_CONSUMER) timestamp=4231 ms, used_size=6494208 bytes (15.9%)
(RDMA_READ_CONSUME_CHECK_CONSUMER) timestamp=4231 ms, used_size=6492160 bytes (15.8%)
(RDMA_READ_CONSUME_CHECK_CONSUMER) timestamp=4231 ms, used_size=6490112 bytes (15.8%)
(RDMA_READ_CONSUME_CHECK_CONSUMER) timestamp=4231 ms, used_size=6488064 bytes (15.8%)
(RDMA_READ_CONSUME_CHECK_CONSUMER) timestamp=4231 ms, used_size=6486016 bytes (15.8%)
(RDMA_READ_CONSUME_CHECK_CONSUMER) timestamp=4231 ms, used_size=6483968 bytes (15.8%)
(RDMA_READ_CONSUME_CHECK_CONSUMER) timestamp=4231 ms, used_size=6481920 bytes (15.8%)
(RDMA_READ_CONSUME_CHECK_CONSUMER) timestamp=4231 ms, used_size=6479872 bytes (15.8%)
(RDMA_READ_CONSUME_CHECK_CONSUMER) timestamp=4231 ms, used_size=6477824 bytes (15.8%)
(RDMA_READ_CONSUME_CHECK_CONSUMER) timestamp=4231 ms, used_size=6475776 bytes (15.8%)
(RDMA_READ_CONSUME_CHECK_CONSUMER) timestamp=4231 ms, used_size=6473728 bytes (15.8%)
(RDMA_READ_CONSUME_CHECK_CONSUMER) timestamp=4231 ms, used_size=6471680 bytes (15.8%)
(RDMA_READ_CONSUME_CHECK_CONSUMER) timestamp=4231 ms, used_size=6469632 bytes (15.8%)
(RDMA_READ_CONSUME_CHECK_CONSUMER) timestamp=4231 ms, used_size=6467584 bytes (15.8%)
(RDMA_READ_CONSUME_CHECK_CONSUMER) timestamp=4231 ms, used_size=6465536 bytes (15.8%)
(RDMA_READ_CONSUME_CHECK_CONSUMER) timestamp=4231 ms, used_size=6463488 bytes (15.8%)
(RDMA_READ_CONSUME_CHECK_CONSUMER) timestamp=4231 ms, used_size=6461440 bytes (15.8%)
(RDMA_READ_CONSUME_CHECK_CONSUMER) timestamp=4231 ms, used_size=6459392 bytes (15.8%)
(RDMA_READ_CONSUME_CHECK_CONSUMER) timestamp=4231 ms, used_size=6457344 bytes (15.8%)
(RDMA_READ_CONSUME_CHECK_CONSUMER) timestamp=4231 ms, used_size=6455296 bytes (15.8%)
(RDMA_READ_CONSUME_CHECK_CONSUMER) timestamp=4231 ms, used_size=6453248 bytes (15.8%)
(RDMA_READ_CONSUME_CHECK_CONSUMER) timestamp=4231 ms, used_size=6451200 bytes (15.8%)
(RDMA_READ_CONSUME_CHECK_CONSUMER) timestamp=4231 ms, used_size=6449152 bytes (15.7%)
(RDMA_READ_CONSUME_CHECK_CONSUMER) timestamp=4231 ms, used_size=6447104 bytes (15.7%)
(RDMA_READ_CONSUME_CHECK_CONSUMER) timestamp=4231 ms, used_size=6445056 bytes (15.7%)
(RDMA_READ_CONSUME_CHECK_CONSUMER) timestamp=4231 ms, used_size=6443008 bytes (15.7%)
(RDMA_READ_CONSUME_CHECK_CONSUMER) timestamp=4231 ms, used_size=6440960 bytes (15.7%)
(RDMA_READ_CONSUME_CHECK_CONSUMER) timestamp=4231 ms, used_size=6438912 bytes (15.7%)
(RDMA_READ_CONSUME_CHECK_CONSUMER) timestamp=4231 ms, used_size=6436864 bytes (15.7%)
(RDMA_READ_CONSUME_CHECK_CONSUMER) timestamp=4231 ms, used_size=6434816 bytes (15.7%)
(RDMA_READ_CONSUME_CHECK_CONSUMER) timestamp=4231 ms, used_size=6432768 bytes (15.7%)
(RDMA_READ_CONSUME_CHECK_CONSUMER) timestamp=4231 ms, used_size=6430720 bytes (15.7%)
(RDMA_READ_CONSUME_CHECK_CONSUMER) timestamp=4231 ms, used_size=6428672 bytes (15.7%)
(RDMA_READ_CONSUME_CHECK_CONSUMER) timestamp=4231 ms, used_size=6426624 bytes (15.7%)
(RDMA_READ_CONSUME_CHECK_CONSUMER) timestamp=4231 ms, used_size=6424576 bytes (15.7%)
(RDMA_READ_CONSUME_CHECK_CONSUMER) timestamp=4231 ms, used_size=6422528 bytes (15.7%)
(RDMA_READ_CONSUME_CHECK_CONSUMER) timestamp=4231 ms, used_size=6420480 bytes (15.7%)
(RDMA_READ_CONSUME_CHECK_CONSUMER) timestamp=4231 ms, used_size=6418432 bytes (15.7%)
(RDMA_READ_CONSUME_CHECK_CONSUMER) timestamp=4231 ms, used_size=6416384 bytes (15.7%)
(RDMA_READ_CONSUME_CHECK_CONSUMER) timestamp=4231 ms, used_size=6414336 bytes (15.7%)
(RDMA_READ_CONSUME_CHECK_CONSUMER) timestamp=4231 ms, used_size=6412288 bytes (15.7%)
(RDMA_READ_CONSUME_CHECK_CONSUMER) timestamp=4231 ms, used_size=6410240 bytes (15.7%)
(RDMA_READ_CONSUME_CHECK_CONSUMER) timestamp=4232 ms, used_size=6408192 bytes (15.6%)
(RDMA_READ_CONSUME_CHECK_CONSUMER) timestamp=4232 ms, used_size=6406144 bytes (15.6%)
(RDMA_READ_CONSUME_CHECK_CONSUMER) timestamp=4232 ms, used_size=6404096 bytes (15.6%)
(RDMA_READ_CONSUME_CHECK_CONSUMER) timestamp=4232 ms, used_size=6402048 bytes (15.6%)
(RDMA_READ_CONSUME_CHECK_CONSUMER) timestamp=4232 ms, used_size=6400000 bytes (15.6%)
(RDMA_READ_CONSUME_CHECK_CONSUMER) timestamp=4232 ms, used_size=6397952 bytes (15.6%)
(RDMA_READ_CONSUME_CHECK_CONSUMER) timestamp=4232 ms, used_size=6395904 bytes (15.6%)
(RDMA_READ_CONSUME_CHECK_CONSUMER) timestamp=4232 ms, used_size=6393856 bytes (15.6%)
(RDMA_READ_CONSUME_CHECK_CONSUMER) timestamp=4232 ms, used_size=6391808 bytes (15.6%)
(RDMA_READ_CONSUME_CHECK_CONSUMER) timestamp=4232 ms, used_size=6389760 bytes (15.6%)
(RDMA_READ_CONSUME_CHECK_CONSUMER) timestamp=4232 ms, used_size=6387712 bytes (15.6%)
(RDMA_READ_CONSUME_CHECK_CONSUMER) timestamp=4232 ms, used_size=6385664 bytes (15.6%)
(RDMA_READ_CONSUME_CHECK_CONSUMER) timestamp=4232 ms, used_size=6383616 bytes (15.6%)
(RDMA_READ_CONSUME_CHECK_CONSUMER) timestamp=4232 ms, used_size=6381568 bytes (15.6%)
(RDMA_READ_CONSUME_CHECK_CONSUMER) timestamp=4232 ms, used_size=6379520 bytes (15.6%)
(RDMA_READ_CONSUME_CHECK_CONSUMER) timestamp=4232 ms, used_size=6377472 bytes (15.6%)
(RDMA_READ_CONSUME_CHECK_CONSUMER) timestamp=4232 ms, used_size=6375424 bytes (15.6%)
(RDMA_READ_CONSUME_CHECK_CONSUMER) timestamp=4232 ms, used_size=6373376 bytes (15.6%)
(RDMA_READ_CONSUME_CHECK_CONSUMER) timestamp=4232 ms, used_size=6371328 bytes (15.6%)
(RDMA_READ_CONSUME_CHECK_CONSUMER) timestamp=4232 ms, used_size=6369280 bytes (15.6%)
(RDMA_READ_CONSUME_CHECK_CONSUMER) timestamp=4232 ms, used_size=6367232 bytes (15.5%)
(RDMA_READ_CONSUME_CHECK_CONSUMER) timestamp=4232 ms, used_size=6365184 bytes (15.5%)
(RDMA_READ_CONSUME_CHECK_CONSUMER) timestamp=4232 ms, used_size=6363136 bytes (15.5%)
(RDMA_READ_CONSUME_CHECK_CONSUMER) timestamp=4232 ms, used_size=6361088 bytes (15.5%)
(RDMA_READ_CONSUME_CHECK_CONSUMER) timestamp=4232 ms, used_size=6359040 bytes (15.5%)
(RDMA_READ_CONSUME_CHECK_CONSUMER) timestamp=4232 ms, used_size=6356992 bytes (15.5%)
(RDMA_READ_CONSUME_CHECK_CONSUMER) timestamp=4232 ms, used_size=6354944 bytes (15.5%)
(RDMA_READ_CONSUME_CHECK_CONSUMER) timestamp=4232 ms, used_size=6352896 bytes (15.5%)
(RDMA_READ_CONSUME_CHECK_CONSUMER) timestamp=4232 ms, used_size=6350848 bytes (15.5%)
(RDMA_READ_CONSUME_CHECK_CONSUMER) timestamp=4232 ms, used_size=6348800 bytes (15.5%)
(RDMA_READ_CONSUME_CHECK_CONSUMER) timestamp=4232 ms, used_size=6346752 bytes (15.5%)
(RDMA_READ_CONSUME_CHECK_CONSUMER) timestamp=4232 ms, used_size=6344704 bytes (15.5%)
(RDMA_READ_CONSUME_CHECK_CONSUMER) timestamp=4232 ms, used_size=6342656 bytes (15.5%)
(RDMA_READ_CONSUME_CHECK_CONSUMER) timestamp=4232 ms, used_size=6340608 bytes (15.5%)
(RDMA_READ_CONSUME_CHECK_CONSUMER) timestamp=4232 ms, used_size=6338560 bytes (15.5%)
(RDMA_READ_CONSUME_CHECK_CONSUMER) timestamp=4232 ms, used_size=6336512 bytes (15.5%)
(RDMA_READ_CONSUME_CHECK_CONSUMER) timestamp=4232 ms, used_size=6334464 bytes (15.5%)
(RDMA_READ_CONSUME_CHECK_CONSUMER) timestamp=4232 ms, used_size=6332416 bytes (15.5%)
(RDMA_READ_CONSUME_CHECK_CONSUMER) timestamp=4232 ms, used_size=6330368 bytes (15.5%)
(RDMA_READ_CONSUME_CHECK_CONSUMER) timestamp=4232 ms, used_size=6328320 bytes (15.4%)
(RDMA_READ_CONSUME_CHECK_CONSUMER) timestamp=4232 ms, used_size=6326272 bytes (15.4%)
(RDMA_READ_CONSUME_CHECK_CONSUMER) timestamp=4232 ms, used_size=6324224 bytes (15.4%)
(RDMA_READ_CONSUME_CHECK_CONSUMER) timestamp=4232 ms, used_size=6322176 bytes (15.4%)
(RDMA_READ_CONSUME_CHECK_CONSUMER) timestamp=4232 ms, used_size=6320128 bytes (15.4%)
(RDMA_READ_CONSUME_CHECK_CONSUMER) timestamp=4232 ms, used_size=6318080 bytes (15.4%)
(RDMA_READ_CONSUME_CHECK_CONSUMER) timestamp=4232 ms, used_size=6316032 bytes (15.4%)
(RDMA_READ_CONSUME_CHECK_CONSUMER) timestamp=4232 ms, used_size=6313984 bytes (15.4%)
(RDMA_READ_CONSUME_CHECK_CONSUMER) timestamp=4232 ms, used_size=6311936 bytes (15.4%)
(RDMA_READ_CONSUME_CHECK_CONSUMER) timestamp=4232 ms, used_size=6309888 bytes (15.4%)
(RDMA_READ_CONSUME_CHECK_CONSUMER) timestamp=4232 ms, used_size=6307840 bytes (15.4%)
(RDMA_READ_CONSUME_CHECK_CONSUMER) timestamp=4232 ms, used_size=6305792 bytes (15.4%)
(RDMA_READ_CONSUME_CHECK_CONSUMER) timestamp=4232 ms, used_size=6303744 bytes (15.4%)
(RDMA_READ_CONSUME_CHECK_CONSUMER) timestamp=4232 ms, used_size=6301696 bytes (15.4%)
(RDMA_READ_CONSUME_CHECK_CONSUMER) timestamp=4232 ms, used_size=6299648 bytes (15.4%)
(RDMA_READ_CONSUME_CHECK_CONSUMER) timestamp=4232 ms, used_size=6297600 bytes (15.4%)
(RDMA_READ_CONSUME_CHECK_CONSUMER) timestamp=4232 ms, used_size=6295552 bytes (15.4%)
(RDMA_READ_CONSUME_CHECK_CONSUMER) timestamp=4232 ms, used_size=6293504 bytes (15.4%)
(RDMA_READ_CONSUME_CHECK_CONSUMER) timestamp=4232 ms, used_size=6291456 bytes (15.4%)
(RDMA_READ_CONSUME_CHECK_CONSUMER) timestamp=4232 ms, used_size=6289408 bytes (15.4%)
(RDMA_READ_CONSUME_CHECK_CONSUMER) timestamp=4232 ms, used_size=6287360 bytes (15.3%)
(RDMA_READ_CONSUME_CHECK_CONSUMER) timestamp=4232 ms, used_size=6285312 bytes (15.3%)
(RDMA_READ_CONSUME_CHECK_CONSUMER) timestamp=4232 ms, used_size=6283264 bytes (15.3%)
(RDMA_READ_CONSUME_CHECK_CONSUMER) timestamp=4232 ms, used_size=6281216 bytes (15.3%)
(RDMA_READ_CONSUME_CHECK_CONSUMER) timestamp=4232 ms, used_size=6279168 bytes (15.3%)
(RDMA_READ_CONSUME_CHECK_CONSUMER) timestamp=4232 ms, used_size=6277120 bytes (15.3%)
(RDMA_READ_CONSUME_CHECK_CONSUMER) timestamp=4232 ms, used_size=6275072 bytes (15.3%)
(RDMA_READ_CONSUME_CHECK_CONSUMER) timestamp=4232 ms, used_size=6273024 bytes (15.3%)
(RDMA_READ_CONSUME_CHECK_CONSUMER) timestamp=4232 ms, used_size=6270976 bytes (15.3%)
(RDMA_READ_CONSUME_CHECK_CONSUMER) timestamp=4232 ms, used_size=6268928 bytes (15.3%)
(RDMA_READ_CONSUME_CHECK_CONSUMER) timestamp=4232 ms, used_size=6266880 bytes (15.3%)
(RDMA_READ_CONSUME_CHECK_CONSUMER) timestamp=4232 ms, used_size=6264832 bytes (15.3%)
(RDMA_READ_CONSUME_CHECK_CONSUMER) timestamp=4232 ms, used_size=6262784 bytes (15.3%)
(RDMA_READ_CONSUME_CHECK_CONSUMER) timestamp=4232 ms, used_size=6260736 bytes (15.3%)
(RDMA_READ_CONSUME_CHECK_CONSUMER) timestamp=4232 ms, used_size=6258688 bytes (15.3%)
(RDMA_READ_CONSUME_CHECK_CONSUMER) timestamp=4232 ms, used_size=6256640 bytes (15.3%)
(RDMA_READ_CONSUME_CHECK_CONSUMER) timestamp=4232 ms, used_size=6254592 bytes (15.3%)
(RDMA_READ_CONSUME_CHECK_CONSUMER) timestamp=4232 ms, used_size=6252544 bytes (15.3%)
(RDMA_READ_CONSUME_CHECK_CONSUMER) timestamp=4232 ms, used_size=6250496 bytes (15.3%)
(RDMA_READ_CONSUME_CHECK_CONSUMER) timestamp=4232 ms, used_size=6248448 bytes (15.3%)
(RDMA_READ_CONSUME_CHECK_CONSUMER) timestamp=4232 ms, used_size=6246400 bytes (15.2%)
(RDMA_READ_CONSUME_CHECK_CONSUMER) timestamp=4232 ms, used_size=6244352 bytes (15.2%)
(RDMA_READ_CONSUME_CHECK_CONSUMER) timestamp=4232 ms, used_size=6242304 bytes (15.2%)
(RDMA_READ_CONSUME_CHECK_CONSUMER) timestamp=4232 ms, used_size=6240256 bytes (15.2%)
(RDMA_READ_CONSUME_CHECK_CONSUMER) timestamp=4232 ms, used_size=6238208 bytes (15.2%)
(RDMA_READ_CONSUME_CHECK_CONSUMER) timestamp=4232 ms, used_size=6236160 bytes (15.2%)
(RDMA_READ_CONSUME_CHECK_CONSUMER) timestamp=4232 ms, used_size=6234112 bytes (15.2%)
(RDMA_READ_CONSUME_CHECK_CONSUMER) timestamp=4232 ms, used_size=6232064 bytes (15.2%)
(RDMA_READ_CONSUME_CHECK_CONSUMER) timestamp=4232 ms, used_size=6230016 bytes (15.2%)
(RDMA_READ_CONSUME_CHECK_CONSUMER) timestamp=4232 ms, used_size=6227968 bytes (15.2%)
(RDMA_READ_CONSUME_CHECK_CONSUMER) timestamp=4232 ms, used_size=6225920 bytes (15.2%)
(RDMA_READ_CONSUME_CHECK_CONSUMER) timestamp=4232 ms, used_size=6223872 bytes (15.2%)
(RDMA_READ_CONSUME_CHECK_CONSUMER) timestamp=4232 ms, used_size=6221824 bytes (15.2%)
(RDMA_READ_CONSUME_CHECK_CONSUMER) timestamp=4232 ms, used_size=6219776 bytes (15.2%)
(RDMA_READ_CONSUME_CHECK_CONSUMER) timestamp=4232 ms, used_size=6217728 bytes (15.2%)
(RDMA_READ_CONSUME_CHECK_CONSUMER) timestamp=4232 ms, used_size=6215680 bytes (15.2%)
(RDMA_READ_CONSUME_CHECK_CONSUMER) timestamp=4232 ms, used_size=6213632 bytes (15.2%)
(RDMA_READ_CONSUME_CHECK_CONSUMER) timestamp=4232 ms, used_size=6211584 bytes (15.2%)
(RDMA_READ_CONSUME_CHECK_CONSUMER) timestamp=4232 ms, used_size=6209536 bytes (15.2%)
(RDMA_READ_CONSUME_CHECK_CONSUMER) timestamp=4232 ms, used_size=6207488 bytes (15.2%)
(RDMA_READ_CONSUME_CHECK_CONSUMER) timestamp=4232 ms, used_size=6205440 bytes (15.2%)
(RDMA_READ_CONSUME_CHECK_CONSUMER) timestamp=4232 ms, used_size=6203392 bytes (15.1%)
(RDMA_READ_CONSUME_CHECK_CONSUMER) timestamp=4232 ms, used_size=6201344 bytes (15.1%)
(RDMA_READ_CONSUME_CHECK_CONSUMER) timestamp=4232 ms, used_size=6199296 bytes (15.1%)
(RDMA_READ_CONSUME_CHECK_CONSUMER) timestamp=4232 ms, used_size=6197248 bytes (15.1%)
(RDMA_READ_CONSUME_CHECK_CONSUMER) timestamp=4232 ms, used_size=6195200 bytes (15.1%)
(RDMA_READ_CONSUME_CHECK_CONSUMER) timestamp=4232 ms, used_size=6193152 bytes (15.1%)
(RDMA_READ_CONSUME_CHECK_CONSUMER) timestamp=4232 ms, used_size=6191104 bytes (15.1%)
(RDMA_READ_CONSUME_CHECK_CONSUMER) timestamp=4232 ms, used_size=6189056 bytes (15.1%)
(RDMA_READ_CONSUME_CHECK_CONSUMER) timestamp=4232 ms, used_size=6187008 bytes (15.1%)
(RDMA_READ_CONSUME_CHECK_CONSUMER) timestamp=4232 ms, used_size=6184960 bytes (15.1%)
(RDMA_READ_CONSUME_CHECK_CONSUMER) timestamp=4232 ms, used_size=6182912 bytes (15.1%)
(RDMA_READ_CONSUME_CHECK_CONSUMER) timestamp=4232 ms, used_size=6180864 bytes (15.1%)
(RDMA_READ_CONSUME_CHECK_CONSUMER) timestamp=4232 ms, used_size=6178816 bytes (15.1%)
(RDMA_READ_CONSUME_CHECK_CONSUMER) timestamp=4232 ms, used_size=6176768 bytes (15.1%)
(RDMA_READ_CONSUME_CHECK_CONSUMER) timestamp=4232 ms, used_size=6174720 bytes (15.1%)
(RDMA_READ_CONSUME_CHECK_CONSUMER) timestamp=4232 ms, used_size=6172672 bytes (15.1%)
(RDMA_READ_CONSUME_CHECK_CONSUMER) timestamp=4232 ms, used_size=6170624 bytes (15.1%)
(RDMA_READ_CONSUME_CHECK_CONSUMER) timestamp=4232 ms, used_size=6168576 bytes (15.1%)
(RDMA_READ_CONSUME_CHECK_CONSUMER) timestamp=4232 ms, used_size=6166528 bytes (15.1%)
(RDMA_READ_CONSUME_CHECK_CONSUMER) timestamp=4232 ms, used_size=6164480 bytes (15.1%)
(RDMA_READ_CONSUME_CHECK_CONSUMER) timestamp=4232 ms, used_size=6162432 bytes (15.0%)
(RDMA_READ_CONSUME_CHECK_CONSUMER) timestamp=4232 ms, used_size=6160384 bytes (15.0%)
(RDMA_READ_CONSUME_CHECK_CONSUMER) timestamp=4232 ms, used_size=6158336 bytes (15.0%)
(RDMA_READ_CONSUME_CHECK_CONSUMER) timestamp=4232 ms, used_size=6156288 bytes (15.0%)
(RDMA_READ_CONSUME_CHECK_CONSUMER) timestamp=4232 ms, used_size=6154240 bytes (15.0%)
(RDMA_READ_CONSUME_CHECK_CONSUMER) timestamp=4232 ms, used_size=6152192 bytes (15.0%)
(RDMA_READ_CONSUME_CHECK_CONSUMER) timestamp=4232 ms, used_size=6150144 bytes (15.0%)
(RDMA_READ_CONSUME_CHECK_CONSUMER) timestamp=4232 ms, used_size=6148096 bytes (15.0%)
(RDMA_READ_CONSUME_CHECK_CONSUMER) timestamp=4232 ms, used_size=6146048 bytes (15.0%)
(RDMA_READ_CONSUME_CHECK_CONSUMER) timestamp=4232 ms, used_size=6144000 bytes (15.0%)
(RDMA_READ_CONSUME_CHECK_CONSUMER) timestamp=4232 ms, used_size=6141952 bytes (15.0%)
(RDMA_READ_CONSUME_CHECK_CONSUMER) timestamp=4232 ms, used_size=6139904 bytes (15.0%)
(RDMA_READ_CONSUME_CHECK_CONSUMER) timestamp=4232 ms, used_size=6137856 bytes (15.0%)
(RDMA_READ_CONSUME_CHECK_CONSUMER) timestamp=4232 ms, used_size=6135808 bytes (15.0%)
(RDMA_READ_CONSUME_CHECK_CONSUMER) timestamp=4232 ms, used_size=6133760 bytes (15.0%)
(RDMA_READ_CONSUME_CHECK_CONSUMER) timestamp=4232 ms, used_size=6131712 bytes (15.0%)
(RDMA_READ_CONSUME_CHECK_CONSUMER) timestamp=4232 ms, used_size=6129664 bytes (15.0%)
(RDMA_READ_CONSUME_CHECK_CONSUMER) timestamp=4232 ms, used_size=6127616 bytes (15.0%)
(RDMA_READ_CONSUME_CHECK_CONSUMER) timestamp=4232 ms, used_size=6125568 bytes (15.0%)
(RDMA_READ_CONSUME_CHECK_CONSUMER) timestamp=4232 ms, used_size=6123520 bytes (14.9%)
(RDMA_READ_CONSUME_CHECK_CONSUMER) timestamp=4232 ms, used_size=6121472 bytes (14.9%)
(RDMA_READ_CONSUME_CHECK_CONSUMER) timestamp=4232 ms, used_size=6119424 bytes (14.9%)
(RDMA_READ_CONSUME_CHECK_CONSUMER) timestamp=4232 ms, used_size=6117376 bytes (14.9%)
(RDMA_READ_CONSUME_CHECK_CONSUMER) timestamp=4232 ms, used_size=6115328 bytes (14.9%)
(RDMA_READ_CONSUME_CHECK_CONSUMER) timestamp=4232 ms, used_size=6113280 bytes (14.9%)
(RDMA_READ_CONSUME_CHECK_CONSUMER) timestamp=4232 ms, used_size=6111232 bytes (14.9%)
(RDMA_READ_CONSUME_CHECK_CONSUMER) timestamp=4232 ms, used_size=6109184 bytes (14.9%)
(RDMA_READ_CONSUME_CHECK_CONSUMER) timestamp=4232 ms, used_size=6107136 bytes (14.9%)
(RDMA_READ_CONSUME_CHECK_CONSUMER) timestamp=4232 ms, used_size=6105088 bytes (14.9%)
(RDMA_READ_CONSUME_CHECK_CONSUMER) timestamp=4232 ms, used_size=6103040 bytes (14.9%)
(RDMA_READ_CONSUME_CHECK_CONSUMER) timestamp=4232 ms, used_size=6100992 bytes (14.9%)
(RDMA_READ_CONSUME_CHECK_CONSUMER) timestamp=4232 ms, used_size=6098944 bytes (14.9%)
(RDMA_READ_CONSUME_CHECK_CONSUMER) timestamp=4232 ms, used_size=6096896 bytes (14.9%)
(RDMA_READ_CONSUME_CHECK_CONSUMER) timestamp=4232 ms, used_size=6094848 bytes (14.9%)
(RDMA_READ_CONSUME_CHECK_CONSUMER) timestamp=4232 ms, used_size=6092800 bytes (14.9%)
(RDMA_READ_CONSUME_CHECK_CONSUMER) timestamp=4232 ms, used_size=6090752 bytes (14.9%)
(RDMA_READ_CONSUME_CHECK_CONSUMER) timestamp=4232 ms, used_size=6088704 bytes (14.9%)
(RDMA_READ_CONSUME_CHECK_CONSUMER) timestamp=4232 ms, used_size=6086656 bytes (14.9%)
(RDMA_READ_CONSUME_CHECK_CONSUMER) timestamp=4232 ms, used_size=6084608 bytes (14.9%)
(RDMA_READ_CONSUME_CHECK_CONSUMER) timestamp=4232 ms, used_size=6082560 bytes (14.8%)
(RDMA_READ_CONSUME_CHECK_CONSUMER) timestamp=4232 ms, used_size=6080512 bytes (14.8%)
(RDMA_READ_CONSUME_CHECK_CONSUMER) timestamp=4232 ms, used_size=6078464 bytes (14.8%)
(RDMA_READ_CONSUME_CHECK_CONSUMER) timestamp=4232 ms, used_size=6076416 bytes (14.8%)
(RDMA_READ_CONSUME_CHECK_CONSUMER) timestamp=4232 ms, used_size=6074368 bytes (14.8%)
(RDMA_READ_CONSUME_CHECK_CONSUMER) timestamp=4232 ms, used_size=6072320 bytes (14.8%)
(RDMA_READ_CONSUME_CHECK_CONSUMER) timestamp=4232 ms, used_size=6070272 bytes (14.8%)
(RDMA_READ_CONSUME_CHECK_CONSUMER) timestamp=4232 ms, used_size=6068224 bytes (14.8%)
(RDMA_READ_CONSUME_CHECK_CONSUMER) timestamp=4232 ms, used_size=6066176 bytes (14.8%)
(RDMA_READ_CONSUME_CHECK_CONSUMER) timestamp=4232 ms, used_size=6064128 bytes (14.8%)
(RDMA_READ_CONSUME_CHECK_CONSUMER) timestamp=4232 ms, used_size=6062080 bytes (14.8%)
(RDMA_READ_CONSUME_CHECK_CONSUMER) timestamp=4232 ms, used_size=6060032 bytes (14.8%)
(RDMA_READ_CONSUME_CHECK_CONSUMER) timestamp=4232 ms, used_size=6057984 bytes (14.8%)
(RDMA_READ_CONSUME_CHECK_CONSUMER) timestamp=4232 ms, used_size=6055936 bytes (14.8%)
(RDMA_READ_CONSUME_CHECK_CONSUMER) timestamp=4232 ms, used_size=6053888 bytes (14.8%)
(RDMA_READ_CONSUME_CHECK_CONSUMER) timestamp=4232 ms, used_size=6051840 bytes (14.8%)
(RDMA_READ_CONSUME_CHECK_CONSUMER) timestamp=4232 ms, used_size=6049792 bytes (14.8%)
(RDMA_READ_CONSUME_CHECK_CONSUMER) timestamp=4232 ms, used_size=6047744 bytes (14.8%)
(RDMA_READ_CONSUME_CHECK_CONSUMER) timestamp=4232 ms, used_size=6045696 bytes (14.8%)
(RDMA_READ_CONSUME_CHECK_CONSUMER) timestamp=4232 ms, used_size=6043648 bytes (14.8%)
(RDMA_READ_CONSUME_CHECK_CONSUMER) timestamp=4232 ms, used_size=6041600 bytes (14.8%)
(RDMA_READ_CONSUME_CHECK_CONSUMER) timestamp=4232 ms, used_size=6039552 bytes (14.7%)
(RDMA_READ_CONSUME_CHECK_CONSUMER) timestamp=4232 ms, used_size=6037504 bytes (14.7%)
(RDMA_READ_CONSUME_CHECK_CONSUMER) timestamp=4232 ms, used_size=6035456 bytes (14.7%)
(RDMA_READ_CONSUME_CHECK_CONSUMER) timestamp=4233 ms, used_size=6033408 bytes (14.7%)
(RDMA_READ_CONSUME_CHECK_CONSUMER) timestamp=4233 ms, used_size=6031360 bytes (14.7%)
(RDMA_READ_CONSUME_CHECK_CONSUMER) timestamp=4233 ms, used_size=6029312 bytes (14.7%)
(RDMA_READ_CONSUME_CHECK_CONSUMER) timestamp=4233 ms, used_size=6027264 bytes (14.7%)
(RDMA_READ_CONSUME_CHECK_CONSUMER) timestamp=4233 ms, used_size=6025216 bytes (14.7%)
(RDMA_READ_CONSUME_CHECK_CONSUMER) timestamp=4233 ms, used_size=6023168 bytes (14.7%)
(RDMA_READ_CONSUME_CHECK_CONSUMER) timestamp=4233 ms, used_size=6021120 bytes (14.7%)
(RDMA_READ_CONSUME_CHECK_CONSUMER) timestamp=4233 ms, used_size=6019072 bytes (14.7%)
(RDMA_READ_CONSUME_CHECK_CONSUMER) timestamp=4233 ms, used_size=6017024 bytes (14.7%)
(RDMA_READ_CONSUME_CHECK_CONSUMER) timestamp=4233 ms, used_size=6014976 bytes (14.7%)
(RDMA_READ_CONSUME_CHECK_CONSUMER) timestamp=4233 ms, used_size=6012928 bytes (14.7%)
(RDMA_READ_CONSUME_CHECK_CONSUMER) timestamp=4233 ms, used_size=6010880 bytes (14.7%)
(RDMA_READ_CONSUME_CHECK_CONSUMER) timestamp=4233 ms, used_size=6008832 bytes (14.7%)
(RDMA_READ_CONSUME_CHECK_CONSUMER) timestamp=4233 ms, used_size=6006784 bytes (14.7%)
(RDMA_READ_CONSUME_CHECK_CONSUMER) timestamp=4233 ms, used_size=6004736 bytes (14.7%)
(RDMA_READ_CONSUME_CHECK_CONSUMER) timestamp=4233 ms, used_size=6002688 bytes (14.7%)
(RDMA_READ_CONSUME_CHECK_CONSUMER) timestamp=4233 ms, used_size=6000640 bytes (14.7%)
(RDMA_READ_CONSUME_CHECK_CONSUMER) timestamp=4233 ms, used_size=5998592 bytes (14.6%)
(RDMA_READ_CONSUME_CHECK_CONSUMER) timestamp=4233 ms, used_size=5996544 bytes (14.6%)
(RDMA_READ_CONSUME_CHECK_CONSUMER) timestamp=4233 ms, used_size=5994496 bytes (14.6%)
(RDMA_READ_CONSUME_CHECK_CONSUMER) timestamp=4233 ms, used_size=5992448 bytes (14.6%)
(RDMA_READ_CONSUME_CHECK_CONSUMER) timestamp=4233 ms, used_size=5990400 bytes (14.6%)
(RDMA_READ_CONSUME_CHECK_CONSUMER) timestamp=4233 ms, used_size=5988352 bytes (14.6%)
(RDMA_READ_CONSUME_CHECK_CONSUMER) timestamp=4233 ms, used_size=5986304 bytes (14.6%)
(RDMA_READ_CONSUME_CHECK_CONSUMER) timestamp=4233 ms, used_size=5984256 bytes (14.6%)
(RDMA_READ_CONSUME_CHECK_CONSUMER) timestamp=4233 ms, used_size=5982208 bytes (14.6%)
(RDMA_READ_CONSUME_CHECK_CONSUMER) timestamp=4233 ms, used_size=5980160 bytes (14.6%)
(RDMA_READ_CONSUME_CHECK_CONSUMER) timestamp=4233 ms, used_size=5978112 bytes (14.6%)
(RDMA_READ_CONSUME_CHECK_CONSUMER) timestamp=4233 ms, used_size=5976064 bytes (14.6%)
(RDMA_READ_CONSUME_CHECK_CONSUMER) timestamp=4233 ms, used_size=5974016 bytes (14.6%)
(RDMA_READ_CONSUME_CHECK_CONSUMER) timestamp=4233 ms, used_size=5971968 bytes (14.6%)
(RDMA_READ_CONSUME_CHECK_CONSUMER) timestamp=4233 ms, used_size=5969920 bytes (14.6%)
(RDMA_READ_CONSUME_CHECK_CONSUMER) timestamp=4233 ms, used_size=5967872 bytes (14.6%)
(RDMA_READ_CONSUME_CHECK_CONSUMER) timestamp=4233 ms, used_size=5965824 bytes (14.6%)
(RDMA_READ_CONSUME_CHECK_CONSUMER) timestamp=4233 ms, used_size=5963776 bytes (14.6%)
(RDMA_READ_CONSUME_CHECK_CONSUMER) timestamp=4233 ms, used_size=5961728 bytes (14.6%)
(RDMA_READ_CONSUME_CHECK_CONSUMER) timestamp=4233 ms, used_size=5959680 bytes (14.6%)
(RDMA_READ_CONSUME_CHECK_CONSUMER) timestamp=4233 ms, used_size=5957632 bytes (14.5%)
(RDMA_READ_CONSUME_CHECK_CONSUMER) timestamp=4233 ms, used_size=5955584 bytes (14.5%)
(RDMA_READ_CONSUME_CHECK_CONSUMER) timestamp=4233 ms, used_size=5953536 bytes (14.5%)
(RDMA_READ_CONSUME_CHECK_CONSUMER) timestamp=4233 ms, used_size=5951488 bytes (14.5%)
(RDMA_READ_CONSUME_CHECK_CONSUMER) timestamp=4233 ms, used_size=5949440 bytes (14.5%)
(RDMA_READ_CONSUME_CHECK_CONSUMER) timestamp=4233 ms, used_size=5947392 bytes (14.5%)
(RDMA_READ_CONSUME_CHECK_CONSUMER) timestamp=4233 ms, used_size=5945344 bytes (14.5%)
(RDMA_READ_CONSUME_CHECK_CONSUMER) timestamp=4233 ms, used_size=5943296 bytes (14.5%)
(RDMA_READ_CONSUME_CHECK_CONSUMER) timestamp=4233 ms, used_size=5941248 bytes (14.5%)
(RDMA_READ_CONSUME_CHECK_CONSUMER) timestamp=4233 ms, used_size=5939200 bytes (14.5%)
(RDMA_READ_CONSUME_CHECK_CONSUMER) timestamp=4233 ms, used_size=5937152 bytes (14.5%)
(RDMA_READ_CONSUME_CHECK_CONSUMER) timestamp=4233 ms, used_size=5935104 bytes (14.5%)
(RDMA_READ_CONSUME_CHECK_CONSUMER) timestamp=4233 ms, used_size=5933056 bytes (14.5%)
(RDMA_READ_CONSUME_CHECK_CONSUMER) timestamp=4233 ms, used_size=5931008 bytes (14.5%)
(RDMA_READ_CONSUME_CHECK_CONSUMER) timestamp=4233 ms, used_size=5928960 bytes (14.5%)
(RDMA_READ_CONSUME_CHECK_CONSUMER) timestamp=4233 ms, used_size=5926912 bytes (14.5%)
(RDMA_READ_CONSUME_CHECK_CONSUMER) timestamp=4233 ms, used_size=5924864 bytes (14.5%)
(RDMA_READ_CONSUME_CHECK_CONSUMER) timestamp=4233 ms, used_size=5922816 bytes (14.5%)
(RDMA_READ_CONSUME_CHECK_CONSUMER) timestamp=4233 ms, used_size=5920768 bytes (14.5%)
(RDMA_READ_CONSUME_CHECK_CONSUMER) timestamp=4233 ms, used_size=5918720 bytes (14.4%)
(RDMA_READ_CONSUME_CHECK_CONSUMER) timestamp=4233 ms, used_size=5916672 bytes (14.4%)
(RDMA_READ_CONSUME_CHECK_CONSUMER) timestamp=4233 ms, used_size=5914624 bytes (14.4%)
(RDMA_READ_CONSUME_CHECK_CONSUMER) timestamp=4233 ms, used_size=5912576 bytes (14.4%)
(RDMA_READ_CONSUME_CHECK_CONSUMER) timestamp=4233 ms, used_size=5910528 bytes (14.4%)
(RDMA_READ_CONSUME_CHECK_CONSUMER) timestamp=4233 ms, used_size=5908480 bytes (14.4%)
(RDMA_READ_CONSUME_CHECK_CONSUMER) timestamp=4233 ms, used_size=5906432 bytes (14.4%)
(RDMA_READ_CONSUME_CHECK_CONSUMER) timestamp=4233 ms, used_size=5904384 bytes (14.4%)
(RDMA_READ_CONSUME_CHECK_CONSUMER) timestamp=4233 ms, used_size=5902336 bytes (14.4%)
(RDMA_READ_CONSUME_CHECK_CONSUMER) timestamp=4233 ms, used_size=5900288 bytes (14.4%)
(RDMA_READ_CONSUME_CHECK_CONSUMER) timestamp=4233 ms, used_size=5898240 bytes (14.4%)
(RDMA_READ_CONSUME_CHECK_CONSUMER) timestamp=4233 ms, used_size=5896192 bytes (14.4%)
(RDMA_READ_CONSUME_CHECK_CONSUMER) timestamp=4233 ms, used_size=5894144 bytes (14.4%)
(RDMA_READ_CONSUME_CHECK_CONSUMER) timestamp=4233 ms, used_size=5892096 bytes (14.4%)
(RDMA_READ_CONSUME_CHECK_CONSUMER) timestamp=4233 ms, used_size=5890048 bytes (14.4%)
(RDMA_READ_CONSUME_CHECK_CONSUMER) timestamp=4233 ms, used_size=5888000 bytes (14.4%)
(RDMA_READ_CONSUME_CHECK_CONSUMER) timestamp=4233 ms, used_size=5885952 bytes (14.4%)
(RDMA_READ_CONSUME_CHECK_CONSUMER) timestamp=4233 ms, used_size=5883904 bytes (14.4%)
(RDMA_READ_CONSUME_CHECK_CONSUMER) timestamp=4233 ms, used_size=5881856 bytes (14.4%)
(RDMA_READ_CONSUME_CHECK_CONSUMER) timestamp=4233 ms, used_size=5879808 bytes (14.4%)
(RDMA_READ_CONSUME_CHECK_CONSUMER) timestamp=4233 ms, used_size=5877760 bytes (14.3%)
(RDMA_READ_CONSUME_CHECK_CONSUMER) timestamp=4233 ms, used_size=5875712 bytes (14.3%)
(RDMA_READ_CONSUME_CHECK_CONSUMER) timestamp=4233 ms, used_size=5873664 bytes (14.3%)
(RDMA_READ_CONSUME_CHECK_CONSUMER) timestamp=4233 ms, used_size=5871616 bytes (14.3%)
(RDMA_READ_CONSUME_CHECK_CONSUMER) timestamp=4233 ms, used_size=5869568 bytes (14.3%)
(RDMA_READ_CONSUME_CHECK_CONSUMER) timestamp=4233 ms, used_size=5867520 bytes (14.3%)
(RDMA_READ_CONSUME_CHECK_CONSUMER) timestamp=4233 ms, used_size=5865472 bytes (14.3%)
(RDMA_READ_CONSUME_CHECK_CONSUMER) timestamp=4233 ms, used_size=5863424 bytes (14.3%)
(RDMA_READ_CONSUME_CHECK_CONSUMER) timestamp=4233 ms, used_size=5861376 bytes (14.3%)
(RDMA_READ_CONSUME_CHECK_CONSUMER) timestamp=4233 ms, used_size=5859328 bytes (14.3%)
(RDMA_READ_CONSUME_CHECK_CONSUMER) timestamp=4233 ms, used_size=5857280 bytes (14.3%)
(RDMA_READ_CONSUME_CHECK_CONSUMER) timestamp=4233 ms, used_size=5855232 bytes (14.3%)
(RDMA_READ_CONSUME_CHECK_CONSUMER) timestamp=4233 ms, used_size=5853184 bytes (14.3%)
(RDMA_READ_CONSUME_CHECK_CONSUMER) timestamp=4233 ms, used_size=5851136 bytes (14.3%)
(RDMA_READ_CONSUME_CHECK_CONSUMER) timestamp=4233 ms, used_size=5849088 bytes (14.3%)
(RDMA_READ_CONSUME_CHECK_CONSUMER) timestamp=4233 ms, used_size=5847040 bytes (14.3%)
(RDMA_READ_CONSUME_CHECK_CONSUMER) timestamp=4233 ms, used_size=5844992 bytes (14.3%)
(RDMA_READ_CONSUME_CHECK_CONSUMER) timestamp=4233 ms, used_size=5842944 bytes (14.3%)
(RDMA_READ_CONSUME_CHECK_CONSUMER) timestamp=4233 ms, used_size=5840896 bytes (14.3%)
(RDMA_READ_CONSUME_CHECK_CONSUMER) timestamp=4233 ms, used_size=5838848 bytes (14.3%)
(RDMA_READ_CONSUME_CHECK_CONSUMER) timestamp=4233 ms, used_size=5836800 bytes (14.2%)
(RDMA_READ_CONSUME_CHECK_CONSUMER) timestamp=4233 ms, used_size=5834752 bytes (14.2%)
(RDMA_READ_CONSUME_CHECK_CONSUMER) timestamp=4233 ms, used_size=5832704 bytes (14.2%)
(RDMA_READ_CONSUME_CHECK_CONSUMER) timestamp=4233 ms, used_size=5830656 bytes (14.2%)
(RDMA_READ_CONSUME_CHECK_CONSUMER) timestamp=4233 ms, used_size=5828608 bytes (14.2%)
(RDMA_READ_CONSUME_CHECK_CONSUMER) timestamp=4233 ms, used_size=5826560 bytes (14.2%)
(RDMA_READ_CONSUME_CHECK_CONSUMER) timestamp=4233 ms, used_size=5824512 bytes (14.2%)
(RDMA_READ_CONSUME_CHECK_CONSUMER) timestamp=4233 ms, used_size=5822464 bytes (14.2%)
(RDMA_READ_CONSUME_CHECK_CONSUMER) timestamp=4233 ms, used_size=5820416 bytes (14.2%)
(RDMA_READ_CONSUME_CHECK_CONSUMER) timestamp=4233 ms, used_size=5818368 bytes (14.2%)
(RDMA_READ_CONSUME_CHECK_CONSUMER) timestamp=4233 ms, used_size=5816320 bytes (14.2%)
(RDMA_READ_CONSUME_CHECK_CONSUMER) timestamp=4233 ms, used_size=5814272 bytes (14.2%)
(RDMA_READ_CONSUME_CHECK_CONSUMER) timestamp=4233 ms, used_size=5812224 bytes (14.2%)
(RDMA_READ_CONSUME_CHECK_CONSUMER) timestamp=4233 ms, used_size=5810176 bytes (14.2%)
(RDMA_READ_CONSUME_CHECK_CONSUMER) timestamp=4233 ms, used_size=5808128 bytes (14.2%)
(RDMA_READ_CONSUME_CHECK_CONSUMER) timestamp=4233 ms, used_size=5806080 bytes (14.2%)
(RDMA_READ_CONSUME_CHECK_CONSUMER) timestamp=4233 ms, used_size=5804032 bytes (14.2%)
(RDMA_READ_CONSUME_CHECK_CONSUMER) timestamp=4233 ms, used_size=5801984 bytes (14.2%)
(RDMA_READ_CONSUME_CHECK_CONSUMER) timestamp=4233 ms, used_size=5799936 bytes (14.2%)
(RDMA_READ_CONSUME_CHECK_CONSUMER) timestamp=4233 ms, used_size=5797888 bytes (14.2%)
(RDMA_READ_CONSUME_CHECK_CONSUMER) timestamp=4233 ms, used_size=5795840 bytes (14.2%)
(RDMA_READ_CONSUME_CHECK_CONSUMER) timestamp=4233 ms, used_size=5793792 bytes (14.1%)
(RDMA_READ_CONSUME_CHECK_CONSUMER) timestamp=4233 ms, used_size=5791744 bytes (14.1%)
(RDMA_READ_CONSUME_CHECK_CONSUMER) timestamp=4233 ms, used_size=5789696 bytes (14.1%)
(RDMA_READ_CONSUME_CHECK_CONSUMER) timestamp=4233 ms, used_size=5787648 bytes (14.1%)
(RDMA_READ_CONSUME_CHECK_CONSUMER) timestamp=4233 ms, used_size=5785600 bytes (14.1%)
(RDMA_READ_CONSUME_CHECK_CONSUMER) timestamp=4233 ms, used_size=5783552 bytes (14.1%)
(RDMA_READ_CONSUME_CHECK_CONSUMER) timestamp=4233 ms, used_size=5781504 bytes (14.1%)
(RDMA_READ_CONSUME_CHECK_CONSUMER) timestamp=4233 ms, used_size=5779456 bytes (14.1%)
(RDMA_READ_CONSUME_CHECK_CONSUMER) timestamp=4233 ms, used_size=5777408 bytes (14.1%)
(RDMA_READ_CONSUME_CHECK_CONSUMER) timestamp=4233 ms, used_size=5775360 bytes (14.1%)
(RDMA_READ_CONSUME_CHECK_CONSUMER) timestamp=4233 ms, used_size=5773312 bytes (14.1%)
(RDMA_READ_CONSUME_CHECK_CONSUMER) timestamp=4233 ms, used_size=5771264 bytes (14.1%)
(RDMA_READ_CONSUME_CHECK_CONSUMER) timestamp=4233 ms, used_size=5769216 bytes (14.1%)
(RDMA_READ_CONSUME_CHECK_CONSUMER) timestamp=4233 ms, used_size=5767168 bytes (14.1%)
(RDMA_READ_CONSUME_CHECK_CONSUMER) timestamp=4233 ms, used_size=5765120 bytes (14.1%)
(RDMA_READ_CONSUME_CHECK_CONSUMER) timestamp=4233 ms, used_size=5763072 bytes (14.1%)
(RDMA_READ_CONSUME_CHECK_CONSUMER) timestamp=4233 ms, used_size=5761024 bytes (14.1%)
(RDMA_READ_CONSUME_CHECK_CONSUMER) timestamp=4233 ms, used_size=5758976 bytes (14.1%)
(RDMA_READ_CONSUME_CHECK_CONSUMER) timestamp=4233 ms, used_size=5756928 bytes (14.1%)
(RDMA_READ_CONSUME_CHECK_CONSUMER) timestamp=4233 ms, used_size=5754880 bytes (14.1%)
(RDMA_READ_CONSUME_CHECK_CONSUMER) timestamp=4233 ms, used_size=5752832 bytes (14.0%)
(RDMA_READ_CONSUME_CHECK_CONSUMER) timestamp=4233 ms, used_size=5750784 bytes (14.0%)
(RDMA_READ_CONSUME_CHECK_CONSUMER) timestamp=4233 ms, used_size=5748736 bytes (14.0%)
(RDMA_READ_CONSUME_CHECK_CONSUMER) timestamp=4233 ms, used_size=5746688 bytes (14.0%)
(RDMA_READ_CONSUME_CHECK_CONSUMER) timestamp=4233 ms, used_size=5744640 bytes (14.0%)
(RDMA_READ_CONSUME_CHECK_CONSUMER) timestamp=4233 ms, used_size=5742592 bytes (14.0%)
(RDMA_READ_CONSUME_CHECK_CONSUMER) timestamp=4233 ms, used_size=5740544 bytes (14.0%)
(RDMA_READ_CONSUME_CHECK_CONSUMER) timestamp=4233 ms, used_size=5738496 bytes (14.0%)
(RDMA_READ_CONSUME_CHECK_CONSUMER) timestamp=4233 ms, used_size=5736448 bytes (14.0%)
(RDMA_READ_CONSUME_CHECK_CONSUMER) timestamp=4233 ms, used_size=5734400 bytes (14.0%)
(RDMA_READ_CONSUME_CHECK_CONSUMER) timestamp=4233 ms, used_size=5732352 bytes (14.0%)
(RDMA_READ_CONSUME_CHECK_CONSUMER) timestamp=4233 ms, used_size=5730304 bytes (14.0%)
(RDMA_READ_CONSUME_CHECK_CONSUMER) timestamp=4233 ms, used_size=5728256 bytes (14.0%)
(RDMA_READ_CONSUME_CHECK_CONSUMER) timestamp=4233 ms, used_size=5726208 bytes (14.0%)
(RDMA_READ_CONSUME_CHECK_CONSUMER) timestamp=4233 ms, used_size=5724160 bytes (14.0%)
(RDMA_READ_CONSUME_CHECK_CONSUMER) timestamp=4233 ms, used_size=5722112 bytes (14.0%)
(RDMA_READ_CONSUME_CHECK_CONSUMER) timestamp=4233 ms, used_size=5720064 bytes (14.0%)
(RDMA_READ_CONSUME_CHECK_CONSUMER) timestamp=4233 ms, used_size=5718016 bytes (14.0%)
(RDMA_READ_CONSUME_CHECK_CONSUMER) timestamp=4233 ms, used_size=5715968 bytes (14.0%)
(RDMA_READ_CONSUME_CHECK_CONSUMER) timestamp=4233 ms, used_size=5713920 bytes (13.9%)
(RDMA_READ_CONSUME_CHECK_CONSUMER) timestamp=4233 ms, used_size=5711872 bytes (13.9%)
(RDMA_READ_CONSUME_CHECK_CONSUMER) timestamp=4233 ms, used_size=5709824 bytes (13.9%)
(RDMA_READ_CONSUME_CHECK_CONSUMER) timestamp=4233 ms, used_size=5707776 bytes (13.9%)
(RDMA_READ_CONSUME_CHECK_CONSUMER) timestamp=4233 ms, used_size=5705728 bytes (13.9%)
(RDMA_READ_CONSUME_CHECK_CONSUMER) timestamp=4233 ms, used_size=5703680 bytes (13.9%)
(RDMA_READ_CONSUME_CHECK_CONSUMER) timestamp=4233 ms, used_size=5701632 bytes (13.9%)
(RDMA_READ_CONSUME_CHECK_CONSUMER) timestamp=4233 ms, used_size=5699584 bytes (13.9%)
(RDMA_READ_CONSUME_CHECK_CONSUMER) timestamp=4233 ms, used_size=5697536 bytes (13.9%)
(RDMA_READ_CONSUME_CHECK_CONSUMER) timestamp=4233 ms, used_size=5695488 bytes (13.9%)
(RDMA_READ_CONSUME_CHECK_CONSUMER) timestamp=4233 ms, used_size=5693440 bytes (13.9%)
(RDMA_READ_CONSUME_CHECK_CONSUMER) timestamp=4233 ms, used_size=5691392 bytes (13.9%)
(RDMA_READ_CONSUME_CHECK_CONSUMER) timestamp=4233 ms, used_size=5689344 bytes (13.9%)
(RDMA_READ_CONSUME_CHECK_CONSUMER) timestamp=4233 ms, used_size=5687296 bytes (13.9%)
(RDMA_READ_CONSUME_CHECK_CONSUMER) timestamp=4233 ms, used_size=5685248 bytes (13.9%)
(RDMA_READ_CONSUME_CHECK_CONSUMER) timestamp=4233 ms, used_size=5683200 bytes (13.9%)
(RDMA_READ_CONSUME_CHECK_CONSUMER) timestamp=4233 ms, used_size=5681152 bytes (13.9%)
(RDMA_READ_CONSUME_CHECK_CONSUMER) timestamp=4233 ms, used_size=5679104 bytes (13.9%)
(RDMA_READ_CONSUME_CHECK_CONSUMER) timestamp=4233 ms, used_size=5677056 bytes (13.9%)
(RDMA_READ_CONSUME_CHECK_CONSUMER) timestamp=4233 ms, used_size=5675008 bytes (13.9%)
(RDMA_READ_CONSUME_CHECK_CONSUMER) timestamp=4233 ms, used_size=5672960 bytes (13.8%)
(RDMA_READ_CONSUME_CHECK_CONSUMER) timestamp=4233 ms, used_size=5670912 bytes (13.8%)
(RDMA_READ_CONSUME_CHECK_CONSUMER) timestamp=4233 ms, used_size=5668864 bytes (13.8%)
(RDMA_READ_CONSUME_CHECK_CONSUMER) timestamp=4233 ms, used_size=5666816 bytes (13.8%)
(RDMA_READ_CONSUME_CHECK_CONSUMER) timestamp=4233 ms, used_size=5664768 bytes (13.8%)
(RDMA_READ_CONSUME_CHECK_CONSUMER) timestamp=4234 ms, used_size=5662720 bytes (13.8%)
(RDMA_READ_CONSUME_CHECK_CONSUMER) timestamp=4234 ms, used_size=5660672 bytes (13.8%)
(RDMA_READ_CONSUME_CHECK_CONSUMER) timestamp=4234 ms, used_size=5658624 bytes (13.8%)
(RDMA_READ_CONSUME_CHECK_CONSUMER) timestamp=4234 ms, used_size=5656576 bytes (13.8%)
(RDMA_READ_CONSUME_CHECK_CONSUMER) timestamp=4234 ms, used_size=5654528 bytes (13.8%)
(RDMA_READ_CONSUME_CHECK_CONSUMER) timestamp=4234 ms, used_size=5652480 bytes (13.8%)
(RDMA_READ_CONSUME_CHECK_CONSUMER) timestamp=4234 ms, used_size=5650432 bytes (13.8%)
(RDMA_READ_CONSUME_CHECK_CONSUMER) timestamp=4234 ms, used_size=5648384 bytes (13.8%)
(RDMA_READ_CONSUME_CHECK_CONSUMER) timestamp=4234 ms, used_size=5646336 bytes (13.8%)
(RDMA_READ_CONSUME_CHECK_CONSUMER) timestamp=4234 ms, used_size=5644288 bytes (13.8%)
(RDMA_READ_CONSUME_CHECK_CONSUMER) timestamp=4234 ms, used_size=5642240 bytes (13.8%)
(RDMA_READ_CONSUME_CHECK_CONSUMER) timestamp=4234 ms, used_size=5640192 bytes (13.8%)
(RDMA_READ_CONSUME_CHECK_CONSUMER) timestamp=4234 ms, used_size=5638144 bytes (13.8%)
(RDMA_READ_CONSUME_CHECK_CONSUMER) timestamp=4234 ms, used_size=5636096 bytes (13.8%)
(RDMA_READ_CONSUME_CHECK_CONSUMER) timestamp=4234 ms, used_size=5634048 bytes (13.8%)
(RDMA_READ_CONSUME_CHECK_CONSUMER) timestamp=4234 ms, used_size=5632000 bytes (13.8%)
(RDMA_READ_CONSUME_CHECK_CONSUMER) timestamp=4234 ms, used_size=5629952 bytes (13.7%)
(RDMA_READ_CONSUME_CHECK_CONSUMER) timestamp=4234 ms, used_size=5627904 bytes (13.7%)
(RDMA_READ_CONSUME_CHECK_CONSUMER) timestamp=4234 ms, used_size=5625856 bytes (13.7%)
(RDMA_READ_CONSUME_CHECK_CONSUMER) timestamp=4234 ms, used_size=5623808 bytes (13.7%)
(RDMA_READ_CONSUME_CHECK_CONSUMER) timestamp=4234 ms, used_size=5621760 bytes (13.7%)
(RDMA_READ_CONSUME_CHECK_CONSUMER) timestamp=4234 ms, used_size=5619712 bytes (13.7%)
(RDMA_READ_CONSUME_CHECK_CONSUMER) timestamp=4234 ms, used_size=5617664 bytes (13.7%)
(RDMA_READ_CONSUME_CHECK_CONSUMER) timestamp=4234 ms, used_size=5615616 bytes (13.7%)
(RDMA_READ_CONSUME_CHECK_CONSUMER) timestamp=4234 ms, used_size=5613568 bytes (13.7%)
(RDMA_READ_CONSUME_CHECK_CONSUMER) timestamp=4234 ms, used_size=5611520 bytes (13.7%)
(RDMA_READ_CONSUME_CHECK_CONSUMER) timestamp=4234 ms, used_size=5609472 bytes (13.7%)
(RDMA_READ_CONSUME_CHECK_CONSUMER) timestamp=4234 ms, used_size=5607424 bytes (13.7%)
(RDMA_READ_CONSUME_CHECK_CONSUMER) timestamp=4234 ms, used_size=5605376 bytes (13.7%)
(RDMA_READ_CONSUME_CHECK_CONSUMER) timestamp=4234 ms, used_size=5603328 bytes (13.7%)
(RDMA_READ_CONSUME_CHECK_CONSUMER) timestamp=4234 ms, used_size=5601280 bytes (13.7%)
(RDMA_READ_CONSUME_CHECK_CONSUMER) timestamp=4234 ms, used_size=5599232 bytes (13.7%)
(RDMA_READ_CONSUME_CHECK_CONSUMER) timestamp=4234 ms, used_size=5597184 bytes (13.7%)
(RDMA_READ_CONSUME_CHECK_CONSUMER) timestamp=4234 ms, used_size=5595136 bytes (13.7%)
(RDMA_READ_CONSUME_CHECK_CONSUMER) timestamp=4234 ms, used_size=5593088 bytes (13.7%)
(RDMA_READ_CONSUME_CHECK_CONSUMER) timestamp=4234 ms, used_size=5591040 bytes (13.7%)
(RDMA_READ_CONSUME_CHECK_CONSUMER) timestamp=4234 ms, used_size=5588992 bytes (13.6%)
(RDMA_READ_CONSUME_CHECK_CONSUMER) timestamp=4234 ms, used_size=5586944 bytes (13.6%)
(RDMA_READ_CONSUME_CHECK_CONSUMER) timestamp=4234 ms, used_size=5584896 bytes (13.6%)
(RDMA_READ_CONSUME_CHECK_CONSUMER) timestamp=4234 ms, used_size=5582848 bytes (13.6%)
(RDMA_READ_CONSUME_CHECK_CONSUMER) timestamp=4234 ms, used_size=5580800 bytes (13.6%)
(RDMA_READ_CONSUME_CHECK_CONSUMER) timestamp=4234 ms, used_size=5578752 bytes (13.6%)
(RDMA_READ_CONSUME_CHECK_CONSUMER) timestamp=4234 ms, used_size=5576704 bytes (13.6%)
(RDMA_READ_CONSUME_CHECK_CONSUMER) timestamp=4234 ms, used_size=5574656 bytes (13.6%)
(RDMA_READ_CONSUME_CHECK_CONSUMER) timestamp=4234 ms, used_size=5572608 bytes (13.6%)
(RDMA_READ_CONSUME_CHECK_CONSUMER) timestamp=4234 ms, used_size=5570560 bytes (13.6%)
(RDMA_READ_CONSUME_CHECK_CONSUMER) timestamp=4234 ms, used_size=5568512 bytes (13.6%)
(RDMA_READ_CONSUME_CHECK_CONSUMER) timestamp=4234 ms, used_size=5566464 bytes (13.6%)
(RDMA_READ_CONSUME_CHECK_CONSUMER) timestamp=4234 ms, used_size=5564416 bytes (13.6%)
(RDMA_READ_CONSUME_CHECK_CONSUMER) timestamp=4234 ms, used_size=5562368 bytes (13.6%)
(RDMA_READ_CONSUME_CHECK_CONSUMER) timestamp=4234 ms, used_size=5560320 bytes (13.6%)
(RDMA_READ_CONSUME_CHECK_CONSUMER) timestamp=4234 ms, used_size=5558272 bytes (13.6%)
(RDMA_READ_CONSUME_CHECK_CONSUMER) timestamp=4234 ms, used_size=5556224 bytes (13.6%)
(RDMA_READ_CONSUME_CHECK_CONSUMER) timestamp=4234 ms, used_size=5554176 bytes (13.6%)
(RDMA_READ_CONSUME_CHECK_CONSUMER) timestamp=4234 ms, used_size=5552128 bytes (13.6%)
(RDMA_READ_CONSUME_CHECK_CONSUMER) timestamp=4234 ms, used_size=5550080 bytes (13.6%)
(RDMA_READ_CONSUME_CHECK_CONSUMER) timestamp=4234 ms, used_size=5548032 bytes (13.5%)
(RDMA_READ_CONSUME_CHECK_CONSUMER) timestamp=4234 ms, used_size=5545984 bytes (13.5%)
(RDMA_READ_CONSUME_CHECK_CONSUMER) timestamp=4234 ms, used_size=5543936 bytes (13.5%)
(RDMA_READ_CONSUME_CHECK_CONSUMER) timestamp=4234 ms, used_size=5541888 bytes (13.5%)
(RDMA_READ_CONSUME_CHECK_CONSUMER) timestamp=4234 ms, used_size=5539840 bytes (13.5%)
(RDMA_READ_CONSUME_CHECK_CONSUMER) timestamp=4234 ms, used_size=5537792 bytes (13.5%)
(RDMA_READ_CONSUME_CHECK_CONSUMER) timestamp=4234 ms, used_size=5535744 bytes (13.5%)
(RDMA_READ_CONSUME_CHECK_CONSUMER) timestamp=4234 ms, used_size=5533696 bytes (13.5%)
(RDMA_READ_CONSUME_CHECK_CONSUMER) timestamp=4234 ms, used_size=5531648 bytes (13.5%)
(RDMA_READ_CONSUME_CHECK_CONSUMER) timestamp=4234 ms, used_size=5529600 bytes (13.5%)
(RDMA_READ_CONSUME_CHECK_CONSUMER) timestamp=4234 ms, used_size=5527552 bytes (13.5%)
(RDMA_READ_CONSUME_CHECK_CONSUMER) timestamp=4234 ms, used_size=5525504 bytes (13.5%)
(RDMA_READ_CONSUME_CHECK_CONSUMER) timestamp=4234 ms, used_size=5523456 bytes (13.5%)
(RDMA_READ_CONSUME_CHECK_CONSUMER) timestamp=4234 ms, used_size=5521408 bytes (13.5%)
(RDMA_READ_CONSUME_CHECK_CONSUMER) timestamp=4234 ms, used_size=5519360 bytes (13.5%)
(RDMA_READ_CONSUME_CHECK_CONSUMER) timestamp=4234 ms, used_size=5517312 bytes (13.5%)
(RDMA_READ_CONSUME_CHECK_CONSUMER) timestamp=4234 ms, used_size=5515264 bytes (13.5%)
(RDMA_READ_CONSUME_CHECK_CONSUMER) timestamp=4234 ms, used_size=5513216 bytes (13.5%)
(RDMA_READ_CONSUME_CHECK_CONSUMER) timestamp=4234 ms, used_size=5511168 bytes (13.5%)
(RDMA_READ_CONSUME_CHECK_CONSUMER) timestamp=4234 ms, used_size=5509120 bytes (13.4%)
(RDMA_READ_CONSUME_CHECK_CONSUMER) timestamp=4234 ms, used_size=5507072 bytes (13.4%)
(RDMA_READ_CONSUME_CHECK_CONSUMER) timestamp=4234 ms, used_size=5505024 bytes (13.4%)
(RDMA_READ_CONSUME_CHECK_CONSUMER) timestamp=4234 ms, used_size=5502976 bytes (13.4%)
(RDMA_READ_CONSUME_CHECK_CONSUMER) timestamp=4234 ms, used_size=5500928 bytes (13.4%)
(RDMA_READ_CONSUME_CHECK_CONSUMER) timestamp=4234 ms, used_size=5498880 bytes (13.4%)
(RDMA_READ_CONSUME_CHECK_CONSUMER) timestamp=4234 ms, used_size=5496832 bytes (13.4%)
(RDMA_READ_CONSUME_CHECK_CONSUMER) timestamp=4234 ms, used_size=5494784 bytes (13.4%)
(RDMA_READ_CONSUME_CHECK_CONSUMER) timestamp=4234 ms, used_size=5492736 bytes (13.4%)
(RDMA_READ_CONSUME_CHECK_CONSUMER) timestamp=4234 ms, used_size=5490688 bytes (13.4%)
(RDMA_READ_CONSUME_CHECK_CONSUMER) timestamp=4234 ms, used_size=5488640 bytes (13.4%)
(RDMA_READ_CONSUME_CHECK_CONSUMER) timestamp=4234 ms, used_size=5486592 bytes (13.4%)
(RDMA_READ_CONSUME_CHECK_CONSUMER) timestamp=4234 ms, used_size=5484544 bytes (13.4%)
(RDMA_READ_CONSUME_CHECK_CONSUMER) timestamp=4234 ms, used_size=5482496 bytes (13.4%)
(RDMA_READ_CONSUME_CHECK_CONSUMER) timestamp=4234 ms, used_size=5480448 bytes (13.4%)
(RDMA_READ_CONSUME_CHECK_CONSUMER) timestamp=4234 ms, used_size=5478400 bytes (13.4%)
(RDMA_READ_CONSUME_CHECK_CONSUMER) timestamp=4234 ms, used_size=5476352 bytes (13.4%)
(RDMA_READ_CONSUME_CHECK_CONSUMER) timestamp=4234 ms, used_size=5474304 bytes (13.4%)
(RDMA_READ_CONSUME_CHECK_CONSUMER) timestamp=4234 ms, used_size=5472256 bytes (13.4%)
(RDMA_READ_CONSUME_CHECK_CONSUMER) timestamp=4234 ms, used_size=5470208 bytes (13.4%)
(RDMA_READ_CONSUME_CHECK_CONSUMER) timestamp=4234 ms, used_size=5468160 bytes (13.3%)
(RDMA_READ_CONSUME_CHECK_CONSUMER) timestamp=4234 ms, used_size=5466112 bytes (13.3%)
(RDMA_READ_CONSUME_CHECK_CONSUMER) timestamp=4234 ms, used_size=5464064 bytes (13.3%)
(RDMA_READ_CONSUME_CHECK_CONSUMER) timestamp=4234 ms, used_size=5462016 bytes (13.3%)
(RDMA_READ_CONSUME_CHECK_CONSUMER) timestamp=4234 ms, used_size=5459968 bytes (13.3%)
(RDMA_READ_CONSUME_CHECK_CONSUMER) timestamp=4234 ms, used_size=5457920 bytes (13.3%)
(RDMA_READ_CONSUME_CHECK_CONSUMER) timestamp=4234 ms, used_size=5455872 bytes (13.3%)
(RDMA_READ_CONSUME_CHECK_CONSUMER) timestamp=4234 ms, used_size=5453824 bytes (13.3%)
(RDMA_READ_CONSUME_CHECK_CONSUMER) timestamp=4234 ms, used_size=5451776 bytes (13.3%)
(RDMA_READ_CONSUME_CHECK_CONSUMER) timestamp=4234 ms, used_size=5449728 bytes (13.3%)
(RDMA_READ_CONSUME_CHECK_CONSUMER) timestamp=4234 ms, used_size=5447680 bytes (13.3%)
(RDMA_READ_CONSUME_CHECK_CONSUMER) timestamp=4234 ms, used_size=5445632 bytes (13.3%)
(RDMA_READ_CONSUME_CHECK_CONSUMER) timestamp=4234 ms, used_size=5443584 bytes (13.3%)
(RDMA_READ_CONSUME_CHECK_CONSUMER) timestamp=4234 ms, used_size=5441536 bytes (13.3%)
(RDMA_READ_CONSUME_CHECK_CONSUMER) timestamp=4234 ms, used_size=5439488 bytes (13.3%)
(RDMA_READ_CONSUME_CHECK_CONSUMER) timestamp=4234 ms, used_size=5437440 bytes (13.3%)
(RDMA_READ_CONSUME_CHECK_CONSUMER) timestamp=4234 ms, used_size=5435392 bytes (13.3%)
(RDMA_READ_CONSUME_CHECK_CONSUMER) timestamp=4234 ms, used_size=5433344 bytes (13.3%)
(RDMA_READ_CONSUME_CHECK_CONSUMER) timestamp=4234 ms, used_size=5431296 bytes (13.3%)
(RDMA_READ_CONSUME_CHECK_CONSUMER) timestamp=4234 ms, used_size=5429248 bytes (13.3%)
(RDMA_READ_CONSUME_CHECK_CONSUMER) timestamp=4234 ms, used_size=5427200 bytes (13.2%)
(RDMA_READ_CONSUME_CHECK_CONSUMER) timestamp=4234 ms, used_size=5425152 bytes (13.2%)
(RDMA_READ_CONSUME_CHECK_CONSUMER) timestamp=4234 ms, used_size=5423104 bytes (13.2%)
(RDMA_READ_CONSUME_CHECK_CONSUMER) timestamp=4234 ms, used_size=5421056 bytes (13.2%)
(RDMA_READ_CONSUME_CHECK_CONSUMER) timestamp=4234 ms, used_size=5419008 bytes (13.2%)
(RDMA_READ_CONSUME_CHECK_CONSUMER) timestamp=4234 ms, used_size=5416960 bytes (13.2%)
(RDMA_READ_CONSUME_CHECK_CONSUMER) timestamp=4234 ms, used_size=5414912 bytes (13.2%)
(RDMA_READ_CONSUME_CHECK_CONSUMER) timestamp=4234 ms, used_size=5412864 bytes (13.2%)
(RDMA_READ_CONSUME_CHECK_CONSUMER) timestamp=4234 ms, used_size=5410816 bytes (13.2%)
(RDMA_READ_CONSUME_CHECK_CONSUMER) timestamp=4234 ms, used_size=5408768 bytes (13.2%)
(RDMA_READ_CONSUME_CHECK_CONSUMER) timestamp=4234 ms, used_size=5406720 bytes (13.2%)
(RDMA_READ_CONSUME_CHECK_CONSUMER) timestamp=4234 ms, used_size=5404672 bytes (13.2%)
(RDMA_READ_CONSUME_CHECK_CONSUMER) timestamp=4234 ms, used_size=5402624 bytes (13.2%)
(RDMA_READ_CONSUME_CHECK_CONSUMER) timestamp=4234 ms, used_size=5400576 bytes (13.2%)
(RDMA_READ_CONSUME_CHECK_CONSUMER) timestamp=4234 ms, used_size=5398528 bytes (13.2%)
(RDMA_READ_CONSUME_CHECK_CONSUMER) timestamp=4234 ms, used_size=5396480 bytes (13.2%)
(RDMA_READ_CONSUME_CHECK_CONSUMER) timestamp=4234 ms, used_size=5394432 bytes (13.2%)
(RDMA_READ_CONSUME_CHECK_CONSUMER) timestamp=4234 ms, used_size=5392384 bytes (13.2%)
(RDMA_READ_CONSUME_CHECK_CONSUMER) timestamp=4234 ms, used_size=5390336 bytes (13.2%)
(RDMA_READ_CONSUME_CHECK_CONSUMER) timestamp=4234 ms, used_size=5388288 bytes (13.2%)
(RDMA_READ_CONSUME_CHECK_CONSUMER) timestamp=4234 ms, used_size=5386240 bytes (13.2%)
(RDMA_READ_CONSUME_CHECK_CONSUMER) timestamp=4234 ms, used_size=5384192 bytes (13.1%)
(RDMA_READ_CONSUME_CHECK_CONSUMER) timestamp=4234 ms, used_size=5382144 bytes (13.1%)
(RDMA_READ_CONSUME_CHECK_CONSUMER) timestamp=4234 ms, used_size=5380096 bytes (13.1%)
(RDMA_READ_CONSUME_CHECK_CONSUMER) timestamp=4234 ms, used_size=5378048 bytes (13.1%)
(RDMA_READ_CONSUME_CHECK_CONSUMER) timestamp=4234 ms, used_size=5376000 bytes (13.1%)
(RDMA_READ_CONSUME_CHECK_CONSUMER) timestamp=4234 ms, used_size=5373952 bytes (13.1%)
(RDMA_READ_CONSUME_CHECK_CONSUMER) timestamp=4234 ms, used_size=5371904 bytes (13.1%)
(RDMA_READ_CONSUME_CHECK_CONSUMER) timestamp=4234 ms, used_size=5369856 bytes (13.1%)
(RDMA_READ_CONSUME_CHECK_CONSUMER) timestamp=4234 ms, used_size=5367808 bytes (13.1%)
(RDMA_READ_CONSUME_CHECK_CONSUMER) timestamp=4234 ms, used_size=5365760 bytes (13.1%)
(RDMA_READ_CONSUME_CHECK_CONSUMER) timestamp=4234 ms, used_size=5363712 bytes (13.1%)
(RDMA_READ_CONSUME_CHECK_CONSUMER) timestamp=4234 ms, used_size=5361664 bytes (13.1%)
(RDMA_READ_CONSUME_CHECK_CONSUMER) timestamp=4234 ms, used_size=5359616 bytes (13.1%)
(RDMA_READ_CONSUME_CHECK_CONSUMER) timestamp=4234 ms, used_size=5357568 bytes (13.1%)
(RDMA_READ_CONSUME_CHECK_CONSUMER) timestamp=4234 ms, used_size=5355520 bytes (13.1%)
(RDMA_READ_CONSUME_CHECK_CONSUMER) timestamp=4234 ms, used_size=5353472 bytes (13.1%)
(RDMA_READ_CONSUME_CHECK_CONSUMER) timestamp=4234 ms, used_size=5351424 bytes (13.1%)
(RDMA_READ_CONSUME_CHECK_CONSUMER) timestamp=4234 ms, used_size=5349376 bytes (13.1%)
(RDMA_READ_CONSUME_CHECK_CONSUMER) timestamp=4234 ms, used_size=5347328 bytes (13.1%)
(RDMA_READ_CONSUME_CHECK_CONSUMER) timestamp=4234 ms, used_size=5345280 bytes (13.1%)
(RDMA_READ_CONSUME_CHECK_CONSUMER) timestamp=4234 ms, used_size=5343232 bytes (13.0%)
(RDMA_READ_CONSUME_CHECK_CONSUMER) timestamp=4234 ms, used_size=5341184 bytes (13.0%)
(RDMA_READ_CONSUME_CHECK_CONSUMER) timestamp=4234 ms, used_size=5339136 bytes (13.0%)
(RDMA_READ_CONSUME_CHECK_CONSUMER) timestamp=4234 ms, used_size=5337088 bytes (13.0%)
(RDMA_READ_CONSUME_CHECK_CONSUMER) timestamp=4234 ms, used_size=5335040 bytes (13.0%)
(RDMA_READ_CONSUME_CHECK_CONSUMER) timestamp=4234 ms, used_size=5332992 bytes (13.0%)
(RDMA_READ_CONSUME_CHECK_CONSUMER) timestamp=4234 ms, used_size=5330944 bytes (13.0%)
(RDMA_READ_CONSUME_CHECK_CONSUMER) timestamp=4234 ms, used_size=5328896 bytes (13.0%)
(RDMA_READ_CONSUME_CHECK_CONSUMER) timestamp=4234 ms, used_size=5326848 bytes (13.0%)
(RDMA_READ_CONSUME_CHECK_CONSUMER) timestamp=4234 ms, used_size=5324800 bytes (13.0%)
(RDMA_READ_CONSUME_CHECK_CONSUMER) timestamp=4234 ms, used_size=5322752 bytes (13.0%)
(RDMA_READ_CONSUME_CHECK_CONSUMER) timestamp=4234 ms, used_size=5320704 bytes (13.0%)
(RDMA_READ_CONSUME_CHECK_CONSUMER) timestamp=4234 ms, used_size=5318656 bytes (13.0%)
(RDMA_READ_CONSUME_CHECK_CONSUMER) timestamp=4234 ms, used_size=5316608 bytes (13.0%)
(RDMA_READ_CONSUME_CHECK_CONSUMER) timestamp=4234 ms, used_size=5314560 bytes (13.0%)
(RDMA_READ_CONSUME_CHECK_CONSUMER) timestamp=4234 ms, used_size=5312512 bytes (13.0%)
(RDMA_READ_CONSUME_CHECK_CONSUMER) timestamp=4234 ms, used_size=5310464 bytes (13.0%)
(RDMA_READ_CONSUME_CHECK_CONSUMER) timestamp=4234 ms, used_size=5308416 bytes (13.0%)
(RDMA_READ_CONSUME_CHECK_CONSUMER) timestamp=4234 ms, used_size=5306368 bytes (13.0%)
(RDMA_READ_CONSUME_CHECK_CONSUMER) timestamp=4234 ms, used_size=5304320 bytes (12.9%)
(RDMA_READ_CONSUME_CHECK_CONSUMER) timestamp=4234 ms, used_size=5302272 bytes (12.9%)
(RDMA_READ_CONSUME_CHECK_CONSUMER) timestamp=4234 ms, used_size=5300224 bytes (12.9%)
(RDMA_READ_CONSUME_CHECK_CONSUMER) timestamp=4234 ms, used_size=5298176 bytes (12.9%)
(RDMA_READ_CONSUME_CHECK_CONSUMER) timestamp=4234 ms, used_size=5296128 bytes (12.9%)
(RDMA_READ_CONSUME_CHECK_CONSUMER) timestamp=4234 ms, used_size=5294080 bytes (12.9%)
(RDMA_READ_CONSUME_CHECK_CONSUMER) timestamp=4235 ms, used_size=5292032 bytes (12.9%)
(RDMA_READ_CONSUME_CHECK_CONSUMER) timestamp=4235 ms, used_size=5289984 bytes (12.9%)
(RDMA_READ_CONSUME_CHECK_CONSUMER) timestamp=4235 ms, used_size=5287936 bytes (12.9%)
(RDMA_READ_CONSUME_CHECK_CONSUMER) timestamp=4235 ms, used_size=5285888 bytes (12.9%)
(RDMA_READ_CONSUME_CHECK_CONSUMER) timestamp=4235 ms, used_size=5283840 bytes (12.9%)
(RDMA_READ_CONSUME_CHECK_CONSUMER) timestamp=4235 ms, used_size=5281792 bytes (12.9%)
(RDMA_READ_CONSUME_CHECK_CONSUMER) timestamp=4235 ms, used_size=5279744 bytes (12.9%)
(RDMA_READ_CONSUME_CHECK_CONSUMER) timestamp=4235 ms, used_size=5277696 bytes (12.9%)
(RDMA_READ_CONSUME_CHECK_CONSUMER) timestamp=4235 ms, used_size=5275648 bytes (12.9%)
(RDMA_READ_CONSUME_CHECK_CONSUMER) timestamp=4235 ms, used_size=5273600 bytes (12.9%)
(RDMA_READ_CONSUME_CHECK_CONSUMER) timestamp=4235 ms, used_size=5271552 bytes (12.9%)
(RDMA_READ_CONSUME_CHECK_CONSUMER) timestamp=4235 ms, used_size=5269504 bytes (12.9%)
(RDMA_READ_CONSUME_CHECK_CONSUMER) timestamp=4235 ms, used_size=5267456 bytes (12.9%)
(RDMA_READ_CONSUME_CHECK_CONSUMER) timestamp=4235 ms, used_size=5265408 bytes (12.9%)
(RDMA_READ_CONSUME_CHECK_CONSUMER) timestamp=4235 ms, used_size=5263360 bytes (12.8%)
(RDMA_READ_CONSUME_CHECK_CONSUMER) timestamp=4235 ms, used_size=5261312 bytes (12.8%)
(RDMA_READ_CONSUME_CHECK_CONSUMER) timestamp=4235 ms, used_size=5259264 bytes (12.8%)
(RDMA_READ_CONSUME_CHECK_CONSUMER) timestamp=4235 ms, used_size=5257216 bytes (12.8%)
(RDMA_READ_CONSUME_CHECK_CONSUMER) timestamp=4235 ms, used_size=5255168 bytes (12.8%)
(RDMA_READ_CONSUME_CHECK_CONSUMER) timestamp=4235 ms, used_size=5253120 bytes (12.8%)
(RDMA_READ_CONSUME_CHECK_CONSUMER) timestamp=4235 ms, used_size=5251072 bytes (12.8%)
(RDMA_READ_CONSUME_CHECK_CONSUMER) timestamp=4235 ms, used_size=5249024 bytes (12.8%)
(RDMA_READ_CONSUME_CHECK_CONSUMER) timestamp=4235 ms, used_size=5246976 bytes (12.8%)
(RDMA_READ_CONSUME_CHECK_CONSUMER) timestamp=4235 ms, used_size=5244928 bytes (12.8%)
(RDMA_READ_CONSUME_CHECK_CONSUMER) timestamp=4235 ms, used_size=5242880 bytes (12.8%)
(RDMA_READ_CONSUME_CHECK_CONSUMER) timestamp=4235 ms, used_size=5240832 bytes (12.8%)
(RDMA_READ_CONSUME_CHECK_CONSUMER) timestamp=4235 ms, used_size=5238784 bytes (12.8%)
(RDMA_READ_CONSUME_CHECK_CONSUMER) timestamp=4235 ms, used_size=5236736 bytes (12.8%)
(RDMA_READ_CONSUME_CHECK_CONSUMER) timestamp=4235 ms, used_size=5234688 bytes (12.8%)
(RDMA_READ_CONSUME_CHECK_CONSUMER) timestamp=4235 ms, used_size=5232640 bytes (12.8%)
(RDMA_READ_CONSUME_CHECK_CONSUMER) timestamp=4235 ms, used_size=5230592 bytes (12.8%)
(RDMA_READ_CONSUME_CHECK_CONSUMER) timestamp=4235 ms, used_size=5228544 bytes (12.8%)
(RDMA_READ_CONSUME_CHECK_CONSUMER) timestamp=4235 ms, used_size=5226496 bytes (12.8%)
(RDMA_READ_CONSUME_CHECK_CONSUMER) timestamp=4235 ms, used_size=5224448 bytes (12.8%)
(RDMA_READ_CONSUME_CHECK_CONSUMER) timestamp=4235 ms, used_size=5222400 bytes (12.8%)
(RDMA_READ_CONSUME_CHECK_CONSUMER) timestamp=4235 ms, used_size=5220352 bytes (12.7%)
(RDMA_READ_CONSUME_CHECK_CONSUMER) timestamp=4235 ms, used_size=5218304 bytes (12.7%)
(RDMA_READ_CONSUME_CHECK_CONSUMER) timestamp=4235 ms, used_size=5216256 bytes (12.7%)
(RDMA_READ_CONSUME_CHECK_CONSUMER) timestamp=4235 ms, used_size=5214208 bytes (12.7%)
(RDMA_READ_CONSUME_CHECK_CONSUMER) timestamp=4235 ms, used_size=5212160 bytes (12.7%)
(RDMA_READ_CONSUME_CHECK_CONSUMER) timestamp=4235 ms, used_size=5210112 bytes (12.7%)
(RDMA_READ_CONSUME_CHECK_CONSUMER) timestamp=4235 ms, used_size=5208064 bytes (12.7%)
(RDMA_READ_CONSUME_CHECK_CONSUMER) timestamp=4235 ms, used_size=5206016 bytes (12.7%)
(RDMA_READ_CONSUME_CHECK_CONSUMER) timestamp=4235 ms, used_size=5203968 bytes (12.7%)
(RDMA_READ_CONSUME_CHECK_CONSUMER) timestamp=4235 ms, used_size=5201920 bytes (12.7%)
(RDMA_READ_CONSUME_CHECK_CONSUMER) timestamp=4235 ms, used_size=5199872 bytes (12.7%)
(RDMA_READ_CONSUME_CHECK_CONSUMER) timestamp=4235 ms, used_size=5197824 bytes (12.7%)
(RDMA_READ_CONSUME_CHECK_CONSUMER) timestamp=4235 ms, used_size=5195776 bytes (12.7%)
(RDMA_READ_CONSUME_CHECK_CONSUMER) timestamp=4235 ms, used_size=5193728 bytes (12.7%)
(RDMA_READ_CONSUME_CHECK_CONSUMER) timestamp=4235 ms, used_size=5191680 bytes (12.7%)
(RDMA_READ_CONSUME_CHECK_CONSUMER) timestamp=4235 ms, used_size=5189632 bytes (12.7%)
(RDMA_READ_CONSUME_CHECK_CONSUMER) timestamp=4235 ms, used_size=5187584 bytes (12.7%)
(RDMA_READ_CONSUME_CHECK_CONSUMER) timestamp=4235 ms, used_size=5185536 bytes (12.7%)
(RDMA_READ_CONSUME_CHECK_CONSUMER) timestamp=4235 ms, used_size=5183488 bytes (12.7%)
(RDMA_READ_CONSUME_CHECK_CONSUMER) timestamp=4235 ms, used_size=5181440 bytes (12.7%)
(RDMA_READ_CONSUME_CHECK_CONSUMER) timestamp=4235 ms, used_size=5179392 bytes (12.6%)
(RDMA_READ_CONSUME_CHECK_CONSUMER) timestamp=4235 ms, used_size=5177344 bytes (12.6%)
(RDMA_READ_CONSUME_CHECK_CONSUMER) timestamp=4235 ms, used_size=5175296 bytes (12.6%)
(RDMA_READ_CONSUME_CHECK_CONSUMER) timestamp=4235 ms, used_size=5173248 bytes (12.6%)
(RDMA_READ_CONSUME_CHECK_CONSUMER) timestamp=4235 ms, used_size=5171200 bytes (12.6%)
(RDMA_READ_CONSUME_CHECK_CONSUMER) timestamp=4235 ms, used_size=5169152 bytes (12.6%)
(RDMA_READ_CONSUME_CHECK_CONSUMER) timestamp=4235 ms, used_size=5167104 bytes (12.6%)
(RDMA_READ_CONSUME_CHECK_CONSUMER) timestamp=4235 ms, used_size=5165056 bytes (12.6%)
(RDMA_READ_CONSUME_CHECK_CONSUMER) timestamp=4235 ms, used_size=5163008 bytes (12.6%)
(RDMA_READ_CONSUME_CHECK_CONSUMER) timestamp=4235 ms, used_size=5160960 bytes (12.6%)
(RDMA_READ_CONSUME_CHECK_CONSUMER) timestamp=4235 ms, used_size=5158912 bytes (12.6%)
(RDMA_READ_CONSUME_CHECK_CONSUMER) timestamp=4235 ms, used_size=5156864 bytes (12.6%)
(RDMA_READ_CONSUME_CHECK_CONSUMER) timestamp=4235 ms, used_size=5154816 bytes (12.6%)
(RDMA_READ_CONSUME_CHECK_CONSUMER) timestamp=4235 ms, used_size=5152768 bytes (12.6%)
(RDMA_READ_CONSUME_CHECK_CONSUMER) timestamp=4235 ms, used_size=5150720 bytes (12.6%)
(RDMA_READ_CONSUME_CHECK_CONSUMER) timestamp=4235 ms, used_size=5148672 bytes (12.6%)
(RDMA_READ_CONSUME_CHECK_CONSUMER) timestamp=4235 ms, used_size=5146624 bytes (12.6%)
(RDMA_READ_CONSUME_CHECK_CONSUMER) timestamp=4235 ms, used_size=5144576 bytes (12.6%)
(RDMA_READ_CONSUME_CHECK_CONSUMER) timestamp=4235 ms, used_size=5142528 bytes (12.6%)
(RDMA_READ_CONSUME_CHECK_CONSUMER) timestamp=4235 ms, used_size=5140480 bytes (12.6%)
(RDMA_READ_CONSUME_CHECK_CONSUMER) timestamp=4235 ms, used_size=5138432 bytes (12.5%)
(RDMA_READ_CONSUME_CHECK_CONSUMER) timestamp=4235 ms, used_size=5136384 bytes (12.5%)
(RDMA_READ_CONSUME_CHECK_CONSUMER) timestamp=4235 ms, used_size=5134336 bytes (12.5%)
(RDMA_READ_CONSUME_CHECK_CONSUMER) timestamp=4235 ms, used_size=5132288 bytes (12.5%)
(RDMA_READ_CONSUME_CHECK_CONSUMER) timestamp=4235 ms, used_size=5130240 bytes (12.5%)
(RDMA_READ_CONSUME_CHECK_CONSUMER) timestamp=4235 ms, used_size=5128192 bytes (12.5%)
(RDMA_READ_CONSUME_CHECK_CONSUMER) timestamp=4235 ms, used_size=5126144 bytes (12.5%)
(RDMA_READ_CONSUME_CHECK_CONSUMER) timestamp=4235 ms, used_size=5124096 bytes (12.5%)
(RDMA_READ_CONSUME_CHECK_CONSUMER) timestamp=4235 ms, used_size=5122048 bytes (12.5%)
(RDMA_READ_CONSUME_CHECK_CONSUMER) timestamp=4235 ms, used_size=5120000 bytes (12.5%)
(RDMA_READ_CONSUME_CHECK_CONSUMER) timestamp=4235 ms, used_size=5117952 bytes (12.5%)
(RDMA_READ_CONSUME_CHECK_CONSUMER) timestamp=4235 ms, used_size=5115904 bytes (12.5%)
(RDMA_READ_CONSUME_CHECK_CONSUMER) timestamp=4235 ms, used_size=5113856 bytes (12.5%)
(RDMA_READ_CONSUME_CHECK_CONSUMER) timestamp=4235 ms, used_size=5111808 bytes (12.5%)
(RDMA_READ_CONSUME_CHECK_CONSUMER) timestamp=4235 ms, used_size=5109760 bytes (12.5%)
(RDMA_READ_CONSUME_CHECK_CONSUMER) timestamp=4235 ms, used_size=5107712 bytes (12.5%)
(RDMA_READ_CONSUME_CHECK_CONSUMER) timestamp=4235 ms, used_size=5105664 bytes (12.5%)
(RDMA_READ_CONSUME_CHECK_CONSUMER) timestamp=4235 ms, used_size=5103616 bytes (12.5%)
(RDMA_READ_CONSUME_CHECK_CONSUMER) timestamp=4235 ms, used_size=5101568 bytes (12.5%)
(RDMA_READ_CONSUME_CHECK_CONSUMER) timestamp=4235 ms, used_size=5099520 bytes (12.4%)
(RDMA_READ_CONSUME_CHECK_CONSUMER) timestamp=4235 ms, used_size=5097472 bytes (12.4%)
(RDMA_READ_CONSUME_CHECK_CONSUMER) timestamp=4235 ms, used_size=5095424 bytes (12.4%)
(RDMA_READ_CONSUME_CHECK_CONSUMER) timestamp=4235 ms, used_size=5093376 bytes (12.4%)
(RDMA_READ_CONSUME_CHECK_CONSUMER) timestamp=4235 ms, used_size=5091328 bytes (12.4%)
(RDMA_READ_CONSUME_CHECK_CONSUMER) timestamp=4235 ms, used_size=5089280 bytes (12.4%)
(RDMA_READ_CONSUME_CHECK_CONSUMER) timestamp=4235 ms, used_size=5087232 bytes (12.4%)
(RDMA_READ_CONSUME_CHECK_CONSUMER) timestamp=4235 ms, used_size=5085184 bytes (12.4%)
(RDMA_READ_CONSUME_CHECK_CONSUMER) timestamp=4235 ms, used_size=5083136 bytes (12.4%)
(RDMA_READ_CONSUME_CHECK_CONSUMER) timestamp=4235 ms, used_size=5081088 bytes (12.4%)
(RDMA_READ_CONSUME_CHECK_CONSUMER) timestamp=4235 ms, used_size=5079040 bytes (12.4%)
(RDMA_READ_CONSUME_CHECK_CONSUMER) timestamp=4235 ms, used_size=5076992 bytes (12.4%)
(RDMA_READ_CONSUME_CHECK_CONSUMER) timestamp=4235 ms, used_size=5074944 bytes (12.4%)
(RDMA_READ_CONSUME_CHECK_CONSUMER) timestamp=4235 ms, used_size=5072896 bytes (12.4%)
(RDMA_READ_CONSUME_CHECK_CONSUMER) timestamp=4235 ms, used_size=5070848 bytes (12.4%)
(RDMA_READ_CONSUME_CHECK_CONSUMER) timestamp=4235 ms, used_size=5068800 bytes (12.4%)
(RDMA_READ_CONSUME_CHECK_CONSUMER) timestamp=4235 ms, used_size=5066752 bytes (12.4%)
(RDMA_READ_CONSUME_CHECK_CONSUMER) timestamp=4235 ms, used_size=5064704 bytes (12.4%)
(RDMA_READ_CONSUME_CHECK_CONSUMER) timestamp=4235 ms, used_size=5062656 bytes (12.4%)
(RDMA_READ_CONSUME_CHECK_CONSUMER) timestamp=4235 ms, used_size=5060608 bytes (12.4%)
(RDMA_READ_CONSUME_CHECK_CONSUMER) timestamp=4235 ms, used_size=5058560 bytes (12.3%)
(RDMA_READ_CONSUME_CHECK_CONSUMER) timestamp=4235 ms, used_size=5056512 bytes (12.3%)
(RDMA_READ_CONSUME_CHECK_CONSUMER) timestamp=4235 ms, used_size=5054464 bytes (12.3%)
(RDMA_READ_CONSUME_CHECK_CONSUMER) timestamp=4235 ms, used_size=5052416 bytes (12.3%)
(RDMA_READ_CONSUME_CHECK_CONSUMER) timestamp=4235 ms, used_size=5050368 bytes (12.3%)
(RDMA_READ_CONSUME_CHECK_CONSUMER) timestamp=4235 ms, used_size=5048320 bytes (12.3%)
(RDMA_READ_CONSUME_CHECK_CONSUMER) timestamp=4235 ms, used_size=5046272 bytes (12.3%)
(RDMA_READ_CONSUME_CHECK_CONSUMER) timestamp=4235 ms, used_size=5044224 bytes (12.3%)
(RDMA_READ_CONSUME_CHECK_CONSUMER) timestamp=4235 ms, used_size=5042176 bytes (12.3%)
(RDMA_READ_CONSUME_CHECK_CONSUMER) timestamp=4235 ms, used_size=5040128 bytes (12.3%)
(RDMA_READ_CONSUME_CHECK_CONSUMER) timestamp=4235 ms, used_size=5038080 bytes (12.3%)
(RDMA_READ_CONSUME_CHECK_CONSUMER) timestamp=4235 ms, used_size=5036032 bytes (12.3%)
(RDMA_READ_CONSUME_CHECK_CONSUMER) timestamp=4235 ms, used_size=5033984 bytes (12.3%)
(RDMA_READ_CONSUME_CHECK_CONSUMER) timestamp=4235 ms, used_size=5031936 bytes (12.3%)
(RDMA_READ_CONSUME_CHECK_CONSUMER) timestamp=4235 ms, used_size=5029888 bytes (12.3%)
(RDMA_READ_CONSUME_CHECK_CONSUMER) timestamp=4235 ms, used_size=5027840 bytes (12.3%)
(RDMA_READ_CONSUME_CHECK_CONSUMER) timestamp=4235 ms, used_size=5025792 bytes (12.3%)
(RDMA_READ_CONSUME_CHECK_CONSUMER) timestamp=4235 ms, used_size=5023744 bytes (12.3%)
(RDMA_READ_CONSUME_CHECK_CONSUMER) timestamp=4235 ms, used_size=5021696 bytes (12.3%)
(RDMA_READ_CONSUME_CHECK_CONSUMER) timestamp=4235 ms, used_size=5019648 bytes (12.3%)
(RDMA_READ_CONSUME_CHECK_CONSUMER) timestamp=4235 ms, used_size=5017600 bytes (12.2%)
(RDMA_READ_CONSUME_CHECK_CONSUMER) timestamp=4235 ms, used_size=5015552 bytes (12.2%)
(RDMA_READ_CONSUME_CHECK_CONSUMER) timestamp=4235 ms, used_size=5013504 bytes (12.2%)
(RDMA_READ_CONSUME_CHECK_CONSUMER) timestamp=4235 ms, used_size=5011456 bytes (12.2%)
(RDMA_READ_CONSUME_CHECK_CONSUMER) timestamp=4235 ms, used_size=5009408 bytes (12.2%)
(RDMA_READ_CONSUME_CHECK_CONSUMER) timestamp=4235 ms, used_size=5007360 bytes (12.2%)
(RDMA_READ_CONSUME_CHECK_CONSUMER) timestamp=4235 ms, used_size=5005312 bytes (12.2%)
(RDMA_READ_CONSUME_CHECK_CONSUMER) timestamp=4235 ms, used_size=5003264 bytes (12.2%)
(RDMA_READ_CONSUME_CHECK_CONSUMER) timestamp=4235 ms, used_size=5001216 bytes (12.2%)
(RDMA_READ_CONSUME_CHECK_CONSUMER) timestamp=4235 ms, used_size=4999168 bytes (12.2%)
(RDMA_READ_CONSUME_CHECK_CONSUMER) timestamp=4235 ms, used_size=4997120 bytes (12.2%)
(RDMA_READ_CONSUME_CHECK_CONSUMER) timestamp=4235 ms, used_size=4995072 bytes (12.2%)
(RDMA_READ_CONSUME_CHECK_CONSUMER) timestamp=4235 ms, used_size=4993024 bytes (12.2%)
(RDMA_READ_CONSUME_CHECK_CONSUMER) timestamp=4235 ms, used_size=4990976 bytes (12.2%)
(RDMA_READ_CONSUME_CHECK_CONSUMER) timestamp=4235 ms, used_size=4988928 bytes (12.2%)
(RDMA_READ_CONSUME_CHECK_CONSUMER) timestamp=4235 ms, used_size=4986880 bytes (12.2%)
(RDMA_READ_CONSUME_CHECK_CONSUMER) timestamp=4235 ms, used_size=4984832 bytes (12.2%)
(RDMA_READ_CONSUME_CHECK_CONSUMER) timestamp=4235 ms, used_size=4982784 bytes (12.2%)
(RDMA_READ_CONSUME_CHECK_CONSUMER) timestamp=4235 ms, used_size=4980736 bytes (12.2%)
(RDMA_READ_CONSUME_CHECK_CONSUMER) timestamp=4235 ms, used_size=4978688 bytes (12.2%)
(RDMA_READ_CONSUME_CHECK_CONSUMER) timestamp=4235 ms, used_size=4976640 bytes (12.2%)
(RDMA_READ_CONSUME_CHECK_CONSUMER) timestamp=4235 ms, used_size=4974592 bytes (12.1%)
(RDMA_READ_CONSUME_CHECK_CONSUMER) timestamp=4235 ms, used_size=4972544 bytes (12.1%)
(RDMA_READ_CONSUME_CHECK_CONSUMER) timestamp=4235 ms, used_size=4970496 bytes (12.1%)
(RDMA_READ_CONSUME_CHECK_CONSUMER) timestamp=4235 ms, used_size=4968448 bytes (12.1%)
(RDMA_READ_CONSUME_CHECK_CONSUMER) timestamp=4235 ms, used_size=4966400 bytes (12.1%)
(RDMA_READ_CONSUME_CHECK_CONSUMER) timestamp=4235 ms, used_size=4964352 bytes (12.1%)
(RDMA_READ_CONSUME_CHECK_CONSUMER) timestamp=4235 ms, used_size=4962304 bytes (12.1%)
(RDMA_READ_CONSUME_CHECK_CONSUMER) timestamp=4235 ms, used_size=4960256 bytes (12.1%)
(RDMA_READ_CONSUME_CHECK_CONSUMER) timestamp=4235 ms, used_size=4958208 bytes (12.1%)
(RDMA_READ_CONSUME_CHECK_CONSUMER) timestamp=4235 ms, used_size=4956160 bytes (12.1%)
(RDMA_READ_CONSUME_CHECK_CONSUMER) timestamp=4235 ms, used_size=4954112 bytes (12.1%)
(RDMA_READ_CONSUME_CHECK_CONSUMER) timestamp=4235 ms, used_size=4952064 bytes (12.1%)
(RDMA_READ_CONSUME_CHECK_CONSUMER) timestamp=4235 ms, used_size=4950016 bytes (12.1%)
(RDMA_READ_CONSUME_CHECK_CONSUMER) timestamp=4235 ms, used_size=4947968 bytes (12.1%)
(RDMA_READ_CONSUME_CHECK_CONSUMER) timestamp=4235 ms, used_size=4945920 bytes (12.1%)
(RDMA_READ_CONSUME_CHECK_CONSUMER) timestamp=4235 ms, used_size=4943872 bytes (12.1%)
(RDMA_READ_CONSUME_CHECK_CONSUMER) timestamp=4235 ms, used_size=4941824 bytes (12.1%)
(RDMA_READ_CONSUME_CHECK_CONSUMER) timestamp=4235 ms, used_size=4939776 bytes (12.1%)
(RDMA_READ_CONSUME_CHECK_CONSUMER) timestamp=4235 ms, used_size=4937728 bytes (12.1%)
(RDMA_READ_CONSUME_CHECK_CONSUMER) timestamp=4235 ms, used_size=4935680 bytes (12.1%)
(RDMA_READ_CONSUME_CHECK_CONSUMER) timestamp=4236 ms, used_size=4933632 bytes (12.0%)
(RDMA_READ_CONSUME_CHECK_CONSUMER) timestamp=4236 ms, used_size=4931584 bytes (12.0%)
(RDMA_READ_CONSUME_CHECK_CONSUMER) timestamp=4236 ms, used_size=4929536 bytes (12.0%)
(RDMA_READ_CONSUME_CHECK_CONSUMER) timestamp=4236 ms, used_size=4927488 bytes (12.0%)
(RDMA_READ_CONSUME_CHECK_CONSUMER) timestamp=4236 ms, used_size=4925440 bytes (12.0%)
(RDMA_READ_CONSUME_CHECK_CONSUMER) timestamp=4236 ms, used_size=4923392 bytes (12.0%)
(RDMA_READ_CONSUME_CHECK_CONSUMER) timestamp=4236 ms, used_size=4921344 bytes (12.0%)
(RDMA_READ_CONSUME_CHECK_CONSUMER) timestamp=4236 ms, used_size=4919296 bytes (12.0%)
(RDMA_READ_CONSUME_CHECK_CONSUMER) timestamp=4236 ms, used_size=4917248 bytes (12.0%)
(RDMA_READ_CONSUME_CHECK_CONSUMER) timestamp=4236 ms, used_size=4915200 bytes (12.0%)
(RDMA_READ_CONSUME_CHECK_CONSUMER) timestamp=4236 ms, used_size=4913152 bytes (12.0%)
(RDMA_READ_CONSUME_CHECK_CONSUMER) timestamp=4236 ms, used_size=4911104 bytes (12.0%)
(RDMA_READ_CONSUME_CHECK_CONSUMER) timestamp=4236 ms, used_size=4909056 bytes (12.0%)
(RDMA_READ_CONSUME_CHECK_CONSUMER) timestamp=4236 ms, used_size=4907008 bytes (12.0%)
(RDMA_READ_CONSUME_CHECK_CONSUMER) timestamp=4236 ms, used_size=4904960 bytes (12.0%)
(RDMA_READ_CONSUME_CHECK_CONSUMER) timestamp=4236 ms, used_size=4902912 bytes (12.0%)
(RDMA_READ_CONSUME_CHECK_CONSUMER) timestamp=4236 ms, used_size=4900864 bytes (12.0%)
(RDMA_READ_CONSUME_CHECK_CONSUMER) timestamp=4236 ms, used_size=4898816 bytes (12.0%)
(RDMA_READ_CONSUME_CHECK_CONSUMER) timestamp=4236 ms, used_size=4896768 bytes (12.0%)
(RDMA_READ_CONSUME_CHECK_CONSUMER) timestamp=4236 ms, used_size=4894720 bytes (11.9%)
(RDMA_READ_CONSUME_CHECK_CONSUMER) timestamp=4236 ms, used_size=4892672 bytes (11.9%)
(RDMA_READ_CONSUME_CHECK_CONSUMER) timestamp=4236 ms, used_size=4890624 bytes (11.9%)
(RDMA_READ_CONSUME_CHECK_CONSUMER) timestamp=4236 ms, used_size=4888576 bytes (11.9%)
(RDMA_READ_CONSUME_CHECK_CONSUMER) timestamp=4236 ms, used_size=4886528 bytes (11.9%)
(RDMA_READ_CONSUME_CHECK_CONSUMER) timestamp=4236 ms, used_size=4884480 bytes (11.9%)
(RDMA_READ_CONSUME_CHECK_CONSUMER) timestamp=4236 ms, used_size=4882432 bytes (11.9%)
(RDMA_READ_CONSUME_CHECK_CONSUMER) timestamp=4236 ms, used_size=4880384 bytes (11.9%)
(RDMA_READ_CONSUME_CHECK_CONSUMER) timestamp=4236 ms, used_size=4878336 bytes (11.9%)
(RDMA_READ_CONSUME_CHECK_CONSUMER) timestamp=4236 ms, used_size=4876288 bytes (11.9%)
(RDMA_READ_CONSUME_CHECK_CONSUMER) timestamp=4236 ms, used_size=4874240 bytes (11.9%)
(RDMA_READ_CONSUME_CHECK_CONSUMER) timestamp=4236 ms, used_size=4872192 bytes (11.9%)
(RDMA_READ_CONSUME_CHECK_CONSUMER) timestamp=4236 ms, used_size=4870144 bytes (11.9%)
(RDMA_READ_CONSUME_CHECK_CONSUMER) timestamp=4236 ms, used_size=4868096 bytes (11.9%)
(RDMA_READ_CONSUME_CHECK_CONSUMER) timestamp=4236 ms, used_size=4866048 bytes (11.9%)
(RDMA_READ_CONSUME_CHECK_CONSUMER) timestamp=4236 ms, used_size=4864000 bytes (11.9%)
(RDMA_READ_CONSUME_CHECK_CONSUMER) timestamp=4236 ms, used_size=4861952 bytes (11.9%)
(RDMA_READ_CONSUME_CHECK_CONSUMER) timestamp=4236 ms, used_size=4859904 bytes (11.9%)
(RDMA_READ_CONSUME_CHECK_CONSUMER) timestamp=4236 ms, used_size=4857856 bytes (11.9%)
(RDMA_READ_CONSUME_CHECK_CONSUMER) timestamp=4236 ms, used_size=4855808 bytes (11.9%)
(RDMA_READ_CONSUME_CHECK_CONSUMER) timestamp=4236 ms, used_size=4853760 bytes (11.8%)
(RDMA_READ_CONSUME_CHECK_CONSUMER) timestamp=4236 ms, used_size=4851712 bytes (11.8%)
(RDMA_READ_CONSUME_CHECK_CONSUMER) timestamp=4236 ms, used_size=4849664 bytes (11.8%)
(RDMA_READ_CONSUME_CHECK_CONSUMER) timestamp=4236 ms, used_size=4847616 bytes (11.8%)
(RDMA_READ_CONSUME_CHECK_CONSUMER) timestamp=4236 ms, used_size=4845568 bytes (11.8%)
(RDMA_READ_CONSUME_CHECK_CONSUMER) timestamp=4236 ms, used_size=4843520 bytes (11.8%)
(RDMA_READ_CONSUME_CHECK_CONSUMER) timestamp=4236 ms, used_size=4841472 bytes (11.8%)
(RDMA_READ_CONSUME_CHECK_CONSUMER) timestamp=4236 ms, used_size=4839424 bytes (11.8%)
(RDMA_READ_CONSUME_CHECK_CONSUMER) timestamp=4236 ms, used_size=4837376 bytes (11.8%)
(RDMA_READ_CONSUME_CHECK_CONSUMER) timestamp=4236 ms, used_size=4835328 bytes (11.8%)
(RDMA_READ_CONSUME_CHECK_CONSUMER) timestamp=4236 ms, used_size=4833280 bytes (11.8%)
(RDMA_READ_CONSUME_CHECK_CONSUMER) timestamp=4236 ms, used_size=4831232 bytes (11.8%)
(RDMA_READ_CONSUME_CHECK_CONSUMER) timestamp=4236 ms, used_size=4829184 bytes (11.8%)
(RDMA_READ_CONSUME_CHECK_CONSUMER) timestamp=4236 ms, used_size=4827136 bytes (11.8%)
(RDMA_READ_CONSUME_CHECK_CONSUMER) timestamp=4236 ms, used_size=4825088 bytes (11.8%)
(RDMA_READ_CONSUME_CHECK_CONSUMER) timestamp=4236 ms, used_size=4823040 bytes (11.8%)
(RDMA_READ_CONSUME_CHECK_CONSUMER) timestamp=4236 ms, used_size=4820992 bytes (11.8%)
(RDMA_READ_CONSUME_CHECK_CONSUMER) timestamp=4236 ms, used_size=4818944 bytes (11.8%)
(RDMA_READ_CONSUME_CHECK_CONSUMER) timestamp=4236 ms, used_size=4816896 bytes (11.8%)
(RDMA_READ_CONSUME_CHECK_CONSUMER) timestamp=4236 ms, used_size=4814848 bytes (11.8%)
(RDMA_READ_CONSUME_CHECK_CONSUMER) timestamp=4236 ms, used_size=4812800 bytes (11.8%)
(RDMA_READ_CONSUME_CHECK_CONSUMER) timestamp=4236 ms, used_size=4810752 bytes (11.7%)
(RDMA_READ_CONSUME_CHECK_CONSUMER) timestamp=4236 ms, used_size=4808704 bytes (11.7%)
(RDMA_READ_CONSUME_CHECK_CONSUMER) timestamp=4236 ms, used_size=4806656 bytes (11.7%)
(RDMA_READ_CONSUME_CHECK_CONSUMER) timestamp=4236 ms, used_size=4804608 bytes (11.7%)
(RDMA_READ_CONSUME_CHECK_CONSUMER) timestamp=4236 ms, used_size=4802560 bytes (11.7%)
(RDMA_READ_CONSUME_CHECK_CONSUMER) timestamp=4236 ms, used_size=4800512 bytes (11.7%)
(RDMA_READ_CONSUME_CHECK_CONSUMER) timestamp=4236 ms, used_size=4798464 bytes (11.7%)
(RDMA_READ_CONSUME_CHECK_CONSUMER) timestamp=4236 ms, used_size=4796416 bytes (11.7%)
(RDMA_READ_CONSUME_CHECK_CONSUMER) timestamp=4236 ms, used_size=4794368 bytes (11.7%)
(RDMA_READ_CONSUME_CHECK_CONSUMER) timestamp=4236 ms, used_size=4792320 bytes (11.7%)
(RDMA_READ_CONSUME_CHECK_CONSUMER) timestamp=4236 ms, used_size=4790272 bytes (11.7%)
(RDMA_READ_CONSUME_CHECK_CONSUMER) timestamp=4236 ms, used_size=4788224 bytes (11.7%)
(RDMA_READ_CONSUME_CHECK_CONSUMER) timestamp=4236 ms, used_size=4786176 bytes (11.7%)
(RDMA_READ_CONSUME_CHECK_CONSUMER) timestamp=4236 ms, used_size=4784128 bytes (11.7%)
(RDMA_READ_CONSUME_CHECK_CONSUMER) timestamp=4236 ms, used_size=4782080 bytes (11.7%)
(RDMA_READ_CONSUME_CHECK_CONSUMER) timestamp=4236 ms, used_size=4780032 bytes (11.7%)
(RDMA_READ_CONSUME_CHECK_CONSUMER) timestamp=4236 ms, used_size=4777984 bytes (11.7%)
(RDMA_READ_CONSUME_CHECK_CONSUMER) timestamp=4236 ms, used_size=4775936 bytes (11.7%)
(RDMA_READ_CONSUME_CHECK_CONSUMER) timestamp=4236 ms, used_size=4773888 bytes (11.7%)
(RDMA_READ_CONSUME_CHECK_CONSUMER) timestamp=4236 ms, used_size=4771840 bytes (11.7%)
(RDMA_READ_CONSUME_CHECK_CONSUMER) timestamp=4236 ms, used_size=4769792 bytes (11.6%)
(RDMA_READ_CONSUME_CHECK_CONSUMER) timestamp=4236 ms, used_size=4767744 bytes (11.6%)
(RDMA_READ_CONSUME_CHECK_CONSUMER) timestamp=4236 ms, used_size=4765696 bytes (11.6%)
(RDMA_READ_CONSUME_CHECK_CONSUMER) timestamp=4236 ms, used_size=4763648 bytes (11.6%)
(RDMA_READ_CONSUME_CHECK_CONSUMER) timestamp=4236 ms, used_size=4761600 bytes (11.6%)
(RDMA_READ_CONSUME_CHECK_CONSUMER) timestamp=4236 ms, used_size=4759552 bytes (11.6%)
(RDMA_READ_CONSUME_CHECK_CONSUMER) timestamp=4236 ms, used_size=4757504 bytes (11.6%)
(RDMA_READ_CONSUME_CHECK_CONSUMER) timestamp=4236 ms, used_size=4755456 bytes (11.6%)
(RDMA_READ_CONSUME_CHECK_CONSUMER) timestamp=4236 ms, used_size=4753408 bytes (11.6%)
(RDMA_READ_CONSUME_CHECK_CONSUMER) timestamp=4236 ms, used_size=4751360 bytes (11.6%)
(RDMA_READ_CONSUME_CHECK_CONSUMER) timestamp=4236 ms, used_size=4749312 bytes (11.6%)
(RDMA_READ_CONSUME_CHECK_CONSUMER) timestamp=4236 ms, used_size=4747264 bytes (11.6%)
(RDMA_READ_CONSUME_CHECK_CONSUMER) timestamp=4236 ms, used_size=4745216 bytes (11.6%)
(RDMA_READ_CONSUME_CHECK_CONSUMER) timestamp=4236 ms, used_size=4743168 bytes (11.6%)
(RDMA_READ_CONSUME_CHECK_CONSUMER) timestamp=4236 ms, used_size=4741120 bytes (11.6%)
(RDMA_READ_CONSUME_CHECK_CONSUMER) timestamp=4236 ms, used_size=4739072 bytes (11.6%)
(RDMA_READ_CONSUME_CHECK_CONSUMER) timestamp=4236 ms, used_size=4737024 bytes (11.6%)
(RDMA_READ_CONSUME_CHECK_CONSUMER) timestamp=4236 ms, used_size=4734976 bytes (11.6%)
(RDMA_READ_CONSUME_CHECK_CONSUMER) timestamp=4236 ms, used_size=4732928 bytes (11.6%)
(RDMA_READ_CONSUME_CHECK_CONSUMER) timestamp=4236 ms, used_size=4730880 bytes (11.6%)
(RDMA_READ_CONSUME_CHECK_CONSUMER) timestamp=4236 ms, used_size=4728832 bytes (11.5%)
(RDMA_READ_CONSUME_CHECK_CONSUMER) timestamp=4236 ms, used_size=4726784 bytes (11.5%)
(RDMA_READ_CONSUME_CHECK_CONSUMER) timestamp=4236 ms, used_size=4724736 bytes (11.5%)
(RDMA_READ_CONSUME_CHECK_CONSUMER) timestamp=4236 ms, used_size=4722688 bytes (11.5%)
(RDMA_READ_CONSUME_CHECK_CONSUMER) timestamp=4236 ms, used_size=4720640 bytes (11.5%)
(RDMA_READ_CONSUME_CHECK_CONSUMER) timestamp=4236 ms, used_size=4718592 bytes (11.5%)
(RDMA_READ_CONSUME_CHECK_CONSUMER) timestamp=4236 ms, used_size=4716544 bytes (11.5%)
(RDMA_READ_CONSUME_CHECK_CONSUMER) timestamp=4236 ms, used_size=4714496 bytes (11.5%)
(RDMA_READ_CONSUME_CHECK_CONSUMER) timestamp=4236 ms, used_size=4712448 bytes (11.5%)
(RDMA_READ_CONSUME_CHECK_CONSUMER) timestamp=4236 ms, used_size=4710400 bytes (11.5%)
(RDMA_READ_CONSUME_CHECK_CONSUMER) timestamp=4236 ms, used_size=4708352 bytes (11.5%)
(RDMA_READ_CONSUME_CHECK_CONSUMER) timestamp=4236 ms, used_size=4706304 bytes (11.5%)
(RDMA_READ_CONSUME_CHECK_CONSUMER) timestamp=4236 ms, used_size=4704256 bytes (11.5%)
(RDMA_READ_CONSUME_CHECK_CONSUMER) timestamp=4236 ms, used_size=4702208 bytes (11.5%)
(RDMA_READ_CONSUME_CHECK_CONSUMER) timestamp=4236 ms, used_size=4700160 bytes (11.5%)
(RDMA_READ_CONSUME_CHECK_CONSUMER) timestamp=4236 ms, used_size=4698112 bytes (11.5%)
(RDMA_READ_CONSUME_CHECK_CONSUMER) timestamp=4236 ms, used_size=4696064 bytes (11.5%)
(RDMA_READ_CONSUME_CHECK_CONSUMER) timestamp=4236 ms, used_size=4694016 bytes (11.5%)
(RDMA_READ_CONSUME_CHECK_CONSUMER) timestamp=4236 ms, used_size=4691968 bytes (11.5%)
(RDMA_READ_CONSUME_CHECK_CONSUMER) timestamp=4236 ms, used_size=4689920 bytes (11.4%)
(RDMA_READ_CONSUME_CHECK_CONSUMER) timestamp=4236 ms, used_size=4687872 bytes (11.4%)
(RDMA_READ_CONSUME_CHECK_CONSUMER) timestamp=4236 ms, used_size=4685824 bytes (11.4%)
(RDMA_READ_CONSUME_CHECK_CONSUMER) timestamp=4236 ms, used_size=4683776 bytes (11.4%)
(RDMA_READ_CONSUME_CHECK_CONSUMER) timestamp=4236 ms, used_size=4681728 bytes (11.4%)
(RDMA_READ_CONSUME_CHECK_CONSUMER) timestamp=4236 ms, used_size=4679680 bytes (11.4%)
(RDMA_READ_CONSUME_CHECK_CONSUMER) timestamp=4236 ms, used_size=4677632 bytes (11.4%)
(RDMA_READ_CONSUME_CHECK_CONSUMER) timestamp=4236 ms, used_size=4675584 bytes (11.4%)
(RDMA_READ_CONSUME_CHECK_CONSUMER) timestamp=4236 ms, used_size=4673536 bytes (11.4%)
(RDMA_READ_CONSUME_CHECK_CONSUMER) timestamp=4236 ms, used_size=4671488 bytes (11.4%)
(RDMA_READ_CONSUME_CHECK_CONSUMER) timestamp=4236 ms, used_size=4669440 bytes (11.4%)
(RDMA_READ_CONSUME_CHECK_CONSUMER) timestamp=4236 ms, used_size=4667392 bytes (11.4%)
(RDMA_READ_CONSUME_CHECK_CONSUMER) timestamp=4236 ms, used_size=4665344 bytes (11.4%)
(RDMA_READ_CONSUME_CHECK_CONSUMER) timestamp=4236 ms, used_size=4663296 bytes (11.4%)
(RDMA_READ_CONSUME_CHECK_CONSUMER) timestamp=4236 ms, used_size=4661248 bytes (11.4%)
(RDMA_READ_CONSUME_CHECK_CONSUMER) timestamp=4236 ms, used_size=4659200 bytes (11.4%)
(RDMA_READ_CONSUME_CHECK_CONSUMER) timestamp=4236 ms, used_size=4657152 bytes (11.4%)
(RDMA_READ_CONSUME_CHECK_CONSUMER) timestamp=4236 ms, used_size=4655104 bytes (11.4%)
(RDMA_READ_CONSUME_CHECK_CONSUMER) timestamp=4236 ms, used_size=4653056 bytes (11.4%)
(RDMA_READ_CONSUME_CHECK_CONSUMER) timestamp=4236 ms, used_size=4651008 bytes (11.4%)
(RDMA_READ_CONSUME_CHECK_CONSUMER) timestamp=4236 ms, used_size=4648960 bytes (11.3%)
(RDMA_READ_CONSUME_CHECK_CONSUMER) timestamp=4236 ms, used_size=4646912 bytes (11.3%)
(RDMA_READ_CONSUME_CHECK_CONSUMER) timestamp=4236 ms, used_size=4644864 bytes (11.3%)
(RDMA_READ_CONSUME_CHECK_CONSUMER) timestamp=4236 ms, used_size=4642816 bytes (11.3%)
(RDMA_READ_CONSUME_CHECK_CONSUMER) timestamp=4236 ms, used_size=4640768 bytes (11.3%)
(RDMA_READ_CONSUME_CHECK_CONSUMER) timestamp=4236 ms, used_size=4638720 bytes (11.3%)
(RDMA_READ_CONSUME_CHECK_CONSUMER) timestamp=4236 ms, used_size=4636672 bytes (11.3%)
(RDMA_READ_CONSUME_CHECK_CONSUMER) timestamp=4236 ms, used_size=4634624 bytes (11.3%)
(RDMA_READ_CONSUME_CHECK_CONSUMER) timestamp=4236 ms, used_size=4632576 bytes (11.3%)
(RDMA_READ_CONSUME_CHECK_CONSUMER) timestamp=4236 ms, used_size=4630528 bytes (11.3%)
(RDMA_READ_CONSUME_CHECK_CONSUMER) timestamp=4236 ms, used_size=4628480 bytes (11.3%)
(RDMA_READ_CONSUME_CHECK_CONSUMER) timestamp=4236 ms, used_size=4626432 bytes (11.3%)
(RDMA_READ_CONSUME_CHECK_CONSUMER) timestamp=4236 ms, used_size=4624384 bytes (11.3%)
(RDMA_READ_CONSUME_CHECK_CONSUMER) timestamp=4236 ms, used_size=4622336 bytes (11.3%)
(RDMA_READ_CONSUME_CHECK_CONSUMER) timestamp=4236 ms, used_size=4620288 bytes (11.3%)
(RDMA_READ_CONSUME_CHECK_CONSUMER) timestamp=4236 ms, used_size=4618240 bytes (11.3%)
(RDMA_READ_CONSUME_CHECK_CONSUMER) timestamp=4236 ms, used_size=4616192 bytes (11.3%)
(RDMA_READ_CONSUME_CHECK_CONSUMER) timestamp=4236 ms, used_size=4614144 bytes (11.3%)
(RDMA_READ_CONSUME_CHECK_CONSUMER) timestamp=4236 ms, used_size=4612096 bytes (11.3%)
(RDMA_READ_CONSUME_CHECK_CONSUMER) timestamp=4236 ms, used_size=4610048 bytes (11.3%)
(RDMA_READ_CONSUME_CHECK_CONSUMER) timestamp=4236 ms, used_size=4608000 bytes (11.2%)
(RDMA_READ_CONSUME_CHECK_CONSUMER) timestamp=4236 ms, used_size=4605952 bytes (11.2%)
(RDMA_READ_CONSUME_CHECK_CONSUMER) timestamp=4236 ms, used_size=4603904 bytes (11.2%)
(RDMA_READ_CONSUME_CHECK_CONSUMER) timestamp=4236 ms, used_size=4601856 bytes (11.2%)
(RDMA_READ_CONSUME_CHECK_CONSUMER) timestamp=4236 ms, used_size=4599808 bytes (11.2%)
(RDMA_READ_CONSUME_CHECK_CONSUMER) timestamp=4236 ms, used_size=4597760 bytes (11.2%)
(RDMA_READ_CONSUME_CHECK_CONSUMER) timestamp=4236 ms, used_size=4595712 bytes (11.2%)
(RDMA_READ_CONSUME_CHECK_CONSUMER) timestamp=4236 ms, used_size=4593664 bytes (11.2%)
(RDMA_READ_CONSUME_CHECK_CONSUMER) timestamp=4236 ms, used_size=4591616 bytes (11.2%)
(RDMA_READ_CONSUME_CHECK_CONSUMER) timestamp=4236 ms, used_size=4589568 bytes (11.2%)
(RDMA_READ_CONSUME_CHECK_CONSUMER) timestamp=4236 ms, used_size=4587520 bytes (11.2%)
(RDMA_READ_CONSUME_CHECK_CONSUMER) timestamp=4236 ms, used_size=4585472 bytes (11.2%)
(RDMA_READ_CONSUME_CHECK_CONSUMER) timestamp=4236 ms, used_size=4583424 bytes (11.2%)
(RDMA_READ_CONSUME_CHECK_CONSUMER) timestamp=4236 ms, used_size=4581376 bytes (11.2%)
(RDMA_READ_CONSUME_CHECK_CONSUMER) timestamp=4236 ms, used_size=4579328 bytes (11.2%)
(RDMA_READ_CONSUME_CHECK_CONSUMER) timestamp=4236 ms, used_size=4577280 bytes (11.2%)
(RDMA_READ_CONSUME_CHECK_CONSUMER) timestamp=4236 ms, used_size=4575232 bytes (11.2%)
(RDMA_READ_CONSUME_CHECK_CONSUMER) timestamp=4236 ms, used_size=4573184 bytes (11.2%)
(RDMA_READ_CONSUME_CHECK_CONSUMER) timestamp=4236 ms, used_size=4571136 bytes (11.2%)
(RDMA_READ_CONSUME_CHECK_CONSUMER) timestamp=4236 ms, used_size=4569088 bytes (11.2%)
(RDMA_READ_CONSUME_CHECK_CONSUMER) timestamp=4237 ms, used_size=4567040 bytes (11.2%)
(RDMA_READ_CONSUME_CHECK_CONSUMER) timestamp=4237 ms, used_size=4564992 bytes (11.1%)
(RDMA_READ_CONSUME_CHECK_CONSUMER) timestamp=4237 ms, used_size=4562944 bytes (11.1%)
(RDMA_READ_CONSUME_CHECK_CONSUMER) timestamp=4237 ms, used_size=4560896 bytes (11.1%)
(RDMA_READ_CONSUME_CHECK_CONSUMER) timestamp=4237 ms, used_size=4558848 bytes (11.1%)
(RDMA_READ_CONSUME_CHECK_CONSUMER) timestamp=4237 ms, used_size=4556800 bytes (11.1%)
(RDMA_READ_CONSUME_CHECK_CONSUMER) timestamp=4237 ms, used_size=4554752 bytes (11.1%)
(RDMA_READ_CONSUME_CHECK_CONSUMER) timestamp=4237 ms, used_size=4552704 bytes (11.1%)
(RDMA_READ_CONSUME_CHECK_CONSUMER) timestamp=4237 ms, used_size=4550656 bytes (11.1%)
(RDMA_READ_CONSUME_CHECK_CONSUMER) timestamp=4237 ms, used_size=4548608 bytes (11.1%)
(RDMA_READ_CONSUME_CHECK_CONSUMER) timestamp=4237 ms, used_size=4546560 bytes (11.1%)
(RDMA_READ_CONSUME_CHECK_CONSUMER) timestamp=4237 ms, used_size=4544512 bytes (11.1%)
(RDMA_READ_CONSUME_CHECK_CONSUMER) timestamp=4237 ms, used_size=4542464 bytes (11.1%)
(RDMA_READ_CONSUME_CHECK_CONSUMER) timestamp=4237 ms, used_size=4540416 bytes (11.1%)
(RDMA_READ_CONSUME_CHECK_CONSUMER) timestamp=4237 ms, used_size=4538368 bytes (11.1%)
(RDMA_READ_CONSUME_CHECK_CONSUMER) timestamp=4237 ms, used_size=4536320 bytes (11.1%)
(RDMA_READ_CONSUME_CHECK_CONSUMER) timestamp=4237 ms, used_size=4534272 bytes (11.1%)
(RDMA_READ_CONSUME_CHECK_CONSUMER) timestamp=4237 ms, used_size=4532224 bytes (11.1%)
(RDMA_READ_CONSUME_CHECK_CONSUMER) timestamp=4237 ms, used_size=4530176 bytes (11.1%)
(RDMA_READ_CONSUME_CHECK_CONSUMER) timestamp=4237 ms, used_size=4528128 bytes (11.1%)
(RDMA_READ_CONSUME_CHECK_CONSUMER) timestamp=4237 ms, used_size=4526080 bytes (11.1%)
(RDMA_READ_CONSUME_CHECK_CONSUMER) timestamp=4237 ms, used_size=4524032 bytes (11.0%)
(RDMA_READ_CONSUME_CHECK_CONSUMER) timestamp=4237 ms, used_size=4521984 bytes (11.0%)
(RDMA_READ_CONSUME_CHECK_CONSUMER) timestamp=4237 ms, used_size=4519936 bytes (11.0%)
(RDMA_READ_CONSUME_CHECK_CONSUMER) timestamp=4237 ms, used_size=4517888 bytes (11.0%)
(RDMA_READ_CONSUME_CHECK_CONSUMER) timestamp=4237 ms, used_size=4515840 bytes (11.0%)
(RDMA_READ_CONSUME_CHECK_CONSUMER) timestamp=4237 ms, used_size=4513792 bytes (11.0%)
(RDMA_READ_CONSUME_CHECK_CONSUMER) timestamp=4237 ms, used_size=4511744 bytes (11.0%)
(RDMA_READ_CONSUME_CHECK_CONSUMER) timestamp=4237 ms, used_size=4509696 bytes (11.0%)
(RDMA_READ_CONSUME_CHECK_CONSUMER) timestamp=4237 ms, used_size=4507648 bytes (11.0%)
(RDMA_READ_CONSUME_CHECK_CONSUMER) timestamp=4237 ms, used_size=4505600 bytes (11.0%)
(RDMA_READ_CONSUME_CHECK_CONSUMER) timestamp=4237 ms, used_size=4503552 bytes (11.0%)
(RDMA_READ_CONSUME_CHECK_CONSUMER) timestamp=4237 ms, used_size=4501504 bytes (11.0%)
(RDMA_READ_CONSUME_CHECK_CONSUMER) timestamp=4237 ms, used_size=4499456 bytes (11.0%)
(RDMA_READ_CONSUME_CHECK_CONSUMER) timestamp=4237 ms, used_size=4497408 bytes (11.0%)
(RDMA_READ_CONSUME_CHECK_CONSUMER) timestamp=4237 ms, used_size=4495360 bytes (11.0%)
(RDMA_READ_CONSUME_CHECK_CONSUMER) timestamp=4237 ms, used_size=4493312 bytes (11.0%)
(RDMA_READ_CONSUME_CHECK_CONSUMER) timestamp=4237 ms, used_size=4491264 bytes (11.0%)
(RDMA_READ_CONSUME_CHECK_CONSUMER) timestamp=4237 ms, used_size=4489216 bytes (11.0%)
(RDMA_READ_CONSUME_CHECK_CONSUMER) timestamp=4237 ms, used_size=4487168 bytes (11.0%)
(RDMA_READ_CONSUME_CHECK_CONSUMER) timestamp=4237 ms, used_size=4485120 bytes (10.9%)
(RDMA_READ_CONSUME_CHECK_CONSUMER) timestamp=4237 ms, used_size=4483072 bytes (10.9%)
(RDMA_READ_CONSUME_CHECK_CONSUMER) timestamp=4237 ms, used_size=4481024 bytes (10.9%)
(RDMA_READ_CONSUME_CHECK_CONSUMER) timestamp=4237 ms, used_size=4478976 bytes (10.9%)
(RDMA_READ_CONSUME_CHECK_CONSUMER) timestamp=4237 ms, used_size=4476928 bytes (10.9%)
(RDMA_READ_CONSUME_CHECK_CONSUMER) timestamp=4237 ms, used_size=4474880 bytes (10.9%)
(RDMA_READ_CONSUME_CHECK_CONSUMER) timestamp=4237 ms, used_size=4472832 bytes (10.9%)
(RDMA_READ_CONSUME_CHECK_CONSUMER) timestamp=4237 ms, used_size=4470784 bytes (10.9%)
(RDMA_READ_CONSUME_CHECK_CONSUMER) timestamp=4237 ms, used_size=4468736 bytes (10.9%)
(RDMA_READ_CONSUME_CHECK_CONSUMER) timestamp=4237 ms, used_size=4466688 bytes (10.9%)
(RDMA_READ_CONSUME_CHECK_CONSUMER) timestamp=4237 ms, used_size=4464640 bytes (10.9%)
(RDMA_READ_CONSUME_CHECK_CONSUMER) timestamp=4237 ms, used_size=4462592 bytes (10.9%)
(RDMA_READ_CONSUME_CHECK_CONSUMER) timestamp=4237 ms, used_size=4460544 bytes (10.9%)
(RDMA_READ_CONSUME_CHECK_CONSUMER) timestamp=4237 ms, used_size=4458496 bytes (10.9%)
(RDMA_READ_CONSUME_CHECK_CONSUMER) timestamp=4237 ms, used_size=4456448 bytes (10.9%)
(RDMA_READ_CONSUME_CHECK_CONSUMER) timestamp=4237 ms, used_size=4454400 bytes (10.9%)
(RDMA_READ_CONSUME_CHECK_CONSUMER) timestamp=4237 ms, used_size=4452352 bytes (10.9%)
(RDMA_READ_CONSUME_CHECK_CONSUMER) timestamp=4237 ms, used_size=4450304 bytes (10.9%)
(RDMA_READ_CONSUME_CHECK_CONSUMER) timestamp=4237 ms, used_size=4448256 bytes (10.9%)
(RDMA_READ_CONSUME_CHECK_CONSUMER) timestamp=4237 ms, used_size=4446208 bytes (10.9%)
(RDMA_READ_CONSUME_CHECK_CONSUMER) timestamp=4237 ms, used_size=4444160 bytes (10.8%)
(RDMA_READ_CONSUME_CHECK_CONSUMER) timestamp=4237 ms, used_size=4442112 bytes (10.8%)
(RDMA_READ_CONSUME_CHECK_CONSUMER) timestamp=4237 ms, used_size=4440064 bytes (10.8%)
(RDMA_READ_CONSUME_CHECK_CONSUMER) timestamp=4237 ms, used_size=4438016 bytes (10.8%)
(RDMA_READ_CONSUME_CHECK_CONSUMER) timestamp=4237 ms, used_size=4435968 bytes (10.8%)
(RDMA_READ_CONSUME_CHECK_CONSUMER) timestamp=4237 ms, used_size=4433920 bytes (10.8%)
(RDMA_READ_CONSUME_CHECK_CONSUMER) timestamp=4237 ms, used_size=4431872 bytes (10.8%)
(RDMA_READ_CONSUME_CHECK_CONSUMER) timestamp=4237 ms, used_size=4429824 bytes (10.8%)
(RDMA_READ_CONSUME_CHECK_CONSUMER) timestamp=4237 ms, used_size=4427776 bytes (10.8%)
(RDMA_READ_CONSUME_CHECK_CONSUMER) timestamp=4237 ms, used_size=4425728 bytes (10.8%)
(RDMA_READ_CONSUME_CHECK_CONSUMER) timestamp=4237 ms, used_size=4423680 bytes (10.8%)
(RDMA_READ_CONSUME_CHECK_CONSUMER) timestamp=4237 ms, used_size=4421632 bytes (10.8%)
(RDMA_READ_CONSUME_CHECK_CONSUMER) timestamp=4237 ms, used_size=4419584 bytes (10.8%)
(RDMA_READ_CONSUME_CHECK_CONSUMER) timestamp=4237 ms, used_size=4417536 bytes (10.8%)
(RDMA_READ_CONSUME_CHECK_CONSUMER) timestamp=4237 ms, used_size=4415488 bytes (10.8%)
(RDMA_READ_CONSUME_CHECK_CONSUMER) timestamp=4237 ms, used_size=4413440 bytes (10.8%)
(RDMA_READ_CONSUME_CHECK_CONSUMER) timestamp=4237 ms, used_size=4411392 bytes (10.8%)
(RDMA_READ_CONSUME_CHECK_CONSUMER) timestamp=4237 ms, used_size=4409344 bytes (10.8%)
(RDMA_READ_CONSUME_CHECK_CONSUMER) timestamp=4237 ms, used_size=4407296 bytes (10.8%)
(RDMA_READ_CONSUME_CHECK_CONSUMER) timestamp=4237 ms, used_size=4405248 bytes (10.8%)
(RDMA_READ_CONSUME_CHECK_CONSUMER) timestamp=4237 ms, used_size=4403200 bytes (10.8%)
(RDMA_READ_CONSUME_CHECK_CONSUMER) timestamp=4237 ms, used_size=4401152 bytes (10.7%)
(RDMA_READ_CONSUME_CHECK_CONSUMER) timestamp=4237 ms, used_size=4399104 bytes (10.7%)
(RDMA_READ_CONSUME_CHECK_CONSUMER) timestamp=4237 ms, used_size=4397056 bytes (10.7%)
(RDMA_READ_CONSUME_CHECK_CONSUMER) timestamp=4237 ms, used_size=4395008 bytes (10.7%)
(RDMA_READ_CONSUME_CHECK_CONSUMER) timestamp=4237 ms, used_size=4392960 bytes (10.7%)
(RDMA_READ_CONSUME_CHECK_CONSUMER) timestamp=4237 ms, used_size=4390912 bytes (10.7%)
(RDMA_READ_CONSUME_CHECK_CONSUMER) timestamp=4237 ms, used_size=4388864 bytes (10.7%)
(RDMA_READ_CONSUME_CHECK_CONSUMER) timestamp=4237 ms, used_size=4386816 bytes (10.7%)
(RDMA_READ_CONSUME_CHECK_CONSUMER) timestamp=4237 ms, used_size=4384768 bytes (10.7%)
(RDMA_READ_CONSUME_CHECK_CONSUMER) timestamp=4237 ms, used_size=4382720 bytes (10.7%)
(RDMA_READ_CONSUME_CHECK_CONSUMER) timestamp=4237 ms, used_size=4380672 bytes (10.7%)
(RDMA_READ_CONSUME_CHECK_CONSUMER) timestamp=4237 ms, used_size=4378624 bytes (10.7%)
(RDMA_READ_CONSUME_CHECK_CONSUMER) timestamp=4237 ms, used_size=4376576 bytes (10.7%)
(RDMA_READ_CONSUME_CHECK_CONSUMER) timestamp=4237 ms, used_size=4374528 bytes (10.7%)
(RDMA_READ_CONSUME_CHECK_CONSUMER) timestamp=4237 ms, used_size=4372480 bytes (10.7%)
(RDMA_READ_CONSUME_CHECK_CONSUMER) timestamp=4237 ms, used_size=4370432 bytes (10.7%)
(RDMA_READ_CONSUME_CHECK_CONSUMER) timestamp=4237 ms, used_size=4368384 bytes (10.7%)
(RDMA_READ_CONSUME_CHECK_CONSUMER) timestamp=4237 ms, used_size=4366336 bytes (10.7%)
(RDMA_READ_CONSUME_CHECK_CONSUMER) timestamp=4237 ms, used_size=4364288 bytes (10.7%)
(RDMA_READ_CONSUME_CHECK_CONSUMER) timestamp=4237 ms, used_size=4362240 bytes (10.7%)
(RDMA_READ_CONSUME_CHECK_CONSUMER) timestamp=4237 ms, used_size=4360192 bytes (10.6%)
(RDMA_READ_CONSUME_CHECK_CONSUMER) timestamp=4237 ms, used_size=4358144 bytes (10.6%)
(RDMA_READ_CONSUME_CHECK_CONSUMER) timestamp=4237 ms, used_size=4356096 bytes (10.6%)
(RDMA_READ_CONSUME_CHECK_CONSUMER) timestamp=4237 ms, used_size=4354048 bytes (10.6%)
(RDMA_READ_CONSUME_CHECK_CONSUMER) timestamp=4237 ms, used_size=4352000 bytes (10.6%)
(RDMA_READ_CONSUME_CHECK_CONSUMER) timestamp=4237 ms, used_size=4349952 bytes (10.6%)
(RDMA_READ_CONSUME_CHECK_CONSUMER) timestamp=4237 ms, used_size=4347904 bytes (10.6%)
(RDMA_READ_CONSUME_CHECK_CONSUMER) timestamp=4237 ms, used_size=4345856 bytes (10.6%)
(RDMA_READ_CONSUME_CHECK_CONSUMER) timestamp=4237 ms, used_size=4343808 bytes (10.6%)
(RDMA_READ_CONSUME_CHECK_CONSUMER) timestamp=4237 ms, used_size=4341760 bytes (10.6%)
(RDMA_READ_CONSUME_CHECK_CONSUMER) timestamp=4237 ms, used_size=4339712 bytes (10.6%)
(RDMA_READ_CONSUME_CHECK_CONSUMER) timestamp=4237 ms, used_size=4337664 bytes (10.6%)
(RDMA_READ_CONSUME_CHECK_CONSUMER) timestamp=4237 ms, used_size=4335616 bytes (10.6%)
(RDMA_READ_CONSUME_CHECK_CONSUMER) timestamp=4237 ms, used_size=4333568 bytes (10.6%)
(RDMA_READ_CONSUME_CHECK_CONSUMER) timestamp=4237 ms, used_size=4331520 bytes (10.6%)
(RDMA_READ_CONSUME_CHECK_CONSUMER) timestamp=4237 ms, used_size=4329472 bytes (10.6%)
(RDMA_READ_CONSUME_CHECK_CONSUMER) timestamp=4237 ms, used_size=4327424 bytes (10.6%)
(RDMA_READ_CONSUME_CHECK_CONSUMER) timestamp=4237 ms, used_size=4325376 bytes (10.6%)
(RDMA_READ_CONSUME_CHECK_CONSUMER) timestamp=4237 ms, used_size=4323328 bytes (10.6%)
(RDMA_READ_CONSUME_CHECK_CONSUMER) timestamp=4237 ms, used_size=4321280 bytes (10.6%)
(RDMA_READ_CONSUME_CHECK_CONSUMER) timestamp=4237 ms, used_size=4319232 bytes (10.5%)
(RDMA_READ_CONSUME_CHECK_CONSUMER) timestamp=4237 ms, used_size=4317184 bytes (10.5%)
(RDMA_READ_CONSUME_CHECK_CONSUMER) timestamp=4237 ms, used_size=4315136 bytes (10.5%)
(RDMA_READ_CONSUME_CHECK_CONSUMER) timestamp=4237 ms, used_size=4313088 bytes (10.5%)
(RDMA_READ_CONSUME_CHECK_CONSUMER) timestamp=4237 ms, used_size=4311040 bytes (10.5%)
(RDMA_READ_CONSUME_CHECK_CONSUMER) timestamp=4237 ms, used_size=4308992 bytes (10.5%)
(RDMA_READ_CONSUME_CHECK_CONSUMER) timestamp=4237 ms, used_size=4306944 bytes (10.5%)
(RDMA_READ_CONSUME_CHECK_CONSUMER) timestamp=4237 ms, used_size=4304896 bytes (10.5%)
(RDMA_READ_CONSUME_CHECK_CONSUMER) timestamp=4237 ms, used_size=4302848 bytes (10.5%)
(RDMA_READ_CONSUME_CHECK_CONSUMER) timestamp=4237 ms, used_size=4300800 bytes (10.5%)
(RDMA_READ_CONSUME_CHECK_CONSUMER) timestamp=4237 ms, used_size=4298752 bytes (10.5%)
(RDMA_READ_CONSUME_CHECK_CONSUMER) timestamp=4237 ms, used_size=4296704 bytes (10.5%)
(RDMA_READ_CONSUME_CHECK_CONSUMER) timestamp=4237 ms, used_size=4294656 bytes (10.5%)
(RDMA_READ_CONSUME_CHECK_CONSUMER) timestamp=4237 ms, used_size=4292608 bytes (10.5%)
(RDMA_READ_CONSUME_CHECK_CONSUMER) timestamp=4237 ms, used_size=4290560 bytes (10.5%)
(RDMA_READ_CONSUME_CHECK_CONSUMER) timestamp=4237 ms, used_size=4288512 bytes (10.5%)
(RDMA_READ_CONSUME_CHECK_CONSUMER) timestamp=4237 ms, used_size=4286464 bytes (10.5%)
(RDMA_READ_CONSUME_CHECK_CONSUMER) timestamp=4237 ms, used_size=4284416 bytes (10.5%)
(RDMA_READ_CONSUME_CHECK_CONSUMER) timestamp=4237 ms, used_size=4282368 bytes (10.5%)
(RDMA_READ_CONSUME_CHECK_CONSUMER) timestamp=4237 ms, used_size=4280320 bytes (10.4%)
(RDMA_READ_CONSUME_CHECK_CONSUMER) timestamp=4237 ms, used_size=4278272 bytes (10.4%)
(RDMA_READ_CONSUME_CHECK_CONSUMER) timestamp=4237 ms, used_size=4276224 bytes (10.4%)
(RDMA_READ_CONSUME_CHECK_CONSUMER) timestamp=4237 ms, used_size=4274176 bytes (10.4%)
(RDMA_READ_CONSUME_CHECK_CONSUMER) timestamp=4237 ms, used_size=4272128 bytes (10.4%)
(RDMA_READ_CONSUME_CHECK_CONSUMER) timestamp=4237 ms, used_size=4270080 bytes (10.4%)
(RDMA_READ_CONSUME_CHECK_CONSUMER) timestamp=4237 ms, used_size=4268032 bytes (10.4%)
(RDMA_READ_CONSUME_CHECK_CONSUMER) timestamp=4237 ms, used_size=4265984 bytes (10.4%)
(RDMA_READ_CONSUME_CHECK_CONSUMER) timestamp=4237 ms, used_size=4263936 bytes (10.4%)
(RDMA_READ_CONSUME_CHECK_CONSUMER) timestamp=4237 ms, used_size=4261888 bytes (10.4%)
(RDMA_READ_CONSUME_CHECK_CONSUMER) timestamp=4237 ms, used_size=4259840 bytes (10.4%)
(RDMA_READ_CONSUME_CHECK_CONSUMER) timestamp=4237 ms, used_size=4257792 bytes (10.4%)
(RDMA_READ_CONSUME_CHECK_CONSUMER) timestamp=4237 ms, used_size=4255744 bytes (10.4%)
(RDMA_READ_CONSUME_CHECK_CONSUMER) timestamp=4237 ms, used_size=4253696 bytes (10.4%)
(RDMA_READ_CONSUME_CHECK_CONSUMER) timestamp=4237 ms, used_size=4251648 bytes (10.4%)
(RDMA_READ_CONSUME_CHECK_CONSUMER) timestamp=4237 ms, used_size=4249600 bytes (10.4%)
(RDMA_READ_CONSUME_CHECK_CONSUMER) timestamp=4237 ms, used_size=4247552 bytes (10.4%)
(RDMA_READ_CONSUME_CHECK_CONSUMER) timestamp=4237 ms, used_size=4245504 bytes (10.4%)
(RDMA_READ_CONSUME_CHECK_CONSUMER) timestamp=4237 ms, used_size=4243456 bytes (10.4%)
(RDMA_READ_CONSUME_CHECK_CONSUMER) timestamp=4237 ms, used_size=4241408 bytes (10.4%)
(RDMA_READ_CONSUME_CHECK_CONSUMER) timestamp=4237 ms, used_size=4239360 bytes (10.3%)
(RDMA_READ_CONSUME_CHECK_CONSUMER) timestamp=4237 ms, used_size=4237312 bytes (10.3%)
(RDMA_READ_CONSUME_CHECK_CONSUMER) timestamp=4237 ms, used_size=4235264 bytes (10.3%)
(RDMA_READ_CONSUME_CHECK_CONSUMER) timestamp=4237 ms, used_size=4233216 bytes (10.3%)
(RDMA_READ_CONSUME_CHECK_CONSUMER) timestamp=4237 ms, used_size=4231168 bytes (10.3%)
(RDMA_READ_CONSUME_CHECK_CONSUMER) timestamp=4237 ms, used_size=4229120 bytes (10.3%)
(RDMA_READ_CONSUME_CHECK_CONSUMER) timestamp=4237 ms, used_size=4227072 bytes (10.3%)
(RDMA_READ_CONSUME_CHECK_CONSUMER) timestamp=4237 ms, used_size=4225024 bytes (10.3%)
(RDMA_READ_CONSUME_CHECK_CONSUMER) timestamp=4237 ms, used_size=4222976 bytes (10.3%)
(RDMA_READ_CONSUME_CHECK_CONSUMER) timestamp=4237 ms, used_size=4220928 bytes (10.3%)
(RDMA_READ_CONSUME_CHECK_CONSUMER) timestamp=4237 ms, used_size=4218880 bytes (10.3%)
(RDMA_READ_CONSUME_CHECK_CONSUMER) timestamp=4237 ms, used_size=4216832 bytes (10.3%)
(RDMA_READ_CONSUME_CHECK_CONSUMER) timestamp=4237 ms, used_size=4214784 bytes (10.3%)
(RDMA_READ_CONSUME_CHECK_CONSUMER) timestamp=4237 ms, used_size=4212736 bytes (10.3%)
(RDMA_READ_CONSUME_CHECK_CONSUMER) timestamp=4237 ms, used_size=4210688 bytes (10.3%)
(RDMA_READ_CONSUME_CHECK_CONSUMER) timestamp=4237 ms, used_size=4208640 bytes (10.3%)
(RDMA_READ_CONSUME_CHECK_CONSUMER) timestamp=4237 ms, used_size=4206592 bytes (10.3%)
(RDMA_READ_CONSUME_CHECK_CONSUMER) timestamp=4237 ms, used_size=4204544 bytes (10.3%)
(RDMA_READ_CONSUME_CHECK_CONSUMER) timestamp=4237 ms, used_size=4202496 bytes (10.3%)
(RDMA_READ_CONSUME_CHECK_CONSUMER) timestamp=4237 ms, used_size=4200448 bytes (10.3%)
(RDMA_READ_CONSUME_CHECK_CONSUMER) timestamp=4237 ms, used_size=4198400 bytes (10.2%)
(RDMA_READ_CONSUME_CHECK_CONSUMER) timestamp=4237 ms, used_size=4196352 bytes (10.2%)
(RDMA_READ_CONSUME_CHECK_CONSUMER) timestamp=4238 ms, used_size=4194304 bytes (10.2%)
(RDMA_READ_CONSUME_CHECK_CONSUMER) timestamp=4238 ms, used_size=4192256 bytes (10.2%)
(RDMA_READ_CONSUME_CHECK_CONSUMER) timestamp=4238 ms, used_size=4190208 bytes (10.2%)
(RDMA_READ_CONSUME_CHECK_CONSUMER) timestamp=4238 ms, used_size=4188160 bytes (10.2%)
(RDMA_READ_CONSUME_CHECK_CONSUMER) timestamp=4238 ms, used_size=4186112 bytes (10.2%)
(RDMA_READ_CONSUME_CHECK_CONSUMER) timestamp=4238 ms, used_size=4184064 bytes (10.2%)
(RDMA_READ_CONSUME_CHECK_CONSUMER) timestamp=4238 ms, used_size=4182016 bytes (10.2%)
(RDMA_READ_CONSUME_CHECK_CONSUMER) timestamp=4238 ms, used_size=4179968 bytes (10.2%)
(RDMA_READ_CONSUME_CHECK_CONSUMER) timestamp=4238 ms, used_size=4177920 bytes (10.2%)
(RDMA_READ_CONSUME_CHECK_CONSUMER) timestamp=4238 ms, used_size=4175872 bytes (10.2%)
(RDMA_READ_CONSUME_CHECK_CONSUMER) timestamp=4238 ms, used_size=4173824 bytes (10.2%)
(RDMA_READ_CONSUME_CHECK_CONSUMER) timestamp=4238 ms, used_size=4171776 bytes (10.2%)
(RDMA_READ_CONSUME_CHECK_CONSUMER) timestamp=4238 ms, used_size=4169728 bytes (10.2%)
(RDMA_READ_CONSUME_CHECK_CONSUMER) timestamp=4238 ms, used_size=4167680 bytes (10.2%)
(RDMA_READ_CONSUME_CHECK_CONSUMER) timestamp=4238 ms, used_size=4165632 bytes (10.2%)
(RDMA_READ_CONSUME_CHECK_CONSUMER) timestamp=4238 ms, used_size=4163584 bytes (10.2%)
(RDMA_READ_CONSUME_CHECK_CONSUMER) timestamp=4238 ms, used_size=4161536 bytes (10.2%)
(RDMA_READ_CONSUME_CHECK_CONSUMER) timestamp=4238 ms, used_size=4159488 bytes (10.2%)
(RDMA_READ_CONSUME_CHECK_CONSUMER) timestamp=4238 ms, used_size=4157440 bytes (10.2%)
(RDMA_READ_CONSUME_CHECK_CONSUMER) timestamp=4238 ms, used_size=4155392 bytes (10.1%)
(RDMA_READ_CONSUME_CHECK_CONSUMER) timestamp=4238 ms, used_size=4153344 bytes (10.1%)
(RDMA_READ_CONSUME_CHECK_CONSUMER) timestamp=4238 ms, used_size=4151296 bytes (10.1%)
(RDMA_READ_CONSUME_CHECK_CONSUMER) timestamp=4238 ms, used_size=4149248 bytes (10.1%)
(RDMA_READ_CONSUME_CHECK_CONSUMER) timestamp=4238 ms, used_size=4147200 bytes (10.1%)
(RDMA_READ_CONSUME_CHECK_CONSUMER) timestamp=4238 ms, used_size=4145152 bytes (10.1%)
(RDMA_READ_CONSUME_CHECK_CONSUMER) timestamp=4238 ms, used_size=4143104 bytes (10.1%)
(RDMA_READ_CONSUME_CHECK_CONSUMER) timestamp=4238 ms, used_size=4141056 bytes (10.1%)
(RDMA_READ_CONSUME_CHECK_CONSUMER) timestamp=4238 ms, used_size=4139008 bytes (10.1%)
(RDMA_READ_CONSUME_CHECK_CONSUMER) timestamp=4238 ms, used_size=4136960 bytes (10.1%)
(RDMA_READ_CONSUME_CHECK_CONSUMER) timestamp=4238 ms, used_size=4134912 bytes (10.1%)
(RDMA_READ_CONSUME_CHECK_CONSUMER) timestamp=4238 ms, used_size=4132864 bytes (10.1%)
(RDMA_READ_CONSUME_CHECK_CONSUMER) timestamp=4238 ms, used_size=4130816 bytes (10.1%)
(RDMA_READ_CONSUME_CHECK_CONSUMER) timestamp=4238 ms, used_size=4128768 bytes (10.1%)
(RDMA_READ_CONSUME_CHECK_CONSUMER) timestamp=4238 ms, used_size=4126720 bytes (10.1%)
(RDMA_READ_CONSUME_CHECK_CONSUMER) timestamp=4238 ms, used_size=4124672 bytes (10.1%)
(RDMA_READ_CONSUME_CHECK_CONSUMER) timestamp=4238 ms, used_size=4122624 bytes (10.1%)
(RDMA_READ_CONSUME_CHECK_CONSUMER) timestamp=4238 ms, used_size=4120576 bytes (10.1%)
(RDMA_READ_CONSUME_CHECK_CONSUMER) timestamp=4238 ms, used_size=4118528 bytes (10.1%)
(RDMA_READ_CONSUME_CHECK_CONSUMER) timestamp=4238 ms, used_size=4116480 bytes (10.1%)
(RDMA_READ_CONSUME_CHECK_CONSUMER) timestamp=4238 ms, used_size=4114432 bytes (10.0%)
(RDMA_READ_CONSUME_CHECK_CONSUMER) timestamp=4238 ms, used_size=4112384 bytes (10.0%)
(RDMA_READ_CONSUME_CHECK_CONSUMER) timestamp=4238 ms, used_size=4110336 bytes (10.0%)
(RDMA_READ_CONSUME_CHECK_CONSUMER) timestamp=4238 ms, used_size=4108288 bytes (10.0%)
(RDMA_READ_CONSUME_CHECK_CONSUMER) timestamp=4238 ms, used_size=4106240 bytes (10.0%)
(RDMA_READ_CONSUME_CHECK_CONSUMER) timestamp=4238 ms, used_size=4104192 bytes (10.0%)
(RDMA_READ_CONSUME_CHECK_CONSUMER) timestamp=4238 ms, used_size=4102144 bytes (10.0%)
(RDMA_READ_CONSUME_CHECK_CONSUMER) timestamp=4238 ms, used_size=4100096 bytes (10.0%)
(RDMA_READ_CONSUME_CHECK_CONSUMER) timestamp=4238 ms, used_size=4098048 bytes (10.0%)
(RDMA_READ_CONSUME_CHECK_CONSUMER) timestamp=4238 ms, used_size=4096000 bytes (10.0%)
(RDMA_READ_CONSUME_CHECK_CONSUMER) timestamp=4238 ms, used_size=4093952 bytes (10.0%)
(RDMA_READ_CONSUME_CHECK_CONSUMER) timestamp=4238 ms, used_size=4091904 bytes (10.0%)
(RDMA_READ_CONSUME_CHECK_CONSUMER) timestamp=4238 ms, used_size=4089856 bytes (10.0%)
(RDMA_READ_CONSUME_CHECK_CONSUMER) timestamp=4238 ms, used_size=4087808 bytes (10.0%)
(RDMA_READ_CONSUME_CHECK_CONSUMER) timestamp=4238 ms, used_size=4085760 bytes (10.0%)
(RDMA_READ_CONSUME_CHECK_CONSUMER) timestamp=4238 ms, used_size=4083712 bytes (10.0%)
(RDMA_READ_CONSUME_CHECK_CONSUMER) timestamp=4238 ms, used_size=4081664 bytes (10.0%)
(RDMA_READ_CONSUME_CHECK_CONSUMER) timestamp=4238 ms, used_size=4079616 bytes (10.0%)
(RDMA_READ_CONSUME_CHECK_CONSUMER) timestamp=4238 ms, used_size=4077568 bytes (10.0%)
(RDMA_READ_CONSUME_CHECK_CONSUMER) timestamp=4238 ms, used_size=4075520 bytes (9.9%)
(RDMA_READ_CONSUME_CHECK_CONSUMER) timestamp=4238 ms, used_size=4073472 bytes (9.9%)
(RDMA_READ_CONSUME_CHECK_CONSUMER) timestamp=4238 ms, used_size=4071424 bytes (9.9%)
(RDMA_READ_CONSUME_CHECK_CONSUMER) timestamp=4238 ms, used_size=4069376 bytes (9.9%)
(RDMA_READ_CONSUME_CHECK_CONSUMER) timestamp=4238 ms, used_size=4067328 bytes (9.9%)
(RDMA_READ_CONSUME_CHECK_CONSUMER) timestamp=4238 ms, used_size=4065280 bytes (9.9%)
(RDMA_READ_CONSUME_CHECK_CONSUMER) timestamp=4238 ms, used_size=4063232 bytes (9.9%)
(RDMA_READ_CONSUME_CHECK_CONSUMER) timestamp=4238 ms, used_size=4061184 bytes (9.9%)
(RDMA_READ_CONSUME_CHECK_CONSUMER) timestamp=4238 ms, used_size=4059136 bytes (9.9%)
(RDMA_READ_CONSUME_CHECK_CONSUMER) timestamp=4238 ms, used_size=4057088 bytes (9.9%)
(RDMA_READ_CONSUME_CHECK_CONSUMER) timestamp=4238 ms, used_size=4055040 bytes (9.9%)
(RDMA_READ_CONSUME_CHECK_CONSUMER) timestamp=4238 ms, used_size=4052992 bytes (9.9%)
(RDMA_READ_CONSUME_CHECK_CONSUMER) timestamp=4238 ms, used_size=4050944 bytes (9.9%)
(RDMA_READ_CONSUME_CHECK_CONSUMER) timestamp=4238 ms, used_size=4048896 bytes (9.9%)
(RDMA_READ_CONSUME_CHECK_CONSUMER) timestamp=4238 ms, used_size=4046848 bytes (9.9%)
(RDMA_READ_CONSUME_CHECK_CONSUMER) timestamp=4238 ms, used_size=4044800 bytes (9.9%)
(RDMA_READ_CONSUME_CHECK_CONSUMER) timestamp=4238 ms, used_size=4042752 bytes (9.9%)
(RDMA_READ_CONSUME_CHECK_CONSUMER) timestamp=4238 ms, used_size=4040704 bytes (9.9%)
(RDMA_READ_CONSUME_CHECK_CONSUMER) timestamp=4238 ms, used_size=4038656 bytes (9.9%)
(RDMA_READ_CONSUME_CHECK_CONSUMER) timestamp=4238 ms, used_size=4036608 bytes (9.9%)
(RDMA_READ_CONSUME_CHECK_CONSUMER) timestamp=4238 ms, used_size=4034560 bytes (9.8%)
(RDMA_READ_CONSUME_CHECK_CONSUMER) timestamp=4238 ms, used_size=4032512 bytes (9.8%)
(RDMA_READ_CONSUME_CHECK_CONSUMER) timestamp=4238 ms, used_size=4030464 bytes (9.8%)
(RDMA_READ_CONSUME_CHECK_CONSUMER) timestamp=4238 ms, used_size=4028416 bytes (9.8%)
(RDMA_READ_CONSUME_CHECK_CONSUMER) timestamp=4238 ms, used_size=4026368 bytes (9.8%)
(RDMA_READ_CONSUME_CHECK_CONSUMER) timestamp=4238 ms, used_size=4024320 bytes (9.8%)
(RDMA_READ_CONSUME_CHECK_CONSUMER) timestamp=4238 ms, used_size=4022272 bytes (9.8%)
(RDMA_READ_CONSUME_CHECK_CONSUMER) timestamp=4238 ms, used_size=4020224 bytes (9.8%)
(RDMA_READ_CONSUME_CHECK_CONSUMER) timestamp=4238 ms, used_size=4018176 bytes (9.8%)
(RDMA_READ_CONSUME_CHECK_CONSUMER) timestamp=4238 ms, used_size=4016128 bytes (9.8%)
(RDMA_READ_CONSUME_CHECK_CONSUMER) timestamp=4238 ms, used_size=4014080 bytes (9.8%)
(RDMA_READ_CONSUME_CHECK_CONSUMER) timestamp=4238 ms, used_size=4012032 bytes (9.8%)
(RDMA_READ_CONSUME_CHECK_CONSUMER) timestamp=4238 ms, used_size=4009984 bytes (9.8%)
(RDMA_READ_CONSUME_CHECK_CONSUMER) timestamp=4238 ms, used_size=4007936 bytes (9.8%)
(RDMA_READ_CONSUME_CHECK_CONSUMER) timestamp=4238 ms, used_size=4005888 bytes (9.8%)
(RDMA_READ_CONSUME_CHECK_CONSUMER) timestamp=4238 ms, used_size=4003840 bytes (9.8%)
(RDMA_READ_CONSUME_CHECK_CONSUMER) timestamp=4238 ms, used_size=4001792 bytes (9.8%)
(RDMA_READ_CONSUME_CHECK_CONSUMER) timestamp=4238 ms, used_size=3999744 bytes (9.8%)
(RDMA_READ_CONSUME_CHECK_CONSUMER) timestamp=4238 ms, used_size=3997696 bytes (9.8%)
(RDMA_READ_CONSUME_CHECK_CONSUMER) timestamp=4238 ms, used_size=3995648 bytes (9.8%)
(RDMA_READ_CONSUME_CHECK_CONSUMER) timestamp=4238 ms, used_size=3993600 bytes (9.8%)
(RDMA_READ_CONSUME_CHECK_CONSUMER) timestamp=4238 ms, used_size=3991552 bytes (9.7%)
(RDMA_READ_CONSUME_CHECK_CONSUMER) timestamp=4238 ms, used_size=3989504 bytes (9.7%)
(RDMA_READ_CONSUME_CHECK_CONSUMER) timestamp=4238 ms, used_size=3987456 bytes (9.7%)
(RDMA_READ_CONSUME_CHECK_CONSUMER) timestamp=4238 ms, used_size=3985408 bytes (9.7%)
(RDMA_READ_CONSUME_CHECK_CONSUMER) timestamp=4238 ms, used_size=3983360 bytes (9.7%)
(RDMA_READ_CONSUME_CHECK_CONSUMER) timestamp=4238 ms, used_size=3981312 bytes (9.7%)
(RDMA_READ_CONSUME_CHECK_CONSUMER) timestamp=4238 ms, used_size=3979264 bytes (9.7%)
(RDMA_READ_CONSUME_CHECK_CONSUMER) timestamp=4238 ms, used_size=3977216 bytes (9.7%)
(RDMA_READ_CONSUME_CHECK_CONSUMER) timestamp=4238 ms, used_size=3975168 bytes (9.7%)
(RDMA_READ_CONSUME_CHECK_CONSUMER) timestamp=4238 ms, used_size=3973120 bytes (9.7%)
(RDMA_READ_CONSUME_CHECK_CONSUMER) timestamp=4238 ms, used_size=3971072 bytes (9.7%)
(RDMA_READ_CONSUME_CHECK_CONSUMER) timestamp=4238 ms, used_size=3969024 bytes (9.7%)
(RDMA_READ_CONSUME_CHECK_CONSUMER) timestamp=4238 ms, used_size=3966976 bytes (9.7%)
(RDMA_READ_CONSUME_CHECK_CONSUMER) timestamp=4238 ms, used_size=3964928 bytes (9.7%)
(RDMA_READ_CONSUME_CHECK_CONSUMER) timestamp=4238 ms, used_size=3962880 bytes (9.7%)
(RDMA_READ_CONSUME_CHECK_CONSUMER) timestamp=4238 ms, used_size=3960832 bytes (9.7%)
(RDMA_READ_CONSUME_CHECK_CONSUMER) timestamp=4238 ms, used_size=3958784 bytes (9.7%)
(RDMA_READ_CONSUME_CHECK_CONSUMER) timestamp=4238 ms, used_size=3956736 bytes (9.7%)
(RDMA_READ_CONSUME_CHECK_CONSUMER) timestamp=4238 ms, used_size=3954688 bytes (9.7%)
(RDMA_READ_CONSUME_CHECK_CONSUMER) timestamp=4238 ms, used_size=3952640 bytes (9.7%)
(RDMA_READ_CONSUME_CHECK_CONSUMER) timestamp=4238 ms, used_size=3950592 bytes (9.6%)
(RDMA_READ_CONSUME_CHECK_CONSUMER) timestamp=4238 ms, used_size=3948544 bytes (9.6%)
(RDMA_READ_CONSUME_CHECK_CONSUMER) timestamp=4238 ms, used_size=3946496 bytes (9.6%)
(RDMA_READ_CONSUME_CHECK_CONSUMER) timestamp=4238 ms, used_size=3944448 bytes (9.6%)
(RDMA_READ_CONSUME_CHECK_CONSUMER) timestamp=4238 ms, used_size=3942400 bytes (9.6%)
(RDMA_READ_CONSUME_CHECK_CONSUMER) timestamp=4238 ms, used_size=3940352 bytes (9.6%)
(RDMA_READ_CONSUME_CHECK_CONSUMER) timestamp=4238 ms, used_size=3938304 bytes (9.6%)
(RDMA_READ_CONSUME_CHECK_CONSUMER) timestamp=4238 ms, used_size=3936256 bytes (9.6%)
(RDMA_READ_CONSUME_CHECK_CONSUMER) timestamp=4238 ms, used_size=3934208 bytes (9.6%)
(RDMA_READ_CONSUME_CHECK_CONSUMER) timestamp=4238 ms, used_size=3932160 bytes (9.6%)
(RDMA_READ_CONSUME_CHECK_CONSUMER) timestamp=4238 ms, used_size=3930112 bytes (9.6%)
(RDMA_READ_CONSUME_CHECK_CONSUMER) timestamp=4238 ms, used_size=3928064 bytes (9.6%)
(RDMA_READ_CONSUME_CHECK_CONSUMER) timestamp=4238 ms, used_size=3926016 bytes (9.6%)
(RDMA_READ_CONSUME_CHECK_CONSUMER) timestamp=4238 ms, used_size=3923968 bytes (9.6%)
(RDMA_READ_CONSUME_CHECK_CONSUMER) timestamp=4238 ms, used_size=3921920 bytes (9.6%)
(RDMA_READ_CONSUME_CHECK_CONSUMER) timestamp=4238 ms, used_size=3919872 bytes (9.6%)
(RDMA_READ_CONSUME_CHECK_CONSUMER) timestamp=4238 ms, used_size=3917824 bytes (9.6%)
(RDMA_READ_CONSUME_CHECK_CONSUMER) timestamp=4238 ms, used_size=3915776 bytes (9.6%)
(RDMA_READ_CONSUME_CHECK_CONSUMER) timestamp=4238 ms, used_size=3913728 bytes (9.6%)
(RDMA_READ_CONSUME_CHECK_CONSUMER) timestamp=4238 ms, used_size=3911680 bytes (9.6%)
(RDMA_READ_CONSUME_CHECK_CONSUMER) timestamp=4238 ms, used_size=3909632 bytes (9.5%)
(RDMA_READ_CONSUME_CHECK_CONSUMER) timestamp=4238 ms, used_size=3907584 bytes (9.5%)
(RDMA_READ_CONSUME_CHECK_CONSUMER) timestamp=4238 ms, used_size=3905536 bytes (9.5%)
(RDMA_READ_CONSUME_CHECK_CONSUMER) timestamp=4238 ms, used_size=3903488 bytes (9.5%)
(RDMA_READ_CONSUME_CHECK_CONSUMER) timestamp=4238 ms, used_size=3901440 bytes (9.5%)
(RDMA_READ_CONSUME_CHECK_CONSUMER) timestamp=4238 ms, used_size=3899392 bytes (9.5%)
(RDMA_READ_CONSUME_CHECK_CONSUMER) timestamp=4238 ms, used_size=3897344 bytes (9.5%)
(RDMA_READ_CONSUME_CHECK_CONSUMER) timestamp=4238 ms, used_size=3895296 bytes (9.5%)
(RDMA_READ_CONSUME_CHECK_CONSUMER) timestamp=4238 ms, used_size=3893248 bytes (9.5%)
(RDMA_READ_CONSUME_CHECK_CONSUMER) timestamp=4238 ms, used_size=3891200 bytes (9.5%)
(RDMA_READ_CONSUME_CHECK_CONSUMER) timestamp=4238 ms, used_size=3889152 bytes (9.5%)
(RDMA_READ_CONSUME_CHECK_CONSUMER) timestamp=4238 ms, used_size=3887104 bytes (9.5%)
(RDMA_READ_CONSUME_CHECK_CONSUMER) timestamp=4238 ms, used_size=3885056 bytes (9.5%)
(RDMA_READ_CONSUME_CHECK_CONSUMER) timestamp=4238 ms, used_size=3883008 bytes (9.5%)
(RDMA_READ_CONSUME_CHECK_CONSUMER) timestamp=4238 ms, used_size=3880960 bytes (9.5%)
(RDMA_READ_CONSUME_CHECK_CONSUMER) timestamp=4238 ms, used_size=3878912 bytes (9.5%)
(RDMA_READ_CONSUME_CHECK_CONSUMER) timestamp=4238 ms, used_size=3876864 bytes (9.5%)
(RDMA_READ_CONSUME_CHECK_CONSUMER) timestamp=4238 ms, used_size=3874816 bytes (9.5%)
(RDMA_READ_CONSUME_CHECK_CONSUMER) timestamp=4238 ms, used_size=3872768 bytes (9.5%)
(RDMA_READ_CONSUME_CHECK_CONSUMER) timestamp=4238 ms, used_size=3870720 bytes (9.4%)
(RDMA_READ_CONSUME_CHECK_CONSUMER) timestamp=4238 ms, used_size=3868672 bytes (9.4%)
(RDMA_READ_CONSUME_CHECK_CONSUMER) timestamp=4238 ms, used_size=3866624 bytes (9.4%)
(RDMA_READ_CONSUME_CHECK_CONSUMER) timestamp=4238 ms, used_size=3864576 bytes (9.4%)
(RDMA_READ_CONSUME_CHECK_CONSUMER) timestamp=4238 ms, used_size=3862528 bytes (9.4%)
(RDMA_READ_CONSUME_CHECK_CONSUMER) timestamp=4238 ms, used_size=3860480 bytes (9.4%)
(RDMA_READ_CONSUME_CHECK_CONSUMER) timestamp=4238 ms, used_size=3858432 bytes (9.4%)
(RDMA_READ_CONSUME_CHECK_CONSUMER) timestamp=4238 ms, used_size=3856384 bytes (9.4%)
(RDMA_READ_CONSUME_CHECK_CONSUMER) timestamp=4238 ms, used_size=3854336 bytes (9.4%)
(RDMA_READ_CONSUME_CHECK_CONSUMER) timestamp=4238 ms, used_size=3852288 bytes (9.4%)
(RDMA_READ_CONSUME_CHECK_CONSUMER) timestamp=4238 ms, used_size=3850240 bytes (9.4%)
(RDMA_READ_CONSUME_CHECK_CONSUMER) timestamp=4238 ms, used_size=3848192 bytes (9.4%)
(RDMA_READ_CONSUME_CHECK_CONSUMER) timestamp=4238 ms, used_size=3846144 bytes (9.4%)
(RDMA_READ_CONSUME_CHECK_CONSUMER) timestamp=4238 ms, used_size=3844096 bytes (9.4%)
(RDMA_READ_CONSUME_CHECK_CONSUMER) timestamp=4238 ms, used_size=3842048 bytes (9.4%)
(RDMA_READ_CONSUME_CHECK_CONSUMER) timestamp=4238 ms, used_size=3840000 bytes (9.4%)
(RDMA_READ_CONSUME_CHECK_CONSUMER) timestamp=4238 ms, used_size=3837952 bytes (9.4%)
(RDMA_READ_CONSUME_CHECK_CONSUMER) timestamp=4238 ms, used_size=3835904 bytes (9.4%)
(RDMA_READ_CONSUME_CHECK_CONSUMER) timestamp=4238 ms, used_size=3833856 bytes (9.4%)
(RDMA_READ_CONSUME_CHECK_CONSUMER) timestamp=4238 ms, used_size=3831808 bytes (9.4%)
(RDMA_READ_CONSUME_CHECK_CONSUMER) timestamp=4238 ms, used_size=3829760 bytes (9.3%)
(RDMA_READ_CONSUME_CHECK_CONSUMER) timestamp=4238 ms, used_size=3827712 bytes (9.3%)
(RDMA_READ_CONSUME_CHECK_CONSUMER) timestamp=4238 ms, used_size=3825664 bytes (9.3%)
(RDMA_READ_CONSUME_CHECK_CONSUMER) timestamp=4238 ms, used_size=3823616 bytes (9.3%)
(RDMA_READ_CONSUME_CHECK_CONSUMER) timestamp=4238 ms, used_size=3821568 bytes (9.3%)
(RDMA_READ_CONSUME_CHECK_CONSUMER) timestamp=4239 ms, used_size=3819520 bytes (9.3%)
(RDMA_READ_CONSUME_CHECK_CONSUMER) timestamp=4239 ms, used_size=3817472 bytes (9.3%)
(RDMA_READ_CONSUME_CHECK_CONSUMER) timestamp=4239 ms, used_size=3815424 bytes (9.3%)
(RDMA_READ_CONSUME_CHECK_CONSUMER) timestamp=4239 ms, used_size=3813376 bytes (9.3%)
(RDMA_READ_CONSUME_CHECK_CONSUMER) timestamp=4239 ms, used_size=3811328 bytes (9.3%)
(RDMA_READ_CONSUME_CHECK_CONSUMER) timestamp=4239 ms, used_size=3809280 bytes (9.3%)
(RDMA_READ_CONSUME_CHECK_CONSUMER) timestamp=4239 ms, used_size=3807232 bytes (9.3%)
(RDMA_READ_CONSUME_CHECK_CONSUMER) timestamp=4239 ms, used_size=3805184 bytes (9.3%)
(RDMA_READ_CONSUME_CHECK_CONSUMER) timestamp=4239 ms, used_size=3803136 bytes (9.3%)
(RDMA_READ_CONSUME_CHECK_CONSUMER) timestamp=4239 ms, used_size=3801088 bytes (9.3%)
(RDMA_READ_CONSUME_CHECK_CONSUMER) timestamp=4239 ms, used_size=3799040 bytes (9.3%)
(RDMA_READ_CONSUME_CHECK_CONSUMER) timestamp=4239 ms, used_size=3796992 bytes (9.3%)
(RDMA_READ_CONSUME_CHECK_CONSUMER) timestamp=4239 ms, used_size=3794944 bytes (9.3%)
(RDMA_READ_CONSUME_CHECK_CONSUMER) timestamp=4239 ms, used_size=3792896 bytes (9.3%)
(RDMA_READ_CONSUME_CHECK_CONSUMER) timestamp=4239 ms, used_size=3790848 bytes (9.3%)
(RDMA_READ_CONSUME_CHECK_CONSUMER) timestamp=4239 ms, used_size=3788800 bytes (9.2%)
(RDMA_READ_CONSUME_CHECK_CONSUMER) timestamp=4239 ms, used_size=3786752 bytes (9.2%)
(RDMA_READ_CONSUME_CHECK_CONSUMER) timestamp=4239 ms, used_size=3784704 bytes (9.2%)
(RDMA_READ_CONSUME_CHECK_CONSUMER) timestamp=4239 ms, used_size=3782656 bytes (9.2%)
(RDMA_READ_CONSUME_CHECK_CONSUMER) timestamp=4239 ms, used_size=3780608 bytes (9.2%)
(RDMA_READ_CONSUME_CHECK_CONSUMER) timestamp=4239 ms, used_size=3778560 bytes (9.2%)
(RDMA_READ_CONSUME_CHECK_CONSUMER) timestamp=4239 ms, used_size=3776512 bytes (9.2%)
(RDMA_READ_CONSUME_CHECK_CONSUMER) timestamp=4239 ms, used_size=3774464 bytes (9.2%)
(RDMA_READ_CONSUME_CHECK_CONSUMER) timestamp=4239 ms, used_size=3772416 bytes (9.2%)
(RDMA_READ_CONSUME_CHECK_CONSUMER) timestamp=4239 ms, used_size=3770368 bytes (9.2%)
(RDMA_READ_CONSUME_CHECK_CONSUMER) timestamp=4239 ms, used_size=3768320 bytes (9.2%)
(RDMA_READ_CONSUME_CHECK_CONSUMER) timestamp=4239 ms, used_size=3766272 bytes (9.2%)
(RDMA_READ_CONSUME_CHECK_CONSUMER) timestamp=4239 ms, used_size=3764224 bytes (9.2%)
(RDMA_READ_CONSUME_CHECK_CONSUMER) timestamp=4239 ms, used_size=3762176 bytes (9.2%)
(RDMA_READ_CONSUME_CHECK_CONSUMER) timestamp=4239 ms, used_size=3760128 bytes (9.2%)
(RDMA_READ_CONSUME_CHECK_CONSUMER) timestamp=4239 ms, used_size=3758080 bytes (9.2%)
(RDMA_READ_CONSUME_CHECK_CONSUMER) timestamp=4239 ms, used_size=3756032 bytes (9.2%)
(RDMA_READ_CONSUME_CHECK_CONSUMER) timestamp=4239 ms, used_size=3753984 bytes (9.2%)
(RDMA_READ_CONSUME_CHECK_CONSUMER) timestamp=4239 ms, used_size=3751936 bytes (9.2%)
(RDMA_READ_CONSUME_CHECK_CONSUMER) timestamp=4239 ms, used_size=3749888 bytes (9.2%)
(RDMA_READ_CONSUME_CHECK_CONSUMER) timestamp=4239 ms, used_size=3747840 bytes (9.2%)
(RDMA_READ_CONSUME_CHECK_CONSUMER) timestamp=4239 ms, used_size=3745792 bytes (9.1%)
(RDMA_READ_CONSUME_CHECK_CONSUMER) timestamp=4239 ms, used_size=3743744 bytes (9.1%)
(RDMA_READ_CONSUME_CHECK_CONSUMER) timestamp=4239 ms, used_size=3741696 bytes (9.1%)
(RDMA_READ_CONSUME_CHECK_CONSUMER) timestamp=4239 ms, used_size=3739648 bytes (9.1%)
(RDMA_READ_CONSUME_CHECK_CONSUMER) timestamp=4239 ms, used_size=3737600 bytes (9.1%)
(RDMA_READ_CONSUME_CHECK_CONSUMER) timestamp=4239 ms, used_size=3735552 bytes (9.1%)
(RDMA_READ_CONSUME_CHECK_CONSUMER) timestamp=4239 ms, used_size=3733504 bytes (9.1%)
(RDMA_READ_CONSUME_CHECK_CONSUMER) timestamp=4239 ms, used_size=3731456 bytes (9.1%)
(RDMA_READ_CONSUME_CHECK_CONSUMER) timestamp=4239 ms, used_size=3729408 bytes (9.1%)
(RDMA_READ_CONSUME_CHECK_CONSUMER) timestamp=4239 ms, used_size=3727360 bytes (9.1%)
(RDMA_READ_CONSUME_CHECK_CONSUMER) timestamp=4239 ms, used_size=3725312 bytes (9.1%)
(RDMA_READ_CONSUME_CHECK_CONSUMER) timestamp=4239 ms, used_size=3723264 bytes (9.1%)
(RDMA_READ_CONSUME_CHECK_CONSUMER) timestamp=4239 ms, used_size=3721216 bytes (9.1%)
(RDMA_READ_CONSUME_CHECK_CONSUMER) timestamp=4239 ms, used_size=3719168 bytes (9.1%)
(RDMA_READ_CONSUME_CHECK_CONSUMER) timestamp=4239 ms, used_size=3717120 bytes (9.1%)
(RDMA_READ_CONSUME_CHECK_CONSUMER) timestamp=4239 ms, used_size=3715072 bytes (9.1%)
(RDMA_READ_CONSUME_CHECK_CONSUMER) timestamp=4239 ms, used_size=3713024 bytes (9.1%)
(RDMA_READ_CONSUME_CHECK_CONSUMER) timestamp=4239 ms, used_size=3710976 bytes (9.1%)
(RDMA_READ_CONSUME_CHECK_CONSUMER) timestamp=4239 ms, used_size=3708928 bytes (9.1%)
(RDMA_READ_CONSUME_CHECK_CONSUMER) timestamp=4239 ms, used_size=3706880 bytes (9.1%)
(RDMA_READ_CONSUME_CHECK_CONSUMER) timestamp=4239 ms, used_size=3704832 bytes (9.0%)
(RDMA_READ_CONSUME_CHECK_CONSUMER) timestamp=4239 ms, used_size=3702784 bytes (9.0%)
(RDMA_READ_CONSUME_CHECK_CONSUMER) timestamp=4239 ms, used_size=3700736 bytes (9.0%)
(RDMA_READ_CONSUME_CHECK_CONSUMER) timestamp=4239 ms, used_size=3698688 bytes (9.0%)
(RDMA_READ_CONSUME_CHECK_CONSUMER) timestamp=4239 ms, used_size=3696640 bytes (9.0%)
(RDMA_READ_CONSUME_CHECK_CONSUMER) timestamp=4239 ms, used_size=3694592 bytes (9.0%)
(RDMA_READ_CONSUME_CHECK_CONSUMER) timestamp=4239 ms, used_size=3692544 bytes (9.0%)
(RDMA_READ_CONSUME_CHECK_CONSUMER) timestamp=4239 ms, used_size=3690496 bytes (9.0%)
(RDMA_READ_CONSUME_CHECK_CONSUMER) timestamp=4239 ms, used_size=3688448 bytes (9.0%)
(RDMA_READ_CONSUME_CHECK_CONSUMER) timestamp=4239 ms, used_size=3686400 bytes (9.0%)
(RDMA_READ_CONSUME_CHECK_CONSUMER) timestamp=4239 ms, used_size=3684352 bytes (9.0%)
(RDMA_READ_CONSUME_CHECK_CONSUMER) timestamp=4239 ms, used_size=3682304 bytes (9.0%)
(RDMA_READ_CONSUME_CHECK_CONSUMER) timestamp=4239 ms, used_size=3680256 bytes (9.0%)
(RDMA_READ_CONSUME_CHECK_CONSUMER) timestamp=4239 ms, used_size=3678208 bytes (9.0%)
(RDMA_READ_CONSUME_CHECK_CONSUMER) timestamp=4239 ms, used_size=3676160 bytes (9.0%)
(RDMA_READ_CONSUME_CHECK_CONSUMER) timestamp=4239 ms, used_size=3674112 bytes (9.0%)
(RDMA_READ_CONSUME_CHECK_CONSUMER) timestamp=4239 ms, used_size=3672064 bytes (9.0%)
(RDMA_READ_CONSUME_CHECK_CONSUMER) timestamp=4239 ms, used_size=3670016 bytes (9.0%)
(RDMA_READ_CONSUME_CHECK_CONSUMER) timestamp=4239 ms, used_size=3667968 bytes (9.0%)
(RDMA_READ_CONSUME_CHECK_CONSUMER) timestamp=4239 ms, used_size=3665920 bytes (8.9%)
(RDMA_READ_CONSUME_CHECK_CONSUMER) timestamp=4239 ms, used_size=3663872 bytes (8.9%)
(RDMA_READ_CONSUME_CHECK_CONSUMER) timestamp=4239 ms, used_size=3661824 bytes (8.9%)
(RDMA_READ_CONSUME_CHECK_CONSUMER) timestamp=4239 ms, used_size=3659776 bytes (8.9%)
(RDMA_READ_CONSUME_CHECK_CONSUMER) timestamp=4239 ms, used_size=3657728 bytes (8.9%)
(RDMA_READ_CONSUME_CHECK_CONSUMER) timestamp=4239 ms, used_size=3655680 bytes (8.9%)
(RDMA_READ_CONSUME_CHECK_CONSUMER) timestamp=4239 ms, used_size=3653632 bytes (8.9%)
(RDMA_READ_CONSUME_CHECK_CONSUMER) timestamp=4239 ms, used_size=3651584 bytes (8.9%)
(RDMA_READ_CONSUME_CHECK_CONSUMER) timestamp=4239 ms, used_size=3649536 bytes (8.9%)
(RDMA_READ_CONSUME_CHECK_CONSUMER) timestamp=4239 ms, used_size=3647488 bytes (8.9%)
(RDMA_READ_CONSUME_CHECK_CONSUMER) timestamp=4239 ms, used_size=3645440 bytes (8.9%)
(RDMA_READ_CONSUME_CHECK_CONSUMER) timestamp=4239 ms, used_size=3643392 bytes (8.9%)
(RDMA_READ_CONSUME_CHECK_CONSUMER) timestamp=4239 ms, used_size=3641344 bytes (8.9%)
(RDMA_READ_CONSUME_CHECK_CONSUMER) timestamp=4239 ms, used_size=3639296 bytes (8.9%)
(RDMA_READ_CONSUME_CHECK_CONSUMER) timestamp=4239 ms, used_size=3637248 bytes (8.9%)
(RDMA_READ_CONSUME_CHECK_CONSUMER) timestamp=4239 ms, used_size=3635200 bytes (8.9%)
(RDMA_READ_CONSUME_CHECK_CONSUMER) timestamp=4239 ms, used_size=3633152 bytes (8.9%)
(RDMA_READ_CONSUME_CHECK_CONSUMER) timestamp=4239 ms, used_size=3631104 bytes (8.9%)
(RDMA_READ_CONSUME_CHECK_CONSUMER) timestamp=4239 ms, used_size=3629056 bytes (8.9%)
(RDMA_READ_CONSUME_CHECK_CONSUMER) timestamp=4239 ms, used_size=3627008 bytes (8.9%)
(RDMA_READ_CONSUME_CHECK_CONSUMER) timestamp=4239 ms, used_size=3624960 bytes (8.8%)
(RDMA_READ_CONSUME_CHECK_CONSUMER) timestamp=4239 ms, used_size=3622912 bytes (8.8%)
(RDMA_READ_CONSUME_CHECK_CONSUMER) timestamp=4239 ms, used_size=3620864 bytes (8.8%)
(RDMA_READ_CONSUME_CHECK_CONSUMER) timestamp=4239 ms, used_size=3618816 bytes (8.8%)
(RDMA_READ_CONSUME_CHECK_CONSUMER) timestamp=4239 ms, used_size=3616768 bytes (8.8%)
(RDMA_READ_CONSUME_CHECK_CONSUMER) timestamp=4239 ms, used_size=3614720 bytes (8.8%)
(RDMA_READ_CONSUME_CHECK_CONSUMER) timestamp=4239 ms, used_size=3612672 bytes (8.8%)
(RDMA_READ_CONSUME_CHECK_CONSUMER) timestamp=4239 ms, used_size=3610624 bytes (8.8%)
(RDMA_READ_CONSUME_CHECK_CONSUMER) timestamp=4239 ms, used_size=3608576 bytes (8.8%)
(RDMA_READ_CONSUME_CHECK_CONSUMER) timestamp=4239 ms, used_size=3606528 bytes (8.8%)
(RDMA_READ_CONSUME_CHECK_CONSUMER) timestamp=4239 ms, used_size=3604480 bytes (8.8%)
(RDMA_READ_CONSUME_CHECK_CONSUMER) timestamp=4239 ms, used_size=3602432 bytes (8.8%)
(RDMA_READ_CONSUME_CHECK_CONSUMER) timestamp=4239 ms, used_size=3600384 bytes (8.8%)
(RDMA_READ_CONSUME_CHECK_CONSUMER) timestamp=4239 ms, used_size=3598336 bytes (8.8%)
(RDMA_READ_CONSUME_CHECK_CONSUMER) timestamp=4239 ms, used_size=3596288 bytes (8.8%)
(RDMA_READ_CONSUME_CHECK_CONSUMER) timestamp=4239 ms, used_size=3594240 bytes (8.8%)
(RDMA_READ_CONSUME_CHECK_CONSUMER) timestamp=4239 ms, used_size=3592192 bytes (8.8%)
(RDMA_READ_CONSUME_CHECK_CONSUMER) timestamp=4239 ms, used_size=3590144 bytes (8.8%)
(RDMA_READ_CONSUME_CHECK_CONSUMER) timestamp=4239 ms, used_size=3588096 bytes (8.8%)
(RDMA_READ_CONSUME_CHECK_CONSUMER) timestamp=4239 ms, used_size=3586048 bytes (8.8%)
(RDMA_READ_CONSUME_CHECK_CONSUMER) timestamp=4239 ms, used_size=3584000 bytes (8.8%)
(RDMA_READ_CONSUME_CHECK_CONSUMER) timestamp=4239 ms, used_size=3581952 bytes (8.7%)
(RDMA_READ_CONSUME_CHECK_CONSUMER) timestamp=4239 ms, used_size=3579904 bytes (8.7%)
(RDMA_READ_CONSUME_CHECK_CONSUMER) timestamp=4239 ms, used_size=3577856 bytes (8.7%)
(RDMA_READ_CONSUME_CHECK_CONSUMER) timestamp=4239 ms, used_size=3575808 bytes (8.7%)
(RDMA_READ_CONSUME_CHECK_CONSUMER) timestamp=4239 ms, used_size=3573760 bytes (8.7%)
(RDMA_READ_CONSUME_CHECK_CONSUMER) timestamp=4239 ms, used_size=3571712 bytes (8.7%)
(RDMA_READ_CONSUME_CHECK_CONSUMER) timestamp=4239 ms, used_size=3569664 bytes (8.7%)
(RDMA_READ_CONSUME_CHECK_CONSUMER) timestamp=4239 ms, used_size=3567616 bytes (8.7%)
(RDMA_READ_CONSUME_CHECK_CONSUMER) timestamp=4239 ms, used_size=3565568 bytes (8.7%)
(RDMA_READ_CONSUME_CHECK_CONSUMER) timestamp=4239 ms, used_size=3563520 bytes (8.7%)
(RDMA_READ_CONSUME_CHECK_CONSUMER) timestamp=4239 ms, used_size=3561472 bytes (8.7%)
(RDMA_READ_CONSUME_CHECK_CONSUMER) timestamp=4239 ms, used_size=3559424 bytes (8.7%)
(RDMA_READ_CONSUME_CHECK_CONSUMER) timestamp=4239 ms, used_size=3557376 bytes (8.7%)
(RDMA_READ_CONSUME_CHECK_CONSUMER) timestamp=4239 ms, used_size=3555328 bytes (8.7%)
(RDMA_READ_CONSUME_CHECK_CONSUMER) timestamp=4239 ms, used_size=3553280 bytes (8.7%)
(RDMA_READ_CONSUME_CHECK_CONSUMER) timestamp=4239 ms, used_size=3551232 bytes (8.7%)
(RDMA_READ_CONSUME_CHECK_CONSUMER) timestamp=4239 ms, used_size=3549184 bytes (8.7%)
(RDMA_READ_CONSUME_CHECK_CONSUMER) timestamp=4239 ms, used_size=3547136 bytes (8.7%)
(RDMA_READ_CONSUME_CHECK_CONSUMER) timestamp=4239 ms, used_size=3545088 bytes (8.7%)
(RDMA_READ_CONSUME_CHECK_CONSUMER) timestamp=4239 ms, used_size=3543040 bytes (8.7%)
(RDMA_READ_CONSUME_CHECK_CONSUMER) timestamp=4239 ms, used_size=3540992 bytes (8.6%)
(RDMA_READ_CONSUME_CHECK_CONSUMER) timestamp=4239 ms, used_size=3538944 bytes (8.6%)
(RDMA_READ_CONSUME_CHECK_CONSUMER) timestamp=4239 ms, used_size=3536896 bytes (8.6%)
(RDMA_READ_CONSUME_CHECK_CONSUMER) timestamp=4239 ms, used_size=3534848 bytes (8.6%)
(RDMA_READ_CONSUME_CHECK_CONSUMER) timestamp=4239 ms, used_size=3532800 bytes (8.6%)
(RDMA_READ_CONSUME_CHECK_CONSUMER) timestamp=4239 ms, used_size=3530752 bytes (8.6%)
(RDMA_READ_CONSUME_CHECK_CONSUMER) timestamp=4239 ms, used_size=3528704 bytes (8.6%)
(RDMA_READ_CONSUME_CHECK_CONSUMER) timestamp=4239 ms, used_size=3526656 bytes (8.6%)
(RDMA_READ_CONSUME_CHECK_CONSUMER) timestamp=4239 ms, used_size=3524608 bytes (8.6%)
(RDMA_READ_CONSUME_CHECK_CONSUMER) timestamp=4239 ms, used_size=3522560 bytes (8.6%)
(RDMA_READ_CONSUME_CHECK_CONSUMER) timestamp=4239 ms, used_size=3520512 bytes (8.6%)
(RDMA_READ_CONSUME_CHECK_CONSUMER) timestamp=4239 ms, used_size=3518464 bytes (8.6%)
(RDMA_READ_CONSUME_CHECK_CONSUMER) timestamp=4239 ms, used_size=3516416 bytes (8.6%)
(RDMA_READ_CONSUME_CHECK_CONSUMER) timestamp=4239 ms, used_size=3514368 bytes (8.6%)
(RDMA_READ_CONSUME_CHECK_CONSUMER) timestamp=4239 ms, used_size=3512320 bytes (8.6%)
(RDMA_READ_CONSUME_CHECK_CONSUMER) timestamp=4239 ms, used_size=3510272 bytes (8.6%)
(RDMA_READ_CONSUME_CHECK_CONSUMER) timestamp=4239 ms, used_size=3508224 bytes (8.6%)
(RDMA_READ_CONSUME_CHECK_CONSUMER) timestamp=4239 ms, used_size=3506176 bytes (8.6%)
(RDMA_READ_CONSUME_CHECK_CONSUMER) timestamp=4239 ms, used_size=3504128 bytes (8.6%)
(RDMA_READ_CONSUME_CHECK_CONSUMER) timestamp=4239 ms, used_size=3502080 bytes (8.6%)
(RDMA_READ_CONSUME_CHECK_CONSUMER) timestamp=4239 ms, used_size=3500032 bytes (8.5%)
(RDMA_READ_CONSUME_CHECK_CONSUMER) timestamp=4239 ms, used_size=3497984 bytes (8.5%)
(RDMA_READ_CONSUME_CHECK_CONSUMER) timestamp=4239 ms, used_size=3495936 bytes (8.5%)
(RDMA_READ_CONSUME_CHECK_CONSUMER) timestamp=4239 ms, used_size=3493888 bytes (8.5%)
(RDMA_READ_CONSUME_CHECK_CONSUMER) timestamp=4239 ms, used_size=3491840 bytes (8.5%)
(RDMA_READ_CONSUME_CHECK_CONSUMER) timestamp=4239 ms, used_size=3489792 bytes (8.5%)
(RDMA_READ_CONSUME_CHECK_CONSUMER) timestamp=4239 ms, used_size=3487744 bytes (8.5%)
(RDMA_READ_CONSUME_CHECK_CONSUMER) timestamp=4239 ms, used_size=3485696 bytes (8.5%)
(RDMA_READ_CONSUME_CHECK_CONSUMER) timestamp=4239 ms, used_size=3483648 bytes (8.5%)
(RDMA_READ_CONSUME_CHECK_CONSUMER) timestamp=4239 ms, used_size=3481600 bytes (8.5%)
(RDMA_READ_CONSUME_CHECK_CONSUMER) timestamp=4239 ms, used_size=3479552 bytes (8.5%)
(RDMA_READ_CONSUME_CHECK_CONSUMER) timestamp=4239 ms, used_size=3477504 bytes (8.5%)
(RDMA_READ_CONSUME_CHECK_CONSUMER) timestamp=4239 ms, used_size=3475456 bytes (8.5%)
(RDMA_READ_CONSUME_CHECK_CONSUMER) timestamp=4239 ms, used_size=3473408 bytes (8.5%)
(RDMA_READ_CONSUME_CHECK_CONSUMER) timestamp=4239 ms, used_size=3471360 bytes (8.5%)
(RDMA_READ_CONSUME_CHECK_CONSUMER) timestamp=4239 ms, used_size=3469312 bytes (8.5%)
(RDMA_READ_CONSUME_CHECK_CONSUMER) timestamp=4239 ms, used_size=3467264 bytes (8.5%)
(RDMA_READ_CONSUME_CHECK_CONSUMER) timestamp=4239 ms, used_size=3465216 bytes (8.5%)
(RDMA_READ_CONSUME_CHECK_CONSUMER) timestamp=4239 ms, used_size=3463168 bytes (8.5%)
(RDMA_READ_CONSUME_CHECK_CONSUMER) timestamp=4239 ms, used_size=3461120 bytes (8.4%)
(RDMA_READ_CONSUME_CHECK_CONSUMER) timestamp=4239 ms, used_size=3459072 bytes (8.4%)
(RDMA_READ_CONSUME_CHECK_CONSUMER) timestamp=4239 ms, used_size=3457024 bytes (8.4%)
(RDMA_READ_CONSUME_CHECK_CONSUMER) timestamp=4239 ms, used_size=3454976 bytes (8.4%)
(RDMA_READ_CONSUME_CHECK_CONSUMER) timestamp=4239 ms, used_size=3452928 bytes (8.4%)
(RDMA_READ_CONSUME_CHECK_CONSUMER) timestamp=4239 ms, used_size=3450880 bytes (8.4%)
(RDMA_READ_CONSUME_CHECK_CONSUMER) timestamp=4239 ms, used_size=3448832 bytes (8.4%)
(RDMA_READ_CONSUME_CHECK_CONSUMER) timestamp=4240 ms, used_size=3446784 bytes (8.4%)
(RDMA_READ_CONSUME_CHECK_CONSUMER) timestamp=4240 ms, used_size=3444736 bytes (8.4%)
(RDMA_READ_CONSUME_CHECK_CONSUMER) timestamp=4240 ms, used_size=3442688 bytes (8.4%)
(RDMA_READ_CONSUME_CHECK_CONSUMER) timestamp=4240 ms, used_size=3440640 bytes (8.4%)
(RDMA_READ_CONSUME_CHECK_CONSUMER) timestamp=4240 ms, used_size=3438592 bytes (8.4%)
(RDMA_READ_CONSUME_CHECK_CONSUMER) timestamp=4240 ms, used_size=3436544 bytes (8.4%)
(RDMA_READ_CONSUME_CHECK_CONSUMER) timestamp=4240 ms, used_size=3434496 bytes (8.4%)
(RDMA_READ_CONSUME_CHECK_CONSUMER) timestamp=4240 ms, used_size=3432448 bytes (8.4%)
(RDMA_READ_CONSUME_CHECK_CONSUMER) timestamp=4240 ms, used_size=3430400 bytes (8.4%)
(RDMA_READ_CONSUME_CHECK_CONSUMER) timestamp=4240 ms, used_size=3428352 bytes (8.4%)
(RDMA_READ_CONSUME_CHECK_CONSUMER) timestamp=4240 ms, used_size=3426304 bytes (8.4%)
(RDMA_READ_CONSUME_CHECK_CONSUMER) timestamp=4240 ms, used_size=3424256 bytes (8.4%)
(RDMA_READ_CONSUME_CHECK_CONSUMER) timestamp=4240 ms, used_size=3422208 bytes (8.4%)
(RDMA_READ_CONSUME_CHECK_CONSUMER) timestamp=4240 ms, used_size=3420160 bytes (8.3%)
(RDMA_READ_CONSUME_CHECK_CONSUMER) timestamp=4240 ms, used_size=3418112 bytes (8.3%)
(RDMA_READ_CONSUME_CHECK_CONSUMER) timestamp=4240 ms, used_size=3416064 bytes (8.3%)
(RDMA_READ_CONSUME_CHECK_CONSUMER) timestamp=4240 ms, used_size=3414016 bytes (8.3%)
(RDMA_READ_CONSUME_CHECK_CONSUMER) timestamp=4240 ms, used_size=3411968 bytes (8.3%)
(RDMA_READ_CONSUME_CHECK_CONSUMER) timestamp=4240 ms, used_size=3409920 bytes (8.3%)
(RDMA_READ_CONSUME_CHECK_CONSUMER) timestamp=4240 ms, used_size=3407872 bytes (8.3%)
(RDMA_READ_CONSUME_CHECK_CONSUMER) timestamp=4240 ms, used_size=3405824 bytes (8.3%)
(RDMA_READ_CONSUME_CHECK_CONSUMER) timestamp=4240 ms, used_size=3403776 bytes (8.3%)
(RDMA_READ_CONSUME_CHECK_CONSUMER) timestamp=4240 ms, used_size=3401728 bytes (8.3%)
(RDMA_READ_CONSUME_CHECK_CONSUMER) timestamp=4240 ms, used_size=3399680 bytes (8.3%)
(RDMA_READ_CONSUME_CHECK_CONSUMER) timestamp=4240 ms, used_size=3397632 bytes (8.3%)
(RDMA_READ_CONSUME_CHECK_CONSUMER) timestamp=4240 ms, used_size=3395584 bytes (8.3%)
(RDMA_READ_CONSUME_CHECK_CONSUMER) timestamp=4240 ms, used_size=3393536 bytes (8.3%)
(RDMA_READ_CONSUME_CHECK_CONSUMER) timestamp=4240 ms, used_size=3391488 bytes (8.3%)
(RDMA_READ_CONSUME_CHECK_CONSUMER) timestamp=4240 ms, used_size=3389440 bytes (8.3%)
(RDMA_READ_CONSUME_CHECK_CONSUMER) timestamp=4240 ms, used_size=3387392 bytes (8.3%)
(RDMA_READ_CONSUME_CHECK_CONSUMER) timestamp=4240 ms, used_size=3385344 bytes (8.3%)
(RDMA_READ_CONSUME_CHECK_CONSUMER) timestamp=4240 ms, used_size=3383296 bytes (8.3%)
(RDMA_READ_CONSUME_CHECK_CONSUMER) timestamp=4240 ms, used_size=3381248 bytes (8.3%)
(RDMA_READ_CONSUME_CHECK_CONSUMER) timestamp=4240 ms, used_size=3379200 bytes (8.2%)
(RDMA_READ_CONSUME_CHECK_CONSUMER) timestamp=4240 ms, used_size=3377152 bytes (8.2%)
(RDMA_READ_CONSUME_CHECK_CONSUMER) timestamp=4240 ms, used_size=3375104 bytes (8.2%)
(RDMA_READ_CONSUME_CHECK_CONSUMER) timestamp=4240 ms, used_size=3373056 bytes (8.2%)
(RDMA_READ_CONSUME_CHECK_CONSUMER) timestamp=4240 ms, used_size=3371008 bytes (8.2%)
(RDMA_READ_CONSUME_CHECK_CONSUMER) timestamp=4240 ms, used_size=3368960 bytes (8.2%)
(RDMA_READ_CONSUME_CHECK_CONSUMER) timestamp=4240 ms, used_size=3366912 bytes (8.2%)
(RDMA_READ_CONSUME_CHECK_CONSUMER) timestamp=4240 ms, used_size=3364864 bytes (8.2%)
(RDMA_READ_CONSUME_CHECK_CONSUMER) timestamp=4240 ms, used_size=3362816 bytes (8.2%)
(RDMA_READ_CONSUME_CHECK_CONSUMER) timestamp=4240 ms, used_size=3360768 bytes (8.2%)
(RDMA_READ_CONSUME_CHECK_CONSUMER) timestamp=4240 ms, used_size=3358720 bytes (8.2%)
(RDMA_READ_CONSUME_CHECK_CONSUMER) timestamp=4240 ms, used_size=3356672 bytes (8.2%)
(RDMA_READ_CONSUME_CHECK_CONSUMER) timestamp=4240 ms, used_size=3354624 bytes (8.2%)
(RDMA_READ_CONSUME_CHECK_CONSUMER) timestamp=4240 ms, used_size=3352576 bytes (8.2%)
(RDMA_READ_CONSUME_CHECK_CONSUMER) timestamp=4240 ms, used_size=3350528 bytes (8.2%)
(RDMA_READ_CONSUME_CHECK_CONSUMER) timestamp=4240 ms, used_size=3348480 bytes (8.2%)
(RDMA_READ_CONSUME_CHECK_CONSUMER) timestamp=4240 ms, used_size=3346432 bytes (8.2%)
(RDMA_READ_CONSUME_CHECK_CONSUMER) timestamp=4240 ms, used_size=3344384 bytes (8.2%)
(RDMA_READ_CONSUME_CHECK_CONSUMER) timestamp=4240 ms, used_size=3342336 bytes (8.2%)
(RDMA_READ_CONSUME_CHECK_CONSUMER) timestamp=4240 ms, used_size=3340288 bytes (8.2%)
(RDMA_READ_CONSUME_CHECK_CONSUMER) timestamp=4240 ms, used_size=3338240 bytes (8.2%)
(RDMA_READ_CONSUME_CHECK_CONSUMER) timestamp=4240 ms, used_size=3336192 bytes (8.1%)
(RDMA_READ_CONSUME_CHECK_CONSUMER) timestamp=4240 ms, used_size=3334144 bytes (8.1%)
(RDMA_READ_CONSUME_CHECK_CONSUMER) timestamp=4240 ms, used_size=3332096 bytes (8.1%)
(RDMA_READ_CONSUME_CHECK_CONSUMER) timestamp=4240 ms, used_size=3330048 bytes (8.1%)
(RDMA_READ_CONSUME_CHECK_CONSUMER) timestamp=4240 ms, used_size=3328000 bytes (8.1%)
(RDMA_READ_CONSUME_CHECK_CONSUMER) timestamp=4240 ms, used_size=3325952 bytes (8.1%)
(RDMA_READ_CONSUME_CHECK_CONSUMER) timestamp=4240 ms, used_size=3323904 bytes (8.1%)
(RDMA_READ_CONSUME_CHECK_CONSUMER) timestamp=4240 ms, used_size=3321856 bytes (8.1%)
(RDMA_READ_CONSUME_CHECK_CONSUMER) timestamp=4240 ms, used_size=3319808 bytes (8.1%)
(RDMA_READ_CONSUME_CHECK_CONSUMER) timestamp=4240 ms, used_size=3317760 bytes (8.1%)
(RDMA_READ_CONSUME_CHECK_CONSUMER) timestamp=4240 ms, used_size=3315712 bytes (8.1%)
(RDMA_READ_CONSUME_CHECK_CONSUMER) timestamp=4240 ms, used_size=3313664 bytes (8.1%)
(RDMA_READ_CONSUME_CHECK_CONSUMER) timestamp=4240 ms, used_size=3311616 bytes (8.1%)
(RDMA_READ_CONSUME_CHECK_CONSUMER) timestamp=4240 ms, used_size=3309568 bytes (8.1%)
(RDMA_READ_CONSUME_CHECK_CONSUMER) timestamp=4240 ms, used_size=3307520 bytes (8.1%)
(RDMA_READ_CONSUME_CHECK_CONSUMER) timestamp=4240 ms, used_size=3305472 bytes (8.1%)
(RDMA_READ_CONSUME_CHECK_CONSUMER) timestamp=4240 ms, used_size=3303424 bytes (8.1%)
(RDMA_READ_CONSUME_CHECK_CONSUMER) timestamp=4240 ms, used_size=3301376 bytes (8.1%)
(RDMA_READ_CONSUME_CHECK_CONSUMER) timestamp=4240 ms, used_size=3299328 bytes (8.1%)
(RDMA_READ_CONSUME_CHECK_CONSUMER) timestamp=4240 ms, used_size=3297280 bytes (8.1%)
(RDMA_READ_CONSUME_CHECK_CONSUMER) timestamp=4240 ms, used_size=3295232 bytes (8.0%)
(RDMA_READ_CONSUME_CHECK_CONSUMER) timestamp=4240 ms, used_size=3293184 bytes (8.0%)
(RDMA_READ_CONSUME_CHECK_CONSUMER) timestamp=4240 ms, used_size=3291136 bytes (8.0%)
(RDMA_READ_CONSUME_CHECK_CONSUMER) timestamp=4240 ms, used_size=3289088 bytes (8.0%)
(RDMA_READ_CONSUME_CHECK_CONSUMER) timestamp=4240 ms, used_size=3287040 bytes (8.0%)
(RDMA_READ_CONSUME_CHECK_CONSUMER) timestamp=4240 ms, used_size=3284992 bytes (8.0%)
(RDMA_READ_CONSUME_CHECK_CONSUMER) timestamp=4240 ms, used_size=3282944 bytes (8.0%)
(RDMA_READ_CONSUME_CHECK_CONSUMER) timestamp=4240 ms, used_size=3280896 bytes (8.0%)
(RDMA_READ_CONSUME_CHECK_CONSUMER) timestamp=4240 ms, used_size=3278848 bytes (8.0%)
(RDMA_READ_CONSUME_CHECK_CONSUMER) timestamp=4240 ms, used_size=3276800 bytes (8.0%)
(RDMA_READ_CONSUME_CHECK_CONSUMER) timestamp=4240 ms, used_size=3274752 bytes (8.0%)
(RDMA_READ_CONSUME_CHECK_CONSUMER) timestamp=4240 ms, used_size=3272704 bytes (8.0%)
(RDMA_READ_CONSUME_CHECK_CONSUMER) timestamp=4240 ms, used_size=3270656 bytes (8.0%)
(RDMA_READ_CONSUME_CHECK_CONSUMER) timestamp=4240 ms, used_size=3268608 bytes (8.0%)
(RDMA_READ_CONSUME_CHECK_CONSUMER) timestamp=4240 ms, used_size=3266560 bytes (8.0%)
(RDMA_READ_CONSUME_CHECK_CONSUMER) timestamp=4240 ms, used_size=3264512 bytes (8.0%)
(RDMA_READ_CONSUME_CHECK_CONSUMER) timestamp=4240 ms, used_size=3262464 bytes (8.0%)
(RDMA_READ_CONSUME_CHECK_CONSUMER) timestamp=4240 ms, used_size=3260416 bytes (8.0%)
(RDMA_READ_CONSUME_CHECK_CONSUMER) timestamp=4240 ms, used_size=3258368 bytes (8.0%)
(RDMA_READ_CONSUME_CHECK_CONSUMER) timestamp=4240 ms, used_size=3256320 bytes (8.0%)
(RDMA_READ_CONSUME_CHECK_CONSUMER) timestamp=4240 ms, used_size=3254272 bytes (7.9%)
(RDMA_READ_CONSUME_CHECK_CONSUMER) timestamp=4240 ms, used_size=3252224 bytes (7.9%)
(RDMA_READ_CONSUME_CHECK_CONSUMER) timestamp=4240 ms, used_size=3250176 bytes (7.9%)
(RDMA_READ_CONSUME_CHECK_CONSUMER) timestamp=4240 ms, used_size=3248128 bytes (7.9%)
(RDMA_READ_CONSUME_CHECK_CONSUMER) timestamp=4240 ms, used_size=3246080 bytes (7.9%)
(RDMA_READ_CONSUME_CHECK_CONSUMER) timestamp=4240 ms, used_size=3244032 bytes (7.9%)
(RDMA_READ_CONSUME_CHECK_CONSUMER) timestamp=4240 ms, used_size=3241984 bytes (7.9%)
(RDMA_READ_CONSUME_CHECK_CONSUMER) timestamp=4240 ms, used_size=3239936 bytes (7.9%)
(RDMA_READ_CONSUME_CHECK_CONSUMER) timestamp=4240 ms, used_size=3237888 bytes (7.9%)
(RDMA_READ_CONSUME_CHECK_CONSUMER) timestamp=4240 ms, used_size=3235840 bytes (7.9%)
(RDMA_READ_CONSUME_CHECK_CONSUMER) timestamp=4240 ms, used_size=3233792 bytes (7.9%)
(RDMA_READ_CONSUME_CHECK_CONSUMER) timestamp=4240 ms, used_size=3231744 bytes (7.9%)
(RDMA_READ_CONSUME_CHECK_CONSUMER) timestamp=4240 ms, used_size=3229696 bytes (7.9%)
(RDMA_READ_CONSUME_CHECK_CONSUMER) timestamp=4240 ms, used_size=3227648 bytes (7.9%)
(RDMA_READ_CONSUME_CHECK_CONSUMER) timestamp=4240 ms, used_size=3225600 bytes (7.9%)
(RDMA_READ_CONSUME_CHECK_CONSUMER) timestamp=4240 ms, used_size=3223552 bytes (7.9%)
(RDMA_READ_CONSUME_CHECK_CONSUMER) timestamp=4240 ms, used_size=3221504 bytes (7.9%)
(RDMA_READ_CONSUME_CHECK_CONSUMER) timestamp=4240 ms, used_size=3219456 bytes (7.9%)
(RDMA_READ_CONSUME_CHECK_CONSUMER) timestamp=4240 ms, used_size=3217408 bytes (7.9%)
(RDMA_READ_CONSUME_CHECK_CONSUMER) timestamp=4240 ms, used_size=3215360 bytes (7.8%)
(RDMA_READ_CONSUME_CHECK_CONSUMER) timestamp=4240 ms, used_size=3213312 bytes (7.8%)
(RDMA_READ_CONSUME_CHECK_CONSUMER) timestamp=4240 ms, used_size=3211264 bytes (7.8%)
(RDMA_READ_CONSUME_CHECK_CONSUMER) timestamp=4240 ms, used_size=3209216 bytes (7.8%)
(RDMA_READ_CONSUME_CHECK_CONSUMER) timestamp=4240 ms, used_size=3207168 bytes (7.8%)
(RDMA_READ_CONSUME_CHECK_CONSUMER) timestamp=4240 ms, used_size=3205120 bytes (7.8%)
(RDMA_READ_CONSUME_CHECK_CONSUMER) timestamp=4240 ms, used_size=3203072 bytes (7.8%)
(RDMA_READ_CONSUME_CHECK_CONSUMER) timestamp=4240 ms, used_size=3201024 bytes (7.8%)
(RDMA_READ_CONSUME_CHECK_CONSUMER) timestamp=4240 ms, used_size=3198976 bytes (7.8%)
(RDMA_READ_CONSUME_CHECK_CONSUMER) timestamp=4240 ms, used_size=3196928 bytes (7.8%)
(RDMA_READ_CONSUME_CHECK_CONSUMER) timestamp=4240 ms, used_size=3194880 bytes (7.8%)
(RDMA_READ_CONSUME_CHECK_CONSUMER) timestamp=4240 ms, used_size=3192832 bytes (7.8%)
(RDMA_READ_CONSUME_CHECK_CONSUMER) timestamp=4240 ms, used_size=3190784 bytes (7.8%)
(RDMA_READ_CONSUME_CHECK_CONSUMER) timestamp=4240 ms, used_size=3188736 bytes (7.8%)
(RDMA_READ_CONSUME_CHECK_CONSUMER) timestamp=4240 ms, used_size=3186688 bytes (7.8%)
(RDMA_READ_CONSUME_CHECK_CONSUMER) timestamp=4240 ms, used_size=3184640 bytes (7.8%)
(RDMA_READ_CONSUME_CHECK_CONSUMER) timestamp=4240 ms, used_size=3182592 bytes (7.8%)
(RDMA_READ_CONSUME_CHECK_CONSUMER) timestamp=4240 ms, used_size=3180544 bytes (7.8%)
(RDMA_READ_CONSUME_CHECK_CONSUMER) timestamp=4240 ms, used_size=3178496 bytes (7.8%)
(RDMA_READ_CONSUME_CHECK_CONSUMER) timestamp=4240 ms, used_size=3176448 bytes (7.8%)
(RDMA_READ_CONSUME_CHECK_CONSUMER) timestamp=4240 ms, used_size=3174400 bytes (7.8%)
(RDMA_READ_CONSUME_CHECK_CONSUMER) timestamp=4240 ms, used_size=3172352 bytes (7.7%)
(RDMA_READ_CONSUME_CHECK_CONSUMER) timestamp=4240 ms, used_size=3170304 bytes (7.7%)
(RDMA_READ_CONSUME_CHECK_CONSUMER) timestamp=4240 ms, used_size=3168256 bytes (7.7%)
(RDMA_READ_CONSUME_CHECK_CONSUMER) timestamp=4240 ms, used_size=3166208 bytes (7.7%)
(RDMA_READ_CONSUME_CHECK_CONSUMER) timestamp=4240 ms, used_size=3164160 bytes (7.7%)
(RDMA_READ_CONSUME_CHECK_CONSUMER) timestamp=4240 ms, used_size=3162112 bytes (7.7%)
(RDMA_READ_CONSUME_CHECK_CONSUMER) timestamp=4240 ms, used_size=3160064 bytes (7.7%)
(RDMA_READ_CONSUME_CHECK_CONSUMER) timestamp=4240 ms, used_size=3158016 bytes (7.7%)
(RDMA_READ_CONSUME_CHECK_CONSUMER) timestamp=4240 ms, used_size=3155968 bytes (7.7%)
(RDMA_READ_CONSUME_CHECK_CONSUMER) timestamp=4240 ms, used_size=3153920 bytes (7.7%)
(RDMA_READ_CONSUME_CHECK_CONSUMER) timestamp=4240 ms, used_size=3151872 bytes (7.7%)
(RDMA_READ_CONSUME_CHECK_CONSUMER) timestamp=4240 ms, used_size=3149824 bytes (7.7%)
(RDMA_READ_CONSUME_CHECK_CONSUMER) timestamp=4240 ms, used_size=3147776 bytes (7.7%)
(RDMA_READ_CONSUME_CHECK_CONSUMER) timestamp=4240 ms, used_size=3145728 bytes (7.7%)
(RDMA_READ_CONSUME_CHECK_CONSUMER) timestamp=4240 ms, used_size=3143680 bytes (7.7%)
(RDMA_READ_CONSUME_CHECK_CONSUMER) timestamp=4240 ms, used_size=3141632 bytes (7.7%)
(RDMA_READ_CONSUME_CHECK_CONSUMER) timestamp=4240 ms, used_size=3139584 bytes (7.7%)
(RDMA_READ_CONSUME_CHECK_CONSUMER) timestamp=4240 ms, used_size=3137536 bytes (7.7%)
(RDMA_READ_CONSUME_CHECK_CONSUMER) timestamp=4240 ms, used_size=3135488 bytes (7.7%)
(RDMA_READ_CONSUME_CHECK_CONSUMER) timestamp=4240 ms, used_size=3133440 bytes (7.7%)
(RDMA_READ_CONSUME_CHECK_CONSUMER) timestamp=4240 ms, used_size=3131392 bytes (7.6%)
(RDMA_READ_CONSUME_CHECK_CONSUMER) timestamp=4240 ms, used_size=3129344 bytes (7.6%)
(RDMA_READ_CONSUME_CHECK_CONSUMER) timestamp=4240 ms, used_size=3127296 bytes (7.6%)
(RDMA_READ_CONSUME_CHECK_CONSUMER) timestamp=4240 ms, used_size=3125248 bytes (7.6%)
(RDMA_READ_CONSUME_CHECK_CONSUMER) timestamp=4240 ms, used_size=3123200 bytes (7.6%)
(RDMA_READ_CONSUME_CHECK_CONSUMER) timestamp=4240 ms, used_size=3121152 bytes (7.6%)
(RDMA_READ_CONSUME_CHECK_CONSUMER) timestamp=4240 ms, used_size=3119104 bytes (7.6%)
(RDMA_READ_CONSUME_CHECK_CONSUMER) timestamp=4240 ms, used_size=3117056 bytes (7.6%)
(RDMA_READ_CONSUME_CHECK_CONSUMER) timestamp=4240 ms, used_size=3115008 bytes (7.6%)
(RDMA_READ_CONSUME_CHECK_CONSUMER) timestamp=4240 ms, used_size=3112960 bytes (7.6%)
(RDMA_READ_CONSUME_CHECK_CONSUMER) timestamp=4240 ms, used_size=3110912 bytes (7.6%)
(RDMA_READ_CONSUME_CHECK_CONSUMER) timestamp=4240 ms, used_size=3108864 bytes (7.6%)
(RDMA_READ_CONSUME_CHECK_CONSUMER) timestamp=4240 ms, used_size=3106816 bytes (7.6%)
(RDMA_READ_CONSUME_CHECK_CONSUMER) timestamp=4240 ms, used_size=3104768 bytes (7.6%)
(RDMA_READ_CONSUME_CHECK_CONSUMER) timestamp=4240 ms, used_size=3102720 bytes (7.6%)
(RDMA_READ_CONSUME_CHECK_CONSUMER) timestamp=4240 ms, used_size=3100672 bytes (7.6%)
(RDMA_READ_CONSUME_CHECK_CONSUMER) timestamp=4240 ms, used_size=3098624 bytes (7.6%)
(RDMA_READ_CONSUME_CHECK_CONSUMER) timestamp=4240 ms, used_size=3096576 bytes (7.6%)
(RDMA_READ_CONSUME_CHECK_CONSUMER) timestamp=4240 ms, used_size=3094528 bytes (7.6%)
(RDMA_READ_CONSUME_CHECK_CONSUMER) timestamp=4240 ms, used_size=3092480 bytes (7.5%)
(RDMA_READ_CONSUME_CHECK_CONSUMER) timestamp=4240 ms, used_size=3090432 bytes (7.5%)
(RDMA_READ_CONSUME_CHECK_CONSUMER) timestamp=4240 ms, used_size=3088384 bytes (7.5%)
(RDMA_READ_CONSUME_CHECK_CONSUMER) timestamp=4240 ms, used_size=3086336 bytes (7.5%)
(RDMA_READ_CONSUME_CHECK_CONSUMER) timestamp=4240 ms, used_size=3084288 bytes (7.5%)
(RDMA_READ_CONSUME_CHECK_CONSUMER) timestamp=4240 ms, used_size=3082240 bytes (7.5%)
(RDMA_READ_CONSUME_CHECK_CONSUMER) timestamp=4240 ms, used_size=3080192 bytes (7.5%)
(RDMA_READ_CONSUME_CHECK_CONSUMER) timestamp=4240 ms, used_size=3078144 bytes (7.5%)
(RDMA_READ_CONSUME_CHECK_CONSUMER) timestamp=4240 ms, used_size=3076096 bytes (7.5%)
(RDMA_READ_CONSUME_CHECK_CONSUMER) timestamp=4240 ms, used_size=3074048 bytes (7.5%)
(RDMA_READ_CONSUME_CHECK_CONSUMER) timestamp=4241 ms, used_size=3072000 bytes (7.5%)
(RDMA_READ_CONSUME_CHECK_CONSUMER) timestamp=4241 ms, used_size=3069952 bytes (7.5%)
(RDMA_READ_CONSUME_CHECK_CONSUMER) timestamp=4241 ms, used_size=3067904 bytes (7.5%)
(RDMA_READ_CONSUME_CHECK_CONSUMER) timestamp=4241 ms, used_size=3065856 bytes (7.5%)
(RDMA_READ_CONSUME_CHECK_CONSUMER) timestamp=4241 ms, used_size=3063808 bytes (7.5%)
(RDMA_READ_CONSUME_CHECK_CONSUMER) timestamp=4241 ms, used_size=3061760 bytes (7.5%)
(RDMA_READ_CONSUME_CHECK_CONSUMER) timestamp=4241 ms, used_size=3059712 bytes (7.5%)
(RDMA_READ_CONSUME_CHECK_CONSUMER) timestamp=4241 ms, used_size=3057664 bytes (7.5%)
(RDMA_READ_CONSUME_CHECK_CONSUMER) timestamp=4241 ms, used_size=3055616 bytes (7.5%)
(RDMA_READ_CONSUME_CHECK_CONSUMER) timestamp=4241 ms, used_size=3053568 bytes (7.5%)
(RDMA_READ_CONSUME_CHECK_CONSUMER) timestamp=4241 ms, used_size=3051520 bytes (7.5%)
(RDMA_READ_CONSUME_CHECK_CONSUMER) timestamp=4241 ms, used_size=3049472 bytes (7.4%)
(RDMA_READ_CONSUME_CHECK_CONSUMER) timestamp=4241 ms, used_size=3047424 bytes (7.4%)
(RDMA_READ_CONSUME_CHECK_CONSUMER) timestamp=4241 ms, used_size=3045376 bytes (7.4%)
(RDMA_READ_CONSUME_CHECK_CONSUMER) timestamp=4241 ms, used_size=3043328 bytes (7.4%)
(RDMA_READ_CONSUME_CHECK_CONSUMER) timestamp=4241 ms, used_size=3041280 bytes (7.4%)
(RDMA_READ_CONSUME_CHECK_CONSUMER) timestamp=4241 ms, used_size=3039232 bytes (7.4%)
(RDMA_READ_CONSUME_CHECK_CONSUMER) timestamp=4241 ms, used_size=3037184 bytes (7.4%)
(RDMA_READ_CONSUME_CHECK_CONSUMER) timestamp=4241 ms, used_size=3035136 bytes (7.4%)
(RDMA_READ_CONSUME_CHECK_CONSUMER) timestamp=4241 ms, used_size=3033088 bytes (7.4%)
(RDMA_READ_CONSUME_CHECK_CONSUMER) timestamp=4241 ms, used_size=3031040 bytes (7.4%)
(RDMA_READ_CONSUME_CHECK_CONSUMER) timestamp=4241 ms, used_size=3028992 bytes (7.4%)
(RDMA_READ_CONSUME_CHECK_CONSUMER) timestamp=4241 ms, used_size=3026944 bytes (7.4%)
(RDMA_READ_CONSUME_CHECK_CONSUMER) timestamp=4241 ms, used_size=3024896 bytes (7.4%)
(RDMA_READ_CONSUME_CHECK_CONSUMER) timestamp=4241 ms, used_size=3022848 bytes (7.4%)
(RDMA_READ_CONSUME_CHECK_CONSUMER) timestamp=4241 ms, used_size=3020800 bytes (7.4%)
(RDMA_READ_CONSUME_CHECK_CONSUMER) timestamp=4241 ms, used_size=3018752 bytes (7.4%)
(RDMA_READ_CONSUME_CHECK_CONSUMER) timestamp=4241 ms, used_size=3016704 bytes (7.4%)
(RDMA_READ_CONSUME_CHECK_CONSUMER) timestamp=4241 ms, used_size=3014656 bytes (7.4%)
(RDMA_READ_CONSUME_CHECK_CONSUMER) timestamp=4241 ms, used_size=3012608 bytes (7.4%)
(RDMA_READ_CONSUME_CHECK_CONSUMER) timestamp=4241 ms, used_size=3010560 bytes (7.3%)
(RDMA_READ_CONSUME_CHECK_CONSUMER) timestamp=4241 ms, used_size=3008512 bytes (7.3%)
(RDMA_READ_CONSUME_CHECK_CONSUMER) timestamp=4241 ms, used_size=3006464 bytes (7.3%)
(RDMA_READ_CONSUME_CHECK_CONSUMER) timestamp=4241 ms, used_size=3004416 bytes (7.3%)
(RDMA_READ_CONSUME_CHECK_CONSUMER) timestamp=4241 ms, used_size=3002368 bytes (7.3%)
(RDMA_READ_CONSUME_CHECK_CONSUMER) timestamp=4241 ms, used_size=3000320 bytes (7.3%)
(RDMA_READ_CONSUME_CHECK_CONSUMER) timestamp=4241 ms, used_size=2998272 bytes (7.3%)
(RDMA_READ_CONSUME_CHECK_CONSUMER) timestamp=4241 ms, used_size=2996224 bytes (7.3%)
(RDMA_READ_CONSUME_CHECK_CONSUMER) timestamp=4241 ms, used_size=2994176 bytes (7.3%)
(RDMA_READ_CONSUME_CHECK_CONSUMER) timestamp=4241 ms, used_size=2992128 bytes (7.3%)
(RDMA_READ_CONSUME_CHECK_CONSUMER) timestamp=4241 ms, used_size=2990080 bytes (7.3%)
(RDMA_READ_CONSUME_CHECK_CONSUMER) timestamp=4241 ms, used_size=2988032 bytes (7.3%)
(RDMA_READ_CONSUME_CHECK_CONSUMER) timestamp=4241 ms, used_size=2985984 bytes (7.3%)
(RDMA_READ_CONSUME_CHECK_CONSUMER) timestamp=4241 ms, used_size=2983936 bytes (7.3%)
(RDMA_READ_CONSUME_CHECK_CONSUMER) timestamp=4241 ms, used_size=2981888 bytes (7.3%)
(RDMA_READ_CONSUME_CHECK_CONSUMER) timestamp=4241 ms, used_size=2979840 bytes (7.3%)
(RDMA_READ_CONSUME_CHECK_CONSUMER) timestamp=4241 ms, used_size=2977792 bytes (7.3%)
(RDMA_READ_CONSUME_CHECK_CONSUMER) timestamp=4241 ms, used_size=2975744 bytes (7.3%)
(RDMA_READ_CONSUME_CHECK_CONSUMER) timestamp=4241 ms, used_size=2973696 bytes (7.3%)
(RDMA_READ_CONSUME_CHECK_CONSUMER) timestamp=4241 ms, used_size=2971648 bytes (7.3%)
(RDMA_READ_CONSUME_CHECK_CONSUMER) timestamp=4241 ms, used_size=2969600 bytes (7.2%)
(RDMA_READ_CONSUME_CHECK_CONSUMER) timestamp=4241 ms, used_size=2967552 bytes (7.2%)
(RDMA_READ_CONSUME_CHECK_CONSUMER) timestamp=4241 ms, used_size=2965504 bytes (7.2%)
(RDMA_READ_CONSUME_CHECK_CONSUMER) timestamp=4241 ms, used_size=2963456 bytes (7.2%)
(RDMA_READ_CONSUME_CHECK_CONSUMER) timestamp=4241 ms, used_size=2961408 bytes (7.2%)
(RDMA_READ_CONSUME_CHECK_CONSUMER) timestamp=4241 ms, used_size=2959360 bytes (7.2%)
(RDMA_READ_CONSUME_CHECK_CONSUMER) timestamp=4241 ms, used_size=2957312 bytes (7.2%)
(RDMA_READ_CONSUME_CHECK_CONSUMER) timestamp=4241 ms, used_size=2955264 bytes (7.2%)
(RDMA_READ_CONSUME_CHECK_CONSUMER) timestamp=4241 ms, used_size=2953216 bytes (7.2%)
(RDMA_READ_CONSUME_CHECK_CONSUMER) timestamp=4241 ms, used_size=2951168 bytes (7.2%)
(RDMA_READ_CONSUME_CHECK_CONSUMER) timestamp=4241 ms, used_size=2949120 bytes (7.2%)
(RDMA_READ_CONSUME_CHECK_CONSUMER) timestamp=4241 ms, used_size=2947072 bytes (7.2%)
(RDMA_READ_CONSUME_CHECK_CONSUMER) timestamp=4241 ms, used_size=2945024 bytes (7.2%)
(RDMA_READ_CONSUME_CHECK_CONSUMER) timestamp=4241 ms, used_size=2942976 bytes (7.2%)
(RDMA_READ_CONSUME_CHECK_CONSUMER) timestamp=4241 ms, used_size=2940928 bytes (7.2%)
(RDMA_READ_CONSUME_CHECK_CONSUMER) timestamp=4241 ms, used_size=2938880 bytes (7.2%)
(RDMA_READ_CONSUME_CHECK_CONSUMER) timestamp=4241 ms, used_size=2936832 bytes (7.2%)
(RDMA_READ_CONSUME_CHECK_CONSUMER) timestamp=4241 ms, used_size=2934784 bytes (7.2%)
(RDMA_READ_CONSUME_CHECK_CONSUMER) timestamp=4241 ms, used_size=2932736 bytes (7.2%)
(RDMA_READ_CONSUME_CHECK_CONSUMER) timestamp=4241 ms, used_size=2930688 bytes (7.2%)
(RDMA_READ_CONSUME_CHECK_CONSUMER) timestamp=4241 ms, used_size=2928640 bytes (7.2%)
(RDMA_READ_CONSUME_CHECK_CONSUMER) timestamp=4241 ms, used_size=2926592 bytes (7.1%)
(RDMA_READ_CONSUME_CHECK_CONSUMER) timestamp=4241 ms, used_size=2924544 bytes (7.1%)
(RDMA_READ_CONSUME_CHECK_CONSUMER) timestamp=4241 ms, used_size=2922496 bytes (7.1%)
(RDMA_READ_CONSUME_CHECK_CONSUMER) timestamp=4241 ms, used_size=2920448 bytes (7.1%)
(RDMA_READ_CONSUME_CHECK_CONSUMER) timestamp=4241 ms, used_size=2918400 bytes (7.1%)
(RDMA_READ_CONSUME_CHECK_CONSUMER) timestamp=4241 ms, used_size=2916352 bytes (7.1%)
(RDMA_READ_CONSUME_CHECK_CONSUMER) timestamp=4241 ms, used_size=2914304 bytes (7.1%)
(RDMA_READ_CONSUME_CHECK_CONSUMER) timestamp=4241 ms, used_size=2912256 bytes (7.1%)
(RDMA_READ_CONSUME_CHECK_CONSUMER) timestamp=4241 ms, used_size=2910208 bytes (7.1%)
(RDMA_READ_CONSUME_CHECK_CONSUMER) timestamp=4241 ms, used_size=2908160 bytes (7.1%)
(RDMA_READ_CONSUME_CHECK_CONSUMER) timestamp=4241 ms, used_size=2906112 bytes (7.1%)
(RDMA_READ_CONSUME_CHECK_CONSUMER) timestamp=4241 ms, used_size=2904064 bytes (7.1%)
(RDMA_READ_CONSUME_CHECK_CONSUMER) timestamp=4241 ms, used_size=2902016 bytes (7.1%)
(RDMA_READ_CONSUME_CHECK_CONSUMER) timestamp=4241 ms, used_size=2899968 bytes (7.1%)
(RDMA_READ_CONSUME_CHECK_CONSUMER) timestamp=4241 ms, used_size=2897920 bytes (7.1%)
(RDMA_READ_CONSUME_CHECK_CONSUMER) timestamp=4241 ms, used_size=2895872 bytes (7.1%)
(RDMA_READ_CONSUME_CHECK_CONSUMER) timestamp=4241 ms, used_size=2893824 bytes (7.1%)
(RDMA_READ_CONSUME_CHECK_CONSUMER) timestamp=4241 ms, used_size=2891776 bytes (7.1%)
(RDMA_READ_CONSUME_CHECK_CONSUMER) timestamp=4241 ms, used_size=2889728 bytes (7.1%)
(RDMA_READ_CONSUME_CHECK_CONSUMER) timestamp=4241 ms, used_size=2887680 bytes (7.0%)
(RDMA_READ_CONSUME_CHECK_CONSUMER) timestamp=4241 ms, used_size=2885632 bytes (7.0%)
(RDMA_READ_CONSUME_CHECK_CONSUMER) timestamp=4241 ms, used_size=2883584 bytes (7.0%)
(RDMA_READ_CONSUME_CHECK_CONSUMER) timestamp=4241 ms, used_size=2881536 bytes (7.0%)
(RDMA_READ_CONSUME_CHECK_CONSUMER) timestamp=4241 ms, used_size=2879488 bytes (7.0%)
(RDMA_READ_CONSUME_CHECK_CONSUMER) timestamp=4241 ms, used_size=2877440 bytes (7.0%)
(RDMA_READ_CONSUME_CHECK_CONSUMER) timestamp=4241 ms, used_size=2875392 bytes (7.0%)
(RDMA_READ_CONSUME_CHECK_CONSUMER) timestamp=4241 ms, used_size=2873344 bytes (7.0%)
(RDMA_READ_CONSUME_CHECK_CONSUMER) timestamp=4241 ms, used_size=2871296 bytes (7.0%)
(RDMA_READ_CONSUME_CHECK_CONSUMER) timestamp=4241 ms, used_size=2869248 bytes (7.0%)
(RDMA_READ_CONSUME_CHECK_CONSUMER) timestamp=4241 ms, used_size=2867200 bytes (7.0%)
(RDMA_READ_CONSUME_CHECK_CONSUMER) timestamp=4241 ms, used_size=2865152 bytes (7.0%)
(RDMA_READ_CONSUME_CHECK_CONSUMER) timestamp=4241 ms, used_size=2863104 bytes (7.0%)
(RDMA_READ_CONSUME_CHECK_CONSUMER) timestamp=4241 ms, used_size=2861056 bytes (7.0%)
(RDMA_READ_CONSUME_CHECK_CONSUMER) timestamp=4241 ms, used_size=2859008 bytes (7.0%)
(RDMA_READ_CONSUME_CHECK_CONSUMER) timestamp=4241 ms, used_size=2856960 bytes (7.0%)
(RDMA_READ_CONSUME_CHECK_CONSUMER) timestamp=4241 ms, used_size=2854912 bytes (7.0%)
(RDMA_READ_CONSUME_CHECK_CONSUMER) timestamp=4241 ms, used_size=2852864 bytes (7.0%)
(RDMA_READ_CONSUME_CHECK_CONSUMER) timestamp=4241 ms, used_size=2850816 bytes (7.0%)
(RDMA_READ_CONSUME_CHECK_CONSUMER) timestamp=4241 ms, used_size=2848768 bytes (7.0%)
(RDMA_READ_CONSUME_CHECK_CONSUMER) timestamp=4241 ms, used_size=2846720 bytes (7.0%)
(RDMA_READ_CONSUME_CHECK_CONSUMER) timestamp=4241 ms, used_size=2844672 bytes (6.9%)
(RDMA_READ_CONSUME_CHECK_CONSUMER) timestamp=4241 ms, used_size=2842624 bytes (6.9%)
(RDMA_READ_CONSUME_CHECK_CONSUMER) timestamp=4241 ms, used_size=2840576 bytes (6.9%)
(RDMA_READ_CONSUME_CHECK_CONSUMER) timestamp=4241 ms, used_size=2838528 bytes (6.9%)
(RDMA_READ_CONSUME_CHECK_CONSUMER) timestamp=4241 ms, used_size=2836480 bytes (6.9%)
(RDMA_READ_CONSUME_CHECK_CONSUMER) timestamp=4241 ms, used_size=2834432 bytes (6.9%)
(RDMA_READ_CONSUME_CHECK_CONSUMER) timestamp=4241 ms, used_size=2832384 bytes (6.9%)
(RDMA_READ_CONSUME_CHECK_CONSUMER) timestamp=4241 ms, used_size=2830336 bytes (6.9%)
(RDMA_READ_CONSUME_CHECK_CONSUMER) timestamp=4241 ms, used_size=2828288 bytes (6.9%)
(RDMA_READ_CONSUME_CHECK_CONSUMER) timestamp=4241 ms, used_size=2826240 bytes (6.9%)
(RDMA_READ_CONSUME_CHECK_CONSUMER) timestamp=4241 ms, used_size=2824192 bytes (6.9%)
(RDMA_READ_CONSUME_CHECK_CONSUMER) timestamp=4241 ms, used_size=2822144 bytes (6.9%)
(RDMA_READ_CONSUME_CHECK_CONSUMER) timestamp=4241 ms, used_size=2820096 bytes (6.9%)
(RDMA_READ_CONSUME_CHECK_CONSUMER) timestamp=4241 ms, used_size=2818048 bytes (6.9%)
(RDMA_READ_CONSUME_CHECK_CONSUMER) timestamp=4241 ms, used_size=2816000 bytes (6.9%)
(RDMA_READ_CONSUME_CHECK_CONSUMER) timestamp=4241 ms, used_size=2813952 bytes (6.9%)
(RDMA_READ_CONSUME_CHECK_CONSUMER) timestamp=4241 ms, used_size=2811904 bytes (6.9%)
(RDMA_READ_CONSUME_CHECK_CONSUMER) timestamp=4241 ms, used_size=2809856 bytes (6.9%)
(RDMA_READ_CONSUME_CHECK_CONSUMER) timestamp=4241 ms, used_size=2807808 bytes (6.9%)
(RDMA_READ_CONSUME_CHECK_CONSUMER) timestamp=4241 ms, used_size=2805760 bytes (6.8%)
(RDMA_READ_CONSUME_CHECK_CONSUMER) timestamp=4241 ms, used_size=2803712 bytes (6.8%)
(RDMA_READ_CONSUME_CHECK_CONSUMER) timestamp=4241 ms, used_size=2801664 bytes (6.8%)
(RDMA_READ_CONSUME_CHECK_CONSUMER) timestamp=4241 ms, used_size=2799616 bytes (6.8%)
(RDMA_READ_CONSUME_CHECK_CONSUMER) timestamp=4241 ms, used_size=2797568 bytes (6.8%)
(RDMA_READ_CONSUME_CHECK_CONSUMER) timestamp=4241 ms, used_size=2795520 bytes (6.8%)
(RDMA_READ_CONSUME_CHECK_CONSUMER) timestamp=4241 ms, used_size=2793472 bytes (6.8%)
(RDMA_READ_CONSUME_CHECK_CONSUMER) timestamp=4241 ms, used_size=2791424 bytes (6.8%)
(RDMA_READ_CONSUME_CHECK_CONSUMER) timestamp=4241 ms, used_size=2789376 bytes (6.8%)
(RDMA_READ_CONSUME_CHECK_CONSUMER) timestamp=4241 ms, used_size=2787328 bytes (6.8%)
(RDMA_READ_CONSUME_CHECK_CONSUMER) timestamp=4241 ms, used_size=2785280 bytes (6.8%)
(RDMA_READ_CONSUME_CHECK_CONSUMER) timestamp=4241 ms, used_size=2783232 bytes (6.8%)
(RDMA_READ_CONSUME_CHECK_CONSUMER) timestamp=4241 ms, used_size=2781184 bytes (6.8%)
(RDMA_READ_CONSUME_CHECK_CONSUMER) timestamp=4241 ms, used_size=2779136 bytes (6.8%)
(RDMA_READ_CONSUME_CHECK_CONSUMER) timestamp=4241 ms, used_size=2777088 bytes (6.8%)
(RDMA_READ_CONSUME_CHECK_CONSUMER) timestamp=4241 ms, used_size=2775040 bytes (6.8%)
(RDMA_READ_CONSUME_CHECK_CONSUMER) timestamp=4241 ms, used_size=2772992 bytes (6.8%)
(RDMA_READ_CONSUME_CHECK_CONSUMER) timestamp=4241 ms, used_size=2770944 bytes (6.8%)
(RDMA_READ_CONSUME_CHECK_CONSUMER) timestamp=4241 ms, used_size=2768896 bytes (6.8%)
(RDMA_READ_CONSUME_CHECK_CONSUMER) timestamp=4241 ms, used_size=2766848 bytes (6.8%)
(RDMA_READ_CONSUME_CHECK_CONSUMER) timestamp=4241 ms, used_size=2764800 bytes (6.8%)
(RDMA_READ_CONSUME_CHECK_CONSUMER) timestamp=4241 ms, used_size=2762752 bytes (6.7%)
(RDMA_READ_CONSUME_CHECK_CONSUMER) timestamp=4241 ms, used_size=2760704 bytes (6.7%)
(RDMA_READ_CONSUME_CHECK_CONSUMER) timestamp=4241 ms, used_size=2758656 bytes (6.7%)
(RDMA_READ_CONSUME_CHECK_CONSUMER) timestamp=4241 ms, used_size=2756608 bytes (6.7%)
(RDMA_READ_CONSUME_CHECK_CONSUMER) timestamp=4241 ms, used_size=2754560 bytes (6.7%)
(RDMA_READ_CONSUME_CHECK_CONSUMER) timestamp=4241 ms, used_size=2752512 bytes (6.7%)
(RDMA_READ_CONSUME_CHECK_CONSUMER) timestamp=4241 ms, used_size=2750464 bytes (6.7%)
(RDMA_READ_CONSUME_CHECK_CONSUMER) timestamp=4241 ms, used_size=2748416 bytes (6.7%)
(RDMA_READ_CONSUME_CHECK_CONSUMER) timestamp=4241 ms, used_size=2746368 bytes (6.7%)
(RDMA_READ_CONSUME_CHECK_CONSUMER) timestamp=4241 ms, used_size=2744320 bytes (6.7%)
(RDMA_READ_CONSUME_CHECK_CONSUMER) timestamp=4241 ms, used_size=2742272 bytes (6.7%)
(RDMA_READ_CONSUME_CHECK_CONSUMER) timestamp=4241 ms, used_size=2740224 bytes (6.7%)
(RDMA_READ_CONSUME_CHECK_CONSUMER) timestamp=4241 ms, used_size=2738176 bytes (6.7%)
(RDMA_READ_CONSUME_CHECK_CONSUMER) timestamp=4241 ms, used_size=2736128 bytes (6.7%)
(RDMA_READ_CONSUME_CHECK_CONSUMER) timestamp=4241 ms, used_size=2734080 bytes (6.7%)
(RDMA_READ_CONSUME_CHECK_CONSUMER) timestamp=4241 ms, used_size=2732032 bytes (6.7%)
(RDMA_READ_CONSUME_CHECK_CONSUMER) timestamp=4241 ms, used_size=2729984 bytes (6.7%)
(RDMA_READ_CONSUME_CHECK_CONSUMER) timestamp=4241 ms, used_size=2727936 bytes (6.7%)
(RDMA_READ_CONSUME_CHECK_CONSUMER) timestamp=4241 ms, used_size=2725888 bytes (6.7%)
(RDMA_READ_CONSUME_CHECK_CONSUMER) timestamp=4241 ms, used_size=2723840 bytes (6.7%)
(RDMA_READ_CONSUME_CHECK_CONSUMER) timestamp=4241 ms, used_size=2721792 bytes (6.6%)
(RDMA_READ_CONSUME_CHECK_CONSUMER) timestamp=4241 ms, used_size=2719744 bytes (6.6%)
(RDMA_READ_CONSUME_CHECK_CONSUMER) timestamp=4241 ms, used_size=2717696 bytes (6.6%)
(RDMA_READ_CONSUME_CHECK_CONSUMER) timestamp=4241 ms, used_size=2715648 bytes (6.6%)
(RDMA_READ_CONSUME_CHECK_CONSUMER) timestamp=4241 ms, used_size=2713600 bytes (6.6%)
(RDMA_READ_CONSUME_CHECK_CONSUMER) timestamp=4241 ms, used_size=2711552 bytes (6.6%)
(RDMA_READ_CONSUME_CHECK_CONSUMER) timestamp=4241 ms, used_size=2709504 bytes (6.6%)
(RDMA_READ_CONSUME_CHECK_CONSUMER) timestamp=4241 ms, used_size=2707456 bytes (6.6%)
(RDMA_READ_CONSUME_CHECK_CONSUMER) timestamp=4241 ms, used_size=2705408 bytes (6.6%)
(RDMA_READ_CONSUME_CHECK_CONSUMER) timestamp=4242 ms, used_size=2703360 bytes (6.6%)
(RDMA_READ_CONSUME_CHECK_CONSUMER) timestamp=4242 ms, used_size=2701312 bytes (6.6%)
(RDMA_READ_CONSUME_CHECK_CONSUMER) timestamp=4242 ms, used_size=2699264 bytes (6.6%)
(RDMA_READ_CONSUME_CHECK_CONSUMER) timestamp=4242 ms, used_size=2697216 bytes (6.6%)
(RDMA_READ_CONSUME_CHECK_CONSUMER) timestamp=4242 ms, used_size=2695168 bytes (6.6%)
(RDMA_READ_CONSUME_CHECK_CONSUMER) timestamp=4242 ms, used_size=2693120 bytes (6.6%)
(RDMA_READ_CONSUME_CHECK_CONSUMER) timestamp=4242 ms, used_size=2691072 bytes (6.6%)
(RDMA_READ_CONSUME_CHECK_CONSUMER) timestamp=4242 ms, used_size=2689024 bytes (6.6%)
(RDMA_READ_CONSUME_CHECK_CONSUMER) timestamp=4242 ms, used_size=2686976 bytes (6.6%)
(RDMA_READ_CONSUME_CHECK_CONSUMER) timestamp=4242 ms, used_size=2684928 bytes (6.6%)
(RDMA_READ_CONSUME_CHECK_CONSUMER) timestamp=4242 ms, used_size=2682880 bytes (6.5%)
(RDMA_READ_CONSUME_CHECK_CONSUMER) timestamp=4242 ms, used_size=2680832 bytes (6.5%)
(RDMA_READ_CONSUME_CHECK_CONSUMER) timestamp=4242 ms, used_size=2678784 bytes (6.5%)
(RDMA_READ_CONSUME_CHECK_CONSUMER) timestamp=4242 ms, used_size=2676736 bytes (6.5%)
(RDMA_READ_CONSUME_CHECK_CONSUMER) timestamp=4242 ms, used_size=2674688 bytes (6.5%)
(RDMA_READ_CONSUME_CHECK_CONSUMER) timestamp=4242 ms, used_size=2672640 bytes (6.5%)
(RDMA_READ_CONSUME_CHECK_CONSUMER) timestamp=4242 ms, used_size=2670592 bytes (6.5%)
(RDMA_READ_CONSUME_CHECK_CONSUMER) timestamp=4242 ms, used_size=2668544 bytes (6.5%)
(RDMA_READ_CONSUME_CHECK_CONSUMER) timestamp=4242 ms, used_size=2666496 bytes (6.5%)
(RDMA_READ_CONSUME_CHECK_CONSUMER) timestamp=4242 ms, used_size=2664448 bytes (6.5%)
(RDMA_READ_CONSUME_CHECK_CONSUMER) timestamp=4242 ms, used_size=2662400 bytes (6.5%)
(RDMA_READ_CONSUME_CHECK_CONSUMER) timestamp=4242 ms, used_size=2660352 bytes (6.5%)
(RDMA_READ_CONSUME_CHECK_CONSUMER) timestamp=4242 ms, used_size=2658304 bytes (6.5%)
(RDMA_READ_CONSUME_CHECK_CONSUMER) timestamp=4242 ms, used_size=2656256 bytes (6.5%)
(RDMA_READ_CONSUME_CHECK_CONSUMER) timestamp=4242 ms, used_size=2654208 bytes (6.5%)
(RDMA_READ_CONSUME_CHECK_CONSUMER) timestamp=4242 ms, used_size=2652160 bytes (6.5%)
(RDMA_READ_CONSUME_CHECK_CONSUMER) timestamp=4242 ms, used_size=2650112 bytes (6.5%)
(RDMA_READ_CONSUME_CHECK_CONSUMER) timestamp=4242 ms, used_size=2648064 bytes (6.5%)
(RDMA_READ_CONSUME_CHECK_CONSUMER) timestamp=4242 ms, used_size=2646016 bytes (6.5%)
(RDMA_READ_CONSUME_CHECK_CONSUMER) timestamp=4242 ms, used_size=2643968 bytes (6.5%)
(RDMA_READ_CONSUME_CHECK_CONSUMER) timestamp=4242 ms, used_size=2641920 bytes (6.5%)
(RDMA_READ_CONSUME_CHECK_CONSUMER) timestamp=4242 ms, used_size=2639872 bytes (6.4%)
(RDMA_READ_CONSUME_CHECK_CONSUMER) timestamp=4242 ms, used_size=2637824 bytes (6.4%)
(RDMA_READ_CONSUME_CHECK_CONSUMER) timestamp=4242 ms, used_size=2635776 bytes (6.4%)
(RDMA_READ_CONSUME_CHECK_CONSUMER) timestamp=4242 ms, used_size=2633728 bytes (6.4%)
(RDMA_READ_CONSUME_CHECK_CONSUMER) timestamp=4242 ms, used_size=2631680 bytes (6.4%)
(RDMA_READ_CONSUME_CHECK_CONSUMER) timestamp=4242 ms, used_size=2629632 bytes (6.4%)
(RDMA_READ_CONSUME_CHECK_CONSUMER) timestamp=4242 ms, used_size=2627584 bytes (6.4%)
(RDMA_READ_CONSUME_CHECK_CONSUMER) timestamp=4242 ms, used_size=2625536 bytes (6.4%)
(RDMA_READ_CONSUME_CHECK_CONSUMER) timestamp=4242 ms, used_size=2623488 bytes (6.4%)
(RDMA_READ_CONSUME_CHECK_CONSUMER) timestamp=4242 ms, used_size=2621440 bytes (6.4%)
(RDMA_READ_CONSUME_CHECK_CONSUMER) timestamp=4242 ms, used_size=2619392 bytes (6.4%)
(RDMA_READ_CONSUME_CHECK_CONSUMER) timestamp=4242 ms, used_size=2617344 bytes (6.4%)
(RDMA_READ_CONSUME_CHECK_CONSUMER) timestamp=4242 ms, used_size=2615296 bytes (6.4%)
(RDMA_READ_CONSUME_CHECK_CONSUMER) timestamp=4242 ms, used_size=2613248 bytes (6.4%)
(RDMA_READ_CONSUME_CHECK_CONSUMER) timestamp=4242 ms, used_size=2611200 bytes (6.4%)
(RDMA_READ_CONSUME_CHECK_CONSUMER) timestamp=4242 ms, used_size=2609152 bytes (6.4%)
(RDMA_READ_CONSUME_CHECK_CONSUMER) timestamp=4242 ms, used_size=2607104 bytes (6.4%)
(RDMA_READ_CONSUME_CHECK_CONSUMER) timestamp=4242 ms, used_size=2605056 bytes (6.4%)
(RDMA_READ_CONSUME_CHECK_CONSUMER) timestamp=4242 ms, used_size=2603008 bytes (6.4%)
(RDMA_READ_CONSUME_CHECK_CONSUMER) timestamp=4242 ms, used_size=2600960 bytes (6.3%)
(RDMA_READ_CONSUME_CHECK_CONSUMER) timestamp=4242 ms, used_size=2598912 bytes (6.3%)
(RDMA_READ_CONSUME_CHECK_CONSUMER) timestamp=4242 ms, used_size=2596864 bytes (6.3%)
(RDMA_READ_CONSUME_CHECK_CONSUMER) timestamp=4242 ms, used_size=2594816 bytes (6.3%)
(RDMA_READ_CONSUME_CHECK_CONSUMER) timestamp=4242 ms, used_size=2592768 bytes (6.3%)
(RDMA_READ_CONSUME_CHECK_CONSUMER) timestamp=4242 ms, used_size=2590720 bytes (6.3%)
(RDMA_READ_CONSUME_CHECK_CONSUMER) timestamp=4242 ms, used_size=2588672 bytes (6.3%)
(RDMA_READ_CONSUME_CHECK_CONSUMER) timestamp=4242 ms, used_size=2586624 bytes (6.3%)
(RDMA_READ_CONSUME_CHECK_CONSUMER) timestamp=4242 ms, used_size=2584576 bytes (6.3%)
(RDMA_READ_CONSUME_CHECK_CONSUMER) timestamp=4242 ms, used_size=2582528 bytes (6.3%)
(RDMA_READ_CONSUME_CHECK_CONSUMER) timestamp=4242 ms, used_size=2580480 bytes (6.3%)
(RDMA_READ_CONSUME_CHECK_CONSUMER) timestamp=4242 ms, used_size=2578432 bytes (6.3%)
(RDMA_READ_CONSUME_CHECK_CONSUMER) timestamp=4242 ms, used_size=2576384 bytes (6.3%)
(RDMA_READ_CONSUME_CHECK_CONSUMER) timestamp=4242 ms, used_size=2574336 bytes (6.3%)
(RDMA_READ_CONSUME_CHECK_CONSUMER) timestamp=4242 ms, used_size=2572288 bytes (6.3%)
(RDMA_READ_CONSUME_CHECK_CONSUMER) timestamp=4242 ms, used_size=2570240 bytes (6.3%)
(RDMA_READ_CONSUME_CHECK_CONSUMER) timestamp=4242 ms, used_size=2568192 bytes (6.3%)
(RDMA_READ_CONSUME_CHECK_CONSUMER) timestamp=4242 ms, used_size=2566144 bytes (6.3%)
(RDMA_READ_CONSUME_CHECK_CONSUMER) timestamp=4242 ms, used_size=2564096 bytes (6.3%)
(RDMA_READ_CONSUME_CHECK_CONSUMER) timestamp=4242 ms, used_size=2562048 bytes (6.3%)
(RDMA_READ_CONSUME_CHECK_CONSUMER) timestamp=4242 ms, used_size=2560000 bytes (6.2%)
(RDMA_READ_CONSUME_CHECK_CONSUMER) timestamp=4242 ms, used_size=2557952 bytes (6.2%)
(RDMA_READ_CONSUME_CHECK_CONSUMER) timestamp=4242 ms, used_size=2555904 bytes (6.2%)
(RDMA_READ_CONSUME_CHECK_CONSUMER) timestamp=4242 ms, used_size=2553856 bytes (6.2%)
(RDMA_READ_CONSUME_CHECK_CONSUMER) timestamp=4242 ms, used_size=2551808 bytes (6.2%)
(RDMA_READ_CONSUME_CHECK_CONSUMER) timestamp=4242 ms, used_size=2549760 bytes (6.2%)
(RDMA_READ_CONSUME_CHECK_CONSUMER) timestamp=4242 ms, used_size=2547712 bytes (6.2%)
(RDMA_READ_CONSUME_CHECK_CONSUMER) timestamp=4242 ms, used_size=2545664 bytes (6.2%)
(RDMA_READ_CONSUME_CHECK_CONSUMER) timestamp=4242 ms, used_size=2543616 bytes (6.2%)
(RDMA_READ_CONSUME_CHECK_CONSUMER) timestamp=4242 ms, used_size=2541568 bytes (6.2%)
(RDMA_READ_CONSUME_CHECK_CONSUMER) timestamp=4242 ms, used_size=2539520 bytes (6.2%)
(RDMA_READ_CONSUME_CHECK_CONSUMER) timestamp=4242 ms, used_size=2537472 bytes (6.2%)
(RDMA_READ_CONSUME_CHECK_CONSUMER) timestamp=4242 ms, used_size=2535424 bytes (6.2%)
(RDMA_READ_CONSUME_CHECK_CONSUMER) timestamp=4242 ms, used_size=2533376 bytes (6.2%)
(RDMA_READ_CONSUME_CHECK_CONSUMER) timestamp=4242 ms, used_size=2531328 bytes (6.2%)
(RDMA_READ_CONSUME_CHECK_CONSUMER) timestamp=4242 ms, used_size=2529280 bytes (6.2%)
(RDMA_READ_CONSUME_CHECK_CONSUMER) timestamp=4242 ms, used_size=2527232 bytes (6.2%)
(RDMA_READ_CONSUME_CHECK_CONSUMER) timestamp=4242 ms, used_size=2525184 bytes (6.2%)
(RDMA_READ_CONSUME_CHECK_CONSUMER) timestamp=4242 ms, used_size=2523136 bytes (6.2%)
(RDMA_READ_CONSUME_CHECK_CONSUMER) timestamp=4242 ms, used_size=2521088 bytes (6.2%)
(RDMA_READ_CONSUME_CHECK_CONSUMER) timestamp=4242 ms, used_size=2519040 bytes (6.2%)
(RDMA_READ_CONSUME_CHECK_CONSUMER) timestamp=4242 ms, used_size=2516992 bytes (6.1%)
(RDMA_READ_CONSUME_CHECK_CONSUMER) timestamp=4242 ms, used_size=2514944 bytes (6.1%)
(RDMA_READ_CONSUME_CHECK_CONSUMER) timestamp=4242 ms, used_size=2512896 bytes (6.1%)
(RDMA_READ_CONSUME_CHECK_CONSUMER) timestamp=4242 ms, used_size=2510848 bytes (6.1%)
(RDMA_READ_CONSUME_CHECK_CONSUMER) timestamp=4242 ms, used_size=2508800 bytes (6.1%)
(RDMA_READ_CONSUME_CHECK_CONSUMER) timestamp=4242 ms, used_size=2506752 bytes (6.1%)
(RDMA_READ_CONSUME_CHECK_CONSUMER) timestamp=4242 ms, used_size=2504704 bytes (6.1%)
(RDMA_READ_CONSUME_CHECK_CONSUMER) timestamp=4242 ms, used_size=2502656 bytes (6.1%)
(RDMA_READ_CONSUME_CHECK_CONSUMER) timestamp=4242 ms, used_size=2500608 bytes (6.1%)
(RDMA_READ_CONSUME_CHECK_CONSUMER) timestamp=4242 ms, used_size=2498560 bytes (6.1%)
(RDMA_READ_CONSUME_CHECK_CONSUMER) timestamp=4242 ms, used_size=2496512 bytes (6.1%)
(RDMA_READ_CONSUME_CHECK_CONSUMER) timestamp=4242 ms, used_size=2494464 bytes (6.1%)
(RDMA_READ_CONSUME_CHECK_CONSUMER) timestamp=4242 ms, used_size=2492416 bytes (6.1%)
(RDMA_READ_CONSUME_CHECK_CONSUMER) timestamp=4242 ms, used_size=2490368 bytes (6.1%)
(RDMA_READ_CONSUME_CHECK_CONSUMER) timestamp=4242 ms, used_size=2488320 bytes (6.1%)
(RDMA_READ_CONSUME_CHECK_CONSUMER) timestamp=4242 ms, used_size=2486272 bytes (6.1%)
(RDMA_READ_CONSUME_CHECK_CONSUMER) timestamp=4242 ms, used_size=2484224 bytes (6.1%)
(RDMA_READ_CONSUME_CHECK_CONSUMER) timestamp=4242 ms, used_size=2482176 bytes (6.1%)
(RDMA_READ_CONSUME_CHECK_CONSUMER) timestamp=4242 ms, used_size=2480128 bytes (6.1%)
(RDMA_READ_CONSUME_CHECK_CONSUMER) timestamp=4242 ms, used_size=2478080 bytes (6.0%)
(RDMA_READ_CONSUME_CHECK_CONSUMER) timestamp=4242 ms, used_size=2476032 bytes (6.0%)
(RDMA_READ_CONSUME_CHECK_CONSUMER) timestamp=4242 ms, used_size=2473984 bytes (6.0%)
(RDMA_READ_CONSUME_CHECK_CONSUMER) timestamp=4242 ms, used_size=2471936 bytes (6.0%)
(RDMA_READ_CONSUME_CHECK_CONSUMER) timestamp=4242 ms, used_size=2469888 bytes (6.0%)
(RDMA_READ_CONSUME_CHECK_CONSUMER) timestamp=4242 ms, used_size=2467840 bytes (6.0%)
(RDMA_READ_CONSUME_CHECK_CONSUMER) timestamp=4242 ms, used_size=2465792 bytes (6.0%)
(RDMA_READ_CONSUME_CHECK_CONSUMER) timestamp=4242 ms, used_size=2463744 bytes (6.0%)
(RDMA_READ_CONSUME_CHECK_CONSUMER) timestamp=4242 ms, used_size=2461696 bytes (6.0%)
(RDMA_READ_CONSUME_CHECK_CONSUMER) timestamp=4242 ms, used_size=2459648 bytes (6.0%)
(RDMA_READ_CONSUME_CHECK_CONSUMER) timestamp=4242 ms, used_size=2457600 bytes (6.0%)
(RDMA_READ_CONSUME_CHECK_CONSUMER) timestamp=4242 ms, used_size=2455552 bytes (6.0%)
(RDMA_READ_CONSUME_CHECK_CONSUMER) timestamp=4242 ms, used_size=2453504 bytes (6.0%)
(RDMA_READ_CONSUME_CHECK_CONSUMER) timestamp=4242 ms, used_size=2451456 bytes (6.0%)
(RDMA_READ_CONSUME_CHECK_CONSUMER) timestamp=4242 ms, used_size=2449408 bytes (6.0%)
(RDMA_READ_CONSUME_CHECK_CONSUMER) timestamp=4242 ms, used_size=2447360 bytes (6.0%)
(RDMA_READ_CONSUME_CHECK_CONSUMER) timestamp=4242 ms, used_size=2445312 bytes (6.0%)
(RDMA_READ_CONSUME_CHECK_CONSUMER) timestamp=4242 ms, used_size=2443264 bytes (6.0%)
(RDMA_READ_CONSUME_CHECK_CONSUMER) timestamp=4242 ms, used_size=2441216 bytes (6.0%)
(RDMA_READ_CONSUME_CHECK_CONSUMER) timestamp=4242 ms, used_size=2439168 bytes (6.0%)
(RDMA_READ_CONSUME_CHECK_CONSUMER) timestamp=4242 ms, used_size=2437120 bytes (6.0%)
(RDMA_READ_CONSUME_CHECK_CONSUMER) timestamp=4242 ms, used_size=2435072 bytes (5.9%)
(RDMA_READ_CONSUME_CHECK_CONSUMER) timestamp=4242 ms, used_size=2433024 bytes (5.9%)
(RDMA_READ_CONSUME_CHECK_CONSUMER) timestamp=4242 ms, used_size=2430976 bytes (5.9%)
(RDMA_READ_CONSUME_CHECK_CONSUMER) timestamp=4242 ms, used_size=2428928 bytes (5.9%)
(RDMA_READ_CONSUME_CHECK_CONSUMER) timestamp=4242 ms, used_size=2426880 bytes (5.9%)
(RDMA_READ_CONSUME_CHECK_CONSUMER) timestamp=4242 ms, used_size=2424832 bytes (5.9%)
(RDMA_READ_CONSUME_CHECK_CONSUMER) timestamp=4242 ms, used_size=2422784 bytes (5.9%)
(RDMA_READ_CONSUME_CHECK_CONSUMER) timestamp=4242 ms, used_size=2420736 bytes (5.9%)
(RDMA_READ_CONSUME_CHECK_CONSUMER) timestamp=4242 ms, used_size=2418688 bytes (5.9%)
(RDMA_READ_CONSUME_CHECK_CONSUMER) timestamp=4242 ms, used_size=2416640 bytes (5.9%)
(RDMA_READ_CONSUME_CHECK_CONSUMER) timestamp=4242 ms, used_size=2414592 bytes (5.9%)
(RDMA_READ_CONSUME_CHECK_CONSUMER) timestamp=4242 ms, used_size=2412544 bytes (5.9%)
(RDMA_READ_CONSUME_CHECK_CONSUMER) timestamp=4242 ms, used_size=2410496 bytes (5.9%)
(RDMA_READ_CONSUME_CHECK_CONSUMER) timestamp=4242 ms, used_size=2408448 bytes (5.9%)
(RDMA_READ_CONSUME_CHECK_CONSUMER) timestamp=4242 ms, used_size=2406400 bytes (5.9%)
(RDMA_READ_CONSUME_CHECK_CONSUMER) timestamp=4242 ms, used_size=2404352 bytes (5.9%)
(RDMA_READ_CONSUME_CHECK_CONSUMER) timestamp=4242 ms, used_size=2402304 bytes (5.9%)
(RDMA_READ_CONSUME_CHECK_CONSUMER) timestamp=4242 ms, used_size=2400256 bytes (5.9%)
(RDMA_READ_CONSUME_CHECK_CONSUMER) timestamp=4242 ms, used_size=2398208 bytes (5.9%)
(RDMA_READ_CONSUME_CHECK_CONSUMER) timestamp=4242 ms, used_size=2396160 bytes (5.8%)
(RDMA_READ_CONSUME_CHECK_CONSUMER) timestamp=4242 ms, used_size=2394112 bytes (5.8%)
(RDMA_READ_CONSUME_CHECK_CONSUMER) timestamp=4242 ms, used_size=2392064 bytes (5.8%)
(RDMA_READ_CONSUME_CHECK_CONSUMER) timestamp=4242 ms, used_size=2390016 bytes (5.8%)
(RDMA_READ_CONSUME_CHECK_CONSUMER) timestamp=4242 ms, used_size=2387968 bytes (5.8%)
(RDMA_READ_CONSUME_CHECK_CONSUMER) timestamp=4242 ms, used_size=2385920 bytes (5.8%)
(RDMA_READ_CONSUME_CHECK_CONSUMER) timestamp=4242 ms, used_size=2383872 bytes (5.8%)
(RDMA_READ_CONSUME_CHECK_CONSUMER) timestamp=4242 ms, used_size=2381824 bytes (5.8%)
(RDMA_READ_CONSUME_CHECK_CONSUMER) timestamp=4242 ms, used_size=2379776 bytes (5.8%)
(RDMA_READ_CONSUME_CHECK_CONSUMER) timestamp=4242 ms, used_size=2377728 bytes (5.8%)
(RDMA_READ_CONSUME_CHECK_CONSUMER) timestamp=4242 ms, used_size=2375680 bytes (5.8%)
(RDMA_READ_CONSUME_CHECK_CONSUMER) timestamp=4242 ms, used_size=2373632 bytes (5.8%)
(RDMA_READ_CONSUME_CHECK_CONSUMER) timestamp=4242 ms, used_size=2371584 bytes (5.8%)
(RDMA_READ_CONSUME_CHECK_CONSUMER) timestamp=4242 ms, used_size=2369536 bytes (5.8%)
(RDMA_READ_CONSUME_CHECK_CONSUMER) timestamp=4242 ms, used_size=2367488 bytes (5.8%)
(RDMA_READ_CONSUME_CHECK_CONSUMER) timestamp=4242 ms, used_size=2365440 bytes (5.8%)
(RDMA_READ_CONSUME_CHECK_CONSUMER) timestamp=4242 ms, used_size=2363392 bytes (5.8%)
(RDMA_READ_CONSUME_CHECK_CONSUMER) timestamp=4242 ms, used_size=2361344 bytes (5.8%)
(RDMA_READ_CONSUME_CHECK_CONSUMER) timestamp=4242 ms, used_size=2359296 bytes (5.8%)
(RDMA_READ_CONSUME_CHECK_CONSUMER) timestamp=4242 ms, used_size=2357248 bytes (5.8%)
(RDMA_READ_CONSUME_CHECK_CONSUMER) timestamp=4242 ms, used_size=2355200 bytes (5.8%)
(RDMA_READ_CONSUME_CHECK_CONSUMER) timestamp=4242 ms, used_size=2353152 bytes (5.7%)
(RDMA_READ_CONSUME_CHECK_CONSUMER) timestamp=4242 ms, used_size=2351104 bytes (5.7%)
(RDMA_READ_CONSUME_CHECK_CONSUMER) timestamp=4242 ms, used_size=2349056 bytes (5.7%)
(RDMA_READ_CONSUME_CHECK_CONSUMER) timestamp=4242 ms, used_size=2347008 bytes (5.7%)
(RDMA_READ_CONSUME_CHECK_CONSUMER) timestamp=4242 ms, used_size=2344960 bytes (5.7%)
(RDMA_READ_CONSUME_CHECK_CONSUMER) timestamp=4242 ms, used_size=2342912 bytes (5.7%)
(RDMA_READ_CONSUME_CHECK_CONSUMER) timestamp=4242 ms, used_size=2340864 bytes (5.7%)
(RDMA_READ_CONSUME_CHECK_CONSUMER) timestamp=4242 ms, used_size=2338816 bytes (5.7%)
(RDMA_READ_CONSUME_CHECK_CONSUMER) timestamp=4242 ms, used_size=2336768 bytes (5.7%)
(RDMA_READ_CONSUME_CHECK_CONSUMER) timestamp=4242 ms, used_size=2334720 bytes (5.7%)
(RDMA_READ_CONSUME_CHECK_CONSUMER) timestamp=4242 ms, used_size=2332672 bytes (5.7%)
(RDMA_READ_CONSUME_CHECK_CONSUMER) timestamp=4242 ms, used_size=2330624 bytes (5.7%)
(RDMA_READ_CONSUME_CHECK_CONSUMER) timestamp=4242 ms, used_size=2328576 bytes (5.7%)
(RDMA_READ_CONSUME_CHECK_CONSUMER) timestamp=4243 ms, used_size=2326528 bytes (5.7%)
(RDMA_READ_CONSUME_CHECK_CONSUMER) timestamp=4243 ms, used_size=2324480 bytes (5.7%)
(RDMA_READ_CONSUME_CHECK_CONSUMER) timestamp=4243 ms, used_size=2322432 bytes (5.7%)
(RDMA_READ_CONSUME_CHECK_CONSUMER) timestamp=4243 ms, used_size=2320384 bytes (5.7%)
(RDMA_READ_CONSUME_CHECK_CONSUMER) timestamp=4243 ms, used_size=2318336 bytes (5.7%)
(RDMA_READ_CONSUME_CHECK_CONSUMER) timestamp=4243 ms, used_size=2316288 bytes (5.7%)
(RDMA_READ_CONSUME_CHECK_CONSUMER) timestamp=4243 ms, used_size=2314240 bytes (5.7%)
(RDMA_READ_CONSUME_CHECK_CONSUMER) timestamp=4243 ms, used_size=2312192 bytes (5.6%)
(RDMA_READ_CONSUME_CHECK_CONSUMER) timestamp=4243 ms, used_size=2310144 bytes (5.6%)
(RDMA_READ_CONSUME_CHECK_CONSUMER) timestamp=4243 ms, used_size=2308096 bytes (5.6%)
(RDMA_READ_CONSUME_CHECK_CONSUMER) timestamp=4243 ms, used_size=2306048 bytes (5.6%)
(RDMA_READ_CONSUME_CHECK_CONSUMER) timestamp=4243 ms, used_size=2304000 bytes (5.6%)
(RDMA_READ_CONSUME_CHECK_CONSUMER) timestamp=4243 ms, used_size=2301952 bytes (5.6%)
(RDMA_READ_CONSUME_CHECK_CONSUMER) timestamp=4243 ms, used_size=2299904 bytes (5.6%)
(RDMA_READ_CONSUME_CHECK_CONSUMER) timestamp=4243 ms, used_size=2297856 bytes (5.6%)
(RDMA_READ_CONSUME_CHECK_CONSUMER) timestamp=4243 ms, used_size=2295808 bytes (5.6%)
(RDMA_READ_CONSUME_CHECK_CONSUMER) timestamp=4243 ms, used_size=2293760 bytes (5.6%)
(RDMA_READ_CONSUME_CHECK_CONSUMER) timestamp=4243 ms, used_size=2291712 bytes (5.6%)
(RDMA_READ_CONSUME_CHECK_CONSUMER) timestamp=4243 ms, used_size=2289664 bytes (5.6%)
(RDMA_READ_CONSUME_CHECK_CONSUMER) timestamp=4243 ms, used_size=2287616 bytes (5.6%)
(RDMA_READ_CONSUME_CHECK_CONSUMER) timestamp=4243 ms, used_size=2285568 bytes (5.6%)
(RDMA_READ_CONSUME_CHECK_CONSUMER) timestamp=4243 ms, used_size=2283520 bytes (5.6%)
(RDMA_READ_CONSUME_CHECK_CONSUMER) timestamp=4243 ms, used_size=2281472 bytes (5.6%)
(RDMA_READ_CONSUME_CHECK_CONSUMER) timestamp=4243 ms, used_size=2279424 bytes (5.6%)
(RDMA_READ_CONSUME_CHECK_CONSUMER) timestamp=4243 ms, used_size=2277376 bytes (5.6%)
(RDMA_READ_CONSUME_CHECK_CONSUMER) timestamp=4243 ms, used_size=2275328 bytes (5.6%)
(RDMA_READ_CONSUME_CHECK_CONSUMER) timestamp=4243 ms, used_size=2273280 bytes (5.5%)
(RDMA_READ_CONSUME_CHECK_CONSUMER) timestamp=4243 ms, used_size=2271232 bytes (5.5%)
(RDMA_READ_CONSUME_CHECK_CONSUMER) timestamp=4243 ms, used_size=2269184 bytes (5.5%)
(RDMA_READ_CONSUME_CHECK_CONSUMER) timestamp=4243 ms, used_size=2267136 bytes (5.5%)
(RDMA_READ_CONSUME_CHECK_CONSUMER) timestamp=4243 ms, used_size=2265088 bytes (5.5%)
(RDMA_READ_CONSUME_CHECK_CONSUMER) timestamp=4243 ms, used_size=2263040 bytes (5.5%)
(RDMA_READ_CONSUME_CHECK_CONSUMER) timestamp=4243 ms, used_size=2260992 bytes (5.5%)
(RDMA_READ_CONSUME_CHECK_CONSUMER) timestamp=4243 ms, used_size=2258944 bytes (5.5%)
(RDMA_READ_CONSUME_CHECK_CONSUMER) timestamp=4243 ms, used_size=2256896 bytes (5.5%)
(RDMA_READ_CONSUME_CHECK_CONSUMER) timestamp=4243 ms, used_size=2254848 bytes (5.5%)
(RDMA_READ_CONSUME_CHECK_CONSUMER) timestamp=4243 ms, used_size=2252800 bytes (5.5%)
(RDMA_READ_CONSUME_CHECK_CONSUMER) timestamp=4243 ms, used_size=2250752 bytes (5.5%)
(RDMA_READ_CONSUME_CHECK_CONSUMER) timestamp=4243 ms, used_size=2248704 bytes (5.5%)
(RDMA_READ_CONSUME_CHECK_CONSUMER) timestamp=4243 ms, used_size=2246656 bytes (5.5%)
(RDMA_READ_CONSUME_CHECK_CONSUMER) timestamp=4243 ms, used_size=2244608 bytes (5.5%)
(RDMA_READ_CONSUME_CHECK_CONSUMER) timestamp=4243 ms, used_size=2242560 bytes (5.5%)
(RDMA_READ_CONSUME_CHECK_CONSUMER) timestamp=4243 ms, used_size=2240512 bytes (5.5%)
(RDMA_READ_CONSUME_CHECK_CONSUMER) timestamp=4243 ms, used_size=2238464 bytes (5.5%)
(RDMA_READ_CONSUME_CHECK_CONSUMER) timestamp=4243 ms, used_size=2236416 bytes (5.5%)
(RDMA_READ_CONSUME_CHECK_CONSUMER) timestamp=4243 ms, used_size=2234368 bytes (5.5%)
(RDMA_READ_CONSUME_CHECK_CONSUMER) timestamp=4243 ms, used_size=2232320 bytes (5.5%)
(RDMA_READ_CONSUME_CHECK_CONSUMER) timestamp=4243 ms, used_size=2230272 bytes (5.4%)
(RDMA_READ_CONSUME_CHECK_CONSUMER) timestamp=4243 ms, used_size=2228224 bytes (5.4%)
(RDMA_READ_CONSUME_CHECK_CONSUMER) timestamp=4243 ms, used_size=2226176 bytes (5.4%)
(RDMA_READ_CONSUME_CHECK_CONSUMER) timestamp=4243 ms, used_size=2224128 bytes (5.4%)
(RDMA_READ_CONSUME_CHECK_CONSUMER) timestamp=4243 ms, used_size=2222080 bytes (5.4%)
(RDMA_READ_CONSUME_CHECK_CONSUMER) timestamp=4243 ms, used_size=2220032 bytes (5.4%)
(RDMA_READ_CONSUME_CHECK_CONSUMER) timestamp=4243 ms, used_size=2217984 bytes (5.4%)
(RDMA_READ_CONSUME_CHECK_CONSUMER) timestamp=4243 ms, used_size=2215936 bytes (5.4%)
(RDMA_READ_CONSUME_CHECK_CONSUMER) timestamp=4243 ms, used_size=2213888 bytes (5.4%)
(RDMA_READ_CONSUME_CHECK_CONSUMER) timestamp=4243 ms, used_size=2211840 bytes (5.4%)
(RDMA_READ_CONSUME_CHECK_CONSUMER) timestamp=4243 ms, used_size=2209792 bytes (5.4%)
(RDMA_READ_CONSUME_CHECK_CONSUMER) timestamp=4243 ms, used_size=2207744 bytes (5.4%)
(RDMA_READ_CONSUME_CHECK_CONSUMER) timestamp=4243 ms, used_size=2205696 bytes (5.4%)
(RDMA_READ_CONSUME_CHECK_CONSUMER) timestamp=4243 ms, used_size=2203648 bytes (5.4%)
(RDMA_READ_CONSUME_CHECK_CONSUMER) timestamp=4243 ms, used_size=2201600 bytes (5.4%)
(RDMA_READ_CONSUME_CHECK_CONSUMER) timestamp=4243 ms, used_size=2199552 bytes (5.4%)
(RDMA_READ_CONSUME_CHECK_CONSUMER) timestamp=4243 ms, used_size=2197504 bytes (5.4%)
(RDMA_READ_CONSUME_CHECK_CONSUMER) timestamp=4243 ms, used_size=2195456 bytes (5.4%)
(RDMA_READ_CONSUME_CHECK_CONSUMER) timestamp=4243 ms, used_size=2193408 bytes (5.4%)
(RDMA_READ_CONSUME_CHECK_CONSUMER) timestamp=4243 ms, used_size=2191360 bytes (5.3%)
(RDMA_READ_CONSUME_CHECK_CONSUMER) timestamp=4243 ms, used_size=2189312 bytes (5.3%)
(RDMA_READ_CONSUME_CHECK_CONSUMER) timestamp=4243 ms, used_size=2187264 bytes (5.3%)
(RDMA_READ_CONSUME_CHECK_CONSUMER) timestamp=4243 ms, used_size=2185216 bytes (5.3%)
(RDMA_READ_CONSUME_CHECK_CONSUMER) timestamp=4243 ms, used_size=2183168 bytes (5.3%)
(RDMA_READ_CONSUME_CHECK_CONSUMER) timestamp=4243 ms, used_size=2181120 bytes (5.3%)
(RDMA_READ_CONSUME_CHECK_CONSUMER) timestamp=4243 ms, used_size=2179072 bytes (5.3%)
(RDMA_READ_CONSUME_CHECK_CONSUMER) timestamp=4243 ms, used_size=2177024 bytes (5.3%)
(RDMA_READ_CONSUME_CHECK_CONSUMER) timestamp=4243 ms, used_size=2174976 bytes (5.3%)
(RDMA_READ_CONSUME_CHECK_CONSUMER) timestamp=4243 ms, used_size=2172928 bytes (5.3%)
(RDMA_READ_CONSUME_CHECK_CONSUMER) timestamp=4243 ms, used_size=2170880 bytes (5.3%)
(RDMA_READ_CONSUME_CHECK_CONSUMER) timestamp=4243 ms, used_size=2168832 bytes (5.3%)
(RDMA_READ_CONSUME_CHECK_CONSUMER) timestamp=4243 ms, used_size=2166784 bytes (5.3%)
(RDMA_READ_CONSUME_CHECK_CONSUMER) timestamp=4243 ms, used_size=2164736 bytes (5.3%)
(RDMA_READ_CONSUME_CHECK_CONSUMER) timestamp=4243 ms, used_size=2162688 bytes (5.3%)
(RDMA_READ_CONSUME_CHECK_CONSUMER) timestamp=4243 ms, used_size=2160640 bytes (5.3%)
(RDMA_READ_CONSUME_CHECK_CONSUMER) timestamp=4243 ms, used_size=2158592 bytes (5.3%)
(RDMA_READ_CONSUME_CHECK_CONSUMER) timestamp=4243 ms, used_size=2156544 bytes (5.3%)
(RDMA_READ_CONSUME_CHECK_CONSUMER) timestamp=4243 ms, used_size=2154496 bytes (5.3%)
(RDMA_READ_CONSUME_CHECK_CONSUMER) timestamp=4243 ms, used_size=2152448 bytes (5.3%)
(RDMA_READ_CONSUME_CHECK_CONSUMER) timestamp=4243 ms, used_size=2150400 bytes (5.2%)
(RDMA_READ_CONSUME_CHECK_CONSUMER) timestamp=4243 ms, used_size=2148352 bytes (5.2%)
(RDMA_READ_CONSUME_CHECK_CONSUMER) timestamp=4243 ms, used_size=2146304 bytes (5.2%)
(RDMA_READ_CONSUME_CHECK_CONSUMER) timestamp=4243 ms, used_size=2144256 bytes (5.2%)
(RDMA_READ_CONSUME_CHECK_CONSUMER) timestamp=4243 ms, used_size=2142208 bytes (5.2%)
(RDMA_READ_CONSUME_CHECK_CONSUMER) timestamp=4243 ms, used_size=2140160 bytes (5.2%)
(RDMA_READ_CONSUME_CHECK_CONSUMER) timestamp=4243 ms, used_size=2138112 bytes (5.2%)
(RDMA_READ_CONSUME_CHECK_CONSUMER) timestamp=4243 ms, used_size=2136064 bytes (5.2%)
(RDMA_READ_CONSUME_CHECK_CONSUMER) timestamp=4243 ms, used_size=2134016 bytes (5.2%)
(RDMA_READ_CONSUME_CHECK_CONSUMER) timestamp=4243 ms, used_size=2131968 bytes (5.2%)
(RDMA_READ_CONSUME_CHECK_CONSUMER) timestamp=4243 ms, used_size=2129920 bytes (5.2%)
(RDMA_READ_CONSUME_CHECK_CONSUMER) timestamp=4243 ms, used_size=2127872 bytes (5.2%)
(RDMA_READ_CONSUME_CHECK_CONSUMER) timestamp=4243 ms, used_size=2125824 bytes (5.2%)
(RDMA_READ_CONSUME_CHECK_CONSUMER) timestamp=4243 ms, used_size=2123776 bytes (5.2%)
(RDMA_READ_CONSUME_CHECK_CONSUMER) timestamp=4243 ms, used_size=2121728 bytes (5.2%)
(RDMA_READ_CONSUME_CHECK_CONSUMER) timestamp=4243 ms, used_size=2119680 bytes (5.2%)
(RDMA_READ_CONSUME_CHECK_CONSUMER) timestamp=4243 ms, used_size=2117632 bytes (5.2%)
(RDMA_READ_CONSUME_CHECK_CONSUMER) timestamp=4243 ms, used_size=2115584 bytes (5.2%)
(RDMA_READ_CONSUME_CHECK_CONSUMER) timestamp=4243 ms, used_size=2113536 bytes (5.2%)
(RDMA_READ_CONSUME_CHECK_CONSUMER) timestamp=4243 ms, used_size=2111488 bytes (5.2%)
(RDMA_READ_CONSUME_CHECK_CONSUMER) timestamp=4243 ms, used_size=2109440 bytes (5.2%)
(RDMA_READ_CONSUME_CHECK_CONSUMER) timestamp=4243 ms, used_size=2107392 bytes (5.1%)
(RDMA_READ_CONSUME_CHECK_CONSUMER) timestamp=4243 ms, used_size=2105344 bytes (5.1%)
(RDMA_READ_CONSUME_CHECK_CONSUMER) timestamp=4243 ms, used_size=2103296 bytes (5.1%)
(RDMA_READ_CONSUME_CHECK_CONSUMER) timestamp=4243 ms, used_size=2101248 bytes (5.1%)
(RDMA_READ_CONSUME_CHECK_CONSUMER) timestamp=4243 ms, used_size=2099200 bytes (5.1%)
(RDMA_READ_CONSUME_CHECK_CONSUMER) timestamp=4243 ms, used_size=2097152 bytes (5.1%)
(RDMA_READ_CONSUME_CHECK_CONSUMER) timestamp=4243 ms, used_size=2095104 bytes (5.1%)
(RDMA_READ_CONSUME_CHECK_CONSUMER) timestamp=4243 ms, used_size=2093056 bytes (5.1%)
(RDMA_READ_CONSUME_CHECK_CONSUMER) timestamp=4243 ms, used_size=2091008 bytes (5.1%)
(RDMA_READ_CONSUME_CHECK_CONSUMER) timestamp=4243 ms, used_size=2088960 bytes (5.1%)
(RDMA_READ_CONSUME_CHECK_CONSUMER) timestamp=4243 ms, used_size=2086912 bytes (5.1%)
(RDMA_READ_CONSUME_CHECK_CONSUMER) timestamp=4243 ms, used_size=2084864 bytes (5.1%)
(RDMA_READ_CONSUME_CHECK_CONSUMER) timestamp=4243 ms, used_size=2082816 bytes (5.1%)
(RDMA_READ_CONSUME_CHECK_CONSUMER) timestamp=4243 ms, used_size=2080768 bytes (5.1%)
(RDMA_READ_CONSUME_CHECK_CONSUMER) timestamp=4243 ms, used_size=2078720 bytes (5.1%)
(RDMA_READ_CONSUME_CHECK_CONSUMER) timestamp=4243 ms, used_size=2076672 bytes (5.1%)
(RDMA_READ_CONSUME_CHECK_CONSUMER) timestamp=4243 ms, used_size=2074624 bytes (5.1%)
(RDMA_READ_CONSUME_CHECK_CONSUMER) timestamp=4243 ms, used_size=2072576 bytes (5.1%)
(RDMA_READ_CONSUME_CHECK_CONSUMER) timestamp=4243 ms, used_size=2070528 bytes (5.1%)
(RDMA_READ_CONSUME_CHECK_CONSUMER) timestamp=4243 ms, used_size=2068480 bytes (5.0%)
(RDMA_READ_CONSUME_CHECK_CONSUMER) timestamp=4243 ms, used_size=2066432 bytes (5.0%)
(RDMA_READ_CONSUME_CHECK_CONSUMER) timestamp=4243 ms, used_size=2064384 bytes (5.0%)
(RDMA_READ_CONSUME_CHECK_CONSUMER) timestamp=4243 ms, used_size=2062336 bytes (5.0%)
(RDMA_READ_CONSUME_CHECK_CONSUMER) timestamp=4243 ms, used_size=2060288 bytes (5.0%)
(RDMA_READ_CONSUME_CHECK_CONSUMER) timestamp=4243 ms, used_size=2058240 bytes (5.0%)
(RDMA_READ_CONSUME_CHECK_CONSUMER) timestamp=4243 ms, used_size=2056192 bytes (5.0%)
(RDMA_READ_CONSUME_CHECK_CONSUMER) timestamp=4243 ms, used_size=2054144 bytes (5.0%)
(RDMA_READ_CONSUME_CHECK_CONSUMER) timestamp=4243 ms, used_size=2052096 bytes (5.0%)
(RDMA_READ_CONSUME_CHECK_CONSUMER) timestamp=4243 ms, used_size=2050048 bytes (5.0%)
(RDMA_READ_CONSUME_CHECK_CONSUMER) timestamp=4243 ms, used_size=2048000 bytes (5.0%)
(RDMA_READ_CONSUME_CHECK_CONSUMER) timestamp=4243 ms, used_size=2045952 bytes (5.0%)
(RDMA_READ_CONSUME_CHECK_CONSUMER) timestamp=4243 ms, used_size=2043904 bytes (5.0%)
(RDMA_READ_CONSUME_CHECK_CONSUMER) timestamp=4243 ms, used_size=2041856 bytes (5.0%)
(RDMA_READ_CONSUME_CHECK_CONSUMER) timestamp=4243 ms, used_size=2039808 bytes (5.0%)
(RDMA_READ_CONSUME_CHECK_CONSUMER) timestamp=4243 ms, used_size=2037760 bytes (5.0%)
(RDMA_READ_CONSUME_CHECK_CONSUMER) timestamp=4243 ms, used_size=2035712 bytes (5.0%)
(RDMA_READ_CONSUME_CHECK_CONSUMER) timestamp=4243 ms, used_size=2033664 bytes (5.0%)
(RDMA_READ_CONSUME_CHECK_CONSUMER) timestamp=4243 ms, used_size=2031616 bytes (5.0%)
(RDMA_READ_CONSUME_CHECK_CONSUMER) timestamp=4243 ms, used_size=2029568 bytes (5.0%)
(RDMA_READ_CONSUME_CHECK_CONSUMER) timestamp=4243 ms, used_size=2027520 bytes (5.0%)
(RDMA_READ_CONSUME_CHECK_CONSUMER) timestamp=4243 ms, used_size=2025472 bytes (4.9%)
(RDMA_READ_CONSUME_CHECK_CONSUMER) timestamp=4243 ms, used_size=2023424 bytes (4.9%)
(RDMA_READ_CONSUME_CHECK_CONSUMER) timestamp=4243 ms, used_size=2021376 bytes (4.9%)
(RDMA_READ_CONSUME_CHECK_CONSUMER) timestamp=4243 ms, used_size=2019328 bytes (4.9%)
(RDMA_READ_CONSUME_CHECK_CONSUMER) timestamp=4243 ms, used_size=2017280 bytes (4.9%)
(RDMA_READ_CONSUME_CHECK_CONSUMER) timestamp=4243 ms, used_size=2015232 bytes (4.9%)
(RDMA_READ_CONSUME_CHECK_CONSUMER) timestamp=4243 ms, used_size=2013184 bytes (4.9%)
(RDMA_READ_CONSUME_CHECK_CONSUMER) timestamp=4243 ms, used_size=2011136 bytes (4.9%)
(RDMA_READ_CONSUME_CHECK_CONSUMER) timestamp=4243 ms, used_size=2009088 bytes (4.9%)
(RDMA_READ_CONSUME_CHECK_CONSUMER) timestamp=4243 ms, used_size=2007040 bytes (4.9%)
(RDMA_READ_CONSUME_CHECK_CONSUMER) timestamp=4243 ms, used_size=2004992 bytes (4.9%)
(RDMA_READ_CONSUME_CHECK_CONSUMER) timestamp=4243 ms, used_size=2002944 bytes (4.9%)
(RDMA_READ_CONSUME_CHECK_CONSUMER) timestamp=4243 ms, used_size=2000896 bytes (4.9%)
(RDMA_READ_CONSUME_CHECK_CONSUMER) timestamp=4243 ms, used_size=1998848 bytes (4.9%)
(RDMA_READ_CONSUME_CHECK_CONSUMER) timestamp=4243 ms, used_size=1996800 bytes (4.9%)
(RDMA_READ_CONSUME_CHECK_CONSUMER) timestamp=4243 ms, used_size=1994752 bytes (4.9%)
(RDMA_READ_CONSUME_CHECK_CONSUMER) timestamp=4243 ms, used_size=1992704 bytes (4.9%)
(RDMA_READ_CONSUME_CHECK_CONSUMER) timestamp=4243 ms, used_size=1990656 bytes (4.9%)
(RDMA_READ_CONSUME_CHECK_CONSUMER) timestamp=4243 ms, used_size=1988608 bytes (4.9%)
(RDMA_READ_CONSUME_CHECK_CONSUMER) timestamp=4243 ms, used_size=1986560 bytes (4.8%)
(RDMA_READ_CONSUME_CHECK_CONSUMER) timestamp=4243 ms, used_size=1984512 bytes (4.8%)
(RDMA_READ_CONSUME_CHECK_CONSUMER) timestamp=4243 ms, used_size=1982464 bytes (4.8%)
(RDMA_READ_CONSUME_CHECK_CONSUMER) timestamp=4243 ms, used_size=1980416 bytes (4.8%)
(RDMA_READ_CONSUME_CHECK_CONSUMER) timestamp=4243 ms, used_size=1978368 bytes (4.8%)
(RDMA_READ_CONSUME_CHECK_CONSUMER) timestamp=4243 ms, used_size=1976320 bytes (4.8%)
(RDMA_READ_CONSUME_CHECK_CONSUMER) timestamp=4243 ms, used_size=1974272 bytes (4.8%)
(RDMA_READ_CONSUME_CHECK_CONSUMER) timestamp=4243 ms, used_size=1972224 bytes (4.8%)
(RDMA_READ_CONSUME_CHECK_CONSUMER) timestamp=4243 ms, used_size=1970176 bytes (4.8%)
(RDMA_READ_CONSUME_CHECK_CONSUMER) timestamp=4243 ms, used_size=1968128 bytes (4.8%)
(RDMA_READ_CONSUME_CHECK_CONSUMER) timestamp=4243 ms, used_size=1966080 bytes (4.8%)
(RDMA_READ_CONSUME_CHECK_CONSUMER) timestamp=4243 ms, used_size=1964032 bytes (4.8%)
(RDMA_READ_CONSUME_CHECK_CONSUMER) timestamp=4243 ms, used_size=1961984 bytes (4.8%)
(RDMA_READ_CONSUME_CHECK_CONSUMER) timestamp=4243 ms, used_size=1959936 bytes (4.8%)
(RDMA_READ_CONSUME_CHECK_CONSUMER) timestamp=4243 ms, used_size=1957888 bytes (4.8%)
(RDMA_READ_CONSUME_CHECK_CONSUMER) timestamp=4243 ms, used_size=1955840 bytes (4.8%)
(RDMA_READ_CONSUME_CHECK_CONSUMER) timestamp=4243 ms, used_size=1953792 bytes (4.8%)
(RDMA_READ_CONSUME_CHECK_CONSUMER) timestamp=4244 ms, used_size=1951744 bytes (4.8%)
(RDMA_READ_CONSUME_CHECK_CONSUMER) timestamp=4244 ms, used_size=1949696 bytes (4.8%)
(RDMA_READ_CONSUME_CHECK_CONSUMER) timestamp=4244 ms, used_size=1947648 bytes (4.8%)
(RDMA_READ_CONSUME_CHECK_CONSUMER) timestamp=4244 ms, used_size=1945600 bytes (4.8%)
(RDMA_READ_CONSUME_CHECK_CONSUMER) timestamp=4244 ms, used_size=1943552 bytes (4.7%)
(RDMA_READ_CONSUME_CHECK_CONSUMER) timestamp=4244 ms, used_size=1941504 bytes (4.7%)
(RDMA_READ_CONSUME_CHECK_CONSUMER) timestamp=4244 ms, used_size=1939456 bytes (4.7%)
(RDMA_READ_CONSUME_CHECK_CONSUMER) timestamp=4244 ms, used_size=1937408 bytes (4.7%)
(RDMA_READ_CONSUME_CHECK_CONSUMER) timestamp=4244 ms, used_size=1935360 bytes (4.7%)
(RDMA_READ_CONSUME_CHECK_CONSUMER) timestamp=4244 ms, used_size=1933312 bytes (4.7%)
(RDMA_READ_CONSUME_CHECK_CONSUMER) timestamp=4244 ms, used_size=1931264 bytes (4.7%)
(RDMA_READ_CONSUME_CHECK_CONSUMER) timestamp=4244 ms, used_size=1929216 bytes (4.7%)
(RDMA_READ_CONSUME_CHECK_CONSUMER) timestamp=4244 ms, used_size=1927168 bytes (4.7%)
(RDMA_READ_CONSUME_CHECK_CONSUMER) timestamp=4244 ms, used_size=1925120 bytes (4.7%)
(RDMA_READ_CONSUME_CHECK_CONSUMER) timestamp=4244 ms, used_size=1923072 bytes (4.7%)
(RDMA_READ_CONSUME_CHECK_CONSUMER) timestamp=4244 ms, used_size=1921024 bytes (4.7%)
(RDMA_READ_CONSUME_CHECK_CONSUMER) timestamp=4244 ms, used_size=1918976 bytes (4.7%)
(RDMA_READ_CONSUME_CHECK_CONSUMER) timestamp=4244 ms, used_size=1916928 bytes (4.7%)
(RDMA_READ_CONSUME_CHECK_CONSUMER) timestamp=4244 ms, used_size=1914880 bytes (4.7%)
(RDMA_READ_CONSUME_CHECK_CONSUMER) timestamp=4244 ms, used_size=1912832 bytes (4.7%)
(RDMA_READ_CONSUME_CHECK_CONSUMER) timestamp=4244 ms, used_size=1910784 bytes (4.7%)
(RDMA_READ_CONSUME_CHECK_CONSUMER) timestamp=4244 ms, used_size=1908736 bytes (4.7%)
(RDMA_READ_CONSUME_CHECK_CONSUMER) timestamp=4244 ms, used_size=1906688 bytes (4.7%)
(RDMA_READ_CONSUME_CHECK_CONSUMER) timestamp=4244 ms, used_size=1904640 bytes (4.7%)
(RDMA_READ_CONSUME_CHECK_CONSUMER) timestamp=4244 ms, used_size=1902592 bytes (4.6%)
(RDMA_READ_CONSUME_CHECK_CONSUMER) timestamp=4244 ms, used_size=1900544 bytes (4.6%)
(RDMA_READ_CONSUME_CHECK_CONSUMER) timestamp=4244 ms, used_size=1898496 bytes (4.6%)
(RDMA_READ_CONSUME_CHECK_CONSUMER) timestamp=4244 ms, used_size=1896448 bytes (4.6%)
(RDMA_READ_CONSUME_CHECK_CONSUMER) timestamp=4244 ms, used_size=1894400 bytes (4.6%)
(RDMA_READ_CONSUME_CHECK_CONSUMER) timestamp=4244 ms, used_size=1892352 bytes (4.6%)
(RDMA_READ_CONSUME_CHECK_CONSUMER) timestamp=4244 ms, used_size=1890304 bytes (4.6%)
(RDMA_READ_CONSUME_CHECK_CONSUMER) timestamp=4244 ms, used_size=1888256 bytes (4.6%)
(RDMA_READ_CONSUME_CHECK_CONSUMER) timestamp=4244 ms, used_size=1886208 bytes (4.6%)
(RDMA_READ_CONSUME_CHECK_CONSUMER) timestamp=4244 ms, used_size=1884160 bytes (4.6%)
(RDMA_READ_CONSUME_CHECK_CONSUMER) timestamp=4244 ms, used_size=1882112 bytes (4.6%)
(RDMA_READ_CONSUME_CHECK_CONSUMER) timestamp=4244 ms, used_size=1880064 bytes (4.6%)
(RDMA_READ_CONSUME_CHECK_CONSUMER) timestamp=4244 ms, used_size=1878016 bytes (4.6%)
(RDMA_READ_CONSUME_CHECK_CONSUMER) timestamp=4244 ms, used_size=1875968 bytes (4.6%)
(RDMA_READ_CONSUME_CHECK_CONSUMER) timestamp=4244 ms, used_size=1873920 bytes (4.6%)
(RDMA_READ_CONSUME_CHECK_CONSUMER) timestamp=4244 ms, used_size=1871872 bytes (4.6%)
(RDMA_READ_CONSUME_CHECK_CONSUMER) timestamp=4244 ms, used_size=1869824 bytes (4.6%)
(RDMA_READ_CONSUME_CHECK_CONSUMER) timestamp=4244 ms, used_size=1867776 bytes (4.6%)
(RDMA_READ_CONSUME_CHECK_CONSUMER) timestamp=4244 ms, used_size=1865728 bytes (4.6%)
(RDMA_READ_CONSUME_CHECK_CONSUMER) timestamp=4244 ms, used_size=1863680 bytes (4.5%)
(RDMA_READ_CONSUME_CHECK_CONSUMER) timestamp=4244 ms, used_size=1861632 bytes (4.5%)
(RDMA_READ_CONSUME_CHECK_CONSUMER) timestamp=4244 ms, used_size=1859584 bytes (4.5%)
(RDMA_READ_CONSUME_CHECK_CONSUMER) timestamp=4244 ms, used_size=1857536 bytes (4.5%)
(RDMA_READ_CONSUME_CHECK_CONSUMER) timestamp=4244 ms, used_size=1855488 bytes (4.5%)
(RDMA_READ_CONSUME_CHECK_CONSUMER) timestamp=4244 ms, used_size=1853440 bytes (4.5%)
(RDMA_READ_CONSUME_CHECK_CONSUMER) timestamp=4244 ms, used_size=1851392 bytes (4.5%)
(RDMA_READ_CONSUME_CHECK_CONSUMER) timestamp=4244 ms, used_size=1849344 bytes (4.5%)
(RDMA_READ_CONSUME_CHECK_CONSUMER) timestamp=4244 ms, used_size=1847296 bytes (4.5%)
(RDMA_READ_CONSUME_CHECK_CONSUMER) timestamp=4244 ms, used_size=1845248 bytes (4.5%)
(RDMA_READ_CONSUME_CHECK_CONSUMER) timestamp=4244 ms, used_size=1843200 bytes (4.5%)
(RDMA_READ_CONSUME_CHECK_CONSUMER) timestamp=4244 ms, used_size=1841152 bytes (4.5%)
(RDMA_READ_CONSUME_CHECK_CONSUMER) timestamp=4244 ms, used_size=1839104 bytes (4.5%)
(RDMA_READ_CONSUME_CHECK_CONSUMER) timestamp=4244 ms, used_size=1837056 bytes (4.5%)
(RDMA_READ_CONSUME_CHECK_CONSUMER) timestamp=4244 ms, used_size=1835008 bytes (4.5%)
(RDMA_READ_CONSUME_CHECK_CONSUMER) timestamp=4244 ms, used_size=1832960 bytes (4.5%)
(RDMA_READ_CONSUME_CHECK_CONSUMER) timestamp=4244 ms, used_size=1830912 bytes (4.5%)
(RDMA_READ_CONSUME_CHECK_CONSUMER) timestamp=4244 ms, used_size=1828864 bytes (4.5%)
(RDMA_READ_CONSUME_CHECK_CONSUMER) timestamp=4244 ms, used_size=1826816 bytes (4.5%)
(RDMA_READ_CONSUME_CHECK_CONSUMER) timestamp=4244 ms, used_size=1824768 bytes (4.5%)
(RDMA_READ_CONSUME_CHECK_CONSUMER) timestamp=4244 ms, used_size=1822720 bytes (4.5%)
(RDMA_READ_CONSUME_CHECK_CONSUMER) timestamp=4244 ms, used_size=1820672 bytes (4.4%)
(RDMA_READ_CONSUME_CHECK_CONSUMER) timestamp=4244 ms, used_size=1818624 bytes (4.4%)
(RDMA_READ_CONSUME_CHECK_CONSUMER) timestamp=4244 ms, used_size=1816576 bytes (4.4%)
(RDMA_READ_CONSUME_CHECK_CONSUMER) timestamp=4244 ms, used_size=1814528 bytes (4.4%)
(RDMA_READ_CONSUME_CHECK_CONSUMER) timestamp=4244 ms, used_size=1812480 bytes (4.4%)
(RDMA_READ_CONSUME_CHECK_CONSUMER) timestamp=4244 ms, used_size=1810432 bytes (4.4%)
(RDMA_READ_CONSUME_CHECK_CONSUMER) timestamp=4244 ms, used_size=1808384 bytes (4.4%)
(RDMA_READ_CONSUME_CHECK_CONSUMER) timestamp=4244 ms, used_size=1806336 bytes (4.4%)
(RDMA_READ_CONSUME_CHECK_CONSUMER) timestamp=4244 ms, used_size=1804288 bytes (4.4%)
(RDMA_READ_CONSUME_CHECK_CONSUMER) timestamp=4244 ms, used_size=1802240 bytes (4.4%)
(RDMA_READ_CONSUME_CHECK_CONSUMER) timestamp=4244 ms, used_size=1800192 bytes (4.4%)
(RDMA_READ_CONSUME_CHECK_CONSUMER) timestamp=4244 ms, used_size=1798144 bytes (4.4%)
(RDMA_READ_CONSUME_CHECK_CONSUMER) timestamp=4244 ms, used_size=1796096 bytes (4.4%)
(RDMA_READ_CONSUME_CHECK_CONSUMER) timestamp=4244 ms, used_size=1794048 bytes (4.4%)
(RDMA_READ_CONSUME_CHECK_CONSUMER) timestamp=4244 ms, used_size=1792000 bytes (4.4%)
(RDMA_READ_CONSUME_CHECK_CONSUMER) timestamp=4244 ms, used_size=1789952 bytes (4.4%)
(RDMA_READ_CONSUME_CHECK_CONSUMER) timestamp=4244 ms, used_size=1787904 bytes (4.4%)
(RDMA_READ_CONSUME_CHECK_CONSUMER) timestamp=4244 ms, used_size=1785856 bytes (4.4%)
(RDMA_READ_CONSUME_CHECK_CONSUMER) timestamp=4244 ms, used_size=1783808 bytes (4.4%)
(RDMA_READ_CONSUME_CHECK_CONSUMER) timestamp=4244 ms, used_size=1781760 bytes (4.3%)
(RDMA_READ_CONSUME_CHECK_CONSUMER) timestamp=4244 ms, used_size=1779712 bytes (4.3%)
(RDMA_READ_CONSUME_CHECK_CONSUMER) timestamp=4244 ms, used_size=1777664 bytes (4.3%)
(RDMA_READ_CONSUME_CHECK_CONSUMER) timestamp=4244 ms, used_size=1775616 bytes (4.3%)
(RDMA_READ_CONSUME_CHECK_CONSUMER) timestamp=4244 ms, used_size=1773568 bytes (4.3%)
(RDMA_READ_CONSUME_CHECK_CONSUMER) timestamp=4244 ms, used_size=1771520 bytes (4.3%)
(RDMA_READ_CONSUME_CHECK_CONSUMER) timestamp=4244 ms, used_size=1769472 bytes (4.3%)
(RDMA_READ_CONSUME_CHECK_CONSUMER) timestamp=4244 ms, used_size=1767424 bytes (4.3%)
(RDMA_READ_CONSUME_CHECK_CONSUMER) timestamp=4244 ms, used_size=1765376 bytes (4.3%)
(RDMA_READ_CONSUME_CHECK_CONSUMER) timestamp=4244 ms, used_size=1763328 bytes (4.3%)
(RDMA_READ_CONSUME_CHECK_CONSUMER) timestamp=4244 ms, used_size=1761280 bytes (4.3%)
(RDMA_READ_CONSUME_CHECK_CONSUMER) timestamp=4244 ms, used_size=1759232 bytes (4.3%)
(RDMA_READ_CONSUME_CHECK_CONSUMER) timestamp=4244 ms, used_size=1757184 bytes (4.3%)
(RDMA_READ_CONSUME_CHECK_CONSUMER) timestamp=4244 ms, used_size=1755136 bytes (4.3%)
(RDMA_READ_CONSUME_CHECK_CONSUMER) timestamp=4244 ms, used_size=1753088 bytes (4.3%)
(RDMA_READ_CONSUME_CHECK_CONSUMER) timestamp=4244 ms, used_size=1751040 bytes (4.3%)
(RDMA_READ_CONSUME_CHECK_CONSUMER) timestamp=4244 ms, used_size=1748992 bytes (4.3%)
(RDMA_READ_CONSUME_CHECK_CONSUMER) timestamp=4244 ms, used_size=1746944 bytes (4.3%)
(RDMA_READ_CONSUME_CHECK_CONSUMER) timestamp=4244 ms, used_size=1744896 bytes (4.3%)
(RDMA_READ_CONSUME_CHECK_CONSUMER) timestamp=4244 ms, used_size=1742848 bytes (4.3%)
(RDMA_READ_CONSUME_CHECK_CONSUMER) timestamp=4244 ms, used_size=1740800 bytes (4.2%)
(RDMA_READ_CONSUME_CHECK_CONSUMER) timestamp=4244 ms, used_size=1738752 bytes (4.2%)
(RDMA_READ_CONSUME_CHECK_CONSUMER) timestamp=4244 ms, used_size=1736704 bytes (4.2%)
(RDMA_READ_CONSUME_CHECK_CONSUMER) timestamp=4244 ms, used_size=1734656 bytes (4.2%)
(RDMA_READ_CONSUME_CHECK_CONSUMER) timestamp=4244 ms, used_size=1732608 bytes (4.2%)
(RDMA_READ_CONSUME_CHECK_CONSUMER) timestamp=4244 ms, used_size=1730560 bytes (4.2%)
(RDMA_READ_CONSUME_CHECK_CONSUMER) timestamp=4244 ms, used_size=1728512 bytes (4.2%)
(RDMA_READ_CONSUME_CHECK_CONSUMER) timestamp=4244 ms, used_size=1726464 bytes (4.2%)
(RDMA_READ_CONSUME_CHECK_CONSUMER) timestamp=4244 ms, used_size=1724416 bytes (4.2%)
(RDMA_READ_CONSUME_CHECK_CONSUMER) timestamp=4244 ms, used_size=1722368 bytes (4.2%)
(RDMA_READ_CONSUME_CHECK_CONSUMER) timestamp=4244 ms, used_size=1720320 bytes (4.2%)
(RDMA_READ_CONSUME_CHECK_CONSUMER) timestamp=4244 ms, used_size=1718272 bytes (4.2%)
(RDMA_READ_CONSUME_CHECK_CONSUMER) timestamp=4244 ms, used_size=1716224 bytes (4.2%)
(RDMA_READ_CONSUME_CHECK_CONSUMER) timestamp=4244 ms, used_size=1714176 bytes (4.2%)
(RDMA_READ_CONSUME_CHECK_CONSUMER) timestamp=4244 ms, used_size=1712128 bytes (4.2%)
(RDMA_READ_CONSUME_CHECK_CONSUMER) timestamp=4244 ms, used_size=1710080 bytes (4.2%)
(RDMA_READ_CONSUME_CHECK_CONSUMER) timestamp=4244 ms, used_size=1708032 bytes (4.2%)
(RDMA_READ_CONSUME_CHECK_CONSUMER) timestamp=4244 ms, used_size=1705984 bytes (4.2%)
(RDMA_READ_CONSUME_CHECK_CONSUMER) timestamp=4244 ms, used_size=1703936 bytes (4.2%)
(RDMA_READ_CONSUME_CHECK_CONSUMER) timestamp=4244 ms, used_size=1701888 bytes (4.2%)
(RDMA_READ_CONSUME_CHECK_CONSUMER) timestamp=4244 ms, used_size=1699840 bytes (4.2%)
(RDMA_READ_CONSUME_CHECK_CONSUMER) timestamp=4244 ms, used_size=1697792 bytes (4.1%)
(RDMA_READ_CONSUME_CHECK_CONSUMER) timestamp=4244 ms, used_size=1695744 bytes (4.1%)
(RDMA_READ_CONSUME_CHECK_CONSUMER) timestamp=4244 ms, used_size=1693696 bytes (4.1%)
(RDMA_READ_CONSUME_CHECK_CONSUMER) timestamp=4244 ms, used_size=1691648 bytes (4.1%)
(RDMA_READ_CONSUME_CHECK_CONSUMER) timestamp=4244 ms, used_size=1689600 bytes (4.1%)
(RDMA_READ_CONSUME_CHECK_CONSUMER) timestamp=4244 ms, used_size=1687552 bytes (4.1%)
(RDMA_READ_CONSUME_CHECK_CONSUMER) timestamp=4244 ms, used_size=1685504 bytes (4.1%)
(RDMA_READ_CONSUME_CHECK_CONSUMER) timestamp=4244 ms, used_size=1683456 bytes (4.1%)
(RDMA_READ_CONSUME_CHECK_CONSUMER) timestamp=4244 ms, used_size=1681408 bytes (4.1%)
(RDMA_READ_CONSUME_CHECK_CONSUMER) timestamp=4244 ms, used_size=1679360 bytes (4.1%)
(RDMA_READ_CONSUME_CHECK_CONSUMER) timestamp=4244 ms, used_size=1677312 bytes (4.1%)
(RDMA_READ_CONSUME_CHECK_CONSUMER) timestamp=4244 ms, used_size=1675264 bytes (4.1%)
(RDMA_READ_CONSUME_CHECK_CONSUMER) timestamp=4244 ms, used_size=1673216 bytes (4.1%)
(RDMA_READ_CONSUME_CHECK_CONSUMER) timestamp=4244 ms, used_size=1671168 bytes (4.1%)
(RDMA_READ_CONSUME_CHECK_CONSUMER) timestamp=4244 ms, used_size=1669120 bytes (4.1%)
(RDMA_READ_CONSUME_CHECK_CONSUMER) timestamp=4244 ms, used_size=1667072 bytes (4.1%)
(RDMA_READ_CONSUME_CHECK_CONSUMER) timestamp=4244 ms, used_size=1665024 bytes (4.1%)
(RDMA_READ_CONSUME_CHECK_CONSUMER) timestamp=4244 ms, used_size=1662976 bytes (4.1%)
(RDMA_READ_CONSUME_CHECK_CONSUMER) timestamp=4244 ms, used_size=1660928 bytes (4.1%)
(RDMA_READ_CONSUME_CHECK_CONSUMER) timestamp=4244 ms, used_size=1658880 bytes (4.0%)
(RDMA_READ_CONSUME_CHECK_CONSUMER) timestamp=4244 ms, used_size=1656832 bytes (4.0%)
(RDMA_READ_CONSUME_CHECK_CONSUMER) timestamp=4244 ms, used_size=1654784 bytes (4.0%)
(RDMA_READ_CONSUME_CHECK_CONSUMER) timestamp=4244 ms, used_size=1652736 bytes (4.0%)
(RDMA_READ_CONSUME_CHECK_CONSUMER) timestamp=4244 ms, used_size=1650688 bytes (4.0%)
(RDMA_READ_CONSUME_CHECK_CONSUMER) timestamp=4244 ms, used_size=1648640 bytes (4.0%)
(RDMA_READ_CONSUME_CHECK_CONSUMER) timestamp=4244 ms, used_size=1646592 bytes (4.0%)
(RDMA_READ_CONSUME_CHECK_CONSUMER) timestamp=4244 ms, used_size=1644544 bytes (4.0%)
(RDMA_READ_CONSUME_CHECK_CONSUMER) timestamp=4244 ms, used_size=1642496 bytes (4.0%)
(RDMA_READ_CONSUME_CHECK_CONSUMER) timestamp=4244 ms, used_size=1640448 bytes (4.0%)
(RDMA_READ_CONSUME_CHECK_CONSUMER) timestamp=4244 ms, used_size=1638400 bytes (4.0%)
(RDMA_READ_CONSUME_CHECK_CONSUMER) timestamp=4244 ms, used_size=1636352 bytes (4.0%)
(RDMA_READ_CONSUME_CHECK_CONSUMER) timestamp=4244 ms, used_size=1634304 bytes (4.0%)
(RDMA_READ_CONSUME_CHECK_CONSUMER) timestamp=4244 ms, used_size=1632256 bytes (4.0%)
(RDMA_READ_CONSUME_CHECK_CONSUMER) timestamp=4244 ms, used_size=1630208 bytes (4.0%)
(RDMA_READ_CONSUME_CHECK_CONSUMER) timestamp=4244 ms, used_size=1628160 bytes (4.0%)
(RDMA_READ_CONSUME_CHECK_CONSUMER) timestamp=4244 ms, used_size=1626112 bytes (4.0%)
(RDMA_READ_CONSUME_CHECK_CONSUMER) timestamp=4244 ms, used_size=1624064 bytes (4.0%)
(RDMA_READ_CONSUME_CHECK_CONSUMER) timestamp=4244 ms, used_size=1622016 bytes (4.0%)
(RDMA_READ_CONSUME_CHECK_CONSUMER) timestamp=4244 ms, used_size=1619968 bytes (4.0%)
(RDMA_READ_CONSUME_CHECK_CONSUMER) timestamp=4244 ms, used_size=1617920 bytes (4.0%)
(RDMA_READ_CONSUME_CHECK_CONSUMER) timestamp=4244 ms, used_size=1615872 bytes (3.9%)
(RDMA_READ_CONSUME_CHECK_CONSUMER) timestamp=4244 ms, used_size=1613824 bytes (3.9%)
(RDMA_READ_CONSUME_CHECK_CONSUMER) timestamp=4244 ms, used_size=1611776 bytes (3.9%)
(RDMA_READ_CONSUME_CHECK_CONSUMER) timestamp=4244 ms, used_size=1609728 bytes (3.9%)
(RDMA_READ_CONSUME_CHECK_CONSUMER) timestamp=4244 ms, used_size=1607680 bytes (3.9%)
(RDMA_READ_CONSUME_CHECK_CONSUMER) timestamp=4244 ms, used_size=1605632 bytes (3.9%)
(RDMA_READ_CONSUME_CHECK_CONSUMER) timestamp=4244 ms, used_size=1603584 bytes (3.9%)
(RDMA_READ_CONSUME_CHECK_CONSUMER) timestamp=4244 ms, used_size=1601536 bytes (3.9%)
(RDMA_READ_CONSUME_CHECK_CONSUMER) timestamp=4244 ms, used_size=1599488 bytes (3.9%)
(RDMA_READ_CONSUME_CHECK_CONSUMER) timestamp=4244 ms, used_size=1597440 bytes (3.9%)
(RDMA_READ_CONSUME_CHECK_CONSUMER) timestamp=4244 ms, used_size=1595392 bytes (3.9%)
(RDMA_READ_CONSUME_CHECK_CONSUMER) timestamp=4244 ms, used_size=1593344 bytes (3.9%)
(RDMA_READ_CONSUME_CHECK_CONSUMER) timestamp=4244 ms, used_size=1591296 bytes (3.9%)
(RDMA_READ_CONSUME_CHECK_CONSUMER) timestamp=4244 ms, used_size=1589248 bytes (3.9%)
(RDMA_READ_CONSUME_CHECK_CONSUMER) timestamp=4244 ms, used_size=1587200 bytes (3.9%)
(RDMA_READ_CONSUME_CHECK_CONSUMER) timestamp=4244 ms, used_size=1585152 bytes (3.9%)
(RDMA_READ_CONSUME_CHECK_CONSUMER) timestamp=4244 ms, used_size=1583104 bytes (3.9%)
(RDMA_READ_CONSUME_CHECK_CONSUMER) timestamp=4244 ms, used_size=1581056 bytes (3.9%)
(RDMA_READ_CONSUME_CHECK_CONSUMER) timestamp=4244 ms, used_size=1579008 bytes (3.9%)
(RDMA_READ_CONSUME_CHECK_CONSUMER) timestamp=4244 ms, used_size=1576960 bytes (3.9%)
(RDMA_READ_CONSUME_CHECK_CONSUMER) timestamp=4245 ms, used_size=1574912 bytes (3.8%)
(RDMA_READ_CONSUME_CHECK_CONSUMER) timestamp=4245 ms, used_size=1572864 bytes (3.8%)
(RDMA_READ_CONSUME_CHECK_CONSUMER) timestamp=4245 ms, used_size=1570816 bytes (3.8%)
(RDMA_READ_CONSUME_CHECK_CONSUMER) timestamp=4245 ms, used_size=1568768 bytes (3.8%)
(RDMA_READ_CONSUME_CHECK_CONSUMER) timestamp=4245 ms, used_size=1566720 bytes (3.8%)
(RDMA_READ_CONSUME_CHECK_CONSUMER) timestamp=4245 ms, used_size=1564672 bytes (3.8%)
(RDMA_READ_CONSUME_CHECK_CONSUMER) timestamp=4245 ms, used_size=1562624 bytes (3.8%)
(RDMA_READ_CONSUME_CHECK_CONSUMER) timestamp=4245 ms, used_size=1560576 bytes (3.8%)
(RDMA_READ_CONSUME_CHECK_CONSUMER) timestamp=4245 ms, used_size=1558528 bytes (3.8%)
(RDMA_READ_CONSUME_CHECK_CONSUMER) timestamp=4245 ms, used_size=1556480 bytes (3.8%)
(RDMA_READ_CONSUME_CHECK_CONSUMER) timestamp=4245 ms, used_size=1554432 bytes (3.8%)
(RDMA_READ_CONSUME_CHECK_CONSUMER) timestamp=4245 ms, used_size=1552384 bytes (3.8%)
(RDMA_READ_CONSUME_CHECK_CONSUMER) timestamp=4245 ms, used_size=1550336 bytes (3.8%)
(RDMA_READ_CONSUME_CHECK_CONSUMER) timestamp=4245 ms, used_size=1548288 bytes (3.8%)
(RDMA_READ_CONSUME_CHECK_CONSUMER) timestamp=4245 ms, used_size=1546240 bytes (3.8%)
(RDMA_READ_CONSUME_CHECK_CONSUMER) timestamp=4245 ms, used_size=1544192 bytes (3.8%)
(RDMA_READ_CONSUME_CHECK_CONSUMER) timestamp=4245 ms, used_size=1542144 bytes (3.8%)
(RDMA_READ_CONSUME_CHECK_CONSUMER) timestamp=4245 ms, used_size=1540096 bytes (3.8%)
(RDMA_READ_CONSUME_CHECK_CONSUMER) timestamp=4245 ms, used_size=1538048 bytes (3.8%)
(RDMA_READ_CONSUME_CHECK_CONSUMER) timestamp=4245 ms, used_size=1536000 bytes (3.8%)
(RDMA_READ_CONSUME_CHECK_CONSUMER) timestamp=4245 ms, used_size=1533952 bytes (3.7%)
(RDMA_READ_CONSUME_CHECK_CONSUMER) timestamp=4245 ms, used_size=1531904 bytes (3.7%)
(RDMA_READ_CONSUME_CHECK_CONSUMER) timestamp=4245 ms, used_size=1529856 bytes (3.7%)
(RDMA_READ_CONSUME_CHECK_CONSUMER) timestamp=4245 ms, used_size=1527808 bytes (3.7%)
(RDMA_READ_CONSUME_CHECK_CONSUMER) timestamp=4245 ms, used_size=1525760 bytes (3.7%)
(RDMA_READ_CONSUME_CHECK_CONSUMER) timestamp=4245 ms, used_size=1523712 bytes (3.7%)
(RDMA_READ_CONSUME_CHECK_CONSUMER) timestamp=4245 ms, used_size=1521664 bytes (3.7%)
(RDMA_READ_CONSUME_CHECK_CONSUMER) timestamp=4245 ms, used_size=1519616 bytes (3.7%)
(RDMA_READ_CONSUME_CHECK_CONSUMER) timestamp=4245 ms, used_size=1517568 bytes (3.7%)
(RDMA_READ_CONSUME_CHECK_CONSUMER) timestamp=4245 ms, used_size=1515520 bytes (3.7%)
(RDMA_READ_CONSUME_CHECK_CONSUMER) timestamp=4245 ms, used_size=1513472 bytes (3.7%)
(RDMA_READ_CONSUME_CHECK_CONSUMER) timestamp=4245 ms, used_size=1511424 bytes (3.7%)
(RDMA_READ_CONSUME_CHECK_CONSUMER) timestamp=4245 ms, used_size=1509376 bytes (3.7%)
(RDMA_READ_CONSUME_CHECK_CONSUMER) timestamp=4245 ms, used_size=1507328 bytes (3.7%)
(RDMA_READ_CONSUME_CHECK_CONSUMER) timestamp=4245 ms, used_size=1505280 bytes (3.7%)
(RDMA_READ_CONSUME_CHECK_CONSUMER) timestamp=4245 ms, used_size=1503232 bytes (3.7%)
(RDMA_READ_CONSUME_CHECK_CONSUMER) timestamp=4245 ms, used_size=1501184 bytes (3.7%)
(RDMA_READ_CONSUME_CHECK_CONSUMER) timestamp=4245 ms, used_size=1499136 bytes (3.7%)
(RDMA_READ_CONSUME_CHECK_CONSUMER) timestamp=4245 ms, used_size=1497088 bytes (3.7%)
(RDMA_READ_CONSUME_CHECK_CONSUMER) timestamp=4245 ms, used_size=1495040 bytes (3.6%)
(RDMA_READ_CONSUME_CHECK_CONSUMER) timestamp=4245 ms, used_size=1492992 bytes (3.6%)
(RDMA_READ_CONSUME_CHECK_CONSUMER) timestamp=4245 ms, used_size=1490944 bytes (3.6%)
(RDMA_READ_CONSUME_CHECK_CONSUMER) timestamp=4245 ms, used_size=1488896 bytes (3.6%)
(RDMA_READ_CONSUME_CHECK_CONSUMER) timestamp=4245 ms, used_size=1486848 bytes (3.6%)
(RDMA_READ_CONSUME_CHECK_CONSUMER) timestamp=4245 ms, used_size=1484800 bytes (3.6%)
(RDMA_READ_CONSUME_CHECK_CONSUMER) timestamp=4245 ms, used_size=1482752 bytes (3.6%)
(RDMA_READ_CONSUME_CHECK_CONSUMER) timestamp=4245 ms, used_size=1480704 bytes (3.6%)
(RDMA_READ_CONSUME_CHECK_CONSUMER) timestamp=4245 ms, used_size=1478656 bytes (3.6%)
(RDMA_READ_CONSUME_CHECK_CONSUMER) timestamp=4245 ms, used_size=1476608 bytes (3.6%)
(RDMA_READ_CONSUME_CHECK_CONSUMER) timestamp=4245 ms, used_size=1474560 bytes (3.6%)
(RDMA_READ_CONSUME_CHECK_CONSUMER) timestamp=4245 ms, used_size=1472512 bytes (3.6%)
(RDMA_READ_CONSUME_CHECK_CONSUMER) timestamp=4245 ms, used_size=1470464 bytes (3.6%)
(RDMA_READ_CONSUME_CHECK_CONSUMER) timestamp=4245 ms, used_size=1468416 bytes (3.6%)
(RDMA_READ_CONSUME_CHECK_CONSUMER) timestamp=4245 ms, used_size=1466368 bytes (3.6%)
(RDMA_READ_CONSUME_CHECK_CONSUMER) timestamp=4245 ms, used_size=1464320 bytes (3.6%)
(RDMA_READ_CONSUME_CHECK_CONSUMER) timestamp=4245 ms, used_size=1462272 bytes (3.6%)
(RDMA_READ_CONSUME_CHECK_CONSUMER) timestamp=4245 ms, used_size=1460224 bytes (3.6%)
(RDMA_READ_CONSUME_CHECK_CONSUMER) timestamp=4245 ms, used_size=1458176 bytes (3.6%)
(RDMA_READ_CONSUME_CHECK_CONSUMER) timestamp=4245 ms, used_size=1456128 bytes (3.6%)
(RDMA_READ_CONSUME_CHECK_CONSUMER) timestamp=4245 ms, used_size=1454080 bytes (3.5%)
(RDMA_READ_CONSUME_CHECK_CONSUMER) timestamp=4245 ms, used_size=1452032 bytes (3.5%)
(RDMA_READ_CONSUME_CHECK_CONSUMER) timestamp=4245 ms, used_size=1449984 bytes (3.5%)
(RDMA_READ_CONSUME_CHECK_CONSUMER) timestamp=4245 ms, used_size=1447936 bytes (3.5%)
(RDMA_READ_CONSUME_CHECK_CONSUMER) timestamp=4245 ms, used_size=1445888 bytes (3.5%)
(RDMA_READ_CONSUME_CHECK_CONSUMER) timestamp=4245 ms, used_size=1443840 bytes (3.5%)
(RDMA_READ_CONSUME_CHECK_CONSUMER) timestamp=4245 ms, used_size=1441792 bytes (3.5%)
(RDMA_READ_CONSUME_CHECK_CONSUMER) timestamp=4245 ms, used_size=1439744 bytes (3.5%)
(RDMA_READ_CONSUME_CHECK_CONSUMER) timestamp=4245 ms, used_size=1437696 bytes (3.5%)
(RDMA_READ_CONSUME_CHECK_CONSUMER) timestamp=4245 ms, used_size=1435648 bytes (3.5%)
(RDMA_READ_CONSUME_CHECK_CONSUMER) timestamp=4245 ms, used_size=1433600 bytes (3.5%)
(RDMA_READ_CONSUME_CHECK_CONSUMER) timestamp=4245 ms, used_size=1431552 bytes (3.5%)
(RDMA_READ_CONSUME_CHECK_CONSUMER) timestamp=4245 ms, used_size=1429504 bytes (3.5%)
(RDMA_READ_CONSUME_CHECK_CONSUMER) timestamp=4245 ms, used_size=1427456 bytes (3.5%)
(RDMA_READ_CONSUME_CHECK_CONSUMER) timestamp=4245 ms, used_size=1425408 bytes (3.5%)
(RDMA_READ_CONSUME_CHECK_CONSUMER) timestamp=4245 ms, used_size=1423360 bytes (3.5%)
(RDMA_READ_CONSUME_CHECK_CONSUMER) timestamp=4245 ms, used_size=1421312 bytes (3.5%)
(RDMA_READ_CONSUME_CHECK_CONSUMER) timestamp=4245 ms, used_size=1419264 bytes (3.5%)
(RDMA_READ_CONSUME_CHECK_CONSUMER) timestamp=4245 ms, used_size=1417216 bytes (3.5%)
(RDMA_READ_CONSUME_CHECK_CONSUMER) timestamp=4245 ms, used_size=1415168 bytes (3.5%)
(RDMA_READ_CONSUME_CHECK_CONSUMER) timestamp=4245 ms, used_size=1413120 bytes (3.5%)
(RDMA_READ_CONSUME_CHECK_CONSUMER) timestamp=4245 ms, used_size=1411072 bytes (3.4%)
(RDMA_READ_CONSUME_CHECK_CONSUMER) timestamp=4245 ms, used_size=1409024 bytes (3.4%)
(RDMA_READ_CONSUME_CHECK_CONSUMER) timestamp=4245 ms, used_size=1406976 bytes (3.4%)
(RDMA_READ_CONSUME_CHECK_CONSUMER) timestamp=4245 ms, used_size=1404928 bytes (3.4%)
(RDMA_READ_CONSUME_CHECK_CONSUMER) timestamp=4245 ms, used_size=1402880 bytes (3.4%)
(RDMA_READ_CONSUME_CHECK_CONSUMER) timestamp=4245 ms, used_size=1400832 bytes (3.4%)
(RDMA_READ_CONSUME_CHECK_CONSUMER) timestamp=4245 ms, used_size=1398784 bytes (3.4%)
(RDMA_READ_CONSUME_CHECK_CONSUMER) timestamp=4245 ms, used_size=1396736 bytes (3.4%)
(RDMA_READ_CONSUME_CHECK_CONSUMER) timestamp=4245 ms, used_size=1394688 bytes (3.4%)
(RDMA_READ_CONSUME_CHECK_CONSUMER) timestamp=4245 ms, used_size=1392640 bytes (3.4%)
(RDMA_READ_CONSUME_CHECK_CONSUMER) timestamp=4245 ms, used_size=1390592 bytes (3.4%)
(RDMA_READ_CONSUME_CHECK_CONSUMER) timestamp=4245 ms, used_size=1388544 bytes (3.4%)
(RDMA_READ_CONSUME_CHECK_CONSUMER) timestamp=4245 ms, used_size=1386496 bytes (3.4%)
(RDMA_READ_CONSUME_CHECK_CONSUMER) timestamp=4245 ms, used_size=1384448 bytes (3.4%)
(RDMA_READ_CONSUME_CHECK_CONSUMER) timestamp=4245 ms, used_size=1382400 bytes (3.4%)
(RDMA_READ_CONSUME_CHECK_CONSUMER) timestamp=4245 ms, used_size=1380352 bytes (3.4%)
(RDMA_READ_CONSUME_CHECK_CONSUMER) timestamp=4245 ms, used_size=1378304 bytes (3.4%)
(RDMA_READ_CONSUME_CHECK_CONSUMER) timestamp=4245 ms, used_size=1376256 bytes (3.4%)
(RDMA_READ_CONSUME_CHECK_CONSUMER) timestamp=4245 ms, used_size=1374208 bytes (3.4%)
(RDMA_READ_CONSUME_CHECK_CONSUMER) timestamp=4245 ms, used_size=1372160 bytes (3.4%)
(RDMA_READ_CONSUME_CHECK_CONSUMER) timestamp=4245 ms, used_size=1370112 bytes (3.3%)
(RDMA_READ_CONSUME_CHECK_CONSUMER) timestamp=4245 ms, used_size=1368064 bytes (3.3%)
(RDMA_READ_CONSUME_CHECK_CONSUMER) timestamp=4245 ms, used_size=1366016 bytes (3.3%)
(RDMA_READ_CONSUME_CHECK_CONSUMER) timestamp=4245 ms, used_size=1363968 bytes (3.3%)
(RDMA_READ_CONSUME_CHECK_CONSUMER) timestamp=4245 ms, used_size=1361920 bytes (3.3%)
(RDMA_READ_CONSUME_CHECK_CONSUMER) timestamp=4245 ms, used_size=1359872 bytes (3.3%)
(RDMA_READ_CONSUME_CHECK_CONSUMER) timestamp=4245 ms, used_size=1357824 bytes (3.3%)
(RDMA_READ_CONSUME_CHECK_CONSUMER) timestamp=4245 ms, used_size=1355776 bytes (3.3%)
(RDMA_READ_CONSUME_CHECK_CONSUMER) timestamp=4245 ms, used_size=1353728 bytes (3.3%)
(RDMA_READ_CONSUME_CHECK_CONSUMER) timestamp=4245 ms, used_size=1351680 bytes (3.3%)
(RDMA_READ_CONSUME_CHECK_CONSUMER) timestamp=4245 ms, used_size=1349632 bytes (3.3%)
(RDMA_READ_CONSUME_CHECK_CONSUMER) timestamp=4245 ms, used_size=1347584 bytes (3.3%)
(RDMA_READ_CONSUME_CHECK_CONSUMER) timestamp=4245 ms, used_size=1345536 bytes (3.3%)
(RDMA_READ_CONSUME_CHECK_CONSUMER) timestamp=4245 ms, used_size=1343488 bytes (3.3%)
(RDMA_READ_CONSUME_CHECK_CONSUMER) timestamp=4245 ms, used_size=1341440 bytes (3.3%)
(RDMA_READ_CONSUME_CHECK_CONSUMER) timestamp=4245 ms, used_size=1339392 bytes (3.3%)
(RDMA_READ_CONSUME_CHECK_CONSUMER) timestamp=4245 ms, used_size=1337344 bytes (3.3%)
(RDMA_READ_CONSUME_CHECK_CONSUMER) timestamp=4245 ms, used_size=1335296 bytes (3.3%)
(RDMA_READ_CONSUME_CHECK_CONSUMER) timestamp=4245 ms, used_size=1333248 bytes (3.3%)
(RDMA_READ_CONSUME_CHECK_CONSUMER) timestamp=4245 ms, used_size=1331200 bytes (3.2%)
(RDMA_READ_CONSUME_CHECK_CONSUMER) timestamp=4245 ms, used_size=1329152 bytes (3.2%)
(RDMA_READ_CONSUME_CHECK_CONSUMER) timestamp=4245 ms, used_size=1327104 bytes (3.2%)
(RDMA_READ_CONSUME_CHECK_CONSUMER) timestamp=4245 ms, used_size=1325056 bytes (3.2%)
(RDMA_READ_CONSUME_CHECK_CONSUMER) timestamp=4245 ms, used_size=1323008 bytes (3.2%)
(RDMA_READ_CONSUME_CHECK_CONSUMER) timestamp=4245 ms, used_size=1320960 bytes (3.2%)
(RDMA_READ_CONSUME_CHECK_CONSUMER) timestamp=4245 ms, used_size=1318912 bytes (3.2%)
(RDMA_READ_CONSUME_CHECK_CONSUMER) timestamp=4245 ms, used_size=1316864 bytes (3.2%)
(RDMA_READ_CONSUME_CHECK_CONSUMER) timestamp=4245 ms, used_size=1314816 bytes (3.2%)
(RDMA_READ_CONSUME_CHECK_CONSUMER) timestamp=4245 ms, used_size=1312768 bytes (3.2%)
(RDMA_READ_CONSUME_CHECK_CONSUMER) timestamp=4245 ms, used_size=1310720 bytes (3.2%)
(RDMA_READ_CONSUME_CHECK_CONSUMER) timestamp=4245 ms, used_size=1308672 bytes (3.2%)
(RDMA_READ_CONSUME_CHECK_CONSUMER) timestamp=4245 ms, used_size=1306624 bytes (3.2%)
(RDMA_READ_CONSUME_CHECK_CONSUMER) timestamp=4245 ms, used_size=1304576 bytes (3.2%)
(RDMA_READ_CONSUME_CHECK_CONSUMER) timestamp=4245 ms, used_size=1302528 bytes (3.2%)
(RDMA_READ_CONSUME_CHECK_CONSUMER) timestamp=4245 ms, used_size=1300480 bytes (3.2%)
(RDMA_READ_CONSUME_CHECK_CONSUMER) timestamp=4245 ms, used_size=1298432 bytes (3.2%)
(RDMA_READ_CONSUME_CHECK_CONSUMER) timestamp=4245 ms, used_size=1296384 bytes (3.2%)
(RDMA_READ_CONSUME_CHECK_CONSUMER) timestamp=4245 ms, used_size=1294336 bytes (3.2%)
(RDMA_READ_CONSUME_CHECK_CONSUMER) timestamp=4245 ms, used_size=1292288 bytes (3.2%)
(RDMA_READ_CONSUME_CHECK_CONSUMER) timestamp=4245 ms, used_size=1290240 bytes (3.1%)
(RDMA_READ_CONSUME_CHECK_CONSUMER) timestamp=4245 ms, used_size=1288192 bytes (3.1%)
(RDMA_READ_CONSUME_CHECK_CONSUMER) timestamp=4245 ms, used_size=1286144 bytes (3.1%)
(RDMA_READ_CONSUME_CHECK_CONSUMER) timestamp=4245 ms, used_size=1284096 bytes (3.1%)
(RDMA_READ_CONSUME_CHECK_CONSUMER) timestamp=4245 ms, used_size=1282048 bytes (3.1%)
(RDMA_READ_CONSUME_CHECK_CONSUMER) timestamp=4245 ms, used_size=1280000 bytes (3.1%)
(RDMA_READ_CONSUME_CHECK_CONSUMER) timestamp=4245 ms, used_size=1277952 bytes (3.1%)
(RDMA_READ_CONSUME_CHECK_CONSUMER) timestamp=4245 ms, used_size=1275904 bytes (3.1%)
(RDMA_READ_CONSUME_CHECK_CONSUMER) timestamp=4245 ms, used_size=1273856 bytes (3.1%)
(RDMA_READ_CONSUME_CHECK_CONSUMER) timestamp=4245 ms, used_size=1271808 bytes (3.1%)
(RDMA_READ_CONSUME_CHECK_CONSUMER) timestamp=4245 ms, used_size=1269760 bytes (3.1%)
(RDMA_READ_CONSUME_CHECK_CONSUMER) timestamp=4245 ms, used_size=1267712 bytes (3.1%)
(RDMA_READ_CONSUME_CHECK_CONSUMER) timestamp=4245 ms, used_size=1265664 bytes (3.1%)
(RDMA_READ_CONSUME_CHECK_CONSUMER) timestamp=4245 ms, used_size=1263616 bytes (3.1%)
(RDMA_READ_CONSUME_CHECK_CONSUMER) timestamp=4245 ms, used_size=1261568 bytes (3.1%)
(RDMA_READ_CONSUME_CHECK_CONSUMER) timestamp=4245 ms, used_size=1259520 bytes (3.1%)
(RDMA_READ_CONSUME_CHECK_CONSUMER) timestamp=4245 ms, used_size=1257472 bytes (3.1%)
(RDMA_READ_CONSUME_CHECK_CONSUMER) timestamp=4245 ms, used_size=1255424 bytes (3.1%)
(RDMA_READ_CONSUME_CHECK_CONSUMER) timestamp=4245 ms, used_size=1253376 bytes (3.1%)
(RDMA_READ_CONSUME_CHECK_CONSUMER) timestamp=4245 ms, used_size=1251328 bytes (3.1%)
(RDMA_READ_CONSUME_CHECK_CONSUMER) timestamp=4245 ms, used_size=1249280 bytes (3.0%)
(RDMA_READ_CONSUME_CHECK_CONSUMER) timestamp=4245 ms, used_size=1247232 bytes (3.0%)
(RDMA_READ_CONSUME_CHECK_CONSUMER) timestamp=4245 ms, used_size=1245184 bytes (3.0%)
(RDMA_READ_CONSUME_CHECK_CONSUMER) timestamp=4245 ms, used_size=1243136 bytes (3.0%)
(RDMA_READ_CONSUME_CHECK_CONSUMER) timestamp=4245 ms, used_size=1241088 bytes (3.0%)
(RDMA_READ_CONSUME_CHECK_CONSUMER) timestamp=4245 ms, used_size=1239040 bytes (3.0%)
(RDMA_READ_CONSUME_CHECK_CONSUMER) timestamp=4245 ms, used_size=1236992 bytes (3.0%)
(RDMA_READ_CONSUME_CHECK_CONSUMER) timestamp=4245 ms, used_size=1234944 bytes (3.0%)
(RDMA_READ_CONSUME_CHECK_CONSUMER) timestamp=4245 ms, used_size=1232896 bytes (3.0%)
(RDMA_READ_CONSUME_CHECK_CONSUMER) timestamp=4245 ms, used_size=1230848 bytes (3.0%)
(RDMA_READ_CONSUME_CHECK_CONSUMER) timestamp=4245 ms, used_size=1228800 bytes (3.0%)
(RDMA_READ_CONSUME_CHECK_CONSUMER) timestamp=4245 ms, used_size=1226752 bytes (3.0%)
(RDMA_READ_CONSUME_CHECK_CONSUMER) timestamp=4245 ms, used_size=1224704 bytes (3.0%)
(RDMA_READ_CONSUME_CHECK_CONSUMER) timestamp=4245 ms, used_size=1222656 bytes (3.0%)
(RDMA_READ_CONSUME_CHECK_CONSUMER) timestamp=4245 ms, used_size=1220608 bytes (3.0%)
(RDMA_READ_CONSUME_CHECK_CONSUMER) timestamp=4245 ms, used_size=1218560 bytes (3.0%)
(RDMA_READ_CONSUME_CHECK_CONSUMER) timestamp=4245 ms, used_size=1216512 bytes (3.0%)
(RDMA_READ_CONSUME_CHECK_CONSUMER) timestamp=4245 ms, used_size=1214464 bytes (3.0%)
(RDMA_READ_CONSUME_CHECK_CONSUMER) timestamp=4245 ms, used_size=1212416 bytes (3.0%)
(RDMA_READ_CONSUME_CHECK_CONSUMER) timestamp=4245 ms, used_size=1210368 bytes (3.0%)
(RDMA_READ_CONSUME_CHECK_CONSUMER) timestamp=4245 ms, used_size=1208320 bytes (3.0%)
(RDMA_READ_CONSUME_CHECK_CONSUMER) timestamp=4245 ms, used_size=1206272 bytes (2.9%)
(RDMA_READ_CONSUME_CHECK_CONSUMER) timestamp=4245 ms, used_size=1204224 bytes (2.9%)
(RDMA_READ_CONSUME_CHECK_CONSUMER) timestamp=4245 ms, used_size=1202176 bytes (2.9%)
(RDMA_READ_CONSUME_CHECK_CONSUMER) timestamp=4245 ms, used_size=1200128 bytes (2.9%)
(RDMA_READ_CONSUME_CHECK_CONSUMER) timestamp=4245 ms, used_size=1198080 bytes (2.9%)
(RDMA_READ_CONSUME_CHECK_CONSUMER) timestamp=4245 ms, used_size=1196032 bytes (2.9%)
(RDMA_READ_CONSUME_CHECK_CONSUMER) timestamp=4246 ms, used_size=1193984 bytes (2.9%)
(RDMA_READ_CONSUME_CHECK_CONSUMER) timestamp=4246 ms, used_size=1191936 bytes (2.9%)
(RDMA_READ_CONSUME_CHECK_CONSUMER) timestamp=4246 ms, used_size=1189888 bytes (2.9%)
(RDMA_READ_CONSUME_CHECK_CONSUMER) timestamp=4246 ms, used_size=1187840 bytes (2.9%)
(RDMA_READ_CONSUME_CHECK_CONSUMER) timestamp=4246 ms, used_size=1185792 bytes (2.9%)
(RDMA_READ_CONSUME_CHECK_CONSUMER) timestamp=4246 ms, used_size=1183744 bytes (2.9%)
(RDMA_READ_CONSUME_CHECK_CONSUMER) timestamp=4246 ms, used_size=1181696 bytes (2.9%)
(RDMA_READ_CONSUME_CHECK_CONSUMER) timestamp=4246 ms, used_size=1179648 bytes (2.9%)
(RDMA_READ_CONSUME_CHECK_CONSUMER) timestamp=4246 ms, used_size=1177600 bytes (2.9%)
(RDMA_READ_CONSUME_CHECK_CONSUMER) timestamp=4246 ms, used_size=1175552 bytes (2.9%)
(RDMA_READ_CONSUME_CHECK_CONSUMER) timestamp=4246 ms, used_size=1173504 bytes (2.9%)
(RDMA_READ_CONSUME_CHECK_CONSUMER) timestamp=4246 ms, used_size=1171456 bytes (2.9%)
(RDMA_READ_CONSUME_CHECK_CONSUMER) timestamp=4246 ms, used_size=1169408 bytes (2.9%)
(RDMA_READ_CONSUME_CHECK_CONSUMER) timestamp=4246 ms, used_size=1167360 bytes (2.9%)
(RDMA_READ_CONSUME_CHECK_CONSUMER) timestamp=4246 ms, used_size=1165312 bytes (2.8%)
(RDMA_READ_CONSUME_CHECK_CONSUMER) timestamp=4246 ms, used_size=1163264 bytes (2.8%)
(RDMA_READ_CONSUME_CHECK_CONSUMER) timestamp=4246 ms, used_size=1161216 bytes (2.8%)
(RDMA_READ_CONSUME_CHECK_CONSUMER) timestamp=4246 ms, used_size=1159168 bytes (2.8%)
(RDMA_READ_CONSUME_CHECK_CONSUMER) timestamp=4246 ms, used_size=1157120 bytes (2.8%)
(RDMA_READ_CONSUME_CHECK_CONSUMER) timestamp=4246 ms, used_size=1155072 bytes (2.8%)
(RDMA_READ_CONSUME_CHECK_CONSUMER) timestamp=4246 ms, used_size=1153024 bytes (2.8%)
(RDMA_READ_CONSUME_CHECK_CONSUMER) timestamp=4246 ms, used_size=1150976 bytes (2.8%)
(RDMA_READ_CONSUME_CHECK_CONSUMER) timestamp=4246 ms, used_size=1148928 bytes (2.8%)
(RDMA_READ_CONSUME_CHECK_CONSUMER) timestamp=4246 ms, used_size=1146880 bytes (2.8%)
(RDMA_READ_CONSUME_CHECK_CONSUMER) timestamp=4246 ms, used_size=1144832 bytes (2.8%)
(RDMA_READ_CONSUME_CHECK_CONSUMER) timestamp=4246 ms, used_size=1142784 bytes (2.8%)
(RDMA_READ_CONSUME_CHECK_CONSUMER) timestamp=4246 ms, used_size=1140736 bytes (2.8%)
(RDMA_READ_CONSUME_CHECK_CONSUMER) timestamp=4246 ms, used_size=1138688 bytes (2.8%)
(RDMA_READ_CONSUME_CHECK_CONSUMER) timestamp=4246 ms, used_size=1136640 bytes (2.8%)
(RDMA_READ_CONSUME_CHECK_CONSUMER) timestamp=4246 ms, used_size=1134592 bytes (2.8%)
(RDMA_READ_CONSUME_CHECK_CONSUMER) timestamp=4246 ms, used_size=1132544 bytes (2.8%)
(RDMA_READ_CONSUME_CHECK_CONSUMER) timestamp=4246 ms, used_size=1130496 bytes (2.8%)
(RDMA_READ_CONSUME_CHECK_CONSUMER) timestamp=4246 ms, used_size=1128448 bytes (2.8%)
(RDMA_READ_CONSUME_CHECK_CONSUMER) timestamp=4246 ms, used_size=1126400 bytes (2.8%)
(RDMA_READ_CONSUME_CHECK_CONSUMER) timestamp=4246 ms, used_size=1124352 bytes (2.7%)
(RDMA_READ_CONSUME_CHECK_CONSUMER) timestamp=4246 ms, used_size=1122304 bytes (2.7%)
(RDMA_READ_CONSUME_CHECK_CONSUMER) timestamp=4246 ms, used_size=1120256 bytes (2.7%)
(RDMA_READ_CONSUME_CHECK_CONSUMER) timestamp=4246 ms, used_size=1118208 bytes (2.7%)
(RDMA_READ_CONSUME_CHECK_CONSUMER) timestamp=4246 ms, used_size=1116160 bytes (2.7%)
(RDMA_READ_CONSUME_CHECK_CONSUMER) timestamp=4246 ms, used_size=1114112 bytes (2.7%)
(RDMA_READ_CONSUME_CHECK_CONSUMER) timestamp=4246 ms, used_size=1112064 bytes (2.7%)
(RDMA_READ_CONSUME_CHECK_CONSUMER) timestamp=4246 ms, used_size=1110016 bytes (2.7%)
(RDMA_READ_CONSUME_CHECK_CONSUMER) timestamp=4246 ms, used_size=1107968 bytes (2.7%)
(RDMA_READ_CONSUME_CHECK_CONSUMER) timestamp=4246 ms, used_size=1105920 bytes (2.7%)
(RDMA_READ_CONSUME_CHECK_CONSUMER) timestamp=4246 ms, used_size=1103872 bytes (2.7%)
(RDMA_READ_CONSUME_CHECK_CONSUMER) timestamp=4246 ms, used_size=1101824 bytes (2.7%)
(RDMA_READ_CONSUME_CHECK_CONSUMER) timestamp=4246 ms, used_size=1099776 bytes (2.7%)
(RDMA_READ_CONSUME_CHECK_CONSUMER) timestamp=4246 ms, used_size=1097728 bytes (2.7%)
(RDMA_READ_CONSUME_CHECK_CONSUMER) timestamp=4246 ms, used_size=1095680 bytes (2.7%)
(RDMA_READ_CONSUME_CHECK_CONSUMER) timestamp=4246 ms, used_size=1093632 bytes (2.7%)
(RDMA_READ_CONSUME_CHECK_CONSUMER) timestamp=4246 ms, used_size=1091584 bytes (2.7%)
(RDMA_READ_CONSUME_CHECK_CONSUMER) timestamp=4246 ms, used_size=1089536 bytes (2.7%)
(RDMA_READ_CONSUME_CHECK_CONSUMER) timestamp=4246 ms, used_size=1087488 bytes (2.7%)
(RDMA_READ_CONSUME_CHECK_CONSUMER) timestamp=4246 ms, used_size=1085440 bytes (2.6%)
(RDMA_READ_CONSUME_CHECK_CONSUMER) timestamp=4246 ms, used_size=1083392 bytes (2.6%)
(RDMA_READ_CONSUME_CHECK_CONSUMER) timestamp=4246 ms, used_size=1081344 bytes (2.6%)
(RDMA_READ_CONSUME_CHECK_CONSUMER) timestamp=4246 ms, used_size=1079296 bytes (2.6%)
(RDMA_READ_CONSUME_CHECK_CONSUMER) timestamp=4246 ms, used_size=1077248 bytes (2.6%)
(RDMA_READ_CONSUME_CHECK_CONSUMER) timestamp=4246 ms, used_size=1075200 bytes (2.6%)
(RDMA_READ_CONSUME_CHECK_CONSUMER) timestamp=4246 ms, used_size=1073152 bytes (2.6%)
(RDMA_READ_CONSUME_CHECK_CONSUMER) timestamp=4246 ms, used_size=1071104 bytes (2.6%)
(RDMA_READ_CONSUME_CHECK_CONSUMER) timestamp=4246 ms, used_size=1069056 bytes (2.6%)
(RDMA_READ_CONSUME_CHECK_CONSUMER) timestamp=4246 ms, used_size=1067008 bytes (2.6%)
(RDMA_READ_CONSUME_CHECK_CONSUMER) timestamp=4246 ms, used_size=1064960 bytes (2.6%)
(RDMA_READ_CONSUME_CHECK_CONSUMER) timestamp=4246 ms, used_size=1062912 bytes (2.6%)
(RDMA_READ_CONSUME_CHECK_CONSUMER) timestamp=4246 ms, used_size=1060864 bytes (2.6%)
(RDMA_READ_CONSUME_CHECK_CONSUMER) timestamp=4246 ms, used_size=1058816 bytes (2.6%)
(RDMA_READ_CONSUME_CHECK_CONSUMER) timestamp=4246 ms, used_size=1056768 bytes (2.6%)
(RDMA_READ_CONSUME_CHECK_CONSUMER) timestamp=4246 ms, used_size=1054720 bytes (2.6%)
(RDMA_READ_CONSUME_CHECK_CONSUMER) timestamp=4246 ms, used_size=1052672 bytes (2.6%)
(RDMA_READ_CONSUME_CHECK_CONSUMER) timestamp=4246 ms, used_size=1050624 bytes (2.6%)
(RDMA_READ_CONSUME_CHECK_CONSUMER) timestamp=4246 ms, used_size=1048576 bytes (2.6%)
(RDMA_READ_CONSUME_CHECK_CONSUMER) timestamp=4246 ms, used_size=1046528 bytes (2.6%)
(RDMA_READ_CONSUME_CHECK_CONSUMER) timestamp=4246 ms, used_size=1044480 bytes (2.5%)
(RDMA_READ_CONSUME_CHECK_CONSUMER) timestamp=4246 ms, used_size=1042432 bytes (2.5%)
(RDMA_READ_CONSUME_CHECK_CONSUMER) timestamp=4246 ms, used_size=1040384 bytes (2.5%)
(RDMA_READ_CONSUME_CHECK_CONSUMER) timestamp=4246 ms, used_size=1038336 bytes (2.5%)
(RDMA_READ_CONSUME_CHECK_CONSUMER) timestamp=4246 ms, used_size=1036288 bytes (2.5%)
(RDMA_READ_CONSUME_CHECK_CONSUMER) timestamp=4246 ms, used_size=1034240 bytes (2.5%)
(RDMA_READ_CONSUME_CHECK_CONSUMER) timestamp=4246 ms, used_size=1032192 bytes (2.5%)
(RDMA_READ_CONSUME_CHECK_CONSUMER) timestamp=4246 ms, used_size=1030144 bytes (2.5%)
(RDMA_READ_CONSUME_CHECK_CONSUMER) timestamp=4246 ms, used_size=1028096 bytes (2.5%)
(RDMA_READ_CONSUME_CHECK_CONSUMER) timestamp=4246 ms, used_size=1026048 bytes (2.5%)
(RDMA_READ_CONSUME_CHECK_CONSUMER) timestamp=4246 ms, used_size=1024000 bytes (2.5%)
(RDMA_READ_CONSUME_CHECK_CONSUMER) timestamp=4246 ms, used_size=1021952 bytes (2.5%)
(RDMA_READ_CONSUME_CHECK_CONSUMER) timestamp=4246 ms, used_size=1019904 bytes (2.5%)
(RDMA_READ_CONSUME_CHECK_CONSUMER) timestamp=4246 ms, used_size=1017856 bytes (2.5%)
(RDMA_READ_CONSUME_CHECK_CONSUMER) timestamp=4246 ms, used_size=1015808 bytes (2.5%)
(RDMA_READ_CONSUME_CHECK_CONSUMER) timestamp=4246 ms, used_size=1013760 bytes (2.5%)
(RDMA_READ_CONSUME_CHECK_CONSUMER) timestamp=4246 ms, used_size=1011712 bytes (2.5%)
(RDMA_READ_CONSUME_CHECK_CONSUMER) timestamp=4246 ms, used_size=1009664 bytes (2.5%)
(RDMA_READ_CONSUME_CHECK_CONSUMER) timestamp=4246 ms, used_size=1007616 bytes (2.5%)
(RDMA_READ_CONSUME_CHECK_CONSUMER) timestamp=4246 ms, used_size=1005568 bytes (2.5%)
(RDMA_READ_CONSUME_CHECK_CONSUMER) timestamp=4246 ms, used_size=1003520 bytes (2.5%)
(RDMA_READ_CONSUME_CHECK_CONSUMER) timestamp=4246 ms, used_size=1001472 bytes (2.4%)
(RDMA_READ_CONSUME_CHECK_CONSUMER) timestamp=4246 ms, used_size=999424 bytes (2.4%)
(RDMA_READ_CONSUME_CHECK_CONSUMER) timestamp=4246 ms, used_size=997376 bytes (2.4%)
(RDMA_READ_CONSUME_CHECK_CONSUMER) timestamp=4246 ms, used_size=995328 bytes (2.4%)
(RDMA_READ_CONSUME_CHECK_CONSUMER) timestamp=4246 ms, used_size=993280 bytes (2.4%)
(RDMA_READ_CONSUME_CHECK_CONSUMER) timestamp=4246 ms, used_size=991232 bytes (2.4%)
(RDMA_READ_CONSUME_CHECK_CONSUMER) timestamp=4246 ms, used_size=989184 bytes (2.4%)
(RDMA_READ_CONSUME_CHECK_CONSUMER) timestamp=4246 ms, used_size=987136 bytes (2.4%)
(RDMA_READ_CONSUME_CHECK_CONSUMER) timestamp=4246 ms, used_size=985088 bytes (2.4%)
(RDMA_READ_CONSUME_CHECK_CONSUMER) timestamp=4246 ms, used_size=983040 bytes (2.4%)
(RDMA_READ_CONSUME_CHECK_CONSUMER) timestamp=4246 ms, used_size=980992 bytes (2.4%)
(RDMA_READ_CONSUME_CHECK_CONSUMER) timestamp=4246 ms, used_size=978944 bytes (2.4%)
(RDMA_READ_CONSUME_CHECK_CONSUMER) timestamp=4246 ms, used_size=976896 bytes (2.4%)
(RDMA_READ_CONSUME_CHECK_CONSUMER) timestamp=4246 ms, used_size=974848 bytes (2.4%)
(RDMA_READ_CONSUME_CHECK_CONSUMER) timestamp=4246 ms, used_size=972800 bytes (2.4%)
(RDMA_READ_CONSUME_CHECK_CONSUMER) timestamp=4246 ms, used_size=970752 bytes (2.4%)
(RDMA_READ_CONSUME_CHECK_CONSUMER) timestamp=4246 ms, used_size=968704 bytes (2.4%)
(RDMA_READ_CONSUME_CHECK_CONSUMER) timestamp=4246 ms, used_size=966656 bytes (2.4%)
(RDMA_READ_CONSUME_CHECK_CONSUMER) timestamp=4246 ms, used_size=964608 bytes (2.4%)
(RDMA_READ_CONSUME_CHECK_CONSUMER) timestamp=4246 ms, used_size=962560 bytes (2.4%)
(RDMA_READ_CONSUME_CHECK_CONSUMER) timestamp=4246 ms, used_size=960512 bytes (2.3%)
(RDMA_READ_CONSUME_CHECK_CONSUMER) timestamp=4246 ms, used_size=958464 bytes (2.3%)
(RDMA_READ_CONSUME_CHECK_CONSUMER) timestamp=4246 ms, used_size=956416 bytes (2.3%)
(RDMA_READ_CONSUME_CHECK_CONSUMER) timestamp=4246 ms, used_size=954368 bytes (2.3%)
(RDMA_READ_CONSUME_CHECK_CONSUMER) timestamp=4246 ms, used_size=952320 bytes (2.3%)
(RDMA_READ_CONSUME_CHECK_CONSUMER) timestamp=4246 ms, used_size=950272 bytes (2.3%)
(RDMA_READ_CONSUME_CHECK_CONSUMER) timestamp=4246 ms, used_size=948224 bytes (2.3%)
(RDMA_READ_CONSUME_CHECK_CONSUMER) timestamp=4246 ms, used_size=946176 bytes (2.3%)
(RDMA_READ_CONSUME_CHECK_CONSUMER) timestamp=4246 ms, used_size=944128 bytes (2.3%)
(RDMA_READ_CONSUME_CHECK_CONSUMER) timestamp=4246 ms, used_size=942080 bytes (2.3%)
(RDMA_READ_CONSUME_CHECK_CONSUMER) timestamp=4246 ms, used_size=940032 bytes (2.3%)
(RDMA_READ_CONSUME_CHECK_CONSUMER) timestamp=4246 ms, used_size=937984 bytes (2.3%)
(RDMA_READ_CONSUME_CHECK_CONSUMER) timestamp=4246 ms, used_size=935936 bytes (2.3%)
(RDMA_READ_CONSUME_CHECK_CONSUMER) timestamp=4246 ms, used_size=933888 bytes (2.3%)
(RDMA_READ_CONSUME_CHECK_CONSUMER) timestamp=4246 ms, used_size=931840 bytes (2.3%)
(RDMA_READ_CONSUME_CHECK_CONSUMER) timestamp=4246 ms, used_size=929792 bytes (2.3%)
(RDMA_READ_CONSUME_CHECK_CONSUMER) timestamp=4246 ms, used_size=927744 bytes (2.3%)
(RDMA_READ_CONSUME_CHECK_CONSUMER) timestamp=4246 ms, used_size=925696 bytes (2.3%)
(RDMA_READ_CONSUME_CHECK_CONSUMER) timestamp=4246 ms, used_size=923648 bytes (2.3%)
(RDMA_READ_CONSUME_CHECK_CONSUMER) timestamp=4246 ms, used_size=921600 bytes (2.2%)
(RDMA_READ_CONSUME_CHECK_CONSUMER) timestamp=4246 ms, used_size=919552 bytes (2.2%)
(RDMA_READ_CONSUME_CHECK_CONSUMER) timestamp=4246 ms, used_size=917504 bytes (2.2%)
(RDMA_READ_CONSUME_CHECK_CONSUMER) timestamp=4246 ms, used_size=915456 bytes (2.2%)
(RDMA_READ_CONSUME_CHECK_CONSUMER) timestamp=4246 ms, used_size=913408 bytes (2.2%)
(RDMA_READ_CONSUME_CHECK_CONSUMER) timestamp=4246 ms, used_size=911360 bytes (2.2%)
(RDMA_READ_CONSUME_CHECK_CONSUMER) timestamp=4246 ms, used_size=909312 bytes (2.2%)
(RDMA_READ_CONSUME_CHECK_CONSUMER) timestamp=4246 ms, used_size=907264 bytes (2.2%)
(RDMA_READ_CONSUME_CHECK_CONSUMER) timestamp=4246 ms, used_size=905216 bytes (2.2%)
(RDMA_READ_CONSUME_CHECK_CONSUMER) timestamp=4246 ms, used_size=903168 bytes (2.2%)
(RDMA_READ_CONSUME_CHECK_CONSUMER) timestamp=4246 ms, used_size=901120 bytes (2.2%)
(RDMA_READ_CONSUME_CHECK_CONSUMER) timestamp=4246 ms, used_size=899072 bytes (2.2%)
(RDMA_READ_CONSUME_CHECK_CONSUMER) timestamp=4246 ms, used_size=897024 bytes (2.2%)
(RDMA_READ_CONSUME_CHECK_CONSUMER) timestamp=4246 ms, used_size=894976 bytes (2.2%)
(RDMA_READ_CONSUME_CHECK_CONSUMER) timestamp=4246 ms, used_size=892928 bytes (2.2%)
(RDMA_READ_CONSUME_CHECK_CONSUMER) timestamp=4246 ms, used_size=890880 bytes (2.2%)
(RDMA_READ_CONSUME_CHECK_CONSUMER) timestamp=4246 ms, used_size=888832 bytes (2.2%)
(RDMA_READ_CONSUME_CHECK_CONSUMER) timestamp=4246 ms, used_size=886784 bytes (2.2%)
(RDMA_READ_CONSUME_CHECK_CONSUMER) timestamp=4246 ms, used_size=884736 bytes (2.2%)
(RDMA_READ_CONSUME_CHECK_CONSUMER) timestamp=4246 ms, used_size=882688 bytes (2.2%)
(RDMA_READ_CONSUME_CHECK_CONSUMER) timestamp=4246 ms, used_size=880640 bytes (2.1%)
(RDMA_READ_CONSUME_CHECK_CONSUMER) timestamp=4246 ms, used_size=878592 bytes (2.1%)
(RDMA_READ_CONSUME_CHECK_CONSUMER) timestamp=4246 ms, used_size=876544 bytes (2.1%)
(RDMA_READ_CONSUME_CHECK_CONSUMER) timestamp=4246 ms, used_size=874496 bytes (2.1%)
(RDMA_READ_CONSUME_CHECK_CONSUMER) timestamp=4246 ms, used_size=872448 bytes (2.1%)
(RDMA_READ_CONSUME_CHECK_CONSUMER) timestamp=4246 ms, used_size=870400 bytes (2.1%)
(RDMA_READ_CONSUME_CHECK_CONSUMER) timestamp=4246 ms, used_size=868352 bytes (2.1%)
(RDMA_READ_CONSUME_CHECK_CONSUMER) timestamp=4246 ms, used_size=866304 bytes (2.1%)
(RDMA_READ_CONSUME_CHECK_CONSUMER) timestamp=4246 ms, used_size=864256 bytes (2.1%)
(RDMA_READ_CONSUME_CHECK_CONSUMER) timestamp=4246 ms, used_size=862208 bytes (2.1%)
(RDMA_READ_CONSUME_CHECK_CONSUMER) timestamp=4246 ms, used_size=860160 bytes (2.1%)
(RDMA_READ_CONSUME_CHECK_CONSUMER) timestamp=4246 ms, used_size=858112 bytes (2.1%)
(RDMA_READ_CONSUME_CHECK_CONSUMER) timestamp=4246 ms, used_size=856064 bytes (2.1%)
(RDMA_READ_CONSUME_CHECK_CONSUMER) timestamp=4246 ms, used_size=854016 bytes (2.1%)
(RDMA_READ_CONSUME_CHECK_CONSUMER) timestamp=4246 ms, used_size=851968 bytes (2.1%)
(RDMA_READ_CONSUME_CHECK_CONSUMER) timestamp=4246 ms, used_size=849920 bytes (2.1%)
(RDMA_READ_CONSUME_CHECK_CONSUMER) timestamp=4246 ms, used_size=847872 bytes (2.1%)
(RDMA_READ_CONSUME_CHECK_CONSUMER) timestamp=4246 ms, used_size=845824 bytes (2.1%)
(RDMA_READ_CONSUME_CHECK_CONSUMER) timestamp=4246 ms, used_size=843776 bytes (2.1%)
(RDMA_READ_CONSUME_CHECK_CONSUMER) timestamp=4246 ms, used_size=841728 bytes (2.1%)
(RDMA_READ_CONSUME_CHECK_CONSUMER) timestamp=4246 ms, used_size=839680 bytes (2.0%)
(RDMA_READ_CONSUME_CHECK_CONSUMER) timestamp=4246 ms, used_size=837632 bytes (2.0%)
(RDMA_READ_CONSUME_CHECK_CONSUMER) timestamp=4246 ms, used_size=835584 bytes (2.0%)
(RDMA_READ_CONSUME_CHECK_CONSUMER) timestamp=4246 ms, used_size=833536 bytes (2.0%)
(RDMA_READ_CONSUME_CHECK_CONSUMER) timestamp=4246 ms, used_size=831488 bytes (2.0%)
(RDMA_READ_CONSUME_CHECK_CONSUMER) timestamp=4246 ms, used_size=829440 bytes (2.0%)
(RDMA_READ_CONSUME_CHECK_CONSUMER) timestamp=4246 ms, used_size=827392 bytes (2.0%)
(RDMA_READ_CONSUME_CHECK_CONSUMER) timestamp=4246 ms, used_size=825344 bytes (2.0%)
(RDMA_READ_CONSUME_CHECK_CONSUMER) timestamp=4246 ms, used_size=823296 bytes (2.0%)
(RDMA_READ_CONSUME_CHECK_CONSUMER) timestamp=4246 ms, used_size=821248 bytes (2.0%)
(RDMA_READ_CONSUME_CHECK_CONSUMER) timestamp=4247 ms, used_size=819200 bytes (2.0%)
(RDMA_READ_CONSUME_CHECK_CONSUMER) timestamp=4247 ms, used_size=817152 bytes (2.0%)
(RDMA_READ_CONSUME_CHECK_CONSUMER) timestamp=4247 ms, used_size=815104 bytes (2.0%)
(RDMA_READ_CONSUME_CHECK_CONSUMER) timestamp=4247 ms, used_size=813056 bytes (2.0%)
(RDMA_READ_CONSUME_CHECK_CONSUMER) timestamp=4247 ms, used_size=811008 bytes (2.0%)
(RDMA_READ_CONSUME_CHECK_CONSUMER) timestamp=4247 ms, used_size=808960 bytes (2.0%)
(RDMA_READ_CONSUME_CHECK_CONSUMER) timestamp=4247 ms, used_size=806912 bytes (2.0%)
(RDMA_READ_CONSUME_CHECK_CONSUMER) timestamp=4247 ms, used_size=804864 bytes (2.0%)
(RDMA_READ_CONSUME_CHECK_CONSUMER) timestamp=4247 ms, used_size=802816 bytes (2.0%)
(RDMA_READ_CONSUME_CHECK_CONSUMER) timestamp=4247 ms, used_size=800768 bytes (2.0%)
(RDMA_READ_CONSUME_CHECK_CONSUMER) timestamp=4247 ms, used_size=798720 bytes (1.9%)
(RDMA_READ_CONSUME_CHECK_CONSUMER) timestamp=4247 ms, used_size=796672 bytes (1.9%)
(RDMA_READ_CONSUME_CHECK_CONSUMER) timestamp=4247 ms, used_size=794624 bytes (1.9%)
(RDMA_READ_CONSUME_CHECK_CONSUMER) timestamp=4247 ms, used_size=792576 bytes (1.9%)
(RDMA_READ_CONSUME_CHECK_CONSUMER) timestamp=4247 ms, used_size=790528 bytes (1.9%)
(RDMA_READ_CONSUME_CHECK_CONSUMER) timestamp=4247 ms, used_size=788480 bytes (1.9%)
(RDMA_READ_CONSUME_CHECK_CONSUMER) timestamp=4247 ms, used_size=786432 bytes (1.9%)
(RDMA_READ_CONSUME_CHECK_CONSUMER) timestamp=4247 ms, used_size=784384 bytes (1.9%)
(RDMA_READ_CONSUME_CHECK_CONSUMER) timestamp=4247 ms, used_size=782336 bytes (1.9%)
(RDMA_READ_CONSUME_CHECK_CONSUMER) timestamp=4247 ms, used_size=780288 bytes (1.9%)
(RDMA_READ_CONSUME_CHECK_CONSUMER) timestamp=4247 ms, used_size=778240 bytes (1.9%)
(RDMA_READ_CONSUME_CHECK_CONSUMER) timestamp=4247 ms, used_size=776192 bytes (1.9%)
(RDMA_READ_CONSUME_CHECK_CONSUMER) timestamp=4247 ms, used_size=774144 bytes (1.9%)
(RDMA_READ_CONSUME_CHECK_CONSUMER) timestamp=4247 ms, used_size=772096 bytes (1.9%)
(RDMA_READ_CONSUME_CHECK_CONSUMER) timestamp=4247 ms, used_size=770048 bytes (1.9%)
(RDMA_READ_CONSUME_CHECK_CONSUMER) timestamp=4247 ms, used_size=768000 bytes (1.9%)
(RDMA_READ_CONSUME_CHECK_CONSUMER) timestamp=4247 ms, used_size=765952 bytes (1.9%)
(RDMA_READ_CONSUME_CHECK_CONSUMER) timestamp=4247 ms, used_size=763904 bytes (1.9%)
(RDMA_READ_CONSUME_CHECK_CONSUMER) timestamp=4247 ms, used_size=761856 bytes (1.9%)
(RDMA_READ_CONSUME_CHECK_CONSUMER) timestamp=4247 ms, used_size=759808 bytes (1.9%)
(RDMA_READ_CONSUME_CHECK_CONSUMER) timestamp=4247 ms, used_size=757760 bytes (1.9%)
(RDMA_READ_CONSUME_CHECK_CONSUMER) timestamp=4247 ms, used_size=755712 bytes (1.8%)
(RDMA_READ_CONSUME_CHECK_CONSUMER) timestamp=4247 ms, used_size=753664 bytes (1.8%)
(RDMA_READ_CONSUME_CHECK_CONSUMER) timestamp=4247 ms, used_size=751616 bytes (1.8%)
(RDMA_READ_CONSUME_CHECK_CONSUMER) timestamp=4247 ms, used_size=749568 bytes (1.8%)
(RDMA_READ_CONSUME_CHECK_CONSUMER) timestamp=4247 ms, used_size=747520 bytes (1.8%)
(RDMA_READ_CONSUME_CHECK_CONSUMER) timestamp=4247 ms, used_size=745472 bytes (1.8%)
(RDMA_READ_CONSUME_CHECK_CONSUMER) timestamp=4247 ms, used_size=743424 bytes (1.8%)
(RDMA_READ_CONSUME_CHECK_CONSUMER) timestamp=4247 ms, used_size=741376 bytes (1.8%)
(RDMA_READ_CONSUME_CHECK_CONSUMER) timestamp=4247 ms, used_size=739328 bytes (1.8%)
(RDMA_READ_CONSUME_CHECK_CONSUMER) timestamp=4247 ms, used_size=737280 bytes (1.8%)
(RDMA_READ_CONSUME_CHECK_CONSUMER) timestamp=4247 ms, used_size=735232 bytes (1.8%)
(RDMA_READ_CONSUME_CHECK_CONSUMER) timestamp=4247 ms, used_size=733184 bytes (1.8%)
(RDMA_READ_CONSUME_CHECK_CONSUMER) timestamp=4247 ms, used_size=731136 bytes (1.8%)
(RDMA_READ_CONSUME_CHECK_CONSUMER) timestamp=4247 ms, used_size=729088 bytes (1.8%)
(RDMA_READ_CONSUME_CHECK_CONSUMER) timestamp=4247 ms, used_size=727040 bytes (1.8%)
(RDMA_READ_CONSUME_CHECK_CONSUMER) timestamp=4247 ms, used_size=724992 bytes (1.8%)
(RDMA_READ_CONSUME_CHECK_CONSUMER) timestamp=4247 ms, used_size=722944 bytes (1.8%)
(RDMA_READ_CONSUME_CHECK_CONSUMER) timestamp=4247 ms, used_size=720896 bytes (1.8%)
(RDMA_READ_CONSUME_CHECK_CONSUMER) timestamp=4247 ms, used_size=718848 bytes (1.8%)
(RDMA_READ_CONSUME_CHECK_CONSUMER) timestamp=4247 ms, used_size=716800 bytes (1.8%)
(RDMA_READ_CONSUME_CHECK_CONSUMER) timestamp=4247 ms, used_size=714752 bytes (1.7%)
(RDMA_READ_CONSUME_CHECK_CONSUMER) timestamp=4247 ms, used_size=712704 bytes (1.7%)
(RDMA_READ_CONSUME_CHECK_CONSUMER) timestamp=4247 ms, used_size=710656 bytes (1.7%)
(RDMA_READ_CONSUME_CHECK_CONSUMER) timestamp=4247 ms, used_size=708608 bytes (1.7%)
(RDMA_READ_CONSUME_CHECK_CONSUMER) timestamp=4247 ms, used_size=706560 bytes (1.7%)
(RDMA_READ_CONSUME_CHECK_CONSUMER) timestamp=4247 ms, used_size=704512 bytes (1.7%)
(RDMA_READ_CONSUME_CHECK_CONSUMER) timestamp=4247 ms, used_size=702464 bytes (1.7%)
(RDMA_READ_CONSUME_CHECK_CONSUMER) timestamp=4247 ms, used_size=700416 bytes (1.7%)
(RDMA_READ_CONSUME_CHECK_CONSUMER) timestamp=4247 ms, used_size=698368 bytes (1.7%)
(RDMA_READ_CONSUME_CHECK_CONSUMER) timestamp=4247 ms, used_size=696320 bytes (1.7%)
(RDMA_READ_CONSUME_CHECK_CONSUMER) timestamp=4247 ms, used_size=694272 bytes (1.7%)
(RDMA_READ_CONSUME_CHECK_CONSUMER) timestamp=4247 ms, used_size=692224 bytes (1.7%)
(RDMA_READ_CONSUME_CHECK_CONSUMER) timestamp=4247 ms, used_size=690176 bytes (1.7%)
(RDMA_READ_CONSUME_CHECK_CONSUMER) timestamp=4247 ms, used_size=688128 bytes (1.7%)
(RDMA_READ_CONSUME_CHECK_CONSUMER) timestamp=4247 ms, used_size=686080 bytes (1.7%)
(RDMA_READ_CONSUME_CHECK_CONSUMER) timestamp=4247 ms, used_size=684032 bytes (1.7%)
(RDMA_READ_CONSUME_CHECK_CONSUMER) timestamp=4247 ms, used_size=681984 bytes (1.7%)
(RDMA_READ_CONSUME_CHECK_CONSUMER) timestamp=4247 ms, used_size=679936 bytes (1.7%)
(RDMA_READ_CONSUME_CHECK_CONSUMER) timestamp=4247 ms, used_size=677888 bytes (1.7%)
(RDMA_READ_CONSUME_CHECK_CONSUMER) timestamp=4247 ms, used_size=675840 bytes (1.6%)
(RDMA_READ_CONSUME_CHECK_CONSUMER) timestamp=4247 ms, used_size=673792 bytes (1.6%)
(RDMA_READ_CONSUME_CHECK_CONSUMER) timestamp=4247 ms, used_size=671744 bytes (1.6%)
(RDMA_READ_CONSUME_CHECK_CONSUMER) timestamp=4247 ms, used_size=669696 bytes (1.6%)
(RDMA_READ_CONSUME_CHECK_CONSUMER) timestamp=4247 ms, used_size=667648 bytes (1.6%)
(RDMA_READ_CONSUME_CHECK_CONSUMER) timestamp=4247 ms, used_size=665600 bytes (1.6%)
(RDMA_READ_CONSUME_CHECK_CONSUMER) timestamp=4247 ms, used_size=663552 bytes (1.6%)
(RDMA_READ_CONSUME_CHECK_CONSUMER) timestamp=4247 ms, used_size=661504 bytes (1.6%)
(RDMA_READ_CONSUME_CHECK_CONSUMER) timestamp=4247 ms, used_size=659456 bytes (1.6%)
(RDMA_READ_CONSUME_CHECK_CONSUMER) timestamp=4247 ms, used_size=657408 bytes (1.6%)
(RDMA_READ_CONSUME_CHECK_CONSUMER) timestamp=4247 ms, used_size=655360 bytes (1.6%)
(RDMA_READ_CONSUME_CHECK_CONSUMER) timestamp=4247 ms, used_size=653312 bytes (1.6%)
(RDMA_READ_CONSUME_CHECK_CONSUMER) timestamp=4247 ms, used_size=651264 bytes (1.6%)
(RDMA_READ_CONSUME_CHECK_CONSUMER) timestamp=4247 ms, used_size=649216 bytes (1.6%)
(RDMA_READ_CONSUME_CHECK_CONSUMER) timestamp=4247 ms, used_size=647168 bytes (1.6%)
(RDMA_READ_CONSUME_CHECK_CONSUMER) timestamp=4247 ms, used_size=645120 bytes (1.6%)
(RDMA_READ_CONSUME_CHECK_CONSUMER) timestamp=4247 ms, used_size=643072 bytes (1.6%)
(RDMA_READ_CONSUME_CHECK_CONSUMER) timestamp=4247 ms, used_size=641024 bytes (1.6%)
(RDMA_READ_CONSUME_CHECK_CONSUMER) timestamp=4247 ms, used_size=638976 bytes (1.6%)
(RDMA_READ_CONSUME_CHECK_CONSUMER) timestamp=4247 ms, used_size=636928 bytes (1.6%)
(RDMA_READ_CONSUME_CHECK_CONSUMER) timestamp=4247 ms, used_size=634880 bytes (1.6%)
(RDMA_READ_CONSUME_CHECK_CONSUMER) timestamp=4247 ms, used_size=632832 bytes (1.5%)
(RDMA_READ_CONSUME_CHECK_CONSUMER) timestamp=4247 ms, used_size=630784 bytes (1.5%)
(RDMA_READ_CONSUME_CHECK_CONSUMER) timestamp=4247 ms, used_size=628736 bytes (1.5%)
(RDMA_READ_CONSUME_CHECK_CONSUMER) timestamp=4247 ms, used_size=626688 bytes (1.5%)
(RDMA_READ_CONSUME_CHECK_CONSUMER) timestamp=4247 ms, used_size=624640 bytes (1.5%)
(RDMA_READ_CONSUME_CHECK_CONSUMER) timestamp=4247 ms, used_size=622592 bytes (1.5%)
(RDMA_READ_CONSUME_CHECK_CONSUMER) timestamp=4247 ms, used_size=620544 bytes (1.5%)
(RDMA_READ_CONSUME_CHECK_CONSUMER) timestamp=4247 ms, used_size=618496 bytes (1.5%)
(RDMA_READ_CONSUME_CHECK_CONSUMER) timestamp=4247 ms, used_size=616448 bytes (1.5%)
(RDMA_READ_CONSUME_CHECK_CONSUMER) timestamp=4247 ms, used_size=614400 bytes (1.5%)
(RDMA_READ_CONSUME_CHECK_CONSUMER) timestamp=4247 ms, used_size=612352 bytes (1.5%)
(RDMA_READ_CONSUME_CHECK_CONSUMER) timestamp=4247 ms, used_size=610304 bytes (1.5%)
(RDMA_READ_CONSUME_CHECK_CONSUMER) timestamp=4247 ms, used_size=608256 bytes (1.5%)
(RDMA_READ_CONSUME_CHECK_CONSUMER) timestamp=4247 ms, used_size=606208 bytes (1.5%)
(RDMA_READ_CONSUME_CHECK_CONSUMER) timestamp=4247 ms, used_size=604160 bytes (1.5%)
(RDMA_READ_CONSUME_CHECK_CONSUMER) timestamp=4247 ms, used_size=602112 bytes (1.5%)
(RDMA_READ_CONSUME_CHECK_CONSUMER) timestamp=4247 ms, used_size=600064 bytes (1.5%)
(RDMA_READ_CONSUME_CHECK_CONSUMER) timestamp=4247 ms, used_size=598016 bytes (1.5%)
(RDMA_READ_CONSUME_CHECK_CONSUMER) timestamp=4247 ms, used_size=595968 bytes (1.5%)
(RDMA_READ_CONSUME_CHECK_CONSUMER) timestamp=4247 ms, used_size=593920 bytes (1.4%)
(RDMA_READ_CONSUME_CHECK_CONSUMER) timestamp=4247 ms, used_size=591872 bytes (1.4%)
(RDMA_READ_CONSUME_CHECK_CONSUMER) timestamp=4247 ms, used_size=589824 bytes (1.4%)
(RDMA_READ_CONSUME_CHECK_CONSUMER) timestamp=4247 ms, used_size=587776 bytes (1.4%)
(RDMA_READ_CONSUME_CHECK_CONSUMER) timestamp=4247 ms, used_size=585728 bytes (1.4%)
(RDMA_READ_CONSUME_CHECK_CONSUMER) timestamp=4247 ms, used_size=583680 bytes (1.4%)
(RDMA_READ_CONSUME_CHECK_CONSUMER) timestamp=4247 ms, used_size=581632 bytes (1.4%)
(RDMA_READ_CONSUME_CHECK_CONSUMER) timestamp=4247 ms, used_size=579584 bytes (1.4%)
(RDMA_READ_CONSUME_CHECK_CONSUMER) timestamp=4247 ms, used_size=577536 bytes (1.4%)
(RDMA_READ_CONSUME_CHECK_CONSUMER) timestamp=4247 ms, used_size=575488 bytes (1.4%)
(RDMA_READ_CONSUME_CHECK_CONSUMER) timestamp=4247 ms, used_size=573440 bytes (1.4%)
(RDMA_READ_CONSUME_CHECK_CONSUMER) timestamp=4247 ms, used_size=571392 bytes (1.4%)
(RDMA_READ_CONSUME_CHECK_CONSUMER) timestamp=4247 ms, used_size=569344 bytes (1.4%)
(RDMA_READ_CONSUME_CHECK_CONSUMER) timestamp=4247 ms, used_size=567296 bytes (1.4%)
(RDMA_READ_CONSUME_CHECK_CONSUMER) timestamp=4247 ms, used_size=565248 bytes (1.4%)
(RDMA_READ_CONSUME_CHECK_CONSUMER) timestamp=4247 ms, used_size=563200 bytes (1.4%)
(RDMA_READ_CONSUME_CHECK_CONSUMER) timestamp=4247 ms, used_size=561152 bytes (1.4%)
(RDMA_READ_CONSUME_CHECK_CONSUMER) timestamp=4247 ms, used_size=559104 bytes (1.4%)
(RDMA_READ_CONSUME_CHECK_CONSUMER) timestamp=4247 ms, used_size=557056 bytes (1.4%)
(RDMA_READ_CONSUME_CHECK_CONSUMER) timestamp=4247 ms, used_size=555008 bytes (1.4%)
(RDMA_READ_CONSUME_CHECK_CONSUMER) timestamp=4247 ms, used_size=552960 bytes (1.4%)
(RDMA_READ_CONSUME_CHECK_CONSUMER) timestamp=4247 ms, used_size=550912 bytes (1.3%)
(RDMA_READ_CONSUME_CHECK_CONSUMER) timestamp=4247 ms, used_size=548864 bytes (1.3%)
(RDMA_READ_CONSUME_CHECK_CONSUMER) timestamp=4247 ms, used_size=546816 bytes (1.3%)
(RDMA_READ_CONSUME_CHECK_CONSUMER) timestamp=4247 ms, used_size=544768 bytes (1.3%)
(RDMA_READ_CONSUME_CHECK_CONSUMER) timestamp=4247 ms, used_size=542720 bytes (1.3%)
(RDMA_READ_CONSUME_CHECK_CONSUMER) timestamp=4247 ms, used_size=540672 bytes (1.3%)
(RDMA_READ_CONSUME_CHECK_CONSUMER) timestamp=4247 ms, used_size=538624 bytes (1.3%)
(RDMA_READ_CONSUME_CHECK_CONSUMER) timestamp=4247 ms, used_size=536576 bytes (1.3%)
(RDMA_READ_CONSUME_CHECK_CONSUMER) timestamp=4247 ms, used_size=534528 bytes (1.3%)
(RDMA_READ_CONSUME_CHECK_CONSUMER) timestamp=4247 ms, used_size=532480 bytes (1.3%)
(RDMA_READ_CONSUME_CHECK_CONSUMER) timestamp=4247 ms, used_size=530432 bytes (1.3%)
(RDMA_READ_CONSUME_CHECK_CONSUMER) timestamp=4247 ms, used_size=528384 bytes (1.3%)
(RDMA_READ_CONSUME_CHECK_CONSUMER) timestamp=4247 ms, used_size=526336 bytes (1.3%)
(RDMA_READ_CONSUME_CHECK_CONSUMER) timestamp=4247 ms, used_size=524288 bytes (1.3%)
(RDMA_READ_CONSUME_CHECK_CONSUMER) timestamp=4247 ms, used_size=522240 bytes (1.3%)
(RDMA_READ_CONSUME_CHECK_CONSUMER) timestamp=4247 ms, used_size=520192 bytes (1.3%)
(RDMA_READ_CONSUME_CHECK_CONSUMER) timestamp=4247 ms, used_size=518144 bytes (1.3%)
(RDMA_READ_CONSUME_CHECK_CONSUMER) timestamp=4247 ms, used_size=516096 bytes (1.3%)
(RDMA_READ_CONSUME_CHECK_CONSUMER) timestamp=4247 ms, used_size=514048 bytes (1.3%)
(RDMA_READ_CONSUME_CHECK_CONSUMER) timestamp=4247 ms, used_size=512000 bytes (1.2%)
(RDMA_READ_CONSUME_CHECK_CONSUMER) timestamp=4247 ms, used_size=509952 bytes (1.2%)
(RDMA_READ_CONSUME_CHECK_CONSUMER) timestamp=4247 ms, used_size=507904 bytes (1.2%)
(RDMA_READ_CONSUME_CHECK_CONSUMER) timestamp=4247 ms, used_size=505856 bytes (1.2%)
(RDMA_READ_CONSUME_CHECK_CONSUMER) timestamp=4247 ms, used_size=503808 bytes (1.2%)
(RDMA_READ_CONSUME_CHECK_CONSUMER) timestamp=4247 ms, used_size=501760 bytes (1.2%)
(RDMA_READ_CONSUME_CHECK_CONSUMER) timestamp=4247 ms, used_size=499712 bytes (1.2%)
(RDMA_READ_CONSUME_CHECK_CONSUMER) timestamp=4247 ms, used_size=497664 bytes (1.2%)
(RDMA_READ_CONSUME_CHECK_CONSUMER) timestamp=4247 ms, used_size=495616 bytes (1.2%)
(RDMA_READ_CONSUME_CHECK_CONSUMER) timestamp=4247 ms, used_size=493568 bytes (1.2%)
(RDMA_READ_CONSUME_CHECK_CONSUMER) timestamp=4247 ms, used_size=491520 bytes (1.2%)
(RDMA_READ_CONSUME_CHECK_CONSUMER) timestamp=4247 ms, used_size=489472 bytes (1.2%)
(RDMA_READ_CONSUME_CHECK_CONSUMER) timestamp=4247 ms, used_size=487424 bytes (1.2%)
(RDMA_READ_CONSUME_CHECK_CONSUMER) timestamp=4247 ms, used_size=485376 bytes (1.2%)
(RDMA_READ_CONSUME_CHECK_CONSUMER) timestamp=4247 ms, used_size=483328 bytes (1.2%)
(RDMA_READ_CONSUME_CHECK_CONSUMER) timestamp=4247 ms, used_size=481280 bytes (1.2%)
(RDMA_READ_CONSUME_CHECK_CONSUMER) timestamp=4247 ms, used_size=479232 bytes (1.2%)
(RDMA_READ_CONSUME_CHECK_CONSUMER) timestamp=4247 ms, used_size=477184 bytes (1.2%)
(RDMA_READ_CONSUME_CHECK_CONSUMER) timestamp=4247 ms, used_size=475136 bytes (1.2%)
(RDMA_READ_CONSUME_CHECK_CONSUMER) timestamp=4247 ms, used_size=473088 bytes (1.2%)
(RDMA_READ_CONSUME_CHECK_CONSUMER) timestamp=4247 ms, used_size=471040 bytes (1.1%)
(RDMA_READ_CONSUME_CHECK_CONSUMER) timestamp=4247 ms, used_size=468992 bytes (1.1%)
(RDMA_READ_CONSUME_CHECK_CONSUMER) timestamp=4247 ms, used_size=466944 bytes (1.1%)
(RDMA_READ_CONSUME_CHECK_CONSUMER) timestamp=4247 ms, used_size=464896 bytes (1.1%)
(RDMA_READ_CONSUME_CHECK_CONSUMER) timestamp=4247 ms, used_size=462848 bytes (1.1%)
(RDMA_READ_CONSUME_CHECK_CONSUMER) timestamp=4247 ms, used_size=460800 bytes (1.1%)
(RDMA_READ_CONSUME_CHECK_CONSUMER) timestamp=4247 ms, used_size=458752 bytes (1.1%)
(RDMA_READ_CONSUME_CHECK_CONSUMER) timestamp=4247 ms, used_size=456704 bytes (1.1%)
(RDMA_READ_CONSUME_CHECK_CONSUMER) timestamp=4248 ms, used_size=454656 bytes (1.1%)
(RDMA_READ_CONSUME_CHECK_CONSUMER) timestamp=4248 ms, used_size=452608 bytes (1.1%)
(RDMA_READ_CONSUME_CHECK_CONSUMER) timestamp=4248 ms, used_size=450560 bytes (1.1%)
(RDMA_READ_CONSUME_CHECK_CONSUMER) timestamp=4248 ms, used_size=448512 bytes (1.1%)
(RDMA_READ_CONSUME_CHECK_CONSUMER) timestamp=4248 ms, used_size=446464 bytes (1.1%)
(RDMA_READ_CONSUME_CHECK_CONSUMER) timestamp=4248 ms, used_size=444416 bytes (1.1%)
(RDMA_READ_CONSUME_CHECK_CONSUMER) timestamp=4248 ms, used_size=442368 bytes (1.1%)
(RDMA_READ_CONSUME_CHECK_CONSUMER) timestamp=4248 ms, used_size=440320 bytes (1.1%)
(RDMA_READ_CONSUME_CHECK_CONSUMER) timestamp=4248 ms, used_size=438272 bytes (1.1%)
(RDMA_READ_CONSUME_CHECK_CONSUMER) timestamp=4248 ms, used_size=436224 bytes (1.1%)
(RDMA_READ_CONSUME_CHECK_CONSUMER) timestamp=4248 ms, used_size=434176 bytes (1.1%)
(RDMA_READ_CONSUME_CHECK_CONSUMER) timestamp=4248 ms, used_size=432128 bytes (1.1%)
(RDMA_READ_CONSUME_CHECK_CONSUMER) timestamp=4248 ms, used_size=430080 bytes (1.1%)
(RDMA_READ_CONSUME_CHECK_CONSUMER) timestamp=4248 ms, used_size=428032 bytes (1.0%)
(RDMA_READ_CONSUME_CHECK_CONSUMER) timestamp=4248 ms, used_size=425984 bytes (1.0%)
(RDMA_READ_CONSUME_CHECK_CONSUMER) timestamp=4248 ms, used_size=423936 bytes (1.0%)
(RDMA_READ_CONSUME_CHECK_CONSUMER) timestamp=4248 ms, used_size=421888 bytes (1.0%)
(RDMA_READ_CONSUME_CHECK_CONSUMER) timestamp=4248 ms, used_size=419840 bytes (1.0%)
(RDMA_READ_CONSUME_CHECK_CONSUMER) timestamp=4248 ms, used_size=417792 bytes (1.0%)
(RDMA_READ_CONSUME_CHECK_CONSUMER) timestamp=4248 ms, used_size=415744 bytes (1.0%)
(RDMA_READ_CONSUME_CHECK_CONSUMER) timestamp=4248 ms, used_size=413696 bytes (1.0%)
(RDMA_READ_CONSUME_CHECK_CONSUMER) timestamp=4248 ms, used_size=411648 bytes (1.0%)
(RDMA_READ_CONSUME_CHECK_CONSUMER) timestamp=4248 ms, used_size=409600 bytes (1.0%)
(RDMA_READ_CONSUME_CHECK_CONSUMER) timestamp=4248 ms, used_size=407552 bytes (1.0%)
(RDMA_READ_CONSUME_CHECK_CONSUMER) timestamp=4248 ms, used_size=405504 bytes (1.0%)
(RDMA_READ_CONSUME_CHECK_CONSUMER) timestamp=4248 ms, used_size=403456 bytes (1.0%)
(RDMA_READ_CONSUME_CHECK_CONSUMER) timestamp=4248 ms, used_size=401408 bytes (1.0%)
(RDMA_READ_CONSUME_CHECK_CONSUMER) timestamp=4248 ms, used_size=399360 bytes (1.0%)
(RDMA_READ_CONSUME_CHECK_CONSUMER) timestamp=4248 ms, used_size=397312 bytes (1.0%)
(RDMA_READ_CONSUME_CHECK_CONSUMER) timestamp=4248 ms, used_size=395264 bytes (1.0%)
(RDMA_READ_CONSUME_CHECK_CONSUMER) timestamp=4248 ms, used_size=393216 bytes (1.0%)
(RDMA_READ_CONSUME_CHECK_CONSUMER) timestamp=4248 ms, used_size=391168 bytes (1.0%)
(RDMA_READ_CONSUME_CHECK_CONSUMER) timestamp=4248 ms, used_size=389120 bytes (0.9%)
(RDMA_READ_CONSUME_CHECK_CONSUMER) timestamp=4248 ms, used_size=387072 bytes (0.9%)
(RDMA_READ_CONSUME_CHECK_CONSUMER) timestamp=4248 ms, used_size=385024 bytes (0.9%)
(RDMA_READ_CONSUME_CHECK_CONSUMER) timestamp=4248 ms, used_size=382976 bytes (0.9%)
(RDMA_READ_CONSUME_CHECK_CONSUMER) timestamp=4248 ms, used_size=380928 bytes (0.9%)
(RDMA_READ_CONSUME_CHECK_CONSUMER) timestamp=4248 ms, used_size=378880 bytes (0.9%)
(RDMA_READ_CONSUME_CHECK_CONSUMER) timestamp=4248 ms, used_size=376832 bytes (0.9%)
(RDMA_READ_CONSUME_CHECK_CONSUMER) timestamp=4248 ms, used_size=374784 bytes (0.9%)
(RDMA_READ_CONSUME_CHECK_CONSUMER) timestamp=4248 ms, used_size=372736 bytes (0.9%)
(RDMA_READ_CONSUME_CHECK_CONSUMER) timestamp=4248 ms, used_size=370688 bytes (0.9%)
(RDMA_READ_CONSUME_CHECK_CONSUMER) timestamp=4248 ms, used_size=368640 bytes (0.9%)
(RDMA_READ_CONSUME_CHECK_CONSUMER) timestamp=4248 ms, used_size=366592 bytes (0.9%)
(RDMA_READ_CONSUME_CHECK_CONSUMER) timestamp=4248 ms, used_size=364544 bytes (0.9%)
(RDMA_READ_CONSUME_CHECK_CONSUMER) timestamp=4248 ms, used_size=362496 bytes (0.9%)
(RDMA_READ_CONSUME_CHECK_CONSUMER) timestamp=4248 ms, used_size=360448 bytes (0.9%)
(RDMA_READ_CONSUME_CHECK_CONSUMER) timestamp=4248 ms, used_size=358400 bytes (0.9%)
(RDMA_READ_CONSUME_CHECK_CONSUMER) timestamp=4248 ms, used_size=356352 bytes (0.9%)
(RDMA_READ_CONSUME_CHECK_CONSUMER) timestamp=4248 ms, used_size=354304 bytes (0.9%)
(RDMA_READ_CONSUME_CHECK_CONSUMER) timestamp=4248 ms, used_size=352256 bytes (0.9%)
(RDMA_READ_CONSUME_CHECK_CONSUMER) timestamp=4248 ms, used_size=350208 bytes (0.9%)
(RDMA_READ_CONSUME_CHECK_CONSUMER) timestamp=4248 ms, used_size=348160 bytes (0.8%)
(RDMA_READ_CONSUME_CHECK_CONSUMER) timestamp=4248 ms, used_size=346112 bytes (0.8%)
(RDMA_READ_CONSUME_CHECK_CONSUMER) timestamp=4248 ms, used_size=344064 bytes (0.8%)
(RDMA_READ_CONSUME_CHECK_CONSUMER) timestamp=4248 ms, used_size=342016 bytes (0.8%)
(RDMA_READ_CONSUME_CHECK_CONSUMER) timestamp=4248 ms, used_size=339968 bytes (0.8%)
(RDMA_READ_CONSUME_CHECK_CONSUMER) timestamp=4248 ms, used_size=337920 bytes (0.8%)
(RDMA_READ_CONSUME_CHECK_CONSUMER) timestamp=4248 ms, used_size=335872 bytes (0.8%)
(RDMA_READ_CONSUME_CHECK_CONSUMER) timestamp=4248 ms, used_size=333824 bytes (0.8%)
(RDMA_READ_CONSUME_CHECK_CONSUMER) timestamp=4248 ms, used_size=331776 bytes (0.8%)
(RDMA_READ_CONSUME_CHECK_CONSUMER) timestamp=4248 ms, used_size=329728 bytes (0.8%)
(RDMA_READ_CONSUME_CHECK_CONSUMER) timestamp=4248 ms, used_size=327680 bytes (0.8%)
(RDMA_READ_CONSUME_CHECK_CONSUMER) timestamp=4248 ms, used_size=325632 bytes (0.8%)
(RDMA_READ_CONSUME_CHECK_CONSUMER) timestamp=4248 ms, used_size=323584 bytes (0.8%)
(RDMA_READ_CONSUME_CHECK_CONSUMER) timestamp=4248 ms, used_size=321536 bytes (0.8%)
(RDMA_READ_CONSUME_CHECK_CONSUMER) timestamp=4248 ms, used_size=319488 bytes (0.8%)
(RDMA_READ_CONSUME_CHECK_CONSUMER) timestamp=4248 ms, used_size=317440 bytes (0.8%)
(RDMA_READ_CONSUME_CHECK_CONSUMER) timestamp=4248 ms, used_size=315392 bytes (0.8%)
(RDMA_READ_CONSUME_CHECK_CONSUMER) timestamp=4248 ms, used_size=313344 bytes (0.8%)
(RDMA_READ_CONSUME_CHECK_CONSUMER) timestamp=4248 ms, used_size=311296 bytes (0.8%)
(RDMA_READ_CONSUME_CHECK_CONSUMER) timestamp=4248 ms, used_size=309248 bytes (0.8%)
(RDMA_READ_CONSUME_CHECK_CONSUMER) timestamp=4248 ms, used_size=307200 bytes (0.8%)
(RDMA_READ_CONSUME_CHECK_CONSUMER) timestamp=4248 ms, used_size=305152 bytes (0.7%)
(RDMA_READ_CONSUME_CHECK_CONSUMER) timestamp=4248 ms, used_size=303104 bytes (0.7%)
(RDMA_READ_CONSUME_CHECK_CONSUMER) timestamp=4248 ms, used_size=301056 bytes (0.7%)
(RDMA_READ_CONSUME_CHECK_CONSUMER) timestamp=4248 ms, used_size=299008 bytes (0.7%)
(RDMA_READ_CONSUME_CHECK_CONSUMER) timestamp=4248 ms, used_size=296960 bytes (0.7%)
(RDMA_READ_CONSUME_CHECK_CONSUMER) timestamp=4248 ms, used_size=294912 bytes (0.7%)
(RDMA_READ_CONSUME_CHECK_CONSUMER) timestamp=4248 ms, used_size=292864 bytes (0.7%)
(RDMA_READ_CONSUME_CHECK_CONSUMER) timestamp=4248 ms, used_size=290816 bytes (0.7%)
(RDMA_READ_CONSUME_CHECK_CONSUMER) timestamp=4248 ms, used_size=288768 bytes (0.7%)
(RDMA_READ_CONSUME_CHECK_CONSUMER) timestamp=4248 ms, used_size=286720 bytes (0.7%)
(RDMA_READ_CONSUME_CHECK_CONSUMER) timestamp=4248 ms, used_size=284672 bytes (0.7%)
(RDMA_READ_CONSUME_CHECK_CONSUMER) timestamp=4248 ms, used_size=282624 bytes (0.7%)
(RDMA_READ_CONSUME_CHECK_CONSUMER) timestamp=4248 ms, used_size=280576 bytes (0.7%)
(RDMA_READ_CONSUME_CHECK_CONSUMER) timestamp=4248 ms, used_size=278528 bytes (0.7%)
(RDMA_READ_CONSUME_CHECK_CONSUMER) timestamp=4248 ms, used_size=276480 bytes (0.7%)
(RDMA_READ_CONSUME_CHECK_CONSUMER) timestamp=4248 ms, used_size=274432 bytes (0.7%)
(RDMA_READ_CONSUME_CHECK_CONSUMER) timestamp=4248 ms, used_size=272384 bytes (0.7%)
(RDMA_READ_CONSUME_CHECK_CONSUMER) timestamp=4248 ms, used_size=270336 bytes (0.7%)
(RDMA_READ_CONSUME_CHECK_CONSUMER) timestamp=4248 ms, used_size=268288 bytes (0.7%)
(RDMA_READ_CONSUME_CHECK_CONSUMER) timestamp=4248 ms, used_size=266240 bytes (0.7%)
(RDMA_READ_CONSUME_CHECK_CONSUMER) timestamp=4248 ms, used_size=264192 bytes (0.6%)
(RDMA_READ_CONSUME_CHECK_CONSUMER) timestamp=4248 ms, used_size=262144 bytes (0.6%)
(RDMA_READ_CONSUME_CHECK_CONSUMER) timestamp=4248 ms, used_size=260096 bytes (0.6%)
(RDMA_READ_CONSUME_CHECK_CONSUMER) timestamp=4248 ms, used_size=258048 bytes (0.6%)
(RDMA_READ_CONSUME_CHECK_CONSUMER) timestamp=4248 ms, used_size=256000 bytes (0.6%)
(RDMA_READ_CONSUME_CHECK_CONSUMER) timestamp=4248 ms, used_size=253952 bytes (0.6%)
(RDMA_READ_CONSUME_CHECK_CONSUMER) timestamp=4248 ms, used_size=251904 bytes (0.6%)
(RDMA_READ_CONSUME_CHECK_CONSUMER) timestamp=4248 ms, used_size=249856 bytes (0.6%)
(RDMA_READ_CONSUME_CHECK_CONSUMER) timestamp=4248 ms, used_size=247808 bytes (0.6%)
(RDMA_READ_CONSUME_CHECK_CONSUMER) timestamp=4248 ms, used_size=245760 bytes (0.6%)
(RDMA_READ_CONSUME_CHECK_CONSUMER) timestamp=4248 ms, used_size=243712 bytes (0.6%)
(RDMA_READ_CONSUME_CHECK_CONSUMER) timestamp=4248 ms, used_size=241664 bytes (0.6%)
(RDMA_READ_CONSUME_CHECK_CONSUMER) timestamp=4248 ms, used_size=239616 bytes (0.6%)
(RDMA_READ_CONSUME_CHECK_CONSUMER) timestamp=4248 ms, used_size=237568 bytes (0.6%)
(RDMA_READ_CONSUME_CHECK_CONSUMER) timestamp=4248 ms, used_size=235520 bytes (0.6%)
(RDMA_READ_CONSUME_CHECK_CONSUMER) timestamp=4248 ms, used_size=233472 bytes (0.6%)
(RDMA_READ_CONSUME_CHECK_CONSUMER) timestamp=4248 ms, used_size=231424 bytes (0.6%)
(RDMA_READ_CONSUME_CHECK_CONSUMER) timestamp=4248 ms, used_size=229376 bytes (0.6%)
(RDMA_READ_CONSUME_CHECK_CONSUMER) timestamp=4248 ms, used_size=227328 bytes (0.6%)
(RDMA_READ_CONSUME_CHECK_CONSUMER) timestamp=4248 ms, used_size=225280 bytes (0.6%)
(RDMA_READ_CONSUME_CHECK_CONSUMER) timestamp=4248 ms, used_size=223232 bytes (0.5%)
(RDMA_READ_CONSUME_CHECK_CONSUMER) timestamp=4248 ms, used_size=221184 bytes (0.5%)
(RDMA_READ_CONSUME_CHECK_CONSUMER) timestamp=4248 ms, used_size=219136 bytes (0.5%)
(RDMA_READ_CONSUME_CHECK_CONSUMER) timestamp=4248 ms, used_size=217088 bytes (0.5%)
(RDMA_READ_CONSUME_CHECK_CONSUMER) timestamp=4248 ms, used_size=215040 bytes (0.5%)
(RDMA_READ_CONSUME_CHECK_CONSUMER) timestamp=4248 ms, used_size=212992 bytes (0.5%)
(RDMA_READ_CONSUME_CHECK_CONSUMER) timestamp=4248 ms, used_size=210944 bytes (0.5%)
(RDMA_READ_CONSUME_CHECK_CONSUMER) timestamp=4248 ms, used_size=208896 bytes (0.5%)
(RDMA_READ_CONSUME_CHECK_CONSUMER) timestamp=4248 ms, used_size=206848 bytes (0.5%)
(RDMA_READ_CONSUME_CHECK_CONSUMER) timestamp=4248 ms, used_size=204800 bytes (0.5%)
(RDMA_READ_CONSUME_CHECK_CONSUMER) timestamp=4248 ms, used_size=202752 bytes (0.5%)
(RDMA_READ_CONSUME_CHECK_CONSUMER) timestamp=4248 ms, used_size=200704 bytes (0.5%)
(RDMA_READ_CONSUME_CHECK_CONSUMER) timestamp=4248 ms, used_size=198656 bytes (0.5%)
(RDMA_READ_CONSUME_CHECK_CONSUMER) timestamp=4248 ms, used_size=196608 bytes (0.5%)
(RDMA_READ_CONSUME_CHECK_CONSUMER) timestamp=4248 ms, used_size=194560 bytes (0.5%)
(RDMA_READ_CONSUME_CHECK_CONSUMER) timestamp=4248 ms, used_size=192512 bytes (0.5%)
(RDMA_READ_CONSUME_CHECK_CONSUMER) timestamp=4248 ms, used_size=190464 bytes (0.5%)
(RDMA_READ_CONSUME_CHECK_CONSUMER) timestamp=4248 ms, used_size=188416 bytes (0.5%)
(RDMA_READ_CONSUME_CHECK_CONSUMER) timestamp=4248 ms, used_size=186368 bytes (0.5%)
(RDMA_READ_CONSUME_CHECK_CONSUMER) timestamp=4248 ms, used_size=184320 bytes (0.5%)
(RDMA_READ_CONSUME_CHECK_CONSUMER) timestamp=4248 ms, used_size=182272 bytes (0.4%)
(RDMA_READ_CONSUME_CHECK_CONSUMER) timestamp=4248 ms, used_size=180224 bytes (0.4%)
(RDMA_READ_CONSUME_CHECK_CONSUMER) timestamp=4248 ms, used_size=178176 bytes (0.4%)
(RDMA_READ_CONSUME_CHECK_CONSUMER) timestamp=4248 ms, used_size=176128 bytes (0.4%)
(RDMA_READ_CONSUME_CHECK_CONSUMER) timestamp=4248 ms, used_size=174080 bytes (0.4%)
(RDMA_READ_CONSUME_CHECK_CONSUMER) timestamp=4248 ms, used_size=172032 bytes (0.4%)
(RDMA_READ_CONSUME_CHECK_CONSUMER) timestamp=4248 ms, used_size=169984 bytes (0.4%)
(RDMA_READ_CONSUME_CHECK_CONSUMER) timestamp=4248 ms, used_size=167936 bytes (0.4%)
(RDMA_READ_CONSUME_CHECK_CONSUMER) timestamp=4248 ms, used_size=165888 bytes (0.4%)
(RDMA_READ_CONSUME_CHECK_CONSUMER) timestamp=4248 ms, used_size=163840 bytes (0.4%)
(RDMA_READ_CONSUME_CHECK_CONSUMER) timestamp=4248 ms, used_size=161792 bytes (0.4%)
(RDMA_READ_CONSUME_CHECK_CONSUMER) timestamp=4248 ms, used_size=159744 bytes (0.4%)
(RDMA_READ_CONSUME_CHECK_CONSUMER) timestamp=4248 ms, used_size=157696 bytes (0.4%)
(RDMA_READ_CONSUME_CHECK_CONSUMER) timestamp=4248 ms, used_size=155648 bytes (0.4%)
(RDMA_READ_CONSUME_CHECK_CONSUMER) timestamp=4248 ms, used_size=153600 bytes (0.4%)
(RDMA_READ_CONSUME_CHECK_CONSUMER) timestamp=4248 ms, used_size=151552 bytes (0.4%)
(RDMA_READ_CONSUME_CHECK_CONSUMER) timestamp=4248 ms, used_size=149504 bytes (0.4%)
(RDMA_READ_CONSUME_CHECK_CONSUMER) timestamp=4248 ms, used_size=147456 bytes (0.4%)
(RDMA_READ_CONSUME_CHECK_CONSUMER) timestamp=4248 ms, used_size=145408 bytes (0.4%)
(RDMA_READ_CONSUME_CHECK_CONSUMER) timestamp=4248 ms, used_size=143360 bytes (0.3%)
(RDMA_READ_CONSUME_CHECK_CONSUMER) timestamp=4248 ms, used_size=141312 bytes (0.3%)
(RDMA_READ_CONSUME_CHECK_CONSUMER) timestamp=4248 ms, used_size=139264 bytes (0.3%)
(RDMA_READ_CONSUME_CHECK_CONSUMER) timestamp=4248 ms, used_size=137216 bytes (0.3%)
(RDMA_READ_CONSUME_CHECK_CONSUMER) timestamp=4248 ms, used_size=135168 bytes (0.3%)
(RDMA_READ_CONSUME_CHECK_CONSUMER) timestamp=4248 ms, used_size=133120 bytes (0.3%)
(RDMA_READ_CONSUME_CHECK_CONSUMER) timestamp=4248 ms, used_size=131072 bytes (0.3%)
(RDMA_READ_CONSUME_CHECK_CONSUMER) timestamp=4248 ms, used_size=129024 bytes (0.3%)
(RDMA_READ_CONSUME_CHECK_CONSUMER) timestamp=4248 ms, used_size=126976 bytes (0.3%)
(RDMA_READ_CONSUME_CHECK_CONSUMER) timestamp=4248 ms, used_size=124928 bytes (0.3%)
(RDMA_READ_CONSUME_CHECK_CONSUMER) timestamp=4248 ms, used_size=122880 bytes (0.3%)
(RDMA_READ_CONSUME_CHECK_CONSUMER) timestamp=4248 ms, used_size=120832 bytes (0.3%)
(RDMA_READ_CONSUME_CHECK_CONSUMER) timestamp=4248 ms, used_size=118784 bytes (0.3%)
(RDMA_READ_CONSUME_CHECK_CONSUMER) timestamp=4248 ms, used_size=116736 bytes (0.3%)
(RDMA_READ_CONSUME_CHECK_CONSUMER) timestamp=4248 ms, used_size=114688 bytes (0.3%)
(RDMA_READ_CONSUME_CHECK_CONSUMER) timestamp=4248 ms, used_size=112640 bytes (0.3%)
(RDMA_READ_CONSUME_CHECK_CONSUMER) timestamp=4248 ms, used_size=110592 bytes (0.3%)
(RDMA_READ_CONSUME_CHECK_CONSUMER) timestamp=4248 ms, used_size=108544 bytes (0.3%)
(RDMA_READ_CONSUME_CHECK_CONSUMER) timestamp=4248 ms, used_size=106496 bytes (0.3%)
(RDMA_READ_CONSUME_CHECK_CONSUMER) timestamp=4248 ms, used_size=104448 bytes (0.3%)
(RDMA_READ_CONSUME_CHECK_CONSUMER) timestamp=4248 ms, used_size=102400 bytes (0.2%)
(RDMA_READ_CONSUME_CHECK_CONSUMER) timestamp=4248 ms, used_size=100352 bytes (0.2%)
(RDMA_READ_CONSUME_CHECK_CONSUMER) timestamp=4248 ms, used_size=98304 bytes (0.2%)
(RDMA_READ_CONSUME_CHECK_CONSUMER) timestamp=4248 ms, used_size=96256 bytes (0.2%)
(RDMA_READ_CONSUME_CHECK_CONSUMER) timestamp=4248 ms, used_size=94208 bytes (0.2%)
(RDMA_READ_CONSUME_CHECK_CONSUMER) timestamp=4248 ms, used_size=92160 bytes (0.2%)
(RDMA_READ_CONSUME_CHECK_CONSUMER) timestamp=4248 ms, used_size=90112 bytes (0.2%)
(RDMA_READ_CONSUME_CHECK_CONSUMER) timestamp=4248 ms, used_size=88064 bytes (0.2%)
(RDMA_READ_CONSUME_CHECK_CONSUMER) timestamp=4248 ms, used_size=86016 bytes (0.2%)
(RDMA_READ_CONSUME_CHECK_CONSUMER) timestamp=4248 ms, used_size=83968 bytes (0.2%)
(RDMA_READ_CONSUME_CHECK_CONSUMER) timestamp=4248 ms, used_size=81920 bytes (0.2%)
(RDMA_READ_CONSUME_CHECK_CONSUMER) timestamp=4248 ms, used_size=79872 bytes (0.2%)
(RDMA_READ_CONSUME_CHECK_CONSUMER) timestamp=4248 ms, used_size=77824 bytes (0.2%)
(RDMA_READ_CONSUME_CHECK_CONSUMER) timestamp=4248 ms, used_size=75776 bytes (0.2%)
(RDMA_READ_CONSUME_CHECK_CONSUMER) timestamp=4249 ms, used_size=73728 bytes (0.2%)
(RDMA_READ_CONSUME_CHECK_CONSUMER) timestamp=4249 ms, used_size=71680 bytes (0.2%)
(RDMA_READ_CONSUME_CHECK_CONSUMER) timestamp=4249 ms, used_size=69632 bytes (0.2%)
(RDMA_READ_CONSUME_CHECK_CONSUMER) timestamp=4249 ms, used_size=67584 bytes (0.2%)
(RDMA_READ_CONSUME_CHECK_CONSUMER) timestamp=4249 ms, used_size=65536 bytes (0.2%)
(RDMA_READ_CONSUME_CHECK_CONSUMER) timestamp=4249 ms, used_size=63488 bytes (0.2%)
(RDMA_READ_CONSUME_CHECK_CONSUMER) timestamp=4249 ms, used_size=61440 bytes (0.1%)
(RDMA_READ_CONSUME_CHECK_CONSUMER) timestamp=4249 ms, used_size=59392 bytes (0.1%)
(RDMA_READ_CONSUME_CHECK_CONSUMER) timestamp=4249 ms, used_size=57344 bytes (0.1%)
(RDMA_READ_CONSUME_CHECK_CONSUMER) timestamp=4249 ms, used_size=55296 bytes (0.1%)
(RDMA_READ_CONSUME_CHECK_CONSUMER) timestamp=4249 ms, used_size=53248 bytes (0.1%)
(RDMA_READ_CONSUME_CHECK_CONSUMER) timestamp=4249 ms, used_size=51200 bytes (0.1%)
(RDMA_READ_CONSUME_CHECK_CONSUMER) timestamp=4249 ms, used_size=49152 bytes (0.1%)
(RDMA_READ_CONSUME_CHECK_CONSUMER) timestamp=4249 ms, used_size=47104 bytes (0.1%)
(RDMA_READ_CONSUME_CHECK_CONSUMER) timestamp=4249 ms, used_size=45056 bytes (0.1%)
(RDMA_READ_CONSUME_CHECK_CONSUMER) timestamp=4249 ms, used_size=43008 bytes (0.1%)
(RDMA_READ_CONSUME_CHECK_CONSUMER) timestamp=4249 ms, used_size=40960 bytes (0.1%)
(RDMA_READ_CONSUME_CHECK_CONSUMER) timestamp=4249 ms, used_size=38912 bytes (0.1%)
(RDMA_READ_CONSUME_CHECK_CONSUMER) timestamp=4249 ms, used_size=36864 bytes (0.1%)
(RDMA_READ_CONSUME_CHECK_CONSUMER) timestamp=4249 ms, used_size=34816 bytes (0.1%)
(RDMA_READ_CONSUME_CHECK_CONSUMER) timestamp=4249 ms, used_size=32768 bytes (0.1%)
(RDMA_READ_CONSUME_CHECK_CONSUMER) timestamp=4249 ms, used_size=30720 bytes (0.1%)
(RDMA_READ_CONSUME_CHECK_CONSUMER) timestamp=4249 ms, used_size=28672 bytes (0.1%)
(RDMA_READ_CONSUME_CHECK_CONSUMER) timestamp=4249 ms, used_size=26624 bytes (0.1%)
(RDMA_READ_CONSUME_CHECK_CONSUMER) timestamp=4249 ms, used_size=24576 bytes (0.1%)
(RDMA_READ_CONSUME_CHECK_CONSUMER) timestamp=4249 ms, used_size=22528 bytes (0.1%)
(RDMA_READ_CONSUME_CHECK_CONSUMER) timestamp=4249 ms, used_size=20480 bytes (0.1%)
(RDMA_READ_CONSUME_CHECK_CONSUMER) timestamp=4249 ms, used_size=18432 bytes (0.0%)
(RDMA_READ_CONSUME_CHECK_CONSUMER) timestamp=4249 ms, used_size=16384 bytes (0.0%)
(RDMA_READ_CONSUME_CHECK_CONSUMER) timestamp=4249 ms, used_size=14336 bytes (0.0%)
(RDMA_READ_CONSUME_CHECK_CONSUMER) timestamp=4249 ms, used_size=12288 bytes (0.0%)
(RDMA_READ_CONSUME_CHECK_CONSUMER) timestamp=4249 ms, used_size=10240 bytes (0.0%)
(RDMA_READ_CONSUME_CHECK_CONSUMER) timestamp=4249 ms, used_size=8192 bytes (0.0%)
(RDMA_READ_CONSUME_CHECK_CONSUMER) timestamp=4249 ms, used_size=6144 bytes (0.0%)
(RDMA_READ_CONSUME_CHECK_CONSUMER) timestamp=4249 ms, used_size=4096 bytes (0.0%)
(RDMA_READ_CONSUME_CHECK_CONSUMER) timestamp=4249 ms, used_size=2048 bytes (0.0%)
(RDMA_READ_CONSUME_CHECK_CONSUMER) timestamp=4249 ms, used_size=0 bytes (0.0%)
(RDMA_READ_CONSUME_CHECK) Cycle 4, Batch 2: CRC32 OK (0xcee97786), 3616 messages verified
t1:0:3458845592:115845658:40960000
(RDMA_READ_CONSUME_CHECK) Cycle 4 completed
(RDMA_READ_CONSUME_CHECK) Starting cycle 5
(RDMA_READ_CONSUME_CHECK_CONSUMER) timestamp=4249 ms, used_size=7403520 bytes (18.1%)
(RDMA_READ_CONSUME_CHECK_CONSUMER) timestamp=5080 ms, used_size=7401472 bytes (18.1%)
(RDMA_READ_CONSUME_CHECK_CONSUMER) timestamp=5080 ms, used_size=7399424 bytes (18.1%)
(RDMA_READ_CONSUME_CHECK_CONSUMER) timestamp=5080 ms, used_size=7397376 bytes (18.1%)
(RDMA_READ_CONSUME_CHECK_CONSUMER) timestamp=5080 ms, used_size=7395328 bytes (18.1%)
(RDMA_READ_CONSUME_CHECK_CONSUMER) timestamp=5080 ms, used_size=7393280 bytes (18.1%)
(RDMA_READ_CONSUME_CHECK_CONSUMER) timestamp=5080 ms, used_size=7391232 bytes (18.0%)
(RDMA_READ_CONSUME_CHECK_CONSUMER) timestamp=5080 ms, used_size=7389184 bytes (18.0%)
(RDMA_READ_CONSUME_CHECK_CONSUMER) timestamp=5080 ms, used_size=7387136 bytes (18.0%)
(RDMA_READ_CONSUME_CHECK_CONSUMER) timestamp=5080 ms, used_size=7385088 bytes (18.0%)
(RDMA_READ_CONSUME_CHECK_CONSUMER) timestamp=5080 ms, used_size=7383040 bytes (18.0%)
(RDMA_READ_CONSUME_CHECK_CONSUMER) timestamp=5080 ms, used_size=7380992 bytes (18.0%)
(RDMA_READ_CONSUME_CHECK_CONSUMER) timestamp=5080 ms, used_size=7378944 bytes (18.0%)
(RDMA_READ_CONSUME_CHECK_CONSUMER) timestamp=5080 ms, used_size=7376896 bytes (18.0%)
(RDMA_READ_CONSUME_CHECK_CONSUMER) timestamp=5080 ms, used_size=7374848 bytes (18.0%)
(RDMA_READ_CONSUME_CHECK_CONSUMER) timestamp=5080 ms, used_size=7372800 bytes (18.0%)
(RDMA_READ_CONSUME_CHECK_CONSUMER) timestamp=5080 ms, used_size=7370752 bytes (18.0%)
(RDMA_READ_CONSUME_CHECK_CONSUMER) timestamp=5080 ms, used_size=7368704 bytes (18.0%)
(RDMA_READ_CONSUME_CHECK_CONSUMER) timestamp=5080 ms, used_size=7366656 bytes (18.0%)
(RDMA_READ_CONSUME_CHECK_CONSUMER) timestamp=5080 ms, used_size=7364608 bytes (18.0%)
(RDMA_READ_CONSUME_CHECK_CONSUMER) timestamp=5080 ms, used_size=7362560 bytes (18.0%)
(RDMA_READ_CONSUME_CHECK_CONSUMER) timestamp=5080 ms, used_size=7360512 bytes (18.0%)
(RDMA_READ_CONSUME_CHECK_CONSUMER) timestamp=5080 ms, used_size=7358464 bytes (18.0%)
(RDMA_READ_CONSUME_CHECK_CONSUMER) timestamp=5080 ms, used_size=7356416 bytes (18.0%)
(RDMA_READ_CONSUME_CHECK_CONSUMER) timestamp=5080 ms, used_size=7354368 bytes (18.0%)
(RDMA_READ_CONSUME_CHECK_CONSUMER) timestamp=5080 ms, used_size=7352320 bytes (17.9%)
(RDMA_READ_CONSUME_CHECK_CONSUMER) timestamp=5080 ms, used_size=7350272 bytes (17.9%)
(RDMA_READ_CONSUME_CHECK_CONSUMER) timestamp=5080 ms, used_size=7348224 bytes (17.9%)
(RDMA_READ_CONSUME_CHECK_CONSUMER) timestamp=5080 ms, used_size=7346176 bytes (17.9%)
(RDMA_READ_CONSUME_CHECK_CONSUMER) timestamp=5080 ms, used_size=7344128 bytes (17.9%)
(RDMA_READ_CONSUME_CHECK_CONSUMER) timestamp=5080 ms, used_size=7342080 bytes (17.9%)
(RDMA_READ_CONSUME_CHECK_CONSUMER) timestamp=5080 ms, used_size=7340032 bytes (17.9%)
(RDMA_READ_CONSUME_CHECK_CONSUMER) timestamp=5080 ms, used_size=7337984 bytes (17.9%)
(RDMA_READ_CONSUME_CHECK_CONSUMER) timestamp=5080 ms, used_size=7335936 bytes (17.9%)
(RDMA_READ_CONSUME_CHECK_CONSUMER) timestamp=5080 ms, used_size=7333888 bytes (17.9%)
(RDMA_READ_CONSUME_CHECK_CONSUMER) timestamp=5080 ms, used_size=7331840 bytes (17.9%)
(RDMA_READ_CONSUME_CHECK_CONSUMER) timestamp=5080 ms, used_size=7329792 bytes (17.9%)
(RDMA_READ_CONSUME_CHECK_CONSUMER) timestamp=5080 ms, used_size=7327744 bytes (17.9%)
(RDMA_READ_CONSUME_CHECK_CONSUMER) timestamp=5080 ms, used_size=7325696 bytes (17.9%)
(RDMA_READ_CONSUME_CHECK_CONSUMER) timestamp=5080 ms, used_size=7323648 bytes (17.9%)
(RDMA_READ_CONSUME_CHECK_CONSUMER) timestamp=5080 ms, used_size=7321600 bytes (17.9%)
(RDMA_READ_CONSUME_CHECK_CONSUMER) timestamp=5080 ms, used_size=7319552 bytes (17.9%)
(RDMA_READ_CONSUME_CHECK_CONSUMER) timestamp=5080 ms, used_size=7317504 bytes (17.9%)
(RDMA_READ_CONSUME_CHECK_CONSUMER) timestamp=5080 ms, used_size=7315456 bytes (17.9%)
(RDMA_READ_CONSUME_CHECK_CONSUMER) timestamp=5080 ms, used_size=7313408 bytes (17.9%)
(RDMA_READ_CONSUME_CHECK_CONSUMER) timestamp=5080 ms, used_size=7311360 bytes (17.9%)
(RDMA_READ_CONSUME_CHECK_CONSUMER) timestamp=5080 ms, used_size=7309312 bytes (17.8%)
(RDMA_READ_CONSUME_CHECK_CONSUMER) timestamp=5080 ms, used_size=7307264 bytes (17.8%)
(RDMA_READ_CONSUME_CHECK_CONSUMER) timestamp=5080 ms, used_size=7305216 bytes (17.8%)
(RDMA_READ_CONSUME_CHECK_CONSUMER) timestamp=5080 ms, used_size=7303168 bytes (17.8%)
(RDMA_READ_CONSUME_CHECK_CONSUMER) timestamp=5080 ms, used_size=7301120 bytes (17.8%)
(RDMA_READ_CONSUME_CHECK_CONSUMER) timestamp=5080 ms, used_size=7299072 bytes (17.8%)
(RDMA_READ_CONSUME_CHECK_CONSUMER) timestamp=5080 ms, used_size=7297024 bytes (17.8%)
(RDMA_READ_CONSUME_CHECK_CONSUMER) timestamp=5080 ms, used_size=7294976 bytes (17.8%)
(RDMA_READ_CONSUME_CHECK_CONSUMER) timestamp=5080 ms, used_size=7292928 bytes (17.8%)
(RDMA_READ_CONSUME_CHECK_CONSUMER) timestamp=5080 ms, used_size=7290880 bytes (17.8%)
(RDMA_READ_CONSUME_CHECK_CONSUMER) timestamp=5080 ms, used_size=7288832 bytes (17.8%)
(RDMA_READ_CONSUME_CHECK_CONSUMER) timestamp=5080 ms, used_size=7286784 bytes (17.8%)
(RDMA_READ_CONSUME_CHECK_CONSUMER) timestamp=5080 ms, used_size=7284736 bytes (17.8%)
(RDMA_READ_CONSUME_CHECK_CONSUMER) timestamp=5080 ms, used_size=7282688 bytes (17.8%)
(RDMA_READ_CONSUME_CHECK_CONSUMER) timestamp=5080 ms, used_size=7280640 bytes (17.8%)
(RDMA_READ_CONSUME_CHECK_CONSUMER) timestamp=5080 ms, used_size=7278592 bytes (17.8%)
(RDMA_READ_CONSUME_CHECK_CONSUMER) timestamp=5080 ms, used_size=7276544 bytes (17.8%)
(RDMA_READ_CONSUME_CHECK_CONSUMER) timestamp=5080 ms, used_size=7274496 bytes (17.8%)
(RDMA_READ_CONSUME_CHECK_CONSUMER) timestamp=5080 ms, used_size=7272448 bytes (17.8%)
(RDMA_READ_CONSUME_CHECK_CONSUMER) timestamp=5080 ms, used_size=7270400 bytes (17.8%)
(RDMA_READ_CONSUME_CHECK_CONSUMER) timestamp=5080 ms, used_size=7268352 bytes (17.7%)
(RDMA_READ_CONSUME_CHECK_CONSUMER) timestamp=5080 ms, used_size=7266304 bytes (17.7%)
(RDMA_READ_CONSUME_CHECK_CONSUMER) timestamp=5080 ms, used_size=7264256 bytes (17.7%)
(RDMA_READ_CONSUME_CHECK_CONSUMER) timestamp=5080 ms, used_size=7262208 bytes (17.7%)
(RDMA_READ_CONSUME_CHECK_CONSUMER) timestamp=5080 ms, used_size=7260160 bytes (17.7%)
(RDMA_READ_CONSUME_CHECK_CONSUMER) timestamp=5080 ms, used_size=7258112 bytes (17.7%)
(RDMA_READ_CONSUME_CHECK_CONSUMER) timestamp=5080 ms, used_size=7256064 bytes (17.7%)
(RDMA_READ_CONSUME_CHECK_CONSUMER) timestamp=5080 ms, used_size=7254016 bytes (17.7%)
(RDMA_READ_CONSUME_CHECK_CONSUMER) timestamp=5080 ms, used_size=7251968 bytes (17.7%)
(RDMA_READ_CONSUME_CHECK_CONSUMER) timestamp=5080 ms, used_size=7249920 bytes (17.7%)
(RDMA_READ_CONSUME_CHECK_CONSUMER) timestamp=5080 ms, used_size=7247872 bytes (17.7%)
(RDMA_READ_CONSUME_CHECK_CONSUMER) timestamp=5080 ms, used_size=7245824 bytes (17.7%)
(RDMA_READ_CONSUME_CHECK_CONSUMER) timestamp=5080 ms, used_size=7243776 bytes (17.7%)
(RDMA_READ_CONSUME_CHECK_CONSUMER) timestamp=5080 ms, used_size=7241728 bytes (17.7%)
(RDMA_READ_CONSUME_CHECK_CONSUMER) timestamp=5080 ms, used_size=7239680 bytes (17.7%)
(RDMA_READ_CONSUME_CHECK_CONSUMER) timestamp=5080 ms, used_size=7237632 bytes (17.7%)
(RDMA_READ_CONSUME_CHECK_CONSUMER) timestamp=5080 ms, used_size=7235584 bytes (17.7%)
(RDMA_READ_CONSUME_CHECK_CONSUMER) timestamp=5080 ms, used_size=7233536 bytes (17.7%)
(RDMA_READ_CONSUME_CHECK_CONSUMER) timestamp=5080 ms, used_size=7231488 bytes (17.7%)
(RDMA_READ_CONSUME_CHECK_CONSUMER) timestamp=5080 ms, used_size=7229440 bytes (17.6%)
(RDMA_READ_CONSUME_CHECK_CONSUMER) timestamp=5080 ms, used_size=7227392 bytes (17.6%)
(RDMA_READ_CONSUME_CHECK_CONSUMER) timestamp=5080 ms, used_size=7225344 bytes (17.6%)
(RDMA_READ_CONSUME_CHECK_CONSUMER) timestamp=5080 ms, used_size=7223296 bytes (17.6%)
(RDMA_READ_CONSUME_CHECK_CONSUMER) timestamp=5080 ms, used_size=7221248 bytes (17.6%)
(RDMA_READ_CONSUME_CHECK_CONSUMER) timestamp=5080 ms, used_size=7219200 bytes (17.6%)
(RDMA_READ_CONSUME_CHECK_CONSUMER) timestamp=5080 ms, used_size=7217152 bytes (17.6%)
(RDMA_READ_CONSUME_CHECK_CONSUMER) timestamp=5080 ms, used_size=7215104 bytes (17.6%)
(RDMA_READ_CONSUME_CHECK_CONSUMER) timestamp=5080 ms, used_size=7213056 bytes (17.6%)
(RDMA_READ_CONSUME_CHECK_CONSUMER) timestamp=5080 ms, used_size=7211008 bytes (17.6%)
(RDMA_READ_CONSUME_CHECK_CONSUMER) timestamp=5080 ms, used_size=7208960 bytes (17.6%)
(RDMA_READ_CONSUME_CHECK_CONSUMER) timestamp=5080 ms, used_size=7206912 bytes (17.6%)
(RDMA_READ_CONSUME_CHECK_CONSUMER) timestamp=5080 ms, used_size=7204864 bytes (17.6%)
(RDMA_READ_CONSUME_CHECK_CONSUMER) timestamp=5080 ms, used_size=7202816 bytes (17.6%)
(RDMA_READ_CONSUME_CHECK_CONSUMER) timestamp=5080 ms, used_size=7200768 bytes (17.6%)
(RDMA_READ_CONSUME_CHECK_CONSUMER) timestamp=5080 ms, used_size=7198720 bytes (17.6%)
(RDMA_READ_CONSUME_CHECK_CONSUMER) timestamp=5080 ms, used_size=7196672 bytes (17.6%)
(RDMA_READ_CONSUME_CHECK_CONSUMER) timestamp=5080 ms, used_size=7194624 bytes (17.6%)
(RDMA_READ_CONSUME_CHECK_CONSUMER) timestamp=5080 ms, used_size=7192576 bytes (17.6%)
(RDMA_READ_CONSUME_CHECK_CONSUMER) timestamp=5080 ms, used_size=7190528 bytes (17.6%)
(RDMA_READ_CONSUME_CHECK_CONSUMER) timestamp=5080 ms, used_size=7188480 bytes (17.6%)
(RDMA_READ_CONSUME_CHECK_CONSUMER) timestamp=5080 ms, used_size=7186432 bytes (17.5%)
(RDMA_READ_CONSUME_CHECK_CONSUMER) timestamp=5080 ms, used_size=7184384 bytes (17.5%)
(RDMA_READ_CONSUME_CHECK_CONSUMER) timestamp=5080 ms, used_size=7182336 bytes (17.5%)
(RDMA_READ_CONSUME_CHECK_CONSUMER) timestamp=5080 ms, used_size=7180288 bytes (17.5%)
(RDMA_READ_CONSUME_CHECK_CONSUMER) timestamp=5080 ms, used_size=7178240 bytes (17.5%)
(RDMA_READ_CONSUME_CHECK_CONSUMER) timestamp=5080 ms, used_size=7176192 bytes (17.5%)
(RDMA_READ_CONSUME_CHECK_CONSUMER) timestamp=5080 ms, used_size=7174144 bytes (17.5%)
(RDMA_READ_CONSUME_CHECK_CONSUMER) timestamp=5080 ms, used_size=7172096 bytes (17.5%)
(RDMA_READ_CONSUME_CHECK_CONSUMER) timestamp=5080 ms, used_size=7170048 bytes (17.5%)
(RDMA_READ_CONSUME_CHECK_CONSUMER) timestamp=5080 ms, used_size=7168000 bytes (17.5%)
(RDMA_READ_CONSUME_CHECK_CONSUMER) timestamp=5080 ms, used_size=7165952 bytes (17.5%)
(RDMA_READ_CONSUME_CHECK_CONSUMER) timestamp=5080 ms, used_size=7163904 bytes (17.5%)
(RDMA_READ_CONSUME_CHECK_CONSUMER) timestamp=5080 ms, used_size=7161856 bytes (17.5%)
(RDMA_READ_CONSUME_CHECK_CONSUMER) timestamp=5080 ms, used_size=7159808 bytes (17.5%)
(RDMA_READ_CONSUME_CHECK_CONSUMER) timestamp=5080 ms, used_size=7157760 bytes (17.5%)
(RDMA_READ_CONSUME_CHECK_CONSUMER) timestamp=5080 ms, used_size=7155712 bytes (17.5%)
(RDMA_READ_CONSUME_CHECK_CONSUMER) timestamp=5080 ms, used_size=7153664 bytes (17.5%)
(RDMA_READ_CONSUME_CHECK_CONSUMER) timestamp=5080 ms, used_size=7151616 bytes (17.5%)
(RDMA_READ_CONSUME_CHECK_CONSUMER) timestamp=5080 ms, used_size=7149568 bytes (17.5%)
(RDMA_READ_CONSUME_CHECK_CONSUMER) timestamp=5080 ms, used_size=7147520 bytes (17.4%)
(RDMA_READ_CONSUME_CHECK_CONSUMER) timestamp=5081 ms, used_size=7145472 bytes (17.4%)
(RDMA_READ_CONSUME_CHECK_CONSUMER) timestamp=5081 ms, used_size=7143424 bytes (17.4%)
(RDMA_READ_CONSUME_CHECK_CONSUMER) timestamp=5081 ms, used_size=7141376 bytes (17.4%)
(RDMA_READ_CONSUME_CHECK_CONSUMER) timestamp=5081 ms, used_size=7139328 bytes (17.4%)
(RDMA_READ_CONSUME_CHECK_CONSUMER) timestamp=5081 ms, used_size=7137280 bytes (17.4%)
(RDMA_READ_CONSUME_CHECK_CONSUMER) timestamp=5081 ms, used_size=7135232 bytes (17.4%)
(RDMA_READ_CONSUME_CHECK_CONSUMER) timestamp=5081 ms, used_size=7133184 bytes (17.4%)
(RDMA_READ_CONSUME_CHECK_CONSUMER) timestamp=5081 ms, used_size=7131136 bytes (17.4%)
(RDMA_READ_CONSUME_CHECK_CONSUMER) timestamp=5081 ms, used_size=7129088 bytes (17.4%)
(RDMA_READ_CONSUME_CHECK_CONSUMER) timestamp=5081 ms, used_size=7127040 bytes (17.4%)
(RDMA_READ_CONSUME_CHECK_CONSUMER) timestamp=5081 ms, used_size=7124992 bytes (17.4%)
(RDMA_READ_CONSUME_CHECK_CONSUMER) timestamp=5081 ms, used_size=7122944 bytes (17.4%)
(RDMA_READ_CONSUME_CHECK_CONSUMER) timestamp=5081 ms, used_size=7120896 bytes (17.4%)
(RDMA_READ_CONSUME_CHECK_CONSUMER) timestamp=5081 ms, used_size=7118848 bytes (17.4%)
(RDMA_READ_CONSUME_CHECK_CONSUMER) timestamp=5081 ms, used_size=7116800 bytes (17.4%)
(RDMA_READ_CONSUME_CHECK_CONSUMER) timestamp=5081 ms, used_size=7114752 bytes (17.4%)
(RDMA_READ_CONSUME_CHECK_CONSUMER) timestamp=5081 ms, used_size=7112704 bytes (17.4%)
(RDMA_READ_CONSUME_CHECK_CONSUMER) timestamp=5081 ms, used_size=7110656 bytes (17.4%)
(RDMA_READ_CONSUME_CHECK_CONSUMER) timestamp=5081 ms, used_size=7108608 bytes (17.4%)
(RDMA_READ_CONSUME_CHECK_CONSUMER) timestamp=5081 ms, used_size=7106560 bytes (17.4%)
(RDMA_READ_CONSUME_CHECK_CONSUMER) timestamp=5081 ms, used_size=7104512 bytes (17.3%)
(RDMA_READ_CONSUME_CHECK_CONSUMER) timestamp=5081 ms, used_size=7102464 bytes (17.3%)
(RDMA_READ_CONSUME_CHECK_CONSUMER) timestamp=5081 ms, used_size=7100416 bytes (17.3%)
(RDMA_READ_CONSUME_CHECK_CONSUMER) timestamp=5081 ms, used_size=7098368 bytes (17.3%)
(RDMA_READ_CONSUME_CHECK_CONSUMER) timestamp=5081 ms, used_size=7096320 bytes (17.3%)
(RDMA_READ_CONSUME_CHECK_CONSUMER) timestamp=5081 ms, used_size=7094272 bytes (17.3%)
(RDMA_READ_CONSUME_CHECK_CONSUMER) timestamp=5081 ms, used_size=7092224 bytes (17.3%)
(RDMA_READ_CONSUME_CHECK_CONSUMER) timestamp=5081 ms, used_size=7090176 bytes (17.3%)
(RDMA_READ_CONSUME_CHECK_CONSUMER) timestamp=5081 ms, used_size=7088128 bytes (17.3%)
(RDMA_READ_CONSUME_CHECK_CONSUMER) timestamp=5081 ms, used_size=7086080 bytes (17.3%)
(RDMA_READ_CONSUME_CHECK_CONSUMER) timestamp=5081 ms, used_size=7084032 bytes (17.3%)
(RDMA_READ_CONSUME_CHECK_CONSUMER) timestamp=5081 ms, used_size=7081984 bytes (17.3%)
(RDMA_READ_CONSUME_CHECK_CONSUMER) timestamp=5081 ms, used_size=7079936 bytes (17.3%)
(RDMA_READ_CONSUME_CHECK_CONSUMER) timestamp=5081 ms, used_size=7077888 bytes (17.3%)
(RDMA_READ_CONSUME_CHECK_CONSUMER) timestamp=5081 ms, used_size=7075840 bytes (17.3%)
(RDMA_READ_CONSUME_CHECK_CONSUMER) timestamp=5081 ms, used_size=7073792 bytes (17.3%)
(RDMA_READ_CONSUME_CHECK_CONSUMER) timestamp=5081 ms, used_size=7071744 bytes (17.3%)
(RDMA_READ_CONSUME_CHECK_CONSUMER) timestamp=5081 ms, used_size=7069696 bytes (17.3%)
(RDMA_READ_CONSUME_CHECK_CONSUMER) timestamp=5081 ms, used_size=7067648 bytes (17.3%)
(RDMA_READ_CONSUME_CHECK_CONSUMER) timestamp=5081 ms, used_size=7065600 bytes (17.2%)
(RDMA_READ_CONSUME_CHECK_CONSUMER) timestamp=5081 ms, used_size=7063552 bytes (17.2%)
(RDMA_READ_CONSUME_CHECK_CONSUMER) timestamp=5081 ms, used_size=7061504 bytes (17.2%)
(RDMA_READ_CONSUME_CHECK_CONSUMER) timestamp=5081 ms, used_size=7059456 bytes (17.2%)
(RDMA_READ_CONSUME_CHECK_CONSUMER) timestamp=5081 ms, used_size=7057408 bytes (17.2%)
(RDMA_READ_CONSUME_CHECK_CONSUMER) timestamp=5081 ms, used_size=7055360 bytes (17.2%)
(RDMA_READ_CONSUME_CHECK_CONSUMER) timestamp=5081 ms, used_size=7053312 bytes (17.2%)
(RDMA_READ_CONSUME_CHECK_CONSUMER) timestamp=5081 ms, used_size=7051264 bytes (17.2%)
(RDMA_READ_CONSUME_CHECK_CONSUMER) timestamp=5081 ms, used_size=7049216 bytes (17.2%)
(RDMA_READ_CONSUME_CHECK_CONSUMER) timestamp=5081 ms, used_size=7047168 bytes (17.2%)
(RDMA_READ_CONSUME_CHECK_CONSUMER) timestamp=5081 ms, used_size=7045120 bytes (17.2%)
(RDMA_READ_CONSUME_CHECK_CONSUMER) timestamp=5081 ms, used_size=7043072 bytes (17.2%)
(RDMA_READ_CONSUME_CHECK_CONSUMER) timestamp=5081 ms, used_size=7041024 bytes (17.2%)
(RDMA_READ_CONSUME_CHECK_CONSUMER) timestamp=5081 ms, used_size=7038976 bytes (17.2%)
(RDMA_READ_CONSUME_CHECK_CONSUMER) timestamp=5081 ms, used_size=7036928 bytes (17.2%)
(RDMA_READ_CONSUME_CHECK_CONSUMER) timestamp=5081 ms, used_size=7034880 bytes (17.2%)
(RDMA_READ_CONSUME_CHECK_CONSUMER) timestamp=5081 ms, used_size=7032832 bytes (17.2%)
(RDMA_READ_CONSUME_CHECK_CONSUMER) timestamp=5081 ms, used_size=7030784 bytes (17.2%)
(RDMA_READ_CONSUME_CHECK_CONSUMER) timestamp=5081 ms, used_size=7028736 bytes (17.2%)
(RDMA_READ_CONSUME_CHECK_CONSUMER) timestamp=5081 ms, used_size=7026688 bytes (17.2%)
(RDMA_READ_CONSUME_CHECK_CONSUMER) timestamp=5081 ms, used_size=7024640 bytes (17.1%)
(RDMA_READ_CONSUME_CHECK_CONSUMER) timestamp=5081 ms, used_size=7022592 bytes (17.1%)
(RDMA_READ_CONSUME_CHECK_CONSUMER) timestamp=5081 ms, used_size=7020544 bytes (17.1%)
(RDMA_READ_CONSUME_CHECK_CONSUMER) timestamp=5081 ms, used_size=7018496 bytes (17.1%)
(RDMA_READ_CONSUME_CHECK_CONSUMER) timestamp=5081 ms, used_size=7016448 bytes (17.1%)
(RDMA_READ_CONSUME_CHECK_CONSUMER) timestamp=5081 ms, used_size=7014400 bytes (17.1%)
(RDMA_READ_CONSUME_CHECK_CONSUMER) timestamp=5081 ms, used_size=7012352 bytes (17.1%)
(RDMA_READ_CONSUME_CHECK_CONSUMER) timestamp=5081 ms, used_size=7010304 bytes (17.1%)
(RDMA_READ_CONSUME_CHECK_CONSUMER) timestamp=5081 ms, used_size=7008256 bytes (17.1%)
(RDMA_READ_CONSUME_CHECK_CONSUMER) timestamp=5081 ms, used_size=7006208 bytes (17.1%)
(RDMA_READ_CONSUME_CHECK_CONSUMER) timestamp=5081 ms, used_size=7004160 bytes (17.1%)
(RDMA_READ_CONSUME_CHECK_CONSUMER) timestamp=5081 ms, used_size=7002112 bytes (17.1%)
(RDMA_READ_CONSUME_CHECK_CONSUMER) timestamp=5081 ms, used_size=7000064 bytes (17.1%)
(RDMA_READ_CONSUME_CHECK_CONSUMER) timestamp=5081 ms, used_size=6998016 bytes (17.1%)
(RDMA_READ_CONSUME_CHECK_CONSUMER) timestamp=5081 ms, used_size=6995968 bytes (17.1%)
(RDMA_READ_CONSUME_CHECK_CONSUMER) timestamp=5081 ms, used_size=6993920 bytes (17.1%)
(RDMA_READ_CONSUME_CHECK_CONSUMER) timestamp=5081 ms, used_size=6991872 bytes (17.1%)
(RDMA_READ_CONSUME_CHECK_CONSUMER) timestamp=5081 ms, used_size=6989824 bytes (17.1%)
(RDMA_READ_CONSUME_CHECK_CONSUMER) timestamp=5081 ms, used_size=6987776 bytes (17.1%)
(RDMA_READ_CONSUME_CHECK_CONSUMER) timestamp=5081 ms, used_size=6985728 bytes (17.1%)
(RDMA_READ_CONSUME_CHECK_CONSUMER) timestamp=5081 ms, used_size=6983680 bytes (17.1%)
(RDMA_READ_CONSUME_CHECK_CONSUMER) timestamp=5081 ms, used_size=6981632 bytes (17.0%)
(RDMA_READ_CONSUME_CHECK_CONSUMER) timestamp=5081 ms, used_size=6979584 bytes (17.0%)
(RDMA_READ_CONSUME_CHECK_CONSUMER) timestamp=5081 ms, used_size=6977536 bytes (17.0%)
(RDMA_READ_CONSUME_CHECK_CONSUMER) timestamp=5081 ms, used_size=6975488 bytes (17.0%)
(RDMA_READ_CONSUME_CHECK_CONSUMER) timestamp=5081 ms, used_size=6973440 bytes (17.0%)
(RDMA_READ_CONSUME_CHECK_CONSUMER) timestamp=5081 ms, used_size=6971392 bytes (17.0%)
(RDMA_READ_CONSUME_CHECK_CONSUMER) timestamp=5081 ms, used_size=6969344 bytes (17.0%)
(RDMA_READ_CONSUME_CHECK_CONSUMER) timestamp=5081 ms, used_size=6967296 bytes (17.0%)
(RDMA_READ_CONSUME_CHECK_CONSUMER) timestamp=5081 ms, used_size=6965248 bytes (17.0%)
(RDMA_READ_CONSUME_CHECK_CONSUMER) timestamp=5081 ms, used_size=6963200 bytes (17.0%)
(RDMA_READ_CONSUME_CHECK_CONSUMER) timestamp=5081 ms, used_size=6961152 bytes (17.0%)
(RDMA_READ_CONSUME_CHECK_CONSUMER) timestamp=5081 ms, used_size=6959104 bytes (17.0%)
(RDMA_READ_CONSUME_CHECK_CONSUMER) timestamp=5081 ms, used_size=6957056 bytes (17.0%)
(RDMA_READ_CONSUME_CHECK_CONSUMER) timestamp=5081 ms, used_size=6955008 bytes (17.0%)
(RDMA_READ_CONSUME_CHECK_CONSUMER) timestamp=5081 ms, used_size=6952960 bytes (17.0%)
(RDMA_READ_CONSUME_CHECK_CONSUMER) timestamp=5081 ms, used_size=6950912 bytes (17.0%)
(RDMA_READ_CONSUME_CHECK_CONSUMER) timestamp=5081 ms, used_size=6948864 bytes (17.0%)
(RDMA_READ_CONSUME_CHECK_CONSUMER) timestamp=5081 ms, used_size=6946816 bytes (17.0%)
(RDMA_READ_CONSUME_CHECK_CONSUMER) timestamp=5081 ms, used_size=6944768 bytes (17.0%)
(RDMA_READ_CONSUME_CHECK_CONSUMER) timestamp=5081 ms, used_size=6942720 bytes (16.9%)
(RDMA_READ_CONSUME_CHECK_CONSUMER) timestamp=5081 ms, used_size=6940672 bytes (16.9%)
(RDMA_READ_CONSUME_CHECK_CONSUMER) timestamp=5081 ms, used_size=6938624 bytes (16.9%)
(RDMA_READ_CONSUME_CHECK_CONSUMER) timestamp=5081 ms, used_size=6936576 bytes (16.9%)
(RDMA_READ_CONSUME_CHECK_CONSUMER) timestamp=5081 ms, used_size=6934528 bytes (16.9%)
(RDMA_READ_CONSUME_CHECK_CONSUMER) timestamp=5081 ms, used_size=6932480 bytes (16.9%)
(RDMA_READ_CONSUME_CHECK_CONSUMER) timestamp=5081 ms, used_size=6930432 bytes (16.9%)
(RDMA_READ_CONSUME_CHECK_CONSUMER) timestamp=5081 ms, used_size=6928384 bytes (16.9%)
(RDMA_READ_CONSUME_CHECK_CONSUMER) timestamp=5081 ms, used_size=6926336 bytes (16.9%)
(RDMA_READ_CONSUME_CHECK_CONSUMER) timestamp=5081 ms, used_size=6924288 bytes (16.9%)
(RDMA_READ_CONSUME_CHECK_CONSUMER) timestamp=5081 ms, used_size=6922240 bytes (16.9%)
(RDMA_READ_CONSUME_CHECK_CONSUMER) timestamp=5081 ms, used_size=6920192 bytes (16.9%)
(RDMA_READ_CONSUME_CHECK_CONSUMER) timestamp=5081 ms, used_size=6918144 bytes (16.9%)
(RDMA_READ_CONSUME_CHECK_CONSUMER) timestamp=5081 ms, used_size=6916096 bytes (16.9%)
(RDMA_READ_CONSUME_CHECK_CONSUMER) timestamp=5081 ms, used_size=6914048 bytes (16.9%)
(RDMA_READ_CONSUME_CHECK_CONSUMER) timestamp=5081 ms, used_size=6912000 bytes (16.9%)
(RDMA_READ_CONSUME_CHECK_CONSUMER) timestamp=5081 ms, used_size=6909952 bytes (16.9%)
(RDMA_READ_CONSUME_CHECK_CONSUMER) timestamp=5081 ms, used_size=6907904 bytes (16.9%)
(RDMA_READ_CONSUME_CHECK_CONSUMER) timestamp=5081 ms, used_size=6905856 bytes (16.9%)
(RDMA_READ_CONSUME_CHECK_CONSUMER) timestamp=5081 ms, used_size=6903808 bytes (16.9%)
(RDMA_READ_CONSUME_CHECK_CONSUMER) timestamp=5081 ms, used_size=6901760 bytes (16.9%)
(RDMA_READ_CONSUME_CHECK_CONSUMER) timestamp=5081 ms, used_size=6899712 bytes (16.8%)
(RDMA_READ_CONSUME_CHECK_CONSUMER) timestamp=5081 ms, used_size=6897664 bytes (16.8%)
(RDMA_READ_CONSUME_CHECK_CONSUMER) timestamp=5081 ms, used_size=6895616 bytes (16.8%)
(RDMA_READ_CONSUME_CHECK_CONSUMER) timestamp=5081 ms, used_size=6893568 bytes (16.8%)
(RDMA_READ_CONSUME_CHECK_CONSUMER) timestamp=5081 ms, used_size=6891520 bytes (16.8%)
(RDMA_READ_CONSUME_CHECK_CONSUMER) timestamp=5081 ms, used_size=6889472 bytes (16.8%)
(RDMA_READ_CONSUME_CHECK_CONSUMER) timestamp=5081 ms, used_size=6887424 bytes (16.8%)
(RDMA_READ_CONSUME_CHECK_CONSUMER) timestamp=5081 ms, used_size=6885376 bytes (16.8%)
(RDMA_READ_CONSUME_CHECK_CONSUMER) timestamp=5081 ms, used_size=6883328 bytes (16.8%)
(RDMA_READ_CONSUME_CHECK_CONSUMER) timestamp=5081 ms, used_size=6881280 bytes (16.8%)
(RDMA_READ_CONSUME_CHECK_CONSUMER) timestamp=5081 ms, used_size=6879232 bytes (16.8%)
(RDMA_READ_CONSUME_CHECK_CONSUMER) timestamp=5081 ms, used_size=6877184 bytes (16.8%)
(RDMA_READ_CONSUME_CHECK_CONSUMER) timestamp=5081 ms, used_size=6875136 bytes (16.8%)
(RDMA_READ_CONSUME_CHECK_CONSUMER) timestamp=5081 ms, used_size=6873088 bytes (16.8%)
(RDMA_READ_CONSUME_CHECK_CONSUMER) timestamp=5081 ms, used_size=6871040 bytes (16.8%)
(RDMA_READ_CONSUME_CHECK_CONSUMER) timestamp=5081 ms, used_size=6868992 bytes (16.8%)
(RDMA_READ_CONSUME_CHECK_CONSUMER) timestamp=5081 ms, used_size=6866944 bytes (16.8%)
(RDMA_READ_CONSUME_CHECK_CONSUMER) timestamp=5081 ms, used_size=6864896 bytes (16.8%)
(RDMA_READ_CONSUME_CHECK_CONSUMER) timestamp=5081 ms, used_size=6862848 bytes (16.8%)
(RDMA_READ_CONSUME_CHECK_CONSUMER) timestamp=5081 ms, used_size=6860800 bytes (16.8%)
(RDMA_READ_CONSUME_CHECK_CONSUMER) timestamp=5081 ms, used_size=6858752 bytes (16.7%)
(RDMA_READ_CONSUME_CHECK_CONSUMER) timestamp=5081 ms, used_size=6856704 bytes (16.7%)
(RDMA_READ_CONSUME_CHECK_CONSUMER) timestamp=5081 ms, used_size=6854656 bytes (16.7%)
(RDMA_READ_CONSUME_CHECK_CONSUMER) timestamp=5081 ms, used_size=6852608 bytes (16.7%)
(RDMA_READ_CONSUME_CHECK_CONSUMER) timestamp=5081 ms, used_size=6850560 bytes (16.7%)
(RDMA_READ_CONSUME_CHECK_CONSUMER) timestamp=5081 ms, used_size=6848512 bytes (16.7%)
(RDMA_READ_CONSUME_CHECK_CONSUMER) timestamp=5081 ms, used_size=6846464 bytes (16.7%)
(RDMA_READ_CONSUME_CHECK_CONSUMER) timestamp=5081 ms, used_size=6844416 bytes (16.7%)
(RDMA_READ_CONSUME_CHECK_CONSUMER) timestamp=5081 ms, used_size=6842368 bytes (16.7%)
(RDMA_READ_CONSUME_CHECK_CONSUMER) timestamp=5081 ms, used_size=6840320 bytes (16.7%)
(RDMA_READ_CONSUME_CHECK_CONSUMER) timestamp=5081 ms, used_size=6838272 bytes (16.7%)
(RDMA_READ_CONSUME_CHECK_CONSUMER) timestamp=5081 ms, used_size=6836224 bytes (16.7%)
(RDMA_READ_CONSUME_CHECK_CONSUMER) timestamp=5081 ms, used_size=6834176 bytes (16.7%)
(RDMA_READ_CONSUME_CHECK_CONSUMER) timestamp=5081 ms, used_size=6832128 bytes (16.7%)
(RDMA_READ_CONSUME_CHECK_CONSUMER) timestamp=5081 ms, used_size=6830080 bytes (16.7%)
(RDMA_READ_CONSUME_CHECK_CONSUMER) timestamp=5081 ms, used_size=6828032 bytes (16.7%)
(RDMA_READ_CONSUME_CHECK_CONSUMER) timestamp=5081 ms, used_size=6825984 bytes (16.7%)
(RDMA_READ_CONSUME_CHECK_CONSUMER) timestamp=5081 ms, used_size=6823936 bytes (16.7%)
(RDMA_READ_CONSUME_CHECK_CONSUMER) timestamp=5081 ms, used_size=6821888 bytes (16.7%)
(RDMA_READ_CONSUME_CHECK_CONSUMER) timestamp=5081 ms, used_size=6819840 bytes (16.6%)
(RDMA_READ_CONSUME_CHECK_CONSUMER) timestamp=5081 ms, used_size=6817792 bytes (16.6%)
(RDMA_READ_CONSUME_CHECK_CONSUMER) timestamp=5081 ms, used_size=6815744 bytes (16.6%)
(RDMA_READ_CONSUME_CHECK_CONSUMER) timestamp=5081 ms, used_size=6813696 bytes (16.6%)
(RDMA_READ_CONSUME_CHECK_CONSUMER) timestamp=5081 ms, used_size=6811648 bytes (16.6%)
(RDMA_READ_CONSUME_CHECK_CONSUMER) timestamp=5082 ms, used_size=6809600 bytes (16.6%)
(RDMA_READ_CONSUME_CHECK_CONSUMER) timestamp=5082 ms, used_size=6807552 bytes (16.6%)
(RDMA_READ_CONSUME_CHECK_CONSUMER) timestamp=5082 ms, used_size=6805504 bytes (16.6%)
(RDMA_READ_CONSUME_CHECK_CONSUMER) timestamp=5082 ms, used_size=6803456 bytes (16.6%)
(RDMA_READ_CONSUME_CHECK_CONSUMER) timestamp=5082 ms, used_size=6801408 bytes (16.6%)
(RDMA_READ_CONSUME_CHECK_CONSUMER) timestamp=5082 ms, used_size=6799360 bytes (16.6%)
(RDMA_READ_CONSUME_CHECK_CONSUMER) timestamp=5082 ms, used_size=6797312 bytes (16.6%)
(RDMA_READ_CONSUME_CHECK_CONSUMER) timestamp=5082 ms, used_size=6795264 bytes (16.6%)
(RDMA_READ_CONSUME_CHECK_CONSUMER) timestamp=5082 ms, used_size=6793216 bytes (16.6%)
(RDMA_READ_CONSUME_CHECK_CONSUMER) timestamp=5082 ms, used_size=6791168 bytes (16.6%)
(RDMA_READ_CONSUME_CHECK_CONSUMER) timestamp=5082 ms, used_size=6789120 bytes (16.6%)
(RDMA_READ_CONSUME_CHECK_CONSUMER) timestamp=5082 ms, used_size=6787072 bytes (16.6%)
(RDMA_READ_CONSUME_CHECK_CONSUMER) timestamp=5082 ms, used_size=6785024 bytes (16.6%)
(RDMA_READ_CONSUME_CHECK_CONSUMER) timestamp=5082 ms, used_size=6782976 bytes (16.6%)
(RDMA_READ_CONSUME_CHECK_CONSUMER) timestamp=5082 ms, used_size=6780928 bytes (16.6%)
(RDMA_READ_CONSUME_CHECK_CONSUMER) timestamp=5082 ms, used_size=6778880 bytes (16.6%)
(RDMA_READ_CONSUME_CHECK_CONSUMER) timestamp=5082 ms, used_size=6776832 bytes (16.5%)
(RDMA_READ_CONSUME_CHECK_CONSUMER) timestamp=5082 ms, used_size=6774784 bytes (16.5%)
(RDMA_READ_CONSUME_CHECK_CONSUMER) timestamp=5082 ms, used_size=6772736 bytes (16.5%)
(RDMA_READ_CONSUME_CHECK_CONSUMER) timestamp=5082 ms, used_size=6770688 bytes (16.5%)
(RDMA_READ_CONSUME_CHECK_CONSUMER) timestamp=5082 ms, used_size=6768640 bytes (16.5%)
(RDMA_READ_CONSUME_CHECK_CONSUMER) timestamp=5082 ms, used_size=6766592 bytes (16.5%)
(RDMA_READ_CONSUME_CHECK_CONSUMER) timestamp=5082 ms, used_size=6764544 bytes (16.5%)
(RDMA_READ_CONSUME_CHECK_CONSUMER) timestamp=5082 ms, used_size=6762496 bytes (16.5%)
(RDMA_READ_CONSUME_CHECK_CONSUMER) timestamp=5082 ms, used_size=6760448 bytes (16.5%)
(RDMA_READ_CONSUME_CHECK_CONSUMER) timestamp=5082 ms, used_size=6758400 bytes (16.5%)
(RDMA_READ_CONSUME_CHECK_CONSUMER) timestamp=5082 ms, used_size=6756352 bytes (16.5%)
(RDMA_READ_CONSUME_CHECK_CONSUMER) timestamp=5082 ms, used_size=6754304 bytes (16.5%)
(RDMA_READ_CONSUME_CHECK_CONSUMER) timestamp=5082 ms, used_size=6752256 bytes (16.5%)
(RDMA_READ_CONSUME_CHECK_CONSUMER) timestamp=5082 ms, used_size=6750208 bytes (16.5%)
(RDMA_READ_CONSUME_CHECK_CONSUMER) timestamp=5082 ms, used_size=6748160 bytes (16.5%)
(RDMA_READ_CONSUME_CHECK_CONSUMER) timestamp=5082 ms, used_size=6746112 bytes (16.5%)
(RDMA_READ_CONSUME_CHECK_CONSUMER) timestamp=5082 ms, used_size=6744064 bytes (16.5%)
(RDMA_READ_CONSUME_CHECK_CONSUMER) timestamp=5082 ms, used_size=6742016 bytes (16.5%)
(RDMA_READ_CONSUME_CHECK_CONSUMER) timestamp=5082 ms, used_size=6739968 bytes (16.5%)
(RDMA_READ_CONSUME_CHECK_CONSUMER) timestamp=5082 ms, used_size=6737920 bytes (16.4%)
(RDMA_READ_CONSUME_CHECK_CONSUMER) timestamp=5082 ms, used_size=6735872 bytes (16.4%)
(RDMA_READ_CONSUME_CHECK_CONSUMER) timestamp=5082 ms, used_size=6733824 bytes (16.4%)
(RDMA_READ_CONSUME_CHECK_CONSUMER) timestamp=5082 ms, used_size=6731776 bytes (16.4%)
(RDMA_READ_CONSUME_CHECK_CONSUMER) timestamp=5082 ms, used_size=6729728 bytes (16.4%)
(RDMA_READ_CONSUME_CHECK_CONSUMER) timestamp=5082 ms, used_size=6727680 bytes (16.4%)
(RDMA_READ_CONSUME_CHECK_CONSUMER) timestamp=5082 ms, used_size=6725632 bytes (16.4%)
(RDMA_READ_CONSUME_CHECK_CONSUMER) timestamp=5082 ms, used_size=6723584 bytes (16.4%)
(RDMA_READ_CONSUME_CHECK_CONSUMER) timestamp=5082 ms, used_size=6721536 bytes (16.4%)
(RDMA_READ_CONSUME_CHECK_CONSUMER) timestamp=5082 ms, used_size=6719488 bytes (16.4%)
(RDMA_READ_CONSUME_CHECK_CONSUMER) timestamp=5082 ms, used_size=6717440 bytes (16.4%)
(RDMA_READ_CONSUME_CHECK_CONSUMER) timestamp=5082 ms, used_size=6715392 bytes (16.4%)
(RDMA_READ_CONSUME_CHECK_CONSUMER) timestamp=5082 ms, used_size=6713344 bytes (16.4%)
(RDMA_READ_CONSUME_CHECK_CONSUMER) timestamp=5082 ms, used_size=6711296 bytes (16.4%)
(RDMA_READ_CONSUME_CHECK_CONSUMER) timestamp=5082 ms, used_size=6709248 bytes (16.4%)
(RDMA_READ_CONSUME_CHECK_CONSUMER) timestamp=5082 ms, used_size=6707200 bytes (16.4%)
(RDMA_READ_CONSUME_CHECK_CONSUMER) timestamp=5082 ms, used_size=6705152 bytes (16.4%)
(RDMA_READ_CONSUME_CHECK_CONSUMER) timestamp=5082 ms, used_size=6703104 bytes (16.4%)
(RDMA_READ_CONSUME_CHECK_CONSUMER) timestamp=5082 ms, used_size=6701056 bytes (16.4%)
(RDMA_READ_CONSUME_CHECK_CONSUMER) timestamp=5082 ms, used_size=6699008 bytes (16.4%)
(RDMA_READ_CONSUME_CHECK_CONSUMER) timestamp=5082 ms, used_size=6696960 bytes (16.4%)
(RDMA_READ_CONSUME_CHECK_CONSUMER) timestamp=5082 ms, used_size=6694912 bytes (16.3%)
(RDMA_READ_CONSUME_CHECK_CONSUMER) timestamp=5082 ms, used_size=6692864 bytes (16.3%)
(RDMA_READ_CONSUME_CHECK_CONSUMER) timestamp=5082 ms, used_size=6690816 bytes (16.3%)
(RDMA_READ_CONSUME_CHECK_CONSUMER) timestamp=5082 ms, used_size=6688768 bytes (16.3%)
(RDMA_READ_CONSUME_CHECK_CONSUMER) timestamp=5082 ms, used_size=6686720 bytes (16.3%)
(RDMA_READ_CONSUME_CHECK_CONSUMER) timestamp=5082 ms, used_size=6684672 bytes (16.3%)
(RDMA_READ_CONSUME_CHECK_CONSUMER) timestamp=5082 ms, used_size=6682624 bytes (16.3%)
(RDMA_READ_CONSUME_CHECK_CONSUMER) timestamp=5082 ms, used_size=6680576 bytes (16.3%)
(RDMA_READ_CONSUME_CHECK_CONSUMER) timestamp=5082 ms, used_size=6678528 bytes (16.3%)
(RDMA_READ_CONSUME_CHECK_CONSUMER) timestamp=5082 ms, used_size=6676480 bytes (16.3%)
(RDMA_READ_CONSUME_CHECK_CONSUMER) timestamp=5082 ms, used_size=6674432 bytes (16.3%)
(RDMA_READ_CONSUME_CHECK_CONSUMER) timestamp=5082 ms, used_size=6672384 bytes (16.3%)
(RDMA_READ_CONSUME_CHECK_CONSUMER) timestamp=5082 ms, used_size=6670336 bytes (16.3%)
(RDMA_READ_CONSUME_CHECK_CONSUMER) timestamp=5082 ms, used_size=6668288 bytes (16.3%)
(RDMA_READ_CONSUME_CHECK_CONSUMER) timestamp=5082 ms, used_size=6666240 bytes (16.3%)
(RDMA_READ_CONSUME_CHECK_CONSUMER) timestamp=5082 ms, used_size=6664192 bytes (16.3%)
(RDMA_READ_CONSUME_CHECK_CONSUMER) timestamp=5082 ms, used_size=6662144 bytes (16.3%)
(RDMA_READ_CONSUME_CHECK_CONSUMER) timestamp=5082 ms, used_size=6660096 bytes (16.3%)
(RDMA_READ_CONSUME_CHECK_CONSUMER) timestamp=5082 ms, used_size=6658048 bytes (16.3%)
(RDMA_READ_CONSUME_CHECK_CONSUMER) timestamp=5082 ms, used_size=6656000 bytes (16.2%)
(RDMA_READ_CONSUME_CHECK_CONSUMER) timestamp=5082 ms, used_size=6653952 bytes (16.2%)
(RDMA_READ_CONSUME_CHECK_CONSUMER) timestamp=5082 ms, used_size=6651904 bytes (16.2%)
(RDMA_READ_CONSUME_CHECK_CONSUMER) timestamp=5082 ms, used_size=6649856 bytes (16.2%)
(RDMA_READ_CONSUME_CHECK_CONSUMER) timestamp=5082 ms, used_size=6647808 bytes (16.2%)
(RDMA_READ_CONSUME_CHECK_CONSUMER) timestamp=5082 ms, used_size=6645760 bytes (16.2%)
(RDMA_READ_CONSUME_CHECK_CONSUMER) timestamp=5082 ms, used_size=6643712 bytes (16.2%)
(RDMA_READ_CONSUME_CHECK_CONSUMER) timestamp=5082 ms, used_size=6641664 bytes (16.2%)
(RDMA_READ_CONSUME_CHECK_CONSUMER) timestamp=5082 ms, used_size=6639616 bytes (16.2%)
(RDMA_READ_CONSUME_CHECK_CONSUMER) timestamp=5082 ms, used_size=6637568 bytes (16.2%)
(RDMA_READ_CONSUME_CHECK_CONSUMER) timestamp=5082 ms, used_size=6635520 bytes (16.2%)
(RDMA_READ_CONSUME_CHECK_CONSUMER) timestamp=5082 ms, used_size=6633472 bytes (16.2%)
(RDMA_READ_CONSUME_CHECK_CONSUMER) timestamp=5082 ms, used_size=6631424 bytes (16.2%)
(RDMA_READ_CONSUME_CHECK_CONSUMER) timestamp=5082 ms, used_size=6629376 bytes (16.2%)
(RDMA_READ_CONSUME_CHECK_CONSUMER) timestamp=5082 ms, used_size=6627328 bytes (16.2%)
(RDMA_READ_CONSUME_CHECK_CONSUMER) timestamp=5082 ms, used_size=6625280 bytes (16.2%)
(RDMA_READ_CONSUME_CHECK_CONSUMER) timestamp=5082 ms, used_size=6623232 bytes (16.2%)
(RDMA_READ_CONSUME_CHECK_CONSUMER) timestamp=5082 ms, used_size=6621184 bytes (16.2%)
(RDMA_READ_CONSUME_CHECK_CONSUMER) timestamp=5082 ms, used_size=6619136 bytes (16.2%)
(RDMA_READ_CONSUME_CHECK_CONSUMER) timestamp=5082 ms, used_size=6617088 bytes (16.2%)
(RDMA_READ_CONSUME_CHECK_CONSUMER) timestamp=5082 ms, used_size=6615040 bytes (16.1%)
(RDMA_READ_CONSUME_CHECK_CONSUMER) timestamp=5082 ms, used_size=6612992 bytes (16.1%)
(RDMA_READ_CONSUME_CHECK_CONSUMER) timestamp=5082 ms, used_size=6610944 bytes (16.1%)
(RDMA_READ_CONSUME_CHECK_CONSUMER) timestamp=5082 ms, used_size=6608896 bytes (16.1%)
(RDMA_READ_CONSUME_CHECK_CONSUMER) timestamp=5082 ms, used_size=6606848 bytes (16.1%)
(RDMA_READ_CONSUME_CHECK_CONSUMER) timestamp=5082 ms, used_size=6604800 bytes (16.1%)
(RDMA_READ_CONSUME_CHECK_CONSUMER) timestamp=5082 ms, used_size=6602752 bytes (16.1%)
(RDMA_READ_CONSUME_CHECK_CONSUMER) timestamp=5082 ms, used_size=6600704 bytes (16.1%)
(RDMA_READ_CONSUME_CHECK_CONSUMER) timestamp=5082 ms, used_size=6598656 bytes (16.1%)
(RDMA_READ_CONSUME_CHECK_CONSUMER) timestamp=5082 ms, used_size=6596608 bytes (16.1%)
(RDMA_READ_CONSUME_CHECK_CONSUMER) timestamp=5082 ms, used_size=6594560 bytes (16.1%)
(RDMA_READ_CONSUME_CHECK_CONSUMER) timestamp=5082 ms, used_size=6592512 bytes (16.1%)
(RDMA_READ_CONSUME_CHECK_CONSUMER) timestamp=5082 ms, used_size=6590464 bytes (16.1%)
(RDMA_READ_CONSUME_CHECK_CONSUMER) timestamp=5082 ms, used_size=6588416 bytes (16.1%)
(RDMA_READ_CONSUME_CHECK_CONSUMER) timestamp=5082 ms, used_size=6586368 bytes (16.1%)
(RDMA_READ_CONSUME_CHECK_CONSUMER) timestamp=5082 ms, used_size=6584320 bytes (16.1%)
(RDMA_READ_CONSUME_CHECK_CONSUMER) timestamp=5082 ms, used_size=6582272 bytes (16.1%)
(RDMA_READ_CONSUME_CHECK_CONSUMER) timestamp=5082 ms, used_size=6580224 bytes (16.1%)
(RDMA_READ_CONSUME_CHECK_CONSUMER) timestamp=5082 ms, used_size=6578176 bytes (16.1%)
(RDMA_READ_CONSUME_CHECK_CONSUMER) timestamp=5082 ms, used_size=6576128 bytes (16.1%)
(RDMA_READ_CONSUME_CHECK_CONSUMER) timestamp=5082 ms, used_size=6574080 bytes (16.1%)
(RDMA_READ_CONSUME_CHECK_CONSUMER) timestamp=5082 ms, used_size=6572032 bytes (16.0%)
(RDMA_READ_CONSUME_CHECK_CONSUMER) timestamp=5082 ms, used_size=6569984 bytes (16.0%)
(RDMA_READ_CONSUME_CHECK_CONSUMER) timestamp=5082 ms, used_size=6567936 bytes (16.0%)
(RDMA_READ_CONSUME_CHECK_CONSUMER) timestamp=5082 ms, used_size=6565888 bytes (16.0%)
(RDMA_READ_CONSUME_CHECK_CONSUMER) timestamp=5082 ms, used_size=6563840 bytes (16.0%)
(RDMA_READ_CONSUME_CHECK_CONSUMER) timestamp=5082 ms, used_size=6561792 bytes (16.0%)
(RDMA_READ_CONSUME_CHECK_CONSUMER) timestamp=5082 ms, used_size=6559744 bytes (16.0%)
(RDMA_READ_CONSUME_CHECK_CONSUMER) timestamp=5082 ms, used_size=6557696 bytes (16.0%)
(RDMA_READ_CONSUME_CHECK_CONSUMER) timestamp=5082 ms, used_size=6555648 bytes (16.0%)
(RDMA_READ_CONSUME_CHECK_CONSUMER) timestamp=5082 ms, used_size=6553600 bytes (16.0%)
(RDMA_READ_CONSUME_CHECK_CONSUMER) timestamp=5082 ms, used_size=6551552 bytes (16.0%)
(RDMA_READ_CONSUME_CHECK_CONSUMER) timestamp=5082 ms, used_size=6549504 bytes (16.0%)
(RDMA_READ_CONSUME_CHECK_CONSUMER) timestamp=5082 ms, used_size=6547456 bytes (16.0%)
(RDMA_READ_CONSUME_CHECK_CONSUMER) timestamp=5082 ms, used_size=6545408 bytes (16.0%)
(RDMA_READ_CONSUME_CHECK_CONSUMER) timestamp=5082 ms, used_size=6543360 bytes (16.0%)
(RDMA_READ_CONSUME_CHECK_CONSUMER) timestamp=5082 ms, used_size=6541312 bytes (16.0%)
(RDMA_READ_CONSUME_CHECK_CONSUMER) timestamp=5082 ms, used_size=6539264 bytes (16.0%)
(RDMA_READ_CONSUME_CHECK_CONSUMER) timestamp=5082 ms, used_size=6537216 bytes (16.0%)
(RDMA_READ_CONSUME_CHECK_CONSUMER) timestamp=5082 ms, used_size=6535168 bytes (16.0%)
(RDMA_READ_CONSUME_CHECK_CONSUMER) timestamp=5082 ms, used_size=6533120 bytes (15.9%)
(RDMA_READ_CONSUME_CHECK_CONSUMER) timestamp=5082 ms, used_size=6531072 bytes (15.9%)
(RDMA_READ_CONSUME_CHECK_CONSUMER) timestamp=5082 ms, used_size=6529024 bytes (15.9%)
(RDMA_READ_CONSUME_CHECK_CONSUMER) timestamp=5082 ms, used_size=6526976 bytes (15.9%)
(RDMA_READ_CONSUME_CHECK_CONSUMER) timestamp=5082 ms, used_size=6524928 bytes (15.9%)
(RDMA_READ_CONSUME_CHECK_CONSUMER) timestamp=5082 ms, used_size=6522880 bytes (15.9%)
(RDMA_READ_CONSUME_CHECK_CONSUMER) timestamp=5082 ms, used_size=6520832 bytes (15.9%)
(RDMA_READ_CONSUME_CHECK_CONSUMER) timestamp=5082 ms, used_size=6518784 bytes (15.9%)
(RDMA_READ_CONSUME_CHECK_CONSUMER) timestamp=5082 ms, used_size=6516736 bytes (15.9%)
(RDMA_READ_CONSUME_CHECK_CONSUMER) timestamp=5082 ms, used_size=6514688 bytes (15.9%)
(RDMA_READ_CONSUME_CHECK_CONSUMER) timestamp=5082 ms, used_size=6512640 bytes (15.9%)
(RDMA_READ_CONSUME_CHECK_CONSUMER) timestamp=5082 ms, used_size=6510592 bytes (15.9%)
(RDMA_READ_CONSUME_CHECK_CONSUMER) timestamp=5082 ms, used_size=6508544 bytes (15.9%)
(RDMA_READ_CONSUME_CHECK_CONSUMER) timestamp=5082 ms, used_size=6506496 bytes (15.9%)
(RDMA_READ_CONSUME_CHECK_CONSUMER) timestamp=5082 ms, used_size=6504448 bytes (15.9%)
(RDMA_READ_CONSUME_CHECK_CONSUMER) timestamp=5082 ms, used_size=6502400 bytes (15.9%)
(RDMA_READ_CONSUME_CHECK_CONSUMER) timestamp=5082 ms, used_size=6500352 bytes (15.9%)
(RDMA_READ_CONSUME_CHECK_CONSUMER) timestamp=5082 ms, used_size=6498304 bytes (15.9%)
(RDMA_READ_CONSUME_CHECK_CONSUMER) timestamp=5082 ms, used_size=6496256 bytes (15.9%)
(RDMA_READ_CONSUME_CHECK_CONSUMER) timestamp=5082 ms, used_size=6494208 bytes (15.9%)
(RDMA_READ_CONSUME_CHECK_CONSUMER) timestamp=5082 ms, used_size=6492160 bytes (15.8%)
(RDMA_READ_CONSUME_CHECK_CONSUMER) timestamp=5082 ms, used_size=6490112 bytes (15.8%)
(RDMA_READ_CONSUME_CHECK_CONSUMER) timestamp=5082 ms, used_size=6488064 bytes (15.8%)
(RDMA_READ_CONSUME_CHECK_CONSUMER) timestamp=5082 ms, used_size=6486016 bytes (15.8%)
(RDMA_READ_CONSUME_CHECK_CONSUMER) timestamp=5082 ms, used_size=6483968 bytes (15.8%)
(RDMA_READ_CONSUME_CHECK_CONSUMER) timestamp=5082 ms, used_size=6481920 bytes (15.8%)
(RDMA_READ_CONSUME_CHECK_CONSUMER) timestamp=5082 ms, used_size=6479872 bytes (15.8%)
(RDMA_READ_CONSUME_CHECK_CONSUMER) timestamp=5082 ms, used_size=6477824 bytes (15.8%)
(RDMA_READ_CONSUME_CHECK_CONSUMER) timestamp=5082 ms, used_size=6475776 bytes (15.8%)
(RDMA_READ_CONSUME_CHECK_CONSUMER) timestamp=5082 ms, used_size=6473728 bytes (15.8%)
(RDMA_READ_CONSUME_CHECK_CONSUMER) timestamp=5082 ms, used_size=6471680 bytes (15.8%)
(RDMA_READ_CONSUME_CHECK_CONSUMER) timestamp=5082 ms, used_size=6469632 bytes (15.8%)
(RDMA_READ_CONSUME_CHECK_CONSUMER) timestamp=5082 ms, used_size=6467584 bytes (15.8%)
(RDMA_READ_CONSUME_CHECK_CONSUMER) timestamp=5083 ms, used_size=6465536 bytes (15.8%)
(RDMA_READ_CONSUME_CHECK_CONSUMER) timestamp=5083 ms, used_size=6463488 bytes (15.8%)
(RDMA_READ_CONSUME_CHECK_CONSUMER) timestamp=5083 ms, used_size=6461440 bytes (15.8%)
(RDMA_READ_CONSUME_CHECK_CONSUMER) timestamp=5083 ms, used_size=6459392 bytes (15.8%)
(RDMA_READ_CONSUME_CHECK_CONSUMER) timestamp=5083 ms, used_size=6457344 bytes (15.8%)
(RDMA_READ_CONSUME_CHECK_CONSUMER) timestamp=5083 ms, used_size=6455296 bytes (15.8%)
(RDMA_READ_CONSUME_CHECK_CONSUMER) timestamp=5083 ms, used_size=6453248 bytes (15.8%)
(RDMA_READ_CONSUME_CHECK_CONSUMER) timestamp=5083 ms, used_size=6451200 bytes (15.8%)
(RDMA_READ_CONSUME_CHECK_CONSUMER) timestamp=5083 ms, used_size=6449152 bytes (15.7%)
(RDMA_READ_CONSUME_CHECK_CONSUMER) timestamp=5083 ms, used_size=6447104 bytes (15.7%)
(RDMA_READ_CONSUME_CHECK_CONSUMER) timestamp=5083 ms, used_size=6445056 bytes (15.7%)
(RDMA_READ_CONSUME_CHECK_CONSUMER) timestamp=5083 ms, used_size=6443008 bytes (15.7%)
(RDMA_READ_CONSUME_CHECK_CONSUMER) timestamp=5083 ms, used_size=6440960 bytes (15.7%)
(RDMA_READ_CONSUME_CHECK_CONSUMER) timestamp=5083 ms, used_size=6438912 bytes (15.7%)
(RDMA_READ_CONSUME_CHECK_CONSUMER) timestamp=5083 ms, used_size=6436864 bytes (15.7%)
(RDMA_READ_CONSUME_CHECK_CONSUMER) timestamp=5083 ms, used_size=6434816 bytes (15.7%)
(RDMA_READ_CONSUME_CHECK_CONSUMER) timestamp=5083 ms, used_size=6432768 bytes (15.7%)
(RDMA_READ_CONSUME_CHECK_CONSUMER) timestamp=5083 ms, used_size=6430720 bytes (15.7%)
(RDMA_READ_CONSUME_CHECK_CONSUMER) timestamp=5083 ms, used_size=6428672 bytes (15.7%)
(RDMA_READ_CONSUME_CHECK_CONSUMER) timestamp=5083 ms, used_size=6426624 bytes (15.7%)
(RDMA_READ_CONSUME_CHECK_CONSUMER) timestamp=5083 ms, used_size=6424576 bytes (15.7%)
(RDMA_READ_CONSUME_CHECK_CONSUMER) timestamp=5083 ms, used_size=6422528 bytes (15.7%)
(RDMA_READ_CONSUME_CHECK_CONSUMER) timestamp=5083 ms, used_size=6420480 bytes (15.7%)
(RDMA_READ_CONSUME_CHECK_CONSUMER) timestamp=5083 ms, used_size=6418432 bytes (15.7%)
(RDMA_READ_CONSUME_CHECK_CONSUMER) timestamp=5083 ms, used_size=6416384 bytes (15.7%)
(RDMA_READ_CONSUME_CHECK_CONSUMER) timestamp=5083 ms, used_size=6414336 bytes (15.7%)
(RDMA_READ_CONSUME_CHECK_CONSUMER) timestamp=5083 ms, used_size=6412288 bytes (15.7%)
(RDMA_READ_CONSUME_CHECK_CONSUMER) timestamp=5083 ms, used_size=6410240 bytes (15.7%)
(RDMA_READ_CONSUME_CHECK_CONSUMER) timestamp=5083 ms, used_size=6408192 bytes (15.6%)
(RDMA_READ_CONSUME_CHECK_CONSUMER) timestamp=5083 ms, used_size=6406144 bytes (15.6%)
(RDMA_READ_CONSUME_CHECK_CONSUMER) timestamp=5083 ms, used_size=6404096 bytes (15.6%)
(RDMA_READ_CONSUME_CHECK_CONSUMER) timestamp=5083 ms, used_size=6402048 bytes (15.6%)
(RDMA_READ_CONSUME_CHECK_CONSUMER) timestamp=5083 ms, used_size=6400000 bytes (15.6%)
(RDMA_READ_CONSUME_CHECK_CONSUMER) timestamp=5083 ms, used_size=6397952 bytes (15.6%)
(RDMA_READ_CONSUME_CHECK_CONSUMER) timestamp=5083 ms, used_size=6395904 bytes (15.6%)
(RDMA_READ_CONSUME_CHECK_CONSUMER) timestamp=5083 ms, used_size=6393856 bytes (15.6%)
(RDMA_READ_CONSUME_CHECK_CONSUMER) timestamp=5083 ms, used_size=6391808 bytes (15.6%)
(RDMA_READ_CONSUME_CHECK_CONSUMER) timestamp=5083 ms, used_size=6389760 bytes (15.6%)
(RDMA_READ_CONSUME_CHECK_CONSUMER) timestamp=5083 ms, used_size=6387712 bytes (15.6%)
(RDMA_READ_CONSUME_CHECK_CONSUMER) timestamp=5083 ms, used_size=6385664 bytes (15.6%)
(RDMA_READ_CONSUME_CHECK_CONSUMER) timestamp=5083 ms, used_size=6383616 bytes (15.6%)
(RDMA_READ_CONSUME_CHECK_CONSUMER) timestamp=5083 ms, used_size=6381568 bytes (15.6%)
(RDMA_READ_CONSUME_CHECK_CONSUMER) timestamp=5083 ms, used_size=6379520 bytes (15.6%)
(RDMA_READ_CONSUME_CHECK_CONSUMER) timestamp=5083 ms, used_size=6377472 bytes (15.6%)
(RDMA_READ_CONSUME_CHECK_CONSUMER) timestamp=5083 ms, used_size=6375424 bytes (15.6%)
(RDMA_READ_CONSUME_CHECK_CONSUMER) timestamp=5083 ms, used_size=6373376 bytes (15.6%)
(RDMA_READ_CONSUME_CHECK_CONSUMER) timestamp=5083 ms, used_size=6371328 bytes (15.6%)
(RDMA_READ_CONSUME_CHECK_CONSUMER) timestamp=5083 ms, used_size=6369280 bytes (15.6%)
(RDMA_READ_CONSUME_CHECK_CONSUMER) timestamp=5083 ms, used_size=6367232 bytes (15.5%)
(RDMA_READ_CONSUME_CHECK_CONSUMER) timestamp=5083 ms, used_size=6365184 bytes (15.5%)
(RDMA_READ_CONSUME_CHECK_CONSUMER) timestamp=5083 ms, used_size=6363136 bytes (15.5%)
(RDMA_READ_CONSUME_CHECK_CONSUMER) timestamp=5083 ms, used_size=6361088 bytes (15.5%)
(RDMA_READ_CONSUME_CHECK_CONSUMER) timestamp=5083 ms, used_size=6359040 bytes (15.5%)
(RDMA_READ_CONSUME_CHECK_CONSUMER) timestamp=5083 ms, used_size=6356992 bytes (15.5%)
(RDMA_READ_CONSUME_CHECK_CONSUMER) timestamp=5083 ms, used_size=6354944 bytes (15.5%)
(RDMA_READ_CONSUME_CHECK_CONSUMER) timestamp=5083 ms, used_size=6352896 bytes (15.5%)
(RDMA_READ_CONSUME_CHECK_CONSUMER) timestamp=5083 ms, used_size=6350848 bytes (15.5%)
(RDMA_READ_CONSUME_CHECK_CONSUMER) timestamp=5083 ms, used_size=6348800 bytes (15.5%)
(RDMA_READ_CONSUME_CHECK_CONSUMER) timestamp=5083 ms, used_size=6346752 bytes (15.5%)
(RDMA_READ_CONSUME_CHECK_CONSUMER) timestamp=5083 ms, used_size=6344704 bytes (15.5%)
(RDMA_READ_CONSUME_CHECK_CONSUMER) timestamp=5083 ms, used_size=6342656 bytes (15.5%)
(RDMA_READ_CONSUME_CHECK_CONSUMER) timestamp=5083 ms, used_size=6340608 bytes (15.5%)
(RDMA_READ_CONSUME_CHECK_CONSUMER) timestamp=5083 ms, used_size=6338560 bytes (15.5%)
(RDMA_READ_CONSUME_CHECK_CONSUMER) timestamp=5083 ms, used_size=6336512 bytes (15.5%)
(RDMA_READ_CONSUME_CHECK_CONSUMER) timestamp=5083 ms, used_size=6334464 bytes (15.5%)
(RDMA_READ_CONSUME_CHECK_CONSUMER) timestamp=5083 ms, used_size=6332416 bytes (15.5%)
(RDMA_READ_CONSUME_CHECK_CONSUMER) timestamp=5083 ms, used_size=6330368 bytes (15.5%)
(RDMA_READ_CONSUME_CHECK_CONSUMER) timestamp=5083 ms, used_size=6328320 bytes (15.4%)
(RDMA_READ_CONSUME_CHECK_CONSUMER) timestamp=5083 ms, used_size=6326272 bytes (15.4%)
(RDMA_READ_CONSUME_CHECK_CONSUMER) timestamp=5083 ms, used_size=6324224 bytes (15.4%)
(RDMA_READ_CONSUME_CHECK_CONSUMER) timestamp=5083 ms, used_size=6322176 bytes (15.4%)
(RDMA_READ_CONSUME_CHECK_CONSUMER) timestamp=5083 ms, used_size=6320128 bytes (15.4%)
(RDMA_READ_CONSUME_CHECK_CONSUMER) timestamp=5083 ms, used_size=6318080 bytes (15.4%)
(RDMA_READ_CONSUME_CHECK_CONSUMER) timestamp=5083 ms, used_size=6316032 bytes (15.4%)
(RDMA_READ_CONSUME_CHECK_CONSUMER) timestamp=5083 ms, used_size=6313984 bytes (15.4%)
(RDMA_READ_CONSUME_CHECK_CONSUMER) timestamp=5083 ms, used_size=6311936 bytes (15.4%)
(RDMA_READ_CONSUME_CHECK_CONSUMER) timestamp=5083 ms, used_size=6309888 bytes (15.4%)
(RDMA_READ_CONSUME_CHECK_CONSUMER) timestamp=5083 ms, used_size=6307840 bytes (15.4%)
(RDMA_READ_CONSUME_CHECK_CONSUMER) timestamp=5083 ms, used_size=6305792 bytes (15.4%)
(RDMA_READ_CONSUME_CHECK_CONSUMER) timestamp=5083 ms, used_size=6303744 bytes (15.4%)
(RDMA_READ_CONSUME_CHECK_CONSUMER) timestamp=5083 ms, used_size=6301696 bytes (15.4%)
(RDMA_READ_CONSUME_CHECK_CONSUMER) timestamp=5083 ms, used_size=6299648 bytes (15.4%)
(RDMA_READ_CONSUME_CHECK_CONSUMER) timestamp=5083 ms, used_size=6297600 bytes (15.4%)
(RDMA_READ_CONSUME_CHECK_CONSUMER) timestamp=5083 ms, used_size=6295552 bytes (15.4%)
(RDMA_READ_CONSUME_CHECK_CONSUMER) timestamp=5083 ms, used_size=6293504 bytes (15.4%)
(RDMA_READ_CONSUME_CHECK_CONSUMER) timestamp=5083 ms, used_size=6291456 bytes (15.4%)
(RDMA_READ_CONSUME_CHECK_CONSUMER) timestamp=5083 ms, used_size=6289408 bytes (15.4%)
(RDMA_READ_CONSUME_CHECK_CONSUMER) timestamp=5083 ms, used_size=6287360 bytes (15.3%)
(RDMA_READ_CONSUME_CHECK_CONSUMER) timestamp=5083 ms, used_size=6285312 bytes (15.3%)
(RDMA_READ_CONSUME_CHECK_CONSUMER) timestamp=5083 ms, used_size=6283264 bytes (15.3%)
(RDMA_READ_CONSUME_CHECK_CONSUMER) timestamp=5083 ms, used_size=6281216 bytes (15.3%)
(RDMA_READ_CONSUME_CHECK_CONSUMER) timestamp=5083 ms, used_size=6279168 bytes (15.3%)
(RDMA_READ_CONSUME_CHECK_CONSUMER) timestamp=5083 ms, used_size=6277120 bytes (15.3%)
(RDMA_READ_CONSUME_CHECK_CONSUMER) timestamp=5083 ms, used_size=6275072 bytes (15.3%)
(RDMA_READ_CONSUME_CHECK_CONSUMER) timestamp=5083 ms, used_size=6273024 bytes (15.3%)
(RDMA_READ_CONSUME_CHECK_CONSUMER) timestamp=5083 ms, used_size=6270976 bytes (15.3%)
(RDMA_READ_CONSUME_CHECK_CONSUMER) timestamp=5083 ms, used_size=6268928 bytes (15.3%)
(RDMA_READ_CONSUME_CHECK_CONSUMER) timestamp=5083 ms, used_size=6266880 bytes (15.3%)
(RDMA_READ_CONSUME_CHECK_CONSUMER) timestamp=5083 ms, used_size=6264832 bytes (15.3%)
(RDMA_READ_CONSUME_CHECK_CONSUMER) timestamp=5083 ms, used_size=6262784 bytes (15.3%)
(RDMA_READ_CONSUME_CHECK_CONSUMER) timestamp=5083 ms, used_size=6260736 bytes (15.3%)
(RDMA_READ_CONSUME_CHECK_CONSUMER) timestamp=5083 ms, used_size=6258688 bytes (15.3%)
(RDMA_READ_CONSUME_CHECK_CONSUMER) timestamp=5083 ms, used_size=6256640 bytes (15.3%)
(RDMA_READ_CONSUME_CHECK_CONSUMER) timestamp=5083 ms, used_size=6254592 bytes (15.3%)
(RDMA_READ_CONSUME_CHECK_CONSUMER) timestamp=5083 ms, used_size=6252544 bytes (15.3%)
(RDMA_READ_CONSUME_CHECK_CONSUMER) timestamp=5083 ms, used_size=6250496 bytes (15.3%)
(RDMA_READ_CONSUME_CHECK_CONSUMER) timestamp=5083 ms, used_size=6248448 bytes (15.3%)
(RDMA_READ_CONSUME_CHECK_CONSUMER) timestamp=5083 ms, used_size=6246400 bytes (15.2%)
(RDMA_READ_CONSUME_CHECK_CONSUMER) timestamp=5083 ms, used_size=6244352 bytes (15.2%)
(RDMA_READ_CONSUME_CHECK_CONSUMER) timestamp=5083 ms, used_size=6242304 bytes (15.2%)
(RDMA_READ_CONSUME_CHECK_CONSUMER) timestamp=5083 ms, used_size=6240256 bytes (15.2%)
(RDMA_READ_CONSUME_CHECK_CONSUMER) timestamp=5083 ms, used_size=6238208 bytes (15.2%)
(RDMA_READ_CONSUME_CHECK_CONSUMER) timestamp=5083 ms, used_size=6236160 bytes (15.2%)
(RDMA_READ_CONSUME_CHECK_CONSUMER) timestamp=5083 ms, used_size=6234112 bytes (15.2%)
(RDMA_READ_CONSUME_CHECK_CONSUMER) timestamp=5083 ms, used_size=6232064 bytes (15.2%)
(RDMA_READ_CONSUME_CHECK_CONSUMER) timestamp=5083 ms, used_size=6230016 bytes (15.2%)
(RDMA_READ_CONSUME_CHECK_CONSUMER) timestamp=5083 ms, used_size=6227968 bytes (15.2%)
(RDMA_READ_CONSUME_CHECK_CONSUMER) timestamp=5083 ms, used_size=6225920 bytes (15.2%)
(RDMA_READ_CONSUME_CHECK_CONSUMER) timestamp=5083 ms, used_size=6223872 bytes (15.2%)
(RDMA_READ_CONSUME_CHECK_CONSUMER) timestamp=5083 ms, used_size=6221824 bytes (15.2%)
(RDMA_READ_CONSUME_CHECK_CONSUMER) timestamp=5083 ms, used_size=6219776 bytes (15.2%)
(RDMA_READ_CONSUME_CHECK_CONSUMER) timestamp=5083 ms, used_size=6217728 bytes (15.2%)
(RDMA_READ_CONSUME_CHECK_CONSUMER) timestamp=5083 ms, used_size=6215680 bytes (15.2%)
(RDMA_READ_CONSUME_CHECK_CONSUMER) timestamp=5083 ms, used_size=6213632 bytes (15.2%)
(RDMA_READ_CONSUME_CHECK_CONSUMER) timestamp=5083 ms, used_size=6211584 bytes (15.2%)
(RDMA_READ_CONSUME_CHECK_CONSUMER) timestamp=5083 ms, used_size=6209536 bytes (15.2%)
(RDMA_READ_CONSUME_CHECK_CONSUMER) timestamp=5083 ms, used_size=6207488 bytes (15.2%)
(RDMA_READ_CONSUME_CHECK_CONSUMER) timestamp=5083 ms, used_size=6205440 bytes (15.2%)
(RDMA_READ_CONSUME_CHECK_CONSUMER) timestamp=5083 ms, used_size=6203392 bytes (15.1%)
(RDMA_READ_CONSUME_CHECK_CONSUMER) timestamp=5083 ms, used_size=6201344 bytes (15.1%)
(RDMA_READ_CONSUME_CHECK_CONSUMER) timestamp=5083 ms, used_size=6199296 bytes (15.1%)
(RDMA_READ_CONSUME_CHECK_CONSUMER) timestamp=5083 ms, used_size=6197248 bytes (15.1%)
(RDMA_READ_CONSUME_CHECK_CONSUMER) timestamp=5083 ms, used_size=6195200 bytes (15.1%)
(RDMA_READ_CONSUME_CHECK_CONSUMER) timestamp=5083 ms, used_size=6193152 bytes (15.1%)
(RDMA_READ_CONSUME_CHECK_CONSUMER) timestamp=5083 ms, used_size=6191104 bytes (15.1%)
(RDMA_READ_CONSUME_CHECK_CONSUMER) timestamp=5083 ms, used_size=6189056 bytes (15.1%)
(RDMA_READ_CONSUME_CHECK_CONSUMER) timestamp=5083 ms, used_size=6187008 bytes (15.1%)
(RDMA_READ_CONSUME_CHECK_CONSUMER) timestamp=5083 ms, used_size=6184960 bytes (15.1%)
(RDMA_READ_CONSUME_CHECK_CONSUMER) timestamp=5083 ms, used_size=6182912 bytes (15.1%)
(RDMA_READ_CONSUME_CHECK_CONSUMER) timestamp=5083 ms, used_size=6180864 bytes (15.1%)
(RDMA_READ_CONSUME_CHECK_CONSUMER) timestamp=5083 ms, used_size=6178816 bytes (15.1%)
(RDMA_READ_CONSUME_CHECK_CONSUMER) timestamp=5083 ms, used_size=6176768 bytes (15.1%)
(RDMA_READ_CONSUME_CHECK_CONSUMER) timestamp=5083 ms, used_size=6174720 bytes (15.1%)
(RDMA_READ_CONSUME_CHECK_CONSUMER) timestamp=5083 ms, used_size=6172672 bytes (15.1%)
(RDMA_READ_CONSUME_CHECK_CONSUMER) timestamp=5083 ms, used_size=6170624 bytes (15.1%)
(RDMA_READ_CONSUME_CHECK_CONSUMER) timestamp=5083 ms, used_size=6168576 bytes (15.1%)
(RDMA_READ_CONSUME_CHECK_CONSUMER) timestamp=5083 ms, used_size=6166528 bytes (15.1%)
(RDMA_READ_CONSUME_CHECK_CONSUMER) timestamp=5083 ms, used_size=6164480 bytes (15.1%)
(RDMA_READ_CONSUME_CHECK_CONSUMER) timestamp=5083 ms, used_size=6162432 bytes (15.0%)
(RDMA_READ_CONSUME_CHECK_CONSUMER) timestamp=5083 ms, used_size=6160384 bytes (15.0%)
(RDMA_READ_CONSUME_CHECK_CONSUMER) timestamp=5083 ms, used_size=6158336 bytes (15.0%)
(RDMA_READ_CONSUME_CHECK_CONSUMER) timestamp=5083 ms, used_size=6156288 bytes (15.0%)
(RDMA_READ_CONSUME_CHECK_CONSUMER) timestamp=5083 ms, used_size=6154240 bytes (15.0%)
(RDMA_READ_CONSUME_CHECK_CONSUMER) timestamp=5083 ms, used_size=6152192 bytes (15.0%)
(RDMA_READ_CONSUME_CHECK_CONSUMER) timestamp=5083 ms, used_size=6150144 bytes (15.0%)
(RDMA_READ_CONSUME_CHECK_CONSUMER) timestamp=5083 ms, used_size=6148096 bytes (15.0%)
(RDMA_READ_CONSUME_CHECK_CONSUMER) timestamp=5083 ms, used_size=6146048 bytes (15.0%)
(RDMA_READ_CONSUME_CHECK_CONSUMER) timestamp=5083 ms, used_size=6144000 bytes (15.0%)
(RDMA_READ_CONSUME_CHECK_CONSUMER) timestamp=5083 ms, used_size=6141952 bytes (15.0%)
(RDMA_READ_CONSUME_CHECK_CONSUMER) timestamp=5083 ms, used_size=6139904 bytes (15.0%)
(RDMA_READ_CONSUME_CHECK_CONSUMER) timestamp=5083 ms, used_size=6137856 bytes (15.0%)
(RDMA_READ_CONSUME_CHECK_CONSUMER) timestamp=5083 ms, used_size=6135808 bytes (15.0%)
(RDMA_READ_CONSUME_CHECK_CONSUMER) timestamp=5083 ms, used_size=6133760 bytes (15.0%)
(RDMA_READ_CONSUME_CHECK_CONSUMER) timestamp=5083 ms, used_size=6131712 bytes (15.0%)
(RDMA_READ_CONSUME_CHECK_CONSUMER) timestamp=5083 ms, used_size=6129664 bytes (15.0%)
(RDMA_READ_CONSUME_CHECK_CONSUMER) timestamp=5083 ms, used_size=6127616 bytes (15.0%)
(RDMA_READ_CONSUME_CHECK_CONSUMER) timestamp=5083 ms, used_size=6125568 bytes (15.0%)
(RDMA_READ_CONSUME_CHECK_CONSUMER) timestamp=5083 ms, used_size=6123520 bytes (14.9%)
(RDMA_READ_CONSUME_CHECK_CONSUMER) timestamp=5083 ms, used_size=6121472 bytes (14.9%)
(RDMA_READ_CONSUME_CHECK_CONSUMER) timestamp=5083 ms, used_size=6119424 bytes (14.9%)
(RDMA_READ_CONSUME_CHECK_CONSUMER) timestamp=5083 ms, used_size=6117376 bytes (14.9%)
(RDMA_READ_CONSUME_CHECK_CONSUMER) timestamp=5083 ms, used_size=6115328 bytes (14.9%)
(RDMA_READ_CONSUME_CHECK_CONSUMER) timestamp=5083 ms, used_size=6113280 bytes (14.9%)
(RDMA_READ_CONSUME_CHECK_CONSUMER) timestamp=5083 ms, used_size=6111232 bytes (14.9%)
(RDMA_READ_CONSUME_CHECK_CONSUMER) timestamp=5083 ms, used_size=6109184 bytes (14.9%)
(RDMA_READ_CONSUME_CHECK_CONSUMER) timestamp=5083 ms, used_size=6107136 bytes (14.9%)
(RDMA_READ_CONSUME_CHECK_CONSUMER) timestamp=5083 ms, used_size=6105088 bytes (14.9%)
(RDMA_READ_CONSUME_CHECK_CONSUMER) timestamp=5084 ms, used_size=6103040 bytes (14.9%)
(RDMA_READ_CONSUME_CHECK_CONSUMER) timestamp=5084 ms, used_size=6100992 bytes (14.9%)
(RDMA_READ_CONSUME_CHECK_CONSUMER) timestamp=5084 ms, used_size=6098944 bytes (14.9%)
(RDMA_READ_CONSUME_CHECK_CONSUMER) timestamp=5084 ms, used_size=6096896 bytes (14.9%)
(RDMA_READ_CONSUME_CHECK_CONSUMER) timestamp=5084 ms, used_size=6094848 bytes (14.9%)
(RDMA_READ_CONSUME_CHECK_CONSUMER) timestamp=5084 ms, used_size=6092800 bytes (14.9%)
(RDMA_READ_CONSUME_CHECK_CONSUMER) timestamp=5084 ms, used_size=6090752 bytes (14.9%)
(RDMA_READ_CONSUME_CHECK_CONSUMER) timestamp=5084 ms, used_size=6088704 bytes (14.9%)
(RDMA_READ_CONSUME_CHECK_CONSUMER) timestamp=5084 ms, used_size=6086656 bytes (14.9%)
(RDMA_READ_CONSUME_CHECK_CONSUMER) timestamp=5084 ms, used_size=6084608 bytes (14.9%)
(RDMA_READ_CONSUME_CHECK_CONSUMER) timestamp=5084 ms, used_size=6082560 bytes (14.8%)
(RDMA_READ_CONSUME_CHECK_CONSUMER) timestamp=5084 ms, used_size=6080512 bytes (14.8%)
(RDMA_READ_CONSUME_CHECK_CONSUMER) timestamp=5084 ms, used_size=6078464 bytes (14.8%)
(RDMA_READ_CONSUME_CHECK_CONSUMER) timestamp=5084 ms, used_size=6076416 bytes (14.8%)
(RDMA_READ_CONSUME_CHECK_CONSUMER) timestamp=5084 ms, used_size=6074368 bytes (14.8%)
(RDMA_READ_CONSUME_CHECK_CONSUMER) timestamp=5084 ms, used_size=6072320 bytes (14.8%)
(RDMA_READ_CONSUME_CHECK_CONSUMER) timestamp=5084 ms, used_size=6070272 bytes (14.8%)
(RDMA_READ_CONSUME_CHECK_CONSUMER) timestamp=5084 ms, used_size=6068224 bytes (14.8%)
(RDMA_READ_CONSUME_CHECK_CONSUMER) timestamp=5084 ms, used_size=6066176 bytes (14.8%)
(RDMA_READ_CONSUME_CHECK_CONSUMER) timestamp=5084 ms, used_size=6064128 bytes (14.8%)
(RDMA_READ_CONSUME_CHECK_CONSUMER) timestamp=5084 ms, used_size=6062080 bytes (14.8%)
(RDMA_READ_CONSUME_CHECK_CONSUMER) timestamp=5084 ms, used_size=6060032 bytes (14.8%)
(RDMA_READ_CONSUME_CHECK_CONSUMER) timestamp=5084 ms, used_size=6057984 bytes (14.8%)
(RDMA_READ_CONSUME_CHECK_CONSUMER) timestamp=5084 ms, used_size=6055936 bytes (14.8%)
(RDMA_READ_CONSUME_CHECK_CONSUMER) timestamp=5084 ms, used_size=6053888 bytes (14.8%)
(RDMA_READ_CONSUME_CHECK_CONSUMER) timestamp=5084 ms, used_size=6051840 bytes (14.8%)
(RDMA_READ_CONSUME_CHECK_CONSUMER) timestamp=5084 ms, used_size=6049792 bytes (14.8%)
(RDMA_READ_CONSUME_CHECK_CONSUMER) timestamp=5084 ms, used_size=6047744 bytes (14.8%)
(RDMA_READ_CONSUME_CHECK_CONSUMER) timestamp=5084 ms, used_size=6045696 bytes (14.8%)
(RDMA_READ_CONSUME_CHECK_CONSUMER) timestamp=5084 ms, used_size=6043648 bytes (14.8%)
(RDMA_READ_CONSUME_CHECK_CONSUMER) timestamp=5084 ms, used_size=6041600 bytes (14.8%)
(RDMA_READ_CONSUME_CHECK_CONSUMER) timestamp=5084 ms, used_size=6039552 bytes (14.7%)
(RDMA_READ_CONSUME_CHECK_CONSUMER) timestamp=5084 ms, used_size=6037504 bytes (14.7%)
(RDMA_READ_CONSUME_CHECK_CONSUMER) timestamp=5084 ms, used_size=6035456 bytes (14.7%)
(RDMA_READ_CONSUME_CHECK_CONSUMER) timestamp=5084 ms, used_size=6033408 bytes (14.7%)
(RDMA_READ_CONSUME_CHECK_CONSUMER) timestamp=5084 ms, used_size=6031360 bytes (14.7%)
(RDMA_READ_CONSUME_CHECK_CONSUMER) timestamp=5084 ms, used_size=6029312 bytes (14.7%)
(RDMA_READ_CONSUME_CHECK_CONSUMER) timestamp=5084 ms, used_size=6027264 bytes (14.7%)
(RDMA_READ_CONSUME_CHECK_CONSUMER) timestamp=5084 ms, used_size=6025216 bytes (14.7%)
(RDMA_READ_CONSUME_CHECK_CONSUMER) timestamp=5084 ms, used_size=6023168 bytes (14.7%)
(RDMA_READ_CONSUME_CHECK_CONSUMER) timestamp=5084 ms, used_size=6021120 bytes (14.7%)
(RDMA_READ_CONSUME_CHECK_CONSUMER) timestamp=5084 ms, used_size=6019072 bytes (14.7%)
(RDMA_READ_CONSUME_CHECK_CONSUMER) timestamp=5084 ms, used_size=6017024 bytes (14.7%)
(RDMA_READ_CONSUME_CHECK_CONSUMER) timestamp=5084 ms, used_size=6014976 bytes (14.7%)
(RDMA_READ_CONSUME_CHECK_CONSUMER) timestamp=5084 ms, used_size=6012928 bytes (14.7%)
(RDMA_READ_CONSUME_CHECK_CONSUMER) timestamp=5084 ms, used_size=6010880 bytes (14.7%)
(RDMA_READ_CONSUME_CHECK_CONSUMER) timestamp=5084 ms, used_size=6008832 bytes (14.7%)
(RDMA_READ_CONSUME_CHECK_CONSUMER) timestamp=5084 ms, used_size=6006784 bytes (14.7%)
(RDMA_READ_CONSUME_CHECK_CONSUMER) timestamp=5084 ms, used_size=6004736 bytes (14.7%)
(RDMA_READ_CONSUME_CHECK_CONSUMER) timestamp=5084 ms, used_size=6002688 bytes (14.7%)
(RDMA_READ_CONSUME_CHECK_CONSUMER) timestamp=5084 ms, used_size=6000640 bytes (14.7%)
(RDMA_READ_CONSUME_CHECK_CONSUMER) timestamp=5084 ms, used_size=5998592 bytes (14.6%)
(RDMA_READ_CONSUME_CHECK_CONSUMER) timestamp=5084 ms, used_size=5996544 bytes (14.6%)
(RDMA_READ_CONSUME_CHECK_CONSUMER) timestamp=5084 ms, used_size=5994496 bytes (14.6%)
(RDMA_READ_CONSUME_CHECK_CONSUMER) timestamp=5084 ms, used_size=5992448 bytes (14.6%)
(RDMA_READ_CONSUME_CHECK_CONSUMER) timestamp=5084 ms, used_size=5990400 bytes (14.6%)
(RDMA_READ_CONSUME_CHECK_CONSUMER) timestamp=5084 ms, used_size=5988352 bytes (14.6%)
(RDMA_READ_CONSUME_CHECK_CONSUMER) timestamp=5084 ms, used_size=5986304 bytes (14.6%)
(RDMA_READ_CONSUME_CHECK_CONSUMER) timestamp=5084 ms, used_size=5984256 bytes (14.6%)
(RDMA_READ_CONSUME_CHECK_CONSUMER) timestamp=5084 ms, used_size=5982208 bytes (14.6%)
(RDMA_READ_CONSUME_CHECK_CONSUMER) timestamp=5084 ms, used_size=5980160 bytes (14.6%)
(RDMA_READ_CONSUME_CHECK_CONSUMER) timestamp=5084 ms, used_size=5978112 bytes (14.6%)
(RDMA_READ_CONSUME_CHECK_CONSUMER) timestamp=5084 ms, used_size=5976064 bytes (14.6%)
(RDMA_READ_CONSUME_CHECK_CONSUMER) timestamp=5084 ms, used_size=5974016 bytes (14.6%)
(RDMA_READ_CONSUME_CHECK_CONSUMER) timestamp=5084 ms, used_size=5971968 bytes (14.6%)
(RDMA_READ_CONSUME_CHECK_CONSUMER) timestamp=5084 ms, used_size=5969920 bytes (14.6%)
(RDMA_READ_CONSUME_CHECK_CONSUMER) timestamp=5084 ms, used_size=5967872 bytes (14.6%)
(RDMA_READ_CONSUME_CHECK_CONSUMER) timestamp=5084 ms, used_size=5965824 bytes (14.6%)
(RDMA_READ_CONSUME_CHECK_CONSUMER) timestamp=5084 ms, used_size=5963776 bytes (14.6%)
(RDMA_READ_CONSUME_CHECK_CONSUMER) timestamp=5084 ms, used_size=5961728 bytes (14.6%)
(RDMA_READ_CONSUME_CHECK_CONSUMER) timestamp=5084 ms, used_size=5959680 bytes (14.6%)
(RDMA_READ_CONSUME_CHECK_CONSUMER) timestamp=5084 ms, used_size=5957632 bytes (14.5%)
(RDMA_READ_CONSUME_CHECK_CONSUMER) timestamp=5084 ms, used_size=5955584 bytes (14.5%)
(RDMA_READ_CONSUME_CHECK_CONSUMER) timestamp=5084 ms, used_size=5953536 bytes (14.5%)
(RDMA_READ_CONSUME_CHECK_CONSUMER) timestamp=5084 ms, used_size=5951488 bytes (14.5%)
(RDMA_READ_CONSUME_CHECK_CONSUMER) timestamp=5084 ms, used_size=5949440 bytes (14.5%)
(RDMA_READ_CONSUME_CHECK_CONSUMER) timestamp=5084 ms, used_size=5947392 bytes (14.5%)
(RDMA_READ_CONSUME_CHECK_CONSUMER) timestamp=5084 ms, used_size=5945344 bytes (14.5%)
(RDMA_READ_CONSUME_CHECK_CONSUMER) timestamp=5084 ms, used_size=5943296 bytes (14.5%)
(RDMA_READ_CONSUME_CHECK_CONSUMER) timestamp=5084 ms, used_size=5941248 bytes (14.5%)
(RDMA_READ_CONSUME_CHECK_CONSUMER) timestamp=5084 ms, used_size=5939200 bytes (14.5%)
(RDMA_READ_CONSUME_CHECK_CONSUMER) timestamp=5084 ms, used_size=5937152 bytes (14.5%)
(RDMA_READ_CONSUME_CHECK_CONSUMER) timestamp=5084 ms, used_size=5935104 bytes (14.5%)
(RDMA_READ_CONSUME_CHECK_CONSUMER) timestamp=5084 ms, used_size=5933056 bytes (14.5%)
(RDMA_READ_CONSUME_CHECK_CONSUMER) timestamp=5084 ms, used_size=5931008 bytes (14.5%)
(RDMA_READ_CONSUME_CHECK_CONSUMER) timestamp=5084 ms, used_size=5928960 bytes (14.5%)
(RDMA_READ_CONSUME_CHECK_CONSUMER) timestamp=5084 ms, used_size=5926912 bytes (14.5%)
(RDMA_READ_CONSUME_CHECK_CONSUMER) timestamp=5084 ms, used_size=5924864 bytes (14.5%)
(RDMA_READ_CONSUME_CHECK_CONSUMER) timestamp=5084 ms, used_size=5922816 bytes (14.5%)
(RDMA_READ_CONSUME_CHECK_CONSUMER) timestamp=5084 ms, used_size=5920768 bytes (14.5%)
(RDMA_READ_CONSUME_CHECK_CONSUMER) timestamp=5084 ms, used_size=5918720 bytes (14.4%)
(RDMA_READ_CONSUME_CHECK_CONSUMER) timestamp=5084 ms, used_size=5916672 bytes (14.4%)
(RDMA_READ_CONSUME_CHECK_CONSUMER) timestamp=5084 ms, used_size=5914624 bytes (14.4%)
(RDMA_READ_CONSUME_CHECK_CONSUMER) timestamp=5084 ms, used_size=5912576 bytes (14.4%)
(RDMA_READ_CONSUME_CHECK_CONSUMER) timestamp=5084 ms, used_size=5910528 bytes (14.4%)
(RDMA_READ_CONSUME_CHECK_CONSUMER) timestamp=5084 ms, used_size=5908480 bytes (14.4%)
(RDMA_READ_CONSUME_CHECK_CONSUMER) timestamp=5084 ms, used_size=5906432 bytes (14.4%)
(RDMA_READ_CONSUME_CHECK_CONSUMER) timestamp=5084 ms, used_size=5904384 bytes (14.4%)
(RDMA_READ_CONSUME_CHECK_CONSUMER) timestamp=5084 ms, used_size=5902336 bytes (14.4%)
(RDMA_READ_CONSUME_CHECK_CONSUMER) timestamp=5084 ms, used_size=5900288 bytes (14.4%)
(RDMA_READ_CONSUME_CHECK_CONSUMER) timestamp=5084 ms, used_size=5898240 bytes (14.4%)
(RDMA_READ_CONSUME_CHECK_CONSUMER) timestamp=5084 ms, used_size=5896192 bytes (14.4%)
(RDMA_READ_CONSUME_CHECK_CONSUMER) timestamp=5084 ms, used_size=5894144 bytes (14.4%)
(RDMA_READ_CONSUME_CHECK_CONSUMER) timestamp=5084 ms, used_size=5892096 bytes (14.4%)
(RDMA_READ_CONSUME_CHECK_CONSUMER) timestamp=5084 ms, used_size=5890048 bytes (14.4%)
(RDMA_READ_CONSUME_CHECK_CONSUMER) timestamp=5084 ms, used_size=5888000 bytes (14.4%)
(RDMA_READ_CONSUME_CHECK_CONSUMER) timestamp=5084 ms, used_size=5885952 bytes (14.4%)
(RDMA_READ_CONSUME_CHECK_CONSUMER) timestamp=5084 ms, used_size=5883904 bytes (14.4%)
(RDMA_READ_CONSUME_CHECK_CONSUMER) timestamp=5084 ms, used_size=5881856 bytes (14.4%)
(RDMA_READ_CONSUME_CHECK_CONSUMER) timestamp=5084 ms, used_size=5879808 bytes (14.4%)
(RDMA_READ_CONSUME_CHECK_CONSUMER) timestamp=5084 ms, used_size=5877760 bytes (14.3%)
(RDMA_READ_CONSUME_CHECK_CONSUMER) timestamp=5084 ms, used_size=5875712 bytes (14.3%)
(RDMA_READ_CONSUME_CHECK_CONSUMER) timestamp=5084 ms, used_size=5873664 bytes (14.3%)
(RDMA_READ_CONSUME_CHECK_CONSUMER) timestamp=5084 ms, used_size=5871616 bytes (14.3%)
(RDMA_READ_CONSUME_CHECK_CONSUMER) timestamp=5084 ms, used_size=5869568 bytes (14.3%)
(RDMA_READ_CONSUME_CHECK_CONSUMER) timestamp=5084 ms, used_size=5867520 bytes (14.3%)
(RDMA_READ_CONSUME_CHECK_CONSUMER) timestamp=5084 ms, used_size=5865472 bytes (14.3%)
(RDMA_READ_CONSUME_CHECK_CONSUMER) timestamp=5084 ms, used_size=5863424 bytes (14.3%)
(RDMA_READ_CONSUME_CHECK_CONSUMER) timestamp=5084 ms, used_size=5861376 bytes (14.3%)
(RDMA_READ_CONSUME_CHECK_CONSUMER) timestamp=5084 ms, used_size=5859328 bytes (14.3%)
(RDMA_READ_CONSUME_CHECK_CONSUMER) timestamp=5084 ms, used_size=5857280 bytes (14.3%)
(RDMA_READ_CONSUME_CHECK_CONSUMER) timestamp=5084 ms, used_size=5855232 bytes (14.3%)
(RDMA_READ_CONSUME_CHECK_CONSUMER) timestamp=5084 ms, used_size=5853184 bytes (14.3%)
(RDMA_READ_CONSUME_CHECK_CONSUMER) timestamp=5084 ms, used_size=5851136 bytes (14.3%)
(RDMA_READ_CONSUME_CHECK_CONSUMER) timestamp=5084 ms, used_size=5849088 bytes (14.3%)
(RDMA_READ_CONSUME_CHECK_CONSUMER) timestamp=5084 ms, used_size=5847040 bytes (14.3%)
(RDMA_READ_CONSUME_CHECK_CONSUMER) timestamp=5084 ms, used_size=5844992 bytes (14.3%)
(RDMA_READ_CONSUME_CHECK_CONSUMER) timestamp=5084 ms, used_size=5842944 bytes (14.3%)
(RDMA_READ_CONSUME_CHECK_CONSUMER) timestamp=5084 ms, used_size=5840896 bytes (14.3%)
(RDMA_READ_CONSUME_CHECK_CONSUMER) timestamp=5084 ms, used_size=5838848 bytes (14.3%)
(RDMA_READ_CONSUME_CHECK_CONSUMER) timestamp=5084 ms, used_size=5836800 bytes (14.2%)
(RDMA_READ_CONSUME_CHECK_CONSUMER) timestamp=5084 ms, used_size=5834752 bytes (14.2%)
(RDMA_READ_CONSUME_CHECK_CONSUMER) timestamp=5084 ms, used_size=5832704 bytes (14.2%)
(RDMA_READ_CONSUME_CHECK_CONSUMER) timestamp=5084 ms, used_size=5830656 bytes (14.2%)
(RDMA_READ_CONSUME_CHECK_CONSUMER) timestamp=5084 ms, used_size=5828608 bytes (14.2%)
(RDMA_READ_CONSUME_CHECK_CONSUMER) timestamp=5084 ms, used_size=5826560 bytes (14.2%)
(RDMA_READ_CONSUME_CHECK_CONSUMER) timestamp=5084 ms, used_size=5824512 bytes (14.2%)
(RDMA_READ_CONSUME_CHECK_CONSUMER) timestamp=5084 ms, used_size=5822464 bytes (14.2%)
(RDMA_READ_CONSUME_CHECK_CONSUMER) timestamp=5084 ms, used_size=5820416 bytes (14.2%)
(RDMA_READ_CONSUME_CHECK_CONSUMER) timestamp=5084 ms, used_size=5818368 bytes (14.2%)
(RDMA_READ_CONSUME_CHECK_CONSUMER) timestamp=5084 ms, used_size=5816320 bytes (14.2%)
(RDMA_READ_CONSUME_CHECK_CONSUMER) timestamp=5084 ms, used_size=5814272 bytes (14.2%)
(RDMA_READ_CONSUME_CHECK_CONSUMER) timestamp=5084 ms, used_size=5812224 bytes (14.2%)
(RDMA_READ_CONSUME_CHECK_CONSUMER) timestamp=5084 ms, used_size=5810176 bytes (14.2%)
(RDMA_READ_CONSUME_CHECK_CONSUMER) timestamp=5084 ms, used_size=5808128 bytes (14.2%)
(RDMA_READ_CONSUME_CHECK_CONSUMER) timestamp=5084 ms, used_size=5806080 bytes (14.2%)
(RDMA_READ_CONSUME_CHECK_CONSUMER) timestamp=5084 ms, used_size=5804032 bytes (14.2%)
(RDMA_READ_CONSUME_CHECK_CONSUMER) timestamp=5084 ms, used_size=5801984 bytes (14.2%)
(RDMA_READ_CONSUME_CHECK_CONSUMER) timestamp=5084 ms, used_size=5799936 bytes (14.2%)
(RDMA_READ_CONSUME_CHECK_CONSUMER) timestamp=5084 ms, used_size=5797888 bytes (14.2%)
(RDMA_READ_CONSUME_CHECK_CONSUMER) timestamp=5084 ms, used_size=5795840 bytes (14.2%)
(RDMA_READ_CONSUME_CHECK_CONSUMER) timestamp=5084 ms, used_size=5793792 bytes (14.1%)
(RDMA_READ_CONSUME_CHECK_CONSUMER) timestamp=5084 ms, used_size=5791744 bytes (14.1%)
(RDMA_READ_CONSUME_CHECK_CONSUMER) timestamp=5084 ms, used_size=5789696 bytes (14.1%)
(RDMA_READ_CONSUME_CHECK_CONSUMER) timestamp=5084 ms, used_size=5787648 bytes (14.1%)
(RDMA_READ_CONSUME_CHECK_CONSUMER) timestamp=5084 ms, used_size=5785600 bytes (14.1%)
(RDMA_READ_CONSUME_CHECK_CONSUMER) timestamp=5084 ms, used_size=5783552 bytes (14.1%)
(RDMA_READ_CONSUME_CHECK_CONSUMER) timestamp=5084 ms, used_size=5781504 bytes (14.1%)
(RDMA_READ_CONSUME_CHECK_CONSUMER) timestamp=5084 ms, used_size=5779456 bytes (14.1%)
(RDMA_READ_CONSUME_CHECK_CONSUMER) timestamp=5084 ms, used_size=5777408 bytes (14.1%)
(RDMA_READ_CONSUME_CHECK_CONSUMER) timestamp=5085 ms, used_size=5775360 bytes (14.1%)
(RDMA_READ_CONSUME_CHECK_CONSUMER) timestamp=5085 ms, used_size=5773312 bytes (14.1%)
(RDMA_READ_CONSUME_CHECK_CONSUMER) timestamp=5085 ms, used_size=5771264 bytes (14.1%)
(RDMA_READ_CONSUME_CHECK_CONSUMER) timestamp=5085 ms, used_size=5769216 bytes (14.1%)
(RDMA_READ_CONSUME_CHECK_CONSUMER) timestamp=5085 ms, used_size=5767168 bytes (14.1%)
(RDMA_READ_CONSUME_CHECK_CONSUMER) timestamp=5085 ms, used_size=5765120 bytes (14.1%)
(RDMA_READ_CONSUME_CHECK_CONSUMER) timestamp=5085 ms, used_size=5763072 bytes (14.1%)
(RDMA_READ_CONSUME_CHECK_CONSUMER) timestamp=5085 ms, used_size=5761024 bytes (14.1%)
(RDMA_READ_CONSUME_CHECK_CONSUMER) timestamp=5085 ms, used_size=5758976 bytes (14.1%)
(RDMA_READ_CONSUME_CHECK_CONSUMER) timestamp=5085 ms, used_size=5756928 bytes (14.1%)
(RDMA_READ_CONSUME_CHECK_CONSUMER) timestamp=5085 ms, used_size=5754880 bytes (14.1%)
(RDMA_READ_CONSUME_CHECK_CONSUMER) timestamp=5085 ms, used_size=5752832 bytes (14.0%)
(RDMA_READ_CONSUME_CHECK_CONSUMER) timestamp=5085 ms, used_size=5750784 bytes (14.0%)
(RDMA_READ_CONSUME_CHECK_CONSUMER) timestamp=5085 ms, used_size=5748736 bytes (14.0%)
(RDMA_READ_CONSUME_CHECK_CONSUMER) timestamp=5085 ms, used_size=5746688 bytes (14.0%)
(RDMA_READ_CONSUME_CHECK_CONSUMER) timestamp=5085 ms, used_size=5744640 bytes (14.0%)
(RDMA_READ_CONSUME_CHECK_CONSUMER) timestamp=5085 ms, used_size=5742592 bytes (14.0%)
(RDMA_READ_CONSUME_CHECK_CONSUMER) timestamp=5085 ms, used_size=5740544 bytes (14.0%)
(RDMA_READ_CONSUME_CHECK_CONSUMER) timestamp=5085 ms, used_size=5738496 bytes (14.0%)
(RDMA_READ_CONSUME_CHECK_CONSUMER) timestamp=5085 ms, used_size=5736448 bytes (14.0%)
(RDMA_READ_CONSUME_CHECK_CONSUMER) timestamp=5085 ms, used_size=5734400 bytes (14.0%)
(RDMA_READ_CONSUME_CHECK_CONSUMER) timestamp=5085 ms, used_size=5732352 bytes (14.0%)
(RDMA_READ_CONSUME_CHECK_CONSUMER) timestamp=5085 ms, used_size=5730304 bytes (14.0%)
(RDMA_READ_CONSUME_CHECK_CONSUMER) timestamp=5085 ms, used_size=5728256 bytes (14.0%)
(RDMA_READ_CONSUME_CHECK_CONSUMER) timestamp=5085 ms, used_size=5726208 bytes (14.0%)
(RDMA_READ_CONSUME_CHECK_CONSUMER) timestamp=5085 ms, used_size=5724160 bytes (14.0%)
(RDMA_READ_CONSUME_CHECK_CONSUMER) timestamp=5085 ms, used_size=5722112 bytes (14.0%)
(RDMA_READ_CONSUME_CHECK_CONSUMER) timestamp=5085 ms, used_size=5720064 bytes (14.0%)
(RDMA_READ_CONSUME_CHECK_CONSUMER) timestamp=5085 ms, used_size=5718016 bytes (14.0%)
(RDMA_READ_CONSUME_CHECK_CONSUMER) timestamp=5085 ms, used_size=5715968 bytes (14.0%)
(RDMA_READ_CONSUME_CHECK_CONSUMER) timestamp=5085 ms, used_size=5713920 bytes (13.9%)
(RDMA_READ_CONSUME_CHECK_CONSUMER) timestamp=5085 ms, used_size=5711872 bytes (13.9%)
(RDMA_READ_CONSUME_CHECK_CONSUMER) timestamp=5085 ms, used_size=5709824 bytes (13.9%)
(RDMA_READ_CONSUME_CHECK_CONSUMER) timestamp=5085 ms, used_size=5707776 bytes (13.9%)
(RDMA_READ_CONSUME_CHECK_CONSUMER) timestamp=5085 ms, used_size=5705728 bytes (13.9%)
(RDMA_READ_CONSUME_CHECK_CONSUMER) timestamp=5085 ms, used_size=5703680 bytes (13.9%)
(RDMA_READ_CONSUME_CHECK_CONSUMER) timestamp=5085 ms, used_size=5701632 bytes (13.9%)
(RDMA_READ_CONSUME_CHECK_CONSUMER) timestamp=5085 ms, used_size=5699584 bytes (13.9%)
(RDMA_READ_CONSUME_CHECK_CONSUMER) timestamp=5085 ms, used_size=5697536 bytes (13.9%)
(RDMA_READ_CONSUME_CHECK_CONSUMER) timestamp=5085 ms, used_size=5695488 bytes (13.9%)
(RDMA_READ_CONSUME_CHECK_CONSUMER) timestamp=5085 ms, used_size=5693440 bytes (13.9%)
(RDMA_READ_CONSUME_CHECK_CONSUMER) timestamp=5085 ms, used_size=5691392 bytes (13.9%)
(RDMA_READ_CONSUME_CHECK_CONSUMER) timestamp=5085 ms, used_size=5689344 bytes (13.9%)
(RDMA_READ_CONSUME_CHECK_CONSUMER) timestamp=5085 ms, used_size=5687296 bytes (13.9%)
(RDMA_READ_CONSUME_CHECK_CONSUMER) timestamp=5085 ms, used_size=5685248 bytes (13.9%)
(RDMA_READ_CONSUME_CHECK_CONSUMER) timestamp=5085 ms, used_size=5683200 bytes (13.9%)
(RDMA_READ_CONSUME_CHECK_CONSUMER) timestamp=5085 ms, used_size=5681152 bytes (13.9%)
(RDMA_READ_CONSUME_CHECK_CONSUMER) timestamp=5085 ms, used_size=5679104 bytes (13.9%)
(RDMA_READ_CONSUME_CHECK_CONSUMER) timestamp=5085 ms, used_size=5677056 bytes (13.9%)
(RDMA_READ_CONSUME_CHECK_CONSUMER) timestamp=5085 ms, used_size=5675008 bytes (13.9%)
(RDMA_READ_CONSUME_CHECK_CONSUMER) timestamp=5085 ms, used_size=5672960 bytes (13.8%)
(RDMA_READ_CONSUME_CHECK_CONSUMER) timestamp=5085 ms, used_size=5670912 bytes (13.8%)
(RDMA_READ_CONSUME_CHECK_CONSUMER) timestamp=5085 ms, used_size=5668864 bytes (13.8%)
(RDMA_READ_CONSUME_CHECK_CONSUMER) timestamp=5085 ms, used_size=5666816 bytes (13.8%)
(RDMA_READ_CONSUME_CHECK_CONSUMER) timestamp=5085 ms, used_size=5664768 bytes (13.8%)
(RDMA_READ_CONSUME_CHECK_CONSUMER) timestamp=5085 ms, used_size=5662720 bytes (13.8%)
(RDMA_READ_CONSUME_CHECK_CONSUMER) timestamp=5085 ms, used_size=5660672 bytes (13.8%)
(RDMA_READ_CONSUME_CHECK_CONSUMER) timestamp=5085 ms, used_size=5658624 bytes (13.8%)
(RDMA_READ_CONSUME_CHECK_CONSUMER) timestamp=5085 ms, used_size=5656576 bytes (13.8%)
(RDMA_READ_CONSUME_CHECK_CONSUMER) timestamp=5085 ms, used_size=5654528 bytes (13.8%)
(RDMA_READ_CONSUME_CHECK_CONSUMER) timestamp=5085 ms, used_size=5652480 bytes (13.8%)
(RDMA_READ_CONSUME_CHECK_CONSUMER) timestamp=5085 ms, used_size=5650432 bytes (13.8%)
(RDMA_READ_CONSUME_CHECK_CONSUMER) timestamp=5085 ms, used_size=5648384 bytes (13.8%)
(RDMA_READ_CONSUME_CHECK_CONSUMER) timestamp=5085 ms, used_size=5646336 bytes (13.8%)
(RDMA_READ_CONSUME_CHECK_CONSUMER) timestamp=5085 ms, used_size=5644288 bytes (13.8%)
(RDMA_READ_CONSUME_CHECK_CONSUMER) timestamp=5085 ms, used_size=5642240 bytes (13.8%)
(RDMA_READ_CONSUME_CHECK_CONSUMER) timestamp=5085 ms, used_size=5640192 bytes (13.8%)
(RDMA_READ_CONSUME_CHECK_CONSUMER) timestamp=5085 ms, used_size=5638144 bytes (13.8%)
(RDMA_READ_CONSUME_CHECK_CONSUMER) timestamp=5085 ms, used_size=5636096 bytes (13.8%)
(RDMA_READ_CONSUME_CHECK_CONSUMER) timestamp=5085 ms, used_size=5634048 bytes (13.8%)
(RDMA_READ_CONSUME_CHECK_CONSUMER) timestamp=5085 ms, used_size=5632000 bytes (13.8%)
(RDMA_READ_CONSUME_CHECK_CONSUMER) timestamp=5085 ms, used_size=5629952 bytes (13.7%)
(RDMA_READ_CONSUME_CHECK_CONSUMER) timestamp=5085 ms, used_size=5627904 bytes (13.7%)
(RDMA_READ_CONSUME_CHECK_CONSUMER) timestamp=5085 ms, used_size=5625856 bytes (13.7%)
(RDMA_READ_CONSUME_CHECK_CONSUMER) timestamp=5085 ms, used_size=5623808 bytes (13.7%)
(RDMA_READ_CONSUME_CHECK_CONSUMER) timestamp=5085 ms, used_size=5621760 bytes (13.7%)
(RDMA_READ_CONSUME_CHECK_CONSUMER) timestamp=5085 ms, used_size=5619712 bytes (13.7%)
(RDMA_READ_CONSUME_CHECK_CONSUMER) timestamp=5085 ms, used_size=5617664 bytes (13.7%)
(RDMA_READ_CONSUME_CHECK_CONSUMER) timestamp=5085 ms, used_size=5615616 bytes (13.7%)
(RDMA_READ_CONSUME_CHECK_CONSUMER) timestamp=5085 ms, used_size=5613568 bytes (13.7%)
(RDMA_READ_CONSUME_CHECK_CONSUMER) timestamp=5085 ms, used_size=5611520 bytes (13.7%)
(RDMA_READ_CONSUME_CHECK_CONSUMER) timestamp=5085 ms, used_size=5609472 bytes (13.7%)
(RDMA_READ_CONSUME_CHECK_CONSUMER) timestamp=5085 ms, used_size=5607424 bytes (13.7%)
(RDMA_READ_CONSUME_CHECK_CONSUMER) timestamp=5085 ms, used_size=5605376 bytes (13.7%)
(RDMA_READ_CONSUME_CHECK_CONSUMER) timestamp=5085 ms, used_size=5603328 bytes (13.7%)
(RDMA_READ_CONSUME_CHECK_CONSUMER) timestamp=5085 ms, used_size=5601280 bytes (13.7%)
(RDMA_READ_CONSUME_CHECK_CONSUMER) timestamp=5085 ms, used_size=5599232 bytes (13.7%)
(RDMA_READ_CONSUME_CHECK_CONSUMER) timestamp=5085 ms, used_size=5597184 bytes (13.7%)
(RDMA_READ_CONSUME_CHECK_CONSUMER) timestamp=5085 ms, used_size=5595136 bytes (13.7%)
(RDMA_READ_CONSUME_CHECK_CONSUMER) timestamp=5085 ms, used_size=5593088 bytes (13.7%)
(RDMA_READ_CONSUME_CHECK_CONSUMER) timestamp=5085 ms, used_size=5591040 bytes (13.7%)
(RDMA_READ_CONSUME_CHECK_CONSUMER) timestamp=5085 ms, used_size=5588992 bytes (13.6%)
(RDMA_READ_CONSUME_CHECK_CONSUMER) timestamp=5085 ms, used_size=5586944 bytes (13.6%)
(RDMA_READ_CONSUME_CHECK_CONSUMER) timestamp=5085 ms, used_size=5584896 bytes (13.6%)
(RDMA_READ_CONSUME_CHECK_CONSUMER) timestamp=5085 ms, used_size=5582848 bytes (13.6%)
(RDMA_READ_CONSUME_CHECK_CONSUMER) timestamp=5085 ms, used_size=5580800 bytes (13.6%)
(RDMA_READ_CONSUME_CHECK_CONSUMER) timestamp=5085 ms, used_size=5578752 bytes (13.6%)
(RDMA_READ_CONSUME_CHECK_CONSUMER) timestamp=5085 ms, used_size=5576704 bytes (13.6%)
(RDMA_READ_CONSUME_CHECK_CONSUMER) timestamp=5085 ms, used_size=5574656 bytes (13.6%)
(RDMA_READ_CONSUME_CHECK_CONSUMER) timestamp=5085 ms, used_size=5572608 bytes (13.6%)
(RDMA_READ_CONSUME_CHECK_CONSUMER) timestamp=5085 ms, used_size=5570560 bytes (13.6%)
(RDMA_READ_CONSUME_CHECK_CONSUMER) timestamp=5085 ms, used_size=5568512 bytes (13.6%)
(RDMA_READ_CONSUME_CHECK_CONSUMER) timestamp=5085 ms, used_size=5566464 bytes (13.6%)
(RDMA_READ_CONSUME_CHECK_CONSUMER) timestamp=5085 ms, used_size=5564416 bytes (13.6%)
(RDMA_READ_CONSUME_CHECK_CONSUMER) timestamp=5085 ms, used_size=5562368 bytes (13.6%)
(RDMA_READ_CONSUME_CHECK_CONSUMER) timestamp=5085 ms, used_size=5560320 bytes (13.6%)
(RDMA_READ_CONSUME_CHECK_CONSUMER) timestamp=5085 ms, used_size=5558272 bytes (13.6%)
(RDMA_READ_CONSUME_CHECK_CONSUMER) timestamp=5085 ms, used_size=5556224 bytes (13.6%)
(RDMA_READ_CONSUME_CHECK_CONSUMER) timestamp=5085 ms, used_size=5554176 bytes (13.6%)
(RDMA_READ_CONSUME_CHECK_CONSUMER) timestamp=5085 ms, used_size=5552128 bytes (13.6%)
(RDMA_READ_CONSUME_CHECK_CONSUMER) timestamp=5085 ms, used_size=5550080 bytes (13.6%)
(RDMA_READ_CONSUME_CHECK_CONSUMER) timestamp=5085 ms, used_size=5548032 bytes (13.5%)
(RDMA_READ_CONSUME_CHECK_CONSUMER) timestamp=5085 ms, used_size=5545984 bytes (13.5%)
(RDMA_READ_CONSUME_CHECK_CONSUMER) timestamp=5085 ms, used_size=5543936 bytes (13.5%)
(RDMA_READ_CONSUME_CHECK_CONSUMER) timestamp=5085 ms, used_size=5541888 bytes (13.5%)
(RDMA_READ_CONSUME_CHECK_CONSUMER) timestamp=5085 ms, used_size=5539840 bytes (13.5%)
(RDMA_READ_CONSUME_CHECK_CONSUMER) timestamp=5085 ms, used_size=5537792 bytes (13.5%)
(RDMA_READ_CONSUME_CHECK_CONSUMER) timestamp=5085 ms, used_size=5535744 bytes (13.5%)
(RDMA_READ_CONSUME_CHECK_CONSUMER) timestamp=5085 ms, used_size=5533696 bytes (13.5%)
(RDMA_READ_CONSUME_CHECK_CONSUMER) timestamp=5085 ms, used_size=5531648 bytes (13.5%)
(RDMA_READ_CONSUME_CHECK_CONSUMER) timestamp=5085 ms, used_size=5529600 bytes (13.5%)
(RDMA_READ_CONSUME_CHECK_CONSUMER) timestamp=5085 ms, used_size=5527552 bytes (13.5%)
(RDMA_READ_CONSUME_CHECK_CONSUMER) timestamp=5085 ms, used_size=5525504 bytes (13.5%)
(RDMA_READ_CONSUME_CHECK_CONSUMER) timestamp=5085 ms, used_size=5523456 bytes (13.5%)
(RDMA_READ_CONSUME_CHECK_CONSUMER) timestamp=5085 ms, used_size=5521408 bytes (13.5%)
(RDMA_READ_CONSUME_CHECK_CONSUMER) timestamp=5085 ms, used_size=5519360 bytes (13.5%)
(RDMA_READ_CONSUME_CHECK_CONSUMER) timestamp=5085 ms, used_size=5517312 bytes (13.5%)
(RDMA_READ_CONSUME_CHECK_CONSUMER) timestamp=5085 ms, used_size=5515264 bytes (13.5%)
(RDMA_READ_CONSUME_CHECK_CONSUMER) timestamp=5085 ms, used_size=5513216 bytes (13.5%)
(RDMA_READ_CONSUME_CHECK_CONSUMER) timestamp=5085 ms, used_size=5511168 bytes (13.5%)
(RDMA_READ_CONSUME_CHECK_CONSUMER) timestamp=5085 ms, used_size=5509120 bytes (13.4%)
(RDMA_READ_CONSUME_CHECK_CONSUMER) timestamp=5085 ms, used_size=5507072 bytes (13.4%)
(RDMA_READ_CONSUME_CHECK_CONSUMER) timestamp=5085 ms, used_size=5505024 bytes (13.4%)
(RDMA_READ_CONSUME_CHECK_CONSUMER) timestamp=5085 ms, used_size=5502976 bytes (13.4%)
(RDMA_READ_CONSUME_CHECK_CONSUMER) timestamp=5085 ms, used_size=5500928 bytes (13.4%)
(RDMA_READ_CONSUME_CHECK_CONSUMER) timestamp=5085 ms, used_size=5498880 bytes (13.4%)
(RDMA_READ_CONSUME_CHECK_CONSUMER) timestamp=5085 ms, used_size=5496832 bytes (13.4%)
(RDMA_READ_CONSUME_CHECK_CONSUMER) timestamp=5085 ms, used_size=5494784 bytes (13.4%)
(RDMA_READ_CONSUME_CHECK_CONSUMER) timestamp=5085 ms, used_size=5492736 bytes (13.4%)
(RDMA_READ_CONSUME_CHECK_CONSUMER) timestamp=5085 ms, used_size=5490688 bytes (13.4%)
(RDMA_READ_CONSUME_CHECK_CONSUMER) timestamp=5085 ms, used_size=5488640 bytes (13.4%)
(RDMA_READ_CONSUME_CHECK_CONSUMER) timestamp=5085 ms, used_size=5486592 bytes (13.4%)
(RDMA_READ_CONSUME_CHECK_CONSUMER) timestamp=5085 ms, used_size=5484544 bytes (13.4%)
(RDMA_READ_CONSUME_CHECK_CONSUMER) timestamp=5085 ms, used_size=5482496 bytes (13.4%)
(RDMA_READ_CONSUME_CHECK_CONSUMER) timestamp=5085 ms, used_size=5480448 bytes (13.4%)
(RDMA_READ_CONSUME_CHECK_CONSUMER) timestamp=5085 ms, used_size=5478400 bytes (13.4%)
(RDMA_READ_CONSUME_CHECK_CONSUMER) timestamp=5085 ms, used_size=5476352 bytes (13.4%)
(RDMA_READ_CONSUME_CHECK_CONSUMER) timestamp=5085 ms, used_size=5474304 bytes (13.4%)
(RDMA_READ_CONSUME_CHECK_CONSUMER) timestamp=5085 ms, used_size=5472256 bytes (13.4%)
(RDMA_READ_CONSUME_CHECK_CONSUMER) timestamp=5085 ms, used_size=5470208 bytes (13.4%)
(RDMA_READ_CONSUME_CHECK_CONSUMER) timestamp=5085 ms, used_size=5468160 bytes (13.3%)
(RDMA_READ_CONSUME_CHECK_CONSUMER) timestamp=5085 ms, used_size=5466112 bytes (13.3%)
(RDMA_READ_CONSUME_CHECK_CONSUMER) timestamp=5085 ms, used_size=5464064 bytes (13.3%)
(RDMA_READ_CONSUME_CHECK_CONSUMER) timestamp=5085 ms, used_size=5462016 bytes (13.3%)
(RDMA_READ_CONSUME_CHECK_CONSUMER) timestamp=5086 ms, used_size=5459968 bytes (13.3%)
(RDMA_READ_CONSUME_CHECK_CONSUMER) timestamp=5086 ms, used_size=5457920 bytes (13.3%)
(RDMA_READ_CONSUME_CHECK_CONSUMER) timestamp=5086 ms, used_size=5455872 bytes (13.3%)
(RDMA_READ_CONSUME_CHECK_CONSUMER) timestamp=5086 ms, used_size=5453824 bytes (13.3%)
(RDMA_READ_CONSUME_CHECK_CONSUMER) timestamp=5086 ms, used_size=5451776 bytes (13.3%)
(RDMA_READ_CONSUME_CHECK_CONSUMER) timestamp=5086 ms, used_size=5449728 bytes (13.3%)
(RDMA_READ_CONSUME_CHECK_CONSUMER) timestamp=5086 ms, used_size=5447680 bytes (13.3%)
(RDMA_READ_CONSUME_CHECK_CONSUMER) timestamp=5086 ms, used_size=5445632 bytes (13.3%)
(RDMA_READ_CONSUME_CHECK_CONSUMER) timestamp=5086 ms, used_size=5443584 bytes (13.3%)
(RDMA_READ_CONSUME_CHECK_CONSUMER) timestamp=5086 ms, used_size=5441536 bytes (13.3%)
(RDMA_READ_CONSUME_CHECK_CONSUMER) timestamp=5086 ms, used_size=5439488 bytes (13.3%)
(RDMA_READ_CONSUME_CHECK_CONSUMER) timestamp=5086 ms, used_size=5437440 bytes (13.3%)
(RDMA_READ_CONSUME_CHECK_CONSUMER) timestamp=5086 ms, used_size=5435392 bytes (13.3%)
(RDMA_READ_CONSUME_CHECK_CONSUMER) timestamp=5086 ms, used_size=5433344 bytes (13.3%)
(RDMA_READ_CONSUME_CHECK_CONSUMER) timestamp=5086 ms, used_size=5431296 bytes (13.3%)
(RDMA_READ_CONSUME_CHECK_CONSUMER) timestamp=5086 ms, used_size=5429248 bytes (13.3%)
(RDMA_READ_CONSUME_CHECK_CONSUMER) timestamp=5086 ms, used_size=5427200 bytes (13.2%)
(RDMA_READ_CONSUME_CHECK_CONSUMER) timestamp=5086 ms, used_size=5425152 bytes (13.2%)
(RDMA_READ_CONSUME_CHECK_CONSUMER) timestamp=5086 ms, used_size=5423104 bytes (13.2%)
(RDMA_READ_CONSUME_CHECK_CONSUMER) timestamp=5086 ms, used_size=5421056 bytes (13.2%)
(RDMA_READ_CONSUME_CHECK_CONSUMER) timestamp=5086 ms, used_size=5419008 bytes (13.2%)
(RDMA_READ_CONSUME_CHECK_CONSUMER) timestamp=5086 ms, used_size=5416960 bytes (13.2%)
(RDMA_READ_CONSUME_CHECK_CONSUMER) timestamp=5086 ms, used_size=5414912 bytes (13.2%)
(RDMA_READ_CONSUME_CHECK_CONSUMER) timestamp=5086 ms, used_size=5412864 bytes (13.2%)
(RDMA_READ_CONSUME_CHECK_CONSUMER) timestamp=5086 ms, used_size=5410816 bytes (13.2%)
(RDMA_READ_CONSUME_CHECK_CONSUMER) timestamp=5086 ms, used_size=5408768 bytes (13.2%)
(RDMA_READ_CONSUME_CHECK_CONSUMER) timestamp=5086 ms, used_size=5406720 bytes (13.2%)
(RDMA_READ_CONSUME_CHECK_CONSUMER) timestamp=5086 ms, used_size=5404672 bytes (13.2%)
(RDMA_READ_CONSUME_CHECK_CONSUMER) timestamp=5086 ms, used_size=5402624 bytes (13.2%)
(RDMA_READ_CONSUME_CHECK_CONSUMER) timestamp=5086 ms, used_size=5400576 bytes (13.2%)
(RDMA_READ_CONSUME_CHECK_CONSUMER) timestamp=5086 ms, used_size=5398528 bytes (13.2%)
(RDMA_READ_CONSUME_CHECK_CONSUMER) timestamp=5086 ms, used_size=5396480 bytes (13.2%)
(RDMA_READ_CONSUME_CHECK_CONSUMER) timestamp=5086 ms, used_size=5394432 bytes (13.2%)
(RDMA_READ_CONSUME_CHECK_CONSUMER) timestamp=5086 ms, used_size=5392384 bytes (13.2%)
(RDMA_READ_CONSUME_CHECK_CONSUMER) timestamp=5086 ms, used_size=5390336 bytes (13.2%)
(RDMA_READ_CONSUME_CHECK_CONSUMER) timestamp=5086 ms, used_size=5388288 bytes (13.2%)
(RDMA_READ_CONSUME_CHECK_CONSUMER) timestamp=5086 ms, used_size=5386240 bytes (13.2%)
(RDMA_READ_CONSUME_CHECK_CONSUMER) timestamp=5086 ms, used_size=5384192 bytes (13.1%)
(RDMA_READ_CONSUME_CHECK_CONSUMER) timestamp=5086 ms, used_size=5382144 bytes (13.1%)
(RDMA_READ_CONSUME_CHECK_CONSUMER) timestamp=5086 ms, used_size=5380096 bytes (13.1%)
(RDMA_READ_CONSUME_CHECK_CONSUMER) timestamp=5086 ms, used_size=5378048 bytes (13.1%)
(RDMA_READ_CONSUME_CHECK_CONSUMER) timestamp=5086 ms, used_size=5376000 bytes (13.1%)
(RDMA_READ_CONSUME_CHECK_CONSUMER) timestamp=5086 ms, used_size=5373952 bytes (13.1%)
(RDMA_READ_CONSUME_CHECK_CONSUMER) timestamp=5086 ms, used_size=5371904 bytes (13.1%)
(RDMA_READ_CONSUME_CHECK_CONSUMER) timestamp=5086 ms, used_size=5369856 bytes (13.1%)
(RDMA_READ_CONSUME_CHECK_CONSUMER) timestamp=5086 ms, used_size=5367808 bytes (13.1%)
(RDMA_READ_CONSUME_CHECK_CONSUMER) timestamp=5086 ms, used_size=5365760 bytes (13.1%)
(RDMA_READ_CONSUME_CHECK_CONSUMER) timestamp=5086 ms, used_size=5363712 bytes (13.1%)
(RDMA_READ_CONSUME_CHECK_CONSUMER) timestamp=5086 ms, used_size=5361664 bytes (13.1%)
(RDMA_READ_CONSUME_CHECK_CONSUMER) timestamp=5086 ms, used_size=5359616 bytes (13.1%)
(RDMA_READ_CONSUME_CHECK_CONSUMER) timestamp=5086 ms, used_size=5357568 bytes (13.1%)
(RDMA_READ_CONSUME_CHECK_CONSUMER) timestamp=5086 ms, used_size=5355520 bytes (13.1%)
(RDMA_READ_CONSUME_CHECK_CONSUMER) timestamp=5086 ms, used_size=5353472 bytes (13.1%)
(RDMA_READ_CONSUME_CHECK_CONSUMER) timestamp=5086 ms, used_size=5351424 bytes (13.1%)
(RDMA_READ_CONSUME_CHECK_CONSUMER) timestamp=5086 ms, used_size=5349376 bytes (13.1%)
(RDMA_READ_CONSUME_CHECK_CONSUMER) timestamp=5086 ms, used_size=5347328 bytes (13.1%)
(RDMA_READ_CONSUME_CHECK_CONSUMER) timestamp=5086 ms, used_size=5345280 bytes (13.1%)
(RDMA_READ_CONSUME_CHECK_CONSUMER) timestamp=5086 ms, used_size=5343232 bytes (13.0%)
(RDMA_READ_CONSUME_CHECK_CONSUMER) timestamp=5086 ms, used_size=5341184 bytes (13.0%)
(RDMA_READ_CONSUME_CHECK_CONSUMER) timestamp=5086 ms, used_size=5339136 bytes (13.0%)
(RDMA_READ_CONSUME_CHECK_CONSUMER) timestamp=5086 ms, used_size=5337088 bytes (13.0%)
(RDMA_READ_CONSUME_CHECK_CONSUMER) timestamp=5086 ms, used_size=5335040 bytes (13.0%)
(RDMA_READ_CONSUME_CHECK_CONSUMER) timestamp=5086 ms, used_size=5332992 bytes (13.0%)
(RDMA_READ_CONSUME_CHECK_CONSUMER) timestamp=5086 ms, used_size=5330944 bytes (13.0%)
(RDMA_READ_CONSUME_CHECK_CONSUMER) timestamp=5086 ms, used_size=5328896 bytes (13.0%)
(RDMA_READ_CONSUME_CHECK_CONSUMER) timestamp=5086 ms, used_size=5326848 bytes (13.0%)
(RDMA_READ_CONSUME_CHECK_CONSUMER) timestamp=5086 ms, used_size=5324800 bytes (13.0%)
(RDMA_READ_CONSUME_CHECK_CONSUMER) timestamp=5086 ms, used_size=5322752 bytes (13.0%)
(RDMA_READ_CONSUME_CHECK_CONSUMER) timestamp=5086 ms, used_size=5320704 bytes (13.0%)
(RDMA_READ_CONSUME_CHECK_CONSUMER) timestamp=5086 ms, used_size=5318656 bytes (13.0%)
(RDMA_READ_CONSUME_CHECK_CONSUMER) timestamp=5086 ms, used_size=5316608 bytes (13.0%)
(RDMA_READ_CONSUME_CHECK_CONSUMER) timestamp=5086 ms, used_size=5314560 bytes (13.0%)
(RDMA_READ_CONSUME_CHECK_CONSUMER) timestamp=5086 ms, used_size=5312512 bytes (13.0%)
(RDMA_READ_CONSUME_CHECK_CONSUMER) timestamp=5086 ms, used_size=5310464 bytes (13.0%)
(RDMA_READ_CONSUME_CHECK_CONSUMER) timestamp=5086 ms, used_size=5308416 bytes (13.0%)
(RDMA_READ_CONSUME_CHECK_CONSUMER) timestamp=5086 ms, used_size=5306368 bytes (13.0%)
(RDMA_READ_CONSUME_CHECK_CONSUMER) timestamp=5086 ms, used_size=5304320 bytes (12.9%)
(RDMA_READ_CONSUME_CHECK_CONSUMER) timestamp=5086 ms, used_size=5302272 bytes (12.9%)
(RDMA_READ_CONSUME_CHECK_CONSUMER) timestamp=5086 ms, used_size=5300224 bytes (12.9%)
(RDMA_READ_CONSUME_CHECK_CONSUMER) timestamp=5086 ms, used_size=5298176 bytes (12.9%)
(RDMA_READ_CONSUME_CHECK_CONSUMER) timestamp=5086 ms, used_size=5296128 bytes (12.9%)
(RDMA_READ_CONSUME_CHECK_CONSUMER) timestamp=5086 ms, used_size=5294080 bytes (12.9%)
(RDMA_READ_CONSUME_CHECK_CONSUMER) timestamp=5086 ms, used_size=5292032 bytes (12.9%)
(RDMA_READ_CONSUME_CHECK_CONSUMER) timestamp=5086 ms, used_size=5289984 bytes (12.9%)
(RDMA_READ_CONSUME_CHECK_CONSUMER) timestamp=5086 ms, used_size=5287936 bytes (12.9%)
(RDMA_READ_CONSUME_CHECK_CONSUMER) timestamp=5086 ms, used_size=5285888 bytes (12.9%)
(RDMA_READ_CONSUME_CHECK_CONSUMER) timestamp=5086 ms, used_size=5283840 bytes (12.9%)
(RDMA_READ_CONSUME_CHECK_CONSUMER) timestamp=5086 ms, used_size=5281792 bytes (12.9%)
(RDMA_READ_CONSUME_CHECK_CONSUMER) timestamp=5086 ms, used_size=5279744 bytes (12.9%)
(RDMA_READ_CONSUME_CHECK_CONSUMER) timestamp=5086 ms, used_size=5277696 bytes (12.9%)
(RDMA_READ_CONSUME_CHECK_CONSUMER) timestamp=5086 ms, used_size=5275648 bytes (12.9%)
(RDMA_READ_CONSUME_CHECK_CONSUMER) timestamp=5086 ms, used_size=5273600 bytes (12.9%)
(RDMA_READ_CONSUME_CHECK_CONSUMER) timestamp=5086 ms, used_size=5271552 bytes (12.9%)
(RDMA_READ_CONSUME_CHECK_CONSUMER) timestamp=5086 ms, used_size=5269504 bytes (12.9%)
(RDMA_READ_CONSUME_CHECK_CONSUMER) timestamp=5086 ms, used_size=5267456 bytes (12.9%)
(RDMA_READ_CONSUME_CHECK_CONSUMER) timestamp=5086 ms, used_size=5265408 bytes (12.9%)
(RDMA_READ_CONSUME_CHECK_CONSUMER) timestamp=5086 ms, used_size=5263360 bytes (12.8%)
(RDMA_READ_CONSUME_CHECK_CONSUMER) timestamp=5086 ms, used_size=5261312 bytes (12.8%)
(RDMA_READ_CONSUME_CHECK_CONSUMER) timestamp=5086 ms, used_size=5259264 bytes (12.8%)
(RDMA_READ_CONSUME_CHECK_CONSUMER) timestamp=5086 ms, used_size=5257216 bytes (12.8%)
(RDMA_READ_CONSUME_CHECK_CONSUMER) timestamp=5086 ms, used_size=5255168 bytes (12.8%)
(RDMA_READ_CONSUME_CHECK_CONSUMER) timestamp=5086 ms, used_size=5253120 bytes (12.8%)
(RDMA_READ_CONSUME_CHECK_CONSUMER) timestamp=5086 ms, used_size=5251072 bytes (12.8%)
(RDMA_READ_CONSUME_CHECK_CONSUMER) timestamp=5086 ms, used_size=5249024 bytes (12.8%)
(RDMA_READ_CONSUME_CHECK_CONSUMER) timestamp=5086 ms, used_size=5246976 bytes (12.8%)
(RDMA_READ_CONSUME_CHECK_CONSUMER) timestamp=5086 ms, used_size=5244928 bytes (12.8%)
(RDMA_READ_CONSUME_CHECK_CONSUMER) timestamp=5086 ms, used_size=5242880 bytes (12.8%)
(RDMA_READ_CONSUME_CHECK_CONSUMER) timestamp=5086 ms, used_size=5240832 bytes (12.8%)
(RDMA_READ_CONSUME_CHECK_CONSUMER) timestamp=5086 ms, used_size=5238784 bytes (12.8%)
(RDMA_READ_CONSUME_CHECK_CONSUMER) timestamp=5086 ms, used_size=5236736 bytes (12.8%)
(RDMA_READ_CONSUME_CHECK_CONSUMER) timestamp=5086 ms, used_size=5234688 bytes (12.8%)
(RDMA_READ_CONSUME_CHECK_CONSUMER) timestamp=5086 ms, used_size=5232640 bytes (12.8%)
(RDMA_READ_CONSUME_CHECK_CONSUMER) timestamp=5086 ms, used_size=5230592 bytes (12.8%)
(RDMA_READ_CONSUME_CHECK_CONSUMER) timestamp=5086 ms, used_size=5228544 bytes (12.8%)
(RDMA_READ_CONSUME_CHECK_CONSUMER) timestamp=5086 ms, used_size=5226496 bytes (12.8%)
(RDMA_READ_CONSUME_CHECK_CONSUMER) timestamp=5086 ms, used_size=5224448 bytes (12.8%)
(RDMA_READ_CONSUME_CHECK_CONSUMER) timestamp=5086 ms, used_size=5222400 bytes (12.8%)
(RDMA_READ_CONSUME_CHECK_CONSUMER) timestamp=5086 ms, used_size=5220352 bytes (12.7%)
(RDMA_READ_CONSUME_CHECK_CONSUMER) timestamp=5086 ms, used_size=5218304 bytes (12.7%)
(RDMA_READ_CONSUME_CHECK_CONSUMER) timestamp=5086 ms, used_size=5216256 bytes (12.7%)
(RDMA_READ_CONSUME_CHECK_CONSUMER) timestamp=5086 ms, used_size=5214208 bytes (12.7%)
(RDMA_READ_CONSUME_CHECK_CONSUMER) timestamp=5086 ms, used_size=5212160 bytes (12.7%)
(RDMA_READ_CONSUME_CHECK_CONSUMER) timestamp=5086 ms, used_size=5210112 bytes (12.7%)
(RDMA_READ_CONSUME_CHECK_CONSUMER) timestamp=5086 ms, used_size=5208064 bytes (12.7%)
(RDMA_READ_CONSUME_CHECK_CONSUMER) timestamp=5086 ms, used_size=5206016 bytes (12.7%)
(RDMA_READ_CONSUME_CHECK_CONSUMER) timestamp=5086 ms, used_size=5203968 bytes (12.7%)
(RDMA_READ_CONSUME_CHECK_CONSUMER) timestamp=5086 ms, used_size=5201920 bytes (12.7%)
(RDMA_READ_CONSUME_CHECK_CONSUMER) timestamp=5086 ms, used_size=5199872 bytes (12.7%)
(RDMA_READ_CONSUME_CHECK_CONSUMER) timestamp=5086 ms, used_size=5197824 bytes (12.7%)
(RDMA_READ_CONSUME_CHECK_CONSUMER) timestamp=5086 ms, used_size=5195776 bytes (12.7%)
(RDMA_READ_CONSUME_CHECK_CONSUMER) timestamp=5086 ms, used_size=5193728 bytes (12.7%)
(RDMA_READ_CONSUME_CHECK_CONSUMER) timestamp=5086 ms, used_size=5191680 bytes (12.7%)
(RDMA_READ_CONSUME_CHECK_CONSUMER) timestamp=5086 ms, used_size=5189632 bytes (12.7%)
(RDMA_READ_CONSUME_CHECK_CONSUMER) timestamp=5086 ms, used_size=5187584 bytes (12.7%)
(RDMA_READ_CONSUME_CHECK_CONSUMER) timestamp=5086 ms, used_size=5185536 bytes (12.7%)
(RDMA_READ_CONSUME_CHECK_CONSUMER) timestamp=5086 ms, used_size=5183488 bytes (12.7%)
(RDMA_READ_CONSUME_CHECK_CONSUMER) timestamp=5086 ms, used_size=5181440 bytes (12.7%)
(RDMA_READ_CONSUME_CHECK_CONSUMER) timestamp=5086 ms, used_size=5179392 bytes (12.6%)
(RDMA_READ_CONSUME_CHECK_CONSUMER) timestamp=5086 ms, used_size=5177344 bytes (12.6%)
(RDMA_READ_CONSUME_CHECK_CONSUMER) timestamp=5086 ms, used_size=5175296 bytes (12.6%)
(RDMA_READ_CONSUME_CHECK_CONSUMER) timestamp=5086 ms, used_size=5173248 bytes (12.6%)
(RDMA_READ_CONSUME_CHECK_CONSUMER) timestamp=5086 ms, used_size=5171200 bytes (12.6%)
(RDMA_READ_CONSUME_CHECK_CONSUMER) timestamp=5086 ms, used_size=5169152 bytes (12.6%)
(RDMA_READ_CONSUME_CHECK_CONSUMER) timestamp=5086 ms, used_size=5167104 bytes (12.6%)
(RDMA_READ_CONSUME_CHECK_CONSUMER) timestamp=5086 ms, used_size=5165056 bytes (12.6%)
(RDMA_READ_CONSUME_CHECK_CONSUMER) timestamp=5086 ms, used_size=5163008 bytes (12.6%)
(RDMA_READ_CONSUME_CHECK_CONSUMER) timestamp=5086 ms, used_size=5160960 bytes (12.6%)
(RDMA_READ_CONSUME_CHECK_CONSUMER) timestamp=5086 ms, used_size=5158912 bytes (12.6%)
(RDMA_READ_CONSUME_CHECK_CONSUMER) timestamp=5086 ms, used_size=5156864 bytes (12.6%)
(RDMA_READ_CONSUME_CHECK_CONSUMER) timestamp=5086 ms, used_size=5154816 bytes (12.6%)
(RDMA_READ_CONSUME_CHECK_CONSUMER) timestamp=5086 ms, used_size=5152768 bytes (12.6%)
(RDMA_READ_CONSUME_CHECK_CONSUMER) timestamp=5086 ms, used_size=5150720 bytes (12.6%)
(RDMA_READ_CONSUME_CHECK_CONSUMER) timestamp=5086 ms, used_size=5148672 bytes (12.6%)
(RDMA_READ_CONSUME_CHECK_CONSUMER) timestamp=5086 ms, used_size=5146624 bytes (12.6%)
(RDMA_READ_CONSUME_CHECK_CONSUMER) timestamp=5086 ms, used_size=5144576 bytes (12.6%)
(RDMA_READ_CONSUME_CHECK_CONSUMER) timestamp=5086 ms, used_size=5142528 bytes (12.6%)
(RDMA_READ_CONSUME_CHECK_CONSUMER) timestamp=5086 ms, used_size=5140480 bytes (12.6%)
(RDMA_READ_CONSUME_CHECK_CONSUMER) timestamp=5086 ms, used_size=5138432 bytes (12.5%)
(RDMA_READ_CONSUME_CHECK_CONSUMER) timestamp=5086 ms, used_size=5136384 bytes (12.5%)
(RDMA_READ_CONSUME_CHECK_CONSUMER) timestamp=5086 ms, used_size=5134336 bytes (12.5%)
(RDMA_READ_CONSUME_CHECK_CONSUMER) timestamp=5086 ms, used_size=5132288 bytes (12.5%)
(RDMA_READ_CONSUME_CHECK_CONSUMER) timestamp=5086 ms, used_size=5130240 bytes (12.5%)
(RDMA_READ_CONSUME_CHECK_CONSUMER) timestamp=5086 ms, used_size=5128192 bytes (12.5%)
(RDMA_READ_CONSUME_CHECK_CONSUMER) timestamp=5086 ms, used_size=5126144 bytes (12.5%)
(RDMA_READ_CONSUME_CHECK_CONSUMER) timestamp=5086 ms, used_size=5124096 bytes (12.5%)
(RDMA_READ_CONSUME_CHECK_CONSUMER) timestamp=5086 ms, used_size=5122048 bytes (12.5%)
(RDMA_READ_CONSUME_CHECK_CONSUMER) timestamp=5086 ms, used_size=5120000 bytes (12.5%)
(RDMA_READ_CONSUME_CHECK_CONSUMER) timestamp=5086 ms, used_size=5117952 bytes (12.5%)
(RDMA_READ_CONSUME_CHECK_CONSUMER) timestamp=5086 ms, used_size=5115904 bytes (12.5%)
(RDMA_READ_CONSUME_CHECK_CONSUMER) timestamp=5086 ms, used_size=5113856 bytes (12.5%)
(RDMA_READ_CONSUME_CHECK_CONSUMER) timestamp=5086 ms, used_size=5111808 bytes (12.5%)
(RDMA_READ_CONSUME_CHECK_CONSUMER) timestamp=5086 ms, used_size=5109760 bytes (12.5%)
(RDMA_READ_CONSUME_CHECK_CONSUMER) timestamp=5086 ms, used_size=5107712 bytes (12.5%)
(RDMA_READ_CONSUME_CHECK_CONSUMER) timestamp=5086 ms, used_size=5105664 bytes (12.5%)
(RDMA_READ_CONSUME_CHECK_CONSUMER) timestamp=5086 ms, used_size=5103616 bytes (12.5%)
(RDMA_READ_CONSUME_CHECK_CONSUMER) timestamp=5086 ms, used_size=5101568 bytes (12.5%)
(RDMA_READ_CONSUME_CHECK_CONSUMER) timestamp=5086 ms, used_size=5099520 bytes (12.4%)
(RDMA_READ_CONSUME_CHECK_CONSUMER) timestamp=5087 ms, used_size=5097472 bytes (12.4%)
(RDMA_READ_CONSUME_CHECK_CONSUMER) timestamp=5087 ms, used_size=5095424 bytes (12.4%)
(RDMA_READ_CONSUME_CHECK_CONSUMER) timestamp=5087 ms, used_size=5093376 bytes (12.4%)
(RDMA_READ_CONSUME_CHECK_CONSUMER) timestamp=5087 ms, used_size=5091328 bytes (12.4%)
(RDMA_READ_CONSUME_CHECK_CONSUMER) timestamp=5087 ms, used_size=5089280 bytes (12.4%)
(RDMA_READ_CONSUME_CHECK_CONSUMER) timestamp=5087 ms, used_size=5087232 bytes (12.4%)
(RDMA_READ_CONSUME_CHECK_CONSUMER) timestamp=5087 ms, used_size=5085184 bytes (12.4%)
(RDMA_READ_CONSUME_CHECK_CONSUMER) timestamp=5087 ms, used_size=5083136 bytes (12.4%)
(RDMA_READ_CONSUME_CHECK_CONSUMER) timestamp=5087 ms, used_size=5081088 bytes (12.4%)
(RDMA_READ_CONSUME_CHECK_CONSUMER) timestamp=5087 ms, used_size=5079040 bytes (12.4%)
(RDMA_READ_CONSUME_CHECK_CONSUMER) timestamp=5087 ms, used_size=5076992 bytes (12.4%)
(RDMA_READ_CONSUME_CHECK_CONSUMER) timestamp=5087 ms, used_size=5074944 bytes (12.4%)
(RDMA_READ_CONSUME_CHECK_CONSUMER) timestamp=5087 ms, used_size=5072896 bytes (12.4%)
(RDMA_READ_CONSUME_CHECK_CONSUMER) timestamp=5087 ms, used_size=5070848 bytes (12.4%)
(RDMA_READ_CONSUME_CHECK_CONSUMER) timestamp=5087 ms, used_size=5068800 bytes (12.4%)
(RDMA_READ_CONSUME_CHECK_CONSUMER) timestamp=5087 ms, used_size=5066752 bytes (12.4%)
(RDMA_READ_CONSUME_CHECK_CONSUMER) timestamp=5087 ms, used_size=5064704 bytes (12.4%)
(RDMA_READ_CONSUME_CHECK_CONSUMER) timestamp=5087 ms, used_size=5062656 bytes (12.4%)
(RDMA_READ_CONSUME_CHECK_CONSUMER) timestamp=5087 ms, used_size=5060608 bytes (12.4%)
(RDMA_READ_CONSUME_CHECK_CONSUMER) timestamp=5087 ms, used_size=5058560 bytes (12.3%)
(RDMA_READ_CONSUME_CHECK_CONSUMER) timestamp=5087 ms, used_size=5056512 bytes (12.3%)
(RDMA_READ_CONSUME_CHECK_CONSUMER) timestamp=5087 ms, used_size=5054464 bytes (12.3%)
(RDMA_READ_CONSUME_CHECK_CONSUMER) timestamp=5087 ms, used_size=5052416 bytes (12.3%)
(RDMA_READ_CONSUME_CHECK_CONSUMER) timestamp=5087 ms, used_size=5050368 bytes (12.3%)
(RDMA_READ_CONSUME_CHECK_CONSUMER) timestamp=5087 ms, used_size=5048320 bytes (12.3%)
(RDMA_READ_CONSUME_CHECK_CONSUMER) timestamp=5087 ms, used_size=5046272 bytes (12.3%)
(RDMA_READ_CONSUME_CHECK_CONSUMER) timestamp=5087 ms, used_size=5044224 bytes (12.3%)
(RDMA_READ_CONSUME_CHECK_CONSUMER) timestamp=5087 ms, used_size=5042176 bytes (12.3%)
(RDMA_READ_CONSUME_CHECK_CONSUMER) timestamp=5087 ms, used_size=5040128 bytes (12.3%)
(RDMA_READ_CONSUME_CHECK_CONSUMER) timestamp=5087 ms, used_size=5038080 bytes (12.3%)
(RDMA_READ_CONSUME_CHECK_CONSUMER) timestamp=5087 ms, used_size=5036032 bytes (12.3%)
(RDMA_READ_CONSUME_CHECK_CONSUMER) timestamp=5087 ms, used_size=5033984 bytes (12.3%)
(RDMA_READ_CONSUME_CHECK_CONSUMER) timestamp=5087 ms, used_size=5031936 bytes (12.3%)
(RDMA_READ_CONSUME_CHECK_CONSUMER) timestamp=5087 ms, used_size=5029888 bytes (12.3%)
(RDMA_READ_CONSUME_CHECK_CONSUMER) timestamp=5087 ms, used_size=5027840 bytes (12.3%)
(RDMA_READ_CONSUME_CHECK_CONSUMER) timestamp=5087 ms, used_size=5025792 bytes (12.3%)
(RDMA_READ_CONSUME_CHECK_CONSUMER) timestamp=5087 ms, used_size=5023744 bytes (12.3%)
(RDMA_READ_CONSUME_CHECK_CONSUMER) timestamp=5087 ms, used_size=5021696 bytes (12.3%)
(RDMA_READ_CONSUME_CHECK_CONSUMER) timestamp=5087 ms, used_size=5019648 bytes (12.3%)
(RDMA_READ_CONSUME_CHECK_CONSUMER) timestamp=5087 ms, used_size=5017600 bytes (12.2%)
(RDMA_READ_CONSUME_CHECK_CONSUMER) timestamp=5087 ms, used_size=5015552 bytes (12.2%)
(RDMA_READ_CONSUME_CHECK_CONSUMER) timestamp=5087 ms, used_size=5013504 bytes (12.2%)
(RDMA_READ_CONSUME_CHECK_CONSUMER) timestamp=5087 ms, used_size=5011456 bytes (12.2%)
(RDMA_READ_CONSUME_CHECK_CONSUMER) timestamp=5087 ms, used_size=5009408 bytes (12.2%)
(RDMA_READ_CONSUME_CHECK_CONSUMER) timestamp=5087 ms, used_size=5007360 bytes (12.2%)
(RDMA_READ_CONSUME_CHECK_CONSUMER) timestamp=5087 ms, used_size=5005312 bytes (12.2%)
(RDMA_READ_CONSUME_CHECK_CONSUMER) timestamp=5087 ms, used_size=5003264 bytes (12.2%)
(RDMA_READ_CONSUME_CHECK_CONSUMER) timestamp=5087 ms, used_size=5001216 bytes (12.2%)
(RDMA_READ_CONSUME_CHECK_CONSUMER) timestamp=5087 ms, used_size=4999168 bytes (12.2%)
(RDMA_READ_CONSUME_CHECK_CONSUMER) timestamp=5087 ms, used_size=4997120 bytes (12.2%)
(RDMA_READ_CONSUME_CHECK_CONSUMER) timestamp=5087 ms, used_size=4995072 bytes (12.2%)
(RDMA_READ_CONSUME_CHECK_CONSUMER) timestamp=5087 ms, used_size=4993024 bytes (12.2%)
(RDMA_READ_CONSUME_CHECK_CONSUMER) timestamp=5087 ms, used_size=4990976 bytes (12.2%)
(RDMA_READ_CONSUME_CHECK_CONSUMER) timestamp=5087 ms, used_size=4988928 bytes (12.2%)
(RDMA_READ_CONSUME_CHECK_CONSUMER) timestamp=5087 ms, used_size=4986880 bytes (12.2%)
(RDMA_READ_CONSUME_CHECK_CONSUMER) timestamp=5087 ms, used_size=4984832 bytes (12.2%)
(RDMA_READ_CONSUME_CHECK_CONSUMER) timestamp=5087 ms, used_size=4982784 bytes (12.2%)
(RDMA_READ_CONSUME_CHECK_CONSUMER) timestamp=5087 ms, used_size=4980736 bytes (12.2%)
(RDMA_READ_CONSUME_CHECK_CONSUMER) timestamp=5087 ms, used_size=4978688 bytes (12.2%)
(RDMA_READ_CONSUME_CHECK_CONSUMER) timestamp=5087 ms, used_size=4976640 bytes (12.2%)
(RDMA_READ_CONSUME_CHECK_CONSUMER) timestamp=5087 ms, used_size=4974592 bytes (12.1%)
(RDMA_READ_CONSUME_CHECK_CONSUMER) timestamp=5087 ms, used_size=4972544 bytes (12.1%)
(RDMA_READ_CONSUME_CHECK_CONSUMER) timestamp=5087 ms, used_size=4970496 bytes (12.1%)
(RDMA_READ_CONSUME_CHECK_CONSUMER) timestamp=5087 ms, used_size=4968448 bytes (12.1%)
(RDMA_READ_CONSUME_CHECK_CONSUMER) timestamp=5087 ms, used_size=4966400 bytes (12.1%)
(RDMA_READ_CONSUME_CHECK_CONSUMER) timestamp=5087 ms, used_size=4964352 bytes (12.1%)
(RDMA_READ_CONSUME_CHECK_CONSUMER) timestamp=5087 ms, used_size=4962304 bytes (12.1%)
(RDMA_READ_CONSUME_CHECK_CONSUMER) timestamp=5087 ms, used_size=4960256 bytes (12.1%)
(RDMA_READ_CONSUME_CHECK_CONSUMER) timestamp=5087 ms, used_size=4958208 bytes (12.1%)
(RDMA_READ_CONSUME_CHECK_CONSUMER) timestamp=5087 ms, used_size=4956160 bytes (12.1%)
(RDMA_READ_CONSUME_CHECK_CONSUMER) timestamp=5087 ms, used_size=4954112 bytes (12.1%)
(RDMA_READ_CONSUME_CHECK_CONSUMER) timestamp=5087 ms, used_size=4952064 bytes (12.1%)
(RDMA_READ_CONSUME_CHECK_CONSUMER) timestamp=5087 ms, used_size=4950016 bytes (12.1%)
(RDMA_READ_CONSUME_CHECK_CONSUMER) timestamp=5087 ms, used_size=4947968 bytes (12.1%)
(RDMA_READ_CONSUME_CHECK_CONSUMER) timestamp=5087 ms, used_size=4945920 bytes (12.1%)
(RDMA_READ_CONSUME_CHECK_CONSUMER) timestamp=5087 ms, used_size=4943872 bytes (12.1%)
(RDMA_READ_CONSUME_CHECK_CONSUMER) timestamp=5087 ms, used_size=4941824 bytes (12.1%)
(RDMA_READ_CONSUME_CHECK_CONSUMER) timestamp=5087 ms, used_size=4939776 bytes (12.1%)
(RDMA_READ_CONSUME_CHECK_CONSUMER) timestamp=5087 ms, used_size=4937728 bytes (12.1%)
(RDMA_READ_CONSUME_CHECK_CONSUMER) timestamp=5087 ms, used_size=4935680 bytes (12.1%)
(RDMA_READ_CONSUME_CHECK_CONSUMER) timestamp=5087 ms, used_size=4933632 bytes (12.0%)
(RDMA_READ_CONSUME_CHECK_CONSUMER) timestamp=5087 ms, used_size=4931584 bytes (12.0%)
(RDMA_READ_CONSUME_CHECK_CONSUMER) timestamp=5087 ms, used_size=4929536 bytes (12.0%)
(RDMA_READ_CONSUME_CHECK_CONSUMER) timestamp=5087 ms, used_size=4927488 bytes (12.0%)
(RDMA_READ_CONSUME_CHECK_CONSUMER) timestamp=5087 ms, used_size=4925440 bytes (12.0%)
(RDMA_READ_CONSUME_CHECK_CONSUMER) timestamp=5087 ms, used_size=4923392 bytes (12.0%)
(RDMA_READ_CONSUME_CHECK_CONSUMER) timestamp=5087 ms, used_size=4921344 bytes (12.0%)
(RDMA_READ_CONSUME_CHECK_CONSUMER) timestamp=5087 ms, used_size=4919296 bytes (12.0%)
(RDMA_READ_CONSUME_CHECK_CONSUMER) timestamp=5087 ms, used_size=4917248 bytes (12.0%)
(RDMA_READ_CONSUME_CHECK_CONSUMER) timestamp=5087 ms, used_size=4915200 bytes (12.0%)
(RDMA_READ_CONSUME_CHECK_CONSUMER) timestamp=5087 ms, used_size=4913152 bytes (12.0%)
(RDMA_READ_CONSUME_CHECK_CONSUMER) timestamp=5087 ms, used_size=4911104 bytes (12.0%)
(RDMA_READ_CONSUME_CHECK_CONSUMER) timestamp=5087 ms, used_size=4909056 bytes (12.0%)
(RDMA_READ_CONSUME_CHECK_CONSUMER) timestamp=5087 ms, used_size=4907008 bytes (12.0%)
(RDMA_READ_CONSUME_CHECK_CONSUMER) timestamp=5087 ms, used_size=4904960 bytes (12.0%)
(RDMA_READ_CONSUME_CHECK_CONSUMER) timestamp=5087 ms, used_size=4902912 bytes (12.0%)
(RDMA_READ_CONSUME_CHECK_CONSUMER) timestamp=5087 ms, used_size=4900864 bytes (12.0%)
(RDMA_READ_CONSUME_CHECK_CONSUMER) timestamp=5087 ms, used_size=4898816 bytes (12.0%)
(RDMA_READ_CONSUME_CHECK_CONSUMER) timestamp=5087 ms, used_size=4896768 bytes (12.0%)
(RDMA_READ_CONSUME_CHECK_CONSUMER) timestamp=5087 ms, used_size=4894720 bytes (11.9%)
(RDMA_READ_CONSUME_CHECK_CONSUMER) timestamp=5087 ms, used_size=4892672 bytes (11.9%)
(RDMA_READ_CONSUME_CHECK_CONSUMER) timestamp=5087 ms, used_size=4890624 bytes (11.9%)
(RDMA_READ_CONSUME_CHECK_CONSUMER) timestamp=5087 ms, used_size=4888576 bytes (11.9%)
(RDMA_READ_CONSUME_CHECK_CONSUMER) timestamp=5087 ms, used_size=4886528 bytes (11.9%)
(RDMA_READ_CONSUME_CHECK_CONSUMER) timestamp=5087 ms, used_size=4884480 bytes (11.9%)
(RDMA_READ_CONSUME_CHECK_CONSUMER) timestamp=5087 ms, used_size=4882432 bytes (11.9%)
(RDMA_READ_CONSUME_CHECK_CONSUMER) timestamp=5087 ms, used_size=4880384 bytes (11.9%)
(RDMA_READ_CONSUME_CHECK_CONSUMER) timestamp=5087 ms, used_size=4878336 bytes (11.9%)
(RDMA_READ_CONSUME_CHECK_CONSUMER) timestamp=5087 ms, used_size=4876288 bytes (11.9%)
(RDMA_READ_CONSUME_CHECK_CONSUMER) timestamp=5087 ms, used_size=4874240 bytes (11.9%)
(RDMA_READ_CONSUME_CHECK_CONSUMER) timestamp=5087 ms, used_size=4872192 bytes (11.9%)
(RDMA_READ_CONSUME_CHECK_CONSUMER) timestamp=5087 ms, used_size=4870144 bytes (11.9%)
(RDMA_READ_CONSUME_CHECK_CONSUMER) timestamp=5087 ms, used_size=4868096 bytes (11.9%)
(RDMA_READ_CONSUME_CHECK_CONSUMER) timestamp=5087 ms, used_size=4866048 bytes (11.9%)
(RDMA_READ_CONSUME_CHECK_CONSUMER) timestamp=5087 ms, used_size=4864000 bytes (11.9%)
(RDMA_READ_CONSUME_CHECK_CONSUMER) timestamp=5087 ms, used_size=4861952 bytes (11.9%)
(RDMA_READ_CONSUME_CHECK_CONSUMER) timestamp=5087 ms, used_size=4859904 bytes (11.9%)
(RDMA_READ_CONSUME_CHECK_CONSUMER) timestamp=5087 ms, used_size=4857856 bytes (11.9%)
(RDMA_READ_CONSUME_CHECK_CONSUMER) timestamp=5087 ms, used_size=4855808 bytes (11.9%)
(RDMA_READ_CONSUME_CHECK_CONSUMER) timestamp=5087 ms, used_size=4853760 bytes (11.8%)
(RDMA_READ_CONSUME_CHECK_CONSUMER) timestamp=5087 ms, used_size=4851712 bytes (11.8%)
(RDMA_READ_CONSUME_CHECK_CONSUMER) timestamp=5087 ms, used_size=4849664 bytes (11.8%)
(RDMA_READ_CONSUME_CHECK_CONSUMER) timestamp=5087 ms, used_size=4847616 bytes (11.8%)
(RDMA_READ_CONSUME_CHECK_CONSUMER) timestamp=5087 ms, used_size=4845568 bytes (11.8%)
(RDMA_READ_CONSUME_CHECK_CONSUMER) timestamp=5087 ms, used_size=4843520 bytes (11.8%)
(RDMA_READ_CONSUME_CHECK_CONSUMER) timestamp=5087 ms, used_size=4841472 bytes (11.8%)
(RDMA_READ_CONSUME_CHECK_CONSUMER) timestamp=5087 ms, used_size=4839424 bytes (11.8%)
(RDMA_READ_CONSUME_CHECK_CONSUMER) timestamp=5087 ms, used_size=4837376 bytes (11.8%)
(RDMA_READ_CONSUME_CHECK_CONSUMER) timestamp=5087 ms, used_size=4835328 bytes (11.8%)
(RDMA_READ_CONSUME_CHECK_CONSUMER) timestamp=5087 ms, used_size=4833280 bytes (11.8%)
(RDMA_READ_CONSUME_CHECK_CONSUMER) timestamp=5087 ms, used_size=4831232 bytes (11.8%)
(RDMA_READ_CONSUME_CHECK_CONSUMER) timestamp=5087 ms, used_size=4829184 bytes (11.8%)
(RDMA_READ_CONSUME_CHECK_CONSUMER) timestamp=5087 ms, used_size=4827136 bytes (11.8%)
(RDMA_READ_CONSUME_CHECK_CONSUMER) timestamp=5087 ms, used_size=4825088 bytes (11.8%)
(RDMA_READ_CONSUME_CHECK_CONSUMER) timestamp=5087 ms, used_size=4823040 bytes (11.8%)
(RDMA_READ_CONSUME_CHECK_CONSUMER) timestamp=5087 ms, used_size=4820992 bytes (11.8%)
(RDMA_READ_CONSUME_CHECK_CONSUMER) timestamp=5087 ms, used_size=4818944 bytes (11.8%)
(RDMA_READ_CONSUME_CHECK_CONSUMER) timestamp=5087 ms, used_size=4816896 bytes (11.8%)
(RDMA_READ_CONSUME_CHECK_CONSUMER) timestamp=5087 ms, used_size=4814848 bytes (11.8%)
(RDMA_READ_CONSUME_CHECK_CONSUMER) timestamp=5087 ms, used_size=4812800 bytes (11.8%)
(RDMA_READ_CONSUME_CHECK_CONSUMER) timestamp=5087 ms, used_size=4810752 bytes (11.7%)
(RDMA_READ_CONSUME_CHECK_CONSUMER) timestamp=5087 ms, used_size=4808704 bytes (11.7%)
(RDMA_READ_CONSUME_CHECK_CONSUMER) timestamp=5087 ms, used_size=4806656 bytes (11.7%)
(RDMA_READ_CONSUME_CHECK_CONSUMER) timestamp=5087 ms, used_size=4804608 bytes (11.7%)
(RDMA_READ_CONSUME_CHECK_CONSUMER) timestamp=5087 ms, used_size=4802560 bytes (11.7%)
(RDMA_READ_CONSUME_CHECK_CONSUMER) timestamp=5087 ms, used_size=4800512 bytes (11.7%)
(RDMA_READ_CONSUME_CHECK_CONSUMER) timestamp=5087 ms, used_size=4798464 bytes (11.7%)
(RDMA_READ_CONSUME_CHECK_CONSUMER) timestamp=5087 ms, used_size=4796416 bytes (11.7%)
(RDMA_READ_CONSUME_CHECK_CONSUMER) timestamp=5087 ms, used_size=4794368 bytes (11.7%)
(RDMA_READ_CONSUME_CHECK_CONSUMER) timestamp=5087 ms, used_size=4792320 bytes (11.7%)
(RDMA_READ_CONSUME_CHECK_CONSUMER) timestamp=5087 ms, used_size=4790272 bytes (11.7%)
(RDMA_READ_CONSUME_CHECK_CONSUMER) timestamp=5087 ms, used_size=4788224 bytes (11.7%)
(RDMA_READ_CONSUME_CHECK_CONSUMER) timestamp=5087 ms, used_size=4786176 bytes (11.7%)
(RDMA_READ_CONSUME_CHECK_CONSUMER) timestamp=5087 ms, used_size=4784128 bytes (11.7%)
(RDMA_READ_CONSUME_CHECK_CONSUMER) timestamp=5088 ms, used_size=4782080 bytes (11.7%)
(RDMA_READ_CONSUME_CHECK_CONSUMER) timestamp=5088 ms, used_size=4780032 bytes (11.7%)
(RDMA_READ_CONSUME_CHECK_CONSUMER) timestamp=5088 ms, used_size=4777984 bytes (11.7%)
(RDMA_READ_CONSUME_CHECK_CONSUMER) timestamp=5088 ms, used_size=4775936 bytes (11.7%)
(RDMA_READ_CONSUME_CHECK_CONSUMER) timestamp=5088 ms, used_size=4773888 bytes (11.7%)
(RDMA_READ_CONSUME_CHECK_CONSUMER) timestamp=5088 ms, used_size=4771840 bytes (11.7%)
(RDMA_READ_CONSUME_CHECK_CONSUMER) timestamp=5088 ms, used_size=4769792 bytes (11.6%)
(RDMA_READ_CONSUME_CHECK_CONSUMER) timestamp=5088 ms, used_size=4767744 bytes (11.6%)
(RDMA_READ_CONSUME_CHECK_CONSUMER) timestamp=5088 ms, used_size=4765696 bytes (11.6%)
(RDMA_READ_CONSUME_CHECK_CONSUMER) timestamp=5088 ms, used_size=4763648 bytes (11.6%)
(RDMA_READ_CONSUME_CHECK_CONSUMER) timestamp=5088 ms, used_size=4761600 bytes (11.6%)
(RDMA_READ_CONSUME_CHECK_CONSUMER) timestamp=5088 ms, used_size=4759552 bytes (11.6%)
(RDMA_READ_CONSUME_CHECK_CONSUMER) timestamp=5088 ms, used_size=4757504 bytes (11.6%)
(RDMA_READ_CONSUME_CHECK_CONSUMER) timestamp=5088 ms, used_size=4755456 bytes (11.6%)
(RDMA_READ_CONSUME_CHECK_CONSUMER) timestamp=5088 ms, used_size=4753408 bytes (11.6%)
(RDMA_READ_CONSUME_CHECK_CONSUMER) timestamp=5088 ms, used_size=4751360 bytes (11.6%)
(RDMA_READ_CONSUME_CHECK_CONSUMER) timestamp=5088 ms, used_size=4749312 bytes (11.6%)
(RDMA_READ_CONSUME_CHECK_CONSUMER) timestamp=5088 ms, used_size=4747264 bytes (11.6%)
(RDMA_READ_CONSUME_CHECK_CONSUMER) timestamp=5088 ms, used_size=4745216 bytes (11.6%)
(RDMA_READ_CONSUME_CHECK_CONSUMER) timestamp=5088 ms, used_size=4743168 bytes (11.6%)
(RDMA_READ_CONSUME_CHECK_CONSUMER) timestamp=5088 ms, used_size=4741120 bytes (11.6%)
(RDMA_READ_CONSUME_CHECK_CONSUMER) timestamp=5088 ms, used_size=4739072 bytes (11.6%)
(RDMA_READ_CONSUME_CHECK_CONSUMER) timestamp=5088 ms, used_size=4737024 bytes (11.6%)
(RDMA_READ_CONSUME_CHECK_CONSUMER) timestamp=5088 ms, used_size=4734976 bytes (11.6%)
(RDMA_READ_CONSUME_CHECK_CONSUMER) timestamp=5088 ms, used_size=4732928 bytes (11.6%)
(RDMA_READ_CONSUME_CHECK_CONSUMER) timestamp=5088 ms, used_size=4730880 bytes (11.6%)
(RDMA_READ_CONSUME_CHECK_CONSUMER) timestamp=5088 ms, used_size=4728832 bytes (11.5%)
(RDMA_READ_CONSUME_CHECK_CONSUMER) timestamp=5088 ms, used_size=4726784 bytes (11.5%)
(RDMA_READ_CONSUME_CHECK_CONSUMER) timestamp=5088 ms, used_size=4724736 bytes (11.5%)
(RDMA_READ_CONSUME_CHECK_CONSUMER) timestamp=5088 ms, used_size=4722688 bytes (11.5%)
(RDMA_READ_CONSUME_CHECK_CONSUMER) timestamp=5088 ms, used_size=4720640 bytes (11.5%)
(RDMA_READ_CONSUME_CHECK_CONSUMER) timestamp=5088 ms, used_size=4718592 bytes (11.5%)
(RDMA_READ_CONSUME_CHECK_CONSUMER) timestamp=5088 ms, used_size=4716544 bytes (11.5%)
(RDMA_READ_CONSUME_CHECK_CONSUMER) timestamp=5088 ms, used_size=4714496 bytes (11.5%)
(RDMA_READ_CONSUME_CHECK_CONSUMER) timestamp=5088 ms, used_size=4712448 bytes (11.5%)
(RDMA_READ_CONSUME_CHECK_CONSUMER) timestamp=5088 ms, used_size=4710400 bytes (11.5%)
(RDMA_READ_CONSUME_CHECK_CONSUMER) timestamp=5088 ms, used_size=4708352 bytes (11.5%)
(RDMA_READ_CONSUME_CHECK_CONSUMER) timestamp=5088 ms, used_size=4706304 bytes (11.5%)
(RDMA_READ_CONSUME_CHECK_CONSUMER) timestamp=5088 ms, used_size=4704256 bytes (11.5%)
(RDMA_READ_CONSUME_CHECK_CONSUMER) timestamp=5088 ms, used_size=4702208 bytes (11.5%)
(RDMA_READ_CONSUME_CHECK_CONSUMER) timestamp=5088 ms, used_size=4700160 bytes (11.5%)
(RDMA_READ_CONSUME_CHECK_CONSUMER) timestamp=5088 ms, used_size=4698112 bytes (11.5%)
(RDMA_READ_CONSUME_CHECK_CONSUMER) timestamp=5088 ms, used_size=4696064 bytes (11.5%)
(RDMA_READ_CONSUME_CHECK_CONSUMER) timestamp=5088 ms, used_size=4694016 bytes (11.5%)
(RDMA_READ_CONSUME_CHECK_CONSUMER) timestamp=5088 ms, used_size=4691968 bytes (11.5%)
(RDMA_READ_CONSUME_CHECK_CONSUMER) timestamp=5088 ms, used_size=4689920 bytes (11.4%)
(RDMA_READ_CONSUME_CHECK_CONSUMER) timestamp=5088 ms, used_size=4687872 bytes (11.4%)
(RDMA_READ_CONSUME_CHECK_CONSUMER) timestamp=5088 ms, used_size=4685824 bytes (11.4%)
(RDMA_READ_CONSUME_CHECK_CONSUMER) timestamp=5088 ms, used_size=4683776 bytes (11.4%)
(RDMA_READ_CONSUME_CHECK_CONSUMER) timestamp=5088 ms, used_size=4681728 bytes (11.4%)
(RDMA_READ_CONSUME_CHECK_CONSUMER) timestamp=5088 ms, used_size=4679680 bytes (11.4%)
(RDMA_READ_CONSUME_CHECK_CONSUMER) timestamp=5088 ms, used_size=4677632 bytes (11.4%)
(RDMA_READ_CONSUME_CHECK_CONSUMER) timestamp=5088 ms, used_size=4675584 bytes (11.4%)
(RDMA_READ_CONSUME_CHECK_CONSUMER) timestamp=5088 ms, used_size=4673536 bytes (11.4%)
(RDMA_READ_CONSUME_CHECK_CONSUMER) timestamp=5088 ms, used_size=4671488 bytes (11.4%)
(RDMA_READ_CONSUME_CHECK_CONSUMER) timestamp=5088 ms, used_size=4669440 bytes (11.4%)
(RDMA_READ_CONSUME_CHECK_CONSUMER) timestamp=5088 ms, used_size=4667392 bytes (11.4%)
(RDMA_READ_CONSUME_CHECK_CONSUMER) timestamp=5088 ms, used_size=4665344 bytes (11.4%)
(RDMA_READ_CONSUME_CHECK_CONSUMER) timestamp=5088 ms, used_size=4663296 bytes (11.4%)
(RDMA_READ_CONSUME_CHECK_CONSUMER) timestamp=5088 ms, used_size=4661248 bytes (11.4%)
(RDMA_READ_CONSUME_CHECK_CONSUMER) timestamp=5088 ms, used_size=4659200 bytes (11.4%)
(RDMA_READ_CONSUME_CHECK_CONSUMER) timestamp=5088 ms, used_size=4657152 bytes (11.4%)
(RDMA_READ_CONSUME_CHECK_CONSUMER) timestamp=5088 ms, used_size=4655104 bytes (11.4%)
(RDMA_READ_CONSUME_CHECK_CONSUMER) timestamp=5088 ms, used_size=4653056 bytes (11.4%)
(RDMA_READ_CONSUME_CHECK_CONSUMER) timestamp=5088 ms, used_size=4651008 bytes (11.4%)
(RDMA_READ_CONSUME_CHECK_CONSUMER) timestamp=5088 ms, used_size=4648960 bytes (11.3%)
(RDMA_READ_CONSUME_CHECK_CONSUMER) timestamp=5088 ms, used_size=4646912 bytes (11.3%)
(RDMA_READ_CONSUME_CHECK_CONSUMER) timestamp=5088 ms, used_size=4644864 bytes (11.3%)
(RDMA_READ_CONSUME_CHECK_CONSUMER) timestamp=5088 ms, used_size=4642816 bytes (11.3%)
(RDMA_READ_CONSUME_CHECK_CONSUMER) timestamp=5088 ms, used_size=4640768 bytes (11.3%)
(RDMA_READ_CONSUME_CHECK_CONSUMER) timestamp=5088 ms, used_size=4638720 bytes (11.3%)
(RDMA_READ_CONSUME_CHECK_CONSUMER) timestamp=5088 ms, used_size=4636672 bytes (11.3%)
(RDMA_READ_CONSUME_CHECK_CONSUMER) timestamp=5088 ms, used_size=4634624 bytes (11.3%)
(RDMA_READ_CONSUME_CHECK_CONSUMER) timestamp=5088 ms, used_size=4632576 bytes (11.3%)
(RDMA_READ_CONSUME_CHECK_CONSUMER) timestamp=5088 ms, used_size=4630528 bytes (11.3%)
(RDMA_READ_CONSUME_CHECK_CONSUMER) timestamp=5088 ms, used_size=4628480 bytes (11.3%)
(RDMA_READ_CONSUME_CHECK_CONSUMER) timestamp=5088 ms, used_size=4626432 bytes (11.3%)
(RDMA_READ_CONSUME_CHECK_CONSUMER) timestamp=5088 ms, used_size=4624384 bytes (11.3%)
(RDMA_READ_CONSUME_CHECK_CONSUMER) timestamp=5088 ms, used_size=4622336 bytes (11.3%)
(RDMA_READ_CONSUME_CHECK_CONSUMER) timestamp=5088 ms, used_size=4620288 bytes (11.3%)
(RDMA_READ_CONSUME_CHECK_CONSUMER) timestamp=5088 ms, used_size=4618240 bytes (11.3%)
(RDMA_READ_CONSUME_CHECK_CONSUMER) timestamp=5088 ms, used_size=4616192 bytes (11.3%)
(RDMA_READ_CONSUME_CHECK_CONSUMER) timestamp=5088 ms, used_size=4614144 bytes (11.3%)
(RDMA_READ_CONSUME_CHECK_CONSUMER) timestamp=5088 ms, used_size=4612096 bytes (11.3%)
(RDMA_READ_CONSUME_CHECK_CONSUMER) timestamp=5088 ms, used_size=4610048 bytes (11.3%)
(RDMA_READ_CONSUME_CHECK_CONSUMER) timestamp=5088 ms, used_size=4608000 bytes (11.2%)
(RDMA_READ_CONSUME_CHECK_CONSUMER) timestamp=5088 ms, used_size=4605952 bytes (11.2%)
(RDMA_READ_CONSUME_CHECK_CONSUMER) timestamp=5088 ms, used_size=4603904 bytes (11.2%)
(RDMA_READ_CONSUME_CHECK_CONSUMER) timestamp=5088 ms, used_size=4601856 bytes (11.2%)
(RDMA_READ_CONSUME_CHECK_CONSUMER) timestamp=5088 ms, used_size=4599808 bytes (11.2%)
(RDMA_READ_CONSUME_CHECK_CONSUMER) timestamp=5088 ms, used_size=4597760 bytes (11.2%)
(RDMA_READ_CONSUME_CHECK_CONSUMER) timestamp=5088 ms, used_size=4595712 bytes (11.2%)
(RDMA_READ_CONSUME_CHECK_CONSUMER) timestamp=5088 ms, used_size=4593664 bytes (11.2%)
(RDMA_READ_CONSUME_CHECK_CONSUMER) timestamp=5088 ms, used_size=4591616 bytes (11.2%)
(RDMA_READ_CONSUME_CHECK_CONSUMER) timestamp=5088 ms, used_size=4589568 bytes (11.2%)
(RDMA_READ_CONSUME_CHECK_CONSUMER) timestamp=5088 ms, used_size=4587520 bytes (11.2%)
(RDMA_READ_CONSUME_CHECK_CONSUMER) timestamp=5088 ms, used_size=4585472 bytes (11.2%)
(RDMA_READ_CONSUME_CHECK_CONSUMER) timestamp=5088 ms, used_size=4583424 bytes (11.2%)
(RDMA_READ_CONSUME_CHECK_CONSUMER) timestamp=5088 ms, used_size=4581376 bytes (11.2%)
(RDMA_READ_CONSUME_CHECK_CONSUMER) timestamp=5088 ms, used_size=4579328 bytes (11.2%)
(RDMA_READ_CONSUME_CHECK_CONSUMER) timestamp=5088 ms, used_size=4577280 bytes (11.2%)
(RDMA_READ_CONSUME_CHECK_CONSUMER) timestamp=5088 ms, used_size=4575232 bytes (11.2%)
(RDMA_READ_CONSUME_CHECK_CONSUMER) timestamp=5088 ms, used_size=4573184 bytes (11.2%)
(RDMA_READ_CONSUME_CHECK_CONSUMER) timestamp=5088 ms, used_size=4571136 bytes (11.2%)
(RDMA_READ_CONSUME_CHECK_CONSUMER) timestamp=5088 ms, used_size=4569088 bytes (11.2%)
(RDMA_READ_CONSUME_CHECK_CONSUMER) timestamp=5088 ms, used_size=4567040 bytes (11.2%)
(RDMA_READ_CONSUME_CHECK_CONSUMER) timestamp=5088 ms, used_size=4564992 bytes (11.1%)
(RDMA_READ_CONSUME_CHECK_CONSUMER) timestamp=5088 ms, used_size=4562944 bytes (11.1%)
(RDMA_READ_CONSUME_CHECK_CONSUMER) timestamp=5088 ms, used_size=4560896 bytes (11.1%)
(RDMA_READ_CONSUME_CHECK_CONSUMER) timestamp=5088 ms, used_size=4558848 bytes (11.1%)
(RDMA_READ_CONSUME_CHECK_CONSUMER) timestamp=5088 ms, used_size=4556800 bytes (11.1%)
(RDMA_READ_CONSUME_CHECK_CONSUMER) timestamp=5088 ms, used_size=4554752 bytes (11.1%)
(RDMA_READ_CONSUME_CHECK_CONSUMER) timestamp=5088 ms, used_size=4552704 bytes (11.1%)
(RDMA_READ_CONSUME_CHECK_CONSUMER) timestamp=5088 ms, used_size=4550656 bytes (11.1%)
(RDMA_READ_CONSUME_CHECK_CONSUMER) timestamp=5088 ms, used_size=4548608 bytes (11.1%)
(RDMA_READ_CONSUME_CHECK_CONSUMER) timestamp=5088 ms, used_size=4546560 bytes (11.1%)
(RDMA_READ_CONSUME_CHECK_CONSUMER) timestamp=5088 ms, used_size=4544512 bytes (11.1%)
(RDMA_READ_CONSUME_CHECK_CONSUMER) timestamp=5088 ms, used_size=4542464 bytes (11.1%)
(RDMA_READ_CONSUME_CHECK_CONSUMER) timestamp=5088 ms, used_size=4540416 bytes (11.1%)
(RDMA_READ_CONSUME_CHECK_CONSUMER) timestamp=5088 ms, used_size=4538368 bytes (11.1%)
(RDMA_READ_CONSUME_CHECK_CONSUMER) timestamp=5088 ms, used_size=4536320 bytes (11.1%)
(RDMA_READ_CONSUME_CHECK_CONSUMER) timestamp=5088 ms, used_size=4534272 bytes (11.1%)
(RDMA_READ_CONSUME_CHECK_CONSUMER) timestamp=5088 ms, used_size=4532224 bytes (11.1%)
(RDMA_READ_CONSUME_CHECK_CONSUMER) timestamp=5088 ms, used_size=4530176 bytes (11.1%)
(RDMA_READ_CONSUME_CHECK_CONSUMER) timestamp=5088 ms, used_size=4528128 bytes (11.1%)
(RDMA_READ_CONSUME_CHECK_CONSUMER) timestamp=5088 ms, used_size=4526080 bytes (11.1%)
(RDMA_READ_CONSUME_CHECK_CONSUMER) timestamp=5088 ms, used_size=4524032 bytes (11.0%)
(RDMA_READ_CONSUME_CHECK_CONSUMER) timestamp=5088 ms, used_size=4521984 bytes (11.0%)
(RDMA_READ_CONSUME_CHECK_CONSUMER) timestamp=5088 ms, used_size=4519936 bytes (11.0%)
(RDMA_READ_CONSUME_CHECK_CONSUMER) timestamp=5088 ms, used_size=4517888 bytes (11.0%)
(RDMA_READ_CONSUME_CHECK_CONSUMER) timestamp=5088 ms, used_size=4515840 bytes (11.0%)
(RDMA_READ_CONSUME_CHECK_CONSUMER) timestamp=5088 ms, used_size=4513792 bytes (11.0%)
(RDMA_READ_CONSUME_CHECK_CONSUMER) timestamp=5088 ms, used_size=4511744 bytes (11.0%)
(RDMA_READ_CONSUME_CHECK_CONSUMER) timestamp=5088 ms, used_size=4509696 bytes (11.0%)
(RDMA_READ_CONSUME_CHECK_CONSUMER) timestamp=5088 ms, used_size=4507648 bytes (11.0%)
(RDMA_READ_CONSUME_CHECK_CONSUMER) timestamp=5088 ms, used_size=4505600 bytes (11.0%)
(RDMA_READ_CONSUME_CHECK_CONSUMER) timestamp=5088 ms, used_size=4503552 bytes (11.0%)
(RDMA_READ_CONSUME_CHECK_CONSUMER) timestamp=5088 ms, used_size=4501504 bytes (11.0%)
(RDMA_READ_CONSUME_CHECK_CONSUMER) timestamp=5088 ms, used_size=4499456 bytes (11.0%)
(RDMA_READ_CONSUME_CHECK_CONSUMER) timestamp=5088 ms, used_size=4497408 bytes (11.0%)
(RDMA_READ_CONSUME_CHECK_CONSUMER) timestamp=5088 ms, used_size=4495360 bytes (11.0%)
(RDMA_READ_CONSUME_CHECK_CONSUMER) timestamp=5088 ms, used_size=4493312 bytes (11.0%)
(RDMA_READ_CONSUME_CHECK_CONSUMER) timestamp=5088 ms, used_size=4491264 bytes (11.0%)
(RDMA_READ_CONSUME_CHECK_CONSUMER) timestamp=5088 ms, used_size=4489216 bytes (11.0%)
(RDMA_READ_CONSUME_CHECK_CONSUMER) timestamp=5088 ms, used_size=4487168 bytes (11.0%)
(RDMA_READ_CONSUME_CHECK_CONSUMER) timestamp=5088 ms, used_size=4485120 bytes (10.9%)
(RDMA_READ_CONSUME_CHECK_CONSUMER) timestamp=5088 ms, used_size=4483072 bytes (10.9%)
(RDMA_READ_CONSUME_CHECK_CONSUMER) timestamp=5088 ms, used_size=4481024 bytes (10.9%)
(RDMA_READ_CONSUME_CHECK_CONSUMER) timestamp=5088 ms, used_size=4478976 bytes (10.9%)
(RDMA_READ_CONSUME_CHECK_CONSUMER) timestamp=5088 ms, used_size=4476928 bytes (10.9%)
(RDMA_READ_CONSUME_CHECK_CONSUMER) timestamp=5088 ms, used_size=4474880 bytes (10.9%)
(RDMA_READ_CONSUME_CHECK_CONSUMER) timestamp=5088 ms, used_size=4472832 bytes (10.9%)
(RDMA_READ_CONSUME_CHECK_CONSUMER) timestamp=5088 ms, used_size=4470784 bytes (10.9%)
(RDMA_READ_CONSUME_CHECK_CONSUMER) timestamp=5088 ms, used_size=4468736 bytes (10.9%)
(RDMA_READ_CONSUME_CHECK_CONSUMER) timestamp=5088 ms, used_size=4466688 bytes (10.9%)
(RDMA_READ_CONSUME_CHECK_CONSUMER) timestamp=5088 ms, used_size=4464640 bytes (10.9%)
(RDMA_READ_CONSUME_CHECK_CONSUMER) timestamp=5088 ms, used_size=4462592 bytes (10.9%)
(RDMA_READ_CONSUME_CHECK_CONSUMER) timestamp=5088 ms, used_size=4460544 bytes (10.9%)
(RDMA_READ_CONSUME_CHECK_CONSUMER) timestamp=5088 ms, used_size=4458496 bytes (10.9%)
(RDMA_READ_CONSUME_CHECK_CONSUMER) timestamp=5088 ms, used_size=4456448 bytes (10.9%)
(RDMA_READ_CONSUME_CHECK_CONSUMER) timestamp=5088 ms, used_size=4454400 bytes (10.9%)
(RDMA_READ_CONSUME_CHECK_CONSUMER) timestamp=5088 ms, used_size=4452352 bytes (10.9%)
(RDMA_READ_CONSUME_CHECK_CONSUMER) timestamp=5088 ms, used_size=4450304 bytes (10.9%)
(RDMA_READ_CONSUME_CHECK_CONSUMER) timestamp=5088 ms, used_size=4448256 bytes (10.9%)
(RDMA_READ_CONSUME_CHECK_CONSUMER) timestamp=5088 ms, used_size=4446208 bytes (10.9%)
(RDMA_READ_CONSUME_CHECK_CONSUMER) timestamp=5088 ms, used_size=4444160 bytes (10.8%)
(RDMA_READ_CONSUME_CHECK_CONSUMER) timestamp=5088 ms, used_size=4442112 bytes (10.8%)
(RDMA_READ_CONSUME_CHECK_CONSUMER) timestamp=5088 ms, used_size=4440064 bytes (10.8%)
(RDMA_READ_CONSUME_CHECK_CONSUMER) timestamp=5088 ms, used_size=4438016 bytes (10.8%)
(RDMA_READ_CONSUME_CHECK_CONSUMER) timestamp=5088 ms, used_size=4435968 bytes (10.8%)
(RDMA_READ_CONSUME_CHECK_CONSUMER) timestamp=5088 ms, used_size=4433920 bytes (10.8%)
(RDMA_READ_CONSUME_CHECK_CONSUMER) timestamp=5088 ms, used_size=4431872 bytes (10.8%)
(RDMA_READ_CONSUME_CHECK_CONSUMER) timestamp=5088 ms, used_size=4429824 bytes (10.8%)
(RDMA_READ_CONSUME_CHECK_CONSUMER) timestamp=5088 ms, used_size=4427776 bytes (10.8%)
(RDMA_READ_CONSUME_CHECK_CONSUMER) timestamp=5088 ms, used_size=4425728 bytes (10.8%)
(RDMA_READ_CONSUME_CHECK_CONSUMER) timestamp=5088 ms, used_size=4423680 bytes (10.8%)
(RDMA_READ_CONSUME_CHECK_CONSUMER) timestamp=5088 ms, used_size=4421632 bytes (10.8%)
(RDMA_READ_CONSUME_CHECK_CONSUMER) timestamp=5089 ms, used_size=4419584 bytes (10.8%)
(RDMA_READ_CONSUME_CHECK_CONSUMER) timestamp=5089 ms, used_size=4417536 bytes (10.8%)
(RDMA_READ_CONSUME_CHECK_CONSUMER) timestamp=5089 ms, used_size=4415488 bytes (10.8%)
(RDMA_READ_CONSUME_CHECK_CONSUMER) timestamp=5089 ms, used_size=4413440 bytes (10.8%)
(RDMA_READ_CONSUME_CHECK_CONSUMER) timestamp=5089 ms, used_size=4411392 bytes (10.8%)
(RDMA_READ_CONSUME_CHECK_CONSUMER) timestamp=5089 ms, used_size=4409344 bytes (10.8%)
(RDMA_READ_CONSUME_CHECK_CONSUMER) timestamp=5089 ms, used_size=4407296 bytes (10.8%)
(RDMA_READ_CONSUME_CHECK_CONSUMER) timestamp=5089 ms, used_size=4405248 bytes (10.8%)
(RDMA_READ_CONSUME_CHECK_CONSUMER) timestamp=5089 ms, used_size=4403200 bytes (10.8%)
(RDMA_READ_CONSUME_CHECK_CONSUMER) timestamp=5089 ms, used_size=4401152 bytes (10.7%)
(RDMA_READ_CONSUME_CHECK_CONSUMER) timestamp=5089 ms, used_size=4399104 bytes (10.7%)
(RDMA_READ_CONSUME_CHECK_CONSUMER) timestamp=5089 ms, used_size=4397056 bytes (10.7%)
(RDMA_READ_CONSUME_CHECK_CONSUMER) timestamp=5089 ms, used_size=4395008 bytes (10.7%)
(RDMA_READ_CONSUME_CHECK_CONSUMER) timestamp=5089 ms, used_size=4392960 bytes (10.7%)
(RDMA_READ_CONSUME_CHECK_CONSUMER) timestamp=5089 ms, used_size=4390912 bytes (10.7%)
(RDMA_READ_CONSUME_CHECK_CONSUMER) timestamp=5089 ms, used_size=4388864 bytes (10.7%)
(RDMA_READ_CONSUME_CHECK_CONSUMER) timestamp=5089 ms, used_size=4386816 bytes (10.7%)
(RDMA_READ_CONSUME_CHECK_CONSUMER) timestamp=5089 ms, used_size=4384768 bytes (10.7%)
(RDMA_READ_CONSUME_CHECK_CONSUMER) timestamp=5089 ms, used_size=4382720 bytes (10.7%)
(RDMA_READ_CONSUME_CHECK_CONSUMER) timestamp=5089 ms, used_size=4380672 bytes (10.7%)
(RDMA_READ_CONSUME_CHECK_CONSUMER) timestamp=5089 ms, used_size=4378624 bytes (10.7%)
(RDMA_READ_CONSUME_CHECK_CONSUMER) timestamp=5089 ms, used_size=4376576 bytes (10.7%)
(RDMA_READ_CONSUME_CHECK_CONSUMER) timestamp=5089 ms, used_size=4374528 bytes (10.7%)
(RDMA_READ_CONSUME_CHECK_CONSUMER) timestamp=5089 ms, used_size=4372480 bytes (10.7%)
(RDMA_READ_CONSUME_CHECK_CONSUMER) timestamp=5089 ms, used_size=4370432 bytes (10.7%)
(RDMA_READ_CONSUME_CHECK_CONSUMER) timestamp=5089 ms, used_size=4368384 bytes (10.7%)
(RDMA_READ_CONSUME_CHECK_CONSUMER) timestamp=5089 ms, used_size=4366336 bytes (10.7%)
(RDMA_READ_CONSUME_CHECK_CONSUMER) timestamp=5089 ms, used_size=4364288 bytes (10.7%)
(RDMA_READ_CONSUME_CHECK_CONSUMER) timestamp=5089 ms, used_size=4362240 bytes (10.7%)
(RDMA_READ_CONSUME_CHECK_CONSUMER) timestamp=5089 ms, used_size=4360192 bytes (10.6%)
(RDMA_READ_CONSUME_CHECK_CONSUMER) timestamp=5089 ms, used_size=4358144 bytes (10.6%)
(RDMA_READ_CONSUME_CHECK_CONSUMER) timestamp=5089 ms, used_size=4356096 bytes (10.6%)
(RDMA_READ_CONSUME_CHECK_CONSUMER) timestamp=5089 ms, used_size=4354048 bytes (10.6%)
(RDMA_READ_CONSUME_CHECK_CONSUMER) timestamp=5089 ms, used_size=4352000 bytes (10.6%)
(RDMA_READ_CONSUME_CHECK_CONSUMER) timestamp=5089 ms, used_size=4349952 bytes (10.6%)
(RDMA_READ_CONSUME_CHECK_CONSUMER) timestamp=5089 ms, used_size=4347904 bytes (10.6%)
(RDMA_READ_CONSUME_CHECK_CONSUMER) timestamp=5089 ms, used_size=4345856 bytes (10.6%)
(RDMA_READ_CONSUME_CHECK_CONSUMER) timestamp=5089 ms, used_size=4343808 bytes (10.6%)
(RDMA_READ_CONSUME_CHECK_CONSUMER) timestamp=5089 ms, used_size=4341760 bytes (10.6%)
(RDMA_READ_CONSUME_CHECK_CONSUMER) timestamp=5089 ms, used_size=4339712 bytes (10.6%)
(RDMA_READ_CONSUME_CHECK_CONSUMER) timestamp=5089 ms, used_size=4337664 bytes (10.6%)
(RDMA_READ_CONSUME_CHECK_CONSUMER) timestamp=5089 ms, used_size=4335616 bytes (10.6%)
(RDMA_READ_CONSUME_CHECK_CONSUMER) timestamp=5089 ms, used_size=4333568 bytes (10.6%)
(RDMA_READ_CONSUME_CHECK_CONSUMER) timestamp=5089 ms, used_size=4331520 bytes (10.6%)
(RDMA_READ_CONSUME_CHECK_CONSUMER) timestamp=5089 ms, used_size=4329472 bytes (10.6%)
(RDMA_READ_CONSUME_CHECK_CONSUMER) timestamp=5089 ms, used_size=4327424 bytes (10.6%)
(RDMA_READ_CONSUME_CHECK_CONSUMER) timestamp=5089 ms, used_size=4325376 bytes (10.6%)
(RDMA_READ_CONSUME_CHECK_CONSUMER) timestamp=5089 ms, used_size=4323328 bytes (10.6%)
(RDMA_READ_CONSUME_CHECK_CONSUMER) timestamp=5089 ms, used_size=4321280 bytes (10.6%)
(RDMA_READ_CONSUME_CHECK_CONSUMER) timestamp=5089 ms, used_size=4319232 bytes (10.5%)
(RDMA_READ_CONSUME_CHECK_CONSUMER) timestamp=5089 ms, used_size=4317184 bytes (10.5%)
(RDMA_READ_CONSUME_CHECK_CONSUMER) timestamp=5089 ms, used_size=4315136 bytes (10.5%)
(RDMA_READ_CONSUME_CHECK_CONSUMER) timestamp=5089 ms, used_size=4313088 bytes (10.5%)
(RDMA_READ_CONSUME_CHECK_CONSUMER) timestamp=5089 ms, used_size=4311040 bytes (10.5%)
(RDMA_READ_CONSUME_CHECK_CONSUMER) timestamp=5089 ms, used_size=4308992 bytes (10.5%)
(RDMA_READ_CONSUME_CHECK_CONSUMER) timestamp=5089 ms, used_size=4306944 bytes (10.5%)
(RDMA_READ_CONSUME_CHECK_CONSUMER) timestamp=5089 ms, used_size=4304896 bytes (10.5%)
(RDMA_READ_CONSUME_CHECK_CONSUMER) timestamp=5089 ms, used_size=4302848 bytes (10.5%)
(RDMA_READ_CONSUME_CHECK_CONSUMER) timestamp=5089 ms, used_size=4300800 bytes (10.5%)
(RDMA_READ_CONSUME_CHECK_CONSUMER) timestamp=5089 ms, used_size=4298752 bytes (10.5%)
(RDMA_READ_CONSUME_CHECK_CONSUMER) timestamp=5089 ms, used_size=4296704 bytes (10.5%)
(RDMA_READ_CONSUME_CHECK_CONSUMER) timestamp=5089 ms, used_size=4294656 bytes (10.5%)
(RDMA_READ_CONSUME_CHECK_CONSUMER) timestamp=5089 ms, used_size=4292608 bytes (10.5%)
(RDMA_READ_CONSUME_CHECK_CONSUMER) timestamp=5089 ms, used_size=4290560 bytes (10.5%)
(RDMA_READ_CONSUME_CHECK_CONSUMER) timestamp=5089 ms, used_size=4288512 bytes (10.5%)
(RDMA_READ_CONSUME_CHECK_CONSUMER) timestamp=5089 ms, used_size=4286464 bytes (10.5%)
(RDMA_READ_CONSUME_CHECK_CONSUMER) timestamp=5089 ms, used_size=4284416 bytes (10.5%)
(RDMA_READ_CONSUME_CHECK_CONSUMER) timestamp=5089 ms, used_size=4282368 bytes (10.5%)
(RDMA_READ_CONSUME_CHECK_CONSUMER) timestamp=5089 ms, used_size=4280320 bytes (10.4%)
(RDMA_READ_CONSUME_CHECK_CONSUMER) timestamp=5089 ms, used_size=4278272 bytes (10.4%)
(RDMA_READ_CONSUME_CHECK_CONSUMER) timestamp=5089 ms, used_size=4276224 bytes (10.4%)
(RDMA_READ_CONSUME_CHECK_CONSUMER) timestamp=5089 ms, used_size=4274176 bytes (10.4%)
(RDMA_READ_CONSUME_CHECK_CONSUMER) timestamp=5089 ms, used_size=4272128 bytes (10.4%)
(RDMA_READ_CONSUME_CHECK_CONSUMER) timestamp=5089 ms, used_size=4270080 bytes (10.4%)
(RDMA_READ_CONSUME_CHECK_CONSUMER) timestamp=5089 ms, used_size=4268032 bytes (10.4%)
(RDMA_READ_CONSUME_CHECK_CONSUMER) timestamp=5089 ms, used_size=4265984 bytes (10.4%)
(RDMA_READ_CONSUME_CHECK_CONSUMER) timestamp=5089 ms, used_size=4263936 bytes (10.4%)
(RDMA_READ_CONSUME_CHECK_CONSUMER) timestamp=5089 ms, used_size=4261888 bytes (10.4%)
(RDMA_READ_CONSUME_CHECK_CONSUMER) timestamp=5089 ms, used_size=4259840 bytes (10.4%)
(RDMA_READ_CONSUME_CHECK_CONSUMER) timestamp=5089 ms, used_size=4257792 bytes (10.4%)
(RDMA_READ_CONSUME_CHECK_CONSUMER) timestamp=5089 ms, used_size=4255744 bytes (10.4%)
(RDMA_READ_CONSUME_CHECK_CONSUMER) timestamp=5089 ms, used_size=4253696 bytes (10.4%)
(RDMA_READ_CONSUME_CHECK_CONSUMER) timestamp=5089 ms, used_size=4251648 bytes (10.4%)
(RDMA_READ_CONSUME_CHECK_CONSUMER) timestamp=5089 ms, used_size=4249600 bytes (10.4%)
(RDMA_READ_CONSUME_CHECK_CONSUMER) timestamp=5089 ms, used_size=4247552 bytes (10.4%)
(RDMA_READ_CONSUME_CHECK_CONSUMER) timestamp=5089 ms, used_size=4245504 bytes (10.4%)
(RDMA_READ_CONSUME_CHECK_CONSUMER) timestamp=5089 ms, used_size=4243456 bytes (10.4%)
(RDMA_READ_CONSUME_CHECK_CONSUMER) timestamp=5089 ms, used_size=4241408 bytes (10.4%)
(RDMA_READ_CONSUME_CHECK_CONSUMER) timestamp=5089 ms, used_size=4239360 bytes (10.3%)
(RDMA_READ_CONSUME_CHECK_CONSUMER) timestamp=5089 ms, used_size=4237312 bytes (10.3%)
(RDMA_READ_CONSUME_CHECK_CONSUMER) timestamp=5089 ms, used_size=4235264 bytes (10.3%)
(RDMA_READ_CONSUME_CHECK_CONSUMER) timestamp=5089 ms, used_size=4233216 bytes (10.3%)
(RDMA_READ_CONSUME_CHECK_CONSUMER) timestamp=5089 ms, used_size=4231168 bytes (10.3%)
(RDMA_READ_CONSUME_CHECK_CONSUMER) timestamp=5089 ms, used_size=4229120 bytes (10.3%)
(RDMA_READ_CONSUME_CHECK_CONSUMER) timestamp=5089 ms, used_size=4227072 bytes (10.3%)
(RDMA_READ_CONSUME_CHECK_CONSUMER) timestamp=5089 ms, used_size=4225024 bytes (10.3%)
(RDMA_READ_CONSUME_CHECK_CONSUMER) timestamp=5089 ms, used_size=4222976 bytes (10.3%)
(RDMA_READ_CONSUME_CHECK_CONSUMER) timestamp=5089 ms, used_size=4220928 bytes (10.3%)
(RDMA_READ_CONSUME_CHECK_CONSUMER) timestamp=5089 ms, used_size=4218880 bytes (10.3%)
(RDMA_READ_CONSUME_CHECK_CONSUMER) timestamp=5089 ms, used_size=4216832 bytes (10.3%)
(RDMA_READ_CONSUME_CHECK_CONSUMER) timestamp=5089 ms, used_size=4214784 bytes (10.3%)
(RDMA_READ_CONSUME_CHECK_CONSUMER) timestamp=5089 ms, used_size=4212736 bytes (10.3%)
(RDMA_READ_CONSUME_CHECK_CONSUMER) timestamp=5089 ms, used_size=4210688 bytes (10.3%)
(RDMA_READ_CONSUME_CHECK_CONSUMER) timestamp=5089 ms, used_size=4208640 bytes (10.3%)
(RDMA_READ_CONSUME_CHECK_CONSUMER) timestamp=5089 ms, used_size=4206592 bytes (10.3%)
(RDMA_READ_CONSUME_CHECK_CONSUMER) timestamp=5089 ms, used_size=4204544 bytes (10.3%)
(RDMA_READ_CONSUME_CHECK_CONSUMER) timestamp=5089 ms, used_size=4202496 bytes (10.3%)
(RDMA_READ_CONSUME_CHECK_CONSUMER) timestamp=5089 ms, used_size=4200448 bytes (10.3%)
(RDMA_READ_CONSUME_CHECK_CONSUMER) timestamp=5089 ms, used_size=4198400 bytes (10.2%)
(RDMA_READ_CONSUME_CHECK_CONSUMER) timestamp=5089 ms, used_size=4196352 bytes (10.2%)
(RDMA_READ_CONSUME_CHECK_CONSUMER) timestamp=5089 ms, used_size=4194304 bytes (10.2%)
(RDMA_READ_CONSUME_CHECK_CONSUMER) timestamp=5089 ms, used_size=4192256 bytes (10.2%)
(RDMA_READ_CONSUME_CHECK_CONSUMER) timestamp=5089 ms, used_size=4190208 bytes (10.2%)
(RDMA_READ_CONSUME_CHECK_CONSUMER) timestamp=5089 ms, used_size=4188160 bytes (10.2%)
(RDMA_READ_CONSUME_CHECK_CONSUMER) timestamp=5089 ms, used_size=4186112 bytes (10.2%)
(RDMA_READ_CONSUME_CHECK_CONSUMER) timestamp=5089 ms, used_size=4184064 bytes (10.2%)
(RDMA_READ_CONSUME_CHECK_CONSUMER) timestamp=5089 ms, used_size=4182016 bytes (10.2%)
(RDMA_READ_CONSUME_CHECK_CONSUMER) timestamp=5089 ms, used_size=4179968 bytes (10.2%)
(RDMA_READ_CONSUME_CHECK_CONSUMER) timestamp=5089 ms, used_size=4177920 bytes (10.2%)
(RDMA_READ_CONSUME_CHECK_CONSUMER) timestamp=5089 ms, used_size=4175872 bytes (10.2%)
(RDMA_READ_CONSUME_CHECK_CONSUMER) timestamp=5089 ms, used_size=4173824 bytes (10.2%)
(RDMA_READ_CONSUME_CHECK_CONSUMER) timestamp=5089 ms, used_size=4171776 bytes (10.2%)
(RDMA_READ_CONSUME_CHECK_CONSUMER) timestamp=5089 ms, used_size=4169728 bytes (10.2%)
(RDMA_READ_CONSUME_CHECK_CONSUMER) timestamp=5089 ms, used_size=4167680 bytes (10.2%)
(RDMA_READ_CONSUME_CHECK_CONSUMER) timestamp=5089 ms, used_size=4165632 bytes (10.2%)
(RDMA_READ_CONSUME_CHECK_CONSUMER) timestamp=5089 ms, used_size=4163584 bytes (10.2%)
(RDMA_READ_CONSUME_CHECK_CONSUMER) timestamp=5089 ms, used_size=4161536 bytes (10.2%)
(RDMA_READ_CONSUME_CHECK_CONSUMER) timestamp=5089 ms, used_size=4159488 bytes (10.2%)
(RDMA_READ_CONSUME_CHECK_CONSUMER) timestamp=5089 ms, used_size=4157440 bytes (10.2%)
(RDMA_READ_CONSUME_CHECK_CONSUMER) timestamp=5089 ms, used_size=4155392 bytes (10.1%)
(RDMA_READ_CONSUME_CHECK_CONSUMER) timestamp=5089 ms, used_size=4153344 bytes (10.1%)
(RDMA_READ_CONSUME_CHECK_CONSUMER) timestamp=5089 ms, used_size=4151296 bytes (10.1%)
(RDMA_READ_CONSUME_CHECK_CONSUMER) timestamp=5089 ms, used_size=4149248 bytes (10.1%)
(RDMA_READ_CONSUME_CHECK_CONSUMER) timestamp=5089 ms, used_size=4147200 bytes (10.1%)
(RDMA_READ_CONSUME_CHECK_CONSUMER) timestamp=5089 ms, used_size=4145152 bytes (10.1%)
(RDMA_READ_CONSUME_CHECK_CONSUMER) timestamp=5089 ms, used_size=4143104 bytes (10.1%)
(RDMA_READ_CONSUME_CHECK_CONSUMER) timestamp=5089 ms, used_size=4141056 bytes (10.1%)
(RDMA_READ_CONSUME_CHECK_CONSUMER) timestamp=5089 ms, used_size=4139008 bytes (10.1%)
(RDMA_READ_CONSUME_CHECK_CONSUMER) timestamp=5089 ms, used_size=4136960 bytes (10.1%)
(RDMA_READ_CONSUME_CHECK_CONSUMER) timestamp=5089 ms, used_size=4134912 bytes (10.1%)
(RDMA_READ_CONSUME_CHECK_CONSUMER) timestamp=5089 ms, used_size=4132864 bytes (10.1%)
(RDMA_READ_CONSUME_CHECK_CONSUMER) timestamp=5089 ms, used_size=4130816 bytes (10.1%)
(RDMA_READ_CONSUME_CHECK_CONSUMER) timestamp=5089 ms, used_size=4128768 bytes (10.1%)
(RDMA_READ_CONSUME_CHECK_CONSUMER) timestamp=5089 ms, used_size=4126720 bytes (10.1%)
(RDMA_READ_CONSUME_CHECK_CONSUMER) timestamp=5089 ms, used_size=4124672 bytes (10.1%)
(RDMA_READ_CONSUME_CHECK_CONSUMER) timestamp=5089 ms, used_size=4122624 bytes (10.1%)
(RDMA_READ_CONSUME_CHECK_CONSUMER) timestamp=5089 ms, used_size=4120576 bytes (10.1%)
(RDMA_READ_CONSUME_CHECK_CONSUMER) timestamp=5089 ms, used_size=4118528 bytes (10.1%)
(RDMA_READ_CONSUME_CHECK_CONSUMER) timestamp=5089 ms, used_size=4116480 bytes (10.1%)
(RDMA_READ_CONSUME_CHECK_CONSUMER) timestamp=5089 ms, used_size=4114432 bytes (10.0%)
(RDMA_READ_CONSUME_CHECK_CONSUMER) timestamp=5089 ms, used_size=4112384 bytes (10.0%)
(RDMA_READ_CONSUME_CHECK_CONSUMER) timestamp=5089 ms, used_size=4110336 bytes (10.0%)
(RDMA_READ_CONSUME_CHECK_CONSUMER) timestamp=5089 ms, used_size=4108288 bytes (10.0%)
(RDMA_READ_CONSUME_CHECK_CONSUMER) timestamp=5089 ms, used_size=4106240 bytes (10.0%)
(RDMA_READ_CONSUME_CHECK_CONSUMER) timestamp=5089 ms, used_size=4104192 bytes (10.0%)
(RDMA_READ_CONSUME_CHECK_CONSUMER) timestamp=5089 ms, used_size=4102144 bytes (10.0%)
(RDMA_READ_CONSUME_CHECK_CONSUMER) timestamp=5089 ms, used_size=4100096 bytes (10.0%)
(RDMA_READ_CONSUME_CHECK_CONSUMER) timestamp=5089 ms, used_size=4098048 bytes (10.0%)
(RDMA_READ_CONSUME_CHECK_CONSUMER) timestamp=5089 ms, used_size=4096000 bytes (10.0%)
(RDMA_READ_CONSUME_CHECK_CONSUMER) timestamp=5090 ms, used_size=4093952 bytes (10.0%)
(RDMA_READ_CONSUME_CHECK_CONSUMER) timestamp=5090 ms, used_size=4091904 bytes (10.0%)
(RDMA_READ_CONSUME_CHECK_CONSUMER) timestamp=5090 ms, used_size=4089856 bytes (10.0%)
(RDMA_READ_CONSUME_CHECK_CONSUMER) timestamp=5090 ms, used_size=4087808 bytes (10.0%)
(RDMA_READ_CONSUME_CHECK_CONSUMER) timestamp=5090 ms, used_size=4085760 bytes (10.0%)
(RDMA_READ_CONSUME_CHECK_CONSUMER) timestamp=5090 ms, used_size=4083712 bytes (10.0%)
(RDMA_READ_CONSUME_CHECK_CONSUMER) timestamp=5090 ms, used_size=4081664 bytes (10.0%)
(RDMA_READ_CONSUME_CHECK_CONSUMER) timestamp=5090 ms, used_size=4079616 bytes (10.0%)
(RDMA_READ_CONSUME_CHECK_CONSUMER) timestamp=5090 ms, used_size=4077568 bytes (10.0%)
(RDMA_READ_CONSUME_CHECK_CONSUMER) timestamp=5090 ms, used_size=4075520 bytes (9.9%)
(RDMA_READ_CONSUME_CHECK_CONSUMER) timestamp=5090 ms, used_size=4073472 bytes (9.9%)
(RDMA_READ_CONSUME_CHECK_CONSUMER) timestamp=5090 ms, used_size=4071424 bytes (9.9%)
(RDMA_READ_CONSUME_CHECK_CONSUMER) timestamp=5090 ms, used_size=4069376 bytes (9.9%)
(RDMA_READ_CONSUME_CHECK_CONSUMER) timestamp=5090 ms, used_size=4067328 bytes (9.9%)
(RDMA_READ_CONSUME_CHECK_CONSUMER) timestamp=5090 ms, used_size=4065280 bytes (9.9%)
(RDMA_READ_CONSUME_CHECK_CONSUMER) timestamp=5090 ms, used_size=4063232 bytes (9.9%)
(RDMA_READ_CONSUME_CHECK_CONSUMER) timestamp=5090 ms, used_size=4061184 bytes (9.9%)
(RDMA_READ_CONSUME_CHECK_CONSUMER) timestamp=5090 ms, used_size=4059136 bytes (9.9%)
(RDMA_READ_CONSUME_CHECK_CONSUMER) timestamp=5090 ms, used_size=4057088 bytes (9.9%)
(RDMA_READ_CONSUME_CHECK_CONSUMER) timestamp=5090 ms, used_size=4055040 bytes (9.9%)
(RDMA_READ_CONSUME_CHECK_CONSUMER) timestamp=5090 ms, used_size=4052992 bytes (9.9%)
(RDMA_READ_CONSUME_CHECK_CONSUMER) timestamp=5090 ms, used_size=4050944 bytes (9.9%)
(RDMA_READ_CONSUME_CHECK_CONSUMER) timestamp=5090 ms, used_size=4048896 bytes (9.9%)
(RDMA_READ_CONSUME_CHECK_CONSUMER) timestamp=5090 ms, used_size=4046848 bytes (9.9%)
(RDMA_READ_CONSUME_CHECK_CONSUMER) timestamp=5090 ms, used_size=4044800 bytes (9.9%)
(RDMA_READ_CONSUME_CHECK_CONSUMER) timestamp=5090 ms, used_size=4042752 bytes (9.9%)
(RDMA_READ_CONSUME_CHECK_CONSUMER) timestamp=5090 ms, used_size=4040704 bytes (9.9%)
(RDMA_READ_CONSUME_CHECK_CONSUMER) timestamp=5090 ms, used_size=4038656 bytes (9.9%)
(RDMA_READ_CONSUME_CHECK_CONSUMER) timestamp=5090 ms, used_size=4036608 bytes (9.9%)
(RDMA_READ_CONSUME_CHECK_CONSUMER) timestamp=5090 ms, used_size=4034560 bytes (9.8%)
(RDMA_READ_CONSUME_CHECK_CONSUMER) timestamp=5090 ms, used_size=4032512 bytes (9.8%)
(RDMA_READ_CONSUME_CHECK_CONSUMER) timestamp=5090 ms, used_size=4030464 bytes (9.8%)
(RDMA_READ_CONSUME_CHECK_CONSUMER) timestamp=5090 ms, used_size=4028416 bytes (9.8%)
(RDMA_READ_CONSUME_CHECK_CONSUMER) timestamp=5090 ms, used_size=4026368 bytes (9.8%)
(RDMA_READ_CONSUME_CHECK_CONSUMER) timestamp=5090 ms, used_size=4024320 bytes (9.8%)
(RDMA_READ_CONSUME_CHECK_CONSUMER) timestamp=5090 ms, used_size=4022272 bytes (9.8%)
(RDMA_READ_CONSUME_CHECK_CONSUMER) timestamp=5090 ms, used_size=4020224 bytes (9.8%)
(RDMA_READ_CONSUME_CHECK_CONSUMER) timestamp=5090 ms, used_size=4018176 bytes (9.8%)
(RDMA_READ_CONSUME_CHECK_CONSUMER) timestamp=5090 ms, used_size=4016128 bytes (9.8%)
(RDMA_READ_CONSUME_CHECK_CONSUMER) timestamp=5090 ms, used_size=4014080 bytes (9.8%)
(RDMA_READ_CONSUME_CHECK_CONSUMER) timestamp=5090 ms, used_size=4012032 bytes (9.8%)
(RDMA_READ_CONSUME_CHECK_CONSUMER) timestamp=5090 ms, used_size=4009984 bytes (9.8%)
(RDMA_READ_CONSUME_CHECK_CONSUMER) timestamp=5090 ms, used_size=4007936 bytes (9.8%)
(RDMA_READ_CONSUME_CHECK_CONSUMER) timestamp=5090 ms, used_size=4005888 bytes (9.8%)
(RDMA_READ_CONSUME_CHECK_CONSUMER) timestamp=5090 ms, used_size=4003840 bytes (9.8%)
(RDMA_READ_CONSUME_CHECK_CONSUMER) timestamp=5090 ms, used_size=4001792 bytes (9.8%)
(RDMA_READ_CONSUME_CHECK_CONSUMER) timestamp=5090 ms, used_size=3999744 bytes (9.8%)
(RDMA_READ_CONSUME_CHECK_CONSUMER) timestamp=5090 ms, used_size=3997696 bytes (9.8%)
(RDMA_READ_CONSUME_CHECK_CONSUMER) timestamp=5090 ms, used_size=3995648 bytes (9.8%)
(RDMA_READ_CONSUME_CHECK_CONSUMER) timestamp=5090 ms, used_size=3993600 bytes (9.8%)
(RDMA_READ_CONSUME_CHECK_CONSUMER) timestamp=5090 ms, used_size=3991552 bytes (9.7%)
(RDMA_READ_CONSUME_CHECK_CONSUMER) timestamp=5090 ms, used_size=3989504 bytes (9.7%)
(RDMA_READ_CONSUME_CHECK_CONSUMER) timestamp=5090 ms, used_size=3987456 bytes (9.7%)
(RDMA_READ_CONSUME_CHECK_CONSUMER) timestamp=5090 ms, used_size=3985408 bytes (9.7%)
(RDMA_READ_CONSUME_CHECK_CONSUMER) timestamp=5090 ms, used_size=3983360 bytes (9.7%)
(RDMA_READ_CONSUME_CHECK_CONSUMER) timestamp=5090 ms, used_size=3981312 bytes (9.7%)
(RDMA_READ_CONSUME_CHECK_CONSUMER) timestamp=5090 ms, used_size=3979264 bytes (9.7%)
(RDMA_READ_CONSUME_CHECK_CONSUMER) timestamp=5090 ms, used_size=3977216 bytes (9.7%)
(RDMA_READ_CONSUME_CHECK_CONSUMER) timestamp=5090 ms, used_size=3975168 bytes (9.7%)
(RDMA_READ_CONSUME_CHECK_CONSUMER) timestamp=5090 ms, used_size=3973120 bytes (9.7%)
(RDMA_READ_CONSUME_CHECK_CONSUMER) timestamp=5090 ms, used_size=3971072 bytes (9.7%)
(RDMA_READ_CONSUME_CHECK_CONSUMER) timestamp=5090 ms, used_size=3969024 bytes (9.7%)
(RDMA_READ_CONSUME_CHECK_CONSUMER) timestamp=5090 ms, used_size=3966976 bytes (9.7%)
(RDMA_READ_CONSUME_CHECK_CONSUMER) timestamp=5090 ms, used_size=3964928 bytes (9.7%)
(RDMA_READ_CONSUME_CHECK_CONSUMER) timestamp=5090 ms, used_size=3962880 bytes (9.7%)
(RDMA_READ_CONSUME_CHECK_CONSUMER) timestamp=5090 ms, used_size=3960832 bytes (9.7%)
(RDMA_READ_CONSUME_CHECK_CONSUMER) timestamp=5090 ms, used_size=3958784 bytes (9.7%)
(RDMA_READ_CONSUME_CHECK_CONSUMER) timestamp=5090 ms, used_size=3956736 bytes (9.7%)
(RDMA_READ_CONSUME_CHECK_CONSUMER) timestamp=5090 ms, used_size=3954688 bytes (9.7%)
(RDMA_READ_CONSUME_CHECK_CONSUMER) timestamp=5090 ms, used_size=3952640 bytes (9.7%)
(RDMA_READ_CONSUME_CHECK_CONSUMER) timestamp=5090 ms, used_size=3950592 bytes (9.6%)
(RDMA_READ_CONSUME_CHECK_CONSUMER) timestamp=5090 ms, used_size=3948544 bytes (9.6%)
(RDMA_READ_CONSUME_CHECK_CONSUMER) timestamp=5090 ms, used_size=3946496 bytes (9.6%)
(RDMA_READ_CONSUME_CHECK_CONSUMER) timestamp=5090 ms, used_size=3944448 bytes (9.6%)
(RDMA_READ_CONSUME_CHECK_CONSUMER) timestamp=5090 ms, used_size=3942400 bytes (9.6%)
(RDMA_READ_CONSUME_CHECK_CONSUMER) timestamp=5090 ms, used_size=3940352 bytes (9.6%)
(RDMA_READ_CONSUME_CHECK_CONSUMER) timestamp=5090 ms, used_size=3938304 bytes (9.6%)
(RDMA_READ_CONSUME_CHECK_CONSUMER) timestamp=5090 ms, used_size=3936256 bytes (9.6%)
(RDMA_READ_CONSUME_CHECK_CONSUMER) timestamp=5090 ms, used_size=3934208 bytes (9.6%)
(RDMA_READ_CONSUME_CHECK_CONSUMER) timestamp=5090 ms, used_size=3932160 bytes (9.6%)
(RDMA_READ_CONSUME_CHECK_CONSUMER) timestamp=5090 ms, used_size=3930112 bytes (9.6%)
(RDMA_READ_CONSUME_CHECK_CONSUMER) timestamp=5090 ms, used_size=3928064 bytes (9.6%)
(RDMA_READ_CONSUME_CHECK_CONSUMER) timestamp=5090 ms, used_size=3926016 bytes (9.6%)
(RDMA_READ_CONSUME_CHECK_CONSUMER) timestamp=5090 ms, used_size=3923968 bytes (9.6%)
(RDMA_READ_CONSUME_CHECK_CONSUMER) timestamp=5090 ms, used_size=3921920 bytes (9.6%)
(RDMA_READ_CONSUME_CHECK_CONSUMER) timestamp=5090 ms, used_size=3919872 bytes (9.6%)
(RDMA_READ_CONSUME_CHECK_CONSUMER) timestamp=5090 ms, used_size=3917824 bytes (9.6%)
(RDMA_READ_CONSUME_CHECK_CONSUMER) timestamp=5090 ms, used_size=3915776 bytes (9.6%)
(RDMA_READ_CONSUME_CHECK_CONSUMER) timestamp=5090 ms, used_size=3913728 bytes (9.6%)
(RDMA_READ_CONSUME_CHECK_CONSUMER) timestamp=5090 ms, used_size=3911680 bytes (9.6%)
(RDMA_READ_CONSUME_CHECK_CONSUMER) timestamp=5090 ms, used_size=3909632 bytes (9.5%)
(RDMA_READ_CONSUME_CHECK_CONSUMER) timestamp=5090 ms, used_size=3907584 bytes (9.5%)
(RDMA_READ_CONSUME_CHECK_CONSUMER) timestamp=5090 ms, used_size=3905536 bytes (9.5%)
(RDMA_READ_CONSUME_CHECK_CONSUMER) timestamp=5090 ms, used_size=3903488 bytes (9.5%)
(RDMA_READ_CONSUME_CHECK_CONSUMER) timestamp=5090 ms, used_size=3901440 bytes (9.5%)
(RDMA_READ_CONSUME_CHECK_CONSUMER) timestamp=5090 ms, used_size=3899392 bytes (9.5%)
(RDMA_READ_CONSUME_CHECK_CONSUMER) timestamp=5090 ms, used_size=3897344 bytes (9.5%)
(RDMA_READ_CONSUME_CHECK_CONSUMER) timestamp=5090 ms, used_size=3895296 bytes (9.5%)
(RDMA_READ_CONSUME_CHECK_CONSUMER) timestamp=5090 ms, used_size=3893248 bytes (9.5%)
(RDMA_READ_CONSUME_CHECK_CONSUMER) timestamp=5090 ms, used_size=3891200 bytes (9.5%)
(RDMA_READ_CONSUME_CHECK_CONSUMER) timestamp=5090 ms, used_size=3889152 bytes (9.5%)
(RDMA_READ_CONSUME_CHECK_CONSUMER) timestamp=5090 ms, used_size=3887104 bytes (9.5%)
(RDMA_READ_CONSUME_CHECK_CONSUMER) timestamp=5090 ms, used_size=3885056 bytes (9.5%)
(RDMA_READ_CONSUME_CHECK_CONSUMER) timestamp=5090 ms, used_size=3883008 bytes (9.5%)
(RDMA_READ_CONSUME_CHECK_CONSUMER) timestamp=5090 ms, used_size=3880960 bytes (9.5%)
(RDMA_READ_CONSUME_CHECK_CONSUMER) timestamp=5090 ms, used_size=3878912 bytes (9.5%)
(RDMA_READ_CONSUME_CHECK_CONSUMER) timestamp=5090 ms, used_size=3876864 bytes (9.5%)
(RDMA_READ_CONSUME_CHECK_CONSUMER) timestamp=5090 ms, used_size=3874816 bytes (9.5%)
(RDMA_READ_CONSUME_CHECK_CONSUMER) timestamp=5090 ms, used_size=3872768 bytes (9.5%)
(RDMA_READ_CONSUME_CHECK_CONSUMER) timestamp=5090 ms, used_size=3870720 bytes (9.4%)
(RDMA_READ_CONSUME_CHECK_CONSUMER) timestamp=5090 ms, used_size=3868672 bytes (9.4%)
(RDMA_READ_CONSUME_CHECK_CONSUMER) timestamp=5090 ms, used_size=3866624 bytes (9.4%)
(RDMA_READ_CONSUME_CHECK_CONSUMER) timestamp=5090 ms, used_size=3864576 bytes (9.4%)
(RDMA_READ_CONSUME_CHECK_CONSUMER) timestamp=5090 ms, used_size=3862528 bytes (9.4%)
(RDMA_READ_CONSUME_CHECK_CONSUMER) timestamp=5090 ms, used_size=3860480 bytes (9.4%)
(RDMA_READ_CONSUME_CHECK_CONSUMER) timestamp=5090 ms, used_size=3858432 bytes (9.4%)
(RDMA_READ_CONSUME_CHECK_CONSUMER) timestamp=5090 ms, used_size=3856384 bytes (9.4%)
(RDMA_READ_CONSUME_CHECK_CONSUMER) timestamp=5090 ms, used_size=3854336 bytes (9.4%)
(RDMA_READ_CONSUME_CHECK_CONSUMER) timestamp=5090 ms, used_size=3852288 bytes (9.4%)
(RDMA_READ_CONSUME_CHECK_CONSUMER) timestamp=5090 ms, used_size=3850240 bytes (9.4%)
(RDMA_READ_CONSUME_CHECK_CONSUMER) timestamp=5090 ms, used_size=3848192 bytes (9.4%)
(RDMA_READ_CONSUME_CHECK_CONSUMER) timestamp=5090 ms, used_size=3846144 bytes (9.4%)
(RDMA_READ_CONSUME_CHECK_CONSUMER) timestamp=5090 ms, used_size=3844096 bytes (9.4%)
(RDMA_READ_CONSUME_CHECK_CONSUMER) timestamp=5090 ms, used_size=3842048 bytes (9.4%)
(RDMA_READ_CONSUME_CHECK_CONSUMER) timestamp=5090 ms, used_size=3840000 bytes (9.4%)
(RDMA_READ_CONSUME_CHECK_CONSUMER) timestamp=5090 ms, used_size=3837952 bytes (9.4%)
(RDMA_READ_CONSUME_CHECK_CONSUMER) timestamp=5090 ms, used_size=3835904 bytes (9.4%)
(RDMA_READ_CONSUME_CHECK_CONSUMER) timestamp=5090 ms, used_size=3833856 bytes (9.4%)
(RDMA_READ_CONSUME_CHECK_CONSUMER) timestamp=5090 ms, used_size=3831808 bytes (9.4%)
(RDMA_READ_CONSUME_CHECK_CONSUMER) timestamp=5090 ms, used_size=3829760 bytes (9.3%)
(RDMA_READ_CONSUME_CHECK_CONSUMER) timestamp=5090 ms, used_size=3827712 bytes (9.3%)
(RDMA_READ_CONSUME_CHECK_CONSUMER) timestamp=5090 ms, used_size=3825664 bytes (9.3%)
(RDMA_READ_CONSUME_CHECK_CONSUMER) timestamp=5090 ms, used_size=3823616 bytes (9.3%)
(RDMA_READ_CONSUME_CHECK_CONSUMER) timestamp=5090 ms, used_size=3821568 bytes (9.3%)
(RDMA_READ_CONSUME_CHECK_CONSUMER) timestamp=5090 ms, used_size=3819520 bytes (9.3%)
(RDMA_READ_CONSUME_CHECK_CONSUMER) timestamp=5090 ms, used_size=3817472 bytes (9.3%)
(RDMA_READ_CONSUME_CHECK_CONSUMER) timestamp=5090 ms, used_size=3815424 bytes (9.3%)
(RDMA_READ_CONSUME_CHECK_CONSUMER) timestamp=5090 ms, used_size=3813376 bytes (9.3%)
(RDMA_READ_CONSUME_CHECK_CONSUMER) timestamp=5090 ms, used_size=3811328 bytes (9.3%)
(RDMA_READ_CONSUME_CHECK_CONSUMER) timestamp=5090 ms, used_size=3809280 bytes (9.3%)
(RDMA_READ_CONSUME_CHECK_CONSUMER) timestamp=5090 ms, used_size=3807232 bytes (9.3%)
(RDMA_READ_CONSUME_CHECK_CONSUMER) timestamp=5090 ms, used_size=3805184 bytes (9.3%)
(RDMA_READ_CONSUME_CHECK_CONSUMER) timestamp=5090 ms, used_size=3803136 bytes (9.3%)
(RDMA_READ_CONSUME_CHECK_CONSUMER) timestamp=5090 ms, used_size=3801088 bytes (9.3%)
(RDMA_READ_CONSUME_CHECK_CONSUMER) timestamp=5090 ms, used_size=3799040 bytes (9.3%)
(RDMA_READ_CONSUME_CHECK_CONSUMER) timestamp=5090 ms, used_size=3796992 bytes (9.3%)
(RDMA_READ_CONSUME_CHECK_CONSUMER) timestamp=5090 ms, used_size=3794944 bytes (9.3%)
(RDMA_READ_CONSUME_CHECK_CONSUMER) timestamp=5090 ms, used_size=3792896 bytes (9.3%)
(RDMA_READ_CONSUME_CHECK_CONSUMER) timestamp=5090 ms, used_size=3790848 bytes (9.3%)
(RDMA_READ_CONSUME_CHECK_CONSUMER) timestamp=5090 ms, used_size=3788800 bytes (9.2%)
(RDMA_READ_CONSUME_CHECK_CONSUMER) timestamp=5090 ms, used_size=3786752 bytes (9.2%)
(RDMA_READ_CONSUME_CHECK_CONSUMER) timestamp=5091 ms, used_size=3784704 bytes (9.2%)
(RDMA_READ_CONSUME_CHECK_CONSUMER) timestamp=5091 ms, used_size=3782656 bytes (9.2%)
(RDMA_READ_CONSUME_CHECK_CONSUMER) timestamp=5091 ms, used_size=3780608 bytes (9.2%)
(RDMA_READ_CONSUME_CHECK_CONSUMER) timestamp=5091 ms, used_size=3778560 bytes (9.2%)
(RDMA_READ_CONSUME_CHECK_CONSUMER) timestamp=5091 ms, used_size=3776512 bytes (9.2%)
(RDMA_READ_CONSUME_CHECK_CONSUMER) timestamp=5091 ms, used_size=3774464 bytes (9.2%)
(RDMA_READ_CONSUME_CHECK_CONSUMER) timestamp=5091 ms, used_size=3772416 bytes (9.2%)
(RDMA_READ_CONSUME_CHECK_CONSUMER) timestamp=5091 ms, used_size=3770368 bytes (9.2%)
(RDMA_READ_CONSUME_CHECK_CONSUMER) timestamp=5091 ms, used_size=3768320 bytes (9.2%)
(RDMA_READ_CONSUME_CHECK_CONSUMER) timestamp=5091 ms, used_size=3766272 bytes (9.2%)
(RDMA_READ_CONSUME_CHECK_CONSUMER) timestamp=5091 ms, used_size=3764224 bytes (9.2%)
(RDMA_READ_CONSUME_CHECK_CONSUMER) timestamp=5091 ms, used_size=3762176 bytes (9.2%)
(RDMA_READ_CONSUME_CHECK_CONSUMER) timestamp=5091 ms, used_size=3760128 bytes (9.2%)
(RDMA_READ_CONSUME_CHECK_CONSUMER) timestamp=5091 ms, used_size=3758080 bytes (9.2%)
(RDMA_READ_CONSUME_CHECK_CONSUMER) timestamp=5091 ms, used_size=3756032 bytes (9.2%)
(RDMA_READ_CONSUME_CHECK_CONSUMER) timestamp=5091 ms, used_size=3753984 bytes (9.2%)
(RDMA_READ_CONSUME_CHECK_CONSUMER) timestamp=5091 ms, used_size=3751936 bytes (9.2%)
(RDMA_READ_CONSUME_CHECK_CONSUMER) timestamp=5091 ms, used_size=3749888 bytes (9.2%)
(RDMA_READ_CONSUME_CHECK_CONSUMER) timestamp=5091 ms, used_size=3747840 bytes (9.2%)
(RDMA_READ_CONSUME_CHECK_CONSUMER) timestamp=5091 ms, used_size=3745792 bytes (9.1%)
(RDMA_READ_CONSUME_CHECK_CONSUMER) timestamp=5091 ms, used_size=3743744 bytes (9.1%)
(RDMA_READ_CONSUME_CHECK_CONSUMER) timestamp=5091 ms, used_size=3741696 bytes (9.1%)
(RDMA_READ_CONSUME_CHECK_CONSUMER) timestamp=5091 ms, used_size=3739648 bytes (9.1%)
(RDMA_READ_CONSUME_CHECK_CONSUMER) timestamp=5091 ms, used_size=3737600 bytes (9.1%)
(RDMA_READ_CONSUME_CHECK_CONSUMER) timestamp=5091 ms, used_size=3735552 bytes (9.1%)
(RDMA_READ_CONSUME_CHECK_CONSUMER) timestamp=5091 ms, used_size=3733504 bytes (9.1%)
(RDMA_READ_CONSUME_CHECK_CONSUMER) timestamp=5091 ms, used_size=3731456 bytes (9.1%)
(RDMA_READ_CONSUME_CHECK_CONSUMER) timestamp=5091 ms, used_size=3729408 bytes (9.1%)
(RDMA_READ_CONSUME_CHECK_CONSUMER) timestamp=5091 ms, used_size=3727360 bytes (9.1%)
(RDMA_READ_CONSUME_CHECK_CONSUMER) timestamp=5091 ms, used_size=3725312 bytes (9.1%)
(RDMA_READ_CONSUME_CHECK_CONSUMER) timestamp=5091 ms, used_size=3723264 bytes (9.1%)
(RDMA_READ_CONSUME_CHECK_CONSUMER) timestamp=5091 ms, used_size=3721216 bytes (9.1%)
(RDMA_READ_CONSUME_CHECK_CONSUMER) timestamp=5091 ms, used_size=3719168 bytes (9.1%)
(RDMA_READ_CONSUME_CHECK_CONSUMER) timestamp=5091 ms, used_size=3717120 bytes (9.1%)
(RDMA_READ_CONSUME_CHECK_CONSUMER) timestamp=5091 ms, used_size=3715072 bytes (9.1%)
(RDMA_READ_CONSUME_CHECK_CONSUMER) timestamp=5091 ms, used_size=3713024 bytes (9.1%)
(RDMA_READ_CONSUME_CHECK_CONSUMER) timestamp=5091 ms, used_size=3710976 bytes (9.1%)
(RDMA_READ_CONSUME_CHECK_CONSUMER) timestamp=5091 ms, used_size=3708928 bytes (9.1%)
(RDMA_READ_CONSUME_CHECK_CONSUMER) timestamp=5091 ms, used_size=3706880 bytes (9.1%)
(RDMA_READ_CONSUME_CHECK_CONSUMER) timestamp=5091 ms, used_size=3704832 bytes (9.0%)
(RDMA_READ_CONSUME_CHECK_CONSUMER) timestamp=5091 ms, used_size=3702784 bytes (9.0%)
(RDMA_READ_CONSUME_CHECK_CONSUMER) timestamp=5091 ms, used_size=3700736 bytes (9.0%)
(RDMA_READ_CONSUME_CHECK_CONSUMER) timestamp=5091 ms, used_size=3698688 bytes (9.0%)
(RDMA_READ_CONSUME_CHECK_CONSUMER) timestamp=5091 ms, used_size=3696640 bytes (9.0%)
(RDMA_READ_CONSUME_CHECK_CONSUMER) timestamp=5091 ms, used_size=3694592 bytes (9.0%)
(RDMA_READ_CONSUME_CHECK_CONSUMER) timestamp=5091 ms, used_size=3692544 bytes (9.0%)
(RDMA_READ_CONSUME_CHECK_CONSUMER) timestamp=5091 ms, used_size=3690496 bytes (9.0%)
(RDMA_READ_CONSUME_CHECK_CONSUMER) timestamp=5091 ms, used_size=3688448 bytes (9.0%)
(RDMA_READ_CONSUME_CHECK_CONSUMER) timestamp=5091 ms, used_size=3686400 bytes (9.0%)
(RDMA_READ_CONSUME_CHECK_CONSUMER) timestamp=5091 ms, used_size=3684352 bytes (9.0%)
(RDMA_READ_CONSUME_CHECK_CONSUMER) timestamp=5091 ms, used_size=3682304 bytes (9.0%)
(RDMA_READ_CONSUME_CHECK_CONSUMER) timestamp=5091 ms, used_size=3680256 bytes (9.0%)
(RDMA_READ_CONSUME_CHECK_CONSUMER) timestamp=5091 ms, used_size=3678208 bytes (9.0%)
(RDMA_READ_CONSUME_CHECK_CONSUMER) timestamp=5091 ms, used_size=3676160 bytes (9.0%)
(RDMA_READ_CONSUME_CHECK_CONSUMER) timestamp=5091 ms, used_size=3674112 bytes (9.0%)
(RDMA_READ_CONSUME_CHECK_CONSUMER) timestamp=5091 ms, used_size=3672064 bytes (9.0%)
(RDMA_READ_CONSUME_CHECK_CONSUMER) timestamp=5091 ms, used_size=3670016 bytes (9.0%)
(RDMA_READ_CONSUME_CHECK_CONSUMER) timestamp=5091 ms, used_size=3667968 bytes (9.0%)
(RDMA_READ_CONSUME_CHECK_CONSUMER) timestamp=5091 ms, used_size=3665920 bytes (8.9%)
(RDMA_READ_CONSUME_CHECK_CONSUMER) timestamp=5091 ms, used_size=3663872 bytes (8.9%)
(RDMA_READ_CONSUME_CHECK_CONSUMER) timestamp=5091 ms, used_size=3661824 bytes (8.9%)
(RDMA_READ_CONSUME_CHECK_CONSUMER) timestamp=5091 ms, used_size=3659776 bytes (8.9%)
(RDMA_READ_CONSUME_CHECK_CONSUMER) timestamp=5091 ms, used_size=3657728 bytes (8.9%)
(RDMA_READ_CONSUME_CHECK_CONSUMER) timestamp=5091 ms, used_size=3655680 bytes (8.9%)
(RDMA_READ_CONSUME_CHECK_CONSUMER) timestamp=5091 ms, used_size=3653632 bytes (8.9%)
(RDMA_READ_CONSUME_CHECK_CONSUMER) timestamp=5091 ms, used_size=3651584 bytes (8.9%)
(RDMA_READ_CONSUME_CHECK_CONSUMER) timestamp=5091 ms, used_size=3649536 bytes (8.9%)
(RDMA_READ_CONSUME_CHECK_CONSUMER) timestamp=5091 ms, used_size=3647488 bytes (8.9%)
(RDMA_READ_CONSUME_CHECK_CONSUMER) timestamp=5091 ms, used_size=3645440 bytes (8.9%)
(RDMA_READ_CONSUME_CHECK_CONSUMER) timestamp=5091 ms, used_size=3643392 bytes (8.9%)
(RDMA_READ_CONSUME_CHECK_CONSUMER) timestamp=5091 ms, used_size=3641344 bytes (8.9%)
(RDMA_READ_CONSUME_CHECK_CONSUMER) timestamp=5091 ms, used_size=3639296 bytes (8.9%)
(RDMA_READ_CONSUME_CHECK_CONSUMER) timestamp=5091 ms, used_size=3637248 bytes (8.9%)
(RDMA_READ_CONSUME_CHECK_CONSUMER) timestamp=5091 ms, used_size=3635200 bytes (8.9%)
(RDMA_READ_CONSUME_CHECK_CONSUMER) timestamp=5091 ms, used_size=3633152 bytes (8.9%)
(RDMA_READ_CONSUME_CHECK_CONSUMER) timestamp=5091 ms, used_size=3631104 bytes (8.9%)
(RDMA_READ_CONSUME_CHECK_CONSUMER) timestamp=5091 ms, used_size=3629056 bytes (8.9%)
(RDMA_READ_CONSUME_CHECK_CONSUMER) timestamp=5091 ms, used_size=3627008 bytes (8.9%)
(RDMA_READ_CONSUME_CHECK_CONSUMER) timestamp=5091 ms, used_size=3624960 bytes (8.8%)
(RDMA_READ_CONSUME_CHECK_CONSUMER) timestamp=5091 ms, used_size=3622912 bytes (8.8%)
(RDMA_READ_CONSUME_CHECK_CONSUMER) timestamp=5091 ms, used_size=3620864 bytes (8.8%)
(RDMA_READ_CONSUME_CHECK_CONSUMER) timestamp=5091 ms, used_size=3618816 bytes (8.8%)
(RDMA_READ_CONSUME_CHECK_CONSUMER) timestamp=5091 ms, used_size=3616768 bytes (8.8%)
(RDMA_READ_CONSUME_CHECK_CONSUMER) timestamp=5091 ms, used_size=3614720 bytes (8.8%)
(RDMA_READ_CONSUME_CHECK_CONSUMER) timestamp=5091 ms, used_size=3612672 bytes (8.8%)
(RDMA_READ_CONSUME_CHECK_CONSUMER) timestamp=5091 ms, used_size=3610624 bytes (8.8%)
(RDMA_READ_CONSUME_CHECK_CONSUMER) timestamp=5091 ms, used_size=3608576 bytes (8.8%)
(RDMA_READ_CONSUME_CHECK_CONSUMER) timestamp=5091 ms, used_size=3606528 bytes (8.8%)
(RDMA_READ_CONSUME_CHECK_CONSUMER) timestamp=5091 ms, used_size=3604480 bytes (8.8%)
(RDMA_READ_CONSUME_CHECK_CONSUMER) timestamp=5091 ms, used_size=3602432 bytes (8.8%)
(RDMA_READ_CONSUME_CHECK_CONSUMER) timestamp=5091 ms, used_size=3600384 bytes (8.8%)
(RDMA_READ_CONSUME_CHECK_CONSUMER) timestamp=5091 ms, used_size=3598336 bytes (8.8%)
(RDMA_READ_CONSUME_CHECK_CONSUMER) timestamp=5091 ms, used_size=3596288 bytes (8.8%)
(RDMA_READ_CONSUME_CHECK_CONSUMER) timestamp=5091 ms, used_size=3594240 bytes (8.8%)
(RDMA_READ_CONSUME_CHECK_CONSUMER) timestamp=5091 ms, used_size=3592192 bytes (8.8%)
(RDMA_READ_CONSUME_CHECK_CONSUMER) timestamp=5091 ms, used_size=3590144 bytes (8.8%)
(RDMA_READ_CONSUME_CHECK_CONSUMER) timestamp=5091 ms, used_size=3588096 bytes (8.8%)
(RDMA_READ_CONSUME_CHECK_CONSUMER) timestamp=5091 ms, used_size=3586048 bytes (8.8%)
(RDMA_READ_CONSUME_CHECK_CONSUMER) timestamp=5091 ms, used_size=3584000 bytes (8.8%)
(RDMA_READ_CONSUME_CHECK_CONSUMER) timestamp=5091 ms, used_size=3581952 bytes (8.7%)
(RDMA_READ_CONSUME_CHECK_CONSUMER) timestamp=5091 ms, used_size=3579904 bytes (8.7%)
(RDMA_READ_CONSUME_CHECK_CONSUMER) timestamp=5091 ms, used_size=3577856 bytes (8.7%)
(RDMA_READ_CONSUME_CHECK_CONSUMER) timestamp=5091 ms, used_size=3575808 bytes (8.7%)
(RDMA_READ_CONSUME_CHECK_CONSUMER) timestamp=5091 ms, used_size=3573760 bytes (8.7%)
(RDMA_READ_CONSUME_CHECK_CONSUMER) timestamp=5091 ms, used_size=3571712 bytes (8.7%)
(RDMA_READ_CONSUME_CHECK_CONSUMER) timestamp=5091 ms, used_size=3569664 bytes (8.7%)
(RDMA_READ_CONSUME_CHECK_CONSUMER) timestamp=5091 ms, used_size=3567616 bytes (8.7%)
(RDMA_READ_CONSUME_CHECK_CONSUMER) timestamp=5091 ms, used_size=3565568 bytes (8.7%)
(RDMA_READ_CONSUME_CHECK_CONSUMER) timestamp=5091 ms, used_size=3563520 bytes (8.7%)
(RDMA_READ_CONSUME_CHECK_CONSUMER) timestamp=5091 ms, used_size=3561472 bytes (8.7%)
(RDMA_READ_CONSUME_CHECK_CONSUMER) timestamp=5091 ms, used_size=3559424 bytes (8.7%)
(RDMA_READ_CONSUME_CHECK_CONSUMER) timestamp=5091 ms, used_size=3557376 bytes (8.7%)
(RDMA_READ_CONSUME_CHECK_CONSUMER) timestamp=5091 ms, used_size=3555328 bytes (8.7%)
(RDMA_READ_CONSUME_CHECK_CONSUMER) timestamp=5091 ms, used_size=3553280 bytes (8.7%)
(RDMA_READ_CONSUME_CHECK_CONSUMER) timestamp=5091 ms, used_size=3551232 bytes (8.7%)
(RDMA_READ_CONSUME_CHECK_CONSUMER) timestamp=5091 ms, used_size=3549184 bytes (8.7%)
(RDMA_READ_CONSUME_CHECK_CONSUMER) timestamp=5091 ms, used_size=3547136 bytes (8.7%)
(RDMA_READ_CONSUME_CHECK_CONSUMER) timestamp=5091 ms, used_size=3545088 bytes (8.7%)
(RDMA_READ_CONSUME_CHECK_CONSUMER) timestamp=5091 ms, used_size=3543040 bytes (8.7%)
(RDMA_READ_CONSUME_CHECK_CONSUMER) timestamp=5091 ms, used_size=3540992 bytes (8.6%)
(RDMA_READ_CONSUME_CHECK_CONSUMER) timestamp=5091 ms, used_size=3538944 bytes (8.6%)
(RDMA_READ_CONSUME_CHECK_CONSUMER) timestamp=5091 ms, used_size=3536896 bytes (8.6%)
(RDMA_READ_CONSUME_CHECK_CONSUMER) timestamp=5091 ms, used_size=3534848 bytes (8.6%)
(RDMA_READ_CONSUME_CHECK_CONSUMER) timestamp=5091 ms, used_size=3532800 bytes (8.6%)
(RDMA_READ_CONSUME_CHECK_CONSUMER) timestamp=5091 ms, used_size=3530752 bytes (8.6%)
(RDMA_READ_CONSUME_CHECK_CONSUMER) timestamp=5091 ms, used_size=3528704 bytes (8.6%)
(RDMA_READ_CONSUME_CHECK_CONSUMER) timestamp=5091 ms, used_size=3526656 bytes (8.6%)
(RDMA_READ_CONSUME_CHECK_CONSUMER) timestamp=5091 ms, used_size=3524608 bytes (8.6%)
(RDMA_READ_CONSUME_CHECK_CONSUMER) timestamp=5091 ms, used_size=3522560 bytes (8.6%)
(RDMA_READ_CONSUME_CHECK_CONSUMER) timestamp=5091 ms, used_size=3520512 bytes (8.6%)
(RDMA_READ_CONSUME_CHECK_CONSUMER) timestamp=5091 ms, used_size=3518464 bytes (8.6%)
(RDMA_READ_CONSUME_CHECK_CONSUMER) timestamp=5091 ms, used_size=3516416 bytes (8.6%)
(RDMA_READ_CONSUME_CHECK_CONSUMER) timestamp=5091 ms, used_size=3514368 bytes (8.6%)
(RDMA_READ_CONSUME_CHECK_CONSUMER) timestamp=5091 ms, used_size=3512320 bytes (8.6%)
(RDMA_READ_CONSUME_CHECK_CONSUMER) timestamp=5091 ms, used_size=3510272 bytes (8.6%)
(RDMA_READ_CONSUME_CHECK_CONSUMER) timestamp=5091 ms, used_size=3508224 bytes (8.6%)
(RDMA_READ_CONSUME_CHECK_CONSUMER) timestamp=5091 ms, used_size=3506176 bytes (8.6%)
(RDMA_READ_CONSUME_CHECK_CONSUMER) timestamp=5091 ms, used_size=3504128 bytes (8.6%)
(RDMA_READ_CONSUME_CHECK_CONSUMER) timestamp=5091 ms, used_size=3502080 bytes (8.6%)
(RDMA_READ_CONSUME_CHECK_CONSUMER) timestamp=5091 ms, used_size=3500032 bytes (8.5%)
(RDMA_READ_CONSUME_CHECK_CONSUMER) timestamp=5091 ms, used_size=3497984 bytes (8.5%)
(RDMA_READ_CONSUME_CHECK_CONSUMER) timestamp=5091 ms, used_size=3495936 bytes (8.5%)
(RDMA_READ_CONSUME_CHECK_CONSUMER) timestamp=5091 ms, used_size=3493888 bytes (8.5%)
(RDMA_READ_CONSUME_CHECK_CONSUMER) timestamp=5091 ms, used_size=3491840 bytes (8.5%)
(RDMA_READ_CONSUME_CHECK_CONSUMER) timestamp=5091 ms, used_size=3489792 bytes (8.5%)
(RDMA_READ_CONSUME_CHECK_CONSUMER) timestamp=5091 ms, used_size=3487744 bytes (8.5%)
(RDMA_READ_CONSUME_CHECK_CONSUMER) timestamp=5091 ms, used_size=3485696 bytes (8.5%)
(RDMA_READ_CONSUME_CHECK_CONSUMER) timestamp=5091 ms, used_size=3483648 bytes (8.5%)
(RDMA_READ_CONSUME_CHECK_CONSUMER) timestamp=5091 ms, used_size=3481600 bytes (8.5%)
(RDMA_READ_CONSUME_CHECK_CONSUMER) timestamp=5091 ms, used_size=3479552 bytes (8.5%)
(RDMA_READ_CONSUME_CHECK_CONSUMER) timestamp=5091 ms, used_size=3477504 bytes (8.5%)
(RDMA_READ_CONSUME_CHECK_CONSUMER) timestamp=5091 ms, used_size=3475456 bytes (8.5%)
(RDMA_READ_CONSUME_CHECK_CONSUMER) timestamp=5091 ms, used_size=3473408 bytes (8.5%)
(RDMA_READ_CONSUME_CHECK_CONSUMER) timestamp=5091 ms, used_size=3471360 bytes (8.5%)
(RDMA_READ_CONSUME_CHECK_CONSUMER) timestamp=5091 ms, used_size=3469312 bytes (8.5%)
(RDMA_READ_CONSUME_CHECK_CONSUMER) timestamp=5091 ms, used_size=3467264 bytes (8.5%)
(RDMA_READ_CONSUME_CHECK_CONSUMER) timestamp=5091 ms, used_size=3465216 bytes (8.5%)
(RDMA_READ_CONSUME_CHECK_CONSUMER) timestamp=5091 ms, used_size=3463168 bytes (8.5%)
(RDMA_READ_CONSUME_CHECK_CONSUMER) timestamp=5091 ms, used_size=3461120 bytes (8.4%)
(RDMA_READ_CONSUME_CHECK_CONSUMER) timestamp=5091 ms, used_size=3459072 bytes (8.4%)
(RDMA_READ_CONSUME_CHECK_CONSUMER) timestamp=5091 ms, used_size=3457024 bytes (8.4%)
(RDMA_READ_CONSUME_CHECK_CONSUMER) timestamp=5091 ms, used_size=3454976 bytes (8.4%)
(RDMA_READ_CONSUME_CHECK_CONSUMER) timestamp=5091 ms, used_size=3452928 bytes (8.4%)
(RDMA_READ_CONSUME_CHECK_CONSUMER) timestamp=5091 ms, used_size=3450880 bytes (8.4%)
(RDMA_READ_CONSUME_CHECK_CONSUMER) timestamp=5091 ms, used_size=3448832 bytes (8.4%)
(RDMA_READ_CONSUME_CHECK_CONSUMER) timestamp=5091 ms, used_size=3446784 bytes (8.4%)
(RDMA_READ_CONSUME_CHECK_CONSUMER) timestamp=5091 ms, used_size=3444736 bytes (8.4%)
(RDMA_READ_CONSUME_CHECK_CONSUMER) timestamp=5091 ms, used_size=3442688 bytes (8.4%)
(RDMA_READ_CONSUME_CHECK_CONSUMER) timestamp=5091 ms, used_size=3440640 bytes (8.4%)
(RDMA_READ_CONSUME_CHECK_CONSUMER) timestamp=5091 ms, used_size=3438592 bytes (8.4%)
(RDMA_READ_CONSUME_CHECK_CONSUMER) timestamp=5091 ms, used_size=3436544 bytes (8.4%)
(RDMA_READ_CONSUME_CHECK_CONSUMER) timestamp=5091 ms, used_size=3434496 bytes (8.4%)
(RDMA_READ_CONSUME_CHECK_CONSUMER) timestamp=5091 ms, used_size=3432448 bytes (8.4%)
(RDMA_READ_CONSUME_CHECK_CONSUMER) timestamp=5091 ms, used_size=3430400 bytes (8.4%)
(RDMA_READ_CONSUME_CHECK_CONSUMER) timestamp=5091 ms, used_size=3428352 bytes (8.4%)
(RDMA_READ_CONSUME_CHECK_CONSUMER) timestamp=5091 ms, used_size=3426304 bytes (8.4%)
(RDMA_READ_CONSUME_CHECK_CONSUMER) timestamp=5091 ms, used_size=3424256 bytes (8.4%)
(RDMA_READ_CONSUME_CHECK_CONSUMER) timestamp=5091 ms, used_size=3422208 bytes (8.4%)
(RDMA_READ_CONSUME_CHECK_CONSUMER) timestamp=5092 ms, used_size=3420160 bytes (8.3%)
(RDMA_READ_CONSUME_CHECK_CONSUMER) timestamp=5092 ms, used_size=3418112 bytes (8.3%)
(RDMA_READ_CONSUME_CHECK_CONSUMER) timestamp=5092 ms, used_size=3416064 bytes (8.3%)
(RDMA_READ_CONSUME_CHECK_CONSUMER) timestamp=5092 ms, used_size=3414016 bytes (8.3%)
(RDMA_READ_CONSUME_CHECK_CONSUMER) timestamp=5092 ms, used_size=3411968 bytes (8.3%)
(RDMA_READ_CONSUME_CHECK_CONSUMER) timestamp=5092 ms, used_size=3409920 bytes (8.3%)
(RDMA_READ_CONSUME_CHECK_CONSUMER) timestamp=5092 ms, used_size=3407872 bytes (8.3%)
(RDMA_READ_CONSUME_CHECK_CONSUMER) timestamp=5092 ms, used_size=3405824 bytes (8.3%)
(RDMA_READ_CONSUME_CHECK_CONSUMER) timestamp=5092 ms, used_size=3403776 bytes (8.3%)
(RDMA_READ_CONSUME_CHECK_CONSUMER) timestamp=5092 ms, used_size=3401728 bytes (8.3%)
(RDMA_READ_CONSUME_CHECK_CONSUMER) timestamp=5092 ms, used_size=3399680 bytes (8.3%)
(RDMA_READ_CONSUME_CHECK_CONSUMER) timestamp=5092 ms, used_size=3397632 bytes (8.3%)
(RDMA_READ_CONSUME_CHECK_CONSUMER) timestamp=5092 ms, used_size=3395584 bytes (8.3%)
(RDMA_READ_CONSUME_CHECK_CONSUMER) timestamp=5092 ms, used_size=3393536 bytes (8.3%)
(RDMA_READ_CONSUME_CHECK_CONSUMER) timestamp=5092 ms, used_size=3391488 bytes (8.3%)
(RDMA_READ_CONSUME_CHECK_CONSUMER) timestamp=5092 ms, used_size=3389440 bytes (8.3%)
(RDMA_READ_CONSUME_CHECK_CONSUMER) timestamp=5092 ms, used_size=3387392 bytes (8.3%)
(RDMA_READ_CONSUME_CHECK_CONSUMER) timestamp=5092 ms, used_size=3385344 bytes (8.3%)
(RDMA_READ_CONSUME_CHECK_CONSUMER) timestamp=5092 ms, used_size=3383296 bytes (8.3%)
(RDMA_READ_CONSUME_CHECK_CONSUMER) timestamp=5092 ms, used_size=3381248 bytes (8.3%)
(RDMA_READ_CONSUME_CHECK_CONSUMER) timestamp=5092 ms, used_size=3379200 bytes (8.2%)
(RDMA_READ_CONSUME_CHECK_CONSUMER) timestamp=5092 ms, used_size=3377152 bytes (8.2%)
(RDMA_READ_CONSUME_CHECK_CONSUMER) timestamp=5092 ms, used_size=3375104 bytes (8.2%)
(RDMA_READ_CONSUME_CHECK_CONSUMER) timestamp=5092 ms, used_size=3373056 bytes (8.2%)
(RDMA_READ_CONSUME_CHECK_CONSUMER) timestamp=5092 ms, used_size=3371008 bytes (8.2%)
(RDMA_READ_CONSUME_CHECK_CONSUMER) timestamp=5092 ms, used_size=3368960 bytes (8.2%)
(RDMA_READ_CONSUME_CHECK_CONSUMER) timestamp=5092 ms, used_size=3366912 bytes (8.2%)
(RDMA_READ_CONSUME_CHECK_CONSUMER) timestamp=5092 ms, used_size=3364864 bytes (8.2%)
(RDMA_READ_CONSUME_CHECK_CONSUMER) timestamp=5092 ms, used_size=3362816 bytes (8.2%)
(RDMA_READ_CONSUME_CHECK_CONSUMER) timestamp=5092 ms, used_size=3360768 bytes (8.2%)
(RDMA_READ_CONSUME_CHECK_CONSUMER) timestamp=5092 ms, used_size=3358720 bytes (8.2%)
(RDMA_READ_CONSUME_CHECK_CONSUMER) timestamp=5092 ms, used_size=3356672 bytes (8.2%)
(RDMA_READ_CONSUME_CHECK_CONSUMER) timestamp=5092 ms, used_size=3354624 bytes (8.2%)
(RDMA_READ_CONSUME_CHECK_CONSUMER) timestamp=5092 ms, used_size=3352576 bytes (8.2%)
(RDMA_READ_CONSUME_CHECK_CONSUMER) timestamp=5092 ms, used_size=3350528 bytes (8.2%)
(RDMA_READ_CONSUME_CHECK_CONSUMER) timestamp=5092 ms, used_size=3348480 bytes (8.2%)
(RDMA_READ_CONSUME_CHECK_CONSUMER) timestamp=5092 ms, used_size=3346432 bytes (8.2%)
(RDMA_READ_CONSUME_CHECK_CONSUMER) timestamp=5092 ms, used_size=3344384 bytes (8.2%)
(RDMA_READ_CONSUME_CHECK_CONSUMER) timestamp=5092 ms, used_size=3342336 bytes (8.2%)
(RDMA_READ_CONSUME_CHECK_CONSUMER) timestamp=5092 ms, used_size=3340288 bytes (8.2%)
(RDMA_READ_CONSUME_CHECK_CONSUMER) timestamp=5092 ms, used_size=3338240 bytes (8.2%)
(RDMA_READ_CONSUME_CHECK_CONSUMER) timestamp=5092 ms, used_size=3336192 bytes (8.1%)
(RDMA_READ_CONSUME_CHECK_CONSUMER) timestamp=5092 ms, used_size=3334144 bytes (8.1%)
(RDMA_READ_CONSUME_CHECK_CONSUMER) timestamp=5092 ms, used_size=3332096 bytes (8.1%)
(RDMA_READ_CONSUME_CHECK_CONSUMER) timestamp=5092 ms, used_size=3330048 bytes (8.1%)
(RDMA_READ_CONSUME_CHECK_CONSUMER) timestamp=5092 ms, used_size=3328000 bytes (8.1%)
(RDMA_READ_CONSUME_CHECK_CONSUMER) timestamp=5092 ms, used_size=3325952 bytes (8.1%)
(RDMA_READ_CONSUME_CHECK_CONSUMER) timestamp=5092 ms, used_size=3323904 bytes (8.1%)
(RDMA_READ_CONSUME_CHECK_CONSUMER) timestamp=5092 ms, used_size=3321856 bytes (8.1%)
(RDMA_READ_CONSUME_CHECK_CONSUMER) timestamp=5092 ms, used_size=3319808 bytes (8.1%)
(RDMA_READ_CONSUME_CHECK_CONSUMER) timestamp=5092 ms, used_size=3317760 bytes (8.1%)
(RDMA_READ_CONSUME_CHECK_CONSUMER) timestamp=5092 ms, used_size=3315712 bytes (8.1%)
(RDMA_READ_CONSUME_CHECK_CONSUMER) timestamp=5092 ms, used_size=3313664 bytes (8.1%)
(RDMA_READ_CONSUME_CHECK_CONSUMER) timestamp=5092 ms, used_size=3311616 bytes (8.1%)
(RDMA_READ_CONSUME_CHECK_CONSUMER) timestamp=5092 ms, used_size=3309568 bytes (8.1%)
(RDMA_READ_CONSUME_CHECK_CONSUMER) timestamp=5092 ms, used_size=3307520 bytes (8.1%)
(RDMA_READ_CONSUME_CHECK_CONSUMER) timestamp=5092 ms, used_size=3305472 bytes (8.1%)
(RDMA_READ_CONSUME_CHECK_CONSUMER) timestamp=5092 ms, used_size=3303424 bytes (8.1%)
(RDMA_READ_CONSUME_CHECK_CONSUMER) timestamp=5092 ms, used_size=3301376 bytes (8.1%)
(RDMA_READ_CONSUME_CHECK_CONSUMER) timestamp=5092 ms, used_size=3299328 bytes (8.1%)
(RDMA_READ_CONSUME_CHECK_CONSUMER) timestamp=5092 ms, used_size=3297280 bytes (8.1%)
(RDMA_READ_CONSUME_CHECK_CONSUMER) timestamp=5092 ms, used_size=3295232 bytes (8.0%)
(RDMA_READ_CONSUME_CHECK_CONSUMER) timestamp=5092 ms, used_size=3293184 bytes (8.0%)
(RDMA_READ_CONSUME_CHECK_CONSUMER) timestamp=5092 ms, used_size=3291136 bytes (8.0%)
(RDMA_READ_CONSUME_CHECK_CONSUMER) timestamp=5092 ms, used_size=3289088 bytes (8.0%)
(RDMA_READ_CONSUME_CHECK_CONSUMER) timestamp=5092 ms, used_size=3287040 bytes (8.0%)
(RDMA_READ_CONSUME_CHECK_CONSUMER) timestamp=5092 ms, used_size=3284992 bytes (8.0%)
(RDMA_READ_CONSUME_CHECK_CONSUMER) timestamp=5092 ms, used_size=3282944 bytes (8.0%)
(RDMA_READ_CONSUME_CHECK_CONSUMER) timestamp=5092 ms, used_size=3280896 bytes (8.0%)
(RDMA_READ_CONSUME_CHECK_CONSUMER) timestamp=5092 ms, used_size=3278848 bytes (8.0%)
(RDMA_READ_CONSUME_CHECK_CONSUMER) timestamp=5092 ms, used_size=3276800 bytes (8.0%)
(RDMA_READ_CONSUME_CHECK_CONSUMER) timestamp=5092 ms, used_size=3274752 bytes (8.0%)
(RDMA_READ_CONSUME_CHECK_CONSUMER) timestamp=5092 ms, used_size=3272704 bytes (8.0%)
(RDMA_READ_CONSUME_CHECK_CONSUMER) timestamp=5092 ms, used_size=3270656 bytes (8.0%)
(RDMA_READ_CONSUME_CHECK_CONSUMER) timestamp=5092 ms, used_size=3268608 bytes (8.0%)
(RDMA_READ_CONSUME_CHECK_CONSUMER) timestamp=5092 ms, used_size=3266560 bytes (8.0%)
(RDMA_READ_CONSUME_CHECK_CONSUMER) timestamp=5092 ms, used_size=3264512 bytes (8.0%)
(RDMA_READ_CONSUME_CHECK_CONSUMER) timestamp=5092 ms, used_size=3262464 bytes (8.0%)
(RDMA_READ_CONSUME_CHECK_CONSUMER) timestamp=5092 ms, used_size=3260416 bytes (8.0%)
(RDMA_READ_CONSUME_CHECK_CONSUMER) timestamp=5092 ms, used_size=3258368 bytes (8.0%)
(RDMA_READ_CONSUME_CHECK_CONSUMER) timestamp=5092 ms, used_size=3256320 bytes (8.0%)
(RDMA_READ_CONSUME_CHECK_CONSUMER) timestamp=5092 ms, used_size=3254272 bytes (7.9%)
(RDMA_READ_CONSUME_CHECK_CONSUMER) timestamp=5092 ms, used_size=3252224 bytes (7.9%)
(RDMA_READ_CONSUME_CHECK_CONSUMER) timestamp=5092 ms, used_size=3250176 bytes (7.9%)
(RDMA_READ_CONSUME_CHECK_CONSUMER) timestamp=5092 ms, used_size=3248128 bytes (7.9%)
(RDMA_READ_CONSUME_CHECK_CONSUMER) timestamp=5092 ms, used_size=3246080 bytes (7.9%)
(RDMA_READ_CONSUME_CHECK_CONSUMER) timestamp=5092 ms, used_size=3244032 bytes (7.9%)
(RDMA_READ_CONSUME_CHECK_CONSUMER) timestamp=5092 ms, used_size=3241984 bytes (7.9%)
(RDMA_READ_CONSUME_CHECK_CONSUMER) timestamp=5092 ms, used_size=3239936 bytes (7.9%)
(RDMA_READ_CONSUME_CHECK_CONSUMER) timestamp=5092 ms, used_size=3237888 bytes (7.9%)
(RDMA_READ_CONSUME_CHECK_CONSUMER) timestamp=5092 ms, used_size=3235840 bytes (7.9%)
(RDMA_READ_CONSUME_CHECK_CONSUMER) timestamp=5092 ms, used_size=3233792 bytes (7.9%)
(RDMA_READ_CONSUME_CHECK_CONSUMER) timestamp=5092 ms, used_size=3231744 bytes (7.9%)
(RDMA_READ_CONSUME_CHECK_CONSUMER) timestamp=5092 ms, used_size=3229696 bytes (7.9%)
(RDMA_READ_CONSUME_CHECK_CONSUMER) timestamp=5092 ms, used_size=3227648 bytes (7.9%)
(RDMA_READ_CONSUME_CHECK_CONSUMER) timestamp=5092 ms, used_size=3225600 bytes (7.9%)
(RDMA_READ_CONSUME_CHECK_CONSUMER) timestamp=5092 ms, used_size=3223552 bytes (7.9%)
(RDMA_READ_CONSUME_CHECK_CONSUMER) timestamp=5092 ms, used_size=3221504 bytes (7.9%)
(RDMA_READ_CONSUME_CHECK_CONSUMER) timestamp=5092 ms, used_size=3219456 bytes (7.9%)
(RDMA_READ_CONSUME_CHECK_CONSUMER) timestamp=5092 ms, used_size=3217408 bytes (7.9%)
(RDMA_READ_CONSUME_CHECK_CONSUMER) timestamp=5092 ms, used_size=3215360 bytes (7.8%)
(RDMA_READ_CONSUME_CHECK_CONSUMER) timestamp=5092 ms, used_size=3213312 bytes (7.8%)
(RDMA_READ_CONSUME_CHECK_CONSUMER) timestamp=5092 ms, used_size=3211264 bytes (7.8%)
(RDMA_READ_CONSUME_CHECK_CONSUMER) timestamp=5092 ms, used_size=3209216 bytes (7.8%)
(RDMA_READ_CONSUME_CHECK_CONSUMER) timestamp=5092 ms, used_size=3207168 bytes (7.8%)
(RDMA_READ_CONSUME_CHECK_CONSUMER) timestamp=5092 ms, used_size=3205120 bytes (7.8%)
(RDMA_READ_CONSUME_CHECK_CONSUMER) timestamp=5092 ms, used_size=3203072 bytes (7.8%)
(RDMA_READ_CONSUME_CHECK_CONSUMER) timestamp=5092 ms, used_size=3201024 bytes (7.8%)
(RDMA_READ_CONSUME_CHECK_CONSUMER) timestamp=5092 ms, used_size=3198976 bytes (7.8%)
(RDMA_READ_CONSUME_CHECK_CONSUMER) timestamp=5092 ms, used_size=3196928 bytes (7.8%)
(RDMA_READ_CONSUME_CHECK_CONSUMER) timestamp=5092 ms, used_size=3194880 bytes (7.8%)
(RDMA_READ_CONSUME_CHECK_CONSUMER) timestamp=5092 ms, used_size=3192832 bytes (7.8%)
(RDMA_READ_CONSUME_CHECK_CONSUMER) timestamp=5092 ms, used_size=3190784 bytes (7.8%)
(RDMA_READ_CONSUME_CHECK_CONSUMER) timestamp=5092 ms, used_size=3188736 bytes (7.8%)
(RDMA_READ_CONSUME_CHECK_CONSUMER) timestamp=5092 ms, used_size=3186688 bytes (7.8%)
(RDMA_READ_CONSUME_CHECK_CONSUMER) timestamp=5092 ms, used_size=3184640 bytes (7.8%)
(RDMA_READ_CONSUME_CHECK_CONSUMER) timestamp=5092 ms, used_size=3182592 bytes (7.8%)
(RDMA_READ_CONSUME_CHECK_CONSUMER) timestamp=5092 ms, used_size=3180544 bytes (7.8%)
(RDMA_READ_CONSUME_CHECK_CONSUMER) timestamp=5092 ms, used_size=3178496 bytes (7.8%)
(RDMA_READ_CONSUME_CHECK_CONSUMER) timestamp=5092 ms, used_size=3176448 bytes (7.8%)
(RDMA_READ_CONSUME_CHECK_CONSUMER) timestamp=5092 ms, used_size=3174400 bytes (7.8%)
(RDMA_READ_CONSUME_CHECK_CONSUMER) timestamp=5092 ms, used_size=3172352 bytes (7.7%)
(RDMA_READ_CONSUME_CHECK_CONSUMER) timestamp=5092 ms, used_size=3170304 bytes (7.7%)
(RDMA_READ_CONSUME_CHECK_CONSUMER) timestamp=5092 ms, used_size=3168256 bytes (7.7%)
(RDMA_READ_CONSUME_CHECK_CONSUMER) timestamp=5092 ms, used_size=3166208 bytes (7.7%)
(RDMA_READ_CONSUME_CHECK_CONSUMER) timestamp=5092 ms, used_size=3164160 bytes (7.7%)
(RDMA_READ_CONSUME_CHECK_CONSUMER) timestamp=5092 ms, used_size=3162112 bytes (7.7%)
(RDMA_READ_CONSUME_CHECK_CONSUMER) timestamp=5092 ms, used_size=3160064 bytes (7.7%)
(RDMA_READ_CONSUME_CHECK_CONSUMER) timestamp=5092 ms, used_size=3158016 bytes (7.7%)
(RDMA_READ_CONSUME_CHECK_CONSUMER) timestamp=5092 ms, used_size=3155968 bytes (7.7%)
(RDMA_READ_CONSUME_CHECK_CONSUMER) timestamp=5092 ms, used_size=3153920 bytes (7.7%)
(RDMA_READ_CONSUME_CHECK_CONSUMER) timestamp=5092 ms, used_size=3151872 bytes (7.7%)
(RDMA_READ_CONSUME_CHECK_CONSUMER) timestamp=5092 ms, used_size=3149824 bytes (7.7%)
(RDMA_READ_CONSUME_CHECK_CONSUMER) timestamp=5092 ms, used_size=3147776 bytes (7.7%)
(RDMA_READ_CONSUME_CHECK_CONSUMER) timestamp=5092 ms, used_size=3145728 bytes (7.7%)
(RDMA_READ_CONSUME_CHECK_CONSUMER) timestamp=5092 ms, used_size=3143680 bytes (7.7%)
(RDMA_READ_CONSUME_CHECK_CONSUMER) timestamp=5092 ms, used_size=3141632 bytes (7.7%)
(RDMA_READ_CONSUME_CHECK_CONSUMER) timestamp=5092 ms, used_size=3139584 bytes (7.7%)
(RDMA_READ_CONSUME_CHECK_CONSUMER) timestamp=5092 ms, used_size=3137536 bytes (7.7%)
(RDMA_READ_CONSUME_CHECK_CONSUMER) timestamp=5092 ms, used_size=3135488 bytes (7.7%)
(RDMA_READ_CONSUME_CHECK_CONSUMER) timestamp=5092 ms, used_size=3133440 bytes (7.7%)
(RDMA_READ_CONSUME_CHECK_CONSUMER) timestamp=5092 ms, used_size=3131392 bytes (7.6%)
(RDMA_READ_CONSUME_CHECK_CONSUMER) timestamp=5092 ms, used_size=3129344 bytes (7.6%)
(RDMA_READ_CONSUME_CHECK_CONSUMER) timestamp=5092 ms, used_size=3127296 bytes (7.6%)
(RDMA_READ_CONSUME_CHECK_CONSUMER) timestamp=5092 ms, used_size=3125248 bytes (7.6%)
(RDMA_READ_CONSUME_CHECK_CONSUMER) timestamp=5092 ms, used_size=3123200 bytes (7.6%)
(RDMA_READ_CONSUME_CHECK_CONSUMER) timestamp=5092 ms, used_size=3121152 bytes (7.6%)
(RDMA_READ_CONSUME_CHECK_CONSUMER) timestamp=5092 ms, used_size=3119104 bytes (7.6%)
(RDMA_READ_CONSUME_CHECK_CONSUMER) timestamp=5092 ms, used_size=3117056 bytes (7.6%)
(RDMA_READ_CONSUME_CHECK_CONSUMER) timestamp=5092 ms, used_size=3115008 bytes (7.6%)
(RDMA_READ_CONSUME_CHECK_CONSUMER) timestamp=5092 ms, used_size=3112960 bytes (7.6%)
(RDMA_READ_CONSUME_CHECK_CONSUMER) timestamp=5092 ms, used_size=3110912 bytes (7.6%)
(RDMA_READ_CONSUME_CHECK_CONSUMER) timestamp=5092 ms, used_size=3108864 bytes (7.6%)
(RDMA_READ_CONSUME_CHECK_CONSUMER) timestamp=5092 ms, used_size=3106816 bytes (7.6%)
(RDMA_READ_CONSUME_CHECK_CONSUMER) timestamp=5092 ms, used_size=3104768 bytes (7.6%)
(RDMA_READ_CONSUME_CHECK_CONSUMER) timestamp=5092 ms, used_size=3102720 bytes (7.6%)
(RDMA_READ_CONSUME_CHECK_CONSUMER) timestamp=5092 ms, used_size=3100672 bytes (7.6%)
(RDMA_READ_CONSUME_CHECK_CONSUMER) timestamp=5092 ms, used_size=3098624 bytes (7.6%)
(RDMA_READ_CONSUME_CHECK_CONSUMER) timestamp=5092 ms, used_size=3096576 bytes (7.6%)
(RDMA_READ_CONSUME_CHECK_CONSUMER) timestamp=5092 ms, used_size=3094528 bytes (7.6%)
(RDMA_READ_CONSUME_CHECK_CONSUMER) timestamp=5092 ms, used_size=3092480 bytes (7.5%)
(RDMA_READ_CONSUME_CHECK_CONSUMER) timestamp=5092 ms, used_size=3090432 bytes (7.5%)
(RDMA_READ_CONSUME_CHECK_CONSUMER) timestamp=5092 ms, used_size=3088384 bytes (7.5%)
(RDMA_READ_CONSUME_CHECK_CONSUMER) timestamp=5092 ms, used_size=3086336 bytes (7.5%)
(RDMA_READ_CONSUME_CHECK_CONSUMER) timestamp=5092 ms, used_size=3084288 bytes (7.5%)
(RDMA_READ_CONSUME_CHECK_CONSUMER) timestamp=5092 ms, used_size=3082240 bytes (7.5%)
(RDMA_READ_CONSUME_CHECK_CONSUMER) timestamp=5092 ms, used_size=3080192 bytes (7.5%)
(RDMA_READ_CONSUME_CHECK_CONSUMER) timestamp=5092 ms, used_size=3078144 bytes (7.5%)
(RDMA_READ_CONSUME_CHECK_CONSUMER) timestamp=5092 ms, used_size=3076096 bytes (7.5%)
(RDMA_READ_CONSUME_CHECK_CONSUMER) timestamp=5092 ms, used_size=3074048 bytes (7.5%)
(RDMA_READ_CONSUME_CHECK_CONSUMER) timestamp=5092 ms, used_size=3072000 bytes (7.5%)
(RDMA_READ_CONSUME_CHECK_CONSUMER) timestamp=5092 ms, used_size=3069952 bytes (7.5%)
(RDMA_READ_CONSUME_CHECK_CONSUMER) timestamp=5092 ms, used_size=3067904 bytes (7.5%)
(RDMA_READ_CONSUME_CHECK_CONSUMER) timestamp=5092 ms, used_size=3065856 bytes (7.5%)
(RDMA_READ_CONSUME_CHECK_CONSUMER) timestamp=5092 ms, used_size=3063808 bytes (7.5%)
(RDMA_READ_CONSUME_CHECK_CONSUMER) timestamp=5092 ms, used_size=3061760 bytes (7.5%)
(RDMA_READ_CONSUME_CHECK_CONSUMER) timestamp=5092 ms, used_size=3059712 bytes (7.5%)
(RDMA_READ_CONSUME_CHECK_CONSUMER) timestamp=5093 ms, used_size=3057664 bytes (7.5%)
(RDMA_READ_CONSUME_CHECK_CONSUMER) timestamp=5093 ms, used_size=3055616 bytes (7.5%)
(RDMA_READ_CONSUME_CHECK_CONSUMER) timestamp=5093 ms, used_size=3053568 bytes (7.5%)
(RDMA_READ_CONSUME_CHECK_CONSUMER) timestamp=5093 ms, used_size=3051520 bytes (7.5%)
(RDMA_READ_CONSUME_CHECK_CONSUMER) timestamp=5093 ms, used_size=3049472 bytes (7.4%)
(RDMA_READ_CONSUME_CHECK_CONSUMER) timestamp=5093 ms, used_size=3047424 bytes (7.4%)
(RDMA_READ_CONSUME_CHECK_CONSUMER) timestamp=5093 ms, used_size=3045376 bytes (7.4%)
(RDMA_READ_CONSUME_CHECK_CONSUMER) timestamp=5093 ms, used_size=3043328 bytes (7.4%)
(RDMA_READ_CONSUME_CHECK_CONSUMER) timestamp=5093 ms, used_size=3041280 bytes (7.4%)
(RDMA_READ_CONSUME_CHECK_CONSUMER) timestamp=5093 ms, used_size=3039232 bytes (7.4%)
(RDMA_READ_CONSUME_CHECK_CONSUMER) timestamp=5093 ms, used_size=3037184 bytes (7.4%)
(RDMA_READ_CONSUME_CHECK_CONSUMER) timestamp=5093 ms, used_size=3035136 bytes (7.4%)
(RDMA_READ_CONSUME_CHECK_CONSUMER) timestamp=5093 ms, used_size=3033088 bytes (7.4%)
(RDMA_READ_CONSUME_CHECK_CONSUMER) timestamp=5093 ms, used_size=3031040 bytes (7.4%)
(RDMA_READ_CONSUME_CHECK_CONSUMER) timestamp=5093 ms, used_size=3028992 bytes (7.4%)
(RDMA_READ_CONSUME_CHECK_CONSUMER) timestamp=5093 ms, used_size=3026944 bytes (7.4%)
(RDMA_READ_CONSUME_CHECK_CONSUMER) timestamp=5093 ms, used_size=3024896 bytes (7.4%)
(RDMA_READ_CONSUME_CHECK_CONSUMER) timestamp=5093 ms, used_size=3022848 bytes (7.4%)
(RDMA_READ_CONSUME_CHECK_CONSUMER) timestamp=5093 ms, used_size=3020800 bytes (7.4%)
(RDMA_READ_CONSUME_CHECK_CONSUMER) timestamp=5093 ms, used_size=3018752 bytes (7.4%)
(RDMA_READ_CONSUME_CHECK_CONSUMER) timestamp=5093 ms, used_size=3016704 bytes (7.4%)
(RDMA_READ_CONSUME_CHECK_CONSUMER) timestamp=5093 ms, used_size=3014656 bytes (7.4%)
(RDMA_READ_CONSUME_CHECK_CONSUMER) timestamp=5093 ms, used_size=3012608 bytes (7.4%)
(RDMA_READ_CONSUME_CHECK_CONSUMER) timestamp=5093 ms, used_size=3010560 bytes (7.3%)
(RDMA_READ_CONSUME_CHECK_CONSUMER) timestamp=5093 ms, used_size=3008512 bytes (7.3%)
(RDMA_READ_CONSUME_CHECK_CONSUMER) timestamp=5093 ms, used_size=3006464 bytes (7.3%)
(RDMA_READ_CONSUME_CHECK_CONSUMER) timestamp=5093 ms, used_size=3004416 bytes (7.3%)
(RDMA_READ_CONSUME_CHECK_CONSUMER) timestamp=5093 ms, used_size=3002368 bytes (7.3%)
(RDMA_READ_CONSUME_CHECK_CONSUMER) timestamp=5093 ms, used_size=3000320 bytes (7.3%)
(RDMA_READ_CONSUME_CHECK_CONSUMER) timestamp=5093 ms, used_size=2998272 bytes (7.3%)
(RDMA_READ_CONSUME_CHECK_CONSUMER) timestamp=5093 ms, used_size=2996224 bytes (7.3%)
(RDMA_READ_CONSUME_CHECK_CONSUMER) timestamp=5093 ms, used_size=2994176 bytes (7.3%)
(RDMA_READ_CONSUME_CHECK_CONSUMER) timestamp=5093 ms, used_size=2992128 bytes (7.3%)
(RDMA_READ_CONSUME_CHECK_CONSUMER) timestamp=5093 ms, used_size=2990080 bytes (7.3%)
(RDMA_READ_CONSUME_CHECK_CONSUMER) timestamp=5093 ms, used_size=2988032 bytes (7.3%)
(RDMA_READ_CONSUME_CHECK_CONSUMER) timestamp=5093 ms, used_size=2985984 bytes (7.3%)
(RDMA_READ_CONSUME_CHECK_CONSUMER) timestamp=5093 ms, used_size=2983936 bytes (7.3%)
(RDMA_READ_CONSUME_CHECK_CONSUMER) timestamp=5093 ms, used_size=2981888 bytes (7.3%)
(RDMA_READ_CONSUME_CHECK_CONSUMER) timestamp=5093 ms, used_size=2979840 bytes (7.3%)
(RDMA_READ_CONSUME_CHECK_CONSUMER) timestamp=5093 ms, used_size=2977792 bytes (7.3%)
(RDMA_READ_CONSUME_CHECK_CONSUMER) timestamp=5093 ms, used_size=2975744 bytes (7.3%)
(RDMA_READ_CONSUME_CHECK_CONSUMER) timestamp=5093 ms, used_size=2973696 bytes (7.3%)
(RDMA_READ_CONSUME_CHECK_CONSUMER) timestamp=5093 ms, used_size=2971648 bytes (7.3%)
(RDMA_READ_CONSUME_CHECK_CONSUMER) timestamp=5093 ms, used_size=2969600 bytes (7.2%)
(RDMA_READ_CONSUME_CHECK_CONSUMER) timestamp=5093 ms, used_size=2967552 bytes (7.2%)
(RDMA_READ_CONSUME_CHECK_CONSUMER) timestamp=5093 ms, used_size=2965504 bytes (7.2%)
(RDMA_READ_CONSUME_CHECK_CONSUMER) timestamp=5093 ms, used_size=2963456 bytes (7.2%)
(RDMA_READ_CONSUME_CHECK_CONSUMER) timestamp=5093 ms, used_size=2961408 bytes (7.2%)
(RDMA_READ_CONSUME_CHECK_CONSUMER) timestamp=5093 ms, used_size=2959360 bytes (7.2%)
(RDMA_READ_CONSUME_CHECK_CONSUMER) timestamp=5093 ms, used_size=2957312 bytes (7.2%)
(RDMA_READ_CONSUME_CHECK_CONSUMER) timestamp=5093 ms, used_size=2955264 bytes (7.2%)
(RDMA_READ_CONSUME_CHECK_CONSUMER) timestamp=5093 ms, used_size=2953216 bytes (7.2%)
(RDMA_READ_CONSUME_CHECK_CONSUMER) timestamp=5093 ms, used_size=2951168 bytes (7.2%)
(RDMA_READ_CONSUME_CHECK_CONSUMER) timestamp=5093 ms, used_size=2949120 bytes (7.2%)
(RDMA_READ_CONSUME_CHECK_CONSUMER) timestamp=5093 ms, used_size=2947072 bytes (7.2%)
(RDMA_READ_CONSUME_CHECK_CONSUMER) timestamp=5093 ms, used_size=2945024 bytes (7.2%)
(RDMA_READ_CONSUME_CHECK_CONSUMER) timestamp=5093 ms, used_size=2942976 bytes (7.2%)
(RDMA_READ_CONSUME_CHECK_CONSUMER) timestamp=5093 ms, used_size=2940928 bytes (7.2%)
(RDMA_READ_CONSUME_CHECK_CONSUMER) timestamp=5093 ms, used_size=2938880 bytes (7.2%)
(RDMA_READ_CONSUME_CHECK_CONSUMER) timestamp=5093 ms, used_size=2936832 bytes (7.2%)
(RDMA_READ_CONSUME_CHECK_CONSUMER) timestamp=5093 ms, used_size=2934784 bytes (7.2%)
(RDMA_READ_CONSUME_CHECK_CONSUMER) timestamp=5093 ms, used_size=2932736 bytes (7.2%)
(RDMA_READ_CONSUME_CHECK_CONSUMER) timestamp=5093 ms, used_size=2930688 bytes (7.2%)
(RDMA_READ_CONSUME_CHECK_CONSUMER) timestamp=5093 ms, used_size=2928640 bytes (7.2%)
(RDMA_READ_CONSUME_CHECK_CONSUMER) timestamp=5093 ms, used_size=2926592 bytes (7.1%)
(RDMA_READ_CONSUME_CHECK_CONSUMER) timestamp=5093 ms, used_size=2924544 bytes (7.1%)
(RDMA_READ_CONSUME_CHECK_CONSUMER) timestamp=5093 ms, used_size=2922496 bytes (7.1%)
(RDMA_READ_CONSUME_CHECK_CONSUMER) timestamp=5093 ms, used_size=2920448 bytes (7.1%)
(RDMA_READ_CONSUME_CHECK_CONSUMER) timestamp=5093 ms, used_size=2918400 bytes (7.1%)
(RDMA_READ_CONSUME_CHECK_CONSUMER) timestamp=5093 ms, used_size=2916352 bytes (7.1%)
(RDMA_READ_CONSUME_CHECK_CONSUMER) timestamp=5093 ms, used_size=2914304 bytes (7.1%)
(RDMA_READ_CONSUME_CHECK_CONSUMER) timestamp=5093 ms, used_size=2912256 bytes (7.1%)
(RDMA_READ_CONSUME_CHECK_CONSUMER) timestamp=5093 ms, used_size=2910208 bytes (7.1%)
(RDMA_READ_CONSUME_CHECK_CONSUMER) timestamp=5093 ms, used_size=2908160 bytes (7.1%)
(RDMA_READ_CONSUME_CHECK_CONSUMER) timestamp=5093 ms, used_size=2906112 bytes (7.1%)
(RDMA_READ_CONSUME_CHECK_CONSUMER) timestamp=5093 ms, used_size=2904064 bytes (7.1%)
(RDMA_READ_CONSUME_CHECK_CONSUMER) timestamp=5093 ms, used_size=2902016 bytes (7.1%)
(RDMA_READ_CONSUME_CHECK_CONSUMER) timestamp=5093 ms, used_size=2899968 bytes (7.1%)
(RDMA_READ_CONSUME_CHECK_CONSUMER) timestamp=5093 ms, used_size=2897920 bytes (7.1%)
(RDMA_READ_CONSUME_CHECK_CONSUMER) timestamp=5093 ms, used_size=2895872 bytes (7.1%)
(RDMA_READ_CONSUME_CHECK_CONSUMER) timestamp=5093 ms, used_size=2893824 bytes (7.1%)
(RDMA_READ_CONSUME_CHECK_CONSUMER) timestamp=5093 ms, used_size=2891776 bytes (7.1%)
(RDMA_READ_CONSUME_CHECK_CONSUMER) timestamp=5093 ms, used_size=2889728 bytes (7.1%)
(RDMA_READ_CONSUME_CHECK_CONSUMER) timestamp=5093 ms, used_size=2887680 bytes (7.0%)
(RDMA_READ_CONSUME_CHECK_CONSUMER) timestamp=5093 ms, used_size=2885632 bytes (7.0%)
(RDMA_READ_CONSUME_CHECK_CONSUMER) timestamp=5093 ms, used_size=2883584 bytes (7.0%)
(RDMA_READ_CONSUME_CHECK_CONSUMER) timestamp=5093 ms, used_size=2881536 bytes (7.0%)
(RDMA_READ_CONSUME_CHECK_CONSUMER) timestamp=5093 ms, used_size=2879488 bytes (7.0%)
(RDMA_READ_CONSUME_CHECK_CONSUMER) timestamp=5093 ms, used_size=2877440 bytes (7.0%)
(RDMA_READ_CONSUME_CHECK_CONSUMER) timestamp=5093 ms, used_size=2875392 bytes (7.0%)
(RDMA_READ_CONSUME_CHECK_CONSUMER) timestamp=5093 ms, used_size=2873344 bytes (7.0%)
(RDMA_READ_CONSUME_CHECK_CONSUMER) timestamp=5093 ms, used_size=2871296 bytes (7.0%)
(RDMA_READ_CONSUME_CHECK_CONSUMER) timestamp=5093 ms, used_size=2869248 bytes (7.0%)
(RDMA_READ_CONSUME_CHECK_CONSUMER) timestamp=5093 ms, used_size=2867200 bytes (7.0%)
(RDMA_READ_CONSUME_CHECK_CONSUMER) timestamp=5093 ms, used_size=2865152 bytes (7.0%)
(RDMA_READ_CONSUME_CHECK_CONSUMER) timestamp=5093 ms, used_size=2863104 bytes (7.0%)
(RDMA_READ_CONSUME_CHECK_CONSUMER) timestamp=5093 ms, used_size=2861056 bytes (7.0%)
(RDMA_READ_CONSUME_CHECK_CONSUMER) timestamp=5093 ms, used_size=2859008 bytes (7.0%)
(RDMA_READ_CONSUME_CHECK_CONSUMER) timestamp=5093 ms, used_size=2856960 bytes (7.0%)
(RDMA_READ_CONSUME_CHECK_CONSUMER) timestamp=5093 ms, used_size=2854912 bytes (7.0%)
(RDMA_READ_CONSUME_CHECK_CONSUMER) timestamp=5093 ms, used_size=2852864 bytes (7.0%)
(RDMA_READ_CONSUME_CHECK_CONSUMER) timestamp=5093 ms, used_size=2850816 bytes (7.0%)
(RDMA_READ_CONSUME_CHECK_CONSUMER) timestamp=5093 ms, used_size=2848768 bytes (7.0%)
(RDMA_READ_CONSUME_CHECK_CONSUMER) timestamp=5093 ms, used_size=2846720 bytes (7.0%)
(RDMA_READ_CONSUME_CHECK_CONSUMER) timestamp=5093 ms, used_size=2844672 bytes (6.9%)
(RDMA_READ_CONSUME_CHECK_CONSUMER) timestamp=5093 ms, used_size=2842624 bytes (6.9%)
(RDMA_READ_CONSUME_CHECK_CONSUMER) timestamp=5093 ms, used_size=2840576 bytes (6.9%)
(RDMA_READ_CONSUME_CHECK_CONSUMER) timestamp=5093 ms, used_size=2838528 bytes (6.9%)
(RDMA_READ_CONSUME_CHECK_CONSUMER) timestamp=5093 ms, used_size=2836480 bytes (6.9%)
(RDMA_READ_CONSUME_CHECK_CONSUMER) timestamp=5093 ms, used_size=2834432 bytes (6.9%)
(RDMA_READ_CONSUME_CHECK_CONSUMER) timestamp=5093 ms, used_size=2832384 bytes (6.9%)
(RDMA_READ_CONSUME_CHECK_CONSUMER) timestamp=5093 ms, used_size=2830336 bytes (6.9%)
(RDMA_READ_CONSUME_CHECK_CONSUMER) timestamp=5093 ms, used_size=2828288 bytes (6.9%)
(RDMA_READ_CONSUME_CHECK_CONSUMER) timestamp=5093 ms, used_size=2826240 bytes (6.9%)
(RDMA_READ_CONSUME_CHECK_CONSUMER) timestamp=5093 ms, used_size=2824192 bytes (6.9%)
(RDMA_READ_CONSUME_CHECK_CONSUMER) timestamp=5093 ms, used_size=2822144 bytes (6.9%)
(RDMA_READ_CONSUME_CHECK_CONSUMER) timestamp=5093 ms, used_size=2820096 bytes (6.9%)
(RDMA_READ_CONSUME_CHECK_CONSUMER) timestamp=5093 ms, used_size=2818048 bytes (6.9%)
(RDMA_READ_CONSUME_CHECK_CONSUMER) timestamp=5093 ms, used_size=2816000 bytes (6.9%)
(RDMA_READ_CONSUME_CHECK_CONSUMER) timestamp=5093 ms, used_size=2813952 bytes (6.9%)
(RDMA_READ_CONSUME_CHECK_CONSUMER) timestamp=5093 ms, used_size=2811904 bytes (6.9%)
(RDMA_READ_CONSUME_CHECK_CONSUMER) timestamp=5093 ms, used_size=2809856 bytes (6.9%)
(RDMA_READ_CONSUME_CHECK_CONSUMER) timestamp=5093 ms, used_size=2807808 bytes (6.9%)
(RDMA_READ_CONSUME_CHECK_CONSUMER) timestamp=5093 ms, used_size=2805760 bytes (6.8%)
(RDMA_READ_CONSUME_CHECK_CONSUMER) timestamp=5093 ms, used_size=2803712 bytes (6.8%)
(RDMA_READ_CONSUME_CHECK_CONSUMER) timestamp=5093 ms, used_size=2801664 bytes (6.8%)
(RDMA_READ_CONSUME_CHECK_CONSUMER) timestamp=5093 ms, used_size=2799616 bytes (6.8%)
(RDMA_READ_CONSUME_CHECK_CONSUMER) timestamp=5093 ms, used_size=2797568 bytes (6.8%)
(RDMA_READ_CONSUME_CHECK_CONSUMER) timestamp=5093 ms, used_size=2795520 bytes (6.8%)
(RDMA_READ_CONSUME_CHECK_CONSUMER) timestamp=5093 ms, used_size=2793472 bytes (6.8%)
(RDMA_READ_CONSUME_CHECK_CONSUMER) timestamp=5093 ms, used_size=2791424 bytes (6.8%)
(RDMA_READ_CONSUME_CHECK_CONSUMER) timestamp=5093 ms, used_size=2789376 bytes (6.8%)
(RDMA_READ_CONSUME_CHECK_CONSUMER) timestamp=5093 ms, used_size=2787328 bytes (6.8%)
(RDMA_READ_CONSUME_CHECK_CONSUMER) timestamp=5093 ms, used_size=2785280 bytes (6.8%)
(RDMA_READ_CONSUME_CHECK_CONSUMER) timestamp=5093 ms, used_size=2783232 bytes (6.8%)
(RDMA_READ_CONSUME_CHECK_CONSUMER) timestamp=5093 ms, used_size=2781184 bytes (6.8%)
(RDMA_READ_CONSUME_CHECK_CONSUMER) timestamp=5093 ms, used_size=2779136 bytes (6.8%)
(RDMA_READ_CONSUME_CHECK_CONSUMER) timestamp=5093 ms, used_size=2777088 bytes (6.8%)
(RDMA_READ_CONSUME_CHECK_CONSUMER) timestamp=5093 ms, used_size=2775040 bytes (6.8%)
(RDMA_READ_CONSUME_CHECK_CONSUMER) timestamp=5093 ms, used_size=2772992 bytes (6.8%)
(RDMA_READ_CONSUME_CHECK_CONSUMER) timestamp=5093 ms, used_size=2770944 bytes (6.8%)
(RDMA_READ_CONSUME_CHECK_CONSUMER) timestamp=5093 ms, used_size=2768896 bytes (6.8%)
(RDMA_READ_CONSUME_CHECK_CONSUMER) timestamp=5093 ms, used_size=2766848 bytes (6.8%)
(RDMA_READ_CONSUME_CHECK_CONSUMER) timestamp=5093 ms, used_size=2764800 bytes (6.8%)
(RDMA_READ_CONSUME_CHECK_CONSUMER) timestamp=5093 ms, used_size=2762752 bytes (6.7%)
(RDMA_READ_CONSUME_CHECK_CONSUMER) timestamp=5093 ms, used_size=2760704 bytes (6.7%)
(RDMA_READ_CONSUME_CHECK_CONSUMER) timestamp=5093 ms, used_size=2758656 bytes (6.7%)
(RDMA_READ_CONSUME_CHECK_CONSUMER) timestamp=5093 ms, used_size=2756608 bytes (6.7%)
(RDMA_READ_CONSUME_CHECK_CONSUMER) timestamp=5093 ms, used_size=2754560 bytes (6.7%)
(RDMA_READ_CONSUME_CHECK_CONSUMER) timestamp=5093 ms, used_size=2752512 bytes (6.7%)
(RDMA_READ_CONSUME_CHECK_CONSUMER) timestamp=5093 ms, used_size=2750464 bytes (6.7%)
(RDMA_READ_CONSUME_CHECK_CONSUMER) timestamp=5093 ms, used_size=2748416 bytes (6.7%)
(RDMA_READ_CONSUME_CHECK_CONSUMER) timestamp=5093 ms, used_size=2746368 bytes (6.7%)
(RDMA_READ_CONSUME_CHECK_CONSUMER) timestamp=5093 ms, used_size=2744320 bytes (6.7%)
(RDMA_READ_CONSUME_CHECK_CONSUMER) timestamp=5093 ms, used_size=2742272 bytes (6.7%)
(RDMA_READ_CONSUME_CHECK_CONSUMER) timestamp=5093 ms, used_size=2740224 bytes (6.7%)
(RDMA_READ_CONSUME_CHECK_CONSUMER) timestamp=5093 ms, used_size=2738176 bytes (6.7%)
(RDMA_READ_CONSUME_CHECK_CONSUMER) timestamp=5093 ms, used_size=2736128 bytes (6.7%)
(RDMA_READ_CONSUME_CHECK_CONSUMER) timestamp=5093 ms, used_size=2734080 bytes (6.7%)
(RDMA_READ_CONSUME_CHECK_CONSUMER) timestamp=5093 ms, used_size=2732032 bytes (6.7%)
(RDMA_READ_CONSUME_CHECK_CONSUMER) timestamp=5093 ms, used_size=2729984 bytes (6.7%)
(RDMA_READ_CONSUME_CHECK_CONSUMER) timestamp=5093 ms, used_size=2727936 bytes (6.7%)
(RDMA_READ_CONSUME_CHECK_CONSUMER) timestamp=5093 ms, used_size=2725888 bytes (6.7%)
(RDMA_READ_CONSUME_CHECK_CONSUMER) timestamp=5093 ms, used_size=2723840 bytes (6.7%)
(RDMA_READ_CONSUME_CHECK_CONSUMER) timestamp=5093 ms, used_size=2721792 bytes (6.6%)
(RDMA_READ_CONSUME_CHECK_CONSUMER) timestamp=5093 ms, used_size=2719744 bytes (6.6%)
(RDMA_READ_CONSUME_CHECK_CONSUMER) timestamp=5093 ms, used_size=2717696 bytes (6.6%)
(RDMA_READ_CONSUME_CHECK_CONSUMER) timestamp=5093 ms, used_size=2715648 bytes (6.6%)
(RDMA_READ_CONSUME_CHECK_CONSUMER) timestamp=5093 ms, used_size=2713600 bytes (6.6%)
(RDMA_READ_CONSUME_CHECK_CONSUMER) timestamp=5093 ms, used_size=2711552 bytes (6.6%)
(RDMA_READ_CONSUME_CHECK_CONSUMER) timestamp=5093 ms, used_size=2709504 bytes (6.6%)
(RDMA_READ_CONSUME_CHECK_CONSUMER) timestamp=5093 ms, used_size=2707456 bytes (6.6%)
(RDMA_READ_CONSUME_CHECK_CONSUMER) timestamp=5093 ms, used_size=2705408 bytes (6.6%)
(RDMA_READ_CONSUME_CHECK_CONSUMER) timestamp=5093 ms, used_size=2703360 bytes (6.6%)
(RDMA_READ_CONSUME_CHECK_CONSUMER) timestamp=5093 ms, used_size=2701312 bytes (6.6%)
(RDMA_READ_CONSUME_CHECK_CONSUMER) timestamp=5093 ms, used_size=2699264 bytes (6.6%)
(RDMA_READ_CONSUME_CHECK_CONSUMER) timestamp=5093 ms, used_size=2697216 bytes (6.6%)
(RDMA_READ_CONSUME_CHECK_CONSUMER) timestamp=5093 ms, used_size=2695168 bytes (6.6%)
(RDMA_READ_CONSUME_CHECK_CONSUMER) timestamp=5093 ms, used_size=2693120 bytes (6.6%)
(RDMA_READ_CONSUME_CHECK_CONSUMER) timestamp=5093 ms, used_size=2691072 bytes (6.6%)
(RDMA_READ_CONSUME_CHECK_CONSUMER) timestamp=5093 ms, used_size=2689024 bytes (6.6%)
(RDMA_READ_CONSUME_CHECK_CONSUMER) timestamp=5093 ms, used_size=2686976 bytes (6.6%)
(RDMA_READ_CONSUME_CHECK_CONSUMER) timestamp=5093 ms, used_size=2684928 bytes (6.6%)
(RDMA_READ_CONSUME_CHECK_CONSUMER) timestamp=5093 ms, used_size=2682880 bytes (6.5%)
(RDMA_READ_CONSUME_CHECK_CONSUMER) timestamp=5093 ms, used_size=2680832 bytes (6.5%)
(RDMA_READ_CONSUME_CHECK_CONSUMER) timestamp=5093 ms, used_size=2678784 bytes (6.5%)
(RDMA_READ_CONSUME_CHECK_CONSUMER) timestamp=5094 ms, used_size=2676736 bytes (6.5%)
(RDMA_READ_CONSUME_CHECK_CONSUMER) timestamp=5094 ms, used_size=2674688 bytes (6.5%)
(RDMA_READ_CONSUME_CHECK_CONSUMER) timestamp=5094 ms, used_size=2672640 bytes (6.5%)
(RDMA_READ_CONSUME_CHECK_CONSUMER) timestamp=5094 ms, used_size=2670592 bytes (6.5%)
(RDMA_READ_CONSUME_CHECK_CONSUMER) timestamp=5094 ms, used_size=2668544 bytes (6.5%)
(RDMA_READ_CONSUME_CHECK_CONSUMER) timestamp=5094 ms, used_size=2666496 bytes (6.5%)
(RDMA_READ_CONSUME_CHECK_CONSUMER) timestamp=5094 ms, used_size=2664448 bytes (6.5%)
(RDMA_READ_CONSUME_CHECK_CONSUMER) timestamp=5094 ms, used_size=2662400 bytes (6.5%)
(RDMA_READ_CONSUME_CHECK_CONSUMER) timestamp=5094 ms, used_size=2660352 bytes (6.5%)
(RDMA_READ_CONSUME_CHECK_CONSUMER) timestamp=5094 ms, used_size=2658304 bytes (6.5%)
(RDMA_READ_CONSUME_CHECK_CONSUMER) timestamp=5094 ms, used_size=2656256 bytes (6.5%)
(RDMA_READ_CONSUME_CHECK_CONSUMER) timestamp=5094 ms, used_size=2654208 bytes (6.5%)
(RDMA_READ_CONSUME_CHECK_CONSUMER) timestamp=5094 ms, used_size=2652160 bytes (6.5%)
(RDMA_READ_CONSUME_CHECK_CONSUMER) timestamp=5094 ms, used_size=2650112 bytes (6.5%)
(RDMA_READ_CONSUME_CHECK_CONSUMER) timestamp=5094 ms, used_size=2648064 bytes (6.5%)
(RDMA_READ_CONSUME_CHECK_CONSUMER) timestamp=5094 ms, used_size=2646016 bytes (6.5%)
(RDMA_READ_CONSUME_CHECK_CONSUMER) timestamp=5094 ms, used_size=2643968 bytes (6.5%)
(RDMA_READ_CONSUME_CHECK_CONSUMER) timestamp=5094 ms, used_size=2641920 bytes (6.5%)
(RDMA_READ_CONSUME_CHECK_CONSUMER) timestamp=5094 ms, used_size=2639872 bytes (6.4%)
(RDMA_READ_CONSUME_CHECK_CONSUMER) timestamp=5094 ms, used_size=2637824 bytes (6.4%)
(RDMA_READ_CONSUME_CHECK_CONSUMER) timestamp=5094 ms, used_size=2635776 bytes (6.4%)
(RDMA_READ_CONSUME_CHECK_CONSUMER) timestamp=5094 ms, used_size=2633728 bytes (6.4%)
(RDMA_READ_CONSUME_CHECK_CONSUMER) timestamp=5094 ms, used_size=2631680 bytes (6.4%)
(RDMA_READ_CONSUME_CHECK_CONSUMER) timestamp=5094 ms, used_size=2629632 bytes (6.4%)
(RDMA_READ_CONSUME_CHECK_CONSUMER) timestamp=5094 ms, used_size=2627584 bytes (6.4%)
(RDMA_READ_CONSUME_CHECK_CONSUMER) timestamp=5094 ms, used_size=2625536 bytes (6.4%)
(RDMA_READ_CONSUME_CHECK_CONSUMER) timestamp=5094 ms, used_size=2623488 bytes (6.4%)
(RDMA_READ_CONSUME_CHECK_CONSUMER) timestamp=5094 ms, used_size=2621440 bytes (6.4%)
(RDMA_READ_CONSUME_CHECK_CONSUMER) timestamp=5094 ms, used_size=2619392 bytes (6.4%)
(RDMA_READ_CONSUME_CHECK_CONSUMER) timestamp=5094 ms, used_size=2617344 bytes (6.4%)
(RDMA_READ_CONSUME_CHECK_CONSUMER) timestamp=5094 ms, used_size=2615296 bytes (6.4%)
(RDMA_READ_CONSUME_CHECK_CONSUMER) timestamp=5094 ms, used_size=2613248 bytes (6.4%)
(RDMA_READ_CONSUME_CHECK_CONSUMER) timestamp=5094 ms, used_size=2611200 bytes (6.4%)
(RDMA_READ_CONSUME_CHECK_CONSUMER) timestamp=5094 ms, used_size=2609152 bytes (6.4%)
(RDMA_READ_CONSUME_CHECK_CONSUMER) timestamp=5094 ms, used_size=2607104 bytes (6.4%)
(RDMA_READ_CONSUME_CHECK_CONSUMER) timestamp=5094 ms, used_size=2605056 bytes (6.4%)
(RDMA_READ_CONSUME_CHECK_CONSUMER) timestamp=5094 ms, used_size=2603008 bytes (6.4%)
(RDMA_READ_CONSUME_CHECK_CONSUMER) timestamp=5094 ms, used_size=2600960 bytes (6.3%)
(RDMA_READ_CONSUME_CHECK_CONSUMER) timestamp=5094 ms, used_size=2598912 bytes (6.3%)
(RDMA_READ_CONSUME_CHECK_CONSUMER) timestamp=5094 ms, used_size=2596864 bytes (6.3%)
(RDMA_READ_CONSUME_CHECK_CONSUMER) timestamp=5094 ms, used_size=2594816 bytes (6.3%)
(RDMA_READ_CONSUME_CHECK_CONSUMER) timestamp=5094 ms, used_size=2592768 bytes (6.3%)
(RDMA_READ_CONSUME_CHECK_CONSUMER) timestamp=5094 ms, used_size=2590720 bytes (6.3%)
(RDMA_READ_CONSUME_CHECK_CONSUMER) timestamp=5094 ms, used_size=2588672 bytes (6.3%)
(RDMA_READ_CONSUME_CHECK_CONSUMER) timestamp=5094 ms, used_size=2586624 bytes (6.3%)
(RDMA_READ_CONSUME_CHECK_CONSUMER) timestamp=5094 ms, used_size=2584576 bytes (6.3%)
(RDMA_READ_CONSUME_CHECK_CONSUMER) timestamp=5094 ms, used_size=2582528 bytes (6.3%)
(RDMA_READ_CONSUME_CHECK_CONSUMER) timestamp=5094 ms, used_size=2580480 bytes (6.3%)
(RDMA_READ_CONSUME_CHECK_CONSUMER) timestamp=5094 ms, used_size=2578432 bytes (6.3%)
(RDMA_READ_CONSUME_CHECK_CONSUMER) timestamp=5094 ms, used_size=2576384 bytes (6.3%)
(RDMA_READ_CONSUME_CHECK_CONSUMER) timestamp=5094 ms, used_size=2574336 bytes (6.3%)
(RDMA_READ_CONSUME_CHECK_CONSUMER) timestamp=5094 ms, used_size=2572288 bytes (6.3%)
(RDMA_READ_CONSUME_CHECK_CONSUMER) timestamp=5094 ms, used_size=2570240 bytes (6.3%)
(RDMA_READ_CONSUME_CHECK_CONSUMER) timestamp=5094 ms, used_size=2568192 bytes (6.3%)
(RDMA_READ_CONSUME_CHECK_CONSUMER) timestamp=5094 ms, used_size=2566144 bytes (6.3%)
(RDMA_READ_CONSUME_CHECK_CONSUMER) timestamp=5094 ms, used_size=2564096 bytes (6.3%)
(RDMA_READ_CONSUME_CHECK_CONSUMER) timestamp=5094 ms, used_size=2562048 bytes (6.3%)
(RDMA_READ_CONSUME_CHECK_CONSUMER) timestamp=5094 ms, used_size=2560000 bytes (6.2%)
(RDMA_READ_CONSUME_CHECK_CONSUMER) timestamp=5094 ms, used_size=2557952 bytes (6.2%)
(RDMA_READ_CONSUME_CHECK_CONSUMER) timestamp=5094 ms, used_size=2555904 bytes (6.2%)
(RDMA_READ_CONSUME_CHECK_CONSUMER) timestamp=5094 ms, used_size=2553856 bytes (6.2%)
(RDMA_READ_CONSUME_CHECK_CONSUMER) timestamp=5094 ms, used_size=2551808 bytes (6.2%)
(RDMA_READ_CONSUME_CHECK_CONSUMER) timestamp=5094 ms, used_size=2549760 bytes (6.2%)
(RDMA_READ_CONSUME_CHECK_CONSUMER) timestamp=5094 ms, used_size=2547712 bytes (6.2%)
(RDMA_READ_CONSUME_CHECK_CONSUMER) timestamp=5094 ms, used_size=2545664 bytes (6.2%)
(RDMA_READ_CONSUME_CHECK_CONSUMER) timestamp=5094 ms, used_size=2543616 bytes (6.2%)
(RDMA_READ_CONSUME_CHECK_CONSUMER) timestamp=5094 ms, used_size=2541568 bytes (6.2%)
(RDMA_READ_CONSUME_CHECK_CONSUMER) timestamp=5094 ms, used_size=2539520 bytes (6.2%)
(RDMA_READ_CONSUME_CHECK_CONSUMER) timestamp=5094 ms, used_size=2537472 bytes (6.2%)
(RDMA_READ_CONSUME_CHECK_CONSUMER) timestamp=5094 ms, used_size=2535424 bytes (6.2%)
(RDMA_READ_CONSUME_CHECK_CONSUMER) timestamp=5094 ms, used_size=2533376 bytes (6.2%)
(RDMA_READ_CONSUME_CHECK_CONSUMER) timestamp=5094 ms, used_size=2531328 bytes (6.2%)
(RDMA_READ_CONSUME_CHECK_CONSUMER) timestamp=5094 ms, used_size=2529280 bytes (6.2%)
(RDMA_READ_CONSUME_CHECK_CONSUMER) timestamp=5094 ms, used_size=2527232 bytes (6.2%)
(RDMA_READ_CONSUME_CHECK_CONSUMER) timestamp=5094 ms, used_size=2525184 bytes (6.2%)
(RDMA_READ_CONSUME_CHECK_CONSUMER) timestamp=5094 ms, used_size=2523136 bytes (6.2%)
(RDMA_READ_CONSUME_CHECK_CONSUMER) timestamp=5094 ms, used_size=2521088 bytes (6.2%)
(RDMA_READ_CONSUME_CHECK_CONSUMER) timestamp=5094 ms, used_size=2519040 bytes (6.2%)
(RDMA_READ_CONSUME_CHECK_CONSUMER) timestamp=5094 ms, used_size=2516992 bytes (6.1%)
(RDMA_READ_CONSUME_CHECK_CONSUMER) timestamp=5094 ms, used_size=2514944 bytes (6.1%)
(RDMA_READ_CONSUME_CHECK_CONSUMER) timestamp=5094 ms, used_size=2512896 bytes (6.1%)
(RDMA_READ_CONSUME_CHECK_CONSUMER) timestamp=5094 ms, used_size=2510848 bytes (6.1%)
(RDMA_READ_CONSUME_CHECK_CONSUMER) timestamp=5094 ms, used_size=2508800 bytes (6.1%)
(RDMA_READ_CONSUME_CHECK_CONSUMER) timestamp=5094 ms, used_size=2506752 bytes (6.1%)
(RDMA_READ_CONSUME_CHECK_CONSUMER) timestamp=5094 ms, used_size=2504704 bytes (6.1%)
(RDMA_READ_CONSUME_CHECK_CONSUMER) timestamp=5094 ms, used_size=2502656 bytes (6.1%)
(RDMA_READ_CONSUME_CHECK_CONSUMER) timestamp=5094 ms, used_size=2500608 bytes (6.1%)
(RDMA_READ_CONSUME_CHECK_CONSUMER) timestamp=5094 ms, used_size=2498560 bytes (6.1%)
(RDMA_READ_CONSUME_CHECK_CONSUMER) timestamp=5094 ms, used_size=2496512 bytes (6.1%)
(RDMA_READ_CONSUME_CHECK_CONSUMER) timestamp=5094 ms, used_size=2494464 bytes (6.1%)
(RDMA_READ_CONSUME_CHECK_CONSUMER) timestamp=5094 ms, used_size=2492416 bytes (6.1%)
(RDMA_READ_CONSUME_CHECK_CONSUMER) timestamp=5094 ms, used_size=2490368 bytes (6.1%)
(RDMA_READ_CONSUME_CHECK_CONSUMER) timestamp=5094 ms, used_size=2488320 bytes (6.1%)
(RDMA_READ_CONSUME_CHECK_CONSUMER) timestamp=5094 ms, used_size=2486272 bytes (6.1%)
(RDMA_READ_CONSUME_CHECK_CONSUMER) timestamp=5094 ms, used_size=2484224 bytes (6.1%)
(RDMA_READ_CONSUME_CHECK_CONSUMER) timestamp=5094 ms, used_size=2482176 bytes (6.1%)
(RDMA_READ_CONSUME_CHECK_CONSUMER) timestamp=5094 ms, used_size=2480128 bytes (6.1%)
(RDMA_READ_CONSUME_CHECK_CONSUMER) timestamp=5094 ms, used_size=2478080 bytes (6.0%)
(RDMA_READ_CONSUME_CHECK_CONSUMER) timestamp=5094 ms, used_size=2476032 bytes (6.0%)
(RDMA_READ_CONSUME_CHECK_CONSUMER) timestamp=5094 ms, used_size=2473984 bytes (6.0%)
(RDMA_READ_CONSUME_CHECK_CONSUMER) timestamp=5094 ms, used_size=2471936 bytes (6.0%)
(RDMA_READ_CONSUME_CHECK_CONSUMER) timestamp=5094 ms, used_size=2469888 bytes (6.0%)
(RDMA_READ_CONSUME_CHECK_CONSUMER) timestamp=5094 ms, used_size=2467840 bytes (6.0%)
(RDMA_READ_CONSUME_CHECK_CONSUMER) timestamp=5094 ms, used_size=2465792 bytes (6.0%)
(RDMA_READ_CONSUME_CHECK_CONSUMER) timestamp=5094 ms, used_size=2463744 bytes (6.0%)
(RDMA_READ_CONSUME_CHECK_CONSUMER) timestamp=5094 ms, used_size=2461696 bytes (6.0%)
(RDMA_READ_CONSUME_CHECK_CONSUMER) timestamp=5094 ms, used_size=2459648 bytes (6.0%)
(RDMA_READ_CONSUME_CHECK_CONSUMER) timestamp=5094 ms, used_size=2457600 bytes (6.0%)
(RDMA_READ_CONSUME_CHECK_CONSUMER) timestamp=5094 ms, used_size=2455552 bytes (6.0%)
(RDMA_READ_CONSUME_CHECK_CONSUMER) timestamp=5094 ms, used_size=2453504 bytes (6.0%)
(RDMA_READ_CONSUME_CHECK_CONSUMER) timestamp=5094 ms, used_size=2451456 bytes (6.0%)
(RDMA_READ_CONSUME_CHECK_CONSUMER) timestamp=5094 ms, used_size=2449408 bytes (6.0%)
(RDMA_READ_CONSUME_CHECK_CONSUMER) timestamp=5094 ms, used_size=2447360 bytes (6.0%)
(RDMA_READ_CONSUME_CHECK_CONSUMER) timestamp=5094 ms, used_size=2445312 bytes (6.0%)
(RDMA_READ_CONSUME_CHECK_CONSUMER) timestamp=5094 ms, used_size=2443264 bytes (6.0%)
(RDMA_READ_CONSUME_CHECK_CONSUMER) timestamp=5094 ms, used_size=2441216 bytes (6.0%)
(RDMA_READ_CONSUME_CHECK_CONSUMER) timestamp=5094 ms, used_size=2439168 bytes (6.0%)
(RDMA_READ_CONSUME_CHECK_CONSUMER) timestamp=5094 ms, used_size=2437120 bytes (6.0%)
(RDMA_READ_CONSUME_CHECK_CONSUMER) timestamp=5094 ms, used_size=2435072 bytes (5.9%)
(RDMA_READ_CONSUME_CHECK_CONSUMER) timestamp=5094 ms, used_size=2433024 bytes (5.9%)
(RDMA_READ_CONSUME_CHECK_CONSUMER) timestamp=5094 ms, used_size=2430976 bytes (5.9%)
(RDMA_READ_CONSUME_CHECK_CONSUMER) timestamp=5094 ms, used_size=2428928 bytes (5.9%)
(RDMA_READ_CONSUME_CHECK_CONSUMER) timestamp=5094 ms, used_size=2426880 bytes (5.9%)
(RDMA_READ_CONSUME_CHECK_CONSUMER) timestamp=5094 ms, used_size=2424832 bytes (5.9%)
(RDMA_READ_CONSUME_CHECK_CONSUMER) timestamp=5094 ms, used_size=2422784 bytes (5.9%)
(RDMA_READ_CONSUME_CHECK_CONSUMER) timestamp=5094 ms, used_size=2420736 bytes (5.9%)
(RDMA_READ_CONSUME_CHECK_CONSUMER) timestamp=5094 ms, used_size=2418688 bytes (5.9%)
(RDMA_READ_CONSUME_CHECK_CONSUMER) timestamp=5094 ms, used_size=2416640 bytes (5.9%)
(RDMA_READ_CONSUME_CHECK_CONSUMER) timestamp=5094 ms, used_size=2414592 bytes (5.9%)
(RDMA_READ_CONSUME_CHECK_CONSUMER) timestamp=5094 ms, used_size=2412544 bytes (5.9%)
(RDMA_READ_CONSUME_CHECK_CONSUMER) timestamp=5094 ms, used_size=2410496 bytes (5.9%)
(RDMA_READ_CONSUME_CHECK_CONSUMER) timestamp=5094 ms, used_size=2408448 bytes (5.9%)
(RDMA_READ_CONSUME_CHECK_CONSUMER) timestamp=5094 ms, used_size=2406400 bytes (5.9%)
(RDMA_READ_CONSUME_CHECK_CONSUMER) timestamp=5094 ms, used_size=2404352 bytes (5.9%)
(RDMA_READ_CONSUME_CHECK_CONSUMER) timestamp=5094 ms, used_size=2402304 bytes (5.9%)
(RDMA_READ_CONSUME_CHECK_CONSUMER) timestamp=5094 ms, used_size=2400256 bytes (5.9%)
(RDMA_READ_CONSUME_CHECK_CONSUMER) timestamp=5094 ms, used_size=2398208 bytes (5.9%)
(RDMA_READ_CONSUME_CHECK_CONSUMER) timestamp=5094 ms, used_size=2396160 bytes (5.8%)
(RDMA_READ_CONSUME_CHECK_CONSUMER) timestamp=5094 ms, used_size=2394112 bytes (5.8%)
(RDMA_READ_CONSUME_CHECK_CONSUMER) timestamp=5094 ms, used_size=2392064 bytes (5.8%)
(RDMA_READ_CONSUME_CHECK_CONSUMER) timestamp=5094 ms, used_size=2390016 bytes (5.8%)
(RDMA_READ_CONSUME_CHECK_CONSUMER) timestamp=5094 ms, used_size=2387968 bytes (5.8%)
(RDMA_READ_CONSUME_CHECK_CONSUMER) timestamp=5094 ms, used_size=2385920 bytes (5.8%)
(RDMA_READ_CONSUME_CHECK_CONSUMER) timestamp=5094 ms, used_size=2383872 bytes (5.8%)
(RDMA_READ_CONSUME_CHECK_CONSUMER) timestamp=5094 ms, used_size=2381824 bytes (5.8%)
(RDMA_READ_CONSUME_CHECK_CONSUMER) timestamp=5094 ms, used_size=2379776 bytes (5.8%)
(RDMA_READ_CONSUME_CHECK_CONSUMER) timestamp=5094 ms, used_size=2377728 bytes (5.8%)
(RDMA_READ_CONSUME_CHECK_CONSUMER) timestamp=5094 ms, used_size=2375680 bytes (5.8%)
(RDMA_READ_CONSUME_CHECK_CONSUMER) timestamp=5094 ms, used_size=2373632 bytes (5.8%)
(RDMA_READ_CONSUME_CHECK_CONSUMER) timestamp=5094 ms, used_size=2371584 bytes (5.8%)
(RDMA_READ_CONSUME_CHECK_CONSUMER) timestamp=5094 ms, used_size=2369536 bytes (5.8%)
(RDMA_READ_CONSUME_CHECK_CONSUMER) timestamp=5094 ms, used_size=2367488 bytes (5.8%)
(RDMA_READ_CONSUME_CHECK_CONSUMER) timestamp=5094 ms, used_size=2365440 bytes (5.8%)
(RDMA_READ_CONSUME_CHECK_CONSUMER) timestamp=5094 ms, used_size=2363392 bytes (5.8%)
(RDMA_READ_CONSUME_CHECK_CONSUMER) timestamp=5094 ms, used_size=2361344 bytes (5.8%)
(RDMA_READ_CONSUME_CHECK_CONSUMER) timestamp=5094 ms, used_size=2359296 bytes (5.8%)
(RDMA_READ_CONSUME_CHECK_CONSUMER) timestamp=5094 ms, used_size=2357248 bytes (5.8%)
(RDMA_READ_CONSUME_CHECK_CONSUMER) timestamp=5094 ms, used_size=2355200 bytes (5.8%)
(RDMA_READ_CONSUME_CHECK_CONSUMER) timestamp=5094 ms, used_size=2353152 bytes (5.7%)
(RDMA_READ_CONSUME_CHECK_CONSUMER) timestamp=5094 ms, used_size=2351104 bytes (5.7%)
(RDMA_READ_CONSUME_CHECK_CONSUMER) timestamp=5094 ms, used_size=2349056 bytes (5.7%)
(RDMA_READ_CONSUME_CHECK_CONSUMER) timestamp=5094 ms, used_size=2347008 bytes (5.7%)
(RDMA_READ_CONSUME_CHECK_CONSUMER) timestamp=5094 ms, used_size=2344960 bytes (5.7%)
(RDMA_READ_CONSUME_CHECK_CONSUMER) timestamp=5094 ms, used_size=2342912 bytes (5.7%)
(RDMA_READ_CONSUME_CHECK_CONSUMER) timestamp=5094 ms, used_size=2340864 bytes (5.7%)
(RDMA_READ_CONSUME_CHECK_CONSUMER) timestamp=5094 ms, used_size=2338816 bytes (5.7%)
(RDMA_READ_CONSUME_CHECK_CONSUMER) timestamp=5094 ms, used_size=2336768 bytes (5.7%)
(RDMA_READ_CONSUME_CHECK_CONSUMER) timestamp=5094 ms, used_size=2334720 bytes (5.7%)
(RDMA_READ_CONSUME_CHECK_CONSUMER) timestamp=5094 ms, used_size=2332672 bytes (5.7%)
(RDMA_READ_CONSUME_CHECK_CONSUMER) timestamp=5094 ms, used_size=2330624 bytes (5.7%)
(RDMA_READ_CONSUME_CHECK_CONSUMER) timestamp=5094 ms, used_size=2328576 bytes (5.7%)
(RDMA_READ_CONSUME_CHECK_CONSUMER) timestamp=5094 ms, used_size=2326528 bytes (5.7%)
(RDMA_READ_CONSUME_CHECK_CONSUMER) timestamp=5094 ms, used_size=2324480 bytes (5.7%)
(RDMA_READ_CONSUME_CHECK_CONSUMER) timestamp=5094 ms, used_size=2322432 bytes (5.7%)
(RDMA_READ_CONSUME_CHECK_CONSUMER) timestamp=5094 ms, used_size=2320384 bytes (5.7%)
(RDMA_READ_CONSUME_CHECK_CONSUMER) timestamp=5094 ms, used_size=2318336 bytes (5.7%)
(RDMA_READ_CONSUME_CHECK_CONSUMER) timestamp=5094 ms, used_size=2316288 bytes (5.7%)
(RDMA_READ_CONSUME_CHECK_CONSUMER) timestamp=5094 ms, used_size=2314240 bytes (5.7%)
(RDMA_READ_CONSUME_CHECK_CONSUMER) timestamp=5094 ms, used_size=2312192 bytes (5.6%)
(RDMA_READ_CONSUME_CHECK_CONSUMER) timestamp=5094 ms, used_size=2310144 bytes (5.6%)
(RDMA_READ_CONSUME_CHECK_CONSUMER) timestamp=5094 ms, used_size=2308096 bytes (5.6%)
(RDMA_READ_CONSUME_CHECK_CONSUMER) timestamp=5094 ms, used_size=2306048 bytes (5.6%)
(RDMA_READ_CONSUME_CHECK_CONSUMER) timestamp=5095 ms, used_size=2304000 bytes (5.6%)
(RDMA_READ_CONSUME_CHECK_CONSUMER) timestamp=5095 ms, used_size=2301952 bytes (5.6%)
(RDMA_READ_CONSUME_CHECK_CONSUMER) timestamp=5095 ms, used_size=2299904 bytes (5.6%)
(RDMA_READ_CONSUME_CHECK_CONSUMER) timestamp=5095 ms, used_size=2297856 bytes (5.6%)
(RDMA_READ_CONSUME_CHECK_CONSUMER) timestamp=5095 ms, used_size=2295808 bytes (5.6%)
(RDMA_READ_CONSUME_CHECK_CONSUMER) timestamp=5095 ms, used_size=2293760 bytes (5.6%)
(RDMA_READ_CONSUME_CHECK_CONSUMER) timestamp=5095 ms, used_size=2291712 bytes (5.6%)
(RDMA_READ_CONSUME_CHECK_CONSUMER) timestamp=5095 ms, used_size=2289664 bytes (5.6%)
(RDMA_READ_CONSUME_CHECK_CONSUMER) timestamp=5095 ms, used_size=2287616 bytes (5.6%)
(RDMA_READ_CONSUME_CHECK_CONSUMER) timestamp=5095 ms, used_size=2285568 bytes (5.6%)
(RDMA_READ_CONSUME_CHECK_CONSUMER) timestamp=5095 ms, used_size=2283520 bytes (5.6%)
(RDMA_READ_CONSUME_CHECK_CONSUMER) timestamp=5095 ms, used_size=2281472 bytes (5.6%)
(RDMA_READ_CONSUME_CHECK_CONSUMER) timestamp=5095 ms, used_size=2279424 bytes (5.6%)
(RDMA_READ_CONSUME_CHECK_CONSUMER) timestamp=5095 ms, used_size=2277376 bytes (5.6%)
(RDMA_READ_CONSUME_CHECK_CONSUMER) timestamp=5095 ms, used_size=2275328 bytes (5.6%)
(RDMA_READ_CONSUME_CHECK_CONSUMER) timestamp=5095 ms, used_size=2273280 bytes (5.5%)
(RDMA_READ_CONSUME_CHECK_CONSUMER) timestamp=5095 ms, used_size=2271232 bytes (5.5%)
(RDMA_READ_CONSUME_CHECK_CONSUMER) timestamp=5095 ms, used_size=2269184 bytes (5.5%)
(RDMA_READ_CONSUME_CHECK_CONSUMER) timestamp=5095 ms, used_size=2267136 bytes (5.5%)
(RDMA_READ_CONSUME_CHECK_CONSUMER) timestamp=5095 ms, used_size=2265088 bytes (5.5%)
(RDMA_READ_CONSUME_CHECK_CONSUMER) timestamp=5095 ms, used_size=2263040 bytes (5.5%)
(RDMA_READ_CONSUME_CHECK_CONSUMER) timestamp=5095 ms, used_size=2260992 bytes (5.5%)
(RDMA_READ_CONSUME_CHECK_CONSUMER) timestamp=5095 ms, used_size=2258944 bytes (5.5%)
(RDMA_READ_CONSUME_CHECK_CONSUMER) timestamp=5095 ms, used_size=2256896 bytes (5.5%)
(RDMA_READ_CONSUME_CHECK_CONSUMER) timestamp=5095 ms, used_size=2254848 bytes (5.5%)
(RDMA_READ_CONSUME_CHECK_CONSUMER) timestamp=5095 ms, used_size=2252800 bytes (5.5%)
(RDMA_READ_CONSUME_CHECK_CONSUMER) timestamp=5095 ms, used_size=2250752 bytes (5.5%)
(RDMA_READ_CONSUME_CHECK_CONSUMER) timestamp=5095 ms, used_size=2248704 bytes (5.5%)
(RDMA_READ_CONSUME_CHECK_CONSUMER) timestamp=5095 ms, used_size=2246656 bytes (5.5%)
(RDMA_READ_CONSUME_CHECK_CONSUMER) timestamp=5095 ms, used_size=2244608 bytes (5.5%)
(RDMA_READ_CONSUME_CHECK_CONSUMER) timestamp=5095 ms, used_size=2242560 bytes (5.5%)
(RDMA_READ_CONSUME_CHECK_CONSUMER) timestamp=5095 ms, used_size=2240512 bytes (5.5%)
(RDMA_READ_CONSUME_CHECK_CONSUMER) timestamp=5095 ms, used_size=2238464 bytes (5.5%)
(RDMA_READ_CONSUME_CHECK_CONSUMER) timestamp=5095 ms, used_size=2236416 bytes (5.5%)
(RDMA_READ_CONSUME_CHECK_CONSUMER) timestamp=5095 ms, used_size=2234368 bytes (5.5%)
(RDMA_READ_CONSUME_CHECK_CONSUMER) timestamp=5095 ms, used_size=2232320 bytes (5.5%)
(RDMA_READ_CONSUME_CHECK_CONSUMER) timestamp=5095 ms, used_size=2230272 bytes (5.4%)
(RDMA_READ_CONSUME_CHECK_CONSUMER) timestamp=5095 ms, used_size=2228224 bytes (5.4%)
(RDMA_READ_CONSUME_CHECK_CONSUMER) timestamp=5095 ms, used_size=2226176 bytes (5.4%)
(RDMA_READ_CONSUME_CHECK_CONSUMER) timestamp=5095 ms, used_size=2224128 bytes (5.4%)
(RDMA_READ_CONSUME_CHECK_CONSUMER) timestamp=5095 ms, used_size=2222080 bytes (5.4%)
(RDMA_READ_CONSUME_CHECK_CONSUMER) timestamp=5095 ms, used_size=2220032 bytes (5.4%)
(RDMA_READ_CONSUME_CHECK_CONSUMER) timestamp=5095 ms, used_size=2217984 bytes (5.4%)
(RDMA_READ_CONSUME_CHECK_CONSUMER) timestamp=5095 ms, used_size=2215936 bytes (5.4%)
(RDMA_READ_CONSUME_CHECK_CONSUMER) timestamp=5095 ms, used_size=2213888 bytes (5.4%)
(RDMA_READ_CONSUME_CHECK_CONSUMER) timestamp=5095 ms, used_size=2211840 bytes (5.4%)
(RDMA_READ_CONSUME_CHECK_CONSUMER) timestamp=5095 ms, used_size=2209792 bytes (5.4%)
(RDMA_READ_CONSUME_CHECK_CONSUMER) timestamp=5095 ms, used_size=2207744 bytes (5.4%)
(RDMA_READ_CONSUME_CHECK_CONSUMER) timestamp=5095 ms, used_size=2205696 bytes (5.4%)
(RDMA_READ_CONSUME_CHECK_CONSUMER) timestamp=5095 ms, used_size=2203648 bytes (5.4%)
(RDMA_READ_CONSUME_CHECK_CONSUMER) timestamp=5095 ms, used_size=2201600 bytes (5.4%)
(RDMA_READ_CONSUME_CHECK_CONSUMER) timestamp=5095 ms, used_size=2199552 bytes (5.4%)
(RDMA_READ_CONSUME_CHECK_CONSUMER) timestamp=5095 ms, used_size=2197504 bytes (5.4%)
(RDMA_READ_CONSUME_CHECK_CONSUMER) timestamp=5095 ms, used_size=2195456 bytes (5.4%)
(RDMA_READ_CONSUME_CHECK_CONSUMER) timestamp=5095 ms, used_size=2193408 bytes (5.4%)
(RDMA_READ_CONSUME_CHECK_CONSUMER) timestamp=5095 ms, used_size=2191360 bytes (5.3%)
(RDMA_READ_CONSUME_CHECK_CONSUMER) timestamp=5095 ms, used_size=2189312 bytes (5.3%)
(RDMA_READ_CONSUME_CHECK_CONSUMER) timestamp=5095 ms, used_size=2187264 bytes (5.3%)
(RDMA_READ_CONSUME_CHECK_CONSUMER) timestamp=5095 ms, used_size=2185216 bytes (5.3%)
(RDMA_READ_CONSUME_CHECK_CONSUMER) timestamp=5095 ms, used_size=2183168 bytes (5.3%)
(RDMA_READ_CONSUME_CHECK_CONSUMER) timestamp=5095 ms, used_size=2181120 bytes (5.3%)
(RDMA_READ_CONSUME_CHECK_CONSUMER) timestamp=5095 ms, used_size=2179072 bytes (5.3%)
(RDMA_READ_CONSUME_CHECK_CONSUMER) timestamp=5095 ms, used_size=2177024 bytes (5.3%)
(RDMA_READ_CONSUME_CHECK_CONSUMER) timestamp=5095 ms, used_size=2174976 bytes (5.3%)
(RDMA_READ_CONSUME_CHECK_CONSUMER) timestamp=5095 ms, used_size=2172928 bytes (5.3%)
(RDMA_READ_CONSUME_CHECK_CONSUMER) timestamp=5095 ms, used_size=2170880 bytes (5.3%)
(RDMA_READ_CONSUME_CHECK_CONSUMER) timestamp=5095 ms, used_size=2168832 bytes (5.3%)
(RDMA_READ_CONSUME_CHECK_CONSUMER) timestamp=5095 ms, used_size=2166784 bytes (5.3%)
(RDMA_READ_CONSUME_CHECK_CONSUMER) timestamp=5095 ms, used_size=2164736 bytes (5.3%)
(RDMA_READ_CONSUME_CHECK_CONSUMER) timestamp=5095 ms, used_size=2162688 bytes (5.3%)
(RDMA_READ_CONSUME_CHECK_CONSUMER) timestamp=5095 ms, used_size=2160640 bytes (5.3%)
(RDMA_READ_CONSUME_CHECK_CONSUMER) timestamp=5095 ms, used_size=2158592 bytes (5.3%)
(RDMA_READ_CONSUME_CHECK_CONSUMER) timestamp=5095 ms, used_size=2156544 bytes (5.3%)
(RDMA_READ_CONSUME_CHECK_CONSUMER) timestamp=5095 ms, used_size=2154496 bytes (5.3%)
(RDMA_READ_CONSUME_CHECK_CONSUMER) timestamp=5095 ms, used_size=2152448 bytes (5.3%)
(RDMA_READ_CONSUME_CHECK_CONSUMER) timestamp=5095 ms, used_size=2150400 bytes (5.2%)
(RDMA_READ_CONSUME_CHECK_CONSUMER) timestamp=5095 ms, used_size=2148352 bytes (5.2%)
(RDMA_READ_CONSUME_CHECK_CONSUMER) timestamp=5095 ms, used_size=2146304 bytes (5.2%)
(RDMA_READ_CONSUME_CHECK_CONSUMER) timestamp=5095 ms, used_size=2144256 bytes (5.2%)
(RDMA_READ_CONSUME_CHECK_CONSUMER) timestamp=5095 ms, used_size=2142208 bytes (5.2%)
(RDMA_READ_CONSUME_CHECK_CONSUMER) timestamp=5095 ms, used_size=2140160 bytes (5.2%)
(RDMA_READ_CONSUME_CHECK_CONSUMER) timestamp=5095 ms, used_size=2138112 bytes (5.2%)
(RDMA_READ_CONSUME_CHECK_CONSUMER) timestamp=5095 ms, used_size=2136064 bytes (5.2%)
(RDMA_READ_CONSUME_CHECK_CONSUMER) timestamp=5095 ms, used_size=2134016 bytes (5.2%)
(RDMA_READ_CONSUME_CHECK_CONSUMER) timestamp=5095 ms, used_size=2131968 bytes (5.2%)
(RDMA_READ_CONSUME_CHECK_CONSUMER) timestamp=5095 ms, used_size=2129920 bytes (5.2%)
(RDMA_READ_CONSUME_CHECK_CONSUMER) timestamp=5095 ms, used_size=2127872 bytes (5.2%)
(RDMA_READ_CONSUME_CHECK_CONSUMER) timestamp=5095 ms, used_size=2125824 bytes (5.2%)
(RDMA_READ_CONSUME_CHECK_CONSUMER) timestamp=5095 ms, used_size=2123776 bytes (5.2%)
(RDMA_READ_CONSUME_CHECK_CONSUMER) timestamp=5095 ms, used_size=2121728 bytes (5.2%)
(RDMA_READ_CONSUME_CHECK_CONSUMER) timestamp=5095 ms, used_size=2119680 bytes (5.2%)
(RDMA_READ_CONSUME_CHECK_CONSUMER) timestamp=5095 ms, used_size=2117632 bytes (5.2%)
(RDMA_READ_CONSUME_CHECK_CONSUMER) timestamp=5095 ms, used_size=2115584 bytes (5.2%)
(RDMA_READ_CONSUME_CHECK_CONSUMER) timestamp=5095 ms, used_size=2113536 bytes (5.2%)
(RDMA_READ_CONSUME_CHECK_CONSUMER) timestamp=5095 ms, used_size=2111488 bytes (5.2%)
(RDMA_READ_CONSUME_CHECK_CONSUMER) timestamp=5095 ms, used_size=2109440 bytes (5.2%)
(RDMA_READ_CONSUME_CHECK_CONSUMER) timestamp=5095 ms, used_size=2107392 bytes (5.1%)
(RDMA_READ_CONSUME_CHECK_CONSUMER) timestamp=5095 ms, used_size=2105344 bytes (5.1%)
(RDMA_READ_CONSUME_CHECK_CONSUMER) timestamp=5095 ms, used_size=2103296 bytes (5.1%)
(RDMA_READ_CONSUME_CHECK_CONSUMER) timestamp=5095 ms, used_size=2101248 bytes (5.1%)
(RDMA_READ_CONSUME_CHECK_CONSUMER) timestamp=5095 ms, used_size=2099200 bytes (5.1%)
(RDMA_READ_CONSUME_CHECK_CONSUMER) timestamp=5095 ms, used_size=2097152 bytes (5.1%)
(RDMA_READ_CONSUME_CHECK_CONSUMER) timestamp=5095 ms, used_size=2095104 bytes (5.1%)
(RDMA_READ_CONSUME_CHECK_CONSUMER) timestamp=5095 ms, used_size=2093056 bytes (5.1%)
(RDMA_READ_CONSUME_CHECK_CONSUMER) timestamp=5095 ms, used_size=2091008 bytes (5.1%)
(RDMA_READ_CONSUME_CHECK_CONSUMER) timestamp=5095 ms, used_size=2088960 bytes (5.1%)
(RDMA_READ_CONSUME_CHECK_CONSUMER) timestamp=5095 ms, used_size=2086912 bytes (5.1%)
(RDMA_READ_CONSUME_CHECK_CONSUMER) timestamp=5095 ms, used_size=2084864 bytes (5.1%)
(RDMA_READ_CONSUME_CHECK_CONSUMER) timestamp=5095 ms, used_size=2082816 bytes (5.1%)
(RDMA_READ_CONSUME_CHECK_CONSUMER) timestamp=5095 ms, used_size=2080768 bytes (5.1%)
(RDMA_READ_CONSUME_CHECK_CONSUMER) timestamp=5095 ms, used_size=2078720 bytes (5.1%)
(RDMA_READ_CONSUME_CHECK_CONSUMER) timestamp=5095 ms, used_size=2076672 bytes (5.1%)
(RDMA_READ_CONSUME_CHECK_CONSUMER) timestamp=5095 ms, used_size=2074624 bytes (5.1%)
(RDMA_READ_CONSUME_CHECK_CONSUMER) timestamp=5095 ms, used_size=2072576 bytes (5.1%)
(RDMA_READ_CONSUME_CHECK_CONSUMER) timestamp=5095 ms, used_size=2070528 bytes (5.1%)
(RDMA_READ_CONSUME_CHECK_CONSUMER) timestamp=5095 ms, used_size=2068480 bytes (5.0%)
(RDMA_READ_CONSUME_CHECK_CONSUMER) timestamp=5095 ms, used_size=2066432 bytes (5.0%)
(RDMA_READ_CONSUME_CHECK_CONSUMER) timestamp=5095 ms, used_size=2064384 bytes (5.0%)
(RDMA_READ_CONSUME_CHECK_CONSUMER) timestamp=5095 ms, used_size=2062336 bytes (5.0%)
(RDMA_READ_CONSUME_CHECK_CONSUMER) timestamp=5095 ms, used_size=2060288 bytes (5.0%)
(RDMA_READ_CONSUME_CHECK_CONSUMER) timestamp=5095 ms, used_size=2058240 bytes (5.0%)
(RDMA_READ_CONSUME_CHECK_CONSUMER) timestamp=5095 ms, used_size=2056192 bytes (5.0%)
(RDMA_READ_CONSUME_CHECK_CONSUMER) timestamp=5095 ms, used_size=2054144 bytes (5.0%)
(RDMA_READ_CONSUME_CHECK_CONSUMER) timestamp=5095 ms, used_size=2052096 bytes (5.0%)
(RDMA_READ_CONSUME_CHECK_CONSUMER) timestamp=5095 ms, used_size=2050048 bytes (5.0%)
(RDMA_READ_CONSUME_CHECK_CONSUMER) timestamp=5095 ms, used_size=2048000 bytes (5.0%)
(RDMA_READ_CONSUME_CHECK_CONSUMER) timestamp=5095 ms, used_size=2045952 bytes (5.0%)
(RDMA_READ_CONSUME_CHECK_CONSUMER) timestamp=5095 ms, used_size=2043904 bytes (5.0%)
(RDMA_READ_CONSUME_CHECK_CONSUMER) timestamp=5095 ms, used_size=2041856 bytes (5.0%)
(RDMA_READ_CONSUME_CHECK_CONSUMER) timestamp=5095 ms, used_size=2039808 bytes (5.0%)
(RDMA_READ_CONSUME_CHECK_CONSUMER) timestamp=5095 ms, used_size=2037760 bytes (5.0%)
(RDMA_READ_CONSUME_CHECK_CONSUMER) timestamp=5095 ms, used_size=2035712 bytes (5.0%)
(RDMA_READ_CONSUME_CHECK_CONSUMER) timestamp=5095 ms, used_size=2033664 bytes (5.0%)
(RDMA_READ_CONSUME_CHECK_CONSUMER) timestamp=5095 ms, used_size=2031616 bytes (5.0%)
(RDMA_READ_CONSUME_CHECK_CONSUMER) timestamp=5095 ms, used_size=2029568 bytes (5.0%)
(RDMA_READ_CONSUME_CHECK_CONSUMER) timestamp=5095 ms, used_size=2027520 bytes (5.0%)
(RDMA_READ_CONSUME_CHECK_CONSUMER) timestamp=5095 ms, used_size=2025472 bytes (4.9%)
(RDMA_READ_CONSUME_CHECK_CONSUMER) timestamp=5095 ms, used_size=2023424 bytes (4.9%)
(RDMA_READ_CONSUME_CHECK_CONSUMER) timestamp=5095 ms, used_size=2021376 bytes (4.9%)
(RDMA_READ_CONSUME_CHECK_CONSUMER) timestamp=5095 ms, used_size=2019328 bytes (4.9%)
(RDMA_READ_CONSUME_CHECK_CONSUMER) timestamp=5095 ms, used_size=2017280 bytes (4.9%)
(RDMA_READ_CONSUME_CHECK_CONSUMER) timestamp=5095 ms, used_size=2015232 bytes (4.9%)
(RDMA_READ_CONSUME_CHECK_CONSUMER) timestamp=5095 ms, used_size=2013184 bytes (4.9%)
(RDMA_READ_CONSUME_CHECK_CONSUMER) timestamp=5095 ms, used_size=2011136 bytes (4.9%)
(RDMA_READ_CONSUME_CHECK_CONSUMER) timestamp=5095 ms, used_size=2009088 bytes (4.9%)
(RDMA_READ_CONSUME_CHECK_CONSUMER) timestamp=5095 ms, used_size=2007040 bytes (4.9%)
(RDMA_READ_CONSUME_CHECK_CONSUMER) timestamp=5095 ms, used_size=2004992 bytes (4.9%)
(RDMA_READ_CONSUME_CHECK_CONSUMER) timestamp=5095 ms, used_size=2002944 bytes (4.9%)
(RDMA_READ_CONSUME_CHECK_CONSUMER) timestamp=5095 ms, used_size=2000896 bytes (4.9%)
(RDMA_READ_CONSUME_CHECK_CONSUMER) timestamp=5095 ms, used_size=1998848 bytes (4.9%)
(RDMA_READ_CONSUME_CHECK_CONSUMER) timestamp=5095 ms, used_size=1996800 bytes (4.9%)
(RDMA_READ_CONSUME_CHECK_CONSUMER) timestamp=5095 ms, used_size=1994752 bytes (4.9%)
(RDMA_READ_CONSUME_CHECK_CONSUMER) timestamp=5095 ms, used_size=1992704 bytes (4.9%)
(RDMA_READ_CONSUME_CHECK_CONSUMER) timestamp=5095 ms, used_size=1990656 bytes (4.9%)
(RDMA_READ_CONSUME_CHECK_CONSUMER) timestamp=5095 ms, used_size=1988608 bytes (4.9%)
(RDMA_READ_CONSUME_CHECK_CONSUMER) timestamp=5095 ms, used_size=1986560 bytes (4.8%)
(RDMA_READ_CONSUME_CHECK_CONSUMER) timestamp=5095 ms, used_size=1984512 bytes (4.8%)
(RDMA_READ_CONSUME_CHECK_CONSUMER) timestamp=5095 ms, used_size=1982464 bytes (4.8%)
(RDMA_READ_CONSUME_CHECK_CONSUMER) timestamp=5095 ms, used_size=1980416 bytes (4.8%)
(RDMA_READ_CONSUME_CHECK_CONSUMER) timestamp=5095 ms, used_size=1978368 bytes (4.8%)
(RDMA_READ_CONSUME_CHECK_CONSUMER) timestamp=5095 ms, used_size=1976320 bytes (4.8%)
(RDMA_READ_CONSUME_CHECK_CONSUMER) timestamp=5095 ms, used_size=1974272 bytes (4.8%)
(RDMA_READ_CONSUME_CHECK_CONSUMER) timestamp=5095 ms, used_size=1972224 bytes (4.8%)
(RDMA_READ_CONSUME_CHECK_CONSUMER) timestamp=5095 ms, used_size=1970176 bytes (4.8%)
(RDMA_READ_CONSUME_CHECK_CONSUMER) timestamp=5095 ms, used_size=1968128 bytes (4.8%)
(RDMA_READ_CONSUME_CHECK_CONSUMER) timestamp=5095 ms, used_size=1966080 bytes (4.8%)
(RDMA_READ_CONSUME_CHECK_CONSUMER) timestamp=5095 ms, used_size=1964032 bytes (4.8%)
(RDMA_READ_CONSUME_CHECK_CONSUMER) timestamp=5095 ms, used_size=1961984 bytes (4.8%)
(RDMA_READ_CONSUME_CHECK_CONSUMER) timestamp=5095 ms, used_size=1959936 bytes (4.8%)
(RDMA_READ_CONSUME_CHECK_CONSUMER) timestamp=5095 ms, used_size=1957888 bytes (4.8%)
(RDMA_READ_CONSUME_CHECK_CONSUMER) timestamp=5095 ms, used_size=1955840 bytes (4.8%)
(RDMA_READ_CONSUME_CHECK_CONSUMER) timestamp=5095 ms, used_size=1953792 bytes (4.8%)
(RDMA_READ_CONSUME_CHECK_CONSUMER) timestamp=5095 ms, used_size=1951744 bytes (4.8%)
(RDMA_READ_CONSUME_CHECK_CONSUMER) timestamp=5095 ms, used_size=1949696 bytes (4.8%)
(RDMA_READ_CONSUME_CHECK_CONSUMER) timestamp=5095 ms, used_size=1947648 bytes (4.8%)
(RDMA_READ_CONSUME_CHECK_CONSUMER) timestamp=5095 ms, used_size=1945600 bytes (4.8%)
(RDMA_READ_CONSUME_CHECK_CONSUMER) timestamp=5095 ms, used_size=1943552 bytes (4.7%)
(RDMA_READ_CONSUME_CHECK_CONSUMER) timestamp=5095 ms, used_size=1941504 bytes (4.7%)
(RDMA_READ_CONSUME_CHECK_CONSUMER) timestamp=5095 ms, used_size=1939456 bytes (4.7%)
(RDMA_READ_CONSUME_CHECK_CONSUMER) timestamp=5095 ms, used_size=1937408 bytes (4.7%)
(RDMA_READ_CONSUME_CHECK_CONSUMER) timestamp=5095 ms, used_size=1935360 bytes (4.7%)
(RDMA_READ_CONSUME_CHECK_CONSUMER) timestamp=5095 ms, used_size=1933312 bytes (4.7%)
(RDMA_READ_CONSUME_CHECK_CONSUMER) timestamp=5095 ms, used_size=1931264 bytes (4.7%)
(RDMA_READ_CONSUME_CHECK_CONSUMER) timestamp=5095 ms, used_size=1929216 bytes (4.7%)
(RDMA_READ_CONSUME_CHECK_CONSUMER) timestamp=5096 ms, used_size=1927168 bytes (4.7%)
(RDMA_READ_CONSUME_CHECK_CONSUMER) timestamp=5096 ms, used_size=1925120 bytes (4.7%)
(RDMA_READ_CONSUME_CHECK_CONSUMER) timestamp=5096 ms, used_size=1923072 bytes (4.7%)
(RDMA_READ_CONSUME_CHECK_CONSUMER) timestamp=5096 ms, used_size=1921024 bytes (4.7%)
(RDMA_READ_CONSUME_CHECK_CONSUMER) timestamp=5096 ms, used_size=1918976 bytes (4.7%)
(RDMA_READ_CONSUME_CHECK_CONSUMER) timestamp=5096 ms, used_size=1916928 bytes (4.7%)
(RDMA_READ_CONSUME_CHECK_CONSUMER) timestamp=5096 ms, used_size=1914880 bytes (4.7%)
(RDMA_READ_CONSUME_CHECK_CONSUMER) timestamp=5096 ms, used_size=1912832 bytes (4.7%)
(RDMA_READ_CONSUME_CHECK_CONSUMER) timestamp=5096 ms, used_size=1910784 bytes (4.7%)
(RDMA_READ_CONSUME_CHECK_CONSUMER) timestamp=5096 ms, used_size=1908736 bytes (4.7%)
(RDMA_READ_CONSUME_CHECK_CONSUMER) timestamp=5096 ms, used_size=1906688 bytes (4.7%)
(RDMA_READ_CONSUME_CHECK_CONSUMER) timestamp=5096 ms, used_size=1904640 bytes (4.7%)
(RDMA_READ_CONSUME_CHECK_CONSUMER) timestamp=5096 ms, used_size=1902592 bytes (4.6%)
(RDMA_READ_CONSUME_CHECK_CONSUMER) timestamp=5096 ms, used_size=1900544 bytes (4.6%)
(RDMA_READ_CONSUME_CHECK_CONSUMER) timestamp=5096 ms, used_size=1898496 bytes (4.6%)
(RDMA_READ_CONSUME_CHECK_CONSUMER) timestamp=5096 ms, used_size=1896448 bytes (4.6%)
(RDMA_READ_CONSUME_CHECK_CONSUMER) timestamp=5096 ms, used_size=1894400 bytes (4.6%)
(RDMA_READ_CONSUME_CHECK_CONSUMER) timestamp=5096 ms, used_size=1892352 bytes (4.6%)
(RDMA_READ_CONSUME_CHECK_CONSUMER) timestamp=5096 ms, used_size=1890304 bytes (4.6%)
(RDMA_READ_CONSUME_CHECK_CONSUMER) timestamp=5096 ms, used_size=1888256 bytes (4.6%)
(RDMA_READ_CONSUME_CHECK_CONSUMER) timestamp=5096 ms, used_size=1886208 bytes (4.6%)
(RDMA_READ_CONSUME_CHECK_CONSUMER) timestamp=5096 ms, used_size=1884160 bytes (4.6%)
(RDMA_READ_CONSUME_CHECK_CONSUMER) timestamp=5096 ms, used_size=1882112 bytes (4.6%)
(RDMA_READ_CONSUME_CHECK_CONSUMER) timestamp=5096 ms, used_size=1880064 bytes (4.6%)
(RDMA_READ_CONSUME_CHECK_CONSUMER) timestamp=5096 ms, used_size=1878016 bytes (4.6%)
(RDMA_READ_CONSUME_CHECK_CONSUMER) timestamp=5096 ms, used_size=1875968 bytes (4.6%)
(RDMA_READ_CONSUME_CHECK_CONSUMER) timestamp=5096 ms, used_size=1873920 bytes (4.6%)
(RDMA_READ_CONSUME_CHECK_CONSUMER) timestamp=5096 ms, used_size=1871872 bytes (4.6%)
(RDMA_READ_CONSUME_CHECK_CONSUMER) timestamp=5096 ms, used_size=1869824 bytes (4.6%)
(RDMA_READ_CONSUME_CHECK_CONSUMER) timestamp=5096 ms, used_size=1867776 bytes (4.6%)
(RDMA_READ_CONSUME_CHECK_CONSUMER) timestamp=5096 ms, used_size=1865728 bytes (4.6%)
(RDMA_READ_CONSUME_CHECK_CONSUMER) timestamp=5096 ms, used_size=1863680 bytes (4.5%)
(RDMA_READ_CONSUME_CHECK_CONSUMER) timestamp=5096 ms, used_size=1861632 bytes (4.5%)
(RDMA_READ_CONSUME_CHECK_CONSUMER) timestamp=5096 ms, used_size=1859584 bytes (4.5%)
(RDMA_READ_CONSUME_CHECK_CONSUMER) timestamp=5096 ms, used_size=1857536 bytes (4.5%)
(RDMA_READ_CONSUME_CHECK_CONSUMER) timestamp=5096 ms, used_size=1855488 bytes (4.5%)
(RDMA_READ_CONSUME_CHECK_CONSUMER) timestamp=5096 ms, used_size=1853440 bytes (4.5%)
(RDMA_READ_CONSUME_CHECK_CONSUMER) timestamp=5096 ms, used_size=1851392 bytes (4.5%)
(RDMA_READ_CONSUME_CHECK_CONSUMER) timestamp=5096 ms, used_size=1849344 bytes (4.5%)
(RDMA_READ_CONSUME_CHECK_CONSUMER) timestamp=5096 ms, used_size=1847296 bytes (4.5%)
(RDMA_READ_CONSUME_CHECK_CONSUMER) timestamp=5096 ms, used_size=1845248 bytes (4.5%)
(RDMA_READ_CONSUME_CHECK_CONSUMER) timestamp=5096 ms, used_size=1843200 bytes (4.5%)
(RDMA_READ_CONSUME_CHECK_CONSUMER) timestamp=5096 ms, used_size=1841152 bytes (4.5%)
(RDMA_READ_CONSUME_CHECK_CONSUMER) timestamp=5096 ms, used_size=1839104 bytes (4.5%)
(RDMA_READ_CONSUME_CHECK_CONSUMER) timestamp=5096 ms, used_size=1837056 bytes (4.5%)
(RDMA_READ_CONSUME_CHECK_CONSUMER) timestamp=5096 ms, used_size=1835008 bytes (4.5%)
(RDMA_READ_CONSUME_CHECK_CONSUMER) timestamp=5096 ms, used_size=1832960 bytes (4.5%)
(RDMA_READ_CONSUME_CHECK_CONSUMER) timestamp=5096 ms, used_size=1830912 bytes (4.5%)
(RDMA_READ_CONSUME_CHECK_CONSUMER) timestamp=5096 ms, used_size=1828864 bytes (4.5%)
(RDMA_READ_CONSUME_CHECK_CONSUMER) timestamp=5096 ms, used_size=1826816 bytes (4.5%)
(RDMA_READ_CONSUME_CHECK_CONSUMER) timestamp=5096 ms, used_size=1824768 bytes (4.5%)
(RDMA_READ_CONSUME_CHECK_CONSUMER) timestamp=5096 ms, used_size=1822720 bytes (4.5%)
(RDMA_READ_CONSUME_CHECK_CONSUMER) timestamp=5096 ms, used_size=1820672 bytes (4.4%)
(RDMA_READ_CONSUME_CHECK_CONSUMER) timestamp=5096 ms, used_size=1818624 bytes (4.4%)
(RDMA_READ_CONSUME_CHECK_CONSUMER) timestamp=5096 ms, used_size=1816576 bytes (4.4%)
(RDMA_READ_CONSUME_CHECK_CONSUMER) timestamp=5096 ms, used_size=1814528 bytes (4.4%)
(RDMA_READ_CONSUME_CHECK_CONSUMER) timestamp=5096 ms, used_size=1812480 bytes (4.4%)
(RDMA_READ_CONSUME_CHECK_CONSUMER) timestamp=5096 ms, used_size=1810432 bytes (4.4%)
(RDMA_READ_CONSUME_CHECK_CONSUMER) timestamp=5096 ms, used_size=1808384 bytes (4.4%)
(RDMA_READ_CONSUME_CHECK_CONSUMER) timestamp=5096 ms, used_size=1806336 bytes (4.4%)
(RDMA_READ_CONSUME_CHECK_CONSUMER) timestamp=5096 ms, used_size=1804288 bytes (4.4%)
(RDMA_READ_CONSUME_CHECK_CONSUMER) timestamp=5096 ms, used_size=1802240 bytes (4.4%)
(RDMA_READ_CONSUME_CHECK_CONSUMER) timestamp=5096 ms, used_size=1800192 bytes (4.4%)
(RDMA_READ_CONSUME_CHECK_CONSUMER) timestamp=5096 ms, used_size=1798144 bytes (4.4%)
(RDMA_READ_CONSUME_CHECK_CONSUMER) timestamp=5096 ms, used_size=1796096 bytes (4.4%)
(RDMA_READ_CONSUME_CHECK_CONSUMER) timestamp=5096 ms, used_size=1794048 bytes (4.4%)
(RDMA_READ_CONSUME_CHECK_CONSUMER) timestamp=5096 ms, used_size=1792000 bytes (4.4%)
(RDMA_READ_CONSUME_CHECK_CONSUMER) timestamp=5096 ms, used_size=1789952 bytes (4.4%)
(RDMA_READ_CONSUME_CHECK_CONSUMER) timestamp=5096 ms, used_size=1787904 bytes (4.4%)
(RDMA_READ_CONSUME_CHECK_CONSUMER) timestamp=5096 ms, used_size=1785856 bytes (4.4%)
(RDMA_READ_CONSUME_CHECK_CONSUMER) timestamp=5096 ms, used_size=1783808 bytes (4.4%)
(RDMA_READ_CONSUME_CHECK_CONSUMER) timestamp=5096 ms, used_size=1781760 bytes (4.3%)
(RDMA_READ_CONSUME_CHECK_CONSUMER) timestamp=5096 ms, used_size=1779712 bytes (4.3%)
(RDMA_READ_CONSUME_CHECK_CONSUMER) timestamp=5096 ms, used_size=1777664 bytes (4.3%)
(RDMA_READ_CONSUME_CHECK_CONSUMER) timestamp=5096 ms, used_size=1775616 bytes (4.3%)
(RDMA_READ_CONSUME_CHECK_CONSUMER) timestamp=5096 ms, used_size=1773568 bytes (4.3%)
(RDMA_READ_CONSUME_CHECK_CONSUMER) timestamp=5096 ms, used_size=1771520 bytes (4.3%)
(RDMA_READ_CONSUME_CHECK_CONSUMER) timestamp=5096 ms, used_size=1769472 bytes (4.3%)
(RDMA_READ_CONSUME_CHECK_CONSUMER) timestamp=5096 ms, used_size=1767424 bytes (4.3%)
(RDMA_READ_CONSUME_CHECK_CONSUMER) timestamp=5096 ms, used_size=1765376 bytes (4.3%)
(RDMA_READ_CONSUME_CHECK_CONSUMER) timestamp=5096 ms, used_size=1763328 bytes (4.3%)
(RDMA_READ_CONSUME_CHECK_CONSUMER) timestamp=5096 ms, used_size=1761280 bytes (4.3%)
(RDMA_READ_CONSUME_CHECK_CONSUMER) timestamp=5096 ms, used_size=1759232 bytes (4.3%)
(RDMA_READ_CONSUME_CHECK_CONSUMER) timestamp=5096 ms, used_size=1757184 bytes (4.3%)
(RDMA_READ_CONSUME_CHECK_CONSUMER) timestamp=5096 ms, used_size=1755136 bytes (4.3%)
(RDMA_READ_CONSUME_CHECK_CONSUMER) timestamp=5096 ms, used_size=1753088 bytes (4.3%)
(RDMA_READ_CONSUME_CHECK_CONSUMER) timestamp=5096 ms, used_size=1751040 bytes (4.3%)
(RDMA_READ_CONSUME_CHECK_CONSUMER) timestamp=5096 ms, used_size=1748992 bytes (4.3%)
(RDMA_READ_CONSUME_CHECK_CONSUMER) timestamp=5096 ms, used_size=1746944 bytes (4.3%)
(RDMA_READ_CONSUME_CHECK_CONSUMER) timestamp=5096 ms, used_size=1744896 bytes (4.3%)
(RDMA_READ_CONSUME_CHECK_CONSUMER) timestamp=5096 ms, used_size=1742848 bytes (4.3%)
(RDMA_READ_CONSUME_CHECK_CONSUMER) timestamp=5096 ms, used_size=1740800 bytes (4.2%)
(RDMA_READ_CONSUME_CHECK_CONSUMER) timestamp=5096 ms, used_size=1738752 bytes (4.2%)
(RDMA_READ_CONSUME_CHECK_CONSUMER) timestamp=5096 ms, used_size=1736704 bytes (4.2%)
(RDMA_READ_CONSUME_CHECK_CONSUMER) timestamp=5096 ms, used_size=1734656 bytes (4.2%)
(RDMA_READ_CONSUME_CHECK_CONSUMER) timestamp=5096 ms, used_size=1732608 bytes (4.2%)
(RDMA_READ_CONSUME_CHECK_CONSUMER) timestamp=5096 ms, used_size=1730560 bytes (4.2%)
(RDMA_READ_CONSUME_CHECK_CONSUMER) timestamp=5096 ms, used_size=1728512 bytes (4.2%)
(RDMA_READ_CONSUME_CHECK_CONSUMER) timestamp=5096 ms, used_size=1726464 bytes (4.2%)
(RDMA_READ_CONSUME_CHECK_CONSUMER) timestamp=5096 ms, used_size=1724416 bytes (4.2%)
(RDMA_READ_CONSUME_CHECK_CONSUMER) timestamp=5096 ms, used_size=1722368 bytes (4.2%)
(RDMA_READ_CONSUME_CHECK_CONSUMER) timestamp=5096 ms, used_size=1720320 bytes (4.2%)
(RDMA_READ_CONSUME_CHECK_CONSUMER) timestamp=5096 ms, used_size=1718272 bytes (4.2%)
(RDMA_READ_CONSUME_CHECK_CONSUMER) timestamp=5096 ms, used_size=1716224 bytes (4.2%)
(RDMA_READ_CONSUME_CHECK_CONSUMER) timestamp=5096 ms, used_size=1714176 bytes (4.2%)
(RDMA_READ_CONSUME_CHECK_CONSUMER) timestamp=5096 ms, used_size=1712128 bytes (4.2%)
(RDMA_READ_CONSUME_CHECK_CONSUMER) timestamp=5096 ms, used_size=1710080 bytes (4.2%)
(RDMA_READ_CONSUME_CHECK_CONSUMER) timestamp=5096 ms, used_size=1708032 bytes (4.2%)
(RDMA_READ_CONSUME_CHECK_CONSUMER) timestamp=5096 ms, used_size=1705984 bytes (4.2%)
(RDMA_READ_CONSUME_CHECK_CONSUMER) timestamp=5096 ms, used_size=1703936 bytes (4.2%)
(RDMA_READ_CONSUME_CHECK_CONSUMER) timestamp=5096 ms, used_size=1701888 bytes (4.2%)
(RDMA_READ_CONSUME_CHECK_CONSUMER) timestamp=5096 ms, used_size=1699840 bytes (4.2%)
(RDMA_READ_CONSUME_CHECK_CONSUMER) timestamp=5096 ms, used_size=1697792 bytes (4.1%)
(RDMA_READ_CONSUME_CHECK_CONSUMER) timestamp=5096 ms, used_size=1695744 bytes (4.1%)
(RDMA_READ_CONSUME_CHECK_CONSUMER) timestamp=5096 ms, used_size=1693696 bytes (4.1%)
(RDMA_READ_CONSUME_CHECK_CONSUMER) timestamp=5096 ms, used_size=1691648 bytes (4.1%)
(RDMA_READ_CONSUME_CHECK_CONSUMER) timestamp=5096 ms, used_size=1689600 bytes (4.1%)
(RDMA_READ_CONSUME_CHECK_CONSUMER) timestamp=5096 ms, used_size=1687552 bytes (4.1%)
(RDMA_READ_CONSUME_CHECK_CONSUMER) timestamp=5096 ms, used_size=1685504 bytes (4.1%)
(RDMA_READ_CONSUME_CHECK_CONSUMER) timestamp=5096 ms, used_size=1683456 bytes (4.1%)
(RDMA_READ_CONSUME_CHECK_CONSUMER) timestamp=5096 ms, used_size=1681408 bytes (4.1%)
(RDMA_READ_CONSUME_CHECK_CONSUMER) timestamp=5096 ms, used_size=1679360 bytes (4.1%)
(RDMA_READ_CONSUME_CHECK_CONSUMER) timestamp=5096 ms, used_size=1677312 bytes (4.1%)
(RDMA_READ_CONSUME_CHECK_CONSUMER) timestamp=5096 ms, used_size=1675264 bytes (4.1%)
(RDMA_READ_CONSUME_CHECK_CONSUMER) timestamp=5096 ms, used_size=1673216 bytes (4.1%)
(RDMA_READ_CONSUME_CHECK_CONSUMER) timestamp=5096 ms, used_size=1671168 bytes (4.1%)
(RDMA_READ_CONSUME_CHECK_CONSUMER) timestamp=5096 ms, used_size=1669120 bytes (4.1%)
(RDMA_READ_CONSUME_CHECK_CONSUMER) timestamp=5096 ms, used_size=1667072 bytes (4.1%)
(RDMA_READ_CONSUME_CHECK_CONSUMER) timestamp=5096 ms, used_size=1665024 bytes (4.1%)
(RDMA_READ_CONSUME_CHECK_CONSUMER) timestamp=5096 ms, used_size=1662976 bytes (4.1%)
(RDMA_READ_CONSUME_CHECK_CONSUMER) timestamp=5096 ms, used_size=1660928 bytes (4.1%)
(RDMA_READ_CONSUME_CHECK_CONSUMER) timestamp=5096 ms, used_size=1658880 bytes (4.0%)
(RDMA_READ_CONSUME_CHECK_CONSUMER) timestamp=5096 ms, used_size=1656832 bytes (4.0%)
(RDMA_READ_CONSUME_CHECK_CONSUMER) timestamp=5096 ms, used_size=1654784 bytes (4.0%)
(RDMA_READ_CONSUME_CHECK_CONSUMER) timestamp=5096 ms, used_size=1652736 bytes (4.0%)
(RDMA_READ_CONSUME_CHECK_CONSUMER) timestamp=5096 ms, used_size=1650688 bytes (4.0%)
(RDMA_READ_CONSUME_CHECK_CONSUMER) timestamp=5096 ms, used_size=1648640 bytes (4.0%)
(RDMA_READ_CONSUME_CHECK_CONSUMER) timestamp=5096 ms, used_size=1646592 bytes (4.0%)
(RDMA_READ_CONSUME_CHECK_CONSUMER) timestamp=5096 ms, used_size=1644544 bytes (4.0%)
(RDMA_READ_CONSUME_CHECK_CONSUMER) timestamp=5096 ms, used_size=1642496 bytes (4.0%)
(RDMA_READ_CONSUME_CHECK_CONSUMER) timestamp=5096 ms, used_size=1640448 bytes (4.0%)
(RDMA_READ_CONSUME_CHECK_CONSUMER) timestamp=5096 ms, used_size=1638400 bytes (4.0%)
(RDMA_READ_CONSUME_CHECK_CONSUMER) timestamp=5096 ms, used_size=1636352 bytes (4.0%)
(RDMA_READ_CONSUME_CHECK_CONSUMER) timestamp=5096 ms, used_size=1634304 bytes (4.0%)
(RDMA_READ_CONSUME_CHECK_CONSUMER) timestamp=5096 ms, used_size=1632256 bytes (4.0%)
(RDMA_READ_CONSUME_CHECK_CONSUMER) timestamp=5096 ms, used_size=1630208 bytes (4.0%)
(RDMA_READ_CONSUME_CHECK_CONSUMER) timestamp=5096 ms, used_size=1628160 bytes (4.0%)
(RDMA_READ_CONSUME_CHECK_CONSUMER) timestamp=5096 ms, used_size=1626112 bytes (4.0%)
(RDMA_READ_CONSUME_CHECK_CONSUMER) timestamp=5096 ms, used_size=1624064 bytes (4.0%)
(RDMA_READ_CONSUME_CHECK_CONSUMER) timestamp=5096 ms, used_size=1622016 bytes (4.0%)
(RDMA_READ_CONSUME_CHECK_CONSUMER) timestamp=5096 ms, used_size=1619968 bytes (4.0%)
(RDMA_READ_CONSUME_CHECK_CONSUMER) timestamp=5096 ms, used_size=1617920 bytes (4.0%)
(RDMA_READ_CONSUME_CHECK_CONSUMER) timestamp=5096 ms, used_size=1615872 bytes (3.9%)
(RDMA_READ_CONSUME_CHECK_CONSUMER) timestamp=5096 ms, used_size=1613824 bytes (3.9%)
(RDMA_READ_CONSUME_CHECK_CONSUMER) timestamp=5096 ms, used_size=1611776 bytes (3.9%)
(RDMA_READ_CONSUME_CHECK_CONSUMER) timestamp=5096 ms, used_size=1609728 bytes (3.9%)
(RDMA_READ_CONSUME_CHECK_CONSUMER) timestamp=5096 ms, used_size=1607680 bytes (3.9%)
(RDMA_READ_CONSUME_CHECK_CONSUMER) timestamp=5096 ms, used_size=1605632 bytes (3.9%)
(RDMA_READ_CONSUME_CHECK_CONSUMER) timestamp=5096 ms, used_size=1603584 bytes (3.9%)
(RDMA_READ_CONSUME_CHECK_CONSUMER) timestamp=5096 ms, used_size=1601536 bytes (3.9%)
(RDMA_READ_CONSUME_CHECK_CONSUMER) timestamp=5096 ms, used_size=1599488 bytes (3.9%)
(RDMA_READ_CONSUME_CHECK_CONSUMER) timestamp=5096 ms, used_size=1597440 bytes (3.9%)
(RDMA_READ_CONSUME_CHECK_CONSUMER) timestamp=5096 ms, used_size=1595392 bytes (3.9%)
(RDMA_READ_CONSUME_CHECK_CONSUMER) timestamp=5096 ms, used_size=1593344 bytes (3.9%)
(RDMA_READ_CONSUME_CHECK_CONSUMER) timestamp=5096 ms, used_size=1591296 bytes (3.9%)
(RDMA_READ_CONSUME_CHECK_CONSUMER) timestamp=5096 ms, used_size=1589248 bytes (3.9%)
(RDMA_READ_CONSUME_CHECK_CONSUMER) timestamp=5096 ms, used_size=1587200 bytes (3.9%)
(RDMA_READ_CONSUME_CHECK_CONSUMER) timestamp=5096 ms, used_size=1585152 bytes (3.9%)
(RDMA_READ_CONSUME_CHECK_CONSUMER) timestamp=5096 ms, used_size=1583104 bytes (3.9%)
(RDMA_READ_CONSUME_CHECK_CONSUMER) timestamp=5096 ms, used_size=1581056 bytes (3.9%)
(RDMA_READ_CONSUME_CHECK_CONSUMER) timestamp=5096 ms, used_size=1579008 bytes (3.9%)
(RDMA_READ_CONSUME_CHECK_CONSUMER) timestamp=5096 ms, used_size=1576960 bytes (3.9%)
(RDMA_READ_CONSUME_CHECK_CONSUMER) timestamp=5096 ms, used_size=1574912 bytes (3.8%)
(RDMA_READ_CONSUME_CHECK_CONSUMER) timestamp=5096 ms, used_size=1572864 bytes (3.8%)
(RDMA_READ_CONSUME_CHECK_CONSUMER) timestamp=5096 ms, used_size=1570816 bytes (3.8%)
(RDMA_READ_CONSUME_CHECK_CONSUMER) timestamp=5096 ms, used_size=1568768 bytes (3.8%)
(RDMA_READ_CONSUME_CHECK_CONSUMER) timestamp=5096 ms, used_size=1566720 bytes (3.8%)
(RDMA_READ_CONSUME_CHECK_CONSUMER) timestamp=5096 ms, used_size=1564672 bytes (3.8%)
(RDMA_READ_CONSUME_CHECK_CONSUMER) timestamp=5097 ms, used_size=1562624 bytes (3.8%)
(RDMA_READ_CONSUME_CHECK_CONSUMER) timestamp=5097 ms, used_size=1560576 bytes (3.8%)
(RDMA_READ_CONSUME_CHECK_CONSUMER) timestamp=5097 ms, used_size=1558528 bytes (3.8%)
(RDMA_READ_CONSUME_CHECK_CONSUMER) timestamp=5097 ms, used_size=1556480 bytes (3.8%)
(RDMA_READ_CONSUME_CHECK_CONSUMER) timestamp=5097 ms, used_size=1554432 bytes (3.8%)
(RDMA_READ_CONSUME_CHECK_CONSUMER) timestamp=5097 ms, used_size=1552384 bytes (3.8%)
(RDMA_READ_CONSUME_CHECK_CONSUMER) timestamp=5097 ms, used_size=1550336 bytes (3.8%)
(RDMA_READ_CONSUME_CHECK_CONSUMER) timestamp=5097 ms, used_size=1548288 bytes (3.8%)
(RDMA_READ_CONSUME_CHECK_CONSUMER) timestamp=5097 ms, used_size=1546240 bytes (3.8%)
(RDMA_READ_CONSUME_CHECK_CONSUMER) timestamp=5097 ms, used_size=1544192 bytes (3.8%)
(RDMA_READ_CONSUME_CHECK_CONSUMER) timestamp=5097 ms, used_size=1542144 bytes (3.8%)
(RDMA_READ_CONSUME_CHECK_CONSUMER) timestamp=5097 ms, used_size=1540096 bytes (3.8%)
(RDMA_READ_CONSUME_CHECK_CONSUMER) timestamp=5097 ms, used_size=1538048 bytes (3.8%)
(RDMA_READ_CONSUME_CHECK_CONSUMER) timestamp=5097 ms, used_size=1536000 bytes (3.8%)
(RDMA_READ_CONSUME_CHECK_CONSUMER) timestamp=5097 ms, used_size=1533952 bytes (3.7%)
(RDMA_READ_CONSUME_CHECK_CONSUMER) timestamp=5097 ms, used_size=1531904 bytes (3.7%)
(RDMA_READ_CONSUME_CHECK_CONSUMER) timestamp=5097 ms, used_size=1529856 bytes (3.7%)
(RDMA_READ_CONSUME_CHECK_CONSUMER) timestamp=5097 ms, used_size=1527808 bytes (3.7%)
(RDMA_READ_CONSUME_CHECK_CONSUMER) timestamp=5097 ms, used_size=1525760 bytes (3.7%)
(RDMA_READ_CONSUME_CHECK_CONSUMER) timestamp=5097 ms, used_size=1523712 bytes (3.7%)
(RDMA_READ_CONSUME_CHECK_CONSUMER) timestamp=5097 ms, used_size=1521664 bytes (3.7%)
(RDMA_READ_CONSUME_CHECK_CONSUMER) timestamp=5097 ms, used_size=1519616 bytes (3.7%)
(RDMA_READ_CONSUME_CHECK_CONSUMER) timestamp=5097 ms, used_size=1517568 bytes (3.7%)
(RDMA_READ_CONSUME_CHECK_CONSUMER) timestamp=5097 ms, used_size=1515520 bytes (3.7%)
(RDMA_READ_CONSUME_CHECK_CONSUMER) timestamp=5097 ms, used_size=1513472 bytes (3.7%)
(RDMA_READ_CONSUME_CHECK_CONSUMER) timestamp=5097 ms, used_size=1511424 bytes (3.7%)
(RDMA_READ_CONSUME_CHECK_CONSUMER) timestamp=5097 ms, used_size=1509376 bytes (3.7%)
(RDMA_READ_CONSUME_CHECK_CONSUMER) timestamp=5097 ms, used_size=1507328 bytes (3.7%)
(RDMA_READ_CONSUME_CHECK_CONSUMER) timestamp=5097 ms, used_size=1505280 bytes (3.7%)
(RDMA_READ_CONSUME_CHECK_CONSUMER) timestamp=5097 ms, used_size=1503232 bytes (3.7%)
(RDMA_READ_CONSUME_CHECK_CONSUMER) timestamp=5097 ms, used_size=1501184 bytes (3.7%)
(RDMA_READ_CONSUME_CHECK_CONSUMER) timestamp=5097 ms, used_size=1499136 bytes (3.7%)
(RDMA_READ_CONSUME_CHECK_CONSUMER) timestamp=5097 ms, used_size=1497088 bytes (3.7%)
(RDMA_READ_CONSUME_CHECK_CONSUMER) timestamp=5097 ms, used_size=1495040 bytes (3.6%)
(RDMA_READ_CONSUME_CHECK_CONSUMER) timestamp=5097 ms, used_size=1492992 bytes (3.6%)
(RDMA_READ_CONSUME_CHECK_CONSUMER) timestamp=5097 ms, used_size=1490944 bytes (3.6%)
(RDMA_READ_CONSUME_CHECK_CONSUMER) timestamp=5097 ms, used_size=1488896 bytes (3.6%)
(RDMA_READ_CONSUME_CHECK_CONSUMER) timestamp=5097 ms, used_size=1486848 bytes (3.6%)
(RDMA_READ_CONSUME_CHECK_CONSUMER) timestamp=5097 ms, used_size=1484800 bytes (3.6%)
(RDMA_READ_CONSUME_CHECK_CONSUMER) timestamp=5097 ms, used_size=1482752 bytes (3.6%)
(RDMA_READ_CONSUME_CHECK_CONSUMER) timestamp=5097 ms, used_size=1480704 bytes (3.6%)
(RDMA_READ_CONSUME_CHECK_CONSUMER) timestamp=5097 ms, used_size=1478656 bytes (3.6%)
(RDMA_READ_CONSUME_CHECK_CONSUMER) timestamp=5097 ms, used_size=1476608 bytes (3.6%)
(RDMA_READ_CONSUME_CHECK_CONSUMER) timestamp=5097 ms, used_size=1474560 bytes (3.6%)
(RDMA_READ_CONSUME_CHECK_CONSUMER) timestamp=5097 ms, used_size=1472512 bytes (3.6%)
(RDMA_READ_CONSUME_CHECK_CONSUMER) timestamp=5097 ms, used_size=1470464 bytes (3.6%)
(RDMA_READ_CONSUME_CHECK_CONSUMER) timestamp=5097 ms, used_size=1468416 bytes (3.6%)
(RDMA_READ_CONSUME_CHECK_CONSUMER) timestamp=5097 ms, used_size=1466368 bytes (3.6%)
(RDMA_READ_CONSUME_CHECK_CONSUMER) timestamp=5097 ms, used_size=1464320 bytes (3.6%)
(RDMA_READ_CONSUME_CHECK_CONSUMER) timestamp=5097 ms, used_size=1462272 bytes (3.6%)
(RDMA_READ_CONSUME_CHECK_CONSUMER) timestamp=5097 ms, used_size=1460224 bytes (3.6%)
(RDMA_READ_CONSUME_CHECK_CONSUMER) timestamp=5097 ms, used_size=1458176 bytes (3.6%)
(RDMA_READ_CONSUME_CHECK_CONSUMER) timestamp=5097 ms, used_size=1456128 bytes (3.6%)
(RDMA_READ_CONSUME_CHECK_CONSUMER) timestamp=5097 ms, used_size=1454080 bytes (3.5%)
(RDMA_READ_CONSUME_CHECK_CONSUMER) timestamp=5097 ms, used_size=1452032 bytes (3.5%)
(RDMA_READ_CONSUME_CHECK_CONSUMER) timestamp=5097 ms, used_size=1449984 bytes (3.5%)
(RDMA_READ_CONSUME_CHECK_CONSUMER) timestamp=5097 ms, used_size=1447936 bytes (3.5%)
(RDMA_READ_CONSUME_CHECK_CONSUMER) timestamp=5097 ms, used_size=1445888 bytes (3.5%)
(RDMA_READ_CONSUME_CHECK_CONSUMER) timestamp=5097 ms, used_size=1443840 bytes (3.5%)
(RDMA_READ_CONSUME_CHECK_CONSUMER) timestamp=5097 ms, used_size=1441792 bytes (3.5%)
(RDMA_READ_CONSUME_CHECK_CONSUMER) timestamp=5097 ms, used_size=1439744 bytes (3.5%)
(RDMA_READ_CONSUME_CHECK_CONSUMER) timestamp=5097 ms, used_size=1437696 bytes (3.5%)
(RDMA_READ_CONSUME_CHECK_CONSUMER) timestamp=5097 ms, used_size=1435648 bytes (3.5%)
(RDMA_READ_CONSUME_CHECK_CONSUMER) timestamp=5097 ms, used_size=1433600 bytes (3.5%)
(RDMA_READ_CONSUME_CHECK_CONSUMER) timestamp=5097 ms, used_size=1431552 bytes (3.5%)
(RDMA_READ_CONSUME_CHECK_CONSUMER) timestamp=5097 ms, used_size=1429504 bytes (3.5%)
(RDMA_READ_CONSUME_CHECK_CONSUMER) timestamp=5097 ms, used_size=1427456 bytes (3.5%)
(RDMA_READ_CONSUME_CHECK_CONSUMER) timestamp=5097 ms, used_size=1425408 bytes (3.5%)
(RDMA_READ_CONSUME_CHECK_CONSUMER) timestamp=5097 ms, used_size=1423360 bytes (3.5%)
(RDMA_READ_CONSUME_CHECK_CONSUMER) timestamp=5097 ms, used_size=1421312 bytes (3.5%)
(RDMA_READ_CONSUME_CHECK_CONSUMER) timestamp=5097 ms, used_size=1419264 bytes (3.5%)
(RDMA_READ_CONSUME_CHECK_CONSUMER) timestamp=5097 ms, used_size=1417216 bytes (3.5%)
(RDMA_READ_CONSUME_CHECK_CONSUMER) timestamp=5097 ms, used_size=1415168 bytes (3.5%)
(RDMA_READ_CONSUME_CHECK_CONSUMER) timestamp=5097 ms, used_size=1413120 bytes (3.5%)
(RDMA_READ_CONSUME_CHECK_CONSUMER) timestamp=5097 ms, used_size=1411072 bytes (3.4%)
(RDMA_READ_CONSUME_CHECK_CONSUMER) timestamp=5097 ms, used_size=1409024 bytes (3.4%)
(RDMA_READ_CONSUME_CHECK_CONSUMER) timestamp=5097 ms, used_size=1406976 bytes (3.4%)
(RDMA_READ_CONSUME_CHECK_CONSUMER) timestamp=5097 ms, used_size=1404928 bytes (3.4%)
(RDMA_READ_CONSUME_CHECK_CONSUMER) timestamp=5097 ms, used_size=1402880 bytes (3.4%)
(RDMA_READ_CONSUME_CHECK_CONSUMER) timestamp=5097 ms, used_size=1400832 bytes (3.4%)
(RDMA_READ_CONSUME_CHECK_CONSUMER) timestamp=5097 ms, used_size=1398784 bytes (3.4%)
(RDMA_READ_CONSUME_CHECK_CONSUMER) timestamp=5097 ms, used_size=1396736 bytes (3.4%)
(RDMA_READ_CONSUME_CHECK_CONSUMER) timestamp=5097 ms, used_size=1394688 bytes (3.4%)
(RDMA_READ_CONSUME_CHECK_CONSUMER) timestamp=5097 ms, used_size=1392640 bytes (3.4%)
(RDMA_READ_CONSUME_CHECK_CONSUMER) timestamp=5097 ms, used_size=1390592 bytes (3.4%)
(RDMA_READ_CONSUME_CHECK_CONSUMER) timestamp=5097 ms, used_size=1388544 bytes (3.4%)
(RDMA_READ_CONSUME_CHECK_CONSUMER) timestamp=5097 ms, used_size=1386496 bytes (3.4%)
(RDMA_READ_CONSUME_CHECK_CONSUMER) timestamp=5097 ms, used_size=1384448 bytes (3.4%)
(RDMA_READ_CONSUME_CHECK_CONSUMER) timestamp=5097 ms, used_size=1382400 bytes (3.4%)
(RDMA_READ_CONSUME_CHECK_CONSUMER) timestamp=5097 ms, used_size=1380352 bytes (3.4%)
(RDMA_READ_CONSUME_CHECK_CONSUMER) timestamp=5097 ms, used_size=1378304 bytes (3.4%)
(RDMA_READ_CONSUME_CHECK_CONSUMER) timestamp=5097 ms, used_size=1376256 bytes (3.4%)
(RDMA_READ_CONSUME_CHECK_CONSUMER) timestamp=5097 ms, used_size=1374208 bytes (3.4%)
(RDMA_READ_CONSUME_CHECK_CONSUMER) timestamp=5097 ms, used_size=1372160 bytes (3.4%)
(RDMA_READ_CONSUME_CHECK_CONSUMER) timestamp=5097 ms, used_size=1370112 bytes (3.3%)
(RDMA_READ_CONSUME_CHECK_CONSUMER) timestamp=5097 ms, used_size=1368064 bytes (3.3%)
(RDMA_READ_CONSUME_CHECK_CONSUMER) timestamp=5097 ms, used_size=1366016 bytes (3.3%)
(RDMA_READ_CONSUME_CHECK_CONSUMER) timestamp=5097 ms, used_size=1363968 bytes (3.3%)
(RDMA_READ_CONSUME_CHECK_CONSUMER) timestamp=5097 ms, used_size=1361920 bytes (3.3%)
(RDMA_READ_CONSUME_CHECK_CONSUMER) timestamp=5097 ms, used_size=1359872 bytes (3.3%)
(RDMA_READ_CONSUME_CHECK_CONSUMER) timestamp=5097 ms, used_size=1357824 bytes (3.3%)
(RDMA_READ_CONSUME_CHECK_CONSUMER) timestamp=5097 ms, used_size=1355776 bytes (3.3%)
(RDMA_READ_CONSUME_CHECK_CONSUMER) timestamp=5097 ms, used_size=1353728 bytes (3.3%)
(RDMA_READ_CONSUME_CHECK_CONSUMER) timestamp=5097 ms, used_size=1351680 bytes (3.3%)
(RDMA_READ_CONSUME_CHECK_CONSUMER) timestamp=5097 ms, used_size=1349632 bytes (3.3%)
(RDMA_READ_CONSUME_CHECK_CONSUMER) timestamp=5097 ms, used_size=1347584 bytes (3.3%)
(RDMA_READ_CONSUME_CHECK_CONSUMER) timestamp=5097 ms, used_size=1345536 bytes (3.3%)
(RDMA_READ_CONSUME_CHECK_CONSUMER) timestamp=5097 ms, used_size=1343488 bytes (3.3%)
(RDMA_READ_CONSUME_CHECK_CONSUMER) timestamp=5097 ms, used_size=1341440 bytes (3.3%)
(RDMA_READ_CONSUME_CHECK_CONSUMER) timestamp=5097 ms, used_size=1339392 bytes (3.3%)
(RDMA_READ_CONSUME_CHECK_CONSUMER) timestamp=5097 ms, used_size=1337344 bytes (3.3%)
(RDMA_READ_CONSUME_CHECK_CONSUMER) timestamp=5097 ms, used_size=1335296 bytes (3.3%)
(RDMA_READ_CONSUME_CHECK_CONSUMER) timestamp=5097 ms, used_size=1333248 bytes (3.3%)
(RDMA_READ_CONSUME_CHECK_CONSUMER) timestamp=5097 ms, used_size=1331200 bytes (3.2%)
(RDMA_READ_CONSUME_CHECK_CONSUMER) timestamp=5097 ms, used_size=1329152 bytes (3.2%)
(RDMA_READ_CONSUME_CHECK_CONSUMER) timestamp=5097 ms, used_size=1327104 bytes (3.2%)
(RDMA_READ_CONSUME_CHECK_CONSUMER) timestamp=5097 ms, used_size=1325056 bytes (3.2%)
(RDMA_READ_CONSUME_CHECK_CONSUMER) timestamp=5097 ms, used_size=1323008 bytes (3.2%)
(RDMA_READ_CONSUME_CHECK_CONSUMER) timestamp=5097 ms, used_size=1320960 bytes (3.2%)
(RDMA_READ_CONSUME_CHECK_CONSUMER) timestamp=5097 ms, used_size=1318912 bytes (3.2%)
(RDMA_READ_CONSUME_CHECK_CONSUMER) timestamp=5097 ms, used_size=1316864 bytes (3.2%)
(RDMA_READ_CONSUME_CHECK_CONSUMER) timestamp=5097 ms, used_size=1314816 bytes (3.2%)
(RDMA_READ_CONSUME_CHECK_CONSUMER) timestamp=5097 ms, used_size=1312768 bytes (3.2%)
(RDMA_READ_CONSUME_CHECK_CONSUMER) timestamp=5097 ms, used_size=1310720 bytes (3.2%)
(RDMA_READ_CONSUME_CHECK_CONSUMER) timestamp=5097 ms, used_size=1308672 bytes (3.2%)
(RDMA_READ_CONSUME_CHECK_CONSUMER) timestamp=5097 ms, used_size=1306624 bytes (3.2%)
(RDMA_READ_CONSUME_CHECK_CONSUMER) timestamp=5097 ms, used_size=1304576 bytes (3.2%)
(RDMA_READ_CONSUME_CHECK_CONSUMER) timestamp=5097 ms, used_size=1302528 bytes (3.2%)
(RDMA_READ_CONSUME_CHECK_CONSUMER) timestamp=5097 ms, used_size=1300480 bytes (3.2%)
(RDMA_READ_CONSUME_CHECK_CONSUMER) timestamp=5097 ms, used_size=1298432 bytes (3.2%)
(RDMA_READ_CONSUME_CHECK_CONSUMER) timestamp=5097 ms, used_size=1296384 bytes (3.2%)
(RDMA_READ_CONSUME_CHECK_CONSUMER) timestamp=5097 ms, used_size=1294336 bytes (3.2%)
(RDMA_READ_CONSUME_CHECK_CONSUMER) timestamp=5097 ms, used_size=1292288 bytes (3.2%)
(RDMA_READ_CONSUME_CHECK_CONSUMER) timestamp=5097 ms, used_size=1290240 bytes (3.1%)
(RDMA_READ_CONSUME_CHECK_CONSUMER) timestamp=5097 ms, used_size=1288192 bytes (3.1%)
(RDMA_READ_CONSUME_CHECK_CONSUMER) timestamp=5097 ms, used_size=1286144 bytes (3.1%)
(RDMA_READ_CONSUME_CHECK_CONSUMER) timestamp=5097 ms, used_size=1284096 bytes (3.1%)
(RDMA_READ_CONSUME_CHECK_CONSUMER) timestamp=5097 ms, used_size=1282048 bytes (3.1%)
(RDMA_READ_CONSUME_CHECK_CONSUMER) timestamp=5097 ms, used_size=1280000 bytes (3.1%)
(RDMA_READ_CONSUME_CHECK_CONSUMER) timestamp=5097 ms, used_size=1277952 bytes (3.1%)
(RDMA_READ_CONSUME_CHECK_CONSUMER) timestamp=5097 ms, used_size=1275904 bytes (3.1%)
(RDMA_READ_CONSUME_CHECK_CONSUMER) timestamp=5097 ms, used_size=1273856 bytes (3.1%)
(RDMA_READ_CONSUME_CHECK_CONSUMER) timestamp=5097 ms, used_size=1271808 bytes (3.1%)
(RDMA_READ_CONSUME_CHECK_CONSUMER) timestamp=5097 ms, used_size=1269760 bytes (3.1%)
(RDMA_READ_CONSUME_CHECK_CONSUMER) timestamp=5097 ms, used_size=1267712 bytes (3.1%)
(RDMA_READ_CONSUME_CHECK_CONSUMER) timestamp=5097 ms, used_size=1265664 bytes (3.1%)
(RDMA_READ_CONSUME_CHECK_CONSUMER) timestamp=5097 ms, used_size=1263616 bytes (3.1%)
(RDMA_READ_CONSUME_CHECK_CONSUMER) timestamp=5097 ms, used_size=1261568 bytes (3.1%)
(RDMA_READ_CONSUME_CHECK_CONSUMER) timestamp=5097 ms, used_size=1259520 bytes (3.1%)
(RDMA_READ_CONSUME_CHECK_CONSUMER) timestamp=5097 ms, used_size=1257472 bytes (3.1%)
(RDMA_READ_CONSUME_CHECK_CONSUMER) timestamp=5097 ms, used_size=1255424 bytes (3.1%)
(RDMA_READ_CONSUME_CHECK_CONSUMER) timestamp=5097 ms, used_size=1253376 bytes (3.1%)
(RDMA_READ_CONSUME_CHECK_CONSUMER) timestamp=5097 ms, used_size=1251328 bytes (3.1%)
(RDMA_READ_CONSUME_CHECK_CONSUMER) timestamp=5097 ms, used_size=1249280 bytes (3.0%)
(RDMA_READ_CONSUME_CHECK_CONSUMER) timestamp=5097 ms, used_size=1247232 bytes (3.0%)
(RDMA_READ_CONSUME_CHECK_CONSUMER) timestamp=5097 ms, used_size=1245184 bytes (3.0%)
(RDMA_READ_CONSUME_CHECK_CONSUMER) timestamp=5097 ms, used_size=1243136 bytes (3.0%)
(RDMA_READ_CONSUME_CHECK_CONSUMER) timestamp=5097 ms, used_size=1241088 bytes (3.0%)
(RDMA_READ_CONSUME_CHECK_CONSUMER) timestamp=5097 ms, used_size=1239040 bytes (3.0%)
(RDMA_READ_CONSUME_CHECK_CONSUMER) timestamp=5097 ms, used_size=1236992 bytes (3.0%)
(RDMA_READ_CONSUME_CHECK_CONSUMER) timestamp=5097 ms, used_size=1234944 bytes (3.0%)
(RDMA_READ_CONSUME_CHECK_CONSUMER) timestamp=5097 ms, used_size=1232896 bytes (3.0%)
(RDMA_READ_CONSUME_CHECK_CONSUMER) timestamp=5097 ms, used_size=1230848 bytes (3.0%)
(RDMA_READ_CONSUME_CHECK_CONSUMER) timestamp=5097 ms, used_size=1228800 bytes (3.0%)
(RDMA_READ_CONSUME_CHECK_CONSUMER) timestamp=5097 ms, used_size=1226752 bytes (3.0%)
(RDMA_READ_CONSUME_CHECK_CONSUMER) timestamp=5097 ms, used_size=1224704 bytes (3.0%)
(RDMA_READ_CONSUME_CHECK_CONSUMER) timestamp=5097 ms, used_size=1222656 bytes (3.0%)
(RDMA_READ_CONSUME_CHECK_CONSUMER) timestamp=5097 ms, used_size=1220608 bytes (3.0%)
(RDMA_READ_CONSUME_CHECK_CONSUMER) timestamp=5097 ms, used_size=1218560 bytes (3.0%)
(RDMA_READ_CONSUME_CHECK_CONSUMER) timestamp=5097 ms, used_size=1216512 bytes (3.0%)
(RDMA_READ_CONSUME_CHECK_CONSUMER) timestamp=5097 ms, used_size=1214464 bytes (3.0%)
(RDMA_READ_CONSUME_CHECK_CONSUMER) timestamp=5097 ms, used_size=1212416 bytes (3.0%)
(RDMA_READ_CONSUME_CHECK_CONSUMER) timestamp=5097 ms, used_size=1210368 bytes (3.0%)
(RDMA_READ_CONSUME_CHECK_CONSUMER) timestamp=5097 ms, used_size=1208320 bytes (3.0%)
(RDMA_READ_CONSUME_CHECK_CONSUMER) timestamp=5097 ms, used_size=1206272 bytes (2.9%)
(RDMA_READ_CONSUME_CHECK_CONSUMER) timestamp=5097 ms, used_size=1204224 bytes (2.9%)
(RDMA_READ_CONSUME_CHECK_CONSUMER) timestamp=5097 ms, used_size=1202176 bytes (2.9%)
(RDMA_READ_CONSUME_CHECK_CONSUMER) timestamp=5097 ms, used_size=1200128 bytes (2.9%)
(RDMA_READ_CONSUME_CHECK_CONSUMER) timestamp=5097 ms, used_size=1198080 bytes (2.9%)
(RDMA_READ_CONSUME_CHECK_CONSUMER) timestamp=5097 ms, used_size=1196032 bytes (2.9%)
(RDMA_READ_CONSUME_CHECK_CONSUMER) timestamp=5097 ms, used_size=1193984 bytes (2.9%)
(RDMA_READ_CONSUME_CHECK_CONSUMER) timestamp=5098 ms, used_size=1191936 bytes (2.9%)
(RDMA_READ_CONSUME_CHECK_CONSUMER) timestamp=5098 ms, used_size=1189888 bytes (2.9%)
(RDMA_READ_CONSUME_CHECK_CONSUMER) timestamp=5098 ms, used_size=1187840 bytes (2.9%)
(RDMA_READ_CONSUME_CHECK_CONSUMER) timestamp=5098 ms, used_size=1185792 bytes (2.9%)
(RDMA_READ_CONSUME_CHECK_CONSUMER) timestamp=5098 ms, used_size=1183744 bytes (2.9%)
(RDMA_READ_CONSUME_CHECK_CONSUMER) timestamp=5098 ms, used_size=1181696 bytes (2.9%)
(RDMA_READ_CONSUME_CHECK_CONSUMER) timestamp=5098 ms, used_size=1179648 bytes (2.9%)
(RDMA_READ_CONSUME_CHECK_CONSUMER) timestamp=5098 ms, used_size=1177600 bytes (2.9%)
(RDMA_READ_CONSUME_CHECK_CONSUMER) timestamp=5098 ms, used_size=1175552 bytes (2.9%)
(RDMA_READ_CONSUME_CHECK_CONSUMER) timestamp=5098 ms, used_size=1173504 bytes (2.9%)
(RDMA_READ_CONSUME_CHECK_CONSUMER) timestamp=5098 ms, used_size=1171456 bytes (2.9%)
(RDMA_READ_CONSUME_CHECK_CONSUMER) timestamp=5098 ms, used_size=1169408 bytes (2.9%)
(RDMA_READ_CONSUME_CHECK_CONSUMER) timestamp=5098 ms, used_size=1167360 bytes (2.9%)
(RDMA_READ_CONSUME_CHECK_CONSUMER) timestamp=5098 ms, used_size=1165312 bytes (2.8%)
(RDMA_READ_CONSUME_CHECK_CONSUMER) timestamp=5098 ms, used_size=1163264 bytes (2.8%)
(RDMA_READ_CONSUME_CHECK_CONSUMER) timestamp=5098 ms, used_size=1161216 bytes (2.8%)
(RDMA_READ_CONSUME_CHECK_CONSUMER) timestamp=5098 ms, used_size=1159168 bytes (2.8%)
(RDMA_READ_CONSUME_CHECK_CONSUMER) timestamp=5098 ms, used_size=1157120 bytes (2.8%)
(RDMA_READ_CONSUME_CHECK_CONSUMER) timestamp=5098 ms, used_size=1155072 bytes (2.8%)
(RDMA_READ_CONSUME_CHECK_CONSUMER) timestamp=5098 ms, used_size=1153024 bytes (2.8%)
(RDMA_READ_CONSUME_CHECK_CONSUMER) timestamp=5098 ms, used_size=1150976 bytes (2.8%)
(RDMA_READ_CONSUME_CHECK_CONSUMER) timestamp=5098 ms, used_size=1148928 bytes (2.8%)
(RDMA_READ_CONSUME_CHECK_CONSUMER) timestamp=5098 ms, used_size=1146880 bytes (2.8%)
(RDMA_READ_CONSUME_CHECK_CONSUMER) timestamp=5098 ms, used_size=1144832 bytes (2.8%)
(RDMA_READ_CONSUME_CHECK_CONSUMER) timestamp=5098 ms, used_size=1142784 bytes (2.8%)
(RDMA_READ_CONSUME_CHECK_CONSUMER) timestamp=5098 ms, used_size=1140736 bytes (2.8%)
(RDMA_READ_CONSUME_CHECK_CONSUMER) timestamp=5098 ms, used_size=1138688 bytes (2.8%)
(RDMA_READ_CONSUME_CHECK_CONSUMER) timestamp=5098 ms, used_size=1136640 bytes (2.8%)
(RDMA_READ_CONSUME_CHECK_CONSUMER) timestamp=5098 ms, used_size=1134592 bytes (2.8%)
(RDMA_READ_CONSUME_CHECK_CONSUMER) timestamp=5098 ms, used_size=1132544 bytes (2.8%)
(RDMA_READ_CONSUME_CHECK_CONSUMER) timestamp=5098 ms, used_size=1130496 bytes (2.8%)
(RDMA_READ_CONSUME_CHECK_CONSUMER) timestamp=5098 ms, used_size=1128448 bytes (2.8%)
(RDMA_READ_CONSUME_CHECK_CONSUMER) timestamp=5098 ms, used_size=1126400 bytes (2.8%)
(RDMA_READ_CONSUME_CHECK_CONSUMER) timestamp=5098 ms, used_size=1124352 bytes (2.7%)
(RDMA_READ_CONSUME_CHECK_CONSUMER) timestamp=5098 ms, used_size=1122304 bytes (2.7%)
(RDMA_READ_CONSUME_CHECK_CONSUMER) timestamp=5098 ms, used_size=1120256 bytes (2.7%)
(RDMA_READ_CONSUME_CHECK_CONSUMER) timestamp=5098 ms, used_size=1118208 bytes (2.7%)
(RDMA_READ_CONSUME_CHECK_CONSUMER) timestamp=5098 ms, used_size=1116160 bytes (2.7%)
(RDMA_READ_CONSUME_CHECK_CONSUMER) timestamp=5098 ms, used_size=1114112 bytes (2.7%)
(RDMA_READ_CONSUME_CHECK_CONSUMER) timestamp=5098 ms, used_size=1112064 bytes (2.7%)
(RDMA_READ_CONSUME_CHECK_CONSUMER) timestamp=5098 ms, used_size=1110016 bytes (2.7%)
(RDMA_READ_CONSUME_CHECK_CONSUMER) timestamp=5098 ms, used_size=1107968 bytes (2.7%)
(RDMA_READ_CONSUME_CHECK_CONSUMER) timestamp=5098 ms, used_size=1105920 bytes (2.7%)
(RDMA_READ_CONSUME_CHECK_CONSUMER) timestamp=5098 ms, used_size=1103872 bytes (2.7%)
(RDMA_READ_CONSUME_CHECK_CONSUMER) timestamp=5098 ms, used_size=1101824 bytes (2.7%)
(RDMA_READ_CONSUME_CHECK_CONSUMER) timestamp=5098 ms, used_size=1099776 bytes (2.7%)
(RDMA_READ_CONSUME_CHECK_CONSUMER) timestamp=5098 ms, used_size=1097728 bytes (2.7%)
(RDMA_READ_CONSUME_CHECK_CONSUMER) timestamp=5098 ms, used_size=1095680 bytes (2.7%)
(RDMA_READ_CONSUME_CHECK_CONSUMER) timestamp=5098 ms, used_size=1093632 bytes (2.7%)
(RDMA_READ_CONSUME_CHECK_CONSUMER) timestamp=5098 ms, used_size=1091584 bytes (2.7%)
(RDMA_READ_CONSUME_CHECK_CONSUMER) timestamp=5098 ms, used_size=1089536 bytes (2.7%)
(RDMA_READ_CONSUME_CHECK_CONSUMER) timestamp=5098 ms, used_size=1087488 bytes (2.7%)
(RDMA_READ_CONSUME_CHECK_CONSUMER) timestamp=5098 ms, used_size=1085440 bytes (2.6%)
(RDMA_READ_CONSUME_CHECK_CONSUMER) timestamp=5098 ms, used_size=1083392 bytes (2.6%)
(RDMA_READ_CONSUME_CHECK_CONSUMER) timestamp=5098 ms, used_size=1081344 bytes (2.6%)
(RDMA_READ_CONSUME_CHECK_CONSUMER) timestamp=5098 ms, used_size=1079296 bytes (2.6%)
(RDMA_READ_CONSUME_CHECK_CONSUMER) timestamp=5098 ms, used_size=1077248 bytes (2.6%)
(RDMA_READ_CONSUME_CHECK_CONSUMER) timestamp=5098 ms, used_size=1075200 bytes (2.6%)
(RDMA_READ_CONSUME_CHECK_CONSUMER) timestamp=5098 ms, used_size=1073152 bytes (2.6%)
(RDMA_READ_CONSUME_CHECK_CONSUMER) timestamp=5098 ms, used_size=1071104 bytes (2.6%)
(RDMA_READ_CONSUME_CHECK_CONSUMER) timestamp=5098 ms, used_size=1069056 bytes (2.6%)
(RDMA_READ_CONSUME_CHECK_CONSUMER) timestamp=5098 ms, used_size=1067008 bytes (2.6%)
(RDMA_READ_CONSUME_CHECK_CONSUMER) timestamp=5098 ms, used_size=1064960 bytes (2.6%)
(RDMA_READ_CONSUME_CHECK_CONSUMER) timestamp=5098 ms, used_size=1062912 bytes (2.6%)
(RDMA_READ_CONSUME_CHECK_CONSUMER) timestamp=5098 ms, used_size=1060864 bytes (2.6%)
(RDMA_READ_CONSUME_CHECK_CONSUMER) timestamp=5098 ms, used_size=1058816 bytes (2.6%)
(RDMA_READ_CONSUME_CHECK_CONSUMER) timestamp=5098 ms, used_size=1056768 bytes (2.6%)
(RDMA_READ_CONSUME_CHECK_CONSUMER) timestamp=5098 ms, used_size=1054720 bytes (2.6%)
(RDMA_READ_CONSUME_CHECK_CONSUMER) timestamp=5098 ms, used_size=1052672 bytes (2.6%)
(RDMA_READ_CONSUME_CHECK_CONSUMER) timestamp=5098 ms, used_size=1050624 bytes (2.6%)
(RDMA_READ_CONSUME_CHECK_CONSUMER) timestamp=5098 ms, used_size=1048576 bytes (2.6%)
(RDMA_READ_CONSUME_CHECK_CONSUMER) timestamp=5098 ms, used_size=1046528 bytes (2.6%)
(RDMA_READ_CONSUME_CHECK_CONSUMER) timestamp=5098 ms, used_size=1044480 bytes (2.5%)
(RDMA_READ_CONSUME_CHECK_CONSUMER) timestamp=5098 ms, used_size=1042432 bytes (2.5%)
(RDMA_READ_CONSUME_CHECK_CONSUMER) timestamp=5098 ms, used_size=1040384 bytes (2.5%)
(RDMA_READ_CONSUME_CHECK_CONSUMER) timestamp=5098 ms, used_size=1038336 bytes (2.5%)
(RDMA_READ_CONSUME_CHECK_CONSUMER) timestamp=5098 ms, used_size=1036288 bytes (2.5%)
(RDMA_READ_CONSUME_CHECK_CONSUMER) timestamp=5098 ms, used_size=1034240 bytes (2.5%)
(RDMA_READ_CONSUME_CHECK_CONSUMER) timestamp=5098 ms, used_size=1032192 bytes (2.5%)
(RDMA_READ_CONSUME_CHECK_CONSUMER) timestamp=5098 ms, used_size=1030144 bytes (2.5%)
(RDMA_READ_CONSUME_CHECK_CONSUMER) timestamp=5098 ms, used_size=1028096 bytes (2.5%)
(RDMA_READ_CONSUME_CHECK_CONSUMER) timestamp=5098 ms, used_size=1026048 bytes (2.5%)
(RDMA_READ_CONSUME_CHECK_CONSUMER) timestamp=5098 ms, used_size=1024000 bytes (2.5%)
(RDMA_READ_CONSUME_CHECK_CONSUMER) timestamp=5098 ms, used_size=1021952 bytes (2.5%)
(RDMA_READ_CONSUME_CHECK_CONSUMER) timestamp=5098 ms, used_size=1019904 bytes (2.5%)
(RDMA_READ_CONSUME_CHECK_CONSUMER) timestamp=5098 ms, used_size=1017856 bytes (2.5%)
(RDMA_READ_CONSUME_CHECK_CONSUMER) timestamp=5098 ms, used_size=1015808 bytes (2.5%)
(RDMA_READ_CONSUME_CHECK_CONSUMER) timestamp=5098 ms, used_size=1013760 bytes (2.5%)
(RDMA_READ_CONSUME_CHECK_CONSUMER) timestamp=5098 ms, used_size=1011712 bytes (2.5%)
(RDMA_READ_CONSUME_CHECK_CONSUMER) timestamp=5098 ms, used_size=1009664 bytes (2.5%)
(RDMA_READ_CONSUME_CHECK_CONSUMER) timestamp=5098 ms, used_size=1007616 bytes (2.5%)
(RDMA_READ_CONSUME_CHECK_CONSUMER) timestamp=5098 ms, used_size=1005568 bytes (2.5%)
(RDMA_READ_CONSUME_CHECK_CONSUMER) timestamp=5098 ms, used_size=1003520 bytes (2.5%)
(RDMA_READ_CONSUME_CHECK_CONSUMER) timestamp=5098 ms, used_size=1001472 bytes (2.4%)
(RDMA_READ_CONSUME_CHECK_CONSUMER) timestamp=5098 ms, used_size=999424 bytes (2.4%)
(RDMA_READ_CONSUME_CHECK_CONSUMER) timestamp=5098 ms, used_size=997376 bytes (2.4%)
(RDMA_READ_CONSUME_CHECK_CONSUMER) timestamp=5098 ms, used_size=995328 bytes (2.4%)
(RDMA_READ_CONSUME_CHECK_CONSUMER) timestamp=5098 ms, used_size=993280 bytes (2.4%)
(RDMA_READ_CONSUME_CHECK_CONSUMER) timestamp=5098 ms, used_size=991232 bytes (2.4%)
(RDMA_READ_CONSUME_CHECK_CONSUMER) timestamp=5098 ms, used_size=989184 bytes (2.4%)
(RDMA_READ_CONSUME_CHECK_CONSUMER) timestamp=5098 ms, used_size=987136 bytes (2.4%)
(RDMA_READ_CONSUME_CHECK_CONSUMER) timestamp=5098 ms, used_size=985088 bytes (2.4%)
(RDMA_READ_CONSUME_CHECK_CONSUMER) timestamp=5098 ms, used_size=983040 bytes (2.4%)
(RDMA_READ_CONSUME_CHECK_CONSUMER) timestamp=5098 ms, used_size=980992 bytes (2.4%)
(RDMA_READ_CONSUME_CHECK_CONSUMER) timestamp=5098 ms, used_size=978944 bytes (2.4%)
(RDMA_READ_CONSUME_CHECK_CONSUMER) timestamp=5098 ms, used_size=976896 bytes (2.4%)
(RDMA_READ_CONSUME_CHECK_CONSUMER) timestamp=5098 ms, used_size=974848 bytes (2.4%)
(RDMA_READ_CONSUME_CHECK_CONSUMER) timestamp=5098 ms, used_size=972800 bytes (2.4%)
(RDMA_READ_CONSUME_CHECK_CONSUMER) timestamp=5098 ms, used_size=970752 bytes (2.4%)
(RDMA_READ_CONSUME_CHECK_CONSUMER) timestamp=5098 ms, used_size=968704 bytes (2.4%)
(RDMA_READ_CONSUME_CHECK_CONSUMER) timestamp=5098 ms, used_size=966656 bytes (2.4%)
(RDMA_READ_CONSUME_CHECK_CONSUMER) timestamp=5098 ms, used_size=964608 bytes (2.4%)
(RDMA_READ_CONSUME_CHECK_CONSUMER) timestamp=5098 ms, used_size=962560 bytes (2.4%)
(RDMA_READ_CONSUME_CHECK_CONSUMER) timestamp=5098 ms, used_size=960512 bytes (2.3%)
(RDMA_READ_CONSUME_CHECK_CONSUMER) timestamp=5098 ms, used_size=958464 bytes (2.3%)
(RDMA_READ_CONSUME_CHECK_CONSUMER) timestamp=5098 ms, used_size=956416 bytes (2.3%)
(RDMA_READ_CONSUME_CHECK_CONSUMER) timestamp=5098 ms, used_size=954368 bytes (2.3%)
(RDMA_READ_CONSUME_CHECK_CONSUMER) timestamp=5098 ms, used_size=952320 bytes (2.3%)
(RDMA_READ_CONSUME_CHECK_CONSUMER) timestamp=5098 ms, used_size=950272 bytes (2.3%)
(RDMA_READ_CONSUME_CHECK_CONSUMER) timestamp=5098 ms, used_size=948224 bytes (2.3%)
(RDMA_READ_CONSUME_CHECK_CONSUMER) timestamp=5098 ms, used_size=946176 bytes (2.3%)
(RDMA_READ_CONSUME_CHECK_CONSUMER) timestamp=5098 ms, used_size=944128 bytes (2.3%)
(RDMA_READ_CONSUME_CHECK_CONSUMER) timestamp=5098 ms, used_size=942080 bytes (2.3%)
(RDMA_READ_CONSUME_CHECK_CONSUMER) timestamp=5098 ms, used_size=940032 bytes (2.3%)
(RDMA_READ_CONSUME_CHECK_CONSUMER) timestamp=5098 ms, used_size=937984 bytes (2.3%)
(RDMA_READ_CONSUME_CHECK_CONSUMER) timestamp=5098 ms, used_size=935936 bytes (2.3%)
(RDMA_READ_CONSUME_CHECK_CONSUMER) timestamp=5098 ms, used_size=933888 bytes (2.3%)
(RDMA_READ_CONSUME_CHECK_CONSUMER) timestamp=5098 ms, used_size=931840 bytes (2.3%)
(RDMA_READ_CONSUME_CHECK_CONSUMER) timestamp=5098 ms, used_size=929792 bytes (2.3%)
(RDMA_READ_CONSUME_CHECK_CONSUMER) timestamp=5098 ms, used_size=927744 bytes (2.3%)
(RDMA_READ_CONSUME_CHECK_CONSUMER) timestamp=5098 ms, used_size=925696 bytes (2.3%)
(RDMA_READ_CONSUME_CHECK_CONSUMER) timestamp=5098 ms, used_size=923648 bytes (2.3%)
(RDMA_READ_CONSUME_CHECK_CONSUMER) timestamp=5098 ms, used_size=921600 bytes (2.2%)
(RDMA_READ_CONSUME_CHECK_CONSUMER) timestamp=5098 ms, used_size=919552 bytes (2.2%)
(RDMA_READ_CONSUME_CHECK_CONSUMER) timestamp=5098 ms, used_size=917504 bytes (2.2%)
(RDMA_READ_CONSUME_CHECK_CONSUMER) timestamp=5098 ms, used_size=915456 bytes (2.2%)
(RDMA_READ_CONSUME_CHECK_CONSUMER) timestamp=5098 ms, used_size=913408 bytes (2.2%)
(RDMA_READ_CONSUME_CHECK_CONSUMER) timestamp=5098 ms, used_size=911360 bytes (2.2%)
(RDMA_READ_CONSUME_CHECK_CONSUMER) timestamp=5098 ms, used_size=909312 bytes (2.2%)
(RDMA_READ_CONSUME_CHECK_CONSUMER) timestamp=5098 ms, used_size=907264 bytes (2.2%)
(RDMA_READ_CONSUME_CHECK_CONSUMER) timestamp=5098 ms, used_size=905216 bytes (2.2%)
(RDMA_READ_CONSUME_CHECK_CONSUMER) timestamp=5098 ms, used_size=903168 bytes (2.2%)
(RDMA_READ_CONSUME_CHECK_CONSUMER) timestamp=5098 ms, used_size=901120 bytes (2.2%)
(RDMA_READ_CONSUME_CHECK_CONSUMER) timestamp=5098 ms, used_size=899072 bytes (2.2%)
(RDMA_READ_CONSUME_CHECK_CONSUMER) timestamp=5098 ms, used_size=897024 bytes (2.2%)
(RDMA_READ_CONSUME_CHECK_CONSUMER) timestamp=5098 ms, used_size=894976 bytes (2.2%)
(RDMA_READ_CONSUME_CHECK_CONSUMER) timestamp=5098 ms, used_size=892928 bytes (2.2%)
(RDMA_READ_CONSUME_CHECK_CONSUMER) timestamp=5098 ms, used_size=890880 bytes (2.2%)
(RDMA_READ_CONSUME_CHECK_CONSUMER) timestamp=5098 ms, used_size=888832 bytes (2.2%)
(RDMA_READ_CONSUME_CHECK_CONSUMER) timestamp=5098 ms, used_size=886784 bytes (2.2%)
(RDMA_READ_CONSUME_CHECK_CONSUMER) timestamp=5098 ms, used_size=884736 bytes (2.2%)
(RDMA_READ_CONSUME_CHECK_CONSUMER) timestamp=5098 ms, used_size=882688 bytes (2.2%)
(RDMA_READ_CONSUME_CHECK_CONSUMER) timestamp=5098 ms, used_size=880640 bytes (2.1%)
(RDMA_READ_CONSUME_CHECK_CONSUMER) timestamp=5098 ms, used_size=878592 bytes (2.1%)
(RDMA_READ_CONSUME_CHECK_CONSUMER) timestamp=5098 ms, used_size=876544 bytes (2.1%)
(RDMA_READ_CONSUME_CHECK_CONSUMER) timestamp=5098 ms, used_size=874496 bytes (2.1%)
(RDMA_READ_CONSUME_CHECK_CONSUMER) timestamp=5098 ms, used_size=872448 bytes (2.1%)
(RDMA_READ_CONSUME_CHECK_CONSUMER) timestamp=5098 ms, used_size=870400 bytes (2.1%)
(RDMA_READ_CONSUME_CHECK_CONSUMER) timestamp=5098 ms, used_size=868352 bytes (2.1%)
(RDMA_READ_CONSUME_CHECK_CONSUMER) timestamp=5098 ms, used_size=866304 bytes (2.1%)
(RDMA_READ_CONSUME_CHECK_CONSUMER) timestamp=5098 ms, used_size=864256 bytes (2.1%)
(RDMA_READ_CONSUME_CHECK_CONSUMER) timestamp=5098 ms, used_size=862208 bytes (2.1%)
(RDMA_READ_CONSUME_CHECK_CONSUMER) timestamp=5098 ms, used_size=860160 bytes (2.1%)
(RDMA_READ_CONSUME_CHECK_CONSUMER) timestamp=5098 ms, used_size=858112 bytes (2.1%)
(RDMA_READ_CONSUME_CHECK_CONSUMER) timestamp=5098 ms, used_size=856064 bytes (2.1%)
(RDMA_READ_CONSUME_CHECK_CONSUMER) timestamp=5098 ms, used_size=854016 bytes (2.1%)
(RDMA_READ_CONSUME_CHECK_CONSUMER) timestamp=5098 ms, used_size=851968 bytes (2.1%)
(RDMA_READ_CONSUME_CHECK_CONSUMER) timestamp=5098 ms, used_size=849920 bytes (2.1%)
(RDMA_READ_CONSUME_CHECK_CONSUMER) timestamp=5098 ms, used_size=847872 bytes (2.1%)
(RDMA_READ_CONSUME_CHECK_CONSUMER) timestamp=5098 ms, used_size=845824 bytes (2.1%)
(RDMA_READ_CONSUME_CHECK_CONSUMER) timestamp=5098 ms, used_size=843776 bytes (2.1%)
(RDMA_READ_CONSUME_CHECK_CONSUMER) timestamp=5098 ms, used_size=841728 bytes (2.1%)
(RDMA_READ_CONSUME_CHECK_CONSUMER) timestamp=5098 ms, used_size=839680 bytes (2.0%)
(RDMA_READ_CONSUME_CHECK_CONSUMER) timestamp=5098 ms, used_size=837632 bytes (2.0%)
(RDMA_READ_CONSUME_CHECK_CONSUMER) timestamp=5098 ms, used_size=835584 bytes (2.0%)
(RDMA_READ_CONSUME_CHECK_CONSUMER) timestamp=5098 ms, used_size=833536 bytes (2.0%)
(RDMA_READ_CONSUME_CHECK_CONSUMER) timestamp=5098 ms, used_size=831488 bytes (2.0%)
(RDMA_READ_CONSUME_CHECK_CONSUMER) timestamp=5098 ms, used_size=829440 bytes (2.0%)
(RDMA_READ_CONSUME_CHECK_CONSUMER) timestamp=5098 ms, used_size=827392 bytes (2.0%)
(RDMA_READ_CONSUME_CHECK_CONSUMER) timestamp=5098 ms, used_size=825344 bytes (2.0%)
(RDMA_READ_CONSUME_CHECK_CONSUMER) timestamp=5098 ms, used_size=823296 bytes (2.0%)
(RDMA_READ_CONSUME_CHECK_CONSUMER) timestamp=5099 ms, used_size=821248 bytes (2.0%)
(RDMA_READ_CONSUME_CHECK_CONSUMER) timestamp=5099 ms, used_size=819200 bytes (2.0%)
(RDMA_READ_CONSUME_CHECK_CONSUMER) timestamp=5099 ms, used_size=817152 bytes (2.0%)
(RDMA_READ_CONSUME_CHECK_CONSUMER) timestamp=5099 ms, used_size=815104 bytes (2.0%)
(RDMA_READ_CONSUME_CHECK_CONSUMER) timestamp=5099 ms, used_size=813056 bytes (2.0%)
(RDMA_READ_CONSUME_CHECK_CONSUMER) timestamp=5099 ms, used_size=811008 bytes (2.0%)
(RDMA_READ_CONSUME_CHECK_CONSUMER) timestamp=5099 ms, used_size=808960 bytes (2.0%)
(RDMA_READ_CONSUME_CHECK_CONSUMER) timestamp=5099 ms, used_size=806912 bytes (2.0%)
(RDMA_READ_CONSUME_CHECK_CONSUMER) timestamp=5099 ms, used_size=804864 bytes (2.0%)
(RDMA_READ_CONSUME_CHECK_CONSUMER) timestamp=5099 ms, used_size=802816 bytes (2.0%)
(RDMA_READ_CONSUME_CHECK_CONSUMER) timestamp=5099 ms, used_size=800768 bytes (2.0%)
(RDMA_READ_CONSUME_CHECK_CONSUMER) timestamp=5099 ms, used_size=798720 bytes (1.9%)
(RDMA_READ_CONSUME_CHECK_CONSUMER) timestamp=5099 ms, used_size=796672 bytes (1.9%)
(RDMA_READ_CONSUME_CHECK_CONSUMER) timestamp=5099 ms, used_size=794624 bytes (1.9%)
(RDMA_READ_CONSUME_CHECK_CONSUMER) timestamp=5099 ms, used_size=792576 bytes (1.9%)
(RDMA_READ_CONSUME_CHECK_CONSUMER) timestamp=5099 ms, used_size=790528 bytes (1.9%)
(RDMA_READ_CONSUME_CHECK_CONSUMER) timestamp=5099 ms, used_size=788480 bytes (1.9%)
(RDMA_READ_CONSUME_CHECK_CONSUMER) timestamp=5099 ms, used_size=786432 bytes (1.9%)
(RDMA_READ_CONSUME_CHECK_CONSUMER) timestamp=5099 ms, used_size=784384 bytes (1.9%)
(RDMA_READ_CONSUME_CHECK_CONSUMER) timestamp=5099 ms, used_size=782336 bytes (1.9%)
(RDMA_READ_CONSUME_CHECK_CONSUMER) timestamp=5099 ms, used_size=780288 bytes (1.9%)
(RDMA_READ_CONSUME_CHECK_CONSUMER) timestamp=5099 ms, used_size=778240 bytes (1.9%)
(RDMA_READ_CONSUME_CHECK_CONSUMER) timestamp=5099 ms, used_size=776192 bytes (1.9%)
(RDMA_READ_CONSUME_CHECK_CONSUMER) timestamp=5099 ms, used_size=774144 bytes (1.9%)
(RDMA_READ_CONSUME_CHECK_CONSUMER) timestamp=5099 ms, used_size=772096 bytes (1.9%)
(RDMA_READ_CONSUME_CHECK_CONSUMER) timestamp=5099 ms, used_size=770048 bytes (1.9%)
(RDMA_READ_CONSUME_CHECK_CONSUMER) timestamp=5099 ms, used_size=768000 bytes (1.9%)
(RDMA_READ_CONSUME_CHECK_CONSUMER) timestamp=5099 ms, used_size=765952 bytes (1.9%)
(RDMA_READ_CONSUME_CHECK_CONSUMER) timestamp=5099 ms, used_size=763904 bytes (1.9%)
(RDMA_READ_CONSUME_CHECK_CONSUMER) timestamp=5099 ms, used_size=761856 bytes (1.9%)
(RDMA_READ_CONSUME_CHECK_CONSUMER) timestamp=5099 ms, used_size=759808 bytes (1.9%)
(RDMA_READ_CONSUME_CHECK_CONSUMER) timestamp=5099 ms, used_size=757760 bytes (1.9%)
(RDMA_READ_CONSUME_CHECK_CONSUMER) timestamp=5099 ms, used_size=755712 bytes (1.8%)
(RDMA_READ_CONSUME_CHECK_CONSUMER) timestamp=5099 ms, used_size=753664 bytes (1.8%)
(RDMA_READ_CONSUME_CHECK_CONSUMER) timestamp=5099 ms, used_size=751616 bytes (1.8%)
(RDMA_READ_CONSUME_CHECK_CONSUMER) timestamp=5099 ms, used_size=749568 bytes (1.8%)
(RDMA_READ_CONSUME_CHECK_CONSUMER) timestamp=5099 ms, used_size=747520 bytes (1.8%)
(RDMA_READ_CONSUME_CHECK_CONSUMER) timestamp=5099 ms, used_size=745472 bytes (1.8%)
(RDMA_READ_CONSUME_CHECK_CONSUMER) timestamp=5099 ms, used_size=743424 bytes (1.8%)
(RDMA_READ_CONSUME_CHECK_CONSUMER) timestamp=5099 ms, used_size=741376 bytes (1.8%)
(RDMA_READ_CONSUME_CHECK_CONSUMER) timestamp=5099 ms, used_size=739328 bytes (1.8%)
(RDMA_READ_CONSUME_CHECK_CONSUMER) timestamp=5099 ms, used_size=737280 bytes (1.8%)
(RDMA_READ_CONSUME_CHECK_CONSUMER) timestamp=5099 ms, used_size=735232 bytes (1.8%)
(RDMA_READ_CONSUME_CHECK_CONSUMER) timestamp=5099 ms, used_size=733184 bytes (1.8%)
(RDMA_READ_CONSUME_CHECK_CONSUMER) timestamp=5099 ms, used_size=731136 bytes (1.8%)
(RDMA_READ_CONSUME_CHECK_CONSUMER) timestamp=5099 ms, used_size=729088 bytes (1.8%)
(RDMA_READ_CONSUME_CHECK_CONSUMER) timestamp=5099 ms, used_size=727040 bytes (1.8%)
(RDMA_READ_CONSUME_CHECK_CONSUMER) timestamp=5099 ms, used_size=724992 bytes (1.8%)
(RDMA_READ_CONSUME_CHECK_CONSUMER) timestamp=5099 ms, used_size=722944 bytes (1.8%)
(RDMA_READ_CONSUME_CHECK_CONSUMER) timestamp=5099 ms, used_size=720896 bytes (1.8%)
(RDMA_READ_CONSUME_CHECK_CONSUMER) timestamp=5099 ms, used_size=718848 bytes (1.8%)
(RDMA_READ_CONSUME_CHECK_CONSUMER) timestamp=5099 ms, used_size=716800 bytes (1.8%)
(RDMA_READ_CONSUME_CHECK_CONSUMER) timestamp=5099 ms, used_size=714752 bytes (1.7%)
(RDMA_READ_CONSUME_CHECK_CONSUMER) timestamp=5099 ms, used_size=712704 bytes (1.7%)
(RDMA_READ_CONSUME_CHECK_CONSUMER) timestamp=5099 ms, used_size=710656 bytes (1.7%)
(RDMA_READ_CONSUME_CHECK_CONSUMER) timestamp=5099 ms, used_size=708608 bytes (1.7%)
(RDMA_READ_CONSUME_CHECK_CONSUMER) timestamp=5099 ms, used_size=706560 bytes (1.7%)
(RDMA_READ_CONSUME_CHECK_CONSUMER) timestamp=5099 ms, used_size=704512 bytes (1.7%)
(RDMA_READ_CONSUME_CHECK_CONSUMER) timestamp=5099 ms, used_size=702464 bytes (1.7%)
(RDMA_READ_CONSUME_CHECK_CONSUMER) timestamp=5099 ms, used_size=700416 bytes (1.7%)
(RDMA_READ_CONSUME_CHECK_CONSUMER) timestamp=5099 ms, used_size=698368 bytes (1.7%)
(RDMA_READ_CONSUME_CHECK_CONSUMER) timestamp=5099 ms, used_size=696320 bytes (1.7%)
(RDMA_READ_CONSUME_CHECK_CONSUMER) timestamp=5099 ms, used_size=694272 bytes (1.7%)
(RDMA_READ_CONSUME_CHECK_CONSUMER) timestamp=5099 ms, used_size=692224 bytes (1.7%)
(RDMA_READ_CONSUME_CHECK_CONSUMER) timestamp=5099 ms, used_size=690176 bytes (1.7%)
(RDMA_READ_CONSUME_CHECK_CONSUMER) timestamp=5099 ms, used_size=688128 bytes (1.7%)
(RDMA_READ_CONSUME_CHECK_CONSUMER) timestamp=5099 ms, used_size=686080 bytes (1.7%)
(RDMA_READ_CONSUME_CHECK_CONSUMER) timestamp=5099 ms, used_size=684032 bytes (1.7%)
(RDMA_READ_CONSUME_CHECK_CONSUMER) timestamp=5099 ms, used_size=681984 bytes (1.7%)
(RDMA_READ_CONSUME_CHECK_CONSUMER) timestamp=5099 ms, used_size=679936 bytes (1.7%)
(RDMA_READ_CONSUME_CHECK_CONSUMER) timestamp=5099 ms, used_size=677888 bytes (1.7%)
(RDMA_READ_CONSUME_CHECK_CONSUMER) timestamp=5099 ms, used_size=675840 bytes (1.6%)
(RDMA_READ_CONSUME_CHECK_CONSUMER) timestamp=5099 ms, used_size=673792 bytes (1.6%)
(RDMA_READ_CONSUME_CHECK_CONSUMER) timestamp=5099 ms, used_size=671744 bytes (1.6%)
(RDMA_READ_CONSUME_CHECK_CONSUMER) timestamp=5099 ms, used_size=669696 bytes (1.6%)
(RDMA_READ_CONSUME_CHECK_CONSUMER) timestamp=5099 ms, used_size=667648 bytes (1.6%)
(RDMA_READ_CONSUME_CHECK_CONSUMER) timestamp=5099 ms, used_size=665600 bytes (1.6%)
(RDMA_READ_CONSUME_CHECK_CONSUMER) timestamp=5099 ms, used_size=663552 bytes (1.6%)
(RDMA_READ_CONSUME_CHECK_CONSUMER) timestamp=5099 ms, used_size=661504 bytes (1.6%)
(RDMA_READ_CONSUME_CHECK_CONSUMER) timestamp=5099 ms, used_size=659456 bytes (1.6%)
(RDMA_READ_CONSUME_CHECK_CONSUMER) timestamp=5099 ms, used_size=657408 bytes (1.6%)
(RDMA_READ_CONSUME_CHECK_CONSUMER) timestamp=5099 ms, used_size=655360 bytes (1.6%)
(RDMA_READ_CONSUME_CHECK_CONSUMER) timestamp=5099 ms, used_size=653312 bytes (1.6%)
(RDMA_READ_CONSUME_CHECK_CONSUMER) timestamp=5099 ms, used_size=651264 bytes (1.6%)
(RDMA_READ_CONSUME_CHECK_CONSUMER) timestamp=5099 ms, used_size=649216 bytes (1.6%)
(RDMA_READ_CONSUME_CHECK_CONSUMER) timestamp=5099 ms, used_size=647168 bytes (1.6%)
(RDMA_READ_CONSUME_CHECK_CONSUMER) timestamp=5099 ms, used_size=645120 bytes (1.6%)
(RDMA_READ_CONSUME_CHECK_CONSUMER) timestamp=5099 ms, used_size=643072 bytes (1.6%)
(RDMA_READ_CONSUME_CHECK_CONSUMER) timestamp=5099 ms, used_size=641024 bytes (1.6%)
(RDMA_READ_CONSUME_CHECK_CONSUMER) timestamp=5099 ms, used_size=638976 bytes (1.6%)
(RDMA_READ_CONSUME_CHECK_CONSUMER) timestamp=5099 ms, used_size=636928 bytes (1.6%)
(RDMA_READ_CONSUME_CHECK_CONSUMER) timestamp=5099 ms, used_size=634880 bytes (1.6%)
(RDMA_READ_CONSUME_CHECK_CONSUMER) timestamp=5099 ms, used_size=632832 bytes (1.5%)
(RDMA_READ_CONSUME_CHECK_CONSUMER) timestamp=5099 ms, used_size=630784 bytes (1.5%)
(RDMA_READ_CONSUME_CHECK_CONSUMER) timestamp=5099 ms, used_size=628736 bytes (1.5%)
(RDMA_READ_CONSUME_CHECK_CONSUMER) timestamp=5099 ms, used_size=626688 bytes (1.5%)
(RDMA_READ_CONSUME_CHECK_CONSUMER) timestamp=5099 ms, used_size=624640 bytes (1.5%)
(RDMA_READ_CONSUME_CHECK_CONSUMER) timestamp=5099 ms, used_size=622592 bytes (1.5%)
(RDMA_READ_CONSUME_CHECK_CONSUMER) timestamp=5099 ms, used_size=620544 bytes (1.5%)
(RDMA_READ_CONSUME_CHECK_CONSUMER) timestamp=5099 ms, used_size=618496 bytes (1.5%)
(RDMA_READ_CONSUME_CHECK_CONSUMER) timestamp=5099 ms, used_size=616448 bytes (1.5%)
(RDMA_READ_CONSUME_CHECK_CONSUMER) timestamp=5099 ms, used_size=614400 bytes (1.5%)
(RDMA_READ_CONSUME_CHECK_CONSUMER) timestamp=5099 ms, used_size=612352 bytes (1.5%)
(RDMA_READ_CONSUME_CHECK_CONSUMER) timestamp=5099 ms, used_size=610304 bytes (1.5%)
(RDMA_READ_CONSUME_CHECK_CONSUMER) timestamp=5099 ms, used_size=608256 bytes (1.5%)
(RDMA_READ_CONSUME_CHECK_CONSUMER) timestamp=5099 ms, used_size=606208 bytes (1.5%)
(RDMA_READ_CONSUME_CHECK_CONSUMER) timestamp=5099 ms, used_size=604160 bytes (1.5%)
(RDMA_READ_CONSUME_CHECK_CONSUMER) timestamp=5099 ms, used_size=602112 bytes (1.5%)
(RDMA_READ_CONSUME_CHECK_CONSUMER) timestamp=5099 ms, used_size=600064 bytes (1.5%)
(RDMA_READ_CONSUME_CHECK_CONSUMER) timestamp=5099 ms, used_size=598016 bytes (1.5%)
(RDMA_READ_CONSUME_CHECK_CONSUMER) timestamp=5099 ms, used_size=595968 bytes (1.5%)
(RDMA_READ_CONSUME_CHECK_CONSUMER) timestamp=5099 ms, used_size=593920 bytes (1.4%)
(RDMA_READ_CONSUME_CHECK_CONSUMER) timestamp=5099 ms, used_size=591872 bytes (1.4%)
(RDMA_READ_CONSUME_CHECK_CONSUMER) timestamp=5099 ms, used_size=589824 bytes (1.4%)
(RDMA_READ_CONSUME_CHECK_CONSUMER) timestamp=5099 ms, used_size=587776 bytes (1.4%)
(RDMA_READ_CONSUME_CHECK_CONSUMER) timestamp=5099 ms, used_size=585728 bytes (1.4%)
(RDMA_READ_CONSUME_CHECK_CONSUMER) timestamp=5099 ms, used_size=583680 bytes (1.4%)
(RDMA_READ_CONSUME_CHECK_CONSUMER) timestamp=5099 ms, used_size=581632 bytes (1.4%)
(RDMA_READ_CONSUME_CHECK_CONSUMER) timestamp=5099 ms, used_size=579584 bytes (1.4%)
(RDMA_READ_CONSUME_CHECK_CONSUMER) timestamp=5099 ms, used_size=577536 bytes (1.4%)
(RDMA_READ_CONSUME_CHECK_CONSUMER) timestamp=5099 ms, used_size=575488 bytes (1.4%)
(RDMA_READ_CONSUME_CHECK_CONSUMER) timestamp=5099 ms, used_size=573440 bytes (1.4%)
(RDMA_READ_CONSUME_CHECK_CONSUMER) timestamp=5099 ms, used_size=571392 bytes (1.4%)
(RDMA_READ_CONSUME_CHECK_CONSUMER) timestamp=5099 ms, used_size=569344 bytes (1.4%)
(RDMA_READ_CONSUME_CHECK_CONSUMER) timestamp=5099 ms, used_size=567296 bytes (1.4%)
(RDMA_READ_CONSUME_CHECK_CONSUMER) timestamp=5099 ms, used_size=565248 bytes (1.4%)
(RDMA_READ_CONSUME_CHECK_CONSUMER) timestamp=5099 ms, used_size=563200 bytes (1.4%)
(RDMA_READ_CONSUME_CHECK_CONSUMER) timestamp=5099 ms, used_size=561152 bytes (1.4%)
(RDMA_READ_CONSUME_CHECK_CONSUMER) timestamp=5099 ms, used_size=559104 bytes (1.4%)
(RDMA_READ_CONSUME_CHECK_CONSUMER) timestamp=5099 ms, used_size=557056 bytes (1.4%)
(RDMA_READ_CONSUME_CHECK_CONSUMER) timestamp=5099 ms, used_size=555008 bytes (1.4%)
(RDMA_READ_CONSUME_CHECK_CONSUMER) timestamp=5099 ms, used_size=552960 bytes (1.4%)
(RDMA_READ_CONSUME_CHECK_CONSUMER) timestamp=5099 ms, used_size=550912 bytes (1.3%)
(RDMA_READ_CONSUME_CHECK_CONSUMER) timestamp=5099 ms, used_size=548864 bytes (1.3%)
(RDMA_READ_CONSUME_CHECK_CONSUMER) timestamp=5099 ms, used_size=546816 bytes (1.3%)
(RDMA_READ_CONSUME_CHECK_CONSUMER) timestamp=5099 ms, used_size=544768 bytes (1.3%)
(RDMA_READ_CONSUME_CHECK_CONSUMER) timestamp=5099 ms, used_size=542720 bytes (1.3%)
(RDMA_READ_CONSUME_CHECK_CONSUMER) timestamp=5099 ms, used_size=540672 bytes (1.3%)
(RDMA_READ_CONSUME_CHECK_CONSUMER) timestamp=5099 ms, used_size=538624 bytes (1.3%)
(RDMA_READ_CONSUME_CHECK_CONSUMER) timestamp=5099 ms, used_size=536576 bytes (1.3%)
(RDMA_READ_CONSUME_CHECK_CONSUMER) timestamp=5099 ms, used_size=534528 bytes (1.3%)
(RDMA_READ_CONSUME_CHECK_CONSUMER) timestamp=5099 ms, used_size=532480 bytes (1.3%)
(RDMA_READ_CONSUME_CHECK_CONSUMER) timestamp=5099 ms, used_size=530432 bytes (1.3%)
(RDMA_READ_CONSUME_CHECK_CONSUMER) timestamp=5099 ms, used_size=528384 bytes (1.3%)
(RDMA_READ_CONSUME_CHECK_CONSUMER) timestamp=5099 ms, used_size=526336 bytes (1.3%)
(RDMA_READ_CONSUME_CHECK_CONSUMER) timestamp=5099 ms, used_size=524288 bytes (1.3%)
(RDMA_READ_CONSUME_CHECK_CONSUMER) timestamp=5099 ms, used_size=522240 bytes (1.3%)
(RDMA_READ_CONSUME_CHECK_CONSUMER) timestamp=5099 ms, used_size=520192 bytes (1.3%)
(RDMA_READ_CONSUME_CHECK_CONSUMER) timestamp=5099 ms, used_size=518144 bytes (1.3%)
(RDMA_READ_CONSUME_CHECK_CONSUMER) timestamp=5099 ms, used_size=516096 bytes (1.3%)
(RDMA_READ_CONSUME_CHECK_CONSUMER) timestamp=5099 ms, used_size=514048 bytes (1.3%)
(RDMA_READ_CONSUME_CHECK_CONSUMER) timestamp=5099 ms, used_size=512000 bytes (1.2%)
(RDMA_READ_CONSUME_CHECK_CONSUMER) timestamp=5099 ms, used_size=509952 bytes (1.2%)
(RDMA_READ_CONSUME_CHECK_CONSUMER) timestamp=5099 ms, used_size=507904 bytes (1.2%)
(RDMA_READ_CONSUME_CHECK_CONSUMER) timestamp=5099 ms, used_size=505856 bytes (1.2%)
(RDMA_READ_CONSUME_CHECK_CONSUMER) timestamp=5099 ms, used_size=503808 bytes (1.2%)
(RDMA_READ_CONSUME_CHECK_CONSUMER) timestamp=5099 ms, used_size=501760 bytes (1.2%)
(RDMA_READ_CONSUME_CHECK_CONSUMER) timestamp=5099 ms, used_size=499712 bytes (1.2%)
(RDMA_READ_CONSUME_CHECK_CONSUMER) timestamp=5099 ms, used_size=497664 bytes (1.2%)
(RDMA_READ_CONSUME_CHECK_CONSUMER) timestamp=5099 ms, used_size=495616 bytes (1.2%)
(RDMA_READ_CONSUME_CHECK_CONSUMER) timestamp=5099 ms, used_size=493568 bytes (1.2%)
(RDMA_READ_CONSUME_CHECK_CONSUMER) timestamp=5099 ms, used_size=491520 bytes (1.2%)
(RDMA_READ_CONSUME_CHECK_CONSUMER) timestamp=5099 ms, used_size=489472 bytes (1.2%)
(RDMA_READ_CONSUME_CHECK_CONSUMER) timestamp=5099 ms, used_size=487424 bytes (1.2%)
(RDMA_READ_CONSUME_CHECK_CONSUMER) timestamp=5099 ms, used_size=485376 bytes (1.2%)
(RDMA_READ_CONSUME_CHECK_CONSUMER) timestamp=5099 ms, used_size=483328 bytes (1.2%)
(RDMA_READ_CONSUME_CHECK_CONSUMER) timestamp=5099 ms, used_size=481280 bytes (1.2%)
(RDMA_READ_CONSUME_CHECK_CONSUMER) timestamp=5099 ms, used_size=479232 bytes (1.2%)
(RDMA_READ_CONSUME_CHECK_CONSUMER) timestamp=5099 ms, used_size=477184 bytes (1.2%)
(RDMA_READ_CONSUME_CHECK_CONSUMER) timestamp=5099 ms, used_size=475136 bytes (1.2%)
(RDMA_READ_CONSUME_CHECK_CONSUMER) timestamp=5099 ms, used_size=473088 bytes (1.2%)
(RDMA_READ_CONSUME_CHECK_CONSUMER) timestamp=5099 ms, used_size=471040 bytes (1.1%)
(RDMA_READ_CONSUME_CHECK_CONSUMER) timestamp=5099 ms, used_size=468992 bytes (1.1%)
(RDMA_READ_CONSUME_CHECK_CONSUMER) timestamp=5099 ms, used_size=466944 bytes (1.1%)
(RDMA_READ_CONSUME_CHECK_CONSUMER) timestamp=5099 ms, used_size=464896 bytes (1.1%)
(RDMA_READ_CONSUME_CHECK_CONSUMER) timestamp=5099 ms, used_size=462848 bytes (1.1%)
(RDMA_READ_CONSUME_CHECK_CONSUMER) timestamp=5099 ms, used_size=460800 bytes (1.1%)
(RDMA_READ_CONSUME_CHECK_CONSUMER) timestamp=5099 ms, used_size=458752 bytes (1.1%)
(RDMA_READ_CONSUME_CHECK_CONSUMER) timestamp=5099 ms, used_size=456704 bytes (1.1%)
(RDMA_READ_CONSUME_CHECK_CONSUMER) timestamp=5099 ms, used_size=454656 bytes (1.1%)
(RDMA_READ_CONSUME_CHECK_CONSUMER) timestamp=5099 ms, used_size=452608 bytes (1.1%)
(RDMA_READ_CONSUME_CHECK_CONSUMER) timestamp=5099 ms, used_size=450560 bytes (1.1%)
(RDMA_READ_CONSUME_CHECK_CONSUMER) timestamp=5099 ms, used_size=448512 bytes (1.1%)
(RDMA_READ_CONSUME_CHECK_CONSUMER) timestamp=5100 ms, used_size=446464 bytes (1.1%)
(RDMA_READ_CONSUME_CHECK_CONSUMER) timestamp=5100 ms, used_size=444416 bytes (1.1%)
(RDMA_READ_CONSUME_CHECK_CONSUMER) timestamp=5100 ms, used_size=442368 bytes (1.1%)
(RDMA_READ_CONSUME_CHECK_CONSUMER) timestamp=5100 ms, used_size=440320 bytes (1.1%)
(RDMA_READ_CONSUME_CHECK_CONSUMER) timestamp=5100 ms, used_size=438272 bytes (1.1%)
(RDMA_READ_CONSUME_CHECK_CONSUMER) timestamp=5100 ms, used_size=436224 bytes (1.1%)
(RDMA_READ_CONSUME_CHECK_CONSUMER) timestamp=5100 ms, used_size=434176 bytes (1.1%)
(RDMA_READ_CONSUME_CHECK_CONSUMER) timestamp=5100 ms, used_size=432128 bytes (1.1%)
(RDMA_READ_CONSUME_CHECK_CONSUMER) timestamp=5100 ms, used_size=430080 bytes (1.1%)
(RDMA_READ_CONSUME_CHECK_CONSUMER) timestamp=5100 ms, used_size=428032 bytes (1.0%)
(RDMA_READ_CONSUME_CHECK_CONSUMER) timestamp=5100 ms, used_size=425984 bytes (1.0%)
(RDMA_READ_CONSUME_CHECK_CONSUMER) timestamp=5100 ms, used_size=423936 bytes (1.0%)
(RDMA_READ_CONSUME_CHECK_CONSUMER) timestamp=5100 ms, used_size=421888 bytes (1.0%)
(RDMA_READ_CONSUME_CHECK_CONSUMER) timestamp=5100 ms, used_size=419840 bytes (1.0%)
(RDMA_READ_CONSUME_CHECK_CONSUMER) timestamp=5100 ms, used_size=417792 bytes (1.0%)
(RDMA_READ_CONSUME_CHECK_CONSUMER) timestamp=5100 ms, used_size=415744 bytes (1.0%)
(RDMA_READ_CONSUME_CHECK_CONSUMER) timestamp=5100 ms, used_size=413696 bytes (1.0%)
(RDMA_READ_CONSUME_CHECK_CONSUMER) timestamp=5100 ms, used_size=411648 bytes (1.0%)
(RDMA_READ_CONSUME_CHECK_CONSUMER) timestamp=5100 ms, used_size=409600 bytes (1.0%)
(RDMA_READ_CONSUME_CHECK_CONSUMER) timestamp=5100 ms, used_size=407552 bytes (1.0%)
(RDMA_READ_CONSUME_CHECK_CONSUMER) timestamp=5100 ms, used_size=405504 bytes (1.0%)
(RDMA_READ_CONSUME_CHECK_CONSUMER) timestamp=5100 ms, used_size=403456 bytes (1.0%)
(RDMA_READ_CONSUME_CHECK_CONSUMER) timestamp=5100 ms, used_size=401408 bytes (1.0%)
(RDMA_READ_CONSUME_CHECK_CONSUMER) timestamp=5100 ms, used_size=399360 bytes (1.0%)
(RDMA_READ_CONSUME_CHECK_CONSUMER) timestamp=5100 ms, used_size=397312 bytes (1.0%)
(RDMA_READ_CONSUME_CHECK_CONSUMER) timestamp=5100 ms, used_size=395264 bytes (1.0%)
(RDMA_READ_CONSUME_CHECK_CONSUMER) timestamp=5100 ms, used_size=393216 bytes (1.0%)
(RDMA_READ_CONSUME_CHECK_CONSUMER) timestamp=5100 ms, used_size=391168 bytes (1.0%)
(RDMA_READ_CONSUME_CHECK_CONSUMER) timestamp=5100 ms, used_size=389120 bytes (0.9%)
(RDMA_READ_CONSUME_CHECK_CONSUMER) timestamp=5100 ms, used_size=387072 bytes (0.9%)
(RDMA_READ_CONSUME_CHECK_CONSUMER) timestamp=5100 ms, used_size=385024 bytes (0.9%)
(RDMA_READ_CONSUME_CHECK_CONSUMER) timestamp=5100 ms, used_size=382976 bytes (0.9%)
(RDMA_READ_CONSUME_CHECK_CONSUMER) timestamp=5100 ms, used_size=380928 bytes (0.9%)
(RDMA_READ_CONSUME_CHECK_CONSUMER) timestamp=5100 ms, used_size=378880 bytes (0.9%)
(RDMA_READ_CONSUME_CHECK_CONSUMER) timestamp=5100 ms, used_size=376832 bytes (0.9%)
(RDMA_READ_CONSUME_CHECK_CONSUMER) timestamp=5100 ms, used_size=374784 bytes (0.9%)
(RDMA_READ_CONSUME_CHECK_CONSUMER) timestamp=5100 ms, used_size=372736 bytes (0.9%)
(RDMA_READ_CONSUME_CHECK_CONSUMER) timestamp=5100 ms, used_size=370688 bytes (0.9%)
(RDMA_READ_CONSUME_CHECK_CONSUMER) timestamp=5100 ms, used_size=368640 bytes (0.9%)
(RDMA_READ_CONSUME_CHECK_CONSUMER) timestamp=5100 ms, used_size=366592 bytes (0.9%)
(RDMA_READ_CONSUME_CHECK_CONSUMER) timestamp=5100 ms, used_size=364544 bytes (0.9%)
(RDMA_READ_CONSUME_CHECK_CONSUMER) timestamp=5100 ms, used_size=362496 bytes (0.9%)
(RDMA_READ_CONSUME_CHECK_CONSUMER) timestamp=5100 ms, used_size=360448 bytes (0.9%)
(RDMA_READ_CONSUME_CHECK_CONSUMER) timestamp=5100 ms, used_size=358400 bytes (0.9%)
(RDMA_READ_CONSUME_CHECK_CONSUMER) timestamp=5100 ms, used_size=356352 bytes (0.9%)
(RDMA_READ_CONSUME_CHECK_CONSUMER) timestamp=5100 ms, used_size=354304 bytes (0.9%)
(RDMA_READ_CONSUME_CHECK_CONSUMER) timestamp=5100 ms, used_size=352256 bytes (0.9%)
(RDMA_READ_CONSUME_CHECK_CONSUMER) timestamp=5100 ms, used_size=350208 bytes (0.9%)
(RDMA_READ_CONSUME_CHECK_CONSUMER) timestamp=5100 ms, used_size=348160 bytes (0.8%)
(RDMA_READ_CONSUME_CHECK_CONSUMER) timestamp=5100 ms, used_size=346112 bytes (0.8%)
(RDMA_READ_CONSUME_CHECK_CONSUMER) timestamp=5100 ms, used_size=344064 bytes (0.8%)
(RDMA_READ_CONSUME_CHECK_CONSUMER) timestamp=5100 ms, used_size=342016 bytes (0.8%)
(RDMA_READ_CONSUME_CHECK_CONSUMER) timestamp=5100 ms, used_size=339968 bytes (0.8%)
(RDMA_READ_CONSUME_CHECK_CONSUMER) timestamp=5100 ms, used_size=337920 bytes (0.8%)
(RDMA_READ_CONSUME_CHECK_CONSUMER) timestamp=5100 ms, used_size=335872 bytes (0.8%)
(RDMA_READ_CONSUME_CHECK_CONSUMER) timestamp=5100 ms, used_size=333824 bytes (0.8%)
(RDMA_READ_CONSUME_CHECK_CONSUMER) timestamp=5100 ms, used_size=331776 bytes (0.8%)
(RDMA_READ_CONSUME_CHECK_CONSUMER) timestamp=5100 ms, used_size=329728 bytes (0.8%)
(RDMA_READ_CONSUME_CHECK_CONSUMER) timestamp=5100 ms, used_size=327680 bytes (0.8%)
(RDMA_READ_CONSUME_CHECK_CONSUMER) timestamp=5100 ms, used_size=325632 bytes (0.8%)
(RDMA_READ_CONSUME_CHECK_CONSUMER) timestamp=5100 ms, used_size=323584 bytes (0.8%)
(RDMA_READ_CONSUME_CHECK_CONSUMER) timestamp=5100 ms, used_size=321536 bytes (0.8%)
(RDMA_READ_CONSUME_CHECK_CONSUMER) timestamp=5100 ms, used_size=319488 bytes (0.8%)
(RDMA_READ_CONSUME_CHECK_CONSUMER) timestamp=5100 ms, used_size=317440 bytes (0.8%)
(RDMA_READ_CONSUME_CHECK_CONSUMER) timestamp=5100 ms, used_size=315392 bytes (0.8%)
(RDMA_READ_CONSUME_CHECK_CONSUMER) timestamp=5100 ms, used_size=313344 bytes (0.8%)
(RDMA_READ_CONSUME_CHECK_CONSUMER) timestamp=5100 ms, used_size=311296 bytes (0.8%)
(RDMA_READ_CONSUME_CHECK_CONSUMER) timestamp=5100 ms, used_size=309248 bytes (0.8%)
(RDMA_READ_CONSUME_CHECK_CONSUMER) timestamp=5100 ms, used_size=307200 bytes (0.8%)
(RDMA_READ_CONSUME_CHECK_CONSUMER) timestamp=5100 ms, used_size=305152 bytes (0.7%)
(RDMA_READ_CONSUME_CHECK_CONSUMER) timestamp=5100 ms, used_size=303104 bytes (0.7%)
(RDMA_READ_CONSUME_CHECK_CONSUMER) timestamp=5100 ms, used_size=301056 bytes (0.7%)
(RDMA_READ_CONSUME_CHECK_CONSUMER) timestamp=5100 ms, used_size=299008 bytes (0.7%)
(RDMA_READ_CONSUME_CHECK_CONSUMER) timestamp=5100 ms, used_size=296960 bytes (0.7%)
(RDMA_READ_CONSUME_CHECK_CONSUMER) timestamp=5100 ms, used_size=294912 bytes (0.7%)
(RDMA_READ_CONSUME_CHECK_CONSUMER) timestamp=5100 ms, used_size=292864 bytes (0.7%)
(RDMA_READ_CONSUME_CHECK_CONSUMER) timestamp=5100 ms, used_size=290816 bytes (0.7%)
(RDMA_READ_CONSUME_CHECK_CONSUMER) timestamp=5100 ms, used_size=288768 bytes (0.7%)
(RDMA_READ_CONSUME_CHECK_CONSUMER) timestamp=5100 ms, used_size=286720 bytes (0.7%)
(RDMA_READ_CONSUME_CHECK_CONSUMER) timestamp=5100 ms, used_size=284672 bytes (0.7%)
(RDMA_READ_CONSUME_CHECK_CONSUMER) timestamp=5100 ms, used_size=282624 bytes (0.7%)
(RDMA_READ_CONSUME_CHECK_CONSUMER) timestamp=5100 ms, used_size=280576 bytes (0.7%)
(RDMA_READ_CONSUME_CHECK_CONSUMER) timestamp=5100 ms, used_size=278528 bytes (0.7%)
(RDMA_READ_CONSUME_CHECK_CONSUMER) timestamp=5100 ms, used_size=276480 bytes (0.7%)
(RDMA_READ_CONSUME_CHECK_CONSUMER) timestamp=5100 ms, used_size=274432 bytes (0.7%)
(RDMA_READ_CONSUME_CHECK_CONSUMER) timestamp=5100 ms, used_size=272384 bytes (0.7%)
(RDMA_READ_CONSUME_CHECK_CONSUMER) timestamp=5100 ms, used_size=270336 bytes (0.7%)
(RDMA_READ_CONSUME_CHECK_CONSUMER) timestamp=5100 ms, used_size=268288 bytes (0.7%)
(RDMA_READ_CONSUME_CHECK_CONSUMER) timestamp=5100 ms, used_size=266240 bytes (0.7%)
(RDMA_READ_CONSUME_CHECK_CONSUMER) timestamp=5100 ms, used_size=264192 bytes (0.6%)
(RDMA_READ_CONSUME_CHECK_CONSUMER) timestamp=5100 ms, used_size=262144 bytes (0.6%)
(RDMA_READ_CONSUME_CHECK_CONSUMER) timestamp=5100 ms, used_size=260096 bytes (0.6%)
(RDMA_READ_CONSUME_CHECK_CONSUMER) timestamp=5100 ms, used_size=258048 bytes (0.6%)
(RDMA_READ_CONSUME_CHECK_CONSUMER) timestamp=5100 ms, used_size=256000 bytes (0.6%)
(RDMA_READ_CONSUME_CHECK_CONSUMER) timestamp=5100 ms, used_size=253952 bytes (0.6%)
(RDMA_READ_CONSUME_CHECK_CONSUMER) timestamp=5100 ms, used_size=251904 bytes (0.6%)
(RDMA_READ_CONSUME_CHECK_CONSUMER) timestamp=5100 ms, used_size=249856 bytes (0.6%)
(RDMA_READ_CONSUME_CHECK_CONSUMER) timestamp=5100 ms, used_size=247808 bytes (0.6%)
(RDMA_READ_CONSUME_CHECK_CONSUMER) timestamp=5100 ms, used_size=245760 bytes (0.6%)
(RDMA_READ_CONSUME_CHECK_CONSUMER) timestamp=5100 ms, used_size=243712 bytes (0.6%)
(RDMA_READ_CONSUME_CHECK_CONSUMER) timestamp=5100 ms, used_size=241664 bytes (0.6%)
(RDMA_READ_CONSUME_CHECK_CONSUMER) timestamp=5100 ms, used_size=239616 bytes (0.6%)
(RDMA_READ_CONSUME_CHECK_CONSUMER) timestamp=5100 ms, used_size=237568 bytes (0.6%)
(RDMA_READ_CONSUME_CHECK_CONSUMER) timestamp=5100 ms, used_size=235520 bytes (0.6%)
(RDMA_READ_CONSUME_CHECK_CONSUMER) timestamp=5100 ms, used_size=233472 bytes (0.6%)
(RDMA_READ_CONSUME_CHECK_CONSUMER) timestamp=5100 ms, used_size=231424 bytes (0.6%)
(RDMA_READ_CONSUME_CHECK_CONSUMER) timestamp=5100 ms, used_size=229376 bytes (0.6%)
(RDMA_READ_CONSUME_CHECK_CONSUMER) timestamp=5100 ms, used_size=227328 bytes (0.6%)
(RDMA_READ_CONSUME_CHECK_CONSUMER) timestamp=5100 ms, used_size=225280 bytes (0.6%)
(RDMA_READ_CONSUME_CHECK_CONSUMER) timestamp=5100 ms, used_size=223232 bytes (0.5%)
(RDMA_READ_CONSUME_CHECK_CONSUMER) timestamp=5100 ms, used_size=221184 bytes (0.5%)
(RDMA_READ_CONSUME_CHECK_CONSUMER) timestamp=5100 ms, used_size=219136 bytes (0.5%)
(RDMA_READ_CONSUME_CHECK_CONSUMER) timestamp=5100 ms, used_size=217088 bytes (0.5%)
(RDMA_READ_CONSUME_CHECK_CONSUMER) timestamp=5100 ms, used_size=215040 bytes (0.5%)
(RDMA_READ_CONSUME_CHECK_CONSUMER) timestamp=5100 ms, used_size=212992 bytes (0.5%)
(RDMA_READ_CONSUME_CHECK_CONSUMER) timestamp=5100 ms, used_size=210944 bytes (0.5%)
(RDMA_READ_CONSUME_CHECK_CONSUMER) timestamp=5100 ms, used_size=208896 bytes (0.5%)
(RDMA_READ_CONSUME_CHECK_CONSUMER) timestamp=5100 ms, used_size=206848 bytes (0.5%)
(RDMA_READ_CONSUME_CHECK_CONSUMER) timestamp=5100 ms, used_size=204800 bytes (0.5%)
(RDMA_READ_CONSUME_CHECK_CONSUMER) timestamp=5100 ms, used_size=202752 bytes (0.5%)
(RDMA_READ_CONSUME_CHECK_CONSUMER) timestamp=5100 ms, used_size=200704 bytes (0.5%)
(RDMA_READ_CONSUME_CHECK_CONSUMER) timestamp=5100 ms, used_size=198656 bytes (0.5%)
(RDMA_READ_CONSUME_CHECK_CONSUMER) timestamp=5100 ms, used_size=196608 bytes (0.5%)
(RDMA_READ_CONSUME_CHECK_CONSUMER) timestamp=5100 ms, used_size=194560 bytes (0.5%)
(RDMA_READ_CONSUME_CHECK_CONSUMER) timestamp=5100 ms, used_size=192512 bytes (0.5%)
(RDMA_READ_CONSUME_CHECK_CONSUMER) timestamp=5100 ms, used_size=190464 bytes (0.5%)
(RDMA_READ_CONSUME_CHECK_CONSUMER) timestamp=5100 ms, used_size=188416 bytes (0.5%)
(RDMA_READ_CONSUME_CHECK_CONSUMER) timestamp=5100 ms, used_size=186368 bytes (0.5%)
(RDMA_READ_CONSUME_CHECK_CONSUMER) timestamp=5100 ms, used_size=184320 bytes (0.5%)
(RDMA_READ_CONSUME_CHECK_CONSUMER) timestamp=5100 ms, used_size=182272 bytes (0.4%)
(RDMA_READ_CONSUME_CHECK_CONSUMER) timestamp=5100 ms, used_size=180224 bytes (0.4%)
(RDMA_READ_CONSUME_CHECK_CONSUMER) timestamp=5100 ms, used_size=178176 bytes (0.4%)
(RDMA_READ_CONSUME_CHECK_CONSUMER) timestamp=5100 ms, used_size=176128 bytes (0.4%)
(RDMA_READ_CONSUME_CHECK_CONSUMER) timestamp=5100 ms, used_size=174080 bytes (0.4%)
(RDMA_READ_CONSUME_CHECK_CONSUMER) timestamp=5100 ms, used_size=172032 bytes (0.4%)
(RDMA_READ_CONSUME_CHECK_CONSUMER) timestamp=5100 ms, used_size=169984 bytes (0.4%)
(RDMA_READ_CONSUME_CHECK_CONSUMER) timestamp=5100 ms, used_size=167936 bytes (0.4%)
(RDMA_READ_CONSUME_CHECK_CONSUMER) timestamp=5100 ms, used_size=165888 bytes (0.4%)
(RDMA_READ_CONSUME_CHECK_CONSUMER) timestamp=5100 ms, used_size=163840 bytes (0.4%)
(RDMA_READ_CONSUME_CHECK_CONSUMER) timestamp=5100 ms, used_size=161792 bytes (0.4%)
(RDMA_READ_CONSUME_CHECK_CONSUMER) timestamp=5100 ms, used_size=159744 bytes (0.4%)
(RDMA_READ_CONSUME_CHECK_CONSUMER) timestamp=5100 ms, used_size=157696 bytes (0.4%)
(RDMA_READ_CONSUME_CHECK_CONSUMER) timestamp=5100 ms, used_size=155648 bytes (0.4%)
(RDMA_READ_CONSUME_CHECK_CONSUMER) timestamp=5100 ms, used_size=153600 bytes (0.4%)
(RDMA_READ_CONSUME_CHECK_CONSUMER) timestamp=5100 ms, used_size=151552 bytes (0.4%)
(RDMA_READ_CONSUME_CHECK_CONSUMER) timestamp=5100 ms, used_size=149504 bytes (0.4%)
(RDMA_READ_CONSUME_CHECK_CONSUMER) timestamp=5100 ms, used_size=147456 bytes (0.4%)
(RDMA_READ_CONSUME_CHECK_CONSUMER) timestamp=5100 ms, used_size=145408 bytes (0.4%)
(RDMA_READ_CONSUME_CHECK_CONSUMER) timestamp=5100 ms, used_size=143360 bytes (0.3%)
(RDMA_READ_CONSUME_CHECK_CONSUMER) timestamp=5100 ms, used_size=141312 bytes (0.3%)
(RDMA_READ_CONSUME_CHECK_CONSUMER) timestamp=5100 ms, used_size=139264 bytes (0.3%)
(RDMA_READ_CONSUME_CHECK_CONSUMER) timestamp=5100 ms, used_size=137216 bytes (0.3%)
(RDMA_READ_CONSUME_CHECK_CONSUMER) timestamp=5100 ms, used_size=135168 bytes (0.3%)
(RDMA_READ_CONSUME_CHECK_CONSUMER) timestamp=5100 ms, used_size=133120 bytes (0.3%)
(RDMA_READ_CONSUME_CHECK_CONSUMER) timestamp=5100 ms, used_size=131072 bytes (0.3%)
(RDMA_READ_CONSUME_CHECK_CONSUMER) timestamp=5100 ms, used_size=129024 bytes (0.3%)
(RDMA_READ_CONSUME_CHECK_CONSUMER) timestamp=5100 ms, used_size=126976 bytes (0.3%)
(RDMA_READ_CONSUME_CHECK_CONSUMER) timestamp=5100 ms, used_size=124928 bytes (0.3%)
(RDMA_READ_CONSUME_CHECK_CONSUMER) timestamp=5100 ms, used_size=122880 bytes (0.3%)
(RDMA_READ_CONSUME_CHECK_CONSUMER) timestamp=5100 ms, used_size=120832 bytes (0.3%)
(RDMA_READ_CONSUME_CHECK_CONSUMER) timestamp=5100 ms, used_size=118784 bytes (0.3%)
(RDMA_READ_CONSUME_CHECK_CONSUMER) timestamp=5100 ms, used_size=116736 bytes (0.3%)
(RDMA_READ_CONSUME_CHECK_CONSUMER) timestamp=5100 ms, used_size=114688 bytes (0.3%)
(RDMA_READ_CONSUME_CHECK_CONSUMER) timestamp=5100 ms, used_size=112640 bytes (0.3%)
(RDMA_READ_CONSUME_CHECK_CONSUMER) timestamp=5100 ms, used_size=110592 bytes (0.3%)
(RDMA_READ_CONSUME_CHECK_CONSUMER) timestamp=5100 ms, used_size=108544 bytes (0.3%)
(RDMA_READ_CONSUME_CHECK_CONSUMER) timestamp=5100 ms, used_size=106496 bytes (0.3%)
(RDMA_READ_CONSUME_CHECK_CONSUMER) timestamp=5100 ms, used_size=104448 bytes (0.3%)
(RDMA_READ_CONSUME_CHECK_CONSUMER) timestamp=5100 ms, used_size=102400 bytes (0.2%)
(RDMA_READ_CONSUME_CHECK_CONSUMER) timestamp=5100 ms, used_size=100352 bytes (0.2%)
(RDMA_READ_CONSUME_CHECK_CONSUMER) timestamp=5100 ms, used_size=98304 bytes (0.2%)
(RDMA_READ_CONSUME_CHECK_CONSUMER) timestamp=5100 ms, used_size=96256 bytes (0.2%)
(RDMA_READ_CONSUME_CHECK_CONSUMER) timestamp=5100 ms, used_size=94208 bytes (0.2%)
(RDMA_READ_CONSUME_CHECK_CONSUMER) timestamp=5100 ms, used_size=92160 bytes (0.2%)
(RDMA_READ_CONSUME_CHECK_CONSUMER) timestamp=5100 ms, used_size=90112 bytes (0.2%)
(RDMA_READ_CONSUME_CHECK_CONSUMER) timestamp=5100 ms, used_size=88064 bytes (0.2%)
(RDMA_READ_CONSUME_CHECK_CONSUMER) timestamp=5100 ms, used_size=86016 bytes (0.2%)
(RDMA_READ_CONSUME_CHECK_CONSUMER) timestamp=5100 ms, used_size=83968 bytes (0.2%)
(RDMA_READ_CONSUME_CHECK_CONSUMER) timestamp=5100 ms, used_size=81920 bytes (0.2%)
(RDMA_READ_CONSUME_CHECK_CONSUMER) timestamp=5100 ms, used_size=79872 bytes (0.2%)
(RDMA_READ_CONSUME_CHECK_CONSUMER) timestamp=5100 ms, used_size=77824 bytes (0.2%)
(RDMA_READ_CONSUME_CHECK_CONSUMER) timestamp=5100 ms, used_size=75776 bytes (0.2%)
(RDMA_READ_CONSUME_CHECK_CONSUMER) timestamp=5101 ms, used_size=73728 bytes (0.2%)
(RDMA_READ_CONSUME_CHECK_CONSUMER) timestamp=5101 ms, used_size=71680 bytes (0.2%)
(RDMA_READ_CONSUME_CHECK_CONSUMER) timestamp=5101 ms, used_size=69632 bytes (0.2%)
(RDMA_READ_CONSUME_CHECK_CONSUMER) timestamp=5101 ms, used_size=67584 bytes (0.2%)
(RDMA_READ_CONSUME_CHECK_CONSUMER) timestamp=5101 ms, used_size=65536 bytes (0.2%)
(RDMA_READ_CONSUME_CHECK_CONSUMER) timestamp=5101 ms, used_size=63488 bytes (0.2%)
(RDMA_READ_CONSUME_CHECK_CONSUMER) timestamp=5101 ms, used_size=61440 bytes (0.1%)
(RDMA_READ_CONSUME_CHECK_CONSUMER) timestamp=5101 ms, used_size=59392 bytes (0.1%)
(RDMA_READ_CONSUME_CHECK_CONSUMER) timestamp=5101 ms, used_size=57344 bytes (0.1%)
(RDMA_READ_CONSUME_CHECK_CONSUMER) timestamp=5101 ms, used_size=55296 bytes (0.1%)
(RDMA_READ_CONSUME_CHECK_CONSUMER) timestamp=5101 ms, used_size=53248 bytes (0.1%)
(RDMA_READ_CONSUME_CHECK_CONSUMER) timestamp=5101 ms, used_size=51200 bytes (0.1%)
(RDMA_READ_CONSUME_CHECK_CONSUMER) timestamp=5101 ms, used_size=49152 bytes (0.1%)
(RDMA_READ_CONSUME_CHECK_CONSUMER) timestamp=5101 ms, used_size=47104 bytes (0.1%)
(RDMA_READ_CONSUME_CHECK_CONSUMER) timestamp=5101 ms, used_size=45056 bytes (0.1%)
(RDMA_READ_CONSUME_CHECK_CONSUMER) timestamp=5101 ms, used_size=43008 bytes (0.1%)
(RDMA_READ_CONSUME_CHECK_CONSUMER) timestamp=5101 ms, used_size=40960 bytes (0.1%)
(RDMA_READ_CONSUME_CHECK_CONSUMER) timestamp=5101 ms, used_size=38912 bytes (0.1%)
(RDMA_READ_CONSUME_CHECK_CONSUMER) timestamp=5101 ms, used_size=36864 bytes (0.1%)
(RDMA_READ_CONSUME_CHECK_CONSUMER) timestamp=5101 ms, used_size=34816 bytes (0.1%)
(RDMA_READ_CONSUME_CHECK_CONSUMER) timestamp=5101 ms, used_size=32768 bytes (0.1%)
(RDMA_READ_CONSUME_CHECK_CONSUMER) timestamp=5101 ms, used_size=30720 bytes (0.1%)
(RDMA_READ_CONSUME_CHECK_CONSUMER) timestamp=5101 ms, used_size=28672 bytes (0.1%)
(RDMA_READ_CONSUME_CHECK_CONSUMER) timestamp=5101 ms, used_size=26624 bytes (0.1%)
(RDMA_READ_CONSUME_CHECK_CONSUMER) timestamp=5101 ms, used_size=24576 bytes (0.1%)
(RDMA_READ_CONSUME_CHECK_CONSUMER) timestamp=5101 ms, used_size=22528 bytes (0.1%)
(RDMA_READ_CONSUME_CHECK_CONSUMER) timestamp=5101 ms, used_size=20480 bytes (0.1%)
(RDMA_READ_CONSUME_CHECK_CONSUMER) timestamp=5101 ms, used_size=18432 bytes (0.0%)
(RDMA_READ_CONSUME_CHECK_CONSUMER) timestamp=5101 ms, used_size=16384 bytes (0.0%)
(RDMA_READ_CONSUME_CHECK_CONSUMER) timestamp=5101 ms, used_size=14336 bytes (0.0%)
(RDMA_READ_CONSUME_CHECK_CONSUMER) timestamp=5101 ms, used_size=12288 bytes (0.0%)
(RDMA_READ_CONSUME_CHECK_CONSUMER) timestamp=5101 ms, used_size=10240 bytes (0.0%)
(RDMA_READ_CONSUME_CHECK_CONSUMER) timestamp=5101 ms, used_size=8192 bytes (0.0%)
(RDMA_READ_CONSUME_CHECK_CONSUMER) timestamp=5101 ms, used_size=6144 bytes (0.0%)
(RDMA_READ_CONSUME_CHECK_CONSUMER) timestamp=5101 ms, used_size=4096 bytes (0.0%)
(RDMA_READ_CONSUME_CHECK_CONSUMER) timestamp=5101 ms, used_size=2048 bytes (0.0%)
(RDMA_READ_CONSUME_CHECK_CONSUMER) timestamp=5101 ms, used_size=0 bytes (0.0%)
(RDMA_READ_CONSUME_CHECK) Cycle 5, Batch 0: CRC32 OK (0xbeaa30f3), 8192 messages verified
(RDMA_READ_CONSUME_CHECK_CONSUMER) timestamp=5101 ms, used_size=16775168 bytes (41.0%)
(RDMA_READ_CONSUME_CHECK_CONSUMER) timestamp=5835 ms, used_size=16773120 bytes (41.0%)
(RDMA_READ_CONSUME_CHECK_CONSUMER) timestamp=5835 ms, used_size=16771072 bytes (40.9%)
(RDMA_READ_CONSUME_CHECK_CONSUMER) timestamp=5835 ms, used_size=16769024 bytes (40.9%)
(RDMA_READ_CONSUME_CHECK_CONSUMER) timestamp=5835 ms, used_size=16766976 bytes (40.9%)
(RDMA_READ_CONSUME_CHECK_CONSUMER) timestamp=5835 ms, used_size=16764928 bytes (40.9%)
(RDMA_READ_CONSUME_CHECK_CONSUMER) timestamp=5835 ms, used_size=16762880 bytes (40.9%)
(RDMA_READ_CONSUME_CHECK_CONSUMER) timestamp=5835 ms, used_size=16760832 bytes (40.9%)
(RDMA_READ_CONSUME_CHECK_CONSUMER) timestamp=5835 ms, used_size=16758784 bytes (40.9%)
(RDMA_READ_CONSUME_CHECK_CONSUMER) timestamp=5835 ms, used_size=16756736 bytes (40.9%)
(RDMA_READ_CONSUME_CHECK_CONSUMER) timestamp=5835 ms, used_size=16754688 bytes (40.9%)
(RDMA_READ_CONSUME_CHECK_CONSUMER) timestamp=5835 ms, used_size=16752640 bytes (40.9%)
(RDMA_READ_CONSUME_CHECK_CONSUMER) timestamp=5835 ms, used_size=16750592 bytes (40.9%)
(RDMA_READ_CONSUME_CHECK_CONSUMER) timestamp=5835 ms, used_size=16748544 bytes (40.9%)
(RDMA_READ_CONSUME_CHECK_CONSUMER) timestamp=5835 ms, used_size=16746496 bytes (40.9%)
(RDMA_READ_CONSUME_CHECK_CONSUMER) timestamp=5835 ms, used_size=16744448 bytes (40.9%)
(RDMA_READ_CONSUME_CHECK_CONSUMER) timestamp=5835 ms, used_size=16742400 bytes (40.9%)
(RDMA_READ_CONSUME_CHECK_CONSUMER) timestamp=5835 ms, used_size=16740352 bytes (40.9%)
(RDMA_READ_CONSUME_CHECK_CONSUMER) timestamp=5835 ms, used_size=16738304 bytes (40.9%)
(RDMA_READ_CONSUME_CHECK_CONSUMER) timestamp=5835 ms, used_size=16736256 bytes (40.9%)
(RDMA_READ_CONSUME_CHECK_CONSUMER) timestamp=5835 ms, used_size=16734208 bytes (40.9%)
(RDMA_READ_CONSUME_CHECK_CONSUMER) timestamp=5835 ms, used_size=16732160 bytes (40.9%)
(RDMA_READ_CONSUME_CHECK_CONSUMER) timestamp=5835 ms, used_size=16730112 bytes (40.8%)
(RDMA_READ_CONSUME_CHECK_CONSUMER) timestamp=5835 ms, used_size=16728064 bytes (40.8%)
(RDMA_READ_CONSUME_CHECK_CONSUMER) timestamp=5835 ms, used_size=16726016 bytes (40.8%)
(RDMA_READ_CONSUME_CHECK_CONSUMER) timestamp=5835 ms, used_size=16723968 bytes (40.8%)
(RDMA_READ_CONSUME_CHECK_CONSUMER) timestamp=5835 ms, used_size=16721920 bytes (40.8%)
(RDMA_READ_CONSUME_CHECK_CONSUMER) timestamp=5835 ms, used_size=16719872 bytes (40.8%)
(RDMA_READ_CONSUME_CHECK_CONSUMER) timestamp=5835 ms, used_size=16717824 bytes (40.8%)
(RDMA_READ_CONSUME_CHECK_CONSUMER) timestamp=5835 ms, used_size=16715776 bytes (40.8%)
(RDMA_READ_CONSUME_CHECK_CONSUMER) timestamp=5835 ms, used_size=16713728 bytes (40.8%)
(RDMA_READ_CONSUME_CHECK_CONSUMER) timestamp=5835 ms, used_size=16711680 bytes (40.8%)
(RDMA_READ_CONSUME_CHECK_CONSUMER) timestamp=5836 ms, used_size=16709632 bytes (40.8%)
(RDMA_READ_CONSUME_CHECK_CONSUMER) timestamp=5836 ms, used_size=16707584 bytes (40.8%)
(RDMA_READ_CONSUME_CHECK_CONSUMER) timestamp=5836 ms, used_size=16705536 bytes (40.8%)
(RDMA_READ_CONSUME_CHECK_CONSUMER) timestamp=5836 ms, used_size=16703488 bytes (40.8%)
(RDMA_READ_CONSUME_CHECK_CONSUMER) timestamp=5836 ms, used_size=16701440 bytes (40.8%)
(RDMA_READ_CONSUME_CHECK_CONSUMER) timestamp=5836 ms, used_size=16699392 bytes (40.8%)
(RDMA_READ_CONSUME_CHECK_CONSUMER) timestamp=5836 ms, used_size=16697344 bytes (40.8%)
(RDMA_READ_CONSUME_CHECK_CONSUMER) timestamp=5836 ms, used_size=16695296 bytes (40.8%)
(RDMA_READ_CONSUME_CHECK_CONSUMER) timestamp=5836 ms, used_size=16693248 bytes (40.8%)
(RDMA_READ_CONSUME_CHECK_CONSUMER) timestamp=5836 ms, used_size=16691200 bytes (40.8%)
(RDMA_READ_CONSUME_CHECK_CONSUMER) timestamp=5836 ms, used_size=16689152 bytes (40.7%)
(RDMA_READ_CONSUME_CHECK_CONSUMER) timestamp=5836 ms, used_size=16687104 bytes (40.7%)
(RDMA_READ_CONSUME_CHECK_CONSUMER) timestamp=5836 ms, used_size=16685056 bytes (40.7%)
(RDMA_READ_CONSUME_CHECK_CONSUMER) timestamp=5836 ms, used_size=16683008 bytes (40.7%)
(RDMA_READ_CONSUME_CHECK_CONSUMER) timestamp=5836 ms, used_size=16680960 bytes (40.7%)
(RDMA_READ_CONSUME_CHECK_CONSUMER) timestamp=5836 ms, used_size=16678912 bytes (40.7%)
(RDMA_READ_CONSUME_CHECK_CONSUMER) timestamp=5836 ms, used_size=16676864 bytes (40.7%)
(RDMA_READ_CONSUME_CHECK_CONSUMER) timestamp=5836 ms, used_size=16674816 bytes (40.7%)
(RDMA_READ_CONSUME_CHECK_CONSUMER) timestamp=5836 ms, used_size=16672768 bytes (40.7%)
(RDMA_READ_CONSUME_CHECK_CONSUMER) timestamp=5836 ms, used_size=16670720 bytes (40.7%)
(RDMA_READ_CONSUME_CHECK_CONSUMER) timestamp=5836 ms, used_size=16668672 bytes (40.7%)
(RDMA_READ_CONSUME_CHECK_CONSUMER) timestamp=5836 ms, used_size=16666624 bytes (40.7%)
(RDMA_READ_CONSUME_CHECK_CONSUMER) timestamp=5836 ms, used_size=16664576 bytes (40.7%)
(RDMA_READ_CONSUME_CHECK_CONSUMER) timestamp=5836 ms, used_size=16662528 bytes (40.7%)
(RDMA_READ_CONSUME_CHECK_CONSUMER) timestamp=5836 ms, used_size=16660480 bytes (40.7%)
(RDMA_READ_CONSUME_CHECK_CONSUMER) timestamp=5836 ms, used_size=16658432 bytes (40.7%)
(RDMA_READ_CONSUME_CHECK_CONSUMER) timestamp=5836 ms, used_size=16656384 bytes (40.7%)
(RDMA_READ_CONSUME_CHECK_CONSUMER) timestamp=5836 ms, used_size=16654336 bytes (40.7%)
(RDMA_READ_CONSUME_CHECK_CONSUMER) timestamp=5836 ms, used_size=16652288 bytes (40.7%)
(RDMA_READ_CONSUME_CHECK_CONSUMER) timestamp=5836 ms, used_size=16650240 bytes (40.6%)
(RDMA_READ_CONSUME_CHECK_CONSUMER) timestamp=5836 ms, used_size=16648192 bytes (40.6%)
(RDMA_READ_CONSUME_CHECK_CONSUMER) timestamp=5836 ms, used_size=16646144 bytes (40.6%)
(RDMA_READ_CONSUME_CHECK_CONSUMER) timestamp=5836 ms, used_size=16644096 bytes (40.6%)
(RDMA_READ_CONSUME_CHECK_CONSUMER) timestamp=5836 ms, used_size=16642048 bytes (40.6%)
(RDMA_READ_CONSUME_CHECK_CONSUMER) timestamp=5836 ms, used_size=16640000 bytes (40.6%)
(RDMA_READ_CONSUME_CHECK_CONSUMER) timestamp=5836 ms, used_size=16637952 bytes (40.6%)
(RDMA_READ_CONSUME_CHECK_CONSUMER) timestamp=5836 ms, used_size=16635904 bytes (40.6%)
(RDMA_READ_CONSUME_CHECK_CONSUMER) timestamp=5836 ms, used_size=16633856 bytes (40.6%)
(RDMA_READ_CONSUME_CHECK_CONSUMER) timestamp=5836 ms, used_size=16631808 bytes (40.6%)
(RDMA_READ_CONSUME_CHECK_CONSUMER) timestamp=5836 ms, used_size=16629760 bytes (40.6%)
(RDMA_READ_CONSUME_CHECK_CONSUMER) timestamp=5836 ms, used_size=16627712 bytes (40.6%)
(RDMA_READ_CONSUME_CHECK_CONSUMER) timestamp=5836 ms, used_size=16625664 bytes (40.6%)
(RDMA_READ_CONSUME_CHECK_CONSUMER) timestamp=5836 ms, used_size=16623616 bytes (40.6%)
(RDMA_READ_CONSUME_CHECK_CONSUMER) timestamp=5836 ms, used_size=16621568 bytes (40.6%)
(RDMA_READ_CONSUME_CHECK_CONSUMER) timestamp=5836 ms, used_size=16619520 bytes (40.6%)
(RDMA_READ_CONSUME_CHECK_CONSUMER) timestamp=5836 ms, used_size=16617472 bytes (40.6%)
(RDMA_READ_CONSUME_CHECK_CONSUMER) timestamp=5836 ms, used_size=16615424 bytes (40.6%)
(RDMA_READ_CONSUME_CHECK_CONSUMER) timestamp=5836 ms, used_size=16613376 bytes (40.6%)
(RDMA_READ_CONSUME_CHECK_CONSUMER) timestamp=5836 ms, used_size=16611328 bytes (40.6%)
(RDMA_READ_CONSUME_CHECK_CONSUMER) timestamp=5836 ms, used_size=16609280 bytes (40.5%)
(RDMA_READ_CONSUME_CHECK_CONSUMER) timestamp=5836 ms, used_size=16607232 bytes (40.5%)
(RDMA_READ_CONSUME_CHECK_CONSUMER) timestamp=5836 ms, used_size=16605184 bytes (40.5%)
(RDMA_READ_CONSUME_CHECK_CONSUMER) timestamp=5836 ms, used_size=16603136 bytes (40.5%)
(RDMA_READ_CONSUME_CHECK_CONSUMER) timestamp=5836 ms, used_size=16601088 bytes (40.5%)
(RDMA_READ_CONSUME_CHECK_CONSUMER) timestamp=5836 ms, used_size=16599040 bytes (40.5%)
(RDMA_READ_CONSUME_CHECK_CONSUMER) timestamp=5836 ms, used_size=16596992 bytes (40.5%)
(RDMA_READ_CONSUME_CHECK_CONSUMER) timestamp=5836 ms, used_size=16594944 bytes (40.5%)
(RDMA_READ_CONSUME_CHECK_CONSUMER) timestamp=5836 ms, used_size=16592896 bytes (40.5%)
(RDMA_READ_CONSUME_CHECK_CONSUMER) timestamp=5836 ms, used_size=16590848 bytes (40.5%)
(RDMA_READ_CONSUME_CHECK_CONSUMER) timestamp=5836 ms, used_size=16588800 bytes (40.5%)
(RDMA_READ_CONSUME_CHECK_CONSUMER) timestamp=5836 ms, used_size=16586752 bytes (40.5%)
(RDMA_READ_CONSUME_CHECK_CONSUMER) timestamp=5836 ms, used_size=16584704 bytes (40.5%)
(RDMA_READ_CONSUME_CHECK_CONSUMER) timestamp=5836 ms, used_size=16582656 bytes (40.5%)
(RDMA_READ_CONSUME_CHECK_CONSUMER) timestamp=5836 ms, used_size=16580608 bytes (40.5%)
(RDMA_READ_CONSUME_CHECK_CONSUMER) timestamp=5836 ms, used_size=16578560 bytes (40.5%)
(RDMA_READ_CONSUME_CHECK_CONSUMER) timestamp=5836 ms, used_size=16576512 bytes (40.5%)
(RDMA_READ_CONSUME_CHECK_CONSUMER) timestamp=5836 ms, used_size=16574464 bytes (40.5%)
(RDMA_READ_CONSUME_CHECK_CONSUMER) timestamp=5836 ms, used_size=16572416 bytes (40.5%)
(RDMA_READ_CONSUME_CHECK_CONSUMER) timestamp=5836 ms, used_size=16570368 bytes (40.5%)
(RDMA_READ_CONSUME_CHECK_CONSUMER) timestamp=5836 ms, used_size=16568320 bytes (40.5%)
(RDMA_READ_CONSUME_CHECK_CONSUMER) timestamp=5836 ms, used_size=16566272 bytes (40.4%)
(RDMA_READ_CONSUME_CHECK_CONSUMER) timestamp=5836 ms, used_size=16564224 bytes (40.4%)
(RDMA_READ_CONSUME_CHECK_CONSUMER) timestamp=5836 ms, used_size=16562176 bytes (40.4%)
(RDMA_READ_CONSUME_CHECK_CONSUMER) timestamp=5836 ms, used_size=16560128 bytes (40.4%)
(RDMA_READ_CONSUME_CHECK_CONSUMER) timestamp=5836 ms, used_size=16558080 bytes (40.4%)
(RDMA_READ_CONSUME_CHECK_CONSUMER) timestamp=5836 ms, used_size=16556032 bytes (40.4%)
(RDMA_READ_CONSUME_CHECK_CONSUMER) timestamp=5836 ms, used_size=16553984 bytes (40.4%)
(RDMA_READ_CONSUME_CHECK_CONSUMER) timestamp=5836 ms, used_size=16551936 bytes (40.4%)
(RDMA_READ_CONSUME_CHECK_CONSUMER) timestamp=5836 ms, used_size=16549888 bytes (40.4%)
(RDMA_READ_CONSUME_CHECK_CONSUMER) timestamp=5836 ms, used_size=16547840 bytes (40.4%)
(RDMA_READ_CONSUME_CHECK_CONSUMER) timestamp=5836 ms, used_size=16545792 bytes (40.4%)
(RDMA_READ_CONSUME_CHECK_CONSUMER) timestamp=5836 ms, used_size=16543744 bytes (40.4%)
(RDMA_READ_CONSUME_CHECK_CONSUMER) timestamp=5836 ms, used_size=16541696 bytes (40.4%)
(RDMA_READ_CONSUME_CHECK_CONSUMER) timestamp=5836 ms, used_size=16539648 bytes (40.4%)
(RDMA_READ_CONSUME_CHECK_CONSUMER) timestamp=5836 ms, used_size=16537600 bytes (40.4%)
(RDMA_READ_CONSUME_CHECK_CONSUMER) timestamp=5836 ms, used_size=16535552 bytes (40.4%)
(RDMA_READ_CONSUME_CHECK_CONSUMER) timestamp=5836 ms, used_size=16533504 bytes (40.4%)
(RDMA_READ_CONSUME_CHECK_CONSUMER) timestamp=5836 ms, used_size=16531456 bytes (40.4%)
(RDMA_READ_CONSUME_CHECK_CONSUMER) timestamp=5836 ms, used_size=16529408 bytes (40.4%)
(RDMA_READ_CONSUME_CHECK_CONSUMER) timestamp=5836 ms, used_size=16527360 bytes (40.4%)
(RDMA_READ_CONSUME_CHECK_CONSUMER) timestamp=5836 ms, used_size=16525312 bytes (40.3%)
(RDMA_READ_CONSUME_CHECK_CONSUMER) timestamp=5836 ms, used_size=16523264 bytes (40.3%)
(RDMA_READ_CONSUME_CHECK_CONSUMER) timestamp=5836 ms, used_size=16521216 bytes (40.3%)
(RDMA_READ_CONSUME_CHECK_CONSUMER) timestamp=5836 ms, used_size=16519168 bytes (40.3%)
(RDMA_READ_CONSUME_CHECK_CONSUMER) timestamp=5836 ms, used_size=16517120 bytes (40.3%)
(RDMA_READ_CONSUME_CHECK_CONSUMER) timestamp=5836 ms, used_size=16515072 bytes (40.3%)
(RDMA_READ_CONSUME_CHECK_CONSUMER) timestamp=5836 ms, used_size=16513024 bytes (40.3%)
(RDMA_READ_CONSUME_CHECK_CONSUMER) timestamp=5836 ms, used_size=16510976 bytes (40.3%)
(RDMA_READ_CONSUME_CHECK_CONSUMER) timestamp=5836 ms, used_size=16508928 bytes (40.3%)
(RDMA_READ_CONSUME_CHECK_CONSUMER) timestamp=5836 ms, used_size=16506880 bytes (40.3%)
(RDMA_READ_CONSUME_CHECK_CONSUMER) timestamp=5836 ms, used_size=16504832 bytes (40.3%)
(RDMA_READ_CONSUME_CHECK_CONSUMER) timestamp=5836 ms, used_size=16502784 bytes (40.3%)
(RDMA_READ_CONSUME_CHECK_CONSUMER) timestamp=5836 ms, used_size=16500736 bytes (40.3%)
(RDMA_READ_CONSUME_CHECK_CONSUMER) timestamp=5836 ms, used_size=16498688 bytes (40.3%)
(RDMA_READ_CONSUME_CHECK_CONSUMER) timestamp=5836 ms, used_size=16496640 bytes (40.3%)
(RDMA_READ_CONSUME_CHECK_CONSUMER) timestamp=5836 ms, used_size=16494592 bytes (40.3%)
(RDMA_READ_CONSUME_CHECK_CONSUMER) timestamp=5836 ms, used_size=16492544 bytes (40.3%)
(RDMA_READ_CONSUME_CHECK_CONSUMER) timestamp=5836 ms, used_size=16490496 bytes (40.3%)
(RDMA_READ_CONSUME_CHECK_CONSUMER) timestamp=5836 ms, used_size=16488448 bytes (40.3%)
(RDMA_READ_CONSUME_CHECK_CONSUMER) timestamp=5836 ms, used_size=16486400 bytes (40.2%)
(RDMA_READ_CONSUME_CHECK_CONSUMER) timestamp=5836 ms, used_size=16484352 bytes (40.2%)
(RDMA_READ_CONSUME_CHECK_CONSUMER) timestamp=5836 ms, used_size=16482304 bytes (40.2%)
(RDMA_READ_CONSUME_CHECK_CONSUMER) timestamp=5836 ms, used_size=16480256 bytes (40.2%)
(RDMA_READ_CONSUME_CHECK_CONSUMER) timestamp=5836 ms, used_size=16478208 bytes (40.2%)
(RDMA_READ_CONSUME_CHECK_CONSUMER) timestamp=5836 ms, used_size=16476160 bytes (40.2%)
(RDMA_READ_CONSUME_CHECK_CONSUMER) timestamp=5836 ms, used_size=16474112 bytes (40.2%)
(RDMA_READ_CONSUME_CHECK_CONSUMER) timestamp=5836 ms, used_size=16472064 bytes (40.2%)
(RDMA_READ_CONSUME_CHECK_CONSUMER) timestamp=5836 ms, used_size=16470016 bytes (40.2%)
(RDMA_READ_CONSUME_CHECK_CONSUMER) timestamp=5836 ms, used_size=16467968 bytes (40.2%)
(RDMA_READ_CONSUME_CHECK_CONSUMER) timestamp=5836 ms, used_size=16465920 bytes (40.2%)
(RDMA_READ_CONSUME_CHECK_CONSUMER) timestamp=5836 ms, used_size=16463872 bytes (40.2%)
(RDMA_READ_CONSUME_CHECK_CONSUMER) timestamp=5836 ms, used_size=16461824 bytes (40.2%)
(RDMA_READ_CONSUME_CHECK_CONSUMER) timestamp=5836 ms, used_size=16459776 bytes (40.2%)
(RDMA_READ_CONSUME_CHECK_CONSUMER) timestamp=5836 ms, used_size=16457728 bytes (40.2%)
(RDMA_READ_CONSUME_CHECK_CONSUMER) timestamp=5836 ms, used_size=16455680 bytes (40.2%)
(RDMA_READ_CONSUME_CHECK_CONSUMER) timestamp=5836 ms, used_size=16453632 bytes (40.2%)
(RDMA_READ_CONSUME_CHECK_CONSUMER) timestamp=5836 ms, used_size=16451584 bytes (40.2%)
(RDMA_READ_CONSUME_CHECK_CONSUMER) timestamp=5836 ms, used_size=16449536 bytes (40.2%)
(RDMA_READ_CONSUME_CHECK_CONSUMER) timestamp=5836 ms, used_size=16447488 bytes (40.2%)
(RDMA_READ_CONSUME_CHECK_CONSUMER) timestamp=5836 ms, used_size=16445440 bytes (40.1%)
(RDMA_READ_CONSUME_CHECK_CONSUMER) timestamp=5836 ms, used_size=16443392 bytes (40.1%)
(RDMA_READ_CONSUME_CHECK_CONSUMER) timestamp=5836 ms, used_size=16441344 bytes (40.1%)
(RDMA_READ_CONSUME_CHECK_CONSUMER) timestamp=5836 ms, used_size=16439296 bytes (40.1%)
(RDMA_READ_CONSUME_CHECK_CONSUMER) timestamp=5836 ms, used_size=16437248 bytes (40.1%)
(RDMA_READ_CONSUME_CHECK_CONSUMER) timestamp=5836 ms, used_size=16435200 bytes (40.1%)
(RDMA_READ_CONSUME_CHECK_CONSUMER) timestamp=5836 ms, used_size=16433152 bytes (40.1%)
(RDMA_READ_CONSUME_CHECK_CONSUMER) timestamp=5836 ms, used_size=16431104 bytes (40.1%)
(RDMA_READ_CONSUME_CHECK_CONSUMER) timestamp=5836 ms, used_size=16429056 bytes (40.1%)
(RDMA_READ_CONSUME_CHECK_CONSUMER) timestamp=5836 ms, used_size=16427008 bytes (40.1%)
(RDMA_READ_CONSUME_CHECK_CONSUMER) timestamp=5836 ms, used_size=16424960 bytes (40.1%)
(RDMA_READ_CONSUME_CHECK_CONSUMER) timestamp=5836 ms, used_size=16422912 bytes (40.1%)
(RDMA_READ_CONSUME_CHECK_CONSUMER) timestamp=5836 ms, used_size=16420864 bytes (40.1%)
(RDMA_READ_CONSUME_CHECK_CONSUMER) timestamp=5836 ms, used_size=16418816 bytes (40.1%)
(RDMA_READ_CONSUME_CHECK_CONSUMER) timestamp=5836 ms, used_size=16416768 bytes (40.1%)
(RDMA_READ_CONSUME_CHECK_CONSUMER) timestamp=5836 ms, used_size=16414720 bytes (40.1%)
(RDMA_READ_CONSUME_CHECK_CONSUMER) timestamp=5836 ms, used_size=16412672 bytes (40.1%)
(RDMA_READ_CONSUME_CHECK_CONSUMER) timestamp=5836 ms, used_size=16410624 bytes (40.1%)
(RDMA_READ_CONSUME_CHECK_CONSUMER) timestamp=5836 ms, used_size=16408576 bytes (40.1%)
(RDMA_READ_CONSUME_CHECK_CONSUMER) timestamp=5836 ms, used_size=16406528 bytes (40.1%)
(RDMA_READ_CONSUME_CHECK_CONSUMER) timestamp=5836 ms, used_size=16404480 bytes (40.0%)
(RDMA_READ_CONSUME_CHECK_CONSUMER) timestamp=5836 ms, used_size=16402432 bytes (40.0%)
(RDMA_READ_CONSUME_CHECK_CONSUMER) timestamp=5836 ms, used_size=16400384 bytes (40.0%)
(RDMA_READ_CONSUME_CHECK_CONSUMER) timestamp=5836 ms, used_size=16398336 bytes (40.0%)
(RDMA_READ_CONSUME_CHECK_CONSUMER) timestamp=5836 ms, used_size=16396288 bytes (40.0%)
(RDMA_READ_CONSUME_CHECK_CONSUMER) timestamp=5836 ms, used_size=16394240 bytes (40.0%)
(RDMA_READ_CONSUME_CHECK_CONSUMER) timestamp=5836 ms, used_size=16392192 bytes (40.0%)
(RDMA_READ_CONSUME_CHECK_CONSUMER) timestamp=5836 ms, used_size=16390144 bytes (40.0%)
(RDMA_READ_CONSUME_CHECK_CONSUMER) timestamp=5836 ms, used_size=16388096 bytes (40.0%)
(RDMA_READ_CONSUME_CHECK_CONSUMER) timestamp=5836 ms, used_size=16386048 bytes (40.0%)
(RDMA_READ_CONSUME_CHECK_CONSUMER) timestamp=5836 ms, used_size=16384000 bytes (40.0%)
(RDMA_READ_CONSUME_CHECK_CONSUMER) timestamp=5836 ms, used_size=16381952 bytes (40.0%)
(RDMA_READ_CONSUME_CHECK_CONSUMER) timestamp=5836 ms, used_size=16379904 bytes (40.0%)
(RDMA_READ_CONSUME_CHECK_CONSUMER) timestamp=5836 ms, used_size=16377856 bytes (40.0%)
(RDMA_READ_CONSUME_CHECK_CONSUMER) timestamp=5836 ms, used_size=16375808 bytes (40.0%)
(RDMA_READ_CONSUME_CHECK_CONSUMER) timestamp=5836 ms, used_size=16373760 bytes (40.0%)
(RDMA_READ_CONSUME_CHECK_CONSUMER) timestamp=5836 ms, used_size=16371712 bytes (40.0%)
(RDMA_READ_CONSUME_CHECK_CONSUMER) timestamp=5836 ms, used_size=16369664 bytes (40.0%)
(RDMA_READ_CONSUME_CHECK_CONSUMER) timestamp=5836 ms, used_size=16367616 bytes (40.0%)
(RDMA_READ_CONSUME_CHECK_CONSUMER) timestamp=5836 ms, used_size=16365568 bytes (40.0%)
(RDMA_READ_CONSUME_CHECK_CONSUMER) timestamp=5836 ms, used_size=16363520 bytes (40.0%)
(RDMA_READ_CONSUME_CHECK_CONSUMER) timestamp=5836 ms, used_size=16361472 bytes (39.9%)
(RDMA_READ_CONSUME_CHECK_CONSUMER) timestamp=5836 ms, used_size=16359424 bytes (39.9%)
(RDMA_READ_CONSUME_CHECK_CONSUMER) timestamp=5836 ms, used_size=16357376 bytes (39.9%)
(RDMA_READ_CONSUME_CHECK_CONSUMER) timestamp=5836 ms, used_size=16355328 bytes (39.9%)
(RDMA_READ_CONSUME_CHECK_CONSUMER) timestamp=5836 ms, used_size=16353280 bytes (39.9%)
(RDMA_READ_CONSUME_CHECK_CONSUMER) timestamp=5836 ms, used_size=16351232 bytes (39.9%)
(RDMA_READ_CONSUME_CHECK_CONSUMER) timestamp=5836 ms, used_size=16349184 bytes (39.9%)
(RDMA_READ_CONSUME_CHECK_CONSUMER) timestamp=5836 ms, used_size=16347136 bytes (39.9%)
(RDMA_READ_CONSUME_CHECK_CONSUMER) timestamp=5837 ms, used_size=16345088 bytes (39.9%)
(RDMA_READ_CONSUME_CHECK_CONSUMER) timestamp=5837 ms, used_size=16343040 bytes (39.9%)
(RDMA_READ_CONSUME_CHECK_CONSUMER) timestamp=5837 ms, used_size=16340992 bytes (39.9%)
(RDMA_READ_CONSUME_CHECK_CONSUMER) timestamp=5837 ms, used_size=16338944 bytes (39.9%)
(RDMA_READ_CONSUME_CHECK_CONSUMER) timestamp=5837 ms, used_size=16336896 bytes (39.9%)
(RDMA_READ_CONSUME_CHECK_CONSUMER) timestamp=5837 ms, used_size=16334848 bytes (39.9%)
(RDMA_READ_CONSUME_CHECK_CONSUMER) timestamp=5837 ms, used_size=16332800 bytes (39.9%)
(RDMA_READ_CONSUME_CHECK_CONSUMER) timestamp=5837 ms, used_size=16330752 bytes (39.9%)
(RDMA_READ_CONSUME_CHECK_CONSUMER) timestamp=5837 ms, used_size=16328704 bytes (39.9%)
(RDMA_READ_CONSUME_CHECK_CONSUMER) timestamp=5837 ms, used_size=16326656 bytes (39.9%)
(RDMA_READ_CONSUME_CHECK_CONSUMER) timestamp=5837 ms, used_size=16324608 bytes (39.9%)
(RDMA_READ_CONSUME_CHECK_CONSUMER) timestamp=5837 ms, used_size=16322560 bytes (39.9%)
(RDMA_READ_CONSUME_CHECK_CONSUMER) timestamp=5837 ms, used_size=16320512 bytes (39.8%)
(RDMA_READ_CONSUME_CHECK_CONSUMER) timestamp=5837 ms, used_size=16318464 bytes (39.8%)
(RDMA_READ_CONSUME_CHECK_CONSUMER) timestamp=5837 ms, used_size=16316416 bytes (39.8%)
(RDMA_READ_CONSUME_CHECK_CONSUMER) timestamp=5837 ms, used_size=16314368 bytes (39.8%)
(RDMA_READ_CONSUME_CHECK_CONSUMER) timestamp=5837 ms, used_size=16312320 bytes (39.8%)
(RDMA_READ_CONSUME_CHECK_CONSUMER) timestamp=5837 ms, used_size=16310272 bytes (39.8%)
(RDMA_READ_CONSUME_CHECK_CONSUMER) timestamp=5837 ms, used_size=16308224 bytes (39.8%)
(RDMA_READ_CONSUME_CHECK_CONSUMER) timestamp=5837 ms, used_size=16306176 bytes (39.8%)
(RDMA_READ_CONSUME_CHECK_CONSUMER) timestamp=5837 ms, used_size=16304128 bytes (39.8%)
(RDMA_READ_CONSUME_CHECK_CONSUMER) timestamp=5837 ms, used_size=16302080 bytes (39.8%)
(RDMA_READ_CONSUME_CHECK_CONSUMER) timestamp=5837 ms, used_size=16300032 bytes (39.8%)
(RDMA_READ_CONSUME_CHECK_CONSUMER) timestamp=5837 ms, used_size=16297984 bytes (39.8%)
(RDMA_READ_CONSUME_CHECK_CONSUMER) timestamp=5837 ms, used_size=16295936 bytes (39.8%)
(RDMA_READ_CONSUME_CHECK_CONSUMER) timestamp=5837 ms, used_size=16293888 bytes (39.8%)
(RDMA_READ_CONSUME_CHECK_CONSUMER) timestamp=5837 ms, used_size=16291840 bytes (39.8%)
(RDMA_READ_CONSUME_CHECK_CONSUMER) timestamp=5837 ms, used_size=16289792 bytes (39.8%)
(RDMA_READ_CONSUME_CHECK_CONSUMER) timestamp=5837 ms, used_size=16287744 bytes (39.8%)
(RDMA_READ_CONSUME_CHECK_CONSUMER) timestamp=5837 ms, used_size=16285696 bytes (39.8%)
(RDMA_READ_CONSUME_CHECK_CONSUMER) timestamp=5837 ms, used_size=16283648 bytes (39.8%)
(RDMA_READ_CONSUME_CHECK_CONSUMER) timestamp=5837 ms, used_size=16281600 bytes (39.8%)
(RDMA_READ_CONSUME_CHECK_CONSUMER) timestamp=5837 ms, used_size=16279552 bytes (39.7%)
(RDMA_READ_CONSUME_CHECK_CONSUMER) timestamp=5837 ms, used_size=16277504 bytes (39.7%)
(RDMA_READ_CONSUME_CHECK_CONSUMER) timestamp=5837 ms, used_size=16275456 bytes (39.7%)
(RDMA_READ_CONSUME_CHECK_CONSUMER) timestamp=5837 ms, used_size=16273408 bytes (39.7%)
(RDMA_READ_CONSUME_CHECK_CONSUMER) timestamp=5837 ms, used_size=16271360 bytes (39.7%)
(RDMA_READ_CONSUME_CHECK_CONSUMER) timestamp=5837 ms, used_size=16269312 bytes (39.7%)
(RDMA_READ_CONSUME_CHECK_CONSUMER) timestamp=5837 ms, used_size=16267264 bytes (39.7%)
(RDMA_READ_CONSUME_CHECK_CONSUMER) timestamp=5837 ms, used_size=16265216 bytes (39.7%)
(RDMA_READ_CONSUME_CHECK_CONSUMER) timestamp=5837 ms, used_size=16263168 bytes (39.7%)
(RDMA_READ_CONSUME_CHECK_CONSUMER) timestamp=5837 ms, used_size=16261120 bytes (39.7%)
(RDMA_READ_CONSUME_CHECK_CONSUMER) timestamp=5837 ms, used_size=16259072 bytes (39.7%)
(RDMA_READ_CONSUME_CHECK_CONSUMER) timestamp=5837 ms, used_size=16257024 bytes (39.7%)
(RDMA_READ_CONSUME_CHECK_CONSUMER) timestamp=5837 ms, used_size=16254976 bytes (39.7%)
(RDMA_READ_CONSUME_CHECK_CONSUMER) timestamp=5837 ms, used_size=16252928 bytes (39.7%)
(RDMA_READ_CONSUME_CHECK_CONSUMER) timestamp=5837 ms, used_size=16250880 bytes (39.7%)
(RDMA_READ_CONSUME_CHECK_CONSUMER) timestamp=5837 ms, used_size=16248832 bytes (39.7%)
(RDMA_READ_CONSUME_CHECK_CONSUMER) timestamp=5837 ms, used_size=16246784 bytes (39.7%)
(RDMA_READ_CONSUME_CHECK_CONSUMER) timestamp=5837 ms, used_size=16244736 bytes (39.7%)
(RDMA_READ_CONSUME_CHECK_CONSUMER) timestamp=5837 ms, used_size=16242688 bytes (39.7%)
(RDMA_READ_CONSUME_CHECK_CONSUMER) timestamp=5837 ms, used_size=16240640 bytes (39.6%)
(RDMA_READ_CONSUME_CHECK_CONSUMER) timestamp=5837 ms, used_size=16238592 bytes (39.6%)
(RDMA_READ_CONSUME_CHECK_CONSUMER) timestamp=5837 ms, used_size=16236544 bytes (39.6%)
(RDMA_READ_CONSUME_CHECK_CONSUMER) timestamp=5837 ms, used_size=16234496 bytes (39.6%)
(RDMA_READ_CONSUME_CHECK_CONSUMER) timestamp=5837 ms, used_size=16232448 bytes (39.6%)
(RDMA_READ_CONSUME_CHECK_CONSUMER) timestamp=5837 ms, used_size=16230400 bytes (39.6%)
(RDMA_READ_CONSUME_CHECK_CONSUMER) timestamp=5837 ms, used_size=16228352 bytes (39.6%)
(RDMA_READ_CONSUME_CHECK_CONSUMER) timestamp=5837 ms, used_size=16226304 bytes (39.6%)
(RDMA_READ_CONSUME_CHECK_CONSUMER) timestamp=5837 ms, used_size=16224256 bytes (39.6%)
(RDMA_READ_CONSUME_CHECK_CONSUMER) timestamp=5837 ms, used_size=16222208 bytes (39.6%)
(RDMA_READ_CONSUME_CHECK_CONSUMER) timestamp=5837 ms, used_size=16220160 bytes (39.6%)
(RDMA_READ_CONSUME_CHECK_CONSUMER) timestamp=5837 ms, used_size=16218112 bytes (39.6%)
(RDMA_READ_CONSUME_CHECK_CONSUMER) timestamp=5837 ms, used_size=16216064 bytes (39.6%)
(RDMA_READ_CONSUME_CHECK_CONSUMER) timestamp=5837 ms, used_size=16214016 bytes (39.6%)
(RDMA_READ_CONSUME_CHECK_CONSUMER) timestamp=5837 ms, used_size=16211968 bytes (39.6%)
(RDMA_READ_CONSUME_CHECK_CONSUMER) timestamp=5837 ms, used_size=16209920 bytes (39.6%)
(RDMA_READ_CONSUME_CHECK_CONSUMER) timestamp=5837 ms, used_size=16207872 bytes (39.6%)
(RDMA_READ_CONSUME_CHECK_CONSUMER) timestamp=5837 ms, used_size=16205824 bytes (39.6%)
(RDMA_READ_CONSUME_CHECK_CONSUMER) timestamp=5837 ms, used_size=16203776 bytes (39.6%)
(RDMA_READ_CONSUME_CHECK_CONSUMER) timestamp=5837 ms, used_size=16201728 bytes (39.6%)
(RDMA_READ_CONSUME_CHECK_CONSUMER) timestamp=5837 ms, used_size=16199680 bytes (39.5%)
(RDMA_READ_CONSUME_CHECK_CONSUMER) timestamp=5837 ms, used_size=16197632 bytes (39.5%)
(RDMA_READ_CONSUME_CHECK_CONSUMER) timestamp=5837 ms, used_size=16195584 bytes (39.5%)
(RDMA_READ_CONSUME_CHECK_CONSUMER) timestamp=5837 ms, used_size=16193536 bytes (39.5%)
(RDMA_READ_CONSUME_CHECK_CONSUMER) timestamp=5837 ms, used_size=16191488 bytes (39.5%)
(RDMA_READ_CONSUME_CHECK_CONSUMER) timestamp=5837 ms, used_size=16189440 bytes (39.5%)
(RDMA_READ_CONSUME_CHECK_CONSUMER) timestamp=5837 ms, used_size=16187392 bytes (39.5%)
(RDMA_READ_CONSUME_CHECK_CONSUMER) timestamp=5837 ms, used_size=16185344 bytes (39.5%)
(RDMA_READ_CONSUME_CHECK_CONSUMER) timestamp=5837 ms, used_size=16183296 bytes (39.5%)
(RDMA_READ_CONSUME_CHECK_CONSUMER) timestamp=5837 ms, used_size=16181248 bytes (39.5%)
(RDMA_READ_CONSUME_CHECK_CONSUMER) timestamp=5837 ms, used_size=16179200 bytes (39.5%)
(RDMA_READ_CONSUME_CHECK_CONSUMER) timestamp=5837 ms, used_size=16177152 bytes (39.5%)
(RDMA_READ_CONSUME_CHECK_CONSUMER) timestamp=5837 ms, used_size=16175104 bytes (39.5%)
(RDMA_READ_CONSUME_CHECK_CONSUMER) timestamp=5837 ms, used_size=16173056 bytes (39.5%)
(RDMA_READ_CONSUME_CHECK_CONSUMER) timestamp=5837 ms, used_size=16171008 bytes (39.5%)
(RDMA_READ_CONSUME_CHECK_CONSUMER) timestamp=5837 ms, used_size=16168960 bytes (39.5%)
(RDMA_READ_CONSUME_CHECK_CONSUMER) timestamp=5837 ms, used_size=16166912 bytes (39.5%)
(RDMA_READ_CONSUME_CHECK_CONSUMER) timestamp=5837 ms, used_size=16164864 bytes (39.5%)
(RDMA_READ_CONSUME_CHECK_CONSUMER) timestamp=5837 ms, used_size=16162816 bytes (39.5%)
(RDMA_READ_CONSUME_CHECK_CONSUMER) timestamp=5837 ms, used_size=16160768 bytes (39.5%)
(RDMA_READ_CONSUME_CHECK_CONSUMER) timestamp=5837 ms, used_size=16158720 bytes (39.5%)
(RDMA_READ_CONSUME_CHECK_CONSUMER) timestamp=5837 ms, used_size=16156672 bytes (39.4%)
(RDMA_READ_CONSUME_CHECK_CONSUMER) timestamp=5837 ms, used_size=16154624 bytes (39.4%)
(RDMA_READ_CONSUME_CHECK_CONSUMER) timestamp=5837 ms, used_size=16152576 bytes (39.4%)
(RDMA_READ_CONSUME_CHECK_CONSUMER) timestamp=5837 ms, used_size=16150528 bytes (39.4%)
(RDMA_READ_CONSUME_CHECK_CONSUMER) timestamp=5837 ms, used_size=16148480 bytes (39.4%)
(RDMA_READ_CONSUME_CHECK_CONSUMER) timestamp=5837 ms, used_size=16146432 bytes (39.4%)
(RDMA_READ_CONSUME_CHECK_CONSUMER) timestamp=5837 ms, used_size=16144384 bytes (39.4%)
(RDMA_READ_CONSUME_CHECK_CONSUMER) timestamp=5837 ms, used_size=16142336 bytes (39.4%)
(RDMA_READ_CONSUME_CHECK_CONSUMER) timestamp=5837 ms, used_size=16140288 bytes (39.4%)
(RDMA_READ_CONSUME_CHECK_CONSUMER) timestamp=5837 ms, used_size=16138240 bytes (39.4%)
(RDMA_READ_CONSUME_CHECK_CONSUMER) timestamp=5837 ms, used_size=16136192 bytes (39.4%)
(RDMA_READ_CONSUME_CHECK_CONSUMER) timestamp=5837 ms, used_size=16134144 bytes (39.4%)
(RDMA_READ_CONSUME_CHECK_CONSUMER) timestamp=5837 ms, used_size=16132096 bytes (39.4%)
(RDMA_READ_CONSUME_CHECK_CONSUMER) timestamp=5837 ms, used_size=16130048 bytes (39.4%)
(RDMA_READ_CONSUME_CHECK_CONSUMER) timestamp=5837 ms, used_size=16128000 bytes (39.4%)
(RDMA_READ_CONSUME_CHECK_CONSUMER) timestamp=5837 ms, used_size=16125952 bytes (39.4%)
(RDMA_READ_CONSUME_CHECK_CONSUMER) timestamp=5837 ms, used_size=16123904 bytes (39.4%)
(RDMA_READ_CONSUME_CHECK_CONSUMER) timestamp=5837 ms, used_size=16121856 bytes (39.4%)
(RDMA_READ_CONSUME_CHECK_CONSUMER) timestamp=5837 ms, used_size=16119808 bytes (39.4%)
(RDMA_READ_CONSUME_CHECK_CONSUMER) timestamp=5837 ms, used_size=16117760 bytes (39.4%)
(RDMA_READ_CONSUME_CHECK_CONSUMER) timestamp=5837 ms, used_size=16115712 bytes (39.3%)
(RDMA_READ_CONSUME_CHECK_CONSUMER) timestamp=5837 ms, used_size=16113664 bytes (39.3%)
(RDMA_READ_CONSUME_CHECK_CONSUMER) timestamp=5837 ms, used_size=16111616 bytes (39.3%)
(RDMA_READ_CONSUME_CHECK_CONSUMER) timestamp=5837 ms, used_size=16109568 bytes (39.3%)
(RDMA_READ_CONSUME_CHECK_CONSUMER) timestamp=5837 ms, used_size=16107520 bytes (39.3%)
(RDMA_READ_CONSUME_CHECK_CONSUMER) timestamp=5837 ms, used_size=16105472 bytes (39.3%)
(RDMA_READ_CONSUME_CHECK_CONSUMER) timestamp=5837 ms, used_size=16103424 bytes (39.3%)
(RDMA_READ_CONSUME_CHECK_CONSUMER) timestamp=5837 ms, used_size=16101376 bytes (39.3%)
(RDMA_READ_CONSUME_CHECK_CONSUMER) timestamp=5837 ms, used_size=16099328 bytes (39.3%)
(RDMA_READ_CONSUME_CHECK_CONSUMER) timestamp=5837 ms, used_size=16097280 bytes (39.3%)
(RDMA_READ_CONSUME_CHECK_CONSUMER) timestamp=5837 ms, used_size=16095232 bytes (39.3%)
(RDMA_READ_CONSUME_CHECK_CONSUMER) timestamp=5837 ms, used_size=16093184 bytes (39.3%)
(RDMA_READ_CONSUME_CHECK_CONSUMER) timestamp=5837 ms, used_size=16091136 bytes (39.3%)
(RDMA_READ_CONSUME_CHECK_CONSUMER) timestamp=5837 ms, used_size=16089088 bytes (39.3%)
(RDMA_READ_CONSUME_CHECK_CONSUMER) timestamp=5837 ms, used_size=16087040 bytes (39.3%)
(RDMA_READ_CONSUME_CHECK_CONSUMER) timestamp=5837 ms, used_size=16084992 bytes (39.3%)
(RDMA_READ_CONSUME_CHECK_CONSUMER) timestamp=5837 ms, used_size=16082944 bytes (39.3%)
(RDMA_READ_CONSUME_CHECK_CONSUMER) timestamp=5837 ms, used_size=16080896 bytes (39.3%)
(RDMA_READ_CONSUME_CHECK_CONSUMER) timestamp=5837 ms, used_size=16078848 bytes (39.3%)
(RDMA_READ_CONSUME_CHECK_CONSUMER) timestamp=5837 ms, used_size=16076800 bytes (39.2%)
(RDMA_READ_CONSUME_CHECK_CONSUMER) timestamp=5837 ms, used_size=16074752 bytes (39.2%)
(RDMA_READ_CONSUME_CHECK_CONSUMER) timestamp=5837 ms, used_size=16072704 bytes (39.2%)
(RDMA_READ_CONSUME_CHECK_CONSUMER) timestamp=5837 ms, used_size=16070656 bytes (39.2%)
(RDMA_READ_CONSUME_CHECK_CONSUMER) timestamp=5837 ms, used_size=16068608 bytes (39.2%)
(RDMA_READ_CONSUME_CHECK_CONSUMER) timestamp=5837 ms, used_size=16066560 bytes (39.2%)
(RDMA_READ_CONSUME_CHECK_CONSUMER) timestamp=5837 ms, used_size=16064512 bytes (39.2%)
(RDMA_READ_CONSUME_CHECK_CONSUMER) timestamp=5837 ms, used_size=16062464 bytes (39.2%)
(RDMA_READ_CONSUME_CHECK_CONSUMER) timestamp=5837 ms, used_size=16060416 bytes (39.2%)
(RDMA_READ_CONSUME_CHECK_CONSUMER) timestamp=5837 ms, used_size=16058368 bytes (39.2%)
(RDMA_READ_CONSUME_CHECK_CONSUMER) timestamp=5837 ms, used_size=16056320 bytes (39.2%)
(RDMA_READ_CONSUME_CHECK_CONSUMER) timestamp=5837 ms, used_size=16054272 bytes (39.2%)
(RDMA_READ_CONSUME_CHECK_CONSUMER) timestamp=5837 ms, used_size=16052224 bytes (39.2%)
(RDMA_READ_CONSUME_CHECK_CONSUMER) timestamp=5837 ms, used_size=16050176 bytes (39.2%)
(RDMA_READ_CONSUME_CHECK_CONSUMER) timestamp=5837 ms, used_size=16048128 bytes (39.2%)
(RDMA_READ_CONSUME_CHECK_CONSUMER) timestamp=5837 ms, used_size=16046080 bytes (39.2%)
(RDMA_READ_CONSUME_CHECK_CONSUMER) timestamp=5837 ms, used_size=16044032 bytes (39.2%)
(RDMA_READ_CONSUME_CHECK_CONSUMER) timestamp=5837 ms, used_size=16041984 bytes (39.2%)
(RDMA_READ_CONSUME_CHECK_CONSUMER) timestamp=5837 ms, used_size=16039936 bytes (39.2%)
(RDMA_READ_CONSUME_CHECK_CONSUMER) timestamp=5837 ms, used_size=16037888 bytes (39.2%)
(RDMA_READ_CONSUME_CHECK_CONSUMER) timestamp=5837 ms, used_size=16035840 bytes (39.1%)
(RDMA_READ_CONSUME_CHECK_CONSUMER) timestamp=5837 ms, used_size=16033792 bytes (39.1%)
(RDMA_READ_CONSUME_CHECK_CONSUMER) timestamp=5837 ms, used_size=16031744 bytes (39.1%)
(RDMA_READ_CONSUME_CHECK_CONSUMER) timestamp=5837 ms, used_size=16029696 bytes (39.1%)
(RDMA_READ_CONSUME_CHECK_CONSUMER) timestamp=5837 ms, used_size=16027648 bytes (39.1%)
(RDMA_READ_CONSUME_CHECK_CONSUMER) timestamp=5837 ms, used_size=16025600 bytes (39.1%)
(RDMA_READ_CONSUME_CHECK_CONSUMER) timestamp=5837 ms, used_size=16023552 bytes (39.1%)
(RDMA_READ_CONSUME_CHECK_CONSUMER) timestamp=5837 ms, used_size=16021504 bytes (39.1%)
(RDMA_READ_CONSUME_CHECK_CONSUMER) timestamp=5837 ms, used_size=16019456 bytes (39.1%)
(RDMA_READ_CONSUME_CHECK_CONSUMER) timestamp=5837 ms, used_size=16017408 bytes (39.1%)
(RDMA_READ_CONSUME_CHECK_CONSUMER) timestamp=5837 ms, used_size=16015360 bytes (39.1%)
(RDMA_READ_CONSUME_CHECK_CONSUMER) timestamp=5837 ms, used_size=16013312 bytes (39.1%)
(RDMA_READ_CONSUME_CHECK_CONSUMER) timestamp=5837 ms, used_size=16011264 bytes (39.1%)
(RDMA_READ_CONSUME_CHECK_CONSUMER) timestamp=5837 ms, used_size=16009216 bytes (39.1%)
(RDMA_READ_CONSUME_CHECK_CONSUMER) timestamp=5837 ms, used_size=16007168 bytes (39.1%)
(RDMA_READ_CONSUME_CHECK_CONSUMER) timestamp=5837 ms, used_size=16005120 bytes (39.1%)
(RDMA_READ_CONSUME_CHECK_CONSUMER) timestamp=5837 ms, used_size=16003072 bytes (39.1%)
(RDMA_READ_CONSUME_CHECK_CONSUMER) timestamp=5837 ms, used_size=16001024 bytes (39.1%)
(RDMA_READ_CONSUME_CHECK_CONSUMER) timestamp=5837 ms, used_size=15998976 bytes (39.1%)
(RDMA_READ_CONSUME_CHECK_CONSUMER) timestamp=5837 ms, used_size=15996928 bytes (39.1%)
(RDMA_READ_CONSUME_CHECK_CONSUMER) timestamp=5837 ms, used_size=15994880 bytes (39.0%)
(RDMA_READ_CONSUME_CHECK_CONSUMER) timestamp=5837 ms, used_size=15992832 bytes (39.0%)
(RDMA_READ_CONSUME_CHECK_CONSUMER) timestamp=5837 ms, used_size=15990784 bytes (39.0%)
(RDMA_READ_CONSUME_CHECK_CONSUMER) timestamp=5837 ms, used_size=15988736 bytes (39.0%)
(RDMA_READ_CONSUME_CHECK_CONSUMER) timestamp=5837 ms, used_size=15986688 bytes (39.0%)
(RDMA_READ_CONSUME_CHECK_CONSUMER) timestamp=5837 ms, used_size=15984640 bytes (39.0%)
(RDMA_READ_CONSUME_CHECK_CONSUMER) timestamp=5837 ms, used_size=15982592 bytes (39.0%)
(RDMA_READ_CONSUME_CHECK_CONSUMER) timestamp=5837 ms, used_size=15980544 bytes (39.0%)
(RDMA_READ_CONSUME_CHECK_CONSUMER) timestamp=5837 ms, used_size=15978496 bytes (39.0%)
(RDMA_READ_CONSUME_CHECK_CONSUMER) timestamp=5837 ms, used_size=15976448 bytes (39.0%)
(RDMA_READ_CONSUME_CHECK_CONSUMER) timestamp=5837 ms, used_size=15974400 bytes (39.0%)
(RDMA_READ_CONSUME_CHECK_CONSUMER) timestamp=5837 ms, used_size=15972352 bytes (39.0%)
(RDMA_READ_CONSUME_CHECK_CONSUMER) timestamp=5837 ms, used_size=15970304 bytes (39.0%)
(RDMA_READ_CONSUME_CHECK_CONSUMER) timestamp=5838 ms, used_size=15968256 bytes (39.0%)
(RDMA_READ_CONSUME_CHECK_CONSUMER) timestamp=5838 ms, used_size=15966208 bytes (39.0%)
(RDMA_READ_CONSUME_CHECK_CONSUMER) timestamp=5838 ms, used_size=15964160 bytes (39.0%)
(RDMA_READ_CONSUME_CHECK_CONSUMER) timestamp=5838 ms, used_size=15962112 bytes (39.0%)
(RDMA_READ_CONSUME_CHECK_CONSUMER) timestamp=5838 ms, used_size=15960064 bytes (39.0%)
(RDMA_READ_CONSUME_CHECK_CONSUMER) timestamp=5838 ms, used_size=15958016 bytes (39.0%)
(RDMA_READ_CONSUME_CHECK_CONSUMER) timestamp=5838 ms, used_size=15955968 bytes (39.0%)
(RDMA_READ_CONSUME_CHECK_CONSUMER) timestamp=5838 ms, used_size=15953920 bytes (39.0%)
(RDMA_READ_CONSUME_CHECK_CONSUMER) timestamp=5838 ms, used_size=15951872 bytes (38.9%)
(RDMA_READ_CONSUME_CHECK_CONSUMER) timestamp=5838 ms, used_size=15949824 bytes (38.9%)
(RDMA_READ_CONSUME_CHECK_CONSUMER) timestamp=5838 ms, used_size=15947776 bytes (38.9%)
(RDMA_READ_CONSUME_CHECK_CONSUMER) timestamp=5838 ms, used_size=15945728 bytes (38.9%)
(RDMA_READ_CONSUME_CHECK_CONSUMER) timestamp=5838 ms, used_size=15943680 bytes (38.9%)
(RDMA_READ_CONSUME_CHECK_CONSUMER) timestamp=5838 ms, used_size=15941632 bytes (38.9%)
(RDMA_READ_CONSUME_CHECK_CONSUMER) timestamp=5838 ms, used_size=15939584 bytes (38.9%)
(RDMA_READ_CONSUME_CHECK_CONSUMER) timestamp=5838 ms, used_size=15937536 bytes (38.9%)
(RDMA_READ_CONSUME_CHECK_CONSUMER) timestamp=5838 ms, used_size=15935488 bytes (38.9%)
(RDMA_READ_CONSUME_CHECK_CONSUMER) timestamp=5838 ms, used_size=15933440 bytes (38.9%)
(RDMA_READ_CONSUME_CHECK_CONSUMER) timestamp=5838 ms, used_size=15931392 bytes (38.9%)
(RDMA_READ_CONSUME_CHECK_CONSUMER) timestamp=5838 ms, used_size=15929344 bytes (38.9%)
(RDMA_READ_CONSUME_CHECK_CONSUMER) timestamp=5838 ms, used_size=15927296 bytes (38.9%)
(RDMA_READ_CONSUME_CHECK_CONSUMER) timestamp=5838 ms, used_size=15925248 bytes (38.9%)
(RDMA_READ_CONSUME_CHECK_CONSUMER) timestamp=5838 ms, used_size=15923200 bytes (38.9%)
(RDMA_READ_CONSUME_CHECK_CONSUMER) timestamp=5838 ms, used_size=15921152 bytes (38.9%)
(RDMA_READ_CONSUME_CHECK_CONSUMER) timestamp=5838 ms, used_size=15919104 bytes (38.9%)
(RDMA_READ_CONSUME_CHECK_CONSUMER) timestamp=5838 ms, used_size=15917056 bytes (38.9%)
(RDMA_READ_CONSUME_CHECK_CONSUMER) timestamp=5838 ms, used_size=15915008 bytes (38.9%)
(RDMA_READ_CONSUME_CHECK_CONSUMER) timestamp=5838 ms, used_size=15912960 bytes (38.9%)
(RDMA_READ_CONSUME_CHECK_CONSUMER) timestamp=5838 ms, used_size=15910912 bytes (38.8%)
(RDMA_READ_CONSUME_CHECK_CONSUMER) timestamp=5838 ms, used_size=15908864 bytes (38.8%)
(RDMA_READ_CONSUME_CHECK_CONSUMER) timestamp=5838 ms, used_size=15906816 bytes (38.8%)
(RDMA_READ_CONSUME_CHECK_CONSUMER) timestamp=5838 ms, used_size=15904768 bytes (38.8%)
(RDMA_READ_CONSUME_CHECK_CONSUMER) timestamp=5838 ms, used_size=15902720 bytes (38.8%)
(RDMA_READ_CONSUME_CHECK_CONSUMER) timestamp=5838 ms, used_size=15900672 bytes (38.8%)
(RDMA_READ_CONSUME_CHECK_CONSUMER) timestamp=5838 ms, used_size=15898624 bytes (38.8%)
(RDMA_READ_CONSUME_CHECK_CONSUMER) timestamp=5838 ms, used_size=15896576 bytes (38.8%)
(RDMA_READ_CONSUME_CHECK_CONSUMER) timestamp=5838 ms, used_size=15894528 bytes (38.8%)
(RDMA_READ_CONSUME_CHECK_CONSUMER) timestamp=5838 ms, used_size=15892480 bytes (38.8%)
(RDMA_READ_CONSUME_CHECK_CONSUMER) timestamp=5838 ms, used_size=15890432 bytes (38.8%)
(RDMA_READ_CONSUME_CHECK_CONSUMER) timestamp=5838 ms, used_size=15888384 bytes (38.8%)
(RDMA_READ_CONSUME_CHECK_CONSUMER) timestamp=5838 ms, used_size=15886336 bytes (38.8%)
(RDMA_READ_CONSUME_CHECK_CONSUMER) timestamp=5838 ms, used_size=15884288 bytes (38.8%)
(RDMA_READ_CONSUME_CHECK_CONSUMER) timestamp=5838 ms, used_size=15882240 bytes (38.8%)
(RDMA_READ_CONSUME_CHECK_CONSUMER) timestamp=5838 ms, used_size=15880192 bytes (38.8%)
(RDMA_READ_CONSUME_CHECK_CONSUMER) timestamp=5838 ms, used_size=15878144 bytes (38.8%)
(RDMA_READ_CONSUME_CHECK_CONSUMER) timestamp=5838 ms, used_size=15876096 bytes (38.8%)
(RDMA_READ_CONSUME_CHECK_CONSUMER) timestamp=5838 ms, used_size=15874048 bytes (38.8%)
(RDMA_READ_CONSUME_CHECK_CONSUMER) timestamp=5838 ms, used_size=15872000 bytes (38.8%)
(RDMA_READ_CONSUME_CHECK_CONSUMER) timestamp=5838 ms, used_size=15869952 bytes (38.7%)
(RDMA_READ_CONSUME_CHECK_CONSUMER) timestamp=5838 ms, used_size=15867904 bytes (38.7%)
(RDMA_READ_CONSUME_CHECK_CONSUMER) timestamp=5838 ms, used_size=15865856 bytes (38.7%)
(RDMA_READ_CONSUME_CHECK_CONSUMER) timestamp=5838 ms, used_size=15863808 bytes (38.7%)
(RDMA_READ_CONSUME_CHECK_CONSUMER) timestamp=5838 ms, used_size=15861760 bytes (38.7%)
(RDMA_READ_CONSUME_CHECK_CONSUMER) timestamp=5838 ms, used_size=15859712 bytes (38.7%)
(RDMA_READ_CONSUME_CHECK_CONSUMER) timestamp=5838 ms, used_size=15857664 bytes (38.7%)
(RDMA_READ_CONSUME_CHECK_CONSUMER) timestamp=5838 ms, used_size=15855616 bytes (38.7%)
(RDMA_READ_CONSUME_CHECK_CONSUMER) timestamp=5838 ms, used_size=15853568 bytes (38.7%)
(RDMA_READ_CONSUME_CHECK_CONSUMER) timestamp=5838 ms, used_size=15851520 bytes (38.7%)
(RDMA_READ_CONSUME_CHECK_CONSUMER) timestamp=5838 ms, used_size=15849472 bytes (38.7%)
(RDMA_READ_CONSUME_CHECK_CONSUMER) timestamp=5838 ms, used_size=15847424 bytes (38.7%)
(RDMA_READ_CONSUME_CHECK_CONSUMER) timestamp=5838 ms, used_size=15845376 bytes (38.7%)
(RDMA_READ_CONSUME_CHECK_CONSUMER) timestamp=5838 ms, used_size=15843328 bytes (38.7%)
(RDMA_READ_CONSUME_CHECK_CONSUMER) timestamp=5838 ms, used_size=15841280 bytes (38.7%)
(RDMA_READ_CONSUME_CHECK_CONSUMER) timestamp=5838 ms, used_size=15839232 bytes (38.7%)
(RDMA_READ_CONSUME_CHECK_CONSUMER) timestamp=5838 ms, used_size=15837184 bytes (38.7%)
(RDMA_READ_CONSUME_CHECK_CONSUMER) timestamp=5838 ms, used_size=15835136 bytes (38.7%)
(RDMA_READ_CONSUME_CHECK_CONSUMER) timestamp=5838 ms, used_size=15833088 bytes (38.7%)
(RDMA_READ_CONSUME_CHECK_CONSUMER) timestamp=5838 ms, used_size=15831040 bytes (38.6%)
(RDMA_READ_CONSUME_CHECK_CONSUMER) timestamp=5838 ms, used_size=15828992 bytes (38.6%)
(RDMA_READ_CONSUME_CHECK_CONSUMER) timestamp=5838 ms, used_size=15826944 bytes (38.6%)
(RDMA_READ_CONSUME_CHECK_CONSUMER) timestamp=5838 ms, used_size=15824896 bytes (38.6%)
(RDMA_READ_CONSUME_CHECK_CONSUMER) timestamp=5838 ms, used_size=15822848 bytes (38.6%)
(RDMA_READ_CONSUME_CHECK_CONSUMER) timestamp=5838 ms, used_size=15820800 bytes (38.6%)
(RDMA_READ_CONSUME_CHECK_CONSUMER) timestamp=5838 ms, used_size=15818752 bytes (38.6%)
(RDMA_READ_CONSUME_CHECK_CONSUMER) timestamp=5838 ms, used_size=15816704 bytes (38.6%)
(RDMA_READ_CONSUME_CHECK_CONSUMER) timestamp=5838 ms, used_size=15814656 bytes (38.6%)
(RDMA_READ_CONSUME_CHECK_CONSUMER) timestamp=5838 ms, used_size=15812608 bytes (38.6%)
(RDMA_READ_CONSUME_CHECK_CONSUMER) timestamp=5838 ms, used_size=15810560 bytes (38.6%)
(RDMA_READ_CONSUME_CHECK_CONSUMER) timestamp=5838 ms, used_size=15808512 bytes (38.6%)
(RDMA_READ_CONSUME_CHECK_CONSUMER) timestamp=5838 ms, used_size=15806464 bytes (38.6%)
(RDMA_READ_CONSUME_CHECK_CONSUMER) timestamp=5838 ms, used_size=15804416 bytes (38.6%)
(RDMA_READ_CONSUME_CHECK_CONSUMER) timestamp=5838 ms, used_size=15802368 bytes (38.6%)
(RDMA_READ_CONSUME_CHECK_CONSUMER) timestamp=5838 ms, used_size=15800320 bytes (38.6%)
(RDMA_READ_CONSUME_CHECK_CONSUMER) timestamp=5838 ms, used_size=15798272 bytes (38.6%)
(RDMA_READ_CONSUME_CHECK_CONSUMER) timestamp=5838 ms, used_size=15796224 bytes (38.6%)
(RDMA_READ_CONSUME_CHECK_CONSUMER) timestamp=5838 ms, used_size=15794176 bytes (38.6%)
(RDMA_READ_CONSUME_CHECK_CONSUMER) timestamp=5838 ms, used_size=15792128 bytes (38.6%)
(RDMA_READ_CONSUME_CHECK_CONSUMER) timestamp=5838 ms, used_size=15790080 bytes (38.5%)
(RDMA_READ_CONSUME_CHECK_CONSUMER) timestamp=5838 ms, used_size=15788032 bytes (38.5%)
(RDMA_READ_CONSUME_CHECK_CONSUMER) timestamp=5838 ms, used_size=15785984 bytes (38.5%)
(RDMA_READ_CONSUME_CHECK_CONSUMER) timestamp=5838 ms, used_size=15783936 bytes (38.5%)
(RDMA_READ_CONSUME_CHECK_CONSUMER) timestamp=5838 ms, used_size=15781888 bytes (38.5%)
(RDMA_READ_CONSUME_CHECK_CONSUMER) timestamp=5838 ms, used_size=15779840 bytes (38.5%)
(RDMA_READ_CONSUME_CHECK_CONSUMER) timestamp=5838 ms, used_size=15777792 bytes (38.5%)
(RDMA_READ_CONSUME_CHECK_CONSUMER) timestamp=5838 ms, used_size=15775744 bytes (38.5%)
(RDMA_READ_CONSUME_CHECK_CONSUMER) timestamp=5838 ms, used_size=15773696 bytes (38.5%)
(RDMA_READ_CONSUME_CHECK_CONSUMER) timestamp=5838 ms, used_size=15771648 bytes (38.5%)
(RDMA_READ_CONSUME_CHECK_CONSUMER) timestamp=5838 ms, used_size=15769600 bytes (38.5%)
(RDMA_READ_CONSUME_CHECK_CONSUMER) timestamp=5838 ms, used_size=15767552 bytes (38.5%)
(RDMA_READ_CONSUME_CHECK_CONSUMER) timestamp=5838 ms, used_size=15765504 bytes (38.5%)
(RDMA_READ_CONSUME_CHECK_CONSUMER) timestamp=5838 ms, used_size=15763456 bytes (38.5%)
(RDMA_READ_CONSUME_CHECK_CONSUMER) timestamp=5838 ms, used_size=15761408 bytes (38.5%)
(RDMA_READ_CONSUME_CHECK_CONSUMER) timestamp=5838 ms, used_size=15759360 bytes (38.5%)
(RDMA_READ_CONSUME_CHECK_CONSUMER) timestamp=5838 ms, used_size=15757312 bytes (38.5%)
(RDMA_READ_CONSUME_CHECK_CONSUMER) timestamp=5838 ms, used_size=15755264 bytes (38.5%)
(RDMA_READ_CONSUME_CHECK_CONSUMER) timestamp=5838 ms, used_size=15753216 bytes (38.5%)
(RDMA_READ_CONSUME_CHECK_CONSUMER) timestamp=5838 ms, used_size=15751168 bytes (38.5%)
(RDMA_READ_CONSUME_CHECK_CONSUMER) timestamp=5838 ms, used_size=15749120 bytes (38.5%)
(RDMA_READ_CONSUME_CHECK_CONSUMER) timestamp=5838 ms, used_size=15747072 bytes (38.4%)
(RDMA_READ_CONSUME_CHECK_CONSUMER) timestamp=5838 ms, used_size=15745024 bytes (38.4%)
(RDMA_READ_CONSUME_CHECK_CONSUMER) timestamp=5838 ms, used_size=15742976 bytes (38.4%)
(RDMA_READ_CONSUME_CHECK_CONSUMER) timestamp=5838 ms, used_size=15740928 bytes (38.4%)
(RDMA_READ_CONSUME_CHECK_CONSUMER) timestamp=5838 ms, used_size=15738880 bytes (38.4%)
(RDMA_READ_CONSUME_CHECK_CONSUMER) timestamp=5838 ms, used_size=15736832 bytes (38.4%)
(RDMA_READ_CONSUME_CHECK_CONSUMER) timestamp=5838 ms, used_size=15734784 bytes (38.4%)
(RDMA_READ_CONSUME_CHECK_CONSUMER) timestamp=5838 ms, used_size=15732736 bytes (38.4%)
(RDMA_READ_CONSUME_CHECK_CONSUMER) timestamp=5838 ms, used_size=15730688 bytes (38.4%)
(RDMA_READ_CONSUME_CHECK_CONSUMER) timestamp=5838 ms, used_size=15728640 bytes (38.4%)
(RDMA_READ_CONSUME_CHECK_CONSUMER) timestamp=5838 ms, used_size=15726592 bytes (38.4%)
(RDMA_READ_CONSUME_CHECK_CONSUMER) timestamp=5838 ms, used_size=15724544 bytes (38.4%)
(RDMA_READ_CONSUME_CHECK_CONSUMER) timestamp=5838 ms, used_size=15722496 bytes (38.4%)
(RDMA_READ_CONSUME_CHECK_CONSUMER) timestamp=5838 ms, used_size=15720448 bytes (38.4%)
(RDMA_READ_CONSUME_CHECK_CONSUMER) timestamp=5838 ms, used_size=15718400 bytes (38.4%)
(RDMA_READ_CONSUME_CHECK_CONSUMER) timestamp=5838 ms, used_size=15716352 bytes (38.4%)
(RDMA_READ_CONSUME_CHECK_CONSUMER) timestamp=5838 ms, used_size=15714304 bytes (38.4%)
(RDMA_READ_CONSUME_CHECK_CONSUMER) timestamp=5838 ms, used_size=15712256 bytes (38.4%)
(RDMA_READ_CONSUME_CHECK_CONSUMER) timestamp=5838 ms, used_size=15710208 bytes (38.4%)
(RDMA_READ_CONSUME_CHECK_CONSUMER) timestamp=5838 ms, used_size=15708160 bytes (38.4%)
(RDMA_READ_CONSUME_CHECK_CONSUMER) timestamp=5838 ms, used_size=15706112 bytes (38.3%)
(RDMA_READ_CONSUME_CHECK_CONSUMER) timestamp=5838 ms, used_size=15704064 bytes (38.3%)
(RDMA_READ_CONSUME_CHECK_CONSUMER) timestamp=5838 ms, used_size=15702016 bytes (38.3%)
(RDMA_READ_CONSUME_CHECK_CONSUMER) timestamp=5838 ms, used_size=15699968 bytes (38.3%)
(RDMA_READ_CONSUME_CHECK_CONSUMER) timestamp=5838 ms, used_size=15697920 bytes (38.3%)
(RDMA_READ_CONSUME_CHECK_CONSUMER) timestamp=5838 ms, used_size=15695872 bytes (38.3%)
(RDMA_READ_CONSUME_CHECK_CONSUMER) timestamp=5838 ms, used_size=15693824 bytes (38.3%)
(RDMA_READ_CONSUME_CHECK_CONSUMER) timestamp=5838 ms, used_size=15691776 bytes (38.3%)
(RDMA_READ_CONSUME_CHECK_CONSUMER) timestamp=5838 ms, used_size=15689728 bytes (38.3%)
(RDMA_READ_CONSUME_CHECK_CONSUMER) timestamp=5838 ms, used_size=15687680 bytes (38.3%)
(RDMA_READ_CONSUME_CHECK_CONSUMER) timestamp=5838 ms, used_size=15685632 bytes (38.3%)
(RDMA_READ_CONSUME_CHECK_CONSUMER) timestamp=5838 ms, used_size=15683584 bytes (38.3%)
(RDMA_READ_CONSUME_CHECK_CONSUMER) timestamp=5838 ms, used_size=15681536 bytes (38.3%)
(RDMA_READ_CONSUME_CHECK_CONSUMER) timestamp=5838 ms, used_size=15679488 bytes (38.3%)
(RDMA_READ_CONSUME_CHECK_CONSUMER) timestamp=5838 ms, used_size=15677440 bytes (38.3%)
(RDMA_READ_CONSUME_CHECK_CONSUMER) timestamp=5838 ms, used_size=15675392 bytes (38.3%)
(RDMA_READ_CONSUME_CHECK_CONSUMER) timestamp=5838 ms, used_size=15673344 bytes (38.3%)
(RDMA_READ_CONSUME_CHECK_CONSUMER) timestamp=5838 ms, used_size=15671296 bytes (38.3%)
(RDMA_READ_CONSUME_CHECK_CONSUMER) timestamp=5838 ms, used_size=15669248 bytes (38.3%)
(RDMA_READ_CONSUME_CHECK_CONSUMER) timestamp=5838 ms, used_size=15667200 bytes (38.2%)
(RDMA_READ_CONSUME_CHECK_CONSUMER) timestamp=5838 ms, used_size=15665152 bytes (38.2%)
(RDMA_READ_CONSUME_CHECK_CONSUMER) timestamp=5838 ms, used_size=15663104 bytes (38.2%)
(RDMA_READ_CONSUME_CHECK_CONSUMER) timestamp=5838 ms, used_size=15661056 bytes (38.2%)
(RDMA_READ_CONSUME_CHECK_CONSUMER) timestamp=5838 ms, used_size=15659008 bytes (38.2%)
(RDMA_READ_CONSUME_CHECK_CONSUMER) timestamp=5838 ms, used_size=15656960 bytes (38.2%)
(RDMA_READ_CONSUME_CHECK_CONSUMER) timestamp=5838 ms, used_size=15654912 bytes (38.2%)
(RDMA_READ_CONSUME_CHECK_CONSUMER) timestamp=5838 ms, used_size=15652864 bytes (38.2%)
(RDMA_READ_CONSUME_CHECK_CONSUMER) timestamp=5838 ms, used_size=15650816 bytes (38.2%)
(RDMA_READ_CONSUME_CHECK_CONSUMER) timestamp=5838 ms, used_size=15648768 bytes (38.2%)
(RDMA_READ_CONSUME_CHECK_CONSUMER) timestamp=5838 ms, used_size=15646720 bytes (38.2%)
(RDMA_READ_CONSUME_CHECK_CONSUMER) timestamp=5838 ms, used_size=15644672 bytes (38.2%)
(RDMA_READ_CONSUME_CHECK_CONSUMER) timestamp=5838 ms, used_size=15642624 bytes (38.2%)
(RDMA_READ_CONSUME_CHECK_CONSUMER) timestamp=5838 ms, used_size=15640576 bytes (38.2%)
(RDMA_READ_CONSUME_CHECK_CONSUMER) timestamp=5838 ms, used_size=15638528 bytes (38.2%)
(RDMA_READ_CONSUME_CHECK_CONSUMER) timestamp=5838 ms, used_size=15636480 bytes (38.2%)
(RDMA_READ_CONSUME_CHECK_CONSUMER) timestamp=5838 ms, used_size=15634432 bytes (38.2%)
(RDMA_READ_CONSUME_CHECK_CONSUMER) timestamp=5838 ms, used_size=15632384 bytes (38.2%)
(RDMA_READ_CONSUME_CHECK_CONSUMER) timestamp=5838 ms, used_size=15630336 bytes (38.2%)
(RDMA_READ_CONSUME_CHECK_CONSUMER) timestamp=5838 ms, used_size=15628288 bytes (38.2%)
(RDMA_READ_CONSUME_CHECK_CONSUMER) timestamp=5838 ms, used_size=15626240 bytes (38.1%)
(RDMA_READ_CONSUME_CHECK_CONSUMER) timestamp=5838 ms, used_size=15624192 bytes (38.1%)
(RDMA_READ_CONSUME_CHECK_CONSUMER) timestamp=5838 ms, used_size=15622144 bytes (38.1%)
(RDMA_READ_CONSUME_CHECK_CONSUMER) timestamp=5838 ms, used_size=15620096 bytes (38.1%)
(RDMA_READ_CONSUME_CHECK_CONSUMER) timestamp=5838 ms, used_size=15618048 bytes (38.1%)
(RDMA_READ_CONSUME_CHECK_CONSUMER) timestamp=5838 ms, used_size=15616000 bytes (38.1%)
(RDMA_READ_CONSUME_CHECK_CONSUMER) timestamp=5838 ms, used_size=15613952 bytes (38.1%)
(RDMA_READ_CONSUME_CHECK_CONSUMER) timestamp=5838 ms, used_size=15611904 bytes (38.1%)
(RDMA_READ_CONSUME_CHECK_CONSUMER) timestamp=5838 ms, used_size=15609856 bytes (38.1%)
(RDMA_READ_CONSUME_CHECK_CONSUMER) timestamp=5838 ms, used_size=15607808 bytes (38.1%)
(RDMA_READ_CONSUME_CHECK_CONSUMER) timestamp=5838 ms, used_size=15605760 bytes (38.1%)
(RDMA_READ_CONSUME_CHECK_CONSUMER) timestamp=5838 ms, used_size=15603712 bytes (38.1%)
(RDMA_READ_CONSUME_CHECK_CONSUMER) timestamp=5839 ms, used_size=15601664 bytes (38.1%)
(RDMA_READ_CONSUME_CHECK_CONSUMER) timestamp=5839 ms, used_size=15599616 bytes (38.1%)
(RDMA_READ_CONSUME_CHECK_CONSUMER) timestamp=5839 ms, used_size=15597568 bytes (38.1%)
(RDMA_READ_CONSUME_CHECK_CONSUMER) timestamp=5839 ms, used_size=15595520 bytes (38.1%)
(RDMA_READ_CONSUME_CHECK_CONSUMER) timestamp=5839 ms, used_size=15593472 bytes (38.1%)
(RDMA_READ_CONSUME_CHECK_CONSUMER) timestamp=5839 ms, used_size=15591424 bytes (38.1%)
(RDMA_READ_CONSUME_CHECK_CONSUMER) timestamp=5839 ms, used_size=15589376 bytes (38.1%)
(RDMA_READ_CONSUME_CHECK_CONSUMER) timestamp=5839 ms, used_size=15587328 bytes (38.1%)
(RDMA_READ_CONSUME_CHECK_CONSUMER) timestamp=5839 ms, used_size=15585280 bytes (38.0%)
(RDMA_READ_CONSUME_CHECK_CONSUMER) timestamp=5839 ms, used_size=15583232 bytes (38.0%)
(RDMA_READ_CONSUME_CHECK_CONSUMER) timestamp=5839 ms, used_size=15581184 bytes (38.0%)
(RDMA_READ_CONSUME_CHECK_CONSUMER) timestamp=5839 ms, used_size=15579136 bytes (38.0%)
(RDMA_READ_CONSUME_CHECK_CONSUMER) timestamp=5839 ms, used_size=15577088 bytes (38.0%)
(RDMA_READ_CONSUME_CHECK_CONSUMER) timestamp=5839 ms, used_size=15575040 bytes (38.0%)
(RDMA_READ_CONSUME_CHECK_CONSUMER) timestamp=5839 ms, used_size=15572992 bytes (38.0%)
(RDMA_READ_CONSUME_CHECK_CONSUMER) timestamp=5839 ms, used_size=15570944 bytes (38.0%)
(RDMA_READ_CONSUME_CHECK_CONSUMER) timestamp=5839 ms, used_size=15568896 bytes (38.0%)
(RDMA_READ_CONSUME_CHECK_CONSUMER) timestamp=5839 ms, used_size=15566848 bytes (38.0%)
(RDMA_READ_CONSUME_CHECK_CONSUMER) timestamp=5839 ms, used_size=15564800 bytes (38.0%)
(RDMA_READ_CONSUME_CHECK_CONSUMER) timestamp=5839 ms, used_size=15562752 bytes (38.0%)
(RDMA_READ_CONSUME_CHECK_CONSUMER) timestamp=5839 ms, used_size=15560704 bytes (38.0%)
(RDMA_READ_CONSUME_CHECK_CONSUMER) timestamp=5839 ms, used_size=15558656 bytes (38.0%)
(RDMA_READ_CONSUME_CHECK_CONSUMER) timestamp=5839 ms, used_size=15556608 bytes (38.0%)
(RDMA_READ_CONSUME_CHECK_CONSUMER) timestamp=5839 ms, used_size=15554560 bytes (38.0%)
(RDMA_READ_CONSUME_CHECK_CONSUMER) timestamp=5839 ms, used_size=15552512 bytes (38.0%)
(RDMA_READ_CONSUME_CHECK_CONSUMER) timestamp=5839 ms, used_size=15550464 bytes (38.0%)
(RDMA_READ_CONSUME_CHECK_CONSUMER) timestamp=5839 ms, used_size=15548416 bytes (38.0%)
(RDMA_READ_CONSUME_CHECK_CONSUMER) timestamp=5839 ms, used_size=15546368 bytes (38.0%)
(RDMA_READ_CONSUME_CHECK_CONSUMER) timestamp=5839 ms, used_size=15544320 bytes (38.0%)
(RDMA_READ_CONSUME_CHECK_CONSUMER) timestamp=5839 ms, used_size=15542272 bytes (37.9%)
(RDMA_READ_CONSUME_CHECK_CONSUMER) timestamp=5839 ms, used_size=15540224 bytes (37.9%)
(RDMA_READ_CONSUME_CHECK_CONSUMER) timestamp=5839 ms, used_size=15538176 bytes (37.9%)
(RDMA_READ_CONSUME_CHECK_CONSUMER) timestamp=5839 ms, used_size=15536128 bytes (37.9%)
(RDMA_READ_CONSUME_CHECK_CONSUMER) timestamp=5839 ms, used_size=15534080 bytes (37.9%)
(RDMA_READ_CONSUME_CHECK_CONSUMER) timestamp=5839 ms, used_size=15532032 bytes (37.9%)
(RDMA_READ_CONSUME_CHECK_CONSUMER) timestamp=5839 ms, used_size=15529984 bytes (37.9%)
(RDMA_READ_CONSUME_CHECK_CONSUMER) timestamp=5839 ms, used_size=15527936 bytes (37.9%)
(RDMA_READ_CONSUME_CHECK_CONSUMER) timestamp=5839 ms, used_size=15525888 bytes (37.9%)
(RDMA_READ_CONSUME_CHECK_CONSUMER) timestamp=5839 ms, used_size=15523840 bytes (37.9%)
(RDMA_READ_CONSUME_CHECK_CONSUMER) timestamp=5839 ms, used_size=15521792 bytes (37.9%)
(RDMA_READ_CONSUME_CHECK_CONSUMER) timestamp=5839 ms, used_size=15519744 bytes (37.9%)
(RDMA_READ_CONSUME_CHECK_CONSUMER) timestamp=5839 ms, used_size=15517696 bytes (37.9%)
(RDMA_READ_CONSUME_CHECK_CONSUMER) timestamp=5839 ms, used_size=15515648 bytes (37.9%)
(RDMA_READ_CONSUME_CHECK_CONSUMER) timestamp=5839 ms, used_size=15513600 bytes (37.9%)
(RDMA_READ_CONSUME_CHECK_CONSUMER) timestamp=5839 ms, used_size=15511552 bytes (37.9%)
(RDMA_READ_CONSUME_CHECK_CONSUMER) timestamp=5839 ms, used_size=15509504 bytes (37.9%)
(RDMA_READ_CONSUME_CHECK_CONSUMER) timestamp=5839 ms, used_size=15507456 bytes (37.9%)
(RDMA_READ_CONSUME_CHECK_CONSUMER) timestamp=5839 ms, used_size=15505408 bytes (37.9%)
(RDMA_READ_CONSUME_CHECK_CONSUMER) timestamp=5839 ms, used_size=15503360 bytes (37.9%)
(RDMA_READ_CONSUME_CHECK_CONSUMER) timestamp=5839 ms, used_size=15501312 bytes (37.8%)
(RDMA_READ_CONSUME_CHECK_CONSUMER) timestamp=5839 ms, used_size=15499264 bytes (37.8%)
(RDMA_READ_CONSUME_CHECK_CONSUMER) timestamp=5839 ms, used_size=15497216 bytes (37.8%)
(RDMA_READ_CONSUME_CHECK_CONSUMER) timestamp=5839 ms, used_size=15495168 bytes (37.8%)
(RDMA_READ_CONSUME_CHECK_CONSUMER) timestamp=5839 ms, used_size=15493120 bytes (37.8%)
(RDMA_READ_CONSUME_CHECK_CONSUMER) timestamp=5839 ms, used_size=15491072 bytes (37.8%)
(RDMA_READ_CONSUME_CHECK_CONSUMER) timestamp=5839 ms, used_size=15489024 bytes (37.8%)
(RDMA_READ_CONSUME_CHECK_CONSUMER) timestamp=5839 ms, used_size=15486976 bytes (37.8%)
(RDMA_READ_CONSUME_CHECK_CONSUMER) timestamp=5839 ms, used_size=15484928 bytes (37.8%)
(RDMA_READ_CONSUME_CHECK_CONSUMER) timestamp=5839 ms, used_size=15482880 bytes (37.8%)
(RDMA_READ_CONSUME_CHECK_CONSUMER) timestamp=5839 ms, used_size=15480832 bytes (37.8%)
(RDMA_READ_CONSUME_CHECK_CONSUMER) timestamp=5839 ms, used_size=15478784 bytes (37.8%)
(RDMA_READ_CONSUME_CHECK_CONSUMER) timestamp=5839 ms, used_size=15476736 bytes (37.8%)
(RDMA_READ_CONSUME_CHECK_CONSUMER) timestamp=5839 ms, used_size=15474688 bytes (37.8%)
(RDMA_READ_CONSUME_CHECK_CONSUMER) timestamp=5839 ms, used_size=15472640 bytes (37.8%)
(RDMA_READ_CONSUME_CHECK_CONSUMER) timestamp=5839 ms, used_size=15470592 bytes (37.8%)
(RDMA_READ_CONSUME_CHECK_CONSUMER) timestamp=5839 ms, used_size=15468544 bytes (37.8%)
(RDMA_READ_CONSUME_CHECK_CONSUMER) timestamp=5839 ms, used_size=15466496 bytes (37.8%)
(RDMA_READ_CONSUME_CHECK_CONSUMER) timestamp=5839 ms, used_size=15464448 bytes (37.8%)
(RDMA_READ_CONSUME_CHECK_CONSUMER) timestamp=5839 ms, used_size=15462400 bytes (37.8%)
(RDMA_READ_CONSUME_CHECK_CONSUMER) timestamp=5839 ms, used_size=15460352 bytes (37.7%)
(RDMA_READ_CONSUME_CHECK_CONSUMER) timestamp=5839 ms, used_size=15458304 bytes (37.7%)
(RDMA_READ_CONSUME_CHECK_CONSUMER) timestamp=5839 ms, used_size=15456256 bytes (37.7%)
(RDMA_READ_CONSUME_CHECK_CONSUMER) timestamp=5839 ms, used_size=15454208 bytes (37.7%)
(RDMA_READ_CONSUME_CHECK_CONSUMER) timestamp=5839 ms, used_size=15452160 bytes (37.7%)
(RDMA_READ_CONSUME_CHECK_CONSUMER) timestamp=5839 ms, used_size=15450112 bytes (37.7%)
(RDMA_READ_CONSUME_CHECK_CONSUMER) timestamp=5839 ms, used_size=15448064 bytes (37.7%)
(RDMA_READ_CONSUME_CHECK_CONSUMER) timestamp=5839 ms, used_size=15446016 bytes (37.7%)
(RDMA_READ_CONSUME_CHECK_CONSUMER) timestamp=5839 ms, used_size=15443968 bytes (37.7%)
(RDMA_READ_CONSUME_CHECK_CONSUMER) timestamp=5839 ms, used_size=15441920 bytes (37.7%)
(RDMA_READ_CONSUME_CHECK_CONSUMER) timestamp=5839 ms, used_size=15439872 bytes (37.7%)
(RDMA_READ_CONSUME_CHECK_CONSUMER) timestamp=5839 ms, used_size=15437824 bytes (37.7%)
(RDMA_READ_CONSUME_CHECK_CONSUMER) timestamp=5839 ms, used_size=15435776 bytes (37.7%)
(RDMA_READ_CONSUME_CHECK_CONSUMER) timestamp=5839 ms, used_size=15433728 bytes (37.7%)
(RDMA_READ_CONSUME_CHECK_CONSUMER) timestamp=5839 ms, used_size=15431680 bytes (37.7%)
(RDMA_READ_CONSUME_CHECK_CONSUMER) timestamp=5839 ms, used_size=15429632 bytes (37.7%)
(RDMA_READ_CONSUME_CHECK_CONSUMER) timestamp=5839 ms, used_size=15427584 bytes (37.7%)
(RDMA_READ_CONSUME_CHECK_CONSUMER) timestamp=5839 ms, used_size=15425536 bytes (37.7%)
(RDMA_READ_CONSUME_CHECK_CONSUMER) timestamp=5839 ms, used_size=15423488 bytes (37.7%)
(RDMA_READ_CONSUME_CHECK_CONSUMER) timestamp=5839 ms, used_size=15421440 bytes (37.6%)
(RDMA_READ_CONSUME_CHECK_CONSUMER) timestamp=5839 ms, used_size=15419392 bytes (37.6%)
(RDMA_READ_CONSUME_CHECK_CONSUMER) timestamp=5839 ms, used_size=15417344 bytes (37.6%)
(RDMA_READ_CONSUME_CHECK_CONSUMER) timestamp=5839 ms, used_size=15415296 bytes (37.6%)
(RDMA_READ_CONSUME_CHECK_CONSUMER) timestamp=5839 ms, used_size=15413248 bytes (37.6%)
(RDMA_READ_CONSUME_CHECK_CONSUMER) timestamp=5839 ms, used_size=15411200 bytes (37.6%)
(RDMA_READ_CONSUME_CHECK_CONSUMER) timestamp=5839 ms, used_size=15409152 bytes (37.6%)
(RDMA_READ_CONSUME_CHECK_CONSUMER) timestamp=5839 ms, used_size=15407104 bytes (37.6%)
(RDMA_READ_CONSUME_CHECK_CONSUMER) timestamp=5839 ms, used_size=15405056 bytes (37.6%)
(RDMA_READ_CONSUME_CHECK_CONSUMER) timestamp=5839 ms, used_size=15403008 bytes (37.6%)
(RDMA_READ_CONSUME_CHECK_CONSUMER) timestamp=5839 ms, used_size=15400960 bytes (37.6%)
(RDMA_READ_CONSUME_CHECK_CONSUMER) timestamp=5839 ms, used_size=15398912 bytes (37.6%)
(RDMA_READ_CONSUME_CHECK_CONSUMER) timestamp=5839 ms, used_size=15396864 bytes (37.6%)
(RDMA_READ_CONSUME_CHECK_CONSUMER) timestamp=5839 ms, used_size=15394816 bytes (37.6%)
(RDMA_READ_CONSUME_CHECK_CONSUMER) timestamp=5839 ms, used_size=15392768 bytes (37.6%)
(RDMA_READ_CONSUME_CHECK_CONSUMER) timestamp=5839 ms, used_size=15390720 bytes (37.6%)
(RDMA_READ_CONSUME_CHECK_CONSUMER) timestamp=5839 ms, used_size=15388672 bytes (37.6%)
(RDMA_READ_CONSUME_CHECK_CONSUMER) timestamp=5839 ms, used_size=15386624 bytes (37.6%)
(RDMA_READ_CONSUME_CHECK_CONSUMER) timestamp=5839 ms, used_size=15384576 bytes (37.6%)
(RDMA_READ_CONSUME_CHECK_CONSUMER) timestamp=5839 ms, used_size=15382528 bytes (37.6%)
(RDMA_READ_CONSUME_CHECK_CONSUMER) timestamp=5839 ms, used_size=15380480 bytes (37.5%)
(RDMA_READ_CONSUME_CHECK_CONSUMER) timestamp=5839 ms, used_size=15378432 bytes (37.5%)
(RDMA_READ_CONSUME_CHECK_CONSUMER) timestamp=5839 ms, used_size=15376384 bytes (37.5%)
(RDMA_READ_CONSUME_CHECK_CONSUMER) timestamp=5839 ms, used_size=15374336 bytes (37.5%)
(RDMA_READ_CONSUME_CHECK_CONSUMER) timestamp=5839 ms, used_size=15372288 bytes (37.5%)
(RDMA_READ_CONSUME_CHECK_CONSUMER) timestamp=5839 ms, used_size=15370240 bytes (37.5%)
(RDMA_READ_CONSUME_CHECK_CONSUMER) timestamp=5839 ms, used_size=15368192 bytes (37.5%)
(RDMA_READ_CONSUME_CHECK_CONSUMER) timestamp=5839 ms, used_size=15366144 bytes (37.5%)
(RDMA_READ_CONSUME_CHECK_CONSUMER) timestamp=5839 ms, used_size=15364096 bytes (37.5%)
(RDMA_READ_CONSUME_CHECK_CONSUMER) timestamp=5839 ms, used_size=15362048 bytes (37.5%)
(RDMA_READ_CONSUME_CHECK_CONSUMER) timestamp=5839 ms, used_size=15360000 bytes (37.5%)
(RDMA_READ_CONSUME_CHECK_CONSUMER) timestamp=5839 ms, used_size=15357952 bytes (37.5%)
(RDMA_READ_CONSUME_CHECK_CONSUMER) timestamp=5839 ms, used_size=15355904 bytes (37.5%)
(RDMA_READ_CONSUME_CHECK_CONSUMER) timestamp=5839 ms, used_size=15353856 bytes (37.5%)
(RDMA_READ_CONSUME_CHECK_CONSUMER) timestamp=5839 ms, used_size=15351808 bytes (37.5%)
(RDMA_READ_CONSUME_CHECK_CONSUMER) timestamp=5839 ms, used_size=15349760 bytes (37.5%)
(RDMA_READ_CONSUME_CHECK_CONSUMER) timestamp=5839 ms, used_size=15347712 bytes (37.5%)
(RDMA_READ_CONSUME_CHECK_CONSUMER) timestamp=5839 ms, used_size=15345664 bytes (37.5%)
(RDMA_READ_CONSUME_CHECK_CONSUMER) timestamp=5839 ms, used_size=15343616 bytes (37.5%)
(RDMA_READ_CONSUME_CHECK_CONSUMER) timestamp=5839 ms, used_size=15341568 bytes (37.5%)
(RDMA_READ_CONSUME_CHECK_CONSUMER) timestamp=5839 ms, used_size=15339520 bytes (37.5%)
(RDMA_READ_CONSUME_CHECK_CONSUMER) timestamp=5839 ms, used_size=15337472 bytes (37.4%)
(RDMA_READ_CONSUME_CHECK_CONSUMER) timestamp=5839 ms, used_size=15335424 bytes (37.4%)
(RDMA_READ_CONSUME_CHECK_CONSUMER) timestamp=5839 ms, used_size=15333376 bytes (37.4%)
(RDMA_READ_CONSUME_CHECK_CONSUMER) timestamp=5839 ms, used_size=15331328 bytes (37.4%)
(RDMA_READ_CONSUME_CHECK_CONSUMER) timestamp=5839 ms, used_size=15329280 bytes (37.4%)
(RDMA_READ_CONSUME_CHECK_CONSUMER) timestamp=5839 ms, used_size=15327232 bytes (37.4%)
(RDMA_READ_CONSUME_CHECK_CONSUMER) timestamp=5839 ms, used_size=15325184 bytes (37.4%)
(RDMA_READ_CONSUME_CHECK_CONSUMER) timestamp=5839 ms, used_size=15323136 bytes (37.4%)
(RDMA_READ_CONSUME_CHECK_CONSUMER) timestamp=5839 ms, used_size=15321088 bytes (37.4%)
(RDMA_READ_CONSUME_CHECK_CONSUMER) timestamp=5839 ms, used_size=15319040 bytes (37.4%)
(RDMA_READ_CONSUME_CHECK_CONSUMER) timestamp=5839 ms, used_size=15316992 bytes (37.4%)
(RDMA_READ_CONSUME_CHECK_CONSUMER) timestamp=5839 ms, used_size=15314944 bytes (37.4%)
(RDMA_READ_CONSUME_CHECK_CONSUMER) timestamp=5839 ms, used_size=15312896 bytes (37.4%)
(RDMA_READ_CONSUME_CHECK_CONSUMER) timestamp=5839 ms, used_size=15310848 bytes (37.4%)
(RDMA_READ_CONSUME_CHECK_CONSUMER) timestamp=5839 ms, used_size=15308800 bytes (37.4%)
(RDMA_READ_CONSUME_CHECK_CONSUMER) timestamp=5839 ms, used_size=15306752 bytes (37.4%)
(RDMA_READ_CONSUME_CHECK_CONSUMER) timestamp=5839 ms, used_size=15304704 bytes (37.4%)
(RDMA_READ_CONSUME_CHECK_CONSUMER) timestamp=5839 ms, used_size=15302656 bytes (37.4%)
(RDMA_READ_CONSUME_CHECK_CONSUMER) timestamp=5839 ms, used_size=15300608 bytes (37.4%)
(RDMA_READ_CONSUME_CHECK_CONSUMER) timestamp=5839 ms, used_size=15298560 bytes (37.4%)
(RDMA_READ_CONSUME_CHECK_CONSUMER) timestamp=5839 ms, used_size=15296512 bytes (37.3%)
(RDMA_READ_CONSUME_CHECK_CONSUMER) timestamp=5839 ms, used_size=15294464 bytes (37.3%)
(RDMA_READ_CONSUME_CHECK_CONSUMER) timestamp=5839 ms, used_size=15292416 bytes (37.3%)
(RDMA_READ_CONSUME_CHECK_CONSUMER) timestamp=5839 ms, used_size=15290368 bytes (37.3%)
(RDMA_READ_CONSUME_CHECK_CONSUMER) timestamp=5839 ms, used_size=15288320 bytes (37.3%)
(RDMA_READ_CONSUME_CHECK_CONSUMER) timestamp=5839 ms, used_size=15286272 bytes (37.3%)
(RDMA_READ_CONSUME_CHECK_CONSUMER) timestamp=5839 ms, used_size=15284224 bytes (37.3%)
(RDMA_READ_CONSUME_CHECK_CONSUMER) timestamp=5839 ms, used_size=15282176 bytes (37.3%)
(RDMA_READ_CONSUME_CHECK_CONSUMER) timestamp=5839 ms, used_size=15280128 bytes (37.3%)
(RDMA_READ_CONSUME_CHECK_CONSUMER) timestamp=5839 ms, used_size=15278080 bytes (37.3%)
(RDMA_READ_CONSUME_CHECK_CONSUMER) timestamp=5839 ms, used_size=15276032 bytes (37.3%)
(RDMA_READ_CONSUME_CHECK_CONSUMER) timestamp=5839 ms, used_size=15273984 bytes (37.3%)
(RDMA_READ_CONSUME_CHECK_CONSUMER) timestamp=5839 ms, used_size=15271936 bytes (37.3%)
(RDMA_READ_CONSUME_CHECK_CONSUMER) timestamp=5839 ms, used_size=15269888 bytes (37.3%)
(RDMA_READ_CONSUME_CHECK_CONSUMER) timestamp=5839 ms, used_size=15267840 bytes (37.3%)
(RDMA_READ_CONSUME_CHECK_CONSUMER) timestamp=5839 ms, used_size=15265792 bytes (37.3%)
(RDMA_READ_CONSUME_CHECK_CONSUMER) timestamp=5839 ms, used_size=15263744 bytes (37.3%)
(RDMA_READ_CONSUME_CHECK_CONSUMER) timestamp=5839 ms, used_size=15261696 bytes (37.3%)
(RDMA_READ_CONSUME_CHECK_CONSUMER) timestamp=5839 ms, used_size=15259648 bytes (37.3%)
(RDMA_READ_CONSUME_CHECK_CONSUMER) timestamp=5839 ms, used_size=15257600 bytes (37.2%)
(RDMA_READ_CONSUME_CHECK_CONSUMER) timestamp=5839 ms, used_size=15255552 bytes (37.2%)
(RDMA_READ_CONSUME_CHECK_CONSUMER) timestamp=5839 ms, used_size=15253504 bytes (37.2%)
(RDMA_READ_CONSUME_CHECK_CONSUMER) timestamp=5839 ms, used_size=15251456 bytes (37.2%)
(RDMA_READ_CONSUME_CHECK_CONSUMER) timestamp=5839 ms, used_size=15249408 bytes (37.2%)
(RDMA_READ_CONSUME_CHECK_CONSUMER) timestamp=5839 ms, used_size=15247360 bytes (37.2%)
(RDMA_READ_CONSUME_CHECK_CONSUMER) timestamp=5839 ms, used_size=15245312 bytes (37.2%)
(RDMA_READ_CONSUME_CHECK_CONSUMER) timestamp=5839 ms, used_size=15243264 bytes (37.2%)
(RDMA_READ_CONSUME_CHECK_CONSUMER) timestamp=5839 ms, used_size=15241216 bytes (37.2%)
(RDMA_READ_CONSUME_CHECK_CONSUMER) timestamp=5839 ms, used_size=15239168 bytes (37.2%)
(RDMA_READ_CONSUME_CHECK_CONSUMER) timestamp=5839 ms, used_size=15237120 bytes (37.2%)
(RDMA_READ_CONSUME_CHECK_CONSUMER) timestamp=5840 ms, used_size=15235072 bytes (37.2%)
(RDMA_READ_CONSUME_CHECK_CONSUMER) timestamp=5840 ms, used_size=15233024 bytes (37.2%)
(RDMA_READ_CONSUME_CHECK_CONSUMER) timestamp=5840 ms, used_size=15230976 bytes (37.2%)
(RDMA_READ_CONSUME_CHECK_CONSUMER) timestamp=5840 ms, used_size=15228928 bytes (37.2%)
(RDMA_READ_CONSUME_CHECK_CONSUMER) timestamp=5840 ms, used_size=15226880 bytes (37.2%)
(RDMA_READ_CONSUME_CHECK_CONSUMER) timestamp=5840 ms, used_size=15224832 bytes (37.2%)
(RDMA_READ_CONSUME_CHECK_CONSUMER) timestamp=5840 ms, used_size=15222784 bytes (37.2%)
(RDMA_READ_CONSUME_CHECK_CONSUMER) timestamp=5840 ms, used_size=15220736 bytes (37.2%)
(RDMA_READ_CONSUME_CHECK_CONSUMER) timestamp=5840 ms, used_size=15218688 bytes (37.2%)
(RDMA_READ_CONSUME_CHECK_CONSUMER) timestamp=5840 ms, used_size=15216640 bytes (37.1%)
(RDMA_READ_CONSUME_CHECK_CONSUMER) timestamp=5840 ms, used_size=15214592 bytes (37.1%)
(RDMA_READ_CONSUME_CHECK_CONSUMER) timestamp=5840 ms, used_size=15212544 bytes (37.1%)
(RDMA_READ_CONSUME_CHECK_CONSUMER) timestamp=5840 ms, used_size=15210496 bytes (37.1%)
(RDMA_READ_CONSUME_CHECK_CONSUMER) timestamp=5840 ms, used_size=15208448 bytes (37.1%)
(RDMA_READ_CONSUME_CHECK_CONSUMER) timestamp=5840 ms, used_size=15206400 bytes (37.1%)
(RDMA_READ_CONSUME_CHECK_CONSUMER) timestamp=5840 ms, used_size=15204352 bytes (37.1%)
(RDMA_READ_CONSUME_CHECK_CONSUMER) timestamp=5840 ms, used_size=15202304 bytes (37.1%)
(RDMA_READ_CONSUME_CHECK_CONSUMER) timestamp=5840 ms, used_size=15200256 bytes (37.1%)
(RDMA_READ_CONSUME_CHECK_CONSUMER) timestamp=5840 ms, used_size=15198208 bytes (37.1%)
(RDMA_READ_CONSUME_CHECK_CONSUMER) timestamp=5840 ms, used_size=15196160 bytes (37.1%)
(RDMA_READ_CONSUME_CHECK_CONSUMER) timestamp=5840 ms, used_size=15194112 bytes (37.1%)
(RDMA_READ_CONSUME_CHECK_CONSUMER) timestamp=5840 ms, used_size=15192064 bytes (37.1%)
(RDMA_READ_CONSUME_CHECK_CONSUMER) timestamp=5840 ms, used_size=15190016 bytes (37.1%)
(RDMA_READ_CONSUME_CHECK_CONSUMER) timestamp=5840 ms, used_size=15187968 bytes (37.1%)
(RDMA_READ_CONSUME_CHECK_CONSUMER) timestamp=5840 ms, used_size=15185920 bytes (37.1%)
(RDMA_READ_CONSUME_CHECK_CONSUMER) timestamp=5840 ms, used_size=15183872 bytes (37.1%)
(RDMA_READ_CONSUME_CHECK_CONSUMER) timestamp=5840 ms, used_size=15181824 bytes (37.1%)
(RDMA_READ_CONSUME_CHECK_CONSUMER) timestamp=5840 ms, used_size=15179776 bytes (37.1%)
(RDMA_READ_CONSUME_CHECK_CONSUMER) timestamp=5840 ms, used_size=15177728 bytes (37.1%)
(RDMA_READ_CONSUME_CHECK_CONSUMER) timestamp=5840 ms, used_size=15175680 bytes (37.0%)
(RDMA_READ_CONSUME_CHECK_CONSUMER) timestamp=5840 ms, used_size=15173632 bytes (37.0%)
(RDMA_READ_CONSUME_CHECK_CONSUMER) timestamp=5840 ms, used_size=15171584 bytes (37.0%)
(RDMA_READ_CONSUME_CHECK_CONSUMER) timestamp=5840 ms, used_size=15169536 bytes (37.0%)
(RDMA_READ_CONSUME_CHECK_CONSUMER) timestamp=5840 ms, used_size=15167488 bytes (37.0%)
(RDMA_READ_CONSUME_CHECK_CONSUMER) timestamp=5840 ms, used_size=15165440 bytes (37.0%)
(RDMA_READ_CONSUME_CHECK_CONSUMER) timestamp=5840 ms, used_size=15163392 bytes (37.0%)
(RDMA_READ_CONSUME_CHECK_CONSUMER) timestamp=5840 ms, used_size=15161344 bytes (37.0%)
(RDMA_READ_CONSUME_CHECK_CONSUMER) timestamp=5840 ms, used_size=15159296 bytes (37.0%)
(RDMA_READ_CONSUME_CHECK_CONSUMER) timestamp=5840 ms, used_size=15157248 bytes (37.0%)
(RDMA_READ_CONSUME_CHECK_CONSUMER) timestamp=5840 ms, used_size=15155200 bytes (37.0%)
(RDMA_READ_CONSUME_CHECK_CONSUMER) timestamp=5840 ms, used_size=15153152 bytes (37.0%)
(RDMA_READ_CONSUME_CHECK_CONSUMER) timestamp=5840 ms, used_size=15151104 bytes (37.0%)
(RDMA_READ_CONSUME_CHECK_CONSUMER) timestamp=5840 ms, used_size=15149056 bytes (37.0%)
(RDMA_READ_CONSUME_CHECK_CONSUMER) timestamp=5840 ms, used_size=15147008 bytes (37.0%)
(RDMA_READ_CONSUME_CHECK_CONSUMER) timestamp=5840 ms, used_size=15144960 bytes (37.0%)
(RDMA_READ_CONSUME_CHECK_CONSUMER) timestamp=5840 ms, used_size=15142912 bytes (37.0%)
(RDMA_READ_CONSUME_CHECK_CONSUMER) timestamp=5840 ms, used_size=15140864 bytes (37.0%)
(RDMA_READ_CONSUME_CHECK_CONSUMER) timestamp=5840 ms, used_size=15138816 bytes (37.0%)
(RDMA_READ_CONSUME_CHECK_CONSUMER) timestamp=5840 ms, used_size=15136768 bytes (37.0%)
(RDMA_READ_CONSUME_CHECK_CONSUMER) timestamp=5840 ms, used_size=15134720 bytes (37.0%)
(RDMA_READ_CONSUME_CHECK_CONSUMER) timestamp=5840 ms, used_size=15132672 bytes (36.9%)
(RDMA_READ_CONSUME_CHECK_CONSUMER) timestamp=5840 ms, used_size=15130624 bytes (36.9%)
(RDMA_READ_CONSUME_CHECK_CONSUMER) timestamp=5840 ms, used_size=15128576 bytes (36.9%)
(RDMA_READ_CONSUME_CHECK_CONSUMER) timestamp=5840 ms, used_size=15126528 bytes (36.9%)
(RDMA_READ_CONSUME_CHECK_CONSUMER) timestamp=5840 ms, used_size=15124480 bytes (36.9%)
(RDMA_READ_CONSUME_CHECK_CONSUMER) timestamp=5840 ms, used_size=15122432 bytes (36.9%)
(RDMA_READ_CONSUME_CHECK_CONSUMER) timestamp=5840 ms, used_size=15120384 bytes (36.9%)
(RDMA_READ_CONSUME_CHECK_CONSUMER) timestamp=5840 ms, used_size=15118336 bytes (36.9%)
(RDMA_READ_CONSUME_CHECK_CONSUMER) timestamp=5840 ms, used_size=15116288 bytes (36.9%)
(RDMA_READ_CONSUME_CHECK_CONSUMER) timestamp=5840 ms, used_size=15114240 bytes (36.9%)
(RDMA_READ_CONSUME_CHECK_CONSUMER) timestamp=5840 ms, used_size=15112192 bytes (36.9%)
(RDMA_READ_CONSUME_CHECK_CONSUMER) timestamp=5840 ms, used_size=15110144 bytes (36.9%)
(RDMA_READ_CONSUME_CHECK_CONSUMER) timestamp=5840 ms, used_size=15108096 bytes (36.9%)
(RDMA_READ_CONSUME_CHECK_CONSUMER) timestamp=5840 ms, used_size=15106048 bytes (36.9%)
(RDMA_READ_CONSUME_CHECK_CONSUMER) timestamp=5840 ms, used_size=15104000 bytes (36.9%)
(RDMA_READ_CONSUME_CHECK_CONSUMER) timestamp=5840 ms, used_size=15101952 bytes (36.9%)
(RDMA_READ_CONSUME_CHECK_CONSUMER) timestamp=5840 ms, used_size=15099904 bytes (36.9%)
(RDMA_READ_CONSUME_CHECK_CONSUMER) timestamp=5840 ms, used_size=15097856 bytes (36.9%)
(RDMA_READ_CONSUME_CHECK_CONSUMER) timestamp=5840 ms, used_size=15095808 bytes (36.9%)
(RDMA_READ_CONSUME_CHECK_CONSUMER) timestamp=5840 ms, used_size=15093760 bytes (36.9%)
(RDMA_READ_CONSUME_CHECK_CONSUMER) timestamp=5840 ms, used_size=15091712 bytes (36.8%)
(RDMA_READ_CONSUME_CHECK_CONSUMER) timestamp=5840 ms, used_size=15089664 bytes (36.8%)
(RDMA_READ_CONSUME_CHECK_CONSUMER) timestamp=5840 ms, used_size=15087616 bytes (36.8%)
(RDMA_READ_CONSUME_CHECK_CONSUMER) timestamp=5840 ms, used_size=15085568 bytes (36.8%)
(RDMA_READ_CONSUME_CHECK_CONSUMER) timestamp=5840 ms, used_size=15083520 bytes (36.8%)
(RDMA_READ_CONSUME_CHECK_CONSUMER) timestamp=5840 ms, used_size=15081472 bytes (36.8%)
(RDMA_READ_CONSUME_CHECK_CONSUMER) timestamp=5840 ms, used_size=15079424 bytes (36.8%)
(RDMA_READ_CONSUME_CHECK_CONSUMER) timestamp=5840 ms, used_size=15077376 bytes (36.8%)
(RDMA_READ_CONSUME_CHECK_CONSUMER) timestamp=5840 ms, used_size=15075328 bytes (36.8%)
(RDMA_READ_CONSUME_CHECK_CONSUMER) timestamp=5840 ms, used_size=15073280 bytes (36.8%)
(RDMA_READ_CONSUME_CHECK_CONSUMER) timestamp=5840 ms, used_size=15071232 bytes (36.8%)
(RDMA_READ_CONSUME_CHECK_CONSUMER) timestamp=5840 ms, used_size=15069184 bytes (36.8%)
(RDMA_READ_CONSUME_CHECK_CONSUMER) timestamp=5840 ms, used_size=15067136 bytes (36.8%)
(RDMA_READ_CONSUME_CHECK_CONSUMER) timestamp=5840 ms, used_size=15065088 bytes (36.8%)
(RDMA_READ_CONSUME_CHECK_CONSUMER) timestamp=5840 ms, used_size=15063040 bytes (36.8%)
(RDMA_READ_CONSUME_CHECK_CONSUMER) timestamp=5840 ms, used_size=15060992 bytes (36.8%)
(RDMA_READ_CONSUME_CHECK_CONSUMER) timestamp=5840 ms, used_size=15058944 bytes (36.8%)
(RDMA_READ_CONSUME_CHECK_CONSUMER) timestamp=5840 ms, used_size=15056896 bytes (36.8%)
(RDMA_READ_CONSUME_CHECK_CONSUMER) timestamp=5840 ms, used_size=15054848 bytes (36.8%)
(RDMA_READ_CONSUME_CHECK_CONSUMER) timestamp=5840 ms, used_size=15052800 bytes (36.8%)
(RDMA_READ_CONSUME_CHECK_CONSUMER) timestamp=5840 ms, used_size=15050752 bytes (36.7%)
(RDMA_READ_CONSUME_CHECK_CONSUMER) timestamp=5840 ms, used_size=15048704 bytes (36.7%)
(RDMA_READ_CONSUME_CHECK_CONSUMER) timestamp=5840 ms, used_size=15046656 bytes (36.7%)
(RDMA_READ_CONSUME_CHECK_CONSUMER) timestamp=5840 ms, used_size=15044608 bytes (36.7%)
(RDMA_READ_CONSUME_CHECK_CONSUMER) timestamp=5840 ms, used_size=15042560 bytes (36.7%)
(RDMA_READ_CONSUME_CHECK_CONSUMER) timestamp=5840 ms, used_size=15040512 bytes (36.7%)
(RDMA_READ_CONSUME_CHECK_CONSUMER) timestamp=5840 ms, used_size=15038464 bytes (36.7%)
(RDMA_READ_CONSUME_CHECK_CONSUMER) timestamp=5840 ms, used_size=15036416 bytes (36.7%)
(RDMA_READ_CONSUME_CHECK_CONSUMER) timestamp=5840 ms, used_size=15034368 bytes (36.7%)
(RDMA_READ_CONSUME_CHECK_CONSUMER) timestamp=5840 ms, used_size=15032320 bytes (36.7%)
(RDMA_READ_CONSUME_CHECK_CONSUMER) timestamp=5840 ms, used_size=15030272 bytes (36.7%)
(RDMA_READ_CONSUME_CHECK_CONSUMER) timestamp=5840 ms, used_size=15028224 bytes (36.7%)
(RDMA_READ_CONSUME_CHECK_CONSUMER) timestamp=5840 ms, used_size=15026176 bytes (36.7%)
(RDMA_READ_CONSUME_CHECK_CONSUMER) timestamp=5840 ms, used_size=15024128 bytes (36.7%)
(RDMA_READ_CONSUME_CHECK_CONSUMER) timestamp=5840 ms, used_size=15022080 bytes (36.7%)
(RDMA_READ_CONSUME_CHECK_CONSUMER) timestamp=5840 ms, used_size=15020032 bytes (36.7%)
(RDMA_READ_CONSUME_CHECK_CONSUMER) timestamp=5840 ms, used_size=15017984 bytes (36.7%)
(RDMA_READ_CONSUME_CHECK_CONSUMER) timestamp=5840 ms, used_size=15015936 bytes (36.7%)
(RDMA_READ_CONSUME_CHECK_CONSUMER) timestamp=5840 ms, used_size=15013888 bytes (36.7%)
(RDMA_READ_CONSUME_CHECK_CONSUMER) timestamp=5840 ms, used_size=15011840 bytes (36.6%)
(RDMA_READ_CONSUME_CHECK_CONSUMER) timestamp=5840 ms, used_size=15009792 bytes (36.6%)
(RDMA_READ_CONSUME_CHECK_CONSUMER) timestamp=5840 ms, used_size=15007744 bytes (36.6%)
(RDMA_READ_CONSUME_CHECK_CONSUMER) timestamp=5840 ms, used_size=15005696 bytes (36.6%)
(RDMA_READ_CONSUME_CHECK_CONSUMER) timestamp=5840 ms, used_size=15003648 bytes (36.6%)
(RDMA_READ_CONSUME_CHECK_CONSUMER) timestamp=5840 ms, used_size=15001600 bytes (36.6%)
(RDMA_READ_CONSUME_CHECK_CONSUMER) timestamp=5840 ms, used_size=14999552 bytes (36.6%)
(RDMA_READ_CONSUME_CHECK_CONSUMER) timestamp=5840 ms, used_size=14997504 bytes (36.6%)
(RDMA_READ_CONSUME_CHECK_CONSUMER) timestamp=5840 ms, used_size=14995456 bytes (36.6%)
(RDMA_READ_CONSUME_CHECK_CONSUMER) timestamp=5840 ms, used_size=14993408 bytes (36.6%)
(RDMA_READ_CONSUME_CHECK_CONSUMER) timestamp=5840 ms, used_size=14991360 bytes (36.6%)
(RDMA_READ_CONSUME_CHECK_CONSUMER) timestamp=5840 ms, used_size=14989312 bytes (36.6%)
(RDMA_READ_CONSUME_CHECK_CONSUMER) timestamp=5840 ms, used_size=14987264 bytes (36.6%)
(RDMA_READ_CONSUME_CHECK_CONSUMER) timestamp=5840 ms, used_size=14985216 bytes (36.6%)
(RDMA_READ_CONSUME_CHECK_CONSUMER) timestamp=5840 ms, used_size=14983168 bytes (36.6%)
(RDMA_READ_CONSUME_CHECK_CONSUMER) timestamp=5840 ms, used_size=14981120 bytes (36.6%)
(RDMA_READ_CONSUME_CHECK_CONSUMER) timestamp=5840 ms, used_size=14979072 bytes (36.6%)
(RDMA_READ_CONSUME_CHECK_CONSUMER) timestamp=5840 ms, used_size=14977024 bytes (36.6%)
(RDMA_READ_CONSUME_CHECK_CONSUMER) timestamp=5840 ms, used_size=14974976 bytes (36.6%)
(RDMA_READ_CONSUME_CHECK_CONSUMER) timestamp=5840 ms, used_size=14972928 bytes (36.6%)
(RDMA_READ_CONSUME_CHECK_CONSUMER) timestamp=5840 ms, used_size=14970880 bytes (36.5%)
(RDMA_READ_CONSUME_CHECK_CONSUMER) timestamp=5840 ms, used_size=14968832 bytes (36.5%)
(RDMA_READ_CONSUME_CHECK_CONSUMER) timestamp=5840 ms, used_size=14966784 bytes (36.5%)
(RDMA_READ_CONSUME_CHECK_CONSUMER) timestamp=5840 ms, used_size=14964736 bytes (36.5%)
(RDMA_READ_CONSUME_CHECK_CONSUMER) timestamp=5840 ms, used_size=14962688 bytes (36.5%)
(RDMA_READ_CONSUME_CHECK_CONSUMER) timestamp=5840 ms, used_size=14960640 bytes (36.5%)
(RDMA_READ_CONSUME_CHECK_CONSUMER) timestamp=5840 ms, used_size=14958592 bytes (36.5%)
(RDMA_READ_CONSUME_CHECK_CONSUMER) timestamp=5840 ms, used_size=14956544 bytes (36.5%)
(RDMA_READ_CONSUME_CHECK_CONSUMER) timestamp=5840 ms, used_size=14954496 bytes (36.5%)
(RDMA_READ_CONSUME_CHECK_CONSUMER) timestamp=5840 ms, used_size=14952448 bytes (36.5%)
(RDMA_READ_CONSUME_CHECK_CONSUMER) timestamp=5840 ms, used_size=14950400 bytes (36.5%)
(RDMA_READ_CONSUME_CHECK_CONSUMER) timestamp=5840 ms, used_size=14948352 bytes (36.5%)
(RDMA_READ_CONSUME_CHECK_CONSUMER) timestamp=5840 ms, used_size=14946304 bytes (36.5%)
(RDMA_READ_CONSUME_CHECK_CONSUMER) timestamp=5840 ms, used_size=14944256 bytes (36.5%)
(RDMA_READ_CONSUME_CHECK_CONSUMER) timestamp=5840 ms, used_size=14942208 bytes (36.5%)
(RDMA_READ_CONSUME_CHECK_CONSUMER) timestamp=5840 ms, used_size=14940160 bytes (36.5%)
(RDMA_READ_CONSUME_CHECK_CONSUMER) timestamp=5840 ms, used_size=14938112 bytes (36.5%)
(RDMA_READ_CONSUME_CHECK_CONSUMER) timestamp=5840 ms, used_size=14936064 bytes (36.5%)
(RDMA_READ_CONSUME_CHECK_CONSUMER) timestamp=5840 ms, used_size=14934016 bytes (36.5%)
(RDMA_READ_CONSUME_CHECK_CONSUMER) timestamp=5840 ms, used_size=14931968 bytes (36.5%)
(RDMA_READ_CONSUME_CHECK_CONSUMER) timestamp=5840 ms, used_size=14929920 bytes (36.5%)
(RDMA_READ_CONSUME_CHECK_CONSUMER) timestamp=5840 ms, used_size=14927872 bytes (36.4%)
(RDMA_READ_CONSUME_CHECK_CONSUMER) timestamp=5840 ms, used_size=14925824 bytes (36.4%)
(RDMA_READ_CONSUME_CHECK_CONSUMER) timestamp=5840 ms, used_size=14923776 bytes (36.4%)
(RDMA_READ_CONSUME_CHECK_CONSUMER) timestamp=5840 ms, used_size=14921728 bytes (36.4%)
(RDMA_READ_CONSUME_CHECK_CONSUMER) timestamp=5840 ms, used_size=14919680 bytes (36.4%)
(RDMA_READ_CONSUME_CHECK_CONSUMER) timestamp=5840 ms, used_size=14917632 bytes (36.4%)
(RDMA_READ_CONSUME_CHECK_CONSUMER) timestamp=5840 ms, used_size=14915584 bytes (36.4%)
(RDMA_READ_CONSUME_CHECK_CONSUMER) timestamp=5840 ms, used_size=14913536 bytes (36.4%)
(RDMA_READ_CONSUME_CHECK_CONSUMER) timestamp=5840 ms, used_size=14911488 bytes (36.4%)
(RDMA_READ_CONSUME_CHECK_CONSUMER) timestamp=5840 ms, used_size=14909440 bytes (36.4%)
(RDMA_READ_CONSUME_CHECK_CONSUMER) timestamp=5840 ms, used_size=14907392 bytes (36.4%)
(RDMA_READ_CONSUME_CHECK_CONSUMER) timestamp=5840 ms, used_size=14905344 bytes (36.4%)
(RDMA_READ_CONSUME_CHECK_CONSUMER) timestamp=5840 ms, used_size=14903296 bytes (36.4%)
(RDMA_READ_CONSUME_CHECK_CONSUMER) timestamp=5840 ms, used_size=14901248 bytes (36.4%)
(RDMA_READ_CONSUME_CHECK_CONSUMER) timestamp=5840 ms, used_size=14899200 bytes (36.4%)
(RDMA_READ_CONSUME_CHECK_CONSUMER) timestamp=5840 ms, used_size=14897152 bytes (36.4%)
(RDMA_READ_CONSUME_CHECK_CONSUMER) timestamp=5840 ms, used_size=14895104 bytes (36.4%)
(RDMA_READ_CONSUME_CHECK_CONSUMER) timestamp=5840 ms, used_size=14893056 bytes (36.4%)
(RDMA_READ_CONSUME_CHECK_CONSUMER) timestamp=5840 ms, used_size=14891008 bytes (36.4%)
(RDMA_READ_CONSUME_CHECK_CONSUMER) timestamp=5840 ms, used_size=14888960 bytes (36.4%)
(RDMA_READ_CONSUME_CHECK_CONSUMER) timestamp=5840 ms, used_size=14886912 bytes (36.3%)
(RDMA_READ_CONSUME_CHECK_CONSUMER) timestamp=5840 ms, used_size=14884864 bytes (36.3%)
(RDMA_READ_CONSUME_CHECK_CONSUMER) timestamp=5840 ms, used_size=14882816 bytes (36.3%)
(RDMA_READ_CONSUME_CHECK_CONSUMER) timestamp=5840 ms, used_size=14880768 bytes (36.3%)
(RDMA_READ_CONSUME_CHECK_CONSUMER) timestamp=5840 ms, used_size=14878720 bytes (36.3%)
(RDMA_READ_CONSUME_CHECK_CONSUMER) timestamp=5840 ms, used_size=14876672 bytes (36.3%)
(RDMA_READ_CONSUME_CHECK_CONSUMER) timestamp=5840 ms, used_size=14874624 bytes (36.3%)
(RDMA_READ_CONSUME_CHECK_CONSUMER) timestamp=5840 ms, used_size=14872576 bytes (36.3%)
(RDMA_READ_CONSUME_CHECK_CONSUMER) timestamp=5840 ms, used_size=14870528 bytes (36.3%)
(RDMA_READ_CONSUME_CHECK_CONSUMER) timestamp=5840 ms, used_size=14868480 bytes (36.3%)
(RDMA_READ_CONSUME_CHECK_CONSUMER) timestamp=5840 ms, used_size=14866432 bytes (36.3%)
(RDMA_READ_CONSUME_CHECK_CONSUMER) timestamp=5840 ms, used_size=14864384 bytes (36.3%)
(RDMA_READ_CONSUME_CHECK_CONSUMER) timestamp=5840 ms, used_size=14862336 bytes (36.3%)
(RDMA_READ_CONSUME_CHECK_CONSUMER) timestamp=5840 ms, used_size=14860288 bytes (36.3%)
(RDMA_READ_CONSUME_CHECK_CONSUMER) timestamp=5841 ms, used_size=14858240 bytes (36.3%)
(RDMA_READ_CONSUME_CHECK_CONSUMER) timestamp=5841 ms, used_size=14856192 bytes (36.3%)
(RDMA_READ_CONSUME_CHECK_CONSUMER) timestamp=5841 ms, used_size=14854144 bytes (36.3%)
(RDMA_READ_CONSUME_CHECK_CONSUMER) timestamp=5841 ms, used_size=14852096 bytes (36.3%)
(RDMA_READ_CONSUME_CHECK_CONSUMER) timestamp=5841 ms, used_size=14850048 bytes (36.3%)
(RDMA_READ_CONSUME_CHECK_CONSUMER) timestamp=5841 ms, used_size=14848000 bytes (36.2%)
(RDMA_READ_CONSUME_CHECK_CONSUMER) timestamp=5841 ms, used_size=14845952 bytes (36.2%)
(RDMA_READ_CONSUME_CHECK_CONSUMER) timestamp=5841 ms, used_size=14843904 bytes (36.2%)
(RDMA_READ_CONSUME_CHECK_CONSUMER) timestamp=5841 ms, used_size=14841856 bytes (36.2%)
(RDMA_READ_CONSUME_CHECK_CONSUMER) timestamp=5841 ms, used_size=14839808 bytes (36.2%)
(RDMA_READ_CONSUME_CHECK_CONSUMER) timestamp=5841 ms, used_size=14837760 bytes (36.2%)
(RDMA_READ_CONSUME_CHECK_CONSUMER) timestamp=5841 ms, used_size=14835712 bytes (36.2%)
(RDMA_READ_CONSUME_CHECK_CONSUMER) timestamp=5841 ms, used_size=14833664 bytes (36.2%)
(RDMA_READ_CONSUME_CHECK_CONSUMER) timestamp=5841 ms, used_size=14831616 bytes (36.2%)
(RDMA_READ_CONSUME_CHECK_CONSUMER) timestamp=5841 ms, used_size=14829568 bytes (36.2%)
(RDMA_READ_CONSUME_CHECK_CONSUMER) timestamp=5841 ms, used_size=14827520 bytes (36.2%)
(RDMA_READ_CONSUME_CHECK_CONSUMER) timestamp=5841 ms, used_size=14825472 bytes (36.2%)
(RDMA_READ_CONSUME_CHECK_CONSUMER) timestamp=5841 ms, used_size=14823424 bytes (36.2%)
(RDMA_READ_CONSUME_CHECK_CONSUMER) timestamp=5841 ms, used_size=14821376 bytes (36.2%)
(RDMA_READ_CONSUME_CHECK_CONSUMER) timestamp=5841 ms, used_size=14819328 bytes (36.2%)
(RDMA_READ_CONSUME_CHECK_CONSUMER) timestamp=5841 ms, used_size=14817280 bytes (36.2%)
(RDMA_READ_CONSUME_CHECK_CONSUMER) timestamp=5841 ms, used_size=14815232 bytes (36.2%)
(RDMA_READ_CONSUME_CHECK_CONSUMER) timestamp=5841 ms, used_size=14813184 bytes (36.2%)
(RDMA_READ_CONSUME_CHECK_CONSUMER) timestamp=5841 ms, used_size=14811136 bytes (36.2%)
(RDMA_READ_CONSUME_CHECK_CONSUMER) timestamp=5841 ms, used_size=14809088 bytes (36.2%)
(RDMA_READ_CONSUME_CHECK_CONSUMER) timestamp=5841 ms, used_size=14807040 bytes (36.1%)
(RDMA_READ_CONSUME_CHECK_CONSUMER) timestamp=5841 ms, used_size=14804992 bytes (36.1%)
(RDMA_READ_CONSUME_CHECK_CONSUMER) timestamp=5841 ms, used_size=14802944 bytes (36.1%)
(RDMA_READ_CONSUME_CHECK_CONSUMER) timestamp=5841 ms, used_size=14800896 bytes (36.1%)
(RDMA_READ_CONSUME_CHECK_CONSUMER) timestamp=5841 ms, used_size=14798848 bytes (36.1%)
(RDMA_READ_CONSUME_CHECK_CONSUMER) timestamp=5841 ms, used_size=14796800 bytes (36.1%)
(RDMA_READ_CONSUME_CHECK_CONSUMER) timestamp=5841 ms, used_size=14794752 bytes (36.1%)
(RDMA_READ_CONSUME_CHECK_CONSUMER) timestamp=5841 ms, used_size=14792704 bytes (36.1%)
(RDMA_READ_CONSUME_CHECK_CONSUMER) timestamp=5841 ms, used_size=14790656 bytes (36.1%)
(RDMA_READ_CONSUME_CHECK_CONSUMER) timestamp=5841 ms, used_size=14788608 bytes (36.1%)
(RDMA_READ_CONSUME_CHECK_CONSUMER) timestamp=5841 ms, used_size=14786560 bytes (36.1%)
(RDMA_READ_CONSUME_CHECK_CONSUMER) timestamp=5841 ms, used_size=14784512 bytes (36.1%)
(RDMA_READ_CONSUME_CHECK_CONSUMER) timestamp=5841 ms, used_size=14782464 bytes (36.1%)
(RDMA_READ_CONSUME_CHECK_CONSUMER) timestamp=5841 ms, used_size=14780416 bytes (36.1%)
(RDMA_READ_CONSUME_CHECK_CONSUMER) timestamp=5841 ms, used_size=14778368 bytes (36.1%)
(RDMA_READ_CONSUME_CHECK_CONSUMER) timestamp=5841 ms, used_size=14776320 bytes (36.1%)
(RDMA_READ_CONSUME_CHECK_CONSUMER) timestamp=5841 ms, used_size=14774272 bytes (36.1%)
(RDMA_READ_CONSUME_CHECK_CONSUMER) timestamp=5841 ms, used_size=14772224 bytes (36.1%)
(RDMA_READ_CONSUME_CHECK_CONSUMER) timestamp=5841 ms, used_size=14770176 bytes (36.1%)
(RDMA_READ_CONSUME_CHECK_CONSUMER) timestamp=5841 ms, used_size=14768128 bytes (36.1%)
(RDMA_READ_CONSUME_CHECK_CONSUMER) timestamp=5841 ms, used_size=14766080 bytes (36.0%)
(RDMA_READ_CONSUME_CHECK_CONSUMER) timestamp=5841 ms, used_size=14764032 bytes (36.0%)
(RDMA_READ_CONSUME_CHECK_CONSUMER) timestamp=5841 ms, used_size=14761984 bytes (36.0%)
(RDMA_READ_CONSUME_CHECK_CONSUMER) timestamp=5841 ms, used_size=14759936 bytes (36.0%)
(RDMA_READ_CONSUME_CHECK_CONSUMER) timestamp=5841 ms, used_size=14757888 bytes (36.0%)
(RDMA_READ_CONSUME_CHECK_CONSUMER) timestamp=5841 ms, used_size=14755840 bytes (36.0%)
(RDMA_READ_CONSUME_CHECK_CONSUMER) timestamp=5841 ms, used_size=14753792 bytes (36.0%)
(RDMA_READ_CONSUME_CHECK_CONSUMER) timestamp=5841 ms, used_size=14751744 bytes (36.0%)
(RDMA_READ_CONSUME_CHECK_CONSUMER) timestamp=5841 ms, used_size=14749696 bytes (36.0%)
(RDMA_READ_CONSUME_CHECK_CONSUMER) timestamp=5841 ms, used_size=14747648 bytes (36.0%)
(RDMA_READ_CONSUME_CHECK_CONSUMER) timestamp=5841 ms, used_size=14745600 bytes (36.0%)
(RDMA_READ_CONSUME_CHECK_CONSUMER) timestamp=5841 ms, used_size=14743552 bytes (36.0%)
(RDMA_READ_CONSUME_CHECK_CONSUMER) timestamp=5841 ms, used_size=14741504 bytes (36.0%)
(RDMA_READ_CONSUME_CHECK_CONSUMER) timestamp=5841 ms, used_size=14739456 bytes (36.0%)
(RDMA_READ_CONSUME_CHECK_CONSUMER) timestamp=5841 ms, used_size=14737408 bytes (36.0%)
(RDMA_READ_CONSUME_CHECK_CONSUMER) timestamp=5841 ms, used_size=14735360 bytes (36.0%)
(RDMA_READ_CONSUME_CHECK_CONSUMER) timestamp=5841 ms, used_size=14733312 bytes (36.0%)
(RDMA_READ_CONSUME_CHECK_CONSUMER) timestamp=5841 ms, used_size=14731264 bytes (36.0%)
(RDMA_READ_CONSUME_CHECK_CONSUMER) timestamp=5841 ms, used_size=14729216 bytes (36.0%)
(RDMA_READ_CONSUME_CHECK_CONSUMER) timestamp=5841 ms, used_size=14727168 bytes (36.0%)
(RDMA_READ_CONSUME_CHECK_CONSUMER) timestamp=5841 ms, used_size=14725120 bytes (36.0%)
(RDMA_READ_CONSUME_CHECK_CONSUMER) timestamp=5841 ms, used_size=14723072 bytes (35.9%)
(RDMA_READ_CONSUME_CHECK_CONSUMER) timestamp=5841 ms, used_size=14721024 bytes (35.9%)
(RDMA_READ_CONSUME_CHECK_CONSUMER) timestamp=5841 ms, used_size=14718976 bytes (35.9%)
(RDMA_READ_CONSUME_CHECK_CONSUMER) timestamp=5841 ms, used_size=14716928 bytes (35.9%)
(RDMA_READ_CONSUME_CHECK_CONSUMER) timestamp=5841 ms, used_size=14714880 bytes (35.9%)
(RDMA_READ_CONSUME_CHECK_CONSUMER) timestamp=5841 ms, used_size=14712832 bytes (35.9%)
(RDMA_READ_CONSUME_CHECK_CONSUMER) timestamp=5841 ms, used_size=14710784 bytes (35.9%)
(RDMA_READ_CONSUME_CHECK_CONSUMER) timestamp=5841 ms, used_size=14708736 bytes (35.9%)
(RDMA_READ_CONSUME_CHECK_CONSUMER) timestamp=5841 ms, used_size=14706688 bytes (35.9%)
(RDMA_READ_CONSUME_CHECK_CONSUMER) timestamp=5841 ms, used_size=14704640 bytes (35.9%)
(RDMA_READ_CONSUME_CHECK_CONSUMER) timestamp=5841 ms, used_size=14702592 bytes (35.9%)
(RDMA_READ_CONSUME_CHECK_CONSUMER) timestamp=5841 ms, used_size=14700544 bytes (35.9%)
(RDMA_READ_CONSUME_CHECK_CONSUMER) timestamp=5841 ms, used_size=14698496 bytes (35.9%)
(RDMA_READ_CONSUME_CHECK_CONSUMER) timestamp=5841 ms, used_size=14696448 bytes (35.9%)
(RDMA_READ_CONSUME_CHECK_CONSUMER) timestamp=5841 ms, used_size=14694400 bytes (35.9%)
(RDMA_READ_CONSUME_CHECK_CONSUMER) timestamp=5841 ms, used_size=14692352 bytes (35.9%)
(RDMA_READ_CONSUME_CHECK_CONSUMER) timestamp=5841 ms, used_size=14690304 bytes (35.9%)
(RDMA_READ_CONSUME_CHECK_CONSUMER) timestamp=5841 ms, used_size=14688256 bytes (35.9%)
(RDMA_READ_CONSUME_CHECK_CONSUMER) timestamp=5841 ms, used_size=14686208 bytes (35.9%)
(RDMA_READ_CONSUME_CHECK_CONSUMER) timestamp=5841 ms, used_size=14684160 bytes (35.9%)
(RDMA_READ_CONSUME_CHECK_CONSUMER) timestamp=5841 ms, used_size=14682112 bytes (35.8%)
(RDMA_READ_CONSUME_CHECK_CONSUMER) timestamp=5841 ms, used_size=14680064 bytes (35.8%)
(RDMA_READ_CONSUME_CHECK_CONSUMER) timestamp=5841 ms, used_size=14678016 bytes (35.8%)
(RDMA_READ_CONSUME_CHECK_CONSUMER) timestamp=5841 ms, used_size=14675968 bytes (35.8%)
(RDMA_READ_CONSUME_CHECK_CONSUMER) timestamp=5841 ms, used_size=14673920 bytes (35.8%)
(RDMA_READ_CONSUME_CHECK_CONSUMER) timestamp=5841 ms, used_size=14671872 bytes (35.8%)
(RDMA_READ_CONSUME_CHECK_CONSUMER) timestamp=5841 ms, used_size=14669824 bytes (35.8%)
(RDMA_READ_CONSUME_CHECK_CONSUMER) timestamp=5841 ms, used_size=14667776 bytes (35.8%)
(RDMA_READ_CONSUME_CHECK_CONSUMER) timestamp=5841 ms, used_size=14665728 bytes (35.8%)
(RDMA_READ_CONSUME_CHECK_CONSUMER) timestamp=5841 ms, used_size=14663680 bytes (35.8%)
(RDMA_READ_CONSUME_CHECK_CONSUMER) timestamp=5841 ms, used_size=14661632 bytes (35.8%)
(RDMA_READ_CONSUME_CHECK_CONSUMER) timestamp=5841 ms, used_size=14659584 bytes (35.8%)
(RDMA_READ_CONSUME_CHECK_CONSUMER) timestamp=5841 ms, used_size=14657536 bytes (35.8%)
(RDMA_READ_CONSUME_CHECK_CONSUMER) timestamp=5841 ms, used_size=14655488 bytes (35.8%)
(RDMA_READ_CONSUME_CHECK_CONSUMER) timestamp=5841 ms, used_size=14653440 bytes (35.8%)
(RDMA_READ_CONSUME_CHECK_CONSUMER) timestamp=5841 ms, used_size=14651392 bytes (35.8%)
(RDMA_READ_CONSUME_CHECK_CONSUMER) timestamp=5841 ms, used_size=14649344 bytes (35.8%)
(RDMA_READ_CONSUME_CHECK_CONSUMER) timestamp=5841 ms, used_size=14647296 bytes (35.8%)
(RDMA_READ_CONSUME_CHECK_CONSUMER) timestamp=5841 ms, used_size=14645248 bytes (35.8%)
(RDMA_READ_CONSUME_CHECK_CONSUMER) timestamp=5841 ms, used_size=14643200 bytes (35.8%)
(RDMA_READ_CONSUME_CHECK_CONSUMER) timestamp=5841 ms, used_size=14641152 bytes (35.7%)
(RDMA_READ_CONSUME_CHECK_CONSUMER) timestamp=5841 ms, used_size=14639104 bytes (35.7%)
(RDMA_READ_CONSUME_CHECK_CONSUMER) timestamp=5841 ms, used_size=14637056 bytes (35.7%)
(RDMA_READ_CONSUME_CHECK_CONSUMER) timestamp=5841 ms, used_size=14635008 bytes (35.7%)
(RDMA_READ_CONSUME_CHECK_CONSUMER) timestamp=5841 ms, used_size=14632960 bytes (35.7%)
(RDMA_READ_CONSUME_CHECK_CONSUMER) timestamp=5841 ms, used_size=14630912 bytes (35.7%)
(RDMA_READ_CONSUME_CHECK_CONSUMER) timestamp=5841 ms, used_size=14628864 bytes (35.7%)
(RDMA_READ_CONSUME_CHECK_CONSUMER) timestamp=5841 ms, used_size=14626816 bytes (35.7%)
(RDMA_READ_CONSUME_CHECK_CONSUMER) timestamp=5841 ms, used_size=14624768 bytes (35.7%)
(RDMA_READ_CONSUME_CHECK_CONSUMER) timestamp=5841 ms, used_size=14622720 bytes (35.7%)
(RDMA_READ_CONSUME_CHECK_CONSUMER) timestamp=5841 ms, used_size=14620672 bytes (35.7%)
(RDMA_READ_CONSUME_CHECK_CONSUMER) timestamp=5841 ms, used_size=14618624 bytes (35.7%)
(RDMA_READ_CONSUME_CHECK_CONSUMER) timestamp=5841 ms, used_size=14616576 bytes (35.7%)
(RDMA_READ_CONSUME_CHECK_CONSUMER) timestamp=5841 ms, used_size=14614528 bytes (35.7%)
(RDMA_READ_CONSUME_CHECK_CONSUMER) timestamp=5841 ms, used_size=14612480 bytes (35.7%)
(RDMA_READ_CONSUME_CHECK_CONSUMER) timestamp=5841 ms, used_size=14610432 bytes (35.7%)
(RDMA_READ_CONSUME_CHECK_CONSUMER) timestamp=5841 ms, used_size=14608384 bytes (35.7%)
(RDMA_READ_CONSUME_CHECK_CONSUMER) timestamp=5841 ms, used_size=14606336 bytes (35.7%)
(RDMA_READ_CONSUME_CHECK_CONSUMER) timestamp=5841 ms, used_size=14604288 bytes (35.7%)
(RDMA_READ_CONSUME_CHECK_CONSUMER) timestamp=5841 ms, used_size=14602240 bytes (35.6%)
(RDMA_READ_CONSUME_CHECK_CONSUMER) timestamp=5841 ms, used_size=14600192 bytes (35.6%)
(RDMA_READ_CONSUME_CHECK_CONSUMER) timestamp=5841 ms, used_size=14598144 bytes (35.6%)
(RDMA_READ_CONSUME_CHECK_CONSUMER) timestamp=5841 ms, used_size=14596096 bytes (35.6%)
(RDMA_READ_CONSUME_CHECK_CONSUMER) timestamp=5841 ms, used_size=14594048 bytes (35.6%)
(RDMA_READ_CONSUME_CHECK_CONSUMER) timestamp=5841 ms, used_size=14592000 bytes (35.6%)
(RDMA_READ_CONSUME_CHECK_CONSUMER) timestamp=5841 ms, used_size=14589952 bytes (35.6%)
(RDMA_READ_CONSUME_CHECK_CONSUMER) timestamp=5841 ms, used_size=14587904 bytes (35.6%)
(RDMA_READ_CONSUME_CHECK_CONSUMER) timestamp=5841 ms, used_size=14585856 bytes (35.6%)
(RDMA_READ_CONSUME_CHECK_CONSUMER) timestamp=5841 ms, used_size=14583808 bytes (35.6%)
(RDMA_READ_CONSUME_CHECK_CONSUMER) timestamp=5841 ms, used_size=14581760 bytes (35.6%)
(RDMA_READ_CONSUME_CHECK_CONSUMER) timestamp=5841 ms, used_size=14579712 bytes (35.6%)
(RDMA_READ_CONSUME_CHECK_CONSUMER) timestamp=5841 ms, used_size=14577664 bytes (35.6%)
(RDMA_READ_CONSUME_CHECK_CONSUMER) timestamp=5841 ms, used_size=14575616 bytes (35.6%)
(RDMA_READ_CONSUME_CHECK_CONSUMER) timestamp=5841 ms, used_size=14573568 bytes (35.6%)
(RDMA_READ_CONSUME_CHECK_CONSUMER) timestamp=5841 ms, used_size=14571520 bytes (35.6%)
(RDMA_READ_CONSUME_CHECK_CONSUMER) timestamp=5841 ms, used_size=14569472 bytes (35.6%)
(RDMA_READ_CONSUME_CHECK_CONSUMER) timestamp=5841 ms, used_size=14567424 bytes (35.6%)
(RDMA_READ_CONSUME_CHECK_CONSUMER) timestamp=5841 ms, used_size=14565376 bytes (35.6%)
(RDMA_READ_CONSUME_CHECK_CONSUMER) timestamp=5841 ms, used_size=14563328 bytes (35.6%)
(RDMA_READ_CONSUME_CHECK_CONSUMER) timestamp=5841 ms, used_size=14561280 bytes (35.5%)
(RDMA_READ_CONSUME_CHECK_CONSUMER) timestamp=5841 ms, used_size=14559232 bytes (35.5%)
(RDMA_READ_CONSUME_CHECK_CONSUMER) timestamp=5841 ms, used_size=14557184 bytes (35.5%)
(RDMA_READ_CONSUME_CHECK_CONSUMER) timestamp=5841 ms, used_size=14555136 bytes (35.5%)
(RDMA_READ_CONSUME_CHECK_CONSUMER) timestamp=5841 ms, used_size=14553088 bytes (35.5%)
(RDMA_READ_CONSUME_CHECK_CONSUMER) timestamp=5841 ms, used_size=14551040 bytes (35.5%)
(RDMA_READ_CONSUME_CHECK_CONSUMER) timestamp=5841 ms, used_size=14548992 bytes (35.5%)
(RDMA_READ_CONSUME_CHECK_CONSUMER) timestamp=5841 ms, used_size=14546944 bytes (35.5%)
(RDMA_READ_CONSUME_CHECK_CONSUMER) timestamp=5841 ms, used_size=14544896 bytes (35.5%)
(RDMA_READ_CONSUME_CHECK_CONSUMER) timestamp=5841 ms, used_size=14542848 bytes (35.5%)
(RDMA_READ_CONSUME_CHECK_CONSUMER) timestamp=5841 ms, used_size=14540800 bytes (35.5%)
(RDMA_READ_CONSUME_CHECK_CONSUMER) timestamp=5841 ms, used_size=14538752 bytes (35.5%)
(RDMA_READ_CONSUME_CHECK_CONSUMER) timestamp=5841 ms, used_size=14536704 bytes (35.5%)
(RDMA_READ_CONSUME_CHECK_CONSUMER) timestamp=5841 ms, used_size=14534656 bytes (35.5%)
(RDMA_READ_CONSUME_CHECK_CONSUMER) timestamp=5841 ms, used_size=14532608 bytes (35.5%)
(RDMA_READ_CONSUME_CHECK_CONSUMER) timestamp=5841 ms, used_size=14530560 bytes (35.5%)
(RDMA_READ_CONSUME_CHECK_CONSUMER) timestamp=5841 ms, used_size=14528512 bytes (35.5%)
(RDMA_READ_CONSUME_CHECK_CONSUMER) timestamp=5841 ms, used_size=14526464 bytes (35.5%)
(RDMA_READ_CONSUME_CHECK_CONSUMER) timestamp=5841 ms, used_size=14524416 bytes (35.5%)
(RDMA_READ_CONSUME_CHECK_CONSUMER) timestamp=5841 ms, used_size=14522368 bytes (35.5%)
(RDMA_READ_CONSUME_CHECK_CONSUMER) timestamp=5841 ms, used_size=14520320 bytes (35.5%)
(RDMA_READ_CONSUME_CHECK_CONSUMER) timestamp=5841 ms, used_size=14518272 bytes (35.4%)
(RDMA_READ_CONSUME_CHECK_CONSUMER) timestamp=5841 ms, used_size=14516224 bytes (35.4%)
(RDMA_READ_CONSUME_CHECK_CONSUMER) timestamp=5841 ms, used_size=14514176 bytes (35.4%)
(RDMA_READ_CONSUME_CHECK_CONSUMER) timestamp=5841 ms, used_size=14512128 bytes (35.4%)
(RDMA_READ_CONSUME_CHECK_CONSUMER) timestamp=5841 ms, used_size=14510080 bytes (35.4%)
(RDMA_READ_CONSUME_CHECK_CONSUMER) timestamp=5841 ms, used_size=14508032 bytes (35.4%)
(RDMA_READ_CONSUME_CHECK_CONSUMER) timestamp=5841 ms, used_size=14505984 bytes (35.4%)
(RDMA_READ_CONSUME_CHECK_CONSUMER) timestamp=5841 ms, used_size=14503936 bytes (35.4%)
(RDMA_READ_CONSUME_CHECK_CONSUMER) timestamp=5841 ms, used_size=14501888 bytes (35.4%)
(RDMA_READ_CONSUME_CHECK_CONSUMER) timestamp=5841 ms, used_size=14499840 bytes (35.4%)
(RDMA_READ_CONSUME_CHECK_CONSUMER) timestamp=5841 ms, used_size=14497792 bytes (35.4%)
(RDMA_READ_CONSUME_CHECK_CONSUMER) timestamp=5841 ms, used_size=14495744 bytes (35.4%)
(RDMA_READ_CONSUME_CHECK_CONSUMER) timestamp=5841 ms, used_size=14493696 bytes (35.4%)
(RDMA_READ_CONSUME_CHECK_CONSUMER) timestamp=5841 ms, used_size=14491648 bytes (35.4%)
(RDMA_READ_CONSUME_CHECK_CONSUMER) timestamp=5842 ms, used_size=14489600 bytes (35.4%)
(RDMA_READ_CONSUME_CHECK_CONSUMER) timestamp=5842 ms, used_size=14487552 bytes (35.4%)
(RDMA_READ_CONSUME_CHECK_CONSUMER) timestamp=5842 ms, used_size=14485504 bytes (35.4%)
(RDMA_READ_CONSUME_CHECK_CONSUMER) timestamp=5842 ms, used_size=14483456 bytes (35.4%)
(RDMA_READ_CONSUME_CHECK_CONSUMER) timestamp=5842 ms, used_size=14481408 bytes (35.4%)
(RDMA_READ_CONSUME_CHECK_CONSUMER) timestamp=5842 ms, used_size=14479360 bytes (35.4%)
(RDMA_READ_CONSUME_CHECK_CONSUMER) timestamp=5842 ms, used_size=14477312 bytes (35.3%)
(RDMA_READ_CONSUME_CHECK_CONSUMER) timestamp=5842 ms, used_size=14475264 bytes (35.3%)
(RDMA_READ_CONSUME_CHECK_CONSUMER) timestamp=5842 ms, used_size=14473216 bytes (35.3%)
(RDMA_READ_CONSUME_CHECK_CONSUMER) timestamp=5842 ms, used_size=14471168 bytes (35.3%)
(RDMA_READ_CONSUME_CHECK_CONSUMER) timestamp=5842 ms, used_size=14469120 bytes (35.3%)
(RDMA_READ_CONSUME_CHECK_CONSUMER) timestamp=5842 ms, used_size=14467072 bytes (35.3%)
(RDMA_READ_CONSUME_CHECK_CONSUMER) timestamp=5842 ms, used_size=14465024 bytes (35.3%)
(RDMA_READ_CONSUME_CHECK_CONSUMER) timestamp=5842 ms, used_size=14462976 bytes (35.3%)
(RDMA_READ_CONSUME_CHECK_CONSUMER) timestamp=5842 ms, used_size=14460928 bytes (35.3%)
(RDMA_READ_CONSUME_CHECK_CONSUMER) timestamp=5842 ms, used_size=14458880 bytes (35.3%)
(RDMA_READ_CONSUME_CHECK_CONSUMER) timestamp=5842 ms, used_size=14456832 bytes (35.3%)
(RDMA_READ_CONSUME_CHECK_CONSUMER) timestamp=5842 ms, used_size=14454784 bytes (35.3%)
(RDMA_READ_CONSUME_CHECK_CONSUMER) timestamp=5842 ms, used_size=14452736 bytes (35.3%)
(RDMA_READ_CONSUME_CHECK_CONSUMER) timestamp=5842 ms, used_size=14450688 bytes (35.3%)
(RDMA_READ_CONSUME_CHECK_CONSUMER) timestamp=5842 ms, used_size=14448640 bytes (35.3%)
(RDMA_READ_CONSUME_CHECK_CONSUMER) timestamp=5842 ms, used_size=14446592 bytes (35.3%)
(RDMA_READ_CONSUME_CHECK_CONSUMER) timestamp=5842 ms, used_size=14444544 bytes (35.3%)
(RDMA_READ_CONSUME_CHECK_CONSUMER) timestamp=5842 ms, used_size=14442496 bytes (35.3%)
(RDMA_READ_CONSUME_CHECK_CONSUMER) timestamp=5842 ms, used_size=14440448 bytes (35.3%)
(RDMA_READ_CONSUME_CHECK_CONSUMER) timestamp=5842 ms, used_size=14438400 bytes (35.2%)
(RDMA_READ_CONSUME_CHECK_CONSUMER) timestamp=5842 ms, used_size=14436352 bytes (35.2%)
(RDMA_READ_CONSUME_CHECK_CONSUMER) timestamp=5842 ms, used_size=14434304 bytes (35.2%)
(RDMA_READ_CONSUME_CHECK_CONSUMER) timestamp=5842 ms, used_size=14432256 bytes (35.2%)
(RDMA_READ_CONSUME_CHECK_CONSUMER) timestamp=5842 ms, used_size=14430208 bytes (35.2%)
(RDMA_READ_CONSUME_CHECK_CONSUMER) timestamp=5842 ms, used_size=14428160 bytes (35.2%)
(RDMA_READ_CONSUME_CHECK_CONSUMER) timestamp=5842 ms, used_size=14426112 bytes (35.2%)
(RDMA_READ_CONSUME_CHECK_CONSUMER) timestamp=5842 ms, used_size=14424064 bytes (35.2%)
(RDMA_READ_CONSUME_CHECK_CONSUMER) timestamp=5842 ms, used_size=14422016 bytes (35.2%)
(RDMA_READ_CONSUME_CHECK_CONSUMER) timestamp=5842 ms, used_size=14419968 bytes (35.2%)
(RDMA_READ_CONSUME_CHECK_CONSUMER) timestamp=5842 ms, used_size=14417920 bytes (35.2%)
(RDMA_READ_CONSUME_CHECK_CONSUMER) timestamp=5842 ms, used_size=14415872 bytes (35.2%)
(RDMA_READ_CONSUME_CHECK_CONSUMER) timestamp=5842 ms, used_size=14413824 bytes (35.2%)
(RDMA_READ_CONSUME_CHECK_CONSUMER) timestamp=5842 ms, used_size=14411776 bytes (35.2%)
(RDMA_READ_CONSUME_CHECK_CONSUMER) timestamp=5842 ms, used_size=14409728 bytes (35.2%)
(RDMA_READ_CONSUME_CHECK_CONSUMER) timestamp=5842 ms, used_size=14407680 bytes (35.2%)
(RDMA_READ_CONSUME_CHECK_CONSUMER) timestamp=5842 ms, used_size=14405632 bytes (35.2%)
(RDMA_READ_CONSUME_CHECK_CONSUMER) timestamp=5842 ms, used_size=14403584 bytes (35.2%)
(RDMA_READ_CONSUME_CHECK_CONSUMER) timestamp=5842 ms, used_size=14401536 bytes (35.2%)
(RDMA_READ_CONSUME_CHECK_CONSUMER) timestamp=5842 ms, used_size=14399488 bytes (35.2%)
(RDMA_READ_CONSUME_CHECK_CONSUMER) timestamp=5842 ms, used_size=14397440 bytes (35.1%)
(RDMA_READ_CONSUME_CHECK_CONSUMER) timestamp=5842 ms, used_size=14395392 bytes (35.1%)
(RDMA_READ_CONSUME_CHECK_CONSUMER) timestamp=5842 ms, used_size=14393344 bytes (35.1%)
(RDMA_READ_CONSUME_CHECK_CONSUMER) timestamp=5842 ms, used_size=14391296 bytes (35.1%)
(RDMA_READ_CONSUME_CHECK_CONSUMER) timestamp=5842 ms, used_size=14389248 bytes (35.1%)
(RDMA_READ_CONSUME_CHECK_CONSUMER) timestamp=5842 ms, used_size=14387200 bytes (35.1%)
(RDMA_READ_CONSUME_CHECK_CONSUMER) timestamp=5842 ms, used_size=14385152 bytes (35.1%)
(RDMA_READ_CONSUME_CHECK_CONSUMER) timestamp=5842 ms, used_size=14383104 bytes (35.1%)
(RDMA_READ_CONSUME_CHECK_CONSUMER) timestamp=5842 ms, used_size=14381056 bytes (35.1%)
(RDMA_READ_CONSUME_CHECK_CONSUMER) timestamp=5842 ms, used_size=14379008 bytes (35.1%)
(RDMA_READ_CONSUME_CHECK_CONSUMER) timestamp=5842 ms, used_size=14376960 bytes (35.1%)
(RDMA_READ_CONSUME_CHECK_CONSUMER) timestamp=5842 ms, used_size=14374912 bytes (35.1%)
(RDMA_READ_CONSUME_CHECK_CONSUMER) timestamp=5842 ms, used_size=14372864 bytes (35.1%)
(RDMA_READ_CONSUME_CHECK_CONSUMER) timestamp=5842 ms, used_size=14370816 bytes (35.1%)
(RDMA_READ_CONSUME_CHECK_CONSUMER) timestamp=5842 ms, used_size=14368768 bytes (35.1%)
(RDMA_READ_CONSUME_CHECK_CONSUMER) timestamp=5842 ms, used_size=14366720 bytes (35.1%)
(RDMA_READ_CONSUME_CHECK_CONSUMER) timestamp=5842 ms, used_size=14364672 bytes (35.1%)
(RDMA_READ_CONSUME_CHECK_CONSUMER) timestamp=5842 ms, used_size=14362624 bytes (35.1%)
(RDMA_READ_CONSUME_CHECK_CONSUMER) timestamp=5842 ms, used_size=14360576 bytes (35.1%)
(RDMA_READ_CONSUME_CHECK_CONSUMER) timestamp=5842 ms, used_size=14358528 bytes (35.1%)
(RDMA_READ_CONSUME_CHECK_CONSUMER) timestamp=5842 ms, used_size=14356480 bytes (35.0%)
(RDMA_READ_CONSUME_CHECK_CONSUMER) timestamp=5842 ms, used_size=14354432 bytes (35.0%)
(RDMA_READ_CONSUME_CHECK_CONSUMER) timestamp=5842 ms, used_size=14352384 bytes (35.0%)
(RDMA_READ_CONSUME_CHECK_CONSUMER) timestamp=5842 ms, used_size=14350336 bytes (35.0%)
(RDMA_READ_CONSUME_CHECK_CONSUMER) timestamp=5842 ms, used_size=14348288 bytes (35.0%)
(RDMA_READ_CONSUME_CHECK_CONSUMER) timestamp=5842 ms, used_size=14346240 bytes (35.0%)
(RDMA_READ_CONSUME_CHECK_CONSUMER) timestamp=5842 ms, used_size=14344192 bytes (35.0%)
(RDMA_READ_CONSUME_CHECK_CONSUMER) timestamp=5842 ms, used_size=14342144 bytes (35.0%)
(RDMA_READ_CONSUME_CHECK_CONSUMER) timestamp=5842 ms, used_size=14340096 bytes (35.0%)
(RDMA_READ_CONSUME_CHECK_CONSUMER) timestamp=5842 ms, used_size=14338048 bytes (35.0%)
(RDMA_READ_CONSUME_CHECK_CONSUMER) timestamp=5842 ms, used_size=14336000 bytes (35.0%)
(RDMA_READ_CONSUME_CHECK_CONSUMER) timestamp=5842 ms, used_size=14333952 bytes (35.0%)
(RDMA_READ_CONSUME_CHECK_CONSUMER) timestamp=5842 ms, used_size=14331904 bytes (35.0%)
(RDMA_READ_CONSUME_CHECK_CONSUMER) timestamp=5842 ms, used_size=14329856 bytes (35.0%)
(RDMA_READ_CONSUME_CHECK_CONSUMER) timestamp=5842 ms, used_size=14327808 bytes (35.0%)
(RDMA_READ_CONSUME_CHECK_CONSUMER) timestamp=5842 ms, used_size=14325760 bytes (35.0%)
(RDMA_READ_CONSUME_CHECK_CONSUMER) timestamp=5842 ms, used_size=14323712 bytes (35.0%)
(RDMA_READ_CONSUME_CHECK_CONSUMER) timestamp=5842 ms, used_size=14321664 bytes (35.0%)
(RDMA_READ_CONSUME_CHECK_CONSUMER) timestamp=5842 ms, used_size=14319616 bytes (35.0%)
(RDMA_READ_CONSUME_CHECK_CONSUMER) timestamp=5842 ms, used_size=14317568 bytes (35.0%)
(RDMA_READ_CONSUME_CHECK_CONSUMER) timestamp=5842 ms, used_size=14315520 bytes (35.0%)
(RDMA_READ_CONSUME_CHECK_CONSUMER) timestamp=5842 ms, used_size=14313472 bytes (34.9%)
(RDMA_READ_CONSUME_CHECK_CONSUMER) timestamp=5842 ms, used_size=14311424 bytes (34.9%)
(RDMA_READ_CONSUME_CHECK_CONSUMER) timestamp=5842 ms, used_size=14309376 bytes (34.9%)
(RDMA_READ_CONSUME_CHECK_CONSUMER) timestamp=5842 ms, used_size=14307328 bytes (34.9%)
(RDMA_READ_CONSUME_CHECK_CONSUMER) timestamp=5842 ms, used_size=14305280 bytes (34.9%)
(RDMA_READ_CONSUME_CHECK_CONSUMER) timestamp=5842 ms, used_size=14303232 bytes (34.9%)
(RDMA_READ_CONSUME_CHECK_CONSUMER) timestamp=5842 ms, used_size=14301184 bytes (34.9%)
(RDMA_READ_CONSUME_CHECK_CONSUMER) timestamp=5842 ms, used_size=14299136 bytes (34.9%)
(RDMA_READ_CONSUME_CHECK_CONSUMER) timestamp=5842 ms, used_size=14297088 bytes (34.9%)
(RDMA_READ_CONSUME_CHECK_CONSUMER) timestamp=5842 ms, used_size=14295040 bytes (34.9%)
(RDMA_READ_CONSUME_CHECK_CONSUMER) timestamp=5842 ms, used_size=14292992 bytes (34.9%)
(RDMA_READ_CONSUME_CHECK_CONSUMER) timestamp=5842 ms, used_size=14290944 bytes (34.9%)
(RDMA_READ_CONSUME_CHECK_CONSUMER) timestamp=5842 ms, used_size=14288896 bytes (34.9%)
(RDMA_READ_CONSUME_CHECK_CONSUMER) timestamp=5842 ms, used_size=14286848 bytes (34.9%)
(RDMA_READ_CONSUME_CHECK_CONSUMER) timestamp=5842 ms, used_size=14284800 bytes (34.9%)
(RDMA_READ_CONSUME_CHECK_CONSUMER) timestamp=5842 ms, used_size=14282752 bytes (34.9%)
(RDMA_READ_CONSUME_CHECK_CONSUMER) timestamp=5842 ms, used_size=14280704 bytes (34.9%)
(RDMA_READ_CONSUME_CHECK_CONSUMER) timestamp=5842 ms, used_size=14278656 bytes (34.9%)
(RDMA_READ_CONSUME_CHECK_CONSUMER) timestamp=5842 ms, used_size=14276608 bytes (34.9%)
(RDMA_READ_CONSUME_CHECK_CONSUMER) timestamp=5842 ms, used_size=14274560 bytes (34.9%)
(RDMA_READ_CONSUME_CHECK_CONSUMER) timestamp=5842 ms, used_size=14272512 bytes (34.8%)
(RDMA_READ_CONSUME_CHECK_CONSUMER) timestamp=5842 ms, used_size=14270464 bytes (34.8%)
(RDMA_READ_CONSUME_CHECK_CONSUMER) timestamp=5842 ms, used_size=14268416 bytes (34.8%)
(RDMA_READ_CONSUME_CHECK_CONSUMER) timestamp=5842 ms, used_size=14266368 bytes (34.8%)
(RDMA_READ_CONSUME_CHECK_CONSUMER) timestamp=5842 ms, used_size=14264320 bytes (34.8%)
(RDMA_READ_CONSUME_CHECK_CONSUMER) timestamp=5842 ms, used_size=14262272 bytes (34.8%)
(RDMA_READ_CONSUME_CHECK_CONSUMER) timestamp=5842 ms, used_size=14260224 bytes (34.8%)
(RDMA_READ_CONSUME_CHECK_CONSUMER) timestamp=5842 ms, used_size=14258176 bytes (34.8%)
(RDMA_READ_CONSUME_CHECK_CONSUMER) timestamp=5842 ms, used_size=14256128 bytes (34.8%)
(RDMA_READ_CONSUME_CHECK_CONSUMER) timestamp=5842 ms, used_size=14254080 bytes (34.8%)
(RDMA_READ_CONSUME_CHECK_CONSUMER) timestamp=5842 ms, used_size=14252032 bytes (34.8%)
(RDMA_READ_CONSUME_CHECK_CONSUMER) timestamp=5842 ms, used_size=14249984 bytes (34.8%)
(RDMA_READ_CONSUME_CHECK_CONSUMER) timestamp=5842 ms, used_size=14247936 bytes (34.8%)
(RDMA_READ_CONSUME_CHECK_CONSUMER) timestamp=5842 ms, used_size=14245888 bytes (34.8%)
(RDMA_READ_CONSUME_CHECK_CONSUMER) timestamp=5842 ms, used_size=14243840 bytes (34.8%)
(RDMA_READ_CONSUME_CHECK_CONSUMER) timestamp=5842 ms, used_size=14241792 bytes (34.8%)
(RDMA_READ_CONSUME_CHECK_CONSUMER) timestamp=5842 ms, used_size=14239744 bytes (34.8%)
(RDMA_READ_CONSUME_CHECK_CONSUMER) timestamp=5842 ms, used_size=14237696 bytes (34.8%)
(RDMA_READ_CONSUME_CHECK_CONSUMER) timestamp=5842 ms, used_size=14235648 bytes (34.8%)
(RDMA_READ_CONSUME_CHECK_CONSUMER) timestamp=5842 ms, used_size=14233600 bytes (34.8%)
(RDMA_READ_CONSUME_CHECK_CONSUMER) timestamp=5842 ms, used_size=14231552 bytes (34.7%)
(RDMA_READ_CONSUME_CHECK_CONSUMER) timestamp=5842 ms, used_size=14229504 bytes (34.7%)
(RDMA_READ_CONSUME_CHECK_CONSUMER) timestamp=5842 ms, used_size=14227456 bytes (34.7%)
(RDMA_READ_CONSUME_CHECK_CONSUMER) timestamp=5842 ms, used_size=14225408 bytes (34.7%)
(RDMA_READ_CONSUME_CHECK_CONSUMER) timestamp=5842 ms, used_size=14223360 bytes (34.7%)
(RDMA_READ_CONSUME_CHECK_CONSUMER) timestamp=5842 ms, used_size=14221312 bytes (34.7%)
(RDMA_READ_CONSUME_CHECK_CONSUMER) timestamp=5842 ms, used_size=14219264 bytes (34.7%)
(RDMA_READ_CONSUME_CHECK_CONSUMER) timestamp=5842 ms, used_size=14217216 bytes (34.7%)
(RDMA_READ_CONSUME_CHECK_CONSUMER) timestamp=5842 ms, used_size=14215168 bytes (34.7%)
(RDMA_READ_CONSUME_CHECK_CONSUMER) timestamp=5842 ms, used_size=14213120 bytes (34.7%)
(RDMA_READ_CONSUME_CHECK_CONSUMER) timestamp=5842 ms, used_size=14211072 bytes (34.7%)
(RDMA_READ_CONSUME_CHECK_CONSUMER) timestamp=5842 ms, used_size=14209024 bytes (34.7%)
(RDMA_READ_CONSUME_CHECK_CONSUMER) timestamp=5842 ms, used_size=14206976 bytes (34.7%)
(RDMA_READ_CONSUME_CHECK_CONSUMER) timestamp=5842 ms, used_size=14204928 bytes (34.7%)
(RDMA_READ_CONSUME_CHECK_CONSUMER) timestamp=5842 ms, used_size=14202880 bytes (34.7%)
(RDMA_READ_CONSUME_CHECK_CONSUMER) timestamp=5842 ms, used_size=14200832 bytes (34.7%)
(RDMA_READ_CONSUME_CHECK_CONSUMER) timestamp=5842 ms, used_size=14198784 bytes (34.7%)
(RDMA_READ_CONSUME_CHECK_CONSUMER) timestamp=5842 ms, used_size=14196736 bytes (34.7%)
(RDMA_READ_CONSUME_CHECK_CONSUMER) timestamp=5842 ms, used_size=14194688 bytes (34.7%)
(RDMA_READ_CONSUME_CHECK_CONSUMER) timestamp=5842 ms, used_size=14192640 bytes (34.6%)
(RDMA_READ_CONSUME_CHECK_CONSUMER) timestamp=5842 ms, used_size=14190592 bytes (34.6%)
(RDMA_READ_CONSUME_CHECK_CONSUMER) timestamp=5842 ms, used_size=14188544 bytes (34.6%)
(RDMA_READ_CONSUME_CHECK_CONSUMER) timestamp=5842 ms, used_size=14186496 bytes (34.6%)
(RDMA_READ_CONSUME_CHECK_CONSUMER) timestamp=5842 ms, used_size=14184448 bytes (34.6%)
(RDMA_READ_CONSUME_CHECK_CONSUMER) timestamp=5842 ms, used_size=14182400 bytes (34.6%)
(RDMA_READ_CONSUME_CHECK_CONSUMER) timestamp=5842 ms, used_size=14180352 bytes (34.6%)
(RDMA_READ_CONSUME_CHECK_CONSUMER) timestamp=5842 ms, used_size=14178304 bytes (34.6%)
(RDMA_READ_CONSUME_CHECK_CONSUMER) timestamp=5842 ms, used_size=14176256 bytes (34.6%)
(RDMA_READ_CONSUME_CHECK_CONSUMER) timestamp=5842 ms, used_size=14174208 bytes (34.6%)
(RDMA_READ_CONSUME_CHECK_CONSUMER) timestamp=5842 ms, used_size=14172160 bytes (34.6%)
(RDMA_READ_CONSUME_CHECK_CONSUMER) timestamp=5842 ms, used_size=14170112 bytes (34.6%)
(RDMA_READ_CONSUME_CHECK_CONSUMER) timestamp=5842 ms, used_size=14168064 bytes (34.6%)
(RDMA_READ_CONSUME_CHECK_CONSUMER) timestamp=5842 ms, used_size=14166016 bytes (34.6%)
(RDMA_READ_CONSUME_CHECK_CONSUMER) timestamp=5842 ms, used_size=14163968 bytes (34.6%)
(RDMA_READ_CONSUME_CHECK_CONSUMER) timestamp=5842 ms, used_size=14161920 bytes (34.6%)
(RDMA_READ_CONSUME_CHECK_CONSUMER) timestamp=5842 ms, used_size=14159872 bytes (34.6%)
(RDMA_READ_CONSUME_CHECK_CONSUMER) timestamp=5842 ms, used_size=14157824 bytes (34.6%)
(RDMA_READ_CONSUME_CHECK_CONSUMER) timestamp=5842 ms, used_size=14155776 bytes (34.6%)
(RDMA_READ_CONSUME_CHECK_CONSUMER) timestamp=5842 ms, used_size=14153728 bytes (34.6%)
(RDMA_READ_CONSUME_CHECK_CONSUMER) timestamp=5842 ms, used_size=14151680 bytes (34.5%)
(RDMA_READ_CONSUME_CHECK_CONSUMER) timestamp=5842 ms, used_size=14149632 bytes (34.5%)
(RDMA_READ_CONSUME_CHECK_CONSUMER) timestamp=5842 ms, used_size=14147584 bytes (34.5%)
(RDMA_READ_CONSUME_CHECK_CONSUMER) timestamp=5842 ms, used_size=14145536 bytes (34.5%)
(RDMA_READ_CONSUME_CHECK_CONSUMER) timestamp=5842 ms, used_size=14143488 bytes (34.5%)
(RDMA_READ_CONSUME_CHECK_CONSUMER) timestamp=5842 ms, used_size=14141440 bytes (34.5%)
(RDMA_READ_CONSUME_CHECK_CONSUMER) timestamp=5842 ms, used_size=14139392 bytes (34.5%)
(RDMA_READ_CONSUME_CHECK_CONSUMER) timestamp=5842 ms, used_size=14137344 bytes (34.5%)
(RDMA_READ_CONSUME_CHECK_CONSUMER) timestamp=5842 ms, used_size=14135296 bytes (34.5%)
(RDMA_READ_CONSUME_CHECK_CONSUMER) timestamp=5842 ms, used_size=14133248 bytes (34.5%)
(RDMA_READ_CONSUME_CHECK_CONSUMER) timestamp=5842 ms, used_size=14131200 bytes (34.5%)
(RDMA_READ_CONSUME_CHECK_CONSUMER) timestamp=5842 ms, used_size=14129152 bytes (34.5%)
(RDMA_READ_CONSUME_CHECK_CONSUMER) timestamp=5842 ms, used_size=14127104 bytes (34.5%)
(RDMA_READ_CONSUME_CHECK_CONSUMER) timestamp=5842 ms, used_size=14125056 bytes (34.5%)
(RDMA_READ_CONSUME_CHECK_CONSUMER) timestamp=5842 ms, used_size=14123008 bytes (34.5%)
(RDMA_READ_CONSUME_CHECK_CONSUMER) timestamp=5843 ms, used_size=14120960 bytes (34.5%)
(RDMA_READ_CONSUME_CHECK_CONSUMER) timestamp=5843 ms, used_size=14118912 bytes (34.5%)
(RDMA_READ_CONSUME_CHECK_CONSUMER) timestamp=5843 ms, used_size=14116864 bytes (34.5%)
(RDMA_READ_CONSUME_CHECK_CONSUMER) timestamp=5843 ms, used_size=14114816 bytes (34.5%)
(RDMA_READ_CONSUME_CHECK_CONSUMER) timestamp=5843 ms, used_size=14112768 bytes (34.5%)
(RDMA_READ_CONSUME_CHECK_CONSUMER) timestamp=5843 ms, used_size=14110720 bytes (34.5%)
(RDMA_READ_CONSUME_CHECK_CONSUMER) timestamp=5843 ms, used_size=14108672 bytes (34.4%)
(RDMA_READ_CONSUME_CHECK_CONSUMER) timestamp=5843 ms, used_size=14106624 bytes (34.4%)
(RDMA_READ_CONSUME_CHECK_CONSUMER) timestamp=5843 ms, used_size=14104576 bytes (34.4%)
(RDMA_READ_CONSUME_CHECK_CONSUMER) timestamp=5843 ms, used_size=14102528 bytes (34.4%)
(RDMA_READ_CONSUME_CHECK_CONSUMER) timestamp=5843 ms, used_size=14100480 bytes (34.4%)
(RDMA_READ_CONSUME_CHECK_CONSUMER) timestamp=5843 ms, used_size=14098432 bytes (34.4%)
(RDMA_READ_CONSUME_CHECK_CONSUMER) timestamp=5843 ms, used_size=14096384 bytes (34.4%)
(RDMA_READ_CONSUME_CHECK_CONSUMER) timestamp=5843 ms, used_size=14094336 bytes (34.4%)
(RDMA_READ_CONSUME_CHECK_CONSUMER) timestamp=5843 ms, used_size=14092288 bytes (34.4%)
(RDMA_READ_CONSUME_CHECK_CONSUMER) timestamp=5843 ms, used_size=14090240 bytes (34.4%)
(RDMA_READ_CONSUME_CHECK_CONSUMER) timestamp=5843 ms, used_size=14088192 bytes (34.4%)
(RDMA_READ_CONSUME_CHECK_CONSUMER) timestamp=5843 ms, used_size=14086144 bytes (34.4%)
(RDMA_READ_CONSUME_CHECK_CONSUMER) timestamp=5843 ms, used_size=14084096 bytes (34.4%)
(RDMA_READ_CONSUME_CHECK_CONSUMER) timestamp=5843 ms, used_size=14082048 bytes (34.4%)
(RDMA_READ_CONSUME_CHECK_CONSUMER) timestamp=5843 ms, used_size=14080000 bytes (34.4%)
(RDMA_READ_CONSUME_CHECK_CONSUMER) timestamp=5843 ms, used_size=14077952 bytes (34.4%)
(RDMA_READ_CONSUME_CHECK_CONSUMER) timestamp=5843 ms, used_size=14075904 bytes (34.4%)
(RDMA_READ_CONSUME_CHECK_CONSUMER) timestamp=5843 ms, used_size=14073856 bytes (34.4%)
(RDMA_READ_CONSUME_CHECK_CONSUMER) timestamp=5843 ms, used_size=14071808 bytes (34.4%)
(RDMA_READ_CONSUME_CHECK_CONSUMER) timestamp=5843 ms, used_size=14069760 bytes (34.4%)
(RDMA_READ_CONSUME_CHECK_CONSUMER) timestamp=5843 ms, used_size=14067712 bytes (34.3%)
(RDMA_READ_CONSUME_CHECK_CONSUMER) timestamp=5843 ms, used_size=14065664 bytes (34.3%)
(RDMA_READ_CONSUME_CHECK_CONSUMER) timestamp=5843 ms, used_size=14063616 bytes (34.3%)
(RDMA_READ_CONSUME_CHECK_CONSUMER) timestamp=5843 ms, used_size=14061568 bytes (34.3%)
(RDMA_READ_CONSUME_CHECK_CONSUMER) timestamp=5843 ms, used_size=14059520 bytes (34.3%)
(RDMA_READ_CONSUME_CHECK_CONSUMER) timestamp=5843 ms, used_size=14057472 bytes (34.3%)
(RDMA_READ_CONSUME_CHECK_CONSUMER) timestamp=5843 ms, used_size=14055424 bytes (34.3%)
(RDMA_READ_CONSUME_CHECK_CONSUMER) timestamp=5843 ms, used_size=14053376 bytes (34.3%)
(RDMA_READ_CONSUME_CHECK_CONSUMER) timestamp=5843 ms, used_size=14051328 bytes (34.3%)
(RDMA_READ_CONSUME_CHECK_CONSUMER) timestamp=5843 ms, used_size=14049280 bytes (34.3%)
(RDMA_READ_CONSUME_CHECK_CONSUMER) timestamp=5843 ms, used_size=14047232 bytes (34.3%)
(RDMA_READ_CONSUME_CHECK_CONSUMER) timestamp=5843 ms, used_size=14045184 bytes (34.3%)
(RDMA_READ_CONSUME_CHECK_CONSUMER) timestamp=5843 ms, used_size=14043136 bytes (34.3%)
(RDMA_READ_CONSUME_CHECK_CONSUMER) timestamp=5843 ms, used_size=14041088 bytes (34.3%)
(RDMA_READ_CONSUME_CHECK_CONSUMER) timestamp=5843 ms, used_size=14039040 bytes (34.3%)
(RDMA_READ_CONSUME_CHECK_CONSUMER) timestamp=5843 ms, used_size=14036992 bytes (34.3%)
(RDMA_READ_CONSUME_CHECK_CONSUMER) timestamp=5843 ms, used_size=14034944 bytes (34.3%)
(RDMA_READ_CONSUME_CHECK_CONSUMER) timestamp=5843 ms, used_size=14032896 bytes (34.3%)
(RDMA_READ_CONSUME_CHECK_CONSUMER) timestamp=5843 ms, used_size=14030848 bytes (34.3%)
(RDMA_READ_CONSUME_CHECK_CONSUMER) timestamp=5843 ms, used_size=14028800 bytes (34.2%)
(RDMA_READ_CONSUME_CHECK_CONSUMER) timestamp=5843 ms, used_size=14026752 bytes (34.2%)
(RDMA_READ_CONSUME_CHECK_CONSUMER) timestamp=5843 ms, used_size=14024704 bytes (34.2%)
(RDMA_READ_CONSUME_CHECK_CONSUMER) timestamp=5843 ms, used_size=14022656 bytes (34.2%)
(RDMA_READ_CONSUME_CHECK_CONSUMER) timestamp=5843 ms, used_size=14020608 bytes (34.2%)
(RDMA_READ_CONSUME_CHECK_CONSUMER) timestamp=5843 ms, used_size=14018560 bytes (34.2%)
(RDMA_READ_CONSUME_CHECK_CONSUMER) timestamp=5843 ms, used_size=14016512 bytes (34.2%)
(RDMA_READ_CONSUME_CHECK_CONSUMER) timestamp=5843 ms, used_size=14014464 bytes (34.2%)
(RDMA_READ_CONSUME_CHECK_CONSUMER) timestamp=5843 ms, used_size=14012416 bytes (34.2%)
(RDMA_READ_CONSUME_CHECK_CONSUMER) timestamp=5843 ms, used_size=14010368 bytes (34.2%)
(RDMA_READ_CONSUME_CHECK_CONSUMER) timestamp=5843 ms, used_size=14008320 bytes (34.2%)
(RDMA_READ_CONSUME_CHECK_CONSUMER) timestamp=5843 ms, used_size=14006272 bytes (34.2%)
(RDMA_READ_CONSUME_CHECK_CONSUMER) timestamp=5843 ms, used_size=14004224 bytes (34.2%)
(RDMA_READ_CONSUME_CHECK_CONSUMER) timestamp=5843 ms, used_size=14002176 bytes (34.2%)
(RDMA_READ_CONSUME_CHECK_CONSUMER) timestamp=5843 ms, used_size=14000128 bytes (34.2%)
(RDMA_READ_CONSUME_CHECK_CONSUMER) timestamp=5843 ms, used_size=13998080 bytes (34.2%)
(RDMA_READ_CONSUME_CHECK_CONSUMER) timestamp=5843 ms, used_size=13996032 bytes (34.2%)
(RDMA_READ_CONSUME_CHECK_CONSUMER) timestamp=5843 ms, used_size=13993984 bytes (34.2%)
(RDMA_READ_CONSUME_CHECK_CONSUMER) timestamp=5843 ms, used_size=13991936 bytes (34.2%)
(RDMA_READ_CONSUME_CHECK_CONSUMER) timestamp=5843 ms, used_size=13989888 bytes (34.2%)
(RDMA_READ_CONSUME_CHECK_CONSUMER) timestamp=5843 ms, used_size=13987840 bytes (34.1%)
(RDMA_READ_CONSUME_CHECK_CONSUMER) timestamp=5843 ms, used_size=13985792 bytes (34.1%)
(RDMA_READ_CONSUME_CHECK_CONSUMER) timestamp=5843 ms, used_size=13983744 bytes (34.1%)
(RDMA_READ_CONSUME_CHECK_CONSUMER) timestamp=5843 ms, used_size=13981696 bytes (34.1%)
(RDMA_READ_CONSUME_CHECK_CONSUMER) timestamp=5843 ms, used_size=13979648 bytes (34.1%)
(RDMA_READ_CONSUME_CHECK_CONSUMER) timestamp=5843 ms, used_size=13977600 bytes (34.1%)
(RDMA_READ_CONSUME_CHECK_CONSUMER) timestamp=5843 ms, used_size=13975552 bytes (34.1%)
(RDMA_READ_CONSUME_CHECK_CONSUMER) timestamp=5843 ms, used_size=13973504 bytes (34.1%)
(RDMA_READ_CONSUME_CHECK_CONSUMER) timestamp=5843 ms, used_size=13971456 bytes (34.1%)
(RDMA_READ_CONSUME_CHECK_CONSUMER) timestamp=5843 ms, used_size=13969408 bytes (34.1%)
(RDMA_READ_CONSUME_CHECK_CONSUMER) timestamp=5843 ms, used_size=13967360 bytes (34.1%)
(RDMA_READ_CONSUME_CHECK_CONSUMER) timestamp=5843 ms, used_size=13965312 bytes (34.1%)
(RDMA_READ_CONSUME_CHECK_CONSUMER) timestamp=5843 ms, used_size=13963264 bytes (34.1%)
(RDMA_READ_CONSUME_CHECK_CONSUMER) timestamp=5843 ms, used_size=13961216 bytes (34.1%)
(RDMA_READ_CONSUME_CHECK_CONSUMER) timestamp=5843 ms, used_size=13959168 bytes (34.1%)
(RDMA_READ_CONSUME_CHECK_CONSUMER) timestamp=5843 ms, used_size=13957120 bytes (34.1%)
(RDMA_READ_CONSUME_CHECK_CONSUMER) timestamp=5843 ms, used_size=13955072 bytes (34.1%)
(RDMA_READ_CONSUME_CHECK_CONSUMER) timestamp=5843 ms, used_size=13953024 bytes (34.1%)
(RDMA_READ_CONSUME_CHECK_CONSUMER) timestamp=5843 ms, used_size=13950976 bytes (34.1%)
(RDMA_READ_CONSUME_CHECK_CONSUMER) timestamp=5843 ms, used_size=13948928 bytes (34.1%)
(RDMA_READ_CONSUME_CHECK_CONSUMER) timestamp=5843 ms, used_size=13946880 bytes (34.0%)
(RDMA_READ_CONSUME_CHECK_CONSUMER) timestamp=5843 ms, used_size=13944832 bytes (34.0%)
(RDMA_READ_CONSUME_CHECK_CONSUMER) timestamp=5843 ms, used_size=13942784 bytes (34.0%)
(RDMA_READ_CONSUME_CHECK_CONSUMER) timestamp=5843 ms, used_size=13940736 bytes (34.0%)
(RDMA_READ_CONSUME_CHECK_CONSUMER) timestamp=5843 ms, used_size=13938688 bytes (34.0%)
(RDMA_READ_CONSUME_CHECK_CONSUMER) timestamp=5843 ms, used_size=13936640 bytes (34.0%)
(RDMA_READ_CONSUME_CHECK_CONSUMER) timestamp=5843 ms, used_size=13934592 bytes (34.0%)
(RDMA_READ_CONSUME_CHECK_CONSUMER) timestamp=5843 ms, used_size=13932544 bytes (34.0%)
(RDMA_READ_CONSUME_CHECK_CONSUMER) timestamp=5843 ms, used_size=13930496 bytes (34.0%)
(RDMA_READ_CONSUME_CHECK_CONSUMER) timestamp=5843 ms, used_size=13928448 bytes (34.0%)
(RDMA_READ_CONSUME_CHECK_CONSUMER) timestamp=5843 ms, used_size=13926400 bytes (34.0%)
(RDMA_READ_CONSUME_CHECK_CONSUMER) timestamp=5843 ms, used_size=13924352 bytes (34.0%)
(RDMA_READ_CONSUME_CHECK_CONSUMER) timestamp=5843 ms, used_size=13922304 bytes (34.0%)
(RDMA_READ_CONSUME_CHECK_CONSUMER) timestamp=5843 ms, used_size=13920256 bytes (34.0%)
(RDMA_READ_CONSUME_CHECK_CONSUMER) timestamp=5843 ms, used_size=13918208 bytes (34.0%)
(RDMA_READ_CONSUME_CHECK_CONSUMER) timestamp=5843 ms, used_size=13916160 bytes (34.0%)
(RDMA_READ_CONSUME_CHECK_CONSUMER) timestamp=5843 ms, used_size=13914112 bytes (34.0%)
(RDMA_READ_CONSUME_CHECK_CONSUMER) timestamp=5843 ms, used_size=13912064 bytes (34.0%)
(RDMA_READ_CONSUME_CHECK_CONSUMER) timestamp=5843 ms, used_size=13910016 bytes (34.0%)
(RDMA_READ_CONSUME_CHECK_CONSUMER) timestamp=5843 ms, used_size=13907968 bytes (34.0%)
(RDMA_READ_CONSUME_CHECK_CONSUMER) timestamp=5843 ms, used_size=13905920 bytes (34.0%)
(RDMA_READ_CONSUME_CHECK_CONSUMER) timestamp=5843 ms, used_size=13903872 bytes (33.9%)
(RDMA_READ_CONSUME_CHECK_CONSUMER) timestamp=5843 ms, used_size=13901824 bytes (33.9%)
(RDMA_READ_CONSUME_CHECK_CONSUMER) timestamp=5843 ms, used_size=13899776 bytes (33.9%)
(RDMA_READ_CONSUME_CHECK_CONSUMER) timestamp=5843 ms, used_size=13897728 bytes (33.9%)
(RDMA_READ_CONSUME_CHECK_CONSUMER) timestamp=5843 ms, used_size=13895680 bytes (33.9%)
(RDMA_READ_CONSUME_CHECK_CONSUMER) timestamp=5843 ms, used_size=13893632 bytes (33.9%)
(RDMA_READ_CONSUME_CHECK_CONSUMER) timestamp=5843 ms, used_size=13891584 bytes (33.9%)
(RDMA_READ_CONSUME_CHECK_CONSUMER) timestamp=5843 ms, used_size=13889536 bytes (33.9%)
(RDMA_READ_CONSUME_CHECK_CONSUMER) timestamp=5843 ms, used_size=13887488 bytes (33.9%)
(RDMA_READ_CONSUME_CHECK_CONSUMER) timestamp=5843 ms, used_size=13885440 bytes (33.9%)
(RDMA_READ_CONSUME_CHECK_CONSUMER) timestamp=5843 ms, used_size=13883392 bytes (33.9%)
(RDMA_READ_CONSUME_CHECK_CONSUMER) timestamp=5843 ms, used_size=13881344 bytes (33.9%)
(RDMA_READ_CONSUME_CHECK_CONSUMER) timestamp=5843 ms, used_size=13879296 bytes (33.9%)
(RDMA_READ_CONSUME_CHECK_CONSUMER) timestamp=5843 ms, used_size=13877248 bytes (33.9%)
(RDMA_READ_CONSUME_CHECK_CONSUMER) timestamp=5843 ms, used_size=13875200 bytes (33.9%)
(RDMA_READ_CONSUME_CHECK_CONSUMER) timestamp=5843 ms, used_size=13873152 bytes (33.9%)
(RDMA_READ_CONSUME_CHECK_CONSUMER) timestamp=5843 ms, used_size=13871104 bytes (33.9%)
(RDMA_READ_CONSUME_CHECK_CONSUMER) timestamp=5843 ms, used_size=13869056 bytes (33.9%)
(RDMA_READ_CONSUME_CHECK_CONSUMER) timestamp=5843 ms, used_size=13867008 bytes (33.9%)
(RDMA_READ_CONSUME_CHECK_CONSUMER) timestamp=5843 ms, used_size=13864960 bytes (33.9%)
(RDMA_READ_CONSUME_CHECK_CONSUMER) timestamp=5843 ms, used_size=13862912 bytes (33.8%)
(RDMA_READ_CONSUME_CHECK_CONSUMER) timestamp=5843 ms, used_size=13860864 bytes (33.8%)
(RDMA_READ_CONSUME_CHECK_CONSUMER) timestamp=5843 ms, used_size=13858816 bytes (33.8%)
(RDMA_READ_CONSUME_CHECK_CONSUMER) timestamp=5843 ms, used_size=13856768 bytes (33.8%)
(RDMA_READ_CONSUME_CHECK_CONSUMER) timestamp=5843 ms, used_size=13854720 bytes (33.8%)
(RDMA_READ_CONSUME_CHECK_CONSUMER) timestamp=5843 ms, used_size=13852672 bytes (33.8%)
(RDMA_READ_CONSUME_CHECK_CONSUMER) timestamp=5843 ms, used_size=13850624 bytes (33.8%)
(RDMA_READ_CONSUME_CHECK_CONSUMER) timestamp=5843 ms, used_size=13848576 bytes (33.8%)
(RDMA_READ_CONSUME_CHECK_CONSUMER) timestamp=5843 ms, used_size=13846528 bytes (33.8%)
(RDMA_READ_CONSUME_CHECK_CONSUMER) timestamp=5843 ms, used_size=13844480 bytes (33.8%)
(RDMA_READ_CONSUME_CHECK_CONSUMER) timestamp=5843 ms, used_size=13842432 bytes (33.8%)
(RDMA_READ_CONSUME_CHECK_CONSUMER) timestamp=5843 ms, used_size=13840384 bytes (33.8%)
(RDMA_READ_CONSUME_CHECK_CONSUMER) timestamp=5843 ms, used_size=13838336 bytes (33.8%)
(RDMA_READ_CONSUME_CHECK_CONSUMER) timestamp=5843 ms, used_size=13836288 bytes (33.8%)
(RDMA_READ_CONSUME_CHECK_CONSUMER) timestamp=5843 ms, used_size=13834240 bytes (33.8%)
(RDMA_READ_CONSUME_CHECK_CONSUMER) timestamp=5843 ms, used_size=13832192 bytes (33.8%)
(RDMA_READ_CONSUME_CHECK_CONSUMER) timestamp=5843 ms, used_size=13830144 bytes (33.8%)
(RDMA_READ_CONSUME_CHECK_CONSUMER) timestamp=5843 ms, used_size=13828096 bytes (33.8%)
(RDMA_READ_CONSUME_CHECK_CONSUMER) timestamp=5843 ms, used_size=13826048 bytes (33.8%)
(RDMA_READ_CONSUME_CHECK_CONSUMER) timestamp=5843 ms, used_size=13824000 bytes (33.8%)
(RDMA_READ_CONSUME_CHECK_CONSUMER) timestamp=5843 ms, used_size=13821952 bytes (33.7%)
(RDMA_READ_CONSUME_CHECK_CONSUMER) timestamp=5843 ms, used_size=13819904 bytes (33.7%)
(RDMA_READ_CONSUME_CHECK_CONSUMER) timestamp=5843 ms, used_size=13817856 bytes (33.7%)
(RDMA_READ_CONSUME_CHECK_CONSUMER) timestamp=5843 ms, used_size=13815808 bytes (33.7%)
(RDMA_READ_CONSUME_CHECK_CONSUMER) timestamp=5843 ms, used_size=13813760 bytes (33.7%)
(RDMA_READ_CONSUME_CHECK_CONSUMER) timestamp=5843 ms, used_size=13811712 bytes (33.7%)
(RDMA_READ_CONSUME_CHECK_CONSUMER) timestamp=5843 ms, used_size=13809664 bytes (33.7%)
(RDMA_READ_CONSUME_CHECK_CONSUMER) timestamp=5843 ms, used_size=13807616 bytes (33.7%)
(RDMA_READ_CONSUME_CHECK_CONSUMER) timestamp=5843 ms, used_size=13805568 bytes (33.7%)
(RDMA_READ_CONSUME_CHECK_CONSUMER) timestamp=5843 ms, used_size=13803520 bytes (33.7%)
(RDMA_READ_CONSUME_CHECK_CONSUMER) timestamp=5843 ms, used_size=13801472 bytes (33.7%)
(RDMA_READ_CONSUME_CHECK_CONSUMER) timestamp=5843 ms, used_size=13799424 bytes (33.7%)
(RDMA_READ_CONSUME_CHECK_CONSUMER) timestamp=5843 ms, used_size=13797376 bytes (33.7%)
(RDMA_READ_CONSUME_CHECK_CONSUMER) timestamp=5843 ms, used_size=13795328 bytes (33.7%)
(RDMA_READ_CONSUME_CHECK_CONSUMER) timestamp=5843 ms, used_size=13793280 bytes (33.7%)
(RDMA_READ_CONSUME_CHECK_CONSUMER) timestamp=5843 ms, used_size=13791232 bytes (33.7%)
(RDMA_READ_CONSUME_CHECK_CONSUMER) timestamp=5843 ms, used_size=13789184 bytes (33.7%)
(RDMA_READ_CONSUME_CHECK_CONSUMER) timestamp=5843 ms, used_size=13787136 bytes (33.7%)
(RDMA_READ_CONSUME_CHECK_CONSUMER) timestamp=5843 ms, used_size=13785088 bytes (33.7%)
(RDMA_READ_CONSUME_CHECK_CONSUMER) timestamp=5843 ms, used_size=13783040 bytes (33.6%)
(RDMA_READ_CONSUME_CHECK_CONSUMER) timestamp=5843 ms, used_size=13780992 bytes (33.6%)
(RDMA_READ_CONSUME_CHECK_CONSUMER) timestamp=5843 ms, used_size=13778944 bytes (33.6%)
(RDMA_READ_CONSUME_CHECK_CONSUMER) timestamp=5843 ms, used_size=13776896 bytes (33.6%)
(RDMA_READ_CONSUME_CHECK_CONSUMER) timestamp=5843 ms, used_size=13774848 bytes (33.6%)
(RDMA_READ_CONSUME_CHECK_CONSUMER) timestamp=5843 ms, used_size=13772800 bytes (33.6%)
(RDMA_READ_CONSUME_CHECK_CONSUMER) timestamp=5843 ms, used_size=13770752 bytes (33.6%)
(RDMA_READ_CONSUME_CHECK_CONSUMER) timestamp=5843 ms, used_size=13768704 bytes (33.6%)
(RDMA_READ_CONSUME_CHECK_CONSUMER) timestamp=5843 ms, used_size=13766656 bytes (33.6%)
(RDMA_READ_CONSUME_CHECK_CONSUMER) timestamp=5843 ms, used_size=13764608 bytes (33.6%)
(RDMA_READ_CONSUME_CHECK_CONSUMER) timestamp=5843 ms, used_size=13762560 bytes (33.6%)
(RDMA_READ_CONSUME_CHECK_CONSUMER) timestamp=5843 ms, used_size=13760512 bytes (33.6%)
(RDMA_READ_CONSUME_CHECK_CONSUMER) timestamp=5843 ms, used_size=13758464 bytes (33.6%)
(RDMA_READ_CONSUME_CHECK_CONSUMER) timestamp=5844 ms, used_size=13756416 bytes (33.6%)
(RDMA_READ_CONSUME_CHECK_CONSUMER) timestamp=5844 ms, used_size=13754368 bytes (33.6%)
(RDMA_READ_CONSUME_CHECK_CONSUMER) timestamp=5844 ms, used_size=13752320 bytes (33.6%)
(RDMA_READ_CONSUME_CHECK_CONSUMER) timestamp=5844 ms, used_size=13750272 bytes (33.6%)
(RDMA_READ_CONSUME_CHECK_CONSUMER) timestamp=5844 ms, used_size=13748224 bytes (33.6%)
(RDMA_READ_CONSUME_CHECK_CONSUMER) timestamp=5844 ms, used_size=13746176 bytes (33.6%)
(RDMA_READ_CONSUME_CHECK_CONSUMER) timestamp=5844 ms, used_size=13744128 bytes (33.6%)
(RDMA_READ_CONSUME_CHECK_CONSUMER) timestamp=5844 ms, used_size=13742080 bytes (33.5%)
(RDMA_READ_CONSUME_CHECK_CONSUMER) timestamp=5844 ms, used_size=13740032 bytes (33.5%)
(RDMA_READ_CONSUME_CHECK_CONSUMER) timestamp=5844 ms, used_size=13737984 bytes (33.5%)
(RDMA_READ_CONSUME_CHECK_CONSUMER) timestamp=5844 ms, used_size=13735936 bytes (33.5%)
(RDMA_READ_CONSUME_CHECK_CONSUMER) timestamp=5844 ms, used_size=13733888 bytes (33.5%)
(RDMA_READ_CONSUME_CHECK_CONSUMER) timestamp=5844 ms, used_size=13731840 bytes (33.5%)
(RDMA_READ_CONSUME_CHECK_CONSUMER) timestamp=5844 ms, used_size=13729792 bytes (33.5%)
(RDMA_READ_CONSUME_CHECK_CONSUMER) timestamp=5844 ms, used_size=13727744 bytes (33.5%)
(RDMA_READ_CONSUME_CHECK_CONSUMER) timestamp=5844 ms, used_size=13725696 bytes (33.5%)
(RDMA_READ_CONSUME_CHECK_CONSUMER) timestamp=5844 ms, used_size=13723648 bytes (33.5%)
(RDMA_READ_CONSUME_CHECK_CONSUMER) timestamp=5844 ms, used_size=13721600 bytes (33.5%)
(RDMA_READ_CONSUME_CHECK_CONSUMER) timestamp=5844 ms, used_size=13719552 bytes (33.5%)
(RDMA_READ_CONSUME_CHECK_CONSUMER) timestamp=5844 ms, used_size=13717504 bytes (33.5%)
(RDMA_READ_CONSUME_CHECK_CONSUMER) timestamp=5844 ms, used_size=13715456 bytes (33.5%)
(RDMA_READ_CONSUME_CHECK_CONSUMER) timestamp=5844 ms, used_size=13713408 bytes (33.5%)
(RDMA_READ_CONSUME_CHECK_CONSUMER) timestamp=5844 ms, used_size=13711360 bytes (33.5%)
(RDMA_READ_CONSUME_CHECK_CONSUMER) timestamp=5844 ms, used_size=13709312 bytes (33.5%)
(RDMA_READ_CONSUME_CHECK_CONSUMER) timestamp=5844 ms, used_size=13707264 bytes (33.5%)
(RDMA_READ_CONSUME_CHECK_CONSUMER) timestamp=5844 ms, used_size=13705216 bytes (33.5%)
(RDMA_READ_CONSUME_CHECK_CONSUMER) timestamp=5844 ms, used_size=13703168 bytes (33.5%)
(RDMA_READ_CONSUME_CHECK_CONSUMER) timestamp=5844 ms, used_size=13701120 bytes (33.5%)
(RDMA_READ_CONSUME_CHECK_CONSUMER) timestamp=5844 ms, used_size=13699072 bytes (33.4%)
(RDMA_READ_CONSUME_CHECK_CONSUMER) timestamp=5844 ms, used_size=13697024 bytes (33.4%)
(RDMA_READ_CONSUME_CHECK_CONSUMER) timestamp=5844 ms, used_size=13694976 bytes (33.4%)
(RDMA_READ_CONSUME_CHECK_CONSUMER) timestamp=5844 ms, used_size=13692928 bytes (33.4%)
(RDMA_READ_CONSUME_CHECK_CONSUMER) timestamp=5844 ms, used_size=13690880 bytes (33.4%)
(RDMA_READ_CONSUME_CHECK_CONSUMER) timestamp=5844 ms, used_size=13688832 bytes (33.4%)
(RDMA_READ_CONSUME_CHECK_CONSUMER) timestamp=5844 ms, used_size=13686784 bytes (33.4%)
(RDMA_READ_CONSUME_CHECK_CONSUMER) timestamp=5844 ms, used_size=13684736 bytes (33.4%)
(RDMA_READ_CONSUME_CHECK_CONSUMER) timestamp=5844 ms, used_size=13682688 bytes (33.4%)
(RDMA_READ_CONSUME_CHECK_CONSUMER) timestamp=5844 ms, used_size=13680640 bytes (33.4%)
(RDMA_READ_CONSUME_CHECK_CONSUMER) timestamp=5844 ms, used_size=13678592 bytes (33.4%)
(RDMA_READ_CONSUME_CHECK_CONSUMER) timestamp=5844 ms, used_size=13676544 bytes (33.4%)
(RDMA_READ_CONSUME_CHECK_CONSUMER) timestamp=5844 ms, used_size=13674496 bytes (33.4%)
(RDMA_READ_CONSUME_CHECK_CONSUMER) timestamp=5844 ms, used_size=13672448 bytes (33.4%)
(RDMA_READ_CONSUME_CHECK_CONSUMER) timestamp=5844 ms, used_size=13670400 bytes (33.4%)
(RDMA_READ_CONSUME_CHECK_CONSUMER) timestamp=5844 ms, used_size=13668352 bytes (33.4%)
(RDMA_READ_CONSUME_CHECK_CONSUMER) timestamp=5844 ms, used_size=13666304 bytes (33.4%)
(RDMA_READ_CONSUME_CHECK_CONSUMER) timestamp=5844 ms, used_size=13664256 bytes (33.4%)
(RDMA_READ_CONSUME_CHECK_CONSUMER) timestamp=5844 ms, used_size=13662208 bytes (33.4%)
(RDMA_READ_CONSUME_CHECK_CONSUMER) timestamp=5844 ms, used_size=13660160 bytes (33.4%)
(RDMA_READ_CONSUME_CHECK_CONSUMER) timestamp=5844 ms, used_size=13658112 bytes (33.3%)
(RDMA_READ_CONSUME_CHECK_CONSUMER) timestamp=5844 ms, used_size=13656064 bytes (33.3%)
(RDMA_READ_CONSUME_CHECK_CONSUMER) timestamp=5844 ms, used_size=13654016 bytes (33.3%)
(RDMA_READ_CONSUME_CHECK_CONSUMER) timestamp=5844 ms, used_size=13651968 bytes (33.3%)
(RDMA_READ_CONSUME_CHECK_CONSUMER) timestamp=5844 ms, used_size=13649920 bytes (33.3%)
(RDMA_READ_CONSUME_CHECK_CONSUMER) timestamp=5844 ms, used_size=13647872 bytes (33.3%)
(RDMA_READ_CONSUME_CHECK_CONSUMER) timestamp=5844 ms, used_size=13645824 bytes (33.3%)
(RDMA_READ_CONSUME_CHECK_CONSUMER) timestamp=5844 ms, used_size=13643776 bytes (33.3%)
(RDMA_READ_CONSUME_CHECK_CONSUMER) timestamp=5844 ms, used_size=13641728 bytes (33.3%)
(RDMA_READ_CONSUME_CHECK_CONSUMER) timestamp=5844 ms, used_size=13639680 bytes (33.3%)
(RDMA_READ_CONSUME_CHECK_CONSUMER) timestamp=5844 ms, used_size=13637632 bytes (33.3%)
(RDMA_READ_CONSUME_CHECK_CONSUMER) timestamp=5844 ms, used_size=13635584 bytes (33.3%)
(RDMA_READ_CONSUME_CHECK_CONSUMER) timestamp=5844 ms, used_size=13633536 bytes (33.3%)
(RDMA_READ_CONSUME_CHECK_CONSUMER) timestamp=5844 ms, used_size=13631488 bytes (33.3%)
(RDMA_READ_CONSUME_CHECK_CONSUMER) timestamp=5844 ms, used_size=13629440 bytes (33.3%)
(RDMA_READ_CONSUME_CHECK_CONSUMER) timestamp=5844 ms, used_size=13627392 bytes (33.3%)
(RDMA_READ_CONSUME_CHECK_CONSUMER) timestamp=5844 ms, used_size=13625344 bytes (33.3%)
(RDMA_READ_CONSUME_CHECK_CONSUMER) timestamp=5844 ms, used_size=13623296 bytes (33.3%)
(RDMA_READ_CONSUME_CHECK_CONSUMER) timestamp=5844 ms, used_size=13621248 bytes (33.3%)
(RDMA_READ_CONSUME_CHECK_CONSUMER) timestamp=5844 ms, used_size=13619200 bytes (33.2%)
(RDMA_READ_CONSUME_CHECK_CONSUMER) timestamp=5844 ms, used_size=13617152 bytes (33.2%)
(RDMA_READ_CONSUME_CHECK_CONSUMER) timestamp=5844 ms, used_size=13615104 bytes (33.2%)
(RDMA_READ_CONSUME_CHECK_CONSUMER) timestamp=5844 ms, used_size=13613056 bytes (33.2%)
(RDMA_READ_CONSUME_CHECK_CONSUMER) timestamp=5844 ms, used_size=13611008 bytes (33.2%)
(RDMA_READ_CONSUME_CHECK_CONSUMER) timestamp=5844 ms, used_size=13608960 bytes (33.2%)
(RDMA_READ_CONSUME_CHECK_CONSUMER) timestamp=5844 ms, used_size=13606912 bytes (33.2%)
(RDMA_READ_CONSUME_CHECK_CONSUMER) timestamp=5844 ms, used_size=13604864 bytes (33.2%)
(RDMA_READ_CONSUME_CHECK_CONSUMER) timestamp=5844 ms, used_size=13602816 bytes (33.2%)
(RDMA_READ_CONSUME_CHECK_CONSUMER) timestamp=5844 ms, used_size=13600768 bytes (33.2%)
(RDMA_READ_CONSUME_CHECK_CONSUMER) timestamp=5844 ms, used_size=13598720 bytes (33.2%)
(RDMA_READ_CONSUME_CHECK_CONSUMER) timestamp=5844 ms, used_size=13596672 bytes (33.2%)
(RDMA_READ_CONSUME_CHECK_CONSUMER) timestamp=5844 ms, used_size=13594624 bytes (33.2%)
(RDMA_READ_CONSUME_CHECK_CONSUMER) timestamp=5844 ms, used_size=13592576 bytes (33.2%)
(RDMA_READ_CONSUME_CHECK_CONSUMER) timestamp=5844 ms, used_size=13590528 bytes (33.2%)
(RDMA_READ_CONSUME_CHECK_CONSUMER) timestamp=5844 ms, used_size=13588480 bytes (33.2%)
(RDMA_READ_CONSUME_CHECK_CONSUMER) timestamp=5844 ms, used_size=13586432 bytes (33.2%)
(RDMA_READ_CONSUME_CHECK_CONSUMER) timestamp=5844 ms, used_size=13584384 bytes (33.2%)
(RDMA_READ_CONSUME_CHECK_CONSUMER) timestamp=5844 ms, used_size=13582336 bytes (33.2%)
(RDMA_READ_CONSUME_CHECK_CONSUMER) timestamp=5844 ms, used_size=13580288 bytes (33.2%)
(RDMA_READ_CONSUME_CHECK_CONSUMER) timestamp=5844 ms, used_size=13578240 bytes (33.1%)
(RDMA_READ_CONSUME_CHECK_CONSUMER) timestamp=5844 ms, used_size=13576192 bytes (33.1%)
(RDMA_READ_CONSUME_CHECK_CONSUMER) timestamp=5844 ms, used_size=13574144 bytes (33.1%)
(RDMA_READ_CONSUME_CHECK_CONSUMER) timestamp=5844 ms, used_size=13572096 bytes (33.1%)
(RDMA_READ_CONSUME_CHECK_CONSUMER) timestamp=5844 ms, used_size=13570048 bytes (33.1%)
(RDMA_READ_CONSUME_CHECK_CONSUMER) timestamp=5844 ms, used_size=13568000 bytes (33.1%)
(RDMA_READ_CONSUME_CHECK_CONSUMER) timestamp=5844 ms, used_size=13565952 bytes (33.1%)
(RDMA_READ_CONSUME_CHECK_CONSUMER) timestamp=5844 ms, used_size=13563904 bytes (33.1%)
(RDMA_READ_CONSUME_CHECK_CONSUMER) timestamp=5844 ms, used_size=13561856 bytes (33.1%)
(RDMA_READ_CONSUME_CHECK_CONSUMER) timestamp=5844 ms, used_size=13559808 bytes (33.1%)
(RDMA_READ_CONSUME_CHECK_CONSUMER) timestamp=5844 ms, used_size=13557760 bytes (33.1%)
(RDMA_READ_CONSUME_CHECK_CONSUMER) timestamp=5844 ms, used_size=13555712 bytes (33.1%)
(RDMA_READ_CONSUME_CHECK_CONSUMER) timestamp=5844 ms, used_size=13553664 bytes (33.1%)
(RDMA_READ_CONSUME_CHECK_CONSUMER) timestamp=5844 ms, used_size=13551616 bytes (33.1%)
(RDMA_READ_CONSUME_CHECK_CONSUMER) timestamp=5844 ms, used_size=13549568 bytes (33.1%)
(RDMA_READ_CONSUME_CHECK_CONSUMER) timestamp=5844 ms, used_size=13547520 bytes (33.1%)
(RDMA_READ_CONSUME_CHECK_CONSUMER) timestamp=5844 ms, used_size=13545472 bytes (33.1%)
(RDMA_READ_CONSUME_CHECK_CONSUMER) timestamp=5844 ms, used_size=13543424 bytes (33.1%)
(RDMA_READ_CONSUME_CHECK_CONSUMER) timestamp=5844 ms, used_size=13541376 bytes (33.1%)
(RDMA_READ_CONSUME_CHECK_CONSUMER) timestamp=5844 ms, used_size=13539328 bytes (33.1%)
(RDMA_READ_CONSUME_CHECK_CONSUMER) timestamp=5844 ms, used_size=13537280 bytes (33.0%)
(RDMA_READ_CONSUME_CHECK_CONSUMER) timestamp=5844 ms, used_size=13535232 bytes (33.0%)
(RDMA_READ_CONSUME_CHECK_CONSUMER) timestamp=5844 ms, used_size=13533184 bytes (33.0%)
(RDMA_READ_CONSUME_CHECK_CONSUMER) timestamp=5844 ms, used_size=13531136 bytes (33.0%)
(RDMA_READ_CONSUME_CHECK_CONSUMER) timestamp=5844 ms, used_size=13529088 bytes (33.0%)
(RDMA_READ_CONSUME_CHECK_CONSUMER) timestamp=5844 ms, used_size=13527040 bytes (33.0%)
(RDMA_READ_CONSUME_CHECK_CONSUMER) timestamp=5844 ms, used_size=13524992 bytes (33.0%)
(RDMA_READ_CONSUME_CHECK_CONSUMER) timestamp=5844 ms, used_size=13522944 bytes (33.0%)
(RDMA_READ_CONSUME_CHECK_CONSUMER) timestamp=5844 ms, used_size=13520896 bytes (33.0%)
(RDMA_READ_CONSUME_CHECK_CONSUMER) timestamp=5844 ms, used_size=13518848 bytes (33.0%)
(RDMA_READ_CONSUME_CHECK_CONSUMER) timestamp=5844 ms, used_size=13516800 bytes (33.0%)
(RDMA_READ_CONSUME_CHECK_CONSUMER) timestamp=5844 ms, used_size=13514752 bytes (33.0%)
(RDMA_READ_CONSUME_CHECK_CONSUMER) timestamp=5844 ms, used_size=13512704 bytes (33.0%)
(RDMA_READ_CONSUME_CHECK_CONSUMER) timestamp=5844 ms, used_size=13510656 bytes (33.0%)
(RDMA_READ_CONSUME_CHECK_CONSUMER) timestamp=5844 ms, used_size=13508608 bytes (33.0%)
(RDMA_READ_CONSUME_CHECK_CONSUMER) timestamp=5844 ms, used_size=13506560 bytes (33.0%)
(RDMA_READ_CONSUME_CHECK_CONSUMER) timestamp=5844 ms, used_size=13504512 bytes (33.0%)
(RDMA_READ_CONSUME_CHECK_CONSUMER) timestamp=5844 ms, used_size=13502464 bytes (33.0%)
(RDMA_READ_CONSUME_CHECK_CONSUMER) timestamp=5844 ms, used_size=13500416 bytes (33.0%)
(RDMA_READ_CONSUME_CHECK_CONSUMER) timestamp=5844 ms, used_size=13498368 bytes (33.0%)
(RDMA_READ_CONSUME_CHECK_CONSUMER) timestamp=5844 ms, used_size=13496320 bytes (33.0%)
(RDMA_READ_CONSUME_CHECK_CONSUMER) timestamp=5844 ms, used_size=13494272 bytes (32.9%)
(RDMA_READ_CONSUME_CHECK_CONSUMER) timestamp=5844 ms, used_size=13492224 bytes (32.9%)
(RDMA_READ_CONSUME_CHECK_CONSUMER) timestamp=5844 ms, used_size=13490176 bytes (32.9%)
(RDMA_READ_CONSUME_CHECK_CONSUMER) timestamp=5844 ms, used_size=13488128 bytes (32.9%)
(RDMA_READ_CONSUME_CHECK_CONSUMER) timestamp=5844 ms, used_size=13486080 bytes (32.9%)
(RDMA_READ_CONSUME_CHECK_CONSUMER) timestamp=5844 ms, used_size=13484032 bytes (32.9%)
(RDMA_READ_CONSUME_CHECK_CONSUMER) timestamp=5844 ms, used_size=13481984 bytes (32.9%)
(RDMA_READ_CONSUME_CHECK_CONSUMER) timestamp=5844 ms, used_size=13479936 bytes (32.9%)
(RDMA_READ_CONSUME_CHECK_CONSUMER) timestamp=5844 ms, used_size=13477888 bytes (32.9%)
(RDMA_READ_CONSUME_CHECK_CONSUMER) timestamp=5844 ms, used_size=13475840 bytes (32.9%)
(RDMA_READ_CONSUME_CHECK_CONSUMER) timestamp=5844 ms, used_size=13473792 bytes (32.9%)
(RDMA_READ_CONSUME_CHECK_CONSUMER) timestamp=5844 ms, used_size=13471744 bytes (32.9%)
(RDMA_READ_CONSUME_CHECK_CONSUMER) timestamp=5844 ms, used_size=13469696 bytes (32.9%)
(RDMA_READ_CONSUME_CHECK_CONSUMER) timestamp=5844 ms, used_size=13467648 bytes (32.9%)
(RDMA_READ_CONSUME_CHECK_CONSUMER) timestamp=5844 ms, used_size=13465600 bytes (32.9%)
(RDMA_READ_CONSUME_CHECK_CONSUMER) timestamp=5844 ms, used_size=13463552 bytes (32.9%)
(RDMA_READ_CONSUME_CHECK_CONSUMER) timestamp=5844 ms, used_size=13461504 bytes (32.9%)
(RDMA_READ_CONSUME_CHECK_CONSUMER) timestamp=5844 ms, used_size=13459456 bytes (32.9%)
(RDMA_READ_CONSUME_CHECK_CONSUMER) timestamp=5844 ms, used_size=13457408 bytes (32.9%)
(RDMA_READ_CONSUME_CHECK_CONSUMER) timestamp=5844 ms, used_size=13455360 bytes (32.9%)
(RDMA_READ_CONSUME_CHECK_CONSUMER) timestamp=5844 ms, used_size=13453312 bytes (32.8%)
(RDMA_READ_CONSUME_CHECK_CONSUMER) timestamp=5844 ms, used_size=13451264 bytes (32.8%)
(RDMA_READ_CONSUME_CHECK_CONSUMER) timestamp=5844 ms, used_size=13449216 bytes (32.8%)
(RDMA_READ_CONSUME_CHECK_CONSUMER) timestamp=5844 ms, used_size=13447168 bytes (32.8%)
(RDMA_READ_CONSUME_CHECK_CONSUMER) timestamp=5844 ms, used_size=13445120 bytes (32.8%)
(RDMA_READ_CONSUME_CHECK_CONSUMER) timestamp=5844 ms, used_size=13443072 bytes (32.8%)
(RDMA_READ_CONSUME_CHECK_CONSUMER) timestamp=5844 ms, used_size=13441024 bytes (32.8%)
(RDMA_READ_CONSUME_CHECK_CONSUMER) timestamp=5844 ms, used_size=13438976 bytes (32.8%)
(RDMA_READ_CONSUME_CHECK_CONSUMER) timestamp=5844 ms, used_size=13436928 bytes (32.8%)
(RDMA_READ_CONSUME_CHECK_CONSUMER) timestamp=5844 ms, used_size=13434880 bytes (32.8%)
(RDMA_READ_CONSUME_CHECK_CONSUMER) timestamp=5844 ms, used_size=13432832 bytes (32.8%)
(RDMA_READ_CONSUME_CHECK_CONSUMER) timestamp=5844 ms, used_size=13430784 bytes (32.8%)
(RDMA_READ_CONSUME_CHECK_CONSUMER) timestamp=5844 ms, used_size=13428736 bytes (32.8%)
(RDMA_READ_CONSUME_CHECK_CONSUMER) timestamp=5844 ms, used_size=13426688 bytes (32.8%)
(RDMA_READ_CONSUME_CHECK_CONSUMER) timestamp=5844 ms, used_size=13424640 bytes (32.8%)
(RDMA_READ_CONSUME_CHECK_CONSUMER) timestamp=5844 ms, used_size=13422592 bytes (32.8%)
(RDMA_READ_CONSUME_CHECK_CONSUMER) timestamp=5844 ms, used_size=13420544 bytes (32.8%)
(RDMA_READ_CONSUME_CHECK_CONSUMER) timestamp=5844 ms, used_size=13418496 bytes (32.8%)
(RDMA_READ_CONSUME_CHECK_CONSUMER) timestamp=5844 ms, used_size=13416448 bytes (32.8%)
(RDMA_READ_CONSUME_CHECK_CONSUMER) timestamp=5844 ms, used_size=13414400 bytes (32.8%)
(RDMA_READ_CONSUME_CHECK_CONSUMER) timestamp=5844 ms, used_size=13412352 bytes (32.7%)
(RDMA_READ_CONSUME_CHECK_CONSUMER) timestamp=5844 ms, used_size=13410304 bytes (32.7%)
(RDMA_READ_CONSUME_CHECK_CONSUMER) timestamp=5844 ms, used_size=13408256 bytes (32.7%)
(RDMA_READ_CONSUME_CHECK_CONSUMER) timestamp=5844 ms, used_size=13406208 bytes (32.7%)
(RDMA_READ_CONSUME_CHECK_CONSUMER) timestamp=5844 ms, used_size=13404160 bytes (32.7%)
(RDMA_READ_CONSUME_CHECK_CONSUMER) timestamp=5844 ms, used_size=13402112 bytes (32.7%)
(RDMA_READ_CONSUME_CHECK_CONSUMER) timestamp=5844 ms, used_size=13400064 bytes (32.7%)
(RDMA_READ_CONSUME_CHECK_CONSUMER) timestamp=5844 ms, used_size=13398016 bytes (32.7%)
(RDMA_READ_CONSUME_CHECK_CONSUMER) timestamp=5844 ms, used_size=13395968 bytes (32.7%)
(RDMA_READ_CONSUME_CHECK_CONSUMER) timestamp=5844 ms, used_size=13393920 bytes (32.7%)
(RDMA_READ_CONSUME_CHECK_CONSUMER) timestamp=5844 ms, used_size=13391872 bytes (32.7%)
(RDMA_READ_CONSUME_CHECK_CONSUMER) timestamp=5844 ms, used_size=13389824 bytes (32.7%)
(RDMA_READ_CONSUME_CHECK_CONSUMER) timestamp=5845 ms, used_size=13387776 bytes (32.7%)
(RDMA_READ_CONSUME_CHECK_CONSUMER) timestamp=5845 ms, used_size=13385728 bytes (32.7%)
(RDMA_READ_CONSUME_CHECK_CONSUMER) timestamp=5845 ms, used_size=13383680 bytes (32.7%)
(RDMA_READ_CONSUME_CHECK_CONSUMER) timestamp=5845 ms, used_size=13381632 bytes (32.7%)
(RDMA_READ_CONSUME_CHECK_CONSUMER) timestamp=5845 ms, used_size=13379584 bytes (32.7%)
(RDMA_READ_CONSUME_CHECK_CONSUMER) timestamp=5845 ms, used_size=13377536 bytes (32.7%)
(RDMA_READ_CONSUME_CHECK_CONSUMER) timestamp=5845 ms, used_size=13375488 bytes (32.7%)
(RDMA_READ_CONSUME_CHECK_CONSUMER) timestamp=5845 ms, used_size=13373440 bytes (32.6%)
(RDMA_READ_CONSUME_CHECK_CONSUMER) timestamp=5845 ms, used_size=13371392 bytes (32.6%)
(RDMA_READ_CONSUME_CHECK_CONSUMER) timestamp=5845 ms, used_size=13369344 bytes (32.6%)
(RDMA_READ_CONSUME_CHECK_CONSUMER) timestamp=5845 ms, used_size=13367296 bytes (32.6%)
(RDMA_READ_CONSUME_CHECK_CONSUMER) timestamp=5845 ms, used_size=13365248 bytes (32.6%)
(RDMA_READ_CONSUME_CHECK_CONSUMER) timestamp=5845 ms, used_size=13363200 bytes (32.6%)
(RDMA_READ_CONSUME_CHECK_CONSUMER) timestamp=5845 ms, used_size=13361152 bytes (32.6%)
(RDMA_READ_CONSUME_CHECK_CONSUMER) timestamp=5845 ms, used_size=13359104 bytes (32.6%)
(RDMA_READ_CONSUME_CHECK_CONSUMER) timestamp=5845 ms, used_size=13357056 bytes (32.6%)
(RDMA_READ_CONSUME_CHECK_CONSUMER) timestamp=5845 ms, used_size=13355008 bytes (32.6%)
(RDMA_READ_CONSUME_CHECK_CONSUMER) timestamp=5845 ms, used_size=13352960 bytes (32.6%)
(RDMA_READ_CONSUME_CHECK_CONSUMER) timestamp=5845 ms, used_size=13350912 bytes (32.6%)
(RDMA_READ_CONSUME_CHECK_CONSUMER) timestamp=5845 ms, used_size=13348864 bytes (32.6%)
(RDMA_READ_CONSUME_CHECK_CONSUMER) timestamp=5845 ms, used_size=13346816 bytes (32.6%)
(RDMA_READ_CONSUME_CHECK_CONSUMER) timestamp=5845 ms, used_size=13344768 bytes (32.6%)
(RDMA_READ_CONSUME_CHECK_CONSUMER) timestamp=5845 ms, used_size=13342720 bytes (32.6%)
(RDMA_READ_CONSUME_CHECK_CONSUMER) timestamp=5845 ms, used_size=13340672 bytes (32.6%)
(RDMA_READ_CONSUME_CHECK_CONSUMER) timestamp=5845 ms, used_size=13338624 bytes (32.6%)
(RDMA_READ_CONSUME_CHECK_CONSUMER) timestamp=5845 ms, used_size=13336576 bytes (32.6%)
(RDMA_READ_CONSUME_CHECK_CONSUMER) timestamp=5845 ms, used_size=13334528 bytes (32.6%)
(RDMA_READ_CONSUME_CHECK_CONSUMER) timestamp=5845 ms, used_size=13332480 bytes (32.5%)
(RDMA_READ_CONSUME_CHECK_CONSUMER) timestamp=5845 ms, used_size=13330432 bytes (32.5%)
(RDMA_READ_CONSUME_CHECK_CONSUMER) timestamp=5845 ms, used_size=13328384 bytes (32.5%)
(RDMA_READ_CONSUME_CHECK_CONSUMER) timestamp=5845 ms, used_size=13326336 bytes (32.5%)
(RDMA_READ_CONSUME_CHECK_CONSUMER) timestamp=5845 ms, used_size=13324288 bytes (32.5%)
(RDMA_READ_CONSUME_CHECK_CONSUMER) timestamp=5845 ms, used_size=13322240 bytes (32.5%)
(RDMA_READ_CONSUME_CHECK_CONSUMER) timestamp=5845 ms, used_size=13320192 bytes (32.5%)
(RDMA_READ_CONSUME_CHECK_CONSUMER) timestamp=5845 ms, used_size=13318144 bytes (32.5%)
(RDMA_READ_CONSUME_CHECK_CONSUMER) timestamp=5845 ms, used_size=13316096 bytes (32.5%)
(RDMA_READ_CONSUME_CHECK_CONSUMER) timestamp=5845 ms, used_size=13314048 bytes (32.5%)
(RDMA_READ_CONSUME_CHECK_CONSUMER) timestamp=5845 ms, used_size=13312000 bytes (32.5%)
(RDMA_READ_CONSUME_CHECK_CONSUMER) timestamp=5845 ms, used_size=13309952 bytes (32.5%)
(RDMA_READ_CONSUME_CHECK_CONSUMER) timestamp=5845 ms, used_size=13307904 bytes (32.5%)
(RDMA_READ_CONSUME_CHECK_CONSUMER) timestamp=5845 ms, used_size=13305856 bytes (32.5%)
(RDMA_READ_CONSUME_CHECK_CONSUMER) timestamp=5845 ms, used_size=13303808 bytes (32.5%)
(RDMA_READ_CONSUME_CHECK_CONSUMER) timestamp=5845 ms, used_size=13301760 bytes (32.5%)
(RDMA_READ_CONSUME_CHECK_CONSUMER) timestamp=5845 ms, used_size=13299712 bytes (32.5%)
(RDMA_READ_CONSUME_CHECK_CONSUMER) timestamp=5845 ms, used_size=13297664 bytes (32.5%)
(RDMA_READ_CONSUME_CHECK_CONSUMER) timestamp=5845 ms, used_size=13295616 bytes (32.5%)
(RDMA_READ_CONSUME_CHECK_CONSUMER) timestamp=5845 ms, used_size=13293568 bytes (32.5%)
(RDMA_READ_CONSUME_CHECK_CONSUMER) timestamp=5845 ms, used_size=13291520 bytes (32.5%)
(RDMA_READ_CONSUME_CHECK_CONSUMER) timestamp=5845 ms, used_size=13289472 bytes (32.4%)
(RDMA_READ_CONSUME_CHECK_CONSUMER) timestamp=5845 ms, used_size=13287424 bytes (32.4%)
(RDMA_READ_CONSUME_CHECK_CONSUMER) timestamp=5845 ms, used_size=13285376 bytes (32.4%)
(RDMA_READ_CONSUME_CHECK_CONSUMER) timestamp=5845 ms, used_size=13283328 bytes (32.4%)
(RDMA_READ_CONSUME_CHECK_CONSUMER) timestamp=5845 ms, used_size=13281280 bytes (32.4%)
(RDMA_READ_CONSUME_CHECK_CONSUMER) timestamp=5845 ms, used_size=13279232 bytes (32.4%)
(RDMA_READ_CONSUME_CHECK_CONSUMER) timestamp=5845 ms, used_size=13277184 bytes (32.4%)
(RDMA_READ_CONSUME_CHECK_CONSUMER) timestamp=5845 ms, used_size=13275136 bytes (32.4%)
(RDMA_READ_CONSUME_CHECK_CONSUMER) timestamp=5845 ms, used_size=13273088 bytes (32.4%)
(RDMA_READ_CONSUME_CHECK_CONSUMER) timestamp=5845 ms, used_size=13271040 bytes (32.4%)
(RDMA_READ_CONSUME_CHECK_CONSUMER) timestamp=5845 ms, used_size=13268992 bytes (32.4%)
(RDMA_READ_CONSUME_CHECK_CONSUMER) timestamp=5845 ms, used_size=13266944 bytes (32.4%)
(RDMA_READ_CONSUME_CHECK_CONSUMER) timestamp=5845 ms, used_size=13264896 bytes (32.4%)
(RDMA_READ_CONSUME_CHECK_CONSUMER) timestamp=5845 ms, used_size=13262848 bytes (32.4%)
(RDMA_READ_CONSUME_CHECK_CONSUMER) timestamp=5845 ms, used_size=13260800 bytes (32.4%)
(RDMA_READ_CONSUME_CHECK_CONSUMER) timestamp=5845 ms, used_size=13258752 bytes (32.4%)
(RDMA_READ_CONSUME_CHECK_CONSUMER) timestamp=5845 ms, used_size=13256704 bytes (32.4%)
(RDMA_READ_CONSUME_CHECK_CONSUMER) timestamp=5845 ms, used_size=13254656 bytes (32.4%)
(RDMA_READ_CONSUME_CHECK_CONSUMER) timestamp=5845 ms, used_size=13252608 bytes (32.4%)
(RDMA_READ_CONSUME_CHECK_CONSUMER) timestamp=5845 ms, used_size=13250560 bytes (32.4%)
(RDMA_READ_CONSUME_CHECK_CONSUMER) timestamp=5845 ms, used_size=13248512 bytes (32.3%)
(RDMA_READ_CONSUME_CHECK_CONSUMER) timestamp=5845 ms, used_size=13246464 bytes (32.3%)
(RDMA_READ_CONSUME_CHECK_CONSUMER) timestamp=5845 ms, used_size=13244416 bytes (32.3%)
(RDMA_READ_CONSUME_CHECK_CONSUMER) timestamp=5845 ms, used_size=13242368 bytes (32.3%)
(RDMA_READ_CONSUME_CHECK_CONSUMER) timestamp=5845 ms, used_size=13240320 bytes (32.3%)
(RDMA_READ_CONSUME_CHECK_CONSUMER) timestamp=5845 ms, used_size=13238272 bytes (32.3%)
(RDMA_READ_CONSUME_CHECK_CONSUMER) timestamp=5845 ms, used_size=13236224 bytes (32.3%)
(RDMA_READ_CONSUME_CHECK_CONSUMER) timestamp=5845 ms, used_size=13234176 bytes (32.3%)
(RDMA_READ_CONSUME_CHECK_CONSUMER) timestamp=5845 ms, used_size=13232128 bytes (32.3%)
(RDMA_READ_CONSUME_CHECK_CONSUMER) timestamp=5845 ms, used_size=13230080 bytes (32.3%)
(RDMA_READ_CONSUME_CHECK_CONSUMER) timestamp=5845 ms, used_size=13228032 bytes (32.3%)
(RDMA_READ_CONSUME_CHECK_CONSUMER) timestamp=5845 ms, used_size=13225984 bytes (32.3%)
(RDMA_READ_CONSUME_CHECK_CONSUMER) timestamp=5845 ms, used_size=13223936 bytes (32.3%)
(RDMA_READ_CONSUME_CHECK_CONSUMER) timestamp=5845 ms, used_size=13221888 bytes (32.3%)
(RDMA_READ_CONSUME_CHECK_CONSUMER) timestamp=5845 ms, used_size=13219840 bytes (32.3%)
(RDMA_READ_CONSUME_CHECK_CONSUMER) timestamp=5845 ms, used_size=13217792 bytes (32.3%)
(RDMA_READ_CONSUME_CHECK_CONSUMER) timestamp=5845 ms, used_size=13215744 bytes (32.3%)
(RDMA_READ_CONSUME_CHECK_CONSUMER) timestamp=5845 ms, used_size=13213696 bytes (32.3%)
(RDMA_READ_CONSUME_CHECK_CONSUMER) timestamp=5845 ms, used_size=13211648 bytes (32.3%)
(RDMA_READ_CONSUME_CHECK_CONSUMER) timestamp=5845 ms, used_size=13209600 bytes (32.2%)
(RDMA_READ_CONSUME_CHECK_CONSUMER) timestamp=5845 ms, used_size=13207552 bytes (32.2%)
(RDMA_READ_CONSUME_CHECK_CONSUMER) timestamp=5845 ms, used_size=13205504 bytes (32.2%)
(RDMA_READ_CONSUME_CHECK_CONSUMER) timestamp=5845 ms, used_size=13203456 bytes (32.2%)
(RDMA_READ_CONSUME_CHECK_CONSUMER) timestamp=5845 ms, used_size=13201408 bytes (32.2%)
(RDMA_READ_CONSUME_CHECK_CONSUMER) timestamp=5845 ms, used_size=13199360 bytes (32.2%)
(RDMA_READ_CONSUME_CHECK_CONSUMER) timestamp=5845 ms, used_size=13197312 bytes (32.2%)
(RDMA_READ_CONSUME_CHECK_CONSUMER) timestamp=5845 ms, used_size=13195264 bytes (32.2%)
(RDMA_READ_CONSUME_CHECK_CONSUMER) timestamp=5845 ms, used_size=13193216 bytes (32.2%)
(RDMA_READ_CONSUME_CHECK_CONSUMER) timestamp=5845 ms, used_size=13191168 bytes (32.2%)
(RDMA_READ_CONSUME_CHECK_CONSUMER) timestamp=5845 ms, used_size=13189120 bytes (32.2%)
(RDMA_READ_CONSUME_CHECK_CONSUMER) timestamp=5845 ms, used_size=13187072 bytes (32.2%)
(RDMA_READ_CONSUME_CHECK_CONSUMER) timestamp=5845 ms, used_size=13185024 bytes (32.2%)
(RDMA_READ_CONSUME_CHECK_CONSUMER) timestamp=5845 ms, used_size=13182976 bytes (32.2%)
(RDMA_READ_CONSUME_CHECK_CONSUMER) timestamp=5845 ms, used_size=13180928 bytes (32.2%)
(RDMA_READ_CONSUME_CHECK_CONSUMER) timestamp=5845 ms, used_size=13178880 bytes (32.2%)
(RDMA_READ_CONSUME_CHECK_CONSUMER) timestamp=5845 ms, used_size=13176832 bytes (32.2%)
(RDMA_READ_CONSUME_CHECK_CONSUMER) timestamp=5845 ms, used_size=13174784 bytes (32.2%)
(RDMA_READ_CONSUME_CHECK_CONSUMER) timestamp=5845 ms, used_size=13172736 bytes (32.2%)
(RDMA_READ_CONSUME_CHECK_CONSUMER) timestamp=5845 ms, used_size=13170688 bytes (32.2%)
(RDMA_READ_CONSUME_CHECK_CONSUMER) timestamp=5845 ms, used_size=13168640 bytes (32.1%)
(RDMA_READ_CONSUME_CHECK_CONSUMER) timestamp=5845 ms, used_size=13166592 bytes (32.1%)
(RDMA_READ_CONSUME_CHECK_CONSUMER) timestamp=5845 ms, used_size=13164544 bytes (32.1%)
(RDMA_READ_CONSUME_CHECK_CONSUMER) timestamp=5845 ms, used_size=13162496 bytes (32.1%)
(RDMA_READ_CONSUME_CHECK_CONSUMER) timestamp=5845 ms, used_size=13160448 bytes (32.1%)
(RDMA_READ_CONSUME_CHECK_CONSUMER) timestamp=5845 ms, used_size=13158400 bytes (32.1%)
(RDMA_READ_CONSUME_CHECK_CONSUMER) timestamp=5845 ms, used_size=13156352 bytes (32.1%)
(RDMA_READ_CONSUME_CHECK_CONSUMER) timestamp=5845 ms, used_size=13154304 bytes (32.1%)
(RDMA_READ_CONSUME_CHECK_CONSUMER) timestamp=5845 ms, used_size=13152256 bytes (32.1%)
(RDMA_READ_CONSUME_CHECK_CONSUMER) timestamp=5845 ms, used_size=13150208 bytes (32.1%)
(RDMA_READ_CONSUME_CHECK_CONSUMER) timestamp=5845 ms, used_size=13148160 bytes (32.1%)
(RDMA_READ_CONSUME_CHECK_CONSUMER) timestamp=5845 ms, used_size=13146112 bytes (32.1%)
(RDMA_READ_CONSUME_CHECK_CONSUMER) timestamp=5845 ms, used_size=13144064 bytes (32.1%)
(RDMA_READ_CONSUME_CHECK_CONSUMER) timestamp=5845 ms, used_size=13142016 bytes (32.1%)
(RDMA_READ_CONSUME_CHECK_CONSUMER) timestamp=5845 ms, used_size=13139968 bytes (32.1%)
(RDMA_READ_CONSUME_CHECK_CONSUMER) timestamp=5845 ms, used_size=13137920 bytes (32.1%)
(RDMA_READ_CONSUME_CHECK_CONSUMER) timestamp=5845 ms, used_size=13135872 bytes (32.1%)
(RDMA_READ_CONSUME_CHECK_CONSUMER) timestamp=5845 ms, used_size=13133824 bytes (32.1%)
(RDMA_READ_CONSUME_CHECK_CONSUMER) timestamp=5845 ms, used_size=13131776 bytes (32.1%)
(RDMA_READ_CONSUME_CHECK_CONSUMER) timestamp=5845 ms, used_size=13129728 bytes (32.1%)
(RDMA_READ_CONSUME_CHECK_CONSUMER) timestamp=5845 ms, used_size=13127680 bytes (32.0%)
(RDMA_READ_CONSUME_CHECK_CONSUMER) timestamp=5845 ms, used_size=13125632 bytes (32.0%)
(RDMA_READ_CONSUME_CHECK_CONSUMER) timestamp=5845 ms, used_size=13123584 bytes (32.0%)
(RDMA_READ_CONSUME_CHECK_CONSUMER) timestamp=5845 ms, used_size=13121536 bytes (32.0%)
(RDMA_READ_CONSUME_CHECK_CONSUMER) timestamp=5845 ms, used_size=13119488 bytes (32.0%)
(RDMA_READ_CONSUME_CHECK_CONSUMER) timestamp=5845 ms, used_size=13117440 bytes (32.0%)
(RDMA_READ_CONSUME_CHECK_CONSUMER) timestamp=5845 ms, used_size=13115392 bytes (32.0%)
(RDMA_READ_CONSUME_CHECK_CONSUMER) timestamp=5845 ms, used_size=13113344 bytes (32.0%)
(RDMA_READ_CONSUME_CHECK_CONSUMER) timestamp=5845 ms, used_size=13111296 bytes (32.0%)
(RDMA_READ_CONSUME_CHECK_CONSUMER) timestamp=5845 ms, used_size=13109248 bytes (32.0%)
(RDMA_READ_CONSUME_CHECK_CONSUMER) timestamp=5845 ms, used_size=13107200 bytes (32.0%)
(RDMA_READ_CONSUME_CHECK_CONSUMER) timestamp=5845 ms, used_size=13105152 bytes (32.0%)
(RDMA_READ_CONSUME_CHECK_CONSUMER) timestamp=5845 ms, used_size=13103104 bytes (32.0%)
(RDMA_READ_CONSUME_CHECK_CONSUMER) timestamp=5845 ms, used_size=13101056 bytes (32.0%)
(RDMA_READ_CONSUME_CHECK_CONSUMER) timestamp=5845 ms, used_size=13099008 bytes (32.0%)
(RDMA_READ_CONSUME_CHECK_CONSUMER) timestamp=5845 ms, used_size=13096960 bytes (32.0%)
(RDMA_READ_CONSUME_CHECK_CONSUMER) timestamp=5845 ms, used_size=13094912 bytes (32.0%)
(RDMA_READ_CONSUME_CHECK_CONSUMER) timestamp=5845 ms, used_size=13092864 bytes (32.0%)
(RDMA_READ_CONSUME_CHECK_CONSUMER) timestamp=5845 ms, used_size=13090816 bytes (32.0%)
(RDMA_READ_CONSUME_CHECK_CONSUMER) timestamp=5845 ms, used_size=13088768 bytes (32.0%)
(RDMA_READ_CONSUME_CHECK_CONSUMER) timestamp=5845 ms, used_size=13086720 bytes (31.9%)
(RDMA_READ_CONSUME_CHECK_CONSUMER) timestamp=5845 ms, used_size=13084672 bytes (31.9%)
(RDMA_READ_CONSUME_CHECK_CONSUMER) timestamp=5845 ms, used_size=13082624 bytes (31.9%)
(RDMA_READ_CONSUME_CHECK_CONSUMER) timestamp=5845 ms, used_size=13080576 bytes (31.9%)
(RDMA_READ_CONSUME_CHECK_CONSUMER) timestamp=5845 ms, used_size=13078528 bytes (31.9%)
(RDMA_READ_CONSUME_CHECK_CONSUMER) timestamp=5845 ms, used_size=13076480 bytes (31.9%)
(RDMA_READ_CONSUME_CHECK_CONSUMER) timestamp=5845 ms, used_size=13074432 bytes (31.9%)
(RDMA_READ_CONSUME_CHECK_CONSUMER) timestamp=5845 ms, used_size=13072384 bytes (31.9%)
(RDMA_READ_CONSUME_CHECK_CONSUMER) timestamp=5845 ms, used_size=13070336 bytes (31.9%)
(RDMA_READ_CONSUME_CHECK_CONSUMER) timestamp=5845 ms, used_size=13068288 bytes (31.9%)
(RDMA_READ_CONSUME_CHECK_CONSUMER) timestamp=5845 ms, used_size=13066240 bytes (31.9%)
(RDMA_READ_CONSUME_CHECK_CONSUMER) timestamp=5845 ms, used_size=13064192 bytes (31.9%)
(RDMA_READ_CONSUME_CHECK_CONSUMER) timestamp=5845 ms, used_size=13062144 bytes (31.9%)
(RDMA_READ_CONSUME_CHECK_CONSUMER) timestamp=5845 ms, used_size=13060096 bytes (31.9%)
(RDMA_READ_CONSUME_CHECK_CONSUMER) timestamp=5845 ms, used_size=13058048 bytes (31.9%)
(RDMA_READ_CONSUME_CHECK_CONSUMER) timestamp=5845 ms, used_size=13056000 bytes (31.9%)
(RDMA_READ_CONSUME_CHECK_CONSUMER) timestamp=5845 ms, used_size=13053952 bytes (31.9%)
(RDMA_READ_CONSUME_CHECK_CONSUMER) timestamp=5845 ms, used_size=13051904 bytes (31.9%)
(RDMA_READ_CONSUME_CHECK_CONSUMER) timestamp=5845 ms, used_size=13049856 bytes (31.9%)
(RDMA_READ_CONSUME_CHECK_CONSUMER) timestamp=5845 ms, used_size=13047808 bytes (31.9%)
(RDMA_READ_CONSUME_CHECK_CONSUMER) timestamp=5845 ms, used_size=13045760 bytes (31.9%)
(RDMA_READ_CONSUME_CHECK_CONSUMER) timestamp=5845 ms, used_size=13043712 bytes (31.8%)
(RDMA_READ_CONSUME_CHECK_CONSUMER) timestamp=5845 ms, used_size=13041664 bytes (31.8%)
(RDMA_READ_CONSUME_CHECK_CONSUMER) timestamp=5845 ms, used_size=13039616 bytes (31.8%)
(RDMA_READ_CONSUME_CHECK_CONSUMER) timestamp=5845 ms, used_size=13037568 bytes (31.8%)
(RDMA_READ_CONSUME_CHECK_CONSUMER) timestamp=5845 ms, used_size=13035520 bytes (31.8%)
(RDMA_READ_CONSUME_CHECK_CONSUMER) timestamp=5845 ms, used_size=13033472 bytes (31.8%)
(RDMA_READ_CONSUME_CHECK_CONSUMER) timestamp=5845 ms, used_size=13031424 bytes (31.8%)
(RDMA_READ_CONSUME_CHECK_CONSUMER) timestamp=5845 ms, used_size=13029376 bytes (31.8%)
(RDMA_READ_CONSUME_CHECK_CONSUMER) timestamp=5845 ms, used_size=13027328 bytes (31.8%)
(RDMA_READ_CONSUME_CHECK_CONSUMER) timestamp=5845 ms, used_size=13025280 bytes (31.8%)
(RDMA_READ_CONSUME_CHECK_CONSUMER) timestamp=5846 ms, used_size=13023232 bytes (31.8%)
(RDMA_READ_CONSUME_CHECK_CONSUMER) timestamp=5846 ms, used_size=13021184 bytes (31.8%)
(RDMA_READ_CONSUME_CHECK_CONSUMER) timestamp=5846 ms, used_size=13019136 bytes (31.8%)
(RDMA_READ_CONSUME_CHECK_CONSUMER) timestamp=5846 ms, used_size=13017088 bytes (31.8%)
(RDMA_READ_CONSUME_CHECK_CONSUMER) timestamp=5846 ms, used_size=13015040 bytes (31.8%)
(RDMA_READ_CONSUME_CHECK_CONSUMER) timestamp=5846 ms, used_size=13012992 bytes (31.8%)
(RDMA_READ_CONSUME_CHECK_CONSUMER) timestamp=5846 ms, used_size=13010944 bytes (31.8%)
(RDMA_READ_CONSUME_CHECK_CONSUMER) timestamp=5846 ms, used_size=13008896 bytes (31.8%)
(RDMA_READ_CONSUME_CHECK_CONSUMER) timestamp=5846 ms, used_size=13006848 bytes (31.8%)
(RDMA_READ_CONSUME_CHECK_CONSUMER) timestamp=5846 ms, used_size=13004800 bytes (31.8%)
(RDMA_READ_CONSUME_CHECK_CONSUMER) timestamp=5846 ms, used_size=13002752 bytes (31.7%)
(RDMA_READ_CONSUME_CHECK_CONSUMER) timestamp=5846 ms, used_size=13000704 bytes (31.7%)
(RDMA_READ_CONSUME_CHECK_CONSUMER) timestamp=5846 ms, used_size=12998656 bytes (31.7%)
(RDMA_READ_CONSUME_CHECK_CONSUMER) timestamp=5846 ms, used_size=12996608 bytes (31.7%)
(RDMA_READ_CONSUME_CHECK_CONSUMER) timestamp=5846 ms, used_size=12994560 bytes (31.7%)
(RDMA_READ_CONSUME_CHECK_CONSUMER) timestamp=5846 ms, used_size=12992512 bytes (31.7%)
(RDMA_READ_CONSUME_CHECK_CONSUMER) timestamp=5846 ms, used_size=12990464 bytes (31.7%)
(RDMA_READ_CONSUME_CHECK_CONSUMER) timestamp=5846 ms, used_size=12988416 bytes (31.7%)
(RDMA_READ_CONSUME_CHECK_CONSUMER) timestamp=5846 ms, used_size=12986368 bytes (31.7%)
(RDMA_READ_CONSUME_CHECK_CONSUMER) timestamp=5846 ms, used_size=12984320 bytes (31.7%)
(RDMA_READ_CONSUME_CHECK_CONSUMER) timestamp=5846 ms, used_size=12982272 bytes (31.7%)
(RDMA_READ_CONSUME_CHECK_CONSUMER) timestamp=5846 ms, used_size=12980224 bytes (31.7%)
(RDMA_READ_CONSUME_CHECK_CONSUMER) timestamp=5846 ms, used_size=12978176 bytes (31.7%)
(RDMA_READ_CONSUME_CHECK_CONSUMER) timestamp=5846 ms, used_size=12976128 bytes (31.7%)
(RDMA_READ_CONSUME_CHECK_CONSUMER) timestamp=5846 ms, used_size=12974080 bytes (31.7%)
(RDMA_READ_CONSUME_CHECK_CONSUMER) timestamp=5846 ms, used_size=12972032 bytes (31.7%)
(RDMA_READ_CONSUME_CHECK_CONSUMER) timestamp=5846 ms, used_size=12969984 bytes (31.7%)
(RDMA_READ_CONSUME_CHECK_CONSUMER) timestamp=5846 ms, used_size=12967936 bytes (31.7%)
(RDMA_READ_CONSUME_CHECK_CONSUMER) timestamp=5846 ms, used_size=12965888 bytes (31.7%)
(RDMA_READ_CONSUME_CHECK_CONSUMER) timestamp=5846 ms, used_size=12963840 bytes (31.6%)
(RDMA_READ_CONSUME_CHECK_CONSUMER) timestamp=5846 ms, used_size=12961792 bytes (31.6%)
(RDMA_READ_CONSUME_CHECK_CONSUMER) timestamp=5846 ms, used_size=12959744 bytes (31.6%)
(RDMA_READ_CONSUME_CHECK_CONSUMER) timestamp=5846 ms, used_size=12957696 bytes (31.6%)
(RDMA_READ_CONSUME_CHECK_CONSUMER) timestamp=5846 ms, used_size=12955648 bytes (31.6%)
(RDMA_READ_CONSUME_CHECK_CONSUMER) timestamp=5846 ms, used_size=12953600 bytes (31.6%)
(RDMA_READ_CONSUME_CHECK_CONSUMER) timestamp=5846 ms, used_size=12951552 bytes (31.6%)
(RDMA_READ_CONSUME_CHECK_CONSUMER) timestamp=5846 ms, used_size=12949504 bytes (31.6%)
(RDMA_READ_CONSUME_CHECK_CONSUMER) timestamp=5846 ms, used_size=12947456 bytes (31.6%)
(RDMA_READ_CONSUME_CHECK_CONSUMER) timestamp=5846 ms, used_size=12945408 bytes (31.6%)
(RDMA_READ_CONSUME_CHECK_CONSUMER) timestamp=5846 ms, used_size=12943360 bytes (31.6%)
(RDMA_READ_CONSUME_CHECK_CONSUMER) timestamp=5846 ms, used_size=12941312 bytes (31.6%)
(RDMA_READ_CONSUME_CHECK_CONSUMER) timestamp=5846 ms, used_size=12939264 bytes (31.6%)
(RDMA_READ_CONSUME_CHECK_CONSUMER) timestamp=5846 ms, used_size=12937216 bytes (31.6%)
(RDMA_READ_CONSUME_CHECK_CONSUMER) timestamp=5846 ms, used_size=12935168 bytes (31.6%)
(RDMA_READ_CONSUME_CHECK_CONSUMER) timestamp=5846 ms, used_size=12933120 bytes (31.6%)
(RDMA_READ_CONSUME_CHECK_CONSUMER) timestamp=5846 ms, used_size=12931072 bytes (31.6%)
(RDMA_READ_CONSUME_CHECK_CONSUMER) timestamp=5846 ms, used_size=12929024 bytes (31.6%)
(RDMA_READ_CONSUME_CHECK_CONSUMER) timestamp=5846 ms, used_size=12926976 bytes (31.6%)
(RDMA_READ_CONSUME_CHECK_CONSUMER) timestamp=5846 ms, used_size=12924928 bytes (31.6%)
(RDMA_READ_CONSUME_CHECK_CONSUMER) timestamp=5846 ms, used_size=12922880 bytes (31.6%)
(RDMA_READ_CONSUME_CHECK_CONSUMER) timestamp=5846 ms, used_size=12920832 bytes (31.5%)
(RDMA_READ_CONSUME_CHECK_CONSUMER) timestamp=5846 ms, used_size=12918784 bytes (31.5%)
(RDMA_READ_CONSUME_CHECK_CONSUMER) timestamp=5846 ms, used_size=12916736 bytes (31.5%)
(RDMA_READ_CONSUME_CHECK_CONSUMER) timestamp=5846 ms, used_size=12914688 bytes (31.5%)
(RDMA_READ_CONSUME_CHECK_CONSUMER) timestamp=5846 ms, used_size=12912640 bytes (31.5%)
(RDMA_READ_CONSUME_CHECK_CONSUMER) timestamp=5846 ms, used_size=12910592 bytes (31.5%)
(RDMA_READ_CONSUME_CHECK_CONSUMER) timestamp=5846 ms, used_size=12908544 bytes (31.5%)
(RDMA_READ_CONSUME_CHECK_CONSUMER) timestamp=5846 ms, used_size=12906496 bytes (31.5%)
(RDMA_READ_CONSUME_CHECK_CONSUMER) timestamp=5846 ms, used_size=12904448 bytes (31.5%)
(RDMA_READ_CONSUME_CHECK_CONSUMER) timestamp=5846 ms, used_size=12902400 bytes (31.5%)
(RDMA_READ_CONSUME_CHECK_CONSUMER) timestamp=5846 ms, used_size=12900352 bytes (31.5%)
(RDMA_READ_CONSUME_CHECK_CONSUMER) timestamp=5846 ms, used_size=12898304 bytes (31.5%)
(RDMA_READ_CONSUME_CHECK_CONSUMER) timestamp=5846 ms, used_size=12896256 bytes (31.5%)
(RDMA_READ_CONSUME_CHECK_CONSUMER) timestamp=5846 ms, used_size=12894208 bytes (31.5%)
(RDMA_READ_CONSUME_CHECK_CONSUMER) timestamp=5846 ms, used_size=12892160 bytes (31.5%)
(RDMA_READ_CONSUME_CHECK_CONSUMER) timestamp=5846 ms, used_size=12890112 bytes (31.5%)
(RDMA_READ_CONSUME_CHECK_CONSUMER) timestamp=5846 ms, used_size=12888064 bytes (31.5%)
(RDMA_READ_CONSUME_CHECK_CONSUMER) timestamp=5846 ms, used_size=12886016 bytes (31.5%)
(RDMA_READ_CONSUME_CHECK_CONSUMER) timestamp=5846 ms, used_size=12883968 bytes (31.5%)
(RDMA_READ_CONSUME_CHECK_CONSUMER) timestamp=5846 ms, used_size=12881920 bytes (31.4%)
(RDMA_READ_CONSUME_CHECK_CONSUMER) timestamp=5846 ms, used_size=12879872 bytes (31.4%)
(RDMA_READ_CONSUME_CHECK_CONSUMER) timestamp=5846 ms, used_size=12877824 bytes (31.4%)
(RDMA_READ_CONSUME_CHECK_CONSUMER) timestamp=5846 ms, used_size=12875776 bytes (31.4%)
(RDMA_READ_CONSUME_CHECK_CONSUMER) timestamp=5846 ms, used_size=12873728 bytes (31.4%)
(RDMA_READ_CONSUME_CHECK_CONSUMER) timestamp=5846 ms, used_size=12871680 bytes (31.4%)
(RDMA_READ_CONSUME_CHECK_CONSUMER) timestamp=5846 ms, used_size=12869632 bytes (31.4%)
(RDMA_READ_CONSUME_CHECK_CONSUMER) timestamp=5846 ms, used_size=12867584 bytes (31.4%)
(RDMA_READ_CONSUME_CHECK_CONSUMER) timestamp=5846 ms, used_size=12865536 bytes (31.4%)
(RDMA_READ_CONSUME_CHECK_CONSUMER) timestamp=5846 ms, used_size=12863488 bytes (31.4%)
(RDMA_READ_CONSUME_CHECK_CONSUMER) timestamp=5846 ms, used_size=12861440 bytes (31.4%)
(RDMA_READ_CONSUME_CHECK_CONSUMER) timestamp=5846 ms, used_size=12859392 bytes (31.4%)
(RDMA_READ_CONSUME_CHECK_CONSUMER) timestamp=5846 ms, used_size=12857344 bytes (31.4%)
(RDMA_READ_CONSUME_CHECK_CONSUMER) timestamp=5846 ms, used_size=12855296 bytes (31.4%)
(RDMA_READ_CONSUME_CHECK_CONSUMER) timestamp=5846 ms, used_size=12853248 bytes (31.4%)
(RDMA_READ_CONSUME_CHECK_CONSUMER) timestamp=5846 ms, used_size=12851200 bytes (31.4%)
(RDMA_READ_CONSUME_CHECK_CONSUMER) timestamp=5846 ms, used_size=12849152 bytes (31.4%)
(RDMA_READ_CONSUME_CHECK_CONSUMER) timestamp=5846 ms, used_size=12847104 bytes (31.4%)
(RDMA_READ_CONSUME_CHECK_CONSUMER) timestamp=5846 ms, used_size=12845056 bytes (31.4%)
(RDMA_READ_CONSUME_CHECK_CONSUMER) timestamp=5846 ms, used_size=12843008 bytes (31.4%)
(RDMA_READ_CONSUME_CHECK_CONSUMER) timestamp=5846 ms, used_size=12840960 bytes (31.4%)
(RDMA_READ_CONSUME_CHECK_CONSUMER) timestamp=5846 ms, used_size=12838912 bytes (31.3%)
(RDMA_READ_CONSUME_CHECK_CONSUMER) timestamp=5846 ms, used_size=12836864 bytes (31.3%)
(RDMA_READ_CONSUME_CHECK_CONSUMER) timestamp=5846 ms, used_size=12834816 bytes (31.3%)
(RDMA_READ_CONSUME_CHECK_CONSUMER) timestamp=5846 ms, used_size=12832768 bytes (31.3%)
(RDMA_READ_CONSUME_CHECK_CONSUMER) timestamp=5846 ms, used_size=12830720 bytes (31.3%)
(RDMA_READ_CONSUME_CHECK_CONSUMER) timestamp=5846 ms, used_size=12828672 bytes (31.3%)
(RDMA_READ_CONSUME_CHECK_CONSUMER) timestamp=5846 ms, used_size=12826624 bytes (31.3%)
(RDMA_READ_CONSUME_CHECK_CONSUMER) timestamp=5846 ms, used_size=12824576 bytes (31.3%)
(RDMA_READ_CONSUME_CHECK_CONSUMER) timestamp=5846 ms, used_size=12822528 bytes (31.3%)
(RDMA_READ_CONSUME_CHECK_CONSUMER) timestamp=5846 ms, used_size=12820480 bytes (31.3%)
(RDMA_READ_CONSUME_CHECK_CONSUMER) timestamp=5846 ms, used_size=12818432 bytes (31.3%)
(RDMA_READ_CONSUME_CHECK_CONSUMER) timestamp=5846 ms, used_size=12816384 bytes (31.3%)
(RDMA_READ_CONSUME_CHECK_CONSUMER) timestamp=5846 ms, used_size=12814336 bytes (31.3%)
(RDMA_READ_CONSUME_CHECK_CONSUMER) timestamp=5846 ms, used_size=12812288 bytes (31.3%)
(RDMA_READ_CONSUME_CHECK_CONSUMER) timestamp=5846 ms, used_size=12810240 bytes (31.3%)
(RDMA_READ_CONSUME_CHECK_CONSUMER) timestamp=5846 ms, used_size=12808192 bytes (31.3%)
(RDMA_READ_CONSUME_CHECK_CONSUMER) timestamp=5846 ms, used_size=12806144 bytes (31.3%)
(RDMA_READ_CONSUME_CHECK_CONSUMER) timestamp=5846 ms, used_size=12804096 bytes (31.3%)
(RDMA_READ_CONSUME_CHECK_CONSUMER) timestamp=5846 ms, used_size=12802048 bytes (31.3%)
(RDMA_READ_CONSUME_CHECK_CONSUMER) timestamp=5846 ms, used_size=12800000 bytes (31.2%)
(RDMA_READ_CONSUME_CHECK_CONSUMER) timestamp=5846 ms, used_size=12797952 bytes (31.2%)
(RDMA_READ_CONSUME_CHECK_CONSUMER) timestamp=5846 ms, used_size=12795904 bytes (31.2%)
(RDMA_READ_CONSUME_CHECK_CONSUMER) timestamp=5846 ms, used_size=12793856 bytes (31.2%)
(RDMA_READ_CONSUME_CHECK_CONSUMER) timestamp=5846 ms, used_size=12791808 bytes (31.2%)
(RDMA_READ_CONSUME_CHECK_CONSUMER) timestamp=5846 ms, used_size=12789760 bytes (31.2%)
(RDMA_READ_CONSUME_CHECK_CONSUMER) timestamp=5846 ms, used_size=12787712 bytes (31.2%)
(RDMA_READ_CONSUME_CHECK_CONSUMER) timestamp=5846 ms, used_size=12785664 bytes (31.2%)
(RDMA_READ_CONSUME_CHECK_CONSUMER) timestamp=5846 ms, used_size=12783616 bytes (31.2%)
(RDMA_READ_CONSUME_CHECK_CONSUMER) timestamp=5846 ms, used_size=12781568 bytes (31.2%)
(RDMA_READ_CONSUME_CHECK_CONSUMER) timestamp=5846 ms, used_size=12779520 bytes (31.2%)
(RDMA_READ_CONSUME_CHECK_CONSUMER) timestamp=5846 ms, used_size=12777472 bytes (31.2%)
(RDMA_READ_CONSUME_CHECK_CONSUMER) timestamp=5846 ms, used_size=12775424 bytes (31.2%)
(RDMA_READ_CONSUME_CHECK_CONSUMER) timestamp=5846 ms, used_size=12773376 bytes (31.2%)
(RDMA_READ_CONSUME_CHECK_CONSUMER) timestamp=5846 ms, used_size=12771328 bytes (31.2%)
(RDMA_READ_CONSUME_CHECK_CONSUMER) timestamp=5846 ms, used_size=12769280 bytes (31.2%)
(RDMA_READ_CONSUME_CHECK_CONSUMER) timestamp=5846 ms, used_size=12767232 bytes (31.2%)
(RDMA_READ_CONSUME_CHECK_CONSUMER) timestamp=5846 ms, used_size=12765184 bytes (31.2%)
(RDMA_READ_CONSUME_CHECK_CONSUMER) timestamp=5846 ms, used_size=12763136 bytes (31.2%)
(RDMA_READ_CONSUME_CHECK_CONSUMER) timestamp=5846 ms, used_size=12761088 bytes (31.2%)
(RDMA_READ_CONSUME_CHECK_CONSUMER) timestamp=5846 ms, used_size=12759040 bytes (31.1%)
(RDMA_READ_CONSUME_CHECK_CONSUMER) timestamp=5846 ms, used_size=12756992 bytes (31.1%)
(RDMA_READ_CONSUME_CHECK_CONSUMER) timestamp=5846 ms, used_size=12754944 bytes (31.1%)
(RDMA_READ_CONSUME_CHECK_CONSUMER) timestamp=5846 ms, used_size=12752896 bytes (31.1%)
(RDMA_READ_CONSUME_CHECK_CONSUMER) timestamp=5846 ms, used_size=12750848 bytes (31.1%)
(RDMA_READ_CONSUME_CHECK_CONSUMER) timestamp=5846 ms, used_size=12748800 bytes (31.1%)
(RDMA_READ_CONSUME_CHECK_CONSUMER) timestamp=5846 ms, used_size=12746752 bytes (31.1%)
(RDMA_READ_CONSUME_CHECK_CONSUMER) timestamp=5846 ms, used_size=12744704 bytes (31.1%)
(RDMA_READ_CONSUME_CHECK_CONSUMER) timestamp=5846 ms, used_size=12742656 bytes (31.1%)
(RDMA_READ_CONSUME_CHECK_CONSUMER) timestamp=5846 ms, used_size=12740608 bytes (31.1%)
(RDMA_READ_CONSUME_CHECK_CONSUMER) timestamp=5846 ms, used_size=12738560 bytes (31.1%)
(RDMA_READ_CONSUME_CHECK_CONSUMER) timestamp=5846 ms, used_size=12736512 bytes (31.1%)
(RDMA_READ_CONSUME_CHECK_CONSUMER) timestamp=5846 ms, used_size=12734464 bytes (31.1%)
(RDMA_READ_CONSUME_CHECK_CONSUMER) timestamp=5846 ms, used_size=12732416 bytes (31.1%)
(RDMA_READ_CONSUME_CHECK_CONSUMER) timestamp=5846 ms, used_size=12730368 bytes (31.1%)
(RDMA_READ_CONSUME_CHECK_CONSUMER) timestamp=5846 ms, used_size=12728320 bytes (31.1%)
(RDMA_READ_CONSUME_CHECK_CONSUMER) timestamp=5846 ms, used_size=12726272 bytes (31.1%)
(RDMA_READ_CONSUME_CHECK_CONSUMER) timestamp=5846 ms, used_size=12724224 bytes (31.1%)
(RDMA_READ_CONSUME_CHECK_CONSUMER) timestamp=5846 ms, used_size=12722176 bytes (31.1%)
(RDMA_READ_CONSUME_CHECK_CONSUMER) timestamp=5846 ms, used_size=12720128 bytes (31.1%)
(RDMA_READ_CONSUME_CHECK_CONSUMER) timestamp=5846 ms, used_size=12718080 bytes (31.1%)
(RDMA_READ_CONSUME_CHECK_CONSUMER) timestamp=5846 ms, used_size=12716032 bytes (31.0%)
(RDMA_READ_CONSUME_CHECK_CONSUMER) timestamp=5846 ms, used_size=12713984 bytes (31.0%)
(RDMA_READ_CONSUME_CHECK_CONSUMER) timestamp=5846 ms, used_size=12711936 bytes (31.0%)
(RDMA_READ_CONSUME_CHECK_CONSUMER) timestamp=5846 ms, used_size=12709888 bytes (31.0%)
(RDMA_READ_CONSUME_CHECK_CONSUMER) timestamp=5846 ms, used_size=12707840 bytes (31.0%)
(RDMA_READ_CONSUME_CHECK_CONSUMER) timestamp=5846 ms, used_size=12705792 bytes (31.0%)
(RDMA_READ_CONSUME_CHECK_CONSUMER) timestamp=5846 ms, used_size=12703744 bytes (31.0%)
(RDMA_READ_CONSUME_CHECK_CONSUMER) timestamp=5846 ms, used_size=12701696 bytes (31.0%)
(RDMA_READ_CONSUME_CHECK_CONSUMER) timestamp=5846 ms, used_size=12699648 bytes (31.0%)
(RDMA_READ_CONSUME_CHECK_CONSUMER) timestamp=5846 ms, used_size=12697600 bytes (31.0%)
(RDMA_READ_CONSUME_CHECK_CONSUMER) timestamp=5846 ms, used_size=12695552 bytes (31.0%)
(RDMA_READ_CONSUME_CHECK_CONSUMER) timestamp=5846 ms, used_size=12693504 bytes (31.0%)
(RDMA_READ_CONSUME_CHECK_CONSUMER) timestamp=5846 ms, used_size=12691456 bytes (31.0%)
(RDMA_READ_CONSUME_CHECK_CONSUMER) timestamp=5846 ms, used_size=12689408 bytes (31.0%)
(RDMA_READ_CONSUME_CHECK_CONSUMER) timestamp=5846 ms, used_size=12687360 bytes (31.0%)
(RDMA_READ_CONSUME_CHECK_CONSUMER) timestamp=5846 ms, used_size=12685312 bytes (31.0%)
(RDMA_READ_CONSUME_CHECK_CONSUMER) timestamp=5846 ms, used_size=12683264 bytes (31.0%)
(RDMA_READ_CONSUME_CHECK_CONSUMER) timestamp=5846 ms, used_size=12681216 bytes (31.0%)
(RDMA_READ_CONSUME_CHECK_CONSUMER) timestamp=5846 ms, used_size=12679168 bytes (31.0%)
(RDMA_READ_CONSUME_CHECK_CONSUMER) timestamp=5846 ms, used_size=12677120 bytes (30.9%)
(RDMA_READ_CONSUME_CHECK_CONSUMER) timestamp=5846 ms, used_size=12675072 bytes (30.9%)
(RDMA_READ_CONSUME_CHECK_CONSUMER) timestamp=5846 ms, used_size=12673024 bytes (30.9%)
(RDMA_READ_CONSUME_CHECK_CONSUMER) timestamp=5846 ms, used_size=12670976 bytes (30.9%)
(RDMA_READ_CONSUME_CHECK_CONSUMER) timestamp=5846 ms, used_size=12668928 bytes (30.9%)
(RDMA_READ_CONSUME_CHECK_CONSUMER) timestamp=5846 ms, used_size=12666880 bytes (30.9%)
(RDMA_READ_CONSUME_CHECK_CONSUMER) timestamp=5846 ms, used_size=12664832 bytes (30.9%)
(RDMA_READ_CONSUME_CHECK_CONSUMER) timestamp=5846 ms, used_size=12662784 bytes (30.9%)
(RDMA_READ_CONSUME_CHECK_CONSUMER) timestamp=5846 ms, used_size=12660736 bytes (30.9%)
(RDMA_READ_CONSUME_CHECK_CONSUMER) timestamp=5846 ms, used_size=12658688 bytes (30.9%)
(RDMA_READ_CONSUME_CHECK_CONSUMER) timestamp=5846 ms, used_size=12656640 bytes (30.9%)
(RDMA_READ_CONSUME_CHECK_CONSUMER) timestamp=5846 ms, used_size=12654592 bytes (30.9%)
(RDMA_READ_CONSUME_CHECK_CONSUMER) timestamp=5847 ms, used_size=12652544 bytes (30.9%)
(RDMA_READ_CONSUME_CHECK_CONSUMER) timestamp=5847 ms, used_size=12650496 bytes (30.9%)
(RDMA_READ_CONSUME_CHECK_CONSUMER) timestamp=5847 ms, used_size=12648448 bytes (30.9%)
(RDMA_READ_CONSUME_CHECK_CONSUMER) timestamp=5847 ms, used_size=12646400 bytes (30.9%)
(RDMA_READ_CONSUME_CHECK_CONSUMER) timestamp=5847 ms, used_size=12644352 bytes (30.9%)
(RDMA_READ_CONSUME_CHECK_CONSUMER) timestamp=5847 ms, used_size=12642304 bytes (30.9%)
(RDMA_READ_CONSUME_CHECK_CONSUMER) timestamp=5847 ms, used_size=12640256 bytes (30.9%)
(RDMA_READ_CONSUME_CHECK_CONSUMER) timestamp=5847 ms, used_size=12638208 bytes (30.9%)
(RDMA_READ_CONSUME_CHECK_CONSUMER) timestamp=5847 ms, used_size=12636160 bytes (30.9%)
(RDMA_READ_CONSUME_CHECK_CONSUMER) timestamp=5847 ms, used_size=12634112 bytes (30.8%)
(RDMA_READ_CONSUME_CHECK_CONSUMER) timestamp=5847 ms, used_size=12632064 bytes (30.8%)
(RDMA_READ_CONSUME_CHECK_CONSUMER) timestamp=5847 ms, used_size=12630016 bytes (30.8%)
(RDMA_READ_CONSUME_CHECK_CONSUMER) timestamp=5847 ms, used_size=12627968 bytes (30.8%)
(RDMA_READ_CONSUME_CHECK_CONSUMER) timestamp=5847 ms, used_size=12625920 bytes (30.8%)
(RDMA_READ_CONSUME_CHECK_CONSUMER) timestamp=5847 ms, used_size=12623872 bytes (30.8%)
(RDMA_READ_CONSUME_CHECK_CONSUMER) timestamp=5847 ms, used_size=12621824 bytes (30.8%)
(RDMA_READ_CONSUME_CHECK_CONSUMER) timestamp=5847 ms, used_size=12619776 bytes (30.8%)
(RDMA_READ_CONSUME_CHECK_CONSUMER) timestamp=5847 ms, used_size=12617728 bytes (30.8%)
(RDMA_READ_CONSUME_CHECK_CONSUMER) timestamp=5847 ms, used_size=12615680 bytes (30.8%)
(RDMA_READ_CONSUME_CHECK_CONSUMER) timestamp=5847 ms, used_size=12613632 bytes (30.8%)
(RDMA_READ_CONSUME_CHECK_CONSUMER) timestamp=5847 ms, used_size=12611584 bytes (30.8%)
(RDMA_READ_CONSUME_CHECK_CONSUMER) timestamp=5847 ms, used_size=12609536 bytes (30.8%)
(RDMA_READ_CONSUME_CHECK_CONSUMER) timestamp=5847 ms, used_size=12607488 bytes (30.8%)
(RDMA_READ_CONSUME_CHECK_CONSUMER) timestamp=5847 ms, used_size=12605440 bytes (30.8%)
(RDMA_READ_CONSUME_CHECK_CONSUMER) timestamp=5847 ms, used_size=12603392 bytes (30.8%)
(RDMA_READ_CONSUME_CHECK_CONSUMER) timestamp=5847 ms, used_size=12601344 bytes (30.8%)
(RDMA_READ_CONSUME_CHECK_CONSUMER) timestamp=5847 ms, used_size=12599296 bytes (30.8%)
(RDMA_READ_CONSUME_CHECK_CONSUMER) timestamp=5847 ms, used_size=12597248 bytes (30.8%)
(RDMA_READ_CONSUME_CHECK_CONSUMER) timestamp=5847 ms, used_size=12595200 bytes (30.8%)
(RDMA_READ_CONSUME_CHECK_CONSUMER) timestamp=5847 ms, used_size=12593152 bytes (30.7%)
(RDMA_READ_CONSUME_CHECK_CONSUMER) timestamp=5847 ms, used_size=12591104 bytes (30.7%)
(RDMA_READ_CONSUME_CHECK_CONSUMER) timestamp=5847 ms, used_size=12589056 bytes (30.7%)
(RDMA_READ_CONSUME_CHECK_CONSUMER) timestamp=5847 ms, used_size=12587008 bytes (30.7%)
(RDMA_READ_CONSUME_CHECK_CONSUMER) timestamp=5847 ms, used_size=12584960 bytes (30.7%)
(RDMA_READ_CONSUME_CHECK_CONSUMER) timestamp=5847 ms, used_size=12582912 bytes (30.7%)
(RDMA_READ_CONSUME_CHECK_CONSUMER) timestamp=5847 ms, used_size=12580864 bytes (30.7%)
(RDMA_READ_CONSUME_CHECK_CONSUMER) timestamp=5847 ms, used_size=12578816 bytes (30.7%)
(RDMA_READ_CONSUME_CHECK_CONSUMER) timestamp=5847 ms, used_size=12576768 bytes (30.7%)
(RDMA_READ_CONSUME_CHECK_CONSUMER) timestamp=5847 ms, used_size=12574720 bytes (30.7%)
(RDMA_READ_CONSUME_CHECK_CONSUMER) timestamp=5847 ms, used_size=12572672 bytes (30.7%)
(RDMA_READ_CONSUME_CHECK_CONSUMER) timestamp=5847 ms, used_size=12570624 bytes (30.7%)
(RDMA_READ_CONSUME_CHECK_CONSUMER) timestamp=5847 ms, used_size=12568576 bytes (30.7%)
(RDMA_READ_CONSUME_CHECK_CONSUMER) timestamp=5847 ms, used_size=12566528 bytes (30.7%)
(RDMA_READ_CONSUME_CHECK_CONSUMER) timestamp=5847 ms, used_size=12564480 bytes (30.7%)
(RDMA_READ_CONSUME_CHECK_CONSUMER) timestamp=5847 ms, used_size=12562432 bytes (30.7%)
(RDMA_READ_CONSUME_CHECK_CONSUMER) timestamp=5847 ms, used_size=12560384 bytes (30.7%)
(RDMA_READ_CONSUME_CHECK_CONSUMER) timestamp=5847 ms, used_size=12558336 bytes (30.7%)
(RDMA_READ_CONSUME_CHECK_CONSUMER) timestamp=5847 ms, used_size=12556288 bytes (30.7%)
(RDMA_READ_CONSUME_CHECK_CONSUMER) timestamp=5847 ms, used_size=12554240 bytes (30.6%)
(RDMA_READ_CONSUME_CHECK_CONSUMER) timestamp=5847 ms, used_size=12552192 bytes (30.6%)
(RDMA_READ_CONSUME_CHECK_CONSUMER) timestamp=5847 ms, used_size=12550144 bytes (30.6%)
(RDMA_READ_CONSUME_CHECK_CONSUMER) timestamp=5847 ms, used_size=12548096 bytes (30.6%)
(RDMA_READ_CONSUME_CHECK_CONSUMER) timestamp=5847 ms, used_size=12546048 bytes (30.6%)
(RDMA_READ_CONSUME_CHECK_CONSUMER) timestamp=5847 ms, used_size=12544000 bytes (30.6%)
(RDMA_READ_CONSUME_CHECK_CONSUMER) timestamp=5847 ms, used_size=12541952 bytes (30.6%)
(RDMA_READ_CONSUME_CHECK_CONSUMER) timestamp=5847 ms, used_size=12539904 bytes (30.6%)
(RDMA_READ_CONSUME_CHECK_CONSUMER) timestamp=5847 ms, used_size=12537856 bytes (30.6%)
(RDMA_READ_CONSUME_CHECK_CONSUMER) timestamp=5847 ms, used_size=12535808 bytes (30.6%)
(RDMA_READ_CONSUME_CHECK_CONSUMER) timestamp=5847 ms, used_size=12533760 bytes (30.6%)
(RDMA_READ_CONSUME_CHECK_CONSUMER) timestamp=5847 ms, used_size=12531712 bytes (30.6%)
(RDMA_READ_CONSUME_CHECK_CONSUMER) timestamp=5847 ms, used_size=12529664 bytes (30.6%)
(RDMA_READ_CONSUME_CHECK_CONSUMER) timestamp=5847 ms, used_size=12527616 bytes (30.6%)
(RDMA_READ_CONSUME_CHECK_CONSUMER) timestamp=5847 ms, used_size=12525568 bytes (30.6%)
(RDMA_READ_CONSUME_CHECK_CONSUMER) timestamp=5847 ms, used_size=12523520 bytes (30.6%)
(RDMA_READ_CONSUME_CHECK_CONSUMER) timestamp=5847 ms, used_size=12521472 bytes (30.6%)
(RDMA_READ_CONSUME_CHECK_CONSUMER) timestamp=5847 ms, used_size=12519424 bytes (30.6%)
(RDMA_READ_CONSUME_CHECK_CONSUMER) timestamp=5847 ms, used_size=12517376 bytes (30.6%)
(RDMA_READ_CONSUME_CHECK_CONSUMER) timestamp=5847 ms, used_size=12515328 bytes (30.6%)
(RDMA_READ_CONSUME_CHECK_CONSUMER) timestamp=5847 ms, used_size=12513280 bytes (30.6%)
(RDMA_READ_CONSUME_CHECK_CONSUMER) timestamp=5847 ms, used_size=12511232 bytes (30.5%)
(RDMA_READ_CONSUME_CHECK_CONSUMER) timestamp=5847 ms, used_size=12509184 bytes (30.5%)
(RDMA_READ_CONSUME_CHECK_CONSUMER) timestamp=5847 ms, used_size=12507136 bytes (30.5%)
(RDMA_READ_CONSUME_CHECK_CONSUMER) timestamp=5847 ms, used_size=12505088 bytes (30.5%)
(RDMA_READ_CONSUME_CHECK_CONSUMER) timestamp=5847 ms, used_size=12503040 bytes (30.5%)
(RDMA_READ_CONSUME_CHECK_CONSUMER) timestamp=5847 ms, used_size=12500992 bytes (30.5%)
(RDMA_READ_CONSUME_CHECK_CONSUMER) timestamp=5847 ms, used_size=12498944 bytes (30.5%)
(RDMA_READ_CONSUME_CHECK_CONSUMER) timestamp=5847 ms, used_size=12496896 bytes (30.5%)
(RDMA_READ_CONSUME_CHECK_CONSUMER) timestamp=5847 ms, used_size=12494848 bytes (30.5%)
(RDMA_READ_CONSUME_CHECK_CONSUMER) timestamp=5847 ms, used_size=12492800 bytes (30.5%)
(RDMA_READ_CONSUME_CHECK_CONSUMER) timestamp=5847 ms, used_size=12490752 bytes (30.5%)
(RDMA_READ_CONSUME_CHECK_CONSUMER) timestamp=5847 ms, used_size=12488704 bytes (30.5%)
(RDMA_READ_CONSUME_CHECK_CONSUMER) timestamp=5847 ms, used_size=12486656 bytes (30.5%)
(RDMA_READ_CONSUME_CHECK_CONSUMER) timestamp=5847 ms, used_size=12484608 bytes (30.5%)
(RDMA_READ_CONSUME_CHECK_CONSUMER) timestamp=5847 ms, used_size=12482560 bytes (30.5%)
(RDMA_READ_CONSUME_CHECK_CONSUMER) timestamp=5847 ms, used_size=12480512 bytes (30.5%)
(RDMA_READ_CONSUME_CHECK_CONSUMER) timestamp=5847 ms, used_size=12478464 bytes (30.5%)
(RDMA_READ_CONSUME_CHECK_CONSUMER) timestamp=5847 ms, used_size=12476416 bytes (30.5%)
(RDMA_READ_CONSUME_CHECK_CONSUMER) timestamp=5847 ms, used_size=12474368 bytes (30.5%)
(RDMA_READ_CONSUME_CHECK_CONSUMER) timestamp=5847 ms, used_size=12472320 bytes (30.4%)
(RDMA_READ_CONSUME_CHECK_CONSUMER) timestamp=5847 ms, used_size=12470272 bytes (30.4%)
(RDMA_READ_CONSUME_CHECK_CONSUMER) timestamp=5847 ms, used_size=12468224 bytes (30.4%)
(RDMA_READ_CONSUME_CHECK_CONSUMER) timestamp=5847 ms, used_size=12466176 bytes (30.4%)
(RDMA_READ_CONSUME_CHECK_CONSUMER) timestamp=5847 ms, used_size=12464128 bytes (30.4%)
(RDMA_READ_CONSUME_CHECK_CONSUMER) timestamp=5847 ms, used_size=12462080 bytes (30.4%)
(RDMA_READ_CONSUME_CHECK_CONSUMER) timestamp=5847 ms, used_size=12460032 bytes (30.4%)
(RDMA_READ_CONSUME_CHECK_CONSUMER) timestamp=5847 ms, used_size=12457984 bytes (30.4%)
(RDMA_READ_CONSUME_CHECK_CONSUMER) timestamp=5847 ms, used_size=12455936 bytes (30.4%)
(RDMA_READ_CONSUME_CHECK_CONSUMER) timestamp=5847 ms, used_size=12453888 bytes (30.4%)
(RDMA_READ_CONSUME_CHECK_CONSUMER) timestamp=5847 ms, used_size=12451840 bytes (30.4%)
(RDMA_READ_CONSUME_CHECK_CONSUMER) timestamp=5847 ms, used_size=12449792 bytes (30.4%)
(RDMA_READ_CONSUME_CHECK_CONSUMER) timestamp=5847 ms, used_size=12447744 bytes (30.4%)
(RDMA_READ_CONSUME_CHECK_CONSUMER) timestamp=5847 ms, used_size=12445696 bytes (30.4%)
(RDMA_READ_CONSUME_CHECK_CONSUMER) timestamp=5847 ms, used_size=12443648 bytes (30.4%)
(RDMA_READ_CONSUME_CHECK_CONSUMER) timestamp=5847 ms, used_size=12441600 bytes (30.4%)
(RDMA_READ_CONSUME_CHECK_CONSUMER) timestamp=5847 ms, used_size=12439552 bytes (30.4%)
(RDMA_READ_CONSUME_CHECK_CONSUMER) timestamp=5847 ms, used_size=12437504 bytes (30.4%)
(RDMA_READ_CONSUME_CHECK_CONSUMER) timestamp=5847 ms, used_size=12435456 bytes (30.4%)
(RDMA_READ_CONSUME_CHECK_CONSUMER) timestamp=5847 ms, used_size=12433408 bytes (30.4%)
(RDMA_READ_CONSUME_CHECK_CONSUMER) timestamp=5847 ms, used_size=12431360 bytes (30.4%)
(RDMA_READ_CONSUME_CHECK_CONSUMER) timestamp=5847 ms, used_size=12429312 bytes (30.3%)
(RDMA_READ_CONSUME_CHECK_CONSUMER) timestamp=5847 ms, used_size=12427264 bytes (30.3%)
(RDMA_READ_CONSUME_CHECK_CONSUMER) timestamp=5847 ms, used_size=12425216 bytes (30.3%)
(RDMA_READ_CONSUME_CHECK_CONSUMER) timestamp=5847 ms, used_size=12423168 bytes (30.3%)
(RDMA_READ_CONSUME_CHECK_CONSUMER) timestamp=5847 ms, used_size=12421120 bytes (30.3%)
(RDMA_READ_CONSUME_CHECK_CONSUMER) timestamp=5847 ms, used_size=12419072 bytes (30.3%)
(RDMA_READ_CONSUME_CHECK_CONSUMER) timestamp=5847 ms, used_size=12417024 bytes (30.3%)
(RDMA_READ_CONSUME_CHECK_CONSUMER) timestamp=5847 ms, used_size=12414976 bytes (30.3%)
(RDMA_READ_CONSUME_CHECK_CONSUMER) timestamp=5847 ms, used_size=12412928 bytes (30.3%)
(RDMA_READ_CONSUME_CHECK_CONSUMER) timestamp=5847 ms, used_size=12410880 bytes (30.3%)
(RDMA_READ_CONSUME_CHECK_CONSUMER) timestamp=5847 ms, used_size=12408832 bytes (30.3%)
(RDMA_READ_CONSUME_CHECK_CONSUMER) timestamp=5847 ms, used_size=12406784 bytes (30.3%)
(RDMA_READ_CONSUME_CHECK_CONSUMER) timestamp=5847 ms, used_size=12404736 bytes (30.3%)
(RDMA_READ_CONSUME_CHECK_CONSUMER) timestamp=5847 ms, used_size=12402688 bytes (30.3%)
(RDMA_READ_CONSUME_CHECK_CONSUMER) timestamp=5847 ms, used_size=12400640 bytes (30.3%)
(RDMA_READ_CONSUME_CHECK_CONSUMER) timestamp=5847 ms, used_size=12398592 bytes (30.3%)
(RDMA_READ_CONSUME_CHECK_CONSUMER) timestamp=5847 ms, used_size=12396544 bytes (30.3%)
(RDMA_READ_CONSUME_CHECK_CONSUMER) timestamp=5847 ms, used_size=12394496 bytes (30.3%)
(RDMA_READ_CONSUME_CHECK_CONSUMER) timestamp=5847 ms, used_size=12392448 bytes (30.3%)
(RDMA_READ_CONSUME_CHECK_CONSUMER) timestamp=5847 ms, used_size=12390400 bytes (30.2%)
(RDMA_READ_CONSUME_CHECK_CONSUMER) timestamp=5847 ms, used_size=12388352 bytes (30.2%)
(RDMA_READ_CONSUME_CHECK_CONSUMER) timestamp=5847 ms, used_size=12386304 bytes (30.2%)
(RDMA_READ_CONSUME_CHECK_CONSUMER) timestamp=5847 ms, used_size=12384256 bytes (30.2%)
(RDMA_READ_CONSUME_CHECK_CONSUMER) timestamp=5847 ms, used_size=12382208 bytes (30.2%)
(RDMA_READ_CONSUME_CHECK_CONSUMER) timestamp=5847 ms, used_size=12380160 bytes (30.2%)
(RDMA_READ_CONSUME_CHECK_CONSUMER) timestamp=5847 ms, used_size=12378112 bytes (30.2%)
(RDMA_READ_CONSUME_CHECK_CONSUMER) timestamp=5847 ms, used_size=12376064 bytes (30.2%)
(RDMA_READ_CONSUME_CHECK_CONSUMER) timestamp=5847 ms, used_size=12374016 bytes (30.2%)
(RDMA_READ_CONSUME_CHECK_CONSUMER) timestamp=5847 ms, used_size=12371968 bytes (30.2%)
(RDMA_READ_CONSUME_CHECK_CONSUMER) timestamp=5847 ms, used_size=12369920 bytes (30.2%)
(RDMA_READ_CONSUME_CHECK_CONSUMER) timestamp=5847 ms, used_size=12367872 bytes (30.2%)
(RDMA_READ_CONSUME_CHECK_CONSUMER) timestamp=5847 ms, used_size=12365824 bytes (30.2%)
(RDMA_READ_CONSUME_CHECK_CONSUMER) timestamp=5847 ms, used_size=12363776 bytes (30.2%)
(RDMA_READ_CONSUME_CHECK_CONSUMER) timestamp=5847 ms, used_size=12361728 bytes (30.2%)
(RDMA_READ_CONSUME_CHECK_CONSUMER) timestamp=5847 ms, used_size=12359680 bytes (30.2%)
(RDMA_READ_CONSUME_CHECK_CONSUMER) timestamp=5847 ms, used_size=12357632 bytes (30.2%)
(RDMA_READ_CONSUME_CHECK_CONSUMER) timestamp=5847 ms, used_size=12355584 bytes (30.2%)
(RDMA_READ_CONSUME_CHECK_CONSUMER) timestamp=5847 ms, used_size=12353536 bytes (30.2%)
(RDMA_READ_CONSUME_CHECK_CONSUMER) timestamp=5847 ms, used_size=12351488 bytes (30.2%)
(RDMA_READ_CONSUME_CHECK_CONSUMER) timestamp=5847 ms, used_size=12349440 bytes (30.1%)
(RDMA_READ_CONSUME_CHECK_CONSUMER) timestamp=5847 ms, used_size=12347392 bytes (30.1%)
(RDMA_READ_CONSUME_CHECK_CONSUMER) timestamp=5847 ms, used_size=12345344 bytes (30.1%)
(RDMA_READ_CONSUME_CHECK_CONSUMER) timestamp=5847 ms, used_size=12343296 bytes (30.1%)
(RDMA_READ_CONSUME_CHECK_CONSUMER) timestamp=5847 ms, used_size=12341248 bytes (30.1%)
(RDMA_READ_CONSUME_CHECK_CONSUMER) timestamp=5847 ms, used_size=12339200 bytes (30.1%)
(RDMA_READ_CONSUME_CHECK_CONSUMER) timestamp=5847 ms, used_size=12337152 bytes (30.1%)
(RDMA_READ_CONSUME_CHECK_CONSUMER) timestamp=5847 ms, used_size=12335104 bytes (30.1%)
(RDMA_READ_CONSUME_CHECK_CONSUMER) timestamp=5847 ms, used_size=12333056 bytes (30.1%)
(RDMA_READ_CONSUME_CHECK_CONSUMER) timestamp=5847 ms, used_size=12331008 bytes (30.1%)
(RDMA_READ_CONSUME_CHECK_CONSUMER) timestamp=5847 ms, used_size=12328960 bytes (30.1%)
(RDMA_READ_CONSUME_CHECK_CONSUMER) timestamp=5847 ms, used_size=12326912 bytes (30.1%)
(RDMA_READ_CONSUME_CHECK_CONSUMER) timestamp=5847 ms, used_size=12324864 bytes (30.1%)
(RDMA_READ_CONSUME_CHECK_CONSUMER) timestamp=5847 ms, used_size=12322816 bytes (30.1%)
(RDMA_READ_CONSUME_CHECK_CONSUMER) timestamp=5847 ms, used_size=12320768 bytes (30.1%)
(RDMA_READ_CONSUME_CHECK_CONSUMER) timestamp=5847 ms, used_size=12318720 bytes (30.1%)
(RDMA_READ_CONSUME_CHECK_CONSUMER) timestamp=5847 ms, used_size=12316672 bytes (30.1%)
(RDMA_READ_CONSUME_CHECK_CONSUMER) timestamp=5847 ms, used_size=12314624 bytes (30.1%)
(RDMA_READ_CONSUME_CHECK_CONSUMER) timestamp=5847 ms, used_size=12312576 bytes (30.1%)
(RDMA_READ_CONSUME_CHECK_CONSUMER) timestamp=5847 ms, used_size=12310528 bytes (30.1%)
(RDMA_READ_CONSUME_CHECK_CONSUMER) timestamp=5847 ms, used_size=12308480 bytes (30.1%)
(RDMA_READ_CONSUME_CHECK_CONSUMER) timestamp=5847 ms, used_size=12306432 bytes (30.0%)
(RDMA_READ_CONSUME_CHECK_CONSUMER) timestamp=5847 ms, used_size=12304384 bytes (30.0%)
(RDMA_READ_CONSUME_CHECK_CONSUMER) timestamp=5847 ms, used_size=12302336 bytes (30.0%)
(RDMA_READ_CONSUME_CHECK_CONSUMER) timestamp=5847 ms, used_size=12300288 bytes (30.0%)
(RDMA_READ_CONSUME_CHECK_CONSUMER) timestamp=5847 ms, used_size=12298240 bytes (30.0%)
(RDMA_READ_CONSUME_CHECK_CONSUMER) timestamp=5847 ms, used_size=12296192 bytes (30.0%)
(RDMA_READ_CONSUME_CHECK_CONSUMER) timestamp=5847 ms, used_size=12294144 bytes (30.0%)
(RDMA_READ_CONSUME_CHECK_CONSUMER) timestamp=5848 ms, used_size=12292096 bytes (30.0%)
(RDMA_READ_CONSUME_CHECK_CONSUMER) timestamp=5848 ms, used_size=12290048 bytes (30.0%)
(RDMA_READ_CONSUME_CHECK_CONSUMER) timestamp=5848 ms, used_size=12288000 bytes (30.0%)
(RDMA_READ_CONSUME_CHECK_CONSUMER) timestamp=5848 ms, used_size=12285952 bytes (30.0%)
(RDMA_READ_CONSUME_CHECK_CONSUMER) timestamp=5848 ms, used_size=12283904 bytes (30.0%)
(RDMA_READ_CONSUME_CHECK_CONSUMER) timestamp=5848 ms, used_size=12281856 bytes (30.0%)
(RDMA_READ_CONSUME_CHECK_CONSUMER) timestamp=5848 ms, used_size=12279808 bytes (30.0%)
(RDMA_READ_CONSUME_CHECK_CONSUMER) timestamp=5848 ms, used_size=12277760 bytes (30.0%)
(RDMA_READ_CONSUME_CHECK_CONSUMER) timestamp=5848 ms, used_size=12275712 bytes (30.0%)
(RDMA_READ_CONSUME_CHECK_CONSUMER) timestamp=5848 ms, used_size=12273664 bytes (30.0%)
(RDMA_READ_CONSUME_CHECK_CONSUMER) timestamp=5848 ms, used_size=12271616 bytes (30.0%)
(RDMA_READ_CONSUME_CHECK_CONSUMER) timestamp=5848 ms, used_size=12269568 bytes (30.0%)
(RDMA_READ_CONSUME_CHECK_CONSUMER) timestamp=5848 ms, used_size=12267520 bytes (29.9%)
(RDMA_READ_CONSUME_CHECK_CONSUMER) timestamp=5848 ms, used_size=12265472 bytes (29.9%)
(RDMA_READ_CONSUME_CHECK_CONSUMER) timestamp=5848 ms, used_size=12263424 bytes (29.9%)
(RDMA_READ_CONSUME_CHECK_CONSUMER) timestamp=5848 ms, used_size=12261376 bytes (29.9%)
(RDMA_READ_CONSUME_CHECK_CONSUMER) timestamp=5848 ms, used_size=12259328 bytes (29.9%)
(RDMA_READ_CONSUME_CHECK_CONSUMER) timestamp=5848 ms, used_size=12257280 bytes (29.9%)
(RDMA_READ_CONSUME_CHECK_CONSUMER) timestamp=5848 ms, used_size=12255232 bytes (29.9%)
(RDMA_READ_CONSUME_CHECK_CONSUMER) timestamp=5848 ms, used_size=12253184 bytes (29.9%)
(RDMA_READ_CONSUME_CHECK_CONSUMER) timestamp=5848 ms, used_size=12251136 bytes (29.9%)
(RDMA_READ_CONSUME_CHECK_CONSUMER) timestamp=5848 ms, used_size=12249088 bytes (29.9%)
(RDMA_READ_CONSUME_CHECK_CONSUMER) timestamp=5848 ms, used_size=12247040 bytes (29.9%)
(RDMA_READ_CONSUME_CHECK_CONSUMER) timestamp=5848 ms, used_size=12244992 bytes (29.9%)
(RDMA_READ_CONSUME_CHECK_CONSUMER) timestamp=5848 ms, used_size=12242944 bytes (29.9%)
(RDMA_READ_CONSUME_CHECK_CONSUMER) timestamp=5848 ms, used_size=12240896 bytes (29.9%)
(RDMA_READ_CONSUME_CHECK_CONSUMER) timestamp=5848 ms, used_size=12238848 bytes (29.9%)
(RDMA_READ_CONSUME_CHECK_CONSUMER) timestamp=5848 ms, used_size=12236800 bytes (29.9%)
(RDMA_READ_CONSUME_CHECK_CONSUMER) timestamp=5848 ms, used_size=12234752 bytes (29.9%)
(RDMA_READ_CONSUME_CHECK_CONSUMER) timestamp=5848 ms, used_size=12232704 bytes (29.9%)
(RDMA_READ_CONSUME_CHECK_CONSUMER) timestamp=5848 ms, used_size=12230656 bytes (29.9%)
(RDMA_READ_CONSUME_CHECK_CONSUMER) timestamp=5848 ms, used_size=12228608 bytes (29.9%)
(RDMA_READ_CONSUME_CHECK_CONSUMER) timestamp=5848 ms, used_size=12226560 bytes (29.9%)
(RDMA_READ_CONSUME_CHECK_CONSUMER) timestamp=5848 ms, used_size=12224512 bytes (29.8%)
(RDMA_READ_CONSUME_CHECK_CONSUMER) timestamp=5848 ms, used_size=12222464 bytes (29.8%)
(RDMA_READ_CONSUME_CHECK_CONSUMER) timestamp=5848 ms, used_size=12220416 bytes (29.8%)
(RDMA_READ_CONSUME_CHECK_CONSUMER) timestamp=5848 ms, used_size=12218368 bytes (29.8%)
(RDMA_READ_CONSUME_CHECK_CONSUMER) timestamp=5848 ms, used_size=12216320 bytes (29.8%)
(RDMA_READ_CONSUME_CHECK_CONSUMER) timestamp=5848 ms, used_size=12214272 bytes (29.8%)
(RDMA_READ_CONSUME_CHECK_CONSUMER) timestamp=5848 ms, used_size=12212224 bytes (29.8%)
(RDMA_READ_CONSUME_CHECK_CONSUMER) timestamp=5848 ms, used_size=12210176 bytes (29.8%)
(RDMA_READ_CONSUME_CHECK_CONSUMER) timestamp=5848 ms, used_size=12208128 bytes (29.8%)
(RDMA_READ_CONSUME_CHECK_CONSUMER) timestamp=5848 ms, used_size=12206080 bytes (29.8%)
(RDMA_READ_CONSUME_CHECK_CONSUMER) timestamp=5848 ms, used_size=12204032 bytes (29.8%)
(RDMA_READ_CONSUME_CHECK_CONSUMER) timestamp=5848 ms, used_size=12201984 bytes (29.8%)
(RDMA_READ_CONSUME_CHECK_CONSUMER) timestamp=5848 ms, used_size=12199936 bytes (29.8%)
(RDMA_READ_CONSUME_CHECK_CONSUMER) timestamp=5848 ms, used_size=12197888 bytes (29.8%)
(RDMA_READ_CONSUME_CHECK_CONSUMER) timestamp=5848 ms, used_size=12195840 bytes (29.8%)
(RDMA_READ_CONSUME_CHECK_CONSUMER) timestamp=5848 ms, used_size=12193792 bytes (29.8%)
(RDMA_READ_CONSUME_CHECK_CONSUMER) timestamp=5848 ms, used_size=12191744 bytes (29.8%)
(RDMA_READ_CONSUME_CHECK_CONSUMER) timestamp=5848 ms, used_size=12189696 bytes (29.8%)
(RDMA_READ_CONSUME_CHECK_CONSUMER) timestamp=5848 ms, used_size=12187648 bytes (29.8%)
(RDMA_READ_CONSUME_CHECK_CONSUMER) timestamp=5848 ms, used_size=12185600 bytes (29.8%)
(RDMA_READ_CONSUME_CHECK_CONSUMER) timestamp=5848 ms, used_size=12183552 bytes (29.7%)
(RDMA_READ_CONSUME_CHECK_CONSUMER) timestamp=5848 ms, used_size=12181504 bytes (29.7%)
(RDMA_READ_CONSUME_CHECK_CONSUMER) timestamp=5848 ms, used_size=12179456 bytes (29.7%)
(RDMA_READ_CONSUME_CHECK_CONSUMER) timestamp=5848 ms, used_size=12177408 bytes (29.7%)
(RDMA_READ_CONSUME_CHECK_CONSUMER) timestamp=5848 ms, used_size=12175360 bytes (29.7%)
(RDMA_READ_CONSUME_CHECK_CONSUMER) timestamp=5848 ms, used_size=12173312 bytes (29.7%)
(RDMA_READ_CONSUME_CHECK_CONSUMER) timestamp=5848 ms, used_size=12171264 bytes (29.7%)
(RDMA_READ_CONSUME_CHECK_CONSUMER) timestamp=5848 ms, used_size=12169216 bytes (29.7%)
(RDMA_READ_CONSUME_CHECK_CONSUMER) timestamp=5848 ms, used_size=12167168 bytes (29.7%)
(RDMA_READ_CONSUME_CHECK_CONSUMER) timestamp=5848 ms, used_size=12165120 bytes (29.7%)
(RDMA_READ_CONSUME_CHECK_CONSUMER) timestamp=5848 ms, used_size=12163072 bytes (29.7%)
(RDMA_READ_CONSUME_CHECK_CONSUMER) timestamp=5848 ms, used_size=12161024 bytes (29.7%)
(RDMA_READ_CONSUME_CHECK_CONSUMER) timestamp=5848 ms, used_size=12158976 bytes (29.7%)
(RDMA_READ_CONSUME_CHECK_CONSUMER) timestamp=5848 ms, used_size=12156928 bytes (29.7%)
(RDMA_READ_CONSUME_CHECK_CONSUMER) timestamp=5848 ms, used_size=12154880 bytes (29.7%)
(RDMA_READ_CONSUME_CHECK_CONSUMER) timestamp=5848 ms, used_size=12152832 bytes (29.7%)
(RDMA_READ_CONSUME_CHECK_CONSUMER) timestamp=5848 ms, used_size=12150784 bytes (29.7%)
(RDMA_READ_CONSUME_CHECK_CONSUMER) timestamp=5848 ms, used_size=12148736 bytes (29.7%)
(RDMA_READ_CONSUME_CHECK_CONSUMER) timestamp=5848 ms, used_size=12146688 bytes (29.7%)
(RDMA_READ_CONSUME_CHECK_CONSUMER) timestamp=5848 ms, used_size=12144640 bytes (29.6%)
(RDMA_READ_CONSUME_CHECK_CONSUMER) timestamp=5848 ms, used_size=12142592 bytes (29.6%)
(RDMA_READ_CONSUME_CHECK_CONSUMER) timestamp=5848 ms, used_size=12140544 bytes (29.6%)
(RDMA_READ_CONSUME_CHECK_CONSUMER) timestamp=5848 ms, used_size=12138496 bytes (29.6%)
(RDMA_READ_CONSUME_CHECK_CONSUMER) timestamp=5848 ms, used_size=12136448 bytes (29.6%)
(RDMA_READ_CONSUME_CHECK_CONSUMER) timestamp=5848 ms, used_size=12134400 bytes (29.6%)
(RDMA_READ_CONSUME_CHECK_CONSUMER) timestamp=5848 ms, used_size=12132352 bytes (29.6%)
(RDMA_READ_CONSUME_CHECK_CONSUMER) timestamp=5848 ms, used_size=12130304 bytes (29.6%)
(RDMA_READ_CONSUME_CHECK_CONSUMER) timestamp=5848 ms, used_size=12128256 bytes (29.6%)
(RDMA_READ_CONSUME_CHECK_CONSUMER) timestamp=5848 ms, used_size=12126208 bytes (29.6%)
(RDMA_READ_CONSUME_CHECK_CONSUMER) timestamp=5848 ms, used_size=12124160 bytes (29.6%)
(RDMA_READ_CONSUME_CHECK_CONSUMER) timestamp=5848 ms, used_size=12122112 bytes (29.6%)
(RDMA_READ_CONSUME_CHECK_CONSUMER) timestamp=5848 ms, used_size=12120064 bytes (29.6%)
(RDMA_READ_CONSUME_CHECK_CONSUMER) timestamp=5848 ms, used_size=12118016 bytes (29.6%)
(RDMA_READ_CONSUME_CHECK_CONSUMER) timestamp=5848 ms, used_size=12115968 bytes (29.6%)
(RDMA_READ_CONSUME_CHECK_CONSUMER) timestamp=5848 ms, used_size=12113920 bytes (29.6%)
(RDMA_READ_CONSUME_CHECK_CONSUMER) timestamp=5848 ms, used_size=12111872 bytes (29.6%)
(RDMA_READ_CONSUME_CHECK_CONSUMER) timestamp=5848 ms, used_size=12109824 bytes (29.6%)
(RDMA_READ_CONSUME_CHECK_CONSUMER) timestamp=5848 ms, used_size=12107776 bytes (29.6%)
(RDMA_READ_CONSUME_CHECK_CONSUMER) timestamp=5848 ms, used_size=12105728 bytes (29.6%)
(RDMA_READ_CONSUME_CHECK_CONSUMER) timestamp=5848 ms, used_size=12103680 bytes (29.6%)
(RDMA_READ_CONSUME_CHECK_CONSUMER) timestamp=5848 ms, used_size=12101632 bytes (29.5%)
(RDMA_READ_CONSUME_CHECK_CONSUMER) timestamp=5848 ms, used_size=12099584 bytes (29.5%)
(RDMA_READ_CONSUME_CHECK_CONSUMER) timestamp=5848 ms, used_size=12097536 bytes (29.5%)
(RDMA_READ_CONSUME_CHECK_CONSUMER) timestamp=5848 ms, used_size=12095488 bytes (29.5%)
(RDMA_READ_CONSUME_CHECK_CONSUMER) timestamp=5848 ms, used_size=12093440 bytes (29.5%)
(RDMA_READ_CONSUME_CHECK_CONSUMER) timestamp=5848 ms, used_size=12091392 bytes (29.5%)
(RDMA_READ_CONSUME_CHECK_CONSUMER) timestamp=5848 ms, used_size=12089344 bytes (29.5%)
(RDMA_READ_CONSUME_CHECK_CONSUMER) timestamp=5848 ms, used_size=12087296 bytes (29.5%)
(RDMA_READ_CONSUME_CHECK_CONSUMER) timestamp=5848 ms, used_size=12085248 bytes (29.5%)
(RDMA_READ_CONSUME_CHECK_CONSUMER) timestamp=5848 ms, used_size=12083200 bytes (29.5%)
(RDMA_READ_CONSUME_CHECK_CONSUMER) timestamp=5848 ms, used_size=12081152 bytes (29.5%)
(RDMA_READ_CONSUME_CHECK_CONSUMER) timestamp=5848 ms, used_size=12079104 bytes (29.5%)
(RDMA_READ_CONSUME_CHECK_CONSUMER) timestamp=5848 ms, used_size=12077056 bytes (29.5%)
(RDMA_READ_CONSUME_CHECK_CONSUMER) timestamp=5848 ms, used_size=12075008 bytes (29.5%)
(RDMA_READ_CONSUME_CHECK_CONSUMER) timestamp=5848 ms, used_size=12072960 bytes (29.5%)
(RDMA_READ_CONSUME_CHECK_CONSUMER) timestamp=5848 ms, used_size=12070912 bytes (29.5%)
(RDMA_READ_CONSUME_CHECK_CONSUMER) timestamp=5848 ms, used_size=12068864 bytes (29.5%)
(RDMA_READ_CONSUME_CHECK_CONSUMER) timestamp=5848 ms, used_size=12066816 bytes (29.5%)
(RDMA_READ_CONSUME_CHECK_CONSUMER) timestamp=5848 ms, used_size=12064768 bytes (29.5%)
(RDMA_READ_CONSUME_CHECK_CONSUMER) timestamp=5848 ms, used_size=12062720 bytes (29.4%)
(RDMA_READ_CONSUME_CHECK_CONSUMER) timestamp=5848 ms, used_size=12060672 bytes (29.4%)
(RDMA_READ_CONSUME_CHECK_CONSUMER) timestamp=5848 ms, used_size=12058624 bytes (29.4%)
(RDMA_READ_CONSUME_CHECK_CONSUMER) timestamp=5848 ms, used_size=12056576 bytes (29.4%)
(RDMA_READ_CONSUME_CHECK_CONSUMER) timestamp=5848 ms, used_size=12054528 bytes (29.4%)
(RDMA_READ_CONSUME_CHECK_CONSUMER) timestamp=5848 ms, used_size=12052480 bytes (29.4%)
(RDMA_READ_CONSUME_CHECK_CONSUMER) timestamp=5848 ms, used_size=12050432 bytes (29.4%)
(RDMA_READ_CONSUME_CHECK_CONSUMER) timestamp=5848 ms, used_size=12048384 bytes (29.4%)
(RDMA_READ_CONSUME_CHECK_CONSUMER) timestamp=5848 ms, used_size=12046336 bytes (29.4%)
(RDMA_READ_CONSUME_CHECK_CONSUMER) timestamp=5848 ms, used_size=12044288 bytes (29.4%)
(RDMA_READ_CONSUME_CHECK_CONSUMER) timestamp=5848 ms, used_size=12042240 bytes (29.4%)
(RDMA_READ_CONSUME_CHECK_CONSUMER) timestamp=5848 ms, used_size=12040192 bytes (29.4%)
(RDMA_READ_CONSUME_CHECK_CONSUMER) timestamp=5848 ms, used_size=12038144 bytes (29.4%)
(RDMA_READ_CONSUME_CHECK_CONSUMER) timestamp=5848 ms, used_size=12036096 bytes (29.4%)
(RDMA_READ_CONSUME_CHECK_CONSUMER) timestamp=5848 ms, used_size=12034048 bytes (29.4%)
(RDMA_READ_CONSUME_CHECK_CONSUMER) timestamp=5848 ms, used_size=12032000 bytes (29.4%)
(RDMA_READ_CONSUME_CHECK_CONSUMER) timestamp=5848 ms, used_size=12029952 bytes (29.4%)
(RDMA_READ_CONSUME_CHECK_CONSUMER) timestamp=5848 ms, used_size=12027904 bytes (29.4%)
(RDMA_READ_CONSUME_CHECK_CONSUMER) timestamp=5848 ms, used_size=12025856 bytes (29.4%)
(RDMA_READ_CONSUME_CHECK_CONSUMER) timestamp=5848 ms, used_size=12023808 bytes (29.4%)
(RDMA_READ_CONSUME_CHECK_CONSUMER) timestamp=5848 ms, used_size=12021760 bytes (29.4%)
(RDMA_READ_CONSUME_CHECK_CONSUMER) timestamp=5848 ms, used_size=12019712 bytes (29.3%)
(RDMA_READ_CONSUME_CHECK_CONSUMER) timestamp=5848 ms, used_size=12017664 bytes (29.3%)
(RDMA_READ_CONSUME_CHECK_CONSUMER) timestamp=5848 ms, used_size=12015616 bytes (29.3%)
(RDMA_READ_CONSUME_CHECK_CONSUMER) timestamp=5848 ms, used_size=12013568 bytes (29.3%)
(RDMA_READ_CONSUME_CHECK_CONSUMER) timestamp=5848 ms, used_size=12011520 bytes (29.3%)
(RDMA_READ_CONSUME_CHECK_CONSUMER) timestamp=5848 ms, used_size=12009472 bytes (29.3%)
(RDMA_READ_CONSUME_CHECK_CONSUMER) timestamp=5848 ms, used_size=12007424 bytes (29.3%)
(RDMA_READ_CONSUME_CHECK_CONSUMER) timestamp=5848 ms, used_size=12005376 bytes (29.3%)
(RDMA_READ_CONSUME_CHECK_CONSUMER) timestamp=5848 ms, used_size=12003328 bytes (29.3%)
(RDMA_READ_CONSUME_CHECK_CONSUMER) timestamp=5848 ms, used_size=12001280 bytes (29.3%)
(RDMA_READ_CONSUME_CHECK_CONSUMER) timestamp=5848 ms, used_size=11999232 bytes (29.3%)
(RDMA_READ_CONSUME_CHECK_CONSUMER) timestamp=5848 ms, used_size=11997184 bytes (29.3%)
(RDMA_READ_CONSUME_CHECK_CONSUMER) timestamp=5848 ms, used_size=11995136 bytes (29.3%)
(RDMA_READ_CONSUME_CHECK_CONSUMER) timestamp=5848 ms, used_size=11993088 bytes (29.3%)
(RDMA_READ_CONSUME_CHECK_CONSUMER) timestamp=5848 ms, used_size=11991040 bytes (29.3%)
(RDMA_READ_CONSUME_CHECK_CONSUMER) timestamp=5848 ms, used_size=11988992 bytes (29.3%)
(RDMA_READ_CONSUME_CHECK_CONSUMER) timestamp=5848 ms, used_size=11986944 bytes (29.3%)
(RDMA_READ_CONSUME_CHECK_CONSUMER) timestamp=5848 ms, used_size=11984896 bytes (29.3%)
(RDMA_READ_CONSUME_CHECK_CONSUMER) timestamp=5848 ms, used_size=11982848 bytes (29.3%)
(RDMA_READ_CONSUME_CHECK_CONSUMER) timestamp=5848 ms, used_size=11980800 bytes (29.2%)
(RDMA_READ_CONSUME_CHECK_CONSUMER) timestamp=5848 ms, used_size=11978752 bytes (29.2%)
(RDMA_READ_CONSUME_CHECK_CONSUMER) timestamp=5848 ms, used_size=11976704 bytes (29.2%)
(RDMA_READ_CONSUME_CHECK_CONSUMER) timestamp=5848 ms, used_size=11974656 bytes (29.2%)
(RDMA_READ_CONSUME_CHECK_CONSUMER) timestamp=5848 ms, used_size=11972608 bytes (29.2%)
(RDMA_READ_CONSUME_CHECK_CONSUMER) timestamp=5848 ms, used_size=11970560 bytes (29.2%)
(RDMA_READ_CONSUME_CHECK_CONSUMER) timestamp=5848 ms, used_size=11968512 bytes (29.2%)
(RDMA_READ_CONSUME_CHECK_CONSUMER) timestamp=5848 ms, used_size=11966464 bytes (29.2%)
(RDMA_READ_CONSUME_CHECK_CONSUMER) timestamp=5848 ms, used_size=11964416 bytes (29.2%)
(RDMA_READ_CONSUME_CHECK_CONSUMER) timestamp=5848 ms, used_size=11962368 bytes (29.2%)
(RDMA_READ_CONSUME_CHECK_CONSUMER) timestamp=5848 ms, used_size=11960320 bytes (29.2%)
(RDMA_READ_CONSUME_CHECK_CONSUMER) timestamp=5848 ms, used_size=11958272 bytes (29.2%)
(RDMA_READ_CONSUME_CHECK_CONSUMER) timestamp=5848 ms, used_size=11956224 bytes (29.2%)
(RDMA_READ_CONSUME_CHECK_CONSUMER) timestamp=5848 ms, used_size=11954176 bytes (29.2%)
(RDMA_READ_CONSUME_CHECK_CONSUMER) timestamp=5848 ms, used_size=11952128 bytes (29.2%)
(RDMA_READ_CONSUME_CHECK_CONSUMER) timestamp=5848 ms, used_size=11950080 bytes (29.2%)
(RDMA_READ_CONSUME_CHECK_CONSUMER) timestamp=5848 ms, used_size=11948032 bytes (29.2%)
(RDMA_READ_CONSUME_CHECK_CONSUMER) timestamp=5848 ms, used_size=11945984 bytes (29.2%)
(RDMA_READ_CONSUME_CHECK_CONSUMER) timestamp=5848 ms, used_size=11943936 bytes (29.2%)
(RDMA_READ_CONSUME_CHECK_CONSUMER) timestamp=5848 ms, used_size=11941888 bytes (29.2%)
(RDMA_READ_CONSUME_CHECK_CONSUMER) timestamp=5848 ms, used_size=11939840 bytes (29.1%)
(RDMA_READ_CONSUME_CHECK_CONSUMER) timestamp=5848 ms, used_size=11937792 bytes (29.1%)
(RDMA_READ_CONSUME_CHECK_CONSUMER) timestamp=5848 ms, used_size=11935744 bytes (29.1%)
(RDMA_READ_CONSUME_CHECK_CONSUMER) timestamp=5848 ms, used_size=11933696 bytes (29.1%)
(RDMA_READ_CONSUME_CHECK_CONSUMER) timestamp=5849 ms, used_size=11931648 bytes (29.1%)
(RDMA_READ_CONSUME_CHECK_CONSUMER) timestamp=5849 ms, used_size=11929600 bytes (29.1%)
(RDMA_READ_CONSUME_CHECK_CONSUMER) timestamp=5849 ms, used_size=11927552 bytes (29.1%)
(RDMA_READ_CONSUME_CHECK_CONSUMER) timestamp=5849 ms, used_size=11925504 bytes (29.1%)
(RDMA_READ_CONSUME_CHECK_CONSUMER) timestamp=5849 ms, used_size=11923456 bytes (29.1%)
(RDMA_READ_CONSUME_CHECK_CONSUMER) timestamp=5849 ms, used_size=11921408 bytes (29.1%)
(RDMA_READ_CONSUME_CHECK_CONSUMER) timestamp=5849 ms, used_size=11919360 bytes (29.1%)
(RDMA_READ_CONSUME_CHECK_CONSUMER) timestamp=5849 ms, used_size=11917312 bytes (29.1%)
(RDMA_READ_CONSUME_CHECK_CONSUMER) timestamp=5849 ms, used_size=11915264 bytes (29.1%)
(RDMA_READ_CONSUME_CHECK_CONSUMER) timestamp=5849 ms, used_size=11913216 bytes (29.1%)
(RDMA_READ_CONSUME_CHECK_CONSUMER) timestamp=5849 ms, used_size=11911168 bytes (29.1%)
(RDMA_READ_CONSUME_CHECK_CONSUMER) timestamp=5849 ms, used_size=11909120 bytes (29.1%)
(RDMA_READ_CONSUME_CHECK_CONSUMER) timestamp=5849 ms, used_size=11907072 bytes (29.1%)
(RDMA_READ_CONSUME_CHECK_CONSUMER) timestamp=5849 ms, used_size=11905024 bytes (29.1%)
(RDMA_READ_CONSUME_CHECK_CONSUMER) timestamp=5849 ms, used_size=11902976 bytes (29.1%)
(RDMA_READ_CONSUME_CHECK_CONSUMER) timestamp=5849 ms, used_size=11900928 bytes (29.1%)
(RDMA_READ_CONSUME_CHECK_CONSUMER) timestamp=5849 ms, used_size=11898880 bytes (29.1%)
(RDMA_READ_CONSUME_CHECK_CONSUMER) timestamp=5849 ms, used_size=11896832 bytes (29.0%)
(RDMA_READ_CONSUME_CHECK_CONSUMER) timestamp=5849 ms, used_size=11894784 bytes (29.0%)
(RDMA_READ_CONSUME_CHECK_CONSUMER) timestamp=5849 ms, used_size=11892736 bytes (29.0%)
(RDMA_READ_CONSUME_CHECK_CONSUMER) timestamp=5849 ms, used_size=11890688 bytes (29.0%)
(RDMA_READ_CONSUME_CHECK_CONSUMER) timestamp=5849 ms, used_size=11888640 bytes (29.0%)
(RDMA_READ_CONSUME_CHECK_CONSUMER) timestamp=5849 ms, used_size=11886592 bytes (29.0%)
(RDMA_READ_CONSUME_CHECK_CONSUMER) timestamp=5849 ms, used_size=11884544 bytes (29.0%)
(RDMA_READ_CONSUME_CHECK_CONSUMER) timestamp=5849 ms, used_size=11882496 bytes (29.0%)
(RDMA_READ_CONSUME_CHECK_CONSUMER) timestamp=5849 ms, used_size=11880448 bytes (29.0%)
(RDMA_READ_CONSUME_CHECK_CONSUMER) timestamp=5849 ms, used_size=11878400 bytes (29.0%)
(RDMA_READ_CONSUME_CHECK_CONSUMER) timestamp=5849 ms, used_size=11876352 bytes (29.0%)
(RDMA_READ_CONSUME_CHECK_CONSUMER) timestamp=5849 ms, used_size=11874304 bytes (29.0%)
(RDMA_READ_CONSUME_CHECK_CONSUMER) timestamp=5849 ms, used_size=11872256 bytes (29.0%)
(RDMA_READ_CONSUME_CHECK_CONSUMER) timestamp=5849 ms, used_size=11870208 bytes (29.0%)
(RDMA_READ_CONSUME_CHECK_CONSUMER) timestamp=5849 ms, used_size=11868160 bytes (29.0%)
(RDMA_READ_CONSUME_CHECK_CONSUMER) timestamp=5849 ms, used_size=11866112 bytes (29.0%)
(RDMA_READ_CONSUME_CHECK_CONSUMER) timestamp=5849 ms, used_size=11864064 bytes (29.0%)
(RDMA_READ_CONSUME_CHECK_CONSUMER) timestamp=5849 ms, used_size=11862016 bytes (29.0%)
(RDMA_READ_CONSUME_CHECK_CONSUMER) timestamp=5849 ms, used_size=11859968 bytes (29.0%)
(RDMA_READ_CONSUME_CHECK_CONSUMER) timestamp=5849 ms, used_size=11857920 bytes (28.9%)
(RDMA_READ_CONSUME_CHECK_CONSUMER) timestamp=5849 ms, used_size=11855872 bytes (28.9%)
(RDMA_READ_CONSUME_CHECK_CONSUMER) timestamp=5849 ms, used_size=11853824 bytes (28.9%)
(RDMA_READ_CONSUME_CHECK_CONSUMER) timestamp=5849 ms, used_size=11851776 bytes (28.9%)
(RDMA_READ_CONSUME_CHECK_CONSUMER) timestamp=5849 ms, used_size=11849728 bytes (28.9%)
(RDMA_READ_CONSUME_CHECK_CONSUMER) timestamp=5849 ms, used_size=11847680 bytes (28.9%)
(RDMA_READ_CONSUME_CHECK_CONSUMER) timestamp=5849 ms, used_size=11845632 bytes (28.9%)
(RDMA_READ_CONSUME_CHECK_CONSUMER) timestamp=5849 ms, used_size=11843584 bytes (28.9%)
(RDMA_READ_CONSUME_CHECK_CONSUMER) timestamp=5849 ms, used_size=11841536 bytes (28.9%)
(RDMA_READ_CONSUME_CHECK_CONSUMER) timestamp=5849 ms, used_size=11839488 bytes (28.9%)
(RDMA_READ_CONSUME_CHECK_CONSUMER) timestamp=5849 ms, used_size=11837440 bytes (28.9%)
(RDMA_READ_CONSUME_CHECK_CONSUMER) timestamp=5849 ms, used_size=11835392 bytes (28.9%)
(RDMA_READ_CONSUME_CHECK_CONSUMER) timestamp=5849 ms, used_size=11833344 bytes (28.9%)
(RDMA_READ_CONSUME_CHECK_CONSUMER) timestamp=5849 ms, used_size=11831296 bytes (28.9%)
(RDMA_READ_CONSUME_CHECK_CONSUMER) timestamp=5849 ms, used_size=11829248 bytes (28.9%)
(RDMA_READ_CONSUME_CHECK_CONSUMER) timestamp=5849 ms, used_size=11827200 bytes (28.9%)
(RDMA_READ_CONSUME_CHECK_CONSUMER) timestamp=5849 ms, used_size=11825152 bytes (28.9%)
(RDMA_READ_CONSUME_CHECK_CONSUMER) timestamp=5849 ms, used_size=11823104 bytes (28.9%)
(RDMA_READ_CONSUME_CHECK_CONSUMER) timestamp=5849 ms, used_size=11821056 bytes (28.9%)
(RDMA_READ_CONSUME_CHECK_CONSUMER) timestamp=5849 ms, used_size=11819008 bytes (28.9%)
(RDMA_READ_CONSUME_CHECK_CONSUMER) timestamp=5849 ms, used_size=11816960 bytes (28.9%)
(RDMA_READ_CONSUME_CHECK_CONSUMER) timestamp=5849 ms, used_size=11814912 bytes (28.8%)
(RDMA_READ_CONSUME_CHECK_CONSUMER) timestamp=5849 ms, used_size=11812864 bytes (28.8%)
(RDMA_READ_CONSUME_CHECK_CONSUMER) timestamp=5849 ms, used_size=11810816 bytes (28.8%)
(RDMA_READ_CONSUME_CHECK_CONSUMER) timestamp=5849 ms, used_size=11808768 bytes (28.8%)
(RDMA_READ_CONSUME_CHECK_CONSUMER) timestamp=5849 ms, used_size=11806720 bytes (28.8%)
(RDMA_READ_CONSUME_CHECK_CONSUMER) timestamp=5849 ms, used_size=11804672 bytes (28.8%)
(RDMA_READ_CONSUME_CHECK_CONSUMER) timestamp=5849 ms, used_size=11802624 bytes (28.8%)
(RDMA_READ_CONSUME_CHECK_CONSUMER) timestamp=5849 ms, used_size=11800576 bytes (28.8%)
(RDMA_READ_CONSUME_CHECK_CONSUMER) timestamp=5849 ms, used_size=11798528 bytes (28.8%)
(RDMA_READ_CONSUME_CHECK_CONSUMER) timestamp=5849 ms, used_size=11796480 bytes (28.8%)
(RDMA_READ_CONSUME_CHECK_CONSUMER) timestamp=5849 ms, used_size=11794432 bytes (28.8%)
(RDMA_READ_CONSUME_CHECK_CONSUMER) timestamp=5849 ms, used_size=11792384 bytes (28.8%)
(RDMA_READ_CONSUME_CHECK_CONSUMER) timestamp=5849 ms, used_size=11790336 bytes (28.8%)
(RDMA_READ_CONSUME_CHECK_CONSUMER) timestamp=5849 ms, used_size=11788288 bytes (28.8%)
(RDMA_READ_CONSUME_CHECK_CONSUMER) timestamp=5849 ms, used_size=11786240 bytes (28.8%)
(RDMA_READ_CONSUME_CHECK_CONSUMER) timestamp=5849 ms, used_size=11784192 bytes (28.8%)
(RDMA_READ_CONSUME_CHECK_CONSUMER) timestamp=5849 ms, used_size=11782144 bytes (28.8%)
(RDMA_READ_CONSUME_CHECK_CONSUMER) timestamp=5849 ms, used_size=11780096 bytes (28.8%)
(RDMA_READ_CONSUME_CHECK_CONSUMER) timestamp=5849 ms, used_size=11778048 bytes (28.8%)
(RDMA_READ_CONSUME_CHECK_CONSUMER) timestamp=5849 ms, used_size=11776000 bytes (28.8%)
(RDMA_READ_CONSUME_CHECK_CONSUMER) timestamp=5849 ms, used_size=11773952 bytes (28.7%)
(RDMA_READ_CONSUME_CHECK_CONSUMER) timestamp=5849 ms, used_size=11771904 bytes (28.7%)
(RDMA_READ_CONSUME_CHECK_CONSUMER) timestamp=5849 ms, used_size=11769856 bytes (28.7%)
(RDMA_READ_CONSUME_CHECK_CONSUMER) timestamp=5849 ms, used_size=11767808 bytes (28.7%)
(RDMA_READ_CONSUME_CHECK_CONSUMER) timestamp=5849 ms, used_size=11765760 bytes (28.7%)
(RDMA_READ_CONSUME_CHECK_CONSUMER) timestamp=5849 ms, used_size=11763712 bytes (28.7%)
(RDMA_READ_CONSUME_CHECK_CONSUMER) timestamp=5849 ms, used_size=11761664 bytes (28.7%)
(RDMA_READ_CONSUME_CHECK_CONSUMER) timestamp=5849 ms, used_size=11759616 bytes (28.7%)
(RDMA_READ_CONSUME_CHECK_CONSUMER) timestamp=5849 ms, used_size=11757568 bytes (28.7%)
(RDMA_READ_CONSUME_CHECK_CONSUMER) timestamp=5849 ms, used_size=11755520 bytes (28.7%)
(RDMA_READ_CONSUME_CHECK_CONSUMER) timestamp=5849 ms, used_size=11753472 bytes (28.7%)
(RDMA_READ_CONSUME_CHECK_CONSUMER) timestamp=5849 ms, used_size=11751424 bytes (28.7%)
(RDMA_READ_CONSUME_CHECK_CONSUMER) timestamp=5849 ms, used_size=11749376 bytes (28.7%)
(RDMA_READ_CONSUME_CHECK_CONSUMER) timestamp=5849 ms, used_size=11747328 bytes (28.7%)
(RDMA_READ_CONSUME_CHECK_CONSUMER) timestamp=5849 ms, used_size=11745280 bytes (28.7%)
(RDMA_READ_CONSUME_CHECK_CONSUMER) timestamp=5849 ms, used_size=11743232 bytes (28.7%)
(RDMA_READ_CONSUME_CHECK_CONSUMER) timestamp=5849 ms, used_size=11741184 bytes (28.7%)
(RDMA_READ_CONSUME_CHECK_CONSUMER) timestamp=5849 ms, used_size=11739136 bytes (28.7%)
(RDMA_READ_CONSUME_CHECK_CONSUMER) timestamp=5849 ms, used_size=11737088 bytes (28.7%)
(RDMA_READ_CONSUME_CHECK_CONSUMER) timestamp=5849 ms, used_size=11735040 bytes (28.6%)
(RDMA_READ_CONSUME_CHECK_CONSUMER) timestamp=5849 ms, used_size=11732992 bytes (28.6%)
(RDMA_READ_CONSUME_CHECK_CONSUMER) timestamp=5849 ms, used_size=11730944 bytes (28.6%)
(RDMA_READ_CONSUME_CHECK_CONSUMER) timestamp=5849 ms, used_size=11728896 bytes (28.6%)
(RDMA_READ_CONSUME_CHECK_CONSUMER) timestamp=5849 ms, used_size=11726848 bytes (28.6%)
(RDMA_READ_CONSUME_CHECK_CONSUMER) timestamp=5849 ms, used_size=11724800 bytes (28.6%)
(RDMA_READ_CONSUME_CHECK_CONSUMER) timestamp=5849 ms, used_size=11722752 bytes (28.6%)
(RDMA_READ_CONSUME_CHECK_CONSUMER) timestamp=5849 ms, used_size=11720704 bytes (28.6%)
(RDMA_READ_CONSUME_CHECK_CONSUMER) timestamp=5849 ms, used_size=11718656 bytes (28.6%)
(RDMA_READ_CONSUME_CHECK_CONSUMER) timestamp=5849 ms, used_size=11716608 bytes (28.6%)
(RDMA_READ_CONSUME_CHECK_CONSUMER) timestamp=5849 ms, used_size=11714560 bytes (28.6%)
(RDMA_READ_CONSUME_CHECK_CONSUMER) timestamp=5849 ms, used_size=11712512 bytes (28.6%)
(RDMA_READ_CONSUME_CHECK_CONSUMER) timestamp=5849 ms, used_size=11710464 bytes (28.6%)
(RDMA_READ_CONSUME_CHECK_CONSUMER) timestamp=5849 ms, used_size=11708416 bytes (28.6%)
(RDMA_READ_CONSUME_CHECK_CONSUMER) timestamp=5849 ms, used_size=11706368 bytes (28.6%)
(RDMA_READ_CONSUME_CHECK_CONSUMER) timestamp=5849 ms, used_size=11704320 bytes (28.6%)
(RDMA_READ_CONSUME_CHECK_CONSUMER) timestamp=5849 ms, used_size=11702272 bytes (28.6%)
(RDMA_READ_CONSUME_CHECK_CONSUMER) timestamp=5849 ms, used_size=11700224 bytes (28.6%)
(RDMA_READ_CONSUME_CHECK_CONSUMER) timestamp=5849 ms, used_size=11698176 bytes (28.6%)
(RDMA_READ_CONSUME_CHECK_CONSUMER) timestamp=5849 ms, used_size=11696128 bytes (28.6%)
(RDMA_READ_CONSUME_CHECK_CONSUMER) timestamp=5849 ms, used_size=11694080 bytes (28.6%)
(RDMA_READ_CONSUME_CHECK_CONSUMER) timestamp=5849 ms, used_size=11692032 bytes (28.5%)
(RDMA_READ_CONSUME_CHECK_CONSUMER) timestamp=5849 ms, used_size=11689984 bytes (28.5%)
(RDMA_READ_CONSUME_CHECK_CONSUMER) timestamp=5849 ms, used_size=11687936 bytes (28.5%)
(RDMA_READ_CONSUME_CHECK_CONSUMER) timestamp=5849 ms, used_size=11685888 bytes (28.5%)
(RDMA_READ_CONSUME_CHECK_CONSUMER) timestamp=5849 ms, used_size=11683840 bytes (28.5%)
(RDMA_READ_CONSUME_CHECK_CONSUMER) timestamp=5849 ms, used_size=11681792 bytes (28.5%)
(RDMA_READ_CONSUME_CHECK_CONSUMER) timestamp=5849 ms, used_size=11679744 bytes (28.5%)
(RDMA_READ_CONSUME_CHECK_CONSUMER) timestamp=5849 ms, used_size=11677696 bytes (28.5%)
(RDMA_READ_CONSUME_CHECK_CONSUMER) timestamp=5849 ms, used_size=11675648 bytes (28.5%)
(RDMA_READ_CONSUME_CHECK_CONSUMER) timestamp=5849 ms, used_size=11673600 bytes (28.5%)
(RDMA_READ_CONSUME_CHECK_CONSUMER) timestamp=5849 ms, used_size=11671552 bytes (28.5%)
(RDMA_READ_CONSUME_CHECK_CONSUMER) timestamp=5849 ms, used_size=11669504 bytes (28.5%)
(RDMA_READ_CONSUME_CHECK_CONSUMER) timestamp=5849 ms, used_size=11667456 bytes (28.5%)
(RDMA_READ_CONSUME_CHECK_CONSUMER) timestamp=5849 ms, used_size=11665408 bytes (28.5%)
(RDMA_READ_CONSUME_CHECK_CONSUMER) timestamp=5849 ms, used_size=11663360 bytes (28.5%)
(RDMA_READ_CONSUME_CHECK_CONSUMER) timestamp=5849 ms, used_size=11661312 bytes (28.5%)
(RDMA_READ_CONSUME_CHECK_CONSUMER) timestamp=5849 ms, used_size=11659264 bytes (28.5%)
(RDMA_READ_CONSUME_CHECK_CONSUMER) timestamp=5849 ms, used_size=11657216 bytes (28.5%)
(RDMA_READ_CONSUME_CHECK_CONSUMER) timestamp=5849 ms, used_size=11655168 bytes (28.5%)
(RDMA_READ_CONSUME_CHECK_CONSUMER) timestamp=5849 ms, used_size=11653120 bytes (28.4%)
(RDMA_READ_CONSUME_CHECK_CONSUMER) timestamp=5849 ms, used_size=11651072 bytes (28.4%)
(RDMA_READ_CONSUME_CHECK_CONSUMER) timestamp=5849 ms, used_size=11649024 bytes (28.4%)
(RDMA_READ_CONSUME_CHECK_CONSUMER) timestamp=5849 ms, used_size=11646976 bytes (28.4%)
(RDMA_READ_CONSUME_CHECK_CONSUMER) timestamp=5849 ms, used_size=11644928 bytes (28.4%)
(RDMA_READ_CONSUME_CHECK_CONSUMER) timestamp=5849 ms, used_size=11642880 bytes (28.4%)
(RDMA_READ_CONSUME_CHECK_CONSUMER) timestamp=5849 ms, used_size=11640832 bytes (28.4%)
(RDMA_READ_CONSUME_CHECK_CONSUMER) timestamp=5849 ms, used_size=11638784 bytes (28.4%)
(RDMA_READ_CONSUME_CHECK_CONSUMER) timestamp=5849 ms, used_size=11636736 bytes (28.4%)
(RDMA_READ_CONSUME_CHECK_CONSUMER) timestamp=5849 ms, used_size=11634688 bytes (28.4%)
(RDMA_READ_CONSUME_CHECK_CONSUMER) timestamp=5849 ms, used_size=11632640 bytes (28.4%)
(RDMA_READ_CONSUME_CHECK_CONSUMER) timestamp=5849 ms, used_size=11630592 bytes (28.4%)
(RDMA_READ_CONSUME_CHECK_CONSUMER) timestamp=5849 ms, used_size=11628544 bytes (28.4%)
(RDMA_READ_CONSUME_CHECK_CONSUMER) timestamp=5849 ms, used_size=11626496 bytes (28.4%)
(RDMA_READ_CONSUME_CHECK_CONSUMER) timestamp=5849 ms, used_size=11624448 bytes (28.4%)
(RDMA_READ_CONSUME_CHECK_CONSUMER) timestamp=5849 ms, used_size=11622400 bytes (28.4%)
(RDMA_READ_CONSUME_CHECK_CONSUMER) timestamp=5849 ms, used_size=11620352 bytes (28.4%)
(RDMA_READ_CONSUME_CHECK_CONSUMER) timestamp=5849 ms, used_size=11618304 bytes (28.4%)
(RDMA_READ_CONSUME_CHECK_CONSUMER) timestamp=5849 ms, used_size=11616256 bytes (28.4%)
(RDMA_READ_CONSUME_CHECK_CONSUMER) timestamp=5849 ms, used_size=11614208 bytes (28.4%)
(RDMA_READ_CONSUME_CHECK_CONSUMER) timestamp=5849 ms, used_size=11612160 bytes (28.4%)
(RDMA_READ_CONSUME_CHECK_CONSUMER) timestamp=5849 ms, used_size=11610112 bytes (28.3%)
(RDMA_READ_CONSUME_CHECK_CONSUMER) timestamp=5849 ms, used_size=11608064 bytes (28.3%)
(RDMA_READ_CONSUME_CHECK_CONSUMER) timestamp=5849 ms, used_size=11606016 bytes (28.3%)
(RDMA_READ_CONSUME_CHECK_CONSUMER) timestamp=5849 ms, used_size=11603968 bytes (28.3%)
(RDMA_READ_CONSUME_CHECK_CONSUMER) timestamp=5849 ms, used_size=11601920 bytes (28.3%)
(RDMA_READ_CONSUME_CHECK_CONSUMER) timestamp=5849 ms, used_size=11599872 bytes (28.3%)
(RDMA_READ_CONSUME_CHECK_CONSUMER) timestamp=5849 ms, used_size=11597824 bytes (28.3%)
(RDMA_READ_CONSUME_CHECK_CONSUMER) timestamp=5849 ms, used_size=11595776 bytes (28.3%)
(RDMA_READ_CONSUME_CHECK_CONSUMER) timestamp=5850 ms, used_size=11593728 bytes (28.3%)
(RDMA_READ_CONSUME_CHECK_CONSUMER) timestamp=5850 ms, used_size=11591680 bytes (28.3%)
(RDMA_READ_CONSUME_CHECK_CONSUMER) timestamp=5850 ms, used_size=11589632 bytes (28.3%)
(RDMA_READ_CONSUME_CHECK_CONSUMER) timestamp=5850 ms, used_size=11587584 bytes (28.3%)
(RDMA_READ_CONSUME_CHECK_CONSUMER) timestamp=5850 ms, used_size=11585536 bytes (28.3%)
(RDMA_READ_CONSUME_CHECK_CONSUMER) timestamp=5850 ms, used_size=11583488 bytes (28.3%)
(RDMA_READ_CONSUME_CHECK_CONSUMER) timestamp=5850 ms, used_size=11581440 bytes (28.3%)
(RDMA_READ_CONSUME_CHECK_CONSUMER) timestamp=5850 ms, used_size=11579392 bytes (28.3%)
(RDMA_READ_CONSUME_CHECK_CONSUMER) timestamp=5850 ms, used_size=11577344 bytes (28.3%)
(RDMA_READ_CONSUME_CHECK_CONSUMER) timestamp=5850 ms, used_size=11575296 bytes (28.3%)
(RDMA_READ_CONSUME_CHECK_CONSUMER) timestamp=5850 ms, used_size=11573248 bytes (28.3%)
(RDMA_READ_CONSUME_CHECK_CONSUMER) timestamp=5850 ms, used_size=11571200 bytes (28.2%)
(RDMA_READ_CONSUME_CHECK_CONSUMER) timestamp=5850 ms, used_size=11569152 bytes (28.2%)
(RDMA_READ_CONSUME_CHECK_CONSUMER) timestamp=5850 ms, used_size=11567104 bytes (28.2%)
(RDMA_READ_CONSUME_CHECK_CONSUMER) timestamp=5850 ms, used_size=11565056 bytes (28.2%)
(RDMA_READ_CONSUME_CHECK_CONSUMER) timestamp=5850 ms, used_size=11563008 bytes (28.2%)
(RDMA_READ_CONSUME_CHECK_CONSUMER) timestamp=5850 ms, used_size=11560960 bytes (28.2%)
(RDMA_READ_CONSUME_CHECK_CONSUMER) timestamp=5850 ms, used_size=11558912 bytes (28.2%)
(RDMA_READ_CONSUME_CHECK_CONSUMER) timestamp=5850 ms, used_size=11556864 bytes (28.2%)
(RDMA_READ_CONSUME_CHECK_CONSUMER) timestamp=5850 ms, used_size=11554816 bytes (28.2%)
(RDMA_READ_CONSUME_CHECK_CONSUMER) timestamp=5850 ms, used_size=11552768 bytes (28.2%)
(RDMA_READ_CONSUME_CHECK_CONSUMER) timestamp=5850 ms, used_size=11550720 bytes (28.2%)
(RDMA_READ_CONSUME_CHECK_CONSUMER) timestamp=5850 ms, used_size=11548672 bytes (28.2%)
(RDMA_READ_CONSUME_CHECK_CONSUMER) timestamp=5850 ms, used_size=11546624 bytes (28.2%)
(RDMA_READ_CONSUME_CHECK_CONSUMER) timestamp=5850 ms, used_size=11544576 bytes (28.2%)
(RDMA_READ_CONSUME_CHECK_CONSUMER) timestamp=5850 ms, used_size=11542528 bytes (28.2%)
(RDMA_READ_CONSUME_CHECK_CONSUMER) timestamp=5850 ms, used_size=11540480 bytes (28.2%)
(RDMA_READ_CONSUME_CHECK_CONSUMER) timestamp=5850 ms, used_size=11538432 bytes (28.2%)
(RDMA_READ_CONSUME_CHECK_CONSUMER) timestamp=5850 ms, used_size=11536384 bytes (28.2%)
(RDMA_READ_CONSUME_CHECK_CONSUMER) timestamp=5850 ms, used_size=11534336 bytes (28.2%)
(RDMA_READ_CONSUME_CHECK_CONSUMER) timestamp=5850 ms, used_size=11532288 bytes (28.2%)
(RDMA_READ_CONSUME_CHECK_CONSUMER) timestamp=5850 ms, used_size=11530240 bytes (28.1%)
(RDMA_READ_CONSUME_CHECK_CONSUMER) timestamp=5850 ms, used_size=11528192 bytes (28.1%)
(RDMA_READ_CONSUME_CHECK_CONSUMER) timestamp=5850 ms, used_size=11526144 bytes (28.1%)
(RDMA_READ_CONSUME_CHECK_CONSUMER) timestamp=5850 ms, used_size=11524096 bytes (28.1%)
(RDMA_READ_CONSUME_CHECK_CONSUMER) timestamp=5850 ms, used_size=11522048 bytes (28.1%)
(RDMA_READ_CONSUME_CHECK_CONSUMER) timestamp=5850 ms, used_size=11520000 bytes (28.1%)
(RDMA_READ_CONSUME_CHECK_CONSUMER) timestamp=5850 ms, used_size=11517952 bytes (28.1%)
(RDMA_READ_CONSUME_CHECK_CONSUMER) timestamp=5850 ms, used_size=11515904 bytes (28.1%)
(RDMA_READ_CONSUME_CHECK_CONSUMER) timestamp=5850 ms, used_size=11513856 bytes (28.1%)
(RDMA_READ_CONSUME_CHECK_CONSUMER) timestamp=5850 ms, used_size=11511808 bytes (28.1%)
(RDMA_READ_CONSUME_CHECK_CONSUMER) timestamp=5850 ms, used_size=11509760 bytes (28.1%)
(RDMA_READ_CONSUME_CHECK_CONSUMER) timestamp=5850 ms, used_size=11507712 bytes (28.1%)
(RDMA_READ_CONSUME_CHECK_CONSUMER) timestamp=5850 ms, used_size=11505664 bytes (28.1%)
(RDMA_READ_CONSUME_CHECK_CONSUMER) timestamp=5850 ms, used_size=11503616 bytes (28.1%)
(RDMA_READ_CONSUME_CHECK_CONSUMER) timestamp=5850 ms, used_size=11501568 bytes (28.1%)
(RDMA_READ_CONSUME_CHECK_CONSUMER) timestamp=5850 ms, used_size=11499520 bytes (28.1%)
(RDMA_READ_CONSUME_CHECK_CONSUMER) timestamp=5850 ms, used_size=11497472 bytes (28.1%)
(RDMA_READ_CONSUME_CHECK_CONSUMER) timestamp=5850 ms, used_size=11495424 bytes (28.1%)
(RDMA_READ_CONSUME_CHECK_CONSUMER) timestamp=5850 ms, used_size=11493376 bytes (28.1%)
(RDMA_READ_CONSUME_CHECK_CONSUMER) timestamp=5850 ms, used_size=11491328 bytes (28.1%)
(RDMA_READ_CONSUME_CHECK_CONSUMER) timestamp=5850 ms, used_size=11489280 bytes (28.1%)
(RDMA_READ_CONSUME_CHECK_CONSUMER) timestamp=5850 ms, used_size=11487232 bytes (28.0%)
(RDMA_READ_CONSUME_CHECK_CONSUMER) timestamp=5850 ms, used_size=11485184 bytes (28.0%)
(RDMA_READ_CONSUME_CHECK_CONSUMER) timestamp=5850 ms, used_size=11483136 bytes (28.0%)
(RDMA_READ_CONSUME_CHECK_CONSUMER) timestamp=5850 ms, used_size=11481088 bytes (28.0%)
(RDMA_READ_CONSUME_CHECK_CONSUMER) timestamp=5850 ms, used_size=11479040 bytes (28.0%)
(RDMA_READ_CONSUME_CHECK_CONSUMER) timestamp=5850 ms, used_size=11476992 bytes (28.0%)
(RDMA_READ_CONSUME_CHECK_CONSUMER) timestamp=5850 ms, used_size=11474944 bytes (28.0%)
(RDMA_READ_CONSUME_CHECK_CONSUMER) timestamp=5850 ms, used_size=11472896 bytes (28.0%)
(RDMA_READ_CONSUME_CHECK_CONSUMER) timestamp=5850 ms, used_size=11470848 bytes (28.0%)
(RDMA_READ_CONSUME_CHECK_CONSUMER) timestamp=5850 ms, used_size=11468800 bytes (28.0%)
(RDMA_READ_CONSUME_CHECK_CONSUMER) timestamp=5850 ms, used_size=11466752 bytes (28.0%)
(RDMA_READ_CONSUME_CHECK_CONSUMER) timestamp=5850 ms, used_size=11464704 bytes (28.0%)
(RDMA_READ_CONSUME_CHECK_CONSUMER) timestamp=5850 ms, used_size=11462656 bytes (28.0%)
(RDMA_READ_CONSUME_CHECK_CONSUMER) timestamp=5850 ms, used_size=11460608 bytes (28.0%)
(RDMA_READ_CONSUME_CHECK_CONSUMER) timestamp=5850 ms, used_size=11458560 bytes (28.0%)
(RDMA_READ_CONSUME_CHECK_CONSUMER) timestamp=5850 ms, used_size=11456512 bytes (28.0%)
(RDMA_READ_CONSUME_CHECK_CONSUMER) timestamp=5850 ms, used_size=11454464 bytes (28.0%)
(RDMA_READ_CONSUME_CHECK_CONSUMER) timestamp=5850 ms, used_size=11452416 bytes (28.0%)
(RDMA_READ_CONSUME_CHECK_CONSUMER) timestamp=5850 ms, used_size=11450368 bytes (28.0%)
(RDMA_READ_CONSUME_CHECK_CONSUMER) timestamp=5850 ms, used_size=11448320 bytes (27.9%)
(RDMA_READ_CONSUME_CHECK_CONSUMER) timestamp=5850 ms, used_size=11446272 bytes (27.9%)
(RDMA_READ_CONSUME_CHECK_CONSUMER) timestamp=5850 ms, used_size=11444224 bytes (27.9%)
(RDMA_READ_CONSUME_CHECK_CONSUMER) timestamp=5850 ms, used_size=11442176 bytes (27.9%)
(RDMA_READ_CONSUME_CHECK_CONSUMER) timestamp=5850 ms, used_size=11440128 bytes (27.9%)
(RDMA_READ_CONSUME_CHECK_CONSUMER) timestamp=5850 ms, used_size=11438080 bytes (27.9%)
(RDMA_READ_CONSUME_CHECK_CONSUMER) timestamp=5850 ms, used_size=11436032 bytes (27.9%)
(RDMA_READ_CONSUME_CHECK_CONSUMER) timestamp=5850 ms, used_size=11433984 bytes (27.9%)
(RDMA_READ_CONSUME_CHECK_CONSUMER) timestamp=5850 ms, used_size=11431936 bytes (27.9%)
(RDMA_READ_CONSUME_CHECK_CONSUMER) timestamp=5850 ms, used_size=11429888 bytes (27.9%)
(RDMA_READ_CONSUME_CHECK_CONSUMER) timestamp=5850 ms, used_size=11427840 bytes (27.9%)
(RDMA_READ_CONSUME_CHECK_CONSUMER) timestamp=5850 ms, used_size=11425792 bytes (27.9%)
(RDMA_READ_CONSUME_CHECK_CONSUMER) timestamp=5850 ms, used_size=11423744 bytes (27.9%)
(RDMA_READ_CONSUME_CHECK_CONSUMER) timestamp=5850 ms, used_size=11421696 bytes (27.9%)
(RDMA_READ_CONSUME_CHECK_CONSUMER) timestamp=5850 ms, used_size=11419648 bytes (27.9%)
(RDMA_READ_CONSUME_CHECK_CONSUMER) timestamp=5850 ms, used_size=11417600 bytes (27.9%)
(RDMA_READ_CONSUME_CHECK_CONSUMER) timestamp=5850 ms, used_size=11415552 bytes (27.9%)
(RDMA_READ_CONSUME_CHECK_CONSUMER) timestamp=5850 ms, used_size=11413504 bytes (27.9%)
(RDMA_READ_CONSUME_CHECK_CONSUMER) timestamp=5850 ms, used_size=11411456 bytes (27.9%)
(RDMA_READ_CONSUME_CHECK_CONSUMER) timestamp=5850 ms, used_size=11409408 bytes (27.9%)
(RDMA_READ_CONSUME_CHECK_CONSUMER) timestamp=5850 ms, used_size=11407360 bytes (27.9%)
(RDMA_READ_CONSUME_CHECK_CONSUMER) timestamp=5850 ms, used_size=11405312 bytes (27.8%)
(RDMA_READ_CONSUME_CHECK_CONSUMER) timestamp=5850 ms, used_size=11403264 bytes (27.8%)
(RDMA_READ_CONSUME_CHECK_CONSUMER) timestamp=5850 ms, used_size=11401216 bytes (27.8%)
(RDMA_READ_CONSUME_CHECK_CONSUMER) timestamp=5850 ms, used_size=11399168 bytes (27.8%)
(RDMA_READ_CONSUME_CHECK_CONSUMER) timestamp=5850 ms, used_size=11397120 bytes (27.8%)
(RDMA_READ_CONSUME_CHECK_CONSUMER) timestamp=5850 ms, used_size=11395072 bytes (27.8%)
(RDMA_READ_CONSUME_CHECK_CONSUMER) timestamp=5850 ms, used_size=11393024 bytes (27.8%)
(RDMA_READ_CONSUME_CHECK_CONSUMER) timestamp=5850 ms, used_size=11390976 bytes (27.8%)
(RDMA_READ_CONSUME_CHECK_CONSUMER) timestamp=5850 ms, used_size=11388928 bytes (27.8%)
(RDMA_READ_CONSUME_CHECK_CONSUMER) timestamp=5850 ms, used_size=11386880 bytes (27.8%)
(RDMA_READ_CONSUME_CHECK_CONSUMER) timestamp=5850 ms, used_size=11384832 bytes (27.8%)
(RDMA_READ_CONSUME_CHECK_CONSUMER) timestamp=5850 ms, used_size=11382784 bytes (27.8%)
(RDMA_READ_CONSUME_CHECK_CONSUMER) timestamp=5850 ms, used_size=11380736 bytes (27.8%)
(RDMA_READ_CONSUME_CHECK_CONSUMER) timestamp=5850 ms, used_size=11378688 bytes (27.8%)
(RDMA_READ_CONSUME_CHECK_CONSUMER) timestamp=5850 ms, used_size=11376640 bytes (27.8%)
(RDMA_READ_CONSUME_CHECK_CONSUMER) timestamp=5850 ms, used_size=11374592 bytes (27.8%)
(RDMA_READ_CONSUME_CHECK_CONSUMER) timestamp=5850 ms, used_size=11372544 bytes (27.8%)
(RDMA_READ_CONSUME_CHECK_CONSUMER) timestamp=5850 ms, used_size=11370496 bytes (27.8%)
(RDMA_READ_CONSUME_CHECK_CONSUMER) timestamp=5850 ms, used_size=11368448 bytes (27.8%)
(RDMA_READ_CONSUME_CHECK_CONSUMER) timestamp=5850 ms, used_size=11366400 bytes (27.8%)
(RDMA_READ_CONSUME_CHECK_CONSUMER) timestamp=5850 ms, used_size=11364352 bytes (27.7%)
(RDMA_READ_CONSUME_CHECK_CONSUMER) timestamp=5850 ms, used_size=11362304 bytes (27.7%)
(RDMA_READ_CONSUME_CHECK_CONSUMER) timestamp=5850 ms, used_size=11360256 bytes (27.7%)
(RDMA_READ_CONSUME_CHECK_CONSUMER) timestamp=5850 ms, used_size=11358208 bytes (27.7%)
(RDMA_READ_CONSUME_CHECK_CONSUMER) timestamp=5850 ms, used_size=11356160 bytes (27.7%)
(RDMA_READ_CONSUME_CHECK_CONSUMER) timestamp=5850 ms, used_size=11354112 bytes (27.7%)
(RDMA_READ_CONSUME_CHECK_CONSUMER) timestamp=5850 ms, used_size=11352064 bytes (27.7%)
(RDMA_READ_CONSUME_CHECK_CONSUMER) timestamp=5850 ms, used_size=11350016 bytes (27.7%)
(RDMA_READ_CONSUME_CHECK_CONSUMER) timestamp=5850 ms, used_size=11347968 bytes (27.7%)
(RDMA_READ_CONSUME_CHECK_CONSUMER) timestamp=5850 ms, used_size=11345920 bytes (27.7%)
(RDMA_READ_CONSUME_CHECK_CONSUMER) timestamp=5850 ms, used_size=11343872 bytes (27.7%)
(RDMA_READ_CONSUME_CHECK_CONSUMER) timestamp=5850 ms, used_size=11341824 bytes (27.7%)
(RDMA_READ_CONSUME_CHECK_CONSUMER) timestamp=5850 ms, used_size=11339776 bytes (27.7%)
(RDMA_READ_CONSUME_CHECK_CONSUMER) timestamp=5850 ms, used_size=11337728 bytes (27.7%)
(RDMA_READ_CONSUME_CHECK_CONSUMER) timestamp=5850 ms, used_size=11335680 bytes (27.7%)
(RDMA_READ_CONSUME_CHECK_CONSUMER) timestamp=5850 ms, used_size=11333632 bytes (27.7%)
(RDMA_READ_CONSUME_CHECK_CONSUMER) timestamp=5850 ms, used_size=11331584 bytes (27.7%)
(RDMA_READ_CONSUME_CHECK_CONSUMER) timestamp=5850 ms, used_size=11329536 bytes (27.7%)
(RDMA_READ_CONSUME_CHECK_CONSUMER) timestamp=5850 ms, used_size=11327488 bytes (27.7%)
(RDMA_READ_CONSUME_CHECK_CONSUMER) timestamp=5850 ms, used_size=11325440 bytes (27.6%)
(RDMA_READ_CONSUME_CHECK_CONSUMER) timestamp=5850 ms, used_size=11323392 bytes (27.6%)
(RDMA_READ_CONSUME_CHECK_CONSUMER) timestamp=5850 ms, used_size=11321344 bytes (27.6%)
(RDMA_READ_CONSUME_CHECK_CONSUMER) timestamp=5850 ms, used_size=11319296 bytes (27.6%)
(RDMA_READ_CONSUME_CHECK_CONSUMER) timestamp=5850 ms, used_size=11317248 bytes (27.6%)
(RDMA_READ_CONSUME_CHECK_CONSUMER) timestamp=5850 ms, used_size=11315200 bytes (27.6%)
(RDMA_READ_CONSUME_CHECK_CONSUMER) timestamp=5850 ms, used_size=11313152 bytes (27.6%)
(RDMA_READ_CONSUME_CHECK_CONSUMER) timestamp=5850 ms, used_size=11311104 bytes (27.6%)
(RDMA_READ_CONSUME_CHECK_CONSUMER) timestamp=5850 ms, used_size=11309056 bytes (27.6%)
(RDMA_READ_CONSUME_CHECK_CONSUMER) timestamp=5850 ms, used_size=11307008 bytes (27.6%)
(RDMA_READ_CONSUME_CHECK_CONSUMER) timestamp=5850 ms, used_size=11304960 bytes (27.6%)
(RDMA_READ_CONSUME_CHECK_CONSUMER) timestamp=5850 ms, used_size=11302912 bytes (27.6%)
(RDMA_READ_CONSUME_CHECK_CONSUMER) timestamp=5850 ms, used_size=11300864 bytes (27.6%)
(RDMA_READ_CONSUME_CHECK_CONSUMER) timestamp=5850 ms, used_size=11298816 bytes (27.6%)
(RDMA_READ_CONSUME_CHECK_CONSUMER) timestamp=5850 ms, used_size=11296768 bytes (27.6%)
(RDMA_READ_CONSUME_CHECK_CONSUMER) timestamp=5850 ms, used_size=11294720 bytes (27.6%)
(RDMA_READ_CONSUME_CHECK_CONSUMER) timestamp=5850 ms, used_size=11292672 bytes (27.6%)
(RDMA_READ_CONSUME_CHECK_CONSUMER) timestamp=5850 ms, used_size=11290624 bytes (27.6%)
(RDMA_READ_CONSUME_CHECK_CONSUMER) timestamp=5850 ms, used_size=11288576 bytes (27.6%)
(RDMA_READ_CONSUME_CHECK_CONSUMER) timestamp=5850 ms, used_size=11286528 bytes (27.6%)
(RDMA_READ_CONSUME_CHECK_CONSUMER) timestamp=5850 ms, used_size=11284480 bytes (27.6%)
(RDMA_READ_CONSUME_CHECK_CONSUMER) timestamp=5850 ms, used_size=11282432 bytes (27.5%)
(RDMA_READ_CONSUME_CHECK_CONSUMER) timestamp=5850 ms, used_size=11280384 bytes (27.5%)
(RDMA_READ_CONSUME_CHECK_CONSUMER) timestamp=5850 ms, used_size=11278336 bytes (27.5%)
(RDMA_READ_CONSUME_CHECK_CONSUMER) timestamp=5850 ms, used_size=11276288 bytes (27.5%)
(RDMA_READ_CONSUME_CHECK_CONSUMER) timestamp=5850 ms, used_size=11274240 bytes (27.5%)
(RDMA_READ_CONSUME_CHECK_CONSUMER) timestamp=5850 ms, used_size=11272192 bytes (27.5%)
(RDMA_READ_CONSUME_CHECK_CONSUMER) timestamp=5850 ms, used_size=11270144 bytes (27.5%)
(RDMA_READ_CONSUME_CHECK_CONSUMER) timestamp=5850 ms, used_size=11268096 bytes (27.5%)
(RDMA_READ_CONSUME_CHECK_CONSUMER) timestamp=5850 ms, used_size=11266048 bytes (27.5%)
(RDMA_READ_CONSUME_CHECK_CONSUMER) timestamp=5850 ms, used_size=11264000 bytes (27.5%)
(RDMA_READ_CONSUME_CHECK_CONSUMER) timestamp=5850 ms, used_size=11261952 bytes (27.5%)
(RDMA_READ_CONSUME_CHECK_CONSUMER) timestamp=5850 ms, used_size=11259904 bytes (27.5%)
(RDMA_READ_CONSUME_CHECK_CONSUMER) timestamp=5850 ms, used_size=11257856 bytes (27.5%)
(RDMA_READ_CONSUME_CHECK_CONSUMER) timestamp=5850 ms, used_size=11255808 bytes (27.5%)
(RDMA_READ_CONSUME_CHECK_CONSUMER) timestamp=5850 ms, used_size=11253760 bytes (27.5%)
(RDMA_READ_CONSUME_CHECK_CONSUMER) timestamp=5851 ms, used_size=11251712 bytes (27.5%)
(RDMA_READ_CONSUME_CHECK_CONSUMER) timestamp=5851 ms, used_size=11249664 bytes (27.5%)
(RDMA_READ_CONSUME_CHECK_CONSUMER) timestamp=5851 ms, used_size=11247616 bytes (27.5%)
(RDMA_READ_CONSUME_CHECK_CONSUMER) timestamp=5851 ms, used_size=11245568 bytes (27.5%)
(RDMA_READ_CONSUME_CHECK_CONSUMER) timestamp=5851 ms, used_size=11243520 bytes (27.4%)
(RDMA_READ_CONSUME_CHECK_CONSUMER) timestamp=5851 ms, used_size=11241472 bytes (27.4%)
(RDMA_READ_CONSUME_CHECK_CONSUMER) timestamp=5851 ms, used_size=11239424 bytes (27.4%)
(RDMA_READ_CONSUME_CHECK_CONSUMER) timestamp=5851 ms, used_size=11237376 bytes (27.4%)
(RDMA_READ_CONSUME_CHECK_CONSUMER) timestamp=5851 ms, used_size=11235328 bytes (27.4%)
(RDMA_READ_CONSUME_CHECK_CONSUMER) timestamp=5851 ms, used_size=11233280 bytes (27.4%)
(RDMA_READ_CONSUME_CHECK_CONSUMER) timestamp=5851 ms, used_size=11231232 bytes (27.4%)
(RDMA_READ_CONSUME_CHECK_CONSUMER) timestamp=5851 ms, used_size=11229184 bytes (27.4%)
(RDMA_READ_CONSUME_CHECK_CONSUMER) timestamp=5851 ms, used_size=11227136 bytes (27.4%)
(RDMA_READ_CONSUME_CHECK_CONSUMER) timestamp=5851 ms, used_size=11225088 bytes (27.4%)
(RDMA_READ_CONSUME_CHECK_CONSUMER) timestamp=5851 ms, used_size=11223040 bytes (27.4%)
(RDMA_READ_CONSUME_CHECK_CONSUMER) timestamp=5851 ms, used_size=11220992 bytes (27.4%)
(RDMA_READ_CONSUME_CHECK_CONSUMER) timestamp=5851 ms, used_size=11218944 bytes (27.4%)
(RDMA_READ_CONSUME_CHECK_CONSUMER) timestamp=5851 ms, used_size=11216896 bytes (27.4%)
(RDMA_READ_CONSUME_CHECK_CONSUMER) timestamp=5851 ms, used_size=11214848 bytes (27.4%)
(RDMA_READ_CONSUME_CHECK_CONSUMER) timestamp=5851 ms, used_size=11212800 bytes (27.4%)
(RDMA_READ_CONSUME_CHECK_CONSUMER) timestamp=5851 ms, used_size=11210752 bytes (27.4%)
(RDMA_READ_CONSUME_CHECK_CONSUMER) timestamp=5851 ms, used_size=11208704 bytes (27.4%)
(RDMA_READ_CONSUME_CHECK_CONSUMER) timestamp=5851 ms, used_size=11206656 bytes (27.4%)
(RDMA_READ_CONSUME_CHECK_CONSUMER) timestamp=5851 ms, used_size=11204608 bytes (27.4%)
(RDMA_READ_CONSUME_CHECK_CONSUMER) timestamp=5851 ms, used_size=11202560 bytes (27.4%)
(RDMA_READ_CONSUME_CHECK_CONSUMER) timestamp=5851 ms, used_size=11200512 bytes (27.3%)
(RDMA_READ_CONSUME_CHECK_CONSUMER) timestamp=5851 ms, used_size=11198464 bytes (27.3%)
(RDMA_READ_CONSUME_CHECK_CONSUMER) timestamp=5851 ms, used_size=11196416 bytes (27.3%)
(RDMA_READ_CONSUME_CHECK_CONSUMER) timestamp=5851 ms, used_size=11194368 bytes (27.3%)
(RDMA_READ_CONSUME_CHECK_CONSUMER) timestamp=5851 ms, used_size=11192320 bytes (27.3%)
(RDMA_READ_CONSUME_CHECK_CONSUMER) timestamp=5851 ms, used_size=11190272 bytes (27.3%)
(RDMA_READ_CONSUME_CHECK_CONSUMER) timestamp=5851 ms, used_size=11188224 bytes (27.3%)
(RDMA_READ_CONSUME_CHECK_CONSUMER) timestamp=5851 ms, used_size=11186176 bytes (27.3%)
(RDMA_READ_CONSUME_CHECK_CONSUMER) timestamp=5851 ms, used_size=11184128 bytes (27.3%)
(RDMA_READ_CONSUME_CHECK_CONSUMER) timestamp=5851 ms, used_size=11182080 bytes (27.3%)
(RDMA_READ_CONSUME_CHECK_CONSUMER) timestamp=5851 ms, used_size=11180032 bytes (27.3%)
(RDMA_READ_CONSUME_CHECK_CONSUMER) timestamp=5851 ms, used_size=11177984 bytes (27.3%)
(RDMA_READ_CONSUME_CHECK_CONSUMER) timestamp=5851 ms, used_size=11175936 bytes (27.3%)
(RDMA_READ_CONSUME_CHECK_CONSUMER) timestamp=5851 ms, used_size=11173888 bytes (27.3%)
(RDMA_READ_CONSUME_CHECK_CONSUMER) timestamp=5851 ms, used_size=11171840 bytes (27.3%)
(RDMA_READ_CONSUME_CHECK_CONSUMER) timestamp=5851 ms, used_size=11169792 bytes (27.3%)
(RDMA_READ_CONSUME_CHECK_CONSUMER) timestamp=5851 ms, used_size=11167744 bytes (27.3%)
(RDMA_READ_CONSUME_CHECK_CONSUMER) timestamp=5851 ms, used_size=11165696 bytes (27.3%)
(RDMA_READ_CONSUME_CHECK_CONSUMER) timestamp=5851 ms, used_size=11163648 bytes (27.3%)
(RDMA_READ_CONSUME_CHECK_CONSUMER) timestamp=5851 ms, used_size=11161600 bytes (27.2%)
(RDMA_READ_CONSUME_CHECK_CONSUMER) timestamp=5851 ms, used_size=11159552 bytes (27.2%)
(RDMA_READ_CONSUME_CHECK_CONSUMER) timestamp=5851 ms, used_size=11157504 bytes (27.2%)
(RDMA_READ_CONSUME_CHECK_CONSUMER) timestamp=5851 ms, used_size=11155456 bytes (27.2%)
(RDMA_READ_CONSUME_CHECK_CONSUMER) timestamp=5851 ms, used_size=11153408 bytes (27.2%)
(RDMA_READ_CONSUME_CHECK_CONSUMER) timestamp=5851 ms, used_size=11151360 bytes (27.2%)
(RDMA_READ_CONSUME_CHECK_CONSUMER) timestamp=5851 ms, used_size=11149312 bytes (27.2%)
(RDMA_READ_CONSUME_CHECK_CONSUMER) timestamp=5851 ms, used_size=11147264 bytes (27.2%)
(RDMA_READ_CONSUME_CHECK_CONSUMER) timestamp=5851 ms, used_size=11145216 bytes (27.2%)
(RDMA_READ_CONSUME_CHECK_CONSUMER) timestamp=5851 ms, used_size=11143168 bytes (27.2%)
(RDMA_READ_CONSUME_CHECK_CONSUMER) timestamp=5851 ms, used_size=11141120 bytes (27.2%)
(RDMA_READ_CONSUME_CHECK_CONSUMER) timestamp=5851 ms, used_size=11139072 bytes (27.2%)
(RDMA_READ_CONSUME_CHECK_CONSUMER) timestamp=5851 ms, used_size=11137024 bytes (27.2%)
(RDMA_READ_CONSUME_CHECK_CONSUMER) timestamp=5851 ms, used_size=11134976 bytes (27.2%)
(RDMA_READ_CONSUME_CHECK_CONSUMER) timestamp=5851 ms, used_size=11132928 bytes (27.2%)
(RDMA_READ_CONSUME_CHECK_CONSUMER) timestamp=5851 ms, used_size=11130880 bytes (27.2%)
(RDMA_READ_CONSUME_CHECK_CONSUMER) timestamp=5851 ms, used_size=11128832 bytes (27.2%)
(RDMA_READ_CONSUME_CHECK_CONSUMER) timestamp=5851 ms, used_size=11126784 bytes (27.2%)
(RDMA_READ_CONSUME_CHECK_CONSUMER) timestamp=5851 ms, used_size=11124736 bytes (27.2%)
(RDMA_READ_CONSUME_CHECK_CONSUMER) timestamp=5851 ms, used_size=11122688 bytes (27.2%)
(RDMA_READ_CONSUME_CHECK_CONSUMER) timestamp=5851 ms, used_size=11120640 bytes (27.1%)
(RDMA_READ_CONSUME_CHECK_CONSUMER) timestamp=5851 ms, used_size=11118592 bytes (27.1%)
(RDMA_READ_CONSUME_CHECK_CONSUMER) timestamp=5851 ms, used_size=11116544 bytes (27.1%)
(RDMA_READ_CONSUME_CHECK_CONSUMER) timestamp=5851 ms, used_size=11114496 bytes (27.1%)
(RDMA_READ_CONSUME_CHECK_CONSUMER) timestamp=5851 ms, used_size=11112448 bytes (27.1%)
(RDMA_READ_CONSUME_CHECK_CONSUMER) timestamp=5851 ms, used_size=11110400 bytes (27.1%)
(RDMA_READ_CONSUME_CHECK_CONSUMER) timestamp=5851 ms, used_size=11108352 bytes (27.1%)
(RDMA_READ_CONSUME_CHECK_CONSUMER) timestamp=5851 ms, used_size=11106304 bytes (27.1%)
(RDMA_READ_CONSUME_CHECK_CONSUMER) timestamp=5851 ms, used_size=11104256 bytes (27.1%)
(RDMA_READ_CONSUME_CHECK_CONSUMER) timestamp=5851 ms, used_size=11102208 bytes (27.1%)
(RDMA_READ_CONSUME_CHECK_CONSUMER) timestamp=5851 ms, used_size=11100160 bytes (27.1%)
(RDMA_READ_CONSUME_CHECK_CONSUMER) timestamp=5851 ms, used_size=11098112 bytes (27.1%)
(RDMA_READ_CONSUME_CHECK_CONSUMER) timestamp=5851 ms, used_size=11096064 bytes (27.1%)
(RDMA_READ_CONSUME_CHECK_CONSUMER) timestamp=5851 ms, used_size=11094016 bytes (27.1%)
(RDMA_READ_CONSUME_CHECK_CONSUMER) timestamp=5851 ms, used_size=11091968 bytes (27.1%)
(RDMA_READ_CONSUME_CHECK_CONSUMER) timestamp=5851 ms, used_size=11089920 bytes (27.1%)
(RDMA_READ_CONSUME_CHECK_CONSUMER) timestamp=5851 ms, used_size=11087872 bytes (27.1%)
(RDMA_READ_CONSUME_CHECK_CONSUMER) timestamp=5851 ms, used_size=11085824 bytes (27.1%)
(RDMA_READ_CONSUME_CHECK_CONSUMER) timestamp=5851 ms, used_size=11083776 bytes (27.1%)
(RDMA_READ_CONSUME_CHECK_CONSUMER) timestamp=5851 ms, used_size=11081728 bytes (27.1%)
(RDMA_READ_CONSUME_CHECK_CONSUMER) timestamp=5851 ms, used_size=11079680 bytes (27.1%)
(RDMA_READ_CONSUME_CHECK_CONSUMER) timestamp=5851 ms, used_size=11077632 bytes (27.0%)
(RDMA_READ_CONSUME_CHECK_CONSUMER) timestamp=5851 ms, used_size=11075584 bytes (27.0%)
(RDMA_READ_CONSUME_CHECK_CONSUMER) timestamp=5851 ms, used_size=11073536 bytes (27.0%)
(RDMA_READ_CONSUME_CHECK_CONSUMER) timestamp=5851 ms, used_size=11071488 bytes (27.0%)
(RDMA_READ_CONSUME_CHECK_CONSUMER) timestamp=5851 ms, used_size=11069440 bytes (27.0%)
(RDMA_READ_CONSUME_CHECK_CONSUMER) timestamp=5851 ms, used_size=11067392 bytes (27.0%)
(RDMA_READ_CONSUME_CHECK_CONSUMER) timestamp=5851 ms, used_size=11065344 bytes (27.0%)
(RDMA_READ_CONSUME_CHECK_CONSUMER) timestamp=5851 ms, used_size=11063296 bytes (27.0%)
(RDMA_READ_CONSUME_CHECK_CONSUMER) timestamp=5851 ms, used_size=11061248 bytes (27.0%)
(RDMA_READ_CONSUME_CHECK_CONSUMER) timestamp=5851 ms, used_size=11059200 bytes (27.0%)
(RDMA_READ_CONSUME_CHECK_CONSUMER) timestamp=5851 ms, used_size=11057152 bytes (27.0%)
(RDMA_READ_CONSUME_CHECK_CONSUMER) timestamp=5851 ms, used_size=11055104 bytes (27.0%)
(RDMA_READ_CONSUME_CHECK_CONSUMER) timestamp=5851 ms, used_size=11053056 bytes (27.0%)
(RDMA_READ_CONSUME_CHECK_CONSUMER) timestamp=5851 ms, used_size=11051008 bytes (27.0%)
(RDMA_READ_CONSUME_CHECK_CONSUMER) timestamp=5851 ms, used_size=11048960 bytes (27.0%)
(RDMA_READ_CONSUME_CHECK_CONSUMER) timestamp=5851 ms, used_size=11046912 bytes (27.0%)
(RDMA_READ_CONSUME_CHECK_CONSUMER) timestamp=5851 ms, used_size=11044864 bytes (27.0%)
(RDMA_READ_CONSUME_CHECK_CONSUMER) timestamp=5851 ms, used_size=11042816 bytes (27.0%)
(RDMA_READ_CONSUME_CHECK_CONSUMER) timestamp=5851 ms, used_size=11040768 bytes (27.0%)
(RDMA_READ_CONSUME_CHECK_CONSUMER) timestamp=5851 ms, used_size=11038720 bytes (26.9%)
(RDMA_READ_CONSUME_CHECK_CONSUMER) timestamp=5851 ms, used_size=11036672 bytes (26.9%)
(RDMA_READ_CONSUME_CHECK_CONSUMER) timestamp=5851 ms, used_size=11034624 bytes (26.9%)
(RDMA_READ_CONSUME_CHECK_CONSUMER) timestamp=5851 ms, used_size=11032576 bytes (26.9%)
(RDMA_READ_CONSUME_CHECK_CONSUMER) timestamp=5851 ms, used_size=11030528 bytes (26.9%)
(RDMA_READ_CONSUME_CHECK_CONSUMER) timestamp=5851 ms, used_size=11028480 bytes (26.9%)
(RDMA_READ_CONSUME_CHECK_CONSUMER) timestamp=5851 ms, used_size=11026432 bytes (26.9%)
(RDMA_READ_CONSUME_CHECK_CONSUMER) timestamp=5851 ms, used_size=11024384 bytes (26.9%)
(RDMA_READ_CONSUME_CHECK_CONSUMER) timestamp=5851 ms, used_size=11022336 bytes (26.9%)
(RDMA_READ_CONSUME_CHECK_CONSUMER) timestamp=5851 ms, used_size=11020288 bytes (26.9%)
(RDMA_READ_CONSUME_CHECK_CONSUMER) timestamp=5851 ms, used_size=11018240 bytes (26.9%)
(RDMA_READ_CONSUME_CHECK_CONSUMER) timestamp=5851 ms, used_size=11016192 bytes (26.9%)
(RDMA_READ_CONSUME_CHECK_CONSUMER) timestamp=5851 ms, used_size=11014144 bytes (26.9%)
(RDMA_READ_CONSUME_CHECK_CONSUMER) timestamp=5851 ms, used_size=11012096 bytes (26.9%)
(RDMA_READ_CONSUME_CHECK_CONSUMER) timestamp=5851 ms, used_size=11010048 bytes (26.9%)
(RDMA_READ_CONSUME_CHECK_CONSUMER) timestamp=5851 ms, used_size=11008000 bytes (26.9%)
(RDMA_READ_CONSUME_CHECK_CONSUMER) timestamp=5851 ms, used_size=11005952 bytes (26.9%)
(RDMA_READ_CONSUME_CHECK_CONSUMER) timestamp=5851 ms, used_size=11003904 bytes (26.9%)
(RDMA_READ_CONSUME_CHECK_CONSUMER) timestamp=5851 ms, used_size=11001856 bytes (26.9%)
(RDMA_READ_CONSUME_CHECK_CONSUMER) timestamp=5851 ms, used_size=10999808 bytes (26.9%)
(RDMA_READ_CONSUME_CHECK_CONSUMER) timestamp=5851 ms, used_size=10997760 bytes (26.9%)
(RDMA_READ_CONSUME_CHECK_CONSUMER) timestamp=5851 ms, used_size=10995712 bytes (26.8%)
(RDMA_READ_CONSUME_CHECK_CONSUMER) timestamp=5851 ms, used_size=10993664 bytes (26.8%)
(RDMA_READ_CONSUME_CHECK_CONSUMER) timestamp=5851 ms, used_size=10991616 bytes (26.8%)
(RDMA_READ_CONSUME_CHECK_CONSUMER) timestamp=5851 ms, used_size=10989568 bytes (26.8%)
(RDMA_READ_CONSUME_CHECK_CONSUMER) timestamp=5851 ms, used_size=10987520 bytes (26.8%)
(RDMA_READ_CONSUME_CHECK_CONSUMER) timestamp=5851 ms, used_size=10985472 bytes (26.8%)
(RDMA_READ_CONSUME_CHECK_CONSUMER) timestamp=5851 ms, used_size=10983424 bytes (26.8%)
(RDMA_READ_CONSUME_CHECK_CONSUMER) timestamp=5851 ms, used_size=10981376 bytes (26.8%)
(RDMA_READ_CONSUME_CHECK_CONSUMER) timestamp=5851 ms, used_size=10979328 bytes (26.8%)
(RDMA_READ_CONSUME_CHECK_CONSUMER) timestamp=5851 ms, used_size=10977280 bytes (26.8%)
(RDMA_READ_CONSUME_CHECK_CONSUMER) timestamp=5851 ms, used_size=10975232 bytes (26.8%)
(RDMA_READ_CONSUME_CHECK_CONSUMER) timestamp=5851 ms, used_size=10973184 bytes (26.8%)
(RDMA_READ_CONSUME_CHECK_CONSUMER) timestamp=5851 ms, used_size=10971136 bytes (26.8%)
(RDMA_READ_CONSUME_CHECK_CONSUMER) timestamp=5851 ms, used_size=10969088 bytes (26.8%)
(RDMA_READ_CONSUME_CHECK_CONSUMER) timestamp=5851 ms, used_size=10967040 bytes (26.8%)
(RDMA_READ_CONSUME_CHECK_CONSUMER) timestamp=5851 ms, used_size=10964992 bytes (26.8%)
(RDMA_READ_CONSUME_CHECK_CONSUMER) timestamp=5851 ms, used_size=10962944 bytes (26.8%)
(RDMA_READ_CONSUME_CHECK_CONSUMER) timestamp=5851 ms, used_size=10960896 bytes (26.8%)
(RDMA_READ_CONSUME_CHECK_CONSUMER) timestamp=5851 ms, used_size=10958848 bytes (26.8%)
(RDMA_READ_CONSUME_CHECK_CONSUMER) timestamp=5851 ms, used_size=10956800 bytes (26.8%)
(RDMA_READ_CONSUME_CHECK_CONSUMER) timestamp=5851 ms, used_size=10954752 bytes (26.7%)
(RDMA_READ_CONSUME_CHECK_CONSUMER) timestamp=5851 ms, used_size=10952704 bytes (26.7%)
(RDMA_READ_CONSUME_CHECK_CONSUMER) timestamp=5851 ms, used_size=10950656 bytes (26.7%)
(RDMA_READ_CONSUME_CHECK_CONSUMER) timestamp=5851 ms, used_size=10948608 bytes (26.7%)
(RDMA_READ_CONSUME_CHECK_CONSUMER) timestamp=5851 ms, used_size=10946560 bytes (26.7%)
(RDMA_READ_CONSUME_CHECK_CONSUMER) timestamp=5851 ms, used_size=10944512 bytes (26.7%)
(RDMA_READ_CONSUME_CHECK_CONSUMER) timestamp=5851 ms, used_size=10942464 bytes (26.7%)
(RDMA_READ_CONSUME_CHECK_CONSUMER) timestamp=5851 ms, used_size=10940416 bytes (26.7%)
(RDMA_READ_CONSUME_CHECK_CONSUMER) timestamp=5851 ms, used_size=10938368 bytes (26.7%)
(RDMA_READ_CONSUME_CHECK_CONSUMER) timestamp=5851 ms, used_size=10936320 bytes (26.7%)
(RDMA_READ_CONSUME_CHECK_CONSUMER) timestamp=5851 ms, used_size=10934272 bytes (26.7%)
(RDMA_READ_CONSUME_CHECK_CONSUMER) timestamp=5851 ms, used_size=10932224 bytes (26.7%)
(RDMA_READ_CONSUME_CHECK_CONSUMER) timestamp=5851 ms, used_size=10930176 bytes (26.7%)
(RDMA_READ_CONSUME_CHECK_CONSUMER) timestamp=5851 ms, used_size=10928128 bytes (26.7%)
(RDMA_READ_CONSUME_CHECK_CONSUMER) timestamp=5851 ms, used_size=10926080 bytes (26.7%)
(RDMA_READ_CONSUME_CHECK_CONSUMER) timestamp=5851 ms, used_size=10924032 bytes (26.7%)
(RDMA_READ_CONSUME_CHECK_CONSUMER) timestamp=5851 ms, used_size=10921984 bytes (26.7%)
(RDMA_READ_CONSUME_CHECK_CONSUMER) timestamp=5851 ms, used_size=10919936 bytes (26.7%)
(RDMA_READ_CONSUME_CHECK_CONSUMER) timestamp=5851 ms, used_size=10917888 bytes (26.7%)
(RDMA_READ_CONSUME_CHECK_CONSUMER) timestamp=5851 ms, used_size=10915840 bytes (26.6%)
(RDMA_READ_CONSUME_CHECK_CONSUMER) timestamp=5851 ms, used_size=10913792 bytes (26.6%)
(RDMA_READ_CONSUME_CHECK_CONSUMER) timestamp=5851 ms, used_size=10911744 bytes (26.6%)
(RDMA_READ_CONSUME_CHECK_CONSUMER) timestamp=5852 ms, used_size=10909696 bytes (26.6%)
(RDMA_READ_CONSUME_CHECK_CONSUMER) timestamp=5852 ms, used_size=10907648 bytes (26.6%)
(RDMA_READ_CONSUME_CHECK_CONSUMER) timestamp=5852 ms, used_size=10905600 bytes (26.6%)
(RDMA_READ_CONSUME_CHECK_CONSUMER) timestamp=5852 ms, used_size=10903552 bytes (26.6%)
(RDMA_READ_CONSUME_CHECK_CONSUMER) timestamp=5852 ms, used_size=10901504 bytes (26.6%)
(RDMA_READ_CONSUME_CHECK_CONSUMER) timestamp=5852 ms, used_size=10899456 bytes (26.6%)
(RDMA_READ_CONSUME_CHECK_CONSUMER) timestamp=5852 ms, used_size=10897408 bytes (26.6%)
(RDMA_READ_CONSUME_CHECK_CONSUMER) timestamp=5852 ms, used_size=10895360 bytes (26.6%)
(RDMA_READ_CONSUME_CHECK_CONSUMER) timestamp=5852 ms, used_size=10893312 bytes (26.6%)
(RDMA_READ_CONSUME_CHECK_CONSUMER) timestamp=5852 ms, used_size=10891264 bytes (26.6%)
(RDMA_READ_CONSUME_CHECK_CONSUMER) timestamp=5852 ms, used_size=10889216 bytes (26.6%)
(RDMA_READ_CONSUME_CHECK_CONSUMER) timestamp=5852 ms, used_size=10887168 bytes (26.6%)
(RDMA_READ_CONSUME_CHECK_CONSUMER) timestamp=5852 ms, used_size=10885120 bytes (26.6%)
(RDMA_READ_CONSUME_CHECK_CONSUMER) timestamp=5852 ms, used_size=10883072 bytes (26.6%)
(RDMA_READ_CONSUME_CHECK_CONSUMER) timestamp=5852 ms, used_size=10881024 bytes (26.6%)
(RDMA_READ_CONSUME_CHECK_CONSUMER) timestamp=5852 ms, used_size=10878976 bytes (26.6%)
(RDMA_READ_CONSUME_CHECK_CONSUMER) timestamp=5852 ms, used_size=10876928 bytes (26.6%)
(RDMA_READ_CONSUME_CHECK_CONSUMER) timestamp=5852 ms, used_size=10874880 bytes (26.6%)
(RDMA_READ_CONSUME_CHECK_CONSUMER) timestamp=5852 ms, used_size=10872832 bytes (26.5%)
(RDMA_READ_CONSUME_CHECK_CONSUMER) timestamp=5852 ms, used_size=10870784 bytes (26.5%)
(RDMA_READ_CONSUME_CHECK_CONSUMER) timestamp=5852 ms, used_size=10868736 bytes (26.5%)
(RDMA_READ_CONSUME_CHECK_CONSUMER) timestamp=5852 ms, used_size=10866688 bytes (26.5%)
(RDMA_READ_CONSUME_CHECK_CONSUMER) timestamp=5852 ms, used_size=10864640 bytes (26.5%)
(RDMA_READ_CONSUME_CHECK_CONSUMER) timestamp=5852 ms, used_size=10862592 bytes (26.5%)
(RDMA_READ_CONSUME_CHECK_CONSUMER) timestamp=5852 ms, used_size=10860544 bytes (26.5%)
(RDMA_READ_CONSUME_CHECK_CONSUMER) timestamp=5852 ms, used_size=10858496 bytes (26.5%)
(RDMA_READ_CONSUME_CHECK_CONSUMER) timestamp=5852 ms, used_size=10856448 bytes (26.5%)
(RDMA_READ_CONSUME_CHECK_CONSUMER) timestamp=5852 ms, used_size=10854400 bytes (26.5%)
(RDMA_READ_CONSUME_CHECK_CONSUMER) timestamp=5852 ms, used_size=10852352 bytes (26.5%)
(RDMA_READ_CONSUME_CHECK_CONSUMER) timestamp=5852 ms, used_size=10850304 bytes (26.5%)
(RDMA_READ_CONSUME_CHECK_CONSUMER) timestamp=5852 ms, used_size=10848256 bytes (26.5%)
(RDMA_READ_CONSUME_CHECK_CONSUMER) timestamp=5852 ms, used_size=10846208 bytes (26.5%)
(RDMA_READ_CONSUME_CHECK_CONSUMER) timestamp=5852 ms, used_size=10844160 bytes (26.5%)
(RDMA_READ_CONSUME_CHECK_CONSUMER) timestamp=5852 ms, used_size=10842112 bytes (26.5%)
(RDMA_READ_CONSUME_CHECK_CONSUMER) timestamp=5852 ms, used_size=10840064 bytes (26.5%)
(RDMA_READ_CONSUME_CHECK_CONSUMER) timestamp=5852 ms, used_size=10838016 bytes (26.5%)
(RDMA_READ_CONSUME_CHECK_CONSUMER) timestamp=5852 ms, used_size=10835968 bytes (26.5%)
(RDMA_READ_CONSUME_CHECK_CONSUMER) timestamp=5852 ms, used_size=10833920 bytes (26.4%)
(RDMA_READ_CONSUME_CHECK_CONSUMER) timestamp=5852 ms, used_size=10831872 bytes (26.4%)
(RDMA_READ_CONSUME_CHECK_CONSUMER) timestamp=5852 ms, used_size=10829824 bytes (26.4%)
(RDMA_READ_CONSUME_CHECK_CONSUMER) timestamp=5852 ms, used_size=10827776 bytes (26.4%)
(RDMA_READ_CONSUME_CHECK_CONSUMER) timestamp=5852 ms, used_size=10825728 bytes (26.4%)
(RDMA_READ_CONSUME_CHECK_CONSUMER) timestamp=5852 ms, used_size=10823680 bytes (26.4%)
(RDMA_READ_CONSUME_CHECK_CONSUMER) timestamp=5852 ms, used_size=10821632 bytes (26.4%)
(RDMA_READ_CONSUME_CHECK_CONSUMER) timestamp=5852 ms, used_size=10819584 bytes (26.4%)
(RDMA_READ_CONSUME_CHECK_CONSUMER) timestamp=5852 ms, used_size=10817536 bytes (26.4%)
(RDMA_READ_CONSUME_CHECK_CONSUMER) timestamp=5852 ms, used_size=10815488 bytes (26.4%)
(RDMA_READ_CONSUME_CHECK_CONSUMER) timestamp=5852 ms, used_size=10813440 bytes (26.4%)
(RDMA_READ_CONSUME_CHECK_CONSUMER) timestamp=5852 ms, used_size=10811392 bytes (26.4%)
(RDMA_READ_CONSUME_CHECK_CONSUMER) timestamp=5852 ms, used_size=10809344 bytes (26.4%)
(RDMA_READ_CONSUME_CHECK_CONSUMER) timestamp=5852 ms, used_size=10807296 bytes (26.4%)
(RDMA_READ_CONSUME_CHECK_CONSUMER) timestamp=5852 ms, used_size=10805248 bytes (26.4%)
(RDMA_READ_CONSUME_CHECK_CONSUMER) timestamp=5852 ms, used_size=10803200 bytes (26.4%)
(RDMA_READ_CONSUME_CHECK_CONSUMER) timestamp=5852 ms, used_size=10801152 bytes (26.4%)
(RDMA_READ_CONSUME_CHECK_CONSUMER) timestamp=5852 ms, used_size=10799104 bytes (26.4%)
(RDMA_READ_CONSUME_CHECK_CONSUMER) timestamp=5852 ms, used_size=10797056 bytes (26.4%)
(RDMA_READ_CONSUME_CHECK_CONSUMER) timestamp=5852 ms, used_size=10795008 bytes (26.4%)
(RDMA_READ_CONSUME_CHECK_CONSUMER) timestamp=5852 ms, used_size=10792960 bytes (26.4%)
(RDMA_READ_CONSUME_CHECK_CONSUMER) timestamp=5852 ms, used_size=10790912 bytes (26.3%)
(RDMA_READ_CONSUME_CHECK_CONSUMER) timestamp=5852 ms, used_size=10788864 bytes (26.3%)
(RDMA_READ_CONSUME_CHECK_CONSUMER) timestamp=5852 ms, used_size=10786816 bytes (26.3%)
(RDMA_READ_CONSUME_CHECK_CONSUMER) timestamp=5852 ms, used_size=10784768 bytes (26.3%)
(RDMA_READ_CONSUME_CHECK_CONSUMER) timestamp=5852 ms, used_size=10782720 bytes (26.3%)
(RDMA_READ_CONSUME_CHECK_CONSUMER) timestamp=5852 ms, used_size=10780672 bytes (26.3%)
(RDMA_READ_CONSUME_CHECK_CONSUMER) timestamp=5852 ms, used_size=10778624 bytes (26.3%)
(RDMA_READ_CONSUME_CHECK_CONSUMER) timestamp=5852 ms, used_size=10776576 bytes (26.3%)
(RDMA_READ_CONSUME_CHECK_CONSUMER) timestamp=5852 ms, used_size=10774528 bytes (26.3%)
(RDMA_READ_CONSUME_CHECK_CONSUMER) timestamp=5852 ms, used_size=10772480 bytes (26.3%)
(RDMA_READ_CONSUME_CHECK_CONSUMER) timestamp=5852 ms, used_size=10770432 bytes (26.3%)
(RDMA_READ_CONSUME_CHECK_CONSUMER) timestamp=5852 ms, used_size=10768384 bytes (26.3%)
(RDMA_READ_CONSUME_CHECK_CONSUMER) timestamp=5852 ms, used_size=10766336 bytes (26.3%)
(RDMA_READ_CONSUME_CHECK_CONSUMER) timestamp=5852 ms, used_size=10764288 bytes (26.3%)
(RDMA_READ_CONSUME_CHECK_CONSUMER) timestamp=5852 ms, used_size=10762240 bytes (26.3%)
(RDMA_READ_CONSUME_CHECK_CONSUMER) timestamp=5852 ms, used_size=10760192 bytes (26.3%)
(RDMA_READ_CONSUME_CHECK_CONSUMER) timestamp=5852 ms, used_size=10758144 bytes (26.3%)
(RDMA_READ_CONSUME_CHECK_CONSUMER) timestamp=5852 ms, used_size=10756096 bytes (26.3%)
(RDMA_READ_CONSUME_CHECK_CONSUMER) timestamp=5852 ms, used_size=10754048 bytes (26.3%)
(RDMA_READ_CONSUME_CHECK_CONSUMER) timestamp=5852 ms, used_size=10752000 bytes (26.2%)
(RDMA_READ_CONSUME_CHECK_CONSUMER) timestamp=5852 ms, used_size=10749952 bytes (26.2%)
(RDMA_READ_CONSUME_CHECK_CONSUMER) timestamp=5852 ms, used_size=10747904 bytes (26.2%)
(RDMA_READ_CONSUME_CHECK_CONSUMER) timestamp=5852 ms, used_size=10745856 bytes (26.2%)
(RDMA_READ_CONSUME_CHECK_CONSUMER) timestamp=5852 ms, used_size=10743808 bytes (26.2%)
(RDMA_READ_CONSUME_CHECK_CONSUMER) timestamp=5852 ms, used_size=10741760 bytes (26.2%)
(RDMA_READ_CONSUME_CHECK_CONSUMER) timestamp=5852 ms, used_size=10739712 bytes (26.2%)
(RDMA_READ_CONSUME_CHECK_CONSUMER) timestamp=5852 ms, used_size=10737664 bytes (26.2%)
(RDMA_READ_CONSUME_CHECK_CONSUMER) timestamp=5852 ms, used_size=10735616 bytes (26.2%)
(RDMA_READ_CONSUME_CHECK_CONSUMER) timestamp=5852 ms, used_size=10733568 bytes (26.2%)
(RDMA_READ_CONSUME_CHECK_CONSUMER) timestamp=5852 ms, used_size=10731520 bytes (26.2%)
(RDMA_READ_CONSUME_CHECK_CONSUMER) timestamp=5852 ms, used_size=10729472 bytes (26.2%)
(RDMA_READ_CONSUME_CHECK_CONSUMER) timestamp=5852 ms, used_size=10727424 bytes (26.2%)
(RDMA_READ_CONSUME_CHECK_CONSUMER) timestamp=5852 ms, used_size=10725376 bytes (26.2%)
(RDMA_READ_CONSUME_CHECK_CONSUMER) timestamp=5852 ms, used_size=10723328 bytes (26.2%)
(RDMA_READ_CONSUME_CHECK_CONSUMER) timestamp=5852 ms, used_size=10721280 bytes (26.2%)
(RDMA_READ_CONSUME_CHECK_CONSUMER) timestamp=5852 ms, used_size=10719232 bytes (26.2%)
(RDMA_READ_CONSUME_CHECK_CONSUMER) timestamp=5852 ms, used_size=10717184 bytes (26.2%)
(RDMA_READ_CONSUME_CHECK_CONSUMER) timestamp=5852 ms, used_size=10715136 bytes (26.2%)
(RDMA_READ_CONSUME_CHECK_CONSUMER) timestamp=5852 ms, used_size=10713088 bytes (26.2%)
(RDMA_READ_CONSUME_CHECK_CONSUMER) timestamp=5852 ms, used_size=10711040 bytes (26.1%)
(RDMA_READ_CONSUME_CHECK_CONSUMER) timestamp=5852 ms, used_size=10708992 bytes (26.1%)
(RDMA_READ_CONSUME_CHECK_CONSUMER) timestamp=5852 ms, used_size=10706944 bytes (26.1%)
(RDMA_READ_CONSUME_CHECK_CONSUMER) timestamp=5852 ms, used_size=10704896 bytes (26.1%)
(RDMA_READ_CONSUME_CHECK_CONSUMER) timestamp=5852 ms, used_size=10702848 bytes (26.1%)
(RDMA_READ_CONSUME_CHECK_CONSUMER) timestamp=5852 ms, used_size=10700800 bytes (26.1%)
(RDMA_READ_CONSUME_CHECK_CONSUMER) timestamp=5852 ms, used_size=10698752 bytes (26.1%)
(RDMA_READ_CONSUME_CHECK_CONSUMER) timestamp=5852 ms, used_size=10696704 bytes (26.1%)
(RDMA_READ_CONSUME_CHECK_CONSUMER) timestamp=5852 ms, used_size=10694656 bytes (26.1%)
(RDMA_READ_CONSUME_CHECK_CONSUMER) timestamp=5852 ms, used_size=10692608 bytes (26.1%)
(RDMA_READ_CONSUME_CHECK_CONSUMER) timestamp=5852 ms, used_size=10690560 bytes (26.1%)
(RDMA_READ_CONSUME_CHECK_CONSUMER) timestamp=5852 ms, used_size=10688512 bytes (26.1%)
(RDMA_READ_CONSUME_CHECK_CONSUMER) timestamp=5852 ms, used_size=10686464 bytes (26.1%)
(RDMA_READ_CONSUME_CHECK_CONSUMER) timestamp=5852 ms, used_size=10684416 bytes (26.1%)
(RDMA_READ_CONSUME_CHECK_CONSUMER) timestamp=5852 ms, used_size=10682368 bytes (26.1%)
(RDMA_READ_CONSUME_CHECK_CONSUMER) timestamp=5852 ms, used_size=10680320 bytes (26.1%)
(RDMA_READ_CONSUME_CHECK_CONSUMER) timestamp=5852 ms, used_size=10678272 bytes (26.1%)
(RDMA_READ_CONSUME_CHECK_CONSUMER) timestamp=5852 ms, used_size=10676224 bytes (26.1%)
(RDMA_READ_CONSUME_CHECK_CONSUMER) timestamp=5852 ms, used_size=10674176 bytes (26.1%)
(RDMA_READ_CONSUME_CHECK_CONSUMER) timestamp=5852 ms, used_size=10672128 bytes (26.1%)
(RDMA_READ_CONSUME_CHECK_CONSUMER) timestamp=5852 ms, used_size=10670080 bytes (26.1%)
(RDMA_READ_CONSUME_CHECK_CONSUMER) timestamp=5852 ms, used_size=10668032 bytes (26.0%)
(RDMA_READ_CONSUME_CHECK_CONSUMER) timestamp=5852 ms, used_size=10665984 bytes (26.0%)
(RDMA_READ_CONSUME_CHECK_CONSUMER) timestamp=5852 ms, used_size=10663936 bytes (26.0%)
(RDMA_READ_CONSUME_CHECK_CONSUMER) timestamp=5852 ms, used_size=10661888 bytes (26.0%)
(RDMA_READ_CONSUME_CHECK_CONSUMER) timestamp=5852 ms, used_size=10659840 bytes (26.0%)
(RDMA_READ_CONSUME_CHECK_CONSUMER) timestamp=5852 ms, used_size=10657792 bytes (26.0%)
(RDMA_READ_CONSUME_CHECK_CONSUMER) timestamp=5852 ms, used_size=10655744 bytes (26.0%)
(RDMA_READ_CONSUME_CHECK_CONSUMER) timestamp=5852 ms, used_size=10653696 bytes (26.0%)
(RDMA_READ_CONSUME_CHECK_CONSUMER) timestamp=5852 ms, used_size=10651648 bytes (26.0%)
(RDMA_READ_CONSUME_CHECK_CONSUMER) timestamp=5852 ms, used_size=10649600 bytes (26.0%)
(RDMA_READ_CONSUME_CHECK_CONSUMER) timestamp=5852 ms, used_size=10647552 bytes (26.0%)
(RDMA_READ_CONSUME_CHECK_CONSUMER) timestamp=5852 ms, used_size=10645504 bytes (26.0%)
(RDMA_READ_CONSUME_CHECK_CONSUMER) timestamp=5852 ms, used_size=10643456 bytes (26.0%)
(RDMA_READ_CONSUME_CHECK_CONSUMER) timestamp=5852 ms, used_size=10641408 bytes (26.0%)
(RDMA_READ_CONSUME_CHECK_CONSUMER) timestamp=5852 ms, used_size=10639360 bytes (26.0%)
(RDMA_READ_CONSUME_CHECK_CONSUMER) timestamp=5852 ms, used_size=10637312 bytes (26.0%)
(RDMA_READ_CONSUME_CHECK_CONSUMER) timestamp=5852 ms, used_size=10635264 bytes (26.0%)
(RDMA_READ_CONSUME_CHECK_CONSUMER) timestamp=5852 ms, used_size=10633216 bytes (26.0%)
(RDMA_READ_CONSUME_CHECK_CONSUMER) timestamp=5852 ms, used_size=10631168 bytes (26.0%)
(RDMA_READ_CONSUME_CHECK_CONSUMER) timestamp=5852 ms, used_size=10629120 bytes (25.9%)
(RDMA_READ_CONSUME_CHECK_CONSUMER) timestamp=5852 ms, used_size=10627072 bytes (25.9%)
(RDMA_READ_CONSUME_CHECK_CONSUMER) timestamp=5852 ms, used_size=10625024 bytes (25.9%)
(RDMA_READ_CONSUME_CHECK_CONSUMER) timestamp=5852 ms, used_size=10622976 bytes (25.9%)
(RDMA_READ_CONSUME_CHECK_CONSUMER) timestamp=5852 ms, used_size=10620928 bytes (25.9%)
(RDMA_READ_CONSUME_CHECK_CONSUMER) timestamp=5852 ms, used_size=10618880 bytes (25.9%)
(RDMA_READ_CONSUME_CHECK_CONSUMER) timestamp=5852 ms, used_size=10616832 bytes (25.9%)
(RDMA_READ_CONSUME_CHECK_CONSUMER) timestamp=5852 ms, used_size=10614784 bytes (25.9%)
(RDMA_READ_CONSUME_CHECK_CONSUMER) timestamp=5852 ms, used_size=10612736 bytes (25.9%)
(RDMA_READ_CONSUME_CHECK_CONSUMER) timestamp=5852 ms, used_size=10610688 bytes (25.9%)
(RDMA_READ_CONSUME_CHECK_CONSUMER) timestamp=5852 ms, used_size=10608640 bytes (25.9%)
(RDMA_READ_CONSUME_CHECK_CONSUMER) timestamp=5852 ms, used_size=10606592 bytes (25.9%)
(RDMA_READ_CONSUME_CHECK_CONSUMER) timestamp=5852 ms, used_size=10604544 bytes (25.9%)
(RDMA_READ_CONSUME_CHECK_CONSUMER) timestamp=5852 ms, used_size=10602496 bytes (25.9%)
(RDMA_READ_CONSUME_CHECK_CONSUMER) timestamp=5852 ms, used_size=10600448 bytes (25.9%)
(RDMA_READ_CONSUME_CHECK_CONSUMER) timestamp=5852 ms, used_size=10598400 bytes (25.9%)
(RDMA_READ_CONSUME_CHECK_CONSUMER) timestamp=5852 ms, used_size=10596352 bytes (25.9%)
(RDMA_READ_CONSUME_CHECK_CONSUMER) timestamp=5852 ms, used_size=10594304 bytes (25.9%)
(RDMA_READ_CONSUME_CHECK_CONSUMER) timestamp=5852 ms, used_size=10592256 bytes (25.9%)
(RDMA_READ_CONSUME_CHECK_CONSUMER) timestamp=5852 ms, used_size=10590208 bytes (25.9%)
(RDMA_READ_CONSUME_CHECK_CONSUMER) timestamp=5852 ms, used_size=10588160 bytes (25.9%)
(RDMA_READ_CONSUME_CHECK_CONSUMER) timestamp=5852 ms, used_size=10586112 bytes (25.8%)
(RDMA_READ_CONSUME_CHECK_CONSUMER) timestamp=5852 ms, used_size=10584064 bytes (25.8%)
(RDMA_READ_CONSUME_CHECK_CONSUMER) timestamp=5852 ms, used_size=10582016 bytes (25.8%)
(RDMA_READ_CONSUME_CHECK_CONSUMER) timestamp=5852 ms, used_size=10579968 bytes (25.8%)
(RDMA_READ_CONSUME_CHECK_CONSUMER) timestamp=5852 ms, used_size=10577920 bytes (25.8%)
(RDMA_READ_CONSUME_CHECK_CONSUMER) timestamp=5852 ms, used_size=10575872 bytes (25.8%)
(RDMA_READ_CONSUME_CHECK_CONSUMER) timestamp=5852 ms, used_size=10573824 bytes (25.8%)
(RDMA_READ_CONSUME_CHECK_CONSUMER) timestamp=5852 ms, used_size=10571776 bytes (25.8%)
(RDMA_READ_CONSUME_CHECK_CONSUMER) timestamp=5852 ms, used_size=10569728 bytes (25.8%)
(RDMA_READ_CONSUME_CHECK_CONSUMER) timestamp=5852 ms, used_size=10567680 bytes (25.8%)
(RDMA_READ_CONSUME_CHECK_CONSUMER) timestamp=5853 ms, used_size=10565632 bytes (25.8%)
(RDMA_READ_CONSUME_CHECK_CONSUMER) timestamp=5853 ms, used_size=10563584 bytes (25.8%)
(RDMA_READ_CONSUME_CHECK_CONSUMER) timestamp=5853 ms, used_size=10561536 bytes (25.8%)
(RDMA_READ_CONSUME_CHECK_CONSUMER) timestamp=5853 ms, used_size=10559488 bytes (25.8%)
(RDMA_READ_CONSUME_CHECK_CONSUMER) timestamp=5853 ms, used_size=10557440 bytes (25.8%)
(RDMA_READ_CONSUME_CHECK_CONSUMER) timestamp=5853 ms, used_size=10555392 bytes (25.8%)
(RDMA_READ_CONSUME_CHECK_CONSUMER) timestamp=5853 ms, used_size=10553344 bytes (25.8%)
(RDMA_READ_CONSUME_CHECK_CONSUMER) timestamp=5853 ms, used_size=10551296 bytes (25.8%)
(RDMA_READ_CONSUME_CHECK_CONSUMER) timestamp=5853 ms, used_size=10549248 bytes (25.8%)
(RDMA_READ_CONSUME_CHECK_CONSUMER) timestamp=5853 ms, used_size=10547200 bytes (25.8%)
(RDMA_READ_CONSUME_CHECK_CONSUMER) timestamp=5853 ms, used_size=10545152 bytes (25.7%)
(RDMA_READ_CONSUME_CHECK_CONSUMER) timestamp=5853 ms, used_size=10543104 bytes (25.7%)
(RDMA_READ_CONSUME_CHECK_CONSUMER) timestamp=5853 ms, used_size=10541056 bytes (25.7%)
(RDMA_READ_CONSUME_CHECK_CONSUMER) timestamp=5853 ms, used_size=10539008 bytes (25.7%)
(RDMA_READ_CONSUME_CHECK_CONSUMER) timestamp=5853 ms, used_size=10536960 bytes (25.7%)
(RDMA_READ_CONSUME_CHECK_CONSUMER) timestamp=5853 ms, used_size=10534912 bytes (25.7%)
(RDMA_READ_CONSUME_CHECK_CONSUMER) timestamp=5853 ms, used_size=10532864 bytes (25.7%)
(RDMA_READ_CONSUME_CHECK_CONSUMER) timestamp=5853 ms, used_size=10530816 bytes (25.7%)
(RDMA_READ_CONSUME_CHECK_CONSUMER) timestamp=5853 ms, used_size=10528768 bytes (25.7%)
(RDMA_READ_CONSUME_CHECK_CONSUMER) timestamp=5853 ms, used_size=10526720 bytes (25.7%)
(RDMA_READ_CONSUME_CHECK_CONSUMER) timestamp=5853 ms, used_size=10524672 bytes (25.7%)
(RDMA_READ_CONSUME_CHECK_CONSUMER) timestamp=5853 ms, used_size=10522624 bytes (25.7%)
(RDMA_READ_CONSUME_CHECK_CONSUMER) timestamp=5853 ms, used_size=10520576 bytes (25.7%)
(RDMA_READ_CONSUME_CHECK_CONSUMER) timestamp=5853 ms, used_size=10518528 bytes (25.7%)
(RDMA_READ_CONSUME_CHECK_CONSUMER) timestamp=5853 ms, used_size=10516480 bytes (25.7%)
(RDMA_READ_CONSUME_CHECK_CONSUMER) timestamp=5853 ms, used_size=10514432 bytes (25.7%)
(RDMA_READ_CONSUME_CHECK_CONSUMER) timestamp=5853 ms, used_size=10512384 bytes (25.7%)
(RDMA_READ_CONSUME_CHECK_CONSUMER) timestamp=5853 ms, used_size=10510336 bytes (25.7%)
(RDMA_READ_CONSUME_CHECK_CONSUMER) timestamp=5853 ms, used_size=10508288 bytes (25.7%)
(RDMA_READ_CONSUME_CHECK_CONSUMER) timestamp=5853 ms, used_size=10506240 bytes (25.6%)
(RDMA_READ_CONSUME_CHECK_CONSUMER) timestamp=5853 ms, used_size=10504192 bytes (25.6%)
(RDMA_READ_CONSUME_CHECK_CONSUMER) timestamp=5853 ms, used_size=10502144 bytes (25.6%)
(RDMA_READ_CONSUME_CHECK_CONSUMER) timestamp=5853 ms, used_size=10500096 bytes (25.6%)
(RDMA_READ_CONSUME_CHECK_CONSUMER) timestamp=5853 ms, used_size=10498048 bytes (25.6%)
(RDMA_READ_CONSUME_CHECK_CONSUMER) timestamp=5853 ms, used_size=10496000 bytes (25.6%)
(RDMA_READ_CONSUME_CHECK_CONSUMER) timestamp=5853 ms, used_size=10493952 bytes (25.6%)
(RDMA_READ_CONSUME_CHECK_CONSUMER) timestamp=5853 ms, used_size=10491904 bytes (25.6%)
(RDMA_READ_CONSUME_CHECK_CONSUMER) timestamp=5853 ms, used_size=10489856 bytes (25.6%)
(RDMA_READ_CONSUME_CHECK_CONSUMER) timestamp=5853 ms, used_size=10487808 bytes (25.6%)
(RDMA_READ_CONSUME_CHECK_CONSUMER) timestamp=5853 ms, used_size=10485760 bytes (25.6%)
(RDMA_READ_CONSUME_CHECK_CONSUMER) timestamp=5853 ms, used_size=10483712 bytes (25.6%)
(RDMA_READ_CONSUME_CHECK_CONSUMER) timestamp=5853 ms, used_size=10481664 bytes (25.6%)
(RDMA_READ_CONSUME_CHECK_CONSUMER) timestamp=5853 ms, used_size=10479616 bytes (25.6%)
(RDMA_READ_CONSUME_CHECK_CONSUMER) timestamp=5853 ms, used_size=10477568 bytes (25.6%)
(RDMA_READ_CONSUME_CHECK_CONSUMER) timestamp=5853 ms, used_size=10475520 bytes (25.6%)
(RDMA_READ_CONSUME_CHECK_CONSUMER) timestamp=5853 ms, used_size=10473472 bytes (25.6%)
(RDMA_READ_CONSUME_CHECK_CONSUMER) timestamp=5853 ms, used_size=10471424 bytes (25.6%)
(RDMA_READ_CONSUME_CHECK_CONSUMER) timestamp=5853 ms, used_size=10469376 bytes (25.6%)
(RDMA_READ_CONSUME_CHECK_CONSUMER) timestamp=5853 ms, used_size=10467328 bytes (25.6%)
(RDMA_READ_CONSUME_CHECK_CONSUMER) timestamp=5853 ms, used_size=10465280 bytes (25.6%)
(RDMA_READ_CONSUME_CHECK_CONSUMER) timestamp=5853 ms, used_size=10463232 bytes (25.5%)
(RDMA_READ_CONSUME_CHECK_CONSUMER) timestamp=5853 ms, used_size=10461184 bytes (25.5%)
(RDMA_READ_CONSUME_CHECK_CONSUMER) timestamp=5853 ms, used_size=10459136 bytes (25.5%)
(RDMA_READ_CONSUME_CHECK_CONSUMER) timestamp=5853 ms, used_size=10457088 bytes (25.5%)
(RDMA_READ_CONSUME_CHECK_CONSUMER) timestamp=5853 ms, used_size=10455040 bytes (25.5%)
(RDMA_READ_CONSUME_CHECK_CONSUMER) timestamp=5853 ms, used_size=10452992 bytes (25.5%)
(RDMA_READ_CONSUME_CHECK_CONSUMER) timestamp=5853 ms, used_size=10450944 bytes (25.5%)
(RDMA_READ_CONSUME_CHECK_CONSUMER) timestamp=5853 ms, used_size=10448896 bytes (25.5%)
(RDMA_READ_CONSUME_CHECK_CONSUMER) timestamp=5853 ms, used_size=10446848 bytes (25.5%)
(RDMA_READ_CONSUME_CHECK_CONSUMER) timestamp=5853 ms, used_size=10444800 bytes (25.5%)
(RDMA_READ_CONSUME_CHECK_CONSUMER) timestamp=5853 ms, used_size=10442752 bytes (25.5%)
(RDMA_READ_CONSUME_CHECK_CONSUMER) timestamp=5853 ms, used_size=10440704 bytes (25.5%)
(RDMA_READ_CONSUME_CHECK_CONSUMER) timestamp=5853 ms, used_size=10438656 bytes (25.5%)
(RDMA_READ_CONSUME_CHECK_CONSUMER) timestamp=5853 ms, used_size=10436608 bytes (25.5%)
(RDMA_READ_CONSUME_CHECK_CONSUMER) timestamp=5853 ms, used_size=10434560 bytes (25.5%)
(RDMA_READ_CONSUME_CHECK_CONSUMER) timestamp=5853 ms, used_size=10432512 bytes (25.5%)
(RDMA_READ_CONSUME_CHECK_CONSUMER) timestamp=5853 ms, used_size=10430464 bytes (25.5%)
(RDMA_READ_CONSUME_CHECK_CONSUMER) timestamp=5853 ms, used_size=10428416 bytes (25.5%)
(RDMA_READ_CONSUME_CHECK_CONSUMER) timestamp=5853 ms, used_size=10426368 bytes (25.5%)
(RDMA_READ_CONSUME_CHECK_CONSUMER) timestamp=5853 ms, used_size=10424320 bytes (25.4%)
(RDMA_READ_CONSUME_CHECK_CONSUMER) timestamp=5853 ms, used_size=10422272 bytes (25.4%)
(RDMA_READ_CONSUME_CHECK_CONSUMER) timestamp=5853 ms, used_size=10420224 bytes (25.4%)
(RDMA_READ_CONSUME_CHECK_CONSUMER) timestamp=5853 ms, used_size=10418176 bytes (25.4%)
(RDMA_READ_CONSUME_CHECK_CONSUMER) timestamp=5853 ms, used_size=10416128 bytes (25.4%)
(RDMA_READ_CONSUME_CHECK_CONSUMER) timestamp=5853 ms, used_size=10414080 bytes (25.4%)
(RDMA_READ_CONSUME_CHECK_CONSUMER) timestamp=5853 ms, used_size=10412032 bytes (25.4%)
(RDMA_READ_CONSUME_CHECK_CONSUMER) timestamp=5853 ms, used_size=10409984 bytes (25.4%)
(RDMA_READ_CONSUME_CHECK_CONSUMER) timestamp=5853 ms, used_size=10407936 bytes (25.4%)
(RDMA_READ_CONSUME_CHECK_CONSUMER) timestamp=5853 ms, used_size=10405888 bytes (25.4%)
(RDMA_READ_CONSUME_CHECK_CONSUMER) timestamp=5853 ms, used_size=10403840 bytes (25.4%)
(RDMA_READ_CONSUME_CHECK_CONSUMER) timestamp=5853 ms, used_size=10401792 bytes (25.4%)
(RDMA_READ_CONSUME_CHECK_CONSUMER) timestamp=5853 ms, used_size=10399744 bytes (25.4%)
(RDMA_READ_CONSUME_CHECK_CONSUMER) timestamp=5853 ms, used_size=10397696 bytes (25.4%)
(RDMA_READ_CONSUME_CHECK_CONSUMER) timestamp=5853 ms, used_size=10395648 bytes (25.4%)
(RDMA_READ_CONSUME_CHECK_CONSUMER) timestamp=5853 ms, used_size=10393600 bytes (25.4%)
(RDMA_READ_CONSUME_CHECK_CONSUMER) timestamp=5853 ms, used_size=10391552 bytes (25.4%)
(RDMA_READ_CONSUME_CHECK_CONSUMER) timestamp=5853 ms, used_size=10389504 bytes (25.4%)
(RDMA_READ_CONSUME_CHECK_CONSUMER) timestamp=5853 ms, used_size=10387456 bytes (25.4%)
(RDMA_READ_CONSUME_CHECK_CONSUMER) timestamp=5853 ms, used_size=10385408 bytes (25.4%)
(RDMA_READ_CONSUME_CHECK_CONSUMER) timestamp=5853 ms, used_size=10383360 bytes (25.4%)
(RDMA_READ_CONSUME_CHECK_CONSUMER) timestamp=5853 ms, used_size=10381312 bytes (25.3%)
(RDMA_READ_CONSUME_CHECK_CONSUMER) timestamp=5853 ms, used_size=10379264 bytes (25.3%)
(RDMA_READ_CONSUME_CHECK_CONSUMER) timestamp=5853 ms, used_size=10377216 bytes (25.3%)
(RDMA_READ_CONSUME_CHECK_CONSUMER) timestamp=5853 ms, used_size=10375168 bytes (25.3%)
(RDMA_READ_CONSUME_CHECK_CONSUMER) timestamp=5853 ms, used_size=10373120 bytes (25.3%)
(RDMA_READ_CONSUME_CHECK_CONSUMER) timestamp=5853 ms, used_size=10371072 bytes (25.3%)
(RDMA_READ_CONSUME_CHECK_CONSUMER) timestamp=5853 ms, used_size=10369024 bytes (25.3%)
(RDMA_READ_CONSUME_CHECK_CONSUMER) timestamp=5853 ms, used_size=10366976 bytes (25.3%)
(RDMA_READ_CONSUME_CHECK_CONSUMER) timestamp=5853 ms, used_size=10364928 bytes (25.3%)
(RDMA_READ_CONSUME_CHECK_CONSUMER) timestamp=5853 ms, used_size=10362880 bytes (25.3%)
(RDMA_READ_CONSUME_CHECK_CONSUMER) timestamp=5853 ms, used_size=10360832 bytes (25.3%)
(RDMA_READ_CONSUME_CHECK_CONSUMER) timestamp=5853 ms, used_size=10358784 bytes (25.3%)
(RDMA_READ_CONSUME_CHECK_CONSUMER) timestamp=5853 ms, used_size=10356736 bytes (25.3%)
(RDMA_READ_CONSUME_CHECK_CONSUMER) timestamp=5853 ms, used_size=10354688 bytes (25.3%)
(RDMA_READ_CONSUME_CHECK_CONSUMER) timestamp=5853 ms, used_size=10352640 bytes (25.3%)
(RDMA_READ_CONSUME_CHECK_CONSUMER) timestamp=5853 ms, used_size=10350592 bytes (25.3%)
(RDMA_READ_CONSUME_CHECK_CONSUMER) timestamp=5853 ms, used_size=10348544 bytes (25.3%)
(RDMA_READ_CONSUME_CHECK_CONSUMER) timestamp=5853 ms, used_size=10346496 bytes (25.3%)
(RDMA_READ_CONSUME_CHECK_CONSUMER) timestamp=5853 ms, used_size=10344448 bytes (25.3%)
(RDMA_READ_CONSUME_CHECK_CONSUMER) timestamp=5853 ms, used_size=10342400 bytes (25.2%)
(RDMA_READ_CONSUME_CHECK_CONSUMER) timestamp=5853 ms, used_size=10340352 bytes (25.2%)
(RDMA_READ_CONSUME_CHECK_CONSUMER) timestamp=5853 ms, used_size=10338304 bytes (25.2%)
(RDMA_READ_CONSUME_CHECK_CONSUMER) timestamp=5853 ms, used_size=10336256 bytes (25.2%)
(RDMA_READ_CONSUME_CHECK_CONSUMER) timestamp=5853 ms, used_size=10334208 bytes (25.2%)
(RDMA_READ_CONSUME_CHECK_CONSUMER) timestamp=5853 ms, used_size=10332160 bytes (25.2%)
(RDMA_READ_CONSUME_CHECK_CONSUMER) timestamp=5853 ms, used_size=10330112 bytes (25.2%)
(RDMA_READ_CONSUME_CHECK_CONSUMER) timestamp=5853 ms, used_size=10328064 bytes (25.2%)
(RDMA_READ_CONSUME_CHECK_CONSUMER) timestamp=5853 ms, used_size=10326016 bytes (25.2%)
(RDMA_READ_CONSUME_CHECK_CONSUMER) timestamp=5853 ms, used_size=10323968 bytes (25.2%)
(RDMA_READ_CONSUME_CHECK_CONSUMER) timestamp=5853 ms, used_size=10321920 bytes (25.2%)
(RDMA_READ_CONSUME_CHECK_CONSUMER) timestamp=5853 ms, used_size=10319872 bytes (25.2%)
(RDMA_READ_CONSUME_CHECK_CONSUMER) timestamp=5853 ms, used_size=10317824 bytes (25.2%)
(RDMA_READ_CONSUME_CHECK_CONSUMER) timestamp=5853 ms, used_size=10315776 bytes (25.2%)
(RDMA_READ_CONSUME_CHECK_CONSUMER) timestamp=5853 ms, used_size=10313728 bytes (25.2%)
(RDMA_READ_CONSUME_CHECK_CONSUMER) timestamp=5853 ms, used_size=10311680 bytes (25.2%)
(RDMA_READ_CONSUME_CHECK_CONSUMER) timestamp=5853 ms, used_size=10309632 bytes (25.2%)
(RDMA_READ_CONSUME_CHECK_CONSUMER) timestamp=5853 ms, used_size=10307584 bytes (25.2%)
(RDMA_READ_CONSUME_CHECK_CONSUMER) timestamp=5853 ms, used_size=10305536 bytes (25.2%)
(RDMA_READ_CONSUME_CHECK_CONSUMER) timestamp=5853 ms, used_size=10303488 bytes (25.2%)
(RDMA_READ_CONSUME_CHECK_CONSUMER) timestamp=5853 ms, used_size=10301440 bytes (25.1%)
(RDMA_READ_CONSUME_CHECK_CONSUMER) timestamp=5853 ms, used_size=10299392 bytes (25.1%)
(RDMA_READ_CONSUME_CHECK_CONSUMER) timestamp=5853 ms, used_size=10297344 bytes (25.1%)
(RDMA_READ_CONSUME_CHECK_CONSUMER) timestamp=5853 ms, used_size=10295296 bytes (25.1%)
(RDMA_READ_CONSUME_CHECK_CONSUMER) timestamp=5853 ms, used_size=10293248 bytes (25.1%)
(RDMA_READ_CONSUME_CHECK_CONSUMER) timestamp=5853 ms, used_size=10291200 bytes (25.1%)
(RDMA_READ_CONSUME_CHECK_CONSUMER) timestamp=5853 ms, used_size=10289152 bytes (25.1%)
(RDMA_READ_CONSUME_CHECK_CONSUMER) timestamp=5853 ms, used_size=10287104 bytes (25.1%)
(RDMA_READ_CONSUME_CHECK_CONSUMER) timestamp=5853 ms, used_size=10285056 bytes (25.1%)
(RDMA_READ_CONSUME_CHECK_CONSUMER) timestamp=5853 ms, used_size=10283008 bytes (25.1%)
(RDMA_READ_CONSUME_CHECK_CONSUMER) timestamp=5853 ms, used_size=10280960 bytes (25.1%)
(RDMA_READ_CONSUME_CHECK_CONSUMER) timestamp=5853 ms, used_size=10278912 bytes (25.1%)
(RDMA_READ_CONSUME_CHECK_CONSUMER) timestamp=5853 ms, used_size=10276864 bytes (25.1%)
(RDMA_READ_CONSUME_CHECK_CONSUMER) timestamp=5853 ms, used_size=10274816 bytes (25.1%)
(RDMA_READ_CONSUME_CHECK_CONSUMER) timestamp=5853 ms, used_size=10272768 bytes (25.1%)
(RDMA_READ_CONSUME_CHECK_CONSUMER) timestamp=5853 ms, used_size=10270720 bytes (25.1%)
(RDMA_READ_CONSUME_CHECK_CONSUMER) timestamp=5853 ms, used_size=10268672 bytes (25.1%)
(RDMA_READ_CONSUME_CHECK_CONSUMER) timestamp=5853 ms, used_size=10266624 bytes (25.1%)
(RDMA_READ_CONSUME_CHECK_CONSUMER) timestamp=5853 ms, used_size=10264576 bytes (25.1%)
(RDMA_READ_CONSUME_CHECK_CONSUMER) timestamp=5853 ms, used_size=10262528 bytes (25.1%)
(RDMA_READ_CONSUME_CHECK_CONSUMER) timestamp=5853 ms, used_size=10260480 bytes (25.1%)
(RDMA_READ_CONSUME_CHECK_CONSUMER) timestamp=5853 ms, used_size=10258432 bytes (25.0%)
(RDMA_READ_CONSUME_CHECK_CONSUMER) timestamp=5853 ms, used_size=10256384 bytes (25.0%)
(RDMA_READ_CONSUME_CHECK_CONSUMER) timestamp=5853 ms, used_size=10254336 bytes (25.0%)
(RDMA_READ_CONSUME_CHECK_CONSUMER) timestamp=5853 ms, used_size=10252288 bytes (25.0%)
(RDMA_READ_CONSUME_CHECK_CONSUMER) timestamp=5853 ms, used_size=10250240 bytes (25.0%)
(RDMA_READ_CONSUME_CHECK_CONSUMER) timestamp=5853 ms, used_size=10248192 bytes (25.0%)
(RDMA_READ_CONSUME_CHECK_CONSUMER) timestamp=5853 ms, used_size=10246144 bytes (25.0%)
(RDMA_READ_CONSUME_CHECK_CONSUMER) timestamp=5853 ms, used_size=10244096 bytes (25.0%)
(RDMA_READ_CONSUME_CHECK_CONSUMER) timestamp=5853 ms, used_size=10242048 bytes (25.0%)
(RDMA_READ_CONSUME_CHECK_CONSUMER) timestamp=5853 ms, used_size=10240000 bytes (25.0%)
(RDMA_READ_CONSUME_CHECK_CONSUMER) timestamp=5853 ms, used_size=10237952 bytes (25.0%)
(RDMA_READ_CONSUME_CHECK_CONSUMER) timestamp=5853 ms, used_size=10235904 bytes (25.0%)
(RDMA_READ_CONSUME_CHECK_CONSUMER) timestamp=5853 ms, used_size=10233856 bytes (25.0%)
(RDMA_READ_CONSUME_CHECK_CONSUMER) timestamp=5853 ms, used_size=10231808 bytes (25.0%)
(RDMA_READ_CONSUME_CHECK_CONSUMER) timestamp=5853 ms, used_size=10229760 bytes (25.0%)
(RDMA_READ_CONSUME_CHECK_CONSUMER) timestamp=5854 ms, used_size=10227712 bytes (25.0%)
(RDMA_READ_CONSUME_CHECK_CONSUMER) timestamp=5854 ms, used_size=10225664 bytes (25.0%)
(RDMA_READ_CONSUME_CHECK_CONSUMER) timestamp=5854 ms, used_size=10223616 bytes (25.0%)
(RDMA_READ_CONSUME_CHECK_CONSUMER) timestamp=5854 ms, used_size=10221568 bytes (25.0%)
(RDMA_READ_CONSUME_CHECK_CONSUMER) timestamp=5854 ms, used_size=10219520 bytes (24.9%)
(RDMA_READ_CONSUME_CHECK_CONSUMER) timestamp=5854 ms, used_size=10217472 bytes (24.9%)
(RDMA_READ_CONSUME_CHECK_CONSUMER) timestamp=5854 ms, used_size=10215424 bytes (24.9%)
(RDMA_READ_CONSUME_CHECK_CONSUMER) timestamp=5854 ms, used_size=10213376 bytes (24.9%)
(RDMA_READ_CONSUME_CHECK_CONSUMER) timestamp=5854 ms, used_size=10211328 bytes (24.9%)
(RDMA_READ_CONSUME_CHECK_CONSUMER) timestamp=5854 ms, used_size=10209280 bytes (24.9%)
(RDMA_READ_CONSUME_CHECK_CONSUMER) timestamp=5854 ms, used_size=10207232 bytes (24.9%)
(RDMA_READ_CONSUME_CHECK_CONSUMER) timestamp=5854 ms, used_size=10205184 bytes (24.9%)
(RDMA_READ_CONSUME_CHECK_CONSUMER) timestamp=5854 ms, used_size=10203136 bytes (24.9%)
(RDMA_READ_CONSUME_CHECK_CONSUMER) timestamp=5854 ms, used_size=10201088 bytes (24.9%)
(RDMA_READ_CONSUME_CHECK_CONSUMER) timestamp=5854 ms, used_size=10199040 bytes (24.9%)
(RDMA_READ_CONSUME_CHECK_CONSUMER) timestamp=5854 ms, used_size=10196992 bytes (24.9%)
(RDMA_READ_CONSUME_CHECK_CONSUMER) timestamp=5854 ms, used_size=10194944 bytes (24.9%)
(RDMA_READ_CONSUME_CHECK_CONSUMER) timestamp=5854 ms, used_size=10192896 bytes (24.9%)
(RDMA_READ_CONSUME_CHECK_CONSUMER) timestamp=5854 ms, used_size=10190848 bytes (24.9%)
(RDMA_READ_CONSUME_CHECK_CONSUMER) timestamp=5854 ms, used_size=10188800 bytes (24.9%)
(RDMA_READ_CONSUME_CHECK_CONSUMER) timestamp=5854 ms, used_size=10186752 bytes (24.9%)
(RDMA_READ_CONSUME_CHECK_CONSUMER) timestamp=5854 ms, used_size=10184704 bytes (24.9%)
(RDMA_READ_CONSUME_CHECK_CONSUMER) timestamp=5854 ms, used_size=10182656 bytes (24.9%)
(RDMA_READ_CONSUME_CHECK_CONSUMER) timestamp=5854 ms, used_size=10180608 bytes (24.9%)
(RDMA_READ_CONSUME_CHECK_CONSUMER) timestamp=5854 ms, used_size=10178560 bytes (24.9%)
(RDMA_READ_CONSUME_CHECK_CONSUMER) timestamp=5854 ms, used_size=10176512 bytes (24.8%)
(RDMA_READ_CONSUME_CHECK_CONSUMER) timestamp=5854 ms, used_size=10174464 bytes (24.8%)
(RDMA_READ_CONSUME_CHECK_CONSUMER) timestamp=5854 ms, used_size=10172416 bytes (24.8%)
(RDMA_READ_CONSUME_CHECK_CONSUMER) timestamp=5854 ms, used_size=10170368 bytes (24.8%)
(RDMA_READ_CONSUME_CHECK_CONSUMER) timestamp=5854 ms, used_size=10168320 bytes (24.8%)
(RDMA_READ_CONSUME_CHECK_CONSUMER) timestamp=5854 ms, used_size=10166272 bytes (24.8%)
(RDMA_READ_CONSUME_CHECK_CONSUMER) timestamp=5854 ms, used_size=10164224 bytes (24.8%)
(RDMA_READ_CONSUME_CHECK_CONSUMER) timestamp=5854 ms, used_size=10162176 bytes (24.8%)
(RDMA_READ_CONSUME_CHECK_CONSUMER) timestamp=5854 ms, used_size=10160128 bytes (24.8%)
(RDMA_READ_CONSUME_CHECK_CONSUMER) timestamp=5854 ms, used_size=10158080 bytes (24.8%)
(RDMA_READ_CONSUME_CHECK_CONSUMER) timestamp=5854 ms, used_size=10156032 bytes (24.8%)
(RDMA_READ_CONSUME_CHECK_CONSUMER) timestamp=5854 ms, used_size=10153984 bytes (24.8%)
(RDMA_READ_CONSUME_CHECK_CONSUMER) timestamp=5854 ms, used_size=10151936 bytes (24.8%)
(RDMA_READ_CONSUME_CHECK_CONSUMER) timestamp=5854 ms, used_size=10149888 bytes (24.8%)
(RDMA_READ_CONSUME_CHECK_CONSUMER) timestamp=5854 ms, used_size=10147840 bytes (24.8%)
(RDMA_READ_CONSUME_CHECK_CONSUMER) timestamp=5854 ms, used_size=10145792 bytes (24.8%)
(RDMA_READ_CONSUME_CHECK_CONSUMER) timestamp=5854 ms, used_size=10143744 bytes (24.8%)
(RDMA_READ_CONSUME_CHECK_CONSUMER) timestamp=5854 ms, used_size=10141696 bytes (24.8%)
(RDMA_READ_CONSUME_CHECK_CONSUMER) timestamp=5854 ms, used_size=10139648 bytes (24.8%)
(RDMA_READ_CONSUME_CHECK_CONSUMER) timestamp=5854 ms, used_size=10137600 bytes (24.8%)
(RDMA_READ_CONSUME_CHECK_CONSUMER) timestamp=5854 ms, used_size=10135552 bytes (24.7%)
(RDMA_READ_CONSUME_CHECK_CONSUMER) timestamp=5854 ms, used_size=10133504 bytes (24.7%)
(RDMA_READ_CONSUME_CHECK_CONSUMER) timestamp=5854 ms, used_size=10131456 bytes (24.7%)
(RDMA_READ_CONSUME_CHECK_CONSUMER) timestamp=5854 ms, used_size=10129408 bytes (24.7%)
(RDMA_READ_CONSUME_CHECK_CONSUMER) timestamp=5854 ms, used_size=10127360 bytes (24.7%)
(RDMA_READ_CONSUME_CHECK_CONSUMER) timestamp=5854 ms, used_size=10125312 bytes (24.7%)
(RDMA_READ_CONSUME_CHECK_CONSUMER) timestamp=5854 ms, used_size=10123264 bytes (24.7%)
(RDMA_READ_CONSUME_CHECK_CONSUMER) timestamp=5854 ms, used_size=10121216 bytes (24.7%)
(RDMA_READ_CONSUME_CHECK_CONSUMER) timestamp=5854 ms, used_size=10119168 bytes (24.7%)
(RDMA_READ_CONSUME_CHECK_CONSUMER) timestamp=5854 ms, used_size=10117120 bytes (24.7%)
(RDMA_READ_CONSUME_CHECK_CONSUMER) timestamp=5854 ms, used_size=10115072 bytes (24.7%)
(RDMA_READ_CONSUME_CHECK_CONSUMER) timestamp=5854 ms, used_size=10113024 bytes (24.7%)
(RDMA_READ_CONSUME_CHECK_CONSUMER) timestamp=5854 ms, used_size=10110976 bytes (24.7%)
(RDMA_READ_CONSUME_CHECK_CONSUMER) timestamp=5854 ms, used_size=10108928 bytes (24.7%)
(RDMA_READ_CONSUME_CHECK_CONSUMER) timestamp=5854 ms, used_size=10106880 bytes (24.7%)
(RDMA_READ_CONSUME_CHECK_CONSUMER) timestamp=5854 ms, used_size=10104832 bytes (24.7%)
(RDMA_READ_CONSUME_CHECK_CONSUMER) timestamp=5854 ms, used_size=10102784 bytes (24.7%)
(RDMA_READ_CONSUME_CHECK_CONSUMER) timestamp=5854 ms, used_size=10100736 bytes (24.7%)
(RDMA_READ_CONSUME_CHECK_CONSUMER) timestamp=5854 ms, used_size=10098688 bytes (24.7%)
(RDMA_READ_CONSUME_CHECK_CONSUMER) timestamp=5854 ms, used_size=10096640 bytes (24.6%)
(RDMA_READ_CONSUME_CHECK_CONSUMER) timestamp=5854 ms, used_size=10094592 bytes (24.6%)
(RDMA_READ_CONSUME_CHECK_CONSUMER) timestamp=5854 ms, used_size=10092544 bytes (24.6%)
(RDMA_READ_CONSUME_CHECK_CONSUMER) timestamp=5854 ms, used_size=10090496 bytes (24.6%)
(RDMA_READ_CONSUME_CHECK_CONSUMER) timestamp=5854 ms, used_size=10088448 bytes (24.6%)
(RDMA_READ_CONSUME_CHECK_CONSUMER) timestamp=5854 ms, used_size=10086400 bytes (24.6%)
(RDMA_READ_CONSUME_CHECK_CONSUMER) timestamp=5854 ms, used_size=10084352 bytes (24.6%)
(RDMA_READ_CONSUME_CHECK_CONSUMER) timestamp=5854 ms, used_size=10082304 bytes (24.6%)
(RDMA_READ_CONSUME_CHECK_CONSUMER) timestamp=5854 ms, used_size=10080256 bytes (24.6%)
(RDMA_READ_CONSUME_CHECK_CONSUMER) timestamp=5854 ms, used_size=10078208 bytes (24.6%)
(RDMA_READ_CONSUME_CHECK_CONSUMER) timestamp=5854 ms, used_size=10076160 bytes (24.6%)
(RDMA_READ_CONSUME_CHECK_CONSUMER) timestamp=5854 ms, used_size=10074112 bytes (24.6%)
(RDMA_READ_CONSUME_CHECK_CONSUMER) timestamp=5854 ms, used_size=10072064 bytes (24.6%)
(RDMA_READ_CONSUME_CHECK_CONSUMER) timestamp=5854 ms, used_size=10070016 bytes (24.6%)
(RDMA_READ_CONSUME_CHECK_CONSUMER) timestamp=5854 ms, used_size=10067968 bytes (24.6%)
(RDMA_READ_CONSUME_CHECK_CONSUMER) timestamp=5854 ms, used_size=10065920 bytes (24.6%)
(RDMA_READ_CONSUME_CHECK_CONSUMER) timestamp=5854 ms, used_size=10063872 bytes (24.6%)
(RDMA_READ_CONSUME_CHECK_CONSUMER) timestamp=5854 ms, used_size=10061824 bytes (24.6%)
(RDMA_READ_CONSUME_CHECK_CONSUMER) timestamp=5854 ms, used_size=10059776 bytes (24.6%)
(RDMA_READ_CONSUME_CHECK_CONSUMER) timestamp=5854 ms, used_size=10057728 bytes (24.6%)
(RDMA_READ_CONSUME_CHECK_CONSUMER) timestamp=5854 ms, used_size=10055680 bytes (24.6%)
(RDMA_READ_CONSUME_CHECK_CONSUMER) timestamp=5854 ms, used_size=10053632 bytes (24.5%)
(RDMA_READ_CONSUME_CHECK_CONSUMER) timestamp=5854 ms, used_size=10051584 bytes (24.5%)
(RDMA_READ_CONSUME_CHECK_CONSUMER) timestamp=5854 ms, used_size=10049536 bytes (24.5%)
(RDMA_READ_CONSUME_CHECK_CONSUMER) timestamp=5854 ms, used_size=10047488 bytes (24.5%)
(RDMA_READ_CONSUME_CHECK_CONSUMER) timestamp=5854 ms, used_size=10045440 bytes (24.5%)
(RDMA_READ_CONSUME_CHECK_CONSUMER) timestamp=5854 ms, used_size=10043392 bytes (24.5%)
(RDMA_READ_CONSUME_CHECK_CONSUMER) timestamp=5854 ms, used_size=10041344 bytes (24.5%)
(RDMA_READ_CONSUME_CHECK_CONSUMER) timestamp=5854 ms, used_size=10039296 bytes (24.5%)
(RDMA_READ_CONSUME_CHECK_CONSUMER) timestamp=5854 ms, used_size=10037248 bytes (24.5%)
(RDMA_READ_CONSUME_CHECK_CONSUMER) timestamp=5854 ms, used_size=10035200 bytes (24.5%)
(RDMA_READ_CONSUME_CHECK_CONSUMER) timestamp=5854 ms, used_size=10033152 bytes (24.5%)
(RDMA_READ_CONSUME_CHECK_CONSUMER) timestamp=5854 ms, used_size=10031104 bytes (24.5%)
(RDMA_READ_CONSUME_CHECK_CONSUMER) timestamp=5854 ms, used_size=10029056 bytes (24.5%)
(RDMA_READ_CONSUME_CHECK_CONSUMER) timestamp=5854 ms, used_size=10027008 bytes (24.5%)
(RDMA_READ_CONSUME_CHECK_CONSUMER) timestamp=5854 ms, used_size=10024960 bytes (24.5%)
(RDMA_READ_CONSUME_CHECK_CONSUMER) timestamp=5854 ms, used_size=10022912 bytes (24.5%)
(RDMA_READ_CONSUME_CHECK_CONSUMER) timestamp=5854 ms, used_size=10020864 bytes (24.5%)
(RDMA_READ_CONSUME_CHECK_CONSUMER) timestamp=5854 ms, used_size=10018816 bytes (24.5%)
(RDMA_READ_CONSUME_CHECK_CONSUMER) timestamp=5854 ms, used_size=10016768 bytes (24.5%)
(RDMA_READ_CONSUME_CHECK_CONSUMER) timestamp=5854 ms, used_size=10014720 bytes (24.4%)
(RDMA_READ_CONSUME_CHECK_CONSUMER) timestamp=5854 ms, used_size=10012672 bytes (24.4%)
(RDMA_READ_CONSUME_CHECK_CONSUMER) timestamp=5854 ms, used_size=10010624 bytes (24.4%)
(RDMA_READ_CONSUME_CHECK_CONSUMER) timestamp=5854 ms, used_size=10008576 bytes (24.4%)
(RDMA_READ_CONSUME_CHECK_CONSUMER) timestamp=5854 ms, used_size=10006528 bytes (24.4%)
(RDMA_READ_CONSUME_CHECK_CONSUMER) timestamp=5854 ms, used_size=10004480 bytes (24.4%)
(RDMA_READ_CONSUME_CHECK_CONSUMER) timestamp=5854 ms, used_size=10002432 bytes (24.4%)
(RDMA_READ_CONSUME_CHECK_CONSUMER) timestamp=5854 ms, used_size=10000384 bytes (24.4%)
(RDMA_READ_CONSUME_CHECK_CONSUMER) timestamp=5854 ms, used_size=9998336 bytes (24.4%)
(RDMA_READ_CONSUME_CHECK_CONSUMER) timestamp=5854 ms, used_size=9996288 bytes (24.4%)
(RDMA_READ_CONSUME_CHECK_CONSUMER) timestamp=5854 ms, used_size=9994240 bytes (24.4%)
(RDMA_READ_CONSUME_CHECK_CONSUMER) timestamp=5854 ms, used_size=9992192 bytes (24.4%)
(RDMA_READ_CONSUME_CHECK_CONSUMER) timestamp=5854 ms, used_size=9990144 bytes (24.4%)
(RDMA_READ_CONSUME_CHECK_CONSUMER) timestamp=5854 ms, used_size=9988096 bytes (24.4%)
(RDMA_READ_CONSUME_CHECK_CONSUMER) timestamp=5854 ms, used_size=9986048 bytes (24.4%)
(RDMA_READ_CONSUME_CHECK_CONSUMER) timestamp=5854 ms, used_size=9984000 bytes (24.4%)
(RDMA_READ_CONSUME_CHECK_CONSUMER) timestamp=5854 ms, used_size=9981952 bytes (24.4%)
(RDMA_READ_CONSUME_CHECK_CONSUMER) timestamp=5854 ms, used_size=9979904 bytes (24.4%)
(RDMA_READ_CONSUME_CHECK_CONSUMER) timestamp=5854 ms, used_size=9977856 bytes (24.4%)
(RDMA_READ_CONSUME_CHECK_CONSUMER) timestamp=5854 ms, used_size=9975808 bytes (24.4%)
(RDMA_READ_CONSUME_CHECK_CONSUMER) timestamp=5854 ms, used_size=9973760 bytes (24.4%)
(RDMA_READ_CONSUME_CHECK_CONSUMER) timestamp=5854 ms, used_size=9971712 bytes (24.3%)
(RDMA_READ_CONSUME_CHECK_CONSUMER) timestamp=5854 ms, used_size=9969664 bytes (24.3%)
(RDMA_READ_CONSUME_CHECK_CONSUMER) timestamp=5854 ms, used_size=9967616 bytes (24.3%)
(RDMA_READ_CONSUME_CHECK_CONSUMER) timestamp=5854 ms, used_size=9965568 bytes (24.3%)
(RDMA_READ_CONSUME_CHECK_CONSUMER) timestamp=5854 ms, used_size=9963520 bytes (24.3%)
(RDMA_READ_CONSUME_CHECK_CONSUMER) timestamp=5854 ms, used_size=9961472 bytes (24.3%)
(RDMA_READ_CONSUME_CHECK_CONSUMER) timestamp=5854 ms, used_size=9959424 bytes (24.3%)
(RDMA_READ_CONSUME_CHECK_CONSUMER) timestamp=5854 ms, used_size=9957376 bytes (24.3%)
(RDMA_READ_CONSUME_CHECK_CONSUMER) timestamp=5854 ms, used_size=9955328 bytes (24.3%)
(RDMA_READ_CONSUME_CHECK_CONSUMER) timestamp=5854 ms, used_size=9953280 bytes (24.3%)
(RDMA_READ_CONSUME_CHECK_CONSUMER) timestamp=5854 ms, used_size=9951232 bytes (24.3%)
(RDMA_READ_CONSUME_CHECK_CONSUMER) timestamp=5854 ms, used_size=9949184 bytes (24.3%)
(RDMA_READ_CONSUME_CHECK_CONSUMER) timestamp=5854 ms, used_size=9947136 bytes (24.3%)
(RDMA_READ_CONSUME_CHECK_CONSUMER) timestamp=5854 ms, used_size=9945088 bytes (24.3%)
(RDMA_READ_CONSUME_CHECK_CONSUMER) timestamp=5854 ms, used_size=9943040 bytes (24.3%)
(RDMA_READ_CONSUME_CHECK_CONSUMER) timestamp=5854 ms, used_size=9940992 bytes (24.3%)
(RDMA_READ_CONSUME_CHECK_CONSUMER) timestamp=5854 ms, used_size=9938944 bytes (24.3%)
(RDMA_READ_CONSUME_CHECK_CONSUMER) timestamp=5854 ms, used_size=9936896 bytes (24.3%)
(RDMA_READ_CONSUME_CHECK_CONSUMER) timestamp=5854 ms, used_size=9934848 bytes (24.3%)
(RDMA_READ_CONSUME_CHECK_CONSUMER) timestamp=5854 ms, used_size=9932800 bytes (24.2%)
(RDMA_READ_CONSUME_CHECK_CONSUMER) timestamp=5854 ms, used_size=9930752 bytes (24.2%)
(RDMA_READ_CONSUME_CHECK_CONSUMER) timestamp=5854 ms, used_size=9928704 bytes (24.2%)
(RDMA_READ_CONSUME_CHECK_CONSUMER) timestamp=5854 ms, used_size=9926656 bytes (24.2%)
(RDMA_READ_CONSUME_CHECK_CONSUMER) timestamp=5854 ms, used_size=9924608 bytes (24.2%)
(RDMA_READ_CONSUME_CHECK_CONSUMER) timestamp=5854 ms, used_size=9922560 bytes (24.2%)
(RDMA_READ_CONSUME_CHECK_CONSUMER) timestamp=5854 ms, used_size=9920512 bytes (24.2%)
(RDMA_READ_CONSUME_CHECK_CONSUMER) timestamp=5854 ms, used_size=9918464 bytes (24.2%)
(RDMA_READ_CONSUME_CHECK_CONSUMER) timestamp=5854 ms, used_size=9916416 bytes (24.2%)
(RDMA_READ_CONSUME_CHECK_CONSUMER) timestamp=5854 ms, used_size=9914368 bytes (24.2%)
(RDMA_READ_CONSUME_CHECK_CONSUMER) timestamp=5854 ms, used_size=9912320 bytes (24.2%)
(RDMA_READ_CONSUME_CHECK_CONSUMER) timestamp=5854 ms, used_size=9910272 bytes (24.2%)
(RDMA_READ_CONSUME_CHECK_CONSUMER) timestamp=5854 ms, used_size=9908224 bytes (24.2%)
(RDMA_READ_CONSUME_CHECK_CONSUMER) timestamp=5854 ms, used_size=9906176 bytes (24.2%)
(RDMA_READ_CONSUME_CHECK_CONSUMER) timestamp=5854 ms, used_size=9904128 bytes (24.2%)
(RDMA_READ_CONSUME_CHECK_CONSUMER) timestamp=5854 ms, used_size=9902080 bytes (24.2%)
(RDMA_READ_CONSUME_CHECK_CONSUMER) timestamp=5855 ms, used_size=9900032 bytes (24.2%)
(RDMA_READ_CONSUME_CHECK_CONSUMER) timestamp=5855 ms, used_size=9897984 bytes (24.2%)
(RDMA_READ_CONSUME_CHECK_CONSUMER) timestamp=5855 ms, used_size=9895936 bytes (24.2%)
(RDMA_READ_CONSUME_CHECK_CONSUMER) timestamp=5855 ms, used_size=9893888 bytes (24.2%)
(RDMA_READ_CONSUME_CHECK_CONSUMER) timestamp=5855 ms, used_size=9891840 bytes (24.1%)
(RDMA_READ_CONSUME_CHECK_CONSUMER) timestamp=5855 ms, used_size=9889792 bytes (24.1%)
(RDMA_READ_CONSUME_CHECK_CONSUMER) timestamp=5855 ms, used_size=9887744 bytes (24.1%)
(RDMA_READ_CONSUME_CHECK_CONSUMER) timestamp=5855 ms, used_size=9885696 bytes (24.1%)
(RDMA_READ_CONSUME_CHECK_CONSUMER) timestamp=5855 ms, used_size=9883648 bytes (24.1%)
(RDMA_READ_CONSUME_CHECK_CONSUMER) timestamp=5855 ms, used_size=9881600 bytes (24.1%)
(RDMA_READ_CONSUME_CHECK_CONSUMER) timestamp=5855 ms, used_size=9879552 bytes (24.1%)
(RDMA_READ_CONSUME_CHECK_CONSUMER) timestamp=5855 ms, used_size=9877504 bytes (24.1%)
(RDMA_READ_CONSUME_CHECK_CONSUMER) timestamp=5855 ms, used_size=9875456 bytes (24.1%)
(RDMA_READ_CONSUME_CHECK_CONSUMER) timestamp=5855 ms, used_size=9873408 bytes (24.1%)
(RDMA_READ_CONSUME_CHECK_CONSUMER) timestamp=5855 ms, used_size=9871360 bytes (24.1%)
(RDMA_READ_CONSUME_CHECK_CONSUMER) timestamp=5855 ms, used_size=9869312 bytes (24.1%)
(RDMA_READ_CONSUME_CHECK_CONSUMER) timestamp=5855 ms, used_size=9867264 bytes (24.1%)
(RDMA_READ_CONSUME_CHECK_CONSUMER) timestamp=5855 ms, used_size=9865216 bytes (24.1%)
(RDMA_READ_CONSUME_CHECK_CONSUMER) timestamp=5855 ms, used_size=9863168 bytes (24.1%)
(RDMA_READ_CONSUME_CHECK_CONSUMER) timestamp=5855 ms, used_size=9861120 bytes (24.1%)
(RDMA_READ_CONSUME_CHECK_CONSUMER) timestamp=5855 ms, used_size=9859072 bytes (24.1%)
(RDMA_READ_CONSUME_CHECK_CONSUMER) timestamp=5855 ms, used_size=9857024 bytes (24.1%)
(RDMA_READ_CONSUME_CHECK_CONSUMER) timestamp=5855 ms, used_size=9854976 bytes (24.1%)
(RDMA_READ_CONSUME_CHECK_CONSUMER) timestamp=5855 ms, used_size=9852928 bytes (24.1%)
(RDMA_READ_CONSUME_CHECK_CONSUMER) timestamp=5855 ms, used_size=9850880 bytes (24.1%)
(RDMA_READ_CONSUME_CHECK_CONSUMER) timestamp=5855 ms, used_size=9848832 bytes (24.0%)
(RDMA_READ_CONSUME_CHECK_CONSUMER) timestamp=5855 ms, used_size=9846784 bytes (24.0%)
(RDMA_READ_CONSUME_CHECK_CONSUMER) timestamp=5855 ms, used_size=9844736 bytes (24.0%)
(RDMA_READ_CONSUME_CHECK_CONSUMER) timestamp=5855 ms, used_size=9842688 bytes (24.0%)
(RDMA_READ_CONSUME_CHECK_CONSUMER) timestamp=5855 ms, used_size=9840640 bytes (24.0%)
(RDMA_READ_CONSUME_CHECK_CONSUMER) timestamp=5855 ms, used_size=9838592 bytes (24.0%)
(RDMA_READ_CONSUME_CHECK_CONSUMER) timestamp=5855 ms, used_size=9836544 bytes (24.0%)
(RDMA_READ_CONSUME_CHECK_CONSUMER) timestamp=5855 ms, used_size=9834496 bytes (24.0%)
(RDMA_READ_CONSUME_CHECK_CONSUMER) timestamp=5855 ms, used_size=9832448 bytes (24.0%)
(RDMA_READ_CONSUME_CHECK_CONSUMER) timestamp=5855 ms, used_size=9830400 bytes (24.0%)
(RDMA_READ_CONSUME_CHECK_CONSUMER) timestamp=5855 ms, used_size=9828352 bytes (24.0%)
(RDMA_READ_CONSUME_CHECK_CONSUMER) timestamp=5855 ms, used_size=9826304 bytes (24.0%)
(RDMA_READ_CONSUME_CHECK_CONSUMER) timestamp=5855 ms, used_size=9824256 bytes (24.0%)
(RDMA_READ_CONSUME_CHECK_CONSUMER) timestamp=5855 ms, used_size=9822208 bytes (24.0%)
(RDMA_READ_CONSUME_CHECK_CONSUMER) timestamp=5855 ms, used_size=9820160 bytes (24.0%)
(RDMA_READ_CONSUME_CHECK_CONSUMER) timestamp=5855 ms, used_size=9818112 bytes (24.0%)
(RDMA_READ_CONSUME_CHECK_CONSUMER) timestamp=5855 ms, used_size=9816064 bytes (24.0%)
(RDMA_READ_CONSUME_CHECK_CONSUMER) timestamp=5855 ms, used_size=9814016 bytes (24.0%)
(RDMA_READ_CONSUME_CHECK_CONSUMER) timestamp=5855 ms, used_size=9811968 bytes (24.0%)
(RDMA_READ_CONSUME_CHECK_CONSUMER) timestamp=5855 ms, used_size=9809920 bytes (23.9%)
(RDMA_READ_CONSUME_CHECK_CONSUMER) timestamp=5855 ms, used_size=9807872 bytes (23.9%)
(RDMA_READ_CONSUME_CHECK_CONSUMER) timestamp=5855 ms, used_size=9805824 bytes (23.9%)
(RDMA_READ_CONSUME_CHECK_CONSUMER) timestamp=5855 ms, used_size=9803776 bytes (23.9%)
(RDMA_READ_CONSUME_CHECK_CONSUMER) timestamp=5855 ms, used_size=9801728 bytes (23.9%)
(RDMA_READ_CONSUME_CHECK_CONSUMER) timestamp=5855 ms, used_size=9799680 bytes (23.9%)
(RDMA_READ_CONSUME_CHECK_CONSUMER) timestamp=5855 ms, used_size=9797632 bytes (23.9%)
(RDMA_READ_CONSUME_CHECK_CONSUMER) timestamp=5855 ms, used_size=9795584 bytes (23.9%)
(RDMA_READ_CONSUME_CHECK_CONSUMER) timestamp=5855 ms, used_size=9793536 bytes (23.9%)
(RDMA_READ_CONSUME_CHECK_CONSUMER) timestamp=5855 ms, used_size=9791488 bytes (23.9%)
(RDMA_READ_CONSUME_CHECK_CONSUMER) timestamp=5855 ms, used_size=9789440 bytes (23.9%)
(RDMA_READ_CONSUME_CHECK_CONSUMER) timestamp=5855 ms, used_size=9787392 bytes (23.9%)
(RDMA_READ_CONSUME_CHECK_CONSUMER) timestamp=5855 ms, used_size=9785344 bytes (23.9%)
(RDMA_READ_CONSUME_CHECK_CONSUMER) timestamp=5855 ms, used_size=9783296 bytes (23.9%)
(RDMA_READ_CONSUME_CHECK_CONSUMER) timestamp=5855 ms, used_size=9781248 bytes (23.9%)
(RDMA_READ_CONSUME_CHECK_CONSUMER) timestamp=5855 ms, used_size=9779200 bytes (23.9%)
(RDMA_READ_CONSUME_CHECK_CONSUMER) timestamp=5855 ms, used_size=9777152 bytes (23.9%)
(RDMA_READ_CONSUME_CHECK_CONSUMER) timestamp=5855 ms, used_size=9775104 bytes (23.9%)
(RDMA_READ_CONSUME_CHECK_CONSUMER) timestamp=5855 ms, used_size=9773056 bytes (23.9%)
(RDMA_READ_CONSUME_CHECK_CONSUMER) timestamp=5855 ms, used_size=9771008 bytes (23.9%)
(RDMA_READ_CONSUME_CHECK_CONSUMER) timestamp=5855 ms, used_size=9768960 bytes (23.9%)
(RDMA_READ_CONSUME_CHECK_CONSUMER) timestamp=5855 ms, used_size=9766912 bytes (23.8%)
(RDMA_READ_CONSUME_CHECK_CONSUMER) timestamp=5855 ms, used_size=9764864 bytes (23.8%)
(RDMA_READ_CONSUME_CHECK_CONSUMER) timestamp=5855 ms, used_size=9762816 bytes (23.8%)
(RDMA_READ_CONSUME_CHECK_CONSUMER) timestamp=5855 ms, used_size=9760768 bytes (23.8%)
(RDMA_READ_CONSUME_CHECK_CONSUMER) timestamp=5855 ms, used_size=9758720 bytes (23.8%)
(RDMA_READ_CONSUME_CHECK_CONSUMER) timestamp=5855 ms, used_size=9756672 bytes (23.8%)
(RDMA_READ_CONSUME_CHECK_CONSUMER) timestamp=5855 ms, used_size=9754624 bytes (23.8%)
(RDMA_READ_CONSUME_CHECK_CONSUMER) timestamp=5855 ms, used_size=9752576 bytes (23.8%)
(RDMA_READ_CONSUME_CHECK_CONSUMER) timestamp=5855 ms, used_size=9750528 bytes (23.8%)
(RDMA_READ_CONSUME_CHECK_CONSUMER) timestamp=5855 ms, used_size=9748480 bytes (23.8%)
(RDMA_READ_CONSUME_CHECK_CONSUMER) timestamp=5855 ms, used_size=9746432 bytes (23.8%)
(RDMA_READ_CONSUME_CHECK_CONSUMER) timestamp=5855 ms, used_size=9744384 bytes (23.8%)
(RDMA_READ_CONSUME_CHECK_CONSUMER) timestamp=5855 ms, used_size=9742336 bytes (23.8%)
(RDMA_READ_CONSUME_CHECK_CONSUMER) timestamp=5855 ms, used_size=9740288 bytes (23.8%)
(RDMA_READ_CONSUME_CHECK_CONSUMER) timestamp=5855 ms, used_size=9738240 bytes (23.8%)
(RDMA_READ_CONSUME_CHECK_CONSUMER) timestamp=5855 ms, used_size=9736192 bytes (23.8%)
(RDMA_READ_CONSUME_CHECK_CONSUMER) timestamp=5855 ms, used_size=9734144 bytes (23.8%)
(RDMA_READ_CONSUME_CHECK_CONSUMER) timestamp=5855 ms, used_size=9732096 bytes (23.8%)
(RDMA_READ_CONSUME_CHECK_CONSUMER) timestamp=5855 ms, used_size=9730048 bytes (23.8%)
(RDMA_READ_CONSUME_CHECK_CONSUMER) timestamp=5855 ms, used_size=9728000 bytes (23.8%)
(RDMA_READ_CONSUME_CHECK_CONSUMER) timestamp=5855 ms, used_size=9725952 bytes (23.7%)
(RDMA_READ_CONSUME_CHECK_CONSUMER) timestamp=5855 ms, used_size=9723904 bytes (23.7%)
(RDMA_READ_CONSUME_CHECK_CONSUMER) timestamp=5855 ms, used_size=9721856 bytes (23.7%)
(RDMA_READ_CONSUME_CHECK_CONSUMER) timestamp=5855 ms, used_size=9719808 bytes (23.7%)
(RDMA_READ_CONSUME_CHECK_CONSUMER) timestamp=5855 ms, used_size=9717760 bytes (23.7%)
(RDMA_READ_CONSUME_CHECK_CONSUMER) timestamp=5855 ms, used_size=9715712 bytes (23.7%)
(RDMA_READ_CONSUME_CHECK_CONSUMER) timestamp=5855 ms, used_size=9713664 bytes (23.7%)
(RDMA_READ_CONSUME_CHECK_CONSUMER) timestamp=5855 ms, used_size=9711616 bytes (23.7%)
(RDMA_READ_CONSUME_CHECK_CONSUMER) timestamp=5855 ms, used_size=9709568 bytes (23.7%)
(RDMA_READ_CONSUME_CHECK_CONSUMER) timestamp=5855 ms, used_size=9707520 bytes (23.7%)
(RDMA_READ_CONSUME_CHECK_CONSUMER) timestamp=5855 ms, used_size=9705472 bytes (23.7%)
(RDMA_READ_CONSUME_CHECK_CONSUMER) timestamp=5855 ms, used_size=9703424 bytes (23.7%)
(RDMA_READ_CONSUME_CHECK_CONSUMER) timestamp=5855 ms, used_size=9701376 bytes (23.7%)
(RDMA_READ_CONSUME_CHECK_CONSUMER) timestamp=5855 ms, used_size=9699328 bytes (23.7%)
(RDMA_READ_CONSUME_CHECK_CONSUMER) timestamp=5855 ms, used_size=9697280 bytes (23.7%)
(RDMA_READ_CONSUME_CHECK_CONSUMER) timestamp=5855 ms, used_size=9695232 bytes (23.7%)
(RDMA_READ_CONSUME_CHECK_CONSUMER) timestamp=5855 ms, used_size=9693184 bytes (23.7%)
(RDMA_READ_CONSUME_CHECK_CONSUMER) timestamp=5855 ms, used_size=9691136 bytes (23.7%)
(RDMA_READ_CONSUME_CHECK_CONSUMER) timestamp=5855 ms, used_size=9689088 bytes (23.7%)
(RDMA_READ_CONSUME_CHECK_CONSUMER) timestamp=5855 ms, used_size=9687040 bytes (23.6%)
(RDMA_READ_CONSUME_CHECK_CONSUMER) timestamp=5855 ms, used_size=9684992 bytes (23.6%)
(RDMA_READ_CONSUME_CHECK_CONSUMER) timestamp=5855 ms, used_size=9682944 bytes (23.6%)
(RDMA_READ_CONSUME_CHECK_CONSUMER) timestamp=5855 ms, used_size=9680896 bytes (23.6%)
(RDMA_READ_CONSUME_CHECK_CONSUMER) timestamp=5855 ms, used_size=9678848 bytes (23.6%)
(RDMA_READ_CONSUME_CHECK_CONSUMER) timestamp=5855 ms, used_size=9676800 bytes (23.6%)
(RDMA_READ_CONSUME_CHECK_CONSUMER) timestamp=5855 ms, used_size=9674752 bytes (23.6%)
(RDMA_READ_CONSUME_CHECK_CONSUMER) timestamp=5855 ms, used_size=9672704 bytes (23.6%)
(RDMA_READ_CONSUME_CHECK_CONSUMER) timestamp=5855 ms, used_size=9670656 bytes (23.6%)
(RDMA_READ_CONSUME_CHECK_CONSUMER) timestamp=5855 ms, used_size=9668608 bytes (23.6%)
(RDMA_READ_CONSUME_CHECK_CONSUMER) timestamp=5855 ms, used_size=9666560 bytes (23.6%)
(RDMA_READ_CONSUME_CHECK_CONSUMER) timestamp=5855 ms, used_size=9664512 bytes (23.6%)
(RDMA_READ_CONSUME_CHECK_CONSUMER) timestamp=5855 ms, used_size=9662464 bytes (23.6%)
(RDMA_READ_CONSUME_CHECK_CONSUMER) timestamp=5855 ms, used_size=9660416 bytes (23.6%)
(RDMA_READ_CONSUME_CHECK_CONSUMER) timestamp=5855 ms, used_size=9658368 bytes (23.6%)
(RDMA_READ_CONSUME_CHECK_CONSUMER) timestamp=5855 ms, used_size=9656320 bytes (23.6%)
(RDMA_READ_CONSUME_CHECK_CONSUMER) timestamp=5855 ms, used_size=9654272 bytes (23.6%)
(RDMA_READ_CONSUME_CHECK_CONSUMER) timestamp=5855 ms, used_size=9652224 bytes (23.6%)
(RDMA_READ_CONSUME_CHECK_CONSUMER) timestamp=5855 ms, used_size=9650176 bytes (23.6%)
(RDMA_READ_CONSUME_CHECK_CONSUMER) timestamp=5855 ms, used_size=9648128 bytes (23.6%)
(RDMA_READ_CONSUME_CHECK_CONSUMER) timestamp=5855 ms, used_size=9646080 bytes (23.6%)
(RDMA_READ_CONSUME_CHECK_CONSUMER) timestamp=5855 ms, used_size=9644032 bytes (23.5%)
(RDMA_READ_CONSUME_CHECK_CONSUMER) timestamp=5855 ms, used_size=9641984 bytes (23.5%)
(RDMA_READ_CONSUME_CHECK_CONSUMER) timestamp=5855 ms, used_size=9639936 bytes (23.5%)
(RDMA_READ_CONSUME_CHECK_CONSUMER) timestamp=5855 ms, used_size=9637888 bytes (23.5%)
(RDMA_READ_CONSUME_CHECK_CONSUMER) timestamp=5855 ms, used_size=9635840 bytes (23.5%)
(RDMA_READ_CONSUME_CHECK_CONSUMER) timestamp=5855 ms, used_size=9633792 bytes (23.5%)
(RDMA_READ_CONSUME_CHECK_CONSUMER) timestamp=5855 ms, used_size=9631744 bytes (23.5%)
(RDMA_READ_CONSUME_CHECK_CONSUMER) timestamp=5855 ms, used_size=9629696 bytes (23.5%)
(RDMA_READ_CONSUME_CHECK_CONSUMER) timestamp=5855 ms, used_size=9627648 bytes (23.5%)
(RDMA_READ_CONSUME_CHECK_CONSUMER) timestamp=5855 ms, used_size=9625600 bytes (23.5%)
(RDMA_READ_CONSUME_CHECK_CONSUMER) timestamp=5855 ms, used_size=9623552 bytes (23.5%)
(RDMA_READ_CONSUME_CHECK_CONSUMER) timestamp=5855 ms, used_size=9621504 bytes (23.5%)
(RDMA_READ_CONSUME_CHECK_CONSUMER) timestamp=5855 ms, used_size=9619456 bytes (23.5%)
(RDMA_READ_CONSUME_CHECK_CONSUMER) timestamp=5855 ms, used_size=9617408 bytes (23.5%)
(RDMA_READ_CONSUME_CHECK_CONSUMER) timestamp=5855 ms, used_size=9615360 bytes (23.5%)
(RDMA_READ_CONSUME_CHECK_CONSUMER) timestamp=5855 ms, used_size=9613312 bytes (23.5%)
(RDMA_READ_CONSUME_CHECK_CONSUMER) timestamp=5855 ms, used_size=9611264 bytes (23.5%)
(RDMA_READ_CONSUME_CHECK_CONSUMER) timestamp=5855 ms, used_size=9609216 bytes (23.5%)
(RDMA_READ_CONSUME_CHECK_CONSUMER) timestamp=5855 ms, used_size=9607168 bytes (23.5%)
(RDMA_READ_CONSUME_CHECK_CONSUMER) timestamp=5855 ms, used_size=9605120 bytes (23.4%)
(RDMA_READ_CONSUME_CHECK_CONSUMER) timestamp=5855 ms, used_size=9603072 bytes (23.4%)
(RDMA_READ_CONSUME_CHECK_CONSUMER) timestamp=5855 ms, used_size=9601024 bytes (23.4%)
(RDMA_READ_CONSUME_CHECK_CONSUMER) timestamp=5855 ms, used_size=9598976 bytes (23.4%)
(RDMA_READ_CONSUME_CHECK_CONSUMER) timestamp=5855 ms, used_size=9596928 bytes (23.4%)
(RDMA_READ_CONSUME_CHECK_CONSUMER) timestamp=5855 ms, used_size=9594880 bytes (23.4%)
(RDMA_READ_CONSUME_CHECK_CONSUMER) timestamp=5855 ms, used_size=9592832 bytes (23.4%)
(RDMA_READ_CONSUME_CHECK_CONSUMER) timestamp=5855 ms, used_size=9590784 bytes (23.4%)
(RDMA_READ_CONSUME_CHECK_CONSUMER) timestamp=5855 ms, used_size=9588736 bytes (23.4%)
(RDMA_READ_CONSUME_CHECK_CONSUMER) timestamp=5855 ms, used_size=9586688 bytes (23.4%)
(RDMA_READ_CONSUME_CHECK_CONSUMER) timestamp=5855 ms, used_size=9584640 bytes (23.4%)
(RDMA_READ_CONSUME_CHECK_CONSUMER) timestamp=5855 ms, used_size=9582592 bytes (23.4%)
(RDMA_READ_CONSUME_CHECK_CONSUMER) timestamp=5855 ms, used_size=9580544 bytes (23.4%)
(RDMA_READ_CONSUME_CHECK_CONSUMER) timestamp=5855 ms, used_size=9578496 bytes (23.4%)
(RDMA_READ_CONSUME_CHECK_CONSUMER) timestamp=5855 ms, used_size=9576448 bytes (23.4%)
(RDMA_READ_CONSUME_CHECK_CONSUMER) timestamp=5855 ms, used_size=9574400 bytes (23.4%)
(RDMA_READ_CONSUME_CHECK_CONSUMER) timestamp=5855 ms, used_size=9572352 bytes (23.4%)
(RDMA_READ_CONSUME_CHECK_CONSUMER) timestamp=5855 ms, used_size=9570304 bytes (23.4%)
(RDMA_READ_CONSUME_CHECK_CONSUMER) timestamp=5855 ms, used_size=9568256 bytes (23.4%)
(RDMA_READ_CONSUME_CHECK_CONSUMER) timestamp=5855 ms, used_size=9566208 bytes (23.4%)
(RDMA_READ_CONSUME_CHECK_CONSUMER) timestamp=5856 ms, used_size=9564160 bytes (23.4%)
(RDMA_READ_CONSUME_CHECK_CONSUMER) timestamp=5856 ms, used_size=9562112 bytes (23.3%)
(RDMA_READ_CONSUME_CHECK_CONSUMER) timestamp=5856 ms, used_size=9560064 bytes (23.3%)
(RDMA_READ_CONSUME_CHECK_CONSUMER) timestamp=5856 ms, used_size=9558016 bytes (23.3%)
(RDMA_READ_CONSUME_CHECK_CONSUMER) timestamp=5856 ms, used_size=9555968 bytes (23.3%)
(RDMA_READ_CONSUME_CHECK_CONSUMER) timestamp=5856 ms, used_size=9553920 bytes (23.3%)
(RDMA_READ_CONSUME_CHECK_CONSUMER) timestamp=5856 ms, used_size=9551872 bytes (23.3%)
(RDMA_READ_CONSUME_CHECK_CONSUMER) timestamp=5856 ms, used_size=9549824 bytes (23.3%)
(RDMA_READ_CONSUME_CHECK_CONSUMER) timestamp=5856 ms, used_size=9547776 bytes (23.3%)
(RDMA_READ_CONSUME_CHECK_CONSUMER) timestamp=5856 ms, used_size=9545728 bytes (23.3%)
(RDMA_READ_CONSUME_CHECK_CONSUMER) timestamp=5856 ms, used_size=9543680 bytes (23.3%)
(RDMA_READ_CONSUME_CHECK_CONSUMER) timestamp=5856 ms, used_size=9541632 bytes (23.3%)
(RDMA_READ_CONSUME_CHECK_CONSUMER) timestamp=5856 ms, used_size=9539584 bytes (23.3%)
(RDMA_READ_CONSUME_CHECK_CONSUMER) timestamp=5856 ms, used_size=9537536 bytes (23.3%)
(RDMA_READ_CONSUME_CHECK_CONSUMER) timestamp=5856 ms, used_size=9535488 bytes (23.3%)
(RDMA_READ_CONSUME_CHECK_CONSUMER) timestamp=5856 ms, used_size=9533440 bytes (23.3%)
(RDMA_READ_CONSUME_CHECK_CONSUMER) timestamp=5856 ms, used_size=9531392 bytes (23.3%)
(RDMA_READ_CONSUME_CHECK_CONSUMER) timestamp=5856 ms, used_size=9529344 bytes (23.3%)
(RDMA_READ_CONSUME_CHECK_CONSUMER) timestamp=5856 ms, used_size=9527296 bytes (23.3%)
(RDMA_READ_CONSUME_CHECK_CONSUMER) timestamp=5856 ms, used_size=9525248 bytes (23.3%)
(RDMA_READ_CONSUME_CHECK_CONSUMER) timestamp=5856 ms, used_size=9523200 bytes (23.2%)
(RDMA_READ_CONSUME_CHECK_CONSUMER) timestamp=5856 ms, used_size=9521152 bytes (23.2%)
(RDMA_READ_CONSUME_CHECK_CONSUMER) timestamp=5856 ms, used_size=9519104 bytes (23.2%)
(RDMA_READ_CONSUME_CHECK_CONSUMER) timestamp=5856 ms, used_size=9517056 bytes (23.2%)
(RDMA_READ_CONSUME_CHECK_CONSUMER) timestamp=5856 ms, used_size=9515008 bytes (23.2%)
(RDMA_READ_CONSUME_CHECK_CONSUMER) timestamp=5856 ms, used_size=9512960 bytes (23.2%)
(RDMA_READ_CONSUME_CHECK_CONSUMER) timestamp=5856 ms, used_size=9510912 bytes (23.2%)
(RDMA_READ_CONSUME_CHECK_CONSUMER) timestamp=5856 ms, used_size=9508864 bytes (23.2%)
(RDMA_READ_CONSUME_CHECK_CONSUMER) timestamp=5856 ms, used_size=9506816 bytes (23.2%)
(RDMA_READ_CONSUME_CHECK_CONSUMER) timestamp=5856 ms, used_size=9504768 bytes (23.2%)
(RDMA_READ_CONSUME_CHECK_CONSUMER) timestamp=5856 ms, used_size=9502720 bytes (23.2%)
(RDMA_READ_CONSUME_CHECK_CONSUMER) timestamp=5856 ms, used_size=9500672 bytes (23.2%)
(RDMA_READ_CONSUME_CHECK_CONSUMER) timestamp=5856 ms, used_size=9498624 bytes (23.2%)
(RDMA_READ_CONSUME_CHECK_CONSUMER) timestamp=5856 ms, used_size=9496576 bytes (23.2%)
(RDMA_READ_CONSUME_CHECK_CONSUMER) timestamp=5856 ms, used_size=9494528 bytes (23.2%)
(RDMA_READ_CONSUME_CHECK_CONSUMER) timestamp=5856 ms, used_size=9492480 bytes (23.2%)
(RDMA_READ_CONSUME_CHECK_CONSUMER) timestamp=5856 ms, used_size=9490432 bytes (23.2%)
(RDMA_READ_CONSUME_CHECK_CONSUMER) timestamp=5856 ms, used_size=9488384 bytes (23.2%)
(RDMA_READ_CONSUME_CHECK_CONSUMER) timestamp=5856 ms, used_size=9486336 bytes (23.2%)
(RDMA_READ_CONSUME_CHECK_CONSUMER) timestamp=5856 ms, used_size=9484288 bytes (23.2%)
(RDMA_READ_CONSUME_CHECK_CONSUMER) timestamp=5856 ms, used_size=9482240 bytes (23.1%)
(RDMA_READ_CONSUME_CHECK_CONSUMER) timestamp=5856 ms, used_size=9480192 bytes (23.1%)
(RDMA_READ_CONSUME_CHECK_CONSUMER) timestamp=5856 ms, used_size=9478144 bytes (23.1%)
(RDMA_READ_CONSUME_CHECK_CONSUMER) timestamp=5856 ms, used_size=9476096 bytes (23.1%)
(RDMA_READ_CONSUME_CHECK_CONSUMER) timestamp=5856 ms, used_size=9474048 bytes (23.1%)
(RDMA_READ_CONSUME_CHECK_CONSUMER) timestamp=5856 ms, used_size=9472000 bytes (23.1%)
(RDMA_READ_CONSUME_CHECK_CONSUMER) timestamp=5856 ms, used_size=9469952 bytes (23.1%)
(RDMA_READ_CONSUME_CHECK_CONSUMER) timestamp=5856 ms, used_size=9467904 bytes (23.1%)
(RDMA_READ_CONSUME_CHECK_CONSUMER) timestamp=5856 ms, used_size=9465856 bytes (23.1%)
(RDMA_READ_CONSUME_CHECK_CONSUMER) timestamp=5856 ms, used_size=9463808 bytes (23.1%)
(RDMA_READ_CONSUME_CHECK_CONSUMER) timestamp=5856 ms, used_size=9461760 bytes (23.1%)
(RDMA_READ_CONSUME_CHECK_CONSUMER) timestamp=5856 ms, used_size=9459712 bytes (23.1%)
(RDMA_READ_CONSUME_CHECK_CONSUMER) timestamp=5856 ms, used_size=9457664 bytes (23.1%)
(RDMA_READ_CONSUME_CHECK_CONSUMER) timestamp=5856 ms, used_size=9455616 bytes (23.1%)
(RDMA_READ_CONSUME_CHECK_CONSUMER) timestamp=5856 ms, used_size=9453568 bytes (23.1%)
(RDMA_READ_CONSUME_CHECK_CONSUMER) timestamp=5856 ms, used_size=9451520 bytes (23.1%)
(RDMA_READ_CONSUME_CHECK_CONSUMER) timestamp=5856 ms, used_size=9449472 bytes (23.1%)
(RDMA_READ_CONSUME_CHECK_CONSUMER) timestamp=5856 ms, used_size=9447424 bytes (23.1%)
(RDMA_READ_CONSUME_CHECK_CONSUMER) timestamp=5856 ms, used_size=9445376 bytes (23.1%)
(RDMA_READ_CONSUME_CHECK_CONSUMER) timestamp=5856 ms, used_size=9443328 bytes (23.1%)
(RDMA_READ_CONSUME_CHECK_CONSUMER) timestamp=5856 ms, used_size=9441280 bytes (23.1%)
(RDMA_READ_CONSUME_CHECK_CONSUMER) timestamp=5856 ms, used_size=9439232 bytes (23.0%)
(RDMA_READ_CONSUME_CHECK_CONSUMER) timestamp=5856 ms, used_size=9437184 bytes (23.0%)
(RDMA_READ_CONSUME_CHECK_CONSUMER) timestamp=5856 ms, used_size=9435136 bytes (23.0%)
(RDMA_READ_CONSUME_CHECK_CONSUMER) timestamp=5856 ms, used_size=9433088 bytes (23.0%)
(RDMA_READ_CONSUME_CHECK_CONSUMER) timestamp=5856 ms, used_size=9431040 bytes (23.0%)
(RDMA_READ_CONSUME_CHECK_CONSUMER) timestamp=5856 ms, used_size=9428992 bytes (23.0%)
(RDMA_READ_CONSUME_CHECK_CONSUMER) timestamp=5856 ms, used_size=9426944 bytes (23.0%)
(RDMA_READ_CONSUME_CHECK_CONSUMER) timestamp=5856 ms, used_size=9424896 bytes (23.0%)
(RDMA_READ_CONSUME_CHECK_CONSUMER) timestamp=5856 ms, used_size=9422848 bytes (23.0%)
(RDMA_READ_CONSUME_CHECK_CONSUMER) timestamp=5856 ms, used_size=9420800 bytes (23.0%)
(RDMA_READ_CONSUME_CHECK_CONSUMER) timestamp=5856 ms, used_size=9418752 bytes (23.0%)
(RDMA_READ_CONSUME_CHECK_CONSUMER) timestamp=5856 ms, used_size=9416704 bytes (23.0%)
(RDMA_READ_CONSUME_CHECK_CONSUMER) timestamp=5856 ms, used_size=9414656 bytes (23.0%)
(RDMA_READ_CONSUME_CHECK_CONSUMER) timestamp=5856 ms, used_size=9412608 bytes (23.0%)
(RDMA_READ_CONSUME_CHECK_CONSUMER) timestamp=5856 ms, used_size=9410560 bytes (23.0%)
(RDMA_READ_CONSUME_CHECK_CONSUMER) timestamp=5856 ms, used_size=9408512 bytes (23.0%)
(RDMA_READ_CONSUME_CHECK_CONSUMER) timestamp=5856 ms, used_size=9406464 bytes (23.0%)
(RDMA_READ_CONSUME_CHECK_CONSUMER) timestamp=5856 ms, used_size=9404416 bytes (23.0%)
(RDMA_READ_CONSUME_CHECK_CONSUMER) timestamp=5856 ms, used_size=9402368 bytes (23.0%)
(RDMA_READ_CONSUME_CHECK_CONSUMER) timestamp=5856 ms, used_size=9400320 bytes (22.9%)
(RDMA_READ_CONSUME_CHECK_CONSUMER) timestamp=5856 ms, used_size=9398272 bytes (22.9%)
(RDMA_READ_CONSUME_CHECK_CONSUMER) timestamp=5856 ms, used_size=9396224 bytes (22.9%)
(RDMA_READ_CONSUME_CHECK_CONSUMER) timestamp=5856 ms, used_size=9394176 bytes (22.9%)
(RDMA_READ_CONSUME_CHECK_CONSUMER) timestamp=5856 ms, used_size=9392128 bytes (22.9%)
(RDMA_READ_CONSUME_CHECK_CONSUMER) timestamp=5856 ms, used_size=9390080 bytes (22.9%)
(RDMA_READ_CONSUME_CHECK_CONSUMER) timestamp=5856 ms, used_size=9388032 bytes (22.9%)
(RDMA_READ_CONSUME_CHECK_CONSUMER) timestamp=5856 ms, used_size=9385984 bytes (22.9%)
(RDMA_READ_CONSUME_CHECK_CONSUMER) timestamp=5856 ms, used_size=9383936 bytes (22.9%)
(RDMA_READ_CONSUME_CHECK_CONSUMER) timestamp=5856 ms, used_size=9381888 bytes (22.9%)
(RDMA_READ_CONSUME_CHECK_CONSUMER) timestamp=5856 ms, used_size=9379840 bytes (22.9%)
(RDMA_READ_CONSUME_CHECK_CONSUMER) timestamp=5856 ms, used_size=9377792 bytes (22.9%)
(RDMA_READ_CONSUME_CHECK_CONSUMER) timestamp=5856 ms, used_size=9375744 bytes (22.9%)
(RDMA_READ_CONSUME_CHECK_CONSUMER) timestamp=5856 ms, used_size=9373696 bytes (22.9%)
(RDMA_READ_CONSUME_CHECK_CONSUMER) timestamp=5856 ms, used_size=9371648 bytes (22.9%)
(RDMA_READ_CONSUME_CHECK_CONSUMER) timestamp=5856 ms, used_size=9369600 bytes (22.9%)
(RDMA_READ_CONSUME_CHECK_CONSUMER) timestamp=5856 ms, used_size=9367552 bytes (22.9%)
(RDMA_READ_CONSUME_CHECK_CONSUMER) timestamp=5856 ms, used_size=9365504 bytes (22.9%)
(RDMA_READ_CONSUME_CHECK_CONSUMER) timestamp=5856 ms, used_size=9363456 bytes (22.9%)
(RDMA_READ_CONSUME_CHECK_CONSUMER) timestamp=5856 ms, used_size=9361408 bytes (22.9%)
(RDMA_READ_CONSUME_CHECK_CONSUMER) timestamp=5856 ms, used_size=9359360 bytes (22.9%)
(RDMA_READ_CONSUME_CHECK_CONSUMER) timestamp=5856 ms, used_size=9357312 bytes (22.8%)
(RDMA_READ_CONSUME_CHECK_CONSUMER) timestamp=5856 ms, used_size=9355264 bytes (22.8%)
(RDMA_READ_CONSUME_CHECK_CONSUMER) timestamp=5856 ms, used_size=9353216 bytes (22.8%)
(RDMA_READ_CONSUME_CHECK_CONSUMER) timestamp=5856 ms, used_size=9351168 bytes (22.8%)
(RDMA_READ_CONSUME_CHECK_CONSUMER) timestamp=5856 ms, used_size=9349120 bytes (22.8%)
(RDMA_READ_CONSUME_CHECK_CONSUMER) timestamp=5856 ms, used_size=9347072 bytes (22.8%)
(RDMA_READ_CONSUME_CHECK_CONSUMER) timestamp=5856 ms, used_size=9345024 bytes (22.8%)
(RDMA_READ_CONSUME_CHECK_CONSUMER) timestamp=5856 ms, used_size=9342976 bytes (22.8%)
(RDMA_READ_CONSUME_CHECK_CONSUMER) timestamp=5856 ms, used_size=9340928 bytes (22.8%)
(RDMA_READ_CONSUME_CHECK_CONSUMER) timestamp=5856 ms, used_size=9338880 bytes (22.8%)
(RDMA_READ_CONSUME_CHECK_CONSUMER) timestamp=5856 ms, used_size=9336832 bytes (22.8%)
(RDMA_READ_CONSUME_CHECK_CONSUMER) timestamp=5856 ms, used_size=9334784 bytes (22.8%)
(RDMA_READ_CONSUME_CHECK_CONSUMER) timestamp=5856 ms, used_size=9332736 bytes (22.8%)
(RDMA_READ_CONSUME_CHECK_CONSUMER) timestamp=5856 ms, used_size=9330688 bytes (22.8%)
(RDMA_READ_CONSUME_CHECK_CONSUMER) timestamp=5856 ms, used_size=9328640 bytes (22.8%)
(RDMA_READ_CONSUME_CHECK_CONSUMER) timestamp=5856 ms, used_size=9326592 bytes (22.8%)
(RDMA_READ_CONSUME_CHECK_CONSUMER) timestamp=5856 ms, used_size=9324544 bytes (22.8%)
(RDMA_READ_CONSUME_CHECK_CONSUMER) timestamp=5856 ms, used_size=9322496 bytes (22.8%)
(RDMA_READ_CONSUME_CHECK_CONSUMER) timestamp=5856 ms, used_size=9320448 bytes (22.8%)
(RDMA_READ_CONSUME_CHECK_CONSUMER) timestamp=5856 ms, used_size=9318400 bytes (22.8%)
(RDMA_READ_CONSUME_CHECK_CONSUMER) timestamp=5856 ms, used_size=9316352 bytes (22.7%)
(RDMA_READ_CONSUME_CHECK_CONSUMER) timestamp=5856 ms, used_size=9314304 bytes (22.7%)
(RDMA_READ_CONSUME_CHECK_CONSUMER) timestamp=5856 ms, used_size=9312256 bytes (22.7%)
(RDMA_READ_CONSUME_CHECK_CONSUMER) timestamp=5856 ms, used_size=9310208 bytes (22.7%)
(RDMA_READ_CONSUME_CHECK_CONSUMER) timestamp=5856 ms, used_size=9308160 bytes (22.7%)
(RDMA_READ_CONSUME_CHECK_CONSUMER) timestamp=5856 ms, used_size=9306112 bytes (22.7%)
(RDMA_READ_CONSUME_CHECK_CONSUMER) timestamp=5856 ms, used_size=9304064 bytes (22.7%)
(RDMA_READ_CONSUME_CHECK_CONSUMER) timestamp=5856 ms, used_size=9302016 bytes (22.7%)
(RDMA_READ_CONSUME_CHECK_CONSUMER) timestamp=5856 ms, used_size=9299968 bytes (22.7%)
(RDMA_READ_CONSUME_CHECK_CONSUMER) timestamp=5856 ms, used_size=9297920 bytes (22.7%)
(RDMA_READ_CONSUME_CHECK_CONSUMER) timestamp=5856 ms, used_size=9295872 bytes (22.7%)
(RDMA_READ_CONSUME_CHECK_CONSUMER) timestamp=5856 ms, used_size=9293824 bytes (22.7%)
(RDMA_READ_CONSUME_CHECK_CONSUMER) timestamp=5856 ms, used_size=9291776 bytes (22.7%)
(RDMA_READ_CONSUME_CHECK_CONSUMER) timestamp=5856 ms, used_size=9289728 bytes (22.7%)
(RDMA_READ_CONSUME_CHECK_CONSUMER) timestamp=5856 ms, used_size=9287680 bytes (22.7%)
(RDMA_READ_CONSUME_CHECK_CONSUMER) timestamp=5856 ms, used_size=9285632 bytes (22.7%)
(RDMA_READ_CONSUME_CHECK_CONSUMER) timestamp=5856 ms, used_size=9283584 bytes (22.7%)
(RDMA_READ_CONSUME_CHECK_CONSUMER) timestamp=5856 ms, used_size=9281536 bytes (22.7%)
(RDMA_READ_CONSUME_CHECK_CONSUMER) timestamp=5856 ms, used_size=9279488 bytes (22.7%)
(RDMA_READ_CONSUME_CHECK_CONSUMER) timestamp=5856 ms, used_size=9277440 bytes (22.6%)
(RDMA_READ_CONSUME_CHECK_CONSUMER) timestamp=5856 ms, used_size=9275392 bytes (22.6%)
(RDMA_READ_CONSUME_CHECK_CONSUMER) timestamp=5856 ms, used_size=9273344 bytes (22.6%)
(RDMA_READ_CONSUME_CHECK_CONSUMER) timestamp=5856 ms, used_size=9271296 bytes (22.6%)
(RDMA_READ_CONSUME_CHECK_CONSUMER) timestamp=5856 ms, used_size=9269248 bytes (22.6%)
(RDMA_READ_CONSUME_CHECK_CONSUMER) timestamp=5856 ms, used_size=9267200 bytes (22.6%)
(RDMA_READ_CONSUME_CHECK_CONSUMER) timestamp=5856 ms, used_size=9265152 bytes (22.6%)
(RDMA_READ_CONSUME_CHECK_CONSUMER) timestamp=5856 ms, used_size=9263104 bytes (22.6%)
(RDMA_READ_CONSUME_CHECK_CONSUMER) timestamp=5856 ms, used_size=9261056 bytes (22.6%)
(RDMA_READ_CONSUME_CHECK_CONSUMER) timestamp=5856 ms, used_size=9259008 bytes (22.6%)
(RDMA_READ_CONSUME_CHECK_CONSUMER) timestamp=5856 ms, used_size=9256960 bytes (22.6%)
(RDMA_READ_CONSUME_CHECK_CONSUMER) timestamp=5856 ms, used_size=9254912 bytes (22.6%)
(RDMA_READ_CONSUME_CHECK_CONSUMER) timestamp=5856 ms, used_size=9252864 bytes (22.6%)
(RDMA_READ_CONSUME_CHECK_CONSUMER) timestamp=5856 ms, used_size=9250816 bytes (22.6%)
(RDMA_READ_CONSUME_CHECK_CONSUMER) timestamp=5856 ms, used_size=9248768 bytes (22.6%)
(RDMA_READ_CONSUME_CHECK_CONSUMER) timestamp=5856 ms, used_size=9246720 bytes (22.6%)
(RDMA_READ_CONSUME_CHECK_CONSUMER) timestamp=5856 ms, used_size=9244672 bytes (22.6%)
(RDMA_READ_CONSUME_CHECK_CONSUMER) timestamp=5856 ms, used_size=9242624 bytes (22.6%)
(RDMA_READ_CONSUME_CHECK_CONSUMER) timestamp=5856 ms, used_size=9240576 bytes (22.6%)
(RDMA_READ_CONSUME_CHECK_CONSUMER) timestamp=5856 ms, used_size=9238528 bytes (22.6%)
(RDMA_READ_CONSUME_CHECK_CONSUMER) timestamp=5856 ms, used_size=9236480 bytes (22.6%)
(RDMA_READ_CONSUME_CHECK_CONSUMER) timestamp=5856 ms, used_size=9234432 bytes (22.5%)
(RDMA_READ_CONSUME_CHECK_CONSUMER) timestamp=5856 ms, used_size=9232384 bytes (22.5%)
(RDMA_READ_CONSUME_CHECK_CONSUMER) timestamp=5856 ms, used_size=9230336 bytes (22.5%)
(RDMA_READ_CONSUME_CHECK_CONSUMER) timestamp=5857 ms, used_size=9228288 bytes (22.5%)
(RDMA_READ_CONSUME_CHECK_CONSUMER) timestamp=5857 ms, used_size=9226240 bytes (22.5%)
(RDMA_READ_CONSUME_CHECK_CONSUMER) timestamp=5857 ms, used_size=9224192 bytes (22.5%)
(RDMA_READ_CONSUME_CHECK_CONSUMER) timestamp=5857 ms, used_size=9222144 bytes (22.5%)
(RDMA_READ_CONSUME_CHECK_CONSUMER) timestamp=5857 ms, used_size=9220096 bytes (22.5%)
(RDMA_READ_CONSUME_CHECK_CONSUMER) timestamp=5857 ms, used_size=9218048 bytes (22.5%)
(RDMA_READ_CONSUME_CHECK_CONSUMER) timestamp=5857 ms, used_size=9216000 bytes (22.5%)
(RDMA_READ_CONSUME_CHECK_CONSUMER) timestamp=5857 ms, used_size=9213952 bytes (22.5%)
(RDMA_READ_CONSUME_CHECK_CONSUMER) timestamp=5857 ms, used_size=9211904 bytes (22.5%)
(RDMA_READ_CONSUME_CHECK_CONSUMER) timestamp=5857 ms, used_size=9209856 bytes (22.5%)
(RDMA_READ_CONSUME_CHECK_CONSUMER) timestamp=5857 ms, used_size=9207808 bytes (22.5%)
(RDMA_READ_CONSUME_CHECK_CONSUMER) timestamp=5857 ms, used_size=9205760 bytes (22.5%)
(RDMA_READ_CONSUME_CHECK_CONSUMER) timestamp=5857 ms, used_size=9203712 bytes (22.5%)
(RDMA_READ_CONSUME_CHECK_CONSUMER) timestamp=5857 ms, used_size=9201664 bytes (22.5%)
(RDMA_READ_CONSUME_CHECK_CONSUMER) timestamp=5857 ms, used_size=9199616 bytes (22.5%)
(RDMA_READ_CONSUME_CHECK_CONSUMER) timestamp=5857 ms, used_size=9197568 bytes (22.5%)
(RDMA_READ_CONSUME_CHECK_CONSUMER) timestamp=5857 ms, used_size=9195520 bytes (22.4%)
(RDMA_READ_CONSUME_CHECK_CONSUMER) timestamp=5857 ms, used_size=9193472 bytes (22.4%)
(RDMA_READ_CONSUME_CHECK_CONSUMER) timestamp=5857 ms, used_size=9191424 bytes (22.4%)
(RDMA_READ_CONSUME_CHECK_CONSUMER) timestamp=5857 ms, used_size=9189376 bytes (22.4%)
(RDMA_READ_CONSUME_CHECK_CONSUMER) timestamp=5857 ms, used_size=9187328 bytes (22.4%)
(RDMA_READ_CONSUME_CHECK_CONSUMER) timestamp=5857 ms, used_size=9185280 bytes (22.4%)
(RDMA_READ_CONSUME_CHECK_CONSUMER) timestamp=5857 ms, used_size=9183232 bytes (22.4%)
(RDMA_READ_CONSUME_CHECK_CONSUMER) timestamp=5857 ms, used_size=9181184 bytes (22.4%)
(RDMA_READ_CONSUME_CHECK_CONSUMER) timestamp=5857 ms, used_size=9179136 bytes (22.4%)
(RDMA_READ_CONSUME_CHECK_CONSUMER) timestamp=5857 ms, used_size=9177088 bytes (22.4%)
(RDMA_READ_CONSUME_CHECK_CONSUMER) timestamp=5857 ms, used_size=9175040 bytes (22.4%)
(RDMA_READ_CONSUME_CHECK_CONSUMER) timestamp=5857 ms, used_size=9172992 bytes (22.4%)
(RDMA_READ_CONSUME_CHECK_CONSUMER) timestamp=5857 ms, used_size=9170944 bytes (22.4%)
(RDMA_READ_CONSUME_CHECK_CONSUMER) timestamp=5857 ms, used_size=9168896 bytes (22.4%)
(RDMA_READ_CONSUME_CHECK_CONSUMER) timestamp=5857 ms, used_size=9166848 bytes (22.4%)
(RDMA_READ_CONSUME_CHECK_CONSUMER) timestamp=5857 ms, used_size=9164800 bytes (22.4%)
(RDMA_READ_CONSUME_CHECK_CONSUMER) timestamp=5857 ms, used_size=9162752 bytes (22.4%)
(RDMA_READ_CONSUME_CHECK_CONSUMER) timestamp=5857 ms, used_size=9160704 bytes (22.4%)
(RDMA_READ_CONSUME_CHECK_CONSUMER) timestamp=5857 ms, used_size=9158656 bytes (22.4%)
(RDMA_READ_CONSUME_CHECK_CONSUMER) timestamp=5857 ms, used_size=9156608 bytes (22.4%)
(RDMA_READ_CONSUME_CHECK_CONSUMER) timestamp=5857 ms, used_size=9154560 bytes (22.4%)
(RDMA_READ_CONSUME_CHECK_CONSUMER) timestamp=5857 ms, used_size=9152512 bytes (22.3%)
(RDMA_READ_CONSUME_CHECK_CONSUMER) timestamp=5857 ms, used_size=9150464 bytes (22.3%)
(RDMA_READ_CONSUME_CHECK_CONSUMER) timestamp=5857 ms, used_size=9148416 bytes (22.3%)
(RDMA_READ_CONSUME_CHECK_CONSUMER) timestamp=5857 ms, used_size=9146368 bytes (22.3%)
(RDMA_READ_CONSUME_CHECK_CONSUMER) timestamp=5857 ms, used_size=9144320 bytes (22.3%)
(RDMA_READ_CONSUME_CHECK_CONSUMER) timestamp=5857 ms, used_size=9142272 bytes (22.3%)
(RDMA_READ_CONSUME_CHECK_CONSUMER) timestamp=5857 ms, used_size=9140224 bytes (22.3%)
(RDMA_READ_CONSUME_CHECK_CONSUMER) timestamp=5857 ms, used_size=9138176 bytes (22.3%)
(RDMA_READ_CONSUME_CHECK_CONSUMER) timestamp=5857 ms, used_size=9136128 bytes (22.3%)
(RDMA_READ_CONSUME_CHECK_CONSUMER) timestamp=5857 ms, used_size=9134080 bytes (22.3%)
(RDMA_READ_CONSUME_CHECK_CONSUMER) timestamp=5857 ms, used_size=9132032 bytes (22.3%)
(RDMA_READ_CONSUME_CHECK_CONSUMER) timestamp=5857 ms, used_size=9129984 bytes (22.3%)
(RDMA_READ_CONSUME_CHECK_CONSUMER) timestamp=5857 ms, used_size=9127936 bytes (22.3%)
(RDMA_READ_CONSUME_CHECK_CONSUMER) timestamp=5857 ms, used_size=9125888 bytes (22.3%)
(RDMA_READ_CONSUME_CHECK_CONSUMER) timestamp=5857 ms, used_size=9123840 bytes (22.3%)
(RDMA_READ_CONSUME_CHECK_CONSUMER) timestamp=5857 ms, used_size=9121792 bytes (22.3%)
(RDMA_READ_CONSUME_CHECK_CONSUMER) timestamp=5857 ms, used_size=9119744 bytes (22.3%)
(RDMA_READ_CONSUME_CHECK_CONSUMER) timestamp=5857 ms, used_size=9117696 bytes (22.3%)
(RDMA_READ_CONSUME_CHECK_CONSUMER) timestamp=5857 ms, used_size=9115648 bytes (22.3%)
(RDMA_READ_CONSUME_CHECK_CONSUMER) timestamp=5857 ms, used_size=9113600 bytes (22.2%)
(RDMA_READ_CONSUME_CHECK_CONSUMER) timestamp=5857 ms, used_size=9111552 bytes (22.2%)
(RDMA_READ_CONSUME_CHECK_CONSUMER) timestamp=5857 ms, used_size=9109504 bytes (22.2%)
(RDMA_READ_CONSUME_CHECK_CONSUMER) timestamp=5857 ms, used_size=9107456 bytes (22.2%)
(RDMA_READ_CONSUME_CHECK_CONSUMER) timestamp=5857 ms, used_size=9105408 bytes (22.2%)
(RDMA_READ_CONSUME_CHECK_CONSUMER) timestamp=5857 ms, used_size=9103360 bytes (22.2%)
(RDMA_READ_CONSUME_CHECK_CONSUMER) timestamp=5857 ms, used_size=9101312 bytes (22.2%)
(RDMA_READ_CONSUME_CHECK_CONSUMER) timestamp=5857 ms, used_size=9099264 bytes (22.2%)
(RDMA_READ_CONSUME_CHECK_CONSUMER) timestamp=5857 ms, used_size=9097216 bytes (22.2%)
(RDMA_READ_CONSUME_CHECK_CONSUMER) timestamp=5857 ms, used_size=9095168 bytes (22.2%)
(RDMA_READ_CONSUME_CHECK_CONSUMER) timestamp=5857 ms, used_size=9093120 bytes (22.2%)
(RDMA_READ_CONSUME_CHECK_CONSUMER) timestamp=5857 ms, used_size=9091072 bytes (22.2%)
(RDMA_READ_CONSUME_CHECK_CONSUMER) timestamp=5857 ms, used_size=9089024 bytes (22.2%)
(RDMA_READ_CONSUME_CHECK_CONSUMER) timestamp=5857 ms, used_size=9086976 bytes (22.2%)
(RDMA_READ_CONSUME_CHECK_CONSUMER) timestamp=5857 ms, used_size=9084928 bytes (22.2%)
(RDMA_READ_CONSUME_CHECK_CONSUMER) timestamp=5857 ms, used_size=9082880 bytes (22.2%)
(RDMA_READ_CONSUME_CHECK_CONSUMER) timestamp=5857 ms, used_size=9080832 bytes (22.2%)
(RDMA_READ_CONSUME_CHECK_CONSUMER) timestamp=5857 ms, used_size=9078784 bytes (22.2%)
(RDMA_READ_CONSUME_CHECK_CONSUMER) timestamp=5857 ms, used_size=9076736 bytes (22.2%)
(RDMA_READ_CONSUME_CHECK_CONSUMER) timestamp=5857 ms, used_size=9074688 bytes (22.2%)
(RDMA_READ_CONSUME_CHECK_CONSUMER) timestamp=5857 ms, used_size=9072640 bytes (22.1%)
(RDMA_READ_CONSUME_CHECK_CONSUMER) timestamp=5857 ms, used_size=9070592 bytes (22.1%)
(RDMA_READ_CONSUME_CHECK_CONSUMER) timestamp=5857 ms, used_size=9068544 bytes (22.1%)
(RDMA_READ_CONSUME_CHECK_CONSUMER) timestamp=5857 ms, used_size=9066496 bytes (22.1%)
(RDMA_READ_CONSUME_CHECK_CONSUMER) timestamp=5857 ms, used_size=9064448 bytes (22.1%)
(RDMA_READ_CONSUME_CHECK_CONSUMER) timestamp=5857 ms, used_size=9062400 bytes (22.1%)
(RDMA_READ_CONSUME_CHECK_CONSUMER) timestamp=5857 ms, used_size=9060352 bytes (22.1%)
(RDMA_READ_CONSUME_CHECK_CONSUMER) timestamp=5857 ms, used_size=9058304 bytes (22.1%)
(RDMA_READ_CONSUME_CHECK_CONSUMER) timestamp=5857 ms, used_size=9056256 bytes (22.1%)
(RDMA_READ_CONSUME_CHECK_CONSUMER) timestamp=5857 ms, used_size=9054208 bytes (22.1%)
(RDMA_READ_CONSUME_CHECK_CONSUMER) timestamp=5857 ms, used_size=9052160 bytes (22.1%)
(RDMA_READ_CONSUME_CHECK_CONSUMER) timestamp=5857 ms, used_size=9050112 bytes (22.1%)
(RDMA_READ_CONSUME_CHECK_CONSUMER) timestamp=5857 ms, used_size=9048064 bytes (22.1%)
(RDMA_READ_CONSUME_CHECK_CONSUMER) timestamp=5857 ms, used_size=9046016 bytes (22.1%)
(RDMA_READ_CONSUME_CHECK_CONSUMER) timestamp=5857 ms, used_size=9043968 bytes (22.1%)
(RDMA_READ_CONSUME_CHECK_CONSUMER) timestamp=5857 ms, used_size=9041920 bytes (22.1%)
(RDMA_READ_CONSUME_CHECK_CONSUMER) timestamp=5857 ms, used_size=9039872 bytes (22.1%)
(RDMA_READ_CONSUME_CHECK_CONSUMER) timestamp=5857 ms, used_size=9037824 bytes (22.1%)
(RDMA_READ_CONSUME_CHECK_CONSUMER) timestamp=5857 ms, used_size=9035776 bytes (22.1%)
(RDMA_READ_CONSUME_CHECK_CONSUMER) timestamp=5857 ms, used_size=9033728 bytes (22.1%)
(RDMA_READ_CONSUME_CHECK_CONSUMER) timestamp=5857 ms, used_size=9031680 bytes (22.1%)
(RDMA_READ_CONSUME_CHECK_CONSUMER) timestamp=5857 ms, used_size=9029632 bytes (22.0%)
(RDMA_READ_CONSUME_CHECK_CONSUMER) timestamp=5857 ms, used_size=9027584 bytes (22.0%)
(RDMA_READ_CONSUME_CHECK_CONSUMER) timestamp=5857 ms, used_size=9025536 bytes (22.0%)
(RDMA_READ_CONSUME_CHECK_CONSUMER) timestamp=5857 ms, used_size=9023488 bytes (22.0%)
(RDMA_READ_CONSUME_CHECK_CONSUMER) timestamp=5857 ms, used_size=9021440 bytes (22.0%)
(RDMA_READ_CONSUME_CHECK_CONSUMER) timestamp=5857 ms, used_size=9019392 bytes (22.0%)
(RDMA_READ_CONSUME_CHECK_CONSUMER) timestamp=5857 ms, used_size=9017344 bytes (22.0%)
(RDMA_READ_CONSUME_CHECK_CONSUMER) timestamp=5857 ms, used_size=9015296 bytes (22.0%)
(RDMA_READ_CONSUME_CHECK_CONSUMER) timestamp=5857 ms, used_size=9013248 bytes (22.0%)
(RDMA_READ_CONSUME_CHECK_CONSUMER) timestamp=5857 ms, used_size=9011200 bytes (22.0%)
(RDMA_READ_CONSUME_CHECK_CONSUMER) timestamp=5857 ms, used_size=9009152 bytes (22.0%)
(RDMA_READ_CONSUME_CHECK_CONSUMER) timestamp=5857 ms, used_size=9007104 bytes (22.0%)
(RDMA_READ_CONSUME_CHECK_CONSUMER) timestamp=5857 ms, used_size=9005056 bytes (22.0%)
(RDMA_READ_CONSUME_CHECK_CONSUMER) timestamp=5857 ms, used_size=9003008 bytes (22.0%)
(RDMA_READ_CONSUME_CHECK_CONSUMER) timestamp=5857 ms, used_size=9000960 bytes (22.0%)
(RDMA_READ_CONSUME_CHECK_CONSUMER) timestamp=5857 ms, used_size=8998912 bytes (22.0%)
(RDMA_READ_CONSUME_CHECK_CONSUMER) timestamp=5857 ms, used_size=8996864 bytes (22.0%)
(RDMA_READ_CONSUME_CHECK_CONSUMER) timestamp=5857 ms, used_size=8994816 bytes (22.0%)
(RDMA_READ_CONSUME_CHECK_CONSUMER) timestamp=5857 ms, used_size=8992768 bytes (22.0%)
(RDMA_READ_CONSUME_CHECK_CONSUMER) timestamp=5857 ms, used_size=8990720 bytes (21.9%)
(RDMA_READ_CONSUME_CHECK_CONSUMER) timestamp=5857 ms, used_size=8988672 bytes (21.9%)
(RDMA_READ_CONSUME_CHECK_CONSUMER) timestamp=5857 ms, used_size=8986624 bytes (21.9%)
(RDMA_READ_CONSUME_CHECK_CONSUMER) timestamp=5857 ms, used_size=8984576 bytes (21.9%)
(RDMA_READ_CONSUME_CHECK_CONSUMER) timestamp=5857 ms, used_size=8982528 bytes (21.9%)
(RDMA_READ_CONSUME_CHECK_CONSUMER) timestamp=5857 ms, used_size=8980480 bytes (21.9%)
(RDMA_READ_CONSUME_CHECK_CONSUMER) timestamp=5857 ms, used_size=8978432 bytes (21.9%)
(RDMA_READ_CONSUME_CHECK_CONSUMER) timestamp=5857 ms, used_size=8976384 bytes (21.9%)
(RDMA_READ_CONSUME_CHECK_CONSUMER) timestamp=5857 ms, used_size=8974336 bytes (21.9%)
(RDMA_READ_CONSUME_CHECK_CONSUMER) timestamp=5857 ms, used_size=8972288 bytes (21.9%)
(RDMA_READ_CONSUME_CHECK_CONSUMER) timestamp=5857 ms, used_size=8970240 bytes (21.9%)
(RDMA_READ_CONSUME_CHECK_CONSUMER) timestamp=5857 ms, used_size=8968192 bytes (21.9%)
(RDMA_READ_CONSUME_CHECK_CONSUMER) timestamp=5857 ms, used_size=8966144 bytes (21.9%)
(RDMA_READ_CONSUME_CHECK_CONSUMER) timestamp=5857 ms, used_size=8964096 bytes (21.9%)
(RDMA_READ_CONSUME_CHECK_CONSUMER) timestamp=5857 ms, used_size=8962048 bytes (21.9%)
(RDMA_READ_CONSUME_CHECK_CONSUMER) timestamp=5857 ms, used_size=8960000 bytes (21.9%)
(RDMA_READ_CONSUME_CHECK_CONSUMER) timestamp=5857 ms, used_size=8957952 bytes (21.9%)
(RDMA_READ_CONSUME_CHECK_CONSUMER) timestamp=5857 ms, used_size=8955904 bytes (21.9%)
(RDMA_READ_CONSUME_CHECK_CONSUMER) timestamp=5857 ms, used_size=8953856 bytes (21.9%)
(RDMA_READ_CONSUME_CHECK_CONSUMER) timestamp=5857 ms, used_size=8951808 bytes (21.9%)
(RDMA_READ_CONSUME_CHECK_CONSUMER) timestamp=5857 ms, used_size=8949760 bytes (21.9%)
(RDMA_READ_CONSUME_CHECK_CONSUMER) timestamp=5857 ms, used_size=8947712 bytes (21.8%)
(RDMA_READ_CONSUME_CHECK_CONSUMER) timestamp=5857 ms, used_size=8945664 bytes (21.8%)
(RDMA_READ_CONSUME_CHECK_CONSUMER) timestamp=5857 ms, used_size=8943616 bytes (21.8%)
(RDMA_READ_CONSUME_CHECK_CONSUMER) timestamp=5857 ms, used_size=8941568 bytes (21.8%)
(RDMA_READ_CONSUME_CHECK_CONSUMER) timestamp=5857 ms, used_size=8939520 bytes (21.8%)
(RDMA_READ_CONSUME_CHECK_CONSUMER) timestamp=5857 ms, used_size=8937472 bytes (21.8%)
(RDMA_READ_CONSUME_CHECK_CONSUMER) timestamp=5857 ms, used_size=8935424 bytes (21.8%)
(RDMA_READ_CONSUME_CHECK_CONSUMER) timestamp=5857 ms, used_size=8933376 bytes (21.8%)
(RDMA_READ_CONSUME_CHECK_CONSUMER) timestamp=5857 ms, used_size=8931328 bytes (21.8%)
(RDMA_READ_CONSUME_CHECK_CONSUMER) timestamp=5857 ms, used_size=8929280 bytes (21.8%)
(RDMA_READ_CONSUME_CHECK_CONSUMER) timestamp=5857 ms, used_size=8927232 bytes (21.8%)
(RDMA_READ_CONSUME_CHECK_CONSUMER) timestamp=5857 ms, used_size=8925184 bytes (21.8%)
(RDMA_READ_CONSUME_CHECK_CONSUMER) timestamp=5857 ms, used_size=8923136 bytes (21.8%)
(RDMA_READ_CONSUME_CHECK_CONSUMER) timestamp=5857 ms, used_size=8921088 bytes (21.8%)
(RDMA_READ_CONSUME_CHECK_CONSUMER) timestamp=5857 ms, used_size=8919040 bytes (21.8%)
(RDMA_READ_CONSUME_CHECK_CONSUMER) timestamp=5857 ms, used_size=8916992 bytes (21.8%)
(RDMA_READ_CONSUME_CHECK_CONSUMER) timestamp=5857 ms, used_size=8914944 bytes (21.8%)
(RDMA_READ_CONSUME_CHECK_CONSUMER) timestamp=5857 ms, used_size=8912896 bytes (21.8%)
(RDMA_READ_CONSUME_CHECK_CONSUMER) timestamp=5857 ms, used_size=8910848 bytes (21.8%)
(RDMA_READ_CONSUME_CHECK_CONSUMER) timestamp=5857 ms, used_size=8908800 bytes (21.8%)
(RDMA_READ_CONSUME_CHECK_CONSUMER) timestamp=5857 ms, used_size=8906752 bytes (21.7%)
(RDMA_READ_CONSUME_CHECK_CONSUMER) timestamp=5857 ms, used_size=8904704 bytes (21.7%)
(RDMA_READ_CONSUME_CHECK_CONSUMER) timestamp=5857 ms, used_size=8902656 bytes (21.7%)
(RDMA_READ_CONSUME_CHECK_CONSUMER) timestamp=5857 ms, used_size=8900608 bytes (21.7%)
(RDMA_READ_CONSUME_CHECK_CONSUMER) timestamp=5858 ms, used_size=8898560 bytes (21.7%)
(RDMA_READ_CONSUME_CHECK_CONSUMER) timestamp=5858 ms, used_size=8896512 bytes (21.7%)
(RDMA_READ_CONSUME_CHECK_CONSUMER) timestamp=5858 ms, used_size=8894464 bytes (21.7%)
(RDMA_READ_CONSUME_CHECK_CONSUMER) timestamp=5858 ms, used_size=8892416 bytes (21.7%)
(RDMA_READ_CONSUME_CHECK_CONSUMER) timestamp=5858 ms, used_size=8890368 bytes (21.7%)
(RDMA_READ_CONSUME_CHECK_CONSUMER) timestamp=5858 ms, used_size=8888320 bytes (21.7%)
(RDMA_READ_CONSUME_CHECK_CONSUMER) timestamp=5858 ms, used_size=8886272 bytes (21.7%)
(RDMA_READ_CONSUME_CHECK_CONSUMER) timestamp=5858 ms, used_size=8884224 bytes (21.7%)
(RDMA_READ_CONSUME_CHECK_CONSUMER) timestamp=5858 ms, used_size=8882176 bytes (21.7%)
(RDMA_READ_CONSUME_CHECK_CONSUMER) timestamp=5858 ms, used_size=8880128 bytes (21.7%)
(RDMA_READ_CONSUME_CHECK_CONSUMER) timestamp=5858 ms, used_size=8878080 bytes (21.7%)
(RDMA_READ_CONSUME_CHECK_CONSUMER) timestamp=5858 ms, used_size=8876032 bytes (21.7%)
(RDMA_READ_CONSUME_CHECK_CONSUMER) timestamp=5858 ms, used_size=8873984 bytes (21.7%)
(RDMA_READ_CONSUME_CHECK_CONSUMER) timestamp=5858 ms, used_size=8871936 bytes (21.7%)
(RDMA_READ_CONSUME_CHECK_CONSUMER) timestamp=5858 ms, used_size=8869888 bytes (21.7%)
(RDMA_READ_CONSUME_CHECK_CONSUMER) timestamp=5858 ms, used_size=8867840 bytes (21.6%)
(RDMA_READ_CONSUME_CHECK_CONSUMER) timestamp=5858 ms, used_size=8865792 bytes (21.6%)
(RDMA_READ_CONSUME_CHECK_CONSUMER) timestamp=5858 ms, used_size=8863744 bytes (21.6%)
(RDMA_READ_CONSUME_CHECK_CONSUMER) timestamp=5858 ms, used_size=8861696 bytes (21.6%)
(RDMA_READ_CONSUME_CHECK_CONSUMER) timestamp=5858 ms, used_size=8859648 bytes (21.6%)
(RDMA_READ_CONSUME_CHECK_CONSUMER) timestamp=5858 ms, used_size=8857600 bytes (21.6%)
(RDMA_READ_CONSUME_CHECK_CONSUMER) timestamp=5858 ms, used_size=8855552 bytes (21.6%)
(RDMA_READ_CONSUME_CHECK_CONSUMER) timestamp=5858 ms, used_size=8853504 bytes (21.6%)
(RDMA_READ_CONSUME_CHECK_CONSUMER) timestamp=5858 ms, used_size=8851456 bytes (21.6%)
(RDMA_READ_CONSUME_CHECK_CONSUMER) timestamp=5858 ms, used_size=8849408 bytes (21.6%)
(RDMA_READ_CONSUME_CHECK_CONSUMER) timestamp=5858 ms, used_size=8847360 bytes (21.6%)
(RDMA_READ_CONSUME_CHECK_CONSUMER) timestamp=5858 ms, used_size=8845312 bytes (21.6%)
(RDMA_READ_CONSUME_CHECK_CONSUMER) timestamp=5858 ms, used_size=8843264 bytes (21.6%)
(RDMA_READ_CONSUME_CHECK_CONSUMER) timestamp=5858 ms, used_size=8841216 bytes (21.6%)
(RDMA_READ_CONSUME_CHECK_CONSUMER) timestamp=5858 ms, used_size=8839168 bytes (21.6%)
(RDMA_READ_CONSUME_CHECK_CONSUMER) timestamp=5858 ms, used_size=8837120 bytes (21.6%)
(RDMA_READ_CONSUME_CHECK_CONSUMER) timestamp=5858 ms, used_size=8835072 bytes (21.6%)
(RDMA_READ_CONSUME_CHECK_CONSUMER) timestamp=5858 ms, used_size=8833024 bytes (21.6%)
(RDMA_READ_CONSUME_CHECK_CONSUMER) timestamp=5858 ms, used_size=8830976 bytes (21.6%)
(RDMA_READ_CONSUME_CHECK_CONSUMER) timestamp=5858 ms, used_size=8828928 bytes (21.6%)
(RDMA_READ_CONSUME_CHECK_CONSUMER) timestamp=5858 ms, used_size=8826880 bytes (21.6%)
(RDMA_READ_CONSUME_CHECK_CONSUMER) timestamp=5858 ms, used_size=8824832 bytes (21.5%)
(RDMA_READ_CONSUME_CHECK_CONSUMER) timestamp=5858 ms, used_size=8822784 bytes (21.5%)
(RDMA_READ_CONSUME_CHECK_CONSUMER) timestamp=5858 ms, used_size=8820736 bytes (21.5%)
(RDMA_READ_CONSUME_CHECK_CONSUMER) timestamp=5858 ms, used_size=8818688 bytes (21.5%)
(RDMA_READ_CONSUME_CHECK_CONSUMER) timestamp=5858 ms, used_size=8816640 bytes (21.5%)
(RDMA_READ_CONSUME_CHECK_CONSUMER) timestamp=5858 ms, used_size=8814592 bytes (21.5%)
(RDMA_READ_CONSUME_CHECK_CONSUMER) timestamp=5858 ms, used_size=8812544 bytes (21.5%)
(RDMA_READ_CONSUME_CHECK_CONSUMER) timestamp=5858 ms, used_size=8810496 bytes (21.5%)
(RDMA_READ_CONSUME_CHECK_CONSUMER) timestamp=5858 ms, used_size=8808448 bytes (21.5%)
(RDMA_READ_CONSUME_CHECK_CONSUMER) timestamp=5858 ms, used_size=8806400 bytes (21.5%)
(RDMA_READ_CONSUME_CHECK_CONSUMER) timestamp=5858 ms, used_size=8804352 bytes (21.5%)
(RDMA_READ_CONSUME_CHECK_CONSUMER) timestamp=5858 ms, used_size=8802304 bytes (21.5%)
(RDMA_READ_CONSUME_CHECK_CONSUMER) timestamp=5858 ms, used_size=8800256 bytes (21.5%)
(RDMA_READ_CONSUME_CHECK_CONSUMER) timestamp=5858 ms, used_size=8798208 bytes (21.5%)
(RDMA_READ_CONSUME_CHECK_CONSUMER) timestamp=5858 ms, used_size=8796160 bytes (21.5%)
(RDMA_READ_CONSUME_CHECK_CONSUMER) timestamp=5858 ms, used_size=8794112 bytes (21.5%)
(RDMA_READ_CONSUME_CHECK_CONSUMER) timestamp=5858 ms, used_size=8792064 bytes (21.5%)
(RDMA_READ_CONSUME_CHECK_CONSUMER) timestamp=5858 ms, used_size=8790016 bytes (21.5%)
(RDMA_READ_CONSUME_CHECK_CONSUMER) timestamp=5858 ms, used_size=8787968 bytes (21.5%)
(RDMA_READ_CONSUME_CHECK_CONSUMER) timestamp=5858 ms, used_size=8785920 bytes (21.4%)
(RDMA_READ_CONSUME_CHECK_CONSUMER) timestamp=5858 ms, used_size=8783872 bytes (21.4%)
(RDMA_READ_CONSUME_CHECK_CONSUMER) timestamp=5858 ms, used_size=8781824 bytes (21.4%)
(RDMA_READ_CONSUME_CHECK_CONSUMER) timestamp=5858 ms, used_size=8779776 bytes (21.4%)
(RDMA_READ_CONSUME_CHECK_CONSUMER) timestamp=5858 ms, used_size=8777728 bytes (21.4%)
(RDMA_READ_CONSUME_CHECK_CONSUMER) timestamp=5858 ms, used_size=8775680 bytes (21.4%)
(RDMA_READ_CONSUME_CHECK_CONSUMER) timestamp=5858 ms, used_size=8773632 bytes (21.4%)
(RDMA_READ_CONSUME_CHECK_CONSUMER) timestamp=5858 ms, used_size=8771584 bytes (21.4%)
(RDMA_READ_CONSUME_CHECK_CONSUMER) timestamp=5858 ms, used_size=8769536 bytes (21.4%)
(RDMA_READ_CONSUME_CHECK_CONSUMER) timestamp=5858 ms, used_size=8767488 bytes (21.4%)
(RDMA_READ_CONSUME_CHECK_CONSUMER) timestamp=5858 ms, used_size=8765440 bytes (21.4%)
(RDMA_READ_CONSUME_CHECK_CONSUMER) timestamp=5858 ms, used_size=8763392 bytes (21.4%)
(RDMA_READ_CONSUME_CHECK_CONSUMER) timestamp=5858 ms, used_size=8761344 bytes (21.4%)
(RDMA_READ_CONSUME_CHECK_CONSUMER) timestamp=5858 ms, used_size=8759296 bytes (21.4%)
(RDMA_READ_CONSUME_CHECK_CONSUMER) timestamp=5858 ms, used_size=8757248 bytes (21.4%)
(RDMA_READ_CONSUME_CHECK_CONSUMER) timestamp=5858 ms, used_size=8755200 bytes (21.4%)
(RDMA_READ_CONSUME_CHECK_CONSUMER) timestamp=5858 ms, used_size=8753152 bytes (21.4%)
(RDMA_READ_CONSUME_CHECK_CONSUMER) timestamp=5858 ms, used_size=8751104 bytes (21.4%)
(RDMA_READ_CONSUME_CHECK_CONSUMER) timestamp=5858 ms, used_size=8749056 bytes (21.4%)
(RDMA_READ_CONSUME_CHECK_CONSUMER) timestamp=5858 ms, used_size=8747008 bytes (21.4%)
(RDMA_READ_CONSUME_CHECK_CONSUMER) timestamp=5858 ms, used_size=8744960 bytes (21.4%)
(RDMA_READ_CONSUME_CHECK_CONSUMER) timestamp=5858 ms, used_size=8742912 bytes (21.3%)
(RDMA_READ_CONSUME_CHECK_CONSUMER) timestamp=5858 ms, used_size=8740864 bytes (21.3%)
(RDMA_READ_CONSUME_CHECK_CONSUMER) timestamp=5858 ms, used_size=8738816 bytes (21.3%)
(RDMA_READ_CONSUME_CHECK_CONSUMER) timestamp=5858 ms, used_size=8736768 bytes (21.3%)
(RDMA_READ_CONSUME_CHECK_CONSUMER) timestamp=5858 ms, used_size=8734720 bytes (21.3%)
(RDMA_READ_CONSUME_CHECK_CONSUMER) timestamp=5858 ms, used_size=8732672 bytes (21.3%)
(RDMA_READ_CONSUME_CHECK_CONSUMER) timestamp=5858 ms, used_size=8730624 bytes (21.3%)
(RDMA_READ_CONSUME_CHECK_CONSUMER) timestamp=5858 ms, used_size=8728576 bytes (21.3%)
(RDMA_READ_CONSUME_CHECK_CONSUMER) timestamp=5858 ms, used_size=8726528 bytes (21.3%)
(RDMA_READ_CONSUME_CHECK_CONSUMER) timestamp=5858 ms, used_size=8724480 bytes (21.3%)
(RDMA_READ_CONSUME_CHECK_CONSUMER) timestamp=5858 ms, used_size=8722432 bytes (21.3%)
(RDMA_READ_CONSUME_CHECK_CONSUMER) timestamp=5858 ms, used_size=8720384 bytes (21.3%)
(RDMA_READ_CONSUME_CHECK_CONSUMER) timestamp=5858 ms, used_size=8718336 bytes (21.3%)
(RDMA_READ_CONSUME_CHECK_CONSUMER) timestamp=5858 ms, used_size=8716288 bytes (21.3%)
(RDMA_READ_CONSUME_CHECK_CONSUMER) timestamp=5858 ms, used_size=8714240 bytes (21.3%)
(RDMA_READ_CONSUME_CHECK_CONSUMER) timestamp=5858 ms, used_size=8712192 bytes (21.3%)
(RDMA_READ_CONSUME_CHECK_CONSUMER) timestamp=5858 ms, used_size=8710144 bytes (21.3%)
(RDMA_READ_CONSUME_CHECK_CONSUMER) timestamp=5858 ms, used_size=8708096 bytes (21.3%)
(RDMA_READ_CONSUME_CHECK_CONSUMER) timestamp=5858 ms, used_size=8706048 bytes (21.3%)
(RDMA_READ_CONSUME_CHECK_CONSUMER) timestamp=5858 ms, used_size=8704000 bytes (21.2%)
(RDMA_READ_CONSUME_CHECK_CONSUMER) timestamp=5858 ms, used_size=8701952 bytes (21.2%)
(RDMA_READ_CONSUME_CHECK_CONSUMER) timestamp=5858 ms, used_size=8699904 bytes (21.2%)
(RDMA_READ_CONSUME_CHECK_CONSUMER) timestamp=5858 ms, used_size=8697856 bytes (21.2%)
(RDMA_READ_CONSUME_CHECK_CONSUMER) timestamp=5858 ms, used_size=8695808 bytes (21.2%)
(RDMA_READ_CONSUME_CHECK_CONSUMER) timestamp=5858 ms, used_size=8693760 bytes (21.2%)
(RDMA_READ_CONSUME_CHECK_CONSUMER) timestamp=5858 ms, used_size=8691712 bytes (21.2%)
(RDMA_READ_CONSUME_CHECK_CONSUMER) timestamp=5858 ms, used_size=8689664 bytes (21.2%)
(RDMA_READ_CONSUME_CHECK_CONSUMER) timestamp=5858 ms, used_size=8687616 bytes (21.2%)
(RDMA_READ_CONSUME_CHECK_CONSUMER) timestamp=5858 ms, used_size=8685568 bytes (21.2%)
(RDMA_READ_CONSUME_CHECK_CONSUMER) timestamp=5858 ms, used_size=8683520 bytes (21.2%)
(RDMA_READ_CONSUME_CHECK_CONSUMER) timestamp=5858 ms, used_size=8681472 bytes (21.2%)
(RDMA_READ_CONSUME_CHECK_CONSUMER) timestamp=5858 ms, used_size=8679424 bytes (21.2%)
(RDMA_READ_CONSUME_CHECK_CONSUMER) timestamp=5858 ms, used_size=8677376 bytes (21.2%)
(RDMA_READ_CONSUME_CHECK_CONSUMER) timestamp=5858 ms, used_size=8675328 bytes (21.2%)
(RDMA_READ_CONSUME_CHECK_CONSUMER) timestamp=5858 ms, used_size=8673280 bytes (21.2%)
(RDMA_READ_CONSUME_CHECK_CONSUMER) timestamp=5858 ms, used_size=8671232 bytes (21.2%)
(RDMA_READ_CONSUME_CHECK_CONSUMER) timestamp=5858 ms, used_size=8669184 bytes (21.2%)
(RDMA_READ_CONSUME_CHECK_CONSUMER) timestamp=5858 ms, used_size=8667136 bytes (21.2%)
(RDMA_READ_CONSUME_CHECK_CONSUMER) timestamp=5858 ms, used_size=8665088 bytes (21.2%)
(RDMA_READ_CONSUME_CHECK_CONSUMER) timestamp=5858 ms, used_size=8663040 bytes (21.1%)
(RDMA_READ_CONSUME_CHECK_CONSUMER) timestamp=5858 ms, used_size=8660992 bytes (21.1%)
(RDMA_READ_CONSUME_CHECK_CONSUMER) timestamp=5858 ms, used_size=8658944 bytes (21.1%)
(RDMA_READ_CONSUME_CHECK_CONSUMER) timestamp=5858 ms, used_size=8656896 bytes (21.1%)
(RDMA_READ_CONSUME_CHECK_CONSUMER) timestamp=5858 ms, used_size=8654848 bytes (21.1%)
(RDMA_READ_CONSUME_CHECK_CONSUMER) timestamp=5858 ms, used_size=8652800 bytes (21.1%)
(RDMA_READ_CONSUME_CHECK_CONSUMER) timestamp=5858 ms, used_size=8650752 bytes (21.1%)
(RDMA_READ_CONSUME_CHECK_CONSUMER) timestamp=5858 ms, used_size=8648704 bytes (21.1%)
(RDMA_READ_CONSUME_CHECK_CONSUMER) timestamp=5858 ms, used_size=8646656 bytes (21.1%)
(RDMA_READ_CONSUME_CHECK_CONSUMER) timestamp=5858 ms, used_size=8644608 bytes (21.1%)
(RDMA_READ_CONSUME_CHECK_CONSUMER) timestamp=5858 ms, used_size=8642560 bytes (21.1%)
(RDMA_READ_CONSUME_CHECK_CONSUMER) timestamp=5858 ms, used_size=8640512 bytes (21.1%)
(RDMA_READ_CONSUME_CHECK_CONSUMER) timestamp=5858 ms, used_size=8638464 bytes (21.1%)
(RDMA_READ_CONSUME_CHECK_CONSUMER) timestamp=5858 ms, used_size=8636416 bytes (21.1%)
(RDMA_READ_CONSUME_CHECK_CONSUMER) timestamp=5858 ms, used_size=8634368 bytes (21.1%)
(RDMA_READ_CONSUME_CHECK_CONSUMER) timestamp=5858 ms, used_size=8632320 bytes (21.1%)
(RDMA_READ_CONSUME_CHECK_CONSUMER) timestamp=5858 ms, used_size=8630272 bytes (21.1%)
(RDMA_READ_CONSUME_CHECK_CONSUMER) timestamp=5858 ms, used_size=8628224 bytes (21.1%)
(RDMA_READ_CONSUME_CHECK_CONSUMER) timestamp=5858 ms, used_size=8626176 bytes (21.1%)
(RDMA_READ_CONSUME_CHECK_CONSUMER) timestamp=5858 ms, used_size=8624128 bytes (21.1%)
(RDMA_READ_CONSUME_CHECK_CONSUMER) timestamp=5858 ms, used_size=8622080 bytes (21.1%)
(RDMA_READ_CONSUME_CHECK_CONSUMER) timestamp=5858 ms, used_size=8620032 bytes (21.0%)
(RDMA_READ_CONSUME_CHECK_CONSUMER) timestamp=5858 ms, used_size=8617984 bytes (21.0%)
(RDMA_READ_CONSUME_CHECK_CONSUMER) timestamp=5858 ms, used_size=8615936 bytes (21.0%)
(RDMA_READ_CONSUME_CHECK_CONSUMER) timestamp=5858 ms, used_size=8613888 bytes (21.0%)
(RDMA_READ_CONSUME_CHECK_CONSUMER) timestamp=5858 ms, used_size=8611840 bytes (21.0%)
(RDMA_READ_CONSUME_CHECK_CONSUMER) timestamp=5858 ms, used_size=8609792 bytes (21.0%)
(RDMA_READ_CONSUME_CHECK_CONSUMER) timestamp=5858 ms, used_size=8607744 bytes (21.0%)
(RDMA_READ_CONSUME_CHECK_CONSUMER) timestamp=5858 ms, used_size=8605696 bytes (21.0%)
(RDMA_READ_CONSUME_CHECK_CONSUMER) timestamp=5858 ms, used_size=8603648 bytes (21.0%)
(RDMA_READ_CONSUME_CHECK_CONSUMER) timestamp=5858 ms, used_size=8601600 bytes (21.0%)
(RDMA_READ_CONSUME_CHECK_CONSUMER) timestamp=5858 ms, used_size=8599552 bytes (21.0%)
(RDMA_READ_CONSUME_CHECK_CONSUMER) timestamp=5858 ms, used_size=8597504 bytes (21.0%)
(RDMA_READ_CONSUME_CHECK_CONSUMER) timestamp=5858 ms, used_size=8595456 bytes (21.0%)
(RDMA_READ_CONSUME_CHECK_CONSUMER) timestamp=5858 ms, used_size=8593408 bytes (21.0%)
(RDMA_READ_CONSUME_CHECK_CONSUMER) timestamp=5858 ms, used_size=8591360 bytes (21.0%)
(RDMA_READ_CONSUME_CHECK_CONSUMER) timestamp=5858 ms, used_size=8589312 bytes (21.0%)
(RDMA_READ_CONSUME_CHECK_CONSUMER) timestamp=5858 ms, used_size=8587264 bytes (21.0%)
(RDMA_READ_CONSUME_CHECK_CONSUMER) timestamp=5858 ms, used_size=8585216 bytes (21.0%)
(RDMA_READ_CONSUME_CHECK_CONSUMER) timestamp=5858 ms, used_size=8583168 bytes (21.0%)
(RDMA_READ_CONSUME_CHECK_CONSUMER) timestamp=5858 ms, used_size=8581120 bytes (20.9%)
(RDMA_READ_CONSUME_CHECK_CONSUMER) timestamp=5858 ms, used_size=8579072 bytes (20.9%)
(RDMA_READ_CONSUME_CHECK_CONSUMER) timestamp=5858 ms, used_size=8577024 bytes (20.9%)
(RDMA_READ_CONSUME_CHECK_CONSUMER) timestamp=5858 ms, used_size=8574976 bytes (20.9%)
(RDMA_READ_CONSUME_CHECK_CONSUMER) timestamp=5858 ms, used_size=8572928 bytes (20.9%)
(RDMA_READ_CONSUME_CHECK_CONSUMER) timestamp=5858 ms, used_size=8570880 bytes (20.9%)
(RDMA_READ_CONSUME_CHECK_CONSUMER) timestamp=5858 ms, used_size=8568832 bytes (20.9%)
(RDMA_READ_CONSUME_CHECK_CONSUMER) timestamp=5858 ms, used_size=8566784 bytes (20.9%)
(RDMA_READ_CONSUME_CHECK_CONSUMER) timestamp=5858 ms, used_size=8564736 bytes (20.9%)
(RDMA_READ_CONSUME_CHECK_CONSUMER) timestamp=5859 ms, used_size=8562688 bytes (20.9%)
(RDMA_READ_CONSUME_CHECK_CONSUMER) timestamp=5859 ms, used_size=8560640 bytes (20.9%)
(RDMA_READ_CONSUME_CHECK_CONSUMER) timestamp=5859 ms, used_size=8558592 bytes (20.9%)
(RDMA_READ_CONSUME_CHECK_CONSUMER) timestamp=5859 ms, used_size=8556544 bytes (20.9%)
(RDMA_READ_CONSUME_CHECK_CONSUMER) timestamp=5859 ms, used_size=8554496 bytes (20.9%)
(RDMA_READ_CONSUME_CHECK_CONSUMER) timestamp=5859 ms, used_size=8552448 bytes (20.9%)
(RDMA_READ_CONSUME_CHECK_CONSUMER) timestamp=5859 ms, used_size=8550400 bytes (20.9%)
(RDMA_READ_CONSUME_CHECK_CONSUMER) timestamp=5859 ms, used_size=8548352 bytes (20.9%)
(RDMA_READ_CONSUME_CHECK_CONSUMER) timestamp=5859 ms, used_size=8546304 bytes (20.9%)
(RDMA_READ_CONSUME_CHECK_CONSUMER) timestamp=5859 ms, used_size=8544256 bytes (20.9%)
(RDMA_READ_CONSUME_CHECK_CONSUMER) timestamp=5859 ms, used_size=8542208 bytes (20.9%)
(RDMA_READ_CONSUME_CHECK_CONSUMER) timestamp=5859 ms, used_size=8540160 bytes (20.9%)
(RDMA_READ_CONSUME_CHECK_CONSUMER) timestamp=5859 ms, used_size=8538112 bytes (20.8%)
(RDMA_READ_CONSUME_CHECK_CONSUMER) timestamp=5859 ms, used_size=8536064 bytes (20.8%)
(RDMA_READ_CONSUME_CHECK_CONSUMER) timestamp=5859 ms, used_size=8534016 bytes (20.8%)
(RDMA_READ_CONSUME_CHECK_CONSUMER) timestamp=5859 ms, used_size=8531968 bytes (20.8%)
(RDMA_READ_CONSUME_CHECK_CONSUMER) timestamp=5859 ms, used_size=8529920 bytes (20.8%)
(RDMA_READ_CONSUME_CHECK_CONSUMER) timestamp=5859 ms, used_size=8527872 bytes (20.8%)
(RDMA_READ_CONSUME_CHECK_CONSUMER) timestamp=5859 ms, used_size=8525824 bytes (20.8%)
(RDMA_READ_CONSUME_CHECK_CONSUMER) timestamp=5859 ms, used_size=8523776 bytes (20.8%)
(RDMA_READ_CONSUME_CHECK_CONSUMER) timestamp=5859 ms, used_size=8521728 bytes (20.8%)
(RDMA_READ_CONSUME_CHECK_CONSUMER) timestamp=5859 ms, used_size=8519680 bytes (20.8%)
(RDMA_READ_CONSUME_CHECK_CONSUMER) timestamp=5859 ms, used_size=8517632 bytes (20.8%)
(RDMA_READ_CONSUME_CHECK_CONSUMER) timestamp=5859 ms, used_size=8515584 bytes (20.8%)
(RDMA_READ_CONSUME_CHECK_CONSUMER) timestamp=5859 ms, used_size=8513536 bytes (20.8%)
(RDMA_READ_CONSUME_CHECK_CONSUMER) timestamp=5859 ms, used_size=8511488 bytes (20.8%)
(RDMA_READ_CONSUME_CHECK_CONSUMER) timestamp=5859 ms, used_size=8509440 bytes (20.8%)
(RDMA_READ_CONSUME_CHECK_CONSUMER) timestamp=5859 ms, used_size=8507392 bytes (20.8%)
(RDMA_READ_CONSUME_CHECK_CONSUMER) timestamp=5859 ms, used_size=8505344 bytes (20.8%)
(RDMA_READ_CONSUME_CHECK_CONSUMER) timestamp=5859 ms, used_size=8503296 bytes (20.8%)
(RDMA_READ_CONSUME_CHECK_CONSUMER) timestamp=5859 ms, used_size=8501248 bytes (20.8%)
(RDMA_READ_CONSUME_CHECK_CONSUMER) timestamp=5859 ms, used_size=8499200 bytes (20.8%)
(RDMA_READ_CONSUME_CHECK_CONSUMER) timestamp=5859 ms, used_size=8497152 bytes (20.7%)
(RDMA_READ_CONSUME_CHECK_CONSUMER) timestamp=5859 ms, used_size=8495104 bytes (20.7%)
(RDMA_READ_CONSUME_CHECK_CONSUMER) timestamp=5859 ms, used_size=8493056 bytes (20.7%)
(RDMA_READ_CONSUME_CHECK_CONSUMER) timestamp=5859 ms, used_size=8491008 bytes (20.7%)
(RDMA_READ_CONSUME_CHECK_CONSUMER) timestamp=5859 ms, used_size=8488960 bytes (20.7%)
(RDMA_READ_CONSUME_CHECK_CONSUMER) timestamp=5859 ms, used_size=8486912 bytes (20.7%)
(RDMA_READ_CONSUME_CHECK_CONSUMER) timestamp=5859 ms, used_size=8484864 bytes (20.7%)
(RDMA_READ_CONSUME_CHECK_CONSUMER) timestamp=5859 ms, used_size=8482816 bytes (20.7%)
(RDMA_READ_CONSUME_CHECK_CONSUMER) timestamp=5859 ms, used_size=8480768 bytes (20.7%)
(RDMA_READ_CONSUME_CHECK_CONSUMER) timestamp=5859 ms, used_size=8478720 bytes (20.7%)
(RDMA_READ_CONSUME_CHECK_CONSUMER) timestamp=5859 ms, used_size=8476672 bytes (20.7%)
(RDMA_READ_CONSUME_CHECK_CONSUMER) timestamp=5859 ms, used_size=8474624 bytes (20.7%)
(RDMA_READ_CONSUME_CHECK_CONSUMER) timestamp=5859 ms, used_size=8472576 bytes (20.7%)
(RDMA_READ_CONSUME_CHECK_CONSUMER) timestamp=5859 ms, used_size=8470528 bytes (20.7%)
(RDMA_READ_CONSUME_CHECK_CONSUMER) timestamp=5859 ms, used_size=8468480 bytes (20.7%)
(RDMA_READ_CONSUME_CHECK_CONSUMER) timestamp=5859 ms, used_size=8466432 bytes (20.7%)
(RDMA_READ_CONSUME_CHECK_CONSUMER) timestamp=5859 ms, used_size=8464384 bytes (20.7%)
(RDMA_READ_CONSUME_CHECK_CONSUMER) timestamp=5859 ms, used_size=8462336 bytes (20.7%)
(RDMA_READ_CONSUME_CHECK_CONSUMER) timestamp=5859 ms, used_size=8460288 bytes (20.7%)
(RDMA_READ_CONSUME_CHECK_CONSUMER) timestamp=5859 ms, used_size=8458240 bytes (20.6%)
(RDMA_READ_CONSUME_CHECK_CONSUMER) timestamp=5859 ms, used_size=8456192 bytes (20.6%)
(RDMA_READ_CONSUME_CHECK_CONSUMER) timestamp=5859 ms, used_size=8454144 bytes (20.6%)
(RDMA_READ_CONSUME_CHECK_CONSUMER) timestamp=5859 ms, used_size=8452096 bytes (20.6%)
(RDMA_READ_CONSUME_CHECK_CONSUMER) timestamp=5859 ms, used_size=8450048 bytes (20.6%)
(RDMA_READ_CONSUME_CHECK_CONSUMER) timestamp=5859 ms, used_size=8448000 bytes (20.6%)
(RDMA_READ_CONSUME_CHECK_CONSUMER) timestamp=5859 ms, used_size=8445952 bytes (20.6%)
(RDMA_READ_CONSUME_CHECK_CONSUMER) timestamp=5859 ms, used_size=8443904 bytes (20.6%)
(RDMA_READ_CONSUME_CHECK_CONSUMER) timestamp=5859 ms, used_size=8441856 bytes (20.6%)
(RDMA_READ_CONSUME_CHECK_CONSUMER) timestamp=5859 ms, used_size=8439808 bytes (20.6%)
(RDMA_READ_CONSUME_CHECK_CONSUMER) timestamp=5859 ms, used_size=8437760 bytes (20.6%)
(RDMA_READ_CONSUME_CHECK_CONSUMER) timestamp=5859 ms, used_size=8435712 bytes (20.6%)
(RDMA_READ_CONSUME_CHECK_CONSUMER) timestamp=5859 ms, used_size=8433664 bytes (20.6%)
(RDMA_READ_CONSUME_CHECK_CONSUMER) timestamp=5859 ms, used_size=8431616 bytes (20.6%)
(RDMA_READ_CONSUME_CHECK_CONSUMER) timestamp=5859 ms, used_size=8429568 bytes (20.6%)
(RDMA_READ_CONSUME_CHECK_CONSUMER) timestamp=5859 ms, used_size=8427520 bytes (20.6%)
(RDMA_READ_CONSUME_CHECK_CONSUMER) timestamp=5859 ms, used_size=8425472 bytes (20.6%)
(RDMA_READ_CONSUME_CHECK_CONSUMER) timestamp=5859 ms, used_size=8423424 bytes (20.6%)
(RDMA_READ_CONSUME_CHECK_CONSUMER) timestamp=5859 ms, used_size=8421376 bytes (20.6%)
(RDMA_READ_CONSUME_CHECK_CONSUMER) timestamp=5859 ms, used_size=8419328 bytes (20.6%)
(RDMA_READ_CONSUME_CHECK_CONSUMER) timestamp=5859 ms, used_size=8417280 bytes (20.6%)
(RDMA_READ_CONSUME_CHECK_CONSUMER) timestamp=5859 ms, used_size=8415232 bytes (20.5%)
(RDMA_READ_CONSUME_CHECK_CONSUMER) timestamp=5859 ms, used_size=8413184 bytes (20.5%)
(RDMA_READ_CONSUME_CHECK_CONSUMER) timestamp=5859 ms, used_size=8411136 bytes (20.5%)
(RDMA_READ_CONSUME_CHECK_CONSUMER) timestamp=5859 ms, used_size=8409088 bytes (20.5%)
(RDMA_READ_CONSUME_CHECK_CONSUMER) timestamp=5859 ms, used_size=8407040 bytes (20.5%)
(RDMA_READ_CONSUME_CHECK_CONSUMER) timestamp=5859 ms, used_size=8404992 bytes (20.5%)
(RDMA_READ_CONSUME_CHECK_CONSUMER) timestamp=5859 ms, used_size=8402944 bytes (20.5%)
(RDMA_READ_CONSUME_CHECK_CONSUMER) timestamp=5859 ms, used_size=8400896 bytes (20.5%)
(RDMA_READ_CONSUME_CHECK_CONSUMER) timestamp=5859 ms, used_size=8398848 bytes (20.5%)
(RDMA_READ_CONSUME_CHECK_CONSUMER) timestamp=5859 ms, used_size=8396800 bytes (20.5%)
(RDMA_READ_CONSUME_CHECK_CONSUMER) timestamp=5859 ms, used_size=8394752 bytes (20.5%)
(RDMA_READ_CONSUME_CHECK_CONSUMER) timestamp=5859 ms, used_size=8392704 bytes (20.5%)
(RDMA_READ_CONSUME_CHECK_CONSUMER) timestamp=5859 ms, used_size=8390656 bytes (20.5%)
(RDMA_READ_CONSUME_CHECK_CONSUMER) timestamp=5859 ms, used_size=8388608 bytes (20.5%)
(RDMA_READ_CONSUME_CHECK_CONSUMER) timestamp=5859 ms, used_size=8386560 bytes (20.5%)
(RDMA_READ_CONSUME_CHECK_CONSUMER) timestamp=5859 ms, used_size=8384512 bytes (20.5%)
(RDMA_READ_CONSUME_CHECK_CONSUMER) timestamp=5859 ms, used_size=8382464 bytes (20.5%)
(RDMA_READ_CONSUME_CHECK_CONSUMER) timestamp=5859 ms, used_size=8380416 bytes (20.5%)
(RDMA_READ_CONSUME_CHECK_CONSUMER) timestamp=5859 ms, used_size=8378368 bytes (20.5%)
(RDMA_READ_CONSUME_CHECK_CONSUMER) timestamp=5859 ms, used_size=8376320 bytes (20.4%)
(RDMA_READ_CONSUME_CHECK_CONSUMER) timestamp=5859 ms, used_size=8374272 bytes (20.4%)
(RDMA_READ_CONSUME_CHECK_CONSUMER) timestamp=5859 ms, used_size=8372224 bytes (20.4%)
(RDMA_READ_CONSUME_CHECK_CONSUMER) timestamp=5859 ms, used_size=8370176 bytes (20.4%)
(RDMA_READ_CONSUME_CHECK_CONSUMER) timestamp=5859 ms, used_size=8368128 bytes (20.4%)
(RDMA_READ_CONSUME_CHECK_CONSUMER) timestamp=5859 ms, used_size=8366080 bytes (20.4%)
(RDMA_READ_CONSUME_CHECK_CONSUMER) timestamp=5859 ms, used_size=8364032 bytes (20.4%)
(RDMA_READ_CONSUME_CHECK_CONSUMER) timestamp=5859 ms, used_size=8361984 bytes (20.4%)
(RDMA_READ_CONSUME_CHECK_CONSUMER) timestamp=5859 ms, used_size=8359936 bytes (20.4%)
(RDMA_READ_CONSUME_CHECK_CONSUMER) timestamp=5859 ms, used_size=8357888 bytes (20.4%)
(RDMA_READ_CONSUME_CHECK_CONSUMER) timestamp=5859 ms, used_size=8355840 bytes (20.4%)
(RDMA_READ_CONSUME_CHECK_CONSUMER) timestamp=5859 ms, used_size=8353792 bytes (20.4%)
(RDMA_READ_CONSUME_CHECK_CONSUMER) timestamp=5859 ms, used_size=8351744 bytes (20.4%)
(RDMA_READ_CONSUME_CHECK_CONSUMER) timestamp=5859 ms, used_size=8349696 bytes (20.4%)
(RDMA_READ_CONSUME_CHECK_CONSUMER) timestamp=5859 ms, used_size=8347648 bytes (20.4%)
(RDMA_READ_CONSUME_CHECK_CONSUMER) timestamp=5859 ms, used_size=8345600 bytes (20.4%)
(RDMA_READ_CONSUME_CHECK_CONSUMER) timestamp=5859 ms, used_size=8343552 bytes (20.4%)
(RDMA_READ_CONSUME_CHECK_CONSUMER) timestamp=5859 ms, used_size=8341504 bytes (20.4%)
(RDMA_READ_CONSUME_CHECK_CONSUMER) timestamp=5859 ms, used_size=8339456 bytes (20.4%)
(RDMA_READ_CONSUME_CHECK_CONSUMER) timestamp=5859 ms, used_size=8337408 bytes (20.4%)
(RDMA_READ_CONSUME_CHECK_CONSUMER) timestamp=5859 ms, used_size=8335360 bytes (20.4%)
(RDMA_READ_CONSUME_CHECK_CONSUMER) timestamp=5859 ms, used_size=8333312 bytes (20.3%)
(RDMA_READ_CONSUME_CHECK_CONSUMER) timestamp=5859 ms, used_size=8331264 bytes (20.3%)
(RDMA_READ_CONSUME_CHECK_CONSUMER) timestamp=5859 ms, used_size=8329216 bytes (20.3%)
(RDMA_READ_CONSUME_CHECK_CONSUMER) timestamp=5859 ms, used_size=8327168 bytes (20.3%)
(RDMA_READ_CONSUME_CHECK_CONSUMER) timestamp=5859 ms, used_size=8325120 bytes (20.3%)
(RDMA_READ_CONSUME_CHECK_CONSUMER) timestamp=5859 ms, used_size=8323072 bytes (20.3%)
(RDMA_READ_CONSUME_CHECK_CONSUMER) timestamp=5859 ms, used_size=8321024 bytes (20.3%)
(RDMA_READ_CONSUME_CHECK_CONSUMER) timestamp=5859 ms, used_size=8318976 bytes (20.3%)
(RDMA_READ_CONSUME_CHECK_CONSUMER) timestamp=5859 ms, used_size=8316928 bytes (20.3%)
(RDMA_READ_CONSUME_CHECK_CONSUMER) timestamp=5859 ms, used_size=8314880 bytes (20.3%)
(RDMA_READ_CONSUME_CHECK_CONSUMER) timestamp=5859 ms, used_size=8312832 bytes (20.3%)
(RDMA_READ_CONSUME_CHECK_CONSUMER) timestamp=5859 ms, used_size=8310784 bytes (20.3%)
(RDMA_READ_CONSUME_CHECK_CONSUMER) timestamp=5859 ms, used_size=8308736 bytes (20.3%)
(RDMA_READ_CONSUME_CHECK_CONSUMER) timestamp=5859 ms, used_size=8306688 bytes (20.3%)
(RDMA_READ_CONSUME_CHECK_CONSUMER) timestamp=5859 ms, used_size=8304640 bytes (20.3%)
(RDMA_READ_CONSUME_CHECK_CONSUMER) timestamp=5859 ms, used_size=8302592 bytes (20.3%)
(RDMA_READ_CONSUME_CHECK_CONSUMER) timestamp=5859 ms, used_size=8300544 bytes (20.3%)
(RDMA_READ_CONSUME_CHECK_CONSUMER) timestamp=5859 ms, used_size=8298496 bytes (20.3%)
(RDMA_READ_CONSUME_CHECK_CONSUMER) timestamp=5859 ms, used_size=8296448 bytes (20.3%)
(RDMA_READ_CONSUME_CHECK_CONSUMER) timestamp=5859 ms, used_size=8294400 bytes (20.2%)
(RDMA_READ_CONSUME_CHECK_CONSUMER) timestamp=5859 ms, used_size=8292352 bytes (20.2%)
(RDMA_READ_CONSUME_CHECK_CONSUMER) timestamp=5859 ms, used_size=8290304 bytes (20.2%)
(RDMA_READ_CONSUME_CHECK_CONSUMER) timestamp=5859 ms, used_size=8288256 bytes (20.2%)
(RDMA_READ_CONSUME_CHECK_CONSUMER) timestamp=5859 ms, used_size=8286208 bytes (20.2%)
(RDMA_READ_CONSUME_CHECK_CONSUMER) timestamp=5859 ms, used_size=8284160 bytes (20.2%)
(RDMA_READ_CONSUME_CHECK_CONSUMER) timestamp=5859 ms, used_size=8282112 bytes (20.2%)
(RDMA_READ_CONSUME_CHECK_CONSUMER) timestamp=5859 ms, used_size=8280064 bytes (20.2%)
(RDMA_READ_CONSUME_CHECK_CONSUMER) timestamp=5859 ms, used_size=8278016 bytes (20.2%)
(RDMA_READ_CONSUME_CHECK_CONSUMER) timestamp=5859 ms, used_size=8275968 bytes (20.2%)
(RDMA_READ_CONSUME_CHECK_CONSUMER) timestamp=5859 ms, used_size=8273920 bytes (20.2%)
(RDMA_READ_CONSUME_CHECK_CONSUMER) timestamp=5859 ms, used_size=8271872 bytes (20.2%)
(RDMA_READ_CONSUME_CHECK_CONSUMER) timestamp=5859 ms, used_size=8269824 bytes (20.2%)
(RDMA_READ_CONSUME_CHECK_CONSUMER) timestamp=5859 ms, used_size=8267776 bytes (20.2%)
(RDMA_READ_CONSUME_CHECK_CONSUMER) timestamp=5859 ms, used_size=8265728 bytes (20.2%)
(RDMA_READ_CONSUME_CHECK_CONSUMER) timestamp=5859 ms, used_size=8263680 bytes (20.2%)
(RDMA_READ_CONSUME_CHECK_CONSUMER) timestamp=5859 ms, used_size=8261632 bytes (20.2%)
(RDMA_READ_CONSUME_CHECK_CONSUMER) timestamp=5859 ms, used_size=8259584 bytes (20.2%)
(RDMA_READ_CONSUME_CHECK_CONSUMER) timestamp=5859 ms, used_size=8257536 bytes (20.2%)
(RDMA_READ_CONSUME_CHECK_CONSUMER) timestamp=5859 ms, used_size=8255488 bytes (20.2%)
(RDMA_READ_CONSUME_CHECK_CONSUMER) timestamp=5859 ms, used_size=8253440 bytes (20.1%)
(RDMA_READ_CONSUME_CHECK_CONSUMER) timestamp=5859 ms, used_size=8251392 bytes (20.1%)
(RDMA_READ_CONSUME_CHECK_CONSUMER) timestamp=5859 ms, used_size=8249344 bytes (20.1%)
(RDMA_READ_CONSUME_CHECK_CONSUMER) timestamp=5859 ms, used_size=8247296 bytes (20.1%)
(RDMA_READ_CONSUME_CHECK_CONSUMER) timestamp=5859 ms, used_size=8245248 bytes (20.1%)
(RDMA_READ_CONSUME_CHECK_CONSUMER) timestamp=5859 ms, used_size=8243200 bytes (20.1%)
(RDMA_READ_CONSUME_CHECK_CONSUMER) timestamp=5859 ms, used_size=8241152 bytes (20.1%)
(RDMA_READ_CONSUME_CHECK_CONSUMER) timestamp=5859 ms, used_size=8239104 bytes (20.1%)
(RDMA_READ_CONSUME_CHECK_CONSUMER) timestamp=5859 ms, used_size=8237056 bytes (20.1%)
(RDMA_READ_CONSUME_CHECK_CONSUMER) timestamp=5859 ms, used_size=8235008 bytes (20.1%)
(RDMA_READ_CONSUME_CHECK_CONSUMER) timestamp=5859 ms, used_size=8232960 bytes (20.1%)
(RDMA_READ_CONSUME_CHECK_CONSUMER) timestamp=5859 ms, used_size=8230912 bytes (20.1%)
(RDMA_READ_CONSUME_CHECK_CONSUMER) timestamp=5859 ms, used_size=8228864 bytes (20.1%)
(RDMA_READ_CONSUME_CHECK_CONSUMER) timestamp=5860 ms, used_size=8226816 bytes (20.1%)
(RDMA_READ_CONSUME_CHECK_CONSUMER) timestamp=5860 ms, used_size=8224768 bytes (20.1%)
(RDMA_READ_CONSUME_CHECK_CONSUMER) timestamp=5860 ms, used_size=8222720 bytes (20.1%)
(RDMA_READ_CONSUME_CHECK_CONSUMER) timestamp=5860 ms, used_size=8220672 bytes (20.1%)
(RDMA_READ_CONSUME_CHECK_CONSUMER) timestamp=5860 ms, used_size=8218624 bytes (20.1%)
(RDMA_READ_CONSUME_CHECK_CONSUMER) timestamp=5860 ms, used_size=8216576 bytes (20.1%)
(RDMA_READ_CONSUME_CHECK_CONSUMER) timestamp=5860 ms, used_size=8214528 bytes (20.1%)
(RDMA_READ_CONSUME_CHECK_CONSUMER) timestamp=5860 ms, used_size=8212480 bytes (20.1%)
(RDMA_READ_CONSUME_CHECK_CONSUMER) timestamp=5860 ms, used_size=8210432 bytes (20.0%)
(RDMA_READ_CONSUME_CHECK_CONSUMER) timestamp=5860 ms, used_size=8208384 bytes (20.0%)
(RDMA_READ_CONSUME_CHECK_CONSUMER) timestamp=5860 ms, used_size=8206336 bytes (20.0%)
(RDMA_READ_CONSUME_CHECK_CONSUMER) timestamp=5860 ms, used_size=8204288 bytes (20.0%)
(RDMA_READ_CONSUME_CHECK_CONSUMER) timestamp=5860 ms, used_size=8202240 bytes (20.0%)
(RDMA_READ_CONSUME_CHECK_CONSUMER) timestamp=5860 ms, used_size=8200192 bytes (20.0%)
(RDMA_READ_CONSUME_CHECK_CONSUMER) timestamp=5860 ms, used_size=8198144 bytes (20.0%)
(RDMA_READ_CONSUME_CHECK_CONSUMER) timestamp=5860 ms, used_size=8196096 bytes (20.0%)
(RDMA_READ_CONSUME_CHECK_CONSUMER) timestamp=5860 ms, used_size=8194048 bytes (20.0%)
(RDMA_READ_CONSUME_CHECK_CONSUMER) timestamp=5860 ms, used_size=8192000 bytes (20.0%)
(RDMA_READ_CONSUME_CHECK_CONSUMER) timestamp=5860 ms, used_size=8189952 bytes (20.0%)
(RDMA_READ_CONSUME_CHECK_CONSUMER) timestamp=5860 ms, used_size=8187904 bytes (20.0%)
(RDMA_READ_CONSUME_CHECK_CONSUMER) timestamp=5860 ms, used_size=8185856 bytes (20.0%)
(RDMA_READ_CONSUME_CHECK_CONSUMER) timestamp=5860 ms, used_size=8183808 bytes (20.0%)
(RDMA_READ_CONSUME_CHECK_CONSUMER) timestamp=5860 ms, used_size=8181760 bytes (20.0%)
(RDMA_READ_CONSUME_CHECK_CONSUMER) timestamp=5860 ms, used_size=8179712 bytes (20.0%)
(RDMA_READ_CONSUME_CHECK_CONSUMER) timestamp=5860 ms, used_size=8177664 bytes (20.0%)
(RDMA_READ_CONSUME_CHECK_CONSUMER) timestamp=5860 ms, used_size=8175616 bytes (20.0%)
(RDMA_READ_CONSUME_CHECK_CONSUMER) timestamp=5860 ms, used_size=8173568 bytes (20.0%)
(RDMA_READ_CONSUME_CHECK_CONSUMER) timestamp=5860 ms, used_size=8171520 bytes (19.9%)
(RDMA_READ_CONSUME_CHECK_CONSUMER) timestamp=5860 ms, used_size=8169472 bytes (19.9%)
(RDMA_READ_CONSUME_CHECK_CONSUMER) timestamp=5860 ms, used_size=8167424 bytes (19.9%)
(RDMA_READ_CONSUME_CHECK_CONSUMER) timestamp=5860 ms, used_size=8165376 bytes (19.9%)
(RDMA_READ_CONSUME_CHECK_CONSUMER) timestamp=5860 ms, used_size=8163328 bytes (19.9%)
(RDMA_READ_CONSUME_CHECK_CONSUMER) timestamp=5860 ms, used_size=8161280 bytes (19.9%)
(RDMA_READ_CONSUME_CHECK_CONSUMER) timestamp=5860 ms, used_size=8159232 bytes (19.9%)
(RDMA_READ_CONSUME_CHECK_CONSUMER) timestamp=5860 ms, used_size=8157184 bytes (19.9%)
(RDMA_READ_CONSUME_CHECK_CONSUMER) timestamp=5860 ms, used_size=8155136 bytes (19.9%)
(RDMA_READ_CONSUME_CHECK_CONSUMER) timestamp=5860 ms, used_size=8153088 bytes (19.9%)
(RDMA_READ_CONSUME_CHECK_CONSUMER) timestamp=5860 ms, used_size=8151040 bytes (19.9%)
(RDMA_READ_CONSUME_CHECK_CONSUMER) timestamp=5860 ms, used_size=8148992 bytes (19.9%)
(RDMA_READ_CONSUME_CHECK_CONSUMER) timestamp=5860 ms, used_size=8146944 bytes (19.9%)
(RDMA_READ_CONSUME_CHECK_CONSUMER) timestamp=5860 ms, used_size=8144896 bytes (19.9%)
(RDMA_READ_CONSUME_CHECK_CONSUMER) timestamp=5860 ms, used_size=8142848 bytes (19.9%)
(RDMA_READ_CONSUME_CHECK_CONSUMER) timestamp=5860 ms, used_size=8140800 bytes (19.9%)
(RDMA_READ_CONSUME_CHECK_CONSUMER) timestamp=5860 ms, used_size=8138752 bytes (19.9%)
(RDMA_READ_CONSUME_CHECK_CONSUMER) timestamp=5860 ms, used_size=8136704 bytes (19.9%)
(RDMA_READ_CONSUME_CHECK_CONSUMER) timestamp=5860 ms, used_size=8134656 bytes (19.9%)
(RDMA_READ_CONSUME_CHECK_CONSUMER) timestamp=5860 ms, used_size=8132608 bytes (19.9%)
(RDMA_READ_CONSUME_CHECK_CONSUMER) timestamp=5860 ms, used_size=8130560 bytes (19.9%)
(RDMA_READ_CONSUME_CHECK_CONSUMER) timestamp=5860 ms, used_size=8128512 bytes (19.8%)
(RDMA_READ_CONSUME_CHECK_CONSUMER) timestamp=5860 ms, used_size=8126464 bytes (19.8%)
(RDMA_READ_CONSUME_CHECK_CONSUMER) timestamp=5860 ms, used_size=8124416 bytes (19.8%)
(RDMA_READ_CONSUME_CHECK_CONSUMER) timestamp=5860 ms, used_size=8122368 bytes (19.8%)
(RDMA_READ_CONSUME_CHECK_CONSUMER) timestamp=5860 ms, used_size=8120320 bytes (19.8%)
(RDMA_READ_CONSUME_CHECK_CONSUMER) timestamp=5860 ms, used_size=8118272 bytes (19.8%)
(RDMA_READ_CONSUME_CHECK_CONSUMER) timestamp=5860 ms, used_size=8116224 bytes (19.8%)
(RDMA_READ_CONSUME_CHECK_CONSUMER) timestamp=5860 ms, used_size=8114176 bytes (19.8%)
(RDMA_READ_CONSUME_CHECK_CONSUMER) timestamp=5860 ms, used_size=8112128 bytes (19.8%)
(RDMA_READ_CONSUME_CHECK_CONSUMER) timestamp=5860 ms, used_size=8110080 bytes (19.8%)
(RDMA_READ_CONSUME_CHECK_CONSUMER) timestamp=5860 ms, used_size=8108032 bytes (19.8%)
(RDMA_READ_CONSUME_CHECK_CONSUMER) timestamp=5860 ms, used_size=8105984 bytes (19.8%)
(RDMA_READ_CONSUME_CHECK_CONSUMER) timestamp=5860 ms, used_size=8103936 bytes (19.8%)
(RDMA_READ_CONSUME_CHECK_CONSUMER) timestamp=5860 ms, used_size=8101888 bytes (19.8%)
(RDMA_READ_CONSUME_CHECK_CONSUMER) timestamp=5860 ms, used_size=8099840 bytes (19.8%)
(RDMA_READ_CONSUME_CHECK_CONSUMER) timestamp=5860 ms, used_size=8097792 bytes (19.8%)
(RDMA_READ_CONSUME_CHECK_CONSUMER) timestamp=5860 ms, used_size=8095744 bytes (19.8%)
(RDMA_READ_CONSUME_CHECK_CONSUMER) timestamp=5860 ms, used_size=8093696 bytes (19.8%)
(RDMA_READ_CONSUME_CHECK_CONSUMER) timestamp=5860 ms, used_size=8091648 bytes (19.8%)
(RDMA_READ_CONSUME_CHECK_CONSUMER) timestamp=5860 ms, used_size=8089600 bytes (19.8%)
(RDMA_READ_CONSUME_CHECK_CONSUMER) timestamp=5860 ms, used_size=8087552 bytes (19.7%)
(RDMA_READ_CONSUME_CHECK_CONSUMER) timestamp=5860 ms, used_size=8085504 bytes (19.7%)
(RDMA_READ_CONSUME_CHECK_CONSUMER) timestamp=5860 ms, used_size=8083456 bytes (19.7%)
(RDMA_READ_CONSUME_CHECK_CONSUMER) timestamp=5860 ms, used_size=8081408 bytes (19.7%)
(RDMA_READ_CONSUME_CHECK_CONSUMER) timestamp=5860 ms, used_size=8079360 bytes (19.7%)
(RDMA_READ_CONSUME_CHECK_CONSUMER) timestamp=5860 ms, used_size=8077312 bytes (19.7%)
(RDMA_READ_CONSUME_CHECK_CONSUMER) timestamp=5860 ms, used_size=8075264 bytes (19.7%)
(RDMA_READ_CONSUME_CHECK_CONSUMER) timestamp=5860 ms, used_size=8073216 bytes (19.7%)
(RDMA_READ_CONSUME_CHECK_CONSUMER) timestamp=5860 ms, used_size=8071168 bytes (19.7%)
(RDMA_READ_CONSUME_CHECK_CONSUMER) timestamp=5860 ms, used_size=8069120 bytes (19.7%)
(RDMA_READ_CONSUME_CHECK_CONSUMER) timestamp=5860 ms, used_size=8067072 bytes (19.7%)
(RDMA_READ_CONSUME_CHECK_CONSUMER) timestamp=5860 ms, used_size=8065024 bytes (19.7%)
(RDMA_READ_CONSUME_CHECK_CONSUMER) timestamp=5860 ms, used_size=8062976 bytes (19.7%)
(RDMA_READ_CONSUME_CHECK_CONSUMER) timestamp=5860 ms, used_size=8060928 bytes (19.7%)
(RDMA_READ_CONSUME_CHECK_CONSUMER) timestamp=5860 ms, used_size=8058880 bytes (19.7%)
(RDMA_READ_CONSUME_CHECK_CONSUMER) timestamp=5860 ms, used_size=8056832 bytes (19.7%)
(RDMA_READ_CONSUME_CHECK_CONSUMER) timestamp=5860 ms, used_size=8054784 bytes (19.7%)
(RDMA_READ_CONSUME_CHECK_CONSUMER) timestamp=5860 ms, used_size=8052736 bytes (19.7%)
(RDMA_READ_CONSUME_CHECK_CONSUMER) timestamp=5860 ms, used_size=8050688 bytes (19.7%)
(RDMA_READ_CONSUME_CHECK_CONSUMER) timestamp=5860 ms, used_size=8048640 bytes (19.6%)
(RDMA_READ_CONSUME_CHECK_CONSUMER) timestamp=5860 ms, used_size=8046592 bytes (19.6%)
(RDMA_READ_CONSUME_CHECK_CONSUMER) timestamp=5860 ms, used_size=8044544 bytes (19.6%)
(RDMA_READ_CONSUME_CHECK_CONSUMER) timestamp=5860 ms, used_size=8042496 bytes (19.6%)
(RDMA_READ_CONSUME_CHECK_CONSUMER) timestamp=5860 ms, used_size=8040448 bytes (19.6%)
(RDMA_READ_CONSUME_CHECK_CONSUMER) timestamp=5860 ms, used_size=8038400 bytes (19.6%)
(RDMA_READ_CONSUME_CHECK_CONSUMER) timestamp=5860 ms, used_size=8036352 bytes (19.6%)
(RDMA_READ_CONSUME_CHECK_CONSUMER) timestamp=5860 ms, used_size=8034304 bytes (19.6%)
(RDMA_READ_CONSUME_CHECK_CONSUMER) timestamp=5860 ms, used_size=8032256 bytes (19.6%)
(RDMA_READ_CONSUME_CHECK_CONSUMER) timestamp=5860 ms, used_size=8030208 bytes (19.6%)
(RDMA_READ_CONSUME_CHECK_CONSUMER) timestamp=5860 ms, used_size=8028160 bytes (19.6%)
(RDMA_READ_CONSUME_CHECK_CONSUMER) timestamp=5860 ms, used_size=8026112 bytes (19.6%)
(RDMA_READ_CONSUME_CHECK_CONSUMER) timestamp=5860 ms, used_size=8024064 bytes (19.6%)
(RDMA_READ_CONSUME_CHECK_CONSUMER) timestamp=5860 ms, used_size=8022016 bytes (19.6%)
(RDMA_READ_CONSUME_CHECK_CONSUMER) timestamp=5860 ms, used_size=8019968 bytes (19.6%)
(RDMA_READ_CONSUME_CHECK_CONSUMER) timestamp=5860 ms, used_size=8017920 bytes (19.6%)
(RDMA_READ_CONSUME_CHECK_CONSUMER) timestamp=5860 ms, used_size=8015872 bytes (19.6%)
(RDMA_READ_CONSUME_CHECK_CONSUMER) timestamp=5860 ms, used_size=8013824 bytes (19.6%)
(RDMA_READ_CONSUME_CHECK_CONSUMER) timestamp=5860 ms, used_size=8011776 bytes (19.6%)
(RDMA_READ_CONSUME_CHECK_CONSUMER) timestamp=5860 ms, used_size=8009728 bytes (19.6%)
(RDMA_READ_CONSUME_CHECK_CONSUMER) timestamp=5860 ms, used_size=8007680 bytes (19.6%)
(RDMA_READ_CONSUME_CHECK_CONSUMER) timestamp=5860 ms, used_size=8005632 bytes (19.5%)
(RDMA_READ_CONSUME_CHECK_CONSUMER) timestamp=5860 ms, used_size=8003584 bytes (19.5%)
(RDMA_READ_CONSUME_CHECK_CONSUMER) timestamp=5860 ms, used_size=8001536 bytes (19.5%)
(RDMA_READ_CONSUME_CHECK_CONSUMER) timestamp=5860 ms, used_size=7999488 bytes (19.5%)
(RDMA_READ_CONSUME_CHECK_CONSUMER) timestamp=5860 ms, used_size=7997440 bytes (19.5%)
(RDMA_READ_CONSUME_CHECK_CONSUMER) timestamp=5860 ms, used_size=7995392 bytes (19.5%)
(RDMA_READ_CONSUME_CHECK_CONSUMER) timestamp=5860 ms, used_size=7993344 bytes (19.5%)
(RDMA_READ_CONSUME_CHECK_CONSUMER) timestamp=5860 ms, used_size=7991296 bytes (19.5%)
(RDMA_READ_CONSUME_CHECK_CONSUMER) timestamp=5860 ms, used_size=7989248 bytes (19.5%)
(RDMA_READ_CONSUME_CHECK_CONSUMER) timestamp=5860 ms, used_size=7987200 bytes (19.5%)
(RDMA_READ_CONSUME_CHECK_CONSUMER) timestamp=5860 ms, used_size=7985152 bytes (19.5%)
(RDMA_READ_CONSUME_CHECK_CONSUMER) timestamp=5860 ms, used_size=7983104 bytes (19.5%)
(RDMA_READ_CONSUME_CHECK_CONSUMER) timestamp=5860 ms, used_size=7981056 bytes (19.5%)
(RDMA_READ_CONSUME_CHECK_CONSUMER) timestamp=5860 ms, used_size=7979008 bytes (19.5%)
(RDMA_READ_CONSUME_CHECK_CONSUMER) timestamp=5860 ms, used_size=7976960 bytes (19.5%)
(RDMA_READ_CONSUME_CHECK_CONSUMER) timestamp=5860 ms, used_size=7974912 bytes (19.5%)
(RDMA_READ_CONSUME_CHECK_CONSUMER) timestamp=5860 ms, used_size=7972864 bytes (19.5%)
(RDMA_READ_CONSUME_CHECK_CONSUMER) timestamp=5860 ms, used_size=7970816 bytes (19.5%)
(RDMA_READ_CONSUME_CHECK_CONSUMER) timestamp=5860 ms, used_size=7968768 bytes (19.5%)
(RDMA_READ_CONSUME_CHECK_CONSUMER) timestamp=5860 ms, used_size=7966720 bytes (19.4%)
(RDMA_READ_CONSUME_CHECK_CONSUMER) timestamp=5860 ms, used_size=7964672 bytes (19.4%)
(RDMA_READ_CONSUME_CHECK_CONSUMER) timestamp=5860 ms, used_size=7962624 bytes (19.4%)
(RDMA_READ_CONSUME_CHECK_CONSUMER) timestamp=5860 ms, used_size=7960576 bytes (19.4%)
(RDMA_READ_CONSUME_CHECK_CONSUMER) timestamp=5860 ms, used_size=7958528 bytes (19.4%)
(RDMA_READ_CONSUME_CHECK_CONSUMER) timestamp=5860 ms, used_size=7956480 bytes (19.4%)
(RDMA_READ_CONSUME_CHECK_CONSUMER) timestamp=5860 ms, used_size=7954432 bytes (19.4%)
(RDMA_READ_CONSUME_CHECK_CONSUMER) timestamp=5860 ms, used_size=7952384 bytes (19.4%)
(RDMA_READ_CONSUME_CHECK_CONSUMER) timestamp=5860 ms, used_size=7950336 bytes (19.4%)
(RDMA_READ_CONSUME_CHECK_CONSUMER) timestamp=5860 ms, used_size=7948288 bytes (19.4%)
(RDMA_READ_CONSUME_CHECK_CONSUMER) timestamp=5860 ms, used_size=7946240 bytes (19.4%)
(RDMA_READ_CONSUME_CHECK_CONSUMER) timestamp=5860 ms, used_size=7944192 bytes (19.4%)
(RDMA_READ_CONSUME_CHECK_CONSUMER) timestamp=5860 ms, used_size=7942144 bytes (19.4%)
(RDMA_READ_CONSUME_CHECK_CONSUMER) timestamp=5860 ms, used_size=7940096 bytes (19.4%)
(RDMA_READ_CONSUME_CHECK_CONSUMER) timestamp=5860 ms, used_size=7938048 bytes (19.4%)
(RDMA_READ_CONSUME_CHECK_CONSUMER) timestamp=5860 ms, used_size=7936000 bytes (19.4%)
(RDMA_READ_CONSUME_CHECK_CONSUMER) timestamp=5860 ms, used_size=7933952 bytes (19.4%)
(RDMA_READ_CONSUME_CHECK_CONSUMER) timestamp=5860 ms, used_size=7931904 bytes (19.4%)
(RDMA_READ_CONSUME_CHECK_CONSUMER) timestamp=5860 ms, used_size=7929856 bytes (19.4%)
(RDMA_READ_CONSUME_CHECK_CONSUMER) timestamp=5860 ms, used_size=7927808 bytes (19.4%)
(RDMA_READ_CONSUME_CHECK_CONSUMER) timestamp=5860 ms, used_size=7925760 bytes (19.4%)
(RDMA_READ_CONSUME_CHECK_CONSUMER) timestamp=5860 ms, used_size=7923712 bytes (19.3%)
(RDMA_READ_CONSUME_CHECK_CONSUMER) timestamp=5860 ms, used_size=7921664 bytes (19.3%)
(RDMA_READ_CONSUME_CHECK_CONSUMER) timestamp=5860 ms, used_size=7919616 bytes (19.3%)
(RDMA_READ_CONSUME_CHECK_CONSUMER) timestamp=5860 ms, used_size=7917568 bytes (19.3%)
(RDMA_READ_CONSUME_CHECK_CONSUMER) timestamp=5860 ms, used_size=7915520 bytes (19.3%)
(RDMA_READ_CONSUME_CHECK_CONSUMER) timestamp=5860 ms, used_size=7913472 bytes (19.3%)
(RDMA_READ_CONSUME_CHECK_CONSUMER) timestamp=5860 ms, used_size=7911424 bytes (19.3%)
(RDMA_READ_CONSUME_CHECK_CONSUMER) timestamp=5860 ms, used_size=7909376 bytes (19.3%)
(RDMA_READ_CONSUME_CHECK_CONSUMER) timestamp=5860 ms, used_size=7907328 bytes (19.3%)
(RDMA_READ_CONSUME_CHECK_CONSUMER) timestamp=5860 ms, used_size=7905280 bytes (19.3%)
(RDMA_READ_CONSUME_CHECK_CONSUMER) timestamp=5860 ms, used_size=7903232 bytes (19.3%)
(RDMA_READ_CONSUME_CHECK_CONSUMER) timestamp=5860 ms, used_size=7901184 bytes (19.3%)
(RDMA_READ_CONSUME_CHECK_CONSUMER) timestamp=5860 ms, used_size=7899136 bytes (19.3%)
(RDMA_READ_CONSUME_CHECK_CONSUMER) timestamp=5860 ms, used_size=7897088 bytes (19.3%)
(RDMA_READ_CONSUME_CHECK_CONSUMER) timestamp=5860 ms, used_size=7895040 bytes (19.3%)
(RDMA_READ_CONSUME_CHECK_CONSUMER) timestamp=5860 ms, used_size=7892992 bytes (19.3%)
(RDMA_READ_CONSUME_CHECK_CONSUMER) timestamp=5860 ms, used_size=7890944 bytes (19.3%)
(RDMA_READ_CONSUME_CHECK_CONSUMER) timestamp=5860 ms, used_size=7888896 bytes (19.3%)
(RDMA_READ_CONSUME_CHECK_CONSUMER) timestamp=5861 ms, used_size=7886848 bytes (19.3%)
(RDMA_READ_CONSUME_CHECK_CONSUMER) timestamp=5861 ms, used_size=7884800 bytes (19.2%)
(RDMA_READ_CONSUME_CHECK_CONSUMER) timestamp=5861 ms, used_size=7882752 bytes (19.2%)
(RDMA_READ_CONSUME_CHECK_CONSUMER) timestamp=5861 ms, used_size=7880704 bytes (19.2%)
(RDMA_READ_CONSUME_CHECK_CONSUMER) timestamp=5861 ms, used_size=7878656 bytes (19.2%)
(RDMA_READ_CONSUME_CHECK_CONSUMER) timestamp=5861 ms, used_size=7876608 bytes (19.2%)
(RDMA_READ_CONSUME_CHECK_CONSUMER) timestamp=5861 ms, used_size=7874560 bytes (19.2%)
(RDMA_READ_CONSUME_CHECK_CONSUMER) timestamp=5861 ms, used_size=7872512 bytes (19.2%)
(RDMA_READ_CONSUME_CHECK_CONSUMER) timestamp=5861 ms, used_size=7870464 bytes (19.2%)
(RDMA_READ_CONSUME_CHECK_CONSUMER) timestamp=5861 ms, used_size=7868416 bytes (19.2%)
(RDMA_READ_CONSUME_CHECK_CONSUMER) timestamp=5861 ms, used_size=7866368 bytes (19.2%)
(RDMA_READ_CONSUME_CHECK_CONSUMER) timestamp=5861 ms, used_size=7864320 bytes (19.2%)
(RDMA_READ_CONSUME_CHECK_CONSUMER) timestamp=5861 ms, used_size=7862272 bytes (19.2%)
(RDMA_READ_CONSUME_CHECK_CONSUMER) timestamp=5861 ms, used_size=7860224 bytes (19.2%)
(RDMA_READ_CONSUME_CHECK_CONSUMER) timestamp=5861 ms, used_size=7858176 bytes (19.2%)
(RDMA_READ_CONSUME_CHECK_CONSUMER) timestamp=5861 ms, used_size=7856128 bytes (19.2%)
(RDMA_READ_CONSUME_CHECK_CONSUMER) timestamp=5861 ms, used_size=7854080 bytes (19.2%)
(RDMA_READ_CONSUME_CHECK_CONSUMER) timestamp=5861 ms, used_size=7852032 bytes (19.2%)
(RDMA_READ_CONSUME_CHECK_CONSUMER) timestamp=5861 ms, used_size=7849984 bytes (19.2%)
(RDMA_READ_CONSUME_CHECK_CONSUMER) timestamp=5861 ms, used_size=7847936 bytes (19.2%)
(RDMA_READ_CONSUME_CHECK_CONSUMER) timestamp=5861 ms, used_size=7845888 bytes (19.2%)
(RDMA_READ_CONSUME_CHECK_CONSUMER) timestamp=5861 ms, used_size=7843840 bytes (19.1%)
(RDMA_READ_CONSUME_CHECK_CONSUMER) timestamp=5861 ms, used_size=7841792 bytes (19.1%)
(RDMA_READ_CONSUME_CHECK_CONSUMER) timestamp=5861 ms, used_size=7839744 bytes (19.1%)
(RDMA_READ_CONSUME_CHECK_CONSUMER) timestamp=5861 ms, used_size=7837696 bytes (19.1%)
(RDMA_READ_CONSUME_CHECK_CONSUMER) timestamp=5861 ms, used_size=7835648 bytes (19.1%)
(RDMA_READ_CONSUME_CHECK_CONSUMER) timestamp=5861 ms, used_size=7833600 bytes (19.1%)
(RDMA_READ_CONSUME_CHECK_CONSUMER) timestamp=5861 ms, used_size=7831552 bytes (19.1%)
(RDMA_READ_CONSUME_CHECK_CONSUMER) timestamp=5861 ms, used_size=7829504 bytes (19.1%)
(RDMA_READ_CONSUME_CHECK_CONSUMER) timestamp=5861 ms, used_size=7827456 bytes (19.1%)
(RDMA_READ_CONSUME_CHECK_CONSUMER) timestamp=5861 ms, used_size=7825408 bytes (19.1%)
(RDMA_READ_CONSUME_CHECK_CONSUMER) timestamp=5861 ms, used_size=7823360 bytes (19.1%)
(RDMA_READ_CONSUME_CHECK_CONSUMER) timestamp=5861 ms, used_size=7821312 bytes (19.1%)
(RDMA_READ_CONSUME_CHECK_CONSUMER) timestamp=5861 ms, used_size=7819264 bytes (19.1%)
(RDMA_READ_CONSUME_CHECK_CONSUMER) timestamp=5861 ms, used_size=7817216 bytes (19.1%)
(RDMA_READ_CONSUME_CHECK_CONSUMER) timestamp=5861 ms, used_size=7815168 bytes (19.1%)
(RDMA_READ_CONSUME_CHECK_CONSUMER) timestamp=5861 ms, used_size=7813120 bytes (19.1%)
(RDMA_READ_CONSUME_CHECK_CONSUMER) timestamp=5861 ms, used_size=7811072 bytes (19.1%)
(RDMA_READ_CONSUME_CHECK_CONSUMER) timestamp=5861 ms, used_size=7809024 bytes (19.1%)
(RDMA_READ_CONSUME_CHECK_CONSUMER) timestamp=5861 ms, used_size=7806976 bytes (19.1%)
(RDMA_READ_CONSUME_CHECK_CONSUMER) timestamp=5861 ms, used_size=7804928 bytes (19.1%)
(RDMA_READ_CONSUME_CHECK_CONSUMER) timestamp=5861 ms, used_size=7802880 bytes (19.1%)
(RDMA_READ_CONSUME_CHECK_CONSUMER) timestamp=5861 ms, used_size=7800832 bytes (19.0%)
(RDMA_READ_CONSUME_CHECK_CONSUMER) timestamp=5861 ms, used_size=7798784 bytes (19.0%)
(RDMA_READ_CONSUME_CHECK_CONSUMER) timestamp=5861 ms, used_size=7796736 bytes (19.0%)
(RDMA_READ_CONSUME_CHECK_CONSUMER) timestamp=5861 ms, used_size=7794688 bytes (19.0%)
(RDMA_READ_CONSUME_CHECK_CONSUMER) timestamp=5861 ms, used_size=7792640 bytes (19.0%)
(RDMA_READ_CONSUME_CHECK_CONSUMER) timestamp=5861 ms, used_size=7790592 bytes (19.0%)
(RDMA_READ_CONSUME_CHECK_CONSUMER) timestamp=5861 ms, used_size=7788544 bytes (19.0%)
(RDMA_READ_CONSUME_CHECK_CONSUMER) timestamp=5861 ms, used_size=7786496 bytes (19.0%)
(RDMA_READ_CONSUME_CHECK_CONSUMER) timestamp=5861 ms, used_size=7784448 bytes (19.0%)
(RDMA_READ_CONSUME_CHECK_CONSUMER) timestamp=5861 ms, used_size=7782400 bytes (19.0%)
(RDMA_READ_CONSUME_CHECK_CONSUMER) timestamp=5861 ms, used_size=7780352 bytes (19.0%)
(RDMA_READ_CONSUME_CHECK_CONSUMER) timestamp=5861 ms, used_size=7778304 bytes (19.0%)
(RDMA_READ_CONSUME_CHECK_CONSUMER) timestamp=5861 ms, used_size=7776256 bytes (19.0%)
(RDMA_READ_CONSUME_CHECK_CONSUMER) timestamp=5861 ms, used_size=7774208 bytes (19.0%)
(RDMA_READ_CONSUME_CHECK_CONSUMER) timestamp=5861 ms, used_size=7772160 bytes (19.0%)
(RDMA_READ_CONSUME_CHECK_CONSUMER) timestamp=5861 ms, used_size=7770112 bytes (19.0%)
(RDMA_READ_CONSUME_CHECK_CONSUMER) timestamp=5861 ms, used_size=7768064 bytes (19.0%)
(RDMA_READ_CONSUME_CHECK_CONSUMER) timestamp=5861 ms, used_size=7766016 bytes (19.0%)
(RDMA_READ_CONSUME_CHECK_CONSUMER) timestamp=5861 ms, used_size=7763968 bytes (19.0%)
(RDMA_READ_CONSUME_CHECK_CONSUMER) timestamp=5861 ms, used_size=7761920 bytes (18.9%)
(RDMA_READ_CONSUME_CHECK_CONSUMER) timestamp=5861 ms, used_size=7759872 bytes (18.9%)
(RDMA_READ_CONSUME_CHECK_CONSUMER) timestamp=5861 ms, used_size=7757824 bytes (18.9%)
(RDMA_READ_CONSUME_CHECK_CONSUMER) timestamp=5861 ms, used_size=7755776 bytes (18.9%)
(RDMA_READ_CONSUME_CHECK_CONSUMER) timestamp=5861 ms, used_size=7753728 bytes (18.9%)
(RDMA_READ_CONSUME_CHECK_CONSUMER) timestamp=5861 ms, used_size=7751680 bytes (18.9%)
(RDMA_READ_CONSUME_CHECK_CONSUMER) timestamp=5861 ms, used_size=7749632 bytes (18.9%)
(RDMA_READ_CONSUME_CHECK_CONSUMER) timestamp=5861 ms, used_size=7747584 bytes (18.9%)
(RDMA_READ_CONSUME_CHECK_CONSUMER) timestamp=5861 ms, used_size=7745536 bytes (18.9%)
(RDMA_READ_CONSUME_CHECK_CONSUMER) timestamp=5861 ms, used_size=7743488 bytes (18.9%)
(RDMA_READ_CONSUME_CHECK_CONSUMER) timestamp=5861 ms, used_size=7741440 bytes (18.9%)
(RDMA_READ_CONSUME_CHECK_CONSUMER) timestamp=5861 ms, used_size=7739392 bytes (18.9%)
(RDMA_READ_CONSUME_CHECK_CONSUMER) timestamp=5861 ms, used_size=7737344 bytes (18.9%)
(RDMA_READ_CONSUME_CHECK_CONSUMER) timestamp=5861 ms, used_size=7735296 bytes (18.9%)
(RDMA_READ_CONSUME_CHECK_CONSUMER) timestamp=5861 ms, used_size=7733248 bytes (18.9%)
(RDMA_READ_CONSUME_CHECK_CONSUMER) timestamp=5861 ms, used_size=7731200 bytes (18.9%)
(RDMA_READ_CONSUME_CHECK_CONSUMER) timestamp=5861 ms, used_size=7729152 bytes (18.9%)
(RDMA_READ_CONSUME_CHECK_CONSUMER) timestamp=5861 ms, used_size=7727104 bytes (18.9%)
(RDMA_READ_CONSUME_CHECK_CONSUMER) timestamp=5861 ms, used_size=7725056 bytes (18.9%)
(RDMA_READ_CONSUME_CHECK_CONSUMER) timestamp=5861 ms, used_size=7723008 bytes (18.9%)
(RDMA_READ_CONSUME_CHECK_CONSUMER) timestamp=5861 ms, used_size=7720960 bytes (18.9%)
(RDMA_READ_CONSUME_CHECK_CONSUMER) timestamp=5861 ms, used_size=7718912 bytes (18.8%)
(RDMA_READ_CONSUME_CHECK_CONSUMER) timestamp=5861 ms, used_size=7716864 bytes (18.8%)
(RDMA_READ_CONSUME_CHECK_CONSUMER) timestamp=5861 ms, used_size=7714816 bytes (18.8%)
(RDMA_READ_CONSUME_CHECK_CONSUMER) timestamp=5861 ms, used_size=7712768 bytes (18.8%)
(RDMA_READ_CONSUME_CHECK_CONSUMER) timestamp=5861 ms, used_size=7710720 bytes (18.8%)
(RDMA_READ_CONSUME_CHECK_CONSUMER) timestamp=5861 ms, used_size=7708672 bytes (18.8%)
(RDMA_READ_CONSUME_CHECK_CONSUMER) timestamp=5861 ms, used_size=7706624 bytes (18.8%)
(RDMA_READ_CONSUME_CHECK_CONSUMER) timestamp=5861 ms, used_size=7704576 bytes (18.8%)
(RDMA_READ_CONSUME_CHECK_CONSUMER) timestamp=5861 ms, used_size=7702528 bytes (18.8%)
(RDMA_READ_CONSUME_CHECK_CONSUMER) timestamp=5861 ms, used_size=7700480 bytes (18.8%)
(RDMA_READ_CONSUME_CHECK_CONSUMER) timestamp=5861 ms, used_size=7698432 bytes (18.8%)
(RDMA_READ_CONSUME_CHECK_CONSUMER) timestamp=5861 ms, used_size=7696384 bytes (18.8%)
(RDMA_READ_CONSUME_CHECK_CONSUMER) timestamp=5861 ms, used_size=7694336 bytes (18.8%)
(RDMA_READ_CONSUME_CHECK_CONSUMER) timestamp=5861 ms, used_size=7692288 bytes (18.8%)
(RDMA_READ_CONSUME_CHECK_CONSUMER) timestamp=5861 ms, used_size=7690240 bytes (18.8%)
(RDMA_READ_CONSUME_CHECK_CONSUMER) timestamp=5861 ms, used_size=7688192 bytes (18.8%)
(RDMA_READ_CONSUME_CHECK_CONSUMER) timestamp=5861 ms, used_size=7686144 bytes (18.8%)
(RDMA_READ_CONSUME_CHECK_CONSUMER) timestamp=5861 ms, used_size=7684096 bytes (18.8%)
(RDMA_READ_CONSUME_CHECK_CONSUMER) timestamp=5861 ms, used_size=7682048 bytes (18.8%)
(RDMA_READ_CONSUME_CHECK_CONSUMER) timestamp=5861 ms, used_size=7680000 bytes (18.8%)
(RDMA_READ_CONSUME_CHECK_CONSUMER) timestamp=5861 ms, used_size=7677952 bytes (18.7%)
(RDMA_READ_CONSUME_CHECK_CONSUMER) timestamp=5861 ms, used_size=7675904 bytes (18.7%)
(RDMA_READ_CONSUME_CHECK_CONSUMER) timestamp=5861 ms, used_size=7673856 bytes (18.7%)
(RDMA_READ_CONSUME_CHECK_CONSUMER) timestamp=5861 ms, used_size=7671808 bytes (18.7%)
(RDMA_READ_CONSUME_CHECK_CONSUMER) timestamp=5861 ms, used_size=7669760 bytes (18.7%)
(RDMA_READ_CONSUME_CHECK_CONSUMER) timestamp=5861 ms, used_size=7667712 bytes (18.7%)
(RDMA_READ_CONSUME_CHECK_CONSUMER) timestamp=5861 ms, used_size=7665664 bytes (18.7%)
(RDMA_READ_CONSUME_CHECK_CONSUMER) timestamp=5861 ms, used_size=7663616 bytes (18.7%)
(RDMA_READ_CONSUME_CHECK_CONSUMER) timestamp=5861 ms, used_size=7661568 bytes (18.7%)
(RDMA_READ_CONSUME_CHECK_CONSUMER) timestamp=5861 ms, used_size=7659520 bytes (18.7%)
(RDMA_READ_CONSUME_CHECK_CONSUMER) timestamp=5861 ms, used_size=7657472 bytes (18.7%)
(RDMA_READ_CONSUME_CHECK_CONSUMER) timestamp=5861 ms, used_size=7655424 bytes (18.7%)
(RDMA_READ_CONSUME_CHECK_CONSUMER) timestamp=5861 ms, used_size=7653376 bytes (18.7%)
(RDMA_READ_CONSUME_CHECK_CONSUMER) timestamp=5861 ms, used_size=7651328 bytes (18.7%)
(RDMA_READ_CONSUME_CHECK_CONSUMER) timestamp=5861 ms, used_size=7649280 bytes (18.7%)
(RDMA_READ_CONSUME_CHECK_CONSUMER) timestamp=5861 ms, used_size=7647232 bytes (18.7%)
(RDMA_READ_CONSUME_CHECK_CONSUMER) timestamp=5861 ms, used_size=7645184 bytes (18.7%)
(RDMA_READ_CONSUME_CHECK_CONSUMER) timestamp=5861 ms, used_size=7643136 bytes (18.7%)
(RDMA_READ_CONSUME_CHECK_CONSUMER) timestamp=5861 ms, used_size=7641088 bytes (18.7%)
(RDMA_READ_CONSUME_CHECK_CONSUMER) timestamp=5861 ms, used_size=7639040 bytes (18.6%)
(RDMA_READ_CONSUME_CHECK_CONSUMER) timestamp=5861 ms, used_size=7636992 bytes (18.6%)
(RDMA_READ_CONSUME_CHECK_CONSUMER) timestamp=5861 ms, used_size=7634944 bytes (18.6%)
(RDMA_READ_CONSUME_CHECK_CONSUMER) timestamp=5861 ms, used_size=7632896 bytes (18.6%)
(RDMA_READ_CONSUME_CHECK_CONSUMER) timestamp=5861 ms, used_size=7630848 bytes (18.6%)
(RDMA_READ_CONSUME_CHECK_CONSUMER) timestamp=5861 ms, used_size=7628800 bytes (18.6%)
(RDMA_READ_CONSUME_CHECK_CONSUMER) timestamp=5861 ms, used_size=7626752 bytes (18.6%)
(RDMA_READ_CONSUME_CHECK_CONSUMER) timestamp=5861 ms, used_size=7624704 bytes (18.6%)
(RDMA_READ_CONSUME_CHECK_CONSUMER) timestamp=5861 ms, used_size=7622656 bytes (18.6%)
(RDMA_READ_CONSUME_CHECK_CONSUMER) timestamp=5861 ms, used_size=7620608 bytes (18.6%)
(RDMA_READ_CONSUME_CHECK_CONSUMER) timestamp=5861 ms, used_size=7618560 bytes (18.6%)
(RDMA_READ_CONSUME_CHECK_CONSUMER) timestamp=5861 ms, used_size=7616512 bytes (18.6%)
(RDMA_READ_CONSUME_CHECK_CONSUMER) timestamp=5861 ms, used_size=7614464 bytes (18.6%)
(RDMA_READ_CONSUME_CHECK_CONSUMER) timestamp=5861 ms, used_size=7612416 bytes (18.6%)
(RDMA_READ_CONSUME_CHECK_CONSUMER) timestamp=5861 ms, used_size=7610368 bytes (18.6%)
(RDMA_READ_CONSUME_CHECK_CONSUMER) timestamp=5861 ms, used_size=7608320 bytes (18.6%)
(RDMA_READ_CONSUME_CHECK_CONSUMER) timestamp=5861 ms, used_size=7606272 bytes (18.6%)
(RDMA_READ_CONSUME_CHECK_CONSUMER) timestamp=5861 ms, used_size=7604224 bytes (18.6%)
(RDMA_READ_CONSUME_CHECK_CONSUMER) timestamp=5861 ms, used_size=7602176 bytes (18.6%)
(RDMA_READ_CONSUME_CHECK_CONSUMER) timestamp=5861 ms, used_size=7600128 bytes (18.6%)
(RDMA_READ_CONSUME_CHECK_CONSUMER) timestamp=5861 ms, used_size=7598080 bytes (18.6%)
(RDMA_READ_CONSUME_CHECK_CONSUMER) timestamp=5861 ms, used_size=7596032 bytes (18.5%)
(RDMA_READ_CONSUME_CHECK_CONSUMER) timestamp=5861 ms, used_size=7593984 bytes (18.5%)
(RDMA_READ_CONSUME_CHECK_CONSUMER) timestamp=5861 ms, used_size=7591936 bytes (18.5%)
(RDMA_READ_CONSUME_CHECK_CONSUMER) timestamp=5861 ms, used_size=7589888 bytes (18.5%)
(RDMA_READ_CONSUME_CHECK_CONSUMER) timestamp=5861 ms, used_size=7587840 bytes (18.5%)
(RDMA_READ_CONSUME_CHECK_CONSUMER) timestamp=5861 ms, used_size=7585792 bytes (18.5%)
(RDMA_READ_CONSUME_CHECK_CONSUMER) timestamp=5861 ms, used_size=7583744 bytes (18.5%)
(RDMA_READ_CONSUME_CHECK_CONSUMER) timestamp=5861 ms, used_size=7581696 bytes (18.5%)
(RDMA_READ_CONSUME_CHECK_CONSUMER) timestamp=5861 ms, used_size=7579648 bytes (18.5%)
(RDMA_READ_CONSUME_CHECK_CONSUMER) timestamp=5861 ms, used_size=7577600 bytes (18.5%)
(RDMA_READ_CONSUME_CHECK_CONSUMER) timestamp=5861 ms, used_size=7575552 bytes (18.5%)
(RDMA_READ_CONSUME_CHECK_CONSUMER) timestamp=5861 ms, used_size=7573504 bytes (18.5%)
(RDMA_READ_CONSUME_CHECK_CONSUMER) timestamp=5861 ms, used_size=7571456 bytes (18.5%)
(RDMA_READ_CONSUME_CHECK_CONSUMER) timestamp=5861 ms, used_size=7569408 bytes (18.5%)
(RDMA_READ_CONSUME_CHECK_CONSUMER) timestamp=5861 ms, used_size=7567360 bytes (18.5%)
(RDMA_READ_CONSUME_CHECK_CONSUMER) timestamp=5861 ms, used_size=7565312 bytes (18.5%)
(RDMA_READ_CONSUME_CHECK_CONSUMER) timestamp=5861 ms, used_size=7563264 bytes (18.5%)
(RDMA_READ_CONSUME_CHECK_CONSUMER) timestamp=5861 ms, used_size=7561216 bytes (18.5%)
(RDMA_READ_CONSUME_CHECK_CONSUMER) timestamp=5861 ms, used_size=7559168 bytes (18.5%)
(RDMA_READ_CONSUME_CHECK_CONSUMER) timestamp=5861 ms, used_size=7557120 bytes (18.4%)
(RDMA_READ_CONSUME_CHECK_CONSUMER) timestamp=5861 ms, used_size=7555072 bytes (18.4%)
(RDMA_READ_CONSUME_CHECK_CONSUMER) timestamp=5862 ms, used_size=7553024 bytes (18.4%)
(RDMA_READ_CONSUME_CHECK_CONSUMER) timestamp=5862 ms, used_size=7550976 bytes (18.4%)
(RDMA_READ_CONSUME_CHECK_CONSUMER) timestamp=5862 ms, used_size=7548928 bytes (18.4%)
(RDMA_READ_CONSUME_CHECK_CONSUMER) timestamp=5862 ms, used_size=7546880 bytes (18.4%)
(RDMA_READ_CONSUME_CHECK_CONSUMER) timestamp=5862 ms, used_size=7544832 bytes (18.4%)
(RDMA_READ_CONSUME_CHECK_CONSUMER) timestamp=5862 ms, used_size=7542784 bytes (18.4%)
(RDMA_READ_CONSUME_CHECK_CONSUMER) timestamp=5862 ms, used_size=7540736 bytes (18.4%)
(RDMA_READ_CONSUME_CHECK_CONSUMER) timestamp=5862 ms, used_size=7538688 bytes (18.4%)
(RDMA_READ_CONSUME_CHECK_CONSUMER) timestamp=5862 ms, used_size=7536640 bytes (18.4%)
(RDMA_READ_CONSUME_CHECK_CONSUMER) timestamp=5862 ms, used_size=7534592 bytes (18.4%)
(RDMA_READ_CONSUME_CHECK_CONSUMER) timestamp=5862 ms, used_size=7532544 bytes (18.4%)
(RDMA_READ_CONSUME_CHECK_CONSUMER) timestamp=5862 ms, used_size=7530496 bytes (18.4%)
(RDMA_READ_CONSUME_CHECK_CONSUMER) timestamp=5862 ms, used_size=7528448 bytes (18.4%)
(RDMA_READ_CONSUME_CHECK_CONSUMER) timestamp=5862 ms, used_size=7526400 bytes (18.4%)
(RDMA_READ_CONSUME_CHECK_CONSUMER) timestamp=5862 ms, used_size=7524352 bytes (18.4%)
(RDMA_READ_CONSUME_CHECK_CONSUMER) timestamp=5862 ms, used_size=7522304 bytes (18.4%)
(RDMA_READ_CONSUME_CHECK_CONSUMER) timestamp=5862 ms, used_size=7520256 bytes (18.4%)
(RDMA_READ_CONSUME_CHECK_CONSUMER) timestamp=5862 ms, used_size=7518208 bytes (18.4%)
(RDMA_READ_CONSUME_CHECK_CONSUMER) timestamp=5862 ms, used_size=7516160 bytes (18.4%)
(RDMA_READ_CONSUME_CHECK_CONSUMER) timestamp=5862 ms, used_size=7514112 bytes (18.3%)
(RDMA_READ_CONSUME_CHECK_CONSUMER) timestamp=5862 ms, used_size=7512064 bytes (18.3%)
(RDMA_READ_CONSUME_CHECK_CONSUMER) timestamp=5862 ms, used_size=7510016 bytes (18.3%)
(RDMA_READ_CONSUME_CHECK_CONSUMER) timestamp=5862 ms, used_size=7507968 bytes (18.3%)
(RDMA_READ_CONSUME_CHECK_CONSUMER) timestamp=5862 ms, used_size=7505920 bytes (18.3%)
(RDMA_READ_CONSUME_CHECK_CONSUMER) timestamp=5862 ms, used_size=7503872 bytes (18.3%)
(RDMA_READ_CONSUME_CHECK_CONSUMER) timestamp=5862 ms, used_size=7501824 bytes (18.3%)
(RDMA_READ_CONSUME_CHECK_CONSUMER) timestamp=5862 ms, used_size=7499776 bytes (18.3%)
(RDMA_READ_CONSUME_CHECK_CONSUMER) timestamp=5862 ms, used_size=7497728 bytes (18.3%)
(RDMA_READ_CONSUME_CHECK_CONSUMER) timestamp=5862 ms, used_size=7495680 bytes (18.3%)
(RDMA_READ_CONSUME_CHECK_CONSUMER) timestamp=5862 ms, used_size=7493632 bytes (18.3%)
(RDMA_READ_CONSUME_CHECK_CONSUMER) timestamp=5862 ms, used_size=7491584 bytes (18.3%)
(RDMA_READ_CONSUME_CHECK_CONSUMER) timestamp=5862 ms, used_size=7489536 bytes (18.3%)
(RDMA_READ_CONSUME_CHECK_CONSUMER) timestamp=5862 ms, used_size=7487488 bytes (18.3%)
(RDMA_READ_CONSUME_CHECK_CONSUMER) timestamp=5862 ms, used_size=7485440 bytes (18.3%)
(RDMA_READ_CONSUME_CHECK_CONSUMER) timestamp=5862 ms, used_size=7483392 bytes (18.3%)
(RDMA_READ_CONSUME_CHECK_CONSUMER) timestamp=5862 ms, used_size=7481344 bytes (18.3%)
(RDMA_READ_CONSUME_CHECK_CONSUMER) timestamp=5862 ms, used_size=7479296 bytes (18.3%)
(RDMA_READ_CONSUME_CHECK_CONSUMER) timestamp=5862 ms, used_size=7477248 bytes (18.3%)
(RDMA_READ_CONSUME_CHECK_CONSUMER) timestamp=5862 ms, used_size=7475200 bytes (18.2%)
(RDMA_READ_CONSUME_CHECK_CONSUMER) timestamp=5862 ms, used_size=7473152 bytes (18.2%)
(RDMA_READ_CONSUME_CHECK_CONSUMER) timestamp=5862 ms, used_size=7471104 bytes (18.2%)
(RDMA_READ_CONSUME_CHECK_CONSUMER) timestamp=5862 ms, used_size=7469056 bytes (18.2%)
(RDMA_READ_CONSUME_CHECK_CONSUMER) timestamp=5862 ms, used_size=7467008 bytes (18.2%)
(RDMA_READ_CONSUME_CHECK_CONSUMER) timestamp=5862 ms, used_size=7464960 bytes (18.2%)
(RDMA_READ_CONSUME_CHECK_CONSUMER) timestamp=5862 ms, used_size=7462912 bytes (18.2%)
(RDMA_READ_CONSUME_CHECK_CONSUMER) timestamp=5862 ms, used_size=7460864 bytes (18.2%)
(RDMA_READ_CONSUME_CHECK_CONSUMER) timestamp=5862 ms, used_size=7458816 bytes (18.2%)
(RDMA_READ_CONSUME_CHECK_CONSUMER) timestamp=5862 ms, used_size=7456768 bytes (18.2%)
(RDMA_READ_CONSUME_CHECK_CONSUMER) timestamp=5862 ms, used_size=7454720 bytes (18.2%)
(RDMA_READ_CONSUME_CHECK_CONSUMER) timestamp=5862 ms, used_size=7452672 bytes (18.2%)
(RDMA_READ_CONSUME_CHECK_CONSUMER) timestamp=5862 ms, used_size=7450624 bytes (18.2%)
(RDMA_READ_CONSUME_CHECK_CONSUMER) timestamp=5862 ms, used_size=7448576 bytes (18.2%)
(RDMA_READ_CONSUME_CHECK_CONSUMER) timestamp=5862 ms, used_size=7446528 bytes (18.2%)
(RDMA_READ_CONSUME_CHECK_CONSUMER) timestamp=5862 ms, used_size=7444480 bytes (18.2%)
(RDMA_READ_CONSUME_CHECK_CONSUMER) timestamp=5862 ms, used_size=7442432 bytes (18.2%)
(RDMA_READ_CONSUME_CHECK_CONSUMER) timestamp=5862 ms, used_size=7440384 bytes (18.2%)
(RDMA_READ_CONSUME_CHECK_CONSUMER) timestamp=5862 ms, used_size=7438336 bytes (18.2%)
(RDMA_READ_CONSUME_CHECK_CONSUMER) timestamp=5862 ms, used_size=7436288 bytes (18.2%)
(RDMA_READ_CONSUME_CHECK_CONSUMER) timestamp=5862 ms, used_size=7434240 bytes (18.1%)
(RDMA_READ_CONSUME_CHECK_CONSUMER) timestamp=5862 ms, used_size=7432192 bytes (18.1%)
(RDMA_READ_CONSUME_CHECK_CONSUMER) timestamp=5862 ms, used_size=7430144 bytes (18.1%)
(RDMA_READ_CONSUME_CHECK_CONSUMER) timestamp=5862 ms, used_size=7428096 bytes (18.1%)
(RDMA_READ_CONSUME_CHECK_CONSUMER) timestamp=5862 ms, used_size=7426048 bytes (18.1%)
(RDMA_READ_CONSUME_CHECK_CONSUMER) timestamp=5862 ms, used_size=7424000 bytes (18.1%)
(RDMA_READ_CONSUME_CHECK_CONSUMER) timestamp=5862 ms, used_size=7421952 bytes (18.1%)
(RDMA_READ_CONSUME_CHECK_CONSUMER) timestamp=5862 ms, used_size=7419904 bytes (18.1%)
(RDMA_READ_CONSUME_CHECK_CONSUMER) timestamp=5862 ms, used_size=7417856 bytes (18.1%)
(RDMA_READ_CONSUME_CHECK_CONSUMER) timestamp=5862 ms, used_size=7415808 bytes (18.1%)
(RDMA_READ_CONSUME_CHECK_CONSUMER) timestamp=5862 ms, used_size=7413760 bytes (18.1%)
(RDMA_READ_CONSUME_CHECK_CONSUMER) timestamp=5862 ms, used_size=7411712 bytes (18.1%)
(RDMA_READ_CONSUME_CHECK_CONSUMER) timestamp=5862 ms, used_size=7409664 bytes (18.1%)
(RDMA_READ_CONSUME_CHECK_CONSUMER) timestamp=5862 ms, used_size=7407616 bytes (18.1%)
(RDMA_READ_CONSUME_CHECK_CONSUMER) timestamp=5862 ms, used_size=7405568 bytes (18.1%)
(RDMA_READ_CONSUME_CHECK_CONSUMER) timestamp=5862 ms, used_size=7403520 bytes (18.1%)
(RDMA_READ_CONSUME_CHECK_CONSUMER) timestamp=5862 ms, used_size=7401472 bytes (18.1%)
(RDMA_READ_CONSUME_CHECK_CONSUMER) timestamp=5862 ms, used_size=7399424 bytes (18.1%)
(RDMA_READ_CONSUME_CHECK_CONSUMER) timestamp=5862 ms, used_size=7397376 bytes (18.1%)
(RDMA_READ_CONSUME_CHECK_CONSUMER) timestamp=5862 ms, used_size=7395328 bytes (18.1%)
(RDMA_READ_CONSUME_CHECK_CONSUMER) timestamp=5862 ms, used_size=7393280 bytes (18.1%)
(RDMA_READ_CONSUME_CHECK_CONSUMER) timestamp=5862 ms, used_size=7391232 bytes (18.0%)
(RDMA_READ_CONSUME_CHECK_CONSUMER) timestamp=5862 ms, used_size=7389184 bytes (18.0%)
(RDMA_READ_CONSUME_CHECK_CONSUMER) timestamp=5862 ms, used_size=7387136 bytes (18.0%)
(RDMA_READ_CONSUME_CHECK_CONSUMER) timestamp=5862 ms, used_size=7385088 bytes (18.0%)
(RDMA_READ_CONSUME_CHECK_CONSUMER) timestamp=5862 ms, used_size=7383040 bytes (18.0%)
(RDMA_READ_CONSUME_CHECK_CONSUMER) timestamp=5862 ms, used_size=7380992 bytes (18.0%)
(RDMA_READ_CONSUME_CHECK_CONSUMER) timestamp=5862 ms, used_size=7378944 bytes (18.0%)
(RDMA_READ_CONSUME_CHECK_CONSUMER) timestamp=5862 ms, used_size=7376896 bytes (18.0%)
(RDMA_READ_CONSUME_CHECK_CONSUMER) timestamp=5862 ms, used_size=7374848 bytes (18.0%)
(RDMA_READ_CONSUME_CHECK_CONSUMER) timestamp=5862 ms, used_size=7372800 bytes (18.0%)
(RDMA_READ_CONSUME_CHECK_CONSUMER) timestamp=5862 ms, used_size=7370752 bytes (18.0%)
(RDMA_READ_CONSUME_CHECK_CONSUMER) timestamp=5862 ms, used_size=7368704 bytes (18.0%)
(RDMA_READ_CONSUME_CHECK_CONSUMER) timestamp=5862 ms, used_size=7366656 bytes (18.0%)
(RDMA_READ_CONSUME_CHECK_CONSUMER) timestamp=5862 ms, used_size=7364608 bytes (18.0%)
(RDMA_READ_CONSUME_CHECK_CONSUMER) timestamp=5862 ms, used_size=7362560 bytes (18.0%)
(RDMA_READ_CONSUME_CHECK_CONSUMER) timestamp=5862 ms, used_size=7360512 bytes (18.0%)
(RDMA_READ_CONSUME_CHECK_CONSUMER) timestamp=5862 ms, used_size=7358464 bytes (18.0%)
(RDMA_READ_CONSUME_CHECK_CONSUMER) timestamp=5862 ms, used_size=7356416 bytes (18.0%)
(RDMA_READ_CONSUME_CHECK_CONSUMER) timestamp=5862 ms, used_size=7354368 bytes (18.0%)
(RDMA_READ_CONSUME_CHECK_CONSUMER) timestamp=5862 ms, used_size=7352320 bytes (17.9%)
(RDMA_READ_CONSUME_CHECK_CONSUMER) timestamp=5862 ms, used_size=7350272 bytes (17.9%)
(RDMA_READ_CONSUME_CHECK_CONSUMER) timestamp=5862 ms, used_size=7348224 bytes (17.9%)
(RDMA_READ_CONSUME_CHECK_CONSUMER) timestamp=5862 ms, used_size=7346176 bytes (17.9%)
(RDMA_READ_CONSUME_CHECK_CONSUMER) timestamp=5862 ms, used_size=7344128 bytes (17.9%)
(RDMA_READ_CONSUME_CHECK_CONSUMER) timestamp=5862 ms, used_size=7342080 bytes (17.9%)
(RDMA_READ_CONSUME_CHECK_CONSUMER) timestamp=5862 ms, used_size=7340032 bytes (17.9%)
(RDMA_READ_CONSUME_CHECK_CONSUMER) timestamp=5862 ms, used_size=7337984 bytes (17.9%)
(RDMA_READ_CONSUME_CHECK_CONSUMER) timestamp=5862 ms, used_size=7335936 bytes (17.9%)
(RDMA_READ_CONSUME_CHECK_CONSUMER) timestamp=5862 ms, used_size=7333888 bytes (17.9%)
(RDMA_READ_CONSUME_CHECK_CONSUMER) timestamp=5862 ms, used_size=7331840 bytes (17.9%)
(RDMA_READ_CONSUME_CHECK_CONSUMER) timestamp=5862 ms, used_size=7329792 bytes (17.9%)
(RDMA_READ_CONSUME_CHECK_CONSUMER) timestamp=5862 ms, used_size=7327744 bytes (17.9%)
(RDMA_READ_CONSUME_CHECK_CONSUMER) timestamp=5862 ms, used_size=7325696 bytes (17.9%)
(RDMA_READ_CONSUME_CHECK_CONSUMER) timestamp=5862 ms, used_size=7323648 bytes (17.9%)
(RDMA_READ_CONSUME_CHECK_CONSUMER) timestamp=5862 ms, used_size=7321600 bytes (17.9%)
(RDMA_READ_CONSUME_CHECK_CONSUMER) timestamp=5862 ms, used_size=7319552 bytes (17.9%)
(RDMA_READ_CONSUME_CHECK_CONSUMER) timestamp=5862 ms, used_size=7317504 bytes (17.9%)
(RDMA_READ_CONSUME_CHECK_CONSUMER) timestamp=5862 ms, used_size=7315456 bytes (17.9%)
(RDMA_READ_CONSUME_CHECK_CONSUMER) timestamp=5862 ms, used_size=7313408 bytes (17.9%)
(RDMA_READ_CONSUME_CHECK_CONSUMER) timestamp=5862 ms, used_size=7311360 bytes (17.9%)
(RDMA_READ_CONSUME_CHECK_CONSUMER) timestamp=5862 ms, used_size=7309312 bytes (17.8%)
(RDMA_READ_CONSUME_CHECK_CONSUMER) timestamp=5862 ms, used_size=7307264 bytes (17.8%)
(RDMA_READ_CONSUME_CHECK_CONSUMER) timestamp=5862 ms, used_size=7305216 bytes (17.8%)
(RDMA_READ_CONSUME_CHECK_CONSUMER) timestamp=5862 ms, used_size=7303168 bytes (17.8%)
(RDMA_READ_CONSUME_CHECK_CONSUMER) timestamp=5862 ms, used_size=7301120 bytes (17.8%)
(RDMA_READ_CONSUME_CHECK_CONSUMER) timestamp=5862 ms, used_size=7299072 bytes (17.8%)
(RDMA_READ_CONSUME_CHECK_CONSUMER) timestamp=5862 ms, used_size=7297024 bytes (17.8%)
(RDMA_READ_CONSUME_CHECK_CONSUMER) timestamp=5862 ms, used_size=7294976 bytes (17.8%)
(RDMA_READ_CONSUME_CHECK_CONSUMER) timestamp=5862 ms, used_size=7292928 bytes (17.8%)
(RDMA_READ_CONSUME_CHECK_CONSUMER) timestamp=5862 ms, used_size=7290880 bytes (17.8%)
(RDMA_READ_CONSUME_CHECK_CONSUMER) timestamp=5862 ms, used_size=7288832 bytes (17.8%)
(RDMA_READ_CONSUME_CHECK_CONSUMER) timestamp=5862 ms, used_size=7286784 bytes (17.8%)
(RDMA_READ_CONSUME_CHECK_CONSUMER) timestamp=5862 ms, used_size=7284736 bytes (17.8%)
(RDMA_READ_CONSUME_CHECK_CONSUMER) timestamp=5862 ms, used_size=7282688 bytes (17.8%)
(RDMA_READ_CONSUME_CHECK_CONSUMER) timestamp=5862 ms, used_size=7280640 bytes (17.8%)
(RDMA_READ_CONSUME_CHECK_CONSUMER) timestamp=5862 ms, used_size=7278592 bytes (17.8%)
(RDMA_READ_CONSUME_CHECK_CONSUMER) timestamp=5862 ms, used_size=7276544 bytes (17.8%)
(RDMA_READ_CONSUME_CHECK_CONSUMER) timestamp=5862 ms, used_size=7274496 bytes (17.8%)
(RDMA_READ_CONSUME_CHECK_CONSUMER) timestamp=5862 ms, used_size=7272448 bytes (17.8%)
(RDMA_READ_CONSUME_CHECK_CONSUMER) timestamp=5862 ms, used_size=7270400 bytes (17.8%)
(RDMA_READ_CONSUME_CHECK_CONSUMER) timestamp=5862 ms, used_size=7268352 bytes (17.7%)
(RDMA_READ_CONSUME_CHECK_CONSUMER) timestamp=5862 ms, used_size=7266304 bytes (17.7%)
(RDMA_READ_CONSUME_CHECK_CONSUMER) timestamp=5862 ms, used_size=7264256 bytes (17.7%)
(RDMA_READ_CONSUME_CHECK_CONSUMER) timestamp=5862 ms, used_size=7262208 bytes (17.7%)
(RDMA_READ_CONSUME_CHECK_CONSUMER) timestamp=5862 ms, used_size=7260160 bytes (17.7%)
(RDMA_READ_CONSUME_CHECK_CONSUMER) timestamp=5862 ms, used_size=7258112 bytes (17.7%)
(RDMA_READ_CONSUME_CHECK_CONSUMER) timestamp=5862 ms, used_size=7256064 bytes (17.7%)
(RDMA_READ_CONSUME_CHECK_CONSUMER) timestamp=5862 ms, used_size=7254016 bytes (17.7%)
(RDMA_READ_CONSUME_CHECK_CONSUMER) timestamp=5862 ms, used_size=7251968 bytes (17.7%)
(RDMA_READ_CONSUME_CHECK_CONSUMER) timestamp=5862 ms, used_size=7249920 bytes (17.7%)
(RDMA_READ_CONSUME_CHECK_CONSUMER) timestamp=5862 ms, used_size=7247872 bytes (17.7%)
(RDMA_READ_CONSUME_CHECK_CONSUMER) timestamp=5862 ms, used_size=7245824 bytes (17.7%)
(RDMA_READ_CONSUME_CHECK_CONSUMER) timestamp=5862 ms, used_size=7243776 bytes (17.7%)
(RDMA_READ_CONSUME_CHECK_CONSUMER) timestamp=5862 ms, used_size=7241728 bytes (17.7%)
(RDMA_READ_CONSUME_CHECK_CONSUMER) timestamp=5862 ms, used_size=7239680 bytes (17.7%)
(RDMA_READ_CONSUME_CHECK_CONSUMER) timestamp=5862 ms, used_size=7237632 bytes (17.7%)
(RDMA_READ_CONSUME_CHECK_CONSUMER) timestamp=5862 ms, used_size=7235584 bytes (17.7%)
(RDMA_READ_CONSUME_CHECK_CONSUMER) timestamp=5862 ms, used_size=7233536 bytes (17.7%)
(RDMA_READ_CONSUME_CHECK_CONSUMER) timestamp=5862 ms, used_size=7231488 bytes (17.7%)
(RDMA_READ_CONSUME_CHECK_CONSUMER) timestamp=5862 ms, used_size=7229440 bytes (17.6%)
(RDMA_READ_CONSUME_CHECK_CONSUMER) timestamp=5862 ms, used_size=7227392 bytes (17.6%)
(RDMA_READ_CONSUME_CHECK_CONSUMER) timestamp=5862 ms, used_size=7225344 bytes (17.6%)
(RDMA_READ_CONSUME_CHECK_CONSUMER) timestamp=5862 ms, used_size=7223296 bytes (17.6%)
(RDMA_READ_CONSUME_CHECK_CONSUMER) timestamp=5862 ms, used_size=7221248 bytes (17.6%)
(RDMA_READ_CONSUME_CHECK_CONSUMER) timestamp=5862 ms, used_size=7219200 bytes (17.6%)
(RDMA_READ_CONSUME_CHECK_CONSUMER) timestamp=5863 ms, used_size=7217152 bytes (17.6%)
(RDMA_READ_CONSUME_CHECK_CONSUMER) timestamp=5863 ms, used_size=7215104 bytes (17.6%)
(RDMA_READ_CONSUME_CHECK_CONSUMER) timestamp=5863 ms, used_size=7213056 bytes (17.6%)
(RDMA_READ_CONSUME_CHECK_CONSUMER) timestamp=5863 ms, used_size=7211008 bytes (17.6%)
(RDMA_READ_CONSUME_CHECK_CONSUMER) timestamp=5863 ms, used_size=7208960 bytes (17.6%)
(RDMA_READ_CONSUME_CHECK_CONSUMER) timestamp=5863 ms, used_size=7206912 bytes (17.6%)
(RDMA_READ_CONSUME_CHECK_CONSUMER) timestamp=5863 ms, used_size=7204864 bytes (17.6%)
(RDMA_READ_CONSUME_CHECK_CONSUMER) timestamp=5863 ms, used_size=7202816 bytes (17.6%)
(RDMA_READ_CONSUME_CHECK_CONSUMER) timestamp=5863 ms, used_size=7200768 bytes (17.6%)
(RDMA_READ_CONSUME_CHECK_CONSUMER) timestamp=5863 ms, used_size=7198720 bytes (17.6%)
(RDMA_READ_CONSUME_CHECK_CONSUMER) timestamp=5863 ms, used_size=7196672 bytes (17.6%)
(RDMA_READ_CONSUME_CHECK_CONSUMER) timestamp=5863 ms, used_size=7194624 bytes (17.6%)
(RDMA_READ_CONSUME_CHECK_CONSUMER) timestamp=5863 ms, used_size=7192576 bytes (17.6%)
(RDMA_READ_CONSUME_CHECK_CONSUMER) timestamp=5863 ms, used_size=7190528 bytes (17.6%)
(RDMA_READ_CONSUME_CHECK_CONSUMER) timestamp=5863 ms, used_size=7188480 bytes (17.6%)
(RDMA_READ_CONSUME_CHECK_CONSUMER) timestamp=5863 ms, used_size=7186432 bytes (17.5%)
(RDMA_READ_CONSUME_CHECK_CONSUMER) timestamp=5863 ms, used_size=7184384 bytes (17.5%)
(RDMA_READ_CONSUME_CHECK_CONSUMER) timestamp=5863 ms, used_size=7182336 bytes (17.5%)
(RDMA_READ_CONSUME_CHECK_CONSUMER) timestamp=5863 ms, used_size=7180288 bytes (17.5%)
(RDMA_READ_CONSUME_CHECK_CONSUMER) timestamp=5863 ms, used_size=7178240 bytes (17.5%)
(RDMA_READ_CONSUME_CHECK_CONSUMER) timestamp=5863 ms, used_size=7176192 bytes (17.5%)
(RDMA_READ_CONSUME_CHECK_CONSUMER) timestamp=5863 ms, used_size=7174144 bytes (17.5%)
(RDMA_READ_CONSUME_CHECK_CONSUMER) timestamp=5863 ms, used_size=7172096 bytes (17.5%)
(RDMA_READ_CONSUME_CHECK_CONSUMER) timestamp=5863 ms, used_size=7170048 bytes (17.5%)
(RDMA_READ_CONSUME_CHECK_CONSUMER) timestamp=5863 ms, used_size=7168000 bytes (17.5%)
(RDMA_READ_CONSUME_CHECK_CONSUMER) timestamp=5863 ms, used_size=7165952 bytes (17.5%)
(RDMA_READ_CONSUME_CHECK_CONSUMER) timestamp=5863 ms, used_size=7163904 bytes (17.5%)
(RDMA_READ_CONSUME_CHECK_CONSUMER) timestamp=5863 ms, used_size=7161856 bytes (17.5%)
(RDMA_READ_CONSUME_CHECK_CONSUMER) timestamp=5863 ms, used_size=7159808 bytes (17.5%)
(RDMA_READ_CONSUME_CHECK_CONSUMER) timestamp=5863 ms, used_size=7157760 bytes (17.5%)
(RDMA_READ_CONSUME_CHECK_CONSUMER) timestamp=5863 ms, used_size=7155712 bytes (17.5%)
(RDMA_READ_CONSUME_CHECK_CONSUMER) timestamp=5863 ms, used_size=7153664 bytes (17.5%)
(RDMA_READ_CONSUME_CHECK_CONSUMER) timestamp=5863 ms, used_size=7151616 bytes (17.5%)
(RDMA_READ_CONSUME_CHECK_CONSUMER) timestamp=5863 ms, used_size=7149568 bytes (17.5%)
(RDMA_READ_CONSUME_CHECK_CONSUMER) timestamp=5863 ms, used_size=7147520 bytes (17.4%)
(RDMA_READ_CONSUME_CHECK_CONSUMER) timestamp=5863 ms, used_size=7145472 bytes (17.4%)
(RDMA_READ_CONSUME_CHECK_CONSUMER) timestamp=5863 ms, used_size=7143424 bytes (17.4%)
(RDMA_READ_CONSUME_CHECK_CONSUMER) timestamp=5863 ms, used_size=7141376 bytes (17.4%)
(RDMA_READ_CONSUME_CHECK_CONSUMER) timestamp=5863 ms, used_size=7139328 bytes (17.4%)
(RDMA_READ_CONSUME_CHECK_CONSUMER) timestamp=5863 ms, used_size=7137280 bytes (17.4%)
(RDMA_READ_CONSUME_CHECK_CONSUMER) timestamp=5863 ms, used_size=7135232 bytes (17.4%)
(RDMA_READ_CONSUME_CHECK_CONSUMER) timestamp=5863 ms, used_size=7133184 bytes (17.4%)
(RDMA_READ_CONSUME_CHECK_CONSUMER) timestamp=5863 ms, used_size=7131136 bytes (17.4%)
(RDMA_READ_CONSUME_CHECK_CONSUMER) timestamp=5863 ms, used_size=7129088 bytes (17.4%)
(RDMA_READ_CONSUME_CHECK_CONSUMER) timestamp=5863 ms, used_size=7127040 bytes (17.4%)
(RDMA_READ_CONSUME_CHECK_CONSUMER) timestamp=5863 ms, used_size=7124992 bytes (17.4%)
(RDMA_READ_CONSUME_CHECK_CONSUMER) timestamp=5863 ms, used_size=7122944 bytes (17.4%)
(RDMA_READ_CONSUME_CHECK_CONSUMER) timestamp=5863 ms, used_size=7120896 bytes (17.4%)
(RDMA_READ_CONSUME_CHECK_CONSUMER) timestamp=5863 ms, used_size=7118848 bytes (17.4%)
(RDMA_READ_CONSUME_CHECK_CONSUMER) timestamp=5863 ms, used_size=7116800 bytes (17.4%)
(RDMA_READ_CONSUME_CHECK_CONSUMER) timestamp=5863 ms, used_size=7114752 bytes (17.4%)
(RDMA_READ_CONSUME_CHECK_CONSUMER) timestamp=5863 ms, used_size=7112704 bytes (17.4%)
(RDMA_READ_CONSUME_CHECK_CONSUMER) timestamp=5863 ms, used_size=7110656 bytes (17.4%)
(RDMA_READ_CONSUME_CHECK_CONSUMER) timestamp=5863 ms, used_size=7108608 bytes (17.4%)
(RDMA_READ_CONSUME_CHECK_CONSUMER) timestamp=5863 ms, used_size=7106560 bytes (17.4%)
(RDMA_READ_CONSUME_CHECK_CONSUMER) timestamp=5863 ms, used_size=7104512 bytes (17.3%)
(RDMA_READ_CONSUME_CHECK_CONSUMER) timestamp=5863 ms, used_size=7102464 bytes (17.3%)
(RDMA_READ_CONSUME_CHECK_CONSUMER) timestamp=5863 ms, used_size=7100416 bytes (17.3%)
(RDMA_READ_CONSUME_CHECK_CONSUMER) timestamp=5863 ms, used_size=7098368 bytes (17.3%)
(RDMA_READ_CONSUME_CHECK_CONSUMER) timestamp=5863 ms, used_size=7096320 bytes (17.3%)
(RDMA_READ_CONSUME_CHECK_CONSUMER) timestamp=5863 ms, used_size=7094272 bytes (17.3%)
(RDMA_READ_CONSUME_CHECK_CONSUMER) timestamp=5863 ms, used_size=7092224 bytes (17.3%)
(RDMA_READ_CONSUME_CHECK_CONSUMER) timestamp=5863 ms, used_size=7090176 bytes (17.3%)
(RDMA_READ_CONSUME_CHECK_CONSUMER) timestamp=5863 ms, used_size=7088128 bytes (17.3%)
(RDMA_READ_CONSUME_CHECK_CONSUMER) timestamp=5863 ms, used_size=7086080 bytes (17.3%)
(RDMA_READ_CONSUME_CHECK_CONSUMER) timestamp=5863 ms, used_size=7084032 bytes (17.3%)
(RDMA_READ_CONSUME_CHECK_CONSUMER) timestamp=5863 ms, used_size=7081984 bytes (17.3%)
(RDMA_READ_CONSUME_CHECK_CONSUMER) timestamp=5863 ms, used_size=7079936 bytes (17.3%)
(RDMA_READ_CONSUME_CHECK_CONSUMER) timestamp=5863 ms, used_size=7077888 bytes (17.3%)
(RDMA_READ_CONSUME_CHECK_CONSUMER) timestamp=5863 ms, used_size=7075840 bytes (17.3%)
(RDMA_READ_CONSUME_CHECK_CONSUMER) timestamp=5863 ms, used_size=7073792 bytes (17.3%)
(RDMA_READ_CONSUME_CHECK_CONSUMER) timestamp=5863 ms, used_size=7071744 bytes (17.3%)
(RDMA_READ_CONSUME_CHECK_CONSUMER) timestamp=5863 ms, used_size=7069696 bytes (17.3%)
(RDMA_READ_CONSUME_CHECK_CONSUMER) timestamp=5863 ms, used_size=7067648 bytes (17.3%)
(RDMA_READ_CONSUME_CHECK_CONSUMER) timestamp=5863 ms, used_size=7065600 bytes (17.2%)
(RDMA_READ_CONSUME_CHECK_CONSUMER) timestamp=5863 ms, used_size=7063552 bytes (17.2%)
(RDMA_READ_CONSUME_CHECK_CONSUMER) timestamp=5863 ms, used_size=7061504 bytes (17.2%)
(RDMA_READ_CONSUME_CHECK_CONSUMER) timestamp=5863 ms, used_size=7059456 bytes (17.2%)
(RDMA_READ_CONSUME_CHECK_CONSUMER) timestamp=5863 ms, used_size=7057408 bytes (17.2%)
(RDMA_READ_CONSUME_CHECK_CONSUMER) timestamp=5863 ms, used_size=7055360 bytes (17.2%)
(RDMA_READ_CONSUME_CHECK_CONSUMER) timestamp=5863 ms, used_size=7053312 bytes (17.2%)
(RDMA_READ_CONSUME_CHECK_CONSUMER) timestamp=5863 ms, used_size=7051264 bytes (17.2%)
(RDMA_READ_CONSUME_CHECK_CONSUMER) timestamp=5863 ms, used_size=7049216 bytes (17.2%)
(RDMA_READ_CONSUME_CHECK_CONSUMER) timestamp=5863 ms, used_size=7047168 bytes (17.2%)
(RDMA_READ_CONSUME_CHECK_CONSUMER) timestamp=5863 ms, used_size=7045120 bytes (17.2%)
(RDMA_READ_CONSUME_CHECK_CONSUMER) timestamp=5863 ms, used_size=7043072 bytes (17.2%)
(RDMA_READ_CONSUME_CHECK_CONSUMER) timestamp=5863 ms, used_size=7041024 bytes (17.2%)
(RDMA_READ_CONSUME_CHECK_CONSUMER) timestamp=5863 ms, used_size=7038976 bytes (17.2%)
(RDMA_READ_CONSUME_CHECK_CONSUMER) timestamp=5863 ms, used_size=7036928 bytes (17.2%)
(RDMA_READ_CONSUME_CHECK_CONSUMER) timestamp=5863 ms, used_size=7034880 bytes (17.2%)
(RDMA_READ_CONSUME_CHECK_CONSUMER) timestamp=5863 ms, used_size=7032832 bytes (17.2%)
(RDMA_READ_CONSUME_CHECK_CONSUMER) timestamp=5863 ms, used_size=7030784 bytes (17.2%)
(RDMA_READ_CONSUME_CHECK_CONSUMER) timestamp=5863 ms, used_size=7028736 bytes (17.2%)
(RDMA_READ_CONSUME_CHECK_CONSUMER) timestamp=5863 ms, used_size=7026688 bytes (17.2%)
(RDMA_READ_CONSUME_CHECK_CONSUMER) timestamp=5863 ms, used_size=7024640 bytes (17.1%)
(RDMA_READ_CONSUME_CHECK_CONSUMER) timestamp=5863 ms, used_size=7022592 bytes (17.1%)
(RDMA_READ_CONSUME_CHECK_CONSUMER) timestamp=5863 ms, used_size=7020544 bytes (17.1%)
(RDMA_READ_CONSUME_CHECK_CONSUMER) timestamp=5863 ms, used_size=7018496 bytes (17.1%)
(RDMA_READ_CONSUME_CHECK_CONSUMER) timestamp=5863 ms, used_size=7016448 bytes (17.1%)
(RDMA_READ_CONSUME_CHECK_CONSUMER) timestamp=5863 ms, used_size=7014400 bytes (17.1%)
(RDMA_READ_CONSUME_CHECK_CONSUMER) timestamp=5863 ms, used_size=7012352 bytes (17.1%)
(RDMA_READ_CONSUME_CHECK_CONSUMER) timestamp=5863 ms, used_size=7010304 bytes (17.1%)
(RDMA_READ_CONSUME_CHECK_CONSUMER) timestamp=5863 ms, used_size=7008256 bytes (17.1%)
(RDMA_READ_CONSUME_CHECK_CONSUMER) timestamp=5863 ms, used_size=7006208 bytes (17.1%)
(RDMA_READ_CONSUME_CHECK_CONSUMER) timestamp=5863 ms, used_size=7004160 bytes (17.1%)
(RDMA_READ_CONSUME_CHECK_CONSUMER) timestamp=5863 ms, used_size=7002112 bytes (17.1%)
(RDMA_READ_CONSUME_CHECK_CONSUMER) timestamp=5863 ms, used_size=7000064 bytes (17.1%)
(RDMA_READ_CONSUME_CHECK_CONSUMER) timestamp=5863 ms, used_size=6998016 bytes (17.1%)
(RDMA_READ_CONSUME_CHECK_CONSUMER) timestamp=5863 ms, used_size=6995968 bytes (17.1%)
(RDMA_READ_CONSUME_CHECK_CONSUMER) timestamp=5863 ms, used_size=6993920 bytes (17.1%)
(RDMA_READ_CONSUME_CHECK_CONSUMER) timestamp=5863 ms, used_size=6991872 bytes (17.1%)
(RDMA_READ_CONSUME_CHECK_CONSUMER) timestamp=5863 ms, used_size=6989824 bytes (17.1%)
(RDMA_READ_CONSUME_CHECK_CONSUMER) timestamp=5863 ms, used_size=6987776 bytes (17.1%)
(RDMA_READ_CONSUME_CHECK_CONSUMER) timestamp=5863 ms, used_size=6985728 bytes (17.1%)
(RDMA_READ_CONSUME_CHECK_CONSUMER) timestamp=5863 ms, used_size=6983680 bytes (17.1%)
(RDMA_READ_CONSUME_CHECK_CONSUMER) timestamp=5863 ms, used_size=6981632 bytes (17.0%)
(RDMA_READ_CONSUME_CHECK_CONSUMER) timestamp=5863 ms, used_size=6979584 bytes (17.0%)
(RDMA_READ_CONSUME_CHECK_CONSUMER) timestamp=5863 ms, used_size=6977536 bytes (17.0%)
(RDMA_READ_CONSUME_CHECK_CONSUMER) timestamp=5863 ms, used_size=6975488 bytes (17.0%)
(RDMA_READ_CONSUME_CHECK_CONSUMER) timestamp=5863 ms, used_size=6973440 bytes (17.0%)
(RDMA_READ_CONSUME_CHECK_CONSUMER) timestamp=5863 ms, used_size=6971392 bytes (17.0%)
(RDMA_READ_CONSUME_CHECK_CONSUMER) timestamp=5863 ms, used_size=6969344 bytes (17.0%)
(RDMA_READ_CONSUME_CHECK_CONSUMER) timestamp=5863 ms, used_size=6967296 bytes (17.0%)
(RDMA_READ_CONSUME_CHECK_CONSUMER) timestamp=5863 ms, used_size=6965248 bytes (17.0%)
(RDMA_READ_CONSUME_CHECK_CONSUMER) timestamp=5863 ms, used_size=6963200 bytes (17.0%)
(RDMA_READ_CONSUME_CHECK_CONSUMER) timestamp=5863 ms, used_size=6961152 bytes (17.0%)
(RDMA_READ_CONSUME_CHECK_CONSUMER) timestamp=5863 ms, used_size=6959104 bytes (17.0%)
(RDMA_READ_CONSUME_CHECK_CONSUMER) timestamp=5863 ms, used_size=6957056 bytes (17.0%)
(RDMA_READ_CONSUME_CHECK_CONSUMER) timestamp=5863 ms, used_size=6955008 bytes (17.0%)
(RDMA_READ_CONSUME_CHECK_CONSUMER) timestamp=5863 ms, used_size=6952960 bytes (17.0%)
(RDMA_READ_CONSUME_CHECK_CONSUMER) timestamp=5863 ms, used_size=6950912 bytes (17.0%)
(RDMA_READ_CONSUME_CHECK_CONSUMER) timestamp=5863 ms, used_size=6948864 bytes (17.0%)
(RDMA_READ_CONSUME_CHECK_CONSUMER) timestamp=5863 ms, used_size=6946816 bytes (17.0%)
(RDMA_READ_CONSUME_CHECK_CONSUMER) timestamp=5863 ms, used_size=6944768 bytes (17.0%)
(RDMA_READ_CONSUME_CHECK_CONSUMER) timestamp=5863 ms, used_size=6942720 bytes (16.9%)
(RDMA_READ_CONSUME_CHECK_CONSUMER) timestamp=5863 ms, used_size=6940672 bytes (16.9%)
(RDMA_READ_CONSUME_CHECK_CONSUMER) timestamp=5863 ms, used_size=6938624 bytes (16.9%)
(RDMA_READ_CONSUME_CHECK_CONSUMER) timestamp=5863 ms, used_size=6936576 bytes (16.9%)
(RDMA_READ_CONSUME_CHECK_CONSUMER) timestamp=5863 ms, used_size=6934528 bytes (16.9%)
(RDMA_READ_CONSUME_CHECK_CONSUMER) timestamp=5863 ms, used_size=6932480 bytes (16.9%)
(RDMA_READ_CONSUME_CHECK_CONSUMER) timestamp=5863 ms, used_size=6930432 bytes (16.9%)
(RDMA_READ_CONSUME_CHECK_CONSUMER) timestamp=5863 ms, used_size=6928384 bytes (16.9%)
(RDMA_READ_CONSUME_CHECK_CONSUMER) timestamp=5863 ms, used_size=6926336 bytes (16.9%)
(RDMA_READ_CONSUME_CHECK_CONSUMER) timestamp=5863 ms, used_size=6924288 bytes (16.9%)
(RDMA_READ_CONSUME_CHECK_CONSUMER) timestamp=5863 ms, used_size=6922240 bytes (16.9%)
(RDMA_READ_CONSUME_CHECK_CONSUMER) timestamp=5863 ms, used_size=6920192 bytes (16.9%)
(RDMA_READ_CONSUME_CHECK_CONSUMER) timestamp=5863 ms, used_size=6918144 bytes (16.9%)
(RDMA_READ_CONSUME_CHECK_CONSUMER) timestamp=5863 ms, used_size=6916096 bytes (16.9%)
(RDMA_READ_CONSUME_CHECK_CONSUMER) timestamp=5863 ms, used_size=6914048 bytes (16.9%)
(RDMA_READ_CONSUME_CHECK_CONSUMER) timestamp=5863 ms, used_size=6912000 bytes (16.9%)
(RDMA_READ_CONSUME_CHECK_CONSUMER) timestamp=5863 ms, used_size=6909952 bytes (16.9%)
(RDMA_READ_CONSUME_CHECK_CONSUMER) timestamp=5863 ms, used_size=6907904 bytes (16.9%)
(RDMA_READ_CONSUME_CHECK_CONSUMER) timestamp=5863 ms, used_size=6905856 bytes (16.9%)
(RDMA_READ_CONSUME_CHECK_CONSUMER) timestamp=5863 ms, used_size=6903808 bytes (16.9%)
(RDMA_READ_CONSUME_CHECK_CONSUMER) timestamp=5863 ms, used_size=6901760 bytes (16.9%)
(RDMA_READ_CONSUME_CHECK_CONSUMER) timestamp=5863 ms, used_size=6899712 bytes (16.8%)
(RDMA_READ_CONSUME_CHECK_CONSUMER) timestamp=5863 ms, used_size=6897664 bytes (16.8%)
(RDMA_READ_CONSUME_CHECK_CONSUMER) timestamp=5863 ms, used_size=6895616 bytes (16.8%)
(RDMA_READ_CONSUME_CHECK_CONSUMER) timestamp=5863 ms, used_size=6893568 bytes (16.8%)
(RDMA_READ_CONSUME_CHECK_CONSUMER) timestamp=5863 ms, used_size=6891520 bytes (16.8%)
(RDMA_READ_CONSUME_CHECK_CONSUMER) timestamp=5863 ms, used_size=6889472 bytes (16.8%)
(RDMA_READ_CONSUME_CHECK_CONSUMER) timestamp=5863 ms, used_size=6887424 bytes (16.8%)
(RDMA_READ_CONSUME_CHECK_CONSUMER) timestamp=5863 ms, used_size=6885376 bytes (16.8%)
(RDMA_READ_CONSUME_CHECK_CONSUMER) timestamp=5863 ms, used_size=6883328 bytes (16.8%)
(RDMA_READ_CONSUME_CHECK_CONSUMER) timestamp=5864 ms, used_size=6881280 bytes (16.8%)
(RDMA_READ_CONSUME_CHECK_CONSUMER) timestamp=5864 ms, used_size=6879232 bytes (16.8%)
(RDMA_READ_CONSUME_CHECK_CONSUMER) timestamp=5864 ms, used_size=6877184 bytes (16.8%)
(RDMA_READ_CONSUME_CHECK_CONSUMER) timestamp=5864 ms, used_size=6875136 bytes (16.8%)
(RDMA_READ_CONSUME_CHECK_CONSUMER) timestamp=5864 ms, used_size=6873088 bytes (16.8%)
(RDMA_READ_CONSUME_CHECK_CONSUMER) timestamp=5864 ms, used_size=6871040 bytes (16.8%)
(RDMA_READ_CONSUME_CHECK_CONSUMER) timestamp=5864 ms, used_size=6868992 bytes (16.8%)
(RDMA_READ_CONSUME_CHECK_CONSUMER) timestamp=5864 ms, used_size=6866944 bytes (16.8%)
(RDMA_READ_CONSUME_CHECK_CONSUMER) timestamp=5864 ms, used_size=6864896 bytes (16.8%)
(RDMA_READ_CONSUME_CHECK_CONSUMER) timestamp=5864 ms, used_size=6862848 bytes (16.8%)
(RDMA_READ_CONSUME_CHECK_CONSUMER) timestamp=5864 ms, used_size=6860800 bytes (16.8%)
(RDMA_READ_CONSUME_CHECK_CONSUMER) timestamp=5864 ms, used_size=6858752 bytes (16.7%)
(RDMA_READ_CONSUME_CHECK_CONSUMER) timestamp=5864 ms, used_size=6856704 bytes (16.7%)
(RDMA_READ_CONSUME_CHECK_CONSUMER) timestamp=5864 ms, used_size=6854656 bytes (16.7%)
(RDMA_READ_CONSUME_CHECK_CONSUMER) timestamp=5864 ms, used_size=6852608 bytes (16.7%)
(RDMA_READ_CONSUME_CHECK_CONSUMER) timestamp=5864 ms, used_size=6850560 bytes (16.7%)
(RDMA_READ_CONSUME_CHECK_CONSUMER) timestamp=5864 ms, used_size=6848512 bytes (16.7%)
(RDMA_READ_CONSUME_CHECK_CONSUMER) timestamp=5864 ms, used_size=6846464 bytes (16.7%)
(RDMA_READ_CONSUME_CHECK_CONSUMER) timestamp=5864 ms, used_size=6844416 bytes (16.7%)
(RDMA_READ_CONSUME_CHECK_CONSUMER) timestamp=5864 ms, used_size=6842368 bytes (16.7%)
(RDMA_READ_CONSUME_CHECK_CONSUMER) timestamp=5864 ms, used_size=6840320 bytes (16.7%)
(RDMA_READ_CONSUME_CHECK_CONSUMER) timestamp=5864 ms, used_size=6838272 bytes (16.7%)
(RDMA_READ_CONSUME_CHECK_CONSUMER) timestamp=5864 ms, used_size=6836224 bytes (16.7%)
(RDMA_READ_CONSUME_CHECK_CONSUMER) timestamp=5864 ms, used_size=6834176 bytes (16.7%)
(RDMA_READ_CONSUME_CHECK_CONSUMER) timestamp=5864 ms, used_size=6832128 bytes (16.7%)
(RDMA_READ_CONSUME_CHECK_CONSUMER) timestamp=5864 ms, used_size=6830080 bytes (16.7%)
(RDMA_READ_CONSUME_CHECK_CONSUMER) timestamp=5864 ms, used_size=6828032 bytes (16.7%)
(RDMA_READ_CONSUME_CHECK_CONSUMER) timestamp=5864 ms, used_size=6825984 bytes (16.7%)
(RDMA_READ_CONSUME_CHECK_CONSUMER) timestamp=5864 ms, used_size=6823936 bytes (16.7%)
(RDMA_READ_CONSUME_CHECK_CONSUMER) timestamp=5864 ms, used_size=6821888 bytes (16.7%)
(RDMA_READ_CONSUME_CHECK_CONSUMER) timestamp=5864 ms, used_size=6819840 bytes (16.6%)
(RDMA_READ_CONSUME_CHECK_CONSUMER) timestamp=5864 ms, used_size=6817792 bytes (16.6%)
(RDMA_READ_CONSUME_CHECK_CONSUMER) timestamp=5864 ms, used_size=6815744 bytes (16.6%)
(RDMA_READ_CONSUME_CHECK_CONSUMER) timestamp=5864 ms, used_size=6813696 bytes (16.6%)
(RDMA_READ_CONSUME_CHECK_CONSUMER) timestamp=5864 ms, used_size=6811648 bytes (16.6%)
(RDMA_READ_CONSUME_CHECK_CONSUMER) timestamp=5864 ms, used_size=6809600 bytes (16.6%)
(RDMA_READ_CONSUME_CHECK_CONSUMER) timestamp=5864 ms, used_size=6807552 bytes (16.6%)
(RDMA_READ_CONSUME_CHECK_CONSUMER) timestamp=5864 ms, used_size=6805504 bytes (16.6%)
(RDMA_READ_CONSUME_CHECK_CONSUMER) timestamp=5864 ms, used_size=6803456 bytes (16.6%)
(RDMA_READ_CONSUME_CHECK_CONSUMER) timestamp=5864 ms, used_size=6801408 bytes (16.6%)
(RDMA_READ_CONSUME_CHECK_CONSUMER) timestamp=5864 ms, used_size=6799360 bytes (16.6%)
(RDMA_READ_CONSUME_CHECK_CONSUMER) timestamp=5864 ms, used_size=6797312 bytes (16.6%)
(RDMA_READ_CONSUME_CHECK_CONSUMER) timestamp=5864 ms, used_size=6795264 bytes (16.6%)
(RDMA_READ_CONSUME_CHECK_CONSUMER) timestamp=5864 ms, used_size=6793216 bytes (16.6%)
(RDMA_READ_CONSUME_CHECK_CONSUMER) timestamp=5864 ms, used_size=6791168 bytes (16.6%)
(RDMA_READ_CONSUME_CHECK_CONSUMER) timestamp=5864 ms, used_size=6789120 bytes (16.6%)
(RDMA_READ_CONSUME_CHECK_CONSUMER) timestamp=5864 ms, used_size=6787072 bytes (16.6%)
(RDMA_READ_CONSUME_CHECK_CONSUMER) timestamp=5864 ms, used_size=6785024 bytes (16.6%)
(RDMA_READ_CONSUME_CHECK_CONSUMER) timestamp=5864 ms, used_size=6782976 bytes (16.6%)
(RDMA_READ_CONSUME_CHECK_CONSUMER) timestamp=5864 ms, used_size=6780928 bytes (16.6%)
(RDMA_READ_CONSUME_CHECK_CONSUMER) timestamp=5864 ms, used_size=6778880 bytes (16.6%)
(RDMA_READ_CONSUME_CHECK_CONSUMER) timestamp=5864 ms, used_size=6776832 bytes (16.5%)
(RDMA_READ_CONSUME_CHECK_CONSUMER) timestamp=5864 ms, used_size=6774784 bytes (16.5%)
(RDMA_READ_CONSUME_CHECK_CONSUMER) timestamp=5864 ms, used_size=6772736 bytes (16.5%)
(RDMA_READ_CONSUME_CHECK_CONSUMER) timestamp=5864 ms, used_size=6770688 bytes (16.5%)
(RDMA_READ_CONSUME_CHECK_CONSUMER) timestamp=5864 ms, used_size=6768640 bytes (16.5%)
(RDMA_READ_CONSUME_CHECK_CONSUMER) timestamp=5864 ms, used_size=6766592 bytes (16.5%)
(RDMA_READ_CONSUME_CHECK_CONSUMER) timestamp=5864 ms, used_size=6764544 bytes (16.5%)
(RDMA_READ_CONSUME_CHECK_CONSUMER) timestamp=5864 ms, used_size=6762496 bytes (16.5%)
(RDMA_READ_CONSUME_CHECK_CONSUMER) timestamp=5864 ms, used_size=6760448 bytes (16.5%)
(RDMA_READ_CONSUME_CHECK_CONSUMER) timestamp=5864 ms, used_size=6758400 bytes (16.5%)
(RDMA_READ_CONSUME_CHECK_CONSUMER) timestamp=5864 ms, used_size=6756352 bytes (16.5%)
(RDMA_READ_CONSUME_CHECK_CONSUMER) timestamp=5864 ms, used_size=6754304 bytes (16.5%)
(RDMA_READ_CONSUME_CHECK_CONSUMER) timestamp=5864 ms, used_size=6752256 bytes (16.5%)
(RDMA_READ_CONSUME_CHECK_CONSUMER) timestamp=5864 ms, used_size=6750208 bytes (16.5%)
(RDMA_READ_CONSUME_CHECK_CONSUMER) timestamp=5864 ms, used_size=6748160 bytes (16.5%)
(RDMA_READ_CONSUME_CHECK_CONSUMER) timestamp=5864 ms, used_size=6746112 bytes (16.5%)
(RDMA_READ_CONSUME_CHECK_CONSUMER) timestamp=5864 ms, used_size=6744064 bytes (16.5%)
(RDMA_READ_CONSUME_CHECK_CONSUMER) timestamp=5864 ms, used_size=6742016 bytes (16.5%)
(RDMA_READ_CONSUME_CHECK_CONSUMER) timestamp=5864 ms, used_size=6739968 bytes (16.5%)
(RDMA_READ_CONSUME_CHECK_CONSUMER) timestamp=5864 ms, used_size=6737920 bytes (16.4%)
(RDMA_READ_CONSUME_CHECK_CONSUMER) timestamp=5864 ms, used_size=6735872 bytes (16.4%)
(RDMA_READ_CONSUME_CHECK_CONSUMER) timestamp=5864 ms, used_size=6733824 bytes (16.4%)
(RDMA_READ_CONSUME_CHECK_CONSUMER) timestamp=5864 ms, used_size=6731776 bytes (16.4%)
(RDMA_READ_CONSUME_CHECK_CONSUMER) timestamp=5864 ms, used_size=6729728 bytes (16.4%)
(RDMA_READ_CONSUME_CHECK_CONSUMER) timestamp=5864 ms, used_size=6727680 bytes (16.4%)
(RDMA_READ_CONSUME_CHECK_CONSUMER) timestamp=5864 ms, used_size=6725632 bytes (16.4%)
(RDMA_READ_CONSUME_CHECK_CONSUMER) timestamp=5864 ms, used_size=6723584 bytes (16.4%)
(RDMA_READ_CONSUME_CHECK_CONSUMER) timestamp=5864 ms, used_size=6721536 bytes (16.4%)
(RDMA_READ_CONSUME_CHECK_CONSUMER) timestamp=5864 ms, used_size=6719488 bytes (16.4%)
(RDMA_READ_CONSUME_CHECK_CONSUMER) timestamp=5864 ms, used_size=6717440 bytes (16.4%)
(RDMA_READ_CONSUME_CHECK_CONSUMER) timestamp=5864 ms, used_size=6715392 bytes (16.4%)
(RDMA_READ_CONSUME_CHECK_CONSUMER) timestamp=5864 ms, used_size=6713344 bytes (16.4%)
(RDMA_READ_CONSUME_CHECK_CONSUMER) timestamp=5864 ms, used_size=6711296 bytes (16.4%)
(RDMA_READ_CONSUME_CHECK_CONSUMER) timestamp=5864 ms, used_size=6709248 bytes (16.4%)
(RDMA_READ_CONSUME_CHECK_CONSUMER) timestamp=5864 ms, used_size=6707200 bytes (16.4%)
(RDMA_READ_CONSUME_CHECK_CONSUMER) timestamp=5864 ms, used_size=6705152 bytes (16.4%)
(RDMA_READ_CONSUME_CHECK_CONSUMER) timestamp=5864 ms, used_size=6703104 bytes (16.4%)
(RDMA_READ_CONSUME_CHECK_CONSUMER) timestamp=5864 ms, used_size=6701056 bytes (16.4%)
(RDMA_READ_CONSUME_CHECK_CONSUMER) timestamp=5864 ms, used_size=6699008 bytes (16.4%)
(RDMA_READ_CONSUME_CHECK_CONSUMER) timestamp=5864 ms, used_size=6696960 bytes (16.4%)
(RDMA_READ_CONSUME_CHECK_CONSUMER) timestamp=5864 ms, used_size=6694912 bytes (16.3%)
(RDMA_READ_CONSUME_CHECK_CONSUMER) timestamp=5864 ms, used_size=6692864 bytes (16.3%)
(RDMA_READ_CONSUME_CHECK_CONSUMER) timestamp=5864 ms, used_size=6690816 bytes (16.3%)
(RDMA_READ_CONSUME_CHECK_CONSUMER) timestamp=5864 ms, used_size=6688768 bytes (16.3%)
(RDMA_READ_CONSUME_CHECK_CONSUMER) timestamp=5864 ms, used_size=6686720 bytes (16.3%)
(RDMA_READ_CONSUME_CHECK_CONSUMER) timestamp=5864 ms, used_size=6684672 bytes (16.3%)
(RDMA_READ_CONSUME_CHECK_CONSUMER) timestamp=5864 ms, used_size=6682624 bytes (16.3%)
(RDMA_READ_CONSUME_CHECK_CONSUMER) timestamp=5864 ms, used_size=6680576 bytes (16.3%)
(RDMA_READ_CONSUME_CHECK_CONSUMER) timestamp=5864 ms, used_size=6678528 bytes (16.3%)
(RDMA_READ_CONSUME_CHECK_CONSUMER) timestamp=5864 ms, used_size=6676480 bytes (16.3%)
(RDMA_READ_CONSUME_CHECK_CONSUMER) timestamp=5864 ms, used_size=6674432 bytes (16.3%)
(RDMA_READ_CONSUME_CHECK_CONSUMER) timestamp=5864 ms, used_size=6672384 bytes (16.3%)
(RDMA_READ_CONSUME_CHECK_CONSUMER) timestamp=5864 ms, used_size=6670336 bytes (16.3%)
(RDMA_READ_CONSUME_CHECK_CONSUMER) timestamp=5864 ms, used_size=6668288 bytes (16.3%)
(RDMA_READ_CONSUME_CHECK_CONSUMER) timestamp=5864 ms, used_size=6666240 bytes (16.3%)
(RDMA_READ_CONSUME_CHECK_CONSUMER) timestamp=5864 ms, used_size=6664192 bytes (16.3%)
(RDMA_READ_CONSUME_CHECK_CONSUMER) timestamp=5864 ms, used_size=6662144 bytes (16.3%)
(RDMA_READ_CONSUME_CHECK_CONSUMER) timestamp=5864 ms, used_size=6660096 bytes (16.3%)
(RDMA_READ_CONSUME_CHECK_CONSUMER) timestamp=5864 ms, used_size=6658048 bytes (16.3%)
(RDMA_READ_CONSUME_CHECK_CONSUMER) timestamp=5864 ms, used_size=6656000 bytes (16.2%)
(RDMA_READ_CONSUME_CHECK_CONSUMER) timestamp=5864 ms, used_size=6653952 bytes (16.2%)
(RDMA_READ_CONSUME_CHECK_CONSUMER) timestamp=5864 ms, used_size=6651904 bytes (16.2%)
(RDMA_READ_CONSUME_CHECK_CONSUMER) timestamp=5864 ms, used_size=6649856 bytes (16.2%)
(RDMA_READ_CONSUME_CHECK_CONSUMER) timestamp=5864 ms, used_size=6647808 bytes (16.2%)
(RDMA_READ_CONSUME_CHECK_CONSUMER) timestamp=5864 ms, used_size=6645760 bytes (16.2%)
(RDMA_READ_CONSUME_CHECK_CONSUMER) timestamp=5864 ms, used_size=6643712 bytes (16.2%)
(RDMA_READ_CONSUME_CHECK_CONSUMER) timestamp=5864 ms, used_size=6641664 bytes (16.2%)
(RDMA_READ_CONSUME_CHECK_CONSUMER) timestamp=5864 ms, used_size=6639616 bytes (16.2%)
(RDMA_READ_CONSUME_CHECK_CONSUMER) timestamp=5864 ms, used_size=6637568 bytes (16.2%)
(RDMA_READ_CONSUME_CHECK_CONSUMER) timestamp=5864 ms, used_size=6635520 bytes (16.2%)
(RDMA_READ_CONSUME_CHECK_CONSUMER) timestamp=5864 ms, used_size=6633472 bytes (16.2%)
(RDMA_READ_CONSUME_CHECK_CONSUMER) timestamp=5864 ms, used_size=6631424 bytes (16.2%)
(RDMA_READ_CONSUME_CHECK_CONSUMER) timestamp=5864 ms, used_size=6629376 bytes (16.2%)
(RDMA_READ_CONSUME_CHECK_CONSUMER) timestamp=5864 ms, used_size=6627328 bytes (16.2%)
(RDMA_READ_CONSUME_CHECK_CONSUMER) timestamp=5864 ms, used_size=6625280 bytes (16.2%)
(RDMA_READ_CONSUME_CHECK_CONSUMER) timestamp=5864 ms, used_size=6623232 bytes (16.2%)
(RDMA_READ_CONSUME_CHECK_CONSUMER) timestamp=5864 ms, used_size=6621184 bytes (16.2%)
(RDMA_READ_CONSUME_CHECK_CONSUMER) timestamp=5864 ms, used_size=6619136 bytes (16.2%)
(RDMA_READ_CONSUME_CHECK_CONSUMER) timestamp=5864 ms, used_size=6617088 bytes (16.2%)
(RDMA_READ_CONSUME_CHECK_CONSUMER) timestamp=5864 ms, used_size=6615040 bytes (16.1%)
(RDMA_READ_CONSUME_CHECK_CONSUMER) timestamp=5864 ms, used_size=6612992 bytes (16.1%)
(RDMA_READ_CONSUME_CHECK_CONSUMER) timestamp=5864 ms, used_size=6610944 bytes (16.1%)
(RDMA_READ_CONSUME_CHECK_CONSUMER) timestamp=5864 ms, used_size=6608896 bytes (16.1%)
(RDMA_READ_CONSUME_CHECK_CONSUMER) timestamp=5864 ms, used_size=6606848 bytes (16.1%)
(RDMA_READ_CONSUME_CHECK_CONSUMER) timestamp=5864 ms, used_size=6604800 bytes (16.1%)
(RDMA_READ_CONSUME_CHECK_CONSUMER) timestamp=5864 ms, used_size=6602752 bytes (16.1%)
(RDMA_READ_CONSUME_CHECK_CONSUMER) timestamp=5864 ms, used_size=6600704 bytes (16.1%)
(RDMA_READ_CONSUME_CHECK_CONSUMER) timestamp=5864 ms, used_size=6598656 bytes (16.1%)
(RDMA_READ_CONSUME_CHECK_CONSUMER) timestamp=5864 ms, used_size=6596608 bytes (16.1%)
(RDMA_READ_CONSUME_CHECK_CONSUMER) timestamp=5864 ms, used_size=6594560 bytes (16.1%)
(RDMA_READ_CONSUME_CHECK_CONSUMER) timestamp=5864 ms, used_size=6592512 bytes (16.1%)
(RDMA_READ_CONSUME_CHECK_CONSUMER) timestamp=5864 ms, used_size=6590464 bytes (16.1%)
(RDMA_READ_CONSUME_CHECK_CONSUMER) timestamp=5864 ms, used_size=6588416 bytes (16.1%)
(RDMA_READ_CONSUME_CHECK_CONSUMER) timestamp=5864 ms, used_size=6586368 bytes (16.1%)
(RDMA_READ_CONSUME_CHECK_CONSUMER) timestamp=5864 ms, used_size=6584320 bytes (16.1%)
(RDMA_READ_CONSUME_CHECK_CONSUMER) timestamp=5864 ms, used_size=6582272 bytes (16.1%)
(RDMA_READ_CONSUME_CHECK_CONSUMER) timestamp=5864 ms, used_size=6580224 bytes (16.1%)
(RDMA_READ_CONSUME_CHECK_CONSUMER) timestamp=5864 ms, used_size=6578176 bytes (16.1%)
(RDMA_READ_CONSUME_CHECK_CONSUMER) timestamp=5864 ms, used_size=6576128 bytes (16.1%)
(RDMA_READ_CONSUME_CHECK_CONSUMER) timestamp=5864 ms, used_size=6574080 bytes (16.1%)
(RDMA_READ_CONSUME_CHECK_CONSUMER) timestamp=5864 ms, used_size=6572032 bytes (16.0%)
(RDMA_READ_CONSUME_CHECK_CONSUMER) timestamp=5864 ms, used_size=6569984 bytes (16.0%)
(RDMA_READ_CONSUME_CHECK_CONSUMER) timestamp=5864 ms, used_size=6567936 bytes (16.0%)
(RDMA_READ_CONSUME_CHECK_CONSUMER) timestamp=5864 ms, used_size=6565888 bytes (16.0%)
(RDMA_READ_CONSUME_CHECK_CONSUMER) timestamp=5864 ms, used_size=6563840 bytes (16.0%)
(RDMA_READ_CONSUME_CHECK_CONSUMER) timestamp=5864 ms, used_size=6561792 bytes (16.0%)
(RDMA_READ_CONSUME_CHECK_CONSUMER) timestamp=5864 ms, used_size=6559744 bytes (16.0%)
(RDMA_READ_CONSUME_CHECK_CONSUMER) timestamp=5864 ms, used_size=6557696 bytes (16.0%)
(RDMA_READ_CONSUME_CHECK_CONSUMER) timestamp=5864 ms, used_size=6555648 bytes (16.0%)
(RDMA_READ_CONSUME_CHECK_CONSUMER) timestamp=5864 ms, used_size=6553600 bytes (16.0%)
(RDMA_READ_CONSUME_CHECK_CONSUMER) timestamp=5864 ms, used_size=6551552 bytes (16.0%)
(RDMA_READ_CONSUME_CHECK_CONSUMER) timestamp=5864 ms, used_size=6549504 bytes (16.0%)
(RDMA_READ_CONSUME_CHECK_CONSUMER) timestamp=5864 ms, used_size=6547456 bytes (16.0%)
(RDMA_READ_CONSUME_CHECK_CONSUMER) timestamp=5864 ms, used_size=6545408 bytes (16.0%)
(RDMA_READ_CONSUME_CHECK_CONSUMER) timestamp=5864 ms, used_size=6543360 bytes (16.0%)
(RDMA_READ_CONSUME_CHECK_CONSUMER) timestamp=5865 ms, used_size=6541312 bytes (16.0%)
(RDMA_READ_CONSUME_CHECK_CONSUMER) timestamp=5865 ms, used_size=6539264 bytes (16.0%)
(RDMA_READ_CONSUME_CHECK_CONSUMER) timestamp=5865 ms, used_size=6537216 bytes (16.0%)
(RDMA_READ_CONSUME_CHECK_CONSUMER) timestamp=5865 ms, used_size=6535168 bytes (16.0%)
(RDMA_READ_CONSUME_CHECK_CONSUMER) timestamp=5865 ms, used_size=6533120 bytes (15.9%)
(RDMA_READ_CONSUME_CHECK_CONSUMER) timestamp=5865 ms, used_size=6531072 bytes (15.9%)
(RDMA_READ_CONSUME_CHECK_CONSUMER) timestamp=5865 ms, used_size=6529024 bytes (15.9%)
(RDMA_READ_CONSUME_CHECK_CONSUMER) timestamp=5865 ms, used_size=6526976 bytes (15.9%)
(RDMA_READ_CONSUME_CHECK_CONSUMER) timestamp=5865 ms, used_size=6524928 bytes (15.9%)
(RDMA_READ_CONSUME_CHECK_CONSUMER) timestamp=5865 ms, used_size=6522880 bytes (15.9%)
(RDMA_READ_CONSUME_CHECK_CONSUMER) timestamp=5865 ms, used_size=6520832 bytes (15.9%)
(RDMA_READ_CONSUME_CHECK_CONSUMER) timestamp=5865 ms, used_size=6518784 bytes (15.9%)
(RDMA_READ_CONSUME_CHECK_CONSUMER) timestamp=5865 ms, used_size=6516736 bytes (15.9%)
(RDMA_READ_CONSUME_CHECK_CONSUMER) timestamp=5865 ms, used_size=6514688 bytes (15.9%)
(RDMA_READ_CONSUME_CHECK_CONSUMER) timestamp=5865 ms, used_size=6512640 bytes (15.9%)
(RDMA_READ_CONSUME_CHECK_CONSUMER) timestamp=5865 ms, used_size=6510592 bytes (15.9%)
(RDMA_READ_CONSUME_CHECK_CONSUMER) timestamp=5865 ms, used_size=6508544 bytes (15.9%)
(RDMA_READ_CONSUME_CHECK_CONSUMER) timestamp=5865 ms, used_size=6506496 bytes (15.9%)
(RDMA_READ_CONSUME_CHECK_CONSUMER) timestamp=5865 ms, used_size=6504448 bytes (15.9%)
(RDMA_READ_CONSUME_CHECK_CONSUMER) timestamp=5865 ms, used_size=6502400 bytes (15.9%)
(RDMA_READ_CONSUME_CHECK_CONSUMER) timestamp=5865 ms, used_size=6500352 bytes (15.9%)
(RDMA_READ_CONSUME_CHECK_CONSUMER) timestamp=5865 ms, used_size=6498304 bytes (15.9%)
(RDMA_READ_CONSUME_CHECK_CONSUMER) timestamp=5865 ms, used_size=6496256 bytes (15.9%)
(RDMA_READ_CONSUME_CHECK_CONSUMER) timestamp=5865 ms, used_size=6494208 bytes (15.9%)
(RDMA_READ_CONSUME_CHECK_CONSUMER) timestamp=5865 ms, used_size=6492160 bytes (15.8%)
(RDMA_READ_CONSUME_CHECK_CONSUMER) timestamp=5865 ms, used_size=6490112 bytes (15.8%)
(RDMA_READ_CONSUME_CHECK_CONSUMER) timestamp=5865 ms, used_size=6488064 bytes (15.8%)
(RDMA_READ_CONSUME_CHECK_CONSUMER) timestamp=5865 ms, used_size=6486016 bytes (15.8%)
(RDMA_READ_CONSUME_CHECK_CONSUMER) timestamp=5865 ms, used_size=6483968 bytes (15.8%)
(RDMA_READ_CONSUME_CHECK_CONSUMER) timestamp=5865 ms, used_size=6481920 bytes (15.8%)
(RDMA_READ_CONSUME_CHECK_CONSUMER) timestamp=5865 ms, used_size=6479872 bytes (15.8%)
(RDMA_READ_CONSUME_CHECK_CONSUMER) timestamp=5865 ms, used_size=6477824 bytes (15.8%)
(RDMA_READ_CONSUME_CHECK_CONSUMER) timestamp=5865 ms, used_size=6475776 bytes (15.8%)
(RDMA_READ_CONSUME_CHECK_CONSUMER) timestamp=5865 ms, used_size=6473728 bytes (15.8%)
(RDMA_READ_CONSUME_CHECK_CONSUMER) timestamp=5865 ms, used_size=6471680 bytes (15.8%)
(RDMA_READ_CONSUME_CHECK_CONSUMER) timestamp=5865 ms, used_size=6469632 bytes (15.8%)
(RDMA_READ_CONSUME_CHECK_CONSUMER) timestamp=5865 ms, used_size=6467584 bytes (15.8%)
(RDMA_READ_CONSUME_CHECK_CONSUMER) timestamp=5865 ms, used_size=6465536 bytes (15.8%)
(RDMA_READ_CONSUME_CHECK_CONSUMER) timestamp=5865 ms, used_size=6463488 bytes (15.8%)
(RDMA_READ_CONSUME_CHECK_CONSUMER) timestamp=5865 ms, used_size=6461440 bytes (15.8%)
(RDMA_READ_CONSUME_CHECK_CONSUMER) timestamp=5865 ms, used_size=6459392 bytes (15.8%)
(RDMA_READ_CONSUME_CHECK_CONSUMER) timestamp=5865 ms, used_size=6457344 bytes (15.8%)
(RDMA_READ_CONSUME_CHECK_CONSUMER) timestamp=5865 ms, used_size=6455296 bytes (15.8%)
(RDMA_READ_CONSUME_CHECK_CONSUMER) timestamp=5865 ms, used_size=6453248 bytes (15.8%)
(RDMA_READ_CONSUME_CHECK_CONSUMER) timestamp=5865 ms, used_size=6451200 bytes (15.8%)
(RDMA_READ_CONSUME_CHECK_CONSUMER) timestamp=5865 ms, used_size=6449152 bytes (15.7%)
(RDMA_READ_CONSUME_CHECK_CONSUMER) timestamp=5865 ms, used_size=6447104 bytes (15.7%)
(RDMA_READ_CONSUME_CHECK_CONSUMER) timestamp=5865 ms, used_size=6445056 bytes (15.7%)
(RDMA_READ_CONSUME_CHECK_CONSUMER) timestamp=5865 ms, used_size=6443008 bytes (15.7%)
(RDMA_READ_CONSUME_CHECK_CONSUMER) timestamp=5865 ms, used_size=6440960 bytes (15.7%)
(RDMA_READ_CONSUME_CHECK_CONSUMER) timestamp=5865 ms, used_size=6438912 bytes (15.7%)
(RDMA_READ_CONSUME_CHECK_CONSUMER) timestamp=5865 ms, used_size=6436864 bytes (15.7%)
(RDMA_READ_CONSUME_CHECK_CONSUMER) timestamp=5865 ms, used_size=6434816 bytes (15.7%)
(RDMA_READ_CONSUME_CHECK_CONSUMER) timestamp=5865 ms, used_size=6432768 bytes (15.7%)
(RDMA_READ_CONSUME_CHECK_CONSUMER) timestamp=5865 ms, used_size=6430720 bytes (15.7%)
(RDMA_READ_CONSUME_CHECK_CONSUMER) timestamp=5865 ms, used_size=6428672 bytes (15.7%)
(RDMA_READ_CONSUME_CHECK_CONSUMER) timestamp=5865 ms, used_size=6426624 bytes (15.7%)
(RDMA_READ_CONSUME_CHECK_CONSUMER) timestamp=5865 ms, used_size=6424576 bytes (15.7%)
(RDMA_READ_CONSUME_CHECK_CONSUMER) timestamp=5865 ms, used_size=6422528 bytes (15.7%)
(RDMA_READ_CONSUME_CHECK_CONSUMER) timestamp=5865 ms, used_size=6420480 bytes (15.7%)
(RDMA_READ_CONSUME_CHECK_CONSUMER) timestamp=5865 ms, used_size=6418432 bytes (15.7%)
(RDMA_READ_CONSUME_CHECK_CONSUMER) timestamp=5865 ms, used_size=6416384 bytes (15.7%)
(RDMA_READ_CONSUME_CHECK_CONSUMER) timestamp=5865 ms, used_size=6414336 bytes (15.7%)
(RDMA_READ_CONSUME_CHECK_CONSUMER) timestamp=5865 ms, used_size=6412288 bytes (15.7%)
(RDMA_READ_CONSUME_CHECK_CONSUMER) timestamp=5865 ms, used_size=6410240 bytes (15.7%)
(RDMA_READ_CONSUME_CHECK_CONSUMER) timestamp=5865 ms, used_size=6408192 bytes (15.6%)
(RDMA_READ_CONSUME_CHECK_CONSUMER) timestamp=5865 ms, used_size=6406144 bytes (15.6%)
(RDMA_READ_CONSUME_CHECK_CONSUMER) timestamp=5865 ms, used_size=6404096 bytes (15.6%)
(RDMA_READ_CONSUME_CHECK_CONSUMER) timestamp=5865 ms, used_size=6402048 bytes (15.6%)
(RDMA_READ_CONSUME_CHECK_CONSUMER) timestamp=5865 ms, used_size=6400000 bytes (15.6%)
(RDMA_READ_CONSUME_CHECK_CONSUMER) timestamp=5865 ms, used_size=6397952 bytes (15.6%)
(RDMA_READ_CONSUME_CHECK_CONSUMER) timestamp=5865 ms, used_size=6395904 bytes (15.6%)
(RDMA_READ_CONSUME_CHECK_CONSUMER) timestamp=5865 ms, used_size=6393856 bytes (15.6%)
(RDMA_READ_CONSUME_CHECK_CONSUMER) timestamp=5865 ms, used_size=6391808 bytes (15.6%)
(RDMA_READ_CONSUME_CHECK_CONSUMER) timestamp=5865 ms, used_size=6389760 bytes (15.6%)
(RDMA_READ_CONSUME_CHECK_CONSUMER) timestamp=5865 ms, used_size=6387712 bytes (15.6%)
(RDMA_READ_CONSUME_CHECK_CONSUMER) timestamp=5865 ms, used_size=6385664 bytes (15.6%)
(RDMA_READ_CONSUME_CHECK_CONSUMER) timestamp=5865 ms, used_size=6383616 bytes (15.6%)
(RDMA_READ_CONSUME_CHECK_CONSUMER) timestamp=5865 ms, used_size=6381568 bytes (15.6%)
(RDMA_READ_CONSUME_CHECK_CONSUMER) timestamp=5865 ms, used_size=6379520 bytes (15.6%)
(RDMA_READ_CONSUME_CHECK_CONSUMER) timestamp=5865 ms, used_size=6377472 bytes (15.6%)
(RDMA_READ_CONSUME_CHECK_CONSUMER) timestamp=5865 ms, used_size=6375424 bytes (15.6%)
(RDMA_READ_CONSUME_CHECK_CONSUMER) timestamp=5865 ms, used_size=6373376 bytes (15.6%)
(RDMA_READ_CONSUME_CHECK_CONSUMER) timestamp=5865 ms, used_size=6371328 bytes (15.6%)
(RDMA_READ_CONSUME_CHECK_CONSUMER) timestamp=5865 ms, used_size=6369280 bytes (15.6%)
(RDMA_READ_CONSUME_CHECK_CONSUMER) timestamp=5865 ms, used_size=6367232 bytes (15.5%)
(RDMA_READ_CONSUME_CHECK_CONSUMER) timestamp=5865 ms, used_size=6365184 bytes (15.5%)
(RDMA_READ_CONSUME_CHECK_CONSUMER) timestamp=5865 ms, used_size=6363136 bytes (15.5%)
(RDMA_READ_CONSUME_CHECK_CONSUMER) timestamp=5865 ms, used_size=6361088 bytes (15.5%)
(RDMA_READ_CONSUME_CHECK_CONSUMER) timestamp=5865 ms, used_size=6359040 bytes (15.5%)
(RDMA_READ_CONSUME_CHECK_CONSUMER) timestamp=5865 ms, used_size=6356992 bytes (15.5%)
(RDMA_READ_CONSUME_CHECK_CONSUMER) timestamp=5865 ms, used_size=6354944 bytes (15.5%)
(RDMA_READ_CONSUME_CHECK_CONSUMER) timestamp=5865 ms, used_size=6352896 bytes (15.5%)
(RDMA_READ_CONSUME_CHECK_CONSUMER) timestamp=5865 ms, used_size=6350848 bytes (15.5%)
(RDMA_READ_CONSUME_CHECK_CONSUMER) timestamp=5865 ms, used_size=6348800 bytes (15.5%)
(RDMA_READ_CONSUME_CHECK_CONSUMER) timestamp=5865 ms, used_size=6346752 bytes (15.5%)
(RDMA_READ_CONSUME_CHECK_CONSUMER) timestamp=5865 ms, used_size=6344704 bytes (15.5%)
(RDMA_READ_CONSUME_CHECK_CONSUMER) timestamp=5865 ms, used_size=6342656 bytes (15.5%)
(RDMA_READ_CONSUME_CHECK_CONSUMER) timestamp=5865 ms, used_size=6340608 bytes (15.5%)
(RDMA_READ_CONSUME_CHECK_CONSUMER) timestamp=5865 ms, used_size=6338560 bytes (15.5%)
(RDMA_READ_CONSUME_CHECK_CONSUMER) timestamp=5865 ms, used_size=6336512 bytes (15.5%)
(RDMA_READ_CONSUME_CHECK_CONSUMER) timestamp=5865 ms, used_size=6334464 bytes (15.5%)
(RDMA_READ_CONSUME_CHECK_CONSUMER) timestamp=5865 ms, used_size=6332416 bytes (15.5%)
(RDMA_READ_CONSUME_CHECK_CONSUMER) timestamp=5865 ms, used_size=6330368 bytes (15.5%)
(RDMA_READ_CONSUME_CHECK_CONSUMER) timestamp=5865 ms, used_size=6328320 bytes (15.4%)
(RDMA_READ_CONSUME_CHECK_CONSUMER) timestamp=5865 ms, used_size=6326272 bytes (15.4%)
(RDMA_READ_CONSUME_CHECK_CONSUMER) timestamp=5865 ms, used_size=6324224 bytes (15.4%)
(RDMA_READ_CONSUME_CHECK_CONSUMER) timestamp=5865 ms, used_size=6322176 bytes (15.4%)
(RDMA_READ_CONSUME_CHECK_CONSUMER) timestamp=5865 ms, used_size=6320128 bytes (15.4%)
(RDMA_READ_CONSUME_CHECK_CONSUMER) timestamp=5865 ms, used_size=6318080 bytes (15.4%)
(RDMA_READ_CONSUME_CHECK_CONSUMER) timestamp=5865 ms, used_size=6316032 bytes (15.4%)
(RDMA_READ_CONSUME_CHECK_CONSUMER) timestamp=5865 ms, used_size=6313984 bytes (15.4%)
(RDMA_READ_CONSUME_CHECK_CONSUMER) timestamp=5865 ms, used_size=6311936 bytes (15.4%)
(RDMA_READ_CONSUME_CHECK_CONSUMER) timestamp=5865 ms, used_size=6309888 bytes (15.4%)
(RDMA_READ_CONSUME_CHECK_CONSUMER) timestamp=5865 ms, used_size=6307840 bytes (15.4%)
(RDMA_READ_CONSUME_CHECK_CONSUMER) timestamp=5865 ms, used_size=6305792 bytes (15.4%)
(RDMA_READ_CONSUME_CHECK_CONSUMER) timestamp=5865 ms, used_size=6303744 bytes (15.4%)
(RDMA_READ_CONSUME_CHECK_CONSUMER) timestamp=5865 ms, used_size=6301696 bytes (15.4%)
(RDMA_READ_CONSUME_CHECK_CONSUMER) timestamp=5865 ms, used_size=6299648 bytes (15.4%)
(RDMA_READ_CONSUME_CHECK_CONSUMER) timestamp=5865 ms, used_size=6297600 bytes (15.4%)
(RDMA_READ_CONSUME_CHECK_CONSUMER) timestamp=5865 ms, used_size=6295552 bytes (15.4%)
(RDMA_READ_CONSUME_CHECK_CONSUMER) timestamp=5865 ms, used_size=6293504 bytes (15.4%)
(RDMA_READ_CONSUME_CHECK_CONSUMER) timestamp=5865 ms, used_size=6291456 bytes (15.4%)
(RDMA_READ_CONSUME_CHECK_CONSUMER) timestamp=5865 ms, used_size=6289408 bytes (15.4%)
(RDMA_READ_CONSUME_CHECK_CONSUMER) timestamp=5865 ms, used_size=6287360 bytes (15.3%)
(RDMA_READ_CONSUME_CHECK_CONSUMER) timestamp=5865 ms, used_size=6285312 bytes (15.3%)
(RDMA_READ_CONSUME_CHECK_CONSUMER) timestamp=5865 ms, used_size=6283264 bytes (15.3%)
(RDMA_READ_CONSUME_CHECK_CONSUMER) timestamp=5865 ms, used_size=6281216 bytes (15.3%)
(RDMA_READ_CONSUME_CHECK_CONSUMER) timestamp=5865 ms, used_size=6279168 bytes (15.3%)
(RDMA_READ_CONSUME_CHECK_CONSUMER) timestamp=5865 ms, used_size=6277120 bytes (15.3%)
(RDMA_READ_CONSUME_CHECK_CONSUMER) timestamp=5865 ms, used_size=6275072 bytes (15.3%)
(RDMA_READ_CONSUME_CHECK_CONSUMER) timestamp=5865 ms, used_size=6273024 bytes (15.3%)
(RDMA_READ_CONSUME_CHECK_CONSUMER) timestamp=5865 ms, used_size=6270976 bytes (15.3%)
(RDMA_READ_CONSUME_CHECK_CONSUMER) timestamp=5865 ms, used_size=6268928 bytes (15.3%)
(RDMA_READ_CONSUME_CHECK_CONSUMER) timestamp=5865 ms, used_size=6266880 bytes (15.3%)
(RDMA_READ_CONSUME_CHECK_CONSUMER) timestamp=5865 ms, used_size=6264832 bytes (15.3%)
(RDMA_READ_CONSUME_CHECK_CONSUMER) timestamp=5865 ms, used_size=6262784 bytes (15.3%)
(RDMA_READ_CONSUME_CHECK_CONSUMER) timestamp=5865 ms, used_size=6260736 bytes (15.3%)
(RDMA_READ_CONSUME_CHECK_CONSUMER) timestamp=5865 ms, used_size=6258688 bytes (15.3%)
(RDMA_READ_CONSUME_CHECK_CONSUMER) timestamp=5865 ms, used_size=6256640 bytes (15.3%)
(RDMA_READ_CONSUME_CHECK_CONSUMER) timestamp=5865 ms, used_size=6254592 bytes (15.3%)
(RDMA_READ_CONSUME_CHECK_CONSUMER) timestamp=5865 ms, used_size=6252544 bytes (15.3%)
(RDMA_READ_CONSUME_CHECK_CONSUMER) timestamp=5865 ms, used_size=6250496 bytes (15.3%)
(RDMA_READ_CONSUME_CHECK_CONSUMER) timestamp=5865 ms, used_size=6248448 bytes (15.3%)
(RDMA_READ_CONSUME_CHECK_CONSUMER) timestamp=5865 ms, used_size=6246400 bytes (15.2%)
(RDMA_READ_CONSUME_CHECK_CONSUMER) timestamp=5865 ms, used_size=6244352 bytes (15.2%)
(RDMA_READ_CONSUME_CHECK_CONSUMER) timestamp=5865 ms, used_size=6242304 bytes (15.2%)
(RDMA_READ_CONSUME_CHECK_CONSUMER) timestamp=5865 ms, used_size=6240256 bytes (15.2%)
(RDMA_READ_CONSUME_CHECK_CONSUMER) timestamp=5865 ms, used_size=6238208 bytes (15.2%)
(RDMA_READ_CONSUME_CHECK_CONSUMER) timestamp=5865 ms, used_size=6236160 bytes (15.2%)
(RDMA_READ_CONSUME_CHECK_CONSUMER) timestamp=5865 ms, used_size=6234112 bytes (15.2%)
(RDMA_READ_CONSUME_CHECK_CONSUMER) timestamp=5865 ms, used_size=6232064 bytes (15.2%)
(RDMA_READ_CONSUME_CHECK_CONSUMER) timestamp=5865 ms, used_size=6230016 bytes (15.2%)
(RDMA_READ_CONSUME_CHECK_CONSUMER) timestamp=5865 ms, used_size=6227968 bytes (15.2%)
(RDMA_READ_CONSUME_CHECK_CONSUMER) timestamp=5865 ms, used_size=6225920 bytes (15.2%)
(RDMA_READ_CONSUME_CHECK_CONSUMER) timestamp=5865 ms, used_size=6223872 bytes (15.2%)
(RDMA_READ_CONSUME_CHECK_CONSUMER) timestamp=5865 ms, used_size=6221824 bytes (15.2%)
(RDMA_READ_CONSUME_CHECK_CONSUMER) timestamp=5865 ms, used_size=6219776 bytes (15.2%)
(RDMA_READ_CONSUME_CHECK_CONSUMER) timestamp=5865 ms, used_size=6217728 bytes (15.2%)
(RDMA_READ_CONSUME_CHECK_CONSUMER) timestamp=5865 ms, used_size=6215680 bytes (15.2%)
(RDMA_READ_CONSUME_CHECK_CONSUMER) timestamp=5865 ms, used_size=6213632 bytes (15.2%)
(RDMA_READ_CONSUME_CHECK_CONSUMER) timestamp=5865 ms, used_size=6211584 bytes (15.2%)
(RDMA_READ_CONSUME_CHECK_CONSUMER) timestamp=5865 ms, used_size=6209536 bytes (15.2%)
(RDMA_READ_CONSUME_CHECK_CONSUMER) timestamp=5866 ms, used_size=6207488 bytes (15.2%)
(RDMA_READ_CONSUME_CHECK_CONSUMER) timestamp=5866 ms, used_size=6205440 bytes (15.2%)
(RDMA_READ_CONSUME_CHECK_CONSUMER) timestamp=5866 ms, used_size=6203392 bytes (15.1%)
(RDMA_READ_CONSUME_CHECK_CONSUMER) timestamp=5866 ms, used_size=6201344 bytes (15.1%)
(RDMA_READ_CONSUME_CHECK_CONSUMER) timestamp=5866 ms, used_size=6199296 bytes (15.1%)
(RDMA_READ_CONSUME_CHECK_CONSUMER) timestamp=5866 ms, used_size=6197248 bytes (15.1%)
(RDMA_READ_CONSUME_CHECK_CONSUMER) timestamp=5866 ms, used_size=6195200 bytes (15.1%)
(RDMA_READ_CONSUME_CHECK_CONSUMER) timestamp=5866 ms, used_size=6193152 bytes (15.1%)
(RDMA_READ_CONSUME_CHECK_CONSUMER) timestamp=5866 ms, used_size=6191104 bytes (15.1%)
(RDMA_READ_CONSUME_CHECK_CONSUMER) timestamp=5866 ms, used_size=6189056 bytes (15.1%)
(RDMA_READ_CONSUME_CHECK_CONSUMER) timestamp=5866 ms, used_size=6187008 bytes (15.1%)
(RDMA_READ_CONSUME_CHECK_CONSUMER) timestamp=5866 ms, used_size=6184960 bytes (15.1%)
(RDMA_READ_CONSUME_CHECK_CONSUMER) timestamp=5866 ms, used_size=6182912 bytes (15.1%)
(RDMA_READ_CONSUME_CHECK_CONSUMER) timestamp=5866 ms, used_size=6180864 bytes (15.1%)
(RDMA_READ_CONSUME_CHECK_CONSUMER) timestamp=5866 ms, used_size=6178816 bytes (15.1%)
(RDMA_READ_CONSUME_CHECK_CONSUMER) timestamp=5866 ms, used_size=6176768 bytes (15.1%)
(RDMA_READ_CONSUME_CHECK_CONSUMER) timestamp=5866 ms, used_size=6174720 bytes (15.1%)
(RDMA_READ_CONSUME_CHECK_CONSUMER) timestamp=5866 ms, used_size=6172672 bytes (15.1%)
(RDMA_READ_CONSUME_CHECK_CONSUMER) timestamp=5866 ms, used_size=6170624 bytes (15.1%)
(RDMA_READ_CONSUME_CHECK_CONSUMER) timestamp=5866 ms, used_size=6168576 bytes (15.1%)
(RDMA_READ_CONSUME_CHECK_CONSUMER) timestamp=5866 ms, used_size=6166528 bytes (15.1%)
(RDMA_READ_CONSUME_CHECK_CONSUMER) timestamp=5866 ms, used_size=6164480 bytes (15.1%)
(RDMA_READ_CONSUME_CHECK_CONSUMER) timestamp=5866 ms, used_size=6162432 bytes (15.0%)
(RDMA_READ_CONSUME_CHECK_CONSUMER) timestamp=5866 ms, used_size=6160384 bytes (15.0%)
(RDMA_READ_CONSUME_CHECK_CONSUMER) timestamp=5866 ms, used_size=6158336 bytes (15.0%)
(RDMA_READ_CONSUME_CHECK_CONSUMER) timestamp=5866 ms, used_size=6156288 bytes (15.0%)
(RDMA_READ_CONSUME_CHECK_CONSUMER) timestamp=5866 ms, used_size=6154240 bytes (15.0%)
(RDMA_READ_CONSUME_CHECK_CONSUMER) timestamp=5866 ms, used_size=6152192 bytes (15.0%)
(RDMA_READ_CONSUME_CHECK_CONSUMER) timestamp=5866 ms, used_size=6150144 bytes (15.0%)
(RDMA_READ_CONSUME_CHECK_CONSUMER) timestamp=5866 ms, used_size=6148096 bytes (15.0%)
(RDMA_READ_CONSUME_CHECK_CONSUMER) timestamp=5866 ms, used_size=6146048 bytes (15.0%)
(RDMA_READ_CONSUME_CHECK_CONSUMER) timestamp=5866 ms, used_size=6144000 bytes (15.0%)
(RDMA_READ_CONSUME_CHECK_CONSUMER) timestamp=5866 ms, used_size=6141952 bytes (15.0%)
(RDMA_READ_CONSUME_CHECK_CONSUMER) timestamp=5866 ms, used_size=6139904 bytes (15.0%)
(RDMA_READ_CONSUME_CHECK_CONSUMER) timestamp=5866 ms, used_size=6137856 bytes (15.0%)
(RDMA_READ_CONSUME_CHECK_CONSUMER) timestamp=5866 ms, used_size=6135808 bytes (15.0%)
(RDMA_READ_CONSUME_CHECK_CONSUMER) timestamp=5866 ms, used_size=6133760 bytes (15.0%)
(RDMA_READ_CONSUME_CHECK_CONSUMER) timestamp=5866 ms, used_size=6131712 bytes (15.0%)
(RDMA_READ_CONSUME_CHECK_CONSUMER) timestamp=5866 ms, used_size=6129664 bytes (15.0%)
(RDMA_READ_CONSUME_CHECK_CONSUMER) timestamp=5866 ms, used_size=6127616 bytes (15.0%)
(RDMA_READ_CONSUME_CHECK_CONSUMER) timestamp=5866 ms, used_size=6125568 bytes (15.0%)
(RDMA_READ_CONSUME_CHECK_CONSUMER) timestamp=5866 ms, used_size=6123520 bytes (14.9%)
(RDMA_READ_CONSUME_CHECK_CONSUMER) timestamp=5866 ms, used_size=6121472 bytes (14.9%)
(RDMA_READ_CONSUME_CHECK_CONSUMER) timestamp=5866 ms, used_size=6119424 bytes (14.9%)
(RDMA_READ_CONSUME_CHECK_CONSUMER) timestamp=5866 ms, used_size=6117376 bytes (14.9%)
(RDMA_READ_CONSUME_CHECK_CONSUMER) timestamp=5866 ms, used_size=6115328 bytes (14.9%)
(RDMA_READ_CONSUME_CHECK_CONSUMER) timestamp=5866 ms, used_size=6113280 bytes (14.9%)
(RDMA_READ_CONSUME_CHECK_CONSUMER) timestamp=5866 ms, used_size=6111232 bytes (14.9%)
(RDMA_READ_CONSUME_CHECK_CONSUMER) timestamp=5866 ms, used_size=6109184 bytes (14.9%)
(RDMA_READ_CONSUME_CHECK_CONSUMER) timestamp=5866 ms, used_size=6107136 bytes (14.9%)
(RDMA_READ_CONSUME_CHECK_CONSUMER) timestamp=5866 ms, used_size=6105088 bytes (14.9%)
(RDMA_READ_CONSUME_CHECK_CONSUMER) timestamp=5866 ms, used_size=6103040 bytes (14.9%)
(RDMA_READ_CONSUME_CHECK_CONSUMER) timestamp=5866 ms, used_size=6100992 bytes (14.9%)
(RDMA_READ_CONSUME_CHECK_CONSUMER) timestamp=5866 ms, used_size=6098944 bytes (14.9%)
(RDMA_READ_CONSUME_CHECK_CONSUMER) timestamp=5866 ms, used_size=6096896 bytes (14.9%)
(RDMA_READ_CONSUME_CHECK_CONSUMER) timestamp=5866 ms, used_size=6094848 bytes (14.9%)
(RDMA_READ_CONSUME_CHECK_CONSUMER) timestamp=5866 ms, used_size=6092800 bytes (14.9%)
(RDMA_READ_CONSUME_CHECK_CONSUMER) timestamp=5866 ms, used_size=6090752 bytes (14.9%)
(RDMA_READ_CONSUME_CHECK_CONSUMER) timestamp=5866 ms, used_size=6088704 bytes (14.9%)
(RDMA_READ_CONSUME_CHECK_CONSUMER) timestamp=5866 ms, used_size=6086656 bytes (14.9%)
(RDMA_READ_CONSUME_CHECK_CONSUMER) timestamp=5866 ms, used_size=6084608 bytes (14.9%)
(RDMA_READ_CONSUME_CHECK_CONSUMER) timestamp=5866 ms, used_size=6082560 bytes (14.8%)
(RDMA_READ_CONSUME_CHECK_CONSUMER) timestamp=5866 ms, used_size=6080512 bytes (14.8%)
(RDMA_READ_CONSUME_CHECK_CONSUMER) timestamp=5866 ms, used_size=6078464 bytes (14.8%)
(RDMA_READ_CONSUME_CHECK_CONSUMER) timestamp=5866 ms, used_size=6076416 bytes (14.8%)
(RDMA_READ_CONSUME_CHECK_CONSUMER) timestamp=5866 ms, used_size=6074368 bytes (14.8%)
(RDMA_READ_CONSUME_CHECK_CONSUMER) timestamp=5866 ms, used_size=6072320 bytes (14.8%)
(RDMA_READ_CONSUME_CHECK_CONSUMER) timestamp=5866 ms, used_size=6070272 bytes (14.8%)
(RDMA_READ_CONSUME_CHECK_CONSUMER) timestamp=5866 ms, used_size=6068224 bytes (14.8%)
(RDMA_READ_CONSUME_CHECK_CONSUMER) timestamp=5866 ms, used_size=6066176 bytes (14.8%)
(RDMA_READ_CONSUME_CHECK_CONSUMER) timestamp=5866 ms, used_size=6064128 bytes (14.8%)
(RDMA_READ_CONSUME_CHECK_CONSUMER) timestamp=5866 ms, used_size=6062080 bytes (14.8%)
(RDMA_READ_CONSUME_CHECK_CONSUMER) timestamp=5866 ms, used_size=6060032 bytes (14.8%)
(RDMA_READ_CONSUME_CHECK_CONSUMER) timestamp=5866 ms, used_size=6057984 bytes (14.8%)
(RDMA_READ_CONSUME_CHECK_CONSUMER) timestamp=5866 ms, used_size=6055936 bytes (14.8%)
(RDMA_READ_CONSUME_CHECK_CONSUMER) timestamp=5866 ms, used_size=6053888 bytes (14.8%)
(RDMA_READ_CONSUME_CHECK_CONSUMER) timestamp=5866 ms, used_size=6051840 bytes (14.8%)
(RDMA_READ_CONSUME_CHECK_CONSUMER) timestamp=5866 ms, used_size=6049792 bytes (14.8%)
(RDMA_READ_CONSUME_CHECK_CONSUMER) timestamp=5866 ms, used_size=6047744 bytes (14.8%)
(RDMA_READ_CONSUME_CHECK_CONSUMER) timestamp=5866 ms, used_size=6045696 bytes (14.8%)
(RDMA_READ_CONSUME_CHECK_CONSUMER) timestamp=5866 ms, used_size=6043648 bytes (14.8%)
(RDMA_READ_CONSUME_CHECK_CONSUMER) timestamp=5866 ms, used_size=6041600 bytes (14.8%)
(RDMA_READ_CONSUME_CHECK_CONSUMER) timestamp=5866 ms, used_size=6039552 bytes (14.7%)
(RDMA_READ_CONSUME_CHECK_CONSUMER) timestamp=5866 ms, used_size=6037504 bytes (14.7%)
(RDMA_READ_CONSUME_CHECK_CONSUMER) timestamp=5866 ms, used_size=6035456 bytes (14.7%)
(RDMA_READ_CONSUME_CHECK_CONSUMER) timestamp=5866 ms, used_size=6033408 bytes (14.7%)
(RDMA_READ_CONSUME_CHECK_CONSUMER) timestamp=5866 ms, used_size=6031360 bytes (14.7%)
(RDMA_READ_CONSUME_CHECK_CONSUMER) timestamp=5866 ms, used_size=6029312 bytes (14.7%)
(RDMA_READ_CONSUME_CHECK_CONSUMER) timestamp=5866 ms, used_size=6027264 bytes (14.7%)
(RDMA_READ_CONSUME_CHECK_CONSUMER) timestamp=5866 ms, used_size=6025216 bytes (14.7%)
(RDMA_READ_CONSUME_CHECK_CONSUMER) timestamp=5866 ms, used_size=6023168 bytes (14.7%)
(RDMA_READ_CONSUME_CHECK_CONSUMER) timestamp=5866 ms, used_size=6021120 bytes (14.7%)
(RDMA_READ_CONSUME_CHECK_CONSUMER) timestamp=5866 ms, used_size=6019072 bytes (14.7%)
(RDMA_READ_CONSUME_CHECK_CONSUMER) timestamp=5866 ms, used_size=6017024 bytes (14.7%)
(RDMA_READ_CONSUME_CHECK_CONSUMER) timestamp=5866 ms, used_size=6014976 bytes (14.7%)
(RDMA_READ_CONSUME_CHECK_CONSUMER) timestamp=5866 ms, used_size=6012928 bytes (14.7%)
(RDMA_READ_CONSUME_CHECK_CONSUMER) timestamp=5866 ms, used_size=6010880 bytes (14.7%)
(RDMA_READ_CONSUME_CHECK_CONSUMER) timestamp=5866 ms, used_size=6008832 bytes (14.7%)
(RDMA_READ_CONSUME_CHECK_CONSUMER) timestamp=5866 ms, used_size=6006784 bytes (14.7%)
(RDMA_READ_CONSUME_CHECK_CONSUMER) timestamp=5866 ms, used_size=6004736 bytes (14.7%)
(RDMA_READ_CONSUME_CHECK_CONSUMER) timestamp=5866 ms, used_size=6002688 bytes (14.7%)
(RDMA_READ_CONSUME_CHECK_CONSUMER) timestamp=5866 ms, used_size=6000640 bytes (14.7%)
(RDMA_READ_CONSUME_CHECK_CONSUMER) timestamp=5866 ms, used_size=5998592 bytes (14.6%)
(RDMA_READ_CONSUME_CHECK_CONSUMER) timestamp=5866 ms, used_size=5996544 bytes (14.6%)
(RDMA_READ_CONSUME_CHECK_CONSUMER) timestamp=5866 ms, used_size=5994496 bytes (14.6%)
(RDMA_READ_CONSUME_CHECK_CONSUMER) timestamp=5866 ms, used_size=5992448 bytes (14.6%)
(RDMA_READ_CONSUME_CHECK_CONSUMER) timestamp=5866 ms, used_size=5990400 bytes (14.6%)
(RDMA_READ_CONSUME_CHECK_CONSUMER) timestamp=5866 ms, used_size=5988352 bytes (14.6%)
(RDMA_READ_CONSUME_CHECK_CONSUMER) timestamp=5866 ms, used_size=5986304 bytes (14.6%)
(RDMA_READ_CONSUME_CHECK_CONSUMER) timestamp=5866 ms, used_size=5984256 bytes (14.6%)
(RDMA_READ_CONSUME_CHECK_CONSUMER) timestamp=5866 ms, used_size=5982208 bytes (14.6%)
(RDMA_READ_CONSUME_CHECK_CONSUMER) timestamp=5866 ms, used_size=5980160 bytes (14.6%)
(RDMA_READ_CONSUME_CHECK_CONSUMER) timestamp=5866 ms, used_size=5978112 bytes (14.6%)
(RDMA_READ_CONSUME_CHECK_CONSUMER) timestamp=5866 ms, used_size=5976064 bytes (14.6%)
(RDMA_READ_CONSUME_CHECK_CONSUMER) timestamp=5866 ms, used_size=5974016 bytes (14.6%)
(RDMA_READ_CONSUME_CHECK_CONSUMER) timestamp=5866 ms, used_size=5971968 bytes (14.6%)
(RDMA_READ_CONSUME_CHECK_CONSUMER) timestamp=5866 ms, used_size=5969920 bytes (14.6%)
(RDMA_READ_CONSUME_CHECK_CONSUMER) timestamp=5866 ms, used_size=5967872 bytes (14.6%)
(RDMA_READ_CONSUME_CHECK_CONSUMER) timestamp=5866 ms, used_size=5965824 bytes (14.6%)
(RDMA_READ_CONSUME_CHECK_CONSUMER) timestamp=5866 ms, used_size=5963776 bytes (14.6%)
(RDMA_READ_CONSUME_CHECK_CONSUMER) timestamp=5866 ms, used_size=5961728 bytes (14.6%)
(RDMA_READ_CONSUME_CHECK_CONSUMER) timestamp=5866 ms, used_size=5959680 bytes (14.6%)
(RDMA_READ_CONSUME_CHECK_CONSUMER) timestamp=5866 ms, used_size=5957632 bytes (14.5%)
(RDMA_READ_CONSUME_CHECK_CONSUMER) timestamp=5866 ms, used_size=5955584 bytes (14.5%)
(RDMA_READ_CONSUME_CHECK_CONSUMER) timestamp=5866 ms, used_size=5953536 bytes (14.5%)
(RDMA_READ_CONSUME_CHECK_CONSUMER) timestamp=5866 ms, used_size=5951488 bytes (14.5%)
(RDMA_READ_CONSUME_CHECK_CONSUMER) timestamp=5866 ms, used_size=5949440 bytes (14.5%)
(RDMA_READ_CONSUME_CHECK_CONSUMER) timestamp=5866 ms, used_size=5947392 bytes (14.5%)
(RDMA_READ_CONSUME_CHECK_CONSUMER) timestamp=5866 ms, used_size=5945344 bytes (14.5%)
(RDMA_READ_CONSUME_CHECK_CONSUMER) timestamp=5866 ms, used_size=5943296 bytes (14.5%)
(RDMA_READ_CONSUME_CHECK_CONSUMER) timestamp=5866 ms, used_size=5941248 bytes (14.5%)
(RDMA_READ_CONSUME_CHECK_CONSUMER) timestamp=5866 ms, used_size=5939200 bytes (14.5%)
(RDMA_READ_CONSUME_CHECK_CONSUMER) timestamp=5866 ms, used_size=5937152 bytes (14.5%)
(RDMA_READ_CONSUME_CHECK_CONSUMER) timestamp=5866 ms, used_size=5935104 bytes (14.5%)
(RDMA_READ_CONSUME_CHECK_CONSUMER) timestamp=5866 ms, used_size=5933056 bytes (14.5%)
(RDMA_READ_CONSUME_CHECK_CONSUMER) timestamp=5866 ms, used_size=5931008 bytes (14.5%)
(RDMA_READ_CONSUME_CHECK_CONSUMER) timestamp=5866 ms, used_size=5928960 bytes (14.5%)
(RDMA_READ_CONSUME_CHECK_CONSUMER) timestamp=5866 ms, used_size=5926912 bytes (14.5%)
(RDMA_READ_CONSUME_CHECK_CONSUMER) timestamp=5866 ms, used_size=5924864 bytes (14.5%)
(RDMA_READ_CONSUME_CHECK_CONSUMER) timestamp=5866 ms, used_size=5922816 bytes (14.5%)
(RDMA_READ_CONSUME_CHECK_CONSUMER) timestamp=5866 ms, used_size=5920768 bytes (14.5%)
(RDMA_READ_CONSUME_CHECK_CONSUMER) timestamp=5866 ms, used_size=5918720 bytes (14.4%)
(RDMA_READ_CONSUME_CHECK_CONSUMER) timestamp=5866 ms, used_size=5916672 bytes (14.4%)
(RDMA_READ_CONSUME_CHECK_CONSUMER) timestamp=5866 ms, used_size=5914624 bytes (14.4%)
(RDMA_READ_CONSUME_CHECK_CONSUMER) timestamp=5866 ms, used_size=5912576 bytes (14.4%)
(RDMA_READ_CONSUME_CHECK_CONSUMER) timestamp=5866 ms, used_size=5910528 bytes (14.4%)
(RDMA_READ_CONSUME_CHECK_CONSUMER) timestamp=5866 ms, used_size=5908480 bytes (14.4%)
(RDMA_READ_CONSUME_CHECK_CONSUMER) timestamp=5866 ms, used_size=5906432 bytes (14.4%)
(RDMA_READ_CONSUME_CHECK_CONSUMER) timestamp=5866 ms, used_size=5904384 bytes (14.4%)
(RDMA_READ_CONSUME_CHECK_CONSUMER) timestamp=5866 ms, used_size=5902336 bytes (14.4%)
(RDMA_READ_CONSUME_CHECK_CONSUMER) timestamp=5866 ms, used_size=5900288 bytes (14.4%)
(RDMA_READ_CONSUME_CHECK_CONSUMER) timestamp=5866 ms, used_size=5898240 bytes (14.4%)
(RDMA_READ_CONSUME_CHECK_CONSUMER) timestamp=5866 ms, used_size=5896192 bytes (14.4%)
(RDMA_READ_CONSUME_CHECK_CONSUMER) timestamp=5866 ms, used_size=5894144 bytes (14.4%)
(RDMA_READ_CONSUME_CHECK_CONSUMER) timestamp=5866 ms, used_size=5892096 bytes (14.4%)
(RDMA_READ_CONSUME_CHECK_CONSUMER) timestamp=5866 ms, used_size=5890048 bytes (14.4%)
(RDMA_READ_CONSUME_CHECK_CONSUMER) timestamp=5866 ms, used_size=5888000 bytes (14.4%)
(RDMA_READ_CONSUME_CHECK_CONSUMER) timestamp=5866 ms, used_size=5885952 bytes (14.4%)
(RDMA_READ_CONSUME_CHECK_CONSUMER) timestamp=5866 ms, used_size=5883904 bytes (14.4%)
(RDMA_READ_CONSUME_CHECK_CONSUMER) timestamp=5866 ms, used_size=5881856 bytes (14.4%)
(RDMA_READ_CONSUME_CHECK_CONSUMER) timestamp=5866 ms, used_size=5879808 bytes (14.4%)
(RDMA_READ_CONSUME_CHECK_CONSUMER) timestamp=5866 ms, used_size=5877760 bytes (14.3%)
(RDMA_READ_CONSUME_CHECK_CONSUMER) timestamp=5866 ms, used_size=5875712 bytes (14.3%)
(RDMA_READ_CONSUME_CHECK_CONSUMER) timestamp=5866 ms, used_size=5873664 bytes (14.3%)
(RDMA_READ_CONSUME_CHECK_CONSUMER) timestamp=5866 ms, used_size=5871616 bytes (14.3%)
(RDMA_READ_CONSUME_CHECK_CONSUMER) timestamp=5867 ms, used_size=5869568 bytes (14.3%)
(RDMA_READ_CONSUME_CHECK_CONSUMER) timestamp=5867 ms, used_size=5867520 bytes (14.3%)
(RDMA_READ_CONSUME_CHECK_CONSUMER) timestamp=5867 ms, used_size=5865472 bytes (14.3%)
(RDMA_READ_CONSUME_CHECK_CONSUMER) timestamp=5867 ms, used_size=5863424 bytes (14.3%)
(RDMA_READ_CONSUME_CHECK_CONSUMER) timestamp=5867 ms, used_size=5861376 bytes (14.3%)
(RDMA_READ_CONSUME_CHECK_CONSUMER) timestamp=5867 ms, used_size=5859328 bytes (14.3%)
(RDMA_READ_CONSUME_CHECK_CONSUMER) timestamp=5867 ms, used_size=5857280 bytes (14.3%)
(RDMA_READ_CONSUME_CHECK_CONSUMER) timestamp=5867 ms, used_size=5855232 bytes (14.3%)
(RDMA_READ_CONSUME_CHECK_CONSUMER) timestamp=5867 ms, used_size=5853184 bytes (14.3%)
(RDMA_READ_CONSUME_CHECK_CONSUMER) timestamp=5867 ms, used_size=5851136 bytes (14.3%)
(RDMA_READ_CONSUME_CHECK_CONSUMER) timestamp=5867 ms, used_size=5849088 bytes (14.3%)
(RDMA_READ_CONSUME_CHECK_CONSUMER) timestamp=5867 ms, used_size=5847040 bytes (14.3%)
(RDMA_READ_CONSUME_CHECK_CONSUMER) timestamp=5867 ms, used_size=5844992 bytes (14.3%)
(RDMA_READ_CONSUME_CHECK_CONSUMER) timestamp=5867 ms, used_size=5842944 bytes (14.3%)
(RDMA_READ_CONSUME_CHECK_CONSUMER) timestamp=5867 ms, used_size=5840896 bytes (14.3%)
(RDMA_READ_CONSUME_CHECK_CONSUMER) timestamp=5867 ms, used_size=5838848 bytes (14.3%)
(RDMA_READ_CONSUME_CHECK_CONSUMER) timestamp=5867 ms, used_size=5836800 bytes (14.2%)
(RDMA_READ_CONSUME_CHECK_CONSUMER) timestamp=5867 ms, used_size=5834752 bytes (14.2%)
(RDMA_READ_CONSUME_CHECK_CONSUMER) timestamp=5867 ms, used_size=5832704 bytes (14.2%)
(RDMA_READ_CONSUME_CHECK_CONSUMER) timestamp=5867 ms, used_size=5830656 bytes (14.2%)
(RDMA_READ_CONSUME_CHECK_CONSUMER) timestamp=5867 ms, used_size=5828608 bytes (14.2%)
(RDMA_READ_CONSUME_CHECK_CONSUMER) timestamp=5867 ms, used_size=5826560 bytes (14.2%)
(RDMA_READ_CONSUME_CHECK_CONSUMER) timestamp=5867 ms, used_size=5824512 bytes (14.2%)
(RDMA_READ_CONSUME_CHECK_CONSUMER) timestamp=5867 ms, used_size=5822464 bytes (14.2%)
(RDMA_READ_CONSUME_CHECK_CONSUMER) timestamp=5867 ms, used_size=5820416 bytes (14.2%)
(RDMA_READ_CONSUME_CHECK_CONSUMER) timestamp=5867 ms, used_size=5818368 bytes (14.2%)
(RDMA_READ_CONSUME_CHECK_CONSUMER) timestamp=5867 ms, used_size=5816320 bytes (14.2%)
(RDMA_READ_CONSUME_CHECK_CONSUMER) timestamp=5867 ms, used_size=5814272 bytes (14.2%)
(RDMA_READ_CONSUME_CHECK_CONSUMER) timestamp=5867 ms, used_size=5812224 bytes (14.2%)
(RDMA_READ_CONSUME_CHECK_CONSUMER) timestamp=5867 ms, used_size=5810176 bytes (14.2%)
(RDMA_READ_CONSUME_CHECK_CONSUMER) timestamp=5867 ms, used_size=5808128 bytes (14.2%)
(RDMA_READ_CONSUME_CHECK_CONSUMER) timestamp=5867 ms, used_size=5806080 bytes (14.2%)
(RDMA_READ_CONSUME_CHECK_CONSUMER) timestamp=5867 ms, used_size=5804032 bytes (14.2%)
(RDMA_READ_CONSUME_CHECK_CONSUMER) timestamp=5867 ms, used_size=5801984 bytes (14.2%)
(RDMA_READ_CONSUME_CHECK_CONSUMER) timestamp=5867 ms, used_size=5799936 bytes (14.2%)
(RDMA_READ_CONSUME_CHECK_CONSUMER) timestamp=5867 ms, used_size=5797888 bytes (14.2%)
(RDMA_READ_CONSUME_CHECK_CONSUMER) timestamp=5867 ms, used_size=5795840 bytes (14.2%)
(RDMA_READ_CONSUME_CHECK_CONSUMER) timestamp=5867 ms, used_size=5793792 bytes (14.1%)
(RDMA_READ_CONSUME_CHECK_CONSUMER) timestamp=5867 ms, used_size=5791744 bytes (14.1%)
(RDMA_READ_CONSUME_CHECK_CONSUMER) timestamp=5867 ms, used_size=5789696 bytes (14.1%)
(RDMA_READ_CONSUME_CHECK_CONSUMER) timestamp=5867 ms, used_size=5787648 bytes (14.1%)
(RDMA_READ_CONSUME_CHECK_CONSUMER) timestamp=5867 ms, used_size=5785600 bytes (14.1%)
(RDMA_READ_CONSUME_CHECK_CONSUMER) timestamp=5867 ms, used_size=5783552 bytes (14.1%)
(RDMA_READ_CONSUME_CHECK_CONSUMER) timestamp=5867 ms, used_size=5781504 bytes (14.1%)
(RDMA_READ_CONSUME_CHECK_CONSUMER) timestamp=5867 ms, used_size=5779456 bytes (14.1%)
(RDMA_READ_CONSUME_CHECK_CONSUMER) timestamp=5867 ms, used_size=5777408 bytes (14.1%)
(RDMA_READ_CONSUME_CHECK_CONSUMER) timestamp=5867 ms, used_size=5775360 bytes (14.1%)
(RDMA_READ_CONSUME_CHECK_CONSUMER) timestamp=5867 ms, used_size=5773312 bytes (14.1%)
(RDMA_READ_CONSUME_CHECK_CONSUMER) timestamp=5867 ms, used_size=5771264 bytes (14.1%)
(RDMA_READ_CONSUME_CHECK_CONSUMER) timestamp=5867 ms, used_size=5769216 bytes (14.1%)
(RDMA_READ_CONSUME_CHECK_CONSUMER) timestamp=5867 ms, used_size=5767168 bytes (14.1%)
(RDMA_READ_CONSUME_CHECK_CONSUMER) timestamp=5867 ms, used_size=5765120 bytes (14.1%)
(RDMA_READ_CONSUME_CHECK_CONSUMER) timestamp=5867 ms, used_size=5763072 bytes (14.1%)
(RDMA_READ_CONSUME_CHECK_CONSUMER) timestamp=5867 ms, used_size=5761024 bytes (14.1%)
(RDMA_READ_CONSUME_CHECK_CONSUMER) timestamp=5867 ms, used_size=5758976 bytes (14.1%)
(RDMA_READ_CONSUME_CHECK_CONSUMER) timestamp=5867 ms, used_size=5756928 bytes (14.1%)
(RDMA_READ_CONSUME_CHECK_CONSUMER) timestamp=5867 ms, used_size=5754880 bytes (14.1%)
(RDMA_READ_CONSUME_CHECK_CONSUMER) timestamp=5867 ms, used_size=5752832 bytes (14.0%)
(RDMA_READ_CONSUME_CHECK_CONSUMER) timestamp=5867 ms, used_size=5750784 bytes (14.0%)
(RDMA_READ_CONSUME_CHECK_CONSUMER) timestamp=5867 ms, used_size=5748736 bytes (14.0%)
(RDMA_READ_CONSUME_CHECK_CONSUMER) timestamp=5867 ms, used_size=5746688 bytes (14.0%)
(RDMA_READ_CONSUME_CHECK_CONSUMER) timestamp=5867 ms, used_size=5744640 bytes (14.0%)
(RDMA_READ_CONSUME_CHECK_CONSUMER) timestamp=5867 ms, used_size=5742592 bytes (14.0%)
(RDMA_READ_CONSUME_CHECK_CONSUMER) timestamp=5867 ms, used_size=5740544 bytes (14.0%)
(RDMA_READ_CONSUME_CHECK_CONSUMER) timestamp=5867 ms, used_size=5738496 bytes (14.0%)
(RDMA_READ_CONSUME_CHECK_CONSUMER) timestamp=5867 ms, used_size=5736448 bytes (14.0%)
(RDMA_READ_CONSUME_CHECK_CONSUMER) timestamp=5867 ms, used_size=5734400 bytes (14.0%)
(RDMA_READ_CONSUME_CHECK_CONSUMER) timestamp=5867 ms, used_size=5732352 bytes (14.0%)
(RDMA_READ_CONSUME_CHECK_CONSUMER) timestamp=5867 ms, used_size=5730304 bytes (14.0%)
(RDMA_READ_CONSUME_CHECK_CONSUMER) timestamp=5867 ms, used_size=5728256 bytes (14.0%)
(RDMA_READ_CONSUME_CHECK_CONSUMER) timestamp=5867 ms, used_size=5726208 bytes (14.0%)
(RDMA_READ_CONSUME_CHECK_CONSUMER) timestamp=5867 ms, used_size=5724160 bytes (14.0%)
(RDMA_READ_CONSUME_CHECK_CONSUMER) timestamp=5867 ms, used_size=5722112 bytes (14.0%)
(RDMA_READ_CONSUME_CHECK_CONSUMER) timestamp=5867 ms, used_size=5720064 bytes (14.0%)
(RDMA_READ_CONSUME_CHECK_CONSUMER) timestamp=5867 ms, used_size=5718016 bytes (14.0%)
(RDMA_READ_CONSUME_CHECK_CONSUMER) timestamp=5867 ms, used_size=5715968 bytes (14.0%)
(RDMA_READ_CONSUME_CHECK_CONSUMER) timestamp=5867 ms, used_size=5713920 bytes (13.9%)
(RDMA_READ_CONSUME_CHECK_CONSUMER) timestamp=5867 ms, used_size=5711872 bytes (13.9%)
(RDMA_READ_CONSUME_CHECK_CONSUMER) timestamp=5867 ms, used_size=5709824 bytes (13.9%)
(RDMA_READ_CONSUME_CHECK_CONSUMER) timestamp=5867 ms, used_size=5707776 bytes (13.9%)
(RDMA_READ_CONSUME_CHECK_CONSUMER) timestamp=5867 ms, used_size=5705728 bytes (13.9%)
(RDMA_READ_CONSUME_CHECK_CONSUMER) timestamp=5867 ms, used_size=5703680 bytes (13.9%)
(RDMA_READ_CONSUME_CHECK_CONSUMER) timestamp=5867 ms, used_size=5701632 bytes (13.9%)
(RDMA_READ_CONSUME_CHECK_CONSUMER) timestamp=5867 ms, used_size=5699584 bytes (13.9%)
(RDMA_READ_CONSUME_CHECK_CONSUMER) timestamp=5867 ms, used_size=5697536 bytes (13.9%)
(RDMA_READ_CONSUME_CHECK_CONSUMER) timestamp=5867 ms, used_size=5695488 bytes (13.9%)
(RDMA_READ_CONSUME_CHECK_CONSUMER) timestamp=5867 ms, used_size=5693440 bytes (13.9%)
(RDMA_READ_CONSUME_CHECK_CONSUMER) timestamp=5867 ms, used_size=5691392 bytes (13.9%)
(RDMA_READ_CONSUME_CHECK_CONSUMER) timestamp=5867 ms, used_size=5689344 bytes (13.9%)
(RDMA_READ_CONSUME_CHECK_CONSUMER) timestamp=5867 ms, used_size=5687296 bytes (13.9%)
(RDMA_READ_CONSUME_CHECK_CONSUMER) timestamp=5867 ms, used_size=5685248 bytes (13.9%)
(RDMA_READ_CONSUME_CHECK_CONSUMER) timestamp=5867 ms, used_size=5683200 bytes (13.9%)
(RDMA_READ_CONSUME_CHECK_CONSUMER) timestamp=5867 ms, used_size=5681152 bytes (13.9%)
(RDMA_READ_CONSUME_CHECK_CONSUMER) timestamp=5867 ms, used_size=5679104 bytes (13.9%)
(RDMA_READ_CONSUME_CHECK_CONSUMER) timestamp=5867 ms, used_size=5677056 bytes (13.9%)
(RDMA_READ_CONSUME_CHECK_CONSUMER) timestamp=5867 ms, used_size=5675008 bytes (13.9%)
(RDMA_READ_CONSUME_CHECK_CONSUMER) timestamp=5867 ms, used_size=5672960 bytes (13.8%)
(RDMA_READ_CONSUME_CHECK_CONSUMER) timestamp=5867 ms, used_size=5670912 bytes (13.8%)
(RDMA_READ_CONSUME_CHECK_CONSUMER) timestamp=5867 ms, used_size=5668864 bytes (13.8%)
(RDMA_READ_CONSUME_CHECK_CONSUMER) timestamp=5867 ms, used_size=5666816 bytes (13.8%)
(RDMA_READ_CONSUME_CHECK_CONSUMER) timestamp=5867 ms, used_size=5664768 bytes (13.8%)
(RDMA_READ_CONSUME_CHECK_CONSUMER) timestamp=5867 ms, used_size=5662720 bytes (13.8%)
(RDMA_READ_CONSUME_CHECK_CONSUMER) timestamp=5867 ms, used_size=5660672 bytes (13.8%)
(RDMA_READ_CONSUME_CHECK_CONSUMER) timestamp=5867 ms, used_size=5658624 bytes (13.8%)
(RDMA_READ_CONSUME_CHECK_CONSUMER) timestamp=5867 ms, used_size=5656576 bytes (13.8%)
(RDMA_READ_CONSUME_CHECK_CONSUMER) timestamp=5867 ms, used_size=5654528 bytes (13.8%)
(RDMA_READ_CONSUME_CHECK_CONSUMER) timestamp=5867 ms, used_size=5652480 bytes (13.8%)
(RDMA_READ_CONSUME_CHECK_CONSUMER) timestamp=5867 ms, used_size=5650432 bytes (13.8%)
(RDMA_READ_CONSUME_CHECK_CONSUMER) timestamp=5867 ms, used_size=5648384 bytes (13.8%)
(RDMA_READ_CONSUME_CHECK_CONSUMER) timestamp=5867 ms, used_size=5646336 bytes (13.8%)
(RDMA_READ_CONSUME_CHECK_CONSUMER) timestamp=5867 ms, used_size=5644288 bytes (13.8%)
(RDMA_READ_CONSUME_CHECK_CONSUMER) timestamp=5867 ms, used_size=5642240 bytes (13.8%)
(RDMA_READ_CONSUME_CHECK_CONSUMER) timestamp=5867 ms, used_size=5640192 bytes (13.8%)
(RDMA_READ_CONSUME_CHECK_CONSUMER) timestamp=5867 ms, used_size=5638144 bytes (13.8%)
(RDMA_READ_CONSUME_CHECK_CONSUMER) timestamp=5867 ms, used_size=5636096 bytes (13.8%)
(RDMA_READ_CONSUME_CHECK_CONSUMER) timestamp=5867 ms, used_size=5634048 bytes (13.8%)
(RDMA_READ_CONSUME_CHECK_CONSUMER) timestamp=5867 ms, used_size=5632000 bytes (13.8%)
(RDMA_READ_CONSUME_CHECK_CONSUMER) timestamp=5867 ms, used_size=5629952 bytes (13.7%)
(RDMA_READ_CONSUME_CHECK_CONSUMER) timestamp=5867 ms, used_size=5627904 bytes (13.7%)
(RDMA_READ_CONSUME_CHECK_CONSUMER) timestamp=5867 ms, used_size=5625856 bytes (13.7%)
(RDMA_READ_CONSUME_CHECK_CONSUMER) timestamp=5867 ms, used_size=5623808 bytes (13.7%)
(RDMA_READ_CONSUME_CHECK_CONSUMER) timestamp=5867 ms, used_size=5621760 bytes (13.7%)
(RDMA_READ_CONSUME_CHECK_CONSUMER) timestamp=5867 ms, used_size=5619712 bytes (13.7%)
(RDMA_READ_CONSUME_CHECK_CONSUMER) timestamp=5867 ms, used_size=5617664 bytes (13.7%)
(RDMA_READ_CONSUME_CHECK_CONSUMER) timestamp=5867 ms, used_size=5615616 bytes (13.7%)
(RDMA_READ_CONSUME_CHECK_CONSUMER) timestamp=5867 ms, used_size=5613568 bytes (13.7%)
(RDMA_READ_CONSUME_CHECK_CONSUMER) timestamp=5867 ms, used_size=5611520 bytes (13.7%)
(RDMA_READ_CONSUME_CHECK_CONSUMER) timestamp=5867 ms, used_size=5609472 bytes (13.7%)
(RDMA_READ_CONSUME_CHECK_CONSUMER) timestamp=5867 ms, used_size=5607424 bytes (13.7%)
(RDMA_READ_CONSUME_CHECK_CONSUMER) timestamp=5867 ms, used_size=5605376 bytes (13.7%)
(RDMA_READ_CONSUME_CHECK_CONSUMER) timestamp=5867 ms, used_size=5603328 bytes (13.7%)
(RDMA_READ_CONSUME_CHECK_CONSUMER) timestamp=5867 ms, used_size=5601280 bytes (13.7%)
(RDMA_READ_CONSUME_CHECK_CONSUMER) timestamp=5867 ms, used_size=5599232 bytes (13.7%)
(RDMA_READ_CONSUME_CHECK_CONSUMER) timestamp=5867 ms, used_size=5597184 bytes (13.7%)
(RDMA_READ_CONSUME_CHECK_CONSUMER) timestamp=5867 ms, used_size=5595136 bytes (13.7%)
(RDMA_READ_CONSUME_CHECK_CONSUMER) timestamp=5867 ms, used_size=5593088 bytes (13.7%)
(RDMA_READ_CONSUME_CHECK_CONSUMER) timestamp=5867 ms, used_size=5591040 bytes (13.7%)
(RDMA_READ_CONSUME_CHECK_CONSUMER) timestamp=5867 ms, used_size=5588992 bytes (13.6%)
(RDMA_READ_CONSUME_CHECK_CONSUMER) timestamp=5867 ms, used_size=5586944 bytes (13.6%)
(RDMA_READ_CONSUME_CHECK_CONSUMER) timestamp=5867 ms, used_size=5584896 bytes (13.6%)
(RDMA_READ_CONSUME_CHECK_CONSUMER) timestamp=5867 ms, used_size=5582848 bytes (13.6%)
(RDMA_READ_CONSUME_CHECK_CONSUMER) timestamp=5867 ms, used_size=5580800 bytes (13.6%)
(RDMA_READ_CONSUME_CHECK_CONSUMER) timestamp=5867 ms, used_size=5578752 bytes (13.6%)
(RDMA_READ_CONSUME_CHECK_CONSUMER) timestamp=5867 ms, used_size=5576704 bytes (13.6%)
(RDMA_READ_CONSUME_CHECK_CONSUMER) timestamp=5867 ms, used_size=5574656 bytes (13.6%)
(RDMA_READ_CONSUME_CHECK_CONSUMER) timestamp=5867 ms, used_size=5572608 bytes (13.6%)
(RDMA_READ_CONSUME_CHECK_CONSUMER) timestamp=5867 ms, used_size=5570560 bytes (13.6%)
(RDMA_READ_CONSUME_CHECK_CONSUMER) timestamp=5867 ms, used_size=5568512 bytes (13.6%)
(RDMA_READ_CONSUME_CHECK_CONSUMER) timestamp=5867 ms, used_size=5566464 bytes (13.6%)
(RDMA_READ_CONSUME_CHECK_CONSUMER) timestamp=5867 ms, used_size=5564416 bytes (13.6%)
(RDMA_READ_CONSUME_CHECK_CONSUMER) timestamp=5867 ms, used_size=5562368 bytes (13.6%)
(RDMA_READ_CONSUME_CHECK_CONSUMER) timestamp=5867 ms, used_size=5560320 bytes (13.6%)
(RDMA_READ_CONSUME_CHECK_CONSUMER) timestamp=5867 ms, used_size=5558272 bytes (13.6%)
(RDMA_READ_CONSUME_CHECK_CONSUMER) timestamp=5867 ms, used_size=5556224 bytes (13.6%)
(RDMA_READ_CONSUME_CHECK_CONSUMER) timestamp=5867 ms, used_size=5554176 bytes (13.6%)
(RDMA_READ_CONSUME_CHECK_CONSUMER) timestamp=5867 ms, used_size=5552128 bytes (13.6%)
(RDMA_READ_CONSUME_CHECK_CONSUMER) timestamp=5867 ms, used_size=5550080 bytes (13.6%)
(RDMA_READ_CONSUME_CHECK_CONSUMER) timestamp=5867 ms, used_size=5548032 bytes (13.5%)
(RDMA_READ_CONSUME_CHECK_CONSUMER) timestamp=5867 ms, used_size=5545984 bytes (13.5%)
(RDMA_READ_CONSUME_CHECK_CONSUMER) timestamp=5867 ms, used_size=5543936 bytes (13.5%)
(RDMA_READ_CONSUME_CHECK_CONSUMER) timestamp=5867 ms, used_size=5541888 bytes (13.5%)
(RDMA_READ_CONSUME_CHECK_CONSUMER) timestamp=5867 ms, used_size=5539840 bytes (13.5%)
(RDMA_READ_CONSUME_CHECK_CONSUMER) timestamp=5868 ms, used_size=5537792 bytes (13.5%)
(RDMA_READ_CONSUME_CHECK_CONSUMER) timestamp=5868 ms, used_size=5535744 bytes (13.5%)
(RDMA_READ_CONSUME_CHECK_CONSUMER) timestamp=5868 ms, used_size=5533696 bytes (13.5%)
(RDMA_READ_CONSUME_CHECK_CONSUMER) timestamp=5868 ms, used_size=5531648 bytes (13.5%)
(RDMA_READ_CONSUME_CHECK_CONSUMER) timestamp=5868 ms, used_size=5529600 bytes (13.5%)
(RDMA_READ_CONSUME_CHECK_CONSUMER) timestamp=5868 ms, used_size=5527552 bytes (13.5%)
(RDMA_READ_CONSUME_CHECK_CONSUMER) timestamp=5868 ms, used_size=5525504 bytes (13.5%)
(RDMA_READ_CONSUME_CHECK_CONSUMER) timestamp=5868 ms, used_size=5523456 bytes (13.5%)
(RDMA_READ_CONSUME_CHECK_CONSUMER) timestamp=5868 ms, used_size=5521408 bytes (13.5%)
(RDMA_READ_CONSUME_CHECK_CONSUMER) timestamp=5868 ms, used_size=5519360 bytes (13.5%)
(RDMA_READ_CONSUME_CHECK_CONSUMER) timestamp=5868 ms, used_size=5517312 bytes (13.5%)
(RDMA_READ_CONSUME_CHECK_CONSUMER) timestamp=5868 ms, used_size=5515264 bytes (13.5%)
(RDMA_READ_CONSUME_CHECK_CONSUMER) timestamp=5868 ms, used_size=5513216 bytes (13.5%)
(RDMA_READ_CONSUME_CHECK_CONSUMER) timestamp=5868 ms, used_size=5511168 bytes (13.5%)
(RDMA_READ_CONSUME_CHECK_CONSUMER) timestamp=5868 ms, used_size=5509120 bytes (13.4%)
(RDMA_READ_CONSUME_CHECK_CONSUMER) timestamp=5868 ms, used_size=5507072 bytes (13.4%)
(RDMA_READ_CONSUME_CHECK_CONSUMER) timestamp=5868 ms, used_size=5505024 bytes (13.4%)
(RDMA_READ_CONSUME_CHECK_CONSUMER) timestamp=5868 ms, used_size=5502976 bytes (13.4%)
(RDMA_READ_CONSUME_CHECK_CONSUMER) timestamp=5868 ms, used_size=5500928 bytes (13.4%)
(RDMA_READ_CONSUME_CHECK_CONSUMER) timestamp=5868 ms, used_size=5498880 bytes (13.4%)
(RDMA_READ_CONSUME_CHECK_CONSUMER) timestamp=5868 ms, used_size=5496832 bytes (13.4%)
(RDMA_READ_CONSUME_CHECK_CONSUMER) timestamp=5868 ms, used_size=5494784 bytes (13.4%)
(RDMA_READ_CONSUME_CHECK_CONSUMER) timestamp=5868 ms, used_size=5492736 bytes (13.4%)
(RDMA_READ_CONSUME_CHECK_CONSUMER) timestamp=5868 ms, used_size=5490688 bytes (13.4%)
(RDMA_READ_CONSUME_CHECK_CONSUMER) timestamp=5868 ms, used_size=5488640 bytes (13.4%)
(RDMA_READ_CONSUME_CHECK_CONSUMER) timestamp=5868 ms, used_size=5486592 bytes (13.4%)
(RDMA_READ_CONSUME_CHECK_CONSUMER) timestamp=5868 ms, used_size=5484544 bytes (13.4%)
(RDMA_READ_CONSUME_CHECK_CONSUMER) timestamp=5868 ms, used_size=5482496 bytes (13.4%)
(RDMA_READ_CONSUME_CHECK_CONSUMER) timestamp=5868 ms, used_size=5480448 bytes (13.4%)
(RDMA_READ_CONSUME_CHECK_CONSUMER) timestamp=5868 ms, used_size=5478400 bytes (13.4%)
(RDMA_READ_CONSUME_CHECK_CONSUMER) timestamp=5868 ms, used_size=5476352 bytes (13.4%)
(RDMA_READ_CONSUME_CHECK_CONSUMER) timestamp=5868 ms, used_size=5474304 bytes (13.4%)
(RDMA_READ_CONSUME_CHECK_CONSUMER) timestamp=5868 ms, used_size=5472256 bytes (13.4%)
(RDMA_READ_CONSUME_CHECK_CONSUMER) timestamp=5868 ms, used_size=5470208 bytes (13.4%)
(RDMA_READ_CONSUME_CHECK_CONSUMER) timestamp=5868 ms, used_size=5468160 bytes (13.3%)
(RDMA_READ_CONSUME_CHECK_CONSUMER) timestamp=5868 ms, used_size=5466112 bytes (13.3%)
(RDMA_READ_CONSUME_CHECK_CONSUMER) timestamp=5868 ms, used_size=5464064 bytes (13.3%)
(RDMA_READ_CONSUME_CHECK_CONSUMER) timestamp=5868 ms, used_size=5462016 bytes (13.3%)
(RDMA_READ_CONSUME_CHECK_CONSUMER) timestamp=5868 ms, used_size=5459968 bytes (13.3%)
(RDMA_READ_CONSUME_CHECK_CONSUMER) timestamp=5868 ms, used_size=5457920 bytes (13.3%)
(RDMA_READ_CONSUME_CHECK_CONSUMER) timestamp=5868 ms, used_size=5455872 bytes (13.3%)
(RDMA_READ_CONSUME_CHECK_CONSUMER) timestamp=5868 ms, used_size=5453824 bytes (13.3%)
(RDMA_READ_CONSUME_CHECK_CONSUMER) timestamp=5868 ms, used_size=5451776 bytes (13.3%)
(RDMA_READ_CONSUME_CHECK_CONSUMER) timestamp=5868 ms, used_size=5449728 bytes (13.3%)
(RDMA_READ_CONSUME_CHECK_CONSUMER) timestamp=5868 ms, used_size=5447680 bytes (13.3%)
(RDMA_READ_CONSUME_CHECK_CONSUMER) timestamp=5868 ms, used_size=5445632 bytes (13.3%)
(RDMA_READ_CONSUME_CHECK_CONSUMER) timestamp=5868 ms, used_size=5443584 bytes (13.3%)
(RDMA_READ_CONSUME_CHECK_CONSUMER) timestamp=5868 ms, used_size=5441536 bytes (13.3%)
(RDMA_READ_CONSUME_CHECK_CONSUMER) timestamp=5868 ms, used_size=5439488 bytes (13.3%)
(RDMA_READ_CONSUME_CHECK_CONSUMER) timestamp=5868 ms, used_size=5437440 bytes (13.3%)
(RDMA_READ_CONSUME_CHECK_CONSUMER) timestamp=5868 ms, used_size=5435392 bytes (13.3%)
(RDMA_READ_CONSUME_CHECK_CONSUMER) timestamp=5868 ms, used_size=5433344 bytes (13.3%)
(RDMA_READ_CONSUME_CHECK_CONSUMER) timestamp=5868 ms, used_size=5431296 bytes (13.3%)
(RDMA_READ_CONSUME_CHECK_CONSUMER) timestamp=5868 ms, used_size=5429248 bytes (13.3%)
(RDMA_READ_CONSUME_CHECK_CONSUMER) timestamp=5868 ms, used_size=5427200 bytes (13.2%)
(RDMA_READ_CONSUME_CHECK_CONSUMER) timestamp=5868 ms, used_size=5425152 bytes (13.2%)
(RDMA_READ_CONSUME_CHECK_CONSUMER) timestamp=5868 ms, used_size=5423104 bytes (13.2%)
(RDMA_READ_CONSUME_CHECK_CONSUMER) timestamp=5868 ms, used_size=5421056 bytes (13.2%)
(RDMA_READ_CONSUME_CHECK_CONSUMER) timestamp=5868 ms, used_size=5419008 bytes (13.2%)
(RDMA_READ_CONSUME_CHECK_CONSUMER) timestamp=5868 ms, used_size=5416960 bytes (13.2%)
(RDMA_READ_CONSUME_CHECK_CONSUMER) timestamp=5868 ms, used_size=5414912 bytes (13.2%)
(RDMA_READ_CONSUME_CHECK_CONSUMER) timestamp=5868 ms, used_size=5412864 bytes (13.2%)
(RDMA_READ_CONSUME_CHECK_CONSUMER) timestamp=5868 ms, used_size=5410816 bytes (13.2%)
(RDMA_READ_CONSUME_CHECK_CONSUMER) timestamp=5868 ms, used_size=5408768 bytes (13.2%)
(RDMA_READ_CONSUME_CHECK_CONSUMER) timestamp=5868 ms, used_size=5406720 bytes (13.2%)
(RDMA_READ_CONSUME_CHECK_CONSUMER) timestamp=5868 ms, used_size=5404672 bytes (13.2%)
(RDMA_READ_CONSUME_CHECK_CONSUMER) timestamp=5868 ms, used_size=5402624 bytes (13.2%)
(RDMA_READ_CONSUME_CHECK_CONSUMER) timestamp=5868 ms, used_size=5400576 bytes (13.2%)
(RDMA_READ_CONSUME_CHECK_CONSUMER) timestamp=5868 ms, used_size=5398528 bytes (13.2%)
(RDMA_READ_CONSUME_CHECK_CONSUMER) timestamp=5868 ms, used_size=5396480 bytes (13.2%)
(RDMA_READ_CONSUME_CHECK_CONSUMER) timestamp=5868 ms, used_size=5394432 bytes (13.2%)
(RDMA_READ_CONSUME_CHECK_CONSUMER) timestamp=5868 ms, used_size=5392384 bytes (13.2%)
(RDMA_READ_CONSUME_CHECK_CONSUMER) timestamp=5868 ms, used_size=5390336 bytes (13.2%)
(RDMA_READ_CONSUME_CHECK_CONSUMER) timestamp=5868 ms, used_size=5388288 bytes (13.2%)
(RDMA_READ_CONSUME_CHECK_CONSUMER) timestamp=5868 ms, used_size=5386240 bytes (13.2%)
(RDMA_READ_CONSUME_CHECK_CONSUMER) timestamp=5868 ms, used_size=5384192 bytes (13.1%)
(RDMA_READ_CONSUME_CHECK_CONSUMER) timestamp=5868 ms, used_size=5382144 bytes (13.1%)
(RDMA_READ_CONSUME_CHECK_CONSUMER) timestamp=5868 ms, used_size=5380096 bytes (13.1%)
(RDMA_READ_CONSUME_CHECK_CONSUMER) timestamp=5868 ms, used_size=5378048 bytes (13.1%)
(RDMA_READ_CONSUME_CHECK_CONSUMER) timestamp=5868 ms, used_size=5376000 bytes (13.1%)
(RDMA_READ_CONSUME_CHECK_CONSUMER) timestamp=5868 ms, used_size=5373952 bytes (13.1%)
(RDMA_READ_CONSUME_CHECK_CONSUMER) timestamp=5868 ms, used_size=5371904 bytes (13.1%)
(RDMA_READ_CONSUME_CHECK_CONSUMER) timestamp=5868 ms, used_size=5369856 bytes (13.1%)
(RDMA_READ_CONSUME_CHECK_CONSUMER) timestamp=5868 ms, used_size=5367808 bytes (13.1%)
(RDMA_READ_CONSUME_CHECK_CONSUMER) timestamp=5868 ms, used_size=5365760 bytes (13.1%)
(RDMA_READ_CONSUME_CHECK_CONSUMER) timestamp=5868 ms, used_size=5363712 bytes (13.1%)
(RDMA_READ_CONSUME_CHECK_CONSUMER) timestamp=5868 ms, used_size=5361664 bytes (13.1%)
(RDMA_READ_CONSUME_CHECK_CONSUMER) timestamp=5868 ms, used_size=5359616 bytes (13.1%)
(RDMA_READ_CONSUME_CHECK_CONSUMER) timestamp=5868 ms, used_size=5357568 bytes (13.1%)
(RDMA_READ_CONSUME_CHECK_CONSUMER) timestamp=5868 ms, used_size=5355520 bytes (13.1%)
(RDMA_READ_CONSUME_CHECK_CONSUMER) timestamp=5868 ms, used_size=5353472 bytes (13.1%)
(RDMA_READ_CONSUME_CHECK_CONSUMER) timestamp=5868 ms, used_size=5351424 bytes (13.1%)
(RDMA_READ_CONSUME_CHECK_CONSUMER) timestamp=5868 ms, used_size=5349376 bytes (13.1%)
(RDMA_READ_CONSUME_CHECK_CONSUMER) timestamp=5868 ms, used_size=5347328 bytes (13.1%)
(RDMA_READ_CONSUME_CHECK_CONSUMER) timestamp=5868 ms, used_size=5345280 bytes (13.1%)
(RDMA_READ_CONSUME_CHECK_CONSUMER) timestamp=5868 ms, used_size=5343232 bytes (13.0%)
(RDMA_READ_CONSUME_CHECK_CONSUMER) timestamp=5868 ms, used_size=5341184 bytes (13.0%)
(RDMA_READ_CONSUME_CHECK_CONSUMER) timestamp=5868 ms, used_size=5339136 bytes (13.0%)
(RDMA_READ_CONSUME_CHECK_CONSUMER) timestamp=5868 ms, used_size=5337088 bytes (13.0%)
(RDMA_READ_CONSUME_CHECK_CONSUMER) timestamp=5868 ms, used_size=5335040 bytes (13.0%)
(RDMA_READ_CONSUME_CHECK_CONSUMER) timestamp=5868 ms, used_size=5332992 bytes (13.0%)
(RDMA_READ_CONSUME_CHECK_CONSUMER) timestamp=5868 ms, used_size=5330944 bytes (13.0%)
(RDMA_READ_CONSUME_CHECK_CONSUMER) timestamp=5868 ms, used_size=5328896 bytes (13.0%)
(RDMA_READ_CONSUME_CHECK_CONSUMER) timestamp=5868 ms, used_size=5326848 bytes (13.0%)
(RDMA_READ_CONSUME_CHECK_CONSUMER) timestamp=5868 ms, used_size=5324800 bytes (13.0%)
(RDMA_READ_CONSUME_CHECK_CONSUMER) timestamp=5868 ms, used_size=5322752 bytes (13.0%)
(RDMA_READ_CONSUME_CHECK_CONSUMER) timestamp=5868 ms, used_size=5320704 bytes (13.0%)
(RDMA_READ_CONSUME_CHECK_CONSUMER) timestamp=5868 ms, used_size=5318656 bytes (13.0%)
(RDMA_READ_CONSUME_CHECK_CONSUMER) timestamp=5868 ms, used_size=5316608 bytes (13.0%)
(RDMA_READ_CONSUME_CHECK_CONSUMER) timestamp=5868 ms, used_size=5314560 bytes (13.0%)
(RDMA_READ_CONSUME_CHECK_CONSUMER) timestamp=5868 ms, used_size=5312512 bytes (13.0%)
(RDMA_READ_CONSUME_CHECK_CONSUMER) timestamp=5868 ms, used_size=5310464 bytes (13.0%)
(RDMA_READ_CONSUME_CHECK_CONSUMER) timestamp=5868 ms, used_size=5308416 bytes (13.0%)
(RDMA_READ_CONSUME_CHECK_CONSUMER) timestamp=5868 ms, used_size=5306368 bytes (13.0%)
(RDMA_READ_CONSUME_CHECK_CONSUMER) timestamp=5868 ms, used_size=5304320 bytes (12.9%)
(RDMA_READ_CONSUME_CHECK_CONSUMER) timestamp=5868 ms, used_size=5302272 bytes (12.9%)
(RDMA_READ_CONSUME_CHECK_CONSUMER) timestamp=5868 ms, used_size=5300224 bytes (12.9%)
(RDMA_READ_CONSUME_CHECK_CONSUMER) timestamp=5868 ms, used_size=5298176 bytes (12.9%)
(RDMA_READ_CONSUME_CHECK_CONSUMER) timestamp=5868 ms, used_size=5296128 bytes (12.9%)
(RDMA_READ_CONSUME_CHECK_CONSUMER) timestamp=5868 ms, used_size=5294080 bytes (12.9%)
(RDMA_READ_CONSUME_CHECK_CONSUMER) timestamp=5868 ms, used_size=5292032 bytes (12.9%)
(RDMA_READ_CONSUME_CHECK_CONSUMER) timestamp=5868 ms, used_size=5289984 bytes (12.9%)
(RDMA_READ_CONSUME_CHECK_CONSUMER) timestamp=5868 ms, used_size=5287936 bytes (12.9%)
(RDMA_READ_CONSUME_CHECK_CONSUMER) timestamp=5868 ms, used_size=5285888 bytes (12.9%)
(RDMA_READ_CONSUME_CHECK_CONSUMER) timestamp=5868 ms, used_size=5283840 bytes (12.9%)
(RDMA_READ_CONSUME_CHECK_CONSUMER) timestamp=5868 ms, used_size=5281792 bytes (12.9%)
(RDMA_READ_CONSUME_CHECK_CONSUMER) timestamp=5868 ms, used_size=5279744 bytes (12.9%)
(RDMA_READ_CONSUME_CHECK_CONSUMER) timestamp=5868 ms, used_size=5277696 bytes (12.9%)
(RDMA_READ_CONSUME_CHECK_CONSUMER) timestamp=5868 ms, used_size=5275648 bytes (12.9%)
(RDMA_READ_CONSUME_CHECK_CONSUMER) timestamp=5868 ms, used_size=5273600 bytes (12.9%)
(RDMA_READ_CONSUME_CHECK_CONSUMER) timestamp=5868 ms, used_size=5271552 bytes (12.9%)
(RDMA_READ_CONSUME_CHECK_CONSUMER) timestamp=5868 ms, used_size=5269504 bytes (12.9%)
(RDMA_READ_CONSUME_CHECK_CONSUMER) timestamp=5868 ms, used_size=5267456 bytes (12.9%)
(RDMA_READ_CONSUME_CHECK_CONSUMER) timestamp=5868 ms, used_size=5265408 bytes (12.9%)
(RDMA_READ_CONSUME_CHECK_CONSUMER) timestamp=5868 ms, used_size=5263360 bytes (12.8%)
(RDMA_READ_CONSUME_CHECK_CONSUMER) timestamp=5868 ms, used_size=5261312 bytes (12.8%)
(RDMA_READ_CONSUME_CHECK_CONSUMER) timestamp=5868 ms, used_size=5259264 bytes (12.8%)
(RDMA_READ_CONSUME_CHECK_CONSUMER) timestamp=5868 ms, used_size=5257216 bytes (12.8%)
(RDMA_READ_CONSUME_CHECK_CONSUMER) timestamp=5868 ms, used_size=5255168 bytes (12.8%)
(RDMA_READ_CONSUME_CHECK_CONSUMER) timestamp=5868 ms, used_size=5253120 bytes (12.8%)
(RDMA_READ_CONSUME_CHECK_CONSUMER) timestamp=5868 ms, used_size=5251072 bytes (12.8%)
(RDMA_READ_CONSUME_CHECK_CONSUMER) timestamp=5868 ms, used_size=5249024 bytes (12.8%)
(RDMA_READ_CONSUME_CHECK_CONSUMER) timestamp=5868 ms, used_size=5246976 bytes (12.8%)
(RDMA_READ_CONSUME_CHECK_CONSUMER) timestamp=5868 ms, used_size=5244928 bytes (12.8%)
(RDMA_READ_CONSUME_CHECK_CONSUMER) timestamp=5868 ms, used_size=5242880 bytes (12.8%)
(RDMA_READ_CONSUME_CHECK_CONSUMER) timestamp=5868 ms, used_size=5240832 bytes (12.8%)
(RDMA_READ_CONSUME_CHECK_CONSUMER) timestamp=5868 ms, used_size=5238784 bytes (12.8%)
(RDMA_READ_CONSUME_CHECK_CONSUMER) timestamp=5868 ms, used_size=5236736 bytes (12.8%)
(RDMA_READ_CONSUME_CHECK_CONSUMER) timestamp=5868 ms, used_size=5234688 bytes (12.8%)
(RDMA_READ_CONSUME_CHECK_CONSUMER) timestamp=5868 ms, used_size=5232640 bytes (12.8%)
(RDMA_READ_CONSUME_CHECK_CONSUMER) timestamp=5868 ms, used_size=5230592 bytes (12.8%)
(RDMA_READ_CONSUME_CHECK_CONSUMER) timestamp=5868 ms, used_size=5228544 bytes (12.8%)
(RDMA_READ_CONSUME_CHECK_CONSUMER) timestamp=5868 ms, used_size=5226496 bytes (12.8%)
(RDMA_READ_CONSUME_CHECK_CONSUMER) timestamp=5868 ms, used_size=5224448 bytes (12.8%)
(RDMA_READ_CONSUME_CHECK_CONSUMER) timestamp=5868 ms, used_size=5222400 bytes (12.8%)
(RDMA_READ_CONSUME_CHECK_CONSUMER) timestamp=5868 ms, used_size=5220352 bytes (12.7%)
(RDMA_READ_CONSUME_CHECK_CONSUMER) timestamp=5868 ms, used_size=5218304 bytes (12.7%)
(RDMA_READ_CONSUME_CHECK_CONSUMER) timestamp=5868 ms, used_size=5216256 bytes (12.7%)
(RDMA_READ_CONSUME_CHECK_CONSUMER) timestamp=5868 ms, used_size=5214208 bytes (12.7%)
(RDMA_READ_CONSUME_CHECK_CONSUMER) timestamp=5868 ms, used_size=5212160 bytes (12.7%)
(RDMA_READ_CONSUME_CHECK_CONSUMER) timestamp=5868 ms, used_size=5210112 bytes (12.7%)
(RDMA_READ_CONSUME_CHECK_CONSUMER) timestamp=5868 ms, used_size=5208064 bytes (12.7%)
(RDMA_READ_CONSUME_CHECK_CONSUMER) timestamp=5868 ms, used_size=5206016 bytes (12.7%)
(RDMA_READ_CONSUME_CHECK_CONSUMER) timestamp=5868 ms, used_size=5203968 bytes (12.7%)
(RDMA_READ_CONSUME_CHECK_CONSUMER) timestamp=5868 ms, used_size=5201920 bytes (12.7%)
(RDMA_READ_CONSUME_CHECK_CONSUMER) timestamp=5868 ms, used_size=5199872 bytes (12.7%)
(RDMA_READ_CONSUME_CHECK_CONSUMER) timestamp=5868 ms, used_size=5197824 bytes (12.7%)
(RDMA_READ_CONSUME_CHECK_CONSUMER) timestamp=5868 ms, used_size=5195776 bytes (12.7%)
(RDMA_READ_CONSUME_CHECK_CONSUMER) timestamp=5869 ms, used_size=5193728 bytes (12.7%)
(RDMA_READ_CONSUME_CHECK_CONSUMER) timestamp=5869 ms, used_size=5191680 bytes (12.7%)
(RDMA_READ_CONSUME_CHECK_CONSUMER) timestamp=5869 ms, used_size=5189632 bytes (12.7%)
(RDMA_READ_CONSUME_CHECK_CONSUMER) timestamp=5869 ms, used_size=5187584 bytes (12.7%)
(RDMA_READ_CONSUME_CHECK_CONSUMER) timestamp=5869 ms, used_size=5185536 bytes (12.7%)
(RDMA_READ_CONSUME_CHECK_CONSUMER) timestamp=5869 ms, used_size=5183488 bytes (12.7%)
(RDMA_READ_CONSUME_CHECK_CONSUMER) timestamp=5869 ms, used_size=5181440 bytes (12.7%)
(RDMA_READ_CONSUME_CHECK_CONSUMER) timestamp=5869 ms, used_size=5179392 bytes (12.6%)
(RDMA_READ_CONSUME_CHECK_CONSUMER) timestamp=5869 ms, used_size=5177344 bytes (12.6%)
(RDMA_READ_CONSUME_CHECK_CONSUMER) timestamp=5869 ms, used_size=5175296 bytes (12.6%)
(RDMA_READ_CONSUME_CHECK_CONSUMER) timestamp=5869 ms, used_size=5173248 bytes (12.6%)
(RDMA_READ_CONSUME_CHECK_CONSUMER) timestamp=5869 ms, used_size=5171200 bytes (12.6%)
(RDMA_READ_CONSUME_CHECK_CONSUMER) timestamp=5869 ms, used_size=5169152 bytes (12.6%)
(RDMA_READ_CONSUME_CHECK_CONSUMER) timestamp=5869 ms, used_size=5167104 bytes (12.6%)
(RDMA_READ_CONSUME_CHECK_CONSUMER) timestamp=5869 ms, used_size=5165056 bytes (12.6%)
(RDMA_READ_CONSUME_CHECK_CONSUMER) timestamp=5869 ms, used_size=5163008 bytes (12.6%)
(RDMA_READ_CONSUME_CHECK_CONSUMER) timestamp=5869 ms, used_size=5160960 bytes (12.6%)
(RDMA_READ_CONSUME_CHECK_CONSUMER) timestamp=5869 ms, used_size=5158912 bytes (12.6%)
(RDMA_READ_CONSUME_CHECK_CONSUMER) timestamp=5869 ms, used_size=5156864 bytes (12.6%)
(RDMA_READ_CONSUME_CHECK_CONSUMER) timestamp=5869 ms, used_size=5154816 bytes (12.6%)
(RDMA_READ_CONSUME_CHECK_CONSUMER) timestamp=5869 ms, used_size=5152768 bytes (12.6%)
(RDMA_READ_CONSUME_CHECK_CONSUMER) timestamp=5869 ms, used_size=5150720 bytes (12.6%)
(RDMA_READ_CONSUME_CHECK_CONSUMER) timestamp=5869 ms, used_size=5148672 bytes (12.6%)
(RDMA_READ_CONSUME_CHECK_CONSUMER) timestamp=5869 ms, used_size=5146624 bytes (12.6%)
(RDMA_READ_CONSUME_CHECK_CONSUMER) timestamp=5869 ms, used_size=5144576 bytes (12.6%)
(RDMA_READ_CONSUME_CHECK_CONSUMER) timestamp=5869 ms, used_size=5142528 bytes (12.6%)
(RDMA_READ_CONSUME_CHECK_CONSUMER) timestamp=5869 ms, used_size=5140480 bytes (12.6%)
(RDMA_READ_CONSUME_CHECK_CONSUMER) timestamp=5869 ms, used_size=5138432 bytes (12.5%)
(RDMA_READ_CONSUME_CHECK_CONSUMER) timestamp=5869 ms, used_size=5136384 bytes (12.5%)
(RDMA_READ_CONSUME_CHECK_CONSUMER) timestamp=5869 ms, used_size=5134336 bytes (12.5%)
(RDMA_READ_CONSUME_CHECK_CONSUMER) timestamp=5869 ms, used_size=5132288 bytes (12.5%)
(RDMA_READ_CONSUME_CHECK_CONSUMER) timestamp=5869 ms, used_size=5130240 bytes (12.5%)
(RDMA_READ_CONSUME_CHECK_CONSUMER) timestamp=5869 ms, used_size=5128192 bytes (12.5%)
(RDMA_READ_CONSUME_CHECK_CONSUMER) timestamp=5869 ms, used_size=5126144 bytes (12.5%)
(RDMA_READ_CONSUME_CHECK_CONSUMER) timestamp=5869 ms, used_size=5124096 bytes (12.5%)
(RDMA_READ_CONSUME_CHECK_CONSUMER) timestamp=5869 ms, used_size=5122048 bytes (12.5%)
(RDMA_READ_CONSUME_CHECK_CONSUMER) timestamp=5869 ms, used_size=5120000 bytes (12.5%)
(RDMA_READ_CONSUME_CHECK_CONSUMER) timestamp=5869 ms, used_size=5117952 bytes (12.5%)
(RDMA_READ_CONSUME_CHECK_CONSUMER) timestamp=5869 ms, used_size=5115904 bytes (12.5%)
(RDMA_READ_CONSUME_CHECK_CONSUMER) timestamp=5869 ms, used_size=5113856 bytes (12.5%)
(RDMA_READ_CONSUME_CHECK_CONSUMER) timestamp=5869 ms, used_size=5111808 bytes (12.5%)
(RDMA_READ_CONSUME_CHECK_CONSUMER) timestamp=5869 ms, used_size=5109760 bytes (12.5%)
(RDMA_READ_CONSUME_CHECK_CONSUMER) timestamp=5869 ms, used_size=5107712 bytes (12.5%)
(RDMA_READ_CONSUME_CHECK_CONSUMER) timestamp=5869 ms, used_size=5105664 bytes (12.5%)
(RDMA_READ_CONSUME_CHECK_CONSUMER) timestamp=5869 ms, used_size=5103616 bytes (12.5%)
(RDMA_READ_CONSUME_CHECK_CONSUMER) timestamp=5869 ms, used_size=5101568 bytes (12.5%)
(RDMA_READ_CONSUME_CHECK_CONSUMER) timestamp=5869 ms, used_size=5099520 bytes (12.4%)
(RDMA_READ_CONSUME_CHECK_CONSUMER) timestamp=5869 ms, used_size=5097472 bytes (12.4%)
(RDMA_READ_CONSUME_CHECK_CONSUMER) timestamp=5869 ms, used_size=5095424 bytes (12.4%)
(RDMA_READ_CONSUME_CHECK_CONSUMER) timestamp=5869 ms, used_size=5093376 bytes (12.4%)
(RDMA_READ_CONSUME_CHECK_CONSUMER) timestamp=5869 ms, used_size=5091328 bytes (12.4%)
(RDMA_READ_CONSUME_CHECK_CONSUMER) timestamp=5869 ms, used_size=5089280 bytes (12.4%)
(RDMA_READ_CONSUME_CHECK_CONSUMER) timestamp=5869 ms, used_size=5087232 bytes (12.4%)
(RDMA_READ_CONSUME_CHECK_CONSUMER) timestamp=5869 ms, used_size=5085184 bytes (12.4%)
(RDMA_READ_CONSUME_CHECK_CONSUMER) timestamp=5869 ms, used_size=5083136 bytes (12.4%)
(RDMA_READ_CONSUME_CHECK_CONSUMER) timestamp=5869 ms, used_size=5081088 bytes (12.4%)
(RDMA_READ_CONSUME_CHECK_CONSUMER) timestamp=5869 ms, used_size=5079040 bytes (12.4%)
(RDMA_READ_CONSUME_CHECK_CONSUMER) timestamp=5869 ms, used_size=5076992 bytes (12.4%)
(RDMA_READ_CONSUME_CHECK_CONSUMER) timestamp=5869 ms, used_size=5074944 bytes (12.4%)
(RDMA_READ_CONSUME_CHECK_CONSUMER) timestamp=5869 ms, used_size=5072896 bytes (12.4%)
(RDMA_READ_CONSUME_CHECK_CONSUMER) timestamp=5869 ms, used_size=5070848 bytes (12.4%)
(RDMA_READ_CONSUME_CHECK_CONSUMER) timestamp=5869 ms, used_size=5068800 bytes (12.4%)
(RDMA_READ_CONSUME_CHECK_CONSUMER) timestamp=5869 ms, used_size=5066752 bytes (12.4%)
(RDMA_READ_CONSUME_CHECK_CONSUMER) timestamp=5869 ms, used_size=5064704 bytes (12.4%)
(RDMA_READ_CONSUME_CHECK_CONSUMER) timestamp=5869 ms, used_size=5062656 bytes (12.4%)
(RDMA_READ_CONSUME_CHECK_CONSUMER) timestamp=5869 ms, used_size=5060608 bytes (12.4%)
(RDMA_READ_CONSUME_CHECK_CONSUMER) timestamp=5869 ms, used_size=5058560 bytes (12.3%)
(RDMA_READ_CONSUME_CHECK_CONSUMER) timestamp=5869 ms, used_size=5056512 bytes (12.3%)
(RDMA_READ_CONSUME_CHECK_CONSUMER) timestamp=5869 ms, used_size=5054464 bytes (12.3%)
(RDMA_READ_CONSUME_CHECK_CONSUMER) timestamp=5869 ms, used_size=5052416 bytes (12.3%)
(RDMA_READ_CONSUME_CHECK_CONSUMER) timestamp=5869 ms, used_size=5050368 bytes (12.3%)
(RDMA_READ_CONSUME_CHECK_CONSUMER) timestamp=5869 ms, used_size=5048320 bytes (12.3%)
(RDMA_READ_CONSUME_CHECK_CONSUMER) timestamp=5869 ms, used_size=5046272 bytes (12.3%)
(RDMA_READ_CONSUME_CHECK_CONSUMER) timestamp=5869 ms, used_size=5044224 bytes (12.3%)
(RDMA_READ_CONSUME_CHECK_CONSUMER) timestamp=5869 ms, used_size=5042176 bytes (12.3%)
(RDMA_READ_CONSUME_CHECK_CONSUMER) timestamp=5869 ms, used_size=5040128 bytes (12.3%)
(RDMA_READ_CONSUME_CHECK_CONSUMER) timestamp=5869 ms, used_size=5038080 bytes (12.3%)
(RDMA_READ_CONSUME_CHECK_CONSUMER) timestamp=5869 ms, used_size=5036032 bytes (12.3%)
(RDMA_READ_CONSUME_CHECK_CONSUMER) timestamp=5869 ms, used_size=5033984 bytes (12.3%)
(RDMA_READ_CONSUME_CHECK_CONSUMER) timestamp=5869 ms, used_size=5031936 bytes (12.3%)
(RDMA_READ_CONSUME_CHECK_CONSUMER) timestamp=5869 ms, used_size=5029888 bytes (12.3%)
(RDMA_READ_CONSUME_CHECK_CONSUMER) timestamp=5869 ms, used_size=5027840 bytes (12.3%)
(RDMA_READ_CONSUME_CHECK_CONSUMER) timestamp=5869 ms, used_size=5025792 bytes (12.3%)
(RDMA_READ_CONSUME_CHECK_CONSUMER) timestamp=5869 ms, used_size=5023744 bytes (12.3%)
(RDMA_READ_CONSUME_CHECK_CONSUMER) timestamp=5869 ms, used_size=5021696 bytes (12.3%)
(RDMA_READ_CONSUME_CHECK_CONSUMER) timestamp=5869 ms, used_size=5019648 bytes (12.3%)
(RDMA_READ_CONSUME_CHECK_CONSUMER) timestamp=5869 ms, used_size=5017600 bytes (12.2%)
(RDMA_READ_CONSUME_CHECK_CONSUMER) timestamp=5869 ms, used_size=5015552 bytes (12.2%)
(RDMA_READ_CONSUME_CHECK_CONSUMER) timestamp=5869 ms, used_size=5013504 bytes (12.2%)
(RDMA_READ_CONSUME_CHECK_CONSUMER) timestamp=5869 ms, used_size=5011456 bytes (12.2%)
(RDMA_READ_CONSUME_CHECK_CONSUMER) timestamp=5869 ms, used_size=5009408 bytes (12.2%)
(RDMA_READ_CONSUME_CHECK_CONSUMER) timestamp=5869 ms, used_size=5007360 bytes (12.2%)
(RDMA_READ_CONSUME_CHECK_CONSUMER) timestamp=5869 ms, used_size=5005312 bytes (12.2%)
(RDMA_READ_CONSUME_CHECK_CONSUMER) timestamp=5869 ms, used_size=5003264 bytes (12.2%)
(RDMA_READ_CONSUME_CHECK_CONSUMER) timestamp=5869 ms, used_size=5001216 bytes (12.2%)
(RDMA_READ_CONSUME_CHECK_CONSUMER) timestamp=5869 ms, used_size=4999168 bytes (12.2%)
(RDMA_READ_CONSUME_CHECK_CONSUMER) timestamp=5869 ms, used_size=4997120 bytes (12.2%)
(RDMA_READ_CONSUME_CHECK_CONSUMER) timestamp=5869 ms, used_size=4995072 bytes (12.2%)
(RDMA_READ_CONSUME_CHECK_CONSUMER) timestamp=5869 ms, used_size=4993024 bytes (12.2%)
(RDMA_READ_CONSUME_CHECK_CONSUMER) timestamp=5869 ms, used_size=4990976 bytes (12.2%)
(RDMA_READ_CONSUME_CHECK_CONSUMER) timestamp=5869 ms, used_size=4988928 bytes (12.2%)
(RDMA_READ_CONSUME_CHECK_CONSUMER) timestamp=5869 ms, used_size=4986880 bytes (12.2%)
(RDMA_READ_CONSUME_CHECK_CONSUMER) timestamp=5869 ms, used_size=4984832 bytes (12.2%)
(RDMA_READ_CONSUME_CHECK_CONSUMER) timestamp=5869 ms, used_size=4982784 bytes (12.2%)
(RDMA_READ_CONSUME_CHECK_CONSUMER) timestamp=5869 ms, used_size=4980736 bytes (12.2%)
(RDMA_READ_CONSUME_CHECK_CONSUMER) timestamp=5869 ms, used_size=4978688 bytes (12.2%)
(RDMA_READ_CONSUME_CHECK_CONSUMER) timestamp=5869 ms, used_size=4976640 bytes (12.2%)
(RDMA_READ_CONSUME_CHECK_CONSUMER) timestamp=5869 ms, used_size=4974592 bytes (12.1%)
(RDMA_READ_CONSUME_CHECK_CONSUMER) timestamp=5869 ms, used_size=4972544 bytes (12.1%)
(RDMA_READ_CONSUME_CHECK_CONSUMER) timestamp=5869 ms, used_size=4970496 bytes (12.1%)
(RDMA_READ_CONSUME_CHECK_CONSUMER) timestamp=5869 ms, used_size=4968448 bytes (12.1%)
(RDMA_READ_CONSUME_CHECK_CONSUMER) timestamp=5869 ms, used_size=4966400 bytes (12.1%)
(RDMA_READ_CONSUME_CHECK_CONSUMER) timestamp=5869 ms, used_size=4964352 bytes (12.1%)
(RDMA_READ_CONSUME_CHECK_CONSUMER) timestamp=5869 ms, used_size=4962304 bytes (12.1%)
(RDMA_READ_CONSUME_CHECK_CONSUMER) timestamp=5869 ms, used_size=4960256 bytes (12.1%)
(RDMA_READ_CONSUME_CHECK_CONSUMER) timestamp=5869 ms, used_size=4958208 bytes (12.1%)
(RDMA_READ_CONSUME_CHECK_CONSUMER) timestamp=5869 ms, used_size=4956160 bytes (12.1%)
(RDMA_READ_CONSUME_CHECK_CONSUMER) timestamp=5869 ms, used_size=4954112 bytes (12.1%)
(RDMA_READ_CONSUME_CHECK_CONSUMER) timestamp=5869 ms, used_size=4952064 bytes (12.1%)
(RDMA_READ_CONSUME_CHECK_CONSUMER) timestamp=5869 ms, used_size=4950016 bytes (12.1%)
(RDMA_READ_CONSUME_CHECK_CONSUMER) timestamp=5869 ms, used_size=4947968 bytes (12.1%)
(RDMA_READ_CONSUME_CHECK_CONSUMER) timestamp=5869 ms, used_size=4945920 bytes (12.1%)
(RDMA_READ_CONSUME_CHECK_CONSUMER) timestamp=5869 ms, used_size=4943872 bytes (12.1%)
(RDMA_READ_CONSUME_CHECK_CONSUMER) timestamp=5869 ms, used_size=4941824 bytes (12.1%)
(RDMA_READ_CONSUME_CHECK_CONSUMER) timestamp=5869 ms, used_size=4939776 bytes (12.1%)
(RDMA_READ_CONSUME_CHECK_CONSUMER) timestamp=5869 ms, used_size=4937728 bytes (12.1%)
(RDMA_READ_CONSUME_CHECK_CONSUMER) timestamp=5869 ms, used_size=4935680 bytes (12.1%)
(RDMA_READ_CONSUME_CHECK_CONSUMER) timestamp=5869 ms, used_size=4933632 bytes (12.0%)
(RDMA_READ_CONSUME_CHECK_CONSUMER) timestamp=5869 ms, used_size=4931584 bytes (12.0%)
(RDMA_READ_CONSUME_CHECK_CONSUMER) timestamp=5869 ms, used_size=4929536 bytes (12.0%)
(RDMA_READ_CONSUME_CHECK_CONSUMER) timestamp=5869 ms, used_size=4927488 bytes (12.0%)
(RDMA_READ_CONSUME_CHECK_CONSUMER) timestamp=5869 ms, used_size=4925440 bytes (12.0%)
(RDMA_READ_CONSUME_CHECK_CONSUMER) timestamp=5869 ms, used_size=4923392 bytes (12.0%)
(RDMA_READ_CONSUME_CHECK_CONSUMER) timestamp=5869 ms, used_size=4921344 bytes (12.0%)
(RDMA_READ_CONSUME_CHECK_CONSUMER) timestamp=5869 ms, used_size=4919296 bytes (12.0%)
(RDMA_READ_CONSUME_CHECK_CONSUMER) timestamp=5869 ms, used_size=4917248 bytes (12.0%)
(RDMA_READ_CONSUME_CHECK_CONSUMER) timestamp=5869 ms, used_size=4915200 bytes (12.0%)
(RDMA_READ_CONSUME_CHECK_CONSUMER) timestamp=5869 ms, used_size=4913152 bytes (12.0%)
(RDMA_READ_CONSUME_CHECK_CONSUMER) timestamp=5869 ms, used_size=4911104 bytes (12.0%)
(RDMA_READ_CONSUME_CHECK_CONSUMER) timestamp=5869 ms, used_size=4909056 bytes (12.0%)
(RDMA_READ_CONSUME_CHECK_CONSUMER) timestamp=5869 ms, used_size=4907008 bytes (12.0%)
(RDMA_READ_CONSUME_CHECK_CONSUMER) timestamp=5869 ms, used_size=4904960 bytes (12.0%)
(RDMA_READ_CONSUME_CHECK_CONSUMER) timestamp=5869 ms, used_size=4902912 bytes (12.0%)
(RDMA_READ_CONSUME_CHECK_CONSUMER) timestamp=5869 ms, used_size=4900864 bytes (12.0%)
(RDMA_READ_CONSUME_CHECK_CONSUMER) timestamp=5869 ms, used_size=4898816 bytes (12.0%)
(RDMA_READ_CONSUME_CHECK_CONSUMER) timestamp=5869 ms, used_size=4896768 bytes (12.0%)
(RDMA_READ_CONSUME_CHECK_CONSUMER) timestamp=5869 ms, used_size=4894720 bytes (11.9%)
(RDMA_READ_CONSUME_CHECK_CONSUMER) timestamp=5869 ms, used_size=4892672 bytes (11.9%)
(RDMA_READ_CONSUME_CHECK_CONSUMER) timestamp=5869 ms, used_size=4890624 bytes (11.9%)
(RDMA_READ_CONSUME_CHECK_CONSUMER) timestamp=5869 ms, used_size=4888576 bytes (11.9%)
(RDMA_READ_CONSUME_CHECK_CONSUMER) timestamp=5869 ms, used_size=4886528 bytes (11.9%)
(RDMA_READ_CONSUME_CHECK_CONSUMER) timestamp=5869 ms, used_size=4884480 bytes (11.9%)
(RDMA_READ_CONSUME_CHECK_CONSUMER) timestamp=5869 ms, used_size=4882432 bytes (11.9%)
(RDMA_READ_CONSUME_CHECK_CONSUMER) timestamp=5869 ms, used_size=4880384 bytes (11.9%)
(RDMA_READ_CONSUME_CHECK_CONSUMER) timestamp=5869 ms, used_size=4878336 bytes (11.9%)
(RDMA_READ_CONSUME_CHECK_CONSUMER) timestamp=5869 ms, used_size=4876288 bytes (11.9%)
(RDMA_READ_CONSUME_CHECK_CONSUMER) timestamp=5869 ms, used_size=4874240 bytes (11.9%)
(RDMA_READ_CONSUME_CHECK_CONSUMER) timestamp=5869 ms, used_size=4872192 bytes (11.9%)
(RDMA_READ_CONSUME_CHECK_CONSUMER) timestamp=5869 ms, used_size=4870144 bytes (11.9%)
(RDMA_READ_CONSUME_CHECK_CONSUMER) timestamp=5869 ms, used_size=4868096 bytes (11.9%)
(RDMA_READ_CONSUME_CHECK_CONSUMER) timestamp=5869 ms, used_size=4866048 bytes (11.9%)
(RDMA_READ_CONSUME_CHECK_CONSUMER) timestamp=5869 ms, used_size=4864000 bytes (11.9%)
(RDMA_READ_CONSUME_CHECK_CONSUMER) timestamp=5869 ms, used_size=4861952 bytes (11.9%)
(RDMA_READ_CONSUME_CHECK_CONSUMER) timestamp=5870 ms, used_size=4859904 bytes (11.9%)
(RDMA_READ_CONSUME_CHECK_CONSUMER) timestamp=5870 ms, used_size=4857856 bytes (11.9%)
(RDMA_READ_CONSUME_CHECK_CONSUMER) timestamp=5870 ms, used_size=4855808 bytes (11.9%)
(RDMA_READ_CONSUME_CHECK_CONSUMER) timestamp=5870 ms, used_size=4853760 bytes (11.8%)
(RDMA_READ_CONSUME_CHECK_CONSUMER) timestamp=5870 ms, used_size=4851712 bytes (11.8%)
(RDMA_READ_CONSUME_CHECK_CONSUMER) timestamp=5870 ms, used_size=4849664 bytes (11.8%)
(RDMA_READ_CONSUME_CHECK_CONSUMER) timestamp=5870 ms, used_size=4847616 bytes (11.8%)
(RDMA_READ_CONSUME_CHECK_CONSUMER) timestamp=5870 ms, used_size=4845568 bytes (11.8%)
(RDMA_READ_CONSUME_CHECK_CONSUMER) timestamp=5870 ms, used_size=4843520 bytes (11.8%)
(RDMA_READ_CONSUME_CHECK_CONSUMER) timestamp=5870 ms, used_size=4841472 bytes (11.8%)
(RDMA_READ_CONSUME_CHECK_CONSUMER) timestamp=5870 ms, used_size=4839424 bytes (11.8%)
(RDMA_READ_CONSUME_CHECK_CONSUMER) timestamp=5870 ms, used_size=4837376 bytes (11.8%)
(RDMA_READ_CONSUME_CHECK_CONSUMER) timestamp=5870 ms, used_size=4835328 bytes (11.8%)
(RDMA_READ_CONSUME_CHECK_CONSUMER) timestamp=5870 ms, used_size=4833280 bytes (11.8%)
(RDMA_READ_CONSUME_CHECK_CONSUMER) timestamp=5870 ms, used_size=4831232 bytes (11.8%)
(RDMA_READ_CONSUME_CHECK_CONSUMER) timestamp=5870 ms, used_size=4829184 bytes (11.8%)
(RDMA_READ_CONSUME_CHECK_CONSUMER) timestamp=5870 ms, used_size=4827136 bytes (11.8%)
(RDMA_READ_CONSUME_CHECK_CONSUMER) timestamp=5870 ms, used_size=4825088 bytes (11.8%)
(RDMA_READ_CONSUME_CHECK_CONSUMER) timestamp=5870 ms, used_size=4823040 bytes (11.8%)
(RDMA_READ_CONSUME_CHECK_CONSUMER) timestamp=5870 ms, used_size=4820992 bytes (11.8%)
(RDMA_READ_CONSUME_CHECK_CONSUMER) timestamp=5870 ms, used_size=4818944 bytes (11.8%)
(RDMA_READ_CONSUME_CHECK_CONSUMER) timestamp=5870 ms, used_size=4816896 bytes (11.8%)
(RDMA_READ_CONSUME_CHECK_CONSUMER) timestamp=5870 ms, used_size=4814848 bytes (11.8%)
(RDMA_READ_CONSUME_CHECK_CONSUMER) timestamp=5870 ms, used_size=4812800 bytes (11.8%)
(RDMA_READ_CONSUME_CHECK_CONSUMER) timestamp=5870 ms, used_size=4810752 bytes (11.7%)
(RDMA_READ_CONSUME_CHECK_CONSUMER) timestamp=5870 ms, used_size=4808704 bytes (11.7%)
(RDMA_READ_CONSUME_CHECK_CONSUMER) timestamp=5870 ms, used_size=4806656 bytes (11.7%)
(RDMA_READ_CONSUME_CHECK_CONSUMER) timestamp=5870 ms, used_size=4804608 bytes (11.7%)
(RDMA_READ_CONSUME_CHECK_CONSUMER) timestamp=5870 ms, used_size=4802560 bytes (11.7%)
(RDMA_READ_CONSUME_CHECK_CONSUMER) timestamp=5870 ms, used_size=4800512 bytes (11.7%)
(RDMA_READ_CONSUME_CHECK_CONSUMER) timestamp=5870 ms, used_size=4798464 bytes (11.7%)
(RDMA_READ_CONSUME_CHECK_CONSUMER) timestamp=5870 ms, used_size=4796416 bytes (11.7%)
(RDMA_READ_CONSUME_CHECK_CONSUMER) timestamp=5870 ms, used_size=4794368 bytes (11.7%)
(RDMA_READ_CONSUME_CHECK_CONSUMER) timestamp=5870 ms, used_size=4792320 bytes (11.7%)
(RDMA_READ_CONSUME_CHECK_CONSUMER) timestamp=5870 ms, used_size=4790272 bytes (11.7%)
(RDMA_READ_CONSUME_CHECK_CONSUMER) timestamp=5870 ms, used_size=4788224 bytes (11.7%)
(RDMA_READ_CONSUME_CHECK_CONSUMER) timestamp=5870 ms, used_size=4786176 bytes (11.7%)
(RDMA_READ_CONSUME_CHECK_CONSUMER) timestamp=5870 ms, used_size=4784128 bytes (11.7%)
(RDMA_READ_CONSUME_CHECK_CONSUMER) timestamp=5870 ms, used_size=4782080 bytes (11.7%)
(RDMA_READ_CONSUME_CHECK_CONSUMER) timestamp=5870 ms, used_size=4780032 bytes (11.7%)
(RDMA_READ_CONSUME_CHECK_CONSUMER) timestamp=5870 ms, used_size=4777984 bytes (11.7%)
(RDMA_READ_CONSUME_CHECK_CONSUMER) timestamp=5870 ms, used_size=4775936 bytes (11.7%)
(RDMA_READ_CONSUME_CHECK_CONSUMER) timestamp=5870 ms, used_size=4773888 bytes (11.7%)
(RDMA_READ_CONSUME_CHECK_CONSUMER) timestamp=5870 ms, used_size=4771840 bytes (11.7%)
(RDMA_READ_CONSUME_CHECK_CONSUMER) timestamp=5870 ms, used_size=4769792 bytes (11.6%)
(RDMA_READ_CONSUME_CHECK_CONSUMER) timestamp=5870 ms, used_size=4767744 bytes (11.6%)
(RDMA_READ_CONSUME_CHECK_CONSUMER) timestamp=5870 ms, used_size=4765696 bytes (11.6%)
(RDMA_READ_CONSUME_CHECK_CONSUMER) timestamp=5870 ms, used_size=4763648 bytes (11.6%)
(RDMA_READ_CONSUME_CHECK_CONSUMER) timestamp=5870 ms, used_size=4761600 bytes (11.6%)
(RDMA_READ_CONSUME_CHECK_CONSUMER) timestamp=5870 ms, used_size=4759552 bytes (11.6%)
(RDMA_READ_CONSUME_CHECK_CONSUMER) timestamp=5870 ms, used_size=4757504 bytes (11.6%)
(RDMA_READ_CONSUME_CHECK_CONSUMER) timestamp=5870 ms, used_size=4755456 bytes (11.6%)
(RDMA_READ_CONSUME_CHECK_CONSUMER) timestamp=5870 ms, used_size=4753408 bytes (11.6%)
(RDMA_READ_CONSUME_CHECK_CONSUMER) timestamp=5870 ms, used_size=4751360 bytes (11.6%)
(RDMA_READ_CONSUME_CHECK_CONSUMER) timestamp=5870 ms, used_size=4749312 bytes (11.6%)
(RDMA_READ_CONSUME_CHECK_CONSUMER) timestamp=5870 ms, used_size=4747264 bytes (11.6%)
(RDMA_READ_CONSUME_CHECK_CONSUMER) timestamp=5870 ms, used_size=4745216 bytes (11.6%)
(RDMA_READ_CONSUME_CHECK_CONSUMER) timestamp=5870 ms, used_size=4743168 bytes (11.6%)
(RDMA_READ_CONSUME_CHECK_CONSUMER) timestamp=5870 ms, used_size=4741120 bytes (11.6%)
(RDMA_READ_CONSUME_CHECK_CONSUMER) timestamp=5870 ms, used_size=4739072 bytes (11.6%)
(RDMA_READ_CONSUME_CHECK_CONSUMER) timestamp=5870 ms, used_size=4737024 bytes (11.6%)
(RDMA_READ_CONSUME_CHECK_CONSUMER) timestamp=5870 ms, used_size=4734976 bytes (11.6%)
(RDMA_READ_CONSUME_CHECK_CONSUMER) timestamp=5870 ms, used_size=4732928 bytes (11.6%)
(RDMA_READ_CONSUME_CHECK_CONSUMER) timestamp=5870 ms, used_size=4730880 bytes (11.6%)
(RDMA_READ_CONSUME_CHECK_CONSUMER) timestamp=5870 ms, used_size=4728832 bytes (11.5%)
(RDMA_READ_CONSUME_CHECK_CONSUMER) timestamp=5870 ms, used_size=4726784 bytes (11.5%)
(RDMA_READ_CONSUME_CHECK_CONSUMER) timestamp=5870 ms, used_size=4724736 bytes (11.5%)
(RDMA_READ_CONSUME_CHECK_CONSUMER) timestamp=5870 ms, used_size=4722688 bytes (11.5%)
(RDMA_READ_CONSUME_CHECK_CONSUMER) timestamp=5870 ms, used_size=4720640 bytes (11.5%)
(RDMA_READ_CONSUME_CHECK_CONSUMER) timestamp=5870 ms, used_size=4718592 bytes (11.5%)
(RDMA_READ_CONSUME_CHECK_CONSUMER) timestamp=5870 ms, used_size=4716544 bytes (11.5%)
(RDMA_READ_CONSUME_CHECK_CONSUMER) timestamp=5870 ms, used_size=4714496 bytes (11.5%)
(RDMA_READ_CONSUME_CHECK_CONSUMER) timestamp=5870 ms, used_size=4712448 bytes (11.5%)
(RDMA_READ_CONSUME_CHECK_CONSUMER) timestamp=5870 ms, used_size=4710400 bytes (11.5%)
(RDMA_READ_CONSUME_CHECK_CONSUMER) timestamp=5870 ms, used_size=4708352 bytes (11.5%)
(RDMA_READ_CONSUME_CHECK_CONSUMER) timestamp=5870 ms, used_size=4706304 bytes (11.5%)
(RDMA_READ_CONSUME_CHECK_CONSUMER) timestamp=5870 ms, used_size=4704256 bytes (11.5%)
(RDMA_READ_CONSUME_CHECK_CONSUMER) timestamp=5870 ms, used_size=4702208 bytes (11.5%)
(RDMA_READ_CONSUME_CHECK_CONSUMER) timestamp=5870 ms, used_size=4700160 bytes (11.5%)
(RDMA_READ_CONSUME_CHECK_CONSUMER) timestamp=5870 ms, used_size=4698112 bytes (11.5%)
(RDMA_READ_CONSUME_CHECK_CONSUMER) timestamp=5870 ms, used_size=4696064 bytes (11.5%)
(RDMA_READ_CONSUME_CHECK_CONSUMER) timestamp=5870 ms, used_size=4694016 bytes (11.5%)
(RDMA_READ_CONSUME_CHECK_CONSUMER) timestamp=5870 ms, used_size=4691968 bytes (11.5%)
(RDMA_READ_CONSUME_CHECK_CONSUMER) timestamp=5870 ms, used_size=4689920 bytes (11.4%)
(RDMA_READ_CONSUME_CHECK_CONSUMER) timestamp=5870 ms, used_size=4687872 bytes (11.4%)
(RDMA_READ_CONSUME_CHECK_CONSUMER) timestamp=5870 ms, used_size=4685824 bytes (11.4%)
(RDMA_READ_CONSUME_CHECK_CONSUMER) timestamp=5870 ms, used_size=4683776 bytes (11.4%)
(RDMA_READ_CONSUME_CHECK_CONSUMER) timestamp=5870 ms, used_size=4681728 bytes (11.4%)
(RDMA_READ_CONSUME_CHECK_CONSUMER) timestamp=5870 ms, used_size=4679680 bytes (11.4%)
(RDMA_READ_CONSUME_CHECK_CONSUMER) timestamp=5870 ms, used_size=4677632 bytes (11.4%)
(RDMA_READ_CONSUME_CHECK_CONSUMER) timestamp=5870 ms, used_size=4675584 bytes (11.4%)
(RDMA_READ_CONSUME_CHECK_CONSUMER) timestamp=5870 ms, used_size=4673536 bytes (11.4%)
(RDMA_READ_CONSUME_CHECK_CONSUMER) timestamp=5870 ms, used_size=4671488 bytes (11.4%)
(RDMA_READ_CONSUME_CHECK_CONSUMER) timestamp=5870 ms, used_size=4669440 bytes (11.4%)
(RDMA_READ_CONSUME_CHECK_CONSUMER) timestamp=5870 ms, used_size=4667392 bytes (11.4%)
(RDMA_READ_CONSUME_CHECK_CONSUMER) timestamp=5870 ms, used_size=4665344 bytes (11.4%)
(RDMA_READ_CONSUME_CHECK_CONSUMER) timestamp=5870 ms, used_size=4663296 bytes (11.4%)
(RDMA_READ_CONSUME_CHECK_CONSUMER) timestamp=5870 ms, used_size=4661248 bytes (11.4%)
(RDMA_READ_CONSUME_CHECK_CONSUMER) timestamp=5870 ms, used_size=4659200 bytes (11.4%)
(RDMA_READ_CONSUME_CHECK_CONSUMER) timestamp=5870 ms, used_size=4657152 bytes (11.4%)
(RDMA_READ_CONSUME_CHECK_CONSUMER) timestamp=5870 ms, used_size=4655104 bytes (11.4%)
(RDMA_READ_CONSUME_CHECK_CONSUMER) timestamp=5870 ms, used_size=4653056 bytes (11.4%)
(RDMA_READ_CONSUME_CHECK_CONSUMER) timestamp=5870 ms, used_size=4651008 bytes (11.4%)
(RDMA_READ_CONSUME_CHECK_CONSUMER) timestamp=5870 ms, used_size=4648960 bytes (11.3%)
(RDMA_READ_CONSUME_CHECK_CONSUMER) timestamp=5870 ms, used_size=4646912 bytes (11.3%)
(RDMA_READ_CONSUME_CHECK_CONSUMER) timestamp=5870 ms, used_size=4644864 bytes (11.3%)
(RDMA_READ_CONSUME_CHECK_CONSUMER) timestamp=5870 ms, used_size=4642816 bytes (11.3%)
(RDMA_READ_CONSUME_CHECK_CONSUMER) timestamp=5870 ms, used_size=4640768 bytes (11.3%)
(RDMA_READ_CONSUME_CHECK_CONSUMER) timestamp=5870 ms, used_size=4638720 bytes (11.3%)
(RDMA_READ_CONSUME_CHECK_CONSUMER) timestamp=5870 ms, used_size=4636672 bytes (11.3%)
(RDMA_READ_CONSUME_CHECK_CONSUMER) timestamp=5870 ms, used_size=4634624 bytes (11.3%)
(RDMA_READ_CONSUME_CHECK_CONSUMER) timestamp=5870 ms, used_size=4632576 bytes (11.3%)
(RDMA_READ_CONSUME_CHECK_CONSUMER) timestamp=5870 ms, used_size=4630528 bytes (11.3%)
(RDMA_READ_CONSUME_CHECK_CONSUMER) timestamp=5870 ms, used_size=4628480 bytes (11.3%)
(RDMA_READ_CONSUME_CHECK_CONSUMER) timestamp=5870 ms, used_size=4626432 bytes (11.3%)
(RDMA_READ_CONSUME_CHECK_CONSUMER) timestamp=5870 ms, used_size=4624384 bytes (11.3%)
(RDMA_READ_CONSUME_CHECK_CONSUMER) timestamp=5870 ms, used_size=4622336 bytes (11.3%)
(RDMA_READ_CONSUME_CHECK_CONSUMER) timestamp=5870 ms, used_size=4620288 bytes (11.3%)
(RDMA_READ_CONSUME_CHECK_CONSUMER) timestamp=5870 ms, used_size=4618240 bytes (11.3%)
(RDMA_READ_CONSUME_CHECK_CONSUMER) timestamp=5870 ms, used_size=4616192 bytes (11.3%)
(RDMA_READ_CONSUME_CHECK_CONSUMER) timestamp=5870 ms, used_size=4614144 bytes (11.3%)
(RDMA_READ_CONSUME_CHECK_CONSUMER) timestamp=5870 ms, used_size=4612096 bytes (11.3%)
(RDMA_READ_CONSUME_CHECK_CONSUMER) timestamp=5870 ms, used_size=4610048 bytes (11.3%)
(RDMA_READ_CONSUME_CHECK_CONSUMER) timestamp=5870 ms, used_size=4608000 bytes (11.2%)
(RDMA_READ_CONSUME_CHECK_CONSUMER) timestamp=5870 ms, used_size=4605952 bytes (11.2%)
(RDMA_READ_CONSUME_CHECK_CONSUMER) timestamp=5870 ms, used_size=4603904 bytes (11.2%)
(RDMA_READ_CONSUME_CHECK_CONSUMER) timestamp=5870 ms, used_size=4601856 bytes (11.2%)
(RDMA_READ_CONSUME_CHECK_CONSUMER) timestamp=5870 ms, used_size=4599808 bytes (11.2%)
(RDMA_READ_CONSUME_CHECK_CONSUMER) timestamp=5870 ms, used_size=4597760 bytes (11.2%)
(RDMA_READ_CONSUME_CHECK_CONSUMER) timestamp=5870 ms, used_size=4595712 bytes (11.2%)
(RDMA_READ_CONSUME_CHECK_CONSUMER) timestamp=5870 ms, used_size=4593664 bytes (11.2%)
(RDMA_READ_CONSUME_CHECK_CONSUMER) timestamp=5870 ms, used_size=4591616 bytes (11.2%)
(RDMA_READ_CONSUME_CHECK_CONSUMER) timestamp=5870 ms, used_size=4589568 bytes (11.2%)
(RDMA_READ_CONSUME_CHECK_CONSUMER) timestamp=5870 ms, used_size=4587520 bytes (11.2%)
(RDMA_READ_CONSUME_CHECK_CONSUMER) timestamp=5870 ms, used_size=4585472 bytes (11.2%)
(RDMA_READ_CONSUME_CHECK_CONSUMER) timestamp=5870 ms, used_size=4583424 bytes (11.2%)
(RDMA_READ_CONSUME_CHECK_CONSUMER) timestamp=5870 ms, used_size=4581376 bytes (11.2%)
(RDMA_READ_CONSUME_CHECK_CONSUMER) timestamp=5870 ms, used_size=4579328 bytes (11.2%)
(RDMA_READ_CONSUME_CHECK_CONSUMER) timestamp=5870 ms, used_size=4577280 bytes (11.2%)
(RDMA_READ_CONSUME_CHECK_CONSUMER) timestamp=5870 ms, used_size=4575232 bytes (11.2%)
(RDMA_READ_CONSUME_CHECK_CONSUMER) timestamp=5870 ms, used_size=4573184 bytes (11.2%)
(RDMA_READ_CONSUME_CHECK_CONSUMER) timestamp=5870 ms, used_size=4571136 bytes (11.2%)
(RDMA_READ_CONSUME_CHECK_CONSUMER) timestamp=5870 ms, used_size=4569088 bytes (11.2%)
(RDMA_READ_CONSUME_CHECK_CONSUMER) timestamp=5870 ms, used_size=4567040 bytes (11.2%)
(RDMA_READ_CONSUME_CHECK_CONSUMER) timestamp=5870 ms, used_size=4564992 bytes (11.1%)
(RDMA_READ_CONSUME_CHECK_CONSUMER) timestamp=5870 ms, used_size=4562944 bytes (11.1%)
(RDMA_READ_CONSUME_CHECK_CONSUMER) timestamp=5870 ms, used_size=4560896 bytes (11.1%)
(RDMA_READ_CONSUME_CHECK_CONSUMER) timestamp=5870 ms, used_size=4558848 bytes (11.1%)
(RDMA_READ_CONSUME_CHECK_CONSUMER) timestamp=5870 ms, used_size=4556800 bytes (11.1%)
(RDMA_READ_CONSUME_CHECK_CONSUMER) timestamp=5870 ms, used_size=4554752 bytes (11.1%)
(RDMA_READ_CONSUME_CHECK_CONSUMER) timestamp=5870 ms, used_size=4552704 bytes (11.1%)
(RDMA_READ_CONSUME_CHECK_CONSUMER) timestamp=5870 ms, used_size=4550656 bytes (11.1%)
(RDMA_READ_CONSUME_CHECK_CONSUMER) timestamp=5870 ms, used_size=4548608 bytes (11.1%)
(RDMA_READ_CONSUME_CHECK_CONSUMER) timestamp=5870 ms, used_size=4546560 bytes (11.1%)
(RDMA_READ_CONSUME_CHECK_CONSUMER) timestamp=5870 ms, used_size=4544512 bytes (11.1%)
(RDMA_READ_CONSUME_CHECK_CONSUMER) timestamp=5870 ms, used_size=4542464 bytes (11.1%)
(RDMA_READ_CONSUME_CHECK_CONSUMER) timestamp=5870 ms, used_size=4540416 bytes (11.1%)
(RDMA_READ_CONSUME_CHECK_CONSUMER) timestamp=5870 ms, used_size=4538368 bytes (11.1%)
(RDMA_READ_CONSUME_CHECK_CONSUMER) timestamp=5870 ms, used_size=4536320 bytes (11.1%)
(RDMA_READ_CONSUME_CHECK_CONSUMER) timestamp=5870 ms, used_size=4534272 bytes (11.1%)
(RDMA_READ_CONSUME_CHECK_CONSUMER) timestamp=5870 ms, used_size=4532224 bytes (11.1%)
(RDMA_READ_CONSUME_CHECK_CONSUMER) timestamp=5870 ms, used_size=4530176 bytes (11.1%)
(RDMA_READ_CONSUME_CHECK_CONSUMER) timestamp=5870 ms, used_size=4528128 bytes (11.1%)
(RDMA_READ_CONSUME_CHECK_CONSUMER) timestamp=5870 ms, used_size=4526080 bytes (11.1%)
(RDMA_READ_CONSUME_CHECK_CONSUMER) timestamp=5870 ms, used_size=4524032 bytes (11.0%)
(RDMA_READ_CONSUME_CHECK_CONSUMER) timestamp=5870 ms, used_size=4521984 bytes (11.0%)
(RDMA_READ_CONSUME_CHECK_CONSUMER) timestamp=5871 ms, used_size=4519936 bytes (11.0%)
(RDMA_READ_CONSUME_CHECK_CONSUMER) timestamp=5871 ms, used_size=4517888 bytes (11.0%)
(RDMA_READ_CONSUME_CHECK_CONSUMER) timestamp=5871 ms, used_size=4515840 bytes (11.0%)
(RDMA_READ_CONSUME_CHECK_CONSUMER) timestamp=5871 ms, used_size=4513792 bytes (11.0%)
(RDMA_READ_CONSUME_CHECK_CONSUMER) timestamp=5871 ms, used_size=4511744 bytes (11.0%)
(RDMA_READ_CONSUME_CHECK_CONSUMER) timestamp=5871 ms, used_size=4509696 bytes (11.0%)
(RDMA_READ_CONSUME_CHECK_CONSUMER) timestamp=5871 ms, used_size=4507648 bytes (11.0%)
(RDMA_READ_CONSUME_CHECK_CONSUMER) timestamp=5871 ms, used_size=4505600 bytes (11.0%)
(RDMA_READ_CONSUME_CHECK_CONSUMER) timestamp=5871 ms, used_size=4503552 bytes (11.0%)
(RDMA_READ_CONSUME_CHECK_CONSUMER) timestamp=5871 ms, used_size=4501504 bytes (11.0%)
(RDMA_READ_CONSUME_CHECK_CONSUMER) timestamp=5871 ms, used_size=4499456 bytes (11.0%)
(RDMA_READ_CONSUME_CHECK_CONSUMER) timestamp=5871 ms, used_size=4497408 bytes (11.0%)
(RDMA_READ_CONSUME_CHECK_CONSUMER) timestamp=5871 ms, used_size=4495360 bytes (11.0%)
(RDMA_READ_CONSUME_CHECK_CONSUMER) timestamp=5871 ms, used_size=4493312 bytes (11.0%)
(RDMA_READ_CONSUME_CHECK_CONSUMER) timestamp=5871 ms, used_size=4491264 bytes (11.0%)
(RDMA_READ_CONSUME_CHECK_CONSUMER) timestamp=5871 ms, used_size=4489216 bytes (11.0%)
(RDMA_READ_CONSUME_CHECK_CONSUMER) timestamp=5871 ms, used_size=4487168 bytes (11.0%)
(RDMA_READ_CONSUME_CHECK_CONSUMER) timestamp=5871 ms, used_size=4485120 bytes (10.9%)
(RDMA_READ_CONSUME_CHECK_CONSUMER) timestamp=5871 ms, used_size=4483072 bytes (10.9%)
(RDMA_READ_CONSUME_CHECK_CONSUMER) timestamp=5871 ms, used_size=4481024 bytes (10.9%)
(RDMA_READ_CONSUME_CHECK_CONSUMER) timestamp=5871 ms, used_size=4478976 bytes (10.9%)
(RDMA_READ_CONSUME_CHECK_CONSUMER) timestamp=5871 ms, used_size=4476928 bytes (10.9%)
(RDMA_READ_CONSUME_CHECK_CONSUMER) timestamp=5871 ms, used_size=4474880 bytes (10.9%)
(RDMA_READ_CONSUME_CHECK_CONSUMER) timestamp=5871 ms, used_size=4472832 bytes (10.9%)
(RDMA_READ_CONSUME_CHECK_CONSUMER) timestamp=5871 ms, used_size=4470784 bytes (10.9%)
(RDMA_READ_CONSUME_CHECK_CONSUMER) timestamp=5871 ms, used_size=4468736 bytes (10.9%)
(RDMA_READ_CONSUME_CHECK_CONSUMER) timestamp=5871 ms, used_size=4466688 bytes (10.9%)
(RDMA_READ_CONSUME_CHECK_CONSUMER) timestamp=5871 ms, used_size=4464640 bytes (10.9%)
(RDMA_READ_CONSUME_CHECK_CONSUMER) timestamp=5871 ms, used_size=4462592 bytes (10.9%)
(RDMA_READ_CONSUME_CHECK_CONSUMER) timestamp=5871 ms, used_size=4460544 bytes (10.9%)
(RDMA_READ_CONSUME_CHECK_CONSUMER) timestamp=5871 ms, used_size=4458496 bytes (10.9%)
(RDMA_READ_CONSUME_CHECK_CONSUMER) timestamp=5871 ms, used_size=4456448 bytes (10.9%)
(RDMA_READ_CONSUME_CHECK_CONSUMER) timestamp=5871 ms, used_size=4454400 bytes (10.9%)
(RDMA_READ_CONSUME_CHECK_CONSUMER) timestamp=5871 ms, used_size=4452352 bytes (10.9%)
(RDMA_READ_CONSUME_CHECK_CONSUMER) timestamp=5871 ms, used_size=4450304 bytes (10.9%)
(RDMA_READ_CONSUME_CHECK_CONSUMER) timestamp=5871 ms, used_size=4448256 bytes (10.9%)
(RDMA_READ_CONSUME_CHECK_CONSUMER) timestamp=5871 ms, used_size=4446208 bytes (10.9%)
(RDMA_READ_CONSUME_CHECK_CONSUMER) timestamp=5871 ms, used_size=4444160 bytes (10.8%)
(RDMA_READ_CONSUME_CHECK_CONSUMER) timestamp=5871 ms, used_size=4442112 bytes (10.8%)
(RDMA_READ_CONSUME_CHECK_CONSUMER) timestamp=5871 ms, used_size=4440064 bytes (10.8%)
(RDMA_READ_CONSUME_CHECK_CONSUMER) timestamp=5871 ms, used_size=4438016 bytes (10.8%)
(RDMA_READ_CONSUME_CHECK_CONSUMER) timestamp=5871 ms, used_size=4435968 bytes (10.8%)
(RDMA_READ_CONSUME_CHECK_CONSUMER) timestamp=5871 ms, used_size=4433920 bytes (10.8%)
(RDMA_READ_CONSUME_CHECK_CONSUMER) timestamp=5871 ms, used_size=4431872 bytes (10.8%)
(RDMA_READ_CONSUME_CHECK_CONSUMER) timestamp=5871 ms, used_size=4429824 bytes (10.8%)
(RDMA_READ_CONSUME_CHECK_CONSUMER) timestamp=5871 ms, used_size=4427776 bytes (10.8%)
(RDMA_READ_CONSUME_CHECK_CONSUMER) timestamp=5871 ms, used_size=4425728 bytes (10.8%)
(RDMA_READ_CONSUME_CHECK_CONSUMER) timestamp=5871 ms, used_size=4423680 bytes (10.8%)
(RDMA_READ_CONSUME_CHECK_CONSUMER) timestamp=5871 ms, used_size=4421632 bytes (10.8%)
(RDMA_READ_CONSUME_CHECK_CONSUMER) timestamp=5871 ms, used_size=4419584 bytes (10.8%)
(RDMA_READ_CONSUME_CHECK_CONSUMER) timestamp=5871 ms, used_size=4417536 bytes (10.8%)
(RDMA_READ_CONSUME_CHECK_CONSUMER) timestamp=5871 ms, used_size=4415488 bytes (10.8%)
(RDMA_READ_CONSUME_CHECK_CONSUMER) timestamp=5871 ms, used_size=4413440 bytes (10.8%)
(RDMA_READ_CONSUME_CHECK_CONSUMER) timestamp=5871 ms, used_size=4411392 bytes (10.8%)
(RDMA_READ_CONSUME_CHECK_CONSUMER) timestamp=5871 ms, used_size=4409344 bytes (10.8%)
(RDMA_READ_CONSUME_CHECK_CONSUMER) timestamp=5871 ms, used_size=4407296 bytes (10.8%)
(RDMA_READ_CONSUME_CHECK_CONSUMER) timestamp=5871 ms, used_size=4405248 bytes (10.8%)
(RDMA_READ_CONSUME_CHECK_CONSUMER) timestamp=5871 ms, used_size=4403200 bytes (10.8%)
(RDMA_READ_CONSUME_CHECK_CONSUMER) timestamp=5871 ms, used_size=4401152 bytes (10.7%)
(RDMA_READ_CONSUME_CHECK_CONSUMER) timestamp=5871 ms, used_size=4399104 bytes (10.7%)
(RDMA_READ_CONSUME_CHECK_CONSUMER) timestamp=5871 ms, used_size=4397056 bytes (10.7%)
(RDMA_READ_CONSUME_CHECK_CONSUMER) timestamp=5871 ms, used_size=4395008 bytes (10.7%)
(RDMA_READ_CONSUME_CHECK_CONSUMER) timestamp=5871 ms, used_size=4392960 bytes (10.7%)
(RDMA_READ_CONSUME_CHECK_CONSUMER) timestamp=5871 ms, used_size=4390912 bytes (10.7%)
(RDMA_READ_CONSUME_CHECK_CONSUMER) timestamp=5871 ms, used_size=4388864 bytes (10.7%)
(RDMA_READ_CONSUME_CHECK_CONSUMER) timestamp=5871 ms, used_size=4386816 bytes (10.7%)
(RDMA_READ_CONSUME_CHECK_CONSUMER) timestamp=5871 ms, used_size=4384768 bytes (10.7%)
(RDMA_READ_CONSUME_CHECK_CONSUMER) timestamp=5871 ms, used_size=4382720 bytes (10.7%)
(RDMA_READ_CONSUME_CHECK_CONSUMER) timestamp=5871 ms, used_size=4380672 bytes (10.7%)
(RDMA_READ_CONSUME_CHECK_CONSUMER) timestamp=5871 ms, used_size=4378624 bytes (10.7%)
(RDMA_READ_CONSUME_CHECK_CONSUMER) timestamp=5871 ms, used_size=4376576 bytes (10.7%)
(RDMA_READ_CONSUME_CHECK_CONSUMER) timestamp=5871 ms, used_size=4374528 bytes (10.7%)
(RDMA_READ_CONSUME_CHECK_CONSUMER) timestamp=5871 ms, used_size=4372480 bytes (10.7%)
(RDMA_READ_CONSUME_CHECK_CONSUMER) timestamp=5871 ms, used_size=4370432 bytes (10.7%)
(RDMA_READ_CONSUME_CHECK_CONSUMER) timestamp=5871 ms, used_size=4368384 bytes (10.7%)
(RDMA_READ_CONSUME_CHECK_CONSUMER) timestamp=5871 ms, used_size=4366336 bytes (10.7%)
(RDMA_READ_CONSUME_CHECK_CONSUMER) timestamp=5871 ms, used_size=4364288 bytes (10.7%)
(RDMA_READ_CONSUME_CHECK_CONSUMER) timestamp=5871 ms, used_size=4362240 bytes (10.7%)
(RDMA_READ_CONSUME_CHECK_CONSUMER) timestamp=5871 ms, used_size=4360192 bytes (10.6%)
(RDMA_READ_CONSUME_CHECK_CONSUMER) timestamp=5871 ms, used_size=4358144 bytes (10.6%)
(RDMA_READ_CONSUME_CHECK_CONSUMER) timestamp=5871 ms, used_size=4356096 bytes (10.6%)
(RDMA_READ_CONSUME_CHECK_CONSUMER) timestamp=5871 ms, used_size=4354048 bytes (10.6%)
(RDMA_READ_CONSUME_CHECK_CONSUMER) timestamp=5871 ms, used_size=4352000 bytes (10.6%)
(RDMA_READ_CONSUME_CHECK_CONSUMER) timestamp=5871 ms, used_size=4349952 bytes (10.6%)
(RDMA_READ_CONSUME_CHECK_CONSUMER) timestamp=5871 ms, used_size=4347904 bytes (10.6%)
(RDMA_READ_CONSUME_CHECK_CONSUMER) timestamp=5871 ms, used_size=4345856 bytes (10.6%)
(RDMA_READ_CONSUME_CHECK_CONSUMER) timestamp=5871 ms, used_size=4343808 bytes (10.6%)
(RDMA_READ_CONSUME_CHECK_CONSUMER) timestamp=5871 ms, used_size=4341760 bytes (10.6%)
(RDMA_READ_CONSUME_CHECK_CONSUMER) timestamp=5871 ms, used_size=4339712 bytes (10.6%)
(RDMA_READ_CONSUME_CHECK_CONSUMER) timestamp=5871 ms, used_size=4337664 bytes (10.6%)
(RDMA_READ_CONSUME_CHECK_CONSUMER) timestamp=5871 ms, used_size=4335616 bytes (10.6%)
(RDMA_READ_CONSUME_CHECK_CONSUMER) timestamp=5871 ms, used_size=4333568 bytes (10.6%)
(RDMA_READ_CONSUME_CHECK_CONSUMER) timestamp=5871 ms, used_size=4331520 bytes (10.6%)
(RDMA_READ_CONSUME_CHECK_CONSUMER) timestamp=5871 ms, used_size=4329472 bytes (10.6%)
(RDMA_READ_CONSUME_CHECK_CONSUMER) timestamp=5871 ms, used_size=4327424 bytes (10.6%)
(RDMA_READ_CONSUME_CHECK_CONSUMER) timestamp=5871 ms, used_size=4325376 bytes (10.6%)
(RDMA_READ_CONSUME_CHECK_CONSUMER) timestamp=5871 ms, used_size=4323328 bytes (10.6%)
(RDMA_READ_CONSUME_CHECK_CONSUMER) timestamp=5871 ms, used_size=4321280 bytes (10.6%)
(RDMA_READ_CONSUME_CHECK_CONSUMER) timestamp=5871 ms, used_size=4319232 bytes (10.5%)
(RDMA_READ_CONSUME_CHECK_CONSUMER) timestamp=5871 ms, used_size=4317184 bytes (10.5%)
(RDMA_READ_CONSUME_CHECK_CONSUMER) timestamp=5871 ms, used_size=4315136 bytes (10.5%)
(RDMA_READ_CONSUME_CHECK_CONSUMER) timestamp=5871 ms, used_size=4313088 bytes (10.5%)
(RDMA_READ_CONSUME_CHECK_CONSUMER) timestamp=5871 ms, used_size=4311040 bytes (10.5%)
(RDMA_READ_CONSUME_CHECK_CONSUMER) timestamp=5871 ms, used_size=4308992 bytes (10.5%)
(RDMA_READ_CONSUME_CHECK_CONSUMER) timestamp=5871 ms, used_size=4306944 bytes (10.5%)
(RDMA_READ_CONSUME_CHECK_CONSUMER) timestamp=5871 ms, used_size=4304896 bytes (10.5%)
(RDMA_READ_CONSUME_CHECK_CONSUMER) timestamp=5871 ms, used_size=4302848 bytes (10.5%)
(RDMA_READ_CONSUME_CHECK_CONSUMER) timestamp=5871 ms, used_size=4300800 bytes (10.5%)
(RDMA_READ_CONSUME_CHECK_CONSUMER) timestamp=5871 ms, used_size=4298752 bytes (10.5%)
(RDMA_READ_CONSUME_CHECK_CONSUMER) timestamp=5871 ms, used_size=4296704 bytes (10.5%)
(RDMA_READ_CONSUME_CHECK_CONSUMER) timestamp=5871 ms, used_size=4294656 bytes (10.5%)
(RDMA_READ_CONSUME_CHECK_CONSUMER) timestamp=5871 ms, used_size=4292608 bytes (10.5%)
(RDMA_READ_CONSUME_CHECK_CONSUMER) timestamp=5871 ms, used_size=4290560 bytes (10.5%)
(RDMA_READ_CONSUME_CHECK_CONSUMER) timestamp=5871 ms, used_size=4288512 bytes (10.5%)
(RDMA_READ_CONSUME_CHECK_CONSUMER) timestamp=5871 ms, used_size=4286464 bytes (10.5%)
(RDMA_READ_CONSUME_CHECK_CONSUMER) timestamp=5871 ms, used_size=4284416 bytes (10.5%)
(RDMA_READ_CONSUME_CHECK_CONSUMER) timestamp=5871 ms, used_size=4282368 bytes (10.5%)
(RDMA_READ_CONSUME_CHECK_CONSUMER) timestamp=5871 ms, used_size=4280320 bytes (10.4%)
(RDMA_READ_CONSUME_CHECK_CONSUMER) timestamp=5871 ms, used_size=4278272 bytes (10.4%)
(RDMA_READ_CONSUME_CHECK_CONSUMER) timestamp=5871 ms, used_size=4276224 bytes (10.4%)
(RDMA_READ_CONSUME_CHECK_CONSUMER) timestamp=5871 ms, used_size=4274176 bytes (10.4%)
(RDMA_READ_CONSUME_CHECK_CONSUMER) timestamp=5871 ms, used_size=4272128 bytes (10.4%)
(RDMA_READ_CONSUME_CHECK_CONSUMER) timestamp=5871 ms, used_size=4270080 bytes (10.4%)
(RDMA_READ_CONSUME_CHECK_CONSUMER) timestamp=5871 ms, used_size=4268032 bytes (10.4%)
(RDMA_READ_CONSUME_CHECK_CONSUMER) timestamp=5871 ms, used_size=4265984 bytes (10.4%)
(RDMA_READ_CONSUME_CHECK_CONSUMER) timestamp=5871 ms, used_size=4263936 bytes (10.4%)
(RDMA_READ_CONSUME_CHECK_CONSUMER) timestamp=5871 ms, used_size=4261888 bytes (10.4%)
(RDMA_READ_CONSUME_CHECK_CONSUMER) timestamp=5871 ms, used_size=4259840 bytes (10.4%)
(RDMA_READ_CONSUME_CHECK_CONSUMER) timestamp=5871 ms, used_size=4257792 bytes (10.4%)
(RDMA_READ_CONSUME_CHECK_CONSUMER) timestamp=5871 ms, used_size=4255744 bytes (10.4%)
(RDMA_READ_CONSUME_CHECK_CONSUMER) timestamp=5871 ms, used_size=4253696 bytes (10.4%)
(RDMA_READ_CONSUME_CHECK_CONSUMER) timestamp=5871 ms, used_size=4251648 bytes (10.4%)
(RDMA_READ_CONSUME_CHECK_CONSUMER) timestamp=5871 ms, used_size=4249600 bytes (10.4%)
(RDMA_READ_CONSUME_CHECK_CONSUMER) timestamp=5871 ms, used_size=4247552 bytes (10.4%)
(RDMA_READ_CONSUME_CHECK_CONSUMER) timestamp=5871 ms, used_size=4245504 bytes (10.4%)
(RDMA_READ_CONSUME_CHECK_CONSUMER) timestamp=5871 ms, used_size=4243456 bytes (10.4%)
(RDMA_READ_CONSUME_CHECK_CONSUMER) timestamp=5871 ms, used_size=4241408 bytes (10.4%)
(RDMA_READ_CONSUME_CHECK_CONSUMER) timestamp=5871 ms, used_size=4239360 bytes (10.3%)
(RDMA_READ_CONSUME_CHECK_CONSUMER) timestamp=5871 ms, used_size=4237312 bytes (10.3%)
(RDMA_READ_CONSUME_CHECK_CONSUMER) timestamp=5871 ms, used_size=4235264 bytes (10.3%)
(RDMA_READ_CONSUME_CHECK_CONSUMER) timestamp=5871 ms, used_size=4233216 bytes (10.3%)
(RDMA_READ_CONSUME_CHECK_CONSUMER) timestamp=5871 ms, used_size=4231168 bytes (10.3%)
(RDMA_READ_CONSUME_CHECK_CONSUMER) timestamp=5871 ms, used_size=4229120 bytes (10.3%)
(RDMA_READ_CONSUME_CHECK_CONSUMER) timestamp=5871 ms, used_size=4227072 bytes (10.3%)
(RDMA_READ_CONSUME_CHECK_CONSUMER) timestamp=5871 ms, used_size=4225024 bytes (10.3%)
(RDMA_READ_CONSUME_CHECK_CONSUMER) timestamp=5871 ms, used_size=4222976 bytes (10.3%)
(RDMA_READ_CONSUME_CHECK_CONSUMER) timestamp=5871 ms, used_size=4220928 bytes (10.3%)
(RDMA_READ_CONSUME_CHECK_CONSUMER) timestamp=5871 ms, used_size=4218880 bytes (10.3%)
(RDMA_READ_CONSUME_CHECK_CONSUMER) timestamp=5871 ms, used_size=4216832 bytes (10.3%)
(RDMA_READ_CONSUME_CHECK_CONSUMER) timestamp=5871 ms, used_size=4214784 bytes (10.3%)
(RDMA_READ_CONSUME_CHECK_CONSUMER) timestamp=5871 ms, used_size=4212736 bytes (10.3%)
(RDMA_READ_CONSUME_CHECK_CONSUMER) timestamp=5871 ms, used_size=4210688 bytes (10.3%)
(RDMA_READ_CONSUME_CHECK_CONSUMER) timestamp=5871 ms, used_size=4208640 bytes (10.3%)
(RDMA_READ_CONSUME_CHECK_CONSUMER) timestamp=5871 ms, used_size=4206592 bytes (10.3%)
(RDMA_READ_CONSUME_CHECK_CONSUMER) timestamp=5871 ms, used_size=4204544 bytes (10.3%)
(RDMA_READ_CONSUME_CHECK_CONSUMER) timestamp=5871 ms, used_size=4202496 bytes (10.3%)
(RDMA_READ_CONSUME_CHECK_CONSUMER) timestamp=5871 ms, used_size=4200448 bytes (10.3%)
(RDMA_READ_CONSUME_CHECK_CONSUMER) timestamp=5871 ms, used_size=4198400 bytes (10.2%)
(RDMA_READ_CONSUME_CHECK_CONSUMER) timestamp=5871 ms, used_size=4196352 bytes (10.2%)
(RDMA_READ_CONSUME_CHECK_CONSUMER) timestamp=5871 ms, used_size=4194304 bytes (10.2%)
(RDMA_READ_CONSUME_CHECK_CONSUMER) timestamp=5871 ms, used_size=4192256 bytes (10.2%)
(RDMA_READ_CONSUME_CHECK_CONSUMER) timestamp=5871 ms, used_size=4190208 bytes (10.2%)
(RDMA_READ_CONSUME_CHECK_CONSUMER) timestamp=5871 ms, used_size=4188160 bytes (10.2%)
(RDMA_READ_CONSUME_CHECK_CONSUMER) timestamp=5871 ms, used_size=4186112 bytes (10.2%)
(RDMA_READ_CONSUME_CHECK_CONSUMER) timestamp=5872 ms, used_size=4184064 bytes (10.2%)
(RDMA_READ_CONSUME_CHECK_CONSUMER) timestamp=5872 ms, used_size=4182016 bytes (10.2%)
(RDMA_READ_CONSUME_CHECK_CONSUMER) timestamp=5872 ms, used_size=4179968 bytes (10.2%)
(RDMA_READ_CONSUME_CHECK_CONSUMER) timestamp=5872 ms, used_size=4177920 bytes (10.2%)
(RDMA_READ_CONSUME_CHECK_CONSUMER) timestamp=5872 ms, used_size=4175872 bytes (10.2%)
(RDMA_READ_CONSUME_CHECK_CONSUMER) timestamp=5872 ms, used_size=4173824 bytes (10.2%)
(RDMA_READ_CONSUME_CHECK_CONSUMER) timestamp=5872 ms, used_size=4171776 bytes (10.2%)
(RDMA_READ_CONSUME_CHECK_CONSUMER) timestamp=5872 ms, used_size=4169728 bytes (10.2%)
(RDMA_READ_CONSUME_CHECK_CONSUMER) timestamp=5872 ms, used_size=4167680 bytes (10.2%)
(RDMA_READ_CONSUME_CHECK_CONSUMER) timestamp=5872 ms, used_size=4165632 bytes (10.2%)
(RDMA_READ_CONSUME_CHECK_CONSUMER) timestamp=5872 ms, used_size=4163584 bytes (10.2%)
(RDMA_READ_CONSUME_CHECK_CONSUMER) timestamp=5872 ms, used_size=4161536 bytes (10.2%)
(RDMA_READ_CONSUME_CHECK_CONSUMER) timestamp=5872 ms, used_size=4159488 bytes (10.2%)
(RDMA_READ_CONSUME_CHECK_CONSUMER) timestamp=5872 ms, used_size=4157440 bytes (10.2%)
(RDMA_READ_CONSUME_CHECK_CONSUMER) timestamp=5872 ms, used_size=4155392 bytes (10.1%)
(RDMA_READ_CONSUME_CHECK_CONSUMER) timestamp=5872 ms, used_size=4153344 bytes (10.1%)
(RDMA_READ_CONSUME_CHECK_CONSUMER) timestamp=5872 ms, used_size=4151296 bytes (10.1%)
(RDMA_READ_CONSUME_CHECK_CONSUMER) timestamp=5872 ms, used_size=4149248 bytes (10.1%)
(RDMA_READ_CONSUME_CHECK_CONSUMER) timestamp=5872 ms, used_size=4147200 bytes (10.1%)
(RDMA_READ_CONSUME_CHECK_CONSUMER) timestamp=5872 ms, used_size=4145152 bytes (10.1%)
(RDMA_READ_CONSUME_CHECK_CONSUMER) timestamp=5872 ms, used_size=4143104 bytes (10.1%)
(RDMA_READ_CONSUME_CHECK_CONSUMER) timestamp=5872 ms, used_size=4141056 bytes (10.1%)
(RDMA_READ_CONSUME_CHECK_CONSUMER) timestamp=5872 ms, used_size=4139008 bytes (10.1%)
(RDMA_READ_CONSUME_CHECK_CONSUMER) timestamp=5872 ms, used_size=4136960 bytes (10.1%)
(RDMA_READ_CONSUME_CHECK_CONSUMER) timestamp=5872 ms, used_size=4134912 bytes (10.1%)
(RDMA_READ_CONSUME_CHECK_CONSUMER) timestamp=5872 ms, used_size=4132864 bytes (10.1%)
(RDMA_READ_CONSUME_CHECK_CONSUMER) timestamp=5872 ms, used_size=4130816 bytes (10.1%)
(RDMA_READ_CONSUME_CHECK_CONSUMER) timestamp=5872 ms, used_size=4128768 bytes (10.1%)
(RDMA_READ_CONSUME_CHECK_CONSUMER) timestamp=5872 ms, used_size=4126720 bytes (10.1%)
(RDMA_READ_CONSUME_CHECK_CONSUMER) timestamp=5872 ms, used_size=4124672 bytes (10.1%)
(RDMA_READ_CONSUME_CHECK_CONSUMER) timestamp=5872 ms, used_size=4122624 bytes (10.1%)
(RDMA_READ_CONSUME_CHECK_CONSUMER) timestamp=5872 ms, used_size=4120576 bytes (10.1%)
(RDMA_READ_CONSUME_CHECK_CONSUMER) timestamp=5872 ms, used_size=4118528 bytes (10.1%)
(RDMA_READ_CONSUME_CHECK_CONSUMER) timestamp=5872 ms, used_size=4116480 bytes (10.1%)
(RDMA_READ_CONSUME_CHECK_CONSUMER) timestamp=5872 ms, used_size=4114432 bytes (10.0%)
(RDMA_READ_CONSUME_CHECK_CONSUMER) timestamp=5872 ms, used_size=4112384 bytes (10.0%)
(RDMA_READ_CONSUME_CHECK_CONSUMER) timestamp=5872 ms, used_size=4110336 bytes (10.0%)
(RDMA_READ_CONSUME_CHECK_CONSUMER) timestamp=5872 ms, used_size=4108288 bytes (10.0%)
(RDMA_READ_CONSUME_CHECK_CONSUMER) timestamp=5872 ms, used_size=4106240 bytes (10.0%)
(RDMA_READ_CONSUME_CHECK_CONSUMER) timestamp=5872 ms, used_size=4104192 bytes (10.0%)
(RDMA_READ_CONSUME_CHECK_CONSUMER) timestamp=5872 ms, used_size=4102144 bytes (10.0%)
(RDMA_READ_CONSUME_CHECK_CONSUMER) timestamp=5872 ms, used_size=4100096 bytes (10.0%)
(RDMA_READ_CONSUME_CHECK_CONSUMER) timestamp=5872 ms, used_size=4098048 bytes (10.0%)
(RDMA_READ_CONSUME_CHECK_CONSUMER) timestamp=5872 ms, used_size=4096000 bytes (10.0%)
(RDMA_READ_CONSUME_CHECK_CONSUMER) timestamp=5872 ms, used_size=4093952 bytes (10.0%)
(RDMA_READ_CONSUME_CHECK_CONSUMER) timestamp=5872 ms, used_size=4091904 bytes (10.0%)
(RDMA_READ_CONSUME_CHECK_CONSUMER) timestamp=5872 ms, used_size=4089856 bytes (10.0%)
(RDMA_READ_CONSUME_CHECK_CONSUMER) timestamp=5872 ms, used_size=4087808 bytes (10.0%)
(RDMA_READ_CONSUME_CHECK_CONSUMER) timestamp=5872 ms, used_size=4085760 bytes (10.0%)
(RDMA_READ_CONSUME_CHECK_CONSUMER) timestamp=5872 ms, used_size=4083712 bytes (10.0%)
(RDMA_READ_CONSUME_CHECK_CONSUMER) timestamp=5872 ms, used_size=4081664 bytes (10.0%)
(RDMA_READ_CONSUME_CHECK_CONSUMER) timestamp=5872 ms, used_size=4079616 bytes (10.0%)
(RDMA_READ_CONSUME_CHECK_CONSUMER) timestamp=5872 ms, used_size=4077568 bytes (10.0%)
(RDMA_READ_CONSUME_CHECK_CONSUMER) timestamp=5872 ms, used_size=4075520 bytes (9.9%)
(RDMA_READ_CONSUME_CHECK_CONSUMER) timestamp=5872 ms, used_size=4073472 bytes (9.9%)
(RDMA_READ_CONSUME_CHECK_CONSUMER) timestamp=5872 ms, used_size=4071424 bytes (9.9%)
(RDMA_READ_CONSUME_CHECK_CONSUMER) timestamp=5872 ms, used_size=4069376 bytes (9.9%)
(RDMA_READ_CONSUME_CHECK_CONSUMER) timestamp=5872 ms, used_size=4067328 bytes (9.9%)
(RDMA_READ_CONSUME_CHECK_CONSUMER) timestamp=5872 ms, used_size=4065280 bytes (9.9%)
(RDMA_READ_CONSUME_CHECK_CONSUMER) timestamp=5872 ms, used_size=4063232 bytes (9.9%)
(RDMA_READ_CONSUME_CHECK_CONSUMER) timestamp=5872 ms, used_size=4061184 bytes (9.9%)
(RDMA_READ_CONSUME_CHECK_CONSUMER) timestamp=5872 ms, used_size=4059136 bytes (9.9%)
(RDMA_READ_CONSUME_CHECK_CONSUMER) timestamp=5872 ms, used_size=4057088 bytes (9.9%)
(RDMA_READ_CONSUME_CHECK_CONSUMER) timestamp=5872 ms, used_size=4055040 bytes (9.9%)
(RDMA_READ_CONSUME_CHECK_CONSUMER) timestamp=5872 ms, used_size=4052992 bytes (9.9%)
(RDMA_READ_CONSUME_CHECK_CONSUMER) timestamp=5872 ms, used_size=4050944 bytes (9.9%)
(RDMA_READ_CONSUME_CHECK_CONSUMER) timestamp=5872 ms, used_size=4048896 bytes (9.9%)
(RDMA_READ_CONSUME_CHECK_CONSUMER) timestamp=5872 ms, used_size=4046848 bytes (9.9%)
(RDMA_READ_CONSUME_CHECK_CONSUMER) timestamp=5872 ms, used_size=4044800 bytes (9.9%)
(RDMA_READ_CONSUME_CHECK_CONSUMER) timestamp=5872 ms, used_size=4042752 bytes (9.9%)
(RDMA_READ_CONSUME_CHECK_CONSUMER) timestamp=5872 ms, used_size=4040704 bytes (9.9%)
(RDMA_READ_CONSUME_CHECK_CONSUMER) timestamp=5872 ms, used_size=4038656 bytes (9.9%)
(RDMA_READ_CONSUME_CHECK_CONSUMER) timestamp=5872 ms, used_size=4036608 bytes (9.9%)
(RDMA_READ_CONSUME_CHECK_CONSUMER) timestamp=5872 ms, used_size=4034560 bytes (9.8%)
(RDMA_READ_CONSUME_CHECK_CONSUMER) timestamp=5872 ms, used_size=4032512 bytes (9.8%)
(RDMA_READ_CONSUME_CHECK_CONSUMER) timestamp=5872 ms, used_size=4030464 bytes (9.8%)
(RDMA_READ_CONSUME_CHECK_CONSUMER) timestamp=5872 ms, used_size=4028416 bytes (9.8%)
(RDMA_READ_CONSUME_CHECK_CONSUMER) timestamp=5872 ms, used_size=4026368 bytes (9.8%)
(RDMA_READ_CONSUME_CHECK_CONSUMER) timestamp=5872 ms, used_size=4024320 bytes (9.8%)
(RDMA_READ_CONSUME_CHECK_CONSUMER) timestamp=5872 ms, used_size=4022272 bytes (9.8%)
(RDMA_READ_CONSUME_CHECK_CONSUMER) timestamp=5872 ms, used_size=4020224 bytes (9.8%)
(RDMA_READ_CONSUME_CHECK_CONSUMER) timestamp=5872 ms, used_size=4018176 bytes (9.8%)
(RDMA_READ_CONSUME_CHECK_CONSUMER) timestamp=5872 ms, used_size=4016128 bytes (9.8%)
(RDMA_READ_CONSUME_CHECK_CONSUMER) timestamp=5872 ms, used_size=4014080 bytes (9.8%)
(RDMA_READ_CONSUME_CHECK_CONSUMER) timestamp=5872 ms, used_size=4012032 bytes (9.8%)
(RDMA_READ_CONSUME_CHECK_CONSUMER) timestamp=5872 ms, used_size=4009984 bytes (9.8%)
(RDMA_READ_CONSUME_CHECK_CONSUMER) timestamp=5872 ms, used_size=4007936 bytes (9.8%)
(RDMA_READ_CONSUME_CHECK_CONSUMER) timestamp=5872 ms, used_size=4005888 bytes (9.8%)
(RDMA_READ_CONSUME_CHECK_CONSUMER) timestamp=5872 ms, used_size=4003840 bytes (9.8%)
(RDMA_READ_CONSUME_CHECK_CONSUMER) timestamp=5872 ms, used_size=4001792 bytes (9.8%)
(RDMA_READ_CONSUME_CHECK_CONSUMER) timestamp=5872 ms, used_size=3999744 bytes (9.8%)
(RDMA_READ_CONSUME_CHECK_CONSUMER) timestamp=5872 ms, used_size=3997696 bytes (9.8%)
(RDMA_READ_CONSUME_CHECK_CONSUMER) timestamp=5872 ms, used_size=3995648 bytes (9.8%)
(RDMA_READ_CONSUME_CHECK_CONSUMER) timestamp=5872 ms, used_size=3993600 bytes (9.8%)
(RDMA_READ_CONSUME_CHECK_CONSUMER) timestamp=5872 ms, used_size=3991552 bytes (9.7%)
(RDMA_READ_CONSUME_CHECK_CONSUMER) timestamp=5872 ms, used_size=3989504 bytes (9.7%)
(RDMA_READ_CONSUME_CHECK_CONSUMER) timestamp=5872 ms, used_size=3987456 bytes (9.7%)
(RDMA_READ_CONSUME_CHECK_CONSUMER) timestamp=5872 ms, used_size=3985408 bytes (9.7%)
(RDMA_READ_CONSUME_CHECK_CONSUMER) timestamp=5872 ms, used_size=3983360 bytes (9.7%)
(RDMA_READ_CONSUME_CHECK_CONSUMER) timestamp=5872 ms, used_size=3981312 bytes (9.7%)
(RDMA_READ_CONSUME_CHECK_CONSUMER) timestamp=5872 ms, used_size=3979264 bytes (9.7%)
(RDMA_READ_CONSUME_CHECK_CONSUMER) timestamp=5872 ms, used_size=3977216 bytes (9.7%)
(RDMA_READ_CONSUME_CHECK_CONSUMER) timestamp=5872 ms, used_size=3975168 bytes (9.7%)
(RDMA_READ_CONSUME_CHECK_CONSUMER) timestamp=5872 ms, used_size=3973120 bytes (9.7%)
(RDMA_READ_CONSUME_CHECK_CONSUMER) timestamp=5872 ms, used_size=3971072 bytes (9.7%)
(RDMA_READ_CONSUME_CHECK_CONSUMER) timestamp=5872 ms, used_size=3969024 bytes (9.7%)
(RDMA_READ_CONSUME_CHECK_CONSUMER) timestamp=5872 ms, used_size=3966976 bytes (9.7%)
(RDMA_READ_CONSUME_CHECK_CONSUMER) timestamp=5872 ms, used_size=3964928 bytes (9.7%)
(RDMA_READ_CONSUME_CHECK_CONSUMER) timestamp=5872 ms, used_size=3962880 bytes (9.7%)
(RDMA_READ_CONSUME_CHECK_CONSUMER) timestamp=5872 ms, used_size=3960832 bytes (9.7%)
(RDMA_READ_CONSUME_CHECK_CONSUMER) timestamp=5872 ms, used_size=3958784 bytes (9.7%)
(RDMA_READ_CONSUME_CHECK_CONSUMER) timestamp=5872 ms, used_size=3956736 bytes (9.7%)
(RDMA_READ_CONSUME_CHECK_CONSUMER) timestamp=5872 ms, used_size=3954688 bytes (9.7%)
(RDMA_READ_CONSUME_CHECK_CONSUMER) timestamp=5872 ms, used_size=3952640 bytes (9.7%)
(RDMA_READ_CONSUME_CHECK_CONSUMER) timestamp=5872 ms, used_size=3950592 bytes (9.6%)
(RDMA_READ_CONSUME_CHECK_CONSUMER) timestamp=5872 ms, used_size=3948544 bytes (9.6%)
(RDMA_READ_CONSUME_CHECK_CONSUMER) timestamp=5872 ms, used_size=3946496 bytes (9.6%)
(RDMA_READ_CONSUME_CHECK_CONSUMER) timestamp=5872 ms, used_size=3944448 bytes (9.6%)
(RDMA_READ_CONSUME_CHECK_CONSUMER) timestamp=5872 ms, used_size=3942400 bytes (9.6%)
(RDMA_READ_CONSUME_CHECK_CONSUMER) timestamp=5872 ms, used_size=3940352 bytes (9.6%)
(RDMA_READ_CONSUME_CHECK_CONSUMER) timestamp=5872 ms, used_size=3938304 bytes (9.6%)
(RDMA_READ_CONSUME_CHECK_CONSUMER) timestamp=5872 ms, used_size=3936256 bytes (9.6%)
(RDMA_READ_CONSUME_CHECK_CONSUMER) timestamp=5872 ms, used_size=3934208 bytes (9.6%)
(RDMA_READ_CONSUME_CHECK_CONSUMER) timestamp=5872 ms, used_size=3932160 bytes (9.6%)
(RDMA_READ_CONSUME_CHECK_CONSUMER) timestamp=5872 ms, used_size=3930112 bytes (9.6%)
(RDMA_READ_CONSUME_CHECK_CONSUMER) timestamp=5872 ms, used_size=3928064 bytes (9.6%)
(RDMA_READ_CONSUME_CHECK_CONSUMER) timestamp=5872 ms, used_size=3926016 bytes (9.6%)
(RDMA_READ_CONSUME_CHECK_CONSUMER) timestamp=5872 ms, used_size=3923968 bytes (9.6%)
(RDMA_READ_CONSUME_CHECK_CONSUMER) timestamp=5872 ms, used_size=3921920 bytes (9.6%)
(RDMA_READ_CONSUME_CHECK_CONSUMER) timestamp=5872 ms, used_size=3919872 bytes (9.6%)
(RDMA_READ_CONSUME_CHECK_CONSUMER) timestamp=5872 ms, used_size=3917824 bytes (9.6%)
(RDMA_READ_CONSUME_CHECK_CONSUMER) timestamp=5872 ms, used_size=3915776 bytes (9.6%)
(RDMA_READ_CONSUME_CHECK_CONSUMER) timestamp=5872 ms, used_size=3913728 bytes (9.6%)
(RDMA_READ_CONSUME_CHECK_CONSUMER) timestamp=5872 ms, used_size=3911680 bytes (9.6%)
(RDMA_READ_CONSUME_CHECK_CONSUMER) timestamp=5872 ms, used_size=3909632 bytes (9.5%)
(RDMA_READ_CONSUME_CHECK_CONSUMER) timestamp=5872 ms, used_size=3907584 bytes (9.5%)
(RDMA_READ_CONSUME_CHECK_CONSUMER) timestamp=5872 ms, used_size=3905536 bytes (9.5%)
(RDMA_READ_CONSUME_CHECK_CONSUMER) timestamp=5872 ms, used_size=3903488 bytes (9.5%)
(RDMA_READ_CONSUME_CHECK_CONSUMER) timestamp=5872 ms, used_size=3901440 bytes (9.5%)
(RDMA_READ_CONSUME_CHECK_CONSUMER) timestamp=5872 ms, used_size=3899392 bytes (9.5%)
(RDMA_READ_CONSUME_CHECK_CONSUMER) timestamp=5872 ms, used_size=3897344 bytes (9.5%)
(RDMA_READ_CONSUME_CHECK_CONSUMER) timestamp=5872 ms, used_size=3895296 bytes (9.5%)
(RDMA_READ_CONSUME_CHECK_CONSUMER) timestamp=5872 ms, used_size=3893248 bytes (9.5%)
(RDMA_READ_CONSUME_CHECK_CONSUMER) timestamp=5872 ms, used_size=3891200 bytes (9.5%)
(RDMA_READ_CONSUME_CHECK_CONSUMER) timestamp=5872 ms, used_size=3889152 bytes (9.5%)
(RDMA_READ_CONSUME_CHECK_CONSUMER) timestamp=5872 ms, used_size=3887104 bytes (9.5%)
(RDMA_READ_CONSUME_CHECK_CONSUMER) timestamp=5872 ms, used_size=3885056 bytes (9.5%)
(RDMA_READ_CONSUME_CHECK_CONSUMER) timestamp=5872 ms, used_size=3883008 bytes (9.5%)
(RDMA_READ_CONSUME_CHECK_CONSUMER) timestamp=5872 ms, used_size=3880960 bytes (9.5%)
(RDMA_READ_CONSUME_CHECK_CONSUMER) timestamp=5872 ms, used_size=3878912 bytes (9.5%)
(RDMA_READ_CONSUME_CHECK_CONSUMER) timestamp=5872 ms, used_size=3876864 bytes (9.5%)
(RDMA_READ_CONSUME_CHECK_CONSUMER) timestamp=5872 ms, used_size=3874816 bytes (9.5%)
(RDMA_READ_CONSUME_CHECK_CONSUMER) timestamp=5872 ms, used_size=3872768 bytes (9.5%)
(RDMA_READ_CONSUME_CHECK_CONSUMER) timestamp=5872 ms, used_size=3870720 bytes (9.4%)
(RDMA_READ_CONSUME_CHECK_CONSUMER) timestamp=5872 ms, used_size=3868672 bytes (9.4%)
(RDMA_READ_CONSUME_CHECK_CONSUMER) timestamp=5872 ms, used_size=3866624 bytes (9.4%)
(RDMA_READ_CONSUME_CHECK_CONSUMER) timestamp=5872 ms, used_size=3864576 bytes (9.4%)
(RDMA_READ_CONSUME_CHECK_CONSUMER) timestamp=5872 ms, used_size=3862528 bytes (9.4%)
(RDMA_READ_CONSUME_CHECK_CONSUMER) timestamp=5872 ms, used_size=3860480 bytes (9.4%)
(RDMA_READ_CONSUME_CHECK_CONSUMER) timestamp=5872 ms, used_size=3858432 bytes (9.4%)
(RDMA_READ_CONSUME_CHECK_CONSUMER) timestamp=5872 ms, used_size=3856384 bytes (9.4%)
(RDMA_READ_CONSUME_CHECK_CONSUMER) timestamp=5872 ms, used_size=3854336 bytes (9.4%)
(RDMA_READ_CONSUME_CHECK_CONSUMER) timestamp=5872 ms, used_size=3852288 bytes (9.4%)
(RDMA_READ_CONSUME_CHECK_CONSUMER) timestamp=5872 ms, used_size=3850240 bytes (9.4%)
(RDMA_READ_CONSUME_CHECK_CONSUMER) timestamp=5872 ms, used_size=3848192 bytes (9.4%)
(RDMA_READ_CONSUME_CHECK_CONSUMER) timestamp=5872 ms, used_size=3846144 bytes (9.4%)
(RDMA_READ_CONSUME_CHECK_CONSUMER) timestamp=5872 ms, used_size=3844096 bytes (9.4%)
(RDMA_READ_CONSUME_CHECK_CONSUMER) timestamp=5872 ms, used_size=3842048 bytes (9.4%)
(RDMA_READ_CONSUME_CHECK_CONSUMER) timestamp=5873 ms, used_size=3840000 bytes (9.4%)
(RDMA_READ_CONSUME_CHECK_CONSUMER) timestamp=5873 ms, used_size=3837952 bytes (9.4%)
(RDMA_READ_CONSUME_CHECK_CONSUMER) timestamp=5873 ms, used_size=3835904 bytes (9.4%)
(RDMA_READ_CONSUME_CHECK_CONSUMER) timestamp=5873 ms, used_size=3833856 bytes (9.4%)
(RDMA_READ_CONSUME_CHECK_CONSUMER) timestamp=5873 ms, used_size=3831808 bytes (9.4%)
(RDMA_READ_CONSUME_CHECK_CONSUMER) timestamp=5873 ms, used_size=3829760 bytes (9.3%)
(RDMA_READ_CONSUME_CHECK_CONSUMER) timestamp=5873 ms, used_size=3827712 bytes (9.3%)
(RDMA_READ_CONSUME_CHECK_CONSUMER) timestamp=5873 ms, used_size=3825664 bytes (9.3%)
(RDMA_READ_CONSUME_CHECK_CONSUMER) timestamp=5873 ms, used_size=3823616 bytes (9.3%)
(RDMA_READ_CONSUME_CHECK_CONSUMER) timestamp=5873 ms, used_size=3821568 bytes (9.3%)
(RDMA_READ_CONSUME_CHECK_CONSUMER) timestamp=5873 ms, used_size=3819520 bytes (9.3%)
(RDMA_READ_CONSUME_CHECK_CONSUMER) timestamp=5873 ms, used_size=3817472 bytes (9.3%)
(RDMA_READ_CONSUME_CHECK_CONSUMER) timestamp=5873 ms, used_size=3815424 bytes (9.3%)
(RDMA_READ_CONSUME_CHECK_CONSUMER) timestamp=5873 ms, used_size=3813376 bytes (9.3%)
(RDMA_READ_CONSUME_CHECK_CONSUMER) timestamp=5873 ms, used_size=3811328 bytes (9.3%)
(RDMA_READ_CONSUME_CHECK_CONSUMER) timestamp=5873 ms, used_size=3809280 bytes (9.3%)
(RDMA_READ_CONSUME_CHECK_CONSUMER) timestamp=5873 ms, used_size=3807232 bytes (9.3%)
(RDMA_READ_CONSUME_CHECK_CONSUMER) timestamp=5873 ms, used_size=3805184 bytes (9.3%)
(RDMA_READ_CONSUME_CHECK_CONSUMER) timestamp=5873 ms, used_size=3803136 bytes (9.3%)
(RDMA_READ_CONSUME_CHECK_CONSUMER) timestamp=5873 ms, used_size=3801088 bytes (9.3%)
(RDMA_READ_CONSUME_CHECK_CONSUMER) timestamp=5873 ms, used_size=3799040 bytes (9.3%)
(RDMA_READ_CONSUME_CHECK_CONSUMER) timestamp=5873 ms, used_size=3796992 bytes (9.3%)
(RDMA_READ_CONSUME_CHECK_CONSUMER) timestamp=5873 ms, used_size=3794944 bytes (9.3%)
(RDMA_READ_CONSUME_CHECK_CONSUMER) timestamp=5873 ms, used_size=3792896 bytes (9.3%)
(RDMA_READ_CONSUME_CHECK_CONSUMER) timestamp=5873 ms, used_size=3790848 bytes (9.3%)
(RDMA_READ_CONSUME_CHECK_CONSUMER) timestamp=5873 ms, used_size=3788800 bytes (9.2%)
(RDMA_READ_CONSUME_CHECK_CONSUMER) timestamp=5873 ms, used_size=3786752 bytes (9.2%)
(RDMA_READ_CONSUME_CHECK_CONSUMER) timestamp=5873 ms, used_size=3784704 bytes (9.2%)
(RDMA_READ_CONSUME_CHECK_CONSUMER) timestamp=5873 ms, used_size=3782656 bytes (9.2%)
(RDMA_READ_CONSUME_CHECK_CONSUMER) timestamp=5873 ms, used_size=3780608 bytes (9.2%)
(RDMA_READ_CONSUME_CHECK_CONSUMER) timestamp=5873 ms, used_size=3778560 bytes (9.2%)
(RDMA_READ_CONSUME_CHECK_CONSUMER) timestamp=5873 ms, used_size=3776512 bytes (9.2%)
(RDMA_READ_CONSUME_CHECK_CONSUMER) timestamp=5873 ms, used_size=3774464 bytes (9.2%)
(RDMA_READ_CONSUME_CHECK_CONSUMER) timestamp=5873 ms, used_size=3772416 bytes (9.2%)
(RDMA_READ_CONSUME_CHECK_CONSUMER) timestamp=5873 ms, used_size=3770368 bytes (9.2%)
(RDMA_READ_CONSUME_CHECK_CONSUMER) timestamp=5873 ms, used_size=3768320 bytes (9.2%)
(RDMA_READ_CONSUME_CHECK_CONSUMER) timestamp=5873 ms, used_size=3766272 bytes (9.2%)
(RDMA_READ_CONSUME_CHECK_CONSUMER) timestamp=5873 ms, used_size=3764224 bytes (9.2%)
(RDMA_READ_CONSUME_CHECK_CONSUMER) timestamp=5873 ms, used_size=3762176 bytes (9.2%)
(RDMA_READ_CONSUME_CHECK_CONSUMER) timestamp=5873 ms, used_size=3760128 bytes (9.2%)
(RDMA_READ_CONSUME_CHECK_CONSUMER) timestamp=5873 ms, used_size=3758080 bytes (9.2%)
(RDMA_READ_CONSUME_CHECK_CONSUMER) timestamp=5873 ms, used_size=3756032 bytes (9.2%)
(RDMA_READ_CONSUME_CHECK_CONSUMER) timestamp=5873 ms, used_size=3753984 bytes (9.2%)
(RDMA_READ_CONSUME_CHECK_CONSUMER) timestamp=5873 ms, used_size=3751936 bytes (9.2%)
(RDMA_READ_CONSUME_CHECK_CONSUMER) timestamp=5873 ms, used_size=3749888 bytes (9.2%)
(RDMA_READ_CONSUME_CHECK_CONSUMER) timestamp=5873 ms, used_size=3747840 bytes (9.2%)
(RDMA_READ_CONSUME_CHECK_CONSUMER) timestamp=5873 ms, used_size=3745792 bytes (9.1%)
(RDMA_READ_CONSUME_CHECK_CONSUMER) timestamp=5873 ms, used_size=3743744 bytes (9.1%)
(RDMA_READ_CONSUME_CHECK_CONSUMER) timestamp=5873 ms, used_size=3741696 bytes (9.1%)
(RDMA_READ_CONSUME_CHECK_CONSUMER) timestamp=5873 ms, used_size=3739648 bytes (9.1%)
(RDMA_READ_CONSUME_CHECK_CONSUMER) timestamp=5873 ms, used_size=3737600 bytes (9.1%)
(RDMA_READ_CONSUME_CHECK_CONSUMER) timestamp=5873 ms, used_size=3735552 bytes (9.1%)
(RDMA_READ_CONSUME_CHECK_CONSUMER) timestamp=5873 ms, used_size=3733504 bytes (9.1%)
(RDMA_READ_CONSUME_CHECK_CONSUMER) timestamp=5873 ms, used_size=3731456 bytes (9.1%)
(RDMA_READ_CONSUME_CHECK_CONSUMER) timestamp=5873 ms, used_size=3729408 bytes (9.1%)
(RDMA_READ_CONSUME_CHECK_CONSUMER) timestamp=5873 ms, used_size=3727360 bytes (9.1%)
(RDMA_READ_CONSUME_CHECK_CONSUMER) timestamp=5873 ms, used_size=3725312 bytes (9.1%)
(RDMA_READ_CONSUME_CHECK_CONSUMER) timestamp=5873 ms, used_size=3723264 bytes (9.1%)
(RDMA_READ_CONSUME_CHECK_CONSUMER) timestamp=5873 ms, used_size=3721216 bytes (9.1%)
(RDMA_READ_CONSUME_CHECK_CONSUMER) timestamp=5873 ms, used_size=3719168 bytes (9.1%)
(RDMA_READ_CONSUME_CHECK_CONSUMER) timestamp=5873 ms, used_size=3717120 bytes (9.1%)
(RDMA_READ_CONSUME_CHECK_CONSUMER) timestamp=5873 ms, used_size=3715072 bytes (9.1%)
(RDMA_READ_CONSUME_CHECK_CONSUMER) timestamp=5873 ms, used_size=3713024 bytes (9.1%)
(RDMA_READ_CONSUME_CHECK_CONSUMER) timestamp=5873 ms, used_size=3710976 bytes (9.1%)
(RDMA_READ_CONSUME_CHECK_CONSUMER) timestamp=5873 ms, used_size=3708928 bytes (9.1%)
(RDMA_READ_CONSUME_CHECK_CONSUMER) timestamp=5873 ms, used_size=3706880 bytes (9.1%)
(RDMA_READ_CONSUME_CHECK_CONSUMER) timestamp=5873 ms, used_size=3704832 bytes (9.0%)
(RDMA_READ_CONSUME_CHECK_CONSUMER) timestamp=5873 ms, used_size=3702784 bytes (9.0%)
(RDMA_READ_CONSUME_CHECK_CONSUMER) timestamp=5873 ms, used_size=3700736 bytes (9.0%)
(RDMA_READ_CONSUME_CHECK_CONSUMER) timestamp=5873 ms, used_size=3698688 bytes (9.0%)
(RDMA_READ_CONSUME_CHECK_CONSUMER) timestamp=5873 ms, used_size=3696640 bytes (9.0%)
(RDMA_READ_CONSUME_CHECK_CONSUMER) timestamp=5873 ms, used_size=3694592 bytes (9.0%)
(RDMA_READ_CONSUME_CHECK_CONSUMER) timestamp=5873 ms, used_size=3692544 bytes (9.0%)
(RDMA_READ_CONSUME_CHECK_CONSUMER) timestamp=5873 ms, used_size=3690496 bytes (9.0%)
(RDMA_READ_CONSUME_CHECK_CONSUMER) timestamp=5873 ms, used_size=3688448 bytes (9.0%)
(RDMA_READ_CONSUME_CHECK_CONSUMER) timestamp=5873 ms, used_size=3686400 bytes (9.0%)
(RDMA_READ_CONSUME_CHECK_CONSUMER) timestamp=5873 ms, used_size=3684352 bytes (9.0%)
(RDMA_READ_CONSUME_CHECK_CONSUMER) timestamp=5873 ms, used_size=3682304 bytes (9.0%)
(RDMA_READ_CONSUME_CHECK_CONSUMER) timestamp=5873 ms, used_size=3680256 bytes (9.0%)
(RDMA_READ_CONSUME_CHECK_CONSUMER) timestamp=5873 ms, used_size=3678208 bytes (9.0%)
(RDMA_READ_CONSUME_CHECK_CONSUMER) timestamp=5873 ms, used_size=3676160 bytes (9.0%)
(RDMA_READ_CONSUME_CHECK_CONSUMER) timestamp=5873 ms, used_size=3674112 bytes (9.0%)
(RDMA_READ_CONSUME_CHECK_CONSUMER) timestamp=5873 ms, used_size=3672064 bytes (9.0%)
(RDMA_READ_CONSUME_CHECK_CONSUMER) timestamp=5873 ms, used_size=3670016 bytes (9.0%)
(RDMA_READ_CONSUME_CHECK_CONSUMER) timestamp=5873 ms, used_size=3667968 bytes (9.0%)
(RDMA_READ_CONSUME_CHECK_CONSUMER) timestamp=5873 ms, used_size=3665920 bytes (8.9%)
(RDMA_READ_CONSUME_CHECK_CONSUMER) timestamp=5873 ms, used_size=3663872 bytes (8.9%)
(RDMA_READ_CONSUME_CHECK_CONSUMER) timestamp=5873 ms, used_size=3661824 bytes (8.9%)
(RDMA_READ_CONSUME_CHECK_CONSUMER) timestamp=5873 ms, used_size=3659776 bytes (8.9%)
(RDMA_READ_CONSUME_CHECK_CONSUMER) timestamp=5873 ms, used_size=3657728 bytes (8.9%)
(RDMA_READ_CONSUME_CHECK_CONSUMER) timestamp=5873 ms, used_size=3655680 bytes (8.9%)
(RDMA_READ_CONSUME_CHECK_CONSUMER) timestamp=5873 ms, used_size=3653632 bytes (8.9%)
(RDMA_READ_CONSUME_CHECK_CONSUMER) timestamp=5873 ms, used_size=3651584 bytes (8.9%)
(RDMA_READ_CONSUME_CHECK_CONSUMER) timestamp=5873 ms, used_size=3649536 bytes (8.9%)
(RDMA_READ_CONSUME_CHECK_CONSUMER) timestamp=5873 ms, used_size=3647488 bytes (8.9%)
(RDMA_READ_CONSUME_CHECK_CONSUMER) timestamp=5873 ms, used_size=3645440 bytes (8.9%)
(RDMA_READ_CONSUME_CHECK_CONSUMER) timestamp=5873 ms, used_size=3643392 bytes (8.9%)
(RDMA_READ_CONSUME_CHECK_CONSUMER) timestamp=5873 ms, used_size=3641344 bytes (8.9%)
(RDMA_READ_CONSUME_CHECK_CONSUMER) timestamp=5873 ms, used_size=3639296 bytes (8.9%)
(RDMA_READ_CONSUME_CHECK_CONSUMER) timestamp=5873 ms, used_size=3637248 bytes (8.9%)
(RDMA_READ_CONSUME_CHECK_CONSUMER) timestamp=5873 ms, used_size=3635200 bytes (8.9%)
(RDMA_READ_CONSUME_CHECK_CONSUMER) timestamp=5873 ms, used_size=3633152 bytes (8.9%)
(RDMA_READ_CONSUME_CHECK_CONSUMER) timestamp=5873 ms, used_size=3631104 bytes (8.9%)
(RDMA_READ_CONSUME_CHECK_CONSUMER) timestamp=5873 ms, used_size=3629056 bytes (8.9%)
(RDMA_READ_CONSUME_CHECK_CONSUMER) timestamp=5873 ms, used_size=3627008 bytes (8.9%)
(RDMA_READ_CONSUME_CHECK_CONSUMER) timestamp=5873 ms, used_size=3624960 bytes (8.8%)
(RDMA_READ_CONSUME_CHECK_CONSUMER) timestamp=5873 ms, used_size=3622912 bytes (8.8%)
(RDMA_READ_CONSUME_CHECK_CONSUMER) timestamp=5873 ms, used_size=3620864 bytes (8.8%)
(RDMA_READ_CONSUME_CHECK_CONSUMER) timestamp=5873 ms, used_size=3618816 bytes (8.8%)
(RDMA_READ_CONSUME_CHECK_CONSUMER) timestamp=5873 ms, used_size=3616768 bytes (8.8%)
(RDMA_READ_CONSUME_CHECK_CONSUMER) timestamp=5873 ms, used_size=3614720 bytes (8.8%)
(RDMA_READ_CONSUME_CHECK_CONSUMER) timestamp=5873 ms, used_size=3612672 bytes (8.8%)
(RDMA_READ_CONSUME_CHECK_CONSUMER) timestamp=5873 ms, used_size=3610624 bytes (8.8%)
(RDMA_READ_CONSUME_CHECK_CONSUMER) timestamp=5873 ms, used_size=3608576 bytes (8.8%)
(RDMA_READ_CONSUME_CHECK_CONSUMER) timestamp=5873 ms, used_size=3606528 bytes (8.8%)
(RDMA_READ_CONSUME_CHECK_CONSUMER) timestamp=5873 ms, used_size=3604480 bytes (8.8%)
(RDMA_READ_CONSUME_CHECK_CONSUMER) timestamp=5873 ms, used_size=3602432 bytes (8.8%)
(RDMA_READ_CONSUME_CHECK_CONSUMER) timestamp=5873 ms, used_size=3600384 bytes (8.8%)
(RDMA_READ_CONSUME_CHECK_CONSUMER) timestamp=5873 ms, used_size=3598336 bytes (8.8%)
(RDMA_READ_CONSUME_CHECK_CONSUMER) timestamp=5873 ms, used_size=3596288 bytes (8.8%)
(RDMA_READ_CONSUME_CHECK_CONSUMER) timestamp=5873 ms, used_size=3594240 bytes (8.8%)
(RDMA_READ_CONSUME_CHECK_CONSUMER) timestamp=5873 ms, used_size=3592192 bytes (8.8%)
(RDMA_READ_CONSUME_CHECK_CONSUMER) timestamp=5873 ms, used_size=3590144 bytes (8.8%)
(RDMA_READ_CONSUME_CHECK_CONSUMER) timestamp=5873 ms, used_size=3588096 bytes (8.8%)
(RDMA_READ_CONSUME_CHECK_CONSUMER) timestamp=5873 ms, used_size=3586048 bytes (8.8%)
(RDMA_READ_CONSUME_CHECK_CONSUMER) timestamp=5873 ms, used_size=3584000 bytes (8.8%)
(RDMA_READ_CONSUME_CHECK_CONSUMER) timestamp=5873 ms, used_size=3581952 bytes (8.7%)
(RDMA_READ_CONSUME_CHECK_CONSUMER) timestamp=5873 ms, used_size=3579904 bytes (8.7%)
(RDMA_READ_CONSUME_CHECK_CONSUMER) timestamp=5873 ms, used_size=3577856 bytes (8.7%)
(RDMA_READ_CONSUME_CHECK_CONSUMER) timestamp=5873 ms, used_size=3575808 bytes (8.7%)
(RDMA_READ_CONSUME_CHECK_CONSUMER) timestamp=5873 ms, used_size=3573760 bytes (8.7%)
(RDMA_READ_CONSUME_CHECK_CONSUMER) timestamp=5873 ms, used_size=3571712 bytes (8.7%)
(RDMA_READ_CONSUME_CHECK_CONSUMER) timestamp=5873 ms, used_size=3569664 bytes (8.7%)
(RDMA_READ_CONSUME_CHECK_CONSUMER) timestamp=5873 ms, used_size=3567616 bytes (8.7%)
(RDMA_READ_CONSUME_CHECK_CONSUMER) timestamp=5873 ms, used_size=3565568 bytes (8.7%)
(RDMA_READ_CONSUME_CHECK_CONSUMER) timestamp=5873 ms, used_size=3563520 bytes (8.7%)
(RDMA_READ_CONSUME_CHECK_CONSUMER) timestamp=5873 ms, used_size=3561472 bytes (8.7%)
(RDMA_READ_CONSUME_CHECK_CONSUMER) timestamp=5873 ms, used_size=3559424 bytes (8.7%)
(RDMA_READ_CONSUME_CHECK_CONSUMER) timestamp=5873 ms, used_size=3557376 bytes (8.7%)
(RDMA_READ_CONSUME_CHECK_CONSUMER) timestamp=5873 ms, used_size=3555328 bytes (8.7%)
(RDMA_READ_CONSUME_CHECK_CONSUMER) timestamp=5873 ms, used_size=3553280 bytes (8.7%)
(RDMA_READ_CONSUME_CHECK_CONSUMER) timestamp=5873 ms, used_size=3551232 bytes (8.7%)
(RDMA_READ_CONSUME_CHECK_CONSUMER) timestamp=5873 ms, used_size=3549184 bytes (8.7%)
(RDMA_READ_CONSUME_CHECK_CONSUMER) timestamp=5873 ms, used_size=3547136 bytes (8.7%)
(RDMA_READ_CONSUME_CHECK_CONSUMER) timestamp=5873 ms, used_size=3545088 bytes (8.7%)
(RDMA_READ_CONSUME_CHECK_CONSUMER) timestamp=5873 ms, used_size=3543040 bytes (8.7%)
(RDMA_READ_CONSUME_CHECK_CONSUMER) timestamp=5873 ms, used_size=3540992 bytes (8.6%)
(RDMA_READ_CONSUME_CHECK_CONSUMER) timestamp=5873 ms, used_size=3538944 bytes (8.6%)
(RDMA_READ_CONSUME_CHECK_CONSUMER) timestamp=5873 ms, used_size=3536896 bytes (8.6%)
(RDMA_READ_CONSUME_CHECK_CONSUMER) timestamp=5873 ms, used_size=3534848 bytes (8.6%)
(RDMA_READ_CONSUME_CHECK_CONSUMER) timestamp=5873 ms, used_size=3532800 bytes (8.6%)
(RDMA_READ_CONSUME_CHECK_CONSUMER) timestamp=5873 ms, used_size=3530752 bytes (8.6%)
(RDMA_READ_CONSUME_CHECK_CONSUMER) timestamp=5873 ms, used_size=3528704 bytes (8.6%)
(RDMA_READ_CONSUME_CHECK_CONSUMER) timestamp=5873 ms, used_size=3526656 bytes (8.6%)
(RDMA_READ_CONSUME_CHECK_CONSUMER) timestamp=5873 ms, used_size=3524608 bytes (8.6%)
(RDMA_READ_CONSUME_CHECK_CONSUMER) timestamp=5873 ms, used_size=3522560 bytes (8.6%)
(RDMA_READ_CONSUME_CHECK_CONSUMER) timestamp=5873 ms, used_size=3520512 bytes (8.6%)
(RDMA_READ_CONSUME_CHECK_CONSUMER) timestamp=5873 ms, used_size=3518464 bytes (8.6%)
(RDMA_READ_CONSUME_CHECK_CONSUMER) timestamp=5873 ms, used_size=3516416 bytes (8.6%)
(RDMA_READ_CONSUME_CHECK_CONSUMER) timestamp=5873 ms, used_size=3514368 bytes (8.6%)
(RDMA_READ_CONSUME_CHECK_CONSUMER) timestamp=5873 ms, used_size=3512320 bytes (8.6%)
(RDMA_READ_CONSUME_CHECK_CONSUMER) timestamp=5873 ms, used_size=3510272 bytes (8.6%)
(RDMA_READ_CONSUME_CHECK_CONSUMER) timestamp=5873 ms, used_size=3508224 bytes (8.6%)
(RDMA_READ_CONSUME_CHECK_CONSUMER) timestamp=5873 ms, used_size=3506176 bytes (8.6%)
(RDMA_READ_CONSUME_CHECK_CONSUMER) timestamp=5873 ms, used_size=3504128 bytes (8.6%)
(RDMA_READ_CONSUME_CHECK_CONSUMER) timestamp=5873 ms, used_size=3502080 bytes (8.6%)
(RDMA_READ_CONSUME_CHECK_CONSUMER) timestamp=5873 ms, used_size=3500032 bytes (8.5%)
(RDMA_READ_CONSUME_CHECK_CONSUMER) timestamp=5874 ms, used_size=3497984 bytes (8.5%)
(RDMA_READ_CONSUME_CHECK_CONSUMER) timestamp=5874 ms, used_size=3495936 bytes (8.5%)
(RDMA_READ_CONSUME_CHECK_CONSUMER) timestamp=5874 ms, used_size=3493888 bytes (8.5%)
(RDMA_READ_CONSUME_CHECK_CONSUMER) timestamp=5874 ms, used_size=3491840 bytes (8.5%)
(RDMA_READ_CONSUME_CHECK_CONSUMER) timestamp=5874 ms, used_size=3489792 bytes (8.5%)
(RDMA_READ_CONSUME_CHECK_CONSUMER) timestamp=5874 ms, used_size=3487744 bytes (8.5%)
(RDMA_READ_CONSUME_CHECK_CONSUMER) timestamp=5874 ms, used_size=3485696 bytes (8.5%)
(RDMA_READ_CONSUME_CHECK_CONSUMER) timestamp=5874 ms, used_size=3483648 bytes (8.5%)
(RDMA_READ_CONSUME_CHECK_CONSUMER) timestamp=5874 ms, used_size=3481600 bytes (8.5%)
(RDMA_READ_CONSUME_CHECK_CONSUMER) timestamp=5874 ms, used_size=3479552 bytes (8.5%)
(RDMA_READ_CONSUME_CHECK_CONSUMER) timestamp=5874 ms, used_size=3477504 bytes (8.5%)
(RDMA_READ_CONSUME_CHECK_CONSUMER) timestamp=5874 ms, used_size=3475456 bytes (8.5%)
(RDMA_READ_CONSUME_CHECK_CONSUMER) timestamp=5874 ms, used_size=3473408 bytes (8.5%)
(RDMA_READ_CONSUME_CHECK_CONSUMER) timestamp=5874 ms, used_size=3471360 bytes (8.5%)
(RDMA_READ_CONSUME_CHECK_CONSUMER) timestamp=5874 ms, used_size=3469312 bytes (8.5%)
(RDMA_READ_CONSUME_CHECK_CONSUMER) timestamp=5874 ms, used_size=3467264 bytes (8.5%)
(RDMA_READ_CONSUME_CHECK_CONSUMER) timestamp=5874 ms, used_size=3465216 bytes (8.5%)
(RDMA_READ_CONSUME_CHECK_CONSUMER) timestamp=5874 ms, used_size=3463168 bytes (8.5%)
(RDMA_READ_CONSUME_CHECK_CONSUMER) timestamp=5874 ms, used_size=3461120 bytes (8.4%)
(RDMA_READ_CONSUME_CHECK_CONSUMER) timestamp=5874 ms, used_size=3459072 bytes (8.4%)
(RDMA_READ_CONSUME_CHECK_CONSUMER) timestamp=5874 ms, used_size=3457024 bytes (8.4%)
(RDMA_READ_CONSUME_CHECK_CONSUMER) timestamp=5874 ms, used_size=3454976 bytes (8.4%)
(RDMA_READ_CONSUME_CHECK_CONSUMER) timestamp=5874 ms, used_size=3452928 bytes (8.4%)
(RDMA_READ_CONSUME_CHECK_CONSUMER) timestamp=5874 ms, used_size=3450880 bytes (8.4%)
(RDMA_READ_CONSUME_CHECK_CONSUMER) timestamp=5874 ms, used_size=3448832 bytes (8.4%)
(RDMA_READ_CONSUME_CHECK_CONSUMER) timestamp=5874 ms, used_size=3446784 bytes (8.4%)
(RDMA_READ_CONSUME_CHECK_CONSUMER) timestamp=5874 ms, used_size=3444736 bytes (8.4%)
(RDMA_READ_CONSUME_CHECK_CONSUMER) timestamp=5874 ms, used_size=3442688 bytes (8.4%)
(RDMA_READ_CONSUME_CHECK_CONSUMER) timestamp=5874 ms, used_size=3440640 bytes (8.4%)
(RDMA_READ_CONSUME_CHECK_CONSUMER) timestamp=5874 ms, used_size=3438592 bytes (8.4%)
(RDMA_READ_CONSUME_CHECK_CONSUMER) timestamp=5874 ms, used_size=3436544 bytes (8.4%)
(RDMA_READ_CONSUME_CHECK_CONSUMER) timestamp=5874 ms, used_size=3434496 bytes (8.4%)
(RDMA_READ_CONSUME_CHECK_CONSUMER) timestamp=5874 ms, used_size=3432448 bytes (8.4%)
(RDMA_READ_CONSUME_CHECK_CONSUMER) timestamp=5874 ms, used_size=3430400 bytes (8.4%)
(RDMA_READ_CONSUME_CHECK_CONSUMER) timestamp=5874 ms, used_size=3428352 bytes (8.4%)
(RDMA_READ_CONSUME_CHECK_CONSUMER) timestamp=5874 ms, used_size=3426304 bytes (8.4%)
(RDMA_READ_CONSUME_CHECK_CONSUMER) timestamp=5874 ms, used_size=3424256 bytes (8.4%)
(RDMA_READ_CONSUME_CHECK_CONSUMER) timestamp=5874 ms, used_size=3422208 bytes (8.4%)
(RDMA_READ_CONSUME_CHECK_CONSUMER) timestamp=5874 ms, used_size=3420160 bytes (8.3%)
(RDMA_READ_CONSUME_CHECK_CONSUMER) timestamp=5874 ms, used_size=3418112 bytes (8.3%)
(RDMA_READ_CONSUME_CHECK_CONSUMER) timestamp=5874 ms, used_size=3416064 bytes (8.3%)
(RDMA_READ_CONSUME_CHECK_CONSUMER) timestamp=5874 ms, used_size=3414016 bytes (8.3%)
(RDMA_READ_CONSUME_CHECK_CONSUMER) timestamp=5874 ms, used_size=3411968 bytes (8.3%)
(RDMA_READ_CONSUME_CHECK_CONSUMER) timestamp=5874 ms, used_size=3409920 bytes (8.3%)
(RDMA_READ_CONSUME_CHECK_CONSUMER) timestamp=5874 ms, used_size=3407872 bytes (8.3%)
(RDMA_READ_CONSUME_CHECK_CONSUMER) timestamp=5874 ms, used_size=3405824 bytes (8.3%)
(RDMA_READ_CONSUME_CHECK_CONSUMER) timestamp=5874 ms, used_size=3403776 bytes (8.3%)
(RDMA_READ_CONSUME_CHECK_CONSUMER) timestamp=5874 ms, used_size=3401728 bytes (8.3%)
(RDMA_READ_CONSUME_CHECK_CONSUMER) timestamp=5874 ms, used_size=3399680 bytes (8.3%)
(RDMA_READ_CONSUME_CHECK_CONSUMER) timestamp=5874 ms, used_size=3397632 bytes (8.3%)
(RDMA_READ_CONSUME_CHECK_CONSUMER) timestamp=5874 ms, used_size=3395584 bytes (8.3%)
(RDMA_READ_CONSUME_CHECK_CONSUMER) timestamp=5874 ms, used_size=3393536 bytes (8.3%)
(RDMA_READ_CONSUME_CHECK_CONSUMER) timestamp=5874 ms, used_size=3391488 bytes (8.3%)
(RDMA_READ_CONSUME_CHECK_CONSUMER) timestamp=5874 ms, used_size=3389440 bytes (8.3%)
(RDMA_READ_CONSUME_CHECK_CONSUMER) timestamp=5874 ms, used_size=3387392 bytes (8.3%)
(RDMA_READ_CONSUME_CHECK_CONSUMER) timestamp=5874 ms, used_size=3385344 bytes (8.3%)
(RDMA_READ_CONSUME_CHECK_CONSUMER) timestamp=5874 ms, used_size=3383296 bytes (8.3%)
(RDMA_READ_CONSUME_CHECK_CONSUMER) timestamp=5874 ms, used_size=3381248 bytes (8.3%)
(RDMA_READ_CONSUME_CHECK_CONSUMER) timestamp=5874 ms, used_size=3379200 bytes (8.2%)
(RDMA_READ_CONSUME_CHECK_CONSUMER) timestamp=5874 ms, used_size=3377152 bytes (8.2%)
(RDMA_READ_CONSUME_CHECK_CONSUMER) timestamp=5874 ms, used_size=3375104 bytes (8.2%)
(RDMA_READ_CONSUME_CHECK_CONSUMER) timestamp=5874 ms, used_size=3373056 bytes (8.2%)
(RDMA_READ_CONSUME_CHECK_CONSUMER) timestamp=5874 ms, used_size=3371008 bytes (8.2%)
(RDMA_READ_CONSUME_CHECK_CONSUMER) timestamp=5874 ms, used_size=3368960 bytes (8.2%)
(RDMA_READ_CONSUME_CHECK_CONSUMER) timestamp=5874 ms, used_size=3366912 bytes (8.2%)
(RDMA_READ_CONSUME_CHECK_CONSUMER) timestamp=5874 ms, used_size=3364864 bytes (8.2%)
(RDMA_READ_CONSUME_CHECK_CONSUMER) timestamp=5874 ms, used_size=3362816 bytes (8.2%)
(RDMA_READ_CONSUME_CHECK_CONSUMER) timestamp=5874 ms, used_size=3360768 bytes (8.2%)
(RDMA_READ_CONSUME_CHECK_CONSUMER) timestamp=5874 ms, used_size=3358720 bytes (8.2%)
(RDMA_READ_CONSUME_CHECK_CONSUMER) timestamp=5874 ms, used_size=3356672 bytes (8.2%)
(RDMA_READ_CONSUME_CHECK_CONSUMER) timestamp=5874 ms, used_size=3354624 bytes (8.2%)
(RDMA_READ_CONSUME_CHECK_CONSUMER) timestamp=5874 ms, used_size=3352576 bytes (8.2%)
(RDMA_READ_CONSUME_CHECK_CONSUMER) timestamp=5874 ms, used_size=3350528 bytes (8.2%)
(RDMA_READ_CONSUME_CHECK_CONSUMER) timestamp=5874 ms, used_size=3348480 bytes (8.2%)
(RDMA_READ_CONSUME_CHECK_CONSUMER) timestamp=5874 ms, used_size=3346432 bytes (8.2%)
(RDMA_READ_CONSUME_CHECK_CONSUMER) timestamp=5874 ms, used_size=3344384 bytes (8.2%)
(RDMA_READ_CONSUME_CHECK_CONSUMER) timestamp=5874 ms, used_size=3342336 bytes (8.2%)
(RDMA_READ_CONSUME_CHECK_CONSUMER) timestamp=5874 ms, used_size=3340288 bytes (8.2%)
(RDMA_READ_CONSUME_CHECK_CONSUMER) timestamp=5874 ms, used_size=3338240 bytes (8.2%)
(RDMA_READ_CONSUME_CHECK_CONSUMER) timestamp=5874 ms, used_size=3336192 bytes (8.1%)
(RDMA_READ_CONSUME_CHECK_CONSUMER) timestamp=5874 ms, used_size=3334144 bytes (8.1%)
(RDMA_READ_CONSUME_CHECK_CONSUMER) timestamp=5874 ms, used_size=3332096 bytes (8.1%)
(RDMA_READ_CONSUME_CHECK_CONSUMER) timestamp=5874 ms, used_size=3330048 bytes (8.1%)
(RDMA_READ_CONSUME_CHECK_CONSUMER) timestamp=5874 ms, used_size=3328000 bytes (8.1%)
(RDMA_READ_CONSUME_CHECK_CONSUMER) timestamp=5874 ms, used_size=3325952 bytes (8.1%)
(RDMA_READ_CONSUME_CHECK_CONSUMER) timestamp=5874 ms, used_size=3323904 bytes (8.1%)
(RDMA_READ_CONSUME_CHECK_CONSUMER) timestamp=5874 ms, used_size=3321856 bytes (8.1%)
(RDMA_READ_CONSUME_CHECK_CONSUMER) timestamp=5874 ms, used_size=3319808 bytes (8.1%)
(RDMA_READ_CONSUME_CHECK_CONSUMER) timestamp=5874 ms, used_size=3317760 bytes (8.1%)
(RDMA_READ_CONSUME_CHECK_CONSUMER) timestamp=5874 ms, used_size=3315712 bytes (8.1%)
(RDMA_READ_CONSUME_CHECK_CONSUMER) timestamp=5874 ms, used_size=3313664 bytes (8.1%)
(RDMA_READ_CONSUME_CHECK_CONSUMER) timestamp=5874 ms, used_size=3311616 bytes (8.1%)
(RDMA_READ_CONSUME_CHECK_CONSUMER) timestamp=5874 ms, used_size=3309568 bytes (8.1%)
(RDMA_READ_CONSUME_CHECK_CONSUMER) timestamp=5874 ms, used_size=3307520 bytes (8.1%)
(RDMA_READ_CONSUME_CHECK_CONSUMER) timestamp=5874 ms, used_size=3305472 bytes (8.1%)
(RDMA_READ_CONSUME_CHECK_CONSUMER) timestamp=5874 ms, used_size=3303424 bytes (8.1%)
(RDMA_READ_CONSUME_CHECK_CONSUMER) timestamp=5874 ms, used_size=3301376 bytes (8.1%)
(RDMA_READ_CONSUME_CHECK_CONSUMER) timestamp=5874 ms, used_size=3299328 bytes (8.1%)
(RDMA_READ_CONSUME_CHECK_CONSUMER) timestamp=5874 ms, used_size=3297280 bytes (8.1%)
(RDMA_READ_CONSUME_CHECK_CONSUMER) timestamp=5874 ms, used_size=3295232 bytes (8.0%)
(RDMA_READ_CONSUME_CHECK_CONSUMER) timestamp=5874 ms, used_size=3293184 bytes (8.0%)
(RDMA_READ_CONSUME_CHECK_CONSUMER) timestamp=5874 ms, used_size=3291136 bytes (8.0%)
(RDMA_READ_CONSUME_CHECK_CONSUMER) timestamp=5874 ms, used_size=3289088 bytes (8.0%)
(RDMA_READ_CONSUME_CHECK_CONSUMER) timestamp=5874 ms, used_size=3287040 bytes (8.0%)
(RDMA_READ_CONSUME_CHECK_CONSUMER) timestamp=5874 ms, used_size=3284992 bytes (8.0%)
(RDMA_READ_CONSUME_CHECK_CONSUMER) timestamp=5874 ms, used_size=3282944 bytes (8.0%)
(RDMA_READ_CONSUME_CHECK_CONSUMER) timestamp=5874 ms, used_size=3280896 bytes (8.0%)
(RDMA_READ_CONSUME_CHECK_CONSUMER) timestamp=5874 ms, used_size=3278848 bytes (8.0%)
(RDMA_READ_CONSUME_CHECK_CONSUMER) timestamp=5874 ms, used_size=3276800 bytes (8.0%)
(RDMA_READ_CONSUME_CHECK_CONSUMER) timestamp=5874 ms, used_size=3274752 bytes (8.0%)
(RDMA_READ_CONSUME_CHECK_CONSUMER) timestamp=5874 ms, used_size=3272704 bytes (8.0%)
(RDMA_READ_CONSUME_CHECK_CONSUMER) timestamp=5874 ms, used_size=3270656 bytes (8.0%)
(RDMA_READ_CONSUME_CHECK_CONSUMER) timestamp=5874 ms, used_size=3268608 bytes (8.0%)
(RDMA_READ_CONSUME_CHECK_CONSUMER) timestamp=5874 ms, used_size=3266560 bytes (8.0%)
(RDMA_READ_CONSUME_CHECK_CONSUMER) timestamp=5874 ms, used_size=3264512 bytes (8.0%)
(RDMA_READ_CONSUME_CHECK_CONSUMER) timestamp=5874 ms, used_size=3262464 bytes (8.0%)
(RDMA_READ_CONSUME_CHECK_CONSUMER) timestamp=5874 ms, used_size=3260416 bytes (8.0%)
(RDMA_READ_CONSUME_CHECK_CONSUMER) timestamp=5874 ms, used_size=3258368 bytes (8.0%)
(RDMA_READ_CONSUME_CHECK_CONSUMER) timestamp=5874 ms, used_size=3256320 bytes (8.0%)
(RDMA_READ_CONSUME_CHECK_CONSUMER) timestamp=5874 ms, used_size=3254272 bytes (7.9%)
(RDMA_READ_CONSUME_CHECK_CONSUMER) timestamp=5874 ms, used_size=3252224 bytes (7.9%)
(RDMA_READ_CONSUME_CHECK_CONSUMER) timestamp=5874 ms, used_size=3250176 bytes (7.9%)
(RDMA_READ_CONSUME_CHECK_CONSUMER) timestamp=5874 ms, used_size=3248128 bytes (7.9%)
(RDMA_READ_CONSUME_CHECK_CONSUMER) timestamp=5874 ms, used_size=3246080 bytes (7.9%)
(RDMA_READ_CONSUME_CHECK_CONSUMER) timestamp=5874 ms, used_size=3244032 bytes (7.9%)
(RDMA_READ_CONSUME_CHECK_CONSUMER) timestamp=5874 ms, used_size=3241984 bytes (7.9%)
(RDMA_READ_CONSUME_CHECK_CONSUMER) timestamp=5874 ms, used_size=3239936 bytes (7.9%)
(RDMA_READ_CONSUME_CHECK_CONSUMER) timestamp=5874 ms, used_size=3237888 bytes (7.9%)
(RDMA_READ_CONSUME_CHECK_CONSUMER) timestamp=5874 ms, used_size=3235840 bytes (7.9%)
(RDMA_READ_CONSUME_CHECK_CONSUMER) timestamp=5874 ms, used_size=3233792 bytes (7.9%)
(RDMA_READ_CONSUME_CHECK_CONSUMER) timestamp=5874 ms, used_size=3231744 bytes (7.9%)
(RDMA_READ_CONSUME_CHECK_CONSUMER) timestamp=5874 ms, used_size=3229696 bytes (7.9%)
(RDMA_READ_CONSUME_CHECK_CONSUMER) timestamp=5874 ms, used_size=3227648 bytes (7.9%)
(RDMA_READ_CONSUME_CHECK_CONSUMER) timestamp=5874 ms, used_size=3225600 bytes (7.9%)
(RDMA_READ_CONSUME_CHECK_CONSUMER) timestamp=5874 ms, used_size=3223552 bytes (7.9%)
(RDMA_READ_CONSUME_CHECK_CONSUMER) timestamp=5874 ms, used_size=3221504 bytes (7.9%)
(RDMA_READ_CONSUME_CHECK_CONSUMER) timestamp=5874 ms, used_size=3219456 bytes (7.9%)
(RDMA_READ_CONSUME_CHECK_CONSUMER) timestamp=5874 ms, used_size=3217408 bytes (7.9%)
(RDMA_READ_CONSUME_CHECK_CONSUMER) timestamp=5874 ms, used_size=3215360 bytes (7.8%)
(RDMA_READ_CONSUME_CHECK_CONSUMER) timestamp=5874 ms, used_size=3213312 bytes (7.8%)
(RDMA_READ_CONSUME_CHECK_CONSUMER) timestamp=5874 ms, used_size=3211264 bytes (7.8%)
(RDMA_READ_CONSUME_CHECK_CONSUMER) timestamp=5874 ms, used_size=3209216 bytes (7.8%)
(RDMA_READ_CONSUME_CHECK_CONSUMER) timestamp=5874 ms, used_size=3207168 bytes (7.8%)
(RDMA_READ_CONSUME_CHECK_CONSUMER) timestamp=5874 ms, used_size=3205120 bytes (7.8%)
(RDMA_READ_CONSUME_CHECK_CONSUMER) timestamp=5874 ms, used_size=3203072 bytes (7.8%)
(RDMA_READ_CONSUME_CHECK_CONSUMER) timestamp=5874 ms, used_size=3201024 bytes (7.8%)
(RDMA_READ_CONSUME_CHECK_CONSUMER) timestamp=5874 ms, used_size=3198976 bytes (7.8%)
(RDMA_READ_CONSUME_CHECK_CONSUMER) timestamp=5874 ms, used_size=3196928 bytes (7.8%)
(RDMA_READ_CONSUME_CHECK_CONSUMER) timestamp=5874 ms, used_size=3194880 bytes (7.8%)
(RDMA_READ_CONSUME_CHECK_CONSUMER) timestamp=5874 ms, used_size=3192832 bytes (7.8%)
(RDMA_READ_CONSUME_CHECK_CONSUMER) timestamp=5874 ms, used_size=3190784 bytes (7.8%)
(RDMA_READ_CONSUME_CHECK_CONSUMER) timestamp=5874 ms, used_size=3188736 bytes (7.8%)
(RDMA_READ_CONSUME_CHECK_CONSUMER) timestamp=5874 ms, used_size=3186688 bytes (7.8%)
(RDMA_READ_CONSUME_CHECK_CONSUMER) timestamp=5874 ms, used_size=3184640 bytes (7.8%)
(RDMA_READ_CONSUME_CHECK_CONSUMER) timestamp=5874 ms, used_size=3182592 bytes (7.8%)
(RDMA_READ_CONSUME_CHECK_CONSUMER) timestamp=5874 ms, used_size=3180544 bytes (7.8%)
(RDMA_READ_CONSUME_CHECK_CONSUMER) timestamp=5874 ms, used_size=3178496 bytes (7.8%)
(RDMA_READ_CONSUME_CHECK_CONSUMER) timestamp=5874 ms, used_size=3176448 bytes (7.8%)
(RDMA_READ_CONSUME_CHECK_CONSUMER) timestamp=5874 ms, used_size=3174400 bytes (7.8%)
(RDMA_READ_CONSUME_CHECK_CONSUMER) timestamp=5874 ms, used_size=3172352 bytes (7.7%)
(RDMA_READ_CONSUME_CHECK_CONSUMER) timestamp=5874 ms, used_size=3170304 bytes (7.7%)
(RDMA_READ_CONSUME_CHECK_CONSUMER) timestamp=5874 ms, used_size=3168256 bytes (7.7%)
(RDMA_READ_CONSUME_CHECK_CONSUMER) timestamp=5874 ms, used_size=3166208 bytes (7.7%)
(RDMA_READ_CONSUME_CHECK_CONSUMER) timestamp=5874 ms, used_size=3164160 bytes (7.7%)
(RDMA_READ_CONSUME_CHECK_CONSUMER) timestamp=5874 ms, used_size=3162112 bytes (7.7%)
(RDMA_READ_CONSUME_CHECK_CONSUMER) timestamp=5874 ms, used_size=3160064 bytes (7.7%)
(RDMA_READ_CONSUME_CHECK_CONSUMER) timestamp=5874 ms, used_size=3158016 bytes (7.7%)
(RDMA_READ_CONSUME_CHECK_CONSUMER) timestamp=5874 ms, used_size=3155968 bytes (7.7%)
(RDMA_READ_CONSUME_CHECK_CONSUMER) timestamp=5875 ms, used_size=3153920 bytes (7.7%)
(RDMA_READ_CONSUME_CHECK_CONSUMER) timestamp=5875 ms, used_size=3151872 bytes (7.7%)
(RDMA_READ_CONSUME_CHECK_CONSUMER) timestamp=5875 ms, used_size=3149824 bytes (7.7%)
(RDMA_READ_CONSUME_CHECK_CONSUMER) timestamp=5875 ms, used_size=3147776 bytes (7.7%)
(RDMA_READ_CONSUME_CHECK_CONSUMER) timestamp=5875 ms, used_size=3145728 bytes (7.7%)
(RDMA_READ_CONSUME_CHECK_CONSUMER) timestamp=5875 ms, used_size=3143680 bytes (7.7%)
(RDMA_READ_CONSUME_CHECK_CONSUMER) timestamp=5875 ms, used_size=3141632 bytes (7.7%)
(RDMA_READ_CONSUME_CHECK_CONSUMER) timestamp=5875 ms, used_size=3139584 bytes (7.7%)
(RDMA_READ_CONSUME_CHECK_CONSUMER) timestamp=5875 ms, used_size=3137536 bytes (7.7%)
(RDMA_READ_CONSUME_CHECK_CONSUMER) timestamp=5875 ms, used_size=3135488 bytes (7.7%)
(RDMA_READ_CONSUME_CHECK_CONSUMER) timestamp=5875 ms, used_size=3133440 bytes (7.7%)
(RDMA_READ_CONSUME_CHECK_CONSUMER) timestamp=5875 ms, used_size=3131392 bytes (7.6%)
(RDMA_READ_CONSUME_CHECK_CONSUMER) timestamp=5875 ms, used_size=3129344 bytes (7.6%)
(RDMA_READ_CONSUME_CHECK_CONSUMER) timestamp=5875 ms, used_size=3127296 bytes (7.6%)
(RDMA_READ_CONSUME_CHECK_CONSUMER) timestamp=5875 ms, used_size=3125248 bytes (7.6%)
(RDMA_READ_CONSUME_CHECK_CONSUMER) timestamp=5875 ms, used_size=3123200 bytes (7.6%)
(RDMA_READ_CONSUME_CHECK_CONSUMER) timestamp=5875 ms, used_size=3121152 bytes (7.6%)
(RDMA_READ_CONSUME_CHECK_CONSUMER) timestamp=5875 ms, used_size=3119104 bytes (7.6%)
(RDMA_READ_CONSUME_CHECK_CONSUMER) timestamp=5875 ms, used_size=3117056 bytes (7.6%)
(RDMA_READ_CONSUME_CHECK_CONSUMER) timestamp=5875 ms, used_size=3115008 bytes (7.6%)
(RDMA_READ_CONSUME_CHECK_CONSUMER) timestamp=5875 ms, used_size=3112960 bytes (7.6%)
(RDMA_READ_CONSUME_CHECK_CONSUMER) timestamp=5875 ms, used_size=3110912 bytes (7.6%)
(RDMA_READ_CONSUME_CHECK_CONSUMER) timestamp=5875 ms, used_size=3108864 bytes (7.6%)
(RDMA_READ_CONSUME_CHECK_CONSUMER) timestamp=5875 ms, used_size=3106816 bytes (7.6%)
(RDMA_READ_CONSUME_CHECK_CONSUMER) timestamp=5875 ms, used_size=3104768 bytes (7.6%)
(RDMA_READ_CONSUME_CHECK_CONSUMER) timestamp=5875 ms, used_size=3102720 bytes (7.6%)
(RDMA_READ_CONSUME_CHECK_CONSUMER) timestamp=5875 ms, used_size=3100672 bytes (7.6%)
(RDMA_READ_CONSUME_CHECK_CONSUMER) timestamp=5875 ms, used_size=3098624 bytes (7.6%)
(RDMA_READ_CONSUME_CHECK_CONSUMER) timestamp=5875 ms, used_size=3096576 bytes (7.6%)
(RDMA_READ_CONSUME_CHECK_CONSUMER) timestamp=5875 ms, used_size=3094528 bytes (7.6%)
(RDMA_READ_CONSUME_CHECK_CONSUMER) timestamp=5875 ms, used_size=3092480 bytes (7.5%)
(RDMA_READ_CONSUME_CHECK_CONSUMER) timestamp=5875 ms, used_size=3090432 bytes (7.5%)
(RDMA_READ_CONSUME_CHECK_CONSUMER) timestamp=5875 ms, used_size=3088384 bytes (7.5%)
(RDMA_READ_CONSUME_CHECK_CONSUMER) timestamp=5875 ms, used_size=3086336 bytes (7.5%)
(RDMA_READ_CONSUME_CHECK_CONSUMER) timestamp=5875 ms, used_size=3084288 bytes (7.5%)
(RDMA_READ_CONSUME_CHECK_CONSUMER) timestamp=5875 ms, used_size=3082240 bytes (7.5%)
(RDMA_READ_CONSUME_CHECK_CONSUMER) timestamp=5875 ms, used_size=3080192 bytes (7.5%)
(RDMA_READ_CONSUME_CHECK_CONSUMER) timestamp=5875 ms, used_size=3078144 bytes (7.5%)
(RDMA_READ_CONSUME_CHECK_CONSUMER) timestamp=5875 ms, used_size=3076096 bytes (7.5%)
(RDMA_READ_CONSUME_CHECK_CONSUMER) timestamp=5875 ms, used_size=3074048 bytes (7.5%)
(RDMA_READ_CONSUME_CHECK_CONSUMER) timestamp=5875 ms, used_size=3072000 bytes (7.5%)
(RDMA_READ_CONSUME_CHECK_CONSUMER) timestamp=5875 ms, used_size=3069952 bytes (7.5%)
(RDMA_READ_CONSUME_CHECK_CONSUMER) timestamp=5875 ms, used_size=3067904 bytes (7.5%)
(RDMA_READ_CONSUME_CHECK_CONSUMER) timestamp=5875 ms, used_size=3065856 bytes (7.5%)
(RDMA_READ_CONSUME_CHECK_CONSUMER) timestamp=5875 ms, used_size=3063808 bytes (7.5%)
(RDMA_READ_CONSUME_CHECK_CONSUMER) timestamp=5875 ms, used_size=3061760 bytes (7.5%)
(RDMA_READ_CONSUME_CHECK_CONSUMER) timestamp=5875 ms, used_size=3059712 bytes (7.5%)
(RDMA_READ_CONSUME_CHECK_CONSUMER) timestamp=5875 ms, used_size=3057664 bytes (7.5%)
(RDMA_READ_CONSUME_CHECK_CONSUMER) timestamp=5875 ms, used_size=3055616 bytes (7.5%)
(RDMA_READ_CONSUME_CHECK_CONSUMER) timestamp=5875 ms, used_size=3053568 bytes (7.5%)
(RDMA_READ_CONSUME_CHECK_CONSUMER) timestamp=5875 ms, used_size=3051520 bytes (7.5%)
(RDMA_READ_CONSUME_CHECK_CONSUMER) timestamp=5875 ms, used_size=3049472 bytes (7.4%)
(RDMA_READ_CONSUME_CHECK_CONSUMER) timestamp=5875 ms, used_size=3047424 bytes (7.4%)
(RDMA_READ_CONSUME_CHECK_CONSUMER) timestamp=5875 ms, used_size=3045376 bytes (7.4%)
(RDMA_READ_CONSUME_CHECK_CONSUMER) timestamp=5875 ms, used_size=3043328 bytes (7.4%)
(RDMA_READ_CONSUME_CHECK_CONSUMER) timestamp=5875 ms, used_size=3041280 bytes (7.4%)
(RDMA_READ_CONSUME_CHECK_CONSUMER) timestamp=5875 ms, used_size=3039232 bytes (7.4%)
(RDMA_READ_CONSUME_CHECK_CONSUMER) timestamp=5875 ms, used_size=3037184 bytes (7.4%)
(RDMA_READ_CONSUME_CHECK_CONSUMER) timestamp=5875 ms, used_size=3035136 bytes (7.4%)
(RDMA_READ_CONSUME_CHECK_CONSUMER) timestamp=5875 ms, used_size=3033088 bytes (7.4%)
(RDMA_READ_CONSUME_CHECK_CONSUMER) timestamp=5875 ms, used_size=3031040 bytes (7.4%)
(RDMA_READ_CONSUME_CHECK_CONSUMER) timestamp=5875 ms, used_size=3028992 bytes (7.4%)
(RDMA_READ_CONSUME_CHECK_CONSUMER) timestamp=5875 ms, used_size=3026944 bytes (7.4%)
(RDMA_READ_CONSUME_CHECK_CONSUMER) timestamp=5875 ms, used_size=3024896 bytes (7.4%)
(RDMA_READ_CONSUME_CHECK_CONSUMER) timestamp=5875 ms, used_size=3022848 bytes (7.4%)
(RDMA_READ_CONSUME_CHECK_CONSUMER) timestamp=5875 ms, used_size=3020800 bytes (7.4%)
(RDMA_READ_CONSUME_CHECK_CONSUMER) timestamp=5875 ms, used_size=3018752 bytes (7.4%)
(RDMA_READ_CONSUME_CHECK_CONSUMER) timestamp=5875 ms, used_size=3016704 bytes (7.4%)
(RDMA_READ_CONSUME_CHECK_CONSUMER) timestamp=5875 ms, used_size=3014656 bytes (7.4%)
(RDMA_READ_CONSUME_CHECK_CONSUMER) timestamp=5875 ms, used_size=3012608 bytes (7.4%)
(RDMA_READ_CONSUME_CHECK_CONSUMER) timestamp=5875 ms, used_size=3010560 bytes (7.3%)
(RDMA_READ_CONSUME_CHECK_CONSUMER) timestamp=5875 ms, used_size=3008512 bytes (7.3%)
(RDMA_READ_CONSUME_CHECK_CONSUMER) timestamp=5875 ms, used_size=3006464 bytes (7.3%)
(RDMA_READ_CONSUME_CHECK_CONSUMER) timestamp=5875 ms, used_size=3004416 bytes (7.3%)
(RDMA_READ_CONSUME_CHECK_CONSUMER) timestamp=5875 ms, used_size=3002368 bytes (7.3%)
(RDMA_READ_CONSUME_CHECK_CONSUMER) timestamp=5875 ms, used_size=3000320 bytes (7.3%)
(RDMA_READ_CONSUME_CHECK_CONSUMER) timestamp=5875 ms, used_size=2998272 bytes (7.3%)
(RDMA_READ_CONSUME_CHECK_CONSUMER) timestamp=5875 ms, used_size=2996224 bytes (7.3%)
(RDMA_READ_CONSUME_CHECK_CONSUMER) timestamp=5875 ms, used_size=2994176 bytes (7.3%)
(RDMA_READ_CONSUME_CHECK_CONSUMER) timestamp=5875 ms, used_size=2992128 bytes (7.3%)
(RDMA_READ_CONSUME_CHECK_CONSUMER) timestamp=5875 ms, used_size=2990080 bytes (7.3%)
(RDMA_READ_CONSUME_CHECK_CONSUMER) timestamp=5875 ms, used_size=2988032 bytes (7.3%)
(RDMA_READ_CONSUME_CHECK_CONSUMER) timestamp=5875 ms, used_size=2985984 bytes (7.3%)
(RDMA_READ_CONSUME_CHECK_CONSUMER) timestamp=5875 ms, used_size=2983936 bytes (7.3%)
(RDMA_READ_CONSUME_CHECK_CONSUMER) timestamp=5875 ms, used_size=2981888 bytes (7.3%)
(RDMA_READ_CONSUME_CHECK_CONSUMER) timestamp=5875 ms, used_size=2979840 bytes (7.3%)
(RDMA_READ_CONSUME_CHECK_CONSUMER) timestamp=5875 ms, used_size=2977792 bytes (7.3%)
(RDMA_READ_CONSUME_CHECK_CONSUMER) timestamp=5875 ms, used_size=2975744 bytes (7.3%)
(RDMA_READ_CONSUME_CHECK_CONSUMER) timestamp=5875 ms, used_size=2973696 bytes (7.3%)
(RDMA_READ_CONSUME_CHECK_CONSUMER) timestamp=5875 ms, used_size=2971648 bytes (7.3%)
(RDMA_READ_CONSUME_CHECK_CONSUMER) timestamp=5875 ms, used_size=2969600 bytes (7.2%)
(RDMA_READ_CONSUME_CHECK_CONSUMER) timestamp=5875 ms, used_size=2967552 bytes (7.2%)
(RDMA_READ_CONSUME_CHECK_CONSUMER) timestamp=5875 ms, used_size=2965504 bytes (7.2%)
(RDMA_READ_CONSUME_CHECK_CONSUMER) timestamp=5875 ms, used_size=2963456 bytes (7.2%)
(RDMA_READ_CONSUME_CHECK_CONSUMER) timestamp=5875 ms, used_size=2961408 bytes (7.2%)
(RDMA_READ_CONSUME_CHECK_CONSUMER) timestamp=5875 ms, used_size=2959360 bytes (7.2%)
(RDMA_READ_CONSUME_CHECK_CONSUMER) timestamp=5875 ms, used_size=2957312 bytes (7.2%)
(RDMA_READ_CONSUME_CHECK_CONSUMER) timestamp=5875 ms, used_size=2955264 bytes (7.2%)
(RDMA_READ_CONSUME_CHECK_CONSUMER) timestamp=5875 ms, used_size=2953216 bytes (7.2%)
(RDMA_READ_CONSUME_CHECK_CONSUMER) timestamp=5875 ms, used_size=2951168 bytes (7.2%)
(RDMA_READ_CONSUME_CHECK_CONSUMER) timestamp=5875 ms, used_size=2949120 bytes (7.2%)
(RDMA_READ_CONSUME_CHECK_CONSUMER) timestamp=5875 ms, used_size=2947072 bytes (7.2%)
(RDMA_READ_CONSUME_CHECK_CONSUMER) timestamp=5875 ms, used_size=2945024 bytes (7.2%)
(RDMA_READ_CONSUME_CHECK_CONSUMER) timestamp=5875 ms, used_size=2942976 bytes (7.2%)
(RDMA_READ_CONSUME_CHECK_CONSUMER) timestamp=5875 ms, used_size=2940928 bytes (7.2%)
(RDMA_READ_CONSUME_CHECK_CONSUMER) timestamp=5875 ms, used_size=2938880 bytes (7.2%)
(RDMA_READ_CONSUME_CHECK_CONSUMER) timestamp=5875 ms, used_size=2936832 bytes (7.2%)
(RDMA_READ_CONSUME_CHECK_CONSUMER) timestamp=5875 ms, used_size=2934784 bytes (7.2%)
(RDMA_READ_CONSUME_CHECK_CONSUMER) timestamp=5875 ms, used_size=2932736 bytes (7.2%)
(RDMA_READ_CONSUME_CHECK_CONSUMER) timestamp=5875 ms, used_size=2930688 bytes (7.2%)
(RDMA_READ_CONSUME_CHECK_CONSUMER) timestamp=5875 ms, used_size=2928640 bytes (7.2%)
(RDMA_READ_CONSUME_CHECK_CONSUMER) timestamp=5875 ms, used_size=2926592 bytes (7.1%)
(RDMA_READ_CONSUME_CHECK_CONSUMER) timestamp=5875 ms, used_size=2924544 bytes (7.1%)
(RDMA_READ_CONSUME_CHECK_CONSUMER) timestamp=5875 ms, used_size=2922496 bytes (7.1%)
(RDMA_READ_CONSUME_CHECK_CONSUMER) timestamp=5875 ms, used_size=2920448 bytes (7.1%)
(RDMA_READ_CONSUME_CHECK_CONSUMER) timestamp=5875 ms, used_size=2918400 bytes (7.1%)
(RDMA_READ_CONSUME_CHECK_CONSUMER) timestamp=5875 ms, used_size=2916352 bytes (7.1%)
(RDMA_READ_CONSUME_CHECK_CONSUMER) timestamp=5875 ms, used_size=2914304 bytes (7.1%)
(RDMA_READ_CONSUME_CHECK_CONSUMER) timestamp=5875 ms, used_size=2912256 bytes (7.1%)
(RDMA_READ_CONSUME_CHECK_CONSUMER) timestamp=5875 ms, used_size=2910208 bytes (7.1%)
(RDMA_READ_CONSUME_CHECK_CONSUMER) timestamp=5875 ms, used_size=2908160 bytes (7.1%)
(RDMA_READ_CONSUME_CHECK_CONSUMER) timestamp=5875 ms, used_size=2906112 bytes (7.1%)
(RDMA_READ_CONSUME_CHECK_CONSUMER) timestamp=5875 ms, used_size=2904064 bytes (7.1%)
(RDMA_READ_CONSUME_CHECK_CONSUMER) timestamp=5875 ms, used_size=2902016 bytes (7.1%)
(RDMA_READ_CONSUME_CHECK_CONSUMER) timestamp=5875 ms, used_size=2899968 bytes (7.1%)
(RDMA_READ_CONSUME_CHECK_CONSUMER) timestamp=5875 ms, used_size=2897920 bytes (7.1%)
(RDMA_READ_CONSUME_CHECK_CONSUMER) timestamp=5875 ms, used_size=2895872 bytes (7.1%)
(RDMA_READ_CONSUME_CHECK_CONSUMER) timestamp=5875 ms, used_size=2893824 bytes (7.1%)
(RDMA_READ_CONSUME_CHECK_CONSUMER) timestamp=5875 ms, used_size=2891776 bytes (7.1%)
(RDMA_READ_CONSUME_CHECK_CONSUMER) timestamp=5875 ms, used_size=2889728 bytes (7.1%)
(RDMA_READ_CONSUME_CHECK_CONSUMER) timestamp=5875 ms, used_size=2887680 bytes (7.0%)
(RDMA_READ_CONSUME_CHECK_CONSUMER) timestamp=5875 ms, used_size=2885632 bytes (7.0%)
(RDMA_READ_CONSUME_CHECK_CONSUMER) timestamp=5875 ms, used_size=2883584 bytes (7.0%)
(RDMA_READ_CONSUME_CHECK_CONSUMER) timestamp=5875 ms, used_size=2881536 bytes (7.0%)
(RDMA_READ_CONSUME_CHECK_CONSUMER) timestamp=5875 ms, used_size=2879488 bytes (7.0%)
(RDMA_READ_CONSUME_CHECK_CONSUMER) timestamp=5875 ms, used_size=2877440 bytes (7.0%)
(RDMA_READ_CONSUME_CHECK_CONSUMER) timestamp=5875 ms, used_size=2875392 bytes (7.0%)
(RDMA_READ_CONSUME_CHECK_CONSUMER) timestamp=5875 ms, used_size=2873344 bytes (7.0%)
(RDMA_READ_CONSUME_CHECK_CONSUMER) timestamp=5875 ms, used_size=2871296 bytes (7.0%)
(RDMA_READ_CONSUME_CHECK_CONSUMER) timestamp=5875 ms, used_size=2869248 bytes (7.0%)
(RDMA_READ_CONSUME_CHECK_CONSUMER) timestamp=5875 ms, used_size=2867200 bytes (7.0%)
(RDMA_READ_CONSUME_CHECK_CONSUMER) timestamp=5875 ms, used_size=2865152 bytes (7.0%)
(RDMA_READ_CONSUME_CHECK_CONSUMER) timestamp=5875 ms, used_size=2863104 bytes (7.0%)
(RDMA_READ_CONSUME_CHECK_CONSUMER) timestamp=5875 ms, used_size=2861056 bytes (7.0%)
(RDMA_READ_CONSUME_CHECK_CONSUMER) timestamp=5875 ms, used_size=2859008 bytes (7.0%)
(RDMA_READ_CONSUME_CHECK_CONSUMER) timestamp=5875 ms, used_size=2856960 bytes (7.0%)
(RDMA_READ_CONSUME_CHECK_CONSUMER) timestamp=5875 ms, used_size=2854912 bytes (7.0%)
(RDMA_READ_CONSUME_CHECK_CONSUMER) timestamp=5875 ms, used_size=2852864 bytes (7.0%)
(RDMA_READ_CONSUME_CHECK_CONSUMER) timestamp=5875 ms, used_size=2850816 bytes (7.0%)
(RDMA_READ_CONSUME_CHECK_CONSUMER) timestamp=5875 ms, used_size=2848768 bytes (7.0%)
(RDMA_READ_CONSUME_CHECK_CONSUMER) timestamp=5875 ms, used_size=2846720 bytes (7.0%)
(RDMA_READ_CONSUME_CHECK_CONSUMER) timestamp=5875 ms, used_size=2844672 bytes (6.9%)
(RDMA_READ_CONSUME_CHECK_CONSUMER) timestamp=5875 ms, used_size=2842624 bytes (6.9%)
(RDMA_READ_CONSUME_CHECK_CONSUMER) timestamp=5875 ms, used_size=2840576 bytes (6.9%)
(RDMA_READ_CONSUME_CHECK_CONSUMER) timestamp=5875 ms, used_size=2838528 bytes (6.9%)
(RDMA_READ_CONSUME_CHECK_CONSUMER) timestamp=5875 ms, used_size=2836480 bytes (6.9%)
(RDMA_READ_CONSUME_CHECK_CONSUMER) timestamp=5875 ms, used_size=2834432 bytes (6.9%)
(RDMA_READ_CONSUME_CHECK_CONSUMER) timestamp=5875 ms, used_size=2832384 bytes (6.9%)
(RDMA_READ_CONSUME_CHECK_CONSUMER) timestamp=5875 ms, used_size=2830336 bytes (6.9%)
(RDMA_READ_CONSUME_CHECK_CONSUMER) timestamp=5875 ms, used_size=2828288 bytes (6.9%)
(RDMA_READ_CONSUME_CHECK_CONSUMER) timestamp=5875 ms, used_size=2826240 bytes (6.9%)
(RDMA_READ_CONSUME_CHECK_CONSUMER) timestamp=5875 ms, used_size=2824192 bytes (6.9%)
(RDMA_READ_CONSUME_CHECK_CONSUMER) timestamp=5875 ms, used_size=2822144 bytes (6.9%)
(RDMA_READ_CONSUME_CHECK_CONSUMER) timestamp=5875 ms, used_size=2820096 bytes (6.9%)
(RDMA_READ_CONSUME_CHECK_CONSUMER) timestamp=5875 ms, used_size=2818048 bytes (6.9%)
(RDMA_READ_CONSUME_CHECK_CONSUMER) timestamp=5875 ms, used_size=2816000 bytes (6.9%)
(RDMA_READ_CONSUME_CHECK_CONSUMER) timestamp=5876 ms, used_size=2813952 bytes (6.9%)
(RDMA_READ_CONSUME_CHECK_CONSUMER) timestamp=5876 ms, used_size=2811904 bytes (6.9%)
(RDMA_READ_CONSUME_CHECK_CONSUMER) timestamp=5876 ms, used_size=2809856 bytes (6.9%)
(RDMA_READ_CONSUME_CHECK_CONSUMER) timestamp=5876 ms, used_size=2807808 bytes (6.9%)
(RDMA_READ_CONSUME_CHECK_CONSUMER) timestamp=5876 ms, used_size=2805760 bytes (6.8%)
(RDMA_READ_CONSUME_CHECK_CONSUMER) timestamp=5876 ms, used_size=2803712 bytes (6.8%)
(RDMA_READ_CONSUME_CHECK_CONSUMER) timestamp=5876 ms, used_size=2801664 bytes (6.8%)
(RDMA_READ_CONSUME_CHECK_CONSUMER) timestamp=5876 ms, used_size=2799616 bytes (6.8%)
(RDMA_READ_CONSUME_CHECK_CONSUMER) timestamp=5876 ms, used_size=2797568 bytes (6.8%)
(RDMA_READ_CONSUME_CHECK_CONSUMER) timestamp=5876 ms, used_size=2795520 bytes (6.8%)
(RDMA_READ_CONSUME_CHECK_CONSUMER) timestamp=5876 ms, used_size=2793472 bytes (6.8%)
(RDMA_READ_CONSUME_CHECK_CONSUMER) timestamp=5876 ms, used_size=2791424 bytes (6.8%)
(RDMA_READ_CONSUME_CHECK_CONSUMER) timestamp=5876 ms, used_size=2789376 bytes (6.8%)
(RDMA_READ_CONSUME_CHECK_CONSUMER) timestamp=5876 ms, used_size=2787328 bytes (6.8%)
(RDMA_READ_CONSUME_CHECK_CONSUMER) timestamp=5876 ms, used_size=2785280 bytes (6.8%)
(RDMA_READ_CONSUME_CHECK_CONSUMER) timestamp=5876 ms, used_size=2783232 bytes (6.8%)
(RDMA_READ_CONSUME_CHECK_CONSUMER) timestamp=5876 ms, used_size=2781184 bytes (6.8%)
(RDMA_READ_CONSUME_CHECK_CONSUMER) timestamp=5876 ms, used_size=2779136 bytes (6.8%)
(RDMA_READ_CONSUME_CHECK_CONSUMER) timestamp=5876 ms, used_size=2777088 bytes (6.8%)
(RDMA_READ_CONSUME_CHECK_CONSUMER) timestamp=5876 ms, used_size=2775040 bytes (6.8%)
(RDMA_READ_CONSUME_CHECK_CONSUMER) timestamp=5876 ms, used_size=2772992 bytes (6.8%)
(RDMA_READ_CONSUME_CHECK_CONSUMER) timestamp=5876 ms, used_size=2770944 bytes (6.8%)
(RDMA_READ_CONSUME_CHECK_CONSUMER) timestamp=5876 ms, used_size=2768896 bytes (6.8%)
(RDMA_READ_CONSUME_CHECK_CONSUMER) timestamp=5876 ms, used_size=2766848 bytes (6.8%)
(RDMA_READ_CONSUME_CHECK_CONSUMER) timestamp=5876 ms, used_size=2764800 bytes (6.8%)
(RDMA_READ_CONSUME_CHECK_CONSUMER) timestamp=5876 ms, used_size=2762752 bytes (6.7%)
(RDMA_READ_CONSUME_CHECK_CONSUMER) timestamp=5876 ms, used_size=2760704 bytes (6.7%)
(RDMA_READ_CONSUME_CHECK_CONSUMER) timestamp=5876 ms, used_size=2758656 bytes (6.7%)
(RDMA_READ_CONSUME_CHECK_CONSUMER) timestamp=5876 ms, used_size=2756608 bytes (6.7%)
(RDMA_READ_CONSUME_CHECK_CONSUMER) timestamp=5876 ms, used_size=2754560 bytes (6.7%)
(RDMA_READ_CONSUME_CHECK_CONSUMER) timestamp=5876 ms, used_size=2752512 bytes (6.7%)
(RDMA_READ_CONSUME_CHECK_CONSUMER) timestamp=5876 ms, used_size=2750464 bytes (6.7%)
(RDMA_READ_CONSUME_CHECK_CONSUMER) timestamp=5876 ms, used_size=2748416 bytes (6.7%)
(RDMA_READ_CONSUME_CHECK_CONSUMER) timestamp=5876 ms, used_size=2746368 bytes (6.7%)
(RDMA_READ_CONSUME_CHECK_CONSUMER) timestamp=5876 ms, used_size=2744320 bytes (6.7%)
(RDMA_READ_CONSUME_CHECK_CONSUMER) timestamp=5876 ms, used_size=2742272 bytes (6.7%)
(RDMA_READ_CONSUME_CHECK_CONSUMER) timestamp=5876 ms, used_size=2740224 bytes (6.7%)
(RDMA_READ_CONSUME_CHECK_CONSUMER) timestamp=5876 ms, used_size=2738176 bytes (6.7%)
(RDMA_READ_CONSUME_CHECK_CONSUMER) timestamp=5876 ms, used_size=2736128 bytes (6.7%)
(RDMA_READ_CONSUME_CHECK_CONSUMER) timestamp=5876 ms, used_size=2734080 bytes (6.7%)
(RDMA_READ_CONSUME_CHECK_CONSUMER) timestamp=5876 ms, used_size=2732032 bytes (6.7%)
(RDMA_READ_CONSUME_CHECK_CONSUMER) timestamp=5876 ms, used_size=2729984 bytes (6.7%)
(RDMA_READ_CONSUME_CHECK_CONSUMER) timestamp=5876 ms, used_size=2727936 bytes (6.7%)
(RDMA_READ_CONSUME_CHECK_CONSUMER) timestamp=5876 ms, used_size=2725888 bytes (6.7%)
(RDMA_READ_CONSUME_CHECK_CONSUMER) timestamp=5876 ms, used_size=2723840 bytes (6.7%)
(RDMA_READ_CONSUME_CHECK_CONSUMER) timestamp=5876 ms, used_size=2721792 bytes (6.6%)
(RDMA_READ_CONSUME_CHECK_CONSUMER) timestamp=5876 ms, used_size=2719744 bytes (6.6%)
(RDMA_READ_CONSUME_CHECK_CONSUMER) timestamp=5876 ms, used_size=2717696 bytes (6.6%)
(RDMA_READ_CONSUME_CHECK_CONSUMER) timestamp=5876 ms, used_size=2715648 bytes (6.6%)
(RDMA_READ_CONSUME_CHECK_CONSUMER) timestamp=5876 ms, used_size=2713600 bytes (6.6%)
(RDMA_READ_CONSUME_CHECK_CONSUMER) timestamp=5876 ms, used_size=2711552 bytes (6.6%)
(RDMA_READ_CONSUME_CHECK_CONSUMER) timestamp=5876 ms, used_size=2709504 bytes (6.6%)
(RDMA_READ_CONSUME_CHECK_CONSUMER) timestamp=5876 ms, used_size=2707456 bytes (6.6%)
(RDMA_READ_CONSUME_CHECK_CONSUMER) timestamp=5876 ms, used_size=2705408 bytes (6.6%)
(RDMA_READ_CONSUME_CHECK_CONSUMER) timestamp=5876 ms, used_size=2703360 bytes (6.6%)
(RDMA_READ_CONSUME_CHECK_CONSUMER) timestamp=5876 ms, used_size=2701312 bytes (6.6%)
(RDMA_READ_CONSUME_CHECK_CONSUMER) timestamp=5876 ms, used_size=2699264 bytes (6.6%)
(RDMA_READ_CONSUME_CHECK_CONSUMER) timestamp=5876 ms, used_size=2697216 bytes (6.6%)
(RDMA_READ_CONSUME_CHECK_CONSUMER) timestamp=5876 ms, used_size=2695168 bytes (6.6%)
(RDMA_READ_CONSUME_CHECK_CONSUMER) timestamp=5876 ms, used_size=2693120 bytes (6.6%)
(RDMA_READ_CONSUME_CHECK_CONSUMER) timestamp=5876 ms, used_size=2691072 bytes (6.6%)
(RDMA_READ_CONSUME_CHECK_CONSUMER) timestamp=5876 ms, used_size=2689024 bytes (6.6%)
(RDMA_READ_CONSUME_CHECK_CONSUMER) timestamp=5876 ms, used_size=2686976 bytes (6.6%)
(RDMA_READ_CONSUME_CHECK_CONSUMER) timestamp=5876 ms, used_size=2684928 bytes (6.6%)
(RDMA_READ_CONSUME_CHECK_CONSUMER) timestamp=5876 ms, used_size=2682880 bytes (6.5%)
(RDMA_READ_CONSUME_CHECK_CONSUMER) timestamp=5876 ms, used_size=2680832 bytes (6.5%)
(RDMA_READ_CONSUME_CHECK_CONSUMER) timestamp=5876 ms, used_size=2678784 bytes (6.5%)
(RDMA_READ_CONSUME_CHECK_CONSUMER) timestamp=5876 ms, used_size=2676736 bytes (6.5%)
(RDMA_READ_CONSUME_CHECK_CONSUMER) timestamp=5876 ms, used_size=2674688 bytes (6.5%)
(RDMA_READ_CONSUME_CHECK_CONSUMER) timestamp=5876 ms, used_size=2672640 bytes (6.5%)
(RDMA_READ_CONSUME_CHECK_CONSUMER) timestamp=5876 ms, used_size=2670592 bytes (6.5%)
(RDMA_READ_CONSUME_CHECK_CONSUMER) timestamp=5876 ms, used_size=2668544 bytes (6.5%)
(RDMA_READ_CONSUME_CHECK_CONSUMER) timestamp=5876 ms, used_size=2666496 bytes (6.5%)
(RDMA_READ_CONSUME_CHECK_CONSUMER) timestamp=5876 ms, used_size=2664448 bytes (6.5%)
(RDMA_READ_CONSUME_CHECK_CONSUMER) timestamp=5876 ms, used_size=2662400 bytes (6.5%)
(RDMA_READ_CONSUME_CHECK_CONSUMER) timestamp=5876 ms, used_size=2660352 bytes (6.5%)
(RDMA_READ_CONSUME_CHECK_CONSUMER) timestamp=5876 ms, used_size=2658304 bytes (6.5%)
(RDMA_READ_CONSUME_CHECK_CONSUMER) timestamp=5876 ms, used_size=2656256 bytes (6.5%)
(RDMA_READ_CONSUME_CHECK_CONSUMER) timestamp=5876 ms, used_size=2654208 bytes (6.5%)
(RDMA_READ_CONSUME_CHECK_CONSUMER) timestamp=5876 ms, used_size=2652160 bytes (6.5%)
(RDMA_READ_CONSUME_CHECK_CONSUMER) timestamp=5876 ms, used_size=2650112 bytes (6.5%)
(RDMA_READ_CONSUME_CHECK_CONSUMER) timestamp=5876 ms, used_size=2648064 bytes (6.5%)
(RDMA_READ_CONSUME_CHECK_CONSUMER) timestamp=5876 ms, used_size=2646016 bytes (6.5%)
(RDMA_READ_CONSUME_CHECK_CONSUMER) timestamp=5876 ms, used_size=2643968 bytes (6.5%)
(RDMA_READ_CONSUME_CHECK_CONSUMER) timestamp=5876 ms, used_size=2641920 bytes (6.5%)
(RDMA_READ_CONSUME_CHECK_CONSUMER) timestamp=5876 ms, used_size=2639872 bytes (6.4%)
(RDMA_READ_CONSUME_CHECK_CONSUMER) timestamp=5876 ms, used_size=2637824 bytes (6.4%)
(RDMA_READ_CONSUME_CHECK_CONSUMER) timestamp=5876 ms, used_size=2635776 bytes (6.4%)
(RDMA_READ_CONSUME_CHECK_CONSUMER) timestamp=5876 ms, used_size=2633728 bytes (6.4%)
(RDMA_READ_CONSUME_CHECK_CONSUMER) timestamp=5876 ms, used_size=2631680 bytes (6.4%)
(RDMA_READ_CONSUME_CHECK_CONSUMER) timestamp=5876 ms, used_size=2629632 bytes (6.4%)
(RDMA_READ_CONSUME_CHECK_CONSUMER) timestamp=5876 ms, used_size=2627584 bytes (6.4%)
(RDMA_READ_CONSUME_CHECK_CONSUMER) timestamp=5876 ms, used_size=2625536 bytes (6.4%)
(RDMA_READ_CONSUME_CHECK_CONSUMER) timestamp=5876 ms, used_size=2623488 bytes (6.4%)
(RDMA_READ_CONSUME_CHECK_CONSUMER) timestamp=5876 ms, used_size=2621440 bytes (6.4%)
(RDMA_READ_CONSUME_CHECK_CONSUMER) timestamp=5876 ms, used_size=2619392 bytes (6.4%)
(RDMA_READ_CONSUME_CHECK_CONSUMER) timestamp=5876 ms, used_size=2617344 bytes (6.4%)
(RDMA_READ_CONSUME_CHECK_CONSUMER) timestamp=5876 ms, used_size=2615296 bytes (6.4%)
(RDMA_READ_CONSUME_CHECK_CONSUMER) timestamp=5876 ms, used_size=2613248 bytes (6.4%)
(RDMA_READ_CONSUME_CHECK_CONSUMER) timestamp=5876 ms, used_size=2611200 bytes (6.4%)
(RDMA_READ_CONSUME_CHECK_CONSUMER) timestamp=5876 ms, used_size=2609152 bytes (6.4%)
(RDMA_READ_CONSUME_CHECK_CONSUMER) timestamp=5876 ms, used_size=2607104 bytes (6.4%)
(RDMA_READ_CONSUME_CHECK_CONSUMER) timestamp=5876 ms, used_size=2605056 bytes (6.4%)
(RDMA_READ_CONSUME_CHECK_CONSUMER) timestamp=5876 ms, used_size=2603008 bytes (6.4%)
(RDMA_READ_CONSUME_CHECK_CONSUMER) timestamp=5876 ms, used_size=2600960 bytes (6.3%)
(RDMA_READ_CONSUME_CHECK_CONSUMER) timestamp=5876 ms, used_size=2598912 bytes (6.3%)
(RDMA_READ_CONSUME_CHECK_CONSUMER) timestamp=5876 ms, used_size=2596864 bytes (6.3%)
(RDMA_READ_CONSUME_CHECK_CONSUMER) timestamp=5876 ms, used_size=2594816 bytes (6.3%)
(RDMA_READ_CONSUME_CHECK_CONSUMER) timestamp=5876 ms, used_size=2592768 bytes (6.3%)
(RDMA_READ_CONSUME_CHECK_CONSUMER) timestamp=5876 ms, used_size=2590720 bytes (6.3%)
(RDMA_READ_CONSUME_CHECK_CONSUMER) timestamp=5876 ms, used_size=2588672 bytes (6.3%)
(RDMA_READ_CONSUME_CHECK_CONSUMER) timestamp=5876 ms, used_size=2586624 bytes (6.3%)
(RDMA_READ_CONSUME_CHECK_CONSUMER) timestamp=5876 ms, used_size=2584576 bytes (6.3%)
(RDMA_READ_CONSUME_CHECK_CONSUMER) timestamp=5876 ms, used_size=2582528 bytes (6.3%)
(RDMA_READ_CONSUME_CHECK_CONSUMER) timestamp=5876 ms, used_size=2580480 bytes (6.3%)
(RDMA_READ_CONSUME_CHECK_CONSUMER) timestamp=5876 ms, used_size=2578432 bytes (6.3%)
(RDMA_READ_CONSUME_CHECK_CONSUMER) timestamp=5876 ms, used_size=2576384 bytes (6.3%)
(RDMA_READ_CONSUME_CHECK_CONSUMER) timestamp=5876 ms, used_size=2574336 bytes (6.3%)
(RDMA_READ_CONSUME_CHECK_CONSUMER) timestamp=5876 ms, used_size=2572288 bytes (6.3%)
(RDMA_READ_CONSUME_CHECK_CONSUMER) timestamp=5876 ms, used_size=2570240 bytes (6.3%)
(RDMA_READ_CONSUME_CHECK_CONSUMER) timestamp=5876 ms, used_size=2568192 bytes (6.3%)
(RDMA_READ_CONSUME_CHECK_CONSUMER) timestamp=5876 ms, used_size=2566144 bytes (6.3%)
(RDMA_READ_CONSUME_CHECK_CONSUMER) timestamp=5876 ms, used_size=2564096 bytes (6.3%)
(RDMA_READ_CONSUME_CHECK_CONSUMER) timestamp=5876 ms, used_size=2562048 bytes (6.3%)
(RDMA_READ_CONSUME_CHECK_CONSUMER) timestamp=5876 ms, used_size=2560000 bytes (6.2%)
(RDMA_READ_CONSUME_CHECK_CONSUMER) timestamp=5876 ms, used_size=2557952 bytes (6.2%)
(RDMA_READ_CONSUME_CHECK_CONSUMER) timestamp=5876 ms, used_size=2555904 bytes (6.2%)
(RDMA_READ_CONSUME_CHECK_CONSUMER) timestamp=5876 ms, used_size=2553856 bytes (6.2%)
(RDMA_READ_CONSUME_CHECK_CONSUMER) timestamp=5876 ms, used_size=2551808 bytes (6.2%)
(RDMA_READ_CONSUME_CHECK_CONSUMER) timestamp=5876 ms, used_size=2549760 bytes (6.2%)
(RDMA_READ_CONSUME_CHECK_CONSUMER) timestamp=5876 ms, used_size=2547712 bytes (6.2%)
(RDMA_READ_CONSUME_CHECK_CONSUMER) timestamp=5876 ms, used_size=2545664 bytes (6.2%)
(RDMA_READ_CONSUME_CHECK_CONSUMER) timestamp=5876 ms, used_size=2543616 bytes (6.2%)
(RDMA_READ_CONSUME_CHECK_CONSUMER) timestamp=5876 ms, used_size=2541568 bytes (6.2%)
(RDMA_READ_CONSUME_CHECK_CONSUMER) timestamp=5876 ms, used_size=2539520 bytes (6.2%)
(RDMA_READ_CONSUME_CHECK_CONSUMER) timestamp=5876 ms, used_size=2537472 bytes (6.2%)
(RDMA_READ_CONSUME_CHECK_CONSUMER) timestamp=5876 ms, used_size=2535424 bytes (6.2%)
(RDMA_READ_CONSUME_CHECK_CONSUMER) timestamp=5876 ms, used_size=2533376 bytes (6.2%)
(RDMA_READ_CONSUME_CHECK_CONSUMER) timestamp=5876 ms, used_size=2531328 bytes (6.2%)
(RDMA_READ_CONSUME_CHECK_CONSUMER) timestamp=5876 ms, used_size=2529280 bytes (6.2%)
(RDMA_READ_CONSUME_CHECK_CONSUMER) timestamp=5876 ms, used_size=2527232 bytes (6.2%)
(RDMA_READ_CONSUME_CHECK_CONSUMER) timestamp=5876 ms, used_size=2525184 bytes (6.2%)
(RDMA_READ_CONSUME_CHECK_CONSUMER) timestamp=5876 ms, used_size=2523136 bytes (6.2%)
(RDMA_READ_CONSUME_CHECK_CONSUMER) timestamp=5876 ms, used_size=2521088 bytes (6.2%)
(RDMA_READ_CONSUME_CHECK_CONSUMER) timestamp=5876 ms, used_size=2519040 bytes (6.2%)
(RDMA_READ_CONSUME_CHECK_CONSUMER) timestamp=5876 ms, used_size=2516992 bytes (6.1%)
(RDMA_READ_CONSUME_CHECK_CONSUMER) timestamp=5876 ms, used_size=2514944 bytes (6.1%)
(RDMA_READ_CONSUME_CHECK_CONSUMER) timestamp=5876 ms, used_size=2512896 bytes (6.1%)
(RDMA_READ_CONSUME_CHECK_CONSUMER) timestamp=5876 ms, used_size=2510848 bytes (6.1%)
(RDMA_READ_CONSUME_CHECK_CONSUMER) timestamp=5876 ms, used_size=2508800 bytes (6.1%)
(RDMA_READ_CONSUME_CHECK_CONSUMER) timestamp=5876 ms, used_size=2506752 bytes (6.1%)
(RDMA_READ_CONSUME_CHECK_CONSUMER) timestamp=5876 ms, used_size=2504704 bytes (6.1%)
(RDMA_READ_CONSUME_CHECK_CONSUMER) timestamp=5876 ms, used_size=2502656 bytes (6.1%)
(RDMA_READ_CONSUME_CHECK_CONSUMER) timestamp=5876 ms, used_size=2500608 bytes (6.1%)
(RDMA_READ_CONSUME_CHECK_CONSUMER) timestamp=5876 ms, used_size=2498560 bytes (6.1%)
(RDMA_READ_CONSUME_CHECK_CONSUMER) timestamp=5876 ms, used_size=2496512 bytes (6.1%)
(RDMA_READ_CONSUME_CHECK_CONSUMER) timestamp=5876 ms, used_size=2494464 bytes (6.1%)
(RDMA_READ_CONSUME_CHECK_CONSUMER) timestamp=5876 ms, used_size=2492416 bytes (6.1%)
(RDMA_READ_CONSUME_CHECK_CONSUMER) timestamp=5876 ms, used_size=2490368 bytes (6.1%)
(RDMA_READ_CONSUME_CHECK_CONSUMER) timestamp=5876 ms, used_size=2488320 bytes (6.1%)
(RDMA_READ_CONSUME_CHECK_CONSUMER) timestamp=5876 ms, used_size=2486272 bytes (6.1%)
(RDMA_READ_CONSUME_CHECK_CONSUMER) timestamp=5876 ms, used_size=2484224 bytes (6.1%)
(RDMA_READ_CONSUME_CHECK_CONSUMER) timestamp=5876 ms, used_size=2482176 bytes (6.1%)
(RDMA_READ_CONSUME_CHECK_CONSUMER) timestamp=5876 ms, used_size=2480128 bytes (6.1%)
(RDMA_READ_CONSUME_CHECK_CONSUMER) timestamp=5876 ms, used_size=2478080 bytes (6.0%)
(RDMA_READ_CONSUME_CHECK_CONSUMER) timestamp=5877 ms, used_size=2476032 bytes (6.0%)
(RDMA_READ_CONSUME_CHECK_CONSUMER) timestamp=5877 ms, used_size=2473984 bytes (6.0%)
(RDMA_READ_CONSUME_CHECK_CONSUMER) timestamp=5877 ms, used_size=2471936 bytes (6.0%)
(RDMA_READ_CONSUME_CHECK_CONSUMER) timestamp=5877 ms, used_size=2469888 bytes (6.0%)
(RDMA_READ_CONSUME_CHECK_CONSUMER) timestamp=5877 ms, used_size=2467840 bytes (6.0%)
(RDMA_READ_CONSUME_CHECK_CONSUMER) timestamp=5877 ms, used_size=2465792 bytes (6.0%)
(RDMA_READ_CONSUME_CHECK_CONSUMER) timestamp=5877 ms, used_size=2463744 bytes (6.0%)
(RDMA_READ_CONSUME_CHECK_CONSUMER) timestamp=5877 ms, used_size=2461696 bytes (6.0%)
(RDMA_READ_CONSUME_CHECK_CONSUMER) timestamp=5877 ms, used_size=2459648 bytes (6.0%)
(RDMA_READ_CONSUME_CHECK_CONSUMER) timestamp=5877 ms, used_size=2457600 bytes (6.0%)
(RDMA_READ_CONSUME_CHECK_CONSUMER) timestamp=5877 ms, used_size=2455552 bytes (6.0%)
(RDMA_READ_CONSUME_CHECK_CONSUMER) timestamp=5877 ms, used_size=2453504 bytes (6.0%)
(RDMA_READ_CONSUME_CHECK_CONSUMER) timestamp=5877 ms, used_size=2451456 bytes (6.0%)
(RDMA_READ_CONSUME_CHECK_CONSUMER) timestamp=5877 ms, used_size=2449408 bytes (6.0%)
(RDMA_READ_CONSUME_CHECK_CONSUMER) timestamp=5877 ms, used_size=2447360 bytes (6.0%)
(RDMA_READ_CONSUME_CHECK_CONSUMER) timestamp=5877 ms, used_size=2445312 bytes (6.0%)
(RDMA_READ_CONSUME_CHECK_CONSUMER) timestamp=5877 ms, used_size=2443264 bytes (6.0%)
(RDMA_READ_CONSUME_CHECK_CONSUMER) timestamp=5877 ms, used_size=2441216 bytes (6.0%)
(RDMA_READ_CONSUME_CHECK_CONSUMER) timestamp=5877 ms, used_size=2439168 bytes (6.0%)
(RDMA_READ_CONSUME_CHECK_CONSUMER) timestamp=5877 ms, used_size=2437120 bytes (6.0%)
(RDMA_READ_CONSUME_CHECK_CONSUMER) timestamp=5877 ms, used_size=2435072 bytes (5.9%)
(RDMA_READ_CONSUME_CHECK_CONSUMER) timestamp=5877 ms, used_size=2433024 bytes (5.9%)
(RDMA_READ_CONSUME_CHECK_CONSUMER) timestamp=5877 ms, used_size=2430976 bytes (5.9%)
(RDMA_READ_CONSUME_CHECK_CONSUMER) timestamp=5877 ms, used_size=2428928 bytes (5.9%)
(RDMA_READ_CONSUME_CHECK_CONSUMER) timestamp=5877 ms, used_size=2426880 bytes (5.9%)
(RDMA_READ_CONSUME_CHECK_CONSUMER) timestamp=5877 ms, used_size=2424832 bytes (5.9%)
(RDMA_READ_CONSUME_CHECK_CONSUMER) timestamp=5877 ms, used_size=2422784 bytes (5.9%)
(RDMA_READ_CONSUME_CHECK_CONSUMER) timestamp=5877 ms, used_size=2420736 bytes (5.9%)
(RDMA_READ_CONSUME_CHECK_CONSUMER) timestamp=5877 ms, used_size=2418688 bytes (5.9%)
(RDMA_READ_CONSUME_CHECK_CONSUMER) timestamp=5877 ms, used_size=2416640 bytes (5.9%)
(RDMA_READ_CONSUME_CHECK_CONSUMER) timestamp=5877 ms, used_size=2414592 bytes (5.9%)
(RDMA_READ_CONSUME_CHECK_CONSUMER) timestamp=5877 ms, used_size=2412544 bytes (5.9%)
(RDMA_READ_CONSUME_CHECK_CONSUMER) timestamp=5877 ms, used_size=2410496 bytes (5.9%)
(RDMA_READ_CONSUME_CHECK_CONSUMER) timestamp=5877 ms, used_size=2408448 bytes (5.9%)
(RDMA_READ_CONSUME_CHECK_CONSUMER) timestamp=5877 ms, used_size=2406400 bytes (5.9%)
(RDMA_READ_CONSUME_CHECK_CONSUMER) timestamp=5877 ms, used_size=2404352 bytes (5.9%)
(RDMA_READ_CONSUME_CHECK_CONSUMER) timestamp=5877 ms, used_size=2402304 bytes (5.9%)
(RDMA_READ_CONSUME_CHECK_CONSUMER) timestamp=5877 ms, used_size=2400256 bytes (5.9%)
(RDMA_READ_CONSUME_CHECK_CONSUMER) timestamp=5877 ms, used_size=2398208 bytes (5.9%)
(RDMA_READ_CONSUME_CHECK_CONSUMER) timestamp=5877 ms, used_size=2396160 bytes (5.8%)
(RDMA_READ_CONSUME_CHECK_CONSUMER) timestamp=5877 ms, used_size=2394112 bytes (5.8%)
(RDMA_READ_CONSUME_CHECK_CONSUMER) timestamp=5877 ms, used_size=2392064 bytes (5.8%)
(RDMA_READ_CONSUME_CHECK_CONSUMER) timestamp=5877 ms, used_size=2390016 bytes (5.8%)
(RDMA_READ_CONSUME_CHECK_CONSUMER) timestamp=5877 ms, used_size=2387968 bytes (5.8%)
(RDMA_READ_CONSUME_CHECK_CONSUMER) timestamp=5877 ms, used_size=2385920 bytes (5.8%)
(RDMA_READ_CONSUME_CHECK_CONSUMER) timestamp=5877 ms, used_size=2383872 bytes (5.8%)
(RDMA_READ_CONSUME_CHECK_CONSUMER) timestamp=5877 ms, used_size=2381824 bytes (5.8%)
(RDMA_READ_CONSUME_CHECK_CONSUMER) timestamp=5877 ms, used_size=2379776 bytes (5.8%)
(RDMA_READ_CONSUME_CHECK_CONSUMER) timestamp=5877 ms, used_size=2377728 bytes (5.8%)
(RDMA_READ_CONSUME_CHECK_CONSUMER) timestamp=5877 ms, used_size=2375680 bytes (5.8%)
(RDMA_READ_CONSUME_CHECK_CONSUMER) timestamp=5877 ms, used_size=2373632 bytes (5.8%)
(RDMA_READ_CONSUME_CHECK_CONSUMER) timestamp=5877 ms, used_size=2371584 bytes (5.8%)
(RDMA_READ_CONSUME_CHECK_CONSUMER) timestamp=5877 ms, used_size=2369536 bytes (5.8%)
(RDMA_READ_CONSUME_CHECK_CONSUMER) timestamp=5877 ms, used_size=2367488 bytes (5.8%)
(RDMA_READ_CONSUME_CHECK_CONSUMER) timestamp=5877 ms, used_size=2365440 bytes (5.8%)
(RDMA_READ_CONSUME_CHECK_CONSUMER) timestamp=5877 ms, used_size=2363392 bytes (5.8%)
(RDMA_READ_CONSUME_CHECK_CONSUMER) timestamp=5877 ms, used_size=2361344 bytes (5.8%)
(RDMA_READ_CONSUME_CHECK_CONSUMER) timestamp=5877 ms, used_size=2359296 bytes (5.8%)
(RDMA_READ_CONSUME_CHECK_CONSUMER) timestamp=5877 ms, used_size=2357248 bytes (5.8%)
(RDMA_READ_CONSUME_CHECK_CONSUMER) timestamp=5877 ms, used_size=2355200 bytes (5.8%)
(RDMA_READ_CONSUME_CHECK_CONSUMER) timestamp=5877 ms, used_size=2353152 bytes (5.7%)
(RDMA_READ_CONSUME_CHECK_CONSUMER) timestamp=5877 ms, used_size=2351104 bytes (5.7%)
(RDMA_READ_CONSUME_CHECK_CONSUMER) timestamp=5877 ms, used_size=2349056 bytes (5.7%)
(RDMA_READ_CONSUME_CHECK_CONSUMER) timestamp=5877 ms, used_size=2347008 bytes (5.7%)
(RDMA_READ_CONSUME_CHECK_CONSUMER) timestamp=5877 ms, used_size=2344960 bytes (5.7%)
(RDMA_READ_CONSUME_CHECK_CONSUMER) timestamp=5877 ms, used_size=2342912 bytes (5.7%)
(RDMA_READ_CONSUME_CHECK_CONSUMER) timestamp=5877 ms, used_size=2340864 bytes (5.7%)
(RDMA_READ_CONSUME_CHECK_CONSUMER) timestamp=5877 ms, used_size=2338816 bytes (5.7%)
(RDMA_READ_CONSUME_CHECK_CONSUMER) timestamp=5877 ms, used_size=2336768 bytes (5.7%)
(RDMA_READ_CONSUME_CHECK_CONSUMER) timestamp=5877 ms, used_size=2334720 bytes (5.7%)
(RDMA_READ_CONSUME_CHECK_CONSUMER) timestamp=5877 ms, used_size=2332672 bytes (5.7%)
(RDMA_READ_CONSUME_CHECK_CONSUMER) timestamp=5877 ms, used_size=2330624 bytes (5.7%)
(RDMA_READ_CONSUME_CHECK_CONSUMER) timestamp=5877 ms, used_size=2328576 bytes (5.7%)
(RDMA_READ_CONSUME_CHECK_CONSUMER) timestamp=5877 ms, used_size=2326528 bytes (5.7%)
(RDMA_READ_CONSUME_CHECK_CONSUMER) timestamp=5877 ms, used_size=2324480 bytes (5.7%)
(RDMA_READ_CONSUME_CHECK_CONSUMER) timestamp=5877 ms, used_size=2322432 bytes (5.7%)
(RDMA_READ_CONSUME_CHECK_CONSUMER) timestamp=5877 ms, used_size=2320384 bytes (5.7%)
(RDMA_READ_CONSUME_CHECK_CONSUMER) timestamp=5877 ms, used_size=2318336 bytes (5.7%)
(RDMA_READ_CONSUME_CHECK_CONSUMER) timestamp=5877 ms, used_size=2316288 bytes (5.7%)
(RDMA_READ_CONSUME_CHECK_CONSUMER) timestamp=5877 ms, used_size=2314240 bytes (5.7%)
(RDMA_READ_CONSUME_CHECK_CONSUMER) timestamp=5877 ms, used_size=2312192 bytes (5.6%)
(RDMA_READ_CONSUME_CHECK_CONSUMER) timestamp=5877 ms, used_size=2310144 bytes (5.6%)
(RDMA_READ_CONSUME_CHECK_CONSUMER) timestamp=5877 ms, used_size=2308096 bytes (5.6%)
(RDMA_READ_CONSUME_CHECK_CONSUMER) timestamp=5877 ms, used_size=2306048 bytes (5.6%)
(RDMA_READ_CONSUME_CHECK_CONSUMER) timestamp=5877 ms, used_size=2304000 bytes (5.6%)
(RDMA_READ_CONSUME_CHECK_CONSUMER) timestamp=5877 ms, used_size=2301952 bytes (5.6%)
(RDMA_READ_CONSUME_CHECK_CONSUMER) timestamp=5877 ms, used_size=2299904 bytes (5.6%)
(RDMA_READ_CONSUME_CHECK_CONSUMER) timestamp=5877 ms, used_size=2297856 bytes (5.6%)
(RDMA_READ_CONSUME_CHECK_CONSUMER) timestamp=5877 ms, used_size=2295808 bytes (5.6%)
(RDMA_READ_CONSUME_CHECK_CONSUMER) timestamp=5877 ms, used_size=2293760 bytes (5.6%)
(RDMA_READ_CONSUME_CHECK_CONSUMER) timestamp=5877 ms, used_size=2291712 bytes (5.6%)
(RDMA_READ_CONSUME_CHECK_CONSUMER) timestamp=5877 ms, used_size=2289664 bytes (5.6%)
(RDMA_READ_CONSUME_CHECK_CONSUMER) timestamp=5877 ms, used_size=2287616 bytes (5.6%)
(RDMA_READ_CONSUME_CHECK_CONSUMER) timestamp=5877 ms, used_size=2285568 bytes (5.6%)
(RDMA_READ_CONSUME_CHECK_CONSUMER) timestamp=5877 ms, used_size=2283520 bytes (5.6%)
(RDMA_READ_CONSUME_CHECK_CONSUMER) timestamp=5877 ms, used_size=2281472 bytes (5.6%)
(RDMA_READ_CONSUME_CHECK_CONSUMER) timestamp=5877 ms, used_size=2279424 bytes (5.6%)
(RDMA_READ_CONSUME_CHECK_CONSUMER) timestamp=5877 ms, used_size=2277376 bytes (5.6%)
(RDMA_READ_CONSUME_CHECK_CONSUMER) timestamp=5877 ms, used_size=2275328 bytes (5.6%)
(RDMA_READ_CONSUME_CHECK_CONSUMER) timestamp=5877 ms, used_size=2273280 bytes (5.5%)
(RDMA_READ_CONSUME_CHECK_CONSUMER) timestamp=5877 ms, used_size=2271232 bytes (5.5%)
(RDMA_READ_CONSUME_CHECK_CONSUMER) timestamp=5877 ms, used_size=2269184 bytes (5.5%)
(RDMA_READ_CONSUME_CHECK_CONSUMER) timestamp=5877 ms, used_size=2267136 bytes (5.5%)
(RDMA_READ_CONSUME_CHECK_CONSUMER) timestamp=5877 ms, used_size=2265088 bytes (5.5%)
(RDMA_READ_CONSUME_CHECK_CONSUMER) timestamp=5877 ms, used_size=2263040 bytes (5.5%)
(RDMA_READ_CONSUME_CHECK_CONSUMER) timestamp=5877 ms, used_size=2260992 bytes (5.5%)
(RDMA_READ_CONSUME_CHECK_CONSUMER) timestamp=5877 ms, used_size=2258944 bytes (5.5%)
(RDMA_READ_CONSUME_CHECK_CONSUMER) timestamp=5877 ms, used_size=2256896 bytes (5.5%)
(RDMA_READ_CONSUME_CHECK_CONSUMER) timestamp=5877 ms, used_size=2254848 bytes (5.5%)
(RDMA_READ_CONSUME_CHECK_CONSUMER) timestamp=5877 ms, used_size=2252800 bytes (5.5%)
(RDMA_READ_CONSUME_CHECK_CONSUMER) timestamp=5877 ms, used_size=2250752 bytes (5.5%)
(RDMA_READ_CONSUME_CHECK_CONSUMER) timestamp=5877 ms, used_size=2248704 bytes (5.5%)
(RDMA_READ_CONSUME_CHECK_CONSUMER) timestamp=5877 ms, used_size=2246656 bytes (5.5%)
(RDMA_READ_CONSUME_CHECK_CONSUMER) timestamp=5877 ms, used_size=2244608 bytes (5.5%)
(RDMA_READ_CONSUME_CHECK_CONSUMER) timestamp=5877 ms, used_size=2242560 bytes (5.5%)
(RDMA_READ_CONSUME_CHECK_CONSUMER) timestamp=5877 ms, used_size=2240512 bytes (5.5%)
(RDMA_READ_CONSUME_CHECK_CONSUMER) timestamp=5877 ms, used_size=2238464 bytes (5.5%)
(RDMA_READ_CONSUME_CHECK_CONSUMER) timestamp=5877 ms, used_size=2236416 bytes (5.5%)
(RDMA_READ_CONSUME_CHECK_CONSUMER) timestamp=5877 ms, used_size=2234368 bytes (5.5%)
(RDMA_READ_CONSUME_CHECK_CONSUMER) timestamp=5877 ms, used_size=2232320 bytes (5.5%)
(RDMA_READ_CONSUME_CHECK_CONSUMER) timestamp=5877 ms, used_size=2230272 bytes (5.4%)
(RDMA_READ_CONSUME_CHECK_CONSUMER) timestamp=5877 ms, used_size=2228224 bytes (5.4%)
(RDMA_READ_CONSUME_CHECK_CONSUMER) timestamp=5877 ms, used_size=2226176 bytes (5.4%)
(RDMA_READ_CONSUME_CHECK_CONSUMER) timestamp=5877 ms, used_size=2224128 bytes (5.4%)
(RDMA_READ_CONSUME_CHECK_CONSUMER) timestamp=5877 ms, used_size=2222080 bytes (5.4%)
(RDMA_READ_CONSUME_CHECK_CONSUMER) timestamp=5877 ms, used_size=2220032 bytes (5.4%)
(RDMA_READ_CONSUME_CHECK_CONSUMER) timestamp=5877 ms, used_size=2217984 bytes (5.4%)
(RDMA_READ_CONSUME_CHECK_CONSUMER) timestamp=5877 ms, used_size=2215936 bytes (5.4%)
(RDMA_READ_CONSUME_CHECK_CONSUMER) timestamp=5877 ms, used_size=2213888 bytes (5.4%)
(RDMA_READ_CONSUME_CHECK_CONSUMER) timestamp=5877 ms, used_size=2211840 bytes (5.4%)
(RDMA_READ_CONSUME_CHECK_CONSUMER) timestamp=5877 ms, used_size=2209792 bytes (5.4%)
(RDMA_READ_CONSUME_CHECK_CONSUMER) timestamp=5877 ms, used_size=2207744 bytes (5.4%)
(RDMA_READ_CONSUME_CHECK_CONSUMER) timestamp=5877 ms, used_size=2205696 bytes (5.4%)
(RDMA_READ_CONSUME_CHECK_CONSUMER) timestamp=5877 ms, used_size=2203648 bytes (5.4%)
(RDMA_READ_CONSUME_CHECK_CONSUMER) timestamp=5877 ms, used_size=2201600 bytes (5.4%)
(RDMA_READ_CONSUME_CHECK_CONSUMER) timestamp=5877 ms, used_size=2199552 bytes (5.4%)
(RDMA_READ_CONSUME_CHECK_CONSUMER) timestamp=5877 ms, used_size=2197504 bytes (5.4%)
(RDMA_READ_CONSUME_CHECK_CONSUMER) timestamp=5877 ms, used_size=2195456 bytes (5.4%)
(RDMA_READ_CONSUME_CHECK_CONSUMER) timestamp=5877 ms, used_size=2193408 bytes (5.4%)
(RDMA_READ_CONSUME_CHECK_CONSUMER) timestamp=5877 ms, used_size=2191360 bytes (5.3%)
(RDMA_READ_CONSUME_CHECK_CONSUMER) timestamp=5877 ms, used_size=2189312 bytes (5.3%)
(RDMA_READ_CONSUME_CHECK_CONSUMER) timestamp=5877 ms, used_size=2187264 bytes (5.3%)
(RDMA_READ_CONSUME_CHECK_CONSUMER) timestamp=5877 ms, used_size=2185216 bytes (5.3%)
(RDMA_READ_CONSUME_CHECK_CONSUMER) timestamp=5877 ms, used_size=2183168 bytes (5.3%)
(RDMA_READ_CONSUME_CHECK_CONSUMER) timestamp=5877 ms, used_size=2181120 bytes (5.3%)
(RDMA_READ_CONSUME_CHECK_CONSUMER) timestamp=5877 ms, used_size=2179072 bytes (5.3%)
(RDMA_READ_CONSUME_CHECK_CONSUMER) timestamp=5877 ms, used_size=2177024 bytes (5.3%)
(RDMA_READ_CONSUME_CHECK_CONSUMER) timestamp=5877 ms, used_size=2174976 bytes (5.3%)
(RDMA_READ_CONSUME_CHECK_CONSUMER) timestamp=5877 ms, used_size=2172928 bytes (5.3%)
(RDMA_READ_CONSUME_CHECK_CONSUMER) timestamp=5877 ms, used_size=2170880 bytes (5.3%)
(RDMA_READ_CONSUME_CHECK_CONSUMER) timestamp=5877 ms, used_size=2168832 bytes (5.3%)
(RDMA_READ_CONSUME_CHECK_CONSUMER) timestamp=5877 ms, used_size=2166784 bytes (5.3%)
(RDMA_READ_CONSUME_CHECK_CONSUMER) timestamp=5877 ms, used_size=2164736 bytes (5.3%)
(RDMA_READ_CONSUME_CHECK_CONSUMER) timestamp=5877 ms, used_size=2162688 bytes (5.3%)
(RDMA_READ_CONSUME_CHECK_CONSUMER) timestamp=5877 ms, used_size=2160640 bytes (5.3%)
(RDMA_READ_CONSUME_CHECK_CONSUMER) timestamp=5877 ms, used_size=2158592 bytes (5.3%)
(RDMA_READ_CONSUME_CHECK_CONSUMER) timestamp=5877 ms, used_size=2156544 bytes (5.3%)
(RDMA_READ_CONSUME_CHECK_CONSUMER) timestamp=5877 ms, used_size=2154496 bytes (5.3%)
(RDMA_READ_CONSUME_CHECK_CONSUMER) timestamp=5877 ms, used_size=2152448 bytes (5.3%)
(RDMA_READ_CONSUME_CHECK_CONSUMER) timestamp=5877 ms, used_size=2150400 bytes (5.2%)
(RDMA_READ_CONSUME_CHECK_CONSUMER) timestamp=5877 ms, used_size=2148352 bytes (5.2%)
(RDMA_READ_CONSUME_CHECK_CONSUMER) timestamp=5877 ms, used_size=2146304 bytes (5.2%)
(RDMA_READ_CONSUME_CHECK_CONSUMER) timestamp=5877 ms, used_size=2144256 bytes (5.2%)
(RDMA_READ_CONSUME_CHECK_CONSUMER) timestamp=5877 ms, used_size=2142208 bytes (5.2%)
(RDMA_READ_CONSUME_CHECK_CONSUMER) timestamp=5877 ms, used_size=2140160 bytes (5.2%)
(RDMA_READ_CONSUME_CHECK_CONSUMER) timestamp=5877 ms, used_size=2138112 bytes (5.2%)
(RDMA_READ_CONSUME_CHECK_CONSUMER) timestamp=5878 ms, used_size=2136064 bytes (5.2%)
(RDMA_READ_CONSUME_CHECK_CONSUMER) timestamp=5878 ms, used_size=2134016 bytes (5.2%)
(RDMA_READ_CONSUME_CHECK_CONSUMER) timestamp=5878 ms, used_size=2131968 bytes (5.2%)
(RDMA_READ_CONSUME_CHECK_CONSUMER) timestamp=5878 ms, used_size=2129920 bytes (5.2%)
(RDMA_READ_CONSUME_CHECK_CONSUMER) timestamp=5878 ms, used_size=2127872 bytes (5.2%)
(RDMA_READ_CONSUME_CHECK_CONSUMER) timestamp=5878 ms, used_size=2125824 bytes (5.2%)
(RDMA_READ_CONSUME_CHECK_CONSUMER) timestamp=5878 ms, used_size=2123776 bytes (5.2%)
(RDMA_READ_CONSUME_CHECK_CONSUMER) timestamp=5878 ms, used_size=2121728 bytes (5.2%)
(RDMA_READ_CONSUME_CHECK_CONSUMER) timestamp=5878 ms, used_size=2119680 bytes (5.2%)
(RDMA_READ_CONSUME_CHECK_CONSUMER) timestamp=5878 ms, used_size=2117632 bytes (5.2%)
(RDMA_READ_CONSUME_CHECK_CONSUMER) timestamp=5878 ms, used_size=2115584 bytes (5.2%)
(RDMA_READ_CONSUME_CHECK_CONSUMER) timestamp=5878 ms, used_size=2113536 bytes (5.2%)
(RDMA_READ_CONSUME_CHECK_CONSUMER) timestamp=5878 ms, used_size=2111488 bytes (5.2%)
(RDMA_READ_CONSUME_CHECK_CONSUMER) timestamp=5878 ms, used_size=2109440 bytes (5.2%)
(RDMA_READ_CONSUME_CHECK_CONSUMER) timestamp=5878 ms, used_size=2107392 bytes (5.1%)
(RDMA_READ_CONSUME_CHECK_CONSUMER) timestamp=5878 ms, used_size=2105344 bytes (5.1%)
(RDMA_READ_CONSUME_CHECK_CONSUMER) timestamp=5878 ms, used_size=2103296 bytes (5.1%)
(RDMA_READ_CONSUME_CHECK_CONSUMER) timestamp=5878 ms, used_size=2101248 bytes (5.1%)
(RDMA_READ_CONSUME_CHECK_CONSUMER) timestamp=5878 ms, used_size=2099200 bytes (5.1%)
(RDMA_READ_CONSUME_CHECK_CONSUMER) timestamp=5878 ms, used_size=2097152 bytes (5.1%)
(RDMA_READ_CONSUME_CHECK_CONSUMER) timestamp=5878 ms, used_size=2095104 bytes (5.1%)
(RDMA_READ_CONSUME_CHECK_CONSUMER) timestamp=5878 ms, used_size=2093056 bytes (5.1%)
(RDMA_READ_CONSUME_CHECK_CONSUMER) timestamp=5878 ms, used_size=2091008 bytes (5.1%)
(RDMA_READ_CONSUME_CHECK_CONSUMER) timestamp=5878 ms, used_size=2088960 bytes (5.1%)
(RDMA_READ_CONSUME_CHECK_CONSUMER) timestamp=5878 ms, used_size=2086912 bytes (5.1%)
(RDMA_READ_CONSUME_CHECK_CONSUMER) timestamp=5878 ms, used_size=2084864 bytes (5.1%)
(RDMA_READ_CONSUME_CHECK_CONSUMER) timestamp=5878 ms, used_size=2082816 bytes (5.1%)
(RDMA_READ_CONSUME_CHECK_CONSUMER) timestamp=5878 ms, used_size=2080768 bytes (5.1%)
(RDMA_READ_CONSUME_CHECK_CONSUMER) timestamp=5878 ms, used_size=2078720 bytes (5.1%)
(RDMA_READ_CONSUME_CHECK_CONSUMER) timestamp=5878 ms, used_size=2076672 bytes (5.1%)
(RDMA_READ_CONSUME_CHECK_CONSUMER) timestamp=5878 ms, used_size=2074624 bytes (5.1%)
(RDMA_READ_CONSUME_CHECK_CONSUMER) timestamp=5878 ms, used_size=2072576 bytes (5.1%)
(RDMA_READ_CONSUME_CHECK_CONSUMER) timestamp=5878 ms, used_size=2070528 bytes (5.1%)
(RDMA_READ_CONSUME_CHECK_CONSUMER) timestamp=5878 ms, used_size=2068480 bytes (5.0%)
(RDMA_READ_CONSUME_CHECK_CONSUMER) timestamp=5878 ms, used_size=2066432 bytes (5.0%)
(RDMA_READ_CONSUME_CHECK_CONSUMER) timestamp=5878 ms, used_size=2064384 bytes (5.0%)
(RDMA_READ_CONSUME_CHECK_CONSUMER) timestamp=5878 ms, used_size=2062336 bytes (5.0%)
(RDMA_READ_CONSUME_CHECK_CONSUMER) timestamp=5878 ms, used_size=2060288 bytes (5.0%)
(RDMA_READ_CONSUME_CHECK_CONSUMER) timestamp=5878 ms, used_size=2058240 bytes (5.0%)
(RDMA_READ_CONSUME_CHECK_CONSUMER) timestamp=5878 ms, used_size=2056192 bytes (5.0%)
(RDMA_READ_CONSUME_CHECK_CONSUMER) timestamp=5878 ms, used_size=2054144 bytes (5.0%)
(RDMA_READ_CONSUME_CHECK_CONSUMER) timestamp=5878 ms, used_size=2052096 bytes (5.0%)
(RDMA_READ_CONSUME_CHECK_CONSUMER) timestamp=5878 ms, used_size=2050048 bytes (5.0%)
(RDMA_READ_CONSUME_CHECK_CONSUMER) timestamp=5878 ms, used_size=2048000 bytes (5.0%)
(RDMA_READ_CONSUME_CHECK_CONSUMER) timestamp=5878 ms, used_size=2045952 bytes (5.0%)
(RDMA_READ_CONSUME_CHECK_CONSUMER) timestamp=5878 ms, used_size=2043904 bytes (5.0%)
(RDMA_READ_CONSUME_CHECK_CONSUMER) timestamp=5878 ms, used_size=2041856 bytes (5.0%)
(RDMA_READ_CONSUME_CHECK_CONSUMER) timestamp=5878 ms, used_size=2039808 bytes (5.0%)
(RDMA_READ_CONSUME_CHECK_CONSUMER) timestamp=5878 ms, used_size=2037760 bytes (5.0%)
(RDMA_READ_CONSUME_CHECK_CONSUMER) timestamp=5878 ms, used_size=2035712 bytes (5.0%)
(RDMA_READ_CONSUME_CHECK_CONSUMER) timestamp=5878 ms, used_size=2033664 bytes (5.0%)
(RDMA_READ_CONSUME_CHECK_CONSUMER) timestamp=5878 ms, used_size=2031616 bytes (5.0%)
(RDMA_READ_CONSUME_CHECK_CONSUMER) timestamp=5878 ms, used_size=2029568 bytes (5.0%)
(RDMA_READ_CONSUME_CHECK_CONSUMER) timestamp=5878 ms, used_size=2027520 bytes (5.0%)
(RDMA_READ_CONSUME_CHECK_CONSUMER) timestamp=5878 ms, used_size=2025472 bytes (4.9%)
(RDMA_READ_CONSUME_CHECK_CONSUMER) timestamp=5878 ms, used_size=2023424 bytes (4.9%)
(RDMA_READ_CONSUME_CHECK_CONSUMER) timestamp=5878 ms, used_size=2021376 bytes (4.9%)
(RDMA_READ_CONSUME_CHECK_CONSUMER) timestamp=5878 ms, used_size=2019328 bytes (4.9%)
(RDMA_READ_CONSUME_CHECK_CONSUMER) timestamp=5878 ms, used_size=2017280 bytes (4.9%)
(RDMA_READ_CONSUME_CHECK_CONSUMER) timestamp=5878 ms, used_size=2015232 bytes (4.9%)
(RDMA_READ_CONSUME_CHECK_CONSUMER) timestamp=5878 ms, used_size=2013184 bytes (4.9%)
(RDMA_READ_CONSUME_CHECK_CONSUMER) timestamp=5878 ms, used_size=2011136 bytes (4.9%)
(RDMA_READ_CONSUME_CHECK_CONSUMER) timestamp=5878 ms, used_size=2009088 bytes (4.9%)
(RDMA_READ_CONSUME_CHECK_CONSUMER) timestamp=5878 ms, used_size=2007040 bytes (4.9%)
(RDMA_READ_CONSUME_CHECK_CONSUMER) timestamp=5878 ms, used_size=2004992 bytes (4.9%)
(RDMA_READ_CONSUME_CHECK_CONSUMER) timestamp=5878 ms, used_size=2002944 bytes (4.9%)
(RDMA_READ_CONSUME_CHECK_CONSUMER) timestamp=5878 ms, used_size=2000896 bytes (4.9%)
(RDMA_READ_CONSUME_CHECK_CONSUMER) timestamp=5878 ms, used_size=1998848 bytes (4.9%)
(RDMA_READ_CONSUME_CHECK_CONSUMER) timestamp=5878 ms, used_size=1996800 bytes (4.9%)
(RDMA_READ_CONSUME_CHECK_CONSUMER) timestamp=5878 ms, used_size=1994752 bytes (4.9%)
(RDMA_READ_CONSUME_CHECK_CONSUMER) timestamp=5878 ms, used_size=1992704 bytes (4.9%)
(RDMA_READ_CONSUME_CHECK_CONSUMER) timestamp=5878 ms, used_size=1990656 bytes (4.9%)
(RDMA_READ_CONSUME_CHECK_CONSUMER) timestamp=5878 ms, used_size=1988608 bytes (4.9%)
(RDMA_READ_CONSUME_CHECK_CONSUMER) timestamp=5878 ms, used_size=1986560 bytes (4.8%)
(RDMA_READ_CONSUME_CHECK_CONSUMER) timestamp=5878 ms, used_size=1984512 bytes (4.8%)
(RDMA_READ_CONSUME_CHECK_CONSUMER) timestamp=5878 ms, used_size=1982464 bytes (4.8%)
(RDMA_READ_CONSUME_CHECK_CONSUMER) timestamp=5878 ms, used_size=1980416 bytes (4.8%)
(RDMA_READ_CONSUME_CHECK_CONSUMER) timestamp=5878 ms, used_size=1978368 bytes (4.8%)
(RDMA_READ_CONSUME_CHECK_CONSUMER) timestamp=5878 ms, used_size=1976320 bytes (4.8%)
(RDMA_READ_CONSUME_CHECK_CONSUMER) timestamp=5878 ms, used_size=1974272 bytes (4.8%)
(RDMA_READ_CONSUME_CHECK_CONSUMER) timestamp=5878 ms, used_size=1972224 bytes (4.8%)
(RDMA_READ_CONSUME_CHECK_CONSUMER) timestamp=5878 ms, used_size=1970176 bytes (4.8%)
(RDMA_READ_CONSUME_CHECK_CONSUMER) timestamp=5878 ms, used_size=1968128 bytes (4.8%)
(RDMA_READ_CONSUME_CHECK_CONSUMER) timestamp=5878 ms, used_size=1966080 bytes (4.8%)
(RDMA_READ_CONSUME_CHECK_CONSUMER) timestamp=5878 ms, used_size=1964032 bytes (4.8%)
(RDMA_READ_CONSUME_CHECK_CONSUMER) timestamp=5878 ms, used_size=1961984 bytes (4.8%)
(RDMA_READ_CONSUME_CHECK_CONSUMER) timestamp=5878 ms, used_size=1959936 bytes (4.8%)
(RDMA_READ_CONSUME_CHECK_CONSUMER) timestamp=5878 ms, used_size=1957888 bytes (4.8%)
(RDMA_READ_CONSUME_CHECK_CONSUMER) timestamp=5878 ms, used_size=1955840 bytes (4.8%)
(RDMA_READ_CONSUME_CHECK_CONSUMER) timestamp=5878 ms, used_size=1953792 bytes (4.8%)
(RDMA_READ_CONSUME_CHECK_CONSUMER) timestamp=5878 ms, used_size=1951744 bytes (4.8%)
(RDMA_READ_CONSUME_CHECK_CONSUMER) timestamp=5878 ms, used_size=1949696 bytes (4.8%)
(RDMA_READ_CONSUME_CHECK_CONSUMER) timestamp=5878 ms, used_size=1947648 bytes (4.8%)
(RDMA_READ_CONSUME_CHECK_CONSUMER) timestamp=5878 ms, used_size=1945600 bytes (4.8%)
(RDMA_READ_CONSUME_CHECK_CONSUMER) timestamp=5878 ms, used_size=1943552 bytes (4.7%)
(RDMA_READ_CONSUME_CHECK_CONSUMER) timestamp=5878 ms, used_size=1941504 bytes (4.7%)
(RDMA_READ_CONSUME_CHECK_CONSUMER) timestamp=5878 ms, used_size=1939456 bytes (4.7%)
(RDMA_READ_CONSUME_CHECK_CONSUMER) timestamp=5878 ms, used_size=1937408 bytes (4.7%)
(RDMA_READ_CONSUME_CHECK_CONSUMER) timestamp=5878 ms, used_size=1935360 bytes (4.7%)
(RDMA_READ_CONSUME_CHECK_CONSUMER) timestamp=5878 ms, used_size=1933312 bytes (4.7%)
(RDMA_READ_CONSUME_CHECK_CONSUMER) timestamp=5878 ms, used_size=1931264 bytes (4.7%)
(RDMA_READ_CONSUME_CHECK_CONSUMER) timestamp=5878 ms, used_size=1929216 bytes (4.7%)
(RDMA_READ_CONSUME_CHECK_CONSUMER) timestamp=5878 ms, used_size=1927168 bytes (4.7%)
(RDMA_READ_CONSUME_CHECK_CONSUMER) timestamp=5878 ms, used_size=1925120 bytes (4.7%)
(RDMA_READ_CONSUME_CHECK_CONSUMER) timestamp=5878 ms, used_size=1923072 bytes (4.7%)
(RDMA_READ_CONSUME_CHECK_CONSUMER) timestamp=5878 ms, used_size=1921024 bytes (4.7%)
(RDMA_READ_CONSUME_CHECK_CONSUMER) timestamp=5878 ms, used_size=1918976 bytes (4.7%)
(RDMA_READ_CONSUME_CHECK_CONSUMER) timestamp=5878 ms, used_size=1916928 bytes (4.7%)
(RDMA_READ_CONSUME_CHECK_CONSUMER) timestamp=5878 ms, used_size=1914880 bytes (4.7%)
(RDMA_READ_CONSUME_CHECK_CONSUMER) timestamp=5878 ms, used_size=1912832 bytes (4.7%)
(RDMA_READ_CONSUME_CHECK_CONSUMER) timestamp=5878 ms, used_size=1910784 bytes (4.7%)
(RDMA_READ_CONSUME_CHECK_CONSUMER) timestamp=5878 ms, used_size=1908736 bytes (4.7%)
(RDMA_READ_CONSUME_CHECK_CONSUMER) timestamp=5878 ms, used_size=1906688 bytes (4.7%)
(RDMA_READ_CONSUME_CHECK_CONSUMER) timestamp=5878 ms, used_size=1904640 bytes (4.7%)
(RDMA_READ_CONSUME_CHECK_CONSUMER) timestamp=5878 ms, used_size=1902592 bytes (4.6%)
(RDMA_READ_CONSUME_CHECK_CONSUMER) timestamp=5878 ms, used_size=1900544 bytes (4.6%)
(RDMA_READ_CONSUME_CHECK_CONSUMER) timestamp=5878 ms, used_size=1898496 bytes (4.6%)
(RDMA_READ_CONSUME_CHECK_CONSUMER) timestamp=5878 ms, used_size=1896448 bytes (4.6%)
(RDMA_READ_CONSUME_CHECK_CONSUMER) timestamp=5878 ms, used_size=1894400 bytes (4.6%)
(RDMA_READ_CONSUME_CHECK_CONSUMER) timestamp=5878 ms, used_size=1892352 bytes (4.6%)
(RDMA_READ_CONSUME_CHECK_CONSUMER) timestamp=5878 ms, used_size=1890304 bytes (4.6%)
(RDMA_READ_CONSUME_CHECK_CONSUMER) timestamp=5878 ms, used_size=1888256 bytes (4.6%)
(RDMA_READ_CONSUME_CHECK_CONSUMER) timestamp=5878 ms, used_size=1886208 bytes (4.6%)
(RDMA_READ_CONSUME_CHECK_CONSUMER) timestamp=5878 ms, used_size=1884160 bytes (4.6%)
(RDMA_READ_CONSUME_CHECK_CONSUMER) timestamp=5878 ms, used_size=1882112 bytes (4.6%)
(RDMA_READ_CONSUME_CHECK_CONSUMER) timestamp=5878 ms, used_size=1880064 bytes (4.6%)
(RDMA_READ_CONSUME_CHECK_CONSUMER) timestamp=5878 ms, used_size=1878016 bytes (4.6%)
(RDMA_READ_CONSUME_CHECK_CONSUMER) timestamp=5878 ms, used_size=1875968 bytes (4.6%)
(RDMA_READ_CONSUME_CHECK_CONSUMER) timestamp=5878 ms, used_size=1873920 bytes (4.6%)
(RDMA_READ_CONSUME_CHECK_CONSUMER) timestamp=5878 ms, used_size=1871872 bytes (4.6%)
(RDMA_READ_CONSUME_CHECK_CONSUMER) timestamp=5878 ms, used_size=1869824 bytes (4.6%)
(RDMA_READ_CONSUME_CHECK_CONSUMER) timestamp=5878 ms, used_size=1867776 bytes (4.6%)
(RDMA_READ_CONSUME_CHECK_CONSUMER) timestamp=5878 ms, used_size=1865728 bytes (4.6%)
(RDMA_READ_CONSUME_CHECK_CONSUMER) timestamp=5878 ms, used_size=1863680 bytes (4.5%)
(RDMA_READ_CONSUME_CHECK_CONSUMER) timestamp=5878 ms, used_size=1861632 bytes (4.5%)
(RDMA_READ_CONSUME_CHECK_CONSUMER) timestamp=5878 ms, used_size=1859584 bytes (4.5%)
(RDMA_READ_CONSUME_CHECK_CONSUMER) timestamp=5878 ms, used_size=1857536 bytes (4.5%)
(RDMA_READ_CONSUME_CHECK_CONSUMER) timestamp=5878 ms, used_size=1855488 bytes (4.5%)
(RDMA_READ_CONSUME_CHECK_CONSUMER) timestamp=5878 ms, used_size=1853440 bytes (4.5%)
(RDMA_READ_CONSUME_CHECK_CONSUMER) timestamp=5878 ms, used_size=1851392 bytes (4.5%)
(RDMA_READ_CONSUME_CHECK_CONSUMER) timestamp=5878 ms, used_size=1849344 bytes (4.5%)
(RDMA_READ_CONSUME_CHECK_CONSUMER) timestamp=5878 ms, used_size=1847296 bytes (4.5%)
(RDMA_READ_CONSUME_CHECK_CONSUMER) timestamp=5878 ms, used_size=1845248 bytes (4.5%)
(RDMA_READ_CONSUME_CHECK_CONSUMER) timestamp=5878 ms, used_size=1843200 bytes (4.5%)
(RDMA_READ_CONSUME_CHECK_CONSUMER) timestamp=5878 ms, used_size=1841152 bytes (4.5%)
(RDMA_READ_CONSUME_CHECK_CONSUMER) timestamp=5878 ms, used_size=1839104 bytes (4.5%)
(RDMA_READ_CONSUME_CHECK_CONSUMER) timestamp=5878 ms, used_size=1837056 bytes (4.5%)
(RDMA_READ_CONSUME_CHECK_CONSUMER) timestamp=5878 ms, used_size=1835008 bytes (4.5%)
(RDMA_READ_CONSUME_CHECK_CONSUMER) timestamp=5878 ms, used_size=1832960 bytes (4.5%)
(RDMA_READ_CONSUME_CHECK_CONSUMER) timestamp=5878 ms, used_size=1830912 bytes (4.5%)
(RDMA_READ_CONSUME_CHECK_CONSUMER) timestamp=5878 ms, used_size=1828864 bytes (4.5%)
(RDMA_READ_CONSUME_CHECK_CONSUMER) timestamp=5878 ms, used_size=1826816 bytes (4.5%)
(RDMA_READ_CONSUME_CHECK_CONSUMER) timestamp=5878 ms, used_size=1824768 bytes (4.5%)
(RDMA_READ_CONSUME_CHECK_CONSUMER) timestamp=5878 ms, used_size=1822720 bytes (4.5%)
(RDMA_READ_CONSUME_CHECK_CONSUMER) timestamp=5878 ms, used_size=1820672 bytes (4.4%)
(RDMA_READ_CONSUME_CHECK_CONSUMER) timestamp=5878 ms, used_size=1818624 bytes (4.4%)
(RDMA_READ_CONSUME_CHECK_CONSUMER) timestamp=5878 ms, used_size=1816576 bytes (4.4%)
(RDMA_READ_CONSUME_CHECK_CONSUMER) timestamp=5878 ms, used_size=1814528 bytes (4.4%)
(RDMA_READ_CONSUME_CHECK_CONSUMER) timestamp=5878 ms, used_size=1812480 bytes (4.4%)
(RDMA_READ_CONSUME_CHECK_CONSUMER) timestamp=5878 ms, used_size=1810432 bytes (4.4%)
(RDMA_READ_CONSUME_CHECK_CONSUMER) timestamp=5878 ms, used_size=1808384 bytes (4.4%)
(RDMA_READ_CONSUME_CHECK_CONSUMER) timestamp=5878 ms, used_size=1806336 bytes (4.4%)
(RDMA_READ_CONSUME_CHECK_CONSUMER) timestamp=5878 ms, used_size=1804288 bytes (4.4%)
(RDMA_READ_CONSUME_CHECK_CONSUMER) timestamp=5878 ms, used_size=1802240 bytes (4.4%)
(RDMA_READ_CONSUME_CHECK_CONSUMER) timestamp=5879 ms, used_size=1800192 bytes (4.4%)
(RDMA_READ_CONSUME_CHECK_CONSUMER) timestamp=5879 ms, used_size=1798144 bytes (4.4%)
(RDMA_READ_CONSUME_CHECK_CONSUMER) timestamp=5879 ms, used_size=1796096 bytes (4.4%)
(RDMA_READ_CONSUME_CHECK_CONSUMER) timestamp=5879 ms, used_size=1794048 bytes (4.4%)
(RDMA_READ_CONSUME_CHECK_CONSUMER) timestamp=5879 ms, used_size=1792000 bytes (4.4%)
(RDMA_READ_CONSUME_CHECK_CONSUMER) timestamp=5879 ms, used_size=1789952 bytes (4.4%)
(RDMA_READ_CONSUME_CHECK_CONSUMER) timestamp=5879 ms, used_size=1787904 bytes (4.4%)
(RDMA_READ_CONSUME_CHECK_CONSUMER) timestamp=5879 ms, used_size=1785856 bytes (4.4%)
(RDMA_READ_CONSUME_CHECK_CONSUMER) timestamp=5879 ms, used_size=1783808 bytes (4.4%)
(RDMA_READ_CONSUME_CHECK_CONSUMER) timestamp=5879 ms, used_size=1781760 bytes (4.3%)
(RDMA_READ_CONSUME_CHECK_CONSUMER) timestamp=5879 ms, used_size=1779712 bytes (4.3%)
(RDMA_READ_CONSUME_CHECK_CONSUMER) timestamp=5879 ms, used_size=1777664 bytes (4.3%)
(RDMA_READ_CONSUME_CHECK_CONSUMER) timestamp=5879 ms, used_size=1775616 bytes (4.3%)
(RDMA_READ_CONSUME_CHECK_CONSUMER) timestamp=5879 ms, used_size=1773568 bytes (4.3%)
(RDMA_READ_CONSUME_CHECK_CONSUMER) timestamp=5879 ms, used_size=1771520 bytes (4.3%)
(RDMA_READ_CONSUME_CHECK_CONSUMER) timestamp=5879 ms, used_size=1769472 bytes (4.3%)
(RDMA_READ_CONSUME_CHECK_CONSUMER) timestamp=5879 ms, used_size=1767424 bytes (4.3%)
(RDMA_READ_CONSUME_CHECK_CONSUMER) timestamp=5879 ms, used_size=1765376 bytes (4.3%)
(RDMA_READ_CONSUME_CHECK_CONSUMER) timestamp=5879 ms, used_size=1763328 bytes (4.3%)
(RDMA_READ_CONSUME_CHECK_CONSUMER) timestamp=5879 ms, used_size=1761280 bytes (4.3%)
(RDMA_READ_CONSUME_CHECK_CONSUMER) timestamp=5879 ms, used_size=1759232 bytes (4.3%)
(RDMA_READ_CONSUME_CHECK_CONSUMER) timestamp=5879 ms, used_size=1757184 bytes (4.3%)
(RDMA_READ_CONSUME_CHECK_CONSUMER) timestamp=5879 ms, used_size=1755136 bytes (4.3%)
(RDMA_READ_CONSUME_CHECK_CONSUMER) timestamp=5879 ms, used_size=1753088 bytes (4.3%)
(RDMA_READ_CONSUME_CHECK_CONSUMER) timestamp=5879 ms, used_size=1751040 bytes (4.3%)
(RDMA_READ_CONSUME_CHECK_CONSUMER) timestamp=5879 ms, used_size=1748992 bytes (4.3%)
(RDMA_READ_CONSUME_CHECK_CONSUMER) timestamp=5879 ms, used_size=1746944 bytes (4.3%)
(RDMA_READ_CONSUME_CHECK_CONSUMER) timestamp=5879 ms, used_size=1744896 bytes (4.3%)
(RDMA_READ_CONSUME_CHECK_CONSUMER) timestamp=5879 ms, used_size=1742848 bytes (4.3%)
(RDMA_READ_CONSUME_CHECK_CONSUMER) timestamp=5879 ms, used_size=1740800 bytes (4.2%)
(RDMA_READ_CONSUME_CHECK_CONSUMER) timestamp=5879 ms, used_size=1738752 bytes (4.2%)
(RDMA_READ_CONSUME_CHECK_CONSUMER) timestamp=5879 ms, used_size=1736704 bytes (4.2%)
(RDMA_READ_CONSUME_CHECK_CONSUMER) timestamp=5879 ms, used_size=1734656 bytes (4.2%)
(RDMA_READ_CONSUME_CHECK_CONSUMER) timestamp=5879 ms, used_size=1732608 bytes (4.2%)
(RDMA_READ_CONSUME_CHECK_CONSUMER) timestamp=5879 ms, used_size=1730560 bytes (4.2%)
(RDMA_READ_CONSUME_CHECK_CONSUMER) timestamp=5879 ms, used_size=1728512 bytes (4.2%)
(RDMA_READ_CONSUME_CHECK_CONSUMER) timestamp=5879 ms, used_size=1726464 bytes (4.2%)
(RDMA_READ_CONSUME_CHECK_CONSUMER) timestamp=5879 ms, used_size=1724416 bytes (4.2%)
(RDMA_READ_CONSUME_CHECK_CONSUMER) timestamp=5879 ms, used_size=1722368 bytes (4.2%)
(RDMA_READ_CONSUME_CHECK_CONSUMER) timestamp=5879 ms, used_size=1720320 bytes (4.2%)
(RDMA_READ_CONSUME_CHECK_CONSUMER) timestamp=5879 ms, used_size=1718272 bytes (4.2%)
(RDMA_READ_CONSUME_CHECK_CONSUMER) timestamp=5879 ms, used_size=1716224 bytes (4.2%)
(RDMA_READ_CONSUME_CHECK_CONSUMER) timestamp=5879 ms, used_size=1714176 bytes (4.2%)
(RDMA_READ_CONSUME_CHECK_CONSUMER) timestamp=5879 ms, used_size=1712128 bytes (4.2%)
(RDMA_READ_CONSUME_CHECK_CONSUMER) timestamp=5879 ms, used_size=1710080 bytes (4.2%)
(RDMA_READ_CONSUME_CHECK_CONSUMER) timestamp=5879 ms, used_size=1708032 bytes (4.2%)
(RDMA_READ_CONSUME_CHECK_CONSUMER) timestamp=5879 ms, used_size=1705984 bytes (4.2%)
(RDMA_READ_CONSUME_CHECK_CONSUMER) timestamp=5879 ms, used_size=1703936 bytes (4.2%)
(RDMA_READ_CONSUME_CHECK_CONSUMER) timestamp=5879 ms, used_size=1701888 bytes (4.2%)
(RDMA_READ_CONSUME_CHECK_CONSUMER) timestamp=5879 ms, used_size=1699840 bytes (4.2%)
(RDMA_READ_CONSUME_CHECK_CONSUMER) timestamp=5879 ms, used_size=1697792 bytes (4.1%)
(RDMA_READ_CONSUME_CHECK_CONSUMER) timestamp=5879 ms, used_size=1695744 bytes (4.1%)
(RDMA_READ_CONSUME_CHECK_CONSUMER) timestamp=5879 ms, used_size=1693696 bytes (4.1%)
(RDMA_READ_CONSUME_CHECK_CONSUMER) timestamp=5879 ms, used_size=1691648 bytes (4.1%)
(RDMA_READ_CONSUME_CHECK_CONSUMER) timestamp=5879 ms, used_size=1689600 bytes (4.1%)
(RDMA_READ_CONSUME_CHECK_CONSUMER) timestamp=5879 ms, used_size=1687552 bytes (4.1%)
(RDMA_READ_CONSUME_CHECK_CONSUMER) timestamp=5879 ms, used_size=1685504 bytes (4.1%)
(RDMA_READ_CONSUME_CHECK_CONSUMER) timestamp=5879 ms, used_size=1683456 bytes (4.1%)
(RDMA_READ_CONSUME_CHECK_CONSUMER) timestamp=5879 ms, used_size=1681408 bytes (4.1%)
(RDMA_READ_CONSUME_CHECK_CONSUMER) timestamp=5879 ms, used_size=1679360 bytes (4.1%)
(RDMA_READ_CONSUME_CHECK_CONSUMER) timestamp=5879 ms, used_size=1677312 bytes (4.1%)
(RDMA_READ_CONSUME_CHECK_CONSUMER) timestamp=5879 ms, used_size=1675264 bytes (4.1%)
(RDMA_READ_CONSUME_CHECK_CONSUMER) timestamp=5879 ms, used_size=1673216 bytes (4.1%)
(RDMA_READ_CONSUME_CHECK_CONSUMER) timestamp=5879 ms, used_size=1671168 bytes (4.1%)
(RDMA_READ_CONSUME_CHECK_CONSUMER) timestamp=5879 ms, used_size=1669120 bytes (4.1%)
(RDMA_READ_CONSUME_CHECK_CONSUMER) timestamp=5879 ms, used_size=1667072 bytes (4.1%)
(RDMA_READ_CONSUME_CHECK_CONSUMER) timestamp=5879 ms, used_size=1665024 bytes (4.1%)
(RDMA_READ_CONSUME_CHECK_CONSUMER) timestamp=5879 ms, used_size=1662976 bytes (4.1%)
(RDMA_READ_CONSUME_CHECK_CONSUMER) timestamp=5879 ms, used_size=1660928 bytes (4.1%)
(RDMA_READ_CONSUME_CHECK_CONSUMER) timestamp=5879 ms, used_size=1658880 bytes (4.0%)
(RDMA_READ_CONSUME_CHECK_CONSUMER) timestamp=5879 ms, used_size=1656832 bytes (4.0%)
(RDMA_READ_CONSUME_CHECK_CONSUMER) timestamp=5879 ms, used_size=1654784 bytes (4.0%)
(RDMA_READ_CONSUME_CHECK_CONSUMER) timestamp=5879 ms, used_size=1652736 bytes (4.0%)
(RDMA_READ_CONSUME_CHECK_CONSUMER) timestamp=5879 ms, used_size=1650688 bytes (4.0%)
(RDMA_READ_CONSUME_CHECK_CONSUMER) timestamp=5879 ms, used_size=1648640 bytes (4.0%)
(RDMA_READ_CONSUME_CHECK_CONSUMER) timestamp=5879 ms, used_size=1646592 bytes (4.0%)
(RDMA_READ_CONSUME_CHECK_CONSUMER) timestamp=5879 ms, used_size=1644544 bytes (4.0%)
(RDMA_READ_CONSUME_CHECK_CONSUMER) timestamp=5879 ms, used_size=1642496 bytes (4.0%)
(RDMA_READ_CONSUME_CHECK_CONSUMER) timestamp=5879 ms, used_size=1640448 bytes (4.0%)
(RDMA_READ_CONSUME_CHECK_CONSUMER) timestamp=5879 ms, used_size=1638400 bytes (4.0%)
(RDMA_READ_CONSUME_CHECK_CONSUMER) timestamp=5879 ms, used_size=1636352 bytes (4.0%)
(RDMA_READ_CONSUME_CHECK_CONSUMER) timestamp=5879 ms, used_size=1634304 bytes (4.0%)
(RDMA_READ_CONSUME_CHECK_CONSUMER) timestamp=5879 ms, used_size=1632256 bytes (4.0%)
(RDMA_READ_CONSUME_CHECK_CONSUMER) timestamp=5879 ms, used_size=1630208 bytes (4.0%)
(RDMA_READ_CONSUME_CHECK_CONSUMER) timestamp=5879 ms, used_size=1628160 bytes (4.0%)
(RDMA_READ_CONSUME_CHECK_CONSUMER) timestamp=5879 ms, used_size=1626112 bytes (4.0%)
(RDMA_READ_CONSUME_CHECK_CONSUMER) timestamp=5879 ms, used_size=1624064 bytes (4.0%)
(RDMA_READ_CONSUME_CHECK_CONSUMER) timestamp=5879 ms, used_size=1622016 bytes (4.0%)
(RDMA_READ_CONSUME_CHECK_CONSUMER) timestamp=5879 ms, used_size=1619968 bytes (4.0%)
(RDMA_READ_CONSUME_CHECK_CONSUMER) timestamp=5879 ms, used_size=1617920 bytes (4.0%)
(RDMA_READ_CONSUME_CHECK_CONSUMER) timestamp=5879 ms, used_size=1615872 bytes (3.9%)
(RDMA_READ_CONSUME_CHECK_CONSUMER) timestamp=5879 ms, used_size=1613824 bytes (3.9%)
(RDMA_READ_CONSUME_CHECK_CONSUMER) timestamp=5879 ms, used_size=1611776 bytes (3.9%)
(RDMA_READ_CONSUME_CHECK_CONSUMER) timestamp=5879 ms, used_size=1609728 bytes (3.9%)
(RDMA_READ_CONSUME_CHECK_CONSUMER) timestamp=5879 ms, used_size=1607680 bytes (3.9%)
(RDMA_READ_CONSUME_CHECK_CONSUMER) timestamp=5879 ms, used_size=1605632 bytes (3.9%)
(RDMA_READ_CONSUME_CHECK_CONSUMER) timestamp=5879 ms, used_size=1603584 bytes (3.9%)
(RDMA_READ_CONSUME_CHECK_CONSUMER) timestamp=5879 ms, used_size=1601536 bytes (3.9%)
(RDMA_READ_CONSUME_CHECK_CONSUMER) timestamp=5879 ms, used_size=1599488 bytes (3.9%)
(RDMA_READ_CONSUME_CHECK_CONSUMER) timestamp=5879 ms, used_size=1597440 bytes (3.9%)
(RDMA_READ_CONSUME_CHECK_CONSUMER) timestamp=5879 ms, used_size=1595392 bytes (3.9%)
(RDMA_READ_CONSUME_CHECK_CONSUMER) timestamp=5879 ms, used_size=1593344 bytes (3.9%)
(RDMA_READ_CONSUME_CHECK_CONSUMER) timestamp=5879 ms, used_size=1591296 bytes (3.9%)
(RDMA_READ_CONSUME_CHECK_CONSUMER) timestamp=5879 ms, used_size=1589248 bytes (3.9%)
(RDMA_READ_CONSUME_CHECK_CONSUMER) timestamp=5879 ms, used_size=1587200 bytes (3.9%)
(RDMA_READ_CONSUME_CHECK_CONSUMER) timestamp=5879 ms, used_size=1585152 bytes (3.9%)
(RDMA_READ_CONSUME_CHECK_CONSUMER) timestamp=5879 ms, used_size=1583104 bytes (3.9%)
(RDMA_READ_CONSUME_CHECK_CONSUMER) timestamp=5879 ms, used_size=1581056 bytes (3.9%)
(RDMA_READ_CONSUME_CHECK_CONSUMER) timestamp=5879 ms, used_size=1579008 bytes (3.9%)
(RDMA_READ_CONSUME_CHECK_CONSUMER) timestamp=5879 ms, used_size=1576960 bytes (3.9%)
(RDMA_READ_CONSUME_CHECK_CONSUMER) timestamp=5879 ms, used_size=1574912 bytes (3.8%)
(RDMA_READ_CONSUME_CHECK_CONSUMER) timestamp=5879 ms, used_size=1572864 bytes (3.8%)
(RDMA_READ_CONSUME_CHECK_CONSUMER) timestamp=5879 ms, used_size=1570816 bytes (3.8%)
(RDMA_READ_CONSUME_CHECK_CONSUMER) timestamp=5879 ms, used_size=1568768 bytes (3.8%)
(RDMA_READ_CONSUME_CHECK_CONSUMER) timestamp=5879 ms, used_size=1566720 bytes (3.8%)
(RDMA_READ_CONSUME_CHECK_CONSUMER) timestamp=5879 ms, used_size=1564672 bytes (3.8%)
(RDMA_READ_CONSUME_CHECK_CONSUMER) timestamp=5879 ms, used_size=1562624 bytes (3.8%)
(RDMA_READ_CONSUME_CHECK_CONSUMER) timestamp=5879 ms, used_size=1560576 bytes (3.8%)
(RDMA_READ_CONSUME_CHECK_CONSUMER) timestamp=5879 ms, used_size=1558528 bytes (3.8%)
(RDMA_READ_CONSUME_CHECK_CONSUMER) timestamp=5879 ms, used_size=1556480 bytes (3.8%)
(RDMA_READ_CONSUME_CHECK_CONSUMER) timestamp=5879 ms, used_size=1554432 bytes (3.8%)
(RDMA_READ_CONSUME_CHECK_CONSUMER) timestamp=5879 ms, used_size=1552384 bytes (3.8%)
(RDMA_READ_CONSUME_CHECK_CONSUMER) timestamp=5879 ms, used_size=1550336 bytes (3.8%)
(RDMA_READ_CONSUME_CHECK_CONSUMER) timestamp=5879 ms, used_size=1548288 bytes (3.8%)
(RDMA_READ_CONSUME_CHECK_CONSUMER) timestamp=5879 ms, used_size=1546240 bytes (3.8%)
(RDMA_READ_CONSUME_CHECK_CONSUMER) timestamp=5879 ms, used_size=1544192 bytes (3.8%)
(RDMA_READ_CONSUME_CHECK_CONSUMER) timestamp=5879 ms, used_size=1542144 bytes (3.8%)
(RDMA_READ_CONSUME_CHECK_CONSUMER) timestamp=5879 ms, used_size=1540096 bytes (3.8%)
(RDMA_READ_CONSUME_CHECK_CONSUMER) timestamp=5879 ms, used_size=1538048 bytes (3.8%)
(RDMA_READ_CONSUME_CHECK_CONSUMER) timestamp=5879 ms, used_size=1536000 bytes (3.8%)
(RDMA_READ_CONSUME_CHECK_CONSUMER) timestamp=5879 ms, used_size=1533952 bytes (3.7%)
(RDMA_READ_CONSUME_CHECK_CONSUMER) timestamp=5879 ms, used_size=1531904 bytes (3.7%)
(RDMA_READ_CONSUME_CHECK_CONSUMER) timestamp=5879 ms, used_size=1529856 bytes (3.7%)
(RDMA_READ_CONSUME_CHECK_CONSUMER) timestamp=5879 ms, used_size=1527808 bytes (3.7%)
(RDMA_READ_CONSUME_CHECK_CONSUMER) timestamp=5879 ms, used_size=1525760 bytes (3.7%)
(RDMA_READ_CONSUME_CHECK_CONSUMER) timestamp=5879 ms, used_size=1523712 bytes (3.7%)
(RDMA_READ_CONSUME_CHECK_CONSUMER) timestamp=5879 ms, used_size=1521664 bytes (3.7%)
(RDMA_READ_CONSUME_CHECK_CONSUMER) timestamp=5879 ms, used_size=1519616 bytes (3.7%)
(RDMA_READ_CONSUME_CHECK_CONSUMER) timestamp=5879 ms, used_size=1517568 bytes (3.7%)
(RDMA_READ_CONSUME_CHECK_CONSUMER) timestamp=5879 ms, used_size=1515520 bytes (3.7%)
(RDMA_READ_CONSUME_CHECK_CONSUMER) timestamp=5879 ms, used_size=1513472 bytes (3.7%)
(RDMA_READ_CONSUME_CHECK_CONSUMER) timestamp=5879 ms, used_size=1511424 bytes (3.7%)
(RDMA_READ_CONSUME_CHECK_CONSUMER) timestamp=5879 ms, used_size=1509376 bytes (3.7%)
(RDMA_READ_CONSUME_CHECK_CONSUMER) timestamp=5879 ms, used_size=1507328 bytes (3.7%)
(RDMA_READ_CONSUME_CHECK_CONSUMER) timestamp=5879 ms, used_size=1505280 bytes (3.7%)
(RDMA_READ_CONSUME_CHECK_CONSUMER) timestamp=5879 ms, used_size=1503232 bytes (3.7%)
(RDMA_READ_CONSUME_CHECK_CONSUMER) timestamp=5879 ms, used_size=1501184 bytes (3.7%)
(RDMA_READ_CONSUME_CHECK_CONSUMER) timestamp=5879 ms, used_size=1499136 bytes (3.7%)
(RDMA_READ_CONSUME_CHECK_CONSUMER) timestamp=5879 ms, used_size=1497088 bytes (3.7%)
(RDMA_READ_CONSUME_CHECK_CONSUMER) timestamp=5879 ms, used_size=1495040 bytes (3.6%)
(RDMA_READ_CONSUME_CHECK_CONSUMER) timestamp=5879 ms, used_size=1492992 bytes (3.6%)
(RDMA_READ_CONSUME_CHECK_CONSUMER) timestamp=5879 ms, used_size=1490944 bytes (3.6%)
(RDMA_READ_CONSUME_CHECK_CONSUMER) timestamp=5879 ms, used_size=1488896 bytes (3.6%)
(RDMA_READ_CONSUME_CHECK_CONSUMER) timestamp=5879 ms, used_size=1486848 bytes (3.6%)
(RDMA_READ_CONSUME_CHECK_CONSUMER) timestamp=5879 ms, used_size=1484800 bytes (3.6%)
(RDMA_READ_CONSUME_CHECK_CONSUMER) timestamp=5879 ms, used_size=1482752 bytes (3.6%)
(RDMA_READ_CONSUME_CHECK_CONSUMER) timestamp=5879 ms, used_size=1480704 bytes (3.6%)
(RDMA_READ_CONSUME_CHECK_CONSUMER) timestamp=5879 ms, used_size=1478656 bytes (3.6%)
(RDMA_READ_CONSUME_CHECK_CONSUMER) timestamp=5879 ms, used_size=1476608 bytes (3.6%)
(RDMA_READ_CONSUME_CHECK_CONSUMER) timestamp=5879 ms, used_size=1474560 bytes (3.6%)
(RDMA_READ_CONSUME_CHECK_CONSUMER) timestamp=5879 ms, used_size=1472512 bytes (3.6%)
(RDMA_READ_CONSUME_CHECK_CONSUMER) timestamp=5879 ms, used_size=1470464 bytes (3.6%)
(RDMA_READ_CONSUME_CHECK_CONSUMER) timestamp=5880 ms, used_size=1468416 bytes (3.6%)
(RDMA_READ_CONSUME_CHECK_CONSUMER) timestamp=5880 ms, used_size=1466368 bytes (3.6%)
(RDMA_READ_CONSUME_CHECK_CONSUMER) timestamp=5880 ms, used_size=1464320 bytes (3.6%)
(RDMA_READ_CONSUME_CHECK_CONSUMER) timestamp=5880 ms, used_size=1462272 bytes (3.6%)
(RDMA_READ_CONSUME_CHECK_CONSUMER) timestamp=5880 ms, used_size=1460224 bytes (3.6%)
(RDMA_READ_CONSUME_CHECK_CONSUMER) timestamp=5880 ms, used_size=1458176 bytes (3.6%)
(RDMA_READ_CONSUME_CHECK_CONSUMER) timestamp=5880 ms, used_size=1456128 bytes (3.6%)
(RDMA_READ_CONSUME_CHECK_CONSUMER) timestamp=5880 ms, used_size=1454080 bytes (3.5%)
(RDMA_READ_CONSUME_CHECK_CONSUMER) timestamp=5880 ms, used_size=1452032 bytes (3.5%)
(RDMA_READ_CONSUME_CHECK_CONSUMER) timestamp=5880 ms, used_size=1449984 bytes (3.5%)
(RDMA_READ_CONSUME_CHECK_CONSUMER) timestamp=5880 ms, used_size=1447936 bytes (3.5%)
(RDMA_READ_CONSUME_CHECK_CONSUMER) timestamp=5880 ms, used_size=1445888 bytes (3.5%)
(RDMA_READ_CONSUME_CHECK_CONSUMER) timestamp=5880 ms, used_size=1443840 bytes (3.5%)
(RDMA_READ_CONSUME_CHECK_CONSUMER) timestamp=5880 ms, used_size=1441792 bytes (3.5%)
(RDMA_READ_CONSUME_CHECK_CONSUMER) timestamp=5880 ms, used_size=1439744 bytes (3.5%)
(RDMA_READ_CONSUME_CHECK_CONSUMER) timestamp=5880 ms, used_size=1437696 bytes (3.5%)
(RDMA_READ_CONSUME_CHECK_CONSUMER) timestamp=5880 ms, used_size=1435648 bytes (3.5%)
(RDMA_READ_CONSUME_CHECK_CONSUMER) timestamp=5880 ms, used_size=1433600 bytes (3.5%)
(RDMA_READ_CONSUME_CHECK_CONSUMER) timestamp=5880 ms, used_size=1431552 bytes (3.5%)
(RDMA_READ_CONSUME_CHECK_CONSUMER) timestamp=5880 ms, used_size=1429504 bytes (3.5%)
(RDMA_READ_CONSUME_CHECK_CONSUMER) timestamp=5880 ms, used_size=1427456 bytes (3.5%)
(RDMA_READ_CONSUME_CHECK_CONSUMER) timestamp=5880 ms, used_size=1425408 bytes (3.5%)
(RDMA_READ_CONSUME_CHECK_CONSUMER) timestamp=5880 ms, used_size=1423360 bytes (3.5%)
(RDMA_READ_CONSUME_CHECK_CONSUMER) timestamp=5880 ms, used_size=1421312 bytes (3.5%)
(RDMA_READ_CONSUME_CHECK_CONSUMER) timestamp=5880 ms, used_size=1419264 bytes (3.5%)
(RDMA_READ_CONSUME_CHECK_CONSUMER) timestamp=5880 ms, used_size=1417216 bytes (3.5%)
(RDMA_READ_CONSUME_CHECK_CONSUMER) timestamp=5880 ms, used_size=1415168 bytes (3.5%)
(RDMA_READ_CONSUME_CHECK_CONSUMER) timestamp=5880 ms, used_size=1413120 bytes (3.5%)
(RDMA_READ_CONSUME_CHECK_CONSUMER) timestamp=5880 ms, used_size=1411072 bytes (3.4%)
(RDMA_READ_CONSUME_CHECK_CONSUMER) timestamp=5880 ms, used_size=1409024 bytes (3.4%)
(RDMA_READ_CONSUME_CHECK_CONSUMER) timestamp=5880 ms, used_size=1406976 bytes (3.4%)
(RDMA_READ_CONSUME_CHECK_CONSUMER) timestamp=5880 ms, used_size=1404928 bytes (3.4%)
(RDMA_READ_CONSUME_CHECK_CONSUMER) timestamp=5880 ms, used_size=1402880 bytes (3.4%)
(RDMA_READ_CONSUME_CHECK_CONSUMER) timestamp=5880 ms, used_size=1400832 bytes (3.4%)
(RDMA_READ_CONSUME_CHECK_CONSUMER) timestamp=5880 ms, used_size=1398784 bytes (3.4%)
(RDMA_READ_CONSUME_CHECK_CONSUMER) timestamp=5880 ms, used_size=1396736 bytes (3.4%)
(RDMA_READ_CONSUME_CHECK_CONSUMER) timestamp=5880 ms, used_size=1394688 bytes (3.4%)
(RDMA_READ_CONSUME_CHECK_CONSUMER) timestamp=5880 ms, used_size=1392640 bytes (3.4%)
(RDMA_READ_CONSUME_CHECK_CONSUMER) timestamp=5880 ms, used_size=1390592 bytes (3.4%)
(RDMA_READ_CONSUME_CHECK_CONSUMER) timestamp=5880 ms, used_size=1388544 bytes (3.4%)
(RDMA_READ_CONSUME_CHECK_CONSUMER) timestamp=5880 ms, used_size=1386496 bytes (3.4%)
(RDMA_READ_CONSUME_CHECK_CONSUMER) timestamp=5880 ms, used_size=1384448 bytes (3.4%)
(RDMA_READ_CONSUME_CHECK_CONSUMER) timestamp=5880 ms, used_size=1382400 bytes (3.4%)
(RDMA_READ_CONSUME_CHECK_CONSUMER) timestamp=5880 ms, used_size=1380352 bytes (3.4%)
(RDMA_READ_CONSUME_CHECK_CONSUMER) timestamp=5880 ms, used_size=1378304 bytes (3.4%)
(RDMA_READ_CONSUME_CHECK_CONSUMER) timestamp=5880 ms, used_size=1376256 bytes (3.4%)
(RDMA_READ_CONSUME_CHECK_CONSUMER) timestamp=5880 ms, used_size=1374208 bytes (3.4%)
(RDMA_READ_CONSUME_CHECK_CONSUMER) timestamp=5880 ms, used_size=1372160 bytes (3.4%)
(RDMA_READ_CONSUME_CHECK_CONSUMER) timestamp=5880 ms, used_size=1370112 bytes (3.3%)
(RDMA_READ_CONSUME_CHECK_CONSUMER) timestamp=5880 ms, used_size=1368064 bytes (3.3%)
(RDMA_READ_CONSUME_CHECK_CONSUMER) timestamp=5880 ms, used_size=1366016 bytes (3.3%)
(RDMA_READ_CONSUME_CHECK_CONSUMER) timestamp=5880 ms, used_size=1363968 bytes (3.3%)
(RDMA_READ_CONSUME_CHECK_CONSUMER) timestamp=5880 ms, used_size=1361920 bytes (3.3%)
(RDMA_READ_CONSUME_CHECK_CONSUMER) timestamp=5880 ms, used_size=1359872 bytes (3.3%)
(RDMA_READ_CONSUME_CHECK_CONSUMER) timestamp=5880 ms, used_size=1357824 bytes (3.3%)
(RDMA_READ_CONSUME_CHECK_CONSUMER) timestamp=5880 ms, used_size=1355776 bytes (3.3%)
(RDMA_READ_CONSUME_CHECK_CONSUMER) timestamp=5880 ms, used_size=1353728 bytes (3.3%)
(RDMA_READ_CONSUME_CHECK_CONSUMER) timestamp=5880 ms, used_size=1351680 bytes (3.3%)
(RDMA_READ_CONSUME_CHECK_CONSUMER) timestamp=5880 ms, used_size=1349632 bytes (3.3%)
(RDMA_READ_CONSUME_CHECK_CONSUMER) timestamp=5880 ms, used_size=1347584 bytes (3.3%)
(RDMA_READ_CONSUME_CHECK_CONSUMER) timestamp=5880 ms, used_size=1345536 bytes (3.3%)
(RDMA_READ_CONSUME_CHECK_CONSUMER) timestamp=5880 ms, used_size=1343488 bytes (3.3%)
(RDMA_READ_CONSUME_CHECK_CONSUMER) timestamp=5880 ms, used_size=1341440 bytes (3.3%)
(RDMA_READ_CONSUME_CHECK_CONSUMER) timestamp=5880 ms, used_size=1339392 bytes (3.3%)
(RDMA_READ_CONSUME_CHECK_CONSUMER) timestamp=5880 ms, used_size=1337344 bytes (3.3%)
(RDMA_READ_CONSUME_CHECK_CONSUMER) timestamp=5880 ms, used_size=1335296 bytes (3.3%)
(RDMA_READ_CONSUME_CHECK_CONSUMER) timestamp=5880 ms, used_size=1333248 bytes (3.3%)
(RDMA_READ_CONSUME_CHECK_CONSUMER) timestamp=5880 ms, used_size=1331200 bytes (3.2%)
(RDMA_READ_CONSUME_CHECK_CONSUMER) timestamp=5880 ms, used_size=1329152 bytes (3.2%)
(RDMA_READ_CONSUME_CHECK_CONSUMER) timestamp=5880 ms, used_size=1327104 bytes (3.2%)
(RDMA_READ_CONSUME_CHECK_CONSUMER) timestamp=5880 ms, used_size=1325056 bytes (3.2%)
(RDMA_READ_CONSUME_CHECK_CONSUMER) timestamp=5880 ms, used_size=1323008 bytes (3.2%)
(RDMA_READ_CONSUME_CHECK_CONSUMER) timestamp=5880 ms, used_size=1320960 bytes (3.2%)
(RDMA_READ_CONSUME_CHECK_CONSUMER) timestamp=5880 ms, used_size=1318912 bytes (3.2%)
(RDMA_READ_CONSUME_CHECK_CONSUMER) timestamp=5880 ms, used_size=1316864 bytes (3.2%)
(RDMA_READ_CONSUME_CHECK_CONSUMER) timestamp=5880 ms, used_size=1314816 bytes (3.2%)
(RDMA_READ_CONSUME_CHECK_CONSUMER) timestamp=5880 ms, used_size=1312768 bytes (3.2%)
(RDMA_READ_CONSUME_CHECK_CONSUMER) timestamp=5880 ms, used_size=1310720 bytes (3.2%)
(RDMA_READ_CONSUME_CHECK_CONSUMER) timestamp=5880 ms, used_size=1308672 bytes (3.2%)
(RDMA_READ_CONSUME_CHECK_CONSUMER) timestamp=5880 ms, used_size=1306624 bytes (3.2%)
(RDMA_READ_CONSUME_CHECK_CONSUMER) timestamp=5880 ms, used_size=1304576 bytes (3.2%)
(RDMA_READ_CONSUME_CHECK_CONSUMER) timestamp=5880 ms, used_size=1302528 bytes (3.2%)
(RDMA_READ_CONSUME_CHECK_CONSUMER) timestamp=5880 ms, used_size=1300480 bytes (3.2%)
(RDMA_READ_CONSUME_CHECK_CONSUMER) timestamp=5880 ms, used_size=1298432 bytes (3.2%)
(RDMA_READ_CONSUME_CHECK_CONSUMER) timestamp=5880 ms, used_size=1296384 bytes (3.2%)
(RDMA_READ_CONSUME_CHECK_CONSUMER) timestamp=5880 ms, used_size=1294336 bytes (3.2%)
(RDMA_READ_CONSUME_CHECK_CONSUMER) timestamp=5880 ms, used_size=1292288 bytes (3.2%)
(RDMA_READ_CONSUME_CHECK_CONSUMER) timestamp=5880 ms, used_size=1290240 bytes (3.1%)
(RDMA_READ_CONSUME_CHECK_CONSUMER) timestamp=5880 ms, used_size=1288192 bytes (3.1%)
(RDMA_READ_CONSUME_CHECK_CONSUMER) timestamp=5880 ms, used_size=1286144 bytes (3.1%)
(RDMA_READ_CONSUME_CHECK_CONSUMER) timestamp=5880 ms, used_size=1284096 bytes (3.1%)
(RDMA_READ_CONSUME_CHECK_CONSUMER) timestamp=5880 ms, used_size=1282048 bytes (3.1%)
(RDMA_READ_CONSUME_CHECK_CONSUMER) timestamp=5880 ms, used_size=1280000 bytes (3.1%)
(RDMA_READ_CONSUME_CHECK_CONSUMER) timestamp=5880 ms, used_size=1277952 bytes (3.1%)
(RDMA_READ_CONSUME_CHECK_CONSUMER) timestamp=5880 ms, used_size=1275904 bytes (3.1%)
(RDMA_READ_CONSUME_CHECK_CONSUMER) timestamp=5880 ms, used_size=1273856 bytes (3.1%)
(RDMA_READ_CONSUME_CHECK_CONSUMER) timestamp=5880 ms, used_size=1271808 bytes (3.1%)
(RDMA_READ_CONSUME_CHECK_CONSUMER) timestamp=5880 ms, used_size=1269760 bytes (3.1%)
(RDMA_READ_CONSUME_CHECK_CONSUMER) timestamp=5880 ms, used_size=1267712 bytes (3.1%)
(RDMA_READ_CONSUME_CHECK_CONSUMER) timestamp=5880 ms, used_size=1265664 bytes (3.1%)
(RDMA_READ_CONSUME_CHECK_CONSUMER) timestamp=5880 ms, used_size=1263616 bytes (3.1%)
(RDMA_READ_CONSUME_CHECK_CONSUMER) timestamp=5880 ms, used_size=1261568 bytes (3.1%)
(RDMA_READ_CONSUME_CHECK_CONSUMER) timestamp=5880 ms, used_size=1259520 bytes (3.1%)
(RDMA_READ_CONSUME_CHECK_CONSUMER) timestamp=5880 ms, used_size=1257472 bytes (3.1%)
(RDMA_READ_CONSUME_CHECK_CONSUMER) timestamp=5880 ms, used_size=1255424 bytes (3.1%)
(RDMA_READ_CONSUME_CHECK_CONSUMER) timestamp=5880 ms, used_size=1253376 bytes (3.1%)
(RDMA_READ_CONSUME_CHECK_CONSUMER) timestamp=5880 ms, used_size=1251328 bytes (3.1%)
(RDMA_READ_CONSUME_CHECK_CONSUMER) timestamp=5880 ms, used_size=1249280 bytes (3.0%)
(RDMA_READ_CONSUME_CHECK_CONSUMER) timestamp=5880 ms, used_size=1247232 bytes (3.0%)
(RDMA_READ_CONSUME_CHECK_CONSUMER) timestamp=5880 ms, used_size=1245184 bytes (3.0%)
(RDMA_READ_CONSUME_CHECK_CONSUMER) timestamp=5880 ms, used_size=1243136 bytes (3.0%)
(RDMA_READ_CONSUME_CHECK_CONSUMER) timestamp=5880 ms, used_size=1241088 bytes (3.0%)
(RDMA_READ_CONSUME_CHECK_CONSUMER) timestamp=5880 ms, used_size=1239040 bytes (3.0%)
(RDMA_READ_CONSUME_CHECK_CONSUMER) timestamp=5880 ms, used_size=1236992 bytes (3.0%)
(RDMA_READ_CONSUME_CHECK_CONSUMER) timestamp=5880 ms, used_size=1234944 bytes (3.0%)
(RDMA_READ_CONSUME_CHECK_CONSUMER) timestamp=5880 ms, used_size=1232896 bytes (3.0%)
(RDMA_READ_CONSUME_CHECK_CONSUMER) timestamp=5880 ms, used_size=1230848 bytes (3.0%)
(RDMA_READ_CONSUME_CHECK_CONSUMER) timestamp=5880 ms, used_size=1228800 bytes (3.0%)
(RDMA_READ_CONSUME_CHECK_CONSUMER) timestamp=5880 ms, used_size=1226752 bytes (3.0%)
(RDMA_READ_CONSUME_CHECK_CONSUMER) timestamp=5880 ms, used_size=1224704 bytes (3.0%)
(RDMA_READ_CONSUME_CHECK_CONSUMER) timestamp=5880 ms, used_size=1222656 bytes (3.0%)
(RDMA_READ_CONSUME_CHECK_CONSUMER) timestamp=5880 ms, used_size=1220608 bytes (3.0%)
(RDMA_READ_CONSUME_CHECK_CONSUMER) timestamp=5880 ms, used_size=1218560 bytes (3.0%)
(RDMA_READ_CONSUME_CHECK_CONSUMER) timestamp=5880 ms, used_size=1216512 bytes (3.0%)
(RDMA_READ_CONSUME_CHECK_CONSUMER) timestamp=5880 ms, used_size=1214464 bytes (3.0%)
(RDMA_READ_CONSUME_CHECK_CONSUMER) timestamp=5880 ms, used_size=1212416 bytes (3.0%)
(RDMA_READ_CONSUME_CHECK_CONSUMER) timestamp=5880 ms, used_size=1210368 bytes (3.0%)
(RDMA_READ_CONSUME_CHECK_CONSUMER) timestamp=5880 ms, used_size=1208320 bytes (3.0%)
(RDMA_READ_CONSUME_CHECK_CONSUMER) timestamp=5880 ms, used_size=1206272 bytes (2.9%)
(RDMA_READ_CONSUME_CHECK_CONSUMER) timestamp=5880 ms, used_size=1204224 bytes (2.9%)
(RDMA_READ_CONSUME_CHECK_CONSUMER) timestamp=5880 ms, used_size=1202176 bytes (2.9%)
(RDMA_READ_CONSUME_CHECK_CONSUMER) timestamp=5880 ms, used_size=1200128 bytes (2.9%)
(RDMA_READ_CONSUME_CHECK_CONSUMER) timestamp=5880 ms, used_size=1198080 bytes (2.9%)
(RDMA_READ_CONSUME_CHECK_CONSUMER) timestamp=5880 ms, used_size=1196032 bytes (2.9%)
(RDMA_READ_CONSUME_CHECK_CONSUMER) timestamp=5880 ms, used_size=1193984 bytes (2.9%)
(RDMA_READ_CONSUME_CHECK_CONSUMER) timestamp=5880 ms, used_size=1191936 bytes (2.9%)
(RDMA_READ_CONSUME_CHECK_CONSUMER) timestamp=5880 ms, used_size=1189888 bytes (2.9%)
(RDMA_READ_CONSUME_CHECK_CONSUMER) timestamp=5880 ms, used_size=1187840 bytes (2.9%)
(RDMA_READ_CONSUME_CHECK_CONSUMER) timestamp=5880 ms, used_size=1185792 bytes (2.9%)
(RDMA_READ_CONSUME_CHECK_CONSUMER) timestamp=5880 ms, used_size=1183744 bytes (2.9%)
(RDMA_READ_CONSUME_CHECK_CONSUMER) timestamp=5880 ms, used_size=1181696 bytes (2.9%)
(RDMA_READ_CONSUME_CHECK_CONSUMER) timestamp=5880 ms, used_size=1179648 bytes (2.9%)
(RDMA_READ_CONSUME_CHECK_CONSUMER) timestamp=5880 ms, used_size=1177600 bytes (2.9%)
(RDMA_READ_CONSUME_CHECK_CONSUMER) timestamp=5880 ms, used_size=1175552 bytes (2.9%)
(RDMA_READ_CONSUME_CHECK_CONSUMER) timestamp=5880 ms, used_size=1173504 bytes (2.9%)
(RDMA_READ_CONSUME_CHECK_CONSUMER) timestamp=5880 ms, used_size=1171456 bytes (2.9%)
(RDMA_READ_CONSUME_CHECK_CONSUMER) timestamp=5880 ms, used_size=1169408 bytes (2.9%)
(RDMA_READ_CONSUME_CHECK_CONSUMER) timestamp=5880 ms, used_size=1167360 bytes (2.9%)
(RDMA_READ_CONSUME_CHECK_CONSUMER) timestamp=5880 ms, used_size=1165312 bytes (2.8%)
(RDMA_READ_CONSUME_CHECK_CONSUMER) timestamp=5880 ms, used_size=1163264 bytes (2.8%)
(RDMA_READ_CONSUME_CHECK_CONSUMER) timestamp=5880 ms, used_size=1161216 bytes (2.8%)
(RDMA_READ_CONSUME_CHECK_CONSUMER) timestamp=5880 ms, used_size=1159168 bytes (2.8%)
(RDMA_READ_CONSUME_CHECK_CONSUMER) timestamp=5880 ms, used_size=1157120 bytes (2.8%)
(RDMA_READ_CONSUME_CHECK_CONSUMER) timestamp=5880 ms, used_size=1155072 bytes (2.8%)
(RDMA_READ_CONSUME_CHECK_CONSUMER) timestamp=5880 ms, used_size=1153024 bytes (2.8%)
(RDMA_READ_CONSUME_CHECK_CONSUMER) timestamp=5880 ms, used_size=1150976 bytes (2.8%)
(RDMA_READ_CONSUME_CHECK_CONSUMER) timestamp=5880 ms, used_size=1148928 bytes (2.8%)
(RDMA_READ_CONSUME_CHECK_CONSUMER) timestamp=5880 ms, used_size=1146880 bytes (2.8%)
(RDMA_READ_CONSUME_CHECK_CONSUMER) timestamp=5880 ms, used_size=1144832 bytes (2.8%)
(RDMA_READ_CONSUME_CHECK_CONSUMER) timestamp=5880 ms, used_size=1142784 bytes (2.8%)
(RDMA_READ_CONSUME_CHECK_CONSUMER) timestamp=5880 ms, used_size=1140736 bytes (2.8%)
(RDMA_READ_CONSUME_CHECK_CONSUMER) timestamp=5881 ms, used_size=1138688 bytes (2.8%)
(RDMA_READ_CONSUME_CHECK_CONSUMER) timestamp=5881 ms, used_size=1136640 bytes (2.8%)
(RDMA_READ_CONSUME_CHECK_CONSUMER) timestamp=5881 ms, used_size=1134592 bytes (2.8%)
(RDMA_READ_CONSUME_CHECK_CONSUMER) timestamp=5881 ms, used_size=1132544 bytes (2.8%)
(RDMA_READ_CONSUME_CHECK_CONSUMER) timestamp=5881 ms, used_size=1130496 bytes (2.8%)
(RDMA_READ_CONSUME_CHECK_CONSUMER) timestamp=5881 ms, used_size=1128448 bytes (2.8%)
(RDMA_READ_CONSUME_CHECK_CONSUMER) timestamp=5881 ms, used_size=1126400 bytes (2.8%)
(RDMA_READ_CONSUME_CHECK_CONSUMER) timestamp=5881 ms, used_size=1124352 bytes (2.7%)
(RDMA_READ_CONSUME_CHECK_CONSUMER) timestamp=5881 ms, used_size=1122304 bytes (2.7%)
(RDMA_READ_CONSUME_CHECK_CONSUMER) timestamp=5881 ms, used_size=1120256 bytes (2.7%)
(RDMA_READ_CONSUME_CHECK_CONSUMER) timestamp=5881 ms, used_size=1118208 bytes (2.7%)
(RDMA_READ_CONSUME_CHECK_CONSUMER) timestamp=5881 ms, used_size=1116160 bytes (2.7%)
(RDMA_READ_CONSUME_CHECK_CONSUMER) timestamp=5881 ms, used_size=1114112 bytes (2.7%)
(RDMA_READ_CONSUME_CHECK_CONSUMER) timestamp=5881 ms, used_size=1112064 bytes (2.7%)
(RDMA_READ_CONSUME_CHECK_CONSUMER) timestamp=5881 ms, used_size=1110016 bytes (2.7%)
(RDMA_READ_CONSUME_CHECK_CONSUMER) timestamp=5881 ms, used_size=1107968 bytes (2.7%)
(RDMA_READ_CONSUME_CHECK_CONSUMER) timestamp=5881 ms, used_size=1105920 bytes (2.7%)
(RDMA_READ_CONSUME_CHECK_CONSUMER) timestamp=5881 ms, used_size=1103872 bytes (2.7%)
(RDMA_READ_CONSUME_CHECK_CONSUMER) timestamp=5881 ms, used_size=1101824 bytes (2.7%)
(RDMA_READ_CONSUME_CHECK_CONSUMER) timestamp=5881 ms, used_size=1099776 bytes (2.7%)
(RDMA_READ_CONSUME_CHECK_CONSUMER) timestamp=5881 ms, used_size=1097728 bytes (2.7%)
(RDMA_READ_CONSUME_CHECK_CONSUMER) timestamp=5881 ms, used_size=1095680 bytes (2.7%)
(RDMA_READ_CONSUME_CHECK_CONSUMER) timestamp=5881 ms, used_size=1093632 bytes (2.7%)
(RDMA_READ_CONSUME_CHECK_CONSUMER) timestamp=5881 ms, used_size=1091584 bytes (2.7%)
(RDMA_READ_CONSUME_CHECK_CONSUMER) timestamp=5881 ms, used_size=1089536 bytes (2.7%)
(RDMA_READ_CONSUME_CHECK_CONSUMER) timestamp=5881 ms, used_size=1087488 bytes (2.7%)
(RDMA_READ_CONSUME_CHECK_CONSUMER) timestamp=5881 ms, used_size=1085440 bytes (2.6%)
(RDMA_READ_CONSUME_CHECK_CONSUMER) timestamp=5881 ms, used_size=1083392 bytes (2.6%)
(RDMA_READ_CONSUME_CHECK_CONSUMER) timestamp=5881 ms, used_size=1081344 bytes (2.6%)
(RDMA_READ_CONSUME_CHECK_CONSUMER) timestamp=5881 ms, used_size=1079296 bytes (2.6%)
(RDMA_READ_CONSUME_CHECK_CONSUMER) timestamp=5881 ms, used_size=1077248 bytes (2.6%)
(RDMA_READ_CONSUME_CHECK_CONSUMER) timestamp=5881 ms, used_size=1075200 bytes (2.6%)
(RDMA_READ_CONSUME_CHECK_CONSUMER) timestamp=5881 ms, used_size=1073152 bytes (2.6%)
(RDMA_READ_CONSUME_CHECK_CONSUMER) timestamp=5881 ms, used_size=1071104 bytes (2.6%)
(RDMA_READ_CONSUME_CHECK_CONSUMER) timestamp=5881 ms, used_size=1069056 bytes (2.6%)
(RDMA_READ_CONSUME_CHECK_CONSUMER) timestamp=5881 ms, used_size=1067008 bytes (2.6%)
(RDMA_READ_CONSUME_CHECK_CONSUMER) timestamp=5881 ms, used_size=1064960 bytes (2.6%)
(RDMA_READ_CONSUME_CHECK_CONSUMER) timestamp=5881 ms, used_size=1062912 bytes (2.6%)
(RDMA_READ_CONSUME_CHECK_CONSUMER) timestamp=5881 ms, used_size=1060864 bytes (2.6%)
(RDMA_READ_CONSUME_CHECK_CONSUMER) timestamp=5881 ms, used_size=1058816 bytes (2.6%)
(RDMA_READ_CONSUME_CHECK_CONSUMER) timestamp=5881 ms, used_size=1056768 bytes (2.6%)
(RDMA_READ_CONSUME_CHECK_CONSUMER) timestamp=5881 ms, used_size=1054720 bytes (2.6%)
(RDMA_READ_CONSUME_CHECK_CONSUMER) timestamp=5881 ms, used_size=1052672 bytes (2.6%)
(RDMA_READ_CONSUME_CHECK_CONSUMER) timestamp=5881 ms, used_size=1050624 bytes (2.6%)
(RDMA_READ_CONSUME_CHECK_CONSUMER) timestamp=5881 ms, used_size=1048576 bytes (2.6%)
(RDMA_READ_CONSUME_CHECK_CONSUMER) timestamp=5881 ms, used_size=1046528 bytes (2.6%)
(RDMA_READ_CONSUME_CHECK_CONSUMER) timestamp=5881 ms, used_size=1044480 bytes (2.5%)
(RDMA_READ_CONSUME_CHECK_CONSUMER) timestamp=5881 ms, used_size=1042432 bytes (2.5%)
(RDMA_READ_CONSUME_CHECK_CONSUMER) timestamp=5881 ms, used_size=1040384 bytes (2.5%)
(RDMA_READ_CONSUME_CHECK_CONSUMER) timestamp=5881 ms, used_size=1038336 bytes (2.5%)
(RDMA_READ_CONSUME_CHECK_CONSUMER) timestamp=5881 ms, used_size=1036288 bytes (2.5%)
(RDMA_READ_CONSUME_CHECK_CONSUMER) timestamp=5881 ms, used_size=1034240 bytes (2.5%)
(RDMA_READ_CONSUME_CHECK_CONSUMER) timestamp=5881 ms, used_size=1032192 bytes (2.5%)
(RDMA_READ_CONSUME_CHECK_CONSUMER) timestamp=5881 ms, used_size=1030144 bytes (2.5%)
(RDMA_READ_CONSUME_CHECK_CONSUMER) timestamp=5881 ms, used_size=1028096 bytes (2.5%)
(RDMA_READ_CONSUME_CHECK_CONSUMER) timestamp=5881 ms, used_size=1026048 bytes (2.5%)
(RDMA_READ_CONSUME_CHECK_CONSUMER) timestamp=5881 ms, used_size=1024000 bytes (2.5%)
(RDMA_READ_CONSUME_CHECK_CONSUMER) timestamp=5881 ms, used_size=1021952 bytes (2.5%)
(RDMA_READ_CONSUME_CHECK_CONSUMER) timestamp=5881 ms, used_size=1019904 bytes (2.5%)
(RDMA_READ_CONSUME_CHECK_CONSUMER) timestamp=5881 ms, used_size=1017856 bytes (2.5%)
(RDMA_READ_CONSUME_CHECK_CONSUMER) timestamp=5881 ms, used_size=1015808 bytes (2.5%)
(RDMA_READ_CONSUME_CHECK_CONSUMER) timestamp=5881 ms, used_size=1013760 bytes (2.5%)
(RDMA_READ_CONSUME_CHECK_CONSUMER) timestamp=5881 ms, used_size=1011712 bytes (2.5%)
(RDMA_READ_CONSUME_CHECK_CONSUMER) timestamp=5881 ms, used_size=1009664 bytes (2.5%)
(RDMA_READ_CONSUME_CHECK_CONSUMER) timestamp=5881 ms, used_size=1007616 bytes (2.5%)
(RDMA_READ_CONSUME_CHECK_CONSUMER) timestamp=5881 ms, used_size=1005568 bytes (2.5%)
(RDMA_READ_CONSUME_CHECK_CONSUMER) timestamp=5881 ms, used_size=1003520 bytes (2.5%)
(RDMA_READ_CONSUME_CHECK_CONSUMER) timestamp=5881 ms, used_size=1001472 bytes (2.4%)
(RDMA_READ_CONSUME_CHECK_CONSUMER) timestamp=5881 ms, used_size=999424 bytes (2.4%)
(RDMA_READ_CONSUME_CHECK_CONSUMER) timestamp=5881 ms, used_size=997376 bytes (2.4%)
(RDMA_READ_CONSUME_CHECK_CONSUMER) timestamp=5881 ms, used_size=995328 bytes (2.4%)
(RDMA_READ_CONSUME_CHECK_CONSUMER) timestamp=5881 ms, used_size=993280 bytes (2.4%)
(RDMA_READ_CONSUME_CHECK_CONSUMER) timestamp=5881 ms, used_size=991232 bytes (2.4%)
(RDMA_READ_CONSUME_CHECK_CONSUMER) timestamp=5881 ms, used_size=989184 bytes (2.4%)
(RDMA_READ_CONSUME_CHECK_CONSUMER) timestamp=5881 ms, used_size=987136 bytes (2.4%)
(RDMA_READ_CONSUME_CHECK_CONSUMER) timestamp=5881 ms, used_size=985088 bytes (2.4%)
(RDMA_READ_CONSUME_CHECK_CONSUMER) timestamp=5881 ms, used_size=983040 bytes (2.4%)
(RDMA_READ_CONSUME_CHECK_CONSUMER) timestamp=5881 ms, used_size=980992 bytes (2.4%)
(RDMA_READ_CONSUME_CHECK_CONSUMER) timestamp=5881 ms, used_size=978944 bytes (2.4%)
(RDMA_READ_CONSUME_CHECK_CONSUMER) timestamp=5881 ms, used_size=976896 bytes (2.4%)
(RDMA_READ_CONSUME_CHECK_CONSUMER) timestamp=5881 ms, used_size=974848 bytes (2.4%)
(RDMA_READ_CONSUME_CHECK_CONSUMER) timestamp=5881 ms, used_size=972800 bytes (2.4%)
(RDMA_READ_CONSUME_CHECK_CONSUMER) timestamp=5881 ms, used_size=970752 bytes (2.4%)
(RDMA_READ_CONSUME_CHECK_CONSUMER) timestamp=5881 ms, used_size=968704 bytes (2.4%)
(RDMA_READ_CONSUME_CHECK_CONSUMER) timestamp=5881 ms, used_size=966656 bytes (2.4%)
(RDMA_READ_CONSUME_CHECK_CONSUMER) timestamp=5881 ms, used_size=964608 bytes (2.4%)
(RDMA_READ_CONSUME_CHECK_CONSUMER) timestamp=5881 ms, used_size=962560 bytes (2.4%)
(RDMA_READ_CONSUME_CHECK_CONSUMER) timestamp=5881 ms, used_size=960512 bytes (2.3%)
(RDMA_READ_CONSUME_CHECK_CONSUMER) timestamp=5881 ms, used_size=958464 bytes (2.3%)
(RDMA_READ_CONSUME_CHECK_CONSUMER) timestamp=5881 ms, used_size=956416 bytes (2.3%)
(RDMA_READ_CONSUME_CHECK_CONSUMER) timestamp=5881 ms, used_size=954368 bytes (2.3%)
(RDMA_READ_CONSUME_CHECK_CONSUMER) timestamp=5881 ms, used_size=952320 bytes (2.3%)
(RDMA_READ_CONSUME_CHECK_CONSUMER) timestamp=5881 ms, used_size=950272 bytes (2.3%)
(RDMA_READ_CONSUME_CHECK_CONSUMER) timestamp=5881 ms, used_size=948224 bytes (2.3%)
(RDMA_READ_CONSUME_CHECK_CONSUMER) timestamp=5881 ms, used_size=946176 bytes (2.3%)
(RDMA_READ_CONSUME_CHECK_CONSUMER) timestamp=5881 ms, used_size=944128 bytes (2.3%)
(RDMA_READ_CONSUME_CHECK_CONSUMER) timestamp=5881 ms, used_size=942080 bytes (2.3%)
(RDMA_READ_CONSUME_CHECK_CONSUMER) timestamp=5881 ms, used_size=940032 bytes (2.3%)
(RDMA_READ_CONSUME_CHECK_CONSUMER) timestamp=5881 ms, used_size=937984 bytes (2.3%)
(RDMA_READ_CONSUME_CHECK_CONSUMER) timestamp=5881 ms, used_size=935936 bytes (2.3%)
(RDMA_READ_CONSUME_CHECK_CONSUMER) timestamp=5881 ms, used_size=933888 bytes (2.3%)
(RDMA_READ_CONSUME_CHECK_CONSUMER) timestamp=5881 ms, used_size=931840 bytes (2.3%)
(RDMA_READ_CONSUME_CHECK_CONSUMER) timestamp=5881 ms, used_size=929792 bytes (2.3%)
(RDMA_READ_CONSUME_CHECK_CONSUMER) timestamp=5881 ms, used_size=927744 bytes (2.3%)
(RDMA_READ_CONSUME_CHECK_CONSUMER) timestamp=5881 ms, used_size=925696 bytes (2.3%)
(RDMA_READ_CONSUME_CHECK_CONSUMER) timestamp=5881 ms, used_size=923648 bytes (2.3%)
(RDMA_READ_CONSUME_CHECK_CONSUMER) timestamp=5881 ms, used_size=921600 bytes (2.2%)
(RDMA_READ_CONSUME_CHECK_CONSUMER) timestamp=5881 ms, used_size=919552 bytes (2.2%)
(RDMA_READ_CONSUME_CHECK_CONSUMER) timestamp=5881 ms, used_size=917504 bytes (2.2%)
(RDMA_READ_CONSUME_CHECK_CONSUMER) timestamp=5881 ms, used_size=915456 bytes (2.2%)
(RDMA_READ_CONSUME_CHECK_CONSUMER) timestamp=5881 ms, used_size=913408 bytes (2.2%)
(RDMA_READ_CONSUME_CHECK_CONSUMER) timestamp=5881 ms, used_size=911360 bytes (2.2%)
(RDMA_READ_CONSUME_CHECK_CONSUMER) timestamp=5881 ms, used_size=909312 bytes (2.2%)
(RDMA_READ_CONSUME_CHECK_CONSUMER) timestamp=5881 ms, used_size=907264 bytes (2.2%)
(RDMA_READ_CONSUME_CHECK_CONSUMER) timestamp=5881 ms, used_size=905216 bytes (2.2%)
(RDMA_READ_CONSUME_CHECK_CONSUMER) timestamp=5881 ms, used_size=903168 bytes (2.2%)
(RDMA_READ_CONSUME_CHECK_CONSUMER) timestamp=5881 ms, used_size=901120 bytes (2.2%)
(RDMA_READ_CONSUME_CHECK_CONSUMER) timestamp=5881 ms, used_size=899072 bytes (2.2%)
(RDMA_READ_CONSUME_CHECK_CONSUMER) timestamp=5881 ms, used_size=897024 bytes (2.2%)
(RDMA_READ_CONSUME_CHECK_CONSUMER) timestamp=5881 ms, used_size=894976 bytes (2.2%)
(RDMA_READ_CONSUME_CHECK_CONSUMER) timestamp=5881 ms, used_size=892928 bytes (2.2%)
(RDMA_READ_CONSUME_CHECK_CONSUMER) timestamp=5881 ms, used_size=890880 bytes (2.2%)
(RDMA_READ_CONSUME_CHECK_CONSUMER) timestamp=5881 ms, used_size=888832 bytes (2.2%)
(RDMA_READ_CONSUME_CHECK_CONSUMER) timestamp=5881 ms, used_size=886784 bytes (2.2%)
(RDMA_READ_CONSUME_CHECK_CONSUMER) timestamp=5881 ms, used_size=884736 bytes (2.2%)
(RDMA_READ_CONSUME_CHECK_CONSUMER) timestamp=5881 ms, used_size=882688 bytes (2.2%)
(RDMA_READ_CONSUME_CHECK_CONSUMER) timestamp=5881 ms, used_size=880640 bytes (2.1%)
(RDMA_READ_CONSUME_CHECK_CONSUMER) timestamp=5881 ms, used_size=878592 bytes (2.1%)
(RDMA_READ_CONSUME_CHECK_CONSUMER) timestamp=5881 ms, used_size=876544 bytes (2.1%)
(RDMA_READ_CONSUME_CHECK_CONSUMER) timestamp=5881 ms, used_size=874496 bytes (2.1%)
(RDMA_READ_CONSUME_CHECK_CONSUMER) timestamp=5881 ms, used_size=872448 bytes (2.1%)
(RDMA_READ_CONSUME_CHECK_CONSUMER) timestamp=5881 ms, used_size=870400 bytes (2.1%)
(RDMA_READ_CONSUME_CHECK_CONSUMER) timestamp=5881 ms, used_size=868352 bytes (2.1%)
(RDMA_READ_CONSUME_CHECK_CONSUMER) timestamp=5881 ms, used_size=866304 bytes (2.1%)
(RDMA_READ_CONSUME_CHECK_CONSUMER) timestamp=5881 ms, used_size=864256 bytes (2.1%)
(RDMA_READ_CONSUME_CHECK_CONSUMER) timestamp=5881 ms, used_size=862208 bytes (2.1%)
(RDMA_READ_CONSUME_CHECK_CONSUMER) timestamp=5881 ms, used_size=860160 bytes (2.1%)
(RDMA_READ_CONSUME_CHECK_CONSUMER) timestamp=5881 ms, used_size=858112 bytes (2.1%)
(RDMA_READ_CONSUME_CHECK_CONSUMER) timestamp=5881 ms, used_size=856064 bytes (2.1%)
(RDMA_READ_CONSUME_CHECK_CONSUMER) timestamp=5881 ms, used_size=854016 bytes (2.1%)
(RDMA_READ_CONSUME_CHECK_CONSUMER) timestamp=5881 ms, used_size=851968 bytes (2.1%)
(RDMA_READ_CONSUME_CHECK_CONSUMER) timestamp=5881 ms, used_size=849920 bytes (2.1%)
(RDMA_READ_CONSUME_CHECK_CONSUMER) timestamp=5881 ms, used_size=847872 bytes (2.1%)
(RDMA_READ_CONSUME_CHECK_CONSUMER) timestamp=5881 ms, used_size=845824 bytes (2.1%)
(RDMA_READ_CONSUME_CHECK_CONSUMER) timestamp=5881 ms, used_size=843776 bytes (2.1%)
(RDMA_READ_CONSUME_CHECK_CONSUMER) timestamp=5881 ms, used_size=841728 bytes (2.1%)
(RDMA_READ_CONSUME_CHECK_CONSUMER) timestamp=5881 ms, used_size=839680 bytes (2.0%)
(RDMA_READ_CONSUME_CHECK_CONSUMER) timestamp=5881 ms, used_size=837632 bytes (2.0%)
(RDMA_READ_CONSUME_CHECK_CONSUMER) timestamp=5881 ms, used_size=835584 bytes (2.0%)
(RDMA_READ_CONSUME_CHECK_CONSUMER) timestamp=5881 ms, used_size=833536 bytes (2.0%)
(RDMA_READ_CONSUME_CHECK_CONSUMER) timestamp=5881 ms, used_size=831488 bytes (2.0%)
(RDMA_READ_CONSUME_CHECK_CONSUMER) timestamp=5881 ms, used_size=829440 bytes (2.0%)
(RDMA_READ_CONSUME_CHECK_CONSUMER) timestamp=5881 ms, used_size=827392 bytes (2.0%)
(RDMA_READ_CONSUME_CHECK_CONSUMER) timestamp=5881 ms, used_size=825344 bytes (2.0%)
(RDMA_READ_CONSUME_CHECK_CONSUMER) timestamp=5881 ms, used_size=823296 bytes (2.0%)
(RDMA_READ_CONSUME_CHECK_CONSUMER) timestamp=5881 ms, used_size=821248 bytes (2.0%)
(RDMA_READ_CONSUME_CHECK_CONSUMER) timestamp=5881 ms, used_size=819200 bytes (2.0%)
(RDMA_READ_CONSUME_CHECK_CONSUMER) timestamp=5881 ms, used_size=817152 bytes (2.0%)
(RDMA_READ_CONSUME_CHECK_CONSUMER) timestamp=5881 ms, used_size=815104 bytes (2.0%)
(RDMA_READ_CONSUME_CHECK_CONSUMER) timestamp=5881 ms, used_size=813056 bytes (2.0%)
(RDMA_READ_CONSUME_CHECK_CONSUMER) timestamp=5881 ms, used_size=811008 bytes (2.0%)
(RDMA_READ_CONSUME_CHECK_CONSUMER) timestamp=5881 ms, used_size=808960 bytes (2.0%)
(RDMA_READ_CONSUME_CHECK_CONSUMER) timestamp=5881 ms, used_size=806912 bytes (2.0%)
(RDMA_READ_CONSUME_CHECK_CONSUMER) timestamp=5882 ms, used_size=804864 bytes (2.0%)
(RDMA_READ_CONSUME_CHECK_CONSUMER) timestamp=5882 ms, used_size=802816 bytes (2.0%)
(RDMA_READ_CONSUME_CHECK_CONSUMER) timestamp=5882 ms, used_size=800768 bytes (2.0%)
(RDMA_READ_CONSUME_CHECK_CONSUMER) timestamp=5882 ms, used_size=798720 bytes (1.9%)
(RDMA_READ_CONSUME_CHECK_CONSUMER) timestamp=5882 ms, used_size=796672 bytes (1.9%)
(RDMA_READ_CONSUME_CHECK_CONSUMER) timestamp=5882 ms, used_size=794624 bytes (1.9%)
(RDMA_READ_CONSUME_CHECK_CONSUMER) timestamp=5882 ms, used_size=792576 bytes (1.9%)
(RDMA_READ_CONSUME_CHECK_CONSUMER) timestamp=5882 ms, used_size=790528 bytes (1.9%)
(RDMA_READ_CONSUME_CHECK_CONSUMER) timestamp=5882 ms, used_size=788480 bytes (1.9%)
(RDMA_READ_CONSUME_CHECK_CONSUMER) timestamp=5882 ms, used_size=786432 bytes (1.9%)
(RDMA_READ_CONSUME_CHECK_CONSUMER) timestamp=5882 ms, used_size=784384 bytes (1.9%)
(RDMA_READ_CONSUME_CHECK_CONSUMER) timestamp=5882 ms, used_size=782336 bytes (1.9%)
(RDMA_READ_CONSUME_CHECK_CONSUMER) timestamp=5882 ms, used_size=780288 bytes (1.9%)
(RDMA_READ_CONSUME_CHECK_CONSUMER) timestamp=5882 ms, used_size=778240 bytes (1.9%)
(RDMA_READ_CONSUME_CHECK_CONSUMER) timestamp=5882 ms, used_size=776192 bytes (1.9%)
(RDMA_READ_CONSUME_CHECK_CONSUMER) timestamp=5882 ms, used_size=774144 bytes (1.9%)
(RDMA_READ_CONSUME_CHECK_CONSUMER) timestamp=5882 ms, used_size=772096 bytes (1.9%)
(RDMA_READ_CONSUME_CHECK_CONSUMER) timestamp=5882 ms, used_size=770048 bytes (1.9%)
(RDMA_READ_CONSUME_CHECK_CONSUMER) timestamp=5882 ms, used_size=768000 bytes (1.9%)
(RDMA_READ_CONSUME_CHECK_CONSUMER) timestamp=5882 ms, used_size=765952 bytes (1.9%)
(RDMA_READ_CONSUME_CHECK_CONSUMER) timestamp=5882 ms, used_size=763904 bytes (1.9%)
(RDMA_READ_CONSUME_CHECK_CONSUMER) timestamp=5882 ms, used_size=761856 bytes (1.9%)
(RDMA_READ_CONSUME_CHECK_CONSUMER) timestamp=5882 ms, used_size=759808 bytes (1.9%)
(RDMA_READ_CONSUME_CHECK_CONSUMER) timestamp=5882 ms, used_size=757760 bytes (1.9%)
(RDMA_READ_CONSUME_CHECK_CONSUMER) timestamp=5882 ms, used_size=755712 bytes (1.8%)
(RDMA_READ_CONSUME_CHECK_CONSUMER) timestamp=5882 ms, used_size=753664 bytes (1.8%)
(RDMA_READ_CONSUME_CHECK_CONSUMER) timestamp=5882 ms, used_size=751616 bytes (1.8%)
(RDMA_READ_CONSUME_CHECK_CONSUMER) timestamp=5882 ms, used_size=749568 bytes (1.8%)
(RDMA_READ_CONSUME_CHECK_CONSUMER) timestamp=5882 ms, used_size=747520 bytes (1.8%)
(RDMA_READ_CONSUME_CHECK_CONSUMER) timestamp=5882 ms, used_size=745472 bytes (1.8%)
(RDMA_READ_CONSUME_CHECK_CONSUMER) timestamp=5882 ms, used_size=743424 bytes (1.8%)
(RDMA_READ_CONSUME_CHECK_CONSUMER) timestamp=5882 ms, used_size=741376 bytes (1.8%)
(RDMA_READ_CONSUME_CHECK_CONSUMER) timestamp=5882 ms, used_size=739328 bytes (1.8%)
(RDMA_READ_CONSUME_CHECK_CONSUMER) timestamp=5882 ms, used_size=737280 bytes (1.8%)
(RDMA_READ_CONSUME_CHECK_CONSUMER) timestamp=5882 ms, used_size=735232 bytes (1.8%)
(RDMA_READ_CONSUME_CHECK_CONSUMER) timestamp=5882 ms, used_size=733184 bytes (1.8%)
(RDMA_READ_CONSUME_CHECK_CONSUMER) timestamp=5882 ms, used_size=731136 bytes (1.8%)
(RDMA_READ_CONSUME_CHECK_CONSUMER) timestamp=5882 ms, used_size=729088 bytes (1.8%)
(RDMA_READ_CONSUME_CHECK_CONSUMER) timestamp=5882 ms, used_size=727040 bytes (1.8%)
(RDMA_READ_CONSUME_CHECK_CONSUMER) timestamp=5882 ms, used_size=724992 bytes (1.8%)
(RDMA_READ_CONSUME_CHECK_CONSUMER) timestamp=5882 ms, used_size=722944 bytes (1.8%)
(RDMA_READ_CONSUME_CHECK_CONSUMER) timestamp=5882 ms, used_size=720896 bytes (1.8%)
(RDMA_READ_CONSUME_CHECK_CONSUMER) timestamp=5882 ms, used_size=718848 bytes (1.8%)
(RDMA_READ_CONSUME_CHECK_CONSUMER) timestamp=5882 ms, used_size=716800 bytes (1.8%)
(RDMA_READ_CONSUME_CHECK_CONSUMER) timestamp=5882 ms, used_size=714752 bytes (1.7%)
(RDMA_READ_CONSUME_CHECK_CONSUMER) timestamp=5882 ms, used_size=712704 bytes (1.7%)
(RDMA_READ_CONSUME_CHECK_CONSUMER) timestamp=5882 ms, used_size=710656 bytes (1.7%)
(RDMA_READ_CONSUME_CHECK_CONSUMER) timestamp=5882 ms, used_size=708608 bytes (1.7%)
(RDMA_READ_CONSUME_CHECK_CONSUMER) timestamp=5882 ms, used_size=706560 bytes (1.7%)
(RDMA_READ_CONSUME_CHECK_CONSUMER) timestamp=5882 ms, used_size=704512 bytes (1.7%)
(RDMA_READ_CONSUME_CHECK_CONSUMER) timestamp=5882 ms, used_size=702464 bytes (1.7%)
(RDMA_READ_CONSUME_CHECK_CONSUMER) timestamp=5882 ms, used_size=700416 bytes (1.7%)
(RDMA_READ_CONSUME_CHECK_CONSUMER) timestamp=5882 ms, used_size=698368 bytes (1.7%)
(RDMA_READ_CONSUME_CHECK_CONSUMER) timestamp=5882 ms, used_size=696320 bytes (1.7%)
(RDMA_READ_CONSUME_CHECK_CONSUMER) timestamp=5882 ms, used_size=694272 bytes (1.7%)
(RDMA_READ_CONSUME_CHECK_CONSUMER) timestamp=5882 ms, used_size=692224 bytes (1.7%)
(RDMA_READ_CONSUME_CHECK_CONSUMER) timestamp=5882 ms, used_size=690176 bytes (1.7%)
(RDMA_READ_CONSUME_CHECK_CONSUMER) timestamp=5882 ms, used_size=688128 bytes (1.7%)
(RDMA_READ_CONSUME_CHECK_CONSUMER) timestamp=5882 ms, used_size=686080 bytes (1.7%)
(RDMA_READ_CONSUME_CHECK_CONSUMER) timestamp=5882 ms, used_size=684032 bytes (1.7%)
(RDMA_READ_CONSUME_CHECK_CONSUMER) timestamp=5882 ms, used_size=681984 bytes (1.7%)
(RDMA_READ_CONSUME_CHECK_CONSUMER) timestamp=5882 ms, used_size=679936 bytes (1.7%)
(RDMA_READ_CONSUME_CHECK_CONSUMER) timestamp=5882 ms, used_size=677888 bytes (1.7%)
(RDMA_READ_CONSUME_CHECK_CONSUMER) timestamp=5882 ms, used_size=675840 bytes (1.6%)
(RDMA_READ_CONSUME_CHECK_CONSUMER) timestamp=5882 ms, used_size=673792 bytes (1.6%)
(RDMA_READ_CONSUME_CHECK_CONSUMER) timestamp=5882 ms, used_size=671744 bytes (1.6%)
(RDMA_READ_CONSUME_CHECK_CONSUMER) timestamp=5882 ms, used_size=669696 bytes (1.6%)
(RDMA_READ_CONSUME_CHECK_CONSUMER) timestamp=5882 ms, used_size=667648 bytes (1.6%)
(RDMA_READ_CONSUME_CHECK_CONSUMER) timestamp=5882 ms, used_size=665600 bytes (1.6%)
(RDMA_READ_CONSUME_CHECK_CONSUMER) timestamp=5882 ms, used_size=663552 bytes (1.6%)
(RDMA_READ_CONSUME_CHECK_CONSUMER) timestamp=5882 ms, used_size=661504 bytes (1.6%)
(RDMA_READ_CONSUME_CHECK_CONSUMER) timestamp=5882 ms, used_size=659456 bytes (1.6%)
(RDMA_READ_CONSUME_CHECK_CONSUMER) timestamp=5882 ms, used_size=657408 bytes (1.6%)
(RDMA_READ_CONSUME_CHECK_CONSUMER) timestamp=5882 ms, used_size=655360 bytes (1.6%)
(RDMA_READ_CONSUME_CHECK_CONSUMER) timestamp=5882 ms, used_size=653312 bytes (1.6%)
(RDMA_READ_CONSUME_CHECK_CONSUMER) timestamp=5882 ms, used_size=651264 bytes (1.6%)
(RDMA_READ_CONSUME_CHECK_CONSUMER) timestamp=5882 ms, used_size=649216 bytes (1.6%)
(RDMA_READ_CONSUME_CHECK_CONSUMER) timestamp=5882 ms, used_size=647168 bytes (1.6%)
(RDMA_READ_CONSUME_CHECK_CONSUMER) timestamp=5882 ms, used_size=645120 bytes (1.6%)
(RDMA_READ_CONSUME_CHECK_CONSUMER) timestamp=5882 ms, used_size=643072 bytes (1.6%)
(RDMA_READ_CONSUME_CHECK_CONSUMER) timestamp=5882 ms, used_size=641024 bytes (1.6%)
(RDMA_READ_CONSUME_CHECK_CONSUMER) timestamp=5882 ms, used_size=638976 bytes (1.6%)
(RDMA_READ_CONSUME_CHECK_CONSUMER) timestamp=5882 ms, used_size=636928 bytes (1.6%)
(RDMA_READ_CONSUME_CHECK_CONSUMER) timestamp=5882 ms, used_size=634880 bytes (1.6%)
(RDMA_READ_CONSUME_CHECK_CONSUMER) timestamp=5882 ms, used_size=632832 bytes (1.5%)
(RDMA_READ_CONSUME_CHECK_CONSUMER) timestamp=5882 ms, used_size=630784 bytes (1.5%)
(RDMA_READ_CONSUME_CHECK_CONSUMER) timestamp=5882 ms, used_size=628736 bytes (1.5%)
(RDMA_READ_CONSUME_CHECK_CONSUMER) timestamp=5882 ms, used_size=626688 bytes (1.5%)
(RDMA_READ_CONSUME_CHECK_CONSUMER) timestamp=5882 ms, used_size=624640 bytes (1.5%)
(RDMA_READ_CONSUME_CHECK_CONSUMER) timestamp=5882 ms, used_size=622592 bytes (1.5%)
(RDMA_READ_CONSUME_CHECK_CONSUMER) timestamp=5882 ms, used_size=620544 bytes (1.5%)
(RDMA_READ_CONSUME_CHECK_CONSUMER) timestamp=5882 ms, used_size=618496 bytes (1.5%)
(RDMA_READ_CONSUME_CHECK_CONSUMER) timestamp=5882 ms, used_size=616448 bytes (1.5%)
(RDMA_READ_CONSUME_CHECK_CONSUMER) timestamp=5882 ms, used_size=614400 bytes (1.5%)
(RDMA_READ_CONSUME_CHECK_CONSUMER) timestamp=5882 ms, used_size=612352 bytes (1.5%)
(RDMA_READ_CONSUME_CHECK_CONSUMER) timestamp=5882 ms, used_size=610304 bytes (1.5%)
(RDMA_READ_CONSUME_CHECK_CONSUMER) timestamp=5882 ms, used_size=608256 bytes (1.5%)
(RDMA_READ_CONSUME_CHECK_CONSUMER) timestamp=5882 ms, used_size=606208 bytes (1.5%)
(RDMA_READ_CONSUME_CHECK_CONSUMER) timestamp=5882 ms, used_size=604160 bytes (1.5%)
(RDMA_READ_CONSUME_CHECK_CONSUMER) timestamp=5882 ms, used_size=602112 bytes (1.5%)
(RDMA_READ_CONSUME_CHECK_CONSUMER) timestamp=5882 ms, used_size=600064 bytes (1.5%)
(RDMA_READ_CONSUME_CHECK_CONSUMER) timestamp=5882 ms, used_size=598016 bytes (1.5%)
(RDMA_READ_CONSUME_CHECK_CONSUMER) timestamp=5882 ms, used_size=595968 bytes (1.5%)
(RDMA_READ_CONSUME_CHECK_CONSUMER) timestamp=5882 ms, used_size=593920 bytes (1.4%)
(RDMA_READ_CONSUME_CHECK_CONSUMER) timestamp=5882 ms, used_size=591872 bytes (1.4%)
(RDMA_READ_CONSUME_CHECK_CONSUMER) timestamp=5882 ms, used_size=589824 bytes (1.4%)
(RDMA_READ_CONSUME_CHECK_CONSUMER) timestamp=5882 ms, used_size=587776 bytes (1.4%)
(RDMA_READ_CONSUME_CHECK_CONSUMER) timestamp=5882 ms, used_size=585728 bytes (1.4%)
(RDMA_READ_CONSUME_CHECK_CONSUMER) timestamp=5882 ms, used_size=583680 bytes (1.4%)
(RDMA_READ_CONSUME_CHECK_CONSUMER) timestamp=5882 ms, used_size=581632 bytes (1.4%)
(RDMA_READ_CONSUME_CHECK_CONSUMER) timestamp=5882 ms, used_size=579584 bytes (1.4%)
(RDMA_READ_CONSUME_CHECK_CONSUMER) timestamp=5882 ms, used_size=577536 bytes (1.4%)
(RDMA_READ_CONSUME_CHECK_CONSUMER) timestamp=5882 ms, used_size=575488 bytes (1.4%)
(RDMA_READ_CONSUME_CHECK_CONSUMER) timestamp=5882 ms, used_size=573440 bytes (1.4%)
(RDMA_READ_CONSUME_CHECK_CONSUMER) timestamp=5882 ms, used_size=571392 bytes (1.4%)
(RDMA_READ_CONSUME_CHECK_CONSUMER) timestamp=5882 ms, used_size=569344 bytes (1.4%)
(RDMA_READ_CONSUME_CHECK_CONSUMER) timestamp=5882 ms, used_size=567296 bytes (1.4%)
(RDMA_READ_CONSUME_CHECK_CONSUMER) timestamp=5882 ms, used_size=565248 bytes (1.4%)
(RDMA_READ_CONSUME_CHECK_CONSUMER) timestamp=5882 ms, used_size=563200 bytes (1.4%)
(RDMA_READ_CONSUME_CHECK_CONSUMER) timestamp=5882 ms, used_size=561152 bytes (1.4%)
(RDMA_READ_CONSUME_CHECK_CONSUMER) timestamp=5882 ms, used_size=559104 bytes (1.4%)
(RDMA_READ_CONSUME_CHECK_CONSUMER) timestamp=5882 ms, used_size=557056 bytes (1.4%)
(RDMA_READ_CONSUME_CHECK_CONSUMER) timestamp=5882 ms, used_size=555008 bytes (1.4%)
(RDMA_READ_CONSUME_CHECK_CONSUMER) timestamp=5882 ms, used_size=552960 bytes (1.4%)
(RDMA_READ_CONSUME_CHECK_CONSUMER) timestamp=5882 ms, used_size=550912 bytes (1.3%)
(RDMA_READ_CONSUME_CHECK_CONSUMER) timestamp=5882 ms, used_size=548864 bytes (1.3%)
(RDMA_READ_CONSUME_CHECK_CONSUMER) timestamp=5882 ms, used_size=546816 bytes (1.3%)
(RDMA_READ_CONSUME_CHECK_CONSUMER) timestamp=5882 ms, used_size=544768 bytes (1.3%)
(RDMA_READ_CONSUME_CHECK_CONSUMER) timestamp=5882 ms, used_size=542720 bytes (1.3%)
(RDMA_READ_CONSUME_CHECK_CONSUMER) timestamp=5882 ms, used_size=540672 bytes (1.3%)
(RDMA_READ_CONSUME_CHECK_CONSUMER) timestamp=5882 ms, used_size=538624 bytes (1.3%)
(RDMA_READ_CONSUME_CHECK_CONSUMER) timestamp=5882 ms, used_size=536576 bytes (1.3%)
(RDMA_READ_CONSUME_CHECK_CONSUMER) timestamp=5882 ms, used_size=534528 bytes (1.3%)
(RDMA_READ_CONSUME_CHECK_CONSUMER) timestamp=5882 ms, used_size=532480 bytes (1.3%)
(RDMA_READ_CONSUME_CHECK_CONSUMER) timestamp=5882 ms, used_size=530432 bytes (1.3%)
(RDMA_READ_CONSUME_CHECK_CONSUMER) timestamp=5882 ms, used_size=528384 bytes (1.3%)
(RDMA_READ_CONSUME_CHECK_CONSUMER) timestamp=5882 ms, used_size=526336 bytes (1.3%)
(RDMA_READ_CONSUME_CHECK_CONSUMER) timestamp=5882 ms, used_size=524288 bytes (1.3%)
(RDMA_READ_CONSUME_CHECK_CONSUMER) timestamp=5882 ms, used_size=522240 bytes (1.3%)
(RDMA_READ_CONSUME_CHECK_CONSUMER) timestamp=5882 ms, used_size=520192 bytes (1.3%)
(RDMA_READ_CONSUME_CHECK_CONSUMER) timestamp=5882 ms, used_size=518144 bytes (1.3%)
(RDMA_READ_CONSUME_CHECK_CONSUMER) timestamp=5882 ms, used_size=516096 bytes (1.3%)
(RDMA_READ_CONSUME_CHECK_CONSUMER) timestamp=5882 ms, used_size=514048 bytes (1.3%)
(RDMA_READ_CONSUME_CHECK_CONSUMER) timestamp=5882 ms, used_size=512000 bytes (1.2%)
(RDMA_READ_CONSUME_CHECK_CONSUMER) timestamp=5882 ms, used_size=509952 bytes (1.2%)
(RDMA_READ_CONSUME_CHECK_CONSUMER) timestamp=5882 ms, used_size=507904 bytes (1.2%)
(RDMA_READ_CONSUME_CHECK_CONSUMER) timestamp=5882 ms, used_size=505856 bytes (1.2%)
(RDMA_READ_CONSUME_CHECK_CONSUMER) timestamp=5882 ms, used_size=503808 bytes (1.2%)
(RDMA_READ_CONSUME_CHECK_CONSUMER) timestamp=5882 ms, used_size=501760 bytes (1.2%)
(RDMA_READ_CONSUME_CHECK_CONSUMER) timestamp=5882 ms, used_size=499712 bytes (1.2%)
(RDMA_READ_CONSUME_CHECK_CONSUMER) timestamp=5882 ms, used_size=497664 bytes (1.2%)
(RDMA_READ_CONSUME_CHECK_CONSUMER) timestamp=5882 ms, used_size=495616 bytes (1.2%)
(RDMA_READ_CONSUME_CHECK_CONSUMER) timestamp=5882 ms, used_size=493568 bytes (1.2%)
(RDMA_READ_CONSUME_CHECK_CONSUMER) timestamp=5882 ms, used_size=491520 bytes (1.2%)
(RDMA_READ_CONSUME_CHECK_CONSUMER) timestamp=5882 ms, used_size=489472 bytes (1.2%)
(RDMA_READ_CONSUME_CHECK_CONSUMER) timestamp=5882 ms, used_size=487424 bytes (1.2%)
(RDMA_READ_CONSUME_CHECK_CONSUMER) timestamp=5882 ms, used_size=485376 bytes (1.2%)
(RDMA_READ_CONSUME_CHECK_CONSUMER) timestamp=5882 ms, used_size=483328 bytes (1.2%)
(RDMA_READ_CONSUME_CHECK_CONSUMER) timestamp=5882 ms, used_size=481280 bytes (1.2%)
(RDMA_READ_CONSUME_CHECK_CONSUMER) timestamp=5882 ms, used_size=479232 bytes (1.2%)
(RDMA_READ_CONSUME_CHECK_CONSUMER) timestamp=5882 ms, used_size=477184 bytes (1.2%)
(RDMA_READ_CONSUME_CHECK_CONSUMER) timestamp=5882 ms, used_size=475136 bytes (1.2%)
(RDMA_READ_CONSUME_CHECK_CONSUMER) timestamp=5882 ms, used_size=473088 bytes (1.2%)
(RDMA_READ_CONSUME_CHECK_CONSUMER) timestamp=5883 ms, used_size=471040 bytes (1.1%)
(RDMA_READ_CONSUME_CHECK_CONSUMER) timestamp=5883 ms, used_size=468992 bytes (1.1%)
(RDMA_READ_CONSUME_CHECK_CONSUMER) timestamp=5883 ms, used_size=466944 bytes (1.1%)
(RDMA_READ_CONSUME_CHECK_CONSUMER) timestamp=5883 ms, used_size=464896 bytes (1.1%)
(RDMA_READ_CONSUME_CHECK_CONSUMER) timestamp=5883 ms, used_size=462848 bytes (1.1%)
(RDMA_READ_CONSUME_CHECK_CONSUMER) timestamp=5883 ms, used_size=460800 bytes (1.1%)
(RDMA_READ_CONSUME_CHECK_CONSUMER) timestamp=5883 ms, used_size=458752 bytes (1.1%)
(RDMA_READ_CONSUME_CHECK_CONSUMER) timestamp=5883 ms, used_size=456704 bytes (1.1%)
(RDMA_READ_CONSUME_CHECK_CONSUMER) timestamp=5883 ms, used_size=454656 bytes (1.1%)
(RDMA_READ_CONSUME_CHECK_CONSUMER) timestamp=5883 ms, used_size=452608 bytes (1.1%)
(RDMA_READ_CONSUME_CHECK_CONSUMER) timestamp=5883 ms, used_size=450560 bytes (1.1%)
(RDMA_READ_CONSUME_CHECK_CONSUMER) timestamp=5883 ms, used_size=448512 bytes (1.1%)
(RDMA_READ_CONSUME_CHECK_CONSUMER) timestamp=5883 ms, used_size=446464 bytes (1.1%)
(RDMA_READ_CONSUME_CHECK_CONSUMER) timestamp=5883 ms, used_size=444416 bytes (1.1%)
(RDMA_READ_CONSUME_CHECK_CONSUMER) timestamp=5883 ms, used_size=442368 bytes (1.1%)
(RDMA_READ_CONSUME_CHECK_CONSUMER) timestamp=5883 ms, used_size=440320 bytes (1.1%)
(RDMA_READ_CONSUME_CHECK_CONSUMER) timestamp=5883 ms, used_size=438272 bytes (1.1%)
(RDMA_READ_CONSUME_CHECK_CONSUMER) timestamp=5883 ms, used_size=436224 bytes (1.1%)
(RDMA_READ_CONSUME_CHECK_CONSUMER) timestamp=5883 ms, used_size=434176 bytes (1.1%)
(RDMA_READ_CONSUME_CHECK_CONSUMER) timestamp=5883 ms, used_size=432128 bytes (1.1%)
(RDMA_READ_CONSUME_CHECK_CONSUMER) timestamp=5883 ms, used_size=430080 bytes (1.1%)
(RDMA_READ_CONSUME_CHECK_CONSUMER) timestamp=5883 ms, used_size=428032 bytes (1.0%)
(RDMA_READ_CONSUME_CHECK_CONSUMER) timestamp=5883 ms, used_size=425984 bytes (1.0%)
(RDMA_READ_CONSUME_CHECK_CONSUMER) timestamp=5883 ms, used_size=423936 bytes (1.0%)
(RDMA_READ_CONSUME_CHECK_CONSUMER) timestamp=5883 ms, used_size=421888 bytes (1.0%)
(RDMA_READ_CONSUME_CHECK_CONSUMER) timestamp=5883 ms, used_size=419840 bytes (1.0%)
(RDMA_READ_CONSUME_CHECK_CONSUMER) timestamp=5883 ms, used_size=417792 bytes (1.0%)
(RDMA_READ_CONSUME_CHECK_CONSUMER) timestamp=5883 ms, used_size=415744 bytes (1.0%)
(RDMA_READ_CONSUME_CHECK_CONSUMER) timestamp=5883 ms, used_size=413696 bytes (1.0%)
(RDMA_READ_CONSUME_CHECK_CONSUMER) timestamp=5883 ms, used_size=411648 bytes (1.0%)
(RDMA_READ_CONSUME_CHECK_CONSUMER) timestamp=5883 ms, used_size=409600 bytes (1.0%)
(RDMA_READ_CONSUME_CHECK_CONSUMER) timestamp=5883 ms, used_size=407552 bytes (1.0%)
(RDMA_READ_CONSUME_CHECK_CONSUMER) timestamp=5883 ms, used_size=405504 bytes (1.0%)
(RDMA_READ_CONSUME_CHECK_CONSUMER) timestamp=5883 ms, used_size=403456 bytes (1.0%)
(RDMA_READ_CONSUME_CHECK_CONSUMER) timestamp=5883 ms, used_size=401408 bytes (1.0%)
(RDMA_READ_CONSUME_CHECK_CONSUMER) timestamp=5883 ms, used_size=399360 bytes (1.0%)
(RDMA_READ_CONSUME_CHECK_CONSUMER) timestamp=5883 ms, used_size=397312 bytes (1.0%)
(RDMA_READ_CONSUME_CHECK_CONSUMER) timestamp=5883 ms, used_size=395264 bytes (1.0%)
(RDMA_READ_CONSUME_CHECK_CONSUMER) timestamp=5883 ms, used_size=393216 bytes (1.0%)
(RDMA_READ_CONSUME_CHECK_CONSUMER) timestamp=5883 ms, used_size=391168 bytes (1.0%)
(RDMA_READ_CONSUME_CHECK_CONSUMER) timestamp=5883 ms, used_size=389120 bytes (0.9%)
(RDMA_READ_CONSUME_CHECK_CONSUMER) timestamp=5883 ms, used_size=387072 bytes (0.9%)
(RDMA_READ_CONSUME_CHECK_CONSUMER) timestamp=5883 ms, used_size=385024 bytes (0.9%)
(RDMA_READ_CONSUME_CHECK_CONSUMER) timestamp=5883 ms, used_size=382976 bytes (0.9%)
(RDMA_READ_CONSUME_CHECK_CONSUMER) timestamp=5883 ms, used_size=380928 bytes (0.9%)
(RDMA_READ_CONSUME_CHECK_CONSUMER) timestamp=5883 ms, used_size=378880 bytes (0.9%)
(RDMA_READ_CONSUME_CHECK_CONSUMER) timestamp=5883 ms, used_size=376832 bytes (0.9%)
(RDMA_READ_CONSUME_CHECK_CONSUMER) timestamp=5883 ms, used_size=374784 bytes (0.9%)
(RDMA_READ_CONSUME_CHECK_CONSUMER) timestamp=5883 ms, used_size=372736 bytes (0.9%)
(RDMA_READ_CONSUME_CHECK_CONSUMER) timestamp=5883 ms, used_size=370688 bytes (0.9%)
(RDMA_READ_CONSUME_CHECK_CONSUMER) timestamp=5883 ms, used_size=368640 bytes (0.9%)
(RDMA_READ_CONSUME_CHECK_CONSUMER) timestamp=5883 ms, used_size=366592 bytes (0.9%)
(RDMA_READ_CONSUME_CHECK_CONSUMER) timestamp=5883 ms, used_size=364544 bytes (0.9%)
(RDMA_READ_CONSUME_CHECK_CONSUMER) timestamp=5883 ms, used_size=362496 bytes (0.9%)
(RDMA_READ_CONSUME_CHECK_CONSUMER) timestamp=5883 ms, used_size=360448 bytes (0.9%)
(RDMA_READ_CONSUME_CHECK_CONSUMER) timestamp=5883 ms, used_size=358400 bytes (0.9%)
(RDMA_READ_CONSUME_CHECK_CONSUMER) timestamp=5883 ms, used_size=356352 bytes (0.9%)
(RDMA_READ_CONSUME_CHECK_CONSUMER) timestamp=5883 ms, used_size=354304 bytes (0.9%)
(RDMA_READ_CONSUME_CHECK_CONSUMER) timestamp=5883 ms, used_size=352256 bytes (0.9%)
(RDMA_READ_CONSUME_CHECK_CONSUMER) timestamp=5883 ms, used_size=350208 bytes (0.9%)
(RDMA_READ_CONSUME_CHECK_CONSUMER) timestamp=5883 ms, used_size=348160 bytes (0.8%)
(RDMA_READ_CONSUME_CHECK_CONSUMER) timestamp=5883 ms, used_size=346112 bytes (0.8%)
(RDMA_READ_CONSUME_CHECK_CONSUMER) timestamp=5883 ms, used_size=344064 bytes (0.8%)
(RDMA_READ_CONSUME_CHECK_CONSUMER) timestamp=5883 ms, used_size=342016 bytes (0.8%)
(RDMA_READ_CONSUME_CHECK_CONSUMER) timestamp=5883 ms, used_size=339968 bytes (0.8%)
(RDMA_READ_CONSUME_CHECK_CONSUMER) timestamp=5883 ms, used_size=337920 bytes (0.8%)
(RDMA_READ_CONSUME_CHECK_CONSUMER) timestamp=5883 ms, used_size=335872 bytes (0.8%)
(RDMA_READ_CONSUME_CHECK_CONSUMER) timestamp=5883 ms, used_size=333824 bytes (0.8%)
(RDMA_READ_CONSUME_CHECK_CONSUMER) timestamp=5883 ms, used_size=331776 bytes (0.8%)
(RDMA_READ_CONSUME_CHECK_CONSUMER) timestamp=5883 ms, used_size=329728 bytes (0.8%)
(RDMA_READ_CONSUME_CHECK_CONSUMER) timestamp=5883 ms, used_size=327680 bytes (0.8%)
(RDMA_READ_CONSUME_CHECK_CONSUMER) timestamp=5883 ms, used_size=325632 bytes (0.8%)
(RDMA_READ_CONSUME_CHECK_CONSUMER) timestamp=5883 ms, used_size=323584 bytes (0.8%)
(RDMA_READ_CONSUME_CHECK_CONSUMER) timestamp=5883 ms, used_size=321536 bytes (0.8%)
(RDMA_READ_CONSUME_CHECK_CONSUMER) timestamp=5883 ms, used_size=319488 bytes (0.8%)
(RDMA_READ_CONSUME_CHECK_CONSUMER) timestamp=5883 ms, used_size=317440 bytes (0.8%)
(RDMA_READ_CONSUME_CHECK_CONSUMER) timestamp=5883 ms, used_size=315392 bytes (0.8%)
(RDMA_READ_CONSUME_CHECK_CONSUMER) timestamp=5883 ms, used_size=313344 bytes (0.8%)
(RDMA_READ_CONSUME_CHECK_CONSUMER) timestamp=5883 ms, used_size=311296 bytes (0.8%)
(RDMA_READ_CONSUME_CHECK_CONSUMER) timestamp=5883 ms, used_size=309248 bytes (0.8%)
(RDMA_READ_CONSUME_CHECK_CONSUMER) timestamp=5883 ms, used_size=307200 bytes (0.8%)
(RDMA_READ_CONSUME_CHECK_CONSUMER) timestamp=5883 ms, used_size=305152 bytes (0.7%)
(RDMA_READ_CONSUME_CHECK_CONSUMER) timestamp=5883 ms, used_size=303104 bytes (0.7%)
(RDMA_READ_CONSUME_CHECK_CONSUMER) timestamp=5883 ms, used_size=301056 bytes (0.7%)
(RDMA_READ_CONSUME_CHECK_CONSUMER) timestamp=5883 ms, used_size=299008 bytes (0.7%)
(RDMA_READ_CONSUME_CHECK_CONSUMER) timestamp=5883 ms, used_size=296960 bytes (0.7%)
(RDMA_READ_CONSUME_CHECK_CONSUMER) timestamp=5883 ms, used_size=294912 bytes (0.7%)
(RDMA_READ_CONSUME_CHECK_CONSUMER) timestamp=5883 ms, used_size=292864 bytes (0.7%)
(RDMA_READ_CONSUME_CHECK_CONSUMER) timestamp=5883 ms, used_size=290816 bytes (0.7%)
(RDMA_READ_CONSUME_CHECK_CONSUMER) timestamp=5883 ms, used_size=288768 bytes (0.7%)
(RDMA_READ_CONSUME_CHECK_CONSUMER) timestamp=5883 ms, used_size=286720 bytes (0.7%)
(RDMA_READ_CONSUME_CHECK_CONSUMER) timestamp=5883 ms, used_size=284672 bytes (0.7%)
(RDMA_READ_CONSUME_CHECK_CONSUMER) timestamp=5883 ms, used_size=282624 bytes (0.7%)
(RDMA_READ_CONSUME_CHECK_CONSUMER) timestamp=5883 ms, used_size=280576 bytes (0.7%)
(RDMA_READ_CONSUME_CHECK_CONSUMER) timestamp=5883 ms, used_size=278528 bytes (0.7%)
(RDMA_READ_CONSUME_CHECK_CONSUMER) timestamp=5883 ms, used_size=276480 bytes (0.7%)
(RDMA_READ_CONSUME_CHECK_CONSUMER) timestamp=5883 ms, used_size=274432 bytes (0.7%)
(RDMA_READ_CONSUME_CHECK_CONSUMER) timestamp=5883 ms, used_size=272384 bytes (0.7%)
(RDMA_READ_CONSUME_CHECK_CONSUMER) timestamp=5883 ms, used_size=270336 bytes (0.7%)
(RDMA_READ_CONSUME_CHECK_CONSUMER) timestamp=5883 ms, used_size=268288 bytes (0.7%)
(RDMA_READ_CONSUME_CHECK_CONSUMER) timestamp=5883 ms, used_size=266240 bytes (0.7%)
(RDMA_READ_CONSUME_CHECK_CONSUMER) timestamp=5883 ms, used_size=264192 bytes (0.6%)
(RDMA_READ_CONSUME_CHECK_CONSUMER) timestamp=5883 ms, used_size=262144 bytes (0.6%)
(RDMA_READ_CONSUME_CHECK_CONSUMER) timestamp=5883 ms, used_size=260096 bytes (0.6%)
(RDMA_READ_CONSUME_CHECK_CONSUMER) timestamp=5883 ms, used_size=258048 bytes (0.6%)
(RDMA_READ_CONSUME_CHECK_CONSUMER) timestamp=5883 ms, used_size=256000 bytes (0.6%)
(RDMA_READ_CONSUME_CHECK_CONSUMER) timestamp=5883 ms, used_size=253952 bytes (0.6%)
(RDMA_READ_CONSUME_CHECK_CONSUMER) timestamp=5883 ms, used_size=251904 bytes (0.6%)
(RDMA_READ_CONSUME_CHECK_CONSUMER) timestamp=5883 ms, used_size=249856 bytes (0.6%)
(RDMA_READ_CONSUME_CHECK_CONSUMER) timestamp=5883 ms, used_size=247808 bytes (0.6%)
(RDMA_READ_CONSUME_CHECK_CONSUMER) timestamp=5883 ms, used_size=245760 bytes (0.6%)
(RDMA_READ_CONSUME_CHECK_CONSUMER) timestamp=5883 ms, used_size=243712 bytes (0.6%)
(RDMA_READ_CONSUME_CHECK_CONSUMER) timestamp=5883 ms, used_size=241664 bytes (0.6%)
(RDMA_READ_CONSUME_CHECK_CONSUMER) timestamp=5883 ms, used_size=239616 bytes (0.6%)
(RDMA_READ_CONSUME_CHECK_CONSUMER) timestamp=5883 ms, used_size=237568 bytes (0.6%)
(RDMA_READ_CONSUME_CHECK_CONSUMER) timestamp=5883 ms, used_size=235520 bytes (0.6%)
(RDMA_READ_CONSUME_CHECK_CONSUMER) timestamp=5883 ms, used_size=233472 bytes (0.6%)
(RDMA_READ_CONSUME_CHECK_CONSUMER) timestamp=5883 ms, used_size=231424 bytes (0.6%)
(RDMA_READ_CONSUME_CHECK_CONSUMER) timestamp=5883 ms, used_size=229376 bytes (0.6%)
(RDMA_READ_CONSUME_CHECK_CONSUMER) timestamp=5883 ms, used_size=227328 bytes (0.6%)
(RDMA_READ_CONSUME_CHECK_CONSUMER) timestamp=5883 ms, used_size=225280 bytes (0.6%)
(RDMA_READ_CONSUME_CHECK_CONSUMER) timestamp=5883 ms, used_size=223232 bytes (0.5%)
(RDMA_READ_CONSUME_CHECK_CONSUMER) timestamp=5883 ms, used_size=221184 bytes (0.5%)
(RDMA_READ_CONSUME_CHECK_CONSUMER) timestamp=5883 ms, used_size=219136 bytes (0.5%)
(RDMA_READ_CONSUME_CHECK_CONSUMER) timestamp=5883 ms, used_size=217088 bytes (0.5%)
(RDMA_READ_CONSUME_CHECK_CONSUMER) timestamp=5883 ms, used_size=215040 bytes (0.5%)
(RDMA_READ_CONSUME_CHECK_CONSUMER) timestamp=5883 ms, used_size=212992 bytes (0.5%)
(RDMA_READ_CONSUME_CHECK_CONSUMER) timestamp=5883 ms, used_size=210944 bytes (0.5%)
(RDMA_READ_CONSUME_CHECK_CONSUMER) timestamp=5883 ms, used_size=208896 bytes (0.5%)
(RDMA_READ_CONSUME_CHECK_CONSUMER) timestamp=5883 ms, used_size=206848 bytes (0.5%)
(RDMA_READ_CONSUME_CHECK_CONSUMER) timestamp=5883 ms, used_size=204800 bytes (0.5%)
(RDMA_READ_CONSUME_CHECK_CONSUMER) timestamp=5883 ms, used_size=202752 bytes (0.5%)
(RDMA_READ_CONSUME_CHECK_CONSUMER) timestamp=5883 ms, used_size=200704 bytes (0.5%)
(RDMA_READ_CONSUME_CHECK_CONSUMER) timestamp=5883 ms, used_size=198656 bytes (0.5%)
(RDMA_READ_CONSUME_CHECK_CONSUMER) timestamp=5883 ms, used_size=196608 bytes (0.5%)
(RDMA_READ_CONSUME_CHECK_CONSUMER) timestamp=5883 ms, used_size=194560 bytes (0.5%)
(RDMA_READ_CONSUME_CHECK_CONSUMER) timestamp=5883 ms, used_size=192512 bytes (0.5%)
(RDMA_READ_CONSUME_CHECK_CONSUMER) timestamp=5883 ms, used_size=190464 bytes (0.5%)
(RDMA_READ_CONSUME_CHECK_CONSUMER) timestamp=5883 ms, used_size=188416 bytes (0.5%)
(RDMA_READ_CONSUME_CHECK_CONSUMER) timestamp=5883 ms, used_size=186368 bytes (0.5%)
(RDMA_READ_CONSUME_CHECK_CONSUMER) timestamp=5883 ms, used_size=184320 bytes (0.5%)
(RDMA_READ_CONSUME_CHECK_CONSUMER) timestamp=5883 ms, used_size=182272 bytes (0.4%)
(RDMA_READ_CONSUME_CHECK_CONSUMER) timestamp=5883 ms, used_size=180224 bytes (0.4%)
(RDMA_READ_CONSUME_CHECK_CONSUMER) timestamp=5883 ms, used_size=178176 bytes (0.4%)
(RDMA_READ_CONSUME_CHECK_CONSUMER) timestamp=5883 ms, used_size=176128 bytes (0.4%)
(RDMA_READ_CONSUME_CHECK_CONSUMER) timestamp=5883 ms, used_size=174080 bytes (0.4%)
(RDMA_READ_CONSUME_CHECK_CONSUMER) timestamp=5883 ms, used_size=172032 bytes (0.4%)
(RDMA_READ_CONSUME_CHECK_CONSUMER) timestamp=5883 ms, used_size=169984 bytes (0.4%)
(RDMA_READ_CONSUME_CHECK_CONSUMER) timestamp=5883 ms, used_size=167936 bytes (0.4%)
(RDMA_READ_CONSUME_CHECK_CONSUMER) timestamp=5883 ms, used_size=165888 bytes (0.4%)
(RDMA_READ_CONSUME_CHECK_CONSUMER) timestamp=5883 ms, used_size=163840 bytes (0.4%)
(RDMA_READ_CONSUME_CHECK_CONSUMER) timestamp=5883 ms, used_size=161792 bytes (0.4%)
(RDMA_READ_CONSUME_CHECK_CONSUMER) timestamp=5883 ms, used_size=159744 bytes (0.4%)
(RDMA_READ_CONSUME_CHECK_CONSUMER) timestamp=5883 ms, used_size=157696 bytes (0.4%)
(RDMA_READ_CONSUME_CHECK_CONSUMER) timestamp=5883 ms, used_size=155648 bytes (0.4%)
(RDMA_READ_CONSUME_CHECK_CONSUMER) timestamp=5883 ms, used_size=153600 bytes (0.4%)
(RDMA_READ_CONSUME_CHECK_CONSUMER) timestamp=5883 ms, used_size=151552 bytes (0.4%)
(RDMA_READ_CONSUME_CHECK_CONSUMER) timestamp=5883 ms, used_size=149504 bytes (0.4%)
(RDMA_READ_CONSUME_CHECK_CONSUMER) timestamp=5883 ms, used_size=147456 bytes (0.4%)
(RDMA_READ_CONSUME_CHECK_CONSUMER) timestamp=5883 ms, used_size=145408 bytes (0.4%)
(RDMA_READ_CONSUME_CHECK_CONSUMER) timestamp=5883 ms, used_size=143360 bytes (0.3%)
(RDMA_READ_CONSUME_CHECK_CONSUMER) timestamp=5883 ms, used_size=141312 bytes (0.3%)
(RDMA_READ_CONSUME_CHECK_CONSUMER) timestamp=5883 ms, used_size=139264 bytes (0.3%)
(RDMA_READ_CONSUME_CHECK_CONSUMER) timestamp=5883 ms, used_size=137216 bytes (0.3%)
(RDMA_READ_CONSUME_CHECK_CONSUMER) timestamp=5883 ms, used_size=135168 bytes (0.3%)
(RDMA_READ_CONSUME_CHECK_CONSUMER) timestamp=5883 ms, used_size=133120 bytes (0.3%)
(RDMA_READ_CONSUME_CHECK_CONSUMER) timestamp=5883 ms, used_size=131072 bytes (0.3%)
(RDMA_READ_CONSUME_CHECK_CONSUMER) timestamp=5884 ms, used_size=129024 bytes (0.3%)
(RDMA_READ_CONSUME_CHECK_CONSUMER) timestamp=5884 ms, used_size=126976 bytes (0.3%)
(RDMA_READ_CONSUME_CHECK_CONSUMER) timestamp=5884 ms, used_size=124928 bytes (0.3%)
(RDMA_READ_CONSUME_CHECK_CONSUMER) timestamp=5884 ms, used_size=122880 bytes (0.3%)
(RDMA_READ_CONSUME_CHECK_CONSUMER) timestamp=5884 ms, used_size=120832 bytes (0.3%)
(RDMA_READ_CONSUME_CHECK_CONSUMER) timestamp=5884 ms, used_size=118784 bytes (0.3%)
(RDMA_READ_CONSUME_CHECK_CONSUMER) timestamp=5884 ms, used_size=116736 bytes (0.3%)
(RDMA_READ_CONSUME_CHECK_CONSUMER) timestamp=5884 ms, used_size=114688 bytes (0.3%)
(RDMA_READ_CONSUME_CHECK_CONSUMER) timestamp=5884 ms, used_size=112640 bytes (0.3%)
(RDMA_READ_CONSUME_CHECK_CONSUMER) timestamp=5884 ms, used_size=110592 bytes (0.3%)
(RDMA_READ_CONSUME_CHECK_CONSUMER) timestamp=5884 ms, used_size=108544 bytes (0.3%)
(RDMA_READ_CONSUME_CHECK_CONSUMER) timestamp=5884 ms, used_size=106496 bytes (0.3%)
(RDMA_READ_CONSUME_CHECK_CONSUMER) timestamp=5884 ms, used_size=104448 bytes (0.3%)
(RDMA_READ_CONSUME_CHECK_CONSUMER) timestamp=5884 ms, used_size=102400 bytes (0.2%)
(RDMA_READ_CONSUME_CHECK_CONSUMER) timestamp=5884 ms, used_size=100352 bytes (0.2%)
(RDMA_READ_CONSUME_CHECK_CONSUMER) timestamp=5884 ms, used_size=98304 bytes (0.2%)
(RDMA_READ_CONSUME_CHECK_CONSUMER) timestamp=5884 ms, used_size=96256 bytes (0.2%)
(RDMA_READ_CONSUME_CHECK_CONSUMER) timestamp=5884 ms, used_size=94208 bytes (0.2%)
(RDMA_READ_CONSUME_CHECK_CONSUMER) timestamp=5884 ms, used_size=92160 bytes (0.2%)
(RDMA_READ_CONSUME_CHECK_CONSUMER) timestamp=5884 ms, used_size=90112 bytes (0.2%)
(RDMA_READ_CONSUME_CHECK_CONSUMER) timestamp=5884 ms, used_size=88064 bytes (0.2%)
(RDMA_READ_CONSUME_CHECK_CONSUMER) timestamp=5884 ms, used_size=86016 bytes (0.2%)
(RDMA_READ_CONSUME_CHECK_CONSUMER) timestamp=5884 ms, used_size=83968 bytes (0.2%)
(RDMA_READ_CONSUME_CHECK_CONSUMER) timestamp=5884 ms, used_size=81920 bytes (0.2%)
(RDMA_READ_CONSUME_CHECK_CONSUMER) timestamp=5884 ms, used_size=79872 bytes (0.2%)
(RDMA_READ_CONSUME_CHECK_CONSUMER) timestamp=5884 ms, used_size=77824 bytes (0.2%)
(RDMA_READ_CONSUME_CHECK_CONSUMER) timestamp=5884 ms, used_size=75776 bytes (0.2%)
(RDMA_READ_CONSUME_CHECK_CONSUMER) timestamp=5884 ms, used_size=73728 bytes (0.2%)
(RDMA_READ_CONSUME_CHECK_CONSUMER) timestamp=5884 ms, used_size=71680 bytes (0.2%)
(RDMA_READ_CONSUME_CHECK_CONSUMER) timestamp=5884 ms, used_size=69632 bytes (0.2%)
(RDMA_READ_CONSUME_CHECK_CONSUMER) timestamp=5884 ms, used_size=67584 bytes (0.2%)
(RDMA_READ_CONSUME_CHECK_CONSUMER) timestamp=5884 ms, used_size=65536 bytes (0.2%)
(RDMA_READ_CONSUME_CHECK_CONSUMER) timestamp=5884 ms, used_size=63488 bytes (0.2%)
(RDMA_READ_CONSUME_CHECK_CONSUMER) timestamp=5884 ms, used_size=61440 bytes (0.1%)
(RDMA_READ_CONSUME_CHECK_CONSUMER) timestamp=5884 ms, used_size=59392 bytes (0.1%)
(RDMA_READ_CONSUME_CHECK_CONSUMER) timestamp=5884 ms, used_size=57344 bytes (0.1%)
(RDMA_READ_CONSUME_CHECK_CONSUMER) timestamp=5884 ms, used_size=55296 bytes (0.1%)
(RDMA_READ_CONSUME_CHECK_CONSUMER) timestamp=5884 ms, used_size=53248 bytes (0.1%)
(RDMA_READ_CONSUME_CHECK_CONSUMER) timestamp=5884 ms, used_size=51200 bytes (0.1%)
(RDMA_READ_CONSUME_CHECK_CONSUMER) timestamp=5884 ms, used_size=49152 bytes (0.1%)
(RDMA_READ_CONSUME_CHECK_CONSUMER) timestamp=5884 ms, used_size=47104 bytes (0.1%)
(RDMA_READ_CONSUME_CHECK_CONSUMER) timestamp=5884 ms, used_size=45056 bytes (0.1%)
(RDMA_READ_CONSUME_CHECK_CONSUMER) timestamp=5884 ms, used_size=43008 bytes (0.1%)
(RDMA_READ_CONSUME_CHECK_CONSUMER) timestamp=5884 ms, used_size=40960 bytes (0.1%)
(RDMA_READ_CONSUME_CHECK_CONSUMER) timestamp=5884 ms, used_size=38912 bytes (0.1%)
(RDMA_READ_CONSUME_CHECK_CONSUMER) timestamp=5884 ms, used_size=36864 bytes (0.1%)
(RDMA_READ_CONSUME_CHECK_CONSUMER) timestamp=5884 ms, used_size=34816 bytes (0.1%)
(RDMA_READ_CONSUME_CHECK_CONSUMER) timestamp=5884 ms, used_size=32768 bytes (0.1%)
(RDMA_READ_CONSUME_CHECK_CONSUMER) timestamp=5884 ms, used_size=30720 bytes (0.1%)
(RDMA_READ_CONSUME_CHECK_CONSUMER) timestamp=5884 ms, used_size=28672 bytes (0.1%)
(RDMA_READ_CONSUME_CHECK_CONSUMER) timestamp=5884 ms, used_size=26624 bytes (0.1%)
(RDMA_READ_CONSUME_CHECK_CONSUMER) timestamp=5884 ms, used_size=24576 bytes (0.1%)
(RDMA_READ_CONSUME_CHECK_CONSUMER) timestamp=5884 ms, used_size=22528 bytes (0.1%)
(RDMA_READ_CONSUME_CHECK_CONSUMER) timestamp=5884 ms, used_size=20480 bytes (0.1%)
(RDMA_READ_CONSUME_CHECK_CONSUMER) timestamp=5884 ms, used_size=18432 bytes (0.0%)
(RDMA_READ_CONSUME_CHECK_CONSUMER) timestamp=5884 ms, used_size=16384 bytes (0.0%)
(RDMA_READ_CONSUME_CHECK_CONSUMER) timestamp=5884 ms, used_size=14336 bytes (0.0%)
(RDMA_READ_CONSUME_CHECK_CONSUMER) timestamp=5884 ms, used_size=12288 bytes (0.0%)
(RDMA_READ_CONSUME_CHECK_CONSUMER) timestamp=5884 ms, used_size=10240 bytes (0.0%)
(RDMA_READ_CONSUME_CHECK_CONSUMER) timestamp=5884 ms, used_size=8192 bytes (0.0%)
(RDMA_READ_CONSUME_CHECK_CONSUMER) timestamp=5884 ms, used_size=6144 bytes (0.0%)
(RDMA_READ_CONSUME_CHECK_CONSUMER) timestamp=5884 ms, used_size=4096 bytes (0.0%)
(RDMA_READ_CONSUME_CHECK_CONSUMER) timestamp=5884 ms, used_size=2048 bytes (0.0%)
(RDMA_READ_CONSUME_CHECK_CONSUMER) timestamp=5884 ms, used_size=0 bytes (0.0%)
(RDMA_READ_CONSUME_CHECK) Cycle 5, Batch 1: CRC32 OK (0xbeaa30f3), 8192 messages verified
(RDMA_READ_CONSUME_CHECK_CONSUMER) timestamp=5884 ms, used_size=16775168 bytes (41.0%)
(RDMA_READ_CONSUME_CHECK_CONSUMER) timestamp=6430 ms, used_size=16773120 bytes (41.0%)
(RDMA_READ_CONSUME_CHECK_CONSUMER) timestamp=6430 ms, used_size=16771072 bytes (40.9%)
(RDMA_READ_CONSUME_CHECK_CONSUMER) timestamp=6430 ms, used_size=16769024 bytes (40.9%)
(RDMA_READ_CONSUME_CHECK_CONSUMER) timestamp=6430 ms, used_size=16766976 bytes (40.9%)
(RDMA_READ_CONSUME_CHECK_CONSUMER) timestamp=6430 ms, used_size=16764928 bytes (40.9%)
(RDMA_READ_CONSUME_CHECK_CONSUMER) timestamp=6430 ms, used_size=16762880 bytes (40.9%)
(RDMA_READ_CONSUME_CHECK_CONSUMER) timestamp=6430 ms, used_size=16760832 bytes (40.9%)
(RDMA_READ_CONSUME_CHECK_CONSUMER) timestamp=6430 ms, used_size=16758784 bytes (40.9%)
(RDMA_READ_CONSUME_CHECK_CONSUMER) timestamp=6430 ms, used_size=16756736 bytes (40.9%)
(RDMA_READ_CONSUME_CHECK_CONSUMER) timestamp=6430 ms, used_size=16754688 bytes (40.9%)
(RDMA_READ_CONSUME_CHECK_CONSUMER) timestamp=6430 ms, used_size=16752640 bytes (40.9%)
(RDMA_READ_CONSUME_CHECK_CONSUMER) timestamp=6430 ms, used_size=16750592 bytes (40.9%)
(RDMA_READ_CONSUME_CHECK_CONSUMER) timestamp=6430 ms, used_size=16748544 bytes (40.9%)
(RDMA_READ_CONSUME_CHECK_CONSUMER) timestamp=6430 ms, used_size=16746496 bytes (40.9%)
(RDMA_READ_CONSUME_CHECK_CONSUMER) timestamp=6430 ms, used_size=16744448 bytes (40.9%)
(RDMA_READ_CONSUME_CHECK_CONSUMER) timestamp=6430 ms, used_size=16742400 bytes (40.9%)
(RDMA_READ_CONSUME_CHECK_CONSUMER) timestamp=6430 ms, used_size=16740352 bytes (40.9%)
(RDMA_READ_CONSUME_CHECK_CONSUMER) timestamp=6430 ms, used_size=16738304 bytes (40.9%)
(RDMA_READ_CONSUME_CHECK_CONSUMER) timestamp=6430 ms, used_size=16736256 bytes (40.9%)
(RDMA_READ_CONSUME_CHECK_CONSUMER) timestamp=6430 ms, used_size=16734208 bytes (40.9%)
(RDMA_READ_CONSUME_CHECK_CONSUMER) timestamp=6430 ms, used_size=16732160 bytes (40.9%)
(RDMA_READ_CONSUME_CHECK_CONSUMER) timestamp=6430 ms, used_size=16730112 bytes (40.8%)
(RDMA_READ_CONSUME_CHECK_CONSUMER) timestamp=6430 ms, used_size=16728064 bytes (40.8%)
(RDMA_READ_CONSUME_CHECK_CONSUMER) timestamp=6430 ms, used_size=16726016 bytes (40.8%)
(RDMA_READ_CONSUME_CHECK_CONSUMER) timestamp=6430 ms, used_size=16723968 bytes (40.8%)
(RDMA_READ_CONSUME_CHECK_CONSUMER) timestamp=6430 ms, used_size=16721920 bytes (40.8%)
(RDMA_READ_CONSUME_CHECK_CONSUMER) timestamp=6430 ms, used_size=16719872 bytes (40.8%)
(RDMA_READ_CONSUME_CHECK_CONSUMER) timestamp=6430 ms, used_size=16717824 bytes (40.8%)
(RDMA_READ_CONSUME_CHECK_CONSUMER) timestamp=6430 ms, used_size=16715776 bytes (40.8%)
(RDMA_READ_CONSUME_CHECK_CONSUMER) timestamp=6430 ms, used_size=16713728 bytes (40.8%)
(RDMA_READ_CONSUME_CHECK_CONSUMER) timestamp=6430 ms, used_size=16711680 bytes (40.8%)
(RDMA_READ_CONSUME_CHECK_CONSUMER) timestamp=6430 ms, used_size=16709632 bytes (40.8%)
(RDMA_READ_CONSUME_CHECK_CONSUMER) timestamp=6430 ms, used_size=16707584 bytes (40.8%)
(RDMA_READ_CONSUME_CHECK_CONSUMER) timestamp=6430 ms, used_size=16705536 bytes (40.8%)
(RDMA_READ_CONSUME_CHECK_CONSUMER) timestamp=6430 ms, used_size=16703488 bytes (40.8%)
(RDMA_READ_CONSUME_CHECK_CONSUMER) timestamp=6430 ms, used_size=16701440 bytes (40.8%)
(RDMA_READ_CONSUME_CHECK_CONSUMER) timestamp=6430 ms, used_size=16699392 bytes (40.8%)
(RDMA_READ_CONSUME_CHECK_CONSUMER) timestamp=6430 ms, used_size=16697344 bytes (40.8%)
(RDMA_READ_CONSUME_CHECK_CONSUMER) timestamp=6430 ms, used_size=16695296 bytes (40.8%)
(RDMA_READ_CONSUME_CHECK_CONSUMER) timestamp=6430 ms, used_size=16693248 bytes (40.8%)
(RDMA_READ_CONSUME_CHECK_CONSUMER) timestamp=6430 ms, used_size=16691200 bytes (40.8%)
(RDMA_READ_CONSUME_CHECK_CONSUMER) timestamp=6430 ms, used_size=16689152 bytes (40.7%)
(RDMA_READ_CONSUME_CHECK_CONSUMER) timestamp=6430 ms, used_size=16687104 bytes (40.7%)
(RDMA_READ_CONSUME_CHECK_CONSUMER) timestamp=6430 ms, used_size=16685056 bytes (40.7%)
(RDMA_READ_CONSUME_CHECK_CONSUMER) timestamp=6430 ms, used_size=16683008 bytes (40.7%)
(RDMA_READ_CONSUME_CHECK_CONSUMER) timestamp=6430 ms, used_size=16680960 bytes (40.7%)
(RDMA_READ_CONSUME_CHECK_CONSUMER) timestamp=6430 ms, used_size=16678912 bytes (40.7%)
(RDMA_READ_CONSUME_CHECK_CONSUMER) timestamp=6430 ms, used_size=16676864 bytes (40.7%)
(RDMA_READ_CONSUME_CHECK_CONSUMER) timestamp=6430 ms, used_size=16674816 bytes (40.7%)
(RDMA_READ_CONSUME_CHECK_CONSUMER) timestamp=6430 ms, used_size=16672768 bytes (40.7%)
(RDMA_READ_CONSUME_CHECK_CONSUMER) timestamp=6430 ms, used_size=16670720 bytes (40.7%)
(RDMA_READ_CONSUME_CHECK_CONSUMER) timestamp=6430 ms, used_size=16668672 bytes (40.7%)
(RDMA_READ_CONSUME_CHECK_CONSUMER) timestamp=6430 ms, used_size=16666624 bytes (40.7%)
(RDMA_READ_CONSUME_CHECK_CONSUMER) timestamp=6430 ms, used_size=16664576 bytes (40.7%)
(RDMA_READ_CONSUME_CHECK_CONSUMER) timestamp=6430 ms, used_size=16662528 bytes (40.7%)
(RDMA_READ_CONSUME_CHECK_CONSUMER) timestamp=6430 ms, used_size=16660480 bytes (40.7%)
(RDMA_READ_CONSUME_CHECK_CONSUMER) timestamp=6430 ms, used_size=16658432 bytes (40.7%)
(RDMA_READ_CONSUME_CHECK_CONSUMER) timestamp=6430 ms, used_size=16656384 bytes (40.7%)
(RDMA_READ_CONSUME_CHECK_CONSUMER) timestamp=6430 ms, used_size=16654336 bytes (40.7%)
(RDMA_READ_CONSUME_CHECK_CONSUMER) timestamp=6430 ms, used_size=16652288 bytes (40.7%)
(RDMA_READ_CONSUME_CHECK_CONSUMER) timestamp=6430 ms, used_size=16650240 bytes (40.6%)
(RDMA_READ_CONSUME_CHECK_CONSUMER) timestamp=6430 ms, used_size=16648192 bytes (40.6%)
(RDMA_READ_CONSUME_CHECK_CONSUMER) timestamp=6430 ms, used_size=16646144 bytes (40.6%)
(RDMA_READ_CONSUME_CHECK_CONSUMER) timestamp=6430 ms, used_size=16644096 bytes (40.6%)
(RDMA_READ_CONSUME_CHECK_CONSUMER) timestamp=6430 ms, used_size=16642048 bytes (40.6%)
(RDMA_READ_CONSUME_CHECK_CONSUMER) timestamp=6430 ms, used_size=16640000 bytes (40.6%)
(RDMA_READ_CONSUME_CHECK_CONSUMER) timestamp=6430 ms, used_size=16637952 bytes (40.6%)
(RDMA_READ_CONSUME_CHECK_CONSUMER) timestamp=6430 ms, used_size=16635904 bytes (40.6%)
(RDMA_READ_CONSUME_CHECK_CONSUMER) timestamp=6430 ms, used_size=16633856 bytes (40.6%)
(RDMA_READ_CONSUME_CHECK_CONSUMER) timestamp=6430 ms, used_size=16631808 bytes (40.6%)
(RDMA_READ_CONSUME_CHECK_CONSUMER) timestamp=6430 ms, used_size=16629760 bytes (40.6%)
(RDMA_READ_CONSUME_CHECK_CONSUMER) timestamp=6430 ms, used_size=16627712 bytes (40.6%)
(RDMA_READ_CONSUME_CHECK_CONSUMER) timestamp=6430 ms, used_size=16625664 bytes (40.6%)
(RDMA_READ_CONSUME_CHECK_CONSUMER) timestamp=6430 ms, used_size=16623616 bytes (40.6%)
(RDMA_READ_CONSUME_CHECK_CONSUMER) timestamp=6430 ms, used_size=16621568 bytes (40.6%)
(RDMA_READ_CONSUME_CHECK_CONSUMER) timestamp=6430 ms, used_size=16619520 bytes (40.6%)
(RDMA_READ_CONSUME_CHECK_CONSUMER) timestamp=6430 ms, used_size=16617472 bytes (40.6%)
(RDMA_READ_CONSUME_CHECK_CONSUMER) timestamp=6430 ms, used_size=16615424 bytes (40.6%)
(RDMA_READ_CONSUME_CHECK_CONSUMER) timestamp=6430 ms, used_size=16613376 bytes (40.6%)
(RDMA_READ_CONSUME_CHECK_CONSUMER) timestamp=6430 ms, used_size=16611328 bytes (40.6%)
(RDMA_READ_CONSUME_CHECK_CONSUMER) timestamp=6430 ms, used_size=16609280 bytes (40.5%)
(RDMA_READ_CONSUME_CHECK_CONSUMER) timestamp=6430 ms, used_size=16607232 bytes (40.5%)
(RDMA_READ_CONSUME_CHECK_CONSUMER) timestamp=6430 ms, used_size=16605184 bytes (40.5%)
(RDMA_READ_CONSUME_CHECK_CONSUMER) timestamp=6430 ms, used_size=16603136 bytes (40.5%)
(RDMA_READ_CONSUME_CHECK_CONSUMER) timestamp=6430 ms, used_size=16601088 bytes (40.5%)
(RDMA_READ_CONSUME_CHECK_CONSUMER) timestamp=6430 ms, used_size=16599040 bytes (40.5%)
(RDMA_READ_CONSUME_CHECK_CONSUMER) timestamp=6430 ms, used_size=16596992 bytes (40.5%)
(RDMA_READ_CONSUME_CHECK_CONSUMER) timestamp=6430 ms, used_size=16594944 bytes (40.5%)
(RDMA_READ_CONSUME_CHECK_CONSUMER) timestamp=6430 ms, used_size=16592896 bytes (40.5%)
(RDMA_READ_CONSUME_CHECK_CONSUMER) timestamp=6430 ms, used_size=16590848 bytes (40.5%)
(RDMA_READ_CONSUME_CHECK_CONSUMER) timestamp=6430 ms, used_size=16588800 bytes (40.5%)
(RDMA_READ_CONSUME_CHECK_CONSUMER) timestamp=6430 ms, used_size=16586752 bytes (40.5%)
(RDMA_READ_CONSUME_CHECK_CONSUMER) timestamp=6430 ms, used_size=16584704 bytes (40.5%)
(RDMA_READ_CONSUME_CHECK_CONSUMER) timestamp=6430 ms, used_size=16582656 bytes (40.5%)
(RDMA_READ_CONSUME_CHECK_CONSUMER) timestamp=6430 ms, used_size=16580608 bytes (40.5%)
(RDMA_READ_CONSUME_CHECK_CONSUMER) timestamp=6430 ms, used_size=16578560 bytes (40.5%)
(RDMA_READ_CONSUME_CHECK_CONSUMER) timestamp=6430 ms, used_size=16576512 bytes (40.5%)
(RDMA_READ_CONSUME_CHECK_CONSUMER) timestamp=6430 ms, used_size=16574464 bytes (40.5%)
(RDMA_READ_CONSUME_CHECK_CONSUMER) timestamp=6430 ms, used_size=16572416 bytes (40.5%)
(RDMA_READ_CONSUME_CHECK_CONSUMER) timestamp=6430 ms, used_size=16570368 bytes (40.5%)
(RDMA_READ_CONSUME_CHECK_CONSUMER) timestamp=6430 ms, used_size=16568320 bytes (40.5%)
(RDMA_READ_CONSUME_CHECK_CONSUMER) timestamp=6430 ms, used_size=16566272 bytes (40.4%)
(RDMA_READ_CONSUME_CHECK_CONSUMER) timestamp=6430 ms, used_size=16564224 bytes (40.4%)
(RDMA_READ_CONSUME_CHECK_CONSUMER) timestamp=6430 ms, used_size=16562176 bytes (40.4%)
(RDMA_READ_CONSUME_CHECK_CONSUMER) timestamp=6430 ms, used_size=16560128 bytes (40.4%)
(RDMA_READ_CONSUME_CHECK_CONSUMER) timestamp=6430 ms, used_size=16558080 bytes (40.4%)
(RDMA_READ_CONSUME_CHECK_CONSUMER) timestamp=6430 ms, used_size=16556032 bytes (40.4%)
(RDMA_READ_CONSUME_CHECK_CONSUMER) timestamp=6430 ms, used_size=16553984 bytes (40.4%)
(RDMA_READ_CONSUME_CHECK_CONSUMER) timestamp=6430 ms, used_size=16551936 bytes (40.4%)
(RDMA_READ_CONSUME_CHECK_CONSUMER) timestamp=6430 ms, used_size=16549888 bytes (40.4%)
(RDMA_READ_CONSUME_CHECK_CONSUMER) timestamp=6430 ms, used_size=16547840 bytes (40.4%)
(RDMA_READ_CONSUME_CHECK_CONSUMER) timestamp=6430 ms, used_size=16545792 bytes (40.4%)
(RDMA_READ_CONSUME_CHECK_CONSUMER) timestamp=6430 ms, used_size=16543744 bytes (40.4%)
(RDMA_READ_CONSUME_CHECK_CONSUMER) timestamp=6430 ms, used_size=16541696 bytes (40.4%)
(RDMA_READ_CONSUME_CHECK_CONSUMER) timestamp=6430 ms, used_size=16539648 bytes (40.4%)
(RDMA_READ_CONSUME_CHECK_CONSUMER) timestamp=6430 ms, used_size=16537600 bytes (40.4%)
(RDMA_READ_CONSUME_CHECK_CONSUMER) timestamp=6430 ms, used_size=16535552 bytes (40.4%)
(RDMA_READ_CONSUME_CHECK_CONSUMER) timestamp=6430 ms, used_size=16533504 bytes (40.4%)
(RDMA_READ_CONSUME_CHECK_CONSUMER) timestamp=6430 ms, used_size=16531456 bytes (40.4%)
(RDMA_READ_CONSUME_CHECK_CONSUMER) timestamp=6430 ms, used_size=16529408 bytes (40.4%)
(RDMA_READ_CONSUME_CHECK_CONSUMER) timestamp=6430 ms, used_size=16527360 bytes (40.4%)
(RDMA_READ_CONSUME_CHECK_CONSUMER) timestamp=6430 ms, used_size=16525312 bytes (40.3%)
(RDMA_READ_CONSUME_CHECK_CONSUMER) timestamp=6430 ms, used_size=16523264 bytes (40.3%)
(RDMA_READ_CONSUME_CHECK_CONSUMER) timestamp=6430 ms, used_size=16521216 bytes (40.3%)
(RDMA_READ_CONSUME_CHECK_CONSUMER) timestamp=6430 ms, used_size=16519168 bytes (40.3%)
(RDMA_READ_CONSUME_CHECK_CONSUMER) timestamp=6430 ms, used_size=16517120 bytes (40.3%)
(RDMA_READ_CONSUME_CHECK_CONSUMER) timestamp=6430 ms, used_size=16515072 bytes (40.3%)
(RDMA_READ_CONSUME_CHECK_CONSUMER) timestamp=6431 ms, used_size=16513024 bytes (40.3%)
(RDMA_READ_CONSUME_CHECK_CONSUMER) timestamp=6431 ms, used_size=16510976 bytes (40.3%)
(RDMA_READ_CONSUME_CHECK_CONSUMER) timestamp=6431 ms, used_size=16508928 bytes (40.3%)
(RDMA_READ_CONSUME_CHECK_CONSUMER) timestamp=6431 ms, used_size=16506880 bytes (40.3%)
(RDMA_READ_CONSUME_CHECK_CONSUMER) timestamp=6431 ms, used_size=16504832 bytes (40.3%)
(RDMA_READ_CONSUME_CHECK_CONSUMER) timestamp=6431 ms, used_size=16502784 bytes (40.3%)
(RDMA_READ_CONSUME_CHECK_CONSUMER) timestamp=6431 ms, used_size=16500736 bytes (40.3%)
(RDMA_READ_CONSUME_CHECK_CONSUMER) timestamp=6431 ms, used_size=16498688 bytes (40.3%)
(RDMA_READ_CONSUME_CHECK_CONSUMER) timestamp=6431 ms, used_size=16496640 bytes (40.3%)
(RDMA_READ_CONSUME_CHECK_CONSUMER) timestamp=6431 ms, used_size=16494592 bytes (40.3%)
(RDMA_READ_CONSUME_CHECK_CONSUMER) timestamp=6431 ms, used_size=16492544 bytes (40.3%)
(RDMA_READ_CONSUME_CHECK_CONSUMER) timestamp=6431 ms, used_size=16490496 bytes (40.3%)
(RDMA_READ_CONSUME_CHECK_CONSUMER) timestamp=6431 ms, used_size=16488448 bytes (40.3%)
(RDMA_READ_CONSUME_CHECK_CONSUMER) timestamp=6431 ms, used_size=16486400 bytes (40.2%)
(RDMA_READ_CONSUME_CHECK_CONSUMER) timestamp=6431 ms, used_size=16484352 bytes (40.2%)
(RDMA_READ_CONSUME_CHECK_CONSUMER) timestamp=6431 ms, used_size=16482304 bytes (40.2%)
(RDMA_READ_CONSUME_CHECK_CONSUMER) timestamp=6431 ms, used_size=16480256 bytes (40.2%)
(RDMA_READ_CONSUME_CHECK_CONSUMER) timestamp=6431 ms, used_size=16478208 bytes (40.2%)
(RDMA_READ_CONSUME_CHECK_CONSUMER) timestamp=6431 ms, used_size=16476160 bytes (40.2%)
(RDMA_READ_CONSUME_CHECK_CONSUMER) timestamp=6431 ms, used_size=16474112 bytes (40.2%)
(RDMA_READ_CONSUME_CHECK_CONSUMER) timestamp=6431 ms, used_size=16472064 bytes (40.2%)
(RDMA_READ_CONSUME_CHECK_CONSUMER) timestamp=6431 ms, used_size=16470016 bytes (40.2%)
(RDMA_READ_CONSUME_CHECK_CONSUMER) timestamp=6431 ms, used_size=16467968 bytes (40.2%)
(RDMA_READ_CONSUME_CHECK_CONSUMER) timestamp=6431 ms, used_size=16465920 bytes (40.2%)
(RDMA_READ_CONSUME_CHECK_CONSUMER) timestamp=6431 ms, used_size=16463872 bytes (40.2%)
(RDMA_READ_CONSUME_CHECK_CONSUMER) timestamp=6431 ms, used_size=16461824 bytes (40.2%)
(RDMA_READ_CONSUME_CHECK_CONSUMER) timestamp=6431 ms, used_size=16459776 bytes (40.2%)
(RDMA_READ_CONSUME_CHECK_CONSUMER) timestamp=6431 ms, used_size=16457728 bytes (40.2%)
(RDMA_READ_CONSUME_CHECK_CONSUMER) timestamp=6431 ms, used_size=16455680 bytes (40.2%)
(RDMA_READ_CONSUME_CHECK_CONSUMER) timestamp=6431 ms, used_size=16453632 bytes (40.2%)
(RDMA_READ_CONSUME_CHECK_CONSUMER) timestamp=6431 ms, used_size=16451584 bytes (40.2%)
(RDMA_READ_CONSUME_CHECK_CONSUMER) timestamp=6431 ms, used_size=16449536 bytes (40.2%)
(RDMA_READ_CONSUME_CHECK_CONSUMER) timestamp=6431 ms, used_size=16447488 bytes (40.2%)
(RDMA_READ_CONSUME_CHECK_CONSUMER) timestamp=6431 ms, used_size=16445440 bytes (40.1%)
(RDMA_READ_CONSUME_CHECK_CONSUMER) timestamp=6431 ms, used_size=16443392 bytes (40.1%)
(RDMA_READ_CONSUME_CHECK_CONSUMER) timestamp=6431 ms, used_size=16441344 bytes (40.1%)
(RDMA_READ_CONSUME_CHECK_CONSUMER) timestamp=6431 ms, used_size=16439296 bytes (40.1%)
(RDMA_READ_CONSUME_CHECK_CONSUMER) timestamp=6431 ms, used_size=16437248 bytes (40.1%)
(RDMA_READ_CONSUME_CHECK_CONSUMER) timestamp=6431 ms, used_size=16435200 bytes (40.1%)
(RDMA_READ_CONSUME_CHECK_CONSUMER) timestamp=6431 ms, used_size=16433152 bytes (40.1%)
(RDMA_READ_CONSUME_CHECK_CONSUMER) timestamp=6431 ms, used_size=16431104 bytes (40.1%)
(RDMA_READ_CONSUME_CHECK_CONSUMER) timestamp=6431 ms, used_size=16429056 bytes (40.1%)
(RDMA_READ_CONSUME_CHECK_CONSUMER) timestamp=6431 ms, used_size=16427008 bytes (40.1%)
(RDMA_READ_CONSUME_CHECK_CONSUMER) timestamp=6431 ms, used_size=16424960 bytes (40.1%)
(RDMA_READ_CONSUME_CHECK_CONSUMER) timestamp=6431 ms, used_size=16422912 bytes (40.1%)
(RDMA_READ_CONSUME_CHECK_CONSUMER) timestamp=6431 ms, used_size=16420864 bytes (40.1%)
(RDMA_READ_CONSUME_CHECK_CONSUMER) timestamp=6431 ms, used_size=16418816 bytes (40.1%)
(RDMA_READ_CONSUME_CHECK_CONSUMER) timestamp=6431 ms, used_size=16416768 bytes (40.1%)
(RDMA_READ_CONSUME_CHECK_CONSUMER) timestamp=6431 ms, used_size=16414720 bytes (40.1%)
(RDMA_READ_CONSUME_CHECK_CONSUMER) timestamp=6431 ms, used_size=16412672 bytes (40.1%)
(RDMA_READ_CONSUME_CHECK_CONSUMER) timestamp=6431 ms, used_size=16410624 bytes (40.1%)
(RDMA_READ_CONSUME_CHECK_CONSUMER) timestamp=6431 ms, used_size=16408576 bytes (40.1%)
(RDMA_READ_CONSUME_CHECK_CONSUMER) timestamp=6431 ms, used_size=16406528 bytes (40.1%)
(RDMA_READ_CONSUME_CHECK_CONSUMER) timestamp=6431 ms, used_size=16404480 bytes (40.0%)
(RDMA_READ_CONSUME_CHECK_CONSUMER) timestamp=6431 ms, used_size=16402432 bytes (40.0%)
(RDMA_READ_CONSUME_CHECK_CONSUMER) timestamp=6431 ms, used_size=16400384 bytes (40.0%)
(RDMA_READ_CONSUME_CHECK_CONSUMER) timestamp=6431 ms, used_size=16398336 bytes (40.0%)
(RDMA_READ_CONSUME_CHECK_CONSUMER) timestamp=6431 ms, used_size=16396288 bytes (40.0%)
(RDMA_READ_CONSUME_CHECK_CONSUMER) timestamp=6431 ms, used_size=16394240 bytes (40.0%)
(RDMA_READ_CONSUME_CHECK_CONSUMER) timestamp=6431 ms, used_size=16392192 bytes (40.0%)
(RDMA_READ_CONSUME_CHECK_CONSUMER) timestamp=6431 ms, used_size=16390144 bytes (40.0%)
(RDMA_READ_CONSUME_CHECK_CONSUMER) timestamp=6431 ms, used_size=16388096 bytes (40.0%)
(RDMA_READ_CONSUME_CHECK_CONSUMER) timestamp=6431 ms, used_size=16386048 bytes (40.0%)
(RDMA_READ_CONSUME_CHECK_CONSUMER) timestamp=6431 ms, used_size=16384000 bytes (40.0%)
(RDMA_READ_CONSUME_CHECK_CONSUMER) timestamp=6431 ms, used_size=16381952 bytes (40.0%)
(RDMA_READ_CONSUME_CHECK_CONSUMER) timestamp=6431 ms, used_size=16379904 bytes (40.0%)
(RDMA_READ_CONSUME_CHECK_CONSUMER) timestamp=6431 ms, used_size=16377856 bytes (40.0%)
(RDMA_READ_CONSUME_CHECK_CONSUMER) timestamp=6431 ms, used_size=16375808 bytes (40.0%)
(RDMA_READ_CONSUME_CHECK_CONSUMER) timestamp=6431 ms, used_size=16373760 bytes (40.0%)
(RDMA_READ_CONSUME_CHECK_CONSUMER) timestamp=6431 ms, used_size=16371712 bytes (40.0%)
(RDMA_READ_CONSUME_CHECK_CONSUMER) timestamp=6431 ms, used_size=16369664 bytes (40.0%)
(RDMA_READ_CONSUME_CHECK_CONSUMER) timestamp=6431 ms, used_size=16367616 bytes (40.0%)
(RDMA_READ_CONSUME_CHECK_CONSUMER) timestamp=6431 ms, used_size=16365568 bytes (40.0%)
(RDMA_READ_CONSUME_CHECK_CONSUMER) timestamp=6431 ms, used_size=16363520 bytes (40.0%)
(RDMA_READ_CONSUME_CHECK_CONSUMER) timestamp=6431 ms, used_size=16361472 bytes (39.9%)
(RDMA_READ_CONSUME_CHECK_CONSUMER) timestamp=6431 ms, used_size=16359424 bytes (39.9%)
(RDMA_READ_CONSUME_CHECK_CONSUMER) timestamp=6431 ms, used_size=16357376 bytes (39.9%)
(RDMA_READ_CONSUME_CHECK_CONSUMER) timestamp=6431 ms, used_size=16355328 bytes (39.9%)
(RDMA_READ_CONSUME_CHECK_CONSUMER) timestamp=6431 ms, used_size=16353280 bytes (39.9%)
(RDMA_READ_CONSUME_CHECK_CONSUMER) timestamp=6431 ms, used_size=16351232 bytes (39.9%)
(RDMA_READ_CONSUME_CHECK_CONSUMER) timestamp=6431 ms, used_size=16349184 bytes (39.9%)
(RDMA_READ_CONSUME_CHECK_CONSUMER) timestamp=6431 ms, used_size=16347136 bytes (39.9%)
(RDMA_READ_CONSUME_CHECK_CONSUMER) timestamp=6431 ms, used_size=16345088 bytes (39.9%)
(RDMA_READ_CONSUME_CHECK_CONSUMER) timestamp=6431 ms, used_size=16343040 bytes (39.9%)
(RDMA_READ_CONSUME_CHECK_CONSUMER) timestamp=6431 ms, used_size=16340992 bytes (39.9%)
(RDMA_READ_CONSUME_CHECK_CONSUMER) timestamp=6431 ms, used_size=16338944 bytes (39.9%)
(RDMA_READ_CONSUME_CHECK_CONSUMER) timestamp=6431 ms, used_size=16336896 bytes (39.9%)
(RDMA_READ_CONSUME_CHECK_CONSUMER) timestamp=6431 ms, used_size=16334848 bytes (39.9%)
(RDMA_READ_CONSUME_CHECK_CONSUMER) timestamp=6431 ms, used_size=16332800 bytes (39.9%)
(RDMA_READ_CONSUME_CHECK_CONSUMER) timestamp=6431 ms, used_size=16330752 bytes (39.9%)
(RDMA_READ_CONSUME_CHECK_CONSUMER) timestamp=6431 ms, used_size=16328704 bytes (39.9%)
(RDMA_READ_CONSUME_CHECK_CONSUMER) timestamp=6431 ms, used_size=16326656 bytes (39.9%)
(RDMA_READ_CONSUME_CHECK_CONSUMER) timestamp=6431 ms, used_size=16324608 bytes (39.9%)
(RDMA_READ_CONSUME_CHECK_CONSUMER) timestamp=6431 ms, used_size=16322560 bytes (39.9%)
(RDMA_READ_CONSUME_CHECK_CONSUMER) timestamp=6431 ms, used_size=16320512 bytes (39.8%)
(RDMA_READ_CONSUME_CHECK_CONSUMER) timestamp=6431 ms, used_size=16318464 bytes (39.8%)
(RDMA_READ_CONSUME_CHECK_CONSUMER) timestamp=6431 ms, used_size=16316416 bytes (39.8%)
(RDMA_READ_CONSUME_CHECK_CONSUMER) timestamp=6431 ms, used_size=16314368 bytes (39.8%)
(RDMA_READ_CONSUME_CHECK_CONSUMER) timestamp=6431 ms, used_size=16312320 bytes (39.8%)
(RDMA_READ_CONSUME_CHECK_CONSUMER) timestamp=6431 ms, used_size=16310272 bytes (39.8%)
(RDMA_READ_CONSUME_CHECK_CONSUMER) timestamp=6431 ms, used_size=16308224 bytes (39.8%)
(RDMA_READ_CONSUME_CHECK_CONSUMER) timestamp=6431 ms, used_size=16306176 bytes (39.8%)
(RDMA_READ_CONSUME_CHECK_CONSUMER) timestamp=6431 ms, used_size=16304128 bytes (39.8%)
(RDMA_READ_CONSUME_CHECK_CONSUMER) timestamp=6431 ms, used_size=16302080 bytes (39.8%)
(RDMA_READ_CONSUME_CHECK_CONSUMER) timestamp=6431 ms, used_size=16300032 bytes (39.8%)
(RDMA_READ_CONSUME_CHECK_CONSUMER) timestamp=6431 ms, used_size=16297984 bytes (39.8%)
(RDMA_READ_CONSUME_CHECK_CONSUMER) timestamp=6431 ms, used_size=16295936 bytes (39.8%)
(RDMA_READ_CONSUME_CHECK_CONSUMER) timestamp=6431 ms, used_size=16293888 bytes (39.8%)
(RDMA_READ_CONSUME_CHECK_CONSUMER) timestamp=6431 ms, used_size=16291840 bytes (39.8%)
(RDMA_READ_CONSUME_CHECK_CONSUMER) timestamp=6431 ms, used_size=16289792 bytes (39.8%)
(RDMA_READ_CONSUME_CHECK_CONSUMER) timestamp=6431 ms, used_size=16287744 bytes (39.8%)
(RDMA_READ_CONSUME_CHECK_CONSUMER) timestamp=6431 ms, used_size=16285696 bytes (39.8%)
(RDMA_READ_CONSUME_CHECK_CONSUMER) timestamp=6431 ms, used_size=16283648 bytes (39.8%)
(RDMA_READ_CONSUME_CHECK_CONSUMER) timestamp=6431 ms, used_size=16281600 bytes (39.8%)
(RDMA_READ_CONSUME_CHECK_CONSUMER) timestamp=6431 ms, used_size=16279552 bytes (39.7%)
(RDMA_READ_CONSUME_CHECK_CONSUMER) timestamp=6431 ms, used_size=16277504 bytes (39.7%)
(RDMA_READ_CONSUME_CHECK_CONSUMER) timestamp=6431 ms, used_size=16275456 bytes (39.7%)
(RDMA_READ_CONSUME_CHECK_CONSUMER) timestamp=6431 ms, used_size=16273408 bytes (39.7%)
(RDMA_READ_CONSUME_CHECK_CONSUMER) timestamp=6431 ms, used_size=16271360 bytes (39.7%)
(RDMA_READ_CONSUME_CHECK_CONSUMER) timestamp=6431 ms, used_size=16269312 bytes (39.7%)
(RDMA_READ_CONSUME_CHECK_CONSUMER) timestamp=6431 ms, used_size=16267264 bytes (39.7%)
(RDMA_READ_CONSUME_CHECK_CONSUMER) timestamp=6431 ms, used_size=16265216 bytes (39.7%)
(RDMA_READ_CONSUME_CHECK_CONSUMER) timestamp=6431 ms, used_size=16263168 bytes (39.7%)
(RDMA_READ_CONSUME_CHECK_CONSUMER) timestamp=6431 ms, used_size=16261120 bytes (39.7%)
(RDMA_READ_CONSUME_CHECK_CONSUMER) timestamp=6431 ms, used_size=16259072 bytes (39.7%)
(RDMA_READ_CONSUME_CHECK_CONSUMER) timestamp=6431 ms, used_size=16257024 bytes (39.7%)
(RDMA_READ_CONSUME_CHECK_CONSUMER) timestamp=6431 ms, used_size=16254976 bytes (39.7%)
(RDMA_READ_CONSUME_CHECK_CONSUMER) timestamp=6431 ms, used_size=16252928 bytes (39.7%)
(RDMA_READ_CONSUME_CHECK_CONSUMER) timestamp=6431 ms, used_size=16250880 bytes (39.7%)
(RDMA_READ_CONSUME_CHECK_CONSUMER) timestamp=6431 ms, used_size=16248832 bytes (39.7%)
(RDMA_READ_CONSUME_CHECK_CONSUMER) timestamp=6431 ms, used_size=16246784 bytes (39.7%)
(RDMA_READ_CONSUME_CHECK_CONSUMER) timestamp=6431 ms, used_size=16244736 bytes (39.7%)
(RDMA_READ_CONSUME_CHECK_CONSUMER) timestamp=6431 ms, used_size=16242688 bytes (39.7%)
(RDMA_READ_CONSUME_CHECK_CONSUMER) timestamp=6431 ms, used_size=16240640 bytes (39.6%)
(RDMA_READ_CONSUME_CHECK_CONSUMER) timestamp=6431 ms, used_size=16238592 bytes (39.6%)
(RDMA_READ_CONSUME_CHECK_CONSUMER) timestamp=6431 ms, used_size=16236544 bytes (39.6%)
(RDMA_READ_CONSUME_CHECK_CONSUMER) timestamp=6431 ms, used_size=16234496 bytes (39.6%)
(RDMA_READ_CONSUME_CHECK_CONSUMER) timestamp=6431 ms, used_size=16232448 bytes (39.6%)
(RDMA_READ_CONSUME_CHECK_CONSUMER) timestamp=6431 ms, used_size=16230400 bytes (39.6%)
(RDMA_READ_CONSUME_CHECK_CONSUMER) timestamp=6431 ms, used_size=16228352 bytes (39.6%)
(RDMA_READ_CONSUME_CHECK_CONSUMER) timestamp=6431 ms, used_size=16226304 bytes (39.6%)
(RDMA_READ_CONSUME_CHECK_CONSUMER) timestamp=6431 ms, used_size=16224256 bytes (39.6%)
(RDMA_READ_CONSUME_CHECK_CONSUMER) timestamp=6431 ms, used_size=16222208 bytes (39.6%)
(RDMA_READ_CONSUME_CHECK_CONSUMER) timestamp=6432 ms, used_size=16220160 bytes (39.6%)
(RDMA_READ_CONSUME_CHECK_CONSUMER) timestamp=6432 ms, used_size=16218112 bytes (39.6%)
(RDMA_READ_CONSUME_CHECK_CONSUMER) timestamp=6432 ms, used_size=16216064 bytes (39.6%)
(RDMA_READ_CONSUME_CHECK_CONSUMER) timestamp=6432 ms, used_size=16214016 bytes (39.6%)
(RDMA_READ_CONSUME_CHECK_CONSUMER) timestamp=6432 ms, used_size=16211968 bytes (39.6%)
(RDMA_READ_CONSUME_CHECK_CONSUMER) timestamp=6432 ms, used_size=16209920 bytes (39.6%)
(RDMA_READ_CONSUME_CHECK_CONSUMER) timestamp=6432 ms, used_size=16207872 bytes (39.6%)
(RDMA_READ_CONSUME_CHECK_CONSUMER) timestamp=6432 ms, used_size=16205824 bytes (39.6%)
(RDMA_READ_CONSUME_CHECK_CONSUMER) timestamp=6432 ms, used_size=16203776 bytes (39.6%)
(RDMA_READ_CONSUME_CHECK_CONSUMER) timestamp=6432 ms, used_size=16201728 bytes (39.6%)
(RDMA_READ_CONSUME_CHECK_CONSUMER) timestamp=6432 ms, used_size=16199680 bytes (39.5%)
(RDMA_READ_CONSUME_CHECK_CONSUMER) timestamp=6432 ms, used_size=16197632 bytes (39.5%)
(RDMA_READ_CONSUME_CHECK_CONSUMER) timestamp=6432 ms, used_size=16195584 bytes (39.5%)
(RDMA_READ_CONSUME_CHECK_CONSUMER) timestamp=6432 ms, used_size=16193536 bytes (39.5%)
(RDMA_READ_CONSUME_CHECK_CONSUMER) timestamp=6432 ms, used_size=16191488 bytes (39.5%)
(RDMA_READ_CONSUME_CHECK_CONSUMER) timestamp=6432 ms, used_size=16189440 bytes (39.5%)
(RDMA_READ_CONSUME_CHECK_CONSUMER) timestamp=6432 ms, used_size=16187392 bytes (39.5%)
(RDMA_READ_CONSUME_CHECK_CONSUMER) timestamp=6432 ms, used_size=16185344 bytes (39.5%)
(RDMA_READ_CONSUME_CHECK_CONSUMER) timestamp=6432 ms, used_size=16183296 bytes (39.5%)
(RDMA_READ_CONSUME_CHECK_CONSUMER) timestamp=6432 ms, used_size=16181248 bytes (39.5%)
(RDMA_READ_CONSUME_CHECK_CONSUMER) timestamp=6432 ms, used_size=16179200 bytes (39.5%)
(RDMA_READ_CONSUME_CHECK_CONSUMER) timestamp=6432 ms, used_size=16177152 bytes (39.5%)
(RDMA_READ_CONSUME_CHECK_CONSUMER) timestamp=6432 ms, used_size=16175104 bytes (39.5%)
(RDMA_READ_CONSUME_CHECK_CONSUMER) timestamp=6432 ms, used_size=16173056 bytes (39.5%)
(RDMA_READ_CONSUME_CHECK_CONSUMER) timestamp=6432 ms, used_size=16171008 bytes (39.5%)
(RDMA_READ_CONSUME_CHECK_CONSUMER) timestamp=6432 ms, used_size=16168960 bytes (39.5%)
(RDMA_READ_CONSUME_CHECK_CONSUMER) timestamp=6432 ms, used_size=16166912 bytes (39.5%)
(RDMA_READ_CONSUME_CHECK_CONSUMER) timestamp=6432 ms, used_size=16164864 bytes (39.5%)
(RDMA_READ_CONSUME_CHECK_CONSUMER) timestamp=6432 ms, used_size=16162816 bytes (39.5%)
(RDMA_READ_CONSUME_CHECK_CONSUMER) timestamp=6432 ms, used_size=16160768 bytes (39.5%)
(RDMA_READ_CONSUME_CHECK_CONSUMER) timestamp=6432 ms, used_size=16158720 bytes (39.5%)
(RDMA_READ_CONSUME_CHECK_CONSUMER) timestamp=6432 ms, used_size=16156672 bytes (39.4%)
(RDMA_READ_CONSUME_CHECK_CONSUMER) timestamp=6432 ms, used_size=16154624 bytes (39.4%)
(RDMA_READ_CONSUME_CHECK_CONSUMER) timestamp=6432 ms, used_size=16152576 bytes (39.4%)
(RDMA_READ_CONSUME_CHECK_CONSUMER) timestamp=6432 ms, used_size=16150528 bytes (39.4%)
(RDMA_READ_CONSUME_CHECK_CONSUMER) timestamp=6432 ms, used_size=16148480 bytes (39.4%)
(RDMA_READ_CONSUME_CHECK_CONSUMER) timestamp=6432 ms, used_size=16146432 bytes (39.4%)
(RDMA_READ_CONSUME_CHECK_CONSUMER) timestamp=6432 ms, used_size=16144384 bytes (39.4%)
(RDMA_READ_CONSUME_CHECK_CONSUMER) timestamp=6432 ms, used_size=16142336 bytes (39.4%)
(RDMA_READ_CONSUME_CHECK_CONSUMER) timestamp=6432 ms, used_size=16140288 bytes (39.4%)
(RDMA_READ_CONSUME_CHECK_CONSUMER) timestamp=6432 ms, used_size=16138240 bytes (39.4%)
(RDMA_READ_CONSUME_CHECK_CONSUMER) timestamp=6432 ms, used_size=16136192 bytes (39.4%)
(RDMA_READ_CONSUME_CHECK_CONSUMER) timestamp=6432 ms, used_size=16134144 bytes (39.4%)
(RDMA_READ_CONSUME_CHECK_CONSUMER) timestamp=6432 ms, used_size=16132096 bytes (39.4%)
(RDMA_READ_CONSUME_CHECK_CONSUMER) timestamp=6432 ms, used_size=16130048 bytes (39.4%)
(RDMA_READ_CONSUME_CHECK_CONSUMER) timestamp=6432 ms, used_size=16128000 bytes (39.4%)
(RDMA_READ_CONSUME_CHECK_CONSUMER) timestamp=6432 ms, used_size=16125952 bytes (39.4%)
(RDMA_READ_CONSUME_CHECK_CONSUMER) timestamp=6432 ms, used_size=16123904 bytes (39.4%)
(RDMA_READ_CONSUME_CHECK_CONSUMER) timestamp=6432 ms, used_size=16121856 bytes (39.4%)
(RDMA_READ_CONSUME_CHECK_CONSUMER) timestamp=6432 ms, used_size=16119808 bytes (39.4%)
(RDMA_READ_CONSUME_CHECK_CONSUMER) timestamp=6432 ms, used_size=16117760 bytes (39.4%)
(RDMA_READ_CONSUME_CHECK_CONSUMER) timestamp=6432 ms, used_size=16115712 bytes (39.3%)
(RDMA_READ_CONSUME_CHECK_CONSUMER) timestamp=6432 ms, used_size=16113664 bytes (39.3%)
(RDMA_READ_CONSUME_CHECK_CONSUMER) timestamp=6432 ms, used_size=16111616 bytes (39.3%)
(RDMA_READ_CONSUME_CHECK_CONSUMER) timestamp=6432 ms, used_size=16109568 bytes (39.3%)
(RDMA_READ_CONSUME_CHECK_CONSUMER) timestamp=6432 ms, used_size=16107520 bytes (39.3%)
(RDMA_READ_CONSUME_CHECK_CONSUMER) timestamp=6432 ms, used_size=16105472 bytes (39.3%)
(RDMA_READ_CONSUME_CHECK_CONSUMER) timestamp=6432 ms, used_size=16103424 bytes (39.3%)
(RDMA_READ_CONSUME_CHECK_CONSUMER) timestamp=6432 ms, used_size=16101376 bytes (39.3%)
(RDMA_READ_CONSUME_CHECK_CONSUMER) timestamp=6432 ms, used_size=16099328 bytes (39.3%)
(RDMA_READ_CONSUME_CHECK_CONSUMER) timestamp=6432 ms, used_size=16097280 bytes (39.3%)
(RDMA_READ_CONSUME_CHECK_CONSUMER) timestamp=6432 ms, used_size=16095232 bytes (39.3%)
(RDMA_READ_CONSUME_CHECK_CONSUMER) timestamp=6432 ms, used_size=16093184 bytes (39.3%)
(RDMA_READ_CONSUME_CHECK_CONSUMER) timestamp=6432 ms, used_size=16091136 bytes (39.3%)
(RDMA_READ_CONSUME_CHECK_CONSUMER) timestamp=6432 ms, used_size=16089088 bytes (39.3%)
(RDMA_READ_CONSUME_CHECK_CONSUMER) timestamp=6432 ms, used_size=16087040 bytes (39.3%)
(RDMA_READ_CONSUME_CHECK_CONSUMER) timestamp=6432 ms, used_size=16084992 bytes (39.3%)
(RDMA_READ_CONSUME_CHECK_CONSUMER) timestamp=6432 ms, used_size=16082944 bytes (39.3%)
(RDMA_READ_CONSUME_CHECK_CONSUMER) timestamp=6432 ms, used_size=16080896 bytes (39.3%)
(RDMA_READ_CONSUME_CHECK_CONSUMER) timestamp=6432 ms, used_size=16078848 bytes (39.3%)
(RDMA_READ_CONSUME_CHECK_CONSUMER) timestamp=6432 ms, used_size=16076800 bytes (39.2%)
(RDMA_READ_CONSUME_CHECK_CONSUMER) timestamp=6432 ms, used_size=16074752 bytes (39.2%)
(RDMA_READ_CONSUME_CHECK_CONSUMER) timestamp=6432 ms, used_size=16072704 bytes (39.2%)
(RDMA_READ_CONSUME_CHECK_CONSUMER) timestamp=6432 ms, used_size=16070656 bytes (39.2%)
(RDMA_READ_CONSUME_CHECK_CONSUMER) timestamp=6432 ms, used_size=16068608 bytes (39.2%)
(RDMA_READ_CONSUME_CHECK_CONSUMER) timestamp=6432 ms, used_size=16066560 bytes (39.2%)
(RDMA_READ_CONSUME_CHECK_CONSUMER) timestamp=6432 ms, used_size=16064512 bytes (39.2%)
(RDMA_READ_CONSUME_CHECK_CONSUMER) timestamp=6432 ms, used_size=16062464 bytes (39.2%)
(RDMA_READ_CONSUME_CHECK_CONSUMER) timestamp=6432 ms, used_size=16060416 bytes (39.2%)
(RDMA_READ_CONSUME_CHECK_CONSUMER) timestamp=6432 ms, used_size=16058368 bytes (39.2%)
(RDMA_READ_CONSUME_CHECK_CONSUMER) timestamp=6432 ms, used_size=16056320 bytes (39.2%)
(RDMA_READ_CONSUME_CHECK_CONSUMER) timestamp=6432 ms, used_size=16054272 bytes (39.2%)
(RDMA_READ_CONSUME_CHECK_CONSUMER) timestamp=6432 ms, used_size=16052224 bytes (39.2%)
(RDMA_READ_CONSUME_CHECK_CONSUMER) timestamp=6432 ms, used_size=16050176 bytes (39.2%)
(RDMA_READ_CONSUME_CHECK_CONSUMER) timestamp=6432 ms, used_size=16048128 bytes (39.2%)
(RDMA_READ_CONSUME_CHECK_CONSUMER) timestamp=6432 ms, used_size=16046080 bytes (39.2%)
(RDMA_READ_CONSUME_CHECK_CONSUMER) timestamp=6432 ms, used_size=16044032 bytes (39.2%)
(RDMA_READ_CONSUME_CHECK_CONSUMER) timestamp=6432 ms, used_size=16041984 bytes (39.2%)
(RDMA_READ_CONSUME_CHECK_CONSUMER) timestamp=6432 ms, used_size=16039936 bytes (39.2%)
(RDMA_READ_CONSUME_CHECK_CONSUMER) timestamp=6432 ms, used_size=16037888 bytes (39.2%)
(RDMA_READ_CONSUME_CHECK_CONSUMER) timestamp=6432 ms, used_size=16035840 bytes (39.1%)
(RDMA_READ_CONSUME_CHECK_CONSUMER) timestamp=6432 ms, used_size=16033792 bytes (39.1%)
(RDMA_READ_CONSUME_CHECK_CONSUMER) timestamp=6432 ms, used_size=16031744 bytes (39.1%)
(RDMA_READ_CONSUME_CHECK_CONSUMER) timestamp=6432 ms, used_size=16029696 bytes (39.1%)
(RDMA_READ_CONSUME_CHECK_CONSUMER) timestamp=6432 ms, used_size=16027648 bytes (39.1%)
(RDMA_READ_CONSUME_CHECK_CONSUMER) timestamp=6432 ms, used_size=16025600 bytes (39.1%)
(RDMA_READ_CONSUME_CHECK_CONSUMER) timestamp=6432 ms, used_size=16023552 bytes (39.1%)
(RDMA_READ_CONSUME_CHECK_CONSUMER) timestamp=6432 ms, used_size=16021504 bytes (39.1%)
(RDMA_READ_CONSUME_CHECK_CONSUMER) timestamp=6432 ms, used_size=16019456 bytes (39.1%)
(RDMA_READ_CONSUME_CHECK_CONSUMER) timestamp=6432 ms, used_size=16017408 bytes (39.1%)
(RDMA_READ_CONSUME_CHECK_CONSUMER) timestamp=6432 ms, used_size=16015360 bytes (39.1%)
(RDMA_READ_CONSUME_CHECK_CONSUMER) timestamp=6432 ms, used_size=16013312 bytes (39.1%)
(RDMA_READ_CONSUME_CHECK_CONSUMER) timestamp=6432 ms, used_size=16011264 bytes (39.1%)
(RDMA_READ_CONSUME_CHECK_CONSUMER) timestamp=6432 ms, used_size=16009216 bytes (39.1%)
(RDMA_READ_CONSUME_CHECK_CONSUMER) timestamp=6432 ms, used_size=16007168 bytes (39.1%)
(RDMA_READ_CONSUME_CHECK_CONSUMER) timestamp=6432 ms, used_size=16005120 bytes (39.1%)
(RDMA_READ_CONSUME_CHECK_CONSUMER) timestamp=6432 ms, used_size=16003072 bytes (39.1%)
(RDMA_READ_CONSUME_CHECK_CONSUMER) timestamp=6432 ms, used_size=16001024 bytes (39.1%)
(RDMA_READ_CONSUME_CHECK_CONSUMER) timestamp=6432 ms, used_size=15998976 bytes (39.1%)
(RDMA_READ_CONSUME_CHECK_CONSUMER) timestamp=6432 ms, used_size=15996928 bytes (39.1%)
(RDMA_READ_CONSUME_CHECK_CONSUMER) timestamp=6432 ms, used_size=15994880 bytes (39.0%)
(RDMA_READ_CONSUME_CHECK_CONSUMER) timestamp=6432 ms, used_size=15992832 bytes (39.0%)
(RDMA_READ_CONSUME_CHECK_CONSUMER) timestamp=6432 ms, used_size=15990784 bytes (39.0%)
(RDMA_READ_CONSUME_CHECK_CONSUMER) timestamp=6432 ms, used_size=15988736 bytes (39.0%)
(RDMA_READ_CONSUME_CHECK_CONSUMER) timestamp=6432 ms, used_size=15986688 bytes (39.0%)
(RDMA_READ_CONSUME_CHECK_CONSUMER) timestamp=6432 ms, used_size=15984640 bytes (39.0%)
(RDMA_READ_CONSUME_CHECK_CONSUMER) timestamp=6432 ms, used_size=15982592 bytes (39.0%)
(RDMA_READ_CONSUME_CHECK_CONSUMER) timestamp=6432 ms, used_size=15980544 bytes (39.0%)
(RDMA_READ_CONSUME_CHECK_CONSUMER) timestamp=6432 ms, used_size=15978496 bytes (39.0%)
(RDMA_READ_CONSUME_CHECK_CONSUMER) timestamp=6432 ms, used_size=15976448 bytes (39.0%)
(RDMA_READ_CONSUME_CHECK_CONSUMER) timestamp=6432 ms, used_size=15974400 bytes (39.0%)
(RDMA_READ_CONSUME_CHECK_CONSUMER) timestamp=6432 ms, used_size=15972352 bytes (39.0%)
(RDMA_READ_CONSUME_CHECK_CONSUMER) timestamp=6432 ms, used_size=15970304 bytes (39.0%)
(RDMA_READ_CONSUME_CHECK_CONSUMER) timestamp=6432 ms, used_size=15968256 bytes (39.0%)
(RDMA_READ_CONSUME_CHECK_CONSUMER) timestamp=6432 ms, used_size=15966208 bytes (39.0%)
(RDMA_READ_CONSUME_CHECK_CONSUMER) timestamp=6432 ms, used_size=15964160 bytes (39.0%)
(RDMA_READ_CONSUME_CHECK_CONSUMER) timestamp=6432 ms, used_size=15962112 bytes (39.0%)
(RDMA_READ_CONSUME_CHECK_CONSUMER) timestamp=6432 ms, used_size=15960064 bytes (39.0%)
(RDMA_READ_CONSUME_CHECK_CONSUMER) timestamp=6432 ms, used_size=15958016 bytes (39.0%)
(RDMA_READ_CONSUME_CHECK_CONSUMER) timestamp=6432 ms, used_size=15955968 bytes (39.0%)
(RDMA_READ_CONSUME_CHECK_CONSUMER) timestamp=6432 ms, used_size=15953920 bytes (39.0%)
(RDMA_READ_CONSUME_CHECK_CONSUMER) timestamp=6432 ms, used_size=15951872 bytes (38.9%)
(RDMA_READ_CONSUME_CHECK_CONSUMER) timestamp=6432 ms, used_size=15949824 bytes (38.9%)
(RDMA_READ_CONSUME_CHECK_CONSUMER) timestamp=6432 ms, used_size=15947776 bytes (38.9%)
(RDMA_READ_CONSUME_CHECK_CONSUMER) timestamp=6432 ms, used_size=15945728 bytes (38.9%)
(RDMA_READ_CONSUME_CHECK_CONSUMER) timestamp=6432 ms, used_size=15943680 bytes (38.9%)
(RDMA_READ_CONSUME_CHECK_CONSUMER) timestamp=6432 ms, used_size=15941632 bytes (38.9%)
(RDMA_READ_CONSUME_CHECK_CONSUMER) timestamp=6432 ms, used_size=15939584 bytes (38.9%)
(RDMA_READ_CONSUME_CHECK_CONSUMER) timestamp=6432 ms, used_size=15937536 bytes (38.9%)
(RDMA_READ_CONSUME_CHECK_CONSUMER) timestamp=6432 ms, used_size=15935488 bytes (38.9%)
(RDMA_READ_CONSUME_CHECK_CONSUMER) timestamp=6432 ms, used_size=15933440 bytes (38.9%)
(RDMA_READ_CONSUME_CHECK_CONSUMER) timestamp=6432 ms, used_size=15931392 bytes (38.9%)
(RDMA_READ_CONSUME_CHECK_CONSUMER) timestamp=6432 ms, used_size=15929344 bytes (38.9%)
(RDMA_READ_CONSUME_CHECK_CONSUMER) timestamp=6432 ms, used_size=15927296 bytes (38.9%)
(RDMA_READ_CONSUME_CHECK_CONSUMER) timestamp=6432 ms, used_size=15925248 bytes (38.9%)
(RDMA_READ_CONSUME_CHECK_CONSUMER) timestamp=6432 ms, used_size=15923200 bytes (38.9%)
(RDMA_READ_CONSUME_CHECK_CONSUMER) timestamp=6432 ms, used_size=15921152 bytes (38.9%)
(RDMA_READ_CONSUME_CHECK_CONSUMER) timestamp=6432 ms, used_size=15919104 bytes (38.9%)
(RDMA_READ_CONSUME_CHECK_CONSUMER) timestamp=6432 ms, used_size=15917056 bytes (38.9%)
(RDMA_READ_CONSUME_CHECK_CONSUMER) timestamp=6432 ms, used_size=15915008 bytes (38.9%)
(RDMA_READ_CONSUME_CHECK_CONSUMER) timestamp=6432 ms, used_size=15912960 bytes (38.9%)
(RDMA_READ_CONSUME_CHECK_CONSUMER) timestamp=6432 ms, used_size=15910912 bytes (38.8%)
(RDMA_READ_CONSUME_CHECK_CONSUMER) timestamp=6432 ms, used_size=15908864 bytes (38.8%)
(RDMA_READ_CONSUME_CHECK_CONSUMER) timestamp=6432 ms, used_size=15906816 bytes (38.8%)
(RDMA_READ_CONSUME_CHECK_CONSUMER) timestamp=6432 ms, used_size=15904768 bytes (38.8%)
(RDMA_READ_CONSUME_CHECK_CONSUMER) timestamp=6432 ms, used_size=15902720 bytes (38.8%)
(RDMA_READ_CONSUME_CHECK_CONSUMER) timestamp=6432 ms, used_size=15900672 bytes (38.8%)
(RDMA_READ_CONSUME_CHECK_CONSUMER) timestamp=6432 ms, used_size=15898624 bytes (38.8%)
(RDMA_READ_CONSUME_CHECK_CONSUMER) timestamp=6432 ms, used_size=15896576 bytes (38.8%)
(RDMA_READ_CONSUME_CHECK_CONSUMER) timestamp=6432 ms, used_size=15894528 bytes (38.8%)
(RDMA_READ_CONSUME_CHECK_CONSUMER) timestamp=6432 ms, used_size=15892480 bytes (38.8%)
(RDMA_READ_CONSUME_CHECK_CONSUMER) timestamp=6432 ms, used_size=15890432 bytes (38.8%)
(RDMA_READ_CONSUME_CHECK_CONSUMER) timestamp=6432 ms, used_size=15888384 bytes (38.8%)
(RDMA_READ_CONSUME_CHECK_CONSUMER) timestamp=6432 ms, used_size=15886336 bytes (38.8%)
(RDMA_READ_CONSUME_CHECK_CONSUMER) timestamp=6432 ms, used_size=15884288 bytes (38.8%)
(RDMA_READ_CONSUME_CHECK_CONSUMER) timestamp=6432 ms, used_size=15882240 bytes (38.8%)
(RDMA_READ_CONSUME_CHECK_CONSUMER) timestamp=6432 ms, used_size=15880192 bytes (38.8%)
(RDMA_READ_CONSUME_CHECK_CONSUMER) timestamp=6432 ms, used_size=15878144 bytes (38.8%)
(RDMA_READ_CONSUME_CHECK_CONSUMER) timestamp=6432 ms, used_size=15876096 bytes (38.8%)
(RDMA_READ_CONSUME_CHECK_CONSUMER) timestamp=6432 ms, used_size=15874048 bytes (38.8%)
(RDMA_READ_CONSUME_CHECK_CONSUMER) timestamp=6432 ms, used_size=15872000 bytes (38.8%)
(RDMA_READ_CONSUME_CHECK_CONSUMER) timestamp=6432 ms, used_size=15869952 bytes (38.7%)
(RDMA_READ_CONSUME_CHECK_CONSUMER) timestamp=6432 ms, used_size=15867904 bytes (38.7%)
(RDMA_READ_CONSUME_CHECK_CONSUMER) timestamp=6432 ms, used_size=15865856 bytes (38.7%)
(RDMA_READ_CONSUME_CHECK_CONSUMER) timestamp=6432 ms, used_size=15863808 bytes (38.7%)
(RDMA_READ_CONSUME_CHECK_CONSUMER) timestamp=6432 ms, used_size=15861760 bytes (38.7%)
(RDMA_READ_CONSUME_CHECK_CONSUMER) timestamp=6432 ms, used_size=15859712 bytes (38.7%)
(RDMA_READ_CONSUME_CHECK_CONSUMER) timestamp=6432 ms, used_size=15857664 bytes (38.7%)
(RDMA_READ_CONSUME_CHECK_CONSUMER) timestamp=6432 ms, used_size=15855616 bytes (38.7%)
(RDMA_READ_CONSUME_CHECK_CONSUMER) timestamp=6432 ms, used_size=15853568 bytes (38.7%)
(RDMA_READ_CONSUME_CHECK_CONSUMER) timestamp=6432 ms, used_size=15851520 bytes (38.7%)
(RDMA_READ_CONSUME_CHECK_CONSUMER) timestamp=6432 ms, used_size=15849472 bytes (38.7%)
(RDMA_READ_CONSUME_CHECK_CONSUMER) timestamp=6433 ms, used_size=15847424 bytes (38.7%)
(RDMA_READ_CONSUME_CHECK_CONSUMER) timestamp=6433 ms, used_size=15845376 bytes (38.7%)
(RDMA_READ_CONSUME_CHECK_CONSUMER) timestamp=6433 ms, used_size=15843328 bytes (38.7%)
(RDMA_READ_CONSUME_CHECK_CONSUMER) timestamp=6433 ms, used_size=15841280 bytes (38.7%)
(RDMA_READ_CONSUME_CHECK_CONSUMER) timestamp=6433 ms, used_size=15839232 bytes (38.7%)
(RDMA_READ_CONSUME_CHECK_CONSUMER) timestamp=6433 ms, used_size=15837184 bytes (38.7%)
(RDMA_READ_CONSUME_CHECK_CONSUMER) timestamp=6433 ms, used_size=15835136 bytes (38.7%)
(RDMA_READ_CONSUME_CHECK_CONSUMER) timestamp=6433 ms, used_size=15833088 bytes (38.7%)
(RDMA_READ_CONSUME_CHECK_CONSUMER) timestamp=6433 ms, used_size=15831040 bytes (38.6%)
(RDMA_READ_CONSUME_CHECK_CONSUMER) timestamp=6433 ms, used_size=15828992 bytes (38.6%)
(RDMA_READ_CONSUME_CHECK_CONSUMER) timestamp=6433 ms, used_size=15826944 bytes (38.6%)
(RDMA_READ_CONSUME_CHECK_CONSUMER) timestamp=6433 ms, used_size=15824896 bytes (38.6%)
(RDMA_READ_CONSUME_CHECK_CONSUMER) timestamp=6433 ms, used_size=15822848 bytes (38.6%)
(RDMA_READ_CONSUME_CHECK_CONSUMER) timestamp=6433 ms, used_size=15820800 bytes (38.6%)
(RDMA_READ_CONSUME_CHECK_CONSUMER) timestamp=6433 ms, used_size=15818752 bytes (38.6%)
(RDMA_READ_CONSUME_CHECK_CONSUMER) timestamp=6433 ms, used_size=15816704 bytes (38.6%)
(RDMA_READ_CONSUME_CHECK_CONSUMER) timestamp=6433 ms, used_size=15814656 bytes (38.6%)
(RDMA_READ_CONSUME_CHECK_CONSUMER) timestamp=6433 ms, used_size=15812608 bytes (38.6%)
(RDMA_READ_CONSUME_CHECK_CONSUMER) timestamp=6433 ms, used_size=15810560 bytes (38.6%)
(RDMA_READ_CONSUME_CHECK_CONSUMER) timestamp=6433 ms, used_size=15808512 bytes (38.6%)
(RDMA_READ_CONSUME_CHECK_CONSUMER) timestamp=6433 ms, used_size=15806464 bytes (38.6%)
(RDMA_READ_CONSUME_CHECK_CONSUMER) timestamp=6433 ms, used_size=15804416 bytes (38.6%)
(RDMA_READ_CONSUME_CHECK_CONSUMER) timestamp=6433 ms, used_size=15802368 bytes (38.6%)
(RDMA_READ_CONSUME_CHECK_CONSUMER) timestamp=6433 ms, used_size=15800320 bytes (38.6%)
(RDMA_READ_CONSUME_CHECK_CONSUMER) timestamp=6433 ms, used_size=15798272 bytes (38.6%)
(RDMA_READ_CONSUME_CHECK_CONSUMER) timestamp=6433 ms, used_size=15796224 bytes (38.6%)
(RDMA_READ_CONSUME_CHECK_CONSUMER) timestamp=6433 ms, used_size=15794176 bytes (38.6%)
(RDMA_READ_CONSUME_CHECK_CONSUMER) timestamp=6433 ms, used_size=15792128 bytes (38.6%)
(RDMA_READ_CONSUME_CHECK_CONSUMER) timestamp=6433 ms, used_size=15790080 bytes (38.5%)
(RDMA_READ_CONSUME_CHECK_CONSUMER) timestamp=6433 ms, used_size=15788032 bytes (38.5%)
(RDMA_READ_CONSUME_CHECK_CONSUMER) timestamp=6433 ms, used_size=15785984 bytes (38.5%)
(RDMA_READ_CONSUME_CHECK_CONSUMER) timestamp=6433 ms, used_size=15783936 bytes (38.5%)
(RDMA_READ_CONSUME_CHECK_CONSUMER) timestamp=6433 ms, used_size=15781888 bytes (38.5%)
(RDMA_READ_CONSUME_CHECK_CONSUMER) timestamp=6433 ms, used_size=15779840 bytes (38.5%)
(RDMA_READ_CONSUME_CHECK_CONSUMER) timestamp=6433 ms, used_size=15777792 bytes (38.5%)
(RDMA_READ_CONSUME_CHECK_CONSUMER) timestamp=6433 ms, used_size=15775744 bytes (38.5%)
(RDMA_READ_CONSUME_CHECK_CONSUMER) timestamp=6433 ms, used_size=15773696 bytes (38.5%)
(RDMA_READ_CONSUME_CHECK_CONSUMER) timestamp=6433 ms, used_size=15771648 bytes (38.5%)
(RDMA_READ_CONSUME_CHECK_CONSUMER) timestamp=6433 ms, used_size=15769600 bytes (38.5%)
(RDMA_READ_CONSUME_CHECK_CONSUMER) timestamp=6433 ms, used_size=15767552 bytes (38.5%)
(RDMA_READ_CONSUME_CHECK_CONSUMER) timestamp=6433 ms, used_size=15765504 bytes (38.5%)
(RDMA_READ_CONSUME_CHECK_CONSUMER) timestamp=6433 ms, used_size=15763456 bytes (38.5%)
(RDMA_READ_CONSUME_CHECK_CONSUMER) timestamp=6433 ms, used_size=15761408 bytes (38.5%)
(RDMA_READ_CONSUME_CHECK_CONSUMER) timestamp=6433 ms, used_size=15759360 bytes (38.5%)
(RDMA_READ_CONSUME_CHECK_CONSUMER) timestamp=6433 ms, used_size=15757312 bytes (38.5%)
(RDMA_READ_CONSUME_CHECK_CONSUMER) timestamp=6433 ms, used_size=15755264 bytes (38.5%)
(RDMA_READ_CONSUME_CHECK_CONSUMER) timestamp=6433 ms, used_size=15753216 bytes (38.5%)
(RDMA_READ_CONSUME_CHECK_CONSUMER) timestamp=6433 ms, used_size=15751168 bytes (38.5%)
(RDMA_READ_CONSUME_CHECK_CONSUMER) timestamp=6433 ms, used_size=15749120 bytes (38.5%)
(RDMA_READ_CONSUME_CHECK_CONSUMER) timestamp=6433 ms, used_size=15747072 bytes (38.4%)
(RDMA_READ_CONSUME_CHECK_CONSUMER) timestamp=6433 ms, used_size=15745024 bytes (38.4%)
(RDMA_READ_CONSUME_CHECK_CONSUMER) timestamp=6433 ms, used_size=15742976 bytes (38.4%)
(RDMA_READ_CONSUME_CHECK_CONSUMER) timestamp=6433 ms, used_size=15740928 bytes (38.4%)
(RDMA_READ_CONSUME_CHECK_CONSUMER) timestamp=6433 ms, used_size=15738880 bytes (38.4%)
(RDMA_READ_CONSUME_CHECK_CONSUMER) timestamp=6433 ms, used_size=15736832 bytes (38.4%)
(RDMA_READ_CONSUME_CHECK_CONSUMER) timestamp=6433 ms, used_size=15734784 bytes (38.4%)
(RDMA_READ_CONSUME_CHECK_CONSUMER) timestamp=6433 ms, used_size=15732736 bytes (38.4%)
(RDMA_READ_CONSUME_CHECK_CONSUMER) timestamp=6433 ms, used_size=15730688 bytes (38.4%)
(RDMA_READ_CONSUME_CHECK_CONSUMER) timestamp=6433 ms, used_size=15728640 bytes (38.4%)
(RDMA_READ_CONSUME_CHECK_CONSUMER) timestamp=6433 ms, used_size=15726592 bytes (38.4%)
(RDMA_READ_CONSUME_CHECK_CONSUMER) timestamp=6433 ms, used_size=15724544 bytes (38.4%)
(RDMA_READ_CONSUME_CHECK_CONSUMER) timestamp=6433 ms, used_size=15722496 bytes (38.4%)
(RDMA_READ_CONSUME_CHECK_CONSUMER) timestamp=6433 ms, used_size=15720448 bytes (38.4%)
(RDMA_READ_CONSUME_CHECK_CONSUMER) timestamp=6433 ms, used_size=15718400 bytes (38.4%)
(RDMA_READ_CONSUME_CHECK_CONSUMER) timestamp=6433 ms, used_size=15716352 bytes (38.4%)
(RDMA_READ_CONSUME_CHECK_CONSUMER) timestamp=6433 ms, used_size=15714304 bytes (38.4%)
(RDMA_READ_CONSUME_CHECK_CONSUMER) timestamp=6433 ms, used_size=15712256 bytes (38.4%)
(RDMA_READ_CONSUME_CHECK_CONSUMER) timestamp=6433 ms, used_size=15710208 bytes (38.4%)
(RDMA_READ_CONSUME_CHECK_CONSUMER) timestamp=6433 ms, used_size=15708160 bytes (38.4%)
(RDMA_READ_CONSUME_CHECK_CONSUMER) timestamp=6433 ms, used_size=15706112 bytes (38.3%)
(RDMA_READ_CONSUME_CHECK_CONSUMER) timestamp=6433 ms, used_size=15704064 bytes (38.3%)
(RDMA_READ_CONSUME_CHECK_CONSUMER) timestamp=6433 ms, used_size=15702016 bytes (38.3%)
(RDMA_READ_CONSUME_CHECK_CONSUMER) timestamp=6433 ms, used_size=15699968 bytes (38.3%)
(RDMA_READ_CONSUME_CHECK_CONSUMER) timestamp=6433 ms, used_size=15697920 bytes (38.3%)
(RDMA_READ_CONSUME_CHECK_CONSUMER) timestamp=6433 ms, used_size=15695872 bytes (38.3%)
(RDMA_READ_CONSUME_CHECK_CONSUMER) timestamp=6433 ms, used_size=15693824 bytes (38.3%)
(RDMA_READ_CONSUME_CHECK_CONSUMER) timestamp=6433 ms, used_size=15691776 bytes (38.3%)
(RDMA_READ_CONSUME_CHECK_CONSUMER) timestamp=6433 ms, used_size=15689728 bytes (38.3%)
(RDMA_READ_CONSUME_CHECK_CONSUMER) timestamp=6433 ms, used_size=15687680 bytes (38.3%)
(RDMA_READ_CONSUME_CHECK_CONSUMER) timestamp=6433 ms, used_size=15685632 bytes (38.3%)
(RDMA_READ_CONSUME_CHECK_CONSUMER) timestamp=6433 ms, used_size=15683584 bytes (38.3%)
(RDMA_READ_CONSUME_CHECK_CONSUMER) timestamp=6433 ms, used_size=15681536 bytes (38.3%)
(RDMA_READ_CONSUME_CHECK_CONSUMER) timestamp=6433 ms, used_size=15679488 bytes (38.3%)
(RDMA_READ_CONSUME_CHECK_CONSUMER) timestamp=6433 ms, used_size=15677440 bytes (38.3%)
(RDMA_READ_CONSUME_CHECK_CONSUMER) timestamp=6433 ms, used_size=15675392 bytes (38.3%)
(RDMA_READ_CONSUME_CHECK_CONSUMER) timestamp=6433 ms, used_size=15673344 bytes (38.3%)
(RDMA_READ_CONSUME_CHECK_CONSUMER) timestamp=6433 ms, used_size=15671296 bytes (38.3%)
(RDMA_READ_CONSUME_CHECK_CONSUMER) timestamp=6433 ms, used_size=15669248 bytes (38.3%)
(RDMA_READ_CONSUME_CHECK_CONSUMER) timestamp=6433 ms, used_size=15667200 bytes (38.2%)
(RDMA_READ_CONSUME_CHECK_CONSUMER) timestamp=6433 ms, used_size=15665152 bytes (38.2%)
(RDMA_READ_CONSUME_CHECK_CONSUMER) timestamp=6433 ms, used_size=15663104 bytes (38.2%)
(RDMA_READ_CONSUME_CHECK_CONSUMER) timestamp=6433 ms, used_size=15661056 bytes (38.2%)
(RDMA_READ_CONSUME_CHECK_CONSUMER) timestamp=6433 ms, used_size=15659008 bytes (38.2%)
(RDMA_READ_CONSUME_CHECK_CONSUMER) timestamp=6433 ms, used_size=15656960 bytes (38.2%)
(RDMA_READ_CONSUME_CHECK_CONSUMER) timestamp=6433 ms, used_size=15654912 bytes (38.2%)
(RDMA_READ_CONSUME_CHECK_CONSUMER) timestamp=6433 ms, used_size=15652864 bytes (38.2%)
(RDMA_READ_CONSUME_CHECK_CONSUMER) timestamp=6433 ms, used_size=15650816 bytes (38.2%)
(RDMA_READ_CONSUME_CHECK_CONSUMER) timestamp=6433 ms, used_size=15648768 bytes (38.2%)
(RDMA_READ_CONSUME_CHECK_CONSUMER) timestamp=6433 ms, used_size=15646720 bytes (38.2%)
(RDMA_READ_CONSUME_CHECK_CONSUMER) timestamp=6433 ms, used_size=15644672 bytes (38.2%)
(RDMA_READ_CONSUME_CHECK_CONSUMER) timestamp=6433 ms, used_size=15642624 bytes (38.2%)
(RDMA_READ_CONSUME_CHECK_CONSUMER) timestamp=6433 ms, used_size=15640576 bytes (38.2%)
(RDMA_READ_CONSUME_CHECK_CONSUMER) timestamp=6433 ms, used_size=15638528 bytes (38.2%)
(RDMA_READ_CONSUME_CHECK_CONSUMER) timestamp=6433 ms, used_size=15636480 bytes (38.2%)
(RDMA_READ_CONSUME_CHECK_CONSUMER) timestamp=6433 ms, used_size=15634432 bytes (38.2%)
(RDMA_READ_CONSUME_CHECK_CONSUMER) timestamp=6433 ms, used_size=15632384 bytes (38.2%)
(RDMA_READ_CONSUME_CHECK_CONSUMER) timestamp=6433 ms, used_size=15630336 bytes (38.2%)
(RDMA_READ_CONSUME_CHECK_CONSUMER) timestamp=6433 ms, used_size=15628288 bytes (38.2%)
(RDMA_READ_CONSUME_CHECK_CONSUMER) timestamp=6433 ms, used_size=15626240 bytes (38.1%)
(RDMA_READ_CONSUME_CHECK_CONSUMER) timestamp=6433 ms, used_size=15624192 bytes (38.1%)
(RDMA_READ_CONSUME_CHECK_CONSUMER) timestamp=6433 ms, used_size=15622144 bytes (38.1%)
(RDMA_READ_CONSUME_CHECK_CONSUMER) timestamp=6433 ms, used_size=15620096 bytes (38.1%)
(RDMA_READ_CONSUME_CHECK_CONSUMER) timestamp=6433 ms, used_size=15618048 bytes (38.1%)
(RDMA_READ_CONSUME_CHECK_CONSUMER) timestamp=6433 ms, used_size=15616000 bytes (38.1%)
(RDMA_READ_CONSUME_CHECK_CONSUMER) timestamp=6433 ms, used_size=15613952 bytes (38.1%)
(RDMA_READ_CONSUME_CHECK_CONSUMER) timestamp=6433 ms, used_size=15611904 bytes (38.1%)
(RDMA_READ_CONSUME_CHECK_CONSUMER) timestamp=6433 ms, used_size=15609856 bytes (38.1%)
(RDMA_READ_CONSUME_CHECK_CONSUMER) timestamp=6433 ms, used_size=15607808 bytes (38.1%)
(RDMA_READ_CONSUME_CHECK_CONSUMER) timestamp=6433 ms, used_size=15605760 bytes (38.1%)
(RDMA_READ_CONSUME_CHECK_CONSUMER) timestamp=6433 ms, used_size=15603712 bytes (38.1%)
(RDMA_READ_CONSUME_CHECK_CONSUMER) timestamp=6433 ms, used_size=15601664 bytes (38.1%)
(RDMA_READ_CONSUME_CHECK_CONSUMER) timestamp=6433 ms, used_size=15599616 bytes (38.1%)
(RDMA_READ_CONSUME_CHECK_CONSUMER) timestamp=6433 ms, used_size=15597568 bytes (38.1%)
(RDMA_READ_CONSUME_CHECK_CONSUMER) timestamp=6433 ms, used_size=15595520 bytes (38.1%)
(RDMA_READ_CONSUME_CHECK_CONSUMER) timestamp=6433 ms, used_size=15593472 bytes (38.1%)
(RDMA_READ_CONSUME_CHECK_CONSUMER) timestamp=6433 ms, used_size=15591424 bytes (38.1%)
(RDMA_READ_CONSUME_CHECK_CONSUMER) timestamp=6433 ms, used_size=15589376 bytes (38.1%)
(RDMA_READ_CONSUME_CHECK_CONSUMER) timestamp=6433 ms, used_size=15587328 bytes (38.1%)
(RDMA_READ_CONSUME_CHECK_CONSUMER) timestamp=6433 ms, used_size=15585280 bytes (38.0%)
(RDMA_READ_CONSUME_CHECK_CONSUMER) timestamp=6433 ms, used_size=15583232 bytes (38.0%)
(RDMA_READ_CONSUME_CHECK_CONSUMER) timestamp=6433 ms, used_size=15581184 bytes (38.0%)
(RDMA_READ_CONSUME_CHECK_CONSUMER) timestamp=6433 ms, used_size=15579136 bytes (38.0%)
(RDMA_READ_CONSUME_CHECK_CONSUMER) timestamp=6433 ms, used_size=15577088 bytes (38.0%)
(RDMA_READ_CONSUME_CHECK_CONSUMER) timestamp=6433 ms, used_size=15575040 bytes (38.0%)
(RDMA_READ_CONSUME_CHECK_CONSUMER) timestamp=6433 ms, used_size=15572992 bytes (38.0%)
(RDMA_READ_CONSUME_CHECK_CONSUMER) timestamp=6433 ms, used_size=15570944 bytes (38.0%)
(RDMA_READ_CONSUME_CHECK_CONSUMER) timestamp=6433 ms, used_size=15568896 bytes (38.0%)
(RDMA_READ_CONSUME_CHECK_CONSUMER) timestamp=6433 ms, used_size=15566848 bytes (38.0%)
(RDMA_READ_CONSUME_CHECK_CONSUMER) timestamp=6433 ms, used_size=15564800 bytes (38.0%)
(RDMA_READ_CONSUME_CHECK_CONSUMER) timestamp=6433 ms, used_size=15562752 bytes (38.0%)
(RDMA_READ_CONSUME_CHECK_CONSUMER) timestamp=6433 ms, used_size=15560704 bytes (38.0%)
(RDMA_READ_CONSUME_CHECK_CONSUMER) timestamp=6433 ms, used_size=15558656 bytes (38.0%)
(RDMA_READ_CONSUME_CHECK_CONSUMER) timestamp=6433 ms, used_size=15556608 bytes (38.0%)
(RDMA_READ_CONSUME_CHECK_CONSUMER) timestamp=6433 ms, used_size=15554560 bytes (38.0%)
(RDMA_READ_CONSUME_CHECK_CONSUMER) timestamp=6433 ms, used_size=15552512 bytes (38.0%)
(RDMA_READ_CONSUME_CHECK_CONSUMER) timestamp=6433 ms, used_size=15550464 bytes (38.0%)
(RDMA_READ_CONSUME_CHECK_CONSUMER) timestamp=6433 ms, used_size=15548416 bytes (38.0%)
(RDMA_READ_CONSUME_CHECK_CONSUMER) timestamp=6433 ms, used_size=15546368 bytes (38.0%)
(RDMA_READ_CONSUME_CHECK_CONSUMER) timestamp=6433 ms, used_size=15544320 bytes (38.0%)
(RDMA_READ_CONSUME_CHECK_CONSUMER) timestamp=6433 ms, used_size=15542272 bytes (37.9%)
(RDMA_READ_CONSUME_CHECK_CONSUMER) timestamp=6433 ms, used_size=15540224 bytes (37.9%)
(RDMA_READ_CONSUME_CHECK_CONSUMER) timestamp=6433 ms, used_size=15538176 bytes (37.9%)
(RDMA_READ_CONSUME_CHECK_CONSUMER) timestamp=6433 ms, used_size=15536128 bytes (37.9%)
(RDMA_READ_CONSUME_CHECK_CONSUMER) timestamp=6433 ms, used_size=15534080 bytes (37.9%)
(RDMA_READ_CONSUME_CHECK_CONSUMER) timestamp=6433 ms, used_size=15532032 bytes (37.9%)
(RDMA_READ_CONSUME_CHECK_CONSUMER) timestamp=6433 ms, used_size=15529984 bytes (37.9%)
(RDMA_READ_CONSUME_CHECK_CONSUMER) timestamp=6433 ms, used_size=15527936 bytes (37.9%)
(RDMA_READ_CONSUME_CHECK_CONSUMER) timestamp=6433 ms, used_size=15525888 bytes (37.9%)
(RDMA_READ_CONSUME_CHECK_CONSUMER) timestamp=6433 ms, used_size=15523840 bytes (37.9%)
(RDMA_READ_CONSUME_CHECK_CONSUMER) timestamp=6433 ms, used_size=15521792 bytes (37.9%)
(RDMA_READ_CONSUME_CHECK_CONSUMER) timestamp=6433 ms, used_size=15519744 bytes (37.9%)
(RDMA_READ_CONSUME_CHECK_CONSUMER) timestamp=6433 ms, used_size=15517696 bytes (37.9%)
(RDMA_READ_CONSUME_CHECK_CONSUMER) timestamp=6433 ms, used_size=15515648 bytes (37.9%)
(RDMA_READ_CONSUME_CHECK_CONSUMER) timestamp=6433 ms, used_size=15513600 bytes (37.9%)
(RDMA_READ_CONSUME_CHECK_CONSUMER) timestamp=6433 ms, used_size=15511552 bytes (37.9%)
(RDMA_READ_CONSUME_CHECK_CONSUMER) timestamp=6433 ms, used_size=15509504 bytes (37.9%)
(RDMA_READ_CONSUME_CHECK_CONSUMER) timestamp=6433 ms, used_size=15507456 bytes (37.9%)
(RDMA_READ_CONSUME_CHECK_CONSUMER) timestamp=6433 ms, used_size=15505408 bytes (37.9%)
(RDMA_READ_CONSUME_CHECK_CONSUMER) timestamp=6433 ms, used_size=15503360 bytes (37.9%)
(RDMA_READ_CONSUME_CHECK_CONSUMER) timestamp=6433 ms, used_size=15501312 bytes (37.8%)
(RDMA_READ_CONSUME_CHECK_CONSUMER) timestamp=6433 ms, used_size=15499264 bytes (37.8%)
(RDMA_READ_CONSUME_CHECK_CONSUMER) timestamp=6433 ms, used_size=15497216 bytes (37.8%)
(RDMA_READ_CONSUME_CHECK_CONSUMER) timestamp=6433 ms, used_size=15495168 bytes (37.8%)
(RDMA_READ_CONSUME_CHECK_CONSUMER) timestamp=6433 ms, used_size=15493120 bytes (37.8%)
(RDMA_READ_CONSUME_CHECK_CONSUMER) timestamp=6433 ms, used_size=15491072 bytes (37.8%)
(RDMA_READ_CONSUME_CHECK_CONSUMER) timestamp=6433 ms, used_size=15489024 bytes (37.8%)
(RDMA_READ_CONSUME_CHECK_CONSUMER) timestamp=6433 ms, used_size=15486976 bytes (37.8%)
(RDMA_READ_CONSUME_CHECK_CONSUMER) timestamp=6433 ms, used_size=15484928 bytes (37.8%)
(RDMA_READ_CONSUME_CHECK_CONSUMER) timestamp=6433 ms, used_size=15482880 bytes (37.8%)
(RDMA_READ_CONSUME_CHECK_CONSUMER) timestamp=6433 ms, used_size=15480832 bytes (37.8%)
(RDMA_READ_CONSUME_CHECK_CONSUMER) timestamp=6433 ms, used_size=15478784 bytes (37.8%)
(RDMA_READ_CONSUME_CHECK_CONSUMER) timestamp=6433 ms, used_size=15476736 bytes (37.8%)
(RDMA_READ_CONSUME_CHECK_CONSUMER) timestamp=6434 ms, used_size=15474688 bytes (37.8%)
(RDMA_READ_CONSUME_CHECK_CONSUMER) timestamp=6434 ms, used_size=15472640 bytes (37.8%)
(RDMA_READ_CONSUME_CHECK_CONSUMER) timestamp=6434 ms, used_size=15470592 bytes (37.8%)
(RDMA_READ_CONSUME_CHECK_CONSUMER) timestamp=6434 ms, used_size=15468544 bytes (37.8%)
(RDMA_READ_CONSUME_CHECK_CONSUMER) timestamp=6434 ms, used_size=15466496 bytes (37.8%)
(RDMA_READ_CONSUME_CHECK_CONSUMER) timestamp=6434 ms, used_size=15464448 bytes (37.8%)
(RDMA_READ_CONSUME_CHECK_CONSUMER) timestamp=6434 ms, used_size=15462400 bytes (37.8%)
(RDMA_READ_CONSUME_CHECK_CONSUMER) timestamp=6434 ms, used_size=15460352 bytes (37.7%)
(RDMA_READ_CONSUME_CHECK_CONSUMER) timestamp=6434 ms, used_size=15458304 bytes (37.7%)
(RDMA_READ_CONSUME_CHECK_CONSUMER) timestamp=6434 ms, used_size=15456256 bytes (37.7%)
(RDMA_READ_CONSUME_CHECK_CONSUMER) timestamp=6434 ms, used_size=15454208 bytes (37.7%)
(RDMA_READ_CONSUME_CHECK_CONSUMER) timestamp=6434 ms, used_size=15452160 bytes (37.7%)
(RDMA_READ_CONSUME_CHECK_CONSUMER) timestamp=6434 ms, used_size=15450112 bytes (37.7%)
(RDMA_READ_CONSUME_CHECK_CONSUMER) timestamp=6434 ms, used_size=15448064 bytes (37.7%)
(RDMA_READ_CONSUME_CHECK_CONSUMER) timestamp=6434 ms, used_size=15446016 bytes (37.7%)
(RDMA_READ_CONSUME_CHECK_CONSUMER) timestamp=6434 ms, used_size=15443968 bytes (37.7%)
(RDMA_READ_CONSUME_CHECK_CONSUMER) timestamp=6434 ms, used_size=15441920 bytes (37.7%)
(RDMA_READ_CONSUME_CHECK_CONSUMER) timestamp=6434 ms, used_size=15439872 bytes (37.7%)
(RDMA_READ_CONSUME_CHECK_CONSUMER) timestamp=6434 ms, used_size=15437824 bytes (37.7%)
(RDMA_READ_CONSUME_CHECK_CONSUMER) timestamp=6434 ms, used_size=15435776 bytes (37.7%)
(RDMA_READ_CONSUME_CHECK_CONSUMER) timestamp=6434 ms, used_size=15433728 bytes (37.7%)
(RDMA_READ_CONSUME_CHECK_CONSUMER) timestamp=6434 ms, used_size=15431680 bytes (37.7%)
(RDMA_READ_CONSUME_CHECK_CONSUMER) timestamp=6434 ms, used_size=15429632 bytes (37.7%)
(RDMA_READ_CONSUME_CHECK_CONSUMER) timestamp=6434 ms, used_size=15427584 bytes (37.7%)
(RDMA_READ_CONSUME_CHECK_CONSUMER) timestamp=6434 ms, used_size=15425536 bytes (37.7%)
(RDMA_READ_CONSUME_CHECK_CONSUMER) timestamp=6434 ms, used_size=15423488 bytes (37.7%)
(RDMA_READ_CONSUME_CHECK_CONSUMER) timestamp=6434 ms, used_size=15421440 bytes (37.6%)
(RDMA_READ_CONSUME_CHECK_CONSUMER) timestamp=6434 ms, used_size=15419392 bytes (37.6%)
(RDMA_READ_CONSUME_CHECK_CONSUMER) timestamp=6434 ms, used_size=15417344 bytes (37.6%)
(RDMA_READ_CONSUME_CHECK_CONSUMER) timestamp=6434 ms, used_size=15415296 bytes (37.6%)
(RDMA_READ_CONSUME_CHECK_CONSUMER) timestamp=6434 ms, used_size=15413248 bytes (37.6%)
(RDMA_READ_CONSUME_CHECK_CONSUMER) timestamp=6434 ms, used_size=15411200 bytes (37.6%)
(RDMA_READ_CONSUME_CHECK_CONSUMER) timestamp=6434 ms, used_size=15409152 bytes (37.6%)
(RDMA_READ_CONSUME_CHECK_CONSUMER) timestamp=6434 ms, used_size=15407104 bytes (37.6%)
(RDMA_READ_CONSUME_CHECK_CONSUMER) timestamp=6434 ms, used_size=15405056 bytes (37.6%)
(RDMA_READ_CONSUME_CHECK_CONSUMER) timestamp=6434 ms, used_size=15403008 bytes (37.6%)
(RDMA_READ_CONSUME_CHECK_CONSUMER) timestamp=6434 ms, used_size=15400960 bytes (37.6%)
(RDMA_READ_CONSUME_CHECK_CONSUMER) timestamp=6434 ms, used_size=15398912 bytes (37.6%)
(RDMA_READ_CONSUME_CHECK_CONSUMER) timestamp=6434 ms, used_size=15396864 bytes (37.6%)
(RDMA_READ_CONSUME_CHECK_CONSUMER) timestamp=6434 ms, used_size=15394816 bytes (37.6%)
(RDMA_READ_CONSUME_CHECK_CONSUMER) timestamp=6434 ms, used_size=15392768 bytes (37.6%)
(RDMA_READ_CONSUME_CHECK_CONSUMER) timestamp=6434 ms, used_size=15390720 bytes (37.6%)
(RDMA_READ_CONSUME_CHECK_CONSUMER) timestamp=6434 ms, used_size=15388672 bytes (37.6%)
(RDMA_READ_CONSUME_CHECK_CONSUMER) timestamp=6434 ms, used_size=15386624 bytes (37.6%)
(RDMA_READ_CONSUME_CHECK_CONSUMER) timestamp=6434 ms, used_size=15384576 bytes (37.6%)
(RDMA_READ_CONSUME_CHECK_CONSUMER) timestamp=6434 ms, used_size=15382528 bytes (37.6%)
(RDMA_READ_CONSUME_CHECK_CONSUMER) timestamp=6434 ms, used_size=15380480 bytes (37.5%)
(RDMA_READ_CONSUME_CHECK_CONSUMER) timestamp=6434 ms, used_size=15378432 bytes (37.5%)
(RDMA_READ_CONSUME_CHECK_CONSUMER) timestamp=6434 ms, used_size=15376384 bytes (37.5%)
(RDMA_READ_CONSUME_CHECK_CONSUMER) timestamp=6434 ms, used_size=15374336 bytes (37.5%)
(RDMA_READ_CONSUME_CHECK_CONSUMER) timestamp=6434 ms, used_size=15372288 bytes (37.5%)
(RDMA_READ_CONSUME_CHECK_CONSUMER) timestamp=6434 ms, used_size=15370240 bytes (37.5%)
(RDMA_READ_CONSUME_CHECK_CONSUMER) timestamp=6434 ms, used_size=15368192 bytes (37.5%)
(RDMA_READ_CONSUME_CHECK_CONSUMER) timestamp=6434 ms, used_size=15366144 bytes (37.5%)
(RDMA_READ_CONSUME_CHECK_CONSUMER) timestamp=6434 ms, used_size=15364096 bytes (37.5%)
(RDMA_READ_CONSUME_CHECK_CONSUMER) timestamp=6434 ms, used_size=15362048 bytes (37.5%)
(RDMA_READ_CONSUME_CHECK_CONSUMER) timestamp=6434 ms, used_size=15360000 bytes (37.5%)
(RDMA_READ_CONSUME_CHECK_CONSUMER) timestamp=6434 ms, used_size=15357952 bytes (37.5%)
(RDMA_READ_CONSUME_CHECK_CONSUMER) timestamp=6434 ms, used_size=15355904 bytes (37.5%)
(RDMA_READ_CONSUME_CHECK_CONSUMER) timestamp=6434 ms, used_size=15353856 bytes (37.5%)
(RDMA_READ_CONSUME_CHECK_CONSUMER) timestamp=6434 ms, used_size=15351808 bytes (37.5%)
(RDMA_READ_CONSUME_CHECK_CONSUMER) timestamp=6434 ms, used_size=15349760 bytes (37.5%)
(RDMA_READ_CONSUME_CHECK_CONSUMER) timestamp=6434 ms, used_size=15347712 bytes (37.5%)
(RDMA_READ_CONSUME_CHECK_CONSUMER) timestamp=6434 ms, used_size=15345664 bytes (37.5%)
(RDMA_READ_CONSUME_CHECK_CONSUMER) timestamp=6434 ms, used_size=15343616 bytes (37.5%)
(RDMA_READ_CONSUME_CHECK_CONSUMER) timestamp=6434 ms, used_size=15341568 bytes (37.5%)
(RDMA_READ_CONSUME_CHECK_CONSUMER) timestamp=6434 ms, used_size=15339520 bytes (37.5%)
(RDMA_READ_CONSUME_CHECK_CONSUMER) timestamp=6434 ms, used_size=15337472 bytes (37.4%)
(RDMA_READ_CONSUME_CHECK_CONSUMER) timestamp=6434 ms, used_size=15335424 bytes (37.4%)
(RDMA_READ_CONSUME_CHECK_CONSUMER) timestamp=6434 ms, used_size=15333376 bytes (37.4%)
(RDMA_READ_CONSUME_CHECK_CONSUMER) timestamp=6434 ms, used_size=15331328 bytes (37.4%)
(RDMA_READ_CONSUME_CHECK_CONSUMER) timestamp=6434 ms, used_size=15329280 bytes (37.4%)
(RDMA_READ_CONSUME_CHECK_CONSUMER) timestamp=6434 ms, used_size=15327232 bytes (37.4%)
(RDMA_READ_CONSUME_CHECK_CONSUMER) timestamp=6434 ms, used_size=15325184 bytes (37.4%)
(RDMA_READ_CONSUME_CHECK_CONSUMER) timestamp=6434 ms, used_size=15323136 bytes (37.4%)
(RDMA_READ_CONSUME_CHECK_CONSUMER) timestamp=6434 ms, used_size=15321088 bytes (37.4%)
(RDMA_READ_CONSUME_CHECK_CONSUMER) timestamp=6434 ms, used_size=15319040 bytes (37.4%)
(RDMA_READ_CONSUME_CHECK_CONSUMER) timestamp=6434 ms, used_size=15316992 bytes (37.4%)
(RDMA_READ_CONSUME_CHECK_CONSUMER) timestamp=6434 ms, used_size=15314944 bytes (37.4%)
(RDMA_READ_CONSUME_CHECK_CONSUMER) timestamp=6434 ms, used_size=15312896 bytes (37.4%)
(RDMA_READ_CONSUME_CHECK_CONSUMER) timestamp=6434 ms, used_size=15310848 bytes (37.4%)
(RDMA_READ_CONSUME_CHECK_CONSUMER) timestamp=6434 ms, used_size=15308800 bytes (37.4%)
(RDMA_READ_CONSUME_CHECK_CONSUMER) timestamp=6434 ms, used_size=15306752 bytes (37.4%)
(RDMA_READ_CONSUME_CHECK_CONSUMER) timestamp=6434 ms, used_size=15304704 bytes (37.4%)
(RDMA_READ_CONSUME_CHECK_CONSUMER) timestamp=6434 ms, used_size=15302656 bytes (37.4%)
(RDMA_READ_CONSUME_CHECK_CONSUMER) timestamp=6434 ms, used_size=15300608 bytes (37.4%)
(RDMA_READ_CONSUME_CHECK_CONSUMER) timestamp=6434 ms, used_size=15298560 bytes (37.4%)
(RDMA_READ_CONSUME_CHECK_CONSUMER) timestamp=6434 ms, used_size=15296512 bytes (37.3%)
(RDMA_READ_CONSUME_CHECK_CONSUMER) timestamp=6434 ms, used_size=15294464 bytes (37.3%)
(RDMA_READ_CONSUME_CHECK_CONSUMER) timestamp=6434 ms, used_size=15292416 bytes (37.3%)
(RDMA_READ_CONSUME_CHECK_CONSUMER) timestamp=6434 ms, used_size=15290368 bytes (37.3%)
(RDMA_READ_CONSUME_CHECK_CONSUMER) timestamp=6434 ms, used_size=15288320 bytes (37.3%)
(RDMA_READ_CONSUME_CHECK_CONSUMER) timestamp=6434 ms, used_size=15286272 bytes (37.3%)
(RDMA_READ_CONSUME_CHECK_CONSUMER) timestamp=6434 ms, used_size=15284224 bytes (37.3%)
(RDMA_READ_CONSUME_CHECK_CONSUMER) timestamp=6434 ms, used_size=15282176 bytes (37.3%)
(RDMA_READ_CONSUME_CHECK_CONSUMER) timestamp=6434 ms, used_size=15280128 bytes (37.3%)
(RDMA_READ_CONSUME_CHECK_CONSUMER) timestamp=6434 ms, used_size=15278080 bytes (37.3%)
(RDMA_READ_CONSUME_CHECK_CONSUMER) timestamp=6434 ms, used_size=15276032 bytes (37.3%)
(RDMA_READ_CONSUME_CHECK_CONSUMER) timestamp=6434 ms, used_size=15273984 bytes (37.3%)
(RDMA_READ_CONSUME_CHECK_CONSUMER) timestamp=6434 ms, used_size=15271936 bytes (37.3%)
(RDMA_READ_CONSUME_CHECK_CONSUMER) timestamp=6434 ms, used_size=15269888 bytes (37.3%)
(RDMA_READ_CONSUME_CHECK_CONSUMER) timestamp=6434 ms, used_size=15267840 bytes (37.3%)
(RDMA_READ_CONSUME_CHECK_CONSUMER) timestamp=6434 ms, used_size=15265792 bytes (37.3%)
(RDMA_READ_CONSUME_CHECK_CONSUMER) timestamp=6434 ms, used_size=15263744 bytes (37.3%)
(RDMA_READ_CONSUME_CHECK_CONSUMER) timestamp=6434 ms, used_size=15261696 bytes (37.3%)
(RDMA_READ_CONSUME_CHECK_CONSUMER) timestamp=6434 ms, used_size=15259648 bytes (37.3%)
(RDMA_READ_CONSUME_CHECK_CONSUMER) timestamp=6434 ms, used_size=15257600 bytes (37.2%)
(RDMA_READ_CONSUME_CHECK_CONSUMER) timestamp=6434 ms, used_size=15255552 bytes (37.2%)
(RDMA_READ_CONSUME_CHECK_CONSUMER) timestamp=6434 ms, used_size=15253504 bytes (37.2%)
(RDMA_READ_CONSUME_CHECK_CONSUMER) timestamp=6434 ms, used_size=15251456 bytes (37.2%)
(RDMA_READ_CONSUME_CHECK_CONSUMER) timestamp=6434 ms, used_size=15249408 bytes (37.2%)
(RDMA_READ_CONSUME_CHECK_CONSUMER) timestamp=6434 ms, used_size=15247360 bytes (37.2%)
(RDMA_READ_CONSUME_CHECK_CONSUMER) timestamp=6434 ms, used_size=15245312 bytes (37.2%)
(RDMA_READ_CONSUME_CHECK_CONSUMER) timestamp=6434 ms, used_size=15243264 bytes (37.2%)
(RDMA_READ_CONSUME_CHECK_CONSUMER) timestamp=6434 ms, used_size=15241216 bytes (37.2%)
(RDMA_READ_CONSUME_CHECK_CONSUMER) timestamp=6434 ms, used_size=15239168 bytes (37.2%)
(RDMA_READ_CONSUME_CHECK_CONSUMER) timestamp=6434 ms, used_size=15237120 bytes (37.2%)
(RDMA_READ_CONSUME_CHECK_CONSUMER) timestamp=6434 ms, used_size=15235072 bytes (37.2%)
(RDMA_READ_CONSUME_CHECK_CONSUMER) timestamp=6434 ms, used_size=15233024 bytes (37.2%)
(RDMA_READ_CONSUME_CHECK_CONSUMER) timestamp=6434 ms, used_size=15230976 bytes (37.2%)
(RDMA_READ_CONSUME_CHECK_CONSUMER) timestamp=6434 ms, used_size=15228928 bytes (37.2%)
(RDMA_READ_CONSUME_CHECK_CONSUMER) timestamp=6434 ms, used_size=15226880 bytes (37.2%)
(RDMA_READ_CONSUME_CHECK_CONSUMER) timestamp=6434 ms, used_size=15224832 bytes (37.2%)
(RDMA_READ_CONSUME_CHECK_CONSUMER) timestamp=6434 ms, used_size=15222784 bytes (37.2%)
(RDMA_READ_CONSUME_CHECK_CONSUMER) timestamp=6434 ms, used_size=15220736 bytes (37.2%)
(RDMA_READ_CONSUME_CHECK_CONSUMER) timestamp=6434 ms, used_size=15218688 bytes (37.2%)
(RDMA_READ_CONSUME_CHECK_CONSUMER) timestamp=6434 ms, used_size=15216640 bytes (37.1%)
(RDMA_READ_CONSUME_CHECK_CONSUMER) timestamp=6434 ms, used_size=15214592 bytes (37.1%)
(RDMA_READ_CONSUME_CHECK_CONSUMER) timestamp=6434 ms, used_size=15212544 bytes (37.1%)
(RDMA_READ_CONSUME_CHECK_CONSUMER) timestamp=6434 ms, used_size=15210496 bytes (37.1%)
(RDMA_READ_CONSUME_CHECK_CONSUMER) timestamp=6434 ms, used_size=15208448 bytes (37.1%)
(RDMA_READ_CONSUME_CHECK_CONSUMER) timestamp=6434 ms, used_size=15206400 bytes (37.1%)
(RDMA_READ_CONSUME_CHECK_CONSUMER) timestamp=6434 ms, used_size=15204352 bytes (37.1%)
(RDMA_READ_CONSUME_CHECK_CONSUMER) timestamp=6434 ms, used_size=15202304 bytes (37.1%)
(RDMA_READ_CONSUME_CHECK_CONSUMER) timestamp=6434 ms, used_size=15200256 bytes (37.1%)
(RDMA_READ_CONSUME_CHECK_CONSUMER) timestamp=6434 ms, used_size=15198208 bytes (37.1%)
(RDMA_READ_CONSUME_CHECK_CONSUMER) timestamp=6434 ms, used_size=15196160 bytes (37.1%)
(RDMA_READ_CONSUME_CHECK_CONSUMER) timestamp=6434 ms, used_size=15194112 bytes (37.1%)
(RDMA_READ_CONSUME_CHECK_CONSUMER) timestamp=6434 ms, used_size=15192064 bytes (37.1%)
(RDMA_READ_CONSUME_CHECK_CONSUMER) timestamp=6434 ms, used_size=15190016 bytes (37.1%)
(RDMA_READ_CONSUME_CHECK_CONSUMER) timestamp=6434 ms, used_size=15187968 bytes (37.1%)
(RDMA_READ_CONSUME_CHECK_CONSUMER) timestamp=6434 ms, used_size=15185920 bytes (37.1%)
(RDMA_READ_CONSUME_CHECK_CONSUMER) timestamp=6434 ms, used_size=15183872 bytes (37.1%)
(RDMA_READ_CONSUME_CHECK_CONSUMER) timestamp=6434 ms, used_size=15181824 bytes (37.1%)
(RDMA_READ_CONSUME_CHECK_CONSUMER) timestamp=6434 ms, used_size=15179776 bytes (37.1%)
(RDMA_READ_CONSUME_CHECK_CONSUMER) timestamp=6434 ms, used_size=15177728 bytes (37.1%)
(RDMA_READ_CONSUME_CHECK_CONSUMER) timestamp=6434 ms, used_size=15175680 bytes (37.0%)
(RDMA_READ_CONSUME_CHECK_CONSUMER) timestamp=6434 ms, used_size=15173632 bytes (37.0%)
(RDMA_READ_CONSUME_CHECK_CONSUMER) timestamp=6434 ms, used_size=15171584 bytes (37.0%)
(RDMA_READ_CONSUME_CHECK_CONSUMER) timestamp=6434 ms, used_size=15169536 bytes (37.0%)
(RDMA_READ_CONSUME_CHECK_CONSUMER) timestamp=6434 ms, used_size=15167488 bytes (37.0%)
(RDMA_READ_CONSUME_CHECK_CONSUMER) timestamp=6434 ms, used_size=15165440 bytes (37.0%)
(RDMA_READ_CONSUME_CHECK_CONSUMER) timestamp=6434 ms, used_size=15163392 bytes (37.0%)
(RDMA_READ_CONSUME_CHECK_CONSUMER) timestamp=6434 ms, used_size=15161344 bytes (37.0%)
(RDMA_READ_CONSUME_CHECK_CONSUMER) timestamp=6434 ms, used_size=15159296 bytes (37.0%)
(RDMA_READ_CONSUME_CHECK_CONSUMER) timestamp=6434 ms, used_size=15157248 bytes (37.0%)
(RDMA_READ_CONSUME_CHECK_CONSUMER) timestamp=6434 ms, used_size=15155200 bytes (37.0%)
(RDMA_READ_CONSUME_CHECK_CONSUMER) timestamp=6434 ms, used_size=15153152 bytes (37.0%)
(RDMA_READ_CONSUME_CHECK_CONSUMER) timestamp=6434 ms, used_size=15151104 bytes (37.0%)
(RDMA_READ_CONSUME_CHECK_CONSUMER) timestamp=6434 ms, used_size=15149056 bytes (37.0%)
(RDMA_READ_CONSUME_CHECK_CONSUMER) timestamp=6434 ms, used_size=15147008 bytes (37.0%)
(RDMA_READ_CONSUME_CHECK_CONSUMER) timestamp=6434 ms, used_size=15144960 bytes (37.0%)
(RDMA_READ_CONSUME_CHECK_CONSUMER) timestamp=6434 ms, used_size=15142912 bytes (37.0%)
(RDMA_READ_CONSUME_CHECK_CONSUMER) timestamp=6434 ms, used_size=15140864 bytes (37.0%)
(RDMA_READ_CONSUME_CHECK_CONSUMER) timestamp=6434 ms, used_size=15138816 bytes (37.0%)
(RDMA_READ_CONSUME_CHECK_CONSUMER) timestamp=6434 ms, used_size=15136768 bytes (37.0%)
(RDMA_READ_CONSUME_CHECK_CONSUMER) timestamp=6434 ms, used_size=15134720 bytes (37.0%)
(RDMA_READ_CONSUME_CHECK_CONSUMER) timestamp=6434 ms, used_size=15132672 bytes (36.9%)
(RDMA_READ_CONSUME_CHECK_CONSUMER) timestamp=6434 ms, used_size=15130624 bytes (36.9%)
(RDMA_READ_CONSUME_CHECK_CONSUMER) timestamp=6434 ms, used_size=15128576 bytes (36.9%)
(RDMA_READ_CONSUME_CHECK_CONSUMER) timestamp=6434 ms, used_size=15126528 bytes (36.9%)
(RDMA_READ_CONSUME_CHECK_CONSUMER) timestamp=6434 ms, used_size=15124480 bytes (36.9%)
(RDMA_READ_CONSUME_CHECK_CONSUMER) timestamp=6434 ms, used_size=15122432 bytes (36.9%)
(RDMA_READ_CONSUME_CHECK_CONSUMER) timestamp=6434 ms, used_size=15120384 bytes (36.9%)
(RDMA_READ_CONSUME_CHECK_CONSUMER) timestamp=6434 ms, used_size=15118336 bytes (36.9%)
(RDMA_READ_CONSUME_CHECK_CONSUMER) timestamp=6434 ms, used_size=15116288 bytes (36.9%)
(RDMA_READ_CONSUME_CHECK_CONSUMER) timestamp=6434 ms, used_size=15114240 bytes (36.9%)
(RDMA_READ_CONSUME_CHECK_CONSUMER) timestamp=6434 ms, used_size=15112192 bytes (36.9%)
(RDMA_READ_CONSUME_CHECK_CONSUMER) timestamp=6434 ms, used_size=15110144 bytes (36.9%)
(RDMA_READ_CONSUME_CHECK_CONSUMER) timestamp=6434 ms, used_size=15108096 bytes (36.9%)
(RDMA_READ_CONSUME_CHECK_CONSUMER) timestamp=6434 ms, used_size=15106048 bytes (36.9%)
(RDMA_READ_CONSUME_CHECK_CONSUMER) timestamp=6434 ms, used_size=15104000 bytes (36.9%)
(RDMA_READ_CONSUME_CHECK_CONSUMER) timestamp=6435 ms, used_size=15101952 bytes (36.9%)
(RDMA_READ_CONSUME_CHECK_CONSUMER) timestamp=6435 ms, used_size=15099904 bytes (36.9%)
(RDMA_READ_CONSUME_CHECK_CONSUMER) timestamp=6435 ms, used_size=15097856 bytes (36.9%)
(RDMA_READ_CONSUME_CHECK_CONSUMER) timestamp=6435 ms, used_size=15095808 bytes (36.9%)
(RDMA_READ_CONSUME_CHECK_CONSUMER) timestamp=6435 ms, used_size=15093760 bytes (36.9%)
(RDMA_READ_CONSUME_CHECK_CONSUMER) timestamp=6435 ms, used_size=15091712 bytes (36.8%)
(RDMA_READ_CONSUME_CHECK_CONSUMER) timestamp=6435 ms, used_size=15089664 bytes (36.8%)
(RDMA_READ_CONSUME_CHECK_CONSUMER) timestamp=6435 ms, used_size=15087616 bytes (36.8%)
(RDMA_READ_CONSUME_CHECK_CONSUMER) timestamp=6435 ms, used_size=15085568 bytes (36.8%)
(RDMA_READ_CONSUME_CHECK_CONSUMER) timestamp=6435 ms, used_size=15083520 bytes (36.8%)
(RDMA_READ_CONSUME_CHECK_CONSUMER) timestamp=6435 ms, used_size=15081472 bytes (36.8%)
(RDMA_READ_CONSUME_CHECK_CONSUMER) timestamp=6435 ms, used_size=15079424 bytes (36.8%)
(RDMA_READ_CONSUME_CHECK_CONSUMER) timestamp=6435 ms, used_size=15077376 bytes (36.8%)
(RDMA_READ_CONSUME_CHECK_CONSUMER) timestamp=6435 ms, used_size=15075328 bytes (36.8%)
(RDMA_READ_CONSUME_CHECK_CONSUMER) timestamp=6435 ms, used_size=15073280 bytes (36.8%)
(RDMA_READ_CONSUME_CHECK_CONSUMER) timestamp=6435 ms, used_size=15071232 bytes (36.8%)
(RDMA_READ_CONSUME_CHECK_CONSUMER) timestamp=6435 ms, used_size=15069184 bytes (36.8%)
(RDMA_READ_CONSUME_CHECK_CONSUMER) timestamp=6435 ms, used_size=15067136 bytes (36.8%)
(RDMA_READ_CONSUME_CHECK_CONSUMER) timestamp=6435 ms, used_size=15065088 bytes (36.8%)
(RDMA_READ_CONSUME_CHECK_CONSUMER) timestamp=6435 ms, used_size=15063040 bytes (36.8%)
(RDMA_READ_CONSUME_CHECK_CONSUMER) timestamp=6435 ms, used_size=15060992 bytes (36.8%)
(RDMA_READ_CONSUME_CHECK_CONSUMER) timestamp=6435 ms, used_size=15058944 bytes (36.8%)
(RDMA_READ_CONSUME_CHECK_CONSUMER) timestamp=6435 ms, used_size=15056896 bytes (36.8%)
(RDMA_READ_CONSUME_CHECK_CONSUMER) timestamp=6435 ms, used_size=15054848 bytes (36.8%)
(RDMA_READ_CONSUME_CHECK_CONSUMER) timestamp=6435 ms, used_size=15052800 bytes (36.8%)
(RDMA_READ_CONSUME_CHECK_CONSUMER) timestamp=6435 ms, used_size=15050752 bytes (36.7%)
(RDMA_READ_CONSUME_CHECK_CONSUMER) timestamp=6435 ms, used_size=15048704 bytes (36.7%)
(RDMA_READ_CONSUME_CHECK_CONSUMER) timestamp=6435 ms, used_size=15046656 bytes (36.7%)
(RDMA_READ_CONSUME_CHECK_CONSUMER) timestamp=6435 ms, used_size=15044608 bytes (36.7%)
(RDMA_READ_CONSUME_CHECK_CONSUMER) timestamp=6435 ms, used_size=15042560 bytes (36.7%)
(RDMA_READ_CONSUME_CHECK_CONSUMER) timestamp=6435 ms, used_size=15040512 bytes (36.7%)
(RDMA_READ_CONSUME_CHECK_CONSUMER) timestamp=6435 ms, used_size=15038464 bytes (36.7%)
(RDMA_READ_CONSUME_CHECK_CONSUMER) timestamp=6435 ms, used_size=15036416 bytes (36.7%)
(RDMA_READ_CONSUME_CHECK_CONSUMER) timestamp=6435 ms, used_size=15034368 bytes (36.7%)
(RDMA_READ_CONSUME_CHECK_CONSUMER) timestamp=6435 ms, used_size=15032320 bytes (36.7%)
(RDMA_READ_CONSUME_CHECK_CONSUMER) timestamp=6435 ms, used_size=15030272 bytes (36.7%)
(RDMA_READ_CONSUME_CHECK_CONSUMER) timestamp=6435 ms, used_size=15028224 bytes (36.7%)
(RDMA_READ_CONSUME_CHECK_CONSUMER) timestamp=6435 ms, used_size=15026176 bytes (36.7%)
(RDMA_READ_CONSUME_CHECK_CONSUMER) timestamp=6435 ms, used_size=15024128 bytes (36.7%)
(RDMA_READ_CONSUME_CHECK_CONSUMER) timestamp=6435 ms, used_size=15022080 bytes (36.7%)
(RDMA_READ_CONSUME_CHECK_CONSUMER) timestamp=6435 ms, used_size=15020032 bytes (36.7%)
(RDMA_READ_CONSUME_CHECK_CONSUMER) timestamp=6435 ms, used_size=15017984 bytes (36.7%)
(RDMA_READ_CONSUME_CHECK_CONSUMER) timestamp=6435 ms, used_size=15015936 bytes (36.7%)
(RDMA_READ_CONSUME_CHECK_CONSUMER) timestamp=6435 ms, used_size=15013888 bytes (36.7%)
(RDMA_READ_CONSUME_CHECK_CONSUMER) timestamp=6435 ms, used_size=15011840 bytes (36.6%)
(RDMA_READ_CONSUME_CHECK_CONSUMER) timestamp=6435 ms, used_size=15009792 bytes (36.6%)
(RDMA_READ_CONSUME_CHECK_CONSUMER) timestamp=6435 ms, used_size=15007744 bytes (36.6%)
(RDMA_READ_CONSUME_CHECK_CONSUMER) timestamp=6435 ms, used_size=15005696 bytes (36.6%)
(RDMA_READ_CONSUME_CHECK_CONSUMER) timestamp=6435 ms, used_size=15003648 bytes (36.6%)
(RDMA_READ_CONSUME_CHECK_CONSUMER) timestamp=6435 ms, used_size=15001600 bytes (36.6%)
(RDMA_READ_CONSUME_CHECK_CONSUMER) timestamp=6435 ms, used_size=14999552 bytes (36.6%)
(RDMA_READ_CONSUME_CHECK_CONSUMER) timestamp=6435 ms, used_size=14997504 bytes (36.6%)
(RDMA_READ_CONSUME_CHECK_CONSUMER) timestamp=6435 ms, used_size=14995456 bytes (36.6%)
(RDMA_READ_CONSUME_CHECK_CONSUMER) timestamp=6435 ms, used_size=14993408 bytes (36.6%)
(RDMA_READ_CONSUME_CHECK_CONSUMER) timestamp=6435 ms, used_size=14991360 bytes (36.6%)
(RDMA_READ_CONSUME_CHECK_CONSUMER) timestamp=6435 ms, used_size=14989312 bytes (36.6%)
(RDMA_READ_CONSUME_CHECK_CONSUMER) timestamp=6435 ms, used_size=14987264 bytes (36.6%)
(RDMA_READ_CONSUME_CHECK_CONSUMER) timestamp=6435 ms, used_size=14985216 bytes (36.6%)
(RDMA_READ_CONSUME_CHECK_CONSUMER) timestamp=6435 ms, used_size=14983168 bytes (36.6%)
(RDMA_READ_CONSUME_CHECK_CONSUMER) timestamp=6435 ms, used_size=14981120 bytes (36.6%)
(RDMA_READ_CONSUME_CHECK_CONSUMER) timestamp=6435 ms, used_size=14979072 bytes (36.6%)
(RDMA_READ_CONSUME_CHECK_CONSUMER) timestamp=6435 ms, used_size=14977024 bytes (36.6%)
(RDMA_READ_CONSUME_CHECK_CONSUMER) timestamp=6435 ms, used_size=14974976 bytes (36.6%)
(RDMA_READ_CONSUME_CHECK_CONSUMER) timestamp=6435 ms, used_size=14972928 bytes (36.6%)
(RDMA_READ_CONSUME_CHECK_CONSUMER) timestamp=6435 ms, used_size=14970880 bytes (36.5%)
(RDMA_READ_CONSUME_CHECK_CONSUMER) timestamp=6435 ms, used_size=14968832 bytes (36.5%)
(RDMA_READ_CONSUME_CHECK_CONSUMER) timestamp=6435 ms, used_size=14966784 bytes (36.5%)
(RDMA_READ_CONSUME_CHECK_CONSUMER) timestamp=6435 ms, used_size=14964736 bytes (36.5%)
(RDMA_READ_CONSUME_CHECK_CONSUMER) timestamp=6435 ms, used_size=14962688 bytes (36.5%)
(RDMA_READ_CONSUME_CHECK_CONSUMER) timestamp=6435 ms, used_size=14960640 bytes (36.5%)
(RDMA_READ_CONSUME_CHECK_CONSUMER) timestamp=6435 ms, used_size=14958592 bytes (36.5%)
(RDMA_READ_CONSUME_CHECK_CONSUMER) timestamp=6435 ms, used_size=14956544 bytes (36.5%)
(RDMA_READ_CONSUME_CHECK_CONSUMER) timestamp=6435 ms, used_size=14954496 bytes (36.5%)
(RDMA_READ_CONSUME_CHECK_CONSUMER) timestamp=6435 ms, used_size=14952448 bytes (36.5%)
(RDMA_READ_CONSUME_CHECK_CONSUMER) timestamp=6435 ms, used_size=14950400 bytes (36.5%)
(RDMA_READ_CONSUME_CHECK_CONSUMER) timestamp=6435 ms, used_size=14948352 bytes (36.5%)
(RDMA_READ_CONSUME_CHECK_CONSUMER) timestamp=6435 ms, used_size=14946304 bytes (36.5%)
(RDMA_READ_CONSUME_CHECK_CONSUMER) timestamp=6435 ms, used_size=14944256 bytes (36.5%)
(RDMA_READ_CONSUME_CHECK_CONSUMER) timestamp=6435 ms, used_size=14942208 bytes (36.5%)
(RDMA_READ_CONSUME_CHECK_CONSUMER) timestamp=6435 ms, used_size=14940160 bytes (36.5%)
(RDMA_READ_CONSUME_CHECK_CONSUMER) timestamp=6435 ms, used_size=14938112 bytes (36.5%)
(RDMA_READ_CONSUME_CHECK_CONSUMER) timestamp=6435 ms, used_size=14936064 bytes (36.5%)
(RDMA_READ_CONSUME_CHECK_CONSUMER) timestamp=6435 ms, used_size=14934016 bytes (36.5%)
(RDMA_READ_CONSUME_CHECK_CONSUMER) timestamp=6435 ms, used_size=14931968 bytes (36.5%)
(RDMA_READ_CONSUME_CHECK_CONSUMER) timestamp=6435 ms, used_size=14929920 bytes (36.5%)
(RDMA_READ_CONSUME_CHECK_CONSUMER) timestamp=6435 ms, used_size=14927872 bytes (36.4%)
(RDMA_READ_CONSUME_CHECK_CONSUMER) timestamp=6435 ms, used_size=14925824 bytes (36.4%)
(RDMA_READ_CONSUME_CHECK_CONSUMER) timestamp=6435 ms, used_size=14923776 bytes (36.4%)
(RDMA_READ_CONSUME_CHECK_CONSUMER) timestamp=6435 ms, used_size=14921728 bytes (36.4%)
(RDMA_READ_CONSUME_CHECK_CONSUMER) timestamp=6435 ms, used_size=14919680 bytes (36.4%)
(RDMA_READ_CONSUME_CHECK_CONSUMER) timestamp=6435 ms, used_size=14917632 bytes (36.4%)
(RDMA_READ_CONSUME_CHECK_CONSUMER) timestamp=6435 ms, used_size=14915584 bytes (36.4%)
(RDMA_READ_CONSUME_CHECK_CONSUMER) timestamp=6435 ms, used_size=14913536 bytes (36.4%)
(RDMA_READ_CONSUME_CHECK_CONSUMER) timestamp=6435 ms, used_size=14911488 bytes (36.4%)
(RDMA_READ_CONSUME_CHECK_CONSUMER) timestamp=6435 ms, used_size=14909440 bytes (36.4%)
(RDMA_READ_CONSUME_CHECK_CONSUMER) timestamp=6435 ms, used_size=14907392 bytes (36.4%)
(RDMA_READ_CONSUME_CHECK_CONSUMER) timestamp=6435 ms, used_size=14905344 bytes (36.4%)
(RDMA_READ_CONSUME_CHECK_CONSUMER) timestamp=6435 ms, used_size=14903296 bytes (36.4%)
(RDMA_READ_CONSUME_CHECK_CONSUMER) timestamp=6435 ms, used_size=14901248 bytes (36.4%)
(RDMA_READ_CONSUME_CHECK_CONSUMER) timestamp=6435 ms, used_size=14899200 bytes (36.4%)
(RDMA_READ_CONSUME_CHECK_CONSUMER) timestamp=6435 ms, used_size=14897152 bytes (36.4%)
(RDMA_READ_CONSUME_CHECK_CONSUMER) timestamp=6435 ms, used_size=14895104 bytes (36.4%)
(RDMA_READ_CONSUME_CHECK_CONSUMER) timestamp=6435 ms, used_size=14893056 bytes (36.4%)
(RDMA_READ_CONSUME_CHECK_CONSUMER) timestamp=6435 ms, used_size=14891008 bytes (36.4%)
(RDMA_READ_CONSUME_CHECK_CONSUMER) timestamp=6435 ms, used_size=14888960 bytes (36.4%)
(RDMA_READ_CONSUME_CHECK_CONSUMER) timestamp=6435 ms, used_size=14886912 bytes (36.3%)
(RDMA_READ_CONSUME_CHECK_CONSUMER) timestamp=6435 ms, used_size=14884864 bytes (36.3%)
(RDMA_READ_CONSUME_CHECK_CONSUMER) timestamp=6435 ms, used_size=14882816 bytes (36.3%)
(RDMA_READ_CONSUME_CHECK_CONSUMER) timestamp=6435 ms, used_size=14880768 bytes (36.3%)
(RDMA_READ_CONSUME_CHECK_CONSUMER) timestamp=6435 ms, used_size=14878720 bytes (36.3%)
(RDMA_READ_CONSUME_CHECK_CONSUMER) timestamp=6435 ms, used_size=14876672 bytes (36.3%)
(RDMA_READ_CONSUME_CHECK_CONSUMER) timestamp=6435 ms, used_size=14874624 bytes (36.3%)
(RDMA_READ_CONSUME_CHECK_CONSUMER) timestamp=6435 ms, used_size=14872576 bytes (36.3%)
(RDMA_READ_CONSUME_CHECK_CONSUMER) timestamp=6435 ms, used_size=14870528 bytes (36.3%)
(RDMA_READ_CONSUME_CHECK_CONSUMER) timestamp=6435 ms, used_size=14868480 bytes (36.3%)
(RDMA_READ_CONSUME_CHECK_CONSUMER) timestamp=6435 ms, used_size=14866432 bytes (36.3%)
(RDMA_READ_CONSUME_CHECK_CONSUMER) timestamp=6435 ms, used_size=14864384 bytes (36.3%)
(RDMA_READ_CONSUME_CHECK_CONSUMER) timestamp=6435 ms, used_size=14862336 bytes (36.3%)
(RDMA_READ_CONSUME_CHECK_CONSUMER) timestamp=6435 ms, used_size=14860288 bytes (36.3%)
(RDMA_READ_CONSUME_CHECK_CONSUMER) timestamp=6435 ms, used_size=14858240 bytes (36.3%)
(RDMA_READ_CONSUME_CHECK_CONSUMER) timestamp=6435 ms, used_size=14856192 bytes (36.3%)
(RDMA_READ_CONSUME_CHECK_CONSUMER) timestamp=6435 ms, used_size=14854144 bytes (36.3%)
(RDMA_READ_CONSUME_CHECK_CONSUMER) timestamp=6435 ms, used_size=14852096 bytes (36.3%)
(RDMA_READ_CONSUME_CHECK_CONSUMER) timestamp=6435 ms, used_size=14850048 bytes (36.3%)
(RDMA_READ_CONSUME_CHECK_CONSUMER) timestamp=6435 ms, used_size=14848000 bytes (36.2%)
(RDMA_READ_CONSUME_CHECK_CONSUMER) timestamp=6435 ms, used_size=14845952 bytes (36.2%)
(RDMA_READ_CONSUME_CHECK_CONSUMER) timestamp=6435 ms, used_size=14843904 bytes (36.2%)
(RDMA_READ_CONSUME_CHECK_CONSUMER) timestamp=6435 ms, used_size=14841856 bytes (36.2%)
(RDMA_READ_CONSUME_CHECK_CONSUMER) timestamp=6435 ms, used_size=14839808 bytes (36.2%)
(RDMA_READ_CONSUME_CHECK_CONSUMER) timestamp=6435 ms, used_size=14837760 bytes (36.2%)
(RDMA_READ_CONSUME_CHECK_CONSUMER) timestamp=6435 ms, used_size=14835712 bytes (36.2%)
(RDMA_READ_CONSUME_CHECK_CONSUMER) timestamp=6435 ms, used_size=14833664 bytes (36.2%)
(RDMA_READ_CONSUME_CHECK_CONSUMER) timestamp=6435 ms, used_size=14831616 bytes (36.2%)
(RDMA_READ_CONSUME_CHECK_CONSUMER) timestamp=6435 ms, used_size=14829568 bytes (36.2%)
(RDMA_READ_CONSUME_CHECK_CONSUMER) timestamp=6435 ms, used_size=14827520 bytes (36.2%)
(RDMA_READ_CONSUME_CHECK_CONSUMER) timestamp=6435 ms, used_size=14825472 bytes (36.2%)
(RDMA_READ_CONSUME_CHECK_CONSUMER) timestamp=6435 ms, used_size=14823424 bytes (36.2%)
(RDMA_READ_CONSUME_CHECK_CONSUMER) timestamp=6435 ms, used_size=14821376 bytes (36.2%)
(RDMA_READ_CONSUME_CHECK_CONSUMER) timestamp=6435 ms, used_size=14819328 bytes (36.2%)
(RDMA_READ_CONSUME_CHECK_CONSUMER) timestamp=6435 ms, used_size=14817280 bytes (36.2%)
(RDMA_READ_CONSUME_CHECK_CONSUMER) timestamp=6435 ms, used_size=14815232 bytes (36.2%)
(RDMA_READ_CONSUME_CHECK_CONSUMER) timestamp=6435 ms, used_size=14813184 bytes (36.2%)
(RDMA_READ_CONSUME_CHECK_CONSUMER) timestamp=6435 ms, used_size=14811136 bytes (36.2%)
(RDMA_READ_CONSUME_CHECK_CONSUMER) timestamp=6435 ms, used_size=14809088 bytes (36.2%)
(RDMA_READ_CONSUME_CHECK_CONSUMER) timestamp=6435 ms, used_size=14807040 bytes (36.1%)
(RDMA_READ_CONSUME_CHECK_CONSUMER) timestamp=6435 ms, used_size=14804992 bytes (36.1%)
(RDMA_READ_CONSUME_CHECK_CONSUMER) timestamp=6435 ms, used_size=14802944 bytes (36.1%)
(RDMA_READ_CONSUME_CHECK_CONSUMER) timestamp=6435 ms, used_size=14800896 bytes (36.1%)
(RDMA_READ_CONSUME_CHECK_CONSUMER) timestamp=6435 ms, used_size=14798848 bytes (36.1%)
(RDMA_READ_CONSUME_CHECK_CONSUMER) timestamp=6435 ms, used_size=14796800 bytes (36.1%)
(RDMA_READ_CONSUME_CHECK_CONSUMER) timestamp=6435 ms, used_size=14794752 bytes (36.1%)
(RDMA_READ_CONSUME_CHECK_CONSUMER) timestamp=6435 ms, used_size=14792704 bytes (36.1%)
(RDMA_READ_CONSUME_CHECK_CONSUMER) timestamp=6435 ms, used_size=14790656 bytes (36.1%)
(RDMA_READ_CONSUME_CHECK_CONSUMER) timestamp=6435 ms, used_size=14788608 bytes (36.1%)
(RDMA_READ_CONSUME_CHECK_CONSUMER) timestamp=6435 ms, used_size=14786560 bytes (36.1%)
(RDMA_READ_CONSUME_CHECK_CONSUMER) timestamp=6435 ms, used_size=14784512 bytes (36.1%)
(RDMA_READ_CONSUME_CHECK_CONSUMER) timestamp=6435 ms, used_size=14782464 bytes (36.1%)
(RDMA_READ_CONSUME_CHECK_CONSUMER) timestamp=6435 ms, used_size=14780416 bytes (36.1%)
(RDMA_READ_CONSUME_CHECK_CONSUMER) timestamp=6435 ms, used_size=14778368 bytes (36.1%)
(RDMA_READ_CONSUME_CHECK_CONSUMER) timestamp=6435 ms, used_size=14776320 bytes (36.1%)
(RDMA_READ_CONSUME_CHECK_CONSUMER) timestamp=6435 ms, used_size=14774272 bytes (36.1%)
(RDMA_READ_CONSUME_CHECK_CONSUMER) timestamp=6435 ms, used_size=14772224 bytes (36.1%)
(RDMA_READ_CONSUME_CHECK_CONSUMER) timestamp=6435 ms, used_size=14770176 bytes (36.1%)
(RDMA_READ_CONSUME_CHECK_CONSUMER) timestamp=6435 ms, used_size=14768128 bytes (36.1%)
(RDMA_READ_CONSUME_CHECK_CONSUMER) timestamp=6435 ms, used_size=14766080 bytes (36.0%)
(RDMA_READ_CONSUME_CHECK_CONSUMER) timestamp=6435 ms, used_size=14764032 bytes (36.0%)
(RDMA_READ_CONSUME_CHECK_CONSUMER) timestamp=6435 ms, used_size=14761984 bytes (36.0%)
(RDMA_READ_CONSUME_CHECK_CONSUMER) timestamp=6435 ms, used_size=14759936 bytes (36.0%)
(RDMA_READ_CONSUME_CHECK_CONSUMER) timestamp=6435 ms, used_size=14757888 bytes (36.0%)
(RDMA_READ_CONSUME_CHECK_CONSUMER) timestamp=6435 ms, used_size=14755840 bytes (36.0%)
(RDMA_READ_CONSUME_CHECK_CONSUMER) timestamp=6435 ms, used_size=14753792 bytes (36.0%)
(RDMA_READ_CONSUME_CHECK_CONSUMER) timestamp=6435 ms, used_size=14751744 bytes (36.0%)
(RDMA_READ_CONSUME_CHECK_CONSUMER) timestamp=6435 ms, used_size=14749696 bytes (36.0%)
(RDMA_READ_CONSUME_CHECK_CONSUMER) timestamp=6435 ms, used_size=14747648 bytes (36.0%)
(RDMA_READ_CONSUME_CHECK_CONSUMER) timestamp=6435 ms, used_size=14745600 bytes (36.0%)
(RDMA_READ_CONSUME_CHECK_CONSUMER) timestamp=6435 ms, used_size=14743552 bytes (36.0%)
(RDMA_READ_CONSUME_CHECK_CONSUMER) timestamp=6435 ms, used_size=14741504 bytes (36.0%)
(RDMA_READ_CONSUME_CHECK_CONSUMER) timestamp=6435 ms, used_size=14739456 bytes (36.0%)
(RDMA_READ_CONSUME_CHECK_CONSUMER) timestamp=6435 ms, used_size=14737408 bytes (36.0%)
(RDMA_READ_CONSUME_CHECK_CONSUMER) timestamp=6436 ms, used_size=14735360 bytes (36.0%)
(RDMA_READ_CONSUME_CHECK_CONSUMER) timestamp=6436 ms, used_size=14733312 bytes (36.0%)
(RDMA_READ_CONSUME_CHECK_CONSUMER) timestamp=6436 ms, used_size=14731264 bytes (36.0%)
(RDMA_READ_CONSUME_CHECK_CONSUMER) timestamp=6436 ms, used_size=14729216 bytes (36.0%)
(RDMA_READ_CONSUME_CHECK_CONSUMER) timestamp=6436 ms, used_size=14727168 bytes (36.0%)
(RDMA_READ_CONSUME_CHECK_CONSUMER) timestamp=6436 ms, used_size=14725120 bytes (36.0%)
(RDMA_READ_CONSUME_CHECK_CONSUMER) timestamp=6436 ms, used_size=14723072 bytes (35.9%)
(RDMA_READ_CONSUME_CHECK_CONSUMER) timestamp=6436 ms, used_size=14721024 bytes (35.9%)
(RDMA_READ_CONSUME_CHECK_CONSUMER) timestamp=6436 ms, used_size=14718976 bytes (35.9%)
(RDMA_READ_CONSUME_CHECK_CONSUMER) timestamp=6436 ms, used_size=14716928 bytes (35.9%)
(RDMA_READ_CONSUME_CHECK_CONSUMER) timestamp=6436 ms, used_size=14714880 bytes (35.9%)
(RDMA_READ_CONSUME_CHECK_CONSUMER) timestamp=6436 ms, used_size=14712832 bytes (35.9%)
(RDMA_READ_CONSUME_CHECK_CONSUMER) timestamp=6436 ms, used_size=14710784 bytes (35.9%)
(RDMA_READ_CONSUME_CHECK_CONSUMER) timestamp=6436 ms, used_size=14708736 bytes (35.9%)
(RDMA_READ_CONSUME_CHECK_CONSUMER) timestamp=6436 ms, used_size=14706688 bytes (35.9%)
(RDMA_READ_CONSUME_CHECK_CONSUMER) timestamp=6436 ms, used_size=14704640 bytes (35.9%)
(RDMA_READ_CONSUME_CHECK_CONSUMER) timestamp=6436 ms, used_size=14702592 bytes (35.9%)
(RDMA_READ_CONSUME_CHECK_CONSUMER) timestamp=6436 ms, used_size=14700544 bytes (35.9%)
(RDMA_READ_CONSUME_CHECK_CONSUMER) timestamp=6436 ms, used_size=14698496 bytes (35.9%)
(RDMA_READ_CONSUME_CHECK_CONSUMER) timestamp=6436 ms, used_size=14696448 bytes (35.9%)
(RDMA_READ_CONSUME_CHECK_CONSUMER) timestamp=6436 ms, used_size=14694400 bytes (35.9%)
(RDMA_READ_CONSUME_CHECK_CONSUMER) timestamp=6436 ms, used_size=14692352 bytes (35.9%)
(RDMA_READ_CONSUME_CHECK_CONSUMER) timestamp=6436 ms, used_size=14690304 bytes (35.9%)
(RDMA_READ_CONSUME_CHECK_CONSUMER) timestamp=6436 ms, used_size=14688256 bytes (35.9%)
(RDMA_READ_CONSUME_CHECK_CONSUMER) timestamp=6436 ms, used_size=14686208 bytes (35.9%)
(RDMA_READ_CONSUME_CHECK_CONSUMER) timestamp=6436 ms, used_size=14684160 bytes (35.9%)
(RDMA_READ_CONSUME_CHECK_CONSUMER) timestamp=6436 ms, used_size=14682112 bytes (35.8%)
(RDMA_READ_CONSUME_CHECK_CONSUMER) timestamp=6436 ms, used_size=14680064 bytes (35.8%)
(RDMA_READ_CONSUME_CHECK_CONSUMER) timestamp=6436 ms, used_size=14678016 bytes (35.8%)
(RDMA_READ_CONSUME_CHECK_CONSUMER) timestamp=6436 ms, used_size=14675968 bytes (35.8%)
(RDMA_READ_CONSUME_CHECK_CONSUMER) timestamp=6436 ms, used_size=14673920 bytes (35.8%)
(RDMA_READ_CONSUME_CHECK_CONSUMER) timestamp=6436 ms, used_size=14671872 bytes (35.8%)
(RDMA_READ_CONSUME_CHECK_CONSUMER) timestamp=6436 ms, used_size=14669824 bytes (35.8%)
(RDMA_READ_CONSUME_CHECK_CONSUMER) timestamp=6436 ms, used_size=14667776 bytes (35.8%)
(RDMA_READ_CONSUME_CHECK_CONSUMER) timestamp=6436 ms, used_size=14665728 bytes (35.8%)
(RDMA_READ_CONSUME_CHECK_CONSUMER) timestamp=6436 ms, used_size=14663680 bytes (35.8%)
(RDMA_READ_CONSUME_CHECK_CONSUMER) timestamp=6436 ms, used_size=14661632 bytes (35.8%)
(RDMA_READ_CONSUME_CHECK_CONSUMER) timestamp=6436 ms, used_size=14659584 bytes (35.8%)
(RDMA_READ_CONSUME_CHECK_CONSUMER) timestamp=6436 ms, used_size=14657536 bytes (35.8%)
(RDMA_READ_CONSUME_CHECK_CONSUMER) timestamp=6436 ms, used_size=14655488 bytes (35.8%)
(RDMA_READ_CONSUME_CHECK_CONSUMER) timestamp=6436 ms, used_size=14653440 bytes (35.8%)
(RDMA_READ_CONSUME_CHECK_CONSUMER) timestamp=6436 ms, used_size=14651392 bytes (35.8%)
(RDMA_READ_CONSUME_CHECK_CONSUMER) timestamp=6436 ms, used_size=14649344 bytes (35.8%)
(RDMA_READ_CONSUME_CHECK_CONSUMER) timestamp=6436 ms, used_size=14647296 bytes (35.8%)
(RDMA_READ_CONSUME_CHECK_CONSUMER) timestamp=6436 ms, used_size=14645248 bytes (35.8%)
(RDMA_READ_CONSUME_CHECK_CONSUMER) timestamp=6436 ms, used_size=14643200 bytes (35.8%)
(RDMA_READ_CONSUME_CHECK_CONSUMER) timestamp=6436 ms, used_size=14641152 bytes (35.7%)
(RDMA_READ_CONSUME_CHECK_CONSUMER) timestamp=6436 ms, used_size=14639104 bytes (35.7%)
(RDMA_READ_CONSUME_CHECK_CONSUMER) timestamp=6436 ms, used_size=14637056 bytes (35.7%)
(RDMA_READ_CONSUME_CHECK_CONSUMER) timestamp=6436 ms, used_size=14635008 bytes (35.7%)
(RDMA_READ_CONSUME_CHECK_CONSUMER) timestamp=6436 ms, used_size=14632960 bytes (35.7%)
(RDMA_READ_CONSUME_CHECK_CONSUMER) timestamp=6436 ms, used_size=14630912 bytes (35.7%)
(RDMA_READ_CONSUME_CHECK_CONSUMER) timestamp=6436 ms, used_size=14628864 bytes (35.7%)
(RDMA_READ_CONSUME_CHECK_CONSUMER) timestamp=6436 ms, used_size=14626816 bytes (35.7%)
(RDMA_READ_CONSUME_CHECK_CONSUMER) timestamp=6436 ms, used_size=14624768 bytes (35.7%)
(RDMA_READ_CONSUME_CHECK_CONSUMER) timestamp=6436 ms, used_size=14622720 bytes (35.7%)
(RDMA_READ_CONSUME_CHECK_CONSUMER) timestamp=6436 ms, used_size=14620672 bytes (35.7%)
(RDMA_READ_CONSUME_CHECK_CONSUMER) timestamp=6436 ms, used_size=14618624 bytes (35.7%)
(RDMA_READ_CONSUME_CHECK_CONSUMER) timestamp=6436 ms, used_size=14616576 bytes (35.7%)
(RDMA_READ_CONSUME_CHECK_CONSUMER) timestamp=6436 ms, used_size=14614528 bytes (35.7%)
(RDMA_READ_CONSUME_CHECK_CONSUMER) timestamp=6436 ms, used_size=14612480 bytes (35.7%)
(RDMA_READ_CONSUME_CHECK_CONSUMER) timestamp=6436 ms, used_size=14610432 bytes (35.7%)
(RDMA_READ_CONSUME_CHECK_CONSUMER) timestamp=6436 ms, used_size=14608384 bytes (35.7%)
(RDMA_READ_CONSUME_CHECK_CONSUMER) timestamp=6436 ms, used_size=14606336 bytes (35.7%)
(RDMA_READ_CONSUME_CHECK_CONSUMER) timestamp=6436 ms, used_size=14604288 bytes (35.7%)
(RDMA_READ_CONSUME_CHECK_CONSUMER) timestamp=6436 ms, used_size=14602240 bytes (35.6%)
(RDMA_READ_CONSUME_CHECK_CONSUMER) timestamp=6436 ms, used_size=14600192 bytes (35.6%)
(RDMA_READ_CONSUME_CHECK_CONSUMER) timestamp=6436 ms, used_size=14598144 bytes (35.6%)
(RDMA_READ_CONSUME_CHECK_CONSUMER) timestamp=6436 ms, used_size=14596096 bytes (35.6%)
(RDMA_READ_CONSUME_CHECK_CONSUMER) timestamp=6436 ms, used_size=14594048 bytes (35.6%)
(RDMA_READ_CONSUME_CHECK_CONSUMER) timestamp=6436 ms, used_size=14592000 bytes (35.6%)
(RDMA_READ_CONSUME_CHECK_CONSUMER) timestamp=6436 ms, used_size=14589952 bytes (35.6%)
(RDMA_READ_CONSUME_CHECK_CONSUMER) timestamp=6436 ms, used_size=14587904 bytes (35.6%)
(RDMA_READ_CONSUME_CHECK_CONSUMER) timestamp=6436 ms, used_size=14585856 bytes (35.6%)
(RDMA_READ_CONSUME_CHECK_CONSUMER) timestamp=6436 ms, used_size=14583808 bytes (35.6%)
(RDMA_READ_CONSUME_CHECK_CONSUMER) timestamp=6436 ms, used_size=14581760 bytes (35.6%)
(RDMA_READ_CONSUME_CHECK_CONSUMER) timestamp=6436 ms, used_size=14579712 bytes (35.6%)
(RDMA_READ_CONSUME_CHECK_CONSUMER) timestamp=6436 ms, used_size=14577664 bytes (35.6%)
(RDMA_READ_CONSUME_CHECK_CONSUMER) timestamp=6436 ms, used_size=14575616 bytes (35.6%)
(RDMA_READ_CONSUME_CHECK_CONSUMER) timestamp=6436 ms, used_size=14573568 bytes (35.6%)
(RDMA_READ_CONSUME_CHECK_CONSUMER) timestamp=6436 ms, used_size=14571520 bytes (35.6%)
(RDMA_READ_CONSUME_CHECK_CONSUMER) timestamp=6436 ms, used_size=14569472 bytes (35.6%)
(RDMA_READ_CONSUME_CHECK_CONSUMER) timestamp=6436 ms, used_size=14567424 bytes (35.6%)
(RDMA_READ_CONSUME_CHECK_CONSUMER) timestamp=6436 ms, used_size=14565376 bytes (35.6%)
(RDMA_READ_CONSUME_CHECK_CONSUMER) timestamp=6436 ms, used_size=14563328 bytes (35.6%)
(RDMA_READ_CONSUME_CHECK_CONSUMER) timestamp=6436 ms, used_size=14561280 bytes (35.5%)
(RDMA_READ_CONSUME_CHECK_CONSUMER) timestamp=6436 ms, used_size=14559232 bytes (35.5%)
(RDMA_READ_CONSUME_CHECK_CONSUMER) timestamp=6436 ms, used_size=14557184 bytes (35.5%)
(RDMA_READ_CONSUME_CHECK_CONSUMER) timestamp=6436 ms, used_size=14555136 bytes (35.5%)
(RDMA_READ_CONSUME_CHECK_CONSUMER) timestamp=6436 ms, used_size=14553088 bytes (35.5%)
(RDMA_READ_CONSUME_CHECK_CONSUMER) timestamp=6436 ms, used_size=14551040 bytes (35.5%)
(RDMA_READ_CONSUME_CHECK_CONSUMER) timestamp=6436 ms, used_size=14548992 bytes (35.5%)
(RDMA_READ_CONSUME_CHECK_CONSUMER) timestamp=6436 ms, used_size=14546944 bytes (35.5%)
(RDMA_READ_CONSUME_CHECK_CONSUMER) timestamp=6436 ms, used_size=14544896 bytes (35.5%)
(RDMA_READ_CONSUME_CHECK_CONSUMER) timestamp=6436 ms, used_size=14542848 bytes (35.5%)
(RDMA_READ_CONSUME_CHECK_CONSUMER) timestamp=6436 ms, used_size=14540800 bytes (35.5%)
(RDMA_READ_CONSUME_CHECK_CONSUMER) timestamp=6436 ms, used_size=14538752 bytes (35.5%)
(RDMA_READ_CONSUME_CHECK_CONSUMER) timestamp=6436 ms, used_size=14536704 bytes (35.5%)
(RDMA_READ_CONSUME_CHECK_CONSUMER) timestamp=6436 ms, used_size=14534656 bytes (35.5%)
(RDMA_READ_CONSUME_CHECK_CONSUMER) timestamp=6436 ms, used_size=14532608 bytes (35.5%)
(RDMA_READ_CONSUME_CHECK_CONSUMER) timestamp=6436 ms, used_size=14530560 bytes (35.5%)
(RDMA_READ_CONSUME_CHECK_CONSUMER) timestamp=6436 ms, used_size=14528512 bytes (35.5%)
(RDMA_READ_CONSUME_CHECK_CONSUMER) timestamp=6436 ms, used_size=14526464 bytes (35.5%)
(RDMA_READ_CONSUME_CHECK_CONSUMER) timestamp=6436 ms, used_size=14524416 bytes (35.5%)
(RDMA_READ_CONSUME_CHECK_CONSUMER) timestamp=6436 ms, used_size=14522368 bytes (35.5%)
(RDMA_READ_CONSUME_CHECK_CONSUMER) timestamp=6436 ms, used_size=14520320 bytes (35.5%)
(RDMA_READ_CONSUME_CHECK_CONSUMER) timestamp=6436 ms, used_size=14518272 bytes (35.4%)
(RDMA_READ_CONSUME_CHECK_CONSUMER) timestamp=6436 ms, used_size=14516224 bytes (35.4%)
(RDMA_READ_CONSUME_CHECK_CONSUMER) timestamp=6436 ms, used_size=14514176 bytes (35.4%)
(RDMA_READ_CONSUME_CHECK_CONSUMER) timestamp=6436 ms, used_size=14512128 bytes (35.4%)
(RDMA_READ_CONSUME_CHECK_CONSUMER) timestamp=6436 ms, used_size=14510080 bytes (35.4%)
(RDMA_READ_CONSUME_CHECK_CONSUMER) timestamp=6436 ms, used_size=14508032 bytes (35.4%)
(RDMA_READ_CONSUME_CHECK_CONSUMER) timestamp=6436 ms, used_size=14505984 bytes (35.4%)
(RDMA_READ_CONSUME_CHECK_CONSUMER) timestamp=6436 ms, used_size=14503936 bytes (35.4%)
(RDMA_READ_CONSUME_CHECK_CONSUMER) timestamp=6436 ms, used_size=14501888 bytes (35.4%)
(RDMA_READ_CONSUME_CHECK_CONSUMER) timestamp=6436 ms, used_size=14499840 bytes (35.4%)
(RDMA_READ_CONSUME_CHECK_CONSUMER) timestamp=6436 ms, used_size=14497792 bytes (35.4%)
(RDMA_READ_CONSUME_CHECK_CONSUMER) timestamp=6436 ms, used_size=14495744 bytes (35.4%)
(RDMA_READ_CONSUME_CHECK_CONSUMER) timestamp=6436 ms, used_size=14493696 bytes (35.4%)
(RDMA_READ_CONSUME_CHECK_CONSUMER) timestamp=6436 ms, used_size=14491648 bytes (35.4%)
(RDMA_READ_CONSUME_CHECK_CONSUMER) timestamp=6436 ms, used_size=14489600 bytes (35.4%)
(RDMA_READ_CONSUME_CHECK_CONSUMER) timestamp=6436 ms, used_size=14487552 bytes (35.4%)
(RDMA_READ_CONSUME_CHECK_CONSUMER) timestamp=6436 ms, used_size=14485504 bytes (35.4%)
(RDMA_READ_CONSUME_CHECK_CONSUMER) timestamp=6436 ms, used_size=14483456 bytes (35.4%)
(RDMA_READ_CONSUME_CHECK_CONSUMER) timestamp=6436 ms, used_size=14481408 bytes (35.4%)
(RDMA_READ_CONSUME_CHECK_CONSUMER) timestamp=6436 ms, used_size=14479360 bytes (35.4%)
(RDMA_READ_CONSUME_CHECK_CONSUMER) timestamp=6436 ms, used_size=14477312 bytes (35.3%)
(RDMA_READ_CONSUME_CHECK_CONSUMER) timestamp=6436 ms, used_size=14475264 bytes (35.3%)
(RDMA_READ_CONSUME_CHECK_CONSUMER) timestamp=6436 ms, used_size=14473216 bytes (35.3%)
(RDMA_READ_CONSUME_CHECK_CONSUMER) timestamp=6436 ms, used_size=14471168 bytes (35.3%)
(RDMA_READ_CONSUME_CHECK_CONSUMER) timestamp=6436 ms, used_size=14469120 bytes (35.3%)
(RDMA_READ_CONSUME_CHECK_CONSUMER) timestamp=6436 ms, used_size=14467072 bytes (35.3%)
(RDMA_READ_CONSUME_CHECK_CONSUMER) timestamp=6436 ms, used_size=14465024 bytes (35.3%)
(RDMA_READ_CONSUME_CHECK_CONSUMER) timestamp=6436 ms, used_size=14462976 bytes (35.3%)
(RDMA_READ_CONSUME_CHECK_CONSUMER) timestamp=6436 ms, used_size=14460928 bytes (35.3%)
(RDMA_READ_CONSUME_CHECK_CONSUMER) timestamp=6436 ms, used_size=14458880 bytes (35.3%)
(RDMA_READ_CONSUME_CHECK_CONSUMER) timestamp=6436 ms, used_size=14456832 bytes (35.3%)
(RDMA_READ_CONSUME_CHECK_CONSUMER) timestamp=6436 ms, used_size=14454784 bytes (35.3%)
(RDMA_READ_CONSUME_CHECK_CONSUMER) timestamp=6436 ms, used_size=14452736 bytes (35.3%)
(RDMA_READ_CONSUME_CHECK_CONSUMER) timestamp=6436 ms, used_size=14450688 bytes (35.3%)
(RDMA_READ_CONSUME_CHECK_CONSUMER) timestamp=6436 ms, used_size=14448640 bytes (35.3%)
(RDMA_READ_CONSUME_CHECK_CONSUMER) timestamp=6436 ms, used_size=14446592 bytes (35.3%)
(RDMA_READ_CONSUME_CHECK_CONSUMER) timestamp=6436 ms, used_size=14444544 bytes (35.3%)
(RDMA_READ_CONSUME_CHECK_CONSUMER) timestamp=6436 ms, used_size=14442496 bytes (35.3%)
(RDMA_READ_CONSUME_CHECK_CONSUMER) timestamp=6436 ms, used_size=14440448 bytes (35.3%)
(RDMA_READ_CONSUME_CHECK_CONSUMER) timestamp=6436 ms, used_size=14438400 bytes (35.2%)
(RDMA_READ_CONSUME_CHECK_CONSUMER) timestamp=6436 ms, used_size=14436352 bytes (35.2%)
(RDMA_READ_CONSUME_CHECK_CONSUMER) timestamp=6436 ms, used_size=14434304 bytes (35.2%)
(RDMA_READ_CONSUME_CHECK_CONSUMER) timestamp=6436 ms, used_size=14432256 bytes (35.2%)
(RDMA_READ_CONSUME_CHECK_CONSUMER) timestamp=6436 ms, used_size=14430208 bytes (35.2%)
(RDMA_READ_CONSUME_CHECK_CONSUMER) timestamp=6436 ms, used_size=14428160 bytes (35.2%)
(RDMA_READ_CONSUME_CHECK_CONSUMER) timestamp=6436 ms, used_size=14426112 bytes (35.2%)
(RDMA_READ_CONSUME_CHECK_CONSUMER) timestamp=6436 ms, used_size=14424064 bytes (35.2%)
(RDMA_READ_CONSUME_CHECK_CONSUMER) timestamp=6436 ms, used_size=14422016 bytes (35.2%)
(RDMA_READ_CONSUME_CHECK_CONSUMER) timestamp=6436 ms, used_size=14419968 bytes (35.2%)
(RDMA_READ_CONSUME_CHECK_CONSUMER) timestamp=6436 ms, used_size=14417920 bytes (35.2%)
(RDMA_READ_CONSUME_CHECK_CONSUMER) timestamp=6436 ms, used_size=14415872 bytes (35.2%)
(RDMA_READ_CONSUME_CHECK_CONSUMER) timestamp=6436 ms, used_size=14413824 bytes (35.2%)
(RDMA_READ_CONSUME_CHECK_CONSUMER) timestamp=6436 ms, used_size=14411776 bytes (35.2%)
(RDMA_READ_CONSUME_CHECK_CONSUMER) timestamp=6436 ms, used_size=14409728 bytes (35.2%)
(RDMA_READ_CONSUME_CHECK_CONSUMER) timestamp=6436 ms, used_size=14407680 bytes (35.2%)
(RDMA_READ_CONSUME_CHECK_CONSUMER) timestamp=6436 ms, used_size=14405632 bytes (35.2%)
(RDMA_READ_CONSUME_CHECK_CONSUMER) timestamp=6436 ms, used_size=14403584 bytes (35.2%)
(RDMA_READ_CONSUME_CHECK_CONSUMER) timestamp=6436 ms, used_size=14401536 bytes (35.2%)
(RDMA_READ_CONSUME_CHECK_CONSUMER) timestamp=6436 ms, used_size=14399488 bytes (35.2%)
(RDMA_READ_CONSUME_CHECK_CONSUMER) timestamp=6436 ms, used_size=14397440 bytes (35.1%)
(RDMA_READ_CONSUME_CHECK_CONSUMER) timestamp=6436 ms, used_size=14395392 bytes (35.1%)
(RDMA_READ_CONSUME_CHECK_CONSUMER) timestamp=6436 ms, used_size=14393344 bytes (35.1%)
(RDMA_READ_CONSUME_CHECK_CONSUMER) timestamp=6436 ms, used_size=14391296 bytes (35.1%)
(RDMA_READ_CONSUME_CHECK_CONSUMER) timestamp=6436 ms, used_size=14389248 bytes (35.1%)
(RDMA_READ_CONSUME_CHECK_CONSUMER) timestamp=6436 ms, used_size=14387200 bytes (35.1%)
(RDMA_READ_CONSUME_CHECK_CONSUMER) timestamp=6436 ms, used_size=14385152 bytes (35.1%)
(RDMA_READ_CONSUME_CHECK_CONSUMER) timestamp=6436 ms, used_size=14383104 bytes (35.1%)
(RDMA_READ_CONSUME_CHECK_CONSUMER) timestamp=6436 ms, used_size=14381056 bytes (35.1%)
(RDMA_READ_CONSUME_CHECK_CONSUMER) timestamp=6436 ms, used_size=14379008 bytes (35.1%)
(RDMA_READ_CONSUME_CHECK_CONSUMER) timestamp=6436 ms, used_size=14376960 bytes (35.1%)
(RDMA_READ_CONSUME_CHECK_CONSUMER) timestamp=6436 ms, used_size=14374912 bytes (35.1%)
(RDMA_READ_CONSUME_CHECK_CONSUMER) timestamp=6436 ms, used_size=14372864 bytes (35.1%)
(RDMA_READ_CONSUME_CHECK_CONSUMER) timestamp=6436 ms, used_size=14370816 bytes (35.1%)
(RDMA_READ_CONSUME_CHECK_CONSUMER) timestamp=6436 ms, used_size=14368768 bytes (35.1%)
(RDMA_READ_CONSUME_CHECK_CONSUMER) timestamp=6436 ms, used_size=14366720 bytes (35.1%)
(RDMA_READ_CONSUME_CHECK_CONSUMER) timestamp=6437 ms, used_size=14364672 bytes (35.1%)
(RDMA_READ_CONSUME_CHECK_CONSUMER) timestamp=6437 ms, used_size=14362624 bytes (35.1%)
(RDMA_READ_CONSUME_CHECK_CONSUMER) timestamp=6437 ms, used_size=14360576 bytes (35.1%)
(RDMA_READ_CONSUME_CHECK_CONSUMER) timestamp=6437 ms, used_size=14358528 bytes (35.1%)
(RDMA_READ_CONSUME_CHECK_CONSUMER) timestamp=6437 ms, used_size=14356480 bytes (35.0%)
(RDMA_READ_CONSUME_CHECK_CONSUMER) timestamp=6437 ms, used_size=14354432 bytes (35.0%)
(RDMA_READ_CONSUME_CHECK_CONSUMER) timestamp=6437 ms, used_size=14352384 bytes (35.0%)
(RDMA_READ_CONSUME_CHECK_CONSUMER) timestamp=6437 ms, used_size=14350336 bytes (35.0%)
(RDMA_READ_CONSUME_CHECK_CONSUMER) timestamp=6437 ms, used_size=14348288 bytes (35.0%)
(RDMA_READ_CONSUME_CHECK_CONSUMER) timestamp=6437 ms, used_size=14346240 bytes (35.0%)
(RDMA_READ_CONSUME_CHECK_CONSUMER) timestamp=6437 ms, used_size=14344192 bytes (35.0%)
(RDMA_READ_CONSUME_CHECK_CONSUMER) timestamp=6437 ms, used_size=14342144 bytes (35.0%)
(RDMA_READ_CONSUME_CHECK_CONSUMER) timestamp=6437 ms, used_size=14340096 bytes (35.0%)
(RDMA_READ_CONSUME_CHECK_CONSUMER) timestamp=6437 ms, used_size=14338048 bytes (35.0%)
(RDMA_READ_CONSUME_CHECK_CONSUMER) timestamp=6437 ms, used_size=14336000 bytes (35.0%)
(RDMA_READ_CONSUME_CHECK_CONSUMER) timestamp=6437 ms, used_size=14333952 bytes (35.0%)
(RDMA_READ_CONSUME_CHECK_CONSUMER) timestamp=6437 ms, used_size=14331904 bytes (35.0%)
(RDMA_READ_CONSUME_CHECK_CONSUMER) timestamp=6437 ms, used_size=14329856 bytes (35.0%)
(RDMA_READ_CONSUME_CHECK_CONSUMER) timestamp=6437 ms, used_size=14327808 bytes (35.0%)
(RDMA_READ_CONSUME_CHECK_CONSUMER) timestamp=6437 ms, used_size=14325760 bytes (35.0%)
(RDMA_READ_CONSUME_CHECK_CONSUMER) timestamp=6437 ms, used_size=14323712 bytes (35.0%)
(RDMA_READ_CONSUME_CHECK_CONSUMER) timestamp=6437 ms, used_size=14321664 bytes (35.0%)
(RDMA_READ_CONSUME_CHECK_CONSUMER) timestamp=6437 ms, used_size=14319616 bytes (35.0%)
(RDMA_READ_CONSUME_CHECK_CONSUMER) timestamp=6437 ms, used_size=14317568 bytes (35.0%)
(RDMA_READ_CONSUME_CHECK_CONSUMER) timestamp=6437 ms, used_size=14315520 bytes (35.0%)
(RDMA_READ_CONSUME_CHECK_CONSUMER) timestamp=6437 ms, used_size=14313472 bytes (34.9%)
(RDMA_READ_CONSUME_CHECK_CONSUMER) timestamp=6437 ms, used_size=14311424 bytes (34.9%)
(RDMA_READ_CONSUME_CHECK_CONSUMER) timestamp=6437 ms, used_size=14309376 bytes (34.9%)
(RDMA_READ_CONSUME_CHECK_CONSUMER) timestamp=6437 ms, used_size=14307328 bytes (34.9%)
(RDMA_READ_CONSUME_CHECK_CONSUMER) timestamp=6437 ms, used_size=14305280 bytes (34.9%)
(RDMA_READ_CONSUME_CHECK_CONSUMER) timestamp=6437 ms, used_size=14303232 bytes (34.9%)
(RDMA_READ_CONSUME_CHECK_CONSUMER) timestamp=6437 ms, used_size=14301184 bytes (34.9%)
(RDMA_READ_CONSUME_CHECK_CONSUMER) timestamp=6437 ms, used_size=14299136 bytes (34.9%)
(RDMA_READ_CONSUME_CHECK_CONSUMER) timestamp=6437 ms, used_size=14297088 bytes (34.9%)
(RDMA_READ_CONSUME_CHECK_CONSUMER) timestamp=6437 ms, used_size=14295040 bytes (34.9%)
(RDMA_READ_CONSUME_CHECK_CONSUMER) timestamp=6437 ms, used_size=14292992 bytes (34.9%)
(RDMA_READ_CONSUME_CHECK_CONSUMER) timestamp=6437 ms, used_size=14290944 bytes (34.9%)
(RDMA_READ_CONSUME_CHECK_CONSUMER) timestamp=6437 ms, used_size=14288896 bytes (34.9%)
(RDMA_READ_CONSUME_CHECK_CONSUMER) timestamp=6437 ms, used_size=14286848 bytes (34.9%)
(RDMA_READ_CONSUME_CHECK_CONSUMER) timestamp=6437 ms, used_size=14284800 bytes (34.9%)
(RDMA_READ_CONSUME_CHECK_CONSUMER) timestamp=6437 ms, used_size=14282752 bytes (34.9%)
(RDMA_READ_CONSUME_CHECK_CONSUMER) timestamp=6437 ms, used_size=14280704 bytes (34.9%)
(RDMA_READ_CONSUME_CHECK_CONSUMER) timestamp=6437 ms, used_size=14278656 bytes (34.9%)
(RDMA_READ_CONSUME_CHECK_CONSUMER) timestamp=6437 ms, used_size=14276608 bytes (34.9%)
(RDMA_READ_CONSUME_CHECK_CONSUMER) timestamp=6437 ms, used_size=14274560 bytes (34.9%)
(RDMA_READ_CONSUME_CHECK_CONSUMER) timestamp=6437 ms, used_size=14272512 bytes (34.8%)
(RDMA_READ_CONSUME_CHECK_CONSUMER) timestamp=6437 ms, used_size=14270464 bytes (34.8%)
(RDMA_READ_CONSUME_CHECK_CONSUMER) timestamp=6437 ms, used_size=14268416 bytes (34.8%)
(RDMA_READ_CONSUME_CHECK_CONSUMER) timestamp=6437 ms, used_size=14266368 bytes (34.8%)
(RDMA_READ_CONSUME_CHECK_CONSUMER) timestamp=6437 ms, used_size=14264320 bytes (34.8%)
(RDMA_READ_CONSUME_CHECK_CONSUMER) timestamp=6437 ms, used_size=14262272 bytes (34.8%)
(RDMA_READ_CONSUME_CHECK_CONSUMER) timestamp=6437 ms, used_size=14260224 bytes (34.8%)
(RDMA_READ_CONSUME_CHECK_CONSUMER) timestamp=6437 ms, used_size=14258176 bytes (34.8%)
(RDMA_READ_CONSUME_CHECK_CONSUMER) timestamp=6437 ms, used_size=14256128 bytes (34.8%)
(RDMA_READ_CONSUME_CHECK_CONSUMER) timestamp=6437 ms, used_size=14254080 bytes (34.8%)
(RDMA_READ_CONSUME_CHECK_CONSUMER) timestamp=6437 ms, used_size=14252032 bytes (34.8%)
(RDMA_READ_CONSUME_CHECK_CONSUMER) timestamp=6437 ms, used_size=14249984 bytes (34.8%)
(RDMA_READ_CONSUME_CHECK_CONSUMER) timestamp=6437 ms, used_size=14247936 bytes (34.8%)
(RDMA_READ_CONSUME_CHECK_CONSUMER) timestamp=6437 ms, used_size=14245888 bytes (34.8%)
(RDMA_READ_CONSUME_CHECK_CONSUMER) timestamp=6437 ms, used_size=14243840 bytes (34.8%)
(RDMA_READ_CONSUME_CHECK_CONSUMER) timestamp=6437 ms, used_size=14241792 bytes (34.8%)
(RDMA_READ_CONSUME_CHECK_CONSUMER) timestamp=6437 ms, used_size=14239744 bytes (34.8%)
(RDMA_READ_CONSUME_CHECK_CONSUMER) timestamp=6437 ms, used_size=14237696 bytes (34.8%)
(RDMA_READ_CONSUME_CHECK_CONSUMER) timestamp=6437 ms, used_size=14235648 bytes (34.8%)
(RDMA_READ_CONSUME_CHECK_CONSUMER) timestamp=6437 ms, used_size=14233600 bytes (34.8%)
(RDMA_READ_CONSUME_CHECK_CONSUMER) timestamp=6437 ms, used_size=14231552 bytes (34.7%)
(RDMA_READ_CONSUME_CHECK_CONSUMER) timestamp=6437 ms, used_size=14229504 bytes (34.7%)
(RDMA_READ_CONSUME_CHECK_CONSUMER) timestamp=6437 ms, used_size=14227456 bytes (34.7%)
(RDMA_READ_CONSUME_CHECK_CONSUMER) timestamp=6437 ms, used_size=14225408 bytes (34.7%)
(RDMA_READ_CONSUME_CHECK_CONSUMER) timestamp=6437 ms, used_size=14223360 bytes (34.7%)
(RDMA_READ_CONSUME_CHECK_CONSUMER) timestamp=6437 ms, used_size=14221312 bytes (34.7%)
(RDMA_READ_CONSUME_CHECK_CONSUMER) timestamp=6437 ms, used_size=14219264 bytes (34.7%)
(RDMA_READ_CONSUME_CHECK_CONSUMER) timestamp=6437 ms, used_size=14217216 bytes (34.7%)
(RDMA_READ_CONSUME_CHECK_CONSUMER) timestamp=6437 ms, used_size=14215168 bytes (34.7%)
(RDMA_READ_CONSUME_CHECK_CONSUMER) timestamp=6437 ms, used_size=14213120 bytes (34.7%)
(RDMA_READ_CONSUME_CHECK_CONSUMER) timestamp=6437 ms, used_size=14211072 bytes (34.7%)
(RDMA_READ_CONSUME_CHECK_CONSUMER) timestamp=6437 ms, used_size=14209024 bytes (34.7%)
(RDMA_READ_CONSUME_CHECK_CONSUMER) timestamp=6437 ms, used_size=14206976 bytes (34.7%)
(RDMA_READ_CONSUME_CHECK_CONSUMER) timestamp=6437 ms, used_size=14204928 bytes (34.7%)
(RDMA_READ_CONSUME_CHECK_CONSUMER) timestamp=6437 ms, used_size=14202880 bytes (34.7%)
(RDMA_READ_CONSUME_CHECK_CONSUMER) timestamp=6437 ms, used_size=14200832 bytes (34.7%)
(RDMA_READ_CONSUME_CHECK_CONSUMER) timestamp=6437 ms, used_size=14198784 bytes (34.7%)
(RDMA_READ_CONSUME_CHECK_CONSUMER) timestamp=6437 ms, used_size=14196736 bytes (34.7%)
(RDMA_READ_CONSUME_CHECK_CONSUMER) timestamp=6437 ms, used_size=14194688 bytes (34.7%)
(RDMA_READ_CONSUME_CHECK_CONSUMER) timestamp=6437 ms, used_size=14192640 bytes (34.6%)
(RDMA_READ_CONSUME_CHECK_CONSUMER) timestamp=6437 ms, used_size=14190592 bytes (34.6%)
(RDMA_READ_CONSUME_CHECK_CONSUMER) timestamp=6437 ms, used_size=14188544 bytes (34.6%)
(RDMA_READ_CONSUME_CHECK_CONSUMER) timestamp=6437 ms, used_size=14186496 bytes (34.6%)
(RDMA_READ_CONSUME_CHECK_CONSUMER) timestamp=6437 ms, used_size=14184448 bytes (34.6%)
(RDMA_READ_CONSUME_CHECK_CONSUMER) timestamp=6437 ms, used_size=14182400 bytes (34.6%)
(RDMA_READ_CONSUME_CHECK_CONSUMER) timestamp=6437 ms, used_size=14180352 bytes (34.6%)
(RDMA_READ_CONSUME_CHECK_CONSUMER) timestamp=6437 ms, used_size=14178304 bytes (34.6%)
(RDMA_READ_CONSUME_CHECK_CONSUMER) timestamp=6437 ms, used_size=14176256 bytes (34.6%)
(RDMA_READ_CONSUME_CHECK_CONSUMER) timestamp=6437 ms, used_size=14174208 bytes (34.6%)
(RDMA_READ_CONSUME_CHECK_CONSUMER) timestamp=6437 ms, used_size=14172160 bytes (34.6%)
(RDMA_READ_CONSUME_CHECK_CONSUMER) timestamp=6437 ms, used_size=14170112 bytes (34.6%)
(RDMA_READ_CONSUME_CHECK_CONSUMER) timestamp=6437 ms, used_size=14168064 bytes (34.6%)
(RDMA_READ_CONSUME_CHECK_CONSUMER) timestamp=6437 ms, used_size=14166016 bytes (34.6%)
(RDMA_READ_CONSUME_CHECK_CONSUMER) timestamp=6437 ms, used_size=14163968 bytes (34.6%)
(RDMA_READ_CONSUME_CHECK_CONSUMER) timestamp=6437 ms, used_size=14161920 bytes (34.6%)
(RDMA_READ_CONSUME_CHECK_CONSUMER) timestamp=6437 ms, used_size=14159872 bytes (34.6%)
(RDMA_READ_CONSUME_CHECK_CONSUMER) timestamp=6437 ms, used_size=14157824 bytes (34.6%)
(RDMA_READ_CONSUME_CHECK_CONSUMER) timestamp=6437 ms, used_size=14155776 bytes (34.6%)
(RDMA_READ_CONSUME_CHECK_CONSUMER) timestamp=6437 ms, used_size=14153728 bytes (34.6%)
(RDMA_READ_CONSUME_CHECK_CONSUMER) timestamp=6437 ms, used_size=14151680 bytes (34.5%)
(RDMA_READ_CONSUME_CHECK_CONSUMER) timestamp=6437 ms, used_size=14149632 bytes (34.5%)
(RDMA_READ_CONSUME_CHECK_CONSUMER) timestamp=6437 ms, used_size=14147584 bytes (34.5%)
(RDMA_READ_CONSUME_CHECK_CONSUMER) timestamp=6437 ms, used_size=14145536 bytes (34.5%)
(RDMA_READ_CONSUME_CHECK_CONSUMER) timestamp=6437 ms, used_size=14143488 bytes (34.5%)
(RDMA_READ_CONSUME_CHECK_CONSUMER) timestamp=6437 ms, used_size=14141440 bytes (34.5%)
(RDMA_READ_CONSUME_CHECK_CONSUMER) timestamp=6437 ms, used_size=14139392 bytes (34.5%)
(RDMA_READ_CONSUME_CHECK_CONSUMER) timestamp=6437 ms, used_size=14137344 bytes (34.5%)
(RDMA_READ_CONSUME_CHECK_CONSUMER) timestamp=6437 ms, used_size=14135296 bytes (34.5%)
(RDMA_READ_CONSUME_CHECK_CONSUMER) timestamp=6437 ms, used_size=14133248 bytes (34.5%)
(RDMA_READ_CONSUME_CHECK_CONSUMER) timestamp=6437 ms, used_size=14131200 bytes (34.5%)
(RDMA_READ_CONSUME_CHECK_CONSUMER) timestamp=6437 ms, used_size=14129152 bytes (34.5%)
(RDMA_READ_CONSUME_CHECK_CONSUMER) timestamp=6437 ms, used_size=14127104 bytes (34.5%)
(RDMA_READ_CONSUME_CHECK_CONSUMER) timestamp=6437 ms, used_size=14125056 bytes (34.5%)
(RDMA_READ_CONSUME_CHECK_CONSUMER) timestamp=6437 ms, used_size=14123008 bytes (34.5%)
(RDMA_READ_CONSUME_CHECK_CONSUMER) timestamp=6437 ms, used_size=14120960 bytes (34.5%)
(RDMA_READ_CONSUME_CHECK_CONSUMER) timestamp=6437 ms, used_size=14118912 bytes (34.5%)
(RDMA_READ_CONSUME_CHECK_CONSUMER) timestamp=6437 ms, used_size=14116864 bytes (34.5%)
(RDMA_READ_CONSUME_CHECK_CONSUMER) timestamp=6437 ms, used_size=14114816 bytes (34.5%)
(RDMA_READ_CONSUME_CHECK_CONSUMER) timestamp=6437 ms, used_size=14112768 bytes (34.5%)
(RDMA_READ_CONSUME_CHECK_CONSUMER) timestamp=6437 ms, used_size=14110720 bytes (34.5%)
(RDMA_READ_CONSUME_CHECK_CONSUMER) timestamp=6437 ms, used_size=14108672 bytes (34.4%)
(RDMA_READ_CONSUME_CHECK_CONSUMER) timestamp=6437 ms, used_size=14106624 bytes (34.4%)
(RDMA_READ_CONSUME_CHECK_CONSUMER) timestamp=6437 ms, used_size=14104576 bytes (34.4%)
(RDMA_READ_CONSUME_CHECK_CONSUMER) timestamp=6437 ms, used_size=14102528 bytes (34.4%)
(RDMA_READ_CONSUME_CHECK_CONSUMER) timestamp=6437 ms, used_size=14100480 bytes (34.4%)
(RDMA_READ_CONSUME_CHECK_CONSUMER) timestamp=6437 ms, used_size=14098432 bytes (34.4%)
(RDMA_READ_CONSUME_CHECK_CONSUMER) timestamp=6437 ms, used_size=14096384 bytes (34.4%)
(RDMA_READ_CONSUME_CHECK_CONSUMER) timestamp=6437 ms, used_size=14094336 bytes (34.4%)
(RDMA_READ_CONSUME_CHECK_CONSUMER) timestamp=6437 ms, used_size=14092288 bytes (34.4%)
(RDMA_READ_CONSUME_CHECK_CONSUMER) timestamp=6437 ms, used_size=14090240 bytes (34.4%)
(RDMA_READ_CONSUME_CHECK_CONSUMER) timestamp=6437 ms, used_size=14088192 bytes (34.4%)
(RDMA_READ_CONSUME_CHECK_CONSUMER) timestamp=6437 ms, used_size=14086144 bytes (34.4%)
(RDMA_READ_CONSUME_CHECK_CONSUMER) timestamp=6437 ms, used_size=14084096 bytes (34.4%)
(RDMA_READ_CONSUME_CHECK_CONSUMER) timestamp=6437 ms, used_size=14082048 bytes (34.4%)
(RDMA_READ_CONSUME_CHECK_CONSUMER) timestamp=6437 ms, used_size=14080000 bytes (34.4%)
(RDMA_READ_CONSUME_CHECK_CONSUMER) timestamp=6437 ms, used_size=14077952 bytes (34.4%)
(RDMA_READ_CONSUME_CHECK_CONSUMER) timestamp=6437 ms, used_size=14075904 bytes (34.4%)
(RDMA_READ_CONSUME_CHECK_CONSUMER) timestamp=6437 ms, used_size=14073856 bytes (34.4%)
(RDMA_READ_CONSUME_CHECK_CONSUMER) timestamp=6437 ms, used_size=14071808 bytes (34.4%)
(RDMA_READ_CONSUME_CHECK_CONSUMER) timestamp=6437 ms, used_size=14069760 bytes (34.4%)
(RDMA_READ_CONSUME_CHECK_CONSUMER) timestamp=6437 ms, used_size=14067712 bytes (34.3%)
(RDMA_READ_CONSUME_CHECK_CONSUMER) timestamp=6437 ms, used_size=14065664 bytes (34.3%)
(RDMA_READ_CONSUME_CHECK_CONSUMER) timestamp=6437 ms, used_size=14063616 bytes (34.3%)
(RDMA_READ_CONSUME_CHECK_CONSUMER) timestamp=6437 ms, used_size=14061568 bytes (34.3%)
(RDMA_READ_CONSUME_CHECK_CONSUMER) timestamp=6437 ms, used_size=14059520 bytes (34.3%)
(RDMA_READ_CONSUME_CHECK_CONSUMER) timestamp=6437 ms, used_size=14057472 bytes (34.3%)
(RDMA_READ_CONSUME_CHECK_CONSUMER) timestamp=6437 ms, used_size=14055424 bytes (34.3%)
(RDMA_READ_CONSUME_CHECK_CONSUMER) timestamp=6437 ms, used_size=14053376 bytes (34.3%)
(RDMA_READ_CONSUME_CHECK_CONSUMER) timestamp=6437 ms, used_size=14051328 bytes (34.3%)
(RDMA_READ_CONSUME_CHECK_CONSUMER) timestamp=6437 ms, used_size=14049280 bytes (34.3%)
(RDMA_READ_CONSUME_CHECK_CONSUMER) timestamp=6437 ms, used_size=14047232 bytes (34.3%)
(RDMA_READ_CONSUME_CHECK_CONSUMER) timestamp=6437 ms, used_size=14045184 bytes (34.3%)
(RDMA_READ_CONSUME_CHECK_CONSUMER) timestamp=6437 ms, used_size=14043136 bytes (34.3%)
(RDMA_READ_CONSUME_CHECK_CONSUMER) timestamp=6437 ms, used_size=14041088 bytes (34.3%)
(RDMA_READ_CONSUME_CHECK_CONSUMER) timestamp=6437 ms, used_size=14039040 bytes (34.3%)
(RDMA_READ_CONSUME_CHECK_CONSUMER) timestamp=6437 ms, used_size=14036992 bytes (34.3%)
(RDMA_READ_CONSUME_CHECK_CONSUMER) timestamp=6437 ms, used_size=14034944 bytes (34.3%)
(RDMA_READ_CONSUME_CHECK_CONSUMER) timestamp=6437 ms, used_size=14032896 bytes (34.3%)
(RDMA_READ_CONSUME_CHECK_CONSUMER) timestamp=6437 ms, used_size=14030848 bytes (34.3%)
(RDMA_READ_CONSUME_CHECK_CONSUMER) timestamp=6437 ms, used_size=14028800 bytes (34.2%)
(RDMA_READ_CONSUME_CHECK_CONSUMER) timestamp=6437 ms, used_size=14026752 bytes (34.2%)
(RDMA_READ_CONSUME_CHECK_CONSUMER) timestamp=6437 ms, used_size=14024704 bytes (34.2%)
(RDMA_READ_CONSUME_CHECK_CONSUMER) timestamp=6437 ms, used_size=14022656 bytes (34.2%)
(RDMA_READ_CONSUME_CHECK_CONSUMER) timestamp=6437 ms, used_size=14020608 bytes (34.2%)
(RDMA_READ_CONSUME_CHECK_CONSUMER) timestamp=6437 ms, used_size=14018560 bytes (34.2%)
(RDMA_READ_CONSUME_CHECK_CONSUMER) timestamp=6437 ms, used_size=14016512 bytes (34.2%)
(RDMA_READ_CONSUME_CHECK_CONSUMER) timestamp=6437 ms, used_size=14014464 bytes (34.2%)
(RDMA_READ_CONSUME_CHECK_CONSUMER) timestamp=6437 ms, used_size=14012416 bytes (34.2%)
(RDMA_READ_CONSUME_CHECK_CONSUMER) timestamp=6437 ms, used_size=14010368 bytes (34.2%)
(RDMA_READ_CONSUME_CHECK_CONSUMER) timestamp=6437 ms, used_size=14008320 bytes (34.2%)
(RDMA_READ_CONSUME_CHECK_CONSUMER) timestamp=6437 ms, used_size=14006272 bytes (34.2%)
(RDMA_READ_CONSUME_CHECK_CONSUMER) timestamp=6437 ms, used_size=14004224 bytes (34.2%)
(RDMA_READ_CONSUME_CHECK_CONSUMER) timestamp=6437 ms, used_size=14002176 bytes (34.2%)
(RDMA_READ_CONSUME_CHECK_CONSUMER) timestamp=6437 ms, used_size=14000128 bytes (34.2%)
(RDMA_READ_CONSUME_CHECK_CONSUMER) timestamp=6437 ms, used_size=13998080 bytes (34.2%)
(RDMA_READ_CONSUME_CHECK_CONSUMER) timestamp=6437 ms, used_size=13996032 bytes (34.2%)
(RDMA_READ_CONSUME_CHECK_CONSUMER) timestamp=6437 ms, used_size=13993984 bytes (34.2%)
(RDMA_READ_CONSUME_CHECK_CONSUMER) timestamp=6437 ms, used_size=13991936 bytes (34.2%)
(RDMA_READ_CONSUME_CHECK_CONSUMER) timestamp=6438 ms, used_size=13989888 bytes (34.2%)
(RDMA_READ_CONSUME_CHECK_CONSUMER) timestamp=6438 ms, used_size=13987840 bytes (34.1%)
(RDMA_READ_CONSUME_CHECK_CONSUMER) timestamp=6438 ms, used_size=13985792 bytes (34.1%)
(RDMA_READ_CONSUME_CHECK_CONSUMER) timestamp=6438 ms, used_size=13983744 bytes (34.1%)
(RDMA_READ_CONSUME_CHECK_CONSUMER) timestamp=6438 ms, used_size=13981696 bytes (34.1%)
(RDMA_READ_CONSUME_CHECK_CONSUMER) timestamp=6438 ms, used_size=13979648 bytes (34.1%)
(RDMA_READ_CONSUME_CHECK_CONSUMER) timestamp=6438 ms, used_size=13977600 bytes (34.1%)
(RDMA_READ_CONSUME_CHECK_CONSUMER) timestamp=6438 ms, used_size=13975552 bytes (34.1%)
(RDMA_READ_CONSUME_CHECK_CONSUMER) timestamp=6438 ms, used_size=13973504 bytes (34.1%)
(RDMA_READ_CONSUME_CHECK_CONSUMER) timestamp=6438 ms, used_size=13971456 bytes (34.1%)
(RDMA_READ_CONSUME_CHECK_CONSUMER) timestamp=6438 ms, used_size=13969408 bytes (34.1%)
(RDMA_READ_CONSUME_CHECK_CONSUMER) timestamp=6438 ms, used_size=13967360 bytes (34.1%)
(RDMA_READ_CONSUME_CHECK_CONSUMER) timestamp=6438 ms, used_size=13965312 bytes (34.1%)
(RDMA_READ_CONSUME_CHECK_CONSUMER) timestamp=6438 ms, used_size=13963264 bytes (34.1%)
(RDMA_READ_CONSUME_CHECK_CONSUMER) timestamp=6438 ms, used_size=13961216 bytes (34.1%)
(RDMA_READ_CONSUME_CHECK_CONSUMER) timestamp=6438 ms, used_size=13959168 bytes (34.1%)
(RDMA_READ_CONSUME_CHECK_CONSUMER) timestamp=6438 ms, used_size=13957120 bytes (34.1%)
(RDMA_READ_CONSUME_CHECK_CONSUMER) timestamp=6438 ms, used_size=13955072 bytes (34.1%)
(RDMA_READ_CONSUME_CHECK_CONSUMER) timestamp=6438 ms, used_size=13953024 bytes (34.1%)
(RDMA_READ_CONSUME_CHECK_CONSUMER) timestamp=6438 ms, used_size=13950976 bytes (34.1%)
(RDMA_READ_CONSUME_CHECK_CONSUMER) timestamp=6438 ms, used_size=13948928 bytes (34.1%)
(RDMA_READ_CONSUME_CHECK_CONSUMER) timestamp=6438 ms, used_size=13946880 bytes (34.0%)
(RDMA_READ_CONSUME_CHECK_CONSUMER) timestamp=6438 ms, used_size=13944832 bytes (34.0%)
(RDMA_READ_CONSUME_CHECK_CONSUMER) timestamp=6438 ms, used_size=13942784 bytes (34.0%)
(RDMA_READ_CONSUME_CHECK_CONSUMER) timestamp=6438 ms, used_size=13940736 bytes (34.0%)
(RDMA_READ_CONSUME_CHECK_CONSUMER) timestamp=6438 ms, used_size=13938688 bytes (34.0%)
(RDMA_READ_CONSUME_CHECK_CONSUMER) timestamp=6438 ms, used_size=13936640 bytes (34.0%)
(RDMA_READ_CONSUME_CHECK_CONSUMER) timestamp=6438 ms, used_size=13934592 bytes (34.0%)
(RDMA_READ_CONSUME_CHECK_CONSUMER) timestamp=6438 ms, used_size=13932544 bytes (34.0%)
(RDMA_READ_CONSUME_CHECK_CONSUMER) timestamp=6438 ms, used_size=13930496 bytes (34.0%)
(RDMA_READ_CONSUME_CHECK_CONSUMER) timestamp=6438 ms, used_size=13928448 bytes (34.0%)
(RDMA_READ_CONSUME_CHECK_CONSUMER) timestamp=6438 ms, used_size=13926400 bytes (34.0%)
(RDMA_READ_CONSUME_CHECK_CONSUMER) timestamp=6438 ms, used_size=13924352 bytes (34.0%)
(RDMA_READ_CONSUME_CHECK_CONSUMER) timestamp=6438 ms, used_size=13922304 bytes (34.0%)
(RDMA_READ_CONSUME_CHECK_CONSUMER) timestamp=6438 ms, used_size=13920256 bytes (34.0%)
(RDMA_READ_CONSUME_CHECK_CONSUMER) timestamp=6438 ms, used_size=13918208 bytes (34.0%)
(RDMA_READ_CONSUME_CHECK_CONSUMER) timestamp=6438 ms, used_size=13916160 bytes (34.0%)
(RDMA_READ_CONSUME_CHECK_CONSUMER) timestamp=6438 ms, used_size=13914112 bytes (34.0%)
(RDMA_READ_CONSUME_CHECK_CONSUMER) timestamp=6438 ms, used_size=13912064 bytes (34.0%)
(RDMA_READ_CONSUME_CHECK_CONSUMER) timestamp=6438 ms, used_size=13910016 bytes (34.0%)
(RDMA_READ_CONSUME_CHECK_CONSUMER) timestamp=6438 ms, used_size=13907968 bytes (34.0%)
(RDMA_READ_CONSUME_CHECK_CONSUMER) timestamp=6438 ms, used_size=13905920 bytes (34.0%)
(RDMA_READ_CONSUME_CHECK_CONSUMER) timestamp=6438 ms, used_size=13903872 bytes (33.9%)
(RDMA_READ_CONSUME_CHECK_CONSUMER) timestamp=6438 ms, used_size=13901824 bytes (33.9%)
(RDMA_READ_CONSUME_CHECK_CONSUMER) timestamp=6438 ms, used_size=13899776 bytes (33.9%)
(RDMA_READ_CONSUME_CHECK_CONSUMER) timestamp=6438 ms, used_size=13897728 bytes (33.9%)
(RDMA_READ_CONSUME_CHECK_CONSUMER) timestamp=6438 ms, used_size=13895680 bytes (33.9%)
(RDMA_READ_CONSUME_CHECK_CONSUMER) timestamp=6438 ms, used_size=13893632 bytes (33.9%)
(RDMA_READ_CONSUME_CHECK_CONSUMER) timestamp=6438 ms, used_size=13891584 bytes (33.9%)
(RDMA_READ_CONSUME_CHECK_CONSUMER) timestamp=6438 ms, used_size=13889536 bytes (33.9%)
(RDMA_READ_CONSUME_CHECK_CONSUMER) timestamp=6438 ms, used_size=13887488 bytes (33.9%)
(RDMA_READ_CONSUME_CHECK_CONSUMER) timestamp=6438 ms, used_size=13885440 bytes (33.9%)
(RDMA_READ_CONSUME_CHECK_CONSUMER) timestamp=6438 ms, used_size=13883392 bytes (33.9%)
(RDMA_READ_CONSUME_CHECK_CONSUMER) timestamp=6438 ms, used_size=13881344 bytes (33.9%)
(RDMA_READ_CONSUME_CHECK_CONSUMER) timestamp=6438 ms, used_size=13879296 bytes (33.9%)
(RDMA_READ_CONSUME_CHECK_CONSUMER) timestamp=6438 ms, used_size=13877248 bytes (33.9%)
(RDMA_READ_CONSUME_CHECK_CONSUMER) timestamp=6438 ms, used_size=13875200 bytes (33.9%)
(RDMA_READ_CONSUME_CHECK_CONSUMER) timestamp=6438 ms, used_size=13873152 bytes (33.9%)
(RDMA_READ_CONSUME_CHECK_CONSUMER) timestamp=6438 ms, used_size=13871104 bytes (33.9%)
(RDMA_READ_CONSUME_CHECK_CONSUMER) timestamp=6438 ms, used_size=13869056 bytes (33.9%)
(RDMA_READ_CONSUME_CHECK_CONSUMER) timestamp=6438 ms, used_size=13867008 bytes (33.9%)
(RDMA_READ_CONSUME_CHECK_CONSUMER) timestamp=6438 ms, used_size=13864960 bytes (33.9%)
(RDMA_READ_CONSUME_CHECK_CONSUMER) timestamp=6438 ms, used_size=13862912 bytes (33.8%)
(RDMA_READ_CONSUME_CHECK_CONSUMER) timestamp=6438 ms, used_size=13860864 bytes (33.8%)
(RDMA_READ_CONSUME_CHECK_CONSUMER) timestamp=6438 ms, used_size=13858816 bytes (33.8%)
(RDMA_READ_CONSUME_CHECK_CONSUMER) timestamp=6438 ms, used_size=13856768 bytes (33.8%)
(RDMA_READ_CONSUME_CHECK_CONSUMER) timestamp=6438 ms, used_size=13854720 bytes (33.8%)
(RDMA_READ_CONSUME_CHECK_CONSUMER) timestamp=6438 ms, used_size=13852672 bytes (33.8%)
(RDMA_READ_CONSUME_CHECK_CONSUMER) timestamp=6438 ms, used_size=13850624 bytes (33.8%)
(RDMA_READ_CONSUME_CHECK_CONSUMER) timestamp=6438 ms, used_size=13848576 bytes (33.8%)
(RDMA_READ_CONSUME_CHECK_CONSUMER) timestamp=6438 ms, used_size=13846528 bytes (33.8%)
(RDMA_READ_CONSUME_CHECK_CONSUMER) timestamp=6438 ms, used_size=13844480 bytes (33.8%)
(RDMA_READ_CONSUME_CHECK_CONSUMER) timestamp=6438 ms, used_size=13842432 bytes (33.8%)
(RDMA_READ_CONSUME_CHECK_CONSUMER) timestamp=6438 ms, used_size=13840384 bytes (33.8%)
(RDMA_READ_CONSUME_CHECK_CONSUMER) timestamp=6438 ms, used_size=13838336 bytes (33.8%)
(RDMA_READ_CONSUME_CHECK_CONSUMER) timestamp=6438 ms, used_size=13836288 bytes (33.8%)
(RDMA_READ_CONSUME_CHECK_CONSUMER) timestamp=6438 ms, used_size=13834240 bytes (33.8%)
(RDMA_READ_CONSUME_CHECK_CONSUMER) timestamp=6438 ms, used_size=13832192 bytes (33.8%)
(RDMA_READ_CONSUME_CHECK_CONSUMER) timestamp=6438 ms, used_size=13830144 bytes (33.8%)
(RDMA_READ_CONSUME_CHECK_CONSUMER) timestamp=6438 ms, used_size=13828096 bytes (33.8%)
(RDMA_READ_CONSUME_CHECK_CONSUMER) timestamp=6438 ms, used_size=13826048 bytes (33.8%)
(RDMA_READ_CONSUME_CHECK_CONSUMER) timestamp=6438 ms, used_size=13824000 bytes (33.8%)
(RDMA_READ_CONSUME_CHECK_CONSUMER) timestamp=6438 ms, used_size=13821952 bytes (33.7%)
(RDMA_READ_CONSUME_CHECK_CONSUMER) timestamp=6438 ms, used_size=13819904 bytes (33.7%)
(RDMA_READ_CONSUME_CHECK_CONSUMER) timestamp=6438 ms, used_size=13817856 bytes (33.7%)
(RDMA_READ_CONSUME_CHECK_CONSUMER) timestamp=6438 ms, used_size=13815808 bytes (33.7%)
(RDMA_READ_CONSUME_CHECK_CONSUMER) timestamp=6438 ms, used_size=13813760 bytes (33.7%)
(RDMA_READ_CONSUME_CHECK_CONSUMER) timestamp=6438 ms, used_size=13811712 bytes (33.7%)
(RDMA_READ_CONSUME_CHECK_CONSUMER) timestamp=6438 ms, used_size=13809664 bytes (33.7%)
(RDMA_READ_CONSUME_CHECK_CONSUMER) timestamp=6438 ms, used_size=13807616 bytes (33.7%)
(RDMA_READ_CONSUME_CHECK_CONSUMER) timestamp=6438 ms, used_size=13805568 bytes (33.7%)
(RDMA_READ_CONSUME_CHECK_CONSUMER) timestamp=6438 ms, used_size=13803520 bytes (33.7%)
(RDMA_READ_CONSUME_CHECK_CONSUMER) timestamp=6438 ms, used_size=13801472 bytes (33.7%)
(RDMA_READ_CONSUME_CHECK_CONSUMER) timestamp=6438 ms, used_size=13799424 bytes (33.7%)
(RDMA_READ_CONSUME_CHECK_CONSUMER) timestamp=6438 ms, used_size=13797376 bytes (33.7%)
(RDMA_READ_CONSUME_CHECK_CONSUMER) timestamp=6438 ms, used_size=13795328 bytes (33.7%)
(RDMA_READ_CONSUME_CHECK_CONSUMER) timestamp=6438 ms, used_size=13793280 bytes (33.7%)
(RDMA_READ_CONSUME_CHECK_CONSUMER) timestamp=6438 ms, used_size=13791232 bytes (33.7%)
(RDMA_READ_CONSUME_CHECK_CONSUMER) timestamp=6438 ms, used_size=13789184 bytes (33.7%)
(RDMA_READ_CONSUME_CHECK_CONSUMER) timestamp=6438 ms, used_size=13787136 bytes (33.7%)
(RDMA_READ_CONSUME_CHECK_CONSUMER) timestamp=6438 ms, used_size=13785088 bytes (33.7%)
(RDMA_READ_CONSUME_CHECK_CONSUMER) timestamp=6438 ms, used_size=13783040 bytes (33.6%)
(RDMA_READ_CONSUME_CHECK_CONSUMER) timestamp=6438 ms, used_size=13780992 bytes (33.6%)
(RDMA_READ_CONSUME_CHECK_CONSUMER) timestamp=6438 ms, used_size=13778944 bytes (33.6%)
(RDMA_READ_CONSUME_CHECK_CONSUMER) timestamp=6438 ms, used_size=13776896 bytes (33.6%)
(RDMA_READ_CONSUME_CHECK_CONSUMER) timestamp=6438 ms, used_size=13774848 bytes (33.6%)
(RDMA_READ_CONSUME_CHECK_CONSUMER) timestamp=6438 ms, used_size=13772800 bytes (33.6%)
(RDMA_READ_CONSUME_CHECK_CONSUMER) timestamp=6438 ms, used_size=13770752 bytes (33.6%)
(RDMA_READ_CONSUME_CHECK_CONSUMER) timestamp=6438 ms, used_size=13768704 bytes (33.6%)
(RDMA_READ_CONSUME_CHECK_CONSUMER) timestamp=6438 ms, used_size=13766656 bytes (33.6%)
(RDMA_READ_CONSUME_CHECK_CONSUMER) timestamp=6438 ms, used_size=13764608 bytes (33.6%)
(RDMA_READ_CONSUME_CHECK_CONSUMER) timestamp=6438 ms, used_size=13762560 bytes (33.6%)
(RDMA_READ_CONSUME_CHECK_CONSUMER) timestamp=6438 ms, used_size=13760512 bytes (33.6%)
(RDMA_READ_CONSUME_CHECK_CONSUMER) timestamp=6438 ms, used_size=13758464 bytes (33.6%)
(RDMA_READ_CONSUME_CHECK_CONSUMER) timestamp=6438 ms, used_size=13756416 bytes (33.6%)
(RDMA_READ_CONSUME_CHECK_CONSUMER) timestamp=6438 ms, used_size=13754368 bytes (33.6%)
(RDMA_READ_CONSUME_CHECK_CONSUMER) timestamp=6438 ms, used_size=13752320 bytes (33.6%)
(RDMA_READ_CONSUME_CHECK_CONSUMER) timestamp=6438 ms, used_size=13750272 bytes (33.6%)
(RDMA_READ_CONSUME_CHECK_CONSUMER) timestamp=6438 ms, used_size=13748224 bytes (33.6%)
(RDMA_READ_CONSUME_CHECK_CONSUMER) timestamp=6438 ms, used_size=13746176 bytes (33.6%)
(RDMA_READ_CONSUME_CHECK_CONSUMER) timestamp=6438 ms, used_size=13744128 bytes (33.6%)
(RDMA_READ_CONSUME_CHECK_CONSUMER) timestamp=6438 ms, used_size=13742080 bytes (33.5%)
(RDMA_READ_CONSUME_CHECK_CONSUMER) timestamp=6438 ms, used_size=13740032 bytes (33.5%)
(RDMA_READ_CONSUME_CHECK_CONSUMER) timestamp=6438 ms, used_size=13737984 bytes (33.5%)
(RDMA_READ_CONSUME_CHECK_CONSUMER) timestamp=6438 ms, used_size=13735936 bytes (33.5%)
(RDMA_READ_CONSUME_CHECK_CONSUMER) timestamp=6438 ms, used_size=13733888 bytes (33.5%)
(RDMA_READ_CONSUME_CHECK_CONSUMER) timestamp=6438 ms, used_size=13731840 bytes (33.5%)
(RDMA_READ_CONSUME_CHECK_CONSUMER) timestamp=6438 ms, used_size=13729792 bytes (33.5%)
(RDMA_READ_CONSUME_CHECK_CONSUMER) timestamp=6438 ms, used_size=13727744 bytes (33.5%)
(RDMA_READ_CONSUME_CHECK_CONSUMER) timestamp=6438 ms, used_size=13725696 bytes (33.5%)
(RDMA_READ_CONSUME_CHECK_CONSUMER) timestamp=6438 ms, used_size=13723648 bytes (33.5%)
(RDMA_READ_CONSUME_CHECK_CONSUMER) timestamp=6438 ms, used_size=13721600 bytes (33.5%)
(RDMA_READ_CONSUME_CHECK_CONSUMER) timestamp=6438 ms, used_size=13719552 bytes (33.5%)
(RDMA_READ_CONSUME_CHECK_CONSUMER) timestamp=6438 ms, used_size=13717504 bytes (33.5%)
(RDMA_READ_CONSUME_CHECK_CONSUMER) timestamp=6438 ms, used_size=13715456 bytes (33.5%)
(RDMA_READ_CONSUME_CHECK_CONSUMER) timestamp=6438 ms, used_size=13713408 bytes (33.5%)
(RDMA_READ_CONSUME_CHECK_CONSUMER) timestamp=6438 ms, used_size=13711360 bytes (33.5%)
(RDMA_READ_CONSUME_CHECK_CONSUMER) timestamp=6438 ms, used_size=13709312 bytes (33.5%)
(RDMA_READ_CONSUME_CHECK_CONSUMER) timestamp=6438 ms, used_size=13707264 bytes (33.5%)
(RDMA_READ_CONSUME_CHECK_CONSUMER) timestamp=6438 ms, used_size=13705216 bytes (33.5%)
(RDMA_READ_CONSUME_CHECK_CONSUMER) timestamp=6438 ms, used_size=13703168 bytes (33.5%)
(RDMA_READ_CONSUME_CHECK_CONSUMER) timestamp=6438 ms, used_size=13701120 bytes (33.5%)
(RDMA_READ_CONSUME_CHECK_CONSUMER) timestamp=6438 ms, used_size=13699072 bytes (33.4%)
(RDMA_READ_CONSUME_CHECK_CONSUMER) timestamp=6438 ms, used_size=13697024 bytes (33.4%)
(RDMA_READ_CONSUME_CHECK_CONSUMER) timestamp=6438 ms, used_size=13694976 bytes (33.4%)
(RDMA_READ_CONSUME_CHECK_CONSUMER) timestamp=6438 ms, used_size=13692928 bytes (33.4%)
(RDMA_READ_CONSUME_CHECK_CONSUMER) timestamp=6438 ms, used_size=13690880 bytes (33.4%)
(RDMA_READ_CONSUME_CHECK_CONSUMER) timestamp=6438 ms, used_size=13688832 bytes (33.4%)
(RDMA_READ_CONSUME_CHECK_CONSUMER) timestamp=6438 ms, used_size=13686784 bytes (33.4%)
(RDMA_READ_CONSUME_CHECK_CONSUMER) timestamp=6438 ms, used_size=13684736 bytes (33.4%)
(RDMA_READ_CONSUME_CHECK_CONSUMER) timestamp=6438 ms, used_size=13682688 bytes (33.4%)
(RDMA_READ_CONSUME_CHECK_CONSUMER) timestamp=6438 ms, used_size=13680640 bytes (33.4%)
(RDMA_READ_CONSUME_CHECK_CONSUMER) timestamp=6438 ms, used_size=13678592 bytes (33.4%)
(RDMA_READ_CONSUME_CHECK_CONSUMER) timestamp=6438 ms, used_size=13676544 bytes (33.4%)
(RDMA_READ_CONSUME_CHECK_CONSUMER) timestamp=6438 ms, used_size=13674496 bytes (33.4%)
(RDMA_READ_CONSUME_CHECK_CONSUMER) timestamp=6438 ms, used_size=13672448 bytes (33.4%)
(RDMA_READ_CONSUME_CHECK_CONSUMER) timestamp=6438 ms, used_size=13670400 bytes (33.4%)
(RDMA_READ_CONSUME_CHECK_CONSUMER) timestamp=6438 ms, used_size=13668352 bytes (33.4%)
(RDMA_READ_CONSUME_CHECK_CONSUMER) timestamp=6438 ms, used_size=13666304 bytes (33.4%)
(RDMA_READ_CONSUME_CHECK_CONSUMER) timestamp=6438 ms, used_size=13664256 bytes (33.4%)
(RDMA_READ_CONSUME_CHECK_CONSUMER) timestamp=6438 ms, used_size=13662208 bytes (33.4%)
(RDMA_READ_CONSUME_CHECK_CONSUMER) timestamp=6438 ms, used_size=13660160 bytes (33.4%)
(RDMA_READ_CONSUME_CHECK_CONSUMER) timestamp=6438 ms, used_size=13658112 bytes (33.3%)
(RDMA_READ_CONSUME_CHECK_CONSUMER) timestamp=6438 ms, used_size=13656064 bytes (33.3%)
(RDMA_READ_CONSUME_CHECK_CONSUMER) timestamp=6438 ms, used_size=13654016 bytes (33.3%)
(RDMA_READ_CONSUME_CHECK_CONSUMER) timestamp=6438 ms, used_size=13651968 bytes (33.3%)
(RDMA_READ_CONSUME_CHECK_CONSUMER) timestamp=6438 ms, used_size=13649920 bytes (33.3%)
(RDMA_READ_CONSUME_CHECK_CONSUMER) timestamp=6438 ms, used_size=13647872 bytes (33.3%)
(RDMA_READ_CONSUME_CHECK_CONSUMER) timestamp=6438 ms, used_size=13645824 bytes (33.3%)
(RDMA_READ_CONSUME_CHECK_CONSUMER) timestamp=6438 ms, used_size=13643776 bytes (33.3%)
(RDMA_READ_CONSUME_CHECK_CONSUMER) timestamp=6438 ms, used_size=13641728 bytes (33.3%)
(RDMA_READ_CONSUME_CHECK_CONSUMER) timestamp=6438 ms, used_size=13639680 bytes (33.3%)
(RDMA_READ_CONSUME_CHECK_CONSUMER) timestamp=6438 ms, used_size=13637632 bytes (33.3%)
(RDMA_READ_CONSUME_CHECK_CONSUMER) timestamp=6438 ms, used_size=13635584 bytes (33.3%)
(RDMA_READ_CONSUME_CHECK_CONSUMER) timestamp=6439 ms, used_size=13633536 bytes (33.3%)
(RDMA_READ_CONSUME_CHECK_CONSUMER) timestamp=6439 ms, used_size=13631488 bytes (33.3%)
(RDMA_READ_CONSUME_CHECK_CONSUMER) timestamp=6439 ms, used_size=13629440 bytes (33.3%)
(RDMA_READ_CONSUME_CHECK_CONSUMER) timestamp=6439 ms, used_size=13627392 bytes (33.3%)
(RDMA_READ_CONSUME_CHECK_CONSUMER) timestamp=6439 ms, used_size=13625344 bytes (33.3%)
(RDMA_READ_CONSUME_CHECK_CONSUMER) timestamp=6439 ms, used_size=13623296 bytes (33.3%)
(RDMA_READ_CONSUME_CHECK_CONSUMER) timestamp=6439 ms, used_size=13621248 bytes (33.3%)
(RDMA_READ_CONSUME_CHECK_CONSUMER) timestamp=6439 ms, used_size=13619200 bytes (33.2%)
(RDMA_READ_CONSUME_CHECK_CONSUMER) timestamp=6439 ms, used_size=13617152 bytes (33.2%)
(RDMA_READ_CONSUME_CHECK_CONSUMER) timestamp=6439 ms, used_size=13615104 bytes (33.2%)
(RDMA_READ_CONSUME_CHECK_CONSUMER) timestamp=6439 ms, used_size=13613056 bytes (33.2%)
(RDMA_READ_CONSUME_CHECK_CONSUMER) timestamp=6439 ms, used_size=13611008 bytes (33.2%)
(RDMA_READ_CONSUME_CHECK_CONSUMER) timestamp=6439 ms, used_size=13608960 bytes (33.2%)
(RDMA_READ_CONSUME_CHECK_CONSUMER) timestamp=6439 ms, used_size=13606912 bytes (33.2%)
(RDMA_READ_CONSUME_CHECK_CONSUMER) timestamp=6439 ms, used_size=13604864 bytes (33.2%)
(RDMA_READ_CONSUME_CHECK_CONSUMER) timestamp=6439 ms, used_size=13602816 bytes (33.2%)
(RDMA_READ_CONSUME_CHECK_CONSUMER) timestamp=6439 ms, used_size=13600768 bytes (33.2%)
(RDMA_READ_CONSUME_CHECK_CONSUMER) timestamp=6439 ms, used_size=13598720 bytes (33.2%)
(RDMA_READ_CONSUME_CHECK_CONSUMER) timestamp=6439 ms, used_size=13596672 bytes (33.2%)
(RDMA_READ_CONSUME_CHECK_CONSUMER) timestamp=6439 ms, used_size=13594624 bytes (33.2%)
(RDMA_READ_CONSUME_CHECK_CONSUMER) timestamp=6439 ms, used_size=13592576 bytes (33.2%)
(RDMA_READ_CONSUME_CHECK_CONSUMER) timestamp=6439 ms, used_size=13590528 bytes (33.2%)
(RDMA_READ_CONSUME_CHECK_CONSUMER) timestamp=6439 ms, used_size=13588480 bytes (33.2%)
(RDMA_READ_CONSUME_CHECK_CONSUMER) timestamp=6439 ms, used_size=13586432 bytes (33.2%)
(RDMA_READ_CONSUME_CHECK_CONSUMER) timestamp=6439 ms, used_size=13584384 bytes (33.2%)
(RDMA_READ_CONSUME_CHECK_CONSUMER) timestamp=6439 ms, used_size=13582336 bytes (33.2%)
(RDMA_READ_CONSUME_CHECK_CONSUMER) timestamp=6439 ms, used_size=13580288 bytes (33.2%)
(RDMA_READ_CONSUME_CHECK_CONSUMER) timestamp=6439 ms, used_size=13578240 bytes (33.1%)
(RDMA_READ_CONSUME_CHECK_CONSUMER) timestamp=6439 ms, used_size=13576192 bytes (33.1%)
(RDMA_READ_CONSUME_CHECK_CONSUMER) timestamp=6439 ms, used_size=13574144 bytes (33.1%)
(RDMA_READ_CONSUME_CHECK_CONSUMER) timestamp=6439 ms, used_size=13572096 bytes (33.1%)
(RDMA_READ_CONSUME_CHECK_CONSUMER) timestamp=6439 ms, used_size=13570048 bytes (33.1%)
(RDMA_READ_CONSUME_CHECK_CONSUMER) timestamp=6439 ms, used_size=13568000 bytes (33.1%)
(RDMA_READ_CONSUME_CHECK_CONSUMER) timestamp=6439 ms, used_size=13565952 bytes (33.1%)
(RDMA_READ_CONSUME_CHECK_CONSUMER) timestamp=6439 ms, used_size=13563904 bytes (33.1%)
(RDMA_READ_CONSUME_CHECK_CONSUMER) timestamp=6439 ms, used_size=13561856 bytes (33.1%)
(RDMA_READ_CONSUME_CHECK_CONSUMER) timestamp=6439 ms, used_size=13559808 bytes (33.1%)
(RDMA_READ_CONSUME_CHECK_CONSUMER) timestamp=6439 ms, used_size=13557760 bytes (33.1%)
(RDMA_READ_CONSUME_CHECK_CONSUMER) timestamp=6439 ms, used_size=13555712 bytes (33.1%)
(RDMA_READ_CONSUME_CHECK_CONSUMER) timestamp=6439 ms, used_size=13553664 bytes (33.1%)
(RDMA_READ_CONSUME_CHECK_CONSUMER) timestamp=6439 ms, used_size=13551616 bytes (33.1%)
(RDMA_READ_CONSUME_CHECK_CONSUMER) timestamp=6439 ms, used_size=13549568 bytes (33.1%)
(RDMA_READ_CONSUME_CHECK_CONSUMER) timestamp=6439 ms, used_size=13547520 bytes (33.1%)
(RDMA_READ_CONSUME_CHECK_CONSUMER) timestamp=6439 ms, used_size=13545472 bytes (33.1%)
(RDMA_READ_CONSUME_CHECK_CONSUMER) timestamp=6439 ms, used_size=13543424 bytes (33.1%)
(RDMA_READ_CONSUME_CHECK_CONSUMER) timestamp=6439 ms, used_size=13541376 bytes (33.1%)
(RDMA_READ_CONSUME_CHECK_CONSUMER) timestamp=6439 ms, used_size=13539328 bytes (33.1%)
(RDMA_READ_CONSUME_CHECK_CONSUMER) timestamp=6439 ms, used_size=13537280 bytes (33.0%)
(RDMA_READ_CONSUME_CHECK_CONSUMER) timestamp=6439 ms, used_size=13535232 bytes (33.0%)
(RDMA_READ_CONSUME_CHECK_CONSUMER) timestamp=6439 ms, used_size=13533184 bytes (33.0%)
(RDMA_READ_CONSUME_CHECK_CONSUMER) timestamp=6439 ms, used_size=13531136 bytes (33.0%)
(RDMA_READ_CONSUME_CHECK_CONSUMER) timestamp=6439 ms, used_size=13529088 bytes (33.0%)
(RDMA_READ_CONSUME_CHECK_CONSUMER) timestamp=6439 ms, used_size=13527040 bytes (33.0%)
(RDMA_READ_CONSUME_CHECK_CONSUMER) timestamp=6439 ms, used_size=13524992 bytes (33.0%)
(RDMA_READ_CONSUME_CHECK_CONSUMER) timestamp=6439 ms, used_size=13522944 bytes (33.0%)
(RDMA_READ_CONSUME_CHECK_CONSUMER) timestamp=6439 ms, used_size=13520896 bytes (33.0%)
(RDMA_READ_CONSUME_CHECK_CONSUMER) timestamp=6439 ms, used_size=13518848 bytes (33.0%)
(RDMA_READ_CONSUME_CHECK_CONSUMER) timestamp=6439 ms, used_size=13516800 bytes (33.0%)
(RDMA_READ_CONSUME_CHECK_CONSUMER) timestamp=6439 ms, used_size=13514752 bytes (33.0%)
(RDMA_READ_CONSUME_CHECK_CONSUMER) timestamp=6439 ms, used_size=13512704 bytes (33.0%)
(RDMA_READ_CONSUME_CHECK_CONSUMER) timestamp=6439 ms, used_size=13510656 bytes (33.0%)
(RDMA_READ_CONSUME_CHECK_CONSUMER) timestamp=6439 ms, used_size=13508608 bytes (33.0%)
(RDMA_READ_CONSUME_CHECK_CONSUMER) timestamp=6439 ms, used_size=13506560 bytes (33.0%)
(RDMA_READ_CONSUME_CHECK_CONSUMER) timestamp=6439 ms, used_size=13504512 bytes (33.0%)
(RDMA_READ_CONSUME_CHECK_CONSUMER) timestamp=6439 ms, used_size=13502464 bytes (33.0%)
(RDMA_READ_CONSUME_CHECK_CONSUMER) timestamp=6439 ms, used_size=13500416 bytes (33.0%)
(RDMA_READ_CONSUME_CHECK_CONSUMER) timestamp=6439 ms, used_size=13498368 bytes (33.0%)
(RDMA_READ_CONSUME_CHECK_CONSUMER) timestamp=6439 ms, used_size=13496320 bytes (33.0%)
(RDMA_READ_CONSUME_CHECK_CONSUMER) timestamp=6439 ms, used_size=13494272 bytes (32.9%)
(RDMA_READ_CONSUME_CHECK_CONSUMER) timestamp=6439 ms, used_size=13492224 bytes (32.9%)
(RDMA_READ_CONSUME_CHECK_CONSUMER) timestamp=6439 ms, used_size=13490176 bytes (32.9%)
(RDMA_READ_CONSUME_CHECK_CONSUMER) timestamp=6439 ms, used_size=13488128 bytes (32.9%)
(RDMA_READ_CONSUME_CHECK_CONSUMER) timestamp=6439 ms, used_size=13486080 bytes (32.9%)
(RDMA_READ_CONSUME_CHECK_CONSUMER) timestamp=6439 ms, used_size=13484032 bytes (32.9%)
(RDMA_READ_CONSUME_CHECK_CONSUMER) timestamp=6439 ms, used_size=13481984 bytes (32.9%)
(RDMA_READ_CONSUME_CHECK_CONSUMER) timestamp=6439 ms, used_size=13479936 bytes (32.9%)
(RDMA_READ_CONSUME_CHECK_CONSUMER) timestamp=6439 ms, used_size=13477888 bytes (32.9%)
(RDMA_READ_CONSUME_CHECK_CONSUMER) timestamp=6439 ms, used_size=13475840 bytes (32.9%)
(RDMA_READ_CONSUME_CHECK_CONSUMER) timestamp=6439 ms, used_size=13473792 bytes (32.9%)
(RDMA_READ_CONSUME_CHECK_CONSUMER) timestamp=6439 ms, used_size=13471744 bytes (32.9%)
(RDMA_READ_CONSUME_CHECK_CONSUMER) timestamp=6439 ms, used_size=13469696 bytes (32.9%)
(RDMA_READ_CONSUME_CHECK_CONSUMER) timestamp=6439 ms, used_size=13467648 bytes (32.9%)
(RDMA_READ_CONSUME_CHECK_CONSUMER) timestamp=6439 ms, used_size=13465600 bytes (32.9%)
(RDMA_READ_CONSUME_CHECK_CONSUMER) timestamp=6439 ms, used_size=13463552 bytes (32.9%)
(RDMA_READ_CONSUME_CHECK_CONSUMER) timestamp=6439 ms, used_size=13461504 bytes (32.9%)
(RDMA_READ_CONSUME_CHECK_CONSUMER) timestamp=6439 ms, used_size=13459456 bytes (32.9%)
(RDMA_READ_CONSUME_CHECK_CONSUMER) timestamp=6439 ms, used_size=13457408 bytes (32.9%)
(RDMA_READ_CONSUME_CHECK_CONSUMER) timestamp=6439 ms, used_size=13455360 bytes (32.9%)
(RDMA_READ_CONSUME_CHECK_CONSUMER) timestamp=6439 ms, used_size=13453312 bytes (32.8%)
(RDMA_READ_CONSUME_CHECK_CONSUMER) timestamp=6439 ms, used_size=13451264 bytes (32.8%)
(RDMA_READ_CONSUME_CHECK_CONSUMER) timestamp=6439 ms, used_size=13449216 bytes (32.8%)
(RDMA_READ_CONSUME_CHECK_CONSUMER) timestamp=6439 ms, used_size=13447168 bytes (32.8%)
(RDMA_READ_CONSUME_CHECK_CONSUMER) timestamp=6439 ms, used_size=13445120 bytes (32.8%)
(RDMA_READ_CONSUME_CHECK_CONSUMER) timestamp=6439 ms, used_size=13443072 bytes (32.8%)
(RDMA_READ_CONSUME_CHECK_CONSUMER) timestamp=6439 ms, used_size=13441024 bytes (32.8%)
(RDMA_READ_CONSUME_CHECK_CONSUMER) timestamp=6439 ms, used_size=13438976 bytes (32.8%)
(RDMA_READ_CONSUME_CHECK_CONSUMER) timestamp=6439 ms, used_size=13436928 bytes (32.8%)
(RDMA_READ_CONSUME_CHECK_CONSUMER) timestamp=6439 ms, used_size=13434880 bytes (32.8%)
(RDMA_READ_CONSUME_CHECK_CONSUMER) timestamp=6439 ms, used_size=13432832 bytes (32.8%)
(RDMA_READ_CONSUME_CHECK_CONSUMER) timestamp=6439 ms, used_size=13430784 bytes (32.8%)
(RDMA_READ_CONSUME_CHECK_CONSUMER) timestamp=6439 ms, used_size=13428736 bytes (32.8%)
(RDMA_READ_CONSUME_CHECK_CONSUMER) timestamp=6439 ms, used_size=13426688 bytes (32.8%)
(RDMA_READ_CONSUME_CHECK_CONSUMER) timestamp=6439 ms, used_size=13424640 bytes (32.8%)
(RDMA_READ_CONSUME_CHECK_CONSUMER) timestamp=6439 ms, used_size=13422592 bytes (32.8%)
(RDMA_READ_CONSUME_CHECK_CONSUMER) timestamp=6439 ms, used_size=13420544 bytes (32.8%)
(RDMA_READ_CONSUME_CHECK_CONSUMER) timestamp=6439 ms, used_size=13418496 bytes (32.8%)
(RDMA_READ_CONSUME_CHECK_CONSUMER) timestamp=6439 ms, used_size=13416448 bytes (32.8%)
(RDMA_READ_CONSUME_CHECK_CONSUMER) timestamp=6439 ms, used_size=13414400 bytes (32.8%)
(RDMA_READ_CONSUME_CHECK_CONSUMER) timestamp=6439 ms, used_size=13412352 bytes (32.7%)
(RDMA_READ_CONSUME_CHECK_CONSUMER) timestamp=6439 ms, used_size=13410304 bytes (32.7%)
(RDMA_READ_CONSUME_CHECK_CONSUMER) timestamp=6439 ms, used_size=13408256 bytes (32.7%)
(RDMA_READ_CONSUME_CHECK_CONSUMER) timestamp=6439 ms, used_size=13406208 bytes (32.7%)
(RDMA_READ_CONSUME_CHECK_CONSUMER) timestamp=6439 ms, used_size=13404160 bytes (32.7%)
(RDMA_READ_CONSUME_CHECK_CONSUMER) timestamp=6439 ms, used_size=13402112 bytes (32.7%)
(RDMA_READ_CONSUME_CHECK_CONSUMER) timestamp=6439 ms, used_size=13400064 bytes (32.7%)
(RDMA_READ_CONSUME_CHECK_CONSUMER) timestamp=6439 ms, used_size=13398016 bytes (32.7%)
(RDMA_READ_CONSUME_CHECK_CONSUMER) timestamp=6439 ms, used_size=13395968 bytes (32.7%)
(RDMA_READ_CONSUME_CHECK_CONSUMER) timestamp=6439 ms, used_size=13393920 bytes (32.7%)
(RDMA_READ_CONSUME_CHECK_CONSUMER) timestamp=6439 ms, used_size=13391872 bytes (32.7%)
(RDMA_READ_CONSUME_CHECK_CONSUMER) timestamp=6439 ms, used_size=13389824 bytes (32.7%)
(RDMA_READ_CONSUME_CHECK_CONSUMER) timestamp=6439 ms, used_size=13387776 bytes (32.7%)
(RDMA_READ_CONSUME_CHECK_CONSUMER) timestamp=6439 ms, used_size=13385728 bytes (32.7%)
(RDMA_READ_CONSUME_CHECK_CONSUMER) timestamp=6439 ms, used_size=13383680 bytes (32.7%)
(RDMA_READ_CONSUME_CHECK_CONSUMER) timestamp=6439 ms, used_size=13381632 bytes (32.7%)
(RDMA_READ_CONSUME_CHECK_CONSUMER) timestamp=6439 ms, used_size=13379584 bytes (32.7%)
(RDMA_READ_CONSUME_CHECK_CONSUMER) timestamp=6439 ms, used_size=13377536 bytes (32.7%)
(RDMA_READ_CONSUME_CHECK_CONSUMER) timestamp=6439 ms, used_size=13375488 bytes (32.7%)
(RDMA_READ_CONSUME_CHECK_CONSUMER) timestamp=6439 ms, used_size=13373440 bytes (32.6%)
(RDMA_READ_CONSUME_CHECK_CONSUMER) timestamp=6439 ms, used_size=13371392 bytes (32.6%)
(RDMA_READ_CONSUME_CHECK_CONSUMER) timestamp=6439 ms, used_size=13369344 bytes (32.6%)
(RDMA_READ_CONSUME_CHECK_CONSUMER) timestamp=6439 ms, used_size=13367296 bytes (32.6%)
(RDMA_READ_CONSUME_CHECK_CONSUMER) timestamp=6439 ms, used_size=13365248 bytes (32.6%)
(RDMA_READ_CONSUME_CHECK_CONSUMER) timestamp=6439 ms, used_size=13363200 bytes (32.6%)
(RDMA_READ_CONSUME_CHECK_CONSUMER) timestamp=6439 ms, used_size=13361152 bytes (32.6%)
(RDMA_READ_CONSUME_CHECK_CONSUMER) timestamp=6439 ms, used_size=13359104 bytes (32.6%)
(RDMA_READ_CONSUME_CHECK_CONSUMER) timestamp=6439 ms, used_size=13357056 bytes (32.6%)
(RDMA_READ_CONSUME_CHECK_CONSUMER) timestamp=6439 ms, used_size=13355008 bytes (32.6%)
(RDMA_READ_CONSUME_CHECK_CONSUMER) timestamp=6439 ms, used_size=13352960 bytes (32.6%)
(RDMA_READ_CONSUME_CHECK_CONSUMER) timestamp=6439 ms, used_size=13350912 bytes (32.6%)
(RDMA_READ_CONSUME_CHECK_CONSUMER) timestamp=6439 ms, used_size=13348864 bytes (32.6%)
(RDMA_READ_CONSUME_CHECK_CONSUMER) timestamp=6439 ms, used_size=13346816 bytes (32.6%)
(RDMA_READ_CONSUME_CHECK_CONSUMER) timestamp=6439 ms, used_size=13344768 bytes (32.6%)
(RDMA_READ_CONSUME_CHECK_CONSUMER) timestamp=6439 ms, used_size=13342720 bytes (32.6%)
(RDMA_READ_CONSUME_CHECK_CONSUMER) timestamp=6439 ms, used_size=13340672 bytes (32.6%)
(RDMA_READ_CONSUME_CHECK_CONSUMER) timestamp=6439 ms, used_size=13338624 bytes (32.6%)
(RDMA_READ_CONSUME_CHECK_CONSUMER) timestamp=6439 ms, used_size=13336576 bytes (32.6%)
(RDMA_READ_CONSUME_CHECK_CONSUMER) timestamp=6439 ms, used_size=13334528 bytes (32.6%)
(RDMA_READ_CONSUME_CHECK_CONSUMER) timestamp=6439 ms, used_size=13332480 bytes (32.5%)
(RDMA_READ_CONSUME_CHECK_CONSUMER) timestamp=6439 ms, used_size=13330432 bytes (32.5%)
(RDMA_READ_CONSUME_CHECK_CONSUMER) timestamp=6439 ms, used_size=13328384 bytes (32.5%)
(RDMA_READ_CONSUME_CHECK_CONSUMER) timestamp=6439 ms, used_size=13326336 bytes (32.5%)
(RDMA_READ_CONSUME_CHECK_CONSUMER) timestamp=6439 ms, used_size=13324288 bytes (32.5%)
(RDMA_READ_CONSUME_CHECK_CONSUMER) timestamp=6439 ms, used_size=13322240 bytes (32.5%)
(RDMA_READ_CONSUME_CHECK_CONSUMER) timestamp=6439 ms, used_size=13320192 bytes (32.5%)
(RDMA_READ_CONSUME_CHECK_CONSUMER) timestamp=6439 ms, used_size=13318144 bytes (32.5%)
(RDMA_READ_CONSUME_CHECK_CONSUMER) timestamp=6439 ms, used_size=13316096 bytes (32.5%)
(RDMA_READ_CONSUME_CHECK_CONSUMER) timestamp=6439 ms, used_size=13314048 bytes (32.5%)
(RDMA_READ_CONSUME_CHECK_CONSUMER) timestamp=6439 ms, used_size=13312000 bytes (32.5%)
(RDMA_READ_CONSUME_CHECK_CONSUMER) timestamp=6439 ms, used_size=13309952 bytes (32.5%)
(RDMA_READ_CONSUME_CHECK_CONSUMER) timestamp=6439 ms, used_size=13307904 bytes (32.5%)
(RDMA_READ_CONSUME_CHECK_CONSUMER) timestamp=6439 ms, used_size=13305856 bytes (32.5%)
(RDMA_READ_CONSUME_CHECK_CONSUMER) timestamp=6439 ms, used_size=13303808 bytes (32.5%)
(RDMA_READ_CONSUME_CHECK_CONSUMER) timestamp=6439 ms, used_size=13301760 bytes (32.5%)
(RDMA_READ_CONSUME_CHECK_CONSUMER) timestamp=6439 ms, used_size=13299712 bytes (32.5%)
(RDMA_READ_CONSUME_CHECK_CONSUMER) timestamp=6439 ms, used_size=13297664 bytes (32.5%)
(RDMA_READ_CONSUME_CHECK_CONSUMER) timestamp=6439 ms, used_size=13295616 bytes (32.5%)
(RDMA_READ_CONSUME_CHECK_CONSUMER) timestamp=6439 ms, used_size=13293568 bytes (32.5%)
(RDMA_READ_CONSUME_CHECK_CONSUMER) timestamp=6439 ms, used_size=13291520 bytes (32.5%)
(RDMA_READ_CONSUME_CHECK_CONSUMER) timestamp=6439 ms, used_size=13289472 bytes (32.4%)
(RDMA_READ_CONSUME_CHECK_CONSUMER) timestamp=6439 ms, used_size=13287424 bytes (32.4%)
(RDMA_READ_CONSUME_CHECK_CONSUMER) timestamp=6439 ms, used_size=13285376 bytes (32.4%)
(RDMA_READ_CONSUME_CHECK_CONSUMER) timestamp=6439 ms, used_size=13283328 bytes (32.4%)
(RDMA_READ_CONSUME_CHECK_CONSUMER) timestamp=6439 ms, used_size=13281280 bytes (32.4%)
(RDMA_READ_CONSUME_CHECK_CONSUMER) timestamp=6439 ms, used_size=13279232 bytes (32.4%)
(RDMA_READ_CONSUME_CHECK_CONSUMER) timestamp=6439 ms, used_size=13277184 bytes (32.4%)
(RDMA_READ_CONSUME_CHECK_CONSUMER) timestamp=6439 ms, used_size=13275136 bytes (32.4%)
(RDMA_READ_CONSUME_CHECK_CONSUMER) timestamp=6439 ms, used_size=13273088 bytes (32.4%)
(RDMA_READ_CONSUME_CHECK_CONSUMER) timestamp=6439 ms, used_size=13271040 bytes (32.4%)
(RDMA_READ_CONSUME_CHECK_CONSUMER) timestamp=6439 ms, used_size=13268992 bytes (32.4%)
(RDMA_READ_CONSUME_CHECK_CONSUMER) timestamp=6439 ms, used_size=13266944 bytes (32.4%)
(RDMA_READ_CONSUME_CHECK_CONSUMER) timestamp=6440 ms, used_size=13264896 bytes (32.4%)
(RDMA_READ_CONSUME_CHECK_CONSUMER) timestamp=6440 ms, used_size=13262848 bytes (32.4%)
(RDMA_READ_CONSUME_CHECK_CONSUMER) timestamp=6440 ms, used_size=13260800 bytes (32.4%)
(RDMA_READ_CONSUME_CHECK_CONSUMER) timestamp=6440 ms, used_size=13258752 bytes (32.4%)
(RDMA_READ_CONSUME_CHECK_CONSUMER) timestamp=6440 ms, used_size=13256704 bytes (32.4%)
(RDMA_READ_CONSUME_CHECK_CONSUMER) timestamp=6440 ms, used_size=13254656 bytes (32.4%)
(RDMA_READ_CONSUME_CHECK_CONSUMER) timestamp=6440 ms, used_size=13252608 bytes (32.4%)
(RDMA_READ_CONSUME_CHECK_CONSUMER) timestamp=6440 ms, used_size=13250560 bytes (32.4%)
(RDMA_READ_CONSUME_CHECK_CONSUMER) timestamp=6440 ms, used_size=13248512 bytes (32.3%)
(RDMA_READ_CONSUME_CHECK_CONSUMER) timestamp=6440 ms, used_size=13246464 bytes (32.3%)
(RDMA_READ_CONSUME_CHECK_CONSUMER) timestamp=6440 ms, used_size=13244416 bytes (32.3%)
(RDMA_READ_CONSUME_CHECK_CONSUMER) timestamp=6440 ms, used_size=13242368 bytes (32.3%)
(RDMA_READ_CONSUME_CHECK_CONSUMER) timestamp=6440 ms, used_size=13240320 bytes (32.3%)
(RDMA_READ_CONSUME_CHECK_CONSUMER) timestamp=6440 ms, used_size=13238272 bytes (32.3%)
(RDMA_READ_CONSUME_CHECK_CONSUMER) timestamp=6440 ms, used_size=13236224 bytes (32.3%)
(RDMA_READ_CONSUME_CHECK_CONSUMER) timestamp=6440 ms, used_size=13234176 bytes (32.3%)
(RDMA_READ_CONSUME_CHECK_CONSUMER) timestamp=6440 ms, used_size=13232128 bytes (32.3%)
(RDMA_READ_CONSUME_CHECK_CONSUMER) timestamp=6440 ms, used_size=13230080 bytes (32.3%)
(RDMA_READ_CONSUME_CHECK_CONSUMER) timestamp=6440 ms, used_size=13228032 bytes (32.3%)
(RDMA_READ_CONSUME_CHECK_CONSUMER) timestamp=6440 ms, used_size=13225984 bytes (32.3%)
(RDMA_READ_CONSUME_CHECK_CONSUMER) timestamp=6440 ms, used_size=13223936 bytes (32.3%)
(RDMA_READ_CONSUME_CHECK_CONSUMER) timestamp=6440 ms, used_size=13221888 bytes (32.3%)
(RDMA_READ_CONSUME_CHECK_CONSUMER) timestamp=6440 ms, used_size=13219840 bytes (32.3%)
(RDMA_READ_CONSUME_CHECK_CONSUMER) timestamp=6440 ms, used_size=13217792 bytes (32.3%)
(RDMA_READ_CONSUME_CHECK_CONSUMER) timestamp=6440 ms, used_size=13215744 bytes (32.3%)
(RDMA_READ_CONSUME_CHECK_CONSUMER) timestamp=6440 ms, used_size=13213696 bytes (32.3%)
(RDMA_READ_CONSUME_CHECK_CONSUMER) timestamp=6440 ms, used_size=13211648 bytes (32.3%)
(RDMA_READ_CONSUME_CHECK_CONSUMER) timestamp=6440 ms, used_size=13209600 bytes (32.2%)
(RDMA_READ_CONSUME_CHECK_CONSUMER) timestamp=6440 ms, used_size=13207552 bytes (32.2%)
(RDMA_READ_CONSUME_CHECK_CONSUMER) timestamp=6440 ms, used_size=13205504 bytes (32.2%)
(RDMA_READ_CONSUME_CHECK_CONSUMER) timestamp=6440 ms, used_size=13203456 bytes (32.2%)
(RDMA_READ_CONSUME_CHECK_CONSUMER) timestamp=6440 ms, used_size=13201408 bytes (32.2%)
(RDMA_READ_CONSUME_CHECK_CONSUMER) timestamp=6440 ms, used_size=13199360 bytes (32.2%)
(RDMA_READ_CONSUME_CHECK_CONSUMER) timestamp=6440 ms, used_size=13197312 bytes (32.2%)
(RDMA_READ_CONSUME_CHECK_CONSUMER) timestamp=6440 ms, used_size=13195264 bytes (32.2%)
(RDMA_READ_CONSUME_CHECK_CONSUMER) timestamp=6440 ms, used_size=13193216 bytes (32.2%)
(RDMA_READ_CONSUME_CHECK_CONSUMER) timestamp=6440 ms, used_size=13191168 bytes (32.2%)
(RDMA_READ_CONSUME_CHECK_CONSUMER) timestamp=6440 ms, used_size=13189120 bytes (32.2%)
(RDMA_READ_CONSUME_CHECK_CONSUMER) timestamp=6440 ms, used_size=13187072 bytes (32.2%)
(RDMA_READ_CONSUME_CHECK_CONSUMER) timestamp=6440 ms, used_size=13185024 bytes (32.2%)
(RDMA_READ_CONSUME_CHECK_CONSUMER) timestamp=6440 ms, used_size=13182976 bytes (32.2%)
(RDMA_READ_CONSUME_CHECK_CONSUMER) timestamp=6440 ms, used_size=13180928 bytes (32.2%)
(RDMA_READ_CONSUME_CHECK_CONSUMER) timestamp=6440 ms, used_size=13178880 bytes (32.2%)
(RDMA_READ_CONSUME_CHECK_CONSUMER) timestamp=6440 ms, used_size=13176832 bytes (32.2%)
(RDMA_READ_CONSUME_CHECK_CONSUMER) timestamp=6440 ms, used_size=13174784 bytes (32.2%)
(RDMA_READ_CONSUME_CHECK_CONSUMER) timestamp=6440 ms, used_size=13172736 bytes (32.2%)
(RDMA_READ_CONSUME_CHECK_CONSUMER) timestamp=6440 ms, used_size=13170688 bytes (32.2%)
(RDMA_READ_CONSUME_CHECK_CONSUMER) timestamp=6440 ms, used_size=13168640 bytes (32.1%)
(RDMA_READ_CONSUME_CHECK_CONSUMER) timestamp=6440 ms, used_size=13166592 bytes (32.1%)
(RDMA_READ_CONSUME_CHECK_CONSUMER) timestamp=6440 ms, used_size=13164544 bytes (32.1%)
(RDMA_READ_CONSUME_CHECK_CONSUMER) timestamp=6440 ms, used_size=13162496 bytes (32.1%)
(RDMA_READ_CONSUME_CHECK_CONSUMER) timestamp=6440 ms, used_size=13160448 bytes (32.1%)
(RDMA_READ_CONSUME_CHECK_CONSUMER) timestamp=6440 ms, used_size=13158400 bytes (32.1%)
(RDMA_READ_CONSUME_CHECK_CONSUMER) timestamp=6440 ms, used_size=13156352 bytes (32.1%)
(RDMA_READ_CONSUME_CHECK_CONSUMER) timestamp=6440 ms, used_size=13154304 bytes (32.1%)
(RDMA_READ_CONSUME_CHECK_CONSUMER) timestamp=6440 ms, used_size=13152256 bytes (32.1%)
(RDMA_READ_CONSUME_CHECK_CONSUMER) timestamp=6440 ms, used_size=13150208 bytes (32.1%)
(RDMA_READ_CONSUME_CHECK_CONSUMER) timestamp=6440 ms, used_size=13148160 bytes (32.1%)
(RDMA_READ_CONSUME_CHECK_CONSUMER) timestamp=6440 ms, used_size=13146112 bytes (32.1%)
(RDMA_READ_CONSUME_CHECK_CONSUMER) timestamp=6440 ms, used_size=13144064 bytes (32.1%)
(RDMA_READ_CONSUME_CHECK_CONSUMER) timestamp=6440 ms, used_size=13142016 bytes (32.1%)
(RDMA_READ_CONSUME_CHECK_CONSUMER) timestamp=6440 ms, used_size=13139968 bytes (32.1%)
(RDMA_READ_CONSUME_CHECK_CONSUMER) timestamp=6440 ms, used_size=13137920 bytes (32.1%)
(RDMA_READ_CONSUME_CHECK_CONSUMER) timestamp=6440 ms, used_size=13135872 bytes (32.1%)
(RDMA_READ_CONSUME_CHECK_CONSUMER) timestamp=6440 ms, used_size=13133824 bytes (32.1%)
(RDMA_READ_CONSUME_CHECK_CONSUMER) timestamp=6440 ms, used_size=13131776 bytes (32.1%)
(RDMA_READ_CONSUME_CHECK_CONSUMER) timestamp=6440 ms, used_size=13129728 bytes (32.1%)
(RDMA_READ_CONSUME_CHECK_CONSUMER) timestamp=6440 ms, used_size=13127680 bytes (32.0%)
(RDMA_READ_CONSUME_CHECK_CONSUMER) timestamp=6440 ms, used_size=13125632 bytes (32.0%)
(RDMA_READ_CONSUME_CHECK_CONSUMER) timestamp=6440 ms, used_size=13123584 bytes (32.0%)
(RDMA_READ_CONSUME_CHECK_CONSUMER) timestamp=6440 ms, used_size=13121536 bytes (32.0%)
(RDMA_READ_CONSUME_CHECK_CONSUMER) timestamp=6440 ms, used_size=13119488 bytes (32.0%)
(RDMA_READ_CONSUME_CHECK_CONSUMER) timestamp=6440 ms, used_size=13117440 bytes (32.0%)
(RDMA_READ_CONSUME_CHECK_CONSUMER) timestamp=6440 ms, used_size=13115392 bytes (32.0%)
(RDMA_READ_CONSUME_CHECK_CONSUMER) timestamp=6440 ms, used_size=13113344 bytes (32.0%)
(RDMA_READ_CONSUME_CHECK_CONSUMER) timestamp=6440 ms, used_size=13111296 bytes (32.0%)
(RDMA_READ_CONSUME_CHECK_CONSUMER) timestamp=6440 ms, used_size=13109248 bytes (32.0%)
(RDMA_READ_CONSUME_CHECK_CONSUMER) timestamp=6440 ms, used_size=13107200 bytes (32.0%)
(RDMA_READ_CONSUME_CHECK_CONSUMER) timestamp=6440 ms, used_size=13105152 bytes (32.0%)
(RDMA_READ_CONSUME_CHECK_CONSUMER) timestamp=6440 ms, used_size=13103104 bytes (32.0%)
(RDMA_READ_CONSUME_CHECK_CONSUMER) timestamp=6440 ms, used_size=13101056 bytes (32.0%)
(RDMA_READ_CONSUME_CHECK_CONSUMER) timestamp=6440 ms, used_size=13099008 bytes (32.0%)
(RDMA_READ_CONSUME_CHECK_CONSUMER) timestamp=6440 ms, used_size=13096960 bytes (32.0%)
(RDMA_READ_CONSUME_CHECK_CONSUMER) timestamp=6440 ms, used_size=13094912 bytes (32.0%)
(RDMA_READ_CONSUME_CHECK_CONSUMER) timestamp=6440 ms, used_size=13092864 bytes (32.0%)
(RDMA_READ_CONSUME_CHECK_CONSUMER) timestamp=6440 ms, used_size=13090816 bytes (32.0%)
(RDMA_READ_CONSUME_CHECK_CONSUMER) timestamp=6440 ms, used_size=13088768 bytes (32.0%)
(RDMA_READ_CONSUME_CHECK_CONSUMER) timestamp=6440 ms, used_size=13086720 bytes (31.9%)
(RDMA_READ_CONSUME_CHECK_CONSUMER) timestamp=6440 ms, used_size=13084672 bytes (31.9%)
(RDMA_READ_CONSUME_CHECK_CONSUMER) timestamp=6440 ms, used_size=13082624 bytes (31.9%)
(RDMA_READ_CONSUME_CHECK_CONSUMER) timestamp=6440 ms, used_size=13080576 bytes (31.9%)
(RDMA_READ_CONSUME_CHECK_CONSUMER) timestamp=6440 ms, used_size=13078528 bytes (31.9%)
(RDMA_READ_CONSUME_CHECK_CONSUMER) timestamp=6440 ms, used_size=13076480 bytes (31.9%)
(RDMA_READ_CONSUME_CHECK_CONSUMER) timestamp=6440 ms, used_size=13074432 bytes (31.9%)
(RDMA_READ_CONSUME_CHECK_CONSUMER) timestamp=6440 ms, used_size=13072384 bytes (31.9%)
(RDMA_READ_CONSUME_CHECK_CONSUMER) timestamp=6440 ms, used_size=13070336 bytes (31.9%)
(RDMA_READ_CONSUME_CHECK_CONSUMER) timestamp=6440 ms, used_size=13068288 bytes (31.9%)
(RDMA_READ_CONSUME_CHECK_CONSUMER) timestamp=6440 ms, used_size=13066240 bytes (31.9%)
(RDMA_READ_CONSUME_CHECK_CONSUMER) timestamp=6440 ms, used_size=13064192 bytes (31.9%)
(RDMA_READ_CONSUME_CHECK_CONSUMER) timestamp=6440 ms, used_size=13062144 bytes (31.9%)
(RDMA_READ_CONSUME_CHECK_CONSUMER) timestamp=6440 ms, used_size=13060096 bytes (31.9%)
(RDMA_READ_CONSUME_CHECK_CONSUMER) timestamp=6440 ms, used_size=13058048 bytes (31.9%)
(RDMA_READ_CONSUME_CHECK_CONSUMER) timestamp=6440 ms, used_size=13056000 bytes (31.9%)
(RDMA_READ_CONSUME_CHECK_CONSUMER) timestamp=6440 ms, used_size=13053952 bytes (31.9%)
(RDMA_READ_CONSUME_CHECK_CONSUMER) timestamp=6440 ms, used_size=13051904 bytes (31.9%)
(RDMA_READ_CONSUME_CHECK_CONSUMER) timestamp=6440 ms, used_size=13049856 bytes (31.9%)
(RDMA_READ_CONSUME_CHECK_CONSUMER) timestamp=6440 ms, used_size=13047808 bytes (31.9%)
(RDMA_READ_CONSUME_CHECK_CONSUMER) timestamp=6440 ms, used_size=13045760 bytes (31.9%)
(RDMA_READ_CONSUME_CHECK_CONSUMER) timestamp=6440 ms, used_size=13043712 bytes (31.8%)
(RDMA_READ_CONSUME_CHECK_CONSUMER) timestamp=6440 ms, used_size=13041664 bytes (31.8%)
(RDMA_READ_CONSUME_CHECK_CONSUMER) timestamp=6440 ms, used_size=13039616 bytes (31.8%)
(RDMA_READ_CONSUME_CHECK_CONSUMER) timestamp=6440 ms, used_size=13037568 bytes (31.8%)
(RDMA_READ_CONSUME_CHECK_CONSUMER) timestamp=6440 ms, used_size=13035520 bytes (31.8%)
(RDMA_READ_CONSUME_CHECK_CONSUMER) timestamp=6440 ms, used_size=13033472 bytes (31.8%)
(RDMA_READ_CONSUME_CHECK_CONSUMER) timestamp=6440 ms, used_size=13031424 bytes (31.8%)
(RDMA_READ_CONSUME_CHECK_CONSUMER) timestamp=6440 ms, used_size=13029376 bytes (31.8%)
(RDMA_READ_CONSUME_CHECK_CONSUMER) timestamp=6440 ms, used_size=13027328 bytes (31.8%)
(RDMA_READ_CONSUME_CHECK_CONSUMER) timestamp=6440 ms, used_size=13025280 bytes (31.8%)
(RDMA_READ_CONSUME_CHECK_CONSUMER) timestamp=6440 ms, used_size=13023232 bytes (31.8%)
(RDMA_READ_CONSUME_CHECK_CONSUMER) timestamp=6440 ms, used_size=13021184 bytes (31.8%)
(RDMA_READ_CONSUME_CHECK_CONSUMER) timestamp=6440 ms, used_size=13019136 bytes (31.8%)
(RDMA_READ_CONSUME_CHECK_CONSUMER) timestamp=6440 ms, used_size=13017088 bytes (31.8%)
(RDMA_READ_CONSUME_CHECK_CONSUMER) timestamp=6440 ms, used_size=13015040 bytes (31.8%)
(RDMA_READ_CONSUME_CHECK_CONSUMER) timestamp=6440 ms, used_size=13012992 bytes (31.8%)
(RDMA_READ_CONSUME_CHECK_CONSUMER) timestamp=6440 ms, used_size=13010944 bytes (31.8%)
(RDMA_READ_CONSUME_CHECK_CONSUMER) timestamp=6440 ms, used_size=13008896 bytes (31.8%)
(RDMA_READ_CONSUME_CHECK_CONSUMER) timestamp=6440 ms, used_size=13006848 bytes (31.8%)
(RDMA_READ_CONSUME_CHECK_CONSUMER) timestamp=6440 ms, used_size=13004800 bytes (31.8%)
(RDMA_READ_CONSUME_CHECK_CONSUMER) timestamp=6440 ms, used_size=13002752 bytes (31.7%)
(RDMA_READ_CONSUME_CHECK_CONSUMER) timestamp=6440 ms, used_size=13000704 bytes (31.7%)
(RDMA_READ_CONSUME_CHECK_CONSUMER) timestamp=6440 ms, used_size=12998656 bytes (31.7%)
(RDMA_READ_CONSUME_CHECK_CONSUMER) timestamp=6440 ms, used_size=12996608 bytes (31.7%)
(RDMA_READ_CONSUME_CHECK_CONSUMER) timestamp=6440 ms, used_size=12994560 bytes (31.7%)
(RDMA_READ_CONSUME_CHECK_CONSUMER) timestamp=6440 ms, used_size=12992512 bytes (31.7%)
(RDMA_READ_CONSUME_CHECK_CONSUMER) timestamp=6440 ms, used_size=12990464 bytes (31.7%)
(RDMA_READ_CONSUME_CHECK_CONSUMER) timestamp=6440 ms, used_size=12988416 bytes (31.7%)
(RDMA_READ_CONSUME_CHECK_CONSUMER) timestamp=6440 ms, used_size=12986368 bytes (31.7%)
(RDMA_READ_CONSUME_CHECK_CONSUMER) timestamp=6440 ms, used_size=12984320 bytes (31.7%)
(RDMA_READ_CONSUME_CHECK_CONSUMER) timestamp=6440 ms, used_size=12982272 bytes (31.7%)
(RDMA_READ_CONSUME_CHECK_CONSUMER) timestamp=6440 ms, used_size=12980224 bytes (31.7%)
(RDMA_READ_CONSUME_CHECK_CONSUMER) timestamp=6440 ms, used_size=12978176 bytes (31.7%)
(RDMA_READ_CONSUME_CHECK_CONSUMER) timestamp=6440 ms, used_size=12976128 bytes (31.7%)
(RDMA_READ_CONSUME_CHECK_CONSUMER) timestamp=6440 ms, used_size=12974080 bytes (31.7%)
(RDMA_READ_CONSUME_CHECK_CONSUMER) timestamp=6440 ms, used_size=12972032 bytes (31.7%)
(RDMA_READ_CONSUME_CHECK_CONSUMER) timestamp=6440 ms, used_size=12969984 bytes (31.7%)
(RDMA_READ_CONSUME_CHECK_CONSUMER) timestamp=6440 ms, used_size=12967936 bytes (31.7%)
(RDMA_READ_CONSUME_CHECK_CONSUMER) timestamp=6440 ms, used_size=12965888 bytes (31.7%)
(RDMA_READ_CONSUME_CHECK_CONSUMER) timestamp=6440 ms, used_size=12963840 bytes (31.6%)
(RDMA_READ_CONSUME_CHECK_CONSUMER) timestamp=6440 ms, used_size=12961792 bytes (31.6%)
(RDMA_READ_CONSUME_CHECK_CONSUMER) timestamp=6440 ms, used_size=12959744 bytes (31.6%)
(RDMA_READ_CONSUME_CHECK_CONSUMER) timestamp=6440 ms, used_size=12957696 bytes (31.6%)
(RDMA_READ_CONSUME_CHECK_CONSUMER) timestamp=6440 ms, used_size=12955648 bytes (31.6%)
(RDMA_READ_CONSUME_CHECK_CONSUMER) timestamp=6440 ms, used_size=12953600 bytes (31.6%)
(RDMA_READ_CONSUME_CHECK_CONSUMER) timestamp=6440 ms, used_size=12951552 bytes (31.6%)
(RDMA_READ_CONSUME_CHECK_CONSUMER) timestamp=6440 ms, used_size=12949504 bytes (31.6%)
(RDMA_READ_CONSUME_CHECK_CONSUMER) timestamp=6440 ms, used_size=12947456 bytes (31.6%)
(RDMA_READ_CONSUME_CHECK_CONSUMER) timestamp=6440 ms, used_size=12945408 bytes (31.6%)
(RDMA_READ_CONSUME_CHECK_CONSUMER) timestamp=6440 ms, used_size=12943360 bytes (31.6%)
(RDMA_READ_CONSUME_CHECK_CONSUMER) timestamp=6440 ms, used_size=12941312 bytes (31.6%)
(RDMA_READ_CONSUME_CHECK_CONSUMER) timestamp=6440 ms, used_size=12939264 bytes (31.6%)
(RDMA_READ_CONSUME_CHECK_CONSUMER) timestamp=6440 ms, used_size=12937216 bytes (31.6%)
(RDMA_READ_CONSUME_CHECK_CONSUMER) timestamp=6440 ms, used_size=12935168 bytes (31.6%)
(RDMA_READ_CONSUME_CHECK_CONSUMER) timestamp=6440 ms, used_size=12933120 bytes (31.6%)
(RDMA_READ_CONSUME_CHECK_CONSUMER) timestamp=6440 ms, used_size=12931072 bytes (31.6%)
(RDMA_READ_CONSUME_CHECK_CONSUMER) timestamp=6440 ms, used_size=12929024 bytes (31.6%)
(RDMA_READ_CONSUME_CHECK_CONSUMER) timestamp=6440 ms, used_size=12926976 bytes (31.6%)
(RDMA_READ_CONSUME_CHECK_CONSUMER) timestamp=6440 ms, used_size=12924928 bytes (31.6%)
(RDMA_READ_CONSUME_CHECK_CONSUMER) timestamp=6441 ms, used_size=12922880 bytes (31.6%)
(RDMA_READ_CONSUME_CHECK_CONSUMER) timestamp=6441 ms, used_size=12920832 bytes (31.5%)
(RDMA_READ_CONSUME_CHECK_CONSUMER) timestamp=6441 ms, used_size=12918784 bytes (31.5%)
(RDMA_READ_CONSUME_CHECK_CONSUMER) timestamp=6441 ms, used_size=12916736 bytes (31.5%)
(RDMA_READ_CONSUME_CHECK_CONSUMER) timestamp=6441 ms, used_size=12914688 bytes (31.5%)
(RDMA_READ_CONSUME_CHECK_CONSUMER) timestamp=6441 ms, used_size=12912640 bytes (31.5%)
(RDMA_READ_CONSUME_CHECK_CONSUMER) timestamp=6441 ms, used_size=12910592 bytes (31.5%)
(RDMA_READ_CONSUME_CHECK_CONSUMER) timestamp=6441 ms, used_size=12908544 bytes (31.5%)
(RDMA_READ_CONSUME_CHECK_CONSUMER) timestamp=6441 ms, used_size=12906496 bytes (31.5%)
(RDMA_READ_CONSUME_CHECK_CONSUMER) timestamp=6441 ms, used_size=12904448 bytes (31.5%)
(RDMA_READ_CONSUME_CHECK_CONSUMER) timestamp=6441 ms, used_size=12902400 bytes (31.5%)
(RDMA_READ_CONSUME_CHECK_CONSUMER) timestamp=6441 ms, used_size=12900352 bytes (31.5%)
(RDMA_READ_CONSUME_CHECK_CONSUMER) timestamp=6441 ms, used_size=12898304 bytes (31.5%)
(RDMA_READ_CONSUME_CHECK_CONSUMER) timestamp=6441 ms, used_size=12896256 bytes (31.5%)
(RDMA_READ_CONSUME_CHECK_CONSUMER) timestamp=6441 ms, used_size=12894208 bytes (31.5%)
(RDMA_READ_CONSUME_CHECK_CONSUMER) timestamp=6441 ms, used_size=12892160 bytes (31.5%)
(RDMA_READ_CONSUME_CHECK_CONSUMER) timestamp=6441 ms, used_size=12890112 bytes (31.5%)
(RDMA_READ_CONSUME_CHECK_CONSUMER) timestamp=6441 ms, used_size=12888064 bytes (31.5%)
(RDMA_READ_CONSUME_CHECK_CONSUMER) timestamp=6441 ms, used_size=12886016 bytes (31.5%)
(RDMA_READ_CONSUME_CHECK_CONSUMER) timestamp=6441 ms, used_size=12883968 bytes (31.5%)
(RDMA_READ_CONSUME_CHECK_CONSUMER) timestamp=6441 ms, used_size=12881920 bytes (31.4%)
(RDMA_READ_CONSUME_CHECK_CONSUMER) timestamp=6441 ms, used_size=12879872 bytes (31.4%)
(RDMA_READ_CONSUME_CHECK_CONSUMER) timestamp=6441 ms, used_size=12877824 bytes (31.4%)
(RDMA_READ_CONSUME_CHECK_CONSUMER) timestamp=6441 ms, used_size=12875776 bytes (31.4%)
(RDMA_READ_CONSUME_CHECK_CONSUMER) timestamp=6441 ms, used_size=12873728 bytes (31.4%)
(RDMA_READ_CONSUME_CHECK_CONSUMER) timestamp=6441 ms, used_size=12871680 bytes (31.4%)
(RDMA_READ_CONSUME_CHECK_CONSUMER) timestamp=6441 ms, used_size=12869632 bytes (31.4%)
(RDMA_READ_CONSUME_CHECK_CONSUMER) timestamp=6441 ms, used_size=12867584 bytes (31.4%)
(RDMA_READ_CONSUME_CHECK_CONSUMER) timestamp=6441 ms, used_size=12865536 bytes (31.4%)
(RDMA_READ_CONSUME_CHECK_CONSUMER) timestamp=6441 ms, used_size=12863488 bytes (31.4%)
(RDMA_READ_CONSUME_CHECK_CONSUMER) timestamp=6441 ms, used_size=12861440 bytes (31.4%)
(RDMA_READ_CONSUME_CHECK_CONSUMER) timestamp=6441 ms, used_size=12859392 bytes (31.4%)
(RDMA_READ_CONSUME_CHECK_CONSUMER) timestamp=6441 ms, used_size=12857344 bytes (31.4%)
(RDMA_READ_CONSUME_CHECK_CONSUMER) timestamp=6441 ms, used_size=12855296 bytes (31.4%)
(RDMA_READ_CONSUME_CHECK_CONSUMER) timestamp=6441 ms, used_size=12853248 bytes (31.4%)
(RDMA_READ_CONSUME_CHECK_CONSUMER) timestamp=6441 ms, used_size=12851200 bytes (31.4%)
(RDMA_READ_CONSUME_CHECK_CONSUMER) timestamp=6441 ms, used_size=12849152 bytes (31.4%)
(RDMA_READ_CONSUME_CHECK_CONSUMER) timestamp=6441 ms, used_size=12847104 bytes (31.4%)
(RDMA_READ_CONSUME_CHECK_CONSUMER) timestamp=6441 ms, used_size=12845056 bytes (31.4%)
(RDMA_READ_CONSUME_CHECK_CONSUMER) timestamp=6441 ms, used_size=12843008 bytes (31.4%)
(RDMA_READ_CONSUME_CHECK_CONSUMER) timestamp=6441 ms, used_size=12840960 bytes (31.4%)
(RDMA_READ_CONSUME_CHECK_CONSUMER) timestamp=6441 ms, used_size=12838912 bytes (31.3%)
(RDMA_READ_CONSUME_CHECK_CONSUMER) timestamp=6441 ms, used_size=12836864 bytes (31.3%)
(RDMA_READ_CONSUME_CHECK_CONSUMER) timestamp=6441 ms, used_size=12834816 bytes (31.3%)
(RDMA_READ_CONSUME_CHECK_CONSUMER) timestamp=6441 ms, used_size=12832768 bytes (31.3%)
(RDMA_READ_CONSUME_CHECK_CONSUMER) timestamp=6441 ms, used_size=12830720 bytes (31.3%)
(RDMA_READ_CONSUME_CHECK_CONSUMER) timestamp=6441 ms, used_size=12828672 bytes (31.3%)
(RDMA_READ_CONSUME_CHECK_CONSUMER) timestamp=6441 ms, used_size=12826624 bytes (31.3%)
(RDMA_READ_CONSUME_CHECK_CONSUMER) timestamp=6441 ms, used_size=12824576 bytes (31.3%)
(RDMA_READ_CONSUME_CHECK_CONSUMER) timestamp=6441 ms, used_size=12822528 bytes (31.3%)
(RDMA_READ_CONSUME_CHECK_CONSUMER) timestamp=6441 ms, used_size=12820480 bytes (31.3%)
(RDMA_READ_CONSUME_CHECK_CONSUMER) timestamp=6441 ms, used_size=12818432 bytes (31.3%)
(RDMA_READ_CONSUME_CHECK_CONSUMER) timestamp=6441 ms, used_size=12816384 bytes (31.3%)
(RDMA_READ_CONSUME_CHECK_CONSUMER) timestamp=6441 ms, used_size=12814336 bytes (31.3%)
(RDMA_READ_CONSUME_CHECK_CONSUMER) timestamp=6441 ms, used_size=12812288 bytes (31.3%)
(RDMA_READ_CONSUME_CHECK_CONSUMER) timestamp=6441 ms, used_size=12810240 bytes (31.3%)
(RDMA_READ_CONSUME_CHECK_CONSUMER) timestamp=6441 ms, used_size=12808192 bytes (31.3%)
(RDMA_READ_CONSUME_CHECK_CONSUMER) timestamp=6441 ms, used_size=12806144 bytes (31.3%)
(RDMA_READ_CONSUME_CHECK_CONSUMER) timestamp=6441 ms, used_size=12804096 bytes (31.3%)
(RDMA_READ_CONSUME_CHECK_CONSUMER) timestamp=6441 ms, used_size=12802048 bytes (31.3%)
(RDMA_READ_CONSUME_CHECK_CONSUMER) timestamp=6441 ms, used_size=12800000 bytes (31.2%)
(RDMA_READ_CONSUME_CHECK_CONSUMER) timestamp=6441 ms, used_size=12797952 bytes (31.2%)
(RDMA_READ_CONSUME_CHECK_CONSUMER) timestamp=6441 ms, used_size=12795904 bytes (31.2%)
(RDMA_READ_CONSUME_CHECK_CONSUMER) timestamp=6441 ms, used_size=12793856 bytes (31.2%)
(RDMA_READ_CONSUME_CHECK_CONSUMER) timestamp=6441 ms, used_size=12791808 bytes (31.2%)
(RDMA_READ_CONSUME_CHECK_CONSUMER) timestamp=6441 ms, used_size=12789760 bytes (31.2%)
(RDMA_READ_CONSUME_CHECK_CONSUMER) timestamp=6441 ms, used_size=12787712 bytes (31.2%)
(RDMA_READ_CONSUME_CHECK_CONSUMER) timestamp=6441 ms, used_size=12785664 bytes (31.2%)
(RDMA_READ_CONSUME_CHECK_CONSUMER) timestamp=6441 ms, used_size=12783616 bytes (31.2%)
(RDMA_READ_CONSUME_CHECK_CONSUMER) timestamp=6441 ms, used_size=12781568 bytes (31.2%)
(RDMA_READ_CONSUME_CHECK_CONSUMER) timestamp=6441 ms, used_size=12779520 bytes (31.2%)
(RDMA_READ_CONSUME_CHECK_CONSUMER) timestamp=6441 ms, used_size=12777472 bytes (31.2%)
(RDMA_READ_CONSUME_CHECK_CONSUMER) timestamp=6441 ms, used_size=12775424 bytes (31.2%)
(RDMA_READ_CONSUME_CHECK_CONSUMER) timestamp=6441 ms, used_size=12773376 bytes (31.2%)
(RDMA_READ_CONSUME_CHECK_CONSUMER) timestamp=6441 ms, used_size=12771328 bytes (31.2%)
(RDMA_READ_CONSUME_CHECK_CONSUMER) timestamp=6441 ms, used_size=12769280 bytes (31.2%)
(RDMA_READ_CONSUME_CHECK_CONSUMER) timestamp=6441 ms, used_size=12767232 bytes (31.2%)
(RDMA_READ_CONSUME_CHECK_CONSUMER) timestamp=6441 ms, used_size=12765184 bytes (31.2%)
(RDMA_READ_CONSUME_CHECK_CONSUMER) timestamp=6441 ms, used_size=12763136 bytes (31.2%)
(RDMA_READ_CONSUME_CHECK_CONSUMER) timestamp=6441 ms, used_size=12761088 bytes (31.2%)
(RDMA_READ_CONSUME_CHECK_CONSUMER) timestamp=6441 ms, used_size=12759040 bytes (31.1%)
(RDMA_READ_CONSUME_CHECK_CONSUMER) timestamp=6441 ms, used_size=12756992 bytes (31.1%)
(RDMA_READ_CONSUME_CHECK_CONSUMER) timestamp=6441 ms, used_size=12754944 bytes (31.1%)
(RDMA_READ_CONSUME_CHECK_CONSUMER) timestamp=6441 ms, used_size=12752896 bytes (31.1%)
(RDMA_READ_CONSUME_CHECK_CONSUMER) timestamp=6441 ms, used_size=12750848 bytes (31.1%)
(RDMA_READ_CONSUME_CHECK_CONSUMER) timestamp=6441 ms, used_size=12748800 bytes (31.1%)
(RDMA_READ_CONSUME_CHECK_CONSUMER) timestamp=6441 ms, used_size=12746752 bytes (31.1%)
(RDMA_READ_CONSUME_CHECK_CONSUMER) timestamp=6441 ms, used_size=12744704 bytes (31.1%)
(RDMA_READ_CONSUME_CHECK_CONSUMER) timestamp=6441 ms, used_size=12742656 bytes (31.1%)
(RDMA_READ_CONSUME_CHECK_CONSUMER) timestamp=6441 ms, used_size=12740608 bytes (31.1%)
(RDMA_READ_CONSUME_CHECK_CONSUMER) timestamp=6441 ms, used_size=12738560 bytes (31.1%)
(RDMA_READ_CONSUME_CHECK_CONSUMER) timestamp=6441 ms, used_size=12736512 bytes (31.1%)
(RDMA_READ_CONSUME_CHECK_CONSUMER) timestamp=6441 ms, used_size=12734464 bytes (31.1%)
(RDMA_READ_CONSUME_CHECK_CONSUMER) timestamp=6441 ms, used_size=12732416 bytes (31.1%)
(RDMA_READ_CONSUME_CHECK_CONSUMER) timestamp=6441 ms, used_size=12730368 bytes (31.1%)
(RDMA_READ_CONSUME_CHECK_CONSUMER) timestamp=6441 ms, used_size=12728320 bytes (31.1%)
(RDMA_READ_CONSUME_CHECK_CONSUMER) timestamp=6441 ms, used_size=12726272 bytes (31.1%)
(RDMA_READ_CONSUME_CHECK_CONSUMER) timestamp=6441 ms, used_size=12724224 bytes (31.1%)
(RDMA_READ_CONSUME_CHECK_CONSUMER) timestamp=6441 ms, used_size=12722176 bytes (31.1%)
(RDMA_READ_CONSUME_CHECK_CONSUMER) timestamp=6441 ms, used_size=12720128 bytes (31.1%)
(RDMA_READ_CONSUME_CHECK_CONSUMER) timestamp=6441 ms, used_size=12718080 bytes (31.1%)
(RDMA_READ_CONSUME_CHECK_CONSUMER) timestamp=6441 ms, used_size=12716032 bytes (31.0%)
(RDMA_READ_CONSUME_CHECK_CONSUMER) timestamp=6441 ms, used_size=12713984 bytes (31.0%)
(RDMA_READ_CONSUME_CHECK_CONSUMER) timestamp=6441 ms, used_size=12711936 bytes (31.0%)
(RDMA_READ_CONSUME_CHECK_CONSUMER) timestamp=6441 ms, used_size=12709888 bytes (31.0%)
(RDMA_READ_CONSUME_CHECK_CONSUMER) timestamp=6441 ms, used_size=12707840 bytes (31.0%)
(RDMA_READ_CONSUME_CHECK_CONSUMER) timestamp=6441 ms, used_size=12705792 bytes (31.0%)
(RDMA_READ_CONSUME_CHECK_CONSUMER) timestamp=6441 ms, used_size=12703744 bytes (31.0%)
(RDMA_READ_CONSUME_CHECK_CONSUMER) timestamp=6441 ms, used_size=12701696 bytes (31.0%)
(RDMA_READ_CONSUME_CHECK_CONSUMER) timestamp=6441 ms, used_size=12699648 bytes (31.0%)
(RDMA_READ_CONSUME_CHECK_CONSUMER) timestamp=6441 ms, used_size=12697600 bytes (31.0%)
(RDMA_READ_CONSUME_CHECK_CONSUMER) timestamp=6441 ms, used_size=12695552 bytes (31.0%)
(RDMA_READ_CONSUME_CHECK_CONSUMER) timestamp=6441 ms, used_size=12693504 bytes (31.0%)
(RDMA_READ_CONSUME_CHECK_CONSUMER) timestamp=6441 ms, used_size=12691456 bytes (31.0%)
(RDMA_READ_CONSUME_CHECK_CONSUMER) timestamp=6441 ms, used_size=12689408 bytes (31.0%)
(RDMA_READ_CONSUME_CHECK_CONSUMER) timestamp=6441 ms, used_size=12687360 bytes (31.0%)
(RDMA_READ_CONSUME_CHECK_CONSUMER) timestamp=6441 ms, used_size=12685312 bytes (31.0%)
(RDMA_READ_CONSUME_CHECK_CONSUMER) timestamp=6441 ms, used_size=12683264 bytes (31.0%)
(RDMA_READ_CONSUME_CHECK_CONSUMER) timestamp=6441 ms, used_size=12681216 bytes (31.0%)
(RDMA_READ_CONSUME_CHECK_CONSUMER) timestamp=6441 ms, used_size=12679168 bytes (31.0%)
(RDMA_READ_CONSUME_CHECK_CONSUMER) timestamp=6441 ms, used_size=12677120 bytes (30.9%)
(RDMA_READ_CONSUME_CHECK_CONSUMER) timestamp=6441 ms, used_size=12675072 bytes (30.9%)
(RDMA_READ_CONSUME_CHECK_CONSUMER) timestamp=6441 ms, used_size=12673024 bytes (30.9%)
(RDMA_READ_CONSUME_CHECK_CONSUMER) timestamp=6441 ms, used_size=12670976 bytes (30.9%)
(RDMA_READ_CONSUME_CHECK_CONSUMER) timestamp=6441 ms, used_size=12668928 bytes (30.9%)
(RDMA_READ_CONSUME_CHECK_CONSUMER) timestamp=6441 ms, used_size=12666880 bytes (30.9%)
(RDMA_READ_CONSUME_CHECK_CONSUMER) timestamp=6441 ms, used_size=12664832 bytes (30.9%)
(RDMA_READ_CONSUME_CHECK_CONSUMER) timestamp=6441 ms, used_size=12662784 bytes (30.9%)
(RDMA_READ_CONSUME_CHECK_CONSUMER) timestamp=6441 ms, used_size=12660736 bytes (30.9%)
(RDMA_READ_CONSUME_CHECK_CONSUMER) timestamp=6441 ms, used_size=12658688 bytes (30.9%)
(RDMA_READ_CONSUME_CHECK_CONSUMER) timestamp=6441 ms, used_size=12656640 bytes (30.9%)
(RDMA_READ_CONSUME_CHECK_CONSUMER) timestamp=6441 ms, used_size=12654592 bytes (30.9%)
(RDMA_READ_CONSUME_CHECK_CONSUMER) timestamp=6441 ms, used_size=12652544 bytes (30.9%)
(RDMA_READ_CONSUME_CHECK_CONSUMER) timestamp=6441 ms, used_size=12650496 bytes (30.9%)
(RDMA_READ_CONSUME_CHECK_CONSUMER) timestamp=6441 ms, used_size=12648448 bytes (30.9%)
(RDMA_READ_CONSUME_CHECK_CONSUMER) timestamp=6441 ms, used_size=12646400 bytes (30.9%)
(RDMA_READ_CONSUME_CHECK_CONSUMER) timestamp=6441 ms, used_size=12644352 bytes (30.9%)
(RDMA_READ_CONSUME_CHECK_CONSUMER) timestamp=6441 ms, used_size=12642304 bytes (30.9%)
(RDMA_READ_CONSUME_CHECK_CONSUMER) timestamp=6441 ms, used_size=12640256 bytes (30.9%)
(RDMA_READ_CONSUME_CHECK_CONSUMER) timestamp=6441 ms, used_size=12638208 bytes (30.9%)
(RDMA_READ_CONSUME_CHECK_CONSUMER) timestamp=6441 ms, used_size=12636160 bytes (30.9%)
(RDMA_READ_CONSUME_CHECK_CONSUMER) timestamp=6441 ms, used_size=12634112 bytes (30.8%)
(RDMA_READ_CONSUME_CHECK_CONSUMER) timestamp=6441 ms, used_size=12632064 bytes (30.8%)
(RDMA_READ_CONSUME_CHECK_CONSUMER) timestamp=6441 ms, used_size=12630016 bytes (30.8%)
(RDMA_READ_CONSUME_CHECK_CONSUMER) timestamp=6441 ms, used_size=12627968 bytes (30.8%)
(RDMA_READ_CONSUME_CHECK_CONSUMER) timestamp=6441 ms, used_size=12625920 bytes (30.8%)
(RDMA_READ_CONSUME_CHECK_CONSUMER) timestamp=6441 ms, used_size=12623872 bytes (30.8%)
(RDMA_READ_CONSUME_CHECK_CONSUMER) timestamp=6441 ms, used_size=12621824 bytes (30.8%)
(RDMA_READ_CONSUME_CHECK_CONSUMER) timestamp=6441 ms, used_size=12619776 bytes (30.8%)
(RDMA_READ_CONSUME_CHECK_CONSUMER) timestamp=6441 ms, used_size=12617728 bytes (30.8%)
(RDMA_READ_CONSUME_CHECK_CONSUMER) timestamp=6441 ms, used_size=12615680 bytes (30.8%)
(RDMA_READ_CONSUME_CHECK_CONSUMER) timestamp=6441 ms, used_size=12613632 bytes (30.8%)
(RDMA_READ_CONSUME_CHECK_CONSUMER) timestamp=6441 ms, used_size=12611584 bytes (30.8%)
(RDMA_READ_CONSUME_CHECK_CONSUMER) timestamp=6441 ms, used_size=12609536 bytes (30.8%)
(RDMA_READ_CONSUME_CHECK_CONSUMER) timestamp=6441 ms, used_size=12607488 bytes (30.8%)
(RDMA_READ_CONSUME_CHECK_CONSUMER) timestamp=6441 ms, used_size=12605440 bytes (30.8%)
(RDMA_READ_CONSUME_CHECK_CONSUMER) timestamp=6441 ms, used_size=12603392 bytes (30.8%)
(RDMA_READ_CONSUME_CHECK_CONSUMER) timestamp=6441 ms, used_size=12601344 bytes (30.8%)
(RDMA_READ_CONSUME_CHECK_CONSUMER) timestamp=6441 ms, used_size=12599296 bytes (30.8%)
(RDMA_READ_CONSUME_CHECK_CONSUMER) timestamp=6441 ms, used_size=12597248 bytes (30.8%)
(RDMA_READ_CONSUME_CHECK_CONSUMER) timestamp=6441 ms, used_size=12595200 bytes (30.8%)
(RDMA_READ_CONSUME_CHECK_CONSUMER) timestamp=6441 ms, used_size=12593152 bytes (30.7%)
(RDMA_READ_CONSUME_CHECK_CONSUMER) timestamp=6441 ms, used_size=12591104 bytes (30.7%)
(RDMA_READ_CONSUME_CHECK_CONSUMER) timestamp=6441 ms, used_size=12589056 bytes (30.7%)
(RDMA_READ_CONSUME_CHECK_CONSUMER) timestamp=6441 ms, used_size=12587008 bytes (30.7%)
(RDMA_READ_CONSUME_CHECK_CONSUMER) timestamp=6441 ms, used_size=12584960 bytes (30.7%)
(RDMA_READ_CONSUME_CHECK_CONSUMER) timestamp=6441 ms, used_size=12582912 bytes (30.7%)
(RDMA_READ_CONSUME_CHECK_CONSUMER) timestamp=6441 ms, used_size=12580864 bytes (30.7%)
(RDMA_READ_CONSUME_CHECK_CONSUMER) timestamp=6442 ms, used_size=12578816 bytes (30.7%)
(RDMA_READ_CONSUME_CHECK_CONSUMER) timestamp=6442 ms, used_size=12576768 bytes (30.7%)
(RDMA_READ_CONSUME_CHECK_CONSUMER) timestamp=6442 ms, used_size=12574720 bytes (30.7%)
(RDMA_READ_CONSUME_CHECK_CONSUMER) timestamp=6442 ms, used_size=12572672 bytes (30.7%)
(RDMA_READ_CONSUME_CHECK_CONSUMER) timestamp=6442 ms, used_size=12570624 bytes (30.7%)
(RDMA_READ_CONSUME_CHECK_CONSUMER) timestamp=6442 ms, used_size=12568576 bytes (30.7%)
(RDMA_READ_CONSUME_CHECK_CONSUMER) timestamp=6442 ms, used_size=12566528 bytes (30.7%)
(RDMA_READ_CONSUME_CHECK_CONSUMER) timestamp=6442 ms, used_size=12564480 bytes (30.7%)
(RDMA_READ_CONSUME_CHECK_CONSUMER) timestamp=6442 ms, used_size=12562432 bytes (30.7%)
(RDMA_READ_CONSUME_CHECK_CONSUMER) timestamp=6442 ms, used_size=12560384 bytes (30.7%)
(RDMA_READ_CONSUME_CHECK_CONSUMER) timestamp=6442 ms, used_size=12558336 bytes (30.7%)
(RDMA_READ_CONSUME_CHECK_CONSUMER) timestamp=6442 ms, used_size=12556288 bytes (30.7%)
(RDMA_READ_CONSUME_CHECK_CONSUMER) timestamp=6442 ms, used_size=12554240 bytes (30.6%)
(RDMA_READ_CONSUME_CHECK_CONSUMER) timestamp=6442 ms, used_size=12552192 bytes (30.6%)
(RDMA_READ_CONSUME_CHECK_CONSUMER) timestamp=6442 ms, used_size=12550144 bytes (30.6%)
(RDMA_READ_CONSUME_CHECK_CONSUMER) timestamp=6442 ms, used_size=12548096 bytes (30.6%)
(RDMA_READ_CONSUME_CHECK_CONSUMER) timestamp=6442 ms, used_size=12546048 bytes (30.6%)
(RDMA_READ_CONSUME_CHECK_CONSUMER) timestamp=6442 ms, used_size=12544000 bytes (30.6%)
(RDMA_READ_CONSUME_CHECK_CONSUMER) timestamp=6442 ms, used_size=12541952 bytes (30.6%)
(RDMA_READ_CONSUME_CHECK_CONSUMER) timestamp=6442 ms, used_size=12539904 bytes (30.6%)
(RDMA_READ_CONSUME_CHECK_CONSUMER) timestamp=6442 ms, used_size=12537856 bytes (30.6%)
(RDMA_READ_CONSUME_CHECK_CONSUMER) timestamp=6442 ms, used_size=12535808 bytes (30.6%)
(RDMA_READ_CONSUME_CHECK_CONSUMER) timestamp=6442 ms, used_size=12533760 bytes (30.6%)
(RDMA_READ_CONSUME_CHECK_CONSUMER) timestamp=6442 ms, used_size=12531712 bytes (30.6%)
(RDMA_READ_CONSUME_CHECK_CONSUMER) timestamp=6442 ms, used_size=12529664 bytes (30.6%)
(RDMA_READ_CONSUME_CHECK_CONSUMER) timestamp=6442 ms, used_size=12527616 bytes (30.6%)
(RDMA_READ_CONSUME_CHECK_CONSUMER) timestamp=6442 ms, used_size=12525568 bytes (30.6%)
(RDMA_READ_CONSUME_CHECK_CONSUMER) timestamp=6442 ms, used_size=12523520 bytes (30.6%)
(RDMA_READ_CONSUME_CHECK_CONSUMER) timestamp=6442 ms, used_size=12521472 bytes (30.6%)
(RDMA_READ_CONSUME_CHECK_CONSUMER) timestamp=6442 ms, used_size=12519424 bytes (30.6%)
(RDMA_READ_CONSUME_CHECK_CONSUMER) timestamp=6442 ms, used_size=12517376 bytes (30.6%)
(RDMA_READ_CONSUME_CHECK_CONSUMER) timestamp=6442 ms, used_size=12515328 bytes (30.6%)
(RDMA_READ_CONSUME_CHECK_CONSUMER) timestamp=6442 ms, used_size=12513280 bytes (30.6%)
(RDMA_READ_CONSUME_CHECK_CONSUMER) timestamp=6442 ms, used_size=12511232 bytes (30.5%)
(RDMA_READ_CONSUME_CHECK_CONSUMER) timestamp=6442 ms, used_size=12509184 bytes (30.5%)
(RDMA_READ_CONSUME_CHECK_CONSUMER) timestamp=6442 ms, used_size=12507136 bytes (30.5%)
(RDMA_READ_CONSUME_CHECK_CONSUMER) timestamp=6442 ms, used_size=12505088 bytes (30.5%)
(RDMA_READ_CONSUME_CHECK_CONSUMER) timestamp=6442 ms, used_size=12503040 bytes (30.5%)
(RDMA_READ_CONSUME_CHECK_CONSUMER) timestamp=6442 ms, used_size=12500992 bytes (30.5%)
(RDMA_READ_CONSUME_CHECK_CONSUMER) timestamp=6442 ms, used_size=12498944 bytes (30.5%)
(RDMA_READ_CONSUME_CHECK_CONSUMER) timestamp=6442 ms, used_size=12496896 bytes (30.5%)
(RDMA_READ_CONSUME_CHECK_CONSUMER) timestamp=6442 ms, used_size=12494848 bytes (30.5%)
(RDMA_READ_CONSUME_CHECK_CONSUMER) timestamp=6442 ms, used_size=12492800 bytes (30.5%)
(RDMA_READ_CONSUME_CHECK_CONSUMER) timestamp=6442 ms, used_size=12490752 bytes (30.5%)
(RDMA_READ_CONSUME_CHECK_CONSUMER) timestamp=6442 ms, used_size=12488704 bytes (30.5%)
(RDMA_READ_CONSUME_CHECK_CONSUMER) timestamp=6442 ms, used_size=12486656 bytes (30.5%)
(RDMA_READ_CONSUME_CHECK_CONSUMER) timestamp=6442 ms, used_size=12484608 bytes (30.5%)
(RDMA_READ_CONSUME_CHECK_CONSUMER) timestamp=6442 ms, used_size=12482560 bytes (30.5%)
(RDMA_READ_CONSUME_CHECK_CONSUMER) timestamp=6442 ms, used_size=12480512 bytes (30.5%)
(RDMA_READ_CONSUME_CHECK_CONSUMER) timestamp=6442 ms, used_size=12478464 bytes (30.5%)
(RDMA_READ_CONSUME_CHECK_CONSUMER) timestamp=6442 ms, used_size=12476416 bytes (30.5%)
(RDMA_READ_CONSUME_CHECK_CONSUMER) timestamp=6442 ms, used_size=12474368 bytes (30.5%)
(RDMA_READ_CONSUME_CHECK_CONSUMER) timestamp=6442 ms, used_size=12472320 bytes (30.4%)
(RDMA_READ_CONSUME_CHECK_CONSUMER) timestamp=6442 ms, used_size=12470272 bytes (30.4%)
(RDMA_READ_CONSUME_CHECK_CONSUMER) timestamp=6442 ms, used_size=12468224 bytes (30.4%)
(RDMA_READ_CONSUME_CHECK_CONSUMER) timestamp=6442 ms, used_size=12466176 bytes (30.4%)
(RDMA_READ_CONSUME_CHECK_CONSUMER) timestamp=6442 ms, used_size=12464128 bytes (30.4%)
(RDMA_READ_CONSUME_CHECK_CONSUMER) timestamp=6442 ms, used_size=12462080 bytes (30.4%)
(RDMA_READ_CONSUME_CHECK_CONSUMER) timestamp=6442 ms, used_size=12460032 bytes (30.4%)
(RDMA_READ_CONSUME_CHECK_CONSUMER) timestamp=6442 ms, used_size=12457984 bytes (30.4%)
(RDMA_READ_CONSUME_CHECK_CONSUMER) timestamp=6442 ms, used_size=12455936 bytes (30.4%)
(RDMA_READ_CONSUME_CHECK_CONSUMER) timestamp=6442 ms, used_size=12453888 bytes (30.4%)
(RDMA_READ_CONSUME_CHECK_CONSUMER) timestamp=6442 ms, used_size=12451840 bytes (30.4%)
(RDMA_READ_CONSUME_CHECK_CONSUMER) timestamp=6442 ms, used_size=12449792 bytes (30.4%)
(RDMA_READ_CONSUME_CHECK_CONSUMER) timestamp=6442 ms, used_size=12447744 bytes (30.4%)
(RDMA_READ_CONSUME_CHECK_CONSUMER) timestamp=6442 ms, used_size=12445696 bytes (30.4%)
(RDMA_READ_CONSUME_CHECK_CONSUMER) timestamp=6442 ms, used_size=12443648 bytes (30.4%)
(RDMA_READ_CONSUME_CHECK_CONSUMER) timestamp=6442 ms, used_size=12441600 bytes (30.4%)
(RDMA_READ_CONSUME_CHECK_CONSUMER) timestamp=6442 ms, used_size=12439552 bytes (30.4%)
(RDMA_READ_CONSUME_CHECK_CONSUMER) timestamp=6442 ms, used_size=12437504 bytes (30.4%)
(RDMA_READ_CONSUME_CHECK_CONSUMER) timestamp=6442 ms, used_size=12435456 bytes (30.4%)
(RDMA_READ_CONSUME_CHECK_CONSUMER) timestamp=6442 ms, used_size=12433408 bytes (30.4%)
(RDMA_READ_CONSUME_CHECK_CONSUMER) timestamp=6442 ms, used_size=12431360 bytes (30.4%)
(RDMA_READ_CONSUME_CHECK_CONSUMER) timestamp=6442 ms, used_size=12429312 bytes (30.3%)
(RDMA_READ_CONSUME_CHECK_CONSUMER) timestamp=6442 ms, used_size=12427264 bytes (30.3%)
(RDMA_READ_CONSUME_CHECK_CONSUMER) timestamp=6442 ms, used_size=12425216 bytes (30.3%)
(RDMA_READ_CONSUME_CHECK_CONSUMER) timestamp=6442 ms, used_size=12423168 bytes (30.3%)
(RDMA_READ_CONSUME_CHECK_CONSUMER) timestamp=6442 ms, used_size=12421120 bytes (30.3%)
(RDMA_READ_CONSUME_CHECK_CONSUMER) timestamp=6442 ms, used_size=12419072 bytes (30.3%)
(RDMA_READ_CONSUME_CHECK_CONSUMER) timestamp=6442 ms, used_size=12417024 bytes (30.3%)
(RDMA_READ_CONSUME_CHECK_CONSUMER) timestamp=6442 ms, used_size=12414976 bytes (30.3%)
(RDMA_READ_CONSUME_CHECK_CONSUMER) timestamp=6442 ms, used_size=12412928 bytes (30.3%)
(RDMA_READ_CONSUME_CHECK_CONSUMER) timestamp=6442 ms, used_size=12410880 bytes (30.3%)
(RDMA_READ_CONSUME_CHECK_CONSUMER) timestamp=6442 ms, used_size=12408832 bytes (30.3%)
(RDMA_READ_CONSUME_CHECK_CONSUMER) timestamp=6442 ms, used_size=12406784 bytes (30.3%)
(RDMA_READ_CONSUME_CHECK_CONSUMER) timestamp=6442 ms, used_size=12404736 bytes (30.3%)
(RDMA_READ_CONSUME_CHECK_CONSUMER) timestamp=6442 ms, used_size=12402688 bytes (30.3%)
(RDMA_READ_CONSUME_CHECK_CONSUMER) timestamp=6442 ms, used_size=12400640 bytes (30.3%)
(RDMA_READ_CONSUME_CHECK_CONSUMER) timestamp=6442 ms, used_size=12398592 bytes (30.3%)
(RDMA_READ_CONSUME_CHECK_CONSUMER) timestamp=6442 ms, used_size=12396544 bytes (30.3%)
(RDMA_READ_CONSUME_CHECK_CONSUMER) timestamp=6442 ms, used_size=12394496 bytes (30.3%)
(RDMA_READ_CONSUME_CHECK_CONSUMER) timestamp=6442 ms, used_size=12392448 bytes (30.3%)
(RDMA_READ_CONSUME_CHECK_CONSUMER) timestamp=6442 ms, used_size=12390400 bytes (30.2%)
(RDMA_READ_CONSUME_CHECK_CONSUMER) timestamp=6442 ms, used_size=12388352 bytes (30.2%)
(RDMA_READ_CONSUME_CHECK_CONSUMER) timestamp=6442 ms, used_size=12386304 bytes (30.2%)
(RDMA_READ_CONSUME_CHECK_CONSUMER) timestamp=6442 ms, used_size=12384256 bytes (30.2%)
(RDMA_READ_CONSUME_CHECK_CONSUMER) timestamp=6442 ms, used_size=12382208 bytes (30.2%)
(RDMA_READ_CONSUME_CHECK_CONSUMER) timestamp=6442 ms, used_size=12380160 bytes (30.2%)
(RDMA_READ_CONSUME_CHECK_CONSUMER) timestamp=6442 ms, used_size=12378112 bytes (30.2%)
(RDMA_READ_CONSUME_CHECK_CONSUMER) timestamp=6442 ms, used_size=12376064 bytes (30.2%)
(RDMA_READ_CONSUME_CHECK_CONSUMER) timestamp=6442 ms, used_size=12374016 bytes (30.2%)
(RDMA_READ_CONSUME_CHECK_CONSUMER) timestamp=6442 ms, used_size=12371968 bytes (30.2%)
(RDMA_READ_CONSUME_CHECK_CONSUMER) timestamp=6442 ms, used_size=12369920 bytes (30.2%)
(RDMA_READ_CONSUME_CHECK_CONSUMER) timestamp=6442 ms, used_size=12367872 bytes (30.2%)
(RDMA_READ_CONSUME_CHECK_CONSUMER) timestamp=6442 ms, used_size=12365824 bytes (30.2%)
(RDMA_READ_CONSUME_CHECK_CONSUMER) timestamp=6442 ms, used_size=12363776 bytes (30.2%)
(RDMA_READ_CONSUME_CHECK_CONSUMER) timestamp=6442 ms, used_size=12361728 bytes (30.2%)
(RDMA_READ_CONSUME_CHECK_CONSUMER) timestamp=6442 ms, used_size=12359680 bytes (30.2%)
(RDMA_READ_CONSUME_CHECK_CONSUMER) timestamp=6442 ms, used_size=12357632 bytes (30.2%)
(RDMA_READ_CONSUME_CHECK_CONSUMER) timestamp=6442 ms, used_size=12355584 bytes (30.2%)
(RDMA_READ_CONSUME_CHECK_CONSUMER) timestamp=6442 ms, used_size=12353536 bytes (30.2%)
(RDMA_READ_CONSUME_CHECK_CONSUMER) timestamp=6442 ms, used_size=12351488 bytes (30.2%)
(RDMA_READ_CONSUME_CHECK_CONSUMER) timestamp=6442 ms, used_size=12349440 bytes (30.1%)
(RDMA_READ_CONSUME_CHECK_CONSUMER) timestamp=6442 ms, used_size=12347392 bytes (30.1%)
(RDMA_READ_CONSUME_CHECK_CONSUMER) timestamp=6442 ms, used_size=12345344 bytes (30.1%)
(RDMA_READ_CONSUME_CHECK_CONSUMER) timestamp=6442 ms, used_size=12343296 bytes (30.1%)
(RDMA_READ_CONSUME_CHECK_CONSUMER) timestamp=6442 ms, used_size=12341248 bytes (30.1%)
(RDMA_READ_CONSUME_CHECK_CONSUMER) timestamp=6442 ms, used_size=12339200 bytes (30.1%)
(RDMA_READ_CONSUME_CHECK_CONSUMER) timestamp=6442 ms, used_size=12337152 bytes (30.1%)
(RDMA_READ_CONSUME_CHECK_CONSUMER) timestamp=6442 ms, used_size=12335104 bytes (30.1%)
(RDMA_READ_CONSUME_CHECK_CONSUMER) timestamp=6442 ms, used_size=12333056 bytes (30.1%)
(RDMA_READ_CONSUME_CHECK_CONSUMER) timestamp=6442 ms, used_size=12331008 bytes (30.1%)
(RDMA_READ_CONSUME_CHECK_CONSUMER) timestamp=6442 ms, used_size=12328960 bytes (30.1%)
(RDMA_READ_CONSUME_CHECK_CONSUMER) timestamp=6442 ms, used_size=12326912 bytes (30.1%)
(RDMA_READ_CONSUME_CHECK_CONSUMER) timestamp=6442 ms, used_size=12324864 bytes (30.1%)
(RDMA_READ_CONSUME_CHECK_CONSUMER) timestamp=6442 ms, used_size=12322816 bytes (30.1%)
(RDMA_READ_CONSUME_CHECK_CONSUMER) timestamp=6442 ms, used_size=12320768 bytes (30.1%)
(RDMA_READ_CONSUME_CHECK_CONSUMER) timestamp=6442 ms, used_size=12318720 bytes (30.1%)
(RDMA_READ_CONSUME_CHECK_CONSUMER) timestamp=6442 ms, used_size=12316672 bytes (30.1%)
(RDMA_READ_CONSUME_CHECK_CONSUMER) timestamp=6442 ms, used_size=12314624 bytes (30.1%)
(RDMA_READ_CONSUME_CHECK_CONSUMER) timestamp=6442 ms, used_size=12312576 bytes (30.1%)
(RDMA_READ_CONSUME_CHECK_CONSUMER) timestamp=6442 ms, used_size=12310528 bytes (30.1%)
(RDMA_READ_CONSUME_CHECK_CONSUMER) timestamp=6442 ms, used_size=12308480 bytes (30.1%)
(RDMA_READ_CONSUME_CHECK_CONSUMER) timestamp=6442 ms, used_size=12306432 bytes (30.0%)
(RDMA_READ_CONSUME_CHECK_CONSUMER) timestamp=6442 ms, used_size=12304384 bytes (30.0%)
(RDMA_READ_CONSUME_CHECK_CONSUMER) timestamp=6442 ms, used_size=12302336 bytes (30.0%)
(RDMA_READ_CONSUME_CHECK_CONSUMER) timestamp=6442 ms, used_size=12300288 bytes (30.0%)
(RDMA_READ_CONSUME_CHECK_CONSUMER) timestamp=6442 ms, used_size=12298240 bytes (30.0%)
(RDMA_READ_CONSUME_CHECK_CONSUMER) timestamp=6442 ms, used_size=12296192 bytes (30.0%)
(RDMA_READ_CONSUME_CHECK_CONSUMER) timestamp=6442 ms, used_size=12294144 bytes (30.0%)
(RDMA_READ_CONSUME_CHECK_CONSUMER) timestamp=6442 ms, used_size=12292096 bytes (30.0%)
(RDMA_READ_CONSUME_CHECK_CONSUMER) timestamp=6442 ms, used_size=12290048 bytes (30.0%)
(RDMA_READ_CONSUME_CHECK_CONSUMER) timestamp=6442 ms, used_size=12288000 bytes (30.0%)
(RDMA_READ_CONSUME_CHECK_CONSUMER) timestamp=6442 ms, used_size=12285952 bytes (30.0%)
(RDMA_READ_CONSUME_CHECK_CONSUMER) timestamp=6442 ms, used_size=12283904 bytes (30.0%)
(RDMA_READ_CONSUME_CHECK_CONSUMER) timestamp=6442 ms, used_size=12281856 bytes (30.0%)
(RDMA_READ_CONSUME_CHECK_CONSUMER) timestamp=6442 ms, used_size=12279808 bytes (30.0%)
(RDMA_READ_CONSUME_CHECK_CONSUMER) timestamp=6442 ms, used_size=12277760 bytes (30.0%)
(RDMA_READ_CONSUME_CHECK_CONSUMER) timestamp=6442 ms, used_size=12275712 bytes (30.0%)
(RDMA_READ_CONSUME_CHECK_CONSUMER) timestamp=6442 ms, used_size=12273664 bytes (30.0%)
(RDMA_READ_CONSUME_CHECK_CONSUMER) timestamp=6442 ms, used_size=12271616 bytes (30.0%)
(RDMA_READ_CONSUME_CHECK_CONSUMER) timestamp=6442 ms, used_size=12269568 bytes (30.0%)
(RDMA_READ_CONSUME_CHECK_CONSUMER) timestamp=6442 ms, used_size=12267520 bytes (29.9%)
(RDMA_READ_CONSUME_CHECK_CONSUMER) timestamp=6442 ms, used_size=12265472 bytes (29.9%)
(RDMA_READ_CONSUME_CHECK_CONSUMER) timestamp=6442 ms, used_size=12263424 bytes (29.9%)
(RDMA_READ_CONSUME_CHECK_CONSUMER) timestamp=6442 ms, used_size=12261376 bytes (29.9%)
(RDMA_READ_CONSUME_CHECK_CONSUMER) timestamp=6442 ms, used_size=12259328 bytes (29.9%)
(RDMA_READ_CONSUME_CHECK_CONSUMER) timestamp=6442 ms, used_size=12257280 bytes (29.9%)
(RDMA_READ_CONSUME_CHECK_CONSUMER) timestamp=6442 ms, used_size=12255232 bytes (29.9%)
(RDMA_READ_CONSUME_CHECK_CONSUMER) timestamp=6442 ms, used_size=12253184 bytes (29.9%)
(RDMA_READ_CONSUME_CHECK_CONSUMER) timestamp=6442 ms, used_size=12251136 bytes (29.9%)
(RDMA_READ_CONSUME_CHECK_CONSUMER) timestamp=6442 ms, used_size=12249088 bytes (29.9%)
(RDMA_READ_CONSUME_CHECK_CONSUMER) timestamp=6442 ms, used_size=12247040 bytes (29.9%)
(RDMA_READ_CONSUME_CHECK_CONSUMER) timestamp=6442 ms, used_size=12244992 bytes (29.9%)
(RDMA_READ_CONSUME_CHECK_CONSUMER) timestamp=6442 ms, used_size=12242944 bytes (29.9%)
(RDMA_READ_CONSUME_CHECK_CONSUMER) timestamp=6442 ms, used_size=12240896 bytes (29.9%)
(RDMA_READ_CONSUME_CHECK_CONSUMER) timestamp=6442 ms, used_size=12238848 bytes (29.9%)
(RDMA_READ_CONSUME_CHECK_CONSUMER) timestamp=6442 ms, used_size=12236800 bytes (29.9%)
(RDMA_READ_CONSUME_CHECK_CONSUMER) timestamp=6442 ms, used_size=12234752 bytes (29.9%)
(RDMA_READ_CONSUME_CHECK_CONSUMER) timestamp=6442 ms, used_size=12232704 bytes (29.9%)
(RDMA_READ_CONSUME_CHECK_CONSUMER) timestamp=6442 ms, used_size=12230656 bytes (29.9%)
(RDMA_READ_CONSUME_CHECK_CONSUMER) timestamp=6442 ms, used_size=12228608 bytes (29.9%)
(RDMA_READ_CONSUME_CHECK_CONSUMER) timestamp=6442 ms, used_size=12226560 bytes (29.9%)
(RDMA_READ_CONSUME_CHECK_CONSUMER) timestamp=6442 ms, used_size=12224512 bytes (29.8%)
(RDMA_READ_CONSUME_CHECK_CONSUMER) timestamp=6442 ms, used_size=12222464 bytes (29.8%)
(RDMA_READ_CONSUME_CHECK_CONSUMER) timestamp=6442 ms, used_size=12220416 bytes (29.8%)
(RDMA_READ_CONSUME_CHECK_CONSUMER) timestamp=6442 ms, used_size=12218368 bytes (29.8%)
(RDMA_READ_CONSUME_CHECK_CONSUMER) timestamp=6442 ms, used_size=12216320 bytes (29.8%)
(RDMA_READ_CONSUME_CHECK_CONSUMER) timestamp=6442 ms, used_size=12214272 bytes (29.8%)
(RDMA_READ_CONSUME_CHECK_CONSUMER) timestamp=6442 ms, used_size=12212224 bytes (29.8%)
(RDMA_READ_CONSUME_CHECK_CONSUMER) timestamp=6442 ms, used_size=12210176 bytes (29.8%)
(RDMA_READ_CONSUME_CHECK_CONSUMER) timestamp=6442 ms, used_size=12208128 bytes (29.8%)
(RDMA_READ_CONSUME_CHECK_CONSUMER) timestamp=6442 ms, used_size=12206080 bytes (29.8%)
(RDMA_READ_CONSUME_CHECK_CONSUMER) timestamp=6443 ms, used_size=12204032 bytes (29.8%)
(RDMA_READ_CONSUME_CHECK_CONSUMER) timestamp=6443 ms, used_size=12201984 bytes (29.8%)
(RDMA_READ_CONSUME_CHECK_CONSUMER) timestamp=6443 ms, used_size=12199936 bytes (29.8%)
(RDMA_READ_CONSUME_CHECK_CONSUMER) timestamp=6443 ms, used_size=12197888 bytes (29.8%)
(RDMA_READ_CONSUME_CHECK_CONSUMER) timestamp=6443 ms, used_size=12195840 bytes (29.8%)
(RDMA_READ_CONSUME_CHECK_CONSUMER) timestamp=6443 ms, used_size=12193792 bytes (29.8%)
(RDMA_READ_CONSUME_CHECK_CONSUMER) timestamp=6443 ms, used_size=12191744 bytes (29.8%)
(RDMA_READ_CONSUME_CHECK_CONSUMER) timestamp=6443 ms, used_size=12189696 bytes (29.8%)
(RDMA_READ_CONSUME_CHECK_CONSUMER) timestamp=6443 ms, used_size=12187648 bytes (29.8%)
(RDMA_READ_CONSUME_CHECK_CONSUMER) timestamp=6443 ms, used_size=12185600 bytes (29.8%)
(RDMA_READ_CONSUME_CHECK_CONSUMER) timestamp=6443 ms, used_size=12183552 bytes (29.7%)
(RDMA_READ_CONSUME_CHECK_CONSUMER) timestamp=6443 ms, used_size=12181504 bytes (29.7%)
(RDMA_READ_CONSUME_CHECK_CONSUMER) timestamp=6443 ms, used_size=12179456 bytes (29.7%)
(RDMA_READ_CONSUME_CHECK_CONSUMER) timestamp=6443 ms, used_size=12177408 bytes (29.7%)
(RDMA_READ_CONSUME_CHECK_CONSUMER) timestamp=6443 ms, used_size=12175360 bytes (29.7%)
(RDMA_READ_CONSUME_CHECK_CONSUMER) timestamp=6443 ms, used_size=12173312 bytes (29.7%)
(RDMA_READ_CONSUME_CHECK_CONSUMER) timestamp=6443 ms, used_size=12171264 bytes (29.7%)
(RDMA_READ_CONSUME_CHECK_CONSUMER) timestamp=6443 ms, used_size=12169216 bytes (29.7%)
(RDMA_READ_CONSUME_CHECK_CONSUMER) timestamp=6443 ms, used_size=12167168 bytes (29.7%)
(RDMA_READ_CONSUME_CHECK_CONSUMER) timestamp=6443 ms, used_size=12165120 bytes (29.7%)
(RDMA_READ_CONSUME_CHECK_CONSUMER) timestamp=6443 ms, used_size=12163072 bytes (29.7%)
(RDMA_READ_CONSUME_CHECK_CONSUMER) timestamp=6443 ms, used_size=12161024 bytes (29.7%)
(RDMA_READ_CONSUME_CHECK_CONSUMER) timestamp=6443 ms, used_size=12158976 bytes (29.7%)
(RDMA_READ_CONSUME_CHECK_CONSUMER) timestamp=6443 ms, used_size=12156928 bytes (29.7%)
(RDMA_READ_CONSUME_CHECK_CONSUMER) timestamp=6443 ms, used_size=12154880 bytes (29.7%)
(RDMA_READ_CONSUME_CHECK_CONSUMER) timestamp=6443 ms, used_size=12152832 bytes (29.7%)
(RDMA_READ_CONSUME_CHECK_CONSUMER) timestamp=6443 ms, used_size=12150784 bytes (29.7%)
(RDMA_READ_CONSUME_CHECK_CONSUMER) timestamp=6443 ms, used_size=12148736 bytes (29.7%)
(RDMA_READ_CONSUME_CHECK_CONSUMER) timestamp=6443 ms, used_size=12146688 bytes (29.7%)
(RDMA_READ_CONSUME_CHECK_CONSUMER) timestamp=6443 ms, used_size=12144640 bytes (29.6%)
(RDMA_READ_CONSUME_CHECK_CONSUMER) timestamp=6443 ms, used_size=12142592 bytes (29.6%)
(RDMA_READ_CONSUME_CHECK_CONSUMER) timestamp=6443 ms, used_size=12140544 bytes (29.6%)
(RDMA_READ_CONSUME_CHECK_CONSUMER) timestamp=6443 ms, used_size=12138496 bytes (29.6%)
(RDMA_READ_CONSUME_CHECK_CONSUMER) timestamp=6443 ms, used_size=12136448 bytes (29.6%)
(RDMA_READ_CONSUME_CHECK_CONSUMER) timestamp=6443 ms, used_size=12134400 bytes (29.6%)
(RDMA_READ_CONSUME_CHECK_CONSUMER) timestamp=6443 ms, used_size=12132352 bytes (29.6%)
(RDMA_READ_CONSUME_CHECK_CONSUMER) timestamp=6443 ms, used_size=12130304 bytes (29.6%)
(RDMA_READ_CONSUME_CHECK_CONSUMER) timestamp=6443 ms, used_size=12128256 bytes (29.6%)
(RDMA_READ_CONSUME_CHECK_CONSUMER) timestamp=6443 ms, used_size=12126208 bytes (29.6%)
(RDMA_READ_CONSUME_CHECK_CONSUMER) timestamp=6443 ms, used_size=12124160 bytes (29.6%)
(RDMA_READ_CONSUME_CHECK_CONSUMER) timestamp=6443 ms, used_size=12122112 bytes (29.6%)
(RDMA_READ_CONSUME_CHECK_CONSUMER) timestamp=6443 ms, used_size=12120064 bytes (29.6%)
(RDMA_READ_CONSUME_CHECK_CONSUMER) timestamp=6443 ms, used_size=12118016 bytes (29.6%)
(RDMA_READ_CONSUME_CHECK_CONSUMER) timestamp=6443 ms, used_size=12115968 bytes (29.6%)
(RDMA_READ_CONSUME_CHECK_CONSUMER) timestamp=6443 ms, used_size=12113920 bytes (29.6%)
(RDMA_READ_CONSUME_CHECK_CONSUMER) timestamp=6443 ms, used_size=12111872 bytes (29.6%)
(RDMA_READ_CONSUME_CHECK_CONSUMER) timestamp=6443 ms, used_size=12109824 bytes (29.6%)
(RDMA_READ_CONSUME_CHECK_CONSUMER) timestamp=6443 ms, used_size=12107776 bytes (29.6%)
(RDMA_READ_CONSUME_CHECK_CONSUMER) timestamp=6443 ms, used_size=12105728 bytes (29.6%)
(RDMA_READ_CONSUME_CHECK_CONSUMER) timestamp=6443 ms, used_size=12103680 bytes (29.6%)
(RDMA_READ_CONSUME_CHECK_CONSUMER) timestamp=6443 ms, used_size=12101632 bytes (29.5%)
(RDMA_READ_CONSUME_CHECK_CONSUMER) timestamp=6443 ms, used_size=12099584 bytes (29.5%)
(RDMA_READ_CONSUME_CHECK_CONSUMER) timestamp=6443 ms, used_size=12097536 bytes (29.5%)
(RDMA_READ_CONSUME_CHECK_CONSUMER) timestamp=6443 ms, used_size=12095488 bytes (29.5%)
(RDMA_READ_CONSUME_CHECK_CONSUMER) timestamp=6443 ms, used_size=12093440 bytes (29.5%)
(RDMA_READ_CONSUME_CHECK_CONSUMER) timestamp=6443 ms, used_size=12091392 bytes (29.5%)
(RDMA_READ_CONSUME_CHECK_CONSUMER) timestamp=6443 ms, used_size=12089344 bytes (29.5%)
(RDMA_READ_CONSUME_CHECK_CONSUMER) timestamp=6443 ms, used_size=12087296 bytes (29.5%)
(RDMA_READ_CONSUME_CHECK_CONSUMER) timestamp=6443 ms, used_size=12085248 bytes (29.5%)
(RDMA_READ_CONSUME_CHECK_CONSUMER) timestamp=6443 ms, used_size=12083200 bytes (29.5%)
(RDMA_READ_CONSUME_CHECK_CONSUMER) timestamp=6443 ms, used_size=12081152 bytes (29.5%)
(RDMA_READ_CONSUME_CHECK_CONSUMER) timestamp=6443 ms, used_size=12079104 bytes (29.5%)
(RDMA_READ_CONSUME_CHECK_CONSUMER) timestamp=6443 ms, used_size=12077056 bytes (29.5%)
(RDMA_READ_CONSUME_CHECK_CONSUMER) timestamp=6443 ms, used_size=12075008 bytes (29.5%)
(RDMA_READ_CONSUME_CHECK_CONSUMER) timestamp=6443 ms, used_size=12072960 bytes (29.5%)
(RDMA_READ_CONSUME_CHECK_CONSUMER) timestamp=6443 ms, used_size=12070912 bytes (29.5%)
(RDMA_READ_CONSUME_CHECK_CONSUMER) timestamp=6443 ms, used_size=12068864 bytes (29.5%)
(RDMA_READ_CONSUME_CHECK_CONSUMER) timestamp=6443 ms, used_size=12066816 bytes (29.5%)
(RDMA_READ_CONSUME_CHECK_CONSUMER) timestamp=6443 ms, used_size=12064768 bytes (29.5%)
(RDMA_READ_CONSUME_CHECK_CONSUMER) timestamp=6443 ms, used_size=12062720 bytes (29.4%)
(RDMA_READ_CONSUME_CHECK_CONSUMER) timestamp=6443 ms, used_size=12060672 bytes (29.4%)
(RDMA_READ_CONSUME_CHECK_CONSUMER) timestamp=6443 ms, used_size=12058624 bytes (29.4%)
(RDMA_READ_CONSUME_CHECK_CONSUMER) timestamp=6443 ms, used_size=12056576 bytes (29.4%)
(RDMA_READ_CONSUME_CHECK_CONSUMER) timestamp=6443 ms, used_size=12054528 bytes (29.4%)
(RDMA_READ_CONSUME_CHECK_CONSUMER) timestamp=6443 ms, used_size=12052480 bytes (29.4%)
(RDMA_READ_CONSUME_CHECK_CONSUMER) timestamp=6443 ms, used_size=12050432 bytes (29.4%)
(RDMA_READ_CONSUME_CHECK_CONSUMER) timestamp=6443 ms, used_size=12048384 bytes (29.4%)
(RDMA_READ_CONSUME_CHECK_CONSUMER) timestamp=6443 ms, used_size=12046336 bytes (29.4%)
(RDMA_READ_CONSUME_CHECK_CONSUMER) timestamp=6443 ms, used_size=12044288 bytes (29.4%)
(RDMA_READ_CONSUME_CHECK_CONSUMER) timestamp=6443 ms, used_size=12042240 bytes (29.4%)
(RDMA_READ_CONSUME_CHECK_CONSUMER) timestamp=6443 ms, used_size=12040192 bytes (29.4%)
(RDMA_READ_CONSUME_CHECK_CONSUMER) timestamp=6443 ms, used_size=12038144 bytes (29.4%)
(RDMA_READ_CONSUME_CHECK_CONSUMER) timestamp=6443 ms, used_size=12036096 bytes (29.4%)
(RDMA_READ_CONSUME_CHECK_CONSUMER) timestamp=6443 ms, used_size=12034048 bytes (29.4%)
(RDMA_READ_CONSUME_CHECK_CONSUMER) timestamp=6443 ms, used_size=12032000 bytes (29.4%)
(RDMA_READ_CONSUME_CHECK_CONSUMER) timestamp=6443 ms, used_size=12029952 bytes (29.4%)
(RDMA_READ_CONSUME_CHECK_CONSUMER) timestamp=6443 ms, used_size=12027904 bytes (29.4%)
(RDMA_READ_CONSUME_CHECK_CONSUMER) timestamp=6443 ms, used_size=12025856 bytes (29.4%)
(RDMA_READ_CONSUME_CHECK_CONSUMER) timestamp=6443 ms, used_size=12023808 bytes (29.4%)
(RDMA_READ_CONSUME_CHECK_CONSUMER) timestamp=6443 ms, used_size=12021760 bytes (29.4%)
(RDMA_READ_CONSUME_CHECK_CONSUMER) timestamp=6443 ms, used_size=12019712 bytes (29.3%)
(RDMA_READ_CONSUME_CHECK_CONSUMER) timestamp=6443 ms, used_size=12017664 bytes (29.3%)
(RDMA_READ_CONSUME_CHECK_CONSUMER) timestamp=6443 ms, used_size=12015616 bytes (29.3%)
(RDMA_READ_CONSUME_CHECK_CONSUMER) timestamp=6443 ms, used_size=12013568 bytes (29.3%)
(RDMA_READ_CONSUME_CHECK_CONSUMER) timestamp=6443 ms, used_size=12011520 bytes (29.3%)
(RDMA_READ_CONSUME_CHECK_CONSUMER) timestamp=6443 ms, used_size=12009472 bytes (29.3%)
(RDMA_READ_CONSUME_CHECK_CONSUMER) timestamp=6443 ms, used_size=12007424 bytes (29.3%)
(RDMA_READ_CONSUME_CHECK_CONSUMER) timestamp=6443 ms, used_size=12005376 bytes (29.3%)
(RDMA_READ_CONSUME_CHECK_CONSUMER) timestamp=6443 ms, used_size=12003328 bytes (29.3%)
(RDMA_READ_CONSUME_CHECK_CONSUMER) timestamp=6443 ms, used_size=12001280 bytes (29.3%)
(RDMA_READ_CONSUME_CHECK_CONSUMER) timestamp=6443 ms, used_size=11999232 bytes (29.3%)
(RDMA_READ_CONSUME_CHECK_CONSUMER) timestamp=6443 ms, used_size=11997184 bytes (29.3%)
(RDMA_READ_CONSUME_CHECK_CONSUMER) timestamp=6443 ms, used_size=11995136 bytes (29.3%)
(RDMA_READ_CONSUME_CHECK_CONSUMER) timestamp=6443 ms, used_size=11993088 bytes (29.3%)
(RDMA_READ_CONSUME_CHECK_CONSUMER) timestamp=6443 ms, used_size=11991040 bytes (29.3%)
(RDMA_READ_CONSUME_CHECK_CONSUMER) timestamp=6443 ms, used_size=11988992 bytes (29.3%)
(RDMA_READ_CONSUME_CHECK_CONSUMER) timestamp=6443 ms, used_size=11986944 bytes (29.3%)
(RDMA_READ_CONSUME_CHECK_CONSUMER) timestamp=6443 ms, used_size=11984896 bytes (29.3%)
(RDMA_READ_CONSUME_CHECK_CONSUMER) timestamp=6443 ms, used_size=11982848 bytes (29.3%)
(RDMA_READ_CONSUME_CHECK_CONSUMER) timestamp=6443 ms, used_size=11980800 bytes (29.2%)
(RDMA_READ_CONSUME_CHECK_CONSUMER) timestamp=6443 ms, used_size=11978752 bytes (29.2%)
(RDMA_READ_CONSUME_CHECK_CONSUMER) timestamp=6443 ms, used_size=11976704 bytes (29.2%)
(RDMA_READ_CONSUME_CHECK_CONSUMER) timestamp=6443 ms, used_size=11974656 bytes (29.2%)
(RDMA_READ_CONSUME_CHECK_CONSUMER) timestamp=6443 ms, used_size=11972608 bytes (29.2%)
(RDMA_READ_CONSUME_CHECK_CONSUMER) timestamp=6443 ms, used_size=11970560 bytes (29.2%)
(RDMA_READ_CONSUME_CHECK_CONSUMER) timestamp=6443 ms, used_size=11968512 bytes (29.2%)
(RDMA_READ_CONSUME_CHECK_CONSUMER) timestamp=6443 ms, used_size=11966464 bytes (29.2%)
(RDMA_READ_CONSUME_CHECK_CONSUMER) timestamp=6443 ms, used_size=11964416 bytes (29.2%)
(RDMA_READ_CONSUME_CHECK_CONSUMER) timestamp=6443 ms, used_size=11962368 bytes (29.2%)
(RDMA_READ_CONSUME_CHECK_CONSUMER) timestamp=6443 ms, used_size=11960320 bytes (29.2%)
(RDMA_READ_CONSUME_CHECK_CONSUMER) timestamp=6443 ms, used_size=11958272 bytes (29.2%)
(RDMA_READ_CONSUME_CHECK_CONSUMER) timestamp=6443 ms, used_size=11956224 bytes (29.2%)
(RDMA_READ_CONSUME_CHECK_CONSUMER) timestamp=6443 ms, used_size=11954176 bytes (29.2%)
(RDMA_READ_CONSUME_CHECK_CONSUMER) timestamp=6443 ms, used_size=11952128 bytes (29.2%)
(RDMA_READ_CONSUME_CHECK_CONSUMER) timestamp=6443 ms, used_size=11950080 bytes (29.2%)
(RDMA_READ_CONSUME_CHECK_CONSUMER) timestamp=6443 ms, used_size=11948032 bytes (29.2%)
(RDMA_READ_CONSUME_CHECK_CONSUMER) timestamp=6443 ms, used_size=11945984 bytes (29.2%)
(RDMA_READ_CONSUME_CHECK_CONSUMER) timestamp=6443 ms, used_size=11943936 bytes (29.2%)
(RDMA_READ_CONSUME_CHECK_CONSUMER) timestamp=6443 ms, used_size=11941888 bytes (29.2%)
(RDMA_READ_CONSUME_CHECK_CONSUMER) timestamp=6443 ms, used_size=11939840 bytes (29.1%)
(RDMA_READ_CONSUME_CHECK_CONSUMER) timestamp=6443 ms, used_size=11937792 bytes (29.1%)
(RDMA_READ_CONSUME_CHECK_CONSUMER) timestamp=6443 ms, used_size=11935744 bytes (29.1%)
(RDMA_READ_CONSUME_CHECK_CONSUMER) timestamp=6443 ms, used_size=11933696 bytes (29.1%)
(RDMA_READ_CONSUME_CHECK_CONSUMER) timestamp=6443 ms, used_size=11931648 bytes (29.1%)
(RDMA_READ_CONSUME_CHECK_CONSUMER) timestamp=6443 ms, used_size=11929600 bytes (29.1%)
(RDMA_READ_CONSUME_CHECK_CONSUMER) timestamp=6443 ms, used_size=11927552 bytes (29.1%)
(RDMA_READ_CONSUME_CHECK_CONSUMER) timestamp=6443 ms, used_size=11925504 bytes (29.1%)
(RDMA_READ_CONSUME_CHECK_CONSUMER) timestamp=6443 ms, used_size=11923456 bytes (29.1%)
(RDMA_READ_CONSUME_CHECK_CONSUMER) timestamp=6443 ms, used_size=11921408 bytes (29.1%)
(RDMA_READ_CONSUME_CHECK_CONSUMER) timestamp=6443 ms, used_size=11919360 bytes (29.1%)
(RDMA_READ_CONSUME_CHECK_CONSUMER) timestamp=6443 ms, used_size=11917312 bytes (29.1%)
(RDMA_READ_CONSUME_CHECK_CONSUMER) timestamp=6443 ms, used_size=11915264 bytes (29.1%)
(RDMA_READ_CONSUME_CHECK_CONSUMER) timestamp=6443 ms, used_size=11913216 bytes (29.1%)
(RDMA_READ_CONSUME_CHECK_CONSUMER) timestamp=6443 ms, used_size=11911168 bytes (29.1%)
(RDMA_READ_CONSUME_CHECK_CONSUMER) timestamp=6443 ms, used_size=11909120 bytes (29.1%)
(RDMA_READ_CONSUME_CHECK_CONSUMER) timestamp=6443 ms, used_size=11907072 bytes (29.1%)
(RDMA_READ_CONSUME_CHECK_CONSUMER) timestamp=6443 ms, used_size=11905024 bytes (29.1%)
(RDMA_READ_CONSUME_CHECK_CONSUMER) timestamp=6443 ms, used_size=11902976 bytes (29.1%)
(RDMA_READ_CONSUME_CHECK_CONSUMER) timestamp=6443 ms, used_size=11900928 bytes (29.1%)
(RDMA_READ_CONSUME_CHECK_CONSUMER) timestamp=6443 ms, used_size=11898880 bytes (29.1%)
(RDMA_READ_CONSUME_CHECK_CONSUMER) timestamp=6443 ms, used_size=11896832 bytes (29.0%)
(RDMA_READ_CONSUME_CHECK_CONSUMER) timestamp=6443 ms, used_size=11894784 bytes (29.0%)
(RDMA_READ_CONSUME_CHECK_CONSUMER) timestamp=6443 ms, used_size=11892736 bytes (29.0%)
(RDMA_READ_CONSUME_CHECK_CONSUMER) timestamp=6443 ms, used_size=11890688 bytes (29.0%)
(RDMA_READ_CONSUME_CHECK_CONSUMER) timestamp=6443 ms, used_size=11888640 bytes (29.0%)
(RDMA_READ_CONSUME_CHECK_CONSUMER) timestamp=6443 ms, used_size=11886592 bytes (29.0%)
(RDMA_READ_CONSUME_CHECK_CONSUMER) timestamp=6443 ms, used_size=11884544 bytes (29.0%)
(RDMA_READ_CONSUME_CHECK_CONSUMER) timestamp=6443 ms, used_size=11882496 bytes (29.0%)
(RDMA_READ_CONSUME_CHECK_CONSUMER) timestamp=6443 ms, used_size=11880448 bytes (29.0%)
(RDMA_READ_CONSUME_CHECK_CONSUMER) timestamp=6443 ms, used_size=11878400 bytes (29.0%)
(RDMA_READ_CONSUME_CHECK_CONSUMER) timestamp=6443 ms, used_size=11876352 bytes (29.0%)
(RDMA_READ_CONSUME_CHECK_CONSUMER) timestamp=6443 ms, used_size=11874304 bytes (29.0%)
(RDMA_READ_CONSUME_CHECK_CONSUMER) timestamp=6443 ms, used_size=11872256 bytes (29.0%)
(RDMA_READ_CONSUME_CHECK_CONSUMER) timestamp=6443 ms, used_size=11870208 bytes (29.0%)
(RDMA_READ_CONSUME_CHECK_CONSUMER) timestamp=6443 ms, used_size=11868160 bytes (29.0%)
(RDMA_READ_CONSUME_CHECK_CONSUMER) timestamp=6443 ms, used_size=11866112 bytes (29.0%)
(RDMA_READ_CONSUME_CHECK_CONSUMER) timestamp=6443 ms, used_size=11864064 bytes (29.0%)
(RDMA_READ_CONSUME_CHECK_CONSUMER) timestamp=6443 ms, used_size=11862016 bytes (29.0%)
(RDMA_READ_CONSUME_CHECK_CONSUMER) timestamp=6443 ms, used_size=11859968 bytes (29.0%)
(RDMA_READ_CONSUME_CHECK_CONSUMER) timestamp=6443 ms, used_size=11857920 bytes (28.9%)
(RDMA_READ_CONSUME_CHECK_CONSUMER) timestamp=6443 ms, used_size=11855872 bytes (28.9%)
(RDMA_READ_CONSUME_CHECK_CONSUMER) timestamp=6443 ms, used_size=11853824 bytes (28.9%)
(RDMA_READ_CONSUME_CHECK_CONSUMER) timestamp=6443 ms, used_size=11851776 bytes (28.9%)
(RDMA_READ_CONSUME_CHECK_CONSUMER) timestamp=6443 ms, used_size=11849728 bytes (28.9%)
(RDMA_READ_CONSUME_CHECK_CONSUMER) timestamp=6443 ms, used_size=11847680 bytes (28.9%)
(RDMA_READ_CONSUME_CHECK_CONSUMER) timestamp=6443 ms, used_size=11845632 bytes (28.9%)
(RDMA_READ_CONSUME_CHECK_CONSUMER) timestamp=6443 ms, used_size=11843584 bytes (28.9%)
(RDMA_READ_CONSUME_CHECK_CONSUMER) timestamp=6443 ms, used_size=11841536 bytes (28.9%)
(RDMA_READ_CONSUME_CHECK_CONSUMER) timestamp=6443 ms, used_size=11839488 bytes (28.9%)
(RDMA_READ_CONSUME_CHECK_CONSUMER) timestamp=6443 ms, used_size=11837440 bytes (28.9%)
(RDMA_READ_CONSUME_CHECK_CONSUMER) timestamp=6443 ms, used_size=11835392 bytes (28.9%)
(RDMA_READ_CONSUME_CHECK_CONSUMER) timestamp=6443 ms, used_size=11833344 bytes (28.9%)
(RDMA_READ_CONSUME_CHECK_CONSUMER) timestamp=6443 ms, used_size=11831296 bytes (28.9%)
(RDMA_READ_CONSUME_CHECK_CONSUMER) timestamp=6444 ms, used_size=11829248 bytes (28.9%)
(RDMA_READ_CONSUME_CHECK_CONSUMER) timestamp=6444 ms, used_size=11827200 bytes (28.9%)
(RDMA_READ_CONSUME_CHECK_CONSUMER) timestamp=6444 ms, used_size=11825152 bytes (28.9%)
(RDMA_READ_CONSUME_CHECK_CONSUMER) timestamp=6444 ms, used_size=11823104 bytes (28.9%)
(RDMA_READ_CONSUME_CHECK_CONSUMER) timestamp=6444 ms, used_size=11821056 bytes (28.9%)
(RDMA_READ_CONSUME_CHECK_CONSUMER) timestamp=6444 ms, used_size=11819008 bytes (28.9%)
(RDMA_READ_CONSUME_CHECK_CONSUMER) timestamp=6444 ms, used_size=11816960 bytes (28.9%)
(RDMA_READ_CONSUME_CHECK_CONSUMER) timestamp=6444 ms, used_size=11814912 bytes (28.8%)
(RDMA_READ_CONSUME_CHECK_CONSUMER) timestamp=6444 ms, used_size=11812864 bytes (28.8%)
(RDMA_READ_CONSUME_CHECK_CONSUMER) timestamp=6444 ms, used_size=11810816 bytes (28.8%)
(RDMA_READ_CONSUME_CHECK_CONSUMER) timestamp=6444 ms, used_size=11808768 bytes (28.8%)
(RDMA_READ_CONSUME_CHECK_CONSUMER) timestamp=6444 ms, used_size=11806720 bytes (28.8%)
(RDMA_READ_CONSUME_CHECK_CONSUMER) timestamp=6444 ms, used_size=11804672 bytes (28.8%)
(RDMA_READ_CONSUME_CHECK_CONSUMER) timestamp=6444 ms, used_size=11802624 bytes (28.8%)
(RDMA_READ_CONSUME_CHECK_CONSUMER) timestamp=6444 ms, used_size=11800576 bytes (28.8%)
(RDMA_READ_CONSUME_CHECK_CONSUMER) timestamp=6444 ms, used_size=11798528 bytes (28.8%)
(RDMA_READ_CONSUME_CHECK_CONSUMER) timestamp=6444 ms, used_size=11796480 bytes (28.8%)
(RDMA_READ_CONSUME_CHECK_CONSUMER) timestamp=6444 ms, used_size=11794432 bytes (28.8%)
(RDMA_READ_CONSUME_CHECK_CONSUMER) timestamp=6444 ms, used_size=11792384 bytes (28.8%)
(RDMA_READ_CONSUME_CHECK_CONSUMER) timestamp=6444 ms, used_size=11790336 bytes (28.8%)
(RDMA_READ_CONSUME_CHECK_CONSUMER) timestamp=6444 ms, used_size=11788288 bytes (28.8%)
(RDMA_READ_CONSUME_CHECK_CONSUMER) timestamp=6444 ms, used_size=11786240 bytes (28.8%)
(RDMA_READ_CONSUME_CHECK_CONSUMER) timestamp=6444 ms, used_size=11784192 bytes (28.8%)
(RDMA_READ_CONSUME_CHECK_CONSUMER) timestamp=6444 ms, used_size=11782144 bytes (28.8%)
(RDMA_READ_CONSUME_CHECK_CONSUMER) timestamp=6444 ms, used_size=11780096 bytes (28.8%)
(RDMA_READ_CONSUME_CHECK_CONSUMER) timestamp=6444 ms, used_size=11778048 bytes (28.8%)
(RDMA_READ_CONSUME_CHECK_CONSUMER) timestamp=6444 ms, used_size=11776000 bytes (28.8%)
(RDMA_READ_CONSUME_CHECK_CONSUMER) timestamp=6444 ms, used_size=11773952 bytes (28.7%)
(RDMA_READ_CONSUME_CHECK_CONSUMER) timestamp=6444 ms, used_size=11771904 bytes (28.7%)
(RDMA_READ_CONSUME_CHECK_CONSUMER) timestamp=6444 ms, used_size=11769856 bytes (28.7%)
(RDMA_READ_CONSUME_CHECK_CONSUMER) timestamp=6444 ms, used_size=11767808 bytes (28.7%)
(RDMA_READ_CONSUME_CHECK_CONSUMER) timestamp=6444 ms, used_size=11765760 bytes (28.7%)
(RDMA_READ_CONSUME_CHECK_CONSUMER) timestamp=6444 ms, used_size=11763712 bytes (28.7%)
(RDMA_READ_CONSUME_CHECK_CONSUMER) timestamp=6444 ms, used_size=11761664 bytes (28.7%)
(RDMA_READ_CONSUME_CHECK_CONSUMER) timestamp=6444 ms, used_size=11759616 bytes (28.7%)
(RDMA_READ_CONSUME_CHECK_CONSUMER) timestamp=6444 ms, used_size=11757568 bytes (28.7%)
(RDMA_READ_CONSUME_CHECK_CONSUMER) timestamp=6444 ms, used_size=11755520 bytes (28.7%)
(RDMA_READ_CONSUME_CHECK_CONSUMER) timestamp=6444 ms, used_size=11753472 bytes (28.7%)
(RDMA_READ_CONSUME_CHECK_CONSUMER) timestamp=6444 ms, used_size=11751424 bytes (28.7%)
(RDMA_READ_CONSUME_CHECK_CONSUMER) timestamp=6444 ms, used_size=11749376 bytes (28.7%)
(RDMA_READ_CONSUME_CHECK_CONSUMER) timestamp=6444 ms, used_size=11747328 bytes (28.7%)
(RDMA_READ_CONSUME_CHECK_CONSUMER) timestamp=6444 ms, used_size=11745280 bytes (28.7%)
(RDMA_READ_CONSUME_CHECK_CONSUMER) timestamp=6444 ms, used_size=11743232 bytes (28.7%)
(RDMA_READ_CONSUME_CHECK_CONSUMER) timestamp=6444 ms, used_size=11741184 bytes (28.7%)
(RDMA_READ_CONSUME_CHECK_CONSUMER) timestamp=6444 ms, used_size=11739136 bytes (28.7%)
(RDMA_READ_CONSUME_CHECK_CONSUMER) timestamp=6444 ms, used_size=11737088 bytes (28.7%)
(RDMA_READ_CONSUME_CHECK_CONSUMER) timestamp=6444 ms, used_size=11735040 bytes (28.6%)
(RDMA_READ_CONSUME_CHECK_CONSUMER) timestamp=6444 ms, used_size=11732992 bytes (28.6%)
(RDMA_READ_CONSUME_CHECK_CONSUMER) timestamp=6444 ms, used_size=11730944 bytes (28.6%)
(RDMA_READ_CONSUME_CHECK_CONSUMER) timestamp=6444 ms, used_size=11728896 bytes (28.6%)
(RDMA_READ_CONSUME_CHECK_CONSUMER) timestamp=6444 ms, used_size=11726848 bytes (28.6%)
(RDMA_READ_CONSUME_CHECK_CONSUMER) timestamp=6444 ms, used_size=11724800 bytes (28.6%)
(RDMA_READ_CONSUME_CHECK_CONSUMER) timestamp=6444 ms, used_size=11722752 bytes (28.6%)
(RDMA_READ_CONSUME_CHECK_CONSUMER) timestamp=6444 ms, used_size=11720704 bytes (28.6%)
(RDMA_READ_CONSUME_CHECK_CONSUMER) timestamp=6444 ms, used_size=11718656 bytes (28.6%)
(RDMA_READ_CONSUME_CHECK_CONSUMER) timestamp=6444 ms, used_size=11716608 bytes (28.6%)
(RDMA_READ_CONSUME_CHECK_CONSUMER) timestamp=6444 ms, used_size=11714560 bytes (28.6%)
(RDMA_READ_CONSUME_CHECK_CONSUMER) timestamp=6444 ms, used_size=11712512 bytes (28.6%)
(RDMA_READ_CONSUME_CHECK_CONSUMER) timestamp=6444 ms, used_size=11710464 bytes (28.6%)
(RDMA_READ_CONSUME_CHECK_CONSUMER) timestamp=6444 ms, used_size=11708416 bytes (28.6%)
(RDMA_READ_CONSUME_CHECK_CONSUMER) timestamp=6444 ms, used_size=11706368 bytes (28.6%)
(RDMA_READ_CONSUME_CHECK_CONSUMER) timestamp=6444 ms, used_size=11704320 bytes (28.6%)
(RDMA_READ_CONSUME_CHECK_CONSUMER) timestamp=6444 ms, used_size=11702272 bytes (28.6%)
(RDMA_READ_CONSUME_CHECK_CONSUMER) timestamp=6444 ms, used_size=11700224 bytes (28.6%)
(RDMA_READ_CONSUME_CHECK_CONSUMER) timestamp=6444 ms, used_size=11698176 bytes (28.6%)
(RDMA_READ_CONSUME_CHECK_CONSUMER) timestamp=6444 ms, used_size=11696128 bytes (28.6%)
(RDMA_READ_CONSUME_CHECK_CONSUMER) timestamp=6444 ms, used_size=11694080 bytes (28.6%)
(RDMA_READ_CONSUME_CHECK_CONSUMER) timestamp=6444 ms, used_size=11692032 bytes (28.5%)
(RDMA_READ_CONSUME_CHECK_CONSUMER) timestamp=6444 ms, used_size=11689984 bytes (28.5%)
(RDMA_READ_CONSUME_CHECK_CONSUMER) timestamp=6444 ms, used_size=11687936 bytes (28.5%)
(RDMA_READ_CONSUME_CHECK_CONSUMER) timestamp=6444 ms, used_size=11685888 bytes (28.5%)
(RDMA_READ_CONSUME_CHECK_CONSUMER) timestamp=6444 ms, used_size=11683840 bytes (28.5%)
(RDMA_READ_CONSUME_CHECK_CONSUMER) timestamp=6444 ms, used_size=11681792 bytes (28.5%)
(RDMA_READ_CONSUME_CHECK_CONSUMER) timestamp=6444 ms, used_size=11679744 bytes (28.5%)
(RDMA_READ_CONSUME_CHECK_CONSUMER) timestamp=6444 ms, used_size=11677696 bytes (28.5%)
(RDMA_READ_CONSUME_CHECK_CONSUMER) timestamp=6444 ms, used_size=11675648 bytes (28.5%)
(RDMA_READ_CONSUME_CHECK_CONSUMER) timestamp=6444 ms, used_size=11673600 bytes (28.5%)
(RDMA_READ_CONSUME_CHECK_CONSUMER) timestamp=6444 ms, used_size=11671552 bytes (28.5%)
(RDMA_READ_CONSUME_CHECK_CONSUMER) timestamp=6444 ms, used_size=11669504 bytes (28.5%)
(RDMA_READ_CONSUME_CHECK_CONSUMER) timestamp=6444 ms, used_size=11667456 bytes (28.5%)
(RDMA_READ_CONSUME_CHECK_CONSUMER) timestamp=6444 ms, used_size=11665408 bytes (28.5%)
(RDMA_READ_CONSUME_CHECK_CONSUMER) timestamp=6444 ms, used_size=11663360 bytes (28.5%)
(RDMA_READ_CONSUME_CHECK_CONSUMER) timestamp=6444 ms, used_size=11661312 bytes (28.5%)
(RDMA_READ_CONSUME_CHECK_CONSUMER) timestamp=6444 ms, used_size=11659264 bytes (28.5%)
(RDMA_READ_CONSUME_CHECK_CONSUMER) timestamp=6444 ms, used_size=11657216 bytes (28.5%)
(RDMA_READ_CONSUME_CHECK_CONSUMER) timestamp=6444 ms, used_size=11655168 bytes (28.5%)
(RDMA_READ_CONSUME_CHECK_CONSUMER) timestamp=6444 ms, used_size=11653120 bytes (28.4%)
(RDMA_READ_CONSUME_CHECK_CONSUMER) timestamp=6444 ms, used_size=11651072 bytes (28.4%)
(RDMA_READ_CONSUME_CHECK_CONSUMER) timestamp=6444 ms, used_size=11649024 bytes (28.4%)
(RDMA_READ_CONSUME_CHECK_CONSUMER) timestamp=6444 ms, used_size=11646976 bytes (28.4%)
(RDMA_READ_CONSUME_CHECK_CONSUMER) timestamp=6444 ms, used_size=11644928 bytes (28.4%)
(RDMA_READ_CONSUME_CHECK_CONSUMER) timestamp=6444 ms, used_size=11642880 bytes (28.4%)
(RDMA_READ_CONSUME_CHECK_CONSUMER) timestamp=6444 ms, used_size=11640832 bytes (28.4%)
(RDMA_READ_CONSUME_CHECK_CONSUMER) timestamp=6444 ms, used_size=11638784 bytes (28.4%)
(RDMA_READ_CONSUME_CHECK_CONSUMER) timestamp=6444 ms, used_size=11636736 bytes (28.4%)
(RDMA_READ_CONSUME_CHECK_CONSUMER) timestamp=6444 ms, used_size=11634688 bytes (28.4%)
(RDMA_READ_CONSUME_CHECK_CONSUMER) timestamp=6444 ms, used_size=11632640 bytes (28.4%)
(RDMA_READ_CONSUME_CHECK_CONSUMER) timestamp=6444 ms, used_size=11630592 bytes (28.4%)
(RDMA_READ_CONSUME_CHECK_CONSUMER) timestamp=6444 ms, used_size=11628544 bytes (28.4%)
(RDMA_READ_CONSUME_CHECK_CONSUMER) timestamp=6444 ms, used_size=11626496 bytes (28.4%)
(RDMA_READ_CONSUME_CHECK_CONSUMER) timestamp=6444 ms, used_size=11624448 bytes (28.4%)
(RDMA_READ_CONSUME_CHECK_CONSUMER) timestamp=6444 ms, used_size=11622400 bytes (28.4%)
(RDMA_READ_CONSUME_CHECK_CONSUMER) timestamp=6444 ms, used_size=11620352 bytes (28.4%)
(RDMA_READ_CONSUME_CHECK_CONSUMER) timestamp=6444 ms, used_size=11618304 bytes (28.4%)
(RDMA_READ_CONSUME_CHECK_CONSUMER) timestamp=6444 ms, used_size=11616256 bytes (28.4%)
(RDMA_READ_CONSUME_CHECK_CONSUMER) timestamp=6444 ms, used_size=11614208 bytes (28.4%)
(RDMA_READ_CONSUME_CHECK_CONSUMER) timestamp=6444 ms, used_size=11612160 bytes (28.4%)
(RDMA_READ_CONSUME_CHECK_CONSUMER) timestamp=6444 ms, used_size=11610112 bytes (28.3%)
(RDMA_READ_CONSUME_CHECK_CONSUMER) timestamp=6444 ms, used_size=11608064 bytes (28.3%)
(RDMA_READ_CONSUME_CHECK_CONSUMER) timestamp=6444 ms, used_size=11606016 bytes (28.3%)
(RDMA_READ_CONSUME_CHECK_CONSUMER) timestamp=6444 ms, used_size=11603968 bytes (28.3%)
(RDMA_READ_CONSUME_CHECK_CONSUMER) timestamp=6444 ms, used_size=11601920 bytes (28.3%)
(RDMA_READ_CONSUME_CHECK_CONSUMER) timestamp=6444 ms, used_size=11599872 bytes (28.3%)
(RDMA_READ_CONSUME_CHECK_CONSUMER) timestamp=6444 ms, used_size=11597824 bytes (28.3%)
(RDMA_READ_CONSUME_CHECK_CONSUMER) timestamp=6444 ms, used_size=11595776 bytes (28.3%)
(RDMA_READ_CONSUME_CHECK_CONSUMER) timestamp=6444 ms, used_size=11593728 bytes (28.3%)
(RDMA_READ_CONSUME_CHECK_CONSUMER) timestamp=6444 ms, used_size=11591680 bytes (28.3%)
(RDMA_READ_CONSUME_CHECK_CONSUMER) timestamp=6444 ms, used_size=11589632 bytes (28.3%)
(RDMA_READ_CONSUME_CHECK_CONSUMER) timestamp=6444 ms, used_size=11587584 bytes (28.3%)
(RDMA_READ_CONSUME_CHECK_CONSUMER) timestamp=6444 ms, used_size=11585536 bytes (28.3%)
(RDMA_READ_CONSUME_CHECK_CONSUMER) timestamp=6444 ms, used_size=11583488 bytes (28.3%)
(RDMA_READ_CONSUME_CHECK_CONSUMER) timestamp=6444 ms, used_size=11581440 bytes (28.3%)
(RDMA_READ_CONSUME_CHECK_CONSUMER) timestamp=6444 ms, used_size=11579392 bytes (28.3%)
(RDMA_READ_CONSUME_CHECK_CONSUMER) timestamp=6444 ms, used_size=11577344 bytes (28.3%)
(RDMA_READ_CONSUME_CHECK_CONSUMER) timestamp=6444 ms, used_size=11575296 bytes (28.3%)
(RDMA_READ_CONSUME_CHECK_CONSUMER) timestamp=6444 ms, used_size=11573248 bytes (28.3%)
(RDMA_READ_CONSUME_CHECK_CONSUMER) timestamp=6444 ms, used_size=11571200 bytes (28.2%)
(RDMA_READ_CONSUME_CHECK_CONSUMER) timestamp=6444 ms, used_size=11569152 bytes (28.2%)
(RDMA_READ_CONSUME_CHECK_CONSUMER) timestamp=6444 ms, used_size=11567104 bytes (28.2%)
(RDMA_READ_CONSUME_CHECK_CONSUMER) timestamp=6444 ms, used_size=11565056 bytes (28.2%)
(RDMA_READ_CONSUME_CHECK_CONSUMER) timestamp=6444 ms, used_size=11563008 bytes (28.2%)
(RDMA_READ_CONSUME_CHECK_CONSUMER) timestamp=6444 ms, used_size=11560960 bytes (28.2%)
(RDMA_READ_CONSUME_CHECK_CONSUMER) timestamp=6444 ms, used_size=11558912 bytes (28.2%)
(RDMA_READ_CONSUME_CHECK_CONSUMER) timestamp=6444 ms, used_size=11556864 bytes (28.2%)
(RDMA_READ_CONSUME_CHECK_CONSUMER) timestamp=6444 ms, used_size=11554816 bytes (28.2%)
(RDMA_READ_CONSUME_CHECK_CONSUMER) timestamp=6444 ms, used_size=11552768 bytes (28.2%)
(RDMA_READ_CONSUME_CHECK_CONSUMER) timestamp=6444 ms, used_size=11550720 bytes (28.2%)
(RDMA_READ_CONSUME_CHECK_CONSUMER) timestamp=6444 ms, used_size=11548672 bytes (28.2%)
(RDMA_READ_CONSUME_CHECK_CONSUMER) timestamp=6444 ms, used_size=11546624 bytes (28.2%)
(RDMA_READ_CONSUME_CHECK_CONSUMER) timestamp=6444 ms, used_size=11544576 bytes (28.2%)
(RDMA_READ_CONSUME_CHECK_CONSUMER) timestamp=6444 ms, used_size=11542528 bytes (28.2%)
(RDMA_READ_CONSUME_CHECK_CONSUMER) timestamp=6444 ms, used_size=11540480 bytes (28.2%)
(RDMA_READ_CONSUME_CHECK_CONSUMER) timestamp=6444 ms, used_size=11538432 bytes (28.2%)
(RDMA_READ_CONSUME_CHECK_CONSUMER) timestamp=6444 ms, used_size=11536384 bytes (28.2%)
(RDMA_READ_CONSUME_CHECK_CONSUMER) timestamp=6444 ms, used_size=11534336 bytes (28.2%)
(RDMA_READ_CONSUME_CHECK_CONSUMER) timestamp=6444 ms, used_size=11532288 bytes (28.2%)
(RDMA_READ_CONSUME_CHECK_CONSUMER) timestamp=6444 ms, used_size=11530240 bytes (28.1%)
(RDMA_READ_CONSUME_CHECK_CONSUMER) timestamp=6444 ms, used_size=11528192 bytes (28.1%)
(RDMA_READ_CONSUME_CHECK_CONSUMER) timestamp=6444 ms, used_size=11526144 bytes (28.1%)
(RDMA_READ_CONSUME_CHECK_CONSUMER) timestamp=6444 ms, used_size=11524096 bytes (28.1%)
(RDMA_READ_CONSUME_CHECK_CONSUMER) timestamp=6444 ms, used_size=11522048 bytes (28.1%)
(RDMA_READ_CONSUME_CHECK_CONSUMER) timestamp=6444 ms, used_size=11520000 bytes (28.1%)
(RDMA_READ_CONSUME_CHECK_CONSUMER) timestamp=6444 ms, used_size=11517952 bytes (28.1%)
(RDMA_READ_CONSUME_CHECK_CONSUMER) timestamp=6444 ms, used_size=11515904 bytes (28.1%)
(RDMA_READ_CONSUME_CHECK_CONSUMER) timestamp=6444 ms, used_size=11513856 bytes (28.1%)
(RDMA_READ_CONSUME_CHECK_CONSUMER) timestamp=6444 ms, used_size=11511808 bytes (28.1%)
(RDMA_READ_CONSUME_CHECK_CONSUMER) timestamp=6444 ms, used_size=11509760 bytes (28.1%)
(RDMA_READ_CONSUME_CHECK_CONSUMER) timestamp=6444 ms, used_size=11507712 bytes (28.1%)
(RDMA_READ_CONSUME_CHECK_CONSUMER) timestamp=6444 ms, used_size=11505664 bytes (28.1%)
(RDMA_READ_CONSUME_CHECK_CONSUMER) timestamp=6444 ms, used_size=11503616 bytes (28.1%)
(RDMA_READ_CONSUME_CHECK_CONSUMER) timestamp=6444 ms, used_size=11501568 bytes (28.1%)
(RDMA_READ_CONSUME_CHECK_CONSUMER) timestamp=6444 ms, used_size=11499520 bytes (28.1%)
(RDMA_READ_CONSUME_CHECK_CONSUMER) timestamp=6444 ms, used_size=11497472 bytes (28.1%)
(RDMA_READ_CONSUME_CHECK_CONSUMER) timestamp=6444 ms, used_size=11495424 bytes (28.1%)
(RDMA_READ_CONSUME_CHECK_CONSUMER) timestamp=6444 ms, used_size=11493376 bytes (28.1%)
(RDMA_READ_CONSUME_CHECK_CONSUMER) timestamp=6444 ms, used_size=11491328 bytes (28.1%)
(RDMA_READ_CONSUME_CHECK_CONSUMER) timestamp=6444 ms, used_size=11489280 bytes (28.1%)
(RDMA_READ_CONSUME_CHECK_CONSUMER) timestamp=6444 ms, used_size=11487232 bytes (28.0%)
(RDMA_READ_CONSUME_CHECK_CONSUMER) timestamp=6444 ms, used_size=11485184 bytes (28.0%)
(RDMA_READ_CONSUME_CHECK_CONSUMER) timestamp=6444 ms, used_size=11483136 bytes (28.0%)
(RDMA_READ_CONSUME_CHECK_CONSUMER) timestamp=6444 ms, used_size=11481088 bytes (28.0%)
(RDMA_READ_CONSUME_CHECK_CONSUMER) timestamp=6444 ms, used_size=11479040 bytes (28.0%)
(RDMA_READ_CONSUME_CHECK_CONSUMER) timestamp=6444 ms, used_size=11476992 bytes (28.0%)
(RDMA_READ_CONSUME_CHECK_CONSUMER) timestamp=6444 ms, used_size=11474944 bytes (28.0%)
(RDMA_READ_CONSUME_CHECK_CONSUMER) timestamp=6444 ms, used_size=11472896 bytes (28.0%)
(RDMA_READ_CONSUME_CHECK_CONSUMER) timestamp=6444 ms, used_size=11470848 bytes (28.0%)
(RDMA_READ_CONSUME_CHECK_CONSUMER) timestamp=6444 ms, used_size=11468800 bytes (28.0%)
(RDMA_READ_CONSUME_CHECK_CONSUMER) timestamp=6444 ms, used_size=11466752 bytes (28.0%)
(RDMA_READ_CONSUME_CHECK_CONSUMER) timestamp=6445 ms, used_size=11464704 bytes (28.0%)
(RDMA_READ_CONSUME_CHECK_CONSUMER) timestamp=6445 ms, used_size=11462656 bytes (28.0%)
(RDMA_READ_CONSUME_CHECK_CONSUMER) timestamp=6445 ms, used_size=11460608 bytes (28.0%)
(RDMA_READ_CONSUME_CHECK_CONSUMER) timestamp=6445 ms, used_size=11458560 bytes (28.0%)
(RDMA_READ_CONSUME_CHECK_CONSUMER) timestamp=6445 ms, used_size=11456512 bytes (28.0%)
(RDMA_READ_CONSUME_CHECK_CONSUMER) timestamp=6445 ms, used_size=11454464 bytes (28.0%)
(RDMA_READ_CONSUME_CHECK_CONSUMER) timestamp=6445 ms, used_size=11452416 bytes (28.0%)
(RDMA_READ_CONSUME_CHECK_CONSUMER) timestamp=6445 ms, used_size=11450368 bytes (28.0%)
(RDMA_READ_CONSUME_CHECK_CONSUMER) timestamp=6445 ms, used_size=11448320 bytes (27.9%)
(RDMA_READ_CONSUME_CHECK_CONSUMER) timestamp=6445 ms, used_size=11446272 bytes (27.9%)
(RDMA_READ_CONSUME_CHECK_CONSUMER) timestamp=6445 ms, used_size=11444224 bytes (27.9%)
(RDMA_READ_CONSUME_CHECK_CONSUMER) timestamp=6445 ms, used_size=11442176 bytes (27.9%)
(RDMA_READ_CONSUME_CHECK_CONSUMER) timestamp=6445 ms, used_size=11440128 bytes (27.9%)
(RDMA_READ_CONSUME_CHECK_CONSUMER) timestamp=6445 ms, used_size=11438080 bytes (27.9%)
(RDMA_READ_CONSUME_CHECK_CONSUMER) timestamp=6445 ms, used_size=11436032 bytes (27.9%)
(RDMA_READ_CONSUME_CHECK_CONSUMER) timestamp=6445 ms, used_size=11433984 bytes (27.9%)
(RDMA_READ_CONSUME_CHECK_CONSUMER) timestamp=6445 ms, used_size=11431936 bytes (27.9%)
(RDMA_READ_CONSUME_CHECK_CONSUMER) timestamp=6445 ms, used_size=11429888 bytes (27.9%)
(RDMA_READ_CONSUME_CHECK_CONSUMER) timestamp=6445 ms, used_size=11427840 bytes (27.9%)
(RDMA_READ_CONSUME_CHECK_CONSUMER) timestamp=6445 ms, used_size=11425792 bytes (27.9%)
(RDMA_READ_CONSUME_CHECK_CONSUMER) timestamp=6445 ms, used_size=11423744 bytes (27.9%)
(RDMA_READ_CONSUME_CHECK_CONSUMER) timestamp=6445 ms, used_size=11421696 bytes (27.9%)
(RDMA_READ_CONSUME_CHECK_CONSUMER) timestamp=6445 ms, used_size=11419648 bytes (27.9%)
(RDMA_READ_CONSUME_CHECK_CONSUMER) timestamp=6445 ms, used_size=11417600 bytes (27.9%)
(RDMA_READ_CONSUME_CHECK_CONSUMER) timestamp=6445 ms, used_size=11415552 bytes (27.9%)
(RDMA_READ_CONSUME_CHECK_CONSUMER) timestamp=6445 ms, used_size=11413504 bytes (27.9%)
(RDMA_READ_CONSUME_CHECK_CONSUMER) timestamp=6445 ms, used_size=11411456 bytes (27.9%)
(RDMA_READ_CONSUME_CHECK_CONSUMER) timestamp=6445 ms, used_size=11409408 bytes (27.9%)
(RDMA_READ_CONSUME_CHECK_CONSUMER) timestamp=6445 ms, used_size=11407360 bytes (27.9%)
(RDMA_READ_CONSUME_CHECK_CONSUMER) timestamp=6445 ms, used_size=11405312 bytes (27.8%)
(RDMA_READ_CONSUME_CHECK_CONSUMER) timestamp=6445 ms, used_size=11403264 bytes (27.8%)
(RDMA_READ_CONSUME_CHECK_CONSUMER) timestamp=6445 ms, used_size=11401216 bytes (27.8%)
(RDMA_READ_CONSUME_CHECK_CONSUMER) timestamp=6445 ms, used_size=11399168 bytes (27.8%)
(RDMA_READ_CONSUME_CHECK_CONSUMER) timestamp=6445 ms, used_size=11397120 bytes (27.8%)
(RDMA_READ_CONSUME_CHECK_CONSUMER) timestamp=6445 ms, used_size=11395072 bytes (27.8%)
(RDMA_READ_CONSUME_CHECK_CONSUMER) timestamp=6445 ms, used_size=11393024 bytes (27.8%)
(RDMA_READ_CONSUME_CHECK_CONSUMER) timestamp=6445 ms, used_size=11390976 bytes (27.8%)
(RDMA_READ_CONSUME_CHECK_CONSUMER) timestamp=6445 ms, used_size=11388928 bytes (27.8%)
(RDMA_READ_CONSUME_CHECK_CONSUMER) timestamp=6445 ms, used_size=11386880 bytes (27.8%)
(RDMA_READ_CONSUME_CHECK_CONSUMER) timestamp=6445 ms, used_size=11384832 bytes (27.8%)
(RDMA_READ_CONSUME_CHECK_CONSUMER) timestamp=6445 ms, used_size=11382784 bytes (27.8%)
(RDMA_READ_CONSUME_CHECK_CONSUMER) timestamp=6445 ms, used_size=11380736 bytes (27.8%)
(RDMA_READ_CONSUME_CHECK_CONSUMER) timestamp=6445 ms, used_size=11378688 bytes (27.8%)
(RDMA_READ_CONSUME_CHECK_CONSUMER) timestamp=6445 ms, used_size=11376640 bytes (27.8%)
(RDMA_READ_CONSUME_CHECK_CONSUMER) timestamp=6445 ms, used_size=11374592 bytes (27.8%)
(RDMA_READ_CONSUME_CHECK_CONSUMER) timestamp=6445 ms, used_size=11372544 bytes (27.8%)
(RDMA_READ_CONSUME_CHECK_CONSUMER) timestamp=6445 ms, used_size=11370496 bytes (27.8%)
(RDMA_READ_CONSUME_CHECK_CONSUMER) timestamp=6445 ms, used_size=11368448 bytes (27.8%)
(RDMA_READ_CONSUME_CHECK_CONSUMER) timestamp=6445 ms, used_size=11366400 bytes (27.8%)
(RDMA_READ_CONSUME_CHECK_CONSUMER) timestamp=6445 ms, used_size=11364352 bytes (27.7%)
(RDMA_READ_CONSUME_CHECK_CONSUMER) timestamp=6445 ms, used_size=11362304 bytes (27.7%)
(RDMA_READ_CONSUME_CHECK_CONSUMER) timestamp=6445 ms, used_size=11360256 bytes (27.7%)
(RDMA_READ_CONSUME_CHECK_CONSUMER) timestamp=6445 ms, used_size=11358208 bytes (27.7%)
(RDMA_READ_CONSUME_CHECK_CONSUMER) timestamp=6445 ms, used_size=11356160 bytes (27.7%)
(RDMA_READ_CONSUME_CHECK_CONSUMER) timestamp=6445 ms, used_size=11354112 bytes (27.7%)
(RDMA_READ_CONSUME_CHECK_CONSUMER) timestamp=6445 ms, used_size=11352064 bytes (27.7%)
(RDMA_READ_CONSUME_CHECK_CONSUMER) timestamp=6445 ms, used_size=11350016 bytes (27.7%)
(RDMA_READ_CONSUME_CHECK_CONSUMER) timestamp=6445 ms, used_size=11347968 bytes (27.7%)
(RDMA_READ_CONSUME_CHECK_CONSUMER) timestamp=6445 ms, used_size=11345920 bytes (27.7%)
(RDMA_READ_CONSUME_CHECK_CONSUMER) timestamp=6445 ms, used_size=11343872 bytes (27.7%)
(RDMA_READ_CONSUME_CHECK_CONSUMER) timestamp=6445 ms, used_size=11341824 bytes (27.7%)
(RDMA_READ_CONSUME_CHECK_CONSUMER) timestamp=6445 ms, used_size=11339776 bytes (27.7%)
(RDMA_READ_CONSUME_CHECK_CONSUMER) timestamp=6445 ms, used_size=11337728 bytes (27.7%)
(RDMA_READ_CONSUME_CHECK_CONSUMER) timestamp=6445 ms, used_size=11335680 bytes (27.7%)
(RDMA_READ_CONSUME_CHECK_CONSUMER) timestamp=6445 ms, used_size=11333632 bytes (27.7%)
(RDMA_READ_CONSUME_CHECK_CONSUMER) timestamp=6445 ms, used_size=11331584 bytes (27.7%)
(RDMA_READ_CONSUME_CHECK_CONSUMER) timestamp=6445 ms, used_size=11329536 bytes (27.7%)
(RDMA_READ_CONSUME_CHECK_CONSUMER) timestamp=6445 ms, used_size=11327488 bytes (27.7%)
(RDMA_READ_CONSUME_CHECK_CONSUMER) timestamp=6445 ms, used_size=11325440 bytes (27.6%)
(RDMA_READ_CONSUME_CHECK_CONSUMER) timestamp=6445 ms, used_size=11323392 bytes (27.6%)
(RDMA_READ_CONSUME_CHECK_CONSUMER) timestamp=6445 ms, used_size=11321344 bytes (27.6%)
(RDMA_READ_CONSUME_CHECK_CONSUMER) timestamp=6445 ms, used_size=11319296 bytes (27.6%)
(RDMA_READ_CONSUME_CHECK_CONSUMER) timestamp=6445 ms, used_size=11317248 bytes (27.6%)
(RDMA_READ_CONSUME_CHECK_CONSUMER) timestamp=6445 ms, used_size=11315200 bytes (27.6%)
(RDMA_READ_CONSUME_CHECK_CONSUMER) timestamp=6445 ms, used_size=11313152 bytes (27.6%)
(RDMA_READ_CONSUME_CHECK_CONSUMER) timestamp=6445 ms, used_size=11311104 bytes (27.6%)
(RDMA_READ_CONSUME_CHECK_CONSUMER) timestamp=6445 ms, used_size=11309056 bytes (27.6%)
(RDMA_READ_CONSUME_CHECK_CONSUMER) timestamp=6445 ms, used_size=11307008 bytes (27.6%)
(RDMA_READ_CONSUME_CHECK_CONSUMER) timestamp=6445 ms, used_size=11304960 bytes (27.6%)
(RDMA_READ_CONSUME_CHECK_CONSUMER) timestamp=6445 ms, used_size=11302912 bytes (27.6%)
(RDMA_READ_CONSUME_CHECK_CONSUMER) timestamp=6445 ms, used_size=11300864 bytes (27.6%)
(RDMA_READ_CONSUME_CHECK_CONSUMER) timestamp=6445 ms, used_size=11298816 bytes (27.6%)
(RDMA_READ_CONSUME_CHECK_CONSUMER) timestamp=6445 ms, used_size=11296768 bytes (27.6%)
(RDMA_READ_CONSUME_CHECK_CONSUMER) timestamp=6445 ms, used_size=11294720 bytes (27.6%)
(RDMA_READ_CONSUME_CHECK_CONSUMER) timestamp=6445 ms, used_size=11292672 bytes (27.6%)
(RDMA_READ_CONSUME_CHECK_CONSUMER) timestamp=6445 ms, used_size=11290624 bytes (27.6%)
(RDMA_READ_CONSUME_CHECK_CONSUMER) timestamp=6445 ms, used_size=11288576 bytes (27.6%)
(RDMA_READ_CONSUME_CHECK_CONSUMER) timestamp=6445 ms, used_size=11286528 bytes (27.6%)
(RDMA_READ_CONSUME_CHECK_CONSUMER) timestamp=6445 ms, used_size=11284480 bytes (27.6%)
(RDMA_READ_CONSUME_CHECK_CONSUMER) timestamp=6445 ms, used_size=11282432 bytes (27.5%)
(RDMA_READ_CONSUME_CHECK_CONSUMER) timestamp=6445 ms, used_size=11280384 bytes (27.5%)
(RDMA_READ_CONSUME_CHECK_CONSUMER) timestamp=6445 ms, used_size=11278336 bytes (27.5%)
(RDMA_READ_CONSUME_CHECK_CONSUMER) timestamp=6445 ms, used_size=11276288 bytes (27.5%)
(RDMA_READ_CONSUME_CHECK_CONSUMER) timestamp=6445 ms, used_size=11274240 bytes (27.5%)
(RDMA_READ_CONSUME_CHECK_CONSUMER) timestamp=6445 ms, used_size=11272192 bytes (27.5%)
(RDMA_READ_CONSUME_CHECK_CONSUMER) timestamp=6445 ms, used_size=11270144 bytes (27.5%)
(RDMA_READ_CONSUME_CHECK_CONSUMER) timestamp=6445 ms, used_size=11268096 bytes (27.5%)
(RDMA_READ_CONSUME_CHECK_CONSUMER) timestamp=6445 ms, used_size=11266048 bytes (27.5%)
(RDMA_READ_CONSUME_CHECK_CONSUMER) timestamp=6445 ms, used_size=11264000 bytes (27.5%)
(RDMA_READ_CONSUME_CHECK_CONSUMER) timestamp=6445 ms, used_size=11261952 bytes (27.5%)
(RDMA_READ_CONSUME_CHECK_CONSUMER) timestamp=6445 ms, used_size=11259904 bytes (27.5%)
(RDMA_READ_CONSUME_CHECK_CONSUMER) timestamp=6445 ms, used_size=11257856 bytes (27.5%)
(RDMA_READ_CONSUME_CHECK_CONSUMER) timestamp=6445 ms, used_size=11255808 bytes (27.5%)
(RDMA_READ_CONSUME_CHECK_CONSUMER) timestamp=6445 ms, used_size=11253760 bytes (27.5%)
(RDMA_READ_CONSUME_CHECK_CONSUMER) timestamp=6445 ms, used_size=11251712 bytes (27.5%)
(RDMA_READ_CONSUME_CHECK_CONSUMER) timestamp=6445 ms, used_size=11249664 bytes (27.5%)
(RDMA_READ_CONSUME_CHECK_CONSUMER) timestamp=6445 ms, used_size=11247616 bytes (27.5%)
(RDMA_READ_CONSUME_CHECK_CONSUMER) timestamp=6445 ms, used_size=11245568 bytes (27.5%)
(RDMA_READ_CONSUME_CHECK_CONSUMER) timestamp=6445 ms, used_size=11243520 bytes (27.4%)
(RDMA_READ_CONSUME_CHECK_CONSUMER) timestamp=6445 ms, used_size=11241472 bytes (27.4%)
(RDMA_READ_CONSUME_CHECK_CONSUMER) timestamp=6445 ms, used_size=11239424 bytes (27.4%)
(RDMA_READ_CONSUME_CHECK_CONSUMER) timestamp=6445 ms, used_size=11237376 bytes (27.4%)
(RDMA_READ_CONSUME_CHECK_CONSUMER) timestamp=6445 ms, used_size=11235328 bytes (27.4%)
(RDMA_READ_CONSUME_CHECK_CONSUMER) timestamp=6445 ms, used_size=11233280 bytes (27.4%)
(RDMA_READ_CONSUME_CHECK_CONSUMER) timestamp=6445 ms, used_size=11231232 bytes (27.4%)
(RDMA_READ_CONSUME_CHECK_CONSUMER) timestamp=6445 ms, used_size=11229184 bytes (27.4%)
(RDMA_READ_CONSUME_CHECK_CONSUMER) timestamp=6445 ms, used_size=11227136 bytes (27.4%)
(RDMA_READ_CONSUME_CHECK_CONSUMER) timestamp=6445 ms, used_size=11225088 bytes (27.4%)
(RDMA_READ_CONSUME_CHECK_CONSUMER) timestamp=6445 ms, used_size=11223040 bytes (27.4%)
(RDMA_READ_CONSUME_CHECK_CONSUMER) timestamp=6445 ms, used_size=11220992 bytes (27.4%)
(RDMA_READ_CONSUME_CHECK_CONSUMER) timestamp=6445 ms, used_size=11218944 bytes (27.4%)
(RDMA_READ_CONSUME_CHECK_CONSUMER) timestamp=6445 ms, used_size=11216896 bytes (27.4%)
(RDMA_READ_CONSUME_CHECK_CONSUMER) timestamp=6445 ms, used_size=11214848 bytes (27.4%)
(RDMA_READ_CONSUME_CHECK_CONSUMER) timestamp=6445 ms, used_size=11212800 bytes (27.4%)
(RDMA_READ_CONSUME_CHECK_CONSUMER) timestamp=6445 ms, used_size=11210752 bytes (27.4%)
(RDMA_READ_CONSUME_CHECK_CONSUMER) timestamp=6445 ms, used_size=11208704 bytes (27.4%)
(RDMA_READ_CONSUME_CHECK_CONSUMER) timestamp=6445 ms, used_size=11206656 bytes (27.4%)
(RDMA_READ_CONSUME_CHECK_CONSUMER) timestamp=6445 ms, used_size=11204608 bytes (27.4%)
(RDMA_READ_CONSUME_CHECK_CONSUMER) timestamp=6445 ms, used_size=11202560 bytes (27.4%)
(RDMA_READ_CONSUME_CHECK_CONSUMER) timestamp=6445 ms, used_size=11200512 bytes (27.3%)
(RDMA_READ_CONSUME_CHECK_CONSUMER) timestamp=6445 ms, used_size=11198464 bytes (27.3%)
(RDMA_READ_CONSUME_CHECK_CONSUMER) timestamp=6445 ms, used_size=11196416 bytes (27.3%)
(RDMA_READ_CONSUME_CHECK_CONSUMER) timestamp=6445 ms, used_size=11194368 bytes (27.3%)
(RDMA_READ_CONSUME_CHECK_CONSUMER) timestamp=6445 ms, used_size=11192320 bytes (27.3%)
(RDMA_READ_CONSUME_CHECK_CONSUMER) timestamp=6445 ms, used_size=11190272 bytes (27.3%)
(RDMA_READ_CONSUME_CHECK_CONSUMER) timestamp=6445 ms, used_size=11188224 bytes (27.3%)
(RDMA_READ_CONSUME_CHECK_CONSUMER) timestamp=6445 ms, used_size=11186176 bytes (27.3%)
(RDMA_READ_CONSUME_CHECK_CONSUMER) timestamp=6445 ms, used_size=11184128 bytes (27.3%)
(RDMA_READ_CONSUME_CHECK_CONSUMER) timestamp=6445 ms, used_size=11182080 bytes (27.3%)
(RDMA_READ_CONSUME_CHECK_CONSUMER) timestamp=6445 ms, used_size=11180032 bytes (27.3%)
(RDMA_READ_CONSUME_CHECK_CONSUMER) timestamp=6445 ms, used_size=11177984 bytes (27.3%)
(RDMA_READ_CONSUME_CHECK_CONSUMER) timestamp=6445 ms, used_size=11175936 bytes (27.3%)
(RDMA_READ_CONSUME_CHECK_CONSUMER) timestamp=6445 ms, used_size=11173888 bytes (27.3%)
(RDMA_READ_CONSUME_CHECK_CONSUMER) timestamp=6445 ms, used_size=11171840 bytes (27.3%)
(RDMA_READ_CONSUME_CHECK_CONSUMER) timestamp=6445 ms, used_size=11169792 bytes (27.3%)
(RDMA_READ_CONSUME_CHECK_CONSUMER) timestamp=6445 ms, used_size=11167744 bytes (27.3%)
(RDMA_READ_CONSUME_CHECK_CONSUMER) timestamp=6445 ms, used_size=11165696 bytes (27.3%)
(RDMA_READ_CONSUME_CHECK_CONSUMER) timestamp=6445 ms, used_size=11163648 bytes (27.3%)
(RDMA_READ_CONSUME_CHECK_CONSUMER) timestamp=6445 ms, used_size=11161600 bytes (27.2%)
(RDMA_READ_CONSUME_CHECK_CONSUMER) timestamp=6445 ms, used_size=11159552 bytes (27.2%)
(RDMA_READ_CONSUME_CHECK_CONSUMER) timestamp=6445 ms, used_size=11157504 bytes (27.2%)
(RDMA_READ_CONSUME_CHECK_CONSUMER) timestamp=6445 ms, used_size=11155456 bytes (27.2%)
(RDMA_READ_CONSUME_CHECK_CONSUMER) timestamp=6445 ms, used_size=11153408 bytes (27.2%)
(RDMA_READ_CONSUME_CHECK_CONSUMER) timestamp=6445 ms, used_size=11151360 bytes (27.2%)
(RDMA_READ_CONSUME_CHECK_CONSUMER) timestamp=6445 ms, used_size=11149312 bytes (27.2%)
(RDMA_READ_CONSUME_CHECK_CONSUMER) timestamp=6445 ms, used_size=11147264 bytes (27.2%)
(RDMA_READ_CONSUME_CHECK_CONSUMER) timestamp=6445 ms, used_size=11145216 bytes (27.2%)
(RDMA_READ_CONSUME_CHECK_CONSUMER) timestamp=6445 ms, used_size=11143168 bytes (27.2%)
(RDMA_READ_CONSUME_CHECK_CONSUMER) timestamp=6445 ms, used_size=11141120 bytes (27.2%)
(RDMA_READ_CONSUME_CHECK_CONSUMER) timestamp=6445 ms, used_size=11139072 bytes (27.2%)
(RDMA_READ_CONSUME_CHECK_CONSUMER) timestamp=6445 ms, used_size=11137024 bytes (27.2%)
(RDMA_READ_CONSUME_CHECK_CONSUMER) timestamp=6445 ms, used_size=11134976 bytes (27.2%)
(RDMA_READ_CONSUME_CHECK_CONSUMER) timestamp=6445 ms, used_size=11132928 bytes (27.2%)
(RDMA_READ_CONSUME_CHECK_CONSUMER) timestamp=6445 ms, used_size=11130880 bytes (27.2%)
(RDMA_READ_CONSUME_CHECK_CONSUMER) timestamp=6445 ms, used_size=11128832 bytes (27.2%)
(RDMA_READ_CONSUME_CHECK_CONSUMER) timestamp=6445 ms, used_size=11126784 bytes (27.2%)
(RDMA_READ_CONSUME_CHECK_CONSUMER) timestamp=6445 ms, used_size=11124736 bytes (27.2%)
(RDMA_READ_CONSUME_CHECK_CONSUMER) timestamp=6445 ms, used_size=11122688 bytes (27.2%)
(RDMA_READ_CONSUME_CHECK_CONSUMER) timestamp=6445 ms, used_size=11120640 bytes (27.1%)
(RDMA_READ_CONSUME_CHECK_CONSUMER) timestamp=6445 ms, used_size=11118592 bytes (27.1%)
(RDMA_READ_CONSUME_CHECK_CONSUMER) timestamp=6445 ms, used_size=11116544 bytes (27.1%)
(RDMA_READ_CONSUME_CHECK_CONSUMER) timestamp=6445 ms, used_size=11114496 bytes (27.1%)
(RDMA_READ_CONSUME_CHECK_CONSUMER) timestamp=6445 ms, used_size=11112448 bytes (27.1%)
(RDMA_READ_CONSUME_CHECK_CONSUMER) timestamp=6445 ms, used_size=11110400 bytes (27.1%)
(RDMA_READ_CONSUME_CHECK_CONSUMER) timestamp=6445 ms, used_size=11108352 bytes (27.1%)
(RDMA_READ_CONSUME_CHECK_CONSUMER) timestamp=6445 ms, used_size=11106304 bytes (27.1%)
(RDMA_READ_CONSUME_CHECK_CONSUMER) timestamp=6445 ms, used_size=11104256 bytes (27.1%)
(RDMA_READ_CONSUME_CHECK_CONSUMER) timestamp=6445 ms, used_size=11102208 bytes (27.1%)
(RDMA_READ_CONSUME_CHECK_CONSUMER) timestamp=6445 ms, used_size=11100160 bytes (27.1%)
(RDMA_READ_CONSUME_CHECK_CONSUMER) timestamp=6445 ms, used_size=11098112 bytes (27.1%)
(RDMA_READ_CONSUME_CHECK_CONSUMER) timestamp=6445 ms, used_size=11096064 bytes (27.1%)
(RDMA_READ_CONSUME_CHECK_CONSUMER) timestamp=6445 ms, used_size=11094016 bytes (27.1%)
(RDMA_READ_CONSUME_CHECK_CONSUMER) timestamp=6446 ms, used_size=11091968 bytes (27.1%)
(RDMA_READ_CONSUME_CHECK_CONSUMER) timestamp=6446 ms, used_size=11089920 bytes (27.1%)
(RDMA_READ_CONSUME_CHECK_CONSUMER) timestamp=6446 ms, used_size=11087872 bytes (27.1%)
(RDMA_READ_CONSUME_CHECK_CONSUMER) timestamp=6446 ms, used_size=11085824 bytes (27.1%)
(RDMA_READ_CONSUME_CHECK_CONSUMER) timestamp=6446 ms, used_size=11083776 bytes (27.1%)
(RDMA_READ_CONSUME_CHECK_CONSUMER) timestamp=6446 ms, used_size=11081728 bytes (27.1%)
(RDMA_READ_CONSUME_CHECK_CONSUMER) timestamp=6446 ms, used_size=11079680 bytes (27.1%)
(RDMA_READ_CONSUME_CHECK_CONSUMER) timestamp=6446 ms, used_size=11077632 bytes (27.0%)
(RDMA_READ_CONSUME_CHECK_CONSUMER) timestamp=6446 ms, used_size=11075584 bytes (27.0%)
(RDMA_READ_CONSUME_CHECK_CONSUMER) timestamp=6446 ms, used_size=11073536 bytes (27.0%)
(RDMA_READ_CONSUME_CHECK_CONSUMER) timestamp=6446 ms, used_size=11071488 bytes (27.0%)
(RDMA_READ_CONSUME_CHECK_CONSUMER) timestamp=6446 ms, used_size=11069440 bytes (27.0%)
(RDMA_READ_CONSUME_CHECK_CONSUMER) timestamp=6446 ms, used_size=11067392 bytes (27.0%)
(RDMA_READ_CONSUME_CHECK_CONSUMER) timestamp=6446 ms, used_size=11065344 bytes (27.0%)
(RDMA_READ_CONSUME_CHECK_CONSUMER) timestamp=6446 ms, used_size=11063296 bytes (27.0%)
(RDMA_READ_CONSUME_CHECK_CONSUMER) timestamp=6446 ms, used_size=11061248 bytes (27.0%)
(RDMA_READ_CONSUME_CHECK_CONSUMER) timestamp=6446 ms, used_size=11059200 bytes (27.0%)
(RDMA_READ_CONSUME_CHECK_CONSUMER) timestamp=6446 ms, used_size=11057152 bytes (27.0%)
(RDMA_READ_CONSUME_CHECK_CONSUMER) timestamp=6446 ms, used_size=11055104 bytes (27.0%)
(RDMA_READ_CONSUME_CHECK_CONSUMER) timestamp=6446 ms, used_size=11053056 bytes (27.0%)
(RDMA_READ_CONSUME_CHECK_CONSUMER) timestamp=6446 ms, used_size=11051008 bytes (27.0%)
(RDMA_READ_CONSUME_CHECK_CONSUMER) timestamp=6446 ms, used_size=11048960 bytes (27.0%)
(RDMA_READ_CONSUME_CHECK_CONSUMER) timestamp=6446 ms, used_size=11046912 bytes (27.0%)
(RDMA_READ_CONSUME_CHECK_CONSUMER) timestamp=6446 ms, used_size=11044864 bytes (27.0%)
(RDMA_READ_CONSUME_CHECK_CONSUMER) timestamp=6446 ms, used_size=11042816 bytes (27.0%)
(RDMA_READ_CONSUME_CHECK_CONSUMER) timestamp=6446 ms, used_size=11040768 bytes (27.0%)
(RDMA_READ_CONSUME_CHECK_CONSUMER) timestamp=6446 ms, used_size=11038720 bytes (26.9%)
(RDMA_READ_CONSUME_CHECK_CONSUMER) timestamp=6446 ms, used_size=11036672 bytes (26.9%)
(RDMA_READ_CONSUME_CHECK_CONSUMER) timestamp=6446 ms, used_size=11034624 bytes (26.9%)
(RDMA_READ_CONSUME_CHECK_CONSUMER) timestamp=6446 ms, used_size=11032576 bytes (26.9%)
(RDMA_READ_CONSUME_CHECK_CONSUMER) timestamp=6446 ms, used_size=11030528 bytes (26.9%)
(RDMA_READ_CONSUME_CHECK_CONSUMER) timestamp=6446 ms, used_size=11028480 bytes (26.9%)
(RDMA_READ_CONSUME_CHECK_CONSUMER) timestamp=6446 ms, used_size=11026432 bytes (26.9%)
(RDMA_READ_CONSUME_CHECK_CONSUMER) timestamp=6446 ms, used_size=11024384 bytes (26.9%)
(RDMA_READ_CONSUME_CHECK_CONSUMER) timestamp=6446 ms, used_size=11022336 bytes (26.9%)
(RDMA_READ_CONSUME_CHECK_CONSUMER) timestamp=6446 ms, used_size=11020288 bytes (26.9%)
(RDMA_READ_CONSUME_CHECK_CONSUMER) timestamp=6446 ms, used_size=11018240 bytes (26.9%)
(RDMA_READ_CONSUME_CHECK_CONSUMER) timestamp=6446 ms, used_size=11016192 bytes (26.9%)
(RDMA_READ_CONSUME_CHECK_CONSUMER) timestamp=6446 ms, used_size=11014144 bytes (26.9%)
(RDMA_READ_CONSUME_CHECK_CONSUMER) timestamp=6446 ms, used_size=11012096 bytes (26.9%)
(RDMA_READ_CONSUME_CHECK_CONSUMER) timestamp=6446 ms, used_size=11010048 bytes (26.9%)
(RDMA_READ_CONSUME_CHECK_CONSUMER) timestamp=6446 ms, used_size=11008000 bytes (26.9%)
(RDMA_READ_CONSUME_CHECK_CONSUMER) timestamp=6446 ms, used_size=11005952 bytes (26.9%)
(RDMA_READ_CONSUME_CHECK_CONSUMER) timestamp=6446 ms, used_size=11003904 bytes (26.9%)
(RDMA_READ_CONSUME_CHECK_CONSUMER) timestamp=6446 ms, used_size=11001856 bytes (26.9%)
(RDMA_READ_CONSUME_CHECK_CONSUMER) timestamp=6446 ms, used_size=10999808 bytes (26.9%)
(RDMA_READ_CONSUME_CHECK_CONSUMER) timestamp=6446 ms, used_size=10997760 bytes (26.9%)
(RDMA_READ_CONSUME_CHECK_CONSUMER) timestamp=6446 ms, used_size=10995712 bytes (26.8%)
(RDMA_READ_CONSUME_CHECK_CONSUMER) timestamp=6446 ms, used_size=10993664 bytes (26.8%)
(RDMA_READ_CONSUME_CHECK_CONSUMER) timestamp=6446 ms, used_size=10991616 bytes (26.8%)
(RDMA_READ_CONSUME_CHECK_CONSUMER) timestamp=6446 ms, used_size=10989568 bytes (26.8%)
(RDMA_READ_CONSUME_CHECK_CONSUMER) timestamp=6446 ms, used_size=10987520 bytes (26.8%)
(RDMA_READ_CONSUME_CHECK_CONSUMER) timestamp=6446 ms, used_size=10985472 bytes (26.8%)
(RDMA_READ_CONSUME_CHECK_CONSUMER) timestamp=6446 ms, used_size=10983424 bytes (26.8%)
(RDMA_READ_CONSUME_CHECK_CONSUMER) timestamp=6446 ms, used_size=10981376 bytes (26.8%)
(RDMA_READ_CONSUME_CHECK_CONSUMER) timestamp=6446 ms, used_size=10979328 bytes (26.8%)
(RDMA_READ_CONSUME_CHECK_CONSUMER) timestamp=6446 ms, used_size=10977280 bytes (26.8%)
(RDMA_READ_CONSUME_CHECK_CONSUMER) timestamp=6446 ms, used_size=10975232 bytes (26.8%)
(RDMA_READ_CONSUME_CHECK_CONSUMER) timestamp=6446 ms, used_size=10973184 bytes (26.8%)
(RDMA_READ_CONSUME_CHECK_CONSUMER) timestamp=6446 ms, used_size=10971136 bytes (26.8%)
(RDMA_READ_CONSUME_CHECK_CONSUMER) timestamp=6446 ms, used_size=10969088 bytes (26.8%)
(RDMA_READ_CONSUME_CHECK_CONSUMER) timestamp=6446 ms, used_size=10967040 bytes (26.8%)
(RDMA_READ_CONSUME_CHECK_CONSUMER) timestamp=6446 ms, used_size=10964992 bytes (26.8%)
(RDMA_READ_CONSUME_CHECK_CONSUMER) timestamp=6446 ms, used_size=10962944 bytes (26.8%)
(RDMA_READ_CONSUME_CHECK_CONSUMER) timestamp=6446 ms, used_size=10960896 bytes (26.8%)
(RDMA_READ_CONSUME_CHECK_CONSUMER) timestamp=6446 ms, used_size=10958848 bytes (26.8%)
(RDMA_READ_CONSUME_CHECK_CONSUMER) timestamp=6446 ms, used_size=10956800 bytes (26.8%)
(RDMA_READ_CONSUME_CHECK_CONSUMER) timestamp=6446 ms, used_size=10954752 bytes (26.7%)
(RDMA_READ_CONSUME_CHECK_CONSUMER) timestamp=6446 ms, used_size=10952704 bytes (26.7%)
(RDMA_READ_CONSUME_CHECK_CONSUMER) timestamp=6446 ms, used_size=10950656 bytes (26.7%)
(RDMA_READ_CONSUME_CHECK_CONSUMER) timestamp=6446 ms, used_size=10948608 bytes (26.7%)
(RDMA_READ_CONSUME_CHECK_CONSUMER) timestamp=6446 ms, used_size=10946560 bytes (26.7%)
(RDMA_READ_CONSUME_CHECK_CONSUMER) timestamp=6446 ms, used_size=10944512 bytes (26.7%)
(RDMA_READ_CONSUME_CHECK_CONSUMER) timestamp=6446 ms, used_size=10942464 bytes (26.7%)
(RDMA_READ_CONSUME_CHECK_CONSUMER) timestamp=6446 ms, used_size=10940416 bytes (26.7%)
(RDMA_READ_CONSUME_CHECK_CONSUMER) timestamp=6446 ms, used_size=10938368 bytes (26.7%)
(RDMA_READ_CONSUME_CHECK_CONSUMER) timestamp=6446 ms, used_size=10936320 bytes (26.7%)
(RDMA_READ_CONSUME_CHECK_CONSUMER) timestamp=6446 ms, used_size=10934272 bytes (26.7%)
(RDMA_READ_CONSUME_CHECK_CONSUMER) timestamp=6446 ms, used_size=10932224 bytes (26.7%)
(RDMA_READ_CONSUME_CHECK_CONSUMER) timestamp=6446 ms, used_size=10930176 bytes (26.7%)
(RDMA_READ_CONSUME_CHECK_CONSUMER) timestamp=6446 ms, used_size=10928128 bytes (26.7%)
(RDMA_READ_CONSUME_CHECK_CONSUMER) timestamp=6446 ms, used_size=10926080 bytes (26.7%)
(RDMA_READ_CONSUME_CHECK_CONSUMER) timestamp=6446 ms, used_size=10924032 bytes (26.7%)
(RDMA_READ_CONSUME_CHECK_CONSUMER) timestamp=6446 ms, used_size=10921984 bytes (26.7%)
(RDMA_READ_CONSUME_CHECK_CONSUMER) timestamp=6446 ms, used_size=10919936 bytes (26.7%)
(RDMA_READ_CONSUME_CHECK_CONSUMER) timestamp=6446 ms, used_size=10917888 bytes (26.7%)
(RDMA_READ_CONSUME_CHECK_CONSUMER) timestamp=6446 ms, used_size=10915840 bytes (26.6%)
(RDMA_READ_CONSUME_CHECK_CONSUMER) timestamp=6446 ms, used_size=10913792 bytes (26.6%)
(RDMA_READ_CONSUME_CHECK_CONSUMER) timestamp=6446 ms, used_size=10911744 bytes (26.6%)
(RDMA_READ_CONSUME_CHECK_CONSUMER) timestamp=6446 ms, used_size=10909696 bytes (26.6%)
(RDMA_READ_CONSUME_CHECK_CONSUMER) timestamp=6446 ms, used_size=10907648 bytes (26.6%)
(RDMA_READ_CONSUME_CHECK_CONSUMER) timestamp=6446 ms, used_size=10905600 bytes (26.6%)
(RDMA_READ_CONSUME_CHECK_CONSUMER) timestamp=6446 ms, used_size=10903552 bytes (26.6%)
(RDMA_READ_CONSUME_CHECK_CONSUMER) timestamp=6446 ms, used_size=10901504 bytes (26.6%)
(RDMA_READ_CONSUME_CHECK_CONSUMER) timestamp=6446 ms, used_size=10899456 bytes (26.6%)
(RDMA_READ_CONSUME_CHECK_CONSUMER) timestamp=6446 ms, used_size=10897408 bytes (26.6%)
(RDMA_READ_CONSUME_CHECK_CONSUMER) timestamp=6446 ms, used_size=10895360 bytes (26.6%)
(RDMA_READ_CONSUME_CHECK_CONSUMER) timestamp=6446 ms, used_size=10893312 bytes (26.6%)
(RDMA_READ_CONSUME_CHECK_CONSUMER) timestamp=6446 ms, used_size=10891264 bytes (26.6%)
(RDMA_READ_CONSUME_CHECK_CONSUMER) timestamp=6446 ms, used_size=10889216 bytes (26.6%)
(RDMA_READ_CONSUME_CHECK_CONSUMER) timestamp=6446 ms, used_size=10887168 bytes (26.6%)
(RDMA_READ_CONSUME_CHECK_CONSUMER) timestamp=6446 ms, used_size=10885120 bytes (26.6%)
(RDMA_READ_CONSUME_CHECK_CONSUMER) timestamp=6446 ms, used_size=10883072 bytes (26.6%)
(RDMA_READ_CONSUME_CHECK_CONSUMER) timestamp=6446 ms, used_size=10881024 bytes (26.6%)
(RDMA_READ_CONSUME_CHECK_CONSUMER) timestamp=6446 ms, used_size=10878976 bytes (26.6%)
(RDMA_READ_CONSUME_CHECK_CONSUMER) timestamp=6446 ms, used_size=10876928 bytes (26.6%)
(RDMA_READ_CONSUME_CHECK_CONSUMER) timestamp=6446 ms, used_size=10874880 bytes (26.6%)
(RDMA_READ_CONSUME_CHECK_CONSUMER) timestamp=6446 ms, used_size=10872832 bytes (26.5%)
(RDMA_READ_CONSUME_CHECK_CONSUMER) timestamp=6446 ms, used_size=10870784 bytes (26.5%)
(RDMA_READ_CONSUME_CHECK_CONSUMER) timestamp=6446 ms, used_size=10868736 bytes (26.5%)
(RDMA_READ_CONSUME_CHECK_CONSUMER) timestamp=6446 ms, used_size=10866688 bytes (26.5%)
(RDMA_READ_CONSUME_CHECK_CONSUMER) timestamp=6446 ms, used_size=10864640 bytes (26.5%)
(RDMA_READ_CONSUME_CHECK_CONSUMER) timestamp=6446 ms, used_size=10862592 bytes (26.5%)
(RDMA_READ_CONSUME_CHECK_CONSUMER) timestamp=6446 ms, used_size=10860544 bytes (26.5%)
(RDMA_READ_CONSUME_CHECK_CONSUMER) timestamp=6446 ms, used_size=10858496 bytes (26.5%)
(RDMA_READ_CONSUME_CHECK_CONSUMER) timestamp=6446 ms, used_size=10856448 bytes (26.5%)
(RDMA_READ_CONSUME_CHECK_CONSUMER) timestamp=6446 ms, used_size=10854400 bytes (26.5%)
(RDMA_READ_CONSUME_CHECK_CONSUMER) timestamp=6446 ms, used_size=10852352 bytes (26.5%)
(RDMA_READ_CONSUME_CHECK_CONSUMER) timestamp=6446 ms, used_size=10850304 bytes (26.5%)
(RDMA_READ_CONSUME_CHECK_CONSUMER) timestamp=6446 ms, used_size=10848256 bytes (26.5%)
(RDMA_READ_CONSUME_CHECK_CONSUMER) timestamp=6446 ms, used_size=10846208 bytes (26.5%)
(RDMA_READ_CONSUME_CHECK_CONSUMER) timestamp=6446 ms, used_size=10844160 bytes (26.5%)
(RDMA_READ_CONSUME_CHECK_CONSUMER) timestamp=6446 ms, used_size=10842112 bytes (26.5%)
(RDMA_READ_CONSUME_CHECK_CONSUMER) timestamp=6446 ms, used_size=10840064 bytes (26.5%)
(RDMA_READ_CONSUME_CHECK_CONSUMER) timestamp=6446 ms, used_size=10838016 bytes (26.5%)
(RDMA_READ_CONSUME_CHECK_CONSUMER) timestamp=6446 ms, used_size=10835968 bytes (26.5%)
(RDMA_READ_CONSUME_CHECK_CONSUMER) timestamp=6446 ms, used_size=10833920 bytes (26.4%)
(RDMA_READ_CONSUME_CHECK_CONSUMER) timestamp=6446 ms, used_size=10831872 bytes (26.4%)
(RDMA_READ_CONSUME_CHECK_CONSUMER) timestamp=6446 ms, used_size=10829824 bytes (26.4%)
(RDMA_READ_CONSUME_CHECK_CONSUMER) timestamp=6446 ms, used_size=10827776 bytes (26.4%)
(RDMA_READ_CONSUME_CHECK_CONSUMER) timestamp=6446 ms, used_size=10825728 bytes (26.4%)
(RDMA_READ_CONSUME_CHECK_CONSUMER) timestamp=6446 ms, used_size=10823680 bytes (26.4%)
(RDMA_READ_CONSUME_CHECK_CONSUMER) timestamp=6446 ms, used_size=10821632 bytes (26.4%)
(RDMA_READ_CONSUME_CHECK_CONSUMER) timestamp=6446 ms, used_size=10819584 bytes (26.4%)
(RDMA_READ_CONSUME_CHECK_CONSUMER) timestamp=6446 ms, used_size=10817536 bytes (26.4%)
(RDMA_READ_CONSUME_CHECK_CONSUMER) timestamp=6446 ms, used_size=10815488 bytes (26.4%)
(RDMA_READ_CONSUME_CHECK_CONSUMER) timestamp=6446 ms, used_size=10813440 bytes (26.4%)
(RDMA_READ_CONSUME_CHECK_CONSUMER) timestamp=6446 ms, used_size=10811392 bytes (26.4%)
(RDMA_READ_CONSUME_CHECK_CONSUMER) timestamp=6446 ms, used_size=10809344 bytes (26.4%)
(RDMA_READ_CONSUME_CHECK_CONSUMER) timestamp=6446 ms, used_size=10807296 bytes (26.4%)
(RDMA_READ_CONSUME_CHECK_CONSUMER) timestamp=6446 ms, used_size=10805248 bytes (26.4%)
(RDMA_READ_CONSUME_CHECK_CONSUMER) timestamp=6446 ms, used_size=10803200 bytes (26.4%)
(RDMA_READ_CONSUME_CHECK_CONSUMER) timestamp=6446 ms, used_size=10801152 bytes (26.4%)
(RDMA_READ_CONSUME_CHECK_CONSUMER) timestamp=6446 ms, used_size=10799104 bytes (26.4%)
(RDMA_READ_CONSUME_CHECK_CONSUMER) timestamp=6446 ms, used_size=10797056 bytes (26.4%)
(RDMA_READ_CONSUME_CHECK_CONSUMER) timestamp=6446 ms, used_size=10795008 bytes (26.4%)
(RDMA_READ_CONSUME_CHECK_CONSUMER) timestamp=6446 ms, used_size=10792960 bytes (26.4%)
(RDMA_READ_CONSUME_CHECK_CONSUMER) timestamp=6446 ms, used_size=10790912 bytes (26.3%)
(RDMA_READ_CONSUME_CHECK_CONSUMER) timestamp=6446 ms, used_size=10788864 bytes (26.3%)
(RDMA_READ_CONSUME_CHECK_CONSUMER) timestamp=6446 ms, used_size=10786816 bytes (26.3%)
(RDMA_READ_CONSUME_CHECK_CONSUMER) timestamp=6446 ms, used_size=10784768 bytes (26.3%)
(RDMA_READ_CONSUME_CHECK_CONSUMER) timestamp=6446 ms, used_size=10782720 bytes (26.3%)
(RDMA_READ_CONSUME_CHECK_CONSUMER) timestamp=6446 ms, used_size=10780672 bytes (26.3%)
(RDMA_READ_CONSUME_CHECK_CONSUMER) timestamp=6446 ms, used_size=10778624 bytes (26.3%)
(RDMA_READ_CONSUME_CHECK_CONSUMER) timestamp=6446 ms, used_size=10776576 bytes (26.3%)
(RDMA_READ_CONSUME_CHECK_CONSUMER) timestamp=6446 ms, used_size=10774528 bytes (26.3%)
(RDMA_READ_CONSUME_CHECK_CONSUMER) timestamp=6446 ms, used_size=10772480 bytes (26.3%)
(RDMA_READ_CONSUME_CHECK_CONSUMER) timestamp=6446 ms, used_size=10770432 bytes (26.3%)
(RDMA_READ_CONSUME_CHECK_CONSUMER) timestamp=6446 ms, used_size=10768384 bytes (26.3%)
(RDMA_READ_CONSUME_CHECK_CONSUMER) timestamp=6446 ms, used_size=10766336 bytes (26.3%)
(RDMA_READ_CONSUME_CHECK_CONSUMER) timestamp=6446 ms, used_size=10764288 bytes (26.3%)
(RDMA_READ_CONSUME_CHECK_CONSUMER) timestamp=6446 ms, used_size=10762240 bytes (26.3%)
(RDMA_READ_CONSUME_CHECK_CONSUMER) timestamp=6446 ms, used_size=10760192 bytes (26.3%)
(RDMA_READ_CONSUME_CHECK_CONSUMER) timestamp=6446 ms, used_size=10758144 bytes (26.3%)
(RDMA_READ_CONSUME_CHECK_CONSUMER) timestamp=6446 ms, used_size=10756096 bytes (26.3%)
(RDMA_READ_CONSUME_CHECK_CONSUMER) timestamp=6446 ms, used_size=10754048 bytes (26.3%)
(RDMA_READ_CONSUME_CHECK_CONSUMER) timestamp=6446 ms, used_size=10752000 bytes (26.2%)
(RDMA_READ_CONSUME_CHECK_CONSUMER) timestamp=6446 ms, used_size=10749952 bytes (26.2%)
(RDMA_READ_CONSUME_CHECK_CONSUMER) timestamp=6446 ms, used_size=10747904 bytes (26.2%)
(RDMA_READ_CONSUME_CHECK_CONSUMER) timestamp=6446 ms, used_size=10745856 bytes (26.2%)
(RDMA_READ_CONSUME_CHECK_CONSUMER) timestamp=6446 ms, used_size=10743808 bytes (26.2%)
(RDMA_READ_CONSUME_CHECK_CONSUMER) timestamp=6446 ms, used_size=10741760 bytes (26.2%)
(RDMA_READ_CONSUME_CHECK_CONSUMER) timestamp=6446 ms, used_size=10739712 bytes (26.2%)
(RDMA_READ_CONSUME_CHECK_CONSUMER) timestamp=6446 ms, used_size=10737664 bytes (26.2%)
(RDMA_READ_CONSUME_CHECK_CONSUMER) timestamp=6446 ms, used_size=10735616 bytes (26.2%)
(RDMA_READ_CONSUME_CHECK_CONSUMER) timestamp=6446 ms, used_size=10733568 bytes (26.2%)
(RDMA_READ_CONSUME_CHECK_CONSUMER) timestamp=6446 ms, used_size=10731520 bytes (26.2%)
(RDMA_READ_CONSUME_CHECK_CONSUMER) timestamp=6446 ms, used_size=10729472 bytes (26.2%)
(RDMA_READ_CONSUME_CHECK_CONSUMER) timestamp=6446 ms, used_size=10727424 bytes (26.2%)
(RDMA_READ_CONSUME_CHECK_CONSUMER) timestamp=6447 ms, used_size=10725376 bytes (26.2%)
(RDMA_READ_CONSUME_CHECK_CONSUMER) timestamp=6447 ms, used_size=10723328 bytes (26.2%)
(RDMA_READ_CONSUME_CHECK_CONSUMER) timestamp=6447 ms, used_size=10721280 bytes (26.2%)
(RDMA_READ_CONSUME_CHECK_CONSUMER) timestamp=6447 ms, used_size=10719232 bytes (26.2%)
(RDMA_READ_CONSUME_CHECK_CONSUMER) timestamp=6447 ms, used_size=10717184 bytes (26.2%)
(RDMA_READ_CONSUME_CHECK_CONSUMER) timestamp=6447 ms, used_size=10715136 bytes (26.2%)
(RDMA_READ_CONSUME_CHECK_CONSUMER) timestamp=6447 ms, used_size=10713088 bytes (26.2%)
(RDMA_READ_CONSUME_CHECK_CONSUMER) timestamp=6447 ms, used_size=10711040 bytes (26.1%)
(RDMA_READ_CONSUME_CHECK_CONSUMER) timestamp=6447 ms, used_size=10708992 bytes (26.1%)
(RDMA_READ_CONSUME_CHECK_CONSUMER) timestamp=6447 ms, used_size=10706944 bytes (26.1%)
(RDMA_READ_CONSUME_CHECK_CONSUMER) timestamp=6447 ms, used_size=10704896 bytes (26.1%)
(RDMA_READ_CONSUME_CHECK_CONSUMER) timestamp=6447 ms, used_size=10702848 bytes (26.1%)
(RDMA_READ_CONSUME_CHECK_CONSUMER) timestamp=6447 ms, used_size=10700800 bytes (26.1%)
(RDMA_READ_CONSUME_CHECK_CONSUMER) timestamp=6447 ms, used_size=10698752 bytes (26.1%)
(RDMA_READ_CONSUME_CHECK_CONSUMER) timestamp=6447 ms, used_size=10696704 bytes (26.1%)
(RDMA_READ_CONSUME_CHECK_CONSUMER) timestamp=6447 ms, used_size=10694656 bytes (26.1%)
(RDMA_READ_CONSUME_CHECK_CONSUMER) timestamp=6447 ms, used_size=10692608 bytes (26.1%)
(RDMA_READ_CONSUME_CHECK_CONSUMER) timestamp=6447 ms, used_size=10690560 bytes (26.1%)
(RDMA_READ_CONSUME_CHECK_CONSUMER) timestamp=6447 ms, used_size=10688512 bytes (26.1%)
(RDMA_READ_CONSUME_CHECK_CONSUMER) timestamp=6447 ms, used_size=10686464 bytes (26.1%)
(RDMA_READ_CONSUME_CHECK_CONSUMER) timestamp=6447 ms, used_size=10684416 bytes (26.1%)
(RDMA_READ_CONSUME_CHECK_CONSUMER) timestamp=6447 ms, used_size=10682368 bytes (26.1%)
(RDMA_READ_CONSUME_CHECK_CONSUMER) timestamp=6447 ms, used_size=10680320 bytes (26.1%)
(RDMA_READ_CONSUME_CHECK_CONSUMER) timestamp=6447 ms, used_size=10678272 bytes (26.1%)
(RDMA_READ_CONSUME_CHECK_CONSUMER) timestamp=6447 ms, used_size=10676224 bytes (26.1%)
(RDMA_READ_CONSUME_CHECK_CONSUMER) timestamp=6447 ms, used_size=10674176 bytes (26.1%)
(RDMA_READ_CONSUME_CHECK_CONSUMER) timestamp=6447 ms, used_size=10672128 bytes (26.1%)
(RDMA_READ_CONSUME_CHECK_CONSUMER) timestamp=6447 ms, used_size=10670080 bytes (26.1%)
(RDMA_READ_CONSUME_CHECK_CONSUMER) timestamp=6447 ms, used_size=10668032 bytes (26.0%)
(RDMA_READ_CONSUME_CHECK_CONSUMER) timestamp=6447 ms, used_size=10665984 bytes (26.0%)
(RDMA_READ_CONSUME_CHECK_CONSUMER) timestamp=6447 ms, used_size=10663936 bytes (26.0%)
(RDMA_READ_CONSUME_CHECK_CONSUMER) timestamp=6447 ms, used_size=10661888 bytes (26.0%)
(RDMA_READ_CONSUME_CHECK_CONSUMER) timestamp=6447 ms, used_size=10659840 bytes (26.0%)
(RDMA_READ_CONSUME_CHECK_CONSUMER) timestamp=6447 ms, used_size=10657792 bytes (26.0%)
(RDMA_READ_CONSUME_CHECK_CONSUMER) timestamp=6447 ms, used_size=10655744 bytes (26.0%)
(RDMA_READ_CONSUME_CHECK_CONSUMER) timestamp=6447 ms, used_size=10653696 bytes (26.0%)
(RDMA_READ_CONSUME_CHECK_CONSUMER) timestamp=6447 ms, used_size=10651648 bytes (26.0%)
(RDMA_READ_CONSUME_CHECK_CONSUMER) timestamp=6447 ms, used_size=10649600 bytes (26.0%)
(RDMA_READ_CONSUME_CHECK_CONSUMER) timestamp=6447 ms, used_size=10647552 bytes (26.0%)
(RDMA_READ_CONSUME_CHECK_CONSUMER) timestamp=6447 ms, used_size=10645504 bytes (26.0%)
(RDMA_READ_CONSUME_CHECK_CONSUMER) timestamp=6447 ms, used_size=10643456 bytes (26.0%)
(RDMA_READ_CONSUME_CHECK_CONSUMER) timestamp=6447 ms, used_size=10641408 bytes (26.0%)
(RDMA_READ_CONSUME_CHECK_CONSUMER) timestamp=6447 ms, used_size=10639360 bytes (26.0%)
(RDMA_READ_CONSUME_CHECK_CONSUMER) timestamp=6447 ms, used_size=10637312 bytes (26.0%)
(RDMA_READ_CONSUME_CHECK_CONSUMER) timestamp=6447 ms, used_size=10635264 bytes (26.0%)
(RDMA_READ_CONSUME_CHECK_CONSUMER) timestamp=6447 ms, used_size=10633216 bytes (26.0%)
(RDMA_READ_CONSUME_CHECK_CONSUMER) timestamp=6447 ms, used_size=10631168 bytes (26.0%)
(RDMA_READ_CONSUME_CHECK_CONSUMER) timestamp=6447 ms, used_size=10629120 bytes (25.9%)
(RDMA_READ_CONSUME_CHECK_CONSUMER) timestamp=6447 ms, used_size=10627072 bytes (25.9%)
(RDMA_READ_CONSUME_CHECK_CONSUMER) timestamp=6447 ms, used_size=10625024 bytes (25.9%)
(RDMA_READ_CONSUME_CHECK_CONSUMER) timestamp=6447 ms, used_size=10622976 bytes (25.9%)
(RDMA_READ_CONSUME_CHECK_CONSUMER) timestamp=6447 ms, used_size=10620928 bytes (25.9%)
(RDMA_READ_CONSUME_CHECK_CONSUMER) timestamp=6447 ms, used_size=10618880 bytes (25.9%)
(RDMA_READ_CONSUME_CHECK_CONSUMER) timestamp=6447 ms, used_size=10616832 bytes (25.9%)
(RDMA_READ_CONSUME_CHECK_CONSUMER) timestamp=6447 ms, used_size=10614784 bytes (25.9%)
(RDMA_READ_CONSUME_CHECK_CONSUMER) timestamp=6447 ms, used_size=10612736 bytes (25.9%)
(RDMA_READ_CONSUME_CHECK_CONSUMER) timestamp=6447 ms, used_size=10610688 bytes (25.9%)
(RDMA_READ_CONSUME_CHECK_CONSUMER) timestamp=6447 ms, used_size=10608640 bytes (25.9%)
(RDMA_READ_CONSUME_CHECK_CONSUMER) timestamp=6447 ms, used_size=10606592 bytes (25.9%)
(RDMA_READ_CONSUME_CHECK_CONSUMER) timestamp=6447 ms, used_size=10604544 bytes (25.9%)
(RDMA_READ_CONSUME_CHECK_CONSUMER) timestamp=6447 ms, used_size=10602496 bytes (25.9%)
(RDMA_READ_CONSUME_CHECK_CONSUMER) timestamp=6447 ms, used_size=10600448 bytes (25.9%)
(RDMA_READ_CONSUME_CHECK_CONSUMER) timestamp=6447 ms, used_size=10598400 bytes (25.9%)
(RDMA_READ_CONSUME_CHECK_CONSUMER) timestamp=6447 ms, used_size=10596352 bytes (25.9%)
(RDMA_READ_CONSUME_CHECK_CONSUMER) timestamp=6447 ms, used_size=10594304 bytes (25.9%)
(RDMA_READ_CONSUME_CHECK_CONSUMER) timestamp=6447 ms, used_size=10592256 bytes (25.9%)
(RDMA_READ_CONSUME_CHECK_CONSUMER) timestamp=6447 ms, used_size=10590208 bytes (25.9%)
(RDMA_READ_CONSUME_CHECK_CONSUMER) timestamp=6447 ms, used_size=10588160 bytes (25.9%)
(RDMA_READ_CONSUME_CHECK_CONSUMER) timestamp=6447 ms, used_size=10586112 bytes (25.8%)
(RDMA_READ_CONSUME_CHECK_CONSUMER) timestamp=6447 ms, used_size=10584064 bytes (25.8%)
(RDMA_READ_CONSUME_CHECK_CONSUMER) timestamp=6447 ms, used_size=10582016 bytes (25.8%)
(RDMA_READ_CONSUME_CHECK_CONSUMER) timestamp=6447 ms, used_size=10579968 bytes (25.8%)
(RDMA_READ_CONSUME_CHECK_CONSUMER) timestamp=6447 ms, used_size=10577920 bytes (25.8%)
(RDMA_READ_CONSUME_CHECK_CONSUMER) timestamp=6447 ms, used_size=10575872 bytes (25.8%)
(RDMA_READ_CONSUME_CHECK_CONSUMER) timestamp=6447 ms, used_size=10573824 bytes (25.8%)
(RDMA_READ_CONSUME_CHECK_CONSUMER) timestamp=6447 ms, used_size=10571776 bytes (25.8%)
(RDMA_READ_CONSUME_CHECK_CONSUMER) timestamp=6447 ms, used_size=10569728 bytes (25.8%)
(RDMA_READ_CONSUME_CHECK_CONSUMER) timestamp=6447 ms, used_size=10567680 bytes (25.8%)
(RDMA_READ_CONSUME_CHECK_CONSUMER) timestamp=6447 ms, used_size=10565632 bytes (25.8%)
(RDMA_READ_CONSUME_CHECK_CONSUMER) timestamp=6447 ms, used_size=10563584 bytes (25.8%)
(RDMA_READ_CONSUME_CHECK_CONSUMER) timestamp=6447 ms, used_size=10561536 bytes (25.8%)
(RDMA_READ_CONSUME_CHECK_CONSUMER) timestamp=6447 ms, used_size=10559488 bytes (25.8%)
(RDMA_READ_CONSUME_CHECK_CONSUMER) timestamp=6447 ms, used_size=10557440 bytes (25.8%)
(RDMA_READ_CONSUME_CHECK_CONSUMER) timestamp=6447 ms, used_size=10555392 bytes (25.8%)
(RDMA_READ_CONSUME_CHECK_CONSUMER) timestamp=6447 ms, used_size=10553344 bytes (25.8%)
(RDMA_READ_CONSUME_CHECK_CONSUMER) timestamp=6447 ms, used_size=10551296 bytes (25.8%)
(RDMA_READ_CONSUME_CHECK_CONSUMER) timestamp=6447 ms, used_size=10549248 bytes (25.8%)
(RDMA_READ_CONSUME_CHECK_CONSUMER) timestamp=6447 ms, used_size=10547200 bytes (25.8%)
(RDMA_READ_CONSUME_CHECK_CONSUMER) timestamp=6447 ms, used_size=10545152 bytes (25.7%)
(RDMA_READ_CONSUME_CHECK_CONSUMER) timestamp=6447 ms, used_size=10543104 bytes (25.7%)
(RDMA_READ_CONSUME_CHECK_CONSUMER) timestamp=6447 ms, used_size=10541056 bytes (25.7%)
(RDMA_READ_CONSUME_CHECK_CONSUMER) timestamp=6447 ms, used_size=10539008 bytes (25.7%)
(RDMA_READ_CONSUME_CHECK_CONSUMER) timestamp=6447 ms, used_size=10536960 bytes (25.7%)
(RDMA_READ_CONSUME_CHECK_CONSUMER) timestamp=6447 ms, used_size=10534912 bytes (25.7%)
(RDMA_READ_CONSUME_CHECK_CONSUMER) timestamp=6447 ms, used_size=10532864 bytes (25.7%)
(RDMA_READ_CONSUME_CHECK_CONSUMER) timestamp=6447 ms, used_size=10530816 bytes (25.7%)
(RDMA_READ_CONSUME_CHECK_CONSUMER) timestamp=6447 ms, used_size=10528768 bytes (25.7%)
(RDMA_READ_CONSUME_CHECK_CONSUMER) timestamp=6447 ms, used_size=10526720 bytes (25.7%)
(RDMA_READ_CONSUME_CHECK_CONSUMER) timestamp=6447 ms, used_size=10524672 bytes (25.7%)
(RDMA_READ_CONSUME_CHECK_CONSUMER) timestamp=6447 ms, used_size=10522624 bytes (25.7%)
(RDMA_READ_CONSUME_CHECK_CONSUMER) timestamp=6447 ms, used_size=10520576 bytes (25.7%)
(RDMA_READ_CONSUME_CHECK_CONSUMER) timestamp=6447 ms, used_size=10518528 bytes (25.7%)
(RDMA_READ_CONSUME_CHECK_CONSUMER) timestamp=6447 ms, used_size=10516480 bytes (25.7%)
(RDMA_READ_CONSUME_CHECK_CONSUMER) timestamp=6447 ms, used_size=10514432 bytes (25.7%)
(RDMA_READ_CONSUME_CHECK_CONSUMER) timestamp=6447 ms, used_size=10512384 bytes (25.7%)
(RDMA_READ_CONSUME_CHECK_CONSUMER) timestamp=6447 ms, used_size=10510336 bytes (25.7%)
(RDMA_READ_CONSUME_CHECK_CONSUMER) timestamp=6447 ms, used_size=10508288 bytes (25.7%)
(RDMA_READ_CONSUME_CHECK_CONSUMER) timestamp=6447 ms, used_size=10506240 bytes (25.6%)
(RDMA_READ_CONSUME_CHECK_CONSUMER) timestamp=6447 ms, used_size=10504192 bytes (25.6%)
(RDMA_READ_CONSUME_CHECK_CONSUMER) timestamp=6447 ms, used_size=10502144 bytes (25.6%)
(RDMA_READ_CONSUME_CHECK_CONSUMER) timestamp=6447 ms, used_size=10500096 bytes (25.6%)
(RDMA_READ_CONSUME_CHECK_CONSUMER) timestamp=6447 ms, used_size=10498048 bytes (25.6%)
(RDMA_READ_CONSUME_CHECK_CONSUMER) timestamp=6447 ms, used_size=10496000 bytes (25.6%)
(RDMA_READ_CONSUME_CHECK_CONSUMER) timestamp=6447 ms, used_size=10493952 bytes (25.6%)
(RDMA_READ_CONSUME_CHECK_CONSUMER) timestamp=6447 ms, used_size=10491904 bytes (25.6%)
(RDMA_READ_CONSUME_CHECK_CONSUMER) timestamp=6447 ms, used_size=10489856 bytes (25.6%)
(RDMA_READ_CONSUME_CHECK_CONSUMER) timestamp=6447 ms, used_size=10487808 bytes (25.6%)
(RDMA_READ_CONSUME_CHECK_CONSUMER) timestamp=6447 ms, used_size=10485760 bytes (25.6%)
(RDMA_READ_CONSUME_CHECK_CONSUMER) timestamp=6447 ms, used_size=10483712 bytes (25.6%)
(RDMA_READ_CONSUME_CHECK_CONSUMER) timestamp=6447 ms, used_size=10481664 bytes (25.6%)
(RDMA_READ_CONSUME_CHECK_CONSUMER) timestamp=6447 ms, used_size=10479616 bytes (25.6%)
(RDMA_READ_CONSUME_CHECK_CONSUMER) timestamp=6447 ms, used_size=10477568 bytes (25.6%)
(RDMA_READ_CONSUME_CHECK_CONSUMER) timestamp=6447 ms, used_size=10475520 bytes (25.6%)
(RDMA_READ_CONSUME_CHECK_CONSUMER) timestamp=6447 ms, used_size=10473472 bytes (25.6%)
(RDMA_READ_CONSUME_CHECK_CONSUMER) timestamp=6447 ms, used_size=10471424 bytes (25.6%)
(RDMA_READ_CONSUME_CHECK_CONSUMER) timestamp=6447 ms, used_size=10469376 bytes (25.6%)
(RDMA_READ_CONSUME_CHECK_CONSUMER) timestamp=6447 ms, used_size=10467328 bytes (25.6%)
(RDMA_READ_CONSUME_CHECK_CONSUMER) timestamp=6447 ms, used_size=10465280 bytes (25.6%)
(RDMA_READ_CONSUME_CHECK_CONSUMER) timestamp=6447 ms, used_size=10463232 bytes (25.5%)
(RDMA_READ_CONSUME_CHECK_CONSUMER) timestamp=6447 ms, used_size=10461184 bytes (25.5%)
(RDMA_READ_CONSUME_CHECK_CONSUMER) timestamp=6447 ms, used_size=10459136 bytes (25.5%)
(RDMA_READ_CONSUME_CHECK_CONSUMER) timestamp=6447 ms, used_size=10457088 bytes (25.5%)
(RDMA_READ_CONSUME_CHECK_CONSUMER) timestamp=6447 ms, used_size=10455040 bytes (25.5%)
(RDMA_READ_CONSUME_CHECK_CONSUMER) timestamp=6447 ms, used_size=10452992 bytes (25.5%)
(RDMA_READ_CONSUME_CHECK_CONSUMER) timestamp=6447 ms, used_size=10450944 bytes (25.5%)
(RDMA_READ_CONSUME_CHECK_CONSUMER) timestamp=6447 ms, used_size=10448896 bytes (25.5%)
(RDMA_READ_CONSUME_CHECK_CONSUMER) timestamp=6447 ms, used_size=10446848 bytes (25.5%)
(RDMA_READ_CONSUME_CHECK_CONSUMER) timestamp=6447 ms, used_size=10444800 bytes (25.5%)
(RDMA_READ_CONSUME_CHECK_CONSUMER) timestamp=6447 ms, used_size=10442752 bytes (25.5%)
(RDMA_READ_CONSUME_CHECK_CONSUMER) timestamp=6447 ms, used_size=10440704 bytes (25.5%)
(RDMA_READ_CONSUME_CHECK_CONSUMER) timestamp=6447 ms, used_size=10438656 bytes (25.5%)
(RDMA_READ_CONSUME_CHECK_CONSUMER) timestamp=6447 ms, used_size=10436608 bytes (25.5%)
(RDMA_READ_CONSUME_CHECK_CONSUMER) timestamp=6447 ms, used_size=10434560 bytes (25.5%)
(RDMA_READ_CONSUME_CHECK_CONSUMER) timestamp=6447 ms, used_size=10432512 bytes (25.5%)
(RDMA_READ_CONSUME_CHECK_CONSUMER) timestamp=6447 ms, used_size=10430464 bytes (25.5%)
(RDMA_READ_CONSUME_CHECK_CONSUMER) timestamp=6447 ms, used_size=10428416 bytes (25.5%)
(RDMA_READ_CONSUME_CHECK_CONSUMER) timestamp=6447 ms, used_size=10426368 bytes (25.5%)
(RDMA_READ_CONSUME_CHECK_CONSUMER) timestamp=6447 ms, used_size=10424320 bytes (25.4%)
(RDMA_READ_CONSUME_CHECK_CONSUMER) timestamp=6447 ms, used_size=10422272 bytes (25.4%)
(RDMA_READ_CONSUME_CHECK_CONSUMER) timestamp=6447 ms, used_size=10420224 bytes (25.4%)
(RDMA_READ_CONSUME_CHECK_CONSUMER) timestamp=6447 ms, used_size=10418176 bytes (25.4%)
(RDMA_READ_CONSUME_CHECK_CONSUMER) timestamp=6447 ms, used_size=10416128 bytes (25.4%)
(RDMA_READ_CONSUME_CHECK_CONSUMER) timestamp=6447 ms, used_size=10414080 bytes (25.4%)
(RDMA_READ_CONSUME_CHECK_CONSUMER) timestamp=6447 ms, used_size=10412032 bytes (25.4%)
(RDMA_READ_CONSUME_CHECK_CONSUMER) timestamp=6447 ms, used_size=10409984 bytes (25.4%)
(RDMA_READ_CONSUME_CHECK_CONSUMER) timestamp=6447 ms, used_size=10407936 bytes (25.4%)
(RDMA_READ_CONSUME_CHECK_CONSUMER) timestamp=6447 ms, used_size=10405888 bytes (25.4%)
(RDMA_READ_CONSUME_CHECK_CONSUMER) timestamp=6447 ms, used_size=10403840 bytes (25.4%)
(RDMA_READ_CONSUME_CHECK_CONSUMER) timestamp=6447 ms, used_size=10401792 bytes (25.4%)
(RDMA_READ_CONSUME_CHECK_CONSUMER) timestamp=6447 ms, used_size=10399744 bytes (25.4%)
(RDMA_READ_CONSUME_CHECK_CONSUMER) timestamp=6447 ms, used_size=10397696 bytes (25.4%)
(RDMA_READ_CONSUME_CHECK_CONSUMER) timestamp=6447 ms, used_size=10395648 bytes (25.4%)
(RDMA_READ_CONSUME_CHECK_CONSUMER) timestamp=6447 ms, used_size=10393600 bytes (25.4%)
(RDMA_READ_CONSUME_CHECK_CONSUMER) timestamp=6447 ms, used_size=10391552 bytes (25.4%)
(RDMA_READ_CONSUME_CHECK_CONSUMER) timestamp=6447 ms, used_size=10389504 bytes (25.4%)
(RDMA_READ_CONSUME_CHECK_CONSUMER) timestamp=6447 ms, used_size=10387456 bytes (25.4%)
(RDMA_READ_CONSUME_CHECK_CONSUMER) timestamp=6447 ms, used_size=10385408 bytes (25.4%)
(RDMA_READ_CONSUME_CHECK_CONSUMER) timestamp=6447 ms, used_size=10383360 bytes (25.4%)
(RDMA_READ_CONSUME_CHECK_CONSUMER) timestamp=6447 ms, used_size=10381312 bytes (25.3%)
(RDMA_READ_CONSUME_CHECK_CONSUMER) timestamp=6447 ms, used_size=10379264 bytes (25.3%)
(RDMA_READ_CONSUME_CHECK_CONSUMER) timestamp=6447 ms, used_size=10377216 bytes (25.3%)
(RDMA_READ_CONSUME_CHECK_CONSUMER) timestamp=6447 ms, used_size=10375168 bytes (25.3%)
(RDMA_READ_CONSUME_CHECK_CONSUMER) timestamp=6447 ms, used_size=10373120 bytes (25.3%)
(RDMA_READ_CONSUME_CHECK_CONSUMER) timestamp=6447 ms, used_size=10371072 bytes (25.3%)
(RDMA_READ_CONSUME_CHECK_CONSUMER) timestamp=6447 ms, used_size=10369024 bytes (25.3%)
(RDMA_READ_CONSUME_CHECK_CONSUMER) timestamp=6447 ms, used_size=10366976 bytes (25.3%)
(RDMA_READ_CONSUME_CHECK_CONSUMER) timestamp=6447 ms, used_size=10364928 bytes (25.3%)
(RDMA_READ_CONSUME_CHECK_CONSUMER) timestamp=6447 ms, used_size=10362880 bytes (25.3%)
(RDMA_READ_CONSUME_CHECK_CONSUMER) timestamp=6447 ms, used_size=10360832 bytes (25.3%)
(RDMA_READ_CONSUME_CHECK_CONSUMER) timestamp=6447 ms, used_size=10358784 bytes (25.3%)
(RDMA_READ_CONSUME_CHECK_CONSUMER) timestamp=6447 ms, used_size=10356736 bytes (25.3%)
(RDMA_READ_CONSUME_CHECK_CONSUMER) timestamp=6448 ms, used_size=10354688 bytes (25.3%)
(RDMA_READ_CONSUME_CHECK_CONSUMER) timestamp=6448 ms, used_size=10352640 bytes (25.3%)
(RDMA_READ_CONSUME_CHECK_CONSUMER) timestamp=6448 ms, used_size=10350592 bytes (25.3%)
(RDMA_READ_CONSUME_CHECK_CONSUMER) timestamp=6448 ms, used_size=10348544 bytes (25.3%)
(RDMA_READ_CONSUME_CHECK_CONSUMER) timestamp=6448 ms, used_size=10346496 bytes (25.3%)
(RDMA_READ_CONSUME_CHECK_CONSUMER) timestamp=6448 ms, used_size=10344448 bytes (25.3%)
(RDMA_READ_CONSUME_CHECK_CONSUMER) timestamp=6448 ms, used_size=10342400 bytes (25.2%)
(RDMA_READ_CONSUME_CHECK_CONSUMER) timestamp=6448 ms, used_size=10340352 bytes (25.2%)
(RDMA_READ_CONSUME_CHECK_CONSUMER) timestamp=6448 ms, used_size=10338304 bytes (25.2%)
(RDMA_READ_CONSUME_CHECK_CONSUMER) timestamp=6448 ms, used_size=10336256 bytes (25.2%)
(RDMA_READ_CONSUME_CHECK_CONSUMER) timestamp=6448 ms, used_size=10334208 bytes (25.2%)
(RDMA_READ_CONSUME_CHECK_CONSUMER) timestamp=6448 ms, used_size=10332160 bytes (25.2%)
(RDMA_READ_CONSUME_CHECK_CONSUMER) timestamp=6448 ms, used_size=10330112 bytes (25.2%)
(RDMA_READ_CONSUME_CHECK_CONSUMER) timestamp=6448 ms, used_size=10328064 bytes (25.2%)
(RDMA_READ_CONSUME_CHECK_CONSUMER) timestamp=6448 ms, used_size=10326016 bytes (25.2%)
(RDMA_READ_CONSUME_CHECK_CONSUMER) timestamp=6448 ms, used_size=10323968 bytes (25.2%)
(RDMA_READ_CONSUME_CHECK_CONSUMER) timestamp=6448 ms, used_size=10321920 bytes (25.2%)
(RDMA_READ_CONSUME_CHECK_CONSUMER) timestamp=6448 ms, used_size=10319872 bytes (25.2%)
(RDMA_READ_CONSUME_CHECK_CONSUMER) timestamp=6448 ms, used_size=10317824 bytes (25.2%)
(RDMA_READ_CONSUME_CHECK_CONSUMER) timestamp=6448 ms, used_size=10315776 bytes (25.2%)
(RDMA_READ_CONSUME_CHECK_CONSUMER) timestamp=6448 ms, used_size=10313728 bytes (25.2%)
(RDMA_READ_CONSUME_CHECK_CONSUMER) timestamp=6448 ms, used_size=10311680 bytes (25.2%)
(RDMA_READ_CONSUME_CHECK_CONSUMER) timestamp=6448 ms, used_size=10309632 bytes (25.2%)
(RDMA_READ_CONSUME_CHECK_CONSUMER) timestamp=6448 ms, used_size=10307584 bytes (25.2%)
(RDMA_READ_CONSUME_CHECK_CONSUMER) timestamp=6448 ms, used_size=10305536 bytes (25.2%)
(RDMA_READ_CONSUME_CHECK_CONSUMER) timestamp=6448 ms, used_size=10303488 bytes (25.2%)
(RDMA_READ_CONSUME_CHECK_CONSUMER) timestamp=6448 ms, used_size=10301440 bytes (25.1%)
(RDMA_READ_CONSUME_CHECK_CONSUMER) timestamp=6448 ms, used_size=10299392 bytes (25.1%)
(RDMA_READ_CONSUME_CHECK_CONSUMER) timestamp=6448 ms, used_size=10297344 bytes (25.1%)
(RDMA_READ_CONSUME_CHECK_CONSUMER) timestamp=6448 ms, used_size=10295296 bytes (25.1%)
(RDMA_READ_CONSUME_CHECK_CONSUMER) timestamp=6448 ms, used_size=10293248 bytes (25.1%)
(RDMA_READ_CONSUME_CHECK_CONSUMER) timestamp=6448 ms, used_size=10291200 bytes (25.1%)
(RDMA_READ_CONSUME_CHECK_CONSUMER) timestamp=6448 ms, used_size=10289152 bytes (25.1%)
(RDMA_READ_CONSUME_CHECK_CONSUMER) timestamp=6448 ms, used_size=10287104 bytes (25.1%)
(RDMA_READ_CONSUME_CHECK_CONSUMER) timestamp=6448 ms, used_size=10285056 bytes (25.1%)
(RDMA_READ_CONSUME_CHECK_CONSUMER) timestamp=6448 ms, used_size=10283008 bytes (25.1%)
(RDMA_READ_CONSUME_CHECK_CONSUMER) timestamp=6448 ms, used_size=10280960 bytes (25.1%)
(RDMA_READ_CONSUME_CHECK_CONSUMER) timestamp=6448 ms, used_size=10278912 bytes (25.1%)
(RDMA_READ_CONSUME_CHECK_CONSUMER) timestamp=6448 ms, used_size=10276864 bytes (25.1%)
(RDMA_READ_CONSUME_CHECK_CONSUMER) timestamp=6448 ms, used_size=10274816 bytes (25.1%)
(RDMA_READ_CONSUME_CHECK_CONSUMER) timestamp=6448 ms, used_size=10272768 bytes (25.1%)
(RDMA_READ_CONSUME_CHECK_CONSUMER) timestamp=6448 ms, used_size=10270720 bytes (25.1%)
(RDMA_READ_CONSUME_CHECK_CONSUMER) timestamp=6448 ms, used_size=10268672 bytes (25.1%)
(RDMA_READ_CONSUME_CHECK_CONSUMER) timestamp=6448 ms, used_size=10266624 bytes (25.1%)
(RDMA_READ_CONSUME_CHECK_CONSUMER) timestamp=6448 ms, used_size=10264576 bytes (25.1%)
(RDMA_READ_CONSUME_CHECK_CONSUMER) timestamp=6448 ms, used_size=10262528 bytes (25.1%)
(RDMA_READ_CONSUME_CHECK_CONSUMER) timestamp=6448 ms, used_size=10260480 bytes (25.1%)
(RDMA_READ_CONSUME_CHECK_CONSUMER) timestamp=6448 ms, used_size=10258432 bytes (25.0%)
(RDMA_READ_CONSUME_CHECK_CONSUMER) timestamp=6448 ms, used_size=10256384 bytes (25.0%)
(RDMA_READ_CONSUME_CHECK_CONSUMER) timestamp=6448 ms, used_size=10254336 bytes (25.0%)
(RDMA_READ_CONSUME_CHECK_CONSUMER) timestamp=6448 ms, used_size=10252288 bytes (25.0%)
(RDMA_READ_CONSUME_CHECK_CONSUMER) timestamp=6448 ms, used_size=10250240 bytes (25.0%)
(RDMA_READ_CONSUME_CHECK_CONSUMER) timestamp=6448 ms, used_size=10248192 bytes (25.0%)
(RDMA_READ_CONSUME_CHECK_CONSUMER) timestamp=6448 ms, used_size=10246144 bytes (25.0%)
(RDMA_READ_CONSUME_CHECK_CONSUMER) timestamp=6448 ms, used_size=10244096 bytes (25.0%)
(RDMA_READ_CONSUME_CHECK_CONSUMER) timestamp=6448 ms, used_size=10242048 bytes (25.0%)
(RDMA_READ_CONSUME_CHECK_CONSUMER) timestamp=6448 ms, used_size=10240000 bytes (25.0%)
(RDMA_READ_CONSUME_CHECK_CONSUMER) timestamp=6448 ms, used_size=10237952 bytes (25.0%)
(RDMA_READ_CONSUME_CHECK_CONSUMER) timestamp=6448 ms, used_size=10235904 bytes (25.0%)
(RDMA_READ_CONSUME_CHECK_CONSUMER) timestamp=6448 ms, used_size=10233856 bytes (25.0%)
(RDMA_READ_CONSUME_CHECK_CONSUMER) timestamp=6448 ms, used_size=10231808 bytes (25.0%)
(RDMA_READ_CONSUME_CHECK_CONSUMER) timestamp=6448 ms, used_size=10229760 bytes (25.0%)
(RDMA_READ_CONSUME_CHECK_CONSUMER) timestamp=6448 ms, used_size=10227712 bytes (25.0%)
(RDMA_READ_CONSUME_CHECK_CONSUMER) timestamp=6448 ms, used_size=10225664 bytes (25.0%)
(RDMA_READ_CONSUME_CHECK_CONSUMER) timestamp=6448 ms, used_size=10223616 bytes (25.0%)
(RDMA_READ_CONSUME_CHECK_CONSUMER) timestamp=6448 ms, used_size=10221568 bytes (25.0%)
(RDMA_READ_CONSUME_CHECK_CONSUMER) timestamp=6448 ms, used_size=10219520 bytes (24.9%)
(RDMA_READ_CONSUME_CHECK_CONSUMER) timestamp=6448 ms, used_size=10217472 bytes (24.9%)
(RDMA_READ_CONSUME_CHECK_CONSUMER) timestamp=6448 ms, used_size=10215424 bytes (24.9%)
(RDMA_READ_CONSUME_CHECK_CONSUMER) timestamp=6448 ms, used_size=10213376 bytes (24.9%)
(RDMA_READ_CONSUME_CHECK_CONSUMER) timestamp=6448 ms, used_size=10211328 bytes (24.9%)
(RDMA_READ_CONSUME_CHECK_CONSUMER) timestamp=6448 ms, used_size=10209280 bytes (24.9%)
(RDMA_READ_CONSUME_CHECK_CONSUMER) timestamp=6448 ms, used_size=10207232 bytes (24.9%)
(RDMA_READ_CONSUME_CHECK_CONSUMER) timestamp=6448 ms, used_size=10205184 bytes (24.9%)
(RDMA_READ_CONSUME_CHECK_CONSUMER) timestamp=6448 ms, used_size=10203136 bytes (24.9%)
(RDMA_READ_CONSUME_CHECK_CONSUMER) timestamp=6448 ms, used_size=10201088 bytes (24.9%)
(RDMA_READ_CONSUME_CHECK_CONSUMER) timestamp=6448 ms, used_size=10199040 bytes (24.9%)
(RDMA_READ_CONSUME_CHECK_CONSUMER) timestamp=6448 ms, used_size=10196992 bytes (24.9%)
(RDMA_READ_CONSUME_CHECK_CONSUMER) timestamp=6448 ms, used_size=10194944 bytes (24.9%)
(RDMA_READ_CONSUME_CHECK_CONSUMER) timestamp=6448 ms, used_size=10192896 bytes (24.9%)
(RDMA_READ_CONSUME_CHECK_CONSUMER) timestamp=6448 ms, used_size=10190848 bytes (24.9%)
(RDMA_READ_CONSUME_CHECK_CONSUMER) timestamp=6448 ms, used_size=10188800 bytes (24.9%)
(RDMA_READ_CONSUME_CHECK_CONSUMER) timestamp=6448 ms, used_size=10186752 bytes (24.9%)
(RDMA_READ_CONSUME_CHECK_CONSUMER) timestamp=6448 ms, used_size=10184704 bytes (24.9%)
(RDMA_READ_CONSUME_CHECK_CONSUMER) timestamp=6448 ms, used_size=10182656 bytes (24.9%)
(RDMA_READ_CONSUME_CHECK_CONSUMER) timestamp=6448 ms, used_size=10180608 bytes (24.9%)
(RDMA_READ_CONSUME_CHECK_CONSUMER) timestamp=6448 ms, used_size=10178560 bytes (24.9%)
(RDMA_READ_CONSUME_CHECK_CONSUMER) timestamp=6448 ms, used_size=10176512 bytes (24.8%)
(RDMA_READ_CONSUME_CHECK_CONSUMER) timestamp=6448 ms, used_size=10174464 bytes (24.8%)
(RDMA_READ_CONSUME_CHECK_CONSUMER) timestamp=6448 ms, used_size=10172416 bytes (24.8%)
(RDMA_READ_CONSUME_CHECK_CONSUMER) timestamp=6448 ms, used_size=10170368 bytes (24.8%)
(RDMA_READ_CONSUME_CHECK_CONSUMER) timestamp=6448 ms, used_size=10168320 bytes (24.8%)
(RDMA_READ_CONSUME_CHECK_CONSUMER) timestamp=6448 ms, used_size=10166272 bytes (24.8%)
(RDMA_READ_CONSUME_CHECK_CONSUMER) timestamp=6448 ms, used_size=10164224 bytes (24.8%)
(RDMA_READ_CONSUME_CHECK_CONSUMER) timestamp=6448 ms, used_size=10162176 bytes (24.8%)
(RDMA_READ_CONSUME_CHECK_CONSUMER) timestamp=6448 ms, used_size=10160128 bytes (24.8%)
(RDMA_READ_CONSUME_CHECK_CONSUMER) timestamp=6448 ms, used_size=10158080 bytes (24.8%)
(RDMA_READ_CONSUME_CHECK_CONSUMER) timestamp=6448 ms, used_size=10156032 bytes (24.8%)
(RDMA_READ_CONSUME_CHECK_CONSUMER) timestamp=6448 ms, used_size=10153984 bytes (24.8%)
(RDMA_READ_CONSUME_CHECK_CONSUMER) timestamp=6448 ms, used_size=10151936 bytes (24.8%)
(RDMA_READ_CONSUME_CHECK_CONSUMER) timestamp=6448 ms, used_size=10149888 bytes (24.8%)
(RDMA_READ_CONSUME_CHECK_CONSUMER) timestamp=6448 ms, used_size=10147840 bytes (24.8%)
(RDMA_READ_CONSUME_CHECK_CONSUMER) timestamp=6448 ms, used_size=10145792 bytes (24.8%)
(RDMA_READ_CONSUME_CHECK_CONSUMER) timestamp=6448 ms, used_size=10143744 bytes (24.8%)
(RDMA_READ_CONSUME_CHECK_CONSUMER) timestamp=6448 ms, used_size=10141696 bytes (24.8%)
(RDMA_READ_CONSUME_CHECK_CONSUMER) timestamp=6448 ms, used_size=10139648 bytes (24.8%)
(RDMA_READ_CONSUME_CHECK_CONSUMER) timestamp=6448 ms, used_size=10137600 bytes (24.8%)
(RDMA_READ_CONSUME_CHECK_CONSUMER) timestamp=6448 ms, used_size=10135552 bytes (24.7%)
(RDMA_READ_CONSUME_CHECK_CONSUMER) timestamp=6448 ms, used_size=10133504 bytes (24.7%)
(RDMA_READ_CONSUME_CHECK_CONSUMER) timestamp=6448 ms, used_size=10131456 bytes (24.7%)
(RDMA_READ_CONSUME_CHECK_CONSUMER) timestamp=6448 ms, used_size=10129408 bytes (24.7%)
(RDMA_READ_CONSUME_CHECK_CONSUMER) timestamp=6448 ms, used_size=10127360 bytes (24.7%)
(RDMA_READ_CONSUME_CHECK_CONSUMER) timestamp=6448 ms, used_size=10125312 bytes (24.7%)
(RDMA_READ_CONSUME_CHECK_CONSUMER) timestamp=6448 ms, used_size=10123264 bytes (24.7%)
(RDMA_READ_CONSUME_CHECK_CONSUMER) timestamp=6448 ms, used_size=10121216 bytes (24.7%)
(RDMA_READ_CONSUME_CHECK_CONSUMER) timestamp=6448 ms, used_size=10119168 bytes (24.7%)
(RDMA_READ_CONSUME_CHECK_CONSUMER) timestamp=6448 ms, used_size=10117120 bytes (24.7%)
(RDMA_READ_CONSUME_CHECK_CONSUMER) timestamp=6448 ms, used_size=10115072 bytes (24.7%)
(RDMA_READ_CONSUME_CHECK_CONSUMER) timestamp=6448 ms, used_size=10113024 bytes (24.7%)
(RDMA_READ_CONSUME_CHECK_CONSUMER) timestamp=6448 ms, used_size=10110976 bytes (24.7%)
(RDMA_READ_CONSUME_CHECK_CONSUMER) timestamp=6448 ms, used_size=10108928 bytes (24.7%)
(RDMA_READ_CONSUME_CHECK_CONSUMER) timestamp=6448 ms, used_size=10106880 bytes (24.7%)
(RDMA_READ_CONSUME_CHECK_CONSUMER) timestamp=6448 ms, used_size=10104832 bytes (24.7%)
(RDMA_READ_CONSUME_CHECK_CONSUMER) timestamp=6448 ms, used_size=10102784 bytes (24.7%)
(RDMA_READ_CONSUME_CHECK_CONSUMER) timestamp=6448 ms, used_size=10100736 bytes (24.7%)
(RDMA_READ_CONSUME_CHECK_CONSUMER) timestamp=6448 ms, used_size=10098688 bytes (24.7%)
(RDMA_READ_CONSUME_CHECK_CONSUMER) timestamp=6448 ms, used_size=10096640 bytes (24.6%)
(RDMA_READ_CONSUME_CHECK_CONSUMER) timestamp=6448 ms, used_size=10094592 bytes (24.6%)
(RDMA_READ_CONSUME_CHECK_CONSUMER) timestamp=6448 ms, used_size=10092544 bytes (24.6%)
(RDMA_READ_CONSUME_CHECK_CONSUMER) timestamp=6448 ms, used_size=10090496 bytes (24.6%)
(RDMA_READ_CONSUME_CHECK_CONSUMER) timestamp=6448 ms, used_size=10088448 bytes (24.6%)
(RDMA_READ_CONSUME_CHECK_CONSUMER) timestamp=6448 ms, used_size=10086400 bytes (24.6%)
(RDMA_READ_CONSUME_CHECK_CONSUMER) timestamp=6448 ms, used_size=10084352 bytes (24.6%)
(RDMA_READ_CONSUME_CHECK_CONSUMER) timestamp=6448 ms, used_size=10082304 bytes (24.6%)
(RDMA_READ_CONSUME_CHECK_CONSUMER) timestamp=6448 ms, used_size=10080256 bytes (24.6%)
(RDMA_READ_CONSUME_CHECK_CONSUMER) timestamp=6448 ms, used_size=10078208 bytes (24.6%)
(RDMA_READ_CONSUME_CHECK_CONSUMER) timestamp=6448 ms, used_size=10076160 bytes (24.6%)
(RDMA_READ_CONSUME_CHECK_CONSUMER) timestamp=6448 ms, used_size=10074112 bytes (24.6%)
(RDMA_READ_CONSUME_CHECK_CONSUMER) timestamp=6448 ms, used_size=10072064 bytes (24.6%)
(RDMA_READ_CONSUME_CHECK_CONSUMER) timestamp=6448 ms, used_size=10070016 bytes (24.6%)
(RDMA_READ_CONSUME_CHECK_CONSUMER) timestamp=6448 ms, used_size=10067968 bytes (24.6%)
(RDMA_READ_CONSUME_CHECK_CONSUMER) timestamp=6448 ms, used_size=10065920 bytes (24.6%)
(RDMA_READ_CONSUME_CHECK_CONSUMER) timestamp=6448 ms, used_size=10063872 bytes (24.6%)
(RDMA_READ_CONSUME_CHECK_CONSUMER) timestamp=6448 ms, used_size=10061824 bytes (24.6%)
(RDMA_READ_CONSUME_CHECK_CONSUMER) timestamp=6448 ms, used_size=10059776 bytes (24.6%)
(RDMA_READ_CONSUME_CHECK_CONSUMER) timestamp=6448 ms, used_size=10057728 bytes (24.6%)
(RDMA_READ_CONSUME_CHECK_CONSUMER) timestamp=6448 ms, used_size=10055680 bytes (24.6%)
(RDMA_READ_CONSUME_CHECK_CONSUMER) timestamp=6448 ms, used_size=10053632 bytes (24.5%)
(RDMA_READ_CONSUME_CHECK_CONSUMER) timestamp=6448 ms, used_size=10051584 bytes (24.5%)
(RDMA_READ_CONSUME_CHECK_CONSUMER) timestamp=6448 ms, used_size=10049536 bytes (24.5%)
(RDMA_READ_CONSUME_CHECK_CONSUMER) timestamp=6448 ms, used_size=10047488 bytes (24.5%)
(RDMA_READ_CONSUME_CHECK_CONSUMER) timestamp=6448 ms, used_size=10045440 bytes (24.5%)
(RDMA_READ_CONSUME_CHECK_CONSUMER) timestamp=6448 ms, used_size=10043392 bytes (24.5%)
(RDMA_READ_CONSUME_CHECK_CONSUMER) timestamp=6448 ms, used_size=10041344 bytes (24.5%)
(RDMA_READ_CONSUME_CHECK_CONSUMER) timestamp=6448 ms, used_size=10039296 bytes (24.5%)
(RDMA_READ_CONSUME_CHECK_CONSUMER) timestamp=6448 ms, used_size=10037248 bytes (24.5%)
(RDMA_READ_CONSUME_CHECK_CONSUMER) timestamp=6448 ms, used_size=10035200 bytes (24.5%)
(RDMA_READ_CONSUME_CHECK_CONSUMER) timestamp=6448 ms, used_size=10033152 bytes (24.5%)
(RDMA_READ_CONSUME_CHECK_CONSUMER) timestamp=6448 ms, used_size=10031104 bytes (24.5%)
(RDMA_READ_CONSUME_CHECK_CONSUMER) timestamp=6448 ms, used_size=10029056 bytes (24.5%)
(RDMA_READ_CONSUME_CHECK_CONSUMER) timestamp=6448 ms, used_size=10027008 bytes (24.5%)
(RDMA_READ_CONSUME_CHECK_CONSUMER) timestamp=6448 ms, used_size=10024960 bytes (24.5%)
(RDMA_READ_CONSUME_CHECK_CONSUMER) timestamp=6448 ms, used_size=10022912 bytes (24.5%)
(RDMA_READ_CONSUME_CHECK_CONSUMER) timestamp=6448 ms, used_size=10020864 bytes (24.5%)
(RDMA_READ_CONSUME_CHECK_CONSUMER) timestamp=6448 ms, used_size=10018816 bytes (24.5%)
(RDMA_READ_CONSUME_CHECK_CONSUMER) timestamp=6448 ms, used_size=10016768 bytes (24.5%)
(RDMA_READ_CONSUME_CHECK_CONSUMER) timestamp=6448 ms, used_size=10014720 bytes (24.4%)
(RDMA_READ_CONSUME_CHECK_CONSUMER) timestamp=6448 ms, used_size=10012672 bytes (24.4%)
(RDMA_READ_CONSUME_CHECK_CONSUMER) timestamp=6448 ms, used_size=10010624 bytes (24.4%)
(RDMA_READ_CONSUME_CHECK_CONSUMER) timestamp=6448 ms, used_size=10008576 bytes (24.4%)
(RDMA_READ_CONSUME_CHECK_CONSUMER) timestamp=6448 ms, used_size=10006528 bytes (24.4%)
(RDMA_READ_CONSUME_CHECK_CONSUMER) timestamp=6448 ms, used_size=10004480 bytes (24.4%)
(RDMA_READ_CONSUME_CHECK_CONSUMER) timestamp=6448 ms, used_size=10002432 bytes (24.4%)
(RDMA_READ_CONSUME_CHECK_CONSUMER) timestamp=6448 ms, used_size=10000384 bytes (24.4%)
(RDMA_READ_CONSUME_CHECK_CONSUMER) timestamp=6448 ms, used_size=9998336 bytes (24.4%)
(RDMA_READ_CONSUME_CHECK_CONSUMER) timestamp=6448 ms, used_size=9996288 bytes (24.4%)
(RDMA_READ_CONSUME_CHECK_CONSUMER) timestamp=6448 ms, used_size=9994240 bytes (24.4%)
(RDMA_READ_CONSUME_CHECK_CONSUMER) timestamp=6448 ms, used_size=9992192 bytes (24.4%)
(RDMA_READ_CONSUME_CHECK_CONSUMER) timestamp=6448 ms, used_size=9990144 bytes (24.4%)
(RDMA_READ_CONSUME_CHECK_CONSUMER) timestamp=6448 ms, used_size=9988096 bytes (24.4%)
(RDMA_READ_CONSUME_CHECK_CONSUMER) timestamp=6448 ms, used_size=9986048 bytes (24.4%)
(RDMA_READ_CONSUME_CHECK_CONSUMER) timestamp=6448 ms, used_size=9984000 bytes (24.4%)
(RDMA_READ_CONSUME_CHECK_CONSUMER) timestamp=6448 ms, used_size=9981952 bytes (24.4%)
(RDMA_READ_CONSUME_CHECK_CONSUMER) timestamp=6449 ms, used_size=9979904 bytes (24.4%)
(RDMA_READ_CONSUME_CHECK_CONSUMER) timestamp=6449 ms, used_size=9977856 bytes (24.4%)
(RDMA_READ_CONSUME_CHECK_CONSUMER) timestamp=6449 ms, used_size=9975808 bytes (24.4%)
(RDMA_READ_CONSUME_CHECK_CONSUMER) timestamp=6449 ms, used_size=9973760 bytes (24.4%)
(RDMA_READ_CONSUME_CHECK_CONSUMER) timestamp=6449 ms, used_size=9971712 bytes (24.3%)
(RDMA_READ_CONSUME_CHECK_CONSUMER) timestamp=6449 ms, used_size=9969664 bytes (24.3%)
(RDMA_READ_CONSUME_CHECK_CONSUMER) timestamp=6449 ms, used_size=9967616 bytes (24.3%)
(RDMA_READ_CONSUME_CHECK_CONSUMER) timestamp=6449 ms, used_size=9965568 bytes (24.3%)
(RDMA_READ_CONSUME_CHECK_CONSUMER) timestamp=6449 ms, used_size=9963520 bytes (24.3%)
(RDMA_READ_CONSUME_CHECK_CONSUMER) timestamp=6449 ms, used_size=9961472 bytes (24.3%)
(RDMA_READ_CONSUME_CHECK_CONSUMER) timestamp=6449 ms, used_size=9959424 bytes (24.3%)
(RDMA_READ_CONSUME_CHECK_CONSUMER) timestamp=6449 ms, used_size=9957376 bytes (24.3%)
(RDMA_READ_CONSUME_CHECK_CONSUMER) timestamp=6449 ms, used_size=9955328 bytes (24.3%)
(RDMA_READ_CONSUME_CHECK_CONSUMER) timestamp=6449 ms, used_size=9953280 bytes (24.3%)
(RDMA_READ_CONSUME_CHECK_CONSUMER) timestamp=6449 ms, used_size=9951232 bytes (24.3%)
(RDMA_READ_CONSUME_CHECK_CONSUMER) timestamp=6449 ms, used_size=9949184 bytes (24.3%)
(RDMA_READ_CONSUME_CHECK_CONSUMER) timestamp=6449 ms, used_size=9947136 bytes (24.3%)
(RDMA_READ_CONSUME_CHECK_CONSUMER) timestamp=6449 ms, used_size=9945088 bytes (24.3%)
(RDMA_READ_CONSUME_CHECK_CONSUMER) timestamp=6449 ms, used_size=9943040 bytes (24.3%)
(RDMA_READ_CONSUME_CHECK_CONSUMER) timestamp=6449 ms, used_size=9940992 bytes (24.3%)
(RDMA_READ_CONSUME_CHECK_CONSUMER) timestamp=6449 ms, used_size=9938944 bytes (24.3%)
(RDMA_READ_CONSUME_CHECK_CONSUMER) timestamp=6449 ms, used_size=9936896 bytes (24.3%)
(RDMA_READ_CONSUME_CHECK_CONSUMER) timestamp=6449 ms, used_size=9934848 bytes (24.3%)
(RDMA_READ_CONSUME_CHECK_CONSUMER) timestamp=6449 ms, used_size=9932800 bytes (24.2%)
(RDMA_READ_CONSUME_CHECK_CONSUMER) timestamp=6449 ms, used_size=9930752 bytes (24.2%)
(RDMA_READ_CONSUME_CHECK_CONSUMER) timestamp=6449 ms, used_size=9928704 bytes (24.2%)
(RDMA_READ_CONSUME_CHECK_CONSUMER) timestamp=6449 ms, used_size=9926656 bytes (24.2%)
(RDMA_READ_CONSUME_CHECK_CONSUMER) timestamp=6449 ms, used_size=9924608 bytes (24.2%)
(RDMA_READ_CONSUME_CHECK_CONSUMER) timestamp=6449 ms, used_size=9922560 bytes (24.2%)
(RDMA_READ_CONSUME_CHECK_CONSUMER) timestamp=6449 ms, used_size=9920512 bytes (24.2%)
(RDMA_READ_CONSUME_CHECK_CONSUMER) timestamp=6449 ms, used_size=9918464 bytes (24.2%)
(RDMA_READ_CONSUME_CHECK_CONSUMER) timestamp=6449 ms, used_size=9916416 bytes (24.2%)
(RDMA_READ_CONSUME_CHECK_CONSUMER) timestamp=6449 ms, used_size=9914368 bytes (24.2%)
(RDMA_READ_CONSUME_CHECK_CONSUMER) timestamp=6449 ms, used_size=9912320 bytes (24.2%)
(RDMA_READ_CONSUME_CHECK_CONSUMER) timestamp=6449 ms, used_size=9910272 bytes (24.2%)
(RDMA_READ_CONSUME_CHECK_CONSUMER) timestamp=6449 ms, used_size=9908224 bytes (24.2%)
(RDMA_READ_CONSUME_CHECK_CONSUMER) timestamp=6449 ms, used_size=9906176 bytes (24.2%)
(RDMA_READ_CONSUME_CHECK_CONSUMER) timestamp=6449 ms, used_size=9904128 bytes (24.2%)
(RDMA_READ_CONSUME_CHECK_CONSUMER) timestamp=6449 ms, used_size=9902080 bytes (24.2%)
(RDMA_READ_CONSUME_CHECK_CONSUMER) timestamp=6449 ms, used_size=9900032 bytes (24.2%)
(RDMA_READ_CONSUME_CHECK_CONSUMER) timestamp=6449 ms, used_size=9897984 bytes (24.2%)
(RDMA_READ_CONSUME_CHECK_CONSUMER) timestamp=6449 ms, used_size=9895936 bytes (24.2%)
(RDMA_READ_CONSUME_CHECK_CONSUMER) timestamp=6449 ms, used_size=9893888 bytes (24.2%)
(RDMA_READ_CONSUME_CHECK_CONSUMER) timestamp=6449 ms, used_size=9891840 bytes (24.1%)
(RDMA_READ_CONSUME_CHECK_CONSUMER) timestamp=6449 ms, used_size=9889792 bytes (24.1%)
(RDMA_READ_CONSUME_CHECK_CONSUMER) timestamp=6449 ms, used_size=9887744 bytes (24.1%)
(RDMA_READ_CONSUME_CHECK_CONSUMER) timestamp=6449 ms, used_size=9885696 bytes (24.1%)
(RDMA_READ_CONSUME_CHECK_CONSUMER) timestamp=6449 ms, used_size=9883648 bytes (24.1%)
(RDMA_READ_CONSUME_CHECK_CONSUMER) timestamp=6449 ms, used_size=9881600 bytes (24.1%)
(RDMA_READ_CONSUME_CHECK_CONSUMER) timestamp=6449 ms, used_size=9879552 bytes (24.1%)
(RDMA_READ_CONSUME_CHECK_CONSUMER) timestamp=6449 ms, used_size=9877504 bytes (24.1%)
(RDMA_READ_CONSUME_CHECK_CONSUMER) timestamp=6449 ms, used_size=9875456 bytes (24.1%)
(RDMA_READ_CONSUME_CHECK_CONSUMER) timestamp=6449 ms, used_size=9873408 bytes (24.1%)
(RDMA_READ_CONSUME_CHECK_CONSUMER) timestamp=6449 ms, used_size=9871360 bytes (24.1%)
(RDMA_READ_CONSUME_CHECK_CONSUMER) timestamp=6449 ms, used_size=9869312 bytes (24.1%)
(RDMA_READ_CONSUME_CHECK_CONSUMER) timestamp=6449 ms, used_size=9867264 bytes (24.1%)
(RDMA_READ_CONSUME_CHECK_CONSUMER) timestamp=6449 ms, used_size=9865216 bytes (24.1%)
(RDMA_READ_CONSUME_CHECK_CONSUMER) timestamp=6449 ms, used_size=9863168 bytes (24.1%)
(RDMA_READ_CONSUME_CHECK_CONSUMER) timestamp=6449 ms, used_size=9861120 bytes (24.1%)
(RDMA_READ_CONSUME_CHECK_CONSUMER) timestamp=6449 ms, used_size=9859072 bytes (24.1%)
(RDMA_READ_CONSUME_CHECK_CONSUMER) timestamp=6449 ms, used_size=9857024 bytes (24.1%)
(RDMA_READ_CONSUME_CHECK_CONSUMER) timestamp=6449 ms, used_size=9854976 bytes (24.1%)
(RDMA_READ_CONSUME_CHECK_CONSUMER) timestamp=6449 ms, used_size=9852928 bytes (24.1%)
(RDMA_READ_CONSUME_CHECK_CONSUMER) timestamp=6449 ms, used_size=9850880 bytes (24.1%)
(RDMA_READ_CONSUME_CHECK_CONSUMER) timestamp=6449 ms, used_size=9848832 bytes (24.0%)
(RDMA_READ_CONSUME_CHECK_CONSUMER) timestamp=6449 ms, used_size=9846784 bytes (24.0%)
(RDMA_READ_CONSUME_CHECK_CONSUMER) timestamp=6449 ms, used_size=9844736 bytes (24.0%)
(RDMA_READ_CONSUME_CHECK_CONSUMER) timestamp=6449 ms, used_size=9842688 bytes (24.0%)
(RDMA_READ_CONSUME_CHECK_CONSUMER) timestamp=6449 ms, used_size=9840640 bytes (24.0%)
(RDMA_READ_CONSUME_CHECK_CONSUMER) timestamp=6449 ms, used_size=9838592 bytes (24.0%)
(RDMA_READ_CONSUME_CHECK_CONSUMER) timestamp=6449 ms, used_size=9836544 bytes (24.0%)
(RDMA_READ_CONSUME_CHECK_CONSUMER) timestamp=6449 ms, used_size=9834496 bytes (24.0%)
(RDMA_READ_CONSUME_CHECK_CONSUMER) timestamp=6449 ms, used_size=9832448 bytes (24.0%)
(RDMA_READ_CONSUME_CHECK_CONSUMER) timestamp=6449 ms, used_size=9830400 bytes (24.0%)
(RDMA_READ_CONSUME_CHECK_CONSUMER) timestamp=6449 ms, used_size=9828352 bytes (24.0%)
(RDMA_READ_CONSUME_CHECK_CONSUMER) timestamp=6449 ms, used_size=9826304 bytes (24.0%)
(RDMA_READ_CONSUME_CHECK_CONSUMER) timestamp=6449 ms, used_size=9824256 bytes (24.0%)
(RDMA_READ_CONSUME_CHECK_CONSUMER) timestamp=6449 ms, used_size=9822208 bytes (24.0%)
(RDMA_READ_CONSUME_CHECK_CONSUMER) timestamp=6449 ms, used_size=9820160 bytes (24.0%)
(RDMA_READ_CONSUME_CHECK_CONSUMER) timestamp=6449 ms, used_size=9818112 bytes (24.0%)
(RDMA_READ_CONSUME_CHECK_CONSUMER) timestamp=6449 ms, used_size=9816064 bytes (24.0%)
(RDMA_READ_CONSUME_CHECK_CONSUMER) timestamp=6449 ms, used_size=9814016 bytes (24.0%)
(RDMA_READ_CONSUME_CHECK_CONSUMER) timestamp=6449 ms, used_size=9811968 bytes (24.0%)
(RDMA_READ_CONSUME_CHECK_CONSUMER) timestamp=6449 ms, used_size=9809920 bytes (23.9%)
(RDMA_READ_CONSUME_CHECK_CONSUMER) timestamp=6449 ms, used_size=9807872 bytes (23.9%)
(RDMA_READ_CONSUME_CHECK_CONSUMER) timestamp=6449 ms, used_size=9805824 bytes (23.9%)
(RDMA_READ_CONSUME_CHECK_CONSUMER) timestamp=6449 ms, used_size=9803776 bytes (23.9%)
(RDMA_READ_CONSUME_CHECK_CONSUMER) timestamp=6449 ms, used_size=9801728 bytes (23.9%)
(RDMA_READ_CONSUME_CHECK_CONSUMER) timestamp=6449 ms, used_size=9799680 bytes (23.9%)
(RDMA_READ_CONSUME_CHECK_CONSUMER) timestamp=6449 ms, used_size=9797632 bytes (23.9%)
(RDMA_READ_CONSUME_CHECK_CONSUMER) timestamp=6449 ms, used_size=9795584 bytes (23.9%)
(RDMA_READ_CONSUME_CHECK_CONSUMER) timestamp=6449 ms, used_size=9793536 bytes (23.9%)
(RDMA_READ_CONSUME_CHECK_CONSUMER) timestamp=6449 ms, used_size=9791488 bytes (23.9%)
(RDMA_READ_CONSUME_CHECK_CONSUMER) timestamp=6449 ms, used_size=9789440 bytes (23.9%)
(RDMA_READ_CONSUME_CHECK_CONSUMER) timestamp=6449 ms, used_size=9787392 bytes (23.9%)
(RDMA_READ_CONSUME_CHECK_CONSUMER) timestamp=6449 ms, used_size=9785344 bytes (23.9%)
(RDMA_READ_CONSUME_CHECK_CONSUMER) timestamp=6449 ms, used_size=9783296 bytes (23.9%)
(RDMA_READ_CONSUME_CHECK_CONSUMER) timestamp=6449 ms, used_size=9781248 bytes (23.9%)
(RDMA_READ_CONSUME_CHECK_CONSUMER) timestamp=6449 ms, used_size=9779200 bytes (23.9%)
(RDMA_READ_CONSUME_CHECK_CONSUMER) timestamp=6449 ms, used_size=9777152 bytes (23.9%)
(RDMA_READ_CONSUME_CHECK_CONSUMER) timestamp=6449 ms, used_size=9775104 bytes (23.9%)
(RDMA_READ_CONSUME_CHECK_CONSUMER) timestamp=6449 ms, used_size=9773056 bytes (23.9%)
(RDMA_READ_CONSUME_CHECK_CONSUMER) timestamp=6449 ms, used_size=9771008 bytes (23.9%)
(RDMA_READ_CONSUME_CHECK_CONSUMER) timestamp=6449 ms, used_size=9768960 bytes (23.9%)
(RDMA_READ_CONSUME_CHECK_CONSUMER) timestamp=6449 ms, used_size=9766912 bytes (23.8%)
(RDMA_READ_CONSUME_CHECK_CONSUMER) timestamp=6449 ms, used_size=9764864 bytes (23.8%)
(RDMA_READ_CONSUME_CHECK_CONSUMER) timestamp=6449 ms, used_size=9762816 bytes (23.8%)
(RDMA_READ_CONSUME_CHECK_CONSUMER) timestamp=6449 ms, used_size=9760768 bytes (23.8%)
(RDMA_READ_CONSUME_CHECK_CONSUMER) timestamp=6449 ms, used_size=9758720 bytes (23.8%)
(RDMA_READ_CONSUME_CHECK_CONSUMER) timestamp=6449 ms, used_size=9756672 bytes (23.8%)
(RDMA_READ_CONSUME_CHECK_CONSUMER) timestamp=6449 ms, used_size=9754624 bytes (23.8%)
(RDMA_READ_CONSUME_CHECK_CONSUMER) timestamp=6449 ms, used_size=9752576 bytes (23.8%)
(RDMA_READ_CONSUME_CHECK_CONSUMER) timestamp=6449 ms, used_size=9750528 bytes (23.8%)
(RDMA_READ_CONSUME_CHECK_CONSUMER) timestamp=6449 ms, used_size=9748480 bytes (23.8%)
(RDMA_READ_CONSUME_CHECK_CONSUMER) timestamp=6449 ms, used_size=9746432 bytes (23.8%)
(RDMA_READ_CONSUME_CHECK_CONSUMER) timestamp=6449 ms, used_size=9744384 bytes (23.8%)
(RDMA_READ_CONSUME_CHECK_CONSUMER) timestamp=6449 ms, used_size=9742336 bytes (23.8%)
(RDMA_READ_CONSUME_CHECK_CONSUMER) timestamp=6449 ms, used_size=9740288 bytes (23.8%)
(RDMA_READ_CONSUME_CHECK_CONSUMER) timestamp=6449 ms, used_size=9738240 bytes (23.8%)
(RDMA_READ_CONSUME_CHECK_CONSUMER) timestamp=6449 ms, used_size=9736192 bytes (23.8%)
(RDMA_READ_CONSUME_CHECK_CONSUMER) timestamp=6449 ms, used_size=9734144 bytes (23.8%)
(RDMA_READ_CONSUME_CHECK_CONSUMER) timestamp=6449 ms, used_size=9732096 bytes (23.8%)
(RDMA_READ_CONSUME_CHECK_CONSUMER) timestamp=6449 ms, used_size=9730048 bytes (23.8%)
(RDMA_READ_CONSUME_CHECK_CONSUMER) timestamp=6449 ms, used_size=9728000 bytes (23.8%)
(RDMA_READ_CONSUME_CHECK_CONSUMER) timestamp=6449 ms, used_size=9725952 bytes (23.7%)
(RDMA_READ_CONSUME_CHECK_CONSUMER) timestamp=6449 ms, used_size=9723904 bytes (23.7%)
(RDMA_READ_CONSUME_CHECK_CONSUMER) timestamp=6449 ms, used_size=9721856 bytes (23.7%)
(RDMA_READ_CONSUME_CHECK_CONSUMER) timestamp=6449 ms, used_size=9719808 bytes (23.7%)
(RDMA_READ_CONSUME_CHECK_CONSUMER) timestamp=6449 ms, used_size=9717760 bytes (23.7%)
(RDMA_READ_CONSUME_CHECK_CONSUMER) timestamp=6449 ms, used_size=9715712 bytes (23.7%)
(RDMA_READ_CONSUME_CHECK_CONSUMER) timestamp=6449 ms, used_size=9713664 bytes (23.7%)
(RDMA_READ_CONSUME_CHECK_CONSUMER) timestamp=6449 ms, used_size=9711616 bytes (23.7%)
(RDMA_READ_CONSUME_CHECK_CONSUMER) timestamp=6449 ms, used_size=9709568 bytes (23.7%)
(RDMA_READ_CONSUME_CHECK_CONSUMER) timestamp=6449 ms, used_size=9707520 bytes (23.7%)
(RDMA_READ_CONSUME_CHECK_CONSUMER) timestamp=6449 ms, used_size=9705472 bytes (23.7%)
(RDMA_READ_CONSUME_CHECK_CONSUMER) timestamp=6449 ms, used_size=9703424 bytes (23.7%)
(RDMA_READ_CONSUME_CHECK_CONSUMER) timestamp=6449 ms, used_size=9701376 bytes (23.7%)
(RDMA_READ_CONSUME_CHECK_CONSUMER) timestamp=6449 ms, used_size=9699328 bytes (23.7%)
(RDMA_READ_CONSUME_CHECK_CONSUMER) timestamp=6449 ms, used_size=9697280 bytes (23.7%)
(RDMA_READ_CONSUME_CHECK_CONSUMER) timestamp=6449 ms, used_size=9695232 bytes (23.7%)
(RDMA_READ_CONSUME_CHECK_CONSUMER) timestamp=6449 ms, used_size=9693184 bytes (23.7%)
(RDMA_READ_CONSUME_CHECK_CONSUMER) timestamp=6449 ms, used_size=9691136 bytes (23.7%)
(RDMA_READ_CONSUME_CHECK_CONSUMER) timestamp=6449 ms, used_size=9689088 bytes (23.7%)
(RDMA_READ_CONSUME_CHECK_CONSUMER) timestamp=6449 ms, used_size=9687040 bytes (23.6%)
(RDMA_READ_CONSUME_CHECK_CONSUMER) timestamp=6449 ms, used_size=9684992 bytes (23.6%)
(RDMA_READ_CONSUME_CHECK_CONSUMER) timestamp=6449 ms, used_size=9682944 bytes (23.6%)
(RDMA_READ_CONSUME_CHECK_CONSUMER) timestamp=6449 ms, used_size=9680896 bytes (23.6%)
(RDMA_READ_CONSUME_CHECK_CONSUMER) timestamp=6449 ms, used_size=9678848 bytes (23.6%)
(RDMA_READ_CONSUME_CHECK_CONSUMER) timestamp=6449 ms, used_size=9676800 bytes (23.6%)
(RDMA_READ_CONSUME_CHECK_CONSUMER) timestamp=6449 ms, used_size=9674752 bytes (23.6%)
(RDMA_READ_CONSUME_CHECK_CONSUMER) timestamp=6449 ms, used_size=9672704 bytes (23.6%)
(RDMA_READ_CONSUME_CHECK_CONSUMER) timestamp=6449 ms, used_size=9670656 bytes (23.6%)
(RDMA_READ_CONSUME_CHECK_CONSUMER) timestamp=6449 ms, used_size=9668608 bytes (23.6%)
(RDMA_READ_CONSUME_CHECK_CONSUMER) timestamp=6449 ms, used_size=9666560 bytes (23.6%)
(RDMA_READ_CONSUME_CHECK_CONSUMER) timestamp=6449 ms, used_size=9664512 bytes (23.6%)
(RDMA_READ_CONSUME_CHECK_CONSUMER) timestamp=6449 ms, used_size=9662464 bytes (23.6%)
(RDMA_READ_CONSUME_CHECK_CONSUMER) timestamp=6449 ms, used_size=9660416 bytes (23.6%)
(RDMA_READ_CONSUME_CHECK_CONSUMER) timestamp=6449 ms, used_size=9658368 bytes (23.6%)
(RDMA_READ_CONSUME_CHECK_CONSUMER) timestamp=6449 ms, used_size=9656320 bytes (23.6%)
(RDMA_READ_CONSUME_CHECK_CONSUMER) timestamp=6449 ms, used_size=9654272 bytes (23.6%)
(RDMA_READ_CONSUME_CHECK_CONSUMER) timestamp=6449 ms, used_size=9652224 bytes (23.6%)
(RDMA_READ_CONSUME_CHECK_CONSUMER) timestamp=6449 ms, used_size=9650176 bytes (23.6%)
(RDMA_READ_CONSUME_CHECK_CONSUMER) timestamp=6449 ms, used_size=9648128 bytes (23.6%)
(RDMA_READ_CONSUME_CHECK_CONSUMER) timestamp=6449 ms, used_size=9646080 bytes (23.6%)
(RDMA_READ_CONSUME_CHECK_CONSUMER) timestamp=6449 ms, used_size=9644032 bytes (23.5%)
(RDMA_READ_CONSUME_CHECK_CONSUMER) timestamp=6449 ms, used_size=9641984 bytes (23.5%)
(RDMA_READ_CONSUME_CHECK_CONSUMER) timestamp=6449 ms, used_size=9639936 bytes (23.5%)
(RDMA_READ_CONSUME_CHECK_CONSUMER) timestamp=6449 ms, used_size=9637888 bytes (23.5%)
(RDMA_READ_CONSUME_CHECK_CONSUMER) timestamp=6449 ms, used_size=9635840 bytes (23.5%)
(RDMA_READ_CONSUME_CHECK_CONSUMER) timestamp=6449 ms, used_size=9633792 bytes (23.5%)
(RDMA_READ_CONSUME_CHECK_CONSUMER) timestamp=6449 ms, used_size=9631744 bytes (23.5%)
(RDMA_READ_CONSUME_CHECK_CONSUMER) timestamp=6449 ms, used_size=9629696 bytes (23.5%)
(RDMA_READ_CONSUME_CHECK_CONSUMER) timestamp=6449 ms, used_size=9627648 bytes (23.5%)
(RDMA_READ_CONSUME_CHECK_CONSUMER) timestamp=6449 ms, used_size=9625600 bytes (23.5%)
(RDMA_READ_CONSUME_CHECK_CONSUMER) timestamp=6449 ms, used_size=9623552 bytes (23.5%)
(RDMA_READ_CONSUME_CHECK_CONSUMER) timestamp=6449 ms, used_size=9621504 bytes (23.5%)
(RDMA_READ_CONSUME_CHECK_CONSUMER) timestamp=6449 ms, used_size=9619456 bytes (23.5%)
(RDMA_READ_CONSUME_CHECK_CONSUMER) timestamp=6449 ms, used_size=9617408 bytes (23.5%)
(RDMA_READ_CONSUME_CHECK_CONSUMER) timestamp=6450 ms, used_size=9615360 bytes (23.5%)
(RDMA_READ_CONSUME_CHECK_CONSUMER) timestamp=6450 ms, used_size=9613312 bytes (23.5%)
(RDMA_READ_CONSUME_CHECK_CONSUMER) timestamp=6450 ms, used_size=9611264 bytes (23.5%)
(RDMA_READ_CONSUME_CHECK_CONSUMER) timestamp=6450 ms, used_size=9609216 bytes (23.5%)
(RDMA_READ_CONSUME_CHECK_CONSUMER) timestamp=6450 ms, used_size=9607168 bytes (23.5%)
(RDMA_READ_CONSUME_CHECK_CONSUMER) timestamp=6450 ms, used_size=9605120 bytes (23.4%)
(RDMA_READ_CONSUME_CHECK_CONSUMER) timestamp=6450 ms, used_size=9603072 bytes (23.4%)
(RDMA_READ_CONSUME_CHECK_CONSUMER) timestamp=6450 ms, used_size=9601024 bytes (23.4%)
(RDMA_READ_CONSUME_CHECK_CONSUMER) timestamp=6450 ms, used_size=9598976 bytes (23.4%)
(RDMA_READ_CONSUME_CHECK_CONSUMER) timestamp=6450 ms, used_size=9596928 bytes (23.4%)
(RDMA_READ_CONSUME_CHECK_CONSUMER) timestamp=6450 ms, used_size=9594880 bytes (23.4%)
(RDMA_READ_CONSUME_CHECK_CONSUMER) timestamp=6450 ms, used_size=9592832 bytes (23.4%)
(RDMA_READ_CONSUME_CHECK_CONSUMER) timestamp=6450 ms, used_size=9590784 bytes (23.4%)
(RDMA_READ_CONSUME_CHECK_CONSUMER) timestamp=6450 ms, used_size=9588736 bytes (23.4%)
(RDMA_READ_CONSUME_CHECK_CONSUMER) timestamp=6450 ms, used_size=9586688 bytes (23.4%)
(RDMA_READ_CONSUME_CHECK_CONSUMER) timestamp=6450 ms, used_size=9584640 bytes (23.4%)
(RDMA_READ_CONSUME_CHECK_CONSUMER) timestamp=6450 ms, used_size=9582592 bytes (23.4%)
(RDMA_READ_CONSUME_CHECK_CONSUMER) timestamp=6450 ms, used_size=9580544 bytes (23.4%)
(RDMA_READ_CONSUME_CHECK_CONSUMER) timestamp=6450 ms, used_size=9578496 bytes (23.4%)
(RDMA_READ_CONSUME_CHECK_CONSUMER) timestamp=6450 ms, used_size=9576448 bytes (23.4%)
(RDMA_READ_CONSUME_CHECK_CONSUMER) timestamp=6450 ms, used_size=9574400 bytes (23.4%)
(RDMA_READ_CONSUME_CHECK_CONSUMER) timestamp=6450 ms, used_size=9572352 bytes (23.4%)
(RDMA_READ_CONSUME_CHECK_CONSUMER) timestamp=6450 ms, used_size=9570304 bytes (23.4%)
(RDMA_READ_CONSUME_CHECK_CONSUMER) timestamp=6450 ms, used_size=9568256 bytes (23.4%)
(RDMA_READ_CONSUME_CHECK_CONSUMER) timestamp=6450 ms, used_size=9566208 bytes (23.4%)
(RDMA_READ_CONSUME_CHECK_CONSUMER) timestamp=6450 ms, used_size=9564160 bytes (23.4%)
(RDMA_READ_CONSUME_CHECK_CONSUMER) timestamp=6450 ms, used_size=9562112 bytes (23.3%)
(RDMA_READ_CONSUME_CHECK_CONSUMER) timestamp=6450 ms, used_size=9560064 bytes (23.3%)
(RDMA_READ_CONSUME_CHECK_CONSUMER) timestamp=6450 ms, used_size=9558016 bytes (23.3%)
(RDMA_READ_CONSUME_CHECK_CONSUMER) timestamp=6450 ms, used_size=9555968 bytes (23.3%)
(RDMA_READ_CONSUME_CHECK_CONSUMER) timestamp=6450 ms, used_size=9553920 bytes (23.3%)
(RDMA_READ_CONSUME_CHECK_CONSUMER) timestamp=6450 ms, used_size=9551872 bytes (23.3%)
(RDMA_READ_CONSUME_CHECK_CONSUMER) timestamp=6450 ms, used_size=9549824 bytes (23.3%)
(RDMA_READ_CONSUME_CHECK_CONSUMER) timestamp=6450 ms, used_size=9547776 bytes (23.3%)
(RDMA_READ_CONSUME_CHECK_CONSUMER) timestamp=6450 ms, used_size=9545728 bytes (23.3%)
(RDMA_READ_CONSUME_CHECK_CONSUMER) timestamp=6450 ms, used_size=9543680 bytes (23.3%)
(RDMA_READ_CONSUME_CHECK_CONSUMER) timestamp=6450 ms, used_size=9541632 bytes (23.3%)
(RDMA_READ_CONSUME_CHECK_CONSUMER) timestamp=6450 ms, used_size=9539584 bytes (23.3%)
(RDMA_READ_CONSUME_CHECK_CONSUMER) timestamp=6450 ms, used_size=9537536 bytes (23.3%)
(RDMA_READ_CONSUME_CHECK_CONSUMER) timestamp=6450 ms, used_size=9535488 bytes (23.3%)
(RDMA_READ_CONSUME_CHECK_CONSUMER) timestamp=6450 ms, used_size=9533440 bytes (23.3%)
(RDMA_READ_CONSUME_CHECK_CONSUMER) timestamp=6450 ms, used_size=9531392 bytes (23.3%)
(RDMA_READ_CONSUME_CHECK_CONSUMER) timestamp=6450 ms, used_size=9529344 bytes (23.3%)
(RDMA_READ_CONSUME_CHECK_CONSUMER) timestamp=6450 ms, used_size=9527296 bytes (23.3%)
(RDMA_READ_CONSUME_CHECK_CONSUMER) timestamp=6450 ms, used_size=9525248 bytes (23.3%)
(RDMA_READ_CONSUME_CHECK_CONSUMER) timestamp=6450 ms, used_size=9523200 bytes (23.2%)
(RDMA_READ_CONSUME_CHECK_CONSUMER) timestamp=6450 ms, used_size=9521152 bytes (23.2%)
(RDMA_READ_CONSUME_CHECK_CONSUMER) timestamp=6450 ms, used_size=9519104 bytes (23.2%)
(RDMA_READ_CONSUME_CHECK_CONSUMER) timestamp=6450 ms, used_size=9517056 bytes (23.2%)
(RDMA_READ_CONSUME_CHECK_CONSUMER) timestamp=6450 ms, used_size=9515008 bytes (23.2%)
(RDMA_READ_CONSUME_CHECK_CONSUMER) timestamp=6450 ms, used_size=9512960 bytes (23.2%)
(RDMA_READ_CONSUME_CHECK_CONSUMER) timestamp=6450 ms, used_size=9510912 bytes (23.2%)
(RDMA_READ_CONSUME_CHECK_CONSUMER) timestamp=6450 ms, used_size=9508864 bytes (23.2%)
(RDMA_READ_CONSUME_CHECK_CONSUMER) timestamp=6450 ms, used_size=9506816 bytes (23.2%)
(RDMA_READ_CONSUME_CHECK_CONSUMER) timestamp=6450 ms, used_size=9504768 bytes (23.2%)
(RDMA_READ_CONSUME_CHECK_CONSUMER) timestamp=6450 ms, used_size=9502720 bytes (23.2%)
(RDMA_READ_CONSUME_CHECK_CONSUMER) timestamp=6450 ms, used_size=9500672 bytes (23.2%)
(RDMA_READ_CONSUME_CHECK_CONSUMER) timestamp=6450 ms, used_size=9498624 bytes (23.2%)
(RDMA_READ_CONSUME_CHECK_CONSUMER) timestamp=6450 ms, used_size=9496576 bytes (23.2%)
(RDMA_READ_CONSUME_CHECK_CONSUMER) timestamp=6450 ms, used_size=9494528 bytes (23.2%)
(RDMA_READ_CONSUME_CHECK_CONSUMER) timestamp=6450 ms, used_size=9492480 bytes (23.2%)
(RDMA_READ_CONSUME_CHECK_CONSUMER) timestamp=6450 ms, used_size=9490432 bytes (23.2%)
(RDMA_READ_CONSUME_CHECK_CONSUMER) timestamp=6450 ms, used_size=9488384 bytes (23.2%)
(RDMA_READ_CONSUME_CHECK_CONSUMER) timestamp=6450 ms, used_size=9486336 bytes (23.2%)
(RDMA_READ_CONSUME_CHECK_CONSUMER) timestamp=6450 ms, used_size=9484288 bytes (23.2%)
(RDMA_READ_CONSUME_CHECK_CONSUMER) timestamp=6450 ms, used_size=9482240 bytes (23.1%)
(RDMA_READ_CONSUME_CHECK_CONSUMER) timestamp=6450 ms, used_size=9480192 bytes (23.1%)
(RDMA_READ_CONSUME_CHECK_CONSUMER) timestamp=6450 ms, used_size=9478144 bytes (23.1%)
(RDMA_READ_CONSUME_CHECK_CONSUMER) timestamp=6450 ms, used_size=9476096 bytes (23.1%)
(RDMA_READ_CONSUME_CHECK_CONSUMER) timestamp=6450 ms, used_size=9474048 bytes (23.1%)
(RDMA_READ_CONSUME_CHECK_CONSUMER) timestamp=6450 ms, used_size=9472000 bytes (23.1%)
(RDMA_READ_CONSUME_CHECK_CONSUMER) timestamp=6450 ms, used_size=9469952 bytes (23.1%)
(RDMA_READ_CONSUME_CHECK_CONSUMER) timestamp=6450 ms, used_size=9467904 bytes (23.1%)
(RDMA_READ_CONSUME_CHECK_CONSUMER) timestamp=6450 ms, used_size=9465856 bytes (23.1%)
(RDMA_READ_CONSUME_CHECK_CONSUMER) timestamp=6450 ms, used_size=9463808 bytes (23.1%)
(RDMA_READ_CONSUME_CHECK_CONSUMER) timestamp=6450 ms, used_size=9461760 bytes (23.1%)
(RDMA_READ_CONSUME_CHECK_CONSUMER) timestamp=6450 ms, used_size=9459712 bytes (23.1%)
(RDMA_READ_CONSUME_CHECK_CONSUMER) timestamp=6450 ms, used_size=9457664 bytes (23.1%)
(RDMA_READ_CONSUME_CHECK_CONSUMER) timestamp=6450 ms, used_size=9455616 bytes (23.1%)
(RDMA_READ_CONSUME_CHECK_CONSUMER) timestamp=6450 ms, used_size=9453568 bytes (23.1%)
(RDMA_READ_CONSUME_CHECK_CONSUMER) timestamp=6450 ms, used_size=9451520 bytes (23.1%)
(RDMA_READ_CONSUME_CHECK_CONSUMER) timestamp=6450 ms, used_size=9449472 bytes (23.1%)
(RDMA_READ_CONSUME_CHECK_CONSUMER) timestamp=6450 ms, used_size=9447424 bytes (23.1%)
(RDMA_READ_CONSUME_CHECK_CONSUMER) timestamp=6450 ms, used_size=9445376 bytes (23.1%)
(RDMA_READ_CONSUME_CHECK_CONSUMER) timestamp=6450 ms, used_size=9443328 bytes (23.1%)
(RDMA_READ_CONSUME_CHECK_CONSUMER) timestamp=6450 ms, used_size=9441280 bytes (23.1%)
(RDMA_READ_CONSUME_CHECK_CONSUMER) timestamp=6450 ms, used_size=9439232 bytes (23.0%)
(RDMA_READ_CONSUME_CHECK_CONSUMER) timestamp=6450 ms, used_size=9437184 bytes (23.0%)
(RDMA_READ_CONSUME_CHECK_CONSUMER) timestamp=6450 ms, used_size=9435136 bytes (23.0%)
(RDMA_READ_CONSUME_CHECK_CONSUMER) timestamp=6450 ms, used_size=9433088 bytes (23.0%)
(RDMA_READ_CONSUME_CHECK_CONSUMER) timestamp=6450 ms, used_size=9431040 bytes (23.0%)
(RDMA_READ_CONSUME_CHECK_CONSUMER) timestamp=6450 ms, used_size=9428992 bytes (23.0%)
(RDMA_READ_CONSUME_CHECK_CONSUMER) timestamp=6450 ms, used_size=9426944 bytes (23.0%)
(RDMA_READ_CONSUME_CHECK_CONSUMER) timestamp=6450 ms, used_size=9424896 bytes (23.0%)
(RDMA_READ_CONSUME_CHECK_CONSUMER) timestamp=6450 ms, used_size=9422848 bytes (23.0%)
(RDMA_READ_CONSUME_CHECK_CONSUMER) timestamp=6450 ms, used_size=9420800 bytes (23.0%)
(RDMA_READ_CONSUME_CHECK_CONSUMER) timestamp=6450 ms, used_size=9418752 bytes (23.0%)
(RDMA_READ_CONSUME_CHECK_CONSUMER) timestamp=6450 ms, used_size=9416704 bytes (23.0%)
(RDMA_READ_CONSUME_CHECK_CONSUMER) timestamp=6450 ms, used_size=9414656 bytes (23.0%)
(RDMA_READ_CONSUME_CHECK_CONSUMER) timestamp=6450 ms, used_size=9412608 bytes (23.0%)
(RDMA_READ_CONSUME_CHECK_CONSUMER) timestamp=6450 ms, used_size=9410560 bytes (23.0%)
(RDMA_READ_CONSUME_CHECK_CONSUMER) timestamp=6450 ms, used_size=9408512 bytes (23.0%)
(RDMA_READ_CONSUME_CHECK_CONSUMER) timestamp=6450 ms, used_size=9406464 bytes (23.0%)
(RDMA_READ_CONSUME_CHECK_CONSUMER) timestamp=6450 ms, used_size=9404416 bytes (23.0%)
(RDMA_READ_CONSUME_CHECK_CONSUMER) timestamp=6450 ms, used_size=9402368 bytes (23.0%)
(RDMA_READ_CONSUME_CHECK_CONSUMER) timestamp=6450 ms, used_size=9400320 bytes (22.9%)
(RDMA_READ_CONSUME_CHECK_CONSUMER) timestamp=6450 ms, used_size=9398272 bytes (22.9%)
(RDMA_READ_CONSUME_CHECK_CONSUMER) timestamp=6450 ms, used_size=9396224 bytes (22.9%)
(RDMA_READ_CONSUME_CHECK_CONSUMER) timestamp=6450 ms, used_size=9394176 bytes (22.9%)
(RDMA_READ_CONSUME_CHECK_CONSUMER) timestamp=6450 ms, used_size=9392128 bytes (22.9%)
(RDMA_READ_CONSUME_CHECK_CONSUMER) timestamp=6450 ms, used_size=9390080 bytes (22.9%)
(RDMA_READ_CONSUME_CHECK_CONSUMER) timestamp=6450 ms, used_size=9388032 bytes (22.9%)
(RDMA_READ_CONSUME_CHECK_CONSUMER) timestamp=6450 ms, used_size=9385984 bytes (22.9%)
(RDMA_READ_CONSUME_CHECK_CONSUMER) timestamp=6450 ms, used_size=9383936 bytes (22.9%)
(RDMA_READ_CONSUME_CHECK_CONSUMER) timestamp=6450 ms, used_size=9381888 bytes (22.9%)
(RDMA_READ_CONSUME_CHECK_CONSUMER) timestamp=6450 ms, used_size=9379840 bytes (22.9%)
(RDMA_READ_CONSUME_CHECK_CONSUMER) timestamp=6450 ms, used_size=9377792 bytes (22.9%)
(RDMA_READ_CONSUME_CHECK_CONSUMER) timestamp=6450 ms, used_size=9375744 bytes (22.9%)
(RDMA_READ_CONSUME_CHECK_CONSUMER) timestamp=6450 ms, used_size=9373696 bytes (22.9%)
(RDMA_READ_CONSUME_CHECK_CONSUMER) timestamp=6450 ms, used_size=9371648 bytes (22.9%)
(RDMA_READ_CONSUME_CHECK_CONSUMER) timestamp=6450 ms, used_size=9369600 bytes (22.9%)
(RDMA_READ_CONSUME_CHECK_CONSUMER) timestamp=6450 ms, used_size=9367552 bytes (22.9%)
(RDMA_READ_CONSUME_CHECK_CONSUMER) timestamp=6450 ms, used_size=9365504 bytes (22.9%)
(RDMA_READ_CONSUME_CHECK_CONSUMER) timestamp=6450 ms, used_size=9363456 bytes (22.9%)
(RDMA_READ_CONSUME_CHECK_CONSUMER) timestamp=6450 ms, used_size=9361408 bytes (22.9%)
(RDMA_READ_CONSUME_CHECK_CONSUMER) timestamp=6450 ms, used_size=9359360 bytes (22.9%)
(RDMA_READ_CONSUME_CHECK_CONSUMER) timestamp=6450 ms, used_size=9357312 bytes (22.8%)
(RDMA_READ_CONSUME_CHECK_CONSUMER) timestamp=6450 ms, used_size=9355264 bytes (22.8%)
(RDMA_READ_CONSUME_CHECK_CONSUMER) timestamp=6450 ms, used_size=9353216 bytes (22.8%)
(RDMA_READ_CONSUME_CHECK_CONSUMER) timestamp=6450 ms, used_size=9351168 bytes (22.8%)
(RDMA_READ_CONSUME_CHECK_CONSUMER) timestamp=6450 ms, used_size=9349120 bytes (22.8%)
(RDMA_READ_CONSUME_CHECK_CONSUMER) timestamp=6450 ms, used_size=9347072 bytes (22.8%)
(RDMA_READ_CONSUME_CHECK_CONSUMER) timestamp=6450 ms, used_size=9345024 bytes (22.8%)
(RDMA_READ_CONSUME_CHECK_CONSUMER) timestamp=6450 ms, used_size=9342976 bytes (22.8%)
(RDMA_READ_CONSUME_CHECK_CONSUMER) timestamp=6450 ms, used_size=9340928 bytes (22.8%)
(RDMA_READ_CONSUME_CHECK_CONSUMER) timestamp=6450 ms, used_size=9338880 bytes (22.8%)
(RDMA_READ_CONSUME_CHECK_CONSUMER) timestamp=6450 ms, used_size=9336832 bytes (22.8%)
(RDMA_READ_CONSUME_CHECK_CONSUMER) timestamp=6450 ms, used_size=9334784 bytes (22.8%)
(RDMA_READ_CONSUME_CHECK_CONSUMER) timestamp=6450 ms, used_size=9332736 bytes (22.8%)
(RDMA_READ_CONSUME_CHECK_CONSUMER) timestamp=6450 ms, used_size=9330688 bytes (22.8%)
(RDMA_READ_CONSUME_CHECK_CONSUMER) timestamp=6450 ms, used_size=9328640 bytes (22.8%)
(RDMA_READ_CONSUME_CHECK_CONSUMER) timestamp=6450 ms, used_size=9326592 bytes (22.8%)
(RDMA_READ_CONSUME_CHECK_CONSUMER) timestamp=6450 ms, used_size=9324544 bytes (22.8%)
(RDMA_READ_CONSUME_CHECK_CONSUMER) timestamp=6450 ms, used_size=9322496 bytes (22.8%)
(RDMA_READ_CONSUME_CHECK_CONSUMER) timestamp=6450 ms, used_size=9320448 bytes (22.8%)
(RDMA_READ_CONSUME_CHECK_CONSUMER) timestamp=6450 ms, used_size=9318400 bytes (22.8%)
(RDMA_READ_CONSUME_CHECK_CONSUMER) timestamp=6450 ms, used_size=9316352 bytes (22.7%)
(RDMA_READ_CONSUME_CHECK_CONSUMER) timestamp=6450 ms, used_size=9314304 bytes (22.7%)
(RDMA_READ_CONSUME_CHECK_CONSUMER) timestamp=6450 ms, used_size=9312256 bytes (22.7%)
(RDMA_READ_CONSUME_CHECK_CONSUMER) timestamp=6450 ms, used_size=9310208 bytes (22.7%)
(RDMA_READ_CONSUME_CHECK_CONSUMER) timestamp=6450 ms, used_size=9308160 bytes (22.7%)
(RDMA_READ_CONSUME_CHECK_CONSUMER) timestamp=6450 ms, used_size=9306112 bytes (22.7%)
(RDMA_READ_CONSUME_CHECK_CONSUMER) timestamp=6450 ms, used_size=9304064 bytes (22.7%)
(RDMA_READ_CONSUME_CHECK_CONSUMER) timestamp=6450 ms, used_size=9302016 bytes (22.7%)
(RDMA_READ_CONSUME_CHECK_CONSUMER) timestamp=6450 ms, used_size=9299968 bytes (22.7%)
(RDMA_READ_CONSUME_CHECK_CONSUMER) timestamp=6450 ms, used_size=9297920 bytes (22.7%)
(RDMA_READ_CONSUME_CHECK_CONSUMER) timestamp=6450 ms, used_size=9295872 bytes (22.7%)
(RDMA_READ_CONSUME_CHECK_CONSUMER) timestamp=6450 ms, used_size=9293824 bytes (22.7%)
(RDMA_READ_CONSUME_CHECK_CONSUMER) timestamp=6450 ms, used_size=9291776 bytes (22.7%)
(RDMA_READ_CONSUME_CHECK_CONSUMER) timestamp=6450 ms, used_size=9289728 bytes (22.7%)
(RDMA_READ_CONSUME_CHECK_CONSUMER) timestamp=6450 ms, used_size=9287680 bytes (22.7%)
(RDMA_READ_CONSUME_CHECK_CONSUMER) timestamp=6450 ms, used_size=9285632 bytes (22.7%)
(RDMA_READ_CONSUME_CHECK_CONSUMER) timestamp=6450 ms, used_size=9283584 bytes (22.7%)
(RDMA_READ_CONSUME_CHECK_CONSUMER) timestamp=6450 ms, used_size=9281536 bytes (22.7%)
(RDMA_READ_CONSUME_CHECK_CONSUMER) timestamp=6450 ms, used_size=9279488 bytes (22.7%)
(RDMA_READ_CONSUME_CHECK_CONSUMER) timestamp=6450 ms, used_size=9277440 bytes (22.6%)
(RDMA_READ_CONSUME_CHECK_CONSUMER) timestamp=6450 ms, used_size=9275392 bytes (22.6%)
(RDMA_READ_CONSUME_CHECK_CONSUMER) timestamp=6450 ms, used_size=9273344 bytes (22.6%)
(RDMA_READ_CONSUME_CHECK_CONSUMER) timestamp=6450 ms, used_size=9271296 bytes (22.6%)
(RDMA_READ_CONSUME_CHECK_CONSUMER) timestamp=6450 ms, used_size=9269248 bytes (22.6%)
(RDMA_READ_CONSUME_CHECK_CONSUMER) timestamp=6450 ms, used_size=9267200 bytes (22.6%)
(RDMA_READ_CONSUME_CHECK_CONSUMER) timestamp=6450 ms, used_size=9265152 bytes (22.6%)
(RDMA_READ_CONSUME_CHECK_CONSUMER) timestamp=6451 ms, used_size=9263104 bytes (22.6%)
(RDMA_READ_CONSUME_CHECK_CONSUMER) timestamp=6451 ms, used_size=9261056 bytes (22.6%)
(RDMA_READ_CONSUME_CHECK_CONSUMER) timestamp=6451 ms, used_size=9259008 bytes (22.6%)
(RDMA_READ_CONSUME_CHECK_CONSUMER) timestamp=6451 ms, used_size=9256960 bytes (22.6%)
(RDMA_READ_CONSUME_CHECK_CONSUMER) timestamp=6451 ms, used_size=9254912 bytes (22.6%)
(RDMA_READ_CONSUME_CHECK_CONSUMER) timestamp=6451 ms, used_size=9252864 bytes (22.6%)
(RDMA_READ_CONSUME_CHECK_CONSUMER) timestamp=6451 ms, used_size=9250816 bytes (22.6%)
(RDMA_READ_CONSUME_CHECK_CONSUMER) timestamp=6451 ms, used_size=9248768 bytes (22.6%)
(RDMA_READ_CONSUME_CHECK_CONSUMER) timestamp=6451 ms, used_size=9246720 bytes (22.6%)
(RDMA_READ_CONSUME_CHECK_CONSUMER) timestamp=6451 ms, used_size=9244672 bytes (22.6%)
(RDMA_READ_CONSUME_CHECK_CONSUMER) timestamp=6451 ms, used_size=9242624 bytes (22.6%)
(RDMA_READ_CONSUME_CHECK_CONSUMER) timestamp=6451 ms, used_size=9240576 bytes (22.6%)
(RDMA_READ_CONSUME_CHECK_CONSUMER) timestamp=6451 ms, used_size=9238528 bytes (22.6%)
(RDMA_READ_CONSUME_CHECK_CONSUMER) timestamp=6451 ms, used_size=9236480 bytes (22.6%)
(RDMA_READ_CONSUME_CHECK_CONSUMER) timestamp=6451 ms, used_size=9234432 bytes (22.5%)
(RDMA_READ_CONSUME_CHECK_CONSUMER) timestamp=6451 ms, used_size=9232384 bytes (22.5%)
(RDMA_READ_CONSUME_CHECK_CONSUMER) timestamp=6451 ms, used_size=9230336 bytes (22.5%)
(RDMA_READ_CONSUME_CHECK_CONSUMER) timestamp=6451 ms, used_size=9228288 bytes (22.5%)
(RDMA_READ_CONSUME_CHECK_CONSUMER) timestamp=6451 ms, used_size=9226240 bytes (22.5%)
(RDMA_READ_CONSUME_CHECK_CONSUMER) timestamp=6451 ms, used_size=9224192 bytes (22.5%)
(RDMA_READ_CONSUME_CHECK_CONSUMER) timestamp=6451 ms, used_size=9222144 bytes (22.5%)
(RDMA_READ_CONSUME_CHECK_CONSUMER) timestamp=6451 ms, used_size=9220096 bytes (22.5%)
(RDMA_READ_CONSUME_CHECK_CONSUMER) timestamp=6451 ms, used_size=9218048 bytes (22.5%)
(RDMA_READ_CONSUME_CHECK_CONSUMER) timestamp=6451 ms, used_size=9216000 bytes (22.5%)
(RDMA_READ_CONSUME_CHECK_CONSUMER) timestamp=6451 ms, used_size=9213952 bytes (22.5%)
(RDMA_READ_CONSUME_CHECK_CONSUMER) timestamp=6451 ms, used_size=9211904 bytes (22.5%)
(RDMA_READ_CONSUME_CHECK_CONSUMER) timestamp=6451 ms, used_size=9209856 bytes (22.5%)
(RDMA_READ_CONSUME_CHECK_CONSUMER) timestamp=6451 ms, used_size=9207808 bytes (22.5%)
(RDMA_READ_CONSUME_CHECK_CONSUMER) timestamp=6451 ms, used_size=9205760 bytes (22.5%)
(RDMA_READ_CONSUME_CHECK_CONSUMER) timestamp=6451 ms, used_size=9203712 bytes (22.5%)
(RDMA_READ_CONSUME_CHECK_CONSUMER) timestamp=6451 ms, used_size=9201664 bytes (22.5%)
(RDMA_READ_CONSUME_CHECK_CONSUMER) timestamp=6451 ms, used_size=9199616 bytes (22.5%)
(RDMA_READ_CONSUME_CHECK_CONSUMER) timestamp=6451 ms, used_size=9197568 bytes (22.5%)
(RDMA_READ_CONSUME_CHECK_CONSUMER) timestamp=6451 ms, used_size=9195520 bytes (22.4%)
(RDMA_READ_CONSUME_CHECK_CONSUMER) timestamp=6451 ms, used_size=9193472 bytes (22.4%)
(RDMA_READ_CONSUME_CHECK_CONSUMER) timestamp=6451 ms, used_size=9191424 bytes (22.4%)
(RDMA_READ_CONSUME_CHECK_CONSUMER) timestamp=6451 ms, used_size=9189376 bytes (22.4%)
(RDMA_READ_CONSUME_CHECK_CONSUMER) timestamp=6451 ms, used_size=9187328 bytes (22.4%)
(RDMA_READ_CONSUME_CHECK_CONSUMER) timestamp=6451 ms, used_size=9185280 bytes (22.4%)
(RDMA_READ_CONSUME_CHECK_CONSUMER) timestamp=6451 ms, used_size=9183232 bytes (22.4%)
(RDMA_READ_CONSUME_CHECK_CONSUMER) timestamp=6451 ms, used_size=9181184 bytes (22.4%)
(RDMA_READ_CONSUME_CHECK_CONSUMER) timestamp=6451 ms, used_size=9179136 bytes (22.4%)
(RDMA_READ_CONSUME_CHECK_CONSUMER) timestamp=6451 ms, used_size=9177088 bytes (22.4%)
(RDMA_READ_CONSUME_CHECK_CONSUMER) timestamp=6451 ms, used_size=9175040 bytes (22.4%)
(RDMA_READ_CONSUME_CHECK_CONSUMER) timestamp=6451 ms, used_size=9172992 bytes (22.4%)
(RDMA_READ_CONSUME_CHECK_CONSUMER) timestamp=6451 ms, used_size=9170944 bytes (22.4%)
(RDMA_READ_CONSUME_CHECK_CONSUMER) timestamp=6451 ms, used_size=9168896 bytes (22.4%)
(RDMA_READ_CONSUME_CHECK_CONSUMER) timestamp=6451 ms, used_size=9166848 bytes (22.4%)
(RDMA_READ_CONSUME_CHECK_CONSUMER) timestamp=6451 ms, used_size=9164800 bytes (22.4%)
(RDMA_READ_CONSUME_CHECK_CONSUMER) timestamp=6451 ms, used_size=9162752 bytes (22.4%)
(RDMA_READ_CONSUME_CHECK_CONSUMER) timestamp=6451 ms, used_size=9160704 bytes (22.4%)
(RDMA_READ_CONSUME_CHECK_CONSUMER) timestamp=6451 ms, used_size=9158656 bytes (22.4%)
(RDMA_READ_CONSUME_CHECK_CONSUMER) timestamp=6451 ms, used_size=9156608 bytes (22.4%)
(RDMA_READ_CONSUME_CHECK_CONSUMER) timestamp=6451 ms, used_size=9154560 bytes (22.4%)
(RDMA_READ_CONSUME_CHECK_CONSUMER) timestamp=6451 ms, used_size=9152512 bytes (22.3%)
(RDMA_READ_CONSUME_CHECK_CONSUMER) timestamp=6451 ms, used_size=9150464 bytes (22.3%)
(RDMA_READ_CONSUME_CHECK_CONSUMER) timestamp=6451 ms, used_size=9148416 bytes (22.3%)
(RDMA_READ_CONSUME_CHECK_CONSUMER) timestamp=6451 ms, used_size=9146368 bytes (22.3%)
(RDMA_READ_CONSUME_CHECK_CONSUMER) timestamp=6451 ms, used_size=9144320 bytes (22.3%)
(RDMA_READ_CONSUME_CHECK_CONSUMER) timestamp=6451 ms, used_size=9142272 bytes (22.3%)
(RDMA_READ_CONSUME_CHECK_CONSUMER) timestamp=6451 ms, used_size=9140224 bytes (22.3%)
(RDMA_READ_CONSUME_CHECK_CONSUMER) timestamp=6451 ms, used_size=9138176 bytes (22.3%)
(RDMA_READ_CONSUME_CHECK_CONSUMER) timestamp=6451 ms, used_size=9136128 bytes (22.3%)
(RDMA_READ_CONSUME_CHECK_CONSUMER) timestamp=6451 ms, used_size=9134080 bytes (22.3%)
(RDMA_READ_CONSUME_CHECK_CONSUMER) timestamp=6451 ms, used_size=9132032 bytes (22.3%)
(RDMA_READ_CONSUME_CHECK_CONSUMER) timestamp=6451 ms, used_size=9129984 bytes (22.3%)
(RDMA_READ_CONSUME_CHECK_CONSUMER) timestamp=6451 ms, used_size=9127936 bytes (22.3%)
(RDMA_READ_CONSUME_CHECK_CONSUMER) timestamp=6451 ms, used_size=9125888 bytes (22.3%)
(RDMA_READ_CONSUME_CHECK_CONSUMER) timestamp=6451 ms, used_size=9123840 bytes (22.3%)
(RDMA_READ_CONSUME_CHECK_CONSUMER) timestamp=6451 ms, used_size=9121792 bytes (22.3%)
(RDMA_READ_CONSUME_CHECK_CONSUMER) timestamp=6451 ms, used_size=9119744 bytes (22.3%)
(RDMA_READ_CONSUME_CHECK_CONSUMER) timestamp=6451 ms, used_size=9117696 bytes (22.3%)
(RDMA_READ_CONSUME_CHECK_CONSUMER) timestamp=6451 ms, used_size=9115648 bytes (22.3%)
(RDMA_READ_CONSUME_CHECK_CONSUMER) timestamp=6451 ms, used_size=9113600 bytes (22.2%)
(RDMA_READ_CONSUME_CHECK_CONSUMER) timestamp=6451 ms, used_size=9111552 bytes (22.2%)
(RDMA_READ_CONSUME_CHECK_CONSUMER) timestamp=6451 ms, used_size=9109504 bytes (22.2%)
(RDMA_READ_CONSUME_CHECK_CONSUMER) timestamp=6451 ms, used_size=9107456 bytes (22.2%)
(RDMA_READ_CONSUME_CHECK_CONSUMER) timestamp=6451 ms, used_size=9105408 bytes (22.2%)
(RDMA_READ_CONSUME_CHECK_CONSUMER) timestamp=6451 ms, used_size=9103360 bytes (22.2%)
(RDMA_READ_CONSUME_CHECK_CONSUMER) timestamp=6451 ms, used_size=9101312 bytes (22.2%)
(RDMA_READ_CONSUME_CHECK_CONSUMER) timestamp=6451 ms, used_size=9099264 bytes (22.2%)
(RDMA_READ_CONSUME_CHECK_CONSUMER) timestamp=6451 ms, used_size=9097216 bytes (22.2%)
(RDMA_READ_CONSUME_CHECK_CONSUMER) timestamp=6451 ms, used_size=9095168 bytes (22.2%)
(RDMA_READ_CONSUME_CHECK_CONSUMER) timestamp=6451 ms, used_size=9093120 bytes (22.2%)
(RDMA_READ_CONSUME_CHECK_CONSUMER) timestamp=6451 ms, used_size=9091072 bytes (22.2%)
(RDMA_READ_CONSUME_CHECK_CONSUMER) timestamp=6451 ms, used_size=9089024 bytes (22.2%)
(RDMA_READ_CONSUME_CHECK_CONSUMER) timestamp=6451 ms, used_size=9086976 bytes (22.2%)
(RDMA_READ_CONSUME_CHECK_CONSUMER) timestamp=6451 ms, used_size=9084928 bytes (22.2%)
(RDMA_READ_CONSUME_CHECK_CONSUMER) timestamp=6451 ms, used_size=9082880 bytes (22.2%)
(RDMA_READ_CONSUME_CHECK_CONSUMER) timestamp=6451 ms, used_size=9080832 bytes (22.2%)
(RDMA_READ_CONSUME_CHECK_CONSUMER) timestamp=6451 ms, used_size=9078784 bytes (22.2%)
(RDMA_READ_CONSUME_CHECK_CONSUMER) timestamp=6451 ms, used_size=9076736 bytes (22.2%)
(RDMA_READ_CONSUME_CHECK_CONSUMER) timestamp=6451 ms, used_size=9074688 bytes (22.2%)
(RDMA_READ_CONSUME_CHECK_CONSUMER) timestamp=6451 ms, used_size=9072640 bytes (22.1%)
(RDMA_READ_CONSUME_CHECK_CONSUMER) timestamp=6451 ms, used_size=9070592 bytes (22.1%)
(RDMA_READ_CONSUME_CHECK_CONSUMER) timestamp=6451 ms, used_size=9068544 bytes (22.1%)
(RDMA_READ_CONSUME_CHECK_CONSUMER) timestamp=6451 ms, used_size=9066496 bytes (22.1%)
(RDMA_READ_CONSUME_CHECK_CONSUMER) timestamp=6451 ms, used_size=9064448 bytes (22.1%)
(RDMA_READ_CONSUME_CHECK_CONSUMER) timestamp=6451 ms, used_size=9062400 bytes (22.1%)
(RDMA_READ_CONSUME_CHECK_CONSUMER) timestamp=6451 ms, used_size=9060352 bytes (22.1%)
(RDMA_READ_CONSUME_CHECK_CONSUMER) timestamp=6451 ms, used_size=9058304 bytes (22.1%)
(RDMA_READ_CONSUME_CHECK_CONSUMER) timestamp=6451 ms, used_size=9056256 bytes (22.1%)
(RDMA_READ_CONSUME_CHECK_CONSUMER) timestamp=6451 ms, used_size=9054208 bytes (22.1%)
(RDMA_READ_CONSUME_CHECK_CONSUMER) timestamp=6451 ms, used_size=9052160 bytes (22.1%)
(RDMA_READ_CONSUME_CHECK_CONSUMER) timestamp=6451 ms, used_size=9050112 bytes (22.1%)
(RDMA_READ_CONSUME_CHECK_CONSUMER) timestamp=6451 ms, used_size=9048064 bytes (22.1%)
(RDMA_READ_CONSUME_CHECK_CONSUMER) timestamp=6451 ms, used_size=9046016 bytes (22.1%)
(RDMA_READ_CONSUME_CHECK_CONSUMER) timestamp=6451 ms, used_size=9043968 bytes (22.1%)
(RDMA_READ_CONSUME_CHECK_CONSUMER) timestamp=6451 ms, used_size=9041920 bytes (22.1%)
(RDMA_READ_CONSUME_CHECK_CONSUMER) timestamp=6451 ms, used_size=9039872 bytes (22.1%)
(RDMA_READ_CONSUME_CHECK_CONSUMER) timestamp=6451 ms, used_size=9037824 bytes (22.1%)
(RDMA_READ_CONSUME_CHECK_CONSUMER) timestamp=6451 ms, used_size=9035776 bytes (22.1%)
(RDMA_READ_CONSUME_CHECK_CONSUMER) timestamp=6451 ms, used_size=9033728 bytes (22.1%)
(RDMA_READ_CONSUME_CHECK_CONSUMER) timestamp=6451 ms, used_size=9031680 bytes (22.1%)
(RDMA_READ_CONSUME_CHECK_CONSUMER) timestamp=6451 ms, used_size=9029632 bytes (22.0%)
(RDMA_READ_CONSUME_CHECK_CONSUMER) timestamp=6451 ms, used_size=9027584 bytes (22.0%)
(RDMA_READ_CONSUME_CHECK_CONSUMER) timestamp=6451 ms, used_size=9025536 bytes (22.0%)
(RDMA_READ_CONSUME_CHECK_CONSUMER) timestamp=6451 ms, used_size=9023488 bytes (22.0%)
(RDMA_READ_CONSUME_CHECK_CONSUMER) timestamp=6451 ms, used_size=9021440 bytes (22.0%)
(RDMA_READ_CONSUME_CHECK_CONSUMER) timestamp=6451 ms, used_size=9019392 bytes (22.0%)
(RDMA_READ_CONSUME_CHECK_CONSUMER) timestamp=6451 ms, used_size=9017344 bytes (22.0%)
(RDMA_READ_CONSUME_CHECK_CONSUMER) timestamp=6451 ms, used_size=9015296 bytes (22.0%)
(RDMA_READ_CONSUME_CHECK_CONSUMER) timestamp=6451 ms, used_size=9013248 bytes (22.0%)
(RDMA_READ_CONSUME_CHECK_CONSUMER) timestamp=6451 ms, used_size=9011200 bytes (22.0%)
(RDMA_READ_CONSUME_CHECK_CONSUMER) timestamp=6451 ms, used_size=9009152 bytes (22.0%)
(RDMA_READ_CONSUME_CHECK_CONSUMER) timestamp=6451 ms, used_size=9007104 bytes (22.0%)
(RDMA_READ_CONSUME_CHECK_CONSUMER) timestamp=6451 ms, used_size=9005056 bytes (22.0%)
(RDMA_READ_CONSUME_CHECK_CONSUMER) timestamp=6451 ms, used_size=9003008 bytes (22.0%)
(RDMA_READ_CONSUME_CHECK_CONSUMER) timestamp=6451 ms, used_size=9000960 bytes (22.0%)
(RDMA_READ_CONSUME_CHECK_CONSUMER) timestamp=6451 ms, used_size=8998912 bytes (22.0%)
(RDMA_READ_CONSUME_CHECK_CONSUMER) timestamp=6451 ms, used_size=8996864 bytes (22.0%)
(RDMA_READ_CONSUME_CHECK_CONSUMER) timestamp=6451 ms, used_size=8994816 bytes (22.0%)
(RDMA_READ_CONSUME_CHECK_CONSUMER) timestamp=6451 ms, used_size=8992768 bytes (22.0%)
(RDMA_READ_CONSUME_CHECK_CONSUMER) timestamp=6451 ms, used_size=8990720 bytes (21.9%)
(RDMA_READ_CONSUME_CHECK_CONSUMER) timestamp=6451 ms, used_size=8988672 bytes (21.9%)
(RDMA_READ_CONSUME_CHECK_CONSUMER) timestamp=6451 ms, used_size=8986624 bytes (21.9%)
(RDMA_READ_CONSUME_CHECK_CONSUMER) timestamp=6451 ms, used_size=8984576 bytes (21.9%)
(RDMA_READ_CONSUME_CHECK_CONSUMER) timestamp=6451 ms, used_size=8982528 bytes (21.9%)
(RDMA_READ_CONSUME_CHECK_CONSUMER) timestamp=6451 ms, used_size=8980480 bytes (21.9%)
(RDMA_READ_CONSUME_CHECK_CONSUMER) timestamp=6451 ms, used_size=8978432 bytes (21.9%)
(RDMA_READ_CONSUME_CHECK_CONSUMER) timestamp=6451 ms, used_size=8976384 bytes (21.9%)
(RDMA_READ_CONSUME_CHECK_CONSUMER) timestamp=6451 ms, used_size=8974336 bytes (21.9%)
(RDMA_READ_CONSUME_CHECK_CONSUMER) timestamp=6451 ms, used_size=8972288 bytes (21.9%)
(RDMA_READ_CONSUME_CHECK_CONSUMER) timestamp=6451 ms, used_size=8970240 bytes (21.9%)
(RDMA_READ_CONSUME_CHECK_CONSUMER) timestamp=6451 ms, used_size=8968192 bytes (21.9%)
(RDMA_READ_CONSUME_CHECK_CONSUMER) timestamp=6451 ms, used_size=8966144 bytes (21.9%)
(RDMA_READ_CONSUME_CHECK_CONSUMER) timestamp=6451 ms, used_size=8964096 bytes (21.9%)
(RDMA_READ_CONSUME_CHECK_CONSUMER) timestamp=6451 ms, used_size=8962048 bytes (21.9%)
(RDMA_READ_CONSUME_CHECK_CONSUMER) timestamp=6451 ms, used_size=8960000 bytes (21.9%)
(RDMA_READ_CONSUME_CHECK_CONSUMER) timestamp=6451 ms, used_size=8957952 bytes (21.9%)
(RDMA_READ_CONSUME_CHECK_CONSUMER) timestamp=6451 ms, used_size=8955904 bytes (21.9%)
(RDMA_READ_CONSUME_CHECK_CONSUMER) timestamp=6451 ms, used_size=8953856 bytes (21.9%)
(RDMA_READ_CONSUME_CHECK_CONSUMER) timestamp=6451 ms, used_size=8951808 bytes (21.9%)
(RDMA_READ_CONSUME_CHECK_CONSUMER) timestamp=6451 ms, used_size=8949760 bytes (21.9%)
(RDMA_READ_CONSUME_CHECK_CONSUMER) timestamp=6451 ms, used_size=8947712 bytes (21.8%)
(RDMA_READ_CONSUME_CHECK_CONSUMER) timestamp=6451 ms, used_size=8945664 bytes (21.8%)
(RDMA_READ_CONSUME_CHECK_CONSUMER) timestamp=6451 ms, used_size=8943616 bytes (21.8%)
(RDMA_READ_CONSUME_CHECK_CONSUMER) timestamp=6451 ms, used_size=8941568 bytes (21.8%)
(RDMA_READ_CONSUME_CHECK_CONSUMER) timestamp=6451 ms, used_size=8939520 bytes (21.8%)
(RDMA_READ_CONSUME_CHECK_CONSUMER) timestamp=6451 ms, used_size=8937472 bytes (21.8%)
(RDMA_READ_CONSUME_CHECK_CONSUMER) timestamp=6451 ms, used_size=8935424 bytes (21.8%)
(RDMA_READ_CONSUME_CHECK_CONSUMER) timestamp=6451 ms, used_size=8933376 bytes (21.8%)
(RDMA_READ_CONSUME_CHECK_CONSUMER) timestamp=6451 ms, used_size=8931328 bytes (21.8%)
(RDMA_READ_CONSUME_CHECK_CONSUMER) timestamp=6451 ms, used_size=8929280 bytes (21.8%)
(RDMA_READ_CONSUME_CHECK_CONSUMER) timestamp=6451 ms, used_size=8927232 bytes (21.8%)
(RDMA_READ_CONSUME_CHECK_CONSUMER) timestamp=6451 ms, used_size=8925184 bytes (21.8%)
(RDMA_READ_CONSUME_CHECK_CONSUMER) timestamp=6451 ms, used_size=8923136 bytes (21.8%)
(RDMA_READ_CONSUME_CHECK_CONSUMER) timestamp=6451 ms, used_size=8921088 bytes (21.8%)
(RDMA_READ_CONSUME_CHECK_CONSUMER) timestamp=6451 ms, used_size=8919040 bytes (21.8%)
(RDMA_READ_CONSUME_CHECK_CONSUMER) timestamp=6451 ms, used_size=8916992 bytes (21.8%)
(RDMA_READ_CONSUME_CHECK_CONSUMER) timestamp=6451 ms, used_size=8914944 bytes (21.8%)
(RDMA_READ_CONSUME_CHECK_CONSUMER) timestamp=6451 ms, used_size=8912896 bytes (21.8%)
(RDMA_READ_CONSUME_CHECK_CONSUMER) timestamp=6451 ms, used_size=8910848 bytes (21.8%)
(RDMA_READ_CONSUME_CHECK_CONSUMER) timestamp=6451 ms, used_size=8908800 bytes (21.8%)
(RDMA_READ_CONSUME_CHECK_CONSUMER) timestamp=6451 ms, used_size=8906752 bytes (21.7%)
(RDMA_READ_CONSUME_CHECK_CONSUMER) timestamp=6451 ms, used_size=8904704 bytes (21.7%)
(RDMA_READ_CONSUME_CHECK_CONSUMER) timestamp=6452 ms, used_size=8902656 bytes (21.7%)
(RDMA_READ_CONSUME_CHECK_CONSUMER) timestamp=6452 ms, used_size=8900608 bytes (21.7%)
(RDMA_READ_CONSUME_CHECK_CONSUMER) timestamp=6452 ms, used_size=8898560 bytes (21.7%)
(RDMA_READ_CONSUME_CHECK_CONSUMER) timestamp=6452 ms, used_size=8896512 bytes (21.7%)
(RDMA_READ_CONSUME_CHECK_CONSUMER) timestamp=6452 ms, used_size=8894464 bytes (21.7%)
(RDMA_READ_CONSUME_CHECK_CONSUMER) timestamp=6452 ms, used_size=8892416 bytes (21.7%)
(RDMA_READ_CONSUME_CHECK_CONSUMER) timestamp=6452 ms, used_size=8890368 bytes (21.7%)
(RDMA_READ_CONSUME_CHECK_CONSUMER) timestamp=6452 ms, used_size=8888320 bytes (21.7%)
(RDMA_READ_CONSUME_CHECK_CONSUMER) timestamp=6452 ms, used_size=8886272 bytes (21.7%)
(RDMA_READ_CONSUME_CHECK_CONSUMER) timestamp=6452 ms, used_size=8884224 bytes (21.7%)
(RDMA_READ_CONSUME_CHECK_CONSUMER) timestamp=6452 ms, used_size=8882176 bytes (21.7%)
(RDMA_READ_CONSUME_CHECK_CONSUMER) timestamp=6452 ms, used_size=8880128 bytes (21.7%)
(RDMA_READ_CONSUME_CHECK_CONSUMER) timestamp=6452 ms, used_size=8878080 bytes (21.7%)
(RDMA_READ_CONSUME_CHECK_CONSUMER) timestamp=6452 ms, used_size=8876032 bytes (21.7%)
(RDMA_READ_CONSUME_CHECK_CONSUMER) timestamp=6452 ms, used_size=8873984 bytes (21.7%)
(RDMA_READ_CONSUME_CHECK_CONSUMER) timestamp=6452 ms, used_size=8871936 bytes (21.7%)
(RDMA_READ_CONSUME_CHECK_CONSUMER) timestamp=6452 ms, used_size=8869888 bytes (21.7%)
(RDMA_READ_CONSUME_CHECK_CONSUMER) timestamp=6452 ms, used_size=8867840 bytes (21.6%)
(RDMA_READ_CONSUME_CHECK_CONSUMER) timestamp=6452 ms, used_size=8865792 bytes (21.6%)
(RDMA_READ_CONSUME_CHECK_CONSUMER) timestamp=6452 ms, used_size=8863744 bytes (21.6%)
(RDMA_READ_CONSUME_CHECK_CONSUMER) timestamp=6452 ms, used_size=8861696 bytes (21.6%)
(RDMA_READ_CONSUME_CHECK_CONSUMER) timestamp=6452 ms, used_size=8859648 bytes (21.6%)
(RDMA_READ_CONSUME_CHECK_CONSUMER) timestamp=6452 ms, used_size=8857600 bytes (21.6%)
(RDMA_READ_CONSUME_CHECK_CONSUMER) timestamp=6452 ms, used_size=8855552 bytes (21.6%)
(RDMA_READ_CONSUME_CHECK_CONSUMER) timestamp=6452 ms, used_size=8853504 bytes (21.6%)
(RDMA_READ_CONSUME_CHECK_CONSUMER) timestamp=6452 ms, used_size=8851456 bytes (21.6%)
(RDMA_READ_CONSUME_CHECK_CONSUMER) timestamp=6452 ms, used_size=8849408 bytes (21.6%)
(RDMA_READ_CONSUME_CHECK_CONSUMER) timestamp=6452 ms, used_size=8847360 bytes (21.6%)
(RDMA_READ_CONSUME_CHECK_CONSUMER) timestamp=6452 ms, used_size=8845312 bytes (21.6%)
(RDMA_READ_CONSUME_CHECK_CONSUMER) timestamp=6452 ms, used_size=8843264 bytes (21.6%)
(RDMA_READ_CONSUME_CHECK_CONSUMER) timestamp=6452 ms, used_size=8841216 bytes (21.6%)
(RDMA_READ_CONSUME_CHECK_CONSUMER) timestamp=6452 ms, used_size=8839168 bytes (21.6%)
(RDMA_READ_CONSUME_CHECK_CONSUMER) timestamp=6452 ms, used_size=8837120 bytes (21.6%)
(RDMA_READ_CONSUME_CHECK_CONSUMER) timestamp=6452 ms, used_size=8835072 bytes (21.6%)
(RDMA_READ_CONSUME_CHECK_CONSUMER) timestamp=6452 ms, used_size=8833024 bytes (21.6%)
(RDMA_READ_CONSUME_CHECK_CONSUMER) timestamp=6452 ms, used_size=8830976 bytes (21.6%)
(RDMA_READ_CONSUME_CHECK_CONSUMER) timestamp=6452 ms, used_size=8828928 bytes (21.6%)
(RDMA_READ_CONSUME_CHECK_CONSUMER) timestamp=6452 ms, used_size=8826880 bytes (21.6%)
(RDMA_READ_CONSUME_CHECK_CONSUMER) timestamp=6452 ms, used_size=8824832 bytes (21.5%)
(RDMA_READ_CONSUME_CHECK_CONSUMER) timestamp=6452 ms, used_size=8822784 bytes (21.5%)
(RDMA_READ_CONSUME_CHECK_CONSUMER) timestamp=6452 ms, used_size=8820736 bytes (21.5%)
(RDMA_READ_CONSUME_CHECK_CONSUMER) timestamp=6452 ms, used_size=8818688 bytes (21.5%)
(RDMA_READ_CONSUME_CHECK_CONSUMER) timestamp=6452 ms, used_size=8816640 bytes (21.5%)
(RDMA_READ_CONSUME_CHECK_CONSUMER) timestamp=6452 ms, used_size=8814592 bytes (21.5%)
(RDMA_READ_CONSUME_CHECK_CONSUMER) timestamp=6452 ms, used_size=8812544 bytes (21.5%)
(RDMA_READ_CONSUME_CHECK_CONSUMER) timestamp=6452 ms, used_size=8810496 bytes (21.5%)
(RDMA_READ_CONSUME_CHECK_CONSUMER) timestamp=6452 ms, used_size=8808448 bytes (21.5%)
(RDMA_READ_CONSUME_CHECK_CONSUMER) timestamp=6452 ms, used_size=8806400 bytes (21.5%)
(RDMA_READ_CONSUME_CHECK_CONSUMER) timestamp=6452 ms, used_size=8804352 bytes (21.5%)
(RDMA_READ_CONSUME_CHECK_CONSUMER) timestamp=6452 ms, used_size=8802304 bytes (21.5%)
(RDMA_READ_CONSUME_CHECK_CONSUMER) timestamp=6452 ms, used_size=8800256 bytes (21.5%)
(RDMA_READ_CONSUME_CHECK_CONSUMER) timestamp=6452 ms, used_size=8798208 bytes (21.5%)
(RDMA_READ_CONSUME_CHECK_CONSUMER) timestamp=6452 ms, used_size=8796160 bytes (21.5%)
(RDMA_READ_CONSUME_CHECK_CONSUMER) timestamp=6452 ms, used_size=8794112 bytes (21.5%)
(RDMA_READ_CONSUME_CHECK_CONSUMER) timestamp=6452 ms, used_size=8792064 bytes (21.5%)
(RDMA_READ_CONSUME_CHECK_CONSUMER) timestamp=6452 ms, used_size=8790016 bytes (21.5%)
(RDMA_READ_CONSUME_CHECK_CONSUMER) timestamp=6452 ms, used_size=8787968 bytes (21.5%)
(RDMA_READ_CONSUME_CHECK_CONSUMER) timestamp=6452 ms, used_size=8785920 bytes (21.4%)
(RDMA_READ_CONSUME_CHECK_CONSUMER) timestamp=6452 ms, used_size=8783872 bytes (21.4%)
(RDMA_READ_CONSUME_CHECK_CONSUMER) timestamp=6452 ms, used_size=8781824 bytes (21.4%)
(RDMA_READ_CONSUME_CHECK_CONSUMER) timestamp=6452 ms, used_size=8779776 bytes (21.4%)
(RDMA_READ_CONSUME_CHECK_CONSUMER) timestamp=6452 ms, used_size=8777728 bytes (21.4%)
(RDMA_READ_CONSUME_CHECK_CONSUMER) timestamp=6452 ms, used_size=8775680 bytes (21.4%)
(RDMA_READ_CONSUME_CHECK_CONSUMER) timestamp=6452 ms, used_size=8773632 bytes (21.4%)
(RDMA_READ_CONSUME_CHECK_CONSUMER) timestamp=6452 ms, used_size=8771584 bytes (21.4%)
(RDMA_READ_CONSUME_CHECK_CONSUMER) timestamp=6452 ms, used_size=8769536 bytes (21.4%)
(RDMA_READ_CONSUME_CHECK_CONSUMER) timestamp=6452 ms, used_size=8767488 bytes (21.4%)
(RDMA_READ_CONSUME_CHECK_CONSUMER) timestamp=6452 ms, used_size=8765440 bytes (21.4%)
(RDMA_READ_CONSUME_CHECK_CONSUMER) timestamp=6452 ms, used_size=8763392 bytes (21.4%)
(RDMA_READ_CONSUME_CHECK_CONSUMER) timestamp=6452 ms, used_size=8761344 bytes (21.4%)
(RDMA_READ_CONSUME_CHECK_CONSUMER) timestamp=6452 ms, used_size=8759296 bytes (21.4%)
(RDMA_READ_CONSUME_CHECK_CONSUMER) timestamp=6452 ms, used_size=8757248 bytes (21.4%)
(RDMA_READ_CONSUME_CHECK_CONSUMER) timestamp=6452 ms, used_size=8755200 bytes (21.4%)
(RDMA_READ_CONSUME_CHECK_CONSUMER) timestamp=6452 ms, used_size=8753152 bytes (21.4%)
(RDMA_READ_CONSUME_CHECK_CONSUMER) timestamp=6452 ms, used_size=8751104 bytes (21.4%)
(RDMA_READ_CONSUME_CHECK_CONSUMER) timestamp=6452 ms, used_size=8749056 bytes (21.4%)
(RDMA_READ_CONSUME_CHECK_CONSUMER) timestamp=6452 ms, used_size=8747008 bytes (21.4%)
(RDMA_READ_CONSUME_CHECK_CONSUMER) timestamp=6452 ms, used_size=8744960 bytes (21.4%)
(RDMA_READ_CONSUME_CHECK_CONSUMER) timestamp=6452 ms, used_size=8742912 bytes (21.3%)
(RDMA_READ_CONSUME_CHECK_CONSUMER) timestamp=6452 ms, used_size=8740864 bytes (21.3%)
(RDMA_READ_CONSUME_CHECK_CONSUMER) timestamp=6452 ms, used_size=8738816 bytes (21.3%)
(RDMA_READ_CONSUME_CHECK_CONSUMER) timestamp=6452 ms, used_size=8736768 bytes (21.3%)
(RDMA_READ_CONSUME_CHECK_CONSUMER) timestamp=6452 ms, used_size=8734720 bytes (21.3%)
(RDMA_READ_CONSUME_CHECK_CONSUMER) timestamp=6452 ms, used_size=8732672 bytes (21.3%)
(RDMA_READ_CONSUME_CHECK_CONSUMER) timestamp=6452 ms, used_size=8730624 bytes (21.3%)
(RDMA_READ_CONSUME_CHECK_CONSUMER) timestamp=6452 ms, used_size=8728576 bytes (21.3%)
(RDMA_READ_CONSUME_CHECK_CONSUMER) timestamp=6452 ms, used_size=8726528 bytes (21.3%)
(RDMA_READ_CONSUME_CHECK_CONSUMER) timestamp=6452 ms, used_size=8724480 bytes (21.3%)
(RDMA_READ_CONSUME_CHECK_CONSUMER) timestamp=6452 ms, used_size=8722432 bytes (21.3%)
(RDMA_READ_CONSUME_CHECK_CONSUMER) timestamp=6452 ms, used_size=8720384 bytes (21.3%)
(RDMA_READ_CONSUME_CHECK_CONSUMER) timestamp=6452 ms, used_size=8718336 bytes (21.3%)
(RDMA_READ_CONSUME_CHECK_CONSUMER) timestamp=6452 ms, used_size=8716288 bytes (21.3%)
(RDMA_READ_CONSUME_CHECK_CONSUMER) timestamp=6452 ms, used_size=8714240 bytes (21.3%)
(RDMA_READ_CONSUME_CHECK_CONSUMER) timestamp=6452 ms, used_size=8712192 bytes (21.3%)
(RDMA_READ_CONSUME_CHECK_CONSUMER) timestamp=6452 ms, used_size=8710144 bytes (21.3%)
(RDMA_READ_CONSUME_CHECK_CONSUMER) timestamp=6452 ms, used_size=8708096 bytes (21.3%)
(RDMA_READ_CONSUME_CHECK_CONSUMER) timestamp=6452 ms, used_size=8706048 bytes (21.3%)
(RDMA_READ_CONSUME_CHECK_CONSUMER) timestamp=6452 ms, used_size=8704000 bytes (21.2%)
(RDMA_READ_CONSUME_CHECK_CONSUMER) timestamp=6452 ms, used_size=8701952 bytes (21.2%)
(RDMA_READ_CONSUME_CHECK_CONSUMER) timestamp=6452 ms, used_size=8699904 bytes (21.2%)
(RDMA_READ_CONSUME_CHECK_CONSUMER) timestamp=6452 ms, used_size=8697856 bytes (21.2%)
(RDMA_READ_CONSUME_CHECK_CONSUMER) timestamp=6452 ms, used_size=8695808 bytes (21.2%)
(RDMA_READ_CONSUME_CHECK_CONSUMER) timestamp=6452 ms, used_size=8693760 bytes (21.2%)
(RDMA_READ_CONSUME_CHECK_CONSUMER) timestamp=6452 ms, used_size=8691712 bytes (21.2%)
(RDMA_READ_CONSUME_CHECK_CONSUMER) timestamp=6452 ms, used_size=8689664 bytes (21.2%)
(RDMA_READ_CONSUME_CHECK_CONSUMER) timestamp=6452 ms, used_size=8687616 bytes (21.2%)
(RDMA_READ_CONSUME_CHECK_CONSUMER) timestamp=6452 ms, used_size=8685568 bytes (21.2%)
(RDMA_READ_CONSUME_CHECK_CONSUMER) timestamp=6452 ms, used_size=8683520 bytes (21.2%)
(RDMA_READ_CONSUME_CHECK_CONSUMER) timestamp=6452 ms, used_size=8681472 bytes (21.2%)
(RDMA_READ_CONSUME_CHECK_CONSUMER) timestamp=6452 ms, used_size=8679424 bytes (21.2%)
(RDMA_READ_CONSUME_CHECK_CONSUMER) timestamp=6452 ms, used_size=8677376 bytes (21.2%)
(RDMA_READ_CONSUME_CHECK_CONSUMER) timestamp=6452 ms, used_size=8675328 bytes (21.2%)
(RDMA_READ_CONSUME_CHECK_CONSUMER) timestamp=6452 ms, used_size=8673280 bytes (21.2%)
(RDMA_READ_CONSUME_CHECK_CONSUMER) timestamp=6452 ms, used_size=8671232 bytes (21.2%)
(RDMA_READ_CONSUME_CHECK_CONSUMER) timestamp=6452 ms, used_size=8669184 bytes (21.2%)
(RDMA_READ_CONSUME_CHECK_CONSUMER) timestamp=6452 ms, used_size=8667136 bytes (21.2%)
(RDMA_READ_CONSUME_CHECK_CONSUMER) timestamp=6452 ms, used_size=8665088 bytes (21.2%)
(RDMA_READ_CONSUME_CHECK_CONSUMER) timestamp=6452 ms, used_size=8663040 bytes (21.1%)
(RDMA_READ_CONSUME_CHECK_CONSUMER) timestamp=6452 ms, used_size=8660992 bytes (21.1%)
(RDMA_READ_CONSUME_CHECK_CONSUMER) timestamp=6452 ms, used_size=8658944 bytes (21.1%)
(RDMA_READ_CONSUME_CHECK_CONSUMER) timestamp=6452 ms, used_size=8656896 bytes (21.1%)
(RDMA_READ_CONSUME_CHECK_CONSUMER) timestamp=6452 ms, used_size=8654848 bytes (21.1%)
(RDMA_READ_CONSUME_CHECK_CONSUMER) timestamp=6452 ms, used_size=8652800 bytes (21.1%)
(RDMA_READ_CONSUME_CHECK_CONSUMER) timestamp=6452 ms, used_size=8650752 bytes (21.1%)
(RDMA_READ_CONSUME_CHECK_CONSUMER) timestamp=6452 ms, used_size=8648704 bytes (21.1%)
(RDMA_READ_CONSUME_CHECK_CONSUMER) timestamp=6452 ms, used_size=8646656 bytes (21.1%)
(RDMA_READ_CONSUME_CHECK_CONSUMER) timestamp=6452 ms, used_size=8644608 bytes (21.1%)
(RDMA_READ_CONSUME_CHECK_CONSUMER) timestamp=6452 ms, used_size=8642560 bytes (21.1%)
(RDMA_READ_CONSUME_CHECK_CONSUMER) timestamp=6452 ms, used_size=8640512 bytes (21.1%)
(RDMA_READ_CONSUME_CHECK_CONSUMER) timestamp=6452 ms, used_size=8638464 bytes (21.1%)
(RDMA_READ_CONSUME_CHECK_CONSUMER) timestamp=6452 ms, used_size=8636416 bytes (21.1%)
(RDMA_READ_CONSUME_CHECK_CONSUMER) timestamp=6452 ms, used_size=8634368 bytes (21.1%)
(RDMA_READ_CONSUME_CHECK_CONSUMER) timestamp=6452 ms, used_size=8632320 bytes (21.1%)
(RDMA_READ_CONSUME_CHECK_CONSUMER) timestamp=6452 ms, used_size=8630272 bytes (21.1%)
(RDMA_READ_CONSUME_CHECK_CONSUMER) timestamp=6452 ms, used_size=8628224 bytes (21.1%)
(RDMA_READ_CONSUME_CHECK_CONSUMER) timestamp=6452 ms, used_size=8626176 bytes (21.1%)
(RDMA_READ_CONSUME_CHECK_CONSUMER) timestamp=6452 ms, used_size=8624128 bytes (21.1%)
(RDMA_READ_CONSUME_CHECK_CONSUMER) timestamp=6452 ms, used_size=8622080 bytes (21.1%)
(RDMA_READ_CONSUME_CHECK_CONSUMER) timestamp=6452 ms, used_size=8620032 bytes (21.0%)
(RDMA_READ_CONSUME_CHECK_CONSUMER) timestamp=6452 ms, used_size=8617984 bytes (21.0%)
(RDMA_READ_CONSUME_CHECK_CONSUMER) timestamp=6452 ms, used_size=8615936 bytes (21.0%)
(RDMA_READ_CONSUME_CHECK_CONSUMER) timestamp=6452 ms, used_size=8613888 bytes (21.0%)
(RDMA_READ_CONSUME_CHECK_CONSUMER) timestamp=6452 ms, used_size=8611840 bytes (21.0%)
(RDMA_READ_CONSUME_CHECK_CONSUMER) timestamp=6452 ms, used_size=8609792 bytes (21.0%)
(RDMA_READ_CONSUME_CHECK_CONSUMER) timestamp=6452 ms, used_size=8607744 bytes (21.0%)
(RDMA_READ_CONSUME_CHECK_CONSUMER) timestamp=6452 ms, used_size=8605696 bytes (21.0%)
(RDMA_READ_CONSUME_CHECK_CONSUMER) timestamp=6452 ms, used_size=8603648 bytes (21.0%)
(RDMA_READ_CONSUME_CHECK_CONSUMER) timestamp=6452 ms, used_size=8601600 bytes (21.0%)
(RDMA_READ_CONSUME_CHECK_CONSUMER) timestamp=6452 ms, used_size=8599552 bytes (21.0%)
(RDMA_READ_CONSUME_CHECK_CONSUMER) timestamp=6452 ms, used_size=8597504 bytes (21.0%)
(RDMA_READ_CONSUME_CHECK_CONSUMER) timestamp=6452 ms, used_size=8595456 bytes (21.0%)
(RDMA_READ_CONSUME_CHECK_CONSUMER) timestamp=6452 ms, used_size=8593408 bytes (21.0%)
(RDMA_READ_CONSUME_CHECK_CONSUMER) timestamp=6452 ms, used_size=8591360 bytes (21.0%)
(RDMA_READ_CONSUME_CHECK_CONSUMER) timestamp=6452 ms, used_size=8589312 bytes (21.0%)
(RDMA_READ_CONSUME_CHECK_CONSUMER) timestamp=6452 ms, used_size=8587264 bytes (21.0%)
(RDMA_READ_CONSUME_CHECK_CONSUMER) timestamp=6452 ms, used_size=8585216 bytes (21.0%)
(RDMA_READ_CONSUME_CHECK_CONSUMER) timestamp=6452 ms, used_size=8583168 bytes (21.0%)
(RDMA_READ_CONSUME_CHECK_CONSUMER) timestamp=6452 ms, used_size=8581120 bytes (20.9%)
(RDMA_READ_CONSUME_CHECK_CONSUMER) timestamp=6452 ms, used_size=8579072 bytes (20.9%)
(RDMA_READ_CONSUME_CHECK_CONSUMER) timestamp=6452 ms, used_size=8577024 bytes (20.9%)
(RDMA_READ_CONSUME_CHECK_CONSUMER) timestamp=6452 ms, used_size=8574976 bytes (20.9%)
(RDMA_READ_CONSUME_CHECK_CONSUMER) timestamp=6452 ms, used_size=8572928 bytes (20.9%)
(RDMA_READ_CONSUME_CHECK_CONSUMER) timestamp=6452 ms, used_size=8570880 bytes (20.9%)
(RDMA_READ_CONSUME_CHECK_CONSUMER) timestamp=6452 ms, used_size=8568832 bytes (20.9%)
(RDMA_READ_CONSUME_CHECK_CONSUMER) timestamp=6452 ms, used_size=8566784 bytes (20.9%)
(RDMA_READ_CONSUME_CHECK_CONSUMER) timestamp=6452 ms, used_size=8564736 bytes (20.9%)
(RDMA_READ_CONSUME_CHECK_CONSUMER) timestamp=6452 ms, used_size=8562688 bytes (20.9%)
(RDMA_READ_CONSUME_CHECK_CONSUMER) timestamp=6452 ms, used_size=8560640 bytes (20.9%)
(RDMA_READ_CONSUME_CHECK_CONSUMER) timestamp=6452 ms, used_size=8558592 bytes (20.9%)
(RDMA_READ_CONSUME_CHECK_CONSUMER) timestamp=6452 ms, used_size=8556544 bytes (20.9%)
(RDMA_READ_CONSUME_CHECK_CONSUMER) timestamp=6452 ms, used_size=8554496 bytes (20.9%)
(RDMA_READ_CONSUME_CHECK_CONSUMER) timestamp=6452 ms, used_size=8552448 bytes (20.9%)
(RDMA_READ_CONSUME_CHECK_CONSUMER) timestamp=6452 ms, used_size=8550400 bytes (20.9%)
(RDMA_READ_CONSUME_CHECK_CONSUMER) timestamp=6452 ms, used_size=8548352 bytes (20.9%)
(RDMA_READ_CONSUME_CHECK_CONSUMER) timestamp=6452 ms, used_size=8546304 bytes (20.9%)
(RDMA_READ_CONSUME_CHECK_CONSUMER) timestamp=6452 ms, used_size=8544256 bytes (20.9%)
(RDMA_READ_CONSUME_CHECK_CONSUMER) timestamp=6453 ms, used_size=8542208 bytes (20.9%)
(RDMA_READ_CONSUME_CHECK_CONSUMER) timestamp=6453 ms, used_size=8540160 bytes (20.9%)
(RDMA_READ_CONSUME_CHECK_CONSUMER) timestamp=6453 ms, used_size=8538112 bytes (20.8%)
(RDMA_READ_CONSUME_CHECK_CONSUMER) timestamp=6453 ms, used_size=8536064 bytes (20.8%)
(RDMA_READ_CONSUME_CHECK_CONSUMER) timestamp=6453 ms, used_size=8534016 bytes (20.8%)
(RDMA_READ_CONSUME_CHECK_CONSUMER) timestamp=6453 ms, used_size=8531968 bytes (20.8%)
(RDMA_READ_CONSUME_CHECK_CONSUMER) timestamp=6453 ms, used_size=8529920 bytes (20.8%)
(RDMA_READ_CONSUME_CHECK_CONSUMER) timestamp=6453 ms, used_size=8527872 bytes (20.8%)
(RDMA_READ_CONSUME_CHECK_CONSUMER) timestamp=6453 ms, used_size=8525824 bytes (20.8%)
(RDMA_READ_CONSUME_CHECK_CONSUMER) timestamp=6453 ms, used_size=8523776 bytes (20.8%)
(RDMA_READ_CONSUME_CHECK_CONSUMER) timestamp=6453 ms, used_size=8521728 bytes (20.8%)
(RDMA_READ_CONSUME_CHECK_CONSUMER) timestamp=6453 ms, used_size=8519680 bytes (20.8%)
(RDMA_READ_CONSUME_CHECK_CONSUMER) timestamp=6453 ms, used_size=8517632 bytes (20.8%)
(RDMA_READ_CONSUME_CHECK_CONSUMER) timestamp=6453 ms, used_size=8515584 bytes (20.8%)
(RDMA_READ_CONSUME_CHECK_CONSUMER) timestamp=6453 ms, used_size=8513536 bytes (20.8%)
(RDMA_READ_CONSUME_CHECK_CONSUMER) timestamp=6453 ms, used_size=8511488 bytes (20.8%)
(RDMA_READ_CONSUME_CHECK_CONSUMER) timestamp=6453 ms, used_size=8509440 bytes (20.8%)
(RDMA_READ_CONSUME_CHECK_CONSUMER) timestamp=6453 ms, used_size=8507392 bytes (20.8%)
(RDMA_READ_CONSUME_CHECK_CONSUMER) timestamp=6453 ms, used_size=8505344 bytes (20.8%)
(RDMA_READ_CONSUME_CHECK_CONSUMER) timestamp=6453 ms, used_size=8503296 bytes (20.8%)
(RDMA_READ_CONSUME_CHECK_CONSUMER) timestamp=6453 ms, used_size=8501248 bytes (20.8%)
(RDMA_READ_CONSUME_CHECK_CONSUMER) timestamp=6453 ms, used_size=8499200 bytes (20.8%)
(RDMA_READ_CONSUME_CHECK_CONSUMER) timestamp=6453 ms, used_size=8497152 bytes (20.7%)
(RDMA_READ_CONSUME_CHECK_CONSUMER) timestamp=6453 ms, used_size=8495104 bytes (20.7%)
(RDMA_READ_CONSUME_CHECK_CONSUMER) timestamp=6453 ms, used_size=8493056 bytes (20.7%)
(RDMA_READ_CONSUME_CHECK_CONSUMER) timestamp=6453 ms, used_size=8491008 bytes (20.7%)
(RDMA_READ_CONSUME_CHECK_CONSUMER) timestamp=6453 ms, used_size=8488960 bytes (20.7%)
(RDMA_READ_CONSUME_CHECK_CONSUMER) timestamp=6453 ms, used_size=8486912 bytes (20.7%)
(RDMA_READ_CONSUME_CHECK_CONSUMER) timestamp=6453 ms, used_size=8484864 bytes (20.7%)
(RDMA_READ_CONSUME_CHECK_CONSUMER) timestamp=6453 ms, used_size=8482816 bytes (20.7%)
(RDMA_READ_CONSUME_CHECK_CONSUMER) timestamp=6453 ms, used_size=8480768 bytes (20.7%)
(RDMA_READ_CONSUME_CHECK_CONSUMER) timestamp=6453 ms, used_size=8478720 bytes (20.7%)
(RDMA_READ_CONSUME_CHECK_CONSUMER) timestamp=6453 ms, used_size=8476672 bytes (20.7%)
(RDMA_READ_CONSUME_CHECK_CONSUMER) timestamp=6453 ms, used_size=8474624 bytes (20.7%)
(RDMA_READ_CONSUME_CHECK_CONSUMER) timestamp=6453 ms, used_size=8472576 bytes (20.7%)
(RDMA_READ_CONSUME_CHECK_CONSUMER) timestamp=6453 ms, used_size=8470528 bytes (20.7%)
(RDMA_READ_CONSUME_CHECK_CONSUMER) timestamp=6453 ms, used_size=8468480 bytes (20.7%)
(RDMA_READ_CONSUME_CHECK_CONSUMER) timestamp=6453 ms, used_size=8466432 bytes (20.7%)
(RDMA_READ_CONSUME_CHECK_CONSUMER) timestamp=6453 ms, used_size=8464384 bytes (20.7%)
(RDMA_READ_CONSUME_CHECK_CONSUMER) timestamp=6453 ms, used_size=8462336 bytes (20.7%)
(RDMA_READ_CONSUME_CHECK_CONSUMER) timestamp=6453 ms, used_size=8460288 bytes (20.7%)
(RDMA_READ_CONSUME_CHECK_CONSUMER) timestamp=6453 ms, used_size=8458240 bytes (20.6%)
(RDMA_READ_CONSUME_CHECK_CONSUMER) timestamp=6453 ms, used_size=8456192 bytes (20.6%)
(RDMA_READ_CONSUME_CHECK_CONSUMER) timestamp=6453 ms, used_size=8454144 bytes (20.6%)
(RDMA_READ_CONSUME_CHECK_CONSUMER) timestamp=6453 ms, used_size=8452096 bytes (20.6%)
(RDMA_READ_CONSUME_CHECK_CONSUMER) timestamp=6453 ms, used_size=8450048 bytes (20.6%)
(RDMA_READ_CONSUME_CHECK_CONSUMER) timestamp=6453 ms, used_size=8448000 bytes (20.6%)
(RDMA_READ_CONSUME_CHECK_CONSUMER) timestamp=6453 ms, used_size=8445952 bytes (20.6%)
(RDMA_READ_CONSUME_CHECK_CONSUMER) timestamp=6453 ms, used_size=8443904 bytes (20.6%)
(RDMA_READ_CONSUME_CHECK_CONSUMER) timestamp=6453 ms, used_size=8441856 bytes (20.6%)
(RDMA_READ_CONSUME_CHECK_CONSUMER) timestamp=6453 ms, used_size=8439808 bytes (20.6%)
(RDMA_READ_CONSUME_CHECK_CONSUMER) timestamp=6453 ms, used_size=8437760 bytes (20.6%)
(RDMA_READ_CONSUME_CHECK_CONSUMER) timestamp=6453 ms, used_size=8435712 bytes (20.6%)
(RDMA_READ_CONSUME_CHECK_CONSUMER) timestamp=6453 ms, used_size=8433664 bytes (20.6%)
(RDMA_READ_CONSUME_CHECK_CONSUMER) timestamp=6453 ms, used_size=8431616 bytes (20.6%)
(RDMA_READ_CONSUME_CHECK_CONSUMER) timestamp=6453 ms, used_size=8429568 bytes (20.6%)
(RDMA_READ_CONSUME_CHECK_CONSUMER) timestamp=6453 ms, used_size=8427520 bytes (20.6%)
(RDMA_READ_CONSUME_CHECK_CONSUMER) timestamp=6453 ms, used_size=8425472 bytes (20.6%)
(RDMA_READ_CONSUME_CHECK_CONSUMER) timestamp=6453 ms, used_size=8423424 bytes (20.6%)
(RDMA_READ_CONSUME_CHECK_CONSUMER) timestamp=6453 ms, used_size=8421376 bytes (20.6%)
(RDMA_READ_CONSUME_CHECK_CONSUMER) timestamp=6453 ms, used_size=8419328 bytes (20.6%)
(RDMA_READ_CONSUME_CHECK_CONSUMER) timestamp=6453 ms, used_size=8417280 bytes (20.6%)
(RDMA_READ_CONSUME_CHECK_CONSUMER) timestamp=6453 ms, used_size=8415232 bytes (20.5%)
(RDMA_READ_CONSUME_CHECK_CONSUMER) timestamp=6453 ms, used_size=8413184 bytes (20.5%)
(RDMA_READ_CONSUME_CHECK_CONSUMER) timestamp=6453 ms, used_size=8411136 bytes (20.5%)
(RDMA_READ_CONSUME_CHECK_CONSUMER) timestamp=6453 ms, used_size=8409088 bytes (20.5%)
(RDMA_READ_CONSUME_CHECK_CONSUMER) timestamp=6453 ms, used_size=8407040 bytes (20.5%)
(RDMA_READ_CONSUME_CHECK_CONSUMER) timestamp=6453 ms, used_size=8404992 bytes (20.5%)
(RDMA_READ_CONSUME_CHECK_CONSUMER) timestamp=6453 ms, used_size=8402944 bytes (20.5%)
(RDMA_READ_CONSUME_CHECK_CONSUMER) timestamp=6453 ms, used_size=8400896 bytes (20.5%)
(RDMA_READ_CONSUME_CHECK_CONSUMER) timestamp=6453 ms, used_size=8398848 bytes (20.5%)
(RDMA_READ_CONSUME_CHECK_CONSUMER) timestamp=6453 ms, used_size=8396800 bytes (20.5%)
(RDMA_READ_CONSUME_CHECK_CONSUMER) timestamp=6453 ms, used_size=8394752 bytes (20.5%)
(RDMA_READ_CONSUME_CHECK_CONSUMER) timestamp=6453 ms, used_size=8392704 bytes (20.5%)
(RDMA_READ_CONSUME_CHECK_CONSUMER) timestamp=6453 ms, used_size=8390656 bytes (20.5%)
(RDMA_READ_CONSUME_CHECK_CONSUMER) timestamp=6453 ms, used_size=8388608 bytes (20.5%)
(RDMA_READ_CONSUME_CHECK_CONSUMER) timestamp=6453 ms, used_size=8386560 bytes (20.5%)
(RDMA_READ_CONSUME_CHECK_CONSUMER) timestamp=6453 ms, used_size=8384512 bytes (20.5%)
(RDMA_READ_CONSUME_CHECK_CONSUMER) timestamp=6453 ms, used_size=8382464 bytes (20.5%)
(RDMA_READ_CONSUME_CHECK_CONSUMER) timestamp=6453 ms, used_size=8380416 bytes (20.5%)
(RDMA_READ_CONSUME_CHECK_CONSUMER) timestamp=6453 ms, used_size=8378368 bytes (20.5%)
(RDMA_READ_CONSUME_CHECK_CONSUMER) timestamp=6453 ms, used_size=8376320 bytes (20.4%)
(RDMA_READ_CONSUME_CHECK_CONSUMER) timestamp=6453 ms, used_size=8374272 bytes (20.4%)
(RDMA_READ_CONSUME_CHECK_CONSUMER) timestamp=6453 ms, used_size=8372224 bytes (20.4%)
(RDMA_READ_CONSUME_CHECK_CONSUMER) timestamp=6453 ms, used_size=8370176 bytes (20.4%)
(RDMA_READ_CONSUME_CHECK_CONSUMER) timestamp=6453 ms, used_size=8368128 bytes (20.4%)
(RDMA_READ_CONSUME_CHECK_CONSUMER) timestamp=6453 ms, used_size=8366080 bytes (20.4%)
(RDMA_READ_CONSUME_CHECK_CONSUMER) timestamp=6453 ms, used_size=8364032 bytes (20.4%)
(RDMA_READ_CONSUME_CHECK_CONSUMER) timestamp=6453 ms, used_size=8361984 bytes (20.4%)
(RDMA_READ_CONSUME_CHECK_CONSUMER) timestamp=6453 ms, used_size=8359936 bytes (20.4%)
(RDMA_READ_CONSUME_CHECK_CONSUMER) timestamp=6453 ms, used_size=8357888 bytes (20.4%)
(RDMA_READ_CONSUME_CHECK_CONSUMER) timestamp=6453 ms, used_size=8355840 bytes (20.4%)
(RDMA_READ_CONSUME_CHECK_CONSUMER) timestamp=6453 ms, used_size=8353792 bytes (20.4%)
(RDMA_READ_CONSUME_CHECK_CONSUMER) timestamp=6453 ms, used_size=8351744 bytes (20.4%)
(RDMA_READ_CONSUME_CHECK_CONSUMER) timestamp=6453 ms, used_size=8349696 bytes (20.4%)
(RDMA_READ_CONSUME_CHECK_CONSUMER) timestamp=6453 ms, used_size=8347648 bytes (20.4%)
(RDMA_READ_CONSUME_CHECK_CONSUMER) timestamp=6453 ms, used_size=8345600 bytes (20.4%)
(RDMA_READ_CONSUME_CHECK_CONSUMER) timestamp=6453 ms, used_size=8343552 bytes (20.4%)
(RDMA_READ_CONSUME_CHECK_CONSUMER) timestamp=6453 ms, used_size=8341504 bytes (20.4%)
(RDMA_READ_CONSUME_CHECK_CONSUMER) timestamp=6453 ms, used_size=8339456 bytes (20.4%)
(RDMA_READ_CONSUME_CHECK_CONSUMER) timestamp=6453 ms, used_size=8337408 bytes (20.4%)
(RDMA_READ_CONSUME_CHECK_CONSUMER) timestamp=6453 ms, used_size=8335360 bytes (20.4%)
(RDMA_READ_CONSUME_CHECK_CONSUMER) timestamp=6453 ms, used_size=8333312 bytes (20.3%)
(RDMA_READ_CONSUME_CHECK_CONSUMER) timestamp=6453 ms, used_size=8331264 bytes (20.3%)
(RDMA_READ_CONSUME_CHECK_CONSUMER) timestamp=6453 ms, used_size=8329216 bytes (20.3%)
(RDMA_READ_CONSUME_CHECK_CONSUMER) timestamp=6453 ms, used_size=8327168 bytes (20.3%)
(RDMA_READ_CONSUME_CHECK_CONSUMER) timestamp=6453 ms, used_size=8325120 bytes (20.3%)
(RDMA_READ_CONSUME_CHECK_CONSUMER) timestamp=6453 ms, used_size=8323072 bytes (20.3%)
(RDMA_READ_CONSUME_CHECK_CONSUMER) timestamp=6453 ms, used_size=8321024 bytes (20.3%)
(RDMA_READ_CONSUME_CHECK_CONSUMER) timestamp=6453 ms, used_size=8318976 bytes (20.3%)
(RDMA_READ_CONSUME_CHECK_CONSUMER) timestamp=6453 ms, used_size=8316928 bytes (20.3%)
(RDMA_READ_CONSUME_CHECK_CONSUMER) timestamp=6453 ms, used_size=8314880 bytes (20.3%)
(RDMA_READ_CONSUME_CHECK_CONSUMER) timestamp=6453 ms, used_size=8312832 bytes (20.3%)
(RDMA_READ_CONSUME_CHECK_CONSUMER) timestamp=6453 ms, used_size=8310784 bytes (20.3%)
(RDMA_READ_CONSUME_CHECK_CONSUMER) timestamp=6453 ms, used_size=8308736 bytes (20.3%)
(RDMA_READ_CONSUME_CHECK_CONSUMER) timestamp=6453 ms, used_size=8306688 bytes (20.3%)
(RDMA_READ_CONSUME_CHECK_CONSUMER) timestamp=6453 ms, used_size=8304640 bytes (20.3%)
(RDMA_READ_CONSUME_CHECK_CONSUMER) timestamp=6453 ms, used_size=8302592 bytes (20.3%)
(RDMA_READ_CONSUME_CHECK_CONSUMER) timestamp=6453 ms, used_size=8300544 bytes (20.3%)
(RDMA_READ_CONSUME_CHECK_CONSUMER) timestamp=6453 ms, used_size=8298496 bytes (20.3%)
(RDMA_READ_CONSUME_CHECK_CONSUMER) timestamp=6453 ms, used_size=8296448 bytes (20.3%)
(RDMA_READ_CONSUME_CHECK_CONSUMER) timestamp=6453 ms, used_size=8294400 bytes (20.2%)
(RDMA_READ_CONSUME_CHECK_CONSUMER) timestamp=6453 ms, used_size=8292352 bytes (20.2%)
(RDMA_READ_CONSUME_CHECK_CONSUMER) timestamp=6453 ms, used_size=8290304 bytes (20.2%)
(RDMA_READ_CONSUME_CHECK_CONSUMER) timestamp=6453 ms, used_size=8288256 bytes (20.2%)
(RDMA_READ_CONSUME_CHECK_CONSUMER) timestamp=6453 ms, used_size=8286208 bytes (20.2%)
(RDMA_READ_CONSUME_CHECK_CONSUMER) timestamp=6453 ms, used_size=8284160 bytes (20.2%)
(RDMA_READ_CONSUME_CHECK_CONSUMER) timestamp=6453 ms, used_size=8282112 bytes (20.2%)
(RDMA_READ_CONSUME_CHECK_CONSUMER) timestamp=6453 ms, used_size=8280064 bytes (20.2%)
(RDMA_READ_CONSUME_CHECK_CONSUMER) timestamp=6453 ms, used_size=8278016 bytes (20.2%)
(RDMA_READ_CONSUME_CHECK_CONSUMER) timestamp=6453 ms, used_size=8275968 bytes (20.2%)
(RDMA_READ_CONSUME_CHECK_CONSUMER) timestamp=6453 ms, used_size=8273920 bytes (20.2%)
(RDMA_READ_CONSUME_CHECK_CONSUMER) timestamp=6453 ms, used_size=8271872 bytes (20.2%)
(RDMA_READ_CONSUME_CHECK_CONSUMER) timestamp=6453 ms, used_size=8269824 bytes (20.2%)
(RDMA_READ_CONSUME_CHECK_CONSUMER) timestamp=6453 ms, used_size=8267776 bytes (20.2%)
(RDMA_READ_CONSUME_CHECK_CONSUMER) timestamp=6453 ms, used_size=8265728 bytes (20.2%)
(RDMA_READ_CONSUME_CHECK_CONSUMER) timestamp=6453 ms, used_size=8263680 bytes (20.2%)
(RDMA_READ_CONSUME_CHECK_CONSUMER) timestamp=6453 ms, used_size=8261632 bytes (20.2%)
(RDMA_READ_CONSUME_CHECK_CONSUMER) timestamp=6453 ms, used_size=8259584 bytes (20.2%)
(RDMA_READ_CONSUME_CHECK_CONSUMER) timestamp=6453 ms, used_size=8257536 bytes (20.2%)
(RDMA_READ_CONSUME_CHECK_CONSUMER) timestamp=6453 ms, used_size=8255488 bytes (20.2%)
(RDMA_READ_CONSUME_CHECK_CONSUMER) timestamp=6453 ms, used_size=8253440 bytes (20.1%)
(RDMA_READ_CONSUME_CHECK_CONSUMER) timestamp=6453 ms, used_size=8251392 bytes (20.1%)
(RDMA_READ_CONSUME_CHECK_CONSUMER) timestamp=6453 ms, used_size=8249344 bytes (20.1%)
(RDMA_READ_CONSUME_CHECK_CONSUMER) timestamp=6453 ms, used_size=8247296 bytes (20.1%)
(RDMA_READ_CONSUME_CHECK_CONSUMER) timestamp=6453 ms, used_size=8245248 bytes (20.1%)
(RDMA_READ_CONSUME_CHECK_CONSUMER) timestamp=6453 ms, used_size=8243200 bytes (20.1%)
(RDMA_READ_CONSUME_CHECK_CONSUMER) timestamp=6453 ms, used_size=8241152 bytes (20.1%)
(RDMA_READ_CONSUME_CHECK_CONSUMER) timestamp=6453 ms, used_size=8239104 bytes (20.1%)
(RDMA_READ_CONSUME_CHECK_CONSUMER) timestamp=6453 ms, used_size=8237056 bytes (20.1%)
(RDMA_READ_CONSUME_CHECK_CONSUMER) timestamp=6453 ms, used_size=8235008 bytes (20.1%)
(RDMA_READ_CONSUME_CHECK_CONSUMER) timestamp=6453 ms, used_size=8232960 bytes (20.1%)
(RDMA_READ_CONSUME_CHECK_CONSUMER) timestamp=6453 ms, used_size=8230912 bytes (20.1%)
(RDMA_READ_CONSUME_CHECK_CONSUMER) timestamp=6453 ms, used_size=8228864 bytes (20.1%)
(RDMA_READ_CONSUME_CHECK_CONSUMER) timestamp=6453 ms, used_size=8226816 bytes (20.1%)
(RDMA_READ_CONSUME_CHECK_CONSUMER) timestamp=6453 ms, used_size=8224768 bytes (20.1%)
(RDMA_READ_CONSUME_CHECK_CONSUMER) timestamp=6453 ms, used_size=8222720 bytes (20.1%)
(RDMA_READ_CONSUME_CHECK_CONSUMER) timestamp=6453 ms, used_size=8220672 bytes (20.1%)
(RDMA_READ_CONSUME_CHECK_CONSUMER) timestamp=6453 ms, used_size=8218624 bytes (20.1%)
(RDMA_READ_CONSUME_CHECK_CONSUMER) timestamp=6453 ms, used_size=8216576 bytes (20.1%)
(RDMA_READ_CONSUME_CHECK_CONSUMER) timestamp=6453 ms, used_size=8214528 bytes (20.1%)
(RDMA_READ_CONSUME_CHECK_CONSUMER) timestamp=6453 ms, used_size=8212480 bytes (20.1%)
(RDMA_READ_CONSUME_CHECK_CONSUMER) timestamp=6453 ms, used_size=8210432 bytes (20.0%)
(RDMA_READ_CONSUME_CHECK_CONSUMER) timestamp=6453 ms, used_size=8208384 bytes (20.0%)
(RDMA_READ_CONSUME_CHECK_CONSUMER) timestamp=6453 ms, used_size=8206336 bytes (20.0%)
(RDMA_READ_CONSUME_CHECK_CONSUMER) timestamp=6453 ms, used_size=8204288 bytes (20.0%)
(RDMA_READ_CONSUME_CHECK_CONSUMER) timestamp=6453 ms, used_size=8202240 bytes (20.0%)
(RDMA_READ_CONSUME_CHECK_CONSUMER) timestamp=6453 ms, used_size=8200192 bytes (20.0%)
(RDMA_READ_CONSUME_CHECK_CONSUMER) timestamp=6453 ms, used_size=8198144 bytes (20.0%)
(RDMA_READ_CONSUME_CHECK_CONSUMER) timestamp=6453 ms, used_size=8196096 bytes (20.0%)
(RDMA_READ_CONSUME_CHECK_CONSUMER) timestamp=6453 ms, used_size=8194048 bytes (20.0%)
(RDMA_READ_CONSUME_CHECK_CONSUMER) timestamp=6453 ms, used_size=8192000 bytes (20.0%)
(RDMA_READ_CONSUME_CHECK_CONSUMER) timestamp=6453 ms, used_size=8189952 bytes (20.0%)
(RDMA_READ_CONSUME_CHECK_CONSUMER) timestamp=6453 ms, used_size=8187904 bytes (20.0%)
(RDMA_READ_CONSUME_CHECK_CONSUMER) timestamp=6454 ms, used_size=8185856 bytes (20.0%)
(RDMA_READ_CONSUME_CHECK_CONSUMER) timestamp=6454 ms, used_size=8183808 bytes (20.0%)
(RDMA_READ_CONSUME_CHECK_CONSUMER) timestamp=6454 ms, used_size=8181760 bytes (20.0%)
(RDMA_READ_CONSUME_CHECK_CONSUMER) timestamp=6454 ms, used_size=8179712 bytes (20.0%)
(RDMA_READ_CONSUME_CHECK_CONSUMER) timestamp=6454 ms, used_size=8177664 bytes (20.0%)
(RDMA_READ_CONSUME_CHECK_CONSUMER) timestamp=6454 ms, used_size=8175616 bytes (20.0%)
(RDMA_READ_CONSUME_CHECK_CONSUMER) timestamp=6454 ms, used_size=8173568 bytes (20.0%)
(RDMA_READ_CONSUME_CHECK_CONSUMER) timestamp=6454 ms, used_size=8171520 bytes (19.9%)
(RDMA_READ_CONSUME_CHECK_CONSUMER) timestamp=6454 ms, used_size=8169472 bytes (19.9%)
(RDMA_READ_CONSUME_CHECK_CONSUMER) timestamp=6454 ms, used_size=8167424 bytes (19.9%)
(RDMA_READ_CONSUME_CHECK_CONSUMER) timestamp=6454 ms, used_size=8165376 bytes (19.9%)
(RDMA_READ_CONSUME_CHECK_CONSUMER) timestamp=6454 ms, used_size=8163328 bytes (19.9%)
(RDMA_READ_CONSUME_CHECK_CONSUMER) timestamp=6454 ms, used_size=8161280 bytes (19.9%)
(RDMA_READ_CONSUME_CHECK_CONSUMER) timestamp=6454 ms, used_size=8159232 bytes (19.9%)
(RDMA_READ_CONSUME_CHECK_CONSUMER) timestamp=6454 ms, used_size=8157184 bytes (19.9%)
(RDMA_READ_CONSUME_CHECK_CONSUMER) timestamp=6454 ms, used_size=8155136 bytes (19.9%)
(RDMA_READ_CONSUME_CHECK_CONSUMER) timestamp=6454 ms, used_size=8153088 bytes (19.9%)
(RDMA_READ_CONSUME_CHECK_CONSUMER) timestamp=6454 ms, used_size=8151040 bytes (19.9%)
(RDMA_READ_CONSUME_CHECK_CONSUMER) timestamp=6454 ms, used_size=8148992 bytes (19.9%)
(RDMA_READ_CONSUME_CHECK_CONSUMER) timestamp=6454 ms, used_size=8146944 bytes (19.9%)
(RDMA_READ_CONSUME_CHECK_CONSUMER) timestamp=6454 ms, used_size=8144896 bytes (19.9%)
(RDMA_READ_CONSUME_CHECK_CONSUMER) timestamp=6454 ms, used_size=8142848 bytes (19.9%)
(RDMA_READ_CONSUME_CHECK_CONSUMER) timestamp=6454 ms, used_size=8140800 bytes (19.9%)
(RDMA_READ_CONSUME_CHECK_CONSUMER) timestamp=6454 ms, used_size=8138752 bytes (19.9%)
(RDMA_READ_CONSUME_CHECK_CONSUMER) timestamp=6454 ms, used_size=8136704 bytes (19.9%)
(RDMA_READ_CONSUME_CHECK_CONSUMER) timestamp=6454 ms, used_size=8134656 bytes (19.9%)
(RDMA_READ_CONSUME_CHECK_CONSUMER) timestamp=6454 ms, used_size=8132608 bytes (19.9%)
(RDMA_READ_CONSUME_CHECK_CONSUMER) timestamp=6454 ms, used_size=8130560 bytes (19.9%)
(RDMA_READ_CONSUME_CHECK_CONSUMER) timestamp=6454 ms, used_size=8128512 bytes (19.8%)
(RDMA_READ_CONSUME_CHECK_CONSUMER) timestamp=6454 ms, used_size=8126464 bytes (19.8%)
(RDMA_READ_CONSUME_CHECK_CONSUMER) timestamp=6454 ms, used_size=8124416 bytes (19.8%)
(RDMA_READ_CONSUME_CHECK_CONSUMER) timestamp=6454 ms, used_size=8122368 bytes (19.8%)
(RDMA_READ_CONSUME_CHECK_CONSUMER) timestamp=6454 ms, used_size=8120320 bytes (19.8%)
(RDMA_READ_CONSUME_CHECK_CONSUMER) timestamp=6454 ms, used_size=8118272 bytes (19.8%)
(RDMA_READ_CONSUME_CHECK_CONSUMER) timestamp=6454 ms, used_size=8116224 bytes (19.8%)
(RDMA_READ_CONSUME_CHECK_CONSUMER) timestamp=6454 ms, used_size=8114176 bytes (19.8%)
(RDMA_READ_CONSUME_CHECK_CONSUMER) timestamp=6454 ms, used_size=8112128 bytes (19.8%)
(RDMA_READ_CONSUME_CHECK_CONSUMER) timestamp=6454 ms, used_size=8110080 bytes (19.8%)
(RDMA_READ_CONSUME_CHECK_CONSUMER) timestamp=6454 ms, used_size=8108032 bytes (19.8%)
(RDMA_READ_CONSUME_CHECK_CONSUMER) timestamp=6454 ms, used_size=8105984 bytes (19.8%)
(RDMA_READ_CONSUME_CHECK_CONSUMER) timestamp=6454 ms, used_size=8103936 bytes (19.8%)
(RDMA_READ_CONSUME_CHECK_CONSUMER) timestamp=6454 ms, used_size=8101888 bytes (19.8%)
(RDMA_READ_CONSUME_CHECK_CONSUMER) timestamp=6454 ms, used_size=8099840 bytes (19.8%)
(RDMA_READ_CONSUME_CHECK_CONSUMER) timestamp=6454 ms, used_size=8097792 bytes (19.8%)
(RDMA_READ_CONSUME_CHECK_CONSUMER) timestamp=6454 ms, used_size=8095744 bytes (19.8%)
(RDMA_READ_CONSUME_CHECK_CONSUMER) timestamp=6454 ms, used_size=8093696 bytes (19.8%)
(RDMA_READ_CONSUME_CHECK_CONSUMER) timestamp=6454 ms, used_size=8091648 bytes (19.8%)
(RDMA_READ_CONSUME_CHECK_CONSUMER) timestamp=6454 ms, used_size=8089600 bytes (19.8%)
(RDMA_READ_CONSUME_CHECK_CONSUMER) timestamp=6454 ms, used_size=8087552 bytes (19.7%)
(RDMA_READ_CONSUME_CHECK_CONSUMER) timestamp=6454 ms, used_size=8085504 bytes (19.7%)
(RDMA_READ_CONSUME_CHECK_CONSUMER) timestamp=6454 ms, used_size=8083456 bytes (19.7%)
(RDMA_READ_CONSUME_CHECK_CONSUMER) timestamp=6454 ms, used_size=8081408 bytes (19.7%)
(RDMA_READ_CONSUME_CHECK_CONSUMER) timestamp=6454 ms, used_size=8079360 bytes (19.7%)
(RDMA_READ_CONSUME_CHECK_CONSUMER) timestamp=6454 ms, used_size=8077312 bytes (19.7%)
(RDMA_READ_CONSUME_CHECK_CONSUMER) timestamp=6454 ms, used_size=8075264 bytes (19.7%)
(RDMA_READ_CONSUME_CHECK_CONSUMER) timestamp=6454 ms, used_size=8073216 bytes (19.7%)
(RDMA_READ_CONSUME_CHECK_CONSUMER) timestamp=6454 ms, used_size=8071168 bytes (19.7%)
(RDMA_READ_CONSUME_CHECK_CONSUMER) timestamp=6454 ms, used_size=8069120 bytes (19.7%)
(RDMA_READ_CONSUME_CHECK_CONSUMER) timestamp=6454 ms, used_size=8067072 bytes (19.7%)
(RDMA_READ_CONSUME_CHECK_CONSUMER) timestamp=6454 ms, used_size=8065024 bytes (19.7%)
(RDMA_READ_CONSUME_CHECK_CONSUMER) timestamp=6454 ms, used_size=8062976 bytes (19.7%)
(RDMA_READ_CONSUME_CHECK_CONSUMER) timestamp=6454 ms, used_size=8060928 bytes (19.7%)
(RDMA_READ_CONSUME_CHECK_CONSUMER) timestamp=6454 ms, used_size=8058880 bytes (19.7%)
(RDMA_READ_CONSUME_CHECK_CONSUMER) timestamp=6454 ms, used_size=8056832 bytes (19.7%)
(RDMA_READ_CONSUME_CHECK_CONSUMER) timestamp=6454 ms, used_size=8054784 bytes (19.7%)
(RDMA_READ_CONSUME_CHECK_CONSUMER) timestamp=6454 ms, used_size=8052736 bytes (19.7%)
(RDMA_READ_CONSUME_CHECK_CONSUMER) timestamp=6454 ms, used_size=8050688 bytes (19.7%)
(RDMA_READ_CONSUME_CHECK_CONSUMER) timestamp=6454 ms, used_size=8048640 bytes (19.6%)
(RDMA_READ_CONSUME_CHECK_CONSUMER) timestamp=6454 ms, used_size=8046592 bytes (19.6%)
(RDMA_READ_CONSUME_CHECK_CONSUMER) timestamp=6454 ms, used_size=8044544 bytes (19.6%)
(RDMA_READ_CONSUME_CHECK_CONSUMER) timestamp=6454 ms, used_size=8042496 bytes (19.6%)
(RDMA_READ_CONSUME_CHECK_CONSUMER) timestamp=6454 ms, used_size=8040448 bytes (19.6%)
(RDMA_READ_CONSUME_CHECK_CONSUMER) timestamp=6454 ms, used_size=8038400 bytes (19.6%)
(RDMA_READ_CONSUME_CHECK_CONSUMER) timestamp=6454 ms, used_size=8036352 bytes (19.6%)
(RDMA_READ_CONSUME_CHECK_CONSUMER) timestamp=6454 ms, used_size=8034304 bytes (19.6%)
(RDMA_READ_CONSUME_CHECK_CONSUMER) timestamp=6454 ms, used_size=8032256 bytes (19.6%)
(RDMA_READ_CONSUME_CHECK_CONSUMER) timestamp=6454 ms, used_size=8030208 bytes (19.6%)
(RDMA_READ_CONSUME_CHECK_CONSUMER) timestamp=6454 ms, used_size=8028160 bytes (19.6%)
(RDMA_READ_CONSUME_CHECK_CONSUMER) timestamp=6454 ms, used_size=8026112 bytes (19.6%)
(RDMA_READ_CONSUME_CHECK_CONSUMER) timestamp=6454 ms, used_size=8024064 bytes (19.6%)
(RDMA_READ_CONSUME_CHECK_CONSUMER) timestamp=6454 ms, used_size=8022016 bytes (19.6%)
(RDMA_READ_CONSUME_CHECK_CONSUMER) timestamp=6454 ms, used_size=8019968 bytes (19.6%)
(RDMA_READ_CONSUME_CHECK_CONSUMER) timestamp=6454 ms, used_size=8017920 bytes (19.6%)
(RDMA_READ_CONSUME_CHECK_CONSUMER) timestamp=6454 ms, used_size=8015872 bytes (19.6%)
(RDMA_READ_CONSUME_CHECK_CONSUMER) timestamp=6454 ms, used_size=8013824 bytes (19.6%)
(RDMA_READ_CONSUME_CHECK_CONSUMER) timestamp=6454 ms, used_size=8011776 bytes (19.6%)
(RDMA_READ_CONSUME_CHECK_CONSUMER) timestamp=6454 ms, used_size=8009728 bytes (19.6%)
(RDMA_READ_CONSUME_CHECK_CONSUMER) timestamp=6454 ms, used_size=8007680 bytes (19.6%)
(RDMA_READ_CONSUME_CHECK_CONSUMER) timestamp=6454 ms, used_size=8005632 bytes (19.5%)
(RDMA_READ_CONSUME_CHECK_CONSUMER) timestamp=6454 ms, used_size=8003584 bytes (19.5%)
(RDMA_READ_CONSUME_CHECK_CONSUMER) timestamp=6454 ms, used_size=8001536 bytes (19.5%)
(RDMA_READ_CONSUME_CHECK_CONSUMER) timestamp=6454 ms, used_size=7999488 bytes (19.5%)
(RDMA_READ_CONSUME_CHECK_CONSUMER) timestamp=6454 ms, used_size=7997440 bytes (19.5%)
(RDMA_READ_CONSUME_CHECK_CONSUMER) timestamp=6454 ms, used_size=7995392 bytes (19.5%)
(RDMA_READ_CONSUME_CHECK_CONSUMER) timestamp=6454 ms, used_size=7993344 bytes (19.5%)
(RDMA_READ_CONSUME_CHECK_CONSUMER) timestamp=6454 ms, used_size=7991296 bytes (19.5%)
(RDMA_READ_CONSUME_CHECK_CONSUMER) timestamp=6454 ms, used_size=7989248 bytes (19.5%)
(RDMA_READ_CONSUME_CHECK_CONSUMER) timestamp=6454 ms, used_size=7987200 bytes (19.5%)
(RDMA_READ_CONSUME_CHECK_CONSUMER) timestamp=6454 ms, used_size=7985152 bytes (19.5%)
(RDMA_READ_CONSUME_CHECK_CONSUMER) timestamp=6454 ms, used_size=7983104 bytes (19.5%)
(RDMA_READ_CONSUME_CHECK_CONSUMER) timestamp=6454 ms, used_size=7981056 bytes (19.5%)
(RDMA_READ_CONSUME_CHECK_CONSUMER) timestamp=6454 ms, used_size=7979008 bytes (19.5%)
(RDMA_READ_CONSUME_CHECK_CONSUMER) timestamp=6454 ms, used_size=7976960 bytes (19.5%)
(RDMA_READ_CONSUME_CHECK_CONSUMER) timestamp=6454 ms, used_size=7974912 bytes (19.5%)
(RDMA_READ_CONSUME_CHECK_CONSUMER) timestamp=6454 ms, used_size=7972864 bytes (19.5%)
(RDMA_READ_CONSUME_CHECK_CONSUMER) timestamp=6454 ms, used_size=7970816 bytes (19.5%)
(RDMA_READ_CONSUME_CHECK_CONSUMER) timestamp=6454 ms, used_size=7968768 bytes (19.5%)
(RDMA_READ_CONSUME_CHECK_CONSUMER) timestamp=6454 ms, used_size=7966720 bytes (19.4%)
(RDMA_READ_CONSUME_CHECK_CONSUMER) timestamp=6454 ms, used_size=7964672 bytes (19.4%)
(RDMA_READ_CONSUME_CHECK_CONSUMER) timestamp=6454 ms, used_size=7962624 bytes (19.4%)
(RDMA_READ_CONSUME_CHECK_CONSUMER) timestamp=6454 ms, used_size=7960576 bytes (19.4%)
(RDMA_READ_CONSUME_CHECK_CONSUMER) timestamp=6454 ms, used_size=7958528 bytes (19.4%)
(RDMA_READ_CONSUME_CHECK_CONSUMER) timestamp=6454 ms, used_size=7956480 bytes (19.4%)
(RDMA_READ_CONSUME_CHECK_CONSUMER) timestamp=6454 ms, used_size=7954432 bytes (19.4%)
(RDMA_READ_CONSUME_CHECK_CONSUMER) timestamp=6454 ms, used_size=7952384 bytes (19.4%)
(RDMA_READ_CONSUME_CHECK_CONSUMER) timestamp=6454 ms, used_size=7950336 bytes (19.4%)
(RDMA_READ_CONSUME_CHECK_CONSUMER) timestamp=6454 ms, used_size=7948288 bytes (19.4%)
(RDMA_READ_CONSUME_CHECK_CONSUMER) timestamp=6454 ms, used_size=7946240 bytes (19.4%)
(RDMA_READ_CONSUME_CHECK_CONSUMER) timestamp=6454 ms, used_size=7944192 bytes (19.4%)
(RDMA_READ_CONSUME_CHECK_CONSUMER) timestamp=6454 ms, used_size=7942144 bytes (19.4%)
(RDMA_READ_CONSUME_CHECK_CONSUMER) timestamp=6454 ms, used_size=7940096 bytes (19.4%)
(RDMA_READ_CONSUME_CHECK_CONSUMER) timestamp=6454 ms, used_size=7938048 bytes (19.4%)
(RDMA_READ_CONSUME_CHECK_CONSUMER) timestamp=6454 ms, used_size=7936000 bytes (19.4%)
(RDMA_READ_CONSUME_CHECK_CONSUMER) timestamp=6454 ms, used_size=7933952 bytes (19.4%)
(RDMA_READ_CONSUME_CHECK_CONSUMER) timestamp=6454 ms, used_size=7931904 bytes (19.4%)
(RDMA_READ_CONSUME_CHECK_CONSUMER) timestamp=6454 ms, used_size=7929856 bytes (19.4%)
(RDMA_READ_CONSUME_CHECK_CONSUMER) timestamp=6454 ms, used_size=7927808 bytes (19.4%)
(RDMA_READ_CONSUME_CHECK_CONSUMER) timestamp=6454 ms, used_size=7925760 bytes (19.4%)
(RDMA_READ_CONSUME_CHECK_CONSUMER) timestamp=6454 ms, used_size=7923712 bytes (19.3%)
(RDMA_READ_CONSUME_CHECK_CONSUMER) timestamp=6454 ms, used_size=7921664 bytes (19.3%)
(RDMA_READ_CONSUME_CHECK_CONSUMER) timestamp=6454 ms, used_size=7919616 bytes (19.3%)
(RDMA_READ_CONSUME_CHECK_CONSUMER) timestamp=6454 ms, used_size=7917568 bytes (19.3%)
(RDMA_READ_CONSUME_CHECK_CONSUMER) timestamp=6454 ms, used_size=7915520 bytes (19.3%)
(RDMA_READ_CONSUME_CHECK_CONSUMER) timestamp=6454 ms, used_size=7913472 bytes (19.3%)
(RDMA_READ_CONSUME_CHECK_CONSUMER) timestamp=6454 ms, used_size=7911424 bytes (19.3%)
(RDMA_READ_CONSUME_CHECK_CONSUMER) timestamp=6454 ms, used_size=7909376 bytes (19.3%)
(RDMA_READ_CONSUME_CHECK_CONSUMER) timestamp=6454 ms, used_size=7907328 bytes (19.3%)
(RDMA_READ_CONSUME_CHECK_CONSUMER) timestamp=6454 ms, used_size=7905280 bytes (19.3%)
(RDMA_READ_CONSUME_CHECK_CONSUMER) timestamp=6454 ms, used_size=7903232 bytes (19.3%)
(RDMA_READ_CONSUME_CHECK_CONSUMER) timestamp=6454 ms, used_size=7901184 bytes (19.3%)
(RDMA_READ_CONSUME_CHECK_CONSUMER) timestamp=6454 ms, used_size=7899136 bytes (19.3%)
(RDMA_READ_CONSUME_CHECK_CONSUMER) timestamp=6454 ms, used_size=7897088 bytes (19.3%)
(RDMA_READ_CONSUME_CHECK_CONSUMER) timestamp=6454 ms, used_size=7895040 bytes (19.3%)
(RDMA_READ_CONSUME_CHECK_CONSUMER) timestamp=6454 ms, used_size=7892992 bytes (19.3%)
(RDMA_READ_CONSUME_CHECK_CONSUMER) timestamp=6454 ms, used_size=7890944 bytes (19.3%)
(RDMA_READ_CONSUME_CHECK_CONSUMER) timestamp=6454 ms, used_size=7888896 bytes (19.3%)
(RDMA_READ_CONSUME_CHECK_CONSUMER) timestamp=6454 ms, used_size=7886848 bytes (19.3%)
(RDMA_READ_CONSUME_CHECK_CONSUMER) timestamp=6454 ms, used_size=7884800 bytes (19.2%)
(RDMA_READ_CONSUME_CHECK_CONSUMER) timestamp=6454 ms, used_size=7882752 bytes (19.2%)
(RDMA_READ_CONSUME_CHECK_CONSUMER) timestamp=6454 ms, used_size=7880704 bytes (19.2%)
(RDMA_READ_CONSUME_CHECK_CONSUMER) timestamp=6454 ms, used_size=7878656 bytes (19.2%)
(RDMA_READ_CONSUME_CHECK_CONSUMER) timestamp=6454 ms, used_size=7876608 bytes (19.2%)
(RDMA_READ_CONSUME_CHECK_CONSUMER) timestamp=6454 ms, used_size=7874560 bytes (19.2%)
(RDMA_READ_CONSUME_CHECK_CONSUMER) timestamp=6454 ms, used_size=7872512 bytes (19.2%)
(RDMA_READ_CONSUME_CHECK_CONSUMER) timestamp=6454 ms, used_size=7870464 bytes (19.2%)
(RDMA_READ_CONSUME_CHECK_CONSUMER) timestamp=6454 ms, used_size=7868416 bytes (19.2%)
(RDMA_READ_CONSUME_CHECK_CONSUMER) timestamp=6454 ms, used_size=7866368 bytes (19.2%)
(RDMA_READ_CONSUME_CHECK_CONSUMER) timestamp=6454 ms, used_size=7864320 bytes (19.2%)
(RDMA_READ_CONSUME_CHECK_CONSUMER) timestamp=6454 ms, used_size=7862272 bytes (19.2%)
(RDMA_READ_CONSUME_CHECK_CONSUMER) timestamp=6454 ms, used_size=7860224 bytes (19.2%)
(RDMA_READ_CONSUME_CHECK_CONSUMER) timestamp=6454 ms, used_size=7858176 bytes (19.2%)
(RDMA_READ_CONSUME_CHECK_CONSUMER) timestamp=6454 ms, used_size=7856128 bytes (19.2%)
(RDMA_READ_CONSUME_CHECK_CONSUMER) timestamp=6454 ms, used_size=7854080 bytes (19.2%)
(RDMA_READ_CONSUME_CHECK_CONSUMER) timestamp=6454 ms, used_size=7852032 bytes (19.2%)
(RDMA_READ_CONSUME_CHECK_CONSUMER) timestamp=6454 ms, used_size=7849984 bytes (19.2%)
(RDMA_READ_CONSUME_CHECK_CONSUMER) timestamp=6454 ms, used_size=7847936 bytes (19.2%)
(RDMA_READ_CONSUME_CHECK_CONSUMER) timestamp=6454 ms, used_size=7845888 bytes (19.2%)
(RDMA_READ_CONSUME_CHECK_CONSUMER) timestamp=6454 ms, used_size=7843840 bytes (19.1%)
(RDMA_READ_CONSUME_CHECK_CONSUMER) timestamp=6454 ms, used_size=7841792 bytes (19.1%)
(RDMA_READ_CONSUME_CHECK_CONSUMER) timestamp=6454 ms, used_size=7839744 bytes (19.1%)
(RDMA_READ_CONSUME_CHECK_CONSUMER) timestamp=6454 ms, used_size=7837696 bytes (19.1%)
(RDMA_READ_CONSUME_CHECK_CONSUMER) timestamp=6454 ms, used_size=7835648 bytes (19.1%)
(RDMA_READ_CONSUME_CHECK_CONSUMER) timestamp=6454 ms, used_size=7833600 bytes (19.1%)
(RDMA_READ_CONSUME_CHECK_CONSUMER) timestamp=6454 ms, used_size=7831552 bytes (19.1%)
(RDMA_READ_CONSUME_CHECK_CONSUMER) timestamp=6454 ms, used_size=7829504 bytes (19.1%)
(RDMA_READ_CONSUME_CHECK_CONSUMER) timestamp=6454 ms, used_size=7827456 bytes (19.1%)
(RDMA_READ_CONSUME_CHECK_CONSUMER) timestamp=6454 ms, used_size=7825408 bytes (19.1%)
(RDMA_READ_CONSUME_CHECK_CONSUMER) timestamp=6455 ms, used_size=7823360 bytes (19.1%)
(RDMA_READ_CONSUME_CHECK_CONSUMER) timestamp=6455 ms, used_size=7821312 bytes (19.1%)
(RDMA_READ_CONSUME_CHECK_CONSUMER) timestamp=6455 ms, used_size=7819264 bytes (19.1%)
(RDMA_READ_CONSUME_CHECK_CONSUMER) timestamp=6455 ms, used_size=7817216 bytes (19.1%)
(RDMA_READ_CONSUME_CHECK_CONSUMER) timestamp=6455 ms, used_size=7815168 bytes (19.1%)
(RDMA_READ_CONSUME_CHECK_CONSUMER) timestamp=6455 ms, used_size=7813120 bytes (19.1%)
(RDMA_READ_CONSUME_CHECK_CONSUMER) timestamp=6455 ms, used_size=7811072 bytes (19.1%)
(RDMA_READ_CONSUME_CHECK_CONSUMER) timestamp=6455 ms, used_size=7809024 bytes (19.1%)
(RDMA_READ_CONSUME_CHECK_CONSUMER) timestamp=6455 ms, used_size=7806976 bytes (19.1%)
(RDMA_READ_CONSUME_CHECK_CONSUMER) timestamp=6455 ms, used_size=7804928 bytes (19.1%)
(RDMA_READ_CONSUME_CHECK_CONSUMER) timestamp=6455 ms, used_size=7802880 bytes (19.1%)
(RDMA_READ_CONSUME_CHECK_CONSUMER) timestamp=6455 ms, used_size=7800832 bytes (19.0%)
(RDMA_READ_CONSUME_CHECK_CONSUMER) timestamp=6455 ms, used_size=7798784 bytes (19.0%)
(RDMA_READ_CONSUME_CHECK_CONSUMER) timestamp=6455 ms, used_size=7796736 bytes (19.0%)
(RDMA_READ_CONSUME_CHECK_CONSUMER) timestamp=6455 ms, used_size=7794688 bytes (19.0%)
(RDMA_READ_CONSUME_CHECK_CONSUMER) timestamp=6455 ms, used_size=7792640 bytes (19.0%)
(RDMA_READ_CONSUME_CHECK_CONSUMER) timestamp=6455 ms, used_size=7790592 bytes (19.0%)
(RDMA_READ_CONSUME_CHECK_CONSUMER) timestamp=6455 ms, used_size=7788544 bytes (19.0%)
(RDMA_READ_CONSUME_CHECK_CONSUMER) timestamp=6455 ms, used_size=7786496 bytes (19.0%)
(RDMA_READ_CONSUME_CHECK_CONSUMER) timestamp=6455 ms, used_size=7784448 bytes (19.0%)
(RDMA_READ_CONSUME_CHECK_CONSUMER) timestamp=6455 ms, used_size=7782400 bytes (19.0%)
(RDMA_READ_CONSUME_CHECK_CONSUMER) timestamp=6455 ms, used_size=7780352 bytes (19.0%)
(RDMA_READ_CONSUME_CHECK_CONSUMER) timestamp=6455 ms, used_size=7778304 bytes (19.0%)
(RDMA_READ_CONSUME_CHECK_CONSUMER) timestamp=6455 ms, used_size=7776256 bytes (19.0%)
(RDMA_READ_CONSUME_CHECK_CONSUMER) timestamp=6455 ms, used_size=7774208 bytes (19.0%)
(RDMA_READ_CONSUME_CHECK_CONSUMER) timestamp=6455 ms, used_size=7772160 bytes (19.0%)
(RDMA_READ_CONSUME_CHECK_CONSUMER) timestamp=6455 ms, used_size=7770112 bytes (19.0%)
(RDMA_READ_CONSUME_CHECK_CONSUMER) timestamp=6455 ms, used_size=7768064 bytes (19.0%)
(RDMA_READ_CONSUME_CHECK_CONSUMER) timestamp=6455 ms, used_size=7766016 bytes (19.0%)
(RDMA_READ_CONSUME_CHECK_CONSUMER) timestamp=6455 ms, used_size=7763968 bytes (19.0%)
(RDMA_READ_CONSUME_CHECK_CONSUMER) timestamp=6455 ms, used_size=7761920 bytes (18.9%)
(RDMA_READ_CONSUME_CHECK_CONSUMER) timestamp=6455 ms, used_size=7759872 bytes (18.9%)
(RDMA_READ_CONSUME_CHECK_CONSUMER) timestamp=6455 ms, used_size=7757824 bytes (18.9%)
(RDMA_READ_CONSUME_CHECK_CONSUMER) timestamp=6455 ms, used_size=7755776 bytes (18.9%)
(RDMA_READ_CONSUME_CHECK_CONSUMER) timestamp=6455 ms, used_size=7753728 bytes (18.9%)
(RDMA_READ_CONSUME_CHECK_CONSUMER) timestamp=6455 ms, used_size=7751680 bytes (18.9%)
(RDMA_READ_CONSUME_CHECK_CONSUMER) timestamp=6455 ms, used_size=7749632 bytes (18.9%)
(RDMA_READ_CONSUME_CHECK_CONSUMER) timestamp=6455 ms, used_size=7747584 bytes (18.9%)
(RDMA_READ_CONSUME_CHECK_CONSUMER) timestamp=6455 ms, used_size=7745536 bytes (18.9%)
(RDMA_READ_CONSUME_CHECK_CONSUMER) timestamp=6455 ms, used_size=7743488 bytes (18.9%)
(RDMA_READ_CONSUME_CHECK_CONSUMER) timestamp=6455 ms, used_size=7741440 bytes (18.9%)
(RDMA_READ_CONSUME_CHECK_CONSUMER) timestamp=6455 ms, used_size=7739392 bytes (18.9%)
(RDMA_READ_CONSUME_CHECK_CONSUMER) timestamp=6455 ms, used_size=7737344 bytes (18.9%)
(RDMA_READ_CONSUME_CHECK_CONSUMER) timestamp=6455 ms, used_size=7735296 bytes (18.9%)
(RDMA_READ_CONSUME_CHECK_CONSUMER) timestamp=6455 ms, used_size=7733248 bytes (18.9%)
(RDMA_READ_CONSUME_CHECK_CONSUMER) timestamp=6455 ms, used_size=7731200 bytes (18.9%)
(RDMA_READ_CONSUME_CHECK_CONSUMER) timestamp=6455 ms, used_size=7729152 bytes (18.9%)
(RDMA_READ_CONSUME_CHECK_CONSUMER) timestamp=6455 ms, used_size=7727104 bytes (18.9%)
(RDMA_READ_CONSUME_CHECK_CONSUMER) timestamp=6455 ms, used_size=7725056 bytes (18.9%)
(RDMA_READ_CONSUME_CHECK_CONSUMER) timestamp=6455 ms, used_size=7723008 bytes (18.9%)
(RDMA_READ_CONSUME_CHECK_CONSUMER) timestamp=6455 ms, used_size=7720960 bytes (18.9%)
(RDMA_READ_CONSUME_CHECK_CONSUMER) timestamp=6455 ms, used_size=7718912 bytes (18.8%)
(RDMA_READ_CONSUME_CHECK_CONSUMER) timestamp=6455 ms, used_size=7716864 bytes (18.8%)
(RDMA_READ_CONSUME_CHECK_CONSUMER) timestamp=6455 ms, used_size=7714816 bytes (18.8%)
(RDMA_READ_CONSUME_CHECK_CONSUMER) timestamp=6455 ms, used_size=7712768 bytes (18.8%)
(RDMA_READ_CONSUME_CHECK_CONSUMER) timestamp=6455 ms, used_size=7710720 bytes (18.8%)
(RDMA_READ_CONSUME_CHECK_CONSUMER) timestamp=6455 ms, used_size=7708672 bytes (18.8%)
(RDMA_READ_CONSUME_CHECK_CONSUMER) timestamp=6455 ms, used_size=7706624 bytes (18.8%)
(RDMA_READ_CONSUME_CHECK_CONSUMER) timestamp=6455 ms, used_size=7704576 bytes (18.8%)
(RDMA_READ_CONSUME_CHECK_CONSUMER) timestamp=6455 ms, used_size=7702528 bytes (18.8%)
(RDMA_READ_CONSUME_CHECK_CONSUMER) timestamp=6455 ms, used_size=7700480 bytes (18.8%)
(RDMA_READ_CONSUME_CHECK_CONSUMER) timestamp=6455 ms, used_size=7698432 bytes (18.8%)
(RDMA_READ_CONSUME_CHECK_CONSUMER) timestamp=6455 ms, used_size=7696384 bytes (18.8%)
(RDMA_READ_CONSUME_CHECK_CONSUMER) timestamp=6455 ms, used_size=7694336 bytes (18.8%)
(RDMA_READ_CONSUME_CHECK_CONSUMER) timestamp=6455 ms, used_size=7692288 bytes (18.8%)
(RDMA_READ_CONSUME_CHECK_CONSUMER) timestamp=6455 ms, used_size=7690240 bytes (18.8%)
(RDMA_READ_CONSUME_CHECK_CONSUMER) timestamp=6455 ms, used_size=7688192 bytes (18.8%)
(RDMA_READ_CONSUME_CHECK_CONSUMER) timestamp=6455 ms, used_size=7686144 bytes (18.8%)
(RDMA_READ_CONSUME_CHECK_CONSUMER) timestamp=6455 ms, used_size=7684096 bytes (18.8%)
(RDMA_READ_CONSUME_CHECK_CONSUMER) timestamp=6455 ms, used_size=7682048 bytes (18.8%)
(RDMA_READ_CONSUME_CHECK_CONSUMER) timestamp=6455 ms, used_size=7680000 bytes (18.8%)
(RDMA_READ_CONSUME_CHECK_CONSUMER) timestamp=6455 ms, used_size=7677952 bytes (18.7%)
(RDMA_READ_CONSUME_CHECK_CONSUMER) timestamp=6455 ms, used_size=7675904 bytes (18.7%)
(RDMA_READ_CONSUME_CHECK_CONSUMER) timestamp=6455 ms, used_size=7673856 bytes (18.7%)
(RDMA_READ_CONSUME_CHECK_CONSUMER) timestamp=6455 ms, used_size=7671808 bytes (18.7%)
(RDMA_READ_CONSUME_CHECK_CONSUMER) timestamp=6455 ms, used_size=7669760 bytes (18.7%)
(RDMA_READ_CONSUME_CHECK_CONSUMER) timestamp=6455 ms, used_size=7667712 bytes (18.7%)
(RDMA_READ_CONSUME_CHECK_CONSUMER) timestamp=6455 ms, used_size=7665664 bytes (18.7%)
(RDMA_READ_CONSUME_CHECK_CONSUMER) timestamp=6455 ms, used_size=7663616 bytes (18.7%)
(RDMA_READ_CONSUME_CHECK_CONSUMER) timestamp=6455 ms, used_size=7661568 bytes (18.7%)
(RDMA_READ_CONSUME_CHECK_CONSUMER) timestamp=6455 ms, used_size=7659520 bytes (18.7%)
(RDMA_READ_CONSUME_CHECK_CONSUMER) timestamp=6455 ms, used_size=7657472 bytes (18.7%)
(RDMA_READ_CONSUME_CHECK_CONSUMER) timestamp=6455 ms, used_size=7655424 bytes (18.7%)
(RDMA_READ_CONSUME_CHECK_CONSUMER) timestamp=6455 ms, used_size=7653376 bytes (18.7%)
(RDMA_READ_CONSUME_CHECK_CONSUMER) timestamp=6455 ms, used_size=7651328 bytes (18.7%)
(RDMA_READ_CONSUME_CHECK_CONSUMER) timestamp=6455 ms, used_size=7649280 bytes (18.7%)
(RDMA_READ_CONSUME_CHECK_CONSUMER) timestamp=6455 ms, used_size=7647232 bytes (18.7%)
(RDMA_READ_CONSUME_CHECK_CONSUMER) timestamp=6455 ms, used_size=7645184 bytes (18.7%)
(RDMA_READ_CONSUME_CHECK_CONSUMER) timestamp=6455 ms, used_size=7643136 bytes (18.7%)
(RDMA_READ_CONSUME_CHECK_CONSUMER) timestamp=6455 ms, used_size=7641088 bytes (18.7%)
(RDMA_READ_CONSUME_CHECK_CONSUMER) timestamp=6455 ms, used_size=7639040 bytes (18.6%)
(RDMA_READ_CONSUME_CHECK_CONSUMER) timestamp=6455 ms, used_size=7636992 bytes (18.6%)
(RDMA_READ_CONSUME_CHECK_CONSUMER) timestamp=6455 ms, used_size=7634944 bytes (18.6%)
(RDMA_READ_CONSUME_CHECK_CONSUMER) timestamp=6455 ms, used_size=7632896 bytes (18.6%)
(RDMA_READ_CONSUME_CHECK_CONSUMER) timestamp=6455 ms, used_size=7630848 bytes (18.6%)
(RDMA_READ_CONSUME_CHECK_CONSUMER) timestamp=6455 ms, used_size=7628800 bytes (18.6%)
(RDMA_READ_CONSUME_CHECK_CONSUMER) timestamp=6455 ms, used_size=7626752 bytes (18.6%)
(RDMA_READ_CONSUME_CHECK_CONSUMER) timestamp=6455 ms, used_size=7624704 bytes (18.6%)
(RDMA_READ_CONSUME_CHECK_CONSUMER) timestamp=6455 ms, used_size=7622656 bytes (18.6%)
(RDMA_READ_CONSUME_CHECK_CONSUMER) timestamp=6455 ms, used_size=7620608 bytes (18.6%)
(RDMA_READ_CONSUME_CHECK_CONSUMER) timestamp=6455 ms, used_size=7618560 bytes (18.6%)
(RDMA_READ_CONSUME_CHECK_CONSUMER) timestamp=6455 ms, used_size=7616512 bytes (18.6%)
(RDMA_READ_CONSUME_CHECK_CONSUMER) timestamp=6455 ms, used_size=7614464 bytes (18.6%)
(RDMA_READ_CONSUME_CHECK_CONSUMER) timestamp=6455 ms, used_size=7612416 bytes (18.6%)
(RDMA_READ_CONSUME_CHECK_CONSUMER) timestamp=6455 ms, used_size=7610368 bytes (18.6%)
(RDMA_READ_CONSUME_CHECK_CONSUMER) timestamp=6455 ms, used_size=7608320 bytes (18.6%)
(RDMA_READ_CONSUME_CHECK_CONSUMER) timestamp=6455 ms, used_size=7606272 bytes (18.6%)
(RDMA_READ_CONSUME_CHECK_CONSUMER) timestamp=6455 ms, used_size=7604224 bytes (18.6%)
(RDMA_READ_CONSUME_CHECK_CONSUMER) timestamp=6455 ms, used_size=7602176 bytes (18.6%)
(RDMA_READ_CONSUME_CHECK_CONSUMER) timestamp=6455 ms, used_size=7600128 bytes (18.6%)
(RDMA_READ_CONSUME_CHECK_CONSUMER) timestamp=6455 ms, used_size=7598080 bytes (18.6%)
(RDMA_READ_CONSUME_CHECK_CONSUMER) timestamp=6455 ms, used_size=7596032 bytes (18.5%)
(RDMA_READ_CONSUME_CHECK_CONSUMER) timestamp=6455 ms, used_size=7593984 bytes (18.5%)
(RDMA_READ_CONSUME_CHECK_CONSUMER) timestamp=6455 ms, used_size=7591936 bytes (18.5%)
(RDMA_READ_CONSUME_CHECK_CONSUMER) timestamp=6455 ms, used_size=7589888 bytes (18.5%)
(RDMA_READ_CONSUME_CHECK_CONSUMER) timestamp=6455 ms, used_size=7587840 bytes (18.5%)
(RDMA_READ_CONSUME_CHECK_CONSUMER) timestamp=6455 ms, used_size=7585792 bytes (18.5%)
(RDMA_READ_CONSUME_CHECK_CONSUMER) timestamp=6455 ms, used_size=7583744 bytes (18.5%)
(RDMA_READ_CONSUME_CHECK_CONSUMER) timestamp=6455 ms, used_size=7581696 bytes (18.5%)
(RDMA_READ_CONSUME_CHECK_CONSUMER) timestamp=6455 ms, used_size=7579648 bytes (18.5%)
(RDMA_READ_CONSUME_CHECK_CONSUMER) timestamp=6455 ms, used_size=7577600 bytes (18.5%)
(RDMA_READ_CONSUME_CHECK_CONSUMER) timestamp=6455 ms, used_size=7575552 bytes (18.5%)
(RDMA_READ_CONSUME_CHECK_CONSUMER) timestamp=6455 ms, used_size=7573504 bytes (18.5%)
(RDMA_READ_CONSUME_CHECK_CONSUMER) timestamp=6455 ms, used_size=7571456 bytes (18.5%)
(RDMA_READ_CONSUME_CHECK_CONSUMER) timestamp=6455 ms, used_size=7569408 bytes (18.5%)
(RDMA_READ_CONSUME_CHECK_CONSUMER) timestamp=6455 ms, used_size=7567360 bytes (18.5%)
(RDMA_READ_CONSUME_CHECK_CONSUMER) timestamp=6455 ms, used_size=7565312 bytes (18.5%)
(RDMA_READ_CONSUME_CHECK_CONSUMER) timestamp=6455 ms, used_size=7563264 bytes (18.5%)
(RDMA_READ_CONSUME_CHECK_CONSUMER) timestamp=6455 ms, used_size=7561216 bytes (18.5%)
(RDMA_READ_CONSUME_CHECK_CONSUMER) timestamp=6455 ms, used_size=7559168 bytes (18.5%)
(RDMA_READ_CONSUME_CHECK_CONSUMER) timestamp=6455 ms, used_size=7557120 bytes (18.4%)
(RDMA_READ_CONSUME_CHECK_CONSUMER) timestamp=6455 ms, used_size=7555072 bytes (18.4%)
(RDMA_READ_CONSUME_CHECK_CONSUMER) timestamp=6455 ms, used_size=7553024 bytes (18.4%)
(RDMA_READ_CONSUME_CHECK_CONSUMER) timestamp=6455 ms, used_size=7550976 bytes (18.4%)
(RDMA_READ_CONSUME_CHECK_CONSUMER) timestamp=6455 ms, used_size=7548928 bytes (18.4%)
(RDMA_READ_CONSUME_CHECK_CONSUMER) timestamp=6455 ms, used_size=7546880 bytes (18.4%)
(RDMA_READ_CONSUME_CHECK_CONSUMER) timestamp=6455 ms, used_size=7544832 bytes (18.4%)
(RDMA_READ_CONSUME_CHECK_CONSUMER) timestamp=6455 ms, used_size=7542784 bytes (18.4%)
(RDMA_READ_CONSUME_CHECK_CONSUMER) timestamp=6455 ms, used_size=7540736 bytes (18.4%)
(RDMA_READ_CONSUME_CHECK_CONSUMER) timestamp=6455 ms, used_size=7538688 bytes (18.4%)
(RDMA_READ_CONSUME_CHECK_CONSUMER) timestamp=6455 ms, used_size=7536640 bytes (18.4%)
(RDMA_READ_CONSUME_CHECK_CONSUMER) timestamp=6455 ms, used_size=7534592 bytes (18.4%)
(RDMA_READ_CONSUME_CHECK_CONSUMER) timestamp=6455 ms, used_size=7532544 bytes (18.4%)
(RDMA_READ_CONSUME_CHECK_CONSUMER) timestamp=6455 ms, used_size=7530496 bytes (18.4%)
(RDMA_READ_CONSUME_CHECK_CONSUMER) timestamp=6455 ms, used_size=7528448 bytes (18.4%)
(RDMA_READ_CONSUME_CHECK_CONSUMER) timestamp=6455 ms, used_size=7526400 bytes (18.4%)
(RDMA_READ_CONSUME_CHECK_CONSUMER) timestamp=6455 ms, used_size=7524352 bytes (18.4%)
(RDMA_READ_CONSUME_CHECK_CONSUMER) timestamp=6455 ms, used_size=7522304 bytes (18.4%)
(RDMA_READ_CONSUME_CHECK_CONSUMER) timestamp=6455 ms, used_size=7520256 bytes (18.4%)
(RDMA_READ_CONSUME_CHECK_CONSUMER) timestamp=6455 ms, used_size=7518208 bytes (18.4%)
(RDMA_READ_CONSUME_CHECK_CONSUMER) timestamp=6455 ms, used_size=7516160 bytes (18.4%)
(RDMA_READ_CONSUME_CHECK_CONSUMER) timestamp=6455 ms, used_size=7514112 bytes (18.3%)
(RDMA_READ_CONSUME_CHECK_CONSUMER) timestamp=6455 ms, used_size=7512064 bytes (18.3%)
(RDMA_READ_CONSUME_CHECK_CONSUMER) timestamp=6455 ms, used_size=7510016 bytes (18.3%)
(RDMA_READ_CONSUME_CHECK_CONSUMER) timestamp=6455 ms, used_size=7507968 bytes (18.3%)
(RDMA_READ_CONSUME_CHECK_CONSUMER) timestamp=6455 ms, used_size=7505920 bytes (18.3%)
(RDMA_READ_CONSUME_CHECK_CONSUMER) timestamp=6455 ms, used_size=7503872 bytes (18.3%)
(RDMA_READ_CONSUME_CHECK_CONSUMER) timestamp=6455 ms, used_size=7501824 bytes (18.3%)
(RDMA_READ_CONSUME_CHECK_CONSUMER) timestamp=6455 ms, used_size=7499776 bytes (18.3%)
(RDMA_READ_CONSUME_CHECK_CONSUMER) timestamp=6455 ms, used_size=7497728 bytes (18.3%)
(RDMA_READ_CONSUME_CHECK_CONSUMER) timestamp=6455 ms, used_size=7495680 bytes (18.3%)
(RDMA_READ_CONSUME_CHECK_CONSUMER) timestamp=6455 ms, used_size=7493632 bytes (18.3%)
(RDMA_READ_CONSUME_CHECK_CONSUMER) timestamp=6455 ms, used_size=7491584 bytes (18.3%)
(RDMA_READ_CONSUME_CHECK_CONSUMER) timestamp=6455 ms, used_size=7489536 bytes (18.3%)
(RDMA_READ_CONSUME_CHECK_CONSUMER) timestamp=6455 ms, used_size=7487488 bytes (18.3%)
(RDMA_READ_CONSUME_CHECK_CONSUMER) timestamp=6455 ms, used_size=7485440 bytes (18.3%)
(RDMA_READ_CONSUME_CHECK_CONSUMER) timestamp=6455 ms, used_size=7483392 bytes (18.3%)
(RDMA_READ_CONSUME_CHECK_CONSUMER) timestamp=6455 ms, used_size=7481344 bytes (18.3%)
(RDMA_READ_CONSUME_CHECK_CONSUMER) timestamp=6455 ms, used_size=7479296 bytes (18.3%)
(RDMA_READ_CONSUME_CHECK_CONSUMER) timestamp=6455 ms, used_size=7477248 bytes (18.3%)
(RDMA_READ_CONSUME_CHECK_CONSUMER) timestamp=6455 ms, used_size=7475200 bytes (18.2%)
(RDMA_READ_CONSUME_CHECK_CONSUMER) timestamp=6455 ms, used_size=7473152 bytes (18.2%)
(RDMA_READ_CONSUME_CHECK_CONSUMER) timestamp=6455 ms, used_size=7471104 bytes (18.2%)
(RDMA_READ_CONSUME_CHECK_CONSUMER) timestamp=6455 ms, used_size=7469056 bytes (18.2%)
(RDMA_READ_CONSUME_CHECK_CONSUMER) timestamp=6455 ms, used_size=7467008 bytes (18.2%)
(RDMA_READ_CONSUME_CHECK_CONSUMER) timestamp=6455 ms, used_size=7464960 bytes (18.2%)
(RDMA_READ_CONSUME_CHECK_CONSUMER) timestamp=6455 ms, used_size=7462912 bytes (18.2%)
(RDMA_READ_CONSUME_CHECK_CONSUMER) timestamp=6455 ms, used_size=7460864 bytes (18.2%)
(RDMA_READ_CONSUME_CHECK_CONSUMER) timestamp=6455 ms, used_size=7458816 bytes (18.2%)
(RDMA_READ_CONSUME_CHECK_CONSUMER) timestamp=6455 ms, used_size=7456768 bytes (18.2%)
(RDMA_READ_CONSUME_CHECK_CONSUMER) timestamp=6455 ms, used_size=7454720 bytes (18.2%)
(RDMA_READ_CONSUME_CHECK_CONSUMER) timestamp=6455 ms, used_size=7452672 bytes (18.2%)
(RDMA_READ_CONSUME_CHECK_CONSUMER) timestamp=6455 ms, used_size=7450624 bytes (18.2%)
(RDMA_READ_CONSUME_CHECK_CONSUMER) timestamp=6455 ms, used_size=7448576 bytes (18.2%)
(RDMA_READ_CONSUME_CHECK_CONSUMER) timestamp=6456 ms, used_size=7446528 bytes (18.2%)
(RDMA_READ_CONSUME_CHECK_CONSUMER) timestamp=6456 ms, used_size=7444480 bytes (18.2%)
(RDMA_READ_CONSUME_CHECK_CONSUMER) timestamp=6456 ms, used_size=7442432 bytes (18.2%)
(RDMA_READ_CONSUME_CHECK_CONSUMER) timestamp=6456 ms, used_size=7440384 bytes (18.2%)
(RDMA_READ_CONSUME_CHECK_CONSUMER) timestamp=6456 ms, used_size=7438336 bytes (18.2%)
(RDMA_READ_CONSUME_CHECK_CONSUMER) timestamp=6456 ms, used_size=7436288 bytes (18.2%)
(RDMA_READ_CONSUME_CHECK_CONSUMER) timestamp=6456 ms, used_size=7434240 bytes (18.1%)
(RDMA_READ_CONSUME_CHECK_CONSUMER) timestamp=6456 ms, used_size=7432192 bytes (18.1%)
(RDMA_READ_CONSUME_CHECK_CONSUMER) timestamp=6456 ms, used_size=7430144 bytes (18.1%)
(RDMA_READ_CONSUME_CHECK_CONSUMER) timestamp=6456 ms, used_size=7428096 bytes (18.1%)
(RDMA_READ_CONSUME_CHECK_CONSUMER) timestamp=6456 ms, used_size=7426048 bytes (18.1%)
(RDMA_READ_CONSUME_CHECK_CONSUMER) timestamp=6456 ms, used_size=7424000 bytes (18.1%)
(RDMA_READ_CONSUME_CHECK_CONSUMER) timestamp=6456 ms, used_size=7421952 bytes (18.1%)
(RDMA_READ_CONSUME_CHECK_CONSUMER) timestamp=6456 ms, used_size=7419904 bytes (18.1%)
(RDMA_READ_CONSUME_CHECK_CONSUMER) timestamp=6456 ms, used_size=7417856 bytes (18.1%)
(RDMA_READ_CONSUME_CHECK_CONSUMER) timestamp=6456 ms, used_size=7415808 bytes (18.1%)
(RDMA_READ_CONSUME_CHECK_CONSUMER) timestamp=6456 ms, used_size=7413760 bytes (18.1%)
(RDMA_READ_CONSUME_CHECK_CONSUMER) timestamp=6456 ms, used_size=7411712 bytes (18.1%)
(RDMA_READ_CONSUME_CHECK_CONSUMER) timestamp=6456 ms, used_size=7409664 bytes (18.1%)
(RDMA_READ_CONSUME_CHECK_CONSUMER) timestamp=6456 ms, used_size=7407616 bytes (18.1%)
(RDMA_READ_CONSUME_CHECK_CONSUMER) timestamp=6456 ms, used_size=7405568 bytes (18.1%)
(RDMA_READ_CONSUME_CHECK_CONSUMER) timestamp=6456 ms, used_size=7403520 bytes (18.1%)
(RDMA_READ_CONSUME_CHECK_CONSUMER) timestamp=6456 ms, used_size=7401472 bytes (18.1%)
(RDMA_READ_CONSUME_CHECK_CONSUMER) timestamp=6456 ms, used_size=7399424 bytes (18.1%)
(RDMA_READ_CONSUME_CHECK_CONSUMER) timestamp=6456 ms, used_size=7397376 bytes (18.1%)
(RDMA_READ_CONSUME_CHECK_CONSUMER) timestamp=6456 ms, used_size=7395328 bytes (18.1%)
(RDMA_READ_CONSUME_CHECK_CONSUMER) timestamp=6456 ms, used_size=7393280 bytes (18.1%)
(RDMA_READ_CONSUME_CHECK_CONSUMER) timestamp=6456 ms, used_size=7391232 bytes (18.0%)
(RDMA_READ_CONSUME_CHECK_CONSUMER) timestamp=6456 ms, used_size=7389184 bytes (18.0%)
(RDMA_READ_CONSUME_CHECK_CONSUMER) timestamp=6456 ms, used_size=7387136 bytes (18.0%)
(RDMA_READ_CONSUME_CHECK_CONSUMER) timestamp=6456 ms, used_size=7385088 bytes (18.0%)
(RDMA_READ_CONSUME_CHECK_CONSUMER) timestamp=6456 ms, used_size=7383040 bytes (18.0%)
(RDMA_READ_CONSUME_CHECK_CONSUMER) timestamp=6456 ms, used_size=7380992 bytes (18.0%)
(RDMA_READ_CONSUME_CHECK_CONSUMER) timestamp=6456 ms, used_size=7378944 bytes (18.0%)
(RDMA_READ_CONSUME_CHECK_CONSUMER) timestamp=6456 ms, used_size=7376896 bytes (18.0%)
(RDMA_READ_CONSUME_CHECK_CONSUMER) timestamp=6456 ms, used_size=7374848 bytes (18.0%)
(RDMA_READ_CONSUME_CHECK_CONSUMER) timestamp=6456 ms, used_size=7372800 bytes (18.0%)
(RDMA_READ_CONSUME_CHECK_CONSUMER) timestamp=6456 ms, used_size=7370752 bytes (18.0%)
(RDMA_READ_CONSUME_CHECK_CONSUMER) timestamp=6456 ms, used_size=7368704 bytes (18.0%)
(RDMA_READ_CONSUME_CHECK_CONSUMER) timestamp=6456 ms, used_size=7366656 bytes (18.0%)
(RDMA_READ_CONSUME_CHECK_CONSUMER) timestamp=6456 ms, used_size=7364608 bytes (18.0%)
(RDMA_READ_CONSUME_CHECK_CONSUMER) timestamp=6456 ms, used_size=7362560 bytes (18.0%)
(RDMA_READ_CONSUME_CHECK_CONSUMER) timestamp=6456 ms, used_size=7360512 bytes (18.0%)
(RDMA_READ_CONSUME_CHECK_CONSUMER) timestamp=6456 ms, used_size=7358464 bytes (18.0%)
(RDMA_READ_CONSUME_CHECK_CONSUMER) timestamp=6456 ms, used_size=7356416 bytes (18.0%)
(RDMA_READ_CONSUME_CHECK_CONSUMER) timestamp=6456 ms, used_size=7354368 bytes (18.0%)
(RDMA_READ_CONSUME_CHECK_CONSUMER) timestamp=6456 ms, used_size=7352320 bytes (17.9%)
(RDMA_READ_CONSUME_CHECK_CONSUMER) timestamp=6456 ms, used_size=7350272 bytes (17.9%)
(RDMA_READ_CONSUME_CHECK_CONSUMER) timestamp=6456 ms, used_size=7348224 bytes (17.9%)
(RDMA_READ_CONSUME_CHECK_CONSUMER) timestamp=6456 ms, used_size=7346176 bytes (17.9%)
(RDMA_READ_CONSUME_CHECK_CONSUMER) timestamp=6456 ms, used_size=7344128 bytes (17.9%)
(RDMA_READ_CONSUME_CHECK_CONSUMER) timestamp=6456 ms, used_size=7342080 bytes (17.9%)
(RDMA_READ_CONSUME_CHECK_CONSUMER) timestamp=6456 ms, used_size=7340032 bytes (17.9%)
(RDMA_READ_CONSUME_CHECK_CONSUMER) timestamp=6456 ms, used_size=7337984 bytes (17.9%)
(RDMA_READ_CONSUME_CHECK_CONSUMER) timestamp=6456 ms, used_size=7335936 bytes (17.9%)
(RDMA_READ_CONSUME_CHECK_CONSUMER) timestamp=6456 ms, used_size=7333888 bytes (17.9%)
(RDMA_READ_CONSUME_CHECK_CONSUMER) timestamp=6456 ms, used_size=7331840 bytes (17.9%)
(RDMA_READ_CONSUME_CHECK_CONSUMER) timestamp=6456 ms, used_size=7329792 bytes (17.9%)
(RDMA_READ_CONSUME_CHECK_CONSUMER) timestamp=6456 ms, used_size=7327744 bytes (17.9%)
(RDMA_READ_CONSUME_CHECK_CONSUMER) timestamp=6456 ms, used_size=7325696 bytes (17.9%)
(RDMA_READ_CONSUME_CHECK_CONSUMER) timestamp=6456 ms, used_size=7323648 bytes (17.9%)
(RDMA_READ_CONSUME_CHECK_CONSUMER) timestamp=6456 ms, used_size=7321600 bytes (17.9%)
(RDMA_READ_CONSUME_CHECK_CONSUMER) timestamp=6456 ms, used_size=7319552 bytes (17.9%)
(RDMA_READ_CONSUME_CHECK_CONSUMER) timestamp=6456 ms, used_size=7317504 bytes (17.9%)
(RDMA_READ_CONSUME_CHECK_CONSUMER) timestamp=6456 ms, used_size=7315456 bytes (17.9%)
(RDMA_READ_CONSUME_CHECK_CONSUMER) timestamp=6456 ms, used_size=7313408 bytes (17.9%)
(RDMA_READ_CONSUME_CHECK_CONSUMER) timestamp=6456 ms, used_size=7311360 bytes (17.9%)
(RDMA_READ_CONSUME_CHECK_CONSUMER) timestamp=6456 ms, used_size=7309312 bytes (17.8%)
(RDMA_READ_CONSUME_CHECK_CONSUMER) timestamp=6456 ms, used_size=7307264 bytes (17.8%)
(RDMA_READ_CONSUME_CHECK_CONSUMER) timestamp=6456 ms, used_size=7305216 bytes (17.8%)
(RDMA_READ_CONSUME_CHECK_CONSUMER) timestamp=6456 ms, used_size=7303168 bytes (17.8%)
(RDMA_READ_CONSUME_CHECK_CONSUMER) timestamp=6456 ms, used_size=7301120 bytes (17.8%)
(RDMA_READ_CONSUME_CHECK_CONSUMER) timestamp=6456 ms, used_size=7299072 bytes (17.8%)
(RDMA_READ_CONSUME_CHECK_CONSUMER) timestamp=6456 ms, used_size=7297024 bytes (17.8%)
(RDMA_READ_CONSUME_CHECK_CONSUMER) timestamp=6456 ms, used_size=7294976 bytes (17.8%)
(RDMA_READ_CONSUME_CHECK_CONSUMER) timestamp=6456 ms, used_size=7292928 bytes (17.8%)
(RDMA_READ_CONSUME_CHECK_CONSUMER) timestamp=6456 ms, used_size=7290880 bytes (17.8%)
(RDMA_READ_CONSUME_CHECK_CONSUMER) timestamp=6456 ms, used_size=7288832 bytes (17.8%)
(RDMA_READ_CONSUME_CHECK_CONSUMER) timestamp=6456 ms, used_size=7286784 bytes (17.8%)
(RDMA_READ_CONSUME_CHECK_CONSUMER) timestamp=6456 ms, used_size=7284736 bytes (17.8%)
(RDMA_READ_CONSUME_CHECK_CONSUMER) timestamp=6456 ms, used_size=7282688 bytes (17.8%)
(RDMA_READ_CONSUME_CHECK_CONSUMER) timestamp=6456 ms, used_size=7280640 bytes (17.8%)
(RDMA_READ_CONSUME_CHECK_CONSUMER) timestamp=6456 ms, used_size=7278592 bytes (17.8%)
(RDMA_READ_CONSUME_CHECK_CONSUMER) timestamp=6456 ms, used_size=7276544 bytes (17.8%)
(RDMA_READ_CONSUME_CHECK_CONSUMER) timestamp=6456 ms, used_size=7274496 bytes (17.8%)
(RDMA_READ_CONSUME_CHECK_CONSUMER) timestamp=6456 ms, used_size=7272448 bytes (17.8%)
(RDMA_READ_CONSUME_CHECK_CONSUMER) timestamp=6456 ms, used_size=7270400 bytes (17.8%)
(RDMA_READ_CONSUME_CHECK_CONSUMER) timestamp=6456 ms, used_size=7268352 bytes (17.7%)
(RDMA_READ_CONSUME_CHECK_CONSUMER) timestamp=6456 ms, used_size=7266304 bytes (17.7%)
(RDMA_READ_CONSUME_CHECK_CONSUMER) timestamp=6456 ms, used_size=7264256 bytes (17.7%)
(RDMA_READ_CONSUME_CHECK_CONSUMER) timestamp=6456 ms, used_size=7262208 bytes (17.7%)
(RDMA_READ_CONSUME_CHECK_CONSUMER) timestamp=6456 ms, used_size=7260160 bytes (17.7%)
(RDMA_READ_CONSUME_CHECK_CONSUMER) timestamp=6456 ms, used_size=7258112 bytes (17.7%)
(RDMA_READ_CONSUME_CHECK_CONSUMER) timestamp=6456 ms, used_size=7256064 bytes (17.7%)
(RDMA_READ_CONSUME_CHECK_CONSUMER) timestamp=6456 ms, used_size=7254016 bytes (17.7%)
(RDMA_READ_CONSUME_CHECK_CONSUMER) timestamp=6456 ms, used_size=7251968 bytes (17.7%)
(RDMA_READ_CONSUME_CHECK_CONSUMER) timestamp=6456 ms, used_size=7249920 bytes (17.7%)
(RDMA_READ_CONSUME_CHECK_CONSUMER) timestamp=6456 ms, used_size=7247872 bytes (17.7%)
(RDMA_READ_CONSUME_CHECK_CONSUMER) timestamp=6456 ms, used_size=7245824 bytes (17.7%)
(RDMA_READ_CONSUME_CHECK_CONSUMER) timestamp=6456 ms, used_size=7243776 bytes (17.7%)
(RDMA_READ_CONSUME_CHECK_CONSUMER) timestamp=6456 ms, used_size=7241728 bytes (17.7%)
(RDMA_READ_CONSUME_CHECK_CONSUMER) timestamp=6456 ms, used_size=7239680 bytes (17.7%)
(RDMA_READ_CONSUME_CHECK_CONSUMER) timestamp=6456 ms, used_size=7237632 bytes (17.7%)
(RDMA_READ_CONSUME_CHECK_CONSUMER) timestamp=6456 ms, used_size=7235584 bytes (17.7%)
(RDMA_READ_CONSUME_CHECK_CONSUMER) timestamp=6456 ms, used_size=7233536 bytes (17.7%)
(RDMA_READ_CONSUME_CHECK_CONSUMER) timestamp=6456 ms, used_size=7231488 bytes (17.7%)
(RDMA_READ_CONSUME_CHECK_CONSUMER) timestamp=6456 ms, used_size=7229440 bytes (17.6%)
(RDMA_READ_CONSUME_CHECK_CONSUMER) timestamp=6456 ms, used_size=7227392 bytes (17.6%)
(RDMA_READ_CONSUME_CHECK_CONSUMER) timestamp=6456 ms, used_size=7225344 bytes (17.6%)
(RDMA_READ_CONSUME_CHECK_CONSUMER) timestamp=6456 ms, used_size=7223296 bytes (17.6%)
(RDMA_READ_CONSUME_CHECK_CONSUMER) timestamp=6456 ms, used_size=7221248 bytes (17.6%)
(RDMA_READ_CONSUME_CHECK_CONSUMER) timestamp=6456 ms, used_size=7219200 bytes (17.6%)
(RDMA_READ_CONSUME_CHECK_CONSUMER) timestamp=6456 ms, used_size=7217152 bytes (17.6%)
(RDMA_READ_CONSUME_CHECK_CONSUMER) timestamp=6456 ms, used_size=7215104 bytes (17.6%)
(RDMA_READ_CONSUME_CHECK_CONSUMER) timestamp=6456 ms, used_size=7213056 bytes (17.6%)
(RDMA_READ_CONSUME_CHECK_CONSUMER) timestamp=6456 ms, used_size=7211008 bytes (17.6%)
(RDMA_READ_CONSUME_CHECK_CONSUMER) timestamp=6456 ms, used_size=7208960 bytes (17.6%)
(RDMA_READ_CONSUME_CHECK_CONSUMER) timestamp=6456 ms, used_size=7206912 bytes (17.6%)
(RDMA_READ_CONSUME_CHECK_CONSUMER) timestamp=6456 ms, used_size=7204864 bytes (17.6%)
(RDMA_READ_CONSUME_CHECK_CONSUMER) timestamp=6456 ms, used_size=7202816 bytes (17.6%)
(RDMA_READ_CONSUME_CHECK_CONSUMER) timestamp=6456 ms, used_size=7200768 bytes (17.6%)
(RDMA_READ_CONSUME_CHECK_CONSUMER) timestamp=6456 ms, used_size=7198720 bytes (17.6%)
(RDMA_READ_CONSUME_CHECK_CONSUMER) timestamp=6456 ms, used_size=7196672 bytes (17.6%)
(RDMA_READ_CONSUME_CHECK_CONSUMER) timestamp=6456 ms, used_size=7194624 bytes (17.6%)
(RDMA_READ_CONSUME_CHECK_CONSUMER) timestamp=6456 ms, used_size=7192576 bytes (17.6%)
(RDMA_READ_CONSUME_CHECK_CONSUMER) timestamp=6456 ms, used_size=7190528 bytes (17.6%)
(RDMA_READ_CONSUME_CHECK_CONSUMER) timestamp=6456 ms, used_size=7188480 bytes (17.6%)
(RDMA_READ_CONSUME_CHECK_CONSUMER) timestamp=6456 ms, used_size=7186432 bytes (17.5%)
(RDMA_READ_CONSUME_CHECK_CONSUMER) timestamp=6456 ms, used_size=7184384 bytes (17.5%)
(RDMA_READ_CONSUME_CHECK_CONSUMER) timestamp=6456 ms, used_size=7182336 bytes (17.5%)
(RDMA_READ_CONSUME_CHECK_CONSUMER) timestamp=6456 ms, used_size=7180288 bytes (17.5%)
(RDMA_READ_CONSUME_CHECK_CONSUMER) timestamp=6456 ms, used_size=7178240 bytes (17.5%)
(RDMA_READ_CONSUME_CHECK_CONSUMER) timestamp=6456 ms, used_size=7176192 bytes (17.5%)
(RDMA_READ_CONSUME_CHECK_CONSUMER) timestamp=6456 ms, used_size=7174144 bytes (17.5%)
(RDMA_READ_CONSUME_CHECK_CONSUMER) timestamp=6456 ms, used_size=7172096 bytes (17.5%)
(RDMA_READ_CONSUME_CHECK_CONSUMER) timestamp=6456 ms, used_size=7170048 bytes (17.5%)
(RDMA_READ_CONSUME_CHECK_CONSUMER) timestamp=6456 ms, used_size=7168000 bytes (17.5%)
(RDMA_READ_CONSUME_CHECK_CONSUMER) timestamp=6456 ms, used_size=7165952 bytes (17.5%)
(RDMA_READ_CONSUME_CHECK_CONSUMER) timestamp=6456 ms, used_size=7163904 bytes (17.5%)
(RDMA_READ_CONSUME_CHECK_CONSUMER) timestamp=6456 ms, used_size=7161856 bytes (17.5%)
(RDMA_READ_CONSUME_CHECK_CONSUMER) timestamp=6456 ms, used_size=7159808 bytes (17.5%)
(RDMA_READ_CONSUME_CHECK_CONSUMER) timestamp=6456 ms, used_size=7157760 bytes (17.5%)
(RDMA_READ_CONSUME_CHECK_CONSUMER) timestamp=6456 ms, used_size=7155712 bytes (17.5%)
(RDMA_READ_CONSUME_CHECK_CONSUMER) timestamp=6456 ms, used_size=7153664 bytes (17.5%)
(RDMA_READ_CONSUME_CHECK_CONSUMER) timestamp=6456 ms, used_size=7151616 bytes (17.5%)
(RDMA_READ_CONSUME_CHECK_CONSUMER) timestamp=6456 ms, used_size=7149568 bytes (17.5%)
(RDMA_READ_CONSUME_CHECK_CONSUMER) timestamp=6456 ms, used_size=7147520 bytes (17.4%)
(RDMA_READ_CONSUME_CHECK_CONSUMER) timestamp=6456 ms, used_size=7145472 bytes (17.4%)
(RDMA_READ_CONSUME_CHECK_CONSUMER) timestamp=6456 ms, used_size=7143424 bytes (17.4%)
(RDMA_READ_CONSUME_CHECK_CONSUMER) timestamp=6456 ms, used_size=7141376 bytes (17.4%)
(RDMA_READ_CONSUME_CHECK_CONSUMER) timestamp=6456 ms, used_size=7139328 bytes (17.4%)
(RDMA_READ_CONSUME_CHECK_CONSUMER) timestamp=6456 ms, used_size=7137280 bytes (17.4%)
(RDMA_READ_CONSUME_CHECK_CONSUMER) timestamp=6456 ms, used_size=7135232 bytes (17.4%)
(RDMA_READ_CONSUME_CHECK_CONSUMER) timestamp=6456 ms, used_size=7133184 bytes (17.4%)
(RDMA_READ_CONSUME_CHECK_CONSUMER) timestamp=6456 ms, used_size=7131136 bytes (17.4%)
(RDMA_READ_CONSUME_CHECK_CONSUMER) timestamp=6456 ms, used_size=7129088 bytes (17.4%)
(RDMA_READ_CONSUME_CHECK_CONSUMER) timestamp=6456 ms, used_size=7127040 bytes (17.4%)
(RDMA_READ_CONSUME_CHECK_CONSUMER) timestamp=6456 ms, used_size=7124992 bytes (17.4%)
(RDMA_READ_CONSUME_CHECK_CONSUMER) timestamp=6456 ms, used_size=7122944 bytes (17.4%)
(RDMA_READ_CONSUME_CHECK_CONSUMER) timestamp=6456 ms, used_size=7120896 bytes (17.4%)
(RDMA_READ_CONSUME_CHECK_CONSUMER) timestamp=6456 ms, used_size=7118848 bytes (17.4%)
(RDMA_READ_CONSUME_CHECK_CONSUMER) timestamp=6456 ms, used_size=7116800 bytes (17.4%)
(RDMA_READ_CONSUME_CHECK_CONSUMER) timestamp=6456 ms, used_size=7114752 bytes (17.4%)
(RDMA_READ_CONSUME_CHECK_CONSUMER) timestamp=6456 ms, used_size=7112704 bytes (17.4%)
(RDMA_READ_CONSUME_CHECK_CONSUMER) timestamp=6456 ms, used_size=7110656 bytes (17.4%)
(RDMA_READ_CONSUME_CHECK_CONSUMER) timestamp=6456 ms, used_size=7108608 bytes (17.4%)
(RDMA_READ_CONSUME_CHECK_CONSUMER) timestamp=6456 ms, used_size=7106560 bytes (17.4%)
(RDMA_READ_CONSUME_CHECK_CONSUMER) timestamp=6456 ms, used_size=7104512 bytes (17.3%)
(RDMA_READ_CONSUME_CHECK_CONSUMER) timestamp=6456 ms, used_size=7102464 bytes (17.3%)
(RDMA_READ_CONSUME_CHECK_CONSUMER) timestamp=6456 ms, used_size=7100416 bytes (17.3%)
(RDMA_READ_CONSUME_CHECK_CONSUMER) timestamp=6456 ms, used_size=7098368 bytes (17.3%)
(RDMA_READ_CONSUME_CHECK_CONSUMER) timestamp=6456 ms, used_size=7096320 bytes (17.3%)
(RDMA_READ_CONSUME_CHECK_CONSUMER) timestamp=6456 ms, used_size=7094272 bytes (17.3%)
(RDMA_READ_CONSUME_CHECK_CONSUMER) timestamp=6456 ms, used_size=7092224 bytes (17.3%)
(RDMA_READ_CONSUME_CHECK_CONSUMER) timestamp=6456 ms, used_size=7090176 bytes (17.3%)
(RDMA_READ_CONSUME_CHECK_CONSUMER) timestamp=6456 ms, used_size=7088128 bytes (17.3%)
(RDMA_READ_CONSUME_CHECK_CONSUMER) timestamp=6456 ms, used_size=7086080 bytes (17.3%)
(RDMA_READ_CONSUME_CHECK_CONSUMER) timestamp=6456 ms, used_size=7084032 bytes (17.3%)
(RDMA_READ_CONSUME_CHECK_CONSUMER) timestamp=6456 ms, used_size=7081984 bytes (17.3%)
(RDMA_READ_CONSUME_CHECK_CONSUMER) timestamp=6457 ms, used_size=7079936 bytes (17.3%)
(RDMA_READ_CONSUME_CHECK_CONSUMER) timestamp=6457 ms, used_size=7077888 bytes (17.3%)
(RDMA_READ_CONSUME_CHECK_CONSUMER) timestamp=6457 ms, used_size=7075840 bytes (17.3%)
(RDMA_READ_CONSUME_CHECK_CONSUMER) timestamp=6457 ms, used_size=7073792 bytes (17.3%)
(RDMA_READ_CONSUME_CHECK_CONSUMER) timestamp=6457 ms, used_size=7071744 bytes (17.3%)
(RDMA_READ_CONSUME_CHECK_CONSUMER) timestamp=6457 ms, used_size=7069696 bytes (17.3%)
(RDMA_READ_CONSUME_CHECK_CONSUMER) timestamp=6457 ms, used_size=7067648 bytes (17.3%)
(RDMA_READ_CONSUME_CHECK_CONSUMER) timestamp=6457 ms, used_size=7065600 bytes (17.2%)
(RDMA_READ_CONSUME_CHECK_CONSUMER) timestamp=6457 ms, used_size=7063552 bytes (17.2%)
(RDMA_READ_CONSUME_CHECK_CONSUMER) timestamp=6457 ms, used_size=7061504 bytes (17.2%)
(RDMA_READ_CONSUME_CHECK_CONSUMER) timestamp=6457 ms, used_size=7059456 bytes (17.2%)
(RDMA_READ_CONSUME_CHECK_CONSUMER) timestamp=6457 ms, used_size=7057408 bytes (17.2%)
(RDMA_READ_CONSUME_CHECK_CONSUMER) timestamp=6457 ms, used_size=7055360 bytes (17.2%)
(RDMA_READ_CONSUME_CHECK_CONSUMER) timestamp=6457 ms, used_size=7053312 bytes (17.2%)
(RDMA_READ_CONSUME_CHECK_CONSUMER) timestamp=6457 ms, used_size=7051264 bytes (17.2%)
(RDMA_READ_CONSUME_CHECK_CONSUMER) timestamp=6457 ms, used_size=7049216 bytes (17.2%)
(RDMA_READ_CONSUME_CHECK_CONSUMER) timestamp=6457 ms, used_size=7047168 bytes (17.2%)
(RDMA_READ_CONSUME_CHECK_CONSUMER) timestamp=6457 ms, used_size=7045120 bytes (17.2%)
(RDMA_READ_CONSUME_CHECK_CONSUMER) timestamp=6457 ms, used_size=7043072 bytes (17.2%)
(RDMA_READ_CONSUME_CHECK_CONSUMER) timestamp=6457 ms, used_size=7041024 bytes (17.2%)
(RDMA_READ_CONSUME_CHECK_CONSUMER) timestamp=6457 ms, used_size=7038976 bytes (17.2%)
(RDMA_READ_CONSUME_CHECK_CONSUMER) timestamp=6457 ms, used_size=7036928 bytes (17.2%)
(RDMA_READ_CONSUME_CHECK_CONSUMER) timestamp=6457 ms, used_size=7034880 bytes (17.2%)
(RDMA_READ_CONSUME_CHECK_CONSUMER) timestamp=6457 ms, used_size=7032832 bytes (17.2%)
(RDMA_READ_CONSUME_CHECK_CONSUMER) timestamp=6457 ms, used_size=7030784 bytes (17.2%)
(RDMA_READ_CONSUME_CHECK_CONSUMER) timestamp=6457 ms, used_size=7028736 bytes (17.2%)
(RDMA_READ_CONSUME_CHECK_CONSUMER) timestamp=6457 ms, used_size=7026688 bytes (17.2%)
(RDMA_READ_CONSUME_CHECK_CONSUMER) timestamp=6457 ms, used_size=7024640 bytes (17.1%)
(RDMA_READ_CONSUME_CHECK_CONSUMER) timestamp=6457 ms, used_size=7022592 bytes (17.1%)
(RDMA_READ_CONSUME_CHECK_CONSUMER) timestamp=6457 ms, used_size=7020544 bytes (17.1%)
(RDMA_READ_CONSUME_CHECK_CONSUMER) timestamp=6457 ms, used_size=7018496 bytes (17.1%)
(RDMA_READ_CONSUME_CHECK_CONSUMER) timestamp=6457 ms, used_size=7016448 bytes (17.1%)
(RDMA_READ_CONSUME_CHECK_CONSUMER) timestamp=6457 ms, used_size=7014400 bytes (17.1%)
(RDMA_READ_CONSUME_CHECK_CONSUMER) timestamp=6457 ms, used_size=7012352 bytes (17.1%)
(RDMA_READ_CONSUME_CHECK_CONSUMER) timestamp=6457 ms, used_size=7010304 bytes (17.1%)
(RDMA_READ_CONSUME_CHECK_CONSUMER) timestamp=6457 ms, used_size=7008256 bytes (17.1%)
(RDMA_READ_CONSUME_CHECK_CONSUMER) timestamp=6457 ms, used_size=7006208 bytes (17.1%)
(RDMA_READ_CONSUME_CHECK_CONSUMER) timestamp=6457 ms, used_size=7004160 bytes (17.1%)
(RDMA_READ_CONSUME_CHECK_CONSUMER) timestamp=6457 ms, used_size=7002112 bytes (17.1%)
(RDMA_READ_CONSUME_CHECK_CONSUMER) timestamp=6457 ms, used_size=7000064 bytes (17.1%)
(RDMA_READ_CONSUME_CHECK_CONSUMER) timestamp=6457 ms, used_size=6998016 bytes (17.1%)
(RDMA_READ_CONSUME_CHECK_CONSUMER) timestamp=6457 ms, used_size=6995968 bytes (17.1%)
(RDMA_READ_CONSUME_CHECK_CONSUMER) timestamp=6457 ms, used_size=6993920 bytes (17.1%)
(RDMA_READ_CONSUME_CHECK_CONSUMER) timestamp=6457 ms, used_size=6991872 bytes (17.1%)
(RDMA_READ_CONSUME_CHECK_CONSUMER) timestamp=6457 ms, used_size=6989824 bytes (17.1%)
(RDMA_READ_CONSUME_CHECK_CONSUMER) timestamp=6457 ms, used_size=6987776 bytes (17.1%)
(RDMA_READ_CONSUME_CHECK_CONSUMER) timestamp=6457 ms, used_size=6985728 bytes (17.1%)
(RDMA_READ_CONSUME_CHECK_CONSUMER) timestamp=6457 ms, used_size=6983680 bytes (17.1%)
(RDMA_READ_CONSUME_CHECK_CONSUMER) timestamp=6457 ms, used_size=6981632 bytes (17.0%)
(RDMA_READ_CONSUME_CHECK_CONSUMER) timestamp=6457 ms, used_size=6979584 bytes (17.0%)
(RDMA_READ_CONSUME_CHECK_CONSUMER) timestamp=6457 ms, used_size=6977536 bytes (17.0%)
(RDMA_READ_CONSUME_CHECK_CONSUMER) timestamp=6457 ms, used_size=6975488 bytes (17.0%)
(RDMA_READ_CONSUME_CHECK_CONSUMER) timestamp=6457 ms, used_size=6973440 bytes (17.0%)
(RDMA_READ_CONSUME_CHECK_CONSUMER) timestamp=6457 ms, used_size=6971392 bytes (17.0%)
(RDMA_READ_CONSUME_CHECK_CONSUMER) timestamp=6457 ms, used_size=6969344 bytes (17.0%)
(RDMA_READ_CONSUME_CHECK_CONSUMER) timestamp=6457 ms, used_size=6967296 bytes (17.0%)
(RDMA_READ_CONSUME_CHECK_CONSUMER) timestamp=6457 ms, used_size=6965248 bytes (17.0%)
(RDMA_READ_CONSUME_CHECK_CONSUMER) timestamp=6457 ms, used_size=6963200 bytes (17.0%)
(RDMA_READ_CONSUME_CHECK_CONSUMER) timestamp=6457 ms, used_size=6961152 bytes (17.0%)
(RDMA_READ_CONSUME_CHECK_CONSUMER) timestamp=6457 ms, used_size=6959104 bytes (17.0%)
(RDMA_READ_CONSUME_CHECK_CONSUMER) timestamp=6457 ms, used_size=6957056 bytes (17.0%)
(RDMA_READ_CONSUME_CHECK_CONSUMER) timestamp=6457 ms, used_size=6955008 bytes (17.0%)
(RDMA_READ_CONSUME_CHECK_CONSUMER) timestamp=6457 ms, used_size=6952960 bytes (17.0%)
(RDMA_READ_CONSUME_CHECK_CONSUMER) timestamp=6457 ms, used_size=6950912 bytes (17.0%)
(RDMA_READ_CONSUME_CHECK_CONSUMER) timestamp=6457 ms, used_size=6948864 bytes (17.0%)
(RDMA_READ_CONSUME_CHECK_CONSUMER) timestamp=6457 ms, used_size=6946816 bytes (17.0%)
(RDMA_READ_CONSUME_CHECK_CONSUMER) timestamp=6457 ms, used_size=6944768 bytes (17.0%)
(RDMA_READ_CONSUME_CHECK_CONSUMER) timestamp=6457 ms, used_size=6942720 bytes (16.9%)
(RDMA_READ_CONSUME_CHECK_CONSUMER) timestamp=6457 ms, used_size=6940672 bytes (16.9%)
(RDMA_READ_CONSUME_CHECK_CONSUMER) timestamp=6457 ms, used_size=6938624 bytes (16.9%)
(RDMA_READ_CONSUME_CHECK_CONSUMER) timestamp=6457 ms, used_size=6936576 bytes (16.9%)
(RDMA_READ_CONSUME_CHECK_CONSUMER) timestamp=6457 ms, used_size=6934528 bytes (16.9%)
(RDMA_READ_CONSUME_CHECK_CONSUMER) timestamp=6457 ms, used_size=6932480 bytes (16.9%)
(RDMA_READ_CONSUME_CHECK_CONSUMER) timestamp=6457 ms, used_size=6930432 bytes (16.9%)
(RDMA_READ_CONSUME_CHECK_CONSUMER) timestamp=6457 ms, used_size=6928384 bytes (16.9%)
(RDMA_READ_CONSUME_CHECK_CONSUMER) timestamp=6457 ms, used_size=6926336 bytes (16.9%)
(RDMA_READ_CONSUME_CHECK_CONSUMER) timestamp=6457 ms, used_size=6924288 bytes (16.9%)
(RDMA_READ_CONSUME_CHECK_CONSUMER) timestamp=6457 ms, used_size=6922240 bytes (16.9%)
(RDMA_READ_CONSUME_CHECK_CONSUMER) timestamp=6457 ms, used_size=6920192 bytes (16.9%)
(RDMA_READ_CONSUME_CHECK_CONSUMER) timestamp=6457 ms, used_size=6918144 bytes (16.9%)
(RDMA_READ_CONSUME_CHECK_CONSUMER) timestamp=6457 ms, used_size=6916096 bytes (16.9%)
(RDMA_READ_CONSUME_CHECK_CONSUMER) timestamp=6457 ms, used_size=6914048 bytes (16.9%)
(RDMA_READ_CONSUME_CHECK_CONSUMER) timestamp=6457 ms, used_size=6912000 bytes (16.9%)
(RDMA_READ_CONSUME_CHECK_CONSUMER) timestamp=6457 ms, used_size=6909952 bytes (16.9%)
(RDMA_READ_CONSUME_CHECK_CONSUMER) timestamp=6457 ms, used_size=6907904 bytes (16.9%)
(RDMA_READ_CONSUME_CHECK_CONSUMER) timestamp=6457 ms, used_size=6905856 bytes (16.9%)
(RDMA_READ_CONSUME_CHECK_CONSUMER) timestamp=6457 ms, used_size=6903808 bytes (16.9%)
(RDMA_READ_CONSUME_CHECK_CONSUMER) timestamp=6457 ms, used_size=6901760 bytes (16.9%)
(RDMA_READ_CONSUME_CHECK_CONSUMER) timestamp=6457 ms, used_size=6899712 bytes (16.8%)
(RDMA_READ_CONSUME_CHECK_CONSUMER) timestamp=6457 ms, used_size=6897664 bytes (16.8%)
(RDMA_READ_CONSUME_CHECK_CONSUMER) timestamp=6457 ms, used_size=6895616 bytes (16.8%)
(RDMA_READ_CONSUME_CHECK_CONSUMER) timestamp=6457 ms, used_size=6893568 bytes (16.8%)
(RDMA_READ_CONSUME_CHECK_CONSUMER) timestamp=6457 ms, used_size=6891520 bytes (16.8%)
(RDMA_READ_CONSUME_CHECK_CONSUMER) timestamp=6457 ms, used_size=6889472 bytes (16.8%)
(RDMA_READ_CONSUME_CHECK_CONSUMER) timestamp=6457 ms, used_size=6887424 bytes (16.8%)
(RDMA_READ_CONSUME_CHECK_CONSUMER) timestamp=6457 ms, used_size=6885376 bytes (16.8%)
(RDMA_READ_CONSUME_CHECK_CONSUMER) timestamp=6457 ms, used_size=6883328 bytes (16.8%)
(RDMA_READ_CONSUME_CHECK_CONSUMER) timestamp=6457 ms, used_size=6881280 bytes (16.8%)
(RDMA_READ_CONSUME_CHECK_CONSUMER) timestamp=6457 ms, used_size=6879232 bytes (16.8%)
(RDMA_READ_CONSUME_CHECK_CONSUMER) timestamp=6457 ms, used_size=6877184 bytes (16.8%)
(RDMA_READ_CONSUME_CHECK_CONSUMER) timestamp=6457 ms, used_size=6875136 bytes (16.8%)
(RDMA_READ_CONSUME_CHECK_CONSUMER) timestamp=6457 ms, used_size=6873088 bytes (16.8%)
(RDMA_READ_CONSUME_CHECK_CONSUMER) timestamp=6457 ms, used_size=6871040 bytes (16.8%)
(RDMA_READ_CONSUME_CHECK_CONSUMER) timestamp=6457 ms, used_size=6868992 bytes (16.8%)
(RDMA_READ_CONSUME_CHECK_CONSUMER) timestamp=6457 ms, used_size=6866944 bytes (16.8%)
(RDMA_READ_CONSUME_CHECK_CONSUMER) timestamp=6457 ms, used_size=6864896 bytes (16.8%)
(RDMA_READ_CONSUME_CHECK_CONSUMER) timestamp=6457 ms, used_size=6862848 bytes (16.8%)
(RDMA_READ_CONSUME_CHECK_CONSUMER) timestamp=6457 ms, used_size=6860800 bytes (16.8%)
(RDMA_READ_CONSUME_CHECK_CONSUMER) timestamp=6457 ms, used_size=6858752 bytes (16.7%)
(RDMA_READ_CONSUME_CHECK_CONSUMER) timestamp=6457 ms, used_size=6856704 bytes (16.7%)
(RDMA_READ_CONSUME_CHECK_CONSUMER) timestamp=6457 ms, used_size=6854656 bytes (16.7%)
(RDMA_READ_CONSUME_CHECK_CONSUMER) timestamp=6457 ms, used_size=6852608 bytes (16.7%)
(RDMA_READ_CONSUME_CHECK_CONSUMER) timestamp=6457 ms, used_size=6850560 bytes (16.7%)
(RDMA_READ_CONSUME_CHECK_CONSUMER) timestamp=6457 ms, used_size=6848512 bytes (16.7%)
(RDMA_READ_CONSUME_CHECK_CONSUMER) timestamp=6457 ms, used_size=6846464 bytes (16.7%)
(RDMA_READ_CONSUME_CHECK_CONSUMER) timestamp=6457 ms, used_size=6844416 bytes (16.7%)
(RDMA_READ_CONSUME_CHECK_CONSUMER) timestamp=6457 ms, used_size=6842368 bytes (16.7%)
(RDMA_READ_CONSUME_CHECK_CONSUMER) timestamp=6457 ms, used_size=6840320 bytes (16.7%)
(RDMA_READ_CONSUME_CHECK_CONSUMER) timestamp=6457 ms, used_size=6838272 bytes (16.7%)
(RDMA_READ_CONSUME_CHECK_CONSUMER) timestamp=6457 ms, used_size=6836224 bytes (16.7%)
(RDMA_READ_CONSUME_CHECK_CONSUMER) timestamp=6457 ms, used_size=6834176 bytes (16.7%)
(RDMA_READ_CONSUME_CHECK_CONSUMER) timestamp=6457 ms, used_size=6832128 bytes (16.7%)
(RDMA_READ_CONSUME_CHECK_CONSUMER) timestamp=6457 ms, used_size=6830080 bytes (16.7%)
(RDMA_READ_CONSUME_CHECK_CONSUMER) timestamp=6457 ms, used_size=6828032 bytes (16.7%)
(RDMA_READ_CONSUME_CHECK_CONSUMER) timestamp=6457 ms, used_size=6825984 bytes (16.7%)
(RDMA_READ_CONSUME_CHECK_CONSUMER) timestamp=6457 ms, used_size=6823936 bytes (16.7%)
(RDMA_READ_CONSUME_CHECK_CONSUMER) timestamp=6457 ms, used_size=6821888 bytes (16.7%)
(RDMA_READ_CONSUME_CHECK_CONSUMER) timestamp=6457 ms, used_size=6819840 bytes (16.6%)
(RDMA_READ_CONSUME_CHECK_CONSUMER) timestamp=6457 ms, used_size=6817792 bytes (16.6%)
(RDMA_READ_CONSUME_CHECK_CONSUMER) timestamp=6457 ms, used_size=6815744 bytes (16.6%)
(RDMA_READ_CONSUME_CHECK_CONSUMER) timestamp=6457 ms, used_size=6813696 bytes (16.6%)
(RDMA_READ_CONSUME_CHECK_CONSUMER) timestamp=6457 ms, used_size=6811648 bytes (16.6%)
(RDMA_READ_CONSUME_CHECK_CONSUMER) timestamp=6457 ms, used_size=6809600 bytes (16.6%)
(RDMA_READ_CONSUME_CHECK_CONSUMER) timestamp=6457 ms, used_size=6807552 bytes (16.6%)
(RDMA_READ_CONSUME_CHECK_CONSUMER) timestamp=6457 ms, used_size=6805504 bytes (16.6%)
(RDMA_READ_CONSUME_CHECK_CONSUMER) timestamp=6457 ms, used_size=6803456 bytes (16.6%)
(RDMA_READ_CONSUME_CHECK_CONSUMER) timestamp=6457 ms, used_size=6801408 bytes (16.6%)
(RDMA_READ_CONSUME_CHECK_CONSUMER) timestamp=6457 ms, used_size=6799360 bytes (16.6%)
(RDMA_READ_CONSUME_CHECK_CONSUMER) timestamp=6457 ms, used_size=6797312 bytes (16.6%)
(RDMA_READ_CONSUME_CHECK_CONSUMER) timestamp=6457 ms, used_size=6795264 bytes (16.6%)
(RDMA_READ_CONSUME_CHECK_CONSUMER) timestamp=6457 ms, used_size=6793216 bytes (16.6%)
(RDMA_READ_CONSUME_CHECK_CONSUMER) timestamp=6457 ms, used_size=6791168 bytes (16.6%)
(RDMA_READ_CONSUME_CHECK_CONSUMER) timestamp=6457 ms, used_size=6789120 bytes (16.6%)
(RDMA_READ_CONSUME_CHECK_CONSUMER) timestamp=6457 ms, used_size=6787072 bytes (16.6%)
(RDMA_READ_CONSUME_CHECK_CONSUMER) timestamp=6457 ms, used_size=6785024 bytes (16.6%)
(RDMA_READ_CONSUME_CHECK_CONSUMER) timestamp=6457 ms, used_size=6782976 bytes (16.6%)
(RDMA_READ_CONSUME_CHECK_CONSUMER) timestamp=6457 ms, used_size=6780928 bytes (16.6%)
(RDMA_READ_CONSUME_CHECK_CONSUMER) timestamp=6457 ms, used_size=6778880 bytes (16.6%)
(RDMA_READ_CONSUME_CHECK_CONSUMER) timestamp=6457 ms, used_size=6776832 bytes (16.5%)
(RDMA_READ_CONSUME_CHECK_CONSUMER) timestamp=6457 ms, used_size=6774784 bytes (16.5%)
(RDMA_READ_CONSUME_CHECK_CONSUMER) timestamp=6457 ms, used_size=6772736 bytes (16.5%)
(RDMA_READ_CONSUME_CHECK_CONSUMER) timestamp=6457 ms, used_size=6770688 bytes (16.5%)
(RDMA_READ_CONSUME_CHECK_CONSUMER) timestamp=6457 ms, used_size=6768640 bytes (16.5%)
(RDMA_READ_CONSUME_CHECK_CONSUMER) timestamp=6457 ms, used_size=6766592 bytes (16.5%)
(RDMA_READ_CONSUME_CHECK_CONSUMER) timestamp=6457 ms, used_size=6764544 bytes (16.5%)
(RDMA_READ_CONSUME_CHECK_CONSUMER) timestamp=6457 ms, used_size=6762496 bytes (16.5%)
(RDMA_READ_CONSUME_CHECK_CONSUMER) timestamp=6457 ms, used_size=6760448 bytes (16.5%)
(RDMA_READ_CONSUME_CHECK_CONSUMER) timestamp=6457 ms, used_size=6758400 bytes (16.5%)
(RDMA_READ_CONSUME_CHECK_CONSUMER) timestamp=6457 ms, used_size=6756352 bytes (16.5%)
(RDMA_READ_CONSUME_CHECK_CONSUMER) timestamp=6457 ms, used_size=6754304 bytes (16.5%)
(RDMA_READ_CONSUME_CHECK_CONSUMER) timestamp=6457 ms, used_size=6752256 bytes (16.5%)
(RDMA_READ_CONSUME_CHECK_CONSUMER) timestamp=6457 ms, used_size=6750208 bytes (16.5%)
(RDMA_READ_CONSUME_CHECK_CONSUMER) timestamp=6457 ms, used_size=6748160 bytes (16.5%)
(RDMA_READ_CONSUME_CHECK_CONSUMER) timestamp=6457 ms, used_size=6746112 bytes (16.5%)
(RDMA_READ_CONSUME_CHECK_CONSUMER) timestamp=6457 ms, used_size=6744064 bytes (16.5%)
(RDMA_READ_CONSUME_CHECK_CONSUMER) timestamp=6457 ms, used_size=6742016 bytes (16.5%)
(RDMA_READ_CONSUME_CHECK_CONSUMER) timestamp=6457 ms, used_size=6739968 bytes (16.5%)
(RDMA_READ_CONSUME_CHECK_CONSUMER) timestamp=6457 ms, used_size=6737920 bytes (16.4%)
(RDMA_READ_CONSUME_CHECK_CONSUMER) timestamp=6457 ms, used_size=6735872 bytes (16.4%)
(RDMA_READ_CONSUME_CHECK_CONSUMER) timestamp=6457 ms, used_size=6733824 bytes (16.4%)
(RDMA_READ_CONSUME_CHECK_CONSUMER) timestamp=6457 ms, used_size=6731776 bytes (16.4%)
(RDMA_READ_CONSUME_CHECK_CONSUMER) timestamp=6457 ms, used_size=6729728 bytes (16.4%)
(RDMA_READ_CONSUME_CHECK_CONSUMER) timestamp=6457 ms, used_size=6727680 bytes (16.4%)
(RDMA_READ_CONSUME_CHECK_CONSUMER) timestamp=6457 ms, used_size=6725632 bytes (16.4%)
(RDMA_READ_CONSUME_CHECK_CONSUMER) timestamp=6457 ms, used_size=6723584 bytes (16.4%)
(RDMA_READ_CONSUME_CHECK_CONSUMER) timestamp=6457 ms, used_size=6721536 bytes (16.4%)
(RDMA_READ_CONSUME_CHECK_CONSUMER) timestamp=6457 ms, used_size=6719488 bytes (16.4%)
(RDMA_READ_CONSUME_CHECK_CONSUMER) timestamp=6457 ms, used_size=6717440 bytes (16.4%)
(RDMA_READ_CONSUME_CHECK_CONSUMER) timestamp=6457 ms, used_size=6715392 bytes (16.4%)
(RDMA_READ_CONSUME_CHECK_CONSUMER) timestamp=6457 ms, used_size=6713344 bytes (16.4%)
(RDMA_READ_CONSUME_CHECK_CONSUMER) timestamp=6457 ms, used_size=6711296 bytes (16.4%)
(RDMA_READ_CONSUME_CHECK_CONSUMER) timestamp=6458 ms, used_size=6709248 bytes (16.4%)
(RDMA_READ_CONSUME_CHECK_CONSUMER) timestamp=6458 ms, used_size=6707200 bytes (16.4%)
(RDMA_READ_CONSUME_CHECK_CONSUMER) timestamp=6458 ms, used_size=6705152 bytes (16.4%)
(RDMA_READ_CONSUME_CHECK_CONSUMER) timestamp=6458 ms, used_size=6703104 bytes (16.4%)
(RDMA_READ_CONSUME_CHECK_CONSUMER) timestamp=6458 ms, used_size=6701056 bytes (16.4%)
(RDMA_READ_CONSUME_CHECK_CONSUMER) timestamp=6458 ms, used_size=6699008 bytes (16.4%)
(RDMA_READ_CONSUME_CHECK_CONSUMER) timestamp=6458 ms, used_size=6696960 bytes (16.4%)
(RDMA_READ_CONSUME_CHECK_CONSUMER) timestamp=6458 ms, used_size=6694912 bytes (16.3%)
(RDMA_READ_CONSUME_CHECK_CONSUMER) timestamp=6458 ms, used_size=6692864 bytes (16.3%)
(RDMA_READ_CONSUME_CHECK_CONSUMER) timestamp=6458 ms, used_size=6690816 bytes (16.3%)
(RDMA_READ_CONSUME_CHECK_CONSUMER) timestamp=6458 ms, used_size=6688768 bytes (16.3%)
(RDMA_READ_CONSUME_CHECK_CONSUMER) timestamp=6458 ms, used_size=6686720 bytes (16.3%)
(RDMA_READ_CONSUME_CHECK_CONSUMER) timestamp=6458 ms, used_size=6684672 bytes (16.3%)
(RDMA_READ_CONSUME_CHECK_CONSUMER) timestamp=6458 ms, used_size=6682624 bytes (16.3%)
(RDMA_READ_CONSUME_CHECK_CONSUMER) timestamp=6458 ms, used_size=6680576 bytes (16.3%)
(RDMA_READ_CONSUME_CHECK_CONSUMER) timestamp=6458 ms, used_size=6678528 bytes (16.3%)
(RDMA_READ_CONSUME_CHECK_CONSUMER) timestamp=6458 ms, used_size=6676480 bytes (16.3%)
(RDMA_READ_CONSUME_CHECK_CONSUMER) timestamp=6458 ms, used_size=6674432 bytes (16.3%)
(RDMA_READ_CONSUME_CHECK_CONSUMER) timestamp=6458 ms, used_size=6672384 bytes (16.3%)
(RDMA_READ_CONSUME_CHECK_CONSUMER) timestamp=6458 ms, used_size=6670336 bytes (16.3%)
(RDMA_READ_CONSUME_CHECK_CONSUMER) timestamp=6458 ms, used_size=6668288 bytes (16.3%)
(RDMA_READ_CONSUME_CHECK_CONSUMER) timestamp=6458 ms, used_size=6666240 bytes (16.3%)
(RDMA_READ_CONSUME_CHECK_CONSUMER) timestamp=6458 ms, used_size=6664192 bytes (16.3%)
(RDMA_READ_CONSUME_CHECK_CONSUMER) timestamp=6458 ms, used_size=6662144 bytes (16.3%)
(RDMA_READ_CONSUME_CHECK_CONSUMER) timestamp=6458 ms, used_size=6660096 bytes (16.3%)
(RDMA_READ_CONSUME_CHECK_CONSUMER) timestamp=6458 ms, used_size=6658048 bytes (16.3%)
(RDMA_READ_CONSUME_CHECK_CONSUMER) timestamp=6458 ms, used_size=6656000 bytes (16.2%)
(RDMA_READ_CONSUME_CHECK_CONSUMER) timestamp=6458 ms, used_size=6653952 bytes (16.2%)
(RDMA_READ_CONSUME_CHECK_CONSUMER) timestamp=6458 ms, used_size=6651904 bytes (16.2%)
(RDMA_READ_CONSUME_CHECK_CONSUMER) timestamp=6458 ms, used_size=6649856 bytes (16.2%)
(RDMA_READ_CONSUME_CHECK_CONSUMER) timestamp=6458 ms, used_size=6647808 bytes (16.2%)
(RDMA_READ_CONSUME_CHECK_CONSUMER) timestamp=6458 ms, used_size=6645760 bytes (16.2%)
(RDMA_READ_CONSUME_CHECK_CONSUMER) timestamp=6458 ms, used_size=6643712 bytes (16.2%)
(RDMA_READ_CONSUME_CHECK_CONSUMER) timestamp=6458 ms, used_size=6641664 bytes (16.2%)
(RDMA_READ_CONSUME_CHECK_CONSUMER) timestamp=6458 ms, used_size=6639616 bytes (16.2%)
(RDMA_READ_CONSUME_CHECK_CONSUMER) timestamp=6458 ms, used_size=6637568 bytes (16.2%)
(RDMA_READ_CONSUME_CHECK_CONSUMER) timestamp=6458 ms, used_size=6635520 bytes (16.2%)
(RDMA_READ_CONSUME_CHECK_CONSUMER) timestamp=6458 ms, used_size=6633472 bytes (16.2%)
(RDMA_READ_CONSUME_CHECK_CONSUMER) timestamp=6458 ms, used_size=6631424 bytes (16.2%)
(RDMA_READ_CONSUME_CHECK_CONSUMER) timestamp=6458 ms, used_size=6629376 bytes (16.2%)
(RDMA_READ_CONSUME_CHECK_CONSUMER) timestamp=6458 ms, used_size=6627328 bytes (16.2%)
(RDMA_READ_CONSUME_CHECK_CONSUMER) timestamp=6458 ms, used_size=6625280 bytes (16.2%)
(RDMA_READ_CONSUME_CHECK_CONSUMER) timestamp=6458 ms, used_size=6623232 bytes (16.2%)
(RDMA_READ_CONSUME_CHECK_CONSUMER) timestamp=6458 ms, used_size=6621184 bytes (16.2%)
(RDMA_READ_CONSUME_CHECK_CONSUMER) timestamp=6458 ms, used_size=6619136 bytes (16.2%)
(RDMA_READ_CONSUME_CHECK_CONSUMER) timestamp=6458 ms, used_size=6617088 bytes (16.2%)
(RDMA_READ_CONSUME_CHECK_CONSUMER) timestamp=6458 ms, used_size=6615040 bytes (16.1%)
(RDMA_READ_CONSUME_CHECK_CONSUMER) timestamp=6458 ms, used_size=6612992 bytes (16.1%)
(RDMA_READ_CONSUME_CHECK_CONSUMER) timestamp=6458 ms, used_size=6610944 bytes (16.1%)
(RDMA_READ_CONSUME_CHECK_CONSUMER) timestamp=6458 ms, used_size=6608896 bytes (16.1%)
(RDMA_READ_CONSUME_CHECK_CONSUMER) timestamp=6458 ms, used_size=6606848 bytes (16.1%)
(RDMA_READ_CONSUME_CHECK_CONSUMER) timestamp=6458 ms, used_size=6604800 bytes (16.1%)
(RDMA_READ_CONSUME_CHECK_CONSUMER) timestamp=6458 ms, used_size=6602752 bytes (16.1%)
(RDMA_READ_CONSUME_CHECK_CONSUMER) timestamp=6458 ms, used_size=6600704 bytes (16.1%)
(RDMA_READ_CONSUME_CHECK_CONSUMER) timestamp=6458 ms, used_size=6598656 bytes (16.1%)
(RDMA_READ_CONSUME_CHECK_CONSUMER) timestamp=6458 ms, used_size=6596608 bytes (16.1%)
(RDMA_READ_CONSUME_CHECK_CONSUMER) timestamp=6458 ms, used_size=6594560 bytes (16.1%)
(RDMA_READ_CONSUME_CHECK_CONSUMER) timestamp=6458 ms, used_size=6592512 bytes (16.1%)
(RDMA_READ_CONSUME_CHECK_CONSUMER) timestamp=6458 ms, used_size=6590464 bytes (16.1%)
(RDMA_READ_CONSUME_CHECK_CONSUMER) timestamp=6458 ms, used_size=6588416 bytes (16.1%)
(RDMA_READ_CONSUME_CHECK_CONSUMER) timestamp=6458 ms, used_size=6586368 bytes (16.1%)
(RDMA_READ_CONSUME_CHECK_CONSUMER) timestamp=6458 ms, used_size=6584320 bytes (16.1%)
(RDMA_READ_CONSUME_CHECK_CONSUMER) timestamp=6458 ms, used_size=6582272 bytes (16.1%)
(RDMA_READ_CONSUME_CHECK_CONSUMER) timestamp=6458 ms, used_size=6580224 bytes (16.1%)
(RDMA_READ_CONSUME_CHECK_CONSUMER) timestamp=6458 ms, used_size=6578176 bytes (16.1%)
(RDMA_READ_CONSUME_CHECK_CONSUMER) timestamp=6458 ms, used_size=6576128 bytes (16.1%)
(RDMA_READ_CONSUME_CHECK_CONSUMER) timestamp=6458 ms, used_size=6574080 bytes (16.1%)
(RDMA_READ_CONSUME_CHECK_CONSUMER) timestamp=6458 ms, used_size=6572032 bytes (16.0%)
(RDMA_READ_CONSUME_CHECK_CONSUMER) timestamp=6458 ms, used_size=6569984 bytes (16.0%)
(RDMA_READ_CONSUME_CHECK_CONSUMER) timestamp=6458 ms, used_size=6567936 bytes (16.0%)
(RDMA_READ_CONSUME_CHECK_CONSUMER) timestamp=6458 ms, used_size=6565888 bytes (16.0%)
(RDMA_READ_CONSUME_CHECK_CONSUMER) timestamp=6458 ms, used_size=6563840 bytes (16.0%)
(RDMA_READ_CONSUME_CHECK_CONSUMER) timestamp=6458 ms, used_size=6561792 bytes (16.0%)
(RDMA_READ_CONSUME_CHECK_CONSUMER) timestamp=6458 ms, used_size=6559744 bytes (16.0%)
(RDMA_READ_CONSUME_CHECK_CONSUMER) timestamp=6458 ms, used_size=6557696 bytes (16.0%)
(RDMA_READ_CONSUME_CHECK_CONSUMER) timestamp=6458 ms, used_size=6555648 bytes (16.0%)
(RDMA_READ_CONSUME_CHECK_CONSUMER) timestamp=6458 ms, used_size=6553600 bytes (16.0%)
(RDMA_READ_CONSUME_CHECK_CONSUMER) timestamp=6458 ms, used_size=6551552 bytes (16.0%)
(RDMA_READ_CONSUME_CHECK_CONSUMER) timestamp=6458 ms, used_size=6549504 bytes (16.0%)
(RDMA_READ_CONSUME_CHECK_CONSUMER) timestamp=6458 ms, used_size=6547456 bytes (16.0%)
(RDMA_READ_CONSUME_CHECK_CONSUMER) timestamp=6458 ms, used_size=6545408 bytes (16.0%)
(RDMA_READ_CONSUME_CHECK_CONSUMER) timestamp=6458 ms, used_size=6543360 bytes (16.0%)
(RDMA_READ_CONSUME_CHECK_CONSUMER) timestamp=6458 ms, used_size=6541312 bytes (16.0%)
(RDMA_READ_CONSUME_CHECK_CONSUMER) timestamp=6458 ms, used_size=6539264 bytes (16.0%)
(RDMA_READ_CONSUME_CHECK_CONSUMER) timestamp=6458 ms, used_size=6537216 bytes (16.0%)
(RDMA_READ_CONSUME_CHECK_CONSUMER) timestamp=6458 ms, used_size=6535168 bytes (16.0%)
(RDMA_READ_CONSUME_CHECK_CONSUMER) timestamp=6458 ms, used_size=6533120 bytes (15.9%)
(RDMA_READ_CONSUME_CHECK_CONSUMER) timestamp=6458 ms, used_size=6531072 bytes (15.9%)
(RDMA_READ_CONSUME_CHECK_CONSUMER) timestamp=6458 ms, used_size=6529024 bytes (15.9%)
(RDMA_READ_CONSUME_CHECK_CONSUMER) timestamp=6458 ms, used_size=6526976 bytes (15.9%)
(RDMA_READ_CONSUME_CHECK_CONSUMER) timestamp=6458 ms, used_size=6524928 bytes (15.9%)
(RDMA_READ_CONSUME_CHECK_CONSUMER) timestamp=6458 ms, used_size=6522880 bytes (15.9%)
(RDMA_READ_CONSUME_CHECK_CONSUMER) timestamp=6458 ms, used_size=6520832 bytes (15.9%)
(RDMA_READ_CONSUME_CHECK_CONSUMER) timestamp=6458 ms, used_size=6518784 bytes (15.9%)
(RDMA_READ_CONSUME_CHECK_CONSUMER) timestamp=6458 ms, used_size=6516736 bytes (15.9%)
(RDMA_READ_CONSUME_CHECK_CONSUMER) timestamp=6458 ms, used_size=6514688 bytes (15.9%)
(RDMA_READ_CONSUME_CHECK_CONSUMER) timestamp=6458 ms, used_size=6512640 bytes (15.9%)
(RDMA_READ_CONSUME_CHECK_CONSUMER) timestamp=6458 ms, used_size=6510592 bytes (15.9%)
(RDMA_READ_CONSUME_CHECK_CONSUMER) timestamp=6458 ms, used_size=6508544 bytes (15.9%)
(RDMA_READ_CONSUME_CHECK_CONSUMER) timestamp=6458 ms, used_size=6506496 bytes (15.9%)
(RDMA_READ_CONSUME_CHECK_CONSUMER) timestamp=6458 ms, used_size=6504448 bytes (15.9%)
(RDMA_READ_CONSUME_CHECK_CONSUMER) timestamp=6458 ms, used_size=6502400 bytes (15.9%)
(RDMA_READ_CONSUME_CHECK_CONSUMER) timestamp=6458 ms, used_size=6500352 bytes (15.9%)
(RDMA_READ_CONSUME_CHECK_CONSUMER) timestamp=6458 ms, used_size=6498304 bytes (15.9%)
(RDMA_READ_CONSUME_CHECK_CONSUMER) timestamp=6458 ms, used_size=6496256 bytes (15.9%)
(RDMA_READ_CONSUME_CHECK_CONSUMER) timestamp=6458 ms, used_size=6494208 bytes (15.9%)
(RDMA_READ_CONSUME_CHECK_CONSUMER) timestamp=6458 ms, used_size=6492160 bytes (15.8%)
(RDMA_READ_CONSUME_CHECK_CONSUMER) timestamp=6458 ms, used_size=6490112 bytes (15.8%)
(RDMA_READ_CONSUME_CHECK_CONSUMER) timestamp=6458 ms, used_size=6488064 bytes (15.8%)
(RDMA_READ_CONSUME_CHECK_CONSUMER) timestamp=6458 ms, used_size=6486016 bytes (15.8%)
(RDMA_READ_CONSUME_CHECK_CONSUMER) timestamp=6458 ms, used_size=6483968 bytes (15.8%)
(RDMA_READ_CONSUME_CHECK_CONSUMER) timestamp=6458 ms, used_size=6481920 bytes (15.8%)
(RDMA_READ_CONSUME_CHECK_CONSUMER) timestamp=6458 ms, used_size=6479872 bytes (15.8%)
(RDMA_READ_CONSUME_CHECK_CONSUMER) timestamp=6458 ms, used_size=6477824 bytes (15.8%)
(RDMA_READ_CONSUME_CHECK_CONSUMER) timestamp=6458 ms, used_size=6475776 bytes (15.8%)
(RDMA_READ_CONSUME_CHECK_CONSUMER) timestamp=6458 ms, used_size=6473728 bytes (15.8%)
(RDMA_READ_CONSUME_CHECK_CONSUMER) timestamp=6458 ms, used_size=6471680 bytes (15.8%)
(RDMA_READ_CONSUME_CHECK_CONSUMER) timestamp=6458 ms, used_size=6469632 bytes (15.8%)
(RDMA_READ_CONSUME_CHECK_CONSUMER) timestamp=6458 ms, used_size=6467584 bytes (15.8%)
(RDMA_READ_CONSUME_CHECK_CONSUMER) timestamp=6458 ms, used_size=6465536 bytes (15.8%)
(RDMA_READ_CONSUME_CHECK_CONSUMER) timestamp=6458 ms, used_size=6463488 bytes (15.8%)
(RDMA_READ_CONSUME_CHECK_CONSUMER) timestamp=6458 ms, used_size=6461440 bytes (15.8%)
(RDMA_READ_CONSUME_CHECK_CONSUMER) timestamp=6458 ms, used_size=6459392 bytes (15.8%)
(RDMA_READ_CONSUME_CHECK_CONSUMER) timestamp=6458 ms, used_size=6457344 bytes (15.8%)
(RDMA_READ_CONSUME_CHECK_CONSUMER) timestamp=6458 ms, used_size=6455296 bytes (15.8%)
(RDMA_READ_CONSUME_CHECK_CONSUMER) timestamp=6458 ms, used_size=6453248 bytes (15.8%)
(RDMA_READ_CONSUME_CHECK_CONSUMER) timestamp=6458 ms, used_size=6451200 bytes (15.8%)
(RDMA_READ_CONSUME_CHECK_CONSUMER) timestamp=6458 ms, used_size=6449152 bytes (15.7%)
(RDMA_READ_CONSUME_CHECK_CONSUMER) timestamp=6458 ms, used_size=6447104 bytes (15.7%)
(RDMA_READ_CONSUME_CHECK_CONSUMER) timestamp=6458 ms, used_size=6445056 bytes (15.7%)
(RDMA_READ_CONSUME_CHECK_CONSUMER) timestamp=6458 ms, used_size=6443008 bytes (15.7%)
(RDMA_READ_CONSUME_CHECK_CONSUMER) timestamp=6458 ms, used_size=6440960 bytes (15.7%)
(RDMA_READ_CONSUME_CHECK_CONSUMER) timestamp=6458 ms, used_size=6438912 bytes (15.7%)
(RDMA_READ_CONSUME_CHECK_CONSUMER) timestamp=6458 ms, used_size=6436864 bytes (15.7%)
(RDMA_READ_CONSUME_CHECK_CONSUMER) timestamp=6458 ms, used_size=6434816 bytes (15.7%)
(RDMA_READ_CONSUME_CHECK_CONSUMER) timestamp=6458 ms, used_size=6432768 bytes (15.7%)
(RDMA_READ_CONSUME_CHECK_CONSUMER) timestamp=6458 ms, used_size=6430720 bytes (15.7%)
(RDMA_READ_CONSUME_CHECK_CONSUMER) timestamp=6458 ms, used_size=6428672 bytes (15.7%)
(RDMA_READ_CONSUME_CHECK_CONSUMER) timestamp=6458 ms, used_size=6426624 bytes (15.7%)
(RDMA_READ_CONSUME_CHECK_CONSUMER) timestamp=6458 ms, used_size=6424576 bytes (15.7%)
(RDMA_READ_CONSUME_CHECK_CONSUMER) timestamp=6458 ms, used_size=6422528 bytes (15.7%)
(RDMA_READ_CONSUME_CHECK_CONSUMER) timestamp=6458 ms, used_size=6420480 bytes (15.7%)
(RDMA_READ_CONSUME_CHECK_CONSUMER) timestamp=6458 ms, used_size=6418432 bytes (15.7%)
(RDMA_READ_CONSUME_CHECK_CONSUMER) timestamp=6458 ms, used_size=6416384 bytes (15.7%)
(RDMA_READ_CONSUME_CHECK_CONSUMER) timestamp=6458 ms, used_size=6414336 bytes (15.7%)
(RDMA_READ_CONSUME_CHECK_CONSUMER) timestamp=6458 ms, used_size=6412288 bytes (15.7%)
(RDMA_READ_CONSUME_CHECK_CONSUMER) timestamp=6458 ms, used_size=6410240 bytes (15.7%)
(RDMA_READ_CONSUME_CHECK_CONSUMER) timestamp=6458 ms, used_size=6408192 bytes (15.6%)
(RDMA_READ_CONSUME_CHECK_CONSUMER) timestamp=6458 ms, used_size=6406144 bytes (15.6%)
(RDMA_READ_CONSUME_CHECK_CONSUMER) timestamp=6458 ms, used_size=6404096 bytes (15.6%)
(RDMA_READ_CONSUME_CHECK_CONSUMER) timestamp=6458 ms, used_size=6402048 bytes (15.6%)
(RDMA_READ_CONSUME_CHECK_CONSUMER) timestamp=6458 ms, used_size=6400000 bytes (15.6%)
(RDMA_READ_CONSUME_CHECK_CONSUMER) timestamp=6458 ms, used_size=6397952 bytes (15.6%)
(RDMA_READ_CONSUME_CHECK_CONSUMER) timestamp=6458 ms, used_size=6395904 bytes (15.6%)
(RDMA_READ_CONSUME_CHECK_CONSUMER) timestamp=6458 ms, used_size=6393856 bytes (15.6%)
(RDMA_READ_CONSUME_CHECK_CONSUMER) timestamp=6458 ms, used_size=6391808 bytes (15.6%)
(RDMA_READ_CONSUME_CHECK_CONSUMER) timestamp=6458 ms, used_size=6389760 bytes (15.6%)
(RDMA_READ_CONSUME_CHECK_CONSUMER) timestamp=6458 ms, used_size=6387712 bytes (15.6%)
(RDMA_READ_CONSUME_CHECK_CONSUMER) timestamp=6458 ms, used_size=6385664 bytes (15.6%)
(RDMA_READ_CONSUME_CHECK_CONSUMER) timestamp=6458 ms, used_size=6383616 bytes (15.6%)
(RDMA_READ_CONSUME_CHECK_CONSUMER) timestamp=6458 ms, used_size=6381568 bytes (15.6%)
(RDMA_READ_CONSUME_CHECK_CONSUMER) timestamp=6458 ms, used_size=6379520 bytes (15.6%)
(RDMA_READ_CONSUME_CHECK_CONSUMER) timestamp=6458 ms, used_size=6377472 bytes (15.6%)
(RDMA_READ_CONSUME_CHECK_CONSUMER) timestamp=6458 ms, used_size=6375424 bytes (15.6%)
(RDMA_READ_CONSUME_CHECK_CONSUMER) timestamp=6458 ms, used_size=6373376 bytes (15.6%)
(RDMA_READ_CONSUME_CHECK_CONSUMER) timestamp=6458 ms, used_size=6371328 bytes (15.6%)
(RDMA_READ_CONSUME_CHECK_CONSUMER) timestamp=6458 ms, used_size=6369280 bytes (15.6%)
(RDMA_READ_CONSUME_CHECK_CONSUMER) timestamp=6458 ms, used_size=6367232 bytes (15.5%)
(RDMA_READ_CONSUME_CHECK_CONSUMER) timestamp=6458 ms, used_size=6365184 bytes (15.5%)
(RDMA_READ_CONSUME_CHECK_CONSUMER) timestamp=6458 ms, used_size=6363136 bytes (15.5%)
(RDMA_READ_CONSUME_CHECK_CONSUMER) timestamp=6458 ms, used_size=6361088 bytes (15.5%)
(RDMA_READ_CONSUME_CHECK_CONSUMER) timestamp=6458 ms, used_size=6359040 bytes (15.5%)
(RDMA_READ_CONSUME_CHECK_CONSUMER) timestamp=6458 ms, used_size=6356992 bytes (15.5%)
(RDMA_READ_CONSUME_CHECK_CONSUMER) timestamp=6458 ms, used_size=6354944 bytes (15.5%)
(RDMA_READ_CONSUME_CHECK_CONSUMER) timestamp=6458 ms, used_size=6352896 bytes (15.5%)
(RDMA_READ_CONSUME_CHECK_CONSUMER) timestamp=6458 ms, used_size=6350848 bytes (15.5%)
(RDMA_READ_CONSUME_CHECK_CONSUMER) timestamp=6458 ms, used_size=6348800 bytes (15.5%)
(RDMA_READ_CONSUME_CHECK_CONSUMER) timestamp=6458 ms, used_size=6346752 bytes (15.5%)
(RDMA_READ_CONSUME_CHECK_CONSUMER) timestamp=6458 ms, used_size=6344704 bytes (15.5%)
(RDMA_READ_CONSUME_CHECK_CONSUMER) timestamp=6458 ms, used_size=6342656 bytes (15.5%)
(RDMA_READ_CONSUME_CHECK_CONSUMER) timestamp=6458 ms, used_size=6340608 bytes (15.5%)
(RDMA_READ_CONSUME_CHECK_CONSUMER) timestamp=6458 ms, used_size=6338560 bytes (15.5%)
(RDMA_READ_CONSUME_CHECK_CONSUMER) timestamp=6458 ms, used_size=6336512 bytes (15.5%)
(RDMA_READ_CONSUME_CHECK_CONSUMER) timestamp=6458 ms, used_size=6334464 bytes (15.5%)
(RDMA_READ_CONSUME_CHECK_CONSUMER) timestamp=6459 ms, used_size=6332416 bytes (15.5%)
(RDMA_READ_CONSUME_CHECK_CONSUMER) timestamp=6459 ms, used_size=6330368 bytes (15.5%)
(RDMA_READ_CONSUME_CHECK_CONSUMER) timestamp=6459 ms, used_size=6328320 bytes (15.4%)
(RDMA_READ_CONSUME_CHECK_CONSUMER) timestamp=6459 ms, used_size=6326272 bytes (15.4%)
(RDMA_READ_CONSUME_CHECK_CONSUMER) timestamp=6459 ms, used_size=6324224 bytes (15.4%)
(RDMA_READ_CONSUME_CHECK_CONSUMER) timestamp=6459 ms, used_size=6322176 bytes (15.4%)
(RDMA_READ_CONSUME_CHECK_CONSUMER) timestamp=6459 ms, used_size=6320128 bytes (15.4%)
(RDMA_READ_CONSUME_CHECK_CONSUMER) timestamp=6459 ms, used_size=6318080 bytes (15.4%)
(RDMA_READ_CONSUME_CHECK_CONSUMER) timestamp=6459 ms, used_size=6316032 bytes (15.4%)
(RDMA_READ_CONSUME_CHECK_CONSUMER) timestamp=6459 ms, used_size=6313984 bytes (15.4%)
(RDMA_READ_CONSUME_CHECK_CONSUMER) timestamp=6459 ms, used_size=6311936 bytes (15.4%)
(RDMA_READ_CONSUME_CHECK_CONSUMER) timestamp=6459 ms, used_size=6309888 bytes (15.4%)
(RDMA_READ_CONSUME_CHECK_CONSUMER) timestamp=6459 ms, used_size=6307840 bytes (15.4%)
(RDMA_READ_CONSUME_CHECK_CONSUMER) timestamp=6459 ms, used_size=6305792 bytes (15.4%)
(RDMA_READ_CONSUME_CHECK_CONSUMER) timestamp=6459 ms, used_size=6303744 bytes (15.4%)
(RDMA_READ_CONSUME_CHECK_CONSUMER) timestamp=6459 ms, used_size=6301696 bytes (15.4%)
(RDMA_READ_CONSUME_CHECK_CONSUMER) timestamp=6459 ms, used_size=6299648 bytes (15.4%)
(RDMA_READ_CONSUME_CHECK_CONSUMER) timestamp=6459 ms, used_size=6297600 bytes (15.4%)
(RDMA_READ_CONSUME_CHECK_CONSUMER) timestamp=6459 ms, used_size=6295552 bytes (15.4%)
(RDMA_READ_CONSUME_CHECK_CONSUMER) timestamp=6459 ms, used_size=6293504 bytes (15.4%)
(RDMA_READ_CONSUME_CHECK_CONSUMER) timestamp=6459 ms, used_size=6291456 bytes (15.4%)
(RDMA_READ_CONSUME_CHECK_CONSUMER) timestamp=6459 ms, used_size=6289408 bytes (15.4%)
(RDMA_READ_CONSUME_CHECK_CONSUMER) timestamp=6459 ms, used_size=6287360 bytes (15.3%)
(RDMA_READ_CONSUME_CHECK_CONSUMER) timestamp=6459 ms, used_size=6285312 bytes (15.3%)
(RDMA_READ_CONSUME_CHECK_CONSUMER) timestamp=6459 ms, used_size=6283264 bytes (15.3%)
(RDMA_READ_CONSUME_CHECK_CONSUMER) timestamp=6459 ms, used_size=6281216 bytes (15.3%)
(RDMA_READ_CONSUME_CHECK_CONSUMER) timestamp=6459 ms, used_size=6279168 bytes (15.3%)
(RDMA_READ_CONSUME_CHECK_CONSUMER) timestamp=6459 ms, used_size=6277120 bytes (15.3%)
(RDMA_READ_CONSUME_CHECK_CONSUMER) timestamp=6459 ms, used_size=6275072 bytes (15.3%)
(RDMA_READ_CONSUME_CHECK_CONSUMER) timestamp=6459 ms, used_size=6273024 bytes (15.3%)
(RDMA_READ_CONSUME_CHECK_CONSUMER) timestamp=6459 ms, used_size=6270976 bytes (15.3%)
(RDMA_READ_CONSUME_CHECK_CONSUMER) timestamp=6459 ms, used_size=6268928 bytes (15.3%)
(RDMA_READ_CONSUME_CHECK_CONSUMER) timestamp=6459 ms, used_size=6266880 bytes (15.3%)
(RDMA_READ_CONSUME_CHECK_CONSUMER) timestamp=6459 ms, used_size=6264832 bytes (15.3%)
(RDMA_READ_CONSUME_CHECK_CONSUMER) timestamp=6459 ms, used_size=6262784 bytes (15.3%)
(RDMA_READ_CONSUME_CHECK_CONSUMER) timestamp=6459 ms, used_size=6260736 bytes (15.3%)
(RDMA_READ_CONSUME_CHECK_CONSUMER) timestamp=6459 ms, used_size=6258688 bytes (15.3%)
(RDMA_READ_CONSUME_CHECK_CONSUMER) timestamp=6459 ms, used_size=6256640 bytes (15.3%)
(RDMA_READ_CONSUME_CHECK_CONSUMER) timestamp=6459 ms, used_size=6254592 bytes (15.3%)
(RDMA_READ_CONSUME_CHECK_CONSUMER) timestamp=6459 ms, used_size=6252544 bytes (15.3%)
(RDMA_READ_CONSUME_CHECK_CONSUMER) timestamp=6459 ms, used_size=6250496 bytes (15.3%)
(RDMA_READ_CONSUME_CHECK_CONSUMER) timestamp=6459 ms, used_size=6248448 bytes (15.3%)
(RDMA_READ_CONSUME_CHECK_CONSUMER) timestamp=6459 ms, used_size=6246400 bytes (15.2%)
(RDMA_READ_CONSUME_CHECK_CONSUMER) timestamp=6459 ms, used_size=6244352 bytes (15.2%)
(RDMA_READ_CONSUME_CHECK_CONSUMER) timestamp=6459 ms, used_size=6242304 bytes (15.2%)
(RDMA_READ_CONSUME_CHECK_CONSUMER) timestamp=6459 ms, used_size=6240256 bytes (15.2%)
(RDMA_READ_CONSUME_CHECK_CONSUMER) timestamp=6459 ms, used_size=6238208 bytes (15.2%)
(RDMA_READ_CONSUME_CHECK_CONSUMER) timestamp=6459 ms, used_size=6236160 bytes (15.2%)
(RDMA_READ_CONSUME_CHECK_CONSUMER) timestamp=6459 ms, used_size=6234112 bytes (15.2%)
(RDMA_READ_CONSUME_CHECK_CONSUMER) timestamp=6459 ms, used_size=6232064 bytes (15.2%)
(RDMA_READ_CONSUME_CHECK_CONSUMER) timestamp=6459 ms, used_size=6230016 bytes (15.2%)
(RDMA_READ_CONSUME_CHECK_CONSUMER) timestamp=6459 ms, used_size=6227968 bytes (15.2%)
(RDMA_READ_CONSUME_CHECK_CONSUMER) timestamp=6459 ms, used_size=6225920 bytes (15.2%)
(RDMA_READ_CONSUME_CHECK_CONSUMER) timestamp=6459 ms, used_size=6223872 bytes (15.2%)
(RDMA_READ_CONSUME_CHECK_CONSUMER) timestamp=6459 ms, used_size=6221824 bytes (15.2%)
(RDMA_READ_CONSUME_CHECK_CONSUMER) timestamp=6459 ms, used_size=6219776 bytes (15.2%)
(RDMA_READ_CONSUME_CHECK_CONSUMER) timestamp=6459 ms, used_size=6217728 bytes (15.2%)
(RDMA_READ_CONSUME_CHECK_CONSUMER) timestamp=6459 ms, used_size=6215680 bytes (15.2%)
(RDMA_READ_CONSUME_CHECK_CONSUMER) timestamp=6459 ms, used_size=6213632 bytes (15.2%)
(RDMA_READ_CONSUME_CHECK_CONSUMER) timestamp=6459 ms, used_size=6211584 bytes (15.2%)
(RDMA_READ_CONSUME_CHECK_CONSUMER) timestamp=6459 ms, used_size=6209536 bytes (15.2%)
(RDMA_READ_CONSUME_CHECK_CONSUMER) timestamp=6459 ms, used_size=6207488 bytes (15.2%)
(RDMA_READ_CONSUME_CHECK_CONSUMER) timestamp=6459 ms, used_size=6205440 bytes (15.2%)
(RDMA_READ_CONSUME_CHECK_CONSUMER) timestamp=6459 ms, used_size=6203392 bytes (15.1%)
(RDMA_READ_CONSUME_CHECK_CONSUMER) timestamp=6459 ms, used_size=6201344 bytes (15.1%)
(RDMA_READ_CONSUME_CHECK_CONSUMER) timestamp=6459 ms, used_size=6199296 bytes (15.1%)
(RDMA_READ_CONSUME_CHECK_CONSUMER) timestamp=6459 ms, used_size=6197248 bytes (15.1%)
(RDMA_READ_CONSUME_CHECK_CONSUMER) timestamp=6459 ms, used_size=6195200 bytes (15.1%)
(RDMA_READ_CONSUME_CHECK_CONSUMER) timestamp=6459 ms, used_size=6193152 bytes (15.1%)
(RDMA_READ_CONSUME_CHECK_CONSUMER) timestamp=6459 ms, used_size=6191104 bytes (15.1%)
(RDMA_READ_CONSUME_CHECK_CONSUMER) timestamp=6459 ms, used_size=6189056 bytes (15.1%)
(RDMA_READ_CONSUME_CHECK_CONSUMER) timestamp=6459 ms, used_size=6187008 bytes (15.1%)
(RDMA_READ_CONSUME_CHECK_CONSUMER) timestamp=6459 ms, used_size=6184960 bytes (15.1%)
(RDMA_READ_CONSUME_CHECK_CONSUMER) timestamp=6459 ms, used_size=6182912 bytes (15.1%)
(RDMA_READ_CONSUME_CHECK_CONSUMER) timestamp=6459 ms, used_size=6180864 bytes (15.1%)
(RDMA_READ_CONSUME_CHECK_CONSUMER) timestamp=6459 ms, used_size=6178816 bytes (15.1%)
(RDMA_READ_CONSUME_CHECK_CONSUMER) timestamp=6459 ms, used_size=6176768 bytes (15.1%)
(RDMA_READ_CONSUME_CHECK_CONSUMER) timestamp=6459 ms, used_size=6174720 bytes (15.1%)
(RDMA_READ_CONSUME_CHECK_CONSUMER) timestamp=6459 ms, used_size=6172672 bytes (15.1%)
(RDMA_READ_CONSUME_CHECK_CONSUMER) timestamp=6459 ms, used_size=6170624 bytes (15.1%)
(RDMA_READ_CONSUME_CHECK_CONSUMER) timestamp=6459 ms, used_size=6168576 bytes (15.1%)
(RDMA_READ_CONSUME_CHECK_CONSUMER) timestamp=6459 ms, used_size=6166528 bytes (15.1%)
(RDMA_READ_CONSUME_CHECK_CONSUMER) timestamp=6459 ms, used_size=6164480 bytes (15.1%)
(RDMA_READ_CONSUME_CHECK_CONSUMER) timestamp=6459 ms, used_size=6162432 bytes (15.0%)
(RDMA_READ_CONSUME_CHECK_CONSUMER) timestamp=6459 ms, used_size=6160384 bytes (15.0%)
(RDMA_READ_CONSUME_CHECK_CONSUMER) timestamp=6459 ms, used_size=6158336 bytes (15.0%)
(RDMA_READ_CONSUME_CHECK_CONSUMER) timestamp=6459 ms, used_size=6156288 bytes (15.0%)
(RDMA_READ_CONSUME_CHECK_CONSUMER) timestamp=6459 ms, used_size=6154240 bytes (15.0%)
(RDMA_READ_CONSUME_CHECK_CONSUMER) timestamp=6459 ms, used_size=6152192 bytes (15.0%)
(RDMA_READ_CONSUME_CHECK_CONSUMER) timestamp=6459 ms, used_size=6150144 bytes (15.0%)
(RDMA_READ_CONSUME_CHECK_CONSUMER) timestamp=6459 ms, used_size=6148096 bytes (15.0%)
(RDMA_READ_CONSUME_CHECK_CONSUMER) timestamp=6459 ms, used_size=6146048 bytes (15.0%)
(RDMA_READ_CONSUME_CHECK_CONSUMER) timestamp=6459 ms, used_size=6144000 bytes (15.0%)
(RDMA_READ_CONSUME_CHECK_CONSUMER) timestamp=6459 ms, used_size=6141952 bytes (15.0%)
(RDMA_READ_CONSUME_CHECK_CONSUMER) timestamp=6459 ms, used_size=6139904 bytes (15.0%)
(RDMA_READ_CONSUME_CHECK_CONSUMER) timestamp=6459 ms, used_size=6137856 bytes (15.0%)
(RDMA_READ_CONSUME_CHECK_CONSUMER) timestamp=6459 ms, used_size=6135808 bytes (15.0%)
(RDMA_READ_CONSUME_CHECK_CONSUMER) timestamp=6459 ms, used_size=6133760 bytes (15.0%)
(RDMA_READ_CONSUME_CHECK_CONSUMER) timestamp=6459 ms, used_size=6131712 bytes (15.0%)
(RDMA_READ_CONSUME_CHECK_CONSUMER) timestamp=6459 ms, used_size=6129664 bytes (15.0%)
(RDMA_READ_CONSUME_CHECK_CONSUMER) timestamp=6459 ms, used_size=6127616 bytes (15.0%)
(RDMA_READ_CONSUME_CHECK_CONSUMER) timestamp=6459 ms, used_size=6125568 bytes (15.0%)
(RDMA_READ_CONSUME_CHECK_CONSUMER) timestamp=6459 ms, used_size=6123520 bytes (14.9%)
(RDMA_READ_CONSUME_CHECK_CONSUMER) timestamp=6459 ms, used_size=6121472 bytes (14.9%)
(RDMA_READ_CONSUME_CHECK_CONSUMER) timestamp=6459 ms, used_size=6119424 bytes (14.9%)
(RDMA_READ_CONSUME_CHECK_CONSUMER) timestamp=6459 ms, used_size=6117376 bytes (14.9%)
(RDMA_READ_CONSUME_CHECK_CONSUMER) timestamp=6459 ms, used_size=6115328 bytes (14.9%)
(RDMA_READ_CONSUME_CHECK_CONSUMER) timestamp=6459 ms, used_size=6113280 bytes (14.9%)
(RDMA_READ_CONSUME_CHECK_CONSUMER) timestamp=6459 ms, used_size=6111232 bytes (14.9%)
(RDMA_READ_CONSUME_CHECK_CONSUMER) timestamp=6459 ms, used_size=6109184 bytes (14.9%)
(RDMA_READ_CONSUME_CHECK_CONSUMER) timestamp=6459 ms, used_size=6107136 bytes (14.9%)
(RDMA_READ_CONSUME_CHECK_CONSUMER) timestamp=6459 ms, used_size=6105088 bytes (14.9%)
(RDMA_READ_CONSUME_CHECK_CONSUMER) timestamp=6459 ms, used_size=6103040 bytes (14.9%)
(RDMA_READ_CONSUME_CHECK_CONSUMER) timestamp=6459 ms, used_size=6100992 bytes (14.9%)
(RDMA_READ_CONSUME_CHECK_CONSUMER) timestamp=6459 ms, used_size=6098944 bytes (14.9%)
(RDMA_READ_CONSUME_CHECK_CONSUMER) timestamp=6459 ms, used_size=6096896 bytes (14.9%)
(RDMA_READ_CONSUME_CHECK_CONSUMER) timestamp=6459 ms, used_size=6094848 bytes (14.9%)
(RDMA_READ_CONSUME_CHECK_CONSUMER) timestamp=6459 ms, used_size=6092800 bytes (14.9%)
(RDMA_READ_CONSUME_CHECK_CONSUMER) timestamp=6459 ms, used_size=6090752 bytes (14.9%)
(RDMA_READ_CONSUME_CHECK_CONSUMER) timestamp=6459 ms, used_size=6088704 bytes (14.9%)
(RDMA_READ_CONSUME_CHECK_CONSUMER) timestamp=6459 ms, used_size=6086656 bytes (14.9%)
(RDMA_READ_CONSUME_CHECK_CONSUMER) timestamp=6459 ms, used_size=6084608 bytes (14.9%)
(RDMA_READ_CONSUME_CHECK_CONSUMER) timestamp=6459 ms, used_size=6082560 bytes (14.8%)
(RDMA_READ_CONSUME_CHECK_CONSUMER) timestamp=6459 ms, used_size=6080512 bytes (14.8%)
(RDMA_READ_CONSUME_CHECK_CONSUMER) timestamp=6459 ms, used_size=6078464 bytes (14.8%)
(RDMA_READ_CONSUME_CHECK_CONSUMER) timestamp=6459 ms, used_size=6076416 bytes (14.8%)
(RDMA_READ_CONSUME_CHECK_CONSUMER) timestamp=6459 ms, used_size=6074368 bytes (14.8%)
(RDMA_READ_CONSUME_CHECK_CONSUMER) timestamp=6459 ms, used_size=6072320 bytes (14.8%)
(RDMA_READ_CONSUME_CHECK_CONSUMER) timestamp=6459 ms, used_size=6070272 bytes (14.8%)
(RDMA_READ_CONSUME_CHECK_CONSUMER) timestamp=6459 ms, used_size=6068224 bytes (14.8%)
(RDMA_READ_CONSUME_CHECK_CONSUMER) timestamp=6459 ms, used_size=6066176 bytes (14.8%)
(RDMA_READ_CONSUME_CHECK_CONSUMER) timestamp=6459 ms, used_size=6064128 bytes (14.8%)
(RDMA_READ_CONSUME_CHECK_CONSUMER) timestamp=6459 ms, used_size=6062080 bytes (14.8%)
(RDMA_READ_CONSUME_CHECK_CONSUMER) timestamp=6459 ms, used_size=6060032 bytes (14.8%)
(RDMA_READ_CONSUME_CHECK_CONSUMER) timestamp=6459 ms, used_size=6057984 bytes (14.8%)
(RDMA_READ_CONSUME_CHECK_CONSUMER) timestamp=6459 ms, used_size=6055936 bytes (14.8%)
(RDMA_READ_CONSUME_CHECK_CONSUMER) timestamp=6459 ms, used_size=6053888 bytes (14.8%)
(RDMA_READ_CONSUME_CHECK_CONSUMER) timestamp=6459 ms, used_size=6051840 bytes (14.8%)
(RDMA_READ_CONSUME_CHECK_CONSUMER) timestamp=6459 ms, used_size=6049792 bytes (14.8%)
(RDMA_READ_CONSUME_CHECK_CONSUMER) timestamp=6459 ms, used_size=6047744 bytes (14.8%)
(RDMA_READ_CONSUME_CHECK_CONSUMER) timestamp=6459 ms, used_size=6045696 bytes (14.8%)
(RDMA_READ_CONSUME_CHECK_CONSUMER) timestamp=6459 ms, used_size=6043648 bytes (14.8%)
(RDMA_READ_CONSUME_CHECK_CONSUMER) timestamp=6459 ms, used_size=6041600 bytes (14.8%)
(RDMA_READ_CONSUME_CHECK_CONSUMER) timestamp=6459 ms, used_size=6039552 bytes (14.7%)
(RDMA_READ_CONSUME_CHECK_CONSUMER) timestamp=6459 ms, used_size=6037504 bytes (14.7%)
(RDMA_READ_CONSUME_CHECK_CONSUMER) timestamp=6459 ms, used_size=6035456 bytes (14.7%)
(RDMA_READ_CONSUME_CHECK_CONSUMER) timestamp=6459 ms, used_size=6033408 bytes (14.7%)
(RDMA_READ_CONSUME_CHECK_CONSUMER) timestamp=6459 ms, used_size=6031360 bytes (14.7%)
(RDMA_READ_CONSUME_CHECK_CONSUMER) timestamp=6459 ms, used_size=6029312 bytes (14.7%)
(RDMA_READ_CONSUME_CHECK_CONSUMER) timestamp=6459 ms, used_size=6027264 bytes (14.7%)
(RDMA_READ_CONSUME_CHECK_CONSUMER) timestamp=6459 ms, used_size=6025216 bytes (14.7%)
(RDMA_READ_CONSUME_CHECK_CONSUMER) timestamp=6459 ms, used_size=6023168 bytes (14.7%)
(RDMA_READ_CONSUME_CHECK_CONSUMER) timestamp=6459 ms, used_size=6021120 bytes (14.7%)
(RDMA_READ_CONSUME_CHECK_CONSUMER) timestamp=6459 ms, used_size=6019072 bytes (14.7%)
(RDMA_READ_CONSUME_CHECK_CONSUMER) timestamp=6459 ms, used_size=6017024 bytes (14.7%)
(RDMA_READ_CONSUME_CHECK_CONSUMER) timestamp=6459 ms, used_size=6014976 bytes (14.7%)
(RDMA_READ_CONSUME_CHECK_CONSUMER) timestamp=6459 ms, used_size=6012928 bytes (14.7%)
(RDMA_READ_CONSUME_CHECK_CONSUMER) timestamp=6459 ms, used_size=6010880 bytes (14.7%)
(RDMA_READ_CONSUME_CHECK_CONSUMER) timestamp=6459 ms, used_size=6008832 bytes (14.7%)
(RDMA_READ_CONSUME_CHECK_CONSUMER) timestamp=6459 ms, used_size=6006784 bytes (14.7%)
(RDMA_READ_CONSUME_CHECK_CONSUMER) timestamp=6459 ms, used_size=6004736 bytes (14.7%)
(RDMA_READ_CONSUME_CHECK_CONSUMER) timestamp=6459 ms, used_size=6002688 bytes (14.7%)
(RDMA_READ_CONSUME_CHECK_CONSUMER) timestamp=6459 ms, used_size=6000640 bytes (14.7%)
(RDMA_READ_CONSUME_CHECK_CONSUMER) timestamp=6459 ms, used_size=5998592 bytes (14.6%)
(RDMA_READ_CONSUME_CHECK_CONSUMER) timestamp=6459 ms, used_size=5996544 bytes (14.6%)
(RDMA_READ_CONSUME_CHECK_CONSUMER) timestamp=6459 ms, used_size=5994496 bytes (14.6%)
(RDMA_READ_CONSUME_CHECK_CONSUMER) timestamp=6459 ms, used_size=5992448 bytes (14.6%)
(RDMA_READ_CONSUME_CHECK_CONSUMER) timestamp=6459 ms, used_size=5990400 bytes (14.6%)
(RDMA_READ_CONSUME_CHECK_CONSUMER) timestamp=6459 ms, used_size=5988352 bytes (14.6%)
(RDMA_READ_CONSUME_CHECK_CONSUMER) timestamp=6459 ms, used_size=5986304 bytes (14.6%)
(RDMA_READ_CONSUME_CHECK_CONSUMER) timestamp=6459 ms, used_size=5984256 bytes (14.6%)
(RDMA_READ_CONSUME_CHECK_CONSUMER) timestamp=6459 ms, used_size=5982208 bytes (14.6%)
(RDMA_READ_CONSUME_CHECK_CONSUMER) timestamp=6459 ms, used_size=5980160 bytes (14.6%)
(RDMA_READ_CONSUME_CHECK_CONSUMER) timestamp=6459 ms, used_size=5978112 bytes (14.6%)
(RDMA_READ_CONSUME_CHECK_CONSUMER) timestamp=6459 ms, used_size=5976064 bytes (14.6%)
(RDMA_READ_CONSUME_CHECK_CONSUMER) timestamp=6459 ms, used_size=5974016 bytes (14.6%)
(RDMA_READ_CONSUME_CHECK_CONSUMER) timestamp=6459 ms, used_size=5971968 bytes (14.6%)
(RDMA_READ_CONSUME_CHECK_CONSUMER) timestamp=6460 ms, used_size=5969920 bytes (14.6%)
(RDMA_READ_CONSUME_CHECK_CONSUMER) timestamp=6460 ms, used_size=5967872 bytes (14.6%)
(RDMA_READ_CONSUME_CHECK_CONSUMER) timestamp=6460 ms, used_size=5965824 bytes (14.6%)
(RDMA_READ_CONSUME_CHECK_CONSUMER) timestamp=6460 ms, used_size=5963776 bytes (14.6%)
(RDMA_READ_CONSUME_CHECK_CONSUMER) timestamp=6460 ms, used_size=5961728 bytes (14.6%)
(RDMA_READ_CONSUME_CHECK_CONSUMER) timestamp=6460 ms, used_size=5959680 bytes (14.6%)
(RDMA_READ_CONSUME_CHECK_CONSUMER) timestamp=6460 ms, used_size=5957632 bytes (14.5%)
(RDMA_READ_CONSUME_CHECK_CONSUMER) timestamp=6460 ms, used_size=5955584 bytes (14.5%)
(RDMA_READ_CONSUME_CHECK_CONSUMER) timestamp=6460 ms, used_size=5953536 bytes (14.5%)
(RDMA_READ_CONSUME_CHECK_CONSUMER) timestamp=6460 ms, used_size=5951488 bytes (14.5%)
(RDMA_READ_CONSUME_CHECK_CONSUMER) timestamp=6460 ms, used_size=5949440 bytes (14.5%)
(RDMA_READ_CONSUME_CHECK_CONSUMER) timestamp=6460 ms, used_size=5947392 bytes (14.5%)
(RDMA_READ_CONSUME_CHECK_CONSUMER) timestamp=6460 ms, used_size=5945344 bytes (14.5%)
(RDMA_READ_CONSUME_CHECK_CONSUMER) timestamp=6460 ms, used_size=5943296 bytes (14.5%)
(RDMA_READ_CONSUME_CHECK_CONSUMER) timestamp=6460 ms, used_size=5941248 bytes (14.5%)
(RDMA_READ_CONSUME_CHECK_CONSUMER) timestamp=6460 ms, used_size=5939200 bytes (14.5%)
(RDMA_READ_CONSUME_CHECK_CONSUMER) timestamp=6460 ms, used_size=5937152 bytes (14.5%)
(RDMA_READ_CONSUME_CHECK_CONSUMER) timestamp=6460 ms, used_size=5935104 bytes (14.5%)
(RDMA_READ_CONSUME_CHECK_CONSUMER) timestamp=6460 ms, used_size=5933056 bytes (14.5%)
(RDMA_READ_CONSUME_CHECK_CONSUMER) timestamp=6460 ms, used_size=5931008 bytes (14.5%)
(RDMA_READ_CONSUME_CHECK_CONSUMER) timestamp=6460 ms, used_size=5928960 bytes (14.5%)
(RDMA_READ_CONSUME_CHECK_CONSUMER) timestamp=6460 ms, used_size=5926912 bytes (14.5%)
(RDMA_READ_CONSUME_CHECK_CONSUMER) timestamp=6460 ms, used_size=5924864 bytes (14.5%)
(RDMA_READ_CONSUME_CHECK_CONSUMER) timestamp=6460 ms, used_size=5922816 bytes (14.5%)
(RDMA_READ_CONSUME_CHECK_CONSUMER) timestamp=6460 ms, used_size=5920768 bytes (14.5%)
(RDMA_READ_CONSUME_CHECK_CONSUMER) timestamp=6460 ms, used_size=5918720 bytes (14.4%)
(RDMA_READ_CONSUME_CHECK_CONSUMER) timestamp=6460 ms, used_size=5916672 bytes (14.4%)
(RDMA_READ_CONSUME_CHECK_CONSUMER) timestamp=6460 ms, used_size=5914624 bytes (14.4%)
(RDMA_READ_CONSUME_CHECK_CONSUMER) timestamp=6460 ms, used_size=5912576 bytes (14.4%)
(RDMA_READ_CONSUME_CHECK_CONSUMER) timestamp=6460 ms, used_size=5910528 bytes (14.4%)
(RDMA_READ_CONSUME_CHECK_CONSUMER) timestamp=6460 ms, used_size=5908480 bytes (14.4%)
(RDMA_READ_CONSUME_CHECK_CONSUMER) timestamp=6460 ms, used_size=5906432 bytes (14.4%)
(RDMA_READ_CONSUME_CHECK_CONSUMER) timestamp=6460 ms, used_size=5904384 bytes (14.4%)
(RDMA_READ_CONSUME_CHECK_CONSUMER) timestamp=6460 ms, used_size=5902336 bytes (14.4%)
(RDMA_READ_CONSUME_CHECK_CONSUMER) timestamp=6460 ms, used_size=5900288 bytes (14.4%)
(RDMA_READ_CONSUME_CHECK_CONSUMER) timestamp=6460 ms, used_size=5898240 bytes (14.4%)
(RDMA_READ_CONSUME_CHECK_CONSUMER) timestamp=6460 ms, used_size=5896192 bytes (14.4%)
(RDMA_READ_CONSUME_CHECK_CONSUMER) timestamp=6460 ms, used_size=5894144 bytes (14.4%)
(RDMA_READ_CONSUME_CHECK_CONSUMER) timestamp=6460 ms, used_size=5892096 bytes (14.4%)
(RDMA_READ_CONSUME_CHECK_CONSUMER) timestamp=6460 ms, used_size=5890048 bytes (14.4%)
(RDMA_READ_CONSUME_CHECK_CONSUMER) timestamp=6460 ms, used_size=5888000 bytes (14.4%)
(RDMA_READ_CONSUME_CHECK_CONSUMER) timestamp=6460 ms, used_size=5885952 bytes (14.4%)
(RDMA_READ_CONSUME_CHECK_CONSUMER) timestamp=6460 ms, used_size=5883904 bytes (14.4%)
(RDMA_READ_CONSUME_CHECK_CONSUMER) timestamp=6460 ms, used_size=5881856 bytes (14.4%)
(RDMA_READ_CONSUME_CHECK_CONSUMER) timestamp=6460 ms, used_size=5879808 bytes (14.4%)
(RDMA_READ_CONSUME_CHECK_CONSUMER) timestamp=6460 ms, used_size=5877760 bytes (14.3%)
(RDMA_READ_CONSUME_CHECK_CONSUMER) timestamp=6460 ms, used_size=5875712 bytes (14.3%)
(RDMA_READ_CONSUME_CHECK_CONSUMER) timestamp=6460 ms, used_size=5873664 bytes (14.3%)
(RDMA_READ_CONSUME_CHECK_CONSUMER) timestamp=6460 ms, used_size=5871616 bytes (14.3%)
(RDMA_READ_CONSUME_CHECK_CONSUMER) timestamp=6460 ms, used_size=5869568 bytes (14.3%)
(RDMA_READ_CONSUME_CHECK_CONSUMER) timestamp=6460 ms, used_size=5867520 bytes (14.3%)
(RDMA_READ_CONSUME_CHECK_CONSUMER) timestamp=6460 ms, used_size=5865472 bytes (14.3%)
(RDMA_READ_CONSUME_CHECK_CONSUMER) timestamp=6460 ms, used_size=5863424 bytes (14.3%)
(RDMA_READ_CONSUME_CHECK_CONSUMER) timestamp=6460 ms, used_size=5861376 bytes (14.3%)
(RDMA_READ_CONSUME_CHECK_CONSUMER) timestamp=6460 ms, used_size=5859328 bytes (14.3%)
(RDMA_READ_CONSUME_CHECK_CONSUMER) timestamp=6460 ms, used_size=5857280 bytes (14.3%)
(RDMA_READ_CONSUME_CHECK_CONSUMER) timestamp=6460 ms, used_size=5855232 bytes (14.3%)
(RDMA_READ_CONSUME_CHECK_CONSUMER) timestamp=6460 ms, used_size=5853184 bytes (14.3%)
(RDMA_READ_CONSUME_CHECK_CONSUMER) timestamp=6460 ms, used_size=5851136 bytes (14.3%)
(RDMA_READ_CONSUME_CHECK_CONSUMER) timestamp=6460 ms, used_size=5849088 bytes (14.3%)
(RDMA_READ_CONSUME_CHECK_CONSUMER) timestamp=6460 ms, used_size=5847040 bytes (14.3%)
(RDMA_READ_CONSUME_CHECK_CONSUMER) timestamp=6460 ms, used_size=5844992 bytes (14.3%)
(RDMA_READ_CONSUME_CHECK_CONSUMER) timestamp=6460 ms, used_size=5842944 bytes (14.3%)
(RDMA_READ_CONSUME_CHECK_CONSUMER) timestamp=6460 ms, used_size=5840896 bytes (14.3%)
(RDMA_READ_CONSUME_CHECK_CONSUMER) timestamp=6460 ms, used_size=5838848 bytes (14.3%)
(RDMA_READ_CONSUME_CHECK_CONSUMER) timestamp=6460 ms, used_size=5836800 bytes (14.2%)
(RDMA_READ_CONSUME_CHECK_CONSUMER) timestamp=6460 ms, used_size=5834752 bytes (14.2%)
(RDMA_READ_CONSUME_CHECK_CONSUMER) timestamp=6460 ms, used_size=5832704 bytes (14.2%)
(RDMA_READ_CONSUME_CHECK_CONSUMER) timestamp=6460 ms, used_size=5830656 bytes (14.2%)
(RDMA_READ_CONSUME_CHECK_CONSUMER) timestamp=6460 ms, used_size=5828608 bytes (14.2%)
(RDMA_READ_CONSUME_CHECK_CONSUMER) timestamp=6460 ms, used_size=5826560 bytes (14.2%)
(RDMA_READ_CONSUME_CHECK_CONSUMER) timestamp=6460 ms, used_size=5824512 bytes (14.2%)
(RDMA_READ_CONSUME_CHECK_CONSUMER) timestamp=6460 ms, used_size=5822464 bytes (14.2%)
(RDMA_READ_CONSUME_CHECK_CONSUMER) timestamp=6460 ms, used_size=5820416 bytes (14.2%)
(RDMA_READ_CONSUME_CHECK_CONSUMER) timestamp=6460 ms, used_size=5818368 bytes (14.2%)
(RDMA_READ_CONSUME_CHECK_CONSUMER) timestamp=6460 ms, used_size=5816320 bytes (14.2%)
(RDMA_READ_CONSUME_CHECK_CONSUMER) timestamp=6460 ms, used_size=5814272 bytes (14.2%)
(RDMA_READ_CONSUME_CHECK_CONSUMER) timestamp=6460 ms, used_size=5812224 bytes (14.2%)
(RDMA_READ_CONSUME_CHECK_CONSUMER) timestamp=6460 ms, used_size=5810176 bytes (14.2%)
(RDMA_READ_CONSUME_CHECK_CONSUMER) timestamp=6460 ms, used_size=5808128 bytes (14.2%)
(RDMA_READ_CONSUME_CHECK_CONSUMER) timestamp=6460 ms, used_size=5806080 bytes (14.2%)
(RDMA_READ_CONSUME_CHECK_CONSUMER) timestamp=6460 ms, used_size=5804032 bytes (14.2%)
(RDMA_READ_CONSUME_CHECK_CONSUMER) timestamp=6460 ms, used_size=5801984 bytes (14.2%)
(RDMA_READ_CONSUME_CHECK_CONSUMER) timestamp=6460 ms, used_size=5799936 bytes (14.2%)
(RDMA_READ_CONSUME_CHECK_CONSUMER) timestamp=6460 ms, used_size=5797888 bytes (14.2%)
(RDMA_READ_CONSUME_CHECK_CONSUMER) timestamp=6460 ms, used_size=5795840 bytes (14.2%)
(RDMA_READ_CONSUME_CHECK_CONSUMER) timestamp=6460 ms, used_size=5793792 bytes (14.1%)
(RDMA_READ_CONSUME_CHECK_CONSUMER) timestamp=6460 ms, used_size=5791744 bytes (14.1%)
(RDMA_READ_CONSUME_CHECK_CONSUMER) timestamp=6460 ms, used_size=5789696 bytes (14.1%)
(RDMA_READ_CONSUME_CHECK_CONSUMER) timestamp=6460 ms, used_size=5787648 bytes (14.1%)
(RDMA_READ_CONSUME_CHECK_CONSUMER) timestamp=6460 ms, used_size=5785600 bytes (14.1%)
(RDMA_READ_CONSUME_CHECK_CONSUMER) timestamp=6460 ms, used_size=5783552 bytes (14.1%)
(RDMA_READ_CONSUME_CHECK_CONSUMER) timestamp=6460 ms, used_size=5781504 bytes (14.1%)
(RDMA_READ_CONSUME_CHECK_CONSUMER) timestamp=6460 ms, used_size=5779456 bytes (14.1%)
(RDMA_READ_CONSUME_CHECK_CONSUMER) timestamp=6460 ms, used_size=5777408 bytes (14.1%)
(RDMA_READ_CONSUME_CHECK_CONSUMER) timestamp=6460 ms, used_size=5775360 bytes (14.1%)
(RDMA_READ_CONSUME_CHECK_CONSUMER) timestamp=6460 ms, used_size=5773312 bytes (14.1%)
(RDMA_READ_CONSUME_CHECK_CONSUMER) timestamp=6460 ms, used_size=5771264 bytes (14.1%)
(RDMA_READ_CONSUME_CHECK_CONSUMER) timestamp=6460 ms, used_size=5769216 bytes (14.1%)
(RDMA_READ_CONSUME_CHECK_CONSUMER) timestamp=6460 ms, used_size=5767168 bytes (14.1%)
(RDMA_READ_CONSUME_CHECK_CONSUMER) timestamp=6460 ms, used_size=5765120 bytes (14.1%)
(RDMA_READ_CONSUME_CHECK_CONSUMER) timestamp=6460 ms, used_size=5763072 bytes (14.1%)
(RDMA_READ_CONSUME_CHECK_CONSUMER) timestamp=6460 ms, used_size=5761024 bytes (14.1%)
(RDMA_READ_CONSUME_CHECK_CONSUMER) timestamp=6460 ms, used_size=5758976 bytes (14.1%)
(RDMA_READ_CONSUME_CHECK_CONSUMER) timestamp=6460 ms, used_size=5756928 bytes (14.1%)
(RDMA_READ_CONSUME_CHECK_CONSUMER) timestamp=6460 ms, used_size=5754880 bytes (14.1%)
(RDMA_READ_CONSUME_CHECK_CONSUMER) timestamp=6460 ms, used_size=5752832 bytes (14.0%)
(RDMA_READ_CONSUME_CHECK_CONSUMER) timestamp=6460 ms, used_size=5750784 bytes (14.0%)
(RDMA_READ_CONSUME_CHECK_CONSUMER) timestamp=6460 ms, used_size=5748736 bytes (14.0%)
(RDMA_READ_CONSUME_CHECK_CONSUMER) timestamp=6460 ms, used_size=5746688 bytes (14.0%)
(RDMA_READ_CONSUME_CHECK_CONSUMER) timestamp=6460 ms, used_size=5744640 bytes (14.0%)
(RDMA_READ_CONSUME_CHECK_CONSUMER) timestamp=6460 ms, used_size=5742592 bytes (14.0%)
(RDMA_READ_CONSUME_CHECK_CONSUMER) timestamp=6460 ms, used_size=5740544 bytes (14.0%)
(RDMA_READ_CONSUME_CHECK_CONSUMER) timestamp=6460 ms, used_size=5738496 bytes (14.0%)
(RDMA_READ_CONSUME_CHECK_CONSUMER) timestamp=6460 ms, used_size=5736448 bytes (14.0%)
(RDMA_READ_CONSUME_CHECK_CONSUMER) timestamp=6460 ms, used_size=5734400 bytes (14.0%)
(RDMA_READ_CONSUME_CHECK_CONSUMER) timestamp=6460 ms, used_size=5732352 bytes (14.0%)
(RDMA_READ_CONSUME_CHECK_CONSUMER) timestamp=6460 ms, used_size=5730304 bytes (14.0%)
(RDMA_READ_CONSUME_CHECK_CONSUMER) timestamp=6460 ms, used_size=5728256 bytes (14.0%)
(RDMA_READ_CONSUME_CHECK_CONSUMER) timestamp=6460 ms, used_size=5726208 bytes (14.0%)
(RDMA_READ_CONSUME_CHECK_CONSUMER) timestamp=6460 ms, used_size=5724160 bytes (14.0%)
(RDMA_READ_CONSUME_CHECK_CONSUMER) timestamp=6460 ms, used_size=5722112 bytes (14.0%)
(RDMA_READ_CONSUME_CHECK_CONSUMER) timestamp=6460 ms, used_size=5720064 bytes (14.0%)
(RDMA_READ_CONSUME_CHECK_CONSUMER) timestamp=6460 ms, used_size=5718016 bytes (14.0%)
(RDMA_READ_CONSUME_CHECK_CONSUMER) timestamp=6460 ms, used_size=5715968 bytes (14.0%)
(RDMA_READ_CONSUME_CHECK_CONSUMER) timestamp=6460 ms, used_size=5713920 bytes (13.9%)
(RDMA_READ_CONSUME_CHECK_CONSUMER) timestamp=6460 ms, used_size=5711872 bytes (13.9%)
(RDMA_READ_CONSUME_CHECK_CONSUMER) timestamp=6460 ms, used_size=5709824 bytes (13.9%)
(RDMA_READ_CONSUME_CHECK_CONSUMER) timestamp=6460 ms, used_size=5707776 bytes (13.9%)
(RDMA_READ_CONSUME_CHECK_CONSUMER) timestamp=6460 ms, used_size=5705728 bytes (13.9%)
(RDMA_READ_CONSUME_CHECK_CONSUMER) timestamp=6460 ms, used_size=5703680 bytes (13.9%)
(RDMA_READ_CONSUME_CHECK_CONSUMER) timestamp=6460 ms, used_size=5701632 bytes (13.9%)
(RDMA_READ_CONSUME_CHECK_CONSUMER) timestamp=6460 ms, used_size=5699584 bytes (13.9%)
(RDMA_READ_CONSUME_CHECK_CONSUMER) timestamp=6460 ms, used_size=5697536 bytes (13.9%)
(RDMA_READ_CONSUME_CHECK_CONSUMER) timestamp=6460 ms, used_size=5695488 bytes (13.9%)
(RDMA_READ_CONSUME_CHECK_CONSUMER) timestamp=6460 ms, used_size=5693440 bytes (13.9%)
(RDMA_READ_CONSUME_CHECK_CONSUMER) timestamp=6460 ms, used_size=5691392 bytes (13.9%)
(RDMA_READ_CONSUME_CHECK_CONSUMER) timestamp=6460 ms, used_size=5689344 bytes (13.9%)
(RDMA_READ_CONSUME_CHECK_CONSUMER) timestamp=6460 ms, used_size=5687296 bytes (13.9%)
(RDMA_READ_CONSUME_CHECK_CONSUMER) timestamp=6460 ms, used_size=5685248 bytes (13.9%)
(RDMA_READ_CONSUME_CHECK_CONSUMER) timestamp=6460 ms, used_size=5683200 bytes (13.9%)
(RDMA_READ_CONSUME_CHECK_CONSUMER) timestamp=6460 ms, used_size=5681152 bytes (13.9%)
(RDMA_READ_CONSUME_CHECK_CONSUMER) timestamp=6460 ms, used_size=5679104 bytes (13.9%)
(RDMA_READ_CONSUME_CHECK_CONSUMER) timestamp=6460 ms, used_size=5677056 bytes (13.9%)
(RDMA_READ_CONSUME_CHECK_CONSUMER) timestamp=6460 ms, used_size=5675008 bytes (13.9%)
(RDMA_READ_CONSUME_CHECK_CONSUMER) timestamp=6460 ms, used_size=5672960 bytes (13.8%)
(RDMA_READ_CONSUME_CHECK_CONSUMER) timestamp=6460 ms, used_size=5670912 bytes (13.8%)
(RDMA_READ_CONSUME_CHECK_CONSUMER) timestamp=6460 ms, used_size=5668864 bytes (13.8%)
(RDMA_READ_CONSUME_CHECK_CONSUMER) timestamp=6460 ms, used_size=5666816 bytes (13.8%)
(RDMA_READ_CONSUME_CHECK_CONSUMER) timestamp=6460 ms, used_size=5664768 bytes (13.8%)
(RDMA_READ_CONSUME_CHECK_CONSUMER) timestamp=6460 ms, used_size=5662720 bytes (13.8%)
(RDMA_READ_CONSUME_CHECK_CONSUMER) timestamp=6460 ms, used_size=5660672 bytes (13.8%)
(RDMA_READ_CONSUME_CHECK_CONSUMER) timestamp=6460 ms, used_size=5658624 bytes (13.8%)
(RDMA_READ_CONSUME_CHECK_CONSUMER) timestamp=6460 ms, used_size=5656576 bytes (13.8%)
(RDMA_READ_CONSUME_CHECK_CONSUMER) timestamp=6460 ms, used_size=5654528 bytes (13.8%)
(RDMA_READ_CONSUME_CHECK_CONSUMER) timestamp=6460 ms, used_size=5652480 bytes (13.8%)
(RDMA_READ_CONSUME_CHECK_CONSUMER) timestamp=6460 ms, used_size=5650432 bytes (13.8%)
(RDMA_READ_CONSUME_CHECK_CONSUMER) timestamp=6460 ms, used_size=5648384 bytes (13.8%)
(RDMA_READ_CONSUME_CHECK_CONSUMER) timestamp=6460 ms, used_size=5646336 bytes (13.8%)
(RDMA_READ_CONSUME_CHECK_CONSUMER) timestamp=6460 ms, used_size=5644288 bytes (13.8%)
(RDMA_READ_CONSUME_CHECK_CONSUMER) timestamp=6460 ms, used_size=5642240 bytes (13.8%)
(RDMA_READ_CONSUME_CHECK_CONSUMER) timestamp=6460 ms, used_size=5640192 bytes (13.8%)
(RDMA_READ_CONSUME_CHECK_CONSUMER) timestamp=6460 ms, used_size=5638144 bytes (13.8%)
(RDMA_READ_CONSUME_CHECK_CONSUMER) timestamp=6460 ms, used_size=5636096 bytes (13.8%)
(RDMA_READ_CONSUME_CHECK_CONSUMER) timestamp=6460 ms, used_size=5634048 bytes (13.8%)
(RDMA_READ_CONSUME_CHECK_CONSUMER) timestamp=6460 ms, used_size=5632000 bytes (13.8%)
(RDMA_READ_CONSUME_CHECK_CONSUMER) timestamp=6460 ms, used_size=5629952 bytes (13.7%)
(RDMA_READ_CONSUME_CHECK_CONSUMER) timestamp=6460 ms, used_size=5627904 bytes (13.7%)
(RDMA_READ_CONSUME_CHECK_CONSUMER) timestamp=6460 ms, used_size=5625856 bytes (13.7%)
(RDMA_READ_CONSUME_CHECK_CONSUMER) timestamp=6460 ms, used_size=5623808 bytes (13.7%)
(RDMA_READ_CONSUME_CHECK_CONSUMER) timestamp=6460 ms, used_size=5621760 bytes (13.7%)
(RDMA_READ_CONSUME_CHECK_CONSUMER) timestamp=6460 ms, used_size=5619712 bytes (13.7%)
(RDMA_READ_CONSUME_CHECK_CONSUMER) timestamp=6460 ms, used_size=5617664 bytes (13.7%)
(RDMA_READ_CONSUME_CHECK_CONSUMER) timestamp=6460 ms, used_size=5615616 bytes (13.7%)
(RDMA_READ_CONSUME_CHECK_CONSUMER) timestamp=6460 ms, used_size=5613568 bytes (13.7%)
(RDMA_READ_CONSUME_CHECK_CONSUMER) timestamp=6460 ms, used_size=5611520 bytes (13.7%)
(RDMA_READ_CONSUME_CHECK_CONSUMER) timestamp=6460 ms, used_size=5609472 bytes (13.7%)
(RDMA_READ_CONSUME_CHECK_CONSUMER) timestamp=6460 ms, used_size=5607424 bytes (13.7%)
(RDMA_READ_CONSUME_CHECK_CONSUMER) timestamp=6460 ms, used_size=5605376 bytes (13.7%)
(RDMA_READ_CONSUME_CHECK_CONSUMER) timestamp=6460 ms, used_size=5603328 bytes (13.7%)
(RDMA_READ_CONSUME_CHECK_CONSUMER) timestamp=6460 ms, used_size=5601280 bytes (13.7%)
(RDMA_READ_CONSUME_CHECK_CONSUMER) timestamp=6460 ms, used_size=5599232 bytes (13.7%)
(RDMA_READ_CONSUME_CHECK_CONSUMER) timestamp=6460 ms, used_size=5597184 bytes (13.7%)
(RDMA_READ_CONSUME_CHECK_CONSUMER) timestamp=6460 ms, used_size=5595136 bytes (13.7%)
(RDMA_READ_CONSUME_CHECK_CONSUMER) timestamp=6461 ms, used_size=5593088 bytes (13.7%)
(RDMA_READ_CONSUME_CHECK_CONSUMER) timestamp=6461 ms, used_size=5591040 bytes (13.7%)
(RDMA_READ_CONSUME_CHECK_CONSUMER) timestamp=6461 ms, used_size=5588992 bytes (13.6%)
(RDMA_READ_CONSUME_CHECK_CONSUMER) timestamp=6461 ms, used_size=5586944 bytes (13.6%)
(RDMA_READ_CONSUME_CHECK_CONSUMER) timestamp=6461 ms, used_size=5584896 bytes (13.6%)
(RDMA_READ_CONSUME_CHECK_CONSUMER) timestamp=6461 ms, used_size=5582848 bytes (13.6%)
(RDMA_READ_CONSUME_CHECK_CONSUMER) timestamp=6461 ms, used_size=5580800 bytes (13.6%)
(RDMA_READ_CONSUME_CHECK_CONSUMER) timestamp=6461 ms, used_size=5578752 bytes (13.6%)
(RDMA_READ_CONSUME_CHECK_CONSUMER) timestamp=6461 ms, used_size=5576704 bytes (13.6%)
(RDMA_READ_CONSUME_CHECK_CONSUMER) timestamp=6461 ms, used_size=5574656 bytes (13.6%)
(RDMA_READ_CONSUME_CHECK_CONSUMER) timestamp=6461 ms, used_size=5572608 bytes (13.6%)
(RDMA_READ_CONSUME_CHECK_CONSUMER) timestamp=6461 ms, used_size=5570560 bytes (13.6%)
(RDMA_READ_CONSUME_CHECK_CONSUMER) timestamp=6461 ms, used_size=5568512 bytes (13.6%)
(RDMA_READ_CONSUME_CHECK_CONSUMER) timestamp=6461 ms, used_size=5566464 bytes (13.6%)
(RDMA_READ_CONSUME_CHECK_CONSUMER) timestamp=6461 ms, used_size=5564416 bytes (13.6%)
(RDMA_READ_CONSUME_CHECK_CONSUMER) timestamp=6461 ms, used_size=5562368 bytes (13.6%)
(RDMA_READ_CONSUME_CHECK_CONSUMER) timestamp=6461 ms, used_size=5560320 bytes (13.6%)
(RDMA_READ_CONSUME_CHECK_CONSUMER) timestamp=6461 ms, used_size=5558272 bytes (13.6%)
(RDMA_READ_CONSUME_CHECK_CONSUMER) timestamp=6461 ms, used_size=5556224 bytes (13.6%)
(RDMA_READ_CONSUME_CHECK_CONSUMER) timestamp=6461 ms, used_size=5554176 bytes (13.6%)
(RDMA_READ_CONSUME_CHECK_CONSUMER) timestamp=6461 ms, used_size=5552128 bytes (13.6%)
(RDMA_READ_CONSUME_CHECK_CONSUMER) timestamp=6461 ms, used_size=5550080 bytes (13.6%)
(RDMA_READ_CONSUME_CHECK_CONSUMER) timestamp=6461 ms, used_size=5548032 bytes (13.5%)
(RDMA_READ_CONSUME_CHECK_CONSUMER) timestamp=6461 ms, used_size=5545984 bytes (13.5%)
(RDMA_READ_CONSUME_CHECK_CONSUMER) timestamp=6461 ms, used_size=5543936 bytes (13.5%)
(RDMA_READ_CONSUME_CHECK_CONSUMER) timestamp=6461 ms, used_size=5541888 bytes (13.5%)
(RDMA_READ_CONSUME_CHECK_CONSUMER) timestamp=6461 ms, used_size=5539840 bytes (13.5%)
(RDMA_READ_CONSUME_CHECK_CONSUMER) timestamp=6461 ms, used_size=5537792 bytes (13.5%)
(RDMA_READ_CONSUME_CHECK_CONSUMER) timestamp=6461 ms, used_size=5535744 bytes (13.5%)
(RDMA_READ_CONSUME_CHECK_CONSUMER) timestamp=6461 ms, used_size=5533696 bytes (13.5%)
(RDMA_READ_CONSUME_CHECK_CONSUMER) timestamp=6461 ms, used_size=5531648 bytes (13.5%)
(RDMA_READ_CONSUME_CHECK_CONSUMER) timestamp=6461 ms, used_size=5529600 bytes (13.5%)
(RDMA_READ_CONSUME_CHECK_CONSUMER) timestamp=6461 ms, used_size=5527552 bytes (13.5%)
(RDMA_READ_CONSUME_CHECK_CONSUMER) timestamp=6461 ms, used_size=5525504 bytes (13.5%)
(RDMA_READ_CONSUME_CHECK_CONSUMER) timestamp=6461 ms, used_size=5523456 bytes (13.5%)
(RDMA_READ_CONSUME_CHECK_CONSUMER) timestamp=6461 ms, used_size=5521408 bytes (13.5%)
(RDMA_READ_CONSUME_CHECK_CONSUMER) timestamp=6461 ms, used_size=5519360 bytes (13.5%)
(RDMA_READ_CONSUME_CHECK_CONSUMER) timestamp=6461 ms, used_size=5517312 bytes (13.5%)
(RDMA_READ_CONSUME_CHECK_CONSUMER) timestamp=6461 ms, used_size=5515264 bytes (13.5%)
(RDMA_READ_CONSUME_CHECK_CONSUMER) timestamp=6461 ms, used_size=5513216 bytes (13.5%)
(RDMA_READ_CONSUME_CHECK_CONSUMER) timestamp=6461 ms, used_size=5511168 bytes (13.5%)
(RDMA_READ_CONSUME_CHECK_CONSUMER) timestamp=6461 ms, used_size=5509120 bytes (13.4%)
(RDMA_READ_CONSUME_CHECK_CONSUMER) timestamp=6461 ms, used_size=5507072 bytes (13.4%)
(RDMA_READ_CONSUME_CHECK_CONSUMER) timestamp=6461 ms, used_size=5505024 bytes (13.4%)
(RDMA_READ_CONSUME_CHECK_CONSUMER) timestamp=6461 ms, used_size=5502976 bytes (13.4%)
(RDMA_READ_CONSUME_CHECK_CONSUMER) timestamp=6461 ms, used_size=5500928 bytes (13.4%)
(RDMA_READ_CONSUME_CHECK_CONSUMER) timestamp=6461 ms, used_size=5498880 bytes (13.4%)
(RDMA_READ_CONSUME_CHECK_CONSUMER) timestamp=6461 ms, used_size=5496832 bytes (13.4%)
(RDMA_READ_CONSUME_CHECK_CONSUMER) timestamp=6461 ms, used_size=5494784 bytes (13.4%)
(RDMA_READ_CONSUME_CHECK_CONSUMER) timestamp=6461 ms, used_size=5492736 bytes (13.4%)
(RDMA_READ_CONSUME_CHECK_CONSUMER) timestamp=6461 ms, used_size=5490688 bytes (13.4%)
(RDMA_READ_CONSUME_CHECK_CONSUMER) timestamp=6461 ms, used_size=5488640 bytes (13.4%)
(RDMA_READ_CONSUME_CHECK_CONSUMER) timestamp=6461 ms, used_size=5486592 bytes (13.4%)
(RDMA_READ_CONSUME_CHECK_CONSUMER) timestamp=6461 ms, used_size=5484544 bytes (13.4%)
(RDMA_READ_CONSUME_CHECK_CONSUMER) timestamp=6461 ms, used_size=5482496 bytes (13.4%)
(RDMA_READ_CONSUME_CHECK_CONSUMER) timestamp=6461 ms, used_size=5480448 bytes (13.4%)
(RDMA_READ_CONSUME_CHECK_CONSUMER) timestamp=6461 ms, used_size=5478400 bytes (13.4%)
(RDMA_READ_CONSUME_CHECK_CONSUMER) timestamp=6461 ms, used_size=5476352 bytes (13.4%)
(RDMA_READ_CONSUME_CHECK_CONSUMER) timestamp=6461 ms, used_size=5474304 bytes (13.4%)
(RDMA_READ_CONSUME_CHECK_CONSUMER) timestamp=6461 ms, used_size=5472256 bytes (13.4%)
(RDMA_READ_CONSUME_CHECK_CONSUMER) timestamp=6461 ms, used_size=5470208 bytes (13.4%)
(RDMA_READ_CONSUME_CHECK_CONSUMER) timestamp=6461 ms, used_size=5468160 bytes (13.3%)
(RDMA_READ_CONSUME_CHECK_CONSUMER) timestamp=6461 ms, used_size=5466112 bytes (13.3%)
(RDMA_READ_CONSUME_CHECK_CONSUMER) timestamp=6461 ms, used_size=5464064 bytes (13.3%)
(RDMA_READ_CONSUME_CHECK_CONSUMER) timestamp=6461 ms, used_size=5462016 bytes (13.3%)
(RDMA_READ_CONSUME_CHECK_CONSUMER) timestamp=6461 ms, used_size=5459968 bytes (13.3%)
(RDMA_READ_CONSUME_CHECK_CONSUMER) timestamp=6461 ms, used_size=5457920 bytes (13.3%)
(RDMA_READ_CONSUME_CHECK_CONSUMER) timestamp=6461 ms, used_size=5455872 bytes (13.3%)
(RDMA_READ_CONSUME_CHECK_CONSUMER) timestamp=6461 ms, used_size=5453824 bytes (13.3%)
(RDMA_READ_CONSUME_CHECK_CONSUMER) timestamp=6461 ms, used_size=5451776 bytes (13.3%)
(RDMA_READ_CONSUME_CHECK_CONSUMER) timestamp=6461 ms, used_size=5449728 bytes (13.3%)
(RDMA_READ_CONSUME_CHECK_CONSUMER) timestamp=6461 ms, used_size=5447680 bytes (13.3%)
(RDMA_READ_CONSUME_CHECK_CONSUMER) timestamp=6461 ms, used_size=5445632 bytes (13.3%)
(RDMA_READ_CONSUME_CHECK_CONSUMER) timestamp=6461 ms, used_size=5443584 bytes (13.3%)
(RDMA_READ_CONSUME_CHECK_CONSUMER) timestamp=6461 ms, used_size=5441536 bytes (13.3%)
(RDMA_READ_CONSUME_CHECK_CONSUMER) timestamp=6461 ms, used_size=5439488 bytes (13.3%)
(RDMA_READ_CONSUME_CHECK_CONSUMER) timestamp=6461 ms, used_size=5437440 bytes (13.3%)
(RDMA_READ_CONSUME_CHECK_CONSUMER) timestamp=6461 ms, used_size=5435392 bytes (13.3%)
(RDMA_READ_CONSUME_CHECK_CONSUMER) timestamp=6461 ms, used_size=5433344 bytes (13.3%)
(RDMA_READ_CONSUME_CHECK_CONSUMER) timestamp=6461 ms, used_size=5431296 bytes (13.3%)
(RDMA_READ_CONSUME_CHECK_CONSUMER) timestamp=6461 ms, used_size=5429248 bytes (13.3%)
(RDMA_READ_CONSUME_CHECK_CONSUMER) timestamp=6461 ms, used_size=5427200 bytes (13.2%)
(RDMA_READ_CONSUME_CHECK_CONSUMER) timestamp=6461 ms, used_size=5425152 bytes (13.2%)
(RDMA_READ_CONSUME_CHECK_CONSUMER) timestamp=6461 ms, used_size=5423104 bytes (13.2%)
(RDMA_READ_CONSUME_CHECK_CONSUMER) timestamp=6461 ms, used_size=5421056 bytes (13.2%)
(RDMA_READ_CONSUME_CHECK_CONSUMER) timestamp=6461 ms, used_size=5419008 bytes (13.2%)
(RDMA_READ_CONSUME_CHECK_CONSUMER) timestamp=6461 ms, used_size=5416960 bytes (13.2%)
(RDMA_READ_CONSUME_CHECK_CONSUMER) timestamp=6461 ms, used_size=5414912 bytes (13.2%)
(RDMA_READ_CONSUME_CHECK_CONSUMER) timestamp=6461 ms, used_size=5412864 bytes (13.2%)
(RDMA_READ_CONSUME_CHECK_CONSUMER) timestamp=6461 ms, used_size=5410816 bytes (13.2%)
(RDMA_READ_CONSUME_CHECK_CONSUMER) timestamp=6461 ms, used_size=5408768 bytes (13.2%)
(RDMA_READ_CONSUME_CHECK_CONSUMER) timestamp=6461 ms, used_size=5406720 bytes (13.2%)
(RDMA_READ_CONSUME_CHECK_CONSUMER) timestamp=6461 ms, used_size=5404672 bytes (13.2%)
(RDMA_READ_CONSUME_CHECK_CONSUMER) timestamp=6461 ms, used_size=5402624 bytes (13.2%)
(RDMA_READ_CONSUME_CHECK_CONSUMER) timestamp=6461 ms, used_size=5400576 bytes (13.2%)
(RDMA_READ_CONSUME_CHECK_CONSUMER) timestamp=6461 ms, used_size=5398528 bytes (13.2%)
(RDMA_READ_CONSUME_CHECK_CONSUMER) timestamp=6461 ms, used_size=5396480 bytes (13.2%)
(RDMA_READ_CONSUME_CHECK_CONSUMER) timestamp=6461 ms, used_size=5394432 bytes (13.2%)
(RDMA_READ_CONSUME_CHECK_CONSUMER) timestamp=6461 ms, used_size=5392384 bytes (13.2%)
(RDMA_READ_CONSUME_CHECK_CONSUMER) timestamp=6461 ms, used_size=5390336 bytes (13.2%)
(RDMA_READ_CONSUME_CHECK_CONSUMER) timestamp=6461 ms, used_size=5388288 bytes (13.2%)
(RDMA_READ_CONSUME_CHECK_CONSUMER) timestamp=6461 ms, used_size=5386240 bytes (13.2%)
(RDMA_READ_CONSUME_CHECK_CONSUMER) timestamp=6461 ms, used_size=5384192 bytes (13.1%)
(RDMA_READ_CONSUME_CHECK_CONSUMER) timestamp=6461 ms, used_size=5382144 bytes (13.1%)
(RDMA_READ_CONSUME_CHECK_CONSUMER) timestamp=6461 ms, used_size=5380096 bytes (13.1%)
(RDMA_READ_CONSUME_CHECK_CONSUMER) timestamp=6461 ms, used_size=5378048 bytes (13.1%)
(RDMA_READ_CONSUME_CHECK_CONSUMER) timestamp=6461 ms, used_size=5376000 bytes (13.1%)
(RDMA_READ_CONSUME_CHECK_CONSUMER) timestamp=6461 ms, used_size=5373952 bytes (13.1%)
(RDMA_READ_CONSUME_CHECK_CONSUMER) timestamp=6461 ms, used_size=5371904 bytes (13.1%)
(RDMA_READ_CONSUME_CHECK_CONSUMER) timestamp=6461 ms, used_size=5369856 bytes (13.1%)
(RDMA_READ_CONSUME_CHECK_CONSUMER) timestamp=6461 ms, used_size=5367808 bytes (13.1%)
(RDMA_READ_CONSUME_CHECK_CONSUMER) timestamp=6461 ms, used_size=5365760 bytes (13.1%)
(RDMA_READ_CONSUME_CHECK_CONSUMER) timestamp=6461 ms, used_size=5363712 bytes (13.1%)
(RDMA_READ_CONSUME_CHECK_CONSUMER) timestamp=6461 ms, used_size=5361664 bytes (13.1%)
(RDMA_READ_CONSUME_CHECK_CONSUMER) timestamp=6461 ms, used_size=5359616 bytes (13.1%)
(RDMA_READ_CONSUME_CHECK_CONSUMER) timestamp=6461 ms, used_size=5357568 bytes (13.1%)
(RDMA_READ_CONSUME_CHECK_CONSUMER) timestamp=6461 ms, used_size=5355520 bytes (13.1%)
(RDMA_READ_CONSUME_CHECK_CONSUMER) timestamp=6461 ms, used_size=5353472 bytes (13.1%)
(RDMA_READ_CONSUME_CHECK_CONSUMER) timestamp=6461 ms, used_size=5351424 bytes (13.1%)
(RDMA_READ_CONSUME_CHECK_CONSUMER) timestamp=6461 ms, used_size=5349376 bytes (13.1%)
(RDMA_READ_CONSUME_CHECK_CONSUMER) timestamp=6461 ms, used_size=5347328 bytes (13.1%)
(RDMA_READ_CONSUME_CHECK_CONSUMER) timestamp=6461 ms, used_size=5345280 bytes (13.1%)
(RDMA_READ_CONSUME_CHECK_CONSUMER) timestamp=6461 ms, used_size=5343232 bytes (13.0%)
(RDMA_READ_CONSUME_CHECK_CONSUMER) timestamp=6461 ms, used_size=5341184 bytes (13.0%)
(RDMA_READ_CONSUME_CHECK_CONSUMER) timestamp=6461 ms, used_size=5339136 bytes (13.0%)
(RDMA_READ_CONSUME_CHECK_CONSUMER) timestamp=6461 ms, used_size=5337088 bytes (13.0%)
(RDMA_READ_CONSUME_CHECK_CONSUMER) timestamp=6461 ms, used_size=5335040 bytes (13.0%)
(RDMA_READ_CONSUME_CHECK_CONSUMER) timestamp=6461 ms, used_size=5332992 bytes (13.0%)
(RDMA_READ_CONSUME_CHECK_CONSUMER) timestamp=6461 ms, used_size=5330944 bytes (13.0%)
(RDMA_READ_CONSUME_CHECK_CONSUMER) timestamp=6461 ms, used_size=5328896 bytes (13.0%)
(RDMA_READ_CONSUME_CHECK_CONSUMER) timestamp=6461 ms, used_size=5326848 bytes (13.0%)
(RDMA_READ_CONSUME_CHECK_CONSUMER) timestamp=6461 ms, used_size=5324800 bytes (13.0%)
(RDMA_READ_CONSUME_CHECK_CONSUMER) timestamp=6461 ms, used_size=5322752 bytes (13.0%)
(RDMA_READ_CONSUME_CHECK_CONSUMER) timestamp=6461 ms, used_size=5320704 bytes (13.0%)
(RDMA_READ_CONSUME_CHECK_CONSUMER) timestamp=6461 ms, used_size=5318656 bytes (13.0%)
(RDMA_READ_CONSUME_CHECK_CONSUMER) timestamp=6461 ms, used_size=5316608 bytes (13.0%)
(RDMA_READ_CONSUME_CHECK_CONSUMER) timestamp=6461 ms, used_size=5314560 bytes (13.0%)
(RDMA_READ_CONSUME_CHECK_CONSUMER) timestamp=6461 ms, used_size=5312512 bytes (13.0%)
(RDMA_READ_CONSUME_CHECK_CONSUMER) timestamp=6461 ms, used_size=5310464 bytes (13.0%)
(RDMA_READ_CONSUME_CHECK_CONSUMER) timestamp=6461 ms, used_size=5308416 bytes (13.0%)
(RDMA_READ_CONSUME_CHECK_CONSUMER) timestamp=6461 ms, used_size=5306368 bytes (13.0%)
(RDMA_READ_CONSUME_CHECK_CONSUMER) timestamp=6461 ms, used_size=5304320 bytes (12.9%)
(RDMA_READ_CONSUME_CHECK_CONSUMER) timestamp=6461 ms, used_size=5302272 bytes (12.9%)
(RDMA_READ_CONSUME_CHECK_CONSUMER) timestamp=6461 ms, used_size=5300224 bytes (12.9%)
(RDMA_READ_CONSUME_CHECK_CONSUMER) timestamp=6461 ms, used_size=5298176 bytes (12.9%)
(RDMA_READ_CONSUME_CHECK_CONSUMER) timestamp=6461 ms, used_size=5296128 bytes (12.9%)
(RDMA_READ_CONSUME_CHECK_CONSUMER) timestamp=6461 ms, used_size=5294080 bytes (12.9%)
(RDMA_READ_CONSUME_CHECK_CONSUMER) timestamp=6461 ms, used_size=5292032 bytes (12.9%)
(RDMA_READ_CONSUME_CHECK_CONSUMER) timestamp=6461 ms, used_size=5289984 bytes (12.9%)
(RDMA_READ_CONSUME_CHECK_CONSUMER) timestamp=6461 ms, used_size=5287936 bytes (12.9%)
(RDMA_READ_CONSUME_CHECK_CONSUMER) timestamp=6461 ms, used_size=5285888 bytes (12.9%)
(RDMA_READ_CONSUME_CHECK_CONSUMER) timestamp=6461 ms, used_size=5283840 bytes (12.9%)
(RDMA_READ_CONSUME_CHECK_CONSUMER) timestamp=6461 ms, used_size=5281792 bytes (12.9%)
(RDMA_READ_CONSUME_CHECK_CONSUMER) timestamp=6461 ms, used_size=5279744 bytes (12.9%)
(RDMA_READ_CONSUME_CHECK_CONSUMER) timestamp=6461 ms, used_size=5277696 bytes (12.9%)
(RDMA_READ_CONSUME_CHECK_CONSUMER) timestamp=6461 ms, used_size=5275648 bytes (12.9%)
(RDMA_READ_CONSUME_CHECK_CONSUMER) timestamp=6461 ms, used_size=5273600 bytes (12.9%)
(RDMA_READ_CONSUME_CHECK_CONSUMER) timestamp=6461 ms, used_size=5271552 bytes (12.9%)
(RDMA_READ_CONSUME_CHECK_CONSUMER) timestamp=6461 ms, used_size=5269504 bytes (12.9%)
(RDMA_READ_CONSUME_CHECK_CONSUMER) timestamp=6461 ms, used_size=5267456 bytes (12.9%)
(RDMA_READ_CONSUME_CHECK_CONSUMER) timestamp=6461 ms, used_size=5265408 bytes (12.9%)
(RDMA_READ_CONSUME_CHECK_CONSUMER) timestamp=6461 ms, used_size=5263360 bytes (12.8%)
(RDMA_READ_CONSUME_CHECK_CONSUMER) timestamp=6461 ms, used_size=5261312 bytes (12.8%)
(RDMA_READ_CONSUME_CHECK_CONSUMER) timestamp=6461 ms, used_size=5259264 bytes (12.8%)
(RDMA_READ_CONSUME_CHECK_CONSUMER) timestamp=6461 ms, used_size=5257216 bytes (12.8%)
(RDMA_READ_CONSUME_CHECK_CONSUMER) timestamp=6461 ms, used_size=5255168 bytes (12.8%)
(RDMA_READ_CONSUME_CHECK_CONSUMER) timestamp=6461 ms, used_size=5253120 bytes (12.8%)
(RDMA_READ_CONSUME_CHECK_CONSUMER) timestamp=6461 ms, used_size=5251072 bytes (12.8%)
(RDMA_READ_CONSUME_CHECK_CONSUMER) timestamp=6461 ms, used_size=5249024 bytes (12.8%)
(RDMA_READ_CONSUME_CHECK_CONSUMER) timestamp=6461 ms, used_size=5246976 bytes (12.8%)
(RDMA_READ_CONSUME_CHECK_CONSUMER) timestamp=6461 ms, used_size=5244928 bytes (12.8%)
(RDMA_READ_CONSUME_CHECK_CONSUMER) timestamp=6461 ms, used_size=5242880 bytes (12.8%)
(RDMA_READ_CONSUME_CHECK_CONSUMER) timestamp=6461 ms, used_size=5240832 bytes (12.8%)
(RDMA_READ_CONSUME_CHECK_CONSUMER) timestamp=6461 ms, used_size=5238784 bytes (12.8%)
(RDMA_READ_CONSUME_CHECK_CONSUMER) timestamp=6461 ms, used_size=5236736 bytes (12.8%)
(RDMA_READ_CONSUME_CHECK_CONSUMER) timestamp=6461 ms, used_size=5234688 bytes (12.8%)
(RDMA_READ_CONSUME_CHECK_CONSUMER) timestamp=6461 ms, used_size=5232640 bytes (12.8%)
(RDMA_READ_CONSUME_CHECK_CONSUMER) timestamp=6461 ms, used_size=5230592 bytes (12.8%)
(RDMA_READ_CONSUME_CHECK_CONSUMER) timestamp=6462 ms, used_size=5228544 bytes (12.8%)
(RDMA_READ_CONSUME_CHECK_CONSUMER) timestamp=6462 ms, used_size=5226496 bytes (12.8%)
(RDMA_READ_CONSUME_CHECK_CONSUMER) timestamp=6462 ms, used_size=5224448 bytes (12.8%)
(RDMA_READ_CONSUME_CHECK_CONSUMER) timestamp=6462 ms, used_size=5222400 bytes (12.8%)
(RDMA_READ_CONSUME_CHECK_CONSUMER) timestamp=6462 ms, used_size=5220352 bytes (12.7%)
(RDMA_READ_CONSUME_CHECK_CONSUMER) timestamp=6462 ms, used_size=5218304 bytes (12.7%)
(RDMA_READ_CONSUME_CHECK_CONSUMER) timestamp=6462 ms, used_size=5216256 bytes (12.7%)
(RDMA_READ_CONSUME_CHECK_CONSUMER) timestamp=6462 ms, used_size=5214208 bytes (12.7%)
(RDMA_READ_CONSUME_CHECK_CONSUMER) timestamp=6462 ms, used_size=5212160 bytes (12.7%)
(RDMA_READ_CONSUME_CHECK_CONSUMER) timestamp=6462 ms, used_size=5210112 bytes (12.7%)
(RDMA_READ_CONSUME_CHECK_CONSUMER) timestamp=6462 ms, used_size=5208064 bytes (12.7%)
(RDMA_READ_CONSUME_CHECK_CONSUMER) timestamp=6462 ms, used_size=5206016 bytes (12.7%)
(RDMA_READ_CONSUME_CHECK_CONSUMER) timestamp=6462 ms, used_size=5203968 bytes (12.7%)
(RDMA_READ_CONSUME_CHECK_CONSUMER) timestamp=6462 ms, used_size=5201920 bytes (12.7%)
(RDMA_READ_CONSUME_CHECK_CONSUMER) timestamp=6462 ms, used_size=5199872 bytes (12.7%)
(RDMA_READ_CONSUME_CHECK_CONSUMER) timestamp=6462 ms, used_size=5197824 bytes (12.7%)
(RDMA_READ_CONSUME_CHECK_CONSUMER) timestamp=6462 ms, used_size=5195776 bytes (12.7%)
(RDMA_READ_CONSUME_CHECK_CONSUMER) timestamp=6462 ms, used_size=5193728 bytes (12.7%)
(RDMA_READ_CONSUME_CHECK_CONSUMER) timestamp=6462 ms, used_size=5191680 bytes (12.7%)
(RDMA_READ_CONSUME_CHECK_CONSUMER) timestamp=6462 ms, used_size=5189632 bytes (12.7%)
(RDMA_READ_CONSUME_CHECK_CONSUMER) timestamp=6462 ms, used_size=5187584 bytes (12.7%)
(RDMA_READ_CONSUME_CHECK_CONSUMER) timestamp=6462 ms, used_size=5185536 bytes (12.7%)
(RDMA_READ_CONSUME_CHECK_CONSUMER) timestamp=6462 ms, used_size=5183488 bytes (12.7%)
(RDMA_READ_CONSUME_CHECK_CONSUMER) timestamp=6462 ms, used_size=5181440 bytes (12.7%)
(RDMA_READ_CONSUME_CHECK_CONSUMER) timestamp=6462 ms, used_size=5179392 bytes (12.6%)
(RDMA_READ_CONSUME_CHECK_CONSUMER) timestamp=6462 ms, used_size=5177344 bytes (12.6%)
(RDMA_READ_CONSUME_CHECK_CONSUMER) timestamp=6462 ms, used_size=5175296 bytes (12.6%)
(RDMA_READ_CONSUME_CHECK_CONSUMER) timestamp=6462 ms, used_size=5173248 bytes (12.6%)
(RDMA_READ_CONSUME_CHECK_CONSUMER) timestamp=6462 ms, used_size=5171200 bytes (12.6%)
(RDMA_READ_CONSUME_CHECK_CONSUMER) timestamp=6462 ms, used_size=5169152 bytes (12.6%)
(RDMA_READ_CONSUME_CHECK_CONSUMER) timestamp=6462 ms, used_size=5167104 bytes (12.6%)
(RDMA_READ_CONSUME_CHECK_CONSUMER) timestamp=6462 ms, used_size=5165056 bytes (12.6%)
(RDMA_READ_CONSUME_CHECK_CONSUMER) timestamp=6462 ms, used_size=5163008 bytes (12.6%)
(RDMA_READ_CONSUME_CHECK_CONSUMER) timestamp=6462 ms, used_size=5160960 bytes (12.6%)
(RDMA_READ_CONSUME_CHECK_CONSUMER) timestamp=6462 ms, used_size=5158912 bytes (12.6%)
(RDMA_READ_CONSUME_CHECK_CONSUMER) timestamp=6462 ms, used_size=5156864 bytes (12.6%)
(RDMA_READ_CONSUME_CHECK_CONSUMER) timestamp=6462 ms, used_size=5154816 bytes (12.6%)
(RDMA_READ_CONSUME_CHECK_CONSUMER) timestamp=6462 ms, used_size=5152768 bytes (12.6%)
(RDMA_READ_CONSUME_CHECK_CONSUMER) timestamp=6462 ms, used_size=5150720 bytes (12.6%)
(RDMA_READ_CONSUME_CHECK_CONSUMER) timestamp=6462 ms, used_size=5148672 bytes (12.6%)
(RDMA_READ_CONSUME_CHECK_CONSUMER) timestamp=6462 ms, used_size=5146624 bytes (12.6%)
(RDMA_READ_CONSUME_CHECK_CONSUMER) timestamp=6462 ms, used_size=5144576 bytes (12.6%)
(RDMA_READ_CONSUME_CHECK_CONSUMER) timestamp=6462 ms, used_size=5142528 bytes (12.6%)
(RDMA_READ_CONSUME_CHECK_CONSUMER) timestamp=6462 ms, used_size=5140480 bytes (12.6%)
(RDMA_READ_CONSUME_CHECK_CONSUMER) timestamp=6462 ms, used_size=5138432 bytes (12.5%)
(RDMA_READ_CONSUME_CHECK_CONSUMER) timestamp=6462 ms, used_size=5136384 bytes (12.5%)
(RDMA_READ_CONSUME_CHECK_CONSUMER) timestamp=6462 ms, used_size=5134336 bytes (12.5%)
(RDMA_READ_CONSUME_CHECK_CONSUMER) timestamp=6462 ms, used_size=5132288 bytes (12.5%)
(RDMA_READ_CONSUME_CHECK_CONSUMER) timestamp=6462 ms, used_size=5130240 bytes (12.5%)
(RDMA_READ_CONSUME_CHECK_CONSUMER) timestamp=6462 ms, used_size=5128192 bytes (12.5%)
(RDMA_READ_CONSUME_CHECK_CONSUMER) timestamp=6462 ms, used_size=5126144 bytes (12.5%)
(RDMA_READ_CONSUME_CHECK_CONSUMER) timestamp=6462 ms, used_size=5124096 bytes (12.5%)
(RDMA_READ_CONSUME_CHECK_CONSUMER) timestamp=6462 ms, used_size=5122048 bytes (12.5%)
(RDMA_READ_CONSUME_CHECK_CONSUMER) timestamp=6462 ms, used_size=5120000 bytes (12.5%)
(RDMA_READ_CONSUME_CHECK_CONSUMER) timestamp=6462 ms, used_size=5117952 bytes (12.5%)
(RDMA_READ_CONSUME_CHECK_CONSUMER) timestamp=6462 ms, used_size=5115904 bytes (12.5%)
(RDMA_READ_CONSUME_CHECK_CONSUMER) timestamp=6462 ms, used_size=5113856 bytes (12.5%)
(RDMA_READ_CONSUME_CHECK_CONSUMER) timestamp=6462 ms, used_size=5111808 bytes (12.5%)
(RDMA_READ_CONSUME_CHECK_CONSUMER) timestamp=6462 ms, used_size=5109760 bytes (12.5%)
(RDMA_READ_CONSUME_CHECK_CONSUMER) timestamp=6462 ms, used_size=5107712 bytes (12.5%)
(RDMA_READ_CONSUME_CHECK_CONSUMER) timestamp=6462 ms, used_size=5105664 bytes (12.5%)
(RDMA_READ_CONSUME_CHECK_CONSUMER) timestamp=6462 ms, used_size=5103616 bytes (12.5%)
(RDMA_READ_CONSUME_CHECK_CONSUMER) timestamp=6462 ms, used_size=5101568 bytes (12.5%)
(RDMA_READ_CONSUME_CHECK_CONSUMER) timestamp=6462 ms, used_size=5099520 bytes (12.4%)
(RDMA_READ_CONSUME_CHECK_CONSUMER) timestamp=6462 ms, used_size=5097472 bytes (12.4%)
(RDMA_READ_CONSUME_CHECK_CONSUMER) timestamp=6462 ms, used_size=5095424 bytes (12.4%)
(RDMA_READ_CONSUME_CHECK_CONSUMER) timestamp=6462 ms, used_size=5093376 bytes (12.4%)
(RDMA_READ_CONSUME_CHECK_CONSUMER) timestamp=6462 ms, used_size=5091328 bytes (12.4%)
(RDMA_READ_CONSUME_CHECK_CONSUMER) timestamp=6462 ms, used_size=5089280 bytes (12.4%)
(RDMA_READ_CONSUME_CHECK_CONSUMER) timestamp=6462 ms, used_size=5087232 bytes (12.4%)
(RDMA_READ_CONSUME_CHECK_CONSUMER) timestamp=6462 ms, used_size=5085184 bytes (12.4%)
(RDMA_READ_CONSUME_CHECK_CONSUMER) timestamp=6462 ms, used_size=5083136 bytes (12.4%)
(RDMA_READ_CONSUME_CHECK_CONSUMER) timestamp=6462 ms, used_size=5081088 bytes (12.4%)
(RDMA_READ_CONSUME_CHECK_CONSUMER) timestamp=6462 ms, used_size=5079040 bytes (12.4%)
(RDMA_READ_CONSUME_CHECK_CONSUMER) timestamp=6462 ms, used_size=5076992 bytes (12.4%)
(RDMA_READ_CONSUME_CHECK_CONSUMER) timestamp=6462 ms, used_size=5074944 bytes (12.4%)
(RDMA_READ_CONSUME_CHECK_CONSUMER) timestamp=6462 ms, used_size=5072896 bytes (12.4%)
(RDMA_READ_CONSUME_CHECK_CONSUMER) timestamp=6462 ms, used_size=5070848 bytes (12.4%)
(RDMA_READ_CONSUME_CHECK_CONSUMER) timestamp=6462 ms, used_size=5068800 bytes (12.4%)
(RDMA_READ_CONSUME_CHECK_CONSUMER) timestamp=6462 ms, used_size=5066752 bytes (12.4%)
(RDMA_READ_CONSUME_CHECK_CONSUMER) timestamp=6462 ms, used_size=5064704 bytes (12.4%)
(RDMA_READ_CONSUME_CHECK_CONSUMER) timestamp=6462 ms, used_size=5062656 bytes (12.4%)
(RDMA_READ_CONSUME_CHECK_CONSUMER) timestamp=6462 ms, used_size=5060608 bytes (12.4%)
(RDMA_READ_CONSUME_CHECK_CONSUMER) timestamp=6462 ms, used_size=5058560 bytes (12.3%)
(RDMA_READ_CONSUME_CHECK_CONSUMER) timestamp=6462 ms, used_size=5056512 bytes (12.3%)
(RDMA_READ_CONSUME_CHECK_CONSUMER) timestamp=6462 ms, used_size=5054464 bytes (12.3%)
(RDMA_READ_CONSUME_CHECK_CONSUMER) timestamp=6462 ms, used_size=5052416 bytes (12.3%)
(RDMA_READ_CONSUME_CHECK_CONSUMER) timestamp=6462 ms, used_size=5050368 bytes (12.3%)
(RDMA_READ_CONSUME_CHECK_CONSUMER) timestamp=6462 ms, used_size=5048320 bytes (12.3%)
(RDMA_READ_CONSUME_CHECK_CONSUMER) timestamp=6462 ms, used_size=5046272 bytes (12.3%)
(RDMA_READ_CONSUME_CHECK_CONSUMER) timestamp=6462 ms, used_size=5044224 bytes (12.3%)
(RDMA_READ_CONSUME_CHECK_CONSUMER) timestamp=6462 ms, used_size=5042176 bytes (12.3%)
(RDMA_READ_CONSUME_CHECK_CONSUMER) timestamp=6462 ms, used_size=5040128 bytes (12.3%)
(RDMA_READ_CONSUME_CHECK_CONSUMER) timestamp=6462 ms, used_size=5038080 bytes (12.3%)
(RDMA_READ_CONSUME_CHECK_CONSUMER) timestamp=6462 ms, used_size=5036032 bytes (12.3%)
(RDMA_READ_CONSUME_CHECK_CONSUMER) timestamp=6462 ms, used_size=5033984 bytes (12.3%)
(RDMA_READ_CONSUME_CHECK_CONSUMER) timestamp=6462 ms, used_size=5031936 bytes (12.3%)
(RDMA_READ_CONSUME_CHECK_CONSUMER) timestamp=6462 ms, used_size=5029888 bytes (12.3%)
(RDMA_READ_CONSUME_CHECK_CONSUMER) timestamp=6462 ms, used_size=5027840 bytes (12.3%)
(RDMA_READ_CONSUME_CHECK_CONSUMER) timestamp=6462 ms, used_size=5025792 bytes (12.3%)
(RDMA_READ_CONSUME_CHECK_CONSUMER) timestamp=6462 ms, used_size=5023744 bytes (12.3%)
(RDMA_READ_CONSUME_CHECK_CONSUMER) timestamp=6462 ms, used_size=5021696 bytes (12.3%)
(RDMA_READ_CONSUME_CHECK_CONSUMER) timestamp=6462 ms, used_size=5019648 bytes (12.3%)
(RDMA_READ_CONSUME_CHECK_CONSUMER) timestamp=6462 ms, used_size=5017600 bytes (12.2%)
(RDMA_READ_CONSUME_CHECK_CONSUMER) timestamp=6462 ms, used_size=5015552 bytes (12.2%)
(RDMA_READ_CONSUME_CHECK_CONSUMER) timestamp=6462 ms, used_size=5013504 bytes (12.2%)
(RDMA_READ_CONSUME_CHECK_CONSUMER) timestamp=6462 ms, used_size=5011456 bytes (12.2%)
(RDMA_READ_CONSUME_CHECK_CONSUMER) timestamp=6462 ms, used_size=5009408 bytes (12.2%)
(RDMA_READ_CONSUME_CHECK_CONSUMER) timestamp=6462 ms, used_size=5007360 bytes (12.2%)
(RDMA_READ_CONSUME_CHECK_CONSUMER) timestamp=6462 ms, used_size=5005312 bytes (12.2%)
(RDMA_READ_CONSUME_CHECK_CONSUMER) timestamp=6462 ms, used_size=5003264 bytes (12.2%)
(RDMA_READ_CONSUME_CHECK_CONSUMER) timestamp=6462 ms, used_size=5001216 bytes (12.2%)
(RDMA_READ_CONSUME_CHECK_CONSUMER) timestamp=6462 ms, used_size=4999168 bytes (12.2%)
(RDMA_READ_CONSUME_CHECK_CONSUMER) timestamp=6462 ms, used_size=4997120 bytes (12.2%)
(RDMA_READ_CONSUME_CHECK_CONSUMER) timestamp=6462 ms, used_size=4995072 bytes (12.2%)
(RDMA_READ_CONSUME_CHECK_CONSUMER) timestamp=6462 ms, used_size=4993024 bytes (12.2%)
(RDMA_READ_CONSUME_CHECK_CONSUMER) timestamp=6462 ms, used_size=4990976 bytes (12.2%)
(RDMA_READ_CONSUME_CHECK_CONSUMER) timestamp=6462 ms, used_size=4988928 bytes (12.2%)
(RDMA_READ_CONSUME_CHECK_CONSUMER) timestamp=6462 ms, used_size=4986880 bytes (12.2%)
(RDMA_READ_CONSUME_CHECK_CONSUMER) timestamp=6462 ms, used_size=4984832 bytes (12.2%)
(RDMA_READ_CONSUME_CHECK_CONSUMER) timestamp=6462 ms, used_size=4982784 bytes (12.2%)
(RDMA_READ_CONSUME_CHECK_CONSUMER) timestamp=6462 ms, used_size=4980736 bytes (12.2%)
(RDMA_READ_CONSUME_CHECK_CONSUMER) timestamp=6462 ms, used_size=4978688 bytes (12.2%)
(RDMA_READ_CONSUME_CHECK_CONSUMER) timestamp=6462 ms, used_size=4976640 bytes (12.2%)
(RDMA_READ_CONSUME_CHECK_CONSUMER) timestamp=6462 ms, used_size=4974592 bytes (12.1%)
(RDMA_READ_CONSUME_CHECK_CONSUMER) timestamp=6462 ms, used_size=4972544 bytes (12.1%)
(RDMA_READ_CONSUME_CHECK_CONSUMER) timestamp=6462 ms, used_size=4970496 bytes (12.1%)
(RDMA_READ_CONSUME_CHECK_CONSUMER) timestamp=6462 ms, used_size=4968448 bytes (12.1%)
(RDMA_READ_CONSUME_CHECK_CONSUMER) timestamp=6462 ms, used_size=4966400 bytes (12.1%)
(RDMA_READ_CONSUME_CHECK_CONSUMER) timestamp=6462 ms, used_size=4964352 bytes (12.1%)
(RDMA_READ_CONSUME_CHECK_CONSUMER) timestamp=6462 ms, used_size=4962304 bytes (12.1%)
(RDMA_READ_CONSUME_CHECK_CONSUMER) timestamp=6462 ms, used_size=4960256 bytes (12.1%)
(RDMA_READ_CONSUME_CHECK_CONSUMER) timestamp=6462 ms, used_size=4958208 bytes (12.1%)
(RDMA_READ_CONSUME_CHECK_CONSUMER) timestamp=6462 ms, used_size=4956160 bytes (12.1%)
(RDMA_READ_CONSUME_CHECK_CONSUMER) timestamp=6462 ms, used_size=4954112 bytes (12.1%)
(RDMA_READ_CONSUME_CHECK_CONSUMER) timestamp=6462 ms, used_size=4952064 bytes (12.1%)
(RDMA_READ_CONSUME_CHECK_CONSUMER) timestamp=6462 ms, used_size=4950016 bytes (12.1%)
(RDMA_READ_CONSUME_CHECK_CONSUMER) timestamp=6462 ms, used_size=4947968 bytes (12.1%)
(RDMA_READ_CONSUME_CHECK_CONSUMER) timestamp=6462 ms, used_size=4945920 bytes (12.1%)
(RDMA_READ_CONSUME_CHECK_CONSUMER) timestamp=6462 ms, used_size=4943872 bytes (12.1%)
(RDMA_READ_CONSUME_CHECK_CONSUMER) timestamp=6462 ms, used_size=4941824 bytes (12.1%)
(RDMA_READ_CONSUME_CHECK_CONSUMER) timestamp=6462 ms, used_size=4939776 bytes (12.1%)
(RDMA_READ_CONSUME_CHECK_CONSUMER) timestamp=6462 ms, used_size=4937728 bytes (12.1%)
(RDMA_READ_CONSUME_CHECK_CONSUMER) timestamp=6462 ms, used_size=4935680 bytes (12.1%)
(RDMA_READ_CONSUME_CHECK_CONSUMER) timestamp=6462 ms, used_size=4933632 bytes (12.0%)
(RDMA_READ_CONSUME_CHECK_CONSUMER) timestamp=6462 ms, used_size=4931584 bytes (12.0%)
(RDMA_READ_CONSUME_CHECK_CONSUMER) timestamp=6462 ms, used_size=4929536 bytes (12.0%)
(RDMA_READ_CONSUME_CHECK_CONSUMER) timestamp=6462 ms, used_size=4927488 bytes (12.0%)
(RDMA_READ_CONSUME_CHECK_CONSUMER) timestamp=6462 ms, used_size=4925440 bytes (12.0%)
(RDMA_READ_CONSUME_CHECK_CONSUMER) timestamp=6462 ms, used_size=4923392 bytes (12.0%)
(RDMA_READ_CONSUME_CHECK_CONSUMER) timestamp=6462 ms, used_size=4921344 bytes (12.0%)
(RDMA_READ_CONSUME_CHECK_CONSUMER) timestamp=6462 ms, used_size=4919296 bytes (12.0%)
(RDMA_READ_CONSUME_CHECK_CONSUMER) timestamp=6462 ms, used_size=4917248 bytes (12.0%)
(RDMA_READ_CONSUME_CHECK_CONSUMER) timestamp=6462 ms, used_size=4915200 bytes (12.0%)
(RDMA_READ_CONSUME_CHECK_CONSUMER) timestamp=6462 ms, used_size=4913152 bytes (12.0%)
(RDMA_READ_CONSUME_CHECK_CONSUMER) timestamp=6462 ms, used_size=4911104 bytes (12.0%)
(RDMA_READ_CONSUME_CHECK_CONSUMER) timestamp=6462 ms, used_size=4909056 bytes (12.0%)
(RDMA_READ_CONSUME_CHECK_CONSUMER) timestamp=6462 ms, used_size=4907008 bytes (12.0%)
(RDMA_READ_CONSUME_CHECK_CONSUMER) timestamp=6462 ms, used_size=4904960 bytes (12.0%)
(RDMA_READ_CONSUME_CHECK_CONSUMER) timestamp=6462 ms, used_size=4902912 bytes (12.0%)
(RDMA_READ_CONSUME_CHECK_CONSUMER) timestamp=6462 ms, used_size=4900864 bytes (12.0%)
(RDMA_READ_CONSUME_CHECK_CONSUMER) timestamp=6462 ms, used_size=4898816 bytes (12.0%)
(RDMA_READ_CONSUME_CHECK_CONSUMER) timestamp=6462 ms, used_size=4896768 bytes (12.0%)
(RDMA_READ_CONSUME_CHECK_CONSUMER) timestamp=6462 ms, used_size=4894720 bytes (11.9%)
(RDMA_READ_CONSUME_CHECK_CONSUMER) timestamp=6462 ms, used_size=4892672 bytes (11.9%)
(RDMA_READ_CONSUME_CHECK_CONSUMER) timestamp=6462 ms, used_size=4890624 bytes (11.9%)
(RDMA_READ_CONSUME_CHECK_CONSUMER) timestamp=6462 ms, used_size=4888576 bytes (11.9%)
(RDMA_READ_CONSUME_CHECK_CONSUMER) timestamp=6462 ms, used_size=4886528 bytes (11.9%)
(RDMA_READ_CONSUME_CHECK_CONSUMER) timestamp=6462 ms, used_size=4884480 bytes (11.9%)
(RDMA_READ_CONSUME_CHECK_CONSUMER) timestamp=6462 ms, used_size=4882432 bytes (11.9%)
(RDMA_READ_CONSUME_CHECK_CONSUMER) timestamp=6462 ms, used_size=4880384 bytes (11.9%)
(RDMA_READ_CONSUME_CHECK_CONSUMER) timestamp=6462 ms, used_size=4878336 bytes (11.9%)
(RDMA_READ_CONSUME_CHECK_CONSUMER) timestamp=6462 ms, used_size=4876288 bytes (11.9%)
(RDMA_READ_CONSUME_CHECK_CONSUMER) timestamp=6462 ms, used_size=4874240 bytes (11.9%)
(RDMA_READ_CONSUME_CHECK_CONSUMER) timestamp=6462 ms, used_size=4872192 bytes (11.9%)
(RDMA_READ_CONSUME_CHECK_CONSUMER) timestamp=6462 ms, used_size=4870144 bytes (11.9%)
(RDMA_READ_CONSUME_CHECK_CONSUMER) timestamp=6462 ms, used_size=4868096 bytes (11.9%)
(RDMA_READ_CONSUME_CHECK_CONSUMER) timestamp=6462 ms, used_size=4866048 bytes (11.9%)
(RDMA_READ_CONSUME_CHECK_CONSUMER) timestamp=6463 ms, used_size=4864000 bytes (11.9%)
(RDMA_READ_CONSUME_CHECK_CONSUMER) timestamp=6463 ms, used_size=4861952 bytes (11.9%)
(RDMA_READ_CONSUME_CHECK_CONSUMER) timestamp=6463 ms, used_size=4859904 bytes (11.9%)
(RDMA_READ_CONSUME_CHECK_CONSUMER) timestamp=6463 ms, used_size=4857856 bytes (11.9%)
(RDMA_READ_CONSUME_CHECK_CONSUMER) timestamp=6463 ms, used_size=4855808 bytes (11.9%)
(RDMA_READ_CONSUME_CHECK_CONSUMER) timestamp=6463 ms, used_size=4853760 bytes (11.8%)
(RDMA_READ_CONSUME_CHECK_CONSUMER) timestamp=6463 ms, used_size=4851712 bytes (11.8%)
(RDMA_READ_CONSUME_CHECK_CONSUMER) timestamp=6463 ms, used_size=4849664 bytes (11.8%)
(RDMA_READ_CONSUME_CHECK_CONSUMER) timestamp=6463 ms, used_size=4847616 bytes (11.8%)
(RDMA_READ_CONSUME_CHECK_CONSUMER) timestamp=6463 ms, used_size=4845568 bytes (11.8%)
(RDMA_READ_CONSUME_CHECK_CONSUMER) timestamp=6463 ms, used_size=4843520 bytes (11.8%)
(RDMA_READ_CONSUME_CHECK_CONSUMER) timestamp=6463 ms, used_size=4841472 bytes (11.8%)
(RDMA_READ_CONSUME_CHECK_CONSUMER) timestamp=6463 ms, used_size=4839424 bytes (11.8%)
(RDMA_READ_CONSUME_CHECK_CONSUMER) timestamp=6463 ms, used_size=4837376 bytes (11.8%)
(RDMA_READ_CONSUME_CHECK_CONSUMER) timestamp=6463 ms, used_size=4835328 bytes (11.8%)
(RDMA_READ_CONSUME_CHECK_CONSUMER) timestamp=6463 ms, used_size=4833280 bytes (11.8%)
(RDMA_READ_CONSUME_CHECK_CONSUMER) timestamp=6463 ms, used_size=4831232 bytes (11.8%)
(RDMA_READ_CONSUME_CHECK_CONSUMER) timestamp=6463 ms, used_size=4829184 bytes (11.8%)
(RDMA_READ_CONSUME_CHECK_CONSUMER) timestamp=6463 ms, used_size=4827136 bytes (11.8%)
(RDMA_READ_CONSUME_CHECK_CONSUMER) timestamp=6463 ms, used_size=4825088 bytes (11.8%)
(RDMA_READ_CONSUME_CHECK_CONSUMER) timestamp=6463 ms, used_size=4823040 bytes (11.8%)
(RDMA_READ_CONSUME_CHECK_CONSUMER) timestamp=6463 ms, used_size=4820992 bytes (11.8%)
(RDMA_READ_CONSUME_CHECK_CONSUMER) timestamp=6463 ms, used_size=4818944 bytes (11.8%)
(RDMA_READ_CONSUME_CHECK_CONSUMER) timestamp=6463 ms, used_size=4816896 bytes (11.8%)
(RDMA_READ_CONSUME_CHECK_CONSUMER) timestamp=6463 ms, used_size=4814848 bytes (11.8%)
(RDMA_READ_CONSUME_CHECK_CONSUMER) timestamp=6463 ms, used_size=4812800 bytes (11.8%)
(RDMA_READ_CONSUME_CHECK_CONSUMER) timestamp=6463 ms, used_size=4810752 bytes (11.7%)
(RDMA_READ_CONSUME_CHECK_CONSUMER) timestamp=6463 ms, used_size=4808704 bytes (11.7%)
(RDMA_READ_CONSUME_CHECK_CONSUMER) timestamp=6463 ms, used_size=4806656 bytes (11.7%)
(RDMA_READ_CONSUME_CHECK_CONSUMER) timestamp=6463 ms, used_size=4804608 bytes (11.7%)
(RDMA_READ_CONSUME_CHECK_CONSUMER) timestamp=6463 ms, used_size=4802560 bytes (11.7%)
(RDMA_READ_CONSUME_CHECK_CONSUMER) timestamp=6463 ms, used_size=4800512 bytes (11.7%)
(RDMA_READ_CONSUME_CHECK_CONSUMER) timestamp=6463 ms, used_size=4798464 bytes (11.7%)
(RDMA_READ_CONSUME_CHECK_CONSUMER) timestamp=6463 ms, used_size=4796416 bytes (11.7%)
(RDMA_READ_CONSUME_CHECK_CONSUMER) timestamp=6463 ms, used_size=4794368 bytes (11.7%)
(RDMA_READ_CONSUME_CHECK_CONSUMER) timestamp=6463 ms, used_size=4792320 bytes (11.7%)
(RDMA_READ_CONSUME_CHECK_CONSUMER) timestamp=6463 ms, used_size=4790272 bytes (11.7%)
(RDMA_READ_CONSUME_CHECK_CONSUMER) timestamp=6463 ms, used_size=4788224 bytes (11.7%)
(RDMA_READ_CONSUME_CHECK_CONSUMER) timestamp=6463 ms, used_size=4786176 bytes (11.7%)
(RDMA_READ_CONSUME_CHECK_CONSUMER) timestamp=6463 ms, used_size=4784128 bytes (11.7%)
(RDMA_READ_CONSUME_CHECK_CONSUMER) timestamp=6463 ms, used_size=4782080 bytes (11.7%)
(RDMA_READ_CONSUME_CHECK_CONSUMER) timestamp=6463 ms, used_size=4780032 bytes (11.7%)
(RDMA_READ_CONSUME_CHECK_CONSUMER) timestamp=6463 ms, used_size=4777984 bytes (11.7%)
(RDMA_READ_CONSUME_CHECK_CONSUMER) timestamp=6463 ms, used_size=4775936 bytes (11.7%)
(RDMA_READ_CONSUME_CHECK_CONSUMER) timestamp=6463 ms, used_size=4773888 bytes (11.7%)
(RDMA_READ_CONSUME_CHECK_CONSUMER) timestamp=6463 ms, used_size=4771840 bytes (11.7%)
(RDMA_READ_CONSUME_CHECK_CONSUMER) timestamp=6463 ms, used_size=4769792 bytes (11.6%)
(RDMA_READ_CONSUME_CHECK_CONSUMER) timestamp=6463 ms, used_size=4767744 bytes (11.6%)
(RDMA_READ_CONSUME_CHECK_CONSUMER) timestamp=6463 ms, used_size=4765696 bytes (11.6%)
(RDMA_READ_CONSUME_CHECK_CONSUMER) timestamp=6463 ms, used_size=4763648 bytes (11.6%)
(RDMA_READ_CONSUME_CHECK_CONSUMER) timestamp=6463 ms, used_size=4761600 bytes (11.6%)
(RDMA_READ_CONSUME_CHECK_CONSUMER) timestamp=6463 ms, used_size=4759552 bytes (11.6%)
(RDMA_READ_CONSUME_CHECK_CONSUMER) timestamp=6463 ms, used_size=4757504 bytes (11.6%)
(RDMA_READ_CONSUME_CHECK_CONSUMER) timestamp=6463 ms, used_size=4755456 bytes (11.6%)
(RDMA_READ_CONSUME_CHECK_CONSUMER) timestamp=6463 ms, used_size=4753408 bytes (11.6%)
(RDMA_READ_CONSUME_CHECK_CONSUMER) timestamp=6463 ms, used_size=4751360 bytes (11.6%)
(RDMA_READ_CONSUME_CHECK_CONSUMER) timestamp=6463 ms, used_size=4749312 bytes (11.6%)
(RDMA_READ_CONSUME_CHECK_CONSUMER) timestamp=6463 ms, used_size=4747264 bytes (11.6%)
(RDMA_READ_CONSUME_CHECK_CONSUMER) timestamp=6463 ms, used_size=4745216 bytes (11.6%)
(RDMA_READ_CONSUME_CHECK_CONSUMER) timestamp=6463 ms, used_size=4743168 bytes (11.6%)
(RDMA_READ_CONSUME_CHECK_CONSUMER) timestamp=6463 ms, used_size=4741120 bytes (11.6%)
(RDMA_READ_CONSUME_CHECK_CONSUMER) timestamp=6463 ms, used_size=4739072 bytes (11.6%)
(RDMA_READ_CONSUME_CHECK_CONSUMER) timestamp=6463 ms, used_size=4737024 bytes (11.6%)
(RDMA_READ_CONSUME_CHECK_CONSUMER) timestamp=6463 ms, used_size=4734976 bytes (11.6%)
(RDMA_READ_CONSUME_CHECK_CONSUMER) timestamp=6463 ms, used_size=4732928 bytes (11.6%)
(RDMA_READ_CONSUME_CHECK_CONSUMER) timestamp=6463 ms, used_size=4730880 bytes (11.6%)
(RDMA_READ_CONSUME_CHECK_CONSUMER) timestamp=6463 ms, used_size=4728832 bytes (11.5%)
(RDMA_READ_CONSUME_CHECK_CONSUMER) timestamp=6463 ms, used_size=4726784 bytes (11.5%)
(RDMA_READ_CONSUME_CHECK_CONSUMER) timestamp=6463 ms, used_size=4724736 bytes (11.5%)
(RDMA_READ_CONSUME_CHECK_CONSUMER) timestamp=6463 ms, used_size=4722688 bytes (11.5%)
(RDMA_READ_CONSUME_CHECK_CONSUMER) timestamp=6463 ms, used_size=4720640 bytes (11.5%)
(RDMA_READ_CONSUME_CHECK_CONSUMER) timestamp=6463 ms, used_size=4718592 bytes (11.5%)
(RDMA_READ_CONSUME_CHECK_CONSUMER) timestamp=6463 ms, used_size=4716544 bytes (11.5%)
(RDMA_READ_CONSUME_CHECK_CONSUMER) timestamp=6463 ms, used_size=4714496 bytes (11.5%)
(RDMA_READ_CONSUME_CHECK_CONSUMER) timestamp=6463 ms, used_size=4712448 bytes (11.5%)
(RDMA_READ_CONSUME_CHECK_CONSUMER) timestamp=6463 ms, used_size=4710400 bytes (11.5%)
(RDMA_READ_CONSUME_CHECK_CONSUMER) timestamp=6463 ms, used_size=4708352 bytes (11.5%)
(RDMA_READ_CONSUME_CHECK_CONSUMER) timestamp=6463 ms, used_size=4706304 bytes (11.5%)
(RDMA_READ_CONSUME_CHECK_CONSUMER) timestamp=6463 ms, used_size=4704256 bytes (11.5%)
(RDMA_READ_CONSUME_CHECK_CONSUMER) timestamp=6463 ms, used_size=4702208 bytes (11.5%)
(RDMA_READ_CONSUME_CHECK_CONSUMER) timestamp=6463 ms, used_size=4700160 bytes (11.5%)
(RDMA_READ_CONSUME_CHECK_CONSUMER) timestamp=6463 ms, used_size=4698112 bytes (11.5%)
(RDMA_READ_CONSUME_CHECK_CONSUMER) timestamp=6463 ms, used_size=4696064 bytes (11.5%)
(RDMA_READ_CONSUME_CHECK_CONSUMER) timestamp=6463 ms, used_size=4694016 bytes (11.5%)
(RDMA_READ_CONSUME_CHECK_CONSUMER) timestamp=6463 ms, used_size=4691968 bytes (11.5%)
(RDMA_READ_CONSUME_CHECK_CONSUMER) timestamp=6463 ms, used_size=4689920 bytes (11.4%)
(RDMA_READ_CONSUME_CHECK_CONSUMER) timestamp=6463 ms, used_size=4687872 bytes (11.4%)
(RDMA_READ_CONSUME_CHECK_CONSUMER) timestamp=6463 ms, used_size=4685824 bytes (11.4%)
(RDMA_READ_CONSUME_CHECK_CONSUMER) timestamp=6463 ms, used_size=4683776 bytes (11.4%)
(RDMA_READ_CONSUME_CHECK_CONSUMER) timestamp=6463 ms, used_size=4681728 bytes (11.4%)
(RDMA_READ_CONSUME_CHECK_CONSUMER) timestamp=6463 ms, used_size=4679680 bytes (11.4%)
(RDMA_READ_CONSUME_CHECK_CONSUMER) timestamp=6463 ms, used_size=4677632 bytes (11.4%)
(RDMA_READ_CONSUME_CHECK_CONSUMER) timestamp=6463 ms, used_size=4675584 bytes (11.4%)
(RDMA_READ_CONSUME_CHECK_CONSUMER) timestamp=6463 ms, used_size=4673536 bytes (11.4%)
(RDMA_READ_CONSUME_CHECK_CONSUMER) timestamp=6463 ms, used_size=4671488 bytes (11.4%)
(RDMA_READ_CONSUME_CHECK_CONSUMER) timestamp=6463 ms, used_size=4669440 bytes (11.4%)
(RDMA_READ_CONSUME_CHECK_CONSUMER) timestamp=6463 ms, used_size=4667392 bytes (11.4%)
(RDMA_READ_CONSUME_CHECK_CONSUMER) timestamp=6463 ms, used_size=4665344 bytes (11.4%)
(RDMA_READ_CONSUME_CHECK_CONSUMER) timestamp=6463 ms, used_size=4663296 bytes (11.4%)
(RDMA_READ_CONSUME_CHECK_CONSUMER) timestamp=6463 ms, used_size=4661248 bytes (11.4%)
(RDMA_READ_CONSUME_CHECK_CONSUMER) timestamp=6463 ms, used_size=4659200 bytes (11.4%)
(RDMA_READ_CONSUME_CHECK_CONSUMER) timestamp=6463 ms, used_size=4657152 bytes (11.4%)
(RDMA_READ_CONSUME_CHECK_CONSUMER) timestamp=6463 ms, used_size=4655104 bytes (11.4%)
(RDMA_READ_CONSUME_CHECK_CONSUMER) timestamp=6463 ms, used_size=4653056 bytes (11.4%)
(RDMA_READ_CONSUME_CHECK_CONSUMER) timestamp=6463 ms, used_size=4651008 bytes (11.4%)
(RDMA_READ_CONSUME_CHECK_CONSUMER) timestamp=6463 ms, used_size=4648960 bytes (11.3%)
(RDMA_READ_CONSUME_CHECK_CONSUMER) timestamp=6463 ms, used_size=4646912 bytes (11.3%)
(RDMA_READ_CONSUME_CHECK_CONSUMER) timestamp=6463 ms, used_size=4644864 bytes (11.3%)
(RDMA_READ_CONSUME_CHECK_CONSUMER) timestamp=6463 ms, used_size=4642816 bytes (11.3%)
(RDMA_READ_CONSUME_CHECK_CONSUMER) timestamp=6463 ms, used_size=4640768 bytes (11.3%)
(RDMA_READ_CONSUME_CHECK_CONSUMER) timestamp=6463 ms, used_size=4638720 bytes (11.3%)
(RDMA_READ_CONSUME_CHECK_CONSUMER) timestamp=6463 ms, used_size=4636672 bytes (11.3%)
(RDMA_READ_CONSUME_CHECK_CONSUMER) timestamp=6463 ms, used_size=4634624 bytes (11.3%)
(RDMA_READ_CONSUME_CHECK_CONSUMER) timestamp=6463 ms, used_size=4632576 bytes (11.3%)
(RDMA_READ_CONSUME_CHECK_CONSUMER) timestamp=6463 ms, used_size=4630528 bytes (11.3%)
(RDMA_READ_CONSUME_CHECK_CONSUMER) timestamp=6463 ms, used_size=4628480 bytes (11.3%)
(RDMA_READ_CONSUME_CHECK_CONSUMER) timestamp=6463 ms, used_size=4626432 bytes (11.3%)
(RDMA_READ_CONSUME_CHECK_CONSUMER) timestamp=6463 ms, used_size=4624384 bytes (11.3%)
(RDMA_READ_CONSUME_CHECK_CONSUMER) timestamp=6463 ms, used_size=4622336 bytes (11.3%)
(RDMA_READ_CONSUME_CHECK_CONSUMER) timestamp=6463 ms, used_size=4620288 bytes (11.3%)
(RDMA_READ_CONSUME_CHECK_CONSUMER) timestamp=6463 ms, used_size=4618240 bytes (11.3%)
(RDMA_READ_CONSUME_CHECK_CONSUMER) timestamp=6463 ms, used_size=4616192 bytes (11.3%)
(RDMA_READ_CONSUME_CHECK_CONSUMER) timestamp=6463 ms, used_size=4614144 bytes (11.3%)
(RDMA_READ_CONSUME_CHECK_CONSUMER) timestamp=6463 ms, used_size=4612096 bytes (11.3%)
(RDMA_READ_CONSUME_CHECK_CONSUMER) timestamp=6463 ms, used_size=4610048 bytes (11.3%)
(RDMA_READ_CONSUME_CHECK_CONSUMER) timestamp=6463 ms, used_size=4608000 bytes (11.2%)
(RDMA_READ_CONSUME_CHECK_CONSUMER) timestamp=6463 ms, used_size=4605952 bytes (11.2%)
(RDMA_READ_CONSUME_CHECK_CONSUMER) timestamp=6463 ms, used_size=4603904 bytes (11.2%)
(RDMA_READ_CONSUME_CHECK_CONSUMER) timestamp=6463 ms, used_size=4601856 bytes (11.2%)
(RDMA_READ_CONSUME_CHECK_CONSUMER) timestamp=6463 ms, used_size=4599808 bytes (11.2%)
(RDMA_READ_CONSUME_CHECK_CONSUMER) timestamp=6463 ms, used_size=4597760 bytes (11.2%)
(RDMA_READ_CONSUME_CHECK_CONSUMER) timestamp=6463 ms, used_size=4595712 bytes (11.2%)
(RDMA_READ_CONSUME_CHECK_CONSUMER) timestamp=6463 ms, used_size=4593664 bytes (11.2%)
(RDMA_READ_CONSUME_CHECK_CONSUMER) timestamp=6463 ms, used_size=4591616 bytes (11.2%)
(RDMA_READ_CONSUME_CHECK_CONSUMER) timestamp=6463 ms, used_size=4589568 bytes (11.2%)
(RDMA_READ_CONSUME_CHECK_CONSUMER) timestamp=6463 ms, used_size=4587520 bytes (11.2%)
(RDMA_READ_CONSUME_CHECK_CONSUMER) timestamp=6463 ms, used_size=4585472 bytes (11.2%)
(RDMA_READ_CONSUME_CHECK_CONSUMER) timestamp=6463 ms, used_size=4583424 bytes (11.2%)
(RDMA_READ_CONSUME_CHECK_CONSUMER) timestamp=6463 ms, used_size=4581376 bytes (11.2%)
(RDMA_READ_CONSUME_CHECK_CONSUMER) timestamp=6463 ms, used_size=4579328 bytes (11.2%)
(RDMA_READ_CONSUME_CHECK_CONSUMER) timestamp=6463 ms, used_size=4577280 bytes (11.2%)
(RDMA_READ_CONSUME_CHECK_CONSUMER) timestamp=6463 ms, used_size=4575232 bytes (11.2%)
(RDMA_READ_CONSUME_CHECK_CONSUMER) timestamp=6463 ms, used_size=4573184 bytes (11.2%)
(RDMA_READ_CONSUME_CHECK_CONSUMER) timestamp=6463 ms, used_size=4571136 bytes (11.2%)
(RDMA_READ_CONSUME_CHECK_CONSUMER) timestamp=6463 ms, used_size=4569088 bytes (11.2%)
(RDMA_READ_CONSUME_CHECK_CONSUMER) timestamp=6463 ms, used_size=4567040 bytes (11.2%)
(RDMA_READ_CONSUME_CHECK_CONSUMER) timestamp=6463 ms, used_size=4564992 bytes (11.1%)
(RDMA_READ_CONSUME_CHECK_CONSUMER) timestamp=6463 ms, used_size=4562944 bytes (11.1%)
(RDMA_READ_CONSUME_CHECK_CONSUMER) timestamp=6463 ms, used_size=4560896 bytes (11.1%)
(RDMA_READ_CONSUME_CHECK_CONSUMER) timestamp=6463 ms, used_size=4558848 bytes (11.1%)
(RDMA_READ_CONSUME_CHECK_CONSUMER) timestamp=6463 ms, used_size=4556800 bytes (11.1%)
(RDMA_READ_CONSUME_CHECK_CONSUMER) timestamp=6463 ms, used_size=4554752 bytes (11.1%)
(RDMA_READ_CONSUME_CHECK_CONSUMER) timestamp=6463 ms, used_size=4552704 bytes (11.1%)
(RDMA_READ_CONSUME_CHECK_CONSUMER) timestamp=6463 ms, used_size=4550656 bytes (11.1%)
(RDMA_READ_CONSUME_CHECK_CONSUMER) timestamp=6463 ms, used_size=4548608 bytes (11.1%)
(RDMA_READ_CONSUME_CHECK_CONSUMER) timestamp=6463 ms, used_size=4546560 bytes (11.1%)
(RDMA_READ_CONSUME_CHECK_CONSUMER) timestamp=6463 ms, used_size=4544512 bytes (11.1%)
(RDMA_READ_CONSUME_CHECK_CONSUMER) timestamp=6463 ms, used_size=4542464 bytes (11.1%)
(RDMA_READ_CONSUME_CHECK_CONSUMER) timestamp=6463 ms, used_size=4540416 bytes (11.1%)
(RDMA_READ_CONSUME_CHECK_CONSUMER) timestamp=6463 ms, used_size=4538368 bytes (11.1%)
(RDMA_READ_CONSUME_CHECK_CONSUMER) timestamp=6463 ms, used_size=4536320 bytes (11.1%)
(RDMA_READ_CONSUME_CHECK_CONSUMER) timestamp=6463 ms, used_size=4534272 bytes (11.1%)
(RDMA_READ_CONSUME_CHECK_CONSUMER) timestamp=6463 ms, used_size=4532224 bytes (11.1%)
(RDMA_READ_CONSUME_CHECK_CONSUMER) timestamp=6463 ms, used_size=4530176 bytes (11.1%)
(RDMA_READ_CONSUME_CHECK_CONSUMER) timestamp=6463 ms, used_size=4528128 bytes (11.1%)
(RDMA_READ_CONSUME_CHECK_CONSUMER) timestamp=6463 ms, used_size=4526080 bytes (11.1%)
(RDMA_READ_CONSUME_CHECK_CONSUMER) timestamp=6463 ms, used_size=4524032 bytes (11.0%)
(RDMA_READ_CONSUME_CHECK_CONSUMER) timestamp=6463 ms, used_size=4521984 bytes (11.0%)
(RDMA_READ_CONSUME_CHECK_CONSUMER) timestamp=6463 ms, used_size=4519936 bytes (11.0%)
(RDMA_READ_CONSUME_CHECK_CONSUMER) timestamp=6463 ms, used_size=4517888 bytes (11.0%)
(RDMA_READ_CONSUME_CHECK_CONSUMER) timestamp=6463 ms, used_size=4515840 bytes (11.0%)
(RDMA_READ_CONSUME_CHECK_CONSUMER) timestamp=6463 ms, used_size=4513792 bytes (11.0%)
(RDMA_READ_CONSUME_CHECK_CONSUMER) timestamp=6463 ms, used_size=4511744 bytes (11.0%)
(RDMA_READ_CONSUME_CHECK_CONSUMER) timestamp=6463 ms, used_size=4509696 bytes (11.0%)
(RDMA_READ_CONSUME_CHECK_CONSUMER) timestamp=6463 ms, used_size=4507648 bytes (11.0%)
(RDMA_READ_CONSUME_CHECK_CONSUMER) timestamp=6463 ms, used_size=4505600 bytes (11.0%)
(RDMA_READ_CONSUME_CHECK_CONSUMER) timestamp=6463 ms, used_size=4503552 bytes (11.0%)
(RDMA_READ_CONSUME_CHECK_CONSUMER) timestamp=6463 ms, used_size=4501504 bytes (11.0%)
(RDMA_READ_CONSUME_CHECK_CONSUMER) timestamp=6463 ms, used_size=4499456 bytes (11.0%)
(RDMA_READ_CONSUME_CHECK_CONSUMER) timestamp=6463 ms, used_size=4497408 bytes (11.0%)
(RDMA_READ_CONSUME_CHECK_CONSUMER) timestamp=6463 ms, used_size=4495360 bytes (11.0%)
(RDMA_READ_CONSUME_CHECK_CONSUMER) timestamp=6464 ms, used_size=4493312 bytes (11.0%)
(RDMA_READ_CONSUME_CHECK_CONSUMER) timestamp=6464 ms, used_size=4491264 bytes (11.0%)
(RDMA_READ_CONSUME_CHECK_CONSUMER) timestamp=6464 ms, used_size=4489216 bytes (11.0%)
(RDMA_READ_CONSUME_CHECK_CONSUMER) timestamp=6464 ms, used_size=4487168 bytes (11.0%)
(RDMA_READ_CONSUME_CHECK_CONSUMER) timestamp=6464 ms, used_size=4485120 bytes (10.9%)
(RDMA_READ_CONSUME_CHECK_CONSUMER) timestamp=6464 ms, used_size=4483072 bytes (10.9%)
(RDMA_READ_CONSUME_CHECK_CONSUMER) timestamp=6464 ms, used_size=4481024 bytes (10.9%)
(RDMA_READ_CONSUME_CHECK_CONSUMER) timestamp=6464 ms, used_size=4478976 bytes (10.9%)
(RDMA_READ_CONSUME_CHECK_CONSUMER) timestamp=6464 ms, used_size=4476928 bytes (10.9%)
(RDMA_READ_CONSUME_CHECK_CONSUMER) timestamp=6464 ms, used_size=4474880 bytes (10.9%)
(RDMA_READ_CONSUME_CHECK_CONSUMER) timestamp=6464 ms, used_size=4472832 bytes (10.9%)
(RDMA_READ_CONSUME_CHECK_CONSUMER) timestamp=6464 ms, used_size=4470784 bytes (10.9%)
(RDMA_READ_CONSUME_CHECK_CONSUMER) timestamp=6464 ms, used_size=4468736 bytes (10.9%)
(RDMA_READ_CONSUME_CHECK_CONSUMER) timestamp=6464 ms, used_size=4466688 bytes (10.9%)
(RDMA_READ_CONSUME_CHECK_CONSUMER) timestamp=6464 ms, used_size=4464640 bytes (10.9%)
(RDMA_READ_CONSUME_CHECK_CONSUMER) timestamp=6464 ms, used_size=4462592 bytes (10.9%)
(RDMA_READ_CONSUME_CHECK_CONSUMER) timestamp=6464 ms, used_size=4460544 bytes (10.9%)
(RDMA_READ_CONSUME_CHECK_CONSUMER) timestamp=6464 ms, used_size=4458496 bytes (10.9%)
(RDMA_READ_CONSUME_CHECK_CONSUMER) timestamp=6464 ms, used_size=4456448 bytes (10.9%)
(RDMA_READ_CONSUME_CHECK_CONSUMER) timestamp=6464 ms, used_size=4454400 bytes (10.9%)
(RDMA_READ_CONSUME_CHECK_CONSUMER) timestamp=6464 ms, used_size=4452352 bytes (10.9%)
(RDMA_READ_CONSUME_CHECK_CONSUMER) timestamp=6464 ms, used_size=4450304 bytes (10.9%)
(RDMA_READ_CONSUME_CHECK_CONSUMER) timestamp=6464 ms, used_size=4448256 bytes (10.9%)
(RDMA_READ_CONSUME_CHECK_CONSUMER) timestamp=6464 ms, used_size=4446208 bytes (10.9%)
(RDMA_READ_CONSUME_CHECK_CONSUMER) timestamp=6464 ms, used_size=4444160 bytes (10.8%)
(RDMA_READ_CONSUME_CHECK_CONSUMER) timestamp=6464 ms, used_size=4442112 bytes (10.8%)
(RDMA_READ_CONSUME_CHECK_CONSUMER) timestamp=6464 ms, used_size=4440064 bytes (10.8%)
(RDMA_READ_CONSUME_CHECK_CONSUMER) timestamp=6464 ms, used_size=4438016 bytes (10.8%)
(RDMA_READ_CONSUME_CHECK_CONSUMER) timestamp=6464 ms, used_size=4435968 bytes (10.8%)
(RDMA_READ_CONSUME_CHECK_CONSUMER) timestamp=6464 ms, used_size=4433920 bytes (10.8%)
(RDMA_READ_CONSUME_CHECK_CONSUMER) timestamp=6464 ms, used_size=4431872 bytes (10.8%)
(RDMA_READ_CONSUME_CHECK_CONSUMER) timestamp=6464 ms, used_size=4429824 bytes (10.8%)
(RDMA_READ_CONSUME_CHECK_CONSUMER) timestamp=6464 ms, used_size=4427776 bytes (10.8%)
(RDMA_READ_CONSUME_CHECK_CONSUMER) timestamp=6464 ms, used_size=4425728 bytes (10.8%)
(RDMA_READ_CONSUME_CHECK_CONSUMER) timestamp=6464 ms, used_size=4423680 bytes (10.8%)
(RDMA_READ_CONSUME_CHECK_CONSUMER) timestamp=6464 ms, used_size=4421632 bytes (10.8%)
(RDMA_READ_CONSUME_CHECK_CONSUMER) timestamp=6464 ms, used_size=4419584 bytes (10.8%)
(RDMA_READ_CONSUME_CHECK_CONSUMER) timestamp=6464 ms, used_size=4417536 bytes (10.8%)
(RDMA_READ_CONSUME_CHECK_CONSUMER) timestamp=6464 ms, used_size=4415488 bytes (10.8%)
(RDMA_READ_CONSUME_CHECK_CONSUMER) timestamp=6464 ms, used_size=4413440 bytes (10.8%)
(RDMA_READ_CONSUME_CHECK_CONSUMER) timestamp=6464 ms, used_size=4411392 bytes (10.8%)
(RDMA_READ_CONSUME_CHECK_CONSUMER) timestamp=6464 ms, used_size=4409344 bytes (10.8%)
(RDMA_READ_CONSUME_CHECK_CONSUMER) timestamp=6464 ms, used_size=4407296 bytes (10.8%)
(RDMA_READ_CONSUME_CHECK_CONSUMER) timestamp=6464 ms, used_size=4405248 bytes (10.8%)
(RDMA_READ_CONSUME_CHECK_CONSUMER) timestamp=6464 ms, used_size=4403200 bytes (10.8%)
(RDMA_READ_CONSUME_CHECK_CONSUMER) timestamp=6464 ms, used_size=4401152 bytes (10.7%)
(RDMA_READ_CONSUME_CHECK_CONSUMER) timestamp=6464 ms, used_size=4399104 bytes (10.7%)
(RDMA_READ_CONSUME_CHECK_CONSUMER) timestamp=6464 ms, used_size=4397056 bytes (10.7%)
(RDMA_READ_CONSUME_CHECK_CONSUMER) timestamp=6464 ms, used_size=4395008 bytes (10.7%)
(RDMA_READ_CONSUME_CHECK_CONSUMER) timestamp=6464 ms, used_size=4392960 bytes (10.7%)
(RDMA_READ_CONSUME_CHECK_CONSUMER) timestamp=6464 ms, used_size=4390912 bytes (10.7%)
(RDMA_READ_CONSUME_CHECK_CONSUMER) timestamp=6464 ms, used_size=4388864 bytes (10.7%)
(RDMA_READ_CONSUME_CHECK_CONSUMER) timestamp=6464 ms, used_size=4386816 bytes (10.7%)
(RDMA_READ_CONSUME_CHECK_CONSUMER) timestamp=6464 ms, used_size=4384768 bytes (10.7%)
(RDMA_READ_CONSUME_CHECK_CONSUMER) timestamp=6464 ms, used_size=4382720 bytes (10.7%)
(RDMA_READ_CONSUME_CHECK_CONSUMER) timestamp=6464 ms, used_size=4380672 bytes (10.7%)
(RDMA_READ_CONSUME_CHECK_CONSUMER) timestamp=6464 ms, used_size=4378624 bytes (10.7%)
(RDMA_READ_CONSUME_CHECK_CONSUMER) timestamp=6464 ms, used_size=4376576 bytes (10.7%)
(RDMA_READ_CONSUME_CHECK_CONSUMER) timestamp=6464 ms, used_size=4374528 bytes (10.7%)
(RDMA_READ_CONSUME_CHECK_CONSUMER) timestamp=6464 ms, used_size=4372480 bytes (10.7%)
(RDMA_READ_CONSUME_CHECK_CONSUMER) timestamp=6464 ms, used_size=4370432 bytes (10.7%)
(RDMA_READ_CONSUME_CHECK_CONSUMER) timestamp=6464 ms, used_size=4368384 bytes (10.7%)
(RDMA_READ_CONSUME_CHECK_CONSUMER) timestamp=6464 ms, used_size=4366336 bytes (10.7%)
(RDMA_READ_CONSUME_CHECK_CONSUMER) timestamp=6464 ms, used_size=4364288 bytes (10.7%)
(RDMA_READ_CONSUME_CHECK_CONSUMER) timestamp=6464 ms, used_size=4362240 bytes (10.7%)
(RDMA_READ_CONSUME_CHECK_CONSUMER) timestamp=6464 ms, used_size=4360192 bytes (10.6%)
(RDMA_READ_CONSUME_CHECK_CONSUMER) timestamp=6464 ms, used_size=4358144 bytes (10.6%)
(RDMA_READ_CONSUME_CHECK_CONSUMER) timestamp=6464 ms, used_size=4356096 bytes (10.6%)
(RDMA_READ_CONSUME_CHECK_CONSUMER) timestamp=6464 ms, used_size=4354048 bytes (10.6%)
(RDMA_READ_CONSUME_CHECK_CONSUMER) timestamp=6464 ms, used_size=4352000 bytes (10.6%)
(RDMA_READ_CONSUME_CHECK_CONSUMER) timestamp=6464 ms, used_size=4349952 bytes (10.6%)
(RDMA_READ_CONSUME_CHECK_CONSUMER) timestamp=6464 ms, used_size=4347904 bytes (10.6%)
(RDMA_READ_CONSUME_CHECK_CONSUMER) timestamp=6464 ms, used_size=4345856 bytes (10.6%)
(RDMA_READ_CONSUME_CHECK_CONSUMER) timestamp=6464 ms, used_size=4343808 bytes (10.6%)
(RDMA_READ_CONSUME_CHECK_CONSUMER) timestamp=6464 ms, used_size=4341760 bytes (10.6%)
(RDMA_READ_CONSUME_CHECK_CONSUMER) timestamp=6464 ms, used_size=4339712 bytes (10.6%)
(RDMA_READ_CONSUME_CHECK_CONSUMER) timestamp=6464 ms, used_size=4337664 bytes (10.6%)
(RDMA_READ_CONSUME_CHECK_CONSUMER) timestamp=6464 ms, used_size=4335616 bytes (10.6%)
(RDMA_READ_CONSUME_CHECK_CONSUMER) timestamp=6464 ms, used_size=4333568 bytes (10.6%)
(RDMA_READ_CONSUME_CHECK_CONSUMER) timestamp=6464 ms, used_size=4331520 bytes (10.6%)
(RDMA_READ_CONSUME_CHECK_CONSUMER) timestamp=6464 ms, used_size=4329472 bytes (10.6%)
(RDMA_READ_CONSUME_CHECK_CONSUMER) timestamp=6464 ms, used_size=4327424 bytes (10.6%)
(RDMA_READ_CONSUME_CHECK_CONSUMER) timestamp=6464 ms, used_size=4325376 bytes (10.6%)
(RDMA_READ_CONSUME_CHECK_CONSUMER) timestamp=6464 ms, used_size=4323328 bytes (10.6%)
(RDMA_READ_CONSUME_CHECK_CONSUMER) timestamp=6464 ms, used_size=4321280 bytes (10.6%)
(RDMA_READ_CONSUME_CHECK_CONSUMER) timestamp=6464 ms, used_size=4319232 bytes (10.5%)
(RDMA_READ_CONSUME_CHECK_CONSUMER) timestamp=6464 ms, used_size=4317184 bytes (10.5%)
(RDMA_READ_CONSUME_CHECK_CONSUMER) timestamp=6464 ms, used_size=4315136 bytes (10.5%)
(RDMA_READ_CONSUME_CHECK_CONSUMER) timestamp=6464 ms, used_size=4313088 bytes (10.5%)
(RDMA_READ_CONSUME_CHECK_CONSUMER) timestamp=6464 ms, used_size=4311040 bytes (10.5%)
(RDMA_READ_CONSUME_CHECK_CONSUMER) timestamp=6464 ms, used_size=4308992 bytes (10.5%)
(RDMA_READ_CONSUME_CHECK_CONSUMER) timestamp=6464 ms, used_size=4306944 bytes (10.5%)
(RDMA_READ_CONSUME_CHECK_CONSUMER) timestamp=6464 ms, used_size=4304896 bytes (10.5%)
(RDMA_READ_CONSUME_CHECK_CONSUMER) timestamp=6464 ms, used_size=4302848 bytes (10.5%)
(RDMA_READ_CONSUME_CHECK_CONSUMER) timestamp=6464 ms, used_size=4300800 bytes (10.5%)
(RDMA_READ_CONSUME_CHECK_CONSUMER) timestamp=6464 ms, used_size=4298752 bytes (10.5%)
(RDMA_READ_CONSUME_CHECK_CONSUMER) timestamp=6464 ms, used_size=4296704 bytes (10.5%)
(RDMA_READ_CONSUME_CHECK_CONSUMER) timestamp=6464 ms, used_size=4294656 bytes (10.5%)
(RDMA_READ_CONSUME_CHECK_CONSUMER) timestamp=6464 ms, used_size=4292608 bytes (10.5%)
(RDMA_READ_CONSUME_CHECK_CONSUMER) timestamp=6464 ms, used_size=4290560 bytes (10.5%)
(RDMA_READ_CONSUME_CHECK_CONSUMER) timestamp=6464 ms, used_size=4288512 bytes (10.5%)
(RDMA_READ_CONSUME_CHECK_CONSUMER) timestamp=6464 ms, used_size=4286464 bytes (10.5%)
(RDMA_READ_CONSUME_CHECK_CONSUMER) timestamp=6464 ms, used_size=4284416 bytes (10.5%)
(RDMA_READ_CONSUME_CHECK_CONSUMER) timestamp=6464 ms, used_size=4282368 bytes (10.5%)
(RDMA_READ_CONSUME_CHECK_CONSUMER) timestamp=6464 ms, used_size=4280320 bytes (10.4%)
(RDMA_READ_CONSUME_CHECK_CONSUMER) timestamp=6464 ms, used_size=4278272 bytes (10.4%)
(RDMA_READ_CONSUME_CHECK_CONSUMER) timestamp=6464 ms, used_size=4276224 bytes (10.4%)
(RDMA_READ_CONSUME_CHECK_CONSUMER) timestamp=6464 ms, used_size=4274176 bytes (10.4%)
(RDMA_READ_CONSUME_CHECK_CONSUMER) timestamp=6464 ms, used_size=4272128 bytes (10.4%)
(RDMA_READ_CONSUME_CHECK_CONSUMER) timestamp=6464 ms, used_size=4270080 bytes (10.4%)
(RDMA_READ_CONSUME_CHECK_CONSUMER) timestamp=6464 ms, used_size=4268032 bytes (10.4%)
(RDMA_READ_CONSUME_CHECK_CONSUMER) timestamp=6464 ms, used_size=4265984 bytes (10.4%)
(RDMA_READ_CONSUME_CHECK_CONSUMER) timestamp=6464 ms, used_size=4263936 bytes (10.4%)
(RDMA_READ_CONSUME_CHECK_CONSUMER) timestamp=6464 ms, used_size=4261888 bytes (10.4%)
(RDMA_READ_CONSUME_CHECK_CONSUMER) timestamp=6464 ms, used_size=4259840 bytes (10.4%)
(RDMA_READ_CONSUME_CHECK_CONSUMER) timestamp=6464 ms, used_size=4257792 bytes (10.4%)
(RDMA_READ_CONSUME_CHECK_CONSUMER) timestamp=6464 ms, used_size=4255744 bytes (10.4%)
(RDMA_READ_CONSUME_CHECK_CONSUMER) timestamp=6464 ms, used_size=4253696 bytes (10.4%)
(RDMA_READ_CONSUME_CHECK_CONSUMER) timestamp=6464 ms, used_size=4251648 bytes (10.4%)
(RDMA_READ_CONSUME_CHECK_CONSUMER) timestamp=6464 ms, used_size=4249600 bytes (10.4%)
(RDMA_READ_CONSUME_CHECK_CONSUMER) timestamp=6464 ms, used_size=4247552 bytes (10.4%)
(RDMA_READ_CONSUME_CHECK_CONSUMER) timestamp=6464 ms, used_size=4245504 bytes (10.4%)
(RDMA_READ_CONSUME_CHECK_CONSUMER) timestamp=6464 ms, used_size=4243456 bytes (10.4%)
(RDMA_READ_CONSUME_CHECK_CONSUMER) timestamp=6464 ms, used_size=4241408 bytes (10.4%)
(RDMA_READ_CONSUME_CHECK_CONSUMER) timestamp=6464 ms, used_size=4239360 bytes (10.3%)
(RDMA_READ_CONSUME_CHECK_CONSUMER) timestamp=6464 ms, used_size=4237312 bytes (10.3%)
(RDMA_READ_CONSUME_CHECK_CONSUMER) timestamp=6464 ms, used_size=4235264 bytes (10.3%)
(RDMA_READ_CONSUME_CHECK_CONSUMER) timestamp=6464 ms, used_size=4233216 bytes (10.3%)
(RDMA_READ_CONSUME_CHECK_CONSUMER) timestamp=6464 ms, used_size=4231168 bytes (10.3%)
(RDMA_READ_CONSUME_CHECK_CONSUMER) timestamp=6464 ms, used_size=4229120 bytes (10.3%)
(RDMA_READ_CONSUME_CHECK_CONSUMER) timestamp=6464 ms, used_size=4227072 bytes (10.3%)
(RDMA_READ_CONSUME_CHECK_CONSUMER) timestamp=6464 ms, used_size=4225024 bytes (10.3%)
(RDMA_READ_CONSUME_CHECK_CONSUMER) timestamp=6464 ms, used_size=4222976 bytes (10.3%)
(RDMA_READ_CONSUME_CHECK_CONSUMER) timestamp=6464 ms, used_size=4220928 bytes (10.3%)
(RDMA_READ_CONSUME_CHECK_CONSUMER) timestamp=6464 ms, used_size=4218880 bytes (10.3%)
(RDMA_READ_CONSUME_CHECK_CONSUMER) timestamp=6464 ms, used_size=4216832 bytes (10.3%)
(RDMA_READ_CONSUME_CHECK_CONSUMER) timestamp=6464 ms, used_size=4214784 bytes (10.3%)
(RDMA_READ_CONSUME_CHECK_CONSUMER) timestamp=6464 ms, used_size=4212736 bytes (10.3%)
(RDMA_READ_CONSUME_CHECK_CONSUMER) timestamp=6464 ms, used_size=4210688 bytes (10.3%)
(RDMA_READ_CONSUME_CHECK_CONSUMER) timestamp=6464 ms, used_size=4208640 bytes (10.3%)
(RDMA_READ_CONSUME_CHECK_CONSUMER) timestamp=6464 ms, used_size=4206592 bytes (10.3%)
(RDMA_READ_CONSUME_CHECK_CONSUMER) timestamp=6464 ms, used_size=4204544 bytes (10.3%)
(RDMA_READ_CONSUME_CHECK_CONSUMER) timestamp=6464 ms, used_size=4202496 bytes (10.3%)
(RDMA_READ_CONSUME_CHECK_CONSUMER) timestamp=6464 ms, used_size=4200448 bytes (10.3%)
(RDMA_READ_CONSUME_CHECK_CONSUMER) timestamp=6464 ms, used_size=4198400 bytes (10.2%)
(RDMA_READ_CONSUME_CHECK_CONSUMER) timestamp=6464 ms, used_size=4196352 bytes (10.2%)
(RDMA_READ_CONSUME_CHECK_CONSUMER) timestamp=6464 ms, used_size=4194304 bytes (10.2%)
(RDMA_READ_CONSUME_CHECK_CONSUMER) timestamp=6464 ms, used_size=4192256 bytes (10.2%)
(RDMA_READ_CONSUME_CHECK_CONSUMER) timestamp=6464 ms, used_size=4190208 bytes (10.2%)
(RDMA_READ_CONSUME_CHECK_CONSUMER) timestamp=6464 ms, used_size=4188160 bytes (10.2%)
(RDMA_READ_CONSUME_CHECK_CONSUMER) timestamp=6464 ms, used_size=4186112 bytes (10.2%)
(RDMA_READ_CONSUME_CHECK_CONSUMER) timestamp=6464 ms, used_size=4184064 bytes (10.2%)
(RDMA_READ_CONSUME_CHECK_CONSUMER) timestamp=6464 ms, used_size=4182016 bytes (10.2%)
(RDMA_READ_CONSUME_CHECK_CONSUMER) timestamp=6464 ms, used_size=4179968 bytes (10.2%)
(RDMA_READ_CONSUME_CHECK_CONSUMER) timestamp=6464 ms, used_size=4177920 bytes (10.2%)
(RDMA_READ_CONSUME_CHECK_CONSUMER) timestamp=6464 ms, used_size=4175872 bytes (10.2%)
(RDMA_READ_CONSUME_CHECK_CONSUMER) timestamp=6464 ms, used_size=4173824 bytes (10.2%)
(RDMA_READ_CONSUME_CHECK_CONSUMER) timestamp=6464 ms, used_size=4171776 bytes (10.2%)
(RDMA_READ_CONSUME_CHECK_CONSUMER) timestamp=6464 ms, used_size=4169728 bytes (10.2%)
(RDMA_READ_CONSUME_CHECK_CONSUMER) timestamp=6464 ms, used_size=4167680 bytes (10.2%)
(RDMA_READ_CONSUME_CHECK_CONSUMER) timestamp=6464 ms, used_size=4165632 bytes (10.2%)
(RDMA_READ_CONSUME_CHECK_CONSUMER) timestamp=6464 ms, used_size=4163584 bytes (10.2%)
(RDMA_READ_CONSUME_CHECK_CONSUMER) timestamp=6464 ms, used_size=4161536 bytes (10.2%)
(RDMA_READ_CONSUME_CHECK_CONSUMER) timestamp=6464 ms, used_size=4159488 bytes (10.2%)
(RDMA_READ_CONSUME_CHECK_CONSUMER) timestamp=6464 ms, used_size=4157440 bytes (10.2%)
(RDMA_READ_CONSUME_CHECK_CONSUMER) timestamp=6464 ms, used_size=4155392 bytes (10.1%)
(RDMA_READ_CONSUME_CHECK_CONSUMER) timestamp=6464 ms, used_size=4153344 bytes (10.1%)
(RDMA_READ_CONSUME_CHECK_CONSUMER) timestamp=6464 ms, used_size=4151296 bytes (10.1%)
(RDMA_READ_CONSUME_CHECK_CONSUMER) timestamp=6464 ms, used_size=4149248 bytes (10.1%)
(RDMA_READ_CONSUME_CHECK_CONSUMER) timestamp=6464 ms, used_size=4147200 bytes (10.1%)
(RDMA_READ_CONSUME_CHECK_CONSUMER) timestamp=6464 ms, used_size=4145152 bytes (10.1%)
(RDMA_READ_CONSUME_CHECK_CONSUMER) timestamp=6464 ms, used_size=4143104 bytes (10.1%)
(RDMA_READ_CONSUME_CHECK_CONSUMER) timestamp=6464 ms, used_size=4141056 bytes (10.1%)
(RDMA_READ_CONSUME_CHECK_CONSUMER) timestamp=6464 ms, used_size=4139008 bytes (10.1%)
(RDMA_READ_CONSUME_CHECK_CONSUMER) timestamp=6464 ms, used_size=4136960 bytes (10.1%)
(RDMA_READ_CONSUME_CHECK_CONSUMER) timestamp=6464 ms, used_size=4134912 bytes (10.1%)
(RDMA_READ_CONSUME_CHECK_CONSUMER) timestamp=6464 ms, used_size=4132864 bytes (10.1%)
(RDMA_READ_CONSUME_CHECK_CONSUMER) timestamp=6464 ms, used_size=4130816 bytes (10.1%)
(RDMA_READ_CONSUME_CHECK_CONSUMER) timestamp=6464 ms, used_size=4128768 bytes (10.1%)
(RDMA_READ_CONSUME_CHECK_CONSUMER) timestamp=6464 ms, used_size=4126720 bytes (10.1%)
(RDMA_READ_CONSUME_CHECK_CONSUMER) timestamp=6465 ms, used_size=4124672 bytes (10.1%)
(RDMA_READ_CONSUME_CHECK_CONSUMER) timestamp=6465 ms, used_size=4122624 bytes (10.1%)
(RDMA_READ_CONSUME_CHECK_CONSUMER) timestamp=6465 ms, used_size=4120576 bytes (10.1%)
(RDMA_READ_CONSUME_CHECK_CONSUMER) timestamp=6465 ms, used_size=4118528 bytes (10.1%)
(RDMA_READ_CONSUME_CHECK_CONSUMER) timestamp=6465 ms, used_size=4116480 bytes (10.1%)
(RDMA_READ_CONSUME_CHECK_CONSUMER) timestamp=6465 ms, used_size=4114432 bytes (10.0%)
(RDMA_READ_CONSUME_CHECK_CONSUMER) timestamp=6465 ms, used_size=4112384 bytes (10.0%)
(RDMA_READ_CONSUME_CHECK_CONSUMER) timestamp=6465 ms, used_size=4110336 bytes (10.0%)
(RDMA_READ_CONSUME_CHECK_CONSUMER) timestamp=6465 ms, used_size=4108288 bytes (10.0%)
(RDMA_READ_CONSUME_CHECK_CONSUMER) timestamp=6465 ms, used_size=4106240 bytes (10.0%)
(RDMA_READ_CONSUME_CHECK_CONSUMER) timestamp=6465 ms, used_size=4104192 bytes (10.0%)
(RDMA_READ_CONSUME_CHECK_CONSUMER) timestamp=6465 ms, used_size=4102144 bytes (10.0%)
(RDMA_READ_CONSUME_CHECK_CONSUMER) timestamp=6465 ms, used_size=4100096 bytes (10.0%)
(RDMA_READ_CONSUME_CHECK_CONSUMER) timestamp=6465 ms, used_size=4098048 bytes (10.0%)
(RDMA_READ_CONSUME_CHECK_CONSUMER) timestamp=6465 ms, used_size=4096000 bytes (10.0%)
(RDMA_READ_CONSUME_CHECK_CONSUMER) timestamp=6465 ms, used_size=4093952 bytes (10.0%)
(RDMA_READ_CONSUME_CHECK_CONSUMER) timestamp=6465 ms, used_size=4091904 bytes (10.0%)
(RDMA_READ_CONSUME_CHECK_CONSUMER) timestamp=6465 ms, used_size=4089856 bytes (10.0%)
(RDMA_READ_CONSUME_CHECK_CONSUMER) timestamp=6465 ms, used_size=4087808 bytes (10.0%)
(RDMA_READ_CONSUME_CHECK_CONSUMER) timestamp=6465 ms, used_size=4085760 bytes (10.0%)
(RDMA_READ_CONSUME_CHECK_CONSUMER) timestamp=6465 ms, used_size=4083712 bytes (10.0%)
(RDMA_READ_CONSUME_CHECK_CONSUMER) timestamp=6465 ms, used_size=4081664 bytes (10.0%)
(RDMA_READ_CONSUME_CHECK_CONSUMER) timestamp=6465 ms, used_size=4079616 bytes (10.0%)
(RDMA_READ_CONSUME_CHECK_CONSUMER) timestamp=6465 ms, used_size=4077568 bytes (10.0%)
(RDMA_READ_CONSUME_CHECK_CONSUMER) timestamp=6465 ms, used_size=4075520 bytes (9.9%)
(RDMA_READ_CONSUME_CHECK_CONSUMER) timestamp=6465 ms, used_size=4073472 bytes (9.9%)
(RDMA_READ_CONSUME_CHECK_CONSUMER) timestamp=6465 ms, used_size=4071424 bytes (9.9%)
(RDMA_READ_CONSUME_CHECK_CONSUMER) timestamp=6465 ms, used_size=4069376 bytes (9.9%)
(RDMA_READ_CONSUME_CHECK_CONSUMER) timestamp=6465 ms, used_size=4067328 bytes (9.9%)
(RDMA_READ_CONSUME_CHECK_CONSUMER) timestamp=6465 ms, used_size=4065280 bytes (9.9%)
(RDMA_READ_CONSUME_CHECK_CONSUMER) timestamp=6465 ms, used_size=4063232 bytes (9.9%)
(RDMA_READ_CONSUME_CHECK_CONSUMER) timestamp=6465 ms, used_size=4061184 bytes (9.9%)
(RDMA_READ_CONSUME_CHECK_CONSUMER) timestamp=6465 ms, used_size=4059136 bytes (9.9%)
(RDMA_READ_CONSUME_CHECK_CONSUMER) timestamp=6465 ms, used_size=4057088 bytes (9.9%)
(RDMA_READ_CONSUME_CHECK_CONSUMER) timestamp=6465 ms, used_size=4055040 bytes (9.9%)
(RDMA_READ_CONSUME_CHECK_CONSUMER) timestamp=6465 ms, used_size=4052992 bytes (9.9%)
(RDMA_READ_CONSUME_CHECK_CONSUMER) timestamp=6465 ms, used_size=4050944 bytes (9.9%)
(RDMA_READ_CONSUME_CHECK_CONSUMER) timestamp=6465 ms, used_size=4048896 bytes (9.9%)
(RDMA_READ_CONSUME_CHECK_CONSUMER) timestamp=6465 ms, used_size=4046848 bytes (9.9%)
(RDMA_READ_CONSUME_CHECK_CONSUMER) timestamp=6465 ms, used_size=4044800 bytes (9.9%)
(RDMA_READ_CONSUME_CHECK_CONSUMER) timestamp=6465 ms, used_size=4042752 bytes (9.9%)
(RDMA_READ_CONSUME_CHECK_CONSUMER) timestamp=6465 ms, used_size=4040704 bytes (9.9%)
(RDMA_READ_CONSUME_CHECK_CONSUMER) timestamp=6465 ms, used_size=4038656 bytes (9.9%)
(RDMA_READ_CONSUME_CHECK_CONSUMER) timestamp=6465 ms, used_size=4036608 bytes (9.9%)
(RDMA_READ_CONSUME_CHECK_CONSUMER) timestamp=6465 ms, used_size=4034560 bytes (9.8%)
(RDMA_READ_CONSUME_CHECK_CONSUMER) timestamp=6465 ms, used_size=4032512 bytes (9.8%)
(RDMA_READ_CONSUME_CHECK_CONSUMER) timestamp=6465 ms, used_size=4030464 bytes (9.8%)
(RDMA_READ_CONSUME_CHECK_CONSUMER) timestamp=6465 ms, used_size=4028416 bytes (9.8%)
(RDMA_READ_CONSUME_CHECK_CONSUMER) timestamp=6465 ms, used_size=4026368 bytes (9.8%)
(RDMA_READ_CONSUME_CHECK_CONSUMER) timestamp=6465 ms, used_size=4024320 bytes (9.8%)
(RDMA_READ_CONSUME_CHECK_CONSUMER) timestamp=6465 ms, used_size=4022272 bytes (9.8%)
(RDMA_READ_CONSUME_CHECK_CONSUMER) timestamp=6465 ms, used_size=4020224 bytes (9.8%)
(RDMA_READ_CONSUME_CHECK_CONSUMER) timestamp=6465 ms, used_size=4018176 bytes (9.8%)
(RDMA_READ_CONSUME_CHECK_CONSUMER) timestamp=6465 ms, used_size=4016128 bytes (9.8%)
(RDMA_READ_CONSUME_CHECK_CONSUMER) timestamp=6465 ms, used_size=4014080 bytes (9.8%)
(RDMA_READ_CONSUME_CHECK_CONSUMER) timestamp=6465 ms, used_size=4012032 bytes (9.8%)
(RDMA_READ_CONSUME_CHECK_CONSUMER) timestamp=6465 ms, used_size=4009984 bytes (9.8%)
(RDMA_READ_CONSUME_CHECK_CONSUMER) timestamp=6465 ms, used_size=4007936 bytes (9.8%)
(RDMA_READ_CONSUME_CHECK_CONSUMER) timestamp=6465 ms, used_size=4005888 bytes (9.8%)
(RDMA_READ_CONSUME_CHECK_CONSUMER) timestamp=6465 ms, used_size=4003840 bytes (9.8%)
(RDMA_READ_CONSUME_CHECK_CONSUMER) timestamp=6465 ms, used_size=4001792 bytes (9.8%)
(RDMA_READ_CONSUME_CHECK_CONSUMER) timestamp=6465 ms, used_size=3999744 bytes (9.8%)
(RDMA_READ_CONSUME_CHECK_CONSUMER) timestamp=6465 ms, used_size=3997696 bytes (9.8%)
(RDMA_READ_CONSUME_CHECK_CONSUMER) timestamp=6465 ms, used_size=3995648 bytes (9.8%)
(RDMA_READ_CONSUME_CHECK_CONSUMER) timestamp=6465 ms, used_size=3993600 bytes (9.8%)
(RDMA_READ_CONSUME_CHECK_CONSUMER) timestamp=6465 ms, used_size=3991552 bytes (9.7%)
(RDMA_READ_CONSUME_CHECK_CONSUMER) timestamp=6465 ms, used_size=3989504 bytes (9.7%)
(RDMA_READ_CONSUME_CHECK_CONSUMER) timestamp=6465 ms, used_size=3987456 bytes (9.7%)
(RDMA_READ_CONSUME_CHECK_CONSUMER) timestamp=6465 ms, used_size=3985408 bytes (9.7%)
(RDMA_READ_CONSUME_CHECK_CONSUMER) timestamp=6465 ms, used_size=3983360 bytes (9.7%)
(RDMA_READ_CONSUME_CHECK_CONSUMER) timestamp=6465 ms, used_size=3981312 bytes (9.7%)
(RDMA_READ_CONSUME_CHECK_CONSUMER) timestamp=6465 ms, used_size=3979264 bytes (9.7%)
(RDMA_READ_CONSUME_CHECK_CONSUMER) timestamp=6465 ms, used_size=3977216 bytes (9.7%)
(RDMA_READ_CONSUME_CHECK_CONSUMER) timestamp=6465 ms, used_size=3975168 bytes (9.7%)
(RDMA_READ_CONSUME_CHECK_CONSUMER) timestamp=6465 ms, used_size=3973120 bytes (9.7%)
(RDMA_READ_CONSUME_CHECK_CONSUMER) timestamp=6465 ms, used_size=3971072 bytes (9.7%)
(RDMA_READ_CONSUME_CHECK_CONSUMER) timestamp=6465 ms, used_size=3969024 bytes (9.7%)
(RDMA_READ_CONSUME_CHECK_CONSUMER) timestamp=6465 ms, used_size=3966976 bytes (9.7%)
(RDMA_READ_CONSUME_CHECK_CONSUMER) timestamp=6465 ms, used_size=3964928 bytes (9.7%)
(RDMA_READ_CONSUME_CHECK_CONSUMER) timestamp=6465 ms, used_size=3962880 bytes (9.7%)
(RDMA_READ_CONSUME_CHECK_CONSUMER) timestamp=6465 ms, used_size=3960832 bytes (9.7%)
(RDMA_READ_CONSUME_CHECK_CONSUMER) timestamp=6465 ms, used_size=3958784 bytes (9.7%)
(RDMA_READ_CONSUME_CHECK_CONSUMER) timestamp=6465 ms, used_size=3956736 bytes (9.7%)
(RDMA_READ_CONSUME_CHECK_CONSUMER) timestamp=6465 ms, used_size=3954688 bytes (9.7%)
(RDMA_READ_CONSUME_CHECK_CONSUMER) timestamp=6465 ms, used_size=3952640 bytes (9.7%)
(RDMA_READ_CONSUME_CHECK_CONSUMER) timestamp=6465 ms, used_size=3950592 bytes (9.6%)
(RDMA_READ_CONSUME_CHECK_CONSUMER) timestamp=6465 ms, used_size=3948544 bytes (9.6%)
(RDMA_READ_CONSUME_CHECK_CONSUMER) timestamp=6465 ms, used_size=3946496 bytes (9.6%)
(RDMA_READ_CONSUME_CHECK_CONSUMER) timestamp=6465 ms, used_size=3944448 bytes (9.6%)
(RDMA_READ_CONSUME_CHECK_CONSUMER) timestamp=6465 ms, used_size=3942400 bytes (9.6%)
(RDMA_READ_CONSUME_CHECK_CONSUMER) timestamp=6465 ms, used_size=3940352 bytes (9.6%)
(RDMA_READ_CONSUME_CHECK_CONSUMER) timestamp=6465 ms, used_size=3938304 bytes (9.6%)
(RDMA_READ_CONSUME_CHECK_CONSUMER) timestamp=6465 ms, used_size=3936256 bytes (9.6%)
(RDMA_READ_CONSUME_CHECK_CONSUMER) timestamp=6465 ms, used_size=3934208 bytes (9.6%)
(RDMA_READ_CONSUME_CHECK_CONSUMER) timestamp=6465 ms, used_size=3932160 bytes (9.6%)
(RDMA_READ_CONSUME_CHECK_CONSUMER) timestamp=6465 ms, used_size=3930112 bytes (9.6%)
(RDMA_READ_CONSUME_CHECK_CONSUMER) timestamp=6465 ms, used_size=3928064 bytes (9.6%)
(RDMA_READ_CONSUME_CHECK_CONSUMER) timestamp=6465 ms, used_size=3926016 bytes (9.6%)
(RDMA_READ_CONSUME_CHECK_CONSUMER) timestamp=6465 ms, used_size=3923968 bytes (9.6%)
(RDMA_READ_CONSUME_CHECK_CONSUMER) timestamp=6465 ms, used_size=3921920 bytes (9.6%)
(RDMA_READ_CONSUME_CHECK_CONSUMER) timestamp=6465 ms, used_size=3919872 bytes (9.6%)
(RDMA_READ_CONSUME_CHECK_CONSUMER) timestamp=6465 ms, used_size=3917824 bytes (9.6%)
(RDMA_READ_CONSUME_CHECK_CONSUMER) timestamp=6465 ms, used_size=3915776 bytes (9.6%)
(RDMA_READ_CONSUME_CHECK_CONSUMER) timestamp=6465 ms, used_size=3913728 bytes (9.6%)
(RDMA_READ_CONSUME_CHECK_CONSUMER) timestamp=6465 ms, used_size=3911680 bytes (9.6%)
(RDMA_READ_CONSUME_CHECK_CONSUMER) timestamp=6465 ms, used_size=3909632 bytes (9.5%)
(RDMA_READ_CONSUME_CHECK_CONSUMER) timestamp=6465 ms, used_size=3907584 bytes (9.5%)
(RDMA_READ_CONSUME_CHECK_CONSUMER) timestamp=6465 ms, used_size=3905536 bytes (9.5%)
(RDMA_READ_CONSUME_CHECK_CONSUMER) timestamp=6465 ms, used_size=3903488 bytes (9.5%)
(RDMA_READ_CONSUME_CHECK_CONSUMER) timestamp=6465 ms, used_size=3901440 bytes (9.5%)
(RDMA_READ_CONSUME_CHECK_CONSUMER) timestamp=6465 ms, used_size=3899392 bytes (9.5%)
(RDMA_READ_CONSUME_CHECK_CONSUMER) timestamp=6465 ms, used_size=3897344 bytes (9.5%)
(RDMA_READ_CONSUME_CHECK_CONSUMER) timestamp=6465 ms, used_size=3895296 bytes (9.5%)
(RDMA_READ_CONSUME_CHECK_CONSUMER) timestamp=6465 ms, used_size=3893248 bytes (9.5%)
(RDMA_READ_CONSUME_CHECK_CONSUMER) timestamp=6465 ms, used_size=3891200 bytes (9.5%)
(RDMA_READ_CONSUME_CHECK_CONSUMER) timestamp=6465 ms, used_size=3889152 bytes (9.5%)
(RDMA_READ_CONSUME_CHECK_CONSUMER) timestamp=6465 ms, used_size=3887104 bytes (9.5%)
(RDMA_READ_CONSUME_CHECK_CONSUMER) timestamp=6465 ms, used_size=3885056 bytes (9.5%)
(RDMA_READ_CONSUME_CHECK_CONSUMER) timestamp=6465 ms, used_size=3883008 bytes (9.5%)
(RDMA_READ_CONSUME_CHECK_CONSUMER) timestamp=6465 ms, used_size=3880960 bytes (9.5%)
(RDMA_READ_CONSUME_CHECK_CONSUMER) timestamp=6465 ms, used_size=3878912 bytes (9.5%)
(RDMA_READ_CONSUME_CHECK_CONSUMER) timestamp=6465 ms, used_size=3876864 bytes (9.5%)
(RDMA_READ_CONSUME_CHECK_CONSUMER) timestamp=6465 ms, used_size=3874816 bytes (9.5%)
(RDMA_READ_CONSUME_CHECK_CONSUMER) timestamp=6465 ms, used_size=3872768 bytes (9.5%)
(RDMA_READ_CONSUME_CHECK_CONSUMER) timestamp=6465 ms, used_size=3870720 bytes (9.4%)
(RDMA_READ_CONSUME_CHECK_CONSUMER) timestamp=6465 ms, used_size=3868672 bytes (9.4%)
(RDMA_READ_CONSUME_CHECK_CONSUMER) timestamp=6465 ms, used_size=3866624 bytes (9.4%)
(RDMA_READ_CONSUME_CHECK_CONSUMER) timestamp=6465 ms, used_size=3864576 bytes (9.4%)
(RDMA_READ_CONSUME_CHECK_CONSUMER) timestamp=6465 ms, used_size=3862528 bytes (9.4%)
(RDMA_READ_CONSUME_CHECK_CONSUMER) timestamp=6465 ms, used_size=3860480 bytes (9.4%)
(RDMA_READ_CONSUME_CHECK_CONSUMER) timestamp=6465 ms, used_size=3858432 bytes (9.4%)
(RDMA_READ_CONSUME_CHECK_CONSUMER) timestamp=6465 ms, used_size=3856384 bytes (9.4%)
(RDMA_READ_CONSUME_CHECK_CONSUMER) timestamp=6465 ms, used_size=3854336 bytes (9.4%)
(RDMA_READ_CONSUME_CHECK_CONSUMER) timestamp=6465 ms, used_size=3852288 bytes (9.4%)
(RDMA_READ_CONSUME_CHECK_CONSUMER) timestamp=6465 ms, used_size=3850240 bytes (9.4%)
(RDMA_READ_CONSUME_CHECK_CONSUMER) timestamp=6465 ms, used_size=3848192 bytes (9.4%)
(RDMA_READ_CONSUME_CHECK_CONSUMER) timestamp=6465 ms, used_size=3846144 bytes (9.4%)
(RDMA_READ_CONSUME_CHECK_CONSUMER) timestamp=6465 ms, used_size=3844096 bytes (9.4%)
(RDMA_READ_CONSUME_CHECK_CONSUMER) timestamp=6465 ms, used_size=3842048 bytes (9.4%)
(RDMA_READ_CONSUME_CHECK_CONSUMER) timestamp=6465 ms, used_size=3840000 bytes (9.4%)
(RDMA_READ_CONSUME_CHECK_CONSUMER) timestamp=6465 ms, used_size=3837952 bytes (9.4%)
(RDMA_READ_CONSUME_CHECK_CONSUMER) timestamp=6465 ms, used_size=3835904 bytes (9.4%)
(RDMA_READ_CONSUME_CHECK_CONSUMER) timestamp=6465 ms, used_size=3833856 bytes (9.4%)
(RDMA_READ_CONSUME_CHECK_CONSUMER) timestamp=6465 ms, used_size=3831808 bytes (9.4%)
(RDMA_READ_CONSUME_CHECK_CONSUMER) timestamp=6465 ms, used_size=3829760 bytes (9.3%)
(RDMA_READ_CONSUME_CHECK_CONSUMER) timestamp=6465 ms, used_size=3827712 bytes (9.3%)
(RDMA_READ_CONSUME_CHECK_CONSUMER) timestamp=6465 ms, used_size=3825664 bytes (9.3%)
(RDMA_READ_CONSUME_CHECK_CONSUMER) timestamp=6465 ms, used_size=3823616 bytes (9.3%)
(RDMA_READ_CONSUME_CHECK_CONSUMER) timestamp=6465 ms, used_size=3821568 bytes (9.3%)
(RDMA_READ_CONSUME_CHECK_CONSUMER) timestamp=6465 ms, used_size=3819520 bytes (9.3%)
(RDMA_READ_CONSUME_CHECK_CONSUMER) timestamp=6465 ms, used_size=3817472 bytes (9.3%)
(RDMA_READ_CONSUME_CHECK_CONSUMER) timestamp=6465 ms, used_size=3815424 bytes (9.3%)
(RDMA_READ_CONSUME_CHECK_CONSUMER) timestamp=6465 ms, used_size=3813376 bytes (9.3%)
(RDMA_READ_CONSUME_CHECK_CONSUMER) timestamp=6465 ms, used_size=3811328 bytes (9.3%)
(RDMA_READ_CONSUME_CHECK_CONSUMER) timestamp=6465 ms, used_size=3809280 bytes (9.3%)
(RDMA_READ_CONSUME_CHECK_CONSUMER) timestamp=6465 ms, used_size=3807232 bytes (9.3%)
(RDMA_READ_CONSUME_CHECK_CONSUMER) timestamp=6465 ms, used_size=3805184 bytes (9.3%)
(RDMA_READ_CONSUME_CHECK_CONSUMER) timestamp=6465 ms, used_size=3803136 bytes (9.3%)
(RDMA_READ_CONSUME_CHECK_CONSUMER) timestamp=6465 ms, used_size=3801088 bytes (9.3%)
(RDMA_READ_CONSUME_CHECK_CONSUMER) timestamp=6465 ms, used_size=3799040 bytes (9.3%)
(RDMA_READ_CONSUME_CHECK_CONSUMER) timestamp=6465 ms, used_size=3796992 bytes (9.3%)
(RDMA_READ_CONSUME_CHECK_CONSUMER) timestamp=6465 ms, used_size=3794944 bytes (9.3%)
(RDMA_READ_CONSUME_CHECK_CONSUMER) timestamp=6465 ms, used_size=3792896 bytes (9.3%)
(RDMA_READ_CONSUME_CHECK_CONSUMER) timestamp=6465 ms, used_size=3790848 bytes (9.3%)
(RDMA_READ_CONSUME_CHECK_CONSUMER) timestamp=6465 ms, used_size=3788800 bytes (9.2%)
(RDMA_READ_CONSUME_CHECK_CONSUMER) timestamp=6465 ms, used_size=3786752 bytes (9.2%)
(RDMA_READ_CONSUME_CHECK_CONSUMER) timestamp=6465 ms, used_size=3784704 bytes (9.2%)
(RDMA_READ_CONSUME_CHECK_CONSUMER) timestamp=6465 ms, used_size=3782656 bytes (9.2%)
(RDMA_READ_CONSUME_CHECK_CONSUMER) timestamp=6465 ms, used_size=3780608 bytes (9.2%)
(RDMA_READ_CONSUME_CHECK_CONSUMER) timestamp=6465 ms, used_size=3778560 bytes (9.2%)
(RDMA_READ_CONSUME_CHECK_CONSUMER) timestamp=6465 ms, used_size=3776512 bytes (9.2%)
(RDMA_READ_CONSUME_CHECK_CONSUMER) timestamp=6465 ms, used_size=3774464 bytes (9.2%)
(RDMA_READ_CONSUME_CHECK_CONSUMER) timestamp=6465 ms, used_size=3772416 bytes (9.2%)
(RDMA_READ_CONSUME_CHECK_CONSUMER) timestamp=6465 ms, used_size=3770368 bytes (9.2%)
(RDMA_READ_CONSUME_CHECK_CONSUMER) timestamp=6465 ms, used_size=3768320 bytes (9.2%)
(RDMA_READ_CONSUME_CHECK_CONSUMER) timestamp=6465 ms, used_size=3766272 bytes (9.2%)
(RDMA_READ_CONSUME_CHECK_CONSUMER) timestamp=6465 ms, used_size=3764224 bytes (9.2%)
(RDMA_READ_CONSUME_CHECK_CONSUMER) timestamp=6465 ms, used_size=3762176 bytes (9.2%)
(RDMA_READ_CONSUME_CHECK_CONSUMER) timestamp=6465 ms, used_size=3760128 bytes (9.2%)
(RDMA_READ_CONSUME_CHECK_CONSUMER) timestamp=6465 ms, used_size=3758080 bytes (9.2%)
(RDMA_READ_CONSUME_CHECK_CONSUMER) timestamp=6465 ms, used_size=3756032 bytes (9.2%)
(RDMA_READ_CONSUME_CHECK_CONSUMER) timestamp=6465 ms, used_size=3753984 bytes (9.2%)
(RDMA_READ_CONSUME_CHECK_CONSUMER) timestamp=6465 ms, used_size=3751936 bytes (9.2%)
(RDMA_READ_CONSUME_CHECK_CONSUMER) timestamp=6466 ms, used_size=3749888 bytes (9.2%)
(RDMA_READ_CONSUME_CHECK_CONSUMER) timestamp=6466 ms, used_size=3747840 bytes (9.2%)
(RDMA_READ_CONSUME_CHECK_CONSUMER) timestamp=6466 ms, used_size=3745792 bytes (9.1%)
(RDMA_READ_CONSUME_CHECK_CONSUMER) timestamp=6466 ms, used_size=3743744 bytes (9.1%)
(RDMA_READ_CONSUME_CHECK_CONSUMER) timestamp=6466 ms, used_size=3741696 bytes (9.1%)
(RDMA_READ_CONSUME_CHECK_CONSUMER) timestamp=6466 ms, used_size=3739648 bytes (9.1%)
(RDMA_READ_CONSUME_CHECK_CONSUMER) timestamp=6466 ms, used_size=3737600 bytes (9.1%)
(RDMA_READ_CONSUME_CHECK_CONSUMER) timestamp=6466 ms, used_size=3735552 bytes (9.1%)
(RDMA_READ_CONSUME_CHECK_CONSUMER) timestamp=6466 ms, used_size=3733504 bytes (9.1%)
(RDMA_READ_CONSUME_CHECK_CONSUMER) timestamp=6466 ms, used_size=3731456 bytes (9.1%)
(RDMA_READ_CONSUME_CHECK_CONSUMER) timestamp=6466 ms, used_size=3729408 bytes (9.1%)
(RDMA_READ_CONSUME_CHECK_CONSUMER) timestamp=6466 ms, used_size=3727360 bytes (9.1%)
(RDMA_READ_CONSUME_CHECK_CONSUMER) timestamp=6466 ms, used_size=3725312 bytes (9.1%)
(RDMA_READ_CONSUME_CHECK_CONSUMER) timestamp=6466 ms, used_size=3723264 bytes (9.1%)
(RDMA_READ_CONSUME_CHECK_CONSUMER) timestamp=6466 ms, used_size=3721216 bytes (9.1%)
(RDMA_READ_CONSUME_CHECK_CONSUMER) timestamp=6466 ms, used_size=3719168 bytes (9.1%)
(RDMA_READ_CONSUME_CHECK_CONSUMER) timestamp=6466 ms, used_size=3717120 bytes (9.1%)
(RDMA_READ_CONSUME_CHECK_CONSUMER) timestamp=6466 ms, used_size=3715072 bytes (9.1%)
(RDMA_READ_CONSUME_CHECK_CONSUMER) timestamp=6466 ms, used_size=3713024 bytes (9.1%)
(RDMA_READ_CONSUME_CHECK_CONSUMER) timestamp=6466 ms, used_size=3710976 bytes (9.1%)
(RDMA_READ_CONSUME_CHECK_CONSUMER) timestamp=6466 ms, used_size=3708928 bytes (9.1%)
(RDMA_READ_CONSUME_CHECK_CONSUMER) timestamp=6466 ms, used_size=3706880 bytes (9.1%)
(RDMA_READ_CONSUME_CHECK_CONSUMER) timestamp=6466 ms, used_size=3704832 bytes (9.0%)
(RDMA_READ_CONSUME_CHECK_CONSUMER) timestamp=6466 ms, used_size=3702784 bytes (9.0%)
(RDMA_READ_CONSUME_CHECK_CONSUMER) timestamp=6466 ms, used_size=3700736 bytes (9.0%)
(RDMA_READ_CONSUME_CHECK_CONSUMER) timestamp=6466 ms, used_size=3698688 bytes (9.0%)
(RDMA_READ_CONSUME_CHECK_CONSUMER) timestamp=6466 ms, used_size=3696640 bytes (9.0%)
(RDMA_READ_CONSUME_CHECK_CONSUMER) timestamp=6466 ms, used_size=3694592 bytes (9.0%)
(RDMA_READ_CONSUME_CHECK_CONSUMER) timestamp=6466 ms, used_size=3692544 bytes (9.0%)
(RDMA_READ_CONSUME_CHECK_CONSUMER) timestamp=6466 ms, used_size=3690496 bytes (9.0%)
(RDMA_READ_CONSUME_CHECK_CONSUMER) timestamp=6466 ms, used_size=3688448 bytes (9.0%)
(RDMA_READ_CONSUME_CHECK_CONSUMER) timestamp=6466 ms, used_size=3686400 bytes (9.0%)
(RDMA_READ_CONSUME_CHECK_CONSUMER) timestamp=6466 ms, used_size=3684352 bytes (9.0%)
(RDMA_READ_CONSUME_CHECK_CONSUMER) timestamp=6466 ms, used_size=3682304 bytes (9.0%)
(RDMA_READ_CONSUME_CHECK_CONSUMER) timestamp=6466 ms, used_size=3680256 bytes (9.0%)
(RDMA_READ_CONSUME_CHECK_CONSUMER) timestamp=6466 ms, used_size=3678208 bytes (9.0%)
(RDMA_READ_CONSUME_CHECK_CONSUMER) timestamp=6466 ms, used_size=3676160 bytes (9.0%)
(RDMA_READ_CONSUME_CHECK_CONSUMER) timestamp=6466 ms, used_size=3674112 bytes (9.0%)
(RDMA_READ_CONSUME_CHECK_CONSUMER) timestamp=6466 ms, used_size=3672064 bytes (9.0%)
(RDMA_READ_CONSUME_CHECK_CONSUMER) timestamp=6466 ms, used_size=3670016 bytes (9.0%)
(RDMA_READ_CONSUME_CHECK_CONSUMER) timestamp=6466 ms, used_size=3667968 bytes (9.0%)
(RDMA_READ_CONSUME_CHECK_CONSUMER) timestamp=6466 ms, used_size=3665920 bytes (8.9%)
(RDMA_READ_CONSUME_CHECK_CONSUMER) timestamp=6466 ms, used_size=3663872 bytes (8.9%)
(RDMA_READ_CONSUME_CHECK_CONSUMER) timestamp=6466 ms, used_size=3661824 bytes (8.9%)
(RDMA_READ_CONSUME_CHECK_CONSUMER) timestamp=6466 ms, used_size=3659776 bytes (8.9%)
(RDMA_READ_CONSUME_CHECK_CONSUMER) timestamp=6466 ms, used_size=3657728 bytes (8.9%)
(RDMA_READ_CONSUME_CHECK_CONSUMER) timestamp=6466 ms, used_size=3655680 bytes (8.9%)
(RDMA_READ_CONSUME_CHECK_CONSUMER) timestamp=6466 ms, used_size=3653632 bytes (8.9%)
(RDMA_READ_CONSUME_CHECK_CONSUMER) timestamp=6466 ms, used_size=3651584 bytes (8.9%)
(RDMA_READ_CONSUME_CHECK_CONSUMER) timestamp=6466 ms, used_size=3649536 bytes (8.9%)
(RDMA_READ_CONSUME_CHECK_CONSUMER) timestamp=6466 ms, used_size=3647488 bytes (8.9%)
(RDMA_READ_CONSUME_CHECK_CONSUMER) timestamp=6466 ms, used_size=3645440 bytes (8.9%)
(RDMA_READ_CONSUME_CHECK_CONSUMER) timestamp=6466 ms, used_size=3643392 bytes (8.9%)
(RDMA_READ_CONSUME_CHECK_CONSUMER) timestamp=6466 ms, used_size=3641344 bytes (8.9%)
(RDMA_READ_CONSUME_CHECK_CONSUMER) timestamp=6466 ms, used_size=3639296 bytes (8.9%)
(RDMA_READ_CONSUME_CHECK_CONSUMER) timestamp=6466 ms, used_size=3637248 bytes (8.9%)
(RDMA_READ_CONSUME_CHECK_CONSUMER) timestamp=6466 ms, used_size=3635200 bytes (8.9%)
(RDMA_READ_CONSUME_CHECK_CONSUMER) timestamp=6466 ms, used_size=3633152 bytes (8.9%)
(RDMA_READ_CONSUME_CHECK_CONSUMER) timestamp=6466 ms, used_size=3631104 bytes (8.9%)
(RDMA_READ_CONSUME_CHECK_CONSUMER) timestamp=6466 ms, used_size=3629056 bytes (8.9%)
(RDMA_READ_CONSUME_CHECK_CONSUMER) timestamp=6466 ms, used_size=3627008 bytes (8.9%)
(RDMA_READ_CONSUME_CHECK_CONSUMER) timestamp=6466 ms, used_size=3624960 bytes (8.8%)
(RDMA_READ_CONSUME_CHECK_CONSUMER) timestamp=6466 ms, used_size=3622912 bytes (8.8%)
(RDMA_READ_CONSUME_CHECK_CONSUMER) timestamp=6466 ms, used_size=3620864 bytes (8.8%)
(RDMA_READ_CONSUME_CHECK_CONSUMER) timestamp=6466 ms, used_size=3618816 bytes (8.8%)
(RDMA_READ_CONSUME_CHECK_CONSUMER) timestamp=6466 ms, used_size=3616768 bytes (8.8%)
(RDMA_READ_CONSUME_CHECK_CONSUMER) timestamp=6466 ms, used_size=3614720 bytes (8.8%)
(RDMA_READ_CONSUME_CHECK_CONSUMER) timestamp=6466 ms, used_size=3612672 bytes (8.8%)
(RDMA_READ_CONSUME_CHECK_CONSUMER) timestamp=6466 ms, used_size=3610624 bytes (8.8%)
(RDMA_READ_CONSUME_CHECK_CONSUMER) timestamp=6466 ms, used_size=3608576 bytes (8.8%)
(RDMA_READ_CONSUME_CHECK_CONSUMER) timestamp=6466 ms, used_size=3606528 bytes (8.8%)
(RDMA_READ_CONSUME_CHECK_CONSUMER) timestamp=6466 ms, used_size=3604480 bytes (8.8%)
(RDMA_READ_CONSUME_CHECK_CONSUMER) timestamp=6466 ms, used_size=3602432 bytes (8.8%)
(RDMA_READ_CONSUME_CHECK_CONSUMER) timestamp=6466 ms, used_size=3600384 bytes (8.8%)
(RDMA_READ_CONSUME_CHECK_CONSUMER) timestamp=6466 ms, used_size=3598336 bytes (8.8%)
(RDMA_READ_CONSUME_CHECK_CONSUMER) timestamp=6466 ms, used_size=3596288 bytes (8.8%)
(RDMA_READ_CONSUME_CHECK_CONSUMER) timestamp=6466 ms, used_size=3594240 bytes (8.8%)
(RDMA_READ_CONSUME_CHECK_CONSUMER) timestamp=6466 ms, used_size=3592192 bytes (8.8%)
(RDMA_READ_CONSUME_CHECK_CONSUMER) timestamp=6466 ms, used_size=3590144 bytes (8.8%)
(RDMA_READ_CONSUME_CHECK_CONSUMER) timestamp=6466 ms, used_size=3588096 bytes (8.8%)
(RDMA_READ_CONSUME_CHECK_CONSUMER) timestamp=6466 ms, used_size=3586048 bytes (8.8%)
(RDMA_READ_CONSUME_CHECK_CONSUMER) timestamp=6466 ms, used_size=3584000 bytes (8.8%)
(RDMA_READ_CONSUME_CHECK_CONSUMER) timestamp=6466 ms, used_size=3581952 bytes (8.7%)
(RDMA_READ_CONSUME_CHECK_CONSUMER) timestamp=6466 ms, used_size=3579904 bytes (8.7%)
(RDMA_READ_CONSUME_CHECK_CONSUMER) timestamp=6466 ms, used_size=3577856 bytes (8.7%)
(RDMA_READ_CONSUME_CHECK_CONSUMER) timestamp=6466 ms, used_size=3575808 bytes (8.7%)
(RDMA_READ_CONSUME_CHECK_CONSUMER) timestamp=6466 ms, used_size=3573760 bytes (8.7%)
(RDMA_READ_CONSUME_CHECK_CONSUMER) timestamp=6466 ms, used_size=3571712 bytes (8.7%)
(RDMA_READ_CONSUME_CHECK_CONSUMER) timestamp=6466 ms, used_size=3569664 bytes (8.7%)
(RDMA_READ_CONSUME_CHECK_CONSUMER) timestamp=6466 ms, used_size=3567616 bytes (8.7%)
(RDMA_READ_CONSUME_CHECK_CONSUMER) timestamp=6466 ms, used_size=3565568 bytes (8.7%)
(RDMA_READ_CONSUME_CHECK_CONSUMER) timestamp=6466 ms, used_size=3563520 bytes (8.7%)
(RDMA_READ_CONSUME_CHECK_CONSUMER) timestamp=6466 ms, used_size=3561472 bytes (8.7%)
(RDMA_READ_CONSUME_CHECK_CONSUMER) timestamp=6466 ms, used_size=3559424 bytes (8.7%)
(RDMA_READ_CONSUME_CHECK_CONSUMER) timestamp=6466 ms, used_size=3557376 bytes (8.7%)
(RDMA_READ_CONSUME_CHECK_CONSUMER) timestamp=6466 ms, used_size=3555328 bytes (8.7%)
(RDMA_READ_CONSUME_CHECK_CONSUMER) timestamp=6466 ms, used_size=3553280 bytes (8.7%)
(RDMA_READ_CONSUME_CHECK_CONSUMER) timestamp=6466 ms, used_size=3551232 bytes (8.7%)
(RDMA_READ_CONSUME_CHECK_CONSUMER) timestamp=6466 ms, used_size=3549184 bytes (8.7%)
(RDMA_READ_CONSUME_CHECK_CONSUMER) timestamp=6466 ms, used_size=3547136 bytes (8.7%)
(RDMA_READ_CONSUME_CHECK_CONSUMER) timestamp=6466 ms, used_size=3545088 bytes (8.7%)
(RDMA_READ_CONSUME_CHECK_CONSUMER) timestamp=6466 ms, used_size=3543040 bytes (8.7%)
(RDMA_READ_CONSUME_CHECK_CONSUMER) timestamp=6466 ms, used_size=3540992 bytes (8.6%)
(RDMA_READ_CONSUME_CHECK_CONSUMER) timestamp=6466 ms, used_size=3538944 bytes (8.6%)
(RDMA_READ_CONSUME_CHECK_CONSUMER) timestamp=6466 ms, used_size=3536896 bytes (8.6%)
(RDMA_READ_CONSUME_CHECK_CONSUMER) timestamp=6466 ms, used_size=3534848 bytes (8.6%)
(RDMA_READ_CONSUME_CHECK_CONSUMER) timestamp=6466 ms, used_size=3532800 bytes (8.6%)
(RDMA_READ_CONSUME_CHECK_CONSUMER) timestamp=6466 ms, used_size=3530752 bytes (8.6%)
(RDMA_READ_CONSUME_CHECK_CONSUMER) timestamp=6466 ms, used_size=3528704 bytes (8.6%)
(RDMA_READ_CONSUME_CHECK_CONSUMER) timestamp=6466 ms, used_size=3526656 bytes (8.6%)
(RDMA_READ_CONSUME_CHECK_CONSUMER) timestamp=6466 ms, used_size=3524608 bytes (8.6%)
(RDMA_READ_CONSUME_CHECK_CONSUMER) timestamp=6466 ms, used_size=3522560 bytes (8.6%)
(RDMA_READ_CONSUME_CHECK_CONSUMER) timestamp=6466 ms, used_size=3520512 bytes (8.6%)
(RDMA_READ_CONSUME_CHECK_CONSUMER) timestamp=6466 ms, used_size=3518464 bytes (8.6%)
(RDMA_READ_CONSUME_CHECK_CONSUMER) timestamp=6466 ms, used_size=3516416 bytes (8.6%)
(RDMA_READ_CONSUME_CHECK_CONSUMER) timestamp=6466 ms, used_size=3514368 bytes (8.6%)
(RDMA_READ_CONSUME_CHECK_CONSUMER) timestamp=6466 ms, used_size=3512320 bytes (8.6%)
(RDMA_READ_CONSUME_CHECK_CONSUMER) timestamp=6466 ms, used_size=3510272 bytes (8.6%)
(RDMA_READ_CONSUME_CHECK_CONSUMER) timestamp=6466 ms, used_size=3508224 bytes (8.6%)
(RDMA_READ_CONSUME_CHECK_CONSUMER) timestamp=6466 ms, used_size=3506176 bytes (8.6%)
(RDMA_READ_CONSUME_CHECK_CONSUMER) timestamp=6466 ms, used_size=3504128 bytes (8.6%)
(RDMA_READ_CONSUME_CHECK_CONSUMER) timestamp=6466 ms, used_size=3502080 bytes (8.6%)
(RDMA_READ_CONSUME_CHECK_CONSUMER) timestamp=6466 ms, used_size=3500032 bytes (8.5%)
(RDMA_READ_CONSUME_CHECK_CONSUMER) timestamp=6466 ms, used_size=3497984 bytes (8.5%)
(RDMA_READ_CONSUME_CHECK_CONSUMER) timestamp=6466 ms, used_size=3495936 bytes (8.5%)
(RDMA_READ_CONSUME_CHECK_CONSUMER) timestamp=6466 ms, used_size=3493888 bytes (8.5%)
(RDMA_READ_CONSUME_CHECK_CONSUMER) timestamp=6466 ms, used_size=3491840 bytes (8.5%)
(RDMA_READ_CONSUME_CHECK_CONSUMER) timestamp=6466 ms, used_size=3489792 bytes (8.5%)
(RDMA_READ_CONSUME_CHECK_CONSUMER) timestamp=6466 ms, used_size=3487744 bytes (8.5%)
(RDMA_READ_CONSUME_CHECK_CONSUMER) timestamp=6466 ms, used_size=3485696 bytes (8.5%)
(RDMA_READ_CONSUME_CHECK_CONSUMER) timestamp=6466 ms, used_size=3483648 bytes (8.5%)
(RDMA_READ_CONSUME_CHECK_CONSUMER) timestamp=6466 ms, used_size=3481600 bytes (8.5%)
(RDMA_READ_CONSUME_CHECK_CONSUMER) timestamp=6466 ms, used_size=3479552 bytes (8.5%)
(RDMA_READ_CONSUME_CHECK_CONSUMER) timestamp=6466 ms, used_size=3477504 bytes (8.5%)
(RDMA_READ_CONSUME_CHECK_CONSUMER) timestamp=6466 ms, used_size=3475456 bytes (8.5%)
(RDMA_READ_CONSUME_CHECK_CONSUMER) timestamp=6466 ms, used_size=3473408 bytes (8.5%)
(RDMA_READ_CONSUME_CHECK_CONSUMER) timestamp=6466 ms, used_size=3471360 bytes (8.5%)
(RDMA_READ_CONSUME_CHECK_CONSUMER) timestamp=6466 ms, used_size=3469312 bytes (8.5%)
(RDMA_READ_CONSUME_CHECK_CONSUMER) timestamp=6466 ms, used_size=3467264 bytes (8.5%)
(RDMA_READ_CONSUME_CHECK_CONSUMER) timestamp=6466 ms, used_size=3465216 bytes (8.5%)
(RDMA_READ_CONSUME_CHECK_CONSUMER) timestamp=6466 ms, used_size=3463168 bytes (8.5%)
(RDMA_READ_CONSUME_CHECK_CONSUMER) timestamp=6466 ms, used_size=3461120 bytes (8.4%)
(RDMA_READ_CONSUME_CHECK_CONSUMER) timestamp=6466 ms, used_size=3459072 bytes (8.4%)
(RDMA_READ_CONSUME_CHECK_CONSUMER) timestamp=6466 ms, used_size=3457024 bytes (8.4%)
(RDMA_READ_CONSUME_CHECK_CONSUMER) timestamp=6466 ms, used_size=3454976 bytes (8.4%)
(RDMA_READ_CONSUME_CHECK_CONSUMER) timestamp=6466 ms, used_size=3452928 bytes (8.4%)
(RDMA_READ_CONSUME_CHECK_CONSUMER) timestamp=6466 ms, used_size=3450880 bytes (8.4%)
(RDMA_READ_CONSUME_CHECK_CONSUMER) timestamp=6466 ms, used_size=3448832 bytes (8.4%)
(RDMA_READ_CONSUME_CHECK_CONSUMER) timestamp=6466 ms, used_size=3446784 bytes (8.4%)
(RDMA_READ_CONSUME_CHECK_CONSUMER) timestamp=6466 ms, used_size=3444736 bytes (8.4%)
(RDMA_READ_CONSUME_CHECK_CONSUMER) timestamp=6466 ms, used_size=3442688 bytes (8.4%)
(RDMA_READ_CONSUME_CHECK_CONSUMER) timestamp=6466 ms, used_size=3440640 bytes (8.4%)
(RDMA_READ_CONSUME_CHECK_CONSUMER) timestamp=6466 ms, used_size=3438592 bytes (8.4%)
(RDMA_READ_CONSUME_CHECK_CONSUMER) timestamp=6466 ms, used_size=3436544 bytes (8.4%)
(RDMA_READ_CONSUME_CHECK_CONSUMER) timestamp=6466 ms, used_size=3434496 bytes (8.4%)
(RDMA_READ_CONSUME_CHECK_CONSUMER) timestamp=6466 ms, used_size=3432448 bytes (8.4%)
(RDMA_READ_CONSUME_CHECK_CONSUMER) timestamp=6466 ms, used_size=3430400 bytes (8.4%)
(RDMA_READ_CONSUME_CHECK_CONSUMER) timestamp=6466 ms, used_size=3428352 bytes (8.4%)
(RDMA_READ_CONSUME_CHECK_CONSUMER) timestamp=6466 ms, used_size=3426304 bytes (8.4%)
(RDMA_READ_CONSUME_CHECK_CONSUMER) timestamp=6466 ms, used_size=3424256 bytes (8.4%)
(RDMA_READ_CONSUME_CHECK_CONSUMER) timestamp=6466 ms, used_size=3422208 bytes (8.4%)
(RDMA_READ_CONSUME_CHECK_CONSUMER) timestamp=6466 ms, used_size=3420160 bytes (8.3%)
(RDMA_READ_CONSUME_CHECK_CONSUMER) timestamp=6466 ms, used_size=3418112 bytes (8.3%)
(RDMA_READ_CONSUME_CHECK_CONSUMER) timestamp=6466 ms, used_size=3416064 bytes (8.3%)
(RDMA_READ_CONSUME_CHECK_CONSUMER) timestamp=6466 ms, used_size=3414016 bytes (8.3%)
(RDMA_READ_CONSUME_CHECK_CONSUMER) timestamp=6466 ms, used_size=3411968 bytes (8.3%)
(RDMA_READ_CONSUME_CHECK_CONSUMER) timestamp=6466 ms, used_size=3409920 bytes (8.3%)
(RDMA_READ_CONSUME_CHECK_CONSUMER) timestamp=6466 ms, used_size=3407872 bytes (8.3%)
(RDMA_READ_CONSUME_CHECK_CONSUMER) timestamp=6466 ms, used_size=3405824 bytes (8.3%)
(RDMA_READ_CONSUME_CHECK_CONSUMER) timestamp=6466 ms, used_size=3403776 bytes (8.3%)
(RDMA_READ_CONSUME_CHECK_CONSUMER) timestamp=6466 ms, used_size=3401728 bytes (8.3%)
(RDMA_READ_CONSUME_CHECK_CONSUMER) timestamp=6466 ms, used_size=3399680 bytes (8.3%)
(RDMA_READ_CONSUME_CHECK_CONSUMER) timestamp=6466 ms, used_size=3397632 bytes (8.3%)
(RDMA_READ_CONSUME_CHECK_CONSUMER) timestamp=6466 ms, used_size=3395584 bytes (8.3%)
(RDMA_READ_CONSUME_CHECK_CONSUMER) timestamp=6466 ms, used_size=3393536 bytes (8.3%)
(RDMA_READ_CONSUME_CHECK_CONSUMER) timestamp=6466 ms, used_size=3391488 bytes (8.3%)
(RDMA_READ_CONSUME_CHECK_CONSUMER) timestamp=6466 ms, used_size=3389440 bytes (8.3%)
(RDMA_READ_CONSUME_CHECK_CONSUMER) timestamp=6466 ms, used_size=3387392 bytes (8.3%)
(RDMA_READ_CONSUME_CHECK_CONSUMER) timestamp=6466 ms, used_size=3385344 bytes (8.3%)
(RDMA_READ_CONSUME_CHECK_CONSUMER) timestamp=6466 ms, used_size=3383296 bytes (8.3%)
(RDMA_READ_CONSUME_CHECK_CONSUMER) timestamp=6467 ms, used_size=3381248 bytes (8.3%)
(RDMA_READ_CONSUME_CHECK_CONSUMER) timestamp=6467 ms, used_size=3379200 bytes (8.2%)
(RDMA_READ_CONSUME_CHECK_CONSUMER) timestamp=6467 ms, used_size=3377152 bytes (8.2%)
(RDMA_READ_CONSUME_CHECK_CONSUMER) timestamp=6467 ms, used_size=3375104 bytes (8.2%)
(RDMA_READ_CONSUME_CHECK_CONSUMER) timestamp=6467 ms, used_size=3373056 bytes (8.2%)
(RDMA_READ_CONSUME_CHECK_CONSUMER) timestamp=6467 ms, used_size=3371008 bytes (8.2%)
(RDMA_READ_CONSUME_CHECK_CONSUMER) timestamp=6467 ms, used_size=3368960 bytes (8.2%)
(RDMA_READ_CONSUME_CHECK_CONSUMER) timestamp=6467 ms, used_size=3366912 bytes (8.2%)
(RDMA_READ_CONSUME_CHECK_CONSUMER) timestamp=6467 ms, used_size=3364864 bytes (8.2%)
(RDMA_READ_CONSUME_CHECK_CONSUMER) timestamp=6467 ms, used_size=3362816 bytes (8.2%)
(RDMA_READ_CONSUME_CHECK_CONSUMER) timestamp=6467 ms, used_size=3360768 bytes (8.2%)
(RDMA_READ_CONSUME_CHECK_CONSUMER) timestamp=6467 ms, used_size=3358720 bytes (8.2%)
(RDMA_READ_CONSUME_CHECK_CONSUMER) timestamp=6467 ms, used_size=3356672 bytes (8.2%)
(RDMA_READ_CONSUME_CHECK_CONSUMER) timestamp=6467 ms, used_size=3354624 bytes (8.2%)
(RDMA_READ_CONSUME_CHECK_CONSUMER) timestamp=6467 ms, used_size=3352576 bytes (8.2%)
(RDMA_READ_CONSUME_CHECK_CONSUMER) timestamp=6467 ms, used_size=3350528 bytes (8.2%)
(RDMA_READ_CONSUME_CHECK_CONSUMER) timestamp=6467 ms, used_size=3348480 bytes (8.2%)
(RDMA_READ_CONSUME_CHECK_CONSUMER) timestamp=6467 ms, used_size=3346432 bytes (8.2%)
(RDMA_READ_CONSUME_CHECK_CONSUMER) timestamp=6467 ms, used_size=3344384 bytes (8.2%)
(RDMA_READ_CONSUME_CHECK_CONSUMER) timestamp=6467 ms, used_size=3342336 bytes (8.2%)
(RDMA_READ_CONSUME_CHECK_CONSUMER) timestamp=6467 ms, used_size=3340288 bytes (8.2%)
(RDMA_READ_CONSUME_CHECK_CONSUMER) timestamp=6467 ms, used_size=3338240 bytes (8.2%)
(RDMA_READ_CONSUME_CHECK_CONSUMER) timestamp=6467 ms, used_size=3336192 bytes (8.1%)
(RDMA_READ_CONSUME_CHECK_CONSUMER) timestamp=6467 ms, used_size=3334144 bytes (8.1%)
(RDMA_READ_CONSUME_CHECK_CONSUMER) timestamp=6467 ms, used_size=3332096 bytes (8.1%)
(RDMA_READ_CONSUME_CHECK_CONSUMER) timestamp=6467 ms, used_size=3330048 bytes (8.1%)
(RDMA_READ_CONSUME_CHECK_CONSUMER) timestamp=6467 ms, used_size=3328000 bytes (8.1%)
(RDMA_READ_CONSUME_CHECK_CONSUMER) timestamp=6467 ms, used_size=3325952 bytes (8.1%)
(RDMA_READ_CONSUME_CHECK_CONSUMER) timestamp=6467 ms, used_size=3323904 bytes (8.1%)
(RDMA_READ_CONSUME_CHECK_CONSUMER) timestamp=6467 ms, used_size=3321856 bytes (8.1%)
(RDMA_READ_CONSUME_CHECK_CONSUMER) timestamp=6467 ms, used_size=3319808 bytes (8.1%)
(RDMA_READ_CONSUME_CHECK_CONSUMER) timestamp=6467 ms, used_size=3317760 bytes (8.1%)
(RDMA_READ_CONSUME_CHECK_CONSUMER) timestamp=6467 ms, used_size=3315712 bytes (8.1%)
(RDMA_READ_CONSUME_CHECK_CONSUMER) timestamp=6467 ms, used_size=3313664 bytes (8.1%)
(RDMA_READ_CONSUME_CHECK_CONSUMER) timestamp=6467 ms, used_size=3311616 bytes (8.1%)
(RDMA_READ_CONSUME_CHECK_CONSUMER) timestamp=6467 ms, used_size=3309568 bytes (8.1%)
(RDMA_READ_CONSUME_CHECK_CONSUMER) timestamp=6467 ms, used_size=3307520 bytes (8.1%)
(RDMA_READ_CONSUME_CHECK_CONSUMER) timestamp=6467 ms, used_size=3305472 bytes (8.1%)
(RDMA_READ_CONSUME_CHECK_CONSUMER) timestamp=6467 ms, used_size=3303424 bytes (8.1%)
(RDMA_READ_CONSUME_CHECK_CONSUMER) timestamp=6467 ms, used_size=3301376 bytes (8.1%)
(RDMA_READ_CONSUME_CHECK_CONSUMER) timestamp=6467 ms, used_size=3299328 bytes (8.1%)
(RDMA_READ_CONSUME_CHECK_CONSUMER) timestamp=6467 ms, used_size=3297280 bytes (8.1%)
(RDMA_READ_CONSUME_CHECK_CONSUMER) timestamp=6467 ms, used_size=3295232 bytes (8.0%)
(RDMA_READ_CONSUME_CHECK_CONSUMER) timestamp=6467 ms, used_size=3293184 bytes (8.0%)
(RDMA_READ_CONSUME_CHECK_CONSUMER) timestamp=6467 ms, used_size=3291136 bytes (8.0%)
(RDMA_READ_CONSUME_CHECK_CONSUMER) timestamp=6467 ms, used_size=3289088 bytes (8.0%)
(RDMA_READ_CONSUME_CHECK_CONSUMER) timestamp=6467 ms, used_size=3287040 bytes (8.0%)
(RDMA_READ_CONSUME_CHECK_CONSUMER) timestamp=6467 ms, used_size=3284992 bytes (8.0%)
(RDMA_READ_CONSUME_CHECK_CONSUMER) timestamp=6467 ms, used_size=3282944 bytes (8.0%)
(RDMA_READ_CONSUME_CHECK_CONSUMER) timestamp=6467 ms, used_size=3280896 bytes (8.0%)
(RDMA_READ_CONSUME_CHECK_CONSUMER) timestamp=6467 ms, used_size=3278848 bytes (8.0%)
(RDMA_READ_CONSUME_CHECK_CONSUMER) timestamp=6467 ms, used_size=3276800 bytes (8.0%)
(RDMA_READ_CONSUME_CHECK_CONSUMER) timestamp=6467 ms, used_size=3274752 bytes (8.0%)
(RDMA_READ_CONSUME_CHECK_CONSUMER) timestamp=6467 ms, used_size=3272704 bytes (8.0%)
(RDMA_READ_CONSUME_CHECK_CONSUMER) timestamp=6467 ms, used_size=3270656 bytes (8.0%)
(RDMA_READ_CONSUME_CHECK_CONSUMER) timestamp=6467 ms, used_size=3268608 bytes (8.0%)
(RDMA_READ_CONSUME_CHECK_CONSUMER) timestamp=6467 ms, used_size=3266560 bytes (8.0%)
(RDMA_READ_CONSUME_CHECK_CONSUMER) timestamp=6467 ms, used_size=3264512 bytes (8.0%)
(RDMA_READ_CONSUME_CHECK_CONSUMER) timestamp=6467 ms, used_size=3262464 bytes (8.0%)
(RDMA_READ_CONSUME_CHECK_CONSUMER) timestamp=6467 ms, used_size=3260416 bytes (8.0%)
(RDMA_READ_CONSUME_CHECK_CONSUMER) timestamp=6467 ms, used_size=3258368 bytes (8.0%)
(RDMA_READ_CONSUME_CHECK_CONSUMER) timestamp=6467 ms, used_size=3256320 bytes (8.0%)
(RDMA_READ_CONSUME_CHECK_CONSUMER) timestamp=6467 ms, used_size=3254272 bytes (7.9%)
(RDMA_READ_CONSUME_CHECK_CONSUMER) timestamp=6467 ms, used_size=3252224 bytes (7.9%)
(RDMA_READ_CONSUME_CHECK_CONSUMER) timestamp=6467 ms, used_size=3250176 bytes (7.9%)
(RDMA_READ_CONSUME_CHECK_CONSUMER) timestamp=6467 ms, used_size=3248128 bytes (7.9%)
(RDMA_READ_CONSUME_CHECK_CONSUMER) timestamp=6467 ms, used_size=3246080 bytes (7.9%)
(RDMA_READ_CONSUME_CHECK_CONSUMER) timestamp=6467 ms, used_size=3244032 bytes (7.9%)
(RDMA_READ_CONSUME_CHECK_CONSUMER) timestamp=6467 ms, used_size=3241984 bytes (7.9%)
(RDMA_READ_CONSUME_CHECK_CONSUMER) timestamp=6467 ms, used_size=3239936 bytes (7.9%)
(RDMA_READ_CONSUME_CHECK_CONSUMER) timestamp=6467 ms, used_size=3237888 bytes (7.9%)
(RDMA_READ_CONSUME_CHECK_CONSUMER) timestamp=6467 ms, used_size=3235840 bytes (7.9%)
(RDMA_READ_CONSUME_CHECK_CONSUMER) timestamp=6467 ms, used_size=3233792 bytes (7.9%)
(RDMA_READ_CONSUME_CHECK_CONSUMER) timestamp=6467 ms, used_size=3231744 bytes (7.9%)
(RDMA_READ_CONSUME_CHECK_CONSUMER) timestamp=6467 ms, used_size=3229696 bytes (7.9%)
(RDMA_READ_CONSUME_CHECK_CONSUMER) timestamp=6467 ms, used_size=3227648 bytes (7.9%)
(RDMA_READ_CONSUME_CHECK_CONSUMER) timestamp=6467 ms, used_size=3225600 bytes (7.9%)
(RDMA_READ_CONSUME_CHECK_CONSUMER) timestamp=6467 ms, used_size=3223552 bytes (7.9%)
(RDMA_READ_CONSUME_CHECK_CONSUMER) timestamp=6467 ms, used_size=3221504 bytes (7.9%)
(RDMA_READ_CONSUME_CHECK_CONSUMER) timestamp=6467 ms, used_size=3219456 bytes (7.9%)
(RDMA_READ_CONSUME_CHECK_CONSUMER) timestamp=6467 ms, used_size=3217408 bytes (7.9%)
(RDMA_READ_CONSUME_CHECK_CONSUMER) timestamp=6467 ms, used_size=3215360 bytes (7.8%)
(RDMA_READ_CONSUME_CHECK_CONSUMER) timestamp=6467 ms, used_size=3213312 bytes (7.8%)
(RDMA_READ_CONSUME_CHECK_CONSUMER) timestamp=6467 ms, used_size=3211264 bytes (7.8%)
(RDMA_READ_CONSUME_CHECK_CONSUMER) timestamp=6467 ms, used_size=3209216 bytes (7.8%)
(RDMA_READ_CONSUME_CHECK_CONSUMER) timestamp=6467 ms, used_size=3207168 bytes (7.8%)
(RDMA_READ_CONSUME_CHECK_CONSUMER) timestamp=6467 ms, used_size=3205120 bytes (7.8%)
(RDMA_READ_CONSUME_CHECK_CONSUMER) timestamp=6467 ms, used_size=3203072 bytes (7.8%)
(RDMA_READ_CONSUME_CHECK_CONSUMER) timestamp=6467 ms, used_size=3201024 bytes (7.8%)
(RDMA_READ_CONSUME_CHECK_CONSUMER) timestamp=6467 ms, used_size=3198976 bytes (7.8%)
(RDMA_READ_CONSUME_CHECK_CONSUMER) timestamp=6467 ms, used_size=3196928 bytes (7.8%)
(RDMA_READ_CONSUME_CHECK_CONSUMER) timestamp=6467 ms, used_size=3194880 bytes (7.8%)
(RDMA_READ_CONSUME_CHECK_CONSUMER) timestamp=6467 ms, used_size=3192832 bytes (7.8%)
(RDMA_READ_CONSUME_CHECK_CONSUMER) timestamp=6467 ms, used_size=3190784 bytes (7.8%)
(RDMA_READ_CONSUME_CHECK_CONSUMER) timestamp=6467 ms, used_size=3188736 bytes (7.8%)
(RDMA_READ_CONSUME_CHECK_CONSUMER) timestamp=6467 ms, used_size=3186688 bytes (7.8%)
(RDMA_READ_CONSUME_CHECK_CONSUMER) timestamp=6467 ms, used_size=3184640 bytes (7.8%)
(RDMA_READ_CONSUME_CHECK_CONSUMER) timestamp=6467 ms, used_size=3182592 bytes (7.8%)
(RDMA_READ_CONSUME_CHECK_CONSUMER) timestamp=6467 ms, used_size=3180544 bytes (7.8%)
(RDMA_READ_CONSUME_CHECK_CONSUMER) timestamp=6467 ms, used_size=3178496 bytes (7.8%)
(RDMA_READ_CONSUME_CHECK_CONSUMER) timestamp=6467 ms, used_size=3176448 bytes (7.8%)
(RDMA_READ_CONSUME_CHECK_CONSUMER) timestamp=6467 ms, used_size=3174400 bytes (7.8%)
(RDMA_READ_CONSUME_CHECK_CONSUMER) timestamp=6467 ms, used_size=3172352 bytes (7.7%)
(RDMA_READ_CONSUME_CHECK_CONSUMER) timestamp=6467 ms, used_size=3170304 bytes (7.7%)
(RDMA_READ_CONSUME_CHECK_CONSUMER) timestamp=6467 ms, used_size=3168256 bytes (7.7%)
(RDMA_READ_CONSUME_CHECK_CONSUMER) timestamp=6467 ms, used_size=3166208 bytes (7.7%)
(RDMA_READ_CONSUME_CHECK_CONSUMER) timestamp=6467 ms, used_size=3164160 bytes (7.7%)
(RDMA_READ_CONSUME_CHECK_CONSUMER) timestamp=6467 ms, used_size=3162112 bytes (7.7%)
(RDMA_READ_CONSUME_CHECK_CONSUMER) timestamp=6467 ms, used_size=3160064 bytes (7.7%)
(RDMA_READ_CONSUME_CHECK_CONSUMER) timestamp=6467 ms, used_size=3158016 bytes (7.7%)
(RDMA_READ_CONSUME_CHECK_CONSUMER) timestamp=6467 ms, used_size=3155968 bytes (7.7%)
(RDMA_READ_CONSUME_CHECK_CONSUMER) timestamp=6467 ms, used_size=3153920 bytes (7.7%)
(RDMA_READ_CONSUME_CHECK_CONSUMER) timestamp=6467 ms, used_size=3151872 bytes (7.7%)
(RDMA_READ_CONSUME_CHECK_CONSUMER) timestamp=6467 ms, used_size=3149824 bytes (7.7%)
(RDMA_READ_CONSUME_CHECK_CONSUMER) timestamp=6467 ms, used_size=3147776 bytes (7.7%)
(RDMA_READ_CONSUME_CHECK_CONSUMER) timestamp=6467 ms, used_size=3145728 bytes (7.7%)
(RDMA_READ_CONSUME_CHECK_CONSUMER) timestamp=6467 ms, used_size=3143680 bytes (7.7%)
(RDMA_READ_CONSUME_CHECK_CONSUMER) timestamp=6467 ms, used_size=3141632 bytes (7.7%)
(RDMA_READ_CONSUME_CHECK_CONSUMER) timestamp=6467 ms, used_size=3139584 bytes (7.7%)
(RDMA_READ_CONSUME_CHECK_CONSUMER) timestamp=6467 ms, used_size=3137536 bytes (7.7%)
(RDMA_READ_CONSUME_CHECK_CONSUMER) timestamp=6467 ms, used_size=3135488 bytes (7.7%)
(RDMA_READ_CONSUME_CHECK_CONSUMER) timestamp=6467 ms, used_size=3133440 bytes (7.7%)
(RDMA_READ_CONSUME_CHECK_CONSUMER) timestamp=6467 ms, used_size=3131392 bytes (7.6%)
(RDMA_READ_CONSUME_CHECK_CONSUMER) timestamp=6467 ms, used_size=3129344 bytes (7.6%)
(RDMA_READ_CONSUME_CHECK_CONSUMER) timestamp=6467 ms, used_size=3127296 bytes (7.6%)
(RDMA_READ_CONSUME_CHECK_CONSUMER) timestamp=6467 ms, used_size=3125248 bytes (7.6%)
(RDMA_READ_CONSUME_CHECK_CONSUMER) timestamp=6467 ms, used_size=3123200 bytes (7.6%)
(RDMA_READ_CONSUME_CHECK_CONSUMER) timestamp=6467 ms, used_size=3121152 bytes (7.6%)
(RDMA_READ_CONSUME_CHECK_CONSUMER) timestamp=6467 ms, used_size=3119104 bytes (7.6%)
(RDMA_READ_CONSUME_CHECK_CONSUMER) timestamp=6467 ms, used_size=3117056 bytes (7.6%)
(RDMA_READ_CONSUME_CHECK_CONSUMER) timestamp=6467 ms, used_size=3115008 bytes (7.6%)
(RDMA_READ_CONSUME_CHECK_CONSUMER) timestamp=6467 ms, used_size=3112960 bytes (7.6%)
(RDMA_READ_CONSUME_CHECK_CONSUMER) timestamp=6467 ms, used_size=3110912 bytes (7.6%)
(RDMA_READ_CONSUME_CHECK_CONSUMER) timestamp=6467 ms, used_size=3108864 bytes (7.6%)
(RDMA_READ_CONSUME_CHECK_CONSUMER) timestamp=6467 ms, used_size=3106816 bytes (7.6%)
(RDMA_READ_CONSUME_CHECK_CONSUMER) timestamp=6467 ms, used_size=3104768 bytes (7.6%)
(RDMA_READ_CONSUME_CHECK_CONSUMER) timestamp=6467 ms, used_size=3102720 bytes (7.6%)
(RDMA_READ_CONSUME_CHECK_CONSUMER) timestamp=6467 ms, used_size=3100672 bytes (7.6%)
(RDMA_READ_CONSUME_CHECK_CONSUMER) timestamp=6467 ms, used_size=3098624 bytes (7.6%)
(RDMA_READ_CONSUME_CHECK_CONSUMER) timestamp=6467 ms, used_size=3096576 bytes (7.6%)
(RDMA_READ_CONSUME_CHECK_CONSUMER) timestamp=6467 ms, used_size=3094528 bytes (7.6%)
(RDMA_READ_CONSUME_CHECK_CONSUMER) timestamp=6467 ms, used_size=3092480 bytes (7.5%)
(RDMA_READ_CONSUME_CHECK_CONSUMER) timestamp=6467 ms, used_size=3090432 bytes (7.5%)
(RDMA_READ_CONSUME_CHECK_CONSUMER) timestamp=6467 ms, used_size=3088384 bytes (7.5%)
(RDMA_READ_CONSUME_CHECK_CONSUMER) timestamp=6467 ms, used_size=3086336 bytes (7.5%)
(RDMA_READ_CONSUME_CHECK_CONSUMER) timestamp=6467 ms, used_size=3084288 bytes (7.5%)
(RDMA_READ_CONSUME_CHECK_CONSUMER) timestamp=6467 ms, used_size=3082240 bytes (7.5%)
(RDMA_READ_CONSUME_CHECK_CONSUMER) timestamp=6467 ms, used_size=3080192 bytes (7.5%)
(RDMA_READ_CONSUME_CHECK_CONSUMER) timestamp=6467 ms, used_size=3078144 bytes (7.5%)
(RDMA_READ_CONSUME_CHECK_CONSUMER) timestamp=6467 ms, used_size=3076096 bytes (7.5%)
(RDMA_READ_CONSUME_CHECK_CONSUMER) timestamp=6467 ms, used_size=3074048 bytes (7.5%)
(RDMA_READ_CONSUME_CHECK_CONSUMER) timestamp=6467 ms, used_size=3072000 bytes (7.5%)
(RDMA_READ_CONSUME_CHECK_CONSUMER) timestamp=6467 ms, used_size=3069952 bytes (7.5%)
(RDMA_READ_CONSUME_CHECK_CONSUMER) timestamp=6467 ms, used_size=3067904 bytes (7.5%)
(RDMA_READ_CONSUME_CHECK_CONSUMER) timestamp=6467 ms, used_size=3065856 bytes (7.5%)
(RDMA_READ_CONSUME_CHECK_CONSUMER) timestamp=6467 ms, used_size=3063808 bytes (7.5%)
(RDMA_READ_CONSUME_CHECK_CONSUMER) timestamp=6467 ms, used_size=3061760 bytes (7.5%)
(RDMA_READ_CONSUME_CHECK_CONSUMER) timestamp=6467 ms, used_size=3059712 bytes (7.5%)
(RDMA_READ_CONSUME_CHECK_CONSUMER) timestamp=6467 ms, used_size=3057664 bytes (7.5%)
(RDMA_READ_CONSUME_CHECK_CONSUMER) timestamp=6467 ms, used_size=3055616 bytes (7.5%)
(RDMA_READ_CONSUME_CHECK_CONSUMER) timestamp=6467 ms, used_size=3053568 bytes (7.5%)
(RDMA_READ_CONSUME_CHECK_CONSUMER) timestamp=6467 ms, used_size=3051520 bytes (7.5%)
(RDMA_READ_CONSUME_CHECK_CONSUMER) timestamp=6467 ms, used_size=3049472 bytes (7.4%)
(RDMA_READ_CONSUME_CHECK_CONSUMER) timestamp=6467 ms, used_size=3047424 bytes (7.4%)
(RDMA_READ_CONSUME_CHECK_CONSUMER) timestamp=6467 ms, used_size=3045376 bytes (7.4%)
(RDMA_READ_CONSUME_CHECK_CONSUMER) timestamp=6467 ms, used_size=3043328 bytes (7.4%)
(RDMA_READ_CONSUME_CHECK_CONSUMER) timestamp=6467 ms, used_size=3041280 bytes (7.4%)
(RDMA_READ_CONSUME_CHECK_CONSUMER) timestamp=6467 ms, used_size=3039232 bytes (7.4%)
(RDMA_READ_CONSUME_CHECK_CONSUMER) timestamp=6467 ms, used_size=3037184 bytes (7.4%)
(RDMA_READ_CONSUME_CHECK_CONSUMER) timestamp=6467 ms, used_size=3035136 bytes (7.4%)
(RDMA_READ_CONSUME_CHECK_CONSUMER) timestamp=6467 ms, used_size=3033088 bytes (7.4%)
(RDMA_READ_CONSUME_CHECK_CONSUMER) timestamp=6467 ms, used_size=3031040 bytes (7.4%)
(RDMA_READ_CONSUME_CHECK_CONSUMER) timestamp=6467 ms, used_size=3028992 bytes (7.4%)
(RDMA_READ_CONSUME_CHECK_CONSUMER) timestamp=6467 ms, used_size=3026944 bytes (7.4%)
(RDMA_READ_CONSUME_CHECK_CONSUMER) timestamp=6467 ms, used_size=3024896 bytes (7.4%)
(RDMA_READ_CONSUME_CHECK_CONSUMER) timestamp=6467 ms, used_size=3022848 bytes (7.4%)
(RDMA_READ_CONSUME_CHECK_CONSUMER) timestamp=6467 ms, used_size=3020800 bytes (7.4%)
(RDMA_READ_CONSUME_CHECK_CONSUMER) timestamp=6467 ms, used_size=3018752 bytes (7.4%)
(RDMA_READ_CONSUME_CHECK_CONSUMER) timestamp=6467 ms, used_size=3016704 bytes (7.4%)
(RDMA_READ_CONSUME_CHECK_CONSUMER) timestamp=6467 ms, used_size=3014656 bytes (7.4%)
(RDMA_READ_CONSUME_CHECK_CONSUMER) timestamp=6467 ms, used_size=3012608 bytes (7.4%)
(RDMA_READ_CONSUME_CHECK_CONSUMER) timestamp=6468 ms, used_size=3010560 bytes (7.3%)
(RDMA_READ_CONSUME_CHECK_CONSUMER) timestamp=6468 ms, used_size=3008512 bytes (7.3%)
(RDMA_READ_CONSUME_CHECK_CONSUMER) timestamp=6468 ms, used_size=3006464 bytes (7.3%)
(RDMA_READ_CONSUME_CHECK_CONSUMER) timestamp=6468 ms, used_size=3004416 bytes (7.3%)
(RDMA_READ_CONSUME_CHECK_CONSUMER) timestamp=6468 ms, used_size=3002368 bytes (7.3%)
(RDMA_READ_CONSUME_CHECK_CONSUMER) timestamp=6468 ms, used_size=3000320 bytes (7.3%)
(RDMA_READ_CONSUME_CHECK_CONSUMER) timestamp=6468 ms, used_size=2998272 bytes (7.3%)
(RDMA_READ_CONSUME_CHECK_CONSUMER) timestamp=6468 ms, used_size=2996224 bytes (7.3%)
(RDMA_READ_CONSUME_CHECK_CONSUMER) timestamp=6468 ms, used_size=2994176 bytes (7.3%)
(RDMA_READ_CONSUME_CHECK_CONSUMER) timestamp=6468 ms, used_size=2992128 bytes (7.3%)
(RDMA_READ_CONSUME_CHECK_CONSUMER) timestamp=6468 ms, used_size=2990080 bytes (7.3%)
(RDMA_READ_CONSUME_CHECK_CONSUMER) timestamp=6468 ms, used_size=2988032 bytes (7.3%)
(RDMA_READ_CONSUME_CHECK_CONSUMER) timestamp=6468 ms, used_size=2985984 bytes (7.3%)
(RDMA_READ_CONSUME_CHECK_CONSUMER) timestamp=6468 ms, used_size=2983936 bytes (7.3%)
(RDMA_READ_CONSUME_CHECK_CONSUMER) timestamp=6468 ms, used_size=2981888 bytes (7.3%)
(RDMA_READ_CONSUME_CHECK_CONSUMER) timestamp=6468 ms, used_size=2979840 bytes (7.3%)
(RDMA_READ_CONSUME_CHECK_CONSUMER) timestamp=6468 ms, used_size=2977792 bytes (7.3%)
(RDMA_READ_CONSUME_CHECK_CONSUMER) timestamp=6468 ms, used_size=2975744 bytes (7.3%)
(RDMA_READ_CONSUME_CHECK_CONSUMER) timestamp=6468 ms, used_size=2973696 bytes (7.3%)
(RDMA_READ_CONSUME_CHECK_CONSUMER) timestamp=6468 ms, used_size=2971648 bytes (7.3%)
(RDMA_READ_CONSUME_CHECK_CONSUMER) timestamp=6468 ms, used_size=2969600 bytes (7.2%)
(RDMA_READ_CONSUME_CHECK_CONSUMER) timestamp=6468 ms, used_size=2967552 bytes (7.2%)
(RDMA_READ_CONSUME_CHECK_CONSUMER) timestamp=6468 ms, used_size=2965504 bytes (7.2%)
(RDMA_READ_CONSUME_CHECK_CONSUMER) timestamp=6468 ms, used_size=2963456 bytes (7.2%)
(RDMA_READ_CONSUME_CHECK_CONSUMER) timestamp=6468 ms, used_size=2961408 bytes (7.2%)
(RDMA_READ_CONSUME_CHECK_CONSUMER) timestamp=6468 ms, used_size=2959360 bytes (7.2%)
(RDMA_READ_CONSUME_CHECK_CONSUMER) timestamp=6468 ms, used_size=2957312 bytes (7.2%)
(RDMA_READ_CONSUME_CHECK_CONSUMER) timestamp=6468 ms, used_size=2955264 bytes (7.2%)
(RDMA_READ_CONSUME_CHECK_CONSUMER) timestamp=6468 ms, used_size=2953216 bytes (7.2%)
(RDMA_READ_CONSUME_CHECK_CONSUMER) timestamp=6468 ms, used_size=2951168 bytes (7.2%)
(RDMA_READ_CONSUME_CHECK_CONSUMER) timestamp=6468 ms, used_size=2949120 bytes (7.2%)
(RDMA_READ_CONSUME_CHECK_CONSUMER) timestamp=6468 ms, used_size=2947072 bytes (7.2%)
(RDMA_READ_CONSUME_CHECK_CONSUMER) timestamp=6468 ms, used_size=2945024 bytes (7.2%)
(RDMA_READ_CONSUME_CHECK_CONSUMER) timestamp=6468 ms, used_size=2942976 bytes (7.2%)
(RDMA_READ_CONSUME_CHECK_CONSUMER) timestamp=6468 ms, used_size=2940928 bytes (7.2%)
(RDMA_READ_CONSUME_CHECK_CONSUMER) timestamp=6468 ms, used_size=2938880 bytes (7.2%)
(RDMA_READ_CONSUME_CHECK_CONSUMER) timestamp=6468 ms, used_size=2936832 bytes (7.2%)
(RDMA_READ_CONSUME_CHECK_CONSUMER) timestamp=6468 ms, used_size=2934784 bytes (7.2%)
(RDMA_READ_CONSUME_CHECK_CONSUMER) timestamp=6468 ms, used_size=2932736 bytes (7.2%)
(RDMA_READ_CONSUME_CHECK_CONSUMER) timestamp=6468 ms, used_size=2930688 bytes (7.2%)
(RDMA_READ_CONSUME_CHECK_CONSUMER) timestamp=6468 ms, used_size=2928640 bytes (7.2%)
(RDMA_READ_CONSUME_CHECK_CONSUMER) timestamp=6468 ms, used_size=2926592 bytes (7.1%)
(RDMA_READ_CONSUME_CHECK_CONSUMER) timestamp=6468 ms, used_size=2924544 bytes (7.1%)
(RDMA_READ_CONSUME_CHECK_CONSUMER) timestamp=6468 ms, used_size=2922496 bytes (7.1%)
(RDMA_READ_CONSUME_CHECK_CONSUMER) timestamp=6468 ms, used_size=2920448 bytes (7.1%)
(RDMA_READ_CONSUME_CHECK_CONSUMER) timestamp=6468 ms, used_size=2918400 bytes (7.1%)
(RDMA_READ_CONSUME_CHECK_CONSUMER) timestamp=6468 ms, used_size=2916352 bytes (7.1%)
(RDMA_READ_CONSUME_CHECK_CONSUMER) timestamp=6468 ms, used_size=2914304 bytes (7.1%)
(RDMA_READ_CONSUME_CHECK_CONSUMER) timestamp=6468 ms, used_size=2912256 bytes (7.1%)
(RDMA_READ_CONSUME_CHECK_CONSUMER) timestamp=6468 ms, used_size=2910208 bytes (7.1%)
(RDMA_READ_CONSUME_CHECK_CONSUMER) timestamp=6468 ms, used_size=2908160 bytes (7.1%)
(RDMA_READ_CONSUME_CHECK_CONSUMER) timestamp=6468 ms, used_size=2906112 bytes (7.1%)
(RDMA_READ_CONSUME_CHECK_CONSUMER) timestamp=6468 ms, used_size=2904064 bytes (7.1%)
(RDMA_READ_CONSUME_CHECK_CONSUMER) timestamp=6468 ms, used_size=2902016 bytes (7.1%)
(RDMA_READ_CONSUME_CHECK_CONSUMER) timestamp=6468 ms, used_size=2899968 bytes (7.1%)
(RDMA_READ_CONSUME_CHECK_CONSUMER) timestamp=6468 ms, used_size=2897920 bytes (7.1%)
(RDMA_READ_CONSUME_CHECK_CONSUMER) timestamp=6468 ms, used_size=2895872 bytes (7.1%)
(RDMA_READ_CONSUME_CHECK_CONSUMER) timestamp=6468 ms, used_size=2893824 bytes (7.1%)
(RDMA_READ_CONSUME_CHECK_CONSUMER) timestamp=6468 ms, used_size=2891776 bytes (7.1%)
(RDMA_READ_CONSUME_CHECK_CONSUMER) timestamp=6468 ms, used_size=2889728 bytes (7.1%)
(RDMA_READ_CONSUME_CHECK_CONSUMER) timestamp=6468 ms, used_size=2887680 bytes (7.0%)
(RDMA_READ_CONSUME_CHECK_CONSUMER) timestamp=6468 ms, used_size=2885632 bytes (7.0%)
(RDMA_READ_CONSUME_CHECK_CONSUMER) timestamp=6468 ms, used_size=2883584 bytes (7.0%)
(RDMA_READ_CONSUME_CHECK_CONSUMER) timestamp=6468 ms, used_size=2881536 bytes (7.0%)
(RDMA_READ_CONSUME_CHECK_CONSUMER) timestamp=6468 ms, used_size=2879488 bytes (7.0%)
(RDMA_READ_CONSUME_CHECK_CONSUMER) timestamp=6468 ms, used_size=2877440 bytes (7.0%)
(RDMA_READ_CONSUME_CHECK_CONSUMER) timestamp=6468 ms, used_size=2875392 bytes (7.0%)
(RDMA_READ_CONSUME_CHECK_CONSUMER) timestamp=6468 ms, used_size=2873344 bytes (7.0%)
(RDMA_READ_CONSUME_CHECK_CONSUMER) timestamp=6468 ms, used_size=2871296 bytes (7.0%)
(RDMA_READ_CONSUME_CHECK_CONSUMER) timestamp=6468 ms, used_size=2869248 bytes (7.0%)
(RDMA_READ_CONSUME_CHECK_CONSUMER) timestamp=6468 ms, used_size=2867200 bytes (7.0%)
(RDMA_READ_CONSUME_CHECK_CONSUMER) timestamp=6468 ms, used_size=2865152 bytes (7.0%)
(RDMA_READ_CONSUME_CHECK_CONSUMER) timestamp=6468 ms, used_size=2863104 bytes (7.0%)
(RDMA_READ_CONSUME_CHECK_CONSUMER) timestamp=6468 ms, used_size=2861056 bytes (7.0%)
(RDMA_READ_CONSUME_CHECK_CONSUMER) timestamp=6468 ms, used_size=2859008 bytes (7.0%)
(RDMA_READ_CONSUME_CHECK_CONSUMER) timestamp=6468 ms, used_size=2856960 bytes (7.0%)
(RDMA_READ_CONSUME_CHECK_CONSUMER) timestamp=6468 ms, used_size=2854912 bytes (7.0%)
(RDMA_READ_CONSUME_CHECK_CONSUMER) timestamp=6468 ms, used_size=2852864 bytes (7.0%)
(RDMA_READ_CONSUME_CHECK_CONSUMER) timestamp=6468 ms, used_size=2850816 bytes (7.0%)
(RDMA_READ_CONSUME_CHECK_CONSUMER) timestamp=6468 ms, used_size=2848768 bytes (7.0%)
(RDMA_READ_CONSUME_CHECK_CONSUMER) timestamp=6468 ms, used_size=2846720 bytes (7.0%)
(RDMA_READ_CONSUME_CHECK_CONSUMER) timestamp=6468 ms, used_size=2844672 bytes (6.9%)
(RDMA_READ_CONSUME_CHECK_CONSUMER) timestamp=6468 ms, used_size=2842624 bytes (6.9%)
(RDMA_READ_CONSUME_CHECK_CONSUMER) timestamp=6468 ms, used_size=2840576 bytes (6.9%)
(RDMA_READ_CONSUME_CHECK_CONSUMER) timestamp=6468 ms, used_size=2838528 bytes (6.9%)
(RDMA_READ_CONSUME_CHECK_CONSUMER) timestamp=6468 ms, used_size=2836480 bytes (6.9%)
(RDMA_READ_CONSUME_CHECK_CONSUMER) timestamp=6468 ms, used_size=2834432 bytes (6.9%)
(RDMA_READ_CONSUME_CHECK_CONSUMER) timestamp=6468 ms, used_size=2832384 bytes (6.9%)
(RDMA_READ_CONSUME_CHECK_CONSUMER) timestamp=6468 ms, used_size=2830336 bytes (6.9%)
(RDMA_READ_CONSUME_CHECK_CONSUMER) timestamp=6468 ms, used_size=2828288 bytes (6.9%)
(RDMA_READ_CONSUME_CHECK_CONSUMER) timestamp=6468 ms, used_size=2826240 bytes (6.9%)
(RDMA_READ_CONSUME_CHECK_CONSUMER) timestamp=6468 ms, used_size=2824192 bytes (6.9%)
(RDMA_READ_CONSUME_CHECK_CONSUMER) timestamp=6468 ms, used_size=2822144 bytes (6.9%)
(RDMA_READ_CONSUME_CHECK_CONSUMER) timestamp=6468 ms, used_size=2820096 bytes (6.9%)
(RDMA_READ_CONSUME_CHECK_CONSUMER) timestamp=6468 ms, used_size=2818048 bytes (6.9%)
(RDMA_READ_CONSUME_CHECK_CONSUMER) timestamp=6468 ms, used_size=2816000 bytes (6.9%)
(RDMA_READ_CONSUME_CHECK_CONSUMER) timestamp=6468 ms, used_size=2813952 bytes (6.9%)
(RDMA_READ_CONSUME_CHECK_CONSUMER) timestamp=6468 ms, used_size=2811904 bytes (6.9%)
(RDMA_READ_CONSUME_CHECK_CONSUMER) timestamp=6468 ms, used_size=2809856 bytes (6.9%)
(RDMA_READ_CONSUME_CHECK_CONSUMER) timestamp=6468 ms, used_size=2807808 bytes (6.9%)
(RDMA_READ_CONSUME_CHECK_CONSUMER) timestamp=6468 ms, used_size=2805760 bytes (6.8%)
(RDMA_READ_CONSUME_CHECK_CONSUMER) timestamp=6468 ms, used_size=2803712 bytes (6.8%)
(RDMA_READ_CONSUME_CHECK_CONSUMER) timestamp=6468 ms, used_size=2801664 bytes (6.8%)
(RDMA_READ_CONSUME_CHECK_CONSUMER) timestamp=6468 ms, used_size=2799616 bytes (6.8%)
(RDMA_READ_CONSUME_CHECK_CONSUMER) timestamp=6468 ms, used_size=2797568 bytes (6.8%)
(RDMA_READ_CONSUME_CHECK_CONSUMER) timestamp=6468 ms, used_size=2795520 bytes (6.8%)
(RDMA_READ_CONSUME_CHECK_CONSUMER) timestamp=6468 ms, used_size=2793472 bytes (6.8%)
(RDMA_READ_CONSUME_CHECK_CONSUMER) timestamp=6468 ms, used_size=2791424 bytes (6.8%)
(RDMA_READ_CONSUME_CHECK_CONSUMER) timestamp=6468 ms, used_size=2789376 bytes (6.8%)
(RDMA_READ_CONSUME_CHECK_CONSUMER) timestamp=6468 ms, used_size=2787328 bytes (6.8%)
(RDMA_READ_CONSUME_CHECK_CONSUMER) timestamp=6468 ms, used_size=2785280 bytes (6.8%)
(RDMA_READ_CONSUME_CHECK_CONSUMER) timestamp=6468 ms, used_size=2783232 bytes (6.8%)
(RDMA_READ_CONSUME_CHECK_CONSUMER) timestamp=6468 ms, used_size=2781184 bytes (6.8%)
(RDMA_READ_CONSUME_CHECK_CONSUMER) timestamp=6468 ms, used_size=2779136 bytes (6.8%)
(RDMA_READ_CONSUME_CHECK_CONSUMER) timestamp=6468 ms, used_size=2777088 bytes (6.8%)
(RDMA_READ_CONSUME_CHECK_CONSUMER) timestamp=6468 ms, used_size=2775040 bytes (6.8%)
(RDMA_READ_CONSUME_CHECK_CONSUMER) timestamp=6468 ms, used_size=2772992 bytes (6.8%)
(RDMA_READ_CONSUME_CHECK_CONSUMER) timestamp=6468 ms, used_size=2770944 bytes (6.8%)
(RDMA_READ_CONSUME_CHECK_CONSUMER) timestamp=6468 ms, used_size=2768896 bytes (6.8%)
(RDMA_READ_CONSUME_CHECK_CONSUMER) timestamp=6468 ms, used_size=2766848 bytes (6.8%)
(RDMA_READ_CONSUME_CHECK_CONSUMER) timestamp=6468 ms, used_size=2764800 bytes (6.8%)
(RDMA_READ_CONSUME_CHECK_CONSUMER) timestamp=6468 ms, used_size=2762752 bytes (6.7%)
(RDMA_READ_CONSUME_CHECK_CONSUMER) timestamp=6468 ms, used_size=2760704 bytes (6.7%)
(RDMA_READ_CONSUME_CHECK_CONSUMER) timestamp=6468 ms, used_size=2758656 bytes (6.7%)
(RDMA_READ_CONSUME_CHECK_CONSUMER) timestamp=6468 ms, used_size=2756608 bytes (6.7%)
(RDMA_READ_CONSUME_CHECK_CONSUMER) timestamp=6468 ms, used_size=2754560 bytes (6.7%)
(RDMA_READ_CONSUME_CHECK_CONSUMER) timestamp=6468 ms, used_size=2752512 bytes (6.7%)
(RDMA_READ_CONSUME_CHECK_CONSUMER) timestamp=6468 ms, used_size=2750464 bytes (6.7%)
(RDMA_READ_CONSUME_CHECK_CONSUMER) timestamp=6468 ms, used_size=2748416 bytes (6.7%)
(RDMA_READ_CONSUME_CHECK_CONSUMER) timestamp=6468 ms, used_size=2746368 bytes (6.7%)
(RDMA_READ_CONSUME_CHECK_CONSUMER) timestamp=6468 ms, used_size=2744320 bytes (6.7%)
(RDMA_READ_CONSUME_CHECK_CONSUMER) timestamp=6468 ms, used_size=2742272 bytes (6.7%)
(RDMA_READ_CONSUME_CHECK_CONSUMER) timestamp=6468 ms, used_size=2740224 bytes (6.7%)
(RDMA_READ_CONSUME_CHECK_CONSUMER) timestamp=6468 ms, used_size=2738176 bytes (6.7%)
(RDMA_READ_CONSUME_CHECK_CONSUMER) timestamp=6468 ms, used_size=2736128 bytes (6.7%)
(RDMA_READ_CONSUME_CHECK_CONSUMER) timestamp=6468 ms, used_size=2734080 bytes (6.7%)
(RDMA_READ_CONSUME_CHECK_CONSUMER) timestamp=6468 ms, used_size=2732032 bytes (6.7%)
(RDMA_READ_CONSUME_CHECK_CONSUMER) timestamp=6468 ms, used_size=2729984 bytes (6.7%)
(RDMA_READ_CONSUME_CHECK_CONSUMER) timestamp=6468 ms, used_size=2727936 bytes (6.7%)
(RDMA_READ_CONSUME_CHECK_CONSUMER) timestamp=6468 ms, used_size=2725888 bytes (6.7%)
(RDMA_READ_CONSUME_CHECK_CONSUMER) timestamp=6468 ms, used_size=2723840 bytes (6.7%)
(RDMA_READ_CONSUME_CHECK_CONSUMER) timestamp=6468 ms, used_size=2721792 bytes (6.6%)
(RDMA_READ_CONSUME_CHECK_CONSUMER) timestamp=6468 ms, used_size=2719744 bytes (6.6%)
(RDMA_READ_CONSUME_CHECK_CONSUMER) timestamp=6468 ms, used_size=2717696 bytes (6.6%)
(RDMA_READ_CONSUME_CHECK_CONSUMER) timestamp=6468 ms, used_size=2715648 bytes (6.6%)
(RDMA_READ_CONSUME_CHECK_CONSUMER) timestamp=6468 ms, used_size=2713600 bytes (6.6%)
(RDMA_READ_CONSUME_CHECK_CONSUMER) timestamp=6468 ms, used_size=2711552 bytes (6.6%)
(RDMA_READ_CONSUME_CHECK_CONSUMER) timestamp=6468 ms, used_size=2709504 bytes (6.6%)
(RDMA_READ_CONSUME_CHECK_CONSUMER) timestamp=6468 ms, used_size=2707456 bytes (6.6%)
(RDMA_READ_CONSUME_CHECK_CONSUMER) timestamp=6468 ms, used_size=2705408 bytes (6.6%)
(RDMA_READ_CONSUME_CHECK_CONSUMER) timestamp=6468 ms, used_size=2703360 bytes (6.6%)
(RDMA_READ_CONSUME_CHECK_CONSUMER) timestamp=6468 ms, used_size=2701312 bytes (6.6%)
(RDMA_READ_CONSUME_CHECK_CONSUMER) timestamp=6468 ms, used_size=2699264 bytes (6.6%)
(RDMA_READ_CONSUME_CHECK_CONSUMER) timestamp=6468 ms, used_size=2697216 bytes (6.6%)
(RDMA_READ_CONSUME_CHECK_CONSUMER) timestamp=6468 ms, used_size=2695168 bytes (6.6%)
(RDMA_READ_CONSUME_CHECK_CONSUMER) timestamp=6468 ms, used_size=2693120 bytes (6.6%)
(RDMA_READ_CONSUME_CHECK_CONSUMER) timestamp=6468 ms, used_size=2691072 bytes (6.6%)
(RDMA_READ_CONSUME_CHECK_CONSUMER) timestamp=6468 ms, used_size=2689024 bytes (6.6%)
(RDMA_READ_CONSUME_CHECK_CONSUMER) timestamp=6468 ms, used_size=2686976 bytes (6.6%)
(RDMA_READ_CONSUME_CHECK_CONSUMER) timestamp=6468 ms, used_size=2684928 bytes (6.6%)
(RDMA_READ_CONSUME_CHECK_CONSUMER) timestamp=6468 ms, used_size=2682880 bytes (6.5%)
(RDMA_READ_CONSUME_CHECK_CONSUMER) timestamp=6468 ms, used_size=2680832 bytes (6.5%)
(RDMA_READ_CONSUME_CHECK_CONSUMER) timestamp=6468 ms, used_size=2678784 bytes (6.5%)
(RDMA_READ_CONSUME_CHECK_CONSUMER) timestamp=6468 ms, used_size=2676736 bytes (6.5%)
(RDMA_READ_CONSUME_CHECK_CONSUMER) timestamp=6468 ms, used_size=2674688 bytes (6.5%)
(RDMA_READ_CONSUME_CHECK_CONSUMER) timestamp=6468 ms, used_size=2672640 bytes (6.5%)
(RDMA_READ_CONSUME_CHECK_CONSUMER) timestamp=6468 ms, used_size=2670592 bytes (6.5%)
(RDMA_READ_CONSUME_CHECK_CONSUMER) timestamp=6468 ms, used_size=2668544 bytes (6.5%)
(RDMA_READ_CONSUME_CHECK_CONSUMER) timestamp=6468 ms, used_size=2666496 bytes (6.5%)
(RDMA_READ_CONSUME_CHECK_CONSUMER) timestamp=6468 ms, used_size=2664448 bytes (6.5%)
(RDMA_READ_CONSUME_CHECK_CONSUMER) timestamp=6468 ms, used_size=2662400 bytes (6.5%)
(RDMA_READ_CONSUME_CHECK_CONSUMER) timestamp=6468 ms, used_size=2660352 bytes (6.5%)
(RDMA_READ_CONSUME_CHECK_CONSUMER) timestamp=6468 ms, used_size=2658304 bytes (6.5%)
(RDMA_READ_CONSUME_CHECK_CONSUMER) timestamp=6468 ms, used_size=2656256 bytes (6.5%)
(RDMA_READ_CONSUME_CHECK_CONSUMER) timestamp=6468 ms, used_size=2654208 bytes (6.5%)
(RDMA_READ_CONSUME_CHECK_CONSUMER) timestamp=6468 ms, used_size=2652160 bytes (6.5%)
(RDMA_READ_CONSUME_CHECK_CONSUMER) timestamp=6468 ms, used_size=2650112 bytes (6.5%)
(RDMA_READ_CONSUME_CHECK_CONSUMER) timestamp=6468 ms, used_size=2648064 bytes (6.5%)
(RDMA_READ_CONSUME_CHECK_CONSUMER) timestamp=6468 ms, used_size=2646016 bytes (6.5%)
(RDMA_READ_CONSUME_CHECK_CONSUMER) timestamp=6468 ms, used_size=2643968 bytes (6.5%)
(RDMA_READ_CONSUME_CHECK_CONSUMER) timestamp=6468 ms, used_size=2641920 bytes (6.5%)
(RDMA_READ_CONSUME_CHECK_CONSUMER) timestamp=6468 ms, used_size=2639872 bytes (6.4%)
(RDMA_READ_CONSUME_CHECK_CONSUMER) timestamp=6468 ms, used_size=2637824 bytes (6.4%)
(RDMA_READ_CONSUME_CHECK_CONSUMER) timestamp=6469 ms, used_size=2635776 bytes (6.4%)
(RDMA_READ_CONSUME_CHECK_CONSUMER) timestamp=6469 ms, used_size=2633728 bytes (6.4%)
(RDMA_READ_CONSUME_CHECK_CONSUMER) timestamp=6469 ms, used_size=2631680 bytes (6.4%)
(RDMA_READ_CONSUME_CHECK_CONSUMER) timestamp=6469 ms, used_size=2629632 bytes (6.4%)
(RDMA_READ_CONSUME_CHECK_CONSUMER) timestamp=6469 ms, used_size=2627584 bytes (6.4%)
(RDMA_READ_CONSUME_CHECK_CONSUMER) timestamp=6469 ms, used_size=2625536 bytes (6.4%)
(RDMA_READ_CONSUME_CHECK_CONSUMER) timestamp=6469 ms, used_size=2623488 bytes (6.4%)
(RDMA_READ_CONSUME_CHECK_CONSUMER) timestamp=6469 ms, used_size=2621440 bytes (6.4%)
(RDMA_READ_CONSUME_CHECK_CONSUMER) timestamp=6469 ms, used_size=2619392 bytes (6.4%)
(RDMA_READ_CONSUME_CHECK_CONSUMER) timestamp=6469 ms, used_size=2617344 bytes (6.4%)
(RDMA_READ_CONSUME_CHECK_CONSUMER) timestamp=6469 ms, used_size=2615296 bytes (6.4%)
(RDMA_READ_CONSUME_CHECK_CONSUMER) timestamp=6469 ms, used_size=2613248 bytes (6.4%)
(RDMA_READ_CONSUME_CHECK_CONSUMER) timestamp=6469 ms, used_size=2611200 bytes (6.4%)
(RDMA_READ_CONSUME_CHECK_CONSUMER) timestamp=6469 ms, used_size=2609152 bytes (6.4%)
(RDMA_READ_CONSUME_CHECK_CONSUMER) timestamp=6469 ms, used_size=2607104 bytes (6.4%)
(RDMA_READ_CONSUME_CHECK_CONSUMER) timestamp=6469 ms, used_size=2605056 bytes (6.4%)
(RDMA_READ_CONSUME_CHECK_CONSUMER) timestamp=6469 ms, used_size=2603008 bytes (6.4%)
(RDMA_READ_CONSUME_CHECK_CONSUMER) timestamp=6469 ms, used_size=2600960 bytes (6.3%)
(RDMA_READ_CONSUME_CHECK_CONSUMER) timestamp=6469 ms, used_size=2598912 bytes (6.3%)
(RDMA_READ_CONSUME_CHECK_CONSUMER) timestamp=6469 ms, used_size=2596864 bytes (6.3%)
(RDMA_READ_CONSUME_CHECK_CONSUMER) timestamp=6469 ms, used_size=2594816 bytes (6.3%)
(RDMA_READ_CONSUME_CHECK_CONSUMER) timestamp=6469 ms, used_size=2592768 bytes (6.3%)
(RDMA_READ_CONSUME_CHECK_CONSUMER) timestamp=6469 ms, used_size=2590720 bytes (6.3%)
(RDMA_READ_CONSUME_CHECK_CONSUMER) timestamp=6469 ms, used_size=2588672 bytes (6.3%)
(RDMA_READ_CONSUME_CHECK_CONSUMER) timestamp=6469 ms, used_size=2586624 bytes (6.3%)
(RDMA_READ_CONSUME_CHECK_CONSUMER) timestamp=6469 ms, used_size=2584576 bytes (6.3%)
(RDMA_READ_CONSUME_CHECK_CONSUMER) timestamp=6469 ms, used_size=2582528 bytes (6.3%)
(RDMA_READ_CONSUME_CHECK_CONSUMER) timestamp=6469 ms, used_size=2580480 bytes (6.3%)
(RDMA_READ_CONSUME_CHECK_CONSUMER) timestamp=6469 ms, used_size=2578432 bytes (6.3%)
(RDMA_READ_CONSUME_CHECK_CONSUMER) timestamp=6469 ms, used_size=2576384 bytes (6.3%)
(RDMA_READ_CONSUME_CHECK_CONSUMER) timestamp=6469 ms, used_size=2574336 bytes (6.3%)
(RDMA_READ_CONSUME_CHECK_CONSUMER) timestamp=6469 ms, used_size=2572288 bytes (6.3%)
(RDMA_READ_CONSUME_CHECK_CONSUMER) timestamp=6469 ms, used_size=2570240 bytes (6.3%)
(RDMA_READ_CONSUME_CHECK_CONSUMER) timestamp=6469 ms, used_size=2568192 bytes (6.3%)
(RDMA_READ_CONSUME_CHECK_CONSUMER) timestamp=6469 ms, used_size=2566144 bytes (6.3%)
(RDMA_READ_CONSUME_CHECK_CONSUMER) timestamp=6469 ms, used_size=2564096 bytes (6.3%)
(RDMA_READ_CONSUME_CHECK_CONSUMER) timestamp=6469 ms, used_size=2562048 bytes (6.3%)
(RDMA_READ_CONSUME_CHECK_CONSUMER) timestamp=6469 ms, used_size=2560000 bytes (6.2%)
(RDMA_READ_CONSUME_CHECK_CONSUMER) timestamp=6469 ms, used_size=2557952 bytes (6.2%)
(RDMA_READ_CONSUME_CHECK_CONSUMER) timestamp=6469 ms, used_size=2555904 bytes (6.2%)
(RDMA_READ_CONSUME_CHECK_CONSUMER) timestamp=6469 ms, used_size=2553856 bytes (6.2%)
(RDMA_READ_CONSUME_CHECK_CONSUMER) timestamp=6469 ms, used_size=2551808 bytes (6.2%)
(RDMA_READ_CONSUME_CHECK_CONSUMER) timestamp=6469 ms, used_size=2549760 bytes (6.2%)
(RDMA_READ_CONSUME_CHECK_CONSUMER) timestamp=6469 ms, used_size=2547712 bytes (6.2%)
(RDMA_READ_CONSUME_CHECK_CONSUMER) timestamp=6469 ms, used_size=2545664 bytes (6.2%)
(RDMA_READ_CONSUME_CHECK_CONSUMER) timestamp=6469 ms, used_size=2543616 bytes (6.2%)
(RDMA_READ_CONSUME_CHECK_CONSUMER) timestamp=6469 ms, used_size=2541568 bytes (6.2%)
(RDMA_READ_CONSUME_CHECK_CONSUMER) timestamp=6469 ms, used_size=2539520 bytes (6.2%)
(RDMA_READ_CONSUME_CHECK_CONSUMER) timestamp=6469 ms, used_size=2537472 bytes (6.2%)
(RDMA_READ_CONSUME_CHECK_CONSUMER) timestamp=6469 ms, used_size=2535424 bytes (6.2%)
(RDMA_READ_CONSUME_CHECK_CONSUMER) timestamp=6469 ms, used_size=2533376 bytes (6.2%)
(RDMA_READ_CONSUME_CHECK_CONSUMER) timestamp=6469 ms, used_size=2531328 bytes (6.2%)
(RDMA_READ_CONSUME_CHECK_CONSUMER) timestamp=6469 ms, used_size=2529280 bytes (6.2%)
(RDMA_READ_CONSUME_CHECK_CONSUMER) timestamp=6469 ms, used_size=2527232 bytes (6.2%)
(RDMA_READ_CONSUME_CHECK_CONSUMER) timestamp=6469 ms, used_size=2525184 bytes (6.2%)
(RDMA_READ_CONSUME_CHECK_CONSUMER) timestamp=6469 ms, used_size=2523136 bytes (6.2%)
(RDMA_READ_CONSUME_CHECK_CONSUMER) timestamp=6469 ms, used_size=2521088 bytes (6.2%)
(RDMA_READ_CONSUME_CHECK_CONSUMER) timestamp=6469 ms, used_size=2519040 bytes (6.2%)
(RDMA_READ_CONSUME_CHECK_CONSUMER) timestamp=6469 ms, used_size=2516992 bytes (6.1%)
(RDMA_READ_CONSUME_CHECK_CONSUMER) timestamp=6469 ms, used_size=2514944 bytes (6.1%)
(RDMA_READ_CONSUME_CHECK_CONSUMER) timestamp=6469 ms, used_size=2512896 bytes (6.1%)
(RDMA_READ_CONSUME_CHECK_CONSUMER) timestamp=6469 ms, used_size=2510848 bytes (6.1%)
(RDMA_READ_CONSUME_CHECK_CONSUMER) timestamp=6469 ms, used_size=2508800 bytes (6.1%)
(RDMA_READ_CONSUME_CHECK_CONSUMER) timestamp=6469 ms, used_size=2506752 bytes (6.1%)
(RDMA_READ_CONSUME_CHECK_CONSUMER) timestamp=6469 ms, used_size=2504704 bytes (6.1%)
(RDMA_READ_CONSUME_CHECK_CONSUMER) timestamp=6469 ms, used_size=2502656 bytes (6.1%)
(RDMA_READ_CONSUME_CHECK_CONSUMER) timestamp=6469 ms, used_size=2500608 bytes (6.1%)
(RDMA_READ_CONSUME_CHECK_CONSUMER) timestamp=6469 ms, used_size=2498560 bytes (6.1%)
(RDMA_READ_CONSUME_CHECK_CONSUMER) timestamp=6469 ms, used_size=2496512 bytes (6.1%)
(RDMA_READ_CONSUME_CHECK_CONSUMER) timestamp=6469 ms, used_size=2494464 bytes (6.1%)
(RDMA_READ_CONSUME_CHECK_CONSUMER) timestamp=6469 ms, used_size=2492416 bytes (6.1%)
(RDMA_READ_CONSUME_CHECK_CONSUMER) timestamp=6469 ms, used_size=2490368 bytes (6.1%)
(RDMA_READ_CONSUME_CHECK_CONSUMER) timestamp=6469 ms, used_size=2488320 bytes (6.1%)
(RDMA_READ_CONSUME_CHECK_CONSUMER) timestamp=6469 ms, used_size=2486272 bytes (6.1%)
(RDMA_READ_CONSUME_CHECK_CONSUMER) timestamp=6469 ms, used_size=2484224 bytes (6.1%)
(RDMA_READ_CONSUME_CHECK_CONSUMER) timestamp=6469 ms, used_size=2482176 bytes (6.1%)
(RDMA_READ_CONSUME_CHECK_CONSUMER) timestamp=6469 ms, used_size=2480128 bytes (6.1%)
(RDMA_READ_CONSUME_CHECK_CONSUMER) timestamp=6469 ms, used_size=2478080 bytes (6.0%)
(RDMA_READ_CONSUME_CHECK_CONSUMER) timestamp=6469 ms, used_size=2476032 bytes (6.0%)
(RDMA_READ_CONSUME_CHECK_CONSUMER) timestamp=6469 ms, used_size=2473984 bytes (6.0%)
(RDMA_READ_CONSUME_CHECK_CONSUMER) timestamp=6469 ms, used_size=2471936 bytes (6.0%)
(RDMA_READ_CONSUME_CHECK_CONSUMER) timestamp=6469 ms, used_size=2469888 bytes (6.0%)
(RDMA_READ_CONSUME_CHECK_CONSUMER) timestamp=6469 ms, used_size=2467840 bytes (6.0%)
(RDMA_READ_CONSUME_CHECK_CONSUMER) timestamp=6469 ms, used_size=2465792 bytes (6.0%)
(RDMA_READ_CONSUME_CHECK_CONSUMER) timestamp=6469 ms, used_size=2463744 bytes (6.0%)
(RDMA_READ_CONSUME_CHECK_CONSUMER) timestamp=6469 ms, used_size=2461696 bytes (6.0%)
(RDMA_READ_CONSUME_CHECK_CONSUMER) timestamp=6469 ms, used_size=2459648 bytes (6.0%)
(RDMA_READ_CONSUME_CHECK_CONSUMER) timestamp=6469 ms, used_size=2457600 bytes (6.0%)
(RDMA_READ_CONSUME_CHECK_CONSUMER) timestamp=6469 ms, used_size=2455552 bytes (6.0%)
(RDMA_READ_CONSUME_CHECK_CONSUMER) timestamp=6469 ms, used_size=2453504 bytes (6.0%)
(RDMA_READ_CONSUME_CHECK_CONSUMER) timestamp=6469 ms, used_size=2451456 bytes (6.0%)
(RDMA_READ_CONSUME_CHECK_CONSUMER) timestamp=6469 ms, used_size=2449408 bytes (6.0%)
(RDMA_READ_CONSUME_CHECK_CONSUMER) timestamp=6469 ms, used_size=2447360 bytes (6.0%)
(RDMA_READ_CONSUME_CHECK_CONSUMER) timestamp=6469 ms, used_size=2445312 bytes (6.0%)
(RDMA_READ_CONSUME_CHECK_CONSUMER) timestamp=6469 ms, used_size=2443264 bytes (6.0%)
(RDMA_READ_CONSUME_CHECK_CONSUMER) timestamp=6469 ms, used_size=2441216 bytes (6.0%)
(RDMA_READ_CONSUME_CHECK_CONSUMER) timestamp=6469 ms, used_size=2439168 bytes (6.0%)
(RDMA_READ_CONSUME_CHECK_CONSUMER) timestamp=6469 ms, used_size=2437120 bytes (6.0%)
(RDMA_READ_CONSUME_CHECK_CONSUMER) timestamp=6469 ms, used_size=2435072 bytes (5.9%)
(RDMA_READ_CONSUME_CHECK_CONSUMER) timestamp=6469 ms, used_size=2433024 bytes (5.9%)
(RDMA_READ_CONSUME_CHECK_CONSUMER) timestamp=6469 ms, used_size=2430976 bytes (5.9%)
(RDMA_READ_CONSUME_CHECK_CONSUMER) timestamp=6469 ms, used_size=2428928 bytes (5.9%)
(RDMA_READ_CONSUME_CHECK_CONSUMER) timestamp=6469 ms, used_size=2426880 bytes (5.9%)
(RDMA_READ_CONSUME_CHECK_CONSUMER) timestamp=6469 ms, used_size=2424832 bytes (5.9%)
(RDMA_READ_CONSUME_CHECK_CONSUMER) timestamp=6469 ms, used_size=2422784 bytes (5.9%)
(RDMA_READ_CONSUME_CHECK_CONSUMER) timestamp=6469 ms, used_size=2420736 bytes (5.9%)
(RDMA_READ_CONSUME_CHECK_CONSUMER) timestamp=6469 ms, used_size=2418688 bytes (5.9%)
(RDMA_READ_CONSUME_CHECK_CONSUMER) timestamp=6469 ms, used_size=2416640 bytes (5.9%)
(RDMA_READ_CONSUME_CHECK_CONSUMER) timestamp=6469 ms, used_size=2414592 bytes (5.9%)
(RDMA_READ_CONSUME_CHECK_CONSUMER) timestamp=6469 ms, used_size=2412544 bytes (5.9%)
(RDMA_READ_CONSUME_CHECK_CONSUMER) timestamp=6469 ms, used_size=2410496 bytes (5.9%)
(RDMA_READ_CONSUME_CHECK_CONSUMER) timestamp=6469 ms, used_size=2408448 bytes (5.9%)
(RDMA_READ_CONSUME_CHECK_CONSUMER) timestamp=6469 ms, used_size=2406400 bytes (5.9%)
(RDMA_READ_CONSUME_CHECK_CONSUMER) timestamp=6469 ms, used_size=2404352 bytes (5.9%)
(RDMA_READ_CONSUME_CHECK_CONSUMER) timestamp=6469 ms, used_size=2402304 bytes (5.9%)
(RDMA_READ_CONSUME_CHECK_CONSUMER) timestamp=6469 ms, used_size=2400256 bytes (5.9%)
(RDMA_READ_CONSUME_CHECK_CONSUMER) timestamp=6469 ms, used_size=2398208 bytes (5.9%)
(RDMA_READ_CONSUME_CHECK_CONSUMER) timestamp=6469 ms, used_size=2396160 bytes (5.8%)
(RDMA_READ_CONSUME_CHECK_CONSUMER) timestamp=6469 ms, used_size=2394112 bytes (5.8%)
(RDMA_READ_CONSUME_CHECK_CONSUMER) timestamp=6469 ms, used_size=2392064 bytes (5.8%)
(RDMA_READ_CONSUME_CHECK_CONSUMER) timestamp=6469 ms, used_size=2390016 bytes (5.8%)
(RDMA_READ_CONSUME_CHECK_CONSUMER) timestamp=6469 ms, used_size=2387968 bytes (5.8%)
(RDMA_READ_CONSUME_CHECK_CONSUMER) timestamp=6469 ms, used_size=2385920 bytes (5.8%)
(RDMA_READ_CONSUME_CHECK_CONSUMER) timestamp=6469 ms, used_size=2383872 bytes (5.8%)
(RDMA_READ_CONSUME_CHECK_CONSUMER) timestamp=6469 ms, used_size=2381824 bytes (5.8%)
(RDMA_READ_CONSUME_CHECK_CONSUMER) timestamp=6469 ms, used_size=2379776 bytes (5.8%)
(RDMA_READ_CONSUME_CHECK_CONSUMER) timestamp=6469 ms, used_size=2377728 bytes (5.8%)
(RDMA_READ_CONSUME_CHECK_CONSUMER) timestamp=6469 ms, used_size=2375680 bytes (5.8%)
(RDMA_READ_CONSUME_CHECK_CONSUMER) timestamp=6469 ms, used_size=2373632 bytes (5.8%)
(RDMA_READ_CONSUME_CHECK_CONSUMER) timestamp=6469 ms, used_size=2371584 bytes (5.8%)
(RDMA_READ_CONSUME_CHECK_CONSUMER) timestamp=6469 ms, used_size=2369536 bytes (5.8%)
(RDMA_READ_CONSUME_CHECK_CONSUMER) timestamp=6469 ms, used_size=2367488 bytes (5.8%)
(RDMA_READ_CONSUME_CHECK_CONSUMER) timestamp=6469 ms, used_size=2365440 bytes (5.8%)
(RDMA_READ_CONSUME_CHECK_CONSUMER) timestamp=6469 ms, used_size=2363392 bytes (5.8%)
(RDMA_READ_CONSUME_CHECK_CONSUMER) timestamp=6469 ms, used_size=2361344 bytes (5.8%)
(RDMA_READ_CONSUME_CHECK_CONSUMER) timestamp=6469 ms, used_size=2359296 bytes (5.8%)
(RDMA_READ_CONSUME_CHECK_CONSUMER) timestamp=6469 ms, used_size=2357248 bytes (5.8%)
(RDMA_READ_CONSUME_CHECK_CONSUMER) timestamp=6469 ms, used_size=2355200 bytes (5.8%)
(RDMA_READ_CONSUME_CHECK_CONSUMER) timestamp=6469 ms, used_size=2353152 bytes (5.7%)
(RDMA_READ_CONSUME_CHECK_CONSUMER) timestamp=6469 ms, used_size=2351104 bytes (5.7%)
(RDMA_READ_CONSUME_CHECK_CONSUMER) timestamp=6469 ms, used_size=2349056 bytes (5.7%)
(RDMA_READ_CONSUME_CHECK_CONSUMER) timestamp=6469 ms, used_size=2347008 bytes (5.7%)
(RDMA_READ_CONSUME_CHECK_CONSUMER) timestamp=6469 ms, used_size=2344960 bytes (5.7%)
(RDMA_READ_CONSUME_CHECK_CONSUMER) timestamp=6469 ms, used_size=2342912 bytes (5.7%)
(RDMA_READ_CONSUME_CHECK_CONSUMER) timestamp=6469 ms, used_size=2340864 bytes (5.7%)
(RDMA_READ_CONSUME_CHECK_CONSUMER) timestamp=6469 ms, used_size=2338816 bytes (5.7%)
(RDMA_READ_CONSUME_CHECK_CONSUMER) timestamp=6469 ms, used_size=2336768 bytes (5.7%)
(RDMA_READ_CONSUME_CHECK_CONSUMER) timestamp=6469 ms, used_size=2334720 bytes (5.7%)
(RDMA_READ_CONSUME_CHECK_CONSUMER) timestamp=6469 ms, used_size=2332672 bytes (5.7%)
(RDMA_READ_CONSUME_CHECK_CONSUMER) timestamp=6469 ms, used_size=2330624 bytes (5.7%)
(RDMA_READ_CONSUME_CHECK_CONSUMER) timestamp=6469 ms, used_size=2328576 bytes (5.7%)
(RDMA_READ_CONSUME_CHECK_CONSUMER) timestamp=6469 ms, used_size=2326528 bytes (5.7%)
(RDMA_READ_CONSUME_CHECK_CONSUMER) timestamp=6469 ms, used_size=2324480 bytes (5.7%)
(RDMA_READ_CONSUME_CHECK_CONSUMER) timestamp=6469 ms, used_size=2322432 bytes (5.7%)
(RDMA_READ_CONSUME_CHECK_CONSUMER) timestamp=6469 ms, used_size=2320384 bytes (5.7%)
(RDMA_READ_CONSUME_CHECK_CONSUMER) timestamp=6469 ms, used_size=2318336 bytes (5.7%)
(RDMA_READ_CONSUME_CHECK_CONSUMER) timestamp=6469 ms, used_size=2316288 bytes (5.7%)
(RDMA_READ_CONSUME_CHECK_CONSUMER) timestamp=6469 ms, used_size=2314240 bytes (5.7%)
(RDMA_READ_CONSUME_CHECK_CONSUMER) timestamp=6469 ms, used_size=2312192 bytes (5.6%)
(RDMA_READ_CONSUME_CHECK_CONSUMER) timestamp=6469 ms, used_size=2310144 bytes (5.6%)
(RDMA_READ_CONSUME_CHECK_CONSUMER) timestamp=6469 ms, used_size=2308096 bytes (5.6%)
(RDMA_READ_CONSUME_CHECK_CONSUMER) timestamp=6469 ms, used_size=2306048 bytes (5.6%)
(RDMA_READ_CONSUME_CHECK_CONSUMER) timestamp=6469 ms, used_size=2304000 bytes (5.6%)
(RDMA_READ_CONSUME_CHECK_CONSUMER) timestamp=6469 ms, used_size=2301952 bytes (5.6%)
(RDMA_READ_CONSUME_CHECK_CONSUMER) timestamp=6469 ms, used_size=2299904 bytes (5.6%)
(RDMA_READ_CONSUME_CHECK_CONSUMER) timestamp=6469 ms, used_size=2297856 bytes (5.6%)
(RDMA_READ_CONSUME_CHECK_CONSUMER) timestamp=6469 ms, used_size=2295808 bytes (5.6%)
(RDMA_READ_CONSUME_CHECK_CONSUMER) timestamp=6469 ms, used_size=2293760 bytes (5.6%)
(RDMA_READ_CONSUME_CHECK_CONSUMER) timestamp=6469 ms, used_size=2291712 bytes (5.6%)
(RDMA_READ_CONSUME_CHECK_CONSUMER) timestamp=6469 ms, used_size=2289664 bytes (5.6%)
(RDMA_READ_CONSUME_CHECK_CONSUMER) timestamp=6469 ms, used_size=2287616 bytes (5.6%)
(RDMA_READ_CONSUME_CHECK_CONSUMER) timestamp=6469 ms, used_size=2285568 bytes (5.6%)
(RDMA_READ_CONSUME_CHECK_CONSUMER) timestamp=6469 ms, used_size=2283520 bytes (5.6%)
(RDMA_READ_CONSUME_CHECK_CONSUMER) timestamp=6469 ms, used_size=2281472 bytes (5.6%)
(RDMA_READ_CONSUME_CHECK_CONSUMER) timestamp=6469 ms, used_size=2279424 bytes (5.6%)
(RDMA_READ_CONSUME_CHECK_CONSUMER) timestamp=6469 ms, used_size=2277376 bytes (5.6%)
(RDMA_READ_CONSUME_CHECK_CONSUMER) timestamp=6469 ms, used_size=2275328 bytes (5.6%)
(RDMA_READ_CONSUME_CHECK_CONSUMER) timestamp=6469 ms, used_size=2273280 bytes (5.5%)
(RDMA_READ_CONSUME_CHECK_CONSUMER) timestamp=6469 ms, used_size=2271232 bytes (5.5%)
(RDMA_READ_CONSUME_CHECK_CONSUMER) timestamp=6469 ms, used_size=2269184 bytes (5.5%)
(RDMA_READ_CONSUME_CHECK_CONSUMER) timestamp=6469 ms, used_size=2267136 bytes (5.5%)
(RDMA_READ_CONSUME_CHECK_CONSUMER) timestamp=6469 ms, used_size=2265088 bytes (5.5%)
(RDMA_READ_CONSUME_CHECK_CONSUMER) timestamp=6469 ms, used_size=2263040 bytes (5.5%)
(RDMA_READ_CONSUME_CHECK_CONSUMER) timestamp=6469 ms, used_size=2260992 bytes (5.5%)
(RDMA_READ_CONSUME_CHECK_CONSUMER) timestamp=6470 ms, used_size=2258944 bytes (5.5%)
(RDMA_READ_CONSUME_CHECK_CONSUMER) timestamp=6470 ms, used_size=2256896 bytes (5.5%)
(RDMA_READ_CONSUME_CHECK_CONSUMER) timestamp=6470 ms, used_size=2254848 bytes (5.5%)
(RDMA_READ_CONSUME_CHECK_CONSUMER) timestamp=6470 ms, used_size=2252800 bytes (5.5%)
(RDMA_READ_CONSUME_CHECK_CONSUMER) timestamp=6470 ms, used_size=2250752 bytes (5.5%)
(RDMA_READ_CONSUME_CHECK_CONSUMER) timestamp=6470 ms, used_size=2248704 bytes (5.5%)
(RDMA_READ_CONSUME_CHECK_CONSUMER) timestamp=6470 ms, used_size=2246656 bytes (5.5%)
(RDMA_READ_CONSUME_CHECK_CONSUMER) timestamp=6470 ms, used_size=2244608 bytes (5.5%)
(RDMA_READ_CONSUME_CHECK_CONSUMER) timestamp=6470 ms, used_size=2242560 bytes (5.5%)
(RDMA_READ_CONSUME_CHECK_CONSUMER) timestamp=6470 ms, used_size=2240512 bytes (5.5%)
(RDMA_READ_CONSUME_CHECK_CONSUMER) timestamp=6470 ms, used_size=2238464 bytes (5.5%)
(RDMA_READ_CONSUME_CHECK_CONSUMER) timestamp=6470 ms, used_size=2236416 bytes (5.5%)
(RDMA_READ_CONSUME_CHECK_CONSUMER) timestamp=6470 ms, used_size=2234368 bytes (5.5%)
(RDMA_READ_CONSUME_CHECK_CONSUMER) timestamp=6470 ms, used_size=2232320 bytes (5.5%)
(RDMA_READ_CONSUME_CHECK_CONSUMER) timestamp=6470 ms, used_size=2230272 bytes (5.4%)
(RDMA_READ_CONSUME_CHECK_CONSUMER) timestamp=6470 ms, used_size=2228224 bytes (5.4%)
(RDMA_READ_CONSUME_CHECK_CONSUMER) timestamp=6470 ms, used_size=2226176 bytes (5.4%)
(RDMA_READ_CONSUME_CHECK_CONSUMER) timestamp=6470 ms, used_size=2224128 bytes (5.4%)
(RDMA_READ_CONSUME_CHECK_CONSUMER) timestamp=6470 ms, used_size=2222080 bytes (5.4%)
(RDMA_READ_CONSUME_CHECK_CONSUMER) timestamp=6470 ms, used_size=2220032 bytes (5.4%)
(RDMA_READ_CONSUME_CHECK_CONSUMER) timestamp=6470 ms, used_size=2217984 bytes (5.4%)
(RDMA_READ_CONSUME_CHECK_CONSUMER) timestamp=6470 ms, used_size=2215936 bytes (5.4%)
(RDMA_READ_CONSUME_CHECK_CONSUMER) timestamp=6470 ms, used_size=2213888 bytes (5.4%)
(RDMA_READ_CONSUME_CHECK_CONSUMER) timestamp=6470 ms, used_size=2211840 bytes (5.4%)
(RDMA_READ_CONSUME_CHECK_CONSUMER) timestamp=6470 ms, used_size=2209792 bytes (5.4%)
(RDMA_READ_CONSUME_CHECK_CONSUMER) timestamp=6470 ms, used_size=2207744 bytes (5.4%)
(RDMA_READ_CONSUME_CHECK_CONSUMER) timestamp=6470 ms, used_size=2205696 bytes (5.4%)
(RDMA_READ_CONSUME_CHECK_CONSUMER) timestamp=6470 ms, used_size=2203648 bytes (5.4%)
(RDMA_READ_CONSUME_CHECK_CONSUMER) timestamp=6470 ms, used_size=2201600 bytes (5.4%)
(RDMA_READ_CONSUME_CHECK_CONSUMER) timestamp=6470 ms, used_size=2199552 bytes (5.4%)
(RDMA_READ_CONSUME_CHECK_CONSUMER) timestamp=6470 ms, used_size=2197504 bytes (5.4%)
(RDMA_READ_CONSUME_CHECK_CONSUMER) timestamp=6470 ms, used_size=2195456 bytes (5.4%)
(RDMA_READ_CONSUME_CHECK_CONSUMER) timestamp=6470 ms, used_size=2193408 bytes (5.4%)
(RDMA_READ_CONSUME_CHECK_CONSUMER) timestamp=6470 ms, used_size=2191360 bytes (5.3%)
(RDMA_READ_CONSUME_CHECK_CONSUMER) timestamp=6470 ms, used_size=2189312 bytes (5.3%)
(RDMA_READ_CONSUME_CHECK_CONSUMER) timestamp=6470 ms, used_size=2187264 bytes (5.3%)
(RDMA_READ_CONSUME_CHECK_CONSUMER) timestamp=6470 ms, used_size=2185216 bytes (5.3%)
(RDMA_READ_CONSUME_CHECK_CONSUMER) timestamp=6470 ms, used_size=2183168 bytes (5.3%)
(RDMA_READ_CONSUME_CHECK_CONSUMER) timestamp=6470 ms, used_size=2181120 bytes (5.3%)
(RDMA_READ_CONSUME_CHECK_CONSUMER) timestamp=6470 ms, used_size=2179072 bytes (5.3%)
(RDMA_READ_CONSUME_CHECK_CONSUMER) timestamp=6470 ms, used_size=2177024 bytes (5.3%)
(RDMA_READ_CONSUME_CHECK_CONSUMER) timestamp=6470 ms, used_size=2174976 bytes (5.3%)
(RDMA_READ_CONSUME_CHECK_CONSUMER) timestamp=6470 ms, used_size=2172928 bytes (5.3%)
(RDMA_READ_CONSUME_CHECK_CONSUMER) timestamp=6470 ms, used_size=2170880 bytes (5.3%)
(RDMA_READ_CONSUME_CHECK_CONSUMER) timestamp=6470 ms, used_size=2168832 bytes (5.3%)
(RDMA_READ_CONSUME_CHECK_CONSUMER) timestamp=6470 ms, used_size=2166784 bytes (5.3%)
(RDMA_READ_CONSUME_CHECK_CONSUMER) timestamp=6470 ms, used_size=2164736 bytes (5.3%)
(RDMA_READ_CONSUME_CHECK_CONSUMER) timestamp=6470 ms, used_size=2162688 bytes (5.3%)
(RDMA_READ_CONSUME_CHECK_CONSUMER) timestamp=6470 ms, used_size=2160640 bytes (5.3%)
(RDMA_READ_CONSUME_CHECK_CONSUMER) timestamp=6470 ms, used_size=2158592 bytes (5.3%)
(RDMA_READ_CONSUME_CHECK_CONSUMER) timestamp=6470 ms, used_size=2156544 bytes (5.3%)
(RDMA_READ_CONSUME_CHECK_CONSUMER) timestamp=6470 ms, used_size=2154496 bytes (5.3%)
(RDMA_READ_CONSUME_CHECK_CONSUMER) timestamp=6470 ms, used_size=2152448 bytes (5.3%)
(RDMA_READ_CONSUME_CHECK_CONSUMER) timestamp=6470 ms, used_size=2150400 bytes (5.2%)
(RDMA_READ_CONSUME_CHECK_CONSUMER) timestamp=6470 ms, used_size=2148352 bytes (5.2%)
(RDMA_READ_CONSUME_CHECK_CONSUMER) timestamp=6470 ms, used_size=2146304 bytes (5.2%)
(RDMA_READ_CONSUME_CHECK_CONSUMER) timestamp=6470 ms, used_size=2144256 bytes (5.2%)
(RDMA_READ_CONSUME_CHECK_CONSUMER) timestamp=6470 ms, used_size=2142208 bytes (5.2%)
(RDMA_READ_CONSUME_CHECK_CONSUMER) timestamp=6470 ms, used_size=2140160 bytes (5.2%)
(RDMA_READ_CONSUME_CHECK_CONSUMER) timestamp=6470 ms, used_size=2138112 bytes (5.2%)
(RDMA_READ_CONSUME_CHECK_CONSUMER) timestamp=6470 ms, used_size=2136064 bytes (5.2%)
(RDMA_READ_CONSUME_CHECK_CONSUMER) timestamp=6470 ms, used_size=2134016 bytes (5.2%)
(RDMA_READ_CONSUME_CHECK_CONSUMER) timestamp=6470 ms, used_size=2131968 bytes (5.2%)
(RDMA_READ_CONSUME_CHECK_CONSUMER) timestamp=6470 ms, used_size=2129920 bytes (5.2%)
(RDMA_READ_CONSUME_CHECK_CONSUMER) timestamp=6470 ms, used_size=2127872 bytes (5.2%)
(RDMA_READ_CONSUME_CHECK_CONSUMER) timestamp=6470 ms, used_size=2125824 bytes (5.2%)
(RDMA_READ_CONSUME_CHECK_CONSUMER) timestamp=6470 ms, used_size=2123776 bytes (5.2%)
(RDMA_READ_CONSUME_CHECK_CONSUMER) timestamp=6470 ms, used_size=2121728 bytes (5.2%)
(RDMA_READ_CONSUME_CHECK_CONSUMER) timestamp=6470 ms, used_size=2119680 bytes (5.2%)
(RDMA_READ_CONSUME_CHECK_CONSUMER) timestamp=6470 ms, used_size=2117632 bytes (5.2%)
(RDMA_READ_CONSUME_CHECK_CONSUMER) timestamp=6470 ms, used_size=2115584 bytes (5.2%)
(RDMA_READ_CONSUME_CHECK_CONSUMER) timestamp=6470 ms, used_size=2113536 bytes (5.2%)
(RDMA_READ_CONSUME_CHECK_CONSUMER) timestamp=6470 ms, used_size=2111488 bytes (5.2%)
(RDMA_READ_CONSUME_CHECK_CONSUMER) timestamp=6470 ms, used_size=2109440 bytes (5.2%)
(RDMA_READ_CONSUME_CHECK_CONSUMER) timestamp=6470 ms, used_size=2107392 bytes (5.1%)
(RDMA_READ_CONSUME_CHECK_CONSUMER) timestamp=6470 ms, used_size=2105344 bytes (5.1%)
(RDMA_READ_CONSUME_CHECK_CONSUMER) timestamp=6470 ms, used_size=2103296 bytes (5.1%)
(RDMA_READ_CONSUME_CHECK_CONSUMER) timestamp=6470 ms, used_size=2101248 bytes (5.1%)
(RDMA_READ_CONSUME_CHECK_CONSUMER) timestamp=6470 ms, used_size=2099200 bytes (5.1%)
(RDMA_READ_CONSUME_CHECK_CONSUMER) timestamp=6470 ms, used_size=2097152 bytes (5.1%)
(RDMA_READ_CONSUME_CHECK_CONSUMER) timestamp=6470 ms, used_size=2095104 bytes (5.1%)
(RDMA_READ_CONSUME_CHECK_CONSUMER) timestamp=6470 ms, used_size=2093056 bytes (5.1%)
(RDMA_READ_CONSUME_CHECK_CONSUMER) timestamp=6470 ms, used_size=2091008 bytes (5.1%)
(RDMA_READ_CONSUME_CHECK_CONSUMER) timestamp=6470 ms, used_size=2088960 bytes (5.1%)
(RDMA_READ_CONSUME_CHECK_CONSUMER) timestamp=6470 ms, used_size=2086912 bytes (5.1%)
(RDMA_READ_CONSUME_CHECK_CONSUMER) timestamp=6470 ms, used_size=2084864 bytes (5.1%)
(RDMA_READ_CONSUME_CHECK_CONSUMER) timestamp=6470 ms, used_size=2082816 bytes (5.1%)
(RDMA_READ_CONSUME_CHECK_CONSUMER) timestamp=6470 ms, used_size=2080768 bytes (5.1%)
(RDMA_READ_CONSUME_CHECK_CONSUMER) timestamp=6470 ms, used_size=2078720 bytes (5.1%)
(RDMA_READ_CONSUME_CHECK_CONSUMER) timestamp=6470 ms, used_size=2076672 bytes (5.1%)
(RDMA_READ_CONSUME_CHECK_CONSUMER) timestamp=6470 ms, used_size=2074624 bytes (5.1%)
(RDMA_READ_CONSUME_CHECK_CONSUMER) timestamp=6470 ms, used_size=2072576 bytes (5.1%)
(RDMA_READ_CONSUME_CHECK_CONSUMER) timestamp=6470 ms, used_size=2070528 bytes (5.1%)
(RDMA_READ_CONSUME_CHECK_CONSUMER) timestamp=6470 ms, used_size=2068480 bytes (5.0%)
(RDMA_READ_CONSUME_CHECK_CONSUMER) timestamp=6470 ms, used_size=2066432 bytes (5.0%)
(RDMA_READ_CONSUME_CHECK_CONSUMER) timestamp=6470 ms, used_size=2064384 bytes (5.0%)
(RDMA_READ_CONSUME_CHECK_CONSUMER) timestamp=6470 ms, used_size=2062336 bytes (5.0%)
(RDMA_READ_CONSUME_CHECK_CONSUMER) timestamp=6470 ms, used_size=2060288 bytes (5.0%)
(RDMA_READ_CONSUME_CHECK_CONSUMER) timestamp=6470 ms, used_size=2058240 bytes (5.0%)
(RDMA_READ_CONSUME_CHECK_CONSUMER) timestamp=6470 ms, used_size=2056192 bytes (5.0%)
(RDMA_READ_CONSUME_CHECK_CONSUMER) timestamp=6470 ms, used_size=2054144 bytes (5.0%)
(RDMA_READ_CONSUME_CHECK_CONSUMER) timestamp=6470 ms, used_size=2052096 bytes (5.0%)
(RDMA_READ_CONSUME_CHECK_CONSUMER) timestamp=6470 ms, used_size=2050048 bytes (5.0%)
(RDMA_READ_CONSUME_CHECK_CONSUMER) timestamp=6470 ms, used_size=2048000 bytes (5.0%)
(RDMA_READ_CONSUME_CHECK_CONSUMER) timestamp=6470 ms, used_size=2045952 bytes (5.0%)
(RDMA_READ_CONSUME_CHECK_CONSUMER) timestamp=6470 ms, used_size=2043904 bytes (5.0%)
(RDMA_READ_CONSUME_CHECK_CONSUMER) timestamp=6470 ms, used_size=2041856 bytes (5.0%)
(RDMA_READ_CONSUME_CHECK_CONSUMER) timestamp=6470 ms, used_size=2039808 bytes (5.0%)
(RDMA_READ_CONSUME_CHECK_CONSUMER) timestamp=6470 ms, used_size=2037760 bytes (5.0%)
(RDMA_READ_CONSUME_CHECK_CONSUMER) timestamp=6470 ms, used_size=2035712 bytes (5.0%)
(RDMA_READ_CONSUME_CHECK_CONSUMER) timestamp=6470 ms, used_size=2033664 bytes (5.0%)
(RDMA_READ_CONSUME_CHECK_CONSUMER) timestamp=6470 ms, used_size=2031616 bytes (5.0%)
(RDMA_READ_CONSUME_CHECK_CONSUMER) timestamp=6470 ms, used_size=2029568 bytes (5.0%)
(RDMA_READ_CONSUME_CHECK_CONSUMER) timestamp=6470 ms, used_size=2027520 bytes (5.0%)
(RDMA_READ_CONSUME_CHECK_CONSUMER) timestamp=6470 ms, used_size=2025472 bytes (4.9%)
(RDMA_READ_CONSUME_CHECK_CONSUMER) timestamp=6470 ms, used_size=2023424 bytes (4.9%)
(RDMA_READ_CONSUME_CHECK_CONSUMER) timestamp=6470 ms, used_size=2021376 bytes (4.9%)
(RDMA_READ_CONSUME_CHECK_CONSUMER) timestamp=6470 ms, used_size=2019328 bytes (4.9%)
(RDMA_READ_CONSUME_CHECK_CONSUMER) timestamp=6470 ms, used_size=2017280 bytes (4.9%)
(RDMA_READ_CONSUME_CHECK_CONSUMER) timestamp=6470 ms, used_size=2015232 bytes (4.9%)
(RDMA_READ_CONSUME_CHECK_CONSUMER) timestamp=6470 ms, used_size=2013184 bytes (4.9%)
(RDMA_READ_CONSUME_CHECK_CONSUMER) timestamp=6470 ms, used_size=2011136 bytes (4.9%)
(RDMA_READ_CONSUME_CHECK_CONSUMER) timestamp=6470 ms, used_size=2009088 bytes (4.9%)
(RDMA_READ_CONSUME_CHECK_CONSUMER) timestamp=6470 ms, used_size=2007040 bytes (4.9%)
(RDMA_READ_CONSUME_CHECK_CONSUMER) timestamp=6470 ms, used_size=2004992 bytes (4.9%)
(RDMA_READ_CONSUME_CHECK_CONSUMER) timestamp=6470 ms, used_size=2002944 bytes (4.9%)
(RDMA_READ_CONSUME_CHECK_CONSUMER) timestamp=6470 ms, used_size=2000896 bytes (4.9%)
(RDMA_READ_CONSUME_CHECK_CONSUMER) timestamp=6470 ms, used_size=1998848 bytes (4.9%)
(RDMA_READ_CONSUME_CHECK_CONSUMER) timestamp=6470 ms, used_size=1996800 bytes (4.9%)
(RDMA_READ_CONSUME_CHECK_CONSUMER) timestamp=6470 ms, used_size=1994752 bytes (4.9%)
(RDMA_READ_CONSUME_CHECK_CONSUMER) timestamp=6470 ms, used_size=1992704 bytes (4.9%)
(RDMA_READ_CONSUME_CHECK_CONSUMER) timestamp=6470 ms, used_size=1990656 bytes (4.9%)
(RDMA_READ_CONSUME_CHECK_CONSUMER) timestamp=6470 ms, used_size=1988608 bytes (4.9%)
(RDMA_READ_CONSUME_CHECK_CONSUMER) timestamp=6470 ms, used_size=1986560 bytes (4.8%)
(RDMA_READ_CONSUME_CHECK_CONSUMER) timestamp=6470 ms, used_size=1984512 bytes (4.8%)
(RDMA_READ_CONSUME_CHECK_CONSUMER) timestamp=6470 ms, used_size=1982464 bytes (4.8%)
(RDMA_READ_CONSUME_CHECK_CONSUMER) timestamp=6470 ms, used_size=1980416 bytes (4.8%)
(RDMA_READ_CONSUME_CHECK_CONSUMER) timestamp=6470 ms, used_size=1978368 bytes (4.8%)
(RDMA_READ_CONSUME_CHECK_CONSUMER) timestamp=6470 ms, used_size=1976320 bytes (4.8%)
(RDMA_READ_CONSUME_CHECK_CONSUMER) timestamp=6470 ms, used_size=1974272 bytes (4.8%)
(RDMA_READ_CONSUME_CHECK_CONSUMER) timestamp=6470 ms, used_size=1972224 bytes (4.8%)
(RDMA_READ_CONSUME_CHECK_CONSUMER) timestamp=6470 ms, used_size=1970176 bytes (4.8%)
(RDMA_READ_CONSUME_CHECK_CONSUMER) timestamp=6470 ms, used_size=1968128 bytes (4.8%)
(RDMA_READ_CONSUME_CHECK_CONSUMER) timestamp=6470 ms, used_size=1966080 bytes (4.8%)
(RDMA_READ_CONSUME_CHECK_CONSUMER) timestamp=6470 ms, used_size=1964032 bytes (4.8%)
(RDMA_READ_CONSUME_CHECK_CONSUMER) timestamp=6470 ms, used_size=1961984 bytes (4.8%)
(RDMA_READ_CONSUME_CHECK_CONSUMER) timestamp=6470 ms, used_size=1959936 bytes (4.8%)
(RDMA_READ_CONSUME_CHECK_CONSUMER) timestamp=6470 ms, used_size=1957888 bytes (4.8%)
(RDMA_READ_CONSUME_CHECK_CONSUMER) timestamp=6470 ms, used_size=1955840 bytes (4.8%)
(RDMA_READ_CONSUME_CHECK_CONSUMER) timestamp=6470 ms, used_size=1953792 bytes (4.8%)
(RDMA_READ_CONSUME_CHECK_CONSUMER) timestamp=6470 ms, used_size=1951744 bytes (4.8%)
(RDMA_READ_CONSUME_CHECK_CONSUMER) timestamp=6470 ms, used_size=1949696 bytes (4.8%)
(RDMA_READ_CONSUME_CHECK_CONSUMER) timestamp=6470 ms, used_size=1947648 bytes (4.8%)
(RDMA_READ_CONSUME_CHECK_CONSUMER) timestamp=6470 ms, used_size=1945600 bytes (4.8%)
(RDMA_READ_CONSUME_CHECK_CONSUMER) timestamp=6470 ms, used_size=1943552 bytes (4.7%)
(RDMA_READ_CONSUME_CHECK_CONSUMER) timestamp=6470 ms, used_size=1941504 bytes (4.7%)
(RDMA_READ_CONSUME_CHECK_CONSUMER) timestamp=6470 ms, used_size=1939456 bytes (4.7%)
(RDMA_READ_CONSUME_CHECK_CONSUMER) timestamp=6470 ms, used_size=1937408 bytes (4.7%)
(RDMA_READ_CONSUME_CHECK_CONSUMER) timestamp=6470 ms, used_size=1935360 bytes (4.7%)
(RDMA_READ_CONSUME_CHECK_CONSUMER) timestamp=6470 ms, used_size=1933312 bytes (4.7%)
(RDMA_READ_CONSUME_CHECK_CONSUMER) timestamp=6470 ms, used_size=1931264 bytes (4.7%)
(RDMA_READ_CONSUME_CHECK_CONSUMER) timestamp=6470 ms, used_size=1929216 bytes (4.7%)
(RDMA_READ_CONSUME_CHECK_CONSUMER) timestamp=6470 ms, used_size=1927168 bytes (4.7%)
(RDMA_READ_CONSUME_CHECK_CONSUMER) timestamp=6470 ms, used_size=1925120 bytes (4.7%)
(RDMA_READ_CONSUME_CHECK_CONSUMER) timestamp=6470 ms, used_size=1923072 bytes (4.7%)
(RDMA_READ_CONSUME_CHECK_CONSUMER) timestamp=6470 ms, used_size=1921024 bytes (4.7%)
(RDMA_READ_CONSUME_CHECK_CONSUMER) timestamp=6470 ms, used_size=1918976 bytes (4.7%)
(RDMA_READ_CONSUME_CHECK_CONSUMER) timestamp=6470 ms, used_size=1916928 bytes (4.7%)
(RDMA_READ_CONSUME_CHECK_CONSUMER) timestamp=6470 ms, used_size=1914880 bytes (4.7%)
(RDMA_READ_CONSUME_CHECK_CONSUMER) timestamp=6470 ms, used_size=1912832 bytes (4.7%)
(RDMA_READ_CONSUME_CHECK_CONSUMER) timestamp=6470 ms, used_size=1910784 bytes (4.7%)
(RDMA_READ_CONSUME_CHECK_CONSUMER) timestamp=6470 ms, used_size=1908736 bytes (4.7%)
(RDMA_READ_CONSUME_CHECK_CONSUMER) timestamp=6470 ms, used_size=1906688 bytes (4.7%)
(RDMA_READ_CONSUME_CHECK_CONSUMER) timestamp=6470 ms, used_size=1904640 bytes (4.7%)
(RDMA_READ_CONSUME_CHECK_CONSUMER) timestamp=6470 ms, used_size=1902592 bytes (4.6%)
(RDMA_READ_CONSUME_CHECK_CONSUMER) timestamp=6470 ms, used_size=1900544 bytes (4.6%)
(RDMA_READ_CONSUME_CHECK_CONSUMER) timestamp=6470 ms, used_size=1898496 bytes (4.6%)
(RDMA_READ_CONSUME_CHECK_CONSUMER) timestamp=6470 ms, used_size=1896448 bytes (4.6%)
(RDMA_READ_CONSUME_CHECK_CONSUMER) timestamp=6470 ms, used_size=1894400 bytes (4.6%)
(RDMA_READ_CONSUME_CHECK_CONSUMER) timestamp=6470 ms, used_size=1892352 bytes (4.6%)
(RDMA_READ_CONSUME_CHECK_CONSUMER) timestamp=6470 ms, used_size=1890304 bytes (4.6%)
(RDMA_READ_CONSUME_CHECK_CONSUMER) timestamp=6471 ms, used_size=1888256 bytes (4.6%)
(RDMA_READ_CONSUME_CHECK_CONSUMER) timestamp=6471 ms, used_size=1886208 bytes (4.6%)
(RDMA_READ_CONSUME_CHECK_CONSUMER) timestamp=6471 ms, used_size=1884160 bytes (4.6%)
(RDMA_READ_CONSUME_CHECK_CONSUMER) timestamp=6471 ms, used_size=1882112 bytes (4.6%)
(RDMA_READ_CONSUME_CHECK_CONSUMER) timestamp=6471 ms, used_size=1880064 bytes (4.6%)
(RDMA_READ_CONSUME_CHECK_CONSUMER) timestamp=6471 ms, used_size=1878016 bytes (4.6%)
(RDMA_READ_CONSUME_CHECK_CONSUMER) timestamp=6471 ms, used_size=1875968 bytes (4.6%)
(RDMA_READ_CONSUME_CHECK_CONSUMER) timestamp=6471 ms, used_size=1873920 bytes (4.6%)
(RDMA_READ_CONSUME_CHECK_CONSUMER) timestamp=6471 ms, used_size=1871872 bytes (4.6%)
(RDMA_READ_CONSUME_CHECK_CONSUMER) timestamp=6471 ms, used_size=1869824 bytes (4.6%)
(RDMA_READ_CONSUME_CHECK_CONSUMER) timestamp=6471 ms, used_size=1867776 bytes (4.6%)
(RDMA_READ_CONSUME_CHECK_CONSUMER) timestamp=6471 ms, used_size=1865728 bytes (4.6%)
(RDMA_READ_CONSUME_CHECK_CONSUMER) timestamp=6471 ms, used_size=1863680 bytes (4.5%)
(RDMA_READ_CONSUME_CHECK_CONSUMER) timestamp=6471 ms, used_size=1861632 bytes (4.5%)
(RDMA_READ_CONSUME_CHECK_CONSUMER) timestamp=6471 ms, used_size=1859584 bytes (4.5%)
(RDMA_READ_CONSUME_CHECK_CONSUMER) timestamp=6471 ms, used_size=1857536 bytes (4.5%)
(RDMA_READ_CONSUME_CHECK_CONSUMER) timestamp=6471 ms, used_size=1855488 bytes (4.5%)
(RDMA_READ_CONSUME_CHECK_CONSUMER) timestamp=6471 ms, used_size=1853440 bytes (4.5%)
(RDMA_READ_CONSUME_CHECK_CONSUMER) timestamp=6471 ms, used_size=1851392 bytes (4.5%)
(RDMA_READ_CONSUME_CHECK_CONSUMER) timestamp=6471 ms, used_size=1849344 bytes (4.5%)
(RDMA_READ_CONSUME_CHECK_CONSUMER) timestamp=6471 ms, used_size=1847296 bytes (4.5%)
(RDMA_READ_CONSUME_CHECK_CONSUMER) timestamp=6471 ms, used_size=1845248 bytes (4.5%)
(RDMA_READ_CONSUME_CHECK_CONSUMER) timestamp=6471 ms, used_size=1843200 bytes (4.5%)
(RDMA_READ_CONSUME_CHECK_CONSUMER) timestamp=6471 ms, used_size=1841152 bytes (4.5%)
(RDMA_READ_CONSUME_CHECK_CONSUMER) timestamp=6471 ms, used_size=1839104 bytes (4.5%)
(RDMA_READ_CONSUME_CHECK_CONSUMER) timestamp=6471 ms, used_size=1837056 bytes (4.5%)
(RDMA_READ_CONSUME_CHECK_CONSUMER) timestamp=6471 ms, used_size=1835008 bytes (4.5%)
(RDMA_READ_CONSUME_CHECK_CONSUMER) timestamp=6471 ms, used_size=1832960 bytes (4.5%)
(RDMA_READ_CONSUME_CHECK_CONSUMER) timestamp=6471 ms, used_size=1830912 bytes (4.5%)
(RDMA_READ_CONSUME_CHECK_CONSUMER) timestamp=6471 ms, used_size=1828864 bytes (4.5%)
(RDMA_READ_CONSUME_CHECK_CONSUMER) timestamp=6471 ms, used_size=1826816 bytes (4.5%)
(RDMA_READ_CONSUME_CHECK_CONSUMER) timestamp=6471 ms, used_size=1824768 bytes (4.5%)
(RDMA_READ_CONSUME_CHECK_CONSUMER) timestamp=6471 ms, used_size=1822720 bytes (4.5%)
(RDMA_READ_CONSUME_CHECK_CONSUMER) timestamp=6471 ms, used_size=1820672 bytes (4.4%)
(RDMA_READ_CONSUME_CHECK_CONSUMER) timestamp=6471 ms, used_size=1818624 bytes (4.4%)
(RDMA_READ_CONSUME_CHECK_CONSUMER) timestamp=6471 ms, used_size=1816576 bytes (4.4%)
(RDMA_READ_CONSUME_CHECK_CONSUMER) timestamp=6471 ms, used_size=1814528 bytes (4.4%)
(RDMA_READ_CONSUME_CHECK_CONSUMER) timestamp=6471 ms, used_size=1812480 bytes (4.4%)
(RDMA_READ_CONSUME_CHECK_CONSUMER) timestamp=6471 ms, used_size=1810432 bytes (4.4%)
(RDMA_READ_CONSUME_CHECK_CONSUMER) timestamp=6471 ms, used_size=1808384 bytes (4.4%)
(RDMA_READ_CONSUME_CHECK_CONSUMER) timestamp=6471 ms, used_size=1806336 bytes (4.4%)
(RDMA_READ_CONSUME_CHECK_CONSUMER) timestamp=6471 ms, used_size=1804288 bytes (4.4%)
(RDMA_READ_CONSUME_CHECK_CONSUMER) timestamp=6471 ms, used_size=1802240 bytes (4.4%)
(RDMA_READ_CONSUME_CHECK_CONSUMER) timestamp=6471 ms, used_size=1800192 bytes (4.4%)
(RDMA_READ_CONSUME_CHECK_CONSUMER) timestamp=6471 ms, used_size=1798144 bytes (4.4%)
(RDMA_READ_CONSUME_CHECK_CONSUMER) timestamp=6471 ms, used_size=1796096 bytes (4.4%)
(RDMA_READ_CONSUME_CHECK_CONSUMER) timestamp=6471 ms, used_size=1794048 bytes (4.4%)
(RDMA_READ_CONSUME_CHECK_CONSUMER) timestamp=6471 ms, used_size=1792000 bytes (4.4%)
(RDMA_READ_CONSUME_CHECK_CONSUMER) timestamp=6471 ms, used_size=1789952 bytes (4.4%)
(RDMA_READ_CONSUME_CHECK_CONSUMER) timestamp=6471 ms, used_size=1787904 bytes (4.4%)
(RDMA_READ_CONSUME_CHECK_CONSUMER) timestamp=6471 ms, used_size=1785856 bytes (4.4%)
(RDMA_READ_CONSUME_CHECK_CONSUMER) timestamp=6471 ms, used_size=1783808 bytes (4.4%)
(RDMA_READ_CONSUME_CHECK_CONSUMER) timestamp=6471 ms, used_size=1781760 bytes (4.3%)
(RDMA_READ_CONSUME_CHECK_CONSUMER) timestamp=6471 ms, used_size=1779712 bytes (4.3%)
(RDMA_READ_CONSUME_CHECK_CONSUMER) timestamp=6471 ms, used_size=1777664 bytes (4.3%)
(RDMA_READ_CONSUME_CHECK_CONSUMER) timestamp=6471 ms, used_size=1775616 bytes (4.3%)
(RDMA_READ_CONSUME_CHECK_CONSUMER) timestamp=6471 ms, used_size=1773568 bytes (4.3%)
(RDMA_READ_CONSUME_CHECK_CONSUMER) timestamp=6471 ms, used_size=1771520 bytes (4.3%)
(RDMA_READ_CONSUME_CHECK_CONSUMER) timestamp=6471 ms, used_size=1769472 bytes (4.3%)
(RDMA_READ_CONSUME_CHECK_CONSUMER) timestamp=6471 ms, used_size=1767424 bytes (4.3%)
(RDMA_READ_CONSUME_CHECK_CONSUMER) timestamp=6471 ms, used_size=1765376 bytes (4.3%)
(RDMA_READ_CONSUME_CHECK_CONSUMER) timestamp=6471 ms, used_size=1763328 bytes (4.3%)
(RDMA_READ_CONSUME_CHECK_CONSUMER) timestamp=6471 ms, used_size=1761280 bytes (4.3%)
(RDMA_READ_CONSUME_CHECK_CONSUMER) timestamp=6471 ms, used_size=1759232 bytes (4.3%)
(RDMA_READ_CONSUME_CHECK_CONSUMER) timestamp=6471 ms, used_size=1757184 bytes (4.3%)
(RDMA_READ_CONSUME_CHECK_CONSUMER) timestamp=6471 ms, used_size=1755136 bytes (4.3%)
(RDMA_READ_CONSUME_CHECK_CONSUMER) timestamp=6471 ms, used_size=1753088 bytes (4.3%)
(RDMA_READ_CONSUME_CHECK_CONSUMER) timestamp=6471 ms, used_size=1751040 bytes (4.3%)
(RDMA_READ_CONSUME_CHECK_CONSUMER) timestamp=6471 ms, used_size=1748992 bytes (4.3%)
(RDMA_READ_CONSUME_CHECK_CONSUMER) timestamp=6471 ms, used_size=1746944 bytes (4.3%)
(RDMA_READ_CONSUME_CHECK_CONSUMER) timestamp=6471 ms, used_size=1744896 bytes (4.3%)
(RDMA_READ_CONSUME_CHECK_CONSUMER) timestamp=6471 ms, used_size=1742848 bytes (4.3%)
(RDMA_READ_CONSUME_CHECK_CONSUMER) timestamp=6471 ms, used_size=1740800 bytes (4.2%)
(RDMA_READ_CONSUME_CHECK_CONSUMER) timestamp=6471 ms, used_size=1738752 bytes (4.2%)
(RDMA_READ_CONSUME_CHECK_CONSUMER) timestamp=6471 ms, used_size=1736704 bytes (4.2%)
(RDMA_READ_CONSUME_CHECK_CONSUMER) timestamp=6471 ms, used_size=1734656 bytes (4.2%)
(RDMA_READ_CONSUME_CHECK_CONSUMER) timestamp=6471 ms, used_size=1732608 bytes (4.2%)
(RDMA_READ_CONSUME_CHECK_CONSUMER) timestamp=6471 ms, used_size=1730560 bytes (4.2%)
(RDMA_READ_CONSUME_CHECK_CONSUMER) timestamp=6471 ms, used_size=1728512 bytes (4.2%)
(RDMA_READ_CONSUME_CHECK_CONSUMER) timestamp=6471 ms, used_size=1726464 bytes (4.2%)
(RDMA_READ_CONSUME_CHECK_CONSUMER) timestamp=6471 ms, used_size=1724416 bytes (4.2%)
(RDMA_READ_CONSUME_CHECK_CONSUMER) timestamp=6471 ms, used_size=1722368 bytes (4.2%)
(RDMA_READ_CONSUME_CHECK_CONSUMER) timestamp=6471 ms, used_size=1720320 bytes (4.2%)
(RDMA_READ_CONSUME_CHECK_CONSUMER) timestamp=6471 ms, used_size=1718272 bytes (4.2%)
(RDMA_READ_CONSUME_CHECK_CONSUMER) timestamp=6471 ms, used_size=1716224 bytes (4.2%)
(RDMA_READ_CONSUME_CHECK_CONSUMER) timestamp=6471 ms, used_size=1714176 bytes (4.2%)
(RDMA_READ_CONSUME_CHECK_CONSUMER) timestamp=6471 ms, used_size=1712128 bytes (4.2%)
(RDMA_READ_CONSUME_CHECK_CONSUMER) timestamp=6471 ms, used_size=1710080 bytes (4.2%)
(RDMA_READ_CONSUME_CHECK_CONSUMER) timestamp=6471 ms, used_size=1708032 bytes (4.2%)
(RDMA_READ_CONSUME_CHECK_CONSUMER) timestamp=6471 ms, used_size=1705984 bytes (4.2%)
(RDMA_READ_CONSUME_CHECK_CONSUMER) timestamp=6471 ms, used_size=1703936 bytes (4.2%)
(RDMA_READ_CONSUME_CHECK_CONSUMER) timestamp=6471 ms, used_size=1701888 bytes (4.2%)
(RDMA_READ_CONSUME_CHECK_CONSUMER) timestamp=6471 ms, used_size=1699840 bytes (4.2%)
(RDMA_READ_CONSUME_CHECK_CONSUMER) timestamp=6471 ms, used_size=1697792 bytes (4.1%)
(RDMA_READ_CONSUME_CHECK_CONSUMER) timestamp=6471 ms, used_size=1695744 bytes (4.1%)
(RDMA_READ_CONSUME_CHECK_CONSUMER) timestamp=6471 ms, used_size=1693696 bytes (4.1%)
(RDMA_READ_CONSUME_CHECK_CONSUMER) timestamp=6471 ms, used_size=1691648 bytes (4.1%)
(RDMA_READ_CONSUME_CHECK_CONSUMER) timestamp=6471 ms, used_size=1689600 bytes (4.1%)
(RDMA_READ_CONSUME_CHECK_CONSUMER) timestamp=6471 ms, used_size=1687552 bytes (4.1%)
(RDMA_READ_CONSUME_CHECK_CONSUMER) timestamp=6471 ms, used_size=1685504 bytes (4.1%)
(RDMA_READ_CONSUME_CHECK_CONSUMER) timestamp=6471 ms, used_size=1683456 bytes (4.1%)
(RDMA_READ_CONSUME_CHECK_CONSUMER) timestamp=6471 ms, used_size=1681408 bytes (4.1%)
(RDMA_READ_CONSUME_CHECK_CONSUMER) timestamp=6471 ms, used_size=1679360 bytes (4.1%)
(RDMA_READ_CONSUME_CHECK_CONSUMER) timestamp=6471 ms, used_size=1677312 bytes (4.1%)
(RDMA_READ_CONSUME_CHECK_CONSUMER) timestamp=6471 ms, used_size=1675264 bytes (4.1%)
(RDMA_READ_CONSUME_CHECK_CONSUMER) timestamp=6471 ms, used_size=1673216 bytes (4.1%)
(RDMA_READ_CONSUME_CHECK_CONSUMER) timestamp=6471 ms, used_size=1671168 bytes (4.1%)
(RDMA_READ_CONSUME_CHECK_CONSUMER) timestamp=6471 ms, used_size=1669120 bytes (4.1%)
(RDMA_READ_CONSUME_CHECK_CONSUMER) timestamp=6471 ms, used_size=1667072 bytes (4.1%)
(RDMA_READ_CONSUME_CHECK_CONSUMER) timestamp=6471 ms, used_size=1665024 bytes (4.1%)
(RDMA_READ_CONSUME_CHECK_CONSUMER) timestamp=6471 ms, used_size=1662976 bytes (4.1%)
(RDMA_READ_CONSUME_CHECK_CONSUMER) timestamp=6471 ms, used_size=1660928 bytes (4.1%)
(RDMA_READ_CONSUME_CHECK_CONSUMER) timestamp=6471 ms, used_size=1658880 bytes (4.0%)
(RDMA_READ_CONSUME_CHECK_CONSUMER) timestamp=6471 ms, used_size=1656832 bytes (4.0%)
(RDMA_READ_CONSUME_CHECK_CONSUMER) timestamp=6471 ms, used_size=1654784 bytes (4.0%)
(RDMA_READ_CONSUME_CHECK_CONSUMER) timestamp=6471 ms, used_size=1652736 bytes (4.0%)
(RDMA_READ_CONSUME_CHECK_CONSUMER) timestamp=6471 ms, used_size=1650688 bytes (4.0%)
(RDMA_READ_CONSUME_CHECK_CONSUMER) timestamp=6471 ms, used_size=1648640 bytes (4.0%)
(RDMA_READ_CONSUME_CHECK_CONSUMER) timestamp=6471 ms, used_size=1646592 bytes (4.0%)
(RDMA_READ_CONSUME_CHECK_CONSUMER) timestamp=6471 ms, used_size=1644544 bytes (4.0%)
(RDMA_READ_CONSUME_CHECK_CONSUMER) timestamp=6471 ms, used_size=1642496 bytes (4.0%)
(RDMA_READ_CONSUME_CHECK_CONSUMER) timestamp=6471 ms, used_size=1640448 bytes (4.0%)
(RDMA_READ_CONSUME_CHECK_CONSUMER) timestamp=6471 ms, used_size=1638400 bytes (4.0%)
(RDMA_READ_CONSUME_CHECK_CONSUMER) timestamp=6471 ms, used_size=1636352 bytes (4.0%)
(RDMA_READ_CONSUME_CHECK_CONSUMER) timestamp=6471 ms, used_size=1634304 bytes (4.0%)
(RDMA_READ_CONSUME_CHECK_CONSUMER) timestamp=6471 ms, used_size=1632256 bytes (4.0%)
(RDMA_READ_CONSUME_CHECK_CONSUMER) timestamp=6471 ms, used_size=1630208 bytes (4.0%)
(RDMA_READ_CONSUME_CHECK_CONSUMER) timestamp=6471 ms, used_size=1628160 bytes (4.0%)
(RDMA_READ_CONSUME_CHECK_CONSUMER) timestamp=6471 ms, used_size=1626112 bytes (4.0%)
(RDMA_READ_CONSUME_CHECK_CONSUMER) timestamp=6471 ms, used_size=1624064 bytes (4.0%)
(RDMA_READ_CONSUME_CHECK_CONSUMER) timestamp=6471 ms, used_size=1622016 bytes (4.0%)
(RDMA_READ_CONSUME_CHECK_CONSUMER) timestamp=6471 ms, used_size=1619968 bytes (4.0%)
(RDMA_READ_CONSUME_CHECK_CONSUMER) timestamp=6471 ms, used_size=1617920 bytes (4.0%)
(RDMA_READ_CONSUME_CHECK_CONSUMER) timestamp=6471 ms, used_size=1615872 bytes (3.9%)
(RDMA_READ_CONSUME_CHECK_CONSUMER) timestamp=6471 ms, used_size=1613824 bytes (3.9%)
(RDMA_READ_CONSUME_CHECK_CONSUMER) timestamp=6471 ms, used_size=1611776 bytes (3.9%)
(RDMA_READ_CONSUME_CHECK_CONSUMER) timestamp=6471 ms, used_size=1609728 bytes (3.9%)
(RDMA_READ_CONSUME_CHECK_CONSUMER) timestamp=6471 ms, used_size=1607680 bytes (3.9%)
(RDMA_READ_CONSUME_CHECK_CONSUMER) timestamp=6471 ms, used_size=1605632 bytes (3.9%)
(RDMA_READ_CONSUME_CHECK_CONSUMER) timestamp=6471 ms, used_size=1603584 bytes (3.9%)
(RDMA_READ_CONSUME_CHECK_CONSUMER) timestamp=6471 ms, used_size=1601536 bytes (3.9%)
(RDMA_READ_CONSUME_CHECK_CONSUMER) timestamp=6471 ms, used_size=1599488 bytes (3.9%)
(RDMA_READ_CONSUME_CHECK_CONSUMER) timestamp=6471 ms, used_size=1597440 bytes (3.9%)
(RDMA_READ_CONSUME_CHECK_CONSUMER) timestamp=6471 ms, used_size=1595392 bytes (3.9%)
(RDMA_READ_CONSUME_CHECK_CONSUMER) timestamp=6471 ms, used_size=1593344 bytes (3.9%)
(RDMA_READ_CONSUME_CHECK_CONSUMER) timestamp=6471 ms, used_size=1591296 bytes (3.9%)
(RDMA_READ_CONSUME_CHECK_CONSUMER) timestamp=6471 ms, used_size=1589248 bytes (3.9%)
(RDMA_READ_CONSUME_CHECK_CONSUMER) timestamp=6471 ms, used_size=1587200 bytes (3.9%)
(RDMA_READ_CONSUME_CHECK_CONSUMER) timestamp=6471 ms, used_size=1585152 bytes (3.9%)
(RDMA_READ_CONSUME_CHECK_CONSUMER) timestamp=6471 ms, used_size=1583104 bytes (3.9%)
(RDMA_READ_CONSUME_CHECK_CONSUMER) timestamp=6471 ms, used_size=1581056 bytes (3.9%)
(RDMA_READ_CONSUME_CHECK_CONSUMER) timestamp=6471 ms, used_size=1579008 bytes (3.9%)
(RDMA_READ_CONSUME_CHECK_CONSUMER) timestamp=6471 ms, used_size=1576960 bytes (3.9%)
(RDMA_READ_CONSUME_CHECK_CONSUMER) timestamp=6471 ms, used_size=1574912 bytes (3.8%)
(RDMA_READ_CONSUME_CHECK_CONSUMER) timestamp=6471 ms, used_size=1572864 bytes (3.8%)
(RDMA_READ_CONSUME_CHECK_CONSUMER) timestamp=6471 ms, used_size=1570816 bytes (3.8%)
(RDMA_READ_CONSUME_CHECK_CONSUMER) timestamp=6471 ms, used_size=1568768 bytes (3.8%)
(RDMA_READ_CONSUME_CHECK_CONSUMER) timestamp=6471 ms, used_size=1566720 bytes (3.8%)
(RDMA_READ_CONSUME_CHECK_CONSUMER) timestamp=6471 ms, used_size=1564672 bytes (3.8%)
(RDMA_READ_CONSUME_CHECK_CONSUMER) timestamp=6471 ms, used_size=1562624 bytes (3.8%)
(RDMA_READ_CONSUME_CHECK_CONSUMER) timestamp=6471 ms, used_size=1560576 bytes (3.8%)
(RDMA_READ_CONSUME_CHECK_CONSUMER) timestamp=6471 ms, used_size=1558528 bytes (3.8%)
(RDMA_READ_CONSUME_CHECK_CONSUMER) timestamp=6471 ms, used_size=1556480 bytes (3.8%)
(RDMA_READ_CONSUME_CHECK_CONSUMER) timestamp=6471 ms, used_size=1554432 bytes (3.8%)
(RDMA_READ_CONSUME_CHECK_CONSUMER) timestamp=6471 ms, used_size=1552384 bytes (3.8%)
(RDMA_READ_CONSUME_CHECK_CONSUMER) timestamp=6471 ms, used_size=1550336 bytes (3.8%)
(RDMA_READ_CONSUME_CHECK_CONSUMER) timestamp=6471 ms, used_size=1548288 bytes (3.8%)
(RDMA_READ_CONSUME_CHECK_CONSUMER) timestamp=6471 ms, used_size=1546240 bytes (3.8%)
(RDMA_READ_CONSUME_CHECK_CONSUMER) timestamp=6471 ms, used_size=1544192 bytes (3.8%)
(RDMA_READ_CONSUME_CHECK_CONSUMER) timestamp=6471 ms, used_size=1542144 bytes (3.8%)
(RDMA_READ_CONSUME_CHECK_CONSUMER) timestamp=6471 ms, used_size=1540096 bytes (3.8%)
(RDMA_READ_CONSUME_CHECK_CONSUMER) timestamp=6471 ms, used_size=1538048 bytes (3.8%)
(RDMA_READ_CONSUME_CHECK_CONSUMER) timestamp=6471 ms, used_size=1536000 bytes (3.8%)
(RDMA_READ_CONSUME_CHECK_CONSUMER) timestamp=6471 ms, used_size=1533952 bytes (3.7%)
(RDMA_READ_CONSUME_CHECK_CONSUMER) timestamp=6471 ms, used_size=1531904 bytes (3.7%)
(RDMA_READ_CONSUME_CHECK_CONSUMER) timestamp=6471 ms, used_size=1529856 bytes (3.7%)
(RDMA_READ_CONSUME_CHECK_CONSUMER) timestamp=6471 ms, used_size=1527808 bytes (3.7%)
(RDMA_READ_CONSUME_CHECK_CONSUMER) timestamp=6471 ms, used_size=1525760 bytes (3.7%)
(RDMA_READ_CONSUME_CHECK_CONSUMER) timestamp=6471 ms, used_size=1523712 bytes (3.7%)
(RDMA_READ_CONSUME_CHECK_CONSUMER) timestamp=6471 ms, used_size=1521664 bytes (3.7%)
(RDMA_READ_CONSUME_CHECK_CONSUMER) timestamp=6471 ms, used_size=1519616 bytes (3.7%)
(RDMA_READ_CONSUME_CHECK_CONSUMER) timestamp=6471 ms, used_size=1517568 bytes (3.7%)
(RDMA_READ_CONSUME_CHECK_CONSUMER) timestamp=6471 ms, used_size=1515520 bytes (3.7%)
(RDMA_READ_CONSUME_CHECK_CONSUMER) timestamp=6472 ms, used_size=1513472 bytes (3.7%)
(RDMA_READ_CONSUME_CHECK_CONSUMER) timestamp=6472 ms, used_size=1511424 bytes (3.7%)
(RDMA_READ_CONSUME_CHECK_CONSUMER) timestamp=6472 ms, used_size=1509376 bytes (3.7%)
(RDMA_READ_CONSUME_CHECK_CONSUMER) timestamp=6472 ms, used_size=1507328 bytes (3.7%)
(RDMA_READ_CONSUME_CHECK_CONSUMER) timestamp=6472 ms, used_size=1505280 bytes (3.7%)
(RDMA_READ_CONSUME_CHECK_CONSUMER) timestamp=6472 ms, used_size=1503232 bytes (3.7%)
(RDMA_READ_CONSUME_CHECK_CONSUMER) timestamp=6472 ms, used_size=1501184 bytes (3.7%)
(RDMA_READ_CONSUME_CHECK_CONSUMER) timestamp=6472 ms, used_size=1499136 bytes (3.7%)
(RDMA_READ_CONSUME_CHECK_CONSUMER) timestamp=6472 ms, used_size=1497088 bytes (3.7%)
(RDMA_READ_CONSUME_CHECK_CONSUMER) timestamp=6472 ms, used_size=1495040 bytes (3.6%)
(RDMA_READ_CONSUME_CHECK_CONSUMER) timestamp=6472 ms, used_size=1492992 bytes (3.6%)
(RDMA_READ_CONSUME_CHECK_CONSUMER) timestamp=6472 ms, used_size=1490944 bytes (3.6%)
(RDMA_READ_CONSUME_CHECK_CONSUMER) timestamp=6472 ms, used_size=1488896 bytes (3.6%)
(RDMA_READ_CONSUME_CHECK_CONSUMER) timestamp=6472 ms, used_size=1486848 bytes (3.6%)
(RDMA_READ_CONSUME_CHECK_CONSUMER) timestamp=6472 ms, used_size=1484800 bytes (3.6%)
(RDMA_READ_CONSUME_CHECK_CONSUMER) timestamp=6472 ms, used_size=1482752 bytes (3.6%)
(RDMA_READ_CONSUME_CHECK_CONSUMER) timestamp=6472 ms, used_size=1480704 bytes (3.6%)
(RDMA_READ_CONSUME_CHECK_CONSUMER) timestamp=6472 ms, used_size=1478656 bytes (3.6%)
(RDMA_READ_CONSUME_CHECK_CONSUMER) timestamp=6472 ms, used_size=1476608 bytes (3.6%)
(RDMA_READ_CONSUME_CHECK_CONSUMER) timestamp=6472 ms, used_size=1474560 bytes (3.6%)
(RDMA_READ_CONSUME_CHECK_CONSUMER) timestamp=6472 ms, used_size=1472512 bytes (3.6%)
(RDMA_READ_CONSUME_CHECK_CONSUMER) timestamp=6472 ms, used_size=1470464 bytes (3.6%)
(RDMA_READ_CONSUME_CHECK_CONSUMER) timestamp=6472 ms, used_size=1468416 bytes (3.6%)
(RDMA_READ_CONSUME_CHECK_CONSUMER) timestamp=6472 ms, used_size=1466368 bytes (3.6%)
(RDMA_READ_CONSUME_CHECK_CONSUMER) timestamp=6472 ms, used_size=1464320 bytes (3.6%)
(RDMA_READ_CONSUME_CHECK_CONSUMER) timestamp=6472 ms, used_size=1462272 bytes (3.6%)
(RDMA_READ_CONSUME_CHECK_CONSUMER) timestamp=6472 ms, used_size=1460224 bytes (3.6%)
(RDMA_READ_CONSUME_CHECK_CONSUMER) timestamp=6472 ms, used_size=1458176 bytes (3.6%)
(RDMA_READ_CONSUME_CHECK_CONSUMER) timestamp=6472 ms, used_size=1456128 bytes (3.6%)
(RDMA_READ_CONSUME_CHECK_CONSUMER) timestamp=6472 ms, used_size=1454080 bytes (3.5%)
(RDMA_READ_CONSUME_CHECK_CONSUMER) timestamp=6472 ms, used_size=1452032 bytes (3.5%)
(RDMA_READ_CONSUME_CHECK_CONSUMER) timestamp=6472 ms, used_size=1449984 bytes (3.5%)
(RDMA_READ_CONSUME_CHECK_CONSUMER) timestamp=6472 ms, used_size=1447936 bytes (3.5%)
(RDMA_READ_CONSUME_CHECK_CONSUMER) timestamp=6472 ms, used_size=1445888 bytes (3.5%)
(RDMA_READ_CONSUME_CHECK_CONSUMER) timestamp=6472 ms, used_size=1443840 bytes (3.5%)
(RDMA_READ_CONSUME_CHECK_CONSUMER) timestamp=6472 ms, used_size=1441792 bytes (3.5%)
(RDMA_READ_CONSUME_CHECK_CONSUMER) timestamp=6472 ms, used_size=1439744 bytes (3.5%)
(RDMA_READ_CONSUME_CHECK_CONSUMER) timestamp=6472 ms, used_size=1437696 bytes (3.5%)
(RDMA_READ_CONSUME_CHECK_CONSUMER) timestamp=6472 ms, used_size=1435648 bytes (3.5%)
(RDMA_READ_CONSUME_CHECK_CONSUMER) timestamp=6472 ms, used_size=1433600 bytes (3.5%)
(RDMA_READ_CONSUME_CHECK_CONSUMER) timestamp=6472 ms, used_size=1431552 bytes (3.5%)
(RDMA_READ_CONSUME_CHECK_CONSUMER) timestamp=6472 ms, used_size=1429504 bytes (3.5%)
(RDMA_READ_CONSUME_CHECK_CONSUMER) timestamp=6472 ms, used_size=1427456 bytes (3.5%)
(RDMA_READ_CONSUME_CHECK_CONSUMER) timestamp=6472 ms, used_size=1425408 bytes (3.5%)
(RDMA_READ_CONSUME_CHECK_CONSUMER) timestamp=6472 ms, used_size=1423360 bytes (3.5%)
(RDMA_READ_CONSUME_CHECK_CONSUMER) timestamp=6472 ms, used_size=1421312 bytes (3.5%)
(RDMA_READ_CONSUME_CHECK_CONSUMER) timestamp=6472 ms, used_size=1419264 bytes (3.5%)
(RDMA_READ_CONSUME_CHECK_CONSUMER) timestamp=6472 ms, used_size=1417216 bytes (3.5%)
(RDMA_READ_CONSUME_CHECK_CONSUMER) timestamp=6472 ms, used_size=1415168 bytes (3.5%)
(RDMA_READ_CONSUME_CHECK_CONSUMER) timestamp=6472 ms, used_size=1413120 bytes (3.5%)
(RDMA_READ_CONSUME_CHECK_CONSUMER) timestamp=6472 ms, used_size=1411072 bytes (3.4%)
(RDMA_READ_CONSUME_CHECK_CONSUMER) timestamp=6472 ms, used_size=1409024 bytes (3.4%)
(RDMA_READ_CONSUME_CHECK_CONSUMER) timestamp=6472 ms, used_size=1406976 bytes (3.4%)
(RDMA_READ_CONSUME_CHECK_CONSUMER) timestamp=6472 ms, used_size=1404928 bytes (3.4%)
(RDMA_READ_CONSUME_CHECK_CONSUMER) timestamp=6472 ms, used_size=1402880 bytes (3.4%)
(RDMA_READ_CONSUME_CHECK_CONSUMER) timestamp=6472 ms, used_size=1400832 bytes (3.4%)
(RDMA_READ_CONSUME_CHECK_CONSUMER) timestamp=6472 ms, used_size=1398784 bytes (3.4%)
(RDMA_READ_CONSUME_CHECK_CONSUMER) timestamp=6472 ms, used_size=1396736 bytes (3.4%)
(RDMA_READ_CONSUME_CHECK_CONSUMER) timestamp=6472 ms, used_size=1394688 bytes (3.4%)
(RDMA_READ_CONSUME_CHECK_CONSUMER) timestamp=6472 ms, used_size=1392640 bytes (3.4%)
(RDMA_READ_CONSUME_CHECK_CONSUMER) timestamp=6472 ms, used_size=1390592 bytes (3.4%)
(RDMA_READ_CONSUME_CHECK_CONSUMER) timestamp=6472 ms, used_size=1388544 bytes (3.4%)
(RDMA_READ_CONSUME_CHECK_CONSUMER) timestamp=6472 ms, used_size=1386496 bytes (3.4%)
(RDMA_READ_CONSUME_CHECK_CONSUMER) timestamp=6472 ms, used_size=1384448 bytes (3.4%)
(RDMA_READ_CONSUME_CHECK_CONSUMER) timestamp=6472 ms, used_size=1382400 bytes (3.4%)
(RDMA_READ_CONSUME_CHECK_CONSUMER) timestamp=6472 ms, used_size=1380352 bytes (3.4%)
(RDMA_READ_CONSUME_CHECK_CONSUMER) timestamp=6472 ms, used_size=1378304 bytes (3.4%)
(RDMA_READ_CONSUME_CHECK_CONSUMER) timestamp=6472 ms, used_size=1376256 bytes (3.4%)
(RDMA_READ_CONSUME_CHECK_CONSUMER) timestamp=6472 ms, used_size=1374208 bytes (3.4%)
(RDMA_READ_CONSUME_CHECK_CONSUMER) timestamp=6472 ms, used_size=1372160 bytes (3.4%)
(RDMA_READ_CONSUME_CHECK_CONSUMER) timestamp=6472 ms, used_size=1370112 bytes (3.3%)
(RDMA_READ_CONSUME_CHECK_CONSUMER) timestamp=6472 ms, used_size=1368064 bytes (3.3%)
(RDMA_READ_CONSUME_CHECK_CONSUMER) timestamp=6472 ms, used_size=1366016 bytes (3.3%)
(RDMA_READ_CONSUME_CHECK_CONSUMER) timestamp=6472 ms, used_size=1363968 bytes (3.3%)
(RDMA_READ_CONSUME_CHECK_CONSUMER) timestamp=6472 ms, used_size=1361920 bytes (3.3%)
(RDMA_READ_CONSUME_CHECK_CONSUMER) timestamp=6472 ms, used_size=1359872 bytes (3.3%)
(RDMA_READ_CONSUME_CHECK_CONSUMER) timestamp=6472 ms, used_size=1357824 bytes (3.3%)
(RDMA_READ_CONSUME_CHECK_CONSUMER) timestamp=6472 ms, used_size=1355776 bytes (3.3%)
(RDMA_READ_CONSUME_CHECK_CONSUMER) timestamp=6472 ms, used_size=1353728 bytes (3.3%)
(RDMA_READ_CONSUME_CHECK_CONSUMER) timestamp=6472 ms, used_size=1351680 bytes (3.3%)
(RDMA_READ_CONSUME_CHECK_CONSUMER) timestamp=6472 ms, used_size=1349632 bytes (3.3%)
(RDMA_READ_CONSUME_CHECK_CONSUMER) timestamp=6472 ms, used_size=1347584 bytes (3.3%)
(RDMA_READ_CONSUME_CHECK_CONSUMER) timestamp=6472 ms, used_size=1345536 bytes (3.3%)
(RDMA_READ_CONSUME_CHECK_CONSUMER) timestamp=6472 ms, used_size=1343488 bytes (3.3%)
(RDMA_READ_CONSUME_CHECK_CONSUMER) timestamp=6472 ms, used_size=1341440 bytes (3.3%)
(RDMA_READ_CONSUME_CHECK_CONSUMER) timestamp=6472 ms, used_size=1339392 bytes (3.3%)
(RDMA_READ_CONSUME_CHECK_CONSUMER) timestamp=6472 ms, used_size=1337344 bytes (3.3%)
(RDMA_READ_CONSUME_CHECK_CONSUMER) timestamp=6472 ms, used_size=1335296 bytes (3.3%)
(RDMA_READ_CONSUME_CHECK_CONSUMER) timestamp=6472 ms, used_size=1333248 bytes (3.3%)
(RDMA_READ_CONSUME_CHECK_CONSUMER) timestamp=6472 ms, used_size=1331200 bytes (3.2%)
(RDMA_READ_CONSUME_CHECK_CONSUMER) timestamp=6472 ms, used_size=1329152 bytes (3.2%)
(RDMA_READ_CONSUME_CHECK_CONSUMER) timestamp=6472 ms, used_size=1327104 bytes (3.2%)
(RDMA_READ_CONSUME_CHECK_CONSUMER) timestamp=6472 ms, used_size=1325056 bytes (3.2%)
(RDMA_READ_CONSUME_CHECK_CONSUMER) timestamp=6472 ms, used_size=1323008 bytes (3.2%)
(RDMA_READ_CONSUME_CHECK_CONSUMER) timestamp=6472 ms, used_size=1320960 bytes (3.2%)
(RDMA_READ_CONSUME_CHECK_CONSUMER) timestamp=6472 ms, used_size=1318912 bytes (3.2%)
(RDMA_READ_CONSUME_CHECK_CONSUMER) timestamp=6472 ms, used_size=1316864 bytes (3.2%)
(RDMA_READ_CONSUME_CHECK_CONSUMER) timestamp=6472 ms, used_size=1314816 bytes (3.2%)
(RDMA_READ_CONSUME_CHECK_CONSUMER) timestamp=6472 ms, used_size=1312768 bytes (3.2%)
(RDMA_READ_CONSUME_CHECK_CONSUMER) timestamp=6472 ms, used_size=1310720 bytes (3.2%)
(RDMA_READ_CONSUME_CHECK_CONSUMER) timestamp=6472 ms, used_size=1308672 bytes (3.2%)
(RDMA_READ_CONSUME_CHECK_CONSUMER) timestamp=6472 ms, used_size=1306624 bytes (3.2%)
(RDMA_READ_CONSUME_CHECK_CONSUMER) timestamp=6472 ms, used_size=1304576 bytes (3.2%)
(RDMA_READ_CONSUME_CHECK_CONSUMER) timestamp=6472 ms, used_size=1302528 bytes (3.2%)
(RDMA_READ_CONSUME_CHECK_CONSUMER) timestamp=6472 ms, used_size=1300480 bytes (3.2%)
(RDMA_READ_CONSUME_CHECK_CONSUMER) timestamp=6472 ms, used_size=1298432 bytes (3.2%)
(RDMA_READ_CONSUME_CHECK_CONSUMER) timestamp=6472 ms, used_size=1296384 bytes (3.2%)
(RDMA_READ_CONSUME_CHECK_CONSUMER) timestamp=6472 ms, used_size=1294336 bytes (3.2%)
(RDMA_READ_CONSUME_CHECK_CONSUMER) timestamp=6472 ms, used_size=1292288 bytes (3.2%)
(RDMA_READ_CONSUME_CHECK_CONSUMER) timestamp=6472 ms, used_size=1290240 bytes (3.1%)
(RDMA_READ_CONSUME_CHECK_CONSUMER) timestamp=6472 ms, used_size=1288192 bytes (3.1%)
(RDMA_READ_CONSUME_CHECK_CONSUMER) timestamp=6472 ms, used_size=1286144 bytes (3.1%)
(RDMA_READ_CONSUME_CHECK_CONSUMER) timestamp=6472 ms, used_size=1284096 bytes (3.1%)
(RDMA_READ_CONSUME_CHECK_CONSUMER) timestamp=6472 ms, used_size=1282048 bytes (3.1%)
(RDMA_READ_CONSUME_CHECK_CONSUMER) timestamp=6472 ms, used_size=1280000 bytes (3.1%)
(RDMA_READ_CONSUME_CHECK_CONSUMER) timestamp=6472 ms, used_size=1277952 bytes (3.1%)
(RDMA_READ_CONSUME_CHECK_CONSUMER) timestamp=6472 ms, used_size=1275904 bytes (3.1%)
(RDMA_READ_CONSUME_CHECK_CONSUMER) timestamp=6472 ms, used_size=1273856 bytes (3.1%)
(RDMA_READ_CONSUME_CHECK_CONSUMER) timestamp=6472 ms, used_size=1271808 bytes (3.1%)
(RDMA_READ_CONSUME_CHECK_CONSUMER) timestamp=6472 ms, used_size=1269760 bytes (3.1%)
(RDMA_READ_CONSUME_CHECK_CONSUMER) timestamp=6472 ms, used_size=1267712 bytes (3.1%)
(RDMA_READ_CONSUME_CHECK_CONSUMER) timestamp=6472 ms, used_size=1265664 bytes (3.1%)
(RDMA_READ_CONSUME_CHECK_CONSUMER) timestamp=6472 ms, used_size=1263616 bytes (3.1%)
(RDMA_READ_CONSUME_CHECK_CONSUMER) timestamp=6472 ms, used_size=1261568 bytes (3.1%)
(RDMA_READ_CONSUME_CHECK_CONSUMER) timestamp=6472 ms, used_size=1259520 bytes (3.1%)
(RDMA_READ_CONSUME_CHECK_CONSUMER) timestamp=6472 ms, used_size=1257472 bytes (3.1%)
(RDMA_READ_CONSUME_CHECK_CONSUMER) timestamp=6472 ms, used_size=1255424 bytes (3.1%)
(RDMA_READ_CONSUME_CHECK_CONSUMER) timestamp=6472 ms, used_size=1253376 bytes (3.1%)
(RDMA_READ_CONSUME_CHECK_CONSUMER) timestamp=6472 ms, used_size=1251328 bytes (3.1%)
(RDMA_READ_CONSUME_CHECK_CONSUMER) timestamp=6472 ms, used_size=1249280 bytes (3.0%)
(RDMA_READ_CONSUME_CHECK_CONSUMER) timestamp=6472 ms, used_size=1247232 bytes (3.0%)
(RDMA_READ_CONSUME_CHECK_CONSUMER) timestamp=6472 ms, used_size=1245184 bytes (3.0%)
(RDMA_READ_CONSUME_CHECK_CONSUMER) timestamp=6472 ms, used_size=1243136 bytes (3.0%)
(RDMA_READ_CONSUME_CHECK_CONSUMER) timestamp=6472 ms, used_size=1241088 bytes (3.0%)
(RDMA_READ_CONSUME_CHECK_CONSUMER) timestamp=6472 ms, used_size=1239040 bytes (3.0%)
(RDMA_READ_CONSUME_CHECK_CONSUMER) timestamp=6472 ms, used_size=1236992 bytes (3.0%)
(RDMA_READ_CONSUME_CHECK_CONSUMER) timestamp=6472 ms, used_size=1234944 bytes (3.0%)
(RDMA_READ_CONSUME_CHECK_CONSUMER) timestamp=6472 ms, used_size=1232896 bytes (3.0%)
(RDMA_READ_CONSUME_CHECK_CONSUMER) timestamp=6472 ms, used_size=1230848 bytes (3.0%)
(RDMA_READ_CONSUME_CHECK_CONSUMER) timestamp=6472 ms, used_size=1228800 bytes (3.0%)
(RDMA_READ_CONSUME_CHECK_CONSUMER) timestamp=6472 ms, used_size=1226752 bytes (3.0%)
(RDMA_READ_CONSUME_CHECK_CONSUMER) timestamp=6472 ms, used_size=1224704 bytes (3.0%)
(RDMA_READ_CONSUME_CHECK_CONSUMER) timestamp=6472 ms, used_size=1222656 bytes (3.0%)
(RDMA_READ_CONSUME_CHECK_CONSUMER) timestamp=6472 ms, used_size=1220608 bytes (3.0%)
(RDMA_READ_CONSUME_CHECK_CONSUMER) timestamp=6472 ms, used_size=1218560 bytes (3.0%)
(RDMA_READ_CONSUME_CHECK_CONSUMER) timestamp=6472 ms, used_size=1216512 bytes (3.0%)
(RDMA_READ_CONSUME_CHECK_CONSUMER) timestamp=6472 ms, used_size=1214464 bytes (3.0%)
(RDMA_READ_CONSUME_CHECK_CONSUMER) timestamp=6472 ms, used_size=1212416 bytes (3.0%)
(RDMA_READ_CONSUME_CHECK_CONSUMER) timestamp=6472 ms, used_size=1210368 bytes (3.0%)
(RDMA_READ_CONSUME_CHECK_CONSUMER) timestamp=6472 ms, used_size=1208320 bytes (3.0%)
(RDMA_READ_CONSUME_CHECK_CONSUMER) timestamp=6472 ms, used_size=1206272 bytes (2.9%)
(RDMA_READ_CONSUME_CHECK_CONSUMER) timestamp=6472 ms, used_size=1204224 bytes (2.9%)
(RDMA_READ_CONSUME_CHECK_CONSUMER) timestamp=6472 ms, used_size=1202176 bytes (2.9%)
(RDMA_READ_CONSUME_CHECK_CONSUMER) timestamp=6472 ms, used_size=1200128 bytes (2.9%)
(RDMA_READ_CONSUME_CHECK_CONSUMER) timestamp=6472 ms, used_size=1198080 bytes (2.9%)
(RDMA_READ_CONSUME_CHECK_CONSUMER) timestamp=6472 ms, used_size=1196032 bytes (2.9%)
(RDMA_READ_CONSUME_CHECK_CONSUMER) timestamp=6472 ms, used_size=1193984 bytes (2.9%)
(RDMA_READ_CONSUME_CHECK_CONSUMER) timestamp=6472 ms, used_size=1191936 bytes (2.9%)
(RDMA_READ_CONSUME_CHECK_CONSUMER) timestamp=6472 ms, used_size=1189888 bytes (2.9%)
(RDMA_READ_CONSUME_CHECK_CONSUMER) timestamp=6472 ms, used_size=1187840 bytes (2.9%)
(RDMA_READ_CONSUME_CHECK_CONSUMER) timestamp=6472 ms, used_size=1185792 bytes (2.9%)
(RDMA_READ_CONSUME_CHECK_CONSUMER) timestamp=6472 ms, used_size=1183744 bytes (2.9%)
(RDMA_READ_CONSUME_CHECK_CONSUMER) timestamp=6472 ms, used_size=1181696 bytes (2.9%)
(RDMA_READ_CONSUME_CHECK_CONSUMER) timestamp=6472 ms, used_size=1179648 bytes (2.9%)
(RDMA_READ_CONSUME_CHECK_CONSUMER) timestamp=6472 ms, used_size=1177600 bytes (2.9%)
(RDMA_READ_CONSUME_CHECK_CONSUMER) timestamp=6472 ms, used_size=1175552 bytes (2.9%)
(RDMA_READ_CONSUME_CHECK_CONSUMER) timestamp=6472 ms, used_size=1173504 bytes (2.9%)
(RDMA_READ_CONSUME_CHECK_CONSUMER) timestamp=6472 ms, used_size=1171456 bytes (2.9%)
(RDMA_READ_CONSUME_CHECK_CONSUMER) timestamp=6472 ms, used_size=1169408 bytes (2.9%)
(RDMA_READ_CONSUME_CHECK_CONSUMER) timestamp=6472 ms, used_size=1167360 bytes (2.9%)
(RDMA_READ_CONSUME_CHECK_CONSUMER) timestamp=6472 ms, used_size=1165312 bytes (2.8%)
(RDMA_READ_CONSUME_CHECK_CONSUMER) timestamp=6472 ms, used_size=1163264 bytes (2.8%)
(RDMA_READ_CONSUME_CHECK_CONSUMER) timestamp=6472 ms, used_size=1161216 bytes (2.8%)
(RDMA_READ_CONSUME_CHECK_CONSUMER) timestamp=6472 ms, used_size=1159168 bytes (2.8%)
(RDMA_READ_CONSUME_CHECK_CONSUMER) timestamp=6472 ms, used_size=1157120 bytes (2.8%)
(RDMA_READ_CONSUME_CHECK_CONSUMER) timestamp=6472 ms, used_size=1155072 bytes (2.8%)
(RDMA_READ_CONSUME_CHECK_CONSUMER) timestamp=6472 ms, used_size=1153024 bytes (2.8%)
(RDMA_READ_CONSUME_CHECK_CONSUMER) timestamp=6472 ms, used_size=1150976 bytes (2.8%)
(RDMA_READ_CONSUME_CHECK_CONSUMER) timestamp=6472 ms, used_size=1148928 bytes (2.8%)
(RDMA_READ_CONSUME_CHECK_CONSUMER) timestamp=6472 ms, used_size=1146880 bytes (2.8%)
(RDMA_READ_CONSUME_CHECK_CONSUMER) timestamp=6472 ms, used_size=1144832 bytes (2.8%)
(RDMA_READ_CONSUME_CHECK_CONSUMER) timestamp=6472 ms, used_size=1142784 bytes (2.8%)
(RDMA_READ_CONSUME_CHECK_CONSUMER) timestamp=6472 ms, used_size=1140736 bytes (2.8%)
(RDMA_READ_CONSUME_CHECK_CONSUMER) timestamp=6472 ms, used_size=1138688 bytes (2.8%)
(RDMA_READ_CONSUME_CHECK_CONSUMER) timestamp=6472 ms, used_size=1136640 bytes (2.8%)
(RDMA_READ_CONSUME_CHECK_CONSUMER) timestamp=6472 ms, used_size=1134592 bytes (2.8%)
(RDMA_READ_CONSUME_CHECK_CONSUMER) timestamp=6472 ms, used_size=1132544 bytes (2.8%)
(RDMA_READ_CONSUME_CHECK_CONSUMER) timestamp=6473 ms, used_size=1130496 bytes (2.8%)
(RDMA_READ_CONSUME_CHECK_CONSUMER) timestamp=6473 ms, used_size=1128448 bytes (2.8%)
(RDMA_READ_CONSUME_CHECK_CONSUMER) timestamp=6473 ms, used_size=1126400 bytes (2.8%)
(RDMA_READ_CONSUME_CHECK_CONSUMER) timestamp=6473 ms, used_size=1124352 bytes (2.7%)
(RDMA_READ_CONSUME_CHECK_CONSUMER) timestamp=6473 ms, used_size=1122304 bytes (2.7%)
(RDMA_READ_CONSUME_CHECK_CONSUMER) timestamp=6473 ms, used_size=1120256 bytes (2.7%)
(RDMA_READ_CONSUME_CHECK_CONSUMER) timestamp=6473 ms, used_size=1118208 bytes (2.7%)
(RDMA_READ_CONSUME_CHECK_CONSUMER) timestamp=6473 ms, used_size=1116160 bytes (2.7%)
(RDMA_READ_CONSUME_CHECK_CONSUMER) timestamp=6473 ms, used_size=1114112 bytes (2.7%)
(RDMA_READ_CONSUME_CHECK_CONSUMER) timestamp=6473 ms, used_size=1112064 bytes (2.7%)
(RDMA_READ_CONSUME_CHECK_CONSUMER) timestamp=6473 ms, used_size=1110016 bytes (2.7%)
(RDMA_READ_CONSUME_CHECK_CONSUMER) timestamp=6473 ms, used_size=1107968 bytes (2.7%)
(RDMA_READ_CONSUME_CHECK_CONSUMER) timestamp=6473 ms, used_size=1105920 bytes (2.7%)
(RDMA_READ_CONSUME_CHECK_CONSUMER) timestamp=6473 ms, used_size=1103872 bytes (2.7%)
(RDMA_READ_CONSUME_CHECK_CONSUMER) timestamp=6473 ms, used_size=1101824 bytes (2.7%)
(RDMA_READ_CONSUME_CHECK_CONSUMER) timestamp=6473 ms, used_size=1099776 bytes (2.7%)
(RDMA_READ_CONSUME_CHECK_CONSUMER) timestamp=6473 ms, used_size=1097728 bytes (2.7%)
(RDMA_READ_CONSUME_CHECK_CONSUMER) timestamp=6473 ms, used_size=1095680 bytes (2.7%)
(RDMA_READ_CONSUME_CHECK_CONSUMER) timestamp=6473 ms, used_size=1093632 bytes (2.7%)
(RDMA_READ_CONSUME_CHECK_CONSUMER) timestamp=6473 ms, used_size=1091584 bytes (2.7%)
(RDMA_READ_CONSUME_CHECK_CONSUMER) timestamp=6473 ms, used_size=1089536 bytes (2.7%)
(RDMA_READ_CONSUME_CHECK_CONSUMER) timestamp=6473 ms, used_size=1087488 bytes (2.7%)
(RDMA_READ_CONSUME_CHECK_CONSUMER) timestamp=6473 ms, used_size=1085440 bytes (2.6%)
(RDMA_READ_CONSUME_CHECK_CONSUMER) timestamp=6473 ms, used_size=1083392 bytes (2.6%)
(RDMA_READ_CONSUME_CHECK_CONSUMER) timestamp=6473 ms, used_size=1081344 bytes (2.6%)
(RDMA_READ_CONSUME_CHECK_CONSUMER) timestamp=6473 ms, used_size=1079296 bytes (2.6%)
(RDMA_READ_CONSUME_CHECK_CONSUMER) timestamp=6473 ms, used_size=1077248 bytes (2.6%)
(RDMA_READ_CONSUME_CHECK_CONSUMER) timestamp=6473 ms, used_size=1075200 bytes (2.6%)
(RDMA_READ_CONSUME_CHECK_CONSUMER) timestamp=6473 ms, used_size=1073152 bytes (2.6%)
(RDMA_READ_CONSUME_CHECK_CONSUMER) timestamp=6473 ms, used_size=1071104 bytes (2.6%)
(RDMA_READ_CONSUME_CHECK_CONSUMER) timestamp=6473 ms, used_size=1069056 bytes (2.6%)
(RDMA_READ_CONSUME_CHECK_CONSUMER) timestamp=6473 ms, used_size=1067008 bytes (2.6%)
(RDMA_READ_CONSUME_CHECK_CONSUMER) timestamp=6473 ms, used_size=1064960 bytes (2.6%)
(RDMA_READ_CONSUME_CHECK_CONSUMER) timestamp=6473 ms, used_size=1062912 bytes (2.6%)
(RDMA_READ_CONSUME_CHECK_CONSUMER) timestamp=6473 ms, used_size=1060864 bytes (2.6%)
(RDMA_READ_CONSUME_CHECK_CONSUMER) timestamp=6473 ms, used_size=1058816 bytes (2.6%)
(RDMA_READ_CONSUME_CHECK_CONSUMER) timestamp=6473 ms, used_size=1056768 bytes (2.6%)
(RDMA_READ_CONSUME_CHECK_CONSUMER) timestamp=6473 ms, used_size=1054720 bytes (2.6%)
(RDMA_READ_CONSUME_CHECK_CONSUMER) timestamp=6473 ms, used_size=1052672 bytes (2.6%)
(RDMA_READ_CONSUME_CHECK_CONSUMER) timestamp=6473 ms, used_size=1050624 bytes (2.6%)
(RDMA_READ_CONSUME_CHECK_CONSUMER) timestamp=6473 ms, used_size=1048576 bytes (2.6%)
(RDMA_READ_CONSUME_CHECK_CONSUMER) timestamp=6473 ms, used_size=1046528 bytes (2.6%)
(RDMA_READ_CONSUME_CHECK_CONSUMER) timestamp=6473 ms, used_size=1044480 bytes (2.5%)
(RDMA_READ_CONSUME_CHECK_CONSUMER) timestamp=6473 ms, used_size=1042432 bytes (2.5%)
(RDMA_READ_CONSUME_CHECK_CONSUMER) timestamp=6473 ms, used_size=1040384 bytes (2.5%)
(RDMA_READ_CONSUME_CHECK_CONSUMER) timestamp=6473 ms, used_size=1038336 bytes (2.5%)
(RDMA_READ_CONSUME_CHECK_CONSUMER) timestamp=6473 ms, used_size=1036288 bytes (2.5%)
(RDMA_READ_CONSUME_CHECK_CONSUMER) timestamp=6473 ms, used_size=1034240 bytes (2.5%)
(RDMA_READ_CONSUME_CHECK_CONSUMER) timestamp=6473 ms, used_size=1032192 bytes (2.5%)
(RDMA_READ_CONSUME_CHECK_CONSUMER) timestamp=6473 ms, used_size=1030144 bytes (2.5%)
(RDMA_READ_CONSUME_CHECK_CONSUMER) timestamp=6473 ms, used_size=1028096 bytes (2.5%)
(RDMA_READ_CONSUME_CHECK_CONSUMER) timestamp=6473 ms, used_size=1026048 bytes (2.5%)
(RDMA_READ_CONSUME_CHECK_CONSUMER) timestamp=6473 ms, used_size=1024000 bytes (2.5%)
(RDMA_READ_CONSUME_CHECK_CONSUMER) timestamp=6473 ms, used_size=1021952 bytes (2.5%)
(RDMA_READ_CONSUME_CHECK_CONSUMER) timestamp=6473 ms, used_size=1019904 bytes (2.5%)
(RDMA_READ_CONSUME_CHECK_CONSUMER) timestamp=6473 ms, used_size=1017856 bytes (2.5%)
(RDMA_READ_CONSUME_CHECK_CONSUMER) timestamp=6473 ms, used_size=1015808 bytes (2.5%)
(RDMA_READ_CONSUME_CHECK_CONSUMER) timestamp=6473 ms, used_size=1013760 bytes (2.5%)
(RDMA_READ_CONSUME_CHECK_CONSUMER) timestamp=6473 ms, used_size=1011712 bytes (2.5%)
(RDMA_READ_CONSUME_CHECK_CONSUMER) timestamp=6473 ms, used_size=1009664 bytes (2.5%)
(RDMA_READ_CONSUME_CHECK_CONSUMER) timestamp=6473 ms, used_size=1007616 bytes (2.5%)
(RDMA_READ_CONSUME_CHECK_CONSUMER) timestamp=6473 ms, used_size=1005568 bytes (2.5%)
(RDMA_READ_CONSUME_CHECK_CONSUMER) timestamp=6473 ms, used_size=1003520 bytes (2.5%)
(RDMA_READ_CONSUME_CHECK_CONSUMER) timestamp=6473 ms, used_size=1001472 bytes (2.4%)
(RDMA_READ_CONSUME_CHECK_CONSUMER) timestamp=6473 ms, used_size=999424 bytes (2.4%)
(RDMA_READ_CONSUME_CHECK_CONSUMER) timestamp=6473 ms, used_size=997376 bytes (2.4%)
(RDMA_READ_CONSUME_CHECK_CONSUMER) timestamp=6473 ms, used_size=995328 bytes (2.4%)
(RDMA_READ_CONSUME_CHECK_CONSUMER) timestamp=6473 ms, used_size=993280 bytes (2.4%)
(RDMA_READ_CONSUME_CHECK_CONSUMER) timestamp=6473 ms, used_size=991232 bytes (2.4%)
(RDMA_READ_CONSUME_CHECK_CONSUMER) timestamp=6473 ms, used_size=989184 bytes (2.4%)
(RDMA_READ_CONSUME_CHECK_CONSUMER) timestamp=6473 ms, used_size=987136 bytes (2.4%)
(RDMA_READ_CONSUME_CHECK_CONSUMER) timestamp=6473 ms, used_size=985088 bytes (2.4%)
(RDMA_READ_CONSUME_CHECK_CONSUMER) timestamp=6473 ms, used_size=983040 bytes (2.4%)
(RDMA_READ_CONSUME_CHECK_CONSUMER) timestamp=6473 ms, used_size=980992 bytes (2.4%)
(RDMA_READ_CONSUME_CHECK_CONSUMER) timestamp=6473 ms, used_size=978944 bytes (2.4%)
(RDMA_READ_CONSUME_CHECK_CONSUMER) timestamp=6473 ms, used_size=976896 bytes (2.4%)
(RDMA_READ_CONSUME_CHECK_CONSUMER) timestamp=6473 ms, used_size=974848 bytes (2.4%)
(RDMA_READ_CONSUME_CHECK_CONSUMER) timestamp=6473 ms, used_size=972800 bytes (2.4%)
(RDMA_READ_CONSUME_CHECK_CONSUMER) timestamp=6473 ms, used_size=970752 bytes (2.4%)
(RDMA_READ_CONSUME_CHECK_CONSUMER) timestamp=6473 ms, used_size=968704 bytes (2.4%)
(RDMA_READ_CONSUME_CHECK_CONSUMER) timestamp=6473 ms, used_size=966656 bytes (2.4%)
(RDMA_READ_CONSUME_CHECK_CONSUMER) timestamp=6473 ms, used_size=964608 bytes (2.4%)
(RDMA_READ_CONSUME_CHECK_CONSUMER) timestamp=6473 ms, used_size=962560 bytes (2.4%)
(RDMA_READ_CONSUME_CHECK_CONSUMER) timestamp=6473 ms, used_size=960512 bytes (2.3%)
(RDMA_READ_CONSUME_CHECK_CONSUMER) timestamp=6473 ms, used_size=958464 bytes (2.3%)
(RDMA_READ_CONSUME_CHECK_CONSUMER) timestamp=6473 ms, used_size=956416 bytes (2.3%)
(RDMA_READ_CONSUME_CHECK_CONSUMER) timestamp=6473 ms, used_size=954368 bytes (2.3%)
(RDMA_READ_CONSUME_CHECK_CONSUMER) timestamp=6473 ms, used_size=952320 bytes (2.3%)
(RDMA_READ_CONSUME_CHECK_CONSUMER) timestamp=6473 ms, used_size=950272 bytes (2.3%)
(RDMA_READ_CONSUME_CHECK_CONSUMER) timestamp=6473 ms, used_size=948224 bytes (2.3%)
(RDMA_READ_CONSUME_CHECK_CONSUMER) timestamp=6473 ms, used_size=946176 bytes (2.3%)
(RDMA_READ_CONSUME_CHECK_CONSUMER) timestamp=6473 ms, used_size=944128 bytes (2.3%)
(RDMA_READ_CONSUME_CHECK_CONSUMER) timestamp=6473 ms, used_size=942080 bytes (2.3%)
(RDMA_READ_CONSUME_CHECK_CONSUMER) timestamp=6473 ms, used_size=940032 bytes (2.3%)
(RDMA_READ_CONSUME_CHECK_CONSUMER) timestamp=6473 ms, used_size=937984 bytes (2.3%)
(RDMA_READ_CONSUME_CHECK_CONSUMER) timestamp=6473 ms, used_size=935936 bytes (2.3%)
(RDMA_READ_CONSUME_CHECK_CONSUMER) timestamp=6473 ms, used_size=933888 bytes (2.3%)
(RDMA_READ_CONSUME_CHECK_CONSUMER) timestamp=6473 ms, used_size=931840 bytes (2.3%)
(RDMA_READ_CONSUME_CHECK_CONSUMER) timestamp=6473 ms, used_size=929792 bytes (2.3%)
(RDMA_READ_CONSUME_CHECK_CONSUMER) timestamp=6473 ms, used_size=927744 bytes (2.3%)
(RDMA_READ_CONSUME_CHECK_CONSUMER) timestamp=6473 ms, used_size=925696 bytes (2.3%)
(RDMA_READ_CONSUME_CHECK_CONSUMER) timestamp=6473 ms, used_size=923648 bytes (2.3%)
(RDMA_READ_CONSUME_CHECK_CONSUMER) timestamp=6473 ms, used_size=921600 bytes (2.2%)
(RDMA_READ_CONSUME_CHECK_CONSUMER) timestamp=6473 ms, used_size=919552 bytes (2.2%)
(RDMA_READ_CONSUME_CHECK_CONSUMER) timestamp=6473 ms, used_size=917504 bytes (2.2%)
(RDMA_READ_CONSUME_CHECK_CONSUMER) timestamp=6473 ms, used_size=915456 bytes (2.2%)
(RDMA_READ_CONSUME_CHECK_CONSUMER) timestamp=6473 ms, used_size=913408 bytes (2.2%)
(RDMA_READ_CONSUME_CHECK_CONSUMER) timestamp=6473 ms, used_size=911360 bytes (2.2%)
(RDMA_READ_CONSUME_CHECK_CONSUMER) timestamp=6473 ms, used_size=909312 bytes (2.2%)
(RDMA_READ_CONSUME_CHECK_CONSUMER) timestamp=6473 ms, used_size=907264 bytes (2.2%)
(RDMA_READ_CONSUME_CHECK_CONSUMER) timestamp=6473 ms, used_size=905216 bytes (2.2%)
(RDMA_READ_CONSUME_CHECK_CONSUMER) timestamp=6473 ms, used_size=903168 bytes (2.2%)
(RDMA_READ_CONSUME_CHECK_CONSUMER) timestamp=6473 ms, used_size=901120 bytes (2.2%)
(RDMA_READ_CONSUME_CHECK_CONSUMER) timestamp=6473 ms, used_size=899072 bytes (2.2%)
(RDMA_READ_CONSUME_CHECK_CONSUMER) timestamp=6473 ms, used_size=897024 bytes (2.2%)
(RDMA_READ_CONSUME_CHECK_CONSUMER) timestamp=6473 ms, used_size=894976 bytes (2.2%)
(RDMA_READ_CONSUME_CHECK_CONSUMER) timestamp=6473 ms, used_size=892928 bytes (2.2%)
(RDMA_READ_CONSUME_CHECK_CONSUMER) timestamp=6473 ms, used_size=890880 bytes (2.2%)
(RDMA_READ_CONSUME_CHECK_CONSUMER) timestamp=6473 ms, used_size=888832 bytes (2.2%)
(RDMA_READ_CONSUME_CHECK_CONSUMER) timestamp=6473 ms, used_size=886784 bytes (2.2%)
(RDMA_READ_CONSUME_CHECK_CONSUMER) timestamp=6473 ms, used_size=884736 bytes (2.2%)
(RDMA_READ_CONSUME_CHECK_CONSUMER) timestamp=6473 ms, used_size=882688 bytes (2.2%)
(RDMA_READ_CONSUME_CHECK_CONSUMER) timestamp=6473 ms, used_size=880640 bytes (2.1%)
(RDMA_READ_CONSUME_CHECK_CONSUMER) timestamp=6473 ms, used_size=878592 bytes (2.1%)
(RDMA_READ_CONSUME_CHECK_CONSUMER) timestamp=6473 ms, used_size=876544 bytes (2.1%)
(RDMA_READ_CONSUME_CHECK_CONSUMER) timestamp=6473 ms, used_size=874496 bytes (2.1%)
(RDMA_READ_CONSUME_CHECK_CONSUMER) timestamp=6473 ms, used_size=872448 bytes (2.1%)
(RDMA_READ_CONSUME_CHECK_CONSUMER) timestamp=6473 ms, used_size=870400 bytes (2.1%)
(RDMA_READ_CONSUME_CHECK_CONSUMER) timestamp=6473 ms, used_size=868352 bytes (2.1%)
(RDMA_READ_CONSUME_CHECK_CONSUMER) timestamp=6473 ms, used_size=866304 bytes (2.1%)
(RDMA_READ_CONSUME_CHECK_CONSUMER) timestamp=6473 ms, used_size=864256 bytes (2.1%)
(RDMA_READ_CONSUME_CHECK_CONSUMER) timestamp=6473 ms, used_size=862208 bytes (2.1%)
(RDMA_READ_CONSUME_CHECK_CONSUMER) timestamp=6473 ms, used_size=860160 bytes (2.1%)
(RDMA_READ_CONSUME_CHECK_CONSUMER) timestamp=6473 ms, used_size=858112 bytes (2.1%)
(RDMA_READ_CONSUME_CHECK_CONSUMER) timestamp=6473 ms, used_size=856064 bytes (2.1%)
(RDMA_READ_CONSUME_CHECK_CONSUMER) timestamp=6473 ms, used_size=854016 bytes (2.1%)
(RDMA_READ_CONSUME_CHECK_CONSUMER) timestamp=6473 ms, used_size=851968 bytes (2.1%)
(RDMA_READ_CONSUME_CHECK_CONSUMER) timestamp=6473 ms, used_size=849920 bytes (2.1%)
(RDMA_READ_CONSUME_CHECK_CONSUMER) timestamp=6473 ms, used_size=847872 bytes (2.1%)
(RDMA_READ_CONSUME_CHECK_CONSUMER) timestamp=6473 ms, used_size=845824 bytes (2.1%)
(RDMA_READ_CONSUME_CHECK_CONSUMER) timestamp=6473 ms, used_size=843776 bytes (2.1%)
(RDMA_READ_CONSUME_CHECK_CONSUMER) timestamp=6473 ms, used_size=841728 bytes (2.1%)
(RDMA_READ_CONSUME_CHECK_CONSUMER) timestamp=6473 ms, used_size=839680 bytes (2.0%)
(RDMA_READ_CONSUME_CHECK_CONSUMER) timestamp=6473 ms, used_size=837632 bytes (2.0%)
(RDMA_READ_CONSUME_CHECK_CONSUMER) timestamp=6473 ms, used_size=835584 bytes (2.0%)
(RDMA_READ_CONSUME_CHECK_CONSUMER) timestamp=6473 ms, used_size=833536 bytes (2.0%)
(RDMA_READ_CONSUME_CHECK_CONSUMER) timestamp=6473 ms, used_size=831488 bytes (2.0%)
(RDMA_READ_CONSUME_CHECK_CONSUMER) timestamp=6473 ms, used_size=829440 bytes (2.0%)
(RDMA_READ_CONSUME_CHECK_CONSUMER) timestamp=6473 ms, used_size=827392 bytes (2.0%)
(RDMA_READ_CONSUME_CHECK_CONSUMER) timestamp=6473 ms, used_size=825344 bytes (2.0%)
(RDMA_READ_CONSUME_CHECK_CONSUMER) timestamp=6473 ms, used_size=823296 bytes (2.0%)
(RDMA_READ_CONSUME_CHECK_CONSUMER) timestamp=6473 ms, used_size=821248 bytes (2.0%)
(RDMA_READ_CONSUME_CHECK_CONSUMER) timestamp=6473 ms, used_size=819200 bytes (2.0%)
(RDMA_READ_CONSUME_CHECK_CONSUMER) timestamp=6473 ms, used_size=817152 bytes (2.0%)
(RDMA_READ_CONSUME_CHECK_CONSUMER) timestamp=6473 ms, used_size=815104 bytes (2.0%)
(RDMA_READ_CONSUME_CHECK_CONSUMER) timestamp=6473 ms, used_size=813056 bytes (2.0%)
(RDMA_READ_CONSUME_CHECK_CONSUMER) timestamp=6473 ms, used_size=811008 bytes (2.0%)
(RDMA_READ_CONSUME_CHECK_CONSUMER) timestamp=6473 ms, used_size=808960 bytes (2.0%)
(RDMA_READ_CONSUME_CHECK_CONSUMER) timestamp=6473 ms, used_size=806912 bytes (2.0%)
(RDMA_READ_CONSUME_CHECK_CONSUMER) timestamp=6473 ms, used_size=804864 bytes (2.0%)
(RDMA_READ_CONSUME_CHECK_CONSUMER) timestamp=6473 ms, used_size=802816 bytes (2.0%)
(RDMA_READ_CONSUME_CHECK_CONSUMER) timestamp=6473 ms, used_size=800768 bytes (2.0%)
(RDMA_READ_CONSUME_CHECK_CONSUMER) timestamp=6473 ms, used_size=798720 bytes (1.9%)
(RDMA_READ_CONSUME_CHECK_CONSUMER) timestamp=6473 ms, used_size=796672 bytes (1.9%)
(RDMA_READ_CONSUME_CHECK_CONSUMER) timestamp=6473 ms, used_size=794624 bytes (1.9%)
(RDMA_READ_CONSUME_CHECK_CONSUMER) timestamp=6473 ms, used_size=792576 bytes (1.9%)
(RDMA_READ_CONSUME_CHECK_CONSUMER) timestamp=6473 ms, used_size=790528 bytes (1.9%)
(RDMA_READ_CONSUME_CHECK_CONSUMER) timestamp=6473 ms, used_size=788480 bytes (1.9%)
(RDMA_READ_CONSUME_CHECK_CONSUMER) timestamp=6473 ms, used_size=786432 bytes (1.9%)
(RDMA_READ_CONSUME_CHECK_CONSUMER) timestamp=6473 ms, used_size=784384 bytes (1.9%)
(RDMA_READ_CONSUME_CHECK_CONSUMER) timestamp=6473 ms, used_size=782336 bytes (1.9%)
(RDMA_READ_CONSUME_CHECK_CONSUMER) timestamp=6473 ms, used_size=780288 bytes (1.9%)
(RDMA_READ_CONSUME_CHECK_CONSUMER) timestamp=6473 ms, used_size=778240 bytes (1.9%)
(RDMA_READ_CONSUME_CHECK_CONSUMER) timestamp=6473 ms, used_size=776192 bytes (1.9%)
(RDMA_READ_CONSUME_CHECK_CONSUMER) timestamp=6473 ms, used_size=774144 bytes (1.9%)
(RDMA_READ_CONSUME_CHECK_CONSUMER) timestamp=6473 ms, used_size=772096 bytes (1.9%)
(RDMA_READ_CONSUME_CHECK_CONSUMER) timestamp=6473 ms, used_size=770048 bytes (1.9%)
(RDMA_READ_CONSUME_CHECK_CONSUMER) timestamp=6473 ms, used_size=768000 bytes (1.9%)
(RDMA_READ_CONSUME_CHECK_CONSUMER) timestamp=6473 ms, used_size=765952 bytes (1.9%)
(RDMA_READ_CONSUME_CHECK_CONSUMER) timestamp=6473 ms, used_size=763904 bytes (1.9%)
(RDMA_READ_CONSUME_CHECK_CONSUMER) timestamp=6473 ms, used_size=761856 bytes (1.9%)
(RDMA_READ_CONSUME_CHECK_CONSUMER) timestamp=6474 ms, used_size=759808 bytes (1.9%)
(RDMA_READ_CONSUME_CHECK_CONSUMER) timestamp=6474 ms, used_size=757760 bytes (1.9%)
(RDMA_READ_CONSUME_CHECK_CONSUMER) timestamp=6474 ms, used_size=755712 bytes (1.8%)
(RDMA_READ_CONSUME_CHECK_CONSUMER) timestamp=6474 ms, used_size=753664 bytes (1.8%)
(RDMA_READ_CONSUME_CHECK_CONSUMER) timestamp=6474 ms, used_size=751616 bytes (1.8%)
(RDMA_READ_CONSUME_CHECK_CONSUMER) timestamp=6474 ms, used_size=749568 bytes (1.8%)
(RDMA_READ_CONSUME_CHECK_CONSUMER) timestamp=6474 ms, used_size=747520 bytes (1.8%)
(RDMA_READ_CONSUME_CHECK_CONSUMER) timestamp=6474 ms, used_size=745472 bytes (1.8%)
(RDMA_READ_CONSUME_CHECK_CONSUMER) timestamp=6474 ms, used_size=743424 bytes (1.8%)
(RDMA_READ_CONSUME_CHECK_CONSUMER) timestamp=6474 ms, used_size=741376 bytes (1.8%)
(RDMA_READ_CONSUME_CHECK_CONSUMER) timestamp=6474 ms, used_size=739328 bytes (1.8%)
(RDMA_READ_CONSUME_CHECK_CONSUMER) timestamp=6474 ms, used_size=737280 bytes (1.8%)
(RDMA_READ_CONSUME_CHECK_CONSUMER) timestamp=6474 ms, used_size=735232 bytes (1.8%)
(RDMA_READ_CONSUME_CHECK_CONSUMER) timestamp=6474 ms, used_size=733184 bytes (1.8%)
(RDMA_READ_CONSUME_CHECK_CONSUMER) timestamp=6474 ms, used_size=731136 bytes (1.8%)
(RDMA_READ_CONSUME_CHECK_CONSUMER) timestamp=6474 ms, used_size=729088 bytes (1.8%)
(RDMA_READ_CONSUME_CHECK_CONSUMER) timestamp=6474 ms, used_size=727040 bytes (1.8%)
(RDMA_READ_CONSUME_CHECK_CONSUMER) timestamp=6474 ms, used_size=724992 bytes (1.8%)
(RDMA_READ_CONSUME_CHECK_CONSUMER) timestamp=6474 ms, used_size=722944 bytes (1.8%)
(RDMA_READ_CONSUME_CHECK_CONSUMER) timestamp=6474 ms, used_size=720896 bytes (1.8%)
(RDMA_READ_CONSUME_CHECK_CONSUMER) timestamp=6474 ms, used_size=718848 bytes (1.8%)
(RDMA_READ_CONSUME_CHECK_CONSUMER) timestamp=6474 ms, used_size=716800 bytes (1.8%)
(RDMA_READ_CONSUME_CHECK_CONSUMER) timestamp=6474 ms, used_size=714752 bytes (1.7%)
(RDMA_READ_CONSUME_CHECK_CONSUMER) timestamp=6474 ms, used_size=712704 bytes (1.7%)
(RDMA_READ_CONSUME_CHECK_CONSUMER) timestamp=6474 ms, used_size=710656 bytes (1.7%)
(RDMA_READ_CONSUME_CHECK_CONSUMER) timestamp=6474 ms, used_size=708608 bytes (1.7%)
(RDMA_READ_CONSUME_CHECK_CONSUMER) timestamp=6474 ms, used_size=706560 bytes (1.7%)
(RDMA_READ_CONSUME_CHECK_CONSUMER) timestamp=6474 ms, used_size=704512 bytes (1.7%)
(RDMA_READ_CONSUME_CHECK_CONSUMER) timestamp=6474 ms, used_size=702464 bytes (1.7%)
(RDMA_READ_CONSUME_CHECK_CONSUMER) timestamp=6474 ms, used_size=700416 bytes (1.7%)
(RDMA_READ_CONSUME_CHECK_CONSUMER) timestamp=6474 ms, used_size=698368 bytes (1.7%)
(RDMA_READ_CONSUME_CHECK_CONSUMER) timestamp=6474 ms, used_size=696320 bytes (1.7%)
(RDMA_READ_CONSUME_CHECK_CONSUMER) timestamp=6474 ms, used_size=694272 bytes (1.7%)
(RDMA_READ_CONSUME_CHECK_CONSUMER) timestamp=6474 ms, used_size=692224 bytes (1.7%)
(RDMA_READ_CONSUME_CHECK_CONSUMER) timestamp=6474 ms, used_size=690176 bytes (1.7%)
(RDMA_READ_CONSUME_CHECK_CONSUMER) timestamp=6474 ms, used_size=688128 bytes (1.7%)
(RDMA_READ_CONSUME_CHECK_CONSUMER) timestamp=6474 ms, used_size=686080 bytes (1.7%)
(RDMA_READ_CONSUME_CHECK_CONSUMER) timestamp=6474 ms, used_size=684032 bytes (1.7%)
(RDMA_READ_CONSUME_CHECK_CONSUMER) timestamp=6474 ms, used_size=681984 bytes (1.7%)
(RDMA_READ_CONSUME_CHECK_CONSUMER) timestamp=6474 ms, used_size=679936 bytes (1.7%)
(RDMA_READ_CONSUME_CHECK_CONSUMER) timestamp=6474 ms, used_size=677888 bytes (1.7%)
(RDMA_READ_CONSUME_CHECK_CONSUMER) timestamp=6474 ms, used_size=675840 bytes (1.6%)
(RDMA_READ_CONSUME_CHECK_CONSUMER) timestamp=6474 ms, used_size=673792 bytes (1.6%)
(RDMA_READ_CONSUME_CHECK_CONSUMER) timestamp=6474 ms, used_size=671744 bytes (1.6%)
(RDMA_READ_CONSUME_CHECK_CONSUMER) timestamp=6474 ms, used_size=669696 bytes (1.6%)
(RDMA_READ_CONSUME_CHECK_CONSUMER) timestamp=6474 ms, used_size=667648 bytes (1.6%)
(RDMA_READ_CONSUME_CHECK_CONSUMER) timestamp=6474 ms, used_size=665600 bytes (1.6%)
(RDMA_READ_CONSUME_CHECK_CONSUMER) timestamp=6474 ms, used_size=663552 bytes (1.6%)
(RDMA_READ_CONSUME_CHECK_CONSUMER) timestamp=6474 ms, used_size=661504 bytes (1.6%)
(RDMA_READ_CONSUME_CHECK_CONSUMER) timestamp=6474 ms, used_size=659456 bytes (1.6%)
(RDMA_READ_CONSUME_CHECK_CONSUMER) timestamp=6474 ms, used_size=657408 bytes (1.6%)
(RDMA_READ_CONSUME_CHECK_CONSUMER) timestamp=6474 ms, used_size=655360 bytes (1.6%)
(RDMA_READ_CONSUME_CHECK_CONSUMER) timestamp=6474 ms, used_size=653312 bytes (1.6%)
(RDMA_READ_CONSUME_CHECK_CONSUMER) timestamp=6474 ms, used_size=651264 bytes (1.6%)
(RDMA_READ_CONSUME_CHECK_CONSUMER) timestamp=6474 ms, used_size=649216 bytes (1.6%)
(RDMA_READ_CONSUME_CHECK_CONSUMER) timestamp=6474 ms, used_size=647168 bytes (1.6%)
(RDMA_READ_CONSUME_CHECK_CONSUMER) timestamp=6474 ms, used_size=645120 bytes (1.6%)
(RDMA_READ_CONSUME_CHECK_CONSUMER) timestamp=6474 ms, used_size=643072 bytes (1.6%)
(RDMA_READ_CONSUME_CHECK_CONSUMER) timestamp=6474 ms, used_size=641024 bytes (1.6%)
(RDMA_READ_CONSUME_CHECK_CONSUMER) timestamp=6474 ms, used_size=638976 bytes (1.6%)
(RDMA_READ_CONSUME_CHECK_CONSUMER) timestamp=6474 ms, used_size=636928 bytes (1.6%)
(RDMA_READ_CONSUME_CHECK_CONSUMER) timestamp=6474 ms, used_size=634880 bytes (1.6%)
(RDMA_READ_CONSUME_CHECK_CONSUMER) timestamp=6474 ms, used_size=632832 bytes (1.5%)
(RDMA_READ_CONSUME_CHECK_CONSUMER) timestamp=6474 ms, used_size=630784 bytes (1.5%)
(RDMA_READ_CONSUME_CHECK_CONSUMER) timestamp=6474 ms, used_size=628736 bytes (1.5%)
(RDMA_READ_CONSUME_CHECK_CONSUMER) timestamp=6474 ms, used_size=626688 bytes (1.5%)
(RDMA_READ_CONSUME_CHECK_CONSUMER) timestamp=6474 ms, used_size=624640 bytes (1.5%)
(RDMA_READ_CONSUME_CHECK_CONSUMER) timestamp=6474 ms, used_size=622592 bytes (1.5%)
(RDMA_READ_CONSUME_CHECK_CONSUMER) timestamp=6474 ms, used_size=620544 bytes (1.5%)
(RDMA_READ_CONSUME_CHECK_CONSUMER) timestamp=6474 ms, used_size=618496 bytes (1.5%)
(RDMA_READ_CONSUME_CHECK_CONSUMER) timestamp=6474 ms, used_size=616448 bytes (1.5%)
(RDMA_READ_CONSUME_CHECK_CONSUMER) timestamp=6474 ms, used_size=614400 bytes (1.5%)
(RDMA_READ_CONSUME_CHECK_CONSUMER) timestamp=6474 ms, used_size=612352 bytes (1.5%)
(RDMA_READ_CONSUME_CHECK_CONSUMER) timestamp=6474 ms, used_size=610304 bytes (1.5%)
(RDMA_READ_CONSUME_CHECK_CONSUMER) timestamp=6474 ms, used_size=608256 bytes (1.5%)
(RDMA_READ_CONSUME_CHECK_CONSUMER) timestamp=6474 ms, used_size=606208 bytes (1.5%)
(RDMA_READ_CONSUME_CHECK_CONSUMER) timestamp=6474 ms, used_size=604160 bytes (1.5%)
(RDMA_READ_CONSUME_CHECK_CONSUMER) timestamp=6474 ms, used_size=602112 bytes (1.5%)
(RDMA_READ_CONSUME_CHECK_CONSUMER) timestamp=6474 ms, used_size=600064 bytes (1.5%)
(RDMA_READ_CONSUME_CHECK_CONSUMER) timestamp=6474 ms, used_size=598016 bytes (1.5%)
(RDMA_READ_CONSUME_CHECK_CONSUMER) timestamp=6474 ms, used_size=595968 bytes (1.5%)
(RDMA_READ_CONSUME_CHECK_CONSUMER) timestamp=6474 ms, used_size=593920 bytes (1.4%)
(RDMA_READ_CONSUME_CHECK_CONSUMER) timestamp=6474 ms, used_size=591872 bytes (1.4%)
(RDMA_READ_CONSUME_CHECK_CONSUMER) timestamp=6474 ms, used_size=589824 bytes (1.4%)
(RDMA_READ_CONSUME_CHECK_CONSUMER) timestamp=6474 ms, used_size=587776 bytes (1.4%)
(RDMA_READ_CONSUME_CHECK_CONSUMER) timestamp=6474 ms, used_size=585728 bytes (1.4%)
(RDMA_READ_CONSUME_CHECK_CONSUMER) timestamp=6474 ms, used_size=583680 bytes (1.4%)
(RDMA_READ_CONSUME_CHECK_CONSUMER) timestamp=6474 ms, used_size=581632 bytes (1.4%)
(RDMA_READ_CONSUME_CHECK_CONSUMER) timestamp=6474 ms, used_size=579584 bytes (1.4%)
(RDMA_READ_CONSUME_CHECK_CONSUMER) timestamp=6474 ms, used_size=577536 bytes (1.4%)
(RDMA_READ_CONSUME_CHECK_CONSUMER) timestamp=6474 ms, used_size=575488 bytes (1.4%)
(RDMA_READ_CONSUME_CHECK_CONSUMER) timestamp=6474 ms, used_size=573440 bytes (1.4%)
(RDMA_READ_CONSUME_CHECK_CONSUMER) timestamp=6474 ms, used_size=571392 bytes (1.4%)
(RDMA_READ_CONSUME_CHECK_CONSUMER) timestamp=6474 ms, used_size=569344 bytes (1.4%)
(RDMA_READ_CONSUME_CHECK_CONSUMER) timestamp=6474 ms, used_size=567296 bytes (1.4%)
(RDMA_READ_CONSUME_CHECK_CONSUMER) timestamp=6474 ms, used_size=565248 bytes (1.4%)
(RDMA_READ_CONSUME_CHECK_CONSUMER) timestamp=6474 ms, used_size=563200 bytes (1.4%)
(RDMA_READ_CONSUME_CHECK_CONSUMER) timestamp=6474 ms, used_size=561152 bytes (1.4%)
(RDMA_READ_CONSUME_CHECK_CONSUMER) timestamp=6474 ms, used_size=559104 bytes (1.4%)
(RDMA_READ_CONSUME_CHECK_CONSUMER) timestamp=6474 ms, used_size=557056 bytes (1.4%)
(RDMA_READ_CONSUME_CHECK_CONSUMER) timestamp=6474 ms, used_size=555008 bytes (1.4%)
(RDMA_READ_CONSUME_CHECK_CONSUMER) timestamp=6474 ms, used_size=552960 bytes (1.4%)
(RDMA_READ_CONSUME_CHECK_CONSUMER) timestamp=6474 ms, used_size=550912 bytes (1.3%)
(RDMA_READ_CONSUME_CHECK_CONSUMER) timestamp=6474 ms, used_size=548864 bytes (1.3%)
(RDMA_READ_CONSUME_CHECK_CONSUMER) timestamp=6474 ms, used_size=546816 bytes (1.3%)
(RDMA_READ_CONSUME_CHECK_CONSUMER) timestamp=6474 ms, used_size=544768 bytes (1.3%)
(RDMA_READ_CONSUME_CHECK_CONSUMER) timestamp=6474 ms, used_size=542720 bytes (1.3%)
(RDMA_READ_CONSUME_CHECK_CONSUMER) timestamp=6474 ms, used_size=540672 bytes (1.3%)
(RDMA_READ_CONSUME_CHECK_CONSUMER) timestamp=6474 ms, used_size=538624 bytes (1.3%)
(RDMA_READ_CONSUME_CHECK_CONSUMER) timestamp=6474 ms, used_size=536576 bytes (1.3%)
(RDMA_READ_CONSUME_CHECK_CONSUMER) timestamp=6474 ms, used_size=534528 bytes (1.3%)
(RDMA_READ_CONSUME_CHECK_CONSUMER) timestamp=6474 ms, used_size=532480 bytes (1.3%)
(RDMA_READ_CONSUME_CHECK_CONSUMER) timestamp=6474 ms, used_size=530432 bytes (1.3%)
(RDMA_READ_CONSUME_CHECK_CONSUMER) timestamp=6474 ms, used_size=528384 bytes (1.3%)
(RDMA_READ_CONSUME_CHECK_CONSUMER) timestamp=6474 ms, used_size=526336 bytes (1.3%)
(RDMA_READ_CONSUME_CHECK_CONSUMER) timestamp=6474 ms, used_size=524288 bytes (1.3%)
(RDMA_READ_CONSUME_CHECK_CONSUMER) timestamp=6474 ms, used_size=522240 bytes (1.3%)
(RDMA_READ_CONSUME_CHECK_CONSUMER) timestamp=6474 ms, used_size=520192 bytes (1.3%)
(RDMA_READ_CONSUME_CHECK_CONSUMER) timestamp=6474 ms, used_size=518144 bytes (1.3%)
(RDMA_READ_CONSUME_CHECK_CONSUMER) timestamp=6474 ms, used_size=516096 bytes (1.3%)
(RDMA_READ_CONSUME_CHECK_CONSUMER) timestamp=6474 ms, used_size=514048 bytes (1.3%)
(RDMA_READ_CONSUME_CHECK_CONSUMER) timestamp=6474 ms, used_size=512000 bytes (1.2%)
(RDMA_READ_CONSUME_CHECK_CONSUMER) timestamp=6474 ms, used_size=509952 bytes (1.2%)
(RDMA_READ_CONSUME_CHECK_CONSUMER) timestamp=6474 ms, used_size=507904 bytes (1.2%)
(RDMA_READ_CONSUME_CHECK_CONSUMER) timestamp=6474 ms, used_size=505856 bytes (1.2%)
(RDMA_READ_CONSUME_CHECK_CONSUMER) timestamp=6474 ms, used_size=503808 bytes (1.2%)
(RDMA_READ_CONSUME_CHECK_CONSUMER) timestamp=6474 ms, used_size=501760 bytes (1.2%)
(RDMA_READ_CONSUME_CHECK_CONSUMER) timestamp=6474 ms, used_size=499712 bytes (1.2%)
(RDMA_READ_CONSUME_CHECK_CONSUMER) timestamp=6474 ms, used_size=497664 bytes (1.2%)
(RDMA_READ_CONSUME_CHECK_CONSUMER) timestamp=6474 ms, used_size=495616 bytes (1.2%)
(RDMA_READ_CONSUME_CHECK_CONSUMER) timestamp=6474 ms, used_size=493568 bytes (1.2%)
(RDMA_READ_CONSUME_CHECK_CONSUMER) timestamp=6474 ms, used_size=491520 bytes (1.2%)
(RDMA_READ_CONSUME_CHECK_CONSUMER) timestamp=6474 ms, used_size=489472 bytes (1.2%)
(RDMA_READ_CONSUME_CHECK_CONSUMER) timestamp=6474 ms, used_size=487424 bytes (1.2%)
(RDMA_READ_CONSUME_CHECK_CONSUMER) timestamp=6474 ms, used_size=485376 bytes (1.2%)
(RDMA_READ_CONSUME_CHECK_CONSUMER) timestamp=6474 ms, used_size=483328 bytes (1.2%)
(RDMA_READ_CONSUME_CHECK_CONSUMER) timestamp=6474 ms, used_size=481280 bytes (1.2%)
(RDMA_READ_CONSUME_CHECK_CONSUMER) timestamp=6474 ms, used_size=479232 bytes (1.2%)
(RDMA_READ_CONSUME_CHECK_CONSUMER) timestamp=6474 ms, used_size=477184 bytes (1.2%)
(RDMA_READ_CONSUME_CHECK_CONSUMER) timestamp=6474 ms, used_size=475136 bytes (1.2%)
(RDMA_READ_CONSUME_CHECK_CONSUMER) timestamp=6474 ms, used_size=473088 bytes (1.2%)
(RDMA_READ_CONSUME_CHECK_CONSUMER) timestamp=6474 ms, used_size=471040 bytes (1.1%)
(RDMA_READ_CONSUME_CHECK_CONSUMER) timestamp=6474 ms, used_size=468992 bytes (1.1%)
(RDMA_READ_CONSUME_CHECK_CONSUMER) timestamp=6474 ms, used_size=466944 bytes (1.1%)
(RDMA_READ_CONSUME_CHECK_CONSUMER) timestamp=6474 ms, used_size=464896 bytes (1.1%)
(RDMA_READ_CONSUME_CHECK_CONSUMER) timestamp=6474 ms, used_size=462848 bytes (1.1%)
(RDMA_READ_CONSUME_CHECK_CONSUMER) timestamp=6474 ms, used_size=460800 bytes (1.1%)
(RDMA_READ_CONSUME_CHECK_CONSUMER) timestamp=6474 ms, used_size=458752 bytes (1.1%)
(RDMA_READ_CONSUME_CHECK_CONSUMER) timestamp=6474 ms, used_size=456704 bytes (1.1%)
(RDMA_READ_CONSUME_CHECK_CONSUMER) timestamp=6474 ms, used_size=454656 bytes (1.1%)
(RDMA_READ_CONSUME_CHECK_CONSUMER) timestamp=6474 ms, used_size=452608 bytes (1.1%)
(RDMA_READ_CONSUME_CHECK_CONSUMER) timestamp=6474 ms, used_size=450560 bytes (1.1%)
(RDMA_READ_CONSUME_CHECK_CONSUMER) timestamp=6474 ms, used_size=448512 bytes (1.1%)
(RDMA_READ_CONSUME_CHECK_CONSUMER) timestamp=6474 ms, used_size=446464 bytes (1.1%)
(RDMA_READ_CONSUME_CHECK_CONSUMER) timestamp=6474 ms, used_size=444416 bytes (1.1%)
(RDMA_READ_CONSUME_CHECK_CONSUMER) timestamp=6474 ms, used_size=442368 bytes (1.1%)
(RDMA_READ_CONSUME_CHECK_CONSUMER) timestamp=6474 ms, used_size=440320 bytes (1.1%)
(RDMA_READ_CONSUME_CHECK_CONSUMER) timestamp=6474 ms, used_size=438272 bytes (1.1%)
(RDMA_READ_CONSUME_CHECK_CONSUMER) timestamp=6474 ms, used_size=436224 bytes (1.1%)
(RDMA_READ_CONSUME_CHECK_CONSUMER) timestamp=6474 ms, used_size=434176 bytes (1.1%)
(RDMA_READ_CONSUME_CHECK_CONSUMER) timestamp=6474 ms, used_size=432128 bytes (1.1%)
(RDMA_READ_CONSUME_CHECK_CONSUMER) timestamp=6474 ms, used_size=430080 bytes (1.1%)
(RDMA_READ_CONSUME_CHECK_CONSUMER) timestamp=6474 ms, used_size=428032 bytes (1.0%)
(RDMA_READ_CONSUME_CHECK_CONSUMER) timestamp=6474 ms, used_size=425984 bytes (1.0%)
(RDMA_READ_CONSUME_CHECK_CONSUMER) timestamp=6474 ms, used_size=423936 bytes (1.0%)
(RDMA_READ_CONSUME_CHECK_CONSUMER) timestamp=6474 ms, used_size=421888 bytes (1.0%)
(RDMA_READ_CONSUME_CHECK_CONSUMER) timestamp=6474 ms, used_size=419840 bytes (1.0%)
(RDMA_READ_CONSUME_CHECK_CONSUMER) timestamp=6474 ms, used_size=417792 bytes (1.0%)
(RDMA_READ_CONSUME_CHECK_CONSUMER) timestamp=6474 ms, used_size=415744 bytes (1.0%)
(RDMA_READ_CONSUME_CHECK_CONSUMER) timestamp=6474 ms, used_size=413696 bytes (1.0%)
(RDMA_READ_CONSUME_CHECK_CONSUMER) timestamp=6474 ms, used_size=411648 bytes (1.0%)
(RDMA_READ_CONSUME_CHECK_CONSUMER) timestamp=6474 ms, used_size=409600 bytes (1.0%)
(RDMA_READ_CONSUME_CHECK_CONSUMER) timestamp=6474 ms, used_size=407552 bytes (1.0%)
(RDMA_READ_CONSUME_CHECK_CONSUMER) timestamp=6474 ms, used_size=405504 bytes (1.0%)
(RDMA_READ_CONSUME_CHECK_CONSUMER) timestamp=6474 ms, used_size=403456 bytes (1.0%)
(RDMA_READ_CONSUME_CHECK_CONSUMER) timestamp=6474 ms, used_size=401408 bytes (1.0%)
(RDMA_READ_CONSUME_CHECK_CONSUMER) timestamp=6474 ms, used_size=399360 bytes (1.0%)
(RDMA_READ_CONSUME_CHECK_CONSUMER) timestamp=6474 ms, used_size=397312 bytes (1.0%)
(RDMA_READ_CONSUME_CHECK_CONSUMER) timestamp=6474 ms, used_size=395264 bytes (1.0%)
(RDMA_READ_CONSUME_CHECK_CONSUMER) timestamp=6474 ms, used_size=393216 bytes (1.0%)
(RDMA_READ_CONSUME_CHECK_CONSUMER) timestamp=6474 ms, used_size=391168 bytes (1.0%)
(RDMA_READ_CONSUME_CHECK_CONSUMER) timestamp=6474 ms, used_size=389120 bytes (0.9%)
(RDMA_READ_CONSUME_CHECK_CONSUMER) timestamp=6474 ms, used_size=387072 bytes (0.9%)
(RDMA_READ_CONSUME_CHECK_CONSUMER) timestamp=6474 ms, used_size=385024 bytes (0.9%)
(RDMA_READ_CONSUME_CHECK_CONSUMER) timestamp=6475 ms, used_size=382976 bytes (0.9%)
(RDMA_READ_CONSUME_CHECK_CONSUMER) timestamp=6475 ms, used_size=380928 bytes (0.9%)
(RDMA_READ_CONSUME_CHECK_CONSUMER) timestamp=6475 ms, used_size=378880 bytes (0.9%)
(RDMA_READ_CONSUME_CHECK_CONSUMER) timestamp=6475 ms, used_size=376832 bytes (0.9%)
(RDMA_READ_CONSUME_CHECK_CONSUMER) timestamp=6475 ms, used_size=374784 bytes (0.9%)
(RDMA_READ_CONSUME_CHECK_CONSUMER) timestamp=6475 ms, used_size=372736 bytes (0.9%)
(RDMA_READ_CONSUME_CHECK_CONSUMER) timestamp=6475 ms, used_size=370688 bytes (0.9%)
(RDMA_READ_CONSUME_CHECK_CONSUMER) timestamp=6475 ms, used_size=368640 bytes (0.9%)
(RDMA_READ_CONSUME_CHECK_CONSUMER) timestamp=6475 ms, used_size=366592 bytes (0.9%)
(RDMA_READ_CONSUME_CHECK_CONSUMER) timestamp=6475 ms, used_size=364544 bytes (0.9%)
(RDMA_READ_CONSUME_CHECK_CONSUMER) timestamp=6475 ms, used_size=362496 bytes (0.9%)
(RDMA_READ_CONSUME_CHECK_CONSUMER) timestamp=6475 ms, used_size=360448 bytes (0.9%)
(RDMA_READ_CONSUME_CHECK_CONSUMER) timestamp=6475 ms, used_size=358400 bytes (0.9%)
(RDMA_READ_CONSUME_CHECK_CONSUMER) timestamp=6475 ms, used_size=356352 bytes (0.9%)
(RDMA_READ_CONSUME_CHECK_CONSUMER) timestamp=6475 ms, used_size=354304 bytes (0.9%)
(RDMA_READ_CONSUME_CHECK_CONSUMER) timestamp=6475 ms, used_size=352256 bytes (0.9%)
(RDMA_READ_CONSUME_CHECK_CONSUMER) timestamp=6475 ms, used_size=350208 bytes (0.9%)
(RDMA_READ_CONSUME_CHECK_CONSUMER) timestamp=6475 ms, used_size=348160 bytes (0.8%)
(RDMA_READ_CONSUME_CHECK_CONSUMER) timestamp=6475 ms, used_size=346112 bytes (0.8%)
(RDMA_READ_CONSUME_CHECK_CONSUMER) timestamp=6475 ms, used_size=344064 bytes (0.8%)
(RDMA_READ_CONSUME_CHECK_CONSUMER) timestamp=6475 ms, used_size=342016 bytes (0.8%)
(RDMA_READ_CONSUME_CHECK_CONSUMER) timestamp=6475 ms, used_size=339968 bytes (0.8%)
(RDMA_READ_CONSUME_CHECK_CONSUMER) timestamp=6475 ms, used_size=337920 bytes (0.8%)
(RDMA_READ_CONSUME_CHECK_CONSUMER) timestamp=6475 ms, used_size=335872 bytes (0.8%)
(RDMA_READ_CONSUME_CHECK_CONSUMER) timestamp=6475 ms, used_size=333824 bytes (0.8%)
(RDMA_READ_CONSUME_CHECK_CONSUMER) timestamp=6475 ms, used_size=331776 bytes (0.8%)
(RDMA_READ_CONSUME_CHECK_CONSUMER) timestamp=6475 ms, used_size=329728 bytes (0.8%)
(RDMA_READ_CONSUME_CHECK_CONSUMER) timestamp=6475 ms, used_size=327680 bytes (0.8%)
(RDMA_READ_CONSUME_CHECK_CONSUMER) timestamp=6475 ms, used_size=325632 bytes (0.8%)
(RDMA_READ_CONSUME_CHECK_CONSUMER) timestamp=6475 ms, used_size=323584 bytes (0.8%)
(RDMA_READ_CONSUME_CHECK_CONSUMER) timestamp=6475 ms, used_size=321536 bytes (0.8%)
(RDMA_READ_CONSUME_CHECK_CONSUMER) timestamp=6475 ms, used_size=319488 bytes (0.8%)
(RDMA_READ_CONSUME_CHECK_CONSUMER) timestamp=6475 ms, used_size=317440 bytes (0.8%)
(RDMA_READ_CONSUME_CHECK_CONSUMER) timestamp=6475 ms, used_size=315392 bytes (0.8%)
(RDMA_READ_CONSUME_CHECK_CONSUMER) timestamp=6475 ms, used_size=313344 bytes (0.8%)
(RDMA_READ_CONSUME_CHECK_CONSUMER) timestamp=6475 ms, used_size=311296 bytes (0.8%)
(RDMA_READ_CONSUME_CHECK_CONSUMER) timestamp=6475 ms, used_size=309248 bytes (0.8%)
(RDMA_READ_CONSUME_CHECK_CONSUMER) timestamp=6475 ms, used_size=307200 bytes (0.8%)
(RDMA_READ_CONSUME_CHECK_CONSUMER) timestamp=6475 ms, used_size=305152 bytes (0.7%)
(RDMA_READ_CONSUME_CHECK_CONSUMER) timestamp=6475 ms, used_size=303104 bytes (0.7%)
(RDMA_READ_CONSUME_CHECK_CONSUMER) timestamp=6475 ms, used_size=301056 bytes (0.7%)
(RDMA_READ_CONSUME_CHECK_CONSUMER) timestamp=6475 ms, used_size=299008 bytes (0.7%)
(RDMA_READ_CONSUME_CHECK_CONSUMER) timestamp=6475 ms, used_size=296960 bytes (0.7%)
(RDMA_READ_CONSUME_CHECK_CONSUMER) timestamp=6475 ms, used_size=294912 bytes (0.7%)
(RDMA_READ_CONSUME_CHECK_CONSUMER) timestamp=6475 ms, used_size=292864 bytes (0.7%)
(RDMA_READ_CONSUME_CHECK_CONSUMER) timestamp=6475 ms, used_size=290816 bytes (0.7%)
(RDMA_READ_CONSUME_CHECK_CONSUMER) timestamp=6475 ms, used_size=288768 bytes (0.7%)
(RDMA_READ_CONSUME_CHECK_CONSUMER) timestamp=6475 ms, used_size=286720 bytes (0.7%)
(RDMA_READ_CONSUME_CHECK_CONSUMER) timestamp=6475 ms, used_size=284672 bytes (0.7%)
(RDMA_READ_CONSUME_CHECK_CONSUMER) timestamp=6475 ms, used_size=282624 bytes (0.7%)
(RDMA_READ_CONSUME_CHECK_CONSUMER) timestamp=6475 ms, used_size=280576 bytes (0.7%)
(RDMA_READ_CONSUME_CHECK_CONSUMER) timestamp=6475 ms, used_size=278528 bytes (0.7%)
(RDMA_READ_CONSUME_CHECK_CONSUMER) timestamp=6475 ms, used_size=276480 bytes (0.7%)
(RDMA_READ_CONSUME_CHECK_CONSUMER) timestamp=6475 ms, used_size=274432 bytes (0.7%)
(RDMA_READ_CONSUME_CHECK_CONSUMER) timestamp=6475 ms, used_size=272384 bytes (0.7%)
(RDMA_READ_CONSUME_CHECK_CONSUMER) timestamp=6475 ms, used_size=270336 bytes (0.7%)
(RDMA_READ_CONSUME_CHECK_CONSUMER) timestamp=6475 ms, used_size=268288 bytes (0.7%)
(RDMA_READ_CONSUME_CHECK_CONSUMER) timestamp=6475 ms, used_size=266240 bytes (0.7%)
(RDMA_READ_CONSUME_CHECK_CONSUMER) timestamp=6475 ms, used_size=264192 bytes (0.6%)
(RDMA_READ_CONSUME_CHECK_CONSUMER) timestamp=6475 ms, used_size=262144 bytes (0.6%)
(RDMA_READ_CONSUME_CHECK_CONSUMER) timestamp=6475 ms, used_size=260096 bytes (0.6%)
(RDMA_READ_CONSUME_CHECK_CONSUMER) timestamp=6475 ms, used_size=258048 bytes (0.6%)
(RDMA_READ_CONSUME_CHECK_CONSUMER) timestamp=6475 ms, used_size=256000 bytes (0.6%)
(RDMA_READ_CONSUME_CHECK_CONSUMER) timestamp=6475 ms, used_size=253952 bytes (0.6%)
(RDMA_READ_CONSUME_CHECK_CONSUMER) timestamp=6475 ms, used_size=251904 bytes (0.6%)
(RDMA_READ_CONSUME_CHECK_CONSUMER) timestamp=6475 ms, used_size=249856 bytes (0.6%)
(RDMA_READ_CONSUME_CHECK_CONSUMER) timestamp=6475 ms, used_size=247808 bytes (0.6%)
(RDMA_READ_CONSUME_CHECK_CONSUMER) timestamp=6475 ms, used_size=245760 bytes (0.6%)
(RDMA_READ_CONSUME_CHECK_CONSUMER) timestamp=6475 ms, used_size=243712 bytes (0.6%)
(RDMA_READ_CONSUME_CHECK_CONSUMER) timestamp=6475 ms, used_size=241664 bytes (0.6%)
(RDMA_READ_CONSUME_CHECK_CONSUMER) timestamp=6475 ms, used_size=239616 bytes (0.6%)
(RDMA_READ_CONSUME_CHECK_CONSUMER) timestamp=6475 ms, used_size=237568 bytes (0.6%)
(RDMA_READ_CONSUME_CHECK_CONSUMER) timestamp=6475 ms, used_size=235520 bytes (0.6%)
(RDMA_READ_CONSUME_CHECK_CONSUMER) timestamp=6475 ms, used_size=233472 bytes (0.6%)
(RDMA_READ_CONSUME_CHECK_CONSUMER) timestamp=6475 ms, used_size=231424 bytes (0.6%)
(RDMA_READ_CONSUME_CHECK_CONSUMER) timestamp=6475 ms, used_size=229376 bytes (0.6%)
(RDMA_READ_CONSUME_CHECK_CONSUMER) timestamp=6475 ms, used_size=227328 bytes (0.6%)
(RDMA_READ_CONSUME_CHECK_CONSUMER) timestamp=6475 ms, used_size=225280 bytes (0.6%)
(RDMA_READ_CONSUME_CHECK_CONSUMER) timestamp=6475 ms, used_size=223232 bytes (0.5%)
(RDMA_READ_CONSUME_CHECK_CONSUMER) timestamp=6475 ms, used_size=221184 bytes (0.5%)
(RDMA_READ_CONSUME_CHECK_CONSUMER) timestamp=6475 ms, used_size=219136 bytes (0.5%)
(RDMA_READ_CONSUME_CHECK_CONSUMER) timestamp=6475 ms, used_size=217088 bytes (0.5%)
(RDMA_READ_CONSUME_CHECK_CONSUMER) timestamp=6475 ms, used_size=215040 bytes (0.5%)
(RDMA_READ_CONSUME_CHECK_CONSUMER) timestamp=6475 ms, used_size=212992 bytes (0.5%)
(RDMA_READ_CONSUME_CHECK_CONSUMER) timestamp=6475 ms, used_size=210944 bytes (0.5%)
(RDMA_READ_CONSUME_CHECK_CONSUMER) timestamp=6475 ms, used_size=208896 bytes (0.5%)
(RDMA_READ_CONSUME_CHECK_CONSUMER) timestamp=6475 ms, used_size=206848 bytes (0.5%)
(RDMA_READ_CONSUME_CHECK_CONSUMER) timestamp=6475 ms, used_size=204800 bytes (0.5%)
(RDMA_READ_CONSUME_CHECK_CONSUMER) timestamp=6475 ms, used_size=202752 bytes (0.5%)
(RDMA_READ_CONSUME_CHECK_CONSUMER) timestamp=6475 ms, used_size=200704 bytes (0.5%)
(RDMA_READ_CONSUME_CHECK_CONSUMER) timestamp=6475 ms, used_size=198656 bytes (0.5%)
(RDMA_READ_CONSUME_CHECK_CONSUMER) timestamp=6475 ms, used_size=196608 bytes (0.5%)
(RDMA_READ_CONSUME_CHECK_CONSUMER) timestamp=6475 ms, used_size=194560 bytes (0.5%)
(RDMA_READ_CONSUME_CHECK_CONSUMER) timestamp=6475 ms, used_size=192512 bytes (0.5%)
(RDMA_READ_CONSUME_CHECK_CONSUMER) timestamp=6475 ms, used_size=190464 bytes (0.5%)
(RDMA_READ_CONSUME_CHECK_CONSUMER) timestamp=6475 ms, used_size=188416 bytes (0.5%)
(RDMA_READ_CONSUME_CHECK_CONSUMER) timestamp=6475 ms, used_size=186368 bytes (0.5%)
(RDMA_READ_CONSUME_CHECK_CONSUMER) timestamp=6475 ms, used_size=184320 bytes (0.5%)
(RDMA_READ_CONSUME_CHECK_CONSUMER) timestamp=6475 ms, used_size=182272 bytes (0.4%)
(RDMA_READ_CONSUME_CHECK_CONSUMER) timestamp=6475 ms, used_size=180224 bytes (0.4%)
(RDMA_READ_CONSUME_CHECK_CONSUMER) timestamp=6475 ms, used_size=178176 bytes (0.4%)
(RDMA_READ_CONSUME_CHECK_CONSUMER) timestamp=6475 ms, used_size=176128 bytes (0.4%)
(RDMA_READ_CONSUME_CHECK_CONSUMER) timestamp=6475 ms, used_size=174080 bytes (0.4%)
(RDMA_READ_CONSUME_CHECK_CONSUMER) timestamp=6475 ms, used_size=172032 bytes (0.4%)
(RDMA_READ_CONSUME_CHECK_CONSUMER) timestamp=6475 ms, used_size=169984 bytes (0.4%)
(RDMA_READ_CONSUME_CHECK_CONSUMER) timestamp=6475 ms, used_size=167936 bytes (0.4%)
(RDMA_READ_CONSUME_CHECK_CONSUMER) timestamp=6475 ms, used_size=165888 bytes (0.4%)
(RDMA_READ_CONSUME_CHECK_CONSUMER) timestamp=6475 ms, used_size=163840 bytes (0.4%)
(RDMA_READ_CONSUME_CHECK_CONSUMER) timestamp=6475 ms, used_size=161792 bytes (0.4%)
(RDMA_READ_CONSUME_CHECK_CONSUMER) timestamp=6475 ms, used_size=159744 bytes (0.4%)
(RDMA_READ_CONSUME_CHECK_CONSUMER) timestamp=6475 ms, used_size=157696 bytes (0.4%)
(RDMA_READ_CONSUME_CHECK_CONSUMER) timestamp=6475 ms, used_size=155648 bytes (0.4%)
(RDMA_READ_CONSUME_CHECK_CONSUMER) timestamp=6475 ms, used_size=153600 bytes (0.4%)
(RDMA_READ_CONSUME_CHECK_CONSUMER) timestamp=6475 ms, used_size=151552 bytes (0.4%)
(RDMA_READ_CONSUME_CHECK_CONSUMER) timestamp=6475 ms, used_size=149504 bytes (0.4%)
(RDMA_READ_CONSUME_CHECK_CONSUMER) timestamp=6475 ms, used_size=147456 bytes (0.4%)
(RDMA_READ_CONSUME_CHECK_CONSUMER) timestamp=6475 ms, used_size=145408 bytes (0.4%)
(RDMA_READ_CONSUME_CHECK_CONSUMER) timestamp=6475 ms, used_size=143360 bytes (0.3%)
(RDMA_READ_CONSUME_CHECK_CONSUMER) timestamp=6475 ms, used_size=141312 bytes (0.3%)
(RDMA_READ_CONSUME_CHECK_CONSUMER) timestamp=6475 ms, used_size=139264 bytes (0.3%)
(RDMA_READ_CONSUME_CHECK_CONSUMER) timestamp=6475 ms, used_size=137216 bytes (0.3%)
(RDMA_READ_CONSUME_CHECK_CONSUMER) timestamp=6475 ms, used_size=135168 bytes (0.3%)
(RDMA_READ_CONSUME_CHECK_CONSUMER) timestamp=6475 ms, used_size=133120 bytes (0.3%)
(RDMA_READ_CONSUME_CHECK_CONSUMER) timestamp=6475 ms, used_size=131072 bytes (0.3%)
(RDMA_READ_CONSUME_CHECK_CONSUMER) timestamp=6475 ms, used_size=129024 bytes (0.3%)
(RDMA_READ_CONSUME_CHECK_CONSUMER) timestamp=6475 ms, used_size=126976 bytes (0.3%)
(RDMA_READ_CONSUME_CHECK_CONSUMER) timestamp=6475 ms, used_size=124928 bytes (0.3%)
(RDMA_READ_CONSUME_CHECK_CONSUMER) timestamp=6475 ms, used_size=122880 bytes (0.3%)
(RDMA_READ_CONSUME_CHECK_CONSUMER) timestamp=6475 ms, used_size=120832 bytes (0.3%)
(RDMA_READ_CONSUME_CHECK_CONSUMER) timestamp=6475 ms, used_size=118784 bytes (0.3%)
(RDMA_READ_CONSUME_CHECK_CONSUMER) timestamp=6475 ms, used_size=116736 bytes (0.3%)
(RDMA_READ_CONSUME_CHECK_CONSUMER) timestamp=6475 ms, used_size=114688 bytes (0.3%)
(RDMA_READ_CONSUME_CHECK_CONSUMER) timestamp=6475 ms, used_size=112640 bytes (0.3%)
(RDMA_READ_CONSUME_CHECK_CONSUMER) timestamp=6475 ms, used_size=110592 bytes (0.3%)
(RDMA_READ_CONSUME_CHECK_CONSUMER) timestamp=6475 ms, used_size=108544 bytes (0.3%)
(RDMA_READ_CONSUME_CHECK_CONSUMER) timestamp=6475 ms, used_size=106496 bytes (0.3%)
(RDMA_READ_CONSUME_CHECK_CONSUMER) timestamp=6475 ms, used_size=104448 bytes (0.3%)
(RDMA_READ_CONSUME_CHECK_CONSUMER) timestamp=6475 ms, used_size=102400 bytes (0.2%)
(RDMA_READ_CONSUME_CHECK_CONSUMER) timestamp=6475 ms, used_size=100352 bytes (0.2%)
(RDMA_READ_CONSUME_CHECK_CONSUMER) timestamp=6475 ms, used_size=98304 bytes (0.2%)
(RDMA_READ_CONSUME_CHECK_CONSUMER) timestamp=6475 ms, used_size=96256 bytes (0.2%)
(RDMA_READ_CONSUME_CHECK_CONSUMER) timestamp=6475 ms, used_size=94208 bytes (0.2%)
(RDMA_READ_CONSUME_CHECK_CONSUMER) timestamp=6475 ms, used_size=92160 bytes (0.2%)
(RDMA_READ_CONSUME_CHECK_CONSUMER) timestamp=6475 ms, used_size=90112 bytes (0.2%)
(RDMA_READ_CONSUME_CHECK_CONSUMER) timestamp=6475 ms, used_size=88064 bytes (0.2%)
(RDMA_READ_CONSUME_CHECK_CONSUMER) timestamp=6475 ms, used_size=86016 bytes (0.2%)
(RDMA_READ_CONSUME_CHECK_CONSUMER) timestamp=6475 ms, used_size=83968 bytes (0.2%)
(RDMA_READ_CONSUME_CHECK_CONSUMER) timestamp=6475 ms, used_size=81920 bytes (0.2%)
(RDMA_READ_CONSUME_CHECK_CONSUMER) timestamp=6475 ms, used_size=79872 bytes (0.2%)
(RDMA_READ_CONSUME_CHECK_CONSUMER) timestamp=6475 ms, used_size=77824 bytes (0.2%)
(RDMA_READ_CONSUME_CHECK_CONSUMER) timestamp=6475 ms, used_size=75776 bytes (0.2%)
(RDMA_READ_CONSUME_CHECK_CONSUMER) timestamp=6475 ms, used_size=73728 bytes (0.2%)
(RDMA_READ_CONSUME_CHECK_CONSUMER) timestamp=6475 ms, used_size=71680 bytes (0.2%)
(RDMA_READ_CONSUME_CHECK_CONSUMER) timestamp=6475 ms, used_size=69632 bytes (0.2%)
(RDMA_READ_CONSUME_CHECK_CONSUMER) timestamp=6475 ms, used_size=67584 bytes (0.2%)
(RDMA_READ_CONSUME_CHECK_CONSUMER) timestamp=6475 ms, used_size=65536 bytes (0.2%)
(RDMA_READ_CONSUME_CHECK_CONSUMER) timestamp=6475 ms, used_size=63488 bytes (0.2%)
(RDMA_READ_CONSUME_CHECK_CONSUMER) timestamp=6475 ms, used_size=61440 bytes (0.1%)
(RDMA_READ_CONSUME_CHECK_CONSUMER) timestamp=6475 ms, used_size=59392 bytes (0.1%)
(RDMA_READ_CONSUME_CHECK_CONSUMER) timestamp=6475 ms, used_size=57344 bytes (0.1%)
(RDMA_READ_CONSUME_CHECK_CONSUMER) timestamp=6475 ms, used_size=55296 bytes (0.1%)
(RDMA_READ_CONSUME_CHECK_CONSUMER) timestamp=6475 ms, used_size=53248 bytes (0.1%)
(RDMA_READ_CONSUME_CHECK_CONSUMER) timestamp=6475 ms, used_size=51200 bytes (0.1%)
(RDMA_READ_CONSUME_CHECK_CONSUMER) timestamp=6475 ms, used_size=49152 bytes (0.1%)
(RDMA_READ_CONSUME_CHECK_CONSUMER) timestamp=6475 ms, used_size=47104 bytes (0.1%)
(RDMA_READ_CONSUME_CHECK_CONSUMER) timestamp=6475 ms, used_size=45056 bytes (0.1%)
(RDMA_READ_CONSUME_CHECK_CONSUMER) timestamp=6475 ms, used_size=43008 bytes (0.1%)
(RDMA_READ_CONSUME_CHECK_CONSUMER) timestamp=6475 ms, used_size=40960 bytes (0.1%)
(RDMA_READ_CONSUME_CHECK_CONSUMER) timestamp=6475 ms, used_size=38912 bytes (0.1%)
(RDMA_READ_CONSUME_CHECK_CONSUMER) timestamp=6475 ms, used_size=36864 bytes (0.1%)
(RDMA_READ_CONSUME_CHECK_CONSUMER) timestamp=6475 ms, used_size=34816 bytes (0.1%)
(RDMA_READ_CONSUME_CHECK_CONSUMER) timestamp=6475 ms, used_size=32768 bytes (0.1%)
(RDMA_READ_CONSUME_CHECK_CONSUMER) timestamp=6475 ms, used_size=30720 bytes (0.1%)
(RDMA_READ_CONSUME_CHECK_CONSUMER) timestamp=6475 ms, used_size=28672 bytes (0.1%)
(RDMA_READ_CONSUME_CHECK_CONSUMER) timestamp=6475 ms, used_size=26624 bytes (0.1%)
(RDMA_READ_CONSUME_CHECK_CONSUMER) timestamp=6475 ms, used_size=24576 bytes (0.1%)
(RDMA_READ_CONSUME_CHECK_CONSUMER) timestamp=6475 ms, used_size=22528 bytes (0.1%)
(RDMA_READ_CONSUME_CHECK_CONSUMER) timestamp=6475 ms, used_size=20480 bytes (0.1%)
(RDMA_READ_CONSUME_CHECK_CONSUMER) timestamp=6475 ms, used_size=18432 bytes (0.0%)
(RDMA_READ_CONSUME_CHECK_CONSUMER) timestamp=6476 ms, used_size=16384 bytes (0.0%)
(RDMA_READ_CONSUME_CHECK_CONSUMER) timestamp=6476 ms, used_size=14336 bytes (0.0%)
(RDMA_READ_CONSUME_CHECK_CONSUMER) timestamp=6476 ms, used_size=12288 bytes (0.0%)
(RDMA_READ_CONSUME_CHECK_CONSUMER) timestamp=6476 ms, used_size=10240 bytes (0.0%)
(RDMA_READ_CONSUME_CHECK_CONSUMER) timestamp=6476 ms, used_size=8192 bytes (0.0%)
(RDMA_READ_CONSUME_CHECK_CONSUMER) timestamp=6476 ms, used_size=6144 bytes (0.0%)
(RDMA_READ_CONSUME_CHECK_CONSUMER) timestamp=6476 ms, used_size=4096 bytes (0.0%)
(RDMA_READ_CONSUME_CHECK_CONSUMER) timestamp=6476 ms, used_size=2048 bytes (0.0%)
(RDMA_READ_CONSUME_CHECK_CONSUMER) timestamp=6476 ms, used_size=0 bytes (0.0%)
(RDMA_READ_CONSUME_CHECK) Cycle 5, Batch 2: CRC32 OK (0xcee97786), 3616 messages verified
t1:0:5080289956:120225613:40960000
(RDMA_READ_CONSUME_CHECK) Cycle 5 completed
(RDMA_READ_CONSUME_CHECK) Starting cycle 6
(RDMA_READ_CONSUME_CHECK_CONSUMER) timestamp=6476 ms, used_size=7403520 bytes (18.1%)
(RDMA_READ_CONSUME_CHECK_CONSUMER) timestamp=6526 ms, used_size=7401472 bytes (18.1%)
(RDMA_READ_CONSUME_CHECK_CONSUMER) timestamp=6526 ms, used_size=7399424 bytes (18.1%)
(RDMA_READ_CONSUME_CHECK_CONSUMER) timestamp=6526 ms, used_size=7397376 bytes (18.1%)
(RDMA_READ_CONSUME_CHECK_CONSUMER) timestamp=6526 ms, used_size=7395328 bytes (18.1%)
(RDMA_READ_CONSUME_CHECK_CONSUMER) timestamp=6526 ms, used_size=7393280 bytes (18.1%)
(RDMA_READ_CONSUME_CHECK_CONSUMER) timestamp=6526 ms, used_size=7391232 bytes (18.0%)
(RDMA_READ_CONSUME_CHECK_CONSUMER) timestamp=6526 ms, used_size=7389184 bytes (18.0%)
(RDMA_READ_CONSUME_CHECK_CONSUMER) timestamp=6526 ms, used_size=7387136 bytes (18.0%)
(RDMA_READ_CONSUME_CHECK_CONSUMER) timestamp=6526 ms, used_size=7385088 bytes (18.0%)
(RDMA_READ_CONSUME_CHECK_CONSUMER) timestamp=6526 ms, used_size=7383040 bytes (18.0%)
(RDMA_READ_CONSUME_CHECK_CONSUMER) timestamp=6526 ms, used_size=7380992 bytes (18.0%)
(RDMA_READ_CONSUME_CHECK_CONSUMER) timestamp=6526 ms, used_size=7378944 bytes (18.0%)
(RDMA_READ_CONSUME_CHECK_CONSUMER) timestamp=6526 ms, used_size=7376896 bytes (18.0%)
(RDMA_READ_CONSUME_CHECK_CONSUMER) timestamp=6526 ms, used_size=7374848 bytes (18.0%)
(RDMA_READ_CONSUME_CHECK_CONSUMER) timestamp=6526 ms, used_size=7372800 bytes (18.0%)
(RDMA_READ_CONSUME_CHECK_CONSUMER) timestamp=6526 ms, used_size=7370752 bytes (18.0%)
(RDMA_READ_CONSUME_CHECK_CONSUMER) timestamp=6526 ms, used_size=7368704 bytes (18.0%)
(RDMA_READ_CONSUME_CHECK_CONSUMER) timestamp=6526 ms, used_size=7366656 bytes (18.0%)
(RDMA_READ_CONSUME_CHECK_CONSUMER) timestamp=6526 ms, used_size=7364608 bytes (18.0%)
(RDMA_READ_CONSUME_CHECK_CONSUMER) timestamp=6526 ms, used_size=7362560 bytes (18.0%)
(RDMA_READ_CONSUME_CHECK_CONSUMER) timestamp=6526 ms, used_size=7360512 bytes (18.0%)
(RDMA_READ_CONSUME_CHECK_CONSUMER) timestamp=6526 ms, used_size=7358464 bytes (18.0%)
(RDMA_READ_CONSUME_CHECK_CONSUMER) timestamp=6526 ms, used_size=7356416 bytes (18.0%)
(RDMA_READ_CONSUME_CHECK_CONSUMER) timestamp=6526 ms, used_size=7354368 bytes (18.0%)
(RDMA_READ_CONSUME_CHECK_CONSUMER) timestamp=6526 ms, used_size=7352320 bytes (17.9%)
(RDMA_READ_CONSUME_CHECK_CONSUMER) timestamp=6526 ms, used_size=7350272 bytes (17.9%)
(RDMA_READ_CONSUME_CHECK_CONSUMER) timestamp=6526 ms, used_size=7348224 bytes (17.9%)
(RDMA_READ_CONSUME_CHECK_CONSUMER) timestamp=6526 ms, used_size=7346176 bytes (17.9%)
(RDMA_READ_CONSUME_CHECK_CONSUMER) timestamp=6526 ms, used_size=7344128 bytes (17.9%)
(RDMA_READ_CONSUME_CHECK_CONSUMER) timestamp=6526 ms, used_size=7342080 bytes (17.9%)
(RDMA_READ_CONSUME_CHECK_CONSUMER) timestamp=6526 ms, used_size=7340032 bytes (17.9%)
(RDMA_READ_CONSUME_CHECK_CONSUMER) timestamp=6526 ms, used_size=7337984 bytes (17.9%)
(RDMA_READ_CONSUME_CHECK_CONSUMER) timestamp=6526 ms, used_size=7335936 bytes (17.9%)
(RDMA_READ_CONSUME_CHECK_CONSUMER) timestamp=6526 ms, used_size=7333888 bytes (17.9%)
(RDMA_READ_CONSUME_CHECK_CONSUMER) timestamp=6526 ms, used_size=7331840 bytes (17.9%)
(RDMA_READ_CONSUME_CHECK_CONSUMER) timestamp=6526 ms, used_size=7329792 bytes (17.9%)
(RDMA_READ_CONSUME_CHECK_CONSUMER) timestamp=6526 ms, used_size=7327744 bytes (17.9%)
(RDMA_READ_CONSUME_CHECK_CONSUMER) timestamp=6526 ms, used_size=7325696 bytes (17.9%)
(RDMA_READ_CONSUME_CHECK_CONSUMER) timestamp=6526 ms, used_size=7323648 bytes (17.9%)
(RDMA_READ_CONSUME_CHECK_CONSUMER) timestamp=6526 ms, used_size=7321600 bytes (17.9%)
(RDMA_READ_CONSUME_CHECK_CONSUMER) timestamp=6526 ms, used_size=7319552 bytes (17.9%)
(RDMA_READ_CONSUME_CHECK_CONSUMER) timestamp=6526 ms, used_size=7317504 bytes (17.9%)
(RDMA_READ_CONSUME_CHECK_CONSUMER) timestamp=6526 ms, used_size=7315456 bytes (17.9%)
(RDMA_READ_CONSUME_CHECK_CONSUMER) timestamp=6526 ms, used_size=7313408 bytes (17.9%)
(RDMA_READ_CONSUME_CHECK_CONSUMER) timestamp=6526 ms, used_size=7311360 bytes (17.9%)
(RDMA_READ_CONSUME_CHECK_CONSUMER) timestamp=6526 ms, used_size=7309312 bytes (17.8%)
(RDMA_READ_CONSUME_CHECK_CONSUMER) timestamp=6526 ms, used_size=7307264 bytes (17.8%)
(RDMA_READ_CONSUME_CHECK_CONSUMER) timestamp=6526 ms, used_size=7305216 bytes (17.8%)
(RDMA_READ_CONSUME_CHECK_CONSUMER) timestamp=6526 ms, used_size=7303168 bytes (17.8%)
(RDMA_READ_CONSUME_CHECK_CONSUMER) timestamp=6526 ms, used_size=7301120 bytes (17.8%)
(RDMA_READ_CONSUME_CHECK_CONSUMER) timestamp=6526 ms, used_size=7299072 bytes (17.8%)
(RDMA_READ_CONSUME_CHECK_CONSUMER) timestamp=6526 ms, used_size=7297024 bytes (17.8%)
(RDMA_READ_CONSUME_CHECK_CONSUMER) timestamp=6526 ms, used_size=7294976 bytes (17.8%)
(RDMA_READ_CONSUME_CHECK_CONSUMER) timestamp=6526 ms, used_size=7292928 bytes (17.8%)
(RDMA_READ_CONSUME_CHECK_CONSUMER) timestamp=6526 ms, used_size=7290880 bytes (17.8%)
(RDMA_READ_CONSUME_CHECK_CONSUMER) timestamp=6526 ms, used_size=7288832 bytes (17.8%)
(RDMA_READ_CONSUME_CHECK_CONSUMER) timestamp=6526 ms, used_size=7286784 bytes (17.8%)
(RDMA_READ_CONSUME_CHECK_CONSUMER) timestamp=6526 ms, used_size=7284736 bytes (17.8%)
(RDMA_READ_CONSUME_CHECK_CONSUMER) timestamp=6526 ms, used_size=7282688 bytes (17.8%)
(RDMA_READ_CONSUME_CHECK_CONSUMER) timestamp=6526 ms, used_size=7280640 bytes (17.8%)
(RDMA_READ_CONSUME_CHECK_CONSUMER) timestamp=6526 ms, used_size=7278592 bytes (17.8%)
(RDMA_READ_CONSUME_CHECK_CONSUMER) timestamp=6526 ms, used_size=7276544 bytes (17.8%)
(RDMA_READ_CONSUME_CHECK_CONSUMER) timestamp=6526 ms, used_size=7274496 bytes (17.8%)
(RDMA_READ_CONSUME_CHECK_CONSUMER) timestamp=6526 ms, used_size=7272448 bytes (17.8%)
(RDMA_READ_CONSUME_CHECK_CONSUMER) timestamp=6526 ms, used_size=7270400 bytes (17.8%)
(RDMA_READ_CONSUME_CHECK_CONSUMER) timestamp=6526 ms, used_size=7268352 bytes (17.7%)
(RDMA_READ_CONSUME_CHECK_CONSUMER) timestamp=6526 ms, used_size=7266304 bytes (17.7%)
(RDMA_READ_CONSUME_CHECK_CONSUMER) timestamp=6526 ms, used_size=7264256 bytes (17.7%)
(RDMA_READ_CONSUME_CHECK_CONSUMER) timestamp=6526 ms, used_size=7262208 bytes (17.7%)
(RDMA_READ_CONSUME_CHECK_CONSUMER) timestamp=6526 ms, used_size=7260160 bytes (17.7%)
(RDMA_READ_CONSUME_CHECK_CONSUMER) timestamp=6526 ms, used_size=7258112 bytes (17.7%)
(RDMA_READ_CONSUME_CHECK_CONSUMER) timestamp=6526 ms, used_size=7256064 bytes (17.7%)
(RDMA_READ_CONSUME_CHECK_CONSUMER) timestamp=6526 ms, used_size=7254016 bytes (17.7%)
(RDMA_READ_CONSUME_CHECK_CONSUMER) timestamp=6526 ms, used_size=7251968 bytes (17.7%)
(RDMA_READ_CONSUME_CHECK_CONSUMER) timestamp=6526 ms, used_size=7249920 bytes (17.7%)
(RDMA_READ_CONSUME_CHECK_CONSUMER) timestamp=6526 ms, used_size=7247872 bytes (17.7%)
(RDMA_READ_CONSUME_CHECK_CONSUMER) timestamp=6526 ms, used_size=7245824 bytes (17.7%)
(RDMA_READ_CONSUME_CHECK_CONSUMER) timestamp=6526 ms, used_size=7243776 bytes (17.7%)
(RDMA_READ_CONSUME_CHECK_CONSUMER) timestamp=6526 ms, used_size=7241728 bytes (17.7%)
(RDMA_READ_CONSUME_CHECK_CONSUMER) timestamp=6526 ms, used_size=7239680 bytes (17.7%)
(RDMA_READ_CONSUME_CHECK_CONSUMER) timestamp=6526 ms, used_size=7237632 bytes (17.7%)
(RDMA_READ_CONSUME_CHECK_CONSUMER) timestamp=6526 ms, used_size=7235584 bytes (17.7%)
(RDMA_READ_CONSUME_CHECK_CONSUMER) timestamp=6526 ms, used_size=7233536 bytes (17.7%)
(RDMA_READ_CONSUME_CHECK_CONSUMER) timestamp=6526 ms, used_size=7231488 bytes (17.7%)
(RDMA_READ_CONSUME_CHECK_CONSUMER) timestamp=6526 ms, used_size=7229440 bytes (17.6%)
(RDMA_READ_CONSUME_CHECK_CONSUMER) timestamp=6526 ms, used_size=7227392 bytes (17.6%)
(RDMA_READ_CONSUME_CHECK_CONSUMER) timestamp=6526 ms, used_size=7225344 bytes (17.6%)
(RDMA_READ_CONSUME_CHECK_CONSUMER) timestamp=6526 ms, used_size=7223296 bytes (17.6%)
(RDMA_READ_CONSUME_CHECK_CONSUMER) timestamp=6526 ms, used_size=7221248 bytes (17.6%)
(RDMA_READ_CONSUME_CHECK_CONSUMER) timestamp=6526 ms, used_size=7219200 bytes (17.6%)
(RDMA_READ_CONSUME_CHECK_CONSUMER) timestamp=6526 ms, used_size=7217152 bytes (17.6%)
(RDMA_READ_CONSUME_CHECK_CONSUMER) timestamp=6526 ms, used_size=7215104 bytes (17.6%)
(RDMA_READ_CONSUME_CHECK_CONSUMER) timestamp=6526 ms, used_size=7213056 bytes (17.6%)
(RDMA_READ_CONSUME_CHECK_CONSUMER) timestamp=6526 ms, used_size=7211008 bytes (17.6%)
(RDMA_READ_CONSUME_CHECK_CONSUMER) timestamp=6526 ms, used_size=7208960 bytes (17.6%)
(RDMA_READ_CONSUME_CHECK_CONSUMER) timestamp=6526 ms, used_size=7206912 bytes (17.6%)
(RDMA_READ_CONSUME_CHECK_CONSUMER) timestamp=6526 ms, used_size=7204864 bytes (17.6%)
(RDMA_READ_CONSUME_CHECK_CONSUMER) timestamp=6526 ms, used_size=7202816 bytes (17.6%)
(RDMA_READ_CONSUME_CHECK_CONSUMER) timestamp=6526 ms, used_size=7200768 bytes (17.6%)
(RDMA_READ_CONSUME_CHECK_CONSUMER) timestamp=6526 ms, used_size=7198720 bytes (17.6%)
(RDMA_READ_CONSUME_CHECK_CONSUMER) timestamp=6526 ms, used_size=7196672 bytes (17.6%)
(RDMA_READ_CONSUME_CHECK_CONSUMER) timestamp=6526 ms, used_size=7194624 bytes (17.6%)
(RDMA_READ_CONSUME_CHECK_CONSUMER) timestamp=6526 ms, used_size=7192576 bytes (17.6%)
(RDMA_READ_CONSUME_CHECK_CONSUMER) timestamp=6526 ms, used_size=7190528 bytes (17.6%)
(RDMA_READ_CONSUME_CHECK_CONSUMER) timestamp=6526 ms, used_size=7188480 bytes (17.6%)
(RDMA_READ_CONSUME_CHECK_CONSUMER) timestamp=6526 ms, used_size=7186432 bytes (17.5%)
(RDMA_READ_CONSUME_CHECK_CONSUMER) timestamp=6526 ms, used_size=7184384 bytes (17.5%)
(RDMA_READ_CONSUME_CHECK_CONSUMER) timestamp=6526 ms, used_size=7182336 bytes (17.5%)
(RDMA_READ_CONSUME_CHECK_CONSUMER) timestamp=6526 ms, used_size=7180288 bytes (17.5%)
(RDMA_READ_CONSUME_CHECK_CONSUMER) timestamp=6526 ms, used_size=7178240 bytes (17.5%)
(RDMA_READ_CONSUME_CHECK_CONSUMER) timestamp=6526 ms, used_size=7176192 bytes (17.5%)
(RDMA_READ_CONSUME_CHECK_CONSUMER) timestamp=6526 ms, used_size=7174144 bytes (17.5%)
(RDMA_READ_CONSUME_CHECK_CONSUMER) timestamp=6526 ms, used_size=7172096 bytes (17.5%)
(RDMA_READ_CONSUME_CHECK_CONSUMER) timestamp=6526 ms, used_size=7170048 bytes (17.5%)
(RDMA_READ_CONSUME_CHECK_CONSUMER) timestamp=6526 ms, used_size=7168000 bytes (17.5%)
(RDMA_READ_CONSUME_CHECK_CONSUMER) timestamp=6526 ms, used_size=7165952 bytes (17.5%)
(RDMA_READ_CONSUME_CHECK_CONSUMER) timestamp=6526 ms, used_size=7163904 bytes (17.5%)
(RDMA_READ_CONSUME_CHECK_CONSUMER) timestamp=6526 ms, used_size=7161856 bytes (17.5%)
(RDMA_READ_CONSUME_CHECK_CONSUMER) timestamp=6526 ms, used_size=7159808 bytes (17.5%)
(RDMA_READ_CONSUME_CHECK_CONSUMER) timestamp=6526 ms, used_size=7157760 bytes (17.5%)
(RDMA_READ_CONSUME_CHECK_CONSUMER) timestamp=6526 ms, used_size=7155712 bytes (17.5%)
(RDMA_READ_CONSUME_CHECK_CONSUMER) timestamp=6526 ms, used_size=7153664 bytes (17.5%)
(RDMA_READ_CONSUME_CHECK_CONSUMER) timestamp=6526 ms, used_size=7151616 bytes (17.5%)
(RDMA_READ_CONSUME_CHECK_CONSUMER) timestamp=6527 ms, used_size=7149568 bytes (17.5%)
(RDMA_READ_CONSUME_CHECK_CONSUMER) timestamp=6527 ms, used_size=7147520 bytes (17.4%)
(RDMA_READ_CONSUME_CHECK_CONSUMER) timestamp=6527 ms, used_size=7145472 bytes (17.4%)
(RDMA_READ_CONSUME_CHECK_CONSUMER) timestamp=6527 ms, used_size=7143424 bytes (17.4%)
(RDMA_READ_CONSUME_CHECK_CONSUMER) timestamp=6527 ms, used_size=7141376 bytes (17.4%)
(RDMA_READ_CONSUME_CHECK_CONSUMER) timestamp=6527 ms, used_size=7139328 bytes (17.4%)
(RDMA_READ_CONSUME_CHECK_CONSUMER) timestamp=6527 ms, used_size=7137280 bytes (17.4%)
(RDMA_READ_CONSUME_CHECK_CONSUMER) timestamp=6527 ms, used_size=7135232 bytes (17.4%)
(RDMA_READ_CONSUME_CHECK_CONSUMER) timestamp=6527 ms, used_size=7133184 bytes (17.4%)
(RDMA_READ_CONSUME_CHECK_CONSUMER) timestamp=6527 ms, used_size=7131136 bytes (17.4%)
(RDMA_READ_CONSUME_CHECK_CONSUMER) timestamp=6527 ms, used_size=7129088 bytes (17.4%)
(RDMA_READ_CONSUME_CHECK_CONSUMER) timestamp=6527 ms, used_size=7127040 bytes (17.4%)
(RDMA_READ_CONSUME_CHECK_CONSUMER) timestamp=6527 ms, used_size=7124992 bytes (17.4%)
(RDMA_READ_CONSUME_CHECK_CONSUMER) timestamp=6527 ms, used_size=7122944 bytes (17.4%)
(RDMA_READ_CONSUME_CHECK_CONSUMER) timestamp=6527 ms, used_size=7120896 bytes (17.4%)
(RDMA_READ_CONSUME_CHECK_CONSUMER) timestamp=6527 ms, used_size=7118848 bytes (17.4%)
(RDMA_READ_CONSUME_CHECK_CONSUMER) timestamp=6527 ms, used_size=7116800 bytes (17.4%)
(RDMA_READ_CONSUME_CHECK_CONSUMER) timestamp=6527 ms, used_size=7114752 bytes (17.4%)
(RDMA_READ_CONSUME_CHECK_CONSUMER) timestamp=6527 ms, used_size=7112704 bytes (17.4%)
(RDMA_READ_CONSUME_CHECK_CONSUMER) timestamp=6527 ms, used_size=7110656 bytes (17.4%)
(RDMA_READ_CONSUME_CHECK_CONSUMER) timestamp=6527 ms, used_size=7108608 bytes (17.4%)
(RDMA_READ_CONSUME_CHECK_CONSUMER) timestamp=6527 ms, used_size=7106560 bytes (17.4%)
(RDMA_READ_CONSUME_CHECK_CONSUMER) timestamp=6527 ms, used_size=7104512 bytes (17.3%)
(RDMA_READ_CONSUME_CHECK_CONSUMER) timestamp=6527 ms, used_size=7102464 bytes (17.3%)
(RDMA_READ_CONSUME_CHECK_CONSUMER) timestamp=6527 ms, used_size=7100416 bytes (17.3%)
(RDMA_READ_CONSUME_CHECK_CONSUMER) timestamp=6527 ms, used_size=7098368 bytes (17.3%)
(RDMA_READ_CONSUME_CHECK_CONSUMER) timestamp=6527 ms, used_size=7096320 bytes (17.3%)
(RDMA_READ_CONSUME_CHECK_CONSUMER) timestamp=6527 ms, used_size=7094272 bytes (17.3%)
(RDMA_READ_CONSUME_CHECK_CONSUMER) timestamp=6527 ms, used_size=7092224 bytes (17.3%)
(RDMA_READ_CONSUME_CHECK_CONSUMER) timestamp=6527 ms, used_size=7090176 bytes (17.3%)
(RDMA_READ_CONSUME_CHECK_CONSUMER) timestamp=6527 ms, used_size=7088128 bytes (17.3%)
(RDMA_READ_CONSUME_CHECK_CONSUMER) timestamp=6527 ms, used_size=7086080 bytes (17.3%)
(RDMA_READ_CONSUME_CHECK_CONSUMER) timestamp=6527 ms, used_size=7084032 bytes (17.3%)
(RDMA_READ_CONSUME_CHECK_CONSUMER) timestamp=6527 ms, used_size=7081984 bytes (17.3%)
(RDMA_READ_CONSUME_CHECK_CONSUMER) timestamp=6527 ms, used_size=7079936 bytes (17.3%)
(RDMA_READ_CONSUME_CHECK_CONSUMER) timestamp=6527 ms, used_size=7077888 bytes (17.3%)
(RDMA_READ_CONSUME_CHECK_CONSUMER) timestamp=6527 ms, used_size=7075840 bytes (17.3%)
(RDMA_READ_CONSUME_CHECK_CONSUMER) timestamp=6527 ms, used_size=7073792 bytes (17.3%)
(RDMA_READ_CONSUME_CHECK_CONSUMER) timestamp=6527 ms, used_size=7071744 bytes (17.3%)
(RDMA_READ_CONSUME_CHECK_CONSUMER) timestamp=6527 ms, used_size=7069696 bytes (17.3%)
(RDMA_READ_CONSUME_CHECK_CONSUMER) timestamp=6527 ms, used_size=7067648 bytes (17.3%)
(RDMA_READ_CONSUME_CHECK_CONSUMER) timestamp=6527 ms, used_size=7065600 bytes (17.2%)
(RDMA_READ_CONSUME_CHECK_CONSUMER) timestamp=6527 ms, used_size=7063552 bytes (17.2%)
(RDMA_READ_CONSUME_CHECK_CONSUMER) timestamp=6527 ms, used_size=7061504 bytes (17.2%)
(RDMA_READ_CONSUME_CHECK_CONSUMER) timestamp=6527 ms, used_size=7059456 bytes (17.2%)
(RDMA_READ_CONSUME_CHECK_CONSUMER) timestamp=6527 ms, used_size=7057408 bytes (17.2%)
(RDMA_READ_CONSUME_CHECK_CONSUMER) timestamp=6527 ms, used_size=7055360 bytes (17.2%)
(RDMA_READ_CONSUME_CHECK_CONSUMER) timestamp=6527 ms, used_size=7053312 bytes (17.2%)
(RDMA_READ_CONSUME_CHECK_CONSUMER) timestamp=6527 ms, used_size=7051264 bytes (17.2%)
(RDMA_READ_CONSUME_CHECK_CONSUMER) timestamp=6527 ms, used_size=7049216 bytes (17.2%)
(RDMA_READ_CONSUME_CHECK_CONSUMER) timestamp=6527 ms, used_size=7047168 bytes (17.2%)
(RDMA_READ_CONSUME_CHECK_CONSUMER) timestamp=6527 ms, used_size=7045120 bytes (17.2%)
(RDMA_READ_CONSUME_CHECK_CONSUMER) timestamp=6527 ms, used_size=7043072 bytes (17.2%)
(RDMA_READ_CONSUME_CHECK_CONSUMER) timestamp=6527 ms, used_size=7041024 bytes (17.2%)
(RDMA_READ_CONSUME_CHECK_CONSUMER) timestamp=6527 ms, used_size=7038976 bytes (17.2%)
(RDMA_READ_CONSUME_CHECK_CONSUMER) timestamp=6527 ms, used_size=7036928 bytes (17.2%)
(RDMA_READ_CONSUME_CHECK_CONSUMER) timestamp=6527 ms, used_size=7034880 bytes (17.2%)
(RDMA_READ_CONSUME_CHECK_CONSUMER) timestamp=6527 ms, used_size=7032832 bytes (17.2%)
(RDMA_READ_CONSUME_CHECK_CONSUMER) timestamp=6527 ms, used_size=7030784 bytes (17.2%)
(RDMA_READ_CONSUME_CHECK_CONSUMER) timestamp=6527 ms, used_size=7028736 bytes (17.2%)
(RDMA_READ_CONSUME_CHECK_CONSUMER) timestamp=6527 ms, used_size=7026688 bytes (17.2%)
(RDMA_READ_CONSUME_CHECK_CONSUMER) timestamp=6527 ms, used_size=7024640 bytes (17.1%)
(RDMA_READ_CONSUME_CHECK_CONSUMER) timestamp=6527 ms, used_size=7022592 bytes (17.1%)
(RDMA_READ_CONSUME_CHECK_CONSUMER) timestamp=6527 ms, used_size=7020544 bytes (17.1%)
(RDMA_READ_CONSUME_CHECK_CONSUMER) timestamp=6527 ms, used_size=7018496 bytes (17.1%)
(RDMA_READ_CONSUME_CHECK_CONSUMER) timestamp=6527 ms, used_size=7016448 bytes (17.1%)
(RDMA_READ_CONSUME_CHECK_CONSUMER) timestamp=6527 ms, used_size=7014400 bytes (17.1%)
(RDMA_READ_CONSUME_CHECK_CONSUMER) timestamp=6527 ms, used_size=7012352 bytes (17.1%)
(RDMA_READ_CONSUME_CHECK_CONSUMER) timestamp=6527 ms, used_size=7010304 bytes (17.1%)
(RDMA_READ_CONSUME_CHECK_CONSUMER) timestamp=6527 ms, used_size=7008256 bytes (17.1%)
(RDMA_READ_CONSUME_CHECK_CONSUMER) timestamp=6527 ms, used_size=7006208 bytes (17.1%)
(RDMA_READ_CONSUME_CHECK_CONSUMER) timestamp=6527 ms, used_size=7004160 bytes (17.1%)
(RDMA_READ_CONSUME_CHECK_CONSUMER) timestamp=6527 ms, used_size=7002112 bytes (17.1%)
(RDMA_READ_CONSUME_CHECK_CONSUMER) timestamp=6527 ms, used_size=7000064 bytes (17.1%)
(RDMA_READ_CONSUME_CHECK_CONSUMER) timestamp=6527 ms, used_size=6998016 bytes (17.1%)
(RDMA_READ_CONSUME_CHECK_CONSUMER) timestamp=6527 ms, used_size=6995968 bytes (17.1%)
(RDMA_READ_CONSUME_CHECK_CONSUMER) timestamp=6527 ms, used_size=6993920 bytes (17.1%)
(RDMA_READ_CONSUME_CHECK_CONSUMER) timestamp=6527 ms, used_size=6991872 bytes (17.1%)
(RDMA_READ_CONSUME_CHECK_CONSUMER) timestamp=6527 ms, used_size=6989824 bytes (17.1%)
(RDMA_READ_CONSUME_CHECK_CONSUMER) timestamp=6527 ms, used_size=6987776 bytes (17.1%)
(RDMA_READ_CONSUME_CHECK_CONSUMER) timestamp=6527 ms, used_size=6985728 bytes (17.1%)
(RDMA_READ_CONSUME_CHECK_CONSUMER) timestamp=6527 ms, used_size=6983680 bytes (17.1%)
(RDMA_READ_CONSUME_CHECK_CONSUMER) timestamp=6527 ms, used_size=6981632 bytes (17.0%)
(RDMA_READ_CONSUME_CHECK_CONSUMER) timestamp=6527 ms, used_size=6979584 bytes (17.0%)
(RDMA_READ_CONSUME_CHECK_CONSUMER) timestamp=6527 ms, used_size=6977536 bytes (17.0%)
(RDMA_READ_CONSUME_CHECK_CONSUMER) timestamp=6527 ms, used_size=6975488 bytes (17.0%)
(RDMA_READ_CONSUME_CHECK_CONSUMER) timestamp=6527 ms, used_size=6973440 bytes (17.0%)
(RDMA_READ_CONSUME_CHECK_CONSUMER) timestamp=6527 ms, used_size=6971392 bytes (17.0%)
(RDMA_READ_CONSUME_CHECK_CONSUMER) timestamp=6527 ms, used_size=6969344 bytes (17.0%)
(RDMA_READ_CONSUME_CHECK_CONSUMER) timestamp=6527 ms, used_size=6967296 bytes (17.0%)
(RDMA_READ_CONSUME_CHECK_CONSUMER) timestamp=6527 ms, used_size=6965248 bytes (17.0%)
(RDMA_READ_CONSUME_CHECK_CONSUMER) timestamp=6527 ms, used_size=6963200 bytes (17.0%)
(RDMA_READ_CONSUME_CHECK_CONSUMER) timestamp=6527 ms, used_size=6961152 bytes (17.0%)
(RDMA_READ_CONSUME_CHECK_CONSUMER) timestamp=6527 ms, used_size=6959104 bytes (17.0%)
(RDMA_READ_CONSUME_CHECK_CONSUMER) timestamp=6527 ms, used_size=6957056 bytes (17.0%)
(RDMA_READ_CONSUME_CHECK_CONSUMER) timestamp=6527 ms, used_size=6955008 bytes (17.0%)
(RDMA_READ_CONSUME_CHECK_CONSUMER) timestamp=6527 ms, used_size=6952960 bytes (17.0%)
(RDMA_READ_CONSUME_CHECK_CONSUMER) timestamp=6527 ms, used_size=6950912 bytes (17.0%)
(RDMA_READ_CONSUME_CHECK_CONSUMER) timestamp=6527 ms, used_size=6948864 bytes (17.0%)
(RDMA_READ_CONSUME_CHECK_CONSUMER) timestamp=6527 ms, used_size=6946816 bytes (17.0%)
(RDMA_READ_CONSUME_CHECK_CONSUMER) timestamp=6527 ms, used_size=6944768 bytes (17.0%)
(RDMA_READ_CONSUME_CHECK_CONSUMER) timestamp=6527 ms, used_size=6942720 bytes (16.9%)
(RDMA_READ_CONSUME_CHECK_CONSUMER) timestamp=6527 ms, used_size=6940672 bytes (16.9%)
(RDMA_READ_CONSUME_CHECK_CONSUMER) timestamp=6527 ms, used_size=6938624 bytes (16.9%)
(RDMA_READ_CONSUME_CHECK_CONSUMER) timestamp=6527 ms, used_size=6936576 bytes (16.9%)
(RDMA_READ_CONSUME_CHECK_CONSUMER) timestamp=6527 ms, used_size=6934528 bytes (16.9%)
(RDMA_READ_CONSUME_CHECK_CONSUMER) timestamp=6527 ms, used_size=6932480 bytes (16.9%)
(RDMA_READ_CONSUME_CHECK_CONSUMER) timestamp=6527 ms, used_size=6930432 bytes (16.9%)
(RDMA_READ_CONSUME_CHECK_CONSUMER) timestamp=6527 ms, used_size=6928384 bytes (16.9%)
(RDMA_READ_CONSUME_CHECK_CONSUMER) timestamp=6527 ms, used_size=6926336 bytes (16.9%)
(RDMA_READ_CONSUME_CHECK_CONSUMER) timestamp=6527 ms, used_size=6924288 bytes (16.9%)
(RDMA_READ_CONSUME_CHECK_CONSUMER) timestamp=6527 ms, used_size=6922240 bytes (16.9%)
(RDMA_READ_CONSUME_CHECK_CONSUMER) timestamp=6527 ms, used_size=6920192 bytes (16.9%)
(RDMA_READ_CONSUME_CHECK_CONSUMER) timestamp=6527 ms, used_size=6918144 bytes (16.9%)
(RDMA_READ_CONSUME_CHECK_CONSUMER) timestamp=6527 ms, used_size=6916096 bytes (16.9%)
(RDMA_READ_CONSUME_CHECK_CONSUMER) timestamp=6527 ms, used_size=6914048 bytes (16.9%)
(RDMA_READ_CONSUME_CHECK_CONSUMER) timestamp=6527 ms, used_size=6912000 bytes (16.9%)
(RDMA_READ_CONSUME_CHECK_CONSUMER) timestamp=6527 ms, used_size=6909952 bytes (16.9%)
(RDMA_READ_CONSUME_CHECK_CONSUMER) timestamp=6527 ms, used_size=6907904 bytes (16.9%)
(RDMA_READ_CONSUME_CHECK_CONSUMER) timestamp=6527 ms, used_size=6905856 bytes (16.9%)
(RDMA_READ_CONSUME_CHECK_CONSUMER) timestamp=6527 ms, used_size=6903808 bytes (16.9%)
(RDMA_READ_CONSUME_CHECK_CONSUMER) timestamp=6527 ms, used_size=6901760 bytes (16.9%)
(RDMA_READ_CONSUME_CHECK_CONSUMER) timestamp=6527 ms, used_size=6899712 bytes (16.8%)
(RDMA_READ_CONSUME_CHECK_CONSUMER) timestamp=6527 ms, used_size=6897664 bytes (16.8%)
(RDMA_READ_CONSUME_CHECK_CONSUMER) timestamp=6527 ms, used_size=6895616 bytes (16.8%)
(RDMA_READ_CONSUME_CHECK_CONSUMER) timestamp=6527 ms, used_size=6893568 bytes (16.8%)
(RDMA_READ_CONSUME_CHECK_CONSUMER) timestamp=6527 ms, used_size=6891520 bytes (16.8%)
(RDMA_READ_CONSUME_CHECK_CONSUMER) timestamp=6527 ms, used_size=6889472 bytes (16.8%)
(RDMA_READ_CONSUME_CHECK_CONSUMER) timestamp=6527 ms, used_size=6887424 bytes (16.8%)
(RDMA_READ_CONSUME_CHECK_CONSUMER) timestamp=6527 ms, used_size=6885376 bytes (16.8%)
(RDMA_READ_CONSUME_CHECK_CONSUMER) timestamp=6527 ms, used_size=6883328 bytes (16.8%)
(RDMA_READ_CONSUME_CHECK_CONSUMER) timestamp=6527 ms, used_size=6881280 bytes (16.8%)
(RDMA_READ_CONSUME_CHECK_CONSUMER) timestamp=6527 ms, used_size=6879232 bytes (16.8%)
(RDMA_READ_CONSUME_CHECK_CONSUMER) timestamp=6527 ms, used_size=6877184 bytes (16.8%)
(RDMA_READ_CONSUME_CHECK_CONSUMER) timestamp=6527 ms, used_size=6875136 bytes (16.8%)
(RDMA_READ_CONSUME_CHECK_CONSUMER) timestamp=6527 ms, used_size=6873088 bytes (16.8%)
(RDMA_READ_CONSUME_CHECK_CONSUMER) timestamp=6527 ms, used_size=6871040 bytes (16.8%)
(RDMA_READ_CONSUME_CHECK_CONSUMER) timestamp=6527 ms, used_size=6868992 bytes (16.8%)
(RDMA_READ_CONSUME_CHECK_CONSUMER) timestamp=6527 ms, used_size=6866944 bytes (16.8%)
(RDMA_READ_CONSUME_CHECK_CONSUMER) timestamp=6527 ms, used_size=6864896 bytes (16.8%)
(RDMA_READ_CONSUME_CHECK_CONSUMER) timestamp=6527 ms, used_size=6862848 bytes (16.8%)
(RDMA_READ_CONSUME_CHECK_CONSUMER) timestamp=6527 ms, used_size=6860800 bytes (16.8%)
(RDMA_READ_CONSUME_CHECK_CONSUMER) timestamp=6527 ms, used_size=6858752 bytes (16.7%)
(RDMA_READ_CONSUME_CHECK_CONSUMER) timestamp=6527 ms, used_size=6856704 bytes (16.7%)
(RDMA_READ_CONSUME_CHECK_CONSUMER) timestamp=6527 ms, used_size=6854656 bytes (16.7%)
(RDMA_READ_CONSUME_CHECK_CONSUMER) timestamp=6527 ms, used_size=6852608 bytes (16.7%)
(RDMA_READ_CONSUME_CHECK_CONSUMER) timestamp=6527 ms, used_size=6850560 bytes (16.7%)
(RDMA_READ_CONSUME_CHECK_CONSUMER) timestamp=6527 ms, used_size=6848512 bytes (16.7%)
(RDMA_READ_CONSUME_CHECK_CONSUMER) timestamp=6527 ms, used_size=6846464 bytes (16.7%)
(RDMA_READ_CONSUME_CHECK_CONSUMER) timestamp=6527 ms, used_size=6844416 bytes (16.7%)
(RDMA_READ_CONSUME_CHECK_CONSUMER) timestamp=6527 ms, used_size=6842368 bytes (16.7%)
(RDMA_READ_CONSUME_CHECK_CONSUMER) timestamp=6527 ms, used_size=6840320 bytes (16.7%)
(RDMA_READ_CONSUME_CHECK_CONSUMER) timestamp=6527 ms, used_size=6838272 bytes (16.7%)
(RDMA_READ_CONSUME_CHECK_CONSUMER) timestamp=6527 ms, used_size=6836224 bytes (16.7%)
(RDMA_READ_CONSUME_CHECK_CONSUMER) timestamp=6527 ms, used_size=6834176 bytes (16.7%)
(RDMA_READ_CONSUME_CHECK_CONSUMER) timestamp=6527 ms, used_size=6832128 bytes (16.7%)
(RDMA_READ_CONSUME_CHECK_CONSUMER) timestamp=6527 ms, used_size=6830080 bytes (16.7%)
(RDMA_READ_CONSUME_CHECK_CONSUMER) timestamp=6527 ms, used_size=6828032 bytes (16.7%)
(RDMA_READ_CONSUME_CHECK_CONSUMER) timestamp=6527 ms, used_size=6825984 bytes (16.7%)
(RDMA_READ_CONSUME_CHECK_CONSUMER) timestamp=6527 ms, used_size=6823936 bytes (16.7%)
(RDMA_READ_CONSUME_CHECK_CONSUMER) timestamp=6527 ms, used_size=6821888 bytes (16.7%)
(RDMA_READ_CONSUME_CHECK_CONSUMER) timestamp=6527 ms, used_size=6819840 bytes (16.6%)
(RDMA_READ_CONSUME_CHECK_CONSUMER) timestamp=6527 ms, used_size=6817792 bytes (16.6%)
(RDMA_READ_CONSUME_CHECK_CONSUMER) timestamp=6527 ms, used_size=6815744 bytes (16.6%)
(RDMA_READ_CONSUME_CHECK_CONSUMER) timestamp=6527 ms, used_size=6813696 bytes (16.6%)
(RDMA_READ_CONSUME_CHECK_CONSUMER) timestamp=6527 ms, used_size=6811648 bytes (16.6%)
(RDMA_READ_CONSUME_CHECK_CONSUMER) timestamp=6527 ms, used_size=6809600 bytes (16.6%)
(RDMA_READ_CONSUME_CHECK_CONSUMER) timestamp=6527 ms, used_size=6807552 bytes (16.6%)
(RDMA_READ_CONSUME_CHECK_CONSUMER) timestamp=6527 ms, used_size=6805504 bytes (16.6%)
(RDMA_READ_CONSUME_CHECK_CONSUMER) timestamp=6527 ms, used_size=6803456 bytes (16.6%)
(RDMA_READ_CONSUME_CHECK_CONSUMER) timestamp=6527 ms, used_size=6801408 bytes (16.6%)
(RDMA_READ_CONSUME_CHECK_CONSUMER) timestamp=6527 ms, used_size=6799360 bytes (16.6%)
(RDMA_READ_CONSUME_CHECK_CONSUMER) timestamp=6527 ms, used_size=6797312 bytes (16.6%)
(RDMA_READ_CONSUME_CHECK_CONSUMER) timestamp=6527 ms, used_size=6795264 bytes (16.6%)
(RDMA_READ_CONSUME_CHECK_CONSUMER) timestamp=6527 ms, used_size=6793216 bytes (16.6%)
(RDMA_READ_CONSUME_CHECK_CONSUMER) timestamp=6527 ms, used_size=6791168 bytes (16.6%)
(RDMA_READ_CONSUME_CHECK_CONSUMER) timestamp=6527 ms, used_size=6789120 bytes (16.6%)
(RDMA_READ_CONSUME_CHECK_CONSUMER) timestamp=6527 ms, used_size=6787072 bytes (16.6%)
(RDMA_READ_CONSUME_CHECK_CONSUMER) timestamp=6527 ms, used_size=6785024 bytes (16.6%)
(RDMA_READ_CONSUME_CHECK_CONSUMER) timestamp=6527 ms, used_size=6782976 bytes (16.6%)
(RDMA_READ_CONSUME_CHECK_CONSUMER) timestamp=6528 ms, used_size=6780928 bytes (16.6%)
(RDMA_READ_CONSUME_CHECK_CONSUMER) timestamp=6528 ms, used_size=6778880 bytes (16.6%)
(RDMA_READ_CONSUME_CHECK_CONSUMER) timestamp=6528 ms, used_size=6776832 bytes (16.5%)
(RDMA_READ_CONSUME_CHECK_CONSUMER) timestamp=6528 ms, used_size=6774784 bytes (16.5%)
(RDMA_READ_CONSUME_CHECK_CONSUMER) timestamp=6528 ms, used_size=6772736 bytes (16.5%)
(RDMA_READ_CONSUME_CHECK_CONSUMER) timestamp=6528 ms, used_size=6770688 bytes (16.5%)
(RDMA_READ_CONSUME_CHECK_CONSUMER) timestamp=6528 ms, used_size=6768640 bytes (16.5%)
(RDMA_READ_CONSUME_CHECK_CONSUMER) timestamp=6528 ms, used_size=6766592 bytes (16.5%)
(RDMA_READ_CONSUME_CHECK_CONSUMER) timestamp=6528 ms, used_size=6764544 bytes (16.5%)
(RDMA_READ_CONSUME_CHECK_CONSUMER) timestamp=6528 ms, used_size=6762496 bytes (16.5%)
(RDMA_READ_CONSUME_CHECK_CONSUMER) timestamp=6528 ms, used_size=6760448 bytes (16.5%)
(RDMA_READ_CONSUME_CHECK_CONSUMER) timestamp=6528 ms, used_size=6758400 bytes (16.5%)
(RDMA_READ_CONSUME_CHECK_CONSUMER) timestamp=6528 ms, used_size=6756352 bytes (16.5%)
(RDMA_READ_CONSUME_CHECK_CONSUMER) timestamp=6528 ms, used_size=6754304 bytes (16.5%)
(RDMA_READ_CONSUME_CHECK_CONSUMER) timestamp=6528 ms, used_size=6752256 bytes (16.5%)
(RDMA_READ_CONSUME_CHECK_CONSUMER) timestamp=6528 ms, used_size=6750208 bytes (16.5%)
(RDMA_READ_CONSUME_CHECK_CONSUMER) timestamp=6528 ms, used_size=6748160 bytes (16.5%)
(RDMA_READ_CONSUME_CHECK_CONSUMER) timestamp=6528 ms, used_size=6746112 bytes (16.5%)
(RDMA_READ_CONSUME_CHECK_CONSUMER) timestamp=6528 ms, used_size=6744064 bytes (16.5%)
(RDMA_READ_CONSUME_CHECK_CONSUMER) timestamp=6528 ms, used_size=6742016 bytes (16.5%)
(RDMA_READ_CONSUME_CHECK_CONSUMER) timestamp=6528 ms, used_size=6739968 bytes (16.5%)
(RDMA_READ_CONSUME_CHECK_CONSUMER) timestamp=6528 ms, used_size=6737920 bytes (16.4%)
(RDMA_READ_CONSUME_CHECK_CONSUMER) timestamp=6528 ms, used_size=6735872 bytes (16.4%)
(RDMA_READ_CONSUME_CHECK_CONSUMER) timestamp=6528 ms, used_size=6733824 bytes (16.4%)
(RDMA_READ_CONSUME_CHECK_CONSUMER) timestamp=6528 ms, used_size=6731776 bytes (16.4%)
(RDMA_READ_CONSUME_CHECK_CONSUMER) timestamp=6528 ms, used_size=6729728 bytes (16.4%)
(RDMA_READ_CONSUME_CHECK_CONSUMER) timestamp=6528 ms, used_size=6727680 bytes (16.4%)
(RDMA_READ_CONSUME_CHECK_CONSUMER) timestamp=6528 ms, used_size=6725632 bytes (16.4%)
(RDMA_READ_CONSUME_CHECK_CONSUMER) timestamp=6528 ms, used_size=6723584 bytes (16.4%)
(RDMA_READ_CONSUME_CHECK_CONSUMER) timestamp=6528 ms, used_size=6721536 bytes (16.4%)
(RDMA_READ_CONSUME_CHECK_CONSUMER) timestamp=6528 ms, used_size=6719488 bytes (16.4%)
(RDMA_READ_CONSUME_CHECK_CONSUMER) timestamp=6528 ms, used_size=6717440 bytes (16.4%)
(RDMA_READ_CONSUME_CHECK_CONSUMER) timestamp=6528 ms, used_size=6715392 bytes (16.4%)
(RDMA_READ_CONSUME_CHECK_CONSUMER) timestamp=6528 ms, used_size=6713344 bytes (16.4%)
(RDMA_READ_CONSUME_CHECK_CONSUMER) timestamp=6528 ms, used_size=6711296 bytes (16.4%)
(RDMA_READ_CONSUME_CHECK_CONSUMER) timestamp=6528 ms, used_size=6709248 bytes (16.4%)
(RDMA_READ_CONSUME_CHECK_CONSUMER) timestamp=6528 ms, used_size=6707200 bytes (16.4%)
(RDMA_READ_CONSUME_CHECK_CONSUMER) timestamp=6528 ms, used_size=6705152 bytes (16.4%)
(RDMA_READ_CONSUME_CHECK_CONSUMER) timestamp=6528 ms, used_size=6703104 bytes (16.4%)
(RDMA_READ_CONSUME_CHECK_CONSUMER) timestamp=6528 ms, used_size=6701056 bytes (16.4%)
(RDMA_READ_CONSUME_CHECK_CONSUMER) timestamp=6528 ms, used_size=6699008 bytes (16.4%)
(RDMA_READ_CONSUME_CHECK_CONSUMER) timestamp=6528 ms, used_size=6696960 bytes (16.4%)
(RDMA_READ_CONSUME_CHECK_CONSUMER) timestamp=6528 ms, used_size=6694912 bytes (16.3%)
(RDMA_READ_CONSUME_CHECK_CONSUMER) timestamp=6528 ms, used_size=6692864 bytes (16.3%)
(RDMA_READ_CONSUME_CHECK_CONSUMER) timestamp=6528 ms, used_size=6690816 bytes (16.3%)
(RDMA_READ_CONSUME_CHECK_CONSUMER) timestamp=6528 ms, used_size=6688768 bytes (16.3%)
(RDMA_READ_CONSUME_CHECK_CONSUMER) timestamp=6528 ms, used_size=6686720 bytes (16.3%)
(RDMA_READ_CONSUME_CHECK_CONSUMER) timestamp=6528 ms, used_size=6684672 bytes (16.3%)
(RDMA_READ_CONSUME_CHECK_CONSUMER) timestamp=6528 ms, used_size=6682624 bytes (16.3%)
(RDMA_READ_CONSUME_CHECK_CONSUMER) timestamp=6528 ms, used_size=6680576 bytes (16.3%)
(RDMA_READ_CONSUME_CHECK_CONSUMER) timestamp=6528 ms, used_size=6678528 bytes (16.3%)
(RDMA_READ_CONSUME_CHECK_CONSUMER) timestamp=6528 ms, used_size=6676480 bytes (16.3%)
(RDMA_READ_CONSUME_CHECK_CONSUMER) timestamp=6528 ms, used_size=6674432 bytes (16.3%)
(RDMA_READ_CONSUME_CHECK_CONSUMER) timestamp=6528 ms, used_size=6672384 bytes (16.3%)
(RDMA_READ_CONSUME_CHECK_CONSUMER) timestamp=6528 ms, used_size=6670336 bytes (16.3%)
(RDMA_READ_CONSUME_CHECK_CONSUMER) timestamp=6528 ms, used_size=6668288 bytes (16.3%)
(RDMA_READ_CONSUME_CHECK_CONSUMER) timestamp=6528 ms, used_size=6666240 bytes (16.3%)
(RDMA_READ_CONSUME_CHECK_CONSUMER) timestamp=6528 ms, used_size=6664192 bytes (16.3%)
(RDMA_READ_CONSUME_CHECK_CONSUMER) timestamp=6528 ms, used_size=6662144 bytes (16.3%)
(RDMA_READ_CONSUME_CHECK_CONSUMER) timestamp=6528 ms, used_size=6660096 bytes (16.3%)
(RDMA_READ_CONSUME_CHECK_CONSUMER) timestamp=6528 ms, used_size=6658048 bytes (16.3%)
(RDMA_READ_CONSUME_CHECK_CONSUMER) timestamp=6528 ms, used_size=6656000 bytes (16.2%)
(RDMA_READ_CONSUME_CHECK_CONSUMER) timestamp=6528 ms, used_size=6653952 bytes (16.2%)
(RDMA_READ_CONSUME_CHECK_CONSUMER) timestamp=6528 ms, used_size=6651904 bytes (16.2%)
(RDMA_READ_CONSUME_CHECK_CONSUMER) timestamp=6528 ms, used_size=6649856 bytes (16.2%)
(RDMA_READ_CONSUME_CHECK_CONSUMER) timestamp=6528 ms, used_size=6647808 bytes (16.2%)
(RDMA_READ_CONSUME_CHECK_CONSUMER) timestamp=6528 ms, used_size=6645760 bytes (16.2%)
(RDMA_READ_CONSUME_CHECK_CONSUMER) timestamp=6528 ms, used_size=6643712 bytes (16.2%)
(RDMA_READ_CONSUME_CHECK_CONSUMER) timestamp=6528 ms, used_size=6641664 bytes (16.2%)
(RDMA_READ_CONSUME_CHECK_CONSUMER) timestamp=6528 ms, used_size=6639616 bytes (16.2%)
(RDMA_READ_CONSUME_CHECK_CONSUMER) timestamp=6528 ms, used_size=6637568 bytes (16.2%)
(RDMA_READ_CONSUME_CHECK_CONSUMER) timestamp=6528 ms, used_size=6635520 bytes (16.2%)
(RDMA_READ_CONSUME_CHECK_CONSUMER) timestamp=6528 ms, used_size=6633472 bytes (16.2%)
(RDMA_READ_CONSUME_CHECK_CONSUMER) timestamp=6528 ms, used_size=6631424 bytes (16.2%)
(RDMA_READ_CONSUME_CHECK_CONSUMER) timestamp=6528 ms, used_size=6629376 bytes (16.2%)
(RDMA_READ_CONSUME_CHECK_CONSUMER) timestamp=6528 ms, used_size=6627328 bytes (16.2%)
(RDMA_READ_CONSUME_CHECK_CONSUMER) timestamp=6528 ms, used_size=6625280 bytes (16.2%)
(RDMA_READ_CONSUME_CHECK_CONSUMER) timestamp=6528 ms, used_size=6623232 bytes (16.2%)
(RDMA_READ_CONSUME_CHECK_CONSUMER) timestamp=6528 ms, used_size=6621184 bytes (16.2%)
(RDMA_READ_CONSUME_CHECK_CONSUMER) timestamp=6528 ms, used_size=6619136 bytes (16.2%)
(RDMA_READ_CONSUME_CHECK_CONSUMER) timestamp=6528 ms, used_size=6617088 bytes (16.2%)
(RDMA_READ_CONSUME_CHECK_CONSUMER) timestamp=6528 ms, used_size=6615040 bytes (16.1%)
(RDMA_READ_CONSUME_CHECK_CONSUMER) timestamp=6528 ms, used_size=6612992 bytes (16.1%)
(RDMA_READ_CONSUME_CHECK_CONSUMER) timestamp=6528 ms, used_size=6610944 bytes (16.1%)
(RDMA_READ_CONSUME_CHECK_CONSUMER) timestamp=6528 ms, used_size=6608896 bytes (16.1%)
(RDMA_READ_CONSUME_CHECK_CONSUMER) timestamp=6528 ms, used_size=6606848 bytes (16.1%)
(RDMA_READ_CONSUME_CHECK_CONSUMER) timestamp=6528 ms, used_size=6604800 bytes (16.1%)
(RDMA_READ_CONSUME_CHECK_CONSUMER) timestamp=6528 ms, used_size=6602752 bytes (16.1%)
(RDMA_READ_CONSUME_CHECK_CONSUMER) timestamp=6528 ms, used_size=6600704 bytes (16.1%)
(RDMA_READ_CONSUME_CHECK_CONSUMER) timestamp=6528 ms, used_size=6598656 bytes (16.1%)
(RDMA_READ_CONSUME_CHECK_CONSUMER) timestamp=6528 ms, used_size=6596608 bytes (16.1%)
(RDMA_READ_CONSUME_CHECK_CONSUMER) timestamp=6528 ms, used_size=6594560 bytes (16.1%)
(RDMA_READ_CONSUME_CHECK_CONSUMER) timestamp=6528 ms, used_size=6592512 bytes (16.1%)
(RDMA_READ_CONSUME_CHECK_CONSUMER) timestamp=6528 ms, used_size=6590464 bytes (16.1%)
(RDMA_READ_CONSUME_CHECK_CONSUMER) timestamp=6528 ms, used_size=6588416 bytes (16.1%)
(RDMA_READ_CONSUME_CHECK_CONSUMER) timestamp=6528 ms, used_size=6586368 bytes (16.1%)
(RDMA_READ_CONSUME_CHECK_CONSUMER) timestamp=6528 ms, used_size=6584320 bytes (16.1%)
(RDMA_READ_CONSUME_CHECK_CONSUMER) timestamp=6528 ms, used_size=6582272 bytes (16.1%)
(RDMA_READ_CONSUME_CHECK_CONSUMER) timestamp=6528 ms, used_size=6580224 bytes (16.1%)
(RDMA_READ_CONSUME_CHECK_CONSUMER) timestamp=6528 ms, used_size=6578176 bytes (16.1%)
(RDMA_READ_CONSUME_CHECK_CONSUMER) timestamp=6528 ms, used_size=6576128 bytes (16.1%)
(RDMA_READ_CONSUME_CHECK_CONSUMER) timestamp=6528 ms, used_size=6574080 bytes (16.1%)
(RDMA_READ_CONSUME_CHECK_CONSUMER) timestamp=6528 ms, used_size=6572032 bytes (16.0%)
(RDMA_READ_CONSUME_CHECK_CONSUMER) timestamp=6528 ms, used_size=6569984 bytes (16.0%)
(RDMA_READ_CONSUME_CHECK_CONSUMER) timestamp=6528 ms, used_size=6567936 bytes (16.0%)
(RDMA_READ_CONSUME_CHECK_CONSUMER) timestamp=6528 ms, used_size=6565888 bytes (16.0%)
(RDMA_READ_CONSUME_CHECK_CONSUMER) timestamp=6528 ms, used_size=6563840 bytes (16.0%)
(RDMA_READ_CONSUME_CHECK_CONSUMER) timestamp=6528 ms, used_size=6561792 bytes (16.0%)
(RDMA_READ_CONSUME_CHECK_CONSUMER) timestamp=6528 ms, used_size=6559744 bytes (16.0%)
(RDMA_READ_CONSUME_CHECK_CONSUMER) timestamp=6528 ms, used_size=6557696 bytes (16.0%)
(RDMA_READ_CONSUME_CHECK_CONSUMER) timestamp=6528 ms, used_size=6555648 bytes (16.0%)
(RDMA_READ_CONSUME_CHECK_CONSUMER) timestamp=6528 ms, used_size=6553600 bytes (16.0%)
(RDMA_READ_CONSUME_CHECK_CONSUMER) timestamp=6528 ms, used_size=6551552 bytes (16.0%)
(RDMA_READ_CONSUME_CHECK_CONSUMER) timestamp=6528 ms, used_size=6549504 bytes (16.0%)
(RDMA_READ_CONSUME_CHECK_CONSUMER) timestamp=6528 ms, used_size=6547456 bytes (16.0%)
(RDMA_READ_CONSUME_CHECK_CONSUMER) timestamp=6528 ms, used_size=6545408 bytes (16.0%)
(RDMA_READ_CONSUME_CHECK_CONSUMER) timestamp=6528 ms, used_size=6543360 bytes (16.0%)
(RDMA_READ_CONSUME_CHECK_CONSUMER) timestamp=6528 ms, used_size=6541312 bytes (16.0%)
(RDMA_READ_CONSUME_CHECK_CONSUMER) timestamp=6528 ms, used_size=6539264 bytes (16.0%)
(RDMA_READ_CONSUME_CHECK_CONSUMER) timestamp=6528 ms, used_size=6537216 bytes (16.0%)
(RDMA_READ_CONSUME_CHECK_CONSUMER) timestamp=6528 ms, used_size=6535168 bytes (16.0%)
(RDMA_READ_CONSUME_CHECK_CONSUMER) timestamp=6528 ms, used_size=6533120 bytes (15.9%)
(RDMA_READ_CONSUME_CHECK_CONSUMER) timestamp=6528 ms, used_size=6531072 bytes (15.9%)
(RDMA_READ_CONSUME_CHECK_CONSUMER) timestamp=6528 ms, used_size=6529024 bytes (15.9%)
(RDMA_READ_CONSUME_CHECK_CONSUMER) timestamp=6528 ms, used_size=6526976 bytes (15.9%)
(RDMA_READ_CONSUME_CHECK_CONSUMER) timestamp=6528 ms, used_size=6524928 bytes (15.9%)
(RDMA_READ_CONSUME_CHECK_CONSUMER) timestamp=6528 ms, used_size=6522880 bytes (15.9%)
(RDMA_READ_CONSUME_CHECK_CONSUMER) timestamp=6528 ms, used_size=6520832 bytes (15.9%)
(RDMA_READ_CONSUME_CHECK_CONSUMER) timestamp=6528 ms, used_size=6518784 bytes (15.9%)
(RDMA_READ_CONSUME_CHECK_CONSUMER) timestamp=6528 ms, used_size=6516736 bytes (15.9%)
(RDMA_READ_CONSUME_CHECK_CONSUMER) timestamp=6528 ms, used_size=6514688 bytes (15.9%)
(RDMA_READ_CONSUME_CHECK_CONSUMER) timestamp=6528 ms, used_size=6512640 bytes (15.9%)
(RDMA_READ_CONSUME_CHECK_CONSUMER) timestamp=6528 ms, used_size=6510592 bytes (15.9%)
(RDMA_READ_CONSUME_CHECK_CONSUMER) timestamp=6528 ms, used_size=6508544 bytes (15.9%)
(RDMA_READ_CONSUME_CHECK_CONSUMER) timestamp=6528 ms, used_size=6506496 bytes (15.9%)
(RDMA_READ_CONSUME_CHECK_CONSUMER) timestamp=6528 ms, used_size=6504448 bytes (15.9%)
(RDMA_READ_CONSUME_CHECK_CONSUMER) timestamp=6528 ms, used_size=6502400 bytes (15.9%)
(RDMA_READ_CONSUME_CHECK_CONSUMER) timestamp=6528 ms, used_size=6500352 bytes (15.9%)
(RDMA_READ_CONSUME_CHECK_CONSUMER) timestamp=6528 ms, used_size=6498304 bytes (15.9%)
(RDMA_READ_CONSUME_CHECK_CONSUMER) timestamp=6528 ms, used_size=6496256 bytes (15.9%)
(RDMA_READ_CONSUME_CHECK_CONSUMER) timestamp=6528 ms, used_size=6494208 bytes (15.9%)
(RDMA_READ_CONSUME_CHECK_CONSUMER) timestamp=6528 ms, used_size=6492160 bytes (15.8%)
(RDMA_READ_CONSUME_CHECK_CONSUMER) timestamp=6528 ms, used_size=6490112 bytes (15.8%)
(RDMA_READ_CONSUME_CHECK_CONSUMER) timestamp=6528 ms, used_size=6488064 bytes (15.8%)
(RDMA_READ_CONSUME_CHECK_CONSUMER) timestamp=6528 ms, used_size=6486016 bytes (15.8%)
(RDMA_READ_CONSUME_CHECK_CONSUMER) timestamp=6528 ms, used_size=6483968 bytes (15.8%)
(RDMA_READ_CONSUME_CHECK_CONSUMER) timestamp=6528 ms, used_size=6481920 bytes (15.8%)
(RDMA_READ_CONSUME_CHECK_CONSUMER) timestamp=6528 ms, used_size=6479872 bytes (15.8%)
(RDMA_READ_CONSUME_CHECK_CONSUMER) timestamp=6528 ms, used_size=6477824 bytes (15.8%)
(RDMA_READ_CONSUME_CHECK_CONSUMER) timestamp=6528 ms, used_size=6475776 bytes (15.8%)
(RDMA_READ_CONSUME_CHECK_CONSUMER) timestamp=6528 ms, used_size=6473728 bytes (15.8%)
(RDMA_READ_CONSUME_CHECK_CONSUMER) timestamp=6528 ms, used_size=6471680 bytes (15.8%)
(RDMA_READ_CONSUME_CHECK_CONSUMER) timestamp=6528 ms, used_size=6469632 bytes (15.8%)
(RDMA_READ_CONSUME_CHECK_CONSUMER) timestamp=6528 ms, used_size=6467584 bytes (15.8%)
(RDMA_READ_CONSUME_CHECK_CONSUMER) timestamp=6528 ms, used_size=6465536 bytes (15.8%)
(RDMA_READ_CONSUME_CHECK_CONSUMER) timestamp=6528 ms, used_size=6463488 bytes (15.8%)
(RDMA_READ_CONSUME_CHECK_CONSUMER) timestamp=6528 ms, used_size=6461440 bytes (15.8%)
(RDMA_READ_CONSUME_CHECK_CONSUMER) timestamp=6528 ms, used_size=6459392 bytes (15.8%)
(RDMA_READ_CONSUME_CHECK_CONSUMER) timestamp=6528 ms, used_size=6457344 bytes (15.8%)
(RDMA_READ_CONSUME_CHECK_CONSUMER) timestamp=6528 ms, used_size=6455296 bytes (15.8%)
(RDMA_READ_CONSUME_CHECK_CONSUMER) timestamp=6528 ms, used_size=6453248 bytes (15.8%)
(RDMA_READ_CONSUME_CHECK_CONSUMER) timestamp=6528 ms, used_size=6451200 bytes (15.8%)
(RDMA_READ_CONSUME_CHECK_CONSUMER) timestamp=6528 ms, used_size=6449152 bytes (15.7%)
(RDMA_READ_CONSUME_CHECK_CONSUMER) timestamp=6528 ms, used_size=6447104 bytes (15.7%)
(RDMA_READ_CONSUME_CHECK_CONSUMER) timestamp=6528 ms, used_size=6445056 bytes (15.7%)
(RDMA_READ_CONSUME_CHECK_CONSUMER) timestamp=6528 ms, used_size=6443008 bytes (15.7%)
(RDMA_READ_CONSUME_CHECK_CONSUMER) timestamp=6528 ms, used_size=6440960 bytes (15.7%)
(RDMA_READ_CONSUME_CHECK_CONSUMER) timestamp=6528 ms, used_size=6438912 bytes (15.7%)
(RDMA_READ_CONSUME_CHECK_CONSUMER) timestamp=6528 ms, used_size=6436864 bytes (15.7%)
(RDMA_READ_CONSUME_CHECK_CONSUMER) timestamp=6528 ms, used_size=6434816 bytes (15.7%)
(RDMA_READ_CONSUME_CHECK_CONSUMER) timestamp=6528 ms, used_size=6432768 bytes (15.7%)
(RDMA_READ_CONSUME_CHECK_CONSUMER) timestamp=6528 ms, used_size=6430720 bytes (15.7%)
(RDMA_READ_CONSUME_CHECK_CONSUMER) timestamp=6528 ms, used_size=6428672 bytes (15.7%)
(RDMA_READ_CONSUME_CHECK_CONSUMER) timestamp=6528 ms, used_size=6426624 bytes (15.7%)
(RDMA_READ_CONSUME_CHECK_CONSUMER) timestamp=6528 ms, used_size=6424576 bytes (15.7%)
(RDMA_READ_CONSUME_CHECK_CONSUMER) timestamp=6528 ms, used_size=6422528 bytes (15.7%)
(RDMA_READ_CONSUME_CHECK_CONSUMER) timestamp=6528 ms, used_size=6420480 bytes (15.7%)
(RDMA_READ_CONSUME_CHECK_CONSUMER) timestamp=6528 ms, used_size=6418432 bytes (15.7%)
(RDMA_READ_CONSUME_CHECK_CONSUMER) timestamp=6528 ms, used_size=6416384 bytes (15.7%)
(RDMA_READ_CONSUME_CHECK_CONSUMER) timestamp=6528 ms, used_size=6414336 bytes (15.7%)
(RDMA_READ_CONSUME_CHECK_CONSUMER) timestamp=6528 ms, used_size=6412288 bytes (15.7%)
(RDMA_READ_CONSUME_CHECK_CONSUMER) timestamp=6529 ms, used_size=6410240 bytes (15.7%)
(RDMA_READ_CONSUME_CHECK_CONSUMER) timestamp=6529 ms, used_size=6408192 bytes (15.6%)
(RDMA_READ_CONSUME_CHECK_CONSUMER) timestamp=6529 ms, used_size=6406144 bytes (15.6%)
(RDMA_READ_CONSUME_CHECK_CONSUMER) timestamp=6529 ms, used_size=6404096 bytes (15.6%)
(RDMA_READ_CONSUME_CHECK_CONSUMER) timestamp=6529 ms, used_size=6402048 bytes (15.6%)
(RDMA_READ_CONSUME_CHECK_CONSUMER) timestamp=6529 ms, used_size=6400000 bytes (15.6%)
(RDMA_READ_CONSUME_CHECK_CONSUMER) timestamp=6529 ms, used_size=6397952 bytes (15.6%)
(RDMA_READ_CONSUME_CHECK_CONSUMER) timestamp=6529 ms, used_size=6395904 bytes (15.6%)
(RDMA_READ_CONSUME_CHECK_CONSUMER) timestamp=6529 ms, used_size=6393856 bytes (15.6%)
(RDMA_READ_CONSUME_CHECK_CONSUMER) timestamp=6529 ms, used_size=6391808 bytes (15.6%)
(RDMA_READ_CONSUME_CHECK_CONSUMER) timestamp=6529 ms, used_size=6389760 bytes (15.6%)
(RDMA_READ_CONSUME_CHECK_CONSUMER) timestamp=6529 ms, used_size=6387712 bytes (15.6%)
(RDMA_READ_CONSUME_CHECK_CONSUMER) timestamp=6529 ms, used_size=6385664 bytes (15.6%)
(RDMA_READ_CONSUME_CHECK_CONSUMER) timestamp=6529 ms, used_size=6383616 bytes (15.6%)
(RDMA_READ_CONSUME_CHECK_CONSUMER) timestamp=6529 ms, used_size=6381568 bytes (15.6%)
(RDMA_READ_CONSUME_CHECK_CONSUMER) timestamp=6529 ms, used_size=6379520 bytes (15.6%)
(RDMA_READ_CONSUME_CHECK_CONSUMER) timestamp=6529 ms, used_size=6377472 bytes (15.6%)
(RDMA_READ_CONSUME_CHECK_CONSUMER) timestamp=6529 ms, used_size=6375424 bytes (15.6%)
(RDMA_READ_CONSUME_CHECK_CONSUMER) timestamp=6529 ms, used_size=6373376 bytes (15.6%)
(RDMA_READ_CONSUME_CHECK_CONSUMER) timestamp=6529 ms, used_size=6371328 bytes (15.6%)
(RDMA_READ_CONSUME_CHECK_CONSUMER) timestamp=6529 ms, used_size=6369280 bytes (15.6%)
(RDMA_READ_CONSUME_CHECK_CONSUMER) timestamp=6529 ms, used_size=6367232 bytes (15.5%)
(RDMA_READ_CONSUME_CHECK_CONSUMER) timestamp=6529 ms, used_size=6365184 bytes (15.5%)
(RDMA_READ_CONSUME_CHECK_CONSUMER) timestamp=6529 ms, used_size=6363136 bytes (15.5%)
(RDMA_READ_CONSUME_CHECK_CONSUMER) timestamp=6529 ms, used_size=6361088 bytes (15.5%)
(RDMA_READ_CONSUME_CHECK_CONSUMER) timestamp=6529 ms, used_size=6359040 bytes (15.5%)
(RDMA_READ_CONSUME_CHECK_CONSUMER) timestamp=6529 ms, used_size=6356992 bytes (15.5%)
(RDMA_READ_CONSUME_CHECK_CONSUMER) timestamp=6529 ms, used_size=6354944 bytes (15.5%)
(RDMA_READ_CONSUME_CHECK_CONSUMER) timestamp=6529 ms, used_size=6352896 bytes (15.5%)
(RDMA_READ_CONSUME_CHECK_CONSUMER) timestamp=6529 ms, used_size=6350848 bytes (15.5%)
(RDMA_READ_CONSUME_CHECK_CONSUMER) timestamp=6529 ms, used_size=6348800 bytes (15.5%)
(RDMA_READ_CONSUME_CHECK_CONSUMER) timestamp=6529 ms, used_size=6346752 bytes (15.5%)
(RDMA_READ_CONSUME_CHECK_CONSUMER) timestamp=6529 ms, used_size=6344704 bytes (15.5%)
(RDMA_READ_CONSUME_CHECK_CONSUMER) timestamp=6529 ms, used_size=6342656 bytes (15.5%)
(RDMA_READ_CONSUME_CHECK_CONSUMER) timestamp=6529 ms, used_size=6340608 bytes (15.5%)
(RDMA_READ_CONSUME_CHECK_CONSUMER) timestamp=6529 ms, used_size=6338560 bytes (15.5%)
(RDMA_READ_CONSUME_CHECK_CONSUMER) timestamp=6529 ms, used_size=6336512 bytes (15.5%)
(RDMA_READ_CONSUME_CHECK_CONSUMER) timestamp=6529 ms, used_size=6334464 bytes (15.5%)
(RDMA_READ_CONSUME_CHECK_CONSUMER) timestamp=6529 ms, used_size=6332416 bytes (15.5%)
(RDMA_READ_CONSUME_CHECK_CONSUMER) timestamp=6529 ms, used_size=6330368 bytes (15.5%)
(RDMA_READ_CONSUME_CHECK_CONSUMER) timestamp=6529 ms, used_size=6328320 bytes (15.4%)
(RDMA_READ_CONSUME_CHECK_CONSUMER) timestamp=6529 ms, used_size=6326272 bytes (15.4%)
(RDMA_READ_CONSUME_CHECK_CONSUMER) timestamp=6529 ms, used_size=6324224 bytes (15.4%)
(RDMA_READ_CONSUME_CHECK_CONSUMER) timestamp=6529 ms, used_size=6322176 bytes (15.4%)
(RDMA_READ_CONSUME_CHECK_CONSUMER) timestamp=6529 ms, used_size=6320128 bytes (15.4%)
(RDMA_READ_CONSUME_CHECK_CONSUMER) timestamp=6529 ms, used_size=6318080 bytes (15.4%)
(RDMA_READ_CONSUME_CHECK_CONSUMER) timestamp=6529 ms, used_size=6316032 bytes (15.4%)
(RDMA_READ_CONSUME_CHECK_CONSUMER) timestamp=6529 ms, used_size=6313984 bytes (15.4%)
(RDMA_READ_CONSUME_CHECK_CONSUMER) timestamp=6529 ms, used_size=6311936 bytes (15.4%)
(RDMA_READ_CONSUME_CHECK_CONSUMER) timestamp=6529 ms, used_size=6309888 bytes (15.4%)
(RDMA_READ_CONSUME_CHECK_CONSUMER) timestamp=6529 ms, used_size=6307840 bytes (15.4%)
(RDMA_READ_CONSUME_CHECK_CONSUMER) timestamp=6529 ms, used_size=6305792 bytes (15.4%)
(RDMA_READ_CONSUME_CHECK_CONSUMER) timestamp=6529 ms, used_size=6303744 bytes (15.4%)
(RDMA_READ_CONSUME_CHECK_CONSUMER) timestamp=6529 ms, used_size=6301696 bytes (15.4%)
(RDMA_READ_CONSUME_CHECK_CONSUMER) timestamp=6529 ms, used_size=6299648 bytes (15.4%)
(RDMA_READ_CONSUME_CHECK_CONSUMER) timestamp=6529 ms, used_size=6297600 bytes (15.4%)
(RDMA_READ_CONSUME_CHECK_CONSUMER) timestamp=6529 ms, used_size=6295552 bytes (15.4%)
(RDMA_READ_CONSUME_CHECK_CONSUMER) timestamp=6529 ms, used_size=6293504 bytes (15.4%)
(RDMA_READ_CONSUME_CHECK_CONSUMER) timestamp=6529 ms, used_size=6291456 bytes (15.4%)
(RDMA_READ_CONSUME_CHECK_CONSUMER) timestamp=6529 ms, used_size=6289408 bytes (15.4%)
(RDMA_READ_CONSUME_CHECK_CONSUMER) timestamp=6529 ms, used_size=6287360 bytes (15.3%)
(RDMA_READ_CONSUME_CHECK_CONSUMER) timestamp=6529 ms, used_size=6285312 bytes (15.3%)
(RDMA_READ_CONSUME_CHECK_CONSUMER) timestamp=6529 ms, used_size=6283264 bytes (15.3%)
(RDMA_READ_CONSUME_CHECK_CONSUMER) timestamp=6529 ms, used_size=6281216 bytes (15.3%)
(RDMA_READ_CONSUME_CHECK_CONSUMER) timestamp=6529 ms, used_size=6279168 bytes (15.3%)
(RDMA_READ_CONSUME_CHECK_CONSUMER) timestamp=6529 ms, used_size=6277120 bytes (15.3%)
(RDMA_READ_CONSUME_CHECK_CONSUMER) timestamp=6529 ms, used_size=6275072 bytes (15.3%)
(RDMA_READ_CONSUME_CHECK_CONSUMER) timestamp=6529 ms, used_size=6273024 bytes (15.3%)
(RDMA_READ_CONSUME_CHECK_CONSUMER) timestamp=6529 ms, used_size=6270976 bytes (15.3%)
(RDMA_READ_CONSUME_CHECK_CONSUMER) timestamp=6529 ms, used_size=6268928 bytes (15.3%)
(RDMA_READ_CONSUME_CHECK_CONSUMER) timestamp=6529 ms, used_size=6266880 bytes (15.3%)
(RDMA_READ_CONSUME_CHECK_CONSUMER) timestamp=6529 ms, used_size=6264832 bytes (15.3%)
(RDMA_READ_CONSUME_CHECK_CONSUMER) timestamp=6529 ms, used_size=6262784 bytes (15.3%)
(RDMA_READ_CONSUME_CHECK_CONSUMER) timestamp=6529 ms, used_size=6260736 bytes (15.3%)
(RDMA_READ_CONSUME_CHECK_CONSUMER) timestamp=6529 ms, used_size=6258688 bytes (15.3%)
(RDMA_READ_CONSUME_CHECK_CONSUMER) timestamp=6529 ms, used_size=6256640 bytes (15.3%)
(RDMA_READ_CONSUME_CHECK_CONSUMER) timestamp=6529 ms, used_size=6254592 bytes (15.3%)
(RDMA_READ_CONSUME_CHECK_CONSUMER) timestamp=6529 ms, used_size=6252544 bytes (15.3%)
(RDMA_READ_CONSUME_CHECK_CONSUMER) timestamp=6529 ms, used_size=6250496 bytes (15.3%)
(RDMA_READ_CONSUME_CHECK_CONSUMER) timestamp=6529 ms, used_size=6248448 bytes (15.3%)
(RDMA_READ_CONSUME_CHECK_CONSUMER) timestamp=6529 ms, used_size=6246400 bytes (15.2%)
(RDMA_READ_CONSUME_CHECK_CONSUMER) timestamp=6529 ms, used_size=6244352 bytes (15.2%)
(RDMA_READ_CONSUME_CHECK_CONSUMER) timestamp=6529 ms, used_size=6242304 bytes (15.2%)
(RDMA_READ_CONSUME_CHECK_CONSUMER) timestamp=6529 ms, used_size=6240256 bytes (15.2%)
(RDMA_READ_CONSUME_CHECK_CONSUMER) timestamp=6529 ms, used_size=6238208 bytes (15.2%)
(RDMA_READ_CONSUME_CHECK_CONSUMER) timestamp=6529 ms, used_size=6236160 bytes (15.2%)
(RDMA_READ_CONSUME_CHECK_CONSUMER) timestamp=6529 ms, used_size=6234112 bytes (15.2%)
(RDMA_READ_CONSUME_CHECK_CONSUMER) timestamp=6529 ms, used_size=6232064 bytes (15.2%)
(RDMA_READ_CONSUME_CHECK_CONSUMER) timestamp=6529 ms, used_size=6230016 bytes (15.2%)
(RDMA_READ_CONSUME_CHECK_CONSUMER) timestamp=6529 ms, used_size=6227968 bytes (15.2%)
(RDMA_READ_CONSUME_CHECK_CONSUMER) timestamp=6529 ms, used_size=6225920 bytes (15.2%)
(RDMA_READ_CONSUME_CHECK_CONSUMER) timestamp=6529 ms, used_size=6223872 bytes (15.2%)
(RDMA_READ_CONSUME_CHECK_CONSUMER) timestamp=6529 ms, used_size=6221824 bytes (15.2%)
(RDMA_READ_CONSUME_CHECK_CONSUMER) timestamp=6529 ms, used_size=6219776 bytes (15.2%)
(RDMA_READ_CONSUME_CHECK_CONSUMER) timestamp=6529 ms, used_size=6217728 bytes (15.2%)
(RDMA_READ_CONSUME_CHECK_CONSUMER) timestamp=6529 ms, used_size=6215680 bytes (15.2%)
(RDMA_READ_CONSUME_CHECK_CONSUMER) timestamp=6529 ms, used_size=6213632 bytes (15.2%)
(RDMA_READ_CONSUME_CHECK_CONSUMER) timestamp=6529 ms, used_size=6211584 bytes (15.2%)
(RDMA_READ_CONSUME_CHECK_CONSUMER) timestamp=6529 ms, used_size=6209536 bytes (15.2%)
(RDMA_READ_CONSUME_CHECK_CONSUMER) timestamp=6529 ms, used_size=6207488 bytes (15.2%)
(RDMA_READ_CONSUME_CHECK_CONSUMER) timestamp=6529 ms, used_size=6205440 bytes (15.2%)
(RDMA_READ_CONSUME_CHECK_CONSUMER) timestamp=6529 ms, used_size=6203392 bytes (15.1%)
(RDMA_READ_CONSUME_CHECK_CONSUMER) timestamp=6529 ms, used_size=6201344 bytes (15.1%)
(RDMA_READ_CONSUME_CHECK_CONSUMER) timestamp=6529 ms, used_size=6199296 bytes (15.1%)
(RDMA_READ_CONSUME_CHECK_CONSUMER) timestamp=6529 ms, used_size=6197248 bytes (15.1%)
(RDMA_READ_CONSUME_CHECK_CONSUMER) timestamp=6529 ms, used_size=6195200 bytes (15.1%)
(RDMA_READ_CONSUME_CHECK_CONSUMER) timestamp=6529 ms, used_size=6193152 bytes (15.1%)
(RDMA_READ_CONSUME_CHECK_CONSUMER) timestamp=6529 ms, used_size=6191104 bytes (15.1%)
(RDMA_READ_CONSUME_CHECK_CONSUMER) timestamp=6529 ms, used_size=6189056 bytes (15.1%)
(RDMA_READ_CONSUME_CHECK_CONSUMER) timestamp=6529 ms, used_size=6187008 bytes (15.1%)
(RDMA_READ_CONSUME_CHECK_CONSUMER) timestamp=6529 ms, used_size=6184960 bytes (15.1%)
(RDMA_READ_CONSUME_CHECK_CONSUMER) timestamp=6529 ms, used_size=6182912 bytes (15.1%)
(RDMA_READ_CONSUME_CHECK_CONSUMER) timestamp=6529 ms, used_size=6180864 bytes (15.1%)
(RDMA_READ_CONSUME_CHECK_CONSUMER) timestamp=6529 ms, used_size=6178816 bytes (15.1%)
(RDMA_READ_CONSUME_CHECK_CONSUMER) timestamp=6529 ms, used_size=6176768 bytes (15.1%)
(RDMA_READ_CONSUME_CHECK_CONSUMER) timestamp=6529 ms, used_size=6174720 bytes (15.1%)
(RDMA_READ_CONSUME_CHECK_CONSUMER) timestamp=6529 ms, used_size=6172672 bytes (15.1%)
(RDMA_READ_CONSUME_CHECK_CONSUMER) timestamp=6529 ms, used_size=6170624 bytes (15.1%)
(RDMA_READ_CONSUME_CHECK_CONSUMER) timestamp=6529 ms, used_size=6168576 bytes (15.1%)
(RDMA_READ_CONSUME_CHECK_CONSUMER) timestamp=6529 ms, used_size=6166528 bytes (15.1%)
(RDMA_READ_CONSUME_CHECK_CONSUMER) timestamp=6529 ms, used_size=6164480 bytes (15.1%)
(RDMA_READ_CONSUME_CHECK_CONSUMER) timestamp=6529 ms, used_size=6162432 bytes (15.0%)
(RDMA_READ_CONSUME_CHECK_CONSUMER) timestamp=6529 ms, used_size=6160384 bytes (15.0%)
(RDMA_READ_CONSUME_CHECK_CONSUMER) timestamp=6529 ms, used_size=6158336 bytes (15.0%)
(RDMA_READ_CONSUME_CHECK_CONSUMER) timestamp=6529 ms, used_size=6156288 bytes (15.0%)
(RDMA_READ_CONSUME_CHECK_CONSUMER) timestamp=6529 ms, used_size=6154240 bytes (15.0%)
(RDMA_READ_CONSUME_CHECK_CONSUMER) timestamp=6529 ms, used_size=6152192 bytes (15.0%)
(RDMA_READ_CONSUME_CHECK_CONSUMER) timestamp=6529 ms, used_size=6150144 bytes (15.0%)
(RDMA_READ_CONSUME_CHECK_CONSUMER) timestamp=6529 ms, used_size=6148096 bytes (15.0%)
(RDMA_READ_CONSUME_CHECK_CONSUMER) timestamp=6529 ms, used_size=6146048 bytes (15.0%)
(RDMA_READ_CONSUME_CHECK_CONSUMER) timestamp=6529 ms, used_size=6144000 bytes (15.0%)
(RDMA_READ_CONSUME_CHECK_CONSUMER) timestamp=6529 ms, used_size=6141952 bytes (15.0%)
(RDMA_READ_CONSUME_CHECK_CONSUMER) timestamp=6529 ms, used_size=6139904 bytes (15.0%)
(RDMA_READ_CONSUME_CHECK_CONSUMER) timestamp=6529 ms, used_size=6137856 bytes (15.0%)
(RDMA_READ_CONSUME_CHECK_CONSUMER) timestamp=6529 ms, used_size=6135808 bytes (15.0%)
(RDMA_READ_CONSUME_CHECK_CONSUMER) timestamp=6529 ms, used_size=6133760 bytes (15.0%)
(RDMA_READ_CONSUME_CHECK_CONSUMER) timestamp=6529 ms, used_size=6131712 bytes (15.0%)
(RDMA_READ_CONSUME_CHECK_CONSUMER) timestamp=6529 ms, used_size=6129664 bytes (15.0%)
(RDMA_READ_CONSUME_CHECK_CONSUMER) timestamp=6529 ms, used_size=6127616 bytes (15.0%)
(RDMA_READ_CONSUME_CHECK_CONSUMER) timestamp=6529 ms, used_size=6125568 bytes (15.0%)
(RDMA_READ_CONSUME_CHECK_CONSUMER) timestamp=6529 ms, used_size=6123520 bytes (14.9%)
(RDMA_READ_CONSUME_CHECK_CONSUMER) timestamp=6529 ms, used_size=6121472 bytes (14.9%)
(RDMA_READ_CONSUME_CHECK_CONSUMER) timestamp=6529 ms, used_size=6119424 bytes (14.9%)
(RDMA_READ_CONSUME_CHECK_CONSUMER) timestamp=6529 ms, used_size=6117376 bytes (14.9%)
(RDMA_READ_CONSUME_CHECK_CONSUMER) timestamp=6529 ms, used_size=6115328 bytes (14.9%)
(RDMA_READ_CONSUME_CHECK_CONSUMER) timestamp=6529 ms, used_size=6113280 bytes (14.9%)
(RDMA_READ_CONSUME_CHECK_CONSUMER) timestamp=6529 ms, used_size=6111232 bytes (14.9%)
(RDMA_READ_CONSUME_CHECK_CONSUMER) timestamp=6529 ms, used_size=6109184 bytes (14.9%)
(RDMA_READ_CONSUME_CHECK_CONSUMER) timestamp=6529 ms, used_size=6107136 bytes (14.9%)
(RDMA_READ_CONSUME_CHECK_CONSUMER) timestamp=6529 ms, used_size=6105088 bytes (14.9%)
(RDMA_READ_CONSUME_CHECK_CONSUMER) timestamp=6529 ms, used_size=6103040 bytes (14.9%)
(RDMA_READ_CONSUME_CHECK_CONSUMER) timestamp=6529 ms, used_size=6100992 bytes (14.9%)
(RDMA_READ_CONSUME_CHECK_CONSUMER) timestamp=6529 ms, used_size=6098944 bytes (14.9%)
(RDMA_READ_CONSUME_CHECK_CONSUMER) timestamp=6529 ms, used_size=6096896 bytes (14.9%)
(RDMA_READ_CONSUME_CHECK_CONSUMER) timestamp=6529 ms, used_size=6094848 bytes (14.9%)
(RDMA_READ_CONSUME_CHECK_CONSUMER) timestamp=6529 ms, used_size=6092800 bytes (14.9%)
(RDMA_READ_CONSUME_CHECK_CONSUMER) timestamp=6529 ms, used_size=6090752 bytes (14.9%)
(RDMA_READ_CONSUME_CHECK_CONSUMER) timestamp=6529 ms, used_size=6088704 bytes (14.9%)
(RDMA_READ_CONSUME_CHECK_CONSUMER) timestamp=6529 ms, used_size=6086656 bytes (14.9%)
(RDMA_READ_CONSUME_CHECK_CONSUMER) timestamp=6529 ms, used_size=6084608 bytes (14.9%)
(RDMA_READ_CONSUME_CHECK_CONSUMER) timestamp=6529 ms, used_size=6082560 bytes (14.8%)
(RDMA_READ_CONSUME_CHECK_CONSUMER) timestamp=6529 ms, used_size=6080512 bytes (14.8%)
(RDMA_READ_CONSUME_CHECK_CONSUMER) timestamp=6529 ms, used_size=6078464 bytes (14.8%)
(RDMA_READ_CONSUME_CHECK_CONSUMER) timestamp=6529 ms, used_size=6076416 bytes (14.8%)
(RDMA_READ_CONSUME_CHECK_CONSUMER) timestamp=6529 ms, used_size=6074368 bytes (14.8%)
(RDMA_READ_CONSUME_CHECK_CONSUMER) timestamp=6529 ms, used_size=6072320 bytes (14.8%)
(RDMA_READ_CONSUME_CHECK_CONSUMER) timestamp=6529 ms, used_size=6070272 bytes (14.8%)
(RDMA_READ_CONSUME_CHECK_CONSUMER) timestamp=6529 ms, used_size=6068224 bytes (14.8%)
(RDMA_READ_CONSUME_CHECK_CONSUMER) timestamp=6529 ms, used_size=6066176 bytes (14.8%)
(RDMA_READ_CONSUME_CHECK_CONSUMER) timestamp=6529 ms, used_size=6064128 bytes (14.8%)
(RDMA_READ_CONSUME_CHECK_CONSUMER) timestamp=6529 ms, used_size=6062080 bytes (14.8%)
(RDMA_READ_CONSUME_CHECK_CONSUMER) timestamp=6529 ms, used_size=6060032 bytes (14.8%)
(RDMA_READ_CONSUME_CHECK_CONSUMER) timestamp=6529 ms, used_size=6057984 bytes (14.8%)
(RDMA_READ_CONSUME_CHECK_CONSUMER) timestamp=6529 ms, used_size=6055936 bytes (14.8%)
(RDMA_READ_CONSUME_CHECK_CONSUMER) timestamp=6529 ms, used_size=6053888 bytes (14.8%)
(RDMA_READ_CONSUME_CHECK_CONSUMER) timestamp=6529 ms, used_size=6051840 bytes (14.8%)
(RDMA_READ_CONSUME_CHECK_CONSUMER) timestamp=6529 ms, used_size=6049792 bytes (14.8%)
(RDMA_READ_CONSUME_CHECK_CONSUMER) timestamp=6529 ms, used_size=6047744 bytes (14.8%)
(RDMA_READ_CONSUME_CHECK_CONSUMER) timestamp=6529 ms, used_size=6045696 bytes (14.8%)
(RDMA_READ_CONSUME_CHECK_CONSUMER) timestamp=6529 ms, used_size=6043648 bytes (14.8%)
(RDMA_READ_CONSUME_CHECK_CONSUMER) timestamp=6529 ms, used_size=6041600 bytes (14.8%)
(RDMA_READ_CONSUME_CHECK_CONSUMER) timestamp=6530 ms, used_size=6039552 bytes (14.7%)
(RDMA_READ_CONSUME_CHECK_CONSUMER) timestamp=6530 ms, used_size=6037504 bytes (14.7%)
(RDMA_READ_CONSUME_CHECK_CONSUMER) timestamp=6530 ms, used_size=6035456 bytes (14.7%)
(RDMA_READ_CONSUME_CHECK_CONSUMER) timestamp=6530 ms, used_size=6033408 bytes (14.7%)
(RDMA_READ_CONSUME_CHECK_CONSUMER) timestamp=6530 ms, used_size=6031360 bytes (14.7%)
(RDMA_READ_CONSUME_CHECK_CONSUMER) timestamp=6530 ms, used_size=6029312 bytes (14.7%)
(RDMA_READ_CONSUME_CHECK_CONSUMER) timestamp=6530 ms, used_size=6027264 bytes (14.7%)
(RDMA_READ_CONSUME_CHECK_CONSUMER) timestamp=6530 ms, used_size=6025216 bytes (14.7%)
(RDMA_READ_CONSUME_CHECK_CONSUMER) timestamp=6530 ms, used_size=6023168 bytes (14.7%)
(RDMA_READ_CONSUME_CHECK_CONSUMER) timestamp=6530 ms, used_size=6021120 bytes (14.7%)
(RDMA_READ_CONSUME_CHECK_CONSUMER) timestamp=6530 ms, used_size=6019072 bytes (14.7%)
(RDMA_READ_CONSUME_CHECK_CONSUMER) timestamp=6530 ms, used_size=6017024 bytes (14.7%)
(RDMA_READ_CONSUME_CHECK_CONSUMER) timestamp=6530 ms, used_size=6014976 bytes (14.7%)
(RDMA_READ_CONSUME_CHECK_CONSUMER) timestamp=6530 ms, used_size=6012928 bytes (14.7%)
(RDMA_READ_CONSUME_CHECK_CONSUMER) timestamp=6530 ms, used_size=6010880 bytes (14.7%)
(RDMA_READ_CONSUME_CHECK_CONSUMER) timestamp=6530 ms, used_size=6008832 bytes (14.7%)
(RDMA_READ_CONSUME_CHECK_CONSUMER) timestamp=6530 ms, used_size=6006784 bytes (14.7%)
(RDMA_READ_CONSUME_CHECK_CONSUMER) timestamp=6530 ms, used_size=6004736 bytes (14.7%)
(RDMA_READ_CONSUME_CHECK_CONSUMER) timestamp=6530 ms, used_size=6002688 bytes (14.7%)
(RDMA_READ_CONSUME_CHECK_CONSUMER) timestamp=6530 ms, used_size=6000640 bytes (14.7%)
(RDMA_READ_CONSUME_CHECK_CONSUMER) timestamp=6530 ms, used_size=5998592 bytes (14.6%)
(RDMA_READ_CONSUME_CHECK_CONSUMER) timestamp=6530 ms, used_size=5996544 bytes (14.6%)
(RDMA_READ_CONSUME_CHECK_CONSUMER) timestamp=6530 ms, used_size=5994496 bytes (14.6%)
(RDMA_READ_CONSUME_CHECK_CONSUMER) timestamp=6530 ms, used_size=5992448 bytes (14.6%)
(RDMA_READ_CONSUME_CHECK_CONSUMER) timestamp=6530 ms, used_size=5990400 bytes (14.6%)
(RDMA_READ_CONSUME_CHECK_CONSUMER) timestamp=6530 ms, used_size=5988352 bytes (14.6%)
(RDMA_READ_CONSUME_CHECK_CONSUMER) timestamp=6530 ms, used_size=5986304 bytes (14.6%)
(RDMA_READ_CONSUME_CHECK_CONSUMER) timestamp=6530 ms, used_size=5984256 bytes (14.6%)
(RDMA_READ_CONSUME_CHECK_CONSUMER) timestamp=6530 ms, used_size=5982208 bytes (14.6%)
(RDMA_READ_CONSUME_CHECK_CONSUMER) timestamp=6530 ms, used_size=5980160 bytes (14.6%)
(RDMA_READ_CONSUME_CHECK_CONSUMER) timestamp=6530 ms, used_size=5978112 bytes (14.6%)
(RDMA_READ_CONSUME_CHECK_CONSUMER) timestamp=6530 ms, used_size=5976064 bytes (14.6%)
(RDMA_READ_CONSUME_CHECK_CONSUMER) timestamp=6530 ms, used_size=5974016 bytes (14.6%)
(RDMA_READ_CONSUME_CHECK_CONSUMER) timestamp=6530 ms, used_size=5971968 bytes (14.6%)
(RDMA_READ_CONSUME_CHECK_CONSUMER) timestamp=6530 ms, used_size=5969920 bytes (14.6%)
(RDMA_READ_CONSUME_CHECK_CONSUMER) timestamp=6530 ms, used_size=5967872 bytes (14.6%)
(RDMA_READ_CONSUME_CHECK_CONSUMER) timestamp=6530 ms, used_size=5965824 bytes (14.6%)
(RDMA_READ_CONSUME_CHECK_CONSUMER) timestamp=6530 ms, used_size=5963776 bytes (14.6%)
(RDMA_READ_CONSUME_CHECK_CONSUMER) timestamp=6530 ms, used_size=5961728 bytes (14.6%)
(RDMA_READ_CONSUME_CHECK_CONSUMER) timestamp=6530 ms, used_size=5959680 bytes (14.6%)
(RDMA_READ_CONSUME_CHECK_CONSUMER) timestamp=6530 ms, used_size=5957632 bytes (14.5%)
(RDMA_READ_CONSUME_CHECK_CONSUMER) timestamp=6530 ms, used_size=5955584 bytes (14.5%)
(RDMA_READ_CONSUME_CHECK_CONSUMER) timestamp=6530 ms, used_size=5953536 bytes (14.5%)
(RDMA_READ_CONSUME_CHECK_CONSUMER) timestamp=6530 ms, used_size=5951488 bytes (14.5%)
(RDMA_READ_CONSUME_CHECK_CONSUMER) timestamp=6530 ms, used_size=5949440 bytes (14.5%)
(RDMA_READ_CONSUME_CHECK_CONSUMER) timestamp=6530 ms, used_size=5947392 bytes (14.5%)
(RDMA_READ_CONSUME_CHECK_CONSUMER) timestamp=6530 ms, used_size=5945344 bytes (14.5%)
(RDMA_READ_CONSUME_CHECK_CONSUMER) timestamp=6530 ms, used_size=5943296 bytes (14.5%)
(RDMA_READ_CONSUME_CHECK_CONSUMER) timestamp=6530 ms, used_size=5941248 bytes (14.5%)
(RDMA_READ_CONSUME_CHECK_CONSUMER) timestamp=6530 ms, used_size=5939200 bytes (14.5%)
(RDMA_READ_CONSUME_CHECK_CONSUMER) timestamp=6530 ms, used_size=5937152 bytes (14.5%)
(RDMA_READ_CONSUME_CHECK_CONSUMER) timestamp=6530 ms, used_size=5935104 bytes (14.5%)
(RDMA_READ_CONSUME_CHECK_CONSUMER) timestamp=6530 ms, used_size=5933056 bytes (14.5%)
(RDMA_READ_CONSUME_CHECK_CONSUMER) timestamp=6530 ms, used_size=5931008 bytes (14.5%)
(RDMA_READ_CONSUME_CHECK_CONSUMER) timestamp=6530 ms, used_size=5928960 bytes (14.5%)
(RDMA_READ_CONSUME_CHECK_CONSUMER) timestamp=6530 ms, used_size=5926912 bytes (14.5%)
(RDMA_READ_CONSUME_CHECK_CONSUMER) timestamp=6530 ms, used_size=5924864 bytes (14.5%)
(RDMA_READ_CONSUME_CHECK_CONSUMER) timestamp=6530 ms, used_size=5922816 bytes (14.5%)
(RDMA_READ_CONSUME_CHECK_CONSUMER) timestamp=6530 ms, used_size=5920768 bytes (14.5%)
(RDMA_READ_CONSUME_CHECK_CONSUMER) timestamp=6530 ms, used_size=5918720 bytes (14.4%)
(RDMA_READ_CONSUME_CHECK_CONSUMER) timestamp=6530 ms, used_size=5916672 bytes (14.4%)
(RDMA_READ_CONSUME_CHECK_CONSUMER) timestamp=6530 ms, used_size=5914624 bytes (14.4%)
(RDMA_READ_CONSUME_CHECK_CONSUMER) timestamp=6530 ms, used_size=5912576 bytes (14.4%)
(RDMA_READ_CONSUME_CHECK_CONSUMER) timestamp=6530 ms, used_size=5910528 bytes (14.4%)
(RDMA_READ_CONSUME_CHECK_CONSUMER) timestamp=6530 ms, used_size=5908480 bytes (14.4%)
(RDMA_READ_CONSUME_CHECK_CONSUMER) timestamp=6530 ms, used_size=5906432 bytes (14.4%)
(RDMA_READ_CONSUME_CHECK_CONSUMER) timestamp=6530 ms, used_size=5904384 bytes (14.4%)
(RDMA_READ_CONSUME_CHECK_CONSUMER) timestamp=6530 ms, used_size=5902336 bytes (14.4%)
(RDMA_READ_CONSUME_CHECK_CONSUMER) timestamp=6530 ms, used_size=5900288 bytes (14.4%)
(RDMA_READ_CONSUME_CHECK_CONSUMER) timestamp=6530 ms, used_size=5898240 bytes (14.4%)
(RDMA_READ_CONSUME_CHECK_CONSUMER) timestamp=6530 ms, used_size=5896192 bytes (14.4%)
(RDMA_READ_CONSUME_CHECK_CONSUMER) timestamp=6530 ms, used_size=5894144 bytes (14.4%)
(RDMA_READ_CONSUME_CHECK_CONSUMER) timestamp=6530 ms, used_size=5892096 bytes (14.4%)
(RDMA_READ_CONSUME_CHECK_CONSUMER) timestamp=6530 ms, used_size=5890048 bytes (14.4%)
(RDMA_READ_CONSUME_CHECK_CONSUMER) timestamp=6530 ms, used_size=5888000 bytes (14.4%)
(RDMA_READ_CONSUME_CHECK_CONSUMER) timestamp=6530 ms, used_size=5885952 bytes (14.4%)
(RDMA_READ_CONSUME_CHECK_CONSUMER) timestamp=6530 ms, used_size=5883904 bytes (14.4%)
(RDMA_READ_CONSUME_CHECK_CONSUMER) timestamp=6530 ms, used_size=5881856 bytes (14.4%)
(RDMA_READ_CONSUME_CHECK_CONSUMER) timestamp=6530 ms, used_size=5879808 bytes (14.4%)
(RDMA_READ_CONSUME_CHECK_CONSUMER) timestamp=6530 ms, used_size=5877760 bytes (14.3%)
(RDMA_READ_CONSUME_CHECK_CONSUMER) timestamp=6530 ms, used_size=5875712 bytes (14.3%)
(RDMA_READ_CONSUME_CHECK_CONSUMER) timestamp=6530 ms, used_size=5873664 bytes (14.3%)
(RDMA_READ_CONSUME_CHECK_CONSUMER) timestamp=6530 ms, used_size=5871616 bytes (14.3%)
(RDMA_READ_CONSUME_CHECK_CONSUMER) timestamp=6530 ms, used_size=5869568 bytes (14.3%)
(RDMA_READ_CONSUME_CHECK_CONSUMER) timestamp=6530 ms, used_size=5867520 bytes (14.3%)
(RDMA_READ_CONSUME_CHECK_CONSUMER) timestamp=6530 ms, used_size=5865472 bytes (14.3%)
(RDMA_READ_CONSUME_CHECK_CONSUMER) timestamp=6530 ms, used_size=5863424 bytes (14.3%)
(RDMA_READ_CONSUME_CHECK_CONSUMER) timestamp=6530 ms, used_size=5861376 bytes (14.3%)
(RDMA_READ_CONSUME_CHECK_CONSUMER) timestamp=6530 ms, used_size=5859328 bytes (14.3%)
(RDMA_READ_CONSUME_CHECK_CONSUMER) timestamp=6530 ms, used_size=5857280 bytes (14.3%)
(RDMA_READ_CONSUME_CHECK_CONSUMER) timestamp=6530 ms, used_size=5855232 bytes (14.3%)
(RDMA_READ_CONSUME_CHECK_CONSUMER) timestamp=6530 ms, used_size=5853184 bytes (14.3%)
(RDMA_READ_CONSUME_CHECK_CONSUMER) timestamp=6530 ms, used_size=5851136 bytes (14.3%)
(RDMA_READ_CONSUME_CHECK_CONSUMER) timestamp=6530 ms, used_size=5849088 bytes (14.3%)
(RDMA_READ_CONSUME_CHECK_CONSUMER) timestamp=6530 ms, used_size=5847040 bytes (14.3%)
(RDMA_READ_CONSUME_CHECK_CONSUMER) timestamp=6530 ms, used_size=5844992 bytes (14.3%)
(RDMA_READ_CONSUME_CHECK_CONSUMER) timestamp=6530 ms, used_size=5842944 bytes (14.3%)
(RDMA_READ_CONSUME_CHECK_CONSUMER) timestamp=6530 ms, used_size=5840896 bytes (14.3%)
(RDMA_READ_CONSUME_CHECK_CONSUMER) timestamp=6530 ms, used_size=5838848 bytes (14.3%)
(RDMA_READ_CONSUME_CHECK_CONSUMER) timestamp=6530 ms, used_size=5836800 bytes (14.2%)
(RDMA_READ_CONSUME_CHECK_CONSUMER) timestamp=6530 ms, used_size=5834752 bytes (14.2%)
(RDMA_READ_CONSUME_CHECK_CONSUMER) timestamp=6530 ms, used_size=5832704 bytes (14.2%)
(RDMA_READ_CONSUME_CHECK_CONSUMER) timestamp=6530 ms, used_size=5830656 bytes (14.2%)
(RDMA_READ_CONSUME_CHECK_CONSUMER) timestamp=6530 ms, used_size=5828608 bytes (14.2%)
(RDMA_READ_CONSUME_CHECK_CONSUMER) timestamp=6530 ms, used_size=5826560 bytes (14.2%)
(RDMA_READ_CONSUME_CHECK_CONSUMER) timestamp=6530 ms, used_size=5824512 bytes (14.2%)
(RDMA_READ_CONSUME_CHECK_CONSUMER) timestamp=6530 ms, used_size=5822464 bytes (14.2%)
(RDMA_READ_CONSUME_CHECK_CONSUMER) timestamp=6530 ms, used_size=5820416 bytes (14.2%)
(RDMA_READ_CONSUME_CHECK_CONSUMER) timestamp=6530 ms, used_size=5818368 bytes (14.2%)
(RDMA_READ_CONSUME_CHECK_CONSUMER) timestamp=6530 ms, used_size=5816320 bytes (14.2%)
(RDMA_READ_CONSUME_CHECK_CONSUMER) timestamp=6530 ms, used_size=5814272 bytes (14.2%)
(RDMA_READ_CONSUME_CHECK_CONSUMER) timestamp=6530 ms, used_size=5812224 bytes (14.2%)
(RDMA_READ_CONSUME_CHECK_CONSUMER) timestamp=6530 ms, used_size=5810176 bytes (14.2%)
(RDMA_READ_CONSUME_CHECK_CONSUMER) timestamp=6530 ms, used_size=5808128 bytes (14.2%)
(RDMA_READ_CONSUME_CHECK_CONSUMER) timestamp=6530 ms, used_size=5806080 bytes (14.2%)
(RDMA_READ_CONSUME_CHECK_CONSUMER) timestamp=6530 ms, used_size=5804032 bytes (14.2%)
(RDMA_READ_CONSUME_CHECK_CONSUMER) timestamp=6530 ms, used_size=5801984 bytes (14.2%)
(RDMA_READ_CONSUME_CHECK_CONSUMER) timestamp=6530 ms, used_size=5799936 bytes (14.2%)
(RDMA_READ_CONSUME_CHECK_CONSUMER) timestamp=6530 ms, used_size=5797888 bytes (14.2%)
(RDMA_READ_CONSUME_CHECK_CONSUMER) timestamp=6530 ms, used_size=5795840 bytes (14.2%)
(RDMA_READ_CONSUME_CHECK_CONSUMER) timestamp=6530 ms, used_size=5793792 bytes (14.1%)
(RDMA_READ_CONSUME_CHECK_CONSUMER) timestamp=6530 ms, used_size=5791744 bytes (14.1%)
(RDMA_READ_CONSUME_CHECK_CONSUMER) timestamp=6530 ms, used_size=5789696 bytes (14.1%)
(RDMA_READ_CONSUME_CHECK_CONSUMER) timestamp=6530 ms, used_size=5787648 bytes (14.1%)
(RDMA_READ_CONSUME_CHECK_CONSUMER) timestamp=6530 ms, used_size=5785600 bytes (14.1%)
(RDMA_READ_CONSUME_CHECK_CONSUMER) timestamp=6530 ms, used_size=5783552 bytes (14.1%)
(RDMA_READ_CONSUME_CHECK_CONSUMER) timestamp=6530 ms, used_size=5781504 bytes (14.1%)
(RDMA_READ_CONSUME_CHECK_CONSUMER) timestamp=6530 ms, used_size=5779456 bytes (14.1%)
(RDMA_READ_CONSUME_CHECK_CONSUMER) timestamp=6530 ms, used_size=5777408 bytes (14.1%)
(RDMA_READ_CONSUME_CHECK_CONSUMER) timestamp=6530 ms, used_size=5775360 bytes (14.1%)
(RDMA_READ_CONSUME_CHECK_CONSUMER) timestamp=6530 ms, used_size=5773312 bytes (14.1%)
(RDMA_READ_CONSUME_CHECK_CONSUMER) timestamp=6530 ms, used_size=5771264 bytes (14.1%)
(RDMA_READ_CONSUME_CHECK_CONSUMER) timestamp=6530 ms, used_size=5769216 bytes (14.1%)
(RDMA_READ_CONSUME_CHECK_CONSUMER) timestamp=6530 ms, used_size=5767168 bytes (14.1%)
(RDMA_READ_CONSUME_CHECK_CONSUMER) timestamp=6530 ms, used_size=5765120 bytes (14.1%)
(RDMA_READ_CONSUME_CHECK_CONSUMER) timestamp=6530 ms, used_size=5763072 bytes (14.1%)
(RDMA_READ_CONSUME_CHECK_CONSUMER) timestamp=6530 ms, used_size=5761024 bytes (14.1%)
(RDMA_READ_CONSUME_CHECK_CONSUMER) timestamp=6530 ms, used_size=5758976 bytes (14.1%)
(RDMA_READ_CONSUME_CHECK_CONSUMER) timestamp=6530 ms, used_size=5756928 bytes (14.1%)
(RDMA_READ_CONSUME_CHECK_CONSUMER) timestamp=6530 ms, used_size=5754880 bytes (14.1%)
(RDMA_READ_CONSUME_CHECK_CONSUMER) timestamp=6530 ms, used_size=5752832 bytes (14.0%)
(RDMA_READ_CONSUME_CHECK_CONSUMER) timestamp=6530 ms, used_size=5750784 bytes (14.0%)
(RDMA_READ_CONSUME_CHECK_CONSUMER) timestamp=6530 ms, used_size=5748736 bytes (14.0%)
(RDMA_READ_CONSUME_CHECK_CONSUMER) timestamp=6530 ms, used_size=5746688 bytes (14.0%)
(RDMA_READ_CONSUME_CHECK_CONSUMER) timestamp=6530 ms, used_size=5744640 bytes (14.0%)
(RDMA_READ_CONSUME_CHECK_CONSUMER) timestamp=6530 ms, used_size=5742592 bytes (14.0%)
(RDMA_READ_CONSUME_CHECK_CONSUMER) timestamp=6530 ms, used_size=5740544 bytes (14.0%)
(RDMA_READ_CONSUME_CHECK_CONSUMER) timestamp=6530 ms, used_size=5738496 bytes (14.0%)
(RDMA_READ_CONSUME_CHECK_CONSUMER) timestamp=6530 ms, used_size=5736448 bytes (14.0%)
(RDMA_READ_CONSUME_CHECK_CONSUMER) timestamp=6530 ms, used_size=5734400 bytes (14.0%)
(RDMA_READ_CONSUME_CHECK_CONSUMER) timestamp=6530 ms, used_size=5732352 bytes (14.0%)
(RDMA_READ_CONSUME_CHECK_CONSUMER) timestamp=6530 ms, used_size=5730304 bytes (14.0%)
(RDMA_READ_CONSUME_CHECK_CONSUMER) timestamp=6530 ms, used_size=5728256 bytes (14.0%)
(RDMA_READ_CONSUME_CHECK_CONSUMER) timestamp=6530 ms, used_size=5726208 bytes (14.0%)
(RDMA_READ_CONSUME_CHECK_CONSUMER) timestamp=6530 ms, used_size=5724160 bytes (14.0%)
(RDMA_READ_CONSUME_CHECK_CONSUMER) timestamp=6530 ms, used_size=5722112 bytes (14.0%)
(RDMA_READ_CONSUME_CHECK_CONSUMER) timestamp=6530 ms, used_size=5720064 bytes (14.0%)
(RDMA_READ_CONSUME_CHECK_CONSUMER) timestamp=6530 ms, used_size=5718016 bytes (14.0%)
(RDMA_READ_CONSUME_CHECK_CONSUMER) timestamp=6530 ms, used_size=5715968 bytes (14.0%)
(RDMA_READ_CONSUME_CHECK_CONSUMER) timestamp=6530 ms, used_size=5713920 bytes (13.9%)
(RDMA_READ_CONSUME_CHECK_CONSUMER) timestamp=6530 ms, used_size=5711872 bytes (13.9%)
(RDMA_READ_CONSUME_CHECK_CONSUMER) timestamp=6530 ms, used_size=5709824 bytes (13.9%)
(RDMA_READ_CONSUME_CHECK_CONSUMER) timestamp=6530 ms, used_size=5707776 bytes (13.9%)
(RDMA_READ_CONSUME_CHECK_CONSUMER) timestamp=6530 ms, used_size=5705728 bytes (13.9%)
(RDMA_READ_CONSUME_CHECK_CONSUMER) timestamp=6530 ms, used_size=5703680 bytes (13.9%)
(RDMA_READ_CONSUME_CHECK_CONSUMER) timestamp=6530 ms, used_size=5701632 bytes (13.9%)
(RDMA_READ_CONSUME_CHECK_CONSUMER) timestamp=6530 ms, used_size=5699584 bytes (13.9%)
(RDMA_READ_CONSUME_CHECK_CONSUMER) timestamp=6530 ms, used_size=5697536 bytes (13.9%)
(RDMA_READ_CONSUME_CHECK_CONSUMER) timestamp=6530 ms, used_size=5695488 bytes (13.9%)
(RDMA_READ_CONSUME_CHECK_CONSUMER) timestamp=6530 ms, used_size=5693440 bytes (13.9%)
(RDMA_READ_CONSUME_CHECK_CONSUMER) timestamp=6530 ms, used_size=5691392 bytes (13.9%)
(RDMA_READ_CONSUME_CHECK_CONSUMER) timestamp=6530 ms, used_size=5689344 bytes (13.9%)
(RDMA_READ_CONSUME_CHECK_CONSUMER) timestamp=6530 ms, used_size=5687296 bytes (13.9%)
(RDMA_READ_CONSUME_CHECK_CONSUMER) timestamp=6530 ms, used_size=5685248 bytes (13.9%)
(RDMA_READ_CONSUME_CHECK_CONSUMER) timestamp=6530 ms, used_size=5683200 bytes (13.9%)
(RDMA_READ_CONSUME_CHECK_CONSUMER) timestamp=6530 ms, used_size=5681152 bytes (13.9%)
(RDMA_READ_CONSUME_CHECK_CONSUMER) timestamp=6530 ms, used_size=5679104 bytes (13.9%)
(RDMA_READ_CONSUME_CHECK_CONSUMER) timestamp=6530 ms, used_size=5677056 bytes (13.9%)
(RDMA_READ_CONSUME_CHECK_CONSUMER) timestamp=6530 ms, used_size=5675008 bytes (13.9%)
(RDMA_READ_CONSUME_CHECK_CONSUMER) timestamp=6530 ms, used_size=5672960 bytes (13.8%)
(RDMA_READ_CONSUME_CHECK_CONSUMER) timestamp=6530 ms, used_size=5670912 bytes (13.8%)
(RDMA_READ_CONSUME_CHECK_CONSUMER) timestamp=6530 ms, used_size=5668864 bytes (13.8%)
(RDMA_READ_CONSUME_CHECK_CONSUMER) timestamp=6530 ms, used_size=5666816 bytes (13.8%)
(RDMA_READ_CONSUME_CHECK_CONSUMER) timestamp=6530 ms, used_size=5664768 bytes (13.8%)
(RDMA_READ_CONSUME_CHECK_CONSUMER) timestamp=6530 ms, used_size=5662720 bytes (13.8%)
(RDMA_READ_CONSUME_CHECK_CONSUMER) timestamp=6531 ms, used_size=5660672 bytes (13.8%)
(RDMA_READ_CONSUME_CHECK_CONSUMER) timestamp=6531 ms, used_size=5658624 bytes (13.8%)
(RDMA_READ_CONSUME_CHECK_CONSUMER) timestamp=6531 ms, used_size=5656576 bytes (13.8%)
(RDMA_READ_CONSUME_CHECK_CONSUMER) timestamp=6531 ms, used_size=5654528 bytes (13.8%)
(RDMA_READ_CONSUME_CHECK_CONSUMER) timestamp=6531 ms, used_size=5652480 bytes (13.8%)
(RDMA_READ_CONSUME_CHECK_CONSUMER) timestamp=6531 ms, used_size=5650432 bytes (13.8%)
(RDMA_READ_CONSUME_CHECK_CONSUMER) timestamp=6531 ms, used_size=5648384 bytes (13.8%)
(RDMA_READ_CONSUME_CHECK_CONSUMER) timestamp=6531 ms, used_size=5646336 bytes (13.8%)
(RDMA_READ_CONSUME_CHECK_CONSUMER) timestamp=6531 ms, used_size=5644288 bytes (13.8%)
(RDMA_READ_CONSUME_CHECK_CONSUMER) timestamp=6531 ms, used_size=5642240 bytes (13.8%)
(RDMA_READ_CONSUME_CHECK_CONSUMER) timestamp=6531 ms, used_size=5640192 bytes (13.8%)
(RDMA_READ_CONSUME_CHECK_CONSUMER) timestamp=6531 ms, used_size=5638144 bytes (13.8%)
(RDMA_READ_CONSUME_CHECK_CONSUMER) timestamp=6531 ms, used_size=5636096 bytes (13.8%)
(RDMA_READ_CONSUME_CHECK_CONSUMER) timestamp=6531 ms, used_size=5634048 bytes (13.8%)
(RDMA_READ_CONSUME_CHECK_CONSUMER) timestamp=6531 ms, used_size=5632000 bytes (13.8%)
(RDMA_READ_CONSUME_CHECK_CONSUMER) timestamp=6531 ms, used_size=5629952 bytes (13.7%)
(RDMA_READ_CONSUME_CHECK_CONSUMER) timestamp=6531 ms, used_size=5627904 bytes (13.7%)
(RDMA_READ_CONSUME_CHECK_CONSUMER) timestamp=6531 ms, used_size=5625856 bytes (13.7%)
(RDMA_READ_CONSUME_CHECK_CONSUMER) timestamp=6531 ms, used_size=5623808 bytes (13.7%)
(RDMA_READ_CONSUME_CHECK_CONSUMER) timestamp=6531 ms, used_size=5621760 bytes (13.7%)
(RDMA_READ_CONSUME_CHECK_CONSUMER) timestamp=6531 ms, used_size=5619712 bytes (13.7%)
(RDMA_READ_CONSUME_CHECK_CONSUMER) timestamp=6531 ms, used_size=5617664 bytes (13.7%)
(RDMA_READ_CONSUME_CHECK_CONSUMER) timestamp=6531 ms, used_size=5615616 bytes (13.7%)
(RDMA_READ_CONSUME_CHECK_CONSUMER) timestamp=6531 ms, used_size=5613568 bytes (13.7%)
(RDMA_READ_CONSUME_CHECK_CONSUMER) timestamp=6531 ms, used_size=5611520 bytes (13.7%)
(RDMA_READ_CONSUME_CHECK_CONSUMER) timestamp=6531 ms, used_size=5609472 bytes (13.7%)
(RDMA_READ_CONSUME_CHECK_CONSUMER) timestamp=6531 ms, used_size=5607424 bytes (13.7%)
(RDMA_READ_CONSUME_CHECK_CONSUMER) timestamp=6531 ms, used_size=5605376 bytes (13.7%)
(RDMA_READ_CONSUME_CHECK_CONSUMER) timestamp=6531 ms, used_size=5603328 bytes (13.7%)
(RDMA_READ_CONSUME_CHECK_CONSUMER) timestamp=6531 ms, used_size=5601280 bytes (13.7%)
(RDMA_READ_CONSUME_CHECK_CONSUMER) timestamp=6531 ms, used_size=5599232 bytes (13.7%)
(RDMA_READ_CONSUME_CHECK_CONSUMER) timestamp=6531 ms, used_size=5597184 bytes (13.7%)
(RDMA_READ_CONSUME_CHECK_CONSUMER) timestamp=6531 ms, used_size=5595136 bytes (13.7%)
(RDMA_READ_CONSUME_CHECK_CONSUMER) timestamp=6531 ms, used_size=5593088 bytes (13.7%)
(RDMA_READ_CONSUME_CHECK_CONSUMER) timestamp=6531 ms, used_size=5591040 bytes (13.7%)
(RDMA_READ_CONSUME_CHECK_CONSUMER) timestamp=6531 ms, used_size=5588992 bytes (13.6%)
(RDMA_READ_CONSUME_CHECK_CONSUMER) timestamp=6531 ms, used_size=5586944 bytes (13.6%)
(RDMA_READ_CONSUME_CHECK_CONSUMER) timestamp=6531 ms, used_size=5584896 bytes (13.6%)
(RDMA_READ_CONSUME_CHECK_CONSUMER) timestamp=6531 ms, used_size=5582848 bytes (13.6%)
(RDMA_READ_CONSUME_CHECK_CONSUMER) timestamp=6531 ms, used_size=5580800 bytes (13.6%)
(RDMA_READ_CONSUME_CHECK_CONSUMER) timestamp=6531 ms, used_size=5578752 bytes (13.6%)
(RDMA_READ_CONSUME_CHECK_CONSUMER) timestamp=6531 ms, used_size=5576704 bytes (13.6%)
(RDMA_READ_CONSUME_CHECK_CONSUMER) timestamp=6531 ms, used_size=5574656 bytes (13.6%)
(RDMA_READ_CONSUME_CHECK_CONSUMER) timestamp=6531 ms, used_size=5572608 bytes (13.6%)
(RDMA_READ_CONSUME_CHECK_CONSUMER) timestamp=6531 ms, used_size=5570560 bytes (13.6%)
(RDMA_READ_CONSUME_CHECK_CONSUMER) timestamp=6531 ms, used_size=5568512 bytes (13.6%)
(RDMA_READ_CONSUME_CHECK_CONSUMER) timestamp=6531 ms, used_size=5566464 bytes (13.6%)
(RDMA_READ_CONSUME_CHECK_CONSUMER) timestamp=6531 ms, used_size=5564416 bytes (13.6%)
(RDMA_READ_CONSUME_CHECK_CONSUMER) timestamp=6531 ms, used_size=5562368 bytes (13.6%)
(RDMA_READ_CONSUME_CHECK_CONSUMER) timestamp=6531 ms, used_size=5560320 bytes (13.6%)
(RDMA_READ_CONSUME_CHECK_CONSUMER) timestamp=6531 ms, used_size=5558272 bytes (13.6%)
(RDMA_READ_CONSUME_CHECK_CONSUMER) timestamp=6531 ms, used_size=5556224 bytes (13.6%)
(RDMA_READ_CONSUME_CHECK_CONSUMER) timestamp=6531 ms, used_size=5554176 bytes (13.6%)
(RDMA_READ_CONSUME_CHECK_CONSUMER) timestamp=6531 ms, used_size=5552128 bytes (13.6%)
(RDMA_READ_CONSUME_CHECK_CONSUMER) timestamp=6531 ms, used_size=5550080 bytes (13.6%)
(RDMA_READ_CONSUME_CHECK_CONSUMER) timestamp=6531 ms, used_size=5548032 bytes (13.5%)
(RDMA_READ_CONSUME_CHECK_CONSUMER) timestamp=6531 ms, used_size=5545984 bytes (13.5%)
(RDMA_READ_CONSUME_CHECK_CONSUMER) timestamp=6531 ms, used_size=5543936 bytes (13.5%)
(RDMA_READ_CONSUME_CHECK_CONSUMER) timestamp=6531 ms, used_size=5541888 bytes (13.5%)
(RDMA_READ_CONSUME_CHECK_CONSUMER) timestamp=6531 ms, used_size=5539840 bytes (13.5%)
(RDMA_READ_CONSUME_CHECK_CONSUMER) timestamp=6531 ms, used_size=5537792 bytes (13.5%)
(RDMA_READ_CONSUME_CHECK_CONSUMER) timestamp=6531 ms, used_size=5535744 bytes (13.5%)
(RDMA_READ_CONSUME_CHECK_CONSUMER) timestamp=6531 ms, used_size=5533696 bytes (13.5%)
(RDMA_READ_CONSUME_CHECK_CONSUMER) timestamp=6531 ms, used_size=5531648 bytes (13.5%)
(RDMA_READ_CONSUME_CHECK_CONSUMER) timestamp=6531 ms, used_size=5529600 bytes (13.5%)
(RDMA_READ_CONSUME_CHECK_CONSUMER) timestamp=6531 ms, used_size=5527552 bytes (13.5%)
(RDMA_READ_CONSUME_CHECK_CONSUMER) timestamp=6531 ms, used_size=5525504 bytes (13.5%)
(RDMA_READ_CONSUME_CHECK_CONSUMER) timestamp=6531 ms, used_size=5523456 bytes (13.5%)
(RDMA_READ_CONSUME_CHECK_CONSUMER) timestamp=6531 ms, used_size=5521408 bytes (13.5%)
(RDMA_READ_CONSUME_CHECK_CONSUMER) timestamp=6531 ms, used_size=5519360 bytes (13.5%)
(RDMA_READ_CONSUME_CHECK_CONSUMER) timestamp=6531 ms, used_size=5517312 bytes (13.5%)
(RDMA_READ_CONSUME_CHECK_CONSUMER) timestamp=6531 ms, used_size=5515264 bytes (13.5%)
(RDMA_READ_CONSUME_CHECK_CONSUMER) timestamp=6531 ms, used_size=5513216 bytes (13.5%)
(RDMA_READ_CONSUME_CHECK_CONSUMER) timestamp=6531 ms, used_size=5511168 bytes (13.5%)
(RDMA_READ_CONSUME_CHECK_CONSUMER) timestamp=6531 ms, used_size=5509120 bytes (13.4%)
(RDMA_READ_CONSUME_CHECK_CONSUMER) timestamp=6531 ms, used_size=5507072 bytes (13.4%)
(RDMA_READ_CONSUME_CHECK_CONSUMER) timestamp=6531 ms, used_size=5505024 bytes (13.4%)
(RDMA_READ_CONSUME_CHECK_CONSUMER) timestamp=6531 ms, used_size=5502976 bytes (13.4%)
(RDMA_READ_CONSUME_CHECK_CONSUMER) timestamp=6531 ms, used_size=5500928 bytes (13.4%)
(RDMA_READ_CONSUME_CHECK_CONSUMER) timestamp=6531 ms, used_size=5498880 bytes (13.4%)
(RDMA_READ_CONSUME_CHECK_CONSUMER) timestamp=6531 ms, used_size=5496832 bytes (13.4%)
(RDMA_READ_CONSUME_CHECK_CONSUMER) timestamp=6531 ms, used_size=5494784 bytes (13.4%)
(RDMA_READ_CONSUME_CHECK_CONSUMER) timestamp=6531 ms, used_size=5492736 bytes (13.4%)
(RDMA_READ_CONSUME_CHECK_CONSUMER) timestamp=6531 ms, used_size=5490688 bytes (13.4%)
(RDMA_READ_CONSUME_CHECK_CONSUMER) timestamp=6531 ms, used_size=5488640 bytes (13.4%)
(RDMA_READ_CONSUME_CHECK_CONSUMER) timestamp=6531 ms, used_size=5486592 bytes (13.4%)
(RDMA_READ_CONSUME_CHECK_CONSUMER) timestamp=6531 ms, used_size=5484544 bytes (13.4%)
(RDMA_READ_CONSUME_CHECK_CONSUMER) timestamp=6531 ms, used_size=5482496 bytes (13.4%)
(RDMA_READ_CONSUME_CHECK_CONSUMER) timestamp=6531 ms, used_size=5480448 bytes (13.4%)
(RDMA_READ_CONSUME_CHECK_CONSUMER) timestamp=6531 ms, used_size=5478400 bytes (13.4%)
(RDMA_READ_CONSUME_CHECK_CONSUMER) timestamp=6531 ms, used_size=5476352 bytes (13.4%)
(RDMA_READ_CONSUME_CHECK_CONSUMER) timestamp=6531 ms, used_size=5474304 bytes (13.4%)
(RDMA_READ_CONSUME_CHECK_CONSUMER) timestamp=6531 ms, used_size=5472256 bytes (13.4%)
(RDMA_READ_CONSUME_CHECK_CONSUMER) timestamp=6531 ms, used_size=5470208 bytes (13.4%)
(RDMA_READ_CONSUME_CHECK_CONSUMER) timestamp=6531 ms, used_size=5468160 bytes (13.3%)
(RDMA_READ_CONSUME_CHECK_CONSUMER) timestamp=6531 ms, used_size=5466112 bytes (13.3%)
(RDMA_READ_CONSUME_CHECK_CONSUMER) timestamp=6531 ms, used_size=5464064 bytes (13.3%)
(RDMA_READ_CONSUME_CHECK_CONSUMER) timestamp=6531 ms, used_size=5462016 bytes (13.3%)
(RDMA_READ_CONSUME_CHECK_CONSUMER) timestamp=6531 ms, used_size=5459968 bytes (13.3%)
(RDMA_READ_CONSUME_CHECK_CONSUMER) timestamp=6531 ms, used_size=5457920 bytes (13.3%)
(RDMA_READ_CONSUME_CHECK_CONSUMER) timestamp=6531 ms, used_size=5455872 bytes (13.3%)
(RDMA_READ_CONSUME_CHECK_CONSUMER) timestamp=6531 ms, used_size=5453824 bytes (13.3%)
(RDMA_READ_CONSUME_CHECK_CONSUMER) timestamp=6531 ms, used_size=5451776 bytes (13.3%)
(RDMA_READ_CONSUME_CHECK_CONSUMER) timestamp=6531 ms, used_size=5449728 bytes (13.3%)
(RDMA_READ_CONSUME_CHECK_CONSUMER) timestamp=6531 ms, used_size=5447680 bytes (13.3%)
(RDMA_READ_CONSUME_CHECK_CONSUMER) timestamp=6531 ms, used_size=5445632 bytes (13.3%)
(RDMA_READ_CONSUME_CHECK_CONSUMER) timestamp=6531 ms, used_size=5443584 bytes (13.3%)
(RDMA_READ_CONSUME_CHECK_CONSUMER) timestamp=6531 ms, used_size=5441536 bytes (13.3%)
(RDMA_READ_CONSUME_CHECK_CONSUMER) timestamp=6531 ms, used_size=5439488 bytes (13.3%)
(RDMA_READ_CONSUME_CHECK_CONSUMER) timestamp=6531 ms, used_size=5437440 bytes (13.3%)
(RDMA_READ_CONSUME_CHECK_CONSUMER) timestamp=6531 ms, used_size=5435392 bytes (13.3%)
(RDMA_READ_CONSUME_CHECK_CONSUMER) timestamp=6531 ms, used_size=5433344 bytes (13.3%)
(RDMA_READ_CONSUME_CHECK_CONSUMER) timestamp=6531 ms, used_size=5431296 bytes (13.3%)
(RDMA_READ_CONSUME_CHECK_CONSUMER) timestamp=6531 ms, used_size=5429248 bytes (13.3%)
(RDMA_READ_CONSUME_CHECK_CONSUMER) timestamp=6531 ms, used_size=5427200 bytes (13.2%)
(RDMA_READ_CONSUME_CHECK_CONSUMER) timestamp=6531 ms, used_size=5425152 bytes (13.2%)
(RDMA_READ_CONSUME_CHECK_CONSUMER) timestamp=6531 ms, used_size=5423104 bytes (13.2%)
(RDMA_READ_CONSUME_CHECK_CONSUMER) timestamp=6531 ms, used_size=5421056 bytes (13.2%)
(RDMA_READ_CONSUME_CHECK_CONSUMER) timestamp=6531 ms, used_size=5419008 bytes (13.2%)
(RDMA_READ_CONSUME_CHECK_CONSUMER) timestamp=6531 ms, used_size=5416960 bytes (13.2%)
(RDMA_READ_CONSUME_CHECK_CONSUMER) timestamp=6531 ms, used_size=5414912 bytes (13.2%)
(RDMA_READ_CONSUME_CHECK_CONSUMER) timestamp=6531 ms, used_size=5412864 bytes (13.2%)
(RDMA_READ_CONSUME_CHECK_CONSUMER) timestamp=6531 ms, used_size=5410816 bytes (13.2%)
(RDMA_READ_CONSUME_CHECK_CONSUMER) timestamp=6531 ms, used_size=5408768 bytes (13.2%)
(RDMA_READ_CONSUME_CHECK_CONSUMER) timestamp=6531 ms, used_size=5406720 bytes (13.2%)
(RDMA_READ_CONSUME_CHECK_CONSUMER) timestamp=6531 ms, used_size=5404672 bytes (13.2%)
(RDMA_READ_CONSUME_CHECK_CONSUMER) timestamp=6531 ms, used_size=5402624 bytes (13.2%)
(RDMA_READ_CONSUME_CHECK_CONSUMER) timestamp=6531 ms, used_size=5400576 bytes (13.2%)
(RDMA_READ_CONSUME_CHECK_CONSUMER) timestamp=6531 ms, used_size=5398528 bytes (13.2%)
(RDMA_READ_CONSUME_CHECK_CONSUMER) timestamp=6531 ms, used_size=5396480 bytes (13.2%)
(RDMA_READ_CONSUME_CHECK_CONSUMER) timestamp=6531 ms, used_size=5394432 bytes (13.2%)
(RDMA_READ_CONSUME_CHECK_CONSUMER) timestamp=6531 ms, used_size=5392384 bytes (13.2%)
(RDMA_READ_CONSUME_CHECK_CONSUMER) timestamp=6531 ms, used_size=5390336 bytes (13.2%)
(RDMA_READ_CONSUME_CHECK_CONSUMER) timestamp=6531 ms, used_size=5388288 bytes (13.2%)
(RDMA_READ_CONSUME_CHECK_CONSUMER) timestamp=6531 ms, used_size=5386240 bytes (13.2%)
(RDMA_READ_CONSUME_CHECK_CONSUMER) timestamp=6531 ms, used_size=5384192 bytes (13.1%)
(RDMA_READ_CONSUME_CHECK_CONSUMER) timestamp=6531 ms, used_size=5382144 bytes (13.1%)
(RDMA_READ_CONSUME_CHECK_CONSUMER) timestamp=6531 ms, used_size=5380096 bytes (13.1%)
(RDMA_READ_CONSUME_CHECK_CONSUMER) timestamp=6531 ms, used_size=5378048 bytes (13.1%)
(RDMA_READ_CONSUME_CHECK_CONSUMER) timestamp=6531 ms, used_size=5376000 bytes (13.1%)
(RDMA_READ_CONSUME_CHECK_CONSUMER) timestamp=6531 ms, used_size=5373952 bytes (13.1%)
(RDMA_READ_CONSUME_CHECK_CONSUMER) timestamp=6531 ms, used_size=5371904 bytes (13.1%)
(RDMA_READ_CONSUME_CHECK_CONSUMER) timestamp=6531 ms, used_size=5369856 bytes (13.1%)
(RDMA_READ_CONSUME_CHECK_CONSUMER) timestamp=6531 ms, used_size=5367808 bytes (13.1%)
(RDMA_READ_CONSUME_CHECK_CONSUMER) timestamp=6531 ms, used_size=5365760 bytes (13.1%)
(RDMA_READ_CONSUME_CHECK_CONSUMER) timestamp=6531 ms, used_size=5363712 bytes (13.1%)
(RDMA_READ_CONSUME_CHECK_CONSUMER) timestamp=6531 ms, used_size=5361664 bytes (13.1%)
(RDMA_READ_CONSUME_CHECK_CONSUMER) timestamp=6531 ms, used_size=5359616 bytes (13.1%)
(RDMA_READ_CONSUME_CHECK_CONSUMER) timestamp=6531 ms, used_size=5357568 bytes (13.1%)
(RDMA_READ_CONSUME_CHECK_CONSUMER) timestamp=6531 ms, used_size=5355520 bytes (13.1%)
(RDMA_READ_CONSUME_CHECK_CONSUMER) timestamp=6531 ms, used_size=5353472 bytes (13.1%)
(RDMA_READ_CONSUME_CHECK_CONSUMER) timestamp=6531 ms, used_size=5351424 bytes (13.1%)
(RDMA_READ_CONSUME_CHECK_CONSUMER) timestamp=6531 ms, used_size=5349376 bytes (13.1%)
(RDMA_READ_CONSUME_CHECK_CONSUMER) timestamp=6531 ms, used_size=5347328 bytes (13.1%)
(RDMA_READ_CONSUME_CHECK_CONSUMER) timestamp=6531 ms, used_size=5345280 bytes (13.1%)
(RDMA_READ_CONSUME_CHECK_CONSUMER) timestamp=6531 ms, used_size=5343232 bytes (13.0%)
(RDMA_READ_CONSUME_CHECK_CONSUMER) timestamp=6531 ms, used_size=5341184 bytes (13.0%)
(RDMA_READ_CONSUME_CHECK_CONSUMER) timestamp=6531 ms, used_size=5339136 bytes (13.0%)
(RDMA_READ_CONSUME_CHECK_CONSUMER) timestamp=6531 ms, used_size=5337088 bytes (13.0%)
(RDMA_READ_CONSUME_CHECK_CONSUMER) timestamp=6531 ms, used_size=5335040 bytes (13.0%)
(RDMA_READ_CONSUME_CHECK_CONSUMER) timestamp=6531 ms, used_size=5332992 bytes (13.0%)
(RDMA_READ_CONSUME_CHECK_CONSUMER) timestamp=6531 ms, used_size=5330944 bytes (13.0%)
(RDMA_READ_CONSUME_CHECK_CONSUMER) timestamp=6531 ms, used_size=5328896 bytes (13.0%)
(RDMA_READ_CONSUME_CHECK_CONSUMER) timestamp=6531 ms, used_size=5326848 bytes (13.0%)
(RDMA_READ_CONSUME_CHECK_CONSUMER) timestamp=6531 ms, used_size=5324800 bytes (13.0%)
(RDMA_READ_CONSUME_CHECK_CONSUMER) timestamp=6531 ms, used_size=5322752 bytes (13.0%)
(RDMA_READ_CONSUME_CHECK_CONSUMER) timestamp=6531 ms, used_size=5320704 bytes (13.0%)
(RDMA_READ_CONSUME_CHECK_CONSUMER) timestamp=6531 ms, used_size=5318656 bytes (13.0%)
(RDMA_READ_CONSUME_CHECK_CONSUMER) timestamp=6531 ms, used_size=5316608 bytes (13.0%)
(RDMA_READ_CONSUME_CHECK_CONSUMER) timestamp=6531 ms, used_size=5314560 bytes (13.0%)
(RDMA_READ_CONSUME_CHECK_CONSUMER) timestamp=6531 ms, used_size=5312512 bytes (13.0%)
(RDMA_READ_CONSUME_CHECK_CONSUMER) timestamp=6531 ms, used_size=5310464 bytes (13.0%)
(RDMA_READ_CONSUME_CHECK_CONSUMER) timestamp=6531 ms, used_size=5308416 bytes (13.0%)
(RDMA_READ_CONSUME_CHECK_CONSUMER) timestamp=6531 ms, used_size=5306368 bytes (13.0%)
(RDMA_READ_CONSUME_CHECK_CONSUMER) timestamp=6531 ms, used_size=5304320 bytes (12.9%)
(RDMA_READ_CONSUME_CHECK_CONSUMER) timestamp=6531 ms, used_size=5302272 bytes (12.9%)
(RDMA_READ_CONSUME_CHECK_CONSUMER) timestamp=6531 ms, used_size=5300224 bytes (12.9%)
(RDMA_READ_CONSUME_CHECK_CONSUMER) timestamp=6531 ms, used_size=5298176 bytes (12.9%)
(RDMA_READ_CONSUME_CHECK_CONSUMER) timestamp=6531 ms, used_size=5296128 bytes (12.9%)
(RDMA_READ_CONSUME_CHECK_CONSUMER) timestamp=6531 ms, used_size=5294080 bytes (12.9%)
(RDMA_READ_CONSUME_CHECK_CONSUMER) timestamp=6531 ms, used_size=5292032 bytes (12.9%)
(RDMA_READ_CONSUME_CHECK_CONSUMER) timestamp=6532 ms, used_size=5289984 bytes (12.9%)
(RDMA_READ_CONSUME_CHECK_CONSUMER) timestamp=6532 ms, used_size=5287936 bytes (12.9%)
(RDMA_READ_CONSUME_CHECK_CONSUMER) timestamp=6532 ms, used_size=5285888 bytes (12.9%)
(RDMA_READ_CONSUME_CHECK_CONSUMER) timestamp=6532 ms, used_size=5283840 bytes (12.9%)
(RDMA_READ_CONSUME_CHECK_CONSUMER) timestamp=6532 ms, used_size=5281792 bytes (12.9%)
(RDMA_READ_CONSUME_CHECK_CONSUMER) timestamp=6532 ms, used_size=5279744 bytes (12.9%)
(RDMA_READ_CONSUME_CHECK_CONSUMER) timestamp=6532 ms, used_size=5277696 bytes (12.9%)
(RDMA_READ_CONSUME_CHECK_CONSUMER) timestamp=6532 ms, used_size=5275648 bytes (12.9%)
(RDMA_READ_CONSUME_CHECK_CONSUMER) timestamp=6532 ms, used_size=5273600 bytes (12.9%)
(RDMA_READ_CONSUME_CHECK_CONSUMER) timestamp=6532 ms, used_size=5271552 bytes (12.9%)
(RDMA_READ_CONSUME_CHECK_CONSUMER) timestamp=6532 ms, used_size=5269504 bytes (12.9%)
(RDMA_READ_CONSUME_CHECK_CONSUMER) timestamp=6532 ms, used_size=5267456 bytes (12.9%)
(RDMA_READ_CONSUME_CHECK_CONSUMER) timestamp=6532 ms, used_size=5265408 bytes (12.9%)
(RDMA_READ_CONSUME_CHECK_CONSUMER) timestamp=6532 ms, used_size=5263360 bytes (12.8%)
(RDMA_READ_CONSUME_CHECK_CONSUMER) timestamp=6532 ms, used_size=5261312 bytes (12.8%)
(RDMA_READ_CONSUME_CHECK_CONSUMER) timestamp=6532 ms, used_size=5259264 bytes (12.8%)
(RDMA_READ_CONSUME_CHECK_CONSUMER) timestamp=6532 ms, used_size=5257216 bytes (12.8%)
(RDMA_READ_CONSUME_CHECK_CONSUMER) timestamp=6532 ms, used_size=5255168 bytes (12.8%)
(RDMA_READ_CONSUME_CHECK_CONSUMER) timestamp=6532 ms, used_size=5253120 bytes (12.8%)
(RDMA_READ_CONSUME_CHECK_CONSUMER) timestamp=6532 ms, used_size=5251072 bytes (12.8%)
(RDMA_READ_CONSUME_CHECK_CONSUMER) timestamp=6532 ms, used_size=5249024 bytes (12.8%)
(RDMA_READ_CONSUME_CHECK_CONSUMER) timestamp=6532 ms, used_size=5246976 bytes (12.8%)
(RDMA_READ_CONSUME_CHECK_CONSUMER) timestamp=6532 ms, used_size=5244928 bytes (12.8%)
(RDMA_READ_CONSUME_CHECK_CONSUMER) timestamp=6532 ms, used_size=5242880 bytes (12.8%)
(RDMA_READ_CONSUME_CHECK_CONSUMER) timestamp=6532 ms, used_size=5240832 bytes (12.8%)
(RDMA_READ_CONSUME_CHECK_CONSUMER) timestamp=6532 ms, used_size=5238784 bytes (12.8%)
(RDMA_READ_CONSUME_CHECK_CONSUMER) timestamp=6532 ms, used_size=5236736 bytes (12.8%)
(RDMA_READ_CONSUME_CHECK_CONSUMER) timestamp=6532 ms, used_size=5234688 bytes (12.8%)
(RDMA_READ_CONSUME_CHECK_CONSUMER) timestamp=6532 ms, used_size=5232640 bytes (12.8%)
(RDMA_READ_CONSUME_CHECK_CONSUMER) timestamp=6532 ms, used_size=5230592 bytes (12.8%)
(RDMA_READ_CONSUME_CHECK_CONSUMER) timestamp=6532 ms, used_size=5228544 bytes (12.8%)
(RDMA_READ_CONSUME_CHECK_CONSUMER) timestamp=6532 ms, used_size=5226496 bytes (12.8%)
(RDMA_READ_CONSUME_CHECK_CONSUMER) timestamp=6532 ms, used_size=5224448 bytes (12.8%)
(RDMA_READ_CONSUME_CHECK_CONSUMER) timestamp=6532 ms, used_size=5222400 bytes (12.8%)
(RDMA_READ_CONSUME_CHECK_CONSUMER) timestamp=6532 ms, used_size=5220352 bytes (12.7%)
(RDMA_READ_CONSUME_CHECK_CONSUMER) timestamp=6532 ms, used_size=5218304 bytes (12.7%)
(RDMA_READ_CONSUME_CHECK_CONSUMER) timestamp=6532 ms, used_size=5216256 bytes (12.7%)
(RDMA_READ_CONSUME_CHECK_CONSUMER) timestamp=6532 ms, used_size=5214208 bytes (12.7%)
(RDMA_READ_CONSUME_CHECK_CONSUMER) timestamp=6532 ms, used_size=5212160 bytes (12.7%)
(RDMA_READ_CONSUME_CHECK_CONSUMER) timestamp=6532 ms, used_size=5210112 bytes (12.7%)
(RDMA_READ_CONSUME_CHECK_CONSUMER) timestamp=6532 ms, used_size=5208064 bytes (12.7%)
(RDMA_READ_CONSUME_CHECK_CONSUMER) timestamp=6532 ms, used_size=5206016 bytes (12.7%)
(RDMA_READ_CONSUME_CHECK_CONSUMER) timestamp=6532 ms, used_size=5203968 bytes (12.7%)
(RDMA_READ_CONSUME_CHECK_CONSUMER) timestamp=6532 ms, used_size=5201920 bytes (12.7%)
(RDMA_READ_CONSUME_CHECK_CONSUMER) timestamp=6532 ms, used_size=5199872 bytes (12.7%)
(RDMA_READ_CONSUME_CHECK_CONSUMER) timestamp=6532 ms, used_size=5197824 bytes (12.7%)
(RDMA_READ_CONSUME_CHECK_CONSUMER) timestamp=6532 ms, used_size=5195776 bytes (12.7%)
(RDMA_READ_CONSUME_CHECK_CONSUMER) timestamp=6532 ms, used_size=5193728 bytes (12.7%)
(RDMA_READ_CONSUME_CHECK_CONSUMER) timestamp=6532 ms, used_size=5191680 bytes (12.7%)
(RDMA_READ_CONSUME_CHECK_CONSUMER) timestamp=6532 ms, used_size=5189632 bytes (12.7%)
(RDMA_READ_CONSUME_CHECK_CONSUMER) timestamp=6532 ms, used_size=5187584 bytes (12.7%)
(RDMA_READ_CONSUME_CHECK_CONSUMER) timestamp=6532 ms, used_size=5185536 bytes (12.7%)
(RDMA_READ_CONSUME_CHECK_CONSUMER) timestamp=6532 ms, used_size=5183488 bytes (12.7%)
(RDMA_READ_CONSUME_CHECK_CONSUMER) timestamp=6532 ms, used_size=5181440 bytes (12.7%)
(RDMA_READ_CONSUME_CHECK_CONSUMER) timestamp=6532 ms, used_size=5179392 bytes (12.6%)
(RDMA_READ_CONSUME_CHECK_CONSUMER) timestamp=6532 ms, used_size=5177344 bytes (12.6%)
(RDMA_READ_CONSUME_CHECK_CONSUMER) timestamp=6532 ms, used_size=5175296 bytes (12.6%)
(RDMA_READ_CONSUME_CHECK_CONSUMER) timestamp=6532 ms, used_size=5173248 bytes (12.6%)
(RDMA_READ_CONSUME_CHECK_CONSUMER) timestamp=6532 ms, used_size=5171200 bytes (12.6%)
(RDMA_READ_CONSUME_CHECK_CONSUMER) timestamp=6532 ms, used_size=5169152 bytes (12.6%)
(RDMA_READ_CONSUME_CHECK_CONSUMER) timestamp=6532 ms, used_size=5167104 bytes (12.6%)
(RDMA_READ_CONSUME_CHECK_CONSUMER) timestamp=6532 ms, used_size=5165056 bytes (12.6%)
(RDMA_READ_CONSUME_CHECK_CONSUMER) timestamp=6532 ms, used_size=5163008 bytes (12.6%)
(RDMA_READ_CONSUME_CHECK_CONSUMER) timestamp=6532 ms, used_size=5160960 bytes (12.6%)
(RDMA_READ_CONSUME_CHECK_CONSUMER) timestamp=6532 ms, used_size=5158912 bytes (12.6%)
(RDMA_READ_CONSUME_CHECK_CONSUMER) timestamp=6532 ms, used_size=5156864 bytes (12.6%)
(RDMA_READ_CONSUME_CHECK_CONSUMER) timestamp=6532 ms, used_size=5154816 bytes (12.6%)
(RDMA_READ_CONSUME_CHECK_CONSUMER) timestamp=6532 ms, used_size=5152768 bytes (12.6%)
(RDMA_READ_CONSUME_CHECK_CONSUMER) timestamp=6532 ms, used_size=5150720 bytes (12.6%)
(RDMA_READ_CONSUME_CHECK_CONSUMER) timestamp=6532 ms, used_size=5148672 bytes (12.6%)
(RDMA_READ_CONSUME_CHECK_CONSUMER) timestamp=6532 ms, used_size=5146624 bytes (12.6%)
(RDMA_READ_CONSUME_CHECK_CONSUMER) timestamp=6532 ms, used_size=5144576 bytes (12.6%)
(RDMA_READ_CONSUME_CHECK_CONSUMER) timestamp=6532 ms, used_size=5142528 bytes (12.6%)
(RDMA_READ_CONSUME_CHECK_CONSUMER) timestamp=6532 ms, used_size=5140480 bytes (12.6%)
(RDMA_READ_CONSUME_CHECK_CONSUMER) timestamp=6532 ms, used_size=5138432 bytes (12.5%)
(RDMA_READ_CONSUME_CHECK_CONSUMER) timestamp=6532 ms, used_size=5136384 bytes (12.5%)
(RDMA_READ_CONSUME_CHECK_CONSUMER) timestamp=6532 ms, used_size=5134336 bytes (12.5%)
(RDMA_READ_CONSUME_CHECK_CONSUMER) timestamp=6532 ms, used_size=5132288 bytes (12.5%)
(RDMA_READ_CONSUME_CHECK_CONSUMER) timestamp=6532 ms, used_size=5130240 bytes (12.5%)
(RDMA_READ_CONSUME_CHECK_CONSUMER) timestamp=6532 ms, used_size=5128192 bytes (12.5%)
(RDMA_READ_CONSUME_CHECK_CONSUMER) timestamp=6532 ms, used_size=5126144 bytes (12.5%)
(RDMA_READ_CONSUME_CHECK_CONSUMER) timestamp=6532 ms, used_size=5124096 bytes (12.5%)
(RDMA_READ_CONSUME_CHECK_CONSUMER) timestamp=6532 ms, used_size=5122048 bytes (12.5%)
(RDMA_READ_CONSUME_CHECK_CONSUMER) timestamp=6532 ms, used_size=5120000 bytes (12.5%)
(RDMA_READ_CONSUME_CHECK_CONSUMER) timestamp=6532 ms, used_size=5117952 bytes (12.5%)
(RDMA_READ_CONSUME_CHECK_CONSUMER) timestamp=6532 ms, used_size=5115904 bytes (12.5%)
(RDMA_READ_CONSUME_CHECK_CONSUMER) timestamp=6532 ms, used_size=5113856 bytes (12.5%)
(RDMA_READ_CONSUME_CHECK_CONSUMER) timestamp=6532 ms, used_size=5111808 bytes (12.5%)
(RDMA_READ_CONSUME_CHECK_CONSUMER) timestamp=6532 ms, used_size=5109760 bytes (12.5%)
(RDMA_READ_CONSUME_CHECK_CONSUMER) timestamp=6532 ms, used_size=5107712 bytes (12.5%)
(RDMA_READ_CONSUME_CHECK_CONSUMER) timestamp=6532 ms, used_size=5105664 bytes (12.5%)
(RDMA_READ_CONSUME_CHECK_CONSUMER) timestamp=6532 ms, used_size=5103616 bytes (12.5%)
(RDMA_READ_CONSUME_CHECK_CONSUMER) timestamp=6532 ms, used_size=5101568 bytes (12.5%)
(RDMA_READ_CONSUME_CHECK_CONSUMER) timestamp=6532 ms, used_size=5099520 bytes (12.4%)
(RDMA_READ_CONSUME_CHECK_CONSUMER) timestamp=6532 ms, used_size=5097472 bytes (12.4%)
(RDMA_READ_CONSUME_CHECK_CONSUMER) timestamp=6532 ms, used_size=5095424 bytes (12.4%)
(RDMA_READ_CONSUME_CHECK_CONSUMER) timestamp=6532 ms, used_size=5093376 bytes (12.4%)
(RDMA_READ_CONSUME_CHECK_CONSUMER) timestamp=6532 ms, used_size=5091328 bytes (12.4%)
(RDMA_READ_CONSUME_CHECK_CONSUMER) timestamp=6532 ms, used_size=5089280 bytes (12.4%)
(RDMA_READ_CONSUME_CHECK_CONSUMER) timestamp=6532 ms, used_size=5087232 bytes (12.4%)
(RDMA_READ_CONSUME_CHECK_CONSUMER) timestamp=6532 ms, used_size=5085184 bytes (12.4%)
(RDMA_READ_CONSUME_CHECK_CONSUMER) timestamp=6532 ms, used_size=5083136 bytes (12.4%)
(RDMA_READ_CONSUME_CHECK_CONSUMER) timestamp=6532 ms, used_size=5081088 bytes (12.4%)
(RDMA_READ_CONSUME_CHECK_CONSUMER) timestamp=6532 ms, used_size=5079040 bytes (12.4%)
(RDMA_READ_CONSUME_CHECK_CONSUMER) timestamp=6532 ms, used_size=5076992 bytes (12.4%)
(RDMA_READ_CONSUME_CHECK_CONSUMER) timestamp=6532 ms, used_size=5074944 bytes (12.4%)
(RDMA_READ_CONSUME_CHECK_CONSUMER) timestamp=6532 ms, used_size=5072896 bytes (12.4%)
(RDMA_READ_CONSUME_CHECK_CONSUMER) timestamp=6532 ms, used_size=5070848 bytes (12.4%)
(RDMA_READ_CONSUME_CHECK_CONSUMER) timestamp=6532 ms, used_size=5068800 bytes (12.4%)
(RDMA_READ_CONSUME_CHECK_CONSUMER) timestamp=6532 ms, used_size=5066752 bytes (12.4%)
(RDMA_READ_CONSUME_CHECK_CONSUMER) timestamp=6532 ms, used_size=5064704 bytes (12.4%)
(RDMA_READ_CONSUME_CHECK_CONSUMER) timestamp=6532 ms, used_size=5062656 bytes (12.4%)
(RDMA_READ_CONSUME_CHECK_CONSUMER) timestamp=6532 ms, used_size=5060608 bytes (12.4%)
(RDMA_READ_CONSUME_CHECK_CONSUMER) timestamp=6532 ms, used_size=5058560 bytes (12.3%)
(RDMA_READ_CONSUME_CHECK_CONSUMER) timestamp=6532 ms, used_size=5056512 bytes (12.3%)
(RDMA_READ_CONSUME_CHECK_CONSUMER) timestamp=6532 ms, used_size=5054464 bytes (12.3%)
(RDMA_READ_CONSUME_CHECK_CONSUMER) timestamp=6532 ms, used_size=5052416 bytes (12.3%)
(RDMA_READ_CONSUME_CHECK_CONSUMER) timestamp=6532 ms, used_size=5050368 bytes (12.3%)
(RDMA_READ_CONSUME_CHECK_CONSUMER) timestamp=6532 ms, used_size=5048320 bytes (12.3%)
(RDMA_READ_CONSUME_CHECK_CONSUMER) timestamp=6532 ms, used_size=5046272 bytes (12.3%)
(RDMA_READ_CONSUME_CHECK_CONSUMER) timestamp=6532 ms, used_size=5044224 bytes (12.3%)
(RDMA_READ_CONSUME_CHECK_CONSUMER) timestamp=6532 ms, used_size=5042176 bytes (12.3%)
(RDMA_READ_CONSUME_CHECK_CONSUMER) timestamp=6532 ms, used_size=5040128 bytes (12.3%)
(RDMA_READ_CONSUME_CHECK_CONSUMER) timestamp=6532 ms, used_size=5038080 bytes (12.3%)
(RDMA_READ_CONSUME_CHECK_CONSUMER) timestamp=6532 ms, used_size=5036032 bytes (12.3%)
(RDMA_READ_CONSUME_CHECK_CONSUMER) timestamp=6532 ms, used_size=5033984 bytes (12.3%)
(RDMA_READ_CONSUME_CHECK_CONSUMER) timestamp=6532 ms, used_size=5031936 bytes (12.3%)
(RDMA_READ_CONSUME_CHECK_CONSUMER) timestamp=6532 ms, used_size=5029888 bytes (12.3%)
(RDMA_READ_CONSUME_CHECK_CONSUMER) timestamp=6532 ms, used_size=5027840 bytes (12.3%)
(RDMA_READ_CONSUME_CHECK_CONSUMER) timestamp=6532 ms, used_size=5025792 bytes (12.3%)
(RDMA_READ_CONSUME_CHECK_CONSUMER) timestamp=6532 ms, used_size=5023744 bytes (12.3%)
(RDMA_READ_CONSUME_CHECK_CONSUMER) timestamp=6532 ms, used_size=5021696 bytes (12.3%)
(RDMA_READ_CONSUME_CHECK_CONSUMER) timestamp=6532 ms, used_size=5019648 bytes (12.3%)
(RDMA_READ_CONSUME_CHECK_CONSUMER) timestamp=6532 ms, used_size=5017600 bytes (12.2%)
(RDMA_READ_CONSUME_CHECK_CONSUMER) timestamp=6532 ms, used_size=5015552 bytes (12.2%)
(RDMA_READ_CONSUME_CHECK_CONSUMER) timestamp=6532 ms, used_size=5013504 bytes (12.2%)
(RDMA_READ_CONSUME_CHECK_CONSUMER) timestamp=6532 ms, used_size=5011456 bytes (12.2%)
(RDMA_READ_CONSUME_CHECK_CONSUMER) timestamp=6532 ms, used_size=5009408 bytes (12.2%)
(RDMA_READ_CONSUME_CHECK_CONSUMER) timestamp=6532 ms, used_size=5007360 bytes (12.2%)
(RDMA_READ_CONSUME_CHECK_CONSUMER) timestamp=6532 ms, used_size=5005312 bytes (12.2%)
(RDMA_READ_CONSUME_CHECK_CONSUMER) timestamp=6532 ms, used_size=5003264 bytes (12.2%)
(RDMA_READ_CONSUME_CHECK_CONSUMER) timestamp=6532 ms, used_size=5001216 bytes (12.2%)
(RDMA_READ_CONSUME_CHECK_CONSUMER) timestamp=6532 ms, used_size=4999168 bytes (12.2%)
(RDMA_READ_CONSUME_CHECK_CONSUMER) timestamp=6532 ms, used_size=4997120 bytes (12.2%)
(RDMA_READ_CONSUME_CHECK_CONSUMER) timestamp=6532 ms, used_size=4995072 bytes (12.2%)
(RDMA_READ_CONSUME_CHECK_CONSUMER) timestamp=6532 ms, used_size=4993024 bytes (12.2%)
(RDMA_READ_CONSUME_CHECK_CONSUMER) timestamp=6532 ms, used_size=4990976 bytes (12.2%)
(RDMA_READ_CONSUME_CHECK_CONSUMER) timestamp=6532 ms, used_size=4988928 bytes (12.2%)
(RDMA_READ_CONSUME_CHECK_CONSUMER) timestamp=6532 ms, used_size=4986880 bytes (12.2%)
(RDMA_READ_CONSUME_CHECK_CONSUMER) timestamp=6532 ms, used_size=4984832 bytes (12.2%)
(RDMA_READ_CONSUME_CHECK_CONSUMER) timestamp=6532 ms, used_size=4982784 bytes (12.2%)
(RDMA_READ_CONSUME_CHECK_CONSUMER) timestamp=6532 ms, used_size=4980736 bytes (12.2%)
(RDMA_READ_CONSUME_CHECK_CONSUMER) timestamp=6532 ms, used_size=4978688 bytes (12.2%)
(RDMA_READ_CONSUME_CHECK_CONSUMER) timestamp=6532 ms, used_size=4976640 bytes (12.2%)
(RDMA_READ_CONSUME_CHECK_CONSUMER) timestamp=6532 ms, used_size=4974592 bytes (12.1%)
(RDMA_READ_CONSUME_CHECK_CONSUMER) timestamp=6532 ms, used_size=4972544 bytes (12.1%)
(RDMA_READ_CONSUME_CHECK_CONSUMER) timestamp=6532 ms, used_size=4970496 bytes (12.1%)
(RDMA_READ_CONSUME_CHECK_CONSUMER) timestamp=6532 ms, used_size=4968448 bytes (12.1%)
(RDMA_READ_CONSUME_CHECK_CONSUMER) timestamp=6532 ms, used_size=4966400 bytes (12.1%)
(RDMA_READ_CONSUME_CHECK_CONSUMER) timestamp=6532 ms, used_size=4964352 bytes (12.1%)
(RDMA_READ_CONSUME_CHECK_CONSUMER) timestamp=6532 ms, used_size=4962304 bytes (12.1%)
(RDMA_READ_CONSUME_CHECK_CONSUMER) timestamp=6532 ms, used_size=4960256 bytes (12.1%)
(RDMA_READ_CONSUME_CHECK_CONSUMER) timestamp=6532 ms, used_size=4958208 bytes (12.1%)
(RDMA_READ_CONSUME_CHECK_CONSUMER) timestamp=6532 ms, used_size=4956160 bytes (12.1%)
(RDMA_READ_CONSUME_CHECK_CONSUMER) timestamp=6532 ms, used_size=4954112 bytes (12.1%)
(RDMA_READ_CONSUME_CHECK_CONSUMER) timestamp=6532 ms, used_size=4952064 bytes (12.1%)
(RDMA_READ_CONSUME_CHECK_CONSUMER) timestamp=6532 ms, used_size=4950016 bytes (12.1%)
(RDMA_READ_CONSUME_CHECK_CONSUMER) timestamp=6532 ms, used_size=4947968 bytes (12.1%)
(RDMA_READ_CONSUME_CHECK_CONSUMER) timestamp=6532 ms, used_size=4945920 bytes (12.1%)
(RDMA_READ_CONSUME_CHECK_CONSUMER) timestamp=6532 ms, used_size=4943872 bytes (12.1%)
(RDMA_READ_CONSUME_CHECK_CONSUMER) timestamp=6532 ms, used_size=4941824 bytes (12.1%)
(RDMA_READ_CONSUME_CHECK_CONSUMER) timestamp=6532 ms, used_size=4939776 bytes (12.1%)
(RDMA_READ_CONSUME_CHECK_CONSUMER) timestamp=6532 ms, used_size=4937728 bytes (12.1%)
(RDMA_READ_CONSUME_CHECK_CONSUMER) timestamp=6532 ms, used_size=4935680 bytes (12.1%)
(RDMA_READ_CONSUME_CHECK_CONSUMER) timestamp=6532 ms, used_size=4933632 bytes (12.0%)
(RDMA_READ_CONSUME_CHECK_CONSUMER) timestamp=6532 ms, used_size=4931584 bytes (12.0%)
(RDMA_READ_CONSUME_CHECK_CONSUMER) timestamp=6532 ms, used_size=4929536 bytes (12.0%)
(RDMA_READ_CONSUME_CHECK_CONSUMER) timestamp=6532 ms, used_size=4927488 bytes (12.0%)
(RDMA_READ_CONSUME_CHECK_CONSUMER) timestamp=6532 ms, used_size=4925440 bytes (12.0%)
(RDMA_READ_CONSUME_CHECK_CONSUMER) timestamp=6533 ms, used_size=4923392 bytes (12.0%)
(RDMA_READ_CONSUME_CHECK_CONSUMER) timestamp=6533 ms, used_size=4921344 bytes (12.0%)
(RDMA_READ_CONSUME_CHECK_CONSUMER) timestamp=6533 ms, used_size=4919296 bytes (12.0%)
(RDMA_READ_CONSUME_CHECK_CONSUMER) timestamp=6533 ms, used_size=4917248 bytes (12.0%)
(RDMA_READ_CONSUME_CHECK_CONSUMER) timestamp=6533 ms, used_size=4915200 bytes (12.0%)
(RDMA_READ_CONSUME_CHECK_CONSUMER) timestamp=6533 ms, used_size=4913152 bytes (12.0%)
(RDMA_READ_CONSUME_CHECK_CONSUMER) timestamp=6533 ms, used_size=4911104 bytes (12.0%)
(RDMA_READ_CONSUME_CHECK_CONSUMER) timestamp=6533 ms, used_size=4909056 bytes (12.0%)
(RDMA_READ_CONSUME_CHECK_CONSUMER) timestamp=6533 ms, used_size=4907008 bytes (12.0%)
(RDMA_READ_CONSUME_CHECK_CONSUMER) timestamp=6533 ms, used_size=4904960 bytes (12.0%)
(RDMA_READ_CONSUME_CHECK_CONSUMER) timestamp=6533 ms, used_size=4902912 bytes (12.0%)
(RDMA_READ_CONSUME_CHECK_CONSUMER) timestamp=6533 ms, used_size=4900864 bytes (12.0%)
(RDMA_READ_CONSUME_CHECK_CONSUMER) timestamp=6533 ms, used_size=4898816 bytes (12.0%)
(RDMA_READ_CONSUME_CHECK_CONSUMER) timestamp=6533 ms, used_size=4896768 bytes (12.0%)
(RDMA_READ_CONSUME_CHECK_CONSUMER) timestamp=6533 ms, used_size=4894720 bytes (11.9%)
(RDMA_READ_CONSUME_CHECK_CONSUMER) timestamp=6533 ms, used_size=4892672 bytes (11.9%)
(RDMA_READ_CONSUME_CHECK_CONSUMER) timestamp=6533 ms, used_size=4890624 bytes (11.9%)
(RDMA_READ_CONSUME_CHECK_CONSUMER) timestamp=6533 ms, used_size=4888576 bytes (11.9%)
(RDMA_READ_CONSUME_CHECK_CONSUMER) timestamp=6533 ms, used_size=4886528 bytes (11.9%)
(RDMA_READ_CONSUME_CHECK_CONSUMER) timestamp=6533 ms, used_size=4884480 bytes (11.9%)
(RDMA_READ_CONSUME_CHECK_CONSUMER) timestamp=6533 ms, used_size=4882432 bytes (11.9%)
(RDMA_READ_CONSUME_CHECK_CONSUMER) timestamp=6533 ms, used_size=4880384 bytes (11.9%)
(RDMA_READ_CONSUME_CHECK_CONSUMER) timestamp=6533 ms, used_size=4878336 bytes (11.9%)
(RDMA_READ_CONSUME_CHECK_CONSUMER) timestamp=6533 ms, used_size=4876288 bytes (11.9%)
(RDMA_READ_CONSUME_CHECK_CONSUMER) timestamp=6533 ms, used_size=4874240 bytes (11.9%)
(RDMA_READ_CONSUME_CHECK_CONSUMER) timestamp=6533 ms, used_size=4872192 bytes (11.9%)
(RDMA_READ_CONSUME_CHECK_CONSUMER) timestamp=6533 ms, used_size=4870144 bytes (11.9%)
(RDMA_READ_CONSUME_CHECK_CONSUMER) timestamp=6533 ms, used_size=4868096 bytes (11.9%)
(RDMA_READ_CONSUME_CHECK_CONSUMER) timestamp=6533 ms, used_size=4866048 bytes (11.9%)
(RDMA_READ_CONSUME_CHECK_CONSUMER) timestamp=6533 ms, used_size=4864000 bytes (11.9%)
(RDMA_READ_CONSUME_CHECK_CONSUMER) timestamp=6533 ms, used_size=4861952 bytes (11.9%)
(RDMA_READ_CONSUME_CHECK_CONSUMER) timestamp=6533 ms, used_size=4859904 bytes (11.9%)
(RDMA_READ_CONSUME_CHECK_CONSUMER) timestamp=6533 ms, used_size=4857856 bytes (11.9%)
(RDMA_READ_CONSUME_CHECK_CONSUMER) timestamp=6533 ms, used_size=4855808 bytes (11.9%)
(RDMA_READ_CONSUME_CHECK_CONSUMER) timestamp=6533 ms, used_size=4853760 bytes (11.8%)
(RDMA_READ_CONSUME_CHECK_CONSUMER) timestamp=6533 ms, used_size=4851712 bytes (11.8%)
(RDMA_READ_CONSUME_CHECK_CONSUMER) timestamp=6533 ms, used_size=4849664 bytes (11.8%)
(RDMA_READ_CONSUME_CHECK_CONSUMER) timestamp=6533 ms, used_size=4847616 bytes (11.8%)
(RDMA_READ_CONSUME_CHECK_CONSUMER) timestamp=6533 ms, used_size=4845568 bytes (11.8%)
(RDMA_READ_CONSUME_CHECK_CONSUMER) timestamp=6533 ms, used_size=4843520 bytes (11.8%)
(RDMA_READ_CONSUME_CHECK_CONSUMER) timestamp=6533 ms, used_size=4841472 bytes (11.8%)
(RDMA_READ_CONSUME_CHECK_CONSUMER) timestamp=6533 ms, used_size=4839424 bytes (11.8%)
(RDMA_READ_CONSUME_CHECK_CONSUMER) timestamp=6533 ms, used_size=4837376 bytes (11.8%)
(RDMA_READ_CONSUME_CHECK_CONSUMER) timestamp=6533 ms, used_size=4835328 bytes (11.8%)
(RDMA_READ_CONSUME_CHECK_CONSUMER) timestamp=6533 ms, used_size=4833280 bytes (11.8%)
(RDMA_READ_CONSUME_CHECK_CONSUMER) timestamp=6533 ms, used_size=4831232 bytes (11.8%)
(RDMA_READ_CONSUME_CHECK_CONSUMER) timestamp=6533 ms, used_size=4829184 bytes (11.8%)
(RDMA_READ_CONSUME_CHECK_CONSUMER) timestamp=6533 ms, used_size=4827136 bytes (11.8%)
(RDMA_READ_CONSUME_CHECK_CONSUMER) timestamp=6533 ms, used_size=4825088 bytes (11.8%)
(RDMA_READ_CONSUME_CHECK_CONSUMER) timestamp=6533 ms, used_size=4823040 bytes (11.8%)
(RDMA_READ_CONSUME_CHECK_CONSUMER) timestamp=6533 ms, used_size=4820992 bytes (11.8%)
(RDMA_READ_CONSUME_CHECK_CONSUMER) timestamp=6533 ms, used_size=4818944 bytes (11.8%)
(RDMA_READ_CONSUME_CHECK_CONSUMER) timestamp=6533 ms, used_size=4816896 bytes (11.8%)
(RDMA_READ_CONSUME_CHECK_CONSUMER) timestamp=6533 ms, used_size=4814848 bytes (11.8%)
(RDMA_READ_CONSUME_CHECK_CONSUMER) timestamp=6533 ms, used_size=4812800 bytes (11.8%)
(RDMA_READ_CONSUME_CHECK_CONSUMER) timestamp=6533 ms, used_size=4810752 bytes (11.7%)
(RDMA_READ_CONSUME_CHECK_CONSUMER) timestamp=6533 ms, used_size=4808704 bytes (11.7%)
(RDMA_READ_CONSUME_CHECK_CONSUMER) timestamp=6533 ms, used_size=4806656 bytes (11.7%)
(RDMA_READ_CONSUME_CHECK_CONSUMER) timestamp=6533 ms, used_size=4804608 bytes (11.7%)
(RDMA_READ_CONSUME_CHECK_CONSUMER) timestamp=6533 ms, used_size=4802560 bytes (11.7%)
(RDMA_READ_CONSUME_CHECK_CONSUMER) timestamp=6533 ms, used_size=4800512 bytes (11.7%)
(RDMA_READ_CONSUME_CHECK_CONSUMER) timestamp=6533 ms, used_size=4798464 bytes (11.7%)
(RDMA_READ_CONSUME_CHECK_CONSUMER) timestamp=6533 ms, used_size=4796416 bytes (11.7%)
(RDMA_READ_CONSUME_CHECK_CONSUMER) timestamp=6533 ms, used_size=4794368 bytes (11.7%)
(RDMA_READ_CONSUME_CHECK_CONSUMER) timestamp=6533 ms, used_size=4792320 bytes (11.7%)
(RDMA_READ_CONSUME_CHECK_CONSUMER) timestamp=6533 ms, used_size=4790272 bytes (11.7%)
(RDMA_READ_CONSUME_CHECK_CONSUMER) timestamp=6533 ms, used_size=4788224 bytes (11.7%)
(RDMA_READ_CONSUME_CHECK_CONSUMER) timestamp=6533 ms, used_size=4786176 bytes (11.7%)
(RDMA_READ_CONSUME_CHECK_CONSUMER) timestamp=6533 ms, used_size=4784128 bytes (11.7%)
(RDMA_READ_CONSUME_CHECK_CONSUMER) timestamp=6533 ms, used_size=4782080 bytes (11.7%)
(RDMA_READ_CONSUME_CHECK_CONSUMER) timestamp=6533 ms, used_size=4780032 bytes (11.7%)
(RDMA_READ_CONSUME_CHECK_CONSUMER) timestamp=6533 ms, used_size=4777984 bytes (11.7%)
(RDMA_READ_CONSUME_CHECK_CONSUMER) timestamp=6533 ms, used_size=4775936 bytes (11.7%)
(RDMA_READ_CONSUME_CHECK_CONSUMER) timestamp=6533 ms, used_size=4773888 bytes (11.7%)
(RDMA_READ_CONSUME_CHECK_CONSUMER) timestamp=6533 ms, used_size=4771840 bytes (11.7%)
(RDMA_READ_CONSUME_CHECK_CONSUMER) timestamp=6533 ms, used_size=4769792 bytes (11.6%)
(RDMA_READ_CONSUME_CHECK_CONSUMER) timestamp=6533 ms, used_size=4767744 bytes (11.6%)
(RDMA_READ_CONSUME_CHECK_CONSUMER) timestamp=6533 ms, used_size=4765696 bytes (11.6%)
(RDMA_READ_CONSUME_CHECK_CONSUMER) timestamp=6533 ms, used_size=4763648 bytes (11.6%)
(RDMA_READ_CONSUME_CHECK_CONSUMER) timestamp=6533 ms, used_size=4761600 bytes (11.6%)
(RDMA_READ_CONSUME_CHECK_CONSUMER) timestamp=6533 ms, used_size=4759552 bytes (11.6%)
(RDMA_READ_CONSUME_CHECK_CONSUMER) timestamp=6533 ms, used_size=4757504 bytes (11.6%)
(RDMA_READ_CONSUME_CHECK_CONSUMER) timestamp=6533 ms, used_size=4755456 bytes (11.6%)
(RDMA_READ_CONSUME_CHECK_CONSUMER) timestamp=6533 ms, used_size=4753408 bytes (11.6%)
(RDMA_READ_CONSUME_CHECK_CONSUMER) timestamp=6533 ms, used_size=4751360 bytes (11.6%)
(RDMA_READ_CONSUME_CHECK_CONSUMER) timestamp=6533 ms, used_size=4749312 bytes (11.6%)
(RDMA_READ_CONSUME_CHECK_CONSUMER) timestamp=6533 ms, used_size=4747264 bytes (11.6%)
(RDMA_READ_CONSUME_CHECK_CONSUMER) timestamp=6533 ms, used_size=4745216 bytes (11.6%)
(RDMA_READ_CONSUME_CHECK_CONSUMER) timestamp=6533 ms, used_size=4743168 bytes (11.6%)
(RDMA_READ_CONSUME_CHECK_CONSUMER) timestamp=6533 ms, used_size=4741120 bytes (11.6%)
(RDMA_READ_CONSUME_CHECK_CONSUMER) timestamp=6533 ms, used_size=4739072 bytes (11.6%)
(RDMA_READ_CONSUME_CHECK_CONSUMER) timestamp=6533 ms, used_size=4737024 bytes (11.6%)
(RDMA_READ_CONSUME_CHECK_CONSUMER) timestamp=6533 ms, used_size=4734976 bytes (11.6%)
(RDMA_READ_CONSUME_CHECK_CONSUMER) timestamp=6533 ms, used_size=4732928 bytes (11.6%)
(RDMA_READ_CONSUME_CHECK_CONSUMER) timestamp=6533 ms, used_size=4730880 bytes (11.6%)
(RDMA_READ_CONSUME_CHECK_CONSUMER) timestamp=6533 ms, used_size=4728832 bytes (11.5%)
(RDMA_READ_CONSUME_CHECK_CONSUMER) timestamp=6533 ms, used_size=4726784 bytes (11.5%)
(RDMA_READ_CONSUME_CHECK_CONSUMER) timestamp=6533 ms, used_size=4724736 bytes (11.5%)
(RDMA_READ_CONSUME_CHECK_CONSUMER) timestamp=6533 ms, used_size=4722688 bytes (11.5%)
(RDMA_READ_CONSUME_CHECK_CONSUMER) timestamp=6533 ms, used_size=4720640 bytes (11.5%)
(RDMA_READ_CONSUME_CHECK_CONSUMER) timestamp=6533 ms, used_size=4718592 bytes (11.5%)
(RDMA_READ_CONSUME_CHECK_CONSUMER) timestamp=6533 ms, used_size=4716544 bytes (11.5%)
(RDMA_READ_CONSUME_CHECK_CONSUMER) timestamp=6533 ms, used_size=4714496 bytes (11.5%)
(RDMA_READ_CONSUME_CHECK_CONSUMER) timestamp=6533 ms, used_size=4712448 bytes (11.5%)
(RDMA_READ_CONSUME_CHECK_CONSUMER) timestamp=6533 ms, used_size=4710400 bytes (11.5%)
(RDMA_READ_CONSUME_CHECK_CONSUMER) timestamp=6533 ms, used_size=4708352 bytes (11.5%)
(RDMA_READ_CONSUME_CHECK_CONSUMER) timestamp=6533 ms, used_size=4706304 bytes (11.5%)
(RDMA_READ_CONSUME_CHECK_CONSUMER) timestamp=6533 ms, used_size=4704256 bytes (11.5%)
(RDMA_READ_CONSUME_CHECK_CONSUMER) timestamp=6533 ms, used_size=4702208 bytes (11.5%)
(RDMA_READ_CONSUME_CHECK_CONSUMER) timestamp=6533 ms, used_size=4700160 bytes (11.5%)
(RDMA_READ_CONSUME_CHECK_CONSUMER) timestamp=6533 ms, used_size=4698112 bytes (11.5%)
(RDMA_READ_CONSUME_CHECK_CONSUMER) timestamp=6533 ms, used_size=4696064 bytes (11.5%)
(RDMA_READ_CONSUME_CHECK_CONSUMER) timestamp=6533 ms, used_size=4694016 bytes (11.5%)
(RDMA_READ_CONSUME_CHECK_CONSUMER) timestamp=6533 ms, used_size=4691968 bytes (11.5%)
(RDMA_READ_CONSUME_CHECK_CONSUMER) timestamp=6533 ms, used_size=4689920 bytes (11.4%)
(RDMA_READ_CONSUME_CHECK_CONSUMER) timestamp=6533 ms, used_size=4687872 bytes (11.4%)
(RDMA_READ_CONSUME_CHECK_CONSUMER) timestamp=6533 ms, used_size=4685824 bytes (11.4%)
(RDMA_READ_CONSUME_CHECK_CONSUMER) timestamp=6533 ms, used_size=4683776 bytes (11.4%)
(RDMA_READ_CONSUME_CHECK_CONSUMER) timestamp=6533 ms, used_size=4681728 bytes (11.4%)
(RDMA_READ_CONSUME_CHECK_CONSUMER) timestamp=6533 ms, used_size=4679680 bytes (11.4%)
(RDMA_READ_CONSUME_CHECK_CONSUMER) timestamp=6533 ms, used_size=4677632 bytes (11.4%)
(RDMA_READ_CONSUME_CHECK_CONSUMER) timestamp=6533 ms, used_size=4675584 bytes (11.4%)
(RDMA_READ_CONSUME_CHECK_CONSUMER) timestamp=6533 ms, used_size=4673536 bytes (11.4%)
(RDMA_READ_CONSUME_CHECK_CONSUMER) timestamp=6533 ms, used_size=4671488 bytes (11.4%)
(RDMA_READ_CONSUME_CHECK_CONSUMER) timestamp=6533 ms, used_size=4669440 bytes (11.4%)
(RDMA_READ_CONSUME_CHECK_CONSUMER) timestamp=6533 ms, used_size=4667392 bytes (11.4%)
(RDMA_READ_CONSUME_CHECK_CONSUMER) timestamp=6533 ms, used_size=4665344 bytes (11.4%)
(RDMA_READ_CONSUME_CHECK_CONSUMER) timestamp=6533 ms, used_size=4663296 bytes (11.4%)
(RDMA_READ_CONSUME_CHECK_CONSUMER) timestamp=6533 ms, used_size=4661248 bytes (11.4%)
(RDMA_READ_CONSUME_CHECK_CONSUMER) timestamp=6533 ms, used_size=4659200 bytes (11.4%)
(RDMA_READ_CONSUME_CHECK_CONSUMER) timestamp=6533 ms, used_size=4657152 bytes (11.4%)
(RDMA_READ_CONSUME_CHECK_CONSUMER) timestamp=6533 ms, used_size=4655104 bytes (11.4%)
(RDMA_READ_CONSUME_CHECK_CONSUMER) timestamp=6533 ms, used_size=4653056 bytes (11.4%)
(RDMA_READ_CONSUME_CHECK_CONSUMER) timestamp=6533 ms, used_size=4651008 bytes (11.4%)
(RDMA_READ_CONSUME_CHECK_CONSUMER) timestamp=6533 ms, used_size=4648960 bytes (11.3%)
(RDMA_READ_CONSUME_CHECK_CONSUMER) timestamp=6533 ms, used_size=4646912 bytes (11.3%)
(RDMA_READ_CONSUME_CHECK_CONSUMER) timestamp=6533 ms, used_size=4644864 bytes (11.3%)
(RDMA_READ_CONSUME_CHECK_CONSUMER) timestamp=6533 ms, used_size=4642816 bytes (11.3%)
(RDMA_READ_CONSUME_CHECK_CONSUMER) timestamp=6533 ms, used_size=4640768 bytes (11.3%)
(RDMA_READ_CONSUME_CHECK_CONSUMER) timestamp=6533 ms, used_size=4638720 bytes (11.3%)
(RDMA_READ_CONSUME_CHECK_CONSUMER) timestamp=6533 ms, used_size=4636672 bytes (11.3%)
(RDMA_READ_CONSUME_CHECK_CONSUMER) timestamp=6533 ms, used_size=4634624 bytes (11.3%)
(RDMA_READ_CONSUME_CHECK_CONSUMER) timestamp=6533 ms, used_size=4632576 bytes (11.3%)
(RDMA_READ_CONSUME_CHECK_CONSUMER) timestamp=6533 ms, used_size=4630528 bytes (11.3%)
(RDMA_READ_CONSUME_CHECK_CONSUMER) timestamp=6533 ms, used_size=4628480 bytes (11.3%)
(RDMA_READ_CONSUME_CHECK_CONSUMER) timestamp=6533 ms, used_size=4626432 bytes (11.3%)
(RDMA_READ_CONSUME_CHECK_CONSUMER) timestamp=6533 ms, used_size=4624384 bytes (11.3%)
(RDMA_READ_CONSUME_CHECK_CONSUMER) timestamp=6533 ms, used_size=4622336 bytes (11.3%)
(RDMA_READ_CONSUME_CHECK_CONSUMER) timestamp=6533 ms, used_size=4620288 bytes (11.3%)
(RDMA_READ_CONSUME_CHECK_CONSUMER) timestamp=6533 ms, used_size=4618240 bytes (11.3%)
(RDMA_READ_CONSUME_CHECK_CONSUMER) timestamp=6533 ms, used_size=4616192 bytes (11.3%)
(RDMA_READ_CONSUME_CHECK_CONSUMER) timestamp=6533 ms, used_size=4614144 bytes (11.3%)
(RDMA_READ_CONSUME_CHECK_CONSUMER) timestamp=6533 ms, used_size=4612096 bytes (11.3%)
(RDMA_READ_CONSUME_CHECK_CONSUMER) timestamp=6533 ms, used_size=4610048 bytes (11.3%)
(RDMA_READ_CONSUME_CHECK_CONSUMER) timestamp=6533 ms, used_size=4608000 bytes (11.2%)
(RDMA_READ_CONSUME_CHECK_CONSUMER) timestamp=6533 ms, used_size=4605952 bytes (11.2%)
(RDMA_READ_CONSUME_CHECK_CONSUMER) timestamp=6533 ms, used_size=4603904 bytes (11.2%)
(RDMA_READ_CONSUME_CHECK_CONSUMER) timestamp=6533 ms, used_size=4601856 bytes (11.2%)
(RDMA_READ_CONSUME_CHECK_CONSUMER) timestamp=6533 ms, used_size=4599808 bytes (11.2%)
(RDMA_READ_CONSUME_CHECK_CONSUMER) timestamp=6533 ms, used_size=4597760 bytes (11.2%)
(RDMA_READ_CONSUME_CHECK_CONSUMER) timestamp=6533 ms, used_size=4595712 bytes (11.2%)
(RDMA_READ_CONSUME_CHECK_CONSUMER) timestamp=6533 ms, used_size=4593664 bytes (11.2%)
(RDMA_READ_CONSUME_CHECK_CONSUMER) timestamp=6533 ms, used_size=4591616 bytes (11.2%)
(RDMA_READ_CONSUME_CHECK_CONSUMER) timestamp=6533 ms, used_size=4589568 bytes (11.2%)
(RDMA_READ_CONSUME_CHECK_CONSUMER) timestamp=6533 ms, used_size=4587520 bytes (11.2%)
(RDMA_READ_CONSUME_CHECK_CONSUMER) timestamp=6533 ms, used_size=4585472 bytes (11.2%)
(RDMA_READ_CONSUME_CHECK_CONSUMER) timestamp=6533 ms, used_size=4583424 bytes (11.2%)
(RDMA_READ_CONSUME_CHECK_CONSUMER) timestamp=6533 ms, used_size=4581376 bytes (11.2%)
(RDMA_READ_CONSUME_CHECK_CONSUMER) timestamp=6533 ms, used_size=4579328 bytes (11.2%)
(RDMA_READ_CONSUME_CHECK_CONSUMER) timestamp=6533 ms, used_size=4577280 bytes (11.2%)
(RDMA_READ_CONSUME_CHECK_CONSUMER) timestamp=6533 ms, used_size=4575232 bytes (11.2%)
(RDMA_READ_CONSUME_CHECK_CONSUMER) timestamp=6533 ms, used_size=4573184 bytes (11.2%)
(RDMA_READ_CONSUME_CHECK_CONSUMER) timestamp=6533 ms, used_size=4571136 bytes (11.2%)
(RDMA_READ_CONSUME_CHECK_CONSUMER) timestamp=6533 ms, used_size=4569088 bytes (11.2%)
(RDMA_READ_CONSUME_CHECK_CONSUMER) timestamp=6533 ms, used_size=4567040 bytes (11.2%)
(RDMA_READ_CONSUME_CHECK_CONSUMER) timestamp=6533 ms, used_size=4564992 bytes (11.1%)
(RDMA_READ_CONSUME_CHECK_CONSUMER) timestamp=6533 ms, used_size=4562944 bytes (11.1%)
(RDMA_READ_CONSUME_CHECK_CONSUMER) timestamp=6533 ms, used_size=4560896 bytes (11.1%)
(RDMA_READ_CONSUME_CHECK_CONSUMER) timestamp=6533 ms, used_size=4558848 bytes (11.1%)
(RDMA_READ_CONSUME_CHECK_CONSUMER) timestamp=6533 ms, used_size=4556800 bytes (11.1%)
(RDMA_READ_CONSUME_CHECK_CONSUMER) timestamp=6533 ms, used_size=4554752 bytes (11.1%)
(RDMA_READ_CONSUME_CHECK_CONSUMER) timestamp=6533 ms, used_size=4552704 bytes (11.1%)
(RDMA_READ_CONSUME_CHECK_CONSUMER) timestamp=6534 ms, used_size=4550656 bytes (11.1%)
(RDMA_READ_CONSUME_CHECK_CONSUMER) timestamp=6534 ms, used_size=4548608 bytes (11.1%)
(RDMA_READ_CONSUME_CHECK_CONSUMER) timestamp=6534 ms, used_size=4546560 bytes (11.1%)
(RDMA_READ_CONSUME_CHECK_CONSUMER) timestamp=6534 ms, used_size=4544512 bytes (11.1%)
(RDMA_READ_CONSUME_CHECK_CONSUMER) timestamp=6534 ms, used_size=4542464 bytes (11.1%)
(RDMA_READ_CONSUME_CHECK_CONSUMER) timestamp=6534 ms, used_size=4540416 bytes (11.1%)
(RDMA_READ_CONSUME_CHECK_CONSUMER) timestamp=6534 ms, used_size=4538368 bytes (11.1%)
(RDMA_READ_CONSUME_CHECK_CONSUMER) timestamp=6534 ms, used_size=4536320 bytes (11.1%)
(RDMA_READ_CONSUME_CHECK_CONSUMER) timestamp=6534 ms, used_size=4534272 bytes (11.1%)
(RDMA_READ_CONSUME_CHECK_CONSUMER) timestamp=6534 ms, used_size=4532224 bytes (11.1%)
(RDMA_READ_CONSUME_CHECK_CONSUMER) timestamp=6534 ms, used_size=4530176 bytes (11.1%)
(RDMA_READ_CONSUME_CHECK_CONSUMER) timestamp=6534 ms, used_size=4528128 bytes (11.1%)
(RDMA_READ_CONSUME_CHECK_CONSUMER) timestamp=6534 ms, used_size=4526080 bytes (11.1%)
(RDMA_READ_CONSUME_CHECK_CONSUMER) timestamp=6534 ms, used_size=4524032 bytes (11.0%)
(RDMA_READ_CONSUME_CHECK_CONSUMER) timestamp=6534 ms, used_size=4521984 bytes (11.0%)
(RDMA_READ_CONSUME_CHECK_CONSUMER) timestamp=6534 ms, used_size=4519936 bytes (11.0%)
(RDMA_READ_CONSUME_CHECK_CONSUMER) timestamp=6534 ms, used_size=4517888 bytes (11.0%)
(RDMA_READ_CONSUME_CHECK_CONSUMER) timestamp=6534 ms, used_size=4515840 bytes (11.0%)
(RDMA_READ_CONSUME_CHECK_CONSUMER) timestamp=6534 ms, used_size=4513792 bytes (11.0%)
(RDMA_READ_CONSUME_CHECK_CONSUMER) timestamp=6534 ms, used_size=4511744 bytes (11.0%)
(RDMA_READ_CONSUME_CHECK_CONSUMER) timestamp=6534 ms, used_size=4509696 bytes (11.0%)
(RDMA_READ_CONSUME_CHECK_CONSUMER) timestamp=6534 ms, used_size=4507648 bytes (11.0%)
(RDMA_READ_CONSUME_CHECK_CONSUMER) timestamp=6534 ms, used_size=4505600 bytes (11.0%)
(RDMA_READ_CONSUME_CHECK_CONSUMER) timestamp=6534 ms, used_size=4503552 bytes (11.0%)
(RDMA_READ_CONSUME_CHECK_CONSUMER) timestamp=6534 ms, used_size=4501504 bytes (11.0%)
(RDMA_READ_CONSUME_CHECK_CONSUMER) timestamp=6534 ms, used_size=4499456 bytes (11.0%)
(RDMA_READ_CONSUME_CHECK_CONSUMER) timestamp=6534 ms, used_size=4497408 bytes (11.0%)
(RDMA_READ_CONSUME_CHECK_CONSUMER) timestamp=6534 ms, used_size=4495360 bytes (11.0%)
(RDMA_READ_CONSUME_CHECK_CONSUMER) timestamp=6534 ms, used_size=4493312 bytes (11.0%)
(RDMA_READ_CONSUME_CHECK_CONSUMER) timestamp=6534 ms, used_size=4491264 bytes (11.0%)
(RDMA_READ_CONSUME_CHECK_CONSUMER) timestamp=6534 ms, used_size=4489216 bytes (11.0%)
(RDMA_READ_CONSUME_CHECK_CONSUMER) timestamp=6534 ms, used_size=4487168 bytes (11.0%)
(RDMA_READ_CONSUME_CHECK_CONSUMER) timestamp=6534 ms, used_size=4485120 bytes (10.9%)
(RDMA_READ_CONSUME_CHECK_CONSUMER) timestamp=6534 ms, used_size=4483072 bytes (10.9%)
(RDMA_READ_CONSUME_CHECK_CONSUMER) timestamp=6534 ms, used_size=4481024 bytes (10.9%)
(RDMA_READ_CONSUME_CHECK_CONSUMER) timestamp=6534 ms, used_size=4478976 bytes (10.9%)
(RDMA_READ_CONSUME_CHECK_CONSUMER) timestamp=6534 ms, used_size=4476928 bytes (10.9%)
(RDMA_READ_CONSUME_CHECK_CONSUMER) timestamp=6534 ms, used_size=4474880 bytes (10.9%)
(RDMA_READ_CONSUME_CHECK_CONSUMER) timestamp=6534 ms, used_size=4472832 bytes (10.9%)
(RDMA_READ_CONSUME_CHECK_CONSUMER) timestamp=6534 ms, used_size=4470784 bytes (10.9%)
(RDMA_READ_CONSUME_CHECK_CONSUMER) timestamp=6534 ms, used_size=4468736 bytes (10.9%)
(RDMA_READ_CONSUME_CHECK_CONSUMER) timestamp=6534 ms, used_size=4466688 bytes (10.9%)
(RDMA_READ_CONSUME_CHECK_CONSUMER) timestamp=6534 ms, used_size=4464640 bytes (10.9%)
(RDMA_READ_CONSUME_CHECK_CONSUMER) timestamp=6534 ms, used_size=4462592 bytes (10.9%)
(RDMA_READ_CONSUME_CHECK_CONSUMER) timestamp=6534 ms, used_size=4460544 bytes (10.9%)
(RDMA_READ_CONSUME_CHECK_CONSUMER) timestamp=6534 ms, used_size=4458496 bytes (10.9%)
(RDMA_READ_CONSUME_CHECK_CONSUMER) timestamp=6534 ms, used_size=4456448 bytes (10.9%)
(RDMA_READ_CONSUME_CHECK_CONSUMER) timestamp=6534 ms, used_size=4454400 bytes (10.9%)
(RDMA_READ_CONSUME_CHECK_CONSUMER) timestamp=6534 ms, used_size=4452352 bytes (10.9%)
(RDMA_READ_CONSUME_CHECK_CONSUMER) timestamp=6534 ms, used_size=4450304 bytes (10.9%)
(RDMA_READ_CONSUME_CHECK_CONSUMER) timestamp=6534 ms, used_size=4448256 bytes (10.9%)
(RDMA_READ_CONSUME_CHECK_CONSUMER) timestamp=6534 ms, used_size=4446208 bytes (10.9%)
(RDMA_READ_CONSUME_CHECK_CONSUMER) timestamp=6534 ms, used_size=4444160 bytes (10.8%)
(RDMA_READ_CONSUME_CHECK_CONSUMER) timestamp=6534 ms, used_size=4442112 bytes (10.8%)
(RDMA_READ_CONSUME_CHECK_CONSUMER) timestamp=6534 ms, used_size=4440064 bytes (10.8%)
(RDMA_READ_CONSUME_CHECK_CONSUMER) timestamp=6534 ms, used_size=4438016 bytes (10.8%)
(RDMA_READ_CONSUME_CHECK_CONSUMER) timestamp=6534 ms, used_size=4435968 bytes (10.8%)
(RDMA_READ_CONSUME_CHECK_CONSUMER) timestamp=6534 ms, used_size=4433920 bytes (10.8%)
(RDMA_READ_CONSUME_CHECK_CONSUMER) timestamp=6534 ms, used_size=4431872 bytes (10.8%)
(RDMA_READ_CONSUME_CHECK_CONSUMER) timestamp=6534 ms, used_size=4429824 bytes (10.8%)
(RDMA_READ_CONSUME_CHECK_CONSUMER) timestamp=6534 ms, used_size=4427776 bytes (10.8%)
(RDMA_READ_CONSUME_CHECK_CONSUMER) timestamp=6534 ms, used_size=4425728 bytes (10.8%)
(RDMA_READ_CONSUME_CHECK_CONSUMER) timestamp=6534 ms, used_size=4423680 bytes (10.8%)
(RDMA_READ_CONSUME_CHECK_CONSUMER) timestamp=6534 ms, used_size=4421632 bytes (10.8%)
(RDMA_READ_CONSUME_CHECK_CONSUMER) timestamp=6534 ms, used_size=4419584 bytes (10.8%)
(RDMA_READ_CONSUME_CHECK_CONSUMER) timestamp=6534 ms, used_size=4417536 bytes (10.8%)
(RDMA_READ_CONSUME_CHECK_CONSUMER) timestamp=6534 ms, used_size=4415488 bytes (10.8%)
(RDMA_READ_CONSUME_CHECK_CONSUMER) timestamp=6534 ms, used_size=4413440 bytes (10.8%)
(RDMA_READ_CONSUME_CHECK_CONSUMER) timestamp=6534 ms, used_size=4411392 bytes (10.8%)
(RDMA_READ_CONSUME_CHECK_CONSUMER) timestamp=6534 ms, used_size=4409344 bytes (10.8%)
(RDMA_READ_CONSUME_CHECK_CONSUMER) timestamp=6534 ms, used_size=4407296 bytes (10.8%)
(RDMA_READ_CONSUME_CHECK_CONSUMER) timestamp=6534 ms, used_size=4405248 bytes (10.8%)
(RDMA_READ_CONSUME_CHECK_CONSUMER) timestamp=6534 ms, used_size=4403200 bytes (10.8%)
(RDMA_READ_CONSUME_CHECK_CONSUMER) timestamp=6534 ms, used_size=4401152 bytes (10.7%)
(RDMA_READ_CONSUME_CHECK_CONSUMER) timestamp=6534 ms, used_size=4399104 bytes (10.7%)
(RDMA_READ_CONSUME_CHECK_CONSUMER) timestamp=6534 ms, used_size=4397056 bytes (10.7%)
(RDMA_READ_CONSUME_CHECK_CONSUMER) timestamp=6534 ms, used_size=4395008 bytes (10.7%)
(RDMA_READ_CONSUME_CHECK_CONSUMER) timestamp=6534 ms, used_size=4392960 bytes (10.7%)
(RDMA_READ_CONSUME_CHECK_CONSUMER) timestamp=6534 ms, used_size=4390912 bytes (10.7%)
(RDMA_READ_CONSUME_CHECK_CONSUMER) timestamp=6534 ms, used_size=4388864 bytes (10.7%)
(RDMA_READ_CONSUME_CHECK_CONSUMER) timestamp=6534 ms, used_size=4386816 bytes (10.7%)
(RDMA_READ_CONSUME_CHECK_CONSUMER) timestamp=6534 ms, used_size=4384768 bytes (10.7%)
(RDMA_READ_CONSUME_CHECK_CONSUMER) timestamp=6534 ms, used_size=4382720 bytes (10.7%)
(RDMA_READ_CONSUME_CHECK_CONSUMER) timestamp=6534 ms, used_size=4380672 bytes (10.7%)
(RDMA_READ_CONSUME_CHECK_CONSUMER) timestamp=6534 ms, used_size=4378624 bytes (10.7%)
(RDMA_READ_CONSUME_CHECK_CONSUMER) timestamp=6534 ms, used_size=4376576 bytes (10.7%)
(RDMA_READ_CONSUME_CHECK_CONSUMER) timestamp=6534 ms, used_size=4374528 bytes (10.7%)
(RDMA_READ_CONSUME_CHECK_CONSUMER) timestamp=6534 ms, used_size=4372480 bytes (10.7%)
(RDMA_READ_CONSUME_CHECK_CONSUMER) timestamp=6534 ms, used_size=4370432 bytes (10.7%)
(RDMA_READ_CONSUME_CHECK_CONSUMER) timestamp=6534 ms, used_size=4368384 bytes (10.7%)
(RDMA_READ_CONSUME_CHECK_CONSUMER) timestamp=6534 ms, used_size=4366336 bytes (10.7%)
(RDMA_READ_CONSUME_CHECK_CONSUMER) timestamp=6534 ms, used_size=4364288 bytes (10.7%)
(RDMA_READ_CONSUME_CHECK_CONSUMER) timestamp=6534 ms, used_size=4362240 bytes (10.7%)
(RDMA_READ_CONSUME_CHECK_CONSUMER) timestamp=6534 ms, used_size=4360192 bytes (10.6%)
(RDMA_READ_CONSUME_CHECK_CONSUMER) timestamp=6534 ms, used_size=4358144 bytes (10.6%)
(RDMA_READ_CONSUME_CHECK_CONSUMER) timestamp=6534 ms, used_size=4356096 bytes (10.6%)
(RDMA_READ_CONSUME_CHECK_CONSUMER) timestamp=6534 ms, used_size=4354048 bytes (10.6%)
(RDMA_READ_CONSUME_CHECK_CONSUMER) timestamp=6534 ms, used_size=4352000 bytes (10.6%)
(RDMA_READ_CONSUME_CHECK_CONSUMER) timestamp=6534 ms, used_size=4349952 bytes (10.6%)
(RDMA_READ_CONSUME_CHECK_CONSUMER) timestamp=6534 ms, used_size=4347904 bytes (10.6%)
(RDMA_READ_CONSUME_CHECK_CONSUMER) timestamp=6534 ms, used_size=4345856 bytes (10.6%)
(RDMA_READ_CONSUME_CHECK_CONSUMER) timestamp=6534 ms, used_size=4343808 bytes (10.6%)
(RDMA_READ_CONSUME_CHECK_CONSUMER) timestamp=6534 ms, used_size=4341760 bytes (10.6%)
(RDMA_READ_CONSUME_CHECK_CONSUMER) timestamp=6534 ms, used_size=4339712 bytes (10.6%)
(RDMA_READ_CONSUME_CHECK_CONSUMER) timestamp=6534 ms, used_size=4337664 bytes (10.6%)
(RDMA_READ_CONSUME_CHECK_CONSUMER) timestamp=6534 ms, used_size=4335616 bytes (10.6%)
(RDMA_READ_CONSUME_CHECK_CONSUMER) timestamp=6534 ms, used_size=4333568 bytes (10.6%)
(RDMA_READ_CONSUME_CHECK_CONSUMER) timestamp=6534 ms, used_size=4331520 bytes (10.6%)
(RDMA_READ_CONSUME_CHECK_CONSUMER) timestamp=6534 ms, used_size=4329472 bytes (10.6%)
(RDMA_READ_CONSUME_CHECK_CONSUMER) timestamp=6534 ms, used_size=4327424 bytes (10.6%)
(RDMA_READ_CONSUME_CHECK_CONSUMER) timestamp=6534 ms, used_size=4325376 bytes (10.6%)
(RDMA_READ_CONSUME_CHECK_CONSUMER) timestamp=6534 ms, used_size=4323328 bytes (10.6%)
(RDMA_READ_CONSUME_CHECK_CONSUMER) timestamp=6534 ms, used_size=4321280 bytes (10.6%)
(RDMA_READ_CONSUME_CHECK_CONSUMER) timestamp=6534 ms, used_size=4319232 bytes (10.5%)
(RDMA_READ_CONSUME_CHECK_CONSUMER) timestamp=6534 ms, used_size=4317184 bytes (10.5%)
(RDMA_READ_CONSUME_CHECK_CONSUMER) timestamp=6534 ms, used_size=4315136 bytes (10.5%)
(RDMA_READ_CONSUME_CHECK_CONSUMER) timestamp=6534 ms, used_size=4313088 bytes (10.5%)
(RDMA_READ_CONSUME_CHECK_CONSUMER) timestamp=6534 ms, used_size=4311040 bytes (10.5%)
(RDMA_READ_CONSUME_CHECK_CONSUMER) timestamp=6534 ms, used_size=4308992 bytes (10.5%)
(RDMA_READ_CONSUME_CHECK_CONSUMER) timestamp=6534 ms, used_size=4306944 bytes (10.5%)
(RDMA_READ_CONSUME_CHECK_CONSUMER) timestamp=6534 ms, used_size=4304896 bytes (10.5%)
(RDMA_READ_CONSUME_CHECK_CONSUMER) timestamp=6534 ms, used_size=4302848 bytes (10.5%)
(RDMA_READ_CONSUME_CHECK_CONSUMER) timestamp=6534 ms, used_size=4300800 bytes (10.5%)
(RDMA_READ_CONSUME_CHECK_CONSUMER) timestamp=6534 ms, used_size=4298752 bytes (10.5%)
(RDMA_READ_CONSUME_CHECK_CONSUMER) timestamp=6534 ms, used_size=4296704 bytes (10.5%)
(RDMA_READ_CONSUME_CHECK_CONSUMER) timestamp=6534 ms, used_size=4294656 bytes (10.5%)
(RDMA_READ_CONSUME_CHECK_CONSUMER) timestamp=6534 ms, used_size=4292608 bytes (10.5%)
(RDMA_READ_CONSUME_CHECK_CONSUMER) timestamp=6534 ms, used_size=4290560 bytes (10.5%)
(RDMA_READ_CONSUME_CHECK_CONSUMER) timestamp=6534 ms, used_size=4288512 bytes (10.5%)
(RDMA_READ_CONSUME_CHECK_CONSUMER) timestamp=6534 ms, used_size=4286464 bytes (10.5%)
(RDMA_READ_CONSUME_CHECK_CONSUMER) timestamp=6534 ms, used_size=4284416 bytes (10.5%)
(RDMA_READ_CONSUME_CHECK_CONSUMER) timestamp=6534 ms, used_size=4282368 bytes (10.5%)
(RDMA_READ_CONSUME_CHECK_CONSUMER) timestamp=6534 ms, used_size=4280320 bytes (10.4%)
(RDMA_READ_CONSUME_CHECK_CONSUMER) timestamp=6534 ms, used_size=4278272 bytes (10.4%)
(RDMA_READ_CONSUME_CHECK_CONSUMER) timestamp=6534 ms, used_size=4276224 bytes (10.4%)
(RDMA_READ_CONSUME_CHECK_CONSUMER) timestamp=6534 ms, used_size=4274176 bytes (10.4%)
(RDMA_READ_CONSUME_CHECK_CONSUMER) timestamp=6534 ms, used_size=4272128 bytes (10.4%)
(RDMA_READ_CONSUME_CHECK_CONSUMER) timestamp=6534 ms, used_size=4270080 bytes (10.4%)
(RDMA_READ_CONSUME_CHECK_CONSUMER) timestamp=6534 ms, used_size=4268032 bytes (10.4%)
(RDMA_READ_CONSUME_CHECK_CONSUMER) timestamp=6534 ms, used_size=4265984 bytes (10.4%)
(RDMA_READ_CONSUME_CHECK_CONSUMER) timestamp=6534 ms, used_size=4263936 bytes (10.4%)
(RDMA_READ_CONSUME_CHECK_CONSUMER) timestamp=6534 ms, used_size=4261888 bytes (10.4%)
(RDMA_READ_CONSUME_CHECK_CONSUMER) timestamp=6534 ms, used_size=4259840 bytes (10.4%)
(RDMA_READ_CONSUME_CHECK_CONSUMER) timestamp=6534 ms, used_size=4257792 bytes (10.4%)
(RDMA_READ_CONSUME_CHECK_CONSUMER) timestamp=6534 ms, used_size=4255744 bytes (10.4%)
(RDMA_READ_CONSUME_CHECK_CONSUMER) timestamp=6534 ms, used_size=4253696 bytes (10.4%)
(RDMA_READ_CONSUME_CHECK_CONSUMER) timestamp=6534 ms, used_size=4251648 bytes (10.4%)
(RDMA_READ_CONSUME_CHECK_CONSUMER) timestamp=6534 ms, used_size=4249600 bytes (10.4%)
(RDMA_READ_CONSUME_CHECK_CONSUMER) timestamp=6534 ms, used_size=4247552 bytes (10.4%)
(RDMA_READ_CONSUME_CHECK_CONSUMER) timestamp=6534 ms, used_size=4245504 bytes (10.4%)
(RDMA_READ_CONSUME_CHECK_CONSUMER) timestamp=6534 ms, used_size=4243456 bytes (10.4%)
(RDMA_READ_CONSUME_CHECK_CONSUMER) timestamp=6534 ms, used_size=4241408 bytes (10.4%)
(RDMA_READ_CONSUME_CHECK_CONSUMER) timestamp=6534 ms, used_size=4239360 bytes (10.3%)
(RDMA_READ_CONSUME_CHECK_CONSUMER) timestamp=6534 ms, used_size=4237312 bytes (10.3%)
(RDMA_READ_CONSUME_CHECK_CONSUMER) timestamp=6534 ms, used_size=4235264 bytes (10.3%)
(RDMA_READ_CONSUME_CHECK_CONSUMER) timestamp=6534 ms, used_size=4233216 bytes (10.3%)
(RDMA_READ_CONSUME_CHECK_CONSUMER) timestamp=6534 ms, used_size=4231168 bytes (10.3%)
(RDMA_READ_CONSUME_CHECK_CONSUMER) timestamp=6534 ms, used_size=4229120 bytes (10.3%)
(RDMA_READ_CONSUME_CHECK_CONSUMER) timestamp=6534 ms, used_size=4227072 bytes (10.3%)
(RDMA_READ_CONSUME_CHECK_CONSUMER) timestamp=6534 ms, used_size=4225024 bytes (10.3%)
(RDMA_READ_CONSUME_CHECK_CONSUMER) timestamp=6534 ms, used_size=4222976 bytes (10.3%)
(RDMA_READ_CONSUME_CHECK_CONSUMER) timestamp=6534 ms, used_size=4220928 bytes (10.3%)
(RDMA_READ_CONSUME_CHECK_CONSUMER) timestamp=6534 ms, used_size=4218880 bytes (10.3%)
(RDMA_READ_CONSUME_CHECK_CONSUMER) timestamp=6534 ms, used_size=4216832 bytes (10.3%)
(RDMA_READ_CONSUME_CHECK_CONSUMER) timestamp=6534 ms, used_size=4214784 bytes (10.3%)
(RDMA_READ_CONSUME_CHECK_CONSUMER) timestamp=6534 ms, used_size=4212736 bytes (10.3%)
(RDMA_READ_CONSUME_CHECK_CONSUMER) timestamp=6534 ms, used_size=4210688 bytes (10.3%)
(RDMA_READ_CONSUME_CHECK_CONSUMER) timestamp=6534 ms, used_size=4208640 bytes (10.3%)
(RDMA_READ_CONSUME_CHECK_CONSUMER) timestamp=6534 ms, used_size=4206592 bytes (10.3%)
(RDMA_READ_CONSUME_CHECK_CONSUMER) timestamp=6534 ms, used_size=4204544 bytes (10.3%)
(RDMA_READ_CONSUME_CHECK_CONSUMER) timestamp=6534 ms, used_size=4202496 bytes (10.3%)
(RDMA_READ_CONSUME_CHECK_CONSUMER) timestamp=6534 ms, used_size=4200448 bytes (10.3%)
(RDMA_READ_CONSUME_CHECK_CONSUMER) timestamp=6534 ms, used_size=4198400 bytes (10.2%)
(RDMA_READ_CONSUME_CHECK_CONSUMER) timestamp=6534 ms, used_size=4196352 bytes (10.2%)
(RDMA_READ_CONSUME_CHECK_CONSUMER) timestamp=6534 ms, used_size=4194304 bytes (10.2%)
(RDMA_READ_CONSUME_CHECK_CONSUMER) timestamp=6534 ms, used_size=4192256 bytes (10.2%)
(RDMA_READ_CONSUME_CHECK_CONSUMER) timestamp=6534 ms, used_size=4190208 bytes (10.2%)
(RDMA_READ_CONSUME_CHECK_CONSUMER) timestamp=6534 ms, used_size=4188160 bytes (10.2%)
(RDMA_READ_CONSUME_CHECK_CONSUMER) timestamp=6534 ms, used_size=4186112 bytes (10.2%)
(RDMA_READ_CONSUME_CHECK_CONSUMER) timestamp=6534 ms, used_size=4184064 bytes (10.2%)
(RDMA_READ_CONSUME_CHECK_CONSUMER) timestamp=6534 ms, used_size=4182016 bytes (10.2%)
(RDMA_READ_CONSUME_CHECK_CONSUMER) timestamp=6534 ms, used_size=4179968 bytes (10.2%)
(RDMA_READ_CONSUME_CHECK_CONSUMER) timestamp=6534 ms, used_size=4177920 bytes (10.2%)
(RDMA_READ_CONSUME_CHECK_CONSUMER) timestamp=6535 ms, used_size=4175872 bytes (10.2%)
(RDMA_READ_CONSUME_CHECK_CONSUMER) timestamp=6535 ms, used_size=4173824 bytes (10.2%)
(RDMA_READ_CONSUME_CHECK_CONSUMER) timestamp=6535 ms, used_size=4171776 bytes (10.2%)
(RDMA_READ_CONSUME_CHECK_CONSUMER) timestamp=6535 ms, used_size=4169728 bytes (10.2%)
(RDMA_READ_CONSUME_CHECK_CONSUMER) timestamp=6535 ms, used_size=4167680 bytes (10.2%)
(RDMA_READ_CONSUME_CHECK_CONSUMER) timestamp=6535 ms, used_size=4165632 bytes (10.2%)
(RDMA_READ_CONSUME_CHECK_CONSUMER) timestamp=6535 ms, used_size=4163584 bytes (10.2%)
(RDMA_READ_CONSUME_CHECK_CONSUMER) timestamp=6535 ms, used_size=4161536 bytes (10.2%)
(RDMA_READ_CONSUME_CHECK_CONSUMER) timestamp=6535 ms, used_size=4159488 bytes (10.2%)
(RDMA_READ_CONSUME_CHECK_CONSUMER) timestamp=6535 ms, used_size=4157440 bytes (10.2%)
(RDMA_READ_CONSUME_CHECK_CONSUMER) timestamp=6535 ms, used_size=4155392 bytes (10.1%)
(RDMA_READ_CONSUME_CHECK_CONSUMER) timestamp=6535 ms, used_size=4153344 bytes (10.1%)
(RDMA_READ_CONSUME_CHECK_CONSUMER) timestamp=6535 ms, used_size=4151296 bytes (10.1%)
(RDMA_READ_CONSUME_CHECK_CONSUMER) timestamp=6535 ms, used_size=4149248 bytes (10.1%)
(RDMA_READ_CONSUME_CHECK_CONSUMER) timestamp=6535 ms, used_size=4147200 bytes (10.1%)
(RDMA_READ_CONSUME_CHECK_CONSUMER) timestamp=6535 ms, used_size=4145152 bytes (10.1%)
(RDMA_READ_CONSUME_CHECK_CONSUMER) timestamp=6535 ms, used_size=4143104 bytes (10.1%)
(RDMA_READ_CONSUME_CHECK_CONSUMER) timestamp=6535 ms, used_size=4141056 bytes (10.1%)
(RDMA_READ_CONSUME_CHECK_CONSUMER) timestamp=6535 ms, used_size=4139008 bytes (10.1%)
(RDMA_READ_CONSUME_CHECK_CONSUMER) timestamp=6535 ms, used_size=4136960 bytes (10.1%)
(RDMA_READ_CONSUME_CHECK_CONSUMER) timestamp=6535 ms, used_size=4134912 bytes (10.1%)
(RDMA_READ_CONSUME_CHECK_CONSUMER) timestamp=6535 ms, used_size=4132864 bytes (10.1%)
(RDMA_READ_CONSUME_CHECK_CONSUMER) timestamp=6535 ms, used_size=4130816 bytes (10.1%)
(RDMA_READ_CONSUME_CHECK_CONSUMER) timestamp=6535 ms, used_size=4128768 bytes (10.1%)
(RDMA_READ_CONSUME_CHECK_CONSUMER) timestamp=6535 ms, used_size=4126720 bytes (10.1%)
(RDMA_READ_CONSUME_CHECK_CONSUMER) timestamp=6535 ms, used_size=4124672 bytes (10.1%)
(RDMA_READ_CONSUME_CHECK_CONSUMER) timestamp=6535 ms, used_size=4122624 bytes (10.1%)
(RDMA_READ_CONSUME_CHECK_CONSUMER) timestamp=6535 ms, used_size=4120576 bytes (10.1%)
(RDMA_READ_CONSUME_CHECK_CONSUMER) timestamp=6535 ms, used_size=4118528 bytes (10.1%)
(RDMA_READ_CONSUME_CHECK_CONSUMER) timestamp=6535 ms, used_size=4116480 bytes (10.1%)
(RDMA_READ_CONSUME_CHECK_CONSUMER) timestamp=6535 ms, used_size=4114432 bytes (10.0%)
(RDMA_READ_CONSUME_CHECK_CONSUMER) timestamp=6535 ms, used_size=4112384 bytes (10.0%)
(RDMA_READ_CONSUME_CHECK_CONSUMER) timestamp=6535 ms, used_size=4110336 bytes (10.0%)
(RDMA_READ_CONSUME_CHECK_CONSUMER) timestamp=6535 ms, used_size=4108288 bytes (10.0%)
(RDMA_READ_CONSUME_CHECK_CONSUMER) timestamp=6535 ms, used_size=4106240 bytes (10.0%)
(RDMA_READ_CONSUME_CHECK_CONSUMER) timestamp=6535 ms, used_size=4104192 bytes (10.0%)
(RDMA_READ_CONSUME_CHECK_CONSUMER) timestamp=6535 ms, used_size=4102144 bytes (10.0%)
(RDMA_READ_CONSUME_CHECK_CONSUMER) timestamp=6535 ms, used_size=4100096 bytes (10.0%)
(RDMA_READ_CONSUME_CHECK_CONSUMER) timestamp=6535 ms, used_size=4098048 bytes (10.0%)
(RDMA_READ_CONSUME_CHECK_CONSUMER) timestamp=6535 ms, used_size=4096000 bytes (10.0%)
(RDMA_READ_CONSUME_CHECK_CONSUMER) timestamp=6535 ms, used_size=4093952 bytes (10.0%)
(RDMA_READ_CONSUME_CHECK_CONSUMER) timestamp=6535 ms, used_size=4091904 bytes (10.0%)
(RDMA_READ_CONSUME_CHECK_CONSUMER) timestamp=6535 ms, used_size=4089856 bytes (10.0%)
(RDMA_READ_CONSUME_CHECK_CONSUMER) timestamp=6535 ms, used_size=4087808 bytes (10.0%)
(RDMA_READ_CONSUME_CHECK_CONSUMER) timestamp=6535 ms, used_size=4085760 bytes (10.0%)
(RDMA_READ_CONSUME_CHECK_CONSUMER) timestamp=6535 ms, used_size=4083712 bytes (10.0%)
(RDMA_READ_CONSUME_CHECK_CONSUMER) timestamp=6535 ms, used_size=4081664 bytes (10.0%)
(RDMA_READ_CONSUME_CHECK_CONSUMER) timestamp=6535 ms, used_size=4079616 bytes (10.0%)
(RDMA_READ_CONSUME_CHECK_CONSUMER) timestamp=6535 ms, used_size=4077568 bytes (10.0%)
(RDMA_READ_CONSUME_CHECK_CONSUMER) timestamp=6535 ms, used_size=4075520 bytes (9.9%)
(RDMA_READ_CONSUME_CHECK_CONSUMER) timestamp=6535 ms, used_size=4073472 bytes (9.9%)
(RDMA_READ_CONSUME_CHECK_CONSUMER) timestamp=6535 ms, used_size=4071424 bytes (9.9%)
(RDMA_READ_CONSUME_CHECK_CONSUMER) timestamp=6535 ms, used_size=4069376 bytes (9.9%)
(RDMA_READ_CONSUME_CHECK_CONSUMER) timestamp=6535 ms, used_size=4067328 bytes (9.9%)
(RDMA_READ_CONSUME_CHECK_CONSUMER) timestamp=6535 ms, used_size=4065280 bytes (9.9%)
(RDMA_READ_CONSUME_CHECK_CONSUMER) timestamp=6535 ms, used_size=4063232 bytes (9.9%)
(RDMA_READ_CONSUME_CHECK_CONSUMER) timestamp=6535 ms, used_size=4061184 bytes (9.9%)
(RDMA_READ_CONSUME_CHECK_CONSUMER) timestamp=6535 ms, used_size=4059136 bytes (9.9%)
(RDMA_READ_CONSUME_CHECK_CONSUMER) timestamp=6535 ms, used_size=4057088 bytes (9.9%)
(RDMA_READ_CONSUME_CHECK_CONSUMER) timestamp=6535 ms, used_size=4055040 bytes (9.9%)
(RDMA_READ_CONSUME_CHECK_CONSUMER) timestamp=6535 ms, used_size=4052992 bytes (9.9%)
(RDMA_READ_CONSUME_CHECK_CONSUMER) timestamp=6535 ms, used_size=4050944 bytes (9.9%)
(RDMA_READ_CONSUME_CHECK_CONSUMER) timestamp=6535 ms, used_size=4048896 bytes (9.9%)
(RDMA_READ_CONSUME_CHECK_CONSUMER) timestamp=6535 ms, used_size=4046848 bytes (9.9%)
(RDMA_READ_CONSUME_CHECK_CONSUMER) timestamp=6535 ms, used_size=4044800 bytes (9.9%)
(RDMA_READ_CONSUME_CHECK_CONSUMER) timestamp=6535 ms, used_size=4042752 bytes (9.9%)
(RDMA_READ_CONSUME_CHECK_CONSUMER) timestamp=6535 ms, used_size=4040704 bytes (9.9%)
(RDMA_READ_CONSUME_CHECK_CONSUMER) timestamp=6535 ms, used_size=4038656 bytes (9.9%)
(RDMA_READ_CONSUME_CHECK_CONSUMER) timestamp=6535 ms, used_size=4036608 bytes (9.9%)
(RDMA_READ_CONSUME_CHECK_CONSUMER) timestamp=6535 ms, used_size=4034560 bytes (9.8%)
(RDMA_READ_CONSUME_CHECK_CONSUMER) timestamp=6535 ms, used_size=4032512 bytes (9.8%)
(RDMA_READ_CONSUME_CHECK_CONSUMER) timestamp=6535 ms, used_size=4030464 bytes (9.8%)
(RDMA_READ_CONSUME_CHECK_CONSUMER) timestamp=6535 ms, used_size=4028416 bytes (9.8%)
(RDMA_READ_CONSUME_CHECK_CONSUMER) timestamp=6535 ms, used_size=4026368 bytes (9.8%)
(RDMA_READ_CONSUME_CHECK_CONSUMER) timestamp=6535 ms, used_size=4024320 bytes (9.8%)
(RDMA_READ_CONSUME_CHECK_CONSUMER) timestamp=6535 ms, used_size=4022272 bytes (9.8%)
(RDMA_READ_CONSUME_CHECK_CONSUMER) timestamp=6535 ms, used_size=4020224 bytes (9.8%)
(RDMA_READ_CONSUME_CHECK_CONSUMER) timestamp=6535 ms, used_size=4018176 bytes (9.8%)
(RDMA_READ_CONSUME_CHECK_CONSUMER) timestamp=6535 ms, used_size=4016128 bytes (9.8%)
(RDMA_READ_CONSUME_CHECK_CONSUMER) timestamp=6535 ms, used_size=4014080 bytes (9.8%)
(RDMA_READ_CONSUME_CHECK_CONSUMER) timestamp=6535 ms, used_size=4012032 bytes (9.8%)
(RDMA_READ_CONSUME_CHECK_CONSUMER) timestamp=6535 ms, used_size=4009984 bytes (9.8%)
(RDMA_READ_CONSUME_CHECK_CONSUMER) timestamp=6535 ms, used_size=4007936 bytes (9.8%)
(RDMA_READ_CONSUME_CHECK_CONSUMER) timestamp=6535 ms, used_size=4005888 bytes (9.8%)
(RDMA_READ_CONSUME_CHECK_CONSUMER) timestamp=6535 ms, used_size=4003840 bytes (9.8%)
(RDMA_READ_CONSUME_CHECK_CONSUMER) timestamp=6535 ms, used_size=4001792 bytes (9.8%)
(RDMA_READ_CONSUME_CHECK_CONSUMER) timestamp=6535 ms, used_size=3999744 bytes (9.8%)
(RDMA_READ_CONSUME_CHECK_CONSUMER) timestamp=6535 ms, used_size=3997696 bytes (9.8%)
(RDMA_READ_CONSUME_CHECK_CONSUMER) timestamp=6535 ms, used_size=3995648 bytes (9.8%)
(RDMA_READ_CONSUME_CHECK_CONSUMER) timestamp=6535 ms, used_size=3993600 bytes (9.8%)
(RDMA_READ_CONSUME_CHECK_CONSUMER) timestamp=6535 ms, used_size=3991552 bytes (9.7%)
(RDMA_READ_CONSUME_CHECK_CONSUMER) timestamp=6535 ms, used_size=3989504 bytes (9.7%)
(RDMA_READ_CONSUME_CHECK_CONSUMER) timestamp=6535 ms, used_size=3987456 bytes (9.7%)
(RDMA_READ_CONSUME_CHECK_CONSUMER) timestamp=6535 ms, used_size=3985408 bytes (9.7%)
(RDMA_READ_CONSUME_CHECK_CONSUMER) timestamp=6535 ms, used_size=3983360 bytes (9.7%)
(RDMA_READ_CONSUME_CHECK_CONSUMER) timestamp=6535 ms, used_size=3981312 bytes (9.7%)
(RDMA_READ_CONSUME_CHECK_CONSUMER) timestamp=6535 ms, used_size=3979264 bytes (9.7%)
(RDMA_READ_CONSUME_CHECK_CONSUMER) timestamp=6535 ms, used_size=3977216 bytes (9.7%)
(RDMA_READ_CONSUME_CHECK_CONSUMER) timestamp=6535 ms, used_size=3975168 bytes (9.7%)
(RDMA_READ_CONSUME_CHECK_CONSUMER) timestamp=6535 ms, used_size=3973120 bytes (9.7%)
(RDMA_READ_CONSUME_CHECK_CONSUMER) timestamp=6535 ms, used_size=3971072 bytes (9.7%)
(RDMA_READ_CONSUME_CHECK_CONSUMER) timestamp=6535 ms, used_size=3969024 bytes (9.7%)
(RDMA_READ_CONSUME_CHECK_CONSUMER) timestamp=6535 ms, used_size=3966976 bytes (9.7%)
(RDMA_READ_CONSUME_CHECK_CONSUMER) timestamp=6535 ms, used_size=3964928 bytes (9.7%)
(RDMA_READ_CONSUME_CHECK_CONSUMER) timestamp=6535 ms, used_size=3962880 bytes (9.7%)
(RDMA_READ_CONSUME_CHECK_CONSUMER) timestamp=6535 ms, used_size=3960832 bytes (9.7%)
(RDMA_READ_CONSUME_CHECK_CONSUMER) timestamp=6535 ms, used_size=3958784 bytes (9.7%)
(RDMA_READ_CONSUME_CHECK_CONSUMER) timestamp=6535 ms, used_size=3956736 bytes (9.7%)
(RDMA_READ_CONSUME_CHECK_CONSUMER) timestamp=6535 ms, used_size=3954688 bytes (9.7%)
(RDMA_READ_CONSUME_CHECK_CONSUMER) timestamp=6535 ms, used_size=3952640 bytes (9.7%)
(RDMA_READ_CONSUME_CHECK_CONSUMER) timestamp=6535 ms, used_size=3950592 bytes (9.6%)
(RDMA_READ_CONSUME_CHECK_CONSUMER) timestamp=6535 ms, used_size=3948544 bytes (9.6%)
(RDMA_READ_CONSUME_CHECK_CONSUMER) timestamp=6535 ms, used_size=3946496 bytes (9.6%)
(RDMA_READ_CONSUME_CHECK_CONSUMER) timestamp=6535 ms, used_size=3944448 bytes (9.6%)
(RDMA_READ_CONSUME_CHECK_CONSUMER) timestamp=6535 ms, used_size=3942400 bytes (9.6%)
(RDMA_READ_CONSUME_CHECK_CONSUMER) timestamp=6535 ms, used_size=3940352 bytes (9.6%)
(RDMA_READ_CONSUME_CHECK_CONSUMER) timestamp=6535 ms, used_size=3938304 bytes (9.6%)
(RDMA_READ_CONSUME_CHECK_CONSUMER) timestamp=6535 ms, used_size=3936256 bytes (9.6%)
(RDMA_READ_CONSUME_CHECK_CONSUMER) timestamp=6535 ms, used_size=3934208 bytes (9.6%)
(RDMA_READ_CONSUME_CHECK_CONSUMER) timestamp=6535 ms, used_size=3932160 bytes (9.6%)
(RDMA_READ_CONSUME_CHECK_CONSUMER) timestamp=6535 ms, used_size=3930112 bytes (9.6%)
(RDMA_READ_CONSUME_CHECK_CONSUMER) timestamp=6535 ms, used_size=3928064 bytes (9.6%)
(RDMA_READ_CONSUME_CHECK_CONSUMER) timestamp=6535 ms, used_size=3926016 bytes (9.6%)
(RDMA_READ_CONSUME_CHECK_CONSUMER) timestamp=6535 ms, used_size=3923968 bytes (9.6%)
(RDMA_READ_CONSUME_CHECK_CONSUMER) timestamp=6535 ms, used_size=3921920 bytes (9.6%)
(RDMA_READ_CONSUME_CHECK_CONSUMER) timestamp=6535 ms, used_size=3919872 bytes (9.6%)
(RDMA_READ_CONSUME_CHECK_CONSUMER) timestamp=6535 ms, used_size=3917824 bytes (9.6%)
(RDMA_READ_CONSUME_CHECK_CONSUMER) timestamp=6535 ms, used_size=3915776 bytes (9.6%)
(RDMA_READ_CONSUME_CHECK_CONSUMER) timestamp=6535 ms, used_size=3913728 bytes (9.6%)
(RDMA_READ_CONSUME_CHECK_CONSUMER) timestamp=6535 ms, used_size=3911680 bytes (9.6%)
(RDMA_READ_CONSUME_CHECK_CONSUMER) timestamp=6535 ms, used_size=3909632 bytes (9.5%)
(RDMA_READ_CONSUME_CHECK_CONSUMER) timestamp=6535 ms, used_size=3907584 bytes (9.5%)
(RDMA_READ_CONSUME_CHECK_CONSUMER) timestamp=6535 ms, used_size=3905536 bytes (9.5%)
(RDMA_READ_CONSUME_CHECK_CONSUMER) timestamp=6535 ms, used_size=3903488 bytes (9.5%)
(RDMA_READ_CONSUME_CHECK_CONSUMER) timestamp=6535 ms, used_size=3901440 bytes (9.5%)
(RDMA_READ_CONSUME_CHECK_CONSUMER) timestamp=6535 ms, used_size=3899392 bytes (9.5%)
(RDMA_READ_CONSUME_CHECK_CONSUMER) timestamp=6535 ms, used_size=3897344 bytes (9.5%)
(RDMA_READ_CONSUME_CHECK_CONSUMER) timestamp=6535 ms, used_size=3895296 bytes (9.5%)
(RDMA_READ_CONSUME_CHECK_CONSUMER) timestamp=6535 ms, used_size=3893248 bytes (9.5%)
(RDMA_READ_CONSUME_CHECK_CONSUMER) timestamp=6535 ms, used_size=3891200 bytes (9.5%)
(RDMA_READ_CONSUME_CHECK_CONSUMER) timestamp=6535 ms, used_size=3889152 bytes (9.5%)
(RDMA_READ_CONSUME_CHECK_CONSUMER) timestamp=6535 ms, used_size=3887104 bytes (9.5%)
(RDMA_READ_CONSUME_CHECK_CONSUMER) timestamp=6535 ms, used_size=3885056 bytes (9.5%)
(RDMA_READ_CONSUME_CHECK_CONSUMER) timestamp=6535 ms, used_size=3883008 bytes (9.5%)
(RDMA_READ_CONSUME_CHECK_CONSUMER) timestamp=6535 ms, used_size=3880960 bytes (9.5%)
(RDMA_READ_CONSUME_CHECK_CONSUMER) timestamp=6535 ms, used_size=3878912 bytes (9.5%)
(RDMA_READ_CONSUME_CHECK_CONSUMER) timestamp=6535 ms, used_size=3876864 bytes (9.5%)
(RDMA_READ_CONSUME_CHECK_CONSUMER) timestamp=6535 ms, used_size=3874816 bytes (9.5%)
(RDMA_READ_CONSUME_CHECK_CONSUMER) timestamp=6535 ms, used_size=3872768 bytes (9.5%)
(RDMA_READ_CONSUME_CHECK_CONSUMER) timestamp=6535 ms, used_size=3870720 bytes (9.4%)
(RDMA_READ_CONSUME_CHECK_CONSUMER) timestamp=6535 ms, used_size=3868672 bytes (9.4%)
(RDMA_READ_CONSUME_CHECK_CONSUMER) timestamp=6535 ms, used_size=3866624 bytes (9.4%)
(RDMA_READ_CONSUME_CHECK_CONSUMER) timestamp=6535 ms, used_size=3864576 bytes (9.4%)
(RDMA_READ_CONSUME_CHECK_CONSUMER) timestamp=6535 ms, used_size=3862528 bytes (9.4%)
(RDMA_READ_CONSUME_CHECK_CONSUMER) timestamp=6535 ms, used_size=3860480 bytes (9.4%)
(RDMA_READ_CONSUME_CHECK_CONSUMER) timestamp=6535 ms, used_size=3858432 bytes (9.4%)
(RDMA_READ_CONSUME_CHECK_CONSUMER) timestamp=6535 ms, used_size=3856384 bytes (9.4%)
(RDMA_READ_CONSUME_CHECK_CONSUMER) timestamp=6535 ms, used_size=3854336 bytes (9.4%)
(RDMA_READ_CONSUME_CHECK_CONSUMER) timestamp=6535 ms, used_size=3852288 bytes (9.4%)
(RDMA_READ_CONSUME_CHECK_CONSUMER) timestamp=6535 ms, used_size=3850240 bytes (9.4%)
(RDMA_READ_CONSUME_CHECK_CONSUMER) timestamp=6535 ms, used_size=3848192 bytes (9.4%)
(RDMA_READ_CONSUME_CHECK_CONSUMER) timestamp=6535 ms, used_size=3846144 bytes (9.4%)
(RDMA_READ_CONSUME_CHECK_CONSUMER) timestamp=6535 ms, used_size=3844096 bytes (9.4%)
(RDMA_READ_CONSUME_CHECK_CONSUMER) timestamp=6535 ms, used_size=3842048 bytes (9.4%)
(RDMA_READ_CONSUME_CHECK_CONSUMER) timestamp=6535 ms, used_size=3840000 bytes (9.4%)
(RDMA_READ_CONSUME_CHECK_CONSUMER) timestamp=6535 ms, used_size=3837952 bytes (9.4%)
(RDMA_READ_CONSUME_CHECK_CONSUMER) timestamp=6535 ms, used_size=3835904 bytes (9.4%)
(RDMA_READ_CONSUME_CHECK_CONSUMER) timestamp=6535 ms, used_size=3833856 bytes (9.4%)
(RDMA_READ_CONSUME_CHECK_CONSUMER) timestamp=6535 ms, used_size=3831808 bytes (9.4%)
(RDMA_READ_CONSUME_CHECK_CONSUMER) timestamp=6535 ms, used_size=3829760 bytes (9.3%)
(RDMA_READ_CONSUME_CHECK_CONSUMER) timestamp=6535 ms, used_size=3827712 bytes (9.3%)
(RDMA_READ_CONSUME_CHECK_CONSUMER) timestamp=6535 ms, used_size=3825664 bytes (9.3%)
(RDMA_READ_CONSUME_CHECK_CONSUMER) timestamp=6535 ms, used_size=3823616 bytes (9.3%)
(RDMA_READ_CONSUME_CHECK_CONSUMER) timestamp=6535 ms, used_size=3821568 bytes (9.3%)
(RDMA_READ_CONSUME_CHECK_CONSUMER) timestamp=6535 ms, used_size=3819520 bytes (9.3%)
(RDMA_READ_CONSUME_CHECK_CONSUMER) timestamp=6535 ms, used_size=3817472 bytes (9.3%)
(RDMA_READ_CONSUME_CHECK_CONSUMER) timestamp=6535 ms, used_size=3815424 bytes (9.3%)
(RDMA_READ_CONSUME_CHECK_CONSUMER) timestamp=6535 ms, used_size=3813376 bytes (9.3%)
(RDMA_READ_CONSUME_CHECK_CONSUMER) timestamp=6535 ms, used_size=3811328 bytes (9.3%)
(RDMA_READ_CONSUME_CHECK_CONSUMER) timestamp=6535 ms, used_size=3809280 bytes (9.3%)
(RDMA_READ_CONSUME_CHECK_CONSUMER) timestamp=6535 ms, used_size=3807232 bytes (9.3%)
(RDMA_READ_CONSUME_CHECK_CONSUMER) timestamp=6535 ms, used_size=3805184 bytes (9.3%)
(RDMA_READ_CONSUME_CHECK_CONSUMER) timestamp=6535 ms, used_size=3803136 bytes (9.3%)
(RDMA_READ_CONSUME_CHECK_CONSUMER) timestamp=6536 ms, used_size=3801088 bytes (9.3%)
(RDMA_READ_CONSUME_CHECK_CONSUMER) timestamp=6536 ms, used_size=3799040 bytes (9.3%)
(RDMA_READ_CONSUME_CHECK_CONSUMER) timestamp=6536 ms, used_size=3796992 bytes (9.3%)
(RDMA_READ_CONSUME_CHECK_CONSUMER) timestamp=6536 ms, used_size=3794944 bytes (9.3%)
(RDMA_READ_CONSUME_CHECK_CONSUMER) timestamp=6536 ms, used_size=3792896 bytes (9.3%)
(RDMA_READ_CONSUME_CHECK_CONSUMER) timestamp=6536 ms, used_size=3790848 bytes (9.3%)
(RDMA_READ_CONSUME_CHECK_CONSUMER) timestamp=6536 ms, used_size=3788800 bytes (9.2%)
(RDMA_READ_CONSUME_CHECK_CONSUMER) timestamp=6536 ms, used_size=3786752 bytes (9.2%)
(RDMA_READ_CONSUME_CHECK_CONSUMER) timestamp=6536 ms, used_size=3784704 bytes (9.2%)
(RDMA_READ_CONSUME_CHECK_CONSUMER) timestamp=6536 ms, used_size=3782656 bytes (9.2%)
(RDMA_READ_CONSUME_CHECK_CONSUMER) timestamp=6536 ms, used_size=3780608 bytes (9.2%)
(RDMA_READ_CONSUME_CHECK_CONSUMER) timestamp=6536 ms, used_size=3778560 bytes (9.2%)
(RDMA_READ_CONSUME_CHECK_CONSUMER) timestamp=6536 ms, used_size=3776512 bytes (9.2%)
(RDMA_READ_CONSUME_CHECK_CONSUMER) timestamp=6536 ms, used_size=3774464 bytes (9.2%)
(RDMA_READ_CONSUME_CHECK_CONSUMER) timestamp=6536 ms, used_size=3772416 bytes (9.2%)
(RDMA_READ_CONSUME_CHECK_CONSUMER) timestamp=6536 ms, used_size=3770368 bytes (9.2%)
(RDMA_READ_CONSUME_CHECK_CONSUMER) timestamp=6536 ms, used_size=3768320 bytes (9.2%)
(RDMA_READ_CONSUME_CHECK_CONSUMER) timestamp=6536 ms, used_size=3766272 bytes (9.2%)
(RDMA_READ_CONSUME_CHECK_CONSUMER) timestamp=6536 ms, used_size=3764224 bytes (9.2%)
(RDMA_READ_CONSUME_CHECK_CONSUMER) timestamp=6536 ms, used_size=3762176 bytes (9.2%)
(RDMA_READ_CONSUME_CHECK_CONSUMER) timestamp=6536 ms, used_size=3760128 bytes (9.2%)
(RDMA_READ_CONSUME_CHECK_CONSUMER) timestamp=6536 ms, used_size=3758080 bytes (9.2%)
(RDMA_READ_CONSUME_CHECK_CONSUMER) timestamp=6536 ms, used_size=3756032 bytes (9.2%)
(RDMA_READ_CONSUME_CHECK_CONSUMER) timestamp=6536 ms, used_size=3753984 bytes (9.2%)
(RDMA_READ_CONSUME_CHECK_CONSUMER) timestamp=6536 ms, used_size=3751936 bytes (9.2%)
(RDMA_READ_CONSUME_CHECK_CONSUMER) timestamp=6536 ms, used_size=3749888 bytes (9.2%)
(RDMA_READ_CONSUME_CHECK_CONSUMER) timestamp=6536 ms, used_size=3747840 bytes (9.2%)
(RDMA_READ_CONSUME_CHECK_CONSUMER) timestamp=6536 ms, used_size=3745792 bytes (9.1%)
(RDMA_READ_CONSUME_CHECK_CONSUMER) timestamp=6536 ms, used_size=3743744 bytes (9.1%)
(RDMA_READ_CONSUME_CHECK_CONSUMER) timestamp=6536 ms, used_size=3741696 bytes (9.1%)
(RDMA_READ_CONSUME_CHECK_CONSUMER) timestamp=6536 ms, used_size=3739648 bytes (9.1%)
(RDMA_READ_CONSUME_CHECK_CONSUMER) timestamp=6536 ms, used_size=3737600 bytes (9.1%)
(RDMA_READ_CONSUME_CHECK_CONSUMER) timestamp=6536 ms, used_size=3735552 bytes (9.1%)
(RDMA_READ_CONSUME_CHECK_CONSUMER) timestamp=6536 ms, used_size=3733504 bytes (9.1%)
(RDMA_READ_CONSUME_CHECK_CONSUMER) timestamp=6536 ms, used_size=3731456 bytes (9.1%)
(RDMA_READ_CONSUME_CHECK_CONSUMER) timestamp=6536 ms, used_size=3729408 bytes (9.1%)
(RDMA_READ_CONSUME_CHECK_CONSUMER) timestamp=6536 ms, used_size=3727360 bytes (9.1%)
(RDMA_READ_CONSUME_CHECK_CONSUMER) timestamp=6536 ms, used_size=3725312 bytes (9.1%)
(RDMA_READ_CONSUME_CHECK_CONSUMER) timestamp=6536 ms, used_size=3723264 bytes (9.1%)
(RDMA_READ_CONSUME_CHECK_CONSUMER) timestamp=6536 ms, used_size=3721216 bytes (9.1%)
(RDMA_READ_CONSUME_CHECK_CONSUMER) timestamp=6536 ms, used_size=3719168 bytes (9.1%)
(RDMA_READ_CONSUME_CHECK_CONSUMER) timestamp=6536 ms, used_size=3717120 bytes (9.1%)
(RDMA_READ_CONSUME_CHECK_CONSUMER) timestamp=6536 ms, used_size=3715072 bytes (9.1%)
(RDMA_READ_CONSUME_CHECK_CONSUMER) timestamp=6536 ms, used_size=3713024 bytes (9.1%)
(RDMA_READ_CONSUME_CHECK_CONSUMER) timestamp=6536 ms, used_size=3710976 bytes (9.1%)
(RDMA_READ_CONSUME_CHECK_CONSUMER) timestamp=6536 ms, used_size=3708928 bytes (9.1%)
(RDMA_READ_CONSUME_CHECK_CONSUMER) timestamp=6536 ms, used_size=3706880 bytes (9.1%)
(RDMA_READ_CONSUME_CHECK_CONSUMER) timestamp=6536 ms, used_size=3704832 bytes (9.0%)
(RDMA_READ_CONSUME_CHECK_CONSUMER) timestamp=6536 ms, used_size=3702784 bytes (9.0%)
(RDMA_READ_CONSUME_CHECK_CONSUMER) timestamp=6536 ms, used_size=3700736 bytes (9.0%)
(RDMA_READ_CONSUME_CHECK_CONSUMER) timestamp=6536 ms, used_size=3698688 bytes (9.0%)
(RDMA_READ_CONSUME_CHECK_CONSUMER) timestamp=6536 ms, used_size=3696640 bytes (9.0%)
(RDMA_READ_CONSUME_CHECK_CONSUMER) timestamp=6536 ms, used_size=3694592 bytes (9.0%)
(RDMA_READ_CONSUME_CHECK_CONSUMER) timestamp=6536 ms, used_size=3692544 bytes (9.0%)
(RDMA_READ_CONSUME_CHECK_CONSUMER) timestamp=6536 ms, used_size=3690496 bytes (9.0%)
(RDMA_READ_CONSUME_CHECK_CONSUMER) timestamp=6536 ms, used_size=3688448 bytes (9.0%)
(RDMA_READ_CONSUME_CHECK_CONSUMER) timestamp=6536 ms, used_size=3686400 bytes (9.0%)
(RDMA_READ_CONSUME_CHECK_CONSUMER) timestamp=6536 ms, used_size=3684352 bytes (9.0%)
(RDMA_READ_CONSUME_CHECK_CONSUMER) timestamp=6536 ms, used_size=3682304 bytes (9.0%)
(RDMA_READ_CONSUME_CHECK_CONSUMER) timestamp=6536 ms, used_size=3680256 bytes (9.0%)
(RDMA_READ_CONSUME_CHECK_CONSUMER) timestamp=6536 ms, used_size=3678208 bytes (9.0%)
(RDMA_READ_CONSUME_CHECK_CONSUMER) timestamp=6536 ms, used_size=3676160 bytes (9.0%)
(RDMA_READ_CONSUME_CHECK_CONSUMER) timestamp=6536 ms, used_size=3674112 bytes (9.0%)
(RDMA_READ_CONSUME_CHECK_CONSUMER) timestamp=6536 ms, used_size=3672064 bytes (9.0%)
(RDMA_READ_CONSUME_CHECK_CONSUMER) timestamp=6536 ms, used_size=3670016 bytes (9.0%)
(RDMA_READ_CONSUME_CHECK_CONSUMER) timestamp=6536 ms, used_size=3667968 bytes (9.0%)
(RDMA_READ_CONSUME_CHECK_CONSUMER) timestamp=6536 ms, used_size=3665920 bytes (8.9%)
(RDMA_READ_CONSUME_CHECK_CONSUMER) timestamp=6536 ms, used_size=3663872 bytes (8.9%)
(RDMA_READ_CONSUME_CHECK_CONSUMER) timestamp=6536 ms, used_size=3661824 bytes (8.9%)
(RDMA_READ_CONSUME_CHECK_CONSUMER) timestamp=6536 ms, used_size=3659776 bytes (8.9%)
(RDMA_READ_CONSUME_CHECK_CONSUMER) timestamp=6536 ms, used_size=3657728 bytes (8.9%)
(RDMA_READ_CONSUME_CHECK_CONSUMER) timestamp=6536 ms, used_size=3655680 bytes (8.9%)
(RDMA_READ_CONSUME_CHECK_CONSUMER) timestamp=6536 ms, used_size=3653632 bytes (8.9%)
(RDMA_READ_CONSUME_CHECK_CONSUMER) timestamp=6536 ms, used_size=3651584 bytes (8.9%)
(RDMA_READ_CONSUME_CHECK_CONSUMER) timestamp=6536 ms, used_size=3649536 bytes (8.9%)
(RDMA_READ_CONSUME_CHECK_CONSUMER) timestamp=6536 ms, used_size=3647488 bytes (8.9%)
(RDMA_READ_CONSUME_CHECK_CONSUMER) timestamp=6536 ms, used_size=3645440 bytes (8.9%)
(RDMA_READ_CONSUME_CHECK_CONSUMER) timestamp=6536 ms, used_size=3643392 bytes (8.9%)
(RDMA_READ_CONSUME_CHECK_CONSUMER) timestamp=6536 ms, used_size=3641344 bytes (8.9%)
(RDMA_READ_CONSUME_CHECK_CONSUMER) timestamp=6536 ms, used_size=3639296 bytes (8.9%)
(RDMA_READ_CONSUME_CHECK_CONSUMER) timestamp=6536 ms, used_size=3637248 bytes (8.9%)
(RDMA_READ_CONSUME_CHECK_CONSUMER) timestamp=6536 ms, used_size=3635200 bytes (8.9%)
(RDMA_READ_CONSUME_CHECK_CONSUMER) timestamp=6536 ms, used_size=3633152 bytes (8.9%)
(RDMA_READ_CONSUME_CHECK_CONSUMER) timestamp=6536 ms, used_size=3631104 bytes (8.9%)
(RDMA_READ_CONSUME_CHECK_CONSUMER) timestamp=6536 ms, used_size=3629056 bytes (8.9%)
(RDMA_READ_CONSUME_CHECK_CONSUMER) timestamp=6536 ms, used_size=3627008 bytes (8.9%)
(RDMA_READ_CONSUME_CHECK_CONSUMER) timestamp=6536 ms, used_size=3624960 bytes (8.8%)
(RDMA_READ_CONSUME_CHECK_CONSUMER) timestamp=6536 ms, used_size=3622912 bytes (8.8%)
(RDMA_READ_CONSUME_CHECK_CONSUMER) timestamp=6536 ms, used_size=3620864 bytes (8.8%)
(RDMA_READ_CONSUME_CHECK_CONSUMER) timestamp=6536 ms, used_size=3618816 bytes (8.8%)
(RDMA_READ_CONSUME_CHECK_CONSUMER) timestamp=6536 ms, used_size=3616768 bytes (8.8%)
(RDMA_READ_CONSUME_CHECK_CONSUMER) timestamp=6536 ms, used_size=3614720 bytes (8.8%)
(RDMA_READ_CONSUME_CHECK_CONSUMER) timestamp=6536 ms, used_size=3612672 bytes (8.8%)
(RDMA_READ_CONSUME_CHECK_CONSUMER) timestamp=6536 ms, used_size=3610624 bytes (8.8%)
(RDMA_READ_CONSUME_CHECK_CONSUMER) timestamp=6536 ms, used_size=3608576 bytes (8.8%)
(RDMA_READ_CONSUME_CHECK_CONSUMER) timestamp=6536 ms, used_size=3606528 bytes (8.8%)
(RDMA_READ_CONSUME_CHECK_CONSUMER) timestamp=6536 ms, used_size=3604480 bytes (8.8%)
(RDMA_READ_CONSUME_CHECK_CONSUMER) timestamp=6536 ms, used_size=3602432 bytes (8.8%)
(RDMA_READ_CONSUME_CHECK_CONSUMER) timestamp=6536 ms, used_size=3600384 bytes (8.8%)
(RDMA_READ_CONSUME_CHECK_CONSUMER) timestamp=6536 ms, used_size=3598336 bytes (8.8%)
(RDMA_READ_CONSUME_CHECK_CONSUMER) timestamp=6536 ms, used_size=3596288 bytes (8.8%)
(RDMA_READ_CONSUME_CHECK_CONSUMER) timestamp=6536 ms, used_size=3594240 bytes (8.8%)
(RDMA_READ_CONSUME_CHECK_CONSUMER) timestamp=6536 ms, used_size=3592192 bytes (8.8%)
(RDMA_READ_CONSUME_CHECK_CONSUMER) timestamp=6536 ms, used_size=3590144 bytes (8.8%)
(RDMA_READ_CONSUME_CHECK_CONSUMER) timestamp=6536 ms, used_size=3588096 bytes (8.8%)
(RDMA_READ_CONSUME_CHECK_CONSUMER) timestamp=6536 ms, used_size=3586048 bytes (8.8%)
(RDMA_READ_CONSUME_CHECK_CONSUMER) timestamp=6536 ms, used_size=3584000 bytes (8.8%)
(RDMA_READ_CONSUME_CHECK_CONSUMER) timestamp=6536 ms, used_size=3581952 bytes (8.7%)
(RDMA_READ_CONSUME_CHECK_CONSUMER) timestamp=6536 ms, used_size=3579904 bytes (8.7%)
(RDMA_READ_CONSUME_CHECK_CONSUMER) timestamp=6536 ms, used_size=3577856 bytes (8.7%)
(RDMA_READ_CONSUME_CHECK_CONSUMER) timestamp=6536 ms, used_size=3575808 bytes (8.7%)
(RDMA_READ_CONSUME_CHECK_CONSUMER) timestamp=6536 ms, used_size=3573760 bytes (8.7%)
(RDMA_READ_CONSUME_CHECK_CONSUMER) timestamp=6536 ms, used_size=3571712 bytes (8.7%)
(RDMA_READ_CONSUME_CHECK_CONSUMER) timestamp=6536 ms, used_size=3569664 bytes (8.7%)
(RDMA_READ_CONSUME_CHECK_CONSUMER) timestamp=6536 ms, used_size=3567616 bytes (8.7%)
(RDMA_READ_CONSUME_CHECK_CONSUMER) timestamp=6536 ms, used_size=3565568 bytes (8.7%)
(RDMA_READ_CONSUME_CHECK_CONSUMER) timestamp=6536 ms, used_size=3563520 bytes (8.7%)
(RDMA_READ_CONSUME_CHECK_CONSUMER) timestamp=6536 ms, used_size=3561472 bytes (8.7%)
(RDMA_READ_CONSUME_CHECK_CONSUMER) timestamp=6536 ms, used_size=3559424 bytes (8.7%)
(RDMA_READ_CONSUME_CHECK_CONSUMER) timestamp=6536 ms, used_size=3557376 bytes (8.7%)
(RDMA_READ_CONSUME_CHECK_CONSUMER) timestamp=6536 ms, used_size=3555328 bytes (8.7%)
(RDMA_READ_CONSUME_CHECK_CONSUMER) timestamp=6536 ms, used_size=3553280 bytes (8.7%)
(RDMA_READ_CONSUME_CHECK_CONSUMER) timestamp=6536 ms, used_size=3551232 bytes (8.7%)
(RDMA_READ_CONSUME_CHECK_CONSUMER) timestamp=6536 ms, used_size=3549184 bytes (8.7%)
(RDMA_READ_CONSUME_CHECK_CONSUMER) timestamp=6536 ms, used_size=3547136 bytes (8.7%)
(RDMA_READ_CONSUME_CHECK_CONSUMER) timestamp=6536 ms, used_size=3545088 bytes (8.7%)
(RDMA_READ_CONSUME_CHECK_CONSUMER) timestamp=6536 ms, used_size=3543040 bytes (8.7%)
(RDMA_READ_CONSUME_CHECK_CONSUMER) timestamp=6536 ms, used_size=3540992 bytes (8.6%)
(RDMA_READ_CONSUME_CHECK_CONSUMER) timestamp=6536 ms, used_size=3538944 bytes (8.6%)
(RDMA_READ_CONSUME_CHECK_CONSUMER) timestamp=6536 ms, used_size=3536896 bytes (8.6%)
(RDMA_READ_CONSUME_CHECK_CONSUMER) timestamp=6536 ms, used_size=3534848 bytes (8.6%)
(RDMA_READ_CONSUME_CHECK_CONSUMER) timestamp=6536 ms, used_size=3532800 bytes (8.6%)
(RDMA_READ_CONSUME_CHECK_CONSUMER) timestamp=6536 ms, used_size=3530752 bytes (8.6%)
(RDMA_READ_CONSUME_CHECK_CONSUMER) timestamp=6536 ms, used_size=3528704 bytes (8.6%)
(RDMA_READ_CONSUME_CHECK_CONSUMER) timestamp=6536 ms, used_size=3526656 bytes (8.6%)
(RDMA_READ_CONSUME_CHECK_CONSUMER) timestamp=6536 ms, used_size=3524608 bytes (8.6%)
(RDMA_READ_CONSUME_CHECK_CONSUMER) timestamp=6536 ms, used_size=3522560 bytes (8.6%)
(RDMA_READ_CONSUME_CHECK_CONSUMER) timestamp=6536 ms, used_size=3520512 bytes (8.6%)
(RDMA_READ_CONSUME_CHECK_CONSUMER) timestamp=6536 ms, used_size=3518464 bytes (8.6%)
(RDMA_READ_CONSUME_CHECK_CONSUMER) timestamp=6536 ms, used_size=3516416 bytes (8.6%)
(RDMA_READ_CONSUME_CHECK_CONSUMER) timestamp=6536 ms, used_size=3514368 bytes (8.6%)
(RDMA_READ_CONSUME_CHECK_CONSUMER) timestamp=6536 ms, used_size=3512320 bytes (8.6%)
(RDMA_READ_CONSUME_CHECK_CONSUMER) timestamp=6536 ms, used_size=3510272 bytes (8.6%)
(RDMA_READ_CONSUME_CHECK_CONSUMER) timestamp=6536 ms, used_size=3508224 bytes (8.6%)
(RDMA_READ_CONSUME_CHECK_CONSUMER) timestamp=6536 ms, used_size=3506176 bytes (8.6%)
(RDMA_READ_CONSUME_CHECK_CONSUMER) timestamp=6536 ms, used_size=3504128 bytes (8.6%)
(RDMA_READ_CONSUME_CHECK_CONSUMER) timestamp=6536 ms, used_size=3502080 bytes (8.6%)
(RDMA_READ_CONSUME_CHECK_CONSUMER) timestamp=6536 ms, used_size=3500032 bytes (8.5%)
(RDMA_READ_CONSUME_CHECK_CONSUMER) timestamp=6536 ms, used_size=3497984 bytes (8.5%)
(RDMA_READ_CONSUME_CHECK_CONSUMER) timestamp=6536 ms, used_size=3495936 bytes (8.5%)
(RDMA_READ_CONSUME_CHECK_CONSUMER) timestamp=6536 ms, used_size=3493888 bytes (8.5%)
(RDMA_READ_CONSUME_CHECK_CONSUMER) timestamp=6536 ms, used_size=3491840 bytes (8.5%)
(RDMA_READ_CONSUME_CHECK_CONSUMER) timestamp=6536 ms, used_size=3489792 bytes (8.5%)
(RDMA_READ_CONSUME_CHECK_CONSUMER) timestamp=6536 ms, used_size=3487744 bytes (8.5%)
(RDMA_READ_CONSUME_CHECK_CONSUMER) timestamp=6536 ms, used_size=3485696 bytes (8.5%)
(RDMA_READ_CONSUME_CHECK_CONSUMER) timestamp=6536 ms, used_size=3483648 bytes (8.5%)
(RDMA_READ_CONSUME_CHECK_CONSUMER) timestamp=6536 ms, used_size=3481600 bytes (8.5%)
(RDMA_READ_CONSUME_CHECK_CONSUMER) timestamp=6536 ms, used_size=3479552 bytes (8.5%)
(RDMA_READ_CONSUME_CHECK_CONSUMER) timestamp=6536 ms, used_size=3477504 bytes (8.5%)
(RDMA_READ_CONSUME_CHECK_CONSUMER) timestamp=6536 ms, used_size=3475456 bytes (8.5%)
(RDMA_READ_CONSUME_CHECK_CONSUMER) timestamp=6536 ms, used_size=3473408 bytes (8.5%)
(RDMA_READ_CONSUME_CHECK_CONSUMER) timestamp=6536 ms, used_size=3471360 bytes (8.5%)
(RDMA_READ_CONSUME_CHECK_CONSUMER) timestamp=6536 ms, used_size=3469312 bytes (8.5%)
(RDMA_READ_CONSUME_CHECK_CONSUMER) timestamp=6536 ms, used_size=3467264 bytes (8.5%)
(RDMA_READ_CONSUME_CHECK_CONSUMER) timestamp=6536 ms, used_size=3465216 bytes (8.5%)
(RDMA_READ_CONSUME_CHECK_CONSUMER) timestamp=6536 ms, used_size=3463168 bytes (8.5%)
(RDMA_READ_CONSUME_CHECK_CONSUMER) timestamp=6536 ms, used_size=3461120 bytes (8.4%)
(RDMA_READ_CONSUME_CHECK_CONSUMER) timestamp=6536 ms, used_size=3459072 bytes (8.4%)
(RDMA_READ_CONSUME_CHECK_CONSUMER) timestamp=6536 ms, used_size=3457024 bytes (8.4%)
(RDMA_READ_CONSUME_CHECK_CONSUMER) timestamp=6536 ms, used_size=3454976 bytes (8.4%)
(RDMA_READ_CONSUME_CHECK_CONSUMER) timestamp=6536 ms, used_size=3452928 bytes (8.4%)
(RDMA_READ_CONSUME_CHECK_CONSUMER) timestamp=6536 ms, used_size=3450880 bytes (8.4%)
(RDMA_READ_CONSUME_CHECK_CONSUMER) timestamp=6536 ms, used_size=3448832 bytes (8.4%)
(RDMA_READ_CONSUME_CHECK_CONSUMER) timestamp=6536 ms, used_size=3446784 bytes (8.4%)
(RDMA_READ_CONSUME_CHECK_CONSUMER) timestamp=6536 ms, used_size=3444736 bytes (8.4%)
(RDMA_READ_CONSUME_CHECK_CONSUMER) timestamp=6536 ms, used_size=3442688 bytes (8.4%)
(RDMA_READ_CONSUME_CHECK_CONSUMER) timestamp=6536 ms, used_size=3440640 bytes (8.4%)
(RDMA_READ_CONSUME_CHECK_CONSUMER) timestamp=6536 ms, used_size=3438592 bytes (8.4%)
(RDMA_READ_CONSUME_CHECK_CONSUMER) timestamp=6536 ms, used_size=3436544 bytes (8.4%)
(RDMA_READ_CONSUME_CHECK_CONSUMER) timestamp=6536 ms, used_size=3434496 bytes (8.4%)
(RDMA_READ_CONSUME_CHECK_CONSUMER) timestamp=6536 ms, used_size=3432448 bytes (8.4%)
(RDMA_READ_CONSUME_CHECK_CONSUMER) timestamp=6536 ms, used_size=3430400 bytes (8.4%)
(RDMA_READ_CONSUME_CHECK_CONSUMER) timestamp=6537 ms, used_size=3428352 bytes (8.4%)
(RDMA_READ_CONSUME_CHECK_CONSUMER) timestamp=6537 ms, used_size=3426304 bytes (8.4%)
(RDMA_READ_CONSUME_CHECK_CONSUMER) timestamp=6537 ms, used_size=3424256 bytes (8.4%)
(RDMA_READ_CONSUME_CHECK_CONSUMER) timestamp=6537 ms, used_size=3422208 bytes (8.4%)
(RDMA_READ_CONSUME_CHECK_CONSUMER) timestamp=6537 ms, used_size=3420160 bytes (8.3%)
(RDMA_READ_CONSUME_CHECK_CONSUMER) timestamp=6537 ms, used_size=3418112 bytes (8.3%)
(RDMA_READ_CONSUME_CHECK_CONSUMER) timestamp=6537 ms, used_size=3416064 bytes (8.3%)
(RDMA_READ_CONSUME_CHECK_CONSUMER) timestamp=6537 ms, used_size=3414016 bytes (8.3%)
(RDMA_READ_CONSUME_CHECK_CONSUMER) timestamp=6537 ms, used_size=3411968 bytes (8.3%)
(RDMA_READ_CONSUME_CHECK_CONSUMER) timestamp=6537 ms, used_size=3409920 bytes (8.3%)
(RDMA_READ_CONSUME_CHECK_CONSUMER) timestamp=6537 ms, used_size=3407872 bytes (8.3%)
(RDMA_READ_CONSUME_CHECK_CONSUMER) timestamp=6537 ms, used_size=3405824 bytes (8.3%)
(RDMA_READ_CONSUME_CHECK_CONSUMER) timestamp=6537 ms, used_size=3403776 bytes (8.3%)
(RDMA_READ_CONSUME_CHECK_CONSUMER) timestamp=6537 ms, used_size=3401728 bytes (8.3%)
(RDMA_READ_CONSUME_CHECK_CONSUMER) timestamp=6537 ms, used_size=3399680 bytes (8.3%)
(RDMA_READ_CONSUME_CHECK_CONSUMER) timestamp=6537 ms, used_size=3397632 bytes (8.3%)
(RDMA_READ_CONSUME_CHECK_CONSUMER) timestamp=6537 ms, used_size=3395584 bytes (8.3%)
(RDMA_READ_CONSUME_CHECK_CONSUMER) timestamp=6537 ms, used_size=3393536 bytes (8.3%)
(RDMA_READ_CONSUME_CHECK_CONSUMER) timestamp=6537 ms, used_size=3391488 bytes (8.3%)
(RDMA_READ_CONSUME_CHECK_CONSUMER) timestamp=6537 ms, used_size=3389440 bytes (8.3%)
(RDMA_READ_CONSUME_CHECK_CONSUMER) timestamp=6537 ms, used_size=3387392 bytes (8.3%)
(RDMA_READ_CONSUME_CHECK_CONSUMER) timestamp=6537 ms, used_size=3385344 bytes (8.3%)
(RDMA_READ_CONSUME_CHECK_CONSUMER) timestamp=6537 ms, used_size=3383296 bytes (8.3%)
(RDMA_READ_CONSUME_CHECK_CONSUMER) timestamp=6537 ms, used_size=3381248 bytes (8.3%)
(RDMA_READ_CONSUME_CHECK_CONSUMER) timestamp=6537 ms, used_size=3379200 bytes (8.2%)
(RDMA_READ_CONSUME_CHECK_CONSUMER) timestamp=6537 ms, used_size=3377152 bytes (8.2%)
(RDMA_READ_CONSUME_CHECK_CONSUMER) timestamp=6537 ms, used_size=3375104 bytes (8.2%)
(RDMA_READ_CONSUME_CHECK_CONSUMER) timestamp=6537 ms, used_size=3373056 bytes (8.2%)
(RDMA_READ_CONSUME_CHECK_CONSUMER) timestamp=6537 ms, used_size=3371008 bytes (8.2%)
(RDMA_READ_CONSUME_CHECK_CONSUMER) timestamp=6537 ms, used_size=3368960 bytes (8.2%)
(RDMA_READ_CONSUME_CHECK_CONSUMER) timestamp=6537 ms, used_size=3366912 bytes (8.2%)
(RDMA_READ_CONSUME_CHECK_CONSUMER) timestamp=6537 ms, used_size=3364864 bytes (8.2%)
(RDMA_READ_CONSUME_CHECK_CONSUMER) timestamp=6537 ms, used_size=3362816 bytes (8.2%)
(RDMA_READ_CONSUME_CHECK_CONSUMER) timestamp=6537 ms, used_size=3360768 bytes (8.2%)
(RDMA_READ_CONSUME_CHECK_CONSUMER) timestamp=6537 ms, used_size=3358720 bytes (8.2%)
(RDMA_READ_CONSUME_CHECK_CONSUMER) timestamp=6537 ms, used_size=3356672 bytes (8.2%)
(RDMA_READ_CONSUME_CHECK_CONSUMER) timestamp=6537 ms, used_size=3354624 bytes (8.2%)
(RDMA_READ_CONSUME_CHECK_CONSUMER) timestamp=6537 ms, used_size=3352576 bytes (8.2%)
(RDMA_READ_CONSUME_CHECK_CONSUMER) timestamp=6537 ms, used_size=3350528 bytes (8.2%)
(RDMA_READ_CONSUME_CHECK_CONSUMER) timestamp=6537 ms, used_size=3348480 bytes (8.2%)
(RDMA_READ_CONSUME_CHECK_CONSUMER) timestamp=6537 ms, used_size=3346432 bytes (8.2%)
(RDMA_READ_CONSUME_CHECK_CONSUMER) timestamp=6537 ms, used_size=3344384 bytes (8.2%)
(RDMA_READ_CONSUME_CHECK_CONSUMER) timestamp=6537 ms, used_size=3342336 bytes (8.2%)
(RDMA_READ_CONSUME_CHECK_CONSUMER) timestamp=6537 ms, used_size=3340288 bytes (8.2%)
(RDMA_READ_CONSUME_CHECK_CONSUMER) timestamp=6537 ms, used_size=3338240 bytes (8.2%)
(RDMA_READ_CONSUME_CHECK_CONSUMER) timestamp=6537 ms, used_size=3336192 bytes (8.1%)
(RDMA_READ_CONSUME_CHECK_CONSUMER) timestamp=6537 ms, used_size=3334144 bytes (8.1%)
(RDMA_READ_CONSUME_CHECK_CONSUMER) timestamp=6537 ms, used_size=3332096 bytes (8.1%)
(RDMA_READ_CONSUME_CHECK_CONSUMER) timestamp=6537 ms, used_size=3330048 bytes (8.1%)
(RDMA_READ_CONSUME_CHECK_CONSUMER) timestamp=6537 ms, used_size=3328000 bytes (8.1%)
(RDMA_READ_CONSUME_CHECK_CONSUMER) timestamp=6537 ms, used_size=3325952 bytes (8.1%)
(RDMA_READ_CONSUME_CHECK_CONSUMER) timestamp=6537 ms, used_size=3323904 bytes (8.1%)
(RDMA_READ_CONSUME_CHECK_CONSUMER) timestamp=6537 ms, used_size=3321856 bytes (8.1%)
(RDMA_READ_CONSUME_CHECK_CONSUMER) timestamp=6537 ms, used_size=3319808 bytes (8.1%)
(RDMA_READ_CONSUME_CHECK_CONSUMER) timestamp=6537 ms, used_size=3317760 bytes (8.1%)
(RDMA_READ_CONSUME_CHECK_CONSUMER) timestamp=6537 ms, used_size=3315712 bytes (8.1%)
(RDMA_READ_CONSUME_CHECK_CONSUMER) timestamp=6537 ms, used_size=3313664 bytes (8.1%)
(RDMA_READ_CONSUME_CHECK_CONSUMER) timestamp=6537 ms, used_size=3311616 bytes (8.1%)
(RDMA_READ_CONSUME_CHECK_CONSUMER) timestamp=6537 ms, used_size=3309568 bytes (8.1%)
(RDMA_READ_CONSUME_CHECK_CONSUMER) timestamp=6537 ms, used_size=3307520 bytes (8.1%)
(RDMA_READ_CONSUME_CHECK_CONSUMER) timestamp=6537 ms, used_size=3305472 bytes (8.1%)
(RDMA_READ_CONSUME_CHECK_CONSUMER) timestamp=6537 ms, used_size=3303424 bytes (8.1%)
(RDMA_READ_CONSUME_CHECK_CONSUMER) timestamp=6537 ms, used_size=3301376 bytes (8.1%)
(RDMA_READ_CONSUME_CHECK_CONSUMER) timestamp=6537 ms, used_size=3299328 bytes (8.1%)
(RDMA_READ_CONSUME_CHECK_CONSUMER) timestamp=6537 ms, used_size=3297280 bytes (8.1%)
(RDMA_READ_CONSUME_CHECK_CONSUMER) timestamp=6537 ms, used_size=3295232 bytes (8.0%)
(RDMA_READ_CONSUME_CHECK_CONSUMER) timestamp=6537 ms, used_size=3293184 bytes (8.0%)
(RDMA_READ_CONSUME_CHECK_CONSUMER) timestamp=6537 ms, used_size=3291136 bytes (8.0%)
(RDMA_READ_CONSUME_CHECK_CONSUMER) timestamp=6537 ms, used_size=3289088 bytes (8.0%)
(RDMA_READ_CONSUME_CHECK_CONSUMER) timestamp=6537 ms, used_size=3287040 bytes (8.0%)
(RDMA_READ_CONSUME_CHECK_CONSUMER) timestamp=6537 ms, used_size=3284992 bytes (8.0%)
(RDMA_READ_CONSUME_CHECK_CONSUMER) timestamp=6537 ms, used_size=3282944 bytes (8.0%)
(RDMA_READ_CONSUME_CHECK_CONSUMER) timestamp=6537 ms, used_size=3280896 bytes (8.0%)
(RDMA_READ_CONSUME_CHECK_CONSUMER) timestamp=6537 ms, used_size=3278848 bytes (8.0%)
(RDMA_READ_CONSUME_CHECK_CONSUMER) timestamp=6537 ms, used_size=3276800 bytes (8.0%)
(RDMA_READ_CONSUME_CHECK_CONSUMER) timestamp=6537 ms, used_size=3274752 bytes (8.0%)
(RDMA_READ_CONSUME_CHECK_CONSUMER) timestamp=6537 ms, used_size=3272704 bytes (8.0%)
(RDMA_READ_CONSUME_CHECK_CONSUMER) timestamp=6537 ms, used_size=3270656 bytes (8.0%)
(RDMA_READ_CONSUME_CHECK_CONSUMER) timestamp=6537 ms, used_size=3268608 bytes (8.0%)
(RDMA_READ_CONSUME_CHECK_CONSUMER) timestamp=6537 ms, used_size=3266560 bytes (8.0%)
(RDMA_READ_CONSUME_CHECK_CONSUMER) timestamp=6537 ms, used_size=3264512 bytes (8.0%)
(RDMA_READ_CONSUME_CHECK_CONSUMER) timestamp=6537 ms, used_size=3262464 bytes (8.0%)
(RDMA_READ_CONSUME_CHECK_CONSUMER) timestamp=6537 ms, used_size=3260416 bytes (8.0%)
(RDMA_READ_CONSUME_CHECK_CONSUMER) timestamp=6537 ms, used_size=3258368 bytes (8.0%)
(RDMA_READ_CONSUME_CHECK_CONSUMER) timestamp=6537 ms, used_size=3256320 bytes (8.0%)
(RDMA_READ_CONSUME_CHECK_CONSUMER) timestamp=6537 ms, used_size=3254272 bytes (7.9%)
(RDMA_READ_CONSUME_CHECK_CONSUMER) timestamp=6537 ms, used_size=3252224 bytes (7.9%)
(RDMA_READ_CONSUME_CHECK_CONSUMER) timestamp=6537 ms, used_size=3250176 bytes (7.9%)
(RDMA_READ_CONSUME_CHECK_CONSUMER) timestamp=6537 ms, used_size=3248128 bytes (7.9%)
(RDMA_READ_CONSUME_CHECK_CONSUMER) timestamp=6537 ms, used_size=3246080 bytes (7.9%)
(RDMA_READ_CONSUME_CHECK_CONSUMER) timestamp=6537 ms, used_size=3244032 bytes (7.9%)
(RDMA_READ_CONSUME_CHECK_CONSUMER) timestamp=6537 ms, used_size=3241984 bytes (7.9%)
(RDMA_READ_CONSUME_CHECK_CONSUMER) timestamp=6537 ms, used_size=3239936 bytes (7.9%)
(RDMA_READ_CONSUME_CHECK_CONSUMER) timestamp=6537 ms, used_size=3237888 bytes (7.9%)
(RDMA_READ_CONSUME_CHECK_CONSUMER) timestamp=6537 ms, used_size=3235840 bytes (7.9%)
(RDMA_READ_CONSUME_CHECK_CONSUMER) timestamp=6537 ms, used_size=3233792 bytes (7.9%)
(RDMA_READ_CONSUME_CHECK_CONSUMER) timestamp=6537 ms, used_size=3231744 bytes (7.9%)
(RDMA_READ_CONSUME_CHECK_CONSUMER) timestamp=6537 ms, used_size=3229696 bytes (7.9%)
(RDMA_READ_CONSUME_CHECK_CONSUMER) timestamp=6537 ms, used_size=3227648 bytes (7.9%)
(RDMA_READ_CONSUME_CHECK_CONSUMER) timestamp=6537 ms, used_size=3225600 bytes (7.9%)
(RDMA_READ_CONSUME_CHECK_CONSUMER) timestamp=6537 ms, used_size=3223552 bytes (7.9%)
(RDMA_READ_CONSUME_CHECK_CONSUMER) timestamp=6537 ms, used_size=3221504 bytes (7.9%)
(RDMA_READ_CONSUME_CHECK_CONSUMER) timestamp=6537 ms, used_size=3219456 bytes (7.9%)
(RDMA_READ_CONSUME_CHECK_CONSUMER) timestamp=6537 ms, used_size=3217408 bytes (7.9%)
(RDMA_READ_CONSUME_CHECK_CONSUMER) timestamp=6537 ms, used_size=3215360 bytes (7.8%)
(RDMA_READ_CONSUME_CHECK_CONSUMER) timestamp=6537 ms, used_size=3213312 bytes (7.8%)
(RDMA_READ_CONSUME_CHECK_CONSUMER) timestamp=6537 ms, used_size=3211264 bytes (7.8%)
(RDMA_READ_CONSUME_CHECK_CONSUMER) timestamp=6537 ms, used_size=3209216 bytes (7.8%)
(RDMA_READ_CONSUME_CHECK_CONSUMER) timestamp=6537 ms, used_size=3207168 bytes (7.8%)
(RDMA_READ_CONSUME_CHECK_CONSUMER) timestamp=6537 ms, used_size=3205120 bytes (7.8%)
(RDMA_READ_CONSUME_CHECK_CONSUMER) timestamp=6537 ms, used_size=3203072 bytes (7.8%)
(RDMA_READ_CONSUME_CHECK_CONSUMER) timestamp=6537 ms, used_size=3201024 bytes (7.8%)
(RDMA_READ_CONSUME_CHECK_CONSUMER) timestamp=6537 ms, used_size=3198976 bytes (7.8%)
(RDMA_READ_CONSUME_CHECK_CONSUMER) timestamp=6537 ms, used_size=3196928 bytes (7.8%)
(RDMA_READ_CONSUME_CHECK_CONSUMER) timestamp=6537 ms, used_size=3194880 bytes (7.8%)
(RDMA_READ_CONSUME_CHECK_CONSUMER) timestamp=6537 ms, used_size=3192832 bytes (7.8%)
(RDMA_READ_CONSUME_CHECK_CONSUMER) timestamp=6537 ms, used_size=3190784 bytes (7.8%)
(RDMA_READ_CONSUME_CHECK_CONSUMER) timestamp=6537 ms, used_size=3188736 bytes (7.8%)
(RDMA_READ_CONSUME_CHECK_CONSUMER) timestamp=6537 ms, used_size=3186688 bytes (7.8%)
(RDMA_READ_CONSUME_CHECK_CONSUMER) timestamp=6537 ms, used_size=3184640 bytes (7.8%)
(RDMA_READ_CONSUME_CHECK_CONSUMER) timestamp=6537 ms, used_size=3182592 bytes (7.8%)
(RDMA_READ_CONSUME_CHECK_CONSUMER) timestamp=6537 ms, used_size=3180544 bytes (7.8%)
(RDMA_READ_CONSUME_CHECK_CONSUMER) timestamp=6537 ms, used_size=3178496 bytes (7.8%)
(RDMA_READ_CONSUME_CHECK_CONSUMER) timestamp=6537 ms, used_size=3176448 bytes (7.8%)
(RDMA_READ_CONSUME_CHECK_CONSUMER) timestamp=6537 ms, used_size=3174400 bytes (7.8%)
(RDMA_READ_CONSUME_CHECK_CONSUMER) timestamp=6537 ms, used_size=3172352 bytes (7.7%)
(RDMA_READ_CONSUME_CHECK_CONSUMER) timestamp=6537 ms, used_size=3170304 bytes (7.7%)
(RDMA_READ_CONSUME_CHECK_CONSUMER) timestamp=6537 ms, used_size=3168256 bytes (7.7%)
(RDMA_READ_CONSUME_CHECK_CONSUMER) timestamp=6537 ms, used_size=3166208 bytes (7.7%)
(RDMA_READ_CONSUME_CHECK_CONSUMER) timestamp=6537 ms, used_size=3164160 bytes (7.7%)
(RDMA_READ_CONSUME_CHECK_CONSUMER) timestamp=6537 ms, used_size=3162112 bytes (7.7%)
(RDMA_READ_CONSUME_CHECK_CONSUMER) timestamp=6537 ms, used_size=3160064 bytes (7.7%)
(RDMA_READ_CONSUME_CHECK_CONSUMER) timestamp=6537 ms, used_size=3158016 bytes (7.7%)
(RDMA_READ_CONSUME_CHECK_CONSUMER) timestamp=6537 ms, used_size=3155968 bytes (7.7%)
(RDMA_READ_CONSUME_CHECK_CONSUMER) timestamp=6537 ms, used_size=3153920 bytes (7.7%)
(RDMA_READ_CONSUME_CHECK_CONSUMER) timestamp=6537 ms, used_size=3151872 bytes (7.7%)
(RDMA_READ_CONSUME_CHECK_CONSUMER) timestamp=6537 ms, used_size=3149824 bytes (7.7%)
(RDMA_READ_CONSUME_CHECK_CONSUMER) timestamp=6537 ms, used_size=3147776 bytes (7.7%)
(RDMA_READ_CONSUME_CHECK_CONSUMER) timestamp=6537 ms, used_size=3145728 bytes (7.7%)
(RDMA_READ_CONSUME_CHECK_CONSUMER) timestamp=6537 ms, used_size=3143680 bytes (7.7%)
(RDMA_READ_CONSUME_CHECK_CONSUMER) timestamp=6537 ms, used_size=3141632 bytes (7.7%)
(RDMA_READ_CONSUME_CHECK_CONSUMER) timestamp=6537 ms, used_size=3139584 bytes (7.7%)
(RDMA_READ_CONSUME_CHECK_CONSUMER) timestamp=6537 ms, used_size=3137536 bytes (7.7%)
(RDMA_READ_CONSUME_CHECK_CONSUMER) timestamp=6537 ms, used_size=3135488 bytes (7.7%)
(RDMA_READ_CONSUME_CHECK_CONSUMER) timestamp=6537 ms, used_size=3133440 bytes (7.7%)
(RDMA_READ_CONSUME_CHECK_CONSUMER) timestamp=6537 ms, used_size=3131392 bytes (7.6%)
(RDMA_READ_CONSUME_CHECK_CONSUMER) timestamp=6537 ms, used_size=3129344 bytes (7.6%)
(RDMA_READ_CONSUME_CHECK_CONSUMER) timestamp=6537 ms, used_size=3127296 bytes (7.6%)
(RDMA_READ_CONSUME_CHECK_CONSUMER) timestamp=6537 ms, used_size=3125248 bytes (7.6%)
(RDMA_READ_CONSUME_CHECK_CONSUMER) timestamp=6537 ms, used_size=3123200 bytes (7.6%)
(RDMA_READ_CONSUME_CHECK_CONSUMER) timestamp=6537 ms, used_size=3121152 bytes (7.6%)
(RDMA_READ_CONSUME_CHECK_CONSUMER) timestamp=6537 ms, used_size=3119104 bytes (7.6%)
(RDMA_READ_CONSUME_CHECK_CONSUMER) timestamp=6537 ms, used_size=3117056 bytes (7.6%)
(RDMA_READ_CONSUME_CHECK_CONSUMER) timestamp=6537 ms, used_size=3115008 bytes (7.6%)
(RDMA_READ_CONSUME_CHECK_CONSUMER) timestamp=6537 ms, used_size=3112960 bytes (7.6%)
(RDMA_READ_CONSUME_CHECK_CONSUMER) timestamp=6537 ms, used_size=3110912 bytes (7.6%)
(RDMA_READ_CONSUME_CHECK_CONSUMER) timestamp=6537 ms, used_size=3108864 bytes (7.6%)
(RDMA_READ_CONSUME_CHECK_CONSUMER) timestamp=6537 ms, used_size=3106816 bytes (7.6%)
(RDMA_READ_CONSUME_CHECK_CONSUMER) timestamp=6537 ms, used_size=3104768 bytes (7.6%)
(RDMA_READ_CONSUME_CHECK_CONSUMER) timestamp=6537 ms, used_size=3102720 bytes (7.6%)
(RDMA_READ_CONSUME_CHECK_CONSUMER) timestamp=6537 ms, used_size=3100672 bytes (7.6%)
(RDMA_READ_CONSUME_CHECK_CONSUMER) timestamp=6537 ms, used_size=3098624 bytes (7.6%)
(RDMA_READ_CONSUME_CHECK_CONSUMER) timestamp=6537 ms, used_size=3096576 bytes (7.6%)
(RDMA_READ_CONSUME_CHECK_CONSUMER) timestamp=6537 ms, used_size=3094528 bytes (7.6%)
(RDMA_READ_CONSUME_CHECK_CONSUMER) timestamp=6537 ms, used_size=3092480 bytes (7.5%)
(RDMA_READ_CONSUME_CHECK_CONSUMER) timestamp=6537 ms, used_size=3090432 bytes (7.5%)
(RDMA_READ_CONSUME_CHECK_CONSUMER) timestamp=6537 ms, used_size=3088384 bytes (7.5%)
(RDMA_READ_CONSUME_CHECK_CONSUMER) timestamp=6537 ms, used_size=3086336 bytes (7.5%)
(RDMA_READ_CONSUME_CHECK_CONSUMER) timestamp=6537 ms, used_size=3084288 bytes (7.5%)
(RDMA_READ_CONSUME_CHECK_CONSUMER) timestamp=6537 ms, used_size=3082240 bytes (7.5%)
(RDMA_READ_CONSUME_CHECK_CONSUMER) timestamp=6537 ms, used_size=3080192 bytes (7.5%)
(RDMA_READ_CONSUME_CHECK_CONSUMER) timestamp=6537 ms, used_size=3078144 bytes (7.5%)
(RDMA_READ_CONSUME_CHECK_CONSUMER) timestamp=6537 ms, used_size=3076096 bytes (7.5%)
(RDMA_READ_CONSUME_CHECK_CONSUMER) timestamp=6537 ms, used_size=3074048 bytes (7.5%)
(RDMA_READ_CONSUME_CHECK_CONSUMER) timestamp=6537 ms, used_size=3072000 bytes (7.5%)
(RDMA_READ_CONSUME_CHECK_CONSUMER) timestamp=6537 ms, used_size=3069952 bytes (7.5%)
(RDMA_READ_CONSUME_CHECK_CONSUMER) timestamp=6537 ms, used_size=3067904 bytes (7.5%)
(RDMA_READ_CONSUME_CHECK_CONSUMER) timestamp=6537 ms, used_size=3065856 bytes (7.5%)
(RDMA_READ_CONSUME_CHECK_CONSUMER) timestamp=6537 ms, used_size=3063808 bytes (7.5%)
(RDMA_READ_CONSUME_CHECK_CONSUMER) timestamp=6537 ms, used_size=3061760 bytes (7.5%)
(RDMA_READ_CONSUME_CHECK_CONSUMER) timestamp=6537 ms, used_size=3059712 bytes (7.5%)
(RDMA_READ_CONSUME_CHECK_CONSUMER) timestamp=6537 ms, used_size=3057664 bytes (7.5%)
(RDMA_READ_CONSUME_CHECK_CONSUMER) timestamp=6537 ms, used_size=3055616 bytes (7.5%)
(RDMA_READ_CONSUME_CHECK_CONSUMER) timestamp=6537 ms, used_size=3053568 bytes (7.5%)
(RDMA_READ_CONSUME_CHECK_CONSUMER) timestamp=6538 ms, used_size=3051520 bytes (7.5%)
(RDMA_READ_CONSUME_CHECK_CONSUMER) timestamp=6538 ms, used_size=3049472 bytes (7.4%)
(RDMA_READ_CONSUME_CHECK_CONSUMER) timestamp=6538 ms, used_size=3047424 bytes (7.4%)
(RDMA_READ_CONSUME_CHECK_CONSUMER) timestamp=6538 ms, used_size=3045376 bytes (7.4%)
(RDMA_READ_CONSUME_CHECK_CONSUMER) timestamp=6538 ms, used_size=3043328 bytes (7.4%)
(RDMA_READ_CONSUME_CHECK_CONSUMER) timestamp=6538 ms, used_size=3041280 bytes (7.4%)
(RDMA_READ_CONSUME_CHECK_CONSUMER) timestamp=6538 ms, used_size=3039232 bytes (7.4%)
(RDMA_READ_CONSUME_CHECK_CONSUMER) timestamp=6538 ms, used_size=3037184 bytes (7.4%)
(RDMA_READ_CONSUME_CHECK_CONSUMER) timestamp=6538 ms, used_size=3035136 bytes (7.4%)
(RDMA_READ_CONSUME_CHECK_CONSUMER) timestamp=6538 ms, used_size=3033088 bytes (7.4%)
(RDMA_READ_CONSUME_CHECK_CONSUMER) timestamp=6538 ms, used_size=3031040 bytes (7.4%)
(RDMA_READ_CONSUME_CHECK_CONSUMER) timestamp=6538 ms, used_size=3028992 bytes (7.4%)
(RDMA_READ_CONSUME_CHECK_CONSUMER) timestamp=6538 ms, used_size=3026944 bytes (7.4%)
(RDMA_READ_CONSUME_CHECK_CONSUMER) timestamp=6538 ms, used_size=3024896 bytes (7.4%)
(RDMA_READ_CONSUME_CHECK_CONSUMER) timestamp=6538 ms, used_size=3022848 bytes (7.4%)
(RDMA_READ_CONSUME_CHECK_CONSUMER) timestamp=6538 ms, used_size=3020800 bytes (7.4%)
(RDMA_READ_CONSUME_CHECK_CONSUMER) timestamp=6538 ms, used_size=3018752 bytes (7.4%)
(RDMA_READ_CONSUME_CHECK_CONSUMER) timestamp=6538 ms, used_size=3016704 bytes (7.4%)
(RDMA_READ_CONSUME_CHECK_CONSUMER) timestamp=6538 ms, used_size=3014656 bytes (7.4%)
(RDMA_READ_CONSUME_CHECK_CONSUMER) timestamp=6538 ms, used_size=3012608 bytes (7.4%)
(RDMA_READ_CONSUME_CHECK_CONSUMER) timestamp=6538 ms, used_size=3010560 bytes (7.3%)
(RDMA_READ_CONSUME_CHECK_CONSUMER) timestamp=6538 ms, used_size=3008512 bytes (7.3%)
(RDMA_READ_CONSUME_CHECK_CONSUMER) timestamp=6538 ms, used_size=3006464 bytes (7.3%)
(RDMA_READ_CONSUME_CHECK_CONSUMER) timestamp=6538 ms, used_size=3004416 bytes (7.3%)
(RDMA_READ_CONSUME_CHECK_CONSUMER) timestamp=6538 ms, used_size=3002368 bytes (7.3%)
(RDMA_READ_CONSUME_CHECK_CONSUMER) timestamp=6538 ms, used_size=3000320 bytes (7.3%)
(RDMA_READ_CONSUME_CHECK_CONSUMER) timestamp=6538 ms, used_size=2998272 bytes (7.3%)
(RDMA_READ_CONSUME_CHECK_CONSUMER) timestamp=6538 ms, used_size=2996224 bytes (7.3%)
(RDMA_READ_CONSUME_CHECK_CONSUMER) timestamp=6538 ms, used_size=2994176 bytes (7.3%)
(RDMA_READ_CONSUME_CHECK_CONSUMER) timestamp=6538 ms, used_size=2992128 bytes (7.3%)
(RDMA_READ_CONSUME_CHECK_CONSUMER) timestamp=6538 ms, used_size=2990080 bytes (7.3%)
(RDMA_READ_CONSUME_CHECK_CONSUMER) timestamp=6538 ms, used_size=2988032 bytes (7.3%)
(RDMA_READ_CONSUME_CHECK_CONSUMER) timestamp=6538 ms, used_size=2985984 bytes (7.3%)
(RDMA_READ_CONSUME_CHECK_CONSUMER) timestamp=6538 ms, used_size=2983936 bytes (7.3%)
(RDMA_READ_CONSUME_CHECK_CONSUMER) timestamp=6538 ms, used_size=2981888 bytes (7.3%)
(RDMA_READ_CONSUME_CHECK_CONSUMER) timestamp=6538 ms, used_size=2979840 bytes (7.3%)
(RDMA_READ_CONSUME_CHECK_CONSUMER) timestamp=6538 ms, used_size=2977792 bytes (7.3%)
(RDMA_READ_CONSUME_CHECK_CONSUMER) timestamp=6538 ms, used_size=2975744 bytes (7.3%)
(RDMA_READ_CONSUME_CHECK_CONSUMER) timestamp=6538 ms, used_size=2973696 bytes (7.3%)
(RDMA_READ_CONSUME_CHECK_CONSUMER) timestamp=6538 ms, used_size=2971648 bytes (7.3%)
(RDMA_READ_CONSUME_CHECK_CONSUMER) timestamp=6538 ms, used_size=2969600 bytes (7.2%)
(RDMA_READ_CONSUME_CHECK_CONSUMER) timestamp=6538 ms, used_size=2967552 bytes (7.2%)
(RDMA_READ_CONSUME_CHECK_CONSUMER) timestamp=6538 ms, used_size=2965504 bytes (7.2%)
(RDMA_READ_CONSUME_CHECK_CONSUMER) timestamp=6538 ms, used_size=2963456 bytes (7.2%)
(RDMA_READ_CONSUME_CHECK_CONSUMER) timestamp=6538 ms, used_size=2961408 bytes (7.2%)
(RDMA_READ_CONSUME_CHECK_CONSUMER) timestamp=6538 ms, used_size=2959360 bytes (7.2%)
(RDMA_READ_CONSUME_CHECK_CONSUMER) timestamp=6538 ms, used_size=2957312 bytes (7.2%)
(RDMA_READ_CONSUME_CHECK_CONSUMER) timestamp=6538 ms, used_size=2955264 bytes (7.2%)
(RDMA_READ_CONSUME_CHECK_CONSUMER) timestamp=6538 ms, used_size=2953216 bytes (7.2%)
(RDMA_READ_CONSUME_CHECK_CONSUMER) timestamp=6538 ms, used_size=2951168 bytes (7.2%)
(RDMA_READ_CONSUME_CHECK_CONSUMER) timestamp=6538 ms, used_size=2949120 bytes (7.2%)
(RDMA_READ_CONSUME_CHECK_CONSUMER) timestamp=6538 ms, used_size=2947072 bytes (7.2%)
(RDMA_READ_CONSUME_CHECK_CONSUMER) timestamp=6538 ms, used_size=2945024 bytes (7.2%)
(RDMA_READ_CONSUME_CHECK_CONSUMER) timestamp=6538 ms, used_size=2942976 bytes (7.2%)
(RDMA_READ_CONSUME_CHECK_CONSUMER) timestamp=6538 ms, used_size=2940928 bytes (7.2%)
(RDMA_READ_CONSUME_CHECK_CONSUMER) timestamp=6538 ms, used_size=2938880 bytes (7.2%)
(RDMA_READ_CONSUME_CHECK_CONSUMER) timestamp=6538 ms, used_size=2936832 bytes (7.2%)
(RDMA_READ_CONSUME_CHECK_CONSUMER) timestamp=6538 ms, used_size=2934784 bytes (7.2%)
(RDMA_READ_CONSUME_CHECK_CONSUMER) timestamp=6538 ms, used_size=2932736 bytes (7.2%)
(RDMA_READ_CONSUME_CHECK_CONSUMER) timestamp=6538 ms, used_size=2930688 bytes (7.2%)
(RDMA_READ_CONSUME_CHECK_CONSUMER) timestamp=6538 ms, used_size=2928640 bytes (7.2%)
(RDMA_READ_CONSUME_CHECK_CONSUMER) timestamp=6538 ms, used_size=2926592 bytes (7.1%)
(RDMA_READ_CONSUME_CHECK_CONSUMER) timestamp=6538 ms, used_size=2924544 bytes (7.1%)
(RDMA_READ_CONSUME_CHECK_CONSUMER) timestamp=6538 ms, used_size=2922496 bytes (7.1%)
(RDMA_READ_CONSUME_CHECK_CONSUMER) timestamp=6538 ms, used_size=2920448 bytes (7.1%)
(RDMA_READ_CONSUME_CHECK_CONSUMER) timestamp=6538 ms, used_size=2918400 bytes (7.1%)
(RDMA_READ_CONSUME_CHECK_CONSUMER) timestamp=6538 ms, used_size=2916352 bytes (7.1%)
(RDMA_READ_CONSUME_CHECK_CONSUMER) timestamp=6538 ms, used_size=2914304 bytes (7.1%)
(RDMA_READ_CONSUME_CHECK_CONSUMER) timestamp=6538 ms, used_size=2912256 bytes (7.1%)
(RDMA_READ_CONSUME_CHECK_CONSUMER) timestamp=6538 ms, used_size=2910208 bytes (7.1%)
(RDMA_READ_CONSUME_CHECK_CONSUMER) timestamp=6538 ms, used_size=2908160 bytes (7.1%)
(RDMA_READ_CONSUME_CHECK_CONSUMER) timestamp=6538 ms, used_size=2906112 bytes (7.1%)
(RDMA_READ_CONSUME_CHECK_CONSUMER) timestamp=6538 ms, used_size=2904064 bytes (7.1%)
(RDMA_READ_CONSUME_CHECK_CONSUMER) timestamp=6538 ms, used_size=2902016 bytes (7.1%)
(RDMA_READ_CONSUME_CHECK_CONSUMER) timestamp=6538 ms, used_size=2899968 bytes (7.1%)
(RDMA_READ_CONSUME_CHECK_CONSUMER) timestamp=6538 ms, used_size=2897920 bytes (7.1%)
(RDMA_READ_CONSUME_CHECK_CONSUMER) timestamp=6538 ms, used_size=2895872 bytes (7.1%)
(RDMA_READ_CONSUME_CHECK_CONSUMER) timestamp=6538 ms, used_size=2893824 bytes (7.1%)
(RDMA_READ_CONSUME_CHECK_CONSUMER) timestamp=6538 ms, used_size=2891776 bytes (7.1%)
(RDMA_READ_CONSUME_CHECK_CONSUMER) timestamp=6538 ms, used_size=2889728 bytes (7.1%)
(RDMA_READ_CONSUME_CHECK_CONSUMER) timestamp=6538 ms, used_size=2887680 bytes (7.0%)
(RDMA_READ_CONSUME_CHECK_CONSUMER) timestamp=6538 ms, used_size=2885632 bytes (7.0%)
(RDMA_READ_CONSUME_CHECK_CONSUMER) timestamp=6538 ms, used_size=2883584 bytes (7.0%)
(RDMA_READ_CONSUME_CHECK_CONSUMER) timestamp=6538 ms, used_size=2881536 bytes (7.0%)
(RDMA_READ_CONSUME_CHECK_CONSUMER) timestamp=6538 ms, used_size=2879488 bytes (7.0%)
(RDMA_READ_CONSUME_CHECK_CONSUMER) timestamp=6538 ms, used_size=2877440 bytes (7.0%)
(RDMA_READ_CONSUME_CHECK_CONSUMER) timestamp=6538 ms, used_size=2875392 bytes (7.0%)
(RDMA_READ_CONSUME_CHECK_CONSUMER) timestamp=6538 ms, used_size=2873344 bytes (7.0%)
(RDMA_READ_CONSUME_CHECK_CONSUMER) timestamp=6538 ms, used_size=2871296 bytes (7.0%)
(RDMA_READ_CONSUME_CHECK_CONSUMER) timestamp=6538 ms, used_size=2869248 bytes (7.0%)
(RDMA_READ_CONSUME_CHECK_CONSUMER) timestamp=6538 ms, used_size=2867200 bytes (7.0%)
(RDMA_READ_CONSUME_CHECK_CONSUMER) timestamp=6538 ms, used_size=2865152 bytes (7.0%)
(RDMA_READ_CONSUME_CHECK_CONSUMER) timestamp=6538 ms, used_size=2863104 bytes (7.0%)
(RDMA_READ_CONSUME_CHECK_CONSUMER) timestamp=6538 ms, used_size=2861056 bytes (7.0%)
(RDMA_READ_CONSUME_CHECK_CONSUMER) timestamp=6538 ms, used_size=2859008 bytes (7.0%)
(RDMA_READ_CONSUME_CHECK_CONSUMER) timestamp=6538 ms, used_size=2856960 bytes (7.0%)
(RDMA_READ_CONSUME_CHECK_CONSUMER) timestamp=6538 ms, used_size=2854912 bytes (7.0%)
(RDMA_READ_CONSUME_CHECK_CONSUMER) timestamp=6538 ms, used_size=2852864 bytes (7.0%)
(RDMA_READ_CONSUME_CHECK_CONSUMER) timestamp=6538 ms, used_size=2850816 bytes (7.0%)
(RDMA_READ_CONSUME_CHECK_CONSUMER) timestamp=6538 ms, used_size=2848768 bytes (7.0%)
(RDMA_READ_CONSUME_CHECK_CONSUMER) timestamp=6538 ms, used_size=2846720 bytes (7.0%)
(RDMA_READ_CONSUME_CHECK_CONSUMER) timestamp=6538 ms, used_size=2844672 bytes (6.9%)
(RDMA_READ_CONSUME_CHECK_CONSUMER) timestamp=6538 ms, used_size=2842624 bytes (6.9%)
(RDMA_READ_CONSUME_CHECK_CONSUMER) timestamp=6538 ms, used_size=2840576 bytes (6.9%)
(RDMA_READ_CONSUME_CHECK_CONSUMER) timestamp=6538 ms, used_size=2838528 bytes (6.9%)
(RDMA_READ_CONSUME_CHECK_CONSUMER) timestamp=6538 ms, used_size=2836480 bytes (6.9%)
(RDMA_READ_CONSUME_CHECK_CONSUMER) timestamp=6538 ms, used_size=2834432 bytes (6.9%)
(RDMA_READ_CONSUME_CHECK_CONSUMER) timestamp=6538 ms, used_size=2832384 bytes (6.9%)
(RDMA_READ_CONSUME_CHECK_CONSUMER) timestamp=6538 ms, used_size=2830336 bytes (6.9%)
(RDMA_READ_CONSUME_CHECK_CONSUMER) timestamp=6538 ms, used_size=2828288 bytes (6.9%)
(RDMA_READ_CONSUME_CHECK_CONSUMER) timestamp=6538 ms, used_size=2826240 bytes (6.9%)
(RDMA_READ_CONSUME_CHECK_CONSUMER) timestamp=6538 ms, used_size=2824192 bytes (6.9%)
(RDMA_READ_CONSUME_CHECK_CONSUMER) timestamp=6538 ms, used_size=2822144 bytes (6.9%)
(RDMA_READ_CONSUME_CHECK_CONSUMER) timestamp=6538 ms, used_size=2820096 bytes (6.9%)
(RDMA_READ_CONSUME_CHECK_CONSUMER) timestamp=6538 ms, used_size=2818048 bytes (6.9%)
(RDMA_READ_CONSUME_CHECK_CONSUMER) timestamp=6538 ms, used_size=2816000 bytes (6.9%)
(RDMA_READ_CONSUME_CHECK_CONSUMER) timestamp=6538 ms, used_size=2813952 bytes (6.9%)
(RDMA_READ_CONSUME_CHECK_CONSUMER) timestamp=6538 ms, used_size=2811904 bytes (6.9%)
(RDMA_READ_CONSUME_CHECK_CONSUMER) timestamp=6538 ms, used_size=2809856 bytes (6.9%)
(RDMA_READ_CONSUME_CHECK_CONSUMER) timestamp=6538 ms, used_size=2807808 bytes (6.9%)
(RDMA_READ_CONSUME_CHECK_CONSUMER) timestamp=6538 ms, used_size=2805760 bytes (6.8%)
(RDMA_READ_CONSUME_CHECK_CONSUMER) timestamp=6538 ms, used_size=2803712 bytes (6.8%)
(RDMA_READ_CONSUME_CHECK_CONSUMER) timestamp=6538 ms, used_size=2801664 bytes (6.8%)
(RDMA_READ_CONSUME_CHECK_CONSUMER) timestamp=6538 ms, used_size=2799616 bytes (6.8%)
(RDMA_READ_CONSUME_CHECK_CONSUMER) timestamp=6538 ms, used_size=2797568 bytes (6.8%)
(RDMA_READ_CONSUME_CHECK_CONSUMER) timestamp=6538 ms, used_size=2795520 bytes (6.8%)
(RDMA_READ_CONSUME_CHECK_CONSUMER) timestamp=6538 ms, used_size=2793472 bytes (6.8%)
(RDMA_READ_CONSUME_CHECK_CONSUMER) timestamp=6538 ms, used_size=2791424 bytes (6.8%)
(RDMA_READ_CONSUME_CHECK_CONSUMER) timestamp=6538 ms, used_size=2789376 bytes (6.8%)
(RDMA_READ_CONSUME_CHECK_CONSUMER) timestamp=6538 ms, used_size=2787328 bytes (6.8%)
(RDMA_READ_CONSUME_CHECK_CONSUMER) timestamp=6538 ms, used_size=2785280 bytes (6.8%)
(RDMA_READ_CONSUME_CHECK_CONSUMER) timestamp=6538 ms, used_size=2783232 bytes (6.8%)
(RDMA_READ_CONSUME_CHECK_CONSUMER) timestamp=6538 ms, used_size=2781184 bytes (6.8%)
(RDMA_READ_CONSUME_CHECK_CONSUMER) timestamp=6538 ms, used_size=2779136 bytes (6.8%)
(RDMA_READ_CONSUME_CHECK_CONSUMER) timestamp=6538 ms, used_size=2777088 bytes (6.8%)
(RDMA_READ_CONSUME_CHECK_CONSUMER) timestamp=6538 ms, used_size=2775040 bytes (6.8%)
(RDMA_READ_CONSUME_CHECK_CONSUMER) timestamp=6538 ms, used_size=2772992 bytes (6.8%)
(RDMA_READ_CONSUME_CHECK_CONSUMER) timestamp=6538 ms, used_size=2770944 bytes (6.8%)
(RDMA_READ_CONSUME_CHECK_CONSUMER) timestamp=6538 ms, used_size=2768896 bytes (6.8%)
(RDMA_READ_CONSUME_CHECK_CONSUMER) timestamp=6538 ms, used_size=2766848 bytes (6.8%)
(RDMA_READ_CONSUME_CHECK_CONSUMER) timestamp=6538 ms, used_size=2764800 bytes (6.8%)
(RDMA_READ_CONSUME_CHECK_CONSUMER) timestamp=6538 ms, used_size=2762752 bytes (6.7%)
(RDMA_READ_CONSUME_CHECK_CONSUMER) timestamp=6538 ms, used_size=2760704 bytes (6.7%)
(RDMA_READ_CONSUME_CHECK_CONSUMER) timestamp=6538 ms, used_size=2758656 bytes (6.7%)
(RDMA_READ_CONSUME_CHECK_CONSUMER) timestamp=6538 ms, used_size=2756608 bytes (6.7%)
(RDMA_READ_CONSUME_CHECK_CONSUMER) timestamp=6538 ms, used_size=2754560 bytes (6.7%)
(RDMA_READ_CONSUME_CHECK_CONSUMER) timestamp=6538 ms, used_size=2752512 bytes (6.7%)
(RDMA_READ_CONSUME_CHECK_CONSUMER) timestamp=6538 ms, used_size=2750464 bytes (6.7%)
(RDMA_READ_CONSUME_CHECK_CONSUMER) timestamp=6538 ms, used_size=2748416 bytes (6.7%)
(RDMA_READ_CONSUME_CHECK_CONSUMER) timestamp=6538 ms, used_size=2746368 bytes (6.7%)
(RDMA_READ_CONSUME_CHECK_CONSUMER) timestamp=6538 ms, used_size=2744320 bytes (6.7%)
(RDMA_READ_CONSUME_CHECK_CONSUMER) timestamp=6538 ms, used_size=2742272 bytes (6.7%)
(RDMA_READ_CONSUME_CHECK_CONSUMER) timestamp=6538 ms, used_size=2740224 bytes (6.7%)
(RDMA_READ_CONSUME_CHECK_CONSUMER) timestamp=6538 ms, used_size=2738176 bytes (6.7%)
(RDMA_READ_CONSUME_CHECK_CONSUMER) timestamp=6538 ms, used_size=2736128 bytes (6.7%)
(RDMA_READ_CONSUME_CHECK_CONSUMER) timestamp=6538 ms, used_size=2734080 bytes (6.7%)
(RDMA_READ_CONSUME_CHECK_CONSUMER) timestamp=6538 ms, used_size=2732032 bytes (6.7%)
(RDMA_READ_CONSUME_CHECK_CONSUMER) timestamp=6538 ms, used_size=2729984 bytes (6.7%)
(RDMA_READ_CONSUME_CHECK_CONSUMER) timestamp=6538 ms, used_size=2727936 bytes (6.7%)
(RDMA_READ_CONSUME_CHECK_CONSUMER) timestamp=6538 ms, used_size=2725888 bytes (6.7%)
(RDMA_READ_CONSUME_CHECK_CONSUMER) timestamp=6538 ms, used_size=2723840 bytes (6.7%)
(RDMA_READ_CONSUME_CHECK_CONSUMER) timestamp=6538 ms, used_size=2721792 bytes (6.6%)
(RDMA_READ_CONSUME_CHECK_CONSUMER) timestamp=6538 ms, used_size=2719744 bytes (6.6%)
(RDMA_READ_CONSUME_CHECK_CONSUMER) timestamp=6538 ms, used_size=2717696 bytes (6.6%)
(RDMA_READ_CONSUME_CHECK_CONSUMER) timestamp=6538 ms, used_size=2715648 bytes (6.6%)
(RDMA_READ_CONSUME_CHECK_CONSUMER) timestamp=6538 ms, used_size=2713600 bytes (6.6%)
(RDMA_READ_CONSUME_CHECK_CONSUMER) timestamp=6538 ms, used_size=2711552 bytes (6.6%)
(RDMA_READ_CONSUME_CHECK_CONSUMER) timestamp=6538 ms, used_size=2709504 bytes (6.6%)
(RDMA_READ_CONSUME_CHECK_CONSUMER) timestamp=6538 ms, used_size=2707456 bytes (6.6%)
(RDMA_READ_CONSUME_CHECK_CONSUMER) timestamp=6538 ms, used_size=2705408 bytes (6.6%)
(RDMA_READ_CONSUME_CHECK_CONSUMER) timestamp=6538 ms, used_size=2703360 bytes (6.6%)
(RDMA_READ_CONSUME_CHECK_CONSUMER) timestamp=6538 ms, used_size=2701312 bytes (6.6%)
(RDMA_READ_CONSUME_CHECK_CONSUMER) timestamp=6538 ms, used_size=2699264 bytes (6.6%)
(RDMA_READ_CONSUME_CHECK_CONSUMER) timestamp=6538 ms, used_size=2697216 bytes (6.6%)
(RDMA_READ_CONSUME_CHECK_CONSUMER) timestamp=6538 ms, used_size=2695168 bytes (6.6%)
(RDMA_READ_CONSUME_CHECK_CONSUMER) timestamp=6538 ms, used_size=2693120 bytes (6.6%)
(RDMA_READ_CONSUME_CHECK_CONSUMER) timestamp=6538 ms, used_size=2691072 bytes (6.6%)
(RDMA_READ_CONSUME_CHECK_CONSUMER) timestamp=6538 ms, used_size=2689024 bytes (6.6%)
(RDMA_READ_CONSUME_CHECK_CONSUMER) timestamp=6538 ms, used_size=2686976 bytes (6.6%)
(RDMA_READ_CONSUME_CHECK_CONSUMER) timestamp=6538 ms, used_size=2684928 bytes (6.6%)
(RDMA_READ_CONSUME_CHECK_CONSUMER) timestamp=6538 ms, used_size=2682880 bytes (6.5%)
(RDMA_READ_CONSUME_CHECK_CONSUMER) timestamp=6538 ms, used_size=2680832 bytes (6.5%)
(RDMA_READ_CONSUME_CHECK_CONSUMER) timestamp=6539 ms, used_size=2678784 bytes (6.5%)
(RDMA_READ_CONSUME_CHECK_CONSUMER) timestamp=6539 ms, used_size=2676736 bytes (6.5%)
(RDMA_READ_CONSUME_CHECK_CONSUMER) timestamp=6539 ms, used_size=2674688 bytes (6.5%)
(RDMA_READ_CONSUME_CHECK_CONSUMER) timestamp=6539 ms, used_size=2672640 bytes (6.5%)
(RDMA_READ_CONSUME_CHECK_CONSUMER) timestamp=6539 ms, used_size=2670592 bytes (6.5%)
(RDMA_READ_CONSUME_CHECK_CONSUMER) timestamp=6539 ms, used_size=2668544 bytes (6.5%)
(RDMA_READ_CONSUME_CHECK_CONSUMER) timestamp=6539 ms, used_size=2666496 bytes (6.5%)
(RDMA_READ_CONSUME_CHECK_CONSUMER) timestamp=6539 ms, used_size=2664448 bytes (6.5%)
(RDMA_READ_CONSUME_CHECK_CONSUMER) timestamp=6539 ms, used_size=2662400 bytes (6.5%)
(RDMA_READ_CONSUME_CHECK_CONSUMER) timestamp=6539 ms, used_size=2660352 bytes (6.5%)
(RDMA_READ_CONSUME_CHECK_CONSUMER) timestamp=6539 ms, used_size=2658304 bytes (6.5%)
(RDMA_READ_CONSUME_CHECK_CONSUMER) timestamp=6539 ms, used_size=2656256 bytes (6.5%)
(RDMA_READ_CONSUME_CHECK_CONSUMER) timestamp=6539 ms, used_size=2654208 bytes (6.5%)
(RDMA_READ_CONSUME_CHECK_CONSUMER) timestamp=6539 ms, used_size=2652160 bytes (6.5%)
(RDMA_READ_CONSUME_CHECK_CONSUMER) timestamp=6539 ms, used_size=2650112 bytes (6.5%)
(RDMA_READ_CONSUME_CHECK_CONSUMER) timestamp=6539 ms, used_size=2648064 bytes (6.5%)
(RDMA_READ_CONSUME_CHECK_CONSUMER) timestamp=6539 ms, used_size=2646016 bytes (6.5%)
(RDMA_READ_CONSUME_CHECK_CONSUMER) timestamp=6539 ms, used_size=2643968 bytes (6.5%)
(RDMA_READ_CONSUME_CHECK_CONSUMER) timestamp=6539 ms, used_size=2641920 bytes (6.5%)
(RDMA_READ_CONSUME_CHECK_CONSUMER) timestamp=6539 ms, used_size=2639872 bytes (6.4%)
(RDMA_READ_CONSUME_CHECK_CONSUMER) timestamp=6539 ms, used_size=2637824 bytes (6.4%)
(RDMA_READ_CONSUME_CHECK_CONSUMER) timestamp=6539 ms, used_size=2635776 bytes (6.4%)
(RDMA_READ_CONSUME_CHECK_CONSUMER) timestamp=6539 ms, used_size=2633728 bytes (6.4%)
(RDMA_READ_CONSUME_CHECK_CONSUMER) timestamp=6539 ms, used_size=2631680 bytes (6.4%)
(RDMA_READ_CONSUME_CHECK_CONSUMER) timestamp=6539 ms, used_size=2629632 bytes (6.4%)
(RDMA_READ_CONSUME_CHECK_CONSUMER) timestamp=6539 ms, used_size=2627584 bytes (6.4%)
(RDMA_READ_CONSUME_CHECK_CONSUMER) timestamp=6539 ms, used_size=2625536 bytes (6.4%)
(RDMA_READ_CONSUME_CHECK_CONSUMER) timestamp=6539 ms, used_size=2623488 bytes (6.4%)
(RDMA_READ_CONSUME_CHECK_CONSUMER) timestamp=6539 ms, used_size=2621440 bytes (6.4%)
(RDMA_READ_CONSUME_CHECK_CONSUMER) timestamp=6539 ms, used_size=2619392 bytes (6.4%)
(RDMA_READ_CONSUME_CHECK_CONSUMER) timestamp=6539 ms, used_size=2617344 bytes (6.4%)
(RDMA_READ_CONSUME_CHECK_CONSUMER) timestamp=6539 ms, used_size=2615296 bytes (6.4%)
(RDMA_READ_CONSUME_CHECK_CONSUMER) timestamp=6539 ms, used_size=2613248 bytes (6.4%)
(RDMA_READ_CONSUME_CHECK_CONSUMER) timestamp=6539 ms, used_size=2611200 bytes (6.4%)
(RDMA_READ_CONSUME_CHECK_CONSUMER) timestamp=6539 ms, used_size=2609152 bytes (6.4%)
(RDMA_READ_CONSUME_CHECK_CONSUMER) timestamp=6539 ms, used_size=2607104 bytes (6.4%)
(RDMA_READ_CONSUME_CHECK_CONSUMER) timestamp=6539 ms, used_size=2605056 bytes (6.4%)
(RDMA_READ_CONSUME_CHECK_CONSUMER) timestamp=6539 ms, used_size=2603008 bytes (6.4%)
(RDMA_READ_CONSUME_CHECK_CONSUMER) timestamp=6539 ms, used_size=2600960 bytes (6.3%)
(RDMA_READ_CONSUME_CHECK_CONSUMER) timestamp=6539 ms, used_size=2598912 bytes (6.3%)
(RDMA_READ_CONSUME_CHECK_CONSUMER) timestamp=6539 ms, used_size=2596864 bytes (6.3%)
(RDMA_READ_CONSUME_CHECK_CONSUMER) timestamp=6539 ms, used_size=2594816 bytes (6.3%)
(RDMA_READ_CONSUME_CHECK_CONSUMER) timestamp=6539 ms, used_size=2592768 bytes (6.3%)
(RDMA_READ_CONSUME_CHECK_CONSUMER) timestamp=6539 ms, used_size=2590720 bytes (6.3%)
(RDMA_READ_CONSUME_CHECK_CONSUMER) timestamp=6539 ms, used_size=2588672 bytes (6.3%)
(RDMA_READ_CONSUME_CHECK_CONSUMER) timestamp=6539 ms, used_size=2586624 bytes (6.3%)
(RDMA_READ_CONSUME_CHECK_CONSUMER) timestamp=6539 ms, used_size=2584576 bytes (6.3%)
(RDMA_READ_CONSUME_CHECK_CONSUMER) timestamp=6539 ms, used_size=2582528 bytes (6.3%)
(RDMA_READ_CONSUME_CHECK_CONSUMER) timestamp=6539 ms, used_size=2580480 bytes (6.3%)
(RDMA_READ_CONSUME_CHECK_CONSUMER) timestamp=6539 ms, used_size=2578432 bytes (6.3%)
(RDMA_READ_CONSUME_CHECK_CONSUMER) timestamp=6539 ms, used_size=2576384 bytes (6.3%)
(RDMA_READ_CONSUME_CHECK_CONSUMER) timestamp=6539 ms, used_size=2574336 bytes (6.3%)
(RDMA_READ_CONSUME_CHECK_CONSUMER) timestamp=6539 ms, used_size=2572288 bytes (6.3%)
(RDMA_READ_CONSUME_CHECK_CONSUMER) timestamp=6539 ms, used_size=2570240 bytes (6.3%)
(RDMA_READ_CONSUME_CHECK_CONSUMER) timestamp=6539 ms, used_size=2568192 bytes (6.3%)
(RDMA_READ_CONSUME_CHECK_CONSUMER) timestamp=6539 ms, used_size=2566144 bytes (6.3%)
(RDMA_READ_CONSUME_CHECK_CONSUMER) timestamp=6539 ms, used_size=2564096 bytes (6.3%)
(RDMA_READ_CONSUME_CHECK_CONSUMER) timestamp=6539 ms, used_size=2562048 bytes (6.3%)
(RDMA_READ_CONSUME_CHECK_CONSUMER) timestamp=6539 ms, used_size=2560000 bytes (6.2%)
(RDMA_READ_CONSUME_CHECK_CONSUMER) timestamp=6539 ms, used_size=2557952 bytes (6.2%)
(RDMA_READ_CONSUME_CHECK_CONSUMER) timestamp=6539 ms, used_size=2555904 bytes (6.2%)
(RDMA_READ_CONSUME_CHECK_CONSUMER) timestamp=6539 ms, used_size=2553856 bytes (6.2%)
(RDMA_READ_CONSUME_CHECK_CONSUMER) timestamp=6539 ms, used_size=2551808 bytes (6.2%)
(RDMA_READ_CONSUME_CHECK_CONSUMER) timestamp=6539 ms, used_size=2549760 bytes (6.2%)
(RDMA_READ_CONSUME_CHECK_CONSUMER) timestamp=6539 ms, used_size=2547712 bytes (6.2%)
(RDMA_READ_CONSUME_CHECK_CONSUMER) timestamp=6539 ms, used_size=2545664 bytes (6.2%)
(RDMA_READ_CONSUME_CHECK_CONSUMER) timestamp=6539 ms, used_size=2543616 bytes (6.2%)
(RDMA_READ_CONSUME_CHECK_CONSUMER) timestamp=6539 ms, used_size=2541568 bytes (6.2%)
(RDMA_READ_CONSUME_CHECK_CONSUMER) timestamp=6539 ms, used_size=2539520 bytes (6.2%)
(RDMA_READ_CONSUME_CHECK_CONSUMER) timestamp=6539 ms, used_size=2537472 bytes (6.2%)
(RDMA_READ_CONSUME_CHECK_CONSUMER) timestamp=6539 ms, used_size=2535424 bytes (6.2%)
(RDMA_READ_CONSUME_CHECK_CONSUMER) timestamp=6539 ms, used_size=2533376 bytes (6.2%)
(RDMA_READ_CONSUME_CHECK_CONSUMER) timestamp=6539 ms, used_size=2531328 bytes (6.2%)
(RDMA_READ_CONSUME_CHECK_CONSUMER) timestamp=6539 ms, used_size=2529280 bytes (6.2%)
(RDMA_READ_CONSUME_CHECK_CONSUMER) timestamp=6539 ms, used_size=2527232 bytes (6.2%)
(RDMA_READ_CONSUME_CHECK_CONSUMER) timestamp=6539 ms, used_size=2525184 bytes (6.2%)
(RDMA_READ_CONSUME_CHECK_CONSUMER) timestamp=6539 ms, used_size=2523136 bytes (6.2%)
(RDMA_READ_CONSUME_CHECK_CONSUMER) timestamp=6539 ms, used_size=2521088 bytes (6.2%)
(RDMA_READ_CONSUME_CHECK_CONSUMER) timestamp=6539 ms, used_size=2519040 bytes (6.2%)
(RDMA_READ_CONSUME_CHECK_CONSUMER) timestamp=6539 ms, used_size=2516992 bytes (6.1%)
(RDMA_READ_CONSUME_CHECK_CONSUMER) timestamp=6539 ms, used_size=2514944 bytes (6.1%)
(RDMA_READ_CONSUME_CHECK_CONSUMER) timestamp=6539 ms, used_size=2512896 bytes (6.1%)
(RDMA_READ_CONSUME_CHECK_CONSUMER) timestamp=6539 ms, used_size=2510848 bytes (6.1%)
(RDMA_READ_CONSUME_CHECK_CONSUMER) timestamp=6539 ms, used_size=2508800 bytes (6.1%)
(RDMA_READ_CONSUME_CHECK_CONSUMER) timestamp=6539 ms, used_size=2506752 bytes (6.1%)
(RDMA_READ_CONSUME_CHECK_CONSUMER) timestamp=6539 ms, used_size=2504704 bytes (6.1%)
(RDMA_READ_CONSUME_CHECK_CONSUMER) timestamp=6539 ms, used_size=2502656 bytes (6.1%)
(RDMA_READ_CONSUME_CHECK_CONSUMER) timestamp=6539 ms, used_size=2500608 bytes (6.1%)
(RDMA_READ_CONSUME_CHECK_CONSUMER) timestamp=6539 ms, used_size=2498560 bytes (6.1%)
(RDMA_READ_CONSUME_CHECK_CONSUMER) timestamp=6539 ms, used_size=2496512 bytes (6.1%)
(RDMA_READ_CONSUME_CHECK_CONSUMER) timestamp=6539 ms, used_size=2494464 bytes (6.1%)
(RDMA_READ_CONSUME_CHECK_CONSUMER) timestamp=6539 ms, used_size=2492416 bytes (6.1%)
(RDMA_READ_CONSUME_CHECK_CONSUMER) timestamp=6539 ms, used_size=2490368 bytes (6.1%)
(RDMA_READ_CONSUME_CHECK_CONSUMER) timestamp=6539 ms, used_size=2488320 bytes (6.1%)
(RDMA_READ_CONSUME_CHECK_CONSUMER) timestamp=6539 ms, used_size=2486272 bytes (6.1%)
(RDMA_READ_CONSUME_CHECK_CONSUMER) timestamp=6539 ms, used_size=2484224 bytes (6.1%)
(RDMA_READ_CONSUME_CHECK_CONSUMER) timestamp=6539 ms, used_size=2482176 bytes (6.1%)
(RDMA_READ_CONSUME_CHECK_CONSUMER) timestamp=6539 ms, used_size=2480128 bytes (6.1%)
(RDMA_READ_CONSUME_CHECK_CONSUMER) timestamp=6539 ms, used_size=2478080 bytes (6.0%)
(RDMA_READ_CONSUME_CHECK_CONSUMER) timestamp=6539 ms, used_size=2476032 bytes (6.0%)
(RDMA_READ_CONSUME_CHECK_CONSUMER) timestamp=6539 ms, used_size=2473984 bytes (6.0%)
(RDMA_READ_CONSUME_CHECK_CONSUMER) timestamp=6539 ms, used_size=2471936 bytes (6.0%)
(RDMA_READ_CONSUME_CHECK_CONSUMER) timestamp=6539 ms, used_size=2469888 bytes (6.0%)
(RDMA_READ_CONSUME_CHECK_CONSUMER) timestamp=6539 ms, used_size=2467840 bytes (6.0%)
(RDMA_READ_CONSUME_CHECK_CONSUMER) timestamp=6539 ms, used_size=2465792 bytes (6.0%)
(RDMA_READ_CONSUME_CHECK_CONSUMER) timestamp=6539 ms, used_size=2463744 bytes (6.0%)
(RDMA_READ_CONSUME_CHECK_CONSUMER) timestamp=6539 ms, used_size=2461696 bytes (6.0%)
(RDMA_READ_CONSUME_CHECK_CONSUMER) timestamp=6539 ms, used_size=2459648 bytes (6.0%)
(RDMA_READ_CONSUME_CHECK_CONSUMER) timestamp=6539 ms, used_size=2457600 bytes (6.0%)
(RDMA_READ_CONSUME_CHECK_CONSUMER) timestamp=6539 ms, used_size=2455552 bytes (6.0%)
(RDMA_READ_CONSUME_CHECK_CONSUMER) timestamp=6539 ms, used_size=2453504 bytes (6.0%)
(RDMA_READ_CONSUME_CHECK_CONSUMER) timestamp=6539 ms, used_size=2451456 bytes (6.0%)
(RDMA_READ_CONSUME_CHECK_CONSUMER) timestamp=6539 ms, used_size=2449408 bytes (6.0%)
(RDMA_READ_CONSUME_CHECK_CONSUMER) timestamp=6539 ms, used_size=2447360 bytes (6.0%)
(RDMA_READ_CONSUME_CHECK_CONSUMER) timestamp=6539 ms, used_size=2445312 bytes (6.0%)
(RDMA_READ_CONSUME_CHECK_CONSUMER) timestamp=6539 ms, used_size=2443264 bytes (6.0%)
(RDMA_READ_CONSUME_CHECK_CONSUMER) timestamp=6539 ms, used_size=2441216 bytes (6.0%)
(RDMA_READ_CONSUME_CHECK_CONSUMER) timestamp=6539 ms, used_size=2439168 bytes (6.0%)
(RDMA_READ_CONSUME_CHECK_CONSUMER) timestamp=6539 ms, used_size=2437120 bytes (6.0%)
(RDMA_READ_CONSUME_CHECK_CONSUMER) timestamp=6539 ms, used_size=2435072 bytes (5.9%)
(RDMA_READ_CONSUME_CHECK_CONSUMER) timestamp=6539 ms, used_size=2433024 bytes (5.9%)
(RDMA_READ_CONSUME_CHECK_CONSUMER) timestamp=6539 ms, used_size=2430976 bytes (5.9%)
(RDMA_READ_CONSUME_CHECK_CONSUMER) timestamp=6539 ms, used_size=2428928 bytes (5.9%)
(RDMA_READ_CONSUME_CHECK_CONSUMER) timestamp=6539 ms, used_size=2426880 bytes (5.9%)
(RDMA_READ_CONSUME_CHECK_CONSUMER) timestamp=6539 ms, used_size=2424832 bytes (5.9%)
(RDMA_READ_CONSUME_CHECK_CONSUMER) timestamp=6539 ms, used_size=2422784 bytes (5.9%)
(RDMA_READ_CONSUME_CHECK_CONSUMER) timestamp=6539 ms, used_size=2420736 bytes (5.9%)
(RDMA_READ_CONSUME_CHECK_CONSUMER) timestamp=6539 ms, used_size=2418688 bytes (5.9%)
(RDMA_READ_CONSUME_CHECK_CONSUMER) timestamp=6539 ms, used_size=2416640 bytes (5.9%)
(RDMA_READ_CONSUME_CHECK_CONSUMER) timestamp=6539 ms, used_size=2414592 bytes (5.9%)
(RDMA_READ_CONSUME_CHECK_CONSUMER) timestamp=6539 ms, used_size=2412544 bytes (5.9%)
(RDMA_READ_CONSUME_CHECK_CONSUMER) timestamp=6539 ms, used_size=2410496 bytes (5.9%)
(RDMA_READ_CONSUME_CHECK_CONSUMER) timestamp=6539 ms, used_size=2408448 bytes (5.9%)
(RDMA_READ_CONSUME_CHECK_CONSUMER) timestamp=6539 ms, used_size=2406400 bytes (5.9%)
(RDMA_READ_CONSUME_CHECK_CONSUMER) timestamp=6539 ms, used_size=2404352 bytes (5.9%)
(RDMA_READ_CONSUME_CHECK_CONSUMER) timestamp=6539 ms, used_size=2402304 bytes (5.9%)
(RDMA_READ_CONSUME_CHECK_CONSUMER) timestamp=6539 ms, used_size=2400256 bytes (5.9%)
(RDMA_READ_CONSUME_CHECK_CONSUMER) timestamp=6539 ms, used_size=2398208 bytes (5.9%)
(RDMA_READ_CONSUME_CHECK_CONSUMER) timestamp=6539 ms, used_size=2396160 bytes (5.8%)
(RDMA_READ_CONSUME_CHECK_CONSUMER) timestamp=6539 ms, used_size=2394112 bytes (5.8%)
(RDMA_READ_CONSUME_CHECK_CONSUMER) timestamp=6539 ms, used_size=2392064 bytes (5.8%)
(RDMA_READ_CONSUME_CHECK_CONSUMER) timestamp=6539 ms, used_size=2390016 bytes (5.8%)
(RDMA_READ_CONSUME_CHECK_CONSUMER) timestamp=6539 ms, used_size=2387968 bytes (5.8%)
(RDMA_READ_CONSUME_CHECK_CONSUMER) timestamp=6539 ms, used_size=2385920 bytes (5.8%)
(RDMA_READ_CONSUME_CHECK_CONSUMER) timestamp=6539 ms, used_size=2383872 bytes (5.8%)
(RDMA_READ_CONSUME_CHECK_CONSUMER) timestamp=6539 ms, used_size=2381824 bytes (5.8%)
(RDMA_READ_CONSUME_CHECK_CONSUMER) timestamp=6539 ms, used_size=2379776 bytes (5.8%)
(RDMA_READ_CONSUME_CHECK_CONSUMER) timestamp=6539 ms, used_size=2377728 bytes (5.8%)
(RDMA_READ_CONSUME_CHECK_CONSUMER) timestamp=6539 ms, used_size=2375680 bytes (5.8%)
(RDMA_READ_CONSUME_CHECK_CONSUMER) timestamp=6539 ms, used_size=2373632 bytes (5.8%)
(RDMA_READ_CONSUME_CHECK_CONSUMER) timestamp=6539 ms, used_size=2371584 bytes (5.8%)
(RDMA_READ_CONSUME_CHECK_CONSUMER) timestamp=6539 ms, used_size=2369536 bytes (5.8%)
(RDMA_READ_CONSUME_CHECK_CONSUMER) timestamp=6539 ms, used_size=2367488 bytes (5.8%)
(RDMA_READ_CONSUME_CHECK_CONSUMER) timestamp=6539 ms, used_size=2365440 bytes (5.8%)
(RDMA_READ_CONSUME_CHECK_CONSUMER) timestamp=6539 ms, used_size=2363392 bytes (5.8%)
(RDMA_READ_CONSUME_CHECK_CONSUMER) timestamp=6539 ms, used_size=2361344 bytes (5.8%)
(RDMA_READ_CONSUME_CHECK_CONSUMER) timestamp=6539 ms, used_size=2359296 bytes (5.8%)
(RDMA_READ_CONSUME_CHECK_CONSUMER) timestamp=6539 ms, used_size=2357248 bytes (5.8%)
(RDMA_READ_CONSUME_CHECK_CONSUMER) timestamp=6539 ms, used_size=2355200 bytes (5.8%)
(RDMA_READ_CONSUME_CHECK_CONSUMER) timestamp=6539 ms, used_size=2353152 bytes (5.7%)
(RDMA_READ_CONSUME_CHECK_CONSUMER) timestamp=6539 ms, used_size=2351104 bytes (5.7%)
(RDMA_READ_CONSUME_CHECK_CONSUMER) timestamp=6539 ms, used_size=2349056 bytes (5.7%)
(RDMA_READ_CONSUME_CHECK_CONSUMER) timestamp=6539 ms, used_size=2347008 bytes (5.7%)
(RDMA_READ_CONSUME_CHECK_CONSUMER) timestamp=6539 ms, used_size=2344960 bytes (5.7%)
(RDMA_READ_CONSUME_CHECK_CONSUMER) timestamp=6539 ms, used_size=2342912 bytes (5.7%)
(RDMA_READ_CONSUME_CHECK_CONSUMER) timestamp=6539 ms, used_size=2340864 bytes (5.7%)
(RDMA_READ_CONSUME_CHECK_CONSUMER) timestamp=6539 ms, used_size=2338816 bytes (5.7%)
(RDMA_READ_CONSUME_CHECK_CONSUMER) timestamp=6539 ms, used_size=2336768 bytes (5.7%)
(RDMA_READ_CONSUME_CHECK_CONSUMER) timestamp=6539 ms, used_size=2334720 bytes (5.7%)
(RDMA_READ_CONSUME_CHECK_CONSUMER) timestamp=6539 ms, used_size=2332672 bytes (5.7%)
(RDMA_READ_CONSUME_CHECK_CONSUMER) timestamp=6539 ms, used_size=2330624 bytes (5.7%)
(RDMA_READ_CONSUME_CHECK_CONSUMER) timestamp=6539 ms, used_size=2328576 bytes (5.7%)
(RDMA_READ_CONSUME_CHECK_CONSUMER) timestamp=6539 ms, used_size=2326528 bytes (5.7%)
(RDMA_READ_CONSUME_CHECK_CONSUMER) timestamp=6539 ms, used_size=2324480 bytes (5.7%)
(RDMA_READ_CONSUME_CHECK_CONSUMER) timestamp=6539 ms, used_size=2322432 bytes (5.7%)
(RDMA_READ_CONSUME_CHECK_CONSUMER) timestamp=6539 ms, used_size=2320384 bytes (5.7%)
(RDMA_READ_CONSUME_CHECK_CONSUMER) timestamp=6539 ms, used_size=2318336 bytes (5.7%)
(RDMA_READ_CONSUME_CHECK_CONSUMER) timestamp=6539 ms, used_size=2316288 bytes (5.7%)
(RDMA_READ_CONSUME_CHECK_CONSUMER) timestamp=6539 ms, used_size=2314240 bytes (5.7%)
(RDMA_READ_CONSUME_CHECK_CONSUMER) timestamp=6539 ms, used_size=2312192 bytes (5.6%)
(RDMA_READ_CONSUME_CHECK_CONSUMER) timestamp=6539 ms, used_size=2310144 bytes (5.6%)
(RDMA_READ_CONSUME_CHECK_CONSUMER) timestamp=6540 ms, used_size=2308096 bytes (5.6%)
(RDMA_READ_CONSUME_CHECK_CONSUMER) timestamp=6540 ms, used_size=2306048 bytes (5.6%)
(RDMA_READ_CONSUME_CHECK_CONSUMER) timestamp=6540 ms, used_size=2304000 bytes (5.6%)
(RDMA_READ_CONSUME_CHECK_CONSUMER) timestamp=6540 ms, used_size=2301952 bytes (5.6%)
(RDMA_READ_CONSUME_CHECK_CONSUMER) timestamp=6540 ms, used_size=2299904 bytes (5.6%)
(RDMA_READ_CONSUME_CHECK_CONSUMER) timestamp=6540 ms, used_size=2297856 bytes (5.6%)
(RDMA_READ_CONSUME_CHECK_CONSUMER) timestamp=6540 ms, used_size=2295808 bytes (5.6%)
(RDMA_READ_CONSUME_CHECK_CONSUMER) timestamp=6540 ms, used_size=2293760 bytes (5.6%)
(RDMA_READ_CONSUME_CHECK_CONSUMER) timestamp=6540 ms, used_size=2291712 bytes (5.6%)
(RDMA_READ_CONSUME_CHECK_CONSUMER) timestamp=6540 ms, used_size=2289664 bytes (5.6%)
(RDMA_READ_CONSUME_CHECK_CONSUMER) timestamp=6540 ms, used_size=2287616 bytes (5.6%)
(RDMA_READ_CONSUME_CHECK_CONSUMER) timestamp=6540 ms, used_size=2285568 bytes (5.6%)
(RDMA_READ_CONSUME_CHECK_CONSUMER) timestamp=6540 ms, used_size=2283520 bytes (5.6%)
(RDMA_READ_CONSUME_CHECK_CONSUMER) timestamp=6540 ms, used_size=2281472 bytes (5.6%)
(RDMA_READ_CONSUME_CHECK_CONSUMER) timestamp=6540 ms, used_size=2279424 bytes (5.6%)
(RDMA_READ_CONSUME_CHECK_CONSUMER) timestamp=6540 ms, used_size=2277376 bytes (5.6%)
(RDMA_READ_CONSUME_CHECK_CONSUMER) timestamp=6540 ms, used_size=2275328 bytes (5.6%)
(RDMA_READ_CONSUME_CHECK_CONSUMER) timestamp=6540 ms, used_size=2273280 bytes (5.5%)
(RDMA_READ_CONSUME_CHECK_CONSUMER) timestamp=6540 ms, used_size=2271232 bytes (5.5%)
(RDMA_READ_CONSUME_CHECK_CONSUMER) timestamp=6540 ms, used_size=2269184 bytes (5.5%)
(RDMA_READ_CONSUME_CHECK_CONSUMER) timestamp=6540 ms, used_size=2267136 bytes (5.5%)
(RDMA_READ_CONSUME_CHECK_CONSUMER) timestamp=6540 ms, used_size=2265088 bytes (5.5%)
(RDMA_READ_CONSUME_CHECK_CONSUMER) timestamp=6540 ms, used_size=2263040 bytes (5.5%)
(RDMA_READ_CONSUME_CHECK_CONSUMER) timestamp=6540 ms, used_size=2260992 bytes (5.5%)
(RDMA_READ_CONSUME_CHECK_CONSUMER) timestamp=6540 ms, used_size=2258944 bytes (5.5%)
(RDMA_READ_CONSUME_CHECK_CONSUMER) timestamp=6540 ms, used_size=2256896 bytes (5.5%)
(RDMA_READ_CONSUME_CHECK_CONSUMER) timestamp=6540 ms, used_size=2254848 bytes (5.5%)
(RDMA_READ_CONSUME_CHECK_CONSUMER) timestamp=6540 ms, used_size=2252800 bytes (5.5%)
(RDMA_READ_CONSUME_CHECK_CONSUMER) timestamp=6540 ms, used_size=2250752 bytes (5.5%)
(RDMA_READ_CONSUME_CHECK_CONSUMER) timestamp=6540 ms, used_size=2248704 bytes (5.5%)
(RDMA_READ_CONSUME_CHECK_CONSUMER) timestamp=6540 ms, used_size=2246656 bytes (5.5%)
(RDMA_READ_CONSUME_CHECK_CONSUMER) timestamp=6540 ms, used_size=2244608 bytes (5.5%)
(RDMA_READ_CONSUME_CHECK_CONSUMER) timestamp=6540 ms, used_size=2242560 bytes (5.5%)
(RDMA_READ_CONSUME_CHECK_CONSUMER) timestamp=6540 ms, used_size=2240512 bytes (5.5%)
(RDMA_READ_CONSUME_CHECK_CONSUMER) timestamp=6540 ms, used_size=2238464 bytes (5.5%)
(RDMA_READ_CONSUME_CHECK_CONSUMER) timestamp=6540 ms, used_size=2236416 bytes (5.5%)
(RDMA_READ_CONSUME_CHECK_CONSUMER) timestamp=6540 ms, used_size=2234368 bytes (5.5%)
(RDMA_READ_CONSUME_CHECK_CONSUMER) timestamp=6540 ms, used_size=2232320 bytes (5.5%)
(RDMA_READ_CONSUME_CHECK_CONSUMER) timestamp=6540 ms, used_size=2230272 bytes (5.4%)
(RDMA_READ_CONSUME_CHECK_CONSUMER) timestamp=6540 ms, used_size=2228224 bytes (5.4%)
(RDMA_READ_CONSUME_CHECK_CONSUMER) timestamp=6540 ms, used_size=2226176 bytes (5.4%)
(RDMA_READ_CONSUME_CHECK_CONSUMER) timestamp=6540 ms, used_size=2224128 bytes (5.4%)
(RDMA_READ_CONSUME_CHECK_CONSUMER) timestamp=6540 ms, used_size=2222080 bytes (5.4%)
(RDMA_READ_CONSUME_CHECK_CONSUMER) timestamp=6540 ms, used_size=2220032 bytes (5.4%)
(RDMA_READ_CONSUME_CHECK_CONSUMER) timestamp=6540 ms, used_size=2217984 bytes (5.4%)
(RDMA_READ_CONSUME_CHECK_CONSUMER) timestamp=6540 ms, used_size=2215936 bytes (5.4%)
(RDMA_READ_CONSUME_CHECK_CONSUMER) timestamp=6540 ms, used_size=2213888 bytes (5.4%)
(RDMA_READ_CONSUME_CHECK_CONSUMER) timestamp=6540 ms, used_size=2211840 bytes (5.4%)
(RDMA_READ_CONSUME_CHECK_CONSUMER) timestamp=6540 ms, used_size=2209792 bytes (5.4%)
(RDMA_READ_CONSUME_CHECK_CONSUMER) timestamp=6540 ms, used_size=2207744 bytes (5.4%)
(RDMA_READ_CONSUME_CHECK_CONSUMER) timestamp=6540 ms, used_size=2205696 bytes (5.4%)
(RDMA_READ_CONSUME_CHECK_CONSUMER) timestamp=6540 ms, used_size=2203648 bytes (5.4%)
(RDMA_READ_CONSUME_CHECK_CONSUMER) timestamp=6540 ms, used_size=2201600 bytes (5.4%)
(RDMA_READ_CONSUME_CHECK_CONSUMER) timestamp=6540 ms, used_size=2199552 bytes (5.4%)
(RDMA_READ_CONSUME_CHECK_CONSUMER) timestamp=6540 ms, used_size=2197504 bytes (5.4%)
(RDMA_READ_CONSUME_CHECK_CONSUMER) timestamp=6540 ms, used_size=2195456 bytes (5.4%)
(RDMA_READ_CONSUME_CHECK_CONSUMER) timestamp=6540 ms, used_size=2193408 bytes (5.4%)
(RDMA_READ_CONSUME_CHECK_CONSUMER) timestamp=6540 ms, used_size=2191360 bytes (5.3%)
(RDMA_READ_CONSUME_CHECK_CONSUMER) timestamp=6540 ms, used_size=2189312 bytes (5.3%)
(RDMA_READ_CONSUME_CHECK_CONSUMER) timestamp=6540 ms, used_size=2187264 bytes (5.3%)
(RDMA_READ_CONSUME_CHECK_CONSUMER) timestamp=6540 ms, used_size=2185216 bytes (5.3%)
(RDMA_READ_CONSUME_CHECK_CONSUMER) timestamp=6540 ms, used_size=2183168 bytes (5.3%)
(RDMA_READ_CONSUME_CHECK_CONSUMER) timestamp=6540 ms, used_size=2181120 bytes (5.3%)
(RDMA_READ_CONSUME_CHECK_CONSUMER) timestamp=6540 ms, used_size=2179072 bytes (5.3%)
(RDMA_READ_CONSUME_CHECK_CONSUMER) timestamp=6540 ms, used_size=2177024 bytes (5.3%)
(RDMA_READ_CONSUME_CHECK_CONSUMER) timestamp=6540 ms, used_size=2174976 bytes (5.3%)
(RDMA_READ_CONSUME_CHECK_CONSUMER) timestamp=6540 ms, used_size=2172928 bytes (5.3%)
(RDMA_READ_CONSUME_CHECK_CONSUMER) timestamp=6540 ms, used_size=2170880 bytes (5.3%)
(RDMA_READ_CONSUME_CHECK_CONSUMER) timestamp=6540 ms, used_size=2168832 bytes (5.3%)
(RDMA_READ_CONSUME_CHECK_CONSUMER) timestamp=6540 ms, used_size=2166784 bytes (5.3%)
(RDMA_READ_CONSUME_CHECK_CONSUMER) timestamp=6540 ms, used_size=2164736 bytes (5.3%)
(RDMA_READ_CONSUME_CHECK_CONSUMER) timestamp=6540 ms, used_size=2162688 bytes (5.3%)
(RDMA_READ_CONSUME_CHECK_CONSUMER) timestamp=6540 ms, used_size=2160640 bytes (5.3%)
(RDMA_READ_CONSUME_CHECK_CONSUMER) timestamp=6540 ms, used_size=2158592 bytes (5.3%)
(RDMA_READ_CONSUME_CHECK_CONSUMER) timestamp=6540 ms, used_size=2156544 bytes (5.3%)
(RDMA_READ_CONSUME_CHECK_CONSUMER) timestamp=6540 ms, used_size=2154496 bytes (5.3%)
(RDMA_READ_CONSUME_CHECK_CONSUMER) timestamp=6540 ms, used_size=2152448 bytes (5.3%)
(RDMA_READ_CONSUME_CHECK_CONSUMER) timestamp=6540 ms, used_size=2150400 bytes (5.2%)
(RDMA_READ_CONSUME_CHECK_CONSUMER) timestamp=6540 ms, used_size=2148352 bytes (5.2%)
(RDMA_READ_CONSUME_CHECK_CONSUMER) timestamp=6540 ms, used_size=2146304 bytes (5.2%)
(RDMA_READ_CONSUME_CHECK_CONSUMER) timestamp=6540 ms, used_size=2144256 bytes (5.2%)
(RDMA_READ_CONSUME_CHECK_CONSUMER) timestamp=6540 ms, used_size=2142208 bytes (5.2%)
(RDMA_READ_CONSUME_CHECK_CONSUMER) timestamp=6540 ms, used_size=2140160 bytes (5.2%)
(RDMA_READ_CONSUME_CHECK_CONSUMER) timestamp=6540 ms, used_size=2138112 bytes (5.2%)
(RDMA_READ_CONSUME_CHECK_CONSUMER) timestamp=6540 ms, used_size=2136064 bytes (5.2%)
(RDMA_READ_CONSUME_CHECK_CONSUMER) timestamp=6540 ms, used_size=2134016 bytes (5.2%)
(RDMA_READ_CONSUME_CHECK_CONSUMER) timestamp=6540 ms, used_size=2131968 bytes (5.2%)
(RDMA_READ_CONSUME_CHECK_CONSUMER) timestamp=6540 ms, used_size=2129920 bytes (5.2%)
(RDMA_READ_CONSUME_CHECK_CONSUMER) timestamp=6540 ms, used_size=2127872 bytes (5.2%)
(RDMA_READ_CONSUME_CHECK_CONSUMER) timestamp=6540 ms, used_size=2125824 bytes (5.2%)
(RDMA_READ_CONSUME_CHECK_CONSUMER) timestamp=6540 ms, used_size=2123776 bytes (5.2%)
(RDMA_READ_CONSUME_CHECK_CONSUMER) timestamp=6540 ms, used_size=2121728 bytes (5.2%)
(RDMA_READ_CONSUME_CHECK_CONSUMER) timestamp=6540 ms, used_size=2119680 bytes (5.2%)
(RDMA_READ_CONSUME_CHECK_CONSUMER) timestamp=6540 ms, used_size=2117632 bytes (5.2%)
(RDMA_READ_CONSUME_CHECK_CONSUMER) timestamp=6540 ms, used_size=2115584 bytes (5.2%)
(RDMA_READ_CONSUME_CHECK_CONSUMER) timestamp=6540 ms, used_size=2113536 bytes (5.2%)
(RDMA_READ_CONSUME_CHECK_CONSUMER) timestamp=6540 ms, used_size=2111488 bytes (5.2%)
(RDMA_READ_CONSUME_CHECK_CONSUMER) timestamp=6540 ms, used_size=2109440 bytes (5.2%)
(RDMA_READ_CONSUME_CHECK_CONSUMER) timestamp=6540 ms, used_size=2107392 bytes (5.1%)
(RDMA_READ_CONSUME_CHECK_CONSUMER) timestamp=6540 ms, used_size=2105344 bytes (5.1%)
(RDMA_READ_CONSUME_CHECK_CONSUMER) timestamp=6540 ms, used_size=2103296 bytes (5.1%)
(RDMA_READ_CONSUME_CHECK_CONSUMER) timestamp=6540 ms, used_size=2101248 bytes (5.1%)
(RDMA_READ_CONSUME_CHECK_CONSUMER) timestamp=6540 ms, used_size=2099200 bytes (5.1%)
(RDMA_READ_CONSUME_CHECK_CONSUMER) timestamp=6540 ms, used_size=2097152 bytes (5.1%)
(RDMA_READ_CONSUME_CHECK_CONSUMER) timestamp=6540 ms, used_size=2095104 bytes (5.1%)
(RDMA_READ_CONSUME_CHECK_CONSUMER) timestamp=6540 ms, used_size=2093056 bytes (5.1%)
(RDMA_READ_CONSUME_CHECK_CONSUMER) timestamp=6540 ms, used_size=2091008 bytes (5.1%)
(RDMA_READ_CONSUME_CHECK_CONSUMER) timestamp=6540 ms, used_size=2088960 bytes (5.1%)
(RDMA_READ_CONSUME_CHECK_CONSUMER) timestamp=6540 ms, used_size=2086912 bytes (5.1%)
(RDMA_READ_CONSUME_CHECK_CONSUMER) timestamp=6540 ms, used_size=2084864 bytes (5.1%)
(RDMA_READ_CONSUME_CHECK_CONSUMER) timestamp=6540 ms, used_size=2082816 bytes (5.1%)
(RDMA_READ_CONSUME_CHECK_CONSUMER) timestamp=6540 ms, used_size=2080768 bytes (5.1%)
(RDMA_READ_CONSUME_CHECK_CONSUMER) timestamp=6540 ms, used_size=2078720 bytes (5.1%)
(RDMA_READ_CONSUME_CHECK_CONSUMER) timestamp=6540 ms, used_size=2076672 bytes (5.1%)
(RDMA_READ_CONSUME_CHECK_CONSUMER) timestamp=6540 ms, used_size=2074624 bytes (5.1%)
(RDMA_READ_CONSUME_CHECK_CONSUMER) timestamp=6540 ms, used_size=2072576 bytes (5.1%)
(RDMA_READ_CONSUME_CHECK_CONSUMER) timestamp=6540 ms, used_size=2070528 bytes (5.1%)
(RDMA_READ_CONSUME_CHECK_CONSUMER) timestamp=6540 ms, used_size=2068480 bytes (5.0%)
(RDMA_READ_CONSUME_CHECK_CONSUMER) timestamp=6540 ms, used_size=2066432 bytes (5.0%)
(RDMA_READ_CONSUME_CHECK_CONSUMER) timestamp=6540 ms, used_size=2064384 bytes (5.0%)
(RDMA_READ_CONSUME_CHECK_CONSUMER) timestamp=6540 ms, used_size=2062336 bytes (5.0%)
(RDMA_READ_CONSUME_CHECK_CONSUMER) timestamp=6540 ms, used_size=2060288 bytes (5.0%)
(RDMA_READ_CONSUME_CHECK_CONSUMER) timestamp=6540 ms, used_size=2058240 bytes (5.0%)
(RDMA_READ_CONSUME_CHECK_CONSUMER) timestamp=6540 ms, used_size=2056192 bytes (5.0%)
(RDMA_READ_CONSUME_CHECK_CONSUMER) timestamp=6540 ms, used_size=2054144 bytes (5.0%)
(RDMA_READ_CONSUME_CHECK_CONSUMER) timestamp=6540 ms, used_size=2052096 bytes (5.0%)
(RDMA_READ_CONSUME_CHECK_CONSUMER) timestamp=6540 ms, used_size=2050048 bytes (5.0%)
(RDMA_READ_CONSUME_CHECK_CONSUMER) timestamp=6540 ms, used_size=2048000 bytes (5.0%)
(RDMA_READ_CONSUME_CHECK_CONSUMER) timestamp=6540 ms, used_size=2045952 bytes (5.0%)
(RDMA_READ_CONSUME_CHECK_CONSUMER) timestamp=6540 ms, used_size=2043904 bytes (5.0%)
(RDMA_READ_CONSUME_CHECK_CONSUMER) timestamp=6540 ms, used_size=2041856 bytes (5.0%)
(RDMA_READ_CONSUME_CHECK_CONSUMER) timestamp=6540 ms, used_size=2039808 bytes (5.0%)
(RDMA_READ_CONSUME_CHECK_CONSUMER) timestamp=6540 ms, used_size=2037760 bytes (5.0%)
(RDMA_READ_CONSUME_CHECK_CONSUMER) timestamp=6540 ms, used_size=2035712 bytes (5.0%)
(RDMA_READ_CONSUME_CHECK_CONSUMER) timestamp=6540 ms, used_size=2033664 bytes (5.0%)
(RDMA_READ_CONSUME_CHECK_CONSUMER) timestamp=6540 ms, used_size=2031616 bytes (5.0%)
(RDMA_READ_CONSUME_CHECK_CONSUMER) timestamp=6540 ms, used_size=2029568 bytes (5.0%)
(RDMA_READ_CONSUME_CHECK_CONSUMER) timestamp=6540 ms, used_size=2027520 bytes (5.0%)
(RDMA_READ_CONSUME_CHECK_CONSUMER) timestamp=6540 ms, used_size=2025472 bytes (4.9%)
(RDMA_READ_CONSUME_CHECK_CONSUMER) timestamp=6540 ms, used_size=2023424 bytes (4.9%)
(RDMA_READ_CONSUME_CHECK_CONSUMER) timestamp=6540 ms, used_size=2021376 bytes (4.9%)
(RDMA_READ_CONSUME_CHECK_CONSUMER) timestamp=6540 ms, used_size=2019328 bytes (4.9%)
(RDMA_READ_CONSUME_CHECK_CONSUMER) timestamp=6540 ms, used_size=2017280 bytes (4.9%)
(RDMA_READ_CONSUME_CHECK_CONSUMER) timestamp=6540 ms, used_size=2015232 bytes (4.9%)
(RDMA_READ_CONSUME_CHECK_CONSUMER) timestamp=6540 ms, used_size=2013184 bytes (4.9%)
(RDMA_READ_CONSUME_CHECK_CONSUMER) timestamp=6540 ms, used_size=2011136 bytes (4.9%)
(RDMA_READ_CONSUME_CHECK_CONSUMER) timestamp=6540 ms, used_size=2009088 bytes (4.9%)
(RDMA_READ_CONSUME_CHECK_CONSUMER) timestamp=6540 ms, used_size=2007040 bytes (4.9%)
(RDMA_READ_CONSUME_CHECK_CONSUMER) timestamp=6540 ms, used_size=2004992 bytes (4.9%)
(RDMA_READ_CONSUME_CHECK_CONSUMER) timestamp=6540 ms, used_size=2002944 bytes (4.9%)
(RDMA_READ_CONSUME_CHECK_CONSUMER) timestamp=6540 ms, used_size=2000896 bytes (4.9%)
(RDMA_READ_CONSUME_CHECK_CONSUMER) timestamp=6540 ms, used_size=1998848 bytes (4.9%)
(RDMA_READ_CONSUME_CHECK_CONSUMER) timestamp=6540 ms, used_size=1996800 bytes (4.9%)
(RDMA_READ_CONSUME_CHECK_CONSUMER) timestamp=6540 ms, used_size=1994752 bytes (4.9%)
(RDMA_READ_CONSUME_CHECK_CONSUMER) timestamp=6540 ms, used_size=1992704 bytes (4.9%)
(RDMA_READ_CONSUME_CHECK_CONSUMER) timestamp=6540 ms, used_size=1990656 bytes (4.9%)
(RDMA_READ_CONSUME_CHECK_CONSUMER) timestamp=6540 ms, used_size=1988608 bytes (4.9%)
(RDMA_READ_CONSUME_CHECK_CONSUMER) timestamp=6540 ms, used_size=1986560 bytes (4.8%)
(RDMA_READ_CONSUME_CHECK_CONSUMER) timestamp=6540 ms, used_size=1984512 bytes (4.8%)
(RDMA_READ_CONSUME_CHECK_CONSUMER) timestamp=6540 ms, used_size=1982464 bytes (4.8%)
(RDMA_READ_CONSUME_CHECK_CONSUMER) timestamp=6540 ms, used_size=1980416 bytes (4.8%)
(RDMA_READ_CONSUME_CHECK_CONSUMER) timestamp=6540 ms, used_size=1978368 bytes (4.8%)
(RDMA_READ_CONSUME_CHECK_CONSUMER) timestamp=6540 ms, used_size=1976320 bytes (4.8%)
(RDMA_READ_CONSUME_CHECK_CONSUMER) timestamp=6540 ms, used_size=1974272 bytes (4.8%)
(RDMA_READ_CONSUME_CHECK_CONSUMER) timestamp=6540 ms, used_size=1972224 bytes (4.8%)
(RDMA_READ_CONSUME_CHECK_CONSUMER) timestamp=6540 ms, used_size=1970176 bytes (4.8%)
(RDMA_READ_CONSUME_CHECK_CONSUMER) timestamp=6540 ms, used_size=1968128 bytes (4.8%)
(RDMA_READ_CONSUME_CHECK_CONSUMER) timestamp=6540 ms, used_size=1966080 bytes (4.8%)
(RDMA_READ_CONSUME_CHECK_CONSUMER) timestamp=6540 ms, used_size=1964032 bytes (4.8%)
(RDMA_READ_CONSUME_CHECK_CONSUMER) timestamp=6540 ms, used_size=1961984 bytes (4.8%)
(RDMA_READ_CONSUME_CHECK_CONSUMER) timestamp=6540 ms, used_size=1959936 bytes (4.8%)
(RDMA_READ_CONSUME_CHECK_CONSUMER) timestamp=6540 ms, used_size=1957888 bytes (4.8%)
(RDMA_READ_CONSUME_CHECK_CONSUMER) timestamp=6540 ms, used_size=1955840 bytes (4.8%)
(RDMA_READ_CONSUME_CHECK_CONSUMER) timestamp=6540 ms, used_size=1953792 bytes (4.8%)
(RDMA_READ_CONSUME_CHECK_CONSUMER) timestamp=6540 ms, used_size=1951744 bytes (4.8%)
(RDMA_READ_CONSUME_CHECK_CONSUMER) timestamp=6540 ms, used_size=1949696 bytes (4.8%)
(RDMA_READ_CONSUME_CHECK_CONSUMER) timestamp=6540 ms, used_size=1947648 bytes (4.8%)
(RDMA_READ_CONSUME_CHECK_CONSUMER) timestamp=6540 ms, used_size=1945600 bytes (4.8%)
(RDMA_READ_CONSUME_CHECK_CONSUMER) timestamp=6540 ms, used_size=1943552 bytes (4.7%)
(RDMA_READ_CONSUME_CHECK_CONSUMER) timestamp=6540 ms, used_size=1941504 bytes (4.7%)
(RDMA_READ_CONSUME_CHECK_CONSUMER) timestamp=6540 ms, used_size=1939456 bytes (4.7%)
(RDMA_READ_CONSUME_CHECK_CONSUMER) timestamp=6540 ms, used_size=1937408 bytes (4.7%)
(RDMA_READ_CONSUME_CHECK_CONSUMER) timestamp=6540 ms, used_size=1935360 bytes (4.7%)
(RDMA_READ_CONSUME_CHECK_CONSUMER) timestamp=6541 ms, used_size=1933312 bytes (4.7%)
(RDMA_READ_CONSUME_CHECK_CONSUMER) timestamp=6541 ms, used_size=1931264 bytes (4.7%)
(RDMA_READ_CONSUME_CHECK_CONSUMER) timestamp=6541 ms, used_size=1929216 bytes (4.7%)
(RDMA_READ_CONSUME_CHECK_CONSUMER) timestamp=6541 ms, used_size=1927168 bytes (4.7%)
(RDMA_READ_CONSUME_CHECK_CONSUMER) timestamp=6541 ms, used_size=1925120 bytes (4.7%)
(RDMA_READ_CONSUME_CHECK_CONSUMER) timestamp=6541 ms, used_size=1923072 bytes (4.7%)
(RDMA_READ_CONSUME_CHECK_CONSUMER) timestamp=6541 ms, used_size=1921024 bytes (4.7%)
(RDMA_READ_CONSUME_CHECK_CONSUMER) timestamp=6541 ms, used_size=1918976 bytes (4.7%)
(RDMA_READ_CONSUME_CHECK_CONSUMER) timestamp=6541 ms, used_size=1916928 bytes (4.7%)
(RDMA_READ_CONSUME_CHECK_CONSUMER) timestamp=6541 ms, used_size=1914880 bytes (4.7%)
(RDMA_READ_CONSUME_CHECK_CONSUMER) timestamp=6541 ms, used_size=1912832 bytes (4.7%)
(RDMA_READ_CONSUME_CHECK_CONSUMER) timestamp=6541 ms, used_size=1910784 bytes (4.7%)
(RDMA_READ_CONSUME_CHECK_CONSUMER) timestamp=6541 ms, used_size=1908736 bytes (4.7%)
(RDMA_READ_CONSUME_CHECK_CONSUMER) timestamp=6541 ms, used_size=1906688 bytes (4.7%)
(RDMA_READ_CONSUME_CHECK_CONSUMER) timestamp=6541 ms, used_size=1904640 bytes (4.7%)
(RDMA_READ_CONSUME_CHECK_CONSUMER) timestamp=6541 ms, used_size=1902592 bytes (4.6%)
(RDMA_READ_CONSUME_CHECK_CONSUMER) timestamp=6541 ms, used_size=1900544 bytes (4.6%)
(RDMA_READ_CONSUME_CHECK_CONSUMER) timestamp=6541 ms, used_size=1898496 bytes (4.6%)
(RDMA_READ_CONSUME_CHECK_CONSUMER) timestamp=6541 ms, used_size=1896448 bytes (4.6%)
(RDMA_READ_CONSUME_CHECK_CONSUMER) timestamp=6541 ms, used_size=1894400 bytes (4.6%)
(RDMA_READ_CONSUME_CHECK_CONSUMER) timestamp=6541 ms, used_size=1892352 bytes (4.6%)
(RDMA_READ_CONSUME_CHECK_CONSUMER) timestamp=6541 ms, used_size=1890304 bytes (4.6%)
(RDMA_READ_CONSUME_CHECK_CONSUMER) timestamp=6541 ms, used_size=1888256 bytes (4.6%)
(RDMA_READ_CONSUME_CHECK_CONSUMER) timestamp=6541 ms, used_size=1886208 bytes (4.6%)
(RDMA_READ_CONSUME_CHECK_CONSUMER) timestamp=6541 ms, used_size=1884160 bytes (4.6%)
(RDMA_READ_CONSUME_CHECK_CONSUMER) timestamp=6541 ms, used_size=1882112 bytes (4.6%)
(RDMA_READ_CONSUME_CHECK_CONSUMER) timestamp=6541 ms, used_size=1880064 bytes (4.6%)
(RDMA_READ_CONSUME_CHECK_CONSUMER) timestamp=6541 ms, used_size=1878016 bytes (4.6%)
(RDMA_READ_CONSUME_CHECK_CONSUMER) timestamp=6541 ms, used_size=1875968 bytes (4.6%)
(RDMA_READ_CONSUME_CHECK_CONSUMER) timestamp=6541 ms, used_size=1873920 bytes (4.6%)
(RDMA_READ_CONSUME_CHECK_CONSUMER) timestamp=6541 ms, used_size=1871872 bytes (4.6%)
(RDMA_READ_CONSUME_CHECK_CONSUMER) timestamp=6541 ms, used_size=1869824 bytes (4.6%)
(RDMA_READ_CONSUME_CHECK_CONSUMER) timestamp=6541 ms, used_size=1867776 bytes (4.6%)
(RDMA_READ_CONSUME_CHECK_CONSUMER) timestamp=6541 ms, used_size=1865728 bytes (4.6%)
(RDMA_READ_CONSUME_CHECK_CONSUMER) timestamp=6541 ms, used_size=1863680 bytes (4.5%)
(RDMA_READ_CONSUME_CHECK_CONSUMER) timestamp=6541 ms, used_size=1861632 bytes (4.5%)
(RDMA_READ_CONSUME_CHECK_CONSUMER) timestamp=6541 ms, used_size=1859584 bytes (4.5%)
(RDMA_READ_CONSUME_CHECK_CONSUMER) timestamp=6541 ms, used_size=1857536 bytes (4.5%)
(RDMA_READ_CONSUME_CHECK_CONSUMER) timestamp=6541 ms, used_size=1855488 bytes (4.5%)
(RDMA_READ_CONSUME_CHECK_CONSUMER) timestamp=6541 ms, used_size=1853440 bytes (4.5%)
(RDMA_READ_CONSUME_CHECK_CONSUMER) timestamp=6541 ms, used_size=1851392 bytes (4.5%)
(RDMA_READ_CONSUME_CHECK_CONSUMER) timestamp=6541 ms, used_size=1849344 bytes (4.5%)
(RDMA_READ_CONSUME_CHECK_CONSUMER) timestamp=6541 ms, used_size=1847296 bytes (4.5%)
(RDMA_READ_CONSUME_CHECK_CONSUMER) timestamp=6541 ms, used_size=1845248 bytes (4.5%)
(RDMA_READ_CONSUME_CHECK_CONSUMER) timestamp=6541 ms, used_size=1843200 bytes (4.5%)
(RDMA_READ_CONSUME_CHECK_CONSUMER) timestamp=6541 ms, used_size=1841152 bytes (4.5%)
(RDMA_READ_CONSUME_CHECK_CONSUMER) timestamp=6541 ms, used_size=1839104 bytes (4.5%)
(RDMA_READ_CONSUME_CHECK_CONSUMER) timestamp=6541 ms, used_size=1837056 bytes (4.5%)
(RDMA_READ_CONSUME_CHECK_CONSUMER) timestamp=6541 ms, used_size=1835008 bytes (4.5%)
(RDMA_READ_CONSUME_CHECK_CONSUMER) timestamp=6541 ms, used_size=1832960 bytes (4.5%)
(RDMA_READ_CONSUME_CHECK_CONSUMER) timestamp=6541 ms, used_size=1830912 bytes (4.5%)
(RDMA_READ_CONSUME_CHECK_CONSUMER) timestamp=6541 ms, used_size=1828864 bytes (4.5%)
(RDMA_READ_CONSUME_CHECK_CONSUMER) timestamp=6541 ms, used_size=1826816 bytes (4.5%)
(RDMA_READ_CONSUME_CHECK_CONSUMER) timestamp=6541 ms, used_size=1824768 bytes (4.5%)
(RDMA_READ_CONSUME_CHECK_CONSUMER) timestamp=6541 ms, used_size=1822720 bytes (4.5%)
(RDMA_READ_CONSUME_CHECK_CONSUMER) timestamp=6541 ms, used_size=1820672 bytes (4.4%)
(RDMA_READ_CONSUME_CHECK_CONSUMER) timestamp=6541 ms, used_size=1818624 bytes (4.4%)
(RDMA_READ_CONSUME_CHECK_CONSUMER) timestamp=6541 ms, used_size=1816576 bytes (4.4%)
(RDMA_READ_CONSUME_CHECK_CONSUMER) timestamp=6541 ms, used_size=1814528 bytes (4.4%)
(RDMA_READ_CONSUME_CHECK_CONSUMER) timestamp=6541 ms, used_size=1812480 bytes (4.4%)
(RDMA_READ_CONSUME_CHECK_CONSUMER) timestamp=6541 ms, used_size=1810432 bytes (4.4%)
(RDMA_READ_CONSUME_CHECK_CONSUMER) timestamp=6541 ms, used_size=1808384 bytes (4.4%)
(RDMA_READ_CONSUME_CHECK_CONSUMER) timestamp=6541 ms, used_size=1806336 bytes (4.4%)
(RDMA_READ_CONSUME_CHECK_CONSUMER) timestamp=6541 ms, used_size=1804288 bytes (4.4%)
(RDMA_READ_CONSUME_CHECK_CONSUMER) timestamp=6541 ms, used_size=1802240 bytes (4.4%)
(RDMA_READ_CONSUME_CHECK_CONSUMER) timestamp=6541 ms, used_size=1800192 bytes (4.4%)
(RDMA_READ_CONSUME_CHECK_CONSUMER) timestamp=6541 ms, used_size=1798144 bytes (4.4%)
(RDMA_READ_CONSUME_CHECK_CONSUMER) timestamp=6541 ms, used_size=1796096 bytes (4.4%)
(RDMA_READ_CONSUME_CHECK_CONSUMER) timestamp=6541 ms, used_size=1794048 bytes (4.4%)
(RDMA_READ_CONSUME_CHECK_CONSUMER) timestamp=6541 ms, used_size=1792000 bytes (4.4%)
(RDMA_READ_CONSUME_CHECK_CONSUMER) timestamp=6541 ms, used_size=1789952 bytes (4.4%)
(RDMA_READ_CONSUME_CHECK_CONSUMER) timestamp=6541 ms, used_size=1787904 bytes (4.4%)
(RDMA_READ_CONSUME_CHECK_CONSUMER) timestamp=6541 ms, used_size=1785856 bytes (4.4%)
(RDMA_READ_CONSUME_CHECK_CONSUMER) timestamp=6541 ms, used_size=1783808 bytes (4.4%)
(RDMA_READ_CONSUME_CHECK_CONSUMER) timestamp=6541 ms, used_size=1781760 bytes (4.3%)
(RDMA_READ_CONSUME_CHECK_CONSUMER) timestamp=6541 ms, used_size=1779712 bytes (4.3%)
(RDMA_READ_CONSUME_CHECK_CONSUMER) timestamp=6541 ms, used_size=1777664 bytes (4.3%)
(RDMA_READ_CONSUME_CHECK_CONSUMER) timestamp=6541 ms, used_size=1775616 bytes (4.3%)
(RDMA_READ_CONSUME_CHECK_CONSUMER) timestamp=6541 ms, used_size=1773568 bytes (4.3%)
(RDMA_READ_CONSUME_CHECK_CONSUMER) timestamp=6541 ms, used_size=1771520 bytes (4.3%)
(RDMA_READ_CONSUME_CHECK_CONSUMER) timestamp=6541 ms, used_size=1769472 bytes (4.3%)
(RDMA_READ_CONSUME_CHECK_CONSUMER) timestamp=6541 ms, used_size=1767424 bytes (4.3%)
(RDMA_READ_CONSUME_CHECK_CONSUMER) timestamp=6541 ms, used_size=1765376 bytes (4.3%)
(RDMA_READ_CONSUME_CHECK_CONSUMER) timestamp=6541 ms, used_size=1763328 bytes (4.3%)
(RDMA_READ_CONSUME_CHECK_CONSUMER) timestamp=6541 ms, used_size=1761280 bytes (4.3%)
(RDMA_READ_CONSUME_CHECK_CONSUMER) timestamp=6541 ms, used_size=1759232 bytes (4.3%)
(RDMA_READ_CONSUME_CHECK_CONSUMER) timestamp=6541 ms, used_size=1757184 bytes (4.3%)
(RDMA_READ_CONSUME_CHECK_CONSUMER) timestamp=6541 ms, used_size=1755136 bytes (4.3%)
(RDMA_READ_CONSUME_CHECK_CONSUMER) timestamp=6541 ms, used_size=1753088 bytes (4.3%)
(RDMA_READ_CONSUME_CHECK_CONSUMER) timestamp=6541 ms, used_size=1751040 bytes (4.3%)
(RDMA_READ_CONSUME_CHECK_CONSUMER) timestamp=6541 ms, used_size=1748992 bytes (4.3%)
(RDMA_READ_CONSUME_CHECK_CONSUMER) timestamp=6541 ms, used_size=1746944 bytes (4.3%)
(RDMA_READ_CONSUME_CHECK_CONSUMER) timestamp=6541 ms, used_size=1744896 bytes (4.3%)
(RDMA_READ_CONSUME_CHECK_CONSUMER) timestamp=6541 ms, used_size=1742848 bytes (4.3%)
(RDMA_READ_CONSUME_CHECK_CONSUMER) timestamp=6541 ms, used_size=1740800 bytes (4.2%)
(RDMA_READ_CONSUME_CHECK_CONSUMER) timestamp=6541 ms, used_size=1738752 bytes (4.2%)
(RDMA_READ_CONSUME_CHECK_CONSUMER) timestamp=6541 ms, used_size=1736704 bytes (4.2%)
(RDMA_READ_CONSUME_CHECK_CONSUMER) timestamp=6541 ms, used_size=1734656 bytes (4.2%)
(RDMA_READ_CONSUME_CHECK_CONSUMER) timestamp=6541 ms, used_size=1732608 bytes (4.2%)
(RDMA_READ_CONSUME_CHECK_CONSUMER) timestamp=6541 ms, used_size=1730560 bytes (4.2%)
(RDMA_READ_CONSUME_CHECK_CONSUMER) timestamp=6541 ms, used_size=1728512 bytes (4.2%)
(RDMA_READ_CONSUME_CHECK_CONSUMER) timestamp=6541 ms, used_size=1726464 bytes (4.2%)
(RDMA_READ_CONSUME_CHECK_CONSUMER) timestamp=6541 ms, used_size=1724416 bytes (4.2%)
(RDMA_READ_CONSUME_CHECK_CONSUMER) timestamp=6541 ms, used_size=1722368 bytes (4.2%)
(RDMA_READ_CONSUME_CHECK_CONSUMER) timestamp=6541 ms, used_size=1720320 bytes (4.2%)
(RDMA_READ_CONSUME_CHECK_CONSUMER) timestamp=6541 ms, used_size=1718272 bytes (4.2%)
(RDMA_READ_CONSUME_CHECK_CONSUMER) timestamp=6541 ms, used_size=1716224 bytes (4.2%)
(RDMA_READ_CONSUME_CHECK_CONSUMER) timestamp=6541 ms, used_size=1714176 bytes (4.2%)
(RDMA_READ_CONSUME_CHECK_CONSUMER) timestamp=6541 ms, used_size=1712128 bytes (4.2%)
(RDMA_READ_CONSUME_CHECK_CONSUMER) timestamp=6541 ms, used_size=1710080 bytes (4.2%)
(RDMA_READ_CONSUME_CHECK_CONSUMER) timestamp=6541 ms, used_size=1708032 bytes (4.2%)
(RDMA_READ_CONSUME_CHECK_CONSUMER) timestamp=6541 ms, used_size=1705984 bytes (4.2%)
(RDMA_READ_CONSUME_CHECK_CONSUMER) timestamp=6541 ms, used_size=1703936 bytes (4.2%)
(RDMA_READ_CONSUME_CHECK_CONSUMER) timestamp=6541 ms, used_size=1701888 bytes (4.2%)
(RDMA_READ_CONSUME_CHECK_CONSUMER) timestamp=6541 ms, used_size=1699840 bytes (4.2%)
(RDMA_READ_CONSUME_CHECK_CONSUMER) timestamp=6541 ms, used_size=1697792 bytes (4.1%)
(RDMA_READ_CONSUME_CHECK_CONSUMER) timestamp=6541 ms, used_size=1695744 bytes (4.1%)
(RDMA_READ_CONSUME_CHECK_CONSUMER) timestamp=6541 ms, used_size=1693696 bytes (4.1%)
(RDMA_READ_CONSUME_CHECK_CONSUMER) timestamp=6541 ms, used_size=1691648 bytes (4.1%)
(RDMA_READ_CONSUME_CHECK_CONSUMER) timestamp=6541 ms, used_size=1689600 bytes (4.1%)
(RDMA_READ_CONSUME_CHECK_CONSUMER) timestamp=6541 ms, used_size=1687552 bytes (4.1%)
(RDMA_READ_CONSUME_CHECK_CONSUMER) timestamp=6541 ms, used_size=1685504 bytes (4.1%)
(RDMA_READ_CONSUME_CHECK_CONSUMER) timestamp=6541 ms, used_size=1683456 bytes (4.1%)
(RDMA_READ_CONSUME_CHECK_CONSUMER) timestamp=6541 ms, used_size=1681408 bytes (4.1%)
(RDMA_READ_CONSUME_CHECK_CONSUMER) timestamp=6541 ms, used_size=1679360 bytes (4.1%)
(RDMA_READ_CONSUME_CHECK_CONSUMER) timestamp=6541 ms, used_size=1677312 bytes (4.1%)
(RDMA_READ_CONSUME_CHECK_CONSUMER) timestamp=6541 ms, used_size=1675264 bytes (4.1%)
(RDMA_READ_CONSUME_CHECK_CONSUMER) timestamp=6541 ms, used_size=1673216 bytes (4.1%)
(RDMA_READ_CONSUME_CHECK_CONSUMER) timestamp=6541 ms, used_size=1671168 bytes (4.1%)
(RDMA_READ_CONSUME_CHECK_CONSUMER) timestamp=6541 ms, used_size=1669120 bytes (4.1%)
(RDMA_READ_CONSUME_CHECK_CONSUMER) timestamp=6541 ms, used_size=1667072 bytes (4.1%)
(RDMA_READ_CONSUME_CHECK_CONSUMER) timestamp=6541 ms, used_size=1665024 bytes (4.1%)
(RDMA_READ_CONSUME_CHECK_CONSUMER) timestamp=6541 ms, used_size=1662976 bytes (4.1%)
(RDMA_READ_CONSUME_CHECK_CONSUMER) timestamp=6541 ms, used_size=1660928 bytes (4.1%)
(RDMA_READ_CONSUME_CHECK_CONSUMER) timestamp=6541 ms, used_size=1658880 bytes (4.0%)
(RDMA_READ_CONSUME_CHECK_CONSUMER) timestamp=6541 ms, used_size=1656832 bytes (4.0%)
(RDMA_READ_CONSUME_CHECK_CONSUMER) timestamp=6541 ms, used_size=1654784 bytes (4.0%)
(RDMA_READ_CONSUME_CHECK_CONSUMER) timestamp=6541 ms, used_size=1652736 bytes (4.0%)
(RDMA_READ_CONSUME_CHECK_CONSUMER) timestamp=6541 ms, used_size=1650688 bytes (4.0%)
(RDMA_READ_CONSUME_CHECK_CONSUMER) timestamp=6541 ms, used_size=1648640 bytes (4.0%)
(RDMA_READ_CONSUME_CHECK_CONSUMER) timestamp=6541 ms, used_size=1646592 bytes (4.0%)
(RDMA_READ_CONSUME_CHECK_CONSUMER) timestamp=6541 ms, used_size=1644544 bytes (4.0%)
(RDMA_READ_CONSUME_CHECK_CONSUMER) timestamp=6541 ms, used_size=1642496 bytes (4.0%)
(RDMA_READ_CONSUME_CHECK_CONSUMER) timestamp=6541 ms, used_size=1640448 bytes (4.0%)
(RDMA_READ_CONSUME_CHECK_CONSUMER) timestamp=6541 ms, used_size=1638400 bytes (4.0%)
(RDMA_READ_CONSUME_CHECK_CONSUMER) timestamp=6541 ms, used_size=1636352 bytes (4.0%)
(RDMA_READ_CONSUME_CHECK_CONSUMER) timestamp=6541 ms, used_size=1634304 bytes (4.0%)
(RDMA_READ_CONSUME_CHECK_CONSUMER) timestamp=6541 ms, used_size=1632256 bytes (4.0%)
(RDMA_READ_CONSUME_CHECK_CONSUMER) timestamp=6541 ms, used_size=1630208 bytes (4.0%)
(RDMA_READ_CONSUME_CHECK_CONSUMER) timestamp=6541 ms, used_size=1628160 bytes (4.0%)
(RDMA_READ_CONSUME_CHECK_CONSUMER) timestamp=6541 ms, used_size=1626112 bytes (4.0%)
(RDMA_READ_CONSUME_CHECK_CONSUMER) timestamp=6541 ms, used_size=1624064 bytes (4.0%)
(RDMA_READ_CONSUME_CHECK_CONSUMER) timestamp=6541 ms, used_size=1622016 bytes (4.0%)
(RDMA_READ_CONSUME_CHECK_CONSUMER) timestamp=6541 ms, used_size=1619968 bytes (4.0%)
(RDMA_READ_CONSUME_CHECK_CONSUMER) timestamp=6541 ms, used_size=1617920 bytes (4.0%)
(RDMA_READ_CONSUME_CHECK_CONSUMER) timestamp=6541 ms, used_size=1615872 bytes (3.9%)
(RDMA_READ_CONSUME_CHECK_CONSUMER) timestamp=6541 ms, used_size=1613824 bytes (3.9%)
(RDMA_READ_CONSUME_CHECK_CONSUMER) timestamp=6541 ms, used_size=1611776 bytes (3.9%)
(RDMA_READ_CONSUME_CHECK_CONSUMER) timestamp=6541 ms, used_size=1609728 bytes (3.9%)
(RDMA_READ_CONSUME_CHECK_CONSUMER) timestamp=6541 ms, used_size=1607680 bytes (3.9%)
(RDMA_READ_CONSUME_CHECK_CONSUMER) timestamp=6541 ms, used_size=1605632 bytes (3.9%)
(RDMA_READ_CONSUME_CHECK_CONSUMER) timestamp=6541 ms, used_size=1603584 bytes (3.9%)
(RDMA_READ_CONSUME_CHECK_CONSUMER) timestamp=6541 ms, used_size=1601536 bytes (3.9%)
(RDMA_READ_CONSUME_CHECK_CONSUMER) timestamp=6541 ms, used_size=1599488 bytes (3.9%)
(RDMA_READ_CONSUME_CHECK_CONSUMER) timestamp=6541 ms, used_size=1597440 bytes (3.9%)
(RDMA_READ_CONSUME_CHECK_CONSUMER) timestamp=6541 ms, used_size=1595392 bytes (3.9%)
(RDMA_READ_CONSUME_CHECK_CONSUMER) timestamp=6541 ms, used_size=1593344 bytes (3.9%)
(RDMA_READ_CONSUME_CHECK_CONSUMER) timestamp=6541 ms, used_size=1591296 bytes (3.9%)
(RDMA_READ_CONSUME_CHECK_CONSUMER) timestamp=6541 ms, used_size=1589248 bytes (3.9%)
(RDMA_READ_CONSUME_CHECK_CONSUMER) timestamp=6541 ms, used_size=1587200 bytes (3.9%)
(RDMA_READ_CONSUME_CHECK_CONSUMER) timestamp=6541 ms, used_size=1585152 bytes (3.9%)
(RDMA_READ_CONSUME_CHECK_CONSUMER) timestamp=6541 ms, used_size=1583104 bytes (3.9%)
(RDMA_READ_CONSUME_CHECK_CONSUMER) timestamp=6541 ms, used_size=1581056 bytes (3.9%)
(RDMA_READ_CONSUME_CHECK_CONSUMER) timestamp=6541 ms, used_size=1579008 bytes (3.9%)
(RDMA_READ_CONSUME_CHECK_CONSUMER) timestamp=6541 ms, used_size=1576960 bytes (3.9%)
(RDMA_READ_CONSUME_CHECK_CONSUMER) timestamp=6541 ms, used_size=1574912 bytes (3.8%)
(RDMA_READ_CONSUME_CHECK_CONSUMER) timestamp=6541 ms, used_size=1572864 bytes (3.8%)
(RDMA_READ_CONSUME_CHECK_CONSUMER) timestamp=6541 ms, used_size=1570816 bytes (3.8%)
(RDMA_READ_CONSUME_CHECK_CONSUMER) timestamp=6541 ms, used_size=1568768 bytes (3.8%)
(RDMA_READ_CONSUME_CHECK_CONSUMER) timestamp=6541 ms, used_size=1566720 bytes (3.8%)
(RDMA_READ_CONSUME_CHECK_CONSUMER) timestamp=6541 ms, used_size=1564672 bytes (3.8%)
(RDMA_READ_CONSUME_CHECK_CONSUMER) timestamp=6541 ms, used_size=1562624 bytes (3.8%)
(RDMA_READ_CONSUME_CHECK_CONSUMER) timestamp=6542 ms, used_size=1560576 bytes (3.8%)
(RDMA_READ_CONSUME_CHECK_CONSUMER) timestamp=6542 ms, used_size=1558528 bytes (3.8%)
(RDMA_READ_CONSUME_CHECK_CONSUMER) timestamp=6542 ms, used_size=1556480 bytes (3.8%)
(RDMA_READ_CONSUME_CHECK_CONSUMER) timestamp=6542 ms, used_size=1554432 bytes (3.8%)
(RDMA_READ_CONSUME_CHECK_CONSUMER) timestamp=6542 ms, used_size=1552384 bytes (3.8%)
(RDMA_READ_CONSUME_CHECK_CONSUMER) timestamp=6542 ms, used_size=1550336 bytes (3.8%)
(RDMA_READ_CONSUME_CHECK_CONSUMER) timestamp=6542 ms, used_size=1548288 bytes (3.8%)
(RDMA_READ_CONSUME_CHECK_CONSUMER) timestamp=6542 ms, used_size=1546240 bytes (3.8%)
(RDMA_READ_CONSUME_CHECK_CONSUMER) timestamp=6542 ms, used_size=1544192 bytes (3.8%)
(RDMA_READ_CONSUME_CHECK_CONSUMER) timestamp=6542 ms, used_size=1542144 bytes (3.8%)
(RDMA_READ_CONSUME_CHECK_CONSUMER) timestamp=6542 ms, used_size=1540096 bytes (3.8%)
(RDMA_READ_CONSUME_CHECK_CONSUMER) timestamp=6542 ms, used_size=1538048 bytes (3.8%)
(RDMA_READ_CONSUME_CHECK_CONSUMER) timestamp=6542 ms, used_size=1536000 bytes (3.8%)
(RDMA_READ_CONSUME_CHECK_CONSUMER) timestamp=6542 ms, used_size=1533952 bytes (3.7%)
(RDMA_READ_CONSUME_CHECK_CONSUMER) timestamp=6542 ms, used_size=1531904 bytes (3.7%)
(RDMA_READ_CONSUME_CHECK_CONSUMER) timestamp=6542 ms, used_size=1529856 bytes (3.7%)
(RDMA_READ_CONSUME_CHECK_CONSUMER) timestamp=6542 ms, used_size=1527808 bytes (3.7%)
(RDMA_READ_CONSUME_CHECK_CONSUMER) timestamp=6542 ms, used_size=1525760 bytes (3.7%)
(RDMA_READ_CONSUME_CHECK_CONSUMER) timestamp=6542 ms, used_size=1523712 bytes (3.7%)
(RDMA_READ_CONSUME_CHECK_CONSUMER) timestamp=6542 ms, used_size=1521664 bytes (3.7%)
(RDMA_READ_CONSUME_CHECK_CONSUMER) timestamp=6542 ms, used_size=1519616 bytes (3.7%)
(RDMA_READ_CONSUME_CHECK_CONSUMER) timestamp=6542 ms, used_size=1517568 bytes (3.7%)
(RDMA_READ_CONSUME_CHECK_CONSUMER) timestamp=6542 ms, used_size=1515520 bytes (3.7%)
(RDMA_READ_CONSUME_CHECK_CONSUMER) timestamp=6542 ms, used_size=1513472 bytes (3.7%)
(RDMA_READ_CONSUME_CHECK_CONSUMER) timestamp=6542 ms, used_size=1511424 bytes (3.7%)
(RDMA_READ_CONSUME_CHECK_CONSUMER) timestamp=6542 ms, used_size=1509376 bytes (3.7%)
(RDMA_READ_CONSUME_CHECK_CONSUMER) timestamp=6542 ms, used_size=1507328 bytes (3.7%)
(RDMA_READ_CONSUME_CHECK_CONSUMER) timestamp=6542 ms, used_size=1505280 bytes (3.7%)
(RDMA_READ_CONSUME_CHECK_CONSUMER) timestamp=6542 ms, used_size=1503232 bytes (3.7%)
(RDMA_READ_CONSUME_CHECK_CONSUMER) timestamp=6542 ms, used_size=1501184 bytes (3.7%)
(RDMA_READ_CONSUME_CHECK_CONSUMER) timestamp=6542 ms, used_size=1499136 bytes (3.7%)
(RDMA_READ_CONSUME_CHECK_CONSUMER) timestamp=6542 ms, used_size=1497088 bytes (3.7%)
(RDMA_READ_CONSUME_CHECK_CONSUMER) timestamp=6542 ms, used_size=1495040 bytes (3.6%)
(RDMA_READ_CONSUME_CHECK_CONSUMER) timestamp=6542 ms, used_size=1492992 bytes (3.6%)
(RDMA_READ_CONSUME_CHECK_CONSUMER) timestamp=6542 ms, used_size=1490944 bytes (3.6%)
(RDMA_READ_CONSUME_CHECK_CONSUMER) timestamp=6542 ms, used_size=1488896 bytes (3.6%)
(RDMA_READ_CONSUME_CHECK_CONSUMER) timestamp=6542 ms, used_size=1486848 bytes (3.6%)
(RDMA_READ_CONSUME_CHECK_CONSUMER) timestamp=6542 ms, used_size=1484800 bytes (3.6%)
(RDMA_READ_CONSUME_CHECK_CONSUMER) timestamp=6542 ms, used_size=1482752 bytes (3.6%)
(RDMA_READ_CONSUME_CHECK_CONSUMER) timestamp=6542 ms, used_size=1480704 bytes (3.6%)
(RDMA_READ_CONSUME_CHECK_CONSUMER) timestamp=6542 ms, used_size=1478656 bytes (3.6%)
(RDMA_READ_CONSUME_CHECK_CONSUMER) timestamp=6542 ms, used_size=1476608 bytes (3.6%)
(RDMA_READ_CONSUME_CHECK_CONSUMER) timestamp=6542 ms, used_size=1474560 bytes (3.6%)
(RDMA_READ_CONSUME_CHECK_CONSUMER) timestamp=6542 ms, used_size=1472512 bytes (3.6%)
(RDMA_READ_CONSUME_CHECK_CONSUMER) timestamp=6542 ms, used_size=1470464 bytes (3.6%)
(RDMA_READ_CONSUME_CHECK_CONSUMER) timestamp=6542 ms, used_size=1468416 bytes (3.6%)
(RDMA_READ_CONSUME_CHECK_CONSUMER) timestamp=6542 ms, used_size=1466368 bytes (3.6%)
(RDMA_READ_CONSUME_CHECK_CONSUMER) timestamp=6542 ms, used_size=1464320 bytes (3.6%)
(RDMA_READ_CONSUME_CHECK_CONSUMER) timestamp=6542 ms, used_size=1462272 bytes (3.6%)
(RDMA_READ_CONSUME_CHECK_CONSUMER) timestamp=6542 ms, used_size=1460224 bytes (3.6%)
(RDMA_READ_CONSUME_CHECK_CONSUMER) timestamp=6542 ms, used_size=1458176 bytes (3.6%)
(RDMA_READ_CONSUME_CHECK_CONSUMER) timestamp=6542 ms, used_size=1456128 bytes (3.6%)
(RDMA_READ_CONSUME_CHECK_CONSUMER) timestamp=6542 ms, used_size=1454080 bytes (3.5%)
(RDMA_READ_CONSUME_CHECK_CONSUMER) timestamp=6542 ms, used_size=1452032 bytes (3.5%)
(RDMA_READ_CONSUME_CHECK_CONSUMER) timestamp=6542 ms, used_size=1449984 bytes (3.5%)
(RDMA_READ_CONSUME_CHECK_CONSUMER) timestamp=6542 ms, used_size=1447936 bytes (3.5%)
(RDMA_READ_CONSUME_CHECK_CONSUMER) timestamp=6542 ms, used_size=1445888 bytes (3.5%)
(RDMA_READ_CONSUME_CHECK_CONSUMER) timestamp=6542 ms, used_size=1443840 bytes (3.5%)
(RDMA_READ_CONSUME_CHECK_CONSUMER) timestamp=6542 ms, used_size=1441792 bytes (3.5%)
(RDMA_READ_CONSUME_CHECK_CONSUMER) timestamp=6542 ms, used_size=1439744 bytes (3.5%)
(RDMA_READ_CONSUME_CHECK_CONSUMER) timestamp=6542 ms, used_size=1437696 bytes (3.5%)
(RDMA_READ_CONSUME_CHECK_CONSUMER) timestamp=6542 ms, used_size=1435648 bytes (3.5%)
(RDMA_READ_CONSUME_CHECK_CONSUMER) timestamp=6542 ms, used_size=1433600 bytes (3.5%)
(RDMA_READ_CONSUME_CHECK_CONSUMER) timestamp=6542 ms, used_size=1431552 bytes (3.5%)
(RDMA_READ_CONSUME_CHECK_CONSUMER) timestamp=6542 ms, used_size=1429504 bytes (3.5%)
(RDMA_READ_CONSUME_CHECK_CONSUMER) timestamp=6542 ms, used_size=1427456 bytes (3.5%)
(RDMA_READ_CONSUME_CHECK_CONSUMER) timestamp=6542 ms, used_size=1425408 bytes (3.5%)
(RDMA_READ_CONSUME_CHECK_CONSUMER) timestamp=6542 ms, used_size=1423360 bytes (3.5%)
(RDMA_READ_CONSUME_CHECK_CONSUMER) timestamp=6542 ms, used_size=1421312 bytes (3.5%)
(RDMA_READ_CONSUME_CHECK_CONSUMER) timestamp=6542 ms, used_size=1419264 bytes (3.5%)
(RDMA_READ_CONSUME_CHECK_CONSUMER) timestamp=6542 ms, used_size=1417216 bytes (3.5%)
(RDMA_READ_CONSUME_CHECK_CONSUMER) timestamp=6542 ms, used_size=1415168 bytes (3.5%)
(RDMA_READ_CONSUME_CHECK_CONSUMER) timestamp=6542 ms, used_size=1413120 bytes (3.5%)
(RDMA_READ_CONSUME_CHECK_CONSUMER) timestamp=6542 ms, used_size=1411072 bytes (3.4%)
(RDMA_READ_CONSUME_CHECK_CONSUMER) timestamp=6542 ms, used_size=1409024 bytes (3.4%)
(RDMA_READ_CONSUME_CHECK_CONSUMER) timestamp=6542 ms, used_size=1406976 bytes (3.4%)
(RDMA_READ_CONSUME_CHECK_CONSUMER) timestamp=6542 ms, used_size=1404928 bytes (3.4%)
(RDMA_READ_CONSUME_CHECK_CONSUMER) timestamp=6542 ms, used_size=1402880 bytes (3.4%)
(RDMA_READ_CONSUME_CHECK_CONSUMER) timestamp=6542 ms, used_size=1400832 bytes (3.4%)
(RDMA_READ_CONSUME_CHECK_CONSUMER) timestamp=6542 ms, used_size=1398784 bytes (3.4%)
(RDMA_READ_CONSUME_CHECK_CONSUMER) timestamp=6542 ms, used_size=1396736 bytes (3.4%)
(RDMA_READ_CONSUME_CHECK_CONSUMER) timestamp=6542 ms, used_size=1394688 bytes (3.4%)
(RDMA_READ_CONSUME_CHECK_CONSUMER) timestamp=6542 ms, used_size=1392640 bytes (3.4%)
(RDMA_READ_CONSUME_CHECK_CONSUMER) timestamp=6542 ms, used_size=1390592 bytes (3.4%)
(RDMA_READ_CONSUME_CHECK_CONSUMER) timestamp=6542 ms, used_size=1388544 bytes (3.4%)
(RDMA_READ_CONSUME_CHECK_CONSUMER) timestamp=6542 ms, used_size=1386496 bytes (3.4%)
(RDMA_READ_CONSUME_CHECK_CONSUMER) timestamp=6542 ms, used_size=1384448 bytes (3.4%)
(RDMA_READ_CONSUME_CHECK_CONSUMER) timestamp=6542 ms, used_size=1382400 bytes (3.4%)
(RDMA_READ_CONSUME_CHECK_CONSUMER) timestamp=6542 ms, used_size=1380352 bytes (3.4%)
(RDMA_READ_CONSUME_CHECK_CONSUMER) timestamp=6542 ms, used_size=1378304 bytes (3.4%)
(RDMA_READ_CONSUME_CHECK_CONSUMER) timestamp=6542 ms, used_size=1376256 bytes (3.4%)
(RDMA_READ_CONSUME_CHECK_CONSUMER) timestamp=6542 ms, used_size=1374208 bytes (3.4%)
(RDMA_READ_CONSUME_CHECK_CONSUMER) timestamp=6542 ms, used_size=1372160 bytes (3.4%)
(RDMA_READ_CONSUME_CHECK_CONSUMER) timestamp=6542 ms, used_size=1370112 bytes (3.3%)
(RDMA_READ_CONSUME_CHECK_CONSUMER) timestamp=6542 ms, used_size=1368064 bytes (3.3%)
(RDMA_READ_CONSUME_CHECK_CONSUMER) timestamp=6542 ms, used_size=1366016 bytes (3.3%)
(RDMA_READ_CONSUME_CHECK_CONSUMER) timestamp=6542 ms, used_size=1363968 bytes (3.3%)
(RDMA_READ_CONSUME_CHECK_CONSUMER) timestamp=6542 ms, used_size=1361920 bytes (3.3%)
(RDMA_READ_CONSUME_CHECK_CONSUMER) timestamp=6542 ms, used_size=1359872 bytes (3.3%)
(RDMA_READ_CONSUME_CHECK_CONSUMER) timestamp=6542 ms, used_size=1357824 bytes (3.3%)
(RDMA_READ_CONSUME_CHECK_CONSUMER) timestamp=6542 ms, used_size=1355776 bytes (3.3%)
(RDMA_READ_CONSUME_CHECK_CONSUMER) timestamp=6542 ms, used_size=1353728 bytes (3.3%)
(RDMA_READ_CONSUME_CHECK_CONSUMER) timestamp=6542 ms, used_size=1351680 bytes (3.3%)
(RDMA_READ_CONSUME_CHECK_CONSUMER) timestamp=6542 ms, used_size=1349632 bytes (3.3%)
(RDMA_READ_CONSUME_CHECK_CONSUMER) timestamp=6542 ms, used_size=1347584 bytes (3.3%)
(RDMA_READ_CONSUME_CHECK_CONSUMER) timestamp=6542 ms, used_size=1345536 bytes (3.3%)
(RDMA_READ_CONSUME_CHECK_CONSUMER) timestamp=6542 ms, used_size=1343488 bytes (3.3%)
(RDMA_READ_CONSUME_CHECK_CONSUMER) timestamp=6542 ms, used_size=1341440 bytes (3.3%)
(RDMA_READ_CONSUME_CHECK_CONSUMER) timestamp=6542 ms, used_size=1339392 bytes (3.3%)
(RDMA_READ_CONSUME_CHECK_CONSUMER) timestamp=6542 ms, used_size=1337344 bytes (3.3%)
(RDMA_READ_CONSUME_CHECK_CONSUMER) timestamp=6542 ms, used_size=1335296 bytes (3.3%)
(RDMA_READ_CONSUME_CHECK_CONSUMER) timestamp=6542 ms, used_size=1333248 bytes (3.3%)
(RDMA_READ_CONSUME_CHECK_CONSUMER) timestamp=6542 ms, used_size=1331200 bytes (3.2%)
(RDMA_READ_CONSUME_CHECK_CONSUMER) timestamp=6542 ms, used_size=1329152 bytes (3.2%)
(RDMA_READ_CONSUME_CHECK_CONSUMER) timestamp=6542 ms, used_size=1327104 bytes (3.2%)
(RDMA_READ_CONSUME_CHECK_CONSUMER) timestamp=6542 ms, used_size=1325056 bytes (3.2%)
(RDMA_READ_CONSUME_CHECK_CONSUMER) timestamp=6542 ms, used_size=1323008 bytes (3.2%)
(RDMA_READ_CONSUME_CHECK_CONSUMER) timestamp=6542 ms, used_size=1320960 bytes (3.2%)
(RDMA_READ_CONSUME_CHECK_CONSUMER) timestamp=6542 ms, used_size=1318912 bytes (3.2%)
(RDMA_READ_CONSUME_CHECK_CONSUMER) timestamp=6542 ms, used_size=1316864 bytes (3.2%)
(RDMA_READ_CONSUME_CHECK_CONSUMER) timestamp=6542 ms, used_size=1314816 bytes (3.2%)
(RDMA_READ_CONSUME_CHECK_CONSUMER) timestamp=6542 ms, used_size=1312768 bytes (3.2%)
(RDMA_READ_CONSUME_CHECK_CONSUMER) timestamp=6542 ms, used_size=1310720 bytes (3.2%)
(RDMA_READ_CONSUME_CHECK_CONSUMER) timestamp=6542 ms, used_size=1308672 bytes (3.2%)
(RDMA_READ_CONSUME_CHECK_CONSUMER) timestamp=6542 ms, used_size=1306624 bytes (3.2%)
(RDMA_READ_CONSUME_CHECK_CONSUMER) timestamp=6542 ms, used_size=1304576 bytes (3.2%)
(RDMA_READ_CONSUME_CHECK_CONSUMER) timestamp=6542 ms, used_size=1302528 bytes (3.2%)
(RDMA_READ_CONSUME_CHECK_CONSUMER) timestamp=6542 ms, used_size=1300480 bytes (3.2%)
(RDMA_READ_CONSUME_CHECK_CONSUMER) timestamp=6542 ms, used_size=1298432 bytes (3.2%)
(RDMA_READ_CONSUME_CHECK_CONSUMER) timestamp=6542 ms, used_size=1296384 bytes (3.2%)
(RDMA_READ_CONSUME_CHECK_CONSUMER) timestamp=6542 ms, used_size=1294336 bytes (3.2%)
(RDMA_READ_CONSUME_CHECK_CONSUMER) timestamp=6542 ms, used_size=1292288 bytes (3.2%)
(RDMA_READ_CONSUME_CHECK_CONSUMER) timestamp=6542 ms, used_size=1290240 bytes (3.1%)
(RDMA_READ_CONSUME_CHECK_CONSUMER) timestamp=6542 ms, used_size=1288192 bytes (3.1%)
(RDMA_READ_CONSUME_CHECK_CONSUMER) timestamp=6542 ms, used_size=1286144 bytes (3.1%)
(RDMA_READ_CONSUME_CHECK_CONSUMER) timestamp=6542 ms, used_size=1284096 bytes (3.1%)
(RDMA_READ_CONSUME_CHECK_CONSUMER) timestamp=6542 ms, used_size=1282048 bytes (3.1%)
(RDMA_READ_CONSUME_CHECK_CONSUMER) timestamp=6542 ms, used_size=1280000 bytes (3.1%)
(RDMA_READ_CONSUME_CHECK_CONSUMER) timestamp=6542 ms, used_size=1277952 bytes (3.1%)
(RDMA_READ_CONSUME_CHECK_CONSUMER) timestamp=6542 ms, used_size=1275904 bytes (3.1%)
(RDMA_READ_CONSUME_CHECK_CONSUMER) timestamp=6542 ms, used_size=1273856 bytes (3.1%)
(RDMA_READ_CONSUME_CHECK_CONSUMER) timestamp=6542 ms, used_size=1271808 bytes (3.1%)
(RDMA_READ_CONSUME_CHECK_CONSUMER) timestamp=6542 ms, used_size=1269760 bytes (3.1%)
(RDMA_READ_CONSUME_CHECK_CONSUMER) timestamp=6542 ms, used_size=1267712 bytes (3.1%)
(RDMA_READ_CONSUME_CHECK_CONSUMER) timestamp=6542 ms, used_size=1265664 bytes (3.1%)
(RDMA_READ_CONSUME_CHECK_CONSUMER) timestamp=6542 ms, used_size=1263616 bytes (3.1%)
(RDMA_READ_CONSUME_CHECK_CONSUMER) timestamp=6542 ms, used_size=1261568 bytes (3.1%)
(RDMA_READ_CONSUME_CHECK_CONSUMER) timestamp=6542 ms, used_size=1259520 bytes (3.1%)
(RDMA_READ_CONSUME_CHECK_CONSUMER) timestamp=6542 ms, used_size=1257472 bytes (3.1%)
(RDMA_READ_CONSUME_CHECK_CONSUMER) timestamp=6542 ms, used_size=1255424 bytes (3.1%)
(RDMA_READ_CONSUME_CHECK_CONSUMER) timestamp=6542 ms, used_size=1253376 bytes (3.1%)
(RDMA_READ_CONSUME_CHECK_CONSUMER) timestamp=6542 ms, used_size=1251328 bytes (3.1%)
(RDMA_READ_CONSUME_CHECK_CONSUMER) timestamp=6542 ms, used_size=1249280 bytes (3.0%)
(RDMA_READ_CONSUME_CHECK_CONSUMER) timestamp=6542 ms, used_size=1247232 bytes (3.0%)
(RDMA_READ_CONSUME_CHECK_CONSUMER) timestamp=6542 ms, used_size=1245184 bytes (3.0%)
(RDMA_READ_CONSUME_CHECK_CONSUMER) timestamp=6542 ms, used_size=1243136 bytes (3.0%)
(RDMA_READ_CONSUME_CHECK_CONSUMER) timestamp=6542 ms, used_size=1241088 bytes (3.0%)
(RDMA_READ_CONSUME_CHECK_CONSUMER) timestamp=6542 ms, used_size=1239040 bytes (3.0%)
(RDMA_READ_CONSUME_CHECK_CONSUMER) timestamp=6542 ms, used_size=1236992 bytes (3.0%)
(RDMA_READ_CONSUME_CHECK_CONSUMER) timestamp=6542 ms, used_size=1234944 bytes (3.0%)
(RDMA_READ_CONSUME_CHECK_CONSUMER) timestamp=6542 ms, used_size=1232896 bytes (3.0%)
(RDMA_READ_CONSUME_CHECK_CONSUMER) timestamp=6542 ms, used_size=1230848 bytes (3.0%)
(RDMA_READ_CONSUME_CHECK_CONSUMER) timestamp=6542 ms, used_size=1228800 bytes (3.0%)
(RDMA_READ_CONSUME_CHECK_CONSUMER) timestamp=6542 ms, used_size=1226752 bytes (3.0%)
(RDMA_READ_CONSUME_CHECK_CONSUMER) timestamp=6542 ms, used_size=1224704 bytes (3.0%)
(RDMA_READ_CONSUME_CHECK_CONSUMER) timestamp=6542 ms, used_size=1222656 bytes (3.0%)
(RDMA_READ_CONSUME_CHECK_CONSUMER) timestamp=6542 ms, used_size=1220608 bytes (3.0%)
(RDMA_READ_CONSUME_CHECK_CONSUMER) timestamp=6542 ms, used_size=1218560 bytes (3.0%)
(RDMA_READ_CONSUME_CHECK_CONSUMER) timestamp=6542 ms, used_size=1216512 bytes (3.0%)
(RDMA_READ_CONSUME_CHECK_CONSUMER) timestamp=6542 ms, used_size=1214464 bytes (3.0%)
(RDMA_READ_CONSUME_CHECK_CONSUMER) timestamp=6542 ms, used_size=1212416 bytes (3.0%)
(RDMA_READ_CONSUME_CHECK_CONSUMER) timestamp=6542 ms, used_size=1210368 bytes (3.0%)
(RDMA_READ_CONSUME_CHECK_CONSUMER) timestamp=6542 ms, used_size=1208320 bytes (3.0%)
(RDMA_READ_CONSUME_CHECK_CONSUMER) timestamp=6542 ms, used_size=1206272 bytes (2.9%)
(RDMA_READ_CONSUME_CHECK_CONSUMER) timestamp=6542 ms, used_size=1204224 bytes (2.9%)
(RDMA_READ_CONSUME_CHECK_CONSUMER) timestamp=6542 ms, used_size=1202176 bytes (2.9%)
(RDMA_READ_CONSUME_CHECK_CONSUMER) timestamp=6542 ms, used_size=1200128 bytes (2.9%)
(RDMA_READ_CONSUME_CHECK_CONSUMER) timestamp=6542 ms, used_size=1198080 bytes (2.9%)
(RDMA_READ_CONSUME_CHECK_CONSUMER) timestamp=6542 ms, used_size=1196032 bytes (2.9%)
(RDMA_READ_CONSUME_CHECK_CONSUMER) timestamp=6542 ms, used_size=1193984 bytes (2.9%)
(RDMA_READ_CONSUME_CHECK_CONSUMER) timestamp=6542 ms, used_size=1191936 bytes (2.9%)
(RDMA_READ_CONSUME_CHECK_CONSUMER) timestamp=6542 ms, used_size=1189888 bytes (2.9%)
(RDMA_READ_CONSUME_CHECK_CONSUMER) timestamp=6542 ms, used_size=1187840 bytes (2.9%)
(RDMA_READ_CONSUME_CHECK_CONSUMER) timestamp=6542 ms, used_size=1185792 bytes (2.9%)
(RDMA_READ_CONSUME_CHECK_CONSUMER) timestamp=6543 ms, used_size=1183744 bytes (2.9%)
(RDMA_READ_CONSUME_CHECK_CONSUMER) timestamp=6543 ms, used_size=1181696 bytes (2.9%)
(RDMA_READ_CONSUME_CHECK_CONSUMER) timestamp=6543 ms, used_size=1179648 bytes (2.9%)
(RDMA_READ_CONSUME_CHECK_CONSUMER) timestamp=6543 ms, used_size=1177600 bytes (2.9%)
(RDMA_READ_CONSUME_CHECK_CONSUMER) timestamp=6543 ms, used_size=1175552 bytes (2.9%)
(RDMA_READ_CONSUME_CHECK_CONSUMER) timestamp=6543 ms, used_size=1173504 bytes (2.9%)
(RDMA_READ_CONSUME_CHECK_CONSUMER) timestamp=6543 ms, used_size=1171456 bytes (2.9%)
(RDMA_READ_CONSUME_CHECK_CONSUMER) timestamp=6543 ms, used_size=1169408 bytes (2.9%)
(RDMA_READ_CONSUME_CHECK_CONSUMER) timestamp=6543 ms, used_size=1167360 bytes (2.9%)
(RDMA_READ_CONSUME_CHECK_CONSUMER) timestamp=6543 ms, used_size=1165312 bytes (2.8%)
(RDMA_READ_CONSUME_CHECK_CONSUMER) timestamp=6543 ms, used_size=1163264 bytes (2.8%)
(RDMA_READ_CONSUME_CHECK_CONSUMER) timestamp=6543 ms, used_size=1161216 bytes (2.8%)
(RDMA_READ_CONSUME_CHECK_CONSUMER) timestamp=6543 ms, used_size=1159168 bytes (2.8%)
(RDMA_READ_CONSUME_CHECK_CONSUMER) timestamp=6543 ms, used_size=1157120 bytes (2.8%)
(RDMA_READ_CONSUME_CHECK_CONSUMER) timestamp=6543 ms, used_size=1155072 bytes (2.8%)
(RDMA_READ_CONSUME_CHECK_CONSUMER) timestamp=6543 ms, used_size=1153024 bytes (2.8%)
(RDMA_READ_CONSUME_CHECK_CONSUMER) timestamp=6543 ms, used_size=1150976 bytes (2.8%)
(RDMA_READ_CONSUME_CHECK_CONSUMER) timestamp=6543 ms, used_size=1148928 bytes (2.8%)
(RDMA_READ_CONSUME_CHECK_CONSUMER) timestamp=6543 ms, used_size=1146880 bytes (2.8%)
(RDMA_READ_CONSUME_CHECK_CONSUMER) timestamp=6543 ms, used_size=1144832 bytes (2.8%)
(RDMA_READ_CONSUME_CHECK_CONSUMER) timestamp=6543 ms, used_size=1142784 bytes (2.8%)
(RDMA_READ_CONSUME_CHECK_CONSUMER) timestamp=6543 ms, used_size=1140736 bytes (2.8%)
(RDMA_READ_CONSUME_CHECK_CONSUMER) timestamp=6543 ms, used_size=1138688 bytes (2.8%)
(RDMA_READ_CONSUME_CHECK_CONSUMER) timestamp=6543 ms, used_size=1136640 bytes (2.8%)
(RDMA_READ_CONSUME_CHECK_CONSUMER) timestamp=6543 ms, used_size=1134592 bytes (2.8%)
(RDMA_READ_CONSUME_CHECK_CONSUMER) timestamp=6543 ms, used_size=1132544 bytes (2.8%)
(RDMA_READ_CONSUME_CHECK_CONSUMER) timestamp=6543 ms, used_size=1130496 bytes (2.8%)
(RDMA_READ_CONSUME_CHECK_CONSUMER) timestamp=6543 ms, used_size=1128448 bytes (2.8%)
(RDMA_READ_CONSUME_CHECK_CONSUMER) timestamp=6543 ms, used_size=1126400 bytes (2.8%)
(RDMA_READ_CONSUME_CHECK_CONSUMER) timestamp=6543 ms, used_size=1124352 bytes (2.7%)
(RDMA_READ_CONSUME_CHECK_CONSUMER) timestamp=6543 ms, used_size=1122304 bytes (2.7%)
(RDMA_READ_CONSUME_CHECK_CONSUMER) timestamp=6543 ms, used_size=1120256 bytes (2.7%)
(RDMA_READ_CONSUME_CHECK_CONSUMER) timestamp=6543 ms, used_size=1118208 bytes (2.7%)
(RDMA_READ_CONSUME_CHECK_CONSUMER) timestamp=6543 ms, used_size=1116160 bytes (2.7%)
(RDMA_READ_CONSUME_CHECK_CONSUMER) timestamp=6543 ms, used_size=1114112 bytes (2.7%)
(RDMA_READ_CONSUME_CHECK_CONSUMER) timestamp=6543 ms, used_size=1112064 bytes (2.7%)
(RDMA_READ_CONSUME_CHECK_CONSUMER) timestamp=6543 ms, used_size=1110016 bytes (2.7%)
(RDMA_READ_CONSUME_CHECK_CONSUMER) timestamp=6543 ms, used_size=1107968 bytes (2.7%)
(RDMA_READ_CONSUME_CHECK_CONSUMER) timestamp=6543 ms, used_size=1105920 bytes (2.7%)
(RDMA_READ_CONSUME_CHECK_CONSUMER) timestamp=6543 ms, used_size=1103872 bytes (2.7%)
(RDMA_READ_CONSUME_CHECK_CONSUMER) timestamp=6543 ms, used_size=1101824 bytes (2.7%)
(RDMA_READ_CONSUME_CHECK_CONSUMER) timestamp=6543 ms, used_size=1099776 bytes (2.7%)
(RDMA_READ_CONSUME_CHECK_CONSUMER) timestamp=6543 ms, used_size=1097728 bytes (2.7%)
(RDMA_READ_CONSUME_CHECK_CONSUMER) timestamp=6543 ms, used_size=1095680 bytes (2.7%)
(RDMA_READ_CONSUME_CHECK_CONSUMER) timestamp=6543 ms, used_size=1093632 bytes (2.7%)
(RDMA_READ_CONSUME_CHECK_CONSUMER) timestamp=6543 ms, used_size=1091584 bytes (2.7%)
(RDMA_READ_CONSUME_CHECK_CONSUMER) timestamp=6543 ms, used_size=1089536 bytes (2.7%)
(RDMA_READ_CONSUME_CHECK_CONSUMER) timestamp=6543 ms, used_size=1087488 bytes (2.7%)
(RDMA_READ_CONSUME_CHECK_CONSUMER) timestamp=6543 ms, used_size=1085440 bytes (2.6%)
(RDMA_READ_CONSUME_CHECK_CONSUMER) timestamp=6543 ms, used_size=1083392 bytes (2.6%)
(RDMA_READ_CONSUME_CHECK_CONSUMER) timestamp=6543 ms, used_size=1081344 bytes (2.6%)
(RDMA_READ_CONSUME_CHECK_CONSUMER) timestamp=6543 ms, used_size=1079296 bytes (2.6%)
(RDMA_READ_CONSUME_CHECK_CONSUMER) timestamp=6543 ms, used_size=1077248 bytes (2.6%)
(RDMA_READ_CONSUME_CHECK_CONSUMER) timestamp=6543 ms, used_size=1075200 bytes (2.6%)
(RDMA_READ_CONSUME_CHECK_CONSUMER) timestamp=6543 ms, used_size=1073152 bytes (2.6%)
(RDMA_READ_CONSUME_CHECK_CONSUMER) timestamp=6543 ms, used_size=1071104 bytes (2.6%)
(RDMA_READ_CONSUME_CHECK_CONSUMER) timestamp=6543 ms, used_size=1069056 bytes (2.6%)
(RDMA_READ_CONSUME_CHECK_CONSUMER) timestamp=6543 ms, used_size=1067008 bytes (2.6%)
(RDMA_READ_CONSUME_CHECK_CONSUMER) timestamp=6543 ms, used_size=1064960 bytes (2.6%)
(RDMA_READ_CONSUME_CHECK_CONSUMER) timestamp=6543 ms, used_size=1062912 bytes (2.6%)
(RDMA_READ_CONSUME_CHECK_CONSUMER) timestamp=6543 ms, used_size=1060864 bytes (2.6%)
(RDMA_READ_CONSUME_CHECK_CONSUMER) timestamp=6543 ms, used_size=1058816 bytes (2.6%)
(RDMA_READ_CONSUME_CHECK_CONSUMER) timestamp=6543 ms, used_size=1056768 bytes (2.6%)
(RDMA_READ_CONSUME_CHECK_CONSUMER) timestamp=6543 ms, used_size=1054720 bytes (2.6%)
(RDMA_READ_CONSUME_CHECK_CONSUMER) timestamp=6543 ms, used_size=1052672 bytes (2.6%)
(RDMA_READ_CONSUME_CHECK_CONSUMER) timestamp=6543 ms, used_size=1050624 bytes (2.6%)
(RDMA_READ_CONSUME_CHECK_CONSUMER) timestamp=6543 ms, used_size=1048576 bytes (2.6%)
(RDMA_READ_CONSUME_CHECK_CONSUMER) timestamp=6543 ms, used_size=1046528 bytes (2.6%)
(RDMA_READ_CONSUME_CHECK_CONSUMER) timestamp=6543 ms, used_size=1044480 bytes (2.5%)
(RDMA_READ_CONSUME_CHECK_CONSUMER) timestamp=6543 ms, used_size=1042432 bytes (2.5%)
(RDMA_READ_CONSUME_CHECK_CONSUMER) timestamp=6543 ms, used_size=1040384 bytes (2.5%)
(RDMA_READ_CONSUME_CHECK_CONSUMER) timestamp=6543 ms, used_size=1038336 bytes (2.5%)
(RDMA_READ_CONSUME_CHECK_CONSUMER) timestamp=6543 ms, used_size=1036288 bytes (2.5%)
(RDMA_READ_CONSUME_CHECK_CONSUMER) timestamp=6543 ms, used_size=1034240 bytes (2.5%)
(RDMA_READ_CONSUME_CHECK_CONSUMER) timestamp=6543 ms, used_size=1032192 bytes (2.5%)
(RDMA_READ_CONSUME_CHECK_CONSUMER) timestamp=6543 ms, used_size=1030144 bytes (2.5%)
(RDMA_READ_CONSUME_CHECK_CONSUMER) timestamp=6543 ms, used_size=1028096 bytes (2.5%)
(RDMA_READ_CONSUME_CHECK_CONSUMER) timestamp=6543 ms, used_size=1026048 bytes (2.5%)
(RDMA_READ_CONSUME_CHECK_CONSUMER) timestamp=6543 ms, used_size=1024000 bytes (2.5%)
(RDMA_READ_CONSUME_CHECK_CONSUMER) timestamp=6543 ms, used_size=1021952 bytes (2.5%)
(RDMA_READ_CONSUME_CHECK_CONSUMER) timestamp=6543 ms, used_size=1019904 bytes (2.5%)
(RDMA_READ_CONSUME_CHECK_CONSUMER) timestamp=6543 ms, used_size=1017856 bytes (2.5%)
(RDMA_READ_CONSUME_CHECK_CONSUMER) timestamp=6543 ms, used_size=1015808 bytes (2.5%)
(RDMA_READ_CONSUME_CHECK_CONSUMER) timestamp=6543 ms, used_size=1013760 bytes (2.5%)
(RDMA_READ_CONSUME_CHECK_CONSUMER) timestamp=6543 ms, used_size=1011712 bytes (2.5%)
(RDMA_READ_CONSUME_CHECK_CONSUMER) timestamp=6543 ms, used_size=1009664 bytes (2.5%)
(RDMA_READ_CONSUME_CHECK_CONSUMER) timestamp=6543 ms, used_size=1007616 bytes (2.5%)
(RDMA_READ_CONSUME_CHECK_CONSUMER) timestamp=6543 ms, used_size=1005568 bytes (2.5%)
(RDMA_READ_CONSUME_CHECK_CONSUMER) timestamp=6543 ms, used_size=1003520 bytes (2.5%)
(RDMA_READ_CONSUME_CHECK_CONSUMER) timestamp=6543 ms, used_size=1001472 bytes (2.4%)
(RDMA_READ_CONSUME_CHECK_CONSUMER) timestamp=6543 ms, used_size=999424 bytes (2.4%)
(RDMA_READ_CONSUME_CHECK_CONSUMER) timestamp=6543 ms, used_size=997376 bytes (2.4%)
(RDMA_READ_CONSUME_CHECK_CONSUMER) timestamp=6543 ms, used_size=995328 bytes (2.4%)
(RDMA_READ_CONSUME_CHECK_CONSUMER) timestamp=6543 ms, used_size=993280 bytes (2.4%)
(RDMA_READ_CONSUME_CHECK_CONSUMER) timestamp=6543 ms, used_size=991232 bytes (2.4%)
(RDMA_READ_CONSUME_CHECK_CONSUMER) timestamp=6543 ms, used_size=989184 bytes (2.4%)
(RDMA_READ_CONSUME_CHECK_CONSUMER) timestamp=6543 ms, used_size=987136 bytes (2.4%)
(RDMA_READ_CONSUME_CHECK_CONSUMER) timestamp=6543 ms, used_size=985088 bytes (2.4%)
(RDMA_READ_CONSUME_CHECK_CONSUMER) timestamp=6543 ms, used_size=983040 bytes (2.4%)
(RDMA_READ_CONSUME_CHECK_CONSUMER) timestamp=6543 ms, used_size=980992 bytes (2.4%)
(RDMA_READ_CONSUME_CHECK_CONSUMER) timestamp=6543 ms, used_size=978944 bytes (2.4%)
(RDMA_READ_CONSUME_CHECK_CONSUMER) timestamp=6543 ms, used_size=976896 bytes (2.4%)
(RDMA_READ_CONSUME_CHECK_CONSUMER) timestamp=6543 ms, used_size=974848 bytes (2.4%)
(RDMA_READ_CONSUME_CHECK_CONSUMER) timestamp=6543 ms, used_size=972800 bytes (2.4%)
(RDMA_READ_CONSUME_CHECK_CONSUMER) timestamp=6543 ms, used_size=970752 bytes (2.4%)
(RDMA_READ_CONSUME_CHECK_CONSUMER) timestamp=6543 ms, used_size=968704 bytes (2.4%)
(RDMA_READ_CONSUME_CHECK_CONSUMER) timestamp=6543 ms, used_size=966656 bytes (2.4%)
(RDMA_READ_CONSUME_CHECK_CONSUMER) timestamp=6543 ms, used_size=964608 bytes (2.4%)
(RDMA_READ_CONSUME_CHECK_CONSUMER) timestamp=6543 ms, used_size=962560 bytes (2.4%)
(RDMA_READ_CONSUME_CHECK_CONSUMER) timestamp=6543 ms, used_size=960512 bytes (2.3%)
(RDMA_READ_CONSUME_CHECK_CONSUMER) timestamp=6543 ms, used_size=958464 bytes (2.3%)
(RDMA_READ_CONSUME_CHECK_CONSUMER) timestamp=6543 ms, used_size=956416 bytes (2.3%)
(RDMA_READ_CONSUME_CHECK_CONSUMER) timestamp=6543 ms, used_size=954368 bytes (2.3%)
(RDMA_READ_CONSUME_CHECK_CONSUMER) timestamp=6543 ms, used_size=952320 bytes (2.3%)
(RDMA_READ_CONSUME_CHECK_CONSUMER) timestamp=6543 ms, used_size=950272 bytes (2.3%)
(RDMA_READ_CONSUME_CHECK_CONSUMER) timestamp=6543 ms, used_size=948224 bytes (2.3%)
(RDMA_READ_CONSUME_CHECK_CONSUMER) timestamp=6543 ms, used_size=946176 bytes (2.3%)
(RDMA_READ_CONSUME_CHECK_CONSUMER) timestamp=6543 ms, used_size=944128 bytes (2.3%)
(RDMA_READ_CONSUME_CHECK_CONSUMER) timestamp=6543 ms, used_size=942080 bytes (2.3%)
(RDMA_READ_CONSUME_CHECK_CONSUMER) timestamp=6543 ms, used_size=940032 bytes (2.3%)
(RDMA_READ_CONSUME_CHECK_CONSUMER) timestamp=6543 ms, used_size=937984 bytes (2.3%)
(RDMA_READ_CONSUME_CHECK_CONSUMER) timestamp=6543 ms, used_size=935936 bytes (2.3%)
(RDMA_READ_CONSUME_CHECK_CONSUMER) timestamp=6543 ms, used_size=933888 bytes (2.3%)
(RDMA_READ_CONSUME_CHECK_CONSUMER) timestamp=6543 ms, used_size=931840 bytes (2.3%)
(RDMA_READ_CONSUME_CHECK_CONSUMER) timestamp=6543 ms, used_size=929792 bytes (2.3%)
(RDMA_READ_CONSUME_CHECK_CONSUMER) timestamp=6543 ms, used_size=927744 bytes (2.3%)
(RDMA_READ_CONSUME_CHECK_CONSUMER) timestamp=6543 ms, used_size=925696 bytes (2.3%)
(RDMA_READ_CONSUME_CHECK_CONSUMER) timestamp=6543 ms, used_size=923648 bytes (2.3%)
(RDMA_READ_CONSUME_CHECK_CONSUMER) timestamp=6543 ms, used_size=921600 bytes (2.2%)
(RDMA_READ_CONSUME_CHECK_CONSUMER) timestamp=6543 ms, used_size=919552 bytes (2.2%)
(RDMA_READ_CONSUME_CHECK_CONSUMER) timestamp=6543 ms, used_size=917504 bytes (2.2%)
(RDMA_READ_CONSUME_CHECK_CONSUMER) timestamp=6543 ms, used_size=915456 bytes (2.2%)
(RDMA_READ_CONSUME_CHECK_CONSUMER) timestamp=6543 ms, used_size=913408 bytes (2.2%)
(RDMA_READ_CONSUME_CHECK_CONSUMER) timestamp=6543 ms, used_size=911360 bytes (2.2%)
(RDMA_READ_CONSUME_CHECK_CONSUMER) timestamp=6543 ms, used_size=909312 bytes (2.2%)
(RDMA_READ_CONSUME_CHECK_CONSUMER) timestamp=6543 ms, used_size=907264 bytes (2.2%)
(RDMA_READ_CONSUME_CHECK_CONSUMER) timestamp=6543 ms, used_size=905216 bytes (2.2%)
(RDMA_READ_CONSUME_CHECK_CONSUMER) timestamp=6543 ms, used_size=903168 bytes (2.2%)
(RDMA_READ_CONSUME_CHECK_CONSUMER) timestamp=6543 ms, used_size=901120 bytes (2.2%)
(RDMA_READ_CONSUME_CHECK_CONSUMER) timestamp=6543 ms, used_size=899072 bytes (2.2%)
(RDMA_READ_CONSUME_CHECK_CONSUMER) timestamp=6543 ms, used_size=897024 bytes (2.2%)
(RDMA_READ_CONSUME_CHECK_CONSUMER) timestamp=6543 ms, used_size=894976 bytes (2.2%)
(RDMA_READ_CONSUME_CHECK_CONSUMER) timestamp=6543 ms, used_size=892928 bytes (2.2%)
(RDMA_READ_CONSUME_CHECK_CONSUMER) timestamp=6543 ms, used_size=890880 bytes (2.2%)
(RDMA_READ_CONSUME_CHECK_CONSUMER) timestamp=6543 ms, used_size=888832 bytes (2.2%)
(RDMA_READ_CONSUME_CHECK_CONSUMER) timestamp=6543 ms, used_size=886784 bytes (2.2%)
(RDMA_READ_CONSUME_CHECK_CONSUMER) timestamp=6543 ms, used_size=884736 bytes (2.2%)
(RDMA_READ_CONSUME_CHECK_CONSUMER) timestamp=6543 ms, used_size=882688 bytes (2.2%)
(RDMA_READ_CONSUME_CHECK_CONSUMER) timestamp=6543 ms, used_size=880640 bytes (2.1%)
(RDMA_READ_CONSUME_CHECK_CONSUMER) timestamp=6543 ms, used_size=878592 bytes (2.1%)
(RDMA_READ_CONSUME_CHECK_CONSUMER) timestamp=6543 ms, used_size=876544 bytes (2.1%)
(RDMA_READ_CONSUME_CHECK_CONSUMER) timestamp=6543 ms, used_size=874496 bytes (2.1%)
(RDMA_READ_CONSUME_CHECK_CONSUMER) timestamp=6543 ms, used_size=872448 bytes (2.1%)
(RDMA_READ_CONSUME_CHECK_CONSUMER) timestamp=6543 ms, used_size=870400 bytes (2.1%)
(RDMA_READ_CONSUME_CHECK_CONSUMER) timestamp=6543 ms, used_size=868352 bytes (2.1%)
(RDMA_READ_CONSUME_CHECK_CONSUMER) timestamp=6543 ms, used_size=866304 bytes (2.1%)
(RDMA_READ_CONSUME_CHECK_CONSUMER) timestamp=6543 ms, used_size=864256 bytes (2.1%)
(RDMA_READ_CONSUME_CHECK_CONSUMER) timestamp=6543 ms, used_size=862208 bytes (2.1%)
(RDMA_READ_CONSUME_CHECK_CONSUMER) timestamp=6543 ms, used_size=860160 bytes (2.1%)
(RDMA_READ_CONSUME_CHECK_CONSUMER) timestamp=6543 ms, used_size=858112 bytes (2.1%)
(RDMA_READ_CONSUME_CHECK_CONSUMER) timestamp=6543 ms, used_size=856064 bytes (2.1%)
(RDMA_READ_CONSUME_CHECK_CONSUMER) timestamp=6543 ms, used_size=854016 bytes (2.1%)
(RDMA_READ_CONSUME_CHECK_CONSUMER) timestamp=6543 ms, used_size=851968 bytes (2.1%)
(RDMA_READ_CONSUME_CHECK_CONSUMER) timestamp=6543 ms, used_size=849920 bytes (2.1%)
(RDMA_READ_CONSUME_CHECK_CONSUMER) timestamp=6543 ms, used_size=847872 bytes (2.1%)
(RDMA_READ_CONSUME_CHECK_CONSUMER) timestamp=6543 ms, used_size=845824 bytes (2.1%)
(RDMA_READ_CONSUME_CHECK_CONSUMER) timestamp=6543 ms, used_size=843776 bytes (2.1%)
(RDMA_READ_CONSUME_CHECK_CONSUMER) timestamp=6543 ms, used_size=841728 bytes (2.1%)
(RDMA_READ_CONSUME_CHECK_CONSUMER) timestamp=6543 ms, used_size=839680 bytes (2.0%)
(RDMA_READ_CONSUME_CHECK_CONSUMER) timestamp=6543 ms, used_size=837632 bytes (2.0%)
(RDMA_READ_CONSUME_CHECK_CONSUMER) timestamp=6543 ms, used_size=835584 bytes (2.0%)
(RDMA_READ_CONSUME_CHECK_CONSUMER) timestamp=6543 ms, used_size=833536 bytes (2.0%)
(RDMA_READ_CONSUME_CHECK_CONSUMER) timestamp=6543 ms, used_size=831488 bytes (2.0%)
(RDMA_READ_CONSUME_CHECK_CONSUMER) timestamp=6543 ms, used_size=829440 bytes (2.0%)
(RDMA_READ_CONSUME_CHECK_CONSUMER) timestamp=6543 ms, used_size=827392 bytes (2.0%)
(RDMA_READ_CONSUME_CHECK_CONSUMER) timestamp=6543 ms, used_size=825344 bytes (2.0%)
(RDMA_READ_CONSUME_CHECK_CONSUMER) timestamp=6543 ms, used_size=823296 bytes (2.0%)
(RDMA_READ_CONSUME_CHECK_CONSUMER) timestamp=6543 ms, used_size=821248 bytes (2.0%)
(RDMA_READ_CONSUME_CHECK_CONSUMER) timestamp=6543 ms, used_size=819200 bytes (2.0%)
(RDMA_READ_CONSUME_CHECK_CONSUMER) timestamp=6543 ms, used_size=817152 bytes (2.0%)
(RDMA_READ_CONSUME_CHECK_CONSUMER) timestamp=6543 ms, used_size=815104 bytes (2.0%)
(RDMA_READ_CONSUME_CHECK_CONSUMER) timestamp=6543 ms, used_size=813056 bytes (2.0%)
(RDMA_READ_CONSUME_CHECK_CONSUMER) timestamp=6543 ms, used_size=811008 bytes (2.0%)
(RDMA_READ_CONSUME_CHECK_CONSUMER) timestamp=6543 ms, used_size=808960 bytes (2.0%)
(RDMA_READ_CONSUME_CHECK_CONSUMER) timestamp=6543 ms, used_size=806912 bytes (2.0%)
(RDMA_READ_CONSUME_CHECK_CONSUMER) timestamp=6544 ms, used_size=804864 bytes (2.0%)
(RDMA_READ_CONSUME_CHECK_CONSUMER) timestamp=6544 ms, used_size=802816 bytes (2.0%)
(RDMA_READ_CONSUME_CHECK_CONSUMER) timestamp=6544 ms, used_size=800768 bytes (2.0%)
(RDMA_READ_CONSUME_CHECK_CONSUMER) timestamp=6544 ms, used_size=798720 bytes (1.9%)
(RDMA_READ_CONSUME_CHECK_CONSUMER) timestamp=6544 ms, used_size=796672 bytes (1.9%)
(RDMA_READ_CONSUME_CHECK_CONSUMER) timestamp=6544 ms, used_size=794624 bytes (1.9%)
(RDMA_READ_CONSUME_CHECK_CONSUMER) timestamp=6544 ms, used_size=792576 bytes (1.9%)
(RDMA_READ_CONSUME_CHECK_CONSUMER) timestamp=6544 ms, used_size=790528 bytes (1.9%)
(RDMA_READ_CONSUME_CHECK_CONSUMER) timestamp=6544 ms, used_size=788480 bytes (1.9%)
(RDMA_READ_CONSUME_CHECK_CONSUMER) timestamp=6544 ms, used_size=786432 bytes (1.9%)
(RDMA_READ_CONSUME_CHECK_CONSUMER) timestamp=6544 ms, used_size=784384 bytes (1.9%)
(RDMA_READ_CONSUME_CHECK_CONSUMER) timestamp=6544 ms, used_size=782336 bytes (1.9%)
(RDMA_READ_CONSUME_CHECK_CONSUMER) timestamp=6544 ms, used_size=780288 bytes (1.9%)
(RDMA_READ_CONSUME_CHECK_CONSUMER) timestamp=6544 ms, used_size=778240 bytes (1.9%)
(RDMA_READ_CONSUME_CHECK_CONSUMER) timestamp=6544 ms, used_size=776192 bytes (1.9%)
(RDMA_READ_CONSUME_CHECK_CONSUMER) timestamp=6544 ms, used_size=774144 bytes (1.9%)
(RDMA_READ_CONSUME_CHECK_CONSUMER) timestamp=6544 ms, used_size=772096 bytes (1.9%)
(RDMA_READ_CONSUME_CHECK_CONSUMER) timestamp=6544 ms, used_size=770048 bytes (1.9%)
(RDMA_READ_CONSUME_CHECK_CONSUMER) timestamp=6544 ms, used_size=768000 bytes (1.9%)
(RDMA_READ_CONSUME_CHECK_CONSUMER) timestamp=6544 ms, used_size=765952 bytes (1.9%)
(RDMA_READ_CONSUME_CHECK_CONSUMER) timestamp=6544 ms, used_size=763904 bytes (1.9%)
(RDMA_READ_CONSUME_CHECK_CONSUMER) timestamp=6544 ms, used_size=761856 bytes (1.9%)
(RDMA_READ_CONSUME_CHECK_CONSUMER) timestamp=6544 ms, used_size=759808 bytes (1.9%)
(RDMA_READ_CONSUME_CHECK_CONSUMER) timestamp=6544 ms, used_size=757760 bytes (1.9%)
(RDMA_READ_CONSUME_CHECK_CONSUMER) timestamp=6544 ms, used_size=755712 bytes (1.8%)
(RDMA_READ_CONSUME_CHECK_CONSUMER) timestamp=6544 ms, used_size=753664 bytes (1.8%)
(RDMA_READ_CONSUME_CHECK_CONSUMER) timestamp=6544 ms, used_size=751616 bytes (1.8%)
(RDMA_READ_CONSUME_CHECK_CONSUMER) timestamp=6544 ms, used_size=749568 bytes (1.8%)
(RDMA_READ_CONSUME_CHECK_CONSUMER) timestamp=6544 ms, used_size=747520 bytes (1.8%)
(RDMA_READ_CONSUME_CHECK_CONSUMER) timestamp=6544 ms, used_size=745472 bytes (1.8%)
(RDMA_READ_CONSUME_CHECK_CONSUMER) timestamp=6544 ms, used_size=743424 bytes (1.8%)
(RDMA_READ_CONSUME_CHECK_CONSUMER) timestamp=6544 ms, used_size=741376 bytes (1.8%)
(RDMA_READ_CONSUME_CHECK_CONSUMER) timestamp=6544 ms, used_size=739328 bytes (1.8%)
(RDMA_READ_CONSUME_CHECK_CONSUMER) timestamp=6544 ms, used_size=737280 bytes (1.8%)
(RDMA_READ_CONSUME_CHECK_CONSUMER) timestamp=6544 ms, used_size=735232 bytes (1.8%)
(RDMA_READ_CONSUME_CHECK_CONSUMER) timestamp=6544 ms, used_size=733184 bytes (1.8%)
(RDMA_READ_CONSUME_CHECK_CONSUMER) timestamp=6544 ms, used_size=731136 bytes (1.8%)
(RDMA_READ_CONSUME_CHECK_CONSUMER) timestamp=6544 ms, used_size=729088 bytes (1.8%)
(RDMA_READ_CONSUME_CHECK_CONSUMER) timestamp=6544 ms, used_size=727040 bytes (1.8%)
(RDMA_READ_CONSUME_CHECK_CONSUMER) timestamp=6544 ms, used_size=724992 bytes (1.8%)
(RDMA_READ_CONSUME_CHECK_CONSUMER) timestamp=6544 ms, used_size=722944 bytes (1.8%)
(RDMA_READ_CONSUME_CHECK_CONSUMER) timestamp=6544 ms, used_size=720896 bytes (1.8%)
(RDMA_READ_CONSUME_CHECK_CONSUMER) timestamp=6544 ms, used_size=718848 bytes (1.8%)
(RDMA_READ_CONSUME_CHECK_CONSUMER) timestamp=6544 ms, used_size=716800 bytes (1.8%)
(RDMA_READ_CONSUME_CHECK_CONSUMER) timestamp=6544 ms, used_size=714752 bytes (1.7%)
(RDMA_READ_CONSUME_CHECK_CONSUMER) timestamp=6544 ms, used_size=712704 bytes (1.7%)
(RDMA_READ_CONSUME_CHECK_CONSUMER) timestamp=6544 ms, used_size=710656 bytes (1.7%)
(RDMA_READ_CONSUME_CHECK_CONSUMER) timestamp=6544 ms, used_size=708608 bytes (1.7%)
(RDMA_READ_CONSUME_CHECK_CONSUMER) timestamp=6544 ms, used_size=706560 bytes (1.7%)
(RDMA_READ_CONSUME_CHECK_CONSUMER) timestamp=6544 ms, used_size=704512 bytes (1.7%)
(RDMA_READ_CONSUME_CHECK_CONSUMER) timestamp=6544 ms, used_size=702464 bytes (1.7%)
(RDMA_READ_CONSUME_CHECK_CONSUMER) timestamp=6544 ms, used_size=700416 bytes (1.7%)
(RDMA_READ_CONSUME_CHECK_CONSUMER) timestamp=6544 ms, used_size=698368 bytes (1.7%)
(RDMA_READ_CONSUME_CHECK_CONSUMER) timestamp=6544 ms, used_size=696320 bytes (1.7%)
(RDMA_READ_CONSUME_CHECK_CONSUMER) timestamp=6544 ms, used_size=694272 bytes (1.7%)
(RDMA_READ_CONSUME_CHECK_CONSUMER) timestamp=6544 ms, used_size=692224 bytes (1.7%)
(RDMA_READ_CONSUME_CHECK_CONSUMER) timestamp=6544 ms, used_size=690176 bytes (1.7%)
(RDMA_READ_CONSUME_CHECK_CONSUMER) timestamp=6544 ms, used_size=688128 bytes (1.7%)
(RDMA_READ_CONSUME_CHECK_CONSUMER) timestamp=6544 ms, used_size=686080 bytes (1.7%)
(RDMA_READ_CONSUME_CHECK_CONSUMER) timestamp=6544 ms, used_size=684032 bytes (1.7%)
(RDMA_READ_CONSUME_CHECK_CONSUMER) timestamp=6544 ms, used_size=681984 bytes (1.7%)
(RDMA_READ_CONSUME_CHECK_CONSUMER) timestamp=6544 ms, used_size=679936 bytes (1.7%)
(RDMA_READ_CONSUME_CHECK_CONSUMER) timestamp=6544 ms, used_size=677888 bytes (1.7%)
(RDMA_READ_CONSUME_CHECK_CONSUMER) timestamp=6544 ms, used_size=675840 bytes (1.6%)
(RDMA_READ_CONSUME_CHECK_CONSUMER) timestamp=6544 ms, used_size=673792 bytes (1.6%)
(RDMA_READ_CONSUME_CHECK_CONSUMER) timestamp=6544 ms, used_size=671744 bytes (1.6%)
(RDMA_READ_CONSUME_CHECK_CONSUMER) timestamp=6544 ms, used_size=669696 bytes (1.6%)
(RDMA_READ_CONSUME_CHECK_CONSUMER) timestamp=6544 ms, used_size=667648 bytes (1.6%)
(RDMA_READ_CONSUME_CHECK_CONSUMER) timestamp=6544 ms, used_size=665600 bytes (1.6%)
(RDMA_READ_CONSUME_CHECK_CONSUMER) timestamp=6544 ms, used_size=663552 bytes (1.6%)
(RDMA_READ_CONSUME_CHECK_CONSUMER) timestamp=6544 ms, used_size=661504 bytes (1.6%)
(RDMA_READ_CONSUME_CHECK_CONSUMER) timestamp=6544 ms, used_size=659456 bytes (1.6%)
(RDMA_READ_CONSUME_CHECK_CONSUMER) timestamp=6544 ms, used_size=657408 bytes (1.6%)
(RDMA_READ_CONSUME_CHECK_CONSUMER) timestamp=6544 ms, used_size=655360 bytes (1.6%)
(RDMA_READ_CONSUME_CHECK_CONSUMER) timestamp=6544 ms, used_size=653312 bytes (1.6%)
(RDMA_READ_CONSUME_CHECK_CONSUMER) timestamp=6544 ms, used_size=651264 bytes (1.6%)
(RDMA_READ_CONSUME_CHECK_CONSUMER) timestamp=6544 ms, used_size=649216 bytes (1.6%)
(RDMA_READ_CONSUME_CHECK_CONSUMER) timestamp=6544 ms, used_size=647168 bytes (1.6%)
(RDMA_READ_CONSUME_CHECK_CONSUMER) timestamp=6544 ms, used_size=645120 bytes (1.6%)
(RDMA_READ_CONSUME_CHECK_CONSUMER) timestamp=6544 ms, used_size=643072 bytes (1.6%)
(RDMA_READ_CONSUME_CHECK_CONSUMER) timestamp=6544 ms, used_size=641024 bytes (1.6%)
(RDMA_READ_CONSUME_CHECK_CONSUMER) timestamp=6544 ms, used_size=638976 bytes (1.6%)
(RDMA_READ_CONSUME_CHECK_CONSUMER) timestamp=6544 ms, used_size=636928 bytes (1.6%)
(RDMA_READ_CONSUME_CHECK_CONSUMER) timestamp=6544 ms, used_size=634880 bytes (1.6%)
(RDMA_READ_CONSUME_CHECK_CONSUMER) timestamp=6544 ms, used_size=632832 bytes (1.5%)
(RDMA_READ_CONSUME_CHECK_CONSUMER) timestamp=6544 ms, used_size=630784 bytes (1.5%)
(RDMA_READ_CONSUME_CHECK_CONSUMER) timestamp=6544 ms, used_size=628736 bytes (1.5%)
(RDMA_READ_CONSUME_CHECK_CONSUMER) timestamp=6544 ms, used_size=626688 bytes (1.5%)
(RDMA_READ_CONSUME_CHECK_CONSUMER) timestamp=6544 ms, used_size=624640 bytes (1.5%)
(RDMA_READ_CONSUME_CHECK_CONSUMER) timestamp=6544 ms, used_size=622592 bytes (1.5%)
(RDMA_READ_CONSUME_CHECK_CONSUMER) timestamp=6544 ms, used_size=620544 bytes (1.5%)
(RDMA_READ_CONSUME_CHECK_CONSUMER) timestamp=6544 ms, used_size=618496 bytes (1.5%)
(RDMA_READ_CONSUME_CHECK_CONSUMER) timestamp=6544 ms, used_size=616448 bytes (1.5%)
(RDMA_READ_CONSUME_CHECK_CONSUMER) timestamp=6544 ms, used_size=614400 bytes (1.5%)
(RDMA_READ_CONSUME_CHECK_CONSUMER) timestamp=6544 ms, used_size=612352 bytes (1.5%)
(RDMA_READ_CONSUME_CHECK_CONSUMER) timestamp=6544 ms, used_size=610304 bytes (1.5%)
(RDMA_READ_CONSUME_CHECK_CONSUMER) timestamp=6544 ms, used_size=608256 bytes (1.5%)
(RDMA_READ_CONSUME_CHECK_CONSUMER) timestamp=6544 ms, used_size=606208 bytes (1.5%)
(RDMA_READ_CONSUME_CHECK_CONSUMER) timestamp=6544 ms, used_size=604160 bytes (1.5%)
(RDMA_READ_CONSUME_CHECK_CONSUMER) timestamp=6544 ms, used_size=602112 bytes (1.5%)
(RDMA_READ_CONSUME_CHECK_CONSUMER) timestamp=6544 ms, used_size=600064 bytes (1.5%)
(RDMA_READ_CONSUME_CHECK_CONSUMER) timestamp=6544 ms, used_size=598016 bytes (1.5%)
(RDMA_READ_CONSUME_CHECK_CONSUMER) timestamp=6544 ms, used_size=595968 bytes (1.5%)
(RDMA_READ_CONSUME_CHECK_CONSUMER) timestamp=6544 ms, used_size=593920 bytes (1.4%)
(RDMA_READ_CONSUME_CHECK_CONSUMER) timestamp=6544 ms, used_size=591872 bytes (1.4%)
(RDMA_READ_CONSUME_CHECK_CONSUMER) timestamp=6544 ms, used_size=589824 bytes (1.4%)
(RDMA_READ_CONSUME_CHECK_CONSUMER) timestamp=6544 ms, used_size=587776 bytes (1.4%)
(RDMA_READ_CONSUME_CHECK_CONSUMER) timestamp=6544 ms, used_size=585728 bytes (1.4%)
(RDMA_READ_CONSUME_CHECK_CONSUMER) timestamp=6544 ms, used_size=583680 bytes (1.4%)
(RDMA_READ_CONSUME_CHECK_CONSUMER) timestamp=6544 ms, used_size=581632 bytes (1.4%)
(RDMA_READ_CONSUME_CHECK_CONSUMER) timestamp=6544 ms, used_size=579584 bytes (1.4%)
(RDMA_READ_CONSUME_CHECK_CONSUMER) timestamp=6544 ms, used_size=577536 bytes (1.4%)
(RDMA_READ_CONSUME_CHECK_CONSUMER) timestamp=6544 ms, used_size=575488 bytes (1.4%)
(RDMA_READ_CONSUME_CHECK_CONSUMER) timestamp=6544 ms, used_size=573440 bytes (1.4%)
(RDMA_READ_CONSUME_CHECK_CONSUMER) timestamp=6544 ms, used_size=571392 bytes (1.4%)
(RDMA_READ_CONSUME_CHECK_CONSUMER) timestamp=6544 ms, used_size=569344 bytes (1.4%)
(RDMA_READ_CONSUME_CHECK_CONSUMER) timestamp=6544 ms, used_size=567296 bytes (1.4%)
(RDMA_READ_CONSUME_CHECK_CONSUMER) timestamp=6544 ms, used_size=565248 bytes (1.4%)
(RDMA_READ_CONSUME_CHECK_CONSUMER) timestamp=6544 ms, used_size=563200 bytes (1.4%)
(RDMA_READ_CONSUME_CHECK_CONSUMER) timestamp=6544 ms, used_size=561152 bytes (1.4%)
(RDMA_READ_CONSUME_CHECK_CONSUMER) timestamp=6544 ms, used_size=559104 bytes (1.4%)
(RDMA_READ_CONSUME_CHECK_CONSUMER) timestamp=6544 ms, used_size=557056 bytes (1.4%)
(RDMA_READ_CONSUME_CHECK_CONSUMER) timestamp=6544 ms, used_size=555008 bytes (1.4%)
(RDMA_READ_CONSUME_CHECK_CONSUMER) timestamp=6544 ms, used_size=552960 bytes (1.4%)
(RDMA_READ_CONSUME_CHECK_CONSUMER) timestamp=6544 ms, used_size=550912 bytes (1.3%)
(RDMA_READ_CONSUME_CHECK_CONSUMER) timestamp=6544 ms, used_size=548864 bytes (1.3%)
(RDMA_READ_CONSUME_CHECK_CONSUMER) timestamp=6544 ms, used_size=546816 bytes (1.3%)
(RDMA_READ_CONSUME_CHECK_CONSUMER) timestamp=6544 ms, used_size=544768 bytes (1.3%)
(RDMA_READ_CONSUME_CHECK_CONSUMER) timestamp=6544 ms, used_size=542720 bytes (1.3%)
(RDMA_READ_CONSUME_CHECK_CONSUMER) timestamp=6544 ms, used_size=540672 bytes (1.3%)
(RDMA_READ_CONSUME_CHECK_CONSUMER) timestamp=6544 ms, used_size=538624 bytes (1.3%)
(RDMA_READ_CONSUME_CHECK_CONSUMER) timestamp=6544 ms, used_size=536576 bytes (1.3%)
(RDMA_READ_CONSUME_CHECK_CONSUMER) timestamp=6544 ms, used_size=534528 bytes (1.3%)
(RDMA_READ_CONSUME_CHECK_CONSUMER) timestamp=6544 ms, used_size=532480 bytes (1.3%)
(RDMA_READ_CONSUME_CHECK_CONSUMER) timestamp=6544 ms, used_size=530432 bytes (1.3%)
(RDMA_READ_CONSUME_CHECK_CONSUMER) timestamp=6544 ms, used_size=528384 bytes (1.3%)
(RDMA_READ_CONSUME_CHECK_CONSUMER) timestamp=6544 ms, used_size=526336 bytes (1.3%)
(RDMA_READ_CONSUME_CHECK_CONSUMER) timestamp=6544 ms, used_size=524288 bytes (1.3%)
(RDMA_READ_CONSUME_CHECK_CONSUMER) timestamp=6544 ms, used_size=522240 bytes (1.3%)
(RDMA_READ_CONSUME_CHECK_CONSUMER) timestamp=6544 ms, used_size=520192 bytes (1.3%)
(RDMA_READ_CONSUME_CHECK_CONSUMER) timestamp=6544 ms, used_size=518144 bytes (1.3%)
(RDMA_READ_CONSUME_CHECK_CONSUMER) timestamp=6544 ms, used_size=516096 bytes (1.3%)
(RDMA_READ_CONSUME_CHECK_CONSUMER) timestamp=6544 ms, used_size=514048 bytes (1.3%)
(RDMA_READ_CONSUME_CHECK_CONSUMER) timestamp=6544 ms, used_size=512000 bytes (1.2%)
(RDMA_READ_CONSUME_CHECK_CONSUMER) timestamp=6544 ms, used_size=509952 bytes (1.2%)
(RDMA_READ_CONSUME_CHECK_CONSUMER) timestamp=6544 ms, used_size=507904 bytes (1.2%)
(RDMA_READ_CONSUME_CHECK_CONSUMER) timestamp=6544 ms, used_size=505856 bytes (1.2%)
(RDMA_READ_CONSUME_CHECK_CONSUMER) timestamp=6544 ms, used_size=503808 bytes (1.2%)
(RDMA_READ_CONSUME_CHECK_CONSUMER) timestamp=6544 ms, used_size=501760 bytes (1.2%)
(RDMA_READ_CONSUME_CHECK_CONSUMER) timestamp=6544 ms, used_size=499712 bytes (1.2%)
(RDMA_READ_CONSUME_CHECK_CONSUMER) timestamp=6544 ms, used_size=497664 bytes (1.2%)
(RDMA_READ_CONSUME_CHECK_CONSUMER) timestamp=6544 ms, used_size=495616 bytes (1.2%)
(RDMA_READ_CONSUME_CHECK_CONSUMER) timestamp=6544 ms, used_size=493568 bytes (1.2%)
(RDMA_READ_CONSUME_CHECK_CONSUMER) timestamp=6544 ms, used_size=491520 bytes (1.2%)
(RDMA_READ_CONSUME_CHECK_CONSUMER) timestamp=6544 ms, used_size=489472 bytes (1.2%)
(RDMA_READ_CONSUME_CHECK_CONSUMER) timestamp=6544 ms, used_size=487424 bytes (1.2%)
(RDMA_READ_CONSUME_CHECK_CONSUMER) timestamp=6544 ms, used_size=485376 bytes (1.2%)
(RDMA_READ_CONSUME_CHECK_CONSUMER) timestamp=6544 ms, used_size=483328 bytes (1.2%)
(RDMA_READ_CONSUME_CHECK_CONSUMER) timestamp=6544 ms, used_size=481280 bytes (1.2%)
(RDMA_READ_CONSUME_CHECK_CONSUMER) timestamp=6544 ms, used_size=479232 bytes (1.2%)
(RDMA_READ_CONSUME_CHECK_CONSUMER) timestamp=6544 ms, used_size=477184 bytes (1.2%)
(RDMA_READ_CONSUME_CHECK_CONSUMER) timestamp=6544 ms, used_size=475136 bytes (1.2%)
(RDMA_READ_CONSUME_CHECK_CONSUMER) timestamp=6544 ms, used_size=473088 bytes (1.2%)
(RDMA_READ_CONSUME_CHECK_CONSUMER) timestamp=6544 ms, used_size=471040 bytes (1.1%)
(RDMA_READ_CONSUME_CHECK_CONSUMER) timestamp=6544 ms, used_size=468992 bytes (1.1%)
(RDMA_READ_CONSUME_CHECK_CONSUMER) timestamp=6544 ms, used_size=466944 bytes (1.1%)
(RDMA_READ_CONSUME_CHECK_CONSUMER) timestamp=6544 ms, used_size=464896 bytes (1.1%)
(RDMA_READ_CONSUME_CHECK_CONSUMER) timestamp=6544 ms, used_size=462848 bytes (1.1%)
(RDMA_READ_CONSUME_CHECK_CONSUMER) timestamp=6544 ms, used_size=460800 bytes (1.1%)
(RDMA_READ_CONSUME_CHECK_CONSUMER) timestamp=6544 ms, used_size=458752 bytes (1.1%)
(RDMA_READ_CONSUME_CHECK_CONSUMER) timestamp=6544 ms, used_size=456704 bytes (1.1%)
(RDMA_READ_CONSUME_CHECK_CONSUMER) timestamp=6544 ms, used_size=454656 bytes (1.1%)
(RDMA_READ_CONSUME_CHECK_CONSUMER) timestamp=6544 ms, used_size=452608 bytes (1.1%)
(RDMA_READ_CONSUME_CHECK_CONSUMER) timestamp=6544 ms, used_size=450560 bytes (1.1%)
(RDMA_READ_CONSUME_CHECK_CONSUMER) timestamp=6544 ms, used_size=448512 bytes (1.1%)
(RDMA_READ_CONSUME_CHECK_CONSUMER) timestamp=6544 ms, used_size=446464 bytes (1.1%)
(RDMA_READ_CONSUME_CHECK_CONSUMER) timestamp=6544 ms, used_size=444416 bytes (1.1%)
(RDMA_READ_CONSUME_CHECK_CONSUMER) timestamp=6544 ms, used_size=442368 bytes (1.1%)
(RDMA_READ_CONSUME_CHECK_CONSUMER) timestamp=6544 ms, used_size=440320 bytes (1.1%)
(RDMA_READ_CONSUME_CHECK_CONSUMER) timestamp=6544 ms, used_size=438272 bytes (1.1%)
(RDMA_READ_CONSUME_CHECK_CONSUMER) timestamp=6544 ms, used_size=436224 bytes (1.1%)
(RDMA_READ_CONSUME_CHECK_CONSUMER) timestamp=6544 ms, used_size=434176 bytes (1.1%)
(RDMA_READ_CONSUME_CHECK_CONSUMER) timestamp=6544 ms, used_size=432128 bytes (1.1%)
(RDMA_READ_CONSUME_CHECK_CONSUMER) timestamp=6545 ms, used_size=430080 bytes (1.1%)
(RDMA_READ_CONSUME_CHECK_CONSUMER) timestamp=6545 ms, used_size=428032 bytes (1.0%)
(RDMA_READ_CONSUME_CHECK_CONSUMER) timestamp=6545 ms, used_size=425984 bytes (1.0%)
(RDMA_READ_CONSUME_CHECK_CONSUMER) timestamp=6545 ms, used_size=423936 bytes (1.0%)
(RDMA_READ_CONSUME_CHECK_CONSUMER) timestamp=6545 ms, used_size=421888 bytes (1.0%)
(RDMA_READ_CONSUME_CHECK_CONSUMER) timestamp=6545 ms, used_size=419840 bytes (1.0%)
(RDMA_READ_CONSUME_CHECK_CONSUMER) timestamp=6545 ms, used_size=417792 bytes (1.0%)
(RDMA_READ_CONSUME_CHECK_CONSUMER) timestamp=6545 ms, used_size=415744 bytes (1.0%)
(RDMA_READ_CONSUME_CHECK_CONSUMER) timestamp=6545 ms, used_size=413696 bytes (1.0%)
(RDMA_READ_CONSUME_CHECK_CONSUMER) timestamp=6545 ms, used_size=411648 bytes (1.0%)
(RDMA_READ_CONSUME_CHECK_CONSUMER) timestamp=6545 ms, used_size=409600 bytes (1.0%)
(RDMA_READ_CONSUME_CHECK_CONSUMER) timestamp=6545 ms, used_size=407552 bytes (1.0%)
(RDMA_READ_CONSUME_CHECK_CONSUMER) timestamp=6545 ms, used_size=405504 bytes (1.0%)
(RDMA_READ_CONSUME_CHECK_CONSUMER) timestamp=6545 ms, used_size=403456 bytes (1.0%)
(RDMA_READ_CONSUME_CHECK_CONSUMER) timestamp=6545 ms, used_size=401408 bytes (1.0%)
(RDMA_READ_CONSUME_CHECK_CONSUMER) timestamp=6545 ms, used_size=399360 bytes (1.0%)
(RDMA_READ_CONSUME_CHECK_CONSUMER) timestamp=6545 ms, used_size=397312 bytes (1.0%)
(RDMA_READ_CONSUME_CHECK_CONSUMER) timestamp=6545 ms, used_size=395264 bytes (1.0%)
(RDMA_READ_CONSUME_CHECK_CONSUMER) timestamp=6545 ms, used_size=393216 bytes (1.0%)
(RDMA_READ_CONSUME_CHECK_CONSUMER) timestamp=6545 ms, used_size=391168 bytes (1.0%)
(RDMA_READ_CONSUME_CHECK_CONSUMER) timestamp=6545 ms, used_size=389120 bytes (0.9%)
(RDMA_READ_CONSUME_CHECK_CONSUMER) timestamp=6545 ms, used_size=387072 bytes (0.9%)
(RDMA_READ_CONSUME_CHECK_CONSUMER) timestamp=6545 ms, used_size=385024 bytes (0.9%)
(RDMA_READ_CONSUME_CHECK_CONSUMER) timestamp=6545 ms, used_size=382976 bytes (0.9%)
(RDMA_READ_CONSUME_CHECK_CONSUMER) timestamp=6545 ms, used_size=380928 bytes (0.9%)
(RDMA_READ_CONSUME_CHECK_CONSUMER) timestamp=6545 ms, used_size=378880 bytes (0.9%)
(RDMA_READ_CONSUME_CHECK_CONSUMER) timestamp=6545 ms, used_size=376832 bytes (0.9%)
(RDMA_READ_CONSUME_CHECK_CONSUMER) timestamp=6545 ms, used_size=374784 bytes (0.9%)
(RDMA_READ_CONSUME_CHECK_CONSUMER) timestamp=6545 ms, used_size=372736 bytes (0.9%)
(RDMA_READ_CONSUME_CHECK_CONSUMER) timestamp=6545 ms, used_size=370688 bytes (0.9%)
(RDMA_READ_CONSUME_CHECK_CONSUMER) timestamp=6545 ms, used_size=368640 bytes (0.9%)
(RDMA_READ_CONSUME_CHECK_CONSUMER) timestamp=6545 ms, used_size=366592 bytes (0.9%)
(RDMA_READ_CONSUME_CHECK_CONSUMER) timestamp=6545 ms, used_size=364544 bytes (0.9%)
(RDMA_READ_CONSUME_CHECK_CONSUMER) timestamp=6545 ms, used_size=362496 bytes (0.9%)
(RDMA_READ_CONSUME_CHECK_CONSUMER) timestamp=6545 ms, used_size=360448 bytes (0.9%)
(RDMA_READ_CONSUME_CHECK_CONSUMER) timestamp=6545 ms, used_size=358400 bytes (0.9%)
(RDMA_READ_CONSUME_CHECK_CONSUMER) timestamp=6545 ms, used_size=356352 bytes (0.9%)
(RDMA_READ_CONSUME_CHECK_CONSUMER) timestamp=6545 ms, used_size=354304 bytes (0.9%)
(RDMA_READ_CONSUME_CHECK_CONSUMER) timestamp=6545 ms, used_size=352256 bytes (0.9%)
(RDMA_READ_CONSUME_CHECK_CONSUMER) timestamp=6545 ms, used_size=350208 bytes (0.9%)
(RDMA_READ_CONSUME_CHECK_CONSUMER) timestamp=6545 ms, used_size=348160 bytes (0.8%)
(RDMA_READ_CONSUME_CHECK_CONSUMER) timestamp=6545 ms, used_size=346112 bytes (0.8%)
(RDMA_READ_CONSUME_CHECK_CONSUMER) timestamp=6545 ms, used_size=344064 bytes (0.8%)
(RDMA_READ_CONSUME_CHECK_CONSUMER) timestamp=6545 ms, used_size=342016 bytes (0.8%)
(RDMA_READ_CONSUME_CHECK_CONSUMER) timestamp=6545 ms, used_size=339968 bytes (0.8%)
(RDMA_READ_CONSUME_CHECK_CONSUMER) timestamp=6545 ms, used_size=337920 bytes (0.8%)
(RDMA_READ_CONSUME_CHECK_CONSUMER) timestamp=6545 ms, used_size=335872 bytes (0.8%)
(RDMA_READ_CONSUME_CHECK_CONSUMER) timestamp=6545 ms, used_size=333824 bytes (0.8%)
(RDMA_READ_CONSUME_CHECK_CONSUMER) timestamp=6545 ms, used_size=331776 bytes (0.8%)
(RDMA_READ_CONSUME_CHECK_CONSUMER) timestamp=6545 ms, used_size=329728 bytes (0.8%)
(RDMA_READ_CONSUME_CHECK_CONSUMER) timestamp=6545 ms, used_size=327680 bytes (0.8%)
(RDMA_READ_CONSUME_CHECK_CONSUMER) timestamp=6545 ms, used_size=325632 bytes (0.8%)
(RDMA_READ_CONSUME_CHECK_CONSUMER) timestamp=6545 ms, used_size=323584 bytes (0.8%)
(RDMA_READ_CONSUME_CHECK_CONSUMER) timestamp=6545 ms, used_size=321536 bytes (0.8%)
(RDMA_READ_CONSUME_CHECK_CONSUMER) timestamp=6545 ms, used_size=319488 bytes (0.8%)
(RDMA_READ_CONSUME_CHECK_CONSUMER) timestamp=6545 ms, used_size=317440 bytes (0.8%)
(RDMA_READ_CONSUME_CHECK_CONSUMER) timestamp=6545 ms, used_size=315392 bytes (0.8%)
(RDMA_READ_CONSUME_CHECK_CONSUMER) timestamp=6545 ms, used_size=313344 bytes (0.8%)
(RDMA_READ_CONSUME_CHECK_CONSUMER) timestamp=6545 ms, used_size=311296 bytes (0.8%)
(RDMA_READ_CONSUME_CHECK_CONSUMER) timestamp=6545 ms, used_size=309248 bytes (0.8%)
(RDMA_READ_CONSUME_CHECK_CONSUMER) timestamp=6545 ms, used_size=307200 bytes (0.8%)
(RDMA_READ_CONSUME_CHECK_CONSUMER) timestamp=6545 ms, used_size=305152 bytes (0.7%)
(RDMA_READ_CONSUME_CHECK_CONSUMER) timestamp=6545 ms, used_size=303104 bytes (0.7%)
(RDMA_READ_CONSUME_CHECK_CONSUMER) timestamp=6545 ms, used_size=301056 bytes (0.7%)
(RDMA_READ_CONSUME_CHECK_CONSUMER) timestamp=6545 ms, used_size=299008 bytes (0.7%)
(RDMA_READ_CONSUME_CHECK_CONSUMER) timestamp=6545 ms, used_size=296960 bytes (0.7%)
(RDMA_READ_CONSUME_CHECK_CONSUMER) timestamp=6545 ms, used_size=294912 bytes (0.7%)
(RDMA_READ_CONSUME_CHECK_CONSUMER) timestamp=6545 ms, used_size=292864 bytes (0.7%)
(RDMA_READ_CONSUME_CHECK_CONSUMER) timestamp=6545 ms, used_size=290816 bytes (0.7%)
(RDMA_READ_CONSUME_CHECK_CONSUMER) timestamp=6545 ms, used_size=288768 bytes (0.7%)
(RDMA_READ_CONSUME_CHECK_CONSUMER) timestamp=6545 ms, used_size=286720 bytes (0.7%)
(RDMA_READ_CONSUME_CHECK_CONSUMER) timestamp=6545 ms, used_size=284672 bytes (0.7%)
(RDMA_READ_CONSUME_CHECK_CONSUMER) timestamp=6545 ms, used_size=282624 bytes (0.7%)
(RDMA_READ_CONSUME_CHECK_CONSUMER) timestamp=6545 ms, used_size=280576 bytes (0.7%)
(RDMA_READ_CONSUME_CHECK_CONSUMER) timestamp=6545 ms, used_size=278528 bytes (0.7%)
(RDMA_READ_CONSUME_CHECK_CONSUMER) timestamp=6545 ms, used_size=276480 bytes (0.7%)
(RDMA_READ_CONSUME_CHECK_CONSUMER) timestamp=6545 ms, used_size=274432 bytes (0.7%)
(RDMA_READ_CONSUME_CHECK_CONSUMER) timestamp=6545 ms, used_size=272384 bytes (0.7%)
(RDMA_READ_CONSUME_CHECK_CONSUMER) timestamp=6545 ms, used_size=270336 bytes (0.7%)
(RDMA_READ_CONSUME_CHECK_CONSUMER) timestamp=6545 ms, used_size=268288 bytes (0.7%)
(RDMA_READ_CONSUME_CHECK_CONSUMER) timestamp=6545 ms, used_size=266240 bytes (0.7%)
(RDMA_READ_CONSUME_CHECK_CONSUMER) timestamp=6545 ms, used_size=264192 bytes (0.6%)
(RDMA_READ_CONSUME_CHECK_CONSUMER) timestamp=6545 ms, used_size=262144 bytes (0.6%)
(RDMA_READ_CONSUME_CHECK_CONSUMER) timestamp=6545 ms, used_size=260096 bytes (0.6%)
(RDMA_READ_CONSUME_CHECK_CONSUMER) timestamp=6545 ms, used_size=258048 bytes (0.6%)
(RDMA_READ_CONSUME_CHECK_CONSUMER) timestamp=6545 ms, used_size=256000 bytes (0.6%)
(RDMA_READ_CONSUME_CHECK_CONSUMER) timestamp=6545 ms, used_size=253952 bytes (0.6%)
(RDMA_READ_CONSUME_CHECK_CONSUMER) timestamp=6545 ms, used_size=251904 bytes (0.6%)
(RDMA_READ_CONSUME_CHECK_CONSUMER) timestamp=6545 ms, used_size=249856 bytes (0.6%)
(RDMA_READ_CONSUME_CHECK_CONSUMER) timestamp=6545 ms, used_size=247808 bytes (0.6%)
(RDMA_READ_CONSUME_CHECK_CONSUMER) timestamp=6545 ms, used_size=245760 bytes (0.6%)
(RDMA_READ_CONSUME_CHECK_CONSUMER) timestamp=6545 ms, used_size=243712 bytes (0.6%)
(RDMA_READ_CONSUME_CHECK_CONSUMER) timestamp=6545 ms, used_size=241664 bytes (0.6%)
(RDMA_READ_CONSUME_CHECK_CONSUMER) timestamp=6545 ms, used_size=239616 bytes (0.6%)
(RDMA_READ_CONSUME_CHECK_CONSUMER) timestamp=6545 ms, used_size=237568 bytes (0.6%)
(RDMA_READ_CONSUME_CHECK_CONSUMER) timestamp=6545 ms, used_size=235520 bytes (0.6%)
(RDMA_READ_CONSUME_CHECK_CONSUMER) timestamp=6545 ms, used_size=233472 bytes (0.6%)
(RDMA_READ_CONSUME_CHECK_CONSUMER) timestamp=6545 ms, used_size=231424 bytes (0.6%)
(RDMA_READ_CONSUME_CHECK_CONSUMER) timestamp=6545 ms, used_size=229376 bytes (0.6%)
(RDMA_READ_CONSUME_CHECK_CONSUMER) timestamp=6545 ms, used_size=227328 bytes (0.6%)
(RDMA_READ_CONSUME_CHECK_CONSUMER) timestamp=6545 ms, used_size=225280 bytes (0.6%)
(RDMA_READ_CONSUME_CHECK_CONSUMER) timestamp=6545 ms, used_size=223232 bytes (0.5%)
(RDMA_READ_CONSUME_CHECK_CONSUMER) timestamp=6545 ms, used_size=221184 bytes (0.5%)
(RDMA_READ_CONSUME_CHECK_CONSUMER) timestamp=6545 ms, used_size=219136 bytes (0.5%)
(RDMA_READ_CONSUME_CHECK_CONSUMER) timestamp=6545 ms, used_size=217088 bytes (0.5%)
(RDMA_READ_CONSUME_CHECK_CONSUMER) timestamp=6545 ms, used_size=215040 bytes (0.5%)
(RDMA_READ_CONSUME_CHECK_CONSUMER) timestamp=6545 ms, used_size=212992 bytes (0.5%)
(RDMA_READ_CONSUME_CHECK_CONSUMER) timestamp=6545 ms, used_size=210944 bytes (0.5%)
(RDMA_READ_CONSUME_CHECK_CONSUMER) timestamp=6545 ms, used_size=208896 bytes (0.5%)
(RDMA_READ_CONSUME_CHECK_CONSUMER) timestamp=6545 ms, used_size=206848 bytes (0.5%)
(RDMA_READ_CONSUME_CHECK_CONSUMER) timestamp=6545 ms, used_size=204800 bytes (0.5%)
(RDMA_READ_CONSUME_CHECK_CONSUMER) timestamp=6545 ms, used_size=202752 bytes (0.5%)
(RDMA_READ_CONSUME_CHECK_CONSUMER) timestamp=6545 ms, used_size=200704 bytes (0.5%)
(RDMA_READ_CONSUME_CHECK_CONSUMER) timestamp=6545 ms, used_size=198656 bytes (0.5%)
(RDMA_READ_CONSUME_CHECK_CONSUMER) timestamp=6545 ms, used_size=196608 bytes (0.5%)
(RDMA_READ_CONSUME_CHECK_CONSUMER) timestamp=6545 ms, used_size=194560 bytes (0.5%)
(RDMA_READ_CONSUME_CHECK_CONSUMER) timestamp=6545 ms, used_size=192512 bytes (0.5%)
(RDMA_READ_CONSUME_CHECK_CONSUMER) timestamp=6545 ms, used_size=190464 bytes (0.5%)
(RDMA_READ_CONSUME_CHECK_CONSUMER) timestamp=6545 ms, used_size=188416 bytes (0.5%)
(RDMA_READ_CONSUME_CHECK_CONSUMER) timestamp=6545 ms, used_size=186368 bytes (0.5%)
(RDMA_READ_CONSUME_CHECK_CONSUMER) timestamp=6545 ms, used_size=184320 bytes (0.5%)
(RDMA_READ_CONSUME_CHECK_CONSUMER) timestamp=6545 ms, used_size=182272 bytes (0.4%)
(RDMA_READ_CONSUME_CHECK_CONSUMER) timestamp=6545 ms, used_size=180224 bytes (0.4%)
(RDMA_READ_CONSUME_CHECK_CONSUMER) timestamp=6545 ms, used_size=178176 bytes (0.4%)
(RDMA_READ_CONSUME_CHECK_CONSUMER) timestamp=6545 ms, used_size=176128 bytes (0.4%)
(RDMA_READ_CONSUME_CHECK_CONSUMER) timestamp=6545 ms, used_size=174080 bytes (0.4%)
(RDMA_READ_CONSUME_CHECK_CONSUMER) timestamp=6545 ms, used_size=172032 bytes (0.4%)
(RDMA_READ_CONSUME_CHECK_CONSUMER) timestamp=6545 ms, used_size=169984 bytes (0.4%)
(RDMA_READ_CONSUME_CHECK_CONSUMER) timestamp=6545 ms, used_size=167936 bytes (0.4%)
(RDMA_READ_CONSUME_CHECK_CONSUMER) timestamp=6545 ms, used_size=165888 bytes (0.4%)
(RDMA_READ_CONSUME_CHECK_CONSUMER) timestamp=6545 ms, used_size=163840 bytes (0.4%)
(RDMA_READ_CONSUME_CHECK_CONSUMER) timestamp=6545 ms, used_size=161792 bytes (0.4%)
(RDMA_READ_CONSUME_CHECK_CONSUMER) timestamp=6545 ms, used_size=159744 bytes (0.4%)
(RDMA_READ_CONSUME_CHECK_CONSUMER) timestamp=6545 ms, used_size=157696 bytes (0.4%)
(RDMA_READ_CONSUME_CHECK_CONSUMER) timestamp=6545 ms, used_size=155648 bytes (0.4%)
(RDMA_READ_CONSUME_CHECK_CONSUMER) timestamp=6545 ms, used_size=153600 bytes (0.4%)
(RDMA_READ_CONSUME_CHECK_CONSUMER) timestamp=6545 ms, used_size=151552 bytes (0.4%)
(RDMA_READ_CONSUME_CHECK_CONSUMER) timestamp=6545 ms, used_size=149504 bytes (0.4%)
(RDMA_READ_CONSUME_CHECK_CONSUMER) timestamp=6545 ms, used_size=147456 bytes (0.4%)
(RDMA_READ_CONSUME_CHECK_CONSUMER) timestamp=6545 ms, used_size=145408 bytes (0.4%)
(RDMA_READ_CONSUME_CHECK_CONSUMER) timestamp=6545 ms, used_size=143360 bytes (0.3%)
(RDMA_READ_CONSUME_CHECK_CONSUMER) timestamp=6545 ms, used_size=141312 bytes (0.3%)
(RDMA_READ_CONSUME_CHECK_CONSUMER) timestamp=6545 ms, used_size=139264 bytes (0.3%)
(RDMA_READ_CONSUME_CHECK_CONSUMER) timestamp=6545 ms, used_size=137216 bytes (0.3%)
(RDMA_READ_CONSUME_CHECK_CONSUMER) timestamp=6545 ms, used_size=135168 bytes (0.3%)
(RDMA_READ_CONSUME_CHECK_CONSUMER) timestamp=6545 ms, used_size=133120 bytes (0.3%)
(RDMA_READ_CONSUME_CHECK_CONSUMER) timestamp=6545 ms, used_size=131072 bytes (0.3%)
(RDMA_READ_CONSUME_CHECK_CONSUMER) timestamp=6545 ms, used_size=129024 bytes (0.3%)
(RDMA_READ_CONSUME_CHECK_CONSUMER) timestamp=6545 ms, used_size=126976 bytes (0.3%)
(RDMA_READ_CONSUME_CHECK_CONSUMER) timestamp=6545 ms, used_size=124928 bytes (0.3%)
(RDMA_READ_CONSUME_CHECK_CONSUMER) timestamp=6545 ms, used_size=122880 bytes (0.3%)
(RDMA_READ_CONSUME_CHECK_CONSUMER) timestamp=6545 ms, used_size=120832 bytes (0.3%)
(RDMA_READ_CONSUME_CHECK_CONSUMER) timestamp=6545 ms, used_size=118784 bytes (0.3%)
(RDMA_READ_CONSUME_CHECK_CONSUMER) timestamp=6545 ms, used_size=116736 bytes (0.3%)
(RDMA_READ_CONSUME_CHECK_CONSUMER) timestamp=6545 ms, used_size=114688 bytes (0.3%)
(RDMA_READ_CONSUME_CHECK_CONSUMER) timestamp=6545 ms, used_size=112640 bytes (0.3%)
(RDMA_READ_CONSUME_CHECK_CONSUMER) timestamp=6545 ms, used_size=110592 bytes (0.3%)
(RDMA_READ_CONSUME_CHECK_CONSUMER) timestamp=6545 ms, used_size=108544 bytes (0.3%)
(RDMA_READ_CONSUME_CHECK_CONSUMER) timestamp=6545 ms, used_size=106496 bytes (0.3%)
(RDMA_READ_CONSUME_CHECK_CONSUMER) timestamp=6545 ms, used_size=104448 bytes (0.3%)
(RDMA_READ_CONSUME_CHECK_CONSUMER) timestamp=6545 ms, used_size=102400 bytes (0.2%)
(RDMA_READ_CONSUME_CHECK_CONSUMER) timestamp=6545 ms, used_size=100352 bytes (0.2%)
(RDMA_READ_CONSUME_CHECK_CONSUMER) timestamp=6545 ms, used_size=98304 bytes (0.2%)
(RDMA_READ_CONSUME_CHECK_CONSUMER) timestamp=6545 ms, used_size=96256 bytes (0.2%)
(RDMA_READ_CONSUME_CHECK_CONSUMER) timestamp=6545 ms, used_size=94208 bytes (0.2%)
(RDMA_READ_CONSUME_CHECK_CONSUMER) timestamp=6545 ms, used_size=92160 bytes (0.2%)
(RDMA_READ_CONSUME_CHECK_CONSUMER) timestamp=6545 ms, used_size=90112 bytes (0.2%)
(RDMA_READ_CONSUME_CHECK_CONSUMER) timestamp=6545 ms, used_size=88064 bytes (0.2%)
(RDMA_READ_CONSUME_CHECK_CONSUMER) timestamp=6545 ms, used_size=86016 bytes (0.2%)
(RDMA_READ_CONSUME_CHECK_CONSUMER) timestamp=6545 ms, used_size=83968 bytes (0.2%)
(RDMA_READ_CONSUME_CHECK_CONSUMER) timestamp=6545 ms, used_size=81920 bytes (0.2%)
(RDMA_READ_CONSUME_CHECK_CONSUMER) timestamp=6545 ms, used_size=79872 bytes (0.2%)
(RDMA_READ_CONSUME_CHECK_CONSUMER) timestamp=6545 ms, used_size=77824 bytes (0.2%)
(RDMA_READ_CONSUME_CHECK_CONSUMER) timestamp=6545 ms, used_size=75776 bytes (0.2%)
(RDMA_READ_CONSUME_CHECK_CONSUMER) timestamp=6545 ms, used_size=73728 bytes (0.2%)
(RDMA_READ_CONSUME_CHECK_CONSUMER) timestamp=6545 ms, used_size=71680 bytes (0.2%)
(RDMA_READ_CONSUME_CHECK_CONSUMER) timestamp=6545 ms, used_size=69632 bytes (0.2%)
(RDMA_READ_CONSUME_CHECK_CONSUMER) timestamp=6545 ms, used_size=67584 bytes (0.2%)
(RDMA_READ_CONSUME_CHECK_CONSUMER) timestamp=6545 ms, used_size=65536 bytes (0.2%)
(RDMA_READ_CONSUME_CHECK_CONSUMER) timestamp=6546 ms, used_size=63488 bytes (0.2%)
(RDMA_READ_CONSUME_CHECK_CONSUMER) timestamp=6546 ms, used_size=61440 bytes (0.1%)
(RDMA_READ_CONSUME_CHECK_CONSUMER) timestamp=6546 ms, used_size=59392 bytes (0.1%)
(RDMA_READ_CONSUME_CHECK_CONSUMER) timestamp=6546 ms, used_size=57344 bytes (0.1%)
(RDMA_READ_CONSUME_CHECK_CONSUMER) timestamp=6546 ms, used_size=55296 bytes (0.1%)
(RDMA_READ_CONSUME_CHECK_CONSUMER) timestamp=6546 ms, used_size=53248 bytes (0.1%)
(RDMA_READ_CONSUME_CHECK_CONSUMER) timestamp=6546 ms, used_size=51200 bytes (0.1%)
(RDMA_READ_CONSUME_CHECK_CONSUMER) timestamp=6546 ms, used_size=49152 bytes (0.1%)
(RDMA_READ_CONSUME_CHECK_CONSUMER) timestamp=6546 ms, used_size=47104 bytes (0.1%)
(RDMA_READ_CONSUME_CHECK_CONSUMER) timestamp=6546 ms, used_size=45056 bytes (0.1%)
(RDMA_READ_CONSUME_CHECK_CONSUMER) timestamp=6546 ms, used_size=43008 bytes (0.1%)
(RDMA_READ_CONSUME_CHECK_CONSUMER) timestamp=6546 ms, used_size=40960 bytes (0.1%)
(RDMA_READ_CONSUME_CHECK_CONSUMER) timestamp=6546 ms, used_size=38912 bytes (0.1%)
(RDMA_READ_CONSUME_CHECK_CONSUMER) timestamp=6546 ms, used_size=36864 bytes (0.1%)
(RDMA_READ_CONSUME_CHECK_CONSUMER) timestamp=6546 ms, used_size=34816 bytes (0.1%)
(RDMA_READ_CONSUME_CHECK_CONSUMER) timestamp=6546 ms, used_size=32768 bytes (0.1%)
(RDMA_READ_CONSUME_CHECK_CONSUMER) timestamp=6546 ms, used_size=30720 bytes (0.1%)
(RDMA_READ_CONSUME_CHECK_CONSUMER) timestamp=6546 ms, used_size=28672 bytes (0.1%)
(RDMA_READ_CONSUME_CHECK_CONSUMER) timestamp=6546 ms, used_size=26624 bytes (0.1%)
(RDMA_READ_CONSUME_CHECK_CONSUMER) timestamp=6546 ms, used_size=24576 bytes (0.1%)
(RDMA_READ_CONSUME_CHECK_CONSUMER) timestamp=6546 ms, used_size=22528 bytes (0.1%)
(RDMA_READ_CONSUME_CHECK_CONSUMER) timestamp=6546 ms, used_size=20480 bytes (0.1%)
(RDMA_READ_CONSUME_CHECK_CONSUMER) timestamp=6546 ms, used_size=18432 bytes (0.0%)
(RDMA_READ_CONSUME_CHECK_CONSUMER) timestamp=6546 ms, used_size=16384 bytes (0.0%)
(RDMA_READ_CONSUME_CHECK_CONSUMER) timestamp=6546 ms, used_size=14336 bytes (0.0%)
(RDMA_READ_CONSUME_CHECK_CONSUMER) timestamp=6546 ms, used_size=12288 bytes (0.0%)
(RDMA_READ_CONSUME_CHECK_CONSUMER) timestamp=6546 ms, used_size=10240 bytes (0.0%)
(RDMA_READ_CONSUME_CHECK_CONSUMER) timestamp=6546 ms, used_size=8192 bytes (0.0%)
(RDMA_READ_CONSUME_CHECK_CONSUMER) timestamp=6546 ms, used_size=6144 bytes (0.0%)
(RDMA_READ_CONSUME_CHECK_CONSUMER) timestamp=6546 ms, used_size=4096 bytes (0.0%)
(RDMA_READ_CONSUME_CHECK_CONSUMER) timestamp=6546 ms, used_size=2048 bytes (0.0%)
(RDMA_READ_CONSUME_CHECK_CONSUMER) timestamp=6546 ms, used_size=0 bytes (0.0%)
(RDMA_READ_CONSUME_CHECK) Cycle 6, Batch 0: CRC32 OK (0xbeaa30f3), 8192 messages verified
(RDMA_READ_CONSUME_CHECK_CONSUMER) timestamp=6546 ms, used_size=16775168 bytes (41.0%)
(RDMA_READ_CONSUME_CHECK_CONSUMER) timestamp=7662 ms, used_size=16773120 bytes (41.0%)
(RDMA_READ_CONSUME_CHECK_CONSUMER) timestamp=7662 ms, used_size=16771072 bytes (40.9%)
(RDMA_READ_CONSUME_CHECK_CONSUMER) timestamp=7662 ms, used_size=16769024 bytes (40.9%)
(RDMA_READ_CONSUME_CHECK_CONSUMER) timestamp=7662 ms, used_size=16766976 bytes (40.9%)
(RDMA_READ_CONSUME_CHECK_CONSUMER) timestamp=7662 ms, used_size=16764928 bytes (40.9%)
(RDMA_READ_CONSUME_CHECK_CONSUMER) timestamp=7662 ms, used_size=16762880 bytes (40.9%)
(RDMA_READ_CONSUME_CHECK_CONSUMER) timestamp=7662 ms, used_size=16760832 bytes (40.9%)
(RDMA_READ_CONSUME_CHECK_CONSUMER) timestamp=7662 ms, used_size=16758784 bytes (40.9%)
(RDMA_READ_CONSUME_CHECK_CONSUMER) timestamp=7662 ms, used_size=16756736 bytes (40.9%)
(RDMA_READ_CONSUME_CHECK_CONSUMER) timestamp=7662 ms, used_size=16754688 bytes (40.9%)
(RDMA_READ_CONSUME_CHECK_CONSUMER) timestamp=7662 ms, used_size=16752640 bytes (40.9%)
(RDMA_READ_CONSUME_CHECK_CONSUMER) timestamp=7662 ms, used_size=16750592 bytes (40.9%)
(RDMA_READ_CONSUME_CHECK_CONSUMER) timestamp=7662 ms, used_size=16748544 bytes (40.9%)
(RDMA_READ_CONSUME_CHECK_CONSUMER) timestamp=7662 ms, used_size=16746496 bytes (40.9%)
(RDMA_READ_CONSUME_CHECK_CONSUMER) timestamp=7662 ms, used_size=16744448 bytes (40.9%)
(RDMA_READ_CONSUME_CHECK_CONSUMER) timestamp=7662 ms, used_size=16742400 bytes (40.9%)
(RDMA_READ_CONSUME_CHECK_CONSUMER) timestamp=7662 ms, used_size=16740352 bytes (40.9%)
(RDMA_READ_CONSUME_CHECK_CONSUMER) timestamp=7662 ms, used_size=16738304 bytes (40.9%)
(RDMA_READ_CONSUME_CHECK_CONSUMER) timestamp=7662 ms, used_size=16736256 bytes (40.9%)
(RDMA_READ_CONSUME_CHECK_CONSUMER) timestamp=7662 ms, used_size=16734208 bytes (40.9%)
(RDMA_READ_CONSUME_CHECK_CONSUMER) timestamp=7662 ms, used_size=16732160 bytes (40.9%)
(RDMA_READ_CONSUME_CHECK_CONSUMER) timestamp=7662 ms, used_size=16730112 bytes (40.8%)
(RDMA_READ_CONSUME_CHECK_CONSUMER) timestamp=7662 ms, used_size=16728064 bytes (40.8%)
(RDMA_READ_CONSUME_CHECK_CONSUMER) timestamp=7662 ms, used_size=16726016 bytes (40.8%)
(RDMA_READ_CONSUME_CHECK_CONSUMER) timestamp=7662 ms, used_size=16723968 bytes (40.8%)
(RDMA_READ_CONSUME_CHECK_CONSUMER) timestamp=7662 ms, used_size=16721920 bytes (40.8%)
(RDMA_READ_CONSUME_CHECK_CONSUMER) timestamp=7662 ms, used_size=16719872 bytes (40.8%)
(RDMA_READ_CONSUME_CHECK_CONSUMER) timestamp=7662 ms, used_size=16717824 bytes (40.8%)
(RDMA_READ_CONSUME_CHECK_CONSUMER) timestamp=7662 ms, used_size=16715776 bytes (40.8%)
(RDMA_READ_CONSUME_CHECK_CONSUMER) timestamp=7662 ms, used_size=16713728 bytes (40.8%)
(RDMA_READ_CONSUME_CHECK_CONSUMER) timestamp=7662 ms, used_size=16711680 bytes (40.8%)
(RDMA_READ_CONSUME_CHECK_CONSUMER) timestamp=7662 ms, used_size=16709632 bytes (40.8%)
(RDMA_READ_CONSUME_CHECK_CONSUMER) timestamp=7662 ms, used_size=16707584 bytes (40.8%)
(RDMA_READ_CONSUME_CHECK_CONSUMER) timestamp=7662 ms, used_size=16705536 bytes (40.8%)
(RDMA_READ_CONSUME_CHECK_CONSUMER) timestamp=7662 ms, used_size=16703488 bytes (40.8%)
(RDMA_READ_CONSUME_CHECK_CONSUMER) timestamp=7662 ms, used_size=16701440 bytes (40.8%)
(RDMA_READ_CONSUME_CHECK_CONSUMER) timestamp=7662 ms, used_size=16699392 bytes (40.8%)
(RDMA_READ_CONSUME_CHECK_CONSUMER) timestamp=7662 ms, used_size=16697344 bytes (40.8%)
(RDMA_READ_CONSUME_CHECK_CONSUMER) timestamp=7662 ms, used_size=16695296 bytes (40.8%)
(RDMA_READ_CONSUME_CHECK_CONSUMER) timestamp=7662 ms, used_size=16693248 bytes (40.8%)
(RDMA_READ_CONSUME_CHECK_CONSUMER) timestamp=7662 ms, used_size=16691200 bytes (40.8%)
(RDMA_READ_CONSUME_CHECK_CONSUMER) timestamp=7662 ms, used_size=16689152 bytes (40.7%)
(RDMA_READ_CONSUME_CHECK_CONSUMER) timestamp=7662 ms, used_size=16687104 bytes (40.7%)
(RDMA_READ_CONSUME_CHECK_CONSUMER) timestamp=7662 ms, used_size=16685056 bytes (40.7%)
(RDMA_READ_CONSUME_CHECK_CONSUMER) timestamp=7662 ms, used_size=16683008 bytes (40.7%)
(RDMA_READ_CONSUME_CHECK_CONSUMER) timestamp=7662 ms, used_size=16680960 bytes (40.7%)
(RDMA_READ_CONSUME_CHECK_CONSUMER) timestamp=7662 ms, used_size=16678912 bytes (40.7%)
(RDMA_READ_CONSUME_CHECK_CONSUMER) timestamp=7662 ms, used_size=16676864 bytes (40.7%)
(RDMA_READ_CONSUME_CHECK_CONSUMER) timestamp=7662 ms, used_size=16674816 bytes (40.7%)
(RDMA_READ_CONSUME_CHECK_CONSUMER) timestamp=7662 ms, used_size=16672768 bytes (40.7%)
(RDMA_READ_CONSUME_CHECK_CONSUMER) timestamp=7662 ms, used_size=16670720 bytes (40.7%)
(RDMA_READ_CONSUME_CHECK_CONSUMER) timestamp=7662 ms, used_size=16668672 bytes (40.7%)
(RDMA_READ_CONSUME_CHECK_CONSUMER) timestamp=7662 ms, used_size=16666624 bytes (40.7%)
(RDMA_READ_CONSUME_CHECK_CONSUMER) timestamp=7662 ms, used_size=16664576 bytes (40.7%)
(RDMA_READ_CONSUME_CHECK_CONSUMER) timestamp=7662 ms, used_size=16662528 bytes (40.7%)
(RDMA_READ_CONSUME_CHECK_CONSUMER) timestamp=7662 ms, used_size=16660480 bytes (40.7%)
(RDMA_READ_CONSUME_CHECK_CONSUMER) timestamp=7662 ms, used_size=16658432 bytes (40.7%)
(RDMA_READ_CONSUME_CHECK_CONSUMER) timestamp=7662 ms, used_size=16656384 bytes (40.7%)
(RDMA_READ_CONSUME_CHECK_CONSUMER) timestamp=7662 ms, used_size=16654336 bytes (40.7%)
(RDMA_READ_CONSUME_CHECK_CONSUMER) timestamp=7662 ms, used_size=16652288 bytes (40.7%)
(RDMA_READ_CONSUME_CHECK_CONSUMER) timestamp=7662 ms, used_size=16650240 bytes (40.6%)
(RDMA_READ_CONSUME_CHECK_CONSUMER) timestamp=7662 ms, used_size=16648192 bytes (40.6%)
(RDMA_READ_CONSUME_CHECK_CONSUMER) timestamp=7662 ms, used_size=16646144 bytes (40.6%)
(RDMA_READ_CONSUME_CHECK_CONSUMER) timestamp=7662 ms, used_size=16644096 bytes (40.6%)
(RDMA_READ_CONSUME_CHECK_CONSUMER) timestamp=7662 ms, used_size=16642048 bytes (40.6%)
(RDMA_READ_CONSUME_CHECK_CONSUMER) timestamp=7662 ms, used_size=16640000 bytes (40.6%)
(RDMA_READ_CONSUME_CHECK_CONSUMER) timestamp=7662 ms, used_size=16637952 bytes (40.6%)
(RDMA_READ_CONSUME_CHECK_CONSUMER) timestamp=7662 ms, used_size=16635904 bytes (40.6%)
(RDMA_READ_CONSUME_CHECK_CONSUMER) timestamp=7662 ms, used_size=16633856 bytes (40.6%)
(RDMA_READ_CONSUME_CHECK_CONSUMER) timestamp=7662 ms, used_size=16631808 bytes (40.6%)
(RDMA_READ_CONSUME_CHECK_CONSUMER) timestamp=7662 ms, used_size=16629760 bytes (40.6%)
(RDMA_READ_CONSUME_CHECK_CONSUMER) timestamp=7662 ms, used_size=16627712 bytes (40.6%)
(RDMA_READ_CONSUME_CHECK_CONSUMER) timestamp=7662 ms, used_size=16625664 bytes (40.6%)
(RDMA_READ_CONSUME_CHECK_CONSUMER) timestamp=7662 ms, used_size=16623616 bytes (40.6%)
(RDMA_READ_CONSUME_CHECK_CONSUMER) timestamp=7662 ms, used_size=16621568 bytes (40.6%)
(RDMA_READ_CONSUME_CHECK_CONSUMER) timestamp=7662 ms, used_size=16619520 bytes (40.6%)
(RDMA_READ_CONSUME_CHECK_CONSUMER) timestamp=7662 ms, used_size=16617472 bytes (40.6%)
(RDMA_READ_CONSUME_CHECK_CONSUMER) timestamp=7662 ms, used_size=16615424 bytes (40.6%)
(RDMA_READ_CONSUME_CHECK_CONSUMER) timestamp=7662 ms, used_size=16613376 bytes (40.6%)
(RDMA_READ_CONSUME_CHECK_CONSUMER) timestamp=7662 ms, used_size=16611328 bytes (40.6%)
(RDMA_READ_CONSUME_CHECK_CONSUMER) timestamp=7662 ms, used_size=16609280 bytes (40.5%)
(RDMA_READ_CONSUME_CHECK_CONSUMER) timestamp=7662 ms, used_size=16607232 bytes (40.5%)
(RDMA_READ_CONSUME_CHECK_CONSUMER) timestamp=7662 ms, used_size=16605184 bytes (40.5%)
(RDMA_READ_CONSUME_CHECK_CONSUMER) timestamp=7662 ms, used_size=16603136 bytes (40.5%)
(RDMA_READ_CONSUME_CHECK_CONSUMER) timestamp=7662 ms, used_size=16601088 bytes (40.5%)
(RDMA_READ_CONSUME_CHECK_CONSUMER) timestamp=7662 ms, used_size=16599040 bytes (40.5%)
(RDMA_READ_CONSUME_CHECK_CONSUMER) timestamp=7662 ms, used_size=16596992 bytes (40.5%)
(RDMA_READ_CONSUME_CHECK_CONSUMER) timestamp=7662 ms, used_size=16594944 bytes (40.5%)
(RDMA_READ_CONSUME_CHECK_CONSUMER) timestamp=7662 ms, used_size=16592896 bytes (40.5%)
(RDMA_READ_CONSUME_CHECK_CONSUMER) timestamp=7662 ms, used_size=16590848 bytes (40.5%)
(RDMA_READ_CONSUME_CHECK_CONSUMER) timestamp=7662 ms, used_size=16588800 bytes (40.5%)
(RDMA_READ_CONSUME_CHECK_CONSUMER) timestamp=7662 ms, used_size=16586752 bytes (40.5%)
(RDMA_READ_CONSUME_CHECK_CONSUMER) timestamp=7662 ms, used_size=16584704 bytes (40.5%)
(RDMA_READ_CONSUME_CHECK_CONSUMER) timestamp=7662 ms, used_size=16582656 bytes (40.5%)
(RDMA_READ_CONSUME_CHECK_CONSUMER) timestamp=7662 ms, used_size=16580608 bytes (40.5%)
(RDMA_READ_CONSUME_CHECK_CONSUMER) timestamp=7662 ms, used_size=16578560 bytes (40.5%)
(RDMA_READ_CONSUME_CHECK_CONSUMER) timestamp=7662 ms, used_size=16576512 bytes (40.5%)
(RDMA_READ_CONSUME_CHECK_CONSUMER) timestamp=7662 ms, used_size=16574464 bytes (40.5%)
(RDMA_READ_CONSUME_CHECK_CONSUMER) timestamp=7662 ms, used_size=16572416 bytes (40.5%)
(RDMA_READ_CONSUME_CHECK_CONSUMER) timestamp=7662 ms, used_size=16570368 bytes (40.5%)
(RDMA_READ_CONSUME_CHECK_CONSUMER) timestamp=7662 ms, used_size=16568320 bytes (40.5%)
(RDMA_READ_CONSUME_CHECK_CONSUMER) timestamp=7662 ms, used_size=16566272 bytes (40.4%)
(RDMA_READ_CONSUME_CHECK_CONSUMER) timestamp=7662 ms, used_size=16564224 bytes (40.4%)
(RDMA_READ_CONSUME_CHECK_CONSUMER) timestamp=7662 ms, used_size=16562176 bytes (40.4%)
(RDMA_READ_CONSUME_CHECK_CONSUMER) timestamp=7662 ms, used_size=16560128 bytes (40.4%)
(RDMA_READ_CONSUME_CHECK_CONSUMER) timestamp=7662 ms, used_size=16558080 bytes (40.4%)
(RDMA_READ_CONSUME_CHECK_CONSUMER) timestamp=7662 ms, used_size=16556032 bytes (40.4%)
(RDMA_READ_CONSUME_CHECK_CONSUMER) timestamp=7662 ms, used_size=16553984 bytes (40.4%)
(RDMA_READ_CONSUME_CHECK_CONSUMER) timestamp=7662 ms, used_size=16551936 bytes (40.4%)
(RDMA_READ_CONSUME_CHECK_CONSUMER) timestamp=7662 ms, used_size=16549888 bytes (40.4%)
(RDMA_READ_CONSUME_CHECK_CONSUMER) timestamp=7663 ms, used_size=16547840 bytes (40.4%)
(RDMA_READ_CONSUME_CHECK_CONSUMER) timestamp=7663 ms, used_size=16545792 bytes (40.4%)
(RDMA_READ_CONSUME_CHECK_CONSUMER) timestamp=7663 ms, used_size=16543744 bytes (40.4%)
(RDMA_READ_CONSUME_CHECK_CONSUMER) timestamp=7663 ms, used_size=16541696 bytes (40.4%)
(RDMA_READ_CONSUME_CHECK_CONSUMER) timestamp=7663 ms, used_size=16539648 bytes (40.4%)
(RDMA_READ_CONSUME_CHECK_CONSUMER) timestamp=7663 ms, used_size=16537600 bytes (40.4%)
(RDMA_READ_CONSUME_CHECK_CONSUMER) timestamp=7663 ms, used_size=16535552 bytes (40.4%)
(RDMA_READ_CONSUME_CHECK_CONSUMER) timestamp=7663 ms, used_size=16533504 bytes (40.4%)
(RDMA_READ_CONSUME_CHECK_CONSUMER) timestamp=7663 ms, used_size=16531456 bytes (40.4%)
(RDMA_READ_CONSUME_CHECK_CONSUMER) timestamp=7663 ms, used_size=16529408 bytes (40.4%)
(RDMA_READ_CONSUME_CHECK_CONSUMER) timestamp=7663 ms, used_size=16527360 bytes (40.4%)
(RDMA_READ_CONSUME_CHECK_CONSUMER) timestamp=7663 ms, used_size=16525312 bytes (40.3%)
(RDMA_READ_CONSUME_CHECK_CONSUMER) timestamp=7663 ms, used_size=16523264 bytes (40.3%)
(RDMA_READ_CONSUME_CHECK_CONSUMER) timestamp=7663 ms, used_size=16521216 bytes (40.3%)
(RDMA_READ_CONSUME_CHECK_CONSUMER) timestamp=7663 ms, used_size=16519168 bytes (40.3%)
(RDMA_READ_CONSUME_CHECK_CONSUMER) timestamp=7663 ms, used_size=16517120 bytes (40.3%)
(RDMA_READ_CONSUME_CHECK_CONSUMER) timestamp=7663 ms, used_size=16515072 bytes (40.3%)
(RDMA_READ_CONSUME_CHECK_CONSUMER) timestamp=7663 ms, used_size=16513024 bytes (40.3%)
(RDMA_READ_CONSUME_CHECK_CONSUMER) timestamp=7663 ms, used_size=16510976 bytes (40.3%)
(RDMA_READ_CONSUME_CHECK_CONSUMER) timestamp=7663 ms, used_size=16508928 bytes (40.3%)
(RDMA_READ_CONSUME_CHECK_CONSUMER) timestamp=7663 ms, used_size=16506880 bytes (40.3%)
(RDMA_READ_CONSUME_CHECK_CONSUMER) timestamp=7663 ms, used_size=16504832 bytes (40.3%)
(RDMA_READ_CONSUME_CHECK_CONSUMER) timestamp=7663 ms, used_size=16502784 bytes (40.3%)
(RDMA_READ_CONSUME_CHECK_CONSUMER) timestamp=7663 ms, used_size=16500736 bytes (40.3%)
(RDMA_READ_CONSUME_CHECK_CONSUMER) timestamp=7663 ms, used_size=16498688 bytes (40.3%)
(RDMA_READ_CONSUME_CHECK_CONSUMER) timestamp=7663 ms, used_size=16496640 bytes (40.3%)
(RDMA_READ_CONSUME_CHECK_CONSUMER) timestamp=7663 ms, used_size=16494592 bytes (40.3%)
(RDMA_READ_CONSUME_CHECK_CONSUMER) timestamp=7663 ms, used_size=16492544 bytes (40.3%)
(RDMA_READ_CONSUME_CHECK_CONSUMER) timestamp=7663 ms, used_size=16490496 bytes (40.3%)
(RDMA_READ_CONSUME_CHECK_CONSUMER) timestamp=7663 ms, used_size=16488448 bytes (40.3%)
(RDMA_READ_CONSUME_CHECK_CONSUMER) timestamp=7663 ms, used_size=16486400 bytes (40.2%)
(RDMA_READ_CONSUME_CHECK_CONSUMER) timestamp=7663 ms, used_size=16484352 bytes (40.2%)
(RDMA_READ_CONSUME_CHECK_CONSUMER) timestamp=7663 ms, used_size=16482304 bytes (40.2%)
(RDMA_READ_CONSUME_CHECK_CONSUMER) timestamp=7663 ms, used_size=16480256 bytes (40.2%)
(RDMA_READ_CONSUME_CHECK_CONSUMER) timestamp=7663 ms, used_size=16478208 bytes (40.2%)
(RDMA_READ_CONSUME_CHECK_CONSUMER) timestamp=7663 ms, used_size=16476160 bytes (40.2%)
(RDMA_READ_CONSUME_CHECK_CONSUMER) timestamp=7663 ms, used_size=16474112 bytes (40.2%)
(RDMA_READ_CONSUME_CHECK_CONSUMER) timestamp=7663 ms, used_size=16472064 bytes (40.2%)
(RDMA_READ_CONSUME_CHECK_CONSUMER) timestamp=7663 ms, used_size=16470016 bytes (40.2%)
(RDMA_READ_CONSUME_CHECK_CONSUMER) timestamp=7663 ms, used_size=16467968 bytes (40.2%)
(RDMA_READ_CONSUME_CHECK_CONSUMER) timestamp=7663 ms, used_size=16465920 bytes (40.2%)
(RDMA_READ_CONSUME_CHECK_CONSUMER) timestamp=7663 ms, used_size=16463872 bytes (40.2%)
(RDMA_READ_CONSUME_CHECK_CONSUMER) timestamp=7663 ms, used_size=16461824 bytes (40.2%)
(RDMA_READ_CONSUME_CHECK_CONSUMER) timestamp=7663 ms, used_size=16459776 bytes (40.2%)
(RDMA_READ_CONSUME_CHECK_CONSUMER) timestamp=7663 ms, used_size=16457728 bytes (40.2%)
(RDMA_READ_CONSUME_CHECK_CONSUMER) timestamp=7663 ms, used_size=16455680 bytes (40.2%)
(RDMA_READ_CONSUME_CHECK_CONSUMER) timestamp=7663 ms, used_size=16453632 bytes (40.2%)
(RDMA_READ_CONSUME_CHECK_CONSUMER) timestamp=7663 ms, used_size=16451584 bytes (40.2%)
(RDMA_READ_CONSUME_CHECK_CONSUMER) timestamp=7663 ms, used_size=16449536 bytes (40.2%)
(RDMA_READ_CONSUME_CHECK_CONSUMER) timestamp=7663 ms, used_size=16447488 bytes (40.2%)
(RDMA_READ_CONSUME_CHECK_CONSUMER) timestamp=7663 ms, used_size=16445440 bytes (40.1%)
(RDMA_READ_CONSUME_CHECK_CONSUMER) timestamp=7663 ms, used_size=16443392 bytes (40.1%)
(RDMA_READ_CONSUME_CHECK_CONSUMER) timestamp=7663 ms, used_size=16441344 bytes (40.1%)
(RDMA_READ_CONSUME_CHECK_CONSUMER) timestamp=7663 ms, used_size=16439296 bytes (40.1%)
(RDMA_READ_CONSUME_CHECK_CONSUMER) timestamp=7663 ms, used_size=16437248 bytes (40.1%)
(RDMA_READ_CONSUME_CHECK_CONSUMER) timestamp=7663 ms, used_size=16435200 bytes (40.1%)
(RDMA_READ_CONSUME_CHECK_CONSUMER) timestamp=7663 ms, used_size=16433152 bytes (40.1%)
(RDMA_READ_CONSUME_CHECK_CONSUMER) timestamp=7663 ms, used_size=16431104 bytes (40.1%)
(RDMA_READ_CONSUME_CHECK_CONSUMER) timestamp=7663 ms, used_size=16429056 bytes (40.1%)
(RDMA_READ_CONSUME_CHECK_CONSUMER) timestamp=7663 ms, used_size=16427008 bytes (40.1%)
(RDMA_READ_CONSUME_CHECK_CONSUMER) timestamp=7663 ms, used_size=16424960 bytes (40.1%)
(RDMA_READ_CONSUME_CHECK_CONSUMER) timestamp=7663 ms, used_size=16422912 bytes (40.1%)
(RDMA_READ_CONSUME_CHECK_CONSUMER) timestamp=7663 ms, used_size=16420864 bytes (40.1%)
(RDMA_READ_CONSUME_CHECK_CONSUMER) timestamp=7663 ms, used_size=16418816 bytes (40.1%)
(RDMA_READ_CONSUME_CHECK_CONSUMER) timestamp=7663 ms, used_size=16416768 bytes (40.1%)
(RDMA_READ_CONSUME_CHECK_CONSUMER) timestamp=7663 ms, used_size=16414720 bytes (40.1%)
(RDMA_READ_CONSUME_CHECK_CONSUMER) timestamp=7663 ms, used_size=16412672 bytes (40.1%)
(RDMA_READ_CONSUME_CHECK_CONSUMER) timestamp=7663 ms, used_size=16410624 bytes (40.1%)
(RDMA_READ_CONSUME_CHECK_CONSUMER) timestamp=7663 ms, used_size=16408576 bytes (40.1%)
(RDMA_READ_CONSUME_CHECK_CONSUMER) timestamp=7663 ms, used_size=16406528 bytes (40.1%)
(RDMA_READ_CONSUME_CHECK_CONSUMER) timestamp=7663 ms, used_size=16404480 bytes (40.0%)
(RDMA_READ_CONSUME_CHECK_CONSUMER) timestamp=7663 ms, used_size=16402432 bytes (40.0%)
(RDMA_READ_CONSUME_CHECK_CONSUMER) timestamp=7663 ms, used_size=16400384 bytes (40.0%)
(RDMA_READ_CONSUME_CHECK_CONSUMER) timestamp=7663 ms, used_size=16398336 bytes (40.0%)
(RDMA_READ_CONSUME_CHECK_CONSUMER) timestamp=7663 ms, used_size=16396288 bytes (40.0%)
(RDMA_READ_CONSUME_CHECK_CONSUMER) timestamp=7663 ms, used_size=16394240 bytes (40.0%)
(RDMA_READ_CONSUME_CHECK_CONSUMER) timestamp=7663 ms, used_size=16392192 bytes (40.0%)
(RDMA_READ_CONSUME_CHECK_CONSUMER) timestamp=7663 ms, used_size=16390144 bytes (40.0%)
(RDMA_READ_CONSUME_CHECK_CONSUMER) timestamp=7663 ms, used_size=16388096 bytes (40.0%)
(RDMA_READ_CONSUME_CHECK_CONSUMER) timestamp=7663 ms, used_size=16386048 bytes (40.0%)
(RDMA_READ_CONSUME_CHECK_CONSUMER) timestamp=7663 ms, used_size=16384000 bytes (40.0%)
(RDMA_READ_CONSUME_CHECK_CONSUMER) timestamp=7663 ms, used_size=16381952 bytes (40.0%)
(RDMA_READ_CONSUME_CHECK_CONSUMER) timestamp=7663 ms, used_size=16379904 bytes (40.0%)
(RDMA_READ_CONSUME_CHECK_CONSUMER) timestamp=7663 ms, used_size=16377856 bytes (40.0%)
(RDMA_READ_CONSUME_CHECK_CONSUMER) timestamp=7663 ms, used_size=16375808 bytes (40.0%)
(RDMA_READ_CONSUME_CHECK_CONSUMER) timestamp=7663 ms, used_size=16373760 bytes (40.0%)
(RDMA_READ_CONSUME_CHECK_CONSUMER) timestamp=7663 ms, used_size=16371712 bytes (40.0%)
(RDMA_READ_CONSUME_CHECK_CONSUMER) timestamp=7663 ms, used_size=16369664 bytes (40.0%)
(RDMA_READ_CONSUME_CHECK_CONSUMER) timestamp=7663 ms, used_size=16367616 bytes (40.0%)
(RDMA_READ_CONSUME_CHECK_CONSUMER) timestamp=7663 ms, used_size=16365568 bytes (40.0%)
(RDMA_READ_CONSUME_CHECK_CONSUMER) timestamp=7663 ms, used_size=16363520 bytes (40.0%)
(RDMA_READ_CONSUME_CHECK_CONSUMER) timestamp=7663 ms, used_size=16361472 bytes (39.9%)
(RDMA_READ_CONSUME_CHECK_CONSUMER) timestamp=7663 ms, used_size=16359424 bytes (39.9%)
(RDMA_READ_CONSUME_CHECK_CONSUMER) timestamp=7663 ms, used_size=16357376 bytes (39.9%)
(RDMA_READ_CONSUME_CHECK_CONSUMER) timestamp=7663 ms, used_size=16355328 bytes (39.9%)
(RDMA_READ_CONSUME_CHECK_CONSUMER) timestamp=7663 ms, used_size=16353280 bytes (39.9%)
(RDMA_READ_CONSUME_CHECK_CONSUMER) timestamp=7663 ms, used_size=16351232 bytes (39.9%)
(RDMA_READ_CONSUME_CHECK_CONSUMER) timestamp=7663 ms, used_size=16349184 bytes (39.9%)
(RDMA_READ_CONSUME_CHECK_CONSUMER) timestamp=7663 ms, used_size=16347136 bytes (39.9%)
(RDMA_READ_CONSUME_CHECK_CONSUMER) timestamp=7663 ms, used_size=16345088 bytes (39.9%)
(RDMA_READ_CONSUME_CHECK_CONSUMER) timestamp=7663 ms, used_size=16343040 bytes (39.9%)
(RDMA_READ_CONSUME_CHECK_CONSUMER) timestamp=7663 ms, used_size=16340992 bytes (39.9%)
(RDMA_READ_CONSUME_CHECK_CONSUMER) timestamp=7663 ms, used_size=16338944 bytes (39.9%)
(RDMA_READ_CONSUME_CHECK_CONSUMER) timestamp=7663 ms, used_size=16336896 bytes (39.9%)
(RDMA_READ_CONSUME_CHECK_CONSUMER) timestamp=7663 ms, used_size=16334848 bytes (39.9%)
(RDMA_READ_CONSUME_CHECK_CONSUMER) timestamp=7663 ms, used_size=16332800 bytes (39.9%)
(RDMA_READ_CONSUME_CHECK_CONSUMER) timestamp=7663 ms, used_size=16330752 bytes (39.9%)
(RDMA_READ_CONSUME_CHECK_CONSUMER) timestamp=7663 ms, used_size=16328704 bytes (39.9%)
(RDMA_READ_CONSUME_CHECK_CONSUMER) timestamp=7663 ms, used_size=16326656 bytes (39.9%)
(RDMA_READ_CONSUME_CHECK_CONSUMER) timestamp=7663 ms, used_size=16324608 bytes (39.9%)
(RDMA_READ_CONSUME_CHECK_CONSUMER) timestamp=7663 ms, used_size=16322560 bytes (39.9%)
(RDMA_READ_CONSUME_CHECK_CONSUMER) timestamp=7663 ms, used_size=16320512 bytes (39.8%)
(RDMA_READ_CONSUME_CHECK_CONSUMER) timestamp=7663 ms, used_size=16318464 bytes (39.8%)
(RDMA_READ_CONSUME_CHECK_CONSUMER) timestamp=7663 ms, used_size=16316416 bytes (39.8%)
(RDMA_READ_CONSUME_CHECK_CONSUMER) timestamp=7663 ms, used_size=16314368 bytes (39.8%)
(RDMA_READ_CONSUME_CHECK_CONSUMER) timestamp=7663 ms, used_size=16312320 bytes (39.8%)
(RDMA_READ_CONSUME_CHECK_CONSUMER) timestamp=7663 ms, used_size=16310272 bytes (39.8%)
(RDMA_READ_CONSUME_CHECK_CONSUMER) timestamp=7663 ms, used_size=16308224 bytes (39.8%)
(RDMA_READ_CONSUME_CHECK_CONSUMER) timestamp=7663 ms, used_size=16306176 bytes (39.8%)
(RDMA_READ_CONSUME_CHECK_CONSUMER) timestamp=7663 ms, used_size=16304128 bytes (39.8%)
(RDMA_READ_CONSUME_CHECK_CONSUMER) timestamp=7663 ms, used_size=16302080 bytes (39.8%)
(RDMA_READ_CONSUME_CHECK_CONSUMER) timestamp=7663 ms, used_size=16300032 bytes (39.8%)
(RDMA_READ_CONSUME_CHECK_CONSUMER) timestamp=7663 ms, used_size=16297984 bytes (39.8%)
(RDMA_READ_CONSUME_CHECK_CONSUMER) timestamp=7663 ms, used_size=16295936 bytes (39.8%)
(RDMA_READ_CONSUME_CHECK_CONSUMER) timestamp=7663 ms, used_size=16293888 bytes (39.8%)
(RDMA_READ_CONSUME_CHECK_CONSUMER) timestamp=7663 ms, used_size=16291840 bytes (39.8%)
(RDMA_READ_CONSUME_CHECK_CONSUMER) timestamp=7663 ms, used_size=16289792 bytes (39.8%)
(RDMA_READ_CONSUME_CHECK_CONSUMER) timestamp=7663 ms, used_size=16287744 bytes (39.8%)
(RDMA_READ_CONSUME_CHECK_CONSUMER) timestamp=7663 ms, used_size=16285696 bytes (39.8%)
(RDMA_READ_CONSUME_CHECK_CONSUMER) timestamp=7663 ms, used_size=16283648 bytes (39.8%)
(RDMA_READ_CONSUME_CHECK_CONSUMER) timestamp=7663 ms, used_size=16281600 bytes (39.8%)
(RDMA_READ_CONSUME_CHECK_CONSUMER) timestamp=7663 ms, used_size=16279552 bytes (39.7%)
(RDMA_READ_CONSUME_CHECK_CONSUMER) timestamp=7663 ms, used_size=16277504 bytes (39.7%)
(RDMA_READ_CONSUME_CHECK_CONSUMER) timestamp=7663 ms, used_size=16275456 bytes (39.7%)
(RDMA_READ_CONSUME_CHECK_CONSUMER) timestamp=7663 ms, used_size=16273408 bytes (39.7%)
(RDMA_READ_CONSUME_CHECK_CONSUMER) timestamp=7663 ms, used_size=16271360 bytes (39.7%)
(RDMA_READ_CONSUME_CHECK_CONSUMER) timestamp=7663 ms, used_size=16269312 bytes (39.7%)
(RDMA_READ_CONSUME_CHECK_CONSUMER) timestamp=7663 ms, used_size=16267264 bytes (39.7%)
(RDMA_READ_CONSUME_CHECK_CONSUMER) timestamp=7663 ms, used_size=16265216 bytes (39.7%)
(RDMA_READ_CONSUME_CHECK_CONSUMER) timestamp=7663 ms, used_size=16263168 bytes (39.7%)
(RDMA_READ_CONSUME_CHECK_CONSUMER) timestamp=7663 ms, used_size=16261120 bytes (39.7%)
(RDMA_READ_CONSUME_CHECK_CONSUMER) timestamp=7663 ms, used_size=16259072 bytes (39.7%)
(RDMA_READ_CONSUME_CHECK_CONSUMER) timestamp=7663 ms, used_size=16257024 bytes (39.7%)
(RDMA_READ_CONSUME_CHECK_CONSUMER) timestamp=7663 ms, used_size=16254976 bytes (39.7%)
(RDMA_READ_CONSUME_CHECK_CONSUMER) timestamp=7663 ms, used_size=16252928 bytes (39.7%)
(RDMA_READ_CONSUME_CHECK_CONSUMER) timestamp=7663 ms, used_size=16250880 bytes (39.7%)
(RDMA_READ_CONSUME_CHECK_CONSUMER) timestamp=7663 ms, used_size=16248832 bytes (39.7%)
(RDMA_READ_CONSUME_CHECK_CONSUMER) timestamp=7663 ms, used_size=16246784 bytes (39.7%)
(RDMA_READ_CONSUME_CHECK_CONSUMER) timestamp=7663 ms, used_size=16244736 bytes (39.7%)
(RDMA_READ_CONSUME_CHECK_CONSUMER) timestamp=7663 ms, used_size=16242688 bytes (39.7%)
(RDMA_READ_CONSUME_CHECK_CONSUMER) timestamp=7663 ms, used_size=16240640 bytes (39.6%)
(RDMA_READ_CONSUME_CHECK_CONSUMER) timestamp=7663 ms, used_size=16238592 bytes (39.6%)
(RDMA_READ_CONSUME_CHECK_CONSUMER) timestamp=7663 ms, used_size=16236544 bytes (39.6%)
(RDMA_READ_CONSUME_CHECK_CONSUMER) timestamp=7663 ms, used_size=16234496 bytes (39.6%)
(RDMA_READ_CONSUME_CHECK_CONSUMER) timestamp=7663 ms, used_size=16232448 bytes (39.6%)
(RDMA_READ_CONSUME_CHECK_CONSUMER) timestamp=7663 ms, used_size=16230400 bytes (39.6%)
(RDMA_READ_CONSUME_CHECK_CONSUMER) timestamp=7663 ms, used_size=16228352 bytes (39.6%)
(RDMA_READ_CONSUME_CHECK_CONSUMER) timestamp=7663 ms, used_size=16226304 bytes (39.6%)
(RDMA_READ_CONSUME_CHECK_CONSUMER) timestamp=7663 ms, used_size=16224256 bytes (39.6%)
(RDMA_READ_CONSUME_CHECK_CONSUMER) timestamp=7663 ms, used_size=16222208 bytes (39.6%)
(RDMA_READ_CONSUME_CHECK_CONSUMER) timestamp=7663 ms, used_size=16220160 bytes (39.6%)
(RDMA_READ_CONSUME_CHECK_CONSUMER) timestamp=7663 ms, used_size=16218112 bytes (39.6%)
(RDMA_READ_CONSUME_CHECK_CONSUMER) timestamp=7663 ms, used_size=16216064 bytes (39.6%)
(RDMA_READ_CONSUME_CHECK_CONSUMER) timestamp=7663 ms, used_size=16214016 bytes (39.6%)
(RDMA_READ_CONSUME_CHECK_CONSUMER) timestamp=7663 ms, used_size=16211968 bytes (39.6%)
(RDMA_READ_CONSUME_CHECK_CONSUMER) timestamp=7663 ms, used_size=16209920 bytes (39.6%)
(RDMA_READ_CONSUME_CHECK_CONSUMER) timestamp=7663 ms, used_size=16207872 bytes (39.6%)
(RDMA_READ_CONSUME_CHECK_CONSUMER) timestamp=7663 ms, used_size=16205824 bytes (39.6%)
(RDMA_READ_CONSUME_CHECK_CONSUMER) timestamp=7663 ms, used_size=16203776 bytes (39.6%)
(RDMA_READ_CONSUME_CHECK_CONSUMER) timestamp=7663 ms, used_size=16201728 bytes (39.6%)
(RDMA_READ_CONSUME_CHECK_CONSUMER) timestamp=7663 ms, used_size=16199680 bytes (39.5%)
(RDMA_READ_CONSUME_CHECK_CONSUMER) timestamp=7663 ms, used_size=16197632 bytes (39.5%)
(RDMA_READ_CONSUME_CHECK_CONSUMER) timestamp=7663 ms, used_size=16195584 bytes (39.5%)
(RDMA_READ_CONSUME_CHECK_CONSUMER) timestamp=7663 ms, used_size=16193536 bytes (39.5%)
(RDMA_READ_CONSUME_CHECK_CONSUMER) timestamp=7663 ms, used_size=16191488 bytes (39.5%)
(RDMA_READ_CONSUME_CHECK_CONSUMER) timestamp=7663 ms, used_size=16189440 bytes (39.5%)
(RDMA_READ_CONSUME_CHECK_CONSUMER) timestamp=7663 ms, used_size=16187392 bytes (39.5%)
(RDMA_READ_CONSUME_CHECK_CONSUMER) timestamp=7663 ms, used_size=16185344 bytes (39.5%)
(RDMA_READ_CONSUME_CHECK_CONSUMER) timestamp=7663 ms, used_size=16183296 bytes (39.5%)
(RDMA_READ_CONSUME_CHECK_CONSUMER) timestamp=7663 ms, used_size=16181248 bytes (39.5%)
(RDMA_READ_CONSUME_CHECK_CONSUMER) timestamp=7663 ms, used_size=16179200 bytes (39.5%)
(RDMA_READ_CONSUME_CHECK_CONSUMER) timestamp=7663 ms, used_size=16177152 bytes (39.5%)
(RDMA_READ_CONSUME_CHECK_CONSUMER) timestamp=7663 ms, used_size=16175104 bytes (39.5%)
(RDMA_READ_CONSUME_CHECK_CONSUMER) timestamp=7663 ms, used_size=16173056 bytes (39.5%)
(RDMA_READ_CONSUME_CHECK_CONSUMER) timestamp=7663 ms, used_size=16171008 bytes (39.5%)
(RDMA_READ_CONSUME_CHECK_CONSUMER) timestamp=7664 ms, used_size=16168960 bytes (39.5%)
(RDMA_READ_CONSUME_CHECK_CONSUMER) timestamp=7664 ms, used_size=16166912 bytes (39.5%)
(RDMA_READ_CONSUME_CHECK_CONSUMER) timestamp=7664 ms, used_size=16164864 bytes (39.5%)
(RDMA_READ_CONSUME_CHECK_CONSUMER) timestamp=7664 ms, used_size=16162816 bytes (39.5%)
(RDMA_READ_CONSUME_CHECK_CONSUMER) timestamp=7664 ms, used_size=16160768 bytes (39.5%)
(RDMA_READ_CONSUME_CHECK_CONSUMER) timestamp=7664 ms, used_size=16158720 bytes (39.5%)
(RDMA_READ_CONSUME_CHECK_CONSUMER) timestamp=7664 ms, used_size=16156672 bytes (39.4%)
(RDMA_READ_CONSUME_CHECK_CONSUMER) timestamp=7664 ms, used_size=16154624 bytes (39.4%)
(RDMA_READ_CONSUME_CHECK_CONSUMER) timestamp=7664 ms, used_size=16152576 bytes (39.4%)
(RDMA_READ_CONSUME_CHECK_CONSUMER) timestamp=7664 ms, used_size=16150528 bytes (39.4%)
(RDMA_READ_CONSUME_CHECK_CONSUMER) timestamp=7664 ms, used_size=16148480 bytes (39.4%)
(RDMA_READ_CONSUME_CHECK_CONSUMER) timestamp=7664 ms, used_size=16146432 bytes (39.4%)
(RDMA_READ_CONSUME_CHECK_CONSUMER) timestamp=7664 ms, used_size=16144384 bytes (39.4%)
(RDMA_READ_CONSUME_CHECK_CONSUMER) timestamp=7664 ms, used_size=16142336 bytes (39.4%)
(RDMA_READ_CONSUME_CHECK_CONSUMER) timestamp=7664 ms, used_size=16140288 bytes (39.4%)
(RDMA_READ_CONSUME_CHECK_CONSUMER) timestamp=7664 ms, used_size=16138240 bytes (39.4%)
(RDMA_READ_CONSUME_CHECK_CONSUMER) timestamp=7664 ms, used_size=16136192 bytes (39.4%)
(RDMA_READ_CONSUME_CHECK_CONSUMER) timestamp=7664 ms, used_size=16134144 bytes (39.4%)
(RDMA_READ_CONSUME_CHECK_CONSUMER) timestamp=7664 ms, used_size=16132096 bytes (39.4%)
(RDMA_READ_CONSUME_CHECK_CONSUMER) timestamp=7664 ms, used_size=16130048 bytes (39.4%)
(RDMA_READ_CONSUME_CHECK_CONSUMER) timestamp=7664 ms, used_size=16128000 bytes (39.4%)
(RDMA_READ_CONSUME_CHECK_CONSUMER) timestamp=7664 ms, used_size=16125952 bytes (39.4%)
(RDMA_READ_CONSUME_CHECK_CONSUMER) timestamp=7664 ms, used_size=16123904 bytes (39.4%)
(RDMA_READ_CONSUME_CHECK_CONSUMER) timestamp=7664 ms, used_size=16121856 bytes (39.4%)
(RDMA_READ_CONSUME_CHECK_CONSUMER) timestamp=7664 ms, used_size=16119808 bytes (39.4%)
(RDMA_READ_CONSUME_CHECK_CONSUMER) timestamp=7664 ms, used_size=16117760 bytes (39.4%)
(RDMA_READ_CONSUME_CHECK_CONSUMER) timestamp=7664 ms, used_size=16115712 bytes (39.3%)
(RDMA_READ_CONSUME_CHECK_CONSUMER) timestamp=7664 ms, used_size=16113664 bytes (39.3%)
(RDMA_READ_CONSUME_CHECK_CONSUMER) timestamp=7664 ms, used_size=16111616 bytes (39.3%)
(RDMA_READ_CONSUME_CHECK_CONSUMER) timestamp=7664 ms, used_size=16109568 bytes (39.3%)
(RDMA_READ_CONSUME_CHECK_CONSUMER) timestamp=7664 ms, used_size=16107520 bytes (39.3%)
(RDMA_READ_CONSUME_CHECK_CONSUMER) timestamp=7664 ms, used_size=16105472 bytes (39.3%)
(RDMA_READ_CONSUME_CHECK_CONSUMER) timestamp=7664 ms, used_size=16103424 bytes (39.3%)
(RDMA_READ_CONSUME_CHECK_CONSUMER) timestamp=7664 ms, used_size=16101376 bytes (39.3%)
(RDMA_READ_CONSUME_CHECK_CONSUMER) timestamp=7664 ms, used_size=16099328 bytes (39.3%)
(RDMA_READ_CONSUME_CHECK_CONSUMER) timestamp=7664 ms, used_size=16097280 bytes (39.3%)
(RDMA_READ_CONSUME_CHECK_CONSUMER) timestamp=7664 ms, used_size=16095232 bytes (39.3%)
(RDMA_READ_CONSUME_CHECK_CONSUMER) timestamp=7664 ms, used_size=16093184 bytes (39.3%)
(RDMA_READ_CONSUME_CHECK_CONSUMER) timestamp=7664 ms, used_size=16091136 bytes (39.3%)
(RDMA_READ_CONSUME_CHECK_CONSUMER) timestamp=7664 ms, used_size=16089088 bytes (39.3%)
(RDMA_READ_CONSUME_CHECK_CONSUMER) timestamp=7664 ms, used_size=16087040 bytes (39.3%)
(RDMA_READ_CONSUME_CHECK_CONSUMER) timestamp=7664 ms, used_size=16084992 bytes (39.3%)
(RDMA_READ_CONSUME_CHECK_CONSUMER) timestamp=7664 ms, used_size=16082944 bytes (39.3%)
(RDMA_READ_CONSUME_CHECK_CONSUMER) timestamp=7664 ms, used_size=16080896 bytes (39.3%)
(RDMA_READ_CONSUME_CHECK_CONSUMER) timestamp=7664 ms, used_size=16078848 bytes (39.3%)
(RDMA_READ_CONSUME_CHECK_CONSUMER) timestamp=7664 ms, used_size=16076800 bytes (39.2%)
(RDMA_READ_CONSUME_CHECK_CONSUMER) timestamp=7664 ms, used_size=16074752 bytes (39.2%)
(RDMA_READ_CONSUME_CHECK_CONSUMER) timestamp=7664 ms, used_size=16072704 bytes (39.2%)
(RDMA_READ_CONSUME_CHECK_CONSUMER) timestamp=7664 ms, used_size=16070656 bytes (39.2%)
(RDMA_READ_CONSUME_CHECK_CONSUMER) timestamp=7664 ms, used_size=16068608 bytes (39.2%)
(RDMA_READ_CONSUME_CHECK_CONSUMER) timestamp=7664 ms, used_size=16066560 bytes (39.2%)
(RDMA_READ_CONSUME_CHECK_CONSUMER) timestamp=7664 ms, used_size=16064512 bytes (39.2%)
(RDMA_READ_CONSUME_CHECK_CONSUMER) timestamp=7664 ms, used_size=16062464 bytes (39.2%)
(RDMA_READ_CONSUME_CHECK_CONSUMER) timestamp=7664 ms, used_size=16060416 bytes (39.2%)
(RDMA_READ_CONSUME_CHECK_CONSUMER) timestamp=7664 ms, used_size=16058368 bytes (39.2%)
(RDMA_READ_CONSUME_CHECK_CONSUMER) timestamp=7664 ms, used_size=16056320 bytes (39.2%)
(RDMA_READ_CONSUME_CHECK_CONSUMER) timestamp=7664 ms, used_size=16054272 bytes (39.2%)
(RDMA_READ_CONSUME_CHECK_CONSUMER) timestamp=7664 ms, used_size=16052224 bytes (39.2%)
(RDMA_READ_CONSUME_CHECK_CONSUMER) timestamp=7664 ms, used_size=16050176 bytes (39.2%)
(RDMA_READ_CONSUME_CHECK_CONSUMER) timestamp=7664 ms, used_size=16048128 bytes (39.2%)
(RDMA_READ_CONSUME_CHECK_CONSUMER) timestamp=7664 ms, used_size=16046080 bytes (39.2%)
(RDMA_READ_CONSUME_CHECK_CONSUMER) timestamp=7664 ms, used_size=16044032 bytes (39.2%)
(RDMA_READ_CONSUME_CHECK_CONSUMER) timestamp=7664 ms, used_size=16041984 bytes (39.2%)
(RDMA_READ_CONSUME_CHECK_CONSUMER) timestamp=7664 ms, used_size=16039936 bytes (39.2%)
(RDMA_READ_CONSUME_CHECK_CONSUMER) timestamp=7664 ms, used_size=16037888 bytes (39.2%)
(RDMA_READ_CONSUME_CHECK_CONSUMER) timestamp=7664 ms, used_size=16035840 bytes (39.1%)
(RDMA_READ_CONSUME_CHECK_CONSUMER) timestamp=7664 ms, used_size=16033792 bytes (39.1%)
(RDMA_READ_CONSUME_CHECK_CONSUMER) timestamp=7664 ms, used_size=16031744 bytes (39.1%)
(RDMA_READ_CONSUME_CHECK_CONSUMER) timestamp=7664 ms, used_size=16029696 bytes (39.1%)
(RDMA_READ_CONSUME_CHECK_CONSUMER) timestamp=7664 ms, used_size=16027648 bytes (39.1%)
(RDMA_READ_CONSUME_CHECK_CONSUMER) timestamp=7664 ms, used_size=16025600 bytes (39.1%)
(RDMA_READ_CONSUME_CHECK_CONSUMER) timestamp=7664 ms, used_size=16023552 bytes (39.1%)
(RDMA_READ_CONSUME_CHECK_CONSUMER) timestamp=7664 ms, used_size=16021504 bytes (39.1%)
(RDMA_READ_CONSUME_CHECK_CONSUMER) timestamp=7664 ms, used_size=16019456 bytes (39.1%)
(RDMA_READ_CONSUME_CHECK_CONSUMER) timestamp=7664 ms, used_size=16017408 bytes (39.1%)
(RDMA_READ_CONSUME_CHECK_CONSUMER) timestamp=7664 ms, used_size=16015360 bytes (39.1%)
(RDMA_READ_CONSUME_CHECK_CONSUMER) timestamp=7664 ms, used_size=16013312 bytes (39.1%)
(RDMA_READ_CONSUME_CHECK_CONSUMER) timestamp=7664 ms, used_size=16011264 bytes (39.1%)
(RDMA_READ_CONSUME_CHECK_CONSUMER) timestamp=7664 ms, used_size=16009216 bytes (39.1%)
(RDMA_READ_CONSUME_CHECK_CONSUMER) timestamp=7664 ms, used_size=16007168 bytes (39.1%)
(RDMA_READ_CONSUME_CHECK_CONSUMER) timestamp=7664 ms, used_size=16005120 bytes (39.1%)
(RDMA_READ_CONSUME_CHECK_CONSUMER) timestamp=7664 ms, used_size=16003072 bytes (39.1%)
(RDMA_READ_CONSUME_CHECK_CONSUMER) timestamp=7664 ms, used_size=16001024 bytes (39.1%)
(RDMA_READ_CONSUME_CHECK_CONSUMER) timestamp=7664 ms, used_size=15998976 bytes (39.1%)
(RDMA_READ_CONSUME_CHECK_CONSUMER) timestamp=7664 ms, used_size=15996928 bytes (39.1%)
(RDMA_READ_CONSUME_CHECK_CONSUMER) timestamp=7664 ms, used_size=15994880 bytes (39.0%)
(RDMA_READ_CONSUME_CHECK_CONSUMER) timestamp=7664 ms, used_size=15992832 bytes (39.0%)
(RDMA_READ_CONSUME_CHECK_CONSUMER) timestamp=7664 ms, used_size=15990784 bytes (39.0%)
(RDMA_READ_CONSUME_CHECK_CONSUMER) timestamp=7664 ms, used_size=15988736 bytes (39.0%)
(RDMA_READ_CONSUME_CHECK_CONSUMER) timestamp=7664 ms, used_size=15986688 bytes (39.0%)
(RDMA_READ_CONSUME_CHECK_CONSUMER) timestamp=7664 ms, used_size=15984640 bytes (39.0%)
(RDMA_READ_CONSUME_CHECK_CONSUMER) timestamp=7664 ms, used_size=15982592 bytes (39.0%)
(RDMA_READ_CONSUME_CHECK_CONSUMER) timestamp=7664 ms, used_size=15980544 bytes (39.0%)
(RDMA_READ_CONSUME_CHECK_CONSUMER) timestamp=7664 ms, used_size=15978496 bytes (39.0%)
(RDMA_READ_CONSUME_CHECK_CONSUMER) timestamp=7664 ms, used_size=15976448 bytes (39.0%)
(RDMA_READ_CONSUME_CHECK_CONSUMER) timestamp=7664 ms, used_size=15974400 bytes (39.0%)
(RDMA_READ_CONSUME_CHECK_CONSUMER) timestamp=7664 ms, used_size=15972352 bytes (39.0%)
(RDMA_READ_CONSUME_CHECK_CONSUMER) timestamp=7664 ms, used_size=15970304 bytes (39.0%)
(RDMA_READ_CONSUME_CHECK_CONSUMER) timestamp=7664 ms, used_size=15968256 bytes (39.0%)
(RDMA_READ_CONSUME_CHECK_CONSUMER) timestamp=7664 ms, used_size=15966208 bytes (39.0%)
(RDMA_READ_CONSUME_CHECK_CONSUMER) timestamp=7664 ms, used_size=15964160 bytes (39.0%)
(RDMA_READ_CONSUME_CHECK_CONSUMER) timestamp=7664 ms, used_size=15962112 bytes (39.0%)
(RDMA_READ_CONSUME_CHECK_CONSUMER) timestamp=7664 ms, used_size=15960064 bytes (39.0%)
(RDMA_READ_CONSUME_CHECK_CONSUMER) timestamp=7664 ms, used_size=15958016 bytes (39.0%)
(RDMA_READ_CONSUME_CHECK_CONSUMER) timestamp=7664 ms, used_size=15955968 bytes (39.0%)
(RDMA_READ_CONSUME_CHECK_CONSUMER) timestamp=7664 ms, used_size=15953920 bytes (39.0%)
(RDMA_READ_CONSUME_CHECK_CONSUMER) timestamp=7664 ms, used_size=15951872 bytes (38.9%)
(RDMA_READ_CONSUME_CHECK_CONSUMER) timestamp=7664 ms, used_size=15949824 bytes (38.9%)
(RDMA_READ_CONSUME_CHECK_CONSUMER) timestamp=7664 ms, used_size=15947776 bytes (38.9%)
(RDMA_READ_CONSUME_CHECK_CONSUMER) timestamp=7664 ms, used_size=15945728 bytes (38.9%)
(RDMA_READ_CONSUME_CHECK_CONSUMER) timestamp=7664 ms, used_size=15943680 bytes (38.9%)
(RDMA_READ_CONSUME_CHECK_CONSUMER) timestamp=7664 ms, used_size=15941632 bytes (38.9%)
(RDMA_READ_CONSUME_CHECK_CONSUMER) timestamp=7664 ms, used_size=15939584 bytes (38.9%)
(RDMA_READ_CONSUME_CHECK_CONSUMER) timestamp=7664 ms, used_size=15937536 bytes (38.9%)
(RDMA_READ_CONSUME_CHECK_CONSUMER) timestamp=7664 ms, used_size=15935488 bytes (38.9%)
(RDMA_READ_CONSUME_CHECK_CONSUMER) timestamp=7664 ms, used_size=15933440 bytes (38.9%)
(RDMA_READ_CONSUME_CHECK_CONSUMER) timestamp=7664 ms, used_size=15931392 bytes (38.9%)
(RDMA_READ_CONSUME_CHECK_CONSUMER) timestamp=7664 ms, used_size=15929344 bytes (38.9%)
(RDMA_READ_CONSUME_CHECK_CONSUMER) timestamp=7664 ms, used_size=15927296 bytes (38.9%)
(RDMA_READ_CONSUME_CHECK_CONSUMER) timestamp=7664 ms, used_size=15925248 bytes (38.9%)
(RDMA_READ_CONSUME_CHECK_CONSUMER) timestamp=7664 ms, used_size=15923200 bytes (38.9%)
(RDMA_READ_CONSUME_CHECK_CONSUMER) timestamp=7664 ms, used_size=15921152 bytes (38.9%)
(RDMA_READ_CONSUME_CHECK_CONSUMER) timestamp=7664 ms, used_size=15919104 bytes (38.9%)
(RDMA_READ_CONSUME_CHECK_CONSUMER) timestamp=7664 ms, used_size=15917056 bytes (38.9%)
(RDMA_READ_CONSUME_CHECK_CONSUMER) timestamp=7664 ms, used_size=15915008 bytes (38.9%)
(RDMA_READ_CONSUME_CHECK_CONSUMER) timestamp=7664 ms, used_size=15912960 bytes (38.9%)
(RDMA_READ_CONSUME_CHECK_CONSUMER) timestamp=7664 ms, used_size=15910912 bytes (38.8%)
(RDMA_READ_CONSUME_CHECK_CONSUMER) timestamp=7664 ms, used_size=15908864 bytes (38.8%)
(RDMA_READ_CONSUME_CHECK_CONSUMER) timestamp=7664 ms, used_size=15906816 bytes (38.8%)
(RDMA_READ_CONSUME_CHECK_CONSUMER) timestamp=7664 ms, used_size=15904768 bytes (38.8%)
(RDMA_READ_CONSUME_CHECK_CONSUMER) timestamp=7664 ms, used_size=15902720 bytes (38.8%)
(RDMA_READ_CONSUME_CHECK_CONSUMER) timestamp=7664 ms, used_size=15900672 bytes (38.8%)
(RDMA_READ_CONSUME_CHECK_CONSUMER) timestamp=7664 ms, used_size=15898624 bytes (38.8%)
(RDMA_READ_CONSUME_CHECK_CONSUMER) timestamp=7664 ms, used_size=15896576 bytes (38.8%)
(RDMA_READ_CONSUME_CHECK_CONSUMER) timestamp=7664 ms, used_size=15894528 bytes (38.8%)
(RDMA_READ_CONSUME_CHECK_CONSUMER) timestamp=7664 ms, used_size=15892480 bytes (38.8%)
(RDMA_READ_CONSUME_CHECK_CONSUMER) timestamp=7664 ms, used_size=15890432 bytes (38.8%)
(RDMA_READ_CONSUME_CHECK_CONSUMER) timestamp=7664 ms, used_size=15888384 bytes (38.8%)
(RDMA_READ_CONSUME_CHECK_CONSUMER) timestamp=7664 ms, used_size=15886336 bytes (38.8%)
(RDMA_READ_CONSUME_CHECK_CONSUMER) timestamp=7664 ms, used_size=15884288 bytes (38.8%)
(RDMA_READ_CONSUME_CHECK_CONSUMER) timestamp=7664 ms, used_size=15882240 bytes (38.8%)
(RDMA_READ_CONSUME_CHECK_CONSUMER) timestamp=7664 ms, used_size=15880192 bytes (38.8%)
(RDMA_READ_CONSUME_CHECK_CONSUMER) timestamp=7664 ms, used_size=15878144 bytes (38.8%)
(RDMA_READ_CONSUME_CHECK_CONSUMER) timestamp=7664 ms, used_size=15876096 bytes (38.8%)
(RDMA_READ_CONSUME_CHECK_CONSUMER) timestamp=7664 ms, used_size=15874048 bytes (38.8%)
(RDMA_READ_CONSUME_CHECK_CONSUMER) timestamp=7664 ms, used_size=15872000 bytes (38.8%)
(RDMA_READ_CONSUME_CHECK_CONSUMER) timestamp=7664 ms, used_size=15869952 bytes (38.7%)
(RDMA_READ_CONSUME_CHECK_CONSUMER) timestamp=7664 ms, used_size=15867904 bytes (38.7%)
(RDMA_READ_CONSUME_CHECK_CONSUMER) timestamp=7664 ms, used_size=15865856 bytes (38.7%)
(RDMA_READ_CONSUME_CHECK_CONSUMER) timestamp=7664 ms, used_size=15863808 bytes (38.7%)
(RDMA_READ_CONSUME_CHECK_CONSUMER) timestamp=7664 ms, used_size=15861760 bytes (38.7%)
(RDMA_READ_CONSUME_CHECK_CONSUMER) timestamp=7664 ms, used_size=15859712 bytes (38.7%)
(RDMA_READ_CONSUME_CHECK_CONSUMER) timestamp=7664 ms, used_size=15857664 bytes (38.7%)
(RDMA_READ_CONSUME_CHECK_CONSUMER) timestamp=7664 ms, used_size=15855616 bytes (38.7%)
(RDMA_READ_CONSUME_CHECK_CONSUMER) timestamp=7664 ms, used_size=15853568 bytes (38.7%)
(RDMA_READ_CONSUME_CHECK_CONSUMER) timestamp=7664 ms, used_size=15851520 bytes (38.7%)
(RDMA_READ_CONSUME_CHECK_CONSUMER) timestamp=7664 ms, used_size=15849472 bytes (38.7%)
(RDMA_READ_CONSUME_CHECK_CONSUMER) timestamp=7664 ms, used_size=15847424 bytes (38.7%)
(RDMA_READ_CONSUME_CHECK_CONSUMER) timestamp=7664 ms, used_size=15845376 bytes (38.7%)
(RDMA_READ_CONSUME_CHECK_CONSUMER) timestamp=7664 ms, used_size=15843328 bytes (38.7%)
(RDMA_READ_CONSUME_CHECK_CONSUMER) timestamp=7664 ms, used_size=15841280 bytes (38.7%)
(RDMA_READ_CONSUME_CHECK_CONSUMER) timestamp=7664 ms, used_size=15839232 bytes (38.7%)
(RDMA_READ_CONSUME_CHECK_CONSUMER) timestamp=7664 ms, used_size=15837184 bytes (38.7%)
(RDMA_READ_CONSUME_CHECK_CONSUMER) timestamp=7664 ms, used_size=15835136 bytes (38.7%)
(RDMA_READ_CONSUME_CHECK_CONSUMER) timestamp=7664 ms, used_size=15833088 bytes (38.7%)
(RDMA_READ_CONSUME_CHECK_CONSUMER) timestamp=7664 ms, used_size=15831040 bytes (38.6%)
(RDMA_READ_CONSUME_CHECK_CONSUMER) timestamp=7664 ms, used_size=15828992 bytes (38.6%)
(RDMA_READ_CONSUME_CHECK_CONSUMER) timestamp=7664 ms, used_size=15826944 bytes (38.6%)
(RDMA_READ_CONSUME_CHECK_CONSUMER) timestamp=7664 ms, used_size=15824896 bytes (38.6%)
(RDMA_READ_CONSUME_CHECK_CONSUMER) timestamp=7664 ms, used_size=15822848 bytes (38.6%)
(RDMA_READ_CONSUME_CHECK_CONSUMER) timestamp=7664 ms, used_size=15820800 bytes (38.6%)
(RDMA_READ_CONSUME_CHECK_CONSUMER) timestamp=7664 ms, used_size=15818752 bytes (38.6%)
(RDMA_READ_CONSUME_CHECK_CONSUMER) timestamp=7664 ms, used_size=15816704 bytes (38.6%)
(RDMA_READ_CONSUME_CHECK_CONSUMER) timestamp=7664 ms, used_size=15814656 bytes (38.6%)
(RDMA_READ_CONSUME_CHECK_CONSUMER) timestamp=7664 ms, used_size=15812608 bytes (38.6%)
(RDMA_READ_CONSUME_CHECK_CONSUMER) timestamp=7664 ms, used_size=15810560 bytes (38.6%)
(RDMA_READ_CONSUME_CHECK_CONSUMER) timestamp=7664 ms, used_size=15808512 bytes (38.6%)
(RDMA_READ_CONSUME_CHECK_CONSUMER) timestamp=7664 ms, used_size=15806464 bytes (38.6%)
(RDMA_READ_CONSUME_CHECK_CONSUMER) timestamp=7664 ms, used_size=15804416 bytes (38.6%)
(RDMA_READ_CONSUME_CHECK_CONSUMER) timestamp=7664 ms, used_size=15802368 bytes (38.6%)
(RDMA_READ_CONSUME_CHECK_CONSUMER) timestamp=7664 ms, used_size=15800320 bytes (38.6%)
(RDMA_READ_CONSUME_CHECK_CONSUMER) timestamp=7664 ms, used_size=15798272 bytes (38.6%)
(RDMA_READ_CONSUME_CHECK_CONSUMER) timestamp=7664 ms, used_size=15796224 bytes (38.6%)
(RDMA_READ_CONSUME_CHECK_CONSUMER) timestamp=7664 ms, used_size=15794176 bytes (38.6%)
(RDMA_READ_CONSUME_CHECK_CONSUMER) timestamp=7665 ms, used_size=15792128 bytes (38.6%)
(RDMA_READ_CONSUME_CHECK_CONSUMER) timestamp=7665 ms, used_size=15790080 bytes (38.5%)
(RDMA_READ_CONSUME_CHECK_CONSUMER) timestamp=7665 ms, used_size=15788032 bytes (38.5%)
(RDMA_READ_CONSUME_CHECK_CONSUMER) timestamp=7665 ms, used_size=15785984 bytes (38.5%)
(RDMA_READ_CONSUME_CHECK_CONSUMER) timestamp=7665 ms, used_size=15783936 bytes (38.5%)
(RDMA_READ_CONSUME_CHECK_CONSUMER) timestamp=7665 ms, used_size=15781888 bytes (38.5%)
(RDMA_READ_CONSUME_CHECK_CONSUMER) timestamp=7665 ms, used_size=15779840 bytes (38.5%)
(RDMA_READ_CONSUME_CHECK_CONSUMER) timestamp=7665 ms, used_size=15777792 bytes (38.5%)
(RDMA_READ_CONSUME_CHECK_CONSUMER) timestamp=7665 ms, used_size=15775744 bytes (38.5%)
(RDMA_READ_CONSUME_CHECK_CONSUMER) timestamp=7665 ms, used_size=15773696 bytes (38.5%)
(RDMA_READ_CONSUME_CHECK_CONSUMER) timestamp=7665 ms, used_size=15771648 bytes (38.5%)
(RDMA_READ_CONSUME_CHECK_CONSUMER) timestamp=7665 ms, used_size=15769600 bytes (38.5%)
(RDMA_READ_CONSUME_CHECK_CONSUMER) timestamp=7665 ms, used_size=15767552 bytes (38.5%)
(RDMA_READ_CONSUME_CHECK_CONSUMER) timestamp=7665 ms, used_size=15765504 bytes (38.5%)
(RDMA_READ_CONSUME_CHECK_CONSUMER) timestamp=7665 ms, used_size=15763456 bytes (38.5%)
(RDMA_READ_CONSUME_CHECK_CONSUMER) timestamp=7665 ms, used_size=15761408 bytes (38.5%)
(RDMA_READ_CONSUME_CHECK_CONSUMER) timestamp=7665 ms, used_size=15759360 bytes (38.5%)
(RDMA_READ_CONSUME_CHECK_CONSUMER) timestamp=7665 ms, used_size=15757312 bytes (38.5%)
(RDMA_READ_CONSUME_CHECK_CONSUMER) timestamp=7665 ms, used_size=15755264 bytes (38.5%)
(RDMA_READ_CONSUME_CHECK_CONSUMER) timestamp=7665 ms, used_size=15753216 bytes (38.5%)
(RDMA_READ_CONSUME_CHECK_CONSUMER) timestamp=7665 ms, used_size=15751168 bytes (38.5%)
(RDMA_READ_CONSUME_CHECK_CONSUMER) timestamp=7665 ms, used_size=15749120 bytes (38.5%)
(RDMA_READ_CONSUME_CHECK_CONSUMER) timestamp=7665 ms, used_size=15747072 bytes (38.4%)
(RDMA_READ_CONSUME_CHECK_CONSUMER) timestamp=7665 ms, used_size=15745024 bytes (38.4%)
(RDMA_READ_CONSUME_CHECK_CONSUMER) timestamp=7665 ms, used_size=15742976 bytes (38.4%)
(RDMA_READ_CONSUME_CHECK_CONSUMER) timestamp=7665 ms, used_size=15740928 bytes (38.4%)
(RDMA_READ_CONSUME_CHECK_CONSUMER) timestamp=7665 ms, used_size=15738880 bytes (38.4%)
(RDMA_READ_CONSUME_CHECK_CONSUMER) timestamp=7665 ms, used_size=15736832 bytes (38.4%)
(RDMA_READ_CONSUME_CHECK_CONSUMER) timestamp=7665 ms, used_size=15734784 bytes (38.4%)
(RDMA_READ_CONSUME_CHECK_CONSUMER) timestamp=7665 ms, used_size=15732736 bytes (38.4%)
(RDMA_READ_CONSUME_CHECK_CONSUMER) timestamp=7665 ms, used_size=15730688 bytes (38.4%)
(RDMA_READ_CONSUME_CHECK_CONSUMER) timestamp=7665 ms, used_size=15728640 bytes (38.4%)
(RDMA_READ_CONSUME_CHECK_CONSUMER) timestamp=7665 ms, used_size=15726592 bytes (38.4%)
(RDMA_READ_CONSUME_CHECK_CONSUMER) timestamp=7665 ms, used_size=15724544 bytes (38.4%)
(RDMA_READ_CONSUME_CHECK_CONSUMER) timestamp=7665 ms, used_size=15722496 bytes (38.4%)
(RDMA_READ_CONSUME_CHECK_CONSUMER) timestamp=7665 ms, used_size=15720448 bytes (38.4%)
(RDMA_READ_CONSUME_CHECK_CONSUMER) timestamp=7665 ms, used_size=15718400 bytes (38.4%)
(RDMA_READ_CONSUME_CHECK_CONSUMER) timestamp=7665 ms, used_size=15716352 bytes (38.4%)
(RDMA_READ_CONSUME_CHECK_CONSUMER) timestamp=7665 ms, used_size=15714304 bytes (38.4%)
(RDMA_READ_CONSUME_CHECK_CONSUMER) timestamp=7665 ms, used_size=15712256 bytes (38.4%)
(RDMA_READ_CONSUME_CHECK_CONSUMER) timestamp=7665 ms, used_size=15710208 bytes (38.4%)
(RDMA_READ_CONSUME_CHECK_CONSUMER) timestamp=7665 ms, used_size=15708160 bytes (38.4%)
(RDMA_READ_CONSUME_CHECK_CONSUMER) timestamp=7665 ms, used_size=15706112 bytes (38.3%)
(RDMA_READ_CONSUME_CHECK_CONSUMER) timestamp=7665 ms, used_size=15704064 bytes (38.3%)
(RDMA_READ_CONSUME_CHECK_CONSUMER) timestamp=7665 ms, used_size=15702016 bytes (38.3%)
(RDMA_READ_CONSUME_CHECK_CONSUMER) timestamp=7665 ms, used_size=15699968 bytes (38.3%)
(RDMA_READ_CONSUME_CHECK_CONSUMER) timestamp=7665 ms, used_size=15697920 bytes (38.3%)
(RDMA_READ_CONSUME_CHECK_CONSUMER) timestamp=7665 ms, used_size=15695872 bytes (38.3%)
(RDMA_READ_CONSUME_CHECK_CONSUMER) timestamp=7665 ms, used_size=15693824 bytes (38.3%)
(RDMA_READ_CONSUME_CHECK_CONSUMER) timestamp=7665 ms, used_size=15691776 bytes (38.3%)
(RDMA_READ_CONSUME_CHECK_CONSUMER) timestamp=7665 ms, used_size=15689728 bytes (38.3%)
(RDMA_READ_CONSUME_CHECK_CONSUMER) timestamp=7665 ms, used_size=15687680 bytes (38.3%)
(RDMA_READ_CONSUME_CHECK_CONSUMER) timestamp=7665 ms, used_size=15685632 bytes (38.3%)
(RDMA_READ_CONSUME_CHECK_CONSUMER) timestamp=7665 ms, used_size=15683584 bytes (38.3%)
(RDMA_READ_CONSUME_CHECK_CONSUMER) timestamp=7665 ms, used_size=15681536 bytes (38.3%)
(RDMA_READ_CONSUME_CHECK_CONSUMER) timestamp=7665 ms, used_size=15679488 bytes (38.3%)
(RDMA_READ_CONSUME_CHECK_CONSUMER) timestamp=7665 ms, used_size=15677440 bytes (38.3%)
(RDMA_READ_CONSUME_CHECK_CONSUMER) timestamp=7665 ms, used_size=15675392 bytes (38.3%)
(RDMA_READ_CONSUME_CHECK_CONSUMER) timestamp=7665 ms, used_size=15673344 bytes (38.3%)
(RDMA_READ_CONSUME_CHECK_CONSUMER) timestamp=7665 ms, used_size=15671296 bytes (38.3%)
(RDMA_READ_CONSUME_CHECK_CONSUMER) timestamp=7665 ms, used_size=15669248 bytes (38.3%)
(RDMA_READ_CONSUME_CHECK_CONSUMER) timestamp=7665 ms, used_size=15667200 bytes (38.2%)
(RDMA_READ_CONSUME_CHECK_CONSUMER) timestamp=7665 ms, used_size=15665152 bytes (38.2%)
(RDMA_READ_CONSUME_CHECK_CONSUMER) timestamp=7665 ms, used_size=15663104 bytes (38.2%)
(RDMA_READ_CONSUME_CHECK_CONSUMER) timestamp=7665 ms, used_size=15661056 bytes (38.2%)
(RDMA_READ_CONSUME_CHECK_CONSUMER) timestamp=7665 ms, used_size=15659008 bytes (38.2%)
(RDMA_READ_CONSUME_CHECK_CONSUMER) timestamp=7665 ms, used_size=15656960 bytes (38.2%)
(RDMA_READ_CONSUME_CHECK_CONSUMER) timestamp=7665 ms, used_size=15654912 bytes (38.2%)
(RDMA_READ_CONSUME_CHECK_CONSUMER) timestamp=7665 ms, used_size=15652864 bytes (38.2%)
(RDMA_READ_CONSUME_CHECK_CONSUMER) timestamp=7665 ms, used_size=15650816 bytes (38.2%)
(RDMA_READ_CONSUME_CHECK_CONSUMER) timestamp=7665 ms, used_size=15648768 bytes (38.2%)
(RDMA_READ_CONSUME_CHECK_CONSUMER) timestamp=7665 ms, used_size=15646720 bytes (38.2%)
(RDMA_READ_CONSUME_CHECK_CONSUMER) timestamp=7665 ms, used_size=15644672 bytes (38.2%)
(RDMA_READ_CONSUME_CHECK_CONSUMER) timestamp=7665 ms, used_size=15642624 bytes (38.2%)
(RDMA_READ_CONSUME_CHECK_CONSUMER) timestamp=7665 ms, used_size=15640576 bytes (38.2%)
(RDMA_READ_CONSUME_CHECK_CONSUMER) timestamp=7665 ms, used_size=15638528 bytes (38.2%)
(RDMA_READ_CONSUME_CHECK_CONSUMER) timestamp=7665 ms, used_size=15636480 bytes (38.2%)
(RDMA_READ_CONSUME_CHECK_CONSUMER) timestamp=7665 ms, used_size=15634432 bytes (38.2%)
(RDMA_READ_CONSUME_CHECK_CONSUMER) timestamp=7665 ms, used_size=15632384 bytes (38.2%)
(RDMA_READ_CONSUME_CHECK_CONSUMER) timestamp=7665 ms, used_size=15630336 bytes (38.2%)
(RDMA_READ_CONSUME_CHECK_CONSUMER) timestamp=7665 ms, used_size=15628288 bytes (38.2%)
(RDMA_READ_CONSUME_CHECK_CONSUMER) timestamp=7665 ms, used_size=15626240 bytes (38.1%)
(RDMA_READ_CONSUME_CHECK_CONSUMER) timestamp=7665 ms, used_size=15624192 bytes (38.1%)
(RDMA_READ_CONSUME_CHECK_CONSUMER) timestamp=7665 ms, used_size=15622144 bytes (38.1%)
(RDMA_READ_CONSUME_CHECK_CONSUMER) timestamp=7665 ms, used_size=15620096 bytes (38.1%)
(RDMA_READ_CONSUME_CHECK_CONSUMER) timestamp=7665 ms, used_size=15618048 bytes (38.1%)
(RDMA_READ_CONSUME_CHECK_CONSUMER) timestamp=7665 ms, used_size=15616000 bytes (38.1%)
(RDMA_READ_CONSUME_CHECK_CONSUMER) timestamp=7665 ms, used_size=15613952 bytes (38.1%)
(RDMA_READ_CONSUME_CHECK_CONSUMER) timestamp=7665 ms, used_size=15611904 bytes (38.1%)
(RDMA_READ_CONSUME_CHECK_CONSUMER) timestamp=7665 ms, used_size=15609856 bytes (38.1%)
(RDMA_READ_CONSUME_CHECK_CONSUMER) timestamp=7665 ms, used_size=15607808 bytes (38.1%)
(RDMA_READ_CONSUME_CHECK_CONSUMER) timestamp=7665 ms, used_size=15605760 bytes (38.1%)
(RDMA_READ_CONSUME_CHECK_CONSUMER) timestamp=7665 ms, used_size=15603712 bytes (38.1%)
(RDMA_READ_CONSUME_CHECK_CONSUMER) timestamp=7665 ms, used_size=15601664 bytes (38.1%)
(RDMA_READ_CONSUME_CHECK_CONSUMER) timestamp=7665 ms, used_size=15599616 bytes (38.1%)
(RDMA_READ_CONSUME_CHECK_CONSUMER) timestamp=7665 ms, used_size=15597568 bytes (38.1%)
(RDMA_READ_CONSUME_CHECK_CONSUMER) timestamp=7665 ms, used_size=15595520 bytes (38.1%)
(RDMA_READ_CONSUME_CHECK_CONSUMER) timestamp=7665 ms, used_size=15593472 bytes (38.1%)
(RDMA_READ_CONSUME_CHECK_CONSUMER) timestamp=7665 ms, used_size=15591424 bytes (38.1%)
(RDMA_READ_CONSUME_CHECK_CONSUMER) timestamp=7665 ms, used_size=15589376 bytes (38.1%)
(RDMA_READ_CONSUME_CHECK_CONSUMER) timestamp=7665 ms, used_size=15587328 bytes (38.1%)
(RDMA_READ_CONSUME_CHECK_CONSUMER) timestamp=7665 ms, used_size=15585280 bytes (38.0%)
(RDMA_READ_CONSUME_CHECK_CONSUMER) timestamp=7665 ms, used_size=15583232 bytes (38.0%)
(RDMA_READ_CONSUME_CHECK_CONSUMER) timestamp=7665 ms, used_size=15581184 bytes (38.0%)
(RDMA_READ_CONSUME_CHECK_CONSUMER) timestamp=7665 ms, used_size=15579136 bytes (38.0%)
(RDMA_READ_CONSUME_CHECK_CONSUMER) timestamp=7665 ms, used_size=15577088 bytes (38.0%)
(RDMA_READ_CONSUME_CHECK_CONSUMER) timestamp=7665 ms, used_size=15575040 bytes (38.0%)
(RDMA_READ_CONSUME_CHECK_CONSUMER) timestamp=7665 ms, used_size=15572992 bytes (38.0%)
(RDMA_READ_CONSUME_CHECK_CONSUMER) timestamp=7665 ms, used_size=15570944 bytes (38.0%)
(RDMA_READ_CONSUME_CHECK_CONSUMER) timestamp=7665 ms, used_size=15568896 bytes (38.0%)
(RDMA_READ_CONSUME_CHECK_CONSUMER) timestamp=7665 ms, used_size=15566848 bytes (38.0%)
(RDMA_READ_CONSUME_CHECK_CONSUMER) timestamp=7665 ms, used_size=15564800 bytes (38.0%)
(RDMA_READ_CONSUME_CHECK_CONSUMER) timestamp=7665 ms, used_size=15562752 bytes (38.0%)
(RDMA_READ_CONSUME_CHECK_CONSUMER) timestamp=7665 ms, used_size=15560704 bytes (38.0%)
(RDMA_READ_CONSUME_CHECK_CONSUMER) timestamp=7665 ms, used_size=15558656 bytes (38.0%)
(RDMA_READ_CONSUME_CHECK_CONSUMER) timestamp=7665 ms, used_size=15556608 bytes (38.0%)
(RDMA_READ_CONSUME_CHECK_CONSUMER) timestamp=7665 ms, used_size=15554560 bytes (38.0%)
(RDMA_READ_CONSUME_CHECK_CONSUMER) timestamp=7665 ms, used_size=15552512 bytes (38.0%)
(RDMA_READ_CONSUME_CHECK_CONSUMER) timestamp=7665 ms, used_size=15550464 bytes (38.0%)
(RDMA_READ_CONSUME_CHECK_CONSUMER) timestamp=7665 ms, used_size=15548416 bytes (38.0%)
(RDMA_READ_CONSUME_CHECK_CONSUMER) timestamp=7665 ms, used_size=15546368 bytes (38.0%)
(RDMA_READ_CONSUME_CHECK_CONSUMER) timestamp=7665 ms, used_size=15544320 bytes (38.0%)
(RDMA_READ_CONSUME_CHECK_CONSUMER) timestamp=7665 ms, used_size=15542272 bytes (37.9%)
(RDMA_READ_CONSUME_CHECK_CONSUMER) timestamp=7665 ms, used_size=15540224 bytes (37.9%)
(RDMA_READ_CONSUME_CHECK_CONSUMER) timestamp=7665 ms, used_size=15538176 bytes (37.9%)
(RDMA_READ_CONSUME_CHECK_CONSUMER) timestamp=7665 ms, used_size=15536128 bytes (37.9%)
(RDMA_READ_CONSUME_CHECK_CONSUMER) timestamp=7665 ms, used_size=15534080 bytes (37.9%)
(RDMA_READ_CONSUME_CHECK_CONSUMER) timestamp=7665 ms, used_size=15532032 bytes (37.9%)
(RDMA_READ_CONSUME_CHECK_CONSUMER) timestamp=7665 ms, used_size=15529984 bytes (37.9%)
(RDMA_READ_CONSUME_CHECK_CONSUMER) timestamp=7665 ms, used_size=15527936 bytes (37.9%)
(RDMA_READ_CONSUME_CHECK_CONSUMER) timestamp=7665 ms, used_size=15525888 bytes (37.9%)
(RDMA_READ_CONSUME_CHECK_CONSUMER) timestamp=7665 ms, used_size=15523840 bytes (37.9%)
(RDMA_READ_CONSUME_CHECK_CONSUMER) timestamp=7665 ms, used_size=15521792 bytes (37.9%)
(RDMA_READ_CONSUME_CHECK_CONSUMER) timestamp=7665 ms, used_size=15519744 bytes (37.9%)
(RDMA_READ_CONSUME_CHECK_CONSUMER) timestamp=7665 ms, used_size=15517696 bytes (37.9%)
(RDMA_READ_CONSUME_CHECK_CONSUMER) timestamp=7665 ms, used_size=15515648 bytes (37.9%)
(RDMA_READ_CONSUME_CHECK_CONSUMER) timestamp=7665 ms, used_size=15513600 bytes (37.9%)
(RDMA_READ_CONSUME_CHECK_CONSUMER) timestamp=7665 ms, used_size=15511552 bytes (37.9%)
(RDMA_READ_CONSUME_CHECK_CONSUMER) timestamp=7665 ms, used_size=15509504 bytes (37.9%)
(RDMA_READ_CONSUME_CHECK_CONSUMER) timestamp=7665 ms, used_size=15507456 bytes (37.9%)
(RDMA_READ_CONSUME_CHECK_CONSUMER) timestamp=7665 ms, used_size=15505408 bytes (37.9%)
(RDMA_READ_CONSUME_CHECK_CONSUMER) timestamp=7665 ms, used_size=15503360 bytes (37.9%)
(RDMA_READ_CONSUME_CHECK_CONSUMER) timestamp=7665 ms, used_size=15501312 bytes (37.8%)
(RDMA_READ_CONSUME_CHECK_CONSUMER) timestamp=7665 ms, used_size=15499264 bytes (37.8%)
(RDMA_READ_CONSUME_CHECK_CONSUMER) timestamp=7665 ms, used_size=15497216 bytes (37.8%)
(RDMA_READ_CONSUME_CHECK_CONSUMER) timestamp=7665 ms, used_size=15495168 bytes (37.8%)
(RDMA_READ_CONSUME_CHECK_CONSUMER) timestamp=7665 ms, used_size=15493120 bytes (37.8%)
(RDMA_READ_CONSUME_CHECK_CONSUMER) timestamp=7665 ms, used_size=15491072 bytes (37.8%)
(RDMA_READ_CONSUME_CHECK_CONSUMER) timestamp=7665 ms, used_size=15489024 bytes (37.8%)
(RDMA_READ_CONSUME_CHECK_CONSUMER) timestamp=7665 ms, used_size=15486976 bytes (37.8%)
(RDMA_READ_CONSUME_CHECK_CONSUMER) timestamp=7665 ms, used_size=15484928 bytes (37.8%)
(RDMA_READ_CONSUME_CHECK_CONSUMER) timestamp=7665 ms, used_size=15482880 bytes (37.8%)
(RDMA_READ_CONSUME_CHECK_CONSUMER) timestamp=7665 ms, used_size=15480832 bytes (37.8%)
(RDMA_READ_CONSUME_CHECK_CONSUMER) timestamp=7665 ms, used_size=15478784 bytes (37.8%)
(RDMA_READ_CONSUME_CHECK_CONSUMER) timestamp=7665 ms, used_size=15476736 bytes (37.8%)
(RDMA_READ_CONSUME_CHECK_CONSUMER) timestamp=7665 ms, used_size=15474688 bytes (37.8%)
(RDMA_READ_CONSUME_CHECK_CONSUMER) timestamp=7665 ms, used_size=15472640 bytes (37.8%)
(RDMA_READ_CONSUME_CHECK_CONSUMER) timestamp=7665 ms, used_size=15470592 bytes (37.8%)
(RDMA_READ_CONSUME_CHECK_CONSUMER) timestamp=7665 ms, used_size=15468544 bytes (37.8%)
(RDMA_READ_CONSUME_CHECK_CONSUMER) timestamp=7665 ms, used_size=15466496 bytes (37.8%)
(RDMA_READ_CONSUME_CHECK_CONSUMER) timestamp=7665 ms, used_size=15464448 bytes (37.8%)
(RDMA_READ_CONSUME_CHECK_CONSUMER) timestamp=7665 ms, used_size=15462400 bytes (37.8%)
(RDMA_READ_CONSUME_CHECK_CONSUMER) timestamp=7665 ms, used_size=15460352 bytes (37.7%)
(RDMA_READ_CONSUME_CHECK_CONSUMER) timestamp=7665 ms, used_size=15458304 bytes (37.7%)
(RDMA_READ_CONSUME_CHECK_CONSUMER) timestamp=7665 ms, used_size=15456256 bytes (37.7%)
(RDMA_READ_CONSUME_CHECK_CONSUMER) timestamp=7665 ms, used_size=15454208 bytes (37.7%)
(RDMA_READ_CONSUME_CHECK_CONSUMER) timestamp=7665 ms, used_size=15452160 bytes (37.7%)
(RDMA_READ_CONSUME_CHECK_CONSUMER) timestamp=7665 ms, used_size=15450112 bytes (37.7%)
(RDMA_READ_CONSUME_CHECK_CONSUMER) timestamp=7665 ms, used_size=15448064 bytes (37.7%)
(RDMA_READ_CONSUME_CHECK_CONSUMER) timestamp=7665 ms, used_size=15446016 bytes (37.7%)
(RDMA_READ_CONSUME_CHECK_CONSUMER) timestamp=7665 ms, used_size=15443968 bytes (37.7%)
(RDMA_READ_CONSUME_CHECK_CONSUMER) timestamp=7665 ms, used_size=15441920 bytes (37.7%)
(RDMA_READ_CONSUME_CHECK_CONSUMER) timestamp=7665 ms, used_size=15439872 bytes (37.7%)
(RDMA_READ_CONSUME_CHECK_CONSUMER) timestamp=7665 ms, used_size=15437824 bytes (37.7%)
(RDMA_READ_CONSUME_CHECK_CONSUMER) timestamp=7665 ms, used_size=15435776 bytes (37.7%)
(RDMA_READ_CONSUME_CHECK_CONSUMER) timestamp=7665 ms, used_size=15433728 bytes (37.7%)
(RDMA_READ_CONSUME_CHECK_CONSUMER) timestamp=7665 ms, used_size=15431680 bytes (37.7%)
(RDMA_READ_CONSUME_CHECK_CONSUMER) timestamp=7665 ms, used_size=15429632 bytes (37.7%)
(RDMA_READ_CONSUME_CHECK_CONSUMER) timestamp=7665 ms, used_size=15427584 bytes (37.7%)
(RDMA_READ_CONSUME_CHECK_CONSUMER) timestamp=7665 ms, used_size=15425536 bytes (37.7%)
(RDMA_READ_CONSUME_CHECK_CONSUMER) timestamp=7665 ms, used_size=15423488 bytes (37.7%)
(RDMA_READ_CONSUME_CHECK_CONSUMER) timestamp=7665 ms, used_size=15421440 bytes (37.6%)
(RDMA_READ_CONSUME_CHECK_CONSUMER) timestamp=7665 ms, used_size=15419392 bytes (37.6%)
(RDMA_READ_CONSUME_CHECK_CONSUMER) timestamp=7665 ms, used_size=15417344 bytes (37.6%)
(RDMA_READ_CONSUME_CHECK_CONSUMER) timestamp=7665 ms, used_size=15415296 bytes (37.6%)
(RDMA_READ_CONSUME_CHECK_CONSUMER) timestamp=7665 ms, used_size=15413248 bytes (37.6%)
(RDMA_READ_CONSUME_CHECK_CONSUMER) timestamp=7665 ms, used_size=15411200 bytes (37.6%)
(RDMA_READ_CONSUME_CHECK_CONSUMER) timestamp=7665 ms, used_size=15409152 bytes (37.6%)
(RDMA_READ_CONSUME_CHECK_CONSUMER) timestamp=7666 ms, used_size=15407104 bytes (37.6%)
(RDMA_READ_CONSUME_CHECK_CONSUMER) timestamp=7666 ms, used_size=15405056 bytes (37.6%)
(RDMA_READ_CONSUME_CHECK_CONSUMER) timestamp=7666 ms, used_size=15403008 bytes (37.6%)
(RDMA_READ_CONSUME_CHECK_CONSUMER) timestamp=7666 ms, used_size=15400960 bytes (37.6%)
(RDMA_READ_CONSUME_CHECK_CONSUMER) timestamp=7666 ms, used_size=15398912 bytes (37.6%)
(RDMA_READ_CONSUME_CHECK_CONSUMER) timestamp=7666 ms, used_size=15396864 bytes (37.6%)
(RDMA_READ_CONSUME_CHECK_CONSUMER) timestamp=7666 ms, used_size=15394816 bytes (37.6%)
(RDMA_READ_CONSUME_CHECK_CONSUMER) timestamp=7666 ms, used_size=15392768 bytes (37.6%)
(RDMA_READ_CONSUME_CHECK_CONSUMER) timestamp=7666 ms, used_size=15390720 bytes (37.6%)
(RDMA_READ_CONSUME_CHECK_CONSUMER) timestamp=7666 ms, used_size=15388672 bytes (37.6%)
(RDMA_READ_CONSUME_CHECK_CONSUMER) timestamp=7666 ms, used_size=15386624 bytes (37.6%)
(RDMA_READ_CONSUME_CHECK_CONSUMER) timestamp=7666 ms, used_size=15384576 bytes (37.6%)
(RDMA_READ_CONSUME_CHECK_CONSUMER) timestamp=7666 ms, used_size=15382528 bytes (37.6%)
(RDMA_READ_CONSUME_CHECK_CONSUMER) timestamp=7666 ms, used_size=15380480 bytes (37.5%)
(RDMA_READ_CONSUME_CHECK_CONSUMER) timestamp=7666 ms, used_size=15378432 bytes (37.5%)
(RDMA_READ_CONSUME_CHECK_CONSUMER) timestamp=7666 ms, used_size=15376384 bytes (37.5%)
(RDMA_READ_CONSUME_CHECK_CONSUMER) timestamp=7666 ms, used_size=15374336 bytes (37.5%)
(RDMA_READ_CONSUME_CHECK_CONSUMER) timestamp=7666 ms, used_size=15372288 bytes (37.5%)
(RDMA_READ_CONSUME_CHECK_CONSUMER) timestamp=7666 ms, used_size=15370240 bytes (37.5%)
(RDMA_READ_CONSUME_CHECK_CONSUMER) timestamp=7666 ms, used_size=15368192 bytes (37.5%)
(RDMA_READ_CONSUME_CHECK_CONSUMER) timestamp=7666 ms, used_size=15366144 bytes (37.5%)
(RDMA_READ_CONSUME_CHECK_CONSUMER) timestamp=7666 ms, used_size=15364096 bytes (37.5%)
(RDMA_READ_CONSUME_CHECK_CONSUMER) timestamp=7666 ms, used_size=15362048 bytes (37.5%)
(RDMA_READ_CONSUME_CHECK_CONSUMER) timestamp=7666 ms, used_size=15360000 bytes (37.5%)
(RDMA_READ_CONSUME_CHECK_CONSUMER) timestamp=7666 ms, used_size=15357952 bytes (37.5%)
(RDMA_READ_CONSUME_CHECK_CONSUMER) timestamp=7666 ms, used_size=15355904 bytes (37.5%)
(RDMA_READ_CONSUME_CHECK_CONSUMER) timestamp=7666 ms, used_size=15353856 bytes (37.5%)
(RDMA_READ_CONSUME_CHECK_CONSUMER) timestamp=7666 ms, used_size=15351808 bytes (37.5%)
(RDMA_READ_CONSUME_CHECK_CONSUMER) timestamp=7666 ms, used_size=15349760 bytes (37.5%)
(RDMA_READ_CONSUME_CHECK_CONSUMER) timestamp=7666 ms, used_size=15347712 bytes (37.5%)
(RDMA_READ_CONSUME_CHECK_CONSUMER) timestamp=7666 ms, used_size=15345664 bytes (37.5%)
(RDMA_READ_CONSUME_CHECK_CONSUMER) timestamp=7666 ms, used_size=15343616 bytes (37.5%)
(RDMA_READ_CONSUME_CHECK_CONSUMER) timestamp=7666 ms, used_size=15341568 bytes (37.5%)
(RDMA_READ_CONSUME_CHECK_CONSUMER) timestamp=7666 ms, used_size=15339520 bytes (37.5%)
(RDMA_READ_CONSUME_CHECK_CONSUMER) timestamp=7666 ms, used_size=15337472 bytes (37.4%)
(RDMA_READ_CONSUME_CHECK_CONSUMER) timestamp=7666 ms, used_size=15335424 bytes (37.4%)
(RDMA_READ_CONSUME_CHECK_CONSUMER) timestamp=7666 ms, used_size=15333376 bytes (37.4%)
(RDMA_READ_CONSUME_CHECK_CONSUMER) timestamp=7666 ms, used_size=15331328 bytes (37.4%)
(RDMA_READ_CONSUME_CHECK_CONSUMER) timestamp=7666 ms, used_size=15329280 bytes (37.4%)
(RDMA_READ_CONSUME_CHECK_CONSUMER) timestamp=7666 ms, used_size=15327232 bytes (37.4%)
(RDMA_READ_CONSUME_CHECK_CONSUMER) timestamp=7666 ms, used_size=15325184 bytes (37.4%)
(RDMA_READ_CONSUME_CHECK_CONSUMER) timestamp=7666 ms, used_size=15323136 bytes (37.4%)
(RDMA_READ_CONSUME_CHECK_CONSUMER) timestamp=7666 ms, used_size=15321088 bytes (37.4%)
(RDMA_READ_CONSUME_CHECK_CONSUMER) timestamp=7666 ms, used_size=15319040 bytes (37.4%)
(RDMA_READ_CONSUME_CHECK_CONSUMER) timestamp=7666 ms, used_size=15316992 bytes (37.4%)
(RDMA_READ_CONSUME_CHECK_CONSUMER) timestamp=7666 ms, used_size=15314944 bytes (37.4%)
(RDMA_READ_CONSUME_CHECK_CONSUMER) timestamp=7666 ms, used_size=15312896 bytes (37.4%)
(RDMA_READ_CONSUME_CHECK_CONSUMER) timestamp=7666 ms, used_size=15310848 bytes (37.4%)
(RDMA_READ_CONSUME_CHECK_CONSUMER) timestamp=7666 ms, used_size=15308800 bytes (37.4%)
(RDMA_READ_CONSUME_CHECK_CONSUMER) timestamp=7666 ms, used_size=15306752 bytes (37.4%)
(RDMA_READ_CONSUME_CHECK_CONSUMER) timestamp=7666 ms, used_size=15304704 bytes (37.4%)
(RDMA_READ_CONSUME_CHECK_CONSUMER) timestamp=7666 ms, used_size=15302656 bytes (37.4%)
(RDMA_READ_CONSUME_CHECK_CONSUMER) timestamp=7666 ms, used_size=15300608 bytes (37.4%)
(RDMA_READ_CONSUME_CHECK_CONSUMER) timestamp=7666 ms, used_size=15298560 bytes (37.4%)
(RDMA_READ_CONSUME_CHECK_CONSUMER) timestamp=7666 ms, used_size=15296512 bytes (37.3%)
(RDMA_READ_CONSUME_CHECK_CONSUMER) timestamp=7666 ms, used_size=15294464 bytes (37.3%)
(RDMA_READ_CONSUME_CHECK_CONSUMER) timestamp=7666 ms, used_size=15292416 bytes (37.3%)
(RDMA_READ_CONSUME_CHECK_CONSUMER) timestamp=7666 ms, used_size=15290368 bytes (37.3%)
(RDMA_READ_CONSUME_CHECK_CONSUMER) timestamp=7666 ms, used_size=15288320 bytes (37.3%)
(RDMA_READ_CONSUME_CHECK_CONSUMER) timestamp=7666 ms, used_size=15286272 bytes (37.3%)
(RDMA_READ_CONSUME_CHECK_CONSUMER) timestamp=7666 ms, used_size=15284224 bytes (37.3%)
(RDMA_READ_CONSUME_CHECK_CONSUMER) timestamp=7666 ms, used_size=15282176 bytes (37.3%)
(RDMA_READ_CONSUME_CHECK_CONSUMER) timestamp=7666 ms, used_size=15280128 bytes (37.3%)
(RDMA_READ_CONSUME_CHECK_CONSUMER) timestamp=7666 ms, used_size=15278080 bytes (37.3%)
(RDMA_READ_CONSUME_CHECK_CONSUMER) timestamp=7666 ms, used_size=15276032 bytes (37.3%)
(RDMA_READ_CONSUME_CHECK_CONSUMER) timestamp=7666 ms, used_size=15273984 bytes (37.3%)
(RDMA_READ_CONSUME_CHECK_CONSUMER) timestamp=7666 ms, used_size=15271936 bytes (37.3%)
(RDMA_READ_CONSUME_CHECK_CONSUMER) timestamp=7666 ms, used_size=15269888 bytes (37.3%)
(RDMA_READ_CONSUME_CHECK_CONSUMER) timestamp=7666 ms, used_size=15267840 bytes (37.3%)
(RDMA_READ_CONSUME_CHECK_CONSUMER) timestamp=7666 ms, used_size=15265792 bytes (37.3%)
(RDMA_READ_CONSUME_CHECK_CONSUMER) timestamp=7666 ms, used_size=15263744 bytes (37.3%)
(RDMA_READ_CONSUME_CHECK_CONSUMER) timestamp=7666 ms, used_size=15261696 bytes (37.3%)
(RDMA_READ_CONSUME_CHECK_CONSUMER) timestamp=7666 ms, used_size=15259648 bytes (37.3%)
(RDMA_READ_CONSUME_CHECK_CONSUMER) timestamp=7666 ms, used_size=15257600 bytes (37.2%)
(RDMA_READ_CONSUME_CHECK_CONSUMER) timestamp=7666 ms, used_size=15255552 bytes (37.2%)
(RDMA_READ_CONSUME_CHECK_CONSUMER) timestamp=7666 ms, used_size=15253504 bytes (37.2%)
(RDMA_READ_CONSUME_CHECK_CONSUMER) timestamp=7666 ms, used_size=15251456 bytes (37.2%)
(RDMA_READ_CONSUME_CHECK_CONSUMER) timestamp=7666 ms, used_size=15249408 bytes (37.2%)
(RDMA_READ_CONSUME_CHECK_CONSUMER) timestamp=7666 ms, used_size=15247360 bytes (37.2%)
(RDMA_READ_CONSUME_CHECK_CONSUMER) timestamp=7666 ms, used_size=15245312 bytes (37.2%)
(RDMA_READ_CONSUME_CHECK_CONSUMER) timestamp=7666 ms, used_size=15243264 bytes (37.2%)
(RDMA_READ_CONSUME_CHECK_CONSUMER) timestamp=7666 ms, used_size=15241216 bytes (37.2%)
(RDMA_READ_CONSUME_CHECK_CONSUMER) timestamp=7666 ms, used_size=15239168 bytes (37.2%)
(RDMA_READ_CONSUME_CHECK_CONSUMER) timestamp=7666 ms, used_size=15237120 bytes (37.2%)
(RDMA_READ_CONSUME_CHECK_CONSUMER) timestamp=7666 ms, used_size=15235072 bytes (37.2%)
(RDMA_READ_CONSUME_CHECK_CONSUMER) timestamp=7666 ms, used_size=15233024 bytes (37.2%)
(RDMA_READ_CONSUME_CHECK_CONSUMER) timestamp=7666 ms, used_size=15230976 bytes (37.2%)
(RDMA_READ_CONSUME_CHECK_CONSUMER) timestamp=7666 ms, used_size=15228928 bytes (37.2%)
(RDMA_READ_CONSUME_CHECK_CONSUMER) timestamp=7666 ms, used_size=15226880 bytes (37.2%)
(RDMA_READ_CONSUME_CHECK_CONSUMER) timestamp=7666 ms, used_size=15224832 bytes (37.2%)
(RDMA_READ_CONSUME_CHECK_CONSUMER) timestamp=7666 ms, used_size=15222784 bytes (37.2%)
(RDMA_READ_CONSUME_CHECK_CONSUMER) timestamp=7666 ms, used_size=15220736 bytes (37.2%)
(RDMA_READ_CONSUME_CHECK_CONSUMER) timestamp=7666 ms, used_size=15218688 bytes (37.2%)
(RDMA_READ_CONSUME_CHECK_CONSUMER) timestamp=7666 ms, used_size=15216640 bytes (37.1%)
(RDMA_READ_CONSUME_CHECK_CONSUMER) timestamp=7666 ms, used_size=15214592 bytes (37.1%)
(RDMA_READ_CONSUME_CHECK_CONSUMER) timestamp=7666 ms, used_size=15212544 bytes (37.1%)
(RDMA_READ_CONSUME_CHECK_CONSUMER) timestamp=7666 ms, used_size=15210496 bytes (37.1%)
(RDMA_READ_CONSUME_CHECK_CONSUMER) timestamp=7666 ms, used_size=15208448 bytes (37.1%)
(RDMA_READ_CONSUME_CHECK_CONSUMER) timestamp=7666 ms, used_size=15206400 bytes (37.1%)
(RDMA_READ_CONSUME_CHECK_CONSUMER) timestamp=7666 ms, used_size=15204352 bytes (37.1%)
(RDMA_READ_CONSUME_CHECK_CONSUMER) timestamp=7666 ms, used_size=15202304 bytes (37.1%)
(RDMA_READ_CONSUME_CHECK_CONSUMER) timestamp=7666 ms, used_size=15200256 bytes (37.1%)
(RDMA_READ_CONSUME_CHECK_CONSUMER) timestamp=7666 ms, used_size=15198208 bytes (37.1%)
(RDMA_READ_CONSUME_CHECK_CONSUMER) timestamp=7666 ms, used_size=15196160 bytes (37.1%)
(RDMA_READ_CONSUME_CHECK_CONSUMER) timestamp=7666 ms, used_size=15194112 bytes (37.1%)
(RDMA_READ_CONSUME_CHECK_CONSUMER) timestamp=7666 ms, used_size=15192064 bytes (37.1%)
(RDMA_READ_CONSUME_CHECK_CONSUMER) timestamp=7666 ms, used_size=15190016 bytes (37.1%)
(RDMA_READ_CONSUME_CHECK_CONSUMER) timestamp=7666 ms, used_size=15187968 bytes (37.1%)
(RDMA_READ_CONSUME_CHECK_CONSUMER) timestamp=7666 ms, used_size=15185920 bytes (37.1%)
(RDMA_READ_CONSUME_CHECK_CONSUMER) timestamp=7666 ms, used_size=15183872 bytes (37.1%)
(RDMA_READ_CONSUME_CHECK_CONSUMER) timestamp=7666 ms, used_size=15181824 bytes (37.1%)
(RDMA_READ_CONSUME_CHECK_CONSUMER) timestamp=7666 ms, used_size=15179776 bytes (37.1%)
(RDMA_READ_CONSUME_CHECK_CONSUMER) timestamp=7666 ms, used_size=15177728 bytes (37.1%)
(RDMA_READ_CONSUME_CHECK_CONSUMER) timestamp=7666 ms, used_size=15175680 bytes (37.0%)
(RDMA_READ_CONSUME_CHECK_CONSUMER) timestamp=7666 ms, used_size=15173632 bytes (37.0%)
(RDMA_READ_CONSUME_CHECK_CONSUMER) timestamp=7666 ms, used_size=15171584 bytes (37.0%)
(RDMA_READ_CONSUME_CHECK_CONSUMER) timestamp=7666 ms, used_size=15169536 bytes (37.0%)
(RDMA_READ_CONSUME_CHECK_CONSUMER) timestamp=7666 ms, used_size=15167488 bytes (37.0%)
(RDMA_READ_CONSUME_CHECK_CONSUMER) timestamp=7666 ms, used_size=15165440 bytes (37.0%)
(RDMA_READ_CONSUME_CHECK_CONSUMER) timestamp=7666 ms, used_size=15163392 bytes (37.0%)
(RDMA_READ_CONSUME_CHECK_CONSUMER) timestamp=7666 ms, used_size=15161344 bytes (37.0%)
(RDMA_READ_CONSUME_CHECK_CONSUMER) timestamp=7666 ms, used_size=15159296 bytes (37.0%)
(RDMA_READ_CONSUME_CHECK_CONSUMER) timestamp=7666 ms, used_size=15157248 bytes (37.0%)
(RDMA_READ_CONSUME_CHECK_CONSUMER) timestamp=7666 ms, used_size=15155200 bytes (37.0%)
(RDMA_READ_CONSUME_CHECK_CONSUMER) timestamp=7666 ms, used_size=15153152 bytes (37.0%)
(RDMA_READ_CONSUME_CHECK_CONSUMER) timestamp=7666 ms, used_size=15151104 bytes (37.0%)
(RDMA_READ_CONSUME_CHECK_CONSUMER) timestamp=7666 ms, used_size=15149056 bytes (37.0%)
(RDMA_READ_CONSUME_CHECK_CONSUMER) timestamp=7666 ms, used_size=15147008 bytes (37.0%)
(RDMA_READ_CONSUME_CHECK_CONSUMER) timestamp=7666 ms, used_size=15144960 bytes (37.0%)
(RDMA_READ_CONSUME_CHECK_CONSUMER) timestamp=7666 ms, used_size=15142912 bytes (37.0%)
(RDMA_READ_CONSUME_CHECK_CONSUMER) timestamp=7666 ms, used_size=15140864 bytes (37.0%)
(RDMA_READ_CONSUME_CHECK_CONSUMER) timestamp=7666 ms, used_size=15138816 bytes (37.0%)
(RDMA_READ_CONSUME_CHECK_CONSUMER) timestamp=7666 ms, used_size=15136768 bytes (37.0%)
(RDMA_READ_CONSUME_CHECK_CONSUMER) timestamp=7666 ms, used_size=15134720 bytes (37.0%)
(RDMA_READ_CONSUME_CHECK_CONSUMER) timestamp=7666 ms, used_size=15132672 bytes (36.9%)
(RDMA_READ_CONSUME_CHECK_CONSUMER) timestamp=7666 ms, used_size=15130624 bytes (36.9%)
(RDMA_READ_CONSUME_CHECK_CONSUMER) timestamp=7666 ms, used_size=15128576 bytes (36.9%)
(RDMA_READ_CONSUME_CHECK_CONSUMER) timestamp=7666 ms, used_size=15126528 bytes (36.9%)
(RDMA_READ_CONSUME_CHECK_CONSUMER) timestamp=7666 ms, used_size=15124480 bytes (36.9%)
(RDMA_READ_CONSUME_CHECK_CONSUMER) timestamp=7666 ms, used_size=15122432 bytes (36.9%)
(RDMA_READ_CONSUME_CHECK_CONSUMER) timestamp=7666 ms, used_size=15120384 bytes (36.9%)
(RDMA_READ_CONSUME_CHECK_CONSUMER) timestamp=7666 ms, used_size=15118336 bytes (36.9%)
(RDMA_READ_CONSUME_CHECK_CONSUMER) timestamp=7666 ms, used_size=15116288 bytes (36.9%)
(RDMA_READ_CONSUME_CHECK_CONSUMER) timestamp=7666 ms, used_size=15114240 bytes (36.9%)
(RDMA_READ_CONSUME_CHECK_CONSUMER) timestamp=7666 ms, used_size=15112192 bytes (36.9%)
(RDMA_READ_CONSUME_CHECK_CONSUMER) timestamp=7666 ms, used_size=15110144 bytes (36.9%)
(RDMA_READ_CONSUME_CHECK_CONSUMER) timestamp=7666 ms, used_size=15108096 bytes (36.9%)
(RDMA_READ_CONSUME_CHECK_CONSUMER) timestamp=7666 ms, used_size=15106048 bytes (36.9%)
(RDMA_READ_CONSUME_CHECK_CONSUMER) timestamp=7666 ms, used_size=15104000 bytes (36.9%)
(RDMA_READ_CONSUME_CHECK_CONSUMER) timestamp=7666 ms, used_size=15101952 bytes (36.9%)
(RDMA_READ_CONSUME_CHECK_CONSUMER) timestamp=7666 ms, used_size=15099904 bytes (36.9%)
(RDMA_READ_CONSUME_CHECK_CONSUMER) timestamp=7666 ms, used_size=15097856 bytes (36.9%)
(RDMA_READ_CONSUME_CHECK_CONSUMER) timestamp=7666 ms, used_size=15095808 bytes (36.9%)
(RDMA_READ_CONSUME_CHECK_CONSUMER) timestamp=7666 ms, used_size=15093760 bytes (36.9%)
(RDMA_READ_CONSUME_CHECK_CONSUMER) timestamp=7666 ms, used_size=15091712 bytes (36.8%)
(RDMA_READ_CONSUME_CHECK_CONSUMER) timestamp=7666 ms, used_size=15089664 bytes (36.8%)
(RDMA_READ_CONSUME_CHECK_CONSUMER) timestamp=7666 ms, used_size=15087616 bytes (36.8%)
(RDMA_READ_CONSUME_CHECK_CONSUMER) timestamp=7666 ms, used_size=15085568 bytes (36.8%)
(RDMA_READ_CONSUME_CHECK_CONSUMER) timestamp=7666 ms, used_size=15083520 bytes (36.8%)
(RDMA_READ_CONSUME_CHECK_CONSUMER) timestamp=7666 ms, used_size=15081472 bytes (36.8%)
(RDMA_READ_CONSUME_CHECK_CONSUMER) timestamp=7666 ms, used_size=15079424 bytes (36.8%)
(RDMA_READ_CONSUME_CHECK_CONSUMER) timestamp=7666 ms, used_size=15077376 bytes (36.8%)
(RDMA_READ_CONSUME_CHECK_CONSUMER) timestamp=7666 ms, used_size=15075328 bytes (36.8%)
(RDMA_READ_CONSUME_CHECK_CONSUMER) timestamp=7666 ms, used_size=15073280 bytes (36.8%)
(RDMA_READ_CONSUME_CHECK_CONSUMER) timestamp=7666 ms, used_size=15071232 bytes (36.8%)
(RDMA_READ_CONSUME_CHECK_CONSUMER) timestamp=7666 ms, used_size=15069184 bytes (36.8%)
(RDMA_READ_CONSUME_CHECK_CONSUMER) timestamp=7666 ms, used_size=15067136 bytes (36.8%)
(RDMA_READ_CONSUME_CHECK_CONSUMER) timestamp=7666 ms, used_size=15065088 bytes (36.8%)
(RDMA_READ_CONSUME_CHECK_CONSUMER) timestamp=7666 ms, used_size=15063040 bytes (36.8%)
(RDMA_READ_CONSUME_CHECK_CONSUMER) timestamp=7666 ms, used_size=15060992 bytes (36.8%)
(RDMA_READ_CONSUME_CHECK_CONSUMER) timestamp=7666 ms, used_size=15058944 bytes (36.8%)
(RDMA_READ_CONSUME_CHECK_CONSUMER) timestamp=7666 ms, used_size=15056896 bytes (36.8%)
(RDMA_READ_CONSUME_CHECK_CONSUMER) timestamp=7666 ms, used_size=15054848 bytes (36.8%)
(RDMA_READ_CONSUME_CHECK_CONSUMER) timestamp=7666 ms, used_size=15052800 bytes (36.8%)
(RDMA_READ_CONSUME_CHECK_CONSUMER) timestamp=7666 ms, used_size=15050752 bytes (36.7%)
(RDMA_READ_CONSUME_CHECK_CONSUMER) timestamp=7666 ms, used_size=15048704 bytes (36.7%)
(RDMA_READ_CONSUME_CHECK_CONSUMER) timestamp=7666 ms, used_size=15046656 bytes (36.7%)
(RDMA_READ_CONSUME_CHECK_CONSUMER) timestamp=7666 ms, used_size=15044608 bytes (36.7%)
(RDMA_READ_CONSUME_CHECK_CONSUMER) timestamp=7666 ms, used_size=15042560 bytes (36.7%)
(RDMA_READ_CONSUME_CHECK_CONSUMER) timestamp=7666 ms, used_size=15040512 bytes (36.7%)
(RDMA_READ_CONSUME_CHECK_CONSUMER) timestamp=7666 ms, used_size=15038464 bytes (36.7%)
(RDMA_READ_CONSUME_CHECK_CONSUMER) timestamp=7666 ms, used_size=15036416 bytes (36.7%)
(RDMA_READ_CONSUME_CHECK_CONSUMER) timestamp=7667 ms, used_size=15034368 bytes (36.7%)
(RDMA_READ_CONSUME_CHECK_CONSUMER) timestamp=7667 ms, used_size=15032320 bytes (36.7%)
(RDMA_READ_CONSUME_CHECK_CONSUMER) timestamp=7667 ms, used_size=15030272 bytes (36.7%)
(RDMA_READ_CONSUME_CHECK_CONSUMER) timestamp=7667 ms, used_size=15028224 bytes (36.7%)
(RDMA_READ_CONSUME_CHECK_CONSUMER) timestamp=7667 ms, used_size=15026176 bytes (36.7%)
(RDMA_READ_CONSUME_CHECK_CONSUMER) timestamp=7667 ms, used_size=15024128 bytes (36.7%)
(RDMA_READ_CONSUME_CHECK_CONSUMER) timestamp=7667 ms, used_size=15022080 bytes (36.7%)
(RDMA_READ_CONSUME_CHECK_CONSUMER) timestamp=7667 ms, used_size=15020032 bytes (36.7%)
(RDMA_READ_CONSUME_CHECK_CONSUMER) timestamp=7667 ms, used_size=15017984 bytes (36.7%)
(RDMA_READ_CONSUME_CHECK_CONSUMER) timestamp=7667 ms, used_size=15015936 bytes (36.7%)
(RDMA_READ_CONSUME_CHECK_CONSUMER) timestamp=7667 ms, used_size=15013888 bytes (36.7%)
(RDMA_READ_CONSUME_CHECK_CONSUMER) timestamp=7667 ms, used_size=15011840 bytes (36.6%)
(RDMA_READ_CONSUME_CHECK_CONSUMER) timestamp=7667 ms, used_size=15009792 bytes (36.6%)
(RDMA_READ_CONSUME_CHECK_CONSUMER) timestamp=7667 ms, used_size=15007744 bytes (36.6%)
(RDMA_READ_CONSUME_CHECK_CONSUMER) timestamp=7667 ms, used_size=15005696 bytes (36.6%)
(RDMA_READ_CONSUME_CHECK_CONSUMER) timestamp=7667 ms, used_size=15003648 bytes (36.6%)
(RDMA_READ_CONSUME_CHECK_CONSUMER) timestamp=7667 ms, used_size=15001600 bytes (36.6%)
(RDMA_READ_CONSUME_CHECK_CONSUMER) timestamp=7667 ms, used_size=14999552 bytes (36.6%)
(RDMA_READ_CONSUME_CHECK_CONSUMER) timestamp=7667 ms, used_size=14997504 bytes (36.6%)
(RDMA_READ_CONSUME_CHECK_CONSUMER) timestamp=7667 ms, used_size=14995456 bytes (36.6%)
(RDMA_READ_CONSUME_CHECK_CONSUMER) timestamp=7667 ms, used_size=14993408 bytes (36.6%)
(RDMA_READ_CONSUME_CHECK_CONSUMER) timestamp=7667 ms, used_size=14991360 bytes (36.6%)
(RDMA_READ_CONSUME_CHECK_CONSUMER) timestamp=7667 ms, used_size=14989312 bytes (36.6%)
(RDMA_READ_CONSUME_CHECK_CONSUMER) timestamp=7667 ms, used_size=14987264 bytes (36.6%)
(RDMA_READ_CONSUME_CHECK_CONSUMER) timestamp=7667 ms, used_size=14985216 bytes (36.6%)
(RDMA_READ_CONSUME_CHECK_CONSUMER) timestamp=7667 ms, used_size=14983168 bytes (36.6%)
(RDMA_READ_CONSUME_CHECK_CONSUMER) timestamp=7667 ms, used_size=14981120 bytes (36.6%)
(RDMA_READ_CONSUME_CHECK_CONSUMER) timestamp=7667 ms, used_size=14979072 bytes (36.6%)
(RDMA_READ_CONSUME_CHECK_CONSUMER) timestamp=7667 ms, used_size=14977024 bytes (36.6%)
(RDMA_READ_CONSUME_CHECK_CONSUMER) timestamp=7667 ms, used_size=14974976 bytes (36.6%)
(RDMA_READ_CONSUME_CHECK_CONSUMER) timestamp=7667 ms, used_size=14972928 bytes (36.6%)
(RDMA_READ_CONSUME_CHECK_CONSUMER) timestamp=7667 ms, used_size=14970880 bytes (36.5%)
(RDMA_READ_CONSUME_CHECK_CONSUMER) timestamp=7667 ms, used_size=14968832 bytes (36.5%)
(RDMA_READ_CONSUME_CHECK_CONSUMER) timestamp=7667 ms, used_size=14966784 bytes (36.5%)
(RDMA_READ_CONSUME_CHECK_CONSUMER) timestamp=7667 ms, used_size=14964736 bytes (36.5%)
(RDMA_READ_CONSUME_CHECK_CONSUMER) timestamp=7667 ms, used_size=14962688 bytes (36.5%)
(RDMA_READ_CONSUME_CHECK_CONSUMER) timestamp=7667 ms, used_size=14960640 bytes (36.5%)
(RDMA_READ_CONSUME_CHECK_CONSUMER) timestamp=7667 ms, used_size=14958592 bytes (36.5%)
(RDMA_READ_CONSUME_CHECK_CONSUMER) timestamp=7667 ms, used_size=14956544 bytes (36.5%)
(RDMA_READ_CONSUME_CHECK_CONSUMER) timestamp=7667 ms, used_size=14954496 bytes (36.5%)
(RDMA_READ_CONSUME_CHECK_CONSUMER) timestamp=7667 ms, used_size=14952448 bytes (36.5%)
(RDMA_READ_CONSUME_CHECK_CONSUMER) timestamp=7667 ms, used_size=14950400 bytes (36.5%)
(RDMA_READ_CONSUME_CHECK_CONSUMER) timestamp=7667 ms, used_size=14948352 bytes (36.5%)
(RDMA_READ_CONSUME_CHECK_CONSUMER) timestamp=7667 ms, used_size=14946304 bytes (36.5%)
(RDMA_READ_CONSUME_CHECK_CONSUMER) timestamp=7667 ms, used_size=14944256 bytes (36.5%)
(RDMA_READ_CONSUME_CHECK_CONSUMER) timestamp=7667 ms, used_size=14942208 bytes (36.5%)
(RDMA_READ_CONSUME_CHECK_CONSUMER) timestamp=7667 ms, used_size=14940160 bytes (36.5%)
(RDMA_READ_CONSUME_CHECK_CONSUMER) timestamp=7667 ms, used_size=14938112 bytes (36.5%)
(RDMA_READ_CONSUME_CHECK_CONSUMER) timestamp=7667 ms, used_size=14936064 bytes (36.5%)
(RDMA_READ_CONSUME_CHECK_CONSUMER) timestamp=7667 ms, used_size=14934016 bytes (36.5%)
(RDMA_READ_CONSUME_CHECK_CONSUMER) timestamp=7667 ms, used_size=14931968 bytes (36.5%)
(RDMA_READ_CONSUME_CHECK_CONSUMER) timestamp=7667 ms, used_size=14929920 bytes (36.5%)
(RDMA_READ_CONSUME_CHECK_CONSUMER) timestamp=7667 ms, used_size=14927872 bytes (36.4%)
(RDMA_READ_CONSUME_CHECK_CONSUMER) timestamp=7667 ms, used_size=14925824 bytes (36.4%)
(RDMA_READ_CONSUME_CHECK_CONSUMER) timestamp=7667 ms, used_size=14923776 bytes (36.4%)
(RDMA_READ_CONSUME_CHECK_CONSUMER) timestamp=7667 ms, used_size=14921728 bytes (36.4%)
(RDMA_READ_CONSUME_CHECK_CONSUMER) timestamp=7667 ms, used_size=14919680 bytes (36.4%)
(RDMA_READ_CONSUME_CHECK_CONSUMER) timestamp=7667 ms, used_size=14917632 bytes (36.4%)
(RDMA_READ_CONSUME_CHECK_CONSUMER) timestamp=7667 ms, used_size=14915584 bytes (36.4%)
(RDMA_READ_CONSUME_CHECK_CONSUMER) timestamp=7667 ms, used_size=14913536 bytes (36.4%)
(RDMA_READ_CONSUME_CHECK_CONSUMER) timestamp=7667 ms, used_size=14911488 bytes (36.4%)
(RDMA_READ_CONSUME_CHECK_CONSUMER) timestamp=7667 ms, used_size=14909440 bytes (36.4%)
(RDMA_READ_CONSUME_CHECK_CONSUMER) timestamp=7667 ms, used_size=14907392 bytes (36.4%)
(RDMA_READ_CONSUME_CHECK_CONSUMER) timestamp=7667 ms, used_size=14905344 bytes (36.4%)
(RDMA_READ_CONSUME_CHECK_CONSUMER) timestamp=7667 ms, used_size=14903296 bytes (36.4%)
(RDMA_READ_CONSUME_CHECK_CONSUMER) timestamp=7667 ms, used_size=14901248 bytes (36.4%)
(RDMA_READ_CONSUME_CHECK_CONSUMER) timestamp=7667 ms, used_size=14899200 bytes (36.4%)
(RDMA_READ_CONSUME_CHECK_CONSUMER) timestamp=7667 ms, used_size=14897152 bytes (36.4%)
(RDMA_READ_CONSUME_CHECK_CONSUMER) timestamp=7667 ms, used_size=14895104 bytes (36.4%)
(RDMA_READ_CONSUME_CHECK_CONSUMER) timestamp=7667 ms, used_size=14893056 bytes (36.4%)
(RDMA_READ_CONSUME_CHECK_CONSUMER) timestamp=7667 ms, used_size=14891008 bytes (36.4%)
(RDMA_READ_CONSUME_CHECK_CONSUMER) timestamp=7667 ms, used_size=14888960 bytes (36.4%)
(RDMA_READ_CONSUME_CHECK_CONSUMER) timestamp=7667 ms, used_size=14886912 bytes (36.3%)
(RDMA_READ_CONSUME_CHECK_CONSUMER) timestamp=7667 ms, used_size=14884864 bytes (36.3%)
(RDMA_READ_CONSUME_CHECK_CONSUMER) timestamp=7667 ms, used_size=14882816 bytes (36.3%)
(RDMA_READ_CONSUME_CHECK_CONSUMER) timestamp=7667 ms, used_size=14880768 bytes (36.3%)
(RDMA_READ_CONSUME_CHECK_CONSUMER) timestamp=7667 ms, used_size=14878720 bytes (36.3%)
(RDMA_READ_CONSUME_CHECK_CONSUMER) timestamp=7667 ms, used_size=14876672 bytes (36.3%)
(RDMA_READ_CONSUME_CHECK_CONSUMER) timestamp=7667 ms, used_size=14874624 bytes (36.3%)
(RDMA_READ_CONSUME_CHECK_CONSUMER) timestamp=7667 ms, used_size=14872576 bytes (36.3%)
(RDMA_READ_CONSUME_CHECK_CONSUMER) timestamp=7667 ms, used_size=14870528 bytes (36.3%)
(RDMA_READ_CONSUME_CHECK_CONSUMER) timestamp=7667 ms, used_size=14868480 bytes (36.3%)
(RDMA_READ_CONSUME_CHECK_CONSUMER) timestamp=7667 ms, used_size=14866432 bytes (36.3%)
(RDMA_READ_CONSUME_CHECK_CONSUMER) timestamp=7667 ms, used_size=14864384 bytes (36.3%)
(RDMA_READ_CONSUME_CHECK_CONSUMER) timestamp=7667 ms, used_size=14862336 bytes (36.3%)
(RDMA_READ_CONSUME_CHECK_CONSUMER) timestamp=7667 ms, used_size=14860288 bytes (36.3%)
(RDMA_READ_CONSUME_CHECK_CONSUMER) timestamp=7667 ms, used_size=14858240 bytes (36.3%)
(RDMA_READ_CONSUME_CHECK_CONSUMER) timestamp=7667 ms, used_size=14856192 bytes (36.3%)
(RDMA_READ_CONSUME_CHECK_CONSUMER) timestamp=7667 ms, used_size=14854144 bytes (36.3%)
(RDMA_READ_CONSUME_CHECK_CONSUMER) timestamp=7667 ms, used_size=14852096 bytes (36.3%)
(RDMA_READ_CONSUME_CHECK_CONSUMER) timestamp=7667 ms, used_size=14850048 bytes (36.3%)
(RDMA_READ_CONSUME_CHECK_CONSUMER) timestamp=7667 ms, used_size=14848000 bytes (36.2%)
(RDMA_READ_CONSUME_CHECK_CONSUMER) timestamp=7667 ms, used_size=14845952 bytes (36.2%)
(RDMA_READ_CONSUME_CHECK_CONSUMER) timestamp=7667 ms, used_size=14843904 bytes (36.2%)
(RDMA_READ_CONSUME_CHECK_CONSUMER) timestamp=7667 ms, used_size=14841856 bytes (36.2%)
(RDMA_READ_CONSUME_CHECK_CONSUMER) timestamp=7667 ms, used_size=14839808 bytes (36.2%)
(RDMA_READ_CONSUME_CHECK_CONSUMER) timestamp=7667 ms, used_size=14837760 bytes (36.2%)
(RDMA_READ_CONSUME_CHECK_CONSUMER) timestamp=7667 ms, used_size=14835712 bytes (36.2%)
(RDMA_READ_CONSUME_CHECK_CONSUMER) timestamp=7667 ms, used_size=14833664 bytes (36.2%)
(RDMA_READ_CONSUME_CHECK_CONSUMER) timestamp=7667 ms, used_size=14831616 bytes (36.2%)
(RDMA_READ_CONSUME_CHECK_CONSUMER) timestamp=7667 ms, used_size=14829568 bytes (36.2%)
(RDMA_READ_CONSUME_CHECK_CONSUMER) timestamp=7667 ms, used_size=14827520 bytes (36.2%)
(RDMA_READ_CONSUME_CHECK_CONSUMER) timestamp=7667 ms, used_size=14825472 bytes (36.2%)
(RDMA_READ_CONSUME_CHECK_CONSUMER) timestamp=7667 ms, used_size=14823424 bytes (36.2%)
(RDMA_READ_CONSUME_CHECK_CONSUMER) timestamp=7667 ms, used_size=14821376 bytes (36.2%)
(RDMA_READ_CONSUME_CHECK_CONSUMER) timestamp=7667 ms, used_size=14819328 bytes (36.2%)
(RDMA_READ_CONSUME_CHECK_CONSUMER) timestamp=7667 ms, used_size=14817280 bytes (36.2%)
(RDMA_READ_CONSUME_CHECK_CONSUMER) timestamp=7667 ms, used_size=14815232 bytes (36.2%)
(RDMA_READ_CONSUME_CHECK_CONSUMER) timestamp=7667 ms, used_size=14813184 bytes (36.2%)
(RDMA_READ_CONSUME_CHECK_CONSUMER) timestamp=7667 ms, used_size=14811136 bytes (36.2%)
(RDMA_READ_CONSUME_CHECK_CONSUMER) timestamp=7667 ms, used_size=14809088 bytes (36.2%)
(RDMA_READ_CONSUME_CHECK_CONSUMER) timestamp=7667 ms, used_size=14807040 bytes (36.1%)
(RDMA_READ_CONSUME_CHECK_CONSUMER) timestamp=7667 ms, used_size=14804992 bytes (36.1%)
(RDMA_READ_CONSUME_CHECK_CONSUMER) timestamp=7667 ms, used_size=14802944 bytes (36.1%)
(RDMA_READ_CONSUME_CHECK_CONSUMER) timestamp=7667 ms, used_size=14800896 bytes (36.1%)
(RDMA_READ_CONSUME_CHECK_CONSUMER) timestamp=7667 ms, used_size=14798848 bytes (36.1%)
(RDMA_READ_CONSUME_CHECK_CONSUMER) timestamp=7667 ms, used_size=14796800 bytes (36.1%)
(RDMA_READ_CONSUME_CHECK_CONSUMER) timestamp=7667 ms, used_size=14794752 bytes (36.1%)
(RDMA_READ_CONSUME_CHECK_CONSUMER) timestamp=7667 ms, used_size=14792704 bytes (36.1%)
(RDMA_READ_CONSUME_CHECK_CONSUMER) timestamp=7667 ms, used_size=14790656 bytes (36.1%)
(RDMA_READ_CONSUME_CHECK_CONSUMER) timestamp=7667 ms, used_size=14788608 bytes (36.1%)
(RDMA_READ_CONSUME_CHECK_CONSUMER) timestamp=7667 ms, used_size=14786560 bytes (36.1%)
(RDMA_READ_CONSUME_CHECK_CONSUMER) timestamp=7667 ms, used_size=14784512 bytes (36.1%)
(RDMA_READ_CONSUME_CHECK_CONSUMER) timestamp=7667 ms, used_size=14782464 bytes (36.1%)
(RDMA_READ_CONSUME_CHECK_CONSUMER) timestamp=7667 ms, used_size=14780416 bytes (36.1%)
(RDMA_READ_CONSUME_CHECK_CONSUMER) timestamp=7667 ms, used_size=14778368 bytes (36.1%)
(RDMA_READ_CONSUME_CHECK_CONSUMER) timestamp=7667 ms, used_size=14776320 bytes (36.1%)
(RDMA_READ_CONSUME_CHECK_CONSUMER) timestamp=7667 ms, used_size=14774272 bytes (36.1%)
(RDMA_READ_CONSUME_CHECK_CONSUMER) timestamp=7667 ms, used_size=14772224 bytes (36.1%)
(RDMA_READ_CONSUME_CHECK_CONSUMER) timestamp=7667 ms, used_size=14770176 bytes (36.1%)
(RDMA_READ_CONSUME_CHECK_CONSUMER) timestamp=7667 ms, used_size=14768128 bytes (36.1%)
(RDMA_READ_CONSUME_CHECK_CONSUMER) timestamp=7667 ms, used_size=14766080 bytes (36.0%)
(RDMA_READ_CONSUME_CHECK_CONSUMER) timestamp=7667 ms, used_size=14764032 bytes (36.0%)
(RDMA_READ_CONSUME_CHECK_CONSUMER) timestamp=7667 ms, used_size=14761984 bytes (36.0%)
(RDMA_READ_CONSUME_CHECK_CONSUMER) timestamp=7667 ms, used_size=14759936 bytes (36.0%)
(RDMA_READ_CONSUME_CHECK_CONSUMER) timestamp=7667 ms, used_size=14757888 bytes (36.0%)
(RDMA_READ_CONSUME_CHECK_CONSUMER) timestamp=7667 ms, used_size=14755840 bytes (36.0%)
(RDMA_READ_CONSUME_CHECK_CONSUMER) timestamp=7667 ms, used_size=14753792 bytes (36.0%)
(RDMA_READ_CONSUME_CHECK_CONSUMER) timestamp=7667 ms, used_size=14751744 bytes (36.0%)
(RDMA_READ_CONSUME_CHECK_CONSUMER) timestamp=7667 ms, used_size=14749696 bytes (36.0%)
(RDMA_READ_CONSUME_CHECK_CONSUMER) timestamp=7667 ms, used_size=14747648 bytes (36.0%)
(RDMA_READ_CONSUME_CHECK_CONSUMER) timestamp=7667 ms, used_size=14745600 bytes (36.0%)
(RDMA_READ_CONSUME_CHECK_CONSUMER) timestamp=7667 ms, used_size=14743552 bytes (36.0%)
(RDMA_READ_CONSUME_CHECK_CONSUMER) timestamp=7667 ms, used_size=14741504 bytes (36.0%)
(RDMA_READ_CONSUME_CHECK_CONSUMER) timestamp=7667 ms, used_size=14739456 bytes (36.0%)
(RDMA_READ_CONSUME_CHECK_CONSUMER) timestamp=7667 ms, used_size=14737408 bytes (36.0%)
(RDMA_READ_CONSUME_CHECK_CONSUMER) timestamp=7667 ms, used_size=14735360 bytes (36.0%)
(RDMA_READ_CONSUME_CHECK_CONSUMER) timestamp=7667 ms, used_size=14733312 bytes (36.0%)
(RDMA_READ_CONSUME_CHECK_CONSUMER) timestamp=7667 ms, used_size=14731264 bytes (36.0%)
(RDMA_READ_CONSUME_CHECK_CONSUMER) timestamp=7667 ms, used_size=14729216 bytes (36.0%)
(RDMA_READ_CONSUME_CHECK_CONSUMER) timestamp=7667 ms, used_size=14727168 bytes (36.0%)
(RDMA_READ_CONSUME_CHECK_CONSUMER) timestamp=7667 ms, used_size=14725120 bytes (36.0%)
(RDMA_READ_CONSUME_CHECK_CONSUMER) timestamp=7667 ms, used_size=14723072 bytes (35.9%)
(RDMA_READ_CONSUME_CHECK_CONSUMER) timestamp=7667 ms, used_size=14721024 bytes (35.9%)
(RDMA_READ_CONSUME_CHECK_CONSUMER) timestamp=7667 ms, used_size=14718976 bytes (35.9%)
(RDMA_READ_CONSUME_CHECK_CONSUMER) timestamp=7667 ms, used_size=14716928 bytes (35.9%)
(RDMA_READ_CONSUME_CHECK_CONSUMER) timestamp=7667 ms, used_size=14714880 bytes (35.9%)
(RDMA_READ_CONSUME_CHECK_CONSUMER) timestamp=7667 ms, used_size=14712832 bytes (35.9%)
(RDMA_READ_CONSUME_CHECK_CONSUMER) timestamp=7667 ms, used_size=14710784 bytes (35.9%)
(RDMA_READ_CONSUME_CHECK_CONSUMER) timestamp=7667 ms, used_size=14708736 bytes (35.9%)
(RDMA_READ_CONSUME_CHECK_CONSUMER) timestamp=7667 ms, used_size=14706688 bytes (35.9%)
(RDMA_READ_CONSUME_CHECK_CONSUMER) timestamp=7667 ms, used_size=14704640 bytes (35.9%)
(RDMA_READ_CONSUME_CHECK_CONSUMER) timestamp=7667 ms, used_size=14702592 bytes (35.9%)
(RDMA_READ_CONSUME_CHECK_CONSUMER) timestamp=7667 ms, used_size=14700544 bytes (35.9%)
(RDMA_READ_CONSUME_CHECK_CONSUMER) timestamp=7667 ms, used_size=14698496 bytes (35.9%)
(RDMA_READ_CONSUME_CHECK_CONSUMER) timestamp=7667 ms, used_size=14696448 bytes (35.9%)
(RDMA_READ_CONSUME_CHECK_CONSUMER) timestamp=7667 ms, used_size=14694400 bytes (35.9%)
(RDMA_READ_CONSUME_CHECK_CONSUMER) timestamp=7667 ms, used_size=14692352 bytes (35.9%)
(RDMA_READ_CONSUME_CHECK_CONSUMER) timestamp=7667 ms, used_size=14690304 bytes (35.9%)
(RDMA_READ_CONSUME_CHECK_CONSUMER) timestamp=7667 ms, used_size=14688256 bytes (35.9%)
(RDMA_READ_CONSUME_CHECK_CONSUMER) timestamp=7667 ms, used_size=14686208 bytes (35.9%)
(RDMA_READ_CONSUME_CHECK_CONSUMER) timestamp=7667 ms, used_size=14684160 bytes (35.9%)
(RDMA_READ_CONSUME_CHECK_CONSUMER) timestamp=7667 ms, used_size=14682112 bytes (35.8%)
(RDMA_READ_CONSUME_CHECK_CONSUMER) timestamp=7667 ms, used_size=14680064 bytes (35.8%)
(RDMA_READ_CONSUME_CHECK_CONSUMER) timestamp=7667 ms, used_size=14678016 bytes (35.8%)
(RDMA_READ_CONSUME_CHECK_CONSUMER) timestamp=7667 ms, used_size=14675968 bytes (35.8%)
(RDMA_READ_CONSUME_CHECK_CONSUMER) timestamp=7667 ms, used_size=14673920 bytes (35.8%)
(RDMA_READ_CONSUME_CHECK_CONSUMER) timestamp=7667 ms, used_size=14671872 bytes (35.8%)
(RDMA_READ_CONSUME_CHECK_CONSUMER) timestamp=7667 ms, used_size=14669824 bytes (35.8%)
(RDMA_READ_CONSUME_CHECK_CONSUMER) timestamp=7667 ms, used_size=14667776 bytes (35.8%)
(RDMA_READ_CONSUME_CHECK_CONSUMER) timestamp=7667 ms, used_size=14665728 bytes (35.8%)
(RDMA_READ_CONSUME_CHECK_CONSUMER) timestamp=7667 ms, used_size=14663680 bytes (35.8%)
(RDMA_READ_CONSUME_CHECK_CONSUMER) timestamp=7667 ms, used_size=14661632 bytes (35.8%)
(RDMA_READ_CONSUME_CHECK_CONSUMER) timestamp=7667 ms, used_size=14659584 bytes (35.8%)
(RDMA_READ_CONSUME_CHECK_CONSUMER) timestamp=7668 ms, used_size=14657536 bytes (35.8%)
(RDMA_READ_CONSUME_CHECK_CONSUMER) timestamp=7668 ms, used_size=14655488 bytes (35.8%)
(RDMA_READ_CONSUME_CHECK_CONSUMER) timestamp=7668 ms, used_size=14653440 bytes (35.8%)
(RDMA_READ_CONSUME_CHECK_CONSUMER) timestamp=7668 ms, used_size=14651392 bytes (35.8%)
(RDMA_READ_CONSUME_CHECK_CONSUMER) timestamp=7668 ms, used_size=14649344 bytes (35.8%)
(RDMA_READ_CONSUME_CHECK_CONSUMER) timestamp=7668 ms, used_size=14647296 bytes (35.8%)
(RDMA_READ_CONSUME_CHECK_CONSUMER) timestamp=7668 ms, used_size=14645248 bytes (35.8%)
(RDMA_READ_CONSUME_CHECK_CONSUMER) timestamp=7668 ms, used_size=14643200 bytes (35.8%)
(RDMA_READ_CONSUME_CHECK_CONSUMER) timestamp=7668 ms, used_size=14641152 bytes (35.7%)
(RDMA_READ_CONSUME_CHECK_CONSUMER) timestamp=7668 ms, used_size=14639104 bytes (35.7%)
(RDMA_READ_CONSUME_CHECK_CONSUMER) timestamp=7668 ms, used_size=14637056 bytes (35.7%)
(RDMA_READ_CONSUME_CHECK_CONSUMER) timestamp=7668 ms, used_size=14635008 bytes (35.7%)
(RDMA_READ_CONSUME_CHECK_CONSUMER) timestamp=7668 ms, used_size=14632960 bytes (35.7%)
(RDMA_READ_CONSUME_CHECK_CONSUMER) timestamp=7668 ms, used_size=14630912 bytes (35.7%)
(RDMA_READ_CONSUME_CHECK_CONSUMER) timestamp=7668 ms, used_size=14628864 bytes (35.7%)
(RDMA_READ_CONSUME_CHECK_CONSUMER) timestamp=7668 ms, used_size=14626816 bytes (35.7%)
(RDMA_READ_CONSUME_CHECK_CONSUMER) timestamp=7668 ms, used_size=14624768 bytes (35.7%)
(RDMA_READ_CONSUME_CHECK_CONSUMER) timestamp=7668 ms, used_size=14622720 bytes (35.7%)
(RDMA_READ_CONSUME_CHECK_CONSUMER) timestamp=7668 ms, used_size=14620672 bytes (35.7%)
(RDMA_READ_CONSUME_CHECK_CONSUMER) timestamp=7668 ms, used_size=14618624 bytes (35.7%)
(RDMA_READ_CONSUME_CHECK_CONSUMER) timestamp=7668 ms, used_size=14616576 bytes (35.7%)
(RDMA_READ_CONSUME_CHECK_CONSUMER) timestamp=7668 ms, used_size=14614528 bytes (35.7%)
(RDMA_READ_CONSUME_CHECK_CONSUMER) timestamp=7668 ms, used_size=14612480 bytes (35.7%)
(RDMA_READ_CONSUME_CHECK_CONSUMER) timestamp=7668 ms, used_size=14610432 bytes (35.7%)
(RDMA_READ_CONSUME_CHECK_CONSUMER) timestamp=7668 ms, used_size=14608384 bytes (35.7%)
(RDMA_READ_CONSUME_CHECK_CONSUMER) timestamp=7668 ms, used_size=14606336 bytes (35.7%)
(RDMA_READ_CONSUME_CHECK_CONSUMER) timestamp=7668 ms, used_size=14604288 bytes (35.7%)
(RDMA_READ_CONSUME_CHECK_CONSUMER) timestamp=7668 ms, used_size=14602240 bytes (35.6%)
(RDMA_READ_CONSUME_CHECK_CONSUMER) timestamp=7668 ms, used_size=14600192 bytes (35.6%)
(RDMA_READ_CONSUME_CHECK_CONSUMER) timestamp=7668 ms, used_size=14598144 bytes (35.6%)
(RDMA_READ_CONSUME_CHECK_CONSUMER) timestamp=7668 ms, used_size=14596096 bytes (35.6%)
(RDMA_READ_CONSUME_CHECK_CONSUMER) timestamp=7668 ms, used_size=14594048 bytes (35.6%)
(RDMA_READ_CONSUME_CHECK_CONSUMER) timestamp=7668 ms, used_size=14592000 bytes (35.6%)
(RDMA_READ_CONSUME_CHECK_CONSUMER) timestamp=7668 ms, used_size=14589952 bytes (35.6%)
(RDMA_READ_CONSUME_CHECK_CONSUMER) timestamp=7668 ms, used_size=14587904 bytes (35.6%)
(RDMA_READ_CONSUME_CHECK_CONSUMER) timestamp=7668 ms, used_size=14585856 bytes (35.6%)
(RDMA_READ_CONSUME_CHECK_CONSUMER) timestamp=7668 ms, used_size=14583808 bytes (35.6%)
(RDMA_READ_CONSUME_CHECK_CONSUMER) timestamp=7668 ms, used_size=14581760 bytes (35.6%)
(RDMA_READ_CONSUME_CHECK_CONSUMER) timestamp=7668 ms, used_size=14579712 bytes (35.6%)
(RDMA_READ_CONSUME_CHECK_CONSUMER) timestamp=7668 ms, used_size=14577664 bytes (35.6%)
(RDMA_READ_CONSUME_CHECK_CONSUMER) timestamp=7668 ms, used_size=14575616 bytes (35.6%)
(RDMA_READ_CONSUME_CHECK_CONSUMER) timestamp=7668 ms, used_size=14573568 bytes (35.6%)
(RDMA_READ_CONSUME_CHECK_CONSUMER) timestamp=7668 ms, used_size=14571520 bytes (35.6%)
(RDMA_READ_CONSUME_CHECK_CONSUMER) timestamp=7668 ms, used_size=14569472 bytes (35.6%)
(RDMA_READ_CONSUME_CHECK_CONSUMER) timestamp=7668 ms, used_size=14567424 bytes (35.6%)
(RDMA_READ_CONSUME_CHECK_CONSUMER) timestamp=7668 ms, used_size=14565376 bytes (35.6%)
(RDMA_READ_CONSUME_CHECK_CONSUMER) timestamp=7668 ms, used_size=14563328 bytes (35.6%)
(RDMA_READ_CONSUME_CHECK_CONSUMER) timestamp=7668 ms, used_size=14561280 bytes (35.5%)
(RDMA_READ_CONSUME_CHECK_CONSUMER) timestamp=7668 ms, used_size=14559232 bytes (35.5%)
(RDMA_READ_CONSUME_CHECK_CONSUMER) timestamp=7668 ms, used_size=14557184 bytes (35.5%)
(RDMA_READ_CONSUME_CHECK_CONSUMER) timestamp=7668 ms, used_size=14555136 bytes (35.5%)
(RDMA_READ_CONSUME_CHECK_CONSUMER) timestamp=7668 ms, used_size=14553088 bytes (35.5%)
(RDMA_READ_CONSUME_CHECK_CONSUMER) timestamp=7668 ms, used_size=14551040 bytes (35.5%)
(RDMA_READ_CONSUME_CHECK_CONSUMER) timestamp=7668 ms, used_size=14548992 bytes (35.5%)
(RDMA_READ_CONSUME_CHECK_CONSUMER) timestamp=7668 ms, used_size=14546944 bytes (35.5%)
(RDMA_READ_CONSUME_CHECK_CONSUMER) timestamp=7668 ms, used_size=14544896 bytes (35.5%)
(RDMA_READ_CONSUME_CHECK_CONSUMER) timestamp=7668 ms, used_size=14542848 bytes (35.5%)
(RDMA_READ_CONSUME_CHECK_CONSUMER) timestamp=7668 ms, used_size=14540800 bytes (35.5%)
(RDMA_READ_CONSUME_CHECK_CONSUMER) timestamp=7668 ms, used_size=14538752 bytes (35.5%)
(RDMA_READ_CONSUME_CHECK_CONSUMER) timestamp=7668 ms, used_size=14536704 bytes (35.5%)
(RDMA_READ_CONSUME_CHECK_CONSUMER) timestamp=7668 ms, used_size=14534656 bytes (35.5%)
(RDMA_READ_CONSUME_CHECK_CONSUMER) timestamp=7668 ms, used_size=14532608 bytes (35.5%)
(RDMA_READ_CONSUME_CHECK_CONSUMER) timestamp=7668 ms, used_size=14530560 bytes (35.5%)
(RDMA_READ_CONSUME_CHECK_CONSUMER) timestamp=7668 ms, used_size=14528512 bytes (35.5%)
(RDMA_READ_CONSUME_CHECK_CONSUMER) timestamp=7668 ms, used_size=14526464 bytes (35.5%)
(RDMA_READ_CONSUME_CHECK_CONSUMER) timestamp=7668 ms, used_size=14524416 bytes (35.5%)
(RDMA_READ_CONSUME_CHECK_CONSUMER) timestamp=7668 ms, used_size=14522368 bytes (35.5%)
(RDMA_READ_CONSUME_CHECK_CONSUMER) timestamp=7668 ms, used_size=14520320 bytes (35.5%)
(RDMA_READ_CONSUME_CHECK_CONSUMER) timestamp=7668 ms, used_size=14518272 bytes (35.4%)
(RDMA_READ_CONSUME_CHECK_CONSUMER) timestamp=7668 ms, used_size=14516224 bytes (35.4%)
(RDMA_READ_CONSUME_CHECK_CONSUMER) timestamp=7668 ms, used_size=14514176 bytes (35.4%)
(RDMA_READ_CONSUME_CHECK_CONSUMER) timestamp=7668 ms, used_size=14512128 bytes (35.4%)
(RDMA_READ_CONSUME_CHECK_CONSUMER) timestamp=7668 ms, used_size=14510080 bytes (35.4%)
(RDMA_READ_CONSUME_CHECK_CONSUMER) timestamp=7668 ms, used_size=14508032 bytes (35.4%)
(RDMA_READ_CONSUME_CHECK_CONSUMER) timestamp=7668 ms, used_size=14505984 bytes (35.4%)
(RDMA_READ_CONSUME_CHECK_CONSUMER) timestamp=7668 ms, used_size=14503936 bytes (35.4%)
(RDMA_READ_CONSUME_CHECK_CONSUMER) timestamp=7668 ms, used_size=14501888 bytes (35.4%)
(RDMA_READ_CONSUME_CHECK_CONSUMER) timestamp=7668 ms, used_size=14499840 bytes (35.4%)
(RDMA_READ_CONSUME_CHECK_CONSUMER) timestamp=7668 ms, used_size=14497792 bytes (35.4%)
(RDMA_READ_CONSUME_CHECK_CONSUMER) timestamp=7668 ms, used_size=14495744 bytes (35.4%)
(RDMA_READ_CONSUME_CHECK_CONSUMER) timestamp=7668 ms, used_size=14493696 bytes (35.4%)
(RDMA_READ_CONSUME_CHECK_CONSUMER) timestamp=7668 ms, used_size=14491648 bytes (35.4%)
(RDMA_READ_CONSUME_CHECK_CONSUMER) timestamp=7668 ms, used_size=14489600 bytes (35.4%)
(RDMA_READ_CONSUME_CHECK_CONSUMER) timestamp=7668 ms, used_size=14487552 bytes (35.4%)
(RDMA_READ_CONSUME_CHECK_CONSUMER) timestamp=7668 ms, used_size=14485504 bytes (35.4%)
(RDMA_READ_CONSUME_CHECK_CONSUMER) timestamp=7668 ms, used_size=14483456 bytes (35.4%)
(RDMA_READ_CONSUME_CHECK_CONSUMER) timestamp=7668 ms, used_size=14481408 bytes (35.4%)
(RDMA_READ_CONSUME_CHECK_CONSUMER) timestamp=7668 ms, used_size=14479360 bytes (35.4%)
(RDMA_READ_CONSUME_CHECK_CONSUMER) timestamp=7668 ms, used_size=14477312 bytes (35.3%)
(RDMA_READ_CONSUME_CHECK_CONSUMER) timestamp=7668 ms, used_size=14475264 bytes (35.3%)
(RDMA_READ_CONSUME_CHECK_CONSUMER) timestamp=7668 ms, used_size=14473216 bytes (35.3%)
(RDMA_READ_CONSUME_CHECK_CONSUMER) timestamp=7668 ms, used_size=14471168 bytes (35.3%)
(RDMA_READ_CONSUME_CHECK_CONSUMER) timestamp=7668 ms, used_size=14469120 bytes (35.3%)
(RDMA_READ_CONSUME_CHECK_CONSUMER) timestamp=7668 ms, used_size=14467072 bytes (35.3%)
(RDMA_READ_CONSUME_CHECK_CONSUMER) timestamp=7668 ms, used_size=14465024 bytes (35.3%)
(RDMA_READ_CONSUME_CHECK_CONSUMER) timestamp=7668 ms, used_size=14462976 bytes (35.3%)
(RDMA_READ_CONSUME_CHECK_CONSUMER) timestamp=7668 ms, used_size=14460928 bytes (35.3%)
(RDMA_READ_CONSUME_CHECK_CONSUMER) timestamp=7668 ms, used_size=14458880 bytes (35.3%)
(RDMA_READ_CONSUME_CHECK_CONSUMER) timestamp=7668 ms, used_size=14456832 bytes (35.3%)
(RDMA_READ_CONSUME_CHECK_CONSUMER) timestamp=7668 ms, used_size=14454784 bytes (35.3%)
(RDMA_READ_CONSUME_CHECK_CONSUMER) timestamp=7668 ms, used_size=14452736 bytes (35.3%)
(RDMA_READ_CONSUME_CHECK_CONSUMER) timestamp=7668 ms, used_size=14450688 bytes (35.3%)
(RDMA_READ_CONSUME_CHECK_CONSUMER) timestamp=7668 ms, used_size=14448640 bytes (35.3%)
(RDMA_READ_CONSUME_CHECK_CONSUMER) timestamp=7668 ms, used_size=14446592 bytes (35.3%)
(RDMA_READ_CONSUME_CHECK_CONSUMER) timestamp=7668 ms, used_size=14444544 bytes (35.3%)
(RDMA_READ_CONSUME_CHECK_CONSUMER) timestamp=7668 ms, used_size=14442496 bytes (35.3%)
(RDMA_READ_CONSUME_CHECK_CONSUMER) timestamp=7668 ms, used_size=14440448 bytes (35.3%)
(RDMA_READ_CONSUME_CHECK_CONSUMER) timestamp=7668 ms, used_size=14438400 bytes (35.2%)
(RDMA_READ_CONSUME_CHECK_CONSUMER) timestamp=7668 ms, used_size=14436352 bytes (35.2%)
(RDMA_READ_CONSUME_CHECK_CONSUMER) timestamp=7668 ms, used_size=14434304 bytes (35.2%)
(RDMA_READ_CONSUME_CHECK_CONSUMER) timestamp=7668 ms, used_size=14432256 bytes (35.2%)
(RDMA_READ_CONSUME_CHECK_CONSUMER) timestamp=7668 ms, used_size=14430208 bytes (35.2%)
(RDMA_READ_CONSUME_CHECK_CONSUMER) timestamp=7668 ms, used_size=14428160 bytes (35.2%)
(RDMA_READ_CONSUME_CHECK_CONSUMER) timestamp=7668 ms, used_size=14426112 bytes (35.2%)
(RDMA_READ_CONSUME_CHECK_CONSUMER) timestamp=7668 ms, used_size=14424064 bytes (35.2%)
(RDMA_READ_CONSUME_CHECK_CONSUMER) timestamp=7668 ms, used_size=14422016 bytes (35.2%)
(RDMA_READ_CONSUME_CHECK_CONSUMER) timestamp=7668 ms, used_size=14419968 bytes (35.2%)
(RDMA_READ_CONSUME_CHECK_CONSUMER) timestamp=7668 ms, used_size=14417920 bytes (35.2%)
(RDMA_READ_CONSUME_CHECK_CONSUMER) timestamp=7668 ms, used_size=14415872 bytes (35.2%)
(RDMA_READ_CONSUME_CHECK_CONSUMER) timestamp=7668 ms, used_size=14413824 bytes (35.2%)
(RDMA_READ_CONSUME_CHECK_CONSUMER) timestamp=7668 ms, used_size=14411776 bytes (35.2%)
(RDMA_READ_CONSUME_CHECK_CONSUMER) timestamp=7668 ms, used_size=14409728 bytes (35.2%)
(RDMA_READ_CONSUME_CHECK_CONSUMER) timestamp=7668 ms, used_size=14407680 bytes (35.2%)
(RDMA_READ_CONSUME_CHECK_CONSUMER) timestamp=7668 ms, used_size=14405632 bytes (35.2%)
(RDMA_READ_CONSUME_CHECK_CONSUMER) timestamp=7668 ms, used_size=14403584 bytes (35.2%)
(RDMA_READ_CONSUME_CHECK_CONSUMER) timestamp=7668 ms, used_size=14401536 bytes (35.2%)
(RDMA_READ_CONSUME_CHECK_CONSUMER) timestamp=7668 ms, used_size=14399488 bytes (35.2%)
(RDMA_READ_CONSUME_CHECK_CONSUMER) timestamp=7668 ms, used_size=14397440 bytes (35.1%)
(RDMA_READ_CONSUME_CHECK_CONSUMER) timestamp=7668 ms, used_size=14395392 bytes (35.1%)
(RDMA_READ_CONSUME_CHECK_CONSUMER) timestamp=7668 ms, used_size=14393344 bytes (35.1%)
(RDMA_READ_CONSUME_CHECK_CONSUMER) timestamp=7668 ms, used_size=14391296 bytes (35.1%)
(RDMA_READ_CONSUME_CHECK_CONSUMER) timestamp=7668 ms, used_size=14389248 bytes (35.1%)
(RDMA_READ_CONSUME_CHECK_CONSUMER) timestamp=7668 ms, used_size=14387200 bytes (35.1%)
(RDMA_READ_CONSUME_CHECK_CONSUMER) timestamp=7668 ms, used_size=14385152 bytes (35.1%)
(RDMA_READ_CONSUME_CHECK_CONSUMER) timestamp=7668 ms, used_size=14383104 bytes (35.1%)
(RDMA_READ_CONSUME_CHECK_CONSUMER) timestamp=7668 ms, used_size=14381056 bytes (35.1%)
(RDMA_READ_CONSUME_CHECK_CONSUMER) timestamp=7668 ms, used_size=14379008 bytes (35.1%)
(RDMA_READ_CONSUME_CHECK_CONSUMER) timestamp=7668 ms, used_size=14376960 bytes (35.1%)
(RDMA_READ_CONSUME_CHECK_CONSUMER) timestamp=7668 ms, used_size=14374912 bytes (35.1%)
(RDMA_READ_CONSUME_CHECK_CONSUMER) timestamp=7668 ms, used_size=14372864 bytes (35.1%)
(RDMA_READ_CONSUME_CHECK_CONSUMER) timestamp=7668 ms, used_size=14370816 bytes (35.1%)
(RDMA_READ_CONSUME_CHECK_CONSUMER) timestamp=7668 ms, used_size=14368768 bytes (35.1%)
(RDMA_READ_CONSUME_CHECK_CONSUMER) timestamp=7668 ms, used_size=14366720 bytes (35.1%)
(RDMA_READ_CONSUME_CHECK_CONSUMER) timestamp=7668 ms, used_size=14364672 bytes (35.1%)
(RDMA_READ_CONSUME_CHECK_CONSUMER) timestamp=7668 ms, used_size=14362624 bytes (35.1%)
(RDMA_READ_CONSUME_CHECK_CONSUMER) timestamp=7668 ms, used_size=14360576 bytes (35.1%)
(RDMA_READ_CONSUME_CHECK_CONSUMER) timestamp=7668 ms, used_size=14358528 bytes (35.1%)
(RDMA_READ_CONSUME_CHECK_CONSUMER) timestamp=7668 ms, used_size=14356480 bytes (35.0%)
(RDMA_READ_CONSUME_CHECK_CONSUMER) timestamp=7668 ms, used_size=14354432 bytes (35.0%)
(RDMA_READ_CONSUME_CHECK_CONSUMER) timestamp=7668 ms, used_size=14352384 bytes (35.0%)
(RDMA_READ_CONSUME_CHECK_CONSUMER) timestamp=7668 ms, used_size=14350336 bytes (35.0%)
(RDMA_READ_CONSUME_CHECK_CONSUMER) timestamp=7668 ms, used_size=14348288 bytes (35.0%)
(RDMA_READ_CONSUME_CHECK_CONSUMER) timestamp=7668 ms, used_size=14346240 bytes (35.0%)
(RDMA_READ_CONSUME_CHECK_CONSUMER) timestamp=7668 ms, used_size=14344192 bytes (35.0%)
(RDMA_READ_CONSUME_CHECK_CONSUMER) timestamp=7668 ms, used_size=14342144 bytes (35.0%)
(RDMA_READ_CONSUME_CHECK_CONSUMER) timestamp=7668 ms, used_size=14340096 bytes (35.0%)
(RDMA_READ_CONSUME_CHECK_CONSUMER) timestamp=7668 ms, used_size=14338048 bytes (35.0%)
(RDMA_READ_CONSUME_CHECK_CONSUMER) timestamp=7668 ms, used_size=14336000 bytes (35.0%)
(RDMA_READ_CONSUME_CHECK_CONSUMER) timestamp=7668 ms, used_size=14333952 bytes (35.0%)
(RDMA_READ_CONSUME_CHECK_CONSUMER) timestamp=7668 ms, used_size=14331904 bytes (35.0%)
(RDMA_READ_CONSUME_CHECK_CONSUMER) timestamp=7668 ms, used_size=14329856 bytes (35.0%)
(RDMA_READ_CONSUME_CHECK_CONSUMER) timestamp=7668 ms, used_size=14327808 bytes (35.0%)
(RDMA_READ_CONSUME_CHECK_CONSUMER) timestamp=7668 ms, used_size=14325760 bytes (35.0%)
(RDMA_READ_CONSUME_CHECK_CONSUMER) timestamp=7668 ms, used_size=14323712 bytes (35.0%)
(RDMA_READ_CONSUME_CHECK_CONSUMER) timestamp=7668 ms, used_size=14321664 bytes (35.0%)
(RDMA_READ_CONSUME_CHECK_CONSUMER) timestamp=7668 ms, used_size=14319616 bytes (35.0%)
(RDMA_READ_CONSUME_CHECK_CONSUMER) timestamp=7668 ms, used_size=14317568 bytes (35.0%)
(RDMA_READ_CONSUME_CHECK_CONSUMER) timestamp=7668 ms, used_size=14315520 bytes (35.0%)
(RDMA_READ_CONSUME_CHECK_CONSUMER) timestamp=7668 ms, used_size=14313472 bytes (34.9%)
(RDMA_READ_CONSUME_CHECK_CONSUMER) timestamp=7668 ms, used_size=14311424 bytes (34.9%)
(RDMA_READ_CONSUME_CHECK_CONSUMER) timestamp=7668 ms, used_size=14309376 bytes (34.9%)
(RDMA_READ_CONSUME_CHECK_CONSUMER) timestamp=7668 ms, used_size=14307328 bytes (34.9%)
(RDMA_READ_CONSUME_CHECK_CONSUMER) timestamp=7668 ms, used_size=14305280 bytes (34.9%)
(RDMA_READ_CONSUME_CHECK_CONSUMER) timestamp=7668 ms, used_size=14303232 bytes (34.9%)
(RDMA_READ_CONSUME_CHECK_CONSUMER) timestamp=7668 ms, used_size=14301184 bytes (34.9%)
(RDMA_READ_CONSUME_CHECK_CONSUMER) timestamp=7668 ms, used_size=14299136 bytes (34.9%)
(RDMA_READ_CONSUME_CHECK_CONSUMER) timestamp=7668 ms, used_size=14297088 bytes (34.9%)
(RDMA_READ_CONSUME_CHECK_CONSUMER) timestamp=7668 ms, used_size=14295040 bytes (34.9%)
(RDMA_READ_CONSUME_CHECK_CONSUMER) timestamp=7668 ms, used_size=14292992 bytes (34.9%)
(RDMA_READ_CONSUME_CHECK_CONSUMER) timestamp=7668 ms, used_size=14290944 bytes (34.9%)
(RDMA_READ_CONSUME_CHECK_CONSUMER) timestamp=7668 ms, used_size=14288896 bytes (34.9%)
(RDMA_READ_CONSUME_CHECK_CONSUMER) timestamp=7668 ms, used_size=14286848 bytes (34.9%)
(RDMA_READ_CONSUME_CHECK_CONSUMER) timestamp=7668 ms, used_size=14284800 bytes (34.9%)
(RDMA_READ_CONSUME_CHECK_CONSUMER) timestamp=7668 ms, used_size=14282752 bytes (34.9%)
(RDMA_READ_CONSUME_CHECK_CONSUMER) timestamp=7668 ms, used_size=14280704 bytes (34.9%)
(RDMA_READ_CONSUME_CHECK_CONSUMER) timestamp=7669 ms, used_size=14278656 bytes (34.9%)
(RDMA_READ_CONSUME_CHECK_CONSUMER) timestamp=7669 ms, used_size=14276608 bytes (34.9%)
(RDMA_READ_CONSUME_CHECK_CONSUMER) timestamp=7669 ms, used_size=14274560 bytes (34.9%)
(RDMA_READ_CONSUME_CHECK_CONSUMER) timestamp=7669 ms, used_size=14272512 bytes (34.8%)
(RDMA_READ_CONSUME_CHECK_CONSUMER) timestamp=7669 ms, used_size=14270464 bytes (34.8%)
(RDMA_READ_CONSUME_CHECK_CONSUMER) timestamp=7669 ms, used_size=14268416 bytes (34.8%)
(RDMA_READ_CONSUME_CHECK_CONSUMER) timestamp=7669 ms, used_size=14266368 bytes (34.8%)
(RDMA_READ_CONSUME_CHECK_CONSUMER) timestamp=7669 ms, used_size=14264320 bytes (34.8%)
(RDMA_READ_CONSUME_CHECK_CONSUMER) timestamp=7669 ms, used_size=14262272 bytes (34.8%)
(RDMA_READ_CONSUME_CHECK_CONSUMER) timestamp=7669 ms, used_size=14260224 bytes (34.8%)
(RDMA_READ_CONSUME_CHECK_CONSUMER) timestamp=7669 ms, used_size=14258176 bytes (34.8%)
(RDMA_READ_CONSUME_CHECK_CONSUMER) timestamp=7669 ms, used_size=14256128 bytes (34.8%)
(RDMA_READ_CONSUME_CHECK_CONSUMER) timestamp=7669 ms, used_size=14254080 bytes (34.8%)
(RDMA_READ_CONSUME_CHECK_CONSUMER) timestamp=7669 ms, used_size=14252032 bytes (34.8%)
(RDMA_READ_CONSUME_CHECK_CONSUMER) timestamp=7669 ms, used_size=14249984 bytes (34.8%)
(RDMA_READ_CONSUME_CHECK_CONSUMER) timestamp=7669 ms, used_size=14247936 bytes (34.8%)
(RDMA_READ_CONSUME_CHECK_CONSUMER) timestamp=7669 ms, used_size=14245888 bytes (34.8%)
(RDMA_READ_CONSUME_CHECK_CONSUMER) timestamp=7669 ms, used_size=14243840 bytes (34.8%)
(RDMA_READ_CONSUME_CHECK_CONSUMER) timestamp=7669 ms, used_size=14241792 bytes (34.8%)
(RDMA_READ_CONSUME_CHECK_CONSUMER) timestamp=7669 ms, used_size=14239744 bytes (34.8%)
(RDMA_READ_CONSUME_CHECK_CONSUMER) timestamp=7669 ms, used_size=14237696 bytes (34.8%)
(RDMA_READ_CONSUME_CHECK_CONSUMER) timestamp=7669 ms, used_size=14235648 bytes (34.8%)
(RDMA_READ_CONSUME_CHECK_CONSUMER) timestamp=7669 ms, used_size=14233600 bytes (34.8%)
(RDMA_READ_CONSUME_CHECK_CONSUMER) timestamp=7669 ms, used_size=14231552 bytes (34.7%)
(RDMA_READ_CONSUME_CHECK_CONSUMER) timestamp=7669 ms, used_size=14229504 bytes (34.7%)
(RDMA_READ_CONSUME_CHECK_CONSUMER) timestamp=7669 ms, used_size=14227456 bytes (34.7%)
(RDMA_READ_CONSUME_CHECK_CONSUMER) timestamp=7669 ms, used_size=14225408 bytes (34.7%)
(RDMA_READ_CONSUME_CHECK_CONSUMER) timestamp=7669 ms, used_size=14223360 bytes (34.7%)
(RDMA_READ_CONSUME_CHECK_CONSUMER) timestamp=7669 ms, used_size=14221312 bytes (34.7%)
(RDMA_READ_CONSUME_CHECK_CONSUMER) timestamp=7669 ms, used_size=14219264 bytes (34.7%)
(RDMA_READ_CONSUME_CHECK_CONSUMER) timestamp=7669 ms, used_size=14217216 bytes (34.7%)
(RDMA_READ_CONSUME_CHECK_CONSUMER) timestamp=7669 ms, used_size=14215168 bytes (34.7%)
(RDMA_READ_CONSUME_CHECK_CONSUMER) timestamp=7669 ms, used_size=14213120 bytes (34.7%)
(RDMA_READ_CONSUME_CHECK_CONSUMER) timestamp=7669 ms, used_size=14211072 bytes (34.7%)
(RDMA_READ_CONSUME_CHECK_CONSUMER) timestamp=7669 ms, used_size=14209024 bytes (34.7%)
(RDMA_READ_CONSUME_CHECK_CONSUMER) timestamp=7669 ms, used_size=14206976 bytes (34.7%)
(RDMA_READ_CONSUME_CHECK_CONSUMER) timestamp=7669 ms, used_size=14204928 bytes (34.7%)
(RDMA_READ_CONSUME_CHECK_CONSUMER) timestamp=7669 ms, used_size=14202880 bytes (34.7%)
(RDMA_READ_CONSUME_CHECK_CONSUMER) timestamp=7669 ms, used_size=14200832 bytes (34.7%)
(RDMA_READ_CONSUME_CHECK_CONSUMER) timestamp=7669 ms, used_size=14198784 bytes (34.7%)
(RDMA_READ_CONSUME_CHECK_CONSUMER) timestamp=7669 ms, used_size=14196736 bytes (34.7%)
(RDMA_READ_CONSUME_CHECK_CONSUMER) timestamp=7669 ms, used_size=14194688 bytes (34.7%)
(RDMA_READ_CONSUME_CHECK_CONSUMER) timestamp=7669 ms, used_size=14192640 bytes (34.6%)
(RDMA_READ_CONSUME_CHECK_CONSUMER) timestamp=7669 ms, used_size=14190592 bytes (34.6%)
(RDMA_READ_CONSUME_CHECK_CONSUMER) timestamp=7669 ms, used_size=14188544 bytes (34.6%)
(RDMA_READ_CONSUME_CHECK_CONSUMER) timestamp=7669 ms, used_size=14186496 bytes (34.6%)
(RDMA_READ_CONSUME_CHECK_CONSUMER) timestamp=7669 ms, used_size=14184448 bytes (34.6%)
(RDMA_READ_CONSUME_CHECK_CONSUMER) timestamp=7669 ms, used_size=14182400 bytes (34.6%)
(RDMA_READ_CONSUME_CHECK_CONSUMER) timestamp=7669 ms, used_size=14180352 bytes (34.6%)
(RDMA_READ_CONSUME_CHECK_CONSUMER) timestamp=7669 ms, used_size=14178304 bytes (34.6%)
(RDMA_READ_CONSUME_CHECK_CONSUMER) timestamp=7669 ms, used_size=14176256 bytes (34.6%)
(RDMA_READ_CONSUME_CHECK_CONSUMER) timestamp=7669 ms, used_size=14174208 bytes (34.6%)
(RDMA_READ_CONSUME_CHECK_CONSUMER) timestamp=7669 ms, used_size=14172160 bytes (34.6%)
(RDMA_READ_CONSUME_CHECK_CONSUMER) timestamp=7669 ms, used_size=14170112 bytes (34.6%)
(RDMA_READ_CONSUME_CHECK_CONSUMER) timestamp=7669 ms, used_size=14168064 bytes (34.6%)
(RDMA_READ_CONSUME_CHECK_CONSUMER) timestamp=7669 ms, used_size=14166016 bytes (34.6%)
(RDMA_READ_CONSUME_CHECK_CONSUMER) timestamp=7669 ms, used_size=14163968 bytes (34.6%)
(RDMA_READ_CONSUME_CHECK_CONSUMER) timestamp=7669 ms, used_size=14161920 bytes (34.6%)
(RDMA_READ_CONSUME_CHECK_CONSUMER) timestamp=7669 ms, used_size=14159872 bytes (34.6%)
(RDMA_READ_CONSUME_CHECK_CONSUMER) timestamp=7669 ms, used_size=14157824 bytes (34.6%)
(RDMA_READ_CONSUME_CHECK_CONSUMER) timestamp=7669 ms, used_size=14155776 bytes (34.6%)
(RDMA_READ_CONSUME_CHECK_CONSUMER) timestamp=7669 ms, used_size=14153728 bytes (34.6%)
(RDMA_READ_CONSUME_CHECK_CONSUMER) timestamp=7669 ms, used_size=14151680 bytes (34.5%)
(RDMA_READ_CONSUME_CHECK_CONSUMER) timestamp=7669 ms, used_size=14149632 bytes (34.5%)
(RDMA_READ_CONSUME_CHECK_CONSUMER) timestamp=7669 ms, used_size=14147584 bytes (34.5%)
(RDMA_READ_CONSUME_CHECK_CONSUMER) timestamp=7669 ms, used_size=14145536 bytes (34.5%)
(RDMA_READ_CONSUME_CHECK_CONSUMER) timestamp=7669 ms, used_size=14143488 bytes (34.5%)
(RDMA_READ_CONSUME_CHECK_CONSUMER) timestamp=7669 ms, used_size=14141440 bytes (34.5%)
(RDMA_READ_CONSUME_CHECK_CONSUMER) timestamp=7669 ms, used_size=14139392 bytes (34.5%)
(RDMA_READ_CONSUME_CHECK_CONSUMER) timestamp=7669 ms, used_size=14137344 bytes (34.5%)
(RDMA_READ_CONSUME_CHECK_CONSUMER) timestamp=7669 ms, used_size=14135296 bytes (34.5%)
(RDMA_READ_CONSUME_CHECK_CONSUMER) timestamp=7669 ms, used_size=14133248 bytes (34.5%)
(RDMA_READ_CONSUME_CHECK_CONSUMER) timestamp=7669 ms, used_size=14131200 bytes (34.5%)
(RDMA_READ_CONSUME_CHECK_CONSUMER) timestamp=7669 ms, used_size=14129152 bytes (34.5%)
(RDMA_READ_CONSUME_CHECK_CONSUMER) timestamp=7669 ms, used_size=14127104 bytes (34.5%)
(RDMA_READ_CONSUME_CHECK_CONSUMER) timestamp=7669 ms, used_size=14125056 bytes (34.5%)
(RDMA_READ_CONSUME_CHECK_CONSUMER) timestamp=7669 ms, used_size=14123008 bytes (34.5%)
(RDMA_READ_CONSUME_CHECK_CONSUMER) timestamp=7669 ms, used_size=14120960 bytes (34.5%)
(RDMA_READ_CONSUME_CHECK_CONSUMER) timestamp=7669 ms, used_size=14118912 bytes (34.5%)
(RDMA_READ_CONSUME_CHECK_CONSUMER) timestamp=7669 ms, used_size=14116864 bytes (34.5%)
(RDMA_READ_CONSUME_CHECK_CONSUMER) timestamp=7669 ms, used_size=14114816 bytes (34.5%)
(RDMA_READ_CONSUME_CHECK_CONSUMER) timestamp=7669 ms, used_size=14112768 bytes (34.5%)
(RDMA_READ_CONSUME_CHECK_CONSUMER) timestamp=7669 ms, used_size=14110720 bytes (34.5%)
(RDMA_READ_CONSUME_CHECK_CONSUMER) timestamp=7669 ms, used_size=14108672 bytes (34.4%)
(RDMA_READ_CONSUME_CHECK_CONSUMER) timestamp=7669 ms, used_size=14106624 bytes (34.4%)
(RDMA_READ_CONSUME_CHECK_CONSUMER) timestamp=7669 ms, used_size=14104576 bytes (34.4%)
(RDMA_READ_CONSUME_CHECK_CONSUMER) timestamp=7669 ms, used_size=14102528 bytes (34.4%)
(RDMA_READ_CONSUME_CHECK_CONSUMER) timestamp=7669 ms, used_size=14100480 bytes (34.4%)
(RDMA_READ_CONSUME_CHECK_CONSUMER) timestamp=7669 ms, used_size=14098432 bytes (34.4%)
(RDMA_READ_CONSUME_CHECK_CONSUMER) timestamp=7669 ms, used_size=14096384 bytes (34.4%)
(RDMA_READ_CONSUME_CHECK_CONSUMER) timestamp=7669 ms, used_size=14094336 bytes (34.4%)
(RDMA_READ_CONSUME_CHECK_CONSUMER) timestamp=7669 ms, used_size=14092288 bytes (34.4%)
(RDMA_READ_CONSUME_CHECK_CONSUMER) timestamp=7669 ms, used_size=14090240 bytes (34.4%)
(RDMA_READ_CONSUME_CHECK_CONSUMER) timestamp=7669 ms, used_size=14088192 bytes (34.4%)
(RDMA_READ_CONSUME_CHECK_CONSUMER) timestamp=7669 ms, used_size=14086144 bytes (34.4%)
(RDMA_READ_CONSUME_CHECK_CONSUMER) timestamp=7669 ms, used_size=14084096 bytes (34.4%)
(RDMA_READ_CONSUME_CHECK_CONSUMER) timestamp=7669 ms, used_size=14082048 bytes (34.4%)
(RDMA_READ_CONSUME_CHECK_CONSUMER) timestamp=7669 ms, used_size=14080000 bytes (34.4%)
(RDMA_READ_CONSUME_CHECK_CONSUMER) timestamp=7669 ms, used_size=14077952 bytes (34.4%)
(RDMA_READ_CONSUME_CHECK_CONSUMER) timestamp=7669 ms, used_size=14075904 bytes (34.4%)
(RDMA_READ_CONSUME_CHECK_CONSUMER) timestamp=7669 ms, used_size=14073856 bytes (34.4%)
(RDMA_READ_CONSUME_CHECK_CONSUMER) timestamp=7669 ms, used_size=14071808 bytes (34.4%)
(RDMA_READ_CONSUME_CHECK_CONSUMER) timestamp=7669 ms, used_size=14069760 bytes (34.4%)
(RDMA_READ_CONSUME_CHECK_CONSUMER) timestamp=7669 ms, used_size=14067712 bytes (34.3%)
(RDMA_READ_CONSUME_CHECK_CONSUMER) timestamp=7669 ms, used_size=14065664 bytes (34.3%)
(RDMA_READ_CONSUME_CHECK_CONSUMER) timestamp=7669 ms, used_size=14063616 bytes (34.3%)
(RDMA_READ_CONSUME_CHECK_CONSUMER) timestamp=7669 ms, used_size=14061568 bytes (34.3%)
(RDMA_READ_CONSUME_CHECK_CONSUMER) timestamp=7669 ms, used_size=14059520 bytes (34.3%)
(RDMA_READ_CONSUME_CHECK_CONSUMER) timestamp=7669 ms, used_size=14057472 bytes (34.3%)
(RDMA_READ_CONSUME_CHECK_CONSUMER) timestamp=7669 ms, used_size=14055424 bytes (34.3%)
(RDMA_READ_CONSUME_CHECK_CONSUMER) timestamp=7669 ms, used_size=14053376 bytes (34.3%)
(RDMA_READ_CONSUME_CHECK_CONSUMER) timestamp=7669 ms, used_size=14051328 bytes (34.3%)
(RDMA_READ_CONSUME_CHECK_CONSUMER) timestamp=7669 ms, used_size=14049280 bytes (34.3%)
(RDMA_READ_CONSUME_CHECK_CONSUMER) timestamp=7669 ms, used_size=14047232 bytes (34.3%)
(RDMA_READ_CONSUME_CHECK_CONSUMER) timestamp=7669 ms, used_size=14045184 bytes (34.3%)
(RDMA_READ_CONSUME_CHECK_CONSUMER) timestamp=7669 ms, used_size=14043136 bytes (34.3%)
(RDMA_READ_CONSUME_CHECK_CONSUMER) timestamp=7669 ms, used_size=14041088 bytes (34.3%)
(RDMA_READ_CONSUME_CHECK_CONSUMER) timestamp=7669 ms, used_size=14039040 bytes (34.3%)
(RDMA_READ_CONSUME_CHECK_CONSUMER) timestamp=7669 ms, used_size=14036992 bytes (34.3%)
(RDMA_READ_CONSUME_CHECK_CONSUMER) timestamp=7669 ms, used_size=14034944 bytes (34.3%)
(RDMA_READ_CONSUME_CHECK_CONSUMER) timestamp=7669 ms, used_size=14032896 bytes (34.3%)
(RDMA_READ_CONSUME_CHECK_CONSUMER) timestamp=7669 ms, used_size=14030848 bytes (34.3%)
(RDMA_READ_CONSUME_CHECK_CONSUMER) timestamp=7669 ms, used_size=14028800 bytes (34.2%)
(RDMA_READ_CONSUME_CHECK_CONSUMER) timestamp=7669 ms, used_size=14026752 bytes (34.2%)
(RDMA_READ_CONSUME_CHECK_CONSUMER) timestamp=7669 ms, used_size=14024704 bytes (34.2%)
(RDMA_READ_CONSUME_CHECK_CONSUMER) timestamp=7669 ms, used_size=14022656 bytes (34.2%)
(RDMA_READ_CONSUME_CHECK_CONSUMER) timestamp=7669 ms, used_size=14020608 bytes (34.2%)
(RDMA_READ_CONSUME_CHECK_CONSUMER) timestamp=7669 ms, used_size=14018560 bytes (34.2%)
(RDMA_READ_CONSUME_CHECK_CONSUMER) timestamp=7669 ms, used_size=14016512 bytes (34.2%)
(RDMA_READ_CONSUME_CHECK_CONSUMER) timestamp=7669 ms, used_size=14014464 bytes (34.2%)
(RDMA_READ_CONSUME_CHECK_CONSUMER) timestamp=7669 ms, used_size=14012416 bytes (34.2%)
(RDMA_READ_CONSUME_CHECK_CONSUMER) timestamp=7669 ms, used_size=14010368 bytes (34.2%)
(RDMA_READ_CONSUME_CHECK_CONSUMER) timestamp=7669 ms, used_size=14008320 bytes (34.2%)
(RDMA_READ_CONSUME_CHECK_CONSUMER) timestamp=7669 ms, used_size=14006272 bytes (34.2%)
(RDMA_READ_CONSUME_CHECK_CONSUMER) timestamp=7669 ms, used_size=14004224 bytes (34.2%)
(RDMA_READ_CONSUME_CHECK_CONSUMER) timestamp=7669 ms, used_size=14002176 bytes (34.2%)
(RDMA_READ_CONSUME_CHECK_CONSUMER) timestamp=7669 ms, used_size=14000128 bytes (34.2%)
(RDMA_READ_CONSUME_CHECK_CONSUMER) timestamp=7669 ms, used_size=13998080 bytes (34.2%)
(RDMA_READ_CONSUME_CHECK_CONSUMER) timestamp=7669 ms, used_size=13996032 bytes (34.2%)
(RDMA_READ_CONSUME_CHECK_CONSUMER) timestamp=7669 ms, used_size=13993984 bytes (34.2%)
(RDMA_READ_CONSUME_CHECK_CONSUMER) timestamp=7669 ms, used_size=13991936 bytes (34.2%)
(RDMA_READ_CONSUME_CHECK_CONSUMER) timestamp=7669 ms, used_size=13989888 bytes (34.2%)
(RDMA_READ_CONSUME_CHECK_CONSUMER) timestamp=7669 ms, used_size=13987840 bytes (34.1%)
(RDMA_READ_CONSUME_CHECK_CONSUMER) timestamp=7669 ms, used_size=13985792 bytes (34.1%)
(RDMA_READ_CONSUME_CHECK_CONSUMER) timestamp=7669 ms, used_size=13983744 bytes (34.1%)
(RDMA_READ_CONSUME_CHECK_CONSUMER) timestamp=7669 ms, used_size=13981696 bytes (34.1%)
(RDMA_READ_CONSUME_CHECK_CONSUMER) timestamp=7669 ms, used_size=13979648 bytes (34.1%)
(RDMA_READ_CONSUME_CHECK_CONSUMER) timestamp=7669 ms, used_size=13977600 bytes (34.1%)
(RDMA_READ_CONSUME_CHECK_CONSUMER) timestamp=7669 ms, used_size=13975552 bytes (34.1%)
(RDMA_READ_CONSUME_CHECK_CONSUMER) timestamp=7669 ms, used_size=13973504 bytes (34.1%)
(RDMA_READ_CONSUME_CHECK_CONSUMER) timestamp=7669 ms, used_size=13971456 bytes (34.1%)
(RDMA_READ_CONSUME_CHECK_CONSUMER) timestamp=7669 ms, used_size=13969408 bytes (34.1%)
(RDMA_READ_CONSUME_CHECK_CONSUMER) timestamp=7669 ms, used_size=13967360 bytes (34.1%)
(RDMA_READ_CONSUME_CHECK_CONSUMER) timestamp=7669 ms, used_size=13965312 bytes (34.1%)
(RDMA_READ_CONSUME_CHECK_CONSUMER) timestamp=7669 ms, used_size=13963264 bytes (34.1%)
(RDMA_READ_CONSUME_CHECK_CONSUMER) timestamp=7669 ms, used_size=13961216 bytes (34.1%)
(RDMA_READ_CONSUME_CHECK_CONSUMER) timestamp=7669 ms, used_size=13959168 bytes (34.1%)
(RDMA_READ_CONSUME_CHECK_CONSUMER) timestamp=7669 ms, used_size=13957120 bytes (34.1%)
(RDMA_READ_CONSUME_CHECK_CONSUMER) timestamp=7669 ms, used_size=13955072 bytes (34.1%)
(RDMA_READ_CONSUME_CHECK_CONSUMER) timestamp=7669 ms, used_size=13953024 bytes (34.1%)
(RDMA_READ_CONSUME_CHECK_CONSUMER) timestamp=7669 ms, used_size=13950976 bytes (34.1%)
(RDMA_READ_CONSUME_CHECK_CONSUMER) timestamp=7669 ms, used_size=13948928 bytes (34.1%)
(RDMA_READ_CONSUME_CHECK_CONSUMER) timestamp=7669 ms, used_size=13946880 bytes (34.0%)
(RDMA_READ_CONSUME_CHECK_CONSUMER) timestamp=7669 ms, used_size=13944832 bytes (34.0%)
(RDMA_READ_CONSUME_CHECK_CONSUMER) timestamp=7669 ms, used_size=13942784 bytes (34.0%)
(RDMA_READ_CONSUME_CHECK_CONSUMER) timestamp=7669 ms, used_size=13940736 bytes (34.0%)
(RDMA_READ_CONSUME_CHECK_CONSUMER) timestamp=7669 ms, used_size=13938688 bytes (34.0%)
(RDMA_READ_CONSUME_CHECK_CONSUMER) timestamp=7669 ms, used_size=13936640 bytes (34.0%)
(RDMA_READ_CONSUME_CHECK_CONSUMER) timestamp=7669 ms, used_size=13934592 bytes (34.0%)
(RDMA_READ_CONSUME_CHECK_CONSUMER) timestamp=7669 ms, used_size=13932544 bytes (34.0%)
(RDMA_READ_CONSUME_CHECK_CONSUMER) timestamp=7669 ms, used_size=13930496 bytes (34.0%)
(RDMA_READ_CONSUME_CHECK_CONSUMER) timestamp=7669 ms, used_size=13928448 bytes (34.0%)
(RDMA_READ_CONSUME_CHECK_CONSUMER) timestamp=7669 ms, used_size=13926400 bytes (34.0%)
(RDMA_READ_CONSUME_CHECK_CONSUMER) timestamp=7669 ms, used_size=13924352 bytes (34.0%)
(RDMA_READ_CONSUME_CHECK_CONSUMER) timestamp=7669 ms, used_size=13922304 bytes (34.0%)
(RDMA_READ_CONSUME_CHECK_CONSUMER) timestamp=7669 ms, used_size=13920256 bytes (34.0%)
(RDMA_READ_CONSUME_CHECK_CONSUMER) timestamp=7669 ms, used_size=13918208 bytes (34.0%)
(RDMA_READ_CONSUME_CHECK_CONSUMER) timestamp=7669 ms, used_size=13916160 bytes (34.0%)
(RDMA_READ_CONSUME_CHECK_CONSUMER) timestamp=7669 ms, used_size=13914112 bytes (34.0%)
(RDMA_READ_CONSUME_CHECK_CONSUMER) timestamp=7669 ms, used_size=13912064 bytes (34.0%)
(RDMA_READ_CONSUME_CHECK_CONSUMER) timestamp=7669 ms, used_size=13910016 bytes (34.0%)
(RDMA_READ_CONSUME_CHECK_CONSUMER) timestamp=7669 ms, used_size=13907968 bytes (34.0%)
(RDMA_READ_CONSUME_CHECK_CONSUMER) timestamp=7670 ms, used_size=13905920 bytes (34.0%)
(RDMA_READ_CONSUME_CHECK_CONSUMER) timestamp=7670 ms, used_size=13903872 bytes (33.9%)
(RDMA_READ_CONSUME_CHECK_CONSUMER) timestamp=7670 ms, used_size=13901824 bytes (33.9%)
(RDMA_READ_CONSUME_CHECK_CONSUMER) timestamp=7670 ms, used_size=13899776 bytes (33.9%)
(RDMA_READ_CONSUME_CHECK_CONSUMER) timestamp=7670 ms, used_size=13897728 bytes (33.9%)
(RDMA_READ_CONSUME_CHECK_CONSUMER) timestamp=7670 ms, used_size=13895680 bytes (33.9%)
(RDMA_READ_CONSUME_CHECK_CONSUMER) timestamp=7670 ms, used_size=13893632 bytes (33.9%)
(RDMA_READ_CONSUME_CHECK_CONSUMER) timestamp=7670 ms, used_size=13891584 bytes (33.9%)
(RDMA_READ_CONSUME_CHECK_CONSUMER) timestamp=7670 ms, used_size=13889536 bytes (33.9%)
(RDMA_READ_CONSUME_CHECK_CONSUMER) timestamp=7670 ms, used_size=13887488 bytes (33.9%)
(RDMA_READ_CONSUME_CHECK_CONSUMER) timestamp=7670 ms, used_size=13885440 bytes (33.9%)
(RDMA_READ_CONSUME_CHECK_CONSUMER) timestamp=7670 ms, used_size=13883392 bytes (33.9%)
(RDMA_READ_CONSUME_CHECK_CONSUMER) timestamp=7670 ms, used_size=13881344 bytes (33.9%)
(RDMA_READ_CONSUME_CHECK_CONSUMER) timestamp=7670 ms, used_size=13879296 bytes (33.9%)
(RDMA_READ_CONSUME_CHECK_CONSUMER) timestamp=7670 ms, used_size=13877248 bytes (33.9%)
(RDMA_READ_CONSUME_CHECK_CONSUMER) timestamp=7670 ms, used_size=13875200 bytes (33.9%)
(RDMA_READ_CONSUME_CHECK_CONSUMER) timestamp=7670 ms, used_size=13873152 bytes (33.9%)
(RDMA_READ_CONSUME_CHECK_CONSUMER) timestamp=7670 ms, used_size=13871104 bytes (33.9%)
(RDMA_READ_CONSUME_CHECK_CONSUMER) timestamp=7670 ms, used_size=13869056 bytes (33.9%)
(RDMA_READ_CONSUME_CHECK_CONSUMER) timestamp=7670 ms, used_size=13867008 bytes (33.9%)
(RDMA_READ_CONSUME_CHECK_CONSUMER) timestamp=7670 ms, used_size=13864960 bytes (33.9%)
(RDMA_READ_CONSUME_CHECK_CONSUMER) timestamp=7670 ms, used_size=13862912 bytes (33.8%)
(RDMA_READ_CONSUME_CHECK_CONSUMER) timestamp=7670 ms, used_size=13860864 bytes (33.8%)
(RDMA_READ_CONSUME_CHECK_CONSUMER) timestamp=7670 ms, used_size=13858816 bytes (33.8%)
(RDMA_READ_CONSUME_CHECK_CONSUMER) timestamp=7670 ms, used_size=13856768 bytes (33.8%)
(RDMA_READ_CONSUME_CHECK_CONSUMER) timestamp=7670 ms, used_size=13854720 bytes (33.8%)
(RDMA_READ_CONSUME_CHECK_CONSUMER) timestamp=7670 ms, used_size=13852672 bytes (33.8%)
(RDMA_READ_CONSUME_CHECK_CONSUMER) timestamp=7670 ms, used_size=13850624 bytes (33.8%)
(RDMA_READ_CONSUME_CHECK_CONSUMER) timestamp=7670 ms, used_size=13848576 bytes (33.8%)
(RDMA_READ_CONSUME_CHECK_CONSUMER) timestamp=7670 ms, used_size=13846528 bytes (33.8%)
(RDMA_READ_CONSUME_CHECK_CONSUMER) timestamp=7670 ms, used_size=13844480 bytes (33.8%)
(RDMA_READ_CONSUME_CHECK_CONSUMER) timestamp=7670 ms, used_size=13842432 bytes (33.8%)
(RDMA_READ_CONSUME_CHECK_CONSUMER) timestamp=7670 ms, used_size=13840384 bytes (33.8%)
(RDMA_READ_CONSUME_CHECK_CONSUMER) timestamp=7670 ms, used_size=13838336 bytes (33.8%)
(RDMA_READ_CONSUME_CHECK_CONSUMER) timestamp=7670 ms, used_size=13836288 bytes (33.8%)
(RDMA_READ_CONSUME_CHECK_CONSUMER) timestamp=7670 ms, used_size=13834240 bytes (33.8%)
(RDMA_READ_CONSUME_CHECK_CONSUMER) timestamp=7670 ms, used_size=13832192 bytes (33.8%)
(RDMA_READ_CONSUME_CHECK_CONSUMER) timestamp=7670 ms, used_size=13830144 bytes (33.8%)
(RDMA_READ_CONSUME_CHECK_CONSUMER) timestamp=7670 ms, used_size=13828096 bytes (33.8%)
(RDMA_READ_CONSUME_CHECK_CONSUMER) timestamp=7670 ms, used_size=13826048 bytes (33.8%)
(RDMA_READ_CONSUME_CHECK_CONSUMER) timestamp=7670 ms, used_size=13824000 bytes (33.8%)
(RDMA_READ_CONSUME_CHECK_CONSUMER) timestamp=7670 ms, used_size=13821952 bytes (33.7%)
(RDMA_READ_CONSUME_CHECK_CONSUMER) timestamp=7670 ms, used_size=13819904 bytes (33.7%)
(RDMA_READ_CONSUME_CHECK_CONSUMER) timestamp=7670 ms, used_size=13817856 bytes (33.7%)
(RDMA_READ_CONSUME_CHECK_CONSUMER) timestamp=7670 ms, used_size=13815808 bytes (33.7%)
(RDMA_READ_CONSUME_CHECK_CONSUMER) timestamp=7670 ms, used_size=13813760 bytes (33.7%)
(RDMA_READ_CONSUME_CHECK_CONSUMER) timestamp=7670 ms, used_size=13811712 bytes (33.7%)
(RDMA_READ_CONSUME_CHECK_CONSUMER) timestamp=7670 ms, used_size=13809664 bytes (33.7%)
(RDMA_READ_CONSUME_CHECK_CONSUMER) timestamp=7670 ms, used_size=13807616 bytes (33.7%)
(RDMA_READ_CONSUME_CHECK_CONSUMER) timestamp=7670 ms, used_size=13805568 bytes (33.7%)
(RDMA_READ_CONSUME_CHECK_CONSUMER) timestamp=7670 ms, used_size=13803520 bytes (33.7%)
(RDMA_READ_CONSUME_CHECK_CONSUMER) timestamp=7670 ms, used_size=13801472 bytes (33.7%)
(RDMA_READ_CONSUME_CHECK_CONSUMER) timestamp=7670 ms, used_size=13799424 bytes (33.7%)
(RDMA_READ_CONSUME_CHECK_CONSUMER) timestamp=7670 ms, used_size=13797376 bytes (33.7%)
(RDMA_READ_CONSUME_CHECK_CONSUMER) timestamp=7670 ms, used_size=13795328 bytes (33.7%)
(RDMA_READ_CONSUME_CHECK_CONSUMER) timestamp=7670 ms, used_size=13793280 bytes (33.7%)
(RDMA_READ_CONSUME_CHECK_CONSUMER) timestamp=7670 ms, used_size=13791232 bytes (33.7%)
(RDMA_READ_CONSUME_CHECK_CONSUMER) timestamp=7670 ms, used_size=13789184 bytes (33.7%)
(RDMA_READ_CONSUME_CHECK_CONSUMER) timestamp=7670 ms, used_size=13787136 bytes (33.7%)
(RDMA_READ_CONSUME_CHECK_CONSUMER) timestamp=7670 ms, used_size=13785088 bytes (33.7%)
(RDMA_READ_CONSUME_CHECK_CONSUMER) timestamp=7670 ms, used_size=13783040 bytes (33.6%)
(RDMA_READ_CONSUME_CHECK_CONSUMER) timestamp=7670 ms, used_size=13780992 bytes (33.6%)
(RDMA_READ_CONSUME_CHECK_CONSUMER) timestamp=7670 ms, used_size=13778944 bytes (33.6%)
(RDMA_READ_CONSUME_CHECK_CONSUMER) timestamp=7670 ms, used_size=13776896 bytes (33.6%)
(RDMA_READ_CONSUME_CHECK_CONSUMER) timestamp=7670 ms, used_size=13774848 bytes (33.6%)
(RDMA_READ_CONSUME_CHECK_CONSUMER) timestamp=7670 ms, used_size=13772800 bytes (33.6%)
(RDMA_READ_CONSUME_CHECK_CONSUMER) timestamp=7670 ms, used_size=13770752 bytes (33.6%)
(RDMA_READ_CONSUME_CHECK_CONSUMER) timestamp=7670 ms, used_size=13768704 bytes (33.6%)
(RDMA_READ_CONSUME_CHECK_CONSUMER) timestamp=7670 ms, used_size=13766656 bytes (33.6%)
(RDMA_READ_CONSUME_CHECK_CONSUMER) timestamp=7670 ms, used_size=13764608 bytes (33.6%)
(RDMA_READ_CONSUME_CHECK_CONSUMER) timestamp=7670 ms, used_size=13762560 bytes (33.6%)
(RDMA_READ_CONSUME_CHECK_CONSUMER) timestamp=7670 ms, used_size=13760512 bytes (33.6%)
(RDMA_READ_CONSUME_CHECK_CONSUMER) timestamp=7670 ms, used_size=13758464 bytes (33.6%)
(RDMA_READ_CONSUME_CHECK_CONSUMER) timestamp=7670 ms, used_size=13756416 bytes (33.6%)
(RDMA_READ_CONSUME_CHECK_CONSUMER) timestamp=7670 ms, used_size=13754368 bytes (33.6%)
(RDMA_READ_CONSUME_CHECK_CONSUMER) timestamp=7670 ms, used_size=13752320 bytes (33.6%)
(RDMA_READ_CONSUME_CHECK_CONSUMER) timestamp=7670 ms, used_size=13750272 bytes (33.6%)
(RDMA_READ_CONSUME_CHECK_CONSUMER) timestamp=7670 ms, used_size=13748224 bytes (33.6%)
(RDMA_READ_CONSUME_CHECK_CONSUMER) timestamp=7670 ms, used_size=13746176 bytes (33.6%)
(RDMA_READ_CONSUME_CHECK_CONSUMER) timestamp=7670 ms, used_size=13744128 bytes (33.6%)
(RDMA_READ_CONSUME_CHECK_CONSUMER) timestamp=7670 ms, used_size=13742080 bytes (33.5%)
(RDMA_READ_CONSUME_CHECK_CONSUMER) timestamp=7670 ms, used_size=13740032 bytes (33.5%)
(RDMA_READ_CONSUME_CHECK_CONSUMER) timestamp=7670 ms, used_size=13737984 bytes (33.5%)
(RDMA_READ_CONSUME_CHECK_CONSUMER) timestamp=7670 ms, used_size=13735936 bytes (33.5%)
(RDMA_READ_CONSUME_CHECK_CONSUMER) timestamp=7670 ms, used_size=13733888 bytes (33.5%)
(RDMA_READ_CONSUME_CHECK_CONSUMER) timestamp=7670 ms, used_size=13731840 bytes (33.5%)
(RDMA_READ_CONSUME_CHECK_CONSUMER) timestamp=7670 ms, used_size=13729792 bytes (33.5%)
(RDMA_READ_CONSUME_CHECK_CONSUMER) timestamp=7670 ms, used_size=13727744 bytes (33.5%)
(RDMA_READ_CONSUME_CHECK_CONSUMER) timestamp=7670 ms, used_size=13725696 bytes (33.5%)
(RDMA_READ_CONSUME_CHECK_CONSUMER) timestamp=7670 ms, used_size=13723648 bytes (33.5%)
(RDMA_READ_CONSUME_CHECK_CONSUMER) timestamp=7670 ms, used_size=13721600 bytes (33.5%)
(RDMA_READ_CONSUME_CHECK_CONSUMER) timestamp=7670 ms, used_size=13719552 bytes (33.5%)
(RDMA_READ_CONSUME_CHECK_CONSUMER) timestamp=7670 ms, used_size=13717504 bytes (33.5%)
(RDMA_READ_CONSUME_CHECK_CONSUMER) timestamp=7670 ms, used_size=13715456 bytes (33.5%)
(RDMA_READ_CONSUME_CHECK_CONSUMER) timestamp=7670 ms, used_size=13713408 bytes (33.5%)
(RDMA_READ_CONSUME_CHECK_CONSUMER) timestamp=7670 ms, used_size=13711360 bytes (33.5%)
(RDMA_READ_CONSUME_CHECK_CONSUMER) timestamp=7670 ms, used_size=13709312 bytes (33.5%)
(RDMA_READ_CONSUME_CHECK_CONSUMER) timestamp=7670 ms, used_size=13707264 bytes (33.5%)
(RDMA_READ_CONSUME_CHECK_CONSUMER) timestamp=7670 ms, used_size=13705216 bytes (33.5%)
(RDMA_READ_CONSUME_CHECK_CONSUMER) timestamp=7670 ms, used_size=13703168 bytes (33.5%)
(RDMA_READ_CONSUME_CHECK_CONSUMER) timestamp=7670 ms, used_size=13701120 bytes (33.5%)
(RDMA_READ_CONSUME_CHECK_CONSUMER) timestamp=7670 ms, used_size=13699072 bytes (33.4%)
(RDMA_READ_CONSUME_CHECK_CONSUMER) timestamp=7670 ms, used_size=13697024 bytes (33.4%)
(RDMA_READ_CONSUME_CHECK_CONSUMER) timestamp=7670 ms, used_size=13694976 bytes (33.4%)
(RDMA_READ_CONSUME_CHECK_CONSUMER) timestamp=7670 ms, used_size=13692928 bytes (33.4%)
(RDMA_READ_CONSUME_CHECK_CONSUMER) timestamp=7670 ms, used_size=13690880 bytes (33.4%)
(RDMA_READ_CONSUME_CHECK_CONSUMER) timestamp=7670 ms, used_size=13688832 bytes (33.4%)
(RDMA_READ_CONSUME_CHECK_CONSUMER) timestamp=7670 ms, used_size=13686784 bytes (33.4%)
(RDMA_READ_CONSUME_CHECK_CONSUMER) timestamp=7670 ms, used_size=13684736 bytes (33.4%)
(RDMA_READ_CONSUME_CHECK_CONSUMER) timestamp=7670 ms, used_size=13682688 bytes (33.4%)
(RDMA_READ_CONSUME_CHECK_CONSUMER) timestamp=7670 ms, used_size=13680640 bytes (33.4%)
(RDMA_READ_CONSUME_CHECK_CONSUMER) timestamp=7670 ms, used_size=13678592 bytes (33.4%)
(RDMA_READ_CONSUME_CHECK_CONSUMER) timestamp=7670 ms, used_size=13676544 bytes (33.4%)
(RDMA_READ_CONSUME_CHECK_CONSUMER) timestamp=7670 ms, used_size=13674496 bytes (33.4%)
(RDMA_READ_CONSUME_CHECK_CONSUMER) timestamp=7670 ms, used_size=13672448 bytes (33.4%)
(RDMA_READ_CONSUME_CHECK_CONSUMER) timestamp=7670 ms, used_size=13670400 bytes (33.4%)
(RDMA_READ_CONSUME_CHECK_CONSUMER) timestamp=7670 ms, used_size=13668352 bytes (33.4%)
(RDMA_READ_CONSUME_CHECK_CONSUMER) timestamp=7670 ms, used_size=13666304 bytes (33.4%)
(RDMA_READ_CONSUME_CHECK_CONSUMER) timestamp=7670 ms, used_size=13664256 bytes (33.4%)
(RDMA_READ_CONSUME_CHECK_CONSUMER) timestamp=7670 ms, used_size=13662208 bytes (33.4%)
(RDMA_READ_CONSUME_CHECK_CONSUMER) timestamp=7670 ms, used_size=13660160 bytes (33.4%)
(RDMA_READ_CONSUME_CHECK_CONSUMER) timestamp=7670 ms, used_size=13658112 bytes (33.3%)
(RDMA_READ_CONSUME_CHECK_CONSUMER) timestamp=7670 ms, used_size=13656064 bytes (33.3%)
(RDMA_READ_CONSUME_CHECK_CONSUMER) timestamp=7670 ms, used_size=13654016 bytes (33.3%)
(RDMA_READ_CONSUME_CHECK_CONSUMER) timestamp=7670 ms, used_size=13651968 bytes (33.3%)
(RDMA_READ_CONSUME_CHECK_CONSUMER) timestamp=7670 ms, used_size=13649920 bytes (33.3%)
(RDMA_READ_CONSUME_CHECK_CONSUMER) timestamp=7670 ms, used_size=13647872 bytes (33.3%)
(RDMA_READ_CONSUME_CHECK_CONSUMER) timestamp=7670 ms, used_size=13645824 bytes (33.3%)
(RDMA_READ_CONSUME_CHECK_CONSUMER) timestamp=7670 ms, used_size=13643776 bytes (33.3%)
(RDMA_READ_CONSUME_CHECK_CONSUMER) timestamp=7670 ms, used_size=13641728 bytes (33.3%)
(RDMA_READ_CONSUME_CHECK_CONSUMER) timestamp=7670 ms, used_size=13639680 bytes (33.3%)
(RDMA_READ_CONSUME_CHECK_CONSUMER) timestamp=7670 ms, used_size=13637632 bytes (33.3%)
(RDMA_READ_CONSUME_CHECK_CONSUMER) timestamp=7670 ms, used_size=13635584 bytes (33.3%)
(RDMA_READ_CONSUME_CHECK_CONSUMER) timestamp=7670 ms, used_size=13633536 bytes (33.3%)
(RDMA_READ_CONSUME_CHECK_CONSUMER) timestamp=7670 ms, used_size=13631488 bytes (33.3%)
(RDMA_READ_CONSUME_CHECK_CONSUMER) timestamp=7670 ms, used_size=13629440 bytes (33.3%)
(RDMA_READ_CONSUME_CHECK_CONSUMER) timestamp=7670 ms, used_size=13627392 bytes (33.3%)
(RDMA_READ_CONSUME_CHECK_CONSUMER) timestamp=7670 ms, used_size=13625344 bytes (33.3%)
(RDMA_READ_CONSUME_CHECK_CONSUMER) timestamp=7670 ms, used_size=13623296 bytes (33.3%)
(RDMA_READ_CONSUME_CHECK_CONSUMER) timestamp=7670 ms, used_size=13621248 bytes (33.3%)
(RDMA_READ_CONSUME_CHECK_CONSUMER) timestamp=7670 ms, used_size=13619200 bytes (33.2%)
(RDMA_READ_CONSUME_CHECK_CONSUMER) timestamp=7670 ms, used_size=13617152 bytes (33.2%)
(RDMA_READ_CONSUME_CHECK_CONSUMER) timestamp=7670 ms, used_size=13615104 bytes (33.2%)
(RDMA_READ_CONSUME_CHECK_CONSUMER) timestamp=7670 ms, used_size=13613056 bytes (33.2%)
(RDMA_READ_CONSUME_CHECK_CONSUMER) timestamp=7670 ms, used_size=13611008 bytes (33.2%)
(RDMA_READ_CONSUME_CHECK_CONSUMER) timestamp=7670 ms, used_size=13608960 bytes (33.2%)
(RDMA_READ_CONSUME_CHECK_CONSUMER) timestamp=7670 ms, used_size=13606912 bytes (33.2%)
(RDMA_READ_CONSUME_CHECK_CONSUMER) timestamp=7670 ms, used_size=13604864 bytes (33.2%)
(RDMA_READ_CONSUME_CHECK_CONSUMER) timestamp=7670 ms, used_size=13602816 bytes (33.2%)
(RDMA_READ_CONSUME_CHECK_CONSUMER) timestamp=7670 ms, used_size=13600768 bytes (33.2%)
(RDMA_READ_CONSUME_CHECK_CONSUMER) timestamp=7670 ms, used_size=13598720 bytes (33.2%)
(RDMA_READ_CONSUME_CHECK_CONSUMER) timestamp=7670 ms, used_size=13596672 bytes (33.2%)
(RDMA_READ_CONSUME_CHECK_CONSUMER) timestamp=7670 ms, used_size=13594624 bytes (33.2%)
(RDMA_READ_CONSUME_CHECK_CONSUMER) timestamp=7670 ms, used_size=13592576 bytes (33.2%)
(RDMA_READ_CONSUME_CHECK_CONSUMER) timestamp=7670 ms, used_size=13590528 bytes (33.2%)
(RDMA_READ_CONSUME_CHECK_CONSUMER) timestamp=7670 ms, used_size=13588480 bytes (33.2%)
(RDMA_READ_CONSUME_CHECK_CONSUMER) timestamp=7670 ms, used_size=13586432 bytes (33.2%)
(RDMA_READ_CONSUME_CHECK_CONSUMER) timestamp=7670 ms, used_size=13584384 bytes (33.2%)
(RDMA_READ_CONSUME_CHECK_CONSUMER) timestamp=7670 ms, used_size=13582336 bytes (33.2%)
(RDMA_READ_CONSUME_CHECK_CONSUMER) timestamp=7670 ms, used_size=13580288 bytes (33.2%)
(RDMA_READ_CONSUME_CHECK_CONSUMER) timestamp=7670 ms, used_size=13578240 bytes (33.1%)
(RDMA_READ_CONSUME_CHECK_CONSUMER) timestamp=7670 ms, used_size=13576192 bytes (33.1%)
(RDMA_READ_CONSUME_CHECK_CONSUMER) timestamp=7670 ms, used_size=13574144 bytes (33.1%)
(RDMA_READ_CONSUME_CHECK_CONSUMER) timestamp=7670 ms, used_size=13572096 bytes (33.1%)
(RDMA_READ_CONSUME_CHECK_CONSUMER) timestamp=7670 ms, used_size=13570048 bytes (33.1%)
(RDMA_READ_CONSUME_CHECK_CONSUMER) timestamp=7670 ms, used_size=13568000 bytes (33.1%)
(RDMA_READ_CONSUME_CHECK_CONSUMER) timestamp=7670 ms, used_size=13565952 bytes (33.1%)
(RDMA_READ_CONSUME_CHECK_CONSUMER) timestamp=7670 ms, used_size=13563904 bytes (33.1%)
(RDMA_READ_CONSUME_CHECK_CONSUMER) timestamp=7670 ms, used_size=13561856 bytes (33.1%)
(RDMA_READ_CONSUME_CHECK_CONSUMER) timestamp=7670 ms, used_size=13559808 bytes (33.1%)
(RDMA_READ_CONSUME_CHECK_CONSUMER) timestamp=7670 ms, used_size=13557760 bytes (33.1%)
(RDMA_READ_CONSUME_CHECK_CONSUMER) timestamp=7670 ms, used_size=13555712 bytes (33.1%)
(RDMA_READ_CONSUME_CHECK_CONSUMER) timestamp=7670 ms, used_size=13553664 bytes (33.1%)
(RDMA_READ_CONSUME_CHECK_CONSUMER) timestamp=7670 ms, used_size=13551616 bytes (33.1%)
(RDMA_READ_CONSUME_CHECK_CONSUMER) timestamp=7670 ms, used_size=13549568 bytes (33.1%)
(RDMA_READ_CONSUME_CHECK_CONSUMER) timestamp=7670 ms, used_size=13547520 bytes (33.1%)
(RDMA_READ_CONSUME_CHECK_CONSUMER) timestamp=7670 ms, used_size=13545472 bytes (33.1%)
(RDMA_READ_CONSUME_CHECK_CONSUMER) timestamp=7670 ms, used_size=13543424 bytes (33.1%)
(RDMA_READ_CONSUME_CHECK_CONSUMER) timestamp=7670 ms, used_size=13541376 bytes (33.1%)
(RDMA_READ_CONSUME_CHECK_CONSUMER) timestamp=7670 ms, used_size=13539328 bytes (33.1%)
(RDMA_READ_CONSUME_CHECK_CONSUMER) timestamp=7670 ms, used_size=13537280 bytes (33.0%)
(RDMA_READ_CONSUME_CHECK_CONSUMER) timestamp=7670 ms, used_size=13535232 bytes (33.0%)
(RDMA_READ_CONSUME_CHECK_CONSUMER) timestamp=7671 ms, used_size=13533184 bytes (33.0%)
(RDMA_READ_CONSUME_CHECK_CONSUMER) timestamp=7671 ms, used_size=13531136 bytes (33.0%)
(RDMA_READ_CONSUME_CHECK_CONSUMER) timestamp=7671 ms, used_size=13529088 bytes (33.0%)
(RDMA_READ_CONSUME_CHECK_CONSUMER) timestamp=7671 ms, used_size=13527040 bytes (33.0%)
(RDMA_READ_CONSUME_CHECK_CONSUMER) timestamp=7671 ms, used_size=13524992 bytes (33.0%)
(RDMA_READ_CONSUME_CHECK_CONSUMER) timestamp=7671 ms, used_size=13522944 bytes (33.0%)
(RDMA_READ_CONSUME_CHECK_CONSUMER) timestamp=7671 ms, used_size=13520896 bytes (33.0%)
(RDMA_READ_CONSUME_CHECK_CONSUMER) timestamp=7671 ms, used_size=13518848 bytes (33.0%)
(RDMA_READ_CONSUME_CHECK_CONSUMER) timestamp=7671 ms, used_size=13516800 bytes (33.0%)
(RDMA_READ_CONSUME_CHECK_CONSUMER) timestamp=7671 ms, used_size=13514752 bytes (33.0%)
(RDMA_READ_CONSUME_CHECK_CONSUMER) timestamp=7671 ms, used_size=13512704 bytes (33.0%)
(RDMA_READ_CONSUME_CHECK_CONSUMER) timestamp=7671 ms, used_size=13510656 bytes (33.0%)
(RDMA_READ_CONSUME_CHECK_CONSUMER) timestamp=7671 ms, used_size=13508608 bytes (33.0%)
(RDMA_READ_CONSUME_CHECK_CONSUMER) timestamp=7671 ms, used_size=13506560 bytes (33.0%)
(RDMA_READ_CONSUME_CHECK_CONSUMER) timestamp=7671 ms, used_size=13504512 bytes (33.0%)
(RDMA_READ_CONSUME_CHECK_CONSUMER) timestamp=7671 ms, used_size=13502464 bytes (33.0%)
(RDMA_READ_CONSUME_CHECK_CONSUMER) timestamp=7671 ms, used_size=13500416 bytes (33.0%)
(RDMA_READ_CONSUME_CHECK_CONSUMER) timestamp=7671 ms, used_size=13498368 bytes (33.0%)
(RDMA_READ_CONSUME_CHECK_CONSUMER) timestamp=7671 ms, used_size=13496320 bytes (33.0%)
(RDMA_READ_CONSUME_CHECK_CONSUMER) timestamp=7671 ms, used_size=13494272 bytes (32.9%)
(RDMA_READ_CONSUME_CHECK_CONSUMER) timestamp=7671 ms, used_size=13492224 bytes (32.9%)
(RDMA_READ_CONSUME_CHECK_CONSUMER) timestamp=7671 ms, used_size=13490176 bytes (32.9%)
(RDMA_READ_CONSUME_CHECK_CONSUMER) timestamp=7671 ms, used_size=13488128 bytes (32.9%)
(RDMA_READ_CONSUME_CHECK_CONSUMER) timestamp=7671 ms, used_size=13486080 bytes (32.9%)
(RDMA_READ_CONSUME_CHECK_CONSUMER) timestamp=7671 ms, used_size=13484032 bytes (32.9%)
(RDMA_READ_CONSUME_CHECK_CONSUMER) timestamp=7671 ms, used_size=13481984 bytes (32.9%)
(RDMA_READ_CONSUME_CHECK_CONSUMER) timestamp=7671 ms, used_size=13479936 bytes (32.9%)
(RDMA_READ_CONSUME_CHECK_CONSUMER) timestamp=7671 ms, used_size=13477888 bytes (32.9%)
(RDMA_READ_CONSUME_CHECK_CONSUMER) timestamp=7671 ms, used_size=13475840 bytes (32.9%)
(RDMA_READ_CONSUME_CHECK_CONSUMER) timestamp=7671 ms, used_size=13473792 bytes (32.9%)
(RDMA_READ_CONSUME_CHECK_CONSUMER) timestamp=7671 ms, used_size=13471744 bytes (32.9%)
(RDMA_READ_CONSUME_CHECK_CONSUMER) timestamp=7671 ms, used_size=13469696 bytes (32.9%)
(RDMA_READ_CONSUME_CHECK_CONSUMER) timestamp=7671 ms, used_size=13467648 bytes (32.9%)
(RDMA_READ_CONSUME_CHECK_CONSUMER) timestamp=7671 ms, used_size=13465600 bytes (32.9%)
(RDMA_READ_CONSUME_CHECK_CONSUMER) timestamp=7671 ms, used_size=13463552 bytes (32.9%)
(RDMA_READ_CONSUME_CHECK_CONSUMER) timestamp=7671 ms, used_size=13461504 bytes (32.9%)
(RDMA_READ_CONSUME_CHECK_CONSUMER) timestamp=7671 ms, used_size=13459456 bytes (32.9%)
(RDMA_READ_CONSUME_CHECK_CONSUMER) timestamp=7671 ms, used_size=13457408 bytes (32.9%)
(RDMA_READ_CONSUME_CHECK_CONSUMER) timestamp=7671 ms, used_size=13455360 bytes (32.9%)
(RDMA_READ_CONSUME_CHECK_CONSUMER) timestamp=7671 ms, used_size=13453312 bytes (32.8%)
(RDMA_READ_CONSUME_CHECK_CONSUMER) timestamp=7671 ms, used_size=13451264 bytes (32.8%)
(RDMA_READ_CONSUME_CHECK_CONSUMER) timestamp=7671 ms, used_size=13449216 bytes (32.8%)
(RDMA_READ_CONSUME_CHECK_CONSUMER) timestamp=7671 ms, used_size=13447168 bytes (32.8%)
(RDMA_READ_CONSUME_CHECK_CONSUMER) timestamp=7671 ms, used_size=13445120 bytes (32.8%)
(RDMA_READ_CONSUME_CHECK_CONSUMER) timestamp=7671 ms, used_size=13443072 bytes (32.8%)
(RDMA_READ_CONSUME_CHECK_CONSUMER) timestamp=7671 ms, used_size=13441024 bytes (32.8%)
(RDMA_READ_CONSUME_CHECK_CONSUMER) timestamp=7671 ms, used_size=13438976 bytes (32.8%)
(RDMA_READ_CONSUME_CHECK_CONSUMER) timestamp=7671 ms, used_size=13436928 bytes (32.8%)
(RDMA_READ_CONSUME_CHECK_CONSUMER) timestamp=7671 ms, used_size=13434880 bytes (32.8%)
(RDMA_READ_CONSUME_CHECK_CONSUMER) timestamp=7671 ms, used_size=13432832 bytes (32.8%)
(RDMA_READ_CONSUME_CHECK_CONSUMER) timestamp=7671 ms, used_size=13430784 bytes (32.8%)
(RDMA_READ_CONSUME_CHECK_CONSUMER) timestamp=7671 ms, used_size=13428736 bytes (32.8%)
(RDMA_READ_CONSUME_CHECK_CONSUMER) timestamp=7671 ms, used_size=13426688 bytes (32.8%)
(RDMA_READ_CONSUME_CHECK_CONSUMER) timestamp=7671 ms, used_size=13424640 bytes (32.8%)
(RDMA_READ_CONSUME_CHECK_CONSUMER) timestamp=7671 ms, used_size=13422592 bytes (32.8%)
(RDMA_READ_CONSUME_CHECK_CONSUMER) timestamp=7671 ms, used_size=13420544 bytes (32.8%)
(RDMA_READ_CONSUME_CHECK_CONSUMER) timestamp=7671 ms, used_size=13418496 bytes (32.8%)
(RDMA_READ_CONSUME_CHECK_CONSUMER) timestamp=7671 ms, used_size=13416448 bytes (32.8%)
(RDMA_READ_CONSUME_CHECK_CONSUMER) timestamp=7671 ms, used_size=13414400 bytes (32.8%)
(RDMA_READ_CONSUME_CHECK_CONSUMER) timestamp=7671 ms, used_size=13412352 bytes (32.7%)
(RDMA_READ_CONSUME_CHECK_CONSUMER) timestamp=7671 ms, used_size=13410304 bytes (32.7%)
(RDMA_READ_CONSUME_CHECK_CONSUMER) timestamp=7671 ms, used_size=13408256 bytes (32.7%)
(RDMA_READ_CONSUME_CHECK_CONSUMER) timestamp=7671 ms, used_size=13406208 bytes (32.7%)
(RDMA_READ_CONSUME_CHECK_CONSUMER) timestamp=7671 ms, used_size=13404160 bytes (32.7%)
(RDMA_READ_CONSUME_CHECK_CONSUMER) timestamp=7671 ms, used_size=13402112 bytes (32.7%)
(RDMA_READ_CONSUME_CHECK_CONSUMER) timestamp=7671 ms, used_size=13400064 bytes (32.7%)
(RDMA_READ_CONSUME_CHECK_CONSUMER) timestamp=7671 ms, used_size=13398016 bytes (32.7%)
(RDMA_READ_CONSUME_CHECK_CONSUMER) timestamp=7671 ms, used_size=13395968 bytes (32.7%)
(RDMA_READ_CONSUME_CHECK_CONSUMER) timestamp=7671 ms, used_size=13393920 bytes (32.7%)
(RDMA_READ_CONSUME_CHECK_CONSUMER) timestamp=7671 ms, used_size=13391872 bytes (32.7%)
(RDMA_READ_CONSUME_CHECK_CONSUMER) timestamp=7671 ms, used_size=13389824 bytes (32.7%)
(RDMA_READ_CONSUME_CHECK_CONSUMER) timestamp=7671 ms, used_size=13387776 bytes (32.7%)
(RDMA_READ_CONSUME_CHECK_CONSUMER) timestamp=7671 ms, used_size=13385728 bytes (32.7%)
(RDMA_READ_CONSUME_CHECK_CONSUMER) timestamp=7671 ms, used_size=13383680 bytes (32.7%)
(RDMA_READ_CONSUME_CHECK_CONSUMER) timestamp=7671 ms, used_size=13381632 bytes (32.7%)
(RDMA_READ_CONSUME_CHECK_CONSUMER) timestamp=7671 ms, used_size=13379584 bytes (32.7%)
(RDMA_READ_CONSUME_CHECK_CONSUMER) timestamp=7671 ms, used_size=13377536 bytes (32.7%)
(RDMA_READ_CONSUME_CHECK_CONSUMER) timestamp=7671 ms, used_size=13375488 bytes (32.7%)
(RDMA_READ_CONSUME_CHECK_CONSUMER) timestamp=7671 ms, used_size=13373440 bytes (32.6%)
(RDMA_READ_CONSUME_CHECK_CONSUMER) timestamp=7671 ms, used_size=13371392 bytes (32.6%)
(RDMA_READ_CONSUME_CHECK_CONSUMER) timestamp=7671 ms, used_size=13369344 bytes (32.6%)
(RDMA_READ_CONSUME_CHECK_CONSUMER) timestamp=7671 ms, used_size=13367296 bytes (32.6%)
(RDMA_READ_CONSUME_CHECK_CONSUMER) timestamp=7671 ms, used_size=13365248 bytes (32.6%)
(RDMA_READ_CONSUME_CHECK_CONSUMER) timestamp=7671 ms, used_size=13363200 bytes (32.6%)
(RDMA_READ_CONSUME_CHECK_CONSUMER) timestamp=7671 ms, used_size=13361152 bytes (32.6%)
(RDMA_READ_CONSUME_CHECK_CONSUMER) timestamp=7671 ms, used_size=13359104 bytes (32.6%)
(RDMA_READ_CONSUME_CHECK_CONSUMER) timestamp=7671 ms, used_size=13357056 bytes (32.6%)
(RDMA_READ_CONSUME_CHECK_CONSUMER) timestamp=7671 ms, used_size=13355008 bytes (32.6%)
(RDMA_READ_CONSUME_CHECK_CONSUMER) timestamp=7671 ms, used_size=13352960 bytes (32.6%)
(RDMA_READ_CONSUME_CHECK_CONSUMER) timestamp=7671 ms, used_size=13350912 bytes (32.6%)
(RDMA_READ_CONSUME_CHECK_CONSUMER) timestamp=7671 ms, used_size=13348864 bytes (32.6%)
(RDMA_READ_CONSUME_CHECK_CONSUMER) timestamp=7671 ms, used_size=13346816 bytes (32.6%)
(RDMA_READ_CONSUME_CHECK_CONSUMER) timestamp=7671 ms, used_size=13344768 bytes (32.6%)
(RDMA_READ_CONSUME_CHECK_CONSUMER) timestamp=7671 ms, used_size=13342720 bytes (32.6%)
(RDMA_READ_CONSUME_CHECK_CONSUMER) timestamp=7671 ms, used_size=13340672 bytes (32.6%)
(RDMA_READ_CONSUME_CHECK_CONSUMER) timestamp=7671 ms, used_size=13338624 bytes (32.6%)
(RDMA_READ_CONSUME_CHECK_CONSUMER) timestamp=7671 ms, used_size=13336576 bytes (32.6%)
(RDMA_READ_CONSUME_CHECK_CONSUMER) timestamp=7671 ms, used_size=13334528 bytes (32.6%)
(RDMA_READ_CONSUME_CHECK_CONSUMER) timestamp=7671 ms, used_size=13332480 bytes (32.5%)
(RDMA_READ_CONSUME_CHECK_CONSUMER) timestamp=7671 ms, used_size=13330432 bytes (32.5%)
(RDMA_READ_CONSUME_CHECK_CONSUMER) timestamp=7671 ms, used_size=13328384 bytes (32.5%)
(RDMA_READ_CONSUME_CHECK_CONSUMER) timestamp=7671 ms, used_size=13326336 bytes (32.5%)
(RDMA_READ_CONSUME_CHECK_CONSUMER) timestamp=7671 ms, used_size=13324288 bytes (32.5%)
(RDMA_READ_CONSUME_CHECK_CONSUMER) timestamp=7671 ms, used_size=13322240 bytes (32.5%)
(RDMA_READ_CONSUME_CHECK_CONSUMER) timestamp=7671 ms, used_size=13320192 bytes (32.5%)
(RDMA_READ_CONSUME_CHECK_CONSUMER) timestamp=7671 ms, used_size=13318144 bytes (32.5%)
(RDMA_READ_CONSUME_CHECK_CONSUMER) timestamp=7671 ms, used_size=13316096 bytes (32.5%)
(RDMA_READ_CONSUME_CHECK_CONSUMER) timestamp=7671 ms, used_size=13314048 bytes (32.5%)
(RDMA_READ_CONSUME_CHECK_CONSUMER) timestamp=7671 ms, used_size=13312000 bytes (32.5%)
(RDMA_READ_CONSUME_CHECK_CONSUMER) timestamp=7671 ms, used_size=13309952 bytes (32.5%)
(RDMA_READ_CONSUME_CHECK_CONSUMER) timestamp=7671 ms, used_size=13307904 bytes (32.5%)
(RDMA_READ_CONSUME_CHECK_CONSUMER) timestamp=7671 ms, used_size=13305856 bytes (32.5%)
(RDMA_READ_CONSUME_CHECK_CONSUMER) timestamp=7671 ms, used_size=13303808 bytes (32.5%)
(RDMA_READ_CONSUME_CHECK_CONSUMER) timestamp=7671 ms, used_size=13301760 bytes (32.5%)
(RDMA_READ_CONSUME_CHECK_CONSUMER) timestamp=7671 ms, used_size=13299712 bytes (32.5%)
(RDMA_READ_CONSUME_CHECK_CONSUMER) timestamp=7671 ms, used_size=13297664 bytes (32.5%)
(RDMA_READ_CONSUME_CHECK_CONSUMER) timestamp=7671 ms, used_size=13295616 bytes (32.5%)
(RDMA_READ_CONSUME_CHECK_CONSUMER) timestamp=7671 ms, used_size=13293568 bytes (32.5%)
(RDMA_READ_CONSUME_CHECK_CONSUMER) timestamp=7671 ms, used_size=13291520 bytes (32.5%)
(RDMA_READ_CONSUME_CHECK_CONSUMER) timestamp=7671 ms, used_size=13289472 bytes (32.4%)
(RDMA_READ_CONSUME_CHECK_CONSUMER) timestamp=7671 ms, used_size=13287424 bytes (32.4%)
(RDMA_READ_CONSUME_CHECK_CONSUMER) timestamp=7671 ms, used_size=13285376 bytes (32.4%)
(RDMA_READ_CONSUME_CHECK_CONSUMER) timestamp=7671 ms, used_size=13283328 bytes (32.4%)
(RDMA_READ_CONSUME_CHECK_CONSUMER) timestamp=7671 ms, used_size=13281280 bytes (32.4%)
(RDMA_READ_CONSUME_CHECK_CONSUMER) timestamp=7671 ms, used_size=13279232 bytes (32.4%)
(RDMA_READ_CONSUME_CHECK_CONSUMER) timestamp=7671 ms, used_size=13277184 bytes (32.4%)
(RDMA_READ_CONSUME_CHECK_CONSUMER) timestamp=7671 ms, used_size=13275136 bytes (32.4%)
(RDMA_READ_CONSUME_CHECK_CONSUMER) timestamp=7671 ms, used_size=13273088 bytes (32.4%)
(RDMA_READ_CONSUME_CHECK_CONSUMER) timestamp=7671 ms, used_size=13271040 bytes (32.4%)
(RDMA_READ_CONSUME_CHECK_CONSUMER) timestamp=7671 ms, used_size=13268992 bytes (32.4%)
(RDMA_READ_CONSUME_CHECK_CONSUMER) timestamp=7671 ms, used_size=13266944 bytes (32.4%)
(RDMA_READ_CONSUME_CHECK_CONSUMER) timestamp=7671 ms, used_size=13264896 bytes (32.4%)
(RDMA_READ_CONSUME_CHECK_CONSUMER) timestamp=7671 ms, used_size=13262848 bytes (32.4%)
(RDMA_READ_CONSUME_CHECK_CONSUMER) timestamp=7671 ms, used_size=13260800 bytes (32.4%)
(RDMA_READ_CONSUME_CHECK_CONSUMER) timestamp=7671 ms, used_size=13258752 bytes (32.4%)
(RDMA_READ_CONSUME_CHECK_CONSUMER) timestamp=7671 ms, used_size=13256704 bytes (32.4%)
(RDMA_READ_CONSUME_CHECK_CONSUMER) timestamp=7671 ms, used_size=13254656 bytes (32.4%)
(RDMA_READ_CONSUME_CHECK_CONSUMER) timestamp=7671 ms, used_size=13252608 bytes (32.4%)
(RDMA_READ_CONSUME_CHECK_CONSUMER) timestamp=7671 ms, used_size=13250560 bytes (32.4%)
(RDMA_READ_CONSUME_CHECK_CONSUMER) timestamp=7671 ms, used_size=13248512 bytes (32.3%)
(RDMA_READ_CONSUME_CHECK_CONSUMER) timestamp=7671 ms, used_size=13246464 bytes (32.3%)
(RDMA_READ_CONSUME_CHECK_CONSUMER) timestamp=7671 ms, used_size=13244416 bytes (32.3%)
(RDMA_READ_CONSUME_CHECK_CONSUMER) timestamp=7671 ms, used_size=13242368 bytes (32.3%)
(RDMA_READ_CONSUME_CHECK_CONSUMER) timestamp=7671 ms, used_size=13240320 bytes (32.3%)
(RDMA_READ_CONSUME_CHECK_CONSUMER) timestamp=7671 ms, used_size=13238272 bytes (32.3%)
(RDMA_READ_CONSUME_CHECK_CONSUMER) timestamp=7671 ms, used_size=13236224 bytes (32.3%)
(RDMA_READ_CONSUME_CHECK_CONSUMER) timestamp=7671 ms, used_size=13234176 bytes (32.3%)
(RDMA_READ_CONSUME_CHECK_CONSUMER) timestamp=7671 ms, used_size=13232128 bytes (32.3%)
(RDMA_READ_CONSUME_CHECK_CONSUMER) timestamp=7671 ms, used_size=13230080 bytes (32.3%)
(RDMA_READ_CONSUME_CHECK_CONSUMER) timestamp=7671 ms, used_size=13228032 bytes (32.3%)
(RDMA_READ_CONSUME_CHECK_CONSUMER) timestamp=7671 ms, used_size=13225984 bytes (32.3%)
(RDMA_READ_CONSUME_CHECK_CONSUMER) timestamp=7671 ms, used_size=13223936 bytes (32.3%)
(RDMA_READ_CONSUME_CHECK_CONSUMER) timestamp=7671 ms, used_size=13221888 bytes (32.3%)
(RDMA_READ_CONSUME_CHECK_CONSUMER) timestamp=7671 ms, used_size=13219840 bytes (32.3%)
(RDMA_READ_CONSUME_CHECK_CONSUMER) timestamp=7671 ms, used_size=13217792 bytes (32.3%)
(RDMA_READ_CONSUME_CHECK_CONSUMER) timestamp=7671 ms, used_size=13215744 bytes (32.3%)
(RDMA_READ_CONSUME_CHECK_CONSUMER) timestamp=7671 ms, used_size=13213696 bytes (32.3%)
(RDMA_READ_CONSUME_CHECK_CONSUMER) timestamp=7671 ms, used_size=13211648 bytes (32.3%)
(RDMA_READ_CONSUME_CHECK_CONSUMER) timestamp=7671 ms, used_size=13209600 bytes (32.2%)
(RDMA_READ_CONSUME_CHECK_CONSUMER) timestamp=7671 ms, used_size=13207552 bytes (32.2%)
(RDMA_READ_CONSUME_CHECK_CONSUMER) timestamp=7671 ms, used_size=13205504 bytes (32.2%)
(RDMA_READ_CONSUME_CHECK_CONSUMER) timestamp=7671 ms, used_size=13203456 bytes (32.2%)
(RDMA_READ_CONSUME_CHECK_CONSUMER) timestamp=7671 ms, used_size=13201408 bytes (32.2%)
(RDMA_READ_CONSUME_CHECK_CONSUMER) timestamp=7671 ms, used_size=13199360 bytes (32.2%)
(RDMA_READ_CONSUME_CHECK_CONSUMER) timestamp=7671 ms, used_size=13197312 bytes (32.2%)
(RDMA_READ_CONSUME_CHECK_CONSUMER) timestamp=7671 ms, used_size=13195264 bytes (32.2%)
(RDMA_READ_CONSUME_CHECK_CONSUMER) timestamp=7671 ms, used_size=13193216 bytes (32.2%)
(RDMA_READ_CONSUME_CHECK_CONSUMER) timestamp=7671 ms, used_size=13191168 bytes (32.2%)
(RDMA_READ_CONSUME_CHECK_CONSUMER) timestamp=7671 ms, used_size=13189120 bytes (32.2%)
(RDMA_READ_CONSUME_CHECK_CONSUMER) timestamp=7671 ms, used_size=13187072 bytes (32.2%)
(RDMA_READ_CONSUME_CHECK_CONSUMER) timestamp=7671 ms, used_size=13185024 bytes (32.2%)
(RDMA_READ_CONSUME_CHECK_CONSUMER) timestamp=7671 ms, used_size=13182976 bytes (32.2%)
(RDMA_READ_CONSUME_CHECK_CONSUMER) timestamp=7671 ms, used_size=13180928 bytes (32.2%)
(RDMA_READ_CONSUME_CHECK_CONSUMER) timestamp=7671 ms, used_size=13178880 bytes (32.2%)
(RDMA_READ_CONSUME_CHECK_CONSUMER) timestamp=7671 ms, used_size=13176832 bytes (32.2%)
(RDMA_READ_CONSUME_CHECK_CONSUMER) timestamp=7671 ms, used_size=13174784 bytes (32.2%)
(RDMA_READ_CONSUME_CHECK_CONSUMER) timestamp=7671 ms, used_size=13172736 bytes (32.2%)
(RDMA_READ_CONSUME_CHECK_CONSUMER) timestamp=7671 ms, used_size=13170688 bytes (32.2%)
(RDMA_READ_CONSUME_CHECK_CONSUMER) timestamp=7671 ms, used_size=13168640 bytes (32.1%)
(RDMA_READ_CONSUME_CHECK_CONSUMER) timestamp=7671 ms, used_size=13166592 bytes (32.1%)
(RDMA_READ_CONSUME_CHECK_CONSUMER) timestamp=7671 ms, used_size=13164544 bytes (32.1%)
(RDMA_READ_CONSUME_CHECK_CONSUMER) timestamp=7671 ms, used_size=13162496 bytes (32.1%)
(RDMA_READ_CONSUME_CHECK_CONSUMER) timestamp=7672 ms, used_size=13160448 bytes (32.1%)
(RDMA_READ_CONSUME_CHECK_CONSUMER) timestamp=7672 ms, used_size=13158400 bytes (32.1%)
(RDMA_READ_CONSUME_CHECK_CONSUMER) timestamp=7672 ms, used_size=13156352 bytes (32.1%)
(RDMA_READ_CONSUME_CHECK_CONSUMER) timestamp=7672 ms, used_size=13154304 bytes (32.1%)
(RDMA_READ_CONSUME_CHECK_CONSUMER) timestamp=7672 ms, used_size=13152256 bytes (32.1%)
(RDMA_READ_CONSUME_CHECK_CONSUMER) timestamp=7672 ms, used_size=13150208 bytes (32.1%)
(RDMA_READ_CONSUME_CHECK_CONSUMER) timestamp=7672 ms, used_size=13148160 bytes (32.1%)
(RDMA_READ_CONSUME_CHECK_CONSUMER) timestamp=7672 ms, used_size=13146112 bytes (32.1%)
(RDMA_READ_CONSUME_CHECK_CONSUMER) timestamp=7672 ms, used_size=13144064 bytes (32.1%)
(RDMA_READ_CONSUME_CHECK_CONSUMER) timestamp=7672 ms, used_size=13142016 bytes (32.1%)
(RDMA_READ_CONSUME_CHECK_CONSUMER) timestamp=7672 ms, used_size=13139968 bytes (32.1%)
(RDMA_READ_CONSUME_CHECK_CONSUMER) timestamp=7672 ms, used_size=13137920 bytes (32.1%)
(RDMA_READ_CONSUME_CHECK_CONSUMER) timestamp=7672 ms, used_size=13135872 bytes (32.1%)
(RDMA_READ_CONSUME_CHECK_CONSUMER) timestamp=7672 ms, used_size=13133824 bytes (32.1%)
(RDMA_READ_CONSUME_CHECK_CONSUMER) timestamp=7672 ms, used_size=13131776 bytes (32.1%)
(RDMA_READ_CONSUME_CHECK_CONSUMER) timestamp=7672 ms, used_size=13129728 bytes (32.1%)
(RDMA_READ_CONSUME_CHECK_CONSUMER) timestamp=7672 ms, used_size=13127680 bytes (32.0%)
(RDMA_READ_CONSUME_CHECK_CONSUMER) timestamp=7672 ms, used_size=13125632 bytes (32.0%)
(RDMA_READ_CONSUME_CHECK_CONSUMER) timestamp=7672 ms, used_size=13123584 bytes (32.0%)
(RDMA_READ_CONSUME_CHECK_CONSUMER) timestamp=7672 ms, used_size=13121536 bytes (32.0%)
(RDMA_READ_CONSUME_CHECK_CONSUMER) timestamp=7672 ms, used_size=13119488 bytes (32.0%)
(RDMA_READ_CONSUME_CHECK_CONSUMER) timestamp=7672 ms, used_size=13117440 bytes (32.0%)
(RDMA_READ_CONSUME_CHECK_CONSUMER) timestamp=7672 ms, used_size=13115392 bytes (32.0%)
(RDMA_READ_CONSUME_CHECK_CONSUMER) timestamp=7672 ms, used_size=13113344 bytes (32.0%)
(RDMA_READ_CONSUME_CHECK_CONSUMER) timestamp=7672 ms, used_size=13111296 bytes (32.0%)
(RDMA_READ_CONSUME_CHECK_CONSUMER) timestamp=7672 ms, used_size=13109248 bytes (32.0%)
(RDMA_READ_CONSUME_CHECK_CONSUMER) timestamp=7672 ms, used_size=13107200 bytes (32.0%)
(RDMA_READ_CONSUME_CHECK_CONSUMER) timestamp=7672 ms, used_size=13105152 bytes (32.0%)
(RDMA_READ_CONSUME_CHECK_CONSUMER) timestamp=7672 ms, used_size=13103104 bytes (32.0%)
(RDMA_READ_CONSUME_CHECK_CONSUMER) timestamp=7672 ms, used_size=13101056 bytes (32.0%)
(RDMA_READ_CONSUME_CHECK_CONSUMER) timestamp=7672 ms, used_size=13099008 bytes (32.0%)
(RDMA_READ_CONSUME_CHECK_CONSUMER) timestamp=7672 ms, used_size=13096960 bytes (32.0%)
(RDMA_READ_CONSUME_CHECK_CONSUMER) timestamp=7672 ms, used_size=13094912 bytes (32.0%)
(RDMA_READ_CONSUME_CHECK_CONSUMER) timestamp=7672 ms, used_size=13092864 bytes (32.0%)
(RDMA_READ_CONSUME_CHECK_CONSUMER) timestamp=7672 ms, used_size=13090816 bytes (32.0%)
(RDMA_READ_CONSUME_CHECK_CONSUMER) timestamp=7672 ms, used_size=13088768 bytes (32.0%)
(RDMA_READ_CONSUME_CHECK_CONSUMER) timestamp=7672 ms, used_size=13086720 bytes (31.9%)
(RDMA_READ_CONSUME_CHECK_CONSUMER) timestamp=7672 ms, used_size=13084672 bytes (31.9%)
(RDMA_READ_CONSUME_CHECK_CONSUMER) timestamp=7672 ms, used_size=13082624 bytes (31.9%)
(RDMA_READ_CONSUME_CHECK_CONSUMER) timestamp=7672 ms, used_size=13080576 bytes (31.9%)
(RDMA_READ_CONSUME_CHECK_CONSUMER) timestamp=7672 ms, used_size=13078528 bytes (31.9%)
(RDMA_READ_CONSUME_CHECK_CONSUMER) timestamp=7672 ms, used_size=13076480 bytes (31.9%)
(RDMA_READ_CONSUME_CHECK_CONSUMER) timestamp=7672 ms, used_size=13074432 bytes (31.9%)
(RDMA_READ_CONSUME_CHECK_CONSUMER) timestamp=7672 ms, used_size=13072384 bytes (31.9%)
(RDMA_READ_CONSUME_CHECK_CONSUMER) timestamp=7672 ms, used_size=13070336 bytes (31.9%)
(RDMA_READ_CONSUME_CHECK_CONSUMER) timestamp=7672 ms, used_size=13068288 bytes (31.9%)
(RDMA_READ_CONSUME_CHECK_CONSUMER) timestamp=7672 ms, used_size=13066240 bytes (31.9%)
(RDMA_READ_CONSUME_CHECK_CONSUMER) timestamp=7672 ms, used_size=13064192 bytes (31.9%)
(RDMA_READ_CONSUME_CHECK_CONSUMER) timestamp=7672 ms, used_size=13062144 bytes (31.9%)
(RDMA_READ_CONSUME_CHECK_CONSUMER) timestamp=7672 ms, used_size=13060096 bytes (31.9%)
(RDMA_READ_CONSUME_CHECK_CONSUMER) timestamp=7672 ms, used_size=13058048 bytes (31.9%)
(RDMA_READ_CONSUME_CHECK_CONSUMER) timestamp=7672 ms, used_size=13056000 bytes (31.9%)
(RDMA_READ_CONSUME_CHECK_CONSUMER) timestamp=7672 ms, used_size=13053952 bytes (31.9%)
(RDMA_READ_CONSUME_CHECK_CONSUMER) timestamp=7672 ms, used_size=13051904 bytes (31.9%)
(RDMA_READ_CONSUME_CHECK_CONSUMER) timestamp=7672 ms, used_size=13049856 bytes (31.9%)
(RDMA_READ_CONSUME_CHECK_CONSUMER) timestamp=7672 ms, used_size=13047808 bytes (31.9%)
(RDMA_READ_CONSUME_CHECK_CONSUMER) timestamp=7672 ms, used_size=13045760 bytes (31.9%)
(RDMA_READ_CONSUME_CHECK_CONSUMER) timestamp=7672 ms, used_size=13043712 bytes (31.8%)
(RDMA_READ_CONSUME_CHECK_CONSUMER) timestamp=7672 ms, used_size=13041664 bytes (31.8%)
(RDMA_READ_CONSUME_CHECK_CONSUMER) timestamp=7672 ms, used_size=13039616 bytes (31.8%)
(RDMA_READ_CONSUME_CHECK_CONSUMER) timestamp=7672 ms, used_size=13037568 bytes (31.8%)
(RDMA_READ_CONSUME_CHECK_CONSUMER) timestamp=7672 ms, used_size=13035520 bytes (31.8%)
(RDMA_READ_CONSUME_CHECK_CONSUMER) timestamp=7672 ms, used_size=13033472 bytes (31.8%)
(RDMA_READ_CONSUME_CHECK_CONSUMER) timestamp=7672 ms, used_size=13031424 bytes (31.8%)
(RDMA_READ_CONSUME_CHECK_CONSUMER) timestamp=7672 ms, used_size=13029376 bytes (31.8%)
(RDMA_READ_CONSUME_CHECK_CONSUMER) timestamp=7672 ms, used_size=13027328 bytes (31.8%)
(RDMA_READ_CONSUME_CHECK_CONSUMER) timestamp=7672 ms, used_size=13025280 bytes (31.8%)
(RDMA_READ_CONSUME_CHECK_CONSUMER) timestamp=7672 ms, used_size=13023232 bytes (31.8%)
(RDMA_READ_CONSUME_CHECK_CONSUMER) timestamp=7672 ms, used_size=13021184 bytes (31.8%)
(RDMA_READ_CONSUME_CHECK_CONSUMER) timestamp=7672 ms, used_size=13019136 bytes (31.8%)
(RDMA_READ_CONSUME_CHECK_CONSUMER) timestamp=7672 ms, used_size=13017088 bytes (31.8%)
(RDMA_READ_CONSUME_CHECK_CONSUMER) timestamp=7672 ms, used_size=13015040 bytes (31.8%)
(RDMA_READ_CONSUME_CHECK_CONSUMER) timestamp=7672 ms, used_size=13012992 bytes (31.8%)
(RDMA_READ_CONSUME_CHECK_CONSUMER) timestamp=7672 ms, used_size=13010944 bytes (31.8%)
(RDMA_READ_CONSUME_CHECK_CONSUMER) timestamp=7672 ms, used_size=13008896 bytes (31.8%)
(RDMA_READ_CONSUME_CHECK_CONSUMER) timestamp=7672 ms, used_size=13006848 bytes (31.8%)
(RDMA_READ_CONSUME_CHECK_CONSUMER) timestamp=7672 ms, used_size=13004800 bytes (31.8%)
(RDMA_READ_CONSUME_CHECK_CONSUMER) timestamp=7672 ms, used_size=13002752 bytes (31.7%)
(RDMA_READ_CONSUME_CHECK_CONSUMER) timestamp=7672 ms, used_size=13000704 bytes (31.7%)
(RDMA_READ_CONSUME_CHECK_CONSUMER) timestamp=7672 ms, used_size=12998656 bytes (31.7%)
(RDMA_READ_CONSUME_CHECK_CONSUMER) timestamp=7672 ms, used_size=12996608 bytes (31.7%)
(RDMA_READ_CONSUME_CHECK_CONSUMER) timestamp=7672 ms, used_size=12994560 bytes (31.7%)
(RDMA_READ_CONSUME_CHECK_CONSUMER) timestamp=7672 ms, used_size=12992512 bytes (31.7%)
(RDMA_READ_CONSUME_CHECK_CONSUMER) timestamp=7672 ms, used_size=12990464 bytes (31.7%)
(RDMA_READ_CONSUME_CHECK_CONSUMER) timestamp=7672 ms, used_size=12988416 bytes (31.7%)
(RDMA_READ_CONSUME_CHECK_CONSUMER) timestamp=7672 ms, used_size=12986368 bytes (31.7%)
(RDMA_READ_CONSUME_CHECK_CONSUMER) timestamp=7672 ms, used_size=12984320 bytes (31.7%)
(RDMA_READ_CONSUME_CHECK_CONSUMER) timestamp=7672 ms, used_size=12982272 bytes (31.7%)
(RDMA_READ_CONSUME_CHECK_CONSUMER) timestamp=7672 ms, used_size=12980224 bytes (31.7%)
(RDMA_READ_CONSUME_CHECK_CONSUMER) timestamp=7672 ms, used_size=12978176 bytes (31.7%)
(RDMA_READ_CONSUME_CHECK_CONSUMER) timestamp=7672 ms, used_size=12976128 bytes (31.7%)
(RDMA_READ_CONSUME_CHECK_CONSUMER) timestamp=7672 ms, used_size=12974080 bytes (31.7%)
(RDMA_READ_CONSUME_CHECK_CONSUMER) timestamp=7672 ms, used_size=12972032 bytes (31.7%)
(RDMA_READ_CONSUME_CHECK_CONSUMER) timestamp=7672 ms, used_size=12969984 bytes (31.7%)
(RDMA_READ_CONSUME_CHECK_CONSUMER) timestamp=7672 ms, used_size=12967936 bytes (31.7%)
(RDMA_READ_CONSUME_CHECK_CONSUMER) timestamp=7672 ms, used_size=12965888 bytes (31.7%)
(RDMA_READ_CONSUME_CHECK_CONSUMER) timestamp=7672 ms, used_size=12963840 bytes (31.6%)
(RDMA_READ_CONSUME_CHECK_CONSUMER) timestamp=7672 ms, used_size=12961792 bytes (31.6%)
(RDMA_READ_CONSUME_CHECK_CONSUMER) timestamp=7672 ms, used_size=12959744 bytes (31.6%)
(RDMA_READ_CONSUME_CHECK_CONSUMER) timestamp=7672 ms, used_size=12957696 bytes (31.6%)
(RDMA_READ_CONSUME_CHECK_CONSUMER) timestamp=7672 ms, used_size=12955648 bytes (31.6%)
(RDMA_READ_CONSUME_CHECK_CONSUMER) timestamp=7672 ms, used_size=12953600 bytes (31.6%)
(RDMA_READ_CONSUME_CHECK_CONSUMER) timestamp=7672 ms, used_size=12951552 bytes (31.6%)
(RDMA_READ_CONSUME_CHECK_CONSUMER) timestamp=7672 ms, used_size=12949504 bytes (31.6%)
(RDMA_READ_CONSUME_CHECK_CONSUMER) timestamp=7672 ms, used_size=12947456 bytes (31.6%)
(RDMA_READ_CONSUME_CHECK_CONSUMER) timestamp=7672 ms, used_size=12945408 bytes (31.6%)
(RDMA_READ_CONSUME_CHECK_CONSUMER) timestamp=7672 ms, used_size=12943360 bytes (31.6%)
(RDMA_READ_CONSUME_CHECK_CONSUMER) timestamp=7672 ms, used_size=12941312 bytes (31.6%)
(RDMA_READ_CONSUME_CHECK_CONSUMER) timestamp=7672 ms, used_size=12939264 bytes (31.6%)
(RDMA_READ_CONSUME_CHECK_CONSUMER) timestamp=7672 ms, used_size=12937216 bytes (31.6%)
(RDMA_READ_CONSUME_CHECK_CONSUMER) timestamp=7672 ms, used_size=12935168 bytes (31.6%)
(RDMA_READ_CONSUME_CHECK_CONSUMER) timestamp=7672 ms, used_size=12933120 bytes (31.6%)
(RDMA_READ_CONSUME_CHECK_CONSUMER) timestamp=7672 ms, used_size=12931072 bytes (31.6%)
(RDMA_READ_CONSUME_CHECK_CONSUMER) timestamp=7672 ms, used_size=12929024 bytes (31.6%)
(RDMA_READ_CONSUME_CHECK_CONSUMER) timestamp=7672 ms, used_size=12926976 bytes (31.6%)
(RDMA_READ_CONSUME_CHECK_CONSUMER) timestamp=7672 ms, used_size=12924928 bytes (31.6%)
(RDMA_READ_CONSUME_CHECK_CONSUMER) timestamp=7672 ms, used_size=12922880 bytes (31.6%)
(RDMA_READ_CONSUME_CHECK_CONSUMER) timestamp=7672 ms, used_size=12920832 bytes (31.5%)
(RDMA_READ_CONSUME_CHECK_CONSUMER) timestamp=7672 ms, used_size=12918784 bytes (31.5%)
(RDMA_READ_CONSUME_CHECK_CONSUMER) timestamp=7672 ms, used_size=12916736 bytes (31.5%)
(RDMA_READ_CONSUME_CHECK_CONSUMER) timestamp=7672 ms, used_size=12914688 bytes (31.5%)
(RDMA_READ_CONSUME_CHECK_CONSUMER) timestamp=7672 ms, used_size=12912640 bytes (31.5%)
(RDMA_READ_CONSUME_CHECK_CONSUMER) timestamp=7672 ms, used_size=12910592 bytes (31.5%)
(RDMA_READ_CONSUME_CHECK_CONSUMER) timestamp=7672 ms, used_size=12908544 bytes (31.5%)
(RDMA_READ_CONSUME_CHECK_CONSUMER) timestamp=7672 ms, used_size=12906496 bytes (31.5%)
(RDMA_READ_CONSUME_CHECK_CONSUMER) timestamp=7672 ms, used_size=12904448 bytes (31.5%)
(RDMA_READ_CONSUME_CHECK_CONSUMER) timestamp=7672 ms, used_size=12902400 bytes (31.5%)
(RDMA_READ_CONSUME_CHECK_CONSUMER) timestamp=7672 ms, used_size=12900352 bytes (31.5%)
(RDMA_READ_CONSUME_CHECK_CONSUMER) timestamp=7672 ms, used_size=12898304 bytes (31.5%)
(RDMA_READ_CONSUME_CHECK_CONSUMER) timestamp=7672 ms, used_size=12896256 bytes (31.5%)
(RDMA_READ_CONSUME_CHECK_CONSUMER) timestamp=7672 ms, used_size=12894208 bytes (31.5%)
(RDMA_READ_CONSUME_CHECK_CONSUMER) timestamp=7672 ms, used_size=12892160 bytes (31.5%)
(RDMA_READ_CONSUME_CHECK_CONSUMER) timestamp=7672 ms, used_size=12890112 bytes (31.5%)
(RDMA_READ_CONSUME_CHECK_CONSUMER) timestamp=7672 ms, used_size=12888064 bytes (31.5%)
(RDMA_READ_CONSUME_CHECK_CONSUMER) timestamp=7672 ms, used_size=12886016 bytes (31.5%)
(RDMA_READ_CONSUME_CHECK_CONSUMER) timestamp=7672 ms, used_size=12883968 bytes (31.5%)
(RDMA_READ_CONSUME_CHECK_CONSUMER) timestamp=7672 ms, used_size=12881920 bytes (31.4%)
(RDMA_READ_CONSUME_CHECK_CONSUMER) timestamp=7672 ms, used_size=12879872 bytes (31.4%)
(RDMA_READ_CONSUME_CHECK_CONSUMER) timestamp=7672 ms, used_size=12877824 bytes (31.4%)
(RDMA_READ_CONSUME_CHECK_CONSUMER) timestamp=7672 ms, used_size=12875776 bytes (31.4%)
(RDMA_READ_CONSUME_CHECK_CONSUMER) timestamp=7672 ms, used_size=12873728 bytes (31.4%)
(RDMA_READ_CONSUME_CHECK_CONSUMER) timestamp=7672 ms, used_size=12871680 bytes (31.4%)
(RDMA_READ_CONSUME_CHECK_CONSUMER) timestamp=7672 ms, used_size=12869632 bytes (31.4%)
(RDMA_READ_CONSUME_CHECK_CONSUMER) timestamp=7672 ms, used_size=12867584 bytes (31.4%)
(RDMA_READ_CONSUME_CHECK_CONSUMER) timestamp=7672 ms, used_size=12865536 bytes (31.4%)
(RDMA_READ_CONSUME_CHECK_CONSUMER) timestamp=7672 ms, used_size=12863488 bytes (31.4%)
(RDMA_READ_CONSUME_CHECK_CONSUMER) timestamp=7672 ms, used_size=12861440 bytes (31.4%)
(RDMA_READ_CONSUME_CHECK_CONSUMER) timestamp=7672 ms, used_size=12859392 bytes (31.4%)
(RDMA_READ_CONSUME_CHECK_CONSUMER) timestamp=7672 ms, used_size=12857344 bytes (31.4%)
(RDMA_READ_CONSUME_CHECK_CONSUMER) timestamp=7672 ms, used_size=12855296 bytes (31.4%)
(RDMA_READ_CONSUME_CHECK_CONSUMER) timestamp=7672 ms, used_size=12853248 bytes (31.4%)
(RDMA_READ_CONSUME_CHECK_CONSUMER) timestamp=7672 ms, used_size=12851200 bytes (31.4%)
(RDMA_READ_CONSUME_CHECK_CONSUMER) timestamp=7672 ms, used_size=12849152 bytes (31.4%)
(RDMA_READ_CONSUME_CHECK_CONSUMER) timestamp=7672 ms, used_size=12847104 bytes (31.4%)
(RDMA_READ_CONSUME_CHECK_CONSUMER) timestamp=7672 ms, used_size=12845056 bytes (31.4%)
(RDMA_READ_CONSUME_CHECK_CONSUMER) timestamp=7672 ms, used_size=12843008 bytes (31.4%)
(RDMA_READ_CONSUME_CHECK_CONSUMER) timestamp=7672 ms, used_size=12840960 bytes (31.4%)
(RDMA_READ_CONSUME_CHECK_CONSUMER) timestamp=7672 ms, used_size=12838912 bytes (31.3%)
(RDMA_READ_CONSUME_CHECK_CONSUMER) timestamp=7672 ms, used_size=12836864 bytes (31.3%)
(RDMA_READ_CONSUME_CHECK_CONSUMER) timestamp=7672 ms, used_size=12834816 bytes (31.3%)
(RDMA_READ_CONSUME_CHECK_CONSUMER) timestamp=7672 ms, used_size=12832768 bytes (31.3%)
(RDMA_READ_CONSUME_CHECK_CONSUMER) timestamp=7672 ms, used_size=12830720 bytes (31.3%)
(RDMA_READ_CONSUME_CHECK_CONSUMER) timestamp=7672 ms, used_size=12828672 bytes (31.3%)
(RDMA_READ_CONSUME_CHECK_CONSUMER) timestamp=7672 ms, used_size=12826624 bytes (31.3%)
(RDMA_READ_CONSUME_CHECK_CONSUMER) timestamp=7672 ms, used_size=12824576 bytes (31.3%)
(RDMA_READ_CONSUME_CHECK_CONSUMER) timestamp=7672 ms, used_size=12822528 bytes (31.3%)
(RDMA_READ_CONSUME_CHECK_CONSUMER) timestamp=7672 ms, used_size=12820480 bytes (31.3%)
(RDMA_READ_CONSUME_CHECK_CONSUMER) timestamp=7672 ms, used_size=12818432 bytes (31.3%)
(RDMA_READ_CONSUME_CHECK_CONSUMER) timestamp=7672 ms, used_size=12816384 bytes (31.3%)
(RDMA_READ_CONSUME_CHECK_CONSUMER) timestamp=7672 ms, used_size=12814336 bytes (31.3%)
(RDMA_READ_CONSUME_CHECK_CONSUMER) timestamp=7672 ms, used_size=12812288 bytes (31.3%)
(RDMA_READ_CONSUME_CHECK_CONSUMER) timestamp=7672 ms, used_size=12810240 bytes (31.3%)
(RDMA_READ_CONSUME_CHECK_CONSUMER) timestamp=7672 ms, used_size=12808192 bytes (31.3%)
(RDMA_READ_CONSUME_CHECK_CONSUMER) timestamp=7672 ms, used_size=12806144 bytes (31.3%)
(RDMA_READ_CONSUME_CHECK_CONSUMER) timestamp=7672 ms, used_size=12804096 bytes (31.3%)
(RDMA_READ_CONSUME_CHECK_CONSUMER) timestamp=7672 ms, used_size=12802048 bytes (31.3%)
(RDMA_READ_CONSUME_CHECK_CONSUMER) timestamp=7672 ms, used_size=12800000 bytes (31.2%)
(RDMA_READ_CONSUME_CHECK_CONSUMER) timestamp=7672 ms, used_size=12797952 bytes (31.2%)
(RDMA_READ_CONSUME_CHECK_CONSUMER) timestamp=7672 ms, used_size=12795904 bytes (31.2%)
(RDMA_READ_CONSUME_CHECK_CONSUMER) timestamp=7672 ms, used_size=12793856 bytes (31.2%)
(RDMA_READ_CONSUME_CHECK_CONSUMER) timestamp=7672 ms, used_size=12791808 bytes (31.2%)
(RDMA_READ_CONSUME_CHECK_CONSUMER) timestamp=7672 ms, used_size=12789760 bytes (31.2%)
(RDMA_READ_CONSUME_CHECK_CONSUMER) timestamp=7672 ms, used_size=12787712 bytes (31.2%)
(RDMA_READ_CONSUME_CHECK_CONSUMER) timestamp=7672 ms, used_size=12785664 bytes (31.2%)
(RDMA_READ_CONSUME_CHECK_CONSUMER) timestamp=7673 ms, used_size=12783616 bytes (31.2%)
(RDMA_READ_CONSUME_CHECK_CONSUMER) timestamp=7673 ms, used_size=12781568 bytes (31.2%)
(RDMA_READ_CONSUME_CHECK_CONSUMER) timestamp=7673 ms, used_size=12779520 bytes (31.2%)
(RDMA_READ_CONSUME_CHECK_CONSUMER) timestamp=7673 ms, used_size=12777472 bytes (31.2%)
(RDMA_READ_CONSUME_CHECK_CONSUMER) timestamp=7673 ms, used_size=12775424 bytes (31.2%)
(RDMA_READ_CONSUME_CHECK_CONSUMER) timestamp=7673 ms, used_size=12773376 bytes (31.2%)
(RDMA_READ_CONSUME_CHECK_CONSUMER) timestamp=7673 ms, used_size=12771328 bytes (31.2%)
(RDMA_READ_CONSUME_CHECK_CONSUMER) timestamp=7673 ms, used_size=12769280 bytes (31.2%)
(RDMA_READ_CONSUME_CHECK_CONSUMER) timestamp=7673 ms, used_size=12767232 bytes (31.2%)
(RDMA_READ_CONSUME_CHECK_CONSUMER) timestamp=7673 ms, used_size=12765184 bytes (31.2%)
(RDMA_READ_CONSUME_CHECK_CONSUMER) timestamp=7673 ms, used_size=12763136 bytes (31.2%)
(RDMA_READ_CONSUME_CHECK_CONSUMER) timestamp=7673 ms, used_size=12761088 bytes (31.2%)
(RDMA_READ_CONSUME_CHECK_CONSUMER) timestamp=7673 ms, used_size=12759040 bytes (31.1%)
(RDMA_READ_CONSUME_CHECK_CONSUMER) timestamp=7673 ms, used_size=12756992 bytes (31.1%)
(RDMA_READ_CONSUME_CHECK_CONSUMER) timestamp=7673 ms, used_size=12754944 bytes (31.1%)
(RDMA_READ_CONSUME_CHECK_CONSUMER) timestamp=7673 ms, used_size=12752896 bytes (31.1%)
(RDMA_READ_CONSUME_CHECK_CONSUMER) timestamp=7673 ms, used_size=12750848 bytes (31.1%)
(RDMA_READ_CONSUME_CHECK_CONSUMER) timestamp=7673 ms, used_size=12748800 bytes (31.1%)
(RDMA_READ_CONSUME_CHECK_CONSUMER) timestamp=7673 ms, used_size=12746752 bytes (31.1%)
(RDMA_READ_CONSUME_CHECK_CONSUMER) timestamp=7673 ms, used_size=12744704 bytes (31.1%)
(RDMA_READ_CONSUME_CHECK_CONSUMER) timestamp=7673 ms, used_size=12742656 bytes (31.1%)
(RDMA_READ_CONSUME_CHECK_CONSUMER) timestamp=7673 ms, used_size=12740608 bytes (31.1%)
(RDMA_READ_CONSUME_CHECK_CONSUMER) timestamp=7673 ms, used_size=12738560 bytes (31.1%)
(RDMA_READ_CONSUME_CHECK_CONSUMER) timestamp=7673 ms, used_size=12736512 bytes (31.1%)
(RDMA_READ_CONSUME_CHECK_CONSUMER) timestamp=7673 ms, used_size=12734464 bytes (31.1%)
(RDMA_READ_CONSUME_CHECK_CONSUMER) timestamp=7673 ms, used_size=12732416 bytes (31.1%)
(RDMA_READ_CONSUME_CHECK_CONSUMER) timestamp=7673 ms, used_size=12730368 bytes (31.1%)
(RDMA_READ_CONSUME_CHECK_CONSUMER) timestamp=7673 ms, used_size=12728320 bytes (31.1%)
(RDMA_READ_CONSUME_CHECK_CONSUMER) timestamp=7673 ms, used_size=12726272 bytes (31.1%)
(RDMA_READ_CONSUME_CHECK_CONSUMER) timestamp=7673 ms, used_size=12724224 bytes (31.1%)
(RDMA_READ_CONSUME_CHECK_CONSUMER) timestamp=7673 ms, used_size=12722176 bytes (31.1%)
(RDMA_READ_CONSUME_CHECK_CONSUMER) timestamp=7673 ms, used_size=12720128 bytes (31.1%)
(RDMA_READ_CONSUME_CHECK_CONSUMER) timestamp=7673 ms, used_size=12718080 bytes (31.1%)
(RDMA_READ_CONSUME_CHECK_CONSUMER) timestamp=7673 ms, used_size=12716032 bytes (31.0%)
(RDMA_READ_CONSUME_CHECK_CONSUMER) timestamp=7673 ms, used_size=12713984 bytes (31.0%)
(RDMA_READ_CONSUME_CHECK_CONSUMER) timestamp=7673 ms, used_size=12711936 bytes (31.0%)
(RDMA_READ_CONSUME_CHECK_CONSUMER) timestamp=7673 ms, used_size=12709888 bytes (31.0%)
(RDMA_READ_CONSUME_CHECK_CONSUMER) timestamp=7673 ms, used_size=12707840 bytes (31.0%)
(RDMA_READ_CONSUME_CHECK_CONSUMER) timestamp=7673 ms, used_size=12705792 bytes (31.0%)
(RDMA_READ_CONSUME_CHECK_CONSUMER) timestamp=7673 ms, used_size=12703744 bytes (31.0%)
(RDMA_READ_CONSUME_CHECK_CONSUMER) timestamp=7673 ms, used_size=12701696 bytes (31.0%)
(RDMA_READ_CONSUME_CHECK_CONSUMER) timestamp=7673 ms, used_size=12699648 bytes (31.0%)
(RDMA_READ_CONSUME_CHECK_CONSUMER) timestamp=7673 ms, used_size=12697600 bytes (31.0%)
(RDMA_READ_CONSUME_CHECK_CONSUMER) timestamp=7673 ms, used_size=12695552 bytes (31.0%)
(RDMA_READ_CONSUME_CHECK_CONSUMER) timestamp=7673 ms, used_size=12693504 bytes (31.0%)
(RDMA_READ_CONSUME_CHECK_CONSUMER) timestamp=7673 ms, used_size=12691456 bytes (31.0%)
(RDMA_READ_CONSUME_CHECK_CONSUMER) timestamp=7673 ms, used_size=12689408 bytes (31.0%)
(RDMA_READ_CONSUME_CHECK_CONSUMER) timestamp=7673 ms, used_size=12687360 bytes (31.0%)
(RDMA_READ_CONSUME_CHECK_CONSUMER) timestamp=7673 ms, used_size=12685312 bytes (31.0%)
(RDMA_READ_CONSUME_CHECK_CONSUMER) timestamp=7673 ms, used_size=12683264 bytes (31.0%)
(RDMA_READ_CONSUME_CHECK_CONSUMER) timestamp=7673 ms, used_size=12681216 bytes (31.0%)
(RDMA_READ_CONSUME_CHECK_CONSUMER) timestamp=7673 ms, used_size=12679168 bytes (31.0%)
(RDMA_READ_CONSUME_CHECK_CONSUMER) timestamp=7673 ms, used_size=12677120 bytes (30.9%)
(RDMA_READ_CONSUME_CHECK_CONSUMER) timestamp=7673 ms, used_size=12675072 bytes (30.9%)
(RDMA_READ_CONSUME_CHECK_CONSUMER) timestamp=7673 ms, used_size=12673024 bytes (30.9%)
(RDMA_READ_CONSUME_CHECK_CONSUMER) timestamp=7673 ms, used_size=12670976 bytes (30.9%)
(RDMA_READ_CONSUME_CHECK_CONSUMER) timestamp=7673 ms, used_size=12668928 bytes (30.9%)
(RDMA_READ_CONSUME_CHECK_CONSUMER) timestamp=7673 ms, used_size=12666880 bytes (30.9%)
(RDMA_READ_CONSUME_CHECK_CONSUMER) timestamp=7673 ms, used_size=12664832 bytes (30.9%)
(RDMA_READ_CONSUME_CHECK_CONSUMER) timestamp=7673 ms, used_size=12662784 bytes (30.9%)
(RDMA_READ_CONSUME_CHECK_CONSUMER) timestamp=7673 ms, used_size=12660736 bytes (30.9%)
(RDMA_READ_CONSUME_CHECK_CONSUMER) timestamp=7673 ms, used_size=12658688 bytes (30.9%)
(RDMA_READ_CONSUME_CHECK_CONSUMER) timestamp=7673 ms, used_size=12656640 bytes (30.9%)
(RDMA_READ_CONSUME_CHECK_CONSUMER) timestamp=7673 ms, used_size=12654592 bytes (30.9%)
(RDMA_READ_CONSUME_CHECK_CONSUMER) timestamp=7673 ms, used_size=12652544 bytes (30.9%)
(RDMA_READ_CONSUME_CHECK_CONSUMER) timestamp=7673 ms, used_size=12650496 bytes (30.9%)
(RDMA_READ_CONSUME_CHECK_CONSUMER) timestamp=7673 ms, used_size=12648448 bytes (30.9%)
(RDMA_READ_CONSUME_CHECK_CONSUMER) timestamp=7673 ms, used_size=12646400 bytes (30.9%)
(RDMA_READ_CONSUME_CHECK_CONSUMER) timestamp=7673 ms, used_size=12644352 bytes (30.9%)
(RDMA_READ_CONSUME_CHECK_CONSUMER) timestamp=7673 ms, used_size=12642304 bytes (30.9%)
(RDMA_READ_CONSUME_CHECK_CONSUMER) timestamp=7673 ms, used_size=12640256 bytes (30.9%)
(RDMA_READ_CONSUME_CHECK_CONSUMER) timestamp=7673 ms, used_size=12638208 bytes (30.9%)
(RDMA_READ_CONSUME_CHECK_CONSUMER) timestamp=7673 ms, used_size=12636160 bytes (30.9%)
(RDMA_READ_CONSUME_CHECK_CONSUMER) timestamp=7673 ms, used_size=12634112 bytes (30.8%)
(RDMA_READ_CONSUME_CHECK_CONSUMER) timestamp=7673 ms, used_size=12632064 bytes (30.8%)
(RDMA_READ_CONSUME_CHECK_CONSUMER) timestamp=7673 ms, used_size=12630016 bytes (30.8%)
(RDMA_READ_CONSUME_CHECK_CONSUMER) timestamp=7673 ms, used_size=12627968 bytes (30.8%)
(RDMA_READ_CONSUME_CHECK_CONSUMER) timestamp=7673 ms, used_size=12625920 bytes (30.8%)
(RDMA_READ_CONSUME_CHECK_CONSUMER) timestamp=7673 ms, used_size=12623872 bytes (30.8%)
(RDMA_READ_CONSUME_CHECK_CONSUMER) timestamp=7673 ms, used_size=12621824 bytes (30.8%)
(RDMA_READ_CONSUME_CHECK_CONSUMER) timestamp=7673 ms, used_size=12619776 bytes (30.8%)
(RDMA_READ_CONSUME_CHECK_CONSUMER) timestamp=7673 ms, used_size=12617728 bytes (30.8%)
(RDMA_READ_CONSUME_CHECK_CONSUMER) timestamp=7673 ms, used_size=12615680 bytes (30.8%)
(RDMA_READ_CONSUME_CHECK_CONSUMER) timestamp=7673 ms, used_size=12613632 bytes (30.8%)
(RDMA_READ_CONSUME_CHECK_CONSUMER) timestamp=7673 ms, used_size=12611584 bytes (30.8%)
(RDMA_READ_CONSUME_CHECK_CONSUMER) timestamp=7673 ms, used_size=12609536 bytes (30.8%)
(RDMA_READ_CONSUME_CHECK_CONSUMER) timestamp=7673 ms, used_size=12607488 bytes (30.8%)
(RDMA_READ_CONSUME_CHECK_CONSUMER) timestamp=7673 ms, used_size=12605440 bytes (30.8%)
(RDMA_READ_CONSUME_CHECK_CONSUMER) timestamp=7673 ms, used_size=12603392 bytes (30.8%)
(RDMA_READ_CONSUME_CHECK_CONSUMER) timestamp=7673 ms, used_size=12601344 bytes (30.8%)
(RDMA_READ_CONSUME_CHECK_CONSUMER) timestamp=7673 ms, used_size=12599296 bytes (30.8%)
(RDMA_READ_CONSUME_CHECK_CONSUMER) timestamp=7673 ms, used_size=12597248 bytes (30.8%)
(RDMA_READ_CONSUME_CHECK_CONSUMER) timestamp=7673 ms, used_size=12595200 bytes (30.8%)
(RDMA_READ_CONSUME_CHECK_CONSUMER) timestamp=7673 ms, used_size=12593152 bytes (30.7%)
(RDMA_READ_CONSUME_CHECK_CONSUMER) timestamp=7673 ms, used_size=12591104 bytes (30.7%)
(RDMA_READ_CONSUME_CHECK_CONSUMER) timestamp=7673 ms, used_size=12589056 bytes (30.7%)
(RDMA_READ_CONSUME_CHECK_CONSUMER) timestamp=7673 ms, used_size=12587008 bytes (30.7%)
(RDMA_READ_CONSUME_CHECK_CONSUMER) timestamp=7673 ms, used_size=12584960 bytes (30.7%)
(RDMA_READ_CONSUME_CHECK_CONSUMER) timestamp=7673 ms, used_size=12582912 bytes (30.7%)
(RDMA_READ_CONSUME_CHECK_CONSUMER) timestamp=7673 ms, used_size=12580864 bytes (30.7%)
(RDMA_READ_CONSUME_CHECK_CONSUMER) timestamp=7673 ms, used_size=12578816 bytes (30.7%)
(RDMA_READ_CONSUME_CHECK_CONSUMER) timestamp=7673 ms, used_size=12576768 bytes (30.7%)
(RDMA_READ_CONSUME_CHECK_CONSUMER) timestamp=7673 ms, used_size=12574720 bytes (30.7%)
(RDMA_READ_CONSUME_CHECK_CONSUMER) timestamp=7673 ms, used_size=12572672 bytes (30.7%)
(RDMA_READ_CONSUME_CHECK_CONSUMER) timestamp=7673 ms, used_size=12570624 bytes (30.7%)
(RDMA_READ_CONSUME_CHECK_CONSUMER) timestamp=7673 ms, used_size=12568576 bytes (30.7%)
(RDMA_READ_CONSUME_CHECK_CONSUMER) timestamp=7673 ms, used_size=12566528 bytes (30.7%)
(RDMA_READ_CONSUME_CHECK_CONSUMER) timestamp=7673 ms, used_size=12564480 bytes (30.7%)
(RDMA_READ_CONSUME_CHECK_CONSUMER) timestamp=7673 ms, used_size=12562432 bytes (30.7%)
(RDMA_READ_CONSUME_CHECK_CONSUMER) timestamp=7673 ms, used_size=12560384 bytes (30.7%)
(RDMA_READ_CONSUME_CHECK_CONSUMER) timestamp=7673 ms, used_size=12558336 bytes (30.7%)
(RDMA_READ_CONSUME_CHECK_CONSUMER) timestamp=7673 ms, used_size=12556288 bytes (30.7%)
(RDMA_READ_CONSUME_CHECK_CONSUMER) timestamp=7673 ms, used_size=12554240 bytes (30.6%)
(RDMA_READ_CONSUME_CHECK_CONSUMER) timestamp=7673 ms, used_size=12552192 bytes (30.6%)
(RDMA_READ_CONSUME_CHECK_CONSUMER) timestamp=7673 ms, used_size=12550144 bytes (30.6%)
(RDMA_READ_CONSUME_CHECK_CONSUMER) timestamp=7673 ms, used_size=12548096 bytes (30.6%)
(RDMA_READ_CONSUME_CHECK_CONSUMER) timestamp=7673 ms, used_size=12546048 bytes (30.6%)
(RDMA_READ_CONSUME_CHECK_CONSUMER) timestamp=7673 ms, used_size=12544000 bytes (30.6%)
(RDMA_READ_CONSUME_CHECK_CONSUMER) timestamp=7673 ms, used_size=12541952 bytes (30.6%)
(RDMA_READ_CONSUME_CHECK_CONSUMER) timestamp=7673 ms, used_size=12539904 bytes (30.6%)
(RDMA_READ_CONSUME_CHECK_CONSUMER) timestamp=7673 ms, used_size=12537856 bytes (30.6%)
(RDMA_READ_CONSUME_CHECK_CONSUMER) timestamp=7673 ms, used_size=12535808 bytes (30.6%)
(RDMA_READ_CONSUME_CHECK_CONSUMER) timestamp=7673 ms, used_size=12533760 bytes (30.6%)
(RDMA_READ_CONSUME_CHECK_CONSUMER) timestamp=7673 ms, used_size=12531712 bytes (30.6%)
(RDMA_READ_CONSUME_CHECK_CONSUMER) timestamp=7673 ms, used_size=12529664 bytes (30.6%)
(RDMA_READ_CONSUME_CHECK_CONSUMER) timestamp=7673 ms, used_size=12527616 bytes (30.6%)
(RDMA_READ_CONSUME_CHECK_CONSUMER) timestamp=7673 ms, used_size=12525568 bytes (30.6%)
(RDMA_READ_CONSUME_CHECK_CONSUMER) timestamp=7673 ms, used_size=12523520 bytes (30.6%)
(RDMA_READ_CONSUME_CHECK_CONSUMER) timestamp=7673 ms, used_size=12521472 bytes (30.6%)
(RDMA_READ_CONSUME_CHECK_CONSUMER) timestamp=7673 ms, used_size=12519424 bytes (30.6%)
(RDMA_READ_CONSUME_CHECK_CONSUMER) timestamp=7673 ms, used_size=12517376 bytes (30.6%)
(RDMA_READ_CONSUME_CHECK_CONSUMER) timestamp=7673 ms, used_size=12515328 bytes (30.6%)
(RDMA_READ_CONSUME_CHECK_CONSUMER) timestamp=7673 ms, used_size=12513280 bytes (30.6%)
(RDMA_READ_CONSUME_CHECK_CONSUMER) timestamp=7673 ms, used_size=12511232 bytes (30.5%)
(RDMA_READ_CONSUME_CHECK_CONSUMER) timestamp=7673 ms, used_size=12509184 bytes (30.5%)
(RDMA_READ_CONSUME_CHECK_CONSUMER) timestamp=7673 ms, used_size=12507136 bytes (30.5%)
(RDMA_READ_CONSUME_CHECK_CONSUMER) timestamp=7673 ms, used_size=12505088 bytes (30.5%)
(RDMA_READ_CONSUME_CHECK_CONSUMER) timestamp=7673 ms, used_size=12503040 bytes (30.5%)
(RDMA_READ_CONSUME_CHECK_CONSUMER) timestamp=7673 ms, used_size=12500992 bytes (30.5%)
(RDMA_READ_CONSUME_CHECK_CONSUMER) timestamp=7673 ms, used_size=12498944 bytes (30.5%)
(RDMA_READ_CONSUME_CHECK_CONSUMER) timestamp=7673 ms, used_size=12496896 bytes (30.5%)
(RDMA_READ_CONSUME_CHECK_CONSUMER) timestamp=7673 ms, used_size=12494848 bytes (30.5%)
(RDMA_READ_CONSUME_CHECK_CONSUMER) timestamp=7673 ms, used_size=12492800 bytes (30.5%)
(RDMA_READ_CONSUME_CHECK_CONSUMER) timestamp=7673 ms, used_size=12490752 bytes (30.5%)
(RDMA_READ_CONSUME_CHECK_CONSUMER) timestamp=7673 ms, used_size=12488704 bytes (30.5%)
(RDMA_READ_CONSUME_CHECK_CONSUMER) timestamp=7673 ms, used_size=12486656 bytes (30.5%)
(RDMA_READ_CONSUME_CHECK_CONSUMER) timestamp=7673 ms, used_size=12484608 bytes (30.5%)
(RDMA_READ_CONSUME_CHECK_CONSUMER) timestamp=7673 ms, used_size=12482560 bytes (30.5%)
(RDMA_READ_CONSUME_CHECK_CONSUMER) timestamp=7673 ms, used_size=12480512 bytes (30.5%)
(RDMA_READ_CONSUME_CHECK_CONSUMER) timestamp=7673 ms, used_size=12478464 bytes (30.5%)
(RDMA_READ_CONSUME_CHECK_CONSUMER) timestamp=7673 ms, used_size=12476416 bytes (30.5%)
(RDMA_READ_CONSUME_CHECK_CONSUMER) timestamp=7673 ms, used_size=12474368 bytes (30.5%)
(RDMA_READ_CONSUME_CHECK_CONSUMER) timestamp=7673 ms, used_size=12472320 bytes (30.4%)
(RDMA_READ_CONSUME_CHECK_CONSUMER) timestamp=7673 ms, used_size=12470272 bytes (30.4%)
(RDMA_READ_CONSUME_CHECK_CONSUMER) timestamp=7673 ms, used_size=12468224 bytes (30.4%)
(RDMA_READ_CONSUME_CHECK_CONSUMER) timestamp=7673 ms, used_size=12466176 bytes (30.4%)
(RDMA_READ_CONSUME_CHECK_CONSUMER) timestamp=7673 ms, used_size=12464128 bytes (30.4%)
(RDMA_READ_CONSUME_CHECK_CONSUMER) timestamp=7673 ms, used_size=12462080 bytes (30.4%)
(RDMA_READ_CONSUME_CHECK_CONSUMER) timestamp=7673 ms, used_size=12460032 bytes (30.4%)
(RDMA_READ_CONSUME_CHECK_CONSUMER) timestamp=7673 ms, used_size=12457984 bytes (30.4%)
(RDMA_READ_CONSUME_CHECK_CONSUMER) timestamp=7673 ms, used_size=12455936 bytes (30.4%)
(RDMA_READ_CONSUME_CHECK_CONSUMER) timestamp=7673 ms, used_size=12453888 bytes (30.4%)
(RDMA_READ_CONSUME_CHECK_CONSUMER) timestamp=7673 ms, used_size=12451840 bytes (30.4%)
(RDMA_READ_CONSUME_CHECK_CONSUMER) timestamp=7673 ms, used_size=12449792 bytes (30.4%)
(RDMA_READ_CONSUME_CHECK_CONSUMER) timestamp=7673 ms, used_size=12447744 bytes (30.4%)
(RDMA_READ_CONSUME_CHECK_CONSUMER) timestamp=7673 ms, used_size=12445696 bytes (30.4%)
(RDMA_READ_CONSUME_CHECK_CONSUMER) timestamp=7673 ms, used_size=12443648 bytes (30.4%)
(RDMA_READ_CONSUME_CHECK_CONSUMER) timestamp=7673 ms, used_size=12441600 bytes (30.4%)
(RDMA_READ_CONSUME_CHECK_CONSUMER) timestamp=7673 ms, used_size=12439552 bytes (30.4%)
(RDMA_READ_CONSUME_CHECK_CONSUMER) timestamp=7673 ms, used_size=12437504 bytes (30.4%)
(RDMA_READ_CONSUME_CHECK_CONSUMER) timestamp=7673 ms, used_size=12435456 bytes (30.4%)
(RDMA_READ_CONSUME_CHECK_CONSUMER) timestamp=7673 ms, used_size=12433408 bytes (30.4%)
(RDMA_READ_CONSUME_CHECK_CONSUMER) timestamp=7673 ms, used_size=12431360 bytes (30.4%)
(RDMA_READ_CONSUME_CHECK_CONSUMER) timestamp=7673 ms, used_size=12429312 bytes (30.3%)
(RDMA_READ_CONSUME_CHECK_CONSUMER) timestamp=7673 ms, used_size=12427264 bytes (30.3%)
(RDMA_READ_CONSUME_CHECK_CONSUMER) timestamp=7673 ms, used_size=12425216 bytes (30.3%)
(RDMA_READ_CONSUME_CHECK_CONSUMER) timestamp=7673 ms, used_size=12423168 bytes (30.3%)
(RDMA_READ_CONSUME_CHECK_CONSUMER) timestamp=7673 ms, used_size=12421120 bytes (30.3%)
(RDMA_READ_CONSUME_CHECK_CONSUMER) timestamp=7673 ms, used_size=12419072 bytes (30.3%)
(RDMA_READ_CONSUME_CHECK_CONSUMER) timestamp=7673 ms, used_size=12417024 bytes (30.3%)
(RDMA_READ_CONSUME_CHECK_CONSUMER) timestamp=7673 ms, used_size=12414976 bytes (30.3%)
(RDMA_READ_CONSUME_CHECK_CONSUMER) timestamp=7673 ms, used_size=12412928 bytes (30.3%)
(RDMA_READ_CONSUME_CHECK_CONSUMER) timestamp=7673 ms, used_size=12410880 bytes (30.3%)
(RDMA_READ_CONSUME_CHECK_CONSUMER) timestamp=7673 ms, used_size=12408832 bytes (30.3%)
(RDMA_READ_CONSUME_CHECK_CONSUMER) timestamp=7673 ms, used_size=12406784 bytes (30.3%)
(RDMA_READ_CONSUME_CHECK_CONSUMER) timestamp=7673 ms, used_size=12404736 bytes (30.3%)
(RDMA_READ_CONSUME_CHECK_CONSUMER) timestamp=7674 ms, used_size=12402688 bytes (30.3%)
(RDMA_READ_CONSUME_CHECK_CONSUMER) timestamp=7674 ms, used_size=12400640 bytes (30.3%)
(RDMA_READ_CONSUME_CHECK_CONSUMER) timestamp=7674 ms, used_size=12398592 bytes (30.3%)
(RDMA_READ_CONSUME_CHECK_CONSUMER) timestamp=7674 ms, used_size=12396544 bytes (30.3%)
(RDMA_READ_CONSUME_CHECK_CONSUMER) timestamp=7674 ms, used_size=12394496 bytes (30.3%)
(RDMA_READ_CONSUME_CHECK_CONSUMER) timestamp=7674 ms, used_size=12392448 bytes (30.3%)
(RDMA_READ_CONSUME_CHECK_CONSUMER) timestamp=7674 ms, used_size=12390400 bytes (30.2%)
(RDMA_READ_CONSUME_CHECK_CONSUMER) timestamp=7674 ms, used_size=12388352 bytes (30.2%)
(RDMA_READ_CONSUME_CHECK_CONSUMER) timestamp=7674 ms, used_size=12386304 bytes (30.2%)
(RDMA_READ_CONSUME_CHECK_CONSUMER) timestamp=7674 ms, used_size=12384256 bytes (30.2%)
(RDMA_READ_CONSUME_CHECK_CONSUMER) timestamp=7674 ms, used_size=12382208 bytes (30.2%)
(RDMA_READ_CONSUME_CHECK_CONSUMER) timestamp=7674 ms, used_size=12380160 bytes (30.2%)
(RDMA_READ_CONSUME_CHECK_CONSUMER) timestamp=7674 ms, used_size=12378112 bytes (30.2%)
(RDMA_READ_CONSUME_CHECK_CONSUMER) timestamp=7674 ms, used_size=12376064 bytes (30.2%)
(RDMA_READ_CONSUME_CHECK_CONSUMER) timestamp=7674 ms, used_size=12374016 bytes (30.2%)
(RDMA_READ_CONSUME_CHECK_CONSUMER) timestamp=7674 ms, used_size=12371968 bytes (30.2%)
(RDMA_READ_CONSUME_CHECK_CONSUMER) timestamp=7674 ms, used_size=12369920 bytes (30.2%)
(RDMA_READ_CONSUME_CHECK_CONSUMER) timestamp=7674 ms, used_size=12367872 bytes (30.2%)
(RDMA_READ_CONSUME_CHECK_CONSUMER) timestamp=7674 ms, used_size=12365824 bytes (30.2%)
(RDMA_READ_CONSUME_CHECK_CONSUMER) timestamp=7674 ms, used_size=12363776 bytes (30.2%)
(RDMA_READ_CONSUME_CHECK_CONSUMER) timestamp=7674 ms, used_size=12361728 bytes (30.2%)
(RDMA_READ_CONSUME_CHECK_CONSUMER) timestamp=7674 ms, used_size=12359680 bytes (30.2%)
(RDMA_READ_CONSUME_CHECK_CONSUMER) timestamp=7674 ms, used_size=12357632 bytes (30.2%)
(RDMA_READ_CONSUME_CHECK_CONSUMER) timestamp=7674 ms, used_size=12355584 bytes (30.2%)
(RDMA_READ_CONSUME_CHECK_CONSUMER) timestamp=7674 ms, used_size=12353536 bytes (30.2%)
(RDMA_READ_CONSUME_CHECK_CONSUMER) timestamp=7674 ms, used_size=12351488 bytes (30.2%)
(RDMA_READ_CONSUME_CHECK_CONSUMER) timestamp=7674 ms, used_size=12349440 bytes (30.1%)
(RDMA_READ_CONSUME_CHECK_CONSUMER) timestamp=7674 ms, used_size=12347392 bytes (30.1%)
(RDMA_READ_CONSUME_CHECK_CONSUMER) timestamp=7674 ms, used_size=12345344 bytes (30.1%)
(RDMA_READ_CONSUME_CHECK_CONSUMER) timestamp=7674 ms, used_size=12343296 bytes (30.1%)
(RDMA_READ_CONSUME_CHECK_CONSUMER) timestamp=7674 ms, used_size=12341248 bytes (30.1%)
(RDMA_READ_CONSUME_CHECK_CONSUMER) timestamp=7674 ms, used_size=12339200 bytes (30.1%)
(RDMA_READ_CONSUME_CHECK_CONSUMER) timestamp=7674 ms, used_size=12337152 bytes (30.1%)
(RDMA_READ_CONSUME_CHECK_CONSUMER) timestamp=7674 ms, used_size=12335104 bytes (30.1%)
(RDMA_READ_CONSUME_CHECK_CONSUMER) timestamp=7674 ms, used_size=12333056 bytes (30.1%)
(RDMA_READ_CONSUME_CHECK_CONSUMER) timestamp=7674 ms, used_size=12331008 bytes (30.1%)
(RDMA_READ_CONSUME_CHECK_CONSUMER) timestamp=7674 ms, used_size=12328960 bytes (30.1%)
(RDMA_READ_CONSUME_CHECK_CONSUMER) timestamp=7674 ms, used_size=12326912 bytes (30.1%)
(RDMA_READ_CONSUME_CHECK_CONSUMER) timestamp=7674 ms, used_size=12324864 bytes (30.1%)
(RDMA_READ_CONSUME_CHECK_CONSUMER) timestamp=7674 ms, used_size=12322816 bytes (30.1%)
(RDMA_READ_CONSUME_CHECK_CONSUMER) timestamp=7674 ms, used_size=12320768 bytes (30.1%)
(RDMA_READ_CONSUME_CHECK_CONSUMER) timestamp=7674 ms, used_size=12318720 bytes (30.1%)
(RDMA_READ_CONSUME_CHECK_CONSUMER) timestamp=7674 ms, used_size=12316672 bytes (30.1%)
(RDMA_READ_CONSUME_CHECK_CONSUMER) timestamp=7674 ms, used_size=12314624 bytes (30.1%)
(RDMA_READ_CONSUME_CHECK_CONSUMER) timestamp=7674 ms, used_size=12312576 bytes (30.1%)
(RDMA_READ_CONSUME_CHECK_CONSUMER) timestamp=7674 ms, used_size=12310528 bytes (30.1%)
(RDMA_READ_CONSUME_CHECK_CONSUMER) timestamp=7674 ms, used_size=12308480 bytes (30.1%)
(RDMA_READ_CONSUME_CHECK_CONSUMER) timestamp=7674 ms, used_size=12306432 bytes (30.0%)
(RDMA_READ_CONSUME_CHECK_CONSUMER) timestamp=7674 ms, used_size=12304384 bytes (30.0%)
(RDMA_READ_CONSUME_CHECK_CONSUMER) timestamp=7674 ms, used_size=12302336 bytes (30.0%)
(RDMA_READ_CONSUME_CHECK_CONSUMER) timestamp=7674 ms, used_size=12300288 bytes (30.0%)
(RDMA_READ_CONSUME_CHECK_CONSUMER) timestamp=7674 ms, used_size=12298240 bytes (30.0%)
(RDMA_READ_CONSUME_CHECK_CONSUMER) timestamp=7674 ms, used_size=12296192 bytes (30.0%)
(RDMA_READ_CONSUME_CHECK_CONSUMER) timestamp=7674 ms, used_size=12294144 bytes (30.0%)
(RDMA_READ_CONSUME_CHECK_CONSUMER) timestamp=7674 ms, used_size=12292096 bytes (30.0%)
(RDMA_READ_CONSUME_CHECK_CONSUMER) timestamp=7674 ms, used_size=12290048 bytes (30.0%)
(RDMA_READ_CONSUME_CHECK_CONSUMER) timestamp=7674 ms, used_size=12288000 bytes (30.0%)
(RDMA_READ_CONSUME_CHECK_CONSUMER) timestamp=7674 ms, used_size=12285952 bytes (30.0%)
(RDMA_READ_CONSUME_CHECK_CONSUMER) timestamp=7674 ms, used_size=12283904 bytes (30.0%)
(RDMA_READ_CONSUME_CHECK_CONSUMER) timestamp=7674 ms, used_size=12281856 bytes (30.0%)
(RDMA_READ_CONSUME_CHECK_CONSUMER) timestamp=7674 ms, used_size=12279808 bytes (30.0%)
(RDMA_READ_CONSUME_CHECK_CONSUMER) timestamp=7674 ms, used_size=12277760 bytes (30.0%)
(RDMA_READ_CONSUME_CHECK_CONSUMER) timestamp=7674 ms, used_size=12275712 bytes (30.0%)
(RDMA_READ_CONSUME_CHECK_CONSUMER) timestamp=7674 ms, used_size=12273664 bytes (30.0%)
(RDMA_READ_CONSUME_CHECK_CONSUMER) timestamp=7674 ms, used_size=12271616 bytes (30.0%)
(RDMA_READ_CONSUME_CHECK_CONSUMER) timestamp=7674 ms, used_size=12269568 bytes (30.0%)
(RDMA_READ_CONSUME_CHECK_CONSUMER) timestamp=7674 ms, used_size=12267520 bytes (29.9%)
(RDMA_READ_CONSUME_CHECK_CONSUMER) timestamp=7674 ms, used_size=12265472 bytes (29.9%)
(RDMA_READ_CONSUME_CHECK_CONSUMER) timestamp=7674 ms, used_size=12263424 bytes (29.9%)
(RDMA_READ_CONSUME_CHECK_CONSUMER) timestamp=7674 ms, used_size=12261376 bytes (29.9%)
(RDMA_READ_CONSUME_CHECK_CONSUMER) timestamp=7674 ms, used_size=12259328 bytes (29.9%)
(RDMA_READ_CONSUME_CHECK_CONSUMER) timestamp=7674 ms, used_size=12257280 bytes (29.9%)
(RDMA_READ_CONSUME_CHECK_CONSUMER) timestamp=7674 ms, used_size=12255232 bytes (29.9%)
(RDMA_READ_CONSUME_CHECK_CONSUMER) timestamp=7674 ms, used_size=12253184 bytes (29.9%)
(RDMA_READ_CONSUME_CHECK_CONSUMER) timestamp=7674 ms, used_size=12251136 bytes (29.9%)
(RDMA_READ_CONSUME_CHECK_CONSUMER) timestamp=7674 ms, used_size=12249088 bytes (29.9%)
(RDMA_READ_CONSUME_CHECK_CONSUMER) timestamp=7674 ms, used_size=12247040 bytes (29.9%)
(RDMA_READ_CONSUME_CHECK_CONSUMER) timestamp=7674 ms, used_size=12244992 bytes (29.9%)
(RDMA_READ_CONSUME_CHECK_CONSUMER) timestamp=7674 ms, used_size=12242944 bytes (29.9%)
(RDMA_READ_CONSUME_CHECK_CONSUMER) timestamp=7674 ms, used_size=12240896 bytes (29.9%)
(RDMA_READ_CONSUME_CHECK_CONSUMER) timestamp=7674 ms, used_size=12238848 bytes (29.9%)
(RDMA_READ_CONSUME_CHECK_CONSUMER) timestamp=7674 ms, used_size=12236800 bytes (29.9%)
(RDMA_READ_CONSUME_CHECK_CONSUMER) timestamp=7674 ms, used_size=12234752 bytes (29.9%)
(RDMA_READ_CONSUME_CHECK_CONSUMER) timestamp=7674 ms, used_size=12232704 bytes (29.9%)
(RDMA_READ_CONSUME_CHECK_CONSUMER) timestamp=7674 ms, used_size=12230656 bytes (29.9%)
(RDMA_READ_CONSUME_CHECK_CONSUMER) timestamp=7674 ms, used_size=12228608 bytes (29.9%)
(RDMA_READ_CONSUME_CHECK_CONSUMER) timestamp=7674 ms, used_size=12226560 bytes (29.9%)
(RDMA_READ_CONSUME_CHECK_CONSUMER) timestamp=7674 ms, used_size=12224512 bytes (29.8%)
(RDMA_READ_CONSUME_CHECK_CONSUMER) timestamp=7674 ms, used_size=12222464 bytes (29.8%)
(RDMA_READ_CONSUME_CHECK_CONSUMER) timestamp=7674 ms, used_size=12220416 bytes (29.8%)
(RDMA_READ_CONSUME_CHECK_CONSUMER) timestamp=7674 ms, used_size=12218368 bytes (29.8%)
(RDMA_READ_CONSUME_CHECK_CONSUMER) timestamp=7674 ms, used_size=12216320 bytes (29.8%)
(RDMA_READ_CONSUME_CHECK_CONSUMER) timestamp=7674 ms, used_size=12214272 bytes (29.8%)
(RDMA_READ_CONSUME_CHECK_CONSUMER) timestamp=7674 ms, used_size=12212224 bytes (29.8%)
(RDMA_READ_CONSUME_CHECK_CONSUMER) timestamp=7674 ms, used_size=12210176 bytes (29.8%)
(RDMA_READ_CONSUME_CHECK_CONSUMER) timestamp=7674 ms, used_size=12208128 bytes (29.8%)
(RDMA_READ_CONSUME_CHECK_CONSUMER) timestamp=7674 ms, used_size=12206080 bytes (29.8%)
(RDMA_READ_CONSUME_CHECK_CONSUMER) timestamp=7674 ms, used_size=12204032 bytes (29.8%)
(RDMA_READ_CONSUME_CHECK_CONSUMER) timestamp=7674 ms, used_size=12201984 bytes (29.8%)
(RDMA_READ_CONSUME_CHECK_CONSUMER) timestamp=7674 ms, used_size=12199936 bytes (29.8%)
(RDMA_READ_CONSUME_CHECK_CONSUMER) timestamp=7674 ms, used_size=12197888 bytes (29.8%)
(RDMA_READ_CONSUME_CHECK_CONSUMER) timestamp=7674 ms, used_size=12195840 bytes (29.8%)
(RDMA_READ_CONSUME_CHECK_CONSUMER) timestamp=7674 ms, used_size=12193792 bytes (29.8%)
(RDMA_READ_CONSUME_CHECK_CONSUMER) timestamp=7674 ms, used_size=12191744 bytes (29.8%)
(RDMA_READ_CONSUME_CHECK_CONSUMER) timestamp=7674 ms, used_size=12189696 bytes (29.8%)
(RDMA_READ_CONSUME_CHECK_CONSUMER) timestamp=7674 ms, used_size=12187648 bytes (29.8%)
(RDMA_READ_CONSUME_CHECK_CONSUMER) timestamp=7674 ms, used_size=12185600 bytes (29.8%)
(RDMA_READ_CONSUME_CHECK_CONSUMER) timestamp=7674 ms, used_size=12183552 bytes (29.7%)
(RDMA_READ_CONSUME_CHECK_CONSUMER) timestamp=7674 ms, used_size=12181504 bytes (29.7%)
(RDMA_READ_CONSUME_CHECK_CONSUMER) timestamp=7674 ms, used_size=12179456 bytes (29.7%)
(RDMA_READ_CONSUME_CHECK_CONSUMER) timestamp=7674 ms, used_size=12177408 bytes (29.7%)
(RDMA_READ_CONSUME_CHECK_CONSUMER) timestamp=7674 ms, used_size=12175360 bytes (29.7%)
(RDMA_READ_CONSUME_CHECK_CONSUMER) timestamp=7674 ms, used_size=12173312 bytes (29.7%)
(RDMA_READ_CONSUME_CHECK_CONSUMER) timestamp=7674 ms, used_size=12171264 bytes (29.7%)
(RDMA_READ_CONSUME_CHECK_CONSUMER) timestamp=7674 ms, used_size=12169216 bytes (29.7%)
(RDMA_READ_CONSUME_CHECK_CONSUMER) timestamp=7674 ms, used_size=12167168 bytes (29.7%)
(RDMA_READ_CONSUME_CHECK_CONSUMER) timestamp=7674 ms, used_size=12165120 bytes (29.7%)
(RDMA_READ_CONSUME_CHECK_CONSUMER) timestamp=7674 ms, used_size=12163072 bytes (29.7%)
(RDMA_READ_CONSUME_CHECK_CONSUMER) timestamp=7674 ms, used_size=12161024 bytes (29.7%)
(RDMA_READ_CONSUME_CHECK_CONSUMER) timestamp=7674 ms, used_size=12158976 bytes (29.7%)
(RDMA_READ_CONSUME_CHECK_CONSUMER) timestamp=7674 ms, used_size=12156928 bytes (29.7%)
(RDMA_READ_CONSUME_CHECK_CONSUMER) timestamp=7674 ms, used_size=12154880 bytes (29.7%)
(RDMA_READ_CONSUME_CHECK_CONSUMER) timestamp=7674 ms, used_size=12152832 bytes (29.7%)
(RDMA_READ_CONSUME_CHECK_CONSUMER) timestamp=7674 ms, used_size=12150784 bytes (29.7%)
(RDMA_READ_CONSUME_CHECK_CONSUMER) timestamp=7674 ms, used_size=12148736 bytes (29.7%)
(RDMA_READ_CONSUME_CHECK_CONSUMER) timestamp=7674 ms, used_size=12146688 bytes (29.7%)
(RDMA_READ_CONSUME_CHECK_CONSUMER) timestamp=7674 ms, used_size=12144640 bytes (29.6%)
(RDMA_READ_CONSUME_CHECK_CONSUMER) timestamp=7674 ms, used_size=12142592 bytes (29.6%)
(RDMA_READ_CONSUME_CHECK_CONSUMER) timestamp=7674 ms, used_size=12140544 bytes (29.6%)
(RDMA_READ_CONSUME_CHECK_CONSUMER) timestamp=7674 ms, used_size=12138496 bytes (29.6%)
(RDMA_READ_CONSUME_CHECK_CONSUMER) timestamp=7674 ms, used_size=12136448 bytes (29.6%)
(RDMA_READ_CONSUME_CHECK_CONSUMER) timestamp=7674 ms, used_size=12134400 bytes (29.6%)
(RDMA_READ_CONSUME_CHECK_CONSUMER) timestamp=7674 ms, used_size=12132352 bytes (29.6%)
(RDMA_READ_CONSUME_CHECK_CONSUMER) timestamp=7674 ms, used_size=12130304 bytes (29.6%)
(RDMA_READ_CONSUME_CHECK_CONSUMER) timestamp=7674 ms, used_size=12128256 bytes (29.6%)
(RDMA_READ_CONSUME_CHECK_CONSUMER) timestamp=7674 ms, used_size=12126208 bytes (29.6%)
(RDMA_READ_CONSUME_CHECK_CONSUMER) timestamp=7674 ms, used_size=12124160 bytes (29.6%)
(RDMA_READ_CONSUME_CHECK_CONSUMER) timestamp=7674 ms, used_size=12122112 bytes (29.6%)
(RDMA_READ_CONSUME_CHECK_CONSUMER) timestamp=7674 ms, used_size=12120064 bytes (29.6%)
(RDMA_READ_CONSUME_CHECK_CONSUMER) timestamp=7674 ms, used_size=12118016 bytes (29.6%)
(RDMA_READ_CONSUME_CHECK_CONSUMER) timestamp=7674 ms, used_size=12115968 bytes (29.6%)
(RDMA_READ_CONSUME_CHECK_CONSUMER) timestamp=7674 ms, used_size=12113920 bytes (29.6%)
(RDMA_READ_CONSUME_CHECK_CONSUMER) timestamp=7674 ms, used_size=12111872 bytes (29.6%)
(RDMA_READ_CONSUME_CHECK_CONSUMER) timestamp=7674 ms, used_size=12109824 bytes (29.6%)
(RDMA_READ_CONSUME_CHECK_CONSUMER) timestamp=7674 ms, used_size=12107776 bytes (29.6%)
(RDMA_READ_CONSUME_CHECK_CONSUMER) timestamp=7674 ms, used_size=12105728 bytes (29.6%)
(RDMA_READ_CONSUME_CHECK_CONSUMER) timestamp=7674 ms, used_size=12103680 bytes (29.6%)
(RDMA_READ_CONSUME_CHECK_CONSUMER) timestamp=7674 ms, used_size=12101632 bytes (29.5%)
(RDMA_READ_CONSUME_CHECK_CONSUMER) timestamp=7674 ms, used_size=12099584 bytes (29.5%)
(RDMA_READ_CONSUME_CHECK_CONSUMER) timestamp=7674 ms, used_size=12097536 bytes (29.5%)
(RDMA_READ_CONSUME_CHECK_CONSUMER) timestamp=7674 ms, used_size=12095488 bytes (29.5%)
(RDMA_READ_CONSUME_CHECK_CONSUMER) timestamp=7674 ms, used_size=12093440 bytes (29.5%)
(RDMA_READ_CONSUME_CHECK_CONSUMER) timestamp=7674 ms, used_size=12091392 bytes (29.5%)
(RDMA_READ_CONSUME_CHECK_CONSUMER) timestamp=7674 ms, used_size=12089344 bytes (29.5%)
(RDMA_READ_CONSUME_CHECK_CONSUMER) timestamp=7674 ms, used_size=12087296 bytes (29.5%)
(RDMA_READ_CONSUME_CHECK_CONSUMER) timestamp=7674 ms, used_size=12085248 bytes (29.5%)
(RDMA_READ_CONSUME_CHECK_CONSUMER) timestamp=7674 ms, used_size=12083200 bytes (29.5%)
(RDMA_READ_CONSUME_CHECK_CONSUMER) timestamp=7674 ms, used_size=12081152 bytes (29.5%)
(RDMA_READ_CONSUME_CHECK_CONSUMER) timestamp=7674 ms, used_size=12079104 bytes (29.5%)
(RDMA_READ_CONSUME_CHECK_CONSUMER) timestamp=7674 ms, used_size=12077056 bytes (29.5%)
(RDMA_READ_CONSUME_CHECK_CONSUMER) timestamp=7674 ms, used_size=12075008 bytes (29.5%)
(RDMA_READ_CONSUME_CHECK_CONSUMER) timestamp=7674 ms, used_size=12072960 bytes (29.5%)
(RDMA_READ_CONSUME_CHECK_CONSUMER) timestamp=7674 ms, used_size=12070912 bytes (29.5%)
(RDMA_READ_CONSUME_CHECK_CONSUMER) timestamp=7674 ms, used_size=12068864 bytes (29.5%)
(RDMA_READ_CONSUME_CHECK_CONSUMER) timestamp=7674 ms, used_size=12066816 bytes (29.5%)
(RDMA_READ_CONSUME_CHECK_CONSUMER) timestamp=7674 ms, used_size=12064768 bytes (29.5%)
(RDMA_READ_CONSUME_CHECK_CONSUMER) timestamp=7674 ms, used_size=12062720 bytes (29.4%)
(RDMA_READ_CONSUME_CHECK_CONSUMER) timestamp=7674 ms, used_size=12060672 bytes (29.4%)
(RDMA_READ_CONSUME_CHECK_CONSUMER) timestamp=7674 ms, used_size=12058624 bytes (29.4%)
(RDMA_READ_CONSUME_CHECK_CONSUMER) timestamp=7674 ms, used_size=12056576 bytes (29.4%)
(RDMA_READ_CONSUME_CHECK_CONSUMER) timestamp=7674 ms, used_size=12054528 bytes (29.4%)
(RDMA_READ_CONSUME_CHECK_CONSUMER) timestamp=7674 ms, used_size=12052480 bytes (29.4%)
(RDMA_READ_CONSUME_CHECK_CONSUMER) timestamp=7674 ms, used_size=12050432 bytes (29.4%)
(RDMA_READ_CONSUME_CHECK_CONSUMER) timestamp=7674 ms, used_size=12048384 bytes (29.4%)
(RDMA_READ_CONSUME_CHECK_CONSUMER) timestamp=7674 ms, used_size=12046336 bytes (29.4%)
(RDMA_READ_CONSUME_CHECK_CONSUMER) timestamp=7674 ms, used_size=12044288 bytes (29.4%)
(RDMA_READ_CONSUME_CHECK_CONSUMER) timestamp=7674 ms, used_size=12042240 bytes (29.4%)
(RDMA_READ_CONSUME_CHECK_CONSUMER) timestamp=7674 ms, used_size=12040192 bytes (29.4%)
(RDMA_READ_CONSUME_CHECK_CONSUMER) timestamp=7674 ms, used_size=12038144 bytes (29.4%)
(RDMA_READ_CONSUME_CHECK_CONSUMER) timestamp=7674 ms, used_size=12036096 bytes (29.4%)
(RDMA_READ_CONSUME_CHECK_CONSUMER) timestamp=7674 ms, used_size=12034048 bytes (29.4%)
(RDMA_READ_CONSUME_CHECK_CONSUMER) timestamp=7674 ms, used_size=12032000 bytes (29.4%)
(RDMA_READ_CONSUME_CHECK_CONSUMER) timestamp=7674 ms, used_size=12029952 bytes (29.4%)
(RDMA_READ_CONSUME_CHECK_CONSUMER) timestamp=7675 ms, used_size=12027904 bytes (29.4%)
(RDMA_READ_CONSUME_CHECK_CONSUMER) timestamp=7675 ms, used_size=12025856 bytes (29.4%)
(RDMA_READ_CONSUME_CHECK_CONSUMER) timestamp=7675 ms, used_size=12023808 bytes (29.4%)
(RDMA_READ_CONSUME_CHECK_CONSUMER) timestamp=7675 ms, used_size=12021760 bytes (29.4%)
(RDMA_READ_CONSUME_CHECK_CONSUMER) timestamp=7675 ms, used_size=12019712 bytes (29.3%)
(RDMA_READ_CONSUME_CHECK_CONSUMER) timestamp=7675 ms, used_size=12017664 bytes (29.3%)
(RDMA_READ_CONSUME_CHECK_CONSUMER) timestamp=7675 ms, used_size=12015616 bytes (29.3%)
(RDMA_READ_CONSUME_CHECK_CONSUMER) timestamp=7675 ms, used_size=12013568 bytes (29.3%)
(RDMA_READ_CONSUME_CHECK_CONSUMER) timestamp=7675 ms, used_size=12011520 bytes (29.3%)
(RDMA_READ_CONSUME_CHECK_CONSUMER) timestamp=7675 ms, used_size=12009472 bytes (29.3%)
(RDMA_READ_CONSUME_CHECK_CONSUMER) timestamp=7675 ms, used_size=12007424 bytes (29.3%)
(RDMA_READ_CONSUME_CHECK_CONSUMER) timestamp=7675 ms, used_size=12005376 bytes (29.3%)
(RDMA_READ_CONSUME_CHECK_CONSUMER) timestamp=7675 ms, used_size=12003328 bytes (29.3%)
(RDMA_READ_CONSUME_CHECK_CONSUMER) timestamp=7675 ms, used_size=12001280 bytes (29.3%)
(RDMA_READ_CONSUME_CHECK_CONSUMER) timestamp=7675 ms, used_size=11999232 bytes (29.3%)
(RDMA_READ_CONSUME_CHECK_CONSUMER) timestamp=7675 ms, used_size=11997184 bytes (29.3%)
(RDMA_READ_CONSUME_CHECK_CONSUMER) timestamp=7675 ms, used_size=11995136 bytes (29.3%)
(RDMA_READ_CONSUME_CHECK_CONSUMER) timestamp=7675 ms, used_size=11993088 bytes (29.3%)
(RDMA_READ_CONSUME_CHECK_CONSUMER) timestamp=7675 ms, used_size=11991040 bytes (29.3%)
(RDMA_READ_CONSUME_CHECK_CONSUMER) timestamp=7675 ms, used_size=11988992 bytes (29.3%)
(RDMA_READ_CONSUME_CHECK_CONSUMER) timestamp=7675 ms, used_size=11986944 bytes (29.3%)
(RDMA_READ_CONSUME_CHECK_CONSUMER) timestamp=7675 ms, used_size=11984896 bytes (29.3%)
(RDMA_READ_CONSUME_CHECK_CONSUMER) timestamp=7675 ms, used_size=11982848 bytes (29.3%)
(RDMA_READ_CONSUME_CHECK_CONSUMER) timestamp=7675 ms, used_size=11980800 bytes (29.2%)
(RDMA_READ_CONSUME_CHECK_CONSUMER) timestamp=7675 ms, used_size=11978752 bytes (29.2%)
(RDMA_READ_CONSUME_CHECK_CONSUMER) timestamp=7675 ms, used_size=11976704 bytes (29.2%)
(RDMA_READ_CONSUME_CHECK_CONSUMER) timestamp=7675 ms, used_size=11974656 bytes (29.2%)
(RDMA_READ_CONSUME_CHECK_CONSUMER) timestamp=7675 ms, used_size=11972608 bytes (29.2%)
(RDMA_READ_CONSUME_CHECK_CONSUMER) timestamp=7675 ms, used_size=11970560 bytes (29.2%)
(RDMA_READ_CONSUME_CHECK_CONSUMER) timestamp=7675 ms, used_size=11968512 bytes (29.2%)
(RDMA_READ_CONSUME_CHECK_CONSUMER) timestamp=7675 ms, used_size=11966464 bytes (29.2%)
(RDMA_READ_CONSUME_CHECK_CONSUMER) timestamp=7675 ms, used_size=11964416 bytes (29.2%)
(RDMA_READ_CONSUME_CHECK_CONSUMER) timestamp=7675 ms, used_size=11962368 bytes (29.2%)
(RDMA_READ_CONSUME_CHECK_CONSUMER) timestamp=7675 ms, used_size=11960320 bytes (29.2%)
(RDMA_READ_CONSUME_CHECK_CONSUMER) timestamp=7675 ms, used_size=11958272 bytes (29.2%)
(RDMA_READ_CONSUME_CHECK_CONSUMER) timestamp=7675 ms, used_size=11956224 bytes (29.2%)
(RDMA_READ_CONSUME_CHECK_CONSUMER) timestamp=7675 ms, used_size=11954176 bytes (29.2%)
(RDMA_READ_CONSUME_CHECK_CONSUMER) timestamp=7675 ms, used_size=11952128 bytes (29.2%)
(RDMA_READ_CONSUME_CHECK_CONSUMER) timestamp=7675 ms, used_size=11950080 bytes (29.2%)
(RDMA_READ_CONSUME_CHECK_CONSUMER) timestamp=7675 ms, used_size=11948032 bytes (29.2%)
(RDMA_READ_CONSUME_CHECK_CONSUMER) timestamp=7675 ms, used_size=11945984 bytes (29.2%)
(RDMA_READ_CONSUME_CHECK_CONSUMER) timestamp=7675 ms, used_size=11943936 bytes (29.2%)
(RDMA_READ_CONSUME_CHECK_CONSUMER) timestamp=7675 ms, used_size=11941888 bytes (29.2%)
(RDMA_READ_CONSUME_CHECK_CONSUMER) timestamp=7675 ms, used_size=11939840 bytes (29.1%)
(RDMA_READ_CONSUME_CHECK_CONSUMER) timestamp=7675 ms, used_size=11937792 bytes (29.1%)
(RDMA_READ_CONSUME_CHECK_CONSUMER) timestamp=7675 ms, used_size=11935744 bytes (29.1%)
(RDMA_READ_CONSUME_CHECK_CONSUMER) timestamp=7675 ms, used_size=11933696 bytes (29.1%)
(RDMA_READ_CONSUME_CHECK_CONSUMER) timestamp=7675 ms, used_size=11931648 bytes (29.1%)
(RDMA_READ_CONSUME_CHECK_CONSUMER) timestamp=7675 ms, used_size=11929600 bytes (29.1%)
(RDMA_READ_CONSUME_CHECK_CONSUMER) timestamp=7675 ms, used_size=11927552 bytes (29.1%)
(RDMA_READ_CONSUME_CHECK_CONSUMER) timestamp=7675 ms, used_size=11925504 bytes (29.1%)
(RDMA_READ_CONSUME_CHECK_CONSUMER) timestamp=7675 ms, used_size=11923456 bytes (29.1%)
(RDMA_READ_CONSUME_CHECK_CONSUMER) timestamp=7675 ms, used_size=11921408 bytes (29.1%)
(RDMA_READ_CONSUME_CHECK_CONSUMER) timestamp=7675 ms, used_size=11919360 bytes (29.1%)
(RDMA_READ_CONSUME_CHECK_CONSUMER) timestamp=7675 ms, used_size=11917312 bytes (29.1%)
(RDMA_READ_CONSUME_CHECK_CONSUMER) timestamp=7675 ms, used_size=11915264 bytes (29.1%)
(RDMA_READ_CONSUME_CHECK_CONSUMER) timestamp=7675 ms, used_size=11913216 bytes (29.1%)
(RDMA_READ_CONSUME_CHECK_CONSUMER) timestamp=7675 ms, used_size=11911168 bytes (29.1%)
(RDMA_READ_CONSUME_CHECK_CONSUMER) timestamp=7675 ms, used_size=11909120 bytes (29.1%)
(RDMA_READ_CONSUME_CHECK_CONSUMER) timestamp=7675 ms, used_size=11907072 bytes (29.1%)
(RDMA_READ_CONSUME_CHECK_CONSUMER) timestamp=7675 ms, used_size=11905024 bytes (29.1%)
(RDMA_READ_CONSUME_CHECK_CONSUMER) timestamp=7675 ms, used_size=11902976 bytes (29.1%)
(RDMA_READ_CONSUME_CHECK_CONSUMER) timestamp=7675 ms, used_size=11900928 bytes (29.1%)
(RDMA_READ_CONSUME_CHECK_CONSUMER) timestamp=7675 ms, used_size=11898880 bytes (29.1%)
(RDMA_READ_CONSUME_CHECK_CONSUMER) timestamp=7675 ms, used_size=11896832 bytes (29.0%)
(RDMA_READ_CONSUME_CHECK_CONSUMER) timestamp=7675 ms, used_size=11894784 bytes (29.0%)
(RDMA_READ_CONSUME_CHECK_CONSUMER) timestamp=7675 ms, used_size=11892736 bytes (29.0%)
(RDMA_READ_CONSUME_CHECK_CONSUMER) timestamp=7675 ms, used_size=11890688 bytes (29.0%)
(RDMA_READ_CONSUME_CHECK_CONSUMER) timestamp=7675 ms, used_size=11888640 bytes (29.0%)
(RDMA_READ_CONSUME_CHECK_CONSUMER) timestamp=7675 ms, used_size=11886592 bytes (29.0%)
(RDMA_READ_CONSUME_CHECK_CONSUMER) timestamp=7675 ms, used_size=11884544 bytes (29.0%)
(RDMA_READ_CONSUME_CHECK_CONSUMER) timestamp=7675 ms, used_size=11882496 bytes (29.0%)
(RDMA_READ_CONSUME_CHECK_CONSUMER) timestamp=7675 ms, used_size=11880448 bytes (29.0%)
(RDMA_READ_CONSUME_CHECK_CONSUMER) timestamp=7675 ms, used_size=11878400 bytes (29.0%)
(RDMA_READ_CONSUME_CHECK_CONSUMER) timestamp=7675 ms, used_size=11876352 bytes (29.0%)
(RDMA_READ_CONSUME_CHECK_CONSUMER) timestamp=7675 ms, used_size=11874304 bytes (29.0%)
(RDMA_READ_CONSUME_CHECK_CONSUMER) timestamp=7675 ms, used_size=11872256 bytes (29.0%)
(RDMA_READ_CONSUME_CHECK_CONSUMER) timestamp=7675 ms, used_size=11870208 bytes (29.0%)
(RDMA_READ_CONSUME_CHECK_CONSUMER) timestamp=7675 ms, used_size=11868160 bytes (29.0%)
(RDMA_READ_CONSUME_CHECK_CONSUMER) timestamp=7675 ms, used_size=11866112 bytes (29.0%)
(RDMA_READ_CONSUME_CHECK_CONSUMER) timestamp=7675 ms, used_size=11864064 bytes (29.0%)
(RDMA_READ_CONSUME_CHECK_CONSUMER) timestamp=7675 ms, used_size=11862016 bytes (29.0%)
(RDMA_READ_CONSUME_CHECK_CONSUMER) timestamp=7675 ms, used_size=11859968 bytes (29.0%)
(RDMA_READ_CONSUME_CHECK_CONSUMER) timestamp=7675 ms, used_size=11857920 bytes (28.9%)
(RDMA_READ_CONSUME_CHECK_CONSUMER) timestamp=7675 ms, used_size=11855872 bytes (28.9%)
(RDMA_READ_CONSUME_CHECK_CONSUMER) timestamp=7675 ms, used_size=11853824 bytes (28.9%)
(RDMA_READ_CONSUME_CHECK_CONSUMER) timestamp=7675 ms, used_size=11851776 bytes (28.9%)
(RDMA_READ_CONSUME_CHECK_CONSUMER) timestamp=7675 ms, used_size=11849728 bytes (28.9%)
(RDMA_READ_CONSUME_CHECK_CONSUMER) timestamp=7675 ms, used_size=11847680 bytes (28.9%)
(RDMA_READ_CONSUME_CHECK_CONSUMER) timestamp=7675 ms, used_size=11845632 bytes (28.9%)
(RDMA_READ_CONSUME_CHECK_CONSUMER) timestamp=7675 ms, used_size=11843584 bytes (28.9%)
(RDMA_READ_CONSUME_CHECK_CONSUMER) timestamp=7675 ms, used_size=11841536 bytes (28.9%)
(RDMA_READ_CONSUME_CHECK_CONSUMER) timestamp=7675 ms, used_size=11839488 bytes (28.9%)
(RDMA_READ_CONSUME_CHECK_CONSUMER) timestamp=7675 ms, used_size=11837440 bytes (28.9%)
(RDMA_READ_CONSUME_CHECK_CONSUMER) timestamp=7675 ms, used_size=11835392 bytes (28.9%)
(RDMA_READ_CONSUME_CHECK_CONSUMER) timestamp=7675 ms, used_size=11833344 bytes (28.9%)
(RDMA_READ_CONSUME_CHECK_CONSUMER) timestamp=7675 ms, used_size=11831296 bytes (28.9%)
(RDMA_READ_CONSUME_CHECK_CONSUMER) timestamp=7675 ms, used_size=11829248 bytes (28.9%)
(RDMA_READ_CONSUME_CHECK_CONSUMER) timestamp=7675 ms, used_size=11827200 bytes (28.9%)
(RDMA_READ_CONSUME_CHECK_CONSUMER) timestamp=7675 ms, used_size=11825152 bytes (28.9%)
(RDMA_READ_CONSUME_CHECK_CONSUMER) timestamp=7675 ms, used_size=11823104 bytes (28.9%)
(RDMA_READ_CONSUME_CHECK_CONSUMER) timestamp=7675 ms, used_size=11821056 bytes (28.9%)
(RDMA_READ_CONSUME_CHECK_CONSUMER) timestamp=7675 ms, used_size=11819008 bytes (28.9%)
(RDMA_READ_CONSUME_CHECK_CONSUMER) timestamp=7675 ms, used_size=11816960 bytes (28.9%)
(RDMA_READ_CONSUME_CHECK_CONSUMER) timestamp=7675 ms, used_size=11814912 bytes (28.8%)
(RDMA_READ_CONSUME_CHECK_CONSUMER) timestamp=7675 ms, used_size=11812864 bytes (28.8%)
(RDMA_READ_CONSUME_CHECK_CONSUMER) timestamp=7675 ms, used_size=11810816 bytes (28.8%)
(RDMA_READ_CONSUME_CHECK_CONSUMER) timestamp=7675 ms, used_size=11808768 bytes (28.8%)
(RDMA_READ_CONSUME_CHECK_CONSUMER) timestamp=7675 ms, used_size=11806720 bytes (28.8%)
(RDMA_READ_CONSUME_CHECK_CONSUMER) timestamp=7675 ms, used_size=11804672 bytes (28.8%)
(RDMA_READ_CONSUME_CHECK_CONSUMER) timestamp=7675 ms, used_size=11802624 bytes (28.8%)
(RDMA_READ_CONSUME_CHECK_CONSUMER) timestamp=7675 ms, used_size=11800576 bytes (28.8%)
(RDMA_READ_CONSUME_CHECK_CONSUMER) timestamp=7675 ms, used_size=11798528 bytes (28.8%)
(RDMA_READ_CONSUME_CHECK_CONSUMER) timestamp=7675 ms, used_size=11796480 bytes (28.8%)
(RDMA_READ_CONSUME_CHECK_CONSUMER) timestamp=7675 ms, used_size=11794432 bytes (28.8%)
(RDMA_READ_CONSUME_CHECK_CONSUMER) timestamp=7675 ms, used_size=11792384 bytes (28.8%)
(RDMA_READ_CONSUME_CHECK_CONSUMER) timestamp=7675 ms, used_size=11790336 bytes (28.8%)
(RDMA_READ_CONSUME_CHECK_CONSUMER) timestamp=7675 ms, used_size=11788288 bytes (28.8%)
(RDMA_READ_CONSUME_CHECK_CONSUMER) timestamp=7675 ms, used_size=11786240 bytes (28.8%)
(RDMA_READ_CONSUME_CHECK_CONSUMER) timestamp=7675 ms, used_size=11784192 bytes (28.8%)
(RDMA_READ_CONSUME_CHECK_CONSUMER) timestamp=7675 ms, used_size=11782144 bytes (28.8%)
(RDMA_READ_CONSUME_CHECK_CONSUMER) timestamp=7675 ms, used_size=11780096 bytes (28.8%)
(RDMA_READ_CONSUME_CHECK_CONSUMER) timestamp=7675 ms, used_size=11778048 bytes (28.8%)
(RDMA_READ_CONSUME_CHECK_CONSUMER) timestamp=7675 ms, used_size=11776000 bytes (28.8%)
(RDMA_READ_CONSUME_CHECK_CONSUMER) timestamp=7675 ms, used_size=11773952 bytes (28.7%)
(RDMA_READ_CONSUME_CHECK_CONSUMER) timestamp=7675 ms, used_size=11771904 bytes (28.7%)
(RDMA_READ_CONSUME_CHECK_CONSUMER) timestamp=7675 ms, used_size=11769856 bytes (28.7%)
(RDMA_READ_CONSUME_CHECK_CONSUMER) timestamp=7675 ms, used_size=11767808 bytes (28.7%)
(RDMA_READ_CONSUME_CHECK_CONSUMER) timestamp=7675 ms, used_size=11765760 bytes (28.7%)
(RDMA_READ_CONSUME_CHECK_CONSUMER) timestamp=7675 ms, used_size=11763712 bytes (28.7%)
(RDMA_READ_CONSUME_CHECK_CONSUMER) timestamp=7675 ms, used_size=11761664 bytes (28.7%)
(RDMA_READ_CONSUME_CHECK_CONSUMER) timestamp=7675 ms, used_size=11759616 bytes (28.7%)
(RDMA_READ_CONSUME_CHECK_CONSUMER) timestamp=7675 ms, used_size=11757568 bytes (28.7%)
(RDMA_READ_CONSUME_CHECK_CONSUMER) timestamp=7675 ms, used_size=11755520 bytes (28.7%)
(RDMA_READ_CONSUME_CHECK_CONSUMER) timestamp=7675 ms, used_size=11753472 bytes (28.7%)
(RDMA_READ_CONSUME_CHECK_CONSUMER) timestamp=7675 ms, used_size=11751424 bytes (28.7%)
(RDMA_READ_CONSUME_CHECK_CONSUMER) timestamp=7675 ms, used_size=11749376 bytes (28.7%)
(RDMA_READ_CONSUME_CHECK_CONSUMER) timestamp=7675 ms, used_size=11747328 bytes (28.7%)
(RDMA_READ_CONSUME_CHECK_CONSUMER) timestamp=7675 ms, used_size=11745280 bytes (28.7%)
(RDMA_READ_CONSUME_CHECK_CONSUMER) timestamp=7675 ms, used_size=11743232 bytes (28.7%)
(RDMA_READ_CONSUME_CHECK_CONSUMER) timestamp=7675 ms, used_size=11741184 bytes (28.7%)
(RDMA_READ_CONSUME_CHECK_CONSUMER) timestamp=7675 ms, used_size=11739136 bytes (28.7%)
(RDMA_READ_CONSUME_CHECK_CONSUMER) timestamp=7675 ms, used_size=11737088 bytes (28.7%)
(RDMA_READ_CONSUME_CHECK_CONSUMER) timestamp=7675 ms, used_size=11735040 bytes (28.6%)
(RDMA_READ_CONSUME_CHECK_CONSUMER) timestamp=7675 ms, used_size=11732992 bytes (28.6%)
(RDMA_READ_CONSUME_CHECK_CONSUMER) timestamp=7675 ms, used_size=11730944 bytes (28.6%)
(RDMA_READ_CONSUME_CHECK_CONSUMER) timestamp=7675 ms, used_size=11728896 bytes (28.6%)
(RDMA_READ_CONSUME_CHECK_CONSUMER) timestamp=7675 ms, used_size=11726848 bytes (28.6%)
(RDMA_READ_CONSUME_CHECK_CONSUMER) timestamp=7675 ms, used_size=11724800 bytes (28.6%)
(RDMA_READ_CONSUME_CHECK_CONSUMER) timestamp=7675 ms, used_size=11722752 bytes (28.6%)
(RDMA_READ_CONSUME_CHECK_CONSUMER) timestamp=7675 ms, used_size=11720704 bytes (28.6%)
(RDMA_READ_CONSUME_CHECK_CONSUMER) timestamp=7675 ms, used_size=11718656 bytes (28.6%)
(RDMA_READ_CONSUME_CHECK_CONSUMER) timestamp=7675 ms, used_size=11716608 bytes (28.6%)
(RDMA_READ_CONSUME_CHECK_CONSUMER) timestamp=7675 ms, used_size=11714560 bytes (28.6%)
(RDMA_READ_CONSUME_CHECK_CONSUMER) timestamp=7675 ms, used_size=11712512 bytes (28.6%)
(RDMA_READ_CONSUME_CHECK_CONSUMER) timestamp=7675 ms, used_size=11710464 bytes (28.6%)
(RDMA_READ_CONSUME_CHECK_CONSUMER) timestamp=7675 ms, used_size=11708416 bytes (28.6%)
(RDMA_READ_CONSUME_CHECK_CONSUMER) timestamp=7675 ms, used_size=11706368 bytes (28.6%)
(RDMA_READ_CONSUME_CHECK_CONSUMER) timestamp=7675 ms, used_size=11704320 bytes (28.6%)
(RDMA_READ_CONSUME_CHECK_CONSUMER) timestamp=7675 ms, used_size=11702272 bytes (28.6%)
(RDMA_READ_CONSUME_CHECK_CONSUMER) timestamp=7675 ms, used_size=11700224 bytes (28.6%)
(RDMA_READ_CONSUME_CHECK_CONSUMER) timestamp=7675 ms, used_size=11698176 bytes (28.6%)
(RDMA_READ_CONSUME_CHECK_CONSUMER) timestamp=7675 ms, used_size=11696128 bytes (28.6%)
(RDMA_READ_CONSUME_CHECK_CONSUMER) timestamp=7675 ms, used_size=11694080 bytes (28.6%)
(RDMA_READ_CONSUME_CHECK_CONSUMER) timestamp=7675 ms, used_size=11692032 bytes (28.5%)
(RDMA_READ_CONSUME_CHECK_CONSUMER) timestamp=7675 ms, used_size=11689984 bytes (28.5%)
(RDMA_READ_CONSUME_CHECK_CONSUMER) timestamp=7675 ms, used_size=11687936 bytes (28.5%)
(RDMA_READ_CONSUME_CHECK_CONSUMER) timestamp=7675 ms, used_size=11685888 bytes (28.5%)
(RDMA_READ_CONSUME_CHECK_CONSUMER) timestamp=7675 ms, used_size=11683840 bytes (28.5%)
(RDMA_READ_CONSUME_CHECK_CONSUMER) timestamp=7675 ms, used_size=11681792 bytes (28.5%)
(RDMA_READ_CONSUME_CHECK_CONSUMER) timestamp=7675 ms, used_size=11679744 bytes (28.5%)
(RDMA_READ_CONSUME_CHECK_CONSUMER) timestamp=7675 ms, used_size=11677696 bytes (28.5%)
(RDMA_READ_CONSUME_CHECK_CONSUMER) timestamp=7675 ms, used_size=11675648 bytes (28.5%)
(RDMA_READ_CONSUME_CHECK_CONSUMER) timestamp=7675 ms, used_size=11673600 bytes (28.5%)
(RDMA_READ_CONSUME_CHECK_CONSUMER) timestamp=7675 ms, used_size=11671552 bytes (28.5%)
(RDMA_READ_CONSUME_CHECK_CONSUMER) timestamp=7675 ms, used_size=11669504 bytes (28.5%)
(RDMA_READ_CONSUME_CHECK_CONSUMER) timestamp=7675 ms, used_size=11667456 bytes (28.5%)
(RDMA_READ_CONSUME_CHECK_CONSUMER) timestamp=7675 ms, used_size=11665408 bytes (28.5%)
(RDMA_READ_CONSUME_CHECK_CONSUMER) timestamp=7675 ms, used_size=11663360 bytes (28.5%)
(RDMA_READ_CONSUME_CHECK_CONSUMER) timestamp=7675 ms, used_size=11661312 bytes (28.5%)
(RDMA_READ_CONSUME_CHECK_CONSUMER) timestamp=7675 ms, used_size=11659264 bytes (28.5%)
(RDMA_READ_CONSUME_CHECK_CONSUMER) timestamp=7675 ms, used_size=11657216 bytes (28.5%)
(RDMA_READ_CONSUME_CHECK_CONSUMER) timestamp=7675 ms, used_size=11655168 bytes (28.5%)
(RDMA_READ_CONSUME_CHECK_CONSUMER) timestamp=7675 ms, used_size=11653120 bytes (28.4%)
(RDMA_READ_CONSUME_CHECK_CONSUMER) timestamp=7675 ms, used_size=11651072 bytes (28.4%)
(RDMA_READ_CONSUME_CHECK_CONSUMER) timestamp=7676 ms, used_size=11649024 bytes (28.4%)
(RDMA_READ_CONSUME_CHECK_CONSUMER) timestamp=7676 ms, used_size=11646976 bytes (28.4%)
(RDMA_READ_CONSUME_CHECK_CONSUMER) timestamp=7676 ms, used_size=11644928 bytes (28.4%)
(RDMA_READ_CONSUME_CHECK_CONSUMER) timestamp=7676 ms, used_size=11642880 bytes (28.4%)
(RDMA_READ_CONSUME_CHECK_CONSUMER) timestamp=7676 ms, used_size=11640832 bytes (28.4%)
(RDMA_READ_CONSUME_CHECK_CONSUMER) timestamp=7676 ms, used_size=11638784 bytes (28.4%)
(RDMA_READ_CONSUME_CHECK_CONSUMER) timestamp=7676 ms, used_size=11636736 bytes (28.4%)
(RDMA_READ_CONSUME_CHECK_CONSUMER) timestamp=7676 ms, used_size=11634688 bytes (28.4%)
(RDMA_READ_CONSUME_CHECK_CONSUMER) timestamp=7676 ms, used_size=11632640 bytes (28.4%)
(RDMA_READ_CONSUME_CHECK_CONSUMER) timestamp=7676 ms, used_size=11630592 bytes (28.4%)
(RDMA_READ_CONSUME_CHECK_CONSUMER) timestamp=7676 ms, used_size=11628544 bytes (28.4%)
(RDMA_READ_CONSUME_CHECK_CONSUMER) timestamp=7676 ms, used_size=11626496 bytes (28.4%)
(RDMA_READ_CONSUME_CHECK_CONSUMER) timestamp=7676 ms, used_size=11624448 bytes (28.4%)
(RDMA_READ_CONSUME_CHECK_CONSUMER) timestamp=7676 ms, used_size=11622400 bytes (28.4%)
(RDMA_READ_CONSUME_CHECK_CONSUMER) timestamp=7676 ms, used_size=11620352 bytes (28.4%)
(RDMA_READ_CONSUME_CHECK_CONSUMER) timestamp=7676 ms, used_size=11618304 bytes (28.4%)
(RDMA_READ_CONSUME_CHECK_CONSUMER) timestamp=7676 ms, used_size=11616256 bytes (28.4%)
(RDMA_READ_CONSUME_CHECK_CONSUMER) timestamp=7676 ms, used_size=11614208 bytes (28.4%)
(RDMA_READ_CONSUME_CHECK_CONSUMER) timestamp=7676 ms, used_size=11612160 bytes (28.4%)
(RDMA_READ_CONSUME_CHECK_CONSUMER) timestamp=7676 ms, used_size=11610112 bytes (28.3%)
(RDMA_READ_CONSUME_CHECK_CONSUMER) timestamp=7676 ms, used_size=11608064 bytes (28.3%)
(RDMA_READ_CONSUME_CHECK_CONSUMER) timestamp=7676 ms, used_size=11606016 bytes (28.3%)
(RDMA_READ_CONSUME_CHECK_CONSUMER) timestamp=7676 ms, used_size=11603968 bytes (28.3%)
(RDMA_READ_CONSUME_CHECK_CONSUMER) timestamp=7676 ms, used_size=11601920 bytes (28.3%)
(RDMA_READ_CONSUME_CHECK_CONSUMER) timestamp=7676 ms, used_size=11599872 bytes (28.3%)
(RDMA_READ_CONSUME_CHECK_CONSUMER) timestamp=7676 ms, used_size=11597824 bytes (28.3%)
(RDMA_READ_CONSUME_CHECK_CONSUMER) timestamp=7676 ms, used_size=11595776 bytes (28.3%)
(RDMA_READ_CONSUME_CHECK_CONSUMER) timestamp=7676 ms, used_size=11593728 bytes (28.3%)
(RDMA_READ_CONSUME_CHECK_CONSUMER) timestamp=7676 ms, used_size=11591680 bytes (28.3%)
(RDMA_READ_CONSUME_CHECK_CONSUMER) timestamp=7676 ms, used_size=11589632 bytes (28.3%)
(RDMA_READ_CONSUME_CHECK_CONSUMER) timestamp=7676 ms, used_size=11587584 bytes (28.3%)
(RDMA_READ_CONSUME_CHECK_CONSUMER) timestamp=7676 ms, used_size=11585536 bytes (28.3%)
(RDMA_READ_CONSUME_CHECK_CONSUMER) timestamp=7676 ms, used_size=11583488 bytes (28.3%)
(RDMA_READ_CONSUME_CHECK_CONSUMER) timestamp=7676 ms, used_size=11581440 bytes (28.3%)
(RDMA_READ_CONSUME_CHECK_CONSUMER) timestamp=7676 ms, used_size=11579392 bytes (28.3%)
(RDMA_READ_CONSUME_CHECK_CONSUMER) timestamp=7676 ms, used_size=11577344 bytes (28.3%)
(RDMA_READ_CONSUME_CHECK_CONSUMER) timestamp=7676 ms, used_size=11575296 bytes (28.3%)
(RDMA_READ_CONSUME_CHECK_CONSUMER) timestamp=7676 ms, used_size=11573248 bytes (28.3%)
(RDMA_READ_CONSUME_CHECK_CONSUMER) timestamp=7676 ms, used_size=11571200 bytes (28.2%)
(RDMA_READ_CONSUME_CHECK_CONSUMER) timestamp=7676 ms, used_size=11569152 bytes (28.2%)
(RDMA_READ_CONSUME_CHECK_CONSUMER) timestamp=7676 ms, used_size=11567104 bytes (28.2%)
(RDMA_READ_CONSUME_CHECK_CONSUMER) timestamp=7676 ms, used_size=11565056 bytes (28.2%)
(RDMA_READ_CONSUME_CHECK_CONSUMER) timestamp=7676 ms, used_size=11563008 bytes (28.2%)
(RDMA_READ_CONSUME_CHECK_CONSUMER) timestamp=7676 ms, used_size=11560960 bytes (28.2%)
(RDMA_READ_CONSUME_CHECK_CONSUMER) timestamp=7676 ms, used_size=11558912 bytes (28.2%)
(RDMA_READ_CONSUME_CHECK_CONSUMER) timestamp=7676 ms, used_size=11556864 bytes (28.2%)
(RDMA_READ_CONSUME_CHECK_CONSUMER) timestamp=7676 ms, used_size=11554816 bytes (28.2%)
(RDMA_READ_CONSUME_CHECK_CONSUMER) timestamp=7676 ms, used_size=11552768 bytes (28.2%)
(RDMA_READ_CONSUME_CHECK_CONSUMER) timestamp=7676 ms, used_size=11550720 bytes (28.2%)
(RDMA_READ_CONSUME_CHECK_CONSUMER) timestamp=7676 ms, used_size=11548672 bytes (28.2%)
(RDMA_READ_CONSUME_CHECK_CONSUMER) timestamp=7676 ms, used_size=11546624 bytes (28.2%)
(RDMA_READ_CONSUME_CHECK_CONSUMER) timestamp=7676 ms, used_size=11544576 bytes (28.2%)
(RDMA_READ_CONSUME_CHECK_CONSUMER) timestamp=7676 ms, used_size=11542528 bytes (28.2%)
(RDMA_READ_CONSUME_CHECK_CONSUMER) timestamp=7676 ms, used_size=11540480 bytes (28.2%)
(RDMA_READ_CONSUME_CHECK_CONSUMER) timestamp=7676 ms, used_size=11538432 bytes (28.2%)
(RDMA_READ_CONSUME_CHECK_CONSUMER) timestamp=7676 ms, used_size=11536384 bytes (28.2%)
(RDMA_READ_CONSUME_CHECK_CONSUMER) timestamp=7676 ms, used_size=11534336 bytes (28.2%)
(RDMA_READ_CONSUME_CHECK_CONSUMER) timestamp=7676 ms, used_size=11532288 bytes (28.2%)
(RDMA_READ_CONSUME_CHECK_CONSUMER) timestamp=7676 ms, used_size=11530240 bytes (28.1%)
(RDMA_READ_CONSUME_CHECK_CONSUMER) timestamp=7676 ms, used_size=11528192 bytes (28.1%)
(RDMA_READ_CONSUME_CHECK_CONSUMER) timestamp=7676 ms, used_size=11526144 bytes (28.1%)
(RDMA_READ_CONSUME_CHECK_CONSUMER) timestamp=7676 ms, used_size=11524096 bytes (28.1%)
(RDMA_READ_CONSUME_CHECK_CONSUMER) timestamp=7676 ms, used_size=11522048 bytes (28.1%)
(RDMA_READ_CONSUME_CHECK_CONSUMER) timestamp=7676 ms, used_size=11520000 bytes (28.1%)
(RDMA_READ_CONSUME_CHECK_CONSUMER) timestamp=7676 ms, used_size=11517952 bytes (28.1%)
(RDMA_READ_CONSUME_CHECK_CONSUMER) timestamp=7676 ms, used_size=11515904 bytes (28.1%)
(RDMA_READ_CONSUME_CHECK_CONSUMER) timestamp=7676 ms, used_size=11513856 bytes (28.1%)
(RDMA_READ_CONSUME_CHECK_CONSUMER) timestamp=7676 ms, used_size=11511808 bytes (28.1%)
(RDMA_READ_CONSUME_CHECK_CONSUMER) timestamp=7676 ms, used_size=11509760 bytes (28.1%)
(RDMA_READ_CONSUME_CHECK_CONSUMER) timestamp=7676 ms, used_size=11507712 bytes (28.1%)
(RDMA_READ_CONSUME_CHECK_CONSUMER) timestamp=7676 ms, used_size=11505664 bytes (28.1%)
(RDMA_READ_CONSUME_CHECK_CONSUMER) timestamp=7676 ms, used_size=11503616 bytes (28.1%)
(RDMA_READ_CONSUME_CHECK_CONSUMER) timestamp=7676 ms, used_size=11501568 bytes (28.1%)
(RDMA_READ_CONSUME_CHECK_CONSUMER) timestamp=7676 ms, used_size=11499520 bytes (28.1%)
(RDMA_READ_CONSUME_CHECK_CONSUMER) timestamp=7676 ms, used_size=11497472 bytes (28.1%)
(RDMA_READ_CONSUME_CHECK_CONSUMER) timestamp=7676 ms, used_size=11495424 bytes (28.1%)
(RDMA_READ_CONSUME_CHECK_CONSUMER) timestamp=7676 ms, used_size=11493376 bytes (28.1%)
(RDMA_READ_CONSUME_CHECK_CONSUMER) timestamp=7676 ms, used_size=11491328 bytes (28.1%)
(RDMA_READ_CONSUME_CHECK_CONSUMER) timestamp=7676 ms, used_size=11489280 bytes (28.1%)
(RDMA_READ_CONSUME_CHECK_CONSUMER) timestamp=7676 ms, used_size=11487232 bytes (28.0%)
(RDMA_READ_CONSUME_CHECK_CONSUMER) timestamp=7676 ms, used_size=11485184 bytes (28.0%)
(RDMA_READ_CONSUME_CHECK_CONSUMER) timestamp=7676 ms, used_size=11483136 bytes (28.0%)
(RDMA_READ_CONSUME_CHECK_CONSUMER) timestamp=7676 ms, used_size=11481088 bytes (28.0%)
(RDMA_READ_CONSUME_CHECK_CONSUMER) timestamp=7676 ms, used_size=11479040 bytes (28.0%)
(RDMA_READ_CONSUME_CHECK_CONSUMER) timestamp=7676 ms, used_size=11476992 bytes (28.0%)
(RDMA_READ_CONSUME_CHECK_CONSUMER) timestamp=7676 ms, used_size=11474944 bytes (28.0%)
(RDMA_READ_CONSUME_CHECK_CONSUMER) timestamp=7676 ms, used_size=11472896 bytes (28.0%)
(RDMA_READ_CONSUME_CHECK_CONSUMER) timestamp=7676 ms, used_size=11470848 bytes (28.0%)
(RDMA_READ_CONSUME_CHECK_CONSUMER) timestamp=7676 ms, used_size=11468800 bytes (28.0%)
(RDMA_READ_CONSUME_CHECK_CONSUMER) timestamp=7676 ms, used_size=11466752 bytes (28.0%)
(RDMA_READ_CONSUME_CHECK_CONSUMER) timestamp=7676 ms, used_size=11464704 bytes (28.0%)
(RDMA_READ_CONSUME_CHECK_CONSUMER) timestamp=7676 ms, used_size=11462656 bytes (28.0%)
(RDMA_READ_CONSUME_CHECK_CONSUMER) timestamp=7676 ms, used_size=11460608 bytes (28.0%)
(RDMA_READ_CONSUME_CHECK_CONSUMER) timestamp=7676 ms, used_size=11458560 bytes (28.0%)
(RDMA_READ_CONSUME_CHECK_CONSUMER) timestamp=7676 ms, used_size=11456512 bytes (28.0%)
(RDMA_READ_CONSUME_CHECK_CONSUMER) timestamp=7676 ms, used_size=11454464 bytes (28.0%)
(RDMA_READ_CONSUME_CHECK_CONSUMER) timestamp=7676 ms, used_size=11452416 bytes (28.0%)
(RDMA_READ_CONSUME_CHECK_CONSUMER) timestamp=7676 ms, used_size=11450368 bytes (28.0%)
(RDMA_READ_CONSUME_CHECK_CONSUMER) timestamp=7676 ms, used_size=11448320 bytes (27.9%)
(RDMA_READ_CONSUME_CHECK_CONSUMER) timestamp=7676 ms, used_size=11446272 bytes (27.9%)
(RDMA_READ_CONSUME_CHECK_CONSUMER) timestamp=7676 ms, used_size=11444224 bytes (27.9%)
(RDMA_READ_CONSUME_CHECK_CONSUMER) timestamp=7676 ms, used_size=11442176 bytes (27.9%)
(RDMA_READ_CONSUME_CHECK_CONSUMER) timestamp=7676 ms, used_size=11440128 bytes (27.9%)
(RDMA_READ_CONSUME_CHECK_CONSUMER) timestamp=7676 ms, used_size=11438080 bytes (27.9%)
(RDMA_READ_CONSUME_CHECK_CONSUMER) timestamp=7676 ms, used_size=11436032 bytes (27.9%)
(RDMA_READ_CONSUME_CHECK_CONSUMER) timestamp=7676 ms, used_size=11433984 bytes (27.9%)
(RDMA_READ_CONSUME_CHECK_CONSUMER) timestamp=7676 ms, used_size=11431936 bytes (27.9%)
(RDMA_READ_CONSUME_CHECK_CONSUMER) timestamp=7676 ms, used_size=11429888 bytes (27.9%)
(RDMA_READ_CONSUME_CHECK_CONSUMER) timestamp=7676 ms, used_size=11427840 bytes (27.9%)
(RDMA_READ_CONSUME_CHECK_CONSUMER) timestamp=7676 ms, used_size=11425792 bytes (27.9%)
(RDMA_READ_CONSUME_CHECK_CONSUMER) timestamp=7676 ms, used_size=11423744 bytes (27.9%)
(RDMA_READ_CONSUME_CHECK_CONSUMER) timestamp=7676 ms, used_size=11421696 bytes (27.9%)
(RDMA_READ_CONSUME_CHECK_CONSUMER) timestamp=7676 ms, used_size=11419648 bytes (27.9%)
(RDMA_READ_CONSUME_CHECK_CONSUMER) timestamp=7676 ms, used_size=11417600 bytes (27.9%)
(RDMA_READ_CONSUME_CHECK_CONSUMER) timestamp=7676 ms, used_size=11415552 bytes (27.9%)
(RDMA_READ_CONSUME_CHECK_CONSUMER) timestamp=7676 ms, used_size=11413504 bytes (27.9%)
(RDMA_READ_CONSUME_CHECK_CONSUMER) timestamp=7676 ms, used_size=11411456 bytes (27.9%)
(RDMA_READ_CONSUME_CHECK_CONSUMER) timestamp=7676 ms, used_size=11409408 bytes (27.9%)
(RDMA_READ_CONSUME_CHECK_CONSUMER) timestamp=7676 ms, used_size=11407360 bytes (27.9%)
(RDMA_READ_CONSUME_CHECK_CONSUMER) timestamp=7676 ms, used_size=11405312 bytes (27.8%)
(RDMA_READ_CONSUME_CHECK_CONSUMER) timestamp=7676 ms, used_size=11403264 bytes (27.8%)
(RDMA_READ_CONSUME_CHECK_CONSUMER) timestamp=7676 ms, used_size=11401216 bytes (27.8%)
(RDMA_READ_CONSUME_CHECK_CONSUMER) timestamp=7676 ms, used_size=11399168 bytes (27.8%)
(RDMA_READ_CONSUME_CHECK_CONSUMER) timestamp=7676 ms, used_size=11397120 bytes (27.8%)
(RDMA_READ_CONSUME_CHECK_CONSUMER) timestamp=7676 ms, used_size=11395072 bytes (27.8%)
(RDMA_READ_CONSUME_CHECK_CONSUMER) timestamp=7676 ms, used_size=11393024 bytes (27.8%)
(RDMA_READ_CONSUME_CHECK_CONSUMER) timestamp=7676 ms, used_size=11390976 bytes (27.8%)
(RDMA_READ_CONSUME_CHECK_CONSUMER) timestamp=7676 ms, used_size=11388928 bytes (27.8%)
(RDMA_READ_CONSUME_CHECK_CONSUMER) timestamp=7676 ms, used_size=11386880 bytes (27.8%)
(RDMA_READ_CONSUME_CHECK_CONSUMER) timestamp=7676 ms, used_size=11384832 bytes (27.8%)
(RDMA_READ_CONSUME_CHECK_CONSUMER) timestamp=7676 ms, used_size=11382784 bytes (27.8%)
(RDMA_READ_CONSUME_CHECK_CONSUMER) timestamp=7676 ms, used_size=11380736 bytes (27.8%)
(RDMA_READ_CONSUME_CHECK_CONSUMER) timestamp=7676 ms, used_size=11378688 bytes (27.8%)
(RDMA_READ_CONSUME_CHECK_CONSUMER) timestamp=7676 ms, used_size=11376640 bytes (27.8%)
(RDMA_READ_CONSUME_CHECK_CONSUMER) timestamp=7676 ms, used_size=11374592 bytes (27.8%)
(RDMA_READ_CONSUME_CHECK_CONSUMER) timestamp=7676 ms, used_size=11372544 bytes (27.8%)
(RDMA_READ_CONSUME_CHECK_CONSUMER) timestamp=7676 ms, used_size=11370496 bytes (27.8%)
(RDMA_READ_CONSUME_CHECK_CONSUMER) timestamp=7676 ms, used_size=11368448 bytes (27.8%)
(RDMA_READ_CONSUME_CHECK_CONSUMER) timestamp=7676 ms, used_size=11366400 bytes (27.8%)
(RDMA_READ_CONSUME_CHECK_CONSUMER) timestamp=7676 ms, used_size=11364352 bytes (27.7%)
(RDMA_READ_CONSUME_CHECK_CONSUMER) timestamp=7676 ms, used_size=11362304 bytes (27.7%)
(RDMA_READ_CONSUME_CHECK_CONSUMER) timestamp=7676 ms, used_size=11360256 bytes (27.7%)
(RDMA_READ_CONSUME_CHECK_CONSUMER) timestamp=7676 ms, used_size=11358208 bytes (27.7%)
(RDMA_READ_CONSUME_CHECK_CONSUMER) timestamp=7676 ms, used_size=11356160 bytes (27.7%)
(RDMA_READ_CONSUME_CHECK_CONSUMER) timestamp=7676 ms, used_size=11354112 bytes (27.7%)
(RDMA_READ_CONSUME_CHECK_CONSUMER) timestamp=7676 ms, used_size=11352064 bytes (27.7%)
(RDMA_READ_CONSUME_CHECK_CONSUMER) timestamp=7676 ms, used_size=11350016 bytes (27.7%)
(RDMA_READ_CONSUME_CHECK_CONSUMER) timestamp=7676 ms, used_size=11347968 bytes (27.7%)
(RDMA_READ_CONSUME_CHECK_CONSUMER) timestamp=7676 ms, used_size=11345920 bytes (27.7%)
(RDMA_READ_CONSUME_CHECK_CONSUMER) timestamp=7676 ms, used_size=11343872 bytes (27.7%)
(RDMA_READ_CONSUME_CHECK_CONSUMER) timestamp=7676 ms, used_size=11341824 bytes (27.7%)
(RDMA_READ_CONSUME_CHECK_CONSUMER) timestamp=7676 ms, used_size=11339776 bytes (27.7%)
(RDMA_READ_CONSUME_CHECK_CONSUMER) timestamp=7676 ms, used_size=11337728 bytes (27.7%)
(RDMA_READ_CONSUME_CHECK_CONSUMER) timestamp=7676 ms, used_size=11335680 bytes (27.7%)
(RDMA_READ_CONSUME_CHECK_CONSUMER) timestamp=7676 ms, used_size=11333632 bytes (27.7%)
(RDMA_READ_CONSUME_CHECK_CONSUMER) timestamp=7676 ms, used_size=11331584 bytes (27.7%)
(RDMA_READ_CONSUME_CHECK_CONSUMER) timestamp=7676 ms, used_size=11329536 bytes (27.7%)
(RDMA_READ_CONSUME_CHECK_CONSUMER) timestamp=7676 ms, used_size=11327488 bytes (27.7%)
(RDMA_READ_CONSUME_CHECK_CONSUMER) timestamp=7676 ms, used_size=11325440 bytes (27.6%)
(RDMA_READ_CONSUME_CHECK_CONSUMER) timestamp=7676 ms, used_size=11323392 bytes (27.6%)
(RDMA_READ_CONSUME_CHECK_CONSUMER) timestamp=7676 ms, used_size=11321344 bytes (27.6%)
(RDMA_READ_CONSUME_CHECK_CONSUMER) timestamp=7676 ms, used_size=11319296 bytes (27.6%)
(RDMA_READ_CONSUME_CHECK_CONSUMER) timestamp=7676 ms, used_size=11317248 bytes (27.6%)
(RDMA_READ_CONSUME_CHECK_CONSUMER) timestamp=7676 ms, used_size=11315200 bytes (27.6%)
(RDMA_READ_CONSUME_CHECK_CONSUMER) timestamp=7676 ms, used_size=11313152 bytes (27.6%)
(RDMA_READ_CONSUME_CHECK_CONSUMER) timestamp=7676 ms, used_size=11311104 bytes (27.6%)
(RDMA_READ_CONSUME_CHECK_CONSUMER) timestamp=7676 ms, used_size=11309056 bytes (27.6%)
(RDMA_READ_CONSUME_CHECK_CONSUMER) timestamp=7676 ms, used_size=11307008 bytes (27.6%)
(RDMA_READ_CONSUME_CHECK_CONSUMER) timestamp=7676 ms, used_size=11304960 bytes (27.6%)
(RDMA_READ_CONSUME_CHECK_CONSUMER) timestamp=7676 ms, used_size=11302912 bytes (27.6%)
(RDMA_READ_CONSUME_CHECK_CONSUMER) timestamp=7676 ms, used_size=11300864 bytes (27.6%)
(RDMA_READ_CONSUME_CHECK_CONSUMER) timestamp=7676 ms, used_size=11298816 bytes (27.6%)
(RDMA_READ_CONSUME_CHECK_CONSUMER) timestamp=7676 ms, used_size=11296768 bytes (27.6%)
(RDMA_READ_CONSUME_CHECK_CONSUMER) timestamp=7676 ms, used_size=11294720 bytes (27.6%)
(RDMA_READ_CONSUME_CHECK_CONSUMER) timestamp=7676 ms, used_size=11292672 bytes (27.6%)
(RDMA_READ_CONSUME_CHECK_CONSUMER) timestamp=7676 ms, used_size=11290624 bytes (27.6%)
(RDMA_READ_CONSUME_CHECK_CONSUMER) timestamp=7676 ms, used_size=11288576 bytes (27.6%)
(RDMA_READ_CONSUME_CHECK_CONSUMER) timestamp=7676 ms, used_size=11286528 bytes (27.6%)
(RDMA_READ_CONSUME_CHECK_CONSUMER) timestamp=7676 ms, used_size=11284480 bytes (27.6%)
(RDMA_READ_CONSUME_CHECK_CONSUMER) timestamp=7677 ms, used_size=11282432 bytes (27.5%)
(RDMA_READ_CONSUME_CHECK_CONSUMER) timestamp=7677 ms, used_size=11280384 bytes (27.5%)
(RDMA_READ_CONSUME_CHECK_CONSUMER) timestamp=7677 ms, used_size=11278336 bytes (27.5%)
(RDMA_READ_CONSUME_CHECK_CONSUMER) timestamp=7677 ms, used_size=11276288 bytes (27.5%)
(RDMA_READ_CONSUME_CHECK_CONSUMER) timestamp=7677 ms, used_size=11274240 bytes (27.5%)
(RDMA_READ_CONSUME_CHECK_CONSUMER) timestamp=7677 ms, used_size=11272192 bytes (27.5%)
(RDMA_READ_CONSUME_CHECK_CONSUMER) timestamp=7677 ms, used_size=11270144 bytes (27.5%)
(RDMA_READ_CONSUME_CHECK_CONSUMER) timestamp=7677 ms, used_size=11268096 bytes (27.5%)
(RDMA_READ_CONSUME_CHECK_CONSUMER) timestamp=7677 ms, used_size=11266048 bytes (27.5%)
(RDMA_READ_CONSUME_CHECK_CONSUMER) timestamp=7677 ms, used_size=11264000 bytes (27.5%)
(RDMA_READ_CONSUME_CHECK_CONSUMER) timestamp=7677 ms, used_size=11261952 bytes (27.5%)
(RDMA_READ_CONSUME_CHECK_CONSUMER) timestamp=7677 ms, used_size=11259904 bytes (27.5%)
(RDMA_READ_CONSUME_CHECK_CONSUMER) timestamp=7677 ms, used_size=11257856 bytes (27.5%)
(RDMA_READ_CONSUME_CHECK_CONSUMER) timestamp=7677 ms, used_size=11255808 bytes (27.5%)
(RDMA_READ_CONSUME_CHECK_CONSUMER) timestamp=7677 ms, used_size=11253760 bytes (27.5%)
(RDMA_READ_CONSUME_CHECK_CONSUMER) timestamp=7677 ms, used_size=11251712 bytes (27.5%)
(RDMA_READ_CONSUME_CHECK_CONSUMER) timestamp=7677 ms, used_size=11249664 bytes (27.5%)
(RDMA_READ_CONSUME_CHECK_CONSUMER) timestamp=7677 ms, used_size=11247616 bytes (27.5%)
(RDMA_READ_CONSUME_CHECK_CONSUMER) timestamp=7677 ms, used_size=11245568 bytes (27.5%)
(RDMA_READ_CONSUME_CHECK_CONSUMER) timestamp=7677 ms, used_size=11243520 bytes (27.4%)
(RDMA_READ_CONSUME_CHECK_CONSUMER) timestamp=7677 ms, used_size=11241472 bytes (27.4%)
(RDMA_READ_CONSUME_CHECK_CONSUMER) timestamp=7677 ms, used_size=11239424 bytes (27.4%)
(RDMA_READ_CONSUME_CHECK_CONSUMER) timestamp=7677 ms, used_size=11237376 bytes (27.4%)
(RDMA_READ_CONSUME_CHECK_CONSUMER) timestamp=7677 ms, used_size=11235328 bytes (27.4%)
(RDMA_READ_CONSUME_CHECK_CONSUMER) timestamp=7677 ms, used_size=11233280 bytes (27.4%)
(RDMA_READ_CONSUME_CHECK_CONSUMER) timestamp=7677 ms, used_size=11231232 bytes (27.4%)
(RDMA_READ_CONSUME_CHECK_CONSUMER) timestamp=7677 ms, used_size=11229184 bytes (27.4%)
(RDMA_READ_CONSUME_CHECK_CONSUMER) timestamp=7677 ms, used_size=11227136 bytes (27.4%)
(RDMA_READ_CONSUME_CHECK_CONSUMER) timestamp=7677 ms, used_size=11225088 bytes (27.4%)
(RDMA_READ_CONSUME_CHECK_CONSUMER) timestamp=7677 ms, used_size=11223040 bytes (27.4%)
(RDMA_READ_CONSUME_CHECK_CONSUMER) timestamp=7677 ms, used_size=11220992 bytes (27.4%)
(RDMA_READ_CONSUME_CHECK_CONSUMER) timestamp=7677 ms, used_size=11218944 bytes (27.4%)
(RDMA_READ_CONSUME_CHECK_CONSUMER) timestamp=7677 ms, used_size=11216896 bytes (27.4%)
(RDMA_READ_CONSUME_CHECK_CONSUMER) timestamp=7677 ms, used_size=11214848 bytes (27.4%)
(RDMA_READ_CONSUME_CHECK_CONSUMER) timestamp=7677 ms, used_size=11212800 bytes (27.4%)
(RDMA_READ_CONSUME_CHECK_CONSUMER) timestamp=7677 ms, used_size=11210752 bytes (27.4%)
(RDMA_READ_CONSUME_CHECK_CONSUMER) timestamp=7677 ms, used_size=11208704 bytes (27.4%)
(RDMA_READ_CONSUME_CHECK_CONSUMER) timestamp=7677 ms, used_size=11206656 bytes (27.4%)
(RDMA_READ_CONSUME_CHECK_CONSUMER) timestamp=7677 ms, used_size=11204608 bytes (27.4%)
(RDMA_READ_CONSUME_CHECK_CONSUMER) timestamp=7677 ms, used_size=11202560 bytes (27.4%)
(RDMA_READ_CONSUME_CHECK_CONSUMER) timestamp=7677 ms, used_size=11200512 bytes (27.3%)
(RDMA_READ_CONSUME_CHECK_CONSUMER) timestamp=7677 ms, used_size=11198464 bytes (27.3%)
(RDMA_READ_CONSUME_CHECK_CONSUMER) timestamp=7677 ms, used_size=11196416 bytes (27.3%)
(RDMA_READ_CONSUME_CHECK_CONSUMER) timestamp=7677 ms, used_size=11194368 bytes (27.3%)
(RDMA_READ_CONSUME_CHECK_CONSUMER) timestamp=7677 ms, used_size=11192320 bytes (27.3%)
(RDMA_READ_CONSUME_CHECK_CONSUMER) timestamp=7677 ms, used_size=11190272 bytes (27.3%)
(RDMA_READ_CONSUME_CHECK_CONSUMER) timestamp=7677 ms, used_size=11188224 bytes (27.3%)
(RDMA_READ_CONSUME_CHECK_CONSUMER) timestamp=7677 ms, used_size=11186176 bytes (27.3%)
(RDMA_READ_CONSUME_CHECK_CONSUMER) timestamp=7677 ms, used_size=11184128 bytes (27.3%)
(RDMA_READ_CONSUME_CHECK_CONSUMER) timestamp=7677 ms, used_size=11182080 bytes (27.3%)
(RDMA_READ_CONSUME_CHECK_CONSUMER) timestamp=7677 ms, used_size=11180032 bytes (27.3%)
(RDMA_READ_CONSUME_CHECK_CONSUMER) timestamp=7677 ms, used_size=11177984 bytes (27.3%)
(RDMA_READ_CONSUME_CHECK_CONSUMER) timestamp=7677 ms, used_size=11175936 bytes (27.3%)
(RDMA_READ_CONSUME_CHECK_CONSUMER) timestamp=7677 ms, used_size=11173888 bytes (27.3%)
(RDMA_READ_CONSUME_CHECK_CONSUMER) timestamp=7677 ms, used_size=11171840 bytes (27.3%)
(RDMA_READ_CONSUME_CHECK_CONSUMER) timestamp=7677 ms, used_size=11169792 bytes (27.3%)
(RDMA_READ_CONSUME_CHECK_CONSUMER) timestamp=7677 ms, used_size=11167744 bytes (27.3%)
(RDMA_READ_CONSUME_CHECK_CONSUMER) timestamp=7677 ms, used_size=11165696 bytes (27.3%)
(RDMA_READ_CONSUME_CHECK_CONSUMER) timestamp=7677 ms, used_size=11163648 bytes (27.3%)
(RDMA_READ_CONSUME_CHECK_CONSUMER) timestamp=7677 ms, used_size=11161600 bytes (27.2%)
(RDMA_READ_CONSUME_CHECK_CONSUMER) timestamp=7677 ms, used_size=11159552 bytes (27.2%)
(RDMA_READ_CONSUME_CHECK_CONSUMER) timestamp=7677 ms, used_size=11157504 bytes (27.2%)
(RDMA_READ_CONSUME_CHECK_CONSUMER) timestamp=7677 ms, used_size=11155456 bytes (27.2%)
(RDMA_READ_CONSUME_CHECK_CONSUMER) timestamp=7677 ms, used_size=11153408 bytes (27.2%)
(RDMA_READ_CONSUME_CHECK_CONSUMER) timestamp=7677 ms, used_size=11151360 bytes (27.2%)
(RDMA_READ_CONSUME_CHECK_CONSUMER) timestamp=7677 ms, used_size=11149312 bytes (27.2%)
(RDMA_READ_CONSUME_CHECK_CONSUMER) timestamp=7677 ms, used_size=11147264 bytes (27.2%)
(RDMA_READ_CONSUME_CHECK_CONSUMER) timestamp=7677 ms, used_size=11145216 bytes (27.2%)
(RDMA_READ_CONSUME_CHECK_CONSUMER) timestamp=7677 ms, used_size=11143168 bytes (27.2%)
(RDMA_READ_CONSUME_CHECK_CONSUMER) timestamp=7677 ms, used_size=11141120 bytes (27.2%)
(RDMA_READ_CONSUME_CHECK_CONSUMER) timestamp=7677 ms, used_size=11139072 bytes (27.2%)
(RDMA_READ_CONSUME_CHECK_CONSUMER) timestamp=7677 ms, used_size=11137024 bytes (27.2%)
(RDMA_READ_CONSUME_CHECK_CONSUMER) timestamp=7677 ms, used_size=11134976 bytes (27.2%)
(RDMA_READ_CONSUME_CHECK_CONSUMER) timestamp=7677 ms, used_size=11132928 bytes (27.2%)
(RDMA_READ_CONSUME_CHECK_CONSUMER) timestamp=7677 ms, used_size=11130880 bytes (27.2%)
(RDMA_READ_CONSUME_CHECK_CONSUMER) timestamp=7677 ms, used_size=11128832 bytes (27.2%)
(RDMA_READ_CONSUME_CHECK_CONSUMER) timestamp=7677 ms, used_size=11126784 bytes (27.2%)
(RDMA_READ_CONSUME_CHECK_CONSUMER) timestamp=7677 ms, used_size=11124736 bytes (27.2%)
(RDMA_READ_CONSUME_CHECK_CONSUMER) timestamp=7677 ms, used_size=11122688 bytes (27.2%)
(RDMA_READ_CONSUME_CHECK_CONSUMER) timestamp=7677 ms, used_size=11120640 bytes (27.1%)
(RDMA_READ_CONSUME_CHECK_CONSUMER) timestamp=7677 ms, used_size=11118592 bytes (27.1%)
(RDMA_READ_CONSUME_CHECK_CONSUMER) timestamp=7677 ms, used_size=11116544 bytes (27.1%)
(RDMA_READ_CONSUME_CHECK_CONSUMER) timestamp=7677 ms, used_size=11114496 bytes (27.1%)
(RDMA_READ_CONSUME_CHECK_CONSUMER) timestamp=7677 ms, used_size=11112448 bytes (27.1%)
(RDMA_READ_CONSUME_CHECK_CONSUMER) timestamp=7677 ms, used_size=11110400 bytes (27.1%)
(RDMA_READ_CONSUME_CHECK_CONSUMER) timestamp=7677 ms, used_size=11108352 bytes (27.1%)
(RDMA_READ_CONSUME_CHECK_CONSUMER) timestamp=7677 ms, used_size=11106304 bytes (27.1%)
(RDMA_READ_CONSUME_CHECK_CONSUMER) timestamp=7677 ms, used_size=11104256 bytes (27.1%)
(RDMA_READ_CONSUME_CHECK_CONSUMER) timestamp=7677 ms, used_size=11102208 bytes (27.1%)
(RDMA_READ_CONSUME_CHECK_CONSUMER) timestamp=7677 ms, used_size=11100160 bytes (27.1%)
(RDMA_READ_CONSUME_CHECK_CONSUMER) timestamp=7677 ms, used_size=11098112 bytes (27.1%)
(RDMA_READ_CONSUME_CHECK_CONSUMER) timestamp=7677 ms, used_size=11096064 bytes (27.1%)
(RDMA_READ_CONSUME_CHECK_CONSUMER) timestamp=7677 ms, used_size=11094016 bytes (27.1%)
(RDMA_READ_CONSUME_CHECK_CONSUMER) timestamp=7677 ms, used_size=11091968 bytes (27.1%)
(RDMA_READ_CONSUME_CHECK_CONSUMER) timestamp=7677 ms, used_size=11089920 bytes (27.1%)
(RDMA_READ_CONSUME_CHECK_CONSUMER) timestamp=7677 ms, used_size=11087872 bytes (27.1%)
(RDMA_READ_CONSUME_CHECK_CONSUMER) timestamp=7677 ms, used_size=11085824 bytes (27.1%)
(RDMA_READ_CONSUME_CHECK_CONSUMER) timestamp=7677 ms, used_size=11083776 bytes (27.1%)
(RDMA_READ_CONSUME_CHECK_CONSUMER) timestamp=7677 ms, used_size=11081728 bytes (27.1%)
(RDMA_READ_CONSUME_CHECK_CONSUMER) timestamp=7677 ms, used_size=11079680 bytes (27.1%)
(RDMA_READ_CONSUME_CHECK_CONSUMER) timestamp=7677 ms, used_size=11077632 bytes (27.0%)
(RDMA_READ_CONSUME_CHECK_CONSUMER) timestamp=7677 ms, used_size=11075584 bytes (27.0%)
(RDMA_READ_CONSUME_CHECK_CONSUMER) timestamp=7677 ms, used_size=11073536 bytes (27.0%)
(RDMA_READ_CONSUME_CHECK_CONSUMER) timestamp=7677 ms, used_size=11071488 bytes (27.0%)
(RDMA_READ_CONSUME_CHECK_CONSUMER) timestamp=7677 ms, used_size=11069440 bytes (27.0%)
(RDMA_READ_CONSUME_CHECK_CONSUMER) timestamp=7677 ms, used_size=11067392 bytes (27.0%)
(RDMA_READ_CONSUME_CHECK_CONSUMER) timestamp=7677 ms, used_size=11065344 bytes (27.0%)
(RDMA_READ_CONSUME_CHECK_CONSUMER) timestamp=7677 ms, used_size=11063296 bytes (27.0%)
(RDMA_READ_CONSUME_CHECK_CONSUMER) timestamp=7677 ms, used_size=11061248 bytes (27.0%)
(RDMA_READ_CONSUME_CHECK_CONSUMER) timestamp=7677 ms, used_size=11059200 bytes (27.0%)
(RDMA_READ_CONSUME_CHECK_CONSUMER) timestamp=7677 ms, used_size=11057152 bytes (27.0%)
(RDMA_READ_CONSUME_CHECK_CONSUMER) timestamp=7677 ms, used_size=11055104 bytes (27.0%)
(RDMA_READ_CONSUME_CHECK_CONSUMER) timestamp=7677 ms, used_size=11053056 bytes (27.0%)
(RDMA_READ_CONSUME_CHECK_CONSUMER) timestamp=7677 ms, used_size=11051008 bytes (27.0%)
(RDMA_READ_CONSUME_CHECK_CONSUMER) timestamp=7677 ms, used_size=11048960 bytes (27.0%)
(RDMA_READ_CONSUME_CHECK_CONSUMER) timestamp=7677 ms, used_size=11046912 bytes (27.0%)
(RDMA_READ_CONSUME_CHECK_CONSUMER) timestamp=7677 ms, used_size=11044864 bytes (27.0%)
(RDMA_READ_CONSUME_CHECK_CONSUMER) timestamp=7677 ms, used_size=11042816 bytes (27.0%)
(RDMA_READ_CONSUME_CHECK_CONSUMER) timestamp=7677 ms, used_size=11040768 bytes (27.0%)
(RDMA_READ_CONSUME_CHECK_CONSUMER) timestamp=7677 ms, used_size=11038720 bytes (26.9%)
(RDMA_READ_CONSUME_CHECK_CONSUMER) timestamp=7677 ms, used_size=11036672 bytes (26.9%)
(RDMA_READ_CONSUME_CHECK_CONSUMER) timestamp=7677 ms, used_size=11034624 bytes (26.9%)
(RDMA_READ_CONSUME_CHECK_CONSUMER) timestamp=7677 ms, used_size=11032576 bytes (26.9%)
(RDMA_READ_CONSUME_CHECK_CONSUMER) timestamp=7677 ms, used_size=11030528 bytes (26.9%)
(RDMA_READ_CONSUME_CHECK_CONSUMER) timestamp=7677 ms, used_size=11028480 bytes (26.9%)
(RDMA_READ_CONSUME_CHECK_CONSUMER) timestamp=7677 ms, used_size=11026432 bytes (26.9%)
(RDMA_READ_CONSUME_CHECK_CONSUMER) timestamp=7677 ms, used_size=11024384 bytes (26.9%)
(RDMA_READ_CONSUME_CHECK_CONSUMER) timestamp=7677 ms, used_size=11022336 bytes (26.9%)
(RDMA_READ_CONSUME_CHECK_CONSUMER) timestamp=7677 ms, used_size=11020288 bytes (26.9%)
(RDMA_READ_CONSUME_CHECK_CONSUMER) timestamp=7677 ms, used_size=11018240 bytes (26.9%)
(RDMA_READ_CONSUME_CHECK_CONSUMER) timestamp=7677 ms, used_size=11016192 bytes (26.9%)
(RDMA_READ_CONSUME_CHECK_CONSUMER) timestamp=7677 ms, used_size=11014144 bytes (26.9%)
(RDMA_READ_CONSUME_CHECK_CONSUMER) timestamp=7677 ms, used_size=11012096 bytes (26.9%)
(RDMA_READ_CONSUME_CHECK_CONSUMER) timestamp=7677 ms, used_size=11010048 bytes (26.9%)
(RDMA_READ_CONSUME_CHECK_CONSUMER) timestamp=7677 ms, used_size=11008000 bytes (26.9%)
(RDMA_READ_CONSUME_CHECK_CONSUMER) timestamp=7677 ms, used_size=11005952 bytes (26.9%)
(RDMA_READ_CONSUME_CHECK_CONSUMER) timestamp=7677 ms, used_size=11003904 bytes (26.9%)
(RDMA_READ_CONSUME_CHECK_CONSUMER) timestamp=7677 ms, used_size=11001856 bytes (26.9%)
(RDMA_READ_CONSUME_CHECK_CONSUMER) timestamp=7677 ms, used_size=10999808 bytes (26.9%)
(RDMA_READ_CONSUME_CHECK_CONSUMER) timestamp=7677 ms, used_size=10997760 bytes (26.9%)
(RDMA_READ_CONSUME_CHECK_CONSUMER) timestamp=7677 ms, used_size=10995712 bytes (26.8%)
(RDMA_READ_CONSUME_CHECK_CONSUMER) timestamp=7677 ms, used_size=10993664 bytes (26.8%)
(RDMA_READ_CONSUME_CHECK_CONSUMER) timestamp=7677 ms, used_size=10991616 bytes (26.8%)
(RDMA_READ_CONSUME_CHECK_CONSUMER) timestamp=7677 ms, used_size=10989568 bytes (26.8%)
(RDMA_READ_CONSUME_CHECK_CONSUMER) timestamp=7677 ms, used_size=10987520 bytes (26.8%)
(RDMA_READ_CONSUME_CHECK_CONSUMER) timestamp=7677 ms, used_size=10985472 bytes (26.8%)
(RDMA_READ_CONSUME_CHECK_CONSUMER) timestamp=7677 ms, used_size=10983424 bytes (26.8%)
(RDMA_READ_CONSUME_CHECK_CONSUMER) timestamp=7677 ms, used_size=10981376 bytes (26.8%)
(RDMA_READ_CONSUME_CHECK_CONSUMER) timestamp=7677 ms, used_size=10979328 bytes (26.8%)
(RDMA_READ_CONSUME_CHECK_CONSUMER) timestamp=7677 ms, used_size=10977280 bytes (26.8%)
(RDMA_READ_CONSUME_CHECK_CONSUMER) timestamp=7677 ms, used_size=10975232 bytes (26.8%)
(RDMA_READ_CONSUME_CHECK_CONSUMER) timestamp=7677 ms, used_size=10973184 bytes (26.8%)
(RDMA_READ_CONSUME_CHECK_CONSUMER) timestamp=7677 ms, used_size=10971136 bytes (26.8%)
(RDMA_READ_CONSUME_CHECK_CONSUMER) timestamp=7677 ms, used_size=10969088 bytes (26.8%)
(RDMA_READ_CONSUME_CHECK_CONSUMER) timestamp=7677 ms, used_size=10967040 bytes (26.8%)
(RDMA_READ_CONSUME_CHECK_CONSUMER) timestamp=7677 ms, used_size=10964992 bytes (26.8%)
(RDMA_READ_CONSUME_CHECK_CONSUMER) timestamp=7677 ms, used_size=10962944 bytes (26.8%)
(RDMA_READ_CONSUME_CHECK_CONSUMER) timestamp=7677 ms, used_size=10960896 bytes (26.8%)
(RDMA_READ_CONSUME_CHECK_CONSUMER) timestamp=7677 ms, used_size=10958848 bytes (26.8%)
(RDMA_READ_CONSUME_CHECK_CONSUMER) timestamp=7677 ms, used_size=10956800 bytes (26.8%)
(RDMA_READ_CONSUME_CHECK_CONSUMER) timestamp=7677 ms, used_size=10954752 bytes (26.7%)
(RDMA_READ_CONSUME_CHECK_CONSUMER) timestamp=7677 ms, used_size=10952704 bytes (26.7%)
(RDMA_READ_CONSUME_CHECK_CONSUMER) timestamp=7677 ms, used_size=10950656 bytes (26.7%)
(RDMA_READ_CONSUME_CHECK_CONSUMER) timestamp=7677 ms, used_size=10948608 bytes (26.7%)
(RDMA_READ_CONSUME_CHECK_CONSUMER) timestamp=7677 ms, used_size=10946560 bytes (26.7%)
(RDMA_READ_CONSUME_CHECK_CONSUMER) timestamp=7677 ms, used_size=10944512 bytes (26.7%)
(RDMA_READ_CONSUME_CHECK_CONSUMER) timestamp=7677 ms, used_size=10942464 bytes (26.7%)
(RDMA_READ_CONSUME_CHECK_CONSUMER) timestamp=7677 ms, used_size=10940416 bytes (26.7%)
(RDMA_READ_CONSUME_CHECK_CONSUMER) timestamp=7677 ms, used_size=10938368 bytes (26.7%)
(RDMA_READ_CONSUME_CHECK_CONSUMER) timestamp=7677 ms, used_size=10936320 bytes (26.7%)
(RDMA_READ_CONSUME_CHECK_CONSUMER) timestamp=7677 ms, used_size=10934272 bytes (26.7%)
(RDMA_READ_CONSUME_CHECK_CONSUMER) timestamp=7677 ms, used_size=10932224 bytes (26.7%)
(RDMA_READ_CONSUME_CHECK_CONSUMER) timestamp=7677 ms, used_size=10930176 bytes (26.7%)
(RDMA_READ_CONSUME_CHECK_CONSUMER) timestamp=7677 ms, used_size=10928128 bytes (26.7%)
(RDMA_READ_CONSUME_CHECK_CONSUMER) timestamp=7677 ms, used_size=10926080 bytes (26.7%)
(RDMA_READ_CONSUME_CHECK_CONSUMER) timestamp=7677 ms, used_size=10924032 bytes (26.7%)
(RDMA_READ_CONSUME_CHECK_CONSUMER) timestamp=7677 ms, used_size=10921984 bytes (26.7%)
(RDMA_READ_CONSUME_CHECK_CONSUMER) timestamp=7677 ms, used_size=10919936 bytes (26.7%)
(RDMA_READ_CONSUME_CHECK_CONSUMER) timestamp=7677 ms, used_size=10917888 bytes (26.7%)
(RDMA_READ_CONSUME_CHECK_CONSUMER) timestamp=7677 ms, used_size=10915840 bytes (26.6%)
(RDMA_READ_CONSUME_CHECK_CONSUMER) timestamp=7677 ms, used_size=10913792 bytes (26.6%)
(RDMA_READ_CONSUME_CHECK_CONSUMER) timestamp=7677 ms, used_size=10911744 bytes (26.6%)
(RDMA_READ_CONSUME_CHECK_CONSUMER) timestamp=7678 ms, used_size=10909696 bytes (26.6%)
(RDMA_READ_CONSUME_CHECK_CONSUMER) timestamp=7678 ms, used_size=10907648 bytes (26.6%)
(RDMA_READ_CONSUME_CHECK_CONSUMER) timestamp=7678 ms, used_size=10905600 bytes (26.6%)
(RDMA_READ_CONSUME_CHECK_CONSUMER) timestamp=7678 ms, used_size=10903552 bytes (26.6%)
(RDMA_READ_CONSUME_CHECK_CONSUMER) timestamp=7678 ms, used_size=10901504 bytes (26.6%)
(RDMA_READ_CONSUME_CHECK_CONSUMER) timestamp=7678 ms, used_size=10899456 bytes (26.6%)
(RDMA_READ_CONSUME_CHECK_CONSUMER) timestamp=7678 ms, used_size=10897408 bytes (26.6%)
(RDMA_READ_CONSUME_CHECK_CONSUMER) timestamp=7678 ms, used_size=10895360 bytes (26.6%)
(RDMA_READ_CONSUME_CHECK_CONSUMER) timestamp=7678 ms, used_size=10893312 bytes (26.6%)
(RDMA_READ_CONSUME_CHECK_CONSUMER) timestamp=7678 ms, used_size=10891264 bytes (26.6%)
(RDMA_READ_CONSUME_CHECK_CONSUMER) timestamp=7678 ms, used_size=10889216 bytes (26.6%)
(RDMA_READ_CONSUME_CHECK_CONSUMER) timestamp=7678 ms, used_size=10887168 bytes (26.6%)
(RDMA_READ_CONSUME_CHECK_CONSUMER) timestamp=7678 ms, used_size=10885120 bytes (26.6%)
(RDMA_READ_CONSUME_CHECK_CONSUMER) timestamp=7678 ms, used_size=10883072 bytes (26.6%)
(RDMA_READ_CONSUME_CHECK_CONSUMER) timestamp=7678 ms, used_size=10881024 bytes (26.6%)
(RDMA_READ_CONSUME_CHECK_CONSUMER) timestamp=7678 ms, used_size=10878976 bytes (26.6%)
(RDMA_READ_CONSUME_CHECK_CONSUMER) timestamp=7678 ms, used_size=10876928 bytes (26.6%)
(RDMA_READ_CONSUME_CHECK_CONSUMER) timestamp=7678 ms, used_size=10874880 bytes (26.6%)
(RDMA_READ_CONSUME_CHECK_CONSUMER) timestamp=7678 ms, used_size=10872832 bytes (26.5%)
(RDMA_READ_CONSUME_CHECK_CONSUMER) timestamp=7678 ms, used_size=10870784 bytes (26.5%)
(RDMA_READ_CONSUME_CHECK_CONSUMER) timestamp=7678 ms, used_size=10868736 bytes (26.5%)
(RDMA_READ_CONSUME_CHECK_CONSUMER) timestamp=7678 ms, used_size=10866688 bytes (26.5%)
(RDMA_READ_CONSUME_CHECK_CONSUMER) timestamp=7678 ms, used_size=10864640 bytes (26.5%)
(RDMA_READ_CONSUME_CHECK_CONSUMER) timestamp=7678 ms, used_size=10862592 bytes (26.5%)
(RDMA_READ_CONSUME_CHECK_CONSUMER) timestamp=7678 ms, used_size=10860544 bytes (26.5%)
(RDMA_READ_CONSUME_CHECK_CONSUMER) timestamp=7678 ms, used_size=10858496 bytes (26.5%)
(RDMA_READ_CONSUME_CHECK_CONSUMER) timestamp=7678 ms, used_size=10856448 bytes (26.5%)
(RDMA_READ_CONSUME_CHECK_CONSUMER) timestamp=7678 ms, used_size=10854400 bytes (26.5%)
(RDMA_READ_CONSUME_CHECK_CONSUMER) timestamp=7678 ms, used_size=10852352 bytes (26.5%)
(RDMA_READ_CONSUME_CHECK_CONSUMER) timestamp=7678 ms, used_size=10850304 bytes (26.5%)
(RDMA_READ_CONSUME_CHECK_CONSUMER) timestamp=7678 ms, used_size=10848256 bytes (26.5%)
(RDMA_READ_CONSUME_CHECK_CONSUMER) timestamp=7678 ms, used_size=10846208 bytes (26.5%)
(RDMA_READ_CONSUME_CHECK_CONSUMER) timestamp=7678 ms, used_size=10844160 bytes (26.5%)
(RDMA_READ_CONSUME_CHECK_CONSUMER) timestamp=7678 ms, used_size=10842112 bytes (26.5%)
(RDMA_READ_CONSUME_CHECK_CONSUMER) timestamp=7678 ms, used_size=10840064 bytes (26.5%)
(RDMA_READ_CONSUME_CHECK_CONSUMER) timestamp=7678 ms, used_size=10838016 bytes (26.5%)
(RDMA_READ_CONSUME_CHECK_CONSUMER) timestamp=7678 ms, used_size=10835968 bytes (26.5%)
(RDMA_READ_CONSUME_CHECK_CONSUMER) timestamp=7678 ms, used_size=10833920 bytes (26.4%)
(RDMA_READ_CONSUME_CHECK_CONSUMER) timestamp=7678 ms, used_size=10831872 bytes (26.4%)
(RDMA_READ_CONSUME_CHECK_CONSUMER) timestamp=7678 ms, used_size=10829824 bytes (26.4%)
(RDMA_READ_CONSUME_CHECK_CONSUMER) timestamp=7678 ms, used_size=10827776 bytes (26.4%)
(RDMA_READ_CONSUME_CHECK_CONSUMER) timestamp=7678 ms, used_size=10825728 bytes (26.4%)
(RDMA_READ_CONSUME_CHECK_CONSUMER) timestamp=7678 ms, used_size=10823680 bytes (26.4%)
(RDMA_READ_CONSUME_CHECK_CONSUMER) timestamp=7678 ms, used_size=10821632 bytes (26.4%)
(RDMA_READ_CONSUME_CHECK_CONSUMER) timestamp=7678 ms, used_size=10819584 bytes (26.4%)
(RDMA_READ_CONSUME_CHECK_CONSUMER) timestamp=7678 ms, used_size=10817536 bytes (26.4%)
(RDMA_READ_CONSUME_CHECK_CONSUMER) timestamp=7678 ms, used_size=10815488 bytes (26.4%)
(RDMA_READ_CONSUME_CHECK_CONSUMER) timestamp=7678 ms, used_size=10813440 bytes (26.4%)
(RDMA_READ_CONSUME_CHECK_CONSUMER) timestamp=7678 ms, used_size=10811392 bytes (26.4%)
(RDMA_READ_CONSUME_CHECK_CONSUMER) timestamp=7678 ms, used_size=10809344 bytes (26.4%)
(RDMA_READ_CONSUME_CHECK_CONSUMER) timestamp=7678 ms, used_size=10807296 bytes (26.4%)
(RDMA_READ_CONSUME_CHECK_CONSUMER) timestamp=7678 ms, used_size=10805248 bytes (26.4%)
(RDMA_READ_CONSUME_CHECK_CONSUMER) timestamp=7678 ms, used_size=10803200 bytes (26.4%)
(RDMA_READ_CONSUME_CHECK_CONSUMER) timestamp=7678 ms, used_size=10801152 bytes (26.4%)
(RDMA_READ_CONSUME_CHECK_CONSUMER) timestamp=7678 ms, used_size=10799104 bytes (26.4%)
(RDMA_READ_CONSUME_CHECK_CONSUMER) timestamp=7678 ms, used_size=10797056 bytes (26.4%)
(RDMA_READ_CONSUME_CHECK_CONSUMER) timestamp=7678 ms, used_size=10795008 bytes (26.4%)
(RDMA_READ_CONSUME_CHECK_CONSUMER) timestamp=7678 ms, used_size=10792960 bytes (26.4%)
(RDMA_READ_CONSUME_CHECK_CONSUMER) timestamp=7678 ms, used_size=10790912 bytes (26.3%)
(RDMA_READ_CONSUME_CHECK_CONSUMER) timestamp=7678 ms, used_size=10788864 bytes (26.3%)
(RDMA_READ_CONSUME_CHECK_CONSUMER) timestamp=7678 ms, used_size=10786816 bytes (26.3%)
(RDMA_READ_CONSUME_CHECK_CONSUMER) timestamp=7678 ms, used_size=10784768 bytes (26.3%)
(RDMA_READ_CONSUME_CHECK_CONSUMER) timestamp=7678 ms, used_size=10782720 bytes (26.3%)
(RDMA_READ_CONSUME_CHECK_CONSUMER) timestamp=7678 ms, used_size=10780672 bytes (26.3%)
(RDMA_READ_CONSUME_CHECK_CONSUMER) timestamp=7678 ms, used_size=10778624 bytes (26.3%)
(RDMA_READ_CONSUME_CHECK_CONSUMER) timestamp=7678 ms, used_size=10776576 bytes (26.3%)
(RDMA_READ_CONSUME_CHECK_CONSUMER) timestamp=7678 ms, used_size=10774528 bytes (26.3%)
(RDMA_READ_CONSUME_CHECK_CONSUMER) timestamp=7678 ms, used_size=10772480 bytes (26.3%)
(RDMA_READ_CONSUME_CHECK_CONSUMER) timestamp=7678 ms, used_size=10770432 bytes (26.3%)
(RDMA_READ_CONSUME_CHECK_CONSUMER) timestamp=7678 ms, used_size=10768384 bytes (26.3%)
(RDMA_READ_CONSUME_CHECK_CONSUMER) timestamp=7678 ms, used_size=10766336 bytes (26.3%)
(RDMA_READ_CONSUME_CHECK_CONSUMER) timestamp=7678 ms, used_size=10764288 bytes (26.3%)
(RDMA_READ_CONSUME_CHECK_CONSUMER) timestamp=7678 ms, used_size=10762240 bytes (26.3%)
(RDMA_READ_CONSUME_CHECK_CONSUMER) timestamp=7678 ms, used_size=10760192 bytes (26.3%)
(RDMA_READ_CONSUME_CHECK_CONSUMER) timestamp=7678 ms, used_size=10758144 bytes (26.3%)
(RDMA_READ_CONSUME_CHECK_CONSUMER) timestamp=7678 ms, used_size=10756096 bytes (26.3%)
(RDMA_READ_CONSUME_CHECK_CONSUMER) timestamp=7678 ms, used_size=10754048 bytes (26.3%)
(RDMA_READ_CONSUME_CHECK_CONSUMER) timestamp=7678 ms, used_size=10752000 bytes (26.2%)
(RDMA_READ_CONSUME_CHECK_CONSUMER) timestamp=7678 ms, used_size=10749952 bytes (26.2%)
(RDMA_READ_CONSUME_CHECK_CONSUMER) timestamp=7678 ms, used_size=10747904 bytes (26.2%)
(RDMA_READ_CONSUME_CHECK_CONSUMER) timestamp=7678 ms, used_size=10745856 bytes (26.2%)
(RDMA_READ_CONSUME_CHECK_CONSUMER) timestamp=7678 ms, used_size=10743808 bytes (26.2%)
(RDMA_READ_CONSUME_CHECK_CONSUMER) timestamp=7678 ms, used_size=10741760 bytes (26.2%)
(RDMA_READ_CONSUME_CHECK_CONSUMER) timestamp=7678 ms, used_size=10739712 bytes (26.2%)
(RDMA_READ_CONSUME_CHECK_CONSUMER) timestamp=7678 ms, used_size=10737664 bytes (26.2%)
(RDMA_READ_CONSUME_CHECK_CONSUMER) timestamp=7678 ms, used_size=10735616 bytes (26.2%)
(RDMA_READ_CONSUME_CHECK_CONSUMER) timestamp=7678 ms, used_size=10733568 bytes (26.2%)
(RDMA_READ_CONSUME_CHECK_CONSUMER) timestamp=7678 ms, used_size=10731520 bytes (26.2%)
(RDMA_READ_CONSUME_CHECK_CONSUMER) timestamp=7678 ms, used_size=10729472 bytes (26.2%)
(RDMA_READ_CONSUME_CHECK_CONSUMER) timestamp=7678 ms, used_size=10727424 bytes (26.2%)
(RDMA_READ_CONSUME_CHECK_CONSUMER) timestamp=7678 ms, used_size=10725376 bytes (26.2%)
(RDMA_READ_CONSUME_CHECK_CONSUMER) timestamp=7678 ms, used_size=10723328 bytes (26.2%)
(RDMA_READ_CONSUME_CHECK_CONSUMER) timestamp=7678 ms, used_size=10721280 bytes (26.2%)
(RDMA_READ_CONSUME_CHECK_CONSUMER) timestamp=7678 ms, used_size=10719232 bytes (26.2%)
(RDMA_READ_CONSUME_CHECK_CONSUMER) timestamp=7678 ms, used_size=10717184 bytes (26.2%)
(RDMA_READ_CONSUME_CHECK_CONSUMER) timestamp=7678 ms, used_size=10715136 bytes (26.2%)
(RDMA_READ_CONSUME_CHECK_CONSUMER) timestamp=7678 ms, used_size=10713088 bytes (26.2%)
(RDMA_READ_CONSUME_CHECK_CONSUMER) timestamp=7678 ms, used_size=10711040 bytes (26.1%)
(RDMA_READ_CONSUME_CHECK_CONSUMER) timestamp=7678 ms, used_size=10708992 bytes (26.1%)
(RDMA_READ_CONSUME_CHECK_CONSUMER) timestamp=7678 ms, used_size=10706944 bytes (26.1%)
(RDMA_READ_CONSUME_CHECK_CONSUMER) timestamp=7678 ms, used_size=10704896 bytes (26.1%)
(RDMA_READ_CONSUME_CHECK_CONSUMER) timestamp=7678 ms, used_size=10702848 bytes (26.1%)
(RDMA_READ_CONSUME_CHECK_CONSUMER) timestamp=7678 ms, used_size=10700800 bytes (26.1%)
(RDMA_READ_CONSUME_CHECK_CONSUMER) timestamp=7678 ms, used_size=10698752 bytes (26.1%)
(RDMA_READ_CONSUME_CHECK_CONSUMER) timestamp=7678 ms, used_size=10696704 bytes (26.1%)
(RDMA_READ_CONSUME_CHECK_CONSUMER) timestamp=7678 ms, used_size=10694656 bytes (26.1%)
(RDMA_READ_CONSUME_CHECK_CONSUMER) timestamp=7678 ms, used_size=10692608 bytes (26.1%)
(RDMA_READ_CONSUME_CHECK_CONSUMER) timestamp=7678 ms, used_size=10690560 bytes (26.1%)
(RDMA_READ_CONSUME_CHECK_CONSUMER) timestamp=7678 ms, used_size=10688512 bytes (26.1%)
(RDMA_READ_CONSUME_CHECK_CONSUMER) timestamp=7678 ms, used_size=10686464 bytes (26.1%)
(RDMA_READ_CONSUME_CHECK_CONSUMER) timestamp=7678 ms, used_size=10684416 bytes (26.1%)
(RDMA_READ_CONSUME_CHECK_CONSUMER) timestamp=7678 ms, used_size=10682368 bytes (26.1%)
(RDMA_READ_CONSUME_CHECK_CONSUMER) timestamp=7678 ms, used_size=10680320 bytes (26.1%)
(RDMA_READ_CONSUME_CHECK_CONSUMER) timestamp=7678 ms, used_size=10678272 bytes (26.1%)
(RDMA_READ_CONSUME_CHECK_CONSUMER) timestamp=7678 ms, used_size=10676224 bytes (26.1%)
(RDMA_READ_CONSUME_CHECK_CONSUMER) timestamp=7678 ms, used_size=10674176 bytes (26.1%)
(RDMA_READ_CONSUME_CHECK_CONSUMER) timestamp=7678 ms, used_size=10672128 bytes (26.1%)
(RDMA_READ_CONSUME_CHECK_CONSUMER) timestamp=7678 ms, used_size=10670080 bytes (26.1%)
(RDMA_READ_CONSUME_CHECK_CONSUMER) timestamp=7678 ms, used_size=10668032 bytes (26.0%)
(RDMA_READ_CONSUME_CHECK_CONSUMER) timestamp=7678 ms, used_size=10665984 bytes (26.0%)
(RDMA_READ_CONSUME_CHECK_CONSUMER) timestamp=7678 ms, used_size=10663936 bytes (26.0%)
(RDMA_READ_CONSUME_CHECK_CONSUMER) timestamp=7678 ms, used_size=10661888 bytes (26.0%)
(RDMA_READ_CONSUME_CHECK_CONSUMER) timestamp=7678 ms, used_size=10659840 bytes (26.0%)
(RDMA_READ_CONSUME_CHECK_CONSUMER) timestamp=7678 ms, used_size=10657792 bytes (26.0%)
(RDMA_READ_CONSUME_CHECK_CONSUMER) timestamp=7678 ms, used_size=10655744 bytes (26.0%)
(RDMA_READ_CONSUME_CHECK_CONSUMER) timestamp=7678 ms, used_size=10653696 bytes (26.0%)
(RDMA_READ_CONSUME_CHECK_CONSUMER) timestamp=7678 ms, used_size=10651648 bytes (26.0%)
(RDMA_READ_CONSUME_CHECK_CONSUMER) timestamp=7678 ms, used_size=10649600 bytes (26.0%)
(RDMA_READ_CONSUME_CHECK_CONSUMER) timestamp=7678 ms, used_size=10647552 bytes (26.0%)
(RDMA_READ_CONSUME_CHECK_CONSUMER) timestamp=7678 ms, used_size=10645504 bytes (26.0%)
(RDMA_READ_CONSUME_CHECK_CONSUMER) timestamp=7678 ms, used_size=10643456 bytes (26.0%)
(RDMA_READ_CONSUME_CHECK_CONSUMER) timestamp=7678 ms, used_size=10641408 bytes (26.0%)
(RDMA_READ_CONSUME_CHECK_CONSUMER) timestamp=7678 ms, used_size=10639360 bytes (26.0%)
(RDMA_READ_CONSUME_CHECK_CONSUMER) timestamp=7678 ms, used_size=10637312 bytes (26.0%)
(RDMA_READ_CONSUME_CHECK_CONSUMER) timestamp=7678 ms, used_size=10635264 bytes (26.0%)
(RDMA_READ_CONSUME_CHECK_CONSUMER) timestamp=7678 ms, used_size=10633216 bytes (26.0%)
(RDMA_READ_CONSUME_CHECK_CONSUMER) timestamp=7678 ms, used_size=10631168 bytes (26.0%)
(RDMA_READ_CONSUME_CHECK_CONSUMER) timestamp=7678 ms, used_size=10629120 bytes (25.9%)
(RDMA_READ_CONSUME_CHECK_CONSUMER) timestamp=7678 ms, used_size=10627072 bytes (25.9%)
(RDMA_READ_CONSUME_CHECK_CONSUMER) timestamp=7678 ms, used_size=10625024 bytes (25.9%)
(RDMA_READ_CONSUME_CHECK_CONSUMER) timestamp=7678 ms, used_size=10622976 bytes (25.9%)
(RDMA_READ_CONSUME_CHECK_CONSUMER) timestamp=7678 ms, used_size=10620928 bytes (25.9%)
(RDMA_READ_CONSUME_CHECK_CONSUMER) timestamp=7678 ms, used_size=10618880 bytes (25.9%)
(RDMA_READ_CONSUME_CHECK_CONSUMER) timestamp=7678 ms, used_size=10616832 bytes (25.9%)
(RDMA_READ_CONSUME_CHECK_CONSUMER) timestamp=7678 ms, used_size=10614784 bytes (25.9%)
(RDMA_READ_CONSUME_CHECK_CONSUMER) timestamp=7678 ms, used_size=10612736 bytes (25.9%)
(RDMA_READ_CONSUME_CHECK_CONSUMER) timestamp=7678 ms, used_size=10610688 bytes (25.9%)
(RDMA_READ_CONSUME_CHECK_CONSUMER) timestamp=7678 ms, used_size=10608640 bytes (25.9%)
(RDMA_READ_CONSUME_CHECK_CONSUMER) timestamp=7678 ms, used_size=10606592 bytes (25.9%)
(RDMA_READ_CONSUME_CHECK_CONSUMER) timestamp=7678 ms, used_size=10604544 bytes (25.9%)
(RDMA_READ_CONSUME_CHECK_CONSUMER) timestamp=7678 ms, used_size=10602496 bytes (25.9%)
(RDMA_READ_CONSUME_CHECK_CONSUMER) timestamp=7678 ms, used_size=10600448 bytes (25.9%)
(RDMA_READ_CONSUME_CHECK_CONSUMER) timestamp=7678 ms, used_size=10598400 bytes (25.9%)
(RDMA_READ_CONSUME_CHECK_CONSUMER) timestamp=7678 ms, used_size=10596352 bytes (25.9%)
(RDMA_READ_CONSUME_CHECK_CONSUMER) timestamp=7678 ms, used_size=10594304 bytes (25.9%)
(RDMA_READ_CONSUME_CHECK_CONSUMER) timestamp=7678 ms, used_size=10592256 bytes (25.9%)
(RDMA_READ_CONSUME_CHECK_CONSUMER) timestamp=7678 ms, used_size=10590208 bytes (25.9%)
(RDMA_READ_CONSUME_CHECK_CONSUMER) timestamp=7678 ms, used_size=10588160 bytes (25.9%)
(RDMA_READ_CONSUME_CHECK_CONSUMER) timestamp=7678 ms, used_size=10586112 bytes (25.8%)
(RDMA_READ_CONSUME_CHECK_CONSUMER) timestamp=7678 ms, used_size=10584064 bytes (25.8%)
(RDMA_READ_CONSUME_CHECK_CONSUMER) timestamp=7678 ms, used_size=10582016 bytes (25.8%)
(RDMA_READ_CONSUME_CHECK_CONSUMER) timestamp=7678 ms, used_size=10579968 bytes (25.8%)
(RDMA_READ_CONSUME_CHECK_CONSUMER) timestamp=7678 ms, used_size=10577920 bytes (25.8%)
(RDMA_READ_CONSUME_CHECK_CONSUMER) timestamp=7678 ms, used_size=10575872 bytes (25.8%)
(RDMA_READ_CONSUME_CHECK_CONSUMER) timestamp=7678 ms, used_size=10573824 bytes (25.8%)
(RDMA_READ_CONSUME_CHECK_CONSUMER) timestamp=7678 ms, used_size=10571776 bytes (25.8%)
(RDMA_READ_CONSUME_CHECK_CONSUMER) timestamp=7678 ms, used_size=10569728 bytes (25.8%)
(RDMA_READ_CONSUME_CHECK_CONSUMER) timestamp=7678 ms, used_size=10567680 bytes (25.8%)
(RDMA_READ_CONSUME_CHECK_CONSUMER) timestamp=7678 ms, used_size=10565632 bytes (25.8%)
(RDMA_READ_CONSUME_CHECK_CONSUMER) timestamp=7678 ms, used_size=10563584 bytes (25.8%)
(RDMA_READ_CONSUME_CHECK_CONSUMER) timestamp=7678 ms, used_size=10561536 bytes (25.8%)
(RDMA_READ_CONSUME_CHECK_CONSUMER) timestamp=7678 ms, used_size=10559488 bytes (25.8%)
(RDMA_READ_CONSUME_CHECK_CONSUMER) timestamp=7678 ms, used_size=10557440 bytes (25.8%)
(RDMA_READ_CONSUME_CHECK_CONSUMER) timestamp=7678 ms, used_size=10555392 bytes (25.8%)
(RDMA_READ_CONSUME_CHECK_CONSUMER) timestamp=7678 ms, used_size=10553344 bytes (25.8%)
(RDMA_READ_CONSUME_CHECK_CONSUMER) timestamp=7678 ms, used_size=10551296 bytes (25.8%)
(RDMA_READ_CONSUME_CHECK_CONSUMER) timestamp=7678 ms, used_size=10549248 bytes (25.8%)
(RDMA_READ_CONSUME_CHECK_CONSUMER) timestamp=7678 ms, used_size=10547200 bytes (25.8%)
(RDMA_READ_CONSUME_CHECK_CONSUMER) timestamp=7678 ms, used_size=10545152 bytes (25.7%)
(RDMA_READ_CONSUME_CHECK_CONSUMER) timestamp=7678 ms, used_size=10543104 bytes (25.7%)
(RDMA_READ_CONSUME_CHECK_CONSUMER) timestamp=7678 ms, used_size=10541056 bytes (25.7%)
(RDMA_READ_CONSUME_CHECK_CONSUMER) timestamp=7679 ms, used_size=10539008 bytes (25.7%)
(RDMA_READ_CONSUME_CHECK_CONSUMER) timestamp=7679 ms, used_size=10536960 bytes (25.7%)
(RDMA_READ_CONSUME_CHECK_CONSUMER) timestamp=7679 ms, used_size=10534912 bytes (25.7%)
(RDMA_READ_CONSUME_CHECK_CONSUMER) timestamp=7679 ms, used_size=10532864 bytes (25.7%)
(RDMA_READ_CONSUME_CHECK_CONSUMER) timestamp=7679 ms, used_size=10530816 bytes (25.7%)
(RDMA_READ_CONSUME_CHECK_CONSUMER) timestamp=7679 ms, used_size=10528768 bytes (25.7%)
(RDMA_READ_CONSUME_CHECK_CONSUMER) timestamp=7679 ms, used_size=10526720 bytes (25.7%)
(RDMA_READ_CONSUME_CHECK_CONSUMER) timestamp=7679 ms, used_size=10524672 bytes (25.7%)
(RDMA_READ_CONSUME_CHECK_CONSUMER) timestamp=7679 ms, used_size=10522624 bytes (25.7%)
(RDMA_READ_CONSUME_CHECK_CONSUMER) timestamp=7679 ms, used_size=10520576 bytes (25.7%)
(RDMA_READ_CONSUME_CHECK_CONSUMER) timestamp=7679 ms, used_size=10518528 bytes (25.7%)
(RDMA_READ_CONSUME_CHECK_CONSUMER) timestamp=7679 ms, used_size=10516480 bytes (25.7%)
(RDMA_READ_CONSUME_CHECK_CONSUMER) timestamp=7679 ms, used_size=10514432 bytes (25.7%)
(RDMA_READ_CONSUME_CHECK_CONSUMER) timestamp=7679 ms, used_size=10512384 bytes (25.7%)
(RDMA_READ_CONSUME_CHECK_CONSUMER) timestamp=7679 ms, used_size=10510336 bytes (25.7%)
(RDMA_READ_CONSUME_CHECK_CONSUMER) timestamp=7679 ms, used_size=10508288 bytes (25.7%)
(RDMA_READ_CONSUME_CHECK_CONSUMER) timestamp=7679 ms, used_size=10506240 bytes (25.6%)
(RDMA_READ_CONSUME_CHECK_CONSUMER) timestamp=7679 ms, used_size=10504192 bytes (25.6%)
(RDMA_READ_CONSUME_CHECK_CONSUMER) timestamp=7679 ms, used_size=10502144 bytes (25.6%)
(RDMA_READ_CONSUME_CHECK_CONSUMER) timestamp=7679 ms, used_size=10500096 bytes (25.6%)
(RDMA_READ_CONSUME_CHECK_CONSUMER) timestamp=7679 ms, used_size=10498048 bytes (25.6%)
(RDMA_READ_CONSUME_CHECK_CONSUMER) timestamp=7679 ms, used_size=10496000 bytes (25.6%)
(RDMA_READ_CONSUME_CHECK_CONSUMER) timestamp=7679 ms, used_size=10493952 bytes (25.6%)
(RDMA_READ_CONSUME_CHECK_CONSUMER) timestamp=7679 ms, used_size=10491904 bytes (25.6%)
(RDMA_READ_CONSUME_CHECK_CONSUMER) timestamp=7679 ms, used_size=10489856 bytes (25.6%)
(RDMA_READ_CONSUME_CHECK_CONSUMER) timestamp=7679 ms, used_size=10487808 bytes (25.6%)
(RDMA_READ_CONSUME_CHECK_CONSUMER) timestamp=7679 ms, used_size=10485760 bytes (25.6%)
(RDMA_READ_CONSUME_CHECK_CONSUMER) timestamp=7679 ms, used_size=10483712 bytes (25.6%)
(RDMA_READ_CONSUME_CHECK_CONSUMER) timestamp=7679 ms, used_size=10481664 bytes (25.6%)
(RDMA_READ_CONSUME_CHECK_CONSUMER) timestamp=7679 ms, used_size=10479616 bytes (25.6%)
(RDMA_READ_CONSUME_CHECK_CONSUMER) timestamp=7679 ms, used_size=10477568 bytes (25.6%)
(RDMA_READ_CONSUME_CHECK_CONSUMER) timestamp=7679 ms, used_size=10475520 bytes (25.6%)
(RDMA_READ_CONSUME_CHECK_CONSUMER) timestamp=7679 ms, used_size=10473472 bytes (25.6%)
(RDMA_READ_CONSUME_CHECK_CONSUMER) timestamp=7679 ms, used_size=10471424 bytes (25.6%)
(RDMA_READ_CONSUME_CHECK_CONSUMER) timestamp=7679 ms, used_size=10469376 bytes (25.6%)
(RDMA_READ_CONSUME_CHECK_CONSUMER) timestamp=7679 ms, used_size=10467328 bytes (25.6%)
(RDMA_READ_CONSUME_CHECK_CONSUMER) timestamp=7679 ms, used_size=10465280 bytes (25.6%)
(RDMA_READ_CONSUME_CHECK_CONSUMER) timestamp=7679 ms, used_size=10463232 bytes (25.5%)
(RDMA_READ_CONSUME_CHECK_CONSUMER) timestamp=7679 ms, used_size=10461184 bytes (25.5%)
(RDMA_READ_CONSUME_CHECK_CONSUMER) timestamp=7679 ms, used_size=10459136 bytes (25.5%)
(RDMA_READ_CONSUME_CHECK_CONSUMER) timestamp=7679 ms, used_size=10457088 bytes (25.5%)
(RDMA_READ_CONSUME_CHECK_CONSUMER) timestamp=7679 ms, used_size=10455040 bytes (25.5%)
(RDMA_READ_CONSUME_CHECK_CONSUMER) timestamp=7679 ms, used_size=10452992 bytes (25.5%)
(RDMA_READ_CONSUME_CHECK_CONSUMER) timestamp=7679 ms, used_size=10450944 bytes (25.5%)
(RDMA_READ_CONSUME_CHECK_CONSUMER) timestamp=7679 ms, used_size=10448896 bytes (25.5%)
(RDMA_READ_CONSUME_CHECK_CONSUMER) timestamp=7679 ms, used_size=10446848 bytes (25.5%)
(RDMA_READ_CONSUME_CHECK_CONSUMER) timestamp=7679 ms, used_size=10444800 bytes (25.5%)
(RDMA_READ_CONSUME_CHECK_CONSUMER) timestamp=7679 ms, used_size=10442752 bytes (25.5%)
(RDMA_READ_CONSUME_CHECK_CONSUMER) timestamp=7679 ms, used_size=10440704 bytes (25.5%)
(RDMA_READ_CONSUME_CHECK_CONSUMER) timestamp=7679 ms, used_size=10438656 bytes (25.5%)
(RDMA_READ_CONSUME_CHECK_CONSUMER) timestamp=7679 ms, used_size=10436608 bytes (25.5%)
(RDMA_READ_CONSUME_CHECK_CONSUMER) timestamp=7679 ms, used_size=10434560 bytes (25.5%)
(RDMA_READ_CONSUME_CHECK_CONSUMER) timestamp=7679 ms, used_size=10432512 bytes (25.5%)
(RDMA_READ_CONSUME_CHECK_CONSUMER) timestamp=7679 ms, used_size=10430464 bytes (25.5%)
(RDMA_READ_CONSUME_CHECK_CONSUMER) timestamp=7679 ms, used_size=10428416 bytes (25.5%)
(RDMA_READ_CONSUME_CHECK_CONSUMER) timestamp=7679 ms, used_size=10426368 bytes (25.5%)
(RDMA_READ_CONSUME_CHECK_CONSUMER) timestamp=7679 ms, used_size=10424320 bytes (25.4%)
(RDMA_READ_CONSUME_CHECK_CONSUMER) timestamp=7679 ms, used_size=10422272 bytes (25.4%)
(RDMA_READ_CONSUME_CHECK_CONSUMER) timestamp=7679 ms, used_size=10420224 bytes (25.4%)
(RDMA_READ_CONSUME_CHECK_CONSUMER) timestamp=7679 ms, used_size=10418176 bytes (25.4%)
(RDMA_READ_CONSUME_CHECK_CONSUMER) timestamp=7679 ms, used_size=10416128 bytes (25.4%)
(RDMA_READ_CONSUME_CHECK_CONSUMER) timestamp=7679 ms, used_size=10414080 bytes (25.4%)
(RDMA_READ_CONSUME_CHECK_CONSUMER) timestamp=7679 ms, used_size=10412032 bytes (25.4%)
(RDMA_READ_CONSUME_CHECK_CONSUMER) timestamp=7679 ms, used_size=10409984 bytes (25.4%)
(RDMA_READ_CONSUME_CHECK_CONSUMER) timestamp=7679 ms, used_size=10407936 bytes (25.4%)
(RDMA_READ_CONSUME_CHECK_CONSUMER) timestamp=7679 ms, used_size=10405888 bytes (25.4%)
(RDMA_READ_CONSUME_CHECK_CONSUMER) timestamp=7679 ms, used_size=10403840 bytes (25.4%)
(RDMA_READ_CONSUME_CHECK_CONSUMER) timestamp=7679 ms, used_size=10401792 bytes (25.4%)
(RDMA_READ_CONSUME_CHECK_CONSUMER) timestamp=7679 ms, used_size=10399744 bytes (25.4%)
(RDMA_READ_CONSUME_CHECK_CONSUMER) timestamp=7679 ms, used_size=10397696 bytes (25.4%)
(RDMA_READ_CONSUME_CHECK_CONSUMER) timestamp=7679 ms, used_size=10395648 bytes (25.4%)
(RDMA_READ_CONSUME_CHECK_CONSUMER) timestamp=7679 ms, used_size=10393600 bytes (25.4%)
(RDMA_READ_CONSUME_CHECK_CONSUMER) timestamp=7679 ms, used_size=10391552 bytes (25.4%)
(RDMA_READ_CONSUME_CHECK_CONSUMER) timestamp=7679 ms, used_size=10389504 bytes (25.4%)
(RDMA_READ_CONSUME_CHECK_CONSUMER) timestamp=7679 ms, used_size=10387456 bytes (25.4%)
(RDMA_READ_CONSUME_CHECK_CONSUMER) timestamp=7679 ms, used_size=10385408 bytes (25.4%)
(RDMA_READ_CONSUME_CHECK_CONSUMER) timestamp=7679 ms, used_size=10383360 bytes (25.4%)
(RDMA_READ_CONSUME_CHECK_CONSUMER) timestamp=7679 ms, used_size=10381312 bytes (25.3%)
(RDMA_READ_CONSUME_CHECK_CONSUMER) timestamp=7679 ms, used_size=10379264 bytes (25.3%)
(RDMA_READ_CONSUME_CHECK_CONSUMER) timestamp=7679 ms, used_size=10377216 bytes (25.3%)
(RDMA_READ_CONSUME_CHECK_CONSUMER) timestamp=7679 ms, used_size=10375168 bytes (25.3%)
(RDMA_READ_CONSUME_CHECK_CONSUMER) timestamp=7679 ms, used_size=10373120 bytes (25.3%)
(RDMA_READ_CONSUME_CHECK_CONSUMER) timestamp=7679 ms, used_size=10371072 bytes (25.3%)
(RDMA_READ_CONSUME_CHECK_CONSUMER) timestamp=7679 ms, used_size=10369024 bytes (25.3%)
(RDMA_READ_CONSUME_CHECK_CONSUMER) timestamp=7679 ms, used_size=10366976 bytes (25.3%)
(RDMA_READ_CONSUME_CHECK_CONSUMER) timestamp=7679 ms, used_size=10364928 bytes (25.3%)
(RDMA_READ_CONSUME_CHECK_CONSUMER) timestamp=7679 ms, used_size=10362880 bytes (25.3%)
(RDMA_READ_CONSUME_CHECK_CONSUMER) timestamp=7679 ms, used_size=10360832 bytes (25.3%)
(RDMA_READ_CONSUME_CHECK_CONSUMER) timestamp=7679 ms, used_size=10358784 bytes (25.3%)
(RDMA_READ_CONSUME_CHECK_CONSUMER) timestamp=7679 ms, used_size=10356736 bytes (25.3%)
(RDMA_READ_CONSUME_CHECK_CONSUMER) timestamp=7679 ms, used_size=10354688 bytes (25.3%)
(RDMA_READ_CONSUME_CHECK_CONSUMER) timestamp=7679 ms, used_size=10352640 bytes (25.3%)
(RDMA_READ_CONSUME_CHECK_CONSUMER) timestamp=7679 ms, used_size=10350592 bytes (25.3%)
(RDMA_READ_CONSUME_CHECK_CONSUMER) timestamp=7679 ms, used_size=10348544 bytes (25.3%)
(RDMA_READ_CONSUME_CHECK_CONSUMER) timestamp=7679 ms, used_size=10346496 bytes (25.3%)
(RDMA_READ_CONSUME_CHECK_CONSUMER) timestamp=7679 ms, used_size=10344448 bytes (25.3%)
(RDMA_READ_CONSUME_CHECK_CONSUMER) timestamp=7679 ms, used_size=10342400 bytes (25.2%)
(RDMA_READ_CONSUME_CHECK_CONSUMER) timestamp=7679 ms, used_size=10340352 bytes (25.2%)
(RDMA_READ_CONSUME_CHECK_CONSUMER) timestamp=7679 ms, used_size=10338304 bytes (25.2%)
(RDMA_READ_CONSUME_CHECK_CONSUMER) timestamp=7679 ms, used_size=10336256 bytes (25.2%)
(RDMA_READ_CONSUME_CHECK_CONSUMER) timestamp=7679 ms, used_size=10334208 bytes (25.2%)
(RDMA_READ_CONSUME_CHECK_CONSUMER) timestamp=7679 ms, used_size=10332160 bytes (25.2%)
(RDMA_READ_CONSUME_CHECK_CONSUMER) timestamp=7679 ms, used_size=10330112 bytes (25.2%)
(RDMA_READ_CONSUME_CHECK_CONSUMER) timestamp=7679 ms, used_size=10328064 bytes (25.2%)
(RDMA_READ_CONSUME_CHECK_CONSUMER) timestamp=7679 ms, used_size=10326016 bytes (25.2%)
(RDMA_READ_CONSUME_CHECK_CONSUMER) timestamp=7679 ms, used_size=10323968 bytes (25.2%)
(RDMA_READ_CONSUME_CHECK_CONSUMER) timestamp=7679 ms, used_size=10321920 bytes (25.2%)
(RDMA_READ_CONSUME_CHECK_CONSUMER) timestamp=7679 ms, used_size=10319872 bytes (25.2%)
(RDMA_READ_CONSUME_CHECK_CONSUMER) timestamp=7679 ms, used_size=10317824 bytes (25.2%)
(RDMA_READ_CONSUME_CHECK_CONSUMER) timestamp=7679 ms, used_size=10315776 bytes (25.2%)
(RDMA_READ_CONSUME_CHECK_CONSUMER) timestamp=7679 ms, used_size=10313728 bytes (25.2%)
(RDMA_READ_CONSUME_CHECK_CONSUMER) timestamp=7679 ms, used_size=10311680 bytes (25.2%)
(RDMA_READ_CONSUME_CHECK_CONSUMER) timestamp=7679 ms, used_size=10309632 bytes (25.2%)
(RDMA_READ_CONSUME_CHECK_CONSUMER) timestamp=7679 ms, used_size=10307584 bytes (25.2%)
(RDMA_READ_CONSUME_CHECK_CONSUMER) timestamp=7679 ms, used_size=10305536 bytes (25.2%)
(RDMA_READ_CONSUME_CHECK_CONSUMER) timestamp=7679 ms, used_size=10303488 bytes (25.2%)
(RDMA_READ_CONSUME_CHECK_CONSUMER) timestamp=7679 ms, used_size=10301440 bytes (25.1%)
(RDMA_READ_CONSUME_CHECK_CONSUMER) timestamp=7679 ms, used_size=10299392 bytes (25.1%)
(RDMA_READ_CONSUME_CHECK_CONSUMER) timestamp=7679 ms, used_size=10297344 bytes (25.1%)
(RDMA_READ_CONSUME_CHECK_CONSUMER) timestamp=7679 ms, used_size=10295296 bytes (25.1%)
(RDMA_READ_CONSUME_CHECK_CONSUMER) timestamp=7679 ms, used_size=10293248 bytes (25.1%)
(RDMA_READ_CONSUME_CHECK_CONSUMER) timestamp=7679 ms, used_size=10291200 bytes (25.1%)
(RDMA_READ_CONSUME_CHECK_CONSUMER) timestamp=7679 ms, used_size=10289152 bytes (25.1%)
(RDMA_READ_CONSUME_CHECK_CONSUMER) timestamp=7679 ms, used_size=10287104 bytes (25.1%)
(RDMA_READ_CONSUME_CHECK_CONSUMER) timestamp=7679 ms, used_size=10285056 bytes (25.1%)
(RDMA_READ_CONSUME_CHECK_CONSUMER) timestamp=7679 ms, used_size=10283008 bytes (25.1%)
(RDMA_READ_CONSUME_CHECK_CONSUMER) timestamp=7679 ms, used_size=10280960 bytes (25.1%)
(RDMA_READ_CONSUME_CHECK_CONSUMER) timestamp=7679 ms, used_size=10278912 bytes (25.1%)
(RDMA_READ_CONSUME_CHECK_CONSUMER) timestamp=7679 ms, used_size=10276864 bytes (25.1%)
(RDMA_READ_CONSUME_CHECK_CONSUMER) timestamp=7679 ms, used_size=10274816 bytes (25.1%)
(RDMA_READ_CONSUME_CHECK_CONSUMER) timestamp=7679 ms, used_size=10272768 bytes (25.1%)
(RDMA_READ_CONSUME_CHECK_CONSUMER) timestamp=7679 ms, used_size=10270720 bytes (25.1%)
(RDMA_READ_CONSUME_CHECK_CONSUMER) timestamp=7679 ms, used_size=10268672 bytes (25.1%)
(RDMA_READ_CONSUME_CHECK_CONSUMER) timestamp=7679 ms, used_size=10266624 bytes (25.1%)
(RDMA_READ_CONSUME_CHECK_CONSUMER) timestamp=7679 ms, used_size=10264576 bytes (25.1%)
(RDMA_READ_CONSUME_CHECK_CONSUMER) timestamp=7679 ms, used_size=10262528 bytes (25.1%)
(RDMA_READ_CONSUME_CHECK_CONSUMER) timestamp=7679 ms, used_size=10260480 bytes (25.1%)
(RDMA_READ_CONSUME_CHECK_CONSUMER) timestamp=7679 ms, used_size=10258432 bytes (25.0%)
(RDMA_READ_CONSUME_CHECK_CONSUMER) timestamp=7679 ms, used_size=10256384 bytes (25.0%)
(RDMA_READ_CONSUME_CHECK_CONSUMER) timestamp=7679 ms, used_size=10254336 bytes (25.0%)
(RDMA_READ_CONSUME_CHECK_CONSUMER) timestamp=7679 ms, used_size=10252288 bytes (25.0%)
(RDMA_READ_CONSUME_CHECK_CONSUMER) timestamp=7679 ms, used_size=10250240 bytes (25.0%)
(RDMA_READ_CONSUME_CHECK_CONSUMER) timestamp=7679 ms, used_size=10248192 bytes (25.0%)
(RDMA_READ_CONSUME_CHECK_CONSUMER) timestamp=7679 ms, used_size=10246144 bytes (25.0%)
(RDMA_READ_CONSUME_CHECK_CONSUMER) timestamp=7679 ms, used_size=10244096 bytes (25.0%)
(RDMA_READ_CONSUME_CHECK_CONSUMER) timestamp=7679 ms, used_size=10242048 bytes (25.0%)
(RDMA_READ_CONSUME_CHECK_CONSUMER) timestamp=7679 ms, used_size=10240000 bytes (25.0%)
(RDMA_READ_CONSUME_CHECK_CONSUMER) timestamp=7679 ms, used_size=10237952 bytes (25.0%)
(RDMA_READ_CONSUME_CHECK_CONSUMER) timestamp=7679 ms, used_size=10235904 bytes (25.0%)
(RDMA_READ_CONSUME_CHECK_CONSUMER) timestamp=7679 ms, used_size=10233856 bytes (25.0%)
(RDMA_READ_CONSUME_CHECK_CONSUMER) timestamp=7679 ms, used_size=10231808 bytes (25.0%)
(RDMA_READ_CONSUME_CHECK_CONSUMER) timestamp=7679 ms, used_size=10229760 bytes (25.0%)
(RDMA_READ_CONSUME_CHECK_CONSUMER) timestamp=7679 ms, used_size=10227712 bytes (25.0%)
(RDMA_READ_CONSUME_CHECK_CONSUMER) timestamp=7679 ms, used_size=10225664 bytes (25.0%)
(RDMA_READ_CONSUME_CHECK_CONSUMER) timestamp=7679 ms, used_size=10223616 bytes (25.0%)
(RDMA_READ_CONSUME_CHECK_CONSUMER) timestamp=7679 ms, used_size=10221568 bytes (25.0%)
(RDMA_READ_CONSUME_CHECK_CONSUMER) timestamp=7679 ms, used_size=10219520 bytes (24.9%)
(RDMA_READ_CONSUME_CHECK_CONSUMER) timestamp=7679 ms, used_size=10217472 bytes (24.9%)
(RDMA_READ_CONSUME_CHECK_CONSUMER) timestamp=7679 ms, used_size=10215424 bytes (24.9%)
(RDMA_READ_CONSUME_CHECK_CONSUMER) timestamp=7679 ms, used_size=10213376 bytes (24.9%)
(RDMA_READ_CONSUME_CHECK_CONSUMER) timestamp=7679 ms, used_size=10211328 bytes (24.9%)
(RDMA_READ_CONSUME_CHECK_CONSUMER) timestamp=7679 ms, used_size=10209280 bytes (24.9%)
(RDMA_READ_CONSUME_CHECK_CONSUMER) timestamp=7679 ms, used_size=10207232 bytes (24.9%)
(RDMA_READ_CONSUME_CHECK_CONSUMER) timestamp=7679 ms, used_size=10205184 bytes (24.9%)
(RDMA_READ_CONSUME_CHECK_CONSUMER) timestamp=7679 ms, used_size=10203136 bytes (24.9%)
(RDMA_READ_CONSUME_CHECK_CONSUMER) timestamp=7679 ms, used_size=10201088 bytes (24.9%)
(RDMA_READ_CONSUME_CHECK_CONSUMER) timestamp=7679 ms, used_size=10199040 bytes (24.9%)
(RDMA_READ_CONSUME_CHECK_CONSUMER) timestamp=7679 ms, used_size=10196992 bytes (24.9%)
(RDMA_READ_CONSUME_CHECK_CONSUMER) timestamp=7679 ms, used_size=10194944 bytes (24.9%)
(RDMA_READ_CONSUME_CHECK_CONSUMER) timestamp=7679 ms, used_size=10192896 bytes (24.9%)
(RDMA_READ_CONSUME_CHECK_CONSUMER) timestamp=7679 ms, used_size=10190848 bytes (24.9%)
(RDMA_READ_CONSUME_CHECK_CONSUMER) timestamp=7679 ms, used_size=10188800 bytes (24.9%)
(RDMA_READ_CONSUME_CHECK_CONSUMER) timestamp=7679 ms, used_size=10186752 bytes (24.9%)
(RDMA_READ_CONSUME_CHECK_CONSUMER) timestamp=7679 ms, used_size=10184704 bytes (24.9%)
(RDMA_READ_CONSUME_CHECK_CONSUMER) timestamp=7679 ms, used_size=10182656 bytes (24.9%)
(RDMA_READ_CONSUME_CHECK_CONSUMER) timestamp=7679 ms, used_size=10180608 bytes (24.9%)
(RDMA_READ_CONSUME_CHECK_CONSUMER) timestamp=7679 ms, used_size=10178560 bytes (24.9%)
(RDMA_READ_CONSUME_CHECK_CONSUMER) timestamp=7679 ms, used_size=10176512 bytes (24.8%)
(RDMA_READ_CONSUME_CHECK_CONSUMER) timestamp=7679 ms, used_size=10174464 bytes (24.8%)
(RDMA_READ_CONSUME_CHECK_CONSUMER) timestamp=7679 ms, used_size=10172416 bytes (24.8%)
(RDMA_READ_CONSUME_CHECK_CONSUMER) timestamp=7679 ms, used_size=10170368 bytes (24.8%)
(RDMA_READ_CONSUME_CHECK_CONSUMER) timestamp=7679 ms, used_size=10168320 bytes (24.8%)
(RDMA_READ_CONSUME_CHECK_CONSUMER) timestamp=7679 ms, used_size=10166272 bytes (24.8%)
(RDMA_READ_CONSUME_CHECK_CONSUMER) timestamp=7679 ms, used_size=10164224 bytes (24.8%)
(RDMA_READ_CONSUME_CHECK_CONSUMER) timestamp=7680 ms, used_size=10162176 bytes (24.8%)
(RDMA_READ_CONSUME_CHECK_CONSUMER) timestamp=7680 ms, used_size=10160128 bytes (24.8%)
(RDMA_READ_CONSUME_CHECK_CONSUMER) timestamp=7680 ms, used_size=10158080 bytes (24.8%)
(RDMA_READ_CONSUME_CHECK_CONSUMER) timestamp=7680 ms, used_size=10156032 bytes (24.8%)
(RDMA_READ_CONSUME_CHECK_CONSUMER) timestamp=7680 ms, used_size=10153984 bytes (24.8%)
(RDMA_READ_CONSUME_CHECK_CONSUMER) timestamp=7680 ms, used_size=10151936 bytes (24.8%)
(RDMA_READ_CONSUME_CHECK_CONSUMER) timestamp=7680 ms, used_size=10149888 bytes (24.8%)
(RDMA_READ_CONSUME_CHECK_CONSUMER) timestamp=7680 ms, used_size=10147840 bytes (24.8%)
(RDMA_READ_CONSUME_CHECK_CONSUMER) timestamp=7680 ms, used_size=10145792 bytes (24.8%)
(RDMA_READ_CONSUME_CHECK_CONSUMER) timestamp=7680 ms, used_size=10143744 bytes (24.8%)
(RDMA_READ_CONSUME_CHECK_CONSUMER) timestamp=7680 ms, used_size=10141696 bytes (24.8%)
(RDMA_READ_CONSUME_CHECK_CONSUMER) timestamp=7680 ms, used_size=10139648 bytes (24.8%)
(RDMA_READ_CONSUME_CHECK_CONSUMER) timestamp=7680 ms, used_size=10137600 bytes (24.8%)
(RDMA_READ_CONSUME_CHECK_CONSUMER) timestamp=7680 ms, used_size=10135552 bytes (24.7%)
(RDMA_READ_CONSUME_CHECK_CONSUMER) timestamp=7680 ms, used_size=10133504 bytes (24.7%)
(RDMA_READ_CONSUME_CHECK_CONSUMER) timestamp=7680 ms, used_size=10131456 bytes (24.7%)
(RDMA_READ_CONSUME_CHECK_CONSUMER) timestamp=7680 ms, used_size=10129408 bytes (24.7%)
(RDMA_READ_CONSUME_CHECK_CONSUMER) timestamp=7680 ms, used_size=10127360 bytes (24.7%)
(RDMA_READ_CONSUME_CHECK_CONSUMER) timestamp=7680 ms, used_size=10125312 bytes (24.7%)
(RDMA_READ_CONSUME_CHECK_CONSUMER) timestamp=7680 ms, used_size=10123264 bytes (24.7%)
(RDMA_READ_CONSUME_CHECK_CONSUMER) timestamp=7680 ms, used_size=10121216 bytes (24.7%)
(RDMA_READ_CONSUME_CHECK_CONSUMER) timestamp=7680 ms, used_size=10119168 bytes (24.7%)
(RDMA_READ_CONSUME_CHECK_CONSUMER) timestamp=7680 ms, used_size=10117120 bytes (24.7%)
(RDMA_READ_CONSUME_CHECK_CONSUMER) timestamp=7680 ms, used_size=10115072 bytes (24.7%)
(RDMA_READ_CONSUME_CHECK_CONSUMER) timestamp=7680 ms, used_size=10113024 bytes (24.7%)
(RDMA_READ_CONSUME_CHECK_CONSUMER) timestamp=7680 ms, used_size=10110976 bytes (24.7%)
(RDMA_READ_CONSUME_CHECK_CONSUMER) timestamp=7680 ms, used_size=10108928 bytes (24.7%)
(RDMA_READ_CONSUME_CHECK_CONSUMER) timestamp=7680 ms, used_size=10106880 bytes (24.7%)
(RDMA_READ_CONSUME_CHECK_CONSUMER) timestamp=7680 ms, used_size=10104832 bytes (24.7%)
(RDMA_READ_CONSUME_CHECK_CONSUMER) timestamp=7680 ms, used_size=10102784 bytes (24.7%)
(RDMA_READ_CONSUME_CHECK_CONSUMER) timestamp=7680 ms, used_size=10100736 bytes (24.7%)
(RDMA_READ_CONSUME_CHECK_CONSUMER) timestamp=7680 ms, used_size=10098688 bytes (24.7%)
(RDMA_READ_CONSUME_CHECK_CONSUMER) timestamp=7680 ms, used_size=10096640 bytes (24.6%)
(RDMA_READ_CONSUME_CHECK_CONSUMER) timestamp=7680 ms, used_size=10094592 bytes (24.6%)
(RDMA_READ_CONSUME_CHECK_CONSUMER) timestamp=7680 ms, used_size=10092544 bytes (24.6%)
(RDMA_READ_CONSUME_CHECK_CONSUMER) timestamp=7680 ms, used_size=10090496 bytes (24.6%)
(RDMA_READ_CONSUME_CHECK_CONSUMER) timestamp=7680 ms, used_size=10088448 bytes (24.6%)
(RDMA_READ_CONSUME_CHECK_CONSUMER) timestamp=7680 ms, used_size=10086400 bytes (24.6%)
(RDMA_READ_CONSUME_CHECK_CONSUMER) timestamp=7680 ms, used_size=10084352 bytes (24.6%)
(RDMA_READ_CONSUME_CHECK_CONSUMER) timestamp=7680 ms, used_size=10082304 bytes (24.6%)
(RDMA_READ_CONSUME_CHECK_CONSUMER) timestamp=7680 ms, used_size=10080256 bytes (24.6%)
(RDMA_READ_CONSUME_CHECK_CONSUMER) timestamp=7680 ms, used_size=10078208 bytes (24.6%)
(RDMA_READ_CONSUME_CHECK_CONSUMER) timestamp=7680 ms, used_size=10076160 bytes (24.6%)
(RDMA_READ_CONSUME_CHECK_CONSUMER) timestamp=7680 ms, used_size=10074112 bytes (24.6%)
(RDMA_READ_CONSUME_CHECK_CONSUMER) timestamp=7680 ms, used_size=10072064 bytes (24.6%)
(RDMA_READ_CONSUME_CHECK_CONSUMER) timestamp=7680 ms, used_size=10070016 bytes (24.6%)
(RDMA_READ_CONSUME_CHECK_CONSUMER) timestamp=7680 ms, used_size=10067968 bytes (24.6%)
(RDMA_READ_CONSUME_CHECK_CONSUMER) timestamp=7680 ms, used_size=10065920 bytes (24.6%)
(RDMA_READ_CONSUME_CHECK_CONSUMER) timestamp=7680 ms, used_size=10063872 bytes (24.6%)
(RDMA_READ_CONSUME_CHECK_CONSUMER) timestamp=7680 ms, used_size=10061824 bytes (24.6%)
(RDMA_READ_CONSUME_CHECK_CONSUMER) timestamp=7680 ms, used_size=10059776 bytes (24.6%)
(RDMA_READ_CONSUME_CHECK_CONSUMER) timestamp=7680 ms, used_size=10057728 bytes (24.6%)
(RDMA_READ_CONSUME_CHECK_CONSUMER) timestamp=7680 ms, used_size=10055680 bytes (24.6%)
(RDMA_READ_CONSUME_CHECK_CONSUMER) timestamp=7680 ms, used_size=10053632 bytes (24.5%)
(RDMA_READ_CONSUME_CHECK_CONSUMER) timestamp=7680 ms, used_size=10051584 bytes (24.5%)
(RDMA_READ_CONSUME_CHECK_CONSUMER) timestamp=7680 ms, used_size=10049536 bytes (24.5%)
(RDMA_READ_CONSUME_CHECK_CONSUMER) timestamp=7680 ms, used_size=10047488 bytes (24.5%)
(RDMA_READ_CONSUME_CHECK_CONSUMER) timestamp=7680 ms, used_size=10045440 bytes (24.5%)
(RDMA_READ_CONSUME_CHECK_CONSUMER) timestamp=7680 ms, used_size=10043392 bytes (24.5%)
(RDMA_READ_CONSUME_CHECK_CONSUMER) timestamp=7680 ms, used_size=10041344 bytes (24.5%)
(RDMA_READ_CONSUME_CHECK_CONSUMER) timestamp=7680 ms, used_size=10039296 bytes (24.5%)
(RDMA_READ_CONSUME_CHECK_CONSUMER) timestamp=7680 ms, used_size=10037248 bytes (24.5%)
(RDMA_READ_CONSUME_CHECK_CONSUMER) timestamp=7680 ms, used_size=10035200 bytes (24.5%)
(RDMA_READ_CONSUME_CHECK_CONSUMER) timestamp=7680 ms, used_size=10033152 bytes (24.5%)
(RDMA_READ_CONSUME_CHECK_CONSUMER) timestamp=7680 ms, used_size=10031104 bytes (24.5%)
(RDMA_READ_CONSUME_CHECK_CONSUMER) timestamp=7680 ms, used_size=10029056 bytes (24.5%)
(RDMA_READ_CONSUME_CHECK_CONSUMER) timestamp=7680 ms, used_size=10027008 bytes (24.5%)
(RDMA_READ_CONSUME_CHECK_CONSUMER) timestamp=7680 ms, used_size=10024960 bytes (24.5%)
(RDMA_READ_CONSUME_CHECK_CONSUMER) timestamp=7680 ms, used_size=10022912 bytes (24.5%)
(RDMA_READ_CONSUME_CHECK_CONSUMER) timestamp=7680 ms, used_size=10020864 bytes (24.5%)
(RDMA_READ_CONSUME_CHECK_CONSUMER) timestamp=7680 ms, used_size=10018816 bytes (24.5%)
(RDMA_READ_CONSUME_CHECK_CONSUMER) timestamp=7680 ms, used_size=10016768 bytes (24.5%)
(RDMA_READ_CONSUME_CHECK_CONSUMER) timestamp=7680 ms, used_size=10014720 bytes (24.4%)
(RDMA_READ_CONSUME_CHECK_CONSUMER) timestamp=7680 ms, used_size=10012672 bytes (24.4%)
(RDMA_READ_CONSUME_CHECK_CONSUMER) timestamp=7680 ms, used_size=10010624 bytes (24.4%)
(RDMA_READ_CONSUME_CHECK_CONSUMER) timestamp=7680 ms, used_size=10008576 bytes (24.4%)
(RDMA_READ_CONSUME_CHECK_CONSUMER) timestamp=7680 ms, used_size=10006528 bytes (24.4%)
(RDMA_READ_CONSUME_CHECK_CONSUMER) timestamp=7680 ms, used_size=10004480 bytes (24.4%)
(RDMA_READ_CONSUME_CHECK_CONSUMER) timestamp=7680 ms, used_size=10002432 bytes (24.4%)
(RDMA_READ_CONSUME_CHECK_CONSUMER) timestamp=7680 ms, used_size=10000384 bytes (24.4%)
(RDMA_READ_CONSUME_CHECK_CONSUMER) timestamp=7680 ms, used_size=9998336 bytes (24.4%)
(RDMA_READ_CONSUME_CHECK_CONSUMER) timestamp=7680 ms, used_size=9996288 bytes (24.4%)
(RDMA_READ_CONSUME_CHECK_CONSUMER) timestamp=7680 ms, used_size=9994240 bytes (24.4%)
(RDMA_READ_CONSUME_CHECK_CONSUMER) timestamp=7680 ms, used_size=9992192 bytes (24.4%)
(RDMA_READ_CONSUME_CHECK_CONSUMER) timestamp=7680 ms, used_size=9990144 bytes (24.4%)
(RDMA_READ_CONSUME_CHECK_CONSUMER) timestamp=7680 ms, used_size=9988096 bytes (24.4%)
(RDMA_READ_CONSUME_CHECK_CONSUMER) timestamp=7680 ms, used_size=9986048 bytes (24.4%)
(RDMA_READ_CONSUME_CHECK_CONSUMER) timestamp=7680 ms, used_size=9984000 bytes (24.4%)
(RDMA_READ_CONSUME_CHECK_CONSUMER) timestamp=7680 ms, used_size=9981952 bytes (24.4%)
(RDMA_READ_CONSUME_CHECK_CONSUMER) timestamp=7680 ms, used_size=9979904 bytes (24.4%)
(RDMA_READ_CONSUME_CHECK_CONSUMER) timestamp=7680 ms, used_size=9977856 bytes (24.4%)
(RDMA_READ_CONSUME_CHECK_CONSUMER) timestamp=7680 ms, used_size=9975808 bytes (24.4%)
(RDMA_READ_CONSUME_CHECK_CONSUMER) timestamp=7680 ms, used_size=9973760 bytes (24.4%)
(RDMA_READ_CONSUME_CHECK_CONSUMER) timestamp=7680 ms, used_size=9971712 bytes (24.3%)
(RDMA_READ_CONSUME_CHECK_CONSUMER) timestamp=7680 ms, used_size=9969664 bytes (24.3%)
(RDMA_READ_CONSUME_CHECK_CONSUMER) timestamp=7680 ms, used_size=9967616 bytes (24.3%)
(RDMA_READ_CONSUME_CHECK_CONSUMER) timestamp=7680 ms, used_size=9965568 bytes (24.3%)
(RDMA_READ_CONSUME_CHECK_CONSUMER) timestamp=7680 ms, used_size=9963520 bytes (24.3%)
(RDMA_READ_CONSUME_CHECK_CONSUMER) timestamp=7680 ms, used_size=9961472 bytes (24.3%)
(RDMA_READ_CONSUME_CHECK_CONSUMER) timestamp=7680 ms, used_size=9959424 bytes (24.3%)
(RDMA_READ_CONSUME_CHECK_CONSUMER) timestamp=7680 ms, used_size=9957376 bytes (24.3%)
(RDMA_READ_CONSUME_CHECK_CONSUMER) timestamp=7680 ms, used_size=9955328 bytes (24.3%)
(RDMA_READ_CONSUME_CHECK_CONSUMER) timestamp=7680 ms, used_size=9953280 bytes (24.3%)
(RDMA_READ_CONSUME_CHECK_CONSUMER) timestamp=7680 ms, used_size=9951232 bytes (24.3%)
(RDMA_READ_CONSUME_CHECK_CONSUMER) timestamp=7680 ms, used_size=9949184 bytes (24.3%)
(RDMA_READ_CONSUME_CHECK_CONSUMER) timestamp=7680 ms, used_size=9947136 bytes (24.3%)
(RDMA_READ_CONSUME_CHECK_CONSUMER) timestamp=7680 ms, used_size=9945088 bytes (24.3%)
(RDMA_READ_CONSUME_CHECK_CONSUMER) timestamp=7680 ms, used_size=9943040 bytes (24.3%)
(RDMA_READ_CONSUME_CHECK_CONSUMER) timestamp=7680 ms, used_size=9940992 bytes (24.3%)
(RDMA_READ_CONSUME_CHECK_CONSUMER) timestamp=7680 ms, used_size=9938944 bytes (24.3%)
(RDMA_READ_CONSUME_CHECK_CONSUMER) timestamp=7680 ms, used_size=9936896 bytes (24.3%)
(RDMA_READ_CONSUME_CHECK_CONSUMER) timestamp=7680 ms, used_size=9934848 bytes (24.3%)
(RDMA_READ_CONSUME_CHECK_CONSUMER) timestamp=7680 ms, used_size=9932800 bytes (24.2%)
(RDMA_READ_CONSUME_CHECK_CONSUMER) timestamp=7680 ms, used_size=9930752 bytes (24.2%)
(RDMA_READ_CONSUME_CHECK_CONSUMER) timestamp=7680 ms, used_size=9928704 bytes (24.2%)
(RDMA_READ_CONSUME_CHECK_CONSUMER) timestamp=7680 ms, used_size=9926656 bytes (24.2%)
(RDMA_READ_CONSUME_CHECK_CONSUMER) timestamp=7680 ms, used_size=9924608 bytes (24.2%)
(RDMA_READ_CONSUME_CHECK_CONSUMER) timestamp=7680 ms, used_size=9922560 bytes (24.2%)
(RDMA_READ_CONSUME_CHECK_CONSUMER) timestamp=7680 ms, used_size=9920512 bytes (24.2%)
(RDMA_READ_CONSUME_CHECK_CONSUMER) timestamp=7680 ms, used_size=9918464 bytes (24.2%)
(RDMA_READ_CONSUME_CHECK_CONSUMER) timestamp=7680 ms, used_size=9916416 bytes (24.2%)
(RDMA_READ_CONSUME_CHECK_CONSUMER) timestamp=7680 ms, used_size=9914368 bytes (24.2%)
(RDMA_READ_CONSUME_CHECK_CONSUMER) timestamp=7680 ms, used_size=9912320 bytes (24.2%)
(RDMA_READ_CONSUME_CHECK_CONSUMER) timestamp=7680 ms, used_size=9910272 bytes (24.2%)
(RDMA_READ_CONSUME_CHECK_CONSUMER) timestamp=7680 ms, used_size=9908224 bytes (24.2%)
(RDMA_READ_CONSUME_CHECK_CONSUMER) timestamp=7680 ms, used_size=9906176 bytes (24.2%)
(RDMA_READ_CONSUME_CHECK_CONSUMER) timestamp=7680 ms, used_size=9904128 bytes (24.2%)
(RDMA_READ_CONSUME_CHECK_CONSUMER) timestamp=7680 ms, used_size=9902080 bytes (24.2%)
(RDMA_READ_CONSUME_CHECK_CONSUMER) timestamp=7680 ms, used_size=9900032 bytes (24.2%)
(RDMA_READ_CONSUME_CHECK_CONSUMER) timestamp=7680 ms, used_size=9897984 bytes (24.2%)
(RDMA_READ_CONSUME_CHECK_CONSUMER) timestamp=7680 ms, used_size=9895936 bytes (24.2%)
(RDMA_READ_CONSUME_CHECK_CONSUMER) timestamp=7680 ms, used_size=9893888 bytes (24.2%)
(RDMA_READ_CONSUME_CHECK_CONSUMER) timestamp=7680 ms, used_size=9891840 bytes (24.1%)
(RDMA_READ_CONSUME_CHECK_CONSUMER) timestamp=7680 ms, used_size=9889792 bytes (24.1%)
(RDMA_READ_CONSUME_CHECK_CONSUMER) timestamp=7680 ms, used_size=9887744 bytes (24.1%)
(RDMA_READ_CONSUME_CHECK_CONSUMER) timestamp=7680 ms, used_size=9885696 bytes (24.1%)
(RDMA_READ_CONSUME_CHECK_CONSUMER) timestamp=7680 ms, used_size=9883648 bytes (24.1%)
(RDMA_READ_CONSUME_CHECK_CONSUMER) timestamp=7680 ms, used_size=9881600 bytes (24.1%)
(RDMA_READ_CONSUME_CHECK_CONSUMER) timestamp=7680 ms, used_size=9879552 bytes (24.1%)
(RDMA_READ_CONSUME_CHECK_CONSUMER) timestamp=7680 ms, used_size=9877504 bytes (24.1%)
(RDMA_READ_CONSUME_CHECK_CONSUMER) timestamp=7680 ms, used_size=9875456 bytes (24.1%)
(RDMA_READ_CONSUME_CHECK_CONSUMER) timestamp=7680 ms, used_size=9873408 bytes (24.1%)
(RDMA_READ_CONSUME_CHECK_CONSUMER) timestamp=7680 ms, used_size=9871360 bytes (24.1%)
(RDMA_READ_CONSUME_CHECK_CONSUMER) timestamp=7680 ms, used_size=9869312 bytes (24.1%)
(RDMA_READ_CONSUME_CHECK_CONSUMER) timestamp=7680 ms, used_size=9867264 bytes (24.1%)
(RDMA_READ_CONSUME_CHECK_CONSUMER) timestamp=7680 ms, used_size=9865216 bytes (24.1%)
(RDMA_READ_CONSUME_CHECK_CONSUMER) timestamp=7680 ms, used_size=9863168 bytes (24.1%)
(RDMA_READ_CONSUME_CHECK_CONSUMER) timestamp=7680 ms, used_size=9861120 bytes (24.1%)
(RDMA_READ_CONSUME_CHECK_CONSUMER) timestamp=7680 ms, used_size=9859072 bytes (24.1%)
(RDMA_READ_CONSUME_CHECK_CONSUMER) timestamp=7680 ms, used_size=9857024 bytes (24.1%)
(RDMA_READ_CONSUME_CHECK_CONSUMER) timestamp=7680 ms, used_size=9854976 bytes (24.1%)
(RDMA_READ_CONSUME_CHECK_CONSUMER) timestamp=7680 ms, used_size=9852928 bytes (24.1%)
(RDMA_READ_CONSUME_CHECK_CONSUMER) timestamp=7680 ms, used_size=9850880 bytes (24.1%)
(RDMA_READ_CONSUME_CHECK_CONSUMER) timestamp=7680 ms, used_size=9848832 bytes (24.0%)
(RDMA_READ_CONSUME_CHECK_CONSUMER) timestamp=7680 ms, used_size=9846784 bytes (24.0%)
(RDMA_READ_CONSUME_CHECK_CONSUMER) timestamp=7680 ms, used_size=9844736 bytes (24.0%)
(RDMA_READ_CONSUME_CHECK_CONSUMER) timestamp=7680 ms, used_size=9842688 bytes (24.0%)
(RDMA_READ_CONSUME_CHECK_CONSUMER) timestamp=7680 ms, used_size=9840640 bytes (24.0%)
(RDMA_READ_CONSUME_CHECK_CONSUMER) timestamp=7680 ms, used_size=9838592 bytes (24.0%)
(RDMA_READ_CONSUME_CHECK_CONSUMER) timestamp=7680 ms, used_size=9836544 bytes (24.0%)
(RDMA_READ_CONSUME_CHECK_CONSUMER) timestamp=7680 ms, used_size=9834496 bytes (24.0%)
(RDMA_READ_CONSUME_CHECK_CONSUMER) timestamp=7680 ms, used_size=9832448 bytes (24.0%)
(RDMA_READ_CONSUME_CHECK_CONSUMER) timestamp=7680 ms, used_size=9830400 bytes (24.0%)
(RDMA_READ_CONSUME_CHECK_CONSUMER) timestamp=7680 ms, used_size=9828352 bytes (24.0%)
(RDMA_READ_CONSUME_CHECK_CONSUMER) timestamp=7680 ms, used_size=9826304 bytes (24.0%)
(RDMA_READ_CONSUME_CHECK_CONSUMER) timestamp=7680 ms, used_size=9824256 bytes (24.0%)
(RDMA_READ_CONSUME_CHECK_CONSUMER) timestamp=7680 ms, used_size=9822208 bytes (24.0%)
(RDMA_READ_CONSUME_CHECK_CONSUMER) timestamp=7680 ms, used_size=9820160 bytes (24.0%)
(RDMA_READ_CONSUME_CHECK_CONSUMER) timestamp=7680 ms, used_size=9818112 bytes (24.0%)
(RDMA_READ_CONSUME_CHECK_CONSUMER) timestamp=7680 ms, used_size=9816064 bytes (24.0%)
(RDMA_READ_CONSUME_CHECK_CONSUMER) timestamp=7680 ms, used_size=9814016 bytes (24.0%)
(RDMA_READ_CONSUME_CHECK_CONSUMER) timestamp=7680 ms, used_size=9811968 bytes (24.0%)
(RDMA_READ_CONSUME_CHECK_CONSUMER) timestamp=7680 ms, used_size=9809920 bytes (23.9%)
(RDMA_READ_CONSUME_CHECK_CONSUMER) timestamp=7680 ms, used_size=9807872 bytes (23.9%)
(RDMA_READ_CONSUME_CHECK_CONSUMER) timestamp=7680 ms, used_size=9805824 bytes (23.9%)
(RDMA_READ_CONSUME_CHECK_CONSUMER) timestamp=7680 ms, used_size=9803776 bytes (23.9%)
(RDMA_READ_CONSUME_CHECK_CONSUMER) timestamp=7680 ms, used_size=9801728 bytes (23.9%)
(RDMA_READ_CONSUME_CHECK_CONSUMER) timestamp=7680 ms, used_size=9799680 bytes (23.9%)
(RDMA_READ_CONSUME_CHECK_CONSUMER) timestamp=7680 ms, used_size=9797632 bytes (23.9%)
(RDMA_READ_CONSUME_CHECK_CONSUMER) timestamp=7680 ms, used_size=9795584 bytes (23.9%)
(RDMA_READ_CONSUME_CHECK_CONSUMER) timestamp=7680 ms, used_size=9793536 bytes (23.9%)
(RDMA_READ_CONSUME_CHECK_CONSUMER) timestamp=7681 ms, used_size=9791488 bytes (23.9%)
(RDMA_READ_CONSUME_CHECK_CONSUMER) timestamp=7681 ms, used_size=9789440 bytes (23.9%)
(RDMA_READ_CONSUME_CHECK_CONSUMER) timestamp=7681 ms, used_size=9787392 bytes (23.9%)
(RDMA_READ_CONSUME_CHECK_CONSUMER) timestamp=7681 ms, used_size=9785344 bytes (23.9%)
(RDMA_READ_CONSUME_CHECK_CONSUMER) timestamp=7681 ms, used_size=9783296 bytes (23.9%)
(RDMA_READ_CONSUME_CHECK_CONSUMER) timestamp=7681 ms, used_size=9781248 bytes (23.9%)
(RDMA_READ_CONSUME_CHECK_CONSUMER) timestamp=7681 ms, used_size=9779200 bytes (23.9%)
(RDMA_READ_CONSUME_CHECK_CONSUMER) timestamp=7681 ms, used_size=9777152 bytes (23.9%)
(RDMA_READ_CONSUME_CHECK_CONSUMER) timestamp=7681 ms, used_size=9775104 bytes (23.9%)
(RDMA_READ_CONSUME_CHECK_CONSUMER) timestamp=7681 ms, used_size=9773056 bytes (23.9%)
(RDMA_READ_CONSUME_CHECK_CONSUMER) timestamp=7681 ms, used_size=9771008 bytes (23.9%)
(RDMA_READ_CONSUME_CHECK_CONSUMER) timestamp=7681 ms, used_size=9768960 bytes (23.9%)
(RDMA_READ_CONSUME_CHECK_CONSUMER) timestamp=7681 ms, used_size=9766912 bytes (23.8%)
(RDMA_READ_CONSUME_CHECK_CONSUMER) timestamp=7681 ms, used_size=9764864 bytes (23.8%)
(RDMA_READ_CONSUME_CHECK_CONSUMER) timestamp=7681 ms, used_size=9762816 bytes (23.8%)
(RDMA_READ_CONSUME_CHECK_CONSUMER) timestamp=7681 ms, used_size=9760768 bytes (23.8%)
(RDMA_READ_CONSUME_CHECK_CONSUMER) timestamp=7681 ms, used_size=9758720 bytes (23.8%)
(RDMA_READ_CONSUME_CHECK_CONSUMER) timestamp=7681 ms, used_size=9756672 bytes (23.8%)
(RDMA_READ_CONSUME_CHECK_CONSUMER) timestamp=7681 ms, used_size=9754624 bytes (23.8%)
(RDMA_READ_CONSUME_CHECK_CONSUMER) timestamp=7681 ms, used_size=9752576 bytes (23.8%)
(RDMA_READ_CONSUME_CHECK_CONSUMER) timestamp=7681 ms, used_size=9750528 bytes (23.8%)
(RDMA_READ_CONSUME_CHECK_CONSUMER) timestamp=7681 ms, used_size=9748480 bytes (23.8%)
(RDMA_READ_CONSUME_CHECK_CONSUMER) timestamp=7681 ms, used_size=9746432 bytes (23.8%)
(RDMA_READ_CONSUME_CHECK_CONSUMER) timestamp=7681 ms, used_size=9744384 bytes (23.8%)
(RDMA_READ_CONSUME_CHECK_CONSUMER) timestamp=7681 ms, used_size=9742336 bytes (23.8%)
(RDMA_READ_CONSUME_CHECK_CONSUMER) timestamp=7681 ms, used_size=9740288 bytes (23.8%)
(RDMA_READ_CONSUME_CHECK_CONSUMER) timestamp=7681 ms, used_size=9738240 bytes (23.8%)
(RDMA_READ_CONSUME_CHECK_CONSUMER) timestamp=7681 ms, used_size=9736192 bytes (23.8%)
(RDMA_READ_CONSUME_CHECK_CONSUMER) timestamp=7681 ms, used_size=9734144 bytes (23.8%)
(RDMA_READ_CONSUME_CHECK_CONSUMER) timestamp=7681 ms, used_size=9732096 bytes (23.8%)
(RDMA_READ_CONSUME_CHECK_CONSUMER) timestamp=7681 ms, used_size=9730048 bytes (23.8%)
(RDMA_READ_CONSUME_CHECK_CONSUMER) timestamp=7681 ms, used_size=9728000 bytes (23.8%)
(RDMA_READ_CONSUME_CHECK_CONSUMER) timestamp=7681 ms, used_size=9725952 bytes (23.7%)
(RDMA_READ_CONSUME_CHECK_CONSUMER) timestamp=7681 ms, used_size=9723904 bytes (23.7%)
(RDMA_READ_CONSUME_CHECK_CONSUMER) timestamp=7681 ms, used_size=9721856 bytes (23.7%)
(RDMA_READ_CONSUME_CHECK_CONSUMER) timestamp=7681 ms, used_size=9719808 bytes (23.7%)
(RDMA_READ_CONSUME_CHECK_CONSUMER) timestamp=7681 ms, used_size=9717760 bytes (23.7%)
(RDMA_READ_CONSUME_CHECK_CONSUMER) timestamp=7681 ms, used_size=9715712 bytes (23.7%)
(RDMA_READ_CONSUME_CHECK_CONSUMER) timestamp=7681 ms, used_size=9713664 bytes (23.7%)
(RDMA_READ_CONSUME_CHECK_CONSUMER) timestamp=7681 ms, used_size=9711616 bytes (23.7%)
(RDMA_READ_CONSUME_CHECK_CONSUMER) timestamp=7681 ms, used_size=9709568 bytes (23.7%)
(RDMA_READ_CONSUME_CHECK_CONSUMER) timestamp=7681 ms, used_size=9707520 bytes (23.7%)
(RDMA_READ_CONSUME_CHECK_CONSUMER) timestamp=7681 ms, used_size=9705472 bytes (23.7%)
(RDMA_READ_CONSUME_CHECK_CONSUMER) timestamp=7681 ms, used_size=9703424 bytes (23.7%)
(RDMA_READ_CONSUME_CHECK_CONSUMER) timestamp=7681 ms, used_size=9701376 bytes (23.7%)
(RDMA_READ_CONSUME_CHECK_CONSUMER) timestamp=7681 ms, used_size=9699328 bytes (23.7%)
(RDMA_READ_CONSUME_CHECK_CONSUMER) timestamp=7681 ms, used_size=9697280 bytes (23.7%)
(RDMA_READ_CONSUME_CHECK_CONSUMER) timestamp=7681 ms, used_size=9695232 bytes (23.7%)
(RDMA_READ_CONSUME_CHECK_CONSUMER) timestamp=7681 ms, used_size=9693184 bytes (23.7%)
(RDMA_READ_CONSUME_CHECK_CONSUMER) timestamp=7681 ms, used_size=9691136 bytes (23.7%)
(RDMA_READ_CONSUME_CHECK_CONSUMER) timestamp=7681 ms, used_size=9689088 bytes (23.7%)
(RDMA_READ_CONSUME_CHECK_CONSUMER) timestamp=7681 ms, used_size=9687040 bytes (23.6%)
(RDMA_READ_CONSUME_CHECK_CONSUMER) timestamp=7681 ms, used_size=9684992 bytes (23.6%)
(RDMA_READ_CONSUME_CHECK_CONSUMER) timestamp=7681 ms, used_size=9682944 bytes (23.6%)
(RDMA_READ_CONSUME_CHECK_CONSUMER) timestamp=7681 ms, used_size=9680896 bytes (23.6%)
(RDMA_READ_CONSUME_CHECK_CONSUMER) timestamp=7681 ms, used_size=9678848 bytes (23.6%)
(RDMA_READ_CONSUME_CHECK_CONSUMER) timestamp=7681 ms, used_size=9676800 bytes (23.6%)
(RDMA_READ_CONSUME_CHECK_CONSUMER) timestamp=7681 ms, used_size=9674752 bytes (23.6%)
(RDMA_READ_CONSUME_CHECK_CONSUMER) timestamp=7681 ms, used_size=9672704 bytes (23.6%)
(RDMA_READ_CONSUME_CHECK_CONSUMER) timestamp=7681 ms, used_size=9670656 bytes (23.6%)
(RDMA_READ_CONSUME_CHECK_CONSUMER) timestamp=7681 ms, used_size=9668608 bytes (23.6%)
(RDMA_READ_CONSUME_CHECK_CONSUMER) timestamp=7681 ms, used_size=9666560 bytes (23.6%)
(RDMA_READ_CONSUME_CHECK_CONSUMER) timestamp=7681 ms, used_size=9664512 bytes (23.6%)
(RDMA_READ_CONSUME_CHECK_CONSUMER) timestamp=7681 ms, used_size=9662464 bytes (23.6%)
(RDMA_READ_CONSUME_CHECK_CONSUMER) timestamp=7681 ms, used_size=9660416 bytes (23.6%)
(RDMA_READ_CONSUME_CHECK_CONSUMER) timestamp=7681 ms, used_size=9658368 bytes (23.6%)
(RDMA_READ_CONSUME_CHECK_CONSUMER) timestamp=7681 ms, used_size=9656320 bytes (23.6%)
(RDMA_READ_CONSUME_CHECK_CONSUMER) timestamp=7681 ms, used_size=9654272 bytes (23.6%)
(RDMA_READ_CONSUME_CHECK_CONSUMER) timestamp=7681 ms, used_size=9652224 bytes (23.6%)
(RDMA_READ_CONSUME_CHECK_CONSUMER) timestamp=7681 ms, used_size=9650176 bytes (23.6%)
(RDMA_READ_CONSUME_CHECK_CONSUMER) timestamp=7681 ms, used_size=9648128 bytes (23.6%)
(RDMA_READ_CONSUME_CHECK_CONSUMER) timestamp=7681 ms, used_size=9646080 bytes (23.6%)
(RDMA_READ_CONSUME_CHECK_CONSUMER) timestamp=7681 ms, used_size=9644032 bytes (23.5%)
(RDMA_READ_CONSUME_CHECK_CONSUMER) timestamp=7681 ms, used_size=9641984 bytes (23.5%)
(RDMA_READ_CONSUME_CHECK_CONSUMER) timestamp=7681 ms, used_size=9639936 bytes (23.5%)
(RDMA_READ_CONSUME_CHECK_CONSUMER) timestamp=7681 ms, used_size=9637888 bytes (23.5%)
(RDMA_READ_CONSUME_CHECK_CONSUMER) timestamp=7681 ms, used_size=9635840 bytes (23.5%)
(RDMA_READ_CONSUME_CHECK_CONSUMER) timestamp=7681 ms, used_size=9633792 bytes (23.5%)
(RDMA_READ_CONSUME_CHECK_CONSUMER) timestamp=7681 ms, used_size=9631744 bytes (23.5%)
(RDMA_READ_CONSUME_CHECK_CONSUMER) timestamp=7681 ms, used_size=9629696 bytes (23.5%)
(RDMA_READ_CONSUME_CHECK_CONSUMER) timestamp=7681 ms, used_size=9627648 bytes (23.5%)
(RDMA_READ_CONSUME_CHECK_CONSUMER) timestamp=7681 ms, used_size=9625600 bytes (23.5%)
(RDMA_READ_CONSUME_CHECK_CONSUMER) timestamp=7681 ms, used_size=9623552 bytes (23.5%)
(RDMA_READ_CONSUME_CHECK_CONSUMER) timestamp=7681 ms, used_size=9621504 bytes (23.5%)
(RDMA_READ_CONSUME_CHECK_CONSUMER) timestamp=7681 ms, used_size=9619456 bytes (23.5%)
(RDMA_READ_CONSUME_CHECK_CONSUMER) timestamp=7681 ms, used_size=9617408 bytes (23.5%)
(RDMA_READ_CONSUME_CHECK_CONSUMER) timestamp=7681 ms, used_size=9615360 bytes (23.5%)
(RDMA_READ_CONSUME_CHECK_CONSUMER) timestamp=7681 ms, used_size=9613312 bytes (23.5%)
(RDMA_READ_CONSUME_CHECK_CONSUMER) timestamp=7681 ms, used_size=9611264 bytes (23.5%)
(RDMA_READ_CONSUME_CHECK_CONSUMER) timestamp=7681 ms, used_size=9609216 bytes (23.5%)
(RDMA_READ_CONSUME_CHECK_CONSUMER) timestamp=7681 ms, used_size=9607168 bytes (23.5%)
(RDMA_READ_CONSUME_CHECK_CONSUMER) timestamp=7681 ms, used_size=9605120 bytes (23.4%)
(RDMA_READ_CONSUME_CHECK_CONSUMER) timestamp=7681 ms, used_size=9603072 bytes (23.4%)
(RDMA_READ_CONSUME_CHECK_CONSUMER) timestamp=7681 ms, used_size=9601024 bytes (23.4%)
(RDMA_READ_CONSUME_CHECK_CONSUMER) timestamp=7681 ms, used_size=9598976 bytes (23.4%)
(RDMA_READ_CONSUME_CHECK_CONSUMER) timestamp=7681 ms, used_size=9596928 bytes (23.4%)
(RDMA_READ_CONSUME_CHECK_CONSUMER) timestamp=7681 ms, used_size=9594880 bytes (23.4%)
(RDMA_READ_CONSUME_CHECK_CONSUMER) timestamp=7681 ms, used_size=9592832 bytes (23.4%)
(RDMA_READ_CONSUME_CHECK_CONSUMER) timestamp=7681 ms, used_size=9590784 bytes (23.4%)
(RDMA_READ_CONSUME_CHECK_CONSUMER) timestamp=7681 ms, used_size=9588736 bytes (23.4%)
(RDMA_READ_CONSUME_CHECK_CONSUMER) timestamp=7681 ms, used_size=9586688 bytes (23.4%)
(RDMA_READ_CONSUME_CHECK_CONSUMER) timestamp=7681 ms, used_size=9584640 bytes (23.4%)
(RDMA_READ_CONSUME_CHECK_CONSUMER) timestamp=7681 ms, used_size=9582592 bytes (23.4%)
(RDMA_READ_CONSUME_CHECK_CONSUMER) timestamp=7681 ms, used_size=9580544 bytes (23.4%)
(RDMA_READ_CONSUME_CHECK_CONSUMER) timestamp=7681 ms, used_size=9578496 bytes (23.4%)
(RDMA_READ_CONSUME_CHECK_CONSUMER) timestamp=7681 ms, used_size=9576448 bytes (23.4%)
(RDMA_READ_CONSUME_CHECK_CONSUMER) timestamp=7681 ms, used_size=9574400 bytes (23.4%)
(RDMA_READ_CONSUME_CHECK_CONSUMER) timestamp=7681 ms, used_size=9572352 bytes (23.4%)
(RDMA_READ_CONSUME_CHECK_CONSUMER) timestamp=7681 ms, used_size=9570304 bytes (23.4%)
(RDMA_READ_CONSUME_CHECK_CONSUMER) timestamp=7681 ms, used_size=9568256 bytes (23.4%)
(RDMA_READ_CONSUME_CHECK_CONSUMER) timestamp=7681 ms, used_size=9566208 bytes (23.4%)
(RDMA_READ_CONSUME_CHECK_CONSUMER) timestamp=7681 ms, used_size=9564160 bytes (23.4%)
(RDMA_READ_CONSUME_CHECK_CONSUMER) timestamp=7681 ms, used_size=9562112 bytes (23.3%)
(RDMA_READ_CONSUME_CHECK_CONSUMER) timestamp=7681 ms, used_size=9560064 bytes (23.3%)
(RDMA_READ_CONSUME_CHECK_CONSUMER) timestamp=7681 ms, used_size=9558016 bytes (23.3%)
(RDMA_READ_CONSUME_CHECK_CONSUMER) timestamp=7681 ms, used_size=9555968 bytes (23.3%)
(RDMA_READ_CONSUME_CHECK_CONSUMER) timestamp=7681 ms, used_size=9553920 bytes (23.3%)
(RDMA_READ_CONSUME_CHECK_CONSUMER) timestamp=7681 ms, used_size=9551872 bytes (23.3%)
(RDMA_READ_CONSUME_CHECK_CONSUMER) timestamp=7681 ms, used_size=9549824 bytes (23.3%)
(RDMA_READ_CONSUME_CHECK_CONSUMER) timestamp=7681 ms, used_size=9547776 bytes (23.3%)
(RDMA_READ_CONSUME_CHECK_CONSUMER) timestamp=7681 ms, used_size=9545728 bytes (23.3%)
(RDMA_READ_CONSUME_CHECK_CONSUMER) timestamp=7681 ms, used_size=9543680 bytes (23.3%)
(RDMA_READ_CONSUME_CHECK_CONSUMER) timestamp=7681 ms, used_size=9541632 bytes (23.3%)
(RDMA_READ_CONSUME_CHECK_CONSUMER) timestamp=7681 ms, used_size=9539584 bytes (23.3%)
(RDMA_READ_CONSUME_CHECK_CONSUMER) timestamp=7681 ms, used_size=9537536 bytes (23.3%)
(RDMA_READ_CONSUME_CHECK_CONSUMER) timestamp=7681 ms, used_size=9535488 bytes (23.3%)
(RDMA_READ_CONSUME_CHECK_CONSUMER) timestamp=7681 ms, used_size=9533440 bytes (23.3%)
(RDMA_READ_CONSUME_CHECK_CONSUMER) timestamp=7681 ms, used_size=9531392 bytes (23.3%)
(RDMA_READ_CONSUME_CHECK_CONSUMER) timestamp=7681 ms, used_size=9529344 bytes (23.3%)
(RDMA_READ_CONSUME_CHECK_CONSUMER) timestamp=7681 ms, used_size=9527296 bytes (23.3%)
(RDMA_READ_CONSUME_CHECK_CONSUMER) timestamp=7681 ms, used_size=9525248 bytes (23.3%)
(RDMA_READ_CONSUME_CHECK_CONSUMER) timestamp=7681 ms, used_size=9523200 bytes (23.2%)
(RDMA_READ_CONSUME_CHECK_CONSUMER) timestamp=7681 ms, used_size=9521152 bytes (23.2%)
(RDMA_READ_CONSUME_CHECK_CONSUMER) timestamp=7681 ms, used_size=9519104 bytes (23.2%)
(RDMA_READ_CONSUME_CHECK_CONSUMER) timestamp=7681 ms, used_size=9517056 bytes (23.2%)
(RDMA_READ_CONSUME_CHECK_CONSUMER) timestamp=7681 ms, used_size=9515008 bytes (23.2%)
(RDMA_READ_CONSUME_CHECK_CONSUMER) timestamp=7681 ms, used_size=9512960 bytes (23.2%)
(RDMA_READ_CONSUME_CHECK_CONSUMER) timestamp=7681 ms, used_size=9510912 bytes (23.2%)
(RDMA_READ_CONSUME_CHECK_CONSUMER) timestamp=7681 ms, used_size=9508864 bytes (23.2%)
(RDMA_READ_CONSUME_CHECK_CONSUMER) timestamp=7681 ms, used_size=9506816 bytes (23.2%)
(RDMA_READ_CONSUME_CHECK_CONSUMER) timestamp=7681 ms, used_size=9504768 bytes (23.2%)
(RDMA_READ_CONSUME_CHECK_CONSUMER) timestamp=7681 ms, used_size=9502720 bytes (23.2%)
(RDMA_READ_CONSUME_CHECK_CONSUMER) timestamp=7681 ms, used_size=9500672 bytes (23.2%)
(RDMA_READ_CONSUME_CHECK_CONSUMER) timestamp=7681 ms, used_size=9498624 bytes (23.2%)
(RDMA_READ_CONSUME_CHECK_CONSUMER) timestamp=7681 ms, used_size=9496576 bytes (23.2%)
(RDMA_READ_CONSUME_CHECK_CONSUMER) timestamp=7681 ms, used_size=9494528 bytes (23.2%)
(RDMA_READ_CONSUME_CHECK_CONSUMER) timestamp=7681 ms, used_size=9492480 bytes (23.2%)
(RDMA_READ_CONSUME_CHECK_CONSUMER) timestamp=7681 ms, used_size=9490432 bytes (23.2%)
(RDMA_READ_CONSUME_CHECK_CONSUMER) timestamp=7681 ms, used_size=9488384 bytes (23.2%)
(RDMA_READ_CONSUME_CHECK_CONSUMER) timestamp=7681 ms, used_size=9486336 bytes (23.2%)
(RDMA_READ_CONSUME_CHECK_CONSUMER) timestamp=7681 ms, used_size=9484288 bytes (23.2%)
(RDMA_READ_CONSUME_CHECK_CONSUMER) timestamp=7681 ms, used_size=9482240 bytes (23.1%)
(RDMA_READ_CONSUME_CHECK_CONSUMER) timestamp=7681 ms, used_size=9480192 bytes (23.1%)
(RDMA_READ_CONSUME_CHECK_CONSUMER) timestamp=7681 ms, used_size=9478144 bytes (23.1%)
(RDMA_READ_CONSUME_CHECK_CONSUMER) timestamp=7681 ms, used_size=9476096 bytes (23.1%)
(RDMA_READ_CONSUME_CHECK_CONSUMER) timestamp=7681 ms, used_size=9474048 bytes (23.1%)
(RDMA_READ_CONSUME_CHECK_CONSUMER) timestamp=7681 ms, used_size=9472000 bytes (23.1%)
(RDMA_READ_CONSUME_CHECK_CONSUMER) timestamp=7681 ms, used_size=9469952 bytes (23.1%)
(RDMA_READ_CONSUME_CHECK_CONSUMER) timestamp=7681 ms, used_size=9467904 bytes (23.1%)
(RDMA_READ_CONSUME_CHECK_CONSUMER) timestamp=7681 ms, used_size=9465856 bytes (23.1%)
(RDMA_READ_CONSUME_CHECK_CONSUMER) timestamp=7681 ms, used_size=9463808 bytes (23.1%)
(RDMA_READ_CONSUME_CHECK_CONSUMER) timestamp=7681 ms, used_size=9461760 bytes (23.1%)
(RDMA_READ_CONSUME_CHECK_CONSUMER) timestamp=7681 ms, used_size=9459712 bytes (23.1%)
(RDMA_READ_CONSUME_CHECK_CONSUMER) timestamp=7681 ms, used_size=9457664 bytes (23.1%)
(RDMA_READ_CONSUME_CHECK_CONSUMER) timestamp=7681 ms, used_size=9455616 bytes (23.1%)
(RDMA_READ_CONSUME_CHECK_CONSUMER) timestamp=7681 ms, used_size=9453568 bytes (23.1%)
(RDMA_READ_CONSUME_CHECK_CONSUMER) timestamp=7681 ms, used_size=9451520 bytes (23.1%)
(RDMA_READ_CONSUME_CHECK_CONSUMER) timestamp=7681 ms, used_size=9449472 bytes (23.1%)
(RDMA_READ_CONSUME_CHECK_CONSUMER) timestamp=7681 ms, used_size=9447424 bytes (23.1%)
(RDMA_READ_CONSUME_CHECK_CONSUMER) timestamp=7681 ms, used_size=9445376 bytes (23.1%)
(RDMA_READ_CONSUME_CHECK_CONSUMER) timestamp=7681 ms, used_size=9443328 bytes (23.1%)
(RDMA_READ_CONSUME_CHECK_CONSUMER) timestamp=7681 ms, used_size=9441280 bytes (23.1%)
(RDMA_READ_CONSUME_CHECK_CONSUMER) timestamp=7681 ms, used_size=9439232 bytes (23.0%)
(RDMA_READ_CONSUME_CHECK_CONSUMER) timestamp=7681 ms, used_size=9437184 bytes (23.0%)
(RDMA_READ_CONSUME_CHECK_CONSUMER) timestamp=7681 ms, used_size=9435136 bytes (23.0%)
(RDMA_READ_CONSUME_CHECK_CONSUMER) timestamp=7681 ms, used_size=9433088 bytes (23.0%)
(RDMA_READ_CONSUME_CHECK_CONSUMER) timestamp=7681 ms, used_size=9431040 bytes (23.0%)
(RDMA_READ_CONSUME_CHECK_CONSUMER) timestamp=7681 ms, used_size=9428992 bytes (23.0%)
(RDMA_READ_CONSUME_CHECK_CONSUMER) timestamp=7681 ms, used_size=9426944 bytes (23.0%)
(RDMA_READ_CONSUME_CHECK_CONSUMER) timestamp=7681 ms, used_size=9424896 bytes (23.0%)
(RDMA_READ_CONSUME_CHECK_CONSUMER) timestamp=7681 ms, used_size=9422848 bytes (23.0%)
(RDMA_READ_CONSUME_CHECK_CONSUMER) timestamp=7681 ms, used_size=9420800 bytes (23.0%)
(RDMA_READ_CONSUME_CHECK_CONSUMER) timestamp=7681 ms, used_size=9418752 bytes (23.0%)
(RDMA_READ_CONSUME_CHECK_CONSUMER) timestamp=7681 ms, used_size=9416704 bytes (23.0%)
(RDMA_READ_CONSUME_CHECK_CONSUMER) timestamp=7681 ms, used_size=9414656 bytes (23.0%)
(RDMA_READ_CONSUME_CHECK_CONSUMER) timestamp=7681 ms, used_size=9412608 bytes (23.0%)
(RDMA_READ_CONSUME_CHECK_CONSUMER) timestamp=7681 ms, used_size=9410560 bytes (23.0%)
(RDMA_READ_CONSUME_CHECK_CONSUMER) timestamp=7681 ms, used_size=9408512 bytes (23.0%)
(RDMA_READ_CONSUME_CHECK_CONSUMER) timestamp=7682 ms, used_size=9406464 bytes (23.0%)
(RDMA_READ_CONSUME_CHECK_CONSUMER) timestamp=7682 ms, used_size=9404416 bytes (23.0%)
(RDMA_READ_CONSUME_CHECK_CONSUMER) timestamp=7682 ms, used_size=9402368 bytes (23.0%)
(RDMA_READ_CONSUME_CHECK_CONSUMER) timestamp=7682 ms, used_size=9400320 bytes (22.9%)
(RDMA_READ_CONSUME_CHECK_CONSUMER) timestamp=7682 ms, used_size=9398272 bytes (22.9%)
(RDMA_READ_CONSUME_CHECK_CONSUMER) timestamp=7682 ms, used_size=9396224 bytes (22.9%)
(RDMA_READ_CONSUME_CHECK_CONSUMER) timestamp=7682 ms, used_size=9394176 bytes (22.9%)
(RDMA_READ_CONSUME_CHECK_CONSUMER) timestamp=7682 ms, used_size=9392128 bytes (22.9%)
(RDMA_READ_CONSUME_CHECK_CONSUMER) timestamp=7682 ms, used_size=9390080 bytes (22.9%)
(RDMA_READ_CONSUME_CHECK_CONSUMER) timestamp=7682 ms, used_size=9388032 bytes (22.9%)
(RDMA_READ_CONSUME_CHECK_CONSUMER) timestamp=7682 ms, used_size=9385984 bytes (22.9%)
(RDMA_READ_CONSUME_CHECK_CONSUMER) timestamp=7682 ms, used_size=9383936 bytes (22.9%)
(RDMA_READ_CONSUME_CHECK_CONSUMER) timestamp=7682 ms, used_size=9381888 bytes (22.9%)
(RDMA_READ_CONSUME_CHECK_CONSUMER) timestamp=7682 ms, used_size=9379840 bytes (22.9%)
(RDMA_READ_CONSUME_CHECK_CONSUMER) timestamp=7682 ms, used_size=9377792 bytes (22.9%)
(RDMA_READ_CONSUME_CHECK_CONSUMER) timestamp=7682 ms, used_size=9375744 bytes (22.9%)
(RDMA_READ_CONSUME_CHECK_CONSUMER) timestamp=7682 ms, used_size=9373696 bytes (22.9%)
(RDMA_READ_CONSUME_CHECK_CONSUMER) timestamp=7682 ms, used_size=9371648 bytes (22.9%)
(RDMA_READ_CONSUME_CHECK_CONSUMER) timestamp=7682 ms, used_size=9369600 bytes (22.9%)
(RDMA_READ_CONSUME_CHECK_CONSUMER) timestamp=7682 ms, used_size=9367552 bytes (22.9%)
(RDMA_READ_CONSUME_CHECK_CONSUMER) timestamp=7682 ms, used_size=9365504 bytes (22.9%)
(RDMA_READ_CONSUME_CHECK_CONSUMER) timestamp=7682 ms, used_size=9363456 bytes (22.9%)
(RDMA_READ_CONSUME_CHECK_CONSUMER) timestamp=7682 ms, used_size=9361408 bytes (22.9%)
(RDMA_READ_CONSUME_CHECK_CONSUMER) timestamp=7682 ms, used_size=9359360 bytes (22.9%)
(RDMA_READ_CONSUME_CHECK_CONSUMER) timestamp=7682 ms, used_size=9357312 bytes (22.8%)
(RDMA_READ_CONSUME_CHECK_CONSUMER) timestamp=7682 ms, used_size=9355264 bytes (22.8%)
(RDMA_READ_CONSUME_CHECK_CONSUMER) timestamp=7682 ms, used_size=9353216 bytes (22.8%)
(RDMA_READ_CONSUME_CHECK_CONSUMER) timestamp=7682 ms, used_size=9351168 bytes (22.8%)
(RDMA_READ_CONSUME_CHECK_CONSUMER) timestamp=7682 ms, used_size=9349120 bytes (22.8%)
(RDMA_READ_CONSUME_CHECK_CONSUMER) timestamp=7682 ms, used_size=9347072 bytes (22.8%)
(RDMA_READ_CONSUME_CHECK_CONSUMER) timestamp=7682 ms, used_size=9345024 bytes (22.8%)
(RDMA_READ_CONSUME_CHECK_CONSUMER) timestamp=7682 ms, used_size=9342976 bytes (22.8%)
(RDMA_READ_CONSUME_CHECK_CONSUMER) timestamp=7682 ms, used_size=9340928 bytes (22.8%)
(RDMA_READ_CONSUME_CHECK_CONSUMER) timestamp=7682 ms, used_size=9338880 bytes (22.8%)
(RDMA_READ_CONSUME_CHECK_CONSUMER) timestamp=7682 ms, used_size=9336832 bytes (22.8%)
(RDMA_READ_CONSUME_CHECK_CONSUMER) timestamp=7682 ms, used_size=9334784 bytes (22.8%)
(RDMA_READ_CONSUME_CHECK_CONSUMER) timestamp=7682 ms, used_size=9332736 bytes (22.8%)
(RDMA_READ_CONSUME_CHECK_CONSUMER) timestamp=7682 ms, used_size=9330688 bytes (22.8%)
(RDMA_READ_CONSUME_CHECK_CONSUMER) timestamp=7682 ms, used_size=9328640 bytes (22.8%)
(RDMA_READ_CONSUME_CHECK_CONSUMER) timestamp=7682 ms, used_size=9326592 bytes (22.8%)
(RDMA_READ_CONSUME_CHECK_CONSUMER) timestamp=7682 ms, used_size=9324544 bytes (22.8%)
(RDMA_READ_CONSUME_CHECK_CONSUMER) timestamp=7682 ms, used_size=9322496 bytes (22.8%)
(RDMA_READ_CONSUME_CHECK_CONSUMER) timestamp=7682 ms, used_size=9320448 bytes (22.8%)
(RDMA_READ_CONSUME_CHECK_CONSUMER) timestamp=7682 ms, used_size=9318400 bytes (22.8%)
(RDMA_READ_CONSUME_CHECK_CONSUMER) timestamp=7682 ms, used_size=9316352 bytes (22.7%)
(RDMA_READ_CONSUME_CHECK_CONSUMER) timestamp=7682 ms, used_size=9314304 bytes (22.7%)
(RDMA_READ_CONSUME_CHECK_CONSUMER) timestamp=7682 ms, used_size=9312256 bytes (22.7%)
(RDMA_READ_CONSUME_CHECK_CONSUMER) timestamp=7682 ms, used_size=9310208 bytes (22.7%)
(RDMA_READ_CONSUME_CHECK_CONSUMER) timestamp=7682 ms, used_size=9308160 bytes (22.7%)
(RDMA_READ_CONSUME_CHECK_CONSUMER) timestamp=7682 ms, used_size=9306112 bytes (22.7%)
(RDMA_READ_CONSUME_CHECK_CONSUMER) timestamp=7682 ms, used_size=9304064 bytes (22.7%)
(RDMA_READ_CONSUME_CHECK_CONSUMER) timestamp=7682 ms, used_size=9302016 bytes (22.7%)
(RDMA_READ_CONSUME_CHECK_CONSUMER) timestamp=7682 ms, used_size=9299968 bytes (22.7%)
(RDMA_READ_CONSUME_CHECK_CONSUMER) timestamp=7682 ms, used_size=9297920 bytes (22.7%)
(RDMA_READ_CONSUME_CHECK_CONSUMER) timestamp=7682 ms, used_size=9295872 bytes (22.7%)
(RDMA_READ_CONSUME_CHECK_CONSUMER) timestamp=7682 ms, used_size=9293824 bytes (22.7%)
(RDMA_READ_CONSUME_CHECK_CONSUMER) timestamp=7682 ms, used_size=9291776 bytes (22.7%)
(RDMA_READ_CONSUME_CHECK_CONSUMER) timestamp=7682 ms, used_size=9289728 bytes (22.7%)
(RDMA_READ_CONSUME_CHECK_CONSUMER) timestamp=7682 ms, used_size=9287680 bytes (22.7%)
(RDMA_READ_CONSUME_CHECK_CONSUMER) timestamp=7682 ms, used_size=9285632 bytes (22.7%)
(RDMA_READ_CONSUME_CHECK_CONSUMER) timestamp=7682 ms, used_size=9283584 bytes (22.7%)
(RDMA_READ_CONSUME_CHECK_CONSUMER) timestamp=7682 ms, used_size=9281536 bytes (22.7%)
(RDMA_READ_CONSUME_CHECK_CONSUMER) timestamp=7682 ms, used_size=9279488 bytes (22.7%)
(RDMA_READ_CONSUME_CHECK_CONSUMER) timestamp=7682 ms, used_size=9277440 bytes (22.6%)
(RDMA_READ_CONSUME_CHECK_CONSUMER) timestamp=7682 ms, used_size=9275392 bytes (22.6%)
(RDMA_READ_CONSUME_CHECK_CONSUMER) timestamp=7682 ms, used_size=9273344 bytes (22.6%)
(RDMA_READ_CONSUME_CHECK_CONSUMER) timestamp=7682 ms, used_size=9271296 bytes (22.6%)
(RDMA_READ_CONSUME_CHECK_CONSUMER) timestamp=7682 ms, used_size=9269248 bytes (22.6%)
(RDMA_READ_CONSUME_CHECK_CONSUMER) timestamp=7682 ms, used_size=9267200 bytes (22.6%)
(RDMA_READ_CONSUME_CHECK_CONSUMER) timestamp=7682 ms, used_size=9265152 bytes (22.6%)
(RDMA_READ_CONSUME_CHECK_CONSUMER) timestamp=7682 ms, used_size=9263104 bytes (22.6%)
(RDMA_READ_CONSUME_CHECK_CONSUMER) timestamp=7682 ms, used_size=9261056 bytes (22.6%)
(RDMA_READ_CONSUME_CHECK_CONSUMER) timestamp=7682 ms, used_size=9259008 bytes (22.6%)
(RDMA_READ_CONSUME_CHECK_CONSUMER) timestamp=7682 ms, used_size=9256960 bytes (22.6%)
(RDMA_READ_CONSUME_CHECK_CONSUMER) timestamp=7682 ms, used_size=9254912 bytes (22.6%)
(RDMA_READ_CONSUME_CHECK_CONSUMER) timestamp=7682 ms, used_size=9252864 bytes (22.6%)
(RDMA_READ_CONSUME_CHECK_CONSUMER) timestamp=7682 ms, used_size=9250816 bytes (22.6%)
(RDMA_READ_CONSUME_CHECK_CONSUMER) timestamp=7682 ms, used_size=9248768 bytes (22.6%)
(RDMA_READ_CONSUME_CHECK_CONSUMER) timestamp=7682 ms, used_size=9246720 bytes (22.6%)
(RDMA_READ_CONSUME_CHECK_CONSUMER) timestamp=7682 ms, used_size=9244672 bytes (22.6%)
(RDMA_READ_CONSUME_CHECK_CONSUMER) timestamp=7682 ms, used_size=9242624 bytes (22.6%)
(RDMA_READ_CONSUME_CHECK_CONSUMER) timestamp=7682 ms, used_size=9240576 bytes (22.6%)
(RDMA_READ_CONSUME_CHECK_CONSUMER) timestamp=7682 ms, used_size=9238528 bytes (22.6%)
(RDMA_READ_CONSUME_CHECK_CONSUMER) timestamp=7682 ms, used_size=9236480 bytes (22.6%)
(RDMA_READ_CONSUME_CHECK_CONSUMER) timestamp=7682 ms, used_size=9234432 bytes (22.5%)
(RDMA_READ_CONSUME_CHECK_CONSUMER) timestamp=7682 ms, used_size=9232384 bytes (22.5%)
(RDMA_READ_CONSUME_CHECK_CONSUMER) timestamp=7682 ms, used_size=9230336 bytes (22.5%)
(RDMA_READ_CONSUME_CHECK_CONSUMER) timestamp=7682 ms, used_size=9228288 bytes (22.5%)
(RDMA_READ_CONSUME_CHECK_CONSUMER) timestamp=7682 ms, used_size=9226240 bytes (22.5%)
(RDMA_READ_CONSUME_CHECK_CONSUMER) timestamp=7682 ms, used_size=9224192 bytes (22.5%)
(RDMA_READ_CONSUME_CHECK_CONSUMER) timestamp=7682 ms, used_size=9222144 bytes (22.5%)
(RDMA_READ_CONSUME_CHECK_CONSUMER) timestamp=7682 ms, used_size=9220096 bytes (22.5%)
(RDMA_READ_CONSUME_CHECK_CONSUMER) timestamp=7682 ms, used_size=9218048 bytes (22.5%)
(RDMA_READ_CONSUME_CHECK_CONSUMER) timestamp=7682 ms, used_size=9216000 bytes (22.5%)
(RDMA_READ_CONSUME_CHECK_CONSUMER) timestamp=7682 ms, used_size=9213952 bytes (22.5%)
(RDMA_READ_CONSUME_CHECK_CONSUMER) timestamp=7682 ms, used_size=9211904 bytes (22.5%)
(RDMA_READ_CONSUME_CHECK_CONSUMER) timestamp=7682 ms, used_size=9209856 bytes (22.5%)
(RDMA_READ_CONSUME_CHECK_CONSUMER) timestamp=7682 ms, used_size=9207808 bytes (22.5%)
(RDMA_READ_CONSUME_CHECK_CONSUMER) timestamp=7682 ms, used_size=9205760 bytes (22.5%)
(RDMA_READ_CONSUME_CHECK_CONSUMER) timestamp=7682 ms, used_size=9203712 bytes (22.5%)
(RDMA_READ_CONSUME_CHECK_CONSUMER) timestamp=7682 ms, used_size=9201664 bytes (22.5%)
(RDMA_READ_CONSUME_CHECK_CONSUMER) timestamp=7682 ms, used_size=9199616 bytes (22.5%)
(RDMA_READ_CONSUME_CHECK_CONSUMER) timestamp=7682 ms, used_size=9197568 bytes (22.5%)
(RDMA_READ_CONSUME_CHECK_CONSUMER) timestamp=7682 ms, used_size=9195520 bytes (22.4%)
(RDMA_READ_CONSUME_CHECK_CONSUMER) timestamp=7682 ms, used_size=9193472 bytes (22.4%)
(RDMA_READ_CONSUME_CHECK_CONSUMER) timestamp=7682 ms, used_size=9191424 bytes (22.4%)
(RDMA_READ_CONSUME_CHECK_CONSUMER) timestamp=7682 ms, used_size=9189376 bytes (22.4%)
(RDMA_READ_CONSUME_CHECK_CONSUMER) timestamp=7682 ms, used_size=9187328 bytes (22.4%)
(RDMA_READ_CONSUME_CHECK_CONSUMER) timestamp=7682 ms, used_size=9185280 bytes (22.4%)
(RDMA_READ_CONSUME_CHECK_CONSUMER) timestamp=7682 ms, used_size=9183232 bytes (22.4%)
(RDMA_READ_CONSUME_CHECK_CONSUMER) timestamp=7682 ms, used_size=9181184 bytes (22.4%)
(RDMA_READ_CONSUME_CHECK_CONSUMER) timestamp=7682 ms, used_size=9179136 bytes (22.4%)
(RDMA_READ_CONSUME_CHECK_CONSUMER) timestamp=7682 ms, used_size=9177088 bytes (22.4%)
(RDMA_READ_CONSUME_CHECK_CONSUMER) timestamp=7682 ms, used_size=9175040 bytes (22.4%)
(RDMA_READ_CONSUME_CHECK_CONSUMER) timestamp=7682 ms, used_size=9172992 bytes (22.4%)
(RDMA_READ_CONSUME_CHECK_CONSUMER) timestamp=7682 ms, used_size=9170944 bytes (22.4%)
(RDMA_READ_CONSUME_CHECK_CONSUMER) timestamp=7682 ms, used_size=9168896 bytes (22.4%)
(RDMA_READ_CONSUME_CHECK_CONSUMER) timestamp=7682 ms, used_size=9166848 bytes (22.4%)
(RDMA_READ_CONSUME_CHECK_CONSUMER) timestamp=7682 ms, used_size=9164800 bytes (22.4%)
(RDMA_READ_CONSUME_CHECK_CONSUMER) timestamp=7682 ms, used_size=9162752 bytes (22.4%)
(RDMA_READ_CONSUME_CHECK_CONSUMER) timestamp=7682 ms, used_size=9160704 bytes (22.4%)
(RDMA_READ_CONSUME_CHECK_CONSUMER) timestamp=7682 ms, used_size=9158656 bytes (22.4%)
(RDMA_READ_CONSUME_CHECK_CONSUMER) timestamp=7682 ms, used_size=9156608 bytes (22.4%)
(RDMA_READ_CONSUME_CHECK_CONSUMER) timestamp=7682 ms, used_size=9154560 bytes (22.4%)
(RDMA_READ_CONSUME_CHECK_CONSUMER) timestamp=7682 ms, used_size=9152512 bytes (22.3%)
(RDMA_READ_CONSUME_CHECK_CONSUMER) timestamp=7682 ms, used_size=9150464 bytes (22.3%)
(RDMA_READ_CONSUME_CHECK_CONSUMER) timestamp=7682 ms, used_size=9148416 bytes (22.3%)
(RDMA_READ_CONSUME_CHECK_CONSUMER) timestamp=7682 ms, used_size=9146368 bytes (22.3%)
(RDMA_READ_CONSUME_CHECK_CONSUMER) timestamp=7682 ms, used_size=9144320 bytes (22.3%)
(RDMA_READ_CONSUME_CHECK_CONSUMER) timestamp=7682 ms, used_size=9142272 bytes (22.3%)
(RDMA_READ_CONSUME_CHECK_CONSUMER) timestamp=7682 ms, used_size=9140224 bytes (22.3%)
(RDMA_READ_CONSUME_CHECK_CONSUMER) timestamp=7682 ms, used_size=9138176 bytes (22.3%)
(RDMA_READ_CONSUME_CHECK_CONSUMER) timestamp=7682 ms, used_size=9136128 bytes (22.3%)
(RDMA_READ_CONSUME_CHECK_CONSUMER) timestamp=7682 ms, used_size=9134080 bytes (22.3%)
(RDMA_READ_CONSUME_CHECK_CONSUMER) timestamp=7682 ms, used_size=9132032 bytes (22.3%)
(RDMA_READ_CONSUME_CHECK_CONSUMER) timestamp=7682 ms, used_size=9129984 bytes (22.3%)
(RDMA_READ_CONSUME_CHECK_CONSUMER) timestamp=7682 ms, used_size=9127936 bytes (22.3%)
(RDMA_READ_CONSUME_CHECK_CONSUMER) timestamp=7682 ms, used_size=9125888 bytes (22.3%)
(RDMA_READ_CONSUME_CHECK_CONSUMER) timestamp=7682 ms, used_size=9123840 bytes (22.3%)
(RDMA_READ_CONSUME_CHECK_CONSUMER) timestamp=7682 ms, used_size=9121792 bytes (22.3%)
(RDMA_READ_CONSUME_CHECK_CONSUMER) timestamp=7682 ms, used_size=9119744 bytes (22.3%)
(RDMA_READ_CONSUME_CHECK_CONSUMER) timestamp=7682 ms, used_size=9117696 bytes (22.3%)
(RDMA_READ_CONSUME_CHECK_CONSUMER) timestamp=7682 ms, used_size=9115648 bytes (22.3%)
(RDMA_READ_CONSUME_CHECK_CONSUMER) timestamp=7682 ms, used_size=9113600 bytes (22.2%)
(RDMA_READ_CONSUME_CHECK_CONSUMER) timestamp=7682 ms, used_size=9111552 bytes (22.2%)
(RDMA_READ_CONSUME_CHECK_CONSUMER) timestamp=7682 ms, used_size=9109504 bytes (22.2%)
(RDMA_READ_CONSUME_CHECK_CONSUMER) timestamp=7682 ms, used_size=9107456 bytes (22.2%)
(RDMA_READ_CONSUME_CHECK_CONSUMER) timestamp=7682 ms, used_size=9105408 bytes (22.2%)
(RDMA_READ_CONSUME_CHECK_CONSUMER) timestamp=7682 ms, used_size=9103360 bytes (22.2%)
(RDMA_READ_CONSUME_CHECK_CONSUMER) timestamp=7682 ms, used_size=9101312 bytes (22.2%)
(RDMA_READ_CONSUME_CHECK_CONSUMER) timestamp=7682 ms, used_size=9099264 bytes (22.2%)
(RDMA_READ_CONSUME_CHECK_CONSUMER) timestamp=7682 ms, used_size=9097216 bytes (22.2%)
(RDMA_READ_CONSUME_CHECK_CONSUMER) timestamp=7682 ms, used_size=9095168 bytes (22.2%)
(RDMA_READ_CONSUME_CHECK_CONSUMER) timestamp=7682 ms, used_size=9093120 bytes (22.2%)
(RDMA_READ_CONSUME_CHECK_CONSUMER) timestamp=7682 ms, used_size=9091072 bytes (22.2%)
(RDMA_READ_CONSUME_CHECK_CONSUMER) timestamp=7682 ms, used_size=9089024 bytes (22.2%)
(RDMA_READ_CONSUME_CHECK_CONSUMER) timestamp=7682 ms, used_size=9086976 bytes (22.2%)
(RDMA_READ_CONSUME_CHECK_CONSUMER) timestamp=7682 ms, used_size=9084928 bytes (22.2%)
(RDMA_READ_CONSUME_CHECK_CONSUMER) timestamp=7682 ms, used_size=9082880 bytes (22.2%)
(RDMA_READ_CONSUME_CHECK_CONSUMER) timestamp=7682 ms, used_size=9080832 bytes (22.2%)
(RDMA_READ_CONSUME_CHECK_CONSUMER) timestamp=7682 ms, used_size=9078784 bytes (22.2%)
(RDMA_READ_CONSUME_CHECK_CONSUMER) timestamp=7682 ms, used_size=9076736 bytes (22.2%)
(RDMA_READ_CONSUME_CHECK_CONSUMER) timestamp=7682 ms, used_size=9074688 bytes (22.2%)
(RDMA_READ_CONSUME_CHECK_CONSUMER) timestamp=7682 ms, used_size=9072640 bytes (22.1%)
(RDMA_READ_CONSUME_CHECK_CONSUMER) timestamp=7682 ms, used_size=9070592 bytes (22.1%)
(RDMA_READ_CONSUME_CHECK_CONSUMER) timestamp=7682 ms, used_size=9068544 bytes (22.1%)
(RDMA_READ_CONSUME_CHECK_CONSUMER) timestamp=7682 ms, used_size=9066496 bytes (22.1%)
(RDMA_READ_CONSUME_CHECK_CONSUMER) timestamp=7682 ms, used_size=9064448 bytes (22.1%)
(RDMA_READ_CONSUME_CHECK_CONSUMER) timestamp=7682 ms, used_size=9062400 bytes (22.1%)
(RDMA_READ_CONSUME_CHECK_CONSUMER) timestamp=7682 ms, used_size=9060352 bytes (22.1%)
(RDMA_READ_CONSUME_CHECK_CONSUMER) timestamp=7682 ms, used_size=9058304 bytes (22.1%)
(RDMA_READ_CONSUME_CHECK_CONSUMER) timestamp=7682 ms, used_size=9056256 bytes (22.1%)
(RDMA_READ_CONSUME_CHECK_CONSUMER) timestamp=7682 ms, used_size=9054208 bytes (22.1%)
(RDMA_READ_CONSUME_CHECK_CONSUMER) timestamp=7682 ms, used_size=9052160 bytes (22.1%)
(RDMA_READ_CONSUME_CHECK_CONSUMER) timestamp=7682 ms, used_size=9050112 bytes (22.1%)
(RDMA_READ_CONSUME_CHECK_CONSUMER) timestamp=7682 ms, used_size=9048064 bytes (22.1%)
(RDMA_READ_CONSUME_CHECK_CONSUMER) timestamp=7682 ms, used_size=9046016 bytes (22.1%)
(RDMA_READ_CONSUME_CHECK_CONSUMER) timestamp=7682 ms, used_size=9043968 bytes (22.1%)
(RDMA_READ_CONSUME_CHECK_CONSUMER) timestamp=7682 ms, used_size=9041920 bytes (22.1%)
(RDMA_READ_CONSUME_CHECK_CONSUMER) timestamp=7682 ms, used_size=9039872 bytes (22.1%)
(RDMA_READ_CONSUME_CHECK_CONSUMER) timestamp=7683 ms, used_size=9037824 bytes (22.1%)
(RDMA_READ_CONSUME_CHECK_CONSUMER) timestamp=7683 ms, used_size=9035776 bytes (22.1%)
(RDMA_READ_CONSUME_CHECK_CONSUMER) timestamp=7683 ms, used_size=9033728 bytes (22.1%)
(RDMA_READ_CONSUME_CHECK_CONSUMER) timestamp=7683 ms, used_size=9031680 bytes (22.1%)
(RDMA_READ_CONSUME_CHECK_CONSUMER) timestamp=7683 ms, used_size=9029632 bytes (22.0%)
(RDMA_READ_CONSUME_CHECK_CONSUMER) timestamp=7683 ms, used_size=9027584 bytes (22.0%)
(RDMA_READ_CONSUME_CHECK_CONSUMER) timestamp=7683 ms, used_size=9025536 bytes (22.0%)
(RDMA_READ_CONSUME_CHECK_CONSUMER) timestamp=7683 ms, used_size=9023488 bytes (22.0%)
(RDMA_READ_CONSUME_CHECK_CONSUMER) timestamp=7683 ms, used_size=9021440 bytes (22.0%)
(RDMA_READ_CONSUME_CHECK_CONSUMER) timestamp=7683 ms, used_size=9019392 bytes (22.0%)
(RDMA_READ_CONSUME_CHECK_CONSUMER) timestamp=7683 ms, used_size=9017344 bytes (22.0%)
(RDMA_READ_CONSUME_CHECK_CONSUMER) timestamp=7683 ms, used_size=9015296 bytes (22.0%)
(RDMA_READ_CONSUME_CHECK_CONSUMER) timestamp=7683 ms, used_size=9013248 bytes (22.0%)
(RDMA_READ_CONSUME_CHECK_CONSUMER) timestamp=7683 ms, used_size=9011200 bytes (22.0%)
(RDMA_READ_CONSUME_CHECK_CONSUMER) timestamp=7683 ms, used_size=9009152 bytes (22.0%)
(RDMA_READ_CONSUME_CHECK_CONSUMER) timestamp=7683 ms, used_size=9007104 bytes (22.0%)
(RDMA_READ_CONSUME_CHECK_CONSUMER) timestamp=7683 ms, used_size=9005056 bytes (22.0%)
(RDMA_READ_CONSUME_CHECK_CONSUMER) timestamp=7683 ms, used_size=9003008 bytes (22.0%)
(RDMA_READ_CONSUME_CHECK_CONSUMER) timestamp=7683 ms, used_size=9000960 bytes (22.0%)
(RDMA_READ_CONSUME_CHECK_CONSUMER) timestamp=7683 ms, used_size=8998912 bytes (22.0%)
(RDMA_READ_CONSUME_CHECK_CONSUMER) timestamp=7683 ms, used_size=8996864 bytes (22.0%)
(RDMA_READ_CONSUME_CHECK_CONSUMER) timestamp=7683 ms, used_size=8994816 bytes (22.0%)
(RDMA_READ_CONSUME_CHECK_CONSUMER) timestamp=7683 ms, used_size=8992768 bytes (22.0%)
(RDMA_READ_CONSUME_CHECK_CONSUMER) timestamp=7683 ms, used_size=8990720 bytes (21.9%)
(RDMA_READ_CONSUME_CHECK_CONSUMER) timestamp=7683 ms, used_size=8988672 bytes (21.9%)
(RDMA_READ_CONSUME_CHECK_CONSUMER) timestamp=7683 ms, used_size=8986624 bytes (21.9%)
(RDMA_READ_CONSUME_CHECK_CONSUMER) timestamp=7683 ms, used_size=8984576 bytes (21.9%)
(RDMA_READ_CONSUME_CHECK_CONSUMER) timestamp=7683 ms, used_size=8982528 bytes (21.9%)
(RDMA_READ_CONSUME_CHECK_CONSUMER) timestamp=7683 ms, used_size=8980480 bytes (21.9%)
(RDMA_READ_CONSUME_CHECK_CONSUMER) timestamp=7683 ms, used_size=8978432 bytes (21.9%)
(RDMA_READ_CONSUME_CHECK_CONSUMER) timestamp=7683 ms, used_size=8976384 bytes (21.9%)
(RDMA_READ_CONSUME_CHECK_CONSUMER) timestamp=7683 ms, used_size=8974336 bytes (21.9%)
(RDMA_READ_CONSUME_CHECK_CONSUMER) timestamp=7683 ms, used_size=8972288 bytes (21.9%)
(RDMA_READ_CONSUME_CHECK_CONSUMER) timestamp=7683 ms, used_size=8970240 bytes (21.9%)
(RDMA_READ_CONSUME_CHECK_CONSUMER) timestamp=7683 ms, used_size=8968192 bytes (21.9%)
(RDMA_READ_CONSUME_CHECK_CONSUMER) timestamp=7683 ms, used_size=8966144 bytes (21.9%)
(RDMA_READ_CONSUME_CHECK_CONSUMER) timestamp=7683 ms, used_size=8964096 bytes (21.9%)
(RDMA_READ_CONSUME_CHECK_CONSUMER) timestamp=7683 ms, used_size=8962048 bytes (21.9%)
(RDMA_READ_CONSUME_CHECK_CONSUMER) timestamp=7683 ms, used_size=8960000 bytes (21.9%)
(RDMA_READ_CONSUME_CHECK_CONSUMER) timestamp=7683 ms, used_size=8957952 bytes (21.9%)
(RDMA_READ_CONSUME_CHECK_CONSUMER) timestamp=7683 ms, used_size=8955904 bytes (21.9%)
(RDMA_READ_CONSUME_CHECK_CONSUMER) timestamp=7683 ms, used_size=8953856 bytes (21.9%)
(RDMA_READ_CONSUME_CHECK_CONSUMER) timestamp=7683 ms, used_size=8951808 bytes (21.9%)
(RDMA_READ_CONSUME_CHECK_CONSUMER) timestamp=7683 ms, used_size=8949760 bytes (21.9%)
(RDMA_READ_CONSUME_CHECK_CONSUMER) timestamp=7683 ms, used_size=8947712 bytes (21.8%)
(RDMA_READ_CONSUME_CHECK_CONSUMER) timestamp=7683 ms, used_size=8945664 bytes (21.8%)
(RDMA_READ_CONSUME_CHECK_CONSUMER) timestamp=7683 ms, used_size=8943616 bytes (21.8%)
(RDMA_READ_CONSUME_CHECK_CONSUMER) timestamp=7683 ms, used_size=8941568 bytes (21.8%)
(RDMA_READ_CONSUME_CHECK_CONSUMER) timestamp=7683 ms, used_size=8939520 bytes (21.8%)
(RDMA_READ_CONSUME_CHECK_CONSUMER) timestamp=7683 ms, used_size=8937472 bytes (21.8%)
(RDMA_READ_CONSUME_CHECK_CONSUMER) timestamp=7683 ms, used_size=8935424 bytes (21.8%)
(RDMA_READ_CONSUME_CHECK_CONSUMER) timestamp=7683 ms, used_size=8933376 bytes (21.8%)
(RDMA_READ_CONSUME_CHECK_CONSUMER) timestamp=7683 ms, used_size=8931328 bytes (21.8%)
(RDMA_READ_CONSUME_CHECK_CONSUMER) timestamp=7683 ms, used_size=8929280 bytes (21.8%)
(RDMA_READ_CONSUME_CHECK_CONSUMER) timestamp=7683 ms, used_size=8927232 bytes (21.8%)
(RDMA_READ_CONSUME_CHECK_CONSUMER) timestamp=7683 ms, used_size=8925184 bytes (21.8%)
(RDMA_READ_CONSUME_CHECK_CONSUMER) timestamp=7683 ms, used_size=8923136 bytes (21.8%)
(RDMA_READ_CONSUME_CHECK_CONSUMER) timestamp=7683 ms, used_size=8921088 bytes (21.8%)
(RDMA_READ_CONSUME_CHECK_CONSUMER) timestamp=7683 ms, used_size=8919040 bytes (21.8%)
(RDMA_READ_CONSUME_CHECK_CONSUMER) timestamp=7683 ms, used_size=8916992 bytes (21.8%)
(RDMA_READ_CONSUME_CHECK_CONSUMER) timestamp=7683 ms, used_size=8914944 bytes (21.8%)
(RDMA_READ_CONSUME_CHECK_CONSUMER) timestamp=7683 ms, used_size=8912896 bytes (21.8%)
(RDMA_READ_CONSUME_CHECK_CONSUMER) timestamp=7683 ms, used_size=8910848 bytes (21.8%)
(RDMA_READ_CONSUME_CHECK_CONSUMER) timestamp=7683 ms, used_size=8908800 bytes (21.8%)
(RDMA_READ_CONSUME_CHECK_CONSUMER) timestamp=7683 ms, used_size=8906752 bytes (21.7%)
(RDMA_READ_CONSUME_CHECK_CONSUMER) timestamp=7683 ms, used_size=8904704 bytes (21.7%)
(RDMA_READ_CONSUME_CHECK_CONSUMER) timestamp=7683 ms, used_size=8902656 bytes (21.7%)
(RDMA_READ_CONSUME_CHECK_CONSUMER) timestamp=7683 ms, used_size=8900608 bytes (21.7%)
(RDMA_READ_CONSUME_CHECK_CONSUMER) timestamp=7683 ms, used_size=8898560 bytes (21.7%)
(RDMA_READ_CONSUME_CHECK_CONSUMER) timestamp=7683 ms, used_size=8896512 bytes (21.7%)
(RDMA_READ_CONSUME_CHECK_CONSUMER) timestamp=7683 ms, used_size=8894464 bytes (21.7%)
(RDMA_READ_CONSUME_CHECK_CONSUMER) timestamp=7683 ms, used_size=8892416 bytes (21.7%)
(RDMA_READ_CONSUME_CHECK_CONSUMER) timestamp=7683 ms, used_size=8890368 bytes (21.7%)
(RDMA_READ_CONSUME_CHECK_CONSUMER) timestamp=7683 ms, used_size=8888320 bytes (21.7%)
(RDMA_READ_CONSUME_CHECK_CONSUMER) timestamp=7683 ms, used_size=8886272 bytes (21.7%)
(RDMA_READ_CONSUME_CHECK_CONSUMER) timestamp=7683 ms, used_size=8884224 bytes (21.7%)
(RDMA_READ_CONSUME_CHECK_CONSUMER) timestamp=7683 ms, used_size=8882176 bytes (21.7%)
(RDMA_READ_CONSUME_CHECK_CONSUMER) timestamp=7683 ms, used_size=8880128 bytes (21.7%)
(RDMA_READ_CONSUME_CHECK_CONSUMER) timestamp=7683 ms, used_size=8878080 bytes (21.7%)
(RDMA_READ_CONSUME_CHECK_CONSUMER) timestamp=7683 ms, used_size=8876032 bytes (21.7%)
(RDMA_READ_CONSUME_CHECK_CONSUMER) timestamp=7683 ms, used_size=8873984 bytes (21.7%)
(RDMA_READ_CONSUME_CHECK_CONSUMER) timestamp=7683 ms, used_size=8871936 bytes (21.7%)
(RDMA_READ_CONSUME_CHECK_CONSUMER) timestamp=7683 ms, used_size=8869888 bytes (21.7%)
(RDMA_READ_CONSUME_CHECK_CONSUMER) timestamp=7683 ms, used_size=8867840 bytes (21.6%)
(RDMA_READ_CONSUME_CHECK_CONSUMER) timestamp=7683 ms, used_size=8865792 bytes (21.6%)
(RDMA_READ_CONSUME_CHECK_CONSUMER) timestamp=7683 ms, used_size=8863744 bytes (21.6%)
(RDMA_READ_CONSUME_CHECK_CONSUMER) timestamp=7683 ms, used_size=8861696 bytes (21.6%)
(RDMA_READ_CONSUME_CHECK_CONSUMER) timestamp=7683 ms, used_size=8859648 bytes (21.6%)
(RDMA_READ_CONSUME_CHECK_CONSUMER) timestamp=7683 ms, used_size=8857600 bytes (21.6%)
(RDMA_READ_CONSUME_CHECK_CONSUMER) timestamp=7683 ms, used_size=8855552 bytes (21.6%)
(RDMA_READ_CONSUME_CHECK_CONSUMER) timestamp=7683 ms, used_size=8853504 bytes (21.6%)
(RDMA_READ_CONSUME_CHECK_CONSUMER) timestamp=7683 ms, used_size=8851456 bytes (21.6%)
(RDMA_READ_CONSUME_CHECK_CONSUMER) timestamp=7683 ms, used_size=8849408 bytes (21.6%)
(RDMA_READ_CONSUME_CHECK_CONSUMER) timestamp=7683 ms, used_size=8847360 bytes (21.6%)
(RDMA_READ_CONSUME_CHECK_CONSUMER) timestamp=7683 ms, used_size=8845312 bytes (21.6%)
(RDMA_READ_CONSUME_CHECK_CONSUMER) timestamp=7683 ms, used_size=8843264 bytes (21.6%)
(RDMA_READ_CONSUME_CHECK_CONSUMER) timestamp=7683 ms, used_size=8841216 bytes (21.6%)
(RDMA_READ_CONSUME_CHECK_CONSUMER) timestamp=7683 ms, used_size=8839168 bytes (21.6%)
(RDMA_READ_CONSUME_CHECK_CONSUMER) timestamp=7683 ms, used_size=8837120 bytes (21.6%)
(RDMA_READ_CONSUME_CHECK_CONSUMER) timestamp=7683 ms, used_size=8835072 bytes (21.6%)
(RDMA_READ_CONSUME_CHECK_CONSUMER) timestamp=7683 ms, used_size=8833024 bytes (21.6%)
(RDMA_READ_CONSUME_CHECK_CONSUMER) timestamp=7683 ms, used_size=8830976 bytes (21.6%)
(RDMA_READ_CONSUME_CHECK_CONSUMER) timestamp=7683 ms, used_size=8828928 bytes (21.6%)
(RDMA_READ_CONSUME_CHECK_CONSUMER) timestamp=7683 ms, used_size=8826880 bytes (21.6%)
(RDMA_READ_CONSUME_CHECK_CONSUMER) timestamp=7683 ms, used_size=8824832 bytes (21.5%)
(RDMA_READ_CONSUME_CHECK_CONSUMER) timestamp=7683 ms, used_size=8822784 bytes (21.5%)
(RDMA_READ_CONSUME_CHECK_CONSUMER) timestamp=7683 ms, used_size=8820736 bytes (21.5%)
(RDMA_READ_CONSUME_CHECK_CONSUMER) timestamp=7683 ms, used_size=8818688 bytes (21.5%)
(RDMA_READ_CONSUME_CHECK_CONSUMER) timestamp=7683 ms, used_size=8816640 bytes (21.5%)
(RDMA_READ_CONSUME_CHECK_CONSUMER) timestamp=7683 ms, used_size=8814592 bytes (21.5%)
(RDMA_READ_CONSUME_CHECK_CONSUMER) timestamp=7683 ms, used_size=8812544 bytes (21.5%)
(RDMA_READ_CONSUME_CHECK_CONSUMER) timestamp=7683 ms, used_size=8810496 bytes (21.5%)
(RDMA_READ_CONSUME_CHECK_CONSUMER) timestamp=7683 ms, used_size=8808448 bytes (21.5%)
(RDMA_READ_CONSUME_CHECK_CONSUMER) timestamp=7683 ms, used_size=8806400 bytes (21.5%)
(RDMA_READ_CONSUME_CHECK_CONSUMER) timestamp=7683 ms, used_size=8804352 bytes (21.5%)
(RDMA_READ_CONSUME_CHECK_CONSUMER) timestamp=7683 ms, used_size=8802304 bytes (21.5%)
(RDMA_READ_CONSUME_CHECK_CONSUMER) timestamp=7683 ms, used_size=8800256 bytes (21.5%)
(RDMA_READ_CONSUME_CHECK_CONSUMER) timestamp=7683 ms, used_size=8798208 bytes (21.5%)
(RDMA_READ_CONSUME_CHECK_CONSUMER) timestamp=7683 ms, used_size=8796160 bytes (21.5%)
(RDMA_READ_CONSUME_CHECK_CONSUMER) timestamp=7683 ms, used_size=8794112 bytes (21.5%)
(RDMA_READ_CONSUME_CHECK_CONSUMER) timestamp=7683 ms, used_size=8792064 bytes (21.5%)
(RDMA_READ_CONSUME_CHECK_CONSUMER) timestamp=7683 ms, used_size=8790016 bytes (21.5%)
(RDMA_READ_CONSUME_CHECK_CONSUMER) timestamp=7683 ms, used_size=8787968 bytes (21.5%)
(RDMA_READ_CONSUME_CHECK_CONSUMER) timestamp=7683 ms, used_size=8785920 bytes (21.4%)
(RDMA_READ_CONSUME_CHECK_CONSUMER) timestamp=7683 ms, used_size=8783872 bytes (21.4%)
(RDMA_READ_CONSUME_CHECK_CONSUMER) timestamp=7683 ms, used_size=8781824 bytes (21.4%)
(RDMA_READ_CONSUME_CHECK_CONSUMER) timestamp=7683 ms, used_size=8779776 bytes (21.4%)
(RDMA_READ_CONSUME_CHECK_CONSUMER) timestamp=7683 ms, used_size=8777728 bytes (21.4%)
(RDMA_READ_CONSUME_CHECK_CONSUMER) timestamp=7683 ms, used_size=8775680 bytes (21.4%)
(RDMA_READ_CONSUME_CHECK_CONSUMER) timestamp=7683 ms, used_size=8773632 bytes (21.4%)
(RDMA_READ_CONSUME_CHECK_CONSUMER) timestamp=7683 ms, used_size=8771584 bytes (21.4%)
(RDMA_READ_CONSUME_CHECK_CONSUMER) timestamp=7683 ms, used_size=8769536 bytes (21.4%)
(RDMA_READ_CONSUME_CHECK_CONSUMER) timestamp=7683 ms, used_size=8767488 bytes (21.4%)
(RDMA_READ_CONSUME_CHECK_CONSUMER) timestamp=7683 ms, used_size=8765440 bytes (21.4%)
(RDMA_READ_CONSUME_CHECK_CONSUMER) timestamp=7683 ms, used_size=8763392 bytes (21.4%)
(RDMA_READ_CONSUME_CHECK_CONSUMER) timestamp=7683 ms, used_size=8761344 bytes (21.4%)
(RDMA_READ_CONSUME_CHECK_CONSUMER) timestamp=7683 ms, used_size=8759296 bytes (21.4%)
(RDMA_READ_CONSUME_CHECK_CONSUMER) timestamp=7683 ms, used_size=8757248 bytes (21.4%)
(RDMA_READ_CONSUME_CHECK_CONSUMER) timestamp=7683 ms, used_size=8755200 bytes (21.4%)
(RDMA_READ_CONSUME_CHECK_CONSUMER) timestamp=7683 ms, used_size=8753152 bytes (21.4%)
(RDMA_READ_CONSUME_CHECK_CONSUMER) timestamp=7683 ms, used_size=8751104 bytes (21.4%)
(RDMA_READ_CONSUME_CHECK_CONSUMER) timestamp=7683 ms, used_size=8749056 bytes (21.4%)
(RDMA_READ_CONSUME_CHECK_CONSUMER) timestamp=7683 ms, used_size=8747008 bytes (21.4%)
(RDMA_READ_CONSUME_CHECK_CONSUMER) timestamp=7683 ms, used_size=8744960 bytes (21.4%)
(RDMA_READ_CONSUME_CHECK_CONSUMER) timestamp=7683 ms, used_size=8742912 bytes (21.3%)
(RDMA_READ_CONSUME_CHECK_CONSUMER) timestamp=7683 ms, used_size=8740864 bytes (21.3%)
(RDMA_READ_CONSUME_CHECK_CONSUMER) timestamp=7683 ms, used_size=8738816 bytes (21.3%)
(RDMA_READ_CONSUME_CHECK_CONSUMER) timestamp=7683 ms, used_size=8736768 bytes (21.3%)
(RDMA_READ_CONSUME_CHECK_CONSUMER) timestamp=7683 ms, used_size=8734720 bytes (21.3%)
(RDMA_READ_CONSUME_CHECK_CONSUMER) timestamp=7683 ms, used_size=8732672 bytes (21.3%)
(RDMA_READ_CONSUME_CHECK_CONSUMER) timestamp=7683 ms, used_size=8730624 bytes (21.3%)
(RDMA_READ_CONSUME_CHECK_CONSUMER) timestamp=7683 ms, used_size=8728576 bytes (21.3%)
(RDMA_READ_CONSUME_CHECK_CONSUMER) timestamp=7683 ms, used_size=8726528 bytes (21.3%)
(RDMA_READ_CONSUME_CHECK_CONSUMER) timestamp=7683 ms, used_size=8724480 bytes (21.3%)
(RDMA_READ_CONSUME_CHECK_CONSUMER) timestamp=7683 ms, used_size=8722432 bytes (21.3%)
(RDMA_READ_CONSUME_CHECK_CONSUMER) timestamp=7683 ms, used_size=8720384 bytes (21.3%)
(RDMA_READ_CONSUME_CHECK_CONSUMER) timestamp=7683 ms, used_size=8718336 bytes (21.3%)
(RDMA_READ_CONSUME_CHECK_CONSUMER) timestamp=7683 ms, used_size=8716288 bytes (21.3%)
(RDMA_READ_CONSUME_CHECK_CONSUMER) timestamp=7683 ms, used_size=8714240 bytes (21.3%)
(RDMA_READ_CONSUME_CHECK_CONSUMER) timestamp=7683 ms, used_size=8712192 bytes (21.3%)
(RDMA_READ_CONSUME_CHECK_CONSUMER) timestamp=7683 ms, used_size=8710144 bytes (21.3%)
(RDMA_READ_CONSUME_CHECK_CONSUMER) timestamp=7683 ms, used_size=8708096 bytes (21.3%)
(RDMA_READ_CONSUME_CHECK_CONSUMER) timestamp=7683 ms, used_size=8706048 bytes (21.3%)
(RDMA_READ_CONSUME_CHECK_CONSUMER) timestamp=7683 ms, used_size=8704000 bytes (21.2%)
(RDMA_READ_CONSUME_CHECK_CONSUMER) timestamp=7683 ms, used_size=8701952 bytes (21.2%)
(RDMA_READ_CONSUME_CHECK_CONSUMER) timestamp=7683 ms, used_size=8699904 bytes (21.2%)
(RDMA_READ_CONSUME_CHECK_CONSUMER) timestamp=7683 ms, used_size=8697856 bytes (21.2%)
(RDMA_READ_CONSUME_CHECK_CONSUMER) timestamp=7683 ms, used_size=8695808 bytes (21.2%)
(RDMA_READ_CONSUME_CHECK_CONSUMER) timestamp=7683 ms, used_size=8693760 bytes (21.2%)
(RDMA_READ_CONSUME_CHECK_CONSUMER) timestamp=7683 ms, used_size=8691712 bytes (21.2%)
(RDMA_READ_CONSUME_CHECK_CONSUMER) timestamp=7683 ms, used_size=8689664 bytes (21.2%)
(RDMA_READ_CONSUME_CHECK_CONSUMER) timestamp=7683 ms, used_size=8687616 bytes (21.2%)
(RDMA_READ_CONSUME_CHECK_CONSUMER) timestamp=7683 ms, used_size=8685568 bytes (21.2%)
(RDMA_READ_CONSUME_CHECK_CONSUMER) timestamp=7683 ms, used_size=8683520 bytes (21.2%)
(RDMA_READ_CONSUME_CHECK_CONSUMER) timestamp=7683 ms, used_size=8681472 bytes (21.2%)
(RDMA_READ_CONSUME_CHECK_CONSUMER) timestamp=7683 ms, used_size=8679424 bytes (21.2%)
(RDMA_READ_CONSUME_CHECK_CONSUMER) timestamp=7683 ms, used_size=8677376 bytes (21.2%)
(RDMA_READ_CONSUME_CHECK_CONSUMER) timestamp=7683 ms, used_size=8675328 bytes (21.2%)
(RDMA_READ_CONSUME_CHECK_CONSUMER) timestamp=7683 ms, used_size=8673280 bytes (21.2%)
(RDMA_READ_CONSUME_CHECK_CONSUMER) timestamp=7683 ms, used_size=8671232 bytes (21.2%)
(RDMA_READ_CONSUME_CHECK_CONSUMER) timestamp=7683 ms, used_size=8669184 bytes (21.2%)
(RDMA_READ_CONSUME_CHECK_CONSUMER) timestamp=7683 ms, used_size=8667136 bytes (21.2%)
(RDMA_READ_CONSUME_CHECK_CONSUMER) timestamp=7683 ms, used_size=8665088 bytes (21.2%)
(RDMA_READ_CONSUME_CHECK_CONSUMER) timestamp=7683 ms, used_size=8663040 bytes (21.1%)
(RDMA_READ_CONSUME_CHECK_CONSUMER) timestamp=7684 ms, used_size=8660992 bytes (21.1%)
(RDMA_READ_CONSUME_CHECK_CONSUMER) timestamp=7684 ms, used_size=8658944 bytes (21.1%)
(RDMA_READ_CONSUME_CHECK_CONSUMER) timestamp=7684 ms, used_size=8656896 bytes (21.1%)
(RDMA_READ_CONSUME_CHECK_CONSUMER) timestamp=7684 ms, used_size=8654848 bytes (21.1%)
(RDMA_READ_CONSUME_CHECK_CONSUMER) timestamp=7684 ms, used_size=8652800 bytes (21.1%)
(RDMA_READ_CONSUME_CHECK_CONSUMER) timestamp=7684 ms, used_size=8650752 bytes (21.1%)
(RDMA_READ_CONSUME_CHECK_CONSUMER) timestamp=7684 ms, used_size=8648704 bytes (21.1%)
(RDMA_READ_CONSUME_CHECK_CONSUMER) timestamp=7684 ms, used_size=8646656 bytes (21.1%)
(RDMA_READ_CONSUME_CHECK_CONSUMER) timestamp=7684 ms, used_size=8644608 bytes (21.1%)
(RDMA_READ_CONSUME_CHECK_CONSUMER) timestamp=7684 ms, used_size=8642560 bytes (21.1%)
(RDMA_READ_CONSUME_CHECK_CONSUMER) timestamp=7684 ms, used_size=8640512 bytes (21.1%)
(RDMA_READ_CONSUME_CHECK_CONSUMER) timestamp=7684 ms, used_size=8638464 bytes (21.1%)
(RDMA_READ_CONSUME_CHECK_CONSUMER) timestamp=7684 ms, used_size=8636416 bytes (21.1%)
(RDMA_READ_CONSUME_CHECK_CONSUMER) timestamp=7684 ms, used_size=8634368 bytes (21.1%)
(RDMA_READ_CONSUME_CHECK_CONSUMER) timestamp=7684 ms, used_size=8632320 bytes (21.1%)
(RDMA_READ_CONSUME_CHECK_CONSUMER) timestamp=7684 ms, used_size=8630272 bytes (21.1%)
(RDMA_READ_CONSUME_CHECK_CONSUMER) timestamp=7684 ms, used_size=8628224 bytes (21.1%)
(RDMA_READ_CONSUME_CHECK_CONSUMER) timestamp=7684 ms, used_size=8626176 bytes (21.1%)
(RDMA_READ_CONSUME_CHECK_CONSUMER) timestamp=7684 ms, used_size=8624128 bytes (21.1%)
(RDMA_READ_CONSUME_CHECK_CONSUMER) timestamp=7684 ms, used_size=8622080 bytes (21.1%)
(RDMA_READ_CONSUME_CHECK_CONSUMER) timestamp=7684 ms, used_size=8620032 bytes (21.0%)
(RDMA_READ_CONSUME_CHECK_CONSUMER) timestamp=7684 ms, used_size=8617984 bytes (21.0%)
(RDMA_READ_CONSUME_CHECK_CONSUMER) timestamp=7684 ms, used_size=8615936 bytes (21.0%)
(RDMA_READ_CONSUME_CHECK_CONSUMER) timestamp=7684 ms, used_size=8613888 bytes (21.0%)
(RDMA_READ_CONSUME_CHECK_CONSUMER) timestamp=7684 ms, used_size=8611840 bytes (21.0%)
(RDMA_READ_CONSUME_CHECK_CONSUMER) timestamp=7684 ms, used_size=8609792 bytes (21.0%)
(RDMA_READ_CONSUME_CHECK_CONSUMER) timestamp=7684 ms, used_size=8607744 bytes (21.0%)
(RDMA_READ_CONSUME_CHECK_CONSUMER) timestamp=7684 ms, used_size=8605696 bytes (21.0%)
(RDMA_READ_CONSUME_CHECK_CONSUMER) timestamp=7684 ms, used_size=8603648 bytes (21.0%)
(RDMA_READ_CONSUME_CHECK_CONSUMER) timestamp=7684 ms, used_size=8601600 bytes (21.0%)
(RDMA_READ_CONSUME_CHECK_CONSUMER) timestamp=7684 ms, used_size=8599552 bytes (21.0%)
(RDMA_READ_CONSUME_CHECK_CONSUMER) timestamp=7684 ms, used_size=8597504 bytes (21.0%)
(RDMA_READ_CONSUME_CHECK_CONSUMER) timestamp=7684 ms, used_size=8595456 bytes (21.0%)
(RDMA_READ_CONSUME_CHECK_CONSUMER) timestamp=7684 ms, used_size=8593408 bytes (21.0%)
(RDMA_READ_CONSUME_CHECK_CONSUMER) timestamp=7684 ms, used_size=8591360 bytes (21.0%)
(RDMA_READ_CONSUME_CHECK_CONSUMER) timestamp=7684 ms, used_size=8589312 bytes (21.0%)
(RDMA_READ_CONSUME_CHECK_CONSUMER) timestamp=7684 ms, used_size=8587264 bytes (21.0%)
(RDMA_READ_CONSUME_CHECK_CONSUMER) timestamp=7684 ms, used_size=8585216 bytes (21.0%)
(RDMA_READ_CONSUME_CHECK_CONSUMER) timestamp=7684 ms, used_size=8583168 bytes (21.0%)
(RDMA_READ_CONSUME_CHECK_CONSUMER) timestamp=7684 ms, used_size=8581120 bytes (20.9%)
(RDMA_READ_CONSUME_CHECK_CONSUMER) timestamp=7684 ms, used_size=8579072 bytes (20.9%)
(RDMA_READ_CONSUME_CHECK_CONSUMER) timestamp=7684 ms, used_size=8577024 bytes (20.9%)
(RDMA_READ_CONSUME_CHECK_CONSUMER) timestamp=7684 ms, used_size=8574976 bytes (20.9%)
(RDMA_READ_CONSUME_CHECK_CONSUMER) timestamp=7684 ms, used_size=8572928 bytes (20.9%)
(RDMA_READ_CONSUME_CHECK_CONSUMER) timestamp=7684 ms, used_size=8570880 bytes (20.9%)
(RDMA_READ_CONSUME_CHECK_CONSUMER) timestamp=7684 ms, used_size=8568832 bytes (20.9%)
(RDMA_READ_CONSUME_CHECK_CONSUMER) timestamp=7684 ms, used_size=8566784 bytes (20.9%)
(RDMA_READ_CONSUME_CHECK_CONSUMER) timestamp=7684 ms, used_size=8564736 bytes (20.9%)
(RDMA_READ_CONSUME_CHECK_CONSUMER) timestamp=7684 ms, used_size=8562688 bytes (20.9%)
(RDMA_READ_CONSUME_CHECK_CONSUMER) timestamp=7684 ms, used_size=8560640 bytes (20.9%)
(RDMA_READ_CONSUME_CHECK_CONSUMER) timestamp=7684 ms, used_size=8558592 bytes (20.9%)
(RDMA_READ_CONSUME_CHECK_CONSUMER) timestamp=7684 ms, used_size=8556544 bytes (20.9%)
(RDMA_READ_CONSUME_CHECK_CONSUMER) timestamp=7684 ms, used_size=8554496 bytes (20.9%)
(RDMA_READ_CONSUME_CHECK_CONSUMER) timestamp=7684 ms, used_size=8552448 bytes (20.9%)
(RDMA_READ_CONSUME_CHECK_CONSUMER) timestamp=7684 ms, used_size=8550400 bytes (20.9%)
(RDMA_READ_CONSUME_CHECK_CONSUMER) timestamp=7684 ms, used_size=8548352 bytes (20.9%)
(RDMA_READ_CONSUME_CHECK_CONSUMER) timestamp=7684 ms, used_size=8546304 bytes (20.9%)
(RDMA_READ_CONSUME_CHECK_CONSUMER) timestamp=7684 ms, used_size=8544256 bytes (20.9%)
(RDMA_READ_CONSUME_CHECK_CONSUMER) timestamp=7684 ms, used_size=8542208 bytes (20.9%)
(RDMA_READ_CONSUME_CHECK_CONSUMER) timestamp=7684 ms, used_size=8540160 bytes (20.9%)
(RDMA_READ_CONSUME_CHECK_CONSUMER) timestamp=7684 ms, used_size=8538112 bytes (20.8%)
(RDMA_READ_CONSUME_CHECK_CONSUMER) timestamp=7684 ms, used_size=8536064 bytes (20.8%)
(RDMA_READ_CONSUME_CHECK_CONSUMER) timestamp=7684 ms, used_size=8534016 bytes (20.8%)
(RDMA_READ_CONSUME_CHECK_CONSUMER) timestamp=7684 ms, used_size=8531968 bytes (20.8%)
(RDMA_READ_CONSUME_CHECK_CONSUMER) timestamp=7684 ms, used_size=8529920 bytes (20.8%)
(RDMA_READ_CONSUME_CHECK_CONSUMER) timestamp=7684 ms, used_size=8527872 bytes (20.8%)
(RDMA_READ_CONSUME_CHECK_CONSUMER) timestamp=7684 ms, used_size=8525824 bytes (20.8%)
(RDMA_READ_CONSUME_CHECK_CONSUMER) timestamp=7684 ms, used_size=8523776 bytes (20.8%)
(RDMA_READ_CONSUME_CHECK_CONSUMER) timestamp=7684 ms, used_size=8521728 bytes (20.8%)
(RDMA_READ_CONSUME_CHECK_CONSUMER) timestamp=7684 ms, used_size=8519680 bytes (20.8%)
(RDMA_READ_CONSUME_CHECK_CONSUMER) timestamp=7684 ms, used_size=8517632 bytes (20.8%)
(RDMA_READ_CONSUME_CHECK_CONSUMER) timestamp=7684 ms, used_size=8515584 bytes (20.8%)
(RDMA_READ_CONSUME_CHECK_CONSUMER) timestamp=7684 ms, used_size=8513536 bytes (20.8%)
(RDMA_READ_CONSUME_CHECK_CONSUMER) timestamp=7684 ms, used_size=8511488 bytes (20.8%)
(RDMA_READ_CONSUME_CHECK_CONSUMER) timestamp=7684 ms, used_size=8509440 bytes (20.8%)
(RDMA_READ_CONSUME_CHECK_CONSUMER) timestamp=7684 ms, used_size=8507392 bytes (20.8%)
(RDMA_READ_CONSUME_CHECK_CONSUMER) timestamp=7684 ms, used_size=8505344 bytes (20.8%)
(RDMA_READ_CONSUME_CHECK_CONSUMER) timestamp=7684 ms, used_size=8503296 bytes (20.8%)
(RDMA_READ_CONSUME_CHECK_CONSUMER) timestamp=7684 ms, used_size=8501248 bytes (20.8%)
(RDMA_READ_CONSUME_CHECK_CONSUMER) timestamp=7684 ms, used_size=8499200 bytes (20.8%)
(RDMA_READ_CONSUME_CHECK_CONSUMER) timestamp=7684 ms, used_size=8497152 bytes (20.7%)
(RDMA_READ_CONSUME_CHECK_CONSUMER) timestamp=7684 ms, used_size=8495104 bytes (20.7%)
(RDMA_READ_CONSUME_CHECK_CONSUMER) timestamp=7684 ms, used_size=8493056 bytes (20.7%)
(RDMA_READ_CONSUME_CHECK_CONSUMER) timestamp=7684 ms, used_size=8491008 bytes (20.7%)
(RDMA_READ_CONSUME_CHECK_CONSUMER) timestamp=7684 ms, used_size=8488960 bytes (20.7%)
(RDMA_READ_CONSUME_CHECK_CONSUMER) timestamp=7684 ms, used_size=8486912 bytes (20.7%)
(RDMA_READ_CONSUME_CHECK_CONSUMER) timestamp=7684 ms, used_size=8484864 bytes (20.7%)
(RDMA_READ_CONSUME_CHECK_CONSUMER) timestamp=7684 ms, used_size=8482816 bytes (20.7%)
(RDMA_READ_CONSUME_CHECK_CONSUMER) timestamp=7684 ms, used_size=8480768 bytes (20.7%)
(RDMA_READ_CONSUME_CHECK_CONSUMER) timestamp=7684 ms, used_size=8478720 bytes (20.7%)
(RDMA_READ_CONSUME_CHECK_CONSUMER) timestamp=7684 ms, used_size=8476672 bytes (20.7%)
(RDMA_READ_CONSUME_CHECK_CONSUMER) timestamp=7684 ms, used_size=8474624 bytes (20.7%)
(RDMA_READ_CONSUME_CHECK_CONSUMER) timestamp=7684 ms, used_size=8472576 bytes (20.7%)
(RDMA_READ_CONSUME_CHECK_CONSUMER) timestamp=7684 ms, used_size=8470528 bytes (20.7%)
(RDMA_READ_CONSUME_CHECK_CONSUMER) timestamp=7684 ms, used_size=8468480 bytes (20.7%)
(RDMA_READ_CONSUME_CHECK_CONSUMER) timestamp=7684 ms, used_size=8466432 bytes (20.7%)
(RDMA_READ_CONSUME_CHECK_CONSUMER) timestamp=7684 ms, used_size=8464384 bytes (20.7%)
(RDMA_READ_CONSUME_CHECK_CONSUMER) timestamp=7684 ms, used_size=8462336 bytes (20.7%)
(RDMA_READ_CONSUME_CHECK_CONSUMER) timestamp=7684 ms, used_size=8460288 bytes (20.7%)
(RDMA_READ_CONSUME_CHECK_CONSUMER) timestamp=7684 ms, used_size=8458240 bytes (20.6%)
(RDMA_READ_CONSUME_CHECK_CONSUMER) timestamp=7684 ms, used_size=8456192 bytes (20.6%)
(RDMA_READ_CONSUME_CHECK_CONSUMER) timestamp=7684 ms, used_size=8454144 bytes (20.6%)
(RDMA_READ_CONSUME_CHECK_CONSUMER) timestamp=7684 ms, used_size=8452096 bytes (20.6%)
(RDMA_READ_CONSUME_CHECK_CONSUMER) timestamp=7684 ms, used_size=8450048 bytes (20.6%)
(RDMA_READ_CONSUME_CHECK_CONSUMER) timestamp=7684 ms, used_size=8448000 bytes (20.6%)
(RDMA_READ_CONSUME_CHECK_CONSUMER) timestamp=7684 ms, used_size=8445952 bytes (20.6%)
(RDMA_READ_CONSUME_CHECK_CONSUMER) timestamp=7684 ms, used_size=8443904 bytes (20.6%)
(RDMA_READ_CONSUME_CHECK_CONSUMER) timestamp=7684 ms, used_size=8441856 bytes (20.6%)
(RDMA_READ_CONSUME_CHECK_CONSUMER) timestamp=7684 ms, used_size=8439808 bytes (20.6%)
(RDMA_READ_CONSUME_CHECK_CONSUMER) timestamp=7684 ms, used_size=8437760 bytes (20.6%)
(RDMA_READ_CONSUME_CHECK_CONSUMER) timestamp=7684 ms, used_size=8435712 bytes (20.6%)
(RDMA_READ_CONSUME_CHECK_CONSUMER) timestamp=7684 ms, used_size=8433664 bytes (20.6%)
(RDMA_READ_CONSUME_CHECK_CONSUMER) timestamp=7684 ms, used_size=8431616 bytes (20.6%)
(RDMA_READ_CONSUME_CHECK_CONSUMER) timestamp=7684 ms, used_size=8429568 bytes (20.6%)
(RDMA_READ_CONSUME_CHECK_CONSUMER) timestamp=7684 ms, used_size=8427520 bytes (20.6%)
(RDMA_READ_CONSUME_CHECK_CONSUMER) timestamp=7684 ms, used_size=8425472 bytes (20.6%)
(RDMA_READ_CONSUME_CHECK_CONSUMER) timestamp=7684 ms, used_size=8423424 bytes (20.6%)
(RDMA_READ_CONSUME_CHECK_CONSUMER) timestamp=7684 ms, used_size=8421376 bytes (20.6%)
(RDMA_READ_CONSUME_CHECK_CONSUMER) timestamp=7684 ms, used_size=8419328 bytes (20.6%)
(RDMA_READ_CONSUME_CHECK_CONSUMER) timestamp=7684 ms, used_size=8417280 bytes (20.6%)
(RDMA_READ_CONSUME_CHECK_CONSUMER) timestamp=7684 ms, used_size=8415232 bytes (20.5%)
(RDMA_READ_CONSUME_CHECK_CONSUMER) timestamp=7684 ms, used_size=8413184 bytes (20.5%)
(RDMA_READ_CONSUME_CHECK_CONSUMER) timestamp=7684 ms, used_size=8411136 bytes (20.5%)
(RDMA_READ_CONSUME_CHECK_CONSUMER) timestamp=7684 ms, used_size=8409088 bytes (20.5%)
(RDMA_READ_CONSUME_CHECK_CONSUMER) timestamp=7684 ms, used_size=8407040 bytes (20.5%)
(RDMA_READ_CONSUME_CHECK_CONSUMER) timestamp=7684 ms, used_size=8404992 bytes (20.5%)
(RDMA_READ_CONSUME_CHECK_CONSUMER) timestamp=7684 ms, used_size=8402944 bytes (20.5%)
(RDMA_READ_CONSUME_CHECK_CONSUMER) timestamp=7684 ms, used_size=8400896 bytes (20.5%)
(RDMA_READ_CONSUME_CHECK_CONSUMER) timestamp=7684 ms, used_size=8398848 bytes (20.5%)
(RDMA_READ_CONSUME_CHECK_CONSUMER) timestamp=7684 ms, used_size=8396800 bytes (20.5%)
(RDMA_READ_CONSUME_CHECK_CONSUMER) timestamp=7684 ms, used_size=8394752 bytes (20.5%)
(RDMA_READ_CONSUME_CHECK_CONSUMER) timestamp=7684 ms, used_size=8392704 bytes (20.5%)
(RDMA_READ_CONSUME_CHECK_CONSUMER) timestamp=7684 ms, used_size=8390656 bytes (20.5%)
(RDMA_READ_CONSUME_CHECK_CONSUMER) timestamp=7684 ms, used_size=8388608 bytes (20.5%)
(RDMA_READ_CONSUME_CHECK_CONSUMER) timestamp=7684 ms, used_size=8386560 bytes (20.5%)
(RDMA_READ_CONSUME_CHECK_CONSUMER) timestamp=7684 ms, used_size=8384512 bytes (20.5%)
(RDMA_READ_CONSUME_CHECK_CONSUMER) timestamp=7684 ms, used_size=8382464 bytes (20.5%)
(RDMA_READ_CONSUME_CHECK_CONSUMER) timestamp=7684 ms, used_size=8380416 bytes (20.5%)
(RDMA_READ_CONSUME_CHECK_CONSUMER) timestamp=7684 ms, used_size=8378368 bytes (20.5%)
(RDMA_READ_CONSUME_CHECK_CONSUMER) timestamp=7684 ms, used_size=8376320 bytes (20.4%)
(RDMA_READ_CONSUME_CHECK_CONSUMER) timestamp=7684 ms, used_size=8374272 bytes (20.4%)
(RDMA_READ_CONSUME_CHECK_CONSUMER) timestamp=7684 ms, used_size=8372224 bytes (20.4%)
(RDMA_READ_CONSUME_CHECK_CONSUMER) timestamp=7684 ms, used_size=8370176 bytes (20.4%)
(RDMA_READ_CONSUME_CHECK_CONSUMER) timestamp=7684 ms, used_size=8368128 bytes (20.4%)
(RDMA_READ_CONSUME_CHECK_CONSUMER) timestamp=7684 ms, used_size=8366080 bytes (20.4%)
(RDMA_READ_CONSUME_CHECK_CONSUMER) timestamp=7684 ms, used_size=8364032 bytes (20.4%)
(RDMA_READ_CONSUME_CHECK_CONSUMER) timestamp=7684 ms, used_size=8361984 bytes (20.4%)
(RDMA_READ_CONSUME_CHECK_CONSUMER) timestamp=7684 ms, used_size=8359936 bytes (20.4%)
(RDMA_READ_CONSUME_CHECK_CONSUMER) timestamp=7684 ms, used_size=8357888 bytes (20.4%)
(RDMA_READ_CONSUME_CHECK_CONSUMER) timestamp=7684 ms, used_size=8355840 bytes (20.4%)
(RDMA_READ_CONSUME_CHECK_CONSUMER) timestamp=7684 ms, used_size=8353792 bytes (20.4%)
(RDMA_READ_CONSUME_CHECK_CONSUMER) timestamp=7684 ms, used_size=8351744 bytes (20.4%)
(RDMA_READ_CONSUME_CHECK_CONSUMER) timestamp=7684 ms, used_size=8349696 bytes (20.4%)
(RDMA_READ_CONSUME_CHECK_CONSUMER) timestamp=7684 ms, used_size=8347648 bytes (20.4%)
(RDMA_READ_CONSUME_CHECK_CONSUMER) timestamp=7684 ms, used_size=8345600 bytes (20.4%)
(RDMA_READ_CONSUME_CHECK_CONSUMER) timestamp=7684 ms, used_size=8343552 bytes (20.4%)
(RDMA_READ_CONSUME_CHECK_CONSUMER) timestamp=7684 ms, used_size=8341504 bytes (20.4%)
(RDMA_READ_CONSUME_CHECK_CONSUMER) timestamp=7684 ms, used_size=8339456 bytes (20.4%)
(RDMA_READ_CONSUME_CHECK_CONSUMER) timestamp=7684 ms, used_size=8337408 bytes (20.4%)
(RDMA_READ_CONSUME_CHECK_CONSUMER) timestamp=7684 ms, used_size=8335360 bytes (20.4%)
(RDMA_READ_CONSUME_CHECK_CONSUMER) timestamp=7684 ms, used_size=8333312 bytes (20.3%)
(RDMA_READ_CONSUME_CHECK_CONSUMER) timestamp=7684 ms, used_size=8331264 bytes (20.3%)
(RDMA_READ_CONSUME_CHECK_CONSUMER) timestamp=7684 ms, used_size=8329216 bytes (20.3%)
(RDMA_READ_CONSUME_CHECK_CONSUMER) timestamp=7684 ms, used_size=8327168 bytes (20.3%)
(RDMA_READ_CONSUME_CHECK_CONSUMER) timestamp=7684 ms, used_size=8325120 bytes (20.3%)
(RDMA_READ_CONSUME_CHECK_CONSUMER) timestamp=7684 ms, used_size=8323072 bytes (20.3%)
(RDMA_READ_CONSUME_CHECK_CONSUMER) timestamp=7684 ms, used_size=8321024 bytes (20.3%)
(RDMA_READ_CONSUME_CHECK_CONSUMER) timestamp=7684 ms, used_size=8318976 bytes (20.3%)
(RDMA_READ_CONSUME_CHECK_CONSUMER) timestamp=7684 ms, used_size=8316928 bytes (20.3%)
(RDMA_READ_CONSUME_CHECK_CONSUMER) timestamp=7684 ms, used_size=8314880 bytes (20.3%)
(RDMA_READ_CONSUME_CHECK_CONSUMER) timestamp=7684 ms, used_size=8312832 bytes (20.3%)
(RDMA_READ_CONSUME_CHECK_CONSUMER) timestamp=7684 ms, used_size=8310784 bytes (20.3%)
(RDMA_READ_CONSUME_CHECK_CONSUMER) timestamp=7684 ms, used_size=8308736 bytes (20.3%)
(RDMA_READ_CONSUME_CHECK_CONSUMER) timestamp=7684 ms, used_size=8306688 bytes (20.3%)
(RDMA_READ_CONSUME_CHECK_CONSUMER) timestamp=7684 ms, used_size=8304640 bytes (20.3%)
(RDMA_READ_CONSUME_CHECK_CONSUMER) timestamp=7684 ms, used_size=8302592 bytes (20.3%)
(RDMA_READ_CONSUME_CHECK_CONSUMER) timestamp=7684 ms, used_size=8300544 bytes (20.3%)
(RDMA_READ_CONSUME_CHECK_CONSUMER) timestamp=7684 ms, used_size=8298496 bytes (20.3%)
(RDMA_READ_CONSUME_CHECK_CONSUMER) timestamp=7684 ms, used_size=8296448 bytes (20.3%)
(RDMA_READ_CONSUME_CHECK_CONSUMER) timestamp=7684 ms, used_size=8294400 bytes (20.2%)
(RDMA_READ_CONSUME_CHECK_CONSUMER) timestamp=7684 ms, used_size=8292352 bytes (20.2%)
(RDMA_READ_CONSUME_CHECK_CONSUMER) timestamp=7684 ms, used_size=8290304 bytes (20.2%)
(RDMA_READ_CONSUME_CHECK_CONSUMER) timestamp=7684 ms, used_size=8288256 bytes (20.2%)
(RDMA_READ_CONSUME_CHECK_CONSUMER) timestamp=7685 ms, used_size=8286208 bytes (20.2%)
(RDMA_READ_CONSUME_CHECK_CONSUMER) timestamp=7685 ms, used_size=8284160 bytes (20.2%)
(RDMA_READ_CONSUME_CHECK_CONSUMER) timestamp=7685 ms, used_size=8282112 bytes (20.2%)
(RDMA_READ_CONSUME_CHECK_CONSUMER) timestamp=7685 ms, used_size=8280064 bytes (20.2%)
(RDMA_READ_CONSUME_CHECK_CONSUMER) timestamp=7685 ms, used_size=8278016 bytes (20.2%)
(RDMA_READ_CONSUME_CHECK_CONSUMER) timestamp=7685 ms, used_size=8275968 bytes (20.2%)
(RDMA_READ_CONSUME_CHECK_CONSUMER) timestamp=7685 ms, used_size=8273920 bytes (20.2%)
(RDMA_READ_CONSUME_CHECK_CONSUMER) timestamp=7685 ms, used_size=8271872 bytes (20.2%)
(RDMA_READ_CONSUME_CHECK_CONSUMER) timestamp=7685 ms, used_size=8269824 bytes (20.2%)
(RDMA_READ_CONSUME_CHECK_CONSUMER) timestamp=7685 ms, used_size=8267776 bytes (20.2%)
(RDMA_READ_CONSUME_CHECK_CONSUMER) timestamp=7685 ms, used_size=8265728 bytes (20.2%)
(RDMA_READ_CONSUME_CHECK_CONSUMER) timestamp=7685 ms, used_size=8263680 bytes (20.2%)
(RDMA_READ_CONSUME_CHECK_CONSUMER) timestamp=7685 ms, used_size=8261632 bytes (20.2%)
(RDMA_READ_CONSUME_CHECK_CONSUMER) timestamp=7685 ms, used_size=8259584 bytes (20.2%)
(RDMA_READ_CONSUME_CHECK_CONSUMER) timestamp=7685 ms, used_size=8257536 bytes (20.2%)
(RDMA_READ_CONSUME_CHECK_CONSUMER) timestamp=7685 ms, used_size=8255488 bytes (20.2%)
(RDMA_READ_CONSUME_CHECK_CONSUMER) timestamp=7685 ms, used_size=8253440 bytes (20.1%)
(RDMA_READ_CONSUME_CHECK_CONSUMER) timestamp=7685 ms, used_size=8251392 bytes (20.1%)
(RDMA_READ_CONSUME_CHECK_CONSUMER) timestamp=7685 ms, used_size=8249344 bytes (20.1%)
(RDMA_READ_CONSUME_CHECK_CONSUMER) timestamp=7685 ms, used_size=8247296 bytes (20.1%)
(RDMA_READ_CONSUME_CHECK_CONSUMER) timestamp=7685 ms, used_size=8245248 bytes (20.1%)
(RDMA_READ_CONSUME_CHECK_CONSUMER) timestamp=7685 ms, used_size=8243200 bytes (20.1%)
(RDMA_READ_CONSUME_CHECK_CONSUMER) timestamp=7685 ms, used_size=8241152 bytes (20.1%)
(RDMA_READ_CONSUME_CHECK_CONSUMER) timestamp=7685 ms, used_size=8239104 bytes (20.1%)
(RDMA_READ_CONSUME_CHECK_CONSUMER) timestamp=7685 ms, used_size=8237056 bytes (20.1%)
(RDMA_READ_CONSUME_CHECK_CONSUMER) timestamp=7685 ms, used_size=8235008 bytes (20.1%)
(RDMA_READ_CONSUME_CHECK_CONSUMER) timestamp=7685 ms, used_size=8232960 bytes (20.1%)
(RDMA_READ_CONSUME_CHECK_CONSUMER) timestamp=7685 ms, used_size=8230912 bytes (20.1%)
(RDMA_READ_CONSUME_CHECK_CONSUMER) timestamp=7685 ms, used_size=8228864 bytes (20.1%)
(RDMA_READ_CONSUME_CHECK_CONSUMER) timestamp=7685 ms, used_size=8226816 bytes (20.1%)
(RDMA_READ_CONSUME_CHECK_CONSUMER) timestamp=7685 ms, used_size=8224768 bytes (20.1%)
(RDMA_READ_CONSUME_CHECK_CONSUMER) timestamp=7685 ms, used_size=8222720 bytes (20.1%)
(RDMA_READ_CONSUME_CHECK_CONSUMER) timestamp=7685 ms, used_size=8220672 bytes (20.1%)
(RDMA_READ_CONSUME_CHECK_CONSUMER) timestamp=7685 ms, used_size=8218624 bytes (20.1%)
(RDMA_READ_CONSUME_CHECK_CONSUMER) timestamp=7685 ms, used_size=8216576 bytes (20.1%)
(RDMA_READ_CONSUME_CHECK_CONSUMER) timestamp=7685 ms, used_size=8214528 bytes (20.1%)
(RDMA_READ_CONSUME_CHECK_CONSUMER) timestamp=7685 ms, used_size=8212480 bytes (20.1%)
(RDMA_READ_CONSUME_CHECK_CONSUMER) timestamp=7685 ms, used_size=8210432 bytes (20.0%)
(RDMA_READ_CONSUME_CHECK_CONSUMER) timestamp=7685 ms, used_size=8208384 bytes (20.0%)
(RDMA_READ_CONSUME_CHECK_CONSUMER) timestamp=7685 ms, used_size=8206336 bytes (20.0%)
(RDMA_READ_CONSUME_CHECK_CONSUMER) timestamp=7685 ms, used_size=8204288 bytes (20.0%)
(RDMA_READ_CONSUME_CHECK_CONSUMER) timestamp=7685 ms, used_size=8202240 bytes (20.0%)
(RDMA_READ_CONSUME_CHECK_CONSUMER) timestamp=7685 ms, used_size=8200192 bytes (20.0%)
(RDMA_READ_CONSUME_CHECK_CONSUMER) timestamp=7685 ms, used_size=8198144 bytes (20.0%)
(RDMA_READ_CONSUME_CHECK_CONSUMER) timestamp=7685 ms, used_size=8196096 bytes (20.0%)
(RDMA_READ_CONSUME_CHECK_CONSUMER) timestamp=7685 ms, used_size=8194048 bytes (20.0%)
(RDMA_READ_CONSUME_CHECK_CONSUMER) timestamp=7685 ms, used_size=8192000 bytes (20.0%)
(RDMA_READ_CONSUME_CHECK_CONSUMER) timestamp=7685 ms, used_size=8189952 bytes (20.0%)
(RDMA_READ_CONSUME_CHECK_CONSUMER) timestamp=7685 ms, used_size=8187904 bytes (20.0%)
(RDMA_READ_CONSUME_CHECK_CONSUMER) timestamp=7685 ms, used_size=8185856 bytes (20.0%)
(RDMA_READ_CONSUME_CHECK_CONSUMER) timestamp=7685 ms, used_size=8183808 bytes (20.0%)
(RDMA_READ_CONSUME_CHECK_CONSUMER) timestamp=7685 ms, used_size=8181760 bytes (20.0%)
(RDMA_READ_CONSUME_CHECK_CONSUMER) timestamp=7685 ms, used_size=8179712 bytes (20.0%)
(RDMA_READ_CONSUME_CHECK_CONSUMER) timestamp=7685 ms, used_size=8177664 bytes (20.0%)
(RDMA_READ_CONSUME_CHECK_CONSUMER) timestamp=7685 ms, used_size=8175616 bytes (20.0%)
(RDMA_READ_CONSUME_CHECK_CONSUMER) timestamp=7685 ms, used_size=8173568 bytes (20.0%)
(RDMA_READ_CONSUME_CHECK_CONSUMER) timestamp=7685 ms, used_size=8171520 bytes (19.9%)
(RDMA_READ_CONSUME_CHECK_CONSUMER) timestamp=7685 ms, used_size=8169472 bytes (19.9%)
(RDMA_READ_CONSUME_CHECK_CONSUMER) timestamp=7685 ms, used_size=8167424 bytes (19.9%)
(RDMA_READ_CONSUME_CHECK_CONSUMER) timestamp=7685 ms, used_size=8165376 bytes (19.9%)
(RDMA_READ_CONSUME_CHECK_CONSUMER) timestamp=7685 ms, used_size=8163328 bytes (19.9%)
(RDMA_READ_CONSUME_CHECK_CONSUMER) timestamp=7685 ms, used_size=8161280 bytes (19.9%)
(RDMA_READ_CONSUME_CHECK_CONSUMER) timestamp=7685 ms, used_size=8159232 bytes (19.9%)
(RDMA_READ_CONSUME_CHECK_CONSUMER) timestamp=7685 ms, used_size=8157184 bytes (19.9%)
(RDMA_READ_CONSUME_CHECK_CONSUMER) timestamp=7685 ms, used_size=8155136 bytes (19.9%)
(RDMA_READ_CONSUME_CHECK_CONSUMER) timestamp=7685 ms, used_size=8153088 bytes (19.9%)
(RDMA_READ_CONSUME_CHECK_CONSUMER) timestamp=7685 ms, used_size=8151040 bytes (19.9%)
(RDMA_READ_CONSUME_CHECK_CONSUMER) timestamp=7685 ms, used_size=8148992 bytes (19.9%)
(RDMA_READ_CONSUME_CHECK_CONSUMER) timestamp=7685 ms, used_size=8146944 bytes (19.9%)
(RDMA_READ_CONSUME_CHECK_CONSUMER) timestamp=7685 ms, used_size=8144896 bytes (19.9%)
(RDMA_READ_CONSUME_CHECK_CONSUMER) timestamp=7685 ms, used_size=8142848 bytes (19.9%)
(RDMA_READ_CONSUME_CHECK_CONSUMER) timestamp=7685 ms, used_size=8140800 bytes (19.9%)
(RDMA_READ_CONSUME_CHECK_CONSUMER) timestamp=7685 ms, used_size=8138752 bytes (19.9%)
(RDMA_READ_CONSUME_CHECK_CONSUMER) timestamp=7685 ms, used_size=8136704 bytes (19.9%)
(RDMA_READ_CONSUME_CHECK_CONSUMER) timestamp=7685 ms, used_size=8134656 bytes (19.9%)
(RDMA_READ_CONSUME_CHECK_CONSUMER) timestamp=7685 ms, used_size=8132608 bytes (19.9%)
(RDMA_READ_CONSUME_CHECK_CONSUMER) timestamp=7685 ms, used_size=8130560 bytes (19.9%)
(RDMA_READ_CONSUME_CHECK_CONSUMER) timestamp=7685 ms, used_size=8128512 bytes (19.8%)
(RDMA_READ_CONSUME_CHECK_CONSUMER) timestamp=7685 ms, used_size=8126464 bytes (19.8%)
(RDMA_READ_CONSUME_CHECK_CONSUMER) timestamp=7685 ms, used_size=8124416 bytes (19.8%)
(RDMA_READ_CONSUME_CHECK_CONSUMER) timestamp=7685 ms, used_size=8122368 bytes (19.8%)
(RDMA_READ_CONSUME_CHECK_CONSUMER) timestamp=7685 ms, used_size=8120320 bytes (19.8%)
(RDMA_READ_CONSUME_CHECK_CONSUMER) timestamp=7685 ms, used_size=8118272 bytes (19.8%)
(RDMA_READ_CONSUME_CHECK_CONSUMER) timestamp=7685 ms, used_size=8116224 bytes (19.8%)
(RDMA_READ_CONSUME_CHECK_CONSUMER) timestamp=7685 ms, used_size=8114176 bytes (19.8%)
(RDMA_READ_CONSUME_CHECK_CONSUMER) timestamp=7685 ms, used_size=8112128 bytes (19.8%)
(RDMA_READ_CONSUME_CHECK_CONSUMER) timestamp=7685 ms, used_size=8110080 bytes (19.8%)
(RDMA_READ_CONSUME_CHECK_CONSUMER) timestamp=7685 ms, used_size=8108032 bytes (19.8%)
(RDMA_READ_CONSUME_CHECK_CONSUMER) timestamp=7685 ms, used_size=8105984 bytes (19.8%)
(RDMA_READ_CONSUME_CHECK_CONSUMER) timestamp=7685 ms, used_size=8103936 bytes (19.8%)
(RDMA_READ_CONSUME_CHECK_CONSUMER) timestamp=7685 ms, used_size=8101888 bytes (19.8%)
(RDMA_READ_CONSUME_CHECK_CONSUMER) timestamp=7685 ms, used_size=8099840 bytes (19.8%)
(RDMA_READ_CONSUME_CHECK_CONSUMER) timestamp=7685 ms, used_size=8097792 bytes (19.8%)
(RDMA_READ_CONSUME_CHECK_CONSUMER) timestamp=7685 ms, used_size=8095744 bytes (19.8%)
(RDMA_READ_CONSUME_CHECK_CONSUMER) timestamp=7685 ms, used_size=8093696 bytes (19.8%)
(RDMA_READ_CONSUME_CHECK_CONSUMER) timestamp=7685 ms, used_size=8091648 bytes (19.8%)
(RDMA_READ_CONSUME_CHECK_CONSUMER) timestamp=7685 ms, used_size=8089600 bytes (19.8%)
(RDMA_READ_CONSUME_CHECK_CONSUMER) timestamp=7685 ms, used_size=8087552 bytes (19.7%)
(RDMA_READ_CONSUME_CHECK_CONSUMER) timestamp=7685 ms, used_size=8085504 bytes (19.7%)
(RDMA_READ_CONSUME_CHECK_CONSUMER) timestamp=7685 ms, used_size=8083456 bytes (19.7%)
(RDMA_READ_CONSUME_CHECK_CONSUMER) timestamp=7685 ms, used_size=8081408 bytes (19.7%)
(RDMA_READ_CONSUME_CHECK_CONSUMER) timestamp=7685 ms, used_size=8079360 bytes (19.7%)
(RDMA_READ_CONSUME_CHECK_CONSUMER) timestamp=7685 ms, used_size=8077312 bytes (19.7%)
(RDMA_READ_CONSUME_CHECK_CONSUMER) timestamp=7685 ms, used_size=8075264 bytes (19.7%)
(RDMA_READ_CONSUME_CHECK_CONSUMER) timestamp=7685 ms, used_size=8073216 bytes (19.7%)
(RDMA_READ_CONSUME_CHECK_CONSUMER) timestamp=7685 ms, used_size=8071168 bytes (19.7%)
(RDMA_READ_CONSUME_CHECK_CONSUMER) timestamp=7685 ms, used_size=8069120 bytes (19.7%)
(RDMA_READ_CONSUME_CHECK_CONSUMER) timestamp=7685 ms, used_size=8067072 bytes (19.7%)
(RDMA_READ_CONSUME_CHECK_CONSUMER) timestamp=7685 ms, used_size=8065024 bytes (19.7%)
(RDMA_READ_CONSUME_CHECK_CONSUMER) timestamp=7685 ms, used_size=8062976 bytes (19.7%)
(RDMA_READ_CONSUME_CHECK_CONSUMER) timestamp=7685 ms, used_size=8060928 bytes (19.7%)
(RDMA_READ_CONSUME_CHECK_CONSUMER) timestamp=7685 ms, used_size=8058880 bytes (19.7%)
(RDMA_READ_CONSUME_CHECK_CONSUMER) timestamp=7685 ms, used_size=8056832 bytes (19.7%)
(RDMA_READ_CONSUME_CHECK_CONSUMER) timestamp=7685 ms, used_size=8054784 bytes (19.7%)
(RDMA_READ_CONSUME_CHECK_CONSUMER) timestamp=7685 ms, used_size=8052736 bytes (19.7%)
(RDMA_READ_CONSUME_CHECK_CONSUMER) timestamp=7685 ms, used_size=8050688 bytes (19.7%)
(RDMA_READ_CONSUME_CHECK_CONSUMER) timestamp=7685 ms, used_size=8048640 bytes (19.6%)
(RDMA_READ_CONSUME_CHECK_CONSUMER) timestamp=7685 ms, used_size=8046592 bytes (19.6%)
(RDMA_READ_CONSUME_CHECK_CONSUMER) timestamp=7685 ms, used_size=8044544 bytes (19.6%)
(RDMA_READ_CONSUME_CHECK_CONSUMER) timestamp=7685 ms, used_size=8042496 bytes (19.6%)
(RDMA_READ_CONSUME_CHECK_CONSUMER) timestamp=7685 ms, used_size=8040448 bytes (19.6%)
(RDMA_READ_CONSUME_CHECK_CONSUMER) timestamp=7685 ms, used_size=8038400 bytes (19.6%)
(RDMA_READ_CONSUME_CHECK_CONSUMER) timestamp=7685 ms, used_size=8036352 bytes (19.6%)
(RDMA_READ_CONSUME_CHECK_CONSUMER) timestamp=7685 ms, used_size=8034304 bytes (19.6%)
(RDMA_READ_CONSUME_CHECK_CONSUMER) timestamp=7685 ms, used_size=8032256 bytes (19.6%)
(RDMA_READ_CONSUME_CHECK_CONSUMER) timestamp=7685 ms, used_size=8030208 bytes (19.6%)
(RDMA_READ_CONSUME_CHECK_CONSUMER) timestamp=7685 ms, used_size=8028160 bytes (19.6%)
(RDMA_READ_CONSUME_CHECK_CONSUMER) timestamp=7685 ms, used_size=8026112 bytes (19.6%)
(RDMA_READ_CONSUME_CHECK_CONSUMER) timestamp=7685 ms, used_size=8024064 bytes (19.6%)
(RDMA_READ_CONSUME_CHECK_CONSUMER) timestamp=7685 ms, used_size=8022016 bytes (19.6%)
(RDMA_READ_CONSUME_CHECK_CONSUMER) timestamp=7685 ms, used_size=8019968 bytes (19.6%)
(RDMA_READ_CONSUME_CHECK_CONSUMER) timestamp=7685 ms, used_size=8017920 bytes (19.6%)
(RDMA_READ_CONSUME_CHECK_CONSUMER) timestamp=7685 ms, used_size=8015872 bytes (19.6%)
(RDMA_READ_CONSUME_CHECK_CONSUMER) timestamp=7685 ms, used_size=8013824 bytes (19.6%)
(RDMA_READ_CONSUME_CHECK_CONSUMER) timestamp=7685 ms, used_size=8011776 bytes (19.6%)
(RDMA_READ_CONSUME_CHECK_CONSUMER) timestamp=7685 ms, used_size=8009728 bytes (19.6%)
(RDMA_READ_CONSUME_CHECK_CONSUMER) timestamp=7685 ms, used_size=8007680 bytes (19.6%)
(RDMA_READ_CONSUME_CHECK_CONSUMER) timestamp=7685 ms, used_size=8005632 bytes (19.5%)
(RDMA_READ_CONSUME_CHECK_CONSUMER) timestamp=7685 ms, used_size=8003584 bytes (19.5%)
(RDMA_READ_CONSUME_CHECK_CONSUMER) timestamp=7685 ms, used_size=8001536 bytes (19.5%)
(RDMA_READ_CONSUME_CHECK_CONSUMER) timestamp=7685 ms, used_size=7999488 bytes (19.5%)
(RDMA_READ_CONSUME_CHECK_CONSUMER) timestamp=7685 ms, used_size=7997440 bytes (19.5%)
(RDMA_READ_CONSUME_CHECK_CONSUMER) timestamp=7685 ms, used_size=7995392 bytes (19.5%)
(RDMA_READ_CONSUME_CHECK_CONSUMER) timestamp=7685 ms, used_size=7993344 bytes (19.5%)
(RDMA_READ_CONSUME_CHECK_CONSUMER) timestamp=7685 ms, used_size=7991296 bytes (19.5%)
(RDMA_READ_CONSUME_CHECK_CONSUMER) timestamp=7685 ms, used_size=7989248 bytes (19.5%)
(RDMA_READ_CONSUME_CHECK_CONSUMER) timestamp=7685 ms, used_size=7987200 bytes (19.5%)
(RDMA_READ_CONSUME_CHECK_CONSUMER) timestamp=7685 ms, used_size=7985152 bytes (19.5%)
(RDMA_READ_CONSUME_CHECK_CONSUMER) timestamp=7685 ms, used_size=7983104 bytes (19.5%)
(RDMA_READ_CONSUME_CHECK_CONSUMER) timestamp=7685 ms, used_size=7981056 bytes (19.5%)
(RDMA_READ_CONSUME_CHECK_CONSUMER) timestamp=7685 ms, used_size=7979008 bytes (19.5%)
(RDMA_READ_CONSUME_CHECK_CONSUMER) timestamp=7685 ms, used_size=7976960 bytes (19.5%)
(RDMA_READ_CONSUME_CHECK_CONSUMER) timestamp=7685 ms, used_size=7974912 bytes (19.5%)
(RDMA_READ_CONSUME_CHECK_CONSUMER) timestamp=7685 ms, used_size=7972864 bytes (19.5%)
(RDMA_READ_CONSUME_CHECK_CONSUMER) timestamp=7685 ms, used_size=7970816 bytes (19.5%)
(RDMA_READ_CONSUME_CHECK_CONSUMER) timestamp=7685 ms, used_size=7968768 bytes (19.5%)
(RDMA_READ_CONSUME_CHECK_CONSUMER) timestamp=7685 ms, used_size=7966720 bytes (19.4%)
(RDMA_READ_CONSUME_CHECK_CONSUMER) timestamp=7685 ms, used_size=7964672 bytes (19.4%)
(RDMA_READ_CONSUME_CHECK_CONSUMER) timestamp=7685 ms, used_size=7962624 bytes (19.4%)
(RDMA_READ_CONSUME_CHECK_CONSUMER) timestamp=7685 ms, used_size=7960576 bytes (19.4%)
(RDMA_READ_CONSUME_CHECK_CONSUMER) timestamp=7685 ms, used_size=7958528 bytes (19.4%)
(RDMA_READ_CONSUME_CHECK_CONSUMER) timestamp=7685 ms, used_size=7956480 bytes (19.4%)
(RDMA_READ_CONSUME_CHECK_CONSUMER) timestamp=7685 ms, used_size=7954432 bytes (19.4%)
(RDMA_READ_CONSUME_CHECK_CONSUMER) timestamp=7685 ms, used_size=7952384 bytes (19.4%)
(RDMA_READ_CONSUME_CHECK_CONSUMER) timestamp=7685 ms, used_size=7950336 bytes (19.4%)
(RDMA_READ_CONSUME_CHECK_CONSUMER) timestamp=7685 ms, used_size=7948288 bytes (19.4%)
(RDMA_READ_CONSUME_CHECK_CONSUMER) timestamp=7685 ms, used_size=7946240 bytes (19.4%)
(RDMA_READ_CONSUME_CHECK_CONSUMER) timestamp=7685 ms, used_size=7944192 bytes (19.4%)
(RDMA_READ_CONSUME_CHECK_CONSUMER) timestamp=7685 ms, used_size=7942144 bytes (19.4%)
(RDMA_READ_CONSUME_CHECK_CONSUMER) timestamp=7685 ms, used_size=7940096 bytes (19.4%)
(RDMA_READ_CONSUME_CHECK_CONSUMER) timestamp=7685 ms, used_size=7938048 bytes (19.4%)
(RDMA_READ_CONSUME_CHECK_CONSUMER) timestamp=7685 ms, used_size=7936000 bytes (19.4%)
(RDMA_READ_CONSUME_CHECK_CONSUMER) timestamp=7685 ms, used_size=7933952 bytes (19.4%)
(RDMA_READ_CONSUME_CHECK_CONSUMER) timestamp=7685 ms, used_size=7931904 bytes (19.4%)
(RDMA_READ_CONSUME_CHECK_CONSUMER) timestamp=7685 ms, used_size=7929856 bytes (19.4%)
(RDMA_READ_CONSUME_CHECK_CONSUMER) timestamp=7685 ms, used_size=7927808 bytes (19.4%)
(RDMA_READ_CONSUME_CHECK_CONSUMER) timestamp=7685 ms, used_size=7925760 bytes (19.4%)
(RDMA_READ_CONSUME_CHECK_CONSUMER) timestamp=7685 ms, used_size=7923712 bytes (19.3%)
(RDMA_READ_CONSUME_CHECK_CONSUMER) timestamp=7685 ms, used_size=7921664 bytes (19.3%)
(RDMA_READ_CONSUME_CHECK_CONSUMER) timestamp=7685 ms, used_size=7919616 bytes (19.3%)
(RDMA_READ_CONSUME_CHECK_CONSUMER) timestamp=7685 ms, used_size=7917568 bytes (19.3%)
(RDMA_READ_CONSUME_CHECK_CONSUMER) timestamp=7685 ms, used_size=7915520 bytes (19.3%)
(RDMA_READ_CONSUME_CHECK_CONSUMER) timestamp=7686 ms, used_size=7913472 bytes (19.3%)
(RDMA_READ_CONSUME_CHECK_CONSUMER) timestamp=7686 ms, used_size=7911424 bytes (19.3%)
(RDMA_READ_CONSUME_CHECK_CONSUMER) timestamp=7686 ms, used_size=7909376 bytes (19.3%)
(RDMA_READ_CONSUME_CHECK_CONSUMER) timestamp=7686 ms, used_size=7907328 bytes (19.3%)
(RDMA_READ_CONSUME_CHECK_CONSUMER) timestamp=7686 ms, used_size=7905280 bytes (19.3%)
(RDMA_READ_CONSUME_CHECK_CONSUMER) timestamp=7686 ms, used_size=7903232 bytes (19.3%)
(RDMA_READ_CONSUME_CHECK_CONSUMER) timestamp=7686 ms, used_size=7901184 bytes (19.3%)
(RDMA_READ_CONSUME_CHECK_CONSUMER) timestamp=7686 ms, used_size=7899136 bytes (19.3%)
(RDMA_READ_CONSUME_CHECK_CONSUMER) timestamp=7686 ms, used_size=7897088 bytes (19.3%)
(RDMA_READ_CONSUME_CHECK_CONSUMER) timestamp=7686 ms, used_size=7895040 bytes (19.3%)
(RDMA_READ_CONSUME_CHECK_CONSUMER) timestamp=7686 ms, used_size=7892992 bytes (19.3%)
(RDMA_READ_CONSUME_CHECK_CONSUMER) timestamp=7686 ms, used_size=7890944 bytes (19.3%)
(RDMA_READ_CONSUME_CHECK_CONSUMER) timestamp=7686 ms, used_size=7888896 bytes (19.3%)
(RDMA_READ_CONSUME_CHECK_CONSUMER) timestamp=7686 ms, used_size=7886848 bytes (19.3%)
(RDMA_READ_CONSUME_CHECK_CONSUMER) timestamp=7686 ms, used_size=7884800 bytes (19.2%)
(RDMA_READ_CONSUME_CHECK_CONSUMER) timestamp=7686 ms, used_size=7882752 bytes (19.2%)
(RDMA_READ_CONSUME_CHECK_CONSUMER) timestamp=7686 ms, used_size=7880704 bytes (19.2%)
(RDMA_READ_CONSUME_CHECK_CONSUMER) timestamp=7686 ms, used_size=7878656 bytes (19.2%)
(RDMA_READ_CONSUME_CHECK_CONSUMER) timestamp=7686 ms, used_size=7876608 bytes (19.2%)
(RDMA_READ_CONSUME_CHECK_CONSUMER) timestamp=7686 ms, used_size=7874560 bytes (19.2%)
(RDMA_READ_CONSUME_CHECK_CONSUMER) timestamp=7686 ms, used_size=7872512 bytes (19.2%)
(RDMA_READ_CONSUME_CHECK_CONSUMER) timestamp=7686 ms, used_size=7870464 bytes (19.2%)
(RDMA_READ_CONSUME_CHECK_CONSUMER) timestamp=7686 ms, used_size=7868416 bytes (19.2%)
(RDMA_READ_CONSUME_CHECK_CONSUMER) timestamp=7686 ms, used_size=7866368 bytes (19.2%)
(RDMA_READ_CONSUME_CHECK_CONSUMER) timestamp=7686 ms, used_size=7864320 bytes (19.2%)
(RDMA_READ_CONSUME_CHECK_CONSUMER) timestamp=7686 ms, used_size=7862272 bytes (19.2%)
(RDMA_READ_CONSUME_CHECK_CONSUMER) timestamp=7686 ms, used_size=7860224 bytes (19.2%)
(RDMA_READ_CONSUME_CHECK_CONSUMER) timestamp=7686 ms, used_size=7858176 bytes (19.2%)
(RDMA_READ_CONSUME_CHECK_CONSUMER) timestamp=7686 ms, used_size=7856128 bytes (19.2%)
(RDMA_READ_CONSUME_CHECK_CONSUMER) timestamp=7686 ms, used_size=7854080 bytes (19.2%)
(RDMA_READ_CONSUME_CHECK_CONSUMER) timestamp=7686 ms, used_size=7852032 bytes (19.2%)
(RDMA_READ_CONSUME_CHECK_CONSUMER) timestamp=7686 ms, used_size=7849984 bytes (19.2%)
(RDMA_READ_CONSUME_CHECK_CONSUMER) timestamp=7686 ms, used_size=7847936 bytes (19.2%)
(RDMA_READ_CONSUME_CHECK_CONSUMER) timestamp=7686 ms, used_size=7845888 bytes (19.2%)
(RDMA_READ_CONSUME_CHECK_CONSUMER) timestamp=7686 ms, used_size=7843840 bytes (19.1%)
(RDMA_READ_CONSUME_CHECK_CONSUMER) timestamp=7686 ms, used_size=7841792 bytes (19.1%)
(RDMA_READ_CONSUME_CHECK_CONSUMER) timestamp=7686 ms, used_size=7839744 bytes (19.1%)
(RDMA_READ_CONSUME_CHECK_CONSUMER) timestamp=7686 ms, used_size=7837696 bytes (19.1%)
(RDMA_READ_CONSUME_CHECK_CONSUMER) timestamp=7686 ms, used_size=7835648 bytes (19.1%)
(RDMA_READ_CONSUME_CHECK_CONSUMER) timestamp=7686 ms, used_size=7833600 bytes (19.1%)
(RDMA_READ_CONSUME_CHECK_CONSUMER) timestamp=7686 ms, used_size=7831552 bytes (19.1%)
(RDMA_READ_CONSUME_CHECK_CONSUMER) timestamp=7686 ms, used_size=7829504 bytes (19.1%)
(RDMA_READ_CONSUME_CHECK_CONSUMER) timestamp=7686 ms, used_size=7827456 bytes (19.1%)
(RDMA_READ_CONSUME_CHECK_CONSUMER) timestamp=7686 ms, used_size=7825408 bytes (19.1%)
(RDMA_READ_CONSUME_CHECK_CONSUMER) timestamp=7686 ms, used_size=7823360 bytes (19.1%)
(RDMA_READ_CONSUME_CHECK_CONSUMER) timestamp=7686 ms, used_size=7821312 bytes (19.1%)
(RDMA_READ_CONSUME_CHECK_CONSUMER) timestamp=7686 ms, used_size=7819264 bytes (19.1%)
(RDMA_READ_CONSUME_CHECK_CONSUMER) timestamp=7686 ms, used_size=7817216 bytes (19.1%)
(RDMA_READ_CONSUME_CHECK_CONSUMER) timestamp=7686 ms, used_size=7815168 bytes (19.1%)
(RDMA_READ_CONSUME_CHECK_CONSUMER) timestamp=7686 ms, used_size=7813120 bytes (19.1%)
(RDMA_READ_CONSUME_CHECK_CONSUMER) timestamp=7686 ms, used_size=7811072 bytes (19.1%)
(RDMA_READ_CONSUME_CHECK_CONSUMER) timestamp=7686 ms, used_size=7809024 bytes (19.1%)
(RDMA_READ_CONSUME_CHECK_CONSUMER) timestamp=7686 ms, used_size=7806976 bytes (19.1%)
(RDMA_READ_CONSUME_CHECK_CONSUMER) timestamp=7686 ms, used_size=7804928 bytes (19.1%)
(RDMA_READ_CONSUME_CHECK_CONSUMER) timestamp=7686 ms, used_size=7802880 bytes (19.1%)
(RDMA_READ_CONSUME_CHECK_CONSUMER) timestamp=7686 ms, used_size=7800832 bytes (19.0%)
(RDMA_READ_CONSUME_CHECK_CONSUMER) timestamp=7686 ms, used_size=7798784 bytes (19.0%)
(RDMA_READ_CONSUME_CHECK_CONSUMER) timestamp=7686 ms, used_size=7796736 bytes (19.0%)
(RDMA_READ_CONSUME_CHECK_CONSUMER) timestamp=7686 ms, used_size=7794688 bytes (19.0%)
(RDMA_READ_CONSUME_CHECK_CONSUMER) timestamp=7686 ms, used_size=7792640 bytes (19.0%)
(RDMA_READ_CONSUME_CHECK_CONSUMER) timestamp=7686 ms, used_size=7790592 bytes (19.0%)
(RDMA_READ_CONSUME_CHECK_CONSUMER) timestamp=7686 ms, used_size=7788544 bytes (19.0%)
(RDMA_READ_CONSUME_CHECK_CONSUMER) timestamp=7686 ms, used_size=7786496 bytes (19.0%)
(RDMA_READ_CONSUME_CHECK_CONSUMER) timestamp=7686 ms, used_size=7784448 bytes (19.0%)
(RDMA_READ_CONSUME_CHECK_CONSUMER) timestamp=7686 ms, used_size=7782400 bytes (19.0%)
(RDMA_READ_CONSUME_CHECK_CONSUMER) timestamp=7686 ms, used_size=7780352 bytes (19.0%)
(RDMA_READ_CONSUME_CHECK_CONSUMER) timestamp=7686 ms, used_size=7778304 bytes (19.0%)
(RDMA_READ_CONSUME_CHECK_CONSUMER) timestamp=7686 ms, used_size=7776256 bytes (19.0%)
(RDMA_READ_CONSUME_CHECK_CONSUMER) timestamp=7686 ms, used_size=7774208 bytes (19.0%)
(RDMA_READ_CONSUME_CHECK_CONSUMER) timestamp=7686 ms, used_size=7772160 bytes (19.0%)
(RDMA_READ_CONSUME_CHECK_CONSUMER) timestamp=7686 ms, used_size=7770112 bytes (19.0%)
(RDMA_READ_CONSUME_CHECK_CONSUMER) timestamp=7686 ms, used_size=7768064 bytes (19.0%)
(RDMA_READ_CONSUME_CHECK_CONSUMER) timestamp=7686 ms, used_size=7766016 bytes (19.0%)
(RDMA_READ_CONSUME_CHECK_CONSUMER) timestamp=7686 ms, used_size=7763968 bytes (19.0%)
(RDMA_READ_CONSUME_CHECK_CONSUMER) timestamp=7686 ms, used_size=7761920 bytes (18.9%)
(RDMA_READ_CONSUME_CHECK_CONSUMER) timestamp=7686 ms, used_size=7759872 bytes (18.9%)
(RDMA_READ_CONSUME_CHECK_CONSUMER) timestamp=7686 ms, used_size=7757824 bytes (18.9%)
(RDMA_READ_CONSUME_CHECK_CONSUMER) timestamp=7686 ms, used_size=7755776 bytes (18.9%)
(RDMA_READ_CONSUME_CHECK_CONSUMER) timestamp=7686 ms, used_size=7753728 bytes (18.9%)
(RDMA_READ_CONSUME_CHECK_CONSUMER) timestamp=7686 ms, used_size=7751680 bytes (18.9%)
(RDMA_READ_CONSUME_CHECK_CONSUMER) timestamp=7686 ms, used_size=7749632 bytes (18.9%)
(RDMA_READ_CONSUME_CHECK_CONSUMER) timestamp=7686 ms, used_size=7747584 bytes (18.9%)
(RDMA_READ_CONSUME_CHECK_CONSUMER) timestamp=7686 ms, used_size=7745536 bytes (18.9%)
(RDMA_READ_CONSUME_CHECK_CONSUMER) timestamp=7686 ms, used_size=7743488 bytes (18.9%)
(RDMA_READ_CONSUME_CHECK_CONSUMER) timestamp=7686 ms, used_size=7741440 bytes (18.9%)
(RDMA_READ_CONSUME_CHECK_CONSUMER) timestamp=7686 ms, used_size=7739392 bytes (18.9%)
(RDMA_READ_CONSUME_CHECK_CONSUMER) timestamp=7686 ms, used_size=7737344 bytes (18.9%)
(RDMA_READ_CONSUME_CHECK_CONSUMER) timestamp=7686 ms, used_size=7735296 bytes (18.9%)
(RDMA_READ_CONSUME_CHECK_CONSUMER) timestamp=7686 ms, used_size=7733248 bytes (18.9%)
(RDMA_READ_CONSUME_CHECK_CONSUMER) timestamp=7686 ms, used_size=7731200 bytes (18.9%)
(RDMA_READ_CONSUME_CHECK_CONSUMER) timestamp=7686 ms, used_size=7729152 bytes (18.9%)
(RDMA_READ_CONSUME_CHECK_CONSUMER) timestamp=7686 ms, used_size=7727104 bytes (18.9%)
(RDMA_READ_CONSUME_CHECK_CONSUMER) timestamp=7686 ms, used_size=7725056 bytes (18.9%)
(RDMA_READ_CONSUME_CHECK_CONSUMER) timestamp=7686 ms, used_size=7723008 bytes (18.9%)
(RDMA_READ_CONSUME_CHECK_CONSUMER) timestamp=7686 ms, used_size=7720960 bytes (18.9%)
(RDMA_READ_CONSUME_CHECK_CONSUMER) timestamp=7686 ms, used_size=7718912 bytes (18.8%)
(RDMA_READ_CONSUME_CHECK_CONSUMER) timestamp=7686 ms, used_size=7716864 bytes (18.8%)
(RDMA_READ_CONSUME_CHECK_CONSUMER) timestamp=7686 ms, used_size=7714816 bytes (18.8%)
(RDMA_READ_CONSUME_CHECK_CONSUMER) timestamp=7686 ms, used_size=7712768 bytes (18.8%)
(RDMA_READ_CONSUME_CHECK_CONSUMER) timestamp=7686 ms, used_size=7710720 bytes (18.8%)
(RDMA_READ_CONSUME_CHECK_CONSUMER) timestamp=7686 ms, used_size=7708672 bytes (18.8%)
(RDMA_READ_CONSUME_CHECK_CONSUMER) timestamp=7686 ms, used_size=7706624 bytes (18.8%)
(RDMA_READ_CONSUME_CHECK_CONSUMER) timestamp=7686 ms, used_size=7704576 bytes (18.8%)
(RDMA_READ_CONSUME_CHECK_CONSUMER) timestamp=7686 ms, used_size=7702528 bytes (18.8%)
(RDMA_READ_CONSUME_CHECK_CONSUMER) timestamp=7686 ms, used_size=7700480 bytes (18.8%)
(RDMA_READ_CONSUME_CHECK_CONSUMER) timestamp=7686 ms, used_size=7698432 bytes (18.8%)
(RDMA_READ_CONSUME_CHECK_CONSUMER) timestamp=7686 ms, used_size=7696384 bytes (18.8%)
(RDMA_READ_CONSUME_CHECK_CONSUMER) timestamp=7686 ms, used_size=7694336 bytes (18.8%)
(RDMA_READ_CONSUME_CHECK_CONSUMER) timestamp=7686 ms, used_size=7692288 bytes (18.8%)
(RDMA_READ_CONSUME_CHECK_CONSUMER) timestamp=7686 ms, used_size=7690240 bytes (18.8%)
(RDMA_READ_CONSUME_CHECK_CONSUMER) timestamp=7686 ms, used_size=7688192 bytes (18.8%)
(RDMA_READ_CONSUME_CHECK_CONSUMER) timestamp=7686 ms, used_size=7686144 bytes (18.8%)
(RDMA_READ_CONSUME_CHECK_CONSUMER) timestamp=7686 ms, used_size=7684096 bytes (18.8%)
(RDMA_READ_CONSUME_CHECK_CONSUMER) timestamp=7686 ms, used_size=7682048 bytes (18.8%)
(RDMA_READ_CONSUME_CHECK_CONSUMER) timestamp=7686 ms, used_size=7680000 bytes (18.8%)
(RDMA_READ_CONSUME_CHECK_CONSUMER) timestamp=7686 ms, used_size=7677952 bytes (18.7%)
(RDMA_READ_CONSUME_CHECK_CONSUMER) timestamp=7686 ms, used_size=7675904 bytes (18.7%)
(RDMA_READ_CONSUME_CHECK_CONSUMER) timestamp=7686 ms, used_size=7673856 bytes (18.7%)
(RDMA_READ_CONSUME_CHECK_CONSUMER) timestamp=7686 ms, used_size=7671808 bytes (18.7%)
(RDMA_READ_CONSUME_CHECK_CONSUMER) timestamp=7686 ms, used_size=7669760 bytes (18.7%)
(RDMA_READ_CONSUME_CHECK_CONSUMER) timestamp=7686 ms, used_size=7667712 bytes (18.7%)
(RDMA_READ_CONSUME_CHECK_CONSUMER) timestamp=7686 ms, used_size=7665664 bytes (18.7%)
(RDMA_READ_CONSUME_CHECK_CONSUMER) timestamp=7686 ms, used_size=7663616 bytes (18.7%)
(RDMA_READ_CONSUME_CHECK_CONSUMER) timestamp=7686 ms, used_size=7661568 bytes (18.7%)
(RDMA_READ_CONSUME_CHECK_CONSUMER) timestamp=7686 ms, used_size=7659520 bytes (18.7%)
(RDMA_READ_CONSUME_CHECK_CONSUMER) timestamp=7686 ms, used_size=7657472 bytes (18.7%)
(RDMA_READ_CONSUME_CHECK_CONSUMER) timestamp=7686 ms, used_size=7655424 bytes (18.7%)
(RDMA_READ_CONSUME_CHECK_CONSUMER) timestamp=7686 ms, used_size=7653376 bytes (18.7%)
(RDMA_READ_CONSUME_CHECK_CONSUMER) timestamp=7686 ms, used_size=7651328 bytes (18.7%)
(RDMA_READ_CONSUME_CHECK_CONSUMER) timestamp=7686 ms, used_size=7649280 bytes (18.7%)
(RDMA_READ_CONSUME_CHECK_CONSUMER) timestamp=7686 ms, used_size=7647232 bytes (18.7%)
(RDMA_READ_CONSUME_CHECK_CONSUMER) timestamp=7686 ms, used_size=7645184 bytes (18.7%)
(RDMA_READ_CONSUME_CHECK_CONSUMER) timestamp=7686 ms, used_size=7643136 bytes (18.7%)
(RDMA_READ_CONSUME_CHECK_CONSUMER) timestamp=7686 ms, used_size=7641088 bytes (18.7%)
(RDMA_READ_CONSUME_CHECK_CONSUMER) timestamp=7686 ms, used_size=7639040 bytes (18.6%)
(RDMA_READ_CONSUME_CHECK_CONSUMER) timestamp=7686 ms, used_size=7636992 bytes (18.6%)
(RDMA_READ_CONSUME_CHECK_CONSUMER) timestamp=7686 ms, used_size=7634944 bytes (18.6%)
(RDMA_READ_CONSUME_CHECK_CONSUMER) timestamp=7686 ms, used_size=7632896 bytes (18.6%)
(RDMA_READ_CONSUME_CHECK_CONSUMER) timestamp=7686 ms, used_size=7630848 bytes (18.6%)
(RDMA_READ_CONSUME_CHECK_CONSUMER) timestamp=7686 ms, used_size=7628800 bytes (18.6%)
(RDMA_READ_CONSUME_CHECK_CONSUMER) timestamp=7686 ms, used_size=7626752 bytes (18.6%)
(RDMA_READ_CONSUME_CHECK_CONSUMER) timestamp=7686 ms, used_size=7624704 bytes (18.6%)
(RDMA_READ_CONSUME_CHECK_CONSUMER) timestamp=7686 ms, used_size=7622656 bytes (18.6%)
(RDMA_READ_CONSUME_CHECK_CONSUMER) timestamp=7686 ms, used_size=7620608 bytes (18.6%)
(RDMA_READ_CONSUME_CHECK_CONSUMER) timestamp=7686 ms, used_size=7618560 bytes (18.6%)
(RDMA_READ_CONSUME_CHECK_CONSUMER) timestamp=7686 ms, used_size=7616512 bytes (18.6%)
(RDMA_READ_CONSUME_CHECK_CONSUMER) timestamp=7686 ms, used_size=7614464 bytes (18.6%)
(RDMA_READ_CONSUME_CHECK_CONSUMER) timestamp=7686 ms, used_size=7612416 bytes (18.6%)
(RDMA_READ_CONSUME_CHECK_CONSUMER) timestamp=7686 ms, used_size=7610368 bytes (18.6%)
(RDMA_READ_CONSUME_CHECK_CONSUMER) timestamp=7686 ms, used_size=7608320 bytes (18.6%)
(RDMA_READ_CONSUME_CHECK_CONSUMER) timestamp=7686 ms, used_size=7606272 bytes (18.6%)
(RDMA_READ_CONSUME_CHECK_CONSUMER) timestamp=7686 ms, used_size=7604224 bytes (18.6%)
(RDMA_READ_CONSUME_CHECK_CONSUMER) timestamp=7686 ms, used_size=7602176 bytes (18.6%)
(RDMA_READ_CONSUME_CHECK_CONSUMER) timestamp=7686 ms, used_size=7600128 bytes (18.6%)
(RDMA_READ_CONSUME_CHECK_CONSUMER) timestamp=7686 ms, used_size=7598080 bytes (18.6%)
(RDMA_READ_CONSUME_CHECK_CONSUMER) timestamp=7686 ms, used_size=7596032 bytes (18.5%)
(RDMA_READ_CONSUME_CHECK_CONSUMER) timestamp=7686 ms, used_size=7593984 bytes (18.5%)
(RDMA_READ_CONSUME_CHECK_CONSUMER) timestamp=7686 ms, used_size=7591936 bytes (18.5%)
(RDMA_READ_CONSUME_CHECK_CONSUMER) timestamp=7686 ms, used_size=7589888 bytes (18.5%)
(RDMA_READ_CONSUME_CHECK_CONSUMER) timestamp=7686 ms, used_size=7587840 bytes (18.5%)
(RDMA_READ_CONSUME_CHECK_CONSUMER) timestamp=7686 ms, used_size=7585792 bytes (18.5%)
(RDMA_READ_CONSUME_CHECK_CONSUMER) timestamp=7686 ms, used_size=7583744 bytes (18.5%)
(RDMA_READ_CONSUME_CHECK_CONSUMER) timestamp=7686 ms, used_size=7581696 bytes (18.5%)
(RDMA_READ_CONSUME_CHECK_CONSUMER) timestamp=7686 ms, used_size=7579648 bytes (18.5%)
(RDMA_READ_CONSUME_CHECK_CONSUMER) timestamp=7686 ms, used_size=7577600 bytes (18.5%)
(RDMA_READ_CONSUME_CHECK_CONSUMER) timestamp=7686 ms, used_size=7575552 bytes (18.5%)
(RDMA_READ_CONSUME_CHECK_CONSUMER) timestamp=7686 ms, used_size=7573504 bytes (18.5%)
(RDMA_READ_CONSUME_CHECK_CONSUMER) timestamp=7686 ms, used_size=7571456 bytes (18.5%)
(RDMA_READ_CONSUME_CHECK_CONSUMER) timestamp=7686 ms, used_size=7569408 bytes (18.5%)
(RDMA_READ_CONSUME_CHECK_CONSUMER) timestamp=7686 ms, used_size=7567360 bytes (18.5%)
(RDMA_READ_CONSUME_CHECK_CONSUMER) timestamp=7686 ms, used_size=7565312 bytes (18.5%)
(RDMA_READ_CONSUME_CHECK_CONSUMER) timestamp=7686 ms, used_size=7563264 bytes (18.5%)
(RDMA_READ_CONSUME_CHECK_CONSUMER) timestamp=7686 ms, used_size=7561216 bytes (18.5%)
(RDMA_READ_CONSUME_CHECK_CONSUMER) timestamp=7686 ms, used_size=7559168 bytes (18.5%)
(RDMA_READ_CONSUME_CHECK_CONSUMER) timestamp=7686 ms, used_size=7557120 bytes (18.4%)
(RDMA_READ_CONSUME_CHECK_CONSUMER) timestamp=7686 ms, used_size=7555072 bytes (18.4%)
(RDMA_READ_CONSUME_CHECK_CONSUMER) timestamp=7686 ms, used_size=7553024 bytes (18.4%)
(RDMA_READ_CONSUME_CHECK_CONSUMER) timestamp=7686 ms, used_size=7550976 bytes (18.4%)
(RDMA_READ_CONSUME_CHECK_CONSUMER) timestamp=7686 ms, used_size=7548928 bytes (18.4%)
(RDMA_READ_CONSUME_CHECK_CONSUMER) timestamp=7686 ms, used_size=7546880 bytes (18.4%)
(RDMA_READ_CONSUME_CHECK_CONSUMER) timestamp=7686 ms, used_size=7544832 bytes (18.4%)
(RDMA_READ_CONSUME_CHECK_CONSUMER) timestamp=7686 ms, used_size=7542784 bytes (18.4%)
(RDMA_READ_CONSUME_CHECK_CONSUMER) timestamp=7686 ms, used_size=7540736 bytes (18.4%)
(RDMA_READ_CONSUME_CHECK_CONSUMER) timestamp=7686 ms, used_size=7538688 bytes (18.4%)
(RDMA_READ_CONSUME_CHECK_CONSUMER) timestamp=7687 ms, used_size=7536640 bytes (18.4%)
(RDMA_READ_CONSUME_CHECK_CONSUMER) timestamp=7687 ms, used_size=7534592 bytes (18.4%)
(RDMA_READ_CONSUME_CHECK_CONSUMER) timestamp=7687 ms, used_size=7532544 bytes (18.4%)
(RDMA_READ_CONSUME_CHECK_CONSUMER) timestamp=7687 ms, used_size=7530496 bytes (18.4%)
(RDMA_READ_CONSUME_CHECK_CONSUMER) timestamp=7687 ms, used_size=7528448 bytes (18.4%)
(RDMA_READ_CONSUME_CHECK_CONSUMER) timestamp=7687 ms, used_size=7526400 bytes (18.4%)
(RDMA_READ_CONSUME_CHECK_CONSUMER) timestamp=7687 ms, used_size=7524352 bytes (18.4%)
(RDMA_READ_CONSUME_CHECK_CONSUMER) timestamp=7687 ms, used_size=7522304 bytes (18.4%)
(RDMA_READ_CONSUME_CHECK_CONSUMER) timestamp=7687 ms, used_size=7520256 bytes (18.4%)
(RDMA_READ_CONSUME_CHECK_CONSUMER) timestamp=7687 ms, used_size=7518208 bytes (18.4%)
(RDMA_READ_CONSUME_CHECK_CONSUMER) timestamp=7687 ms, used_size=7516160 bytes (18.4%)
(RDMA_READ_CONSUME_CHECK_CONSUMER) timestamp=7687 ms, used_size=7514112 bytes (18.3%)
(RDMA_READ_CONSUME_CHECK_CONSUMER) timestamp=7687 ms, used_size=7512064 bytes (18.3%)
(RDMA_READ_CONSUME_CHECK_CONSUMER) timestamp=7687 ms, used_size=7510016 bytes (18.3%)
(RDMA_READ_CONSUME_CHECK_CONSUMER) timestamp=7687 ms, used_size=7507968 bytes (18.3%)
(RDMA_READ_CONSUME_CHECK_CONSUMER) timestamp=7687 ms, used_size=7505920 bytes (18.3%)
(RDMA_READ_CONSUME_CHECK_CONSUMER) timestamp=7687 ms, used_size=7503872 bytes (18.3%)
(RDMA_READ_CONSUME_CHECK_CONSUMER) timestamp=7687 ms, used_size=7501824 bytes (18.3%)
(RDMA_READ_CONSUME_CHECK_CONSUMER) timestamp=7687 ms, used_size=7499776 bytes (18.3%)
(RDMA_READ_CONSUME_CHECK_CONSUMER) timestamp=7687 ms, used_size=7497728 bytes (18.3%)
(RDMA_READ_CONSUME_CHECK_CONSUMER) timestamp=7687 ms, used_size=7495680 bytes (18.3%)
(RDMA_READ_CONSUME_CHECK_CONSUMER) timestamp=7687 ms, used_size=7493632 bytes (18.3%)
(RDMA_READ_CONSUME_CHECK_CONSUMER) timestamp=7687 ms, used_size=7491584 bytes (18.3%)
(RDMA_READ_CONSUME_CHECK_CONSUMER) timestamp=7687 ms, used_size=7489536 bytes (18.3%)
(RDMA_READ_CONSUME_CHECK_CONSUMER) timestamp=7687 ms, used_size=7487488 bytes (18.3%)
(RDMA_READ_CONSUME_CHECK_CONSUMER) timestamp=7687 ms, used_size=7485440 bytes (18.3%)
(RDMA_READ_CONSUME_CHECK_CONSUMER) timestamp=7687 ms, used_size=7483392 bytes (18.3%)
(RDMA_READ_CONSUME_CHECK_CONSUMER) timestamp=7687 ms, used_size=7481344 bytes (18.3%)
(RDMA_READ_CONSUME_CHECK_CONSUMER) timestamp=7687 ms, used_size=7479296 bytes (18.3%)
(RDMA_READ_CONSUME_CHECK_CONSUMER) timestamp=7687 ms, used_size=7477248 bytes (18.3%)
(RDMA_READ_CONSUME_CHECK_CONSUMER) timestamp=7687 ms, used_size=7475200 bytes (18.2%)
(RDMA_READ_CONSUME_CHECK_CONSUMER) timestamp=7687 ms, used_size=7473152 bytes (18.2%)
(RDMA_READ_CONSUME_CHECK_CONSUMER) timestamp=7687 ms, used_size=7471104 bytes (18.2%)
(RDMA_READ_CONSUME_CHECK_CONSUMER) timestamp=7687 ms, used_size=7469056 bytes (18.2%)
(RDMA_READ_CONSUME_CHECK_CONSUMER) timestamp=7687 ms, used_size=7467008 bytes (18.2%)
(RDMA_READ_CONSUME_CHECK_CONSUMER) timestamp=7687 ms, used_size=7464960 bytes (18.2%)
(RDMA_READ_CONSUME_CHECK_CONSUMER) timestamp=7687 ms, used_size=7462912 bytes (18.2%)
(RDMA_READ_CONSUME_CHECK_CONSUMER) timestamp=7687 ms, used_size=7460864 bytes (18.2%)
(RDMA_READ_CONSUME_CHECK_CONSUMER) timestamp=7687 ms, used_size=7458816 bytes (18.2%)
(RDMA_READ_CONSUME_CHECK_CONSUMER) timestamp=7687 ms, used_size=7456768 bytes (18.2%)
(RDMA_READ_CONSUME_CHECK_CONSUMER) timestamp=7687 ms, used_size=7454720 bytes (18.2%)
(RDMA_READ_CONSUME_CHECK_CONSUMER) timestamp=7687 ms, used_size=7452672 bytes (18.2%)
(RDMA_READ_CONSUME_CHECK_CONSUMER) timestamp=7687 ms, used_size=7450624 bytes (18.2%)
(RDMA_READ_CONSUME_CHECK_CONSUMER) timestamp=7687 ms, used_size=7448576 bytes (18.2%)
(RDMA_READ_CONSUME_CHECK_CONSUMER) timestamp=7687 ms, used_size=7446528 bytes (18.2%)
(RDMA_READ_CONSUME_CHECK_CONSUMER) timestamp=7687 ms, used_size=7444480 bytes (18.2%)
(RDMA_READ_CONSUME_CHECK_CONSUMER) timestamp=7687 ms, used_size=7442432 bytes (18.2%)
(RDMA_READ_CONSUME_CHECK_CONSUMER) timestamp=7687 ms, used_size=7440384 bytes (18.2%)
(RDMA_READ_CONSUME_CHECK_CONSUMER) timestamp=7687 ms, used_size=7438336 bytes (18.2%)
(RDMA_READ_CONSUME_CHECK_CONSUMER) timestamp=7687 ms, used_size=7436288 bytes (18.2%)
(RDMA_READ_CONSUME_CHECK_CONSUMER) timestamp=7687 ms, used_size=7434240 bytes (18.1%)
(RDMA_READ_CONSUME_CHECK_CONSUMER) timestamp=7687 ms, used_size=7432192 bytes (18.1%)
(RDMA_READ_CONSUME_CHECK_CONSUMER) timestamp=7687 ms, used_size=7430144 bytes (18.1%)
(RDMA_READ_CONSUME_CHECK_CONSUMER) timestamp=7687 ms, used_size=7428096 bytes (18.1%)
(RDMA_READ_CONSUME_CHECK_CONSUMER) timestamp=7687 ms, used_size=7426048 bytes (18.1%)
(RDMA_READ_CONSUME_CHECK_CONSUMER) timestamp=7687 ms, used_size=7424000 bytes (18.1%)
(RDMA_READ_CONSUME_CHECK_CONSUMER) timestamp=7687 ms, used_size=7421952 bytes (18.1%)
(RDMA_READ_CONSUME_CHECK_CONSUMER) timestamp=7687 ms, used_size=7419904 bytes (18.1%)
(RDMA_READ_CONSUME_CHECK_CONSUMER) timestamp=7687 ms, used_size=7417856 bytes (18.1%)
(RDMA_READ_CONSUME_CHECK_CONSUMER) timestamp=7687 ms, used_size=7415808 bytes (18.1%)
(RDMA_READ_CONSUME_CHECK_CONSUMER) timestamp=7687 ms, used_size=7413760 bytes (18.1%)
(RDMA_READ_CONSUME_CHECK_CONSUMER) timestamp=7687 ms, used_size=7411712 bytes (18.1%)
(RDMA_READ_CONSUME_CHECK_CONSUMER) timestamp=7687 ms, used_size=7409664 bytes (18.1%)
(RDMA_READ_CONSUME_CHECK_CONSUMER) timestamp=7687 ms, used_size=7407616 bytes (18.1%)
(RDMA_READ_CONSUME_CHECK_CONSUMER) timestamp=7687 ms, used_size=7405568 bytes (18.1%)
(RDMA_READ_CONSUME_CHECK_CONSUMER) timestamp=7687 ms, used_size=7403520 bytes (18.1%)
(RDMA_READ_CONSUME_CHECK_CONSUMER) timestamp=7687 ms, used_size=7401472 bytes (18.1%)
(RDMA_READ_CONSUME_CHECK_CONSUMER) timestamp=7687 ms, used_size=7399424 bytes (18.1%)
(RDMA_READ_CONSUME_CHECK_CONSUMER) timestamp=7687 ms, used_size=7397376 bytes (18.1%)
(RDMA_READ_CONSUME_CHECK_CONSUMER) timestamp=7687 ms, used_size=7395328 bytes (18.1%)
(RDMA_READ_CONSUME_CHECK_CONSUMER) timestamp=7687 ms, used_size=7393280 bytes (18.1%)
(RDMA_READ_CONSUME_CHECK_CONSUMER) timestamp=7687 ms, used_size=7391232 bytes (18.0%)
(RDMA_READ_CONSUME_CHECK_CONSUMER) timestamp=7687 ms, used_size=7389184 bytes (18.0%)
(RDMA_READ_CONSUME_CHECK_CONSUMER) timestamp=7687 ms, used_size=7387136 bytes (18.0%)
(RDMA_READ_CONSUME_CHECK_CONSUMER) timestamp=7687 ms, used_size=7385088 bytes (18.0%)
(RDMA_READ_CONSUME_CHECK_CONSUMER) timestamp=7687 ms, used_size=7383040 bytes (18.0%)
(RDMA_READ_CONSUME_CHECK_CONSUMER) timestamp=7687 ms, used_size=7380992 bytes (18.0%)
(RDMA_READ_CONSUME_CHECK_CONSUMER) timestamp=7687 ms, used_size=7378944 bytes (18.0%)
(RDMA_READ_CONSUME_CHECK_CONSUMER) timestamp=7687 ms, used_size=7376896 bytes (18.0%)
(RDMA_READ_CONSUME_CHECK_CONSUMER) timestamp=7687 ms, used_size=7374848 bytes (18.0%)
(RDMA_READ_CONSUME_CHECK_CONSUMER) timestamp=7687 ms, used_size=7372800 bytes (18.0%)
(RDMA_READ_CONSUME_CHECK_CONSUMER) timestamp=7687 ms, used_size=7370752 bytes (18.0%)
(RDMA_READ_CONSUME_CHECK_CONSUMER) timestamp=7687 ms, used_size=7368704 bytes (18.0%)
(RDMA_READ_CONSUME_CHECK_CONSUMER) timestamp=7687 ms, used_size=7366656 bytes (18.0%)
(RDMA_READ_CONSUME_CHECK_CONSUMER) timestamp=7687 ms, used_size=7364608 bytes (18.0%)
(RDMA_READ_CONSUME_CHECK_CONSUMER) timestamp=7687 ms, used_size=7362560 bytes (18.0%)
(RDMA_READ_CONSUME_CHECK_CONSUMER) timestamp=7687 ms, used_size=7360512 bytes (18.0%)
(RDMA_READ_CONSUME_CHECK_CONSUMER) timestamp=7687 ms, used_size=7358464 bytes (18.0%)
(RDMA_READ_CONSUME_CHECK_CONSUMER) timestamp=7687 ms, used_size=7356416 bytes (18.0%)
(RDMA_READ_CONSUME_CHECK_CONSUMER) timestamp=7687 ms, used_size=7354368 bytes (18.0%)
(RDMA_READ_CONSUME_CHECK_CONSUMER) timestamp=7687 ms, used_size=7352320 bytes (17.9%)
(RDMA_READ_CONSUME_CHECK_CONSUMER) timestamp=7687 ms, used_size=7350272 bytes (17.9%)
(RDMA_READ_CONSUME_CHECK_CONSUMER) timestamp=7687 ms, used_size=7348224 bytes (17.9%)
(RDMA_READ_CONSUME_CHECK_CONSUMER) timestamp=7687 ms, used_size=7346176 bytes (17.9%)
(RDMA_READ_CONSUME_CHECK_CONSUMER) timestamp=7687 ms, used_size=7344128 bytes (17.9%)
(RDMA_READ_CONSUME_CHECK_CONSUMER) timestamp=7687 ms, used_size=7342080 bytes (17.9%)
(RDMA_READ_CONSUME_CHECK_CONSUMER) timestamp=7687 ms, used_size=7340032 bytes (17.9%)
(RDMA_READ_CONSUME_CHECK_CONSUMER) timestamp=7687 ms, used_size=7337984 bytes (17.9%)
(RDMA_READ_CONSUME_CHECK_CONSUMER) timestamp=7687 ms, used_size=7335936 bytes (17.9%)
(RDMA_READ_CONSUME_CHECK_CONSUMER) timestamp=7687 ms, used_size=7333888 bytes (17.9%)
(RDMA_READ_CONSUME_CHECK_CONSUMER) timestamp=7687 ms, used_size=7331840 bytes (17.9%)
(RDMA_READ_CONSUME_CHECK_CONSUMER) timestamp=7687 ms, used_size=7329792 bytes (17.9%)
(RDMA_READ_CONSUME_CHECK_CONSUMER) timestamp=7687 ms, used_size=7327744 bytes (17.9%)
(RDMA_READ_CONSUME_CHECK_CONSUMER) timestamp=7687 ms, used_size=7325696 bytes (17.9%)
(RDMA_READ_CONSUME_CHECK_CONSUMER) timestamp=7687 ms, used_size=7323648 bytes (17.9%)
(RDMA_READ_CONSUME_CHECK_CONSUMER) timestamp=7687 ms, used_size=7321600 bytes (17.9%)
(RDMA_READ_CONSUME_CHECK_CONSUMER) timestamp=7687 ms, used_size=7319552 bytes (17.9%)
(RDMA_READ_CONSUME_CHECK_CONSUMER) timestamp=7687 ms, used_size=7317504 bytes (17.9%)
(RDMA_READ_CONSUME_CHECK_CONSUMER) timestamp=7687 ms, used_size=7315456 bytes (17.9%)
(RDMA_READ_CONSUME_CHECK_CONSUMER) timestamp=7687 ms, used_size=7313408 bytes (17.9%)
(RDMA_READ_CONSUME_CHECK_CONSUMER) timestamp=7687 ms, used_size=7311360 bytes (17.9%)
(RDMA_READ_CONSUME_CHECK_CONSUMER) timestamp=7687 ms, used_size=7309312 bytes (17.8%)
(RDMA_READ_CONSUME_CHECK_CONSUMER) timestamp=7687 ms, used_size=7307264 bytes (17.8%)
(RDMA_READ_CONSUME_CHECK_CONSUMER) timestamp=7687 ms, used_size=7305216 bytes (17.8%)
(RDMA_READ_CONSUME_CHECK_CONSUMER) timestamp=7687 ms, used_size=7303168 bytes (17.8%)
(RDMA_READ_CONSUME_CHECK_CONSUMER) timestamp=7687 ms, used_size=7301120 bytes (17.8%)
(RDMA_READ_CONSUME_CHECK_CONSUMER) timestamp=7687 ms, used_size=7299072 bytes (17.8%)
(RDMA_READ_CONSUME_CHECK_CONSUMER) timestamp=7687 ms, used_size=7297024 bytes (17.8%)
(RDMA_READ_CONSUME_CHECK_CONSUMER) timestamp=7687 ms, used_size=7294976 bytes (17.8%)
(RDMA_READ_CONSUME_CHECK_CONSUMER) timestamp=7687 ms, used_size=7292928 bytes (17.8%)
(RDMA_READ_CONSUME_CHECK_CONSUMER) timestamp=7687 ms, used_size=7290880 bytes (17.8%)
(RDMA_READ_CONSUME_CHECK_CONSUMER) timestamp=7687 ms, used_size=7288832 bytes (17.8%)
(RDMA_READ_CONSUME_CHECK_CONSUMER) timestamp=7687 ms, used_size=7286784 bytes (17.8%)
(RDMA_READ_CONSUME_CHECK_CONSUMER) timestamp=7687 ms, used_size=7284736 bytes (17.8%)
(RDMA_READ_CONSUME_CHECK_CONSUMER) timestamp=7687 ms, used_size=7282688 bytes (17.8%)
(RDMA_READ_CONSUME_CHECK_CONSUMER) timestamp=7687 ms, used_size=7280640 bytes (17.8%)
(RDMA_READ_CONSUME_CHECK_CONSUMER) timestamp=7687 ms, used_size=7278592 bytes (17.8%)
(RDMA_READ_CONSUME_CHECK_CONSUMER) timestamp=7687 ms, used_size=7276544 bytes (17.8%)
(RDMA_READ_CONSUME_CHECK_CONSUMER) timestamp=7687 ms, used_size=7274496 bytes (17.8%)
(RDMA_READ_CONSUME_CHECK_CONSUMER) timestamp=7687 ms, used_size=7272448 bytes (17.8%)
(RDMA_READ_CONSUME_CHECK_CONSUMER) timestamp=7687 ms, used_size=7270400 bytes (17.8%)
(RDMA_READ_CONSUME_CHECK_CONSUMER) timestamp=7687 ms, used_size=7268352 bytes (17.7%)
(RDMA_READ_CONSUME_CHECK_CONSUMER) timestamp=7687 ms, used_size=7266304 bytes (17.7%)
(RDMA_READ_CONSUME_CHECK_CONSUMER) timestamp=7687 ms, used_size=7264256 bytes (17.7%)
(RDMA_READ_CONSUME_CHECK_CONSUMER) timestamp=7687 ms, used_size=7262208 bytes (17.7%)
(RDMA_READ_CONSUME_CHECK_CONSUMER) timestamp=7687 ms, used_size=7260160 bytes (17.7%)
(RDMA_READ_CONSUME_CHECK_CONSUMER) timestamp=7687 ms, used_size=7258112 bytes (17.7%)
(RDMA_READ_CONSUME_CHECK_CONSUMER) timestamp=7687 ms, used_size=7256064 bytes (17.7%)
(RDMA_READ_CONSUME_CHECK_CONSUMER) timestamp=7687 ms, used_size=7254016 bytes (17.7%)
(RDMA_READ_CONSUME_CHECK_CONSUMER) timestamp=7687 ms, used_size=7251968 bytes (17.7%)
(RDMA_READ_CONSUME_CHECK_CONSUMER) timestamp=7687 ms, used_size=7249920 bytes (17.7%)
(RDMA_READ_CONSUME_CHECK_CONSUMER) timestamp=7687 ms, used_size=7247872 bytes (17.7%)
(RDMA_READ_CONSUME_CHECK_CONSUMER) timestamp=7687 ms, used_size=7245824 bytes (17.7%)
(RDMA_READ_CONSUME_CHECK_CONSUMER) timestamp=7687 ms, used_size=7243776 bytes (17.7%)
(RDMA_READ_CONSUME_CHECK_CONSUMER) timestamp=7687 ms, used_size=7241728 bytes (17.7%)
(RDMA_READ_CONSUME_CHECK_CONSUMER) timestamp=7687 ms, used_size=7239680 bytes (17.7%)
(RDMA_READ_CONSUME_CHECK_CONSUMER) timestamp=7687 ms, used_size=7237632 bytes (17.7%)
(RDMA_READ_CONSUME_CHECK_CONSUMER) timestamp=7687 ms, used_size=7235584 bytes (17.7%)
(RDMA_READ_CONSUME_CHECK_CONSUMER) timestamp=7687 ms, used_size=7233536 bytes (17.7%)
(RDMA_READ_CONSUME_CHECK_CONSUMER) timestamp=7687 ms, used_size=7231488 bytes (17.7%)
(RDMA_READ_CONSUME_CHECK_CONSUMER) timestamp=7687 ms, used_size=7229440 bytes (17.6%)
(RDMA_READ_CONSUME_CHECK_CONSUMER) timestamp=7687 ms, used_size=7227392 bytes (17.6%)
(RDMA_READ_CONSUME_CHECK_CONSUMER) timestamp=7687 ms, used_size=7225344 bytes (17.6%)
(RDMA_READ_CONSUME_CHECK_CONSUMER) timestamp=7687 ms, used_size=7223296 bytes (17.6%)
(RDMA_READ_CONSUME_CHECK_CONSUMER) timestamp=7687 ms, used_size=7221248 bytes (17.6%)
(RDMA_READ_CONSUME_CHECK_CONSUMER) timestamp=7687 ms, used_size=7219200 bytes (17.6%)
(RDMA_READ_CONSUME_CHECK_CONSUMER) timestamp=7687 ms, used_size=7217152 bytes (17.6%)
(RDMA_READ_CONSUME_CHECK_CONSUMER) timestamp=7687 ms, used_size=7215104 bytes (17.6%)
(RDMA_READ_CONSUME_CHECK_CONSUMER) timestamp=7687 ms, used_size=7213056 bytes (17.6%)
(RDMA_READ_CONSUME_CHECK_CONSUMER) timestamp=7687 ms, used_size=7211008 bytes (17.6%)
(RDMA_READ_CONSUME_CHECK_CONSUMER) timestamp=7687 ms, used_size=7208960 bytes (17.6%)
(RDMA_READ_CONSUME_CHECK_CONSUMER) timestamp=7687 ms, used_size=7206912 bytes (17.6%)
(RDMA_READ_CONSUME_CHECK_CONSUMER) timestamp=7687 ms, used_size=7204864 bytes (17.6%)
(RDMA_READ_CONSUME_CHECK_CONSUMER) timestamp=7687 ms, used_size=7202816 bytes (17.6%)
(RDMA_READ_CONSUME_CHECK_CONSUMER) timestamp=7687 ms, used_size=7200768 bytes (17.6%)
(RDMA_READ_CONSUME_CHECK_CONSUMER) timestamp=7687 ms, used_size=7198720 bytes (17.6%)
(RDMA_READ_CONSUME_CHECK_CONSUMER) timestamp=7687 ms, used_size=7196672 bytes (17.6%)
(RDMA_READ_CONSUME_CHECK_CONSUMER) timestamp=7687 ms, used_size=7194624 bytes (17.6%)
(RDMA_READ_CONSUME_CHECK_CONSUMER) timestamp=7687 ms, used_size=7192576 bytes (17.6%)
(RDMA_READ_CONSUME_CHECK_CONSUMER) timestamp=7687 ms, used_size=7190528 bytes (17.6%)
(RDMA_READ_CONSUME_CHECK_CONSUMER) timestamp=7687 ms, used_size=7188480 bytes (17.6%)
(RDMA_READ_CONSUME_CHECK_CONSUMER) timestamp=7687 ms, used_size=7186432 bytes (17.5%)
(RDMA_READ_CONSUME_CHECK_CONSUMER) timestamp=7687 ms, used_size=7184384 bytes (17.5%)
(RDMA_READ_CONSUME_CHECK_CONSUMER) timestamp=7687 ms, used_size=7182336 bytes (17.5%)
(RDMA_READ_CONSUME_CHECK_CONSUMER) timestamp=7687 ms, used_size=7180288 bytes (17.5%)
(RDMA_READ_CONSUME_CHECK_CONSUMER) timestamp=7687 ms, used_size=7178240 bytes (17.5%)
(RDMA_READ_CONSUME_CHECK_CONSUMER) timestamp=7687 ms, used_size=7176192 bytes (17.5%)
(RDMA_READ_CONSUME_CHECK_CONSUMER) timestamp=7688 ms, used_size=7174144 bytes (17.5%)
(RDMA_READ_CONSUME_CHECK_CONSUMER) timestamp=7688 ms, used_size=7172096 bytes (17.5%)
(RDMA_READ_CONSUME_CHECK_CONSUMER) timestamp=7688 ms, used_size=7170048 bytes (17.5%)
(RDMA_READ_CONSUME_CHECK_CONSUMER) timestamp=7688 ms, used_size=7168000 bytes (17.5%)
(RDMA_READ_CONSUME_CHECK_CONSUMER) timestamp=7688 ms, used_size=7165952 bytes (17.5%)
(RDMA_READ_CONSUME_CHECK_CONSUMER) timestamp=7688 ms, used_size=7163904 bytes (17.5%)
(RDMA_READ_CONSUME_CHECK_CONSUMER) timestamp=7688 ms, used_size=7161856 bytes (17.5%)
(RDMA_READ_CONSUME_CHECK_CONSUMER) timestamp=7688 ms, used_size=7159808 bytes (17.5%)
(RDMA_READ_CONSUME_CHECK_CONSUMER) timestamp=7688 ms, used_size=7157760 bytes (17.5%)
(RDMA_READ_CONSUME_CHECK_CONSUMER) timestamp=7688 ms, used_size=7155712 bytes (17.5%)
(RDMA_READ_CONSUME_CHECK_CONSUMER) timestamp=7688 ms, used_size=7153664 bytes (17.5%)
(RDMA_READ_CONSUME_CHECK_CONSUMER) timestamp=7688 ms, used_size=7151616 bytes (17.5%)
(RDMA_READ_CONSUME_CHECK_CONSUMER) timestamp=7688 ms, used_size=7149568 bytes (17.5%)
(RDMA_READ_CONSUME_CHECK_CONSUMER) timestamp=7688 ms, used_size=7147520 bytes (17.4%)
(RDMA_READ_CONSUME_CHECK_CONSUMER) timestamp=7688 ms, used_size=7145472 bytes (17.4%)
(RDMA_READ_CONSUME_CHECK_CONSUMER) timestamp=7688 ms, used_size=7143424 bytes (17.4%)
(RDMA_READ_CONSUME_CHECK_CONSUMER) timestamp=7688 ms, used_size=7141376 bytes (17.4%)
(RDMA_READ_CONSUME_CHECK_CONSUMER) timestamp=7688 ms, used_size=7139328 bytes (17.4%)
(RDMA_READ_CONSUME_CHECK_CONSUMER) timestamp=7688 ms, used_size=7137280 bytes (17.4%)
(RDMA_READ_CONSUME_CHECK_CONSUMER) timestamp=7688 ms, used_size=7135232 bytes (17.4%)
(RDMA_READ_CONSUME_CHECK_CONSUMER) timestamp=7688 ms, used_size=7133184 bytes (17.4%)
(RDMA_READ_CONSUME_CHECK_CONSUMER) timestamp=7688 ms, used_size=7131136 bytes (17.4%)
(RDMA_READ_CONSUME_CHECK_CONSUMER) timestamp=7688 ms, used_size=7129088 bytes (17.4%)
(RDMA_READ_CONSUME_CHECK_CONSUMER) timestamp=7688 ms, used_size=7127040 bytes (17.4%)
(RDMA_READ_CONSUME_CHECK_CONSUMER) timestamp=7688 ms, used_size=7124992 bytes (17.4%)
(RDMA_READ_CONSUME_CHECK_CONSUMER) timestamp=7688 ms, used_size=7122944 bytes (17.4%)
(RDMA_READ_CONSUME_CHECK_CONSUMER) timestamp=7688 ms, used_size=7120896 bytes (17.4%)
(RDMA_READ_CONSUME_CHECK_CONSUMER) timestamp=7688 ms, used_size=7118848 bytes (17.4%)
(RDMA_READ_CONSUME_CHECK_CONSUMER) timestamp=7688 ms, used_size=7116800 bytes (17.4%)
(RDMA_READ_CONSUME_CHECK_CONSUMER) timestamp=7688 ms, used_size=7114752 bytes (17.4%)
(RDMA_READ_CONSUME_CHECK_CONSUMER) timestamp=7688 ms, used_size=7112704 bytes (17.4%)
(RDMA_READ_CONSUME_CHECK_CONSUMER) timestamp=7688 ms, used_size=7110656 bytes (17.4%)
(RDMA_READ_CONSUME_CHECK_CONSUMER) timestamp=7688 ms, used_size=7108608 bytes (17.4%)
(RDMA_READ_CONSUME_CHECK_CONSUMER) timestamp=7688 ms, used_size=7106560 bytes (17.4%)
(RDMA_READ_CONSUME_CHECK_CONSUMER) timestamp=7688 ms, used_size=7104512 bytes (17.3%)
(RDMA_READ_CONSUME_CHECK_CONSUMER) timestamp=7688 ms, used_size=7102464 bytes (17.3%)
(RDMA_READ_CONSUME_CHECK_CONSUMER) timestamp=7688 ms, used_size=7100416 bytes (17.3%)
(RDMA_READ_CONSUME_CHECK_CONSUMER) timestamp=7688 ms, used_size=7098368 bytes (17.3%)
(RDMA_READ_CONSUME_CHECK_CONSUMER) timestamp=7688 ms, used_size=7096320 bytes (17.3%)
(RDMA_READ_CONSUME_CHECK_CONSUMER) timestamp=7688 ms, used_size=7094272 bytes (17.3%)
(RDMA_READ_CONSUME_CHECK_CONSUMER) timestamp=7688 ms, used_size=7092224 bytes (17.3%)
(RDMA_READ_CONSUME_CHECK_CONSUMER) timestamp=7688 ms, used_size=7090176 bytes (17.3%)
(RDMA_READ_CONSUME_CHECK_CONSUMER) timestamp=7688 ms, used_size=7088128 bytes (17.3%)
(RDMA_READ_CONSUME_CHECK_CONSUMER) timestamp=7688 ms, used_size=7086080 bytes (17.3%)
(RDMA_READ_CONSUME_CHECK_CONSUMER) timestamp=7688 ms, used_size=7084032 bytes (17.3%)
(RDMA_READ_CONSUME_CHECK_CONSUMER) timestamp=7688 ms, used_size=7081984 bytes (17.3%)
(RDMA_READ_CONSUME_CHECK_CONSUMER) timestamp=7688 ms, used_size=7079936 bytes (17.3%)
(RDMA_READ_CONSUME_CHECK_CONSUMER) timestamp=7688 ms, used_size=7077888 bytes (17.3%)
(RDMA_READ_CONSUME_CHECK_CONSUMER) timestamp=7688 ms, used_size=7075840 bytes (17.3%)
(RDMA_READ_CONSUME_CHECK_CONSUMER) timestamp=7688 ms, used_size=7073792 bytes (17.3%)
(RDMA_READ_CONSUME_CHECK_CONSUMER) timestamp=7688 ms, used_size=7071744 bytes (17.3%)
(RDMA_READ_CONSUME_CHECK_CONSUMER) timestamp=7688 ms, used_size=7069696 bytes (17.3%)
(RDMA_READ_CONSUME_CHECK_CONSUMER) timestamp=7688 ms, used_size=7067648 bytes (17.3%)
(RDMA_READ_CONSUME_CHECK_CONSUMER) timestamp=7688 ms, used_size=7065600 bytes (17.2%)
(RDMA_READ_CONSUME_CHECK_CONSUMER) timestamp=7688 ms, used_size=7063552 bytes (17.2%)
(RDMA_READ_CONSUME_CHECK_CONSUMER) timestamp=7688 ms, used_size=7061504 bytes (17.2%)
(RDMA_READ_CONSUME_CHECK_CONSUMER) timestamp=7688 ms, used_size=7059456 bytes (17.2%)
(RDMA_READ_CONSUME_CHECK_CONSUMER) timestamp=7688 ms, used_size=7057408 bytes (17.2%)
(RDMA_READ_CONSUME_CHECK_CONSUMER) timestamp=7688 ms, used_size=7055360 bytes (17.2%)
(RDMA_READ_CONSUME_CHECK_CONSUMER) timestamp=7688 ms, used_size=7053312 bytes (17.2%)
(RDMA_READ_CONSUME_CHECK_CONSUMER) timestamp=7688 ms, used_size=7051264 bytes (17.2%)
(RDMA_READ_CONSUME_CHECK_CONSUMER) timestamp=7688 ms, used_size=7049216 bytes (17.2%)
(RDMA_READ_CONSUME_CHECK_CONSUMER) timestamp=7688 ms, used_size=7047168 bytes (17.2%)
(RDMA_READ_CONSUME_CHECK_CONSUMER) timestamp=7688 ms, used_size=7045120 bytes (17.2%)
(RDMA_READ_CONSUME_CHECK_CONSUMER) timestamp=7688 ms, used_size=7043072 bytes (17.2%)
(RDMA_READ_CONSUME_CHECK_CONSUMER) timestamp=7688 ms, used_size=7041024 bytes (17.2%)
(RDMA_READ_CONSUME_CHECK_CONSUMER) timestamp=7688 ms, used_size=7038976 bytes (17.2%)
(RDMA_READ_CONSUME_CHECK_CONSUMER) timestamp=7688 ms, used_size=7036928 bytes (17.2%)
(RDMA_READ_CONSUME_CHECK_CONSUMER) timestamp=7688 ms, used_size=7034880 bytes (17.2%)
(RDMA_READ_CONSUME_CHECK_CONSUMER) timestamp=7688 ms, used_size=7032832 bytes (17.2%)
(RDMA_READ_CONSUME_CHECK_CONSUMER) timestamp=7688 ms, used_size=7030784 bytes (17.2%)
(RDMA_READ_CONSUME_CHECK_CONSUMER) timestamp=7688 ms, used_size=7028736 bytes (17.2%)
(RDMA_READ_CONSUME_CHECK_CONSUMER) timestamp=7688 ms, used_size=7026688 bytes (17.2%)
(RDMA_READ_CONSUME_CHECK_CONSUMER) timestamp=7688 ms, used_size=7024640 bytes (17.1%)
(RDMA_READ_CONSUME_CHECK_CONSUMER) timestamp=7688 ms, used_size=7022592 bytes (17.1%)
(RDMA_READ_CONSUME_CHECK_CONSUMER) timestamp=7688 ms, used_size=7020544 bytes (17.1%)
(RDMA_READ_CONSUME_CHECK_CONSUMER) timestamp=7688 ms, used_size=7018496 bytes (17.1%)
(RDMA_READ_CONSUME_CHECK_CONSUMER) timestamp=7688 ms, used_size=7016448 bytes (17.1%)
(RDMA_READ_CONSUME_CHECK_CONSUMER) timestamp=7688 ms, used_size=7014400 bytes (17.1%)
(RDMA_READ_CONSUME_CHECK_CONSUMER) timestamp=7688 ms, used_size=7012352 bytes (17.1%)
(RDMA_READ_CONSUME_CHECK_CONSUMER) timestamp=7688 ms, used_size=7010304 bytes (17.1%)
(RDMA_READ_CONSUME_CHECK_CONSUMER) timestamp=7688 ms, used_size=7008256 bytes (17.1%)
(RDMA_READ_CONSUME_CHECK_CONSUMER) timestamp=7688 ms, used_size=7006208 bytes (17.1%)
(RDMA_READ_CONSUME_CHECK_CONSUMER) timestamp=7688 ms, used_size=7004160 bytes (17.1%)
(RDMA_READ_CONSUME_CHECK_CONSUMER) timestamp=7688 ms, used_size=7002112 bytes (17.1%)
(RDMA_READ_CONSUME_CHECK_CONSUMER) timestamp=7688 ms, used_size=7000064 bytes (17.1%)
(RDMA_READ_CONSUME_CHECK_CONSUMER) timestamp=7688 ms, used_size=6998016 bytes (17.1%)
(RDMA_READ_CONSUME_CHECK_CONSUMER) timestamp=7688 ms, used_size=6995968 bytes (17.1%)
(RDMA_READ_CONSUME_CHECK_CONSUMER) timestamp=7688 ms, used_size=6993920 bytes (17.1%)
(RDMA_READ_CONSUME_CHECK_CONSUMER) timestamp=7688 ms, used_size=6991872 bytes (17.1%)
(RDMA_READ_CONSUME_CHECK_CONSUMER) timestamp=7688 ms, used_size=6989824 bytes (17.1%)
(RDMA_READ_CONSUME_CHECK_CONSUMER) timestamp=7688 ms, used_size=6987776 bytes (17.1%)
(RDMA_READ_CONSUME_CHECK_CONSUMER) timestamp=7688 ms, used_size=6985728 bytes (17.1%)
(RDMA_READ_CONSUME_CHECK_CONSUMER) timestamp=7688 ms, used_size=6983680 bytes (17.1%)
(RDMA_READ_CONSUME_CHECK_CONSUMER) timestamp=7688 ms, used_size=6981632 bytes (17.0%)
(RDMA_READ_CONSUME_CHECK_CONSUMER) timestamp=7688 ms, used_size=6979584 bytes (17.0%)
(RDMA_READ_CONSUME_CHECK_CONSUMER) timestamp=7688 ms, used_size=6977536 bytes (17.0%)
(RDMA_READ_CONSUME_CHECK_CONSUMER) timestamp=7688 ms, used_size=6975488 bytes (17.0%)
(RDMA_READ_CONSUME_CHECK_CONSUMER) timestamp=7688 ms, used_size=6973440 bytes (17.0%)
(RDMA_READ_CONSUME_CHECK_CONSUMER) timestamp=7688 ms, used_size=6971392 bytes (17.0%)
(RDMA_READ_CONSUME_CHECK_CONSUMER) timestamp=7688 ms, used_size=6969344 bytes (17.0%)
(RDMA_READ_CONSUME_CHECK_CONSUMER) timestamp=7688 ms, used_size=6967296 bytes (17.0%)
(RDMA_READ_CONSUME_CHECK_CONSUMER) timestamp=7688 ms, used_size=6965248 bytes (17.0%)
(RDMA_READ_CONSUME_CHECK_CONSUMER) timestamp=7688 ms, used_size=6963200 bytes (17.0%)
(RDMA_READ_CONSUME_CHECK_CONSUMER) timestamp=7688 ms, used_size=6961152 bytes (17.0%)
(RDMA_READ_CONSUME_CHECK_CONSUMER) timestamp=7688 ms, used_size=6959104 bytes (17.0%)
(RDMA_READ_CONSUME_CHECK_CONSUMER) timestamp=7688 ms, used_size=6957056 bytes (17.0%)
(RDMA_READ_CONSUME_CHECK_CONSUMER) timestamp=7688 ms, used_size=6955008 bytes (17.0%)
(RDMA_READ_CONSUME_CHECK_CONSUMER) timestamp=7688 ms, used_size=6952960 bytes (17.0%)
(RDMA_READ_CONSUME_CHECK_CONSUMER) timestamp=7688 ms, used_size=6950912 bytes (17.0%)
(RDMA_READ_CONSUME_CHECK_CONSUMER) timestamp=7688 ms, used_size=6948864 bytes (17.0%)
(RDMA_READ_CONSUME_CHECK_CONSUMER) timestamp=7688 ms, used_size=6946816 bytes (17.0%)
(RDMA_READ_CONSUME_CHECK_CONSUMER) timestamp=7688 ms, used_size=6944768 bytes (17.0%)
(RDMA_READ_CONSUME_CHECK_CONSUMER) timestamp=7688 ms, used_size=6942720 bytes (16.9%)
(RDMA_READ_CONSUME_CHECK_CONSUMER) timestamp=7688 ms, used_size=6940672 bytes (16.9%)
(RDMA_READ_CONSUME_CHECK_CONSUMER) timestamp=7688 ms, used_size=6938624 bytes (16.9%)
(RDMA_READ_CONSUME_CHECK_CONSUMER) timestamp=7688 ms, used_size=6936576 bytes (16.9%)
(RDMA_READ_CONSUME_CHECK_CONSUMER) timestamp=7688 ms, used_size=6934528 bytes (16.9%)
(RDMA_READ_CONSUME_CHECK_CONSUMER) timestamp=7688 ms, used_size=6932480 bytes (16.9%)
(RDMA_READ_CONSUME_CHECK_CONSUMER) timestamp=7688 ms, used_size=6930432 bytes (16.9%)
(RDMA_READ_CONSUME_CHECK_CONSUMER) timestamp=7688 ms, used_size=6928384 bytes (16.9%)
(RDMA_READ_CONSUME_CHECK_CONSUMER) timestamp=7688 ms, used_size=6926336 bytes (16.9%)
(RDMA_READ_CONSUME_CHECK_CONSUMER) timestamp=7688 ms, used_size=6924288 bytes (16.9%)
(RDMA_READ_CONSUME_CHECK_CONSUMER) timestamp=7688 ms, used_size=6922240 bytes (16.9%)
(RDMA_READ_CONSUME_CHECK_CONSUMER) timestamp=7688 ms, used_size=6920192 bytes (16.9%)
(RDMA_READ_CONSUME_CHECK_CONSUMER) timestamp=7688 ms, used_size=6918144 bytes (16.9%)
(RDMA_READ_CONSUME_CHECK_CONSUMER) timestamp=7688 ms, used_size=6916096 bytes (16.9%)
(RDMA_READ_CONSUME_CHECK_CONSUMER) timestamp=7688 ms, used_size=6914048 bytes (16.9%)
(RDMA_READ_CONSUME_CHECK_CONSUMER) timestamp=7688 ms, used_size=6912000 bytes (16.9%)
(RDMA_READ_CONSUME_CHECK_CONSUMER) timestamp=7688 ms, used_size=6909952 bytes (16.9%)
(RDMA_READ_CONSUME_CHECK_CONSUMER) timestamp=7688 ms, used_size=6907904 bytes (16.9%)
(RDMA_READ_CONSUME_CHECK_CONSUMER) timestamp=7688 ms, used_size=6905856 bytes (16.9%)
(RDMA_READ_CONSUME_CHECK_CONSUMER) timestamp=7688 ms, used_size=6903808 bytes (16.9%)
(RDMA_READ_CONSUME_CHECK_CONSUMER) timestamp=7688 ms, used_size=6901760 bytes (16.9%)
(RDMA_READ_CONSUME_CHECK_CONSUMER) timestamp=7688 ms, used_size=6899712 bytes (16.8%)
(RDMA_READ_CONSUME_CHECK_CONSUMER) timestamp=7688 ms, used_size=6897664 bytes (16.8%)
(RDMA_READ_CONSUME_CHECK_CONSUMER) timestamp=7688 ms, used_size=6895616 bytes (16.8%)
(RDMA_READ_CONSUME_CHECK_CONSUMER) timestamp=7688 ms, used_size=6893568 bytes (16.8%)
(RDMA_READ_CONSUME_CHECK_CONSUMER) timestamp=7688 ms, used_size=6891520 bytes (16.8%)
(RDMA_READ_CONSUME_CHECK_CONSUMER) timestamp=7688 ms, used_size=6889472 bytes (16.8%)
(RDMA_READ_CONSUME_CHECK_CONSUMER) timestamp=7688 ms, used_size=6887424 bytes (16.8%)
(RDMA_READ_CONSUME_CHECK_CONSUMER) timestamp=7688 ms, used_size=6885376 bytes (16.8%)
(RDMA_READ_CONSUME_CHECK_CONSUMER) timestamp=7688 ms, used_size=6883328 bytes (16.8%)
(RDMA_READ_CONSUME_CHECK_CONSUMER) timestamp=7688 ms, used_size=6881280 bytes (16.8%)
(RDMA_READ_CONSUME_CHECK_CONSUMER) timestamp=7688 ms, used_size=6879232 bytes (16.8%)
(RDMA_READ_CONSUME_CHECK_CONSUMER) timestamp=7688 ms, used_size=6877184 bytes (16.8%)
(RDMA_READ_CONSUME_CHECK_CONSUMER) timestamp=7688 ms, used_size=6875136 bytes (16.8%)
(RDMA_READ_CONSUME_CHECK_CONSUMER) timestamp=7688 ms, used_size=6873088 bytes (16.8%)
(RDMA_READ_CONSUME_CHECK_CONSUMER) timestamp=7688 ms, used_size=6871040 bytes (16.8%)
(RDMA_READ_CONSUME_CHECK_CONSUMER) timestamp=7688 ms, used_size=6868992 bytes (16.8%)
(RDMA_READ_CONSUME_CHECK_CONSUMER) timestamp=7688 ms, used_size=6866944 bytes (16.8%)
(RDMA_READ_CONSUME_CHECK_CONSUMER) timestamp=7688 ms, used_size=6864896 bytes (16.8%)
(RDMA_READ_CONSUME_CHECK_CONSUMER) timestamp=7688 ms, used_size=6862848 bytes (16.8%)
(RDMA_READ_CONSUME_CHECK_CONSUMER) timestamp=7688 ms, used_size=6860800 bytes (16.8%)
(RDMA_READ_CONSUME_CHECK_CONSUMER) timestamp=7688 ms, used_size=6858752 bytes (16.7%)
(RDMA_READ_CONSUME_CHECK_CONSUMER) timestamp=7688 ms, used_size=6856704 bytes (16.7%)
(RDMA_READ_CONSUME_CHECK_CONSUMER) timestamp=7688 ms, used_size=6854656 bytes (16.7%)
(RDMA_READ_CONSUME_CHECK_CONSUMER) timestamp=7688 ms, used_size=6852608 bytes (16.7%)
(RDMA_READ_CONSUME_CHECK_CONSUMER) timestamp=7688 ms, used_size=6850560 bytes (16.7%)
(RDMA_READ_CONSUME_CHECK_CONSUMER) timestamp=7688 ms, used_size=6848512 bytes (16.7%)
(RDMA_READ_CONSUME_CHECK_CONSUMER) timestamp=7688 ms, used_size=6846464 bytes (16.7%)
(RDMA_READ_CONSUME_CHECK_CONSUMER) timestamp=7688 ms, used_size=6844416 bytes (16.7%)
(RDMA_READ_CONSUME_CHECK_CONSUMER) timestamp=7688 ms, used_size=6842368 bytes (16.7%)
(RDMA_READ_CONSUME_CHECK_CONSUMER) timestamp=7688 ms, used_size=6840320 bytes (16.7%)
(RDMA_READ_CONSUME_CHECK_CONSUMER) timestamp=7688 ms, used_size=6838272 bytes (16.7%)
(RDMA_READ_CONSUME_CHECK_CONSUMER) timestamp=7688 ms, used_size=6836224 bytes (16.7%)
(RDMA_READ_CONSUME_CHECK_CONSUMER) timestamp=7688 ms, used_size=6834176 bytes (16.7%)
(RDMA_READ_CONSUME_CHECK_CONSUMER) timestamp=7688 ms, used_size=6832128 bytes (16.7%)
(RDMA_READ_CONSUME_CHECK_CONSUMER) timestamp=7688 ms, used_size=6830080 bytes (16.7%)
(RDMA_READ_CONSUME_CHECK_CONSUMER) timestamp=7688 ms, used_size=6828032 bytes (16.7%)
(RDMA_READ_CONSUME_CHECK_CONSUMER) timestamp=7688 ms, used_size=6825984 bytes (16.7%)
(RDMA_READ_CONSUME_CHECK_CONSUMER) timestamp=7688 ms, used_size=6823936 bytes (16.7%)
(RDMA_READ_CONSUME_CHECK_CONSUMER) timestamp=7688 ms, used_size=6821888 bytes (16.7%)
(RDMA_READ_CONSUME_CHECK_CONSUMER) timestamp=7688 ms, used_size=6819840 bytes (16.6%)
(RDMA_READ_CONSUME_CHECK_CONSUMER) timestamp=7688 ms, used_size=6817792 bytes (16.6%)
(RDMA_READ_CONSUME_CHECK_CONSUMER) timestamp=7688 ms, used_size=6815744 bytes (16.6%)
(RDMA_READ_CONSUME_CHECK_CONSUMER) timestamp=7688 ms, used_size=6813696 bytes (16.6%)
(RDMA_READ_CONSUME_CHECK_CONSUMER) timestamp=7688 ms, used_size=6811648 bytes (16.6%)
(RDMA_READ_CONSUME_CHECK_CONSUMER) timestamp=7688 ms, used_size=6809600 bytes (16.6%)
(RDMA_READ_CONSUME_CHECK_CONSUMER) timestamp=7688 ms, used_size=6807552 bytes (16.6%)
(RDMA_READ_CONSUME_CHECK_CONSUMER) timestamp=7688 ms, used_size=6805504 bytes (16.6%)
(RDMA_READ_CONSUME_CHECK_CONSUMER) timestamp=7688 ms, used_size=6803456 bytes (16.6%)
(RDMA_READ_CONSUME_CHECK_CONSUMER) timestamp=7688 ms, used_size=6801408 bytes (16.6%)
(RDMA_READ_CONSUME_CHECK_CONSUMER) timestamp=7688 ms, used_size=6799360 bytes (16.6%)
(RDMA_READ_CONSUME_CHECK_CONSUMER) timestamp=7689 ms, used_size=6797312 bytes (16.6%)
(RDMA_READ_CONSUME_CHECK_CONSUMER) timestamp=7689 ms, used_size=6795264 bytes (16.6%)
(RDMA_READ_CONSUME_CHECK_CONSUMER) timestamp=7689 ms, used_size=6793216 bytes (16.6%)
(RDMA_READ_CONSUME_CHECK_CONSUMER) timestamp=7689 ms, used_size=6791168 bytes (16.6%)
(RDMA_READ_CONSUME_CHECK_CONSUMER) timestamp=7689 ms, used_size=6789120 bytes (16.6%)
(RDMA_READ_CONSUME_CHECK_CONSUMER) timestamp=7689 ms, used_size=6787072 bytes (16.6%)
(RDMA_READ_CONSUME_CHECK_CONSUMER) timestamp=7689 ms, used_size=6785024 bytes (16.6%)
(RDMA_READ_CONSUME_CHECK_CONSUMER) timestamp=7689 ms, used_size=6782976 bytes (16.6%)
(RDMA_READ_CONSUME_CHECK_CONSUMER) timestamp=7689 ms, used_size=6780928 bytes (16.6%)
(RDMA_READ_CONSUME_CHECK_CONSUMER) timestamp=7689 ms, used_size=6778880 bytes (16.6%)
(RDMA_READ_CONSUME_CHECK_CONSUMER) timestamp=7689 ms, used_size=6776832 bytes (16.5%)
(RDMA_READ_CONSUME_CHECK_CONSUMER) timestamp=7689 ms, used_size=6774784 bytes (16.5%)
(RDMA_READ_CONSUME_CHECK_CONSUMER) timestamp=7689 ms, used_size=6772736 bytes (16.5%)
(RDMA_READ_CONSUME_CHECK_CONSUMER) timestamp=7689 ms, used_size=6770688 bytes (16.5%)
(RDMA_READ_CONSUME_CHECK_CONSUMER) timestamp=7689 ms, used_size=6768640 bytes (16.5%)
(RDMA_READ_CONSUME_CHECK_CONSUMER) timestamp=7689 ms, used_size=6766592 bytes (16.5%)
(RDMA_READ_CONSUME_CHECK_CONSUMER) timestamp=7689 ms, used_size=6764544 bytes (16.5%)
(RDMA_READ_CONSUME_CHECK_CONSUMER) timestamp=7689 ms, used_size=6762496 bytes (16.5%)
(RDMA_READ_CONSUME_CHECK_CONSUMER) timestamp=7689 ms, used_size=6760448 bytes (16.5%)
(RDMA_READ_CONSUME_CHECK_CONSUMER) timestamp=7689 ms, used_size=6758400 bytes (16.5%)
(RDMA_READ_CONSUME_CHECK_CONSUMER) timestamp=7689 ms, used_size=6756352 bytes (16.5%)
(RDMA_READ_CONSUME_CHECK_CONSUMER) timestamp=7689 ms, used_size=6754304 bytes (16.5%)
(RDMA_READ_CONSUME_CHECK_CONSUMER) timestamp=7689 ms, used_size=6752256 bytes (16.5%)
(RDMA_READ_CONSUME_CHECK_CONSUMER) timestamp=7689 ms, used_size=6750208 bytes (16.5%)
(RDMA_READ_CONSUME_CHECK_CONSUMER) timestamp=7689 ms, used_size=6748160 bytes (16.5%)
(RDMA_READ_CONSUME_CHECK_CONSUMER) timestamp=7689 ms, used_size=6746112 bytes (16.5%)
(RDMA_READ_CONSUME_CHECK_CONSUMER) timestamp=7689 ms, used_size=6744064 bytes (16.5%)
(RDMA_READ_CONSUME_CHECK_CONSUMER) timestamp=7689 ms, used_size=6742016 bytes (16.5%)
(RDMA_READ_CONSUME_CHECK_CONSUMER) timestamp=7689 ms, used_size=6739968 bytes (16.5%)
(RDMA_READ_CONSUME_CHECK_CONSUMER) timestamp=7689 ms, used_size=6737920 bytes (16.4%)
(RDMA_READ_CONSUME_CHECK_CONSUMER) timestamp=7689 ms, used_size=6735872 bytes (16.4%)
(RDMA_READ_CONSUME_CHECK_CONSUMER) timestamp=7689 ms, used_size=6733824 bytes (16.4%)
(RDMA_READ_CONSUME_CHECK_CONSUMER) timestamp=7689 ms, used_size=6731776 bytes (16.4%)
(RDMA_READ_CONSUME_CHECK_CONSUMER) timestamp=7689 ms, used_size=6729728 bytes (16.4%)
(RDMA_READ_CONSUME_CHECK_CONSUMER) timestamp=7689 ms, used_size=6727680 bytes (16.4%)
(RDMA_READ_CONSUME_CHECK_CONSUMER) timestamp=7689 ms, used_size=6725632 bytes (16.4%)
(RDMA_READ_CONSUME_CHECK_CONSUMER) timestamp=7689 ms, used_size=6723584 bytes (16.4%)
(RDMA_READ_CONSUME_CHECK_CONSUMER) timestamp=7689 ms, used_size=6721536 bytes (16.4%)
(RDMA_READ_CONSUME_CHECK_CONSUMER) timestamp=7689 ms, used_size=6719488 bytes (16.4%)
(RDMA_READ_CONSUME_CHECK_CONSUMER) timestamp=7689 ms, used_size=6717440 bytes (16.4%)
(RDMA_READ_CONSUME_CHECK_CONSUMER) timestamp=7689 ms, used_size=6715392 bytes (16.4%)
(RDMA_READ_CONSUME_CHECK_CONSUMER) timestamp=7689 ms, used_size=6713344 bytes (16.4%)
(RDMA_READ_CONSUME_CHECK_CONSUMER) timestamp=7689 ms, used_size=6711296 bytes (16.4%)
(RDMA_READ_CONSUME_CHECK_CONSUMER) timestamp=7689 ms, used_size=6709248 bytes (16.4%)
(RDMA_READ_CONSUME_CHECK_CONSUMER) timestamp=7689 ms, used_size=6707200 bytes (16.4%)
(RDMA_READ_CONSUME_CHECK_CONSUMER) timestamp=7689 ms, used_size=6705152 bytes (16.4%)
(RDMA_READ_CONSUME_CHECK_CONSUMER) timestamp=7689 ms, used_size=6703104 bytes (16.4%)
(RDMA_READ_CONSUME_CHECK_CONSUMER) timestamp=7689 ms, used_size=6701056 bytes (16.4%)
(RDMA_READ_CONSUME_CHECK_CONSUMER) timestamp=7689 ms, used_size=6699008 bytes (16.4%)
(RDMA_READ_CONSUME_CHECK_CONSUMER) timestamp=7689 ms, used_size=6696960 bytes (16.4%)
(RDMA_READ_CONSUME_CHECK_CONSUMER) timestamp=7689 ms, used_size=6694912 bytes (16.3%)
(RDMA_READ_CONSUME_CHECK_CONSUMER) timestamp=7689 ms, used_size=6692864 bytes (16.3%)
(RDMA_READ_CONSUME_CHECK_CONSUMER) timestamp=7689 ms, used_size=6690816 bytes (16.3%)
(RDMA_READ_CONSUME_CHECK_CONSUMER) timestamp=7689 ms, used_size=6688768 bytes (16.3%)
(RDMA_READ_CONSUME_CHECK_CONSUMER) timestamp=7689 ms, used_size=6686720 bytes (16.3%)
(RDMA_READ_CONSUME_CHECK_CONSUMER) timestamp=7689 ms, used_size=6684672 bytes (16.3%)
(RDMA_READ_CONSUME_CHECK_CONSUMER) timestamp=7689 ms, used_size=6682624 bytes (16.3%)
(RDMA_READ_CONSUME_CHECK_CONSUMER) timestamp=7689 ms, used_size=6680576 bytes (16.3%)
(RDMA_READ_CONSUME_CHECK_CONSUMER) timestamp=7689 ms, used_size=6678528 bytes (16.3%)
(RDMA_READ_CONSUME_CHECK_CONSUMER) timestamp=7689 ms, used_size=6676480 bytes (16.3%)
(RDMA_READ_CONSUME_CHECK_CONSUMER) timestamp=7689 ms, used_size=6674432 bytes (16.3%)
(RDMA_READ_CONSUME_CHECK_CONSUMER) timestamp=7689 ms, used_size=6672384 bytes (16.3%)
(RDMA_READ_CONSUME_CHECK_CONSUMER) timestamp=7689 ms, used_size=6670336 bytes (16.3%)
(RDMA_READ_CONSUME_CHECK_CONSUMER) timestamp=7689 ms, used_size=6668288 bytes (16.3%)
(RDMA_READ_CONSUME_CHECK_CONSUMER) timestamp=7689 ms, used_size=6666240 bytes (16.3%)
(RDMA_READ_CONSUME_CHECK_CONSUMER) timestamp=7689 ms, used_size=6664192 bytes (16.3%)
(RDMA_READ_CONSUME_CHECK_CONSUMER) timestamp=7689 ms, used_size=6662144 bytes (16.3%)
(RDMA_READ_CONSUME_CHECK_CONSUMER) timestamp=7689 ms, used_size=6660096 bytes (16.3%)
(RDMA_READ_CONSUME_CHECK_CONSUMER) timestamp=7689 ms, used_size=6658048 bytes (16.3%)
(RDMA_READ_CONSUME_CHECK_CONSUMER) timestamp=7689 ms, used_size=6656000 bytes (16.2%)
(RDMA_READ_CONSUME_CHECK_CONSUMER) timestamp=7689 ms, used_size=6653952 bytes (16.2%)
(RDMA_READ_CONSUME_CHECK_CONSUMER) timestamp=7689 ms, used_size=6651904 bytes (16.2%)
(RDMA_READ_CONSUME_CHECK_CONSUMER) timestamp=7689 ms, used_size=6649856 bytes (16.2%)
(RDMA_READ_CONSUME_CHECK_CONSUMER) timestamp=7689 ms, used_size=6647808 bytes (16.2%)
(RDMA_READ_CONSUME_CHECK_CONSUMER) timestamp=7689 ms, used_size=6645760 bytes (16.2%)
(RDMA_READ_CONSUME_CHECK_CONSUMER) timestamp=7689 ms, used_size=6643712 bytes (16.2%)
(RDMA_READ_CONSUME_CHECK_CONSUMER) timestamp=7689 ms, used_size=6641664 bytes (16.2%)
(RDMA_READ_CONSUME_CHECK_CONSUMER) timestamp=7689 ms, used_size=6639616 bytes (16.2%)
(RDMA_READ_CONSUME_CHECK_CONSUMER) timestamp=7689 ms, used_size=6637568 bytes (16.2%)
(RDMA_READ_CONSUME_CHECK_CONSUMER) timestamp=7689 ms, used_size=6635520 bytes (16.2%)
(RDMA_READ_CONSUME_CHECK_CONSUMER) timestamp=7689 ms, used_size=6633472 bytes (16.2%)
(RDMA_READ_CONSUME_CHECK_CONSUMER) timestamp=7689 ms, used_size=6631424 bytes (16.2%)
(RDMA_READ_CONSUME_CHECK_CONSUMER) timestamp=7689 ms, used_size=6629376 bytes (16.2%)
(RDMA_READ_CONSUME_CHECK_CONSUMER) timestamp=7689 ms, used_size=6627328 bytes (16.2%)
(RDMA_READ_CONSUME_CHECK_CONSUMER) timestamp=7689 ms, used_size=6625280 bytes (16.2%)
(RDMA_READ_CONSUME_CHECK_CONSUMER) timestamp=7689 ms, used_size=6623232 bytes (16.2%)
(RDMA_READ_CONSUME_CHECK_CONSUMER) timestamp=7689 ms, used_size=6621184 bytes (16.2%)
(RDMA_READ_CONSUME_CHECK_CONSUMER) timestamp=7689 ms, used_size=6619136 bytes (16.2%)
(RDMA_READ_CONSUME_CHECK_CONSUMER) timestamp=7689 ms, used_size=6617088 bytes (16.2%)
(RDMA_READ_CONSUME_CHECK_CONSUMER) timestamp=7689 ms, used_size=6615040 bytes (16.1%)
(RDMA_READ_CONSUME_CHECK_CONSUMER) timestamp=7689 ms, used_size=6612992 bytes (16.1%)
(RDMA_READ_CONSUME_CHECK_CONSUMER) timestamp=7689 ms, used_size=6610944 bytes (16.1%)
(RDMA_READ_CONSUME_CHECK_CONSUMER) timestamp=7689 ms, used_size=6608896 bytes (16.1%)
(RDMA_READ_CONSUME_CHECK_CONSUMER) timestamp=7689 ms, used_size=6606848 bytes (16.1%)
(RDMA_READ_CONSUME_CHECK_CONSUMER) timestamp=7689 ms, used_size=6604800 bytes (16.1%)
(RDMA_READ_CONSUME_CHECK_CONSUMER) timestamp=7689 ms, used_size=6602752 bytes (16.1%)
(RDMA_READ_CONSUME_CHECK_CONSUMER) timestamp=7689 ms, used_size=6600704 bytes (16.1%)
(RDMA_READ_CONSUME_CHECK_CONSUMER) timestamp=7689 ms, used_size=6598656 bytes (16.1%)
(RDMA_READ_CONSUME_CHECK_CONSUMER) timestamp=7689 ms, used_size=6596608 bytes (16.1%)
(RDMA_READ_CONSUME_CHECK_CONSUMER) timestamp=7689 ms, used_size=6594560 bytes (16.1%)
(RDMA_READ_CONSUME_CHECK_CONSUMER) timestamp=7689 ms, used_size=6592512 bytes (16.1%)
(RDMA_READ_CONSUME_CHECK_CONSUMER) timestamp=7689 ms, used_size=6590464 bytes (16.1%)
(RDMA_READ_CONSUME_CHECK_CONSUMER) timestamp=7689 ms, used_size=6588416 bytes (16.1%)
(RDMA_READ_CONSUME_CHECK_CONSUMER) timestamp=7689 ms, used_size=6586368 bytes (16.1%)
(RDMA_READ_CONSUME_CHECK_CONSUMER) timestamp=7689 ms, used_size=6584320 bytes (16.1%)
(RDMA_READ_CONSUME_CHECK_CONSUMER) timestamp=7689 ms, used_size=6582272 bytes (16.1%)
(RDMA_READ_CONSUME_CHECK_CONSUMER) timestamp=7689 ms, used_size=6580224 bytes (16.1%)
(RDMA_READ_CONSUME_CHECK_CONSUMER) timestamp=7689 ms, used_size=6578176 bytes (16.1%)
(RDMA_READ_CONSUME_CHECK_CONSUMER) timestamp=7689 ms, used_size=6576128 bytes (16.1%)
(RDMA_READ_CONSUME_CHECK_CONSUMER) timestamp=7689 ms, used_size=6574080 bytes (16.1%)
(RDMA_READ_CONSUME_CHECK_CONSUMER) timestamp=7689 ms, used_size=6572032 bytes (16.0%)
(RDMA_READ_CONSUME_CHECK_CONSUMER) timestamp=7689 ms, used_size=6569984 bytes (16.0%)
(RDMA_READ_CONSUME_CHECK_CONSUMER) timestamp=7689 ms, used_size=6567936 bytes (16.0%)
(RDMA_READ_CONSUME_CHECK_CONSUMER) timestamp=7689 ms, used_size=6565888 bytes (16.0%)
(RDMA_READ_CONSUME_CHECK_CONSUMER) timestamp=7689 ms, used_size=6563840 bytes (16.0%)
(RDMA_READ_CONSUME_CHECK_CONSUMER) timestamp=7689 ms, used_size=6561792 bytes (16.0%)
(RDMA_READ_CONSUME_CHECK_CONSUMER) timestamp=7689 ms, used_size=6559744 bytes (16.0%)
(RDMA_READ_CONSUME_CHECK_CONSUMER) timestamp=7689 ms, used_size=6557696 bytes (16.0%)
(RDMA_READ_CONSUME_CHECK_CONSUMER) timestamp=7689 ms, used_size=6555648 bytes (16.0%)
(RDMA_READ_CONSUME_CHECK_CONSUMER) timestamp=7689 ms, used_size=6553600 bytes (16.0%)
(RDMA_READ_CONSUME_CHECK_CONSUMER) timestamp=7689 ms, used_size=6551552 bytes (16.0%)
(RDMA_READ_CONSUME_CHECK_CONSUMER) timestamp=7689 ms, used_size=6549504 bytes (16.0%)
(RDMA_READ_CONSUME_CHECK_CONSUMER) timestamp=7689 ms, used_size=6547456 bytes (16.0%)
(RDMA_READ_CONSUME_CHECK_CONSUMER) timestamp=7689 ms, used_size=6545408 bytes (16.0%)
(RDMA_READ_CONSUME_CHECK_CONSUMER) timestamp=7689 ms, used_size=6543360 bytes (16.0%)
(RDMA_READ_CONSUME_CHECK_CONSUMER) timestamp=7689 ms, used_size=6541312 bytes (16.0%)
(RDMA_READ_CONSUME_CHECK_CONSUMER) timestamp=7689 ms, used_size=6539264 bytes (16.0%)
(RDMA_READ_CONSUME_CHECK_CONSUMER) timestamp=7689 ms, used_size=6537216 bytes (16.0%)
(RDMA_READ_CONSUME_CHECK_CONSUMER) timestamp=7689 ms, used_size=6535168 bytes (16.0%)
(RDMA_READ_CONSUME_CHECK_CONSUMER) timestamp=7689 ms, used_size=6533120 bytes (15.9%)
(RDMA_READ_CONSUME_CHECK_CONSUMER) timestamp=7689 ms, used_size=6531072 bytes (15.9%)
(RDMA_READ_CONSUME_CHECK_CONSUMER) timestamp=7689 ms, used_size=6529024 bytes (15.9%)
(RDMA_READ_CONSUME_CHECK_CONSUMER) timestamp=7689 ms, used_size=6526976 bytes (15.9%)
(RDMA_READ_CONSUME_CHECK_CONSUMER) timestamp=7689 ms, used_size=6524928 bytes (15.9%)
(RDMA_READ_CONSUME_CHECK_CONSUMER) timestamp=7689 ms, used_size=6522880 bytes (15.9%)
(RDMA_READ_CONSUME_CHECK_CONSUMER) timestamp=7689 ms, used_size=6520832 bytes (15.9%)
(RDMA_READ_CONSUME_CHECK_CONSUMER) timestamp=7689 ms, used_size=6518784 bytes (15.9%)
(RDMA_READ_CONSUME_CHECK_CONSUMER) timestamp=7689 ms, used_size=6516736 bytes (15.9%)
(RDMA_READ_CONSUME_CHECK_CONSUMER) timestamp=7689 ms, used_size=6514688 bytes (15.9%)
(RDMA_READ_CONSUME_CHECK_CONSUMER) timestamp=7689 ms, used_size=6512640 bytes (15.9%)
(RDMA_READ_CONSUME_CHECK_CONSUMER) timestamp=7689 ms, used_size=6510592 bytes (15.9%)
(RDMA_READ_CONSUME_CHECK_CONSUMER) timestamp=7689 ms, used_size=6508544 bytes (15.9%)
(RDMA_READ_CONSUME_CHECK_CONSUMER) timestamp=7689 ms, used_size=6506496 bytes (15.9%)
(RDMA_READ_CONSUME_CHECK_CONSUMER) timestamp=7689 ms, used_size=6504448 bytes (15.9%)
(RDMA_READ_CONSUME_CHECK_CONSUMER) timestamp=7689 ms, used_size=6502400 bytes (15.9%)
(RDMA_READ_CONSUME_CHECK_CONSUMER) timestamp=7689 ms, used_size=6500352 bytes (15.9%)
(RDMA_READ_CONSUME_CHECK_CONSUMER) timestamp=7689 ms, used_size=6498304 bytes (15.9%)
(RDMA_READ_CONSUME_CHECK_CONSUMER) timestamp=7689 ms, used_size=6496256 bytes (15.9%)
(RDMA_READ_CONSUME_CHECK_CONSUMER) timestamp=7689 ms, used_size=6494208 bytes (15.9%)
(RDMA_READ_CONSUME_CHECK_CONSUMER) timestamp=7689 ms, used_size=6492160 bytes (15.8%)
(RDMA_READ_CONSUME_CHECK_CONSUMER) timestamp=7689 ms, used_size=6490112 bytes (15.8%)
(RDMA_READ_CONSUME_CHECK_CONSUMER) timestamp=7689 ms, used_size=6488064 bytes (15.8%)
(RDMA_READ_CONSUME_CHECK_CONSUMER) timestamp=7689 ms, used_size=6486016 bytes (15.8%)
(RDMA_READ_CONSUME_CHECK_CONSUMER) timestamp=7689 ms, used_size=6483968 bytes (15.8%)
(RDMA_READ_CONSUME_CHECK_CONSUMER) timestamp=7689 ms, used_size=6481920 bytes (15.8%)
(RDMA_READ_CONSUME_CHECK_CONSUMER) timestamp=7689 ms, used_size=6479872 bytes (15.8%)
(RDMA_READ_CONSUME_CHECK_CONSUMER) timestamp=7689 ms, used_size=6477824 bytes (15.8%)
(RDMA_READ_CONSUME_CHECK_CONSUMER) timestamp=7689 ms, used_size=6475776 bytes (15.8%)
(RDMA_READ_CONSUME_CHECK_CONSUMER) timestamp=7689 ms, used_size=6473728 bytes (15.8%)
(RDMA_READ_CONSUME_CHECK_CONSUMER) timestamp=7689 ms, used_size=6471680 bytes (15.8%)
(RDMA_READ_CONSUME_CHECK_CONSUMER) timestamp=7689 ms, used_size=6469632 bytes (15.8%)
(RDMA_READ_CONSUME_CHECK_CONSUMER) timestamp=7689 ms, used_size=6467584 bytes (15.8%)
(RDMA_READ_CONSUME_CHECK_CONSUMER) timestamp=7689 ms, used_size=6465536 bytes (15.8%)
(RDMA_READ_CONSUME_CHECK_CONSUMER) timestamp=7689 ms, used_size=6463488 bytes (15.8%)
(RDMA_READ_CONSUME_CHECK_CONSUMER) timestamp=7689 ms, used_size=6461440 bytes (15.8%)
(RDMA_READ_CONSUME_CHECK_CONSUMER) timestamp=7689 ms, used_size=6459392 bytes (15.8%)
(RDMA_READ_CONSUME_CHECK_CONSUMER) timestamp=7689 ms, used_size=6457344 bytes (15.8%)
(RDMA_READ_CONSUME_CHECK_CONSUMER) timestamp=7689 ms, used_size=6455296 bytes (15.8%)
(RDMA_READ_CONSUME_CHECK_CONSUMER) timestamp=7689 ms, used_size=6453248 bytes (15.8%)
(RDMA_READ_CONSUME_CHECK_CONSUMER) timestamp=7689 ms, used_size=6451200 bytes (15.8%)
(RDMA_READ_CONSUME_CHECK_CONSUMER) timestamp=7689 ms, used_size=6449152 bytes (15.7%)
(RDMA_READ_CONSUME_CHECK_CONSUMER) timestamp=7689 ms, used_size=6447104 bytes (15.7%)
(RDMA_READ_CONSUME_CHECK_CONSUMER) timestamp=7689 ms, used_size=6445056 bytes (15.7%)
(RDMA_READ_CONSUME_CHECK_CONSUMER) timestamp=7689 ms, used_size=6443008 bytes (15.7%)
(RDMA_READ_CONSUME_CHECK_CONSUMER) timestamp=7689 ms, used_size=6440960 bytes (15.7%)
(RDMA_READ_CONSUME_CHECK_CONSUMER) timestamp=7689 ms, used_size=6438912 bytes (15.7%)
(RDMA_READ_CONSUME_CHECK_CONSUMER) timestamp=7689 ms, used_size=6436864 bytes (15.7%)
(RDMA_READ_CONSUME_CHECK_CONSUMER) timestamp=7690 ms, used_size=6434816 bytes (15.7%)
(RDMA_READ_CONSUME_CHECK_CONSUMER) timestamp=7690 ms, used_size=6432768 bytes (15.7%)
(RDMA_READ_CONSUME_CHECK_CONSUMER) timestamp=7690 ms, used_size=6430720 bytes (15.7%)
(RDMA_READ_CONSUME_CHECK_CONSUMER) timestamp=7690 ms, used_size=6428672 bytes (15.7%)
(RDMA_READ_CONSUME_CHECK_CONSUMER) timestamp=7690 ms, used_size=6426624 bytes (15.7%)
(RDMA_READ_CONSUME_CHECK_CONSUMER) timestamp=7690 ms, used_size=6424576 bytes (15.7%)
(RDMA_READ_CONSUME_CHECK_CONSUMER) timestamp=7690 ms, used_size=6422528 bytes (15.7%)
(RDMA_READ_CONSUME_CHECK_CONSUMER) timestamp=7690 ms, used_size=6420480 bytes (15.7%)
(RDMA_READ_CONSUME_CHECK_CONSUMER) timestamp=7690 ms, used_size=6418432 bytes (15.7%)
(RDMA_READ_CONSUME_CHECK_CONSUMER) timestamp=7690 ms, used_size=6416384 bytes (15.7%)
(RDMA_READ_CONSUME_CHECK_CONSUMER) timestamp=7690 ms, used_size=6414336 bytes (15.7%)
(RDMA_READ_CONSUME_CHECK_CONSUMER) timestamp=7690 ms, used_size=6412288 bytes (15.7%)
(RDMA_READ_CONSUME_CHECK_CONSUMER) timestamp=7690 ms, used_size=6410240 bytes (15.7%)
(RDMA_READ_CONSUME_CHECK_CONSUMER) timestamp=7690 ms, used_size=6408192 bytes (15.6%)
(RDMA_READ_CONSUME_CHECK_CONSUMER) timestamp=7690 ms, used_size=6406144 bytes (15.6%)
(RDMA_READ_CONSUME_CHECK_CONSUMER) timestamp=7690 ms, used_size=6404096 bytes (15.6%)
(RDMA_READ_CONSUME_CHECK_CONSUMER) timestamp=7690 ms, used_size=6402048 bytes (15.6%)
(RDMA_READ_CONSUME_CHECK_CONSUMER) timestamp=7690 ms, used_size=6400000 bytes (15.6%)
(RDMA_READ_CONSUME_CHECK_CONSUMER) timestamp=7690 ms, used_size=6397952 bytes (15.6%)
(RDMA_READ_CONSUME_CHECK_CONSUMER) timestamp=7690 ms, used_size=6395904 bytes (15.6%)
(RDMA_READ_CONSUME_CHECK_CONSUMER) timestamp=7690 ms, used_size=6393856 bytes (15.6%)
(RDMA_READ_CONSUME_CHECK_CONSUMER) timestamp=7690 ms, used_size=6391808 bytes (15.6%)
(RDMA_READ_CONSUME_CHECK_CONSUMER) timestamp=7690 ms, used_size=6389760 bytes (15.6%)
(RDMA_READ_CONSUME_CHECK_CONSUMER) timestamp=7690 ms, used_size=6387712 bytes (15.6%)
(RDMA_READ_CONSUME_CHECK_CONSUMER) timestamp=7690 ms, used_size=6385664 bytes (15.6%)
(RDMA_READ_CONSUME_CHECK_CONSUMER) timestamp=7690 ms, used_size=6383616 bytes (15.6%)
(RDMA_READ_CONSUME_CHECK_CONSUMER) timestamp=7690 ms, used_size=6381568 bytes (15.6%)
(RDMA_READ_CONSUME_CHECK_CONSUMER) timestamp=7690 ms, used_size=6379520 bytes (15.6%)
(RDMA_READ_CONSUME_CHECK_CONSUMER) timestamp=7690 ms, used_size=6377472 bytes (15.6%)
(RDMA_READ_CONSUME_CHECK_CONSUMER) timestamp=7690 ms, used_size=6375424 bytes (15.6%)
(RDMA_READ_CONSUME_CHECK_CONSUMER) timestamp=7690 ms, used_size=6373376 bytes (15.6%)
(RDMA_READ_CONSUME_CHECK_CONSUMER) timestamp=7690 ms, used_size=6371328 bytes (15.6%)
(RDMA_READ_CONSUME_CHECK_CONSUMER) timestamp=7690 ms, used_size=6369280 bytes (15.6%)
(RDMA_READ_CONSUME_CHECK_CONSUMER) timestamp=7690 ms, used_size=6367232 bytes (15.5%)
(RDMA_READ_CONSUME_CHECK_CONSUMER) timestamp=7690 ms, used_size=6365184 bytes (15.5%)
(RDMA_READ_CONSUME_CHECK_CONSUMER) timestamp=7690 ms, used_size=6363136 bytes (15.5%)
(RDMA_READ_CONSUME_CHECK_CONSUMER) timestamp=7690 ms, used_size=6361088 bytes (15.5%)
(RDMA_READ_CONSUME_CHECK_CONSUMER) timestamp=7690 ms, used_size=6359040 bytes (15.5%)
(RDMA_READ_CONSUME_CHECK_CONSUMER) timestamp=7690 ms, used_size=6356992 bytes (15.5%)
(RDMA_READ_CONSUME_CHECK_CONSUMER) timestamp=7690 ms, used_size=6354944 bytes (15.5%)
(RDMA_READ_CONSUME_CHECK_CONSUMER) timestamp=7690 ms, used_size=6352896 bytes (15.5%)
(RDMA_READ_CONSUME_CHECK_CONSUMER) timestamp=7690 ms, used_size=6350848 bytes (15.5%)
(RDMA_READ_CONSUME_CHECK_CONSUMER) timestamp=7690 ms, used_size=6348800 bytes (15.5%)
(RDMA_READ_CONSUME_CHECK_CONSUMER) timestamp=7690 ms, used_size=6346752 bytes (15.5%)
(RDMA_READ_CONSUME_CHECK_CONSUMER) timestamp=7690 ms, used_size=6344704 bytes (15.5%)
(RDMA_READ_CONSUME_CHECK_CONSUMER) timestamp=7690 ms, used_size=6342656 bytes (15.5%)
(RDMA_READ_CONSUME_CHECK_CONSUMER) timestamp=7690 ms, used_size=6340608 bytes (15.5%)
(RDMA_READ_CONSUME_CHECK_CONSUMER) timestamp=7690 ms, used_size=6338560 bytes (15.5%)
(RDMA_READ_CONSUME_CHECK_CONSUMER) timestamp=7690 ms, used_size=6336512 bytes (15.5%)
(RDMA_READ_CONSUME_CHECK_CONSUMER) timestamp=7690 ms, used_size=6334464 bytes (15.5%)
(RDMA_READ_CONSUME_CHECK_CONSUMER) timestamp=7690 ms, used_size=6332416 bytes (15.5%)
(RDMA_READ_CONSUME_CHECK_CONSUMER) timestamp=7690 ms, used_size=6330368 bytes (15.5%)
(RDMA_READ_CONSUME_CHECK_CONSUMER) timestamp=7690 ms, used_size=6328320 bytes (15.4%)
(RDMA_READ_CONSUME_CHECK_CONSUMER) timestamp=7690 ms, used_size=6326272 bytes (15.4%)
(RDMA_READ_CONSUME_CHECK_CONSUMER) timestamp=7690 ms, used_size=6324224 bytes (15.4%)
(RDMA_READ_CONSUME_CHECK_CONSUMER) timestamp=7690 ms, used_size=6322176 bytes (15.4%)
(RDMA_READ_CONSUME_CHECK_CONSUMER) timestamp=7690 ms, used_size=6320128 bytes (15.4%)
(RDMA_READ_CONSUME_CHECK_CONSUMER) timestamp=7690 ms, used_size=6318080 bytes (15.4%)
(RDMA_READ_CONSUME_CHECK_CONSUMER) timestamp=7690 ms, used_size=6316032 bytes (15.4%)
(RDMA_READ_CONSUME_CHECK_CONSUMER) timestamp=7690 ms, used_size=6313984 bytes (15.4%)
(RDMA_READ_CONSUME_CHECK_CONSUMER) timestamp=7690 ms, used_size=6311936 bytes (15.4%)
(RDMA_READ_CONSUME_CHECK_CONSUMER) timestamp=7690 ms, used_size=6309888 bytes (15.4%)
(RDMA_READ_CONSUME_CHECK_CONSUMER) timestamp=7690 ms, used_size=6307840 bytes (15.4%)
(RDMA_READ_CONSUME_CHECK_CONSUMER) timestamp=7690 ms, used_size=6305792 bytes (15.4%)
(RDMA_READ_CONSUME_CHECK_CONSUMER) timestamp=7690 ms, used_size=6303744 bytes (15.4%)
(RDMA_READ_CONSUME_CHECK_CONSUMER) timestamp=7690 ms, used_size=6301696 bytes (15.4%)
(RDMA_READ_CONSUME_CHECK_CONSUMER) timestamp=7690 ms, used_size=6299648 bytes (15.4%)
(RDMA_READ_CONSUME_CHECK_CONSUMER) timestamp=7690 ms, used_size=6297600 bytes (15.4%)
(RDMA_READ_CONSUME_CHECK_CONSUMER) timestamp=7690 ms, used_size=6295552 bytes (15.4%)
(RDMA_READ_CONSUME_CHECK_CONSUMER) timestamp=7690 ms, used_size=6293504 bytes (15.4%)
(RDMA_READ_CONSUME_CHECK_CONSUMER) timestamp=7690 ms, used_size=6291456 bytes (15.4%)
(RDMA_READ_CONSUME_CHECK_CONSUMER) timestamp=7690 ms, used_size=6289408 bytes (15.4%)
(RDMA_READ_CONSUME_CHECK_CONSUMER) timestamp=7690 ms, used_size=6287360 bytes (15.3%)
(RDMA_READ_CONSUME_CHECK_CONSUMER) timestamp=7690 ms, used_size=6285312 bytes (15.3%)
(RDMA_READ_CONSUME_CHECK_CONSUMER) timestamp=7690 ms, used_size=6283264 bytes (15.3%)
(RDMA_READ_CONSUME_CHECK_CONSUMER) timestamp=7690 ms, used_size=6281216 bytes (15.3%)
(RDMA_READ_CONSUME_CHECK_CONSUMER) timestamp=7690 ms, used_size=6279168 bytes (15.3%)
(RDMA_READ_CONSUME_CHECK_CONSUMER) timestamp=7690 ms, used_size=6277120 bytes (15.3%)
(RDMA_READ_CONSUME_CHECK_CONSUMER) timestamp=7690 ms, used_size=6275072 bytes (15.3%)
(RDMA_READ_CONSUME_CHECK_CONSUMER) timestamp=7690 ms, used_size=6273024 bytes (15.3%)
(RDMA_READ_CONSUME_CHECK_CONSUMER) timestamp=7690 ms, used_size=6270976 bytes (15.3%)
(RDMA_READ_CONSUME_CHECK_CONSUMER) timestamp=7690 ms, used_size=6268928 bytes (15.3%)
(RDMA_READ_CONSUME_CHECK_CONSUMER) timestamp=7690 ms, used_size=6266880 bytes (15.3%)
(RDMA_READ_CONSUME_CHECK_CONSUMER) timestamp=7690 ms, used_size=6264832 bytes (15.3%)
(RDMA_READ_CONSUME_CHECK_CONSUMER) timestamp=7690 ms, used_size=6262784 bytes (15.3%)
(RDMA_READ_CONSUME_CHECK_CONSUMER) timestamp=7690 ms, used_size=6260736 bytes (15.3%)
(RDMA_READ_CONSUME_CHECK_CONSUMER) timestamp=7690 ms, used_size=6258688 bytes (15.3%)
(RDMA_READ_CONSUME_CHECK_CONSUMER) timestamp=7690 ms, used_size=6256640 bytes (15.3%)
(RDMA_READ_CONSUME_CHECK_CONSUMER) timestamp=7690 ms, used_size=6254592 bytes (15.3%)
(RDMA_READ_CONSUME_CHECK_CONSUMER) timestamp=7690 ms, used_size=6252544 bytes (15.3%)
(RDMA_READ_CONSUME_CHECK_CONSUMER) timestamp=7690 ms, used_size=6250496 bytes (15.3%)
(RDMA_READ_CONSUME_CHECK_CONSUMER) timestamp=7690 ms, used_size=6248448 bytes (15.3%)
(RDMA_READ_CONSUME_CHECK_CONSUMER) timestamp=7690 ms, used_size=6246400 bytes (15.2%)
(RDMA_READ_CONSUME_CHECK_CONSUMER) timestamp=7690 ms, used_size=6244352 bytes (15.2%)
(RDMA_READ_CONSUME_CHECK_CONSUMER) timestamp=7690 ms, used_size=6242304 bytes (15.2%)
(RDMA_READ_CONSUME_CHECK_CONSUMER) timestamp=7690 ms, used_size=6240256 bytes (15.2%)
(RDMA_READ_CONSUME_CHECK_CONSUMER) timestamp=7690 ms, used_size=6238208 bytes (15.2%)
(RDMA_READ_CONSUME_CHECK_CONSUMER) timestamp=7690 ms, used_size=6236160 bytes (15.2%)
(RDMA_READ_CONSUME_CHECK_CONSUMER) timestamp=7690 ms, used_size=6234112 bytes (15.2%)
(RDMA_READ_CONSUME_CHECK_CONSUMER) timestamp=7690 ms, used_size=6232064 bytes (15.2%)
(RDMA_READ_CONSUME_CHECK_CONSUMER) timestamp=7690 ms, used_size=6230016 bytes (15.2%)
(RDMA_READ_CONSUME_CHECK_CONSUMER) timestamp=7690 ms, used_size=6227968 bytes (15.2%)
(RDMA_READ_CONSUME_CHECK_CONSUMER) timestamp=7690 ms, used_size=6225920 bytes (15.2%)
(RDMA_READ_CONSUME_CHECK_CONSUMER) timestamp=7690 ms, used_size=6223872 bytes (15.2%)
(RDMA_READ_CONSUME_CHECK_CONSUMER) timestamp=7690 ms, used_size=6221824 bytes (15.2%)
(RDMA_READ_CONSUME_CHECK_CONSUMER) timestamp=7690 ms, used_size=6219776 bytes (15.2%)
(RDMA_READ_CONSUME_CHECK_CONSUMER) timestamp=7690 ms, used_size=6217728 bytes (15.2%)
(RDMA_READ_CONSUME_CHECK_CONSUMER) timestamp=7690 ms, used_size=6215680 bytes (15.2%)
(RDMA_READ_CONSUME_CHECK_CONSUMER) timestamp=7690 ms, used_size=6213632 bytes (15.2%)
(RDMA_READ_CONSUME_CHECK_CONSUMER) timestamp=7690 ms, used_size=6211584 bytes (15.2%)
(RDMA_READ_CONSUME_CHECK_CONSUMER) timestamp=7690 ms, used_size=6209536 bytes (15.2%)
(RDMA_READ_CONSUME_CHECK_CONSUMER) timestamp=7690 ms, used_size=6207488 bytes (15.2%)
(RDMA_READ_CONSUME_CHECK_CONSUMER) timestamp=7690 ms, used_size=6205440 bytes (15.2%)
(RDMA_READ_CONSUME_CHECK_CONSUMER) timestamp=7690 ms, used_size=6203392 bytes (15.1%)
(RDMA_READ_CONSUME_CHECK_CONSUMER) timestamp=7690 ms, used_size=6201344 bytes (15.1%)
(RDMA_READ_CONSUME_CHECK_CONSUMER) timestamp=7690 ms, used_size=6199296 bytes (15.1%)
(RDMA_READ_CONSUME_CHECK_CONSUMER) timestamp=7690 ms, used_size=6197248 bytes (15.1%)
(RDMA_READ_CONSUME_CHECK_CONSUMER) timestamp=7690 ms, used_size=6195200 bytes (15.1%)
(RDMA_READ_CONSUME_CHECK_CONSUMER) timestamp=7690 ms, used_size=6193152 bytes (15.1%)
(RDMA_READ_CONSUME_CHECK_CONSUMER) timestamp=7690 ms, used_size=6191104 bytes (15.1%)
(RDMA_READ_CONSUME_CHECK_CONSUMER) timestamp=7690 ms, used_size=6189056 bytes (15.1%)
(RDMA_READ_CONSUME_CHECK_CONSUMER) timestamp=7690 ms, used_size=6187008 bytes (15.1%)
(RDMA_READ_CONSUME_CHECK_CONSUMER) timestamp=7690 ms, used_size=6184960 bytes (15.1%)
(RDMA_READ_CONSUME_CHECK_CONSUMER) timestamp=7690 ms, used_size=6182912 bytes (15.1%)
(RDMA_READ_CONSUME_CHECK_CONSUMER) timestamp=7690 ms, used_size=6180864 bytes (15.1%)
(RDMA_READ_CONSUME_CHECK_CONSUMER) timestamp=7690 ms, used_size=6178816 bytes (15.1%)
(RDMA_READ_CONSUME_CHECK_CONSUMER) timestamp=7690 ms, used_size=6176768 bytes (15.1%)
(RDMA_READ_CONSUME_CHECK_CONSUMER) timestamp=7690 ms, used_size=6174720 bytes (15.1%)
(RDMA_READ_CONSUME_CHECK_CONSUMER) timestamp=7690 ms, used_size=6172672 bytes (15.1%)
(RDMA_READ_CONSUME_CHECK_CONSUMER) timestamp=7690 ms, used_size=6170624 bytes (15.1%)
(RDMA_READ_CONSUME_CHECK_CONSUMER) timestamp=7690 ms, used_size=6168576 bytes (15.1%)
(RDMA_READ_CONSUME_CHECK_CONSUMER) timestamp=7690 ms, used_size=6166528 bytes (15.1%)
(RDMA_READ_CONSUME_CHECK_CONSUMER) timestamp=7690 ms, used_size=6164480 bytes (15.1%)
(RDMA_READ_CONSUME_CHECK_CONSUMER) timestamp=7690 ms, used_size=6162432 bytes (15.0%)
(RDMA_READ_CONSUME_CHECK_CONSUMER) timestamp=7690 ms, used_size=6160384 bytes (15.0%)
(RDMA_READ_CONSUME_CHECK_CONSUMER) timestamp=7690 ms, used_size=6158336 bytes (15.0%)
(RDMA_READ_CONSUME_CHECK_CONSUMER) timestamp=7690 ms, used_size=6156288 bytes (15.0%)
(RDMA_READ_CONSUME_CHECK_CONSUMER) timestamp=7690 ms, used_size=6154240 bytes (15.0%)
(RDMA_READ_CONSUME_CHECK_CONSUMER) timestamp=7690 ms, used_size=6152192 bytes (15.0%)
(RDMA_READ_CONSUME_CHECK_CONSUMER) timestamp=7690 ms, used_size=6150144 bytes (15.0%)
(RDMA_READ_CONSUME_CHECK_CONSUMER) timestamp=7690 ms, used_size=6148096 bytes (15.0%)
(RDMA_READ_CONSUME_CHECK_CONSUMER) timestamp=7690 ms, used_size=6146048 bytes (15.0%)
(RDMA_READ_CONSUME_CHECK_CONSUMER) timestamp=7690 ms, used_size=6144000 bytes (15.0%)
(RDMA_READ_CONSUME_CHECK_CONSUMER) timestamp=7690 ms, used_size=6141952 bytes (15.0%)
(RDMA_READ_CONSUME_CHECK_CONSUMER) timestamp=7690 ms, used_size=6139904 bytes (15.0%)
(RDMA_READ_CONSUME_CHECK_CONSUMER) timestamp=7690 ms, used_size=6137856 bytes (15.0%)
(RDMA_READ_CONSUME_CHECK_CONSUMER) timestamp=7690 ms, used_size=6135808 bytes (15.0%)
(RDMA_READ_CONSUME_CHECK_CONSUMER) timestamp=7690 ms, used_size=6133760 bytes (15.0%)
(RDMA_READ_CONSUME_CHECK_CONSUMER) timestamp=7690 ms, used_size=6131712 bytes (15.0%)
(RDMA_READ_CONSUME_CHECK_CONSUMER) timestamp=7690 ms, used_size=6129664 bytes (15.0%)
(RDMA_READ_CONSUME_CHECK_CONSUMER) timestamp=7690 ms, used_size=6127616 bytes (15.0%)
(RDMA_READ_CONSUME_CHECK_CONSUMER) timestamp=7690 ms, used_size=6125568 bytes (15.0%)
(RDMA_READ_CONSUME_CHECK_CONSUMER) timestamp=7690 ms, used_size=6123520 bytes (14.9%)
(RDMA_READ_CONSUME_CHECK_CONSUMER) timestamp=7690 ms, used_size=6121472 bytes (14.9%)
(RDMA_READ_CONSUME_CHECK_CONSUMER) timestamp=7690 ms, used_size=6119424 bytes (14.9%)
(RDMA_READ_CONSUME_CHECK_CONSUMER) timestamp=7690 ms, used_size=6117376 bytes (14.9%)
(RDMA_READ_CONSUME_CHECK_CONSUMER) timestamp=7690 ms, used_size=6115328 bytes (14.9%)
(RDMA_READ_CONSUME_CHECK_CONSUMER) timestamp=7690 ms, used_size=6113280 bytes (14.9%)
(RDMA_READ_CONSUME_CHECK_CONSUMER) timestamp=7690 ms, used_size=6111232 bytes (14.9%)
(RDMA_READ_CONSUME_CHECK_CONSUMER) timestamp=7690 ms, used_size=6109184 bytes (14.9%)
(RDMA_READ_CONSUME_CHECK_CONSUMER) timestamp=7690 ms, used_size=6107136 bytes (14.9%)
(RDMA_READ_CONSUME_CHECK_CONSUMER) timestamp=7690 ms, used_size=6105088 bytes (14.9%)
(RDMA_READ_CONSUME_CHECK_CONSUMER) timestamp=7690 ms, used_size=6103040 bytes (14.9%)
(RDMA_READ_CONSUME_CHECK_CONSUMER) timestamp=7690 ms, used_size=6100992 bytes (14.9%)
(RDMA_READ_CONSUME_CHECK_CONSUMER) timestamp=7690 ms, used_size=6098944 bytes (14.9%)
(RDMA_READ_CONSUME_CHECK_CONSUMER) timestamp=7690 ms, used_size=6096896 bytes (14.9%)
(RDMA_READ_CONSUME_CHECK_CONSUMER) timestamp=7690 ms, used_size=6094848 bytes (14.9%)
(RDMA_READ_CONSUME_CHECK_CONSUMER) timestamp=7690 ms, used_size=6092800 bytes (14.9%)
(RDMA_READ_CONSUME_CHECK_CONSUMER) timestamp=7690 ms, used_size=6090752 bytes (14.9%)
(RDMA_READ_CONSUME_CHECK_CONSUMER) timestamp=7690 ms, used_size=6088704 bytes (14.9%)
(RDMA_READ_CONSUME_CHECK_CONSUMER) timestamp=7690 ms, used_size=6086656 bytes (14.9%)
(RDMA_READ_CONSUME_CHECK_CONSUMER) timestamp=7690 ms, used_size=6084608 bytes (14.9%)
(RDMA_READ_CONSUME_CHECK_CONSUMER) timestamp=7690 ms, used_size=6082560 bytes (14.8%)
(RDMA_READ_CONSUME_CHECK_CONSUMER) timestamp=7690 ms, used_size=6080512 bytes (14.8%)
(RDMA_READ_CONSUME_CHECK_CONSUMER) timestamp=7690 ms, used_size=6078464 bytes (14.8%)
(RDMA_READ_CONSUME_CHECK_CONSUMER) timestamp=7690 ms, used_size=6076416 bytes (14.8%)
(RDMA_READ_CONSUME_CHECK_CONSUMER) timestamp=7690 ms, used_size=6074368 bytes (14.8%)
(RDMA_READ_CONSUME_CHECK_CONSUMER) timestamp=7690 ms, used_size=6072320 bytes (14.8%)
(RDMA_READ_CONSUME_CHECK_CONSUMER) timestamp=7690 ms, used_size=6070272 bytes (14.8%)
(RDMA_READ_CONSUME_CHECK_CONSUMER) timestamp=7690 ms, used_size=6068224 bytes (14.8%)
(RDMA_READ_CONSUME_CHECK_CONSUMER) timestamp=7690 ms, used_size=6066176 bytes (14.8%)
(RDMA_READ_CONSUME_CHECK_CONSUMER) timestamp=7690 ms, used_size=6064128 bytes (14.8%)
(RDMA_READ_CONSUME_CHECK_CONSUMER) timestamp=7690 ms, used_size=6062080 bytes (14.8%)
(RDMA_READ_CONSUME_CHECK_CONSUMER) timestamp=7690 ms, used_size=6060032 bytes (14.8%)
(RDMA_READ_CONSUME_CHECK_CONSUMER) timestamp=7690 ms, used_size=6057984 bytes (14.8%)
(RDMA_READ_CONSUME_CHECK_CONSUMER) timestamp=7690 ms, used_size=6055936 bytes (14.8%)
(RDMA_READ_CONSUME_CHECK_CONSUMER) timestamp=7691 ms, used_size=6053888 bytes (14.8%)
(RDMA_READ_CONSUME_CHECK_CONSUMER) timestamp=7691 ms, used_size=6051840 bytes (14.8%)
(RDMA_READ_CONSUME_CHECK_CONSUMER) timestamp=7691 ms, used_size=6049792 bytes (14.8%)
(RDMA_READ_CONSUME_CHECK_CONSUMER) timestamp=7691 ms, used_size=6047744 bytes (14.8%)
(RDMA_READ_CONSUME_CHECK_CONSUMER) timestamp=7691 ms, used_size=6045696 bytes (14.8%)
(RDMA_READ_CONSUME_CHECK_CONSUMER) timestamp=7691 ms, used_size=6043648 bytes (14.8%)
(RDMA_READ_CONSUME_CHECK_CONSUMER) timestamp=7691 ms, used_size=6041600 bytes (14.8%)
(RDMA_READ_CONSUME_CHECK_CONSUMER) timestamp=7691 ms, used_size=6039552 bytes (14.7%)
(RDMA_READ_CONSUME_CHECK_CONSUMER) timestamp=7691 ms, used_size=6037504 bytes (14.7%)
(RDMA_READ_CONSUME_CHECK_CONSUMER) timestamp=7691 ms, used_size=6035456 bytes (14.7%)
(RDMA_READ_CONSUME_CHECK_CONSUMER) timestamp=7691 ms, used_size=6033408 bytes (14.7%)
(RDMA_READ_CONSUME_CHECK_CONSUMER) timestamp=7691 ms, used_size=6031360 bytes (14.7%)
(RDMA_READ_CONSUME_CHECK_CONSUMER) timestamp=7691 ms, used_size=6029312 bytes (14.7%)
(RDMA_READ_CONSUME_CHECK_CONSUMER) timestamp=7691 ms, used_size=6027264 bytes (14.7%)
(RDMA_READ_CONSUME_CHECK_CONSUMER) timestamp=7691 ms, used_size=6025216 bytes (14.7%)
(RDMA_READ_CONSUME_CHECK_CONSUMER) timestamp=7691 ms, used_size=6023168 bytes (14.7%)
(RDMA_READ_CONSUME_CHECK_CONSUMER) timestamp=7691 ms, used_size=6021120 bytes (14.7%)
(RDMA_READ_CONSUME_CHECK_CONSUMER) timestamp=7691 ms, used_size=6019072 bytes (14.7%)
(RDMA_READ_CONSUME_CHECK_CONSUMER) timestamp=7691 ms, used_size=6017024 bytes (14.7%)
(RDMA_READ_CONSUME_CHECK_CONSUMER) timestamp=7691 ms, used_size=6014976 bytes (14.7%)
(RDMA_READ_CONSUME_CHECK_CONSUMER) timestamp=7691 ms, used_size=6012928 bytes (14.7%)
(RDMA_READ_CONSUME_CHECK_CONSUMER) timestamp=7691 ms, used_size=6010880 bytes (14.7%)
(RDMA_READ_CONSUME_CHECK_CONSUMER) timestamp=7691 ms, used_size=6008832 bytes (14.7%)
(RDMA_READ_CONSUME_CHECK_CONSUMER) timestamp=7691 ms, used_size=6006784 bytes (14.7%)
(RDMA_READ_CONSUME_CHECK_CONSUMER) timestamp=7691 ms, used_size=6004736 bytes (14.7%)
(RDMA_READ_CONSUME_CHECK_CONSUMER) timestamp=7691 ms, used_size=6002688 bytes (14.7%)
(RDMA_READ_CONSUME_CHECK_CONSUMER) timestamp=7691 ms, used_size=6000640 bytes (14.7%)
(RDMA_READ_CONSUME_CHECK_CONSUMER) timestamp=7691 ms, used_size=5998592 bytes (14.6%)
(RDMA_READ_CONSUME_CHECK_CONSUMER) timestamp=7691 ms, used_size=5996544 bytes (14.6%)
(RDMA_READ_CONSUME_CHECK_CONSUMER) timestamp=7691 ms, used_size=5994496 bytes (14.6%)
(RDMA_READ_CONSUME_CHECK_CONSUMER) timestamp=7691 ms, used_size=5992448 bytes (14.6%)
(RDMA_READ_CONSUME_CHECK_CONSUMER) timestamp=7691 ms, used_size=5990400 bytes (14.6%)
(RDMA_READ_CONSUME_CHECK_CONSUMER) timestamp=7691 ms, used_size=5988352 bytes (14.6%)
(RDMA_READ_CONSUME_CHECK_CONSUMER) timestamp=7691 ms, used_size=5986304 bytes (14.6%)
(RDMA_READ_CONSUME_CHECK_CONSUMER) timestamp=7691 ms, used_size=5984256 bytes (14.6%)
(RDMA_READ_CONSUME_CHECK_CONSUMER) timestamp=7691 ms, used_size=5982208 bytes (14.6%)
(RDMA_READ_CONSUME_CHECK_CONSUMER) timestamp=7691 ms, used_size=5980160 bytes (14.6%)
(RDMA_READ_CONSUME_CHECK_CONSUMER) timestamp=7691 ms, used_size=5978112 bytes (14.6%)
(RDMA_READ_CONSUME_CHECK_CONSUMER) timestamp=7691 ms, used_size=5976064 bytes (14.6%)
(RDMA_READ_CONSUME_CHECK_CONSUMER) timestamp=7691 ms, used_size=5974016 bytes (14.6%)
(RDMA_READ_CONSUME_CHECK_CONSUMER) timestamp=7691 ms, used_size=5971968 bytes (14.6%)
(RDMA_READ_CONSUME_CHECK_CONSUMER) timestamp=7691 ms, used_size=5969920 bytes (14.6%)
(RDMA_READ_CONSUME_CHECK_CONSUMER) timestamp=7691 ms, used_size=5967872 bytes (14.6%)
(RDMA_READ_CONSUME_CHECK_CONSUMER) timestamp=7691 ms, used_size=5965824 bytes (14.6%)
(RDMA_READ_CONSUME_CHECK_CONSUMER) timestamp=7691 ms, used_size=5963776 bytes (14.6%)
(RDMA_READ_CONSUME_CHECK_CONSUMER) timestamp=7691 ms, used_size=5961728 bytes (14.6%)
(RDMA_READ_CONSUME_CHECK_CONSUMER) timestamp=7691 ms, used_size=5959680 bytes (14.6%)
(RDMA_READ_CONSUME_CHECK_CONSUMER) timestamp=7691 ms, used_size=5957632 bytes (14.5%)
(RDMA_READ_CONSUME_CHECK_CONSUMER) timestamp=7691 ms, used_size=5955584 bytes (14.5%)
(RDMA_READ_CONSUME_CHECK_CONSUMER) timestamp=7691 ms, used_size=5953536 bytes (14.5%)
(RDMA_READ_CONSUME_CHECK_CONSUMER) timestamp=7691 ms, used_size=5951488 bytes (14.5%)
(RDMA_READ_CONSUME_CHECK_CONSUMER) timestamp=7691 ms, used_size=5949440 bytes (14.5%)
(RDMA_READ_CONSUME_CHECK_CONSUMER) timestamp=7691 ms, used_size=5947392 bytes (14.5%)
(RDMA_READ_CONSUME_CHECK_CONSUMER) timestamp=7691 ms, used_size=5945344 bytes (14.5%)
(RDMA_READ_CONSUME_CHECK_CONSUMER) timestamp=7691 ms, used_size=5943296 bytes (14.5%)
(RDMA_READ_CONSUME_CHECK_CONSUMER) timestamp=7691 ms, used_size=5941248 bytes (14.5%)
(RDMA_READ_CONSUME_CHECK_CONSUMER) timestamp=7691 ms, used_size=5939200 bytes (14.5%)
(RDMA_READ_CONSUME_CHECK_CONSUMER) timestamp=7691 ms, used_size=5937152 bytes (14.5%)
(RDMA_READ_CONSUME_CHECK_CONSUMER) timestamp=7691 ms, used_size=5935104 bytes (14.5%)
(RDMA_READ_CONSUME_CHECK_CONSUMER) timestamp=7691 ms, used_size=5933056 bytes (14.5%)
(RDMA_READ_CONSUME_CHECK_CONSUMER) timestamp=7691 ms, used_size=5931008 bytes (14.5%)
(RDMA_READ_CONSUME_CHECK_CONSUMER) timestamp=7691 ms, used_size=5928960 bytes (14.5%)
(RDMA_READ_CONSUME_CHECK_CONSUMER) timestamp=7691 ms, used_size=5926912 bytes (14.5%)
(RDMA_READ_CONSUME_CHECK_CONSUMER) timestamp=7691 ms, used_size=5924864 bytes (14.5%)
(RDMA_READ_CONSUME_CHECK_CONSUMER) timestamp=7691 ms, used_size=5922816 bytes (14.5%)
(RDMA_READ_CONSUME_CHECK_CONSUMER) timestamp=7691 ms, used_size=5920768 bytes (14.5%)
(RDMA_READ_CONSUME_CHECK_CONSUMER) timestamp=7691 ms, used_size=5918720 bytes (14.4%)
(RDMA_READ_CONSUME_CHECK_CONSUMER) timestamp=7691 ms, used_size=5916672 bytes (14.4%)
(RDMA_READ_CONSUME_CHECK_CONSUMER) timestamp=7691 ms, used_size=5914624 bytes (14.4%)
(RDMA_READ_CONSUME_CHECK_CONSUMER) timestamp=7691 ms, used_size=5912576 bytes (14.4%)
(RDMA_READ_CONSUME_CHECK_CONSUMER) timestamp=7691 ms, used_size=5910528 bytes (14.4%)
(RDMA_READ_CONSUME_CHECK_CONSUMER) timestamp=7691 ms, used_size=5908480 bytes (14.4%)
(RDMA_READ_CONSUME_CHECK_CONSUMER) timestamp=7691 ms, used_size=5906432 bytes (14.4%)
(RDMA_READ_CONSUME_CHECK_CONSUMER) timestamp=7691 ms, used_size=5904384 bytes (14.4%)
(RDMA_READ_CONSUME_CHECK_CONSUMER) timestamp=7691 ms, used_size=5902336 bytes (14.4%)
(RDMA_READ_CONSUME_CHECK_CONSUMER) timestamp=7691 ms, used_size=5900288 bytes (14.4%)
(RDMA_READ_CONSUME_CHECK_CONSUMER) timestamp=7691 ms, used_size=5898240 bytes (14.4%)
(RDMA_READ_CONSUME_CHECK_CONSUMER) timestamp=7691 ms, used_size=5896192 bytes (14.4%)
(RDMA_READ_CONSUME_CHECK_CONSUMER) timestamp=7691 ms, used_size=5894144 bytes (14.4%)
(RDMA_READ_CONSUME_CHECK_CONSUMER) timestamp=7691 ms, used_size=5892096 bytes (14.4%)
(RDMA_READ_CONSUME_CHECK_CONSUMER) timestamp=7691 ms, used_size=5890048 bytes (14.4%)
(RDMA_READ_CONSUME_CHECK_CONSUMER) timestamp=7691 ms, used_size=5888000 bytes (14.4%)
(RDMA_READ_CONSUME_CHECK_CONSUMER) timestamp=7691 ms, used_size=5885952 bytes (14.4%)
(RDMA_READ_CONSUME_CHECK_CONSUMER) timestamp=7691 ms, used_size=5883904 bytes (14.4%)
(RDMA_READ_CONSUME_CHECK_CONSUMER) timestamp=7691 ms, used_size=5881856 bytes (14.4%)
(RDMA_READ_CONSUME_CHECK_CONSUMER) timestamp=7691 ms, used_size=5879808 bytes (14.4%)
(RDMA_READ_CONSUME_CHECK_CONSUMER) timestamp=7691 ms, used_size=5877760 bytes (14.3%)
(RDMA_READ_CONSUME_CHECK_CONSUMER) timestamp=7691 ms, used_size=5875712 bytes (14.3%)
(RDMA_READ_CONSUME_CHECK_CONSUMER) timestamp=7691 ms, used_size=5873664 bytes (14.3%)
(RDMA_READ_CONSUME_CHECK_CONSUMER) timestamp=7691 ms, used_size=5871616 bytes (14.3%)
(RDMA_READ_CONSUME_CHECK_CONSUMER) timestamp=7691 ms, used_size=5869568 bytes (14.3%)
(RDMA_READ_CONSUME_CHECK_CONSUMER) timestamp=7691 ms, used_size=5867520 bytes (14.3%)
(RDMA_READ_CONSUME_CHECK_CONSUMER) timestamp=7691 ms, used_size=5865472 bytes (14.3%)
(RDMA_READ_CONSUME_CHECK_CONSUMER) timestamp=7691 ms, used_size=5863424 bytes (14.3%)
(RDMA_READ_CONSUME_CHECK_CONSUMER) timestamp=7691 ms, used_size=5861376 bytes (14.3%)
(RDMA_READ_CONSUME_CHECK_CONSUMER) timestamp=7691 ms, used_size=5859328 bytes (14.3%)
(RDMA_READ_CONSUME_CHECK_CONSUMER) timestamp=7691 ms, used_size=5857280 bytes (14.3%)
(RDMA_READ_CONSUME_CHECK_CONSUMER) timestamp=7691 ms, used_size=5855232 bytes (14.3%)
(RDMA_READ_CONSUME_CHECK_CONSUMER) timestamp=7691 ms, used_size=5853184 bytes (14.3%)
(RDMA_READ_CONSUME_CHECK_CONSUMER) timestamp=7691 ms, used_size=5851136 bytes (14.3%)
(RDMA_READ_CONSUME_CHECK_CONSUMER) timestamp=7691 ms, used_size=5849088 bytes (14.3%)
(RDMA_READ_CONSUME_CHECK_CONSUMER) timestamp=7691 ms, used_size=5847040 bytes (14.3%)
(RDMA_READ_CONSUME_CHECK_CONSUMER) timestamp=7691 ms, used_size=5844992 bytes (14.3%)
(RDMA_READ_CONSUME_CHECK_CONSUMER) timestamp=7691 ms, used_size=5842944 bytes (14.3%)
(RDMA_READ_CONSUME_CHECK_CONSUMER) timestamp=7691 ms, used_size=5840896 bytes (14.3%)
(RDMA_READ_CONSUME_CHECK_CONSUMER) timestamp=7691 ms, used_size=5838848 bytes (14.3%)
(RDMA_READ_CONSUME_CHECK_CONSUMER) timestamp=7691 ms, used_size=5836800 bytes (14.2%)
(RDMA_READ_CONSUME_CHECK_CONSUMER) timestamp=7691 ms, used_size=5834752 bytes (14.2%)
(RDMA_READ_CONSUME_CHECK_CONSUMER) timestamp=7691 ms, used_size=5832704 bytes (14.2%)
(RDMA_READ_CONSUME_CHECK_CONSUMER) timestamp=7691 ms, used_size=5830656 bytes (14.2%)
(RDMA_READ_CONSUME_CHECK_CONSUMER) timestamp=7691 ms, used_size=5828608 bytes (14.2%)
(RDMA_READ_CONSUME_CHECK_CONSUMER) timestamp=7691 ms, used_size=5826560 bytes (14.2%)
(RDMA_READ_CONSUME_CHECK_CONSUMER) timestamp=7691 ms, used_size=5824512 bytes (14.2%)
(RDMA_READ_CONSUME_CHECK_CONSUMER) timestamp=7691 ms, used_size=5822464 bytes (14.2%)
(RDMA_READ_CONSUME_CHECK_CONSUMER) timestamp=7691 ms, used_size=5820416 bytes (14.2%)
(RDMA_READ_CONSUME_CHECK_CONSUMER) timestamp=7691 ms, used_size=5818368 bytes (14.2%)
(RDMA_READ_CONSUME_CHECK_CONSUMER) timestamp=7691 ms, used_size=5816320 bytes (14.2%)
(RDMA_READ_CONSUME_CHECK_CONSUMER) timestamp=7691 ms, used_size=5814272 bytes (14.2%)
(RDMA_READ_CONSUME_CHECK_CONSUMER) timestamp=7691 ms, used_size=5812224 bytes (14.2%)
(RDMA_READ_CONSUME_CHECK_CONSUMER) timestamp=7691 ms, used_size=5810176 bytes (14.2%)
(RDMA_READ_CONSUME_CHECK_CONSUMER) timestamp=7691 ms, used_size=5808128 bytes (14.2%)
(RDMA_READ_CONSUME_CHECK_CONSUMER) timestamp=7691 ms, used_size=5806080 bytes (14.2%)
(RDMA_READ_CONSUME_CHECK_CONSUMER) timestamp=7691 ms, used_size=5804032 bytes (14.2%)
(RDMA_READ_CONSUME_CHECK_CONSUMER) timestamp=7691 ms, used_size=5801984 bytes (14.2%)
(RDMA_READ_CONSUME_CHECK_CONSUMER) timestamp=7691 ms, used_size=5799936 bytes (14.2%)
(RDMA_READ_CONSUME_CHECK_CONSUMER) timestamp=7691 ms, used_size=5797888 bytes (14.2%)
(RDMA_READ_CONSUME_CHECK_CONSUMER) timestamp=7691 ms, used_size=5795840 bytes (14.2%)
(RDMA_READ_CONSUME_CHECK_CONSUMER) timestamp=7691 ms, used_size=5793792 bytes (14.1%)
(RDMA_READ_CONSUME_CHECK_CONSUMER) timestamp=7691 ms, used_size=5791744 bytes (14.1%)
(RDMA_READ_CONSUME_CHECK_CONSUMER) timestamp=7691 ms, used_size=5789696 bytes (14.1%)
(RDMA_READ_CONSUME_CHECK_CONSUMER) timestamp=7691 ms, used_size=5787648 bytes (14.1%)
(RDMA_READ_CONSUME_CHECK_CONSUMER) timestamp=7691 ms, used_size=5785600 bytes (14.1%)
(RDMA_READ_CONSUME_CHECK_CONSUMER) timestamp=7691 ms, used_size=5783552 bytes (14.1%)
(RDMA_READ_CONSUME_CHECK_CONSUMER) timestamp=7691 ms, used_size=5781504 bytes (14.1%)
(RDMA_READ_CONSUME_CHECK_CONSUMER) timestamp=7691 ms, used_size=5779456 bytes (14.1%)
(RDMA_READ_CONSUME_CHECK_CONSUMER) timestamp=7691 ms, used_size=5777408 bytes (14.1%)
(RDMA_READ_CONSUME_CHECK_CONSUMER) timestamp=7691 ms, used_size=5775360 bytes (14.1%)
(RDMA_READ_CONSUME_CHECK_CONSUMER) timestamp=7691 ms, used_size=5773312 bytes (14.1%)
(RDMA_READ_CONSUME_CHECK_CONSUMER) timestamp=7691 ms, used_size=5771264 bytes (14.1%)
(RDMA_READ_CONSUME_CHECK_CONSUMER) timestamp=7691 ms, used_size=5769216 bytes (14.1%)
(RDMA_READ_CONSUME_CHECK_CONSUMER) timestamp=7691 ms, used_size=5767168 bytes (14.1%)
(RDMA_READ_CONSUME_CHECK_CONSUMER) timestamp=7691 ms, used_size=5765120 bytes (14.1%)
(RDMA_READ_CONSUME_CHECK_CONSUMER) timestamp=7691 ms, used_size=5763072 bytes (14.1%)
(RDMA_READ_CONSUME_CHECK_CONSUMER) timestamp=7691 ms, used_size=5761024 bytes (14.1%)
(RDMA_READ_CONSUME_CHECK_CONSUMER) timestamp=7691 ms, used_size=5758976 bytes (14.1%)
(RDMA_READ_CONSUME_CHECK_CONSUMER) timestamp=7691 ms, used_size=5756928 bytes (14.1%)
(RDMA_READ_CONSUME_CHECK_CONSUMER) timestamp=7691 ms, used_size=5754880 bytes (14.1%)
(RDMA_READ_CONSUME_CHECK_CONSUMER) timestamp=7691 ms, used_size=5752832 bytes (14.0%)
(RDMA_READ_CONSUME_CHECK_CONSUMER) timestamp=7691 ms, used_size=5750784 bytes (14.0%)
(RDMA_READ_CONSUME_CHECK_CONSUMER) timestamp=7691 ms, used_size=5748736 bytes (14.0%)
(RDMA_READ_CONSUME_CHECK_CONSUMER) timestamp=7691 ms, used_size=5746688 bytes (14.0%)
(RDMA_READ_CONSUME_CHECK_CONSUMER) timestamp=7691 ms, used_size=5744640 bytes (14.0%)
(RDMA_READ_CONSUME_CHECK_CONSUMER) timestamp=7691 ms, used_size=5742592 bytes (14.0%)
(RDMA_READ_CONSUME_CHECK_CONSUMER) timestamp=7691 ms, used_size=5740544 bytes (14.0%)
(RDMA_READ_CONSUME_CHECK_CONSUMER) timestamp=7691 ms, used_size=5738496 bytes (14.0%)
(RDMA_READ_CONSUME_CHECK_CONSUMER) timestamp=7691 ms, used_size=5736448 bytes (14.0%)
(RDMA_READ_CONSUME_CHECK_CONSUMER) timestamp=7691 ms, used_size=5734400 bytes (14.0%)
(RDMA_READ_CONSUME_CHECK_CONSUMER) timestamp=7691 ms, used_size=5732352 bytes (14.0%)
(RDMA_READ_CONSUME_CHECK_CONSUMER) timestamp=7691 ms, used_size=5730304 bytes (14.0%)
(RDMA_READ_CONSUME_CHECK_CONSUMER) timestamp=7691 ms, used_size=5728256 bytes (14.0%)
(RDMA_READ_CONSUME_CHECK_CONSUMER) timestamp=7691 ms, used_size=5726208 bytes (14.0%)
(RDMA_READ_CONSUME_CHECK_CONSUMER) timestamp=7691 ms, used_size=5724160 bytes (14.0%)
(RDMA_READ_CONSUME_CHECK_CONSUMER) timestamp=7691 ms, used_size=5722112 bytes (14.0%)
(RDMA_READ_CONSUME_CHECK_CONSUMER) timestamp=7691 ms, used_size=5720064 bytes (14.0%)
(RDMA_READ_CONSUME_CHECK_CONSUMER) timestamp=7691 ms, used_size=5718016 bytes (14.0%)
(RDMA_READ_CONSUME_CHECK_CONSUMER) timestamp=7691 ms, used_size=5715968 bytes (14.0%)
(RDMA_READ_CONSUME_CHECK_CONSUMER) timestamp=7691 ms, used_size=5713920 bytes (13.9%)
(RDMA_READ_CONSUME_CHECK_CONSUMER) timestamp=7691 ms, used_size=5711872 bytes (13.9%)
(RDMA_READ_CONSUME_CHECK_CONSUMER) timestamp=7691 ms, used_size=5709824 bytes (13.9%)
(RDMA_READ_CONSUME_CHECK_CONSUMER) timestamp=7691 ms, used_size=5707776 bytes (13.9%)
(RDMA_READ_CONSUME_CHECK_CONSUMER) timestamp=7691 ms, used_size=5705728 bytes (13.9%)
(RDMA_READ_CONSUME_CHECK_CONSUMER) timestamp=7691 ms, used_size=5703680 bytes (13.9%)
(RDMA_READ_CONSUME_CHECK_CONSUMER) timestamp=7691 ms, used_size=5701632 bytes (13.9%)
(RDMA_READ_CONSUME_CHECK_CONSUMER) timestamp=7691 ms, used_size=5699584 bytes (13.9%)
(RDMA_READ_CONSUME_CHECK_CONSUMER) timestamp=7691 ms, used_size=5697536 bytes (13.9%)
(RDMA_READ_CONSUME_CHECK_CONSUMER) timestamp=7691 ms, used_size=5695488 bytes (13.9%)
(RDMA_READ_CONSUME_CHECK_CONSUMER) timestamp=7691 ms, used_size=5693440 bytes (13.9%)
(RDMA_READ_CONSUME_CHECK_CONSUMER) timestamp=7691 ms, used_size=5691392 bytes (13.9%)
(RDMA_READ_CONSUME_CHECK_CONSUMER) timestamp=7691 ms, used_size=5689344 bytes (13.9%)
(RDMA_READ_CONSUME_CHECK_CONSUMER) timestamp=7691 ms, used_size=5687296 bytes (13.9%)
(RDMA_READ_CONSUME_CHECK_CONSUMER) timestamp=7691 ms, used_size=5685248 bytes (13.9%)
(RDMA_READ_CONSUME_CHECK_CONSUMER) timestamp=7691 ms, used_size=5683200 bytes (13.9%)
(RDMA_READ_CONSUME_CHECK_CONSUMER) timestamp=7691 ms, used_size=5681152 bytes (13.9%)
(RDMA_READ_CONSUME_CHECK_CONSUMER) timestamp=7691 ms, used_size=5679104 bytes (13.9%)
(RDMA_READ_CONSUME_CHECK_CONSUMER) timestamp=7691 ms, used_size=5677056 bytes (13.9%)
(RDMA_READ_CONSUME_CHECK_CONSUMER) timestamp=7692 ms, used_size=5675008 bytes (13.9%)
(RDMA_READ_CONSUME_CHECK_CONSUMER) timestamp=7692 ms, used_size=5672960 bytes (13.8%)
(RDMA_READ_CONSUME_CHECK_CONSUMER) timestamp=7692 ms, used_size=5670912 bytes (13.8%)
(RDMA_READ_CONSUME_CHECK_CONSUMER) timestamp=7692 ms, used_size=5668864 bytes (13.8%)
(RDMA_READ_CONSUME_CHECK_CONSUMER) timestamp=7692 ms, used_size=5666816 bytes (13.8%)
(RDMA_READ_CONSUME_CHECK_CONSUMER) timestamp=7692 ms, used_size=5664768 bytes (13.8%)
(RDMA_READ_CONSUME_CHECK_CONSUMER) timestamp=7692 ms, used_size=5662720 bytes (13.8%)
(RDMA_READ_CONSUME_CHECK_CONSUMER) timestamp=7692 ms, used_size=5660672 bytes (13.8%)
(RDMA_READ_CONSUME_CHECK_CONSUMER) timestamp=7692 ms, used_size=5658624 bytes (13.8%)
(RDMA_READ_CONSUME_CHECK_CONSUMER) timestamp=7692 ms, used_size=5656576 bytes (13.8%)
(RDMA_READ_CONSUME_CHECK_CONSUMER) timestamp=7692 ms, used_size=5654528 bytes (13.8%)
(RDMA_READ_CONSUME_CHECK_CONSUMER) timestamp=7692 ms, used_size=5652480 bytes (13.8%)
(RDMA_READ_CONSUME_CHECK_CONSUMER) timestamp=7692 ms, used_size=5650432 bytes (13.8%)
(RDMA_READ_CONSUME_CHECK_CONSUMER) timestamp=7692 ms, used_size=5648384 bytes (13.8%)
(RDMA_READ_CONSUME_CHECK_CONSUMER) timestamp=7692 ms, used_size=5646336 bytes (13.8%)
(RDMA_READ_CONSUME_CHECK_CONSUMER) timestamp=7692 ms, used_size=5644288 bytes (13.8%)
(RDMA_READ_CONSUME_CHECK_CONSUMER) timestamp=7692 ms, used_size=5642240 bytes (13.8%)
(RDMA_READ_CONSUME_CHECK_CONSUMER) timestamp=7692 ms, used_size=5640192 bytes (13.8%)
(RDMA_READ_CONSUME_CHECK_CONSUMER) timestamp=7692 ms, used_size=5638144 bytes (13.8%)
(RDMA_READ_CONSUME_CHECK_CONSUMER) timestamp=7692 ms, used_size=5636096 bytes (13.8%)
(RDMA_READ_CONSUME_CHECK_CONSUMER) timestamp=7692 ms, used_size=5634048 bytes (13.8%)
(RDMA_READ_CONSUME_CHECK_CONSUMER) timestamp=7692 ms, used_size=5632000 bytes (13.8%)
(RDMA_READ_CONSUME_CHECK_CONSUMER) timestamp=7692 ms, used_size=5629952 bytes (13.7%)
(RDMA_READ_CONSUME_CHECK_CONSUMER) timestamp=7692 ms, used_size=5627904 bytes (13.7%)
(RDMA_READ_CONSUME_CHECK_CONSUMER) timestamp=7692 ms, used_size=5625856 bytes (13.7%)
(RDMA_READ_CONSUME_CHECK_CONSUMER) timestamp=7692 ms, used_size=5623808 bytes (13.7%)
(RDMA_READ_CONSUME_CHECK_CONSUMER) timestamp=7692 ms, used_size=5621760 bytes (13.7%)
(RDMA_READ_CONSUME_CHECK_CONSUMER) timestamp=7692 ms, used_size=5619712 bytes (13.7%)
(RDMA_READ_CONSUME_CHECK_CONSUMER) timestamp=7692 ms, used_size=5617664 bytes (13.7%)
(RDMA_READ_CONSUME_CHECK_CONSUMER) timestamp=7692 ms, used_size=5615616 bytes (13.7%)
(RDMA_READ_CONSUME_CHECK_CONSUMER) timestamp=7692 ms, used_size=5613568 bytes (13.7%)
(RDMA_READ_CONSUME_CHECK_CONSUMER) timestamp=7692 ms, used_size=5611520 bytes (13.7%)
(RDMA_READ_CONSUME_CHECK_CONSUMER) timestamp=7692 ms, used_size=5609472 bytes (13.7%)
(RDMA_READ_CONSUME_CHECK_CONSUMER) timestamp=7692 ms, used_size=5607424 bytes (13.7%)
(RDMA_READ_CONSUME_CHECK_CONSUMER) timestamp=7692 ms, used_size=5605376 bytes (13.7%)
(RDMA_READ_CONSUME_CHECK_CONSUMER) timestamp=7692 ms, used_size=5603328 bytes (13.7%)
(RDMA_READ_CONSUME_CHECK_CONSUMER) timestamp=7692 ms, used_size=5601280 bytes (13.7%)
(RDMA_READ_CONSUME_CHECK_CONSUMER) timestamp=7692 ms, used_size=5599232 bytes (13.7%)
(RDMA_READ_CONSUME_CHECK_CONSUMER) timestamp=7692 ms, used_size=5597184 bytes (13.7%)
(RDMA_READ_CONSUME_CHECK_CONSUMER) timestamp=7692 ms, used_size=5595136 bytes (13.7%)
(RDMA_READ_CONSUME_CHECK_CONSUMER) timestamp=7692 ms, used_size=5593088 bytes (13.7%)
(RDMA_READ_CONSUME_CHECK_CONSUMER) timestamp=7692 ms, used_size=5591040 bytes (13.7%)
(RDMA_READ_CONSUME_CHECK_CONSUMER) timestamp=7692 ms, used_size=5588992 bytes (13.6%)
(RDMA_READ_CONSUME_CHECK_CONSUMER) timestamp=7692 ms, used_size=5586944 bytes (13.6%)
(RDMA_READ_CONSUME_CHECK_CONSUMER) timestamp=7692 ms, used_size=5584896 bytes (13.6%)
(RDMA_READ_CONSUME_CHECK_CONSUMER) timestamp=7692 ms, used_size=5582848 bytes (13.6%)
(RDMA_READ_CONSUME_CHECK_CONSUMER) timestamp=7692 ms, used_size=5580800 bytes (13.6%)
(RDMA_READ_CONSUME_CHECK_CONSUMER) timestamp=7692 ms, used_size=5578752 bytes (13.6%)
(RDMA_READ_CONSUME_CHECK_CONSUMER) timestamp=7692 ms, used_size=5576704 bytes (13.6%)
(RDMA_READ_CONSUME_CHECK_CONSUMER) timestamp=7692 ms, used_size=5574656 bytes (13.6%)
(RDMA_READ_CONSUME_CHECK_CONSUMER) timestamp=7692 ms, used_size=5572608 bytes (13.6%)
(RDMA_READ_CONSUME_CHECK_CONSUMER) timestamp=7692 ms, used_size=5570560 bytes (13.6%)
(RDMA_READ_CONSUME_CHECK_CONSUMER) timestamp=7692 ms, used_size=5568512 bytes (13.6%)
(RDMA_READ_CONSUME_CHECK_CONSUMER) timestamp=7692 ms, used_size=5566464 bytes (13.6%)
(RDMA_READ_CONSUME_CHECK_CONSUMER) timestamp=7692 ms, used_size=5564416 bytes (13.6%)
(RDMA_READ_CONSUME_CHECK_CONSUMER) timestamp=7692 ms, used_size=5562368 bytes (13.6%)
(RDMA_READ_CONSUME_CHECK_CONSUMER) timestamp=7692 ms, used_size=5560320 bytes (13.6%)
(RDMA_READ_CONSUME_CHECK_CONSUMER) timestamp=7692 ms, used_size=5558272 bytes (13.6%)
(RDMA_READ_CONSUME_CHECK_CONSUMER) timestamp=7692 ms, used_size=5556224 bytes (13.6%)
(RDMA_READ_CONSUME_CHECK_CONSUMER) timestamp=7692 ms, used_size=5554176 bytes (13.6%)
(RDMA_READ_CONSUME_CHECK_CONSUMER) timestamp=7692 ms, used_size=5552128 bytes (13.6%)
(RDMA_READ_CONSUME_CHECK_CONSUMER) timestamp=7692 ms, used_size=5550080 bytes (13.6%)
(RDMA_READ_CONSUME_CHECK_CONSUMER) timestamp=7692 ms, used_size=5548032 bytes (13.5%)
(RDMA_READ_CONSUME_CHECK_CONSUMER) timestamp=7692 ms, used_size=5545984 bytes (13.5%)
(RDMA_READ_CONSUME_CHECK_CONSUMER) timestamp=7692 ms, used_size=5543936 bytes (13.5%)
(RDMA_READ_CONSUME_CHECK_CONSUMER) timestamp=7692 ms, used_size=5541888 bytes (13.5%)
(RDMA_READ_CONSUME_CHECK_CONSUMER) timestamp=7692 ms, used_size=5539840 bytes (13.5%)
(RDMA_READ_CONSUME_CHECK_CONSUMER) timestamp=7692 ms, used_size=5537792 bytes (13.5%)
(RDMA_READ_CONSUME_CHECK_CONSUMER) timestamp=7692 ms, used_size=5535744 bytes (13.5%)
(RDMA_READ_CONSUME_CHECK_CONSUMER) timestamp=7692 ms, used_size=5533696 bytes (13.5%)
(RDMA_READ_CONSUME_CHECK_CONSUMER) timestamp=7692 ms, used_size=5531648 bytes (13.5%)
(RDMA_READ_CONSUME_CHECK_CONSUMER) timestamp=7692 ms, used_size=5529600 bytes (13.5%)
(RDMA_READ_CONSUME_CHECK_CONSUMER) timestamp=7692 ms, used_size=5527552 bytes (13.5%)
(RDMA_READ_CONSUME_CHECK_CONSUMER) timestamp=7692 ms, used_size=5525504 bytes (13.5%)
(RDMA_READ_CONSUME_CHECK_CONSUMER) timestamp=7692 ms, used_size=5523456 bytes (13.5%)
(RDMA_READ_CONSUME_CHECK_CONSUMER) timestamp=7692 ms, used_size=5521408 bytes (13.5%)
(RDMA_READ_CONSUME_CHECK_CONSUMER) timestamp=7692 ms, used_size=5519360 bytes (13.5%)
(RDMA_READ_CONSUME_CHECK_CONSUMER) timestamp=7692 ms, used_size=5517312 bytes (13.5%)
(RDMA_READ_CONSUME_CHECK_CONSUMER) timestamp=7692 ms, used_size=5515264 bytes (13.5%)
(RDMA_READ_CONSUME_CHECK_CONSUMER) timestamp=7692 ms, used_size=5513216 bytes (13.5%)
(RDMA_READ_CONSUME_CHECK_CONSUMER) timestamp=7692 ms, used_size=5511168 bytes (13.5%)
(RDMA_READ_CONSUME_CHECK_CONSUMER) timestamp=7692 ms, used_size=5509120 bytes (13.4%)
(RDMA_READ_CONSUME_CHECK_CONSUMER) timestamp=7692 ms, used_size=5507072 bytes (13.4%)
(RDMA_READ_CONSUME_CHECK_CONSUMER) timestamp=7692 ms, used_size=5505024 bytes (13.4%)
(RDMA_READ_CONSUME_CHECK_CONSUMER) timestamp=7692 ms, used_size=5502976 bytes (13.4%)
(RDMA_READ_CONSUME_CHECK_CONSUMER) timestamp=7692 ms, used_size=5500928 bytes (13.4%)
(RDMA_READ_CONSUME_CHECK_CONSUMER) timestamp=7692 ms, used_size=5498880 bytes (13.4%)
(RDMA_READ_CONSUME_CHECK_CONSUMER) timestamp=7692 ms, used_size=5496832 bytes (13.4%)
(RDMA_READ_CONSUME_CHECK_CONSUMER) timestamp=7692 ms, used_size=5494784 bytes (13.4%)
(RDMA_READ_CONSUME_CHECK_CONSUMER) timestamp=7692 ms, used_size=5492736 bytes (13.4%)
(RDMA_READ_CONSUME_CHECK_CONSUMER) timestamp=7692 ms, used_size=5490688 bytes (13.4%)
(RDMA_READ_CONSUME_CHECK_CONSUMER) timestamp=7692 ms, used_size=5488640 bytes (13.4%)
(RDMA_READ_CONSUME_CHECK_CONSUMER) timestamp=7692 ms, used_size=5486592 bytes (13.4%)
(RDMA_READ_CONSUME_CHECK_CONSUMER) timestamp=7692 ms, used_size=5484544 bytes (13.4%)
(RDMA_READ_CONSUME_CHECK_CONSUMER) timestamp=7692 ms, used_size=5482496 bytes (13.4%)
(RDMA_READ_CONSUME_CHECK_CONSUMER) timestamp=7692 ms, used_size=5480448 bytes (13.4%)
(RDMA_READ_CONSUME_CHECK_CONSUMER) timestamp=7692 ms, used_size=5478400 bytes (13.4%)
(RDMA_READ_CONSUME_CHECK_CONSUMER) timestamp=7692 ms, used_size=5476352 bytes (13.4%)
(RDMA_READ_CONSUME_CHECK_CONSUMER) timestamp=7692 ms, used_size=5474304 bytes (13.4%)
(RDMA_READ_CONSUME_CHECK_CONSUMER) timestamp=7692 ms, used_size=5472256 bytes (13.4%)
(RDMA_READ_CONSUME_CHECK_CONSUMER) timestamp=7692 ms, used_size=5470208 bytes (13.4%)
(RDMA_READ_CONSUME_CHECK_CONSUMER) timestamp=7692 ms, used_size=5468160 bytes (13.3%)
(RDMA_READ_CONSUME_CHECK_CONSUMER) timestamp=7692 ms, used_size=5466112 bytes (13.3%)
(RDMA_READ_CONSUME_CHECK_CONSUMER) timestamp=7692 ms, used_size=5464064 bytes (13.3%)
(RDMA_READ_CONSUME_CHECK_CONSUMER) timestamp=7692 ms, used_size=5462016 bytes (13.3%)
(RDMA_READ_CONSUME_CHECK_CONSUMER) timestamp=7692 ms, used_size=5459968 bytes (13.3%)
(RDMA_READ_CONSUME_CHECK_CONSUMER) timestamp=7692 ms, used_size=5457920 bytes (13.3%)
(RDMA_READ_CONSUME_CHECK_CONSUMER) timestamp=7692 ms, used_size=5455872 bytes (13.3%)
(RDMA_READ_CONSUME_CHECK_CONSUMER) timestamp=7692 ms, used_size=5453824 bytes (13.3%)
(RDMA_READ_CONSUME_CHECK_CONSUMER) timestamp=7692 ms, used_size=5451776 bytes (13.3%)
(RDMA_READ_CONSUME_CHECK_CONSUMER) timestamp=7692 ms, used_size=5449728 bytes (13.3%)
(RDMA_READ_CONSUME_CHECK_CONSUMER) timestamp=7692 ms, used_size=5447680 bytes (13.3%)
(RDMA_READ_CONSUME_CHECK_CONSUMER) timestamp=7692 ms, used_size=5445632 bytes (13.3%)
(RDMA_READ_CONSUME_CHECK_CONSUMER) timestamp=7692 ms, used_size=5443584 bytes (13.3%)
(RDMA_READ_CONSUME_CHECK_CONSUMER) timestamp=7692 ms, used_size=5441536 bytes (13.3%)
(RDMA_READ_CONSUME_CHECK_CONSUMER) timestamp=7692 ms, used_size=5439488 bytes (13.3%)
(RDMA_READ_CONSUME_CHECK_CONSUMER) timestamp=7692 ms, used_size=5437440 bytes (13.3%)
(RDMA_READ_CONSUME_CHECK_CONSUMER) timestamp=7692 ms, used_size=5435392 bytes (13.3%)
(RDMA_READ_CONSUME_CHECK_CONSUMER) timestamp=7692 ms, used_size=5433344 bytes (13.3%)
(RDMA_READ_CONSUME_CHECK_CONSUMER) timestamp=7692 ms, used_size=5431296 bytes (13.3%)
(RDMA_READ_CONSUME_CHECK_CONSUMER) timestamp=7692 ms, used_size=5429248 bytes (13.3%)
(RDMA_READ_CONSUME_CHECK_CONSUMER) timestamp=7692 ms, used_size=5427200 bytes (13.2%)
(RDMA_READ_CONSUME_CHECK_CONSUMER) timestamp=7692 ms, used_size=5425152 bytes (13.2%)
(RDMA_READ_CONSUME_CHECK_CONSUMER) timestamp=7692 ms, used_size=5423104 bytes (13.2%)
(RDMA_READ_CONSUME_CHECK_CONSUMER) timestamp=7692 ms, used_size=5421056 bytes (13.2%)
(RDMA_READ_CONSUME_CHECK_CONSUMER) timestamp=7692 ms, used_size=5419008 bytes (13.2%)
(RDMA_READ_CONSUME_CHECK_CONSUMER) timestamp=7692 ms, used_size=5416960 bytes (13.2%)
(RDMA_READ_CONSUME_CHECK_CONSUMER) timestamp=7692 ms, used_size=5414912 bytes (13.2%)
(RDMA_READ_CONSUME_CHECK_CONSUMER) timestamp=7692 ms, used_size=5412864 bytes (13.2%)
(RDMA_READ_CONSUME_CHECK_CONSUMER) timestamp=7692 ms, used_size=5410816 bytes (13.2%)
(RDMA_READ_CONSUME_CHECK_CONSUMER) timestamp=7692 ms, used_size=5408768 bytes (13.2%)
(RDMA_READ_CONSUME_CHECK_CONSUMER) timestamp=7692 ms, used_size=5406720 bytes (13.2%)
(RDMA_READ_CONSUME_CHECK_CONSUMER) timestamp=7692 ms, used_size=5404672 bytes (13.2%)
(RDMA_READ_CONSUME_CHECK_CONSUMER) timestamp=7692 ms, used_size=5402624 bytes (13.2%)
(RDMA_READ_CONSUME_CHECK_CONSUMER) timestamp=7692 ms, used_size=5400576 bytes (13.2%)
(RDMA_READ_CONSUME_CHECK_CONSUMER) timestamp=7692 ms, used_size=5398528 bytes (13.2%)
(RDMA_READ_CONSUME_CHECK_CONSUMER) timestamp=7692 ms, used_size=5396480 bytes (13.2%)
(RDMA_READ_CONSUME_CHECK_CONSUMER) timestamp=7692 ms, used_size=5394432 bytes (13.2%)
(RDMA_READ_CONSUME_CHECK_CONSUMER) timestamp=7692 ms, used_size=5392384 bytes (13.2%)
(RDMA_READ_CONSUME_CHECK_CONSUMER) timestamp=7692 ms, used_size=5390336 bytes (13.2%)
(RDMA_READ_CONSUME_CHECK_CONSUMER) timestamp=7692 ms, used_size=5388288 bytes (13.2%)
(RDMA_READ_CONSUME_CHECK_CONSUMER) timestamp=7692 ms, used_size=5386240 bytes (13.2%)
(RDMA_READ_CONSUME_CHECK_CONSUMER) timestamp=7692 ms, used_size=5384192 bytes (13.1%)
(RDMA_READ_CONSUME_CHECK_CONSUMER) timestamp=7692 ms, used_size=5382144 bytes (13.1%)
(RDMA_READ_CONSUME_CHECK_CONSUMER) timestamp=7692 ms, used_size=5380096 bytes (13.1%)
(RDMA_READ_CONSUME_CHECK_CONSUMER) timestamp=7692 ms, used_size=5378048 bytes (13.1%)
(RDMA_READ_CONSUME_CHECK_CONSUMER) timestamp=7692 ms, used_size=5376000 bytes (13.1%)
(RDMA_READ_CONSUME_CHECK_CONSUMER) timestamp=7692 ms, used_size=5373952 bytes (13.1%)
(RDMA_READ_CONSUME_CHECK_CONSUMER) timestamp=7692 ms, used_size=5371904 bytes (13.1%)
(RDMA_READ_CONSUME_CHECK_CONSUMER) timestamp=7692 ms, used_size=5369856 bytes (13.1%)
(RDMA_READ_CONSUME_CHECK_CONSUMER) timestamp=7692 ms, used_size=5367808 bytes (13.1%)
(RDMA_READ_CONSUME_CHECK_CONSUMER) timestamp=7692 ms, used_size=5365760 bytes (13.1%)
(RDMA_READ_CONSUME_CHECK_CONSUMER) timestamp=7692 ms, used_size=5363712 bytes (13.1%)
(RDMA_READ_CONSUME_CHECK_CONSUMER) timestamp=7692 ms, used_size=5361664 bytes (13.1%)
(RDMA_READ_CONSUME_CHECK_CONSUMER) timestamp=7692 ms, used_size=5359616 bytes (13.1%)
(RDMA_READ_CONSUME_CHECK_CONSUMER) timestamp=7692 ms, used_size=5357568 bytes (13.1%)
(RDMA_READ_CONSUME_CHECK_CONSUMER) timestamp=7692 ms, used_size=5355520 bytes (13.1%)
(RDMA_READ_CONSUME_CHECK_CONSUMER) timestamp=7692 ms, used_size=5353472 bytes (13.1%)
(RDMA_READ_CONSUME_CHECK_CONSUMER) timestamp=7692 ms, used_size=5351424 bytes (13.1%)
(RDMA_READ_CONSUME_CHECK_CONSUMER) timestamp=7692 ms, used_size=5349376 bytes (13.1%)
(RDMA_READ_CONSUME_CHECK_CONSUMER) timestamp=7692 ms, used_size=5347328 bytes (13.1%)
(RDMA_READ_CONSUME_CHECK_CONSUMER) timestamp=7692 ms, used_size=5345280 bytes (13.1%)
(RDMA_READ_CONSUME_CHECK_CONSUMER) timestamp=7692 ms, used_size=5343232 bytes (13.0%)
(RDMA_READ_CONSUME_CHECK_CONSUMER) timestamp=7692 ms, used_size=5341184 bytes (13.0%)
(RDMA_READ_CONSUME_CHECK_CONSUMER) timestamp=7692 ms, used_size=5339136 bytes (13.0%)
(RDMA_READ_CONSUME_CHECK_CONSUMER) timestamp=7692 ms, used_size=5337088 bytes (13.0%)
(RDMA_READ_CONSUME_CHECK_CONSUMER) timestamp=7692 ms, used_size=5335040 bytes (13.0%)
(RDMA_READ_CONSUME_CHECK_CONSUMER) timestamp=7692 ms, used_size=5332992 bytes (13.0%)
(RDMA_READ_CONSUME_CHECK_CONSUMER) timestamp=7692 ms, used_size=5330944 bytes (13.0%)
(RDMA_READ_CONSUME_CHECK_CONSUMER) timestamp=7692 ms, used_size=5328896 bytes (13.0%)
(RDMA_READ_CONSUME_CHECK_CONSUMER) timestamp=7692 ms, used_size=5326848 bytes (13.0%)
(RDMA_READ_CONSUME_CHECK_CONSUMER) timestamp=7692 ms, used_size=5324800 bytes (13.0%)
(RDMA_READ_CONSUME_CHECK_CONSUMER) timestamp=7692 ms, used_size=5322752 bytes (13.0%)
(RDMA_READ_CONSUME_CHECK_CONSUMER) timestamp=7692 ms, used_size=5320704 bytes (13.0%)
(RDMA_READ_CONSUME_CHECK_CONSUMER) timestamp=7692 ms, used_size=5318656 bytes (13.0%)
(RDMA_READ_CONSUME_CHECK_CONSUMER) timestamp=7692 ms, used_size=5316608 bytes (13.0%)
(RDMA_READ_CONSUME_CHECK_CONSUMER) timestamp=7692 ms, used_size=5314560 bytes (13.0%)
(RDMA_READ_CONSUME_CHECK_CONSUMER) timestamp=7692 ms, used_size=5312512 bytes (13.0%)
(RDMA_READ_CONSUME_CHECK_CONSUMER) timestamp=7693 ms, used_size=5310464 bytes (13.0%)
(RDMA_READ_CONSUME_CHECK_CONSUMER) timestamp=7693 ms, used_size=5308416 bytes (13.0%)
(RDMA_READ_CONSUME_CHECK_CONSUMER) timestamp=7693 ms, used_size=5306368 bytes (13.0%)
(RDMA_READ_CONSUME_CHECK_CONSUMER) timestamp=7693 ms, used_size=5304320 bytes (12.9%)
(RDMA_READ_CONSUME_CHECK_CONSUMER) timestamp=7693 ms, used_size=5302272 bytes (12.9%)
(RDMA_READ_CONSUME_CHECK_CONSUMER) timestamp=7693 ms, used_size=5300224 bytes (12.9%)
(RDMA_READ_CONSUME_CHECK_CONSUMER) timestamp=7693 ms, used_size=5298176 bytes (12.9%)
(RDMA_READ_CONSUME_CHECK_CONSUMER) timestamp=7693 ms, used_size=5296128 bytes (12.9%)
(RDMA_READ_CONSUME_CHECK_CONSUMER) timestamp=7693 ms, used_size=5294080 bytes (12.9%)
(RDMA_READ_CONSUME_CHECK_CONSUMER) timestamp=7693 ms, used_size=5292032 bytes (12.9%)
(RDMA_READ_CONSUME_CHECK_CONSUMER) timestamp=7693 ms, used_size=5289984 bytes (12.9%)
(RDMA_READ_CONSUME_CHECK_CONSUMER) timestamp=7693 ms, used_size=5287936 bytes (12.9%)
(RDMA_READ_CONSUME_CHECK_CONSUMER) timestamp=7693 ms, used_size=5285888 bytes (12.9%)
(RDMA_READ_CONSUME_CHECK_CONSUMER) timestamp=7693 ms, used_size=5283840 bytes (12.9%)
(RDMA_READ_CONSUME_CHECK_CONSUMER) timestamp=7693 ms, used_size=5281792 bytes (12.9%)
(RDMA_READ_CONSUME_CHECK_CONSUMER) timestamp=7693 ms, used_size=5279744 bytes (12.9%)
(RDMA_READ_CONSUME_CHECK_CONSUMER) timestamp=7693 ms, used_size=5277696 bytes (12.9%)
(RDMA_READ_CONSUME_CHECK_CONSUMER) timestamp=7693 ms, used_size=5275648 bytes (12.9%)
(RDMA_READ_CONSUME_CHECK_CONSUMER) timestamp=7693 ms, used_size=5273600 bytes (12.9%)
(RDMA_READ_CONSUME_CHECK_CONSUMER) timestamp=7693 ms, used_size=5271552 bytes (12.9%)
(RDMA_READ_CONSUME_CHECK_CONSUMER) timestamp=7693 ms, used_size=5269504 bytes (12.9%)
(RDMA_READ_CONSUME_CHECK_CONSUMER) timestamp=7693 ms, used_size=5267456 bytes (12.9%)
(RDMA_READ_CONSUME_CHECK_CONSUMER) timestamp=7693 ms, used_size=5265408 bytes (12.9%)
(RDMA_READ_CONSUME_CHECK_CONSUMER) timestamp=7693 ms, used_size=5263360 bytes (12.8%)
(RDMA_READ_CONSUME_CHECK_CONSUMER) timestamp=7693 ms, used_size=5261312 bytes (12.8%)
(RDMA_READ_CONSUME_CHECK_CONSUMER) timestamp=7693 ms, used_size=5259264 bytes (12.8%)
(RDMA_READ_CONSUME_CHECK_CONSUMER) timestamp=7693 ms, used_size=5257216 bytes (12.8%)
(RDMA_READ_CONSUME_CHECK_CONSUMER) timestamp=7693 ms, used_size=5255168 bytes (12.8%)
(RDMA_READ_CONSUME_CHECK_CONSUMER) timestamp=7693 ms, used_size=5253120 bytes (12.8%)
(RDMA_READ_CONSUME_CHECK_CONSUMER) timestamp=7693 ms, used_size=5251072 bytes (12.8%)
(RDMA_READ_CONSUME_CHECK_CONSUMER) timestamp=7693 ms, used_size=5249024 bytes (12.8%)
(RDMA_READ_CONSUME_CHECK_CONSUMER) timestamp=7693 ms, used_size=5246976 bytes (12.8%)
(RDMA_READ_CONSUME_CHECK_CONSUMER) timestamp=7693 ms, used_size=5244928 bytes (12.8%)
(RDMA_READ_CONSUME_CHECK_CONSUMER) timestamp=7693 ms, used_size=5242880 bytes (12.8%)
(RDMA_READ_CONSUME_CHECK_CONSUMER) timestamp=7693 ms, used_size=5240832 bytes (12.8%)
(RDMA_READ_CONSUME_CHECK_CONSUMER) timestamp=7693 ms, used_size=5238784 bytes (12.8%)
(RDMA_READ_CONSUME_CHECK_CONSUMER) timestamp=7693 ms, used_size=5236736 bytes (12.8%)
(RDMA_READ_CONSUME_CHECK_CONSUMER) timestamp=7693 ms, used_size=5234688 bytes (12.8%)
(RDMA_READ_CONSUME_CHECK_CONSUMER) timestamp=7693 ms, used_size=5232640 bytes (12.8%)
(RDMA_READ_CONSUME_CHECK_CONSUMER) timestamp=7693 ms, used_size=5230592 bytes (12.8%)
(RDMA_READ_CONSUME_CHECK_CONSUMER) timestamp=7693 ms, used_size=5228544 bytes (12.8%)
(RDMA_READ_CONSUME_CHECK_CONSUMER) timestamp=7693 ms, used_size=5226496 bytes (12.8%)
(RDMA_READ_CONSUME_CHECK_CONSUMER) timestamp=7693 ms, used_size=5224448 bytes (12.8%)
(RDMA_READ_CONSUME_CHECK_CONSUMER) timestamp=7693 ms, used_size=5222400 bytes (12.8%)
(RDMA_READ_CONSUME_CHECK_CONSUMER) timestamp=7693 ms, used_size=5220352 bytes (12.7%)
(RDMA_READ_CONSUME_CHECK_CONSUMER) timestamp=7693 ms, used_size=5218304 bytes (12.7%)
(RDMA_READ_CONSUME_CHECK_CONSUMER) timestamp=7693 ms, used_size=5216256 bytes (12.7%)
(RDMA_READ_CONSUME_CHECK_CONSUMER) timestamp=7693 ms, used_size=5214208 bytes (12.7%)
(RDMA_READ_CONSUME_CHECK_CONSUMER) timestamp=7693 ms, used_size=5212160 bytes (12.7%)
(RDMA_READ_CONSUME_CHECK_CONSUMER) timestamp=7693 ms, used_size=5210112 bytes (12.7%)
(RDMA_READ_CONSUME_CHECK_CONSUMER) timestamp=7693 ms, used_size=5208064 bytes (12.7%)
(RDMA_READ_CONSUME_CHECK_CONSUMER) timestamp=7693 ms, used_size=5206016 bytes (12.7%)
(RDMA_READ_CONSUME_CHECK_CONSUMER) timestamp=7693 ms, used_size=5203968 bytes (12.7%)
(RDMA_READ_CONSUME_CHECK_CONSUMER) timestamp=7693 ms, used_size=5201920 bytes (12.7%)
(RDMA_READ_CONSUME_CHECK_CONSUMER) timestamp=7693 ms, used_size=5199872 bytes (12.7%)
(RDMA_READ_CONSUME_CHECK_CONSUMER) timestamp=7693 ms, used_size=5197824 bytes (12.7%)
(RDMA_READ_CONSUME_CHECK_CONSUMER) timestamp=7693 ms, used_size=5195776 bytes (12.7%)
(RDMA_READ_CONSUME_CHECK_CONSUMER) timestamp=7693 ms, used_size=5193728 bytes (12.7%)
(RDMA_READ_CONSUME_CHECK_CONSUMER) timestamp=7693 ms, used_size=5191680 bytes (12.7%)
(RDMA_READ_CONSUME_CHECK_CONSUMER) timestamp=7693 ms, used_size=5189632 bytes (12.7%)
(RDMA_READ_CONSUME_CHECK_CONSUMER) timestamp=7693 ms, used_size=5187584 bytes (12.7%)
(RDMA_READ_CONSUME_CHECK_CONSUMER) timestamp=7693 ms, used_size=5185536 bytes (12.7%)
(RDMA_READ_CONSUME_CHECK_CONSUMER) timestamp=7693 ms, used_size=5183488 bytes (12.7%)
(RDMA_READ_CONSUME_CHECK_CONSUMER) timestamp=7693 ms, used_size=5181440 bytes (12.7%)
(RDMA_READ_CONSUME_CHECK_CONSUMER) timestamp=7693 ms, used_size=5179392 bytes (12.6%)
(RDMA_READ_CONSUME_CHECK_CONSUMER) timestamp=7693 ms, used_size=5177344 bytes (12.6%)
(RDMA_READ_CONSUME_CHECK_CONSUMER) timestamp=7693 ms, used_size=5175296 bytes (12.6%)
(RDMA_READ_CONSUME_CHECK_CONSUMER) timestamp=7693 ms, used_size=5173248 bytes (12.6%)
(RDMA_READ_CONSUME_CHECK_CONSUMER) timestamp=7693 ms, used_size=5171200 bytes (12.6%)
(RDMA_READ_CONSUME_CHECK_CONSUMER) timestamp=7693 ms, used_size=5169152 bytes (12.6%)
(RDMA_READ_CONSUME_CHECK_CONSUMER) timestamp=7693 ms, used_size=5167104 bytes (12.6%)
(RDMA_READ_CONSUME_CHECK_CONSUMER) timestamp=7693 ms, used_size=5165056 bytes (12.6%)
(RDMA_READ_CONSUME_CHECK_CONSUMER) timestamp=7693 ms, used_size=5163008 bytes (12.6%)
(RDMA_READ_CONSUME_CHECK_CONSUMER) timestamp=7693 ms, used_size=5160960 bytes (12.6%)
(RDMA_READ_CONSUME_CHECK_CONSUMER) timestamp=7693 ms, used_size=5158912 bytes (12.6%)
(RDMA_READ_CONSUME_CHECK_CONSUMER) timestamp=7693 ms, used_size=5156864 bytes (12.6%)
(RDMA_READ_CONSUME_CHECK_CONSUMER) timestamp=7693 ms, used_size=5154816 bytes (12.6%)
(RDMA_READ_CONSUME_CHECK_CONSUMER) timestamp=7693 ms, used_size=5152768 bytes (12.6%)
(RDMA_READ_CONSUME_CHECK_CONSUMER) timestamp=7693 ms, used_size=5150720 bytes (12.6%)
(RDMA_READ_CONSUME_CHECK_CONSUMER) timestamp=7693 ms, used_size=5148672 bytes (12.6%)
(RDMA_READ_CONSUME_CHECK_CONSUMER) timestamp=7693 ms, used_size=5146624 bytes (12.6%)
(RDMA_READ_CONSUME_CHECK_CONSUMER) timestamp=7693 ms, used_size=5144576 bytes (12.6%)
(RDMA_READ_CONSUME_CHECK_CONSUMER) timestamp=7693 ms, used_size=5142528 bytes (12.6%)
(RDMA_READ_CONSUME_CHECK_CONSUMER) timestamp=7693 ms, used_size=5140480 bytes (12.6%)
(RDMA_READ_CONSUME_CHECK_CONSUMER) timestamp=7693 ms, used_size=5138432 bytes (12.5%)
(RDMA_READ_CONSUME_CHECK_CONSUMER) timestamp=7693 ms, used_size=5136384 bytes (12.5%)
(RDMA_READ_CONSUME_CHECK_CONSUMER) timestamp=7693 ms, used_size=5134336 bytes (12.5%)
(RDMA_READ_CONSUME_CHECK_CONSUMER) timestamp=7693 ms, used_size=5132288 bytes (12.5%)
(RDMA_READ_CONSUME_CHECK_CONSUMER) timestamp=7693 ms, used_size=5130240 bytes (12.5%)
(RDMA_READ_CONSUME_CHECK_CONSUMER) timestamp=7693 ms, used_size=5128192 bytes (12.5%)
(RDMA_READ_CONSUME_CHECK_CONSUMER) timestamp=7693 ms, used_size=5126144 bytes (12.5%)
(RDMA_READ_CONSUME_CHECK_CONSUMER) timestamp=7693 ms, used_size=5124096 bytes (12.5%)
(RDMA_READ_CONSUME_CHECK_CONSUMER) timestamp=7693 ms, used_size=5122048 bytes (12.5%)
(RDMA_READ_CONSUME_CHECK_CONSUMER) timestamp=7693 ms, used_size=5120000 bytes (12.5%)
(RDMA_READ_CONSUME_CHECK_CONSUMER) timestamp=7693 ms, used_size=5117952 bytes (12.5%)
(RDMA_READ_CONSUME_CHECK_CONSUMER) timestamp=7693 ms, used_size=5115904 bytes (12.5%)
(RDMA_READ_CONSUME_CHECK_CONSUMER) timestamp=7693 ms, used_size=5113856 bytes (12.5%)
(RDMA_READ_CONSUME_CHECK_CONSUMER) timestamp=7693 ms, used_size=5111808 bytes (12.5%)
(RDMA_READ_CONSUME_CHECK_CONSUMER) timestamp=7693 ms, used_size=5109760 bytes (12.5%)
(RDMA_READ_CONSUME_CHECK_CONSUMER) timestamp=7693 ms, used_size=5107712 bytes (12.5%)
(RDMA_READ_CONSUME_CHECK_CONSUMER) timestamp=7693 ms, used_size=5105664 bytes (12.5%)
(RDMA_READ_CONSUME_CHECK_CONSUMER) timestamp=7693 ms, used_size=5103616 bytes (12.5%)
(RDMA_READ_CONSUME_CHECK_CONSUMER) timestamp=7693 ms, used_size=5101568 bytes (12.5%)
(RDMA_READ_CONSUME_CHECK_CONSUMER) timestamp=7693 ms, used_size=5099520 bytes (12.4%)
(RDMA_READ_CONSUME_CHECK_CONSUMER) timestamp=7693 ms, used_size=5097472 bytes (12.4%)
(RDMA_READ_CONSUME_CHECK_CONSUMER) timestamp=7693 ms, used_size=5095424 bytes (12.4%)
(RDMA_READ_CONSUME_CHECK_CONSUMER) timestamp=7693 ms, used_size=5093376 bytes (12.4%)
(RDMA_READ_CONSUME_CHECK_CONSUMER) timestamp=7693 ms, used_size=5091328 bytes (12.4%)
(RDMA_READ_CONSUME_CHECK_CONSUMER) timestamp=7693 ms, used_size=5089280 bytes (12.4%)
(RDMA_READ_CONSUME_CHECK_CONSUMER) timestamp=7693 ms, used_size=5087232 bytes (12.4%)
(RDMA_READ_CONSUME_CHECK_CONSUMER) timestamp=7693 ms, used_size=5085184 bytes (12.4%)
(RDMA_READ_CONSUME_CHECK_CONSUMER) timestamp=7693 ms, used_size=5083136 bytes (12.4%)
(RDMA_READ_CONSUME_CHECK_CONSUMER) timestamp=7693 ms, used_size=5081088 bytes (12.4%)
(RDMA_READ_CONSUME_CHECK_CONSUMER) timestamp=7693 ms, used_size=5079040 bytes (12.4%)
(RDMA_READ_CONSUME_CHECK_CONSUMER) timestamp=7693 ms, used_size=5076992 bytes (12.4%)
(RDMA_READ_CONSUME_CHECK_CONSUMER) timestamp=7693 ms, used_size=5074944 bytes (12.4%)
(RDMA_READ_CONSUME_CHECK_CONSUMER) timestamp=7693 ms, used_size=5072896 bytes (12.4%)
(RDMA_READ_CONSUME_CHECK_CONSUMER) timestamp=7693 ms, used_size=5070848 bytes (12.4%)
(RDMA_READ_CONSUME_CHECK_CONSUMER) timestamp=7693 ms, used_size=5068800 bytes (12.4%)
(RDMA_READ_CONSUME_CHECK_CONSUMER) timestamp=7693 ms, used_size=5066752 bytes (12.4%)
(RDMA_READ_CONSUME_CHECK_CONSUMER) timestamp=7693 ms, used_size=5064704 bytes (12.4%)
(RDMA_READ_CONSUME_CHECK_CONSUMER) timestamp=7693 ms, used_size=5062656 bytes (12.4%)
(RDMA_READ_CONSUME_CHECK_CONSUMER) timestamp=7693 ms, used_size=5060608 bytes (12.4%)
(RDMA_READ_CONSUME_CHECK_CONSUMER) timestamp=7693 ms, used_size=5058560 bytes (12.3%)
(RDMA_READ_CONSUME_CHECK_CONSUMER) timestamp=7693 ms, used_size=5056512 bytes (12.3%)
(RDMA_READ_CONSUME_CHECK_CONSUMER) timestamp=7693 ms, used_size=5054464 bytes (12.3%)
(RDMA_READ_CONSUME_CHECK_CONSUMER) timestamp=7693 ms, used_size=5052416 bytes (12.3%)
(RDMA_READ_CONSUME_CHECK_CONSUMER) timestamp=7693 ms, used_size=5050368 bytes (12.3%)
(RDMA_READ_CONSUME_CHECK_CONSUMER) timestamp=7693 ms, used_size=5048320 bytes (12.3%)
(RDMA_READ_CONSUME_CHECK_CONSUMER) timestamp=7693 ms, used_size=5046272 bytes (12.3%)
(RDMA_READ_CONSUME_CHECK_CONSUMER) timestamp=7693 ms, used_size=5044224 bytes (12.3%)
(RDMA_READ_CONSUME_CHECK_CONSUMER) timestamp=7693 ms, used_size=5042176 bytes (12.3%)
(RDMA_READ_CONSUME_CHECK_CONSUMER) timestamp=7693 ms, used_size=5040128 bytes (12.3%)
(RDMA_READ_CONSUME_CHECK_CONSUMER) timestamp=7693 ms, used_size=5038080 bytes (12.3%)
(RDMA_READ_CONSUME_CHECK_CONSUMER) timestamp=7693 ms, used_size=5036032 bytes (12.3%)
(RDMA_READ_CONSUME_CHECK_CONSUMER) timestamp=7693 ms, used_size=5033984 bytes (12.3%)
(RDMA_READ_CONSUME_CHECK_CONSUMER) timestamp=7693 ms, used_size=5031936 bytes (12.3%)
(RDMA_READ_CONSUME_CHECK_CONSUMER) timestamp=7693 ms, used_size=5029888 bytes (12.3%)
(RDMA_READ_CONSUME_CHECK_CONSUMER) timestamp=7693 ms, used_size=5027840 bytes (12.3%)
(RDMA_READ_CONSUME_CHECK_CONSUMER) timestamp=7693 ms, used_size=5025792 bytes (12.3%)
(RDMA_READ_CONSUME_CHECK_CONSUMER) timestamp=7693 ms, used_size=5023744 bytes (12.3%)
(RDMA_READ_CONSUME_CHECK_CONSUMER) timestamp=7693 ms, used_size=5021696 bytes (12.3%)
(RDMA_READ_CONSUME_CHECK_CONSUMER) timestamp=7693 ms, used_size=5019648 bytes (12.3%)
(RDMA_READ_CONSUME_CHECK_CONSUMER) timestamp=7693 ms, used_size=5017600 bytes (12.2%)
(RDMA_READ_CONSUME_CHECK_CONSUMER) timestamp=7693 ms, used_size=5015552 bytes (12.2%)
(RDMA_READ_CONSUME_CHECK_CONSUMER) timestamp=7693 ms, used_size=5013504 bytes (12.2%)
(RDMA_READ_CONSUME_CHECK_CONSUMER) timestamp=7693 ms, used_size=5011456 bytes (12.2%)
(RDMA_READ_CONSUME_CHECK_CONSUMER) timestamp=7693 ms, used_size=5009408 bytes (12.2%)
(RDMA_READ_CONSUME_CHECK_CONSUMER) timestamp=7693 ms, used_size=5007360 bytes (12.2%)
(RDMA_READ_CONSUME_CHECK_CONSUMER) timestamp=7693 ms, used_size=5005312 bytes (12.2%)
(RDMA_READ_CONSUME_CHECK_CONSUMER) timestamp=7693 ms, used_size=5003264 bytes (12.2%)
(RDMA_READ_CONSUME_CHECK_CONSUMER) timestamp=7693 ms, used_size=5001216 bytes (12.2%)
(RDMA_READ_CONSUME_CHECK_CONSUMER) timestamp=7693 ms, used_size=4999168 bytes (12.2%)
(RDMA_READ_CONSUME_CHECK_CONSUMER) timestamp=7693 ms, used_size=4997120 bytes (12.2%)
(RDMA_READ_CONSUME_CHECK_CONSUMER) timestamp=7693 ms, used_size=4995072 bytes (12.2%)
(RDMA_READ_CONSUME_CHECK_CONSUMER) timestamp=7693 ms, used_size=4993024 bytes (12.2%)
(RDMA_READ_CONSUME_CHECK_CONSUMER) timestamp=7693 ms, used_size=4990976 bytes (12.2%)
(RDMA_READ_CONSUME_CHECK_CONSUMER) timestamp=7693 ms, used_size=4988928 bytes (12.2%)
(RDMA_READ_CONSUME_CHECK_CONSUMER) timestamp=7693 ms, used_size=4986880 bytes (12.2%)
(RDMA_READ_CONSUME_CHECK_CONSUMER) timestamp=7693 ms, used_size=4984832 bytes (12.2%)
(RDMA_READ_CONSUME_CHECK_CONSUMER) timestamp=7693 ms, used_size=4982784 bytes (12.2%)
(RDMA_READ_CONSUME_CHECK_CONSUMER) timestamp=7693 ms, used_size=4980736 bytes (12.2%)
(RDMA_READ_CONSUME_CHECK_CONSUMER) timestamp=7693 ms, used_size=4978688 bytes (12.2%)
(RDMA_READ_CONSUME_CHECK_CONSUMER) timestamp=7693 ms, used_size=4976640 bytes (12.2%)
(RDMA_READ_CONSUME_CHECK_CONSUMER) timestamp=7693 ms, used_size=4974592 bytes (12.1%)
(RDMA_READ_CONSUME_CHECK_CONSUMER) timestamp=7693 ms, used_size=4972544 bytes (12.1%)
(RDMA_READ_CONSUME_CHECK_CONSUMER) timestamp=7693 ms, used_size=4970496 bytes (12.1%)
(RDMA_READ_CONSUME_CHECK_CONSUMER) timestamp=7693 ms, used_size=4968448 bytes (12.1%)
(RDMA_READ_CONSUME_CHECK_CONSUMER) timestamp=7693 ms, used_size=4966400 bytes (12.1%)
(RDMA_READ_CONSUME_CHECK_CONSUMER) timestamp=7693 ms, used_size=4964352 bytes (12.1%)
(RDMA_READ_CONSUME_CHECK_CONSUMER) timestamp=7693 ms, used_size=4962304 bytes (12.1%)
(RDMA_READ_CONSUME_CHECK_CONSUMER) timestamp=7693 ms, used_size=4960256 bytes (12.1%)
(RDMA_READ_CONSUME_CHECK_CONSUMER) timestamp=7693 ms, used_size=4958208 bytes (12.1%)
(RDMA_READ_CONSUME_CHECK_CONSUMER) timestamp=7693 ms, used_size=4956160 bytes (12.1%)
(RDMA_READ_CONSUME_CHECK_CONSUMER) timestamp=7693 ms, used_size=4954112 bytes (12.1%)
(RDMA_READ_CONSUME_CHECK_CONSUMER) timestamp=7693 ms, used_size=4952064 bytes (12.1%)
(RDMA_READ_CONSUME_CHECK_CONSUMER) timestamp=7693 ms, used_size=4950016 bytes (12.1%)
(RDMA_READ_CONSUME_CHECK_CONSUMER) timestamp=7693 ms, used_size=4947968 bytes (12.1%)
(RDMA_READ_CONSUME_CHECK_CONSUMER) timestamp=7693 ms, used_size=4945920 bytes (12.1%)
(RDMA_READ_CONSUME_CHECK_CONSUMER) timestamp=7693 ms, used_size=4943872 bytes (12.1%)
(RDMA_READ_CONSUME_CHECK_CONSUMER) timestamp=7693 ms, used_size=4941824 bytes (12.1%)
(RDMA_READ_CONSUME_CHECK_CONSUMER) timestamp=7694 ms, used_size=4939776 bytes (12.1%)
(RDMA_READ_CONSUME_CHECK_CONSUMER) timestamp=7694 ms, used_size=4937728 bytes (12.1%)
(RDMA_READ_CONSUME_CHECK_CONSUMER) timestamp=7694 ms, used_size=4935680 bytes (12.1%)
(RDMA_READ_CONSUME_CHECK_CONSUMER) timestamp=7694 ms, used_size=4933632 bytes (12.0%)
(RDMA_READ_CONSUME_CHECK_CONSUMER) timestamp=7694 ms, used_size=4931584 bytes (12.0%)
(RDMA_READ_CONSUME_CHECK_CONSUMER) timestamp=7694 ms, used_size=4929536 bytes (12.0%)
(RDMA_READ_CONSUME_CHECK_CONSUMER) timestamp=7694 ms, used_size=4927488 bytes (12.0%)
(RDMA_READ_CONSUME_CHECK_CONSUMER) timestamp=7694 ms, used_size=4925440 bytes (12.0%)
(RDMA_READ_CONSUME_CHECK_CONSUMER) timestamp=7694 ms, used_size=4923392 bytes (12.0%)
(RDMA_READ_CONSUME_CHECK_CONSUMER) timestamp=7694 ms, used_size=4921344 bytes (12.0%)
(RDMA_READ_CONSUME_CHECK_CONSUMER) timestamp=7694 ms, used_size=4919296 bytes (12.0%)
(RDMA_READ_CONSUME_CHECK_CONSUMER) timestamp=7694 ms, used_size=4917248 bytes (12.0%)
(RDMA_READ_CONSUME_CHECK_CONSUMER) timestamp=7694 ms, used_size=4915200 bytes (12.0%)
(RDMA_READ_CONSUME_CHECK_CONSUMER) timestamp=7694 ms, used_size=4913152 bytes (12.0%)
(RDMA_READ_CONSUME_CHECK_CONSUMER) timestamp=7694 ms, used_size=4911104 bytes (12.0%)
(RDMA_READ_CONSUME_CHECK_CONSUMER) timestamp=7694 ms, used_size=4909056 bytes (12.0%)
(RDMA_READ_CONSUME_CHECK_CONSUMER) timestamp=7694 ms, used_size=4907008 bytes (12.0%)
(RDMA_READ_CONSUME_CHECK_CONSUMER) timestamp=7694 ms, used_size=4904960 bytes (12.0%)
(RDMA_READ_CONSUME_CHECK_CONSUMER) timestamp=7694 ms, used_size=4902912 bytes (12.0%)
(RDMA_READ_CONSUME_CHECK_CONSUMER) timestamp=7694 ms, used_size=4900864 bytes (12.0%)
(RDMA_READ_CONSUME_CHECK_CONSUMER) timestamp=7694 ms, used_size=4898816 bytes (12.0%)
(RDMA_READ_CONSUME_CHECK_CONSUMER) timestamp=7694 ms, used_size=4896768 bytes (12.0%)
(RDMA_READ_CONSUME_CHECK_CONSUMER) timestamp=7694 ms, used_size=4894720 bytes (11.9%)
(RDMA_READ_CONSUME_CHECK_CONSUMER) timestamp=7694 ms, used_size=4892672 bytes (11.9%)
(RDMA_READ_CONSUME_CHECK_CONSUMER) timestamp=7694 ms, used_size=4890624 bytes (11.9%)
(RDMA_READ_CONSUME_CHECK_CONSUMER) timestamp=7694 ms, used_size=4888576 bytes (11.9%)
(RDMA_READ_CONSUME_CHECK_CONSUMER) timestamp=7694 ms, used_size=4886528 bytes (11.9%)
(RDMA_READ_CONSUME_CHECK_CONSUMER) timestamp=7694 ms, used_size=4884480 bytes (11.9%)
(RDMA_READ_CONSUME_CHECK_CONSUMER) timestamp=7694 ms, used_size=4882432 bytes (11.9%)
(RDMA_READ_CONSUME_CHECK_CONSUMER) timestamp=7694 ms, used_size=4880384 bytes (11.9%)
(RDMA_READ_CONSUME_CHECK_CONSUMER) timestamp=7694 ms, used_size=4878336 bytes (11.9%)
(RDMA_READ_CONSUME_CHECK_CONSUMER) timestamp=7694 ms, used_size=4876288 bytes (11.9%)
(RDMA_READ_CONSUME_CHECK_CONSUMER) timestamp=7694 ms, used_size=4874240 bytes (11.9%)
(RDMA_READ_CONSUME_CHECK_CONSUMER) timestamp=7694 ms, used_size=4872192 bytes (11.9%)
(RDMA_READ_CONSUME_CHECK_CONSUMER) timestamp=7694 ms, used_size=4870144 bytes (11.9%)
(RDMA_READ_CONSUME_CHECK_CONSUMER) timestamp=7694 ms, used_size=4868096 bytes (11.9%)
(RDMA_READ_CONSUME_CHECK_CONSUMER) timestamp=7694 ms, used_size=4866048 bytes (11.9%)
(RDMA_READ_CONSUME_CHECK_CONSUMER) timestamp=7694 ms, used_size=4864000 bytes (11.9%)
(RDMA_READ_CONSUME_CHECK_CONSUMER) timestamp=7694 ms, used_size=4861952 bytes (11.9%)
(RDMA_READ_CONSUME_CHECK_CONSUMER) timestamp=7694 ms, used_size=4859904 bytes (11.9%)
(RDMA_READ_CONSUME_CHECK_CONSUMER) timestamp=7694 ms, used_size=4857856 bytes (11.9%)
(RDMA_READ_CONSUME_CHECK_CONSUMER) timestamp=7694 ms, used_size=4855808 bytes (11.9%)
(RDMA_READ_CONSUME_CHECK_CONSUMER) timestamp=7694 ms, used_size=4853760 bytes (11.8%)
(RDMA_READ_CONSUME_CHECK_CONSUMER) timestamp=7694 ms, used_size=4851712 bytes (11.8%)
(RDMA_READ_CONSUME_CHECK_CONSUMER) timestamp=7694 ms, used_size=4849664 bytes (11.8%)
(RDMA_READ_CONSUME_CHECK_CONSUMER) timestamp=7694 ms, used_size=4847616 bytes (11.8%)
(RDMA_READ_CONSUME_CHECK_CONSUMER) timestamp=7694 ms, used_size=4845568 bytes (11.8%)
(RDMA_READ_CONSUME_CHECK_CONSUMER) timestamp=7694 ms, used_size=4843520 bytes (11.8%)
(RDMA_READ_CONSUME_CHECK_CONSUMER) timestamp=7694 ms, used_size=4841472 bytes (11.8%)
(RDMA_READ_CONSUME_CHECK_CONSUMER) timestamp=7694 ms, used_size=4839424 bytes (11.8%)
(RDMA_READ_CONSUME_CHECK_CONSUMER) timestamp=7694 ms, used_size=4837376 bytes (11.8%)
(RDMA_READ_CONSUME_CHECK_CONSUMER) timestamp=7694 ms, used_size=4835328 bytes (11.8%)
(RDMA_READ_CONSUME_CHECK_CONSUMER) timestamp=7694 ms, used_size=4833280 bytes (11.8%)
(RDMA_READ_CONSUME_CHECK_CONSUMER) timestamp=7694 ms, used_size=4831232 bytes (11.8%)
(RDMA_READ_CONSUME_CHECK_CONSUMER) timestamp=7694 ms, used_size=4829184 bytes (11.8%)
(RDMA_READ_CONSUME_CHECK_CONSUMER) timestamp=7694 ms, used_size=4827136 bytes (11.8%)
(RDMA_READ_CONSUME_CHECK_CONSUMER) timestamp=7694 ms, used_size=4825088 bytes (11.8%)
(RDMA_READ_CONSUME_CHECK_CONSUMER) timestamp=7694 ms, used_size=4823040 bytes (11.8%)
(RDMA_READ_CONSUME_CHECK_CONSUMER) timestamp=7694 ms, used_size=4820992 bytes (11.8%)
(RDMA_READ_CONSUME_CHECK_CONSUMER) timestamp=7694 ms, used_size=4818944 bytes (11.8%)
(RDMA_READ_CONSUME_CHECK_CONSUMER) timestamp=7694 ms, used_size=4816896 bytes (11.8%)
(RDMA_READ_CONSUME_CHECK_CONSUMER) timestamp=7694 ms, used_size=4814848 bytes (11.8%)
(RDMA_READ_CONSUME_CHECK_CONSUMER) timestamp=7694 ms, used_size=4812800 bytes (11.8%)
(RDMA_READ_CONSUME_CHECK_CONSUMER) timestamp=7694 ms, used_size=4810752 bytes (11.7%)
(RDMA_READ_CONSUME_CHECK_CONSUMER) timestamp=7694 ms, used_size=4808704 bytes (11.7%)
(RDMA_READ_CONSUME_CHECK_CONSUMER) timestamp=7694 ms, used_size=4806656 bytes (11.7%)
(RDMA_READ_CONSUME_CHECK_CONSUMER) timestamp=7694 ms, used_size=4804608 bytes (11.7%)
(RDMA_READ_CONSUME_CHECK_CONSUMER) timestamp=7694 ms, used_size=4802560 bytes (11.7%)
(RDMA_READ_CONSUME_CHECK_CONSUMER) timestamp=7694 ms, used_size=4800512 bytes (11.7%)
(RDMA_READ_CONSUME_CHECK_CONSUMER) timestamp=7694 ms, used_size=4798464 bytes (11.7%)
(RDMA_READ_CONSUME_CHECK_CONSUMER) timestamp=7694 ms, used_size=4796416 bytes (11.7%)
(RDMA_READ_CONSUME_CHECK_CONSUMER) timestamp=7694 ms, used_size=4794368 bytes (11.7%)
(RDMA_READ_CONSUME_CHECK_CONSUMER) timestamp=7694 ms, used_size=4792320 bytes (11.7%)
(RDMA_READ_CONSUME_CHECK_CONSUMER) timestamp=7694 ms, used_size=4790272 bytes (11.7%)
(RDMA_READ_CONSUME_CHECK_CONSUMER) timestamp=7694 ms, used_size=4788224 bytes (11.7%)
(RDMA_READ_CONSUME_CHECK_CONSUMER) timestamp=7694 ms, used_size=4786176 bytes (11.7%)
(RDMA_READ_CONSUME_CHECK_CONSUMER) timestamp=7694 ms, used_size=4784128 bytes (11.7%)
(RDMA_READ_CONSUME_CHECK_CONSUMER) timestamp=7694 ms, used_size=4782080 bytes (11.7%)
(RDMA_READ_CONSUME_CHECK_CONSUMER) timestamp=7694 ms, used_size=4780032 bytes (11.7%)
(RDMA_READ_CONSUME_CHECK_CONSUMER) timestamp=7694 ms, used_size=4777984 bytes (11.7%)
(RDMA_READ_CONSUME_CHECK_CONSUMER) timestamp=7694 ms, used_size=4775936 bytes (11.7%)
(RDMA_READ_CONSUME_CHECK_CONSUMER) timestamp=7694 ms, used_size=4773888 bytes (11.7%)
(RDMA_READ_CONSUME_CHECK_CONSUMER) timestamp=7694 ms, used_size=4771840 bytes (11.7%)
(RDMA_READ_CONSUME_CHECK_CONSUMER) timestamp=7694 ms, used_size=4769792 bytes (11.6%)
(RDMA_READ_CONSUME_CHECK_CONSUMER) timestamp=7694 ms, used_size=4767744 bytes (11.6%)
(RDMA_READ_CONSUME_CHECK_CONSUMER) timestamp=7694 ms, used_size=4765696 bytes (11.6%)
(RDMA_READ_CONSUME_CHECK_CONSUMER) timestamp=7694 ms, used_size=4763648 bytes (11.6%)
(RDMA_READ_CONSUME_CHECK_CONSUMER) timestamp=7694 ms, used_size=4761600 bytes (11.6%)
(RDMA_READ_CONSUME_CHECK_CONSUMER) timestamp=7694 ms, used_size=4759552 bytes (11.6%)
(RDMA_READ_CONSUME_CHECK_CONSUMER) timestamp=7694 ms, used_size=4757504 bytes (11.6%)
(RDMA_READ_CONSUME_CHECK_CONSUMER) timestamp=7694 ms, used_size=4755456 bytes (11.6%)
(RDMA_READ_CONSUME_CHECK_CONSUMER) timestamp=7694 ms, used_size=4753408 bytes (11.6%)
(RDMA_READ_CONSUME_CHECK_CONSUMER) timestamp=7694 ms, used_size=4751360 bytes (11.6%)
(RDMA_READ_CONSUME_CHECK_CONSUMER) timestamp=7694 ms, used_size=4749312 bytes (11.6%)
(RDMA_READ_CONSUME_CHECK_CONSUMER) timestamp=7694 ms, used_size=4747264 bytes (11.6%)
(RDMA_READ_CONSUME_CHECK_CONSUMER) timestamp=7694 ms, used_size=4745216 bytes (11.6%)
(RDMA_READ_CONSUME_CHECK_CONSUMER) timestamp=7694 ms, used_size=4743168 bytes (11.6%)
(RDMA_READ_CONSUME_CHECK_CONSUMER) timestamp=7694 ms, used_size=4741120 bytes (11.6%)
(RDMA_READ_CONSUME_CHECK_CONSUMER) timestamp=7694 ms, used_size=4739072 bytes (11.6%)
(RDMA_READ_CONSUME_CHECK_CONSUMER) timestamp=7694 ms, used_size=4737024 bytes (11.6%)
(RDMA_READ_CONSUME_CHECK_CONSUMER) timestamp=7694 ms, used_size=4734976 bytes (11.6%)
(RDMA_READ_CONSUME_CHECK_CONSUMER) timestamp=7694 ms, used_size=4732928 bytes (11.6%)
(RDMA_READ_CONSUME_CHECK_CONSUMER) timestamp=7694 ms, used_size=4730880 bytes (11.6%)
(RDMA_READ_CONSUME_CHECK_CONSUMER) timestamp=7694 ms, used_size=4728832 bytes (11.5%)
(RDMA_READ_CONSUME_CHECK_CONSUMER) timestamp=7694 ms, used_size=4726784 bytes (11.5%)
(RDMA_READ_CONSUME_CHECK_CONSUMER) timestamp=7694 ms, used_size=4724736 bytes (11.5%)
(RDMA_READ_CONSUME_CHECK_CONSUMER) timestamp=7694 ms, used_size=4722688 bytes (11.5%)
(RDMA_READ_CONSUME_CHECK_CONSUMER) timestamp=7694 ms, used_size=4720640 bytes (11.5%)
(RDMA_READ_CONSUME_CHECK_CONSUMER) timestamp=7694 ms, used_size=4718592 bytes (11.5%)
(RDMA_READ_CONSUME_CHECK_CONSUMER) timestamp=7694 ms, used_size=4716544 bytes (11.5%)
(RDMA_READ_CONSUME_CHECK_CONSUMER) timestamp=7694 ms, used_size=4714496 bytes (11.5%)
(RDMA_READ_CONSUME_CHECK_CONSUMER) timestamp=7694 ms, used_size=4712448 bytes (11.5%)
(RDMA_READ_CONSUME_CHECK_CONSUMER) timestamp=7694 ms, used_size=4710400 bytes (11.5%)
(RDMA_READ_CONSUME_CHECK_CONSUMER) timestamp=7694 ms, used_size=4708352 bytes (11.5%)
(RDMA_READ_CONSUME_CHECK_CONSUMER) timestamp=7694 ms, used_size=4706304 bytes (11.5%)
(RDMA_READ_CONSUME_CHECK_CONSUMER) timestamp=7694 ms, used_size=4704256 bytes (11.5%)
(RDMA_READ_CONSUME_CHECK_CONSUMER) timestamp=7694 ms, used_size=4702208 bytes (11.5%)
(RDMA_READ_CONSUME_CHECK_CONSUMER) timestamp=7694 ms, used_size=4700160 bytes (11.5%)
(RDMA_READ_CONSUME_CHECK_CONSUMER) timestamp=7694 ms, used_size=4698112 bytes (11.5%)
(RDMA_READ_CONSUME_CHECK_CONSUMER) timestamp=7694 ms, used_size=4696064 bytes (11.5%)
(RDMA_READ_CONSUME_CHECK_CONSUMER) timestamp=7694 ms, used_size=4694016 bytes (11.5%)
(RDMA_READ_CONSUME_CHECK_CONSUMER) timestamp=7694 ms, used_size=4691968 bytes (11.5%)
(RDMA_READ_CONSUME_CHECK_CONSUMER) timestamp=7694 ms, used_size=4689920 bytes (11.4%)
(RDMA_READ_CONSUME_CHECK_CONSUMER) timestamp=7694 ms, used_size=4687872 bytes (11.4%)
(RDMA_READ_CONSUME_CHECK_CONSUMER) timestamp=7694 ms, used_size=4685824 bytes (11.4%)
(RDMA_READ_CONSUME_CHECK_CONSUMER) timestamp=7694 ms, used_size=4683776 bytes (11.4%)
(RDMA_READ_CONSUME_CHECK_CONSUMER) timestamp=7694 ms, used_size=4681728 bytes (11.4%)
(RDMA_READ_CONSUME_CHECK_CONSUMER) timestamp=7694 ms, used_size=4679680 bytes (11.4%)
(RDMA_READ_CONSUME_CHECK_CONSUMER) timestamp=7694 ms, used_size=4677632 bytes (11.4%)
(RDMA_READ_CONSUME_CHECK_CONSUMER) timestamp=7694 ms, used_size=4675584 bytes (11.4%)
(RDMA_READ_CONSUME_CHECK_CONSUMER) timestamp=7694 ms, used_size=4673536 bytes (11.4%)
(RDMA_READ_CONSUME_CHECK_CONSUMER) timestamp=7694 ms, used_size=4671488 bytes (11.4%)
(RDMA_READ_CONSUME_CHECK_CONSUMER) timestamp=7694 ms, used_size=4669440 bytes (11.4%)
(RDMA_READ_CONSUME_CHECK_CONSUMER) timestamp=7694 ms, used_size=4667392 bytes (11.4%)
(RDMA_READ_CONSUME_CHECK_CONSUMER) timestamp=7694 ms, used_size=4665344 bytes (11.4%)
(RDMA_READ_CONSUME_CHECK_CONSUMER) timestamp=7694 ms, used_size=4663296 bytes (11.4%)
(RDMA_READ_CONSUME_CHECK_CONSUMER) timestamp=7694 ms, used_size=4661248 bytes (11.4%)
(RDMA_READ_CONSUME_CHECK_CONSUMER) timestamp=7694 ms, used_size=4659200 bytes (11.4%)
(RDMA_READ_CONSUME_CHECK_CONSUMER) timestamp=7694 ms, used_size=4657152 bytes (11.4%)
(RDMA_READ_CONSUME_CHECK_CONSUMER) timestamp=7694 ms, used_size=4655104 bytes (11.4%)
(RDMA_READ_CONSUME_CHECK_CONSUMER) timestamp=7694 ms, used_size=4653056 bytes (11.4%)
(RDMA_READ_CONSUME_CHECK_CONSUMER) timestamp=7694 ms, used_size=4651008 bytes (11.4%)
(RDMA_READ_CONSUME_CHECK_CONSUMER) timestamp=7694 ms, used_size=4648960 bytes (11.3%)
(RDMA_READ_CONSUME_CHECK_CONSUMER) timestamp=7694 ms, used_size=4646912 bytes (11.3%)
(RDMA_READ_CONSUME_CHECK_CONSUMER) timestamp=7694 ms, used_size=4644864 bytes (11.3%)
(RDMA_READ_CONSUME_CHECK_CONSUMER) timestamp=7694 ms, used_size=4642816 bytes (11.3%)
(RDMA_READ_CONSUME_CHECK_CONSUMER) timestamp=7694 ms, used_size=4640768 bytes (11.3%)
(RDMA_READ_CONSUME_CHECK_CONSUMER) timestamp=7694 ms, used_size=4638720 bytes (11.3%)
(RDMA_READ_CONSUME_CHECK_CONSUMER) timestamp=7694 ms, used_size=4636672 bytes (11.3%)
(RDMA_READ_CONSUME_CHECK_CONSUMER) timestamp=7694 ms, used_size=4634624 bytes (11.3%)
(RDMA_READ_CONSUME_CHECK_CONSUMER) timestamp=7694 ms, used_size=4632576 bytes (11.3%)
(RDMA_READ_CONSUME_CHECK_CONSUMER) timestamp=7694 ms, used_size=4630528 bytes (11.3%)
(RDMA_READ_CONSUME_CHECK_CONSUMER) timestamp=7694 ms, used_size=4628480 bytes (11.3%)
(RDMA_READ_CONSUME_CHECK_CONSUMER) timestamp=7694 ms, used_size=4626432 bytes (11.3%)
(RDMA_READ_CONSUME_CHECK_CONSUMER) timestamp=7694 ms, used_size=4624384 bytes (11.3%)
(RDMA_READ_CONSUME_CHECK_CONSUMER) timestamp=7694 ms, used_size=4622336 bytes (11.3%)
(RDMA_READ_CONSUME_CHECK_CONSUMER) timestamp=7694 ms, used_size=4620288 bytes (11.3%)
(RDMA_READ_CONSUME_CHECK_CONSUMER) timestamp=7694 ms, used_size=4618240 bytes (11.3%)
(RDMA_READ_CONSUME_CHECK_CONSUMER) timestamp=7694 ms, used_size=4616192 bytes (11.3%)
(RDMA_READ_CONSUME_CHECK_CONSUMER) timestamp=7694 ms, used_size=4614144 bytes (11.3%)
(RDMA_READ_CONSUME_CHECK_CONSUMER) timestamp=7694 ms, used_size=4612096 bytes (11.3%)
(RDMA_READ_CONSUME_CHECK_CONSUMER) timestamp=7694 ms, used_size=4610048 bytes (11.3%)
(RDMA_READ_CONSUME_CHECK_CONSUMER) timestamp=7694 ms, used_size=4608000 bytes (11.2%)
(RDMA_READ_CONSUME_CHECK_CONSUMER) timestamp=7694 ms, used_size=4605952 bytes (11.2%)
(RDMA_READ_CONSUME_CHECK_CONSUMER) timestamp=7694 ms, used_size=4603904 bytes (11.2%)
(RDMA_READ_CONSUME_CHECK_CONSUMER) timestamp=7694 ms, used_size=4601856 bytes (11.2%)
(RDMA_READ_CONSUME_CHECK_CONSUMER) timestamp=7694 ms, used_size=4599808 bytes (11.2%)
(RDMA_READ_CONSUME_CHECK_CONSUMER) timestamp=7694 ms, used_size=4597760 bytes (11.2%)
(RDMA_READ_CONSUME_CHECK_CONSUMER) timestamp=7694 ms, used_size=4595712 bytes (11.2%)
(RDMA_READ_CONSUME_CHECK_CONSUMER) timestamp=7694 ms, used_size=4593664 bytes (11.2%)
(RDMA_READ_CONSUME_CHECK_CONSUMER) timestamp=7694 ms, used_size=4591616 bytes (11.2%)
(RDMA_READ_CONSUME_CHECK_CONSUMER) timestamp=7694 ms, used_size=4589568 bytes (11.2%)
(RDMA_READ_CONSUME_CHECK_CONSUMER) timestamp=7694 ms, used_size=4587520 bytes (11.2%)
(RDMA_READ_CONSUME_CHECK_CONSUMER) timestamp=7694 ms, used_size=4585472 bytes (11.2%)
(RDMA_READ_CONSUME_CHECK_CONSUMER) timestamp=7694 ms, used_size=4583424 bytes (11.2%)
(RDMA_READ_CONSUME_CHECK_CONSUMER) timestamp=7694 ms, used_size=4581376 bytes (11.2%)
(RDMA_READ_CONSUME_CHECK_CONSUMER) timestamp=7694 ms, used_size=4579328 bytes (11.2%)
(RDMA_READ_CONSUME_CHECK_CONSUMER) timestamp=7694 ms, used_size=4577280 bytes (11.2%)
(RDMA_READ_CONSUME_CHECK_CONSUMER) timestamp=7694 ms, used_size=4575232 bytes (11.2%)
(RDMA_READ_CONSUME_CHECK_CONSUMER) timestamp=7694 ms, used_size=4573184 bytes (11.2%)
(RDMA_READ_CONSUME_CHECK_CONSUMER) timestamp=7694 ms, used_size=4571136 bytes (11.2%)
(RDMA_READ_CONSUME_CHECK_CONSUMER) timestamp=7694 ms, used_size=4569088 bytes (11.2%)
(RDMA_READ_CONSUME_CHECK_CONSUMER) timestamp=7694 ms, used_size=4567040 bytes (11.2%)
(RDMA_READ_CONSUME_CHECK_CONSUMER) timestamp=7694 ms, used_size=4564992 bytes (11.1%)
(RDMA_READ_CONSUME_CHECK_CONSUMER) timestamp=7694 ms, used_size=4562944 bytes (11.1%)
(RDMA_READ_CONSUME_CHECK_CONSUMER) timestamp=7694 ms, used_size=4560896 bytes (11.1%)
(RDMA_READ_CONSUME_CHECK_CONSUMER) timestamp=7694 ms, used_size=4558848 bytes (11.1%)
(RDMA_READ_CONSUME_CHECK_CONSUMER) timestamp=7694 ms, used_size=4556800 bytes (11.1%)
(RDMA_READ_CONSUME_CHECK_CONSUMER) timestamp=7694 ms, used_size=4554752 bytes (11.1%)
(RDMA_READ_CONSUME_CHECK_CONSUMER) timestamp=7695 ms, used_size=4552704 bytes (11.1%)
(RDMA_READ_CONSUME_CHECK_CONSUMER) timestamp=7695 ms, used_size=4550656 bytes (11.1%)
(RDMA_READ_CONSUME_CHECK_CONSUMER) timestamp=7695 ms, used_size=4548608 bytes (11.1%)
(RDMA_READ_CONSUME_CHECK_CONSUMER) timestamp=7695 ms, used_size=4546560 bytes (11.1%)
(RDMA_READ_CONSUME_CHECK_CONSUMER) timestamp=7695 ms, used_size=4544512 bytes (11.1%)
(RDMA_READ_CONSUME_CHECK_CONSUMER) timestamp=7695 ms, used_size=4542464 bytes (11.1%)
(RDMA_READ_CONSUME_CHECK_CONSUMER) timestamp=7695 ms, used_size=4540416 bytes (11.1%)
(RDMA_READ_CONSUME_CHECK_CONSUMER) timestamp=7695 ms, used_size=4538368 bytes (11.1%)
(RDMA_READ_CONSUME_CHECK_CONSUMER) timestamp=7695 ms, used_size=4536320 bytes (11.1%)
(RDMA_READ_CONSUME_CHECK_CONSUMER) timestamp=7695 ms, used_size=4534272 bytes (11.1%)
(RDMA_READ_CONSUME_CHECK_CONSUMER) timestamp=7695 ms, used_size=4532224 bytes (11.1%)
(RDMA_READ_CONSUME_CHECK_CONSUMER) timestamp=7695 ms, used_size=4530176 bytes (11.1%)
(RDMA_READ_CONSUME_CHECK_CONSUMER) timestamp=7695 ms, used_size=4528128 bytes (11.1%)
(RDMA_READ_CONSUME_CHECK_CONSUMER) timestamp=7695 ms, used_size=4526080 bytes (11.1%)
(RDMA_READ_CONSUME_CHECK_CONSUMER) timestamp=7695 ms, used_size=4524032 bytes (11.0%)
(RDMA_READ_CONSUME_CHECK_CONSUMER) timestamp=7695 ms, used_size=4521984 bytes (11.0%)
(RDMA_READ_CONSUME_CHECK_CONSUMER) timestamp=7695 ms, used_size=4519936 bytes (11.0%)
(RDMA_READ_CONSUME_CHECK_CONSUMER) timestamp=7695 ms, used_size=4517888 bytes (11.0%)
(RDMA_READ_CONSUME_CHECK_CONSUMER) timestamp=7695 ms, used_size=4515840 bytes (11.0%)
(RDMA_READ_CONSUME_CHECK_CONSUMER) timestamp=7695 ms, used_size=4513792 bytes (11.0%)
(RDMA_READ_CONSUME_CHECK_CONSUMER) timestamp=7695 ms, used_size=4511744 bytes (11.0%)
(RDMA_READ_CONSUME_CHECK_CONSUMER) timestamp=7695 ms, used_size=4509696 bytes (11.0%)
(RDMA_READ_CONSUME_CHECK_CONSUMER) timestamp=7695 ms, used_size=4507648 bytes (11.0%)
(RDMA_READ_CONSUME_CHECK_CONSUMER) timestamp=7695 ms, used_size=4505600 bytes (11.0%)
(RDMA_READ_CONSUME_CHECK_CONSUMER) timestamp=7695 ms, used_size=4503552 bytes (11.0%)
(RDMA_READ_CONSUME_CHECK_CONSUMER) timestamp=7695 ms, used_size=4501504 bytes (11.0%)
(RDMA_READ_CONSUME_CHECK_CONSUMER) timestamp=7695 ms, used_size=4499456 bytes (11.0%)
(RDMA_READ_CONSUME_CHECK_CONSUMER) timestamp=7695 ms, used_size=4497408 bytes (11.0%)
(RDMA_READ_CONSUME_CHECK_CONSUMER) timestamp=7695 ms, used_size=4495360 bytes (11.0%)
(RDMA_READ_CONSUME_CHECK_CONSUMER) timestamp=7695 ms, used_size=4493312 bytes (11.0%)
(RDMA_READ_CONSUME_CHECK_CONSUMER) timestamp=7695 ms, used_size=4491264 bytes (11.0%)
(RDMA_READ_CONSUME_CHECK_CONSUMER) timestamp=7695 ms, used_size=4489216 bytes (11.0%)
(RDMA_READ_CONSUME_CHECK_CONSUMER) timestamp=7695 ms, used_size=4487168 bytes (11.0%)
(RDMA_READ_CONSUME_CHECK_CONSUMER) timestamp=7695 ms, used_size=4485120 bytes (10.9%)
(RDMA_READ_CONSUME_CHECK_CONSUMER) timestamp=7695 ms, used_size=4483072 bytes (10.9%)
(RDMA_READ_CONSUME_CHECK_CONSUMER) timestamp=7695 ms, used_size=4481024 bytes (10.9%)
(RDMA_READ_CONSUME_CHECK_CONSUMER) timestamp=7695 ms, used_size=4478976 bytes (10.9%)
(RDMA_READ_CONSUME_CHECK_CONSUMER) timestamp=7695 ms, used_size=4476928 bytes (10.9%)
(RDMA_READ_CONSUME_CHECK_CONSUMER) timestamp=7695 ms, used_size=4474880 bytes (10.9%)
(RDMA_READ_CONSUME_CHECK_CONSUMER) timestamp=7695 ms, used_size=4472832 bytes (10.9%)
(RDMA_READ_CONSUME_CHECK_CONSUMER) timestamp=7695 ms, used_size=4470784 bytes (10.9%)
(RDMA_READ_CONSUME_CHECK_CONSUMER) timestamp=7695 ms, used_size=4468736 bytes (10.9%)
(RDMA_READ_CONSUME_CHECK_CONSUMER) timestamp=7695 ms, used_size=4466688 bytes (10.9%)
(RDMA_READ_CONSUME_CHECK_CONSUMER) timestamp=7695 ms, used_size=4464640 bytes (10.9%)
(RDMA_READ_CONSUME_CHECK_CONSUMER) timestamp=7695 ms, used_size=4462592 bytes (10.9%)
(RDMA_READ_CONSUME_CHECK_CONSUMER) timestamp=7695 ms, used_size=4460544 bytes (10.9%)
(RDMA_READ_CONSUME_CHECK_CONSUMER) timestamp=7695 ms, used_size=4458496 bytes (10.9%)
(RDMA_READ_CONSUME_CHECK_CONSUMER) timestamp=7695 ms, used_size=4456448 bytes (10.9%)
(RDMA_READ_CONSUME_CHECK_CONSUMER) timestamp=7695 ms, used_size=4454400 bytes (10.9%)
(RDMA_READ_CONSUME_CHECK_CONSUMER) timestamp=7695 ms, used_size=4452352 bytes (10.9%)
(RDMA_READ_CONSUME_CHECK_CONSUMER) timestamp=7695 ms, used_size=4450304 bytes (10.9%)
(RDMA_READ_CONSUME_CHECK_CONSUMER) timestamp=7695 ms, used_size=4448256 bytes (10.9%)
(RDMA_READ_CONSUME_CHECK_CONSUMER) timestamp=7695 ms, used_size=4446208 bytes (10.9%)
(RDMA_READ_CONSUME_CHECK_CONSUMER) timestamp=7695 ms, used_size=4444160 bytes (10.8%)
(RDMA_READ_CONSUME_CHECK_CONSUMER) timestamp=7695 ms, used_size=4442112 bytes (10.8%)
(RDMA_READ_CONSUME_CHECK_CONSUMER) timestamp=7695 ms, used_size=4440064 bytes (10.8%)
(RDMA_READ_CONSUME_CHECK_CONSUMER) timestamp=7695 ms, used_size=4438016 bytes (10.8%)
(RDMA_READ_CONSUME_CHECK_CONSUMER) timestamp=7695 ms, used_size=4435968 bytes (10.8%)
(RDMA_READ_CONSUME_CHECK_CONSUMER) timestamp=7695 ms, used_size=4433920 bytes (10.8%)
(RDMA_READ_CONSUME_CHECK_CONSUMER) timestamp=7695 ms, used_size=4431872 bytes (10.8%)
(RDMA_READ_CONSUME_CHECK_CONSUMER) timestamp=7695 ms, used_size=4429824 bytes (10.8%)
(RDMA_READ_CONSUME_CHECK_CONSUMER) timestamp=7695 ms, used_size=4427776 bytes (10.8%)
(RDMA_READ_CONSUME_CHECK_CONSUMER) timestamp=7695 ms, used_size=4425728 bytes (10.8%)
(RDMA_READ_CONSUME_CHECK_CONSUMER) timestamp=7695 ms, used_size=4423680 bytes (10.8%)
(RDMA_READ_CONSUME_CHECK_CONSUMER) timestamp=7695 ms, used_size=4421632 bytes (10.8%)
(RDMA_READ_CONSUME_CHECK_CONSUMER) timestamp=7695 ms, used_size=4419584 bytes (10.8%)
(RDMA_READ_CONSUME_CHECK_CONSUMER) timestamp=7695 ms, used_size=4417536 bytes (10.8%)
(RDMA_READ_CONSUME_CHECK_CONSUMER) timestamp=7695 ms, used_size=4415488 bytes (10.8%)
(RDMA_READ_CONSUME_CHECK_CONSUMER) timestamp=7695 ms, used_size=4413440 bytes (10.8%)
(RDMA_READ_CONSUME_CHECK_CONSUMER) timestamp=7695 ms, used_size=4411392 bytes (10.8%)
(RDMA_READ_CONSUME_CHECK_CONSUMER) timestamp=7695 ms, used_size=4409344 bytes (10.8%)
(RDMA_READ_CONSUME_CHECK_CONSUMER) timestamp=7695 ms, used_size=4407296 bytes (10.8%)
(RDMA_READ_CONSUME_CHECK_CONSUMER) timestamp=7695 ms, used_size=4405248 bytes (10.8%)
(RDMA_READ_CONSUME_CHECK_CONSUMER) timestamp=7695 ms, used_size=4403200 bytes (10.8%)
(RDMA_READ_CONSUME_CHECK_CONSUMER) timestamp=7695 ms, used_size=4401152 bytes (10.7%)
(RDMA_READ_CONSUME_CHECK_CONSUMER) timestamp=7695 ms, used_size=4399104 bytes (10.7%)
(RDMA_READ_CONSUME_CHECK_CONSUMER) timestamp=7695 ms, used_size=4397056 bytes (10.7%)
(RDMA_READ_CONSUME_CHECK_CONSUMER) timestamp=7695 ms, used_size=4395008 bytes (10.7%)
(RDMA_READ_CONSUME_CHECK_CONSUMER) timestamp=7695 ms, used_size=4392960 bytes (10.7%)
(RDMA_READ_CONSUME_CHECK_CONSUMER) timestamp=7695 ms, used_size=4390912 bytes (10.7%)
(RDMA_READ_CONSUME_CHECK_CONSUMER) timestamp=7695 ms, used_size=4388864 bytes (10.7%)
(RDMA_READ_CONSUME_CHECK_CONSUMER) timestamp=7695 ms, used_size=4386816 bytes (10.7%)
(RDMA_READ_CONSUME_CHECK_CONSUMER) timestamp=7695 ms, used_size=4384768 bytes (10.7%)
(RDMA_READ_CONSUME_CHECK_CONSUMER) timestamp=7695 ms, used_size=4382720 bytes (10.7%)
(RDMA_READ_CONSUME_CHECK_CONSUMER) timestamp=7695 ms, used_size=4380672 bytes (10.7%)
(RDMA_READ_CONSUME_CHECK_CONSUMER) timestamp=7695 ms, used_size=4378624 bytes (10.7%)
(RDMA_READ_CONSUME_CHECK_CONSUMER) timestamp=7695 ms, used_size=4376576 bytes (10.7%)
(RDMA_READ_CONSUME_CHECK_CONSUMER) timestamp=7695 ms, used_size=4374528 bytes (10.7%)
(RDMA_READ_CONSUME_CHECK_CONSUMER) timestamp=7695 ms, used_size=4372480 bytes (10.7%)
(RDMA_READ_CONSUME_CHECK_CONSUMER) timestamp=7695 ms, used_size=4370432 bytes (10.7%)
(RDMA_READ_CONSUME_CHECK_CONSUMER) timestamp=7695 ms, used_size=4368384 bytes (10.7%)
(RDMA_READ_CONSUME_CHECK_CONSUMER) timestamp=7695 ms, used_size=4366336 bytes (10.7%)
(RDMA_READ_CONSUME_CHECK_CONSUMER) timestamp=7695 ms, used_size=4364288 bytes (10.7%)
(RDMA_READ_CONSUME_CHECK_CONSUMER) timestamp=7695 ms, used_size=4362240 bytes (10.7%)
(RDMA_READ_CONSUME_CHECK_CONSUMER) timestamp=7695 ms, used_size=4360192 bytes (10.6%)
(RDMA_READ_CONSUME_CHECK_CONSUMER) timestamp=7695 ms, used_size=4358144 bytes (10.6%)
(RDMA_READ_CONSUME_CHECK_CONSUMER) timestamp=7695 ms, used_size=4356096 bytes (10.6%)
(RDMA_READ_CONSUME_CHECK_CONSUMER) timestamp=7695 ms, used_size=4354048 bytes (10.6%)
(RDMA_READ_CONSUME_CHECK_CONSUMER) timestamp=7695 ms, used_size=4352000 bytes (10.6%)
(RDMA_READ_CONSUME_CHECK_CONSUMER) timestamp=7695 ms, used_size=4349952 bytes (10.6%)
(RDMA_READ_CONSUME_CHECK_CONSUMER) timestamp=7695 ms, used_size=4347904 bytes (10.6%)
(RDMA_READ_CONSUME_CHECK_CONSUMER) timestamp=7695 ms, used_size=4345856 bytes (10.6%)
(RDMA_READ_CONSUME_CHECK_CONSUMER) timestamp=7695 ms, used_size=4343808 bytes (10.6%)
(RDMA_READ_CONSUME_CHECK_CONSUMER) timestamp=7695 ms, used_size=4341760 bytes (10.6%)
(RDMA_READ_CONSUME_CHECK_CONSUMER) timestamp=7695 ms, used_size=4339712 bytes (10.6%)
(RDMA_READ_CONSUME_CHECK_CONSUMER) timestamp=7695 ms, used_size=4337664 bytes (10.6%)
(RDMA_READ_CONSUME_CHECK_CONSUMER) timestamp=7695 ms, used_size=4335616 bytes (10.6%)
(RDMA_READ_CONSUME_CHECK_CONSUMER) timestamp=7695 ms, used_size=4333568 bytes (10.6%)
(RDMA_READ_CONSUME_CHECK_CONSUMER) timestamp=7695 ms, used_size=4331520 bytes (10.6%)
(RDMA_READ_CONSUME_CHECK_CONSUMER) timestamp=7695 ms, used_size=4329472 bytes (10.6%)
(RDMA_READ_CONSUME_CHECK_CONSUMER) timestamp=7695 ms, used_size=4327424 bytes (10.6%)
(RDMA_READ_CONSUME_CHECK_CONSUMER) timestamp=7695 ms, used_size=4325376 bytes (10.6%)
(RDMA_READ_CONSUME_CHECK_CONSUMER) timestamp=7695 ms, used_size=4323328 bytes (10.6%)
(RDMA_READ_CONSUME_CHECK_CONSUMER) timestamp=7695 ms, used_size=4321280 bytes (10.6%)
(RDMA_READ_CONSUME_CHECK_CONSUMER) timestamp=7695 ms, used_size=4319232 bytes (10.5%)
(RDMA_READ_CONSUME_CHECK_CONSUMER) timestamp=7695 ms, used_size=4317184 bytes (10.5%)
(RDMA_READ_CONSUME_CHECK_CONSUMER) timestamp=7695 ms, used_size=4315136 bytes (10.5%)
(RDMA_READ_CONSUME_CHECK_CONSUMER) timestamp=7695 ms, used_size=4313088 bytes (10.5%)
(RDMA_READ_CONSUME_CHECK_CONSUMER) timestamp=7695 ms, used_size=4311040 bytes (10.5%)
(RDMA_READ_CONSUME_CHECK_CONSUMER) timestamp=7695 ms, used_size=4308992 bytes (10.5%)
(RDMA_READ_CONSUME_CHECK_CONSUMER) timestamp=7695 ms, used_size=4306944 bytes (10.5%)
(RDMA_READ_CONSUME_CHECK_CONSUMER) timestamp=7695 ms, used_size=4304896 bytes (10.5%)
(RDMA_READ_CONSUME_CHECK_CONSUMER) timestamp=7695 ms, used_size=4302848 bytes (10.5%)
(RDMA_READ_CONSUME_CHECK_CONSUMER) timestamp=7695 ms, used_size=4300800 bytes (10.5%)
(RDMA_READ_CONSUME_CHECK_CONSUMER) timestamp=7695 ms, used_size=4298752 bytes (10.5%)
(RDMA_READ_CONSUME_CHECK_CONSUMER) timestamp=7695 ms, used_size=4296704 bytes (10.5%)
(RDMA_READ_CONSUME_CHECK_CONSUMER) timestamp=7695 ms, used_size=4294656 bytes (10.5%)
(RDMA_READ_CONSUME_CHECK_CONSUMER) timestamp=7695 ms, used_size=4292608 bytes (10.5%)
(RDMA_READ_CONSUME_CHECK_CONSUMER) timestamp=7695 ms, used_size=4290560 bytes (10.5%)
(RDMA_READ_CONSUME_CHECK_CONSUMER) timestamp=7695 ms, used_size=4288512 bytes (10.5%)
(RDMA_READ_CONSUME_CHECK_CONSUMER) timestamp=7695 ms, used_size=4286464 bytes (10.5%)
(RDMA_READ_CONSUME_CHECK_CONSUMER) timestamp=7695 ms, used_size=4284416 bytes (10.5%)
(RDMA_READ_CONSUME_CHECK_CONSUMER) timestamp=7695 ms, used_size=4282368 bytes (10.5%)
(RDMA_READ_CONSUME_CHECK_CONSUMER) timestamp=7695 ms, used_size=4280320 bytes (10.4%)
(RDMA_READ_CONSUME_CHECK_CONSUMER) timestamp=7695 ms, used_size=4278272 bytes (10.4%)
(RDMA_READ_CONSUME_CHECK_CONSUMER) timestamp=7695 ms, used_size=4276224 bytes (10.4%)
(RDMA_READ_CONSUME_CHECK_CONSUMER) timestamp=7695 ms, used_size=4274176 bytes (10.4%)
(RDMA_READ_CONSUME_CHECK_CONSUMER) timestamp=7695 ms, used_size=4272128 bytes (10.4%)
(RDMA_READ_CONSUME_CHECK_CONSUMER) timestamp=7695 ms, used_size=4270080 bytes (10.4%)
(RDMA_READ_CONSUME_CHECK_CONSUMER) timestamp=7695 ms, used_size=4268032 bytes (10.4%)
(RDMA_READ_CONSUME_CHECK_CONSUMER) timestamp=7695 ms, used_size=4265984 bytes (10.4%)
(RDMA_READ_CONSUME_CHECK_CONSUMER) timestamp=7695 ms, used_size=4263936 bytes (10.4%)
(RDMA_READ_CONSUME_CHECK_CONSUMER) timestamp=7695 ms, used_size=4261888 bytes (10.4%)
(RDMA_READ_CONSUME_CHECK_CONSUMER) timestamp=7695 ms, used_size=4259840 bytes (10.4%)
(RDMA_READ_CONSUME_CHECK_CONSUMER) timestamp=7695 ms, used_size=4257792 bytes (10.4%)
(RDMA_READ_CONSUME_CHECK_CONSUMER) timestamp=7695 ms, used_size=4255744 bytes (10.4%)
(RDMA_READ_CONSUME_CHECK_CONSUMER) timestamp=7695 ms, used_size=4253696 bytes (10.4%)
(RDMA_READ_CONSUME_CHECK_CONSUMER) timestamp=7695 ms, used_size=4251648 bytes (10.4%)
(RDMA_READ_CONSUME_CHECK_CONSUMER) timestamp=7695 ms, used_size=4249600 bytes (10.4%)
(RDMA_READ_CONSUME_CHECK_CONSUMER) timestamp=7695 ms, used_size=4247552 bytes (10.4%)
(RDMA_READ_CONSUME_CHECK_CONSUMER) timestamp=7695 ms, used_size=4245504 bytes (10.4%)
(RDMA_READ_CONSUME_CHECK_CONSUMER) timestamp=7695 ms, used_size=4243456 bytes (10.4%)
(RDMA_READ_CONSUME_CHECK_CONSUMER) timestamp=7695 ms, used_size=4241408 bytes (10.4%)
(RDMA_READ_CONSUME_CHECK_CONSUMER) timestamp=7695 ms, used_size=4239360 bytes (10.3%)
(RDMA_READ_CONSUME_CHECK_CONSUMER) timestamp=7695 ms, used_size=4237312 bytes (10.3%)
(RDMA_READ_CONSUME_CHECK_CONSUMER) timestamp=7695 ms, used_size=4235264 bytes (10.3%)
(RDMA_READ_CONSUME_CHECK_CONSUMER) timestamp=7695 ms, used_size=4233216 bytes (10.3%)
(RDMA_READ_CONSUME_CHECK_CONSUMER) timestamp=7695 ms, used_size=4231168 bytes (10.3%)
(RDMA_READ_CONSUME_CHECK_CONSUMER) timestamp=7695 ms, used_size=4229120 bytes (10.3%)
(RDMA_READ_CONSUME_CHECK_CONSUMER) timestamp=7695 ms, used_size=4227072 bytes (10.3%)
(RDMA_READ_CONSUME_CHECK_CONSUMER) timestamp=7695 ms, used_size=4225024 bytes (10.3%)
(RDMA_READ_CONSUME_CHECK_CONSUMER) timestamp=7695 ms, used_size=4222976 bytes (10.3%)
(RDMA_READ_CONSUME_CHECK_CONSUMER) timestamp=7695 ms, used_size=4220928 bytes (10.3%)
(RDMA_READ_CONSUME_CHECK_CONSUMER) timestamp=7695 ms, used_size=4218880 bytes (10.3%)
(RDMA_READ_CONSUME_CHECK_CONSUMER) timestamp=7695 ms, used_size=4216832 bytes (10.3%)
(RDMA_READ_CONSUME_CHECK_CONSUMER) timestamp=7695 ms, used_size=4214784 bytes (10.3%)
(RDMA_READ_CONSUME_CHECK_CONSUMER) timestamp=7695 ms, used_size=4212736 bytes (10.3%)
(RDMA_READ_CONSUME_CHECK_CONSUMER) timestamp=7695 ms, used_size=4210688 bytes (10.3%)
(RDMA_READ_CONSUME_CHECK_CONSUMER) timestamp=7695 ms, used_size=4208640 bytes (10.3%)
(RDMA_READ_CONSUME_CHECK_CONSUMER) timestamp=7695 ms, used_size=4206592 bytes (10.3%)
(RDMA_READ_CONSUME_CHECK_CONSUMER) timestamp=7695 ms, used_size=4204544 bytes (10.3%)
(RDMA_READ_CONSUME_CHECK_CONSUMER) timestamp=7695 ms, used_size=4202496 bytes (10.3%)
(RDMA_READ_CONSUME_CHECK_CONSUMER) timestamp=7695 ms, used_size=4200448 bytes (10.3%)
(RDMA_READ_CONSUME_CHECK_CONSUMER) timestamp=7695 ms, used_size=4198400 bytes (10.2%)
(RDMA_READ_CONSUME_CHECK_CONSUMER) timestamp=7695 ms, used_size=4196352 bytes (10.2%)
(RDMA_READ_CONSUME_CHECK_CONSUMER) timestamp=7695 ms, used_size=4194304 bytes (10.2%)
(RDMA_READ_CONSUME_CHECK_CONSUMER) timestamp=7695 ms, used_size=4192256 bytes (10.2%)
(RDMA_READ_CONSUME_CHECK_CONSUMER) timestamp=7695 ms, used_size=4190208 bytes (10.2%)
(RDMA_READ_CONSUME_CHECK_CONSUMER) timestamp=7695 ms, used_size=4188160 bytes (10.2%)
(RDMA_READ_CONSUME_CHECK_CONSUMER) timestamp=7695 ms, used_size=4186112 bytes (10.2%)
(RDMA_READ_CONSUME_CHECK_CONSUMER) timestamp=7695 ms, used_size=4184064 bytes (10.2%)
(RDMA_READ_CONSUME_CHECK_CONSUMER) timestamp=7695 ms, used_size=4182016 bytes (10.2%)
(RDMA_READ_CONSUME_CHECK_CONSUMER) timestamp=7695 ms, used_size=4179968 bytes (10.2%)
(RDMA_READ_CONSUME_CHECK_CONSUMER) timestamp=7695 ms, used_size=4177920 bytes (10.2%)
(RDMA_READ_CONSUME_CHECK_CONSUMER) timestamp=7696 ms, used_size=4175872 bytes (10.2%)
(RDMA_READ_CONSUME_CHECK_CONSUMER) timestamp=7696 ms, used_size=4173824 bytes (10.2%)
(RDMA_READ_CONSUME_CHECK_CONSUMER) timestamp=7696 ms, used_size=4171776 bytes (10.2%)
(RDMA_READ_CONSUME_CHECK_CONSUMER) timestamp=7696 ms, used_size=4169728 bytes (10.2%)
(RDMA_READ_CONSUME_CHECK_CONSUMER) timestamp=7696 ms, used_size=4167680 bytes (10.2%)
(RDMA_READ_CONSUME_CHECK_CONSUMER) timestamp=7696 ms, used_size=4165632 bytes (10.2%)
(RDMA_READ_CONSUME_CHECK_CONSUMER) timestamp=7696 ms, used_size=4163584 bytes (10.2%)
(RDMA_READ_CONSUME_CHECK_CONSUMER) timestamp=7696 ms, used_size=4161536 bytes (10.2%)
(RDMA_READ_CONSUME_CHECK_CONSUMER) timestamp=7696 ms, used_size=4159488 bytes (10.2%)
(RDMA_READ_CONSUME_CHECK_CONSUMER) timestamp=7696 ms, used_size=4157440 bytes (10.2%)
(RDMA_READ_CONSUME_CHECK_CONSUMER) timestamp=7696 ms, used_size=4155392 bytes (10.1%)
(RDMA_READ_CONSUME_CHECK_CONSUMER) timestamp=7696 ms, used_size=4153344 bytes (10.1%)
(RDMA_READ_CONSUME_CHECK_CONSUMER) timestamp=7696 ms, used_size=4151296 bytes (10.1%)
(RDMA_READ_CONSUME_CHECK_CONSUMER) timestamp=7696 ms, used_size=4149248 bytes (10.1%)
(RDMA_READ_CONSUME_CHECK_CONSUMER) timestamp=7696 ms, used_size=4147200 bytes (10.1%)
(RDMA_READ_CONSUME_CHECK_CONSUMER) timestamp=7696 ms, used_size=4145152 bytes (10.1%)
(RDMA_READ_CONSUME_CHECK_CONSUMER) timestamp=7696 ms, used_size=4143104 bytes (10.1%)
(RDMA_READ_CONSUME_CHECK_CONSUMER) timestamp=7696 ms, used_size=4141056 bytes (10.1%)
(RDMA_READ_CONSUME_CHECK_CONSUMER) timestamp=7696 ms, used_size=4139008 bytes (10.1%)
(RDMA_READ_CONSUME_CHECK_CONSUMER) timestamp=7696 ms, used_size=4136960 bytes (10.1%)
(RDMA_READ_CONSUME_CHECK_CONSUMER) timestamp=7696 ms, used_size=4134912 bytes (10.1%)
(RDMA_READ_CONSUME_CHECK_CONSUMER) timestamp=7696 ms, used_size=4132864 bytes (10.1%)
(RDMA_READ_CONSUME_CHECK_CONSUMER) timestamp=7696 ms, used_size=4130816 bytes (10.1%)
(RDMA_READ_CONSUME_CHECK_CONSUMER) timestamp=7696 ms, used_size=4128768 bytes (10.1%)
(RDMA_READ_CONSUME_CHECK_CONSUMER) timestamp=7696 ms, used_size=4126720 bytes (10.1%)
(RDMA_READ_CONSUME_CHECK_CONSUMER) timestamp=7696 ms, used_size=4124672 bytes (10.1%)
(RDMA_READ_CONSUME_CHECK_CONSUMER) timestamp=7696 ms, used_size=4122624 bytes (10.1%)
(RDMA_READ_CONSUME_CHECK_CONSUMER) timestamp=7696 ms, used_size=4120576 bytes (10.1%)
(RDMA_READ_CONSUME_CHECK_CONSUMER) timestamp=7696 ms, used_size=4118528 bytes (10.1%)
(RDMA_READ_CONSUME_CHECK_CONSUMER) timestamp=7696 ms, used_size=4116480 bytes (10.1%)
(RDMA_READ_CONSUME_CHECK_CONSUMER) timestamp=7696 ms, used_size=4114432 bytes (10.0%)
(RDMA_READ_CONSUME_CHECK_CONSUMER) timestamp=7696 ms, used_size=4112384 bytes (10.0%)
(RDMA_READ_CONSUME_CHECK_CONSUMER) timestamp=7696 ms, used_size=4110336 bytes (10.0%)
(RDMA_READ_CONSUME_CHECK_CONSUMER) timestamp=7696 ms, used_size=4108288 bytes (10.0%)
(RDMA_READ_CONSUME_CHECK_CONSUMER) timestamp=7696 ms, used_size=4106240 bytes (10.0%)
(RDMA_READ_CONSUME_CHECK_CONSUMER) timestamp=7696 ms, used_size=4104192 bytes (10.0%)
(RDMA_READ_CONSUME_CHECK_CONSUMER) timestamp=7696 ms, used_size=4102144 bytes (10.0%)
(RDMA_READ_CONSUME_CHECK_CONSUMER) timestamp=7696 ms, used_size=4100096 bytes (10.0%)
(RDMA_READ_CONSUME_CHECK_CONSUMER) timestamp=7696 ms, used_size=4098048 bytes (10.0%)
(RDMA_READ_CONSUME_CHECK_CONSUMER) timestamp=7696 ms, used_size=4096000 bytes (10.0%)
(RDMA_READ_CONSUME_CHECK_CONSUMER) timestamp=7696 ms, used_size=4093952 bytes (10.0%)
(RDMA_READ_CONSUME_CHECK_CONSUMER) timestamp=7696 ms, used_size=4091904 bytes (10.0%)
(RDMA_READ_CONSUME_CHECK_CONSUMER) timestamp=7696 ms, used_size=4089856 bytes (10.0%)
(RDMA_READ_CONSUME_CHECK_CONSUMER) timestamp=7696 ms, used_size=4087808 bytes (10.0%)
(RDMA_READ_CONSUME_CHECK_CONSUMER) timestamp=7696 ms, used_size=4085760 bytes (10.0%)
(RDMA_READ_CONSUME_CHECK_CONSUMER) timestamp=7696 ms, used_size=4083712 bytes (10.0%)
(RDMA_READ_CONSUME_CHECK_CONSUMER) timestamp=7696 ms, used_size=4081664 bytes (10.0%)
(RDMA_READ_CONSUME_CHECK_CONSUMER) timestamp=7696 ms, used_size=4079616 bytes (10.0%)
(RDMA_READ_CONSUME_CHECK_CONSUMER) timestamp=7696 ms, used_size=4077568 bytes (10.0%)
(RDMA_READ_CONSUME_CHECK_CONSUMER) timestamp=7696 ms, used_size=4075520 bytes (9.9%)
(RDMA_READ_CONSUME_CHECK_CONSUMER) timestamp=7696 ms, used_size=4073472 bytes (9.9%)
(RDMA_READ_CONSUME_CHECK_CONSUMER) timestamp=7696 ms, used_size=4071424 bytes (9.9%)
(RDMA_READ_CONSUME_CHECK_CONSUMER) timestamp=7696 ms, used_size=4069376 bytes (9.9%)
(RDMA_READ_CONSUME_CHECK_CONSUMER) timestamp=7696 ms, used_size=4067328 bytes (9.9%)
(RDMA_READ_CONSUME_CHECK_CONSUMER) timestamp=7696 ms, used_size=4065280 bytes (9.9%)
(RDMA_READ_CONSUME_CHECK_CONSUMER) timestamp=7696 ms, used_size=4063232 bytes (9.9%)
(RDMA_READ_CONSUME_CHECK_CONSUMER) timestamp=7696 ms, used_size=4061184 bytes (9.9%)
(RDMA_READ_CONSUME_CHECK_CONSUMER) timestamp=7696 ms, used_size=4059136 bytes (9.9%)
(RDMA_READ_CONSUME_CHECK_CONSUMER) timestamp=7696 ms, used_size=4057088 bytes (9.9%)
(RDMA_READ_CONSUME_CHECK_CONSUMER) timestamp=7696 ms, used_size=4055040 bytes (9.9%)
(RDMA_READ_CONSUME_CHECK_CONSUMER) timestamp=7696 ms, used_size=4052992 bytes (9.9%)
(RDMA_READ_CONSUME_CHECK_CONSUMER) timestamp=7696 ms, used_size=4050944 bytes (9.9%)
(RDMA_READ_CONSUME_CHECK_CONSUMER) timestamp=7696 ms, used_size=4048896 bytes (9.9%)
(RDMA_READ_CONSUME_CHECK_CONSUMER) timestamp=7696 ms, used_size=4046848 bytes (9.9%)
(RDMA_READ_CONSUME_CHECK_CONSUMER) timestamp=7696 ms, used_size=4044800 bytes (9.9%)
(RDMA_READ_CONSUME_CHECK_CONSUMER) timestamp=7696 ms, used_size=4042752 bytes (9.9%)
(RDMA_READ_CONSUME_CHECK_CONSUMER) timestamp=7696 ms, used_size=4040704 bytes (9.9%)
(RDMA_READ_CONSUME_CHECK_CONSUMER) timestamp=7696 ms, used_size=4038656 bytes (9.9%)
(RDMA_READ_CONSUME_CHECK_CONSUMER) timestamp=7696 ms, used_size=4036608 bytes (9.9%)
(RDMA_READ_CONSUME_CHECK_CONSUMER) timestamp=7696 ms, used_size=4034560 bytes (9.8%)
(RDMA_READ_CONSUME_CHECK_CONSUMER) timestamp=7696 ms, used_size=4032512 bytes (9.8%)
(RDMA_READ_CONSUME_CHECK_CONSUMER) timestamp=7696 ms, used_size=4030464 bytes (9.8%)
(RDMA_READ_CONSUME_CHECK_CONSUMER) timestamp=7696 ms, used_size=4028416 bytes (9.8%)
(RDMA_READ_CONSUME_CHECK_CONSUMER) timestamp=7696 ms, used_size=4026368 bytes (9.8%)
(RDMA_READ_CONSUME_CHECK_CONSUMER) timestamp=7696 ms, used_size=4024320 bytes (9.8%)
(RDMA_READ_CONSUME_CHECK_CONSUMER) timestamp=7696 ms, used_size=4022272 bytes (9.8%)
(RDMA_READ_CONSUME_CHECK_CONSUMER) timestamp=7696 ms, used_size=4020224 bytes (9.8%)
(RDMA_READ_CONSUME_CHECK_CONSUMER) timestamp=7696 ms, used_size=4018176 bytes (9.8%)
(RDMA_READ_CONSUME_CHECK_CONSUMER) timestamp=7696 ms, used_size=4016128 bytes (9.8%)
(RDMA_READ_CONSUME_CHECK_CONSUMER) timestamp=7696 ms, used_size=4014080 bytes (9.8%)
(RDMA_READ_CONSUME_CHECK_CONSUMER) timestamp=7696 ms, used_size=4012032 bytes (9.8%)
(RDMA_READ_CONSUME_CHECK_CONSUMER) timestamp=7696 ms, used_size=4009984 bytes (9.8%)
(RDMA_READ_CONSUME_CHECK_CONSUMER) timestamp=7696 ms, used_size=4007936 bytes (9.8%)
(RDMA_READ_CONSUME_CHECK_CONSUMER) timestamp=7696 ms, used_size=4005888 bytes (9.8%)
(RDMA_READ_CONSUME_CHECK_CONSUMER) timestamp=7696 ms, used_size=4003840 bytes (9.8%)
(RDMA_READ_CONSUME_CHECK_CONSUMER) timestamp=7696 ms, used_size=4001792 bytes (9.8%)
(RDMA_READ_CONSUME_CHECK_CONSUMER) timestamp=7696 ms, used_size=3999744 bytes (9.8%)
(RDMA_READ_CONSUME_CHECK_CONSUMER) timestamp=7696 ms, used_size=3997696 bytes (9.8%)
(RDMA_READ_CONSUME_CHECK_CONSUMER) timestamp=7696 ms, used_size=3995648 bytes (9.8%)
(RDMA_READ_CONSUME_CHECK_CONSUMER) timestamp=7696 ms, used_size=3993600 bytes (9.8%)
(RDMA_READ_CONSUME_CHECK_CONSUMER) timestamp=7696 ms, used_size=3991552 bytes (9.7%)
(RDMA_READ_CONSUME_CHECK_CONSUMER) timestamp=7696 ms, used_size=3989504 bytes (9.7%)
(RDMA_READ_CONSUME_CHECK_CONSUMER) timestamp=7696 ms, used_size=3987456 bytes (9.7%)
(RDMA_READ_CONSUME_CHECK_CONSUMER) timestamp=7696 ms, used_size=3985408 bytes (9.7%)
(RDMA_READ_CONSUME_CHECK_CONSUMER) timestamp=7696 ms, used_size=3983360 bytes (9.7%)
(RDMA_READ_CONSUME_CHECK_CONSUMER) timestamp=7696 ms, used_size=3981312 bytes (9.7%)
(RDMA_READ_CONSUME_CHECK_CONSUMER) timestamp=7696 ms, used_size=3979264 bytes (9.7%)
(RDMA_READ_CONSUME_CHECK_CONSUMER) timestamp=7696 ms, used_size=3977216 bytes (9.7%)
(RDMA_READ_CONSUME_CHECK_CONSUMER) timestamp=7696 ms, used_size=3975168 bytes (9.7%)
(RDMA_READ_CONSUME_CHECK_CONSUMER) timestamp=7696 ms, used_size=3973120 bytes (9.7%)
(RDMA_READ_CONSUME_CHECK_CONSUMER) timestamp=7696 ms, used_size=3971072 bytes (9.7%)
(RDMA_READ_CONSUME_CHECK_CONSUMER) timestamp=7696 ms, used_size=3969024 bytes (9.7%)
(RDMA_READ_CONSUME_CHECK_CONSUMER) timestamp=7696 ms, used_size=3966976 bytes (9.7%)
(RDMA_READ_CONSUME_CHECK_CONSUMER) timestamp=7696 ms, used_size=3964928 bytes (9.7%)
(RDMA_READ_CONSUME_CHECK_CONSUMER) timestamp=7696 ms, used_size=3962880 bytes (9.7%)
(RDMA_READ_CONSUME_CHECK_CONSUMER) timestamp=7696 ms, used_size=3960832 bytes (9.7%)
(RDMA_READ_CONSUME_CHECK_CONSUMER) timestamp=7696 ms, used_size=3958784 bytes (9.7%)
(RDMA_READ_CONSUME_CHECK_CONSUMER) timestamp=7696 ms, used_size=3956736 bytes (9.7%)
(RDMA_READ_CONSUME_CHECK_CONSUMER) timestamp=7696 ms, used_size=3954688 bytes (9.7%)
(RDMA_READ_CONSUME_CHECK_CONSUMER) timestamp=7696 ms, used_size=3952640 bytes (9.7%)
(RDMA_READ_CONSUME_CHECK_CONSUMER) timestamp=7696 ms, used_size=3950592 bytes (9.6%)
(RDMA_READ_CONSUME_CHECK_CONSUMER) timestamp=7696 ms, used_size=3948544 bytes (9.6%)
(RDMA_READ_CONSUME_CHECK_CONSUMER) timestamp=7696 ms, used_size=3946496 bytes (9.6%)
(RDMA_READ_CONSUME_CHECK_CONSUMER) timestamp=7696 ms, used_size=3944448 bytes (9.6%)
(RDMA_READ_CONSUME_CHECK_CONSUMER) timestamp=7696 ms, used_size=3942400 bytes (9.6%)
(RDMA_READ_CONSUME_CHECK_CONSUMER) timestamp=7696 ms, used_size=3940352 bytes (9.6%)
(RDMA_READ_CONSUME_CHECK_CONSUMER) timestamp=7696 ms, used_size=3938304 bytes (9.6%)
(RDMA_READ_CONSUME_CHECK_CONSUMER) timestamp=7696 ms, used_size=3936256 bytes (9.6%)
(RDMA_READ_CONSUME_CHECK_CONSUMER) timestamp=7696 ms, used_size=3934208 bytes (9.6%)
(RDMA_READ_CONSUME_CHECK_CONSUMER) timestamp=7696 ms, used_size=3932160 bytes (9.6%)
(RDMA_READ_CONSUME_CHECK_CONSUMER) timestamp=7696 ms, used_size=3930112 bytes (9.6%)
(RDMA_READ_CONSUME_CHECK_CONSUMER) timestamp=7696 ms, used_size=3928064 bytes (9.6%)
(RDMA_READ_CONSUME_CHECK_CONSUMER) timestamp=7696 ms, used_size=3926016 bytes (9.6%)
(RDMA_READ_CONSUME_CHECK_CONSUMER) timestamp=7696 ms, used_size=3923968 bytes (9.6%)
(RDMA_READ_CONSUME_CHECK_CONSUMER) timestamp=7696 ms, used_size=3921920 bytes (9.6%)
(RDMA_READ_CONSUME_CHECK_CONSUMER) timestamp=7696 ms, used_size=3919872 bytes (9.6%)
(RDMA_READ_CONSUME_CHECK_CONSUMER) timestamp=7696 ms, used_size=3917824 bytes (9.6%)
(RDMA_READ_CONSUME_CHECK_CONSUMER) timestamp=7696 ms, used_size=3915776 bytes (9.6%)
(RDMA_READ_CONSUME_CHECK_CONSUMER) timestamp=7696 ms, used_size=3913728 bytes (9.6%)
(RDMA_READ_CONSUME_CHECK_CONSUMER) timestamp=7696 ms, used_size=3911680 bytes (9.6%)
(RDMA_READ_CONSUME_CHECK_CONSUMER) timestamp=7696 ms, used_size=3909632 bytes (9.5%)
(RDMA_READ_CONSUME_CHECK_CONSUMER) timestamp=7696 ms, used_size=3907584 bytes (9.5%)
(RDMA_READ_CONSUME_CHECK_CONSUMER) timestamp=7696 ms, used_size=3905536 bytes (9.5%)
(RDMA_READ_CONSUME_CHECK_CONSUMER) timestamp=7696 ms, used_size=3903488 bytes (9.5%)
(RDMA_READ_CONSUME_CHECK_CONSUMER) timestamp=7696 ms, used_size=3901440 bytes (9.5%)
(RDMA_READ_CONSUME_CHECK_CONSUMER) timestamp=7696 ms, used_size=3899392 bytes (9.5%)
(RDMA_READ_CONSUME_CHECK_CONSUMER) timestamp=7696 ms, used_size=3897344 bytes (9.5%)
(RDMA_READ_CONSUME_CHECK_CONSUMER) timestamp=7696 ms, used_size=3895296 bytes (9.5%)
(RDMA_READ_CONSUME_CHECK_CONSUMER) timestamp=7696 ms, used_size=3893248 bytes (9.5%)
(RDMA_READ_CONSUME_CHECK_CONSUMER) timestamp=7696 ms, used_size=3891200 bytes (9.5%)
(RDMA_READ_CONSUME_CHECK_CONSUMER) timestamp=7696 ms, used_size=3889152 bytes (9.5%)
(RDMA_READ_CONSUME_CHECK_CONSUMER) timestamp=7696 ms, used_size=3887104 bytes (9.5%)
(RDMA_READ_CONSUME_CHECK_CONSUMER) timestamp=7696 ms, used_size=3885056 bytes (9.5%)
(RDMA_READ_CONSUME_CHECK_CONSUMER) timestamp=7696 ms, used_size=3883008 bytes (9.5%)
(RDMA_READ_CONSUME_CHECK_CONSUMER) timestamp=7696 ms, used_size=3880960 bytes (9.5%)
(RDMA_READ_CONSUME_CHECK_CONSUMER) timestamp=7696 ms, used_size=3878912 bytes (9.5%)
(RDMA_READ_CONSUME_CHECK_CONSUMER) timestamp=7696 ms, used_size=3876864 bytes (9.5%)
(RDMA_READ_CONSUME_CHECK_CONSUMER) timestamp=7696 ms, used_size=3874816 bytes (9.5%)
(RDMA_READ_CONSUME_CHECK_CONSUMER) timestamp=7696 ms, used_size=3872768 bytes (9.5%)
(RDMA_READ_CONSUME_CHECK_CONSUMER) timestamp=7696 ms, used_size=3870720 bytes (9.4%)
(RDMA_READ_CONSUME_CHECK_CONSUMER) timestamp=7696 ms, used_size=3868672 bytes (9.4%)
(RDMA_READ_CONSUME_CHECK_CONSUMER) timestamp=7696 ms, used_size=3866624 bytes (9.4%)
(RDMA_READ_CONSUME_CHECK_CONSUMER) timestamp=7696 ms, used_size=3864576 bytes (9.4%)
(RDMA_READ_CONSUME_CHECK_CONSUMER) timestamp=7696 ms, used_size=3862528 bytes (9.4%)
(RDMA_READ_CONSUME_CHECK_CONSUMER) timestamp=7696 ms, used_size=3860480 bytes (9.4%)
(RDMA_READ_CONSUME_CHECK_CONSUMER) timestamp=7696 ms, used_size=3858432 bytes (9.4%)
(RDMA_READ_CONSUME_CHECK_CONSUMER) timestamp=7696 ms, used_size=3856384 bytes (9.4%)
(RDMA_READ_CONSUME_CHECK_CONSUMER) timestamp=7696 ms, used_size=3854336 bytes (9.4%)
(RDMA_READ_CONSUME_CHECK_CONSUMER) timestamp=7696 ms, used_size=3852288 bytes (9.4%)
(RDMA_READ_CONSUME_CHECK_CONSUMER) timestamp=7696 ms, used_size=3850240 bytes (9.4%)
(RDMA_READ_CONSUME_CHECK_CONSUMER) timestamp=7696 ms, used_size=3848192 bytes (9.4%)
(RDMA_READ_CONSUME_CHECK_CONSUMER) timestamp=7696 ms, used_size=3846144 bytes (9.4%)
(RDMA_READ_CONSUME_CHECK_CONSUMER) timestamp=7696 ms, used_size=3844096 bytes (9.4%)
(RDMA_READ_CONSUME_CHECK_CONSUMER) timestamp=7696 ms, used_size=3842048 bytes (9.4%)
(RDMA_READ_CONSUME_CHECK_CONSUMER) timestamp=7696 ms, used_size=3840000 bytes (9.4%)
(RDMA_READ_CONSUME_CHECK_CONSUMER) timestamp=7696 ms, used_size=3837952 bytes (9.4%)
(RDMA_READ_CONSUME_CHECK_CONSUMER) timestamp=7696 ms, used_size=3835904 bytes (9.4%)
(RDMA_READ_CONSUME_CHECK_CONSUMER) timestamp=7696 ms, used_size=3833856 bytes (9.4%)
(RDMA_READ_CONSUME_CHECK_CONSUMER) timestamp=7696 ms, used_size=3831808 bytes (9.4%)
(RDMA_READ_CONSUME_CHECK_CONSUMER) timestamp=7696 ms, used_size=3829760 bytes (9.3%)
(RDMA_READ_CONSUME_CHECK_CONSUMER) timestamp=7696 ms, used_size=3827712 bytes (9.3%)
(RDMA_READ_CONSUME_CHECK_CONSUMER) timestamp=7696 ms, used_size=3825664 bytes (9.3%)
(RDMA_READ_CONSUME_CHECK_CONSUMER) timestamp=7696 ms, used_size=3823616 bytes (9.3%)
(RDMA_READ_CONSUME_CHECK_CONSUMER) timestamp=7696 ms, used_size=3821568 bytes (9.3%)
(RDMA_READ_CONSUME_CHECK_CONSUMER) timestamp=7696 ms, used_size=3819520 bytes (9.3%)
(RDMA_READ_CONSUME_CHECK_CONSUMER) timestamp=7696 ms, used_size=3817472 bytes (9.3%)
(RDMA_READ_CONSUME_CHECK_CONSUMER) timestamp=7696 ms, used_size=3815424 bytes (9.3%)
(RDMA_READ_CONSUME_CHECK_CONSUMER) timestamp=7696 ms, used_size=3813376 bytes (9.3%)
(RDMA_READ_CONSUME_CHECK_CONSUMER) timestamp=7696 ms, used_size=3811328 bytes (9.3%)
(RDMA_READ_CONSUME_CHECK_CONSUMER) timestamp=7696 ms, used_size=3809280 bytes (9.3%)
(RDMA_READ_CONSUME_CHECK_CONSUMER) timestamp=7696 ms, used_size=3807232 bytes (9.3%)
(RDMA_READ_CONSUME_CHECK_CONSUMER) timestamp=7696 ms, used_size=3805184 bytes (9.3%)
(RDMA_READ_CONSUME_CHECK_CONSUMER) timestamp=7697 ms, used_size=3803136 bytes (9.3%)
(RDMA_READ_CONSUME_CHECK_CONSUMER) timestamp=7697 ms, used_size=3801088 bytes (9.3%)
(RDMA_READ_CONSUME_CHECK_CONSUMER) timestamp=7697 ms, used_size=3799040 bytes (9.3%)
(RDMA_READ_CONSUME_CHECK_CONSUMER) timestamp=7697 ms, used_size=3796992 bytes (9.3%)
(RDMA_READ_CONSUME_CHECK_CONSUMER) timestamp=7697 ms, used_size=3794944 bytes (9.3%)
(RDMA_READ_CONSUME_CHECK_CONSUMER) timestamp=7697 ms, used_size=3792896 bytes (9.3%)
(RDMA_READ_CONSUME_CHECK_CONSUMER) timestamp=7697 ms, used_size=3790848 bytes (9.3%)
(RDMA_READ_CONSUME_CHECK_CONSUMER) timestamp=7697 ms, used_size=3788800 bytes (9.2%)
(RDMA_READ_CONSUME_CHECK_CONSUMER) timestamp=7697 ms, used_size=3786752 bytes (9.2%)
(RDMA_READ_CONSUME_CHECK_CONSUMER) timestamp=7697 ms, used_size=3784704 bytes (9.2%)
(RDMA_READ_CONSUME_CHECK_CONSUMER) timestamp=7697 ms, used_size=3782656 bytes (9.2%)
(RDMA_READ_CONSUME_CHECK_CONSUMER) timestamp=7697 ms, used_size=3780608 bytes (9.2%)
(RDMA_READ_CONSUME_CHECK_CONSUMER) timestamp=7697 ms, used_size=3778560 bytes (9.2%)
(RDMA_READ_CONSUME_CHECK_CONSUMER) timestamp=7697 ms, used_size=3776512 bytes (9.2%)
(RDMA_READ_CONSUME_CHECK_CONSUMER) timestamp=7697 ms, used_size=3774464 bytes (9.2%)
(RDMA_READ_CONSUME_CHECK_CONSUMER) timestamp=7697 ms, used_size=3772416 bytes (9.2%)
(RDMA_READ_CONSUME_CHECK_CONSUMER) timestamp=7697 ms, used_size=3770368 bytes (9.2%)
(RDMA_READ_CONSUME_CHECK_CONSUMER) timestamp=7697 ms, used_size=3768320 bytes (9.2%)
(RDMA_READ_CONSUME_CHECK_CONSUMER) timestamp=7697 ms, used_size=3766272 bytes (9.2%)
(RDMA_READ_CONSUME_CHECK_CONSUMER) timestamp=7697 ms, used_size=3764224 bytes (9.2%)
(RDMA_READ_CONSUME_CHECK_CONSUMER) timestamp=7697 ms, used_size=3762176 bytes (9.2%)
(RDMA_READ_CONSUME_CHECK_CONSUMER) timestamp=7697 ms, used_size=3760128 bytes (9.2%)
(RDMA_READ_CONSUME_CHECK_CONSUMER) timestamp=7697 ms, used_size=3758080 bytes (9.2%)
(RDMA_READ_CONSUME_CHECK_CONSUMER) timestamp=7697 ms, used_size=3756032 bytes (9.2%)
(RDMA_READ_CONSUME_CHECK_CONSUMER) timestamp=7697 ms, used_size=3753984 bytes (9.2%)
(RDMA_READ_CONSUME_CHECK_CONSUMER) timestamp=7697 ms, used_size=3751936 bytes (9.2%)
(RDMA_READ_CONSUME_CHECK_CONSUMER) timestamp=7697 ms, used_size=3749888 bytes (9.2%)
(RDMA_READ_CONSUME_CHECK_CONSUMER) timestamp=7697 ms, used_size=3747840 bytes (9.2%)
(RDMA_READ_CONSUME_CHECK_CONSUMER) timestamp=7697 ms, used_size=3745792 bytes (9.1%)
(RDMA_READ_CONSUME_CHECK_CONSUMER) timestamp=7697 ms, used_size=3743744 bytes (9.1%)
(RDMA_READ_CONSUME_CHECK_CONSUMER) timestamp=7697 ms, used_size=3741696 bytes (9.1%)
(RDMA_READ_CONSUME_CHECK_CONSUMER) timestamp=7697 ms, used_size=3739648 bytes (9.1%)
(RDMA_READ_CONSUME_CHECK_CONSUMER) timestamp=7697 ms, used_size=3737600 bytes (9.1%)
(RDMA_READ_CONSUME_CHECK_CONSUMER) timestamp=7697 ms, used_size=3735552 bytes (9.1%)
(RDMA_READ_CONSUME_CHECK_CONSUMER) timestamp=7697 ms, used_size=3733504 bytes (9.1%)
(RDMA_READ_CONSUME_CHECK_CONSUMER) timestamp=7697 ms, used_size=3731456 bytes (9.1%)
(RDMA_READ_CONSUME_CHECK_CONSUMER) timestamp=7697 ms, used_size=3729408 bytes (9.1%)
(RDMA_READ_CONSUME_CHECK_CONSUMER) timestamp=7697 ms, used_size=3727360 bytes (9.1%)
(RDMA_READ_CONSUME_CHECK_CONSUMER) timestamp=7697 ms, used_size=3725312 bytes (9.1%)
(RDMA_READ_CONSUME_CHECK_CONSUMER) timestamp=7697 ms, used_size=3723264 bytes (9.1%)
(RDMA_READ_CONSUME_CHECK_CONSUMER) timestamp=7697 ms, used_size=3721216 bytes (9.1%)
(RDMA_READ_CONSUME_CHECK_CONSUMER) timestamp=7697 ms, used_size=3719168 bytes (9.1%)
(RDMA_READ_CONSUME_CHECK_CONSUMER) timestamp=7697 ms, used_size=3717120 bytes (9.1%)
(RDMA_READ_CONSUME_CHECK_CONSUMER) timestamp=7697 ms, used_size=3715072 bytes (9.1%)
(RDMA_READ_CONSUME_CHECK_CONSUMER) timestamp=7697 ms, used_size=3713024 bytes (9.1%)
(RDMA_READ_CONSUME_CHECK_CONSUMER) timestamp=7697 ms, used_size=3710976 bytes (9.1%)
(RDMA_READ_CONSUME_CHECK_CONSUMER) timestamp=7697 ms, used_size=3708928 bytes (9.1%)
(RDMA_READ_CONSUME_CHECK_CONSUMER) timestamp=7697 ms, used_size=3706880 bytes (9.1%)
(RDMA_READ_CONSUME_CHECK_CONSUMER) timestamp=7697 ms, used_size=3704832 bytes (9.0%)
(RDMA_READ_CONSUME_CHECK_CONSUMER) timestamp=7697 ms, used_size=3702784 bytes (9.0%)
(RDMA_READ_CONSUME_CHECK_CONSUMER) timestamp=7697 ms, used_size=3700736 bytes (9.0%)
(RDMA_READ_CONSUME_CHECK_CONSUMER) timestamp=7697 ms, used_size=3698688 bytes (9.0%)
(RDMA_READ_CONSUME_CHECK_CONSUMER) timestamp=7697 ms, used_size=3696640 bytes (9.0%)
(RDMA_READ_CONSUME_CHECK_CONSUMER) timestamp=7697 ms, used_size=3694592 bytes (9.0%)
(RDMA_READ_CONSUME_CHECK_CONSUMER) timestamp=7697 ms, used_size=3692544 bytes (9.0%)
(RDMA_READ_CONSUME_CHECK_CONSUMER) timestamp=7697 ms, used_size=3690496 bytes (9.0%)
(RDMA_READ_CONSUME_CHECK_CONSUMER) timestamp=7697 ms, used_size=3688448 bytes (9.0%)
(RDMA_READ_CONSUME_CHECK_CONSUMER) timestamp=7697 ms, used_size=3686400 bytes (9.0%)
(RDMA_READ_CONSUME_CHECK_CONSUMER) timestamp=7697 ms, used_size=3684352 bytes (9.0%)
(RDMA_READ_CONSUME_CHECK_CONSUMER) timestamp=7697 ms, used_size=3682304 bytes (9.0%)
(RDMA_READ_CONSUME_CHECK_CONSUMER) timestamp=7697 ms, used_size=3680256 bytes (9.0%)
(RDMA_READ_CONSUME_CHECK_CONSUMER) timestamp=7697 ms, used_size=3678208 bytes (9.0%)
(RDMA_READ_CONSUME_CHECK_CONSUMER) timestamp=7697 ms, used_size=3676160 bytes (9.0%)
(RDMA_READ_CONSUME_CHECK_CONSUMER) timestamp=7697 ms, used_size=3674112 bytes (9.0%)
(RDMA_READ_CONSUME_CHECK_CONSUMER) timestamp=7697 ms, used_size=3672064 bytes (9.0%)
(RDMA_READ_CONSUME_CHECK_CONSUMER) timestamp=7697 ms, used_size=3670016 bytes (9.0%)
(RDMA_READ_CONSUME_CHECK_CONSUMER) timestamp=7697 ms, used_size=3667968 bytes (9.0%)
(RDMA_READ_CONSUME_CHECK_CONSUMER) timestamp=7697 ms, used_size=3665920 bytes (8.9%)
(RDMA_READ_CONSUME_CHECK_CONSUMER) timestamp=7697 ms, used_size=3663872 bytes (8.9%)
(RDMA_READ_CONSUME_CHECK_CONSUMER) timestamp=7697 ms, used_size=3661824 bytes (8.9%)
(RDMA_READ_CONSUME_CHECK_CONSUMER) timestamp=7697 ms, used_size=3659776 bytes (8.9%)
(RDMA_READ_CONSUME_CHECK_CONSUMER) timestamp=7697 ms, used_size=3657728 bytes (8.9%)
(RDMA_READ_CONSUME_CHECK_CONSUMER) timestamp=7697 ms, used_size=3655680 bytes (8.9%)
(RDMA_READ_CONSUME_CHECK_CONSUMER) timestamp=7697 ms, used_size=3653632 bytes (8.9%)
(RDMA_READ_CONSUME_CHECK_CONSUMER) timestamp=7697 ms, used_size=3651584 bytes (8.9%)
(RDMA_READ_CONSUME_CHECK_CONSUMER) timestamp=7697 ms, used_size=3649536 bytes (8.9%)
(RDMA_READ_CONSUME_CHECK_CONSUMER) timestamp=7697 ms, used_size=3647488 bytes (8.9%)
(RDMA_READ_CONSUME_CHECK_CONSUMER) timestamp=7697 ms, used_size=3645440 bytes (8.9%)
(RDMA_READ_CONSUME_CHECK_CONSUMER) timestamp=7697 ms, used_size=3643392 bytes (8.9%)
(RDMA_READ_CONSUME_CHECK_CONSUMER) timestamp=7697 ms, used_size=3641344 bytes (8.9%)
(RDMA_READ_CONSUME_CHECK_CONSUMER) timestamp=7697 ms, used_size=3639296 bytes (8.9%)
(RDMA_READ_CONSUME_CHECK_CONSUMER) timestamp=7697 ms, used_size=3637248 bytes (8.9%)
(RDMA_READ_CONSUME_CHECK_CONSUMER) timestamp=7697 ms, used_size=3635200 bytes (8.9%)
(RDMA_READ_CONSUME_CHECK_CONSUMER) timestamp=7697 ms, used_size=3633152 bytes (8.9%)
(RDMA_READ_CONSUME_CHECK_CONSUMER) timestamp=7697 ms, used_size=3631104 bytes (8.9%)
(RDMA_READ_CONSUME_CHECK_CONSUMER) timestamp=7697 ms, used_size=3629056 bytes (8.9%)
(RDMA_READ_CONSUME_CHECK_CONSUMER) timestamp=7697 ms, used_size=3627008 bytes (8.9%)
(RDMA_READ_CONSUME_CHECK_CONSUMER) timestamp=7697 ms, used_size=3624960 bytes (8.8%)
(RDMA_READ_CONSUME_CHECK_CONSUMER) timestamp=7697 ms, used_size=3622912 bytes (8.8%)
(RDMA_READ_CONSUME_CHECK_CONSUMER) timestamp=7697 ms, used_size=3620864 bytes (8.8%)
(RDMA_READ_CONSUME_CHECK_CONSUMER) timestamp=7697 ms, used_size=3618816 bytes (8.8%)
(RDMA_READ_CONSUME_CHECK_CONSUMER) timestamp=7697 ms, used_size=3616768 bytes (8.8%)
(RDMA_READ_CONSUME_CHECK_CONSUMER) timestamp=7697 ms, used_size=3614720 bytes (8.8%)
(RDMA_READ_CONSUME_CHECK_CONSUMER) timestamp=7697 ms, used_size=3612672 bytes (8.8%)
(RDMA_READ_CONSUME_CHECK_CONSUMER) timestamp=7697 ms, used_size=3610624 bytes (8.8%)
(RDMA_READ_CONSUME_CHECK_CONSUMER) timestamp=7697 ms, used_size=3608576 bytes (8.8%)
(RDMA_READ_CONSUME_CHECK_CONSUMER) timestamp=7697 ms, used_size=3606528 bytes (8.8%)
(RDMA_READ_CONSUME_CHECK_CONSUMER) timestamp=7697 ms, used_size=3604480 bytes (8.8%)
(RDMA_READ_CONSUME_CHECK_CONSUMER) timestamp=7697 ms, used_size=3602432 bytes (8.8%)
(RDMA_READ_CONSUME_CHECK_CONSUMER) timestamp=7697 ms, used_size=3600384 bytes (8.8%)
(RDMA_READ_CONSUME_CHECK_CONSUMER) timestamp=7697 ms, used_size=3598336 bytes (8.8%)
(RDMA_READ_CONSUME_CHECK_CONSUMER) timestamp=7697 ms, used_size=3596288 bytes (8.8%)
(RDMA_READ_CONSUME_CHECK_CONSUMER) timestamp=7697 ms, used_size=3594240 bytes (8.8%)
(RDMA_READ_CONSUME_CHECK_CONSUMER) timestamp=7697 ms, used_size=3592192 bytes (8.8%)
(RDMA_READ_CONSUME_CHECK_CONSUMER) timestamp=7697 ms, used_size=3590144 bytes (8.8%)
(RDMA_READ_CONSUME_CHECK_CONSUMER) timestamp=7697 ms, used_size=3588096 bytes (8.8%)
(RDMA_READ_CONSUME_CHECK_CONSUMER) timestamp=7697 ms, used_size=3586048 bytes (8.8%)
(RDMA_READ_CONSUME_CHECK_CONSUMER) timestamp=7697 ms, used_size=3584000 bytes (8.8%)
(RDMA_READ_CONSUME_CHECK_CONSUMER) timestamp=7697 ms, used_size=3581952 bytes (8.7%)
(RDMA_READ_CONSUME_CHECK_CONSUMER) timestamp=7697 ms, used_size=3579904 bytes (8.7%)
(RDMA_READ_CONSUME_CHECK_CONSUMER) timestamp=7697 ms, used_size=3577856 bytes (8.7%)
(RDMA_READ_CONSUME_CHECK_CONSUMER) timestamp=7697 ms, used_size=3575808 bytes (8.7%)
(RDMA_READ_CONSUME_CHECK_CONSUMER) timestamp=7697 ms, used_size=3573760 bytes (8.7%)
(RDMA_READ_CONSUME_CHECK_CONSUMER) timestamp=7697 ms, used_size=3571712 bytes (8.7%)
(RDMA_READ_CONSUME_CHECK_CONSUMER) timestamp=7697 ms, used_size=3569664 bytes (8.7%)
(RDMA_READ_CONSUME_CHECK_CONSUMER) timestamp=7697 ms, used_size=3567616 bytes (8.7%)
(RDMA_READ_CONSUME_CHECK_CONSUMER) timestamp=7697 ms, used_size=3565568 bytes (8.7%)
(RDMA_READ_CONSUME_CHECK_CONSUMER) timestamp=7697 ms, used_size=3563520 bytes (8.7%)
(RDMA_READ_CONSUME_CHECK_CONSUMER) timestamp=7697 ms, used_size=3561472 bytes (8.7%)
(RDMA_READ_CONSUME_CHECK_CONSUMER) timestamp=7697 ms, used_size=3559424 bytes (8.7%)
(RDMA_READ_CONSUME_CHECK_CONSUMER) timestamp=7697 ms, used_size=3557376 bytes (8.7%)
(RDMA_READ_CONSUME_CHECK_CONSUMER) timestamp=7697 ms, used_size=3555328 bytes (8.7%)
(RDMA_READ_CONSUME_CHECK_CONSUMER) timestamp=7697 ms, used_size=3553280 bytes (8.7%)
(RDMA_READ_CONSUME_CHECK_CONSUMER) timestamp=7697 ms, used_size=3551232 bytes (8.7%)
(RDMA_READ_CONSUME_CHECK_CONSUMER) timestamp=7697 ms, used_size=3549184 bytes (8.7%)
(RDMA_READ_CONSUME_CHECK_CONSUMER) timestamp=7697 ms, used_size=3547136 bytes (8.7%)
(RDMA_READ_CONSUME_CHECK_CONSUMER) timestamp=7697 ms, used_size=3545088 bytes (8.7%)
(RDMA_READ_CONSUME_CHECK_CONSUMER) timestamp=7697 ms, used_size=3543040 bytes (8.7%)
(RDMA_READ_CONSUME_CHECK_CONSUMER) timestamp=7697 ms, used_size=3540992 bytes (8.6%)
(RDMA_READ_CONSUME_CHECK_CONSUMER) timestamp=7697 ms, used_size=3538944 bytes (8.6%)
(RDMA_READ_CONSUME_CHECK_CONSUMER) timestamp=7697 ms, used_size=3536896 bytes (8.6%)
(RDMA_READ_CONSUME_CHECK_CONSUMER) timestamp=7697 ms, used_size=3534848 bytes (8.6%)
(RDMA_READ_CONSUME_CHECK_CONSUMER) timestamp=7697 ms, used_size=3532800 bytes (8.6%)
(RDMA_READ_CONSUME_CHECK_CONSUMER) timestamp=7697 ms, used_size=3530752 bytes (8.6%)
(RDMA_READ_CONSUME_CHECK_CONSUMER) timestamp=7697 ms, used_size=3528704 bytes (8.6%)
(RDMA_READ_CONSUME_CHECK_CONSUMER) timestamp=7697 ms, used_size=3526656 bytes (8.6%)
(RDMA_READ_CONSUME_CHECK_CONSUMER) timestamp=7697 ms, used_size=3524608 bytes (8.6%)
(RDMA_READ_CONSUME_CHECK_CONSUMER) timestamp=7697 ms, used_size=3522560 bytes (8.6%)
(RDMA_READ_CONSUME_CHECK_CONSUMER) timestamp=7697 ms, used_size=3520512 bytes (8.6%)
(RDMA_READ_CONSUME_CHECK_CONSUMER) timestamp=7697 ms, used_size=3518464 bytes (8.6%)
(RDMA_READ_CONSUME_CHECK_CONSUMER) timestamp=7697 ms, used_size=3516416 bytes (8.6%)
(RDMA_READ_CONSUME_CHECK_CONSUMER) timestamp=7697 ms, used_size=3514368 bytes (8.6%)
(RDMA_READ_CONSUME_CHECK_CONSUMER) timestamp=7697 ms, used_size=3512320 bytes (8.6%)
(RDMA_READ_CONSUME_CHECK_CONSUMER) timestamp=7697 ms, used_size=3510272 bytes (8.6%)
(RDMA_READ_CONSUME_CHECK_CONSUMER) timestamp=7697 ms, used_size=3508224 bytes (8.6%)
(RDMA_READ_CONSUME_CHECK_CONSUMER) timestamp=7697 ms, used_size=3506176 bytes (8.6%)
(RDMA_READ_CONSUME_CHECK_CONSUMER) timestamp=7697 ms, used_size=3504128 bytes (8.6%)
(RDMA_READ_CONSUME_CHECK_CONSUMER) timestamp=7697 ms, used_size=3502080 bytes (8.6%)
(RDMA_READ_CONSUME_CHECK_CONSUMER) timestamp=7697 ms, used_size=3500032 bytes (8.5%)
(RDMA_READ_CONSUME_CHECK_CONSUMER) timestamp=7697 ms, used_size=3497984 bytes (8.5%)
(RDMA_READ_CONSUME_CHECK_CONSUMER) timestamp=7697 ms, used_size=3495936 bytes (8.5%)
(RDMA_READ_CONSUME_CHECK_CONSUMER) timestamp=7697 ms, used_size=3493888 bytes (8.5%)
(RDMA_READ_CONSUME_CHECK_CONSUMER) timestamp=7697 ms, used_size=3491840 bytes (8.5%)
(RDMA_READ_CONSUME_CHECK_CONSUMER) timestamp=7697 ms, used_size=3489792 bytes (8.5%)
(RDMA_READ_CONSUME_CHECK_CONSUMER) timestamp=7697 ms, used_size=3487744 bytes (8.5%)
(RDMA_READ_CONSUME_CHECK_CONSUMER) timestamp=7697 ms, used_size=3485696 bytes (8.5%)
(RDMA_READ_CONSUME_CHECK_CONSUMER) timestamp=7697 ms, used_size=3483648 bytes (8.5%)
(RDMA_READ_CONSUME_CHECK_CONSUMER) timestamp=7697 ms, used_size=3481600 bytes (8.5%)
(RDMA_READ_CONSUME_CHECK_CONSUMER) timestamp=7697 ms, used_size=3479552 bytes (8.5%)
(RDMA_READ_CONSUME_CHECK_CONSUMER) timestamp=7697 ms, used_size=3477504 bytes (8.5%)
(RDMA_READ_CONSUME_CHECK_CONSUMER) timestamp=7697 ms, used_size=3475456 bytes (8.5%)
(RDMA_READ_CONSUME_CHECK_CONSUMER) timestamp=7697 ms, used_size=3473408 bytes (8.5%)
(RDMA_READ_CONSUME_CHECK_CONSUMER) timestamp=7697 ms, used_size=3471360 bytes (8.5%)
(RDMA_READ_CONSUME_CHECK_CONSUMER) timestamp=7697 ms, used_size=3469312 bytes (8.5%)
(RDMA_READ_CONSUME_CHECK_CONSUMER) timestamp=7697 ms, used_size=3467264 bytes (8.5%)
(RDMA_READ_CONSUME_CHECK_CONSUMER) timestamp=7697 ms, used_size=3465216 bytes (8.5%)
(RDMA_READ_CONSUME_CHECK_CONSUMER) timestamp=7697 ms, used_size=3463168 bytes (8.5%)
(RDMA_READ_CONSUME_CHECK_CONSUMER) timestamp=7697 ms, used_size=3461120 bytes (8.4%)
(RDMA_READ_CONSUME_CHECK_CONSUMER) timestamp=7697 ms, used_size=3459072 bytes (8.4%)
(RDMA_READ_CONSUME_CHECK_CONSUMER) timestamp=7697 ms, used_size=3457024 bytes (8.4%)
(RDMA_READ_CONSUME_CHECK_CONSUMER) timestamp=7697 ms, used_size=3454976 bytes (8.4%)
(RDMA_READ_CONSUME_CHECK_CONSUMER) timestamp=7697 ms, used_size=3452928 bytes (8.4%)
(RDMA_READ_CONSUME_CHECK_CONSUMER) timestamp=7697 ms, used_size=3450880 bytes (8.4%)
(RDMA_READ_CONSUME_CHECK_CONSUMER) timestamp=7697 ms, used_size=3448832 bytes (8.4%)
(RDMA_READ_CONSUME_CHECK_CONSUMER) timestamp=7697 ms, used_size=3446784 bytes (8.4%)
(RDMA_READ_CONSUME_CHECK_CONSUMER) timestamp=7697 ms, used_size=3444736 bytes (8.4%)
(RDMA_READ_CONSUME_CHECK_CONSUMER) timestamp=7697 ms, used_size=3442688 bytes (8.4%)
(RDMA_READ_CONSUME_CHECK_CONSUMER) timestamp=7697 ms, used_size=3440640 bytes (8.4%)
(RDMA_READ_CONSUME_CHECK_CONSUMER) timestamp=7697 ms, used_size=3438592 bytes (8.4%)
(RDMA_READ_CONSUME_CHECK_CONSUMER) timestamp=7697 ms, used_size=3436544 bytes (8.4%)
(RDMA_READ_CONSUME_CHECK_CONSUMER) timestamp=7697 ms, used_size=3434496 bytes (8.4%)
(RDMA_READ_CONSUME_CHECK_CONSUMER) timestamp=7697 ms, used_size=3432448 bytes (8.4%)
(RDMA_READ_CONSUME_CHECK_CONSUMER) timestamp=7697 ms, used_size=3430400 bytes (8.4%)
(RDMA_READ_CONSUME_CHECK_CONSUMER) timestamp=7697 ms, used_size=3428352 bytes (8.4%)
(RDMA_READ_CONSUME_CHECK_CONSUMER) timestamp=7698 ms, used_size=3426304 bytes (8.4%)
(RDMA_READ_CONSUME_CHECK_CONSUMER) timestamp=7698 ms, used_size=3424256 bytes (8.4%)
(RDMA_READ_CONSUME_CHECK_CONSUMER) timestamp=7698 ms, used_size=3422208 bytes (8.4%)
(RDMA_READ_CONSUME_CHECK_CONSUMER) timestamp=7698 ms, used_size=3420160 bytes (8.3%)
(RDMA_READ_CONSUME_CHECK_CONSUMER) timestamp=7698 ms, used_size=3418112 bytes (8.3%)
(RDMA_READ_CONSUME_CHECK_CONSUMER) timestamp=7698 ms, used_size=3416064 bytes (8.3%)
(RDMA_READ_CONSUME_CHECK_CONSUMER) timestamp=7698 ms, used_size=3414016 bytes (8.3%)
(RDMA_READ_CONSUME_CHECK_CONSUMER) timestamp=7698 ms, used_size=3411968 bytes (8.3%)
(RDMA_READ_CONSUME_CHECK_CONSUMER) timestamp=7698 ms, used_size=3409920 bytes (8.3%)
(RDMA_READ_CONSUME_CHECK_CONSUMER) timestamp=7698 ms, used_size=3407872 bytes (8.3%)
(RDMA_READ_CONSUME_CHECK_CONSUMER) timestamp=7698 ms, used_size=3405824 bytes (8.3%)
(RDMA_READ_CONSUME_CHECK_CONSUMER) timestamp=7698 ms, used_size=3403776 bytes (8.3%)
(RDMA_READ_CONSUME_CHECK_CONSUMER) timestamp=7698 ms, used_size=3401728 bytes (8.3%)
(RDMA_READ_CONSUME_CHECK_CONSUMER) timestamp=7698 ms, used_size=3399680 bytes (8.3%)
(RDMA_READ_CONSUME_CHECK_CONSUMER) timestamp=7698 ms, used_size=3397632 bytes (8.3%)
(RDMA_READ_CONSUME_CHECK_CONSUMER) timestamp=7698 ms, used_size=3395584 bytes (8.3%)
(RDMA_READ_CONSUME_CHECK_CONSUMER) timestamp=7698 ms, used_size=3393536 bytes (8.3%)
(RDMA_READ_CONSUME_CHECK_CONSUMER) timestamp=7698 ms, used_size=3391488 bytes (8.3%)
(RDMA_READ_CONSUME_CHECK_CONSUMER) timestamp=7698 ms, used_size=3389440 bytes (8.3%)
(RDMA_READ_CONSUME_CHECK_CONSUMER) timestamp=7698 ms, used_size=3387392 bytes (8.3%)
(RDMA_READ_CONSUME_CHECK_CONSUMER) timestamp=7698 ms, used_size=3385344 bytes (8.3%)
(RDMA_READ_CONSUME_CHECK_CONSUMER) timestamp=7698 ms, used_size=3383296 bytes (8.3%)
(RDMA_READ_CONSUME_CHECK_CONSUMER) timestamp=7698 ms, used_size=3381248 bytes (8.3%)
(RDMA_READ_CONSUME_CHECK_CONSUMER) timestamp=7698 ms, used_size=3379200 bytes (8.2%)
(RDMA_READ_CONSUME_CHECK_CONSUMER) timestamp=7698 ms, used_size=3377152 bytes (8.2%)
(RDMA_READ_CONSUME_CHECK_CONSUMER) timestamp=7698 ms, used_size=3375104 bytes (8.2%)
(RDMA_READ_CONSUME_CHECK_CONSUMER) timestamp=7698 ms, used_size=3373056 bytes (8.2%)
(RDMA_READ_CONSUME_CHECK_CONSUMER) timestamp=7698 ms, used_size=3371008 bytes (8.2%)
(RDMA_READ_CONSUME_CHECK_CONSUMER) timestamp=7698 ms, used_size=3368960 bytes (8.2%)
(RDMA_READ_CONSUME_CHECK_CONSUMER) timestamp=7698 ms, used_size=3366912 bytes (8.2%)
(RDMA_READ_CONSUME_CHECK_CONSUMER) timestamp=7698 ms, used_size=3364864 bytes (8.2%)
(RDMA_READ_CONSUME_CHECK_CONSUMER) timestamp=7698 ms, used_size=3362816 bytes (8.2%)
(RDMA_READ_CONSUME_CHECK_CONSUMER) timestamp=7698 ms, used_size=3360768 bytes (8.2%)
(RDMA_READ_CONSUME_CHECK_CONSUMER) timestamp=7698 ms, used_size=3358720 bytes (8.2%)
(RDMA_READ_CONSUME_CHECK_CONSUMER) timestamp=7698 ms, used_size=3356672 bytes (8.2%)
(RDMA_READ_CONSUME_CHECK_CONSUMER) timestamp=7698 ms, used_size=3354624 bytes (8.2%)
(RDMA_READ_CONSUME_CHECK_CONSUMER) timestamp=7698 ms, used_size=3352576 bytes (8.2%)
(RDMA_READ_CONSUME_CHECK_CONSUMER) timestamp=7698 ms, used_size=3350528 bytes (8.2%)
(RDMA_READ_CONSUME_CHECK_CONSUMER) timestamp=7698 ms, used_size=3348480 bytes (8.2%)
(RDMA_READ_CONSUME_CHECK_CONSUMER) timestamp=7698 ms, used_size=3346432 bytes (8.2%)
(RDMA_READ_CONSUME_CHECK_CONSUMER) timestamp=7698 ms, used_size=3344384 bytes (8.2%)
(RDMA_READ_CONSUME_CHECK_CONSUMER) timestamp=7698 ms, used_size=3342336 bytes (8.2%)
(RDMA_READ_CONSUME_CHECK_CONSUMER) timestamp=7698 ms, used_size=3340288 bytes (8.2%)
(RDMA_READ_CONSUME_CHECK_CONSUMER) timestamp=7698 ms, used_size=3338240 bytes (8.2%)
(RDMA_READ_CONSUME_CHECK_CONSUMER) timestamp=7698 ms, used_size=3336192 bytes (8.1%)
(RDMA_READ_CONSUME_CHECK_CONSUMER) timestamp=7698 ms, used_size=3334144 bytes (8.1%)
(RDMA_READ_CONSUME_CHECK_CONSUMER) timestamp=7698 ms, used_size=3332096 bytes (8.1%)
(RDMA_READ_CONSUME_CHECK_CONSUMER) timestamp=7698 ms, used_size=3330048 bytes (8.1%)
(RDMA_READ_CONSUME_CHECK_CONSUMER) timestamp=7698 ms, used_size=3328000 bytes (8.1%)
(RDMA_READ_CONSUME_CHECK_CONSUMER) timestamp=7698 ms, used_size=3325952 bytes (8.1%)
(RDMA_READ_CONSUME_CHECK_CONSUMER) timestamp=7698 ms, used_size=3323904 bytes (8.1%)
(RDMA_READ_CONSUME_CHECK_CONSUMER) timestamp=7698 ms, used_size=3321856 bytes (8.1%)
(RDMA_READ_CONSUME_CHECK_CONSUMER) timestamp=7698 ms, used_size=3319808 bytes (8.1%)
(RDMA_READ_CONSUME_CHECK_CONSUMER) timestamp=7698 ms, used_size=3317760 bytes (8.1%)
(RDMA_READ_CONSUME_CHECK_CONSUMER) timestamp=7698 ms, used_size=3315712 bytes (8.1%)
(RDMA_READ_CONSUME_CHECK_CONSUMER) timestamp=7698 ms, used_size=3313664 bytes (8.1%)
(RDMA_READ_CONSUME_CHECK_CONSUMER) timestamp=7698 ms, used_size=3311616 bytes (8.1%)
(RDMA_READ_CONSUME_CHECK_CONSUMER) timestamp=7698 ms, used_size=3309568 bytes (8.1%)
(RDMA_READ_CONSUME_CHECK_CONSUMER) timestamp=7698 ms, used_size=3307520 bytes (8.1%)
(RDMA_READ_CONSUME_CHECK_CONSUMER) timestamp=7698 ms, used_size=3305472 bytes (8.1%)
(RDMA_READ_CONSUME_CHECK_CONSUMER) timestamp=7698 ms, used_size=3303424 bytes (8.1%)
(RDMA_READ_CONSUME_CHECK_CONSUMER) timestamp=7698 ms, used_size=3301376 bytes (8.1%)
(RDMA_READ_CONSUME_CHECK_CONSUMER) timestamp=7698 ms, used_size=3299328 bytes (8.1%)
(RDMA_READ_CONSUME_CHECK_CONSUMER) timestamp=7698 ms, used_size=3297280 bytes (8.1%)
(RDMA_READ_CONSUME_CHECK_CONSUMER) timestamp=7698 ms, used_size=3295232 bytes (8.0%)
(RDMA_READ_CONSUME_CHECK_CONSUMER) timestamp=7698 ms, used_size=3293184 bytes (8.0%)
(RDMA_READ_CONSUME_CHECK_CONSUMER) timestamp=7698 ms, used_size=3291136 bytes (8.0%)
(RDMA_READ_CONSUME_CHECK_CONSUMER) timestamp=7698 ms, used_size=3289088 bytes (8.0%)
(RDMA_READ_CONSUME_CHECK_CONSUMER) timestamp=7698 ms, used_size=3287040 bytes (8.0%)
(RDMA_READ_CONSUME_CHECK_CONSUMER) timestamp=7698 ms, used_size=3284992 bytes (8.0%)
(RDMA_READ_CONSUME_CHECK_CONSUMER) timestamp=7698 ms, used_size=3282944 bytes (8.0%)
(RDMA_READ_CONSUME_CHECK_CONSUMER) timestamp=7698 ms, used_size=3280896 bytes (8.0%)
(RDMA_READ_CONSUME_CHECK_CONSUMER) timestamp=7698 ms, used_size=3278848 bytes (8.0%)
(RDMA_READ_CONSUME_CHECK_CONSUMER) timestamp=7698 ms, used_size=3276800 bytes (8.0%)
(RDMA_READ_CONSUME_CHECK_CONSUMER) timestamp=7698 ms, used_size=3274752 bytes (8.0%)
(RDMA_READ_CONSUME_CHECK_CONSUMER) timestamp=7698 ms, used_size=3272704 bytes (8.0%)
(RDMA_READ_CONSUME_CHECK_CONSUMER) timestamp=7698 ms, used_size=3270656 bytes (8.0%)
(RDMA_READ_CONSUME_CHECK_CONSUMER) timestamp=7698 ms, used_size=3268608 bytes (8.0%)
(RDMA_READ_CONSUME_CHECK_CONSUMER) timestamp=7698 ms, used_size=3266560 bytes (8.0%)
(RDMA_READ_CONSUME_CHECK_CONSUMER) timestamp=7698 ms, used_size=3264512 bytes (8.0%)
(RDMA_READ_CONSUME_CHECK_CONSUMER) timestamp=7698 ms, used_size=3262464 bytes (8.0%)
(RDMA_READ_CONSUME_CHECK_CONSUMER) timestamp=7698 ms, used_size=3260416 bytes (8.0%)
(RDMA_READ_CONSUME_CHECK_CONSUMER) timestamp=7698 ms, used_size=3258368 bytes (8.0%)
(RDMA_READ_CONSUME_CHECK_CONSUMER) timestamp=7698 ms, used_size=3256320 bytes (8.0%)
(RDMA_READ_CONSUME_CHECK_CONSUMER) timestamp=7698 ms, used_size=3254272 bytes (7.9%)
(RDMA_READ_CONSUME_CHECK_CONSUMER) timestamp=7698 ms, used_size=3252224 bytes (7.9%)
(RDMA_READ_CONSUME_CHECK_CONSUMER) timestamp=7698 ms, used_size=3250176 bytes (7.9%)
(RDMA_READ_CONSUME_CHECK_CONSUMER) timestamp=7698 ms, used_size=3248128 bytes (7.9%)
(RDMA_READ_CONSUME_CHECK_CONSUMER) timestamp=7698 ms, used_size=3246080 bytes (7.9%)
(RDMA_READ_CONSUME_CHECK_CONSUMER) timestamp=7698 ms, used_size=3244032 bytes (7.9%)
(RDMA_READ_CONSUME_CHECK_CONSUMER) timestamp=7698 ms, used_size=3241984 bytes (7.9%)
(RDMA_READ_CONSUME_CHECK_CONSUMER) timestamp=7698 ms, used_size=3239936 bytes (7.9%)
(RDMA_READ_CONSUME_CHECK_CONSUMER) timestamp=7698 ms, used_size=3237888 bytes (7.9%)
(RDMA_READ_CONSUME_CHECK_CONSUMER) timestamp=7698 ms, used_size=3235840 bytes (7.9%)
(RDMA_READ_CONSUME_CHECK_CONSUMER) timestamp=7698 ms, used_size=3233792 bytes (7.9%)
(RDMA_READ_CONSUME_CHECK_CONSUMER) timestamp=7698 ms, used_size=3231744 bytes (7.9%)
(RDMA_READ_CONSUME_CHECK_CONSUMER) timestamp=7698 ms, used_size=3229696 bytes (7.9%)
(RDMA_READ_CONSUME_CHECK_CONSUMER) timestamp=7698 ms, used_size=3227648 bytes (7.9%)
(RDMA_READ_CONSUME_CHECK_CONSUMER) timestamp=7698 ms, used_size=3225600 bytes (7.9%)
(RDMA_READ_CONSUME_CHECK_CONSUMER) timestamp=7698 ms, used_size=3223552 bytes (7.9%)
(RDMA_READ_CONSUME_CHECK_CONSUMER) timestamp=7698 ms, used_size=3221504 bytes (7.9%)
(RDMA_READ_CONSUME_CHECK_CONSUMER) timestamp=7698 ms, used_size=3219456 bytes (7.9%)
(RDMA_READ_CONSUME_CHECK_CONSUMER) timestamp=7698 ms, used_size=3217408 bytes (7.9%)
(RDMA_READ_CONSUME_CHECK_CONSUMER) timestamp=7698 ms, used_size=3215360 bytes (7.8%)
(RDMA_READ_CONSUME_CHECK_CONSUMER) timestamp=7698 ms, used_size=3213312 bytes (7.8%)
(RDMA_READ_CONSUME_CHECK_CONSUMER) timestamp=7698 ms, used_size=3211264 bytes (7.8%)
(RDMA_READ_CONSUME_CHECK_CONSUMER) timestamp=7698 ms, used_size=3209216 bytes (7.8%)
(RDMA_READ_CONSUME_CHECK_CONSUMER) timestamp=7698 ms, used_size=3207168 bytes (7.8%)
(RDMA_READ_CONSUME_CHECK_CONSUMER) timestamp=7698 ms, used_size=3205120 bytes (7.8%)
(RDMA_READ_CONSUME_CHECK_CONSUMER) timestamp=7698 ms, used_size=3203072 bytes (7.8%)
(RDMA_READ_CONSUME_CHECK_CONSUMER) timestamp=7698 ms, used_size=3201024 bytes (7.8%)
(RDMA_READ_CONSUME_CHECK_CONSUMER) timestamp=7698 ms, used_size=3198976 bytes (7.8%)
(RDMA_READ_CONSUME_CHECK_CONSUMER) timestamp=7698 ms, used_size=3196928 bytes (7.8%)
(RDMA_READ_CONSUME_CHECK_CONSUMER) timestamp=7698 ms, used_size=3194880 bytes (7.8%)
(RDMA_READ_CONSUME_CHECK_CONSUMER) timestamp=7698 ms, used_size=3192832 bytes (7.8%)
(RDMA_READ_CONSUME_CHECK_CONSUMER) timestamp=7698 ms, used_size=3190784 bytes (7.8%)
(RDMA_READ_CONSUME_CHECK_CONSUMER) timestamp=7698 ms, used_size=3188736 bytes (7.8%)
(RDMA_READ_CONSUME_CHECK_CONSUMER) timestamp=7698 ms, used_size=3186688 bytes (7.8%)
(RDMA_READ_CONSUME_CHECK_CONSUMER) timestamp=7698 ms, used_size=3184640 bytes (7.8%)
(RDMA_READ_CONSUME_CHECK_CONSUMER) timestamp=7698 ms, used_size=3182592 bytes (7.8%)
(RDMA_READ_CONSUME_CHECK_CONSUMER) timestamp=7698 ms, used_size=3180544 bytes (7.8%)
(RDMA_READ_CONSUME_CHECK_CONSUMER) timestamp=7698 ms, used_size=3178496 bytes (7.8%)
(RDMA_READ_CONSUME_CHECK_CONSUMER) timestamp=7698 ms, used_size=3176448 bytes (7.8%)
(RDMA_READ_CONSUME_CHECK_CONSUMER) timestamp=7698 ms, used_size=3174400 bytes (7.8%)
(RDMA_READ_CONSUME_CHECK_CONSUMER) timestamp=7698 ms, used_size=3172352 bytes (7.7%)
(RDMA_READ_CONSUME_CHECK_CONSUMER) timestamp=7698 ms, used_size=3170304 bytes (7.7%)
(RDMA_READ_CONSUME_CHECK_CONSUMER) timestamp=7698 ms, used_size=3168256 bytes (7.7%)
(RDMA_READ_CONSUME_CHECK_CONSUMER) timestamp=7698 ms, used_size=3166208 bytes (7.7%)
(RDMA_READ_CONSUME_CHECK_CONSUMER) timestamp=7698 ms, used_size=3164160 bytes (7.7%)
(RDMA_READ_CONSUME_CHECK_CONSUMER) timestamp=7698 ms, used_size=3162112 bytes (7.7%)
(RDMA_READ_CONSUME_CHECK_CONSUMER) timestamp=7698 ms, used_size=3160064 bytes (7.7%)
(RDMA_READ_CONSUME_CHECK_CONSUMER) timestamp=7698 ms, used_size=3158016 bytes (7.7%)
(RDMA_READ_CONSUME_CHECK_CONSUMER) timestamp=7698 ms, used_size=3155968 bytes (7.7%)
(RDMA_READ_CONSUME_CHECK_CONSUMER) timestamp=7698 ms, used_size=3153920 bytes (7.7%)
(RDMA_READ_CONSUME_CHECK_CONSUMER) timestamp=7698 ms, used_size=3151872 bytes (7.7%)
(RDMA_READ_CONSUME_CHECK_CONSUMER) timestamp=7698 ms, used_size=3149824 bytes (7.7%)
(RDMA_READ_CONSUME_CHECK_CONSUMER) timestamp=7698 ms, used_size=3147776 bytes (7.7%)
(RDMA_READ_CONSUME_CHECK_CONSUMER) timestamp=7698 ms, used_size=3145728 bytes (7.7%)
(RDMA_READ_CONSUME_CHECK_CONSUMER) timestamp=7698 ms, used_size=3143680 bytes (7.7%)
(RDMA_READ_CONSUME_CHECK_CONSUMER) timestamp=7698 ms, used_size=3141632 bytes (7.7%)
(RDMA_READ_CONSUME_CHECK_CONSUMER) timestamp=7698 ms, used_size=3139584 bytes (7.7%)
(RDMA_READ_CONSUME_CHECK_CONSUMER) timestamp=7698 ms, used_size=3137536 bytes (7.7%)
(RDMA_READ_CONSUME_CHECK_CONSUMER) timestamp=7698 ms, used_size=3135488 bytes (7.7%)
(RDMA_READ_CONSUME_CHECK_CONSUMER) timestamp=7698 ms, used_size=3133440 bytes (7.7%)
(RDMA_READ_CONSUME_CHECK_CONSUMER) timestamp=7698 ms, used_size=3131392 bytes (7.6%)
(RDMA_READ_CONSUME_CHECK_CONSUMER) timestamp=7698 ms, used_size=3129344 bytes (7.6%)
(RDMA_READ_CONSUME_CHECK_CONSUMER) timestamp=7698 ms, used_size=3127296 bytes (7.6%)
(RDMA_READ_CONSUME_CHECK_CONSUMER) timestamp=7698 ms, used_size=3125248 bytes (7.6%)
(RDMA_READ_CONSUME_CHECK_CONSUMER) timestamp=7698 ms, used_size=3123200 bytes (7.6%)
(RDMA_READ_CONSUME_CHECK_CONSUMER) timestamp=7698 ms, used_size=3121152 bytes (7.6%)
(RDMA_READ_CONSUME_CHECK_CONSUMER) timestamp=7698 ms, used_size=3119104 bytes (7.6%)
(RDMA_READ_CONSUME_CHECK_CONSUMER) timestamp=7698 ms, used_size=3117056 bytes (7.6%)
(RDMA_READ_CONSUME_CHECK_CONSUMER) timestamp=7698 ms, used_size=3115008 bytes (7.6%)
(RDMA_READ_CONSUME_CHECK_CONSUMER) timestamp=7698 ms, used_size=3112960 bytes (7.6%)
(RDMA_READ_CONSUME_CHECK_CONSUMER) timestamp=7698 ms, used_size=3110912 bytes (7.6%)
(RDMA_READ_CONSUME_CHECK_CONSUMER) timestamp=7698 ms, used_size=3108864 bytes (7.6%)
(RDMA_READ_CONSUME_CHECK_CONSUMER) timestamp=7698 ms, used_size=3106816 bytes (7.6%)
(RDMA_READ_CONSUME_CHECK_CONSUMER) timestamp=7698 ms, used_size=3104768 bytes (7.6%)
(RDMA_READ_CONSUME_CHECK_CONSUMER) timestamp=7698 ms, used_size=3102720 bytes (7.6%)
(RDMA_READ_CONSUME_CHECK_CONSUMER) timestamp=7698 ms, used_size=3100672 bytes (7.6%)
(RDMA_READ_CONSUME_CHECK_CONSUMER) timestamp=7698 ms, used_size=3098624 bytes (7.6%)
(RDMA_READ_CONSUME_CHECK_CONSUMER) timestamp=7698 ms, used_size=3096576 bytes (7.6%)
(RDMA_READ_CONSUME_CHECK_CONSUMER) timestamp=7698 ms, used_size=3094528 bytes (7.6%)
(RDMA_READ_CONSUME_CHECK_CONSUMER) timestamp=7698 ms, used_size=3092480 bytes (7.5%)
(RDMA_READ_CONSUME_CHECK_CONSUMER) timestamp=7698 ms, used_size=3090432 bytes (7.5%)
(RDMA_READ_CONSUME_CHECK_CONSUMER) timestamp=7698 ms, used_size=3088384 bytes (7.5%)
(RDMA_READ_CONSUME_CHECK_CONSUMER) timestamp=7698 ms, used_size=3086336 bytes (7.5%)
(RDMA_READ_CONSUME_CHECK_CONSUMER) timestamp=7698 ms, used_size=3084288 bytes (7.5%)
(RDMA_READ_CONSUME_CHECK_CONSUMER) timestamp=7698 ms, used_size=3082240 bytes (7.5%)
(RDMA_READ_CONSUME_CHECK_CONSUMER) timestamp=7698 ms, used_size=3080192 bytes (7.5%)
(RDMA_READ_CONSUME_CHECK_CONSUMER) timestamp=7698 ms, used_size=3078144 bytes (7.5%)
(RDMA_READ_CONSUME_CHECK_CONSUMER) timestamp=7698 ms, used_size=3076096 bytes (7.5%)
(RDMA_READ_CONSUME_CHECK_CONSUMER) timestamp=7698 ms, used_size=3074048 bytes (7.5%)
(RDMA_READ_CONSUME_CHECK_CONSUMER) timestamp=7698 ms, used_size=3072000 bytes (7.5%)
(RDMA_READ_CONSUME_CHECK_CONSUMER) timestamp=7698 ms, used_size=3069952 bytes (7.5%)
(RDMA_READ_CONSUME_CHECK_CONSUMER) timestamp=7698 ms, used_size=3067904 bytes (7.5%)
(RDMA_READ_CONSUME_CHECK_CONSUMER) timestamp=7698 ms, used_size=3065856 bytes (7.5%)
(RDMA_READ_CONSUME_CHECK_CONSUMER) timestamp=7698 ms, used_size=3063808 bytes (7.5%)
(RDMA_READ_CONSUME_CHECK_CONSUMER) timestamp=7698 ms, used_size=3061760 bytes (7.5%)
(RDMA_READ_CONSUME_CHECK_CONSUMER) timestamp=7698 ms, used_size=3059712 bytes (7.5%)
(RDMA_READ_CONSUME_CHECK_CONSUMER) timestamp=7698 ms, used_size=3057664 bytes (7.5%)
(RDMA_READ_CONSUME_CHECK_CONSUMER) timestamp=7699 ms, used_size=3055616 bytes (7.5%)
(RDMA_READ_CONSUME_CHECK_CONSUMER) timestamp=7699 ms, used_size=3053568 bytes (7.5%)
(RDMA_READ_CONSUME_CHECK_CONSUMER) timestamp=7699 ms, used_size=3051520 bytes (7.5%)
(RDMA_READ_CONSUME_CHECK_CONSUMER) timestamp=7699 ms, used_size=3049472 bytes (7.4%)
(RDMA_READ_CONSUME_CHECK_CONSUMER) timestamp=7699 ms, used_size=3047424 bytes (7.4%)
(RDMA_READ_CONSUME_CHECK_CONSUMER) timestamp=7699 ms, used_size=3045376 bytes (7.4%)
(RDMA_READ_CONSUME_CHECK_CONSUMER) timestamp=7699 ms, used_size=3043328 bytes (7.4%)
(RDMA_READ_CONSUME_CHECK_CONSUMER) timestamp=7699 ms, used_size=3041280 bytes (7.4%)
(RDMA_READ_CONSUME_CHECK_CONSUMER) timestamp=7699 ms, used_size=3039232 bytes (7.4%)
(RDMA_READ_CONSUME_CHECK_CONSUMER) timestamp=7699 ms, used_size=3037184 bytes (7.4%)
(RDMA_READ_CONSUME_CHECK_CONSUMER) timestamp=7699 ms, used_size=3035136 bytes (7.4%)
(RDMA_READ_CONSUME_CHECK_CONSUMER) timestamp=7699 ms, used_size=3033088 bytes (7.4%)
(RDMA_READ_CONSUME_CHECK_CONSUMER) timestamp=7699 ms, used_size=3031040 bytes (7.4%)
(RDMA_READ_CONSUME_CHECK_CONSUMER) timestamp=7699 ms, used_size=3028992 bytes (7.4%)
(RDMA_READ_CONSUME_CHECK_CONSUMER) timestamp=7699 ms, used_size=3026944 bytes (7.4%)
(RDMA_READ_CONSUME_CHECK_CONSUMER) timestamp=7699 ms, used_size=3024896 bytes (7.4%)
(RDMA_READ_CONSUME_CHECK_CONSUMER) timestamp=7699 ms, used_size=3022848 bytes (7.4%)
(RDMA_READ_CONSUME_CHECK_CONSUMER) timestamp=7699 ms, used_size=3020800 bytes (7.4%)
(RDMA_READ_CONSUME_CHECK_CONSUMER) timestamp=7699 ms, used_size=3018752 bytes (7.4%)
(RDMA_READ_CONSUME_CHECK_CONSUMER) timestamp=7699 ms, used_size=3016704 bytes (7.4%)
(RDMA_READ_CONSUME_CHECK_CONSUMER) timestamp=7699 ms, used_size=3014656 bytes (7.4%)
(RDMA_READ_CONSUME_CHECK_CONSUMER) timestamp=7699 ms, used_size=3012608 bytes (7.4%)
(RDMA_READ_CONSUME_CHECK_CONSUMER) timestamp=7699 ms, used_size=3010560 bytes (7.3%)
(RDMA_READ_CONSUME_CHECK_CONSUMER) timestamp=7699 ms, used_size=3008512 bytes (7.3%)
(RDMA_READ_CONSUME_CHECK_CONSUMER) timestamp=7699 ms, used_size=3006464 bytes (7.3%)
(RDMA_READ_CONSUME_CHECK_CONSUMER) timestamp=7699 ms, used_size=3004416 bytes (7.3%)
(RDMA_READ_CONSUME_CHECK_CONSUMER) timestamp=7699 ms, used_size=3002368 bytes (7.3%)
(RDMA_READ_CONSUME_CHECK_CONSUMER) timestamp=7699 ms, used_size=3000320 bytes (7.3%)
(RDMA_READ_CONSUME_CHECK_CONSUMER) timestamp=7699 ms, used_size=2998272 bytes (7.3%)
(RDMA_READ_CONSUME_CHECK_CONSUMER) timestamp=7699 ms, used_size=2996224 bytes (7.3%)
(RDMA_READ_CONSUME_CHECK_CONSUMER) timestamp=7699 ms, used_size=2994176 bytes (7.3%)
(RDMA_READ_CONSUME_CHECK_CONSUMER) timestamp=7699 ms, used_size=2992128 bytes (7.3%)
(RDMA_READ_CONSUME_CHECK_CONSUMER) timestamp=7699 ms, used_size=2990080 bytes (7.3%)
(RDMA_READ_CONSUME_CHECK_CONSUMER) timestamp=7699 ms, used_size=2988032 bytes (7.3%)
(RDMA_READ_CONSUME_CHECK_CONSUMER) timestamp=7699 ms, used_size=2985984 bytes (7.3%)
(RDMA_READ_CONSUME_CHECK_CONSUMER) timestamp=7699 ms, used_size=2983936 bytes (7.3%)
(RDMA_READ_CONSUME_CHECK_CONSUMER) timestamp=7699 ms, used_size=2981888 bytes (7.3%)
(RDMA_READ_CONSUME_CHECK_CONSUMER) timestamp=7699 ms, used_size=2979840 bytes (7.3%)
(RDMA_READ_CONSUME_CHECK_CONSUMER) timestamp=7699 ms, used_size=2977792 bytes (7.3%)
(RDMA_READ_CONSUME_CHECK_CONSUMER) timestamp=7699 ms, used_size=2975744 bytes (7.3%)
(RDMA_READ_CONSUME_CHECK_CONSUMER) timestamp=7699 ms, used_size=2973696 bytes (7.3%)
(RDMA_READ_CONSUME_CHECK_CONSUMER) timestamp=7699 ms, used_size=2971648 bytes (7.3%)
(RDMA_READ_CONSUME_CHECK_CONSUMER) timestamp=7699 ms, used_size=2969600 bytes (7.2%)
(RDMA_READ_CONSUME_CHECK_CONSUMER) timestamp=7699 ms, used_size=2967552 bytes (7.2%)
(RDMA_READ_CONSUME_CHECK_CONSUMER) timestamp=7699 ms, used_size=2965504 bytes (7.2%)
(RDMA_READ_CONSUME_CHECK_CONSUMER) timestamp=7699 ms, used_size=2963456 bytes (7.2%)
(RDMA_READ_CONSUME_CHECK_CONSUMER) timestamp=7699 ms, used_size=2961408 bytes (7.2%)
(RDMA_READ_CONSUME_CHECK_CONSUMER) timestamp=7699 ms, used_size=2959360 bytes (7.2%)
(RDMA_READ_CONSUME_CHECK_CONSUMER) timestamp=7699 ms, used_size=2957312 bytes (7.2%)
(RDMA_READ_CONSUME_CHECK_CONSUMER) timestamp=7699 ms, used_size=2955264 bytes (7.2%)
(RDMA_READ_CONSUME_CHECK_CONSUMER) timestamp=7699 ms, used_size=2953216 bytes (7.2%)
(RDMA_READ_CONSUME_CHECK_CONSUMER) timestamp=7699 ms, used_size=2951168 bytes (7.2%)
(RDMA_READ_CONSUME_CHECK_CONSUMER) timestamp=7699 ms, used_size=2949120 bytes (7.2%)
(RDMA_READ_CONSUME_CHECK_CONSUMER) timestamp=7699 ms, used_size=2947072 bytes (7.2%)
(RDMA_READ_CONSUME_CHECK_CONSUMER) timestamp=7699 ms, used_size=2945024 bytes (7.2%)
(RDMA_READ_CONSUME_CHECK_CONSUMER) timestamp=7699 ms, used_size=2942976 bytes (7.2%)
(RDMA_READ_CONSUME_CHECK_CONSUMER) timestamp=7699 ms, used_size=2940928 bytes (7.2%)
(RDMA_READ_CONSUME_CHECK_CONSUMER) timestamp=7699 ms, used_size=2938880 bytes (7.2%)
(RDMA_READ_CONSUME_CHECK_CONSUMER) timestamp=7699 ms, used_size=2936832 bytes (7.2%)
(RDMA_READ_CONSUME_CHECK_CONSUMER) timestamp=7699 ms, used_size=2934784 bytes (7.2%)
(RDMA_READ_CONSUME_CHECK_CONSUMER) timestamp=7699 ms, used_size=2932736 bytes (7.2%)
(RDMA_READ_CONSUME_CHECK_CONSUMER) timestamp=7699 ms, used_size=2930688 bytes (7.2%)
(RDMA_READ_CONSUME_CHECK_CONSUMER) timestamp=7699 ms, used_size=2928640 bytes (7.2%)
(RDMA_READ_CONSUME_CHECK_CONSUMER) timestamp=7699 ms, used_size=2926592 bytes (7.1%)
(RDMA_READ_CONSUME_CHECK_CONSUMER) timestamp=7699 ms, used_size=2924544 bytes (7.1%)
(RDMA_READ_CONSUME_CHECK_CONSUMER) timestamp=7699 ms, used_size=2922496 bytes (7.1%)
(RDMA_READ_CONSUME_CHECK_CONSUMER) timestamp=7699 ms, used_size=2920448 bytes (7.1%)
(RDMA_READ_CONSUME_CHECK_CONSUMER) timestamp=7699 ms, used_size=2918400 bytes (7.1%)
(RDMA_READ_CONSUME_CHECK_CONSUMER) timestamp=7699 ms, used_size=2916352 bytes (7.1%)
(RDMA_READ_CONSUME_CHECK_CONSUMER) timestamp=7699 ms, used_size=2914304 bytes (7.1%)
(RDMA_READ_CONSUME_CHECK_CONSUMER) timestamp=7699 ms, used_size=2912256 bytes (7.1%)
(RDMA_READ_CONSUME_CHECK_CONSUMER) timestamp=7699 ms, used_size=2910208 bytes (7.1%)
(RDMA_READ_CONSUME_CHECK_CONSUMER) timestamp=7699 ms, used_size=2908160 bytes (7.1%)
(RDMA_READ_CONSUME_CHECK_CONSUMER) timestamp=7699 ms, used_size=2906112 bytes (7.1%)
(RDMA_READ_CONSUME_CHECK_CONSUMER) timestamp=7699 ms, used_size=2904064 bytes (7.1%)
(RDMA_READ_CONSUME_CHECK_CONSUMER) timestamp=7699 ms, used_size=2902016 bytes (7.1%)
(RDMA_READ_CONSUME_CHECK_CONSUMER) timestamp=7699 ms, used_size=2899968 bytes (7.1%)
(RDMA_READ_CONSUME_CHECK_CONSUMER) timestamp=7699 ms, used_size=2897920 bytes (7.1%)
(RDMA_READ_CONSUME_CHECK_CONSUMER) timestamp=7699 ms, used_size=2895872 bytes (7.1%)
(RDMA_READ_CONSUME_CHECK_CONSUMER) timestamp=7699 ms, used_size=2893824 bytes (7.1%)
(RDMA_READ_CONSUME_CHECK_CONSUMER) timestamp=7699 ms, used_size=2891776 bytes (7.1%)
(RDMA_READ_CONSUME_CHECK_CONSUMER) timestamp=7699 ms, used_size=2889728 bytes (7.1%)
(RDMA_READ_CONSUME_CHECK_CONSUMER) timestamp=7699 ms, used_size=2887680 bytes (7.0%)
(RDMA_READ_CONSUME_CHECK_CONSUMER) timestamp=7699 ms, used_size=2885632 bytes (7.0%)
(RDMA_READ_CONSUME_CHECK_CONSUMER) timestamp=7699 ms, used_size=2883584 bytes (7.0%)
(RDMA_READ_CONSUME_CHECK_CONSUMER) timestamp=7699 ms, used_size=2881536 bytes (7.0%)
(RDMA_READ_CONSUME_CHECK_CONSUMER) timestamp=7699 ms, used_size=2879488 bytes (7.0%)
(RDMA_READ_CONSUME_CHECK_CONSUMER) timestamp=7699 ms, used_size=2877440 bytes (7.0%)
(RDMA_READ_CONSUME_CHECK_CONSUMER) timestamp=7699 ms, used_size=2875392 bytes (7.0%)
(RDMA_READ_CONSUME_CHECK_CONSUMER) timestamp=7699 ms, used_size=2873344 bytes (7.0%)
(RDMA_READ_CONSUME_CHECK_CONSUMER) timestamp=7699 ms, used_size=2871296 bytes (7.0%)
(RDMA_READ_CONSUME_CHECK_CONSUMER) timestamp=7699 ms, used_size=2869248 bytes (7.0%)
(RDMA_READ_CONSUME_CHECK_CONSUMER) timestamp=7699 ms, used_size=2867200 bytes (7.0%)
(RDMA_READ_CONSUME_CHECK_CONSUMER) timestamp=7699 ms, used_size=2865152 bytes (7.0%)
(RDMA_READ_CONSUME_CHECK_CONSUMER) timestamp=7699 ms, used_size=2863104 bytes (7.0%)
(RDMA_READ_CONSUME_CHECK_CONSUMER) timestamp=7699 ms, used_size=2861056 bytes (7.0%)
(RDMA_READ_CONSUME_CHECK_CONSUMER) timestamp=7699 ms, used_size=2859008 bytes (7.0%)
(RDMA_READ_CONSUME_CHECK_CONSUMER) timestamp=7699 ms, used_size=2856960 bytes (7.0%)
(RDMA_READ_CONSUME_CHECK_CONSUMER) timestamp=7699 ms, used_size=2854912 bytes (7.0%)
(RDMA_READ_CONSUME_CHECK_CONSUMER) timestamp=7699 ms, used_size=2852864 bytes (7.0%)
(RDMA_READ_CONSUME_CHECK_CONSUMER) timestamp=7699 ms, used_size=2850816 bytes (7.0%)
(RDMA_READ_CONSUME_CHECK_CONSUMER) timestamp=7699 ms, used_size=2848768 bytes (7.0%)
(RDMA_READ_CONSUME_CHECK_CONSUMER) timestamp=7699 ms, used_size=2846720 bytes (7.0%)
(RDMA_READ_CONSUME_CHECK_CONSUMER) timestamp=7699 ms, used_size=2844672 bytes (6.9%)
(RDMA_READ_CONSUME_CHECK_CONSUMER) timestamp=7699 ms, used_size=2842624 bytes (6.9%)
(RDMA_READ_CONSUME_CHECK_CONSUMER) timestamp=7699 ms, used_size=2840576 bytes (6.9%)
(RDMA_READ_CONSUME_CHECK_CONSUMER) timestamp=7699 ms, used_size=2838528 bytes (6.9%)
(RDMA_READ_CONSUME_CHECK_CONSUMER) timestamp=7699 ms, used_size=2836480 bytes (6.9%)
(RDMA_READ_CONSUME_CHECK_CONSUMER) timestamp=7699 ms, used_size=2834432 bytes (6.9%)
(RDMA_READ_CONSUME_CHECK_CONSUMER) timestamp=7699 ms, used_size=2832384 bytes (6.9%)
(RDMA_READ_CONSUME_CHECK_CONSUMER) timestamp=7699 ms, used_size=2830336 bytes (6.9%)
(RDMA_READ_CONSUME_CHECK_CONSUMER) timestamp=7699 ms, used_size=2828288 bytes (6.9%)
(RDMA_READ_CONSUME_CHECK_CONSUMER) timestamp=7699 ms, used_size=2826240 bytes (6.9%)
(RDMA_READ_CONSUME_CHECK_CONSUMER) timestamp=7699 ms, used_size=2824192 bytes (6.9%)
(RDMA_READ_CONSUME_CHECK_CONSUMER) timestamp=7699 ms, used_size=2822144 bytes (6.9%)
(RDMA_READ_CONSUME_CHECK_CONSUMER) timestamp=7699 ms, used_size=2820096 bytes (6.9%)
(RDMA_READ_CONSUME_CHECK_CONSUMER) timestamp=7699 ms, used_size=2818048 bytes (6.9%)
(RDMA_READ_CONSUME_CHECK_CONSUMER) timestamp=7699 ms, used_size=2816000 bytes (6.9%)
(RDMA_READ_CONSUME_CHECK_CONSUMER) timestamp=7699 ms, used_size=2813952 bytes (6.9%)
(RDMA_READ_CONSUME_CHECK_CONSUMER) timestamp=7699 ms, used_size=2811904 bytes (6.9%)
(RDMA_READ_CONSUME_CHECK_CONSUMER) timestamp=7699 ms, used_size=2809856 bytes (6.9%)
(RDMA_READ_CONSUME_CHECK_CONSUMER) timestamp=7699 ms, used_size=2807808 bytes (6.9%)
(RDMA_READ_CONSUME_CHECK_CONSUMER) timestamp=7699 ms, used_size=2805760 bytes (6.8%)
(RDMA_READ_CONSUME_CHECK_CONSUMER) timestamp=7699 ms, used_size=2803712 bytes (6.8%)
(RDMA_READ_CONSUME_CHECK_CONSUMER) timestamp=7699 ms, used_size=2801664 bytes (6.8%)
(RDMA_READ_CONSUME_CHECK_CONSUMER) timestamp=7699 ms, used_size=2799616 bytes (6.8%)
(RDMA_READ_CONSUME_CHECK_CONSUMER) timestamp=7699 ms, used_size=2797568 bytes (6.8%)
(RDMA_READ_CONSUME_CHECK_CONSUMER) timestamp=7699 ms, used_size=2795520 bytes (6.8%)
(RDMA_READ_CONSUME_CHECK_CONSUMER) timestamp=7699 ms, used_size=2793472 bytes (6.8%)
(RDMA_READ_CONSUME_CHECK_CONSUMER) timestamp=7699 ms, used_size=2791424 bytes (6.8%)
(RDMA_READ_CONSUME_CHECK_CONSUMER) timestamp=7699 ms, used_size=2789376 bytes (6.8%)
(RDMA_READ_CONSUME_CHECK_CONSUMER) timestamp=7699 ms, used_size=2787328 bytes (6.8%)
(RDMA_READ_CONSUME_CHECK_CONSUMER) timestamp=7699 ms, used_size=2785280 bytes (6.8%)
(RDMA_READ_CONSUME_CHECK_CONSUMER) timestamp=7699 ms, used_size=2783232 bytes (6.8%)
(RDMA_READ_CONSUME_CHECK_CONSUMER) timestamp=7699 ms, used_size=2781184 bytes (6.8%)
(RDMA_READ_CONSUME_CHECK_CONSUMER) timestamp=7699 ms, used_size=2779136 bytes (6.8%)
(RDMA_READ_CONSUME_CHECK_CONSUMER) timestamp=7699 ms, used_size=2777088 bytes (6.8%)
(RDMA_READ_CONSUME_CHECK_CONSUMER) timestamp=7699 ms, used_size=2775040 bytes (6.8%)
(RDMA_READ_CONSUME_CHECK_CONSUMER) timestamp=7699 ms, used_size=2772992 bytes (6.8%)
(RDMA_READ_CONSUME_CHECK_CONSUMER) timestamp=7699 ms, used_size=2770944 bytes (6.8%)
(RDMA_READ_CONSUME_CHECK_CONSUMER) timestamp=7699 ms, used_size=2768896 bytes (6.8%)
(RDMA_READ_CONSUME_CHECK_CONSUMER) timestamp=7699 ms, used_size=2766848 bytes (6.8%)
(RDMA_READ_CONSUME_CHECK_CONSUMER) timestamp=7699 ms, used_size=2764800 bytes (6.8%)
(RDMA_READ_CONSUME_CHECK_CONSUMER) timestamp=7699 ms, used_size=2762752 bytes (6.7%)
(RDMA_READ_CONSUME_CHECK_CONSUMER) timestamp=7699 ms, used_size=2760704 bytes (6.7%)
(RDMA_READ_CONSUME_CHECK_CONSUMER) timestamp=7699 ms, used_size=2758656 bytes (6.7%)
(RDMA_READ_CONSUME_CHECK_CONSUMER) timestamp=7699 ms, used_size=2756608 bytes (6.7%)
(RDMA_READ_CONSUME_CHECK_CONSUMER) timestamp=7699 ms, used_size=2754560 bytes (6.7%)
(RDMA_READ_CONSUME_CHECK_CONSUMER) timestamp=7699 ms, used_size=2752512 bytes (6.7%)
(RDMA_READ_CONSUME_CHECK_CONSUMER) timestamp=7699 ms, used_size=2750464 bytes (6.7%)
(RDMA_READ_CONSUME_CHECK_CONSUMER) timestamp=7699 ms, used_size=2748416 bytes (6.7%)
(RDMA_READ_CONSUME_CHECK_CONSUMER) timestamp=7699 ms, used_size=2746368 bytes (6.7%)
(RDMA_READ_CONSUME_CHECK_CONSUMER) timestamp=7699 ms, used_size=2744320 bytes (6.7%)
(RDMA_READ_CONSUME_CHECK_CONSUMER) timestamp=7699 ms, used_size=2742272 bytes (6.7%)
(RDMA_READ_CONSUME_CHECK_CONSUMER) timestamp=7699 ms, used_size=2740224 bytes (6.7%)
(RDMA_READ_CONSUME_CHECK_CONSUMER) timestamp=7699 ms, used_size=2738176 bytes (6.7%)
(RDMA_READ_CONSUME_CHECK_CONSUMER) timestamp=7699 ms, used_size=2736128 bytes (6.7%)
(RDMA_READ_CONSUME_CHECK_CONSUMER) timestamp=7699 ms, used_size=2734080 bytes (6.7%)
(RDMA_READ_CONSUME_CHECK_CONSUMER) timestamp=7699 ms, used_size=2732032 bytes (6.7%)
(RDMA_READ_CONSUME_CHECK_CONSUMER) timestamp=7699 ms, used_size=2729984 bytes (6.7%)
(RDMA_READ_CONSUME_CHECK_CONSUMER) timestamp=7699 ms, used_size=2727936 bytes (6.7%)
(RDMA_READ_CONSUME_CHECK_CONSUMER) timestamp=7699 ms, used_size=2725888 bytes (6.7%)
(RDMA_READ_CONSUME_CHECK_CONSUMER) timestamp=7699 ms, used_size=2723840 bytes (6.7%)
(RDMA_READ_CONSUME_CHECK_CONSUMER) timestamp=7699 ms, used_size=2721792 bytes (6.6%)
(RDMA_READ_CONSUME_CHECK_CONSUMER) timestamp=7699 ms, used_size=2719744 bytes (6.6%)
(RDMA_READ_CONSUME_CHECK_CONSUMER) timestamp=7699 ms, used_size=2717696 bytes (6.6%)
(RDMA_READ_CONSUME_CHECK_CONSUMER) timestamp=7699 ms, used_size=2715648 bytes (6.6%)
(RDMA_READ_CONSUME_CHECK_CONSUMER) timestamp=7699 ms, used_size=2713600 bytes (6.6%)
(RDMA_READ_CONSUME_CHECK_CONSUMER) timestamp=7699 ms, used_size=2711552 bytes (6.6%)
(RDMA_READ_CONSUME_CHECK_CONSUMER) timestamp=7699 ms, used_size=2709504 bytes (6.6%)
(RDMA_READ_CONSUME_CHECK_CONSUMER) timestamp=7699 ms, used_size=2707456 bytes (6.6%)
(RDMA_READ_CONSUME_CHECK_CONSUMER) timestamp=7699 ms, used_size=2705408 bytes (6.6%)
(RDMA_READ_CONSUME_CHECK_CONSUMER) timestamp=7699 ms, used_size=2703360 bytes (6.6%)
(RDMA_READ_CONSUME_CHECK_CONSUMER) timestamp=7699 ms, used_size=2701312 bytes (6.6%)
(RDMA_READ_CONSUME_CHECK_CONSUMER) timestamp=7699 ms, used_size=2699264 bytes (6.6%)
(RDMA_READ_CONSUME_CHECK_CONSUMER) timestamp=7699 ms, used_size=2697216 bytes (6.6%)
(RDMA_READ_CONSUME_CHECK_CONSUMER) timestamp=7699 ms, used_size=2695168 bytes (6.6%)
(RDMA_READ_CONSUME_CHECK_CONSUMER) timestamp=7699 ms, used_size=2693120 bytes (6.6%)
(RDMA_READ_CONSUME_CHECK_CONSUMER) timestamp=7699 ms, used_size=2691072 bytes (6.6%)
(RDMA_READ_CONSUME_CHECK_CONSUMER) timestamp=7699 ms, used_size=2689024 bytes (6.6%)
(RDMA_READ_CONSUME_CHECK_CONSUMER) timestamp=7699 ms, used_size=2686976 bytes (6.6%)
(RDMA_READ_CONSUME_CHECK_CONSUMER) timestamp=7699 ms, used_size=2684928 bytes (6.6%)
(RDMA_READ_CONSUME_CHECK_CONSUMER) timestamp=7699 ms, used_size=2682880 bytes (6.5%)
(RDMA_READ_CONSUME_CHECK_CONSUMER) timestamp=7699 ms, used_size=2680832 bytes (6.5%)
(RDMA_READ_CONSUME_CHECK_CONSUMER) timestamp=7699 ms, used_size=2678784 bytes (6.5%)
(RDMA_READ_CONSUME_CHECK_CONSUMER) timestamp=7699 ms, used_size=2676736 bytes (6.5%)
(RDMA_READ_CONSUME_CHECK_CONSUMER) timestamp=7699 ms, used_size=2674688 bytes (6.5%)
(RDMA_READ_CONSUME_CHECK_CONSUMER) timestamp=7699 ms, used_size=2672640 bytes (6.5%)
(RDMA_READ_CONSUME_CHECK_CONSUMER) timestamp=7700 ms, used_size=2670592 bytes (6.5%)
(RDMA_READ_CONSUME_CHECK_CONSUMER) timestamp=7700 ms, used_size=2668544 bytes (6.5%)
(RDMA_READ_CONSUME_CHECK_CONSUMER) timestamp=7700 ms, used_size=2666496 bytes (6.5%)
(RDMA_READ_CONSUME_CHECK_CONSUMER) timestamp=7700 ms, used_size=2664448 bytes (6.5%)
(RDMA_READ_CONSUME_CHECK_CONSUMER) timestamp=7700 ms, used_size=2662400 bytes (6.5%)
(RDMA_READ_CONSUME_CHECK_CONSUMER) timestamp=7700 ms, used_size=2660352 bytes (6.5%)
(RDMA_READ_CONSUME_CHECK_CONSUMER) timestamp=7700 ms, used_size=2658304 bytes (6.5%)
(RDMA_READ_CONSUME_CHECK_CONSUMER) timestamp=7700 ms, used_size=2656256 bytes (6.5%)
(RDMA_READ_CONSUME_CHECK_CONSUMER) timestamp=7700 ms, used_size=2654208 bytes (6.5%)
(RDMA_READ_CONSUME_CHECK_CONSUMER) timestamp=7700 ms, used_size=2652160 bytes (6.5%)
(RDMA_READ_CONSUME_CHECK_CONSUMER) timestamp=7700 ms, used_size=2650112 bytes (6.5%)
(RDMA_READ_CONSUME_CHECK_CONSUMER) timestamp=7700 ms, used_size=2648064 bytes (6.5%)
(RDMA_READ_CONSUME_CHECK_CONSUMER) timestamp=7700 ms, used_size=2646016 bytes (6.5%)
(RDMA_READ_CONSUME_CHECK_CONSUMER) timestamp=7700 ms, used_size=2643968 bytes (6.5%)
(RDMA_READ_CONSUME_CHECK_CONSUMER) timestamp=7700 ms, used_size=2641920 bytes (6.5%)
(RDMA_READ_CONSUME_CHECK_CONSUMER) timestamp=7700 ms, used_size=2639872 bytes (6.4%)
(RDMA_READ_CONSUME_CHECK_CONSUMER) timestamp=7700 ms, used_size=2637824 bytes (6.4%)
(RDMA_READ_CONSUME_CHECK_CONSUMER) timestamp=7700 ms, used_size=2635776 bytes (6.4%)
(RDMA_READ_CONSUME_CHECK_CONSUMER) timestamp=7700 ms, used_size=2633728 bytes (6.4%)
(RDMA_READ_CONSUME_CHECK_CONSUMER) timestamp=7700 ms, used_size=2631680 bytes (6.4%)
(RDMA_READ_CONSUME_CHECK_CONSUMER) timestamp=7700 ms, used_size=2629632 bytes (6.4%)
(RDMA_READ_CONSUME_CHECK_CONSUMER) timestamp=7700 ms, used_size=2627584 bytes (6.4%)
(RDMA_READ_CONSUME_CHECK_CONSUMER) timestamp=7700 ms, used_size=2625536 bytes (6.4%)
(RDMA_READ_CONSUME_CHECK_CONSUMER) timestamp=7700 ms, used_size=2623488 bytes (6.4%)
(RDMA_READ_CONSUME_CHECK_CONSUMER) timestamp=7700 ms, used_size=2621440 bytes (6.4%)
(RDMA_READ_CONSUME_CHECK_CONSUMER) timestamp=7700 ms, used_size=2619392 bytes (6.4%)
(RDMA_READ_CONSUME_CHECK_CONSUMER) timestamp=7700 ms, used_size=2617344 bytes (6.4%)
(RDMA_READ_CONSUME_CHECK_CONSUMER) timestamp=7700 ms, used_size=2615296 bytes (6.4%)
(RDMA_READ_CONSUME_CHECK_CONSUMER) timestamp=7700 ms, used_size=2613248 bytes (6.4%)
(RDMA_READ_CONSUME_CHECK_CONSUMER) timestamp=7700 ms, used_size=2611200 bytes (6.4%)
(RDMA_READ_CONSUME_CHECK_CONSUMER) timestamp=7700 ms, used_size=2609152 bytes (6.4%)
(RDMA_READ_CONSUME_CHECK_CONSUMER) timestamp=7700 ms, used_size=2607104 bytes (6.4%)
(RDMA_READ_CONSUME_CHECK_CONSUMER) timestamp=7700 ms, used_size=2605056 bytes (6.4%)
(RDMA_READ_CONSUME_CHECK_CONSUMER) timestamp=7700 ms, used_size=2603008 bytes (6.4%)
(RDMA_READ_CONSUME_CHECK_CONSUMER) timestamp=7700 ms, used_size=2600960 bytes (6.3%)
(RDMA_READ_CONSUME_CHECK_CONSUMER) timestamp=7700 ms, used_size=2598912 bytes (6.3%)
(RDMA_READ_CONSUME_CHECK_CONSUMER) timestamp=7700 ms, used_size=2596864 bytes (6.3%)
(RDMA_READ_CONSUME_CHECK_CONSUMER) timestamp=7700 ms, used_size=2594816 bytes (6.3%)
(RDMA_READ_CONSUME_CHECK_CONSUMER) timestamp=7700 ms, used_size=2592768 bytes (6.3%)
(RDMA_READ_CONSUME_CHECK_CONSUMER) timestamp=7700 ms, used_size=2590720 bytes (6.3%)
(RDMA_READ_CONSUME_CHECK_CONSUMER) timestamp=7700 ms, used_size=2588672 bytes (6.3%)
(RDMA_READ_CONSUME_CHECK_CONSUMER) timestamp=7700 ms, used_size=2586624 bytes (6.3%)
(RDMA_READ_CONSUME_CHECK_CONSUMER) timestamp=7700 ms, used_size=2584576 bytes (6.3%)
(RDMA_READ_CONSUME_CHECK_CONSUMER) timestamp=7700 ms, used_size=2582528 bytes (6.3%)
(RDMA_READ_CONSUME_CHECK_CONSUMER) timestamp=7700 ms, used_size=2580480 bytes (6.3%)
(RDMA_READ_CONSUME_CHECK_CONSUMER) timestamp=7700 ms, used_size=2578432 bytes (6.3%)
(RDMA_READ_CONSUME_CHECK_CONSUMER) timestamp=7700 ms, used_size=2576384 bytes (6.3%)
(RDMA_READ_CONSUME_CHECK_CONSUMER) timestamp=7700 ms, used_size=2574336 bytes (6.3%)
(RDMA_READ_CONSUME_CHECK_CONSUMER) timestamp=7700 ms, used_size=2572288 bytes (6.3%)
(RDMA_READ_CONSUME_CHECK_CONSUMER) timestamp=7700 ms, used_size=2570240 bytes (6.3%)
(RDMA_READ_CONSUME_CHECK_CONSUMER) timestamp=7700 ms, used_size=2568192 bytes (6.3%)
(RDMA_READ_CONSUME_CHECK_CONSUMER) timestamp=7700 ms, used_size=2566144 bytes (6.3%)
(RDMA_READ_CONSUME_CHECK_CONSUMER) timestamp=7700 ms, used_size=2564096 bytes (6.3%)
(RDMA_READ_CONSUME_CHECK_CONSUMER) timestamp=7700 ms, used_size=2562048 bytes (6.3%)
(RDMA_READ_CONSUME_CHECK_CONSUMER) timestamp=7700 ms, used_size=2560000 bytes (6.2%)
(RDMA_READ_CONSUME_CHECK_CONSUMER) timestamp=7700 ms, used_size=2557952 bytes (6.2%)
(RDMA_READ_CONSUME_CHECK_CONSUMER) timestamp=7700 ms, used_size=2555904 bytes (6.2%)
(RDMA_READ_CONSUME_CHECK_CONSUMER) timestamp=7700 ms, used_size=2553856 bytes (6.2%)
(RDMA_READ_CONSUME_CHECK_CONSUMER) timestamp=7700 ms, used_size=2551808 bytes (6.2%)
(RDMA_READ_CONSUME_CHECK_CONSUMER) timestamp=7700 ms, used_size=2549760 bytes (6.2%)
(RDMA_READ_CONSUME_CHECK_CONSUMER) timestamp=7700 ms, used_size=2547712 bytes (6.2%)
(RDMA_READ_CONSUME_CHECK_CONSUMER) timestamp=7700 ms, used_size=2545664 bytes (6.2%)
(RDMA_READ_CONSUME_CHECK_CONSUMER) timestamp=7700 ms, used_size=2543616 bytes (6.2%)
(RDMA_READ_CONSUME_CHECK_CONSUMER) timestamp=7700 ms, used_size=2541568 bytes (6.2%)
(RDMA_READ_CONSUME_CHECK_CONSUMER) timestamp=7700 ms, used_size=2539520 bytes (6.2%)
(RDMA_READ_CONSUME_CHECK_CONSUMER) timestamp=7700 ms, used_size=2537472 bytes (6.2%)
(RDMA_READ_CONSUME_CHECK_CONSUMER) timestamp=7700 ms, used_size=2535424 bytes (6.2%)
(RDMA_READ_CONSUME_CHECK_CONSUMER) timestamp=7700 ms, used_size=2533376 bytes (6.2%)
(RDMA_READ_CONSUME_CHECK_CONSUMER) timestamp=7700 ms, used_size=2531328 bytes (6.2%)
(RDMA_READ_CONSUME_CHECK_CONSUMER) timestamp=7700 ms, used_size=2529280 bytes (6.2%)
(RDMA_READ_CONSUME_CHECK_CONSUMER) timestamp=7700 ms, used_size=2527232 bytes (6.2%)
(RDMA_READ_CONSUME_CHECK_CONSUMER) timestamp=7700 ms, used_size=2525184 bytes (6.2%)
(RDMA_READ_CONSUME_CHECK_CONSUMER) timestamp=7700 ms, used_size=2523136 bytes (6.2%)
(RDMA_READ_CONSUME_CHECK_CONSUMER) timestamp=7700 ms, used_size=2521088 bytes (6.2%)
(RDMA_READ_CONSUME_CHECK_CONSUMER) timestamp=7700 ms, used_size=2519040 bytes (6.2%)
(RDMA_READ_CONSUME_CHECK_CONSUMER) timestamp=7700 ms, used_size=2516992 bytes (6.1%)
(RDMA_READ_CONSUME_CHECK_CONSUMER) timestamp=7700 ms, used_size=2514944 bytes (6.1%)
(RDMA_READ_CONSUME_CHECK_CONSUMER) timestamp=7700 ms, used_size=2512896 bytes (6.1%)
(RDMA_READ_CONSUME_CHECK_CONSUMER) timestamp=7700 ms, used_size=2510848 bytes (6.1%)
(RDMA_READ_CONSUME_CHECK_CONSUMER) timestamp=7700 ms, used_size=2508800 bytes (6.1%)
(RDMA_READ_CONSUME_CHECK_CONSUMER) timestamp=7700 ms, used_size=2506752 bytes (6.1%)
(RDMA_READ_CONSUME_CHECK_CONSUMER) timestamp=7700 ms, used_size=2504704 bytes (6.1%)
(RDMA_READ_CONSUME_CHECK_CONSUMER) timestamp=7700 ms, used_size=2502656 bytes (6.1%)
(RDMA_READ_CONSUME_CHECK_CONSUMER) timestamp=7700 ms, used_size=2500608 bytes (6.1%)
(RDMA_READ_CONSUME_CHECK_CONSUMER) timestamp=7700 ms, used_size=2498560 bytes (6.1%)
(RDMA_READ_CONSUME_CHECK_CONSUMER) timestamp=7700 ms, used_size=2496512 bytes (6.1%)
(RDMA_READ_CONSUME_CHECK_CONSUMER) timestamp=7700 ms, used_size=2494464 bytes (6.1%)
(RDMA_READ_CONSUME_CHECK_CONSUMER) timestamp=7700 ms, used_size=2492416 bytes (6.1%)
(RDMA_READ_CONSUME_CHECK_CONSUMER) timestamp=7700 ms, used_size=2490368 bytes (6.1%)
(RDMA_READ_CONSUME_CHECK_CONSUMER) timestamp=7700 ms, used_size=2488320 bytes (6.1%)
(RDMA_READ_CONSUME_CHECK_CONSUMER) timestamp=7700 ms, used_size=2486272 bytes (6.1%)
(RDMA_READ_CONSUME_CHECK_CONSUMER) timestamp=7700 ms, used_size=2484224 bytes (6.1%)
(RDMA_READ_CONSUME_CHECK_CONSUMER) timestamp=7700 ms, used_size=2482176 bytes (6.1%)
(RDMA_READ_CONSUME_CHECK_CONSUMER) timestamp=7700 ms, used_size=2480128 bytes (6.1%)
(RDMA_READ_CONSUME_CHECK_CONSUMER) timestamp=7700 ms, used_size=2478080 bytes (6.0%)
(RDMA_READ_CONSUME_CHECK_CONSUMER) timestamp=7700 ms, used_size=2476032 bytes (6.0%)
(RDMA_READ_CONSUME_CHECK_CONSUMER) timestamp=7700 ms, used_size=2473984 bytes (6.0%)
(RDMA_READ_CONSUME_CHECK_CONSUMER) timestamp=7700 ms, used_size=2471936 bytes (6.0%)
(RDMA_READ_CONSUME_CHECK_CONSUMER) timestamp=7700 ms, used_size=2469888 bytes (6.0%)
(RDMA_READ_CONSUME_CHECK_CONSUMER) timestamp=7700 ms, used_size=2467840 bytes (6.0%)
(RDMA_READ_CONSUME_CHECK_CONSUMER) timestamp=7700 ms, used_size=2465792 bytes (6.0%)
(RDMA_READ_CONSUME_CHECK_CONSUMER) timestamp=7700 ms, used_size=2463744 bytes (6.0%)
(RDMA_READ_CONSUME_CHECK_CONSUMER) timestamp=7700 ms, used_size=2461696 bytes (6.0%)
(RDMA_READ_CONSUME_CHECK_CONSUMER) timestamp=7700 ms, used_size=2459648 bytes (6.0%)
(RDMA_READ_CONSUME_CHECK_CONSUMER) timestamp=7700 ms, used_size=2457600 bytes (6.0%)
(RDMA_READ_CONSUME_CHECK_CONSUMER) timestamp=7700 ms, used_size=2455552 bytes (6.0%)
(RDMA_READ_CONSUME_CHECK_CONSUMER) timestamp=7700 ms, used_size=2453504 bytes (6.0%)
(RDMA_READ_CONSUME_CHECK_CONSUMER) timestamp=7700 ms, used_size=2451456 bytes (6.0%)
(RDMA_READ_CONSUME_CHECK_CONSUMER) timestamp=7700 ms, used_size=2449408 bytes (6.0%)
(RDMA_READ_CONSUME_CHECK_CONSUMER) timestamp=7700 ms, used_size=2447360 bytes (6.0%)
(RDMA_READ_CONSUME_CHECK_CONSUMER) timestamp=7700 ms, used_size=2445312 bytes (6.0%)
(RDMA_READ_CONSUME_CHECK_CONSUMER) timestamp=7700 ms, used_size=2443264 bytes (6.0%)
(RDMA_READ_CONSUME_CHECK_CONSUMER) timestamp=7700 ms, used_size=2441216 bytes (6.0%)
(RDMA_READ_CONSUME_CHECK_CONSUMER) timestamp=7700 ms, used_size=2439168 bytes (6.0%)
(RDMA_READ_CONSUME_CHECK_CONSUMER) timestamp=7700 ms, used_size=2437120 bytes (6.0%)
(RDMA_READ_CONSUME_CHECK_CONSUMER) timestamp=7700 ms, used_size=2435072 bytes (5.9%)
(RDMA_READ_CONSUME_CHECK_CONSUMER) timestamp=7700 ms, used_size=2433024 bytes (5.9%)
(RDMA_READ_CONSUME_CHECK_CONSUMER) timestamp=7700 ms, used_size=2430976 bytes (5.9%)
(RDMA_READ_CONSUME_CHECK_CONSUMER) timestamp=7700 ms, used_size=2428928 bytes (5.9%)
(RDMA_READ_CONSUME_CHECK_CONSUMER) timestamp=7700 ms, used_size=2426880 bytes (5.9%)
(RDMA_READ_CONSUME_CHECK_CONSUMER) timestamp=7700 ms, used_size=2424832 bytes (5.9%)
(RDMA_READ_CONSUME_CHECK_CONSUMER) timestamp=7700 ms, used_size=2422784 bytes (5.9%)
(RDMA_READ_CONSUME_CHECK_CONSUMER) timestamp=7700 ms, used_size=2420736 bytes (5.9%)
(RDMA_READ_CONSUME_CHECK_CONSUMER) timestamp=7700 ms, used_size=2418688 bytes (5.9%)
(RDMA_READ_CONSUME_CHECK_CONSUMER) timestamp=7700 ms, used_size=2416640 bytes (5.9%)
(RDMA_READ_CONSUME_CHECK_CONSUMER) timestamp=7700 ms, used_size=2414592 bytes (5.9%)
(RDMA_READ_CONSUME_CHECK_CONSUMER) timestamp=7700 ms, used_size=2412544 bytes (5.9%)
(RDMA_READ_CONSUME_CHECK_CONSUMER) timestamp=7700 ms, used_size=2410496 bytes (5.9%)
(RDMA_READ_CONSUME_CHECK_CONSUMER) timestamp=7700 ms, used_size=2408448 bytes (5.9%)
(RDMA_READ_CONSUME_CHECK_CONSUMER) timestamp=7700 ms, used_size=2406400 bytes (5.9%)
(RDMA_READ_CONSUME_CHECK_CONSUMER) timestamp=7700 ms, used_size=2404352 bytes (5.9%)
(RDMA_READ_CONSUME_CHECK_CONSUMER) timestamp=7700 ms, used_size=2402304 bytes (5.9%)
(RDMA_READ_CONSUME_CHECK_CONSUMER) timestamp=7700 ms, used_size=2400256 bytes (5.9%)
(RDMA_READ_CONSUME_CHECK_CONSUMER) timestamp=7700 ms, used_size=2398208 bytes (5.9%)
(RDMA_READ_CONSUME_CHECK_CONSUMER) timestamp=7700 ms, used_size=2396160 bytes (5.8%)
(RDMA_READ_CONSUME_CHECK_CONSUMER) timestamp=7700 ms, used_size=2394112 bytes (5.8%)
(RDMA_READ_CONSUME_CHECK_CONSUMER) timestamp=7700 ms, used_size=2392064 bytes (5.8%)
(RDMA_READ_CONSUME_CHECK_CONSUMER) timestamp=7700 ms, used_size=2390016 bytes (5.8%)
(RDMA_READ_CONSUME_CHECK_CONSUMER) timestamp=7700 ms, used_size=2387968 bytes (5.8%)
(RDMA_READ_CONSUME_CHECK_CONSUMER) timestamp=7700 ms, used_size=2385920 bytes (5.8%)
(RDMA_READ_CONSUME_CHECK_CONSUMER) timestamp=7700 ms, used_size=2383872 bytes (5.8%)
(RDMA_READ_CONSUME_CHECK_CONSUMER) timestamp=7700 ms, used_size=2381824 bytes (5.8%)
(RDMA_READ_CONSUME_CHECK_CONSUMER) timestamp=7700 ms, used_size=2379776 bytes (5.8%)
(RDMA_READ_CONSUME_CHECK_CONSUMER) timestamp=7700 ms, used_size=2377728 bytes (5.8%)
(RDMA_READ_CONSUME_CHECK_CONSUMER) timestamp=7700 ms, used_size=2375680 bytes (5.8%)
(RDMA_READ_CONSUME_CHECK_CONSUMER) timestamp=7700 ms, used_size=2373632 bytes (5.8%)
(RDMA_READ_CONSUME_CHECK_CONSUMER) timestamp=7700 ms, used_size=2371584 bytes (5.8%)
(RDMA_READ_CONSUME_CHECK_CONSUMER) timestamp=7700 ms, used_size=2369536 bytes (5.8%)
(RDMA_READ_CONSUME_CHECK_CONSUMER) timestamp=7700 ms, used_size=2367488 bytes (5.8%)
(RDMA_READ_CONSUME_CHECK_CONSUMER) timestamp=7700 ms, used_size=2365440 bytes (5.8%)
(RDMA_READ_CONSUME_CHECK_CONSUMER) timestamp=7700 ms, used_size=2363392 bytes (5.8%)
(RDMA_READ_CONSUME_CHECK_CONSUMER) timestamp=7700 ms, used_size=2361344 bytes (5.8%)
(RDMA_READ_CONSUME_CHECK_CONSUMER) timestamp=7700 ms, used_size=2359296 bytes (5.8%)
(RDMA_READ_CONSUME_CHECK_CONSUMER) timestamp=7700 ms, used_size=2357248 bytes (5.8%)
(RDMA_READ_CONSUME_CHECK_CONSUMER) timestamp=7700 ms, used_size=2355200 bytes (5.8%)
(RDMA_READ_CONSUME_CHECK_CONSUMER) timestamp=7700 ms, used_size=2353152 bytes (5.7%)
(RDMA_READ_CONSUME_CHECK_CONSUMER) timestamp=7700 ms, used_size=2351104 bytes (5.7%)
(RDMA_READ_CONSUME_CHECK_CONSUMER) timestamp=7700 ms, used_size=2349056 bytes (5.7%)
(RDMA_READ_CONSUME_CHECK_CONSUMER) timestamp=7700 ms, used_size=2347008 bytes (5.7%)
(RDMA_READ_CONSUME_CHECK_CONSUMER) timestamp=7700 ms, used_size=2344960 bytes (5.7%)
(RDMA_READ_CONSUME_CHECK_CONSUMER) timestamp=7700 ms, used_size=2342912 bytes (5.7%)
(RDMA_READ_CONSUME_CHECK_CONSUMER) timestamp=7700 ms, used_size=2340864 bytes (5.7%)
(RDMA_READ_CONSUME_CHECK_CONSUMER) timestamp=7700 ms, used_size=2338816 bytes (5.7%)
(RDMA_READ_CONSUME_CHECK_CONSUMER) timestamp=7700 ms, used_size=2336768 bytes (5.7%)
(RDMA_READ_CONSUME_CHECK_CONSUMER) timestamp=7700 ms, used_size=2334720 bytes (5.7%)
(RDMA_READ_CONSUME_CHECK_CONSUMER) timestamp=7700 ms, used_size=2332672 bytes (5.7%)
(RDMA_READ_CONSUME_CHECK_CONSUMER) timestamp=7700 ms, used_size=2330624 bytes (5.7%)
(RDMA_READ_CONSUME_CHECK_CONSUMER) timestamp=7700 ms, used_size=2328576 bytes (5.7%)
(RDMA_READ_CONSUME_CHECK_CONSUMER) timestamp=7700 ms, used_size=2326528 bytes (5.7%)
(RDMA_READ_CONSUME_CHECK_CONSUMER) timestamp=7700 ms, used_size=2324480 bytes (5.7%)
(RDMA_READ_CONSUME_CHECK_CONSUMER) timestamp=7700 ms, used_size=2322432 bytes (5.7%)
(RDMA_READ_CONSUME_CHECK_CONSUMER) timestamp=7700 ms, used_size=2320384 bytes (5.7%)
(RDMA_READ_CONSUME_CHECK_CONSUMER) timestamp=7700 ms, used_size=2318336 bytes (5.7%)
(RDMA_READ_CONSUME_CHECK_CONSUMER) timestamp=7700 ms, used_size=2316288 bytes (5.7%)
(RDMA_READ_CONSUME_CHECK_CONSUMER) timestamp=7700 ms, used_size=2314240 bytes (5.7%)
(RDMA_READ_CONSUME_CHECK_CONSUMER) timestamp=7700 ms, used_size=2312192 bytes (5.6%)
(RDMA_READ_CONSUME_CHECK_CONSUMER) timestamp=7700 ms, used_size=2310144 bytes (5.6%)
(RDMA_READ_CONSUME_CHECK_CONSUMER) timestamp=7700 ms, used_size=2308096 bytes (5.6%)
(RDMA_READ_CONSUME_CHECK_CONSUMER) timestamp=7700 ms, used_size=2306048 bytes (5.6%)
(RDMA_READ_CONSUME_CHECK_CONSUMER) timestamp=7700 ms, used_size=2304000 bytes (5.6%)
(RDMA_READ_CONSUME_CHECK_CONSUMER) timestamp=7700 ms, used_size=2301952 bytes (5.6%)
(RDMA_READ_CONSUME_CHECK_CONSUMER) timestamp=7700 ms, used_size=2299904 bytes (5.6%)
(RDMA_READ_CONSUME_CHECK_CONSUMER) timestamp=7700 ms, used_size=2297856 bytes (5.6%)
(RDMA_READ_CONSUME_CHECK_CONSUMER) timestamp=7700 ms, used_size=2295808 bytes (5.6%)
(RDMA_READ_CONSUME_CHECK_CONSUMER) timestamp=7700 ms, used_size=2293760 bytes (5.6%)
(RDMA_READ_CONSUME_CHECK_CONSUMER) timestamp=7700 ms, used_size=2291712 bytes (5.6%)
(RDMA_READ_CONSUME_CHECK_CONSUMER) timestamp=7700 ms, used_size=2289664 bytes (5.6%)
(RDMA_READ_CONSUME_CHECK_CONSUMER) timestamp=7701 ms, used_size=2287616 bytes (5.6%)
(RDMA_READ_CONSUME_CHECK_CONSUMER) timestamp=7701 ms, used_size=2285568 bytes (5.6%)
(RDMA_READ_CONSUME_CHECK_CONSUMER) timestamp=7701 ms, used_size=2283520 bytes (5.6%)
(RDMA_READ_CONSUME_CHECK_CONSUMER) timestamp=7701 ms, used_size=2281472 bytes (5.6%)
(RDMA_READ_CONSUME_CHECK_CONSUMER) timestamp=7701 ms, used_size=2279424 bytes (5.6%)
(RDMA_READ_CONSUME_CHECK_CONSUMER) timestamp=7701 ms, used_size=2277376 bytes (5.6%)
(RDMA_READ_CONSUME_CHECK_CONSUMER) timestamp=7701 ms, used_size=2275328 bytes (5.6%)
(RDMA_READ_CONSUME_CHECK_CONSUMER) timestamp=7701 ms, used_size=2273280 bytes (5.5%)
(RDMA_READ_CONSUME_CHECK_CONSUMER) timestamp=7701 ms, used_size=2271232 bytes (5.5%)
(RDMA_READ_CONSUME_CHECK_CONSUMER) timestamp=7701 ms, used_size=2269184 bytes (5.5%)
(RDMA_READ_CONSUME_CHECK_CONSUMER) timestamp=7701 ms, used_size=2267136 bytes (5.5%)
(RDMA_READ_CONSUME_CHECK_CONSUMER) timestamp=7701 ms, used_size=2265088 bytes (5.5%)
(RDMA_READ_CONSUME_CHECK_CONSUMER) timestamp=7701 ms, used_size=2263040 bytes (5.5%)
(RDMA_READ_CONSUME_CHECK_CONSUMER) timestamp=7701 ms, used_size=2260992 bytes (5.5%)
(RDMA_READ_CONSUME_CHECK_CONSUMER) timestamp=7701 ms, used_size=2258944 bytes (5.5%)
(RDMA_READ_CONSUME_CHECK_CONSUMER) timestamp=7701 ms, used_size=2256896 bytes (5.5%)
(RDMA_READ_CONSUME_CHECK_CONSUMER) timestamp=7701 ms, used_size=2254848 bytes (5.5%)
(RDMA_READ_CONSUME_CHECK_CONSUMER) timestamp=7701 ms, used_size=2252800 bytes (5.5%)
(RDMA_READ_CONSUME_CHECK_CONSUMER) timestamp=7701 ms, used_size=2250752 bytes (5.5%)
(RDMA_READ_CONSUME_CHECK_CONSUMER) timestamp=7701 ms, used_size=2248704 bytes (5.5%)
(RDMA_READ_CONSUME_CHECK_CONSUMER) timestamp=7701 ms, used_size=2246656 bytes (5.5%)
(RDMA_READ_CONSUME_CHECK_CONSUMER) timestamp=7701 ms, used_size=2244608 bytes (5.5%)
(RDMA_READ_CONSUME_CHECK_CONSUMER) timestamp=7701 ms, used_size=2242560 bytes (5.5%)
(RDMA_READ_CONSUME_CHECK_CONSUMER) timestamp=7701 ms, used_size=2240512 bytes (5.5%)
(RDMA_READ_CONSUME_CHECK_CONSUMER) timestamp=7701 ms, used_size=2238464 bytes (5.5%)
(RDMA_READ_CONSUME_CHECK_CONSUMER) timestamp=7701 ms, used_size=2236416 bytes (5.5%)
(RDMA_READ_CONSUME_CHECK_CONSUMER) timestamp=7701 ms, used_size=2234368 bytes (5.5%)
(RDMA_READ_CONSUME_CHECK_CONSUMER) timestamp=7701 ms, used_size=2232320 bytes (5.5%)
(RDMA_READ_CONSUME_CHECK_CONSUMER) timestamp=7701 ms, used_size=2230272 bytes (5.4%)
(RDMA_READ_CONSUME_CHECK_CONSUMER) timestamp=7701 ms, used_size=2228224 bytes (5.4%)
(RDMA_READ_CONSUME_CHECK_CONSUMER) timestamp=7701 ms, used_size=2226176 bytes (5.4%)
(RDMA_READ_CONSUME_CHECK_CONSUMER) timestamp=7701 ms, used_size=2224128 bytes (5.4%)
(RDMA_READ_CONSUME_CHECK_CONSUMER) timestamp=7701 ms, used_size=2222080 bytes (5.4%)
(RDMA_READ_CONSUME_CHECK_CONSUMER) timestamp=7701 ms, used_size=2220032 bytes (5.4%)
(RDMA_READ_CONSUME_CHECK_CONSUMER) timestamp=7701 ms, used_size=2217984 bytes (5.4%)
(RDMA_READ_CONSUME_CHECK_CONSUMER) timestamp=7701 ms, used_size=2215936 bytes (5.4%)
(RDMA_READ_CONSUME_CHECK_CONSUMER) timestamp=7701 ms, used_size=2213888 bytes (5.4%)
(RDMA_READ_CONSUME_CHECK_CONSUMER) timestamp=7701 ms, used_size=2211840 bytes (5.4%)
(RDMA_READ_CONSUME_CHECK_CONSUMER) timestamp=7701 ms, used_size=2209792 bytes (5.4%)
(RDMA_READ_CONSUME_CHECK_CONSUMER) timestamp=7701 ms, used_size=2207744 bytes (5.4%)
(RDMA_READ_CONSUME_CHECK_CONSUMER) timestamp=7701 ms, used_size=2205696 bytes (5.4%)
(RDMA_READ_CONSUME_CHECK_CONSUMER) timestamp=7701 ms, used_size=2203648 bytes (5.4%)
(RDMA_READ_CONSUME_CHECK_CONSUMER) timestamp=7701 ms, used_size=2201600 bytes (5.4%)
(RDMA_READ_CONSUME_CHECK_CONSUMER) timestamp=7701 ms, used_size=2199552 bytes (5.4%)
(RDMA_READ_CONSUME_CHECK_CONSUMER) timestamp=7701 ms, used_size=2197504 bytes (5.4%)
(RDMA_READ_CONSUME_CHECK_CONSUMER) timestamp=7701 ms, used_size=2195456 bytes (5.4%)
(RDMA_READ_CONSUME_CHECK_CONSUMER) timestamp=7701 ms, used_size=2193408 bytes (5.4%)
(RDMA_READ_CONSUME_CHECK_CONSUMER) timestamp=7701 ms, used_size=2191360 bytes (5.3%)
(RDMA_READ_CONSUME_CHECK_CONSUMER) timestamp=7701 ms, used_size=2189312 bytes (5.3%)
(RDMA_READ_CONSUME_CHECK_CONSUMER) timestamp=7701 ms, used_size=2187264 bytes (5.3%)
(RDMA_READ_CONSUME_CHECK_CONSUMER) timestamp=7701 ms, used_size=2185216 bytes (5.3%)
(RDMA_READ_CONSUME_CHECK_CONSUMER) timestamp=7701 ms, used_size=2183168 bytes (5.3%)
(RDMA_READ_CONSUME_CHECK_CONSUMER) timestamp=7701 ms, used_size=2181120 bytes (5.3%)
(RDMA_READ_CONSUME_CHECK_CONSUMER) timestamp=7701 ms, used_size=2179072 bytes (5.3%)
(RDMA_READ_CONSUME_CHECK_CONSUMER) timestamp=7701 ms, used_size=2177024 bytes (5.3%)
(RDMA_READ_CONSUME_CHECK_CONSUMER) timestamp=7701 ms, used_size=2174976 bytes (5.3%)
(RDMA_READ_CONSUME_CHECK_CONSUMER) timestamp=7701 ms, used_size=2172928 bytes (5.3%)
(RDMA_READ_CONSUME_CHECK_CONSUMER) timestamp=7701 ms, used_size=2170880 bytes (5.3%)
(RDMA_READ_CONSUME_CHECK_CONSUMER) timestamp=7701 ms, used_size=2168832 bytes (5.3%)
(RDMA_READ_CONSUME_CHECK_CONSUMER) timestamp=7701 ms, used_size=2166784 bytes (5.3%)
(RDMA_READ_CONSUME_CHECK_CONSUMER) timestamp=7701 ms, used_size=2164736 bytes (5.3%)
(RDMA_READ_CONSUME_CHECK_CONSUMER) timestamp=7701 ms, used_size=2162688 bytes (5.3%)
(RDMA_READ_CONSUME_CHECK_CONSUMER) timestamp=7701 ms, used_size=2160640 bytes (5.3%)
(RDMA_READ_CONSUME_CHECK_CONSUMER) timestamp=7701 ms, used_size=2158592 bytes (5.3%)
(RDMA_READ_CONSUME_CHECK_CONSUMER) timestamp=7701 ms, used_size=2156544 bytes (5.3%)
(RDMA_READ_CONSUME_CHECK_CONSUMER) timestamp=7701 ms, used_size=2154496 bytes (5.3%)
(RDMA_READ_CONSUME_CHECK_CONSUMER) timestamp=7701 ms, used_size=2152448 bytes (5.3%)
(RDMA_READ_CONSUME_CHECK_CONSUMER) timestamp=7701 ms, used_size=2150400 bytes (5.2%)
(RDMA_READ_CONSUME_CHECK_CONSUMER) timestamp=7701 ms, used_size=2148352 bytes (5.2%)
(RDMA_READ_CONSUME_CHECK_CONSUMER) timestamp=7701 ms, used_size=2146304 bytes (5.2%)
(RDMA_READ_CONSUME_CHECK_CONSUMER) timestamp=7701 ms, used_size=2144256 bytes (5.2%)
(RDMA_READ_CONSUME_CHECK_CONSUMER) timestamp=7701 ms, used_size=2142208 bytes (5.2%)
(RDMA_READ_CONSUME_CHECK_CONSUMER) timestamp=7701 ms, used_size=2140160 bytes (5.2%)
(RDMA_READ_CONSUME_CHECK_CONSUMER) timestamp=7701 ms, used_size=2138112 bytes (5.2%)
(RDMA_READ_CONSUME_CHECK_CONSUMER) timestamp=7701 ms, used_size=2136064 bytes (5.2%)
(RDMA_READ_CONSUME_CHECK_CONSUMER) timestamp=7701 ms, used_size=2134016 bytes (5.2%)
(RDMA_READ_CONSUME_CHECK_CONSUMER) timestamp=7701 ms, used_size=2131968 bytes (5.2%)
(RDMA_READ_CONSUME_CHECK_CONSUMER) timestamp=7701 ms, used_size=2129920 bytes (5.2%)
(RDMA_READ_CONSUME_CHECK_CONSUMER) timestamp=7701 ms, used_size=2127872 bytes (5.2%)
(RDMA_READ_CONSUME_CHECK_CONSUMER) timestamp=7701 ms, used_size=2125824 bytes (5.2%)
(RDMA_READ_CONSUME_CHECK_CONSUMER) timestamp=7701 ms, used_size=2123776 bytes (5.2%)
(RDMA_READ_CONSUME_CHECK_CONSUMER) timestamp=7701 ms, used_size=2121728 bytes (5.2%)
(RDMA_READ_CONSUME_CHECK_CONSUMER) timestamp=7701 ms, used_size=2119680 bytes (5.2%)
(RDMA_READ_CONSUME_CHECK_CONSUMER) timestamp=7701 ms, used_size=2117632 bytes (5.2%)
(RDMA_READ_CONSUME_CHECK_CONSUMER) timestamp=7701 ms, used_size=2115584 bytes (5.2%)
(RDMA_READ_CONSUME_CHECK_CONSUMER) timestamp=7701 ms, used_size=2113536 bytes (5.2%)
(RDMA_READ_CONSUME_CHECK_CONSUMER) timestamp=7701 ms, used_size=2111488 bytes (5.2%)
(RDMA_READ_CONSUME_CHECK_CONSUMER) timestamp=7701 ms, used_size=2109440 bytes (5.2%)
(RDMA_READ_CONSUME_CHECK_CONSUMER) timestamp=7701 ms, used_size=2107392 bytes (5.1%)
(RDMA_READ_CONSUME_CHECK_CONSUMER) timestamp=7701 ms, used_size=2105344 bytes (5.1%)
(RDMA_READ_CONSUME_CHECK_CONSUMER) timestamp=7701 ms, used_size=2103296 bytes (5.1%)
(RDMA_READ_CONSUME_CHECK_CONSUMER) timestamp=7701 ms, used_size=2101248 bytes (5.1%)
(RDMA_READ_CONSUME_CHECK_CONSUMER) timestamp=7701 ms, used_size=2099200 bytes (5.1%)
(RDMA_READ_CONSUME_CHECK_CONSUMER) timestamp=7701 ms, used_size=2097152 bytes (5.1%)
(RDMA_READ_CONSUME_CHECK_CONSUMER) timestamp=7701 ms, used_size=2095104 bytes (5.1%)
(RDMA_READ_CONSUME_CHECK_CONSUMER) timestamp=7701 ms, used_size=2093056 bytes (5.1%)
(RDMA_READ_CONSUME_CHECK_CONSUMER) timestamp=7701 ms, used_size=2091008 bytes (5.1%)
(RDMA_READ_CONSUME_CHECK_CONSUMER) timestamp=7701 ms, used_size=2088960 bytes (5.1%)
(RDMA_READ_CONSUME_CHECK_CONSUMER) timestamp=7701 ms, used_size=2086912 bytes (5.1%)
(RDMA_READ_CONSUME_CHECK_CONSUMER) timestamp=7701 ms, used_size=2084864 bytes (5.1%)
(RDMA_READ_CONSUME_CHECK_CONSUMER) timestamp=7701 ms, used_size=2082816 bytes (5.1%)
(RDMA_READ_CONSUME_CHECK_CONSUMER) timestamp=7701 ms, used_size=2080768 bytes (5.1%)
(RDMA_READ_CONSUME_CHECK_CONSUMER) timestamp=7701 ms, used_size=2078720 bytes (5.1%)
(RDMA_READ_CONSUME_CHECK_CONSUMER) timestamp=7701 ms, used_size=2076672 bytes (5.1%)
(RDMA_READ_CONSUME_CHECK_CONSUMER) timestamp=7701 ms, used_size=2074624 bytes (5.1%)
(RDMA_READ_CONSUME_CHECK_CONSUMER) timestamp=7701 ms, used_size=2072576 bytes (5.1%)
(RDMA_READ_CONSUME_CHECK_CONSUMER) timestamp=7701 ms, used_size=2070528 bytes (5.1%)
(RDMA_READ_CONSUME_CHECK_CONSUMER) timestamp=7701 ms, used_size=2068480 bytes (5.0%)
(RDMA_READ_CONSUME_CHECK_CONSUMER) timestamp=7701 ms, used_size=2066432 bytes (5.0%)
(RDMA_READ_CONSUME_CHECK_CONSUMER) timestamp=7701 ms, used_size=2064384 bytes (5.0%)
(RDMA_READ_CONSUME_CHECK_CONSUMER) timestamp=7701 ms, used_size=2062336 bytes (5.0%)
(RDMA_READ_CONSUME_CHECK_CONSUMER) timestamp=7701 ms, used_size=2060288 bytes (5.0%)
(RDMA_READ_CONSUME_CHECK_CONSUMER) timestamp=7701 ms, used_size=2058240 bytes (5.0%)
(RDMA_READ_CONSUME_CHECK_CONSUMER) timestamp=7701 ms, used_size=2056192 bytes (5.0%)
(RDMA_READ_CONSUME_CHECK_CONSUMER) timestamp=7701 ms, used_size=2054144 bytes (5.0%)
(RDMA_READ_CONSUME_CHECK_CONSUMER) timestamp=7701 ms, used_size=2052096 bytes (5.0%)
(RDMA_READ_CONSUME_CHECK_CONSUMER) timestamp=7701 ms, used_size=2050048 bytes (5.0%)
(RDMA_READ_CONSUME_CHECK_CONSUMER) timestamp=7701 ms, used_size=2048000 bytes (5.0%)
(RDMA_READ_CONSUME_CHECK_CONSUMER) timestamp=7701 ms, used_size=2045952 bytes (5.0%)
(RDMA_READ_CONSUME_CHECK_CONSUMER) timestamp=7701 ms, used_size=2043904 bytes (5.0%)
(RDMA_READ_CONSUME_CHECK_CONSUMER) timestamp=7701 ms, used_size=2041856 bytes (5.0%)
(RDMA_READ_CONSUME_CHECK_CONSUMER) timestamp=7701 ms, used_size=2039808 bytes (5.0%)
(RDMA_READ_CONSUME_CHECK_CONSUMER) timestamp=7701 ms, used_size=2037760 bytes (5.0%)
(RDMA_READ_CONSUME_CHECK_CONSUMER) timestamp=7701 ms, used_size=2035712 bytes (5.0%)
(RDMA_READ_CONSUME_CHECK_CONSUMER) timestamp=7701 ms, used_size=2033664 bytes (5.0%)
(RDMA_READ_CONSUME_CHECK_CONSUMER) timestamp=7701 ms, used_size=2031616 bytes (5.0%)
(RDMA_READ_CONSUME_CHECK_CONSUMER) timestamp=7701 ms, used_size=2029568 bytes (5.0%)
(RDMA_READ_CONSUME_CHECK_CONSUMER) timestamp=7701 ms, used_size=2027520 bytes (5.0%)
(RDMA_READ_CONSUME_CHECK_CONSUMER) timestamp=7701 ms, used_size=2025472 bytes (4.9%)
(RDMA_READ_CONSUME_CHECK_CONSUMER) timestamp=7701 ms, used_size=2023424 bytes (4.9%)
(RDMA_READ_CONSUME_CHECK_CONSUMER) timestamp=7701 ms, used_size=2021376 bytes (4.9%)
(RDMA_READ_CONSUME_CHECK_CONSUMER) timestamp=7701 ms, used_size=2019328 bytes (4.9%)
(RDMA_READ_CONSUME_CHECK_CONSUMER) timestamp=7701 ms, used_size=2017280 bytes (4.9%)
(RDMA_READ_CONSUME_CHECK_CONSUMER) timestamp=7701 ms, used_size=2015232 bytes (4.9%)
(RDMA_READ_CONSUME_CHECK_CONSUMER) timestamp=7701 ms, used_size=2013184 bytes (4.9%)
(RDMA_READ_CONSUME_CHECK_CONSUMER) timestamp=7701 ms, used_size=2011136 bytes (4.9%)
(RDMA_READ_CONSUME_CHECK_CONSUMER) timestamp=7701 ms, used_size=2009088 bytes (4.9%)
(RDMA_READ_CONSUME_CHECK_CONSUMER) timestamp=7701 ms, used_size=2007040 bytes (4.9%)
(RDMA_READ_CONSUME_CHECK_CONSUMER) timestamp=7701 ms, used_size=2004992 bytes (4.9%)
(RDMA_READ_CONSUME_CHECK_CONSUMER) timestamp=7701 ms, used_size=2002944 bytes (4.9%)
(RDMA_READ_CONSUME_CHECK_CONSUMER) timestamp=7701 ms, used_size=2000896 bytes (4.9%)
(RDMA_READ_CONSUME_CHECK_CONSUMER) timestamp=7701 ms, used_size=1998848 bytes (4.9%)
(RDMA_READ_CONSUME_CHECK_CONSUMER) timestamp=7701 ms, used_size=1996800 bytes (4.9%)
(RDMA_READ_CONSUME_CHECK_CONSUMER) timestamp=7701 ms, used_size=1994752 bytes (4.9%)
(RDMA_READ_CONSUME_CHECK_CONSUMER) timestamp=7701 ms, used_size=1992704 bytes (4.9%)
(RDMA_READ_CONSUME_CHECK_CONSUMER) timestamp=7701 ms, used_size=1990656 bytes (4.9%)
(RDMA_READ_CONSUME_CHECK_CONSUMER) timestamp=7701 ms, used_size=1988608 bytes (4.9%)
(RDMA_READ_CONSUME_CHECK_CONSUMER) timestamp=7701 ms, used_size=1986560 bytes (4.8%)
(RDMA_READ_CONSUME_CHECK_CONSUMER) timestamp=7701 ms, used_size=1984512 bytes (4.8%)
(RDMA_READ_CONSUME_CHECK_CONSUMER) timestamp=7701 ms, used_size=1982464 bytes (4.8%)
(RDMA_READ_CONSUME_CHECK_CONSUMER) timestamp=7701 ms, used_size=1980416 bytes (4.8%)
(RDMA_READ_CONSUME_CHECK_CONSUMER) timestamp=7701 ms, used_size=1978368 bytes (4.8%)
(RDMA_READ_CONSUME_CHECK_CONSUMER) timestamp=7701 ms, used_size=1976320 bytes (4.8%)
(RDMA_READ_CONSUME_CHECK_CONSUMER) timestamp=7701 ms, used_size=1974272 bytes (4.8%)
(RDMA_READ_CONSUME_CHECK_CONSUMER) timestamp=7701 ms, used_size=1972224 bytes (4.8%)
(RDMA_READ_CONSUME_CHECK_CONSUMER) timestamp=7701 ms, used_size=1970176 bytes (4.8%)
(RDMA_READ_CONSUME_CHECK_CONSUMER) timestamp=7701 ms, used_size=1968128 bytes (4.8%)
(RDMA_READ_CONSUME_CHECK_CONSUMER) timestamp=7701 ms, used_size=1966080 bytes (4.8%)
(RDMA_READ_CONSUME_CHECK_CONSUMER) timestamp=7701 ms, used_size=1964032 bytes (4.8%)
(RDMA_READ_CONSUME_CHECK_CONSUMER) timestamp=7701 ms, used_size=1961984 bytes (4.8%)
(RDMA_READ_CONSUME_CHECK_CONSUMER) timestamp=7701 ms, used_size=1959936 bytes (4.8%)
(RDMA_READ_CONSUME_CHECK_CONSUMER) timestamp=7701 ms, used_size=1957888 bytes (4.8%)
(RDMA_READ_CONSUME_CHECK_CONSUMER) timestamp=7701 ms, used_size=1955840 bytes (4.8%)
(RDMA_READ_CONSUME_CHECK_CONSUMER) timestamp=7701 ms, used_size=1953792 bytes (4.8%)
(RDMA_READ_CONSUME_CHECK_CONSUMER) timestamp=7701 ms, used_size=1951744 bytes (4.8%)
(RDMA_READ_CONSUME_CHECK_CONSUMER) timestamp=7701 ms, used_size=1949696 bytes (4.8%)
(RDMA_READ_CONSUME_CHECK_CONSUMER) timestamp=7701 ms, used_size=1947648 bytes (4.8%)
(RDMA_READ_CONSUME_CHECK_CONSUMER) timestamp=7701 ms, used_size=1945600 bytes (4.8%)
(RDMA_READ_CONSUME_CHECK_CONSUMER) timestamp=7701 ms, used_size=1943552 bytes (4.7%)
(RDMA_READ_CONSUME_CHECK_CONSUMER) timestamp=7701 ms, used_size=1941504 bytes (4.7%)
(RDMA_READ_CONSUME_CHECK_CONSUMER) timestamp=7701 ms, used_size=1939456 bytes (4.7%)
(RDMA_READ_CONSUME_CHECK_CONSUMER) timestamp=7701 ms, used_size=1937408 bytes (4.7%)
(RDMA_READ_CONSUME_CHECK_CONSUMER) timestamp=7701 ms, used_size=1935360 bytes (4.7%)
(RDMA_READ_CONSUME_CHECK_CONSUMER) timestamp=7701 ms, used_size=1933312 bytes (4.7%)
(RDMA_READ_CONSUME_CHECK_CONSUMER) timestamp=7701 ms, used_size=1931264 bytes (4.7%)
(RDMA_READ_CONSUME_CHECK_CONSUMER) timestamp=7701 ms, used_size=1929216 bytes (4.7%)
(RDMA_READ_CONSUME_CHECK_CONSUMER) timestamp=7701 ms, used_size=1927168 bytes (4.7%)
(RDMA_READ_CONSUME_CHECK_CONSUMER) timestamp=7702 ms, used_size=1925120 bytes (4.7%)
(RDMA_READ_CONSUME_CHECK_CONSUMER) timestamp=7702 ms, used_size=1923072 bytes (4.7%)
(RDMA_READ_CONSUME_CHECK_CONSUMER) timestamp=7702 ms, used_size=1921024 bytes (4.7%)
(RDMA_READ_CONSUME_CHECK_CONSUMER) timestamp=7702 ms, used_size=1918976 bytes (4.7%)
(RDMA_READ_CONSUME_CHECK_CONSUMER) timestamp=7702 ms, used_size=1916928 bytes (4.7%)
(RDMA_READ_CONSUME_CHECK_CONSUMER) timestamp=7702 ms, used_size=1914880 bytes (4.7%)
(RDMA_READ_CONSUME_CHECK_CONSUMER) timestamp=7702 ms, used_size=1912832 bytes (4.7%)
(RDMA_READ_CONSUME_CHECK_CONSUMER) timestamp=7702 ms, used_size=1910784 bytes (4.7%)
(RDMA_READ_CONSUME_CHECK_CONSUMER) timestamp=7702 ms, used_size=1908736 bytes (4.7%)
(RDMA_READ_CONSUME_CHECK_CONSUMER) timestamp=7702 ms, used_size=1906688 bytes (4.7%)
(RDMA_READ_CONSUME_CHECK_CONSUMER) timestamp=7702 ms, used_size=1904640 bytes (4.7%)
(RDMA_READ_CONSUME_CHECK_CONSUMER) timestamp=7702 ms, used_size=1902592 bytes (4.6%)
(RDMA_READ_CONSUME_CHECK_CONSUMER) timestamp=7702 ms, used_size=1900544 bytes (4.6%)
(RDMA_READ_CONSUME_CHECK_CONSUMER) timestamp=7702 ms, used_size=1898496 bytes (4.6%)
(RDMA_READ_CONSUME_CHECK_CONSUMER) timestamp=7702 ms, used_size=1896448 bytes (4.6%)
(RDMA_READ_CONSUME_CHECK_CONSUMER) timestamp=7702 ms, used_size=1894400 bytes (4.6%)
(RDMA_READ_CONSUME_CHECK_CONSUMER) timestamp=7702 ms, used_size=1892352 bytes (4.6%)
(RDMA_READ_CONSUME_CHECK_CONSUMER) timestamp=7702 ms, used_size=1890304 bytes (4.6%)
(RDMA_READ_CONSUME_CHECK_CONSUMER) timestamp=7702 ms, used_size=1888256 bytes (4.6%)
(RDMA_READ_CONSUME_CHECK_CONSUMER) timestamp=7702 ms, used_size=1886208 bytes (4.6%)
(RDMA_READ_CONSUME_CHECK_CONSUMER) timestamp=7702 ms, used_size=1884160 bytes (4.6%)
(RDMA_READ_CONSUME_CHECK_CONSUMER) timestamp=7702 ms, used_size=1882112 bytes (4.6%)
(RDMA_READ_CONSUME_CHECK_CONSUMER) timestamp=7702 ms, used_size=1880064 bytes (4.6%)
(RDMA_READ_CONSUME_CHECK_CONSUMER) timestamp=7702 ms, used_size=1878016 bytes (4.6%)
(RDMA_READ_CONSUME_CHECK_CONSUMER) timestamp=7702 ms, used_size=1875968 bytes (4.6%)
(RDMA_READ_CONSUME_CHECK_CONSUMER) timestamp=7702 ms, used_size=1873920 bytes (4.6%)
(RDMA_READ_CONSUME_CHECK_CONSUMER) timestamp=7702 ms, used_size=1871872 bytes (4.6%)
(RDMA_READ_CONSUME_CHECK_CONSUMER) timestamp=7702 ms, used_size=1869824 bytes (4.6%)
(RDMA_READ_CONSUME_CHECK_CONSUMER) timestamp=7702 ms, used_size=1867776 bytes (4.6%)
(RDMA_READ_CONSUME_CHECK_CONSUMER) timestamp=7702 ms, used_size=1865728 bytes (4.6%)
(RDMA_READ_CONSUME_CHECK_CONSUMER) timestamp=7702 ms, used_size=1863680 bytes (4.5%)
(RDMA_READ_CONSUME_CHECK_CONSUMER) timestamp=7702 ms, used_size=1861632 bytes (4.5%)
(RDMA_READ_CONSUME_CHECK_CONSUMER) timestamp=7702 ms, used_size=1859584 bytes (4.5%)
(RDMA_READ_CONSUME_CHECK_CONSUMER) timestamp=7702 ms, used_size=1857536 bytes (4.5%)
(RDMA_READ_CONSUME_CHECK_CONSUMER) timestamp=7702 ms, used_size=1855488 bytes (4.5%)
(RDMA_READ_CONSUME_CHECK_CONSUMER) timestamp=7702 ms, used_size=1853440 bytes (4.5%)
(RDMA_READ_CONSUME_CHECK_CONSUMER) timestamp=7702 ms, used_size=1851392 bytes (4.5%)
(RDMA_READ_CONSUME_CHECK_CONSUMER) timestamp=7702 ms, used_size=1849344 bytes (4.5%)
(RDMA_READ_CONSUME_CHECK_CONSUMER) timestamp=7702 ms, used_size=1847296 bytes (4.5%)
(RDMA_READ_CONSUME_CHECK_CONSUMER) timestamp=7702 ms, used_size=1845248 bytes (4.5%)
(RDMA_READ_CONSUME_CHECK_CONSUMER) timestamp=7702 ms, used_size=1843200 bytes (4.5%)
(RDMA_READ_CONSUME_CHECK_CONSUMER) timestamp=7702 ms, used_size=1841152 bytes (4.5%)
(RDMA_READ_CONSUME_CHECK_CONSUMER) timestamp=7702 ms, used_size=1839104 bytes (4.5%)
(RDMA_READ_CONSUME_CHECK_CONSUMER) timestamp=7702 ms, used_size=1837056 bytes (4.5%)
(RDMA_READ_CONSUME_CHECK_CONSUMER) timestamp=7702 ms, used_size=1835008 bytes (4.5%)
(RDMA_READ_CONSUME_CHECK_CONSUMER) timestamp=7702 ms, used_size=1832960 bytes (4.5%)
(RDMA_READ_CONSUME_CHECK_CONSUMER) timestamp=7702 ms, used_size=1830912 bytes (4.5%)
(RDMA_READ_CONSUME_CHECK_CONSUMER) timestamp=7702 ms, used_size=1828864 bytes (4.5%)
(RDMA_READ_CONSUME_CHECK_CONSUMER) timestamp=7702 ms, used_size=1826816 bytes (4.5%)
(RDMA_READ_CONSUME_CHECK_CONSUMER) timestamp=7702 ms, used_size=1824768 bytes (4.5%)
(RDMA_READ_CONSUME_CHECK_CONSUMER) timestamp=7702 ms, used_size=1822720 bytes (4.5%)
(RDMA_READ_CONSUME_CHECK_CONSUMER) timestamp=7702 ms, used_size=1820672 bytes (4.4%)
(RDMA_READ_CONSUME_CHECK_CONSUMER) timestamp=7702 ms, used_size=1818624 bytes (4.4%)
(RDMA_READ_CONSUME_CHECK_CONSUMER) timestamp=7702 ms, used_size=1816576 bytes (4.4%)
(RDMA_READ_CONSUME_CHECK_CONSUMER) timestamp=7702 ms, used_size=1814528 bytes (4.4%)
(RDMA_READ_CONSUME_CHECK_CONSUMER) timestamp=7702 ms, used_size=1812480 bytes (4.4%)
(RDMA_READ_CONSUME_CHECK_CONSUMER) timestamp=7702 ms, used_size=1810432 bytes (4.4%)
(RDMA_READ_CONSUME_CHECK_CONSUMER) timestamp=7702 ms, used_size=1808384 bytes (4.4%)
(RDMA_READ_CONSUME_CHECK_CONSUMER) timestamp=7702 ms, used_size=1806336 bytes (4.4%)
(RDMA_READ_CONSUME_CHECK_CONSUMER) timestamp=7702 ms, used_size=1804288 bytes (4.4%)
(RDMA_READ_CONSUME_CHECK_CONSUMER) timestamp=7702 ms, used_size=1802240 bytes (4.4%)
(RDMA_READ_CONSUME_CHECK_CONSUMER) timestamp=7702 ms, used_size=1800192 bytes (4.4%)
(RDMA_READ_CONSUME_CHECK_CONSUMER) timestamp=7702 ms, used_size=1798144 bytes (4.4%)
(RDMA_READ_CONSUME_CHECK_CONSUMER) timestamp=7702 ms, used_size=1796096 bytes (4.4%)
(RDMA_READ_CONSUME_CHECK_CONSUMER) timestamp=7702 ms, used_size=1794048 bytes (4.4%)
(RDMA_READ_CONSUME_CHECK_CONSUMER) timestamp=7702 ms, used_size=1792000 bytes (4.4%)
(RDMA_READ_CONSUME_CHECK_CONSUMER) timestamp=7702 ms, used_size=1789952 bytes (4.4%)
(RDMA_READ_CONSUME_CHECK_CONSUMER) timestamp=7702 ms, used_size=1787904 bytes (4.4%)
(RDMA_READ_CONSUME_CHECK_CONSUMER) timestamp=7702 ms, used_size=1785856 bytes (4.4%)
(RDMA_READ_CONSUME_CHECK_CONSUMER) timestamp=7702 ms, used_size=1783808 bytes (4.4%)
(RDMA_READ_CONSUME_CHECK_CONSUMER) timestamp=7702 ms, used_size=1781760 bytes (4.3%)
(RDMA_READ_CONSUME_CHECK_CONSUMER) timestamp=7702 ms, used_size=1779712 bytes (4.3%)
(RDMA_READ_CONSUME_CHECK_CONSUMER) timestamp=7702 ms, used_size=1777664 bytes (4.3%)
(RDMA_READ_CONSUME_CHECK_CONSUMER) timestamp=7702 ms, used_size=1775616 bytes (4.3%)
(RDMA_READ_CONSUME_CHECK_CONSUMER) timestamp=7702 ms, used_size=1773568 bytes (4.3%)
(RDMA_READ_CONSUME_CHECK_CONSUMER) timestamp=7702 ms, used_size=1771520 bytes (4.3%)
(RDMA_READ_CONSUME_CHECK_CONSUMER) timestamp=7702 ms, used_size=1769472 bytes (4.3%)
(RDMA_READ_CONSUME_CHECK_CONSUMER) timestamp=7702 ms, used_size=1767424 bytes (4.3%)
(RDMA_READ_CONSUME_CHECK_CONSUMER) timestamp=7702 ms, used_size=1765376 bytes (4.3%)
(RDMA_READ_CONSUME_CHECK_CONSUMER) timestamp=7702 ms, used_size=1763328 bytes (4.3%)
(RDMA_READ_CONSUME_CHECK_CONSUMER) timestamp=7702 ms, used_size=1761280 bytes (4.3%)
(RDMA_READ_CONSUME_CHECK_CONSUMER) timestamp=7702 ms, used_size=1759232 bytes (4.3%)
(RDMA_READ_CONSUME_CHECK_CONSUMER) timestamp=7702 ms, used_size=1757184 bytes (4.3%)
(RDMA_READ_CONSUME_CHECK_CONSUMER) timestamp=7702 ms, used_size=1755136 bytes (4.3%)
(RDMA_READ_CONSUME_CHECK_CONSUMER) timestamp=7702 ms, used_size=1753088 bytes (4.3%)
(RDMA_READ_CONSUME_CHECK_CONSUMER) timestamp=7702 ms, used_size=1751040 bytes (4.3%)
(RDMA_READ_CONSUME_CHECK_CONSUMER) timestamp=7702 ms, used_size=1748992 bytes (4.3%)
(RDMA_READ_CONSUME_CHECK_CONSUMER) timestamp=7702 ms, used_size=1746944 bytes (4.3%)
(RDMA_READ_CONSUME_CHECK_CONSUMER) timestamp=7702 ms, used_size=1744896 bytes (4.3%)
(RDMA_READ_CONSUME_CHECK_CONSUMER) timestamp=7702 ms, used_size=1742848 bytes (4.3%)
(RDMA_READ_CONSUME_CHECK_CONSUMER) timestamp=7702 ms, used_size=1740800 bytes (4.2%)
(RDMA_READ_CONSUME_CHECK_CONSUMER) timestamp=7702 ms, used_size=1738752 bytes (4.2%)
(RDMA_READ_CONSUME_CHECK_CONSUMER) timestamp=7702 ms, used_size=1736704 bytes (4.2%)
(RDMA_READ_CONSUME_CHECK_CONSUMER) timestamp=7702 ms, used_size=1734656 bytes (4.2%)
(RDMA_READ_CONSUME_CHECK_CONSUMER) timestamp=7702 ms, used_size=1732608 bytes (4.2%)
(RDMA_READ_CONSUME_CHECK_CONSUMER) timestamp=7702 ms, used_size=1730560 bytes (4.2%)
(RDMA_READ_CONSUME_CHECK_CONSUMER) timestamp=7702 ms, used_size=1728512 bytes (4.2%)
(RDMA_READ_CONSUME_CHECK_CONSUMER) timestamp=7702 ms, used_size=1726464 bytes (4.2%)
(RDMA_READ_CONSUME_CHECK_CONSUMER) timestamp=7702 ms, used_size=1724416 bytes (4.2%)
(RDMA_READ_CONSUME_CHECK_CONSUMER) timestamp=7702 ms, used_size=1722368 bytes (4.2%)
(RDMA_READ_CONSUME_CHECK_CONSUMER) timestamp=7702 ms, used_size=1720320 bytes (4.2%)
(RDMA_READ_CONSUME_CHECK_CONSUMER) timestamp=7702 ms, used_size=1718272 bytes (4.2%)
(RDMA_READ_CONSUME_CHECK_CONSUMER) timestamp=7702 ms, used_size=1716224 bytes (4.2%)
(RDMA_READ_CONSUME_CHECK_CONSUMER) timestamp=7702 ms, used_size=1714176 bytes (4.2%)
(RDMA_READ_CONSUME_CHECK_CONSUMER) timestamp=7702 ms, used_size=1712128 bytes (4.2%)
(RDMA_READ_CONSUME_CHECK_CONSUMER) timestamp=7702 ms, used_size=1710080 bytes (4.2%)
(RDMA_READ_CONSUME_CHECK_CONSUMER) timestamp=7702 ms, used_size=1708032 bytes (4.2%)
(RDMA_READ_CONSUME_CHECK_CONSUMER) timestamp=7702 ms, used_size=1705984 bytes (4.2%)
(RDMA_READ_CONSUME_CHECK_CONSUMER) timestamp=7702 ms, used_size=1703936 bytes (4.2%)
(RDMA_READ_CONSUME_CHECK_CONSUMER) timestamp=7702 ms, used_size=1701888 bytes (4.2%)
(RDMA_READ_CONSUME_CHECK_CONSUMER) timestamp=7702 ms, used_size=1699840 bytes (4.2%)
(RDMA_READ_CONSUME_CHECK_CONSUMER) timestamp=7702 ms, used_size=1697792 bytes (4.1%)
(RDMA_READ_CONSUME_CHECK_CONSUMER) timestamp=7702 ms, used_size=1695744 bytes (4.1%)
(RDMA_READ_CONSUME_CHECK_CONSUMER) timestamp=7702 ms, used_size=1693696 bytes (4.1%)
(RDMA_READ_CONSUME_CHECK_CONSUMER) timestamp=7702 ms, used_size=1691648 bytes (4.1%)
(RDMA_READ_CONSUME_CHECK_CONSUMER) timestamp=7702 ms, used_size=1689600 bytes (4.1%)
(RDMA_READ_CONSUME_CHECK_CONSUMER) timestamp=7702 ms, used_size=1687552 bytes (4.1%)
(RDMA_READ_CONSUME_CHECK_CONSUMER) timestamp=7702 ms, used_size=1685504 bytes (4.1%)
(RDMA_READ_CONSUME_CHECK_CONSUMER) timestamp=7702 ms, used_size=1683456 bytes (4.1%)
(RDMA_READ_CONSUME_CHECK_CONSUMER) timestamp=7702 ms, used_size=1681408 bytes (4.1%)
(RDMA_READ_CONSUME_CHECK_CONSUMER) timestamp=7702 ms, used_size=1679360 bytes (4.1%)
(RDMA_READ_CONSUME_CHECK_CONSUMER) timestamp=7702 ms, used_size=1677312 bytes (4.1%)
(RDMA_READ_CONSUME_CHECK_CONSUMER) timestamp=7702 ms, used_size=1675264 bytes (4.1%)
(RDMA_READ_CONSUME_CHECK_CONSUMER) timestamp=7702 ms, used_size=1673216 bytes (4.1%)
(RDMA_READ_CONSUME_CHECK_CONSUMER) timestamp=7702 ms, used_size=1671168 bytes (4.1%)
(RDMA_READ_CONSUME_CHECK_CONSUMER) timestamp=7702 ms, used_size=1669120 bytes (4.1%)
(RDMA_READ_CONSUME_CHECK_CONSUMER) timestamp=7702 ms, used_size=1667072 bytes (4.1%)
(RDMA_READ_CONSUME_CHECK_CONSUMER) timestamp=7702 ms, used_size=1665024 bytes (4.1%)
(RDMA_READ_CONSUME_CHECK_CONSUMER) timestamp=7702 ms, used_size=1662976 bytes (4.1%)
(RDMA_READ_CONSUME_CHECK_CONSUMER) timestamp=7702 ms, used_size=1660928 bytes (4.1%)
(RDMA_READ_CONSUME_CHECK_CONSUMER) timestamp=7702 ms, used_size=1658880 bytes (4.0%)
(RDMA_READ_CONSUME_CHECK_CONSUMER) timestamp=7702 ms, used_size=1656832 bytes (4.0%)
(RDMA_READ_CONSUME_CHECK_CONSUMER) timestamp=7702 ms, used_size=1654784 bytes (4.0%)
(RDMA_READ_CONSUME_CHECK_CONSUMER) timestamp=7702 ms, used_size=1652736 bytes (4.0%)
(RDMA_READ_CONSUME_CHECK_CONSUMER) timestamp=7702 ms, used_size=1650688 bytes (4.0%)
(RDMA_READ_CONSUME_CHECK_CONSUMER) timestamp=7702 ms, used_size=1648640 bytes (4.0%)
(RDMA_READ_CONSUME_CHECK_CONSUMER) timestamp=7702 ms, used_size=1646592 bytes (4.0%)
(RDMA_READ_CONSUME_CHECK_CONSUMER) timestamp=7702 ms, used_size=1644544 bytes (4.0%)
(RDMA_READ_CONSUME_CHECK_CONSUMER) timestamp=7702 ms, used_size=1642496 bytes (4.0%)
(RDMA_READ_CONSUME_CHECK_CONSUMER) timestamp=7702 ms, used_size=1640448 bytes (4.0%)
(RDMA_READ_CONSUME_CHECK_CONSUMER) timestamp=7702 ms, used_size=1638400 bytes (4.0%)
(RDMA_READ_CONSUME_CHECK_CONSUMER) timestamp=7702 ms, used_size=1636352 bytes (4.0%)
(RDMA_READ_CONSUME_CHECK_CONSUMER) timestamp=7702 ms, used_size=1634304 bytes (4.0%)
(RDMA_READ_CONSUME_CHECK_CONSUMER) timestamp=7702 ms, used_size=1632256 bytes (4.0%)
(RDMA_READ_CONSUME_CHECK_CONSUMER) timestamp=7702 ms, used_size=1630208 bytes (4.0%)
(RDMA_READ_CONSUME_CHECK_CONSUMER) timestamp=7702 ms, used_size=1628160 bytes (4.0%)
(RDMA_READ_CONSUME_CHECK_CONSUMER) timestamp=7702 ms, used_size=1626112 bytes (4.0%)
(RDMA_READ_CONSUME_CHECK_CONSUMER) timestamp=7702 ms, used_size=1624064 bytes (4.0%)
(RDMA_READ_CONSUME_CHECK_CONSUMER) timestamp=7702 ms, used_size=1622016 bytes (4.0%)
(RDMA_READ_CONSUME_CHECK_CONSUMER) timestamp=7702 ms, used_size=1619968 bytes (4.0%)
(RDMA_READ_CONSUME_CHECK_CONSUMER) timestamp=7702 ms, used_size=1617920 bytes (4.0%)
(RDMA_READ_CONSUME_CHECK_CONSUMER) timestamp=7702 ms, used_size=1615872 bytes (3.9%)
(RDMA_READ_CONSUME_CHECK_CONSUMER) timestamp=7702 ms, used_size=1613824 bytes (3.9%)
(RDMA_READ_CONSUME_CHECK_CONSUMER) timestamp=7702 ms, used_size=1611776 bytes (3.9%)
(RDMA_READ_CONSUME_CHECK_CONSUMER) timestamp=7702 ms, used_size=1609728 bytes (3.9%)
(RDMA_READ_CONSUME_CHECK_CONSUMER) timestamp=7702 ms, used_size=1607680 bytes (3.9%)
(RDMA_READ_CONSUME_CHECK_CONSUMER) timestamp=7702 ms, used_size=1605632 bytes (3.9%)
(RDMA_READ_CONSUME_CHECK_CONSUMER) timestamp=7702 ms, used_size=1603584 bytes (3.9%)
(RDMA_READ_CONSUME_CHECK_CONSUMER) timestamp=7702 ms, used_size=1601536 bytes (3.9%)
(RDMA_READ_CONSUME_CHECK_CONSUMER) timestamp=7702 ms, used_size=1599488 bytes (3.9%)
(RDMA_READ_CONSUME_CHECK_CONSUMER) timestamp=7702 ms, used_size=1597440 bytes (3.9%)
(RDMA_READ_CONSUME_CHECK_CONSUMER) timestamp=7702 ms, used_size=1595392 bytes (3.9%)
(RDMA_READ_CONSUME_CHECK_CONSUMER) timestamp=7702 ms, used_size=1593344 bytes (3.9%)
(RDMA_READ_CONSUME_CHECK_CONSUMER) timestamp=7702 ms, used_size=1591296 bytes (3.9%)
(RDMA_READ_CONSUME_CHECK_CONSUMER) timestamp=7702 ms, used_size=1589248 bytes (3.9%)
(RDMA_READ_CONSUME_CHECK_CONSUMER) timestamp=7702 ms, used_size=1587200 bytes (3.9%)
(RDMA_READ_CONSUME_CHECK_CONSUMER) timestamp=7702 ms, used_size=1585152 bytes (3.9%)
(RDMA_READ_CONSUME_CHECK_CONSUMER) timestamp=7702 ms, used_size=1583104 bytes (3.9%)
(RDMA_READ_CONSUME_CHECK_CONSUMER) timestamp=7702 ms, used_size=1581056 bytes (3.9%)
(RDMA_READ_CONSUME_CHECK_CONSUMER) timestamp=7702 ms, used_size=1579008 bytes (3.9%)
(RDMA_READ_CONSUME_CHECK_CONSUMER) timestamp=7702 ms, used_size=1576960 bytes (3.9%)
(RDMA_READ_CONSUME_CHECK_CONSUMER) timestamp=7702 ms, used_size=1574912 bytes (3.8%)
(RDMA_READ_CONSUME_CHECK_CONSUMER) timestamp=7702 ms, used_size=1572864 bytes (3.8%)
(RDMA_READ_CONSUME_CHECK_CONSUMER) timestamp=7702 ms, used_size=1570816 bytes (3.8%)
(RDMA_READ_CONSUME_CHECK_CONSUMER) timestamp=7702 ms, used_size=1568768 bytes (3.8%)
(RDMA_READ_CONSUME_CHECK_CONSUMER) timestamp=7702 ms, used_size=1566720 bytes (3.8%)
(RDMA_READ_CONSUME_CHECK_CONSUMER) timestamp=7702 ms, used_size=1564672 bytes (3.8%)
(RDMA_READ_CONSUME_CHECK_CONSUMER) timestamp=7702 ms, used_size=1562624 bytes (3.8%)
(RDMA_READ_CONSUME_CHECK_CONSUMER) timestamp=7702 ms, used_size=1560576 bytes (3.8%)
(RDMA_READ_CONSUME_CHECK_CONSUMER) timestamp=7702 ms, used_size=1558528 bytes (3.8%)
(RDMA_READ_CONSUME_CHECK_CONSUMER) timestamp=7702 ms, used_size=1556480 bytes (3.8%)
(RDMA_READ_CONSUME_CHECK_CONSUMER) timestamp=7702 ms, used_size=1554432 bytes (3.8%)
(RDMA_READ_CONSUME_CHECK_CONSUMER) timestamp=7702 ms, used_size=1552384 bytes (3.8%)
(RDMA_READ_CONSUME_CHECK_CONSUMER) timestamp=7702 ms, used_size=1550336 bytes (3.8%)
(RDMA_READ_CONSUME_CHECK_CONSUMER) timestamp=7702 ms, used_size=1548288 bytes (3.8%)
(RDMA_READ_CONSUME_CHECK_CONSUMER) timestamp=7702 ms, used_size=1546240 bytes (3.8%)
(RDMA_READ_CONSUME_CHECK_CONSUMER) timestamp=7702 ms, used_size=1544192 bytes (3.8%)
(RDMA_READ_CONSUME_CHECK_CONSUMER) timestamp=7703 ms, used_size=1542144 bytes (3.8%)
(RDMA_READ_CONSUME_CHECK_CONSUMER) timestamp=7703 ms, used_size=1540096 bytes (3.8%)
(RDMA_READ_CONSUME_CHECK_CONSUMER) timestamp=7703 ms, used_size=1538048 bytes (3.8%)
(RDMA_READ_CONSUME_CHECK_CONSUMER) timestamp=7703 ms, used_size=1536000 bytes (3.8%)
(RDMA_READ_CONSUME_CHECK_CONSUMER) timestamp=7703 ms, used_size=1533952 bytes (3.7%)
(RDMA_READ_CONSUME_CHECK_CONSUMER) timestamp=7703 ms, used_size=1531904 bytes (3.7%)
(RDMA_READ_CONSUME_CHECK_CONSUMER) timestamp=7703 ms, used_size=1529856 bytes (3.7%)
(RDMA_READ_CONSUME_CHECK_CONSUMER) timestamp=7703 ms, used_size=1527808 bytes (3.7%)
(RDMA_READ_CONSUME_CHECK_CONSUMER) timestamp=7703 ms, used_size=1525760 bytes (3.7%)
(RDMA_READ_CONSUME_CHECK_CONSUMER) timestamp=7703 ms, used_size=1523712 bytes (3.7%)
(RDMA_READ_CONSUME_CHECK_CONSUMER) timestamp=7703 ms, used_size=1521664 bytes (3.7%)
(RDMA_READ_CONSUME_CHECK_CONSUMER) timestamp=7703 ms, used_size=1519616 bytes (3.7%)
(RDMA_READ_CONSUME_CHECK_CONSUMER) timestamp=7703 ms, used_size=1517568 bytes (3.7%)
(RDMA_READ_CONSUME_CHECK_CONSUMER) timestamp=7703 ms, used_size=1515520 bytes (3.7%)
(RDMA_READ_CONSUME_CHECK_CONSUMER) timestamp=7703 ms, used_size=1513472 bytes (3.7%)
(RDMA_READ_CONSUME_CHECK_CONSUMER) timestamp=7703 ms, used_size=1511424 bytes (3.7%)
(RDMA_READ_CONSUME_CHECK_CONSUMER) timestamp=7703 ms, used_size=1509376 bytes (3.7%)
(RDMA_READ_CONSUME_CHECK_CONSUMER) timestamp=7703 ms, used_size=1507328 bytes (3.7%)
(RDMA_READ_CONSUME_CHECK_CONSUMER) timestamp=7703 ms, used_size=1505280 bytes (3.7%)
(RDMA_READ_CONSUME_CHECK_CONSUMER) timestamp=7703 ms, used_size=1503232 bytes (3.7%)
(RDMA_READ_CONSUME_CHECK_CONSUMER) timestamp=7703 ms, used_size=1501184 bytes (3.7%)
(RDMA_READ_CONSUME_CHECK_CONSUMER) timestamp=7703 ms, used_size=1499136 bytes (3.7%)
(RDMA_READ_CONSUME_CHECK_CONSUMER) timestamp=7703 ms, used_size=1497088 bytes (3.7%)
(RDMA_READ_CONSUME_CHECK_CONSUMER) timestamp=7703 ms, used_size=1495040 bytes (3.6%)
(RDMA_READ_CONSUME_CHECK_CONSUMER) timestamp=7703 ms, used_size=1492992 bytes (3.6%)
(RDMA_READ_CONSUME_CHECK_CONSUMER) timestamp=7703 ms, used_size=1490944 bytes (3.6%)
(RDMA_READ_CONSUME_CHECK_CONSUMER) timestamp=7703 ms, used_size=1488896 bytes (3.6%)
(RDMA_READ_CONSUME_CHECK_CONSUMER) timestamp=7703 ms, used_size=1486848 bytes (3.6%)
(RDMA_READ_CONSUME_CHECK_CONSUMER) timestamp=7703 ms, used_size=1484800 bytes (3.6%)
(RDMA_READ_CONSUME_CHECK_CONSUMER) timestamp=7703 ms, used_size=1482752 bytes (3.6%)
(RDMA_READ_CONSUME_CHECK_CONSUMER) timestamp=7703 ms, used_size=1480704 bytes (3.6%)
(RDMA_READ_CONSUME_CHECK_CONSUMER) timestamp=7703 ms, used_size=1478656 bytes (3.6%)
(RDMA_READ_CONSUME_CHECK_CONSUMER) timestamp=7703 ms, used_size=1476608 bytes (3.6%)
(RDMA_READ_CONSUME_CHECK_CONSUMER) timestamp=7703 ms, used_size=1474560 bytes (3.6%)
(RDMA_READ_CONSUME_CHECK_CONSUMER) timestamp=7703 ms, used_size=1472512 bytes (3.6%)
(RDMA_READ_CONSUME_CHECK_CONSUMER) timestamp=7703 ms, used_size=1470464 bytes (3.6%)
(RDMA_READ_CONSUME_CHECK_CONSUMER) timestamp=7703 ms, used_size=1468416 bytes (3.6%)
(RDMA_READ_CONSUME_CHECK_CONSUMER) timestamp=7703 ms, used_size=1466368 bytes (3.6%)
(RDMA_READ_CONSUME_CHECK_CONSUMER) timestamp=7703 ms, used_size=1464320 bytes (3.6%)
(RDMA_READ_CONSUME_CHECK_CONSUMER) timestamp=7703 ms, used_size=1462272 bytes (3.6%)
(RDMA_READ_CONSUME_CHECK_CONSUMER) timestamp=7703 ms, used_size=1460224 bytes (3.6%)
(RDMA_READ_CONSUME_CHECK_CONSUMER) timestamp=7703 ms, used_size=1458176 bytes (3.6%)
(RDMA_READ_CONSUME_CHECK_CONSUMER) timestamp=7703 ms, used_size=1456128 bytes (3.6%)
(RDMA_READ_CONSUME_CHECK_CONSUMER) timestamp=7703 ms, used_size=1454080 bytes (3.5%)
(RDMA_READ_CONSUME_CHECK_CONSUMER) timestamp=7703 ms, used_size=1452032 bytes (3.5%)
(RDMA_READ_CONSUME_CHECK_CONSUMER) timestamp=7703 ms, used_size=1449984 bytes (3.5%)
(RDMA_READ_CONSUME_CHECK_CONSUMER) timestamp=7703 ms, used_size=1447936 bytes (3.5%)
(RDMA_READ_CONSUME_CHECK_CONSUMER) timestamp=7703 ms, used_size=1445888 bytes (3.5%)
(RDMA_READ_CONSUME_CHECK_CONSUMER) timestamp=7703 ms, used_size=1443840 bytes (3.5%)
(RDMA_READ_CONSUME_CHECK_CONSUMER) timestamp=7703 ms, used_size=1441792 bytes (3.5%)
(RDMA_READ_CONSUME_CHECK_CONSUMER) timestamp=7703 ms, used_size=1439744 bytes (3.5%)
(RDMA_READ_CONSUME_CHECK_CONSUMER) timestamp=7703 ms, used_size=1437696 bytes (3.5%)
(RDMA_READ_CONSUME_CHECK_CONSUMER) timestamp=7703 ms, used_size=1435648 bytes (3.5%)
(RDMA_READ_CONSUME_CHECK_CONSUMER) timestamp=7703 ms, used_size=1433600 bytes (3.5%)
(RDMA_READ_CONSUME_CHECK_CONSUMER) timestamp=7703 ms, used_size=1431552 bytes (3.5%)
(RDMA_READ_CONSUME_CHECK_CONSUMER) timestamp=7703 ms, used_size=1429504 bytes (3.5%)
(RDMA_READ_CONSUME_CHECK_CONSUMER) timestamp=7703 ms, used_size=1427456 bytes (3.5%)
(RDMA_READ_CONSUME_CHECK_CONSUMER) timestamp=7703 ms, used_size=1425408 bytes (3.5%)
(RDMA_READ_CONSUME_CHECK_CONSUMER) timestamp=7703 ms, used_size=1423360 bytes (3.5%)
(RDMA_READ_CONSUME_CHECK_CONSUMER) timestamp=7703 ms, used_size=1421312 bytes (3.5%)
(RDMA_READ_CONSUME_CHECK_CONSUMER) timestamp=7703 ms, used_size=1419264 bytes (3.5%)
(RDMA_READ_CONSUME_CHECK_CONSUMER) timestamp=7703 ms, used_size=1417216 bytes (3.5%)
(RDMA_READ_CONSUME_CHECK_CONSUMER) timestamp=7703 ms, used_size=1415168 bytes (3.5%)
(RDMA_READ_CONSUME_CHECK_CONSUMER) timestamp=7703 ms, used_size=1413120 bytes (3.5%)
(RDMA_READ_CONSUME_CHECK_CONSUMER) timestamp=7703 ms, used_size=1411072 bytes (3.4%)
(RDMA_READ_CONSUME_CHECK_CONSUMER) timestamp=7703 ms, used_size=1409024 bytes (3.4%)
(RDMA_READ_CONSUME_CHECK_CONSUMER) timestamp=7703 ms, used_size=1406976 bytes (3.4%)
(RDMA_READ_CONSUME_CHECK_CONSUMER) timestamp=7703 ms, used_size=1404928 bytes (3.4%)
(RDMA_READ_CONSUME_CHECK_CONSUMER) timestamp=7703 ms, used_size=1402880 bytes (3.4%)
(RDMA_READ_CONSUME_CHECK_CONSUMER) timestamp=7703 ms, used_size=1400832 bytes (3.4%)
(RDMA_READ_CONSUME_CHECK_CONSUMER) timestamp=7703 ms, used_size=1398784 bytes (3.4%)
(RDMA_READ_CONSUME_CHECK_CONSUMER) timestamp=7703 ms, used_size=1396736 bytes (3.4%)
(RDMA_READ_CONSUME_CHECK_CONSUMER) timestamp=7703 ms, used_size=1394688 bytes (3.4%)
(RDMA_READ_CONSUME_CHECK_CONSUMER) timestamp=7703 ms, used_size=1392640 bytes (3.4%)
(RDMA_READ_CONSUME_CHECK_CONSUMER) timestamp=7703 ms, used_size=1390592 bytes (3.4%)
(RDMA_READ_CONSUME_CHECK_CONSUMER) timestamp=7703 ms, used_size=1388544 bytes (3.4%)
(RDMA_READ_CONSUME_CHECK_CONSUMER) timestamp=7703 ms, used_size=1386496 bytes (3.4%)
(RDMA_READ_CONSUME_CHECK_CONSUMER) timestamp=7703 ms, used_size=1384448 bytes (3.4%)
(RDMA_READ_CONSUME_CHECK_CONSUMER) timestamp=7703 ms, used_size=1382400 bytes (3.4%)
(RDMA_READ_CONSUME_CHECK_CONSUMER) timestamp=7703 ms, used_size=1380352 bytes (3.4%)
(RDMA_READ_CONSUME_CHECK_CONSUMER) timestamp=7703 ms, used_size=1378304 bytes (3.4%)
(RDMA_READ_CONSUME_CHECK_CONSUMER) timestamp=7703 ms, used_size=1376256 bytes (3.4%)
(RDMA_READ_CONSUME_CHECK_CONSUMER) timestamp=7703 ms, used_size=1374208 bytes (3.4%)
(RDMA_READ_CONSUME_CHECK_CONSUMER) timestamp=7703 ms, used_size=1372160 bytes (3.4%)
(RDMA_READ_CONSUME_CHECK_CONSUMER) timestamp=7703 ms, used_size=1370112 bytes (3.3%)
(RDMA_READ_CONSUME_CHECK_CONSUMER) timestamp=7703 ms, used_size=1368064 bytes (3.3%)
(RDMA_READ_CONSUME_CHECK_CONSUMER) timestamp=7703 ms, used_size=1366016 bytes (3.3%)
(RDMA_READ_CONSUME_CHECK_CONSUMER) timestamp=7703 ms, used_size=1363968 bytes (3.3%)
(RDMA_READ_CONSUME_CHECK_CONSUMER) timestamp=7703 ms, used_size=1361920 bytes (3.3%)
(RDMA_READ_CONSUME_CHECK_CONSUMER) timestamp=7703 ms, used_size=1359872 bytes (3.3%)
(RDMA_READ_CONSUME_CHECK_CONSUMER) timestamp=7703 ms, used_size=1357824 bytes (3.3%)
(RDMA_READ_CONSUME_CHECK_CONSUMER) timestamp=7703 ms, used_size=1355776 bytes (3.3%)
(RDMA_READ_CONSUME_CHECK_CONSUMER) timestamp=7703 ms, used_size=1353728 bytes (3.3%)
(RDMA_READ_CONSUME_CHECK_CONSUMER) timestamp=7703 ms, used_size=1351680 bytes (3.3%)
(RDMA_READ_CONSUME_CHECK_CONSUMER) timestamp=7703 ms, used_size=1349632 bytes (3.3%)
(RDMA_READ_CONSUME_CHECK_CONSUMER) timestamp=7703 ms, used_size=1347584 bytes (3.3%)
(RDMA_READ_CONSUME_CHECK_CONSUMER) timestamp=7703 ms, used_size=1345536 bytes (3.3%)
(RDMA_READ_CONSUME_CHECK_CONSUMER) timestamp=7703 ms, used_size=1343488 bytes (3.3%)
(RDMA_READ_CONSUME_CHECK_CONSUMER) timestamp=7703 ms, used_size=1341440 bytes (3.3%)
(RDMA_READ_CONSUME_CHECK_CONSUMER) timestamp=7703 ms, used_size=1339392 bytes (3.3%)
(RDMA_READ_CONSUME_CHECK_CONSUMER) timestamp=7703 ms, used_size=1337344 bytes (3.3%)
(RDMA_READ_CONSUME_CHECK_CONSUMER) timestamp=7703 ms, used_size=1335296 bytes (3.3%)
(RDMA_READ_CONSUME_CHECK_CONSUMER) timestamp=7703 ms, used_size=1333248 bytes (3.3%)
(RDMA_READ_CONSUME_CHECK_CONSUMER) timestamp=7703 ms, used_size=1331200 bytes (3.2%)
(RDMA_READ_CONSUME_CHECK_CONSUMER) timestamp=7703 ms, used_size=1329152 bytes (3.2%)
(RDMA_READ_CONSUME_CHECK_CONSUMER) timestamp=7703 ms, used_size=1327104 bytes (3.2%)
(RDMA_READ_CONSUME_CHECK_CONSUMER) timestamp=7703 ms, used_size=1325056 bytes (3.2%)
(RDMA_READ_CONSUME_CHECK_CONSUMER) timestamp=7703 ms, used_size=1323008 bytes (3.2%)
(RDMA_READ_CONSUME_CHECK_CONSUMER) timestamp=7703 ms, used_size=1320960 bytes (3.2%)
(RDMA_READ_CONSUME_CHECK_CONSUMER) timestamp=7703 ms, used_size=1318912 bytes (3.2%)
(RDMA_READ_CONSUME_CHECK_CONSUMER) timestamp=7703 ms, used_size=1316864 bytes (3.2%)
(RDMA_READ_CONSUME_CHECK_CONSUMER) timestamp=7703 ms, used_size=1314816 bytes (3.2%)
(RDMA_READ_CONSUME_CHECK_CONSUMER) timestamp=7703 ms, used_size=1312768 bytes (3.2%)
(RDMA_READ_CONSUME_CHECK_CONSUMER) timestamp=7703 ms, used_size=1310720 bytes (3.2%)
(RDMA_READ_CONSUME_CHECK_CONSUMER) timestamp=7703 ms, used_size=1308672 bytes (3.2%)
(RDMA_READ_CONSUME_CHECK_CONSUMER) timestamp=7703 ms, used_size=1306624 bytes (3.2%)
(RDMA_READ_CONSUME_CHECK_CONSUMER) timestamp=7703 ms, used_size=1304576 bytes (3.2%)
(RDMA_READ_CONSUME_CHECK_CONSUMER) timestamp=7703 ms, used_size=1302528 bytes (3.2%)
(RDMA_READ_CONSUME_CHECK_CONSUMER) timestamp=7703 ms, used_size=1300480 bytes (3.2%)
(RDMA_READ_CONSUME_CHECK_CONSUMER) timestamp=7703 ms, used_size=1298432 bytes (3.2%)
(RDMA_READ_CONSUME_CHECK_CONSUMER) timestamp=7703 ms, used_size=1296384 bytes (3.2%)
(RDMA_READ_CONSUME_CHECK_CONSUMER) timestamp=7703 ms, used_size=1294336 bytes (3.2%)
(RDMA_READ_CONSUME_CHECK_CONSUMER) timestamp=7703 ms, used_size=1292288 bytes (3.2%)
(RDMA_READ_CONSUME_CHECK_CONSUMER) timestamp=7703 ms, used_size=1290240 bytes (3.1%)
(RDMA_READ_CONSUME_CHECK_CONSUMER) timestamp=7703 ms, used_size=1288192 bytes (3.1%)
(RDMA_READ_CONSUME_CHECK_CONSUMER) timestamp=7703 ms, used_size=1286144 bytes (3.1%)
(RDMA_READ_CONSUME_CHECK_CONSUMER) timestamp=7703 ms, used_size=1284096 bytes (3.1%)
(RDMA_READ_CONSUME_CHECK_CONSUMER) timestamp=7703 ms, used_size=1282048 bytes (3.1%)
(RDMA_READ_CONSUME_CHECK_CONSUMER) timestamp=7703 ms, used_size=1280000 bytes (3.1%)
(RDMA_READ_CONSUME_CHECK_CONSUMER) timestamp=7703 ms, used_size=1277952 bytes (3.1%)
(RDMA_READ_CONSUME_CHECK_CONSUMER) timestamp=7703 ms, used_size=1275904 bytes (3.1%)
(RDMA_READ_CONSUME_CHECK_CONSUMER) timestamp=7703 ms, used_size=1273856 bytes (3.1%)
(RDMA_READ_CONSUME_CHECK_CONSUMER) timestamp=7703 ms, used_size=1271808 bytes (3.1%)
(RDMA_READ_CONSUME_CHECK_CONSUMER) timestamp=7703 ms, used_size=1269760 bytes (3.1%)
(RDMA_READ_CONSUME_CHECK_CONSUMER) timestamp=7703 ms, used_size=1267712 bytes (3.1%)
(RDMA_READ_CONSUME_CHECK_CONSUMER) timestamp=7703 ms, used_size=1265664 bytes (3.1%)
(RDMA_READ_CONSUME_CHECK_CONSUMER) timestamp=7703 ms, used_size=1263616 bytes (3.1%)
(RDMA_READ_CONSUME_CHECK_CONSUMER) timestamp=7703 ms, used_size=1261568 bytes (3.1%)
(RDMA_READ_CONSUME_CHECK_CONSUMER) timestamp=7703 ms, used_size=1259520 bytes (3.1%)
(RDMA_READ_CONSUME_CHECK_CONSUMER) timestamp=7703 ms, used_size=1257472 bytes (3.1%)
(RDMA_READ_CONSUME_CHECK_CONSUMER) timestamp=7703 ms, used_size=1255424 bytes (3.1%)
(RDMA_READ_CONSUME_CHECK_CONSUMER) timestamp=7703 ms, used_size=1253376 bytes (3.1%)
(RDMA_READ_CONSUME_CHECK_CONSUMER) timestamp=7703 ms, used_size=1251328 bytes (3.1%)
(RDMA_READ_CONSUME_CHECK_CONSUMER) timestamp=7703 ms, used_size=1249280 bytes (3.0%)
(RDMA_READ_CONSUME_CHECK_CONSUMER) timestamp=7703 ms, used_size=1247232 bytes (3.0%)
(RDMA_READ_CONSUME_CHECK_CONSUMER) timestamp=7703 ms, used_size=1245184 bytes (3.0%)
(RDMA_READ_CONSUME_CHECK_CONSUMER) timestamp=7703 ms, used_size=1243136 bytes (3.0%)
(RDMA_READ_CONSUME_CHECK_CONSUMER) timestamp=7703 ms, used_size=1241088 bytes (3.0%)
(RDMA_READ_CONSUME_CHECK_CONSUMER) timestamp=7703 ms, used_size=1239040 bytes (3.0%)
(RDMA_READ_CONSUME_CHECK_CONSUMER) timestamp=7703 ms, used_size=1236992 bytes (3.0%)
(RDMA_READ_CONSUME_CHECK_CONSUMER) timestamp=7703 ms, used_size=1234944 bytes (3.0%)
(RDMA_READ_CONSUME_CHECK_CONSUMER) timestamp=7703 ms, used_size=1232896 bytes (3.0%)
(RDMA_READ_CONSUME_CHECK_CONSUMER) timestamp=7703 ms, used_size=1230848 bytes (3.0%)
(RDMA_READ_CONSUME_CHECK_CONSUMER) timestamp=7703 ms, used_size=1228800 bytes (3.0%)
(RDMA_READ_CONSUME_CHECK_CONSUMER) timestamp=7703 ms, used_size=1226752 bytes (3.0%)
(RDMA_READ_CONSUME_CHECK_CONSUMER) timestamp=7703 ms, used_size=1224704 bytes (3.0%)
(RDMA_READ_CONSUME_CHECK_CONSUMER) timestamp=7703 ms, used_size=1222656 bytes (3.0%)
(RDMA_READ_CONSUME_CHECK_CONSUMER) timestamp=7703 ms, used_size=1220608 bytes (3.0%)
(RDMA_READ_CONSUME_CHECK_CONSUMER) timestamp=7703 ms, used_size=1218560 bytes (3.0%)
(RDMA_READ_CONSUME_CHECK_CONSUMER) timestamp=7703 ms, used_size=1216512 bytes (3.0%)
(RDMA_READ_CONSUME_CHECK_CONSUMER) timestamp=7703 ms, used_size=1214464 bytes (3.0%)
(RDMA_READ_CONSUME_CHECK_CONSUMER) timestamp=7703 ms, used_size=1212416 bytes (3.0%)
(RDMA_READ_CONSUME_CHECK_CONSUMER) timestamp=7703 ms, used_size=1210368 bytes (3.0%)
(RDMA_READ_CONSUME_CHECK_CONSUMER) timestamp=7703 ms, used_size=1208320 bytes (3.0%)
(RDMA_READ_CONSUME_CHECK_CONSUMER) timestamp=7703 ms, used_size=1206272 bytes (2.9%)
(RDMA_READ_CONSUME_CHECK_CONSUMER) timestamp=7703 ms, used_size=1204224 bytes (2.9%)
(RDMA_READ_CONSUME_CHECK_CONSUMER) timestamp=7703 ms, used_size=1202176 bytes (2.9%)
(RDMA_READ_CONSUME_CHECK_CONSUMER) timestamp=7703 ms, used_size=1200128 bytes (2.9%)
(RDMA_READ_CONSUME_CHECK_CONSUMER) timestamp=7703 ms, used_size=1198080 bytes (2.9%)
(RDMA_READ_CONSUME_CHECK_CONSUMER) timestamp=7703 ms, used_size=1196032 bytes (2.9%)
(RDMA_READ_CONSUME_CHECK_CONSUMER) timestamp=7703 ms, used_size=1193984 bytes (2.9%)
(RDMA_READ_CONSUME_CHECK_CONSUMER) timestamp=7703 ms, used_size=1191936 bytes (2.9%)
(RDMA_READ_CONSUME_CHECK_CONSUMER) timestamp=7703 ms, used_size=1189888 bytes (2.9%)
(RDMA_READ_CONSUME_CHECK_CONSUMER) timestamp=7703 ms, used_size=1187840 bytes (2.9%)
(RDMA_READ_CONSUME_CHECK_CONSUMER) timestamp=7703 ms, used_size=1185792 bytes (2.9%)
(RDMA_READ_CONSUME_CHECK_CONSUMER) timestamp=7703 ms, used_size=1183744 bytes (2.9%)
(RDMA_READ_CONSUME_CHECK_CONSUMER) timestamp=7703 ms, used_size=1181696 bytes (2.9%)
(RDMA_READ_CONSUME_CHECK_CONSUMER) timestamp=7703 ms, used_size=1179648 bytes (2.9%)
(RDMA_READ_CONSUME_CHECK_CONSUMER) timestamp=7703 ms, used_size=1177600 bytes (2.9%)
(RDMA_READ_CONSUME_CHECK_CONSUMER) timestamp=7703 ms, used_size=1175552 bytes (2.9%)
(RDMA_READ_CONSUME_CHECK_CONSUMER) timestamp=7703 ms, used_size=1173504 bytes (2.9%)
(RDMA_READ_CONSUME_CHECK_CONSUMER) timestamp=7703 ms, used_size=1171456 bytes (2.9%)
(RDMA_READ_CONSUME_CHECK_CONSUMER) timestamp=7704 ms, used_size=1169408 bytes (2.9%)
(RDMA_READ_CONSUME_CHECK_CONSUMER) timestamp=7704 ms, used_size=1167360 bytes (2.9%)
(RDMA_READ_CONSUME_CHECK_CONSUMER) timestamp=7704 ms, used_size=1165312 bytes (2.8%)
(RDMA_READ_CONSUME_CHECK_CONSUMER) timestamp=7704 ms, used_size=1163264 bytes (2.8%)
(RDMA_READ_CONSUME_CHECK_CONSUMER) timestamp=7704 ms, used_size=1161216 bytes (2.8%)
(RDMA_READ_CONSUME_CHECK_CONSUMER) timestamp=7704 ms, used_size=1159168 bytes (2.8%)
(RDMA_READ_CONSUME_CHECK_CONSUMER) timestamp=7704 ms, used_size=1157120 bytes (2.8%)
(RDMA_READ_CONSUME_CHECK_CONSUMER) timestamp=7704 ms, used_size=1155072 bytes (2.8%)
(RDMA_READ_CONSUME_CHECK_CONSUMER) timestamp=7704 ms, used_size=1153024 bytes (2.8%)
(RDMA_READ_CONSUME_CHECK_CONSUMER) timestamp=7704 ms, used_size=1150976 bytes (2.8%)
(RDMA_READ_CONSUME_CHECK_CONSUMER) timestamp=7704 ms, used_size=1148928 bytes (2.8%)
(RDMA_READ_CONSUME_CHECK_CONSUMER) timestamp=7704 ms, used_size=1146880 bytes (2.8%)
(RDMA_READ_CONSUME_CHECK_CONSUMER) timestamp=7704 ms, used_size=1144832 bytes (2.8%)
(RDMA_READ_CONSUME_CHECK_CONSUMER) timestamp=7704 ms, used_size=1142784 bytes (2.8%)
(RDMA_READ_CONSUME_CHECK_CONSUMER) timestamp=7704 ms, used_size=1140736 bytes (2.8%)
(RDMA_READ_CONSUME_CHECK_CONSUMER) timestamp=7704 ms, used_size=1138688 bytes (2.8%)
(RDMA_READ_CONSUME_CHECK_CONSUMER) timestamp=7704 ms, used_size=1136640 bytes (2.8%)
(RDMA_READ_CONSUME_CHECK_CONSUMER) timestamp=7704 ms, used_size=1134592 bytes (2.8%)
(RDMA_READ_CONSUME_CHECK_CONSUMER) timestamp=7704 ms, used_size=1132544 bytes (2.8%)
(RDMA_READ_CONSUME_CHECK_CONSUMER) timestamp=7704 ms, used_size=1130496 bytes (2.8%)
(RDMA_READ_CONSUME_CHECK_CONSUMER) timestamp=7704 ms, used_size=1128448 bytes (2.8%)
(RDMA_READ_CONSUME_CHECK_CONSUMER) timestamp=7704 ms, used_size=1126400 bytes (2.8%)
(RDMA_READ_CONSUME_CHECK_CONSUMER) timestamp=7704 ms, used_size=1124352 bytes (2.7%)
(RDMA_READ_CONSUME_CHECK_CONSUMER) timestamp=7704 ms, used_size=1122304 bytes (2.7%)
(RDMA_READ_CONSUME_CHECK_CONSUMER) timestamp=7704 ms, used_size=1120256 bytes (2.7%)
(RDMA_READ_CONSUME_CHECK_CONSUMER) timestamp=7704 ms, used_size=1118208 bytes (2.7%)
(RDMA_READ_CONSUME_CHECK_CONSUMER) timestamp=7704 ms, used_size=1116160 bytes (2.7%)
(RDMA_READ_CONSUME_CHECK_CONSUMER) timestamp=7704 ms, used_size=1114112 bytes (2.7%)
(RDMA_READ_CONSUME_CHECK_CONSUMER) timestamp=7704 ms, used_size=1112064 bytes (2.7%)
(RDMA_READ_CONSUME_CHECK_CONSUMER) timestamp=7704 ms, used_size=1110016 bytes (2.7%)
(RDMA_READ_CONSUME_CHECK_CONSUMER) timestamp=7704 ms, used_size=1107968 bytes (2.7%)
(RDMA_READ_CONSUME_CHECK_CONSUMER) timestamp=7704 ms, used_size=1105920 bytes (2.7%)
(RDMA_READ_CONSUME_CHECK_CONSUMER) timestamp=7704 ms, used_size=1103872 bytes (2.7%)
(RDMA_READ_CONSUME_CHECK_CONSUMER) timestamp=7704 ms, used_size=1101824 bytes (2.7%)
(RDMA_READ_CONSUME_CHECK_CONSUMER) timestamp=7704 ms, used_size=1099776 bytes (2.7%)
(RDMA_READ_CONSUME_CHECK_CONSUMER) timestamp=7704 ms, used_size=1097728 bytes (2.7%)
(RDMA_READ_CONSUME_CHECK_CONSUMER) timestamp=7704 ms, used_size=1095680 bytes (2.7%)
(RDMA_READ_CONSUME_CHECK_CONSUMER) timestamp=7704 ms, used_size=1093632 bytes (2.7%)
(RDMA_READ_CONSUME_CHECK_CONSUMER) timestamp=7704 ms, used_size=1091584 bytes (2.7%)
(RDMA_READ_CONSUME_CHECK_CONSUMER) timestamp=7704 ms, used_size=1089536 bytes (2.7%)
(RDMA_READ_CONSUME_CHECK_CONSUMER) timestamp=7704 ms, used_size=1087488 bytes (2.7%)
(RDMA_READ_CONSUME_CHECK_CONSUMER) timestamp=7704 ms, used_size=1085440 bytes (2.6%)
(RDMA_READ_CONSUME_CHECK_CONSUMER) timestamp=7704 ms, used_size=1083392 bytes (2.6%)
(RDMA_READ_CONSUME_CHECK_CONSUMER) timestamp=7704 ms, used_size=1081344 bytes (2.6%)
(RDMA_READ_CONSUME_CHECK_CONSUMER) timestamp=7704 ms, used_size=1079296 bytes (2.6%)
(RDMA_READ_CONSUME_CHECK_CONSUMER) timestamp=7704 ms, used_size=1077248 bytes (2.6%)
(RDMA_READ_CONSUME_CHECK_CONSUMER) timestamp=7704 ms, used_size=1075200 bytes (2.6%)
(RDMA_READ_CONSUME_CHECK_CONSUMER) timestamp=7704 ms, used_size=1073152 bytes (2.6%)
(RDMA_READ_CONSUME_CHECK_CONSUMER) timestamp=7704 ms, used_size=1071104 bytes (2.6%)
(RDMA_READ_CONSUME_CHECK_CONSUMER) timestamp=7704 ms, used_size=1069056 bytes (2.6%)
(RDMA_READ_CONSUME_CHECK_CONSUMER) timestamp=7704 ms, used_size=1067008 bytes (2.6%)
(RDMA_READ_CONSUME_CHECK_CONSUMER) timestamp=7704 ms, used_size=1064960 bytes (2.6%)
(RDMA_READ_CONSUME_CHECK_CONSUMER) timestamp=7704 ms, used_size=1062912 bytes (2.6%)
(RDMA_READ_CONSUME_CHECK_CONSUMER) timestamp=7704 ms, used_size=1060864 bytes (2.6%)
(RDMA_READ_CONSUME_CHECK_CONSUMER) timestamp=7704 ms, used_size=1058816 bytes (2.6%)
(RDMA_READ_CONSUME_CHECK_CONSUMER) timestamp=7704 ms, used_size=1056768 bytes (2.6%)
(RDMA_READ_CONSUME_CHECK_CONSUMER) timestamp=7704 ms, used_size=1054720 bytes (2.6%)
(RDMA_READ_CONSUME_CHECK_CONSUMER) timestamp=7704 ms, used_size=1052672 bytes (2.6%)
(RDMA_READ_CONSUME_CHECK_CONSUMER) timestamp=7704 ms, used_size=1050624 bytes (2.6%)
(RDMA_READ_CONSUME_CHECK_CONSUMER) timestamp=7704 ms, used_size=1048576 bytes (2.6%)
(RDMA_READ_CONSUME_CHECK_CONSUMER) timestamp=7704 ms, used_size=1046528 bytes (2.6%)
(RDMA_READ_CONSUME_CHECK_CONSUMER) timestamp=7704 ms, used_size=1044480 bytes (2.5%)
(RDMA_READ_CONSUME_CHECK_CONSUMER) timestamp=7704 ms, used_size=1042432 bytes (2.5%)
(RDMA_READ_CONSUME_CHECK_CONSUMER) timestamp=7704 ms, used_size=1040384 bytes (2.5%)
(RDMA_READ_CONSUME_CHECK_CONSUMER) timestamp=7704 ms, used_size=1038336 bytes (2.5%)
(RDMA_READ_CONSUME_CHECK_CONSUMER) timestamp=7704 ms, used_size=1036288 bytes (2.5%)
(RDMA_READ_CONSUME_CHECK_CONSUMER) timestamp=7704 ms, used_size=1034240 bytes (2.5%)
(RDMA_READ_CONSUME_CHECK_CONSUMER) timestamp=7704 ms, used_size=1032192 bytes (2.5%)
(RDMA_READ_CONSUME_CHECK_CONSUMER) timestamp=7704 ms, used_size=1030144 bytes (2.5%)
(RDMA_READ_CONSUME_CHECK_CONSUMER) timestamp=7704 ms, used_size=1028096 bytes (2.5%)
(RDMA_READ_CONSUME_CHECK_CONSUMER) timestamp=7704 ms, used_size=1026048 bytes (2.5%)
(RDMA_READ_CONSUME_CHECK_CONSUMER) timestamp=7704 ms, used_size=1024000 bytes (2.5%)
(RDMA_READ_CONSUME_CHECK_CONSUMER) timestamp=7704 ms, used_size=1021952 bytes (2.5%)
(RDMA_READ_CONSUME_CHECK_CONSUMER) timestamp=7704 ms, used_size=1019904 bytes (2.5%)
(RDMA_READ_CONSUME_CHECK_CONSUMER) timestamp=7704 ms, used_size=1017856 bytes (2.5%)
(RDMA_READ_CONSUME_CHECK_CONSUMER) timestamp=7704 ms, used_size=1015808 bytes (2.5%)
(RDMA_READ_CONSUME_CHECK_CONSUMER) timestamp=7704 ms, used_size=1013760 bytes (2.5%)
(RDMA_READ_CONSUME_CHECK_CONSUMER) timestamp=7704 ms, used_size=1011712 bytes (2.5%)
(RDMA_READ_CONSUME_CHECK_CONSUMER) timestamp=7704 ms, used_size=1009664 bytes (2.5%)
(RDMA_READ_CONSUME_CHECK_CONSUMER) timestamp=7704 ms, used_size=1007616 bytes (2.5%)
(RDMA_READ_CONSUME_CHECK_CONSUMER) timestamp=7704 ms, used_size=1005568 bytes (2.5%)
(RDMA_READ_CONSUME_CHECK_CONSUMER) timestamp=7704 ms, used_size=1003520 bytes (2.5%)
(RDMA_READ_CONSUME_CHECK_CONSUMER) timestamp=7704 ms, used_size=1001472 bytes (2.4%)
(RDMA_READ_CONSUME_CHECK_CONSUMER) timestamp=7704 ms, used_size=999424 bytes (2.4%)
(RDMA_READ_CONSUME_CHECK_CONSUMER) timestamp=7704 ms, used_size=997376 bytes (2.4%)
(RDMA_READ_CONSUME_CHECK_CONSUMER) timestamp=7704 ms, used_size=995328 bytes (2.4%)
(RDMA_READ_CONSUME_CHECK_CONSUMER) timestamp=7704 ms, used_size=993280 bytes (2.4%)
(RDMA_READ_CONSUME_CHECK_CONSUMER) timestamp=7704 ms, used_size=991232 bytes (2.4%)
(RDMA_READ_CONSUME_CHECK_CONSUMER) timestamp=7704 ms, used_size=989184 bytes (2.4%)
(RDMA_READ_CONSUME_CHECK_CONSUMER) timestamp=7704 ms, used_size=987136 bytes (2.4%)
(RDMA_READ_CONSUME_CHECK_CONSUMER) timestamp=7704 ms, used_size=985088 bytes (2.4%)
(RDMA_READ_CONSUME_CHECK_CONSUMER) timestamp=7704 ms, used_size=983040 bytes (2.4%)
(RDMA_READ_CONSUME_CHECK_CONSUMER) timestamp=7704 ms, used_size=980992 bytes (2.4%)
(RDMA_READ_CONSUME_CHECK_CONSUMER) timestamp=7704 ms, used_size=978944 bytes (2.4%)
(RDMA_READ_CONSUME_CHECK_CONSUMER) timestamp=7704 ms, used_size=976896 bytes (2.4%)
(RDMA_READ_CONSUME_CHECK_CONSUMER) timestamp=7704 ms, used_size=974848 bytes (2.4%)
(RDMA_READ_CONSUME_CHECK_CONSUMER) timestamp=7704 ms, used_size=972800 bytes (2.4%)
(RDMA_READ_CONSUME_CHECK_CONSUMER) timestamp=7704 ms, used_size=970752 bytes (2.4%)
(RDMA_READ_CONSUME_CHECK_CONSUMER) timestamp=7704 ms, used_size=968704 bytes (2.4%)
(RDMA_READ_CONSUME_CHECK_CONSUMER) timestamp=7704 ms, used_size=966656 bytes (2.4%)
(RDMA_READ_CONSUME_CHECK_CONSUMER) timestamp=7704 ms, used_size=964608 bytes (2.4%)
(RDMA_READ_CONSUME_CHECK_CONSUMER) timestamp=7704 ms, used_size=962560 bytes (2.4%)
(RDMA_READ_CONSUME_CHECK_CONSUMER) timestamp=7704 ms, used_size=960512 bytes (2.3%)
(RDMA_READ_CONSUME_CHECK_CONSUMER) timestamp=7704 ms, used_size=958464 bytes (2.3%)
(RDMA_READ_CONSUME_CHECK_CONSUMER) timestamp=7704 ms, used_size=956416 bytes (2.3%)
(RDMA_READ_CONSUME_CHECK_CONSUMER) timestamp=7704 ms, used_size=954368 bytes (2.3%)
(RDMA_READ_CONSUME_CHECK_CONSUMER) timestamp=7704 ms, used_size=952320 bytes (2.3%)
(RDMA_READ_CONSUME_CHECK_CONSUMER) timestamp=7704 ms, used_size=950272 bytes (2.3%)
(RDMA_READ_CONSUME_CHECK_CONSUMER) timestamp=7704 ms, used_size=948224 bytes (2.3%)
(RDMA_READ_CONSUME_CHECK_CONSUMER) timestamp=7704 ms, used_size=946176 bytes (2.3%)
(RDMA_READ_CONSUME_CHECK_CONSUMER) timestamp=7704 ms, used_size=944128 bytes (2.3%)
(RDMA_READ_CONSUME_CHECK_CONSUMER) timestamp=7704 ms, used_size=942080 bytes (2.3%)
(RDMA_READ_CONSUME_CHECK_CONSUMER) timestamp=7704 ms, used_size=940032 bytes (2.3%)
(RDMA_READ_CONSUME_CHECK_CONSUMER) timestamp=7704 ms, used_size=937984 bytes (2.3%)
(RDMA_READ_CONSUME_CHECK_CONSUMER) timestamp=7704 ms, used_size=935936 bytes (2.3%)
(RDMA_READ_CONSUME_CHECK_CONSUMER) timestamp=7704 ms, used_size=933888 bytes (2.3%)
(RDMA_READ_CONSUME_CHECK_CONSUMER) timestamp=7704 ms, used_size=931840 bytes (2.3%)
(RDMA_READ_CONSUME_CHECK_CONSUMER) timestamp=7704 ms, used_size=929792 bytes (2.3%)
(RDMA_READ_CONSUME_CHECK_CONSUMER) timestamp=7704 ms, used_size=927744 bytes (2.3%)
(RDMA_READ_CONSUME_CHECK_CONSUMER) timestamp=7704 ms, used_size=925696 bytes (2.3%)
(RDMA_READ_CONSUME_CHECK_CONSUMER) timestamp=7704 ms, used_size=923648 bytes (2.3%)
(RDMA_READ_CONSUME_CHECK_CONSUMER) timestamp=7704 ms, used_size=921600 bytes (2.2%)
(RDMA_READ_CONSUME_CHECK_CONSUMER) timestamp=7704 ms, used_size=919552 bytes (2.2%)
(RDMA_READ_CONSUME_CHECK_CONSUMER) timestamp=7704 ms, used_size=917504 bytes (2.2%)
(RDMA_READ_CONSUME_CHECK_CONSUMER) timestamp=7704 ms, used_size=915456 bytes (2.2%)
(RDMA_READ_CONSUME_CHECK_CONSUMER) timestamp=7704 ms, used_size=913408 bytes (2.2%)
(RDMA_READ_CONSUME_CHECK_CONSUMER) timestamp=7704 ms, used_size=911360 bytes (2.2%)
(RDMA_READ_CONSUME_CHECK_CONSUMER) timestamp=7704 ms, used_size=909312 bytes (2.2%)
(RDMA_READ_CONSUME_CHECK_CONSUMER) timestamp=7704 ms, used_size=907264 bytes (2.2%)
(RDMA_READ_CONSUME_CHECK_CONSUMER) timestamp=7704 ms, used_size=905216 bytes (2.2%)
(RDMA_READ_CONSUME_CHECK_CONSUMER) timestamp=7704 ms, used_size=903168 bytes (2.2%)
(RDMA_READ_CONSUME_CHECK_CONSUMER) timestamp=7704 ms, used_size=901120 bytes (2.2%)
(RDMA_READ_CONSUME_CHECK_CONSUMER) timestamp=7704 ms, used_size=899072 bytes (2.2%)
(RDMA_READ_CONSUME_CHECK_CONSUMER) timestamp=7704 ms, used_size=897024 bytes (2.2%)
(RDMA_READ_CONSUME_CHECK_CONSUMER) timestamp=7704 ms, used_size=894976 bytes (2.2%)
(RDMA_READ_CONSUME_CHECK_CONSUMER) timestamp=7704 ms, used_size=892928 bytes (2.2%)
(RDMA_READ_CONSUME_CHECK_CONSUMER) timestamp=7704 ms, used_size=890880 bytes (2.2%)
(RDMA_READ_CONSUME_CHECK_CONSUMER) timestamp=7704 ms, used_size=888832 bytes (2.2%)
(RDMA_READ_CONSUME_CHECK_CONSUMER) timestamp=7704 ms, used_size=886784 bytes (2.2%)
(RDMA_READ_CONSUME_CHECK_CONSUMER) timestamp=7704 ms, used_size=884736 bytes (2.2%)
(RDMA_READ_CONSUME_CHECK_CONSUMER) timestamp=7704 ms, used_size=882688 bytes (2.2%)
(RDMA_READ_CONSUME_CHECK_CONSUMER) timestamp=7704 ms, used_size=880640 bytes (2.1%)
(RDMA_READ_CONSUME_CHECK_CONSUMER) timestamp=7704 ms, used_size=878592 bytes (2.1%)
(RDMA_READ_CONSUME_CHECK_CONSUMER) timestamp=7704 ms, used_size=876544 bytes (2.1%)
(RDMA_READ_CONSUME_CHECK_CONSUMER) timestamp=7704 ms, used_size=874496 bytes (2.1%)
(RDMA_READ_CONSUME_CHECK_CONSUMER) timestamp=7704 ms, used_size=872448 bytes (2.1%)
(RDMA_READ_CONSUME_CHECK_CONSUMER) timestamp=7704 ms, used_size=870400 bytes (2.1%)
(RDMA_READ_CONSUME_CHECK_CONSUMER) timestamp=7704 ms, used_size=868352 bytes (2.1%)
(RDMA_READ_CONSUME_CHECK_CONSUMER) timestamp=7704 ms, used_size=866304 bytes (2.1%)
(RDMA_READ_CONSUME_CHECK_CONSUMER) timestamp=7704 ms, used_size=864256 bytes (2.1%)
(RDMA_READ_CONSUME_CHECK_CONSUMER) timestamp=7704 ms, used_size=862208 bytes (2.1%)
(RDMA_READ_CONSUME_CHECK_CONSUMER) timestamp=7704 ms, used_size=860160 bytes (2.1%)
(RDMA_READ_CONSUME_CHECK_CONSUMER) timestamp=7704 ms, used_size=858112 bytes (2.1%)
(RDMA_READ_CONSUME_CHECK_CONSUMER) timestamp=7704 ms, used_size=856064 bytes (2.1%)
(RDMA_READ_CONSUME_CHECK_CONSUMER) timestamp=7704 ms, used_size=854016 bytes (2.1%)
(RDMA_READ_CONSUME_CHECK_CONSUMER) timestamp=7704 ms, used_size=851968 bytes (2.1%)
(RDMA_READ_CONSUME_CHECK_CONSUMER) timestamp=7704 ms, used_size=849920 bytes (2.1%)
(RDMA_READ_CONSUME_CHECK_CONSUMER) timestamp=7704 ms, used_size=847872 bytes (2.1%)
(RDMA_READ_CONSUME_CHECK_CONSUMER) timestamp=7704 ms, used_size=845824 bytes (2.1%)
(RDMA_READ_CONSUME_CHECK_CONSUMER) timestamp=7704 ms, used_size=843776 bytes (2.1%)
(RDMA_READ_CONSUME_CHECK_CONSUMER) timestamp=7704 ms, used_size=841728 bytes (2.1%)
(RDMA_READ_CONSUME_CHECK_CONSUMER) timestamp=7704 ms, used_size=839680 bytes (2.0%)
(RDMA_READ_CONSUME_CHECK_CONSUMER) timestamp=7704 ms, used_size=837632 bytes (2.0%)
(RDMA_READ_CONSUME_CHECK_CONSUMER) timestamp=7704 ms, used_size=835584 bytes (2.0%)
(RDMA_READ_CONSUME_CHECK_CONSUMER) timestamp=7704 ms, used_size=833536 bytes (2.0%)
(RDMA_READ_CONSUME_CHECK_CONSUMER) timestamp=7704 ms, used_size=831488 bytes (2.0%)
(RDMA_READ_CONSUME_CHECK_CONSUMER) timestamp=7704 ms, used_size=829440 bytes (2.0%)
(RDMA_READ_CONSUME_CHECK_CONSUMER) timestamp=7704 ms, used_size=827392 bytes (2.0%)
(RDMA_READ_CONSUME_CHECK_CONSUMER) timestamp=7704 ms, used_size=825344 bytes (2.0%)
(RDMA_READ_CONSUME_CHECK_CONSUMER) timestamp=7704 ms, used_size=823296 bytes (2.0%)
(RDMA_READ_CONSUME_CHECK_CONSUMER) timestamp=7704 ms, used_size=821248 bytes (2.0%)
(RDMA_READ_CONSUME_CHECK_CONSUMER) timestamp=7704 ms, used_size=819200 bytes (2.0%)
(RDMA_READ_CONSUME_CHECK_CONSUMER) timestamp=7704 ms, used_size=817152 bytes (2.0%)
(RDMA_READ_CONSUME_CHECK_CONSUMER) timestamp=7704 ms, used_size=815104 bytes (2.0%)
(RDMA_READ_CONSUME_CHECK_CONSUMER) timestamp=7704 ms, used_size=813056 bytes (2.0%)
(RDMA_READ_CONSUME_CHECK_CONSUMER) timestamp=7704 ms, used_size=811008 bytes (2.0%)
(RDMA_READ_CONSUME_CHECK_CONSUMER) timestamp=7704 ms, used_size=808960 bytes (2.0%)
(RDMA_READ_CONSUME_CHECK_CONSUMER) timestamp=7704 ms, used_size=806912 bytes (2.0%)
(RDMA_READ_CONSUME_CHECK_CONSUMER) timestamp=7704 ms, used_size=804864 bytes (2.0%)
(RDMA_READ_CONSUME_CHECK_CONSUMER) timestamp=7704 ms, used_size=802816 bytes (2.0%)
(RDMA_READ_CONSUME_CHECK_CONSUMER) timestamp=7704 ms, used_size=800768 bytes (2.0%)
(RDMA_READ_CONSUME_CHECK_CONSUMER) timestamp=7704 ms, used_size=798720 bytes (1.9%)
(RDMA_READ_CONSUME_CHECK_CONSUMER) timestamp=7704 ms, used_size=796672 bytes (1.9%)
(RDMA_READ_CONSUME_CHECK_CONSUMER) timestamp=7704 ms, used_size=794624 bytes (1.9%)
(RDMA_READ_CONSUME_CHECK_CONSUMER) timestamp=7704 ms, used_size=792576 bytes (1.9%)
(RDMA_READ_CONSUME_CHECK_CONSUMER) timestamp=7704 ms, used_size=790528 bytes (1.9%)
(RDMA_READ_CONSUME_CHECK_CONSUMER) timestamp=7704 ms, used_size=788480 bytes (1.9%)
(RDMA_READ_CONSUME_CHECK_CONSUMER) timestamp=7705 ms, used_size=786432 bytes (1.9%)
(RDMA_READ_CONSUME_CHECK_CONSUMER) timestamp=7705 ms, used_size=784384 bytes (1.9%)
(RDMA_READ_CONSUME_CHECK_CONSUMER) timestamp=7705 ms, used_size=782336 bytes (1.9%)
(RDMA_READ_CONSUME_CHECK_CONSUMER) timestamp=7705 ms, used_size=780288 bytes (1.9%)
(RDMA_READ_CONSUME_CHECK_CONSUMER) timestamp=7705 ms, used_size=778240 bytes (1.9%)
(RDMA_READ_CONSUME_CHECK_CONSUMER) timestamp=7705 ms, used_size=776192 bytes (1.9%)
(RDMA_READ_CONSUME_CHECK_CONSUMER) timestamp=7705 ms, used_size=774144 bytes (1.9%)
(RDMA_READ_CONSUME_CHECK_CONSUMER) timestamp=7705 ms, used_size=772096 bytes (1.9%)
(RDMA_READ_CONSUME_CHECK_CONSUMER) timestamp=7705 ms, used_size=770048 bytes (1.9%)
(RDMA_READ_CONSUME_CHECK_CONSUMER) timestamp=7705 ms, used_size=768000 bytes (1.9%)
(RDMA_READ_CONSUME_CHECK_CONSUMER) timestamp=7705 ms, used_size=765952 bytes (1.9%)
(RDMA_READ_CONSUME_CHECK_CONSUMER) timestamp=7705 ms, used_size=763904 bytes (1.9%)
(RDMA_READ_CONSUME_CHECK_CONSUMER) timestamp=7705 ms, used_size=761856 bytes (1.9%)
(RDMA_READ_CONSUME_CHECK_CONSUMER) timestamp=7705 ms, used_size=759808 bytes (1.9%)
(RDMA_READ_CONSUME_CHECK_CONSUMER) timestamp=7705 ms, used_size=757760 bytes (1.9%)
(RDMA_READ_CONSUME_CHECK_CONSUMER) timestamp=7705 ms, used_size=755712 bytes (1.8%)
(RDMA_READ_CONSUME_CHECK_CONSUMER) timestamp=7705 ms, used_size=753664 bytes (1.8%)
(RDMA_READ_CONSUME_CHECK_CONSUMER) timestamp=7705 ms, used_size=751616 bytes (1.8%)
(RDMA_READ_CONSUME_CHECK_CONSUMER) timestamp=7705 ms, used_size=749568 bytes (1.8%)
(RDMA_READ_CONSUME_CHECK_CONSUMER) timestamp=7705 ms, used_size=747520 bytes (1.8%)
(RDMA_READ_CONSUME_CHECK_CONSUMER) timestamp=7705 ms, used_size=745472 bytes (1.8%)
(RDMA_READ_CONSUME_CHECK_CONSUMER) timestamp=7705 ms, used_size=743424 bytes (1.8%)
(RDMA_READ_CONSUME_CHECK_CONSUMER) timestamp=7705 ms, used_size=741376 bytes (1.8%)
(RDMA_READ_CONSUME_CHECK_CONSUMER) timestamp=7705 ms, used_size=739328 bytes (1.8%)
(RDMA_READ_CONSUME_CHECK_CONSUMER) timestamp=7705 ms, used_size=737280 bytes (1.8%)
(RDMA_READ_CONSUME_CHECK_CONSUMER) timestamp=7705 ms, used_size=735232 bytes (1.8%)
(RDMA_READ_CONSUME_CHECK_CONSUMER) timestamp=7705 ms, used_size=733184 bytes (1.8%)
(RDMA_READ_CONSUME_CHECK_CONSUMER) timestamp=7705 ms, used_size=731136 bytes (1.8%)
(RDMA_READ_CONSUME_CHECK_CONSUMER) timestamp=7705 ms, used_size=729088 bytes (1.8%)
(RDMA_READ_CONSUME_CHECK_CONSUMER) timestamp=7705 ms, used_size=727040 bytes (1.8%)
(RDMA_READ_CONSUME_CHECK_CONSUMER) timestamp=7705 ms, used_size=724992 bytes (1.8%)
(RDMA_READ_CONSUME_CHECK_CONSUMER) timestamp=7705 ms, used_size=722944 bytes (1.8%)
(RDMA_READ_CONSUME_CHECK_CONSUMER) timestamp=7705 ms, used_size=720896 bytes (1.8%)
(RDMA_READ_CONSUME_CHECK_CONSUMER) timestamp=7705 ms, used_size=718848 bytes (1.8%)
(RDMA_READ_CONSUME_CHECK_CONSUMER) timestamp=7705 ms, used_size=716800 bytes (1.8%)
(RDMA_READ_CONSUME_CHECK_CONSUMER) timestamp=7705 ms, used_size=714752 bytes (1.7%)
(RDMA_READ_CONSUME_CHECK_CONSUMER) timestamp=7705 ms, used_size=712704 bytes (1.7%)
(RDMA_READ_CONSUME_CHECK_CONSUMER) timestamp=7705 ms, used_size=710656 bytes (1.7%)
(RDMA_READ_CONSUME_CHECK_CONSUMER) timestamp=7705 ms, used_size=708608 bytes (1.7%)
(RDMA_READ_CONSUME_CHECK_CONSUMER) timestamp=7705 ms, used_size=706560 bytes (1.7%)
(RDMA_READ_CONSUME_CHECK_CONSUMER) timestamp=7705 ms, used_size=704512 bytes (1.7%)
(RDMA_READ_CONSUME_CHECK_CONSUMER) timestamp=7705 ms, used_size=702464 bytes (1.7%)
(RDMA_READ_CONSUME_CHECK_CONSUMER) timestamp=7705 ms, used_size=700416 bytes (1.7%)
(RDMA_READ_CONSUME_CHECK_CONSUMER) timestamp=7705 ms, used_size=698368 bytes (1.7%)
(RDMA_READ_CONSUME_CHECK_CONSUMER) timestamp=7705 ms, used_size=696320 bytes (1.7%)
(RDMA_READ_CONSUME_CHECK_CONSUMER) timestamp=7705 ms, used_size=694272 bytes (1.7%)
(RDMA_READ_CONSUME_CHECK_CONSUMER) timestamp=7705 ms, used_size=692224 bytes (1.7%)
(RDMA_READ_CONSUME_CHECK_CONSUMER) timestamp=7705 ms, used_size=690176 bytes (1.7%)
(RDMA_READ_CONSUME_CHECK_CONSUMER) timestamp=7705 ms, used_size=688128 bytes (1.7%)
(RDMA_READ_CONSUME_CHECK_CONSUMER) timestamp=7705 ms, used_size=686080 bytes (1.7%)
(RDMA_READ_CONSUME_CHECK_CONSUMER) timestamp=7705 ms, used_size=684032 bytes (1.7%)
(RDMA_READ_CONSUME_CHECK_CONSUMER) timestamp=7705 ms, used_size=681984 bytes (1.7%)
(RDMA_READ_CONSUME_CHECK_CONSUMER) timestamp=7705 ms, used_size=679936 bytes (1.7%)
(RDMA_READ_CONSUME_CHECK_CONSUMER) timestamp=7705 ms, used_size=677888 bytes (1.7%)
(RDMA_READ_CONSUME_CHECK_CONSUMER) timestamp=7705 ms, used_size=675840 bytes (1.6%)
(RDMA_READ_CONSUME_CHECK_CONSUMER) timestamp=7705 ms, used_size=673792 bytes (1.6%)
(RDMA_READ_CONSUME_CHECK_CONSUMER) timestamp=7705 ms, used_size=671744 bytes (1.6%)
(RDMA_READ_CONSUME_CHECK_CONSUMER) timestamp=7705 ms, used_size=669696 bytes (1.6%)
(RDMA_READ_CONSUME_CHECK_CONSUMER) timestamp=7705 ms, used_size=667648 bytes (1.6%)
(RDMA_READ_CONSUME_CHECK_CONSUMER) timestamp=7705 ms, used_size=665600 bytes (1.6%)
(RDMA_READ_CONSUME_CHECK_CONSUMER) timestamp=7705 ms, used_size=663552 bytes (1.6%)
(RDMA_READ_CONSUME_CHECK_CONSUMER) timestamp=7705 ms, used_size=661504 bytes (1.6%)
(RDMA_READ_CONSUME_CHECK_CONSUMER) timestamp=7705 ms, used_size=659456 bytes (1.6%)
(RDMA_READ_CONSUME_CHECK_CONSUMER) timestamp=7705 ms, used_size=657408 bytes (1.6%)
(RDMA_READ_CONSUME_CHECK_CONSUMER) timestamp=7705 ms, used_size=655360 bytes (1.6%)
(RDMA_READ_CONSUME_CHECK_CONSUMER) timestamp=7705 ms, used_size=653312 bytes (1.6%)
(RDMA_READ_CONSUME_CHECK_CONSUMER) timestamp=7705 ms, used_size=651264 bytes (1.6%)
(RDMA_READ_CONSUME_CHECK_CONSUMER) timestamp=7705 ms, used_size=649216 bytes (1.6%)
(RDMA_READ_CONSUME_CHECK_CONSUMER) timestamp=7705 ms, used_size=647168 bytes (1.6%)
(RDMA_READ_CONSUME_CHECK_CONSUMER) timestamp=7705 ms, used_size=645120 bytes (1.6%)
(RDMA_READ_CONSUME_CHECK_CONSUMER) timestamp=7705 ms, used_size=643072 bytes (1.6%)
(RDMA_READ_CONSUME_CHECK_CONSUMER) timestamp=7705 ms, used_size=641024 bytes (1.6%)
(RDMA_READ_CONSUME_CHECK_CONSUMER) timestamp=7705 ms, used_size=638976 bytes (1.6%)
(RDMA_READ_CONSUME_CHECK_CONSUMER) timestamp=7705 ms, used_size=636928 bytes (1.6%)
(RDMA_READ_CONSUME_CHECK_CONSUMER) timestamp=7705 ms, used_size=634880 bytes (1.6%)
(RDMA_READ_CONSUME_CHECK_CONSUMER) timestamp=7705 ms, used_size=632832 bytes (1.5%)
(RDMA_READ_CONSUME_CHECK_CONSUMER) timestamp=7705 ms, used_size=630784 bytes (1.5%)
(RDMA_READ_CONSUME_CHECK_CONSUMER) timestamp=7705 ms, used_size=628736 bytes (1.5%)
(RDMA_READ_CONSUME_CHECK_CONSUMER) timestamp=7705 ms, used_size=626688 bytes (1.5%)
(RDMA_READ_CONSUME_CHECK_CONSUMER) timestamp=7705 ms, used_size=624640 bytes (1.5%)
(RDMA_READ_CONSUME_CHECK_CONSUMER) timestamp=7705 ms, used_size=622592 bytes (1.5%)
(RDMA_READ_CONSUME_CHECK_CONSUMER) timestamp=7705 ms, used_size=620544 bytes (1.5%)
(RDMA_READ_CONSUME_CHECK_CONSUMER) timestamp=7705 ms, used_size=618496 bytes (1.5%)
(RDMA_READ_CONSUME_CHECK_CONSUMER) timestamp=7705 ms, used_size=616448 bytes (1.5%)
(RDMA_READ_CONSUME_CHECK_CONSUMER) timestamp=7705 ms, used_size=614400 bytes (1.5%)
(RDMA_READ_CONSUME_CHECK_CONSUMER) timestamp=7705 ms, used_size=612352 bytes (1.5%)
(RDMA_READ_CONSUME_CHECK_CONSUMER) timestamp=7705 ms, used_size=610304 bytes (1.5%)
(RDMA_READ_CONSUME_CHECK_CONSUMER) timestamp=7705 ms, used_size=608256 bytes (1.5%)
(RDMA_READ_CONSUME_CHECK_CONSUMER) timestamp=7705 ms, used_size=606208 bytes (1.5%)
(RDMA_READ_CONSUME_CHECK_CONSUMER) timestamp=7705 ms, used_size=604160 bytes (1.5%)
(RDMA_READ_CONSUME_CHECK_CONSUMER) timestamp=7705 ms, used_size=602112 bytes (1.5%)
(RDMA_READ_CONSUME_CHECK_CONSUMER) timestamp=7705 ms, used_size=600064 bytes (1.5%)
(RDMA_READ_CONSUME_CHECK_CONSUMER) timestamp=7705 ms, used_size=598016 bytes (1.5%)
(RDMA_READ_CONSUME_CHECK_CONSUMER) timestamp=7705 ms, used_size=595968 bytes (1.5%)
(RDMA_READ_CONSUME_CHECK_CONSUMER) timestamp=7705 ms, used_size=593920 bytes (1.4%)
(RDMA_READ_CONSUME_CHECK_CONSUMER) timestamp=7705 ms, used_size=591872 bytes (1.4%)
(RDMA_READ_CONSUME_CHECK_CONSUMER) timestamp=7705 ms, used_size=589824 bytes (1.4%)
(RDMA_READ_CONSUME_CHECK_CONSUMER) timestamp=7705 ms, used_size=587776 bytes (1.4%)
(RDMA_READ_CONSUME_CHECK_CONSUMER) timestamp=7705 ms, used_size=585728 bytes (1.4%)
(RDMA_READ_CONSUME_CHECK_CONSUMER) timestamp=7705 ms, used_size=583680 bytes (1.4%)
(RDMA_READ_CONSUME_CHECK_CONSUMER) timestamp=7705 ms, used_size=581632 bytes (1.4%)
(RDMA_READ_CONSUME_CHECK_CONSUMER) timestamp=7705 ms, used_size=579584 bytes (1.4%)
(RDMA_READ_CONSUME_CHECK_CONSUMER) timestamp=7705 ms, used_size=577536 bytes (1.4%)
(RDMA_READ_CONSUME_CHECK_CONSUMER) timestamp=7705 ms, used_size=575488 bytes (1.4%)
(RDMA_READ_CONSUME_CHECK_CONSUMER) timestamp=7705 ms, used_size=573440 bytes (1.4%)
(RDMA_READ_CONSUME_CHECK_CONSUMER) timestamp=7705 ms, used_size=571392 bytes (1.4%)
(RDMA_READ_CONSUME_CHECK_CONSUMER) timestamp=7705 ms, used_size=569344 bytes (1.4%)
(RDMA_READ_CONSUME_CHECK_CONSUMER) timestamp=7705 ms, used_size=567296 bytes (1.4%)
(RDMA_READ_CONSUME_CHECK_CONSUMER) timestamp=7705 ms, used_size=565248 bytes (1.4%)
(RDMA_READ_CONSUME_CHECK_CONSUMER) timestamp=7705 ms, used_size=563200 bytes (1.4%)
(RDMA_READ_CONSUME_CHECK_CONSUMER) timestamp=7705 ms, used_size=561152 bytes (1.4%)
(RDMA_READ_CONSUME_CHECK_CONSUMER) timestamp=7705 ms, used_size=559104 bytes (1.4%)
(RDMA_READ_CONSUME_CHECK_CONSUMER) timestamp=7705 ms, used_size=557056 bytes (1.4%)
(RDMA_READ_CONSUME_CHECK_CONSUMER) timestamp=7705 ms, used_size=555008 bytes (1.4%)
(RDMA_READ_CONSUME_CHECK_CONSUMER) timestamp=7705 ms, used_size=552960 bytes (1.4%)
(RDMA_READ_CONSUME_CHECK_CONSUMER) timestamp=7705 ms, used_size=550912 bytes (1.3%)
(RDMA_READ_CONSUME_CHECK_CONSUMER) timestamp=7705 ms, used_size=548864 bytes (1.3%)
(RDMA_READ_CONSUME_CHECK_CONSUMER) timestamp=7705 ms, used_size=546816 bytes (1.3%)
(RDMA_READ_CONSUME_CHECK_CONSUMER) timestamp=7705 ms, used_size=544768 bytes (1.3%)
(RDMA_READ_CONSUME_CHECK_CONSUMER) timestamp=7705 ms, used_size=542720 bytes (1.3%)
(RDMA_READ_CONSUME_CHECK_CONSUMER) timestamp=7705 ms, used_size=540672 bytes (1.3%)
(RDMA_READ_CONSUME_CHECK_CONSUMER) timestamp=7705 ms, used_size=538624 bytes (1.3%)
(RDMA_READ_CONSUME_CHECK_CONSUMER) timestamp=7705 ms, used_size=536576 bytes (1.3%)
(RDMA_READ_CONSUME_CHECK_CONSUMER) timestamp=7705 ms, used_size=534528 bytes (1.3%)
(RDMA_READ_CONSUME_CHECK_CONSUMER) timestamp=7705 ms, used_size=532480 bytes (1.3%)
(RDMA_READ_CONSUME_CHECK_CONSUMER) timestamp=7705 ms, used_size=530432 bytes (1.3%)
(RDMA_READ_CONSUME_CHECK_CONSUMER) timestamp=7705 ms, used_size=528384 bytes (1.3%)
(RDMA_READ_CONSUME_CHECK_CONSUMER) timestamp=7705 ms, used_size=526336 bytes (1.3%)
(RDMA_READ_CONSUME_CHECK_CONSUMER) timestamp=7705 ms, used_size=524288 bytes (1.3%)
(RDMA_READ_CONSUME_CHECK_CONSUMER) timestamp=7705 ms, used_size=522240 bytes (1.3%)
(RDMA_READ_CONSUME_CHECK_CONSUMER) timestamp=7705 ms, used_size=520192 bytes (1.3%)
(RDMA_READ_CONSUME_CHECK_CONSUMER) timestamp=7705 ms, used_size=518144 bytes (1.3%)
(RDMA_READ_CONSUME_CHECK_CONSUMER) timestamp=7705 ms, used_size=516096 bytes (1.3%)
(RDMA_READ_CONSUME_CHECK_CONSUMER) timestamp=7705 ms, used_size=514048 bytes (1.3%)
(RDMA_READ_CONSUME_CHECK_CONSUMER) timestamp=7705 ms, used_size=512000 bytes (1.2%)
(RDMA_READ_CONSUME_CHECK_CONSUMER) timestamp=7705 ms, used_size=509952 bytes (1.2%)
(RDMA_READ_CONSUME_CHECK_CONSUMER) timestamp=7705 ms, used_size=507904 bytes (1.2%)
(RDMA_READ_CONSUME_CHECK_CONSUMER) timestamp=7705 ms, used_size=505856 bytes (1.2%)
(RDMA_READ_CONSUME_CHECK_CONSUMER) timestamp=7705 ms, used_size=503808 bytes (1.2%)
(RDMA_READ_CONSUME_CHECK_CONSUMER) timestamp=7705 ms, used_size=501760 bytes (1.2%)
(RDMA_READ_CONSUME_CHECK_CONSUMER) timestamp=7705 ms, used_size=499712 bytes (1.2%)
(RDMA_READ_CONSUME_CHECK_CONSUMER) timestamp=7705 ms, used_size=497664 bytes (1.2%)
(RDMA_READ_CONSUME_CHECK_CONSUMER) timestamp=7705 ms, used_size=495616 bytes (1.2%)
(RDMA_READ_CONSUME_CHECK_CONSUMER) timestamp=7705 ms, used_size=493568 bytes (1.2%)
(RDMA_READ_CONSUME_CHECK_CONSUMER) timestamp=7705 ms, used_size=491520 bytes (1.2%)
(RDMA_READ_CONSUME_CHECK_CONSUMER) timestamp=7705 ms, used_size=489472 bytes (1.2%)
(RDMA_READ_CONSUME_CHECK_CONSUMER) timestamp=7705 ms, used_size=487424 bytes (1.2%)
(RDMA_READ_CONSUME_CHECK_CONSUMER) timestamp=7705 ms, used_size=485376 bytes (1.2%)
(RDMA_READ_CONSUME_CHECK_CONSUMER) timestamp=7705 ms, used_size=483328 bytes (1.2%)
(RDMA_READ_CONSUME_CHECK_CONSUMER) timestamp=7705 ms, used_size=481280 bytes (1.2%)
(RDMA_READ_CONSUME_CHECK_CONSUMER) timestamp=7705 ms, used_size=479232 bytes (1.2%)
(RDMA_READ_CONSUME_CHECK_CONSUMER) timestamp=7705 ms, used_size=477184 bytes (1.2%)
(RDMA_READ_CONSUME_CHECK_CONSUMER) timestamp=7705 ms, used_size=475136 bytes (1.2%)
(RDMA_READ_CONSUME_CHECK_CONSUMER) timestamp=7705 ms, used_size=473088 bytes (1.2%)
(RDMA_READ_CONSUME_CHECK_CONSUMER) timestamp=7705 ms, used_size=471040 bytes (1.1%)
(RDMA_READ_CONSUME_CHECK_CONSUMER) timestamp=7705 ms, used_size=468992 bytes (1.1%)
(RDMA_READ_CONSUME_CHECK_CONSUMER) timestamp=7705 ms, used_size=466944 bytes (1.1%)
(RDMA_READ_CONSUME_CHECK_CONSUMER) timestamp=7705 ms, used_size=464896 bytes (1.1%)
(RDMA_READ_CONSUME_CHECK_CONSUMER) timestamp=7705 ms, used_size=462848 bytes (1.1%)
(RDMA_READ_CONSUME_CHECK_CONSUMER) timestamp=7705 ms, used_size=460800 bytes (1.1%)
(RDMA_READ_CONSUME_CHECK_CONSUMER) timestamp=7705 ms, used_size=458752 bytes (1.1%)
(RDMA_READ_CONSUME_CHECK_CONSUMER) timestamp=7705 ms, used_size=456704 bytes (1.1%)
(RDMA_READ_CONSUME_CHECK_CONSUMER) timestamp=7705 ms, used_size=454656 bytes (1.1%)
(RDMA_READ_CONSUME_CHECK_CONSUMER) timestamp=7705 ms, used_size=452608 bytes (1.1%)
(RDMA_READ_CONSUME_CHECK_CONSUMER) timestamp=7705 ms, used_size=450560 bytes (1.1%)
(RDMA_READ_CONSUME_CHECK_CONSUMER) timestamp=7705 ms, used_size=448512 bytes (1.1%)
(RDMA_READ_CONSUME_CHECK_CONSUMER) timestamp=7705 ms, used_size=446464 bytes (1.1%)
(RDMA_READ_CONSUME_CHECK_CONSUMER) timestamp=7705 ms, used_size=444416 bytes (1.1%)
(RDMA_READ_CONSUME_CHECK_CONSUMER) timestamp=7705 ms, used_size=442368 bytes (1.1%)
(RDMA_READ_CONSUME_CHECK_CONSUMER) timestamp=7705 ms, used_size=440320 bytes (1.1%)
(RDMA_READ_CONSUME_CHECK_CONSUMER) timestamp=7705 ms, used_size=438272 bytes (1.1%)
(RDMA_READ_CONSUME_CHECK_CONSUMER) timestamp=7705 ms, used_size=436224 bytes (1.1%)
(RDMA_READ_CONSUME_CHECK_CONSUMER) timestamp=7705 ms, used_size=434176 bytes (1.1%)
(RDMA_READ_CONSUME_CHECK_CONSUMER) timestamp=7705 ms, used_size=432128 bytes (1.1%)
(RDMA_READ_CONSUME_CHECK_CONSUMER) timestamp=7705 ms, used_size=430080 bytes (1.1%)
(RDMA_READ_CONSUME_CHECK_CONSUMER) timestamp=7705 ms, used_size=428032 bytes (1.0%)
(RDMA_READ_CONSUME_CHECK_CONSUMER) timestamp=7705 ms, used_size=425984 bytes (1.0%)
(RDMA_READ_CONSUME_CHECK_CONSUMER) timestamp=7705 ms, used_size=423936 bytes (1.0%)
(RDMA_READ_CONSUME_CHECK_CONSUMER) timestamp=7705 ms, used_size=421888 bytes (1.0%)
(RDMA_READ_CONSUME_CHECK_CONSUMER) timestamp=7705 ms, used_size=419840 bytes (1.0%)
(RDMA_READ_CONSUME_CHECK_CONSUMER) timestamp=7706 ms, used_size=417792 bytes (1.0%)
(RDMA_READ_CONSUME_CHECK_CONSUMER) timestamp=7706 ms, used_size=415744 bytes (1.0%)
(RDMA_READ_CONSUME_CHECK_CONSUMER) timestamp=7706 ms, used_size=413696 bytes (1.0%)
(RDMA_READ_CONSUME_CHECK_CONSUMER) timestamp=7706 ms, used_size=411648 bytes (1.0%)
(RDMA_READ_CONSUME_CHECK_CONSUMER) timestamp=7706 ms, used_size=409600 bytes (1.0%)
(RDMA_READ_CONSUME_CHECK_CONSUMER) timestamp=7706 ms, used_size=407552 bytes (1.0%)
(RDMA_READ_CONSUME_CHECK_CONSUMER) timestamp=7706 ms, used_size=405504 bytes (1.0%)
(RDMA_READ_CONSUME_CHECK_CONSUMER) timestamp=7706 ms, used_size=403456 bytes (1.0%)
(RDMA_READ_CONSUME_CHECK_CONSUMER) timestamp=7706 ms, used_size=401408 bytes (1.0%)
(RDMA_READ_CONSUME_CHECK_CONSUMER) timestamp=7706 ms, used_size=399360 bytes (1.0%)
(RDMA_READ_CONSUME_CHECK_CONSUMER) timestamp=7706 ms, used_size=397312 bytes (1.0%)
(RDMA_READ_CONSUME_CHECK_CONSUMER) timestamp=7706 ms, used_size=395264 bytes (1.0%)
(RDMA_READ_CONSUME_CHECK_CONSUMER) timestamp=7706 ms, used_size=393216 bytes (1.0%)
(RDMA_READ_CONSUME_CHECK_CONSUMER) timestamp=7706 ms, used_size=391168 bytes (1.0%)
(RDMA_READ_CONSUME_CHECK_CONSUMER) timestamp=7706 ms, used_size=389120 bytes (0.9%)
(RDMA_READ_CONSUME_CHECK_CONSUMER) timestamp=7706 ms, used_size=387072 bytes (0.9%)
(RDMA_READ_CONSUME_CHECK_CONSUMER) timestamp=7706 ms, used_size=385024 bytes (0.9%)
(RDMA_READ_CONSUME_CHECK_CONSUMER) timestamp=7706 ms, used_size=382976 bytes (0.9%)
(RDMA_READ_CONSUME_CHECK_CONSUMER) timestamp=7706 ms, used_size=380928 bytes (0.9%)
(RDMA_READ_CONSUME_CHECK_CONSUMER) timestamp=7706 ms, used_size=378880 bytes (0.9%)
(RDMA_READ_CONSUME_CHECK_CONSUMER) timestamp=7706 ms, used_size=376832 bytes (0.9%)
(RDMA_READ_CONSUME_CHECK_CONSUMER) timestamp=7706 ms, used_size=374784 bytes (0.9%)
(RDMA_READ_CONSUME_CHECK_CONSUMER) timestamp=7706 ms, used_size=372736 bytes (0.9%)
(RDMA_READ_CONSUME_CHECK_CONSUMER) timestamp=7706 ms, used_size=370688 bytes (0.9%)
(RDMA_READ_CONSUME_CHECK_CONSUMER) timestamp=7706 ms, used_size=368640 bytes (0.9%)
(RDMA_READ_CONSUME_CHECK_CONSUMER) timestamp=7706 ms, used_size=366592 bytes (0.9%)
(RDMA_READ_CONSUME_CHECK_CONSUMER) timestamp=7706 ms, used_size=364544 bytes (0.9%)
(RDMA_READ_CONSUME_CHECK_CONSUMER) timestamp=7706 ms, used_size=362496 bytes (0.9%)
(RDMA_READ_CONSUME_CHECK_CONSUMER) timestamp=7706 ms, used_size=360448 bytes (0.9%)
(RDMA_READ_CONSUME_CHECK_CONSUMER) timestamp=7706 ms, used_size=358400 bytes (0.9%)
(RDMA_READ_CONSUME_CHECK_CONSUMER) timestamp=7706 ms, used_size=356352 bytes (0.9%)
(RDMA_READ_CONSUME_CHECK_CONSUMER) timestamp=7706 ms, used_size=354304 bytes (0.9%)
(RDMA_READ_CONSUME_CHECK_CONSUMER) timestamp=7706 ms, used_size=352256 bytes (0.9%)
(RDMA_READ_CONSUME_CHECK_CONSUMER) timestamp=7706 ms, used_size=350208 bytes (0.9%)
(RDMA_READ_CONSUME_CHECK_CONSUMER) timestamp=7706 ms, used_size=348160 bytes (0.8%)
(RDMA_READ_CONSUME_CHECK_CONSUMER) timestamp=7706 ms, used_size=346112 bytes (0.8%)
(RDMA_READ_CONSUME_CHECK_CONSUMER) timestamp=7706 ms, used_size=344064 bytes (0.8%)
(RDMA_READ_CONSUME_CHECK_CONSUMER) timestamp=7706 ms, used_size=342016 bytes (0.8%)
(RDMA_READ_CONSUME_CHECK_CONSUMER) timestamp=7706 ms, used_size=339968 bytes (0.8%)
(RDMA_READ_CONSUME_CHECK_CONSUMER) timestamp=7706 ms, used_size=337920 bytes (0.8%)
(RDMA_READ_CONSUME_CHECK_CONSUMER) timestamp=7706 ms, used_size=335872 bytes (0.8%)
(RDMA_READ_CONSUME_CHECK_CONSUMER) timestamp=7706 ms, used_size=333824 bytes (0.8%)
(RDMA_READ_CONSUME_CHECK_CONSUMER) timestamp=7706 ms, used_size=331776 bytes (0.8%)
(RDMA_READ_CONSUME_CHECK_CONSUMER) timestamp=7706 ms, used_size=329728 bytes (0.8%)
(RDMA_READ_CONSUME_CHECK_CONSUMER) timestamp=7706 ms, used_size=327680 bytes (0.8%)
(RDMA_READ_CONSUME_CHECK_CONSUMER) timestamp=7706 ms, used_size=325632 bytes (0.8%)
(RDMA_READ_CONSUME_CHECK_CONSUMER) timestamp=7706 ms, used_size=323584 bytes (0.8%)
(RDMA_READ_CONSUME_CHECK_CONSUMER) timestamp=7706 ms, used_size=321536 bytes (0.8%)
(RDMA_READ_CONSUME_CHECK_CONSUMER) timestamp=7706 ms, used_size=319488 bytes (0.8%)
(RDMA_READ_CONSUME_CHECK_CONSUMER) timestamp=7706 ms, used_size=317440 bytes (0.8%)
(RDMA_READ_CONSUME_CHECK_CONSUMER) timestamp=7706 ms, used_size=315392 bytes (0.8%)
(RDMA_READ_CONSUME_CHECK_CONSUMER) timestamp=7706 ms, used_size=313344 bytes (0.8%)
(RDMA_READ_CONSUME_CHECK_CONSUMER) timestamp=7706 ms, used_size=311296 bytes (0.8%)
(RDMA_READ_CONSUME_CHECK_CONSUMER) timestamp=7706 ms, used_size=309248 bytes (0.8%)
(RDMA_READ_CONSUME_CHECK_CONSUMER) timestamp=7706 ms, used_size=307200 bytes (0.8%)
(RDMA_READ_CONSUME_CHECK_CONSUMER) timestamp=7706 ms, used_size=305152 bytes (0.7%)
(RDMA_READ_CONSUME_CHECK_CONSUMER) timestamp=7706 ms, used_size=303104 bytes (0.7%)
(RDMA_READ_CONSUME_CHECK_CONSUMER) timestamp=7706 ms, used_size=301056 bytes (0.7%)
(RDMA_READ_CONSUME_CHECK_CONSUMER) timestamp=7706 ms, used_size=299008 bytes (0.7%)
(RDMA_READ_CONSUME_CHECK_CONSUMER) timestamp=7706 ms, used_size=296960 bytes (0.7%)
(RDMA_READ_CONSUME_CHECK_CONSUMER) timestamp=7706 ms, used_size=294912 bytes (0.7%)
(RDMA_READ_CONSUME_CHECK_CONSUMER) timestamp=7706 ms, used_size=292864 bytes (0.7%)
(RDMA_READ_CONSUME_CHECK_CONSUMER) timestamp=7706 ms, used_size=290816 bytes (0.7%)
(RDMA_READ_CONSUME_CHECK_CONSUMER) timestamp=7706 ms, used_size=288768 bytes (0.7%)
(RDMA_READ_CONSUME_CHECK_CONSUMER) timestamp=7706 ms, used_size=286720 bytes (0.7%)
(RDMA_READ_CONSUME_CHECK_CONSUMER) timestamp=7706 ms, used_size=284672 bytes (0.7%)
(RDMA_READ_CONSUME_CHECK_CONSUMER) timestamp=7706 ms, used_size=282624 bytes (0.7%)
(RDMA_READ_CONSUME_CHECK_CONSUMER) timestamp=7706 ms, used_size=280576 bytes (0.7%)
(RDMA_READ_CONSUME_CHECK_CONSUMER) timestamp=7706 ms, used_size=278528 bytes (0.7%)
(RDMA_READ_CONSUME_CHECK_CONSUMER) timestamp=7706 ms, used_size=276480 bytes (0.7%)
(RDMA_READ_CONSUME_CHECK_CONSUMER) timestamp=7706 ms, used_size=274432 bytes (0.7%)
(RDMA_READ_CONSUME_CHECK_CONSUMER) timestamp=7706 ms, used_size=272384 bytes (0.7%)
(RDMA_READ_CONSUME_CHECK_CONSUMER) timestamp=7706 ms, used_size=270336 bytes (0.7%)
(RDMA_READ_CONSUME_CHECK_CONSUMER) timestamp=7706 ms, used_size=268288 bytes (0.7%)
(RDMA_READ_CONSUME_CHECK_CONSUMER) timestamp=7706 ms, used_size=266240 bytes (0.7%)
(RDMA_READ_CONSUME_CHECK_CONSUMER) timestamp=7706 ms, used_size=264192 bytes (0.6%)
(RDMA_READ_CONSUME_CHECK_CONSUMER) timestamp=7706 ms, used_size=262144 bytes (0.6%)
(RDMA_READ_CONSUME_CHECK_CONSUMER) timestamp=7706 ms, used_size=260096 bytes (0.6%)
(RDMA_READ_CONSUME_CHECK_CONSUMER) timestamp=7706 ms, used_size=258048 bytes (0.6%)
(RDMA_READ_CONSUME_CHECK_CONSUMER) timestamp=7706 ms, used_size=256000 bytes (0.6%)
(RDMA_READ_CONSUME_CHECK_CONSUMER) timestamp=7706 ms, used_size=253952 bytes (0.6%)
(RDMA_READ_CONSUME_CHECK_CONSUMER) timestamp=7706 ms, used_size=251904 bytes (0.6%)
(RDMA_READ_CONSUME_CHECK_CONSUMER) timestamp=7706 ms, used_size=249856 bytes (0.6%)
(RDMA_READ_CONSUME_CHECK_CONSUMER) timestamp=7706 ms, used_size=247808 bytes (0.6%)
(RDMA_READ_CONSUME_CHECK_CONSUMER) timestamp=7706 ms, used_size=245760 bytes (0.6%)
(RDMA_READ_CONSUME_CHECK_CONSUMER) timestamp=7706 ms, used_size=243712 bytes (0.6%)
(RDMA_READ_CONSUME_CHECK_CONSUMER) timestamp=7706 ms, used_size=241664 bytes (0.6%)
(RDMA_READ_CONSUME_CHECK_CONSUMER) timestamp=7706 ms, used_size=239616 bytes (0.6%)
(RDMA_READ_CONSUME_CHECK_CONSUMER) timestamp=7706 ms, used_size=237568 bytes (0.6%)
(RDMA_READ_CONSUME_CHECK_CONSUMER) timestamp=7706 ms, used_size=235520 bytes (0.6%)
(RDMA_READ_CONSUME_CHECK_CONSUMER) timestamp=7706 ms, used_size=233472 bytes (0.6%)
(RDMA_READ_CONSUME_CHECK_CONSUMER) timestamp=7706 ms, used_size=231424 bytes (0.6%)
(RDMA_READ_CONSUME_CHECK_CONSUMER) timestamp=7706 ms, used_size=229376 bytes (0.6%)
(RDMA_READ_CONSUME_CHECK_CONSUMER) timestamp=7706 ms, used_size=227328 bytes (0.6%)
(RDMA_READ_CONSUME_CHECK_CONSUMER) timestamp=7706 ms, used_size=225280 bytes (0.6%)
(RDMA_READ_CONSUME_CHECK_CONSUMER) timestamp=7706 ms, used_size=223232 bytes (0.5%)
(RDMA_READ_CONSUME_CHECK_CONSUMER) timestamp=7706 ms, used_size=221184 bytes (0.5%)
(RDMA_READ_CONSUME_CHECK_CONSUMER) timestamp=7706 ms, used_size=219136 bytes (0.5%)
(RDMA_READ_CONSUME_CHECK_CONSUMER) timestamp=7706 ms, used_size=217088 bytes (0.5%)
(RDMA_READ_CONSUME_CHECK_CONSUMER) timestamp=7706 ms, used_size=215040 bytes (0.5%)
(RDMA_READ_CONSUME_CHECK_CONSUMER) timestamp=7706 ms, used_size=212992 bytes (0.5%)
(RDMA_READ_CONSUME_CHECK_CONSUMER) timestamp=7706 ms, used_size=210944 bytes (0.5%)
(RDMA_READ_CONSUME_CHECK_CONSUMER) timestamp=7706 ms, used_size=208896 bytes (0.5%)
(RDMA_READ_CONSUME_CHECK_CONSUMER) timestamp=7706 ms, used_size=206848 bytes (0.5%)
(RDMA_READ_CONSUME_CHECK_CONSUMER) timestamp=7706 ms, used_size=204800 bytes (0.5%)
(RDMA_READ_CONSUME_CHECK_CONSUMER) timestamp=7706 ms, used_size=202752 bytes (0.5%)
(RDMA_READ_CONSUME_CHECK_CONSUMER) timestamp=7706 ms, used_size=200704 bytes (0.5%)
(RDMA_READ_CONSUME_CHECK_CONSUMER) timestamp=7706 ms, used_size=198656 bytes (0.5%)
(RDMA_READ_CONSUME_CHECK_CONSUMER) timestamp=7706 ms, used_size=196608 bytes (0.5%)
(RDMA_READ_CONSUME_CHECK_CONSUMER) timestamp=7706 ms, used_size=194560 bytes (0.5%)
(RDMA_READ_CONSUME_CHECK_CONSUMER) timestamp=7706 ms, used_size=192512 bytes (0.5%)
(RDMA_READ_CONSUME_CHECK_CONSUMER) timestamp=7706 ms, used_size=190464 bytes (0.5%)
(RDMA_READ_CONSUME_CHECK_CONSUMER) timestamp=7706 ms, used_size=188416 bytes (0.5%)
(RDMA_READ_CONSUME_CHECK_CONSUMER) timestamp=7706 ms, used_size=186368 bytes (0.5%)
(RDMA_READ_CONSUME_CHECK_CONSUMER) timestamp=7706 ms, used_size=184320 bytes (0.5%)
(RDMA_READ_CONSUME_CHECK_CONSUMER) timestamp=7706 ms, used_size=182272 bytes (0.4%)
(RDMA_READ_CONSUME_CHECK_CONSUMER) timestamp=7706 ms, used_size=180224 bytes (0.4%)
(RDMA_READ_CONSUME_CHECK_CONSUMER) timestamp=7706 ms, used_size=178176 bytes (0.4%)
(RDMA_READ_CONSUME_CHECK_CONSUMER) timestamp=7706 ms, used_size=176128 bytes (0.4%)
(RDMA_READ_CONSUME_CHECK_CONSUMER) timestamp=7706 ms, used_size=174080 bytes (0.4%)
(RDMA_READ_CONSUME_CHECK_CONSUMER) timestamp=7706 ms, used_size=172032 bytes (0.4%)
(RDMA_READ_CONSUME_CHECK_CONSUMER) timestamp=7706 ms, used_size=169984 bytes (0.4%)
(RDMA_READ_CONSUME_CHECK_CONSUMER) timestamp=7706 ms, used_size=167936 bytes (0.4%)
(RDMA_READ_CONSUME_CHECK_CONSUMER) timestamp=7706 ms, used_size=165888 bytes (0.4%)
(RDMA_READ_CONSUME_CHECK_CONSUMER) timestamp=7706 ms, used_size=163840 bytes (0.4%)
(RDMA_READ_CONSUME_CHECK_CONSUMER) timestamp=7706 ms, used_size=161792 bytes (0.4%)
(RDMA_READ_CONSUME_CHECK_CONSUMER) timestamp=7706 ms, used_size=159744 bytes (0.4%)
(RDMA_READ_CONSUME_CHECK_CONSUMER) timestamp=7706 ms, used_size=157696 bytes (0.4%)
(RDMA_READ_CONSUME_CHECK_CONSUMER) timestamp=7706 ms, used_size=155648 bytes (0.4%)
(RDMA_READ_CONSUME_CHECK_CONSUMER) timestamp=7706 ms, used_size=153600 bytes (0.4%)
(RDMA_READ_CONSUME_CHECK_CONSUMER) timestamp=7706 ms, used_size=151552 bytes (0.4%)
(RDMA_READ_CONSUME_CHECK_CONSUMER) timestamp=7706 ms, used_size=149504 bytes (0.4%)
(RDMA_READ_CONSUME_CHECK_CONSUMER) timestamp=7706 ms, used_size=147456 bytes (0.4%)
(RDMA_READ_CONSUME_CHECK_CONSUMER) timestamp=7706 ms, used_size=145408 bytes (0.4%)
(RDMA_READ_CONSUME_CHECK_CONSUMER) timestamp=7706 ms, used_size=143360 bytes (0.3%)
(RDMA_READ_CONSUME_CHECK_CONSUMER) timestamp=7706 ms, used_size=141312 bytes (0.3%)
(RDMA_READ_CONSUME_CHECK_CONSUMER) timestamp=7706 ms, used_size=139264 bytes (0.3%)
(RDMA_READ_CONSUME_CHECK_CONSUMER) timestamp=7706 ms, used_size=137216 bytes (0.3%)
(RDMA_READ_CONSUME_CHECK_CONSUMER) timestamp=7706 ms, used_size=135168 bytes (0.3%)
(RDMA_READ_CONSUME_CHECK_CONSUMER) timestamp=7706 ms, used_size=133120 bytes (0.3%)
(RDMA_READ_CONSUME_CHECK_CONSUMER) timestamp=7706 ms, used_size=131072 bytes (0.3%)
(RDMA_READ_CONSUME_CHECK_CONSUMER) timestamp=7706 ms, used_size=129024 bytes (0.3%)
(RDMA_READ_CONSUME_CHECK_CONSUMER) timestamp=7706 ms, used_size=126976 bytes (0.3%)
(RDMA_READ_CONSUME_CHECK_CONSUMER) timestamp=7706 ms, used_size=124928 bytes (0.3%)
(RDMA_READ_CONSUME_CHECK_CONSUMER) timestamp=7706 ms, used_size=122880 bytes (0.3%)
(RDMA_READ_CONSUME_CHECK_CONSUMER) timestamp=7706 ms, used_size=120832 bytes (0.3%)
(RDMA_READ_CONSUME_CHECK_CONSUMER) timestamp=7706 ms, used_size=118784 bytes (0.3%)
(RDMA_READ_CONSUME_CHECK_CONSUMER) timestamp=7706 ms, used_size=116736 bytes (0.3%)
(RDMA_READ_CONSUME_CHECK_CONSUMER) timestamp=7706 ms, used_size=114688 bytes (0.3%)
(RDMA_READ_CONSUME_CHECK_CONSUMER) timestamp=7706 ms, used_size=112640 bytes (0.3%)
(RDMA_READ_CONSUME_CHECK_CONSUMER) timestamp=7706 ms, used_size=110592 bytes (0.3%)
(RDMA_READ_CONSUME_CHECK_CONSUMER) timestamp=7706 ms, used_size=108544 bytes (0.3%)
(RDMA_READ_CONSUME_CHECK_CONSUMER) timestamp=7706 ms, used_size=106496 bytes (0.3%)
(RDMA_READ_CONSUME_CHECK_CONSUMER) timestamp=7706 ms, used_size=104448 bytes (0.3%)
(RDMA_READ_CONSUME_CHECK_CONSUMER) timestamp=7706 ms, used_size=102400 bytes (0.2%)
(RDMA_READ_CONSUME_CHECK_CONSUMER) timestamp=7706 ms, used_size=100352 bytes (0.2%)
(RDMA_READ_CONSUME_CHECK_CONSUMER) timestamp=7706 ms, used_size=98304 bytes (0.2%)
(RDMA_READ_CONSUME_CHECK_CONSUMER) timestamp=7706 ms, used_size=96256 bytes (0.2%)
(RDMA_READ_CONSUME_CHECK_CONSUMER) timestamp=7706 ms, used_size=94208 bytes (0.2%)
(RDMA_READ_CONSUME_CHECK_CONSUMER) timestamp=7706 ms, used_size=92160 bytes (0.2%)
(RDMA_READ_CONSUME_CHECK_CONSUMER) timestamp=7706 ms, used_size=90112 bytes (0.2%)
(RDMA_READ_CONSUME_CHECK_CONSUMER) timestamp=7706 ms, used_size=88064 bytes (0.2%)
(RDMA_READ_CONSUME_CHECK_CONSUMER) timestamp=7706 ms, used_size=86016 bytes (0.2%)
(RDMA_READ_CONSUME_CHECK_CONSUMER) timestamp=7706 ms, used_size=83968 bytes (0.2%)
(RDMA_READ_CONSUME_CHECK_CONSUMER) timestamp=7706 ms, used_size=81920 bytes (0.2%)
(RDMA_READ_CONSUME_CHECK_CONSUMER) timestamp=7706 ms, used_size=79872 bytes (0.2%)
(RDMA_READ_CONSUME_CHECK_CONSUMER) timestamp=7706 ms, used_size=77824 bytes (0.2%)
(RDMA_READ_CONSUME_CHECK_CONSUMER) timestamp=7706 ms, used_size=75776 bytes (0.2%)
(RDMA_READ_CONSUME_CHECK_CONSUMER) timestamp=7706 ms, used_size=73728 bytes (0.2%)
(RDMA_READ_CONSUME_CHECK_CONSUMER) timestamp=7706 ms, used_size=71680 bytes (0.2%)
(RDMA_READ_CONSUME_CHECK_CONSUMER) timestamp=7706 ms, used_size=69632 bytes (0.2%)
(RDMA_READ_CONSUME_CHECK_CONSUMER) timestamp=7706 ms, used_size=67584 bytes (0.2%)
(RDMA_READ_CONSUME_CHECK_CONSUMER) timestamp=7706 ms, used_size=65536 bytes (0.2%)
(RDMA_READ_CONSUME_CHECK_CONSUMER) timestamp=7706 ms, used_size=63488 bytes (0.2%)
(RDMA_READ_CONSUME_CHECK_CONSUMER) timestamp=7706 ms, used_size=61440 bytes (0.1%)
(RDMA_READ_CONSUME_CHECK_CONSUMER) timestamp=7706 ms, used_size=59392 bytes (0.1%)
(RDMA_READ_CONSUME_CHECK_CONSUMER) timestamp=7707 ms, used_size=57344 bytes (0.1%)
(RDMA_READ_CONSUME_CHECK_CONSUMER) timestamp=7707 ms, used_size=55296 bytes (0.1%)
(RDMA_READ_CONSUME_CHECK_CONSUMER) timestamp=7707 ms, used_size=53248 bytes (0.1%)
(RDMA_READ_CONSUME_CHECK_CONSUMER) timestamp=7707 ms, used_size=51200 bytes (0.1%)
(RDMA_READ_CONSUME_CHECK_CONSUMER) timestamp=7707 ms, used_size=49152 bytes (0.1%)
(RDMA_READ_CONSUME_CHECK_CONSUMER) timestamp=7707 ms, used_size=47104 bytes (0.1%)
(RDMA_READ_CONSUME_CHECK_CONSUMER) timestamp=7707 ms, used_size=45056 bytes (0.1%)
(RDMA_READ_CONSUME_CHECK_CONSUMER) timestamp=7707 ms, used_size=43008 bytes (0.1%)
(RDMA_READ_CONSUME_CHECK_CONSUMER) timestamp=7707 ms, used_size=40960 bytes (0.1%)
(RDMA_READ_CONSUME_CHECK_CONSUMER) timestamp=7707 ms, used_size=38912 bytes (0.1%)
(RDMA_READ_CONSUME_CHECK_CONSUMER) timestamp=7707 ms, used_size=36864 bytes (0.1%)
(RDMA_READ_CONSUME_CHECK_CONSUMER) timestamp=7707 ms, used_size=34816 bytes (0.1%)
(RDMA_READ_CONSUME_CHECK_CONSUMER) timestamp=7707 ms, used_size=32768 bytes (0.1%)
(RDMA_READ_CONSUME_CHECK_CONSUMER) timestamp=7707 ms, used_size=30720 bytes (0.1%)
(RDMA_READ_CONSUME_CHECK_CONSUMER) timestamp=7707 ms, used_size=28672 bytes (0.1%)
(RDMA_READ_CONSUME_CHECK_CONSUMER) timestamp=7707 ms, used_size=26624 bytes (0.1%)
(RDMA_READ_CONSUME_CHECK_CONSUMER) timestamp=7707 ms, used_size=24576 bytes (0.1%)
(RDMA_READ_CONSUME_CHECK_CONSUMER) timestamp=7707 ms, used_size=22528 bytes (0.1%)
(RDMA_READ_CONSUME_CHECK_CONSUMER) timestamp=7707 ms, used_size=20480 bytes (0.1%)
(RDMA_READ_CONSUME_CHECK_CONSUMER) timestamp=7707 ms, used_size=18432 bytes (0.0%)
(RDMA_READ_CONSUME_CHECK_CONSUMER) timestamp=7707 ms, used_size=16384 bytes (0.0%)
(RDMA_READ_CONSUME_CHECK_CONSUMER) timestamp=7707 ms, used_size=14336 bytes (0.0%)
(RDMA_READ_CONSUME_CHECK_CONSUMER) timestamp=7707 ms, used_size=12288 bytes (0.0%)
(RDMA_READ_CONSUME_CHECK_CONSUMER) timestamp=7707 ms, used_size=10240 bytes (0.0%)
(RDMA_READ_CONSUME_CHECK_CONSUMER) timestamp=7707 ms, used_size=8192 bytes (0.0%)
(RDMA_READ_CONSUME_CHECK_CONSUMER) timestamp=7707 ms, used_size=6144 bytes (0.0%)
(RDMA_READ_CONSUME_CHECK_CONSUMER) timestamp=7707 ms, used_size=4096 bytes (0.0%)
(RDMA_READ_CONSUME_CHECK_CONSUMER) timestamp=7707 ms, used_size=2048 bytes (0.0%)
(RDMA_READ_CONSUME_CHECK_CONSUMER) timestamp=7707 ms, used_size=0 bytes (0.0%)
(RDMA_READ_CONSUME_CHECK) Cycle 6, Batch 1: CRC32 OK (0xbeaa30f3), 8192 messages verified
(RDMA_READ_CONSUME_CHECK_CONSUMER) timestamp=7707 ms, used_size=16775168 bytes (41.0%)
(RDMA_READ_CONSUME_CHECK_CONSUMER) timestamp=8263 ms, used_size=16773120 bytes (41.0%)
(RDMA_READ_CONSUME_CHECK_CONSUMER) timestamp=8263 ms, used_size=16771072 bytes (40.9%)
(RDMA_READ_CONSUME_CHECK_CONSUMER) timestamp=8263 ms, used_size=16769024 bytes (40.9%)
(RDMA_READ_CONSUME_CHECK_CONSUMER) timestamp=8263 ms, used_size=16766976 bytes (40.9%)
(RDMA_READ_CONSUME_CHECK_CONSUMER) timestamp=8263 ms, used_size=16764928 bytes (40.9%)
(RDMA_READ_CONSUME_CHECK_CONSUMER) timestamp=8263 ms, used_size=16762880 bytes (40.9%)
(RDMA_READ_CONSUME_CHECK_CONSUMER) timestamp=8263 ms, used_size=16760832 bytes (40.9%)
(RDMA_READ_CONSUME_CHECK_CONSUMER) timestamp=8263 ms, used_size=16758784 bytes (40.9%)
(RDMA_READ_CONSUME_CHECK_CONSUMER) timestamp=8263 ms, used_size=16756736 bytes (40.9%)
(RDMA_READ_CONSUME_CHECK_CONSUMER) timestamp=8263 ms, used_size=16754688 bytes (40.9%)
(RDMA_READ_CONSUME_CHECK_CONSUMER) timestamp=8263 ms, used_size=16752640 bytes (40.9%)
(RDMA_READ_CONSUME_CHECK_CONSUMER) timestamp=8263 ms, used_size=16750592 bytes (40.9%)
(RDMA_READ_CONSUME_CHECK_CONSUMER) timestamp=8263 ms, used_size=16748544 bytes (40.9%)
(RDMA_READ_CONSUME_CHECK_CONSUMER) timestamp=8263 ms, used_size=16746496 bytes (40.9%)
(RDMA_READ_CONSUME_CHECK_CONSUMER) timestamp=8263 ms, used_size=16744448 bytes (40.9%)
(RDMA_READ_CONSUME_CHECK_CONSUMER) timestamp=8263 ms, used_size=16742400 bytes (40.9%)
(RDMA_READ_CONSUME_CHECK_CONSUMER) timestamp=8263 ms, used_size=16740352 bytes (40.9%)
(RDMA_READ_CONSUME_CHECK_CONSUMER) timestamp=8263 ms, used_size=16738304 bytes (40.9%)
(RDMA_READ_CONSUME_CHECK_CONSUMER) timestamp=8263 ms, used_size=16736256 bytes (40.9%)
(RDMA_READ_CONSUME_CHECK_CONSUMER) timestamp=8263 ms, used_size=16734208 bytes (40.9%)
(RDMA_READ_CONSUME_CHECK_CONSUMER) timestamp=8263 ms, used_size=16732160 bytes (40.9%)
(RDMA_READ_CONSUME_CHECK_CONSUMER) timestamp=8263 ms, used_size=16730112 bytes (40.8%)
(RDMA_READ_CONSUME_CHECK_CONSUMER) timestamp=8263 ms, used_size=16728064 bytes (40.8%)
(RDMA_READ_CONSUME_CHECK_CONSUMER) timestamp=8263 ms, used_size=16726016 bytes (40.8%)
(RDMA_READ_CONSUME_CHECK_CONSUMER) timestamp=8263 ms, used_size=16723968 bytes (40.8%)
(RDMA_READ_CONSUME_CHECK_CONSUMER) timestamp=8263 ms, used_size=16721920 bytes (40.8%)
(RDMA_READ_CONSUME_CHECK_CONSUMER) timestamp=8263 ms, used_size=16719872 bytes (40.8%)
(RDMA_READ_CONSUME_CHECK_CONSUMER) timestamp=8263 ms, used_size=16717824 bytes (40.8%)
(RDMA_READ_CONSUME_CHECK_CONSUMER) timestamp=8264 ms, used_size=16715776 bytes (40.8%)
(RDMA_READ_CONSUME_CHECK_CONSUMER) timestamp=8264 ms, used_size=16713728 bytes (40.8%)
(RDMA_READ_CONSUME_CHECK_CONSUMER) timestamp=8264 ms, used_size=16711680 bytes (40.8%)
(RDMA_READ_CONSUME_CHECK_CONSUMER) timestamp=8264 ms, used_size=16709632 bytes (40.8%)
(RDMA_READ_CONSUME_CHECK_CONSUMER) timestamp=8264 ms, used_size=16707584 bytes (40.8%)
(RDMA_READ_CONSUME_CHECK_CONSUMER) timestamp=8264 ms, used_size=16705536 bytes (40.8%)
(RDMA_READ_CONSUME_CHECK_CONSUMER) timestamp=8264 ms, used_size=16703488 bytes (40.8%)
(RDMA_READ_CONSUME_CHECK_CONSUMER) timestamp=8264 ms, used_size=16701440 bytes (40.8%)
(RDMA_READ_CONSUME_CHECK_CONSUMER) timestamp=8264 ms, used_size=16699392 bytes (40.8%)
(RDMA_READ_CONSUME_CHECK_CONSUMER) timestamp=8264 ms, used_size=16697344 bytes (40.8%)
(RDMA_READ_CONSUME_CHECK_CONSUMER) timestamp=8264 ms, used_size=16695296 bytes (40.8%)
(RDMA_READ_CONSUME_CHECK_CONSUMER) timestamp=8264 ms, used_size=16693248 bytes (40.8%)
(RDMA_READ_CONSUME_CHECK_CONSUMER) timestamp=8264 ms, used_size=16691200 bytes (40.8%)
(RDMA_READ_CONSUME_CHECK_CONSUMER) timestamp=8264 ms, used_size=16689152 bytes (40.7%)
(RDMA_READ_CONSUME_CHECK_CONSUMER) timestamp=8264 ms, used_size=16687104 bytes (40.7%)
(RDMA_READ_CONSUME_CHECK_CONSUMER) timestamp=8264 ms, used_size=16685056 bytes (40.7%)
(RDMA_READ_CONSUME_CHECK_CONSUMER) timestamp=8264 ms, used_size=16683008 bytes (40.7%)
(RDMA_READ_CONSUME_CHECK_CONSUMER) timestamp=8264 ms, used_size=16680960 bytes (40.7%)
(RDMA_READ_CONSUME_CHECK_CONSUMER) timestamp=8264 ms, used_size=16678912 bytes (40.7%)
(RDMA_READ_CONSUME_CHECK_CONSUMER) timestamp=8264 ms, used_size=16676864 bytes (40.7%)
(RDMA_READ_CONSUME_CHECK_CONSUMER) timestamp=8264 ms, used_size=16674816 bytes (40.7%)
(RDMA_READ_CONSUME_CHECK_CONSUMER) timestamp=8264 ms, used_size=16672768 bytes (40.7%)
(RDMA_READ_CONSUME_CHECK_CONSUMER) timestamp=8264 ms, used_size=16670720 bytes (40.7%)
(RDMA_READ_CONSUME_CHECK_CONSUMER) timestamp=8264 ms, used_size=16668672 bytes (40.7%)
(RDMA_READ_CONSUME_CHECK_CONSUMER) timestamp=8264 ms, used_size=16666624 bytes (40.7%)
(RDMA_READ_CONSUME_CHECK_CONSUMER) timestamp=8264 ms, used_size=16664576 bytes (40.7%)
(RDMA_READ_CONSUME_CHECK_CONSUMER) timestamp=8264 ms, used_size=16662528 bytes (40.7%)
(RDMA_READ_CONSUME_CHECK_CONSUMER) timestamp=8264 ms, used_size=16660480 bytes (40.7%)
(RDMA_READ_CONSUME_CHECK_CONSUMER) timestamp=8264 ms, used_size=16658432 bytes (40.7%)
(RDMA_READ_CONSUME_CHECK_CONSUMER) timestamp=8264 ms, used_size=16656384 bytes (40.7%)
(RDMA_READ_CONSUME_CHECK_CONSUMER) timestamp=8264 ms, used_size=16654336 bytes (40.7%)
(RDMA_READ_CONSUME_CHECK_CONSUMER) timestamp=8264 ms, used_size=16652288 bytes (40.7%)
(RDMA_READ_CONSUME_CHECK_CONSUMER) timestamp=8264 ms, used_size=16650240 bytes (40.6%)
(RDMA_READ_CONSUME_CHECK_CONSUMER) timestamp=8264 ms, used_size=16648192 bytes (40.6%)
(RDMA_READ_CONSUME_CHECK_CONSUMER) timestamp=8264 ms, used_size=16646144 bytes (40.6%)
(RDMA_READ_CONSUME_CHECK_CONSUMER) timestamp=8264 ms, used_size=16644096 bytes (40.6%)
(RDMA_READ_CONSUME_CHECK_CONSUMER) timestamp=8264 ms, used_size=16642048 bytes (40.6%)
(RDMA_READ_CONSUME_CHECK_CONSUMER) timestamp=8264 ms, used_size=16640000 bytes (40.6%)
(RDMA_READ_CONSUME_CHECK_CONSUMER) timestamp=8264 ms, used_size=16637952 bytes (40.6%)
(RDMA_READ_CONSUME_CHECK_CONSUMER) timestamp=8264 ms, used_size=16635904 bytes (40.6%)
(RDMA_READ_CONSUME_CHECK_CONSUMER) timestamp=8264 ms, used_size=16633856 bytes (40.6%)
(RDMA_READ_CONSUME_CHECK_CONSUMER) timestamp=8264 ms, used_size=16631808 bytes (40.6%)
(RDMA_READ_CONSUME_CHECK_CONSUMER) timestamp=8264 ms, used_size=16629760 bytes (40.6%)
(RDMA_READ_CONSUME_CHECK_CONSUMER) timestamp=8264 ms, used_size=16627712 bytes (40.6%)
(RDMA_READ_CONSUME_CHECK_CONSUMER) timestamp=8264 ms, used_size=16625664 bytes (40.6%)
(RDMA_READ_CONSUME_CHECK_CONSUMER) timestamp=8264 ms, used_size=16623616 bytes (40.6%)
(RDMA_READ_CONSUME_CHECK_CONSUMER) timestamp=8264 ms, used_size=16621568 bytes (40.6%)
(RDMA_READ_CONSUME_CHECK_CONSUMER) timestamp=8264 ms, used_size=16619520 bytes (40.6%)
(RDMA_READ_CONSUME_CHECK_CONSUMER) timestamp=8264 ms, used_size=16617472 bytes (40.6%)
(RDMA_READ_CONSUME_CHECK_CONSUMER) timestamp=8264 ms, used_size=16615424 bytes (40.6%)
(RDMA_READ_CONSUME_CHECK_CONSUMER) timestamp=8264 ms, used_size=16613376 bytes (40.6%)
(RDMA_READ_CONSUME_CHECK_CONSUMER) timestamp=8264 ms, used_size=16611328 bytes (40.6%)
(RDMA_READ_CONSUME_CHECK_CONSUMER) timestamp=8264 ms, used_size=16609280 bytes (40.5%)
(RDMA_READ_CONSUME_CHECK_CONSUMER) timestamp=8264 ms, used_size=16607232 bytes (40.5%)
(RDMA_READ_CONSUME_CHECK_CONSUMER) timestamp=8264 ms, used_size=16605184 bytes (40.5%)
(RDMA_READ_CONSUME_CHECK_CONSUMER) timestamp=8264 ms, used_size=16603136 bytes (40.5%)
(RDMA_READ_CONSUME_CHECK_CONSUMER) timestamp=8264 ms, used_size=16601088 bytes (40.5%)
(RDMA_READ_CONSUME_CHECK_CONSUMER) timestamp=8264 ms, used_size=16599040 bytes (40.5%)
(RDMA_READ_CONSUME_CHECK_CONSUMER) timestamp=8264 ms, used_size=16596992 bytes (40.5%)
(RDMA_READ_CONSUME_CHECK_CONSUMER) timestamp=8264 ms, used_size=16594944 bytes (40.5%)
(RDMA_READ_CONSUME_CHECK_CONSUMER) timestamp=8264 ms, used_size=16592896 bytes (40.5%)
(RDMA_READ_CONSUME_CHECK_CONSUMER) timestamp=8264 ms, used_size=16590848 bytes (40.5%)
(RDMA_READ_CONSUME_CHECK_CONSUMER) timestamp=8264 ms, used_size=16588800 bytes (40.5%)
(RDMA_READ_CONSUME_CHECK_CONSUMER) timestamp=8264 ms, used_size=16586752 bytes (40.5%)
(RDMA_READ_CONSUME_CHECK_CONSUMER) timestamp=8264 ms, used_size=16584704 bytes (40.5%)
(RDMA_READ_CONSUME_CHECK_CONSUMER) timestamp=8264 ms, used_size=16582656 bytes (40.5%)
(RDMA_READ_CONSUME_CHECK_CONSUMER) timestamp=8264 ms, used_size=16580608 bytes (40.5%)
(RDMA_READ_CONSUME_CHECK_CONSUMER) timestamp=8264 ms, used_size=16578560 bytes (40.5%)
(RDMA_READ_CONSUME_CHECK_CONSUMER) timestamp=8264 ms, used_size=16576512 bytes (40.5%)
(RDMA_READ_CONSUME_CHECK_CONSUMER) timestamp=8264 ms, used_size=16574464 bytes (40.5%)
(RDMA_READ_CONSUME_CHECK_CONSUMER) timestamp=8264 ms, used_size=16572416 bytes (40.5%)
(RDMA_READ_CONSUME_CHECK_CONSUMER) timestamp=8264 ms, used_size=16570368 bytes (40.5%)
(RDMA_READ_CONSUME_CHECK_CONSUMER) timestamp=8264 ms, used_size=16568320 bytes (40.5%)
(RDMA_READ_CONSUME_CHECK_CONSUMER) timestamp=8264 ms, used_size=16566272 bytes (40.4%)
(RDMA_READ_CONSUME_CHECK_CONSUMER) timestamp=8264 ms, used_size=16564224 bytes (40.4%)
(RDMA_READ_CONSUME_CHECK_CONSUMER) timestamp=8264 ms, used_size=16562176 bytes (40.4%)
(RDMA_READ_CONSUME_CHECK_CONSUMER) timestamp=8264 ms, used_size=16560128 bytes (40.4%)
(RDMA_READ_CONSUME_CHECK_CONSUMER) timestamp=8264 ms, used_size=16558080 bytes (40.4%)
(RDMA_READ_CONSUME_CHECK_CONSUMER) timestamp=8264 ms, used_size=16556032 bytes (40.4%)
(RDMA_READ_CONSUME_CHECK_CONSUMER) timestamp=8264 ms, used_size=16553984 bytes (40.4%)
(RDMA_READ_CONSUME_CHECK_CONSUMER) timestamp=8264 ms, used_size=16551936 bytes (40.4%)
(RDMA_READ_CONSUME_CHECK_CONSUMER) timestamp=8264 ms, used_size=16549888 bytes (40.4%)
(RDMA_READ_CONSUME_CHECK_CONSUMER) timestamp=8264 ms, used_size=16547840 bytes (40.4%)
(RDMA_READ_CONSUME_CHECK_CONSUMER) timestamp=8264 ms, used_size=16545792 bytes (40.4%)
(RDMA_READ_CONSUME_CHECK_CONSUMER) timestamp=8264 ms, used_size=16543744 bytes (40.4%)
(RDMA_READ_CONSUME_CHECK_CONSUMER) timestamp=8264 ms, used_size=16541696 bytes (40.4%)
(RDMA_READ_CONSUME_CHECK_CONSUMER) timestamp=8264 ms, used_size=16539648 bytes (40.4%)
(RDMA_READ_CONSUME_CHECK_CONSUMER) timestamp=8264 ms, used_size=16537600 bytes (40.4%)
(RDMA_READ_CONSUME_CHECK_CONSUMER) timestamp=8264 ms, used_size=16535552 bytes (40.4%)
(RDMA_READ_CONSUME_CHECK_CONSUMER) timestamp=8264 ms, used_size=16533504 bytes (40.4%)
(RDMA_READ_CONSUME_CHECK_CONSUMER) timestamp=8264 ms, used_size=16531456 bytes (40.4%)
(RDMA_READ_CONSUME_CHECK_CONSUMER) timestamp=8264 ms, used_size=16529408 bytes (40.4%)
(RDMA_READ_CONSUME_CHECK_CONSUMER) timestamp=8264 ms, used_size=16527360 bytes (40.4%)
(RDMA_READ_CONSUME_CHECK_CONSUMER) timestamp=8264 ms, used_size=16525312 bytes (40.3%)
(RDMA_READ_CONSUME_CHECK_CONSUMER) timestamp=8264 ms, used_size=16523264 bytes (40.3%)
(RDMA_READ_CONSUME_CHECK_CONSUMER) timestamp=8264 ms, used_size=16521216 bytes (40.3%)
(RDMA_READ_CONSUME_CHECK_CONSUMER) timestamp=8264 ms, used_size=16519168 bytes (40.3%)
(RDMA_READ_CONSUME_CHECK_CONSUMER) timestamp=8264 ms, used_size=16517120 bytes (40.3%)
(RDMA_READ_CONSUME_CHECK_CONSUMER) timestamp=8264 ms, used_size=16515072 bytes (40.3%)
(RDMA_READ_CONSUME_CHECK_CONSUMER) timestamp=8264 ms, used_size=16513024 bytes (40.3%)
(RDMA_READ_CONSUME_CHECK_CONSUMER) timestamp=8264 ms, used_size=16510976 bytes (40.3%)
(RDMA_READ_CONSUME_CHECK_CONSUMER) timestamp=8264 ms, used_size=16508928 bytes (40.3%)
(RDMA_READ_CONSUME_CHECK_CONSUMER) timestamp=8264 ms, used_size=16506880 bytes (40.3%)
(RDMA_READ_CONSUME_CHECK_CONSUMER) timestamp=8264 ms, used_size=16504832 bytes (40.3%)
(RDMA_READ_CONSUME_CHECK_CONSUMER) timestamp=8264 ms, used_size=16502784 bytes (40.3%)
(RDMA_READ_CONSUME_CHECK_CONSUMER) timestamp=8264 ms, used_size=16500736 bytes (40.3%)
(RDMA_READ_CONSUME_CHECK_CONSUMER) timestamp=8264 ms, used_size=16498688 bytes (40.3%)
(RDMA_READ_CONSUME_CHECK_CONSUMER) timestamp=8264 ms, used_size=16496640 bytes (40.3%)
(RDMA_READ_CONSUME_CHECK_CONSUMER) timestamp=8264 ms, used_size=16494592 bytes (40.3%)
(RDMA_READ_CONSUME_CHECK_CONSUMER) timestamp=8264 ms, used_size=16492544 bytes (40.3%)
(RDMA_READ_CONSUME_CHECK_CONSUMER) timestamp=8264 ms, used_size=16490496 bytes (40.3%)
(RDMA_READ_CONSUME_CHECK_CONSUMER) timestamp=8264 ms, used_size=16488448 bytes (40.3%)
(RDMA_READ_CONSUME_CHECK_CONSUMER) timestamp=8264 ms, used_size=16486400 bytes (40.2%)
(RDMA_READ_CONSUME_CHECK_CONSUMER) timestamp=8264 ms, used_size=16484352 bytes (40.2%)
(RDMA_READ_CONSUME_CHECK_CONSUMER) timestamp=8264 ms, used_size=16482304 bytes (40.2%)
(RDMA_READ_CONSUME_CHECK_CONSUMER) timestamp=8264 ms, used_size=16480256 bytes (40.2%)
(RDMA_READ_CONSUME_CHECK_CONSUMER) timestamp=8264 ms, used_size=16478208 bytes (40.2%)
(RDMA_READ_CONSUME_CHECK_CONSUMER) timestamp=8264 ms, used_size=16476160 bytes (40.2%)
(RDMA_READ_CONSUME_CHECK_CONSUMER) timestamp=8264 ms, used_size=16474112 bytes (40.2%)
(RDMA_READ_CONSUME_CHECK_CONSUMER) timestamp=8264 ms, used_size=16472064 bytes (40.2%)
(RDMA_READ_CONSUME_CHECK_CONSUMER) timestamp=8264 ms, used_size=16470016 bytes (40.2%)
(RDMA_READ_CONSUME_CHECK_CONSUMER) timestamp=8264 ms, used_size=16467968 bytes (40.2%)
(RDMA_READ_CONSUME_CHECK_CONSUMER) timestamp=8264 ms, used_size=16465920 bytes (40.2%)
(RDMA_READ_CONSUME_CHECK_CONSUMER) timestamp=8264 ms, used_size=16463872 bytes (40.2%)
(RDMA_READ_CONSUME_CHECK_CONSUMER) timestamp=8264 ms, used_size=16461824 bytes (40.2%)
(RDMA_READ_CONSUME_CHECK_CONSUMER) timestamp=8264 ms, used_size=16459776 bytes (40.2%)
(RDMA_READ_CONSUME_CHECK_CONSUMER) timestamp=8264 ms, used_size=16457728 bytes (40.2%)
(RDMA_READ_CONSUME_CHECK_CONSUMER) timestamp=8264 ms, used_size=16455680 bytes (40.2%)
(RDMA_READ_CONSUME_CHECK_CONSUMER) timestamp=8264 ms, used_size=16453632 bytes (40.2%)
(RDMA_READ_CONSUME_CHECK_CONSUMER) timestamp=8264 ms, used_size=16451584 bytes (40.2%)
(RDMA_READ_CONSUME_CHECK_CONSUMER) timestamp=8264 ms, used_size=16449536 bytes (40.2%)
(RDMA_READ_CONSUME_CHECK_CONSUMER) timestamp=8264 ms, used_size=16447488 bytes (40.2%)
(RDMA_READ_CONSUME_CHECK_CONSUMER) timestamp=8264 ms, used_size=16445440 bytes (40.1%)
(RDMA_READ_CONSUME_CHECK_CONSUMER) timestamp=8264 ms, used_size=16443392 bytes (40.1%)
(RDMA_READ_CONSUME_CHECK_CONSUMER) timestamp=8264 ms, used_size=16441344 bytes (40.1%)
(RDMA_READ_CONSUME_CHECK_CONSUMER) timestamp=8264 ms, used_size=16439296 bytes (40.1%)
(RDMA_READ_CONSUME_CHECK_CONSUMER) timestamp=8264 ms, used_size=16437248 bytes (40.1%)
(RDMA_READ_CONSUME_CHECK_CONSUMER) timestamp=8264 ms, used_size=16435200 bytes (40.1%)
(RDMA_READ_CONSUME_CHECK_CONSUMER) timestamp=8264 ms, used_size=16433152 bytes (40.1%)
(RDMA_READ_CONSUME_CHECK_CONSUMER) timestamp=8264 ms, used_size=16431104 bytes (40.1%)
(RDMA_READ_CONSUME_CHECK_CONSUMER) timestamp=8264 ms, used_size=16429056 bytes (40.1%)
(RDMA_READ_CONSUME_CHECK_CONSUMER) timestamp=8264 ms, used_size=16427008 bytes (40.1%)
(RDMA_READ_CONSUME_CHECK_CONSUMER) timestamp=8264 ms, used_size=16424960 bytes (40.1%)
(RDMA_READ_CONSUME_CHECK_CONSUMER) timestamp=8264 ms, used_size=16422912 bytes (40.1%)
(RDMA_READ_CONSUME_CHECK_CONSUMER) timestamp=8264 ms, used_size=16420864 bytes (40.1%)
(RDMA_READ_CONSUME_CHECK_CONSUMER) timestamp=8264 ms, used_size=16418816 bytes (40.1%)
(RDMA_READ_CONSUME_CHECK_CONSUMER) timestamp=8264 ms, used_size=16416768 bytes (40.1%)
(RDMA_READ_CONSUME_CHECK_CONSUMER) timestamp=8264 ms, used_size=16414720 bytes (40.1%)
(RDMA_READ_CONSUME_CHECK_CONSUMER) timestamp=8264 ms, used_size=16412672 bytes (40.1%)
(RDMA_READ_CONSUME_CHECK_CONSUMER) timestamp=8264 ms, used_size=16410624 bytes (40.1%)
(RDMA_READ_CONSUME_CHECK_CONSUMER) timestamp=8264 ms, used_size=16408576 bytes (40.1%)
(RDMA_READ_CONSUME_CHECK_CONSUMER) timestamp=8264 ms, used_size=16406528 bytes (40.1%)
(RDMA_READ_CONSUME_CHECK_CONSUMER) timestamp=8264 ms, used_size=16404480 bytes (40.0%)
(RDMA_READ_CONSUME_CHECK_CONSUMER) timestamp=8264 ms, used_size=16402432 bytes (40.0%)
(RDMA_READ_CONSUME_CHECK_CONSUMER) timestamp=8264 ms, used_size=16400384 bytes (40.0%)
(RDMA_READ_CONSUME_CHECK_CONSUMER) timestamp=8264 ms, used_size=16398336 bytes (40.0%)
(RDMA_READ_CONSUME_CHECK_CONSUMER) timestamp=8264 ms, used_size=16396288 bytes (40.0%)
(RDMA_READ_CONSUME_CHECK_CONSUMER) timestamp=8264 ms, used_size=16394240 bytes (40.0%)
(RDMA_READ_CONSUME_CHECK_CONSUMER) timestamp=8264 ms, used_size=16392192 bytes (40.0%)
(RDMA_READ_CONSUME_CHECK_CONSUMER) timestamp=8264 ms, used_size=16390144 bytes (40.0%)
(RDMA_READ_CONSUME_CHECK_CONSUMER) timestamp=8264 ms, used_size=16388096 bytes (40.0%)
(RDMA_READ_CONSUME_CHECK_CONSUMER) timestamp=8264 ms, used_size=16386048 bytes (40.0%)
(RDMA_READ_CONSUME_CHECK_CONSUMER) timestamp=8264 ms, used_size=16384000 bytes (40.0%)
(RDMA_READ_CONSUME_CHECK_CONSUMER) timestamp=8264 ms, used_size=16381952 bytes (40.0%)
(RDMA_READ_CONSUME_CHECK_CONSUMER) timestamp=8264 ms, used_size=16379904 bytes (40.0%)
(RDMA_READ_CONSUME_CHECK_CONSUMER) timestamp=8264 ms, used_size=16377856 bytes (40.0%)
(RDMA_READ_CONSUME_CHECK_CONSUMER) timestamp=8264 ms, used_size=16375808 bytes (40.0%)
(RDMA_READ_CONSUME_CHECK_CONSUMER) timestamp=8264 ms, used_size=16373760 bytes (40.0%)
(RDMA_READ_CONSUME_CHECK_CONSUMER) timestamp=8264 ms, used_size=16371712 bytes (40.0%)
(RDMA_READ_CONSUME_CHECK_CONSUMER) timestamp=8264 ms, used_size=16369664 bytes (40.0%)
(RDMA_READ_CONSUME_CHECK_CONSUMER) timestamp=8264 ms, used_size=16367616 bytes (40.0%)
(RDMA_READ_CONSUME_CHECK_CONSUMER) timestamp=8264 ms, used_size=16365568 bytes (40.0%)
(RDMA_READ_CONSUME_CHECK_CONSUMER) timestamp=8264 ms, used_size=16363520 bytes (40.0%)
(RDMA_READ_CONSUME_CHECK_CONSUMER) timestamp=8265 ms, used_size=16361472 bytes (39.9%)
(RDMA_READ_CONSUME_CHECK_CONSUMER) timestamp=8265 ms, used_size=16359424 bytes (39.9%)
(RDMA_READ_CONSUME_CHECK_CONSUMER) timestamp=8265 ms, used_size=16357376 bytes (39.9%)
(RDMA_READ_CONSUME_CHECK_CONSUMER) timestamp=8265 ms, used_size=16355328 bytes (39.9%)
(RDMA_READ_CONSUME_CHECK_CONSUMER) timestamp=8265 ms, used_size=16353280 bytes (39.9%)
(RDMA_READ_CONSUME_CHECK_CONSUMER) timestamp=8265 ms, used_size=16351232 bytes (39.9%)
(RDMA_READ_CONSUME_CHECK_CONSUMER) timestamp=8265 ms, used_size=16349184 bytes (39.9%)
(RDMA_READ_CONSUME_CHECK_CONSUMER) timestamp=8265 ms, used_size=16347136 bytes (39.9%)
(RDMA_READ_CONSUME_CHECK_CONSUMER) timestamp=8265 ms, used_size=16345088 bytes (39.9%)
(RDMA_READ_CONSUME_CHECK_CONSUMER) timestamp=8265 ms, used_size=16343040 bytes (39.9%)
(RDMA_READ_CONSUME_CHECK_CONSUMER) timestamp=8265 ms, used_size=16340992 bytes (39.9%)
(RDMA_READ_CONSUME_CHECK_CONSUMER) timestamp=8265 ms, used_size=16338944 bytes (39.9%)
(RDMA_READ_CONSUME_CHECK_CONSUMER) timestamp=8265 ms, used_size=16336896 bytes (39.9%)
(RDMA_READ_CONSUME_CHECK_CONSUMER) timestamp=8265 ms, used_size=16334848 bytes (39.9%)
(RDMA_READ_CONSUME_CHECK_CONSUMER) timestamp=8265 ms, used_size=16332800 bytes (39.9%)
(RDMA_READ_CONSUME_CHECK_CONSUMER) timestamp=8265 ms, used_size=16330752 bytes (39.9%)
(RDMA_READ_CONSUME_CHECK_CONSUMER) timestamp=8265 ms, used_size=16328704 bytes (39.9%)
(RDMA_READ_CONSUME_CHECK_CONSUMER) timestamp=8265 ms, used_size=16326656 bytes (39.9%)
(RDMA_READ_CONSUME_CHECK_CONSUMER) timestamp=8265 ms, used_size=16324608 bytes (39.9%)
(RDMA_READ_CONSUME_CHECK_CONSUMER) timestamp=8265 ms, used_size=16322560 bytes (39.9%)
(RDMA_READ_CONSUME_CHECK_CONSUMER) timestamp=8265 ms, used_size=16320512 bytes (39.8%)
(RDMA_READ_CONSUME_CHECK_CONSUMER) timestamp=8265 ms, used_size=16318464 bytes (39.8%)
(RDMA_READ_CONSUME_CHECK_CONSUMER) timestamp=8265 ms, used_size=16316416 bytes (39.8%)
(RDMA_READ_CONSUME_CHECK_CONSUMER) timestamp=8265 ms, used_size=16314368 bytes (39.8%)
(RDMA_READ_CONSUME_CHECK_CONSUMER) timestamp=8265 ms, used_size=16312320 bytes (39.8%)
(RDMA_READ_CONSUME_CHECK_CONSUMER) timestamp=8265 ms, used_size=16310272 bytes (39.8%)
(RDMA_READ_CONSUME_CHECK_CONSUMER) timestamp=8265 ms, used_size=16308224 bytes (39.8%)
(RDMA_READ_CONSUME_CHECK_CONSUMER) timestamp=8265 ms, used_size=16306176 bytes (39.8%)
(RDMA_READ_CONSUME_CHECK_CONSUMER) timestamp=8265 ms, used_size=16304128 bytes (39.8%)
(RDMA_READ_CONSUME_CHECK_CONSUMER) timestamp=8265 ms, used_size=16302080 bytes (39.8%)
(RDMA_READ_CONSUME_CHECK_CONSUMER) timestamp=8265 ms, used_size=16300032 bytes (39.8%)
(RDMA_READ_CONSUME_CHECK_CONSUMER) timestamp=8265 ms, used_size=16297984 bytes (39.8%)
(RDMA_READ_CONSUME_CHECK_CONSUMER) timestamp=8265 ms, used_size=16295936 bytes (39.8%)
(RDMA_READ_CONSUME_CHECK_CONSUMER) timestamp=8265 ms, used_size=16293888 bytes (39.8%)
(RDMA_READ_CONSUME_CHECK_CONSUMER) timestamp=8265 ms, used_size=16291840 bytes (39.8%)
(RDMA_READ_CONSUME_CHECK_CONSUMER) timestamp=8265 ms, used_size=16289792 bytes (39.8%)
(RDMA_READ_CONSUME_CHECK_CONSUMER) timestamp=8265 ms, used_size=16287744 bytes (39.8%)
(RDMA_READ_CONSUME_CHECK_CONSUMER) timestamp=8265 ms, used_size=16285696 bytes (39.8%)
(RDMA_READ_CONSUME_CHECK_CONSUMER) timestamp=8265 ms, used_size=16283648 bytes (39.8%)
(RDMA_READ_CONSUME_CHECK_CONSUMER) timestamp=8265 ms, used_size=16281600 bytes (39.8%)
(RDMA_READ_CONSUME_CHECK_CONSUMER) timestamp=8265 ms, used_size=16279552 bytes (39.7%)
(RDMA_READ_CONSUME_CHECK_CONSUMER) timestamp=8265 ms, used_size=16277504 bytes (39.7%)
(RDMA_READ_CONSUME_CHECK_CONSUMER) timestamp=8265 ms, used_size=16275456 bytes (39.7%)
(RDMA_READ_CONSUME_CHECK_CONSUMER) timestamp=8265 ms, used_size=16273408 bytes (39.7%)
(RDMA_READ_CONSUME_CHECK_CONSUMER) timestamp=8265 ms, used_size=16271360 bytes (39.7%)
(RDMA_READ_CONSUME_CHECK_CONSUMER) timestamp=8265 ms, used_size=16269312 bytes (39.7%)
(RDMA_READ_CONSUME_CHECK_CONSUMER) timestamp=8265 ms, used_size=16267264 bytes (39.7%)
(RDMA_READ_CONSUME_CHECK_CONSUMER) timestamp=8265 ms, used_size=16265216 bytes (39.7%)
(RDMA_READ_CONSUME_CHECK_CONSUMER) timestamp=8265 ms, used_size=16263168 bytes (39.7%)
(RDMA_READ_CONSUME_CHECK_CONSUMER) timestamp=8265 ms, used_size=16261120 bytes (39.7%)
(RDMA_READ_CONSUME_CHECK_CONSUMER) timestamp=8265 ms, used_size=16259072 bytes (39.7%)
(RDMA_READ_CONSUME_CHECK_CONSUMER) timestamp=8265 ms, used_size=16257024 bytes (39.7%)
(RDMA_READ_CONSUME_CHECK_CONSUMER) timestamp=8265 ms, used_size=16254976 bytes (39.7%)
(RDMA_READ_CONSUME_CHECK_CONSUMER) timestamp=8265 ms, used_size=16252928 bytes (39.7%)
(RDMA_READ_CONSUME_CHECK_CONSUMER) timestamp=8265 ms, used_size=16250880 bytes (39.7%)
(RDMA_READ_CONSUME_CHECK_CONSUMER) timestamp=8265 ms, used_size=16248832 bytes (39.7%)
(RDMA_READ_CONSUME_CHECK_CONSUMER) timestamp=8265 ms, used_size=16246784 bytes (39.7%)
(RDMA_READ_CONSUME_CHECK_CONSUMER) timestamp=8265 ms, used_size=16244736 bytes (39.7%)
(RDMA_READ_CONSUME_CHECK_CONSUMER) timestamp=8265 ms, used_size=16242688 bytes (39.7%)
(RDMA_READ_CONSUME_CHECK_CONSUMER) timestamp=8265 ms, used_size=16240640 bytes (39.6%)
(RDMA_READ_CONSUME_CHECK_CONSUMER) timestamp=8265 ms, used_size=16238592 bytes (39.6%)
(RDMA_READ_CONSUME_CHECK_CONSUMER) timestamp=8265 ms, used_size=16236544 bytes (39.6%)
(RDMA_READ_CONSUME_CHECK_CONSUMER) timestamp=8265 ms, used_size=16234496 bytes (39.6%)
(RDMA_READ_CONSUME_CHECK_CONSUMER) timestamp=8265 ms, used_size=16232448 bytes (39.6%)
(RDMA_READ_CONSUME_CHECK_CONSUMER) timestamp=8265 ms, used_size=16230400 bytes (39.6%)
(RDMA_READ_CONSUME_CHECK_CONSUMER) timestamp=8265 ms, used_size=16228352 bytes (39.6%)
(RDMA_READ_CONSUME_CHECK_CONSUMER) timestamp=8265 ms, used_size=16226304 bytes (39.6%)
(RDMA_READ_CONSUME_CHECK_CONSUMER) timestamp=8265 ms, used_size=16224256 bytes (39.6%)
(RDMA_READ_CONSUME_CHECK_CONSUMER) timestamp=8265 ms, used_size=16222208 bytes (39.6%)
(RDMA_READ_CONSUME_CHECK_CONSUMER) timestamp=8265 ms, used_size=16220160 bytes (39.6%)
(RDMA_READ_CONSUME_CHECK_CONSUMER) timestamp=8265 ms, used_size=16218112 bytes (39.6%)
(RDMA_READ_CONSUME_CHECK_CONSUMER) timestamp=8265 ms, used_size=16216064 bytes (39.6%)
(RDMA_READ_CONSUME_CHECK_CONSUMER) timestamp=8265 ms, used_size=16214016 bytes (39.6%)
(RDMA_READ_CONSUME_CHECK_CONSUMER) timestamp=8265 ms, used_size=16211968 bytes (39.6%)
(RDMA_READ_CONSUME_CHECK_CONSUMER) timestamp=8265 ms, used_size=16209920 bytes (39.6%)
(RDMA_READ_CONSUME_CHECK_CONSUMER) timestamp=8265 ms, used_size=16207872 bytes (39.6%)
(RDMA_READ_CONSUME_CHECK_CONSUMER) timestamp=8265 ms, used_size=16205824 bytes (39.6%)
(RDMA_READ_CONSUME_CHECK_CONSUMER) timestamp=8265 ms, used_size=16203776 bytes (39.6%)
(RDMA_READ_CONSUME_CHECK_CONSUMER) timestamp=8265 ms, used_size=16201728 bytes (39.6%)
(RDMA_READ_CONSUME_CHECK_CONSUMER) timestamp=8265 ms, used_size=16199680 bytes (39.5%)
(RDMA_READ_CONSUME_CHECK_CONSUMER) timestamp=8265 ms, used_size=16197632 bytes (39.5%)
(RDMA_READ_CONSUME_CHECK_CONSUMER) timestamp=8265 ms, used_size=16195584 bytes (39.5%)
(RDMA_READ_CONSUME_CHECK_CONSUMER) timestamp=8265 ms, used_size=16193536 bytes (39.5%)
(RDMA_READ_CONSUME_CHECK_CONSUMER) timestamp=8265 ms, used_size=16191488 bytes (39.5%)
(RDMA_READ_CONSUME_CHECK_CONSUMER) timestamp=8265 ms, used_size=16189440 bytes (39.5%)
(RDMA_READ_CONSUME_CHECK_CONSUMER) timestamp=8265 ms, used_size=16187392 bytes (39.5%)
(RDMA_READ_CONSUME_CHECK_CONSUMER) timestamp=8265 ms, used_size=16185344 bytes (39.5%)
(RDMA_READ_CONSUME_CHECK_CONSUMER) timestamp=8265 ms, used_size=16183296 bytes (39.5%)
(RDMA_READ_CONSUME_CHECK_CONSUMER) timestamp=8265 ms, used_size=16181248 bytes (39.5%)
(RDMA_READ_CONSUME_CHECK_CONSUMER) timestamp=8265 ms, used_size=16179200 bytes (39.5%)
(RDMA_READ_CONSUME_CHECK_CONSUMER) timestamp=8265 ms, used_size=16177152 bytes (39.5%)
(RDMA_READ_CONSUME_CHECK_CONSUMER) timestamp=8265 ms, used_size=16175104 bytes (39.5%)
(RDMA_READ_CONSUME_CHECK_CONSUMER) timestamp=8265 ms, used_size=16173056 bytes (39.5%)
(RDMA_READ_CONSUME_CHECK_CONSUMER) timestamp=8265 ms, used_size=16171008 bytes (39.5%)
(RDMA_READ_CONSUME_CHECK_CONSUMER) timestamp=8265 ms, used_size=16168960 bytes (39.5%)
(RDMA_READ_CONSUME_CHECK_CONSUMER) timestamp=8265 ms, used_size=16166912 bytes (39.5%)
(RDMA_READ_CONSUME_CHECK_CONSUMER) timestamp=8265 ms, used_size=16164864 bytes (39.5%)
(RDMA_READ_CONSUME_CHECK_CONSUMER) timestamp=8265 ms, used_size=16162816 bytes (39.5%)
(RDMA_READ_CONSUME_CHECK_CONSUMER) timestamp=8265 ms, used_size=16160768 bytes (39.5%)
(RDMA_READ_CONSUME_CHECK_CONSUMER) timestamp=8265 ms, used_size=16158720 bytes (39.5%)
(RDMA_READ_CONSUME_CHECK_CONSUMER) timestamp=8265 ms, used_size=16156672 bytes (39.4%)
(RDMA_READ_CONSUME_CHECK_CONSUMER) timestamp=8265 ms, used_size=16154624 bytes (39.4%)
(RDMA_READ_CONSUME_CHECK_CONSUMER) timestamp=8265 ms, used_size=16152576 bytes (39.4%)
(RDMA_READ_CONSUME_CHECK_CONSUMER) timestamp=8265 ms, used_size=16150528 bytes (39.4%)
(RDMA_READ_CONSUME_CHECK_CONSUMER) timestamp=8265 ms, used_size=16148480 bytes (39.4%)
(RDMA_READ_CONSUME_CHECK_CONSUMER) timestamp=8265 ms, used_size=16146432 bytes (39.4%)
(RDMA_READ_CONSUME_CHECK_CONSUMER) timestamp=8265 ms, used_size=16144384 bytes (39.4%)
(RDMA_READ_CONSUME_CHECK_CONSUMER) timestamp=8265 ms, used_size=16142336 bytes (39.4%)
(RDMA_READ_CONSUME_CHECK_CONSUMER) timestamp=8265 ms, used_size=16140288 bytes (39.4%)
(RDMA_READ_CONSUME_CHECK_CONSUMER) timestamp=8265 ms, used_size=16138240 bytes (39.4%)
(RDMA_READ_CONSUME_CHECK_CONSUMER) timestamp=8265 ms, used_size=16136192 bytes (39.4%)
(RDMA_READ_CONSUME_CHECK_CONSUMER) timestamp=8265 ms, used_size=16134144 bytes (39.4%)
(RDMA_READ_CONSUME_CHECK_CONSUMER) timestamp=8265 ms, used_size=16132096 bytes (39.4%)
(RDMA_READ_CONSUME_CHECK_CONSUMER) timestamp=8265 ms, used_size=16130048 bytes (39.4%)
(RDMA_READ_CONSUME_CHECK_CONSUMER) timestamp=8265 ms, used_size=16128000 bytes (39.4%)
(RDMA_READ_CONSUME_CHECK_CONSUMER) timestamp=8265 ms, used_size=16125952 bytes (39.4%)
(RDMA_READ_CONSUME_CHECK_CONSUMER) timestamp=8265 ms, used_size=16123904 bytes (39.4%)
(RDMA_READ_CONSUME_CHECK_CONSUMER) timestamp=8265 ms, used_size=16121856 bytes (39.4%)
(RDMA_READ_CONSUME_CHECK_CONSUMER) timestamp=8265 ms, used_size=16119808 bytes (39.4%)
(RDMA_READ_CONSUME_CHECK_CONSUMER) timestamp=8265 ms, used_size=16117760 bytes (39.4%)
(RDMA_READ_CONSUME_CHECK_CONSUMER) timestamp=8265 ms, used_size=16115712 bytes (39.3%)
(RDMA_READ_CONSUME_CHECK_CONSUMER) timestamp=8265 ms, used_size=16113664 bytes (39.3%)
(RDMA_READ_CONSUME_CHECK_CONSUMER) timestamp=8265 ms, used_size=16111616 bytes (39.3%)
(RDMA_READ_CONSUME_CHECK_CONSUMER) timestamp=8265 ms, used_size=16109568 bytes (39.3%)
(RDMA_READ_CONSUME_CHECK_CONSUMER) timestamp=8265 ms, used_size=16107520 bytes (39.3%)
(RDMA_READ_CONSUME_CHECK_CONSUMER) timestamp=8265 ms, used_size=16105472 bytes (39.3%)
(RDMA_READ_CONSUME_CHECK_CONSUMER) timestamp=8265 ms, used_size=16103424 bytes (39.3%)
(RDMA_READ_CONSUME_CHECK_CONSUMER) timestamp=8265 ms, used_size=16101376 bytes (39.3%)
(RDMA_READ_CONSUME_CHECK_CONSUMER) timestamp=8265 ms, used_size=16099328 bytes (39.3%)
(RDMA_READ_CONSUME_CHECK_CONSUMER) timestamp=8265 ms, used_size=16097280 bytes (39.3%)
(RDMA_READ_CONSUME_CHECK_CONSUMER) timestamp=8265 ms, used_size=16095232 bytes (39.3%)
(RDMA_READ_CONSUME_CHECK_CONSUMER) timestamp=8265 ms, used_size=16093184 bytes (39.3%)
(RDMA_READ_CONSUME_CHECK_CONSUMER) timestamp=8265 ms, used_size=16091136 bytes (39.3%)
(RDMA_READ_CONSUME_CHECK_CONSUMER) timestamp=8265 ms, used_size=16089088 bytes (39.3%)
(RDMA_READ_CONSUME_CHECK_CONSUMER) timestamp=8265 ms, used_size=16087040 bytes (39.3%)
(RDMA_READ_CONSUME_CHECK_CONSUMER) timestamp=8265 ms, used_size=16084992 bytes (39.3%)
(RDMA_READ_CONSUME_CHECK_CONSUMER) timestamp=8265 ms, used_size=16082944 bytes (39.3%)
(RDMA_READ_CONSUME_CHECK_CONSUMER) timestamp=8265 ms, used_size=16080896 bytes (39.3%)
(RDMA_READ_CONSUME_CHECK_CONSUMER) timestamp=8265 ms, used_size=16078848 bytes (39.3%)
(RDMA_READ_CONSUME_CHECK_CONSUMER) timestamp=8265 ms, used_size=16076800 bytes (39.2%)
(RDMA_READ_CONSUME_CHECK_CONSUMER) timestamp=8265 ms, used_size=16074752 bytes (39.2%)
(RDMA_READ_CONSUME_CHECK_CONSUMER) timestamp=8265 ms, used_size=16072704 bytes (39.2%)
(RDMA_READ_CONSUME_CHECK_CONSUMER) timestamp=8265 ms, used_size=16070656 bytes (39.2%)
(RDMA_READ_CONSUME_CHECK_CONSUMER) timestamp=8265 ms, used_size=16068608 bytes (39.2%)
(RDMA_READ_CONSUME_CHECK_CONSUMER) timestamp=8265 ms, used_size=16066560 bytes (39.2%)
(RDMA_READ_CONSUME_CHECK_CONSUMER) timestamp=8265 ms, used_size=16064512 bytes (39.2%)
(RDMA_READ_CONSUME_CHECK_CONSUMER) timestamp=8265 ms, used_size=16062464 bytes (39.2%)
(RDMA_READ_CONSUME_CHECK_CONSUMER) timestamp=8265 ms, used_size=16060416 bytes (39.2%)
(RDMA_READ_CONSUME_CHECK_CONSUMER) timestamp=8265 ms, used_size=16058368 bytes (39.2%)
(RDMA_READ_CONSUME_CHECK_CONSUMER) timestamp=8265 ms, used_size=16056320 bytes (39.2%)
(RDMA_READ_CONSUME_CHECK_CONSUMER) timestamp=8265 ms, used_size=16054272 bytes (39.2%)
(RDMA_READ_CONSUME_CHECK_CONSUMER) timestamp=8265 ms, used_size=16052224 bytes (39.2%)
(RDMA_READ_CONSUME_CHECK_CONSUMER) timestamp=8265 ms, used_size=16050176 bytes (39.2%)
(RDMA_READ_CONSUME_CHECK_CONSUMER) timestamp=8265 ms, used_size=16048128 bytes (39.2%)
(RDMA_READ_CONSUME_CHECK_CONSUMER) timestamp=8265 ms, used_size=16046080 bytes (39.2%)
(RDMA_READ_CONSUME_CHECK_CONSUMER) timestamp=8265 ms, used_size=16044032 bytes (39.2%)
(RDMA_READ_CONSUME_CHECK_CONSUMER) timestamp=8265 ms, used_size=16041984 bytes (39.2%)
(RDMA_READ_CONSUME_CHECK_CONSUMER) timestamp=8265 ms, used_size=16039936 bytes (39.2%)
(RDMA_READ_CONSUME_CHECK_CONSUMER) timestamp=8265 ms, used_size=16037888 bytes (39.2%)
(RDMA_READ_CONSUME_CHECK_CONSUMER) timestamp=8265 ms, used_size=16035840 bytes (39.1%)
(RDMA_READ_CONSUME_CHECK_CONSUMER) timestamp=8265 ms, used_size=16033792 bytes (39.1%)
(RDMA_READ_CONSUME_CHECK_CONSUMER) timestamp=8265 ms, used_size=16031744 bytes (39.1%)
(RDMA_READ_CONSUME_CHECK_CONSUMER) timestamp=8265 ms, used_size=16029696 bytes (39.1%)
(RDMA_READ_CONSUME_CHECK_CONSUMER) timestamp=8265 ms, used_size=16027648 bytes (39.1%)
(RDMA_READ_CONSUME_CHECK_CONSUMER) timestamp=8265 ms, used_size=16025600 bytes (39.1%)
(RDMA_READ_CONSUME_CHECK_CONSUMER) timestamp=8265 ms, used_size=16023552 bytes (39.1%)
(RDMA_READ_CONSUME_CHECK_CONSUMER) timestamp=8265 ms, used_size=16021504 bytes (39.1%)
(RDMA_READ_CONSUME_CHECK_CONSUMER) timestamp=8265 ms, used_size=16019456 bytes (39.1%)
(RDMA_READ_CONSUME_CHECK_CONSUMER) timestamp=8265 ms, used_size=16017408 bytes (39.1%)
(RDMA_READ_CONSUME_CHECK_CONSUMER) timestamp=8265 ms, used_size=16015360 bytes (39.1%)
(RDMA_READ_CONSUME_CHECK_CONSUMER) timestamp=8265 ms, used_size=16013312 bytes (39.1%)
(RDMA_READ_CONSUME_CHECK_CONSUMER) timestamp=8265 ms, used_size=16011264 bytes (39.1%)
(RDMA_READ_CONSUME_CHECK_CONSUMER) timestamp=8265 ms, used_size=16009216 bytes (39.1%)
(RDMA_READ_CONSUME_CHECK_CONSUMER) timestamp=8265 ms, used_size=16007168 bytes (39.1%)
(RDMA_READ_CONSUME_CHECK_CONSUMER) timestamp=8265 ms, used_size=16005120 bytes (39.1%)
(RDMA_READ_CONSUME_CHECK_CONSUMER) timestamp=8265 ms, used_size=16003072 bytes (39.1%)
(RDMA_READ_CONSUME_CHECK_CONSUMER) timestamp=8265 ms, used_size=16001024 bytes (39.1%)
(RDMA_READ_CONSUME_CHECK_CONSUMER) timestamp=8265 ms, used_size=15998976 bytes (39.1%)
(RDMA_READ_CONSUME_CHECK_CONSUMER) timestamp=8265 ms, used_size=15996928 bytes (39.1%)
(RDMA_READ_CONSUME_CHECK_CONSUMER) timestamp=8265 ms, used_size=15994880 bytes (39.0%)
(RDMA_READ_CONSUME_CHECK_CONSUMER) timestamp=8266 ms, used_size=15992832 bytes (39.0%)
(RDMA_READ_CONSUME_CHECK_CONSUMER) timestamp=8266 ms, used_size=15990784 bytes (39.0%)
(RDMA_READ_CONSUME_CHECK_CONSUMER) timestamp=8266 ms, used_size=15988736 bytes (39.0%)
(RDMA_READ_CONSUME_CHECK_CONSUMER) timestamp=8266 ms, used_size=15986688 bytes (39.0%)
(RDMA_READ_CONSUME_CHECK_CONSUMER) timestamp=8266 ms, used_size=15984640 bytes (39.0%)
(RDMA_READ_CONSUME_CHECK_CONSUMER) timestamp=8266 ms, used_size=15982592 bytes (39.0%)
(RDMA_READ_CONSUME_CHECK_CONSUMER) timestamp=8266 ms, used_size=15980544 bytes (39.0%)
(RDMA_READ_CONSUME_CHECK_CONSUMER) timestamp=8266 ms, used_size=15978496 bytes (39.0%)
(RDMA_READ_CONSUME_CHECK_CONSUMER) timestamp=8266 ms, used_size=15976448 bytes (39.0%)
(RDMA_READ_CONSUME_CHECK_CONSUMER) timestamp=8266 ms, used_size=15974400 bytes (39.0%)
(RDMA_READ_CONSUME_CHECK_CONSUMER) timestamp=8266 ms, used_size=15972352 bytes (39.0%)
(RDMA_READ_CONSUME_CHECK_CONSUMER) timestamp=8266 ms, used_size=15970304 bytes (39.0%)
(RDMA_READ_CONSUME_CHECK_CONSUMER) timestamp=8266 ms, used_size=15968256 bytes (39.0%)
(RDMA_READ_CONSUME_CHECK_CONSUMER) timestamp=8266 ms, used_size=15966208 bytes (39.0%)
(RDMA_READ_CONSUME_CHECK_CONSUMER) timestamp=8266 ms, used_size=15964160 bytes (39.0%)
(RDMA_READ_CONSUME_CHECK_CONSUMER) timestamp=8266 ms, used_size=15962112 bytes (39.0%)
(RDMA_READ_CONSUME_CHECK_CONSUMER) timestamp=8266 ms, used_size=15960064 bytes (39.0%)
(RDMA_READ_CONSUME_CHECK_CONSUMER) timestamp=8266 ms, used_size=15958016 bytes (39.0%)
(RDMA_READ_CONSUME_CHECK_CONSUMER) timestamp=8266 ms, used_size=15955968 bytes (39.0%)
(RDMA_READ_CONSUME_CHECK_CONSUMER) timestamp=8266 ms, used_size=15953920 bytes (39.0%)
(RDMA_READ_CONSUME_CHECK_CONSUMER) timestamp=8266 ms, used_size=15951872 bytes (38.9%)
(RDMA_READ_CONSUME_CHECK_CONSUMER) timestamp=8266 ms, used_size=15949824 bytes (38.9%)
(RDMA_READ_CONSUME_CHECK_CONSUMER) timestamp=8266 ms, used_size=15947776 bytes (38.9%)
(RDMA_READ_CONSUME_CHECK_CONSUMER) timestamp=8266 ms, used_size=15945728 bytes (38.9%)
(RDMA_READ_CONSUME_CHECK_CONSUMER) timestamp=8266 ms, used_size=15943680 bytes (38.9%)
(RDMA_READ_CONSUME_CHECK_CONSUMER) timestamp=8266 ms, used_size=15941632 bytes (38.9%)
(RDMA_READ_CONSUME_CHECK_CONSUMER) timestamp=8266 ms, used_size=15939584 bytes (38.9%)
(RDMA_READ_CONSUME_CHECK_CONSUMER) timestamp=8266 ms, used_size=15937536 bytes (38.9%)
(RDMA_READ_CONSUME_CHECK_CONSUMER) timestamp=8266 ms, used_size=15935488 bytes (38.9%)
(RDMA_READ_CONSUME_CHECK_CONSUMER) timestamp=8266 ms, used_size=15933440 bytes (38.9%)
(RDMA_READ_CONSUME_CHECK_CONSUMER) timestamp=8266 ms, used_size=15931392 bytes (38.9%)
(RDMA_READ_CONSUME_CHECK_CONSUMER) timestamp=8266 ms, used_size=15929344 bytes (38.9%)
(RDMA_READ_CONSUME_CHECK_CONSUMER) timestamp=8266 ms, used_size=15927296 bytes (38.9%)
(RDMA_READ_CONSUME_CHECK_CONSUMER) timestamp=8266 ms, used_size=15925248 bytes (38.9%)
(RDMA_READ_CONSUME_CHECK_CONSUMER) timestamp=8266 ms, used_size=15923200 bytes (38.9%)
(RDMA_READ_CONSUME_CHECK_CONSUMER) timestamp=8266 ms, used_size=15921152 bytes (38.9%)
(RDMA_READ_CONSUME_CHECK_CONSUMER) timestamp=8266 ms, used_size=15919104 bytes (38.9%)
(RDMA_READ_CONSUME_CHECK_CONSUMER) timestamp=8266 ms, used_size=15917056 bytes (38.9%)
(RDMA_READ_CONSUME_CHECK_CONSUMER) timestamp=8266 ms, used_size=15915008 bytes (38.9%)
(RDMA_READ_CONSUME_CHECK_CONSUMER) timestamp=8266 ms, used_size=15912960 bytes (38.9%)
(RDMA_READ_CONSUME_CHECK_CONSUMER) timestamp=8266 ms, used_size=15910912 bytes (38.8%)
(RDMA_READ_CONSUME_CHECK_CONSUMER) timestamp=8266 ms, used_size=15908864 bytes (38.8%)
(RDMA_READ_CONSUME_CHECK_CONSUMER) timestamp=8266 ms, used_size=15906816 bytes (38.8%)
(RDMA_READ_CONSUME_CHECK_CONSUMER) timestamp=8266 ms, used_size=15904768 bytes (38.8%)
(RDMA_READ_CONSUME_CHECK_CONSUMER) timestamp=8266 ms, used_size=15902720 bytes (38.8%)
(RDMA_READ_CONSUME_CHECK_CONSUMER) timestamp=8266 ms, used_size=15900672 bytes (38.8%)
(RDMA_READ_CONSUME_CHECK_CONSUMER) timestamp=8266 ms, used_size=15898624 bytes (38.8%)
(RDMA_READ_CONSUME_CHECK_CONSUMER) timestamp=8266 ms, used_size=15896576 bytes (38.8%)
(RDMA_READ_CONSUME_CHECK_CONSUMER) timestamp=8266 ms, used_size=15894528 bytes (38.8%)
(RDMA_READ_CONSUME_CHECK_CONSUMER) timestamp=8266 ms, used_size=15892480 bytes (38.8%)
(RDMA_READ_CONSUME_CHECK_CONSUMER) timestamp=8266 ms, used_size=15890432 bytes (38.8%)
(RDMA_READ_CONSUME_CHECK_CONSUMER) timestamp=8266 ms, used_size=15888384 bytes (38.8%)
(RDMA_READ_CONSUME_CHECK_CONSUMER) timestamp=8266 ms, used_size=15886336 bytes (38.8%)
(RDMA_READ_CONSUME_CHECK_CONSUMER) timestamp=8266 ms, used_size=15884288 bytes (38.8%)
(RDMA_READ_CONSUME_CHECK_CONSUMER) timestamp=8266 ms, used_size=15882240 bytes (38.8%)
(RDMA_READ_CONSUME_CHECK_CONSUMER) timestamp=8266 ms, used_size=15880192 bytes (38.8%)
(RDMA_READ_CONSUME_CHECK_CONSUMER) timestamp=8266 ms, used_size=15878144 bytes (38.8%)
(RDMA_READ_CONSUME_CHECK_CONSUMER) timestamp=8266 ms, used_size=15876096 bytes (38.8%)
(RDMA_READ_CONSUME_CHECK_CONSUMER) timestamp=8266 ms, used_size=15874048 bytes (38.8%)
(RDMA_READ_CONSUME_CHECK_CONSUMER) timestamp=8266 ms, used_size=15872000 bytes (38.8%)
(RDMA_READ_CONSUME_CHECK_CONSUMER) timestamp=8266 ms, used_size=15869952 bytes (38.7%)
(RDMA_READ_CONSUME_CHECK_CONSUMER) timestamp=8266 ms, used_size=15867904 bytes (38.7%)
(RDMA_READ_CONSUME_CHECK_CONSUMER) timestamp=8266 ms, used_size=15865856 bytes (38.7%)
(RDMA_READ_CONSUME_CHECK_CONSUMER) timestamp=8266 ms, used_size=15863808 bytes (38.7%)
(RDMA_READ_CONSUME_CHECK_CONSUMER) timestamp=8266 ms, used_size=15861760 bytes (38.7%)
(RDMA_READ_CONSUME_CHECK_CONSUMER) timestamp=8266 ms, used_size=15859712 bytes (38.7%)
(RDMA_READ_CONSUME_CHECK_CONSUMER) timestamp=8266 ms, used_size=15857664 bytes (38.7%)
(RDMA_READ_CONSUME_CHECK_CONSUMER) timestamp=8266 ms, used_size=15855616 bytes (38.7%)
(RDMA_READ_CONSUME_CHECK_CONSUMER) timestamp=8266 ms, used_size=15853568 bytes (38.7%)
(RDMA_READ_CONSUME_CHECK_CONSUMER) timestamp=8266 ms, used_size=15851520 bytes (38.7%)
(RDMA_READ_CONSUME_CHECK_CONSUMER) timestamp=8266 ms, used_size=15849472 bytes (38.7%)
(RDMA_READ_CONSUME_CHECK_CONSUMER) timestamp=8266 ms, used_size=15847424 bytes (38.7%)
(RDMA_READ_CONSUME_CHECK_CONSUMER) timestamp=8266 ms, used_size=15845376 bytes (38.7%)
(RDMA_READ_CONSUME_CHECK_CONSUMER) timestamp=8266 ms, used_size=15843328 bytes (38.7%)
(RDMA_READ_CONSUME_CHECK_CONSUMER) timestamp=8266 ms, used_size=15841280 bytes (38.7%)
(RDMA_READ_CONSUME_CHECK_CONSUMER) timestamp=8266 ms, used_size=15839232 bytes (38.7%)
(RDMA_READ_CONSUME_CHECK_CONSUMER) timestamp=8266 ms, used_size=15837184 bytes (38.7%)
(RDMA_READ_CONSUME_CHECK_CONSUMER) timestamp=8266 ms, used_size=15835136 bytes (38.7%)
(RDMA_READ_CONSUME_CHECK_CONSUMER) timestamp=8266 ms, used_size=15833088 bytes (38.7%)
(RDMA_READ_CONSUME_CHECK_CONSUMER) timestamp=8266 ms, used_size=15831040 bytes (38.6%)
(RDMA_READ_CONSUME_CHECK_CONSUMER) timestamp=8266 ms, used_size=15828992 bytes (38.6%)
(RDMA_READ_CONSUME_CHECK_CONSUMER) timestamp=8266 ms, used_size=15826944 bytes (38.6%)
(RDMA_READ_CONSUME_CHECK_CONSUMER) timestamp=8266 ms, used_size=15824896 bytes (38.6%)
(RDMA_READ_CONSUME_CHECK_CONSUMER) timestamp=8266 ms, used_size=15822848 bytes (38.6%)
(RDMA_READ_CONSUME_CHECK_CONSUMER) timestamp=8266 ms, used_size=15820800 bytes (38.6%)
(RDMA_READ_CONSUME_CHECK_CONSUMER) timestamp=8266 ms, used_size=15818752 bytes (38.6%)
(RDMA_READ_CONSUME_CHECK_CONSUMER) timestamp=8266 ms, used_size=15816704 bytes (38.6%)
(RDMA_READ_CONSUME_CHECK_CONSUMER) timestamp=8266 ms, used_size=15814656 bytes (38.6%)
(RDMA_READ_CONSUME_CHECK_CONSUMER) timestamp=8266 ms, used_size=15812608 bytes (38.6%)
(RDMA_READ_CONSUME_CHECK_CONSUMER) timestamp=8266 ms, used_size=15810560 bytes (38.6%)
(RDMA_READ_CONSUME_CHECK_CONSUMER) timestamp=8266 ms, used_size=15808512 bytes (38.6%)
(RDMA_READ_CONSUME_CHECK_CONSUMER) timestamp=8266 ms, used_size=15806464 bytes (38.6%)
(RDMA_READ_CONSUME_CHECK_CONSUMER) timestamp=8266 ms, used_size=15804416 bytes (38.6%)
(RDMA_READ_CONSUME_CHECK_CONSUMER) timestamp=8266 ms, used_size=15802368 bytes (38.6%)
(RDMA_READ_CONSUME_CHECK_CONSUMER) timestamp=8266 ms, used_size=15800320 bytes (38.6%)
(RDMA_READ_CONSUME_CHECK_CONSUMER) timestamp=8266 ms, used_size=15798272 bytes (38.6%)
(RDMA_READ_CONSUME_CHECK_CONSUMER) timestamp=8266 ms, used_size=15796224 bytes (38.6%)
(RDMA_READ_CONSUME_CHECK_CONSUMER) timestamp=8266 ms, used_size=15794176 bytes (38.6%)
(RDMA_READ_CONSUME_CHECK_CONSUMER) timestamp=8266 ms, used_size=15792128 bytes (38.6%)
(RDMA_READ_CONSUME_CHECK_CONSUMER) timestamp=8266 ms, used_size=15790080 bytes (38.5%)
(RDMA_READ_CONSUME_CHECK_CONSUMER) timestamp=8266 ms, used_size=15788032 bytes (38.5%)
(RDMA_READ_CONSUME_CHECK_CONSUMER) timestamp=8266 ms, used_size=15785984 bytes (38.5%)
(RDMA_READ_CONSUME_CHECK_CONSUMER) timestamp=8266 ms, used_size=15783936 bytes (38.5%)
(RDMA_READ_CONSUME_CHECK_CONSUMER) timestamp=8266 ms, used_size=15781888 bytes (38.5%)
(RDMA_READ_CONSUME_CHECK_CONSUMER) timestamp=8266 ms, used_size=15779840 bytes (38.5%)
(RDMA_READ_CONSUME_CHECK_CONSUMER) timestamp=8266 ms, used_size=15777792 bytes (38.5%)
(RDMA_READ_CONSUME_CHECK_CONSUMER) timestamp=8266 ms, used_size=15775744 bytes (38.5%)
(RDMA_READ_CONSUME_CHECK_CONSUMER) timestamp=8266 ms, used_size=15773696 bytes (38.5%)
(RDMA_READ_CONSUME_CHECK_CONSUMER) timestamp=8266 ms, used_size=15771648 bytes (38.5%)
(RDMA_READ_CONSUME_CHECK_CONSUMER) timestamp=8266 ms, used_size=15769600 bytes (38.5%)
(RDMA_READ_CONSUME_CHECK_CONSUMER) timestamp=8266 ms, used_size=15767552 bytes (38.5%)
(RDMA_READ_CONSUME_CHECK_CONSUMER) timestamp=8266 ms, used_size=15765504 bytes (38.5%)
(RDMA_READ_CONSUME_CHECK_CONSUMER) timestamp=8266 ms, used_size=15763456 bytes (38.5%)
(RDMA_READ_CONSUME_CHECK_CONSUMER) timestamp=8266 ms, used_size=15761408 bytes (38.5%)
(RDMA_READ_CONSUME_CHECK_CONSUMER) timestamp=8266 ms, used_size=15759360 bytes (38.5%)
(RDMA_READ_CONSUME_CHECK_CONSUMER) timestamp=8266 ms, used_size=15757312 bytes (38.5%)
(RDMA_READ_CONSUME_CHECK_CONSUMER) timestamp=8266 ms, used_size=15755264 bytes (38.5%)
(RDMA_READ_CONSUME_CHECK_CONSUMER) timestamp=8266 ms, used_size=15753216 bytes (38.5%)
(RDMA_READ_CONSUME_CHECK_CONSUMER) timestamp=8266 ms, used_size=15751168 bytes (38.5%)
(RDMA_READ_CONSUME_CHECK_CONSUMER) timestamp=8266 ms, used_size=15749120 bytes (38.5%)
(RDMA_READ_CONSUME_CHECK_CONSUMER) timestamp=8266 ms, used_size=15747072 bytes (38.4%)
(RDMA_READ_CONSUME_CHECK_CONSUMER) timestamp=8266 ms, used_size=15745024 bytes (38.4%)
(RDMA_READ_CONSUME_CHECK_CONSUMER) timestamp=8266 ms, used_size=15742976 bytes (38.4%)
(RDMA_READ_CONSUME_CHECK_CONSUMER) timestamp=8266 ms, used_size=15740928 bytes (38.4%)
(RDMA_READ_CONSUME_CHECK_CONSUMER) timestamp=8266 ms, used_size=15738880 bytes (38.4%)
(RDMA_READ_CONSUME_CHECK_CONSUMER) timestamp=8266 ms, used_size=15736832 bytes (38.4%)
(RDMA_READ_CONSUME_CHECK_CONSUMER) timestamp=8266 ms, used_size=15734784 bytes (38.4%)
(RDMA_READ_CONSUME_CHECK_CONSUMER) timestamp=8266 ms, used_size=15732736 bytes (38.4%)
(RDMA_READ_CONSUME_CHECK_CONSUMER) timestamp=8266 ms, used_size=15730688 bytes (38.4%)
(RDMA_READ_CONSUME_CHECK_CONSUMER) timestamp=8266 ms, used_size=15728640 bytes (38.4%)
(RDMA_READ_CONSUME_CHECK_CONSUMER) timestamp=8266 ms, used_size=15726592 bytes (38.4%)
(RDMA_READ_CONSUME_CHECK_CONSUMER) timestamp=8266 ms, used_size=15724544 bytes (38.4%)
(RDMA_READ_CONSUME_CHECK_CONSUMER) timestamp=8266 ms, used_size=15722496 bytes (38.4%)
(RDMA_READ_CONSUME_CHECK_CONSUMER) timestamp=8266 ms, used_size=15720448 bytes (38.4%)
(RDMA_READ_CONSUME_CHECK_CONSUMER) timestamp=8266 ms, used_size=15718400 bytes (38.4%)
(RDMA_READ_CONSUME_CHECK_CONSUMER) timestamp=8266 ms, used_size=15716352 bytes (38.4%)
(RDMA_READ_CONSUME_CHECK_CONSUMER) timestamp=8266 ms, used_size=15714304 bytes (38.4%)
(RDMA_READ_CONSUME_CHECK_CONSUMER) timestamp=8266 ms, used_size=15712256 bytes (38.4%)
(RDMA_READ_CONSUME_CHECK_CONSUMER) timestamp=8266 ms, used_size=15710208 bytes (38.4%)
(RDMA_READ_CONSUME_CHECK_CONSUMER) timestamp=8266 ms, used_size=15708160 bytes (38.4%)
(RDMA_READ_CONSUME_CHECK_CONSUMER) timestamp=8266 ms, used_size=15706112 bytes (38.3%)
(RDMA_READ_CONSUME_CHECK_CONSUMER) timestamp=8266 ms, used_size=15704064 bytes (38.3%)
(RDMA_READ_CONSUME_CHECK_CONSUMER) timestamp=8266 ms, used_size=15702016 bytes (38.3%)
(RDMA_READ_CONSUME_CHECK_CONSUMER) timestamp=8266 ms, used_size=15699968 bytes (38.3%)
(RDMA_READ_CONSUME_CHECK_CONSUMER) timestamp=8266 ms, used_size=15697920 bytes (38.3%)
(RDMA_READ_CONSUME_CHECK_CONSUMER) timestamp=8266 ms, used_size=15695872 bytes (38.3%)
(RDMA_READ_CONSUME_CHECK_CONSUMER) timestamp=8266 ms, used_size=15693824 bytes (38.3%)
(RDMA_READ_CONSUME_CHECK_CONSUMER) timestamp=8266 ms, used_size=15691776 bytes (38.3%)
(RDMA_READ_CONSUME_CHECK_CONSUMER) timestamp=8266 ms, used_size=15689728 bytes (38.3%)
(RDMA_READ_CONSUME_CHECK_CONSUMER) timestamp=8266 ms, used_size=15687680 bytes (38.3%)
(RDMA_READ_CONSUME_CHECK_CONSUMER) timestamp=8266 ms, used_size=15685632 bytes (38.3%)
(RDMA_READ_CONSUME_CHECK_CONSUMER) timestamp=8266 ms, used_size=15683584 bytes (38.3%)
(RDMA_READ_CONSUME_CHECK_CONSUMER) timestamp=8266 ms, used_size=15681536 bytes (38.3%)
(RDMA_READ_CONSUME_CHECK_CONSUMER) timestamp=8266 ms, used_size=15679488 bytes (38.3%)
(RDMA_READ_CONSUME_CHECK_CONSUMER) timestamp=8266 ms, used_size=15677440 bytes (38.3%)
(RDMA_READ_CONSUME_CHECK_CONSUMER) timestamp=8266 ms, used_size=15675392 bytes (38.3%)
(RDMA_READ_CONSUME_CHECK_CONSUMER) timestamp=8266 ms, used_size=15673344 bytes (38.3%)
(RDMA_READ_CONSUME_CHECK_CONSUMER) timestamp=8266 ms, used_size=15671296 bytes (38.3%)
(RDMA_READ_CONSUME_CHECK_CONSUMER) timestamp=8266 ms, used_size=15669248 bytes (38.3%)
(RDMA_READ_CONSUME_CHECK_CONSUMER) timestamp=8266 ms, used_size=15667200 bytes (38.2%)
(RDMA_READ_CONSUME_CHECK_CONSUMER) timestamp=8266 ms, used_size=15665152 bytes (38.2%)
(RDMA_READ_CONSUME_CHECK_CONSUMER) timestamp=8266 ms, used_size=15663104 bytes (38.2%)
(RDMA_READ_CONSUME_CHECK_CONSUMER) timestamp=8266 ms, used_size=15661056 bytes (38.2%)
(RDMA_READ_CONSUME_CHECK_CONSUMER) timestamp=8266 ms, used_size=15659008 bytes (38.2%)
(RDMA_READ_CONSUME_CHECK_CONSUMER) timestamp=8266 ms, used_size=15656960 bytes (38.2%)
(RDMA_READ_CONSUME_CHECK_CONSUMER) timestamp=8266 ms, used_size=15654912 bytes (38.2%)
(RDMA_READ_CONSUME_CHECK_CONSUMER) timestamp=8266 ms, used_size=15652864 bytes (38.2%)
(RDMA_READ_CONSUME_CHECK_CONSUMER) timestamp=8266 ms, used_size=15650816 bytes (38.2%)
(RDMA_READ_CONSUME_CHECK_CONSUMER) timestamp=8266 ms, used_size=15648768 bytes (38.2%)
(RDMA_READ_CONSUME_CHECK_CONSUMER) timestamp=8266 ms, used_size=15646720 bytes (38.2%)
(RDMA_READ_CONSUME_CHECK_CONSUMER) timestamp=8266 ms, used_size=15644672 bytes (38.2%)
(RDMA_READ_CONSUME_CHECK_CONSUMER) timestamp=8266 ms, used_size=15642624 bytes (38.2%)
(RDMA_READ_CONSUME_CHECK_CONSUMER) timestamp=8266 ms, used_size=15640576 bytes (38.2%)
(RDMA_READ_CONSUME_CHECK_CONSUMER) timestamp=8266 ms, used_size=15638528 bytes (38.2%)
(RDMA_READ_CONSUME_CHECK_CONSUMER) timestamp=8266 ms, used_size=15636480 bytes (38.2%)
(RDMA_READ_CONSUME_CHECK_CONSUMER) timestamp=8266 ms, used_size=15634432 bytes (38.2%)
(RDMA_READ_CONSUME_CHECK_CONSUMER) timestamp=8266 ms, used_size=15632384 bytes (38.2%)
(RDMA_READ_CONSUME_CHECK_CONSUMER) timestamp=8266 ms, used_size=15630336 bytes (38.2%)
(RDMA_READ_CONSUME_CHECK_CONSUMER) timestamp=8266 ms, used_size=15628288 bytes (38.2%)
(RDMA_READ_CONSUME_CHECK_CONSUMER) timestamp=8266 ms, used_size=15626240 bytes (38.1%)
(RDMA_READ_CONSUME_CHECK_CONSUMER) timestamp=8267 ms, used_size=15624192 bytes (38.1%)
(RDMA_READ_CONSUME_CHECK_CONSUMER) timestamp=8267 ms, used_size=15622144 bytes (38.1%)
(RDMA_READ_CONSUME_CHECK_CONSUMER) timestamp=8267 ms, used_size=15620096 bytes (38.1%)
(RDMA_READ_CONSUME_CHECK_CONSUMER) timestamp=8267 ms, used_size=15618048 bytes (38.1%)
(RDMA_READ_CONSUME_CHECK_CONSUMER) timestamp=8267 ms, used_size=15616000 bytes (38.1%)
(RDMA_READ_CONSUME_CHECK_CONSUMER) timestamp=8267 ms, used_size=15613952 bytes (38.1%)
(RDMA_READ_CONSUME_CHECK_CONSUMER) timestamp=8267 ms, used_size=15611904 bytes (38.1%)
(RDMA_READ_CONSUME_CHECK_CONSUMER) timestamp=8267 ms, used_size=15609856 bytes (38.1%)
(RDMA_READ_CONSUME_CHECK_CONSUMER) timestamp=8267 ms, used_size=15607808 bytes (38.1%)
(RDMA_READ_CONSUME_CHECK_CONSUMER) timestamp=8267 ms, used_size=15605760 bytes (38.1%)
(RDMA_READ_CONSUME_CHECK_CONSUMER) timestamp=8267 ms, used_size=15603712 bytes (38.1%)
(RDMA_READ_CONSUME_CHECK_CONSUMER) timestamp=8267 ms, used_size=15601664 bytes (38.1%)
(RDMA_READ_CONSUME_CHECK_CONSUMER) timestamp=8267 ms, used_size=15599616 bytes (38.1%)
(RDMA_READ_CONSUME_CHECK_CONSUMER) timestamp=8267 ms, used_size=15597568 bytes (38.1%)
(RDMA_READ_CONSUME_CHECK_CONSUMER) timestamp=8267 ms, used_size=15595520 bytes (38.1%)
(RDMA_READ_CONSUME_CHECK_CONSUMER) timestamp=8267 ms, used_size=15593472 bytes (38.1%)
(RDMA_READ_CONSUME_CHECK_CONSUMER) timestamp=8267 ms, used_size=15591424 bytes (38.1%)
(RDMA_READ_CONSUME_CHECK_CONSUMER) timestamp=8267 ms, used_size=15589376 bytes (38.1%)
(RDMA_READ_CONSUME_CHECK_CONSUMER) timestamp=8267 ms, used_size=15587328 bytes (38.1%)
(RDMA_READ_CONSUME_CHECK_CONSUMER) timestamp=8267 ms, used_size=15585280 bytes (38.0%)
(RDMA_READ_CONSUME_CHECK_CONSUMER) timestamp=8267 ms, used_size=15583232 bytes (38.0%)
(RDMA_READ_CONSUME_CHECK_CONSUMER) timestamp=8267 ms, used_size=15581184 bytes (38.0%)
(RDMA_READ_CONSUME_CHECK_CONSUMER) timestamp=8267 ms, used_size=15579136 bytes (38.0%)
(RDMA_READ_CONSUME_CHECK_CONSUMER) timestamp=8267 ms, used_size=15577088 bytes (38.0%)
(RDMA_READ_CONSUME_CHECK_CONSUMER) timestamp=8267 ms, used_size=15575040 bytes (38.0%)
(RDMA_READ_CONSUME_CHECK_CONSUMER) timestamp=8267 ms, used_size=15572992 bytes (38.0%)
(RDMA_READ_CONSUME_CHECK_CONSUMER) timestamp=8267 ms, used_size=15570944 bytes (38.0%)
(RDMA_READ_CONSUME_CHECK_CONSUMER) timestamp=8267 ms, used_size=15568896 bytes (38.0%)
(RDMA_READ_CONSUME_CHECK_CONSUMER) timestamp=8267 ms, used_size=15566848 bytes (38.0%)
(RDMA_READ_CONSUME_CHECK_CONSUMER) timestamp=8267 ms, used_size=15564800 bytes (38.0%)
(RDMA_READ_CONSUME_CHECK_CONSUMER) timestamp=8267 ms, used_size=15562752 bytes (38.0%)
(RDMA_READ_CONSUME_CHECK_CONSUMER) timestamp=8267 ms, used_size=15560704 bytes (38.0%)
(RDMA_READ_CONSUME_CHECK_CONSUMER) timestamp=8267 ms, used_size=15558656 bytes (38.0%)
(RDMA_READ_CONSUME_CHECK_CONSUMER) timestamp=8267 ms, used_size=15556608 bytes (38.0%)
(RDMA_READ_CONSUME_CHECK_CONSUMER) timestamp=8267 ms, used_size=15554560 bytes (38.0%)
(RDMA_READ_CONSUME_CHECK_CONSUMER) timestamp=8267 ms, used_size=15552512 bytes (38.0%)
(RDMA_READ_CONSUME_CHECK_CONSUMER) timestamp=8267 ms, used_size=15550464 bytes (38.0%)
(RDMA_READ_CONSUME_CHECK_CONSUMER) timestamp=8267 ms, used_size=15548416 bytes (38.0%)
(RDMA_READ_CONSUME_CHECK_CONSUMER) timestamp=8267 ms, used_size=15546368 bytes (38.0%)
(RDMA_READ_CONSUME_CHECK_CONSUMER) timestamp=8267 ms, used_size=15544320 bytes (38.0%)
(RDMA_READ_CONSUME_CHECK_CONSUMER) timestamp=8267 ms, used_size=15542272 bytes (37.9%)
(RDMA_READ_CONSUME_CHECK_CONSUMER) timestamp=8267 ms, used_size=15540224 bytes (37.9%)
(RDMA_READ_CONSUME_CHECK_CONSUMER) timestamp=8267 ms, used_size=15538176 bytes (37.9%)
(RDMA_READ_CONSUME_CHECK_CONSUMER) timestamp=8267 ms, used_size=15536128 bytes (37.9%)
(RDMA_READ_CONSUME_CHECK_CONSUMER) timestamp=8267 ms, used_size=15534080 bytes (37.9%)
(RDMA_READ_CONSUME_CHECK_CONSUMER) timestamp=8267 ms, used_size=15532032 bytes (37.9%)
(RDMA_READ_CONSUME_CHECK_CONSUMER) timestamp=8267 ms, used_size=15529984 bytes (37.9%)
(RDMA_READ_CONSUME_CHECK_CONSUMER) timestamp=8267 ms, used_size=15527936 bytes (37.9%)
(RDMA_READ_CONSUME_CHECK_CONSUMER) timestamp=8267 ms, used_size=15525888 bytes (37.9%)
(RDMA_READ_CONSUME_CHECK_CONSUMER) timestamp=8267 ms, used_size=15523840 bytes (37.9%)
(RDMA_READ_CONSUME_CHECK_CONSUMER) timestamp=8267 ms, used_size=15521792 bytes (37.9%)
(RDMA_READ_CONSUME_CHECK_CONSUMER) timestamp=8267 ms, used_size=15519744 bytes (37.9%)
(RDMA_READ_CONSUME_CHECK_CONSUMER) timestamp=8267 ms, used_size=15517696 bytes (37.9%)
(RDMA_READ_CONSUME_CHECK_CONSUMER) timestamp=8267 ms, used_size=15515648 bytes (37.9%)
(RDMA_READ_CONSUME_CHECK_CONSUMER) timestamp=8267 ms, used_size=15513600 bytes (37.9%)
(RDMA_READ_CONSUME_CHECK_CONSUMER) timestamp=8267 ms, used_size=15511552 bytes (37.9%)
(RDMA_READ_CONSUME_CHECK_CONSUMER) timestamp=8267 ms, used_size=15509504 bytes (37.9%)
(RDMA_READ_CONSUME_CHECK_CONSUMER) timestamp=8267 ms, used_size=15507456 bytes (37.9%)
(RDMA_READ_CONSUME_CHECK_CONSUMER) timestamp=8267 ms, used_size=15505408 bytes (37.9%)
(RDMA_READ_CONSUME_CHECK_CONSUMER) timestamp=8267 ms, used_size=15503360 bytes (37.9%)
(RDMA_READ_CONSUME_CHECK_CONSUMER) timestamp=8267 ms, used_size=15501312 bytes (37.8%)
(RDMA_READ_CONSUME_CHECK_CONSUMER) timestamp=8267 ms, used_size=15499264 bytes (37.8%)
(RDMA_READ_CONSUME_CHECK_CONSUMER) timestamp=8267 ms, used_size=15497216 bytes (37.8%)
(RDMA_READ_CONSUME_CHECK_CONSUMER) timestamp=8267 ms, used_size=15495168 bytes (37.8%)
(RDMA_READ_CONSUME_CHECK_CONSUMER) timestamp=8267 ms, used_size=15493120 bytes (37.8%)
(RDMA_READ_CONSUME_CHECK_CONSUMER) timestamp=8267 ms, used_size=15491072 bytes (37.8%)
(RDMA_READ_CONSUME_CHECK_CONSUMER) timestamp=8267 ms, used_size=15489024 bytes (37.8%)
(RDMA_READ_CONSUME_CHECK_CONSUMER) timestamp=8267 ms, used_size=15486976 bytes (37.8%)
(RDMA_READ_CONSUME_CHECK_CONSUMER) timestamp=8267 ms, used_size=15484928 bytes (37.8%)
(RDMA_READ_CONSUME_CHECK_CONSUMER) timestamp=8267 ms, used_size=15482880 bytes (37.8%)
(RDMA_READ_CONSUME_CHECK_CONSUMER) timestamp=8267 ms, used_size=15480832 bytes (37.8%)
(RDMA_READ_CONSUME_CHECK_CONSUMER) timestamp=8267 ms, used_size=15478784 bytes (37.8%)
(RDMA_READ_CONSUME_CHECK_CONSUMER) timestamp=8267 ms, used_size=15476736 bytes (37.8%)
(RDMA_READ_CONSUME_CHECK_CONSUMER) timestamp=8267 ms, used_size=15474688 bytes (37.8%)
(RDMA_READ_CONSUME_CHECK_CONSUMER) timestamp=8267 ms, used_size=15472640 bytes (37.8%)
(RDMA_READ_CONSUME_CHECK_CONSUMER) timestamp=8267 ms, used_size=15470592 bytes (37.8%)
(RDMA_READ_CONSUME_CHECK_CONSUMER) timestamp=8267 ms, used_size=15468544 bytes (37.8%)
(RDMA_READ_CONSUME_CHECK_CONSUMER) timestamp=8267 ms, used_size=15466496 bytes (37.8%)
(RDMA_READ_CONSUME_CHECK_CONSUMER) timestamp=8267 ms, used_size=15464448 bytes (37.8%)
(RDMA_READ_CONSUME_CHECK_CONSUMER) timestamp=8267 ms, used_size=15462400 bytes (37.8%)
(RDMA_READ_CONSUME_CHECK_CONSUMER) timestamp=8267 ms, used_size=15460352 bytes (37.7%)
(RDMA_READ_CONSUME_CHECK_CONSUMER) timestamp=8267 ms, used_size=15458304 bytes (37.7%)
(RDMA_READ_CONSUME_CHECK_CONSUMER) timestamp=8267 ms, used_size=15456256 bytes (37.7%)
(RDMA_READ_CONSUME_CHECK_CONSUMER) timestamp=8267 ms, used_size=15454208 bytes (37.7%)
(RDMA_READ_CONSUME_CHECK_CONSUMER) timestamp=8267 ms, used_size=15452160 bytes (37.7%)
(RDMA_READ_CONSUME_CHECK_CONSUMER) timestamp=8267 ms, used_size=15450112 bytes (37.7%)
(RDMA_READ_CONSUME_CHECK_CONSUMER) timestamp=8267 ms, used_size=15448064 bytes (37.7%)
(RDMA_READ_CONSUME_CHECK_CONSUMER) timestamp=8267 ms, used_size=15446016 bytes (37.7%)
(RDMA_READ_CONSUME_CHECK_CONSUMER) timestamp=8267 ms, used_size=15443968 bytes (37.7%)
(RDMA_READ_CONSUME_CHECK_CONSUMER) timestamp=8267 ms, used_size=15441920 bytes (37.7%)
(RDMA_READ_CONSUME_CHECK_CONSUMER) timestamp=8267 ms, used_size=15439872 bytes (37.7%)
(RDMA_READ_CONSUME_CHECK_CONSUMER) timestamp=8267 ms, used_size=15437824 bytes (37.7%)
(RDMA_READ_CONSUME_CHECK_CONSUMER) timestamp=8267 ms, used_size=15435776 bytes (37.7%)
(RDMA_READ_CONSUME_CHECK_CONSUMER) timestamp=8267 ms, used_size=15433728 bytes (37.7%)
(RDMA_READ_CONSUME_CHECK_CONSUMER) timestamp=8267 ms, used_size=15431680 bytes (37.7%)
(RDMA_READ_CONSUME_CHECK_CONSUMER) timestamp=8267 ms, used_size=15429632 bytes (37.7%)
(RDMA_READ_CONSUME_CHECK_CONSUMER) timestamp=8267 ms, used_size=15427584 bytes (37.7%)
(RDMA_READ_CONSUME_CHECK_CONSUMER) timestamp=8267 ms, used_size=15425536 bytes (37.7%)
(RDMA_READ_CONSUME_CHECK_CONSUMER) timestamp=8267 ms, used_size=15423488 bytes (37.7%)
(RDMA_READ_CONSUME_CHECK_CONSUMER) timestamp=8267 ms, used_size=15421440 bytes (37.6%)
(RDMA_READ_CONSUME_CHECK_CONSUMER) timestamp=8267 ms, used_size=15419392 bytes (37.6%)
(RDMA_READ_CONSUME_CHECK_CONSUMER) timestamp=8267 ms, used_size=15417344 bytes (37.6%)
(RDMA_READ_CONSUME_CHECK_CONSUMER) timestamp=8267 ms, used_size=15415296 bytes (37.6%)
(RDMA_READ_CONSUME_CHECK_CONSUMER) timestamp=8267 ms, used_size=15413248 bytes (37.6%)
(RDMA_READ_CONSUME_CHECK_CONSUMER) timestamp=8267 ms, used_size=15411200 bytes (37.6%)
(RDMA_READ_CONSUME_CHECK_CONSUMER) timestamp=8267 ms, used_size=15409152 bytes (37.6%)
(RDMA_READ_CONSUME_CHECK_CONSUMER) timestamp=8267 ms, used_size=15407104 bytes (37.6%)
(RDMA_READ_CONSUME_CHECK_CONSUMER) timestamp=8267 ms, used_size=15405056 bytes (37.6%)
(RDMA_READ_CONSUME_CHECK_CONSUMER) timestamp=8267 ms, used_size=15403008 bytes (37.6%)
(RDMA_READ_CONSUME_CHECK_CONSUMER) timestamp=8267 ms, used_size=15400960 bytes (37.6%)
(RDMA_READ_CONSUME_CHECK_CONSUMER) timestamp=8267 ms, used_size=15398912 bytes (37.6%)
(RDMA_READ_CONSUME_CHECK_CONSUMER) timestamp=8267 ms, used_size=15396864 bytes (37.6%)
(RDMA_READ_CONSUME_CHECK_CONSUMER) timestamp=8267 ms, used_size=15394816 bytes (37.6%)
(RDMA_READ_CONSUME_CHECK_CONSUMER) timestamp=8267 ms, used_size=15392768 bytes (37.6%)
(RDMA_READ_CONSUME_CHECK_CONSUMER) timestamp=8267 ms, used_size=15390720 bytes (37.6%)
(RDMA_READ_CONSUME_CHECK_CONSUMER) timestamp=8267 ms, used_size=15388672 bytes (37.6%)
(RDMA_READ_CONSUME_CHECK_CONSUMER) timestamp=8267 ms, used_size=15386624 bytes (37.6%)
(RDMA_READ_CONSUME_CHECK_CONSUMER) timestamp=8267 ms, used_size=15384576 bytes (37.6%)
(RDMA_READ_CONSUME_CHECK_CONSUMER) timestamp=8267 ms, used_size=15382528 bytes (37.6%)
(RDMA_READ_CONSUME_CHECK_CONSUMER) timestamp=8267 ms, used_size=15380480 bytes (37.5%)
(RDMA_READ_CONSUME_CHECK_CONSUMER) timestamp=8267 ms, used_size=15378432 bytes (37.5%)
(RDMA_READ_CONSUME_CHECK_CONSUMER) timestamp=8267 ms, used_size=15376384 bytes (37.5%)
(RDMA_READ_CONSUME_CHECK_CONSUMER) timestamp=8267 ms, used_size=15374336 bytes (37.5%)
(RDMA_READ_CONSUME_CHECK_CONSUMER) timestamp=8267 ms, used_size=15372288 bytes (37.5%)
(RDMA_READ_CONSUME_CHECK_CONSUMER) timestamp=8267 ms, used_size=15370240 bytes (37.5%)
(RDMA_READ_CONSUME_CHECK_CONSUMER) timestamp=8267 ms, used_size=15368192 bytes (37.5%)
(RDMA_READ_CONSUME_CHECK_CONSUMER) timestamp=8267 ms, used_size=15366144 bytes (37.5%)
(RDMA_READ_CONSUME_CHECK_CONSUMER) timestamp=8267 ms, used_size=15364096 bytes (37.5%)
(RDMA_READ_CONSUME_CHECK_CONSUMER) timestamp=8267 ms, used_size=15362048 bytes (37.5%)
(RDMA_READ_CONSUME_CHECK_CONSUMER) timestamp=8267 ms, used_size=15360000 bytes (37.5%)
(RDMA_READ_CONSUME_CHECK_CONSUMER) timestamp=8267 ms, used_size=15357952 bytes (37.5%)
(RDMA_READ_CONSUME_CHECK_CONSUMER) timestamp=8267 ms, used_size=15355904 bytes (37.5%)
(RDMA_READ_CONSUME_CHECK_CONSUMER) timestamp=8267 ms, used_size=15353856 bytes (37.5%)
(RDMA_READ_CONSUME_CHECK_CONSUMER) timestamp=8267 ms, used_size=15351808 bytes (37.5%)
(RDMA_READ_CONSUME_CHECK_CONSUMER) timestamp=8267 ms, used_size=15349760 bytes (37.5%)
(RDMA_READ_CONSUME_CHECK_CONSUMER) timestamp=8267 ms, used_size=15347712 bytes (37.5%)
(RDMA_READ_CONSUME_CHECK_CONSUMER) timestamp=8267 ms, used_size=15345664 bytes (37.5%)
(RDMA_READ_CONSUME_CHECK_CONSUMER) timestamp=8267 ms, used_size=15343616 bytes (37.5%)
(RDMA_READ_CONSUME_CHECK_CONSUMER) timestamp=8267 ms, used_size=15341568 bytes (37.5%)
(RDMA_READ_CONSUME_CHECK_CONSUMER) timestamp=8267 ms, used_size=15339520 bytes (37.5%)
(RDMA_READ_CONSUME_CHECK_CONSUMER) timestamp=8267 ms, used_size=15337472 bytes (37.4%)
(RDMA_READ_CONSUME_CHECK_CONSUMER) timestamp=8267 ms, used_size=15335424 bytes (37.4%)
(RDMA_READ_CONSUME_CHECK_CONSUMER) timestamp=8267 ms, used_size=15333376 bytes (37.4%)
(RDMA_READ_CONSUME_CHECK_CONSUMER) timestamp=8267 ms, used_size=15331328 bytes (37.4%)
(RDMA_READ_CONSUME_CHECK_CONSUMER) timestamp=8267 ms, used_size=15329280 bytes (37.4%)
(RDMA_READ_CONSUME_CHECK_CONSUMER) timestamp=8267 ms, used_size=15327232 bytes (37.4%)
(RDMA_READ_CONSUME_CHECK_CONSUMER) timestamp=8267 ms, used_size=15325184 bytes (37.4%)
(RDMA_READ_CONSUME_CHECK_CONSUMER) timestamp=8267 ms, used_size=15323136 bytes (37.4%)
(RDMA_READ_CONSUME_CHECK_CONSUMER) timestamp=8267 ms, used_size=15321088 bytes (37.4%)
(RDMA_READ_CONSUME_CHECK_CONSUMER) timestamp=8267 ms, used_size=15319040 bytes (37.4%)
(RDMA_READ_CONSUME_CHECK_CONSUMER) timestamp=8267 ms, used_size=15316992 bytes (37.4%)
(RDMA_READ_CONSUME_CHECK_CONSUMER) timestamp=8267 ms, used_size=15314944 bytes (37.4%)
(RDMA_READ_CONSUME_CHECK_CONSUMER) timestamp=8267 ms, used_size=15312896 bytes (37.4%)
(RDMA_READ_CONSUME_CHECK_CONSUMER) timestamp=8267 ms, used_size=15310848 bytes (37.4%)
(RDMA_READ_CONSUME_CHECK_CONSUMER) timestamp=8267 ms, used_size=15308800 bytes (37.4%)
(RDMA_READ_CONSUME_CHECK_CONSUMER) timestamp=8267 ms, used_size=15306752 bytes (37.4%)
(RDMA_READ_CONSUME_CHECK_CONSUMER) timestamp=8267 ms, used_size=15304704 bytes (37.4%)
(RDMA_READ_CONSUME_CHECK_CONSUMER) timestamp=8267 ms, used_size=15302656 bytes (37.4%)
(RDMA_READ_CONSUME_CHECK_CONSUMER) timestamp=8267 ms, used_size=15300608 bytes (37.4%)
(RDMA_READ_CONSUME_CHECK_CONSUMER) timestamp=8267 ms, used_size=15298560 bytes (37.4%)
(RDMA_READ_CONSUME_CHECK_CONSUMER) timestamp=8267 ms, used_size=15296512 bytes (37.3%)
(RDMA_READ_CONSUME_CHECK_CONSUMER) timestamp=8267 ms, used_size=15294464 bytes (37.3%)
(RDMA_READ_CONSUME_CHECK_CONSUMER) timestamp=8267 ms, used_size=15292416 bytes (37.3%)
(RDMA_READ_CONSUME_CHECK_CONSUMER) timestamp=8267 ms, used_size=15290368 bytes (37.3%)
(RDMA_READ_CONSUME_CHECK_CONSUMER) timestamp=8267 ms, used_size=15288320 bytes (37.3%)
(RDMA_READ_CONSUME_CHECK_CONSUMER) timestamp=8267 ms, used_size=15286272 bytes (37.3%)
(RDMA_READ_CONSUME_CHECK_CONSUMER) timestamp=8267 ms, used_size=15284224 bytes (37.3%)
(RDMA_READ_CONSUME_CHECK_CONSUMER) timestamp=8267 ms, used_size=15282176 bytes (37.3%)
(RDMA_READ_CONSUME_CHECK_CONSUMER) timestamp=8267 ms, used_size=15280128 bytes (37.3%)
(RDMA_READ_CONSUME_CHECK_CONSUMER) timestamp=8267 ms, used_size=15278080 bytes (37.3%)
(RDMA_READ_CONSUME_CHECK_CONSUMER) timestamp=8267 ms, used_size=15276032 bytes (37.3%)
(RDMA_READ_CONSUME_CHECK_CONSUMER) timestamp=8267 ms, used_size=15273984 bytes (37.3%)
(RDMA_READ_CONSUME_CHECK_CONSUMER) timestamp=8267 ms, used_size=15271936 bytes (37.3%)
(RDMA_READ_CONSUME_CHECK_CONSUMER) timestamp=8267 ms, used_size=15269888 bytes (37.3%)
(RDMA_READ_CONSUME_CHECK_CONSUMER) timestamp=8267 ms, used_size=15267840 bytes (37.3%)
(RDMA_READ_CONSUME_CHECK_CONSUMER) timestamp=8267 ms, used_size=15265792 bytes (37.3%)
(RDMA_READ_CONSUME_CHECK_CONSUMER) timestamp=8267 ms, used_size=15263744 bytes (37.3%)
(RDMA_READ_CONSUME_CHECK_CONSUMER) timestamp=8267 ms, used_size=15261696 bytes (37.3%)
(RDMA_READ_CONSUME_CHECK_CONSUMER) timestamp=8267 ms, used_size=15259648 bytes (37.3%)
(RDMA_READ_CONSUME_CHECK_CONSUMER) timestamp=8267 ms, used_size=15257600 bytes (37.2%)
(RDMA_READ_CONSUME_CHECK_CONSUMER) timestamp=8267 ms, used_size=15255552 bytes (37.2%)
(RDMA_READ_CONSUME_CHECK_CONSUMER) timestamp=8267 ms, used_size=15253504 bytes (37.2%)
(RDMA_READ_CONSUME_CHECK_CONSUMER) timestamp=8267 ms, used_size=15251456 bytes (37.2%)
(RDMA_READ_CONSUME_CHECK_CONSUMER) timestamp=8268 ms, used_size=15249408 bytes (37.2%)
(RDMA_READ_CONSUME_CHECK_CONSUMER) timestamp=8268 ms, used_size=15247360 bytes (37.2%)
(RDMA_READ_CONSUME_CHECK_CONSUMER) timestamp=8268 ms, used_size=15245312 bytes (37.2%)
(RDMA_READ_CONSUME_CHECK_CONSUMER) timestamp=8268 ms, used_size=15243264 bytes (37.2%)
(RDMA_READ_CONSUME_CHECK_CONSUMER) timestamp=8268 ms, used_size=15241216 bytes (37.2%)
(RDMA_READ_CONSUME_CHECK_CONSUMER) timestamp=8268 ms, used_size=15239168 bytes (37.2%)
(RDMA_READ_CONSUME_CHECK_CONSUMER) timestamp=8268 ms, used_size=15237120 bytes (37.2%)
(RDMA_READ_CONSUME_CHECK_CONSUMER) timestamp=8268 ms, used_size=15235072 bytes (37.2%)
(RDMA_READ_CONSUME_CHECK_CONSUMER) timestamp=8268 ms, used_size=15233024 bytes (37.2%)
(RDMA_READ_CONSUME_CHECK_CONSUMER) timestamp=8268 ms, used_size=15230976 bytes (37.2%)
(RDMA_READ_CONSUME_CHECK_CONSUMER) timestamp=8268 ms, used_size=15228928 bytes (37.2%)
(RDMA_READ_CONSUME_CHECK_CONSUMER) timestamp=8268 ms, used_size=15226880 bytes (37.2%)
(RDMA_READ_CONSUME_CHECK_CONSUMER) timestamp=8268 ms, used_size=15224832 bytes (37.2%)
(RDMA_READ_CONSUME_CHECK_CONSUMER) timestamp=8268 ms, used_size=15222784 bytes (37.2%)
(RDMA_READ_CONSUME_CHECK_CONSUMER) timestamp=8268 ms, used_size=15220736 bytes (37.2%)
(RDMA_READ_CONSUME_CHECK_CONSUMER) timestamp=8268 ms, used_size=15218688 bytes (37.2%)
(RDMA_READ_CONSUME_CHECK_CONSUMER) timestamp=8268 ms, used_size=15216640 bytes (37.1%)
(RDMA_READ_CONSUME_CHECK_CONSUMER) timestamp=8268 ms, used_size=15214592 bytes (37.1%)
(RDMA_READ_CONSUME_CHECK_CONSUMER) timestamp=8268 ms, used_size=15212544 bytes (37.1%)
(RDMA_READ_CONSUME_CHECK_CONSUMER) timestamp=8268 ms, used_size=15210496 bytes (37.1%)
(RDMA_READ_CONSUME_CHECK_CONSUMER) timestamp=8268 ms, used_size=15208448 bytes (37.1%)
(RDMA_READ_CONSUME_CHECK_CONSUMER) timestamp=8268 ms, used_size=15206400 bytes (37.1%)
(RDMA_READ_CONSUME_CHECK_CONSUMER) timestamp=8268 ms, used_size=15204352 bytes (37.1%)
(RDMA_READ_CONSUME_CHECK_CONSUMER) timestamp=8268 ms, used_size=15202304 bytes (37.1%)
(RDMA_READ_CONSUME_CHECK_CONSUMER) timestamp=8268 ms, used_size=15200256 bytes (37.1%)
(RDMA_READ_CONSUME_CHECK_CONSUMER) timestamp=8268 ms, used_size=15198208 bytes (37.1%)
(RDMA_READ_CONSUME_CHECK_CONSUMER) timestamp=8268 ms, used_size=15196160 bytes (37.1%)
(RDMA_READ_CONSUME_CHECK_CONSUMER) timestamp=8268 ms, used_size=15194112 bytes (37.1%)
(RDMA_READ_CONSUME_CHECK_CONSUMER) timestamp=8268 ms, used_size=15192064 bytes (37.1%)
(RDMA_READ_CONSUME_CHECK_CONSUMER) timestamp=8268 ms, used_size=15190016 bytes (37.1%)
(RDMA_READ_CONSUME_CHECK_CONSUMER) timestamp=8268 ms, used_size=15187968 bytes (37.1%)
(RDMA_READ_CONSUME_CHECK_CONSUMER) timestamp=8268 ms, used_size=15185920 bytes (37.1%)
(RDMA_READ_CONSUME_CHECK_CONSUMER) timestamp=8268 ms, used_size=15183872 bytes (37.1%)
(RDMA_READ_CONSUME_CHECK_CONSUMER) timestamp=8268 ms, used_size=15181824 bytes (37.1%)
(RDMA_READ_CONSUME_CHECK_CONSUMER) timestamp=8268 ms, used_size=15179776 bytes (37.1%)
(RDMA_READ_CONSUME_CHECK_CONSUMER) timestamp=8268 ms, used_size=15177728 bytes (37.1%)
(RDMA_READ_CONSUME_CHECK_CONSUMER) timestamp=8268 ms, used_size=15175680 bytes (37.0%)
(RDMA_READ_CONSUME_CHECK_CONSUMER) timestamp=8268 ms, used_size=15173632 bytes (37.0%)
(RDMA_READ_CONSUME_CHECK_CONSUMER) timestamp=8268 ms, used_size=15171584 bytes (37.0%)
(RDMA_READ_CONSUME_CHECK_CONSUMER) timestamp=8268 ms, used_size=15169536 bytes (37.0%)
(RDMA_READ_CONSUME_CHECK_CONSUMER) timestamp=8268 ms, used_size=15167488 bytes (37.0%)
(RDMA_READ_CONSUME_CHECK_CONSUMER) timestamp=8268 ms, used_size=15165440 bytes (37.0%)
(RDMA_READ_CONSUME_CHECK_CONSUMER) timestamp=8268 ms, used_size=15163392 bytes (37.0%)
(RDMA_READ_CONSUME_CHECK_CONSUMER) timestamp=8268 ms, used_size=15161344 bytes (37.0%)
(RDMA_READ_CONSUME_CHECK_CONSUMER) timestamp=8268 ms, used_size=15159296 bytes (37.0%)
(RDMA_READ_CONSUME_CHECK_CONSUMER) timestamp=8268 ms, used_size=15157248 bytes (37.0%)
(RDMA_READ_CONSUME_CHECK_CONSUMER) timestamp=8268 ms, used_size=15155200 bytes (37.0%)
(RDMA_READ_CONSUME_CHECK_CONSUMER) timestamp=8268 ms, used_size=15153152 bytes (37.0%)
(RDMA_READ_CONSUME_CHECK_CONSUMER) timestamp=8268 ms, used_size=15151104 bytes (37.0%)
(RDMA_READ_CONSUME_CHECK_CONSUMER) timestamp=8268 ms, used_size=15149056 bytes (37.0%)
(RDMA_READ_CONSUME_CHECK_CONSUMER) timestamp=8268 ms, used_size=15147008 bytes (37.0%)
(RDMA_READ_CONSUME_CHECK_CONSUMER) timestamp=8268 ms, used_size=15144960 bytes (37.0%)
(RDMA_READ_CONSUME_CHECK_CONSUMER) timestamp=8268 ms, used_size=15142912 bytes (37.0%)
(RDMA_READ_CONSUME_CHECK_CONSUMER) timestamp=8268 ms, used_size=15140864 bytes (37.0%)
(RDMA_READ_CONSUME_CHECK_CONSUMER) timestamp=8268 ms, used_size=15138816 bytes (37.0%)
(RDMA_READ_CONSUME_CHECK_CONSUMER) timestamp=8268 ms, used_size=15136768 bytes (37.0%)
(RDMA_READ_CONSUME_CHECK_CONSUMER) timestamp=8268 ms, used_size=15134720 bytes (37.0%)
(RDMA_READ_CONSUME_CHECK_CONSUMER) timestamp=8268 ms, used_size=15132672 bytes (36.9%)
(RDMA_READ_CONSUME_CHECK_CONSUMER) timestamp=8268 ms, used_size=15130624 bytes (36.9%)
(RDMA_READ_CONSUME_CHECK_CONSUMER) timestamp=8268 ms, used_size=15128576 bytes (36.9%)
(RDMA_READ_CONSUME_CHECK_CONSUMER) timestamp=8268 ms, used_size=15126528 bytes (36.9%)
(RDMA_READ_CONSUME_CHECK_CONSUMER) timestamp=8268 ms, used_size=15124480 bytes (36.9%)
(RDMA_READ_CONSUME_CHECK_CONSUMER) timestamp=8268 ms, used_size=15122432 bytes (36.9%)
(RDMA_READ_CONSUME_CHECK_CONSUMER) timestamp=8268 ms, used_size=15120384 bytes (36.9%)
(RDMA_READ_CONSUME_CHECK_CONSUMER) timestamp=8268 ms, used_size=15118336 bytes (36.9%)
(RDMA_READ_CONSUME_CHECK_CONSUMER) timestamp=8268 ms, used_size=15116288 bytes (36.9%)
(RDMA_READ_CONSUME_CHECK_CONSUMER) timestamp=8268 ms, used_size=15114240 bytes (36.9%)
(RDMA_READ_CONSUME_CHECK_CONSUMER) timestamp=8268 ms, used_size=15112192 bytes (36.9%)
(RDMA_READ_CONSUME_CHECK_CONSUMER) timestamp=8268 ms, used_size=15110144 bytes (36.9%)
(RDMA_READ_CONSUME_CHECK_CONSUMER) timestamp=8268 ms, used_size=15108096 bytes (36.9%)
(RDMA_READ_CONSUME_CHECK_CONSUMER) timestamp=8268 ms, used_size=15106048 bytes (36.9%)
(RDMA_READ_CONSUME_CHECK_CONSUMER) timestamp=8268 ms, used_size=15104000 bytes (36.9%)
(RDMA_READ_CONSUME_CHECK_CONSUMER) timestamp=8268 ms, used_size=15101952 bytes (36.9%)
(RDMA_READ_CONSUME_CHECK_CONSUMER) timestamp=8268 ms, used_size=15099904 bytes (36.9%)
(RDMA_READ_CONSUME_CHECK_CONSUMER) timestamp=8268 ms, used_size=15097856 bytes (36.9%)
(RDMA_READ_CONSUME_CHECK_CONSUMER) timestamp=8268 ms, used_size=15095808 bytes (36.9%)
(RDMA_READ_CONSUME_CHECK_CONSUMER) timestamp=8268 ms, used_size=15093760 bytes (36.9%)
(RDMA_READ_CONSUME_CHECK_CONSUMER) timestamp=8268 ms, used_size=15091712 bytes (36.8%)
(RDMA_READ_CONSUME_CHECK_CONSUMER) timestamp=8268 ms, used_size=15089664 bytes (36.8%)
(RDMA_READ_CONSUME_CHECK_CONSUMER) timestamp=8268 ms, used_size=15087616 bytes (36.8%)
(RDMA_READ_CONSUME_CHECK_CONSUMER) timestamp=8268 ms, used_size=15085568 bytes (36.8%)
(RDMA_READ_CONSUME_CHECK_CONSUMER) timestamp=8268 ms, used_size=15083520 bytes (36.8%)
(RDMA_READ_CONSUME_CHECK_CONSUMER) timestamp=8268 ms, used_size=15081472 bytes (36.8%)
(RDMA_READ_CONSUME_CHECK_CONSUMER) timestamp=8268 ms, used_size=15079424 bytes (36.8%)
(RDMA_READ_CONSUME_CHECK_CONSUMER) timestamp=8268 ms, used_size=15077376 bytes (36.8%)
(RDMA_READ_CONSUME_CHECK_CONSUMER) timestamp=8268 ms, used_size=15075328 bytes (36.8%)
(RDMA_READ_CONSUME_CHECK_CONSUMER) timestamp=8268 ms, used_size=15073280 bytes (36.8%)
(RDMA_READ_CONSUME_CHECK_CONSUMER) timestamp=8268 ms, used_size=15071232 bytes (36.8%)
(RDMA_READ_CONSUME_CHECK_CONSUMER) timestamp=8268 ms, used_size=15069184 bytes (36.8%)
(RDMA_READ_CONSUME_CHECK_CONSUMER) timestamp=8268 ms, used_size=15067136 bytes (36.8%)
(RDMA_READ_CONSUME_CHECK_CONSUMER) timestamp=8268 ms, used_size=15065088 bytes (36.8%)
(RDMA_READ_CONSUME_CHECK_CONSUMER) timestamp=8268 ms, used_size=15063040 bytes (36.8%)
(RDMA_READ_CONSUME_CHECK_CONSUMER) timestamp=8268 ms, used_size=15060992 bytes (36.8%)
(RDMA_READ_CONSUME_CHECK_CONSUMER) timestamp=8268 ms, used_size=15058944 bytes (36.8%)
(RDMA_READ_CONSUME_CHECK_CONSUMER) timestamp=8268 ms, used_size=15056896 bytes (36.8%)
(RDMA_READ_CONSUME_CHECK_CONSUMER) timestamp=8268 ms, used_size=15054848 bytes (36.8%)
(RDMA_READ_CONSUME_CHECK_CONSUMER) timestamp=8268 ms, used_size=15052800 bytes (36.8%)
(RDMA_READ_CONSUME_CHECK_CONSUMER) timestamp=8268 ms, used_size=15050752 bytes (36.7%)
(RDMA_READ_CONSUME_CHECK_CONSUMER) timestamp=8268 ms, used_size=15048704 bytes (36.7%)
(RDMA_READ_CONSUME_CHECK_CONSUMER) timestamp=8268 ms, used_size=15046656 bytes (36.7%)
(RDMA_READ_CONSUME_CHECK_CONSUMER) timestamp=8268 ms, used_size=15044608 bytes (36.7%)
(RDMA_READ_CONSUME_CHECK_CONSUMER) timestamp=8268 ms, used_size=15042560 bytes (36.7%)
(RDMA_READ_CONSUME_CHECK_CONSUMER) timestamp=8268 ms, used_size=15040512 bytes (36.7%)
(RDMA_READ_CONSUME_CHECK_CONSUMER) timestamp=8268 ms, used_size=15038464 bytes (36.7%)
(RDMA_READ_CONSUME_CHECK_CONSUMER) timestamp=8268 ms, used_size=15036416 bytes (36.7%)
(RDMA_READ_CONSUME_CHECK_CONSUMER) timestamp=8268 ms, used_size=15034368 bytes (36.7%)
(RDMA_READ_CONSUME_CHECK_CONSUMER) timestamp=8268 ms, used_size=15032320 bytes (36.7%)
(RDMA_READ_CONSUME_CHECK_CONSUMER) timestamp=8268 ms, used_size=15030272 bytes (36.7%)
(RDMA_READ_CONSUME_CHECK_CONSUMER) timestamp=8268 ms, used_size=15028224 bytes (36.7%)
(RDMA_READ_CONSUME_CHECK_CONSUMER) timestamp=8268 ms, used_size=15026176 bytes (36.7%)
(RDMA_READ_CONSUME_CHECK_CONSUMER) timestamp=8268 ms, used_size=15024128 bytes (36.7%)
(RDMA_READ_CONSUME_CHECK_CONSUMER) timestamp=8268 ms, used_size=15022080 bytes (36.7%)
(RDMA_READ_CONSUME_CHECK_CONSUMER) timestamp=8268 ms, used_size=15020032 bytes (36.7%)
(RDMA_READ_CONSUME_CHECK_CONSUMER) timestamp=8268 ms, used_size=15017984 bytes (36.7%)
(RDMA_READ_CONSUME_CHECK_CONSUMER) timestamp=8268 ms, used_size=15015936 bytes (36.7%)
(RDMA_READ_CONSUME_CHECK_CONSUMER) timestamp=8268 ms, used_size=15013888 bytes (36.7%)
(RDMA_READ_CONSUME_CHECK_CONSUMER) timestamp=8268 ms, used_size=15011840 bytes (36.6%)
(RDMA_READ_CONSUME_CHECK_CONSUMER) timestamp=8268 ms, used_size=15009792 bytes (36.6%)
(RDMA_READ_CONSUME_CHECK_CONSUMER) timestamp=8268 ms, used_size=15007744 bytes (36.6%)
(RDMA_READ_CONSUME_CHECK_CONSUMER) timestamp=8268 ms, used_size=15005696 bytes (36.6%)
(RDMA_READ_CONSUME_CHECK_CONSUMER) timestamp=8268 ms, used_size=15003648 bytes (36.6%)
(RDMA_READ_CONSUME_CHECK_CONSUMER) timestamp=8268 ms, used_size=15001600 bytes (36.6%)
(RDMA_READ_CONSUME_CHECK_CONSUMER) timestamp=8268 ms, used_size=14999552 bytes (36.6%)
(RDMA_READ_CONSUME_CHECK_CONSUMER) timestamp=8268 ms, used_size=14997504 bytes (36.6%)
(RDMA_READ_CONSUME_CHECK_CONSUMER) timestamp=8268 ms, used_size=14995456 bytes (36.6%)
(RDMA_READ_CONSUME_CHECK_CONSUMER) timestamp=8268 ms, used_size=14993408 bytes (36.6%)
(RDMA_READ_CONSUME_CHECK_CONSUMER) timestamp=8268 ms, used_size=14991360 bytes (36.6%)
(RDMA_READ_CONSUME_CHECK_CONSUMER) timestamp=8268 ms, used_size=14989312 bytes (36.6%)
(RDMA_READ_CONSUME_CHECK_CONSUMER) timestamp=8268 ms, used_size=14987264 bytes (36.6%)
(RDMA_READ_CONSUME_CHECK_CONSUMER) timestamp=8268 ms, used_size=14985216 bytes (36.6%)
(RDMA_READ_CONSUME_CHECK_CONSUMER) timestamp=8268 ms, used_size=14983168 bytes (36.6%)
(RDMA_READ_CONSUME_CHECK_CONSUMER) timestamp=8268 ms, used_size=14981120 bytes (36.6%)
(RDMA_READ_CONSUME_CHECK_CONSUMER) timestamp=8268 ms, used_size=14979072 bytes (36.6%)
(RDMA_READ_CONSUME_CHECK_CONSUMER) timestamp=8268 ms, used_size=14977024 bytes (36.6%)
(RDMA_READ_CONSUME_CHECK_CONSUMER) timestamp=8268 ms, used_size=14974976 bytes (36.6%)
(RDMA_READ_CONSUME_CHECK_CONSUMER) timestamp=8268 ms, used_size=14972928 bytes (36.6%)
(RDMA_READ_CONSUME_CHECK_CONSUMER) timestamp=8268 ms, used_size=14970880 bytes (36.5%)
(RDMA_READ_CONSUME_CHECK_CONSUMER) timestamp=8268 ms, used_size=14968832 bytes (36.5%)
(RDMA_READ_CONSUME_CHECK_CONSUMER) timestamp=8268 ms, used_size=14966784 bytes (36.5%)
(RDMA_READ_CONSUME_CHECK_CONSUMER) timestamp=8268 ms, used_size=14964736 bytes (36.5%)
(RDMA_READ_CONSUME_CHECK_CONSUMER) timestamp=8268 ms, used_size=14962688 bytes (36.5%)
(RDMA_READ_CONSUME_CHECK_CONSUMER) timestamp=8268 ms, used_size=14960640 bytes (36.5%)
(RDMA_READ_CONSUME_CHECK_CONSUMER) timestamp=8268 ms, used_size=14958592 bytes (36.5%)
(RDMA_READ_CONSUME_CHECK_CONSUMER) timestamp=8268 ms, used_size=14956544 bytes (36.5%)
(RDMA_READ_CONSUME_CHECK_CONSUMER) timestamp=8268 ms, used_size=14954496 bytes (36.5%)
(RDMA_READ_CONSUME_CHECK_CONSUMER) timestamp=8268 ms, used_size=14952448 bytes (36.5%)
(RDMA_READ_CONSUME_CHECK_CONSUMER) timestamp=8268 ms, used_size=14950400 bytes (36.5%)
(RDMA_READ_CONSUME_CHECK_CONSUMER) timestamp=8268 ms, used_size=14948352 bytes (36.5%)
(RDMA_READ_CONSUME_CHECK_CONSUMER) timestamp=8268 ms, used_size=14946304 bytes (36.5%)
(RDMA_READ_CONSUME_CHECK_CONSUMER) timestamp=8268 ms, used_size=14944256 bytes (36.5%)
(RDMA_READ_CONSUME_CHECK_CONSUMER) timestamp=8268 ms, used_size=14942208 bytes (36.5%)
(RDMA_READ_CONSUME_CHECK_CONSUMER) timestamp=8268 ms, used_size=14940160 bytes (36.5%)
(RDMA_READ_CONSUME_CHECK_CONSUMER) timestamp=8268 ms, used_size=14938112 bytes (36.5%)
(RDMA_READ_CONSUME_CHECK_CONSUMER) timestamp=8268 ms, used_size=14936064 bytes (36.5%)
(RDMA_READ_CONSUME_CHECK_CONSUMER) timestamp=8268 ms, used_size=14934016 bytes (36.5%)
(RDMA_READ_CONSUME_CHECK_CONSUMER) timestamp=8268 ms, used_size=14931968 bytes (36.5%)
(RDMA_READ_CONSUME_CHECK_CONSUMER) timestamp=8268 ms, used_size=14929920 bytes (36.5%)
(RDMA_READ_CONSUME_CHECK_CONSUMER) timestamp=8268 ms, used_size=14927872 bytes (36.4%)
(RDMA_READ_CONSUME_CHECK_CONSUMER) timestamp=8268 ms, used_size=14925824 bytes (36.4%)
(RDMA_READ_CONSUME_CHECK_CONSUMER) timestamp=8268 ms, used_size=14923776 bytes (36.4%)
(RDMA_READ_CONSUME_CHECK_CONSUMER) timestamp=8268 ms, used_size=14921728 bytes (36.4%)
(RDMA_READ_CONSUME_CHECK_CONSUMER) timestamp=8268 ms, used_size=14919680 bytes (36.4%)
(RDMA_READ_CONSUME_CHECK_CONSUMER) timestamp=8268 ms, used_size=14917632 bytes (36.4%)
(RDMA_READ_CONSUME_CHECK_CONSUMER) timestamp=8268 ms, used_size=14915584 bytes (36.4%)
(RDMA_READ_CONSUME_CHECK_CONSUMER) timestamp=8268 ms, used_size=14913536 bytes (36.4%)
(RDMA_READ_CONSUME_CHECK_CONSUMER) timestamp=8268 ms, used_size=14911488 bytes (36.4%)
(RDMA_READ_CONSUME_CHECK_CONSUMER) timestamp=8268 ms, used_size=14909440 bytes (36.4%)
(RDMA_READ_CONSUME_CHECK_CONSUMER) timestamp=8268 ms, used_size=14907392 bytes (36.4%)
(RDMA_READ_CONSUME_CHECK_CONSUMER) timestamp=8268 ms, used_size=14905344 bytes (36.4%)
(RDMA_READ_CONSUME_CHECK_CONSUMER) timestamp=8268 ms, used_size=14903296 bytes (36.4%)
(RDMA_READ_CONSUME_CHECK_CONSUMER) timestamp=8268 ms, used_size=14901248 bytes (36.4%)
(RDMA_READ_CONSUME_CHECK_CONSUMER) timestamp=8268 ms, used_size=14899200 bytes (36.4%)
(RDMA_READ_CONSUME_CHECK_CONSUMER) timestamp=8268 ms, used_size=14897152 bytes (36.4%)
(RDMA_READ_CONSUME_CHECK_CONSUMER) timestamp=8268 ms, used_size=14895104 bytes (36.4%)
(RDMA_READ_CONSUME_CHECK_CONSUMER) timestamp=8268 ms, used_size=14893056 bytes (36.4%)
(RDMA_READ_CONSUME_CHECK_CONSUMER) timestamp=8268 ms, used_size=14891008 bytes (36.4%)
(RDMA_READ_CONSUME_CHECK_CONSUMER) timestamp=8268 ms, used_size=14888960 bytes (36.4%)
(RDMA_READ_CONSUME_CHECK_CONSUMER) timestamp=8268 ms, used_size=14886912 bytes (36.3%)
(RDMA_READ_CONSUME_CHECK_CONSUMER) timestamp=8268 ms, used_size=14884864 bytes (36.3%)
(RDMA_READ_CONSUME_CHECK_CONSUMER) timestamp=8268 ms, used_size=14882816 bytes (36.3%)
(RDMA_READ_CONSUME_CHECK_CONSUMER) timestamp=8268 ms, used_size=14880768 bytes (36.3%)
(RDMA_READ_CONSUME_CHECK_CONSUMER) timestamp=8268 ms, used_size=14878720 bytes (36.3%)
(RDMA_READ_CONSUME_CHECK_CONSUMER) timestamp=8268 ms, used_size=14876672 bytes (36.3%)
(RDMA_READ_CONSUME_CHECK_CONSUMER) timestamp=8268 ms, used_size=14874624 bytes (36.3%)
(RDMA_READ_CONSUME_CHECK_CONSUMER) timestamp=8268 ms, used_size=14872576 bytes (36.3%)
(RDMA_READ_CONSUME_CHECK_CONSUMER) timestamp=8269 ms, used_size=14870528 bytes (36.3%)
(RDMA_READ_CONSUME_CHECK_CONSUMER) timestamp=8269 ms, used_size=14868480 bytes (36.3%)
(RDMA_READ_CONSUME_CHECK_CONSUMER) timestamp=8269 ms, used_size=14866432 bytes (36.3%)
(RDMA_READ_CONSUME_CHECK_CONSUMER) timestamp=8269 ms, used_size=14864384 bytes (36.3%)
(RDMA_READ_CONSUME_CHECK_CONSUMER) timestamp=8269 ms, used_size=14862336 bytes (36.3%)
(RDMA_READ_CONSUME_CHECK_CONSUMER) timestamp=8269 ms, used_size=14860288 bytes (36.3%)
(RDMA_READ_CONSUME_CHECK_CONSUMER) timestamp=8269 ms, used_size=14858240 bytes (36.3%)
(RDMA_READ_CONSUME_CHECK_CONSUMER) timestamp=8269 ms, used_size=14856192 bytes (36.3%)
(RDMA_READ_CONSUME_CHECK_CONSUMER) timestamp=8269 ms, used_size=14854144 bytes (36.3%)
(RDMA_READ_CONSUME_CHECK_CONSUMER) timestamp=8269 ms, used_size=14852096 bytes (36.3%)
(RDMA_READ_CONSUME_CHECK_CONSUMER) timestamp=8269 ms, used_size=14850048 bytes (36.3%)
(RDMA_READ_CONSUME_CHECK_CONSUMER) timestamp=8269 ms, used_size=14848000 bytes (36.2%)
(RDMA_READ_CONSUME_CHECK_CONSUMER) timestamp=8269 ms, used_size=14845952 bytes (36.2%)
(RDMA_READ_CONSUME_CHECK_CONSUMER) timestamp=8269 ms, used_size=14843904 bytes (36.2%)
(RDMA_READ_CONSUME_CHECK_CONSUMER) timestamp=8269 ms, used_size=14841856 bytes (36.2%)
(RDMA_READ_CONSUME_CHECK_CONSUMER) timestamp=8269 ms, used_size=14839808 bytes (36.2%)
(RDMA_READ_CONSUME_CHECK_CONSUMER) timestamp=8269 ms, used_size=14837760 bytes (36.2%)
(RDMA_READ_CONSUME_CHECK_CONSUMER) timestamp=8269 ms, used_size=14835712 bytes (36.2%)
(RDMA_READ_CONSUME_CHECK_CONSUMER) timestamp=8269 ms, used_size=14833664 bytes (36.2%)
(RDMA_READ_CONSUME_CHECK_CONSUMER) timestamp=8269 ms, used_size=14831616 bytes (36.2%)
(RDMA_READ_CONSUME_CHECK_CONSUMER) timestamp=8269 ms, used_size=14829568 bytes (36.2%)
(RDMA_READ_CONSUME_CHECK_CONSUMER) timestamp=8269 ms, used_size=14827520 bytes (36.2%)
(RDMA_READ_CONSUME_CHECK_CONSUMER) timestamp=8269 ms, used_size=14825472 bytes (36.2%)
(RDMA_READ_CONSUME_CHECK_CONSUMER) timestamp=8269 ms, used_size=14823424 bytes (36.2%)
(RDMA_READ_CONSUME_CHECK_CONSUMER) timestamp=8269 ms, used_size=14821376 bytes (36.2%)
(RDMA_READ_CONSUME_CHECK_CONSUMER) timestamp=8269 ms, used_size=14819328 bytes (36.2%)
(RDMA_READ_CONSUME_CHECK_CONSUMER) timestamp=8269 ms, used_size=14817280 bytes (36.2%)
(RDMA_READ_CONSUME_CHECK_CONSUMER) timestamp=8269 ms, used_size=14815232 bytes (36.2%)
(RDMA_READ_CONSUME_CHECK_CONSUMER) timestamp=8269 ms, used_size=14813184 bytes (36.2%)
(RDMA_READ_CONSUME_CHECK_CONSUMER) timestamp=8269 ms, used_size=14811136 bytes (36.2%)
(RDMA_READ_CONSUME_CHECK_CONSUMER) timestamp=8269 ms, used_size=14809088 bytes (36.2%)
(RDMA_READ_CONSUME_CHECK_CONSUMER) timestamp=8269 ms, used_size=14807040 bytes (36.1%)
(RDMA_READ_CONSUME_CHECK_CONSUMER) timestamp=8269 ms, used_size=14804992 bytes (36.1%)
(RDMA_READ_CONSUME_CHECK_CONSUMER) timestamp=8269 ms, used_size=14802944 bytes (36.1%)
(RDMA_READ_CONSUME_CHECK_CONSUMER) timestamp=8269 ms, used_size=14800896 bytes (36.1%)
(RDMA_READ_CONSUME_CHECK_CONSUMER) timestamp=8269 ms, used_size=14798848 bytes (36.1%)
(RDMA_READ_CONSUME_CHECK_CONSUMER) timestamp=8269 ms, used_size=14796800 bytes (36.1%)
(RDMA_READ_CONSUME_CHECK_CONSUMER) timestamp=8269 ms, used_size=14794752 bytes (36.1%)
(RDMA_READ_CONSUME_CHECK_CONSUMER) timestamp=8269 ms, used_size=14792704 bytes (36.1%)
(RDMA_READ_CONSUME_CHECK_CONSUMER) timestamp=8269 ms, used_size=14790656 bytes (36.1%)
(RDMA_READ_CONSUME_CHECK_CONSUMER) timestamp=8269 ms, used_size=14788608 bytes (36.1%)
(RDMA_READ_CONSUME_CHECK_CONSUMER) timestamp=8269 ms, used_size=14786560 bytes (36.1%)
(RDMA_READ_CONSUME_CHECK_CONSUMER) timestamp=8269 ms, used_size=14784512 bytes (36.1%)
(RDMA_READ_CONSUME_CHECK_CONSUMER) timestamp=8269 ms, used_size=14782464 bytes (36.1%)
(RDMA_READ_CONSUME_CHECK_CONSUMER) timestamp=8269 ms, used_size=14780416 bytes (36.1%)
(RDMA_READ_CONSUME_CHECK_CONSUMER) timestamp=8269 ms, used_size=14778368 bytes (36.1%)
(RDMA_READ_CONSUME_CHECK_CONSUMER) timestamp=8269 ms, used_size=14776320 bytes (36.1%)
(RDMA_READ_CONSUME_CHECK_CONSUMER) timestamp=8269 ms, used_size=14774272 bytes (36.1%)
(RDMA_READ_CONSUME_CHECK_CONSUMER) timestamp=8269 ms, used_size=14772224 bytes (36.1%)
(RDMA_READ_CONSUME_CHECK_CONSUMER) timestamp=8269 ms, used_size=14770176 bytes (36.1%)
(RDMA_READ_CONSUME_CHECK_CONSUMER) timestamp=8269 ms, used_size=14768128 bytes (36.1%)
(RDMA_READ_CONSUME_CHECK_CONSUMER) timestamp=8269 ms, used_size=14766080 bytes (36.0%)
(RDMA_READ_CONSUME_CHECK_CONSUMER) timestamp=8269 ms, used_size=14764032 bytes (36.0%)
(RDMA_READ_CONSUME_CHECK_CONSUMER) timestamp=8269 ms, used_size=14761984 bytes (36.0%)
(RDMA_READ_CONSUME_CHECK_CONSUMER) timestamp=8269 ms, used_size=14759936 bytes (36.0%)
(RDMA_READ_CONSUME_CHECK_CONSUMER) timestamp=8269 ms, used_size=14757888 bytes (36.0%)
(RDMA_READ_CONSUME_CHECK_CONSUMER) timestamp=8269 ms, used_size=14755840 bytes (36.0%)
(RDMA_READ_CONSUME_CHECK_CONSUMER) timestamp=8269 ms, used_size=14753792 bytes (36.0%)
(RDMA_READ_CONSUME_CHECK_CONSUMER) timestamp=8269 ms, used_size=14751744 bytes (36.0%)
(RDMA_READ_CONSUME_CHECK_CONSUMER) timestamp=8269 ms, used_size=14749696 bytes (36.0%)
(RDMA_READ_CONSUME_CHECK_CONSUMER) timestamp=8269 ms, used_size=14747648 bytes (36.0%)
(RDMA_READ_CONSUME_CHECK_CONSUMER) timestamp=8269 ms, used_size=14745600 bytes (36.0%)
(RDMA_READ_CONSUME_CHECK_CONSUMER) timestamp=8269 ms, used_size=14743552 bytes (36.0%)
(RDMA_READ_CONSUME_CHECK_CONSUMER) timestamp=8269 ms, used_size=14741504 bytes (36.0%)
(RDMA_READ_CONSUME_CHECK_CONSUMER) timestamp=8269 ms, used_size=14739456 bytes (36.0%)
(RDMA_READ_CONSUME_CHECK_CONSUMER) timestamp=8269 ms, used_size=14737408 bytes (36.0%)
(RDMA_READ_CONSUME_CHECK_CONSUMER) timestamp=8269 ms, used_size=14735360 bytes (36.0%)
(RDMA_READ_CONSUME_CHECK_CONSUMER) timestamp=8269 ms, used_size=14733312 bytes (36.0%)
(RDMA_READ_CONSUME_CHECK_CONSUMER) timestamp=8269 ms, used_size=14731264 bytes (36.0%)
(RDMA_READ_CONSUME_CHECK_CONSUMER) timestamp=8269 ms, used_size=14729216 bytes (36.0%)
(RDMA_READ_CONSUME_CHECK_CONSUMER) timestamp=8269 ms, used_size=14727168 bytes (36.0%)
(RDMA_READ_CONSUME_CHECK_CONSUMER) timestamp=8269 ms, used_size=14725120 bytes (36.0%)
(RDMA_READ_CONSUME_CHECK_CONSUMER) timestamp=8269 ms, used_size=14723072 bytes (35.9%)
(RDMA_READ_CONSUME_CHECK_CONSUMER) timestamp=8269 ms, used_size=14721024 bytes (35.9%)
(RDMA_READ_CONSUME_CHECK_CONSUMER) timestamp=8269 ms, used_size=14718976 bytes (35.9%)
(RDMA_READ_CONSUME_CHECK_CONSUMER) timestamp=8269 ms, used_size=14716928 bytes (35.9%)
(RDMA_READ_CONSUME_CHECK_CONSUMER) timestamp=8269 ms, used_size=14714880 bytes (35.9%)
(RDMA_READ_CONSUME_CHECK_CONSUMER) timestamp=8269 ms, used_size=14712832 bytes (35.9%)
(RDMA_READ_CONSUME_CHECK_CONSUMER) timestamp=8269 ms, used_size=14710784 bytes (35.9%)
(RDMA_READ_CONSUME_CHECK_CONSUMER) timestamp=8269 ms, used_size=14708736 bytes (35.9%)
(RDMA_READ_CONSUME_CHECK_CONSUMER) timestamp=8269 ms, used_size=14706688 bytes (35.9%)
(RDMA_READ_CONSUME_CHECK_CONSUMER) timestamp=8269 ms, used_size=14704640 bytes (35.9%)
(RDMA_READ_CONSUME_CHECK_CONSUMER) timestamp=8269 ms, used_size=14702592 bytes (35.9%)
(RDMA_READ_CONSUME_CHECK_CONSUMER) timestamp=8269 ms, used_size=14700544 bytes (35.9%)
(RDMA_READ_CONSUME_CHECK_CONSUMER) timestamp=8269 ms, used_size=14698496 bytes (35.9%)
(RDMA_READ_CONSUME_CHECK_CONSUMER) timestamp=8269 ms, used_size=14696448 bytes (35.9%)
(RDMA_READ_CONSUME_CHECK_CONSUMER) timestamp=8269 ms, used_size=14694400 bytes (35.9%)
(RDMA_READ_CONSUME_CHECK_CONSUMER) timestamp=8269 ms, used_size=14692352 bytes (35.9%)
(RDMA_READ_CONSUME_CHECK_CONSUMER) timestamp=8269 ms, used_size=14690304 bytes (35.9%)
(RDMA_READ_CONSUME_CHECK_CONSUMER) timestamp=8269 ms, used_size=14688256 bytes (35.9%)
(RDMA_READ_CONSUME_CHECK_CONSUMER) timestamp=8269 ms, used_size=14686208 bytes (35.9%)
(RDMA_READ_CONSUME_CHECK_CONSUMER) timestamp=8269 ms, used_size=14684160 bytes (35.9%)
(RDMA_READ_CONSUME_CHECK_CONSUMER) timestamp=8269 ms, used_size=14682112 bytes (35.8%)
(RDMA_READ_CONSUME_CHECK_CONSUMER) timestamp=8269 ms, used_size=14680064 bytes (35.8%)
(RDMA_READ_CONSUME_CHECK_CONSUMER) timestamp=8269 ms, used_size=14678016 bytes (35.8%)
(RDMA_READ_CONSUME_CHECK_CONSUMER) timestamp=8269 ms, used_size=14675968 bytes (35.8%)
(RDMA_READ_CONSUME_CHECK_CONSUMER) timestamp=8269 ms, used_size=14673920 bytes (35.8%)
(RDMA_READ_CONSUME_CHECK_CONSUMER) timestamp=8269 ms, used_size=14671872 bytes (35.8%)
(RDMA_READ_CONSUME_CHECK_CONSUMER) timestamp=8269 ms, used_size=14669824 bytes (35.8%)
(RDMA_READ_CONSUME_CHECK_CONSUMER) timestamp=8269 ms, used_size=14667776 bytes (35.8%)
(RDMA_READ_CONSUME_CHECK_CONSUMER) timestamp=8269 ms, used_size=14665728 bytes (35.8%)
(RDMA_READ_CONSUME_CHECK_CONSUMER) timestamp=8269 ms, used_size=14663680 bytes (35.8%)
(RDMA_READ_CONSUME_CHECK_CONSUMER) timestamp=8269 ms, used_size=14661632 bytes (35.8%)
(RDMA_READ_CONSUME_CHECK_CONSUMER) timestamp=8269 ms, used_size=14659584 bytes (35.8%)
(RDMA_READ_CONSUME_CHECK_CONSUMER) timestamp=8269 ms, used_size=14657536 bytes (35.8%)
(RDMA_READ_CONSUME_CHECK_CONSUMER) timestamp=8269 ms, used_size=14655488 bytes (35.8%)
(RDMA_READ_CONSUME_CHECK_CONSUMER) timestamp=8269 ms, used_size=14653440 bytes (35.8%)
(RDMA_READ_CONSUME_CHECK_CONSUMER) timestamp=8269 ms, used_size=14651392 bytes (35.8%)
(RDMA_READ_CONSUME_CHECK_CONSUMER) timestamp=8269 ms, used_size=14649344 bytes (35.8%)
(RDMA_READ_CONSUME_CHECK_CONSUMER) timestamp=8269 ms, used_size=14647296 bytes (35.8%)
(RDMA_READ_CONSUME_CHECK_CONSUMER) timestamp=8269 ms, used_size=14645248 bytes (35.8%)
(RDMA_READ_CONSUME_CHECK_CONSUMER) timestamp=8269 ms, used_size=14643200 bytes (35.8%)
(RDMA_READ_CONSUME_CHECK_CONSUMER) timestamp=8269 ms, used_size=14641152 bytes (35.7%)
(RDMA_READ_CONSUME_CHECK_CONSUMER) timestamp=8269 ms, used_size=14639104 bytes (35.7%)
(RDMA_READ_CONSUME_CHECK_CONSUMER) timestamp=8269 ms, used_size=14637056 bytes (35.7%)
(RDMA_READ_CONSUME_CHECK_CONSUMER) timestamp=8269 ms, used_size=14635008 bytes (35.7%)
(RDMA_READ_CONSUME_CHECK_CONSUMER) timestamp=8269 ms, used_size=14632960 bytes (35.7%)
(RDMA_READ_CONSUME_CHECK_CONSUMER) timestamp=8269 ms, used_size=14630912 bytes (35.7%)
(RDMA_READ_CONSUME_CHECK_CONSUMER) timestamp=8269 ms, used_size=14628864 bytes (35.7%)
(RDMA_READ_CONSUME_CHECK_CONSUMER) timestamp=8269 ms, used_size=14626816 bytes (35.7%)
(RDMA_READ_CONSUME_CHECK_CONSUMER) timestamp=8269 ms, used_size=14624768 bytes (35.7%)
(RDMA_READ_CONSUME_CHECK_CONSUMER) timestamp=8269 ms, used_size=14622720 bytes (35.7%)
(RDMA_READ_CONSUME_CHECK_CONSUMER) timestamp=8269 ms, used_size=14620672 bytes (35.7%)
(RDMA_READ_CONSUME_CHECK_CONSUMER) timestamp=8269 ms, used_size=14618624 bytes (35.7%)
(RDMA_READ_CONSUME_CHECK_CONSUMER) timestamp=8269 ms, used_size=14616576 bytes (35.7%)
(RDMA_READ_CONSUME_CHECK_CONSUMER) timestamp=8269 ms, used_size=14614528 bytes (35.7%)
(RDMA_READ_CONSUME_CHECK_CONSUMER) timestamp=8269 ms, used_size=14612480 bytes (35.7%)
(RDMA_READ_CONSUME_CHECK_CONSUMER) timestamp=8269 ms, used_size=14610432 bytes (35.7%)
(RDMA_READ_CONSUME_CHECK_CONSUMER) timestamp=8269 ms, used_size=14608384 bytes (35.7%)
(RDMA_READ_CONSUME_CHECK_CONSUMER) timestamp=8269 ms, used_size=14606336 bytes (35.7%)
(RDMA_READ_CONSUME_CHECK_CONSUMER) timestamp=8269 ms, used_size=14604288 bytes (35.7%)
(RDMA_READ_CONSUME_CHECK_CONSUMER) timestamp=8269 ms, used_size=14602240 bytes (35.6%)
(RDMA_READ_CONSUME_CHECK_CONSUMER) timestamp=8269 ms, used_size=14600192 bytes (35.6%)
(RDMA_READ_CONSUME_CHECK_CONSUMER) timestamp=8269 ms, used_size=14598144 bytes (35.6%)
(RDMA_READ_CONSUME_CHECK_CONSUMER) timestamp=8269 ms, used_size=14596096 bytes (35.6%)
(RDMA_READ_CONSUME_CHECK_CONSUMER) timestamp=8269 ms, used_size=14594048 bytes (35.6%)
(RDMA_READ_CONSUME_CHECK_CONSUMER) timestamp=8269 ms, used_size=14592000 bytes (35.6%)
(RDMA_READ_CONSUME_CHECK_CONSUMER) timestamp=8269 ms, used_size=14589952 bytes (35.6%)
(RDMA_READ_CONSUME_CHECK_CONSUMER) timestamp=8269 ms, used_size=14587904 bytes (35.6%)
(RDMA_READ_CONSUME_CHECK_CONSUMER) timestamp=8269 ms, used_size=14585856 bytes (35.6%)
(RDMA_READ_CONSUME_CHECK_CONSUMER) timestamp=8269 ms, used_size=14583808 bytes (35.6%)
(RDMA_READ_CONSUME_CHECK_CONSUMER) timestamp=8269 ms, used_size=14581760 bytes (35.6%)
(RDMA_READ_CONSUME_CHECK_CONSUMER) timestamp=8269 ms, used_size=14579712 bytes (35.6%)
(RDMA_READ_CONSUME_CHECK_CONSUMER) timestamp=8269 ms, used_size=14577664 bytes (35.6%)
(RDMA_READ_CONSUME_CHECK_CONSUMER) timestamp=8269 ms, used_size=14575616 bytes (35.6%)
(RDMA_READ_CONSUME_CHECK_CONSUMER) timestamp=8269 ms, used_size=14573568 bytes (35.6%)
(RDMA_READ_CONSUME_CHECK_CONSUMER) timestamp=8269 ms, used_size=14571520 bytes (35.6%)
(RDMA_READ_CONSUME_CHECK_CONSUMER) timestamp=8269 ms, used_size=14569472 bytes (35.6%)
(RDMA_READ_CONSUME_CHECK_CONSUMER) timestamp=8269 ms, used_size=14567424 bytes (35.6%)
(RDMA_READ_CONSUME_CHECK_CONSUMER) timestamp=8269 ms, used_size=14565376 bytes (35.6%)
(RDMA_READ_CONSUME_CHECK_CONSUMER) timestamp=8269 ms, used_size=14563328 bytes (35.6%)
(RDMA_READ_CONSUME_CHECK_CONSUMER) timestamp=8269 ms, used_size=14561280 bytes (35.5%)
(RDMA_READ_CONSUME_CHECK_CONSUMER) timestamp=8269 ms, used_size=14559232 bytes (35.5%)
(RDMA_READ_CONSUME_CHECK_CONSUMER) timestamp=8269 ms, used_size=14557184 bytes (35.5%)
(RDMA_READ_CONSUME_CHECK_CONSUMER) timestamp=8269 ms, used_size=14555136 bytes (35.5%)
(RDMA_READ_CONSUME_CHECK_CONSUMER) timestamp=8269 ms, used_size=14553088 bytes (35.5%)
(RDMA_READ_CONSUME_CHECK_CONSUMER) timestamp=8269 ms, used_size=14551040 bytes (35.5%)
(RDMA_READ_CONSUME_CHECK_CONSUMER) timestamp=8269 ms, used_size=14548992 bytes (35.5%)
(RDMA_READ_CONSUME_CHECK_CONSUMER) timestamp=8269 ms, used_size=14546944 bytes (35.5%)
(RDMA_READ_CONSUME_CHECK_CONSUMER) timestamp=8269 ms, used_size=14544896 bytes (35.5%)
(RDMA_READ_CONSUME_CHECK_CONSUMER) timestamp=8269 ms, used_size=14542848 bytes (35.5%)
(RDMA_READ_CONSUME_CHECK_CONSUMER) timestamp=8269 ms, used_size=14540800 bytes (35.5%)
(RDMA_READ_CONSUME_CHECK_CONSUMER) timestamp=8269 ms, used_size=14538752 bytes (35.5%)
(RDMA_READ_CONSUME_CHECK_CONSUMER) timestamp=8269 ms, used_size=14536704 bytes (35.5%)
(RDMA_READ_CONSUME_CHECK_CONSUMER) timestamp=8269 ms, used_size=14534656 bytes (35.5%)
(RDMA_READ_CONSUME_CHECK_CONSUMER) timestamp=8269 ms, used_size=14532608 bytes (35.5%)
(RDMA_READ_CONSUME_CHECK_CONSUMER) timestamp=8269 ms, used_size=14530560 bytes (35.5%)
(RDMA_READ_CONSUME_CHECK_CONSUMER) timestamp=8269 ms, used_size=14528512 bytes (35.5%)
(RDMA_READ_CONSUME_CHECK_CONSUMER) timestamp=8269 ms, used_size=14526464 bytes (35.5%)
(RDMA_READ_CONSUME_CHECK_CONSUMER) timestamp=8269 ms, used_size=14524416 bytes (35.5%)
(RDMA_READ_CONSUME_CHECK_CONSUMER) timestamp=8269 ms, used_size=14522368 bytes (35.5%)
(RDMA_READ_CONSUME_CHECK_CONSUMER) timestamp=8269 ms, used_size=14520320 bytes (35.5%)
(RDMA_READ_CONSUME_CHECK_CONSUMER) timestamp=8269 ms, used_size=14518272 bytes (35.4%)
(RDMA_READ_CONSUME_CHECK_CONSUMER) timestamp=8269 ms, used_size=14516224 bytes (35.4%)
(RDMA_READ_CONSUME_CHECK_CONSUMER) timestamp=8269 ms, used_size=14514176 bytes (35.4%)
(RDMA_READ_CONSUME_CHECK_CONSUMER) timestamp=8269 ms, used_size=14512128 bytes (35.4%)
(RDMA_READ_CONSUME_CHECK_CONSUMER) timestamp=8269 ms, used_size=14510080 bytes (35.4%)
(RDMA_READ_CONSUME_CHECK_CONSUMER) timestamp=8269 ms, used_size=14508032 bytes (35.4%)
(RDMA_READ_CONSUME_CHECK_CONSUMER) timestamp=8270 ms, used_size=14505984 bytes (35.4%)
(RDMA_READ_CONSUME_CHECK_CONSUMER) timestamp=8270 ms, used_size=14503936 bytes (35.4%)
(RDMA_READ_CONSUME_CHECK_CONSUMER) timestamp=8270 ms, used_size=14501888 bytes (35.4%)
(RDMA_READ_CONSUME_CHECK_CONSUMER) timestamp=8270 ms, used_size=14499840 bytes (35.4%)
(RDMA_READ_CONSUME_CHECK_CONSUMER) timestamp=8270 ms, used_size=14497792 bytes (35.4%)
(RDMA_READ_CONSUME_CHECK_CONSUMER) timestamp=8270 ms, used_size=14495744 bytes (35.4%)
(RDMA_READ_CONSUME_CHECK_CONSUMER) timestamp=8270 ms, used_size=14493696 bytes (35.4%)
(RDMA_READ_CONSUME_CHECK_CONSUMER) timestamp=8270 ms, used_size=14491648 bytes (35.4%)
(RDMA_READ_CONSUME_CHECK_CONSUMER) timestamp=8270 ms, used_size=14489600 bytes (35.4%)
(RDMA_READ_CONSUME_CHECK_CONSUMER) timestamp=8270 ms, used_size=14487552 bytes (35.4%)
(RDMA_READ_CONSUME_CHECK_CONSUMER) timestamp=8270 ms, used_size=14485504 bytes (35.4%)
(RDMA_READ_CONSUME_CHECK_CONSUMER) timestamp=8270 ms, used_size=14483456 bytes (35.4%)
(RDMA_READ_CONSUME_CHECK_CONSUMER) timestamp=8270 ms, used_size=14481408 bytes (35.4%)
(RDMA_READ_CONSUME_CHECK_CONSUMER) timestamp=8270 ms, used_size=14479360 bytes (35.4%)
(RDMA_READ_CONSUME_CHECK_CONSUMER) timestamp=8270 ms, used_size=14477312 bytes (35.3%)
(RDMA_READ_CONSUME_CHECK_CONSUMER) timestamp=8270 ms, used_size=14475264 bytes (35.3%)
(RDMA_READ_CONSUME_CHECK_CONSUMER) timestamp=8270 ms, used_size=14473216 bytes (35.3%)
(RDMA_READ_CONSUME_CHECK_CONSUMER) timestamp=8270 ms, used_size=14471168 bytes (35.3%)
(RDMA_READ_CONSUME_CHECK_CONSUMER) timestamp=8270 ms, used_size=14469120 bytes (35.3%)
(RDMA_READ_CONSUME_CHECK_CONSUMER) timestamp=8270 ms, used_size=14467072 bytes (35.3%)
(RDMA_READ_CONSUME_CHECK_CONSUMER) timestamp=8270 ms, used_size=14465024 bytes (35.3%)
(RDMA_READ_CONSUME_CHECK_CONSUMER) timestamp=8270 ms, used_size=14462976 bytes (35.3%)
(RDMA_READ_CONSUME_CHECK_CONSUMER) timestamp=8270 ms, used_size=14460928 bytes (35.3%)
(RDMA_READ_CONSUME_CHECK_CONSUMER) timestamp=8270 ms, used_size=14458880 bytes (35.3%)
(RDMA_READ_CONSUME_CHECK_CONSUMER) timestamp=8270 ms, used_size=14456832 bytes (35.3%)
(RDMA_READ_CONSUME_CHECK_CONSUMER) timestamp=8270 ms, used_size=14454784 bytes (35.3%)
(RDMA_READ_CONSUME_CHECK_CONSUMER) timestamp=8270 ms, used_size=14452736 bytes (35.3%)
(RDMA_READ_CONSUME_CHECK_CONSUMER) timestamp=8270 ms, used_size=14450688 bytes (35.3%)
(RDMA_READ_CONSUME_CHECK_CONSUMER) timestamp=8270 ms, used_size=14448640 bytes (35.3%)
(RDMA_READ_CONSUME_CHECK_CONSUMER) timestamp=8270 ms, used_size=14446592 bytes (35.3%)
(RDMA_READ_CONSUME_CHECK_CONSUMER) timestamp=8270 ms, used_size=14444544 bytes (35.3%)
(RDMA_READ_CONSUME_CHECK_CONSUMER) timestamp=8270 ms, used_size=14442496 bytes (35.3%)
(RDMA_READ_CONSUME_CHECK_CONSUMER) timestamp=8270 ms, used_size=14440448 bytes (35.3%)
(RDMA_READ_CONSUME_CHECK_CONSUMER) timestamp=8270 ms, used_size=14438400 bytes (35.2%)
(RDMA_READ_CONSUME_CHECK_CONSUMER) timestamp=8270 ms, used_size=14436352 bytes (35.2%)
(RDMA_READ_CONSUME_CHECK_CONSUMER) timestamp=8270 ms, used_size=14434304 bytes (35.2%)
(RDMA_READ_CONSUME_CHECK_CONSUMER) timestamp=8270 ms, used_size=14432256 bytes (35.2%)
(RDMA_READ_CONSUME_CHECK_CONSUMER) timestamp=8270 ms, used_size=14430208 bytes (35.2%)
(RDMA_READ_CONSUME_CHECK_CONSUMER) timestamp=8270 ms, used_size=14428160 bytes (35.2%)
(RDMA_READ_CONSUME_CHECK_CONSUMER) timestamp=8270 ms, used_size=14426112 bytes (35.2%)
(RDMA_READ_CONSUME_CHECK_CONSUMER) timestamp=8270 ms, used_size=14424064 bytes (35.2%)
(RDMA_READ_CONSUME_CHECK_CONSUMER) timestamp=8270 ms, used_size=14422016 bytes (35.2%)
(RDMA_READ_CONSUME_CHECK_CONSUMER) timestamp=8270 ms, used_size=14419968 bytes (35.2%)
(RDMA_READ_CONSUME_CHECK_CONSUMER) timestamp=8270 ms, used_size=14417920 bytes (35.2%)
(RDMA_READ_CONSUME_CHECK_CONSUMER) timestamp=8270 ms, used_size=14415872 bytes (35.2%)
(RDMA_READ_CONSUME_CHECK_CONSUMER) timestamp=8270 ms, used_size=14413824 bytes (35.2%)
(RDMA_READ_CONSUME_CHECK_CONSUMER) timestamp=8270 ms, used_size=14411776 bytes (35.2%)
(RDMA_READ_CONSUME_CHECK_CONSUMER) timestamp=8270 ms, used_size=14409728 bytes (35.2%)
(RDMA_READ_CONSUME_CHECK_CONSUMER) timestamp=8270 ms, used_size=14407680 bytes (35.2%)
(RDMA_READ_CONSUME_CHECK_CONSUMER) timestamp=8270 ms, used_size=14405632 bytes (35.2%)
(RDMA_READ_CONSUME_CHECK_CONSUMER) timestamp=8270 ms, used_size=14403584 bytes (35.2%)
(RDMA_READ_CONSUME_CHECK_CONSUMER) timestamp=8270 ms, used_size=14401536 bytes (35.2%)
(RDMA_READ_CONSUME_CHECK_CONSUMER) timestamp=8270 ms, used_size=14399488 bytes (35.2%)
(RDMA_READ_CONSUME_CHECK_CONSUMER) timestamp=8270 ms, used_size=14397440 bytes (35.1%)
(RDMA_READ_CONSUME_CHECK_CONSUMER) timestamp=8270 ms, used_size=14395392 bytes (35.1%)
(RDMA_READ_CONSUME_CHECK_CONSUMER) timestamp=8270 ms, used_size=14393344 bytes (35.1%)
(RDMA_READ_CONSUME_CHECK_CONSUMER) timestamp=8270 ms, used_size=14391296 bytes (35.1%)
(RDMA_READ_CONSUME_CHECK_CONSUMER) timestamp=8270 ms, used_size=14389248 bytes (35.1%)
(RDMA_READ_CONSUME_CHECK_CONSUMER) timestamp=8270 ms, used_size=14387200 bytes (35.1%)
(RDMA_READ_CONSUME_CHECK_CONSUMER) timestamp=8270 ms, used_size=14385152 bytes (35.1%)
(RDMA_READ_CONSUME_CHECK_CONSUMER) timestamp=8270 ms, used_size=14383104 bytes (35.1%)
(RDMA_READ_CONSUME_CHECK_CONSUMER) timestamp=8270 ms, used_size=14381056 bytes (35.1%)
(RDMA_READ_CONSUME_CHECK_CONSUMER) timestamp=8270 ms, used_size=14379008 bytes (35.1%)
(RDMA_READ_CONSUME_CHECK_CONSUMER) timestamp=8270 ms, used_size=14376960 bytes (35.1%)
(RDMA_READ_CONSUME_CHECK_CONSUMER) timestamp=8270 ms, used_size=14374912 bytes (35.1%)
(RDMA_READ_CONSUME_CHECK_CONSUMER) timestamp=8270 ms, used_size=14372864 bytes (35.1%)
(RDMA_READ_CONSUME_CHECK_CONSUMER) timestamp=8270 ms, used_size=14370816 bytes (35.1%)
(RDMA_READ_CONSUME_CHECK_CONSUMER) timestamp=8270 ms, used_size=14368768 bytes (35.1%)
(RDMA_READ_CONSUME_CHECK_CONSUMER) timestamp=8270 ms, used_size=14366720 bytes (35.1%)
(RDMA_READ_CONSUME_CHECK_CONSUMER) timestamp=8270 ms, used_size=14364672 bytes (35.1%)
(RDMA_READ_CONSUME_CHECK_CONSUMER) timestamp=8270 ms, used_size=14362624 bytes (35.1%)
(RDMA_READ_CONSUME_CHECK_CONSUMER) timestamp=8270 ms, used_size=14360576 bytes (35.1%)
(RDMA_READ_CONSUME_CHECK_CONSUMER) timestamp=8270 ms, used_size=14358528 bytes (35.1%)
(RDMA_READ_CONSUME_CHECK_CONSUMER) timestamp=8270 ms, used_size=14356480 bytes (35.0%)
(RDMA_READ_CONSUME_CHECK_CONSUMER) timestamp=8270 ms, used_size=14354432 bytes (35.0%)
(RDMA_READ_CONSUME_CHECK_CONSUMER) timestamp=8270 ms, used_size=14352384 bytes (35.0%)
(RDMA_READ_CONSUME_CHECK_CONSUMER) timestamp=8270 ms, used_size=14350336 bytes (35.0%)
(RDMA_READ_CONSUME_CHECK_CONSUMER) timestamp=8270 ms, used_size=14348288 bytes (35.0%)
(RDMA_READ_CONSUME_CHECK_CONSUMER) timestamp=8270 ms, used_size=14346240 bytes (35.0%)
(RDMA_READ_CONSUME_CHECK_CONSUMER) timestamp=8270 ms, used_size=14344192 bytes (35.0%)
(RDMA_READ_CONSUME_CHECK_CONSUMER) timestamp=8270 ms, used_size=14342144 bytes (35.0%)
(RDMA_READ_CONSUME_CHECK_CONSUMER) timestamp=8270 ms, used_size=14340096 bytes (35.0%)
(RDMA_READ_CONSUME_CHECK_CONSUMER) timestamp=8270 ms, used_size=14338048 bytes (35.0%)
(RDMA_READ_CONSUME_CHECK_CONSUMER) timestamp=8270 ms, used_size=14336000 bytes (35.0%)
(RDMA_READ_CONSUME_CHECK_CONSUMER) timestamp=8270 ms, used_size=14333952 bytes (35.0%)
(RDMA_READ_CONSUME_CHECK_CONSUMER) timestamp=8270 ms, used_size=14331904 bytes (35.0%)
(RDMA_READ_CONSUME_CHECK_CONSUMER) timestamp=8270 ms, used_size=14329856 bytes (35.0%)
(RDMA_READ_CONSUME_CHECK_CONSUMER) timestamp=8270 ms, used_size=14327808 bytes (35.0%)
(RDMA_READ_CONSUME_CHECK_CONSUMER) timestamp=8270 ms, used_size=14325760 bytes (35.0%)
(RDMA_READ_CONSUME_CHECK_CONSUMER) timestamp=8270 ms, used_size=14323712 bytes (35.0%)
(RDMA_READ_CONSUME_CHECK_CONSUMER) timestamp=8270 ms, used_size=14321664 bytes (35.0%)
(RDMA_READ_CONSUME_CHECK_CONSUMER) timestamp=8270 ms, used_size=14319616 bytes (35.0%)
(RDMA_READ_CONSUME_CHECK_CONSUMER) timestamp=8270 ms, used_size=14317568 bytes (35.0%)
(RDMA_READ_CONSUME_CHECK_CONSUMER) timestamp=8270 ms, used_size=14315520 bytes (35.0%)
(RDMA_READ_CONSUME_CHECK_CONSUMER) timestamp=8270 ms, used_size=14313472 bytes (34.9%)
(RDMA_READ_CONSUME_CHECK_CONSUMER) timestamp=8270 ms, used_size=14311424 bytes (34.9%)
(RDMA_READ_CONSUME_CHECK_CONSUMER) timestamp=8270 ms, used_size=14309376 bytes (34.9%)
(RDMA_READ_CONSUME_CHECK_CONSUMER) timestamp=8270 ms, used_size=14307328 bytes (34.9%)
(RDMA_READ_CONSUME_CHECK_CONSUMER) timestamp=8270 ms, used_size=14305280 bytes (34.9%)
(RDMA_READ_CONSUME_CHECK_CONSUMER) timestamp=8270 ms, used_size=14303232 bytes (34.9%)
(RDMA_READ_CONSUME_CHECK_CONSUMER) timestamp=8270 ms, used_size=14301184 bytes (34.9%)
(RDMA_READ_CONSUME_CHECK_CONSUMER) timestamp=8270 ms, used_size=14299136 bytes (34.9%)
(RDMA_READ_CONSUME_CHECK_CONSUMER) timestamp=8270 ms, used_size=14297088 bytes (34.9%)
(RDMA_READ_CONSUME_CHECK_CONSUMER) timestamp=8270 ms, used_size=14295040 bytes (34.9%)
(RDMA_READ_CONSUME_CHECK_CONSUMER) timestamp=8270 ms, used_size=14292992 bytes (34.9%)
(RDMA_READ_CONSUME_CHECK_CONSUMER) timestamp=8270 ms, used_size=14290944 bytes (34.9%)
(RDMA_READ_CONSUME_CHECK_CONSUMER) timestamp=8270 ms, used_size=14288896 bytes (34.9%)
(RDMA_READ_CONSUME_CHECK_CONSUMER) timestamp=8270 ms, used_size=14286848 bytes (34.9%)
(RDMA_READ_CONSUME_CHECK_CONSUMER) timestamp=8270 ms, used_size=14284800 bytes (34.9%)
(RDMA_READ_CONSUME_CHECK_CONSUMER) timestamp=8270 ms, used_size=14282752 bytes (34.9%)
(RDMA_READ_CONSUME_CHECK_CONSUMER) timestamp=8270 ms, used_size=14280704 bytes (34.9%)
(RDMA_READ_CONSUME_CHECK_CONSUMER) timestamp=8270 ms, used_size=14278656 bytes (34.9%)
(RDMA_READ_CONSUME_CHECK_CONSUMER) timestamp=8270 ms, used_size=14276608 bytes (34.9%)
(RDMA_READ_CONSUME_CHECK_CONSUMER) timestamp=8270 ms, used_size=14274560 bytes (34.9%)
(RDMA_READ_CONSUME_CHECK_CONSUMER) timestamp=8270 ms, used_size=14272512 bytes (34.8%)
(RDMA_READ_CONSUME_CHECK_CONSUMER) timestamp=8270 ms, used_size=14270464 bytes (34.8%)
(RDMA_READ_CONSUME_CHECK_CONSUMER) timestamp=8270 ms, used_size=14268416 bytes (34.8%)
(RDMA_READ_CONSUME_CHECK_CONSUMER) timestamp=8270 ms, used_size=14266368 bytes (34.8%)
(RDMA_READ_CONSUME_CHECK_CONSUMER) timestamp=8270 ms, used_size=14264320 bytes (34.8%)
(RDMA_READ_CONSUME_CHECK_CONSUMER) timestamp=8270 ms, used_size=14262272 bytes (34.8%)
(RDMA_READ_CONSUME_CHECK_CONSUMER) timestamp=8270 ms, used_size=14260224 bytes (34.8%)
(RDMA_READ_CONSUME_CHECK_CONSUMER) timestamp=8270 ms, used_size=14258176 bytes (34.8%)
(RDMA_READ_CONSUME_CHECK_CONSUMER) timestamp=8270 ms, used_size=14256128 bytes (34.8%)
(RDMA_READ_CONSUME_CHECK_CONSUMER) timestamp=8270 ms, used_size=14254080 bytes (34.8%)
(RDMA_READ_CONSUME_CHECK_CONSUMER) timestamp=8270 ms, used_size=14252032 bytes (34.8%)
(RDMA_READ_CONSUME_CHECK_CONSUMER) timestamp=8270 ms, used_size=14249984 bytes (34.8%)
(RDMA_READ_CONSUME_CHECK_CONSUMER) timestamp=8270 ms, used_size=14247936 bytes (34.8%)
(RDMA_READ_CONSUME_CHECK_CONSUMER) timestamp=8270 ms, used_size=14245888 bytes (34.8%)
(RDMA_READ_CONSUME_CHECK_CONSUMER) timestamp=8270 ms, used_size=14243840 bytes (34.8%)
(RDMA_READ_CONSUME_CHECK_CONSUMER) timestamp=8270 ms, used_size=14241792 bytes (34.8%)
(RDMA_READ_CONSUME_CHECK_CONSUMER) timestamp=8270 ms, used_size=14239744 bytes (34.8%)
(RDMA_READ_CONSUME_CHECK_CONSUMER) timestamp=8270 ms, used_size=14237696 bytes (34.8%)
(RDMA_READ_CONSUME_CHECK_CONSUMER) timestamp=8270 ms, used_size=14235648 bytes (34.8%)
(RDMA_READ_CONSUME_CHECK_CONSUMER) timestamp=8270 ms, used_size=14233600 bytes (34.8%)
(RDMA_READ_CONSUME_CHECK_CONSUMER) timestamp=8270 ms, used_size=14231552 bytes (34.7%)
(RDMA_READ_CONSUME_CHECK_CONSUMER) timestamp=8270 ms, used_size=14229504 bytes (34.7%)
(RDMA_READ_CONSUME_CHECK_CONSUMER) timestamp=8270 ms, used_size=14227456 bytes (34.7%)
(RDMA_READ_CONSUME_CHECK_CONSUMER) timestamp=8270 ms, used_size=14225408 bytes (34.7%)
(RDMA_READ_CONSUME_CHECK_CONSUMER) timestamp=8270 ms, used_size=14223360 bytes (34.7%)
(RDMA_READ_CONSUME_CHECK_CONSUMER) timestamp=8270 ms, used_size=14221312 bytes (34.7%)
(RDMA_READ_CONSUME_CHECK_CONSUMER) timestamp=8270 ms, used_size=14219264 bytes (34.7%)
(RDMA_READ_CONSUME_CHECK_CONSUMER) timestamp=8270 ms, used_size=14217216 bytes (34.7%)
(RDMA_READ_CONSUME_CHECK_CONSUMER) timestamp=8270 ms, used_size=14215168 bytes (34.7%)
(RDMA_READ_CONSUME_CHECK_CONSUMER) timestamp=8270 ms, used_size=14213120 bytes (34.7%)
(RDMA_READ_CONSUME_CHECK_CONSUMER) timestamp=8270 ms, used_size=14211072 bytes (34.7%)
(RDMA_READ_CONSUME_CHECK_CONSUMER) timestamp=8270 ms, used_size=14209024 bytes (34.7%)
(RDMA_READ_CONSUME_CHECK_CONSUMER) timestamp=8270 ms, used_size=14206976 bytes (34.7%)
(RDMA_READ_CONSUME_CHECK_CONSUMER) timestamp=8270 ms, used_size=14204928 bytes (34.7%)
(RDMA_READ_CONSUME_CHECK_CONSUMER) timestamp=8270 ms, used_size=14202880 bytes (34.7%)
(RDMA_READ_CONSUME_CHECK_CONSUMER) timestamp=8270 ms, used_size=14200832 bytes (34.7%)
(RDMA_READ_CONSUME_CHECK_CONSUMER) timestamp=8270 ms, used_size=14198784 bytes (34.7%)
(RDMA_READ_CONSUME_CHECK_CONSUMER) timestamp=8270 ms, used_size=14196736 bytes (34.7%)
(RDMA_READ_CONSUME_CHECK_CONSUMER) timestamp=8270 ms, used_size=14194688 bytes (34.7%)
(RDMA_READ_CONSUME_CHECK_CONSUMER) timestamp=8270 ms, used_size=14192640 bytes (34.6%)
(RDMA_READ_CONSUME_CHECK_CONSUMER) timestamp=8270 ms, used_size=14190592 bytes (34.6%)
(RDMA_READ_CONSUME_CHECK_CONSUMER) timestamp=8270 ms, used_size=14188544 bytes (34.6%)
(RDMA_READ_CONSUME_CHECK_CONSUMER) timestamp=8270 ms, used_size=14186496 bytes (34.6%)
(RDMA_READ_CONSUME_CHECK_CONSUMER) timestamp=8270 ms, used_size=14184448 bytes (34.6%)
(RDMA_READ_CONSUME_CHECK_CONSUMER) timestamp=8270 ms, used_size=14182400 bytes (34.6%)
(RDMA_READ_CONSUME_CHECK_CONSUMER) timestamp=8270 ms, used_size=14180352 bytes (34.6%)
(RDMA_READ_CONSUME_CHECK_CONSUMER) timestamp=8270 ms, used_size=14178304 bytes (34.6%)
(RDMA_READ_CONSUME_CHECK_CONSUMER) timestamp=8270 ms, used_size=14176256 bytes (34.6%)
(RDMA_READ_CONSUME_CHECK_CONSUMER) timestamp=8270 ms, used_size=14174208 bytes (34.6%)
(RDMA_READ_CONSUME_CHECK_CONSUMER) timestamp=8270 ms, used_size=14172160 bytes (34.6%)
(RDMA_READ_CONSUME_CHECK_CONSUMER) timestamp=8270 ms, used_size=14170112 bytes (34.6%)
(RDMA_READ_CONSUME_CHECK_CONSUMER) timestamp=8270 ms, used_size=14168064 bytes (34.6%)
(RDMA_READ_CONSUME_CHECK_CONSUMER) timestamp=8270 ms, used_size=14166016 bytes (34.6%)
(RDMA_READ_CONSUME_CHECK_CONSUMER) timestamp=8270 ms, used_size=14163968 bytes (34.6%)
(RDMA_READ_CONSUME_CHECK_CONSUMER) timestamp=8270 ms, used_size=14161920 bytes (34.6%)
(RDMA_READ_CONSUME_CHECK_CONSUMER) timestamp=8270 ms, used_size=14159872 bytes (34.6%)
(RDMA_READ_CONSUME_CHECK_CONSUMER) timestamp=8270 ms, used_size=14157824 bytes (34.6%)
(RDMA_READ_CONSUME_CHECK_CONSUMER) timestamp=8270 ms, used_size=14155776 bytes (34.6%)
(RDMA_READ_CONSUME_CHECK_CONSUMER) timestamp=8270 ms, used_size=14153728 bytes (34.6%)
(RDMA_READ_CONSUME_CHECK_CONSUMER) timestamp=8270 ms, used_size=14151680 bytes (34.5%)
(RDMA_READ_CONSUME_CHECK_CONSUMER) timestamp=8270 ms, used_size=14149632 bytes (34.5%)
(RDMA_READ_CONSUME_CHECK_CONSUMER) timestamp=8270 ms, used_size=14147584 bytes (34.5%)
(RDMA_READ_CONSUME_CHECK_CONSUMER) timestamp=8270 ms, used_size=14145536 bytes (34.5%)
(RDMA_READ_CONSUME_CHECK_CONSUMER) timestamp=8270 ms, used_size=14143488 bytes (34.5%)
(RDMA_READ_CONSUME_CHECK_CONSUMER) timestamp=8270 ms, used_size=14141440 bytes (34.5%)
(RDMA_READ_CONSUME_CHECK_CONSUMER) timestamp=8270 ms, used_size=14139392 bytes (34.5%)
(RDMA_READ_CONSUME_CHECK_CONSUMER) timestamp=8271 ms, used_size=14137344 bytes (34.5%)
(RDMA_READ_CONSUME_CHECK_CONSUMER) timestamp=8271 ms, used_size=14135296 bytes (34.5%)
(RDMA_READ_CONSUME_CHECK_CONSUMER) timestamp=8271 ms, used_size=14133248 bytes (34.5%)
(RDMA_READ_CONSUME_CHECK_CONSUMER) timestamp=8271 ms, used_size=14131200 bytes (34.5%)
(RDMA_READ_CONSUME_CHECK_CONSUMER) timestamp=8271 ms, used_size=14129152 bytes (34.5%)
(RDMA_READ_CONSUME_CHECK_CONSUMER) timestamp=8271 ms, used_size=14127104 bytes (34.5%)
(RDMA_READ_CONSUME_CHECK_CONSUMER) timestamp=8271 ms, used_size=14125056 bytes (34.5%)
(RDMA_READ_CONSUME_CHECK_CONSUMER) timestamp=8271 ms, used_size=14123008 bytes (34.5%)
(RDMA_READ_CONSUME_CHECK_CONSUMER) timestamp=8271 ms, used_size=14120960 bytes (34.5%)
(RDMA_READ_CONSUME_CHECK_CONSUMER) timestamp=8271 ms, used_size=14118912 bytes (34.5%)
(RDMA_READ_CONSUME_CHECK_CONSUMER) timestamp=8271 ms, used_size=14116864 bytes (34.5%)
(RDMA_READ_CONSUME_CHECK_CONSUMER) timestamp=8271 ms, used_size=14114816 bytes (34.5%)
(RDMA_READ_CONSUME_CHECK_CONSUMER) timestamp=8271 ms, used_size=14112768 bytes (34.5%)
(RDMA_READ_CONSUME_CHECK_CONSUMER) timestamp=8271 ms, used_size=14110720 bytes (34.5%)
(RDMA_READ_CONSUME_CHECK_CONSUMER) timestamp=8271 ms, used_size=14108672 bytes (34.4%)
(RDMA_READ_CONSUME_CHECK_CONSUMER) timestamp=8271 ms, used_size=14106624 bytes (34.4%)
(RDMA_READ_CONSUME_CHECK_CONSUMER) timestamp=8271 ms, used_size=14104576 bytes (34.4%)
(RDMA_READ_CONSUME_CHECK_CONSUMER) timestamp=8271 ms, used_size=14102528 bytes (34.4%)
(RDMA_READ_CONSUME_CHECK_CONSUMER) timestamp=8271 ms, used_size=14100480 bytes (34.4%)
(RDMA_READ_CONSUME_CHECK_CONSUMER) timestamp=8271 ms, used_size=14098432 bytes (34.4%)
(RDMA_READ_CONSUME_CHECK_CONSUMER) timestamp=8271 ms, used_size=14096384 bytes (34.4%)
(RDMA_READ_CONSUME_CHECK_CONSUMER) timestamp=8271 ms, used_size=14094336 bytes (34.4%)
(RDMA_READ_CONSUME_CHECK_CONSUMER) timestamp=8271 ms, used_size=14092288 bytes (34.4%)
(RDMA_READ_CONSUME_CHECK_CONSUMER) timestamp=8271 ms, used_size=14090240 bytes (34.4%)
(RDMA_READ_CONSUME_CHECK_CONSUMER) timestamp=8271 ms, used_size=14088192 bytes (34.4%)
(RDMA_READ_CONSUME_CHECK_CONSUMER) timestamp=8271 ms, used_size=14086144 bytes (34.4%)
(RDMA_READ_CONSUME_CHECK_CONSUMER) timestamp=8271 ms, used_size=14084096 bytes (34.4%)
(RDMA_READ_CONSUME_CHECK_CONSUMER) timestamp=8271 ms, used_size=14082048 bytes (34.4%)
(RDMA_READ_CONSUME_CHECK_CONSUMER) timestamp=8271 ms, used_size=14080000 bytes (34.4%)
(RDMA_READ_CONSUME_CHECK_CONSUMER) timestamp=8271 ms, used_size=14077952 bytes (34.4%)
(RDMA_READ_CONSUME_CHECK_CONSUMER) timestamp=8271 ms, used_size=14075904 bytes (34.4%)
(RDMA_READ_CONSUME_CHECK_CONSUMER) timestamp=8271 ms, used_size=14073856 bytes (34.4%)
(RDMA_READ_CONSUME_CHECK_CONSUMER) timestamp=8271 ms, used_size=14071808 bytes (34.4%)
(RDMA_READ_CONSUME_CHECK_CONSUMER) timestamp=8271 ms, used_size=14069760 bytes (34.4%)
(RDMA_READ_CONSUME_CHECK_CONSUMER) timestamp=8271 ms, used_size=14067712 bytes (34.3%)
(RDMA_READ_CONSUME_CHECK_CONSUMER) timestamp=8271 ms, used_size=14065664 bytes (34.3%)
(RDMA_READ_CONSUME_CHECK_CONSUMER) timestamp=8271 ms, used_size=14063616 bytes (34.3%)
(RDMA_READ_CONSUME_CHECK_CONSUMER) timestamp=8271 ms, used_size=14061568 bytes (34.3%)
(RDMA_READ_CONSUME_CHECK_CONSUMER) timestamp=8271 ms, used_size=14059520 bytes (34.3%)
(RDMA_READ_CONSUME_CHECK_CONSUMER) timestamp=8271 ms, used_size=14057472 bytes (34.3%)
(RDMA_READ_CONSUME_CHECK_CONSUMER) timestamp=8271 ms, used_size=14055424 bytes (34.3%)
(RDMA_READ_CONSUME_CHECK_CONSUMER) timestamp=8271 ms, used_size=14053376 bytes (34.3%)
(RDMA_READ_CONSUME_CHECK_CONSUMER) timestamp=8271 ms, used_size=14051328 bytes (34.3%)
(RDMA_READ_CONSUME_CHECK_CONSUMER) timestamp=8271 ms, used_size=14049280 bytes (34.3%)
(RDMA_READ_CONSUME_CHECK_CONSUMER) timestamp=8271 ms, used_size=14047232 bytes (34.3%)
(RDMA_READ_CONSUME_CHECK_CONSUMER) timestamp=8271 ms, used_size=14045184 bytes (34.3%)
(RDMA_READ_CONSUME_CHECK_CONSUMER) timestamp=8271 ms, used_size=14043136 bytes (34.3%)
(RDMA_READ_CONSUME_CHECK_CONSUMER) timestamp=8271 ms, used_size=14041088 bytes (34.3%)
(RDMA_READ_CONSUME_CHECK_CONSUMER) timestamp=8271 ms, used_size=14039040 bytes (34.3%)
(RDMA_READ_CONSUME_CHECK_CONSUMER) timestamp=8271 ms, used_size=14036992 bytes (34.3%)
(RDMA_READ_CONSUME_CHECK_CONSUMER) timestamp=8271 ms, used_size=14034944 bytes (34.3%)
(RDMA_READ_CONSUME_CHECK_CONSUMER) timestamp=8271 ms, used_size=14032896 bytes (34.3%)
(RDMA_READ_CONSUME_CHECK_CONSUMER) timestamp=8271 ms, used_size=14030848 bytes (34.3%)
(RDMA_READ_CONSUME_CHECK_CONSUMER) timestamp=8271 ms, used_size=14028800 bytes (34.2%)
(RDMA_READ_CONSUME_CHECK_CONSUMER) timestamp=8271 ms, used_size=14026752 bytes (34.2%)
(RDMA_READ_CONSUME_CHECK_CONSUMER) timestamp=8271 ms, used_size=14024704 bytes (34.2%)
(RDMA_READ_CONSUME_CHECK_CONSUMER) timestamp=8271 ms, used_size=14022656 bytes (34.2%)
(RDMA_READ_CONSUME_CHECK_CONSUMER) timestamp=8271 ms, used_size=14020608 bytes (34.2%)
(RDMA_READ_CONSUME_CHECK_CONSUMER) timestamp=8271 ms, used_size=14018560 bytes (34.2%)
(RDMA_READ_CONSUME_CHECK_CONSUMER) timestamp=8271 ms, used_size=14016512 bytes (34.2%)
(RDMA_READ_CONSUME_CHECK_CONSUMER) timestamp=8271 ms, used_size=14014464 bytes (34.2%)
(RDMA_READ_CONSUME_CHECK_CONSUMER) timestamp=8271 ms, used_size=14012416 bytes (34.2%)
(RDMA_READ_CONSUME_CHECK_CONSUMER) timestamp=8271 ms, used_size=14010368 bytes (34.2%)
(RDMA_READ_CONSUME_CHECK_CONSUMER) timestamp=8271 ms, used_size=14008320 bytes (34.2%)
(RDMA_READ_CONSUME_CHECK_CONSUMER) timestamp=8271 ms, used_size=14006272 bytes (34.2%)
(RDMA_READ_CONSUME_CHECK_CONSUMER) timestamp=8271 ms, used_size=14004224 bytes (34.2%)
(RDMA_READ_CONSUME_CHECK_CONSUMER) timestamp=8271 ms, used_size=14002176 bytes (34.2%)
(RDMA_READ_CONSUME_CHECK_CONSUMER) timestamp=8271 ms, used_size=14000128 bytes (34.2%)
(RDMA_READ_CONSUME_CHECK_CONSUMER) timestamp=8271 ms, used_size=13998080 bytes (34.2%)
(RDMA_READ_CONSUME_CHECK_CONSUMER) timestamp=8271 ms, used_size=13996032 bytes (34.2%)
(RDMA_READ_CONSUME_CHECK_CONSUMER) timestamp=8271 ms, used_size=13993984 bytes (34.2%)
(RDMA_READ_CONSUME_CHECK_CONSUMER) timestamp=8271 ms, used_size=13991936 bytes (34.2%)
(RDMA_READ_CONSUME_CHECK_CONSUMER) timestamp=8271 ms, used_size=13989888 bytes (34.2%)
(RDMA_READ_CONSUME_CHECK_CONSUMER) timestamp=8271 ms, used_size=13987840 bytes (34.1%)
(RDMA_READ_CONSUME_CHECK_CONSUMER) timestamp=8271 ms, used_size=13985792 bytes (34.1%)
(RDMA_READ_CONSUME_CHECK_CONSUMER) timestamp=8271 ms, used_size=13983744 bytes (34.1%)
(RDMA_READ_CONSUME_CHECK_CONSUMER) timestamp=8271 ms, used_size=13981696 bytes (34.1%)
(RDMA_READ_CONSUME_CHECK_CONSUMER) timestamp=8271 ms, used_size=13979648 bytes (34.1%)
(RDMA_READ_CONSUME_CHECK_CONSUMER) timestamp=8271 ms, used_size=13977600 bytes (34.1%)
(RDMA_READ_CONSUME_CHECK_CONSUMER) timestamp=8271 ms, used_size=13975552 bytes (34.1%)
(RDMA_READ_CONSUME_CHECK_CONSUMER) timestamp=8271 ms, used_size=13973504 bytes (34.1%)
(RDMA_READ_CONSUME_CHECK_CONSUMER) timestamp=8271 ms, used_size=13971456 bytes (34.1%)
(RDMA_READ_CONSUME_CHECK_CONSUMER) timestamp=8271 ms, used_size=13969408 bytes (34.1%)
(RDMA_READ_CONSUME_CHECK_CONSUMER) timestamp=8271 ms, used_size=13967360 bytes (34.1%)
(RDMA_READ_CONSUME_CHECK_CONSUMER) timestamp=8271 ms, used_size=13965312 bytes (34.1%)
(RDMA_READ_CONSUME_CHECK_CONSUMER) timestamp=8271 ms, used_size=13963264 bytes (34.1%)
(RDMA_READ_CONSUME_CHECK_CONSUMER) timestamp=8271 ms, used_size=13961216 bytes (34.1%)
(RDMA_READ_CONSUME_CHECK_CONSUMER) timestamp=8271 ms, used_size=13959168 bytes (34.1%)
(RDMA_READ_CONSUME_CHECK_CONSUMER) timestamp=8271 ms, used_size=13957120 bytes (34.1%)
(RDMA_READ_CONSUME_CHECK_CONSUMER) timestamp=8271 ms, used_size=13955072 bytes (34.1%)
(RDMA_READ_CONSUME_CHECK_CONSUMER) timestamp=8271 ms, used_size=13953024 bytes (34.1%)
(RDMA_READ_CONSUME_CHECK_CONSUMER) timestamp=8271 ms, used_size=13950976 bytes (34.1%)
(RDMA_READ_CONSUME_CHECK_CONSUMER) timestamp=8271 ms, used_size=13948928 bytes (34.1%)
(RDMA_READ_CONSUME_CHECK_CONSUMER) timestamp=8271 ms, used_size=13946880 bytes (34.0%)
(RDMA_READ_CONSUME_CHECK_CONSUMER) timestamp=8271 ms, used_size=13944832 bytes (34.0%)
(RDMA_READ_CONSUME_CHECK_CONSUMER) timestamp=8271 ms, used_size=13942784 bytes (34.0%)
(RDMA_READ_CONSUME_CHECK_CONSUMER) timestamp=8271 ms, used_size=13940736 bytes (34.0%)
(RDMA_READ_CONSUME_CHECK_CONSUMER) timestamp=8271 ms, used_size=13938688 bytes (34.0%)
(RDMA_READ_CONSUME_CHECK_CONSUMER) timestamp=8271 ms, used_size=13936640 bytes (34.0%)
(RDMA_READ_CONSUME_CHECK_CONSUMER) timestamp=8271 ms, used_size=13934592 bytes (34.0%)
(RDMA_READ_CONSUME_CHECK_CONSUMER) timestamp=8271 ms, used_size=13932544 bytes (34.0%)
(RDMA_READ_CONSUME_CHECK_CONSUMER) timestamp=8271 ms, used_size=13930496 bytes (34.0%)
(RDMA_READ_CONSUME_CHECK_CONSUMER) timestamp=8271 ms, used_size=13928448 bytes (34.0%)
(RDMA_READ_CONSUME_CHECK_CONSUMER) timestamp=8271 ms, used_size=13926400 bytes (34.0%)
(RDMA_READ_CONSUME_CHECK_CONSUMER) timestamp=8271 ms, used_size=13924352 bytes (34.0%)
(RDMA_READ_CONSUME_CHECK_CONSUMER) timestamp=8271 ms, used_size=13922304 bytes (34.0%)
(RDMA_READ_CONSUME_CHECK_CONSUMER) timestamp=8271 ms, used_size=13920256 bytes (34.0%)
(RDMA_READ_CONSUME_CHECK_CONSUMER) timestamp=8271 ms, used_size=13918208 bytes (34.0%)
(RDMA_READ_CONSUME_CHECK_CONSUMER) timestamp=8271 ms, used_size=13916160 bytes (34.0%)
(RDMA_READ_CONSUME_CHECK_CONSUMER) timestamp=8271 ms, used_size=13914112 bytes (34.0%)
(RDMA_READ_CONSUME_CHECK_CONSUMER) timestamp=8271 ms, used_size=13912064 bytes (34.0%)
(RDMA_READ_CONSUME_CHECK_CONSUMER) timestamp=8271 ms, used_size=13910016 bytes (34.0%)
(RDMA_READ_CONSUME_CHECK_CONSUMER) timestamp=8271 ms, used_size=13907968 bytes (34.0%)
(RDMA_READ_CONSUME_CHECK_CONSUMER) timestamp=8271 ms, used_size=13905920 bytes (34.0%)
(RDMA_READ_CONSUME_CHECK_CONSUMER) timestamp=8271 ms, used_size=13903872 bytes (33.9%)
(RDMA_READ_CONSUME_CHECK_CONSUMER) timestamp=8271 ms, used_size=13901824 bytes (33.9%)
(RDMA_READ_CONSUME_CHECK_CONSUMER) timestamp=8271 ms, used_size=13899776 bytes (33.9%)
(RDMA_READ_CONSUME_CHECK_CONSUMER) timestamp=8271 ms, used_size=13897728 bytes (33.9%)
(RDMA_READ_CONSUME_CHECK_CONSUMER) timestamp=8271 ms, used_size=13895680 bytes (33.9%)
(RDMA_READ_CONSUME_CHECK_CONSUMER) timestamp=8271 ms, used_size=13893632 bytes (33.9%)
(RDMA_READ_CONSUME_CHECK_CONSUMER) timestamp=8271 ms, used_size=13891584 bytes (33.9%)
(RDMA_READ_CONSUME_CHECK_CONSUMER) timestamp=8271 ms, used_size=13889536 bytes (33.9%)
(RDMA_READ_CONSUME_CHECK_CONSUMER) timestamp=8271 ms, used_size=13887488 bytes (33.9%)
(RDMA_READ_CONSUME_CHECK_CONSUMER) timestamp=8271 ms, used_size=13885440 bytes (33.9%)
(RDMA_READ_CONSUME_CHECK_CONSUMER) timestamp=8271 ms, used_size=13883392 bytes (33.9%)
(RDMA_READ_CONSUME_CHECK_CONSUMER) timestamp=8271 ms, used_size=13881344 bytes (33.9%)
(RDMA_READ_CONSUME_CHECK_CONSUMER) timestamp=8271 ms, used_size=13879296 bytes (33.9%)
(RDMA_READ_CONSUME_CHECK_CONSUMER) timestamp=8271 ms, used_size=13877248 bytes (33.9%)
(RDMA_READ_CONSUME_CHECK_CONSUMER) timestamp=8271 ms, used_size=13875200 bytes (33.9%)
(RDMA_READ_CONSUME_CHECK_CONSUMER) timestamp=8271 ms, used_size=13873152 bytes (33.9%)
(RDMA_READ_CONSUME_CHECK_CONSUMER) timestamp=8271 ms, used_size=13871104 bytes (33.9%)
(RDMA_READ_CONSUME_CHECK_CONSUMER) timestamp=8271 ms, used_size=13869056 bytes (33.9%)
(RDMA_READ_CONSUME_CHECK_CONSUMER) timestamp=8271 ms, used_size=13867008 bytes (33.9%)
(RDMA_READ_CONSUME_CHECK_CONSUMER) timestamp=8271 ms, used_size=13864960 bytes (33.9%)
(RDMA_READ_CONSUME_CHECK_CONSUMER) timestamp=8271 ms, used_size=13862912 bytes (33.8%)
(RDMA_READ_CONSUME_CHECK_CONSUMER) timestamp=8271 ms, used_size=13860864 bytes (33.8%)
(RDMA_READ_CONSUME_CHECK_CONSUMER) timestamp=8271 ms, used_size=13858816 bytes (33.8%)
(RDMA_READ_CONSUME_CHECK_CONSUMER) timestamp=8271 ms, used_size=13856768 bytes (33.8%)
(RDMA_READ_CONSUME_CHECK_CONSUMER) timestamp=8271 ms, used_size=13854720 bytes (33.8%)
(RDMA_READ_CONSUME_CHECK_CONSUMER) timestamp=8271 ms, used_size=13852672 bytes (33.8%)
(RDMA_READ_CONSUME_CHECK_CONSUMER) timestamp=8271 ms, used_size=13850624 bytes (33.8%)
(RDMA_READ_CONSUME_CHECK_CONSUMER) timestamp=8271 ms, used_size=13848576 bytes (33.8%)
(RDMA_READ_CONSUME_CHECK_CONSUMER) timestamp=8271 ms, used_size=13846528 bytes (33.8%)
(RDMA_READ_CONSUME_CHECK_CONSUMER) timestamp=8271 ms, used_size=13844480 bytes (33.8%)
(RDMA_READ_CONSUME_CHECK_CONSUMER) timestamp=8271 ms, used_size=13842432 bytes (33.8%)
(RDMA_READ_CONSUME_CHECK_CONSUMER) timestamp=8271 ms, used_size=13840384 bytes (33.8%)
(RDMA_READ_CONSUME_CHECK_CONSUMER) timestamp=8271 ms, used_size=13838336 bytes (33.8%)
(RDMA_READ_CONSUME_CHECK_CONSUMER) timestamp=8271 ms, used_size=13836288 bytes (33.8%)
(RDMA_READ_CONSUME_CHECK_CONSUMER) timestamp=8271 ms, used_size=13834240 bytes (33.8%)
(RDMA_READ_CONSUME_CHECK_CONSUMER) timestamp=8271 ms, used_size=13832192 bytes (33.8%)
(RDMA_READ_CONSUME_CHECK_CONSUMER) timestamp=8271 ms, used_size=13830144 bytes (33.8%)
(RDMA_READ_CONSUME_CHECK_CONSUMER) timestamp=8271 ms, used_size=13828096 bytes (33.8%)
(RDMA_READ_CONSUME_CHECK_CONSUMER) timestamp=8271 ms, used_size=13826048 bytes (33.8%)
(RDMA_READ_CONSUME_CHECK_CONSUMER) timestamp=8271 ms, used_size=13824000 bytes (33.8%)
(RDMA_READ_CONSUME_CHECK_CONSUMER) timestamp=8271 ms, used_size=13821952 bytes (33.7%)
(RDMA_READ_CONSUME_CHECK_CONSUMER) timestamp=8271 ms, used_size=13819904 bytes (33.7%)
(RDMA_READ_CONSUME_CHECK_CONSUMER) timestamp=8271 ms, used_size=13817856 bytes (33.7%)
(RDMA_READ_CONSUME_CHECK_CONSUMER) timestamp=8271 ms, used_size=13815808 bytes (33.7%)
(RDMA_READ_CONSUME_CHECK_CONSUMER) timestamp=8271 ms, used_size=13813760 bytes (33.7%)
(RDMA_READ_CONSUME_CHECK_CONSUMER) timestamp=8271 ms, used_size=13811712 bytes (33.7%)
(RDMA_READ_CONSUME_CHECK_CONSUMER) timestamp=8271 ms, used_size=13809664 bytes (33.7%)
(RDMA_READ_CONSUME_CHECK_CONSUMER) timestamp=8271 ms, used_size=13807616 bytes (33.7%)
(RDMA_READ_CONSUME_CHECK_CONSUMER) timestamp=8271 ms, used_size=13805568 bytes (33.7%)
(RDMA_READ_CONSUME_CHECK_CONSUMER) timestamp=8271 ms, used_size=13803520 bytes (33.7%)
(RDMA_READ_CONSUME_CHECK_CONSUMER) timestamp=8271 ms, used_size=13801472 bytes (33.7%)
(RDMA_READ_CONSUME_CHECK_CONSUMER) timestamp=8271 ms, used_size=13799424 bytes (33.7%)
(RDMA_READ_CONSUME_CHECK_CONSUMER) timestamp=8271 ms, used_size=13797376 bytes (33.7%)
(RDMA_READ_CONSUME_CHECK_CONSUMER) timestamp=8271 ms, used_size=13795328 bytes (33.7%)
(RDMA_READ_CONSUME_CHECK_CONSUMER) timestamp=8271 ms, used_size=13793280 bytes (33.7%)
(RDMA_READ_CONSUME_CHECK_CONSUMER) timestamp=8271 ms, used_size=13791232 bytes (33.7%)
(RDMA_READ_CONSUME_CHECK_CONSUMER) timestamp=8271 ms, used_size=13789184 bytes (33.7%)
(RDMA_READ_CONSUME_CHECK_CONSUMER) timestamp=8271 ms, used_size=13787136 bytes (33.7%)
(RDMA_READ_CONSUME_CHECK_CONSUMER) timestamp=8271 ms, used_size=13785088 bytes (33.7%)
(RDMA_READ_CONSUME_CHECK_CONSUMER) timestamp=8271 ms, used_size=13783040 bytes (33.6%)
(RDMA_READ_CONSUME_CHECK_CONSUMER) timestamp=8271 ms, used_size=13780992 bytes (33.6%)
(RDMA_READ_CONSUME_CHECK_CONSUMER) timestamp=8271 ms, used_size=13778944 bytes (33.6%)
(RDMA_READ_CONSUME_CHECK_CONSUMER) timestamp=8271 ms, used_size=13776896 bytes (33.6%)
(RDMA_READ_CONSUME_CHECK_CONSUMER) timestamp=8271 ms, used_size=13774848 bytes (33.6%)
(RDMA_READ_CONSUME_CHECK_CONSUMER) timestamp=8271 ms, used_size=13772800 bytes (33.6%)
(RDMA_READ_CONSUME_CHECK_CONSUMER) timestamp=8271 ms, used_size=13770752 bytes (33.6%)
(RDMA_READ_CONSUME_CHECK_CONSUMER) timestamp=8271 ms, used_size=13768704 bytes (33.6%)
(RDMA_READ_CONSUME_CHECK_CONSUMER) timestamp=8271 ms, used_size=13766656 bytes (33.6%)
(RDMA_READ_CONSUME_CHECK_CONSUMER) timestamp=8272 ms, used_size=13764608 bytes (33.6%)
(RDMA_READ_CONSUME_CHECK_CONSUMER) timestamp=8272 ms, used_size=13762560 bytes (33.6%)
(RDMA_READ_CONSUME_CHECK_CONSUMER) timestamp=8272 ms, used_size=13760512 bytes (33.6%)
(RDMA_READ_CONSUME_CHECK_CONSUMER) timestamp=8272 ms, used_size=13758464 bytes (33.6%)
(RDMA_READ_CONSUME_CHECK_CONSUMER) timestamp=8272 ms, used_size=13756416 bytes (33.6%)
(RDMA_READ_CONSUME_CHECK_CONSUMER) timestamp=8272 ms, used_size=13754368 bytes (33.6%)
(RDMA_READ_CONSUME_CHECK_CONSUMER) timestamp=8272 ms, used_size=13752320 bytes (33.6%)
(RDMA_READ_CONSUME_CHECK_CONSUMER) timestamp=8272 ms, used_size=13750272 bytes (33.6%)
(RDMA_READ_CONSUME_CHECK_CONSUMER) timestamp=8272 ms, used_size=13748224 bytes (33.6%)
(RDMA_READ_CONSUME_CHECK_CONSUMER) timestamp=8272 ms, used_size=13746176 bytes (33.6%)
(RDMA_READ_CONSUME_CHECK_CONSUMER) timestamp=8272 ms, used_size=13744128 bytes (33.6%)
(RDMA_READ_CONSUME_CHECK_CONSUMER) timestamp=8272 ms, used_size=13742080 bytes (33.5%)
(RDMA_READ_CONSUME_CHECK_CONSUMER) timestamp=8272 ms, used_size=13740032 bytes (33.5%)
(RDMA_READ_CONSUME_CHECK_CONSUMER) timestamp=8272 ms, used_size=13737984 bytes (33.5%)
(RDMA_READ_CONSUME_CHECK_CONSUMER) timestamp=8272 ms, used_size=13735936 bytes (33.5%)
(RDMA_READ_CONSUME_CHECK_CONSUMER) timestamp=8272 ms, used_size=13733888 bytes (33.5%)
(RDMA_READ_CONSUME_CHECK_CONSUMER) timestamp=8272 ms, used_size=13731840 bytes (33.5%)
(RDMA_READ_CONSUME_CHECK_CONSUMER) timestamp=8272 ms, used_size=13729792 bytes (33.5%)
(RDMA_READ_CONSUME_CHECK_CONSUMER) timestamp=8272 ms, used_size=13727744 bytes (33.5%)
(RDMA_READ_CONSUME_CHECK_CONSUMER) timestamp=8272 ms, used_size=13725696 bytes (33.5%)
(RDMA_READ_CONSUME_CHECK_CONSUMER) timestamp=8272 ms, used_size=13723648 bytes (33.5%)
(RDMA_READ_CONSUME_CHECK_CONSUMER) timestamp=8272 ms, used_size=13721600 bytes (33.5%)
(RDMA_READ_CONSUME_CHECK_CONSUMER) timestamp=8272 ms, used_size=13719552 bytes (33.5%)
(RDMA_READ_CONSUME_CHECK_CONSUMER) timestamp=8272 ms, used_size=13717504 bytes (33.5%)
(RDMA_READ_CONSUME_CHECK_CONSUMER) timestamp=8272 ms, used_size=13715456 bytes (33.5%)
(RDMA_READ_CONSUME_CHECK_CONSUMER) timestamp=8272 ms, used_size=13713408 bytes (33.5%)
(RDMA_READ_CONSUME_CHECK_CONSUMER) timestamp=8272 ms, used_size=13711360 bytes (33.5%)
(RDMA_READ_CONSUME_CHECK_CONSUMER) timestamp=8272 ms, used_size=13709312 bytes (33.5%)
(RDMA_READ_CONSUME_CHECK_CONSUMER) timestamp=8272 ms, used_size=13707264 bytes (33.5%)
(RDMA_READ_CONSUME_CHECK_CONSUMER) timestamp=8272 ms, used_size=13705216 bytes (33.5%)
(RDMA_READ_CONSUME_CHECK_CONSUMER) timestamp=8272 ms, used_size=13703168 bytes (33.5%)
(RDMA_READ_CONSUME_CHECK_CONSUMER) timestamp=8272 ms, used_size=13701120 bytes (33.5%)
(RDMA_READ_CONSUME_CHECK_CONSUMER) timestamp=8272 ms, used_size=13699072 bytes (33.4%)
(RDMA_READ_CONSUME_CHECK_CONSUMER) timestamp=8272 ms, used_size=13697024 bytes (33.4%)
(RDMA_READ_CONSUME_CHECK_CONSUMER) timestamp=8272 ms, used_size=13694976 bytes (33.4%)
(RDMA_READ_CONSUME_CHECK_CONSUMER) timestamp=8272 ms, used_size=13692928 bytes (33.4%)
(RDMA_READ_CONSUME_CHECK_CONSUMER) timestamp=8272 ms, used_size=13690880 bytes (33.4%)
(RDMA_READ_CONSUME_CHECK_CONSUMER) timestamp=8272 ms, used_size=13688832 bytes (33.4%)
(RDMA_READ_CONSUME_CHECK_CONSUMER) timestamp=8272 ms, used_size=13686784 bytes (33.4%)
(RDMA_READ_CONSUME_CHECK_CONSUMER) timestamp=8272 ms, used_size=13684736 bytes (33.4%)
(RDMA_READ_CONSUME_CHECK_CONSUMER) timestamp=8272 ms, used_size=13682688 bytes (33.4%)
(RDMA_READ_CONSUME_CHECK_CONSUMER) timestamp=8272 ms, used_size=13680640 bytes (33.4%)
(RDMA_READ_CONSUME_CHECK_CONSUMER) timestamp=8272 ms, used_size=13678592 bytes (33.4%)
(RDMA_READ_CONSUME_CHECK_CONSUMER) timestamp=8272 ms, used_size=13676544 bytes (33.4%)
(RDMA_READ_CONSUME_CHECK_CONSUMER) timestamp=8272 ms, used_size=13674496 bytes (33.4%)
(RDMA_READ_CONSUME_CHECK_CONSUMER) timestamp=8272 ms, used_size=13672448 bytes (33.4%)
(RDMA_READ_CONSUME_CHECK_CONSUMER) timestamp=8272 ms, used_size=13670400 bytes (33.4%)
(RDMA_READ_CONSUME_CHECK_CONSUMER) timestamp=8272 ms, used_size=13668352 bytes (33.4%)
(RDMA_READ_CONSUME_CHECK_CONSUMER) timestamp=8272 ms, used_size=13666304 bytes (33.4%)
(RDMA_READ_CONSUME_CHECK_CONSUMER) timestamp=8272 ms, used_size=13664256 bytes (33.4%)
(RDMA_READ_CONSUME_CHECK_CONSUMER) timestamp=8272 ms, used_size=13662208 bytes (33.4%)
(RDMA_READ_CONSUME_CHECK_CONSUMER) timestamp=8272 ms, used_size=13660160 bytes (33.4%)
(RDMA_READ_CONSUME_CHECK_CONSUMER) timestamp=8272 ms, used_size=13658112 bytes (33.3%)
(RDMA_READ_CONSUME_CHECK_CONSUMER) timestamp=8272 ms, used_size=13656064 bytes (33.3%)
(RDMA_READ_CONSUME_CHECK_CONSUMER) timestamp=8272 ms, used_size=13654016 bytes (33.3%)
(RDMA_READ_CONSUME_CHECK_CONSUMER) timestamp=8272 ms, used_size=13651968 bytes (33.3%)
(RDMA_READ_CONSUME_CHECK_CONSUMER) timestamp=8272 ms, used_size=13649920 bytes (33.3%)
(RDMA_READ_CONSUME_CHECK_CONSUMER) timestamp=8272 ms, used_size=13647872 bytes (33.3%)
(RDMA_READ_CONSUME_CHECK_CONSUMER) timestamp=8272 ms, used_size=13645824 bytes (33.3%)
(RDMA_READ_CONSUME_CHECK_CONSUMER) timestamp=8272 ms, used_size=13643776 bytes (33.3%)
(RDMA_READ_CONSUME_CHECK_CONSUMER) timestamp=8272 ms, used_size=13641728 bytes (33.3%)
(RDMA_READ_CONSUME_CHECK_CONSUMER) timestamp=8272 ms, used_size=13639680 bytes (33.3%)
(RDMA_READ_CONSUME_CHECK_CONSUMER) timestamp=8272 ms, used_size=13637632 bytes (33.3%)
(RDMA_READ_CONSUME_CHECK_CONSUMER) timestamp=8272 ms, used_size=13635584 bytes (33.3%)
(RDMA_READ_CONSUME_CHECK_CONSUMER) timestamp=8272 ms, used_size=13633536 bytes (33.3%)
(RDMA_READ_CONSUME_CHECK_CONSUMER) timestamp=8272 ms, used_size=13631488 bytes (33.3%)
(RDMA_READ_CONSUME_CHECK_CONSUMER) timestamp=8272 ms, used_size=13629440 bytes (33.3%)
(RDMA_READ_CONSUME_CHECK_CONSUMER) timestamp=8272 ms, used_size=13627392 bytes (33.3%)
(RDMA_READ_CONSUME_CHECK_CONSUMER) timestamp=8272 ms, used_size=13625344 bytes (33.3%)
(RDMA_READ_CONSUME_CHECK_CONSUMER) timestamp=8272 ms, used_size=13623296 bytes (33.3%)
(RDMA_READ_CONSUME_CHECK_CONSUMER) timestamp=8272 ms, used_size=13621248 bytes (33.3%)
(RDMA_READ_CONSUME_CHECK_CONSUMER) timestamp=8272 ms, used_size=13619200 bytes (33.2%)
(RDMA_READ_CONSUME_CHECK_CONSUMER) timestamp=8272 ms, used_size=13617152 bytes (33.2%)
(RDMA_READ_CONSUME_CHECK_CONSUMER) timestamp=8272 ms, used_size=13615104 bytes (33.2%)
(RDMA_READ_CONSUME_CHECK_CONSUMER) timestamp=8272 ms, used_size=13613056 bytes (33.2%)
(RDMA_READ_CONSUME_CHECK_CONSUMER) timestamp=8272 ms, used_size=13611008 bytes (33.2%)
(RDMA_READ_CONSUME_CHECK_CONSUMER) timestamp=8272 ms, used_size=13608960 bytes (33.2%)
(RDMA_READ_CONSUME_CHECK_CONSUMER) timestamp=8272 ms, used_size=13606912 bytes (33.2%)
(RDMA_READ_CONSUME_CHECK_CONSUMER) timestamp=8272 ms, used_size=13604864 bytes (33.2%)
(RDMA_READ_CONSUME_CHECK_CONSUMER) timestamp=8272 ms, used_size=13602816 bytes (33.2%)
(RDMA_READ_CONSUME_CHECK_CONSUMER) timestamp=8272 ms, used_size=13600768 bytes (33.2%)
(RDMA_READ_CONSUME_CHECK_CONSUMER) timestamp=8272 ms, used_size=13598720 bytes (33.2%)
(RDMA_READ_CONSUME_CHECK_CONSUMER) timestamp=8272 ms, used_size=13596672 bytes (33.2%)
(RDMA_READ_CONSUME_CHECK_CONSUMER) timestamp=8272 ms, used_size=13594624 bytes (33.2%)
(RDMA_READ_CONSUME_CHECK_CONSUMER) timestamp=8272 ms, used_size=13592576 bytes (33.2%)
(RDMA_READ_CONSUME_CHECK_CONSUMER) timestamp=8272 ms, used_size=13590528 bytes (33.2%)
(RDMA_READ_CONSUME_CHECK_CONSUMER) timestamp=8272 ms, used_size=13588480 bytes (33.2%)
(RDMA_READ_CONSUME_CHECK_CONSUMER) timestamp=8272 ms, used_size=13586432 bytes (33.2%)
(RDMA_READ_CONSUME_CHECK_CONSUMER) timestamp=8272 ms, used_size=13584384 bytes (33.2%)
(RDMA_READ_CONSUME_CHECK_CONSUMER) timestamp=8272 ms, used_size=13582336 bytes (33.2%)
(RDMA_READ_CONSUME_CHECK_CONSUMER) timestamp=8272 ms, used_size=13580288 bytes (33.2%)
(RDMA_READ_CONSUME_CHECK_CONSUMER) timestamp=8272 ms, used_size=13578240 bytes (33.1%)
(RDMA_READ_CONSUME_CHECK_CONSUMER) timestamp=8272 ms, used_size=13576192 bytes (33.1%)
(RDMA_READ_CONSUME_CHECK_CONSUMER) timestamp=8272 ms, used_size=13574144 bytes (33.1%)
(RDMA_READ_CONSUME_CHECK_CONSUMER) timestamp=8272 ms, used_size=13572096 bytes (33.1%)
(RDMA_READ_CONSUME_CHECK_CONSUMER) timestamp=8272 ms, used_size=13570048 bytes (33.1%)
(RDMA_READ_CONSUME_CHECK_CONSUMER) timestamp=8272 ms, used_size=13568000 bytes (33.1%)
(RDMA_READ_CONSUME_CHECK_CONSUMER) timestamp=8272 ms, used_size=13565952 bytes (33.1%)
(RDMA_READ_CONSUME_CHECK_CONSUMER) timestamp=8272 ms, used_size=13563904 bytes (33.1%)
(RDMA_READ_CONSUME_CHECK_CONSUMER) timestamp=8272 ms, used_size=13561856 bytes (33.1%)
(RDMA_READ_CONSUME_CHECK_CONSUMER) timestamp=8272 ms, used_size=13559808 bytes (33.1%)
(RDMA_READ_CONSUME_CHECK_CONSUMER) timestamp=8272 ms, used_size=13557760 bytes (33.1%)
(RDMA_READ_CONSUME_CHECK_CONSUMER) timestamp=8272 ms, used_size=13555712 bytes (33.1%)
(RDMA_READ_CONSUME_CHECK_CONSUMER) timestamp=8272 ms, used_size=13553664 bytes (33.1%)
(RDMA_READ_CONSUME_CHECK_CONSUMER) timestamp=8272 ms, used_size=13551616 bytes (33.1%)
(RDMA_READ_CONSUME_CHECK_CONSUMER) timestamp=8272 ms, used_size=13549568 bytes (33.1%)
(RDMA_READ_CONSUME_CHECK_CONSUMER) timestamp=8272 ms, used_size=13547520 bytes (33.1%)
(RDMA_READ_CONSUME_CHECK_CONSUMER) timestamp=8272 ms, used_size=13545472 bytes (33.1%)
(RDMA_READ_CONSUME_CHECK_CONSUMER) timestamp=8272 ms, used_size=13543424 bytes (33.1%)
(RDMA_READ_CONSUME_CHECK_CONSUMER) timestamp=8272 ms, used_size=13541376 bytes (33.1%)
(RDMA_READ_CONSUME_CHECK_CONSUMER) timestamp=8272 ms, used_size=13539328 bytes (33.1%)
(RDMA_READ_CONSUME_CHECK_CONSUMER) timestamp=8272 ms, used_size=13537280 bytes (33.0%)
(RDMA_READ_CONSUME_CHECK_CONSUMER) timestamp=8272 ms, used_size=13535232 bytes (33.0%)
(RDMA_READ_CONSUME_CHECK_CONSUMER) timestamp=8272 ms, used_size=13533184 bytes (33.0%)
(RDMA_READ_CONSUME_CHECK_CONSUMER) timestamp=8272 ms, used_size=13531136 bytes (33.0%)
(RDMA_READ_CONSUME_CHECK_CONSUMER) timestamp=8272 ms, used_size=13529088 bytes (33.0%)
(RDMA_READ_CONSUME_CHECK_CONSUMER) timestamp=8272 ms, used_size=13527040 bytes (33.0%)
(RDMA_READ_CONSUME_CHECK_CONSUMER) timestamp=8272 ms, used_size=13524992 bytes (33.0%)
(RDMA_READ_CONSUME_CHECK_CONSUMER) timestamp=8272 ms, used_size=13522944 bytes (33.0%)
(RDMA_READ_CONSUME_CHECK_CONSUMER) timestamp=8272 ms, used_size=13520896 bytes (33.0%)
(RDMA_READ_CONSUME_CHECK_CONSUMER) timestamp=8272 ms, used_size=13518848 bytes (33.0%)
(RDMA_READ_CONSUME_CHECK_CONSUMER) timestamp=8272 ms, used_size=13516800 bytes (33.0%)
(RDMA_READ_CONSUME_CHECK_CONSUMER) timestamp=8272 ms, used_size=13514752 bytes (33.0%)
(RDMA_READ_CONSUME_CHECK_CONSUMER) timestamp=8272 ms, used_size=13512704 bytes (33.0%)
(RDMA_READ_CONSUME_CHECK_CONSUMER) timestamp=8272 ms, used_size=13510656 bytes (33.0%)
(RDMA_READ_CONSUME_CHECK_CONSUMER) timestamp=8272 ms, used_size=13508608 bytes (33.0%)
(RDMA_READ_CONSUME_CHECK_CONSUMER) timestamp=8272 ms, used_size=13506560 bytes (33.0%)
(RDMA_READ_CONSUME_CHECK_CONSUMER) timestamp=8272 ms, used_size=13504512 bytes (33.0%)
(RDMA_READ_CONSUME_CHECK_CONSUMER) timestamp=8272 ms, used_size=13502464 bytes (33.0%)
(RDMA_READ_CONSUME_CHECK_CONSUMER) timestamp=8272 ms, used_size=13500416 bytes (33.0%)
(RDMA_READ_CONSUME_CHECK_CONSUMER) timestamp=8272 ms, used_size=13498368 bytes (33.0%)
(RDMA_READ_CONSUME_CHECK_CONSUMER) timestamp=8272 ms, used_size=13496320 bytes (33.0%)
(RDMA_READ_CONSUME_CHECK_CONSUMER) timestamp=8272 ms, used_size=13494272 bytes (32.9%)
(RDMA_READ_CONSUME_CHECK_CONSUMER) timestamp=8272 ms, used_size=13492224 bytes (32.9%)
(RDMA_READ_CONSUME_CHECK_CONSUMER) timestamp=8272 ms, used_size=13490176 bytes (32.9%)
(RDMA_READ_CONSUME_CHECK_CONSUMER) timestamp=8272 ms, used_size=13488128 bytes (32.9%)
(RDMA_READ_CONSUME_CHECK_CONSUMER) timestamp=8272 ms, used_size=13486080 bytes (32.9%)
(RDMA_READ_CONSUME_CHECK_CONSUMER) timestamp=8272 ms, used_size=13484032 bytes (32.9%)
(RDMA_READ_CONSUME_CHECK_CONSUMER) timestamp=8272 ms, used_size=13481984 bytes (32.9%)
(RDMA_READ_CONSUME_CHECK_CONSUMER) timestamp=8272 ms, used_size=13479936 bytes (32.9%)
(RDMA_READ_CONSUME_CHECK_CONSUMER) timestamp=8272 ms, used_size=13477888 bytes (32.9%)
(RDMA_READ_CONSUME_CHECK_CONSUMER) timestamp=8272 ms, used_size=13475840 bytes (32.9%)
(RDMA_READ_CONSUME_CHECK_CONSUMER) timestamp=8272 ms, used_size=13473792 bytes (32.9%)
(RDMA_READ_CONSUME_CHECK_CONSUMER) timestamp=8272 ms, used_size=13471744 bytes (32.9%)
(RDMA_READ_CONSUME_CHECK_CONSUMER) timestamp=8272 ms, used_size=13469696 bytes (32.9%)
(RDMA_READ_CONSUME_CHECK_CONSUMER) timestamp=8272 ms, used_size=13467648 bytes (32.9%)
(RDMA_READ_CONSUME_CHECK_CONSUMER) timestamp=8272 ms, used_size=13465600 bytes (32.9%)
(RDMA_READ_CONSUME_CHECK_CONSUMER) timestamp=8272 ms, used_size=13463552 bytes (32.9%)
(RDMA_READ_CONSUME_CHECK_CONSUMER) timestamp=8272 ms, used_size=13461504 bytes (32.9%)
(RDMA_READ_CONSUME_CHECK_CONSUMER) timestamp=8272 ms, used_size=13459456 bytes (32.9%)
(RDMA_READ_CONSUME_CHECK_CONSUMER) timestamp=8272 ms, used_size=13457408 bytes (32.9%)
(RDMA_READ_CONSUME_CHECK_CONSUMER) timestamp=8272 ms, used_size=13455360 bytes (32.9%)
(RDMA_READ_CONSUME_CHECK_CONSUMER) timestamp=8272 ms, used_size=13453312 bytes (32.8%)
(RDMA_READ_CONSUME_CHECK_CONSUMER) timestamp=8272 ms, used_size=13451264 bytes (32.8%)
(RDMA_READ_CONSUME_CHECK_CONSUMER) timestamp=8272 ms, used_size=13449216 bytes (32.8%)
(RDMA_READ_CONSUME_CHECK_CONSUMER) timestamp=8272 ms, used_size=13447168 bytes (32.8%)
(RDMA_READ_CONSUME_CHECK_CONSUMER) timestamp=8272 ms, used_size=13445120 bytes (32.8%)
(RDMA_READ_CONSUME_CHECK_CONSUMER) timestamp=8272 ms, used_size=13443072 bytes (32.8%)
(RDMA_READ_CONSUME_CHECK_CONSUMER) timestamp=8272 ms, used_size=13441024 bytes (32.8%)
(RDMA_READ_CONSUME_CHECK_CONSUMER) timestamp=8272 ms, used_size=13438976 bytes (32.8%)
(RDMA_READ_CONSUME_CHECK_CONSUMER) timestamp=8272 ms, used_size=13436928 bytes (32.8%)
(RDMA_READ_CONSUME_CHECK_CONSUMER) timestamp=8272 ms, used_size=13434880 bytes (32.8%)
(RDMA_READ_CONSUME_CHECK_CONSUMER) timestamp=8272 ms, used_size=13432832 bytes (32.8%)
(RDMA_READ_CONSUME_CHECK_CONSUMER) timestamp=8272 ms, used_size=13430784 bytes (32.8%)
(RDMA_READ_CONSUME_CHECK_CONSUMER) timestamp=8272 ms, used_size=13428736 bytes (32.8%)
(RDMA_READ_CONSUME_CHECK_CONSUMER) timestamp=8272 ms, used_size=13426688 bytes (32.8%)
(RDMA_READ_CONSUME_CHECK_CONSUMER) timestamp=8272 ms, used_size=13424640 bytes (32.8%)
(RDMA_READ_CONSUME_CHECK_CONSUMER) timestamp=8272 ms, used_size=13422592 bytes (32.8%)
(RDMA_READ_CONSUME_CHECK_CONSUMER) timestamp=8272 ms, used_size=13420544 bytes (32.8%)
(RDMA_READ_CONSUME_CHECK_CONSUMER) timestamp=8272 ms, used_size=13418496 bytes (32.8%)
(RDMA_READ_CONSUME_CHECK_CONSUMER) timestamp=8272 ms, used_size=13416448 bytes (32.8%)
(RDMA_READ_CONSUME_CHECK_CONSUMER) timestamp=8272 ms, used_size=13414400 bytes (32.8%)
(RDMA_READ_CONSUME_CHECK_CONSUMER) timestamp=8272 ms, used_size=13412352 bytes (32.7%)
(RDMA_READ_CONSUME_CHECK_CONSUMER) timestamp=8272 ms, used_size=13410304 bytes (32.7%)
(RDMA_READ_CONSUME_CHECK_CONSUMER) timestamp=8272 ms, used_size=13408256 bytes (32.7%)
(RDMA_READ_CONSUME_CHECK_CONSUMER) timestamp=8272 ms, used_size=13406208 bytes (32.7%)
(RDMA_READ_CONSUME_CHECK_CONSUMER) timestamp=8272 ms, used_size=13404160 bytes (32.7%)
(RDMA_READ_CONSUME_CHECK_CONSUMER) timestamp=8272 ms, used_size=13402112 bytes (32.7%)
(RDMA_READ_CONSUME_CHECK_CONSUMER) timestamp=8272 ms, used_size=13400064 bytes (32.7%)
(RDMA_READ_CONSUME_CHECK_CONSUMER) timestamp=8272 ms, used_size=13398016 bytes (32.7%)
(RDMA_READ_CONSUME_CHECK_CONSUMER) timestamp=8272 ms, used_size=13395968 bytes (32.7%)
(RDMA_READ_CONSUME_CHECK_CONSUMER) timestamp=8272 ms, used_size=13393920 bytes (32.7%)
(RDMA_READ_CONSUME_CHECK_CONSUMER) timestamp=8273 ms, used_size=13391872 bytes (32.7%)
(RDMA_READ_CONSUME_CHECK_CONSUMER) timestamp=8273 ms, used_size=13389824 bytes (32.7%)
(RDMA_READ_CONSUME_CHECK_CONSUMER) timestamp=8273 ms, used_size=13387776 bytes (32.7%)
(RDMA_READ_CONSUME_CHECK_CONSUMER) timestamp=8273 ms, used_size=13385728 bytes (32.7%)
(RDMA_READ_CONSUME_CHECK_CONSUMER) timestamp=8273 ms, used_size=13383680 bytes (32.7%)
(RDMA_READ_CONSUME_CHECK_CONSUMER) timestamp=8273 ms, used_size=13381632 bytes (32.7%)
(RDMA_READ_CONSUME_CHECK_CONSUMER) timestamp=8273 ms, used_size=13379584 bytes (32.7%)
(RDMA_READ_CONSUME_CHECK_CONSUMER) timestamp=8273 ms, used_size=13377536 bytes (32.7%)
(RDMA_READ_CONSUME_CHECK_CONSUMER) timestamp=8273 ms, used_size=13375488 bytes (32.7%)
(RDMA_READ_CONSUME_CHECK_CONSUMER) timestamp=8273 ms, used_size=13373440 bytes (32.6%)
(RDMA_READ_CONSUME_CHECK_CONSUMER) timestamp=8273 ms, used_size=13371392 bytes (32.6%)
(RDMA_READ_CONSUME_CHECK_CONSUMER) timestamp=8273 ms, used_size=13369344 bytes (32.6%)
(RDMA_READ_CONSUME_CHECK_CONSUMER) timestamp=8273 ms, used_size=13367296 bytes (32.6%)
(RDMA_READ_CONSUME_CHECK_CONSUMER) timestamp=8273 ms, used_size=13365248 bytes (32.6%)
(RDMA_READ_CONSUME_CHECK_CONSUMER) timestamp=8273 ms, used_size=13363200 bytes (32.6%)
(RDMA_READ_CONSUME_CHECK_CONSUMER) timestamp=8273 ms, used_size=13361152 bytes (32.6%)
(RDMA_READ_CONSUME_CHECK_CONSUMER) timestamp=8273 ms, used_size=13359104 bytes (32.6%)
(RDMA_READ_CONSUME_CHECK_CONSUMER) timestamp=8273 ms, used_size=13357056 bytes (32.6%)
(RDMA_READ_CONSUME_CHECK_CONSUMER) timestamp=8273 ms, used_size=13355008 bytes (32.6%)
(RDMA_READ_CONSUME_CHECK_CONSUMER) timestamp=8273 ms, used_size=13352960 bytes (32.6%)
(RDMA_READ_CONSUME_CHECK_CONSUMER) timestamp=8273 ms, used_size=13350912 bytes (32.6%)
(RDMA_READ_CONSUME_CHECK_CONSUMER) timestamp=8273 ms, used_size=13348864 bytes (32.6%)
(RDMA_READ_CONSUME_CHECK_CONSUMER) timestamp=8273 ms, used_size=13346816 bytes (32.6%)
(RDMA_READ_CONSUME_CHECK_CONSUMER) timestamp=8273 ms, used_size=13344768 bytes (32.6%)
(RDMA_READ_CONSUME_CHECK_CONSUMER) timestamp=8273 ms, used_size=13342720 bytes (32.6%)
(RDMA_READ_CONSUME_CHECK_CONSUMER) timestamp=8273 ms, used_size=13340672 bytes (32.6%)
(RDMA_READ_CONSUME_CHECK_CONSUMER) timestamp=8273 ms, used_size=13338624 bytes (32.6%)
(RDMA_READ_CONSUME_CHECK_CONSUMER) timestamp=8273 ms, used_size=13336576 bytes (32.6%)
(RDMA_READ_CONSUME_CHECK_CONSUMER) timestamp=8273 ms, used_size=13334528 bytes (32.6%)
(RDMA_READ_CONSUME_CHECK_CONSUMER) timestamp=8273 ms, used_size=13332480 bytes (32.5%)
(RDMA_READ_CONSUME_CHECK_CONSUMER) timestamp=8273 ms, used_size=13330432 bytes (32.5%)
(RDMA_READ_CONSUME_CHECK_CONSUMER) timestamp=8273 ms, used_size=13328384 bytes (32.5%)
(RDMA_READ_CONSUME_CHECK_CONSUMER) timestamp=8273 ms, used_size=13326336 bytes (32.5%)
(RDMA_READ_CONSUME_CHECK_CONSUMER) timestamp=8273 ms, used_size=13324288 bytes (32.5%)
(RDMA_READ_CONSUME_CHECK_CONSUMER) timestamp=8273 ms, used_size=13322240 bytes (32.5%)
(RDMA_READ_CONSUME_CHECK_CONSUMER) timestamp=8273 ms, used_size=13320192 bytes (32.5%)
(RDMA_READ_CONSUME_CHECK_CONSUMER) timestamp=8273 ms, used_size=13318144 bytes (32.5%)
(RDMA_READ_CONSUME_CHECK_CONSUMER) timestamp=8273 ms, used_size=13316096 bytes (32.5%)
(RDMA_READ_CONSUME_CHECK_CONSUMER) timestamp=8273 ms, used_size=13314048 bytes (32.5%)
(RDMA_READ_CONSUME_CHECK_CONSUMER) timestamp=8273 ms, used_size=13312000 bytes (32.5%)
(RDMA_READ_CONSUME_CHECK_CONSUMER) timestamp=8273 ms, used_size=13309952 bytes (32.5%)
(RDMA_READ_CONSUME_CHECK_CONSUMER) timestamp=8273 ms, used_size=13307904 bytes (32.5%)
(RDMA_READ_CONSUME_CHECK_CONSUMER) timestamp=8273 ms, used_size=13305856 bytes (32.5%)
(RDMA_READ_CONSUME_CHECK_CONSUMER) timestamp=8273 ms, used_size=13303808 bytes (32.5%)
(RDMA_READ_CONSUME_CHECK_CONSUMER) timestamp=8273 ms, used_size=13301760 bytes (32.5%)
(RDMA_READ_CONSUME_CHECK_CONSUMER) timestamp=8273 ms, used_size=13299712 bytes (32.5%)
(RDMA_READ_CONSUME_CHECK_CONSUMER) timestamp=8273 ms, used_size=13297664 bytes (32.5%)
(RDMA_READ_CONSUME_CHECK_CONSUMER) timestamp=8273 ms, used_size=13295616 bytes (32.5%)
(RDMA_READ_CONSUME_CHECK_CONSUMER) timestamp=8273 ms, used_size=13293568 bytes (32.5%)
(RDMA_READ_CONSUME_CHECK_CONSUMER) timestamp=8273 ms, used_size=13291520 bytes (32.5%)
(RDMA_READ_CONSUME_CHECK_CONSUMER) timestamp=8273 ms, used_size=13289472 bytes (32.4%)
(RDMA_READ_CONSUME_CHECK_CONSUMER) timestamp=8273 ms, used_size=13287424 bytes (32.4%)
(RDMA_READ_CONSUME_CHECK_CONSUMER) timestamp=8273 ms, used_size=13285376 bytes (32.4%)
(RDMA_READ_CONSUME_CHECK_CONSUMER) timestamp=8273 ms, used_size=13283328 bytes (32.4%)
(RDMA_READ_CONSUME_CHECK_CONSUMER) timestamp=8273 ms, used_size=13281280 bytes (32.4%)
(RDMA_READ_CONSUME_CHECK_CONSUMER) timestamp=8273 ms, used_size=13279232 bytes (32.4%)
(RDMA_READ_CONSUME_CHECK_CONSUMER) timestamp=8273 ms, used_size=13277184 bytes (32.4%)
(RDMA_READ_CONSUME_CHECK_CONSUMER) timestamp=8273 ms, used_size=13275136 bytes (32.4%)
(RDMA_READ_CONSUME_CHECK_CONSUMER) timestamp=8273 ms, used_size=13273088 bytes (32.4%)
(RDMA_READ_CONSUME_CHECK_CONSUMER) timestamp=8273 ms, used_size=13271040 bytes (32.4%)
(RDMA_READ_CONSUME_CHECK_CONSUMER) timestamp=8273 ms, used_size=13268992 bytes (32.4%)
(RDMA_READ_CONSUME_CHECK_CONSUMER) timestamp=8273 ms, used_size=13266944 bytes (32.4%)
(RDMA_READ_CONSUME_CHECK_CONSUMER) timestamp=8273 ms, used_size=13264896 bytes (32.4%)
(RDMA_READ_CONSUME_CHECK_CONSUMER) timestamp=8273 ms, used_size=13262848 bytes (32.4%)
(RDMA_READ_CONSUME_CHECK_CONSUMER) timestamp=8273 ms, used_size=13260800 bytes (32.4%)
(RDMA_READ_CONSUME_CHECK_CONSUMER) timestamp=8273 ms, used_size=13258752 bytes (32.4%)
(RDMA_READ_CONSUME_CHECK_CONSUMER) timestamp=8273 ms, used_size=13256704 bytes (32.4%)
(RDMA_READ_CONSUME_CHECK_CONSUMER) timestamp=8273 ms, used_size=13254656 bytes (32.4%)
(RDMA_READ_CONSUME_CHECK_CONSUMER) timestamp=8273 ms, used_size=13252608 bytes (32.4%)
(RDMA_READ_CONSUME_CHECK_CONSUMER) timestamp=8273 ms, used_size=13250560 bytes (32.4%)
(RDMA_READ_CONSUME_CHECK_CONSUMER) timestamp=8273 ms, used_size=13248512 bytes (32.3%)
(RDMA_READ_CONSUME_CHECK_CONSUMER) timestamp=8273 ms, used_size=13246464 bytes (32.3%)
(RDMA_READ_CONSUME_CHECK_CONSUMER) timestamp=8273 ms, used_size=13244416 bytes (32.3%)
(RDMA_READ_CONSUME_CHECK_CONSUMER) timestamp=8273 ms, used_size=13242368 bytes (32.3%)
(RDMA_READ_CONSUME_CHECK_CONSUMER) timestamp=8273 ms, used_size=13240320 bytes (32.3%)
(RDMA_READ_CONSUME_CHECK_CONSUMER) timestamp=8273 ms, used_size=13238272 bytes (32.3%)
(RDMA_READ_CONSUME_CHECK_CONSUMER) timestamp=8273 ms, used_size=13236224 bytes (32.3%)
(RDMA_READ_CONSUME_CHECK_CONSUMER) timestamp=8273 ms, used_size=13234176 bytes (32.3%)
(RDMA_READ_CONSUME_CHECK_CONSUMER) timestamp=8273 ms, used_size=13232128 bytes (32.3%)
(RDMA_READ_CONSUME_CHECK_CONSUMER) timestamp=8273 ms, used_size=13230080 bytes (32.3%)
(RDMA_READ_CONSUME_CHECK_CONSUMER) timestamp=8273 ms, used_size=13228032 bytes (32.3%)
(RDMA_READ_CONSUME_CHECK_CONSUMER) timestamp=8273 ms, used_size=13225984 bytes (32.3%)
(RDMA_READ_CONSUME_CHECK_CONSUMER) timestamp=8273 ms, used_size=13223936 bytes (32.3%)
(RDMA_READ_CONSUME_CHECK_CONSUMER) timestamp=8273 ms, used_size=13221888 bytes (32.3%)
(RDMA_READ_CONSUME_CHECK_CONSUMER) timestamp=8273 ms, used_size=13219840 bytes (32.3%)
(RDMA_READ_CONSUME_CHECK_CONSUMER) timestamp=8273 ms, used_size=13217792 bytes (32.3%)
(RDMA_READ_CONSUME_CHECK_CONSUMER) timestamp=8273 ms, used_size=13215744 bytes (32.3%)
(RDMA_READ_CONSUME_CHECK_CONSUMER) timestamp=8273 ms, used_size=13213696 bytes (32.3%)
(RDMA_READ_CONSUME_CHECK_CONSUMER) timestamp=8273 ms, used_size=13211648 bytes (32.3%)
(RDMA_READ_CONSUME_CHECK_CONSUMER) timestamp=8273 ms, used_size=13209600 bytes (32.2%)
(RDMA_READ_CONSUME_CHECK_CONSUMER) timestamp=8273 ms, used_size=13207552 bytes (32.2%)
(RDMA_READ_CONSUME_CHECK_CONSUMER) timestamp=8273 ms, used_size=13205504 bytes (32.2%)
(RDMA_READ_CONSUME_CHECK_CONSUMER) timestamp=8273 ms, used_size=13203456 bytes (32.2%)
(RDMA_READ_CONSUME_CHECK_CONSUMER) timestamp=8273 ms, used_size=13201408 bytes (32.2%)
(RDMA_READ_CONSUME_CHECK_CONSUMER) timestamp=8273 ms, used_size=13199360 bytes (32.2%)
(RDMA_READ_CONSUME_CHECK_CONSUMER) timestamp=8273 ms, used_size=13197312 bytes (32.2%)
(RDMA_READ_CONSUME_CHECK_CONSUMER) timestamp=8273 ms, used_size=13195264 bytes (32.2%)
(RDMA_READ_CONSUME_CHECK_CONSUMER) timestamp=8273 ms, used_size=13193216 bytes (32.2%)
(RDMA_READ_CONSUME_CHECK_CONSUMER) timestamp=8273 ms, used_size=13191168 bytes (32.2%)
(RDMA_READ_CONSUME_CHECK_CONSUMER) timestamp=8273 ms, used_size=13189120 bytes (32.2%)
(RDMA_READ_CONSUME_CHECK_CONSUMER) timestamp=8273 ms, used_size=13187072 bytes (32.2%)
(RDMA_READ_CONSUME_CHECK_CONSUMER) timestamp=8273 ms, used_size=13185024 bytes (32.2%)
(RDMA_READ_CONSUME_CHECK_CONSUMER) timestamp=8273 ms, used_size=13182976 bytes (32.2%)
(RDMA_READ_CONSUME_CHECK_CONSUMER) timestamp=8273 ms, used_size=13180928 bytes (32.2%)
(RDMA_READ_CONSUME_CHECK_CONSUMER) timestamp=8273 ms, used_size=13178880 bytes (32.2%)
(RDMA_READ_CONSUME_CHECK_CONSUMER) timestamp=8273 ms, used_size=13176832 bytes (32.2%)
(RDMA_READ_CONSUME_CHECK_CONSUMER) timestamp=8273 ms, used_size=13174784 bytes (32.2%)
(RDMA_READ_CONSUME_CHECK_CONSUMER) timestamp=8273 ms, used_size=13172736 bytes (32.2%)
(RDMA_READ_CONSUME_CHECK_CONSUMER) timestamp=8273 ms, used_size=13170688 bytes (32.2%)
(RDMA_READ_CONSUME_CHECK_CONSUMER) timestamp=8273 ms, used_size=13168640 bytes (32.1%)
(RDMA_READ_CONSUME_CHECK_CONSUMER) timestamp=8273 ms, used_size=13166592 bytes (32.1%)
(RDMA_READ_CONSUME_CHECK_CONSUMER) timestamp=8273 ms, used_size=13164544 bytes (32.1%)
(RDMA_READ_CONSUME_CHECK_CONSUMER) timestamp=8273 ms, used_size=13162496 bytes (32.1%)
(RDMA_READ_CONSUME_CHECK_CONSUMER) timestamp=8273 ms, used_size=13160448 bytes (32.1%)
(RDMA_READ_CONSUME_CHECK_CONSUMER) timestamp=8273 ms, used_size=13158400 bytes (32.1%)
(RDMA_READ_CONSUME_CHECK_CONSUMER) timestamp=8273 ms, used_size=13156352 bytes (32.1%)
(RDMA_READ_CONSUME_CHECK_CONSUMER) timestamp=8273 ms, used_size=13154304 bytes (32.1%)
(RDMA_READ_CONSUME_CHECK_CONSUMER) timestamp=8273 ms, used_size=13152256 bytes (32.1%)
(RDMA_READ_CONSUME_CHECK_CONSUMER) timestamp=8273 ms, used_size=13150208 bytes (32.1%)
(RDMA_READ_CONSUME_CHECK_CONSUMER) timestamp=8273 ms, used_size=13148160 bytes (32.1%)
(RDMA_READ_CONSUME_CHECK_CONSUMER) timestamp=8273 ms, used_size=13146112 bytes (32.1%)
(RDMA_READ_CONSUME_CHECK_CONSUMER) timestamp=8273 ms, used_size=13144064 bytes (32.1%)
(RDMA_READ_CONSUME_CHECK_CONSUMER) timestamp=8273 ms, used_size=13142016 bytes (32.1%)
(RDMA_READ_CONSUME_CHECK_CONSUMER) timestamp=8273 ms, used_size=13139968 bytes (32.1%)
(RDMA_READ_CONSUME_CHECK_CONSUMER) timestamp=8273 ms, used_size=13137920 bytes (32.1%)
(RDMA_READ_CONSUME_CHECK_CONSUMER) timestamp=8273 ms, used_size=13135872 bytes (32.1%)
(RDMA_READ_CONSUME_CHECK_CONSUMER) timestamp=8273 ms, used_size=13133824 bytes (32.1%)
(RDMA_READ_CONSUME_CHECK_CONSUMER) timestamp=8273 ms, used_size=13131776 bytes (32.1%)
(RDMA_READ_CONSUME_CHECK_CONSUMER) timestamp=8273 ms, used_size=13129728 bytes (32.1%)
(RDMA_READ_CONSUME_CHECK_CONSUMER) timestamp=8273 ms, used_size=13127680 bytes (32.0%)
(RDMA_READ_CONSUME_CHECK_CONSUMER) timestamp=8273 ms, used_size=13125632 bytes (32.0%)
(RDMA_READ_CONSUME_CHECK_CONSUMER) timestamp=8273 ms, used_size=13123584 bytes (32.0%)
(RDMA_READ_CONSUME_CHECK_CONSUMER) timestamp=8273 ms, used_size=13121536 bytes (32.0%)
(RDMA_READ_CONSUME_CHECK_CONSUMER) timestamp=8273 ms, used_size=13119488 bytes (32.0%)
(RDMA_READ_CONSUME_CHECK_CONSUMER) timestamp=8273 ms, used_size=13117440 bytes (32.0%)
(RDMA_READ_CONSUME_CHECK_CONSUMER) timestamp=8273 ms, used_size=13115392 bytes (32.0%)
(RDMA_READ_CONSUME_CHECK_CONSUMER) timestamp=8273 ms, used_size=13113344 bytes (32.0%)
(RDMA_READ_CONSUME_CHECK_CONSUMER) timestamp=8273 ms, used_size=13111296 bytes (32.0%)
(RDMA_READ_CONSUME_CHECK_CONSUMER) timestamp=8273 ms, used_size=13109248 bytes (32.0%)
(RDMA_READ_CONSUME_CHECK_CONSUMER) timestamp=8273 ms, used_size=13107200 bytes (32.0%)
(RDMA_READ_CONSUME_CHECK_CONSUMER) timestamp=8273 ms, used_size=13105152 bytes (32.0%)
(RDMA_READ_CONSUME_CHECK_CONSUMER) timestamp=8273 ms, used_size=13103104 bytes (32.0%)
(RDMA_READ_CONSUME_CHECK_CONSUMER) timestamp=8273 ms, used_size=13101056 bytes (32.0%)
(RDMA_READ_CONSUME_CHECK_CONSUMER) timestamp=8273 ms, used_size=13099008 bytes (32.0%)
(RDMA_READ_CONSUME_CHECK_CONSUMER) timestamp=8273 ms, used_size=13096960 bytes (32.0%)
(RDMA_READ_CONSUME_CHECK_CONSUMER) timestamp=8273 ms, used_size=13094912 bytes (32.0%)
(RDMA_READ_CONSUME_CHECK_CONSUMER) timestamp=8273 ms, used_size=13092864 bytes (32.0%)
(RDMA_READ_CONSUME_CHECK_CONSUMER) timestamp=8273 ms, used_size=13090816 bytes (32.0%)
(RDMA_READ_CONSUME_CHECK_CONSUMER) timestamp=8273 ms, used_size=13088768 bytes (32.0%)
(RDMA_READ_CONSUME_CHECK_CONSUMER) timestamp=8273 ms, used_size=13086720 bytes (31.9%)
(RDMA_READ_CONSUME_CHECK_CONSUMER) timestamp=8273 ms, used_size=13084672 bytes (31.9%)
(RDMA_READ_CONSUME_CHECK_CONSUMER) timestamp=8273 ms, used_size=13082624 bytes (31.9%)
(RDMA_READ_CONSUME_CHECK_CONSUMER) timestamp=8273 ms, used_size=13080576 bytes (31.9%)
(RDMA_READ_CONSUME_CHECK_CONSUMER) timestamp=8273 ms, used_size=13078528 bytes (31.9%)
(RDMA_READ_CONSUME_CHECK_CONSUMER) timestamp=8273 ms, used_size=13076480 bytes (31.9%)
(RDMA_READ_CONSUME_CHECK_CONSUMER) timestamp=8273 ms, used_size=13074432 bytes (31.9%)
(RDMA_READ_CONSUME_CHECK_CONSUMER) timestamp=8273 ms, used_size=13072384 bytes (31.9%)
(RDMA_READ_CONSUME_CHECK_CONSUMER) timestamp=8273 ms, used_size=13070336 bytes (31.9%)
(RDMA_READ_CONSUME_CHECK_CONSUMER) timestamp=8273 ms, used_size=13068288 bytes (31.9%)
(RDMA_READ_CONSUME_CHECK_CONSUMER) timestamp=8273 ms, used_size=13066240 bytes (31.9%)
(RDMA_READ_CONSUME_CHECK_CONSUMER) timestamp=8273 ms, used_size=13064192 bytes (31.9%)
(RDMA_READ_CONSUME_CHECK_CONSUMER) timestamp=8273 ms, used_size=13062144 bytes (31.9%)
(RDMA_READ_CONSUME_CHECK_CONSUMER) timestamp=8273 ms, used_size=13060096 bytes (31.9%)
(RDMA_READ_CONSUME_CHECK_CONSUMER) timestamp=8273 ms, used_size=13058048 bytes (31.9%)
(RDMA_READ_CONSUME_CHECK_CONSUMER) timestamp=8273 ms, used_size=13056000 bytes (31.9%)
(RDMA_READ_CONSUME_CHECK_CONSUMER) timestamp=8273 ms, used_size=13053952 bytes (31.9%)
(RDMA_READ_CONSUME_CHECK_CONSUMER) timestamp=8273 ms, used_size=13051904 bytes (31.9%)
(RDMA_READ_CONSUME_CHECK_CONSUMER) timestamp=8273 ms, used_size=13049856 bytes (31.9%)
(RDMA_READ_CONSUME_CHECK_CONSUMER) timestamp=8273 ms, used_size=13047808 bytes (31.9%)
(RDMA_READ_CONSUME_CHECK_CONSUMER) timestamp=8273 ms, used_size=13045760 bytes (31.9%)
(RDMA_READ_CONSUME_CHECK_CONSUMER) timestamp=8273 ms, used_size=13043712 bytes (31.8%)
(RDMA_READ_CONSUME_CHECK_CONSUMER) timestamp=8273 ms, used_size=13041664 bytes (31.8%)
(RDMA_READ_CONSUME_CHECK_CONSUMER) timestamp=8273 ms, used_size=13039616 bytes (31.8%)
(RDMA_READ_CONSUME_CHECK_CONSUMER) timestamp=8273 ms, used_size=13037568 bytes (31.8%)
(RDMA_READ_CONSUME_CHECK_CONSUMER) timestamp=8273 ms, used_size=13035520 bytes (31.8%)
(RDMA_READ_CONSUME_CHECK_CONSUMER) timestamp=8273 ms, used_size=13033472 bytes (31.8%)
(RDMA_READ_CONSUME_CHECK_CONSUMER) timestamp=8273 ms, used_size=13031424 bytes (31.8%)
(RDMA_READ_CONSUME_CHECK_CONSUMER) timestamp=8273 ms, used_size=13029376 bytes (31.8%)
(RDMA_READ_CONSUME_CHECK_CONSUMER) timestamp=8273 ms, used_size=13027328 bytes (31.8%)
(RDMA_READ_CONSUME_CHECK_CONSUMER) timestamp=8273 ms, used_size=13025280 bytes (31.8%)
(RDMA_READ_CONSUME_CHECK_CONSUMER) timestamp=8273 ms, used_size=13023232 bytes (31.8%)
(RDMA_READ_CONSUME_CHECK_CONSUMER) timestamp=8274 ms, used_size=13021184 bytes (31.8%)
(RDMA_READ_CONSUME_CHECK_CONSUMER) timestamp=8274 ms, used_size=13019136 bytes (31.8%)
(RDMA_READ_CONSUME_CHECK_CONSUMER) timestamp=8274 ms, used_size=13017088 bytes (31.8%)
(RDMA_READ_CONSUME_CHECK_CONSUMER) timestamp=8274 ms, used_size=13015040 bytes (31.8%)
(RDMA_READ_CONSUME_CHECK_CONSUMER) timestamp=8274 ms, used_size=13012992 bytes (31.8%)
(RDMA_READ_CONSUME_CHECK_CONSUMER) timestamp=8274 ms, used_size=13010944 bytes (31.8%)
(RDMA_READ_CONSUME_CHECK_CONSUMER) timestamp=8274 ms, used_size=13008896 bytes (31.8%)
(RDMA_READ_CONSUME_CHECK_CONSUMER) timestamp=8274 ms, used_size=13006848 bytes (31.8%)
(RDMA_READ_CONSUME_CHECK_CONSUMER) timestamp=8274 ms, used_size=13004800 bytes (31.8%)
(RDMA_READ_CONSUME_CHECK_CONSUMER) timestamp=8274 ms, used_size=13002752 bytes (31.7%)
(RDMA_READ_CONSUME_CHECK_CONSUMER) timestamp=8274 ms, used_size=13000704 bytes (31.7%)
(RDMA_READ_CONSUME_CHECK_CONSUMER) timestamp=8274 ms, used_size=12998656 bytes (31.7%)
(RDMA_READ_CONSUME_CHECK_CONSUMER) timestamp=8274 ms, used_size=12996608 bytes (31.7%)
(RDMA_READ_CONSUME_CHECK_CONSUMER) timestamp=8274 ms, used_size=12994560 bytes (31.7%)
(RDMA_READ_CONSUME_CHECK_CONSUMER) timestamp=8274 ms, used_size=12992512 bytes (31.7%)
(RDMA_READ_CONSUME_CHECK_CONSUMER) timestamp=8274 ms, used_size=12990464 bytes (31.7%)
(RDMA_READ_CONSUME_CHECK_CONSUMER) timestamp=8274 ms, used_size=12988416 bytes (31.7%)
(RDMA_READ_CONSUME_CHECK_CONSUMER) timestamp=8274 ms, used_size=12986368 bytes (31.7%)
(RDMA_READ_CONSUME_CHECK_CONSUMER) timestamp=8274 ms, used_size=12984320 bytes (31.7%)
(RDMA_READ_CONSUME_CHECK_CONSUMER) timestamp=8274 ms, used_size=12982272 bytes (31.7%)
(RDMA_READ_CONSUME_CHECK_CONSUMER) timestamp=8274 ms, used_size=12980224 bytes (31.7%)
(RDMA_READ_CONSUME_CHECK_CONSUMER) timestamp=8274 ms, used_size=12978176 bytes (31.7%)
(RDMA_READ_CONSUME_CHECK_CONSUMER) timestamp=8274 ms, used_size=12976128 bytes (31.7%)
(RDMA_READ_CONSUME_CHECK_CONSUMER) timestamp=8274 ms, used_size=12974080 bytes (31.7%)
(RDMA_READ_CONSUME_CHECK_CONSUMER) timestamp=8274 ms, used_size=12972032 bytes (31.7%)
(RDMA_READ_CONSUME_CHECK_CONSUMER) timestamp=8274 ms, used_size=12969984 bytes (31.7%)
(RDMA_READ_CONSUME_CHECK_CONSUMER) timestamp=8274 ms, used_size=12967936 bytes (31.7%)
(RDMA_READ_CONSUME_CHECK_CONSUMER) timestamp=8274 ms, used_size=12965888 bytes (31.7%)
(RDMA_READ_CONSUME_CHECK_CONSUMER) timestamp=8274 ms, used_size=12963840 bytes (31.6%)
(RDMA_READ_CONSUME_CHECK_CONSUMER) timestamp=8274 ms, used_size=12961792 bytes (31.6%)
(RDMA_READ_CONSUME_CHECK_CONSUMER) timestamp=8274 ms, used_size=12959744 bytes (31.6%)
(RDMA_READ_CONSUME_CHECK_CONSUMER) timestamp=8274 ms, used_size=12957696 bytes (31.6%)
(RDMA_READ_CONSUME_CHECK_CONSUMER) timestamp=8274 ms, used_size=12955648 bytes (31.6%)
(RDMA_READ_CONSUME_CHECK_CONSUMER) timestamp=8274 ms, used_size=12953600 bytes (31.6%)
(RDMA_READ_CONSUME_CHECK_CONSUMER) timestamp=8274 ms, used_size=12951552 bytes (31.6%)
(RDMA_READ_CONSUME_CHECK_CONSUMER) timestamp=8274 ms, used_size=12949504 bytes (31.6%)
(RDMA_READ_CONSUME_CHECK_CONSUMER) timestamp=8274 ms, used_size=12947456 bytes (31.6%)
(RDMA_READ_CONSUME_CHECK_CONSUMER) timestamp=8274 ms, used_size=12945408 bytes (31.6%)
(RDMA_READ_CONSUME_CHECK_CONSUMER) timestamp=8274 ms, used_size=12943360 bytes (31.6%)
(RDMA_READ_CONSUME_CHECK_CONSUMER) timestamp=8274 ms, used_size=12941312 bytes (31.6%)
(RDMA_READ_CONSUME_CHECK_CONSUMER) timestamp=8274 ms, used_size=12939264 bytes (31.6%)
(RDMA_READ_CONSUME_CHECK_CONSUMER) timestamp=8274 ms, used_size=12937216 bytes (31.6%)
(RDMA_READ_CONSUME_CHECK_CONSUMER) timestamp=8274 ms, used_size=12935168 bytes (31.6%)
(RDMA_READ_CONSUME_CHECK_CONSUMER) timestamp=8274 ms, used_size=12933120 bytes (31.6%)
(RDMA_READ_CONSUME_CHECK_CONSUMER) timestamp=8274 ms, used_size=12931072 bytes (31.6%)
(RDMA_READ_CONSUME_CHECK_CONSUMER) timestamp=8274 ms, used_size=12929024 bytes (31.6%)
(RDMA_READ_CONSUME_CHECK_CONSUMER) timestamp=8274 ms, used_size=12926976 bytes (31.6%)
(RDMA_READ_CONSUME_CHECK_CONSUMER) timestamp=8274 ms, used_size=12924928 bytes (31.6%)
(RDMA_READ_CONSUME_CHECK_CONSUMER) timestamp=8274 ms, used_size=12922880 bytes (31.6%)
(RDMA_READ_CONSUME_CHECK_CONSUMER) timestamp=8274 ms, used_size=12920832 bytes (31.5%)
(RDMA_READ_CONSUME_CHECK_CONSUMER) timestamp=8274 ms, used_size=12918784 bytes (31.5%)
(RDMA_READ_CONSUME_CHECK_CONSUMER) timestamp=8274 ms, used_size=12916736 bytes (31.5%)
(RDMA_READ_CONSUME_CHECK_CONSUMER) timestamp=8274 ms, used_size=12914688 bytes (31.5%)
(RDMA_READ_CONSUME_CHECK_CONSUMER) timestamp=8274 ms, used_size=12912640 bytes (31.5%)
(RDMA_READ_CONSUME_CHECK_CONSUMER) timestamp=8274 ms, used_size=12910592 bytes (31.5%)
(RDMA_READ_CONSUME_CHECK_CONSUMER) timestamp=8274 ms, used_size=12908544 bytes (31.5%)
(RDMA_READ_CONSUME_CHECK_CONSUMER) timestamp=8274 ms, used_size=12906496 bytes (31.5%)
(RDMA_READ_CONSUME_CHECK_CONSUMER) timestamp=8274 ms, used_size=12904448 bytes (31.5%)
(RDMA_READ_CONSUME_CHECK_CONSUMER) timestamp=8274 ms, used_size=12902400 bytes (31.5%)
(RDMA_READ_CONSUME_CHECK_CONSUMER) timestamp=8274 ms, used_size=12900352 bytes (31.5%)
(RDMA_READ_CONSUME_CHECK_CONSUMER) timestamp=8274 ms, used_size=12898304 bytes (31.5%)
(RDMA_READ_CONSUME_CHECK_CONSUMER) timestamp=8274 ms, used_size=12896256 bytes (31.5%)
(RDMA_READ_CONSUME_CHECK_CONSUMER) timestamp=8274 ms, used_size=12894208 bytes (31.5%)
(RDMA_READ_CONSUME_CHECK_CONSUMER) timestamp=8274 ms, used_size=12892160 bytes (31.5%)
(RDMA_READ_CONSUME_CHECK_CONSUMER) timestamp=8274 ms, used_size=12890112 bytes (31.5%)
(RDMA_READ_CONSUME_CHECK_CONSUMER) timestamp=8274 ms, used_size=12888064 bytes (31.5%)
(RDMA_READ_CONSUME_CHECK_CONSUMER) timestamp=8274 ms, used_size=12886016 bytes (31.5%)
(RDMA_READ_CONSUME_CHECK_CONSUMER) timestamp=8274 ms, used_size=12883968 bytes (31.5%)
(RDMA_READ_CONSUME_CHECK_CONSUMER) timestamp=8274 ms, used_size=12881920 bytes (31.4%)
(RDMA_READ_CONSUME_CHECK_CONSUMER) timestamp=8274 ms, used_size=12879872 bytes (31.4%)
(RDMA_READ_CONSUME_CHECK_CONSUMER) timestamp=8274 ms, used_size=12877824 bytes (31.4%)
(RDMA_READ_CONSUME_CHECK_CONSUMER) timestamp=8274 ms, used_size=12875776 bytes (31.4%)
(RDMA_READ_CONSUME_CHECK_CONSUMER) timestamp=8274 ms, used_size=12873728 bytes (31.4%)
(RDMA_READ_CONSUME_CHECK_CONSUMER) timestamp=8274 ms, used_size=12871680 bytes (31.4%)
(RDMA_READ_CONSUME_CHECK_CONSUMER) timestamp=8274 ms, used_size=12869632 bytes (31.4%)
(RDMA_READ_CONSUME_CHECK_CONSUMER) timestamp=8274 ms, used_size=12867584 bytes (31.4%)
(RDMA_READ_CONSUME_CHECK_CONSUMER) timestamp=8274 ms, used_size=12865536 bytes (31.4%)
(RDMA_READ_CONSUME_CHECK_CONSUMER) timestamp=8274 ms, used_size=12863488 bytes (31.4%)
(RDMA_READ_CONSUME_CHECK_CONSUMER) timestamp=8274 ms, used_size=12861440 bytes (31.4%)
(RDMA_READ_CONSUME_CHECK_CONSUMER) timestamp=8274 ms, used_size=12859392 bytes (31.4%)
(RDMA_READ_CONSUME_CHECK_CONSUMER) timestamp=8274 ms, used_size=12857344 bytes (31.4%)
(RDMA_READ_CONSUME_CHECK_CONSUMER) timestamp=8274 ms, used_size=12855296 bytes (31.4%)
(RDMA_READ_CONSUME_CHECK_CONSUMER) timestamp=8274 ms, used_size=12853248 bytes (31.4%)
(RDMA_READ_CONSUME_CHECK_CONSUMER) timestamp=8274 ms, used_size=12851200 bytes (31.4%)
(RDMA_READ_CONSUME_CHECK_CONSUMER) timestamp=8274 ms, used_size=12849152 bytes (31.4%)
(RDMA_READ_CONSUME_CHECK_CONSUMER) timestamp=8274 ms, used_size=12847104 bytes (31.4%)
(RDMA_READ_CONSUME_CHECK_CONSUMER) timestamp=8274 ms, used_size=12845056 bytes (31.4%)
(RDMA_READ_CONSUME_CHECK_CONSUMER) timestamp=8274 ms, used_size=12843008 bytes (31.4%)
(RDMA_READ_CONSUME_CHECK_CONSUMER) timestamp=8274 ms, used_size=12840960 bytes (31.4%)
(RDMA_READ_CONSUME_CHECK_CONSUMER) timestamp=8274 ms, used_size=12838912 bytes (31.3%)
(RDMA_READ_CONSUME_CHECK_CONSUMER) timestamp=8274 ms, used_size=12836864 bytes (31.3%)
(RDMA_READ_CONSUME_CHECK_CONSUMER) timestamp=8274 ms, used_size=12834816 bytes (31.3%)
(RDMA_READ_CONSUME_CHECK_CONSUMER) timestamp=8274 ms, used_size=12832768 bytes (31.3%)
(RDMA_READ_CONSUME_CHECK_CONSUMER) timestamp=8274 ms, used_size=12830720 bytes (31.3%)
(RDMA_READ_CONSUME_CHECK_CONSUMER) timestamp=8274 ms, used_size=12828672 bytes (31.3%)
(RDMA_READ_CONSUME_CHECK_CONSUMER) timestamp=8274 ms, used_size=12826624 bytes (31.3%)
(RDMA_READ_CONSUME_CHECK_CONSUMER) timestamp=8274 ms, used_size=12824576 bytes (31.3%)
(RDMA_READ_CONSUME_CHECK_CONSUMER) timestamp=8274 ms, used_size=12822528 bytes (31.3%)
(RDMA_READ_CONSUME_CHECK_CONSUMER) timestamp=8274 ms, used_size=12820480 bytes (31.3%)
(RDMA_READ_CONSUME_CHECK_CONSUMER) timestamp=8274 ms, used_size=12818432 bytes (31.3%)
(RDMA_READ_CONSUME_CHECK_CONSUMER) timestamp=8274 ms, used_size=12816384 bytes (31.3%)
(RDMA_READ_CONSUME_CHECK_CONSUMER) timestamp=8274 ms, used_size=12814336 bytes (31.3%)
(RDMA_READ_CONSUME_CHECK_CONSUMER) timestamp=8274 ms, used_size=12812288 bytes (31.3%)
(RDMA_READ_CONSUME_CHECK_CONSUMER) timestamp=8274 ms, used_size=12810240 bytes (31.3%)
(RDMA_READ_CONSUME_CHECK_CONSUMER) timestamp=8274 ms, used_size=12808192 bytes (31.3%)
(RDMA_READ_CONSUME_CHECK_CONSUMER) timestamp=8274 ms, used_size=12806144 bytes (31.3%)
(RDMA_READ_CONSUME_CHECK_CONSUMER) timestamp=8274 ms, used_size=12804096 bytes (31.3%)
(RDMA_READ_CONSUME_CHECK_CONSUMER) timestamp=8274 ms, used_size=12802048 bytes (31.3%)
(RDMA_READ_CONSUME_CHECK_CONSUMER) timestamp=8274 ms, used_size=12800000 bytes (31.2%)
(RDMA_READ_CONSUME_CHECK_CONSUMER) timestamp=8274 ms, used_size=12797952 bytes (31.2%)
(RDMA_READ_CONSUME_CHECK_CONSUMER) timestamp=8274 ms, used_size=12795904 bytes (31.2%)
(RDMA_READ_CONSUME_CHECK_CONSUMER) timestamp=8274 ms, used_size=12793856 bytes (31.2%)
(RDMA_READ_CONSUME_CHECK_CONSUMER) timestamp=8274 ms, used_size=12791808 bytes (31.2%)
(RDMA_READ_CONSUME_CHECK_CONSUMER) timestamp=8274 ms, used_size=12789760 bytes (31.2%)
(RDMA_READ_CONSUME_CHECK_CONSUMER) timestamp=8274 ms, used_size=12787712 bytes (31.2%)
(RDMA_READ_CONSUME_CHECK_CONSUMER) timestamp=8274 ms, used_size=12785664 bytes (31.2%)
(RDMA_READ_CONSUME_CHECK_CONSUMER) timestamp=8274 ms, used_size=12783616 bytes (31.2%)
(RDMA_READ_CONSUME_CHECK_CONSUMER) timestamp=8274 ms, used_size=12781568 bytes (31.2%)
(RDMA_READ_CONSUME_CHECK_CONSUMER) timestamp=8274 ms, used_size=12779520 bytes (31.2%)
(RDMA_READ_CONSUME_CHECK_CONSUMER) timestamp=8274 ms, used_size=12777472 bytes (31.2%)
(RDMA_READ_CONSUME_CHECK_CONSUMER) timestamp=8274 ms, used_size=12775424 bytes (31.2%)
(RDMA_READ_CONSUME_CHECK_CONSUMER) timestamp=8274 ms, used_size=12773376 bytes (31.2%)
(RDMA_READ_CONSUME_CHECK_CONSUMER) timestamp=8274 ms, used_size=12771328 bytes (31.2%)
(RDMA_READ_CONSUME_CHECK_CONSUMER) timestamp=8274 ms, used_size=12769280 bytes (31.2%)
(RDMA_READ_CONSUME_CHECK_CONSUMER) timestamp=8274 ms, used_size=12767232 bytes (31.2%)
(RDMA_READ_CONSUME_CHECK_CONSUMER) timestamp=8274 ms, used_size=12765184 bytes (31.2%)
(RDMA_READ_CONSUME_CHECK_CONSUMER) timestamp=8274 ms, used_size=12763136 bytes (31.2%)
(RDMA_READ_CONSUME_CHECK_CONSUMER) timestamp=8274 ms, used_size=12761088 bytes (31.2%)
(RDMA_READ_CONSUME_CHECK_CONSUMER) timestamp=8274 ms, used_size=12759040 bytes (31.1%)
(RDMA_READ_CONSUME_CHECK_CONSUMER) timestamp=8274 ms, used_size=12756992 bytes (31.1%)
(RDMA_READ_CONSUME_CHECK_CONSUMER) timestamp=8274 ms, used_size=12754944 bytes (31.1%)
(RDMA_READ_CONSUME_CHECK_CONSUMER) timestamp=8274 ms, used_size=12752896 bytes (31.1%)
(RDMA_READ_CONSUME_CHECK_CONSUMER) timestamp=8274 ms, used_size=12750848 bytes (31.1%)
(RDMA_READ_CONSUME_CHECK_CONSUMER) timestamp=8274 ms, used_size=12748800 bytes (31.1%)
(RDMA_READ_CONSUME_CHECK_CONSUMER) timestamp=8274 ms, used_size=12746752 bytes (31.1%)
(RDMA_READ_CONSUME_CHECK_CONSUMER) timestamp=8274 ms, used_size=12744704 bytes (31.1%)
(RDMA_READ_CONSUME_CHECK_CONSUMER) timestamp=8274 ms, used_size=12742656 bytes (31.1%)
(RDMA_READ_CONSUME_CHECK_CONSUMER) timestamp=8274 ms, used_size=12740608 bytes (31.1%)
(RDMA_READ_CONSUME_CHECK_CONSUMER) timestamp=8274 ms, used_size=12738560 bytes (31.1%)
(RDMA_READ_CONSUME_CHECK_CONSUMER) timestamp=8274 ms, used_size=12736512 bytes (31.1%)
(RDMA_READ_CONSUME_CHECK_CONSUMER) timestamp=8274 ms, used_size=12734464 bytes (31.1%)
(RDMA_READ_CONSUME_CHECK_CONSUMER) timestamp=8274 ms, used_size=12732416 bytes (31.1%)
(RDMA_READ_CONSUME_CHECK_CONSUMER) timestamp=8274 ms, used_size=12730368 bytes (31.1%)
(RDMA_READ_CONSUME_CHECK_CONSUMER) timestamp=8274 ms, used_size=12728320 bytes (31.1%)
(RDMA_READ_CONSUME_CHECK_CONSUMER) timestamp=8274 ms, used_size=12726272 bytes (31.1%)
(RDMA_READ_CONSUME_CHECK_CONSUMER) timestamp=8274 ms, used_size=12724224 bytes (31.1%)
(RDMA_READ_CONSUME_CHECK_CONSUMER) timestamp=8274 ms, used_size=12722176 bytes (31.1%)
(RDMA_READ_CONSUME_CHECK_CONSUMER) timestamp=8274 ms, used_size=12720128 bytes (31.1%)
(RDMA_READ_CONSUME_CHECK_CONSUMER) timestamp=8274 ms, used_size=12718080 bytes (31.1%)
(RDMA_READ_CONSUME_CHECK_CONSUMER) timestamp=8274 ms, used_size=12716032 bytes (31.0%)
(RDMA_READ_CONSUME_CHECK_CONSUMER) timestamp=8274 ms, used_size=12713984 bytes (31.0%)
(RDMA_READ_CONSUME_CHECK_CONSUMER) timestamp=8274 ms, used_size=12711936 bytes (31.0%)
(RDMA_READ_CONSUME_CHECK_CONSUMER) timestamp=8274 ms, used_size=12709888 bytes (31.0%)
(RDMA_READ_CONSUME_CHECK_CONSUMER) timestamp=8274 ms, used_size=12707840 bytes (31.0%)
(RDMA_READ_CONSUME_CHECK_CONSUMER) timestamp=8274 ms, used_size=12705792 bytes (31.0%)
(RDMA_READ_CONSUME_CHECK_CONSUMER) timestamp=8274 ms, used_size=12703744 bytes (31.0%)
(RDMA_READ_CONSUME_CHECK_CONSUMER) timestamp=8274 ms, used_size=12701696 bytes (31.0%)
(RDMA_READ_CONSUME_CHECK_CONSUMER) timestamp=8274 ms, used_size=12699648 bytes (31.0%)
(RDMA_READ_CONSUME_CHECK_CONSUMER) timestamp=8274 ms, used_size=12697600 bytes (31.0%)
(RDMA_READ_CONSUME_CHECK_CONSUMER) timestamp=8274 ms, used_size=12695552 bytes (31.0%)
(RDMA_READ_CONSUME_CHECK_CONSUMER) timestamp=8274 ms, used_size=12693504 bytes (31.0%)
(RDMA_READ_CONSUME_CHECK_CONSUMER) timestamp=8274 ms, used_size=12691456 bytes (31.0%)
(RDMA_READ_CONSUME_CHECK_CONSUMER) timestamp=8274 ms, used_size=12689408 bytes (31.0%)
(RDMA_READ_CONSUME_CHECK_CONSUMER) timestamp=8274 ms, used_size=12687360 bytes (31.0%)
(RDMA_READ_CONSUME_CHECK_CONSUMER) timestamp=8274 ms, used_size=12685312 bytes (31.0%)
(RDMA_READ_CONSUME_CHECK_CONSUMER) timestamp=8274 ms, used_size=12683264 bytes (31.0%)
(RDMA_READ_CONSUME_CHECK_CONSUMER) timestamp=8274 ms, used_size=12681216 bytes (31.0%)
(RDMA_READ_CONSUME_CHECK_CONSUMER) timestamp=8274 ms, used_size=12679168 bytes (31.0%)
(RDMA_READ_CONSUME_CHECK_CONSUMER) timestamp=8274 ms, used_size=12677120 bytes (30.9%)
(RDMA_READ_CONSUME_CHECK_CONSUMER) timestamp=8274 ms, used_size=12675072 bytes (30.9%)
(RDMA_READ_CONSUME_CHECK_CONSUMER) timestamp=8274 ms, used_size=12673024 bytes (30.9%)
(RDMA_READ_CONSUME_CHECK_CONSUMER) timestamp=8274 ms, used_size=12670976 bytes (30.9%)
(RDMA_READ_CONSUME_CHECK_CONSUMER) timestamp=8274 ms, used_size=12668928 bytes (30.9%)
(RDMA_READ_CONSUME_CHECK_CONSUMER) timestamp=8274 ms, used_size=12666880 bytes (30.9%)
(RDMA_READ_CONSUME_CHECK_CONSUMER) timestamp=8274 ms, used_size=12664832 bytes (30.9%)
(RDMA_READ_CONSUME_CHECK_CONSUMER) timestamp=8274 ms, used_size=12662784 bytes (30.9%)
(RDMA_READ_CONSUME_CHECK_CONSUMER) timestamp=8274 ms, used_size=12660736 bytes (30.9%)
(RDMA_READ_CONSUME_CHECK_CONSUMER) timestamp=8274 ms, used_size=12658688 bytes (30.9%)
(RDMA_READ_CONSUME_CHECK_CONSUMER) timestamp=8274 ms, used_size=12656640 bytes (30.9%)
(RDMA_READ_CONSUME_CHECK_CONSUMER) timestamp=8274 ms, used_size=12654592 bytes (30.9%)
(RDMA_READ_CONSUME_CHECK_CONSUMER) timestamp=8274 ms, used_size=12652544 bytes (30.9%)
(RDMA_READ_CONSUME_CHECK_CONSUMER) timestamp=8275 ms, used_size=12650496 bytes (30.9%)
(RDMA_READ_CONSUME_CHECK_CONSUMER) timestamp=8275 ms, used_size=12648448 bytes (30.9%)
(RDMA_READ_CONSUME_CHECK_CONSUMER) timestamp=8275 ms, used_size=12646400 bytes (30.9%)
(RDMA_READ_CONSUME_CHECK_CONSUMER) timestamp=8275 ms, used_size=12644352 bytes (30.9%)
(RDMA_READ_CONSUME_CHECK_CONSUMER) timestamp=8275 ms, used_size=12642304 bytes (30.9%)
(RDMA_READ_CONSUME_CHECK_CONSUMER) timestamp=8275 ms, used_size=12640256 bytes (30.9%)
(RDMA_READ_CONSUME_CHECK_CONSUMER) timestamp=8275 ms, used_size=12638208 bytes (30.9%)
(RDMA_READ_CONSUME_CHECK_CONSUMER) timestamp=8275 ms, used_size=12636160 bytes (30.9%)
(RDMA_READ_CONSUME_CHECK_CONSUMER) timestamp=8275 ms, used_size=12634112 bytes (30.8%)
(RDMA_READ_CONSUME_CHECK_CONSUMER) timestamp=8275 ms, used_size=12632064 bytes (30.8%)
(RDMA_READ_CONSUME_CHECK_CONSUMER) timestamp=8275 ms, used_size=12630016 bytes (30.8%)
(RDMA_READ_CONSUME_CHECK_CONSUMER) timestamp=8275 ms, used_size=12627968 bytes (30.8%)
(RDMA_READ_CONSUME_CHECK_CONSUMER) timestamp=8275 ms, used_size=12625920 bytes (30.8%)
(RDMA_READ_CONSUME_CHECK_CONSUMER) timestamp=8275 ms, used_size=12623872 bytes (30.8%)
(RDMA_READ_CONSUME_CHECK_CONSUMER) timestamp=8275 ms, used_size=12621824 bytes (30.8%)
(RDMA_READ_CONSUME_CHECK_CONSUMER) timestamp=8275 ms, used_size=12619776 bytes (30.8%)
(RDMA_READ_CONSUME_CHECK_CONSUMER) timestamp=8275 ms, used_size=12617728 bytes (30.8%)
(RDMA_READ_CONSUME_CHECK_CONSUMER) timestamp=8275 ms, used_size=12615680 bytes (30.8%)
(RDMA_READ_CONSUME_CHECK_CONSUMER) timestamp=8275 ms, used_size=12613632 bytes (30.8%)
(RDMA_READ_CONSUME_CHECK_CONSUMER) timestamp=8275 ms, used_size=12611584 bytes (30.8%)
(RDMA_READ_CONSUME_CHECK_CONSUMER) timestamp=8275 ms, used_size=12609536 bytes (30.8%)
(RDMA_READ_CONSUME_CHECK_CONSUMER) timestamp=8275 ms, used_size=12607488 bytes (30.8%)
(RDMA_READ_CONSUME_CHECK_CONSUMER) timestamp=8275 ms, used_size=12605440 bytes (30.8%)
(RDMA_READ_CONSUME_CHECK_CONSUMER) timestamp=8275 ms, used_size=12603392 bytes (30.8%)
(RDMA_READ_CONSUME_CHECK_CONSUMER) timestamp=8275 ms, used_size=12601344 bytes (30.8%)
(RDMA_READ_CONSUME_CHECK_CONSUMER) timestamp=8275 ms, used_size=12599296 bytes (30.8%)
(RDMA_READ_CONSUME_CHECK_CONSUMER) timestamp=8275 ms, used_size=12597248 bytes (30.8%)
(RDMA_READ_CONSUME_CHECK_CONSUMER) timestamp=8275 ms, used_size=12595200 bytes (30.8%)
(RDMA_READ_CONSUME_CHECK_CONSUMER) timestamp=8275 ms, used_size=12593152 bytes (30.7%)
(RDMA_READ_CONSUME_CHECK_CONSUMER) timestamp=8275 ms, used_size=12591104 bytes (30.7%)
(RDMA_READ_CONSUME_CHECK_CONSUMER) timestamp=8275 ms, used_size=12589056 bytes (30.7%)
(RDMA_READ_CONSUME_CHECK_CONSUMER) timestamp=8275 ms, used_size=12587008 bytes (30.7%)
(RDMA_READ_CONSUME_CHECK_CONSUMER) timestamp=8275 ms, used_size=12584960 bytes (30.7%)
(RDMA_READ_CONSUME_CHECK_CONSUMER) timestamp=8275 ms, used_size=12582912 bytes (30.7%)
(RDMA_READ_CONSUME_CHECK_CONSUMER) timestamp=8275 ms, used_size=12580864 bytes (30.7%)
(RDMA_READ_CONSUME_CHECK_CONSUMER) timestamp=8275 ms, used_size=12578816 bytes (30.7%)
(RDMA_READ_CONSUME_CHECK_CONSUMER) timestamp=8275 ms, used_size=12576768 bytes (30.7%)
(RDMA_READ_CONSUME_CHECK_CONSUMER) timestamp=8275 ms, used_size=12574720 bytes (30.7%)
(RDMA_READ_CONSUME_CHECK_CONSUMER) timestamp=8275 ms, used_size=12572672 bytes (30.7%)
(RDMA_READ_CONSUME_CHECK_CONSUMER) timestamp=8275 ms, used_size=12570624 bytes (30.7%)
(RDMA_READ_CONSUME_CHECK_CONSUMER) timestamp=8275 ms, used_size=12568576 bytes (30.7%)
(RDMA_READ_CONSUME_CHECK_CONSUMER) timestamp=8275 ms, used_size=12566528 bytes (30.7%)
(RDMA_READ_CONSUME_CHECK_CONSUMER) timestamp=8275 ms, used_size=12564480 bytes (30.7%)
(RDMA_READ_CONSUME_CHECK_CONSUMER) timestamp=8275 ms, used_size=12562432 bytes (30.7%)
(RDMA_READ_CONSUME_CHECK_CONSUMER) timestamp=8275 ms, used_size=12560384 bytes (30.7%)
(RDMA_READ_CONSUME_CHECK_CONSUMER) timestamp=8275 ms, used_size=12558336 bytes (30.7%)
(RDMA_READ_CONSUME_CHECK_CONSUMER) timestamp=8275 ms, used_size=12556288 bytes (30.7%)
(RDMA_READ_CONSUME_CHECK_CONSUMER) timestamp=8275 ms, used_size=12554240 bytes (30.6%)
(RDMA_READ_CONSUME_CHECK_CONSUMER) timestamp=8275 ms, used_size=12552192 bytes (30.6%)
(RDMA_READ_CONSUME_CHECK_CONSUMER) timestamp=8275 ms, used_size=12550144 bytes (30.6%)
(RDMA_READ_CONSUME_CHECK_CONSUMER) timestamp=8275 ms, used_size=12548096 bytes (30.6%)
(RDMA_READ_CONSUME_CHECK_CONSUMER) timestamp=8275 ms, used_size=12546048 bytes (30.6%)
(RDMA_READ_CONSUME_CHECK_CONSUMER) timestamp=8275 ms, used_size=12544000 bytes (30.6%)
(RDMA_READ_CONSUME_CHECK_CONSUMER) timestamp=8275 ms, used_size=12541952 bytes (30.6%)
(RDMA_READ_CONSUME_CHECK_CONSUMER) timestamp=8275 ms, used_size=12539904 bytes (30.6%)
(RDMA_READ_CONSUME_CHECK_CONSUMER) timestamp=8275 ms, used_size=12537856 bytes (30.6%)
(RDMA_READ_CONSUME_CHECK_CONSUMER) timestamp=8275 ms, used_size=12535808 bytes (30.6%)
(RDMA_READ_CONSUME_CHECK_CONSUMER) timestamp=8275 ms, used_size=12533760 bytes (30.6%)
(RDMA_READ_CONSUME_CHECK_CONSUMER) timestamp=8275 ms, used_size=12531712 bytes (30.6%)
(RDMA_READ_CONSUME_CHECK_CONSUMER) timestamp=8275 ms, used_size=12529664 bytes (30.6%)
(RDMA_READ_CONSUME_CHECK_CONSUMER) timestamp=8275 ms, used_size=12527616 bytes (30.6%)
(RDMA_READ_CONSUME_CHECK_CONSUMER) timestamp=8275 ms, used_size=12525568 bytes (30.6%)
(RDMA_READ_CONSUME_CHECK_CONSUMER) timestamp=8275 ms, used_size=12523520 bytes (30.6%)
(RDMA_READ_CONSUME_CHECK_CONSUMER) timestamp=8275 ms, used_size=12521472 bytes (30.6%)
(RDMA_READ_CONSUME_CHECK_CONSUMER) timestamp=8275 ms, used_size=12519424 bytes (30.6%)
(RDMA_READ_CONSUME_CHECK_CONSUMER) timestamp=8275 ms, used_size=12517376 bytes (30.6%)
(RDMA_READ_CONSUME_CHECK_CONSUMER) timestamp=8275 ms, used_size=12515328 bytes (30.6%)
(RDMA_READ_CONSUME_CHECK_CONSUMER) timestamp=8275 ms, used_size=12513280 bytes (30.6%)
(RDMA_READ_CONSUME_CHECK_CONSUMER) timestamp=8275 ms, used_size=12511232 bytes (30.5%)
(RDMA_READ_CONSUME_CHECK_CONSUMER) timestamp=8275 ms, used_size=12509184 bytes (30.5%)
(RDMA_READ_CONSUME_CHECK_CONSUMER) timestamp=8275 ms, used_size=12507136 bytes (30.5%)
(RDMA_READ_CONSUME_CHECK_CONSUMER) timestamp=8275 ms, used_size=12505088 bytes (30.5%)
(RDMA_READ_CONSUME_CHECK_CONSUMER) timestamp=8275 ms, used_size=12503040 bytes (30.5%)
(RDMA_READ_CONSUME_CHECK_CONSUMER) timestamp=8275 ms, used_size=12500992 bytes (30.5%)
(RDMA_READ_CONSUME_CHECK_CONSUMER) timestamp=8275 ms, used_size=12498944 bytes (30.5%)
(RDMA_READ_CONSUME_CHECK_CONSUMER) timestamp=8275 ms, used_size=12496896 bytes (30.5%)
(RDMA_READ_CONSUME_CHECK_CONSUMER) timestamp=8275 ms, used_size=12494848 bytes (30.5%)
(RDMA_READ_CONSUME_CHECK_CONSUMER) timestamp=8275 ms, used_size=12492800 bytes (30.5%)
(RDMA_READ_CONSUME_CHECK_CONSUMER) timestamp=8275 ms, used_size=12490752 bytes (30.5%)
(RDMA_READ_CONSUME_CHECK_CONSUMER) timestamp=8275 ms, used_size=12488704 bytes (30.5%)
(RDMA_READ_CONSUME_CHECK_CONSUMER) timestamp=8275 ms, used_size=12486656 bytes (30.5%)
(RDMA_READ_CONSUME_CHECK_CONSUMER) timestamp=8275 ms, used_size=12484608 bytes (30.5%)
(RDMA_READ_CONSUME_CHECK_CONSUMER) timestamp=8275 ms, used_size=12482560 bytes (30.5%)
(RDMA_READ_CONSUME_CHECK_CONSUMER) timestamp=8275 ms, used_size=12480512 bytes (30.5%)
(RDMA_READ_CONSUME_CHECK_CONSUMER) timestamp=8275 ms, used_size=12478464 bytes (30.5%)
(RDMA_READ_CONSUME_CHECK_CONSUMER) timestamp=8275 ms, used_size=12476416 bytes (30.5%)
(RDMA_READ_CONSUME_CHECK_CONSUMER) timestamp=8275 ms, used_size=12474368 bytes (30.5%)
(RDMA_READ_CONSUME_CHECK_CONSUMER) timestamp=8275 ms, used_size=12472320 bytes (30.4%)
(RDMA_READ_CONSUME_CHECK_CONSUMER) timestamp=8275 ms, used_size=12470272 bytes (30.4%)
(RDMA_READ_CONSUME_CHECK_CONSUMER) timestamp=8275 ms, used_size=12468224 bytes (30.4%)
(RDMA_READ_CONSUME_CHECK_CONSUMER) timestamp=8275 ms, used_size=12466176 bytes (30.4%)
(RDMA_READ_CONSUME_CHECK_CONSUMER) timestamp=8275 ms, used_size=12464128 bytes (30.4%)
(RDMA_READ_CONSUME_CHECK_CONSUMER) timestamp=8275 ms, used_size=12462080 bytes (30.4%)
(RDMA_READ_CONSUME_CHECK_CONSUMER) timestamp=8275 ms, used_size=12460032 bytes (30.4%)
(RDMA_READ_CONSUME_CHECK_CONSUMER) timestamp=8275 ms, used_size=12457984 bytes (30.4%)
(RDMA_READ_CONSUME_CHECK_CONSUMER) timestamp=8275 ms, used_size=12455936 bytes (30.4%)
(RDMA_READ_CONSUME_CHECK_CONSUMER) timestamp=8275 ms, used_size=12453888 bytes (30.4%)
(RDMA_READ_CONSUME_CHECK_CONSUMER) timestamp=8275 ms, used_size=12451840 bytes (30.4%)
(RDMA_READ_CONSUME_CHECK_CONSUMER) timestamp=8275 ms, used_size=12449792 bytes (30.4%)
(RDMA_READ_CONSUME_CHECK_CONSUMER) timestamp=8275 ms, used_size=12447744 bytes (30.4%)
(RDMA_READ_CONSUME_CHECK_CONSUMER) timestamp=8275 ms, used_size=12445696 bytes (30.4%)
(RDMA_READ_CONSUME_CHECK_CONSUMER) timestamp=8275 ms, used_size=12443648 bytes (30.4%)
(RDMA_READ_CONSUME_CHECK_CONSUMER) timestamp=8275 ms, used_size=12441600 bytes (30.4%)
(RDMA_READ_CONSUME_CHECK_CONSUMER) timestamp=8275 ms, used_size=12439552 bytes (30.4%)
(RDMA_READ_CONSUME_CHECK_CONSUMER) timestamp=8275 ms, used_size=12437504 bytes (30.4%)
(RDMA_READ_CONSUME_CHECK_CONSUMER) timestamp=8275 ms, used_size=12435456 bytes (30.4%)
(RDMA_READ_CONSUME_CHECK_CONSUMER) timestamp=8275 ms, used_size=12433408 bytes (30.4%)
(RDMA_READ_CONSUME_CHECK_CONSUMER) timestamp=8275 ms, used_size=12431360 bytes (30.4%)
(RDMA_READ_CONSUME_CHECK_CONSUMER) timestamp=8275 ms, used_size=12429312 bytes (30.3%)
(RDMA_READ_CONSUME_CHECK_CONSUMER) timestamp=8275 ms, used_size=12427264 bytes (30.3%)
(RDMA_READ_CONSUME_CHECK_CONSUMER) timestamp=8275 ms, used_size=12425216 bytes (30.3%)
(RDMA_READ_CONSUME_CHECK_CONSUMER) timestamp=8275 ms, used_size=12423168 bytes (30.3%)
(RDMA_READ_CONSUME_CHECK_CONSUMER) timestamp=8275 ms, used_size=12421120 bytes (30.3%)
(RDMA_READ_CONSUME_CHECK_CONSUMER) timestamp=8275 ms, used_size=12419072 bytes (30.3%)
(RDMA_READ_CONSUME_CHECK_CONSUMER) timestamp=8275 ms, used_size=12417024 bytes (30.3%)
(RDMA_READ_CONSUME_CHECK_CONSUMER) timestamp=8275 ms, used_size=12414976 bytes (30.3%)
(RDMA_READ_CONSUME_CHECK_CONSUMER) timestamp=8275 ms, used_size=12412928 bytes (30.3%)
(RDMA_READ_CONSUME_CHECK_CONSUMER) timestamp=8275 ms, used_size=12410880 bytes (30.3%)
(RDMA_READ_CONSUME_CHECK_CONSUMER) timestamp=8275 ms, used_size=12408832 bytes (30.3%)
(RDMA_READ_CONSUME_CHECK_CONSUMER) timestamp=8275 ms, used_size=12406784 bytes (30.3%)
(RDMA_READ_CONSUME_CHECK_CONSUMER) timestamp=8275 ms, used_size=12404736 bytes (30.3%)
(RDMA_READ_CONSUME_CHECK_CONSUMER) timestamp=8275 ms, used_size=12402688 bytes (30.3%)
(RDMA_READ_CONSUME_CHECK_CONSUMER) timestamp=8275 ms, used_size=12400640 bytes (30.3%)
(RDMA_READ_CONSUME_CHECK_CONSUMER) timestamp=8275 ms, used_size=12398592 bytes (30.3%)
(RDMA_READ_CONSUME_CHECK_CONSUMER) timestamp=8275 ms, used_size=12396544 bytes (30.3%)
(RDMA_READ_CONSUME_CHECK_CONSUMER) timestamp=8275 ms, used_size=12394496 bytes (30.3%)
(RDMA_READ_CONSUME_CHECK_CONSUMER) timestamp=8275 ms, used_size=12392448 bytes (30.3%)
(RDMA_READ_CONSUME_CHECK_CONSUMER) timestamp=8275 ms, used_size=12390400 bytes (30.2%)
(RDMA_READ_CONSUME_CHECK_CONSUMER) timestamp=8275 ms, used_size=12388352 bytes (30.2%)
(RDMA_READ_CONSUME_CHECK_CONSUMER) timestamp=8275 ms, used_size=12386304 bytes (30.2%)
(RDMA_READ_CONSUME_CHECK_CONSUMER) timestamp=8275 ms, used_size=12384256 bytes (30.2%)
(RDMA_READ_CONSUME_CHECK_CONSUMER) timestamp=8275 ms, used_size=12382208 bytes (30.2%)
(RDMA_READ_CONSUME_CHECK_CONSUMER) timestamp=8275 ms, used_size=12380160 bytes (30.2%)
(RDMA_READ_CONSUME_CHECK_CONSUMER) timestamp=8275 ms, used_size=12378112 bytes (30.2%)
(RDMA_READ_CONSUME_CHECK_CONSUMER) timestamp=8275 ms, used_size=12376064 bytes (30.2%)
(RDMA_READ_CONSUME_CHECK_CONSUMER) timestamp=8275 ms, used_size=12374016 bytes (30.2%)
(RDMA_READ_CONSUME_CHECK_CONSUMER) timestamp=8275 ms, used_size=12371968 bytes (30.2%)
(RDMA_READ_CONSUME_CHECK_CONSUMER) timestamp=8275 ms, used_size=12369920 bytes (30.2%)
(RDMA_READ_CONSUME_CHECK_CONSUMER) timestamp=8275 ms, used_size=12367872 bytes (30.2%)
(RDMA_READ_CONSUME_CHECK_CONSUMER) timestamp=8275 ms, used_size=12365824 bytes (30.2%)
(RDMA_READ_CONSUME_CHECK_CONSUMER) timestamp=8275 ms, used_size=12363776 bytes (30.2%)
(RDMA_READ_CONSUME_CHECK_CONSUMER) timestamp=8275 ms, used_size=12361728 bytes (30.2%)
(RDMA_READ_CONSUME_CHECK_CONSUMER) timestamp=8275 ms, used_size=12359680 bytes (30.2%)
(RDMA_READ_CONSUME_CHECK_CONSUMER) timestamp=8275 ms, used_size=12357632 bytes (30.2%)
(RDMA_READ_CONSUME_CHECK_CONSUMER) timestamp=8275 ms, used_size=12355584 bytes (30.2%)
(RDMA_READ_CONSUME_CHECK_CONSUMER) timestamp=8275 ms, used_size=12353536 bytes (30.2%)
(RDMA_READ_CONSUME_CHECK_CONSUMER) timestamp=8275 ms, used_size=12351488 bytes (30.2%)
(RDMA_READ_CONSUME_CHECK_CONSUMER) timestamp=8275 ms, used_size=12349440 bytes (30.1%)
(RDMA_READ_CONSUME_CHECK_CONSUMER) timestamp=8275 ms, used_size=12347392 bytes (30.1%)
(RDMA_READ_CONSUME_CHECK_CONSUMER) timestamp=8275 ms, used_size=12345344 bytes (30.1%)
(RDMA_READ_CONSUME_CHECK_CONSUMER) timestamp=8275 ms, used_size=12343296 bytes (30.1%)
(RDMA_READ_CONSUME_CHECK_CONSUMER) timestamp=8275 ms, used_size=12341248 bytes (30.1%)
(RDMA_READ_CONSUME_CHECK_CONSUMER) timestamp=8275 ms, used_size=12339200 bytes (30.1%)
(RDMA_READ_CONSUME_CHECK_CONSUMER) timestamp=8275 ms, used_size=12337152 bytes (30.1%)
(RDMA_READ_CONSUME_CHECK_CONSUMER) timestamp=8275 ms, used_size=12335104 bytes (30.1%)
(RDMA_READ_CONSUME_CHECK_CONSUMER) timestamp=8275 ms, used_size=12333056 bytes (30.1%)
(RDMA_READ_CONSUME_CHECK_CONSUMER) timestamp=8275 ms, used_size=12331008 bytes (30.1%)
(RDMA_READ_CONSUME_CHECK_CONSUMER) timestamp=8275 ms, used_size=12328960 bytes (30.1%)
(RDMA_READ_CONSUME_CHECK_CONSUMER) timestamp=8275 ms, used_size=12326912 bytes (30.1%)
(RDMA_READ_CONSUME_CHECK_CONSUMER) timestamp=8275 ms, used_size=12324864 bytes (30.1%)
(RDMA_READ_CONSUME_CHECK_CONSUMER) timestamp=8275 ms, used_size=12322816 bytes (30.1%)
(RDMA_READ_CONSUME_CHECK_CONSUMER) timestamp=8275 ms, used_size=12320768 bytes (30.1%)
(RDMA_READ_CONSUME_CHECK_CONSUMER) timestamp=8275 ms, used_size=12318720 bytes (30.1%)
(RDMA_READ_CONSUME_CHECK_CONSUMER) timestamp=8275 ms, used_size=12316672 bytes (30.1%)
(RDMA_READ_CONSUME_CHECK_CONSUMER) timestamp=8275 ms, used_size=12314624 bytes (30.1%)
(RDMA_READ_CONSUME_CHECK_CONSUMER) timestamp=8275 ms, used_size=12312576 bytes (30.1%)
(RDMA_READ_CONSUME_CHECK_CONSUMER) timestamp=8275 ms, used_size=12310528 bytes (30.1%)
(RDMA_READ_CONSUME_CHECK_CONSUMER) timestamp=8275 ms, used_size=12308480 bytes (30.1%)
(RDMA_READ_CONSUME_CHECK_CONSUMER) timestamp=8275 ms, used_size=12306432 bytes (30.0%)
(RDMA_READ_CONSUME_CHECK_CONSUMER) timestamp=8275 ms, used_size=12304384 bytes (30.0%)
(RDMA_READ_CONSUME_CHECK_CONSUMER) timestamp=8275 ms, used_size=12302336 bytes (30.0%)
(RDMA_READ_CONSUME_CHECK_CONSUMER) timestamp=8275 ms, used_size=12300288 bytes (30.0%)
(RDMA_READ_CONSUME_CHECK_CONSUMER) timestamp=8275 ms, used_size=12298240 bytes (30.0%)
(RDMA_READ_CONSUME_CHECK_CONSUMER) timestamp=8275 ms, used_size=12296192 bytes (30.0%)
(RDMA_READ_CONSUME_CHECK_CONSUMER) timestamp=8275 ms, used_size=12294144 bytes (30.0%)
(RDMA_READ_CONSUME_CHECK_CONSUMER) timestamp=8275 ms, used_size=12292096 bytes (30.0%)
(RDMA_READ_CONSUME_CHECK_CONSUMER) timestamp=8275 ms, used_size=12290048 bytes (30.0%)
(RDMA_READ_CONSUME_CHECK_CONSUMER) timestamp=8275 ms, used_size=12288000 bytes (30.0%)
(RDMA_READ_CONSUME_CHECK_CONSUMER) timestamp=8275 ms, used_size=12285952 bytes (30.0%)
(RDMA_READ_CONSUME_CHECK_CONSUMER) timestamp=8276 ms, used_size=12283904 bytes (30.0%)
(RDMA_READ_CONSUME_CHECK_CONSUMER) timestamp=8276 ms, used_size=12281856 bytes (30.0%)
(RDMA_READ_CONSUME_CHECK_CONSUMER) timestamp=8276 ms, used_size=12279808 bytes (30.0%)
(RDMA_READ_CONSUME_CHECK_CONSUMER) timestamp=8276 ms, used_size=12277760 bytes (30.0%)
(RDMA_READ_CONSUME_CHECK_CONSUMER) timestamp=8276 ms, used_size=12275712 bytes (30.0%)
(RDMA_READ_CONSUME_CHECK_CONSUMER) timestamp=8276 ms, used_size=12273664 bytes (30.0%)
(RDMA_READ_CONSUME_CHECK_CONSUMER) timestamp=8276 ms, used_size=12271616 bytes (30.0%)
(RDMA_READ_CONSUME_CHECK_CONSUMER) timestamp=8276 ms, used_size=12269568 bytes (30.0%)
(RDMA_READ_CONSUME_CHECK_CONSUMER) timestamp=8276 ms, used_size=12267520 bytes (29.9%)
(RDMA_READ_CONSUME_CHECK_CONSUMER) timestamp=8276 ms, used_size=12265472 bytes (29.9%)
(RDMA_READ_CONSUME_CHECK_CONSUMER) timestamp=8276 ms, used_size=12263424 bytes (29.9%)
(RDMA_READ_CONSUME_CHECK_CONSUMER) timestamp=8276 ms, used_size=12261376 bytes (29.9%)
(RDMA_READ_CONSUME_CHECK_CONSUMER) timestamp=8276 ms, used_size=12259328 bytes (29.9%)
(RDMA_READ_CONSUME_CHECK_CONSUMER) timestamp=8276 ms, used_size=12257280 bytes (29.9%)
(RDMA_READ_CONSUME_CHECK_CONSUMER) timestamp=8276 ms, used_size=12255232 bytes (29.9%)
(RDMA_READ_CONSUME_CHECK_CONSUMER) timestamp=8276 ms, used_size=12253184 bytes (29.9%)
(RDMA_READ_CONSUME_CHECK_CONSUMER) timestamp=8276 ms, used_size=12251136 bytes (29.9%)
(RDMA_READ_CONSUME_CHECK_CONSUMER) timestamp=8276 ms, used_size=12249088 bytes (29.9%)
(RDMA_READ_CONSUME_CHECK_CONSUMER) timestamp=8276 ms, used_size=12247040 bytes (29.9%)
(RDMA_READ_CONSUME_CHECK_CONSUMER) timestamp=8276 ms, used_size=12244992 bytes (29.9%)
(RDMA_READ_CONSUME_CHECK_CONSUMER) timestamp=8276 ms, used_size=12242944 bytes (29.9%)
(RDMA_READ_CONSUME_CHECK_CONSUMER) timestamp=8276 ms, used_size=12240896 bytes (29.9%)
(RDMA_READ_CONSUME_CHECK_CONSUMER) timestamp=8276 ms, used_size=12238848 bytes (29.9%)
(RDMA_READ_CONSUME_CHECK_CONSUMER) timestamp=8276 ms, used_size=12236800 bytes (29.9%)
(RDMA_READ_CONSUME_CHECK_CONSUMER) timestamp=8276 ms, used_size=12234752 bytes (29.9%)
(RDMA_READ_CONSUME_CHECK_CONSUMER) timestamp=8276 ms, used_size=12232704 bytes (29.9%)
(RDMA_READ_CONSUME_CHECK_CONSUMER) timestamp=8276 ms, used_size=12230656 bytes (29.9%)
(RDMA_READ_CONSUME_CHECK_CONSUMER) timestamp=8276 ms, used_size=12228608 bytes (29.9%)
(RDMA_READ_CONSUME_CHECK_CONSUMER) timestamp=8276 ms, used_size=12226560 bytes (29.9%)
(RDMA_READ_CONSUME_CHECK_CONSUMER) timestamp=8276 ms, used_size=12224512 bytes (29.8%)
(RDMA_READ_CONSUME_CHECK_CONSUMER) timestamp=8276 ms, used_size=12222464 bytes (29.8%)
(RDMA_READ_CONSUME_CHECK_CONSUMER) timestamp=8276 ms, used_size=12220416 bytes (29.8%)
(RDMA_READ_CONSUME_CHECK_CONSUMER) timestamp=8276 ms, used_size=12218368 bytes (29.8%)
(RDMA_READ_CONSUME_CHECK_CONSUMER) timestamp=8276 ms, used_size=12216320 bytes (29.8%)
(RDMA_READ_CONSUME_CHECK_CONSUMER) timestamp=8276 ms, used_size=12214272 bytes (29.8%)
(RDMA_READ_CONSUME_CHECK_CONSUMER) timestamp=8276 ms, used_size=12212224 bytes (29.8%)
(RDMA_READ_CONSUME_CHECK_CONSUMER) timestamp=8276 ms, used_size=12210176 bytes (29.8%)
(RDMA_READ_CONSUME_CHECK_CONSUMER) timestamp=8276 ms, used_size=12208128 bytes (29.8%)
(RDMA_READ_CONSUME_CHECK_CONSUMER) timestamp=8276 ms, used_size=12206080 bytes (29.8%)
(RDMA_READ_CONSUME_CHECK_CONSUMER) timestamp=8276 ms, used_size=12204032 bytes (29.8%)
(RDMA_READ_CONSUME_CHECK_CONSUMER) timestamp=8276 ms, used_size=12201984 bytes (29.8%)
(RDMA_READ_CONSUME_CHECK_CONSUMER) timestamp=8276 ms, used_size=12199936 bytes (29.8%)
(RDMA_READ_CONSUME_CHECK_CONSUMER) timestamp=8276 ms, used_size=12197888 bytes (29.8%)
(RDMA_READ_CONSUME_CHECK_CONSUMER) timestamp=8276 ms, used_size=12195840 bytes (29.8%)
(RDMA_READ_CONSUME_CHECK_CONSUMER) timestamp=8276 ms, used_size=12193792 bytes (29.8%)
(RDMA_READ_CONSUME_CHECK_CONSUMER) timestamp=8276 ms, used_size=12191744 bytes (29.8%)
(RDMA_READ_CONSUME_CHECK_CONSUMER) timestamp=8276 ms, used_size=12189696 bytes (29.8%)
(RDMA_READ_CONSUME_CHECK_CONSUMER) timestamp=8276 ms, used_size=12187648 bytes (29.8%)
(RDMA_READ_CONSUME_CHECK_CONSUMER) timestamp=8276 ms, used_size=12185600 bytes (29.8%)
(RDMA_READ_CONSUME_CHECK_CONSUMER) timestamp=8276 ms, used_size=12183552 bytes (29.7%)
(RDMA_READ_CONSUME_CHECK_CONSUMER) timestamp=8276 ms, used_size=12181504 bytes (29.7%)
(RDMA_READ_CONSUME_CHECK_CONSUMER) timestamp=8276 ms, used_size=12179456 bytes (29.7%)
(RDMA_READ_CONSUME_CHECK_CONSUMER) timestamp=8276 ms, used_size=12177408 bytes (29.7%)
(RDMA_READ_CONSUME_CHECK_CONSUMER) timestamp=8276 ms, used_size=12175360 bytes (29.7%)
(RDMA_READ_CONSUME_CHECK_CONSUMER) timestamp=8276 ms, used_size=12173312 bytes (29.7%)
(RDMA_READ_CONSUME_CHECK_CONSUMER) timestamp=8276 ms, used_size=12171264 bytes (29.7%)
(RDMA_READ_CONSUME_CHECK_CONSUMER) timestamp=8276 ms, used_size=12169216 bytes (29.7%)
(RDMA_READ_CONSUME_CHECK_CONSUMER) timestamp=8276 ms, used_size=12167168 bytes (29.7%)
(RDMA_READ_CONSUME_CHECK_CONSUMER) timestamp=8276 ms, used_size=12165120 bytes (29.7%)
(RDMA_READ_CONSUME_CHECK_CONSUMER) timestamp=8276 ms, used_size=12163072 bytes (29.7%)
(RDMA_READ_CONSUME_CHECK_CONSUMER) timestamp=8276 ms, used_size=12161024 bytes (29.7%)
(RDMA_READ_CONSUME_CHECK_CONSUMER) timestamp=8276 ms, used_size=12158976 bytes (29.7%)
(RDMA_READ_CONSUME_CHECK_CONSUMER) timestamp=8276 ms, used_size=12156928 bytes (29.7%)
(RDMA_READ_CONSUME_CHECK_CONSUMER) timestamp=8276 ms, used_size=12154880 bytes (29.7%)
(RDMA_READ_CONSUME_CHECK_CONSUMER) timestamp=8276 ms, used_size=12152832 bytes (29.7%)
(RDMA_READ_CONSUME_CHECK_CONSUMER) timestamp=8276 ms, used_size=12150784 bytes (29.7%)
(RDMA_READ_CONSUME_CHECK_CONSUMER) timestamp=8276 ms, used_size=12148736 bytes (29.7%)
(RDMA_READ_CONSUME_CHECK_CONSUMER) timestamp=8276 ms, used_size=12146688 bytes (29.7%)
(RDMA_READ_CONSUME_CHECK_CONSUMER) timestamp=8276 ms, used_size=12144640 bytes (29.6%)
(RDMA_READ_CONSUME_CHECK_CONSUMER) timestamp=8276 ms, used_size=12142592 bytes (29.6%)
(RDMA_READ_CONSUME_CHECK_CONSUMER) timestamp=8276 ms, used_size=12140544 bytes (29.6%)
(RDMA_READ_CONSUME_CHECK_CONSUMER) timestamp=8276 ms, used_size=12138496 bytes (29.6%)
(RDMA_READ_CONSUME_CHECK_CONSUMER) timestamp=8276 ms, used_size=12136448 bytes (29.6%)
(RDMA_READ_CONSUME_CHECK_CONSUMER) timestamp=8276 ms, used_size=12134400 bytes (29.6%)
(RDMA_READ_CONSUME_CHECK_CONSUMER) timestamp=8276 ms, used_size=12132352 bytes (29.6%)
(RDMA_READ_CONSUME_CHECK_CONSUMER) timestamp=8276 ms, used_size=12130304 bytes (29.6%)
(RDMA_READ_CONSUME_CHECK_CONSUMER) timestamp=8276 ms, used_size=12128256 bytes (29.6%)
(RDMA_READ_CONSUME_CHECK_CONSUMER) timestamp=8276 ms, used_size=12126208 bytes (29.6%)
(RDMA_READ_CONSUME_CHECK_CONSUMER) timestamp=8276 ms, used_size=12124160 bytes (29.6%)
(RDMA_READ_CONSUME_CHECK_CONSUMER) timestamp=8276 ms, used_size=12122112 bytes (29.6%)
(RDMA_READ_CONSUME_CHECK_CONSUMER) timestamp=8276 ms, used_size=12120064 bytes (29.6%)
(RDMA_READ_CONSUME_CHECK_CONSUMER) timestamp=8276 ms, used_size=12118016 bytes (29.6%)
(RDMA_READ_CONSUME_CHECK_CONSUMER) timestamp=8276 ms, used_size=12115968 bytes (29.6%)
(RDMA_READ_CONSUME_CHECK_CONSUMER) timestamp=8276 ms, used_size=12113920 bytes (29.6%)
(RDMA_READ_CONSUME_CHECK_CONSUMER) timestamp=8276 ms, used_size=12111872 bytes (29.6%)
(RDMA_READ_CONSUME_CHECK_CONSUMER) timestamp=8276 ms, used_size=12109824 bytes (29.6%)
(RDMA_READ_CONSUME_CHECK_CONSUMER) timestamp=8276 ms, used_size=12107776 bytes (29.6%)
(RDMA_READ_CONSUME_CHECK_CONSUMER) timestamp=8276 ms, used_size=12105728 bytes (29.6%)
(RDMA_READ_CONSUME_CHECK_CONSUMER) timestamp=8276 ms, used_size=12103680 bytes (29.6%)
(RDMA_READ_CONSUME_CHECK_CONSUMER) timestamp=8276 ms, used_size=12101632 bytes (29.5%)
(RDMA_READ_CONSUME_CHECK_CONSUMER) timestamp=8276 ms, used_size=12099584 bytes (29.5%)
(RDMA_READ_CONSUME_CHECK_CONSUMER) timestamp=8276 ms, used_size=12097536 bytes (29.5%)
(RDMA_READ_CONSUME_CHECK_CONSUMER) timestamp=8276 ms, used_size=12095488 bytes (29.5%)
(RDMA_READ_CONSUME_CHECK_CONSUMER) timestamp=8276 ms, used_size=12093440 bytes (29.5%)
(RDMA_READ_CONSUME_CHECK_CONSUMER) timestamp=8276 ms, used_size=12091392 bytes (29.5%)
(RDMA_READ_CONSUME_CHECK_CONSUMER) timestamp=8276 ms, used_size=12089344 bytes (29.5%)
(RDMA_READ_CONSUME_CHECK_CONSUMER) timestamp=8276 ms, used_size=12087296 bytes (29.5%)
(RDMA_READ_CONSUME_CHECK_CONSUMER) timestamp=8276 ms, used_size=12085248 bytes (29.5%)
(RDMA_READ_CONSUME_CHECK_CONSUMER) timestamp=8276 ms, used_size=12083200 bytes (29.5%)
(RDMA_READ_CONSUME_CHECK_CONSUMER) timestamp=8276 ms, used_size=12081152 bytes (29.5%)
(RDMA_READ_CONSUME_CHECK_CONSUMER) timestamp=8276 ms, used_size=12079104 bytes (29.5%)
(RDMA_READ_CONSUME_CHECK_CONSUMER) timestamp=8276 ms, used_size=12077056 bytes (29.5%)
(RDMA_READ_CONSUME_CHECK_CONSUMER) timestamp=8276 ms, used_size=12075008 bytes (29.5%)
(RDMA_READ_CONSUME_CHECK_CONSUMER) timestamp=8276 ms, used_size=12072960 bytes (29.5%)
(RDMA_READ_CONSUME_CHECK_CONSUMER) timestamp=8276 ms, used_size=12070912 bytes (29.5%)
(RDMA_READ_CONSUME_CHECK_CONSUMER) timestamp=8276 ms, used_size=12068864 bytes (29.5%)
(RDMA_READ_CONSUME_CHECK_CONSUMER) timestamp=8276 ms, used_size=12066816 bytes (29.5%)
(RDMA_READ_CONSUME_CHECK_CONSUMER) timestamp=8276 ms, used_size=12064768 bytes (29.5%)
(RDMA_READ_CONSUME_CHECK_CONSUMER) timestamp=8276 ms, used_size=12062720 bytes (29.4%)
(RDMA_READ_CONSUME_CHECK_CONSUMER) timestamp=8276 ms, used_size=12060672 bytes (29.4%)
(RDMA_READ_CONSUME_CHECK_CONSUMER) timestamp=8276 ms, used_size=12058624 bytes (29.4%)
(RDMA_READ_CONSUME_CHECK_CONSUMER) timestamp=8276 ms, used_size=12056576 bytes (29.4%)
(RDMA_READ_CONSUME_CHECK_CONSUMER) timestamp=8276 ms, used_size=12054528 bytes (29.4%)
(RDMA_READ_CONSUME_CHECK_CONSUMER) timestamp=8276 ms, used_size=12052480 bytes (29.4%)
(RDMA_READ_CONSUME_CHECK_CONSUMER) timestamp=8276 ms, used_size=12050432 bytes (29.4%)
(RDMA_READ_CONSUME_CHECK_CONSUMER) timestamp=8276 ms, used_size=12048384 bytes (29.4%)
(RDMA_READ_CONSUME_CHECK_CONSUMER) timestamp=8276 ms, used_size=12046336 bytes (29.4%)
(RDMA_READ_CONSUME_CHECK_CONSUMER) timestamp=8276 ms, used_size=12044288 bytes (29.4%)
(RDMA_READ_CONSUME_CHECK_CONSUMER) timestamp=8276 ms, used_size=12042240 bytes (29.4%)
(RDMA_READ_CONSUME_CHECK_CONSUMER) timestamp=8276 ms, used_size=12040192 bytes (29.4%)
(RDMA_READ_CONSUME_CHECK_CONSUMER) timestamp=8276 ms, used_size=12038144 bytes (29.4%)
(RDMA_READ_CONSUME_CHECK_CONSUMER) timestamp=8276 ms, used_size=12036096 bytes (29.4%)
(RDMA_READ_CONSUME_CHECK_CONSUMER) timestamp=8276 ms, used_size=12034048 bytes (29.4%)
(RDMA_READ_CONSUME_CHECK_CONSUMER) timestamp=8276 ms, used_size=12032000 bytes (29.4%)
(RDMA_READ_CONSUME_CHECK_CONSUMER) timestamp=8276 ms, used_size=12029952 bytes (29.4%)
(RDMA_READ_CONSUME_CHECK_CONSUMER) timestamp=8276 ms, used_size=12027904 bytes (29.4%)
(RDMA_READ_CONSUME_CHECK_CONSUMER) timestamp=8276 ms, used_size=12025856 bytes (29.4%)
(RDMA_READ_CONSUME_CHECK_CONSUMER) timestamp=8276 ms, used_size=12023808 bytes (29.4%)
(RDMA_READ_CONSUME_CHECK_CONSUMER) timestamp=8276 ms, used_size=12021760 bytes (29.4%)
(RDMA_READ_CONSUME_CHECK_CONSUMER) timestamp=8276 ms, used_size=12019712 bytes (29.3%)
(RDMA_READ_CONSUME_CHECK_CONSUMER) timestamp=8276 ms, used_size=12017664 bytes (29.3%)
(RDMA_READ_CONSUME_CHECK_CONSUMER) timestamp=8276 ms, used_size=12015616 bytes (29.3%)
(RDMA_READ_CONSUME_CHECK_CONSUMER) timestamp=8276 ms, used_size=12013568 bytes (29.3%)
(RDMA_READ_CONSUME_CHECK_CONSUMER) timestamp=8276 ms, used_size=12011520 bytes (29.3%)
(RDMA_READ_CONSUME_CHECK_CONSUMER) timestamp=8276 ms, used_size=12009472 bytes (29.3%)
(RDMA_READ_CONSUME_CHECK_CONSUMER) timestamp=8276 ms, used_size=12007424 bytes (29.3%)
(RDMA_READ_CONSUME_CHECK_CONSUMER) timestamp=8276 ms, used_size=12005376 bytes (29.3%)
(RDMA_READ_CONSUME_CHECK_CONSUMER) timestamp=8276 ms, used_size=12003328 bytes (29.3%)
(RDMA_READ_CONSUME_CHECK_CONSUMER) timestamp=8276 ms, used_size=12001280 bytes (29.3%)
(RDMA_READ_CONSUME_CHECK_CONSUMER) timestamp=8276 ms, used_size=11999232 bytes (29.3%)
(RDMA_READ_CONSUME_CHECK_CONSUMER) timestamp=8276 ms, used_size=11997184 bytes (29.3%)
(RDMA_READ_CONSUME_CHECK_CONSUMER) timestamp=8276 ms, used_size=11995136 bytes (29.3%)
(RDMA_READ_CONSUME_CHECK_CONSUMER) timestamp=8276 ms, used_size=11993088 bytes (29.3%)
(RDMA_READ_CONSUME_CHECK_CONSUMER) timestamp=8276 ms, used_size=11991040 bytes (29.3%)
(RDMA_READ_CONSUME_CHECK_CONSUMER) timestamp=8276 ms, used_size=11988992 bytes (29.3%)
(RDMA_READ_CONSUME_CHECK_CONSUMER) timestamp=8276 ms, used_size=11986944 bytes (29.3%)
(RDMA_READ_CONSUME_CHECK_CONSUMER) timestamp=8276 ms, used_size=11984896 bytes (29.3%)
(RDMA_READ_CONSUME_CHECK_CONSUMER) timestamp=8276 ms, used_size=11982848 bytes (29.3%)
(RDMA_READ_CONSUME_CHECK_CONSUMER) timestamp=8276 ms, used_size=11980800 bytes (29.2%)
(RDMA_READ_CONSUME_CHECK_CONSUMER) timestamp=8276 ms, used_size=11978752 bytes (29.2%)
(RDMA_READ_CONSUME_CHECK_CONSUMER) timestamp=8276 ms, used_size=11976704 bytes (29.2%)
(RDMA_READ_CONSUME_CHECK_CONSUMER) timestamp=8276 ms, used_size=11974656 bytes (29.2%)
(RDMA_READ_CONSUME_CHECK_CONSUMER) timestamp=8276 ms, used_size=11972608 bytes (29.2%)
(RDMA_READ_CONSUME_CHECK_CONSUMER) timestamp=8276 ms, used_size=11970560 bytes (29.2%)
(RDMA_READ_CONSUME_CHECK_CONSUMER) timestamp=8276 ms, used_size=11968512 bytes (29.2%)
(RDMA_READ_CONSUME_CHECK_CONSUMER) timestamp=8276 ms, used_size=11966464 bytes (29.2%)
(RDMA_READ_CONSUME_CHECK_CONSUMER) timestamp=8276 ms, used_size=11964416 bytes (29.2%)
(RDMA_READ_CONSUME_CHECK_CONSUMER) timestamp=8276 ms, used_size=11962368 bytes (29.2%)
(RDMA_READ_CONSUME_CHECK_CONSUMER) timestamp=8276 ms, used_size=11960320 bytes (29.2%)
(RDMA_READ_CONSUME_CHECK_CONSUMER) timestamp=8276 ms, used_size=11958272 bytes (29.2%)
(RDMA_READ_CONSUME_CHECK_CONSUMER) timestamp=8276 ms, used_size=11956224 bytes (29.2%)
(RDMA_READ_CONSUME_CHECK_CONSUMER) timestamp=8276 ms, used_size=11954176 bytes (29.2%)
(RDMA_READ_CONSUME_CHECK_CONSUMER) timestamp=8276 ms, used_size=11952128 bytes (29.2%)
(RDMA_READ_CONSUME_CHECK_CONSUMER) timestamp=8276 ms, used_size=11950080 bytes (29.2%)
(RDMA_READ_CONSUME_CHECK_CONSUMER) timestamp=8276 ms, used_size=11948032 bytes (29.2%)
(RDMA_READ_CONSUME_CHECK_CONSUMER) timestamp=8276 ms, used_size=11945984 bytes (29.2%)
(RDMA_READ_CONSUME_CHECK_CONSUMER) timestamp=8276 ms, used_size=11943936 bytes (29.2%)
(RDMA_READ_CONSUME_CHECK_CONSUMER) timestamp=8276 ms, used_size=11941888 bytes (29.2%)
(RDMA_READ_CONSUME_CHECK_CONSUMER) timestamp=8276 ms, used_size=11939840 bytes (29.1%)
(RDMA_READ_CONSUME_CHECK_CONSUMER) timestamp=8276 ms, used_size=11937792 bytes (29.1%)
(RDMA_READ_CONSUME_CHECK_CONSUMER) timestamp=8276 ms, used_size=11935744 bytes (29.1%)
(RDMA_READ_CONSUME_CHECK_CONSUMER) timestamp=8276 ms, used_size=11933696 bytes (29.1%)
(RDMA_READ_CONSUME_CHECK_CONSUMER) timestamp=8276 ms, used_size=11931648 bytes (29.1%)
(RDMA_READ_CONSUME_CHECK_CONSUMER) timestamp=8276 ms, used_size=11929600 bytes (29.1%)
(RDMA_READ_CONSUME_CHECK_CONSUMER) timestamp=8276 ms, used_size=11927552 bytes (29.1%)
(RDMA_READ_CONSUME_CHECK_CONSUMER) timestamp=8276 ms, used_size=11925504 bytes (29.1%)
(RDMA_READ_CONSUME_CHECK_CONSUMER) timestamp=8276 ms, used_size=11923456 bytes (29.1%)
(RDMA_READ_CONSUME_CHECK_CONSUMER) timestamp=8276 ms, used_size=11921408 bytes (29.1%)
(RDMA_READ_CONSUME_CHECK_CONSUMER) timestamp=8276 ms, used_size=11919360 bytes (29.1%)
(RDMA_READ_CONSUME_CHECK_CONSUMER) timestamp=8276 ms, used_size=11917312 bytes (29.1%)
(RDMA_READ_CONSUME_CHECK_CONSUMER) timestamp=8276 ms, used_size=11915264 bytes (29.1%)
(RDMA_READ_CONSUME_CHECK_CONSUMER) timestamp=8277 ms, used_size=11913216 bytes (29.1%)
(RDMA_READ_CONSUME_CHECK_CONSUMER) timestamp=8277 ms, used_size=11911168 bytes (29.1%)
(RDMA_READ_CONSUME_CHECK_CONSUMER) timestamp=8277 ms, used_size=11909120 bytes (29.1%)
(RDMA_READ_CONSUME_CHECK_CONSUMER) timestamp=8277 ms, used_size=11907072 bytes (29.1%)
(RDMA_READ_CONSUME_CHECK_CONSUMER) timestamp=8277 ms, used_size=11905024 bytes (29.1%)
(RDMA_READ_CONSUME_CHECK_CONSUMER) timestamp=8277 ms, used_size=11902976 bytes (29.1%)
(RDMA_READ_CONSUME_CHECK_CONSUMER) timestamp=8277 ms, used_size=11900928 bytes (29.1%)
(RDMA_READ_CONSUME_CHECK_CONSUMER) timestamp=8277 ms, used_size=11898880 bytes (29.1%)
(RDMA_READ_CONSUME_CHECK_CONSUMER) timestamp=8277 ms, used_size=11896832 bytes (29.0%)
(RDMA_READ_CONSUME_CHECK_CONSUMER) timestamp=8277 ms, used_size=11894784 bytes (29.0%)
(RDMA_READ_CONSUME_CHECK_CONSUMER) timestamp=8277 ms, used_size=11892736 bytes (29.0%)
(RDMA_READ_CONSUME_CHECK_CONSUMER) timestamp=8277 ms, used_size=11890688 bytes (29.0%)
(RDMA_READ_CONSUME_CHECK_CONSUMER) timestamp=8277 ms, used_size=11888640 bytes (29.0%)
(RDMA_READ_CONSUME_CHECK_CONSUMER) timestamp=8277 ms, used_size=11886592 bytes (29.0%)
(RDMA_READ_CONSUME_CHECK_CONSUMER) timestamp=8277 ms, used_size=11884544 bytes (29.0%)
(RDMA_READ_CONSUME_CHECK_CONSUMER) timestamp=8277 ms, used_size=11882496 bytes (29.0%)
(RDMA_READ_CONSUME_CHECK_CONSUMER) timestamp=8277 ms, used_size=11880448 bytes (29.0%)
(RDMA_READ_CONSUME_CHECK_CONSUMER) timestamp=8277 ms, used_size=11878400 bytes (29.0%)
(RDMA_READ_CONSUME_CHECK_CONSUMER) timestamp=8277 ms, used_size=11876352 bytes (29.0%)
(RDMA_READ_CONSUME_CHECK_CONSUMER) timestamp=8277 ms, used_size=11874304 bytes (29.0%)
(RDMA_READ_CONSUME_CHECK_CONSUMER) timestamp=8277 ms, used_size=11872256 bytes (29.0%)
(RDMA_READ_CONSUME_CHECK_CONSUMER) timestamp=8277 ms, used_size=11870208 bytes (29.0%)
(RDMA_READ_CONSUME_CHECK_CONSUMER) timestamp=8277 ms, used_size=11868160 bytes (29.0%)
(RDMA_READ_CONSUME_CHECK_CONSUMER) timestamp=8277 ms, used_size=11866112 bytes (29.0%)
(RDMA_READ_CONSUME_CHECK_CONSUMER) timestamp=8277 ms, used_size=11864064 bytes (29.0%)
(RDMA_READ_CONSUME_CHECK_CONSUMER) timestamp=8277 ms, used_size=11862016 bytes (29.0%)
(RDMA_READ_CONSUME_CHECK_CONSUMER) timestamp=8277 ms, used_size=11859968 bytes (29.0%)
(RDMA_READ_CONSUME_CHECK_CONSUMER) timestamp=8277 ms, used_size=11857920 bytes (28.9%)
(RDMA_READ_CONSUME_CHECK_CONSUMER) timestamp=8277 ms, used_size=11855872 bytes (28.9%)
(RDMA_READ_CONSUME_CHECK_CONSUMER) timestamp=8277 ms, used_size=11853824 bytes (28.9%)
(RDMA_READ_CONSUME_CHECK_CONSUMER) timestamp=8277 ms, used_size=11851776 bytes (28.9%)
(RDMA_READ_CONSUME_CHECK_CONSUMER) timestamp=8277 ms, used_size=11849728 bytes (28.9%)
(RDMA_READ_CONSUME_CHECK_CONSUMER) timestamp=8277 ms, used_size=11847680 bytes (28.9%)
(RDMA_READ_CONSUME_CHECK_CONSUMER) timestamp=8277 ms, used_size=11845632 bytes (28.9%)
(RDMA_READ_CONSUME_CHECK_CONSUMER) timestamp=8277 ms, used_size=11843584 bytes (28.9%)
(RDMA_READ_CONSUME_CHECK_CONSUMER) timestamp=8277 ms, used_size=11841536 bytes (28.9%)
(RDMA_READ_CONSUME_CHECK_CONSUMER) timestamp=8277 ms, used_size=11839488 bytes (28.9%)
(RDMA_READ_CONSUME_CHECK_CONSUMER) timestamp=8277 ms, used_size=11837440 bytes (28.9%)
(RDMA_READ_CONSUME_CHECK_CONSUMER) timestamp=8277 ms, used_size=11835392 bytes (28.9%)
(RDMA_READ_CONSUME_CHECK_CONSUMER) timestamp=8277 ms, used_size=11833344 bytes (28.9%)
(RDMA_READ_CONSUME_CHECK_CONSUMER) timestamp=8277 ms, used_size=11831296 bytes (28.9%)
(RDMA_READ_CONSUME_CHECK_CONSUMER) timestamp=8277 ms, used_size=11829248 bytes (28.9%)
(RDMA_READ_CONSUME_CHECK_CONSUMER) timestamp=8277 ms, used_size=11827200 bytes (28.9%)
(RDMA_READ_CONSUME_CHECK_CONSUMER) timestamp=8277 ms, used_size=11825152 bytes (28.9%)
(RDMA_READ_CONSUME_CHECK_CONSUMER) timestamp=8277 ms, used_size=11823104 bytes (28.9%)
(RDMA_READ_CONSUME_CHECK_CONSUMER) timestamp=8277 ms, used_size=11821056 bytes (28.9%)
(RDMA_READ_CONSUME_CHECK_CONSUMER) timestamp=8277 ms, used_size=11819008 bytes (28.9%)
(RDMA_READ_CONSUME_CHECK_CONSUMER) timestamp=8277 ms, used_size=11816960 bytes (28.9%)
(RDMA_READ_CONSUME_CHECK_CONSUMER) timestamp=8277 ms, used_size=11814912 bytes (28.8%)
(RDMA_READ_CONSUME_CHECK_CONSUMER) timestamp=8277 ms, used_size=11812864 bytes (28.8%)
(RDMA_READ_CONSUME_CHECK_CONSUMER) timestamp=8277 ms, used_size=11810816 bytes (28.8%)
(RDMA_READ_CONSUME_CHECK_CONSUMER) timestamp=8277 ms, used_size=11808768 bytes (28.8%)
(RDMA_READ_CONSUME_CHECK_CONSUMER) timestamp=8277 ms, used_size=11806720 bytes (28.8%)
(RDMA_READ_CONSUME_CHECK_CONSUMER) timestamp=8277 ms, used_size=11804672 bytes (28.8%)
(RDMA_READ_CONSUME_CHECK_CONSUMER) timestamp=8277 ms, used_size=11802624 bytes (28.8%)
(RDMA_READ_CONSUME_CHECK_CONSUMER) timestamp=8277 ms, used_size=11800576 bytes (28.8%)
(RDMA_READ_CONSUME_CHECK_CONSUMER) timestamp=8277 ms, used_size=11798528 bytes (28.8%)
(RDMA_READ_CONSUME_CHECK_CONSUMER) timestamp=8277 ms, used_size=11796480 bytes (28.8%)
(RDMA_READ_CONSUME_CHECK_CONSUMER) timestamp=8277 ms, used_size=11794432 bytes (28.8%)
(RDMA_READ_CONSUME_CHECK_CONSUMER) timestamp=8277 ms, used_size=11792384 bytes (28.8%)
(RDMA_READ_CONSUME_CHECK_CONSUMER) timestamp=8277 ms, used_size=11790336 bytes (28.8%)
(RDMA_READ_CONSUME_CHECK_CONSUMER) timestamp=8277 ms, used_size=11788288 bytes (28.8%)
(RDMA_READ_CONSUME_CHECK_CONSUMER) timestamp=8277 ms, used_size=11786240 bytes (28.8%)
(RDMA_READ_CONSUME_CHECK_CONSUMER) timestamp=8277 ms, used_size=11784192 bytes (28.8%)
(RDMA_READ_CONSUME_CHECK_CONSUMER) timestamp=8277 ms, used_size=11782144 bytes (28.8%)
(RDMA_READ_CONSUME_CHECK_CONSUMER) timestamp=8277 ms, used_size=11780096 bytes (28.8%)
(RDMA_READ_CONSUME_CHECK_CONSUMER) timestamp=8277 ms, used_size=11778048 bytes (28.8%)
(RDMA_READ_CONSUME_CHECK_CONSUMER) timestamp=8277 ms, used_size=11776000 bytes (28.8%)
(RDMA_READ_CONSUME_CHECK_CONSUMER) timestamp=8277 ms, used_size=11773952 bytes (28.7%)
(RDMA_READ_CONSUME_CHECK_CONSUMER) timestamp=8277 ms, used_size=11771904 bytes (28.7%)
(RDMA_READ_CONSUME_CHECK_CONSUMER) timestamp=8277 ms, used_size=11769856 bytes (28.7%)
(RDMA_READ_CONSUME_CHECK_CONSUMER) timestamp=8277 ms, used_size=11767808 bytes (28.7%)
(RDMA_READ_CONSUME_CHECK_CONSUMER) timestamp=8277 ms, used_size=11765760 bytes (28.7%)
(RDMA_READ_CONSUME_CHECK_CONSUMER) timestamp=8277 ms, used_size=11763712 bytes (28.7%)
(RDMA_READ_CONSUME_CHECK_CONSUMER) timestamp=8277 ms, used_size=11761664 bytes (28.7%)
(RDMA_READ_CONSUME_CHECK_CONSUMER) timestamp=8277 ms, used_size=11759616 bytes (28.7%)
(RDMA_READ_CONSUME_CHECK_CONSUMER) timestamp=8277 ms, used_size=11757568 bytes (28.7%)
(RDMA_READ_CONSUME_CHECK_CONSUMER) timestamp=8277 ms, used_size=11755520 bytes (28.7%)
(RDMA_READ_CONSUME_CHECK_CONSUMER) timestamp=8277 ms, used_size=11753472 bytes (28.7%)
(RDMA_READ_CONSUME_CHECK_CONSUMER) timestamp=8277 ms, used_size=11751424 bytes (28.7%)
(RDMA_READ_CONSUME_CHECK_CONSUMER) timestamp=8277 ms, used_size=11749376 bytes (28.7%)
(RDMA_READ_CONSUME_CHECK_CONSUMER) timestamp=8277 ms, used_size=11747328 bytes (28.7%)
(RDMA_READ_CONSUME_CHECK_CONSUMER) timestamp=8277 ms, used_size=11745280 bytes (28.7%)
(RDMA_READ_CONSUME_CHECK_CONSUMER) timestamp=8277 ms, used_size=11743232 bytes (28.7%)
(RDMA_READ_CONSUME_CHECK_CONSUMER) timestamp=8277 ms, used_size=11741184 bytes (28.7%)
(RDMA_READ_CONSUME_CHECK_CONSUMER) timestamp=8277 ms, used_size=11739136 bytes (28.7%)
(RDMA_READ_CONSUME_CHECK_CONSUMER) timestamp=8277 ms, used_size=11737088 bytes (28.7%)
(RDMA_READ_CONSUME_CHECK_CONSUMER) timestamp=8277 ms, used_size=11735040 bytes (28.6%)
(RDMA_READ_CONSUME_CHECK_CONSUMER) timestamp=8277 ms, used_size=11732992 bytes (28.6%)
(RDMA_READ_CONSUME_CHECK_CONSUMER) timestamp=8277 ms, used_size=11730944 bytes (28.6%)
(RDMA_READ_CONSUME_CHECK_CONSUMER) timestamp=8277 ms, used_size=11728896 bytes (28.6%)
(RDMA_READ_CONSUME_CHECK_CONSUMER) timestamp=8277 ms, used_size=11726848 bytes (28.6%)
(RDMA_READ_CONSUME_CHECK_CONSUMER) timestamp=8277 ms, used_size=11724800 bytes (28.6%)
(RDMA_READ_CONSUME_CHECK_CONSUMER) timestamp=8277 ms, used_size=11722752 bytes (28.6%)
(RDMA_READ_CONSUME_CHECK_CONSUMER) timestamp=8277 ms, used_size=11720704 bytes (28.6%)
(RDMA_READ_CONSUME_CHECK_CONSUMER) timestamp=8277 ms, used_size=11718656 bytes (28.6%)
(RDMA_READ_CONSUME_CHECK_CONSUMER) timestamp=8277 ms, used_size=11716608 bytes (28.6%)
(RDMA_READ_CONSUME_CHECK_CONSUMER) timestamp=8277 ms, used_size=11714560 bytes (28.6%)
(RDMA_READ_CONSUME_CHECK_CONSUMER) timestamp=8277 ms, used_size=11712512 bytes (28.6%)
(RDMA_READ_CONSUME_CHECK_CONSUMER) timestamp=8277 ms, used_size=11710464 bytes (28.6%)
(RDMA_READ_CONSUME_CHECK_CONSUMER) timestamp=8277 ms, used_size=11708416 bytes (28.6%)
(RDMA_READ_CONSUME_CHECK_CONSUMER) timestamp=8277 ms, used_size=11706368 bytes (28.6%)
(RDMA_READ_CONSUME_CHECK_CONSUMER) timestamp=8277 ms, used_size=11704320 bytes (28.6%)
(RDMA_READ_CONSUME_CHECK_CONSUMER) timestamp=8277 ms, used_size=11702272 bytes (28.6%)
(RDMA_READ_CONSUME_CHECK_CONSUMER) timestamp=8277 ms, used_size=11700224 bytes (28.6%)
(RDMA_READ_CONSUME_CHECK_CONSUMER) timestamp=8277 ms, used_size=11698176 bytes (28.6%)
(RDMA_READ_CONSUME_CHECK_CONSUMER) timestamp=8277 ms, used_size=11696128 bytes (28.6%)
(RDMA_READ_CONSUME_CHECK_CONSUMER) timestamp=8277 ms, used_size=11694080 bytes (28.6%)
(RDMA_READ_CONSUME_CHECK_CONSUMER) timestamp=8277 ms, used_size=11692032 bytes (28.5%)
(RDMA_READ_CONSUME_CHECK_CONSUMER) timestamp=8277 ms, used_size=11689984 bytes (28.5%)
(RDMA_READ_CONSUME_CHECK_CONSUMER) timestamp=8277 ms, used_size=11687936 bytes (28.5%)
(RDMA_READ_CONSUME_CHECK_CONSUMER) timestamp=8277 ms, used_size=11685888 bytes (28.5%)
(RDMA_READ_CONSUME_CHECK_CONSUMER) timestamp=8277 ms, used_size=11683840 bytes (28.5%)
(RDMA_READ_CONSUME_CHECK_CONSUMER) timestamp=8277 ms, used_size=11681792 bytes (28.5%)
(RDMA_READ_CONSUME_CHECK_CONSUMER) timestamp=8277 ms, used_size=11679744 bytes (28.5%)
(RDMA_READ_CONSUME_CHECK_CONSUMER) timestamp=8277 ms, used_size=11677696 bytes (28.5%)
(RDMA_READ_CONSUME_CHECK_CONSUMER) timestamp=8277 ms, used_size=11675648 bytes (28.5%)
(RDMA_READ_CONSUME_CHECK_CONSUMER) timestamp=8277 ms, used_size=11673600 bytes (28.5%)
(RDMA_READ_CONSUME_CHECK_CONSUMER) timestamp=8277 ms, used_size=11671552 bytes (28.5%)
(RDMA_READ_CONSUME_CHECK_CONSUMER) timestamp=8277 ms, used_size=11669504 bytes (28.5%)
(RDMA_READ_CONSUME_CHECK_CONSUMER) timestamp=8277 ms, used_size=11667456 bytes (28.5%)
(RDMA_READ_CONSUME_CHECK_CONSUMER) timestamp=8277 ms, used_size=11665408 bytes (28.5%)
(RDMA_READ_CONSUME_CHECK_CONSUMER) timestamp=8277 ms, used_size=11663360 bytes (28.5%)
(RDMA_READ_CONSUME_CHECK_CONSUMER) timestamp=8277 ms, used_size=11661312 bytes (28.5%)
(RDMA_READ_CONSUME_CHECK_CONSUMER) timestamp=8277 ms, used_size=11659264 bytes (28.5%)
(RDMA_READ_CONSUME_CHECK_CONSUMER) timestamp=8277 ms, used_size=11657216 bytes (28.5%)
(RDMA_READ_CONSUME_CHECK_CONSUMER) timestamp=8277 ms, used_size=11655168 bytes (28.5%)
(RDMA_READ_CONSUME_CHECK_CONSUMER) timestamp=8277 ms, used_size=11653120 bytes (28.4%)
(RDMA_READ_CONSUME_CHECK_CONSUMER) timestamp=8277 ms, used_size=11651072 bytes (28.4%)
(RDMA_READ_CONSUME_CHECK_CONSUMER) timestamp=8277 ms, used_size=11649024 bytes (28.4%)
(RDMA_READ_CONSUME_CHECK_CONSUMER) timestamp=8277 ms, used_size=11646976 bytes (28.4%)
(RDMA_READ_CONSUME_CHECK_CONSUMER) timestamp=8277 ms, used_size=11644928 bytes (28.4%)
(RDMA_READ_CONSUME_CHECK_CONSUMER) timestamp=8277 ms, used_size=11642880 bytes (28.4%)
(RDMA_READ_CONSUME_CHECK_CONSUMER) timestamp=8277 ms, used_size=11640832 bytes (28.4%)
(RDMA_READ_CONSUME_CHECK_CONSUMER) timestamp=8277 ms, used_size=11638784 bytes (28.4%)
(RDMA_READ_CONSUME_CHECK_CONSUMER) timestamp=8277 ms, used_size=11636736 bytes (28.4%)
(RDMA_READ_CONSUME_CHECK_CONSUMER) timestamp=8277 ms, used_size=11634688 bytes (28.4%)
(RDMA_READ_CONSUME_CHECK_CONSUMER) timestamp=8277 ms, used_size=11632640 bytes (28.4%)
(RDMA_READ_CONSUME_CHECK_CONSUMER) timestamp=8277 ms, used_size=11630592 bytes (28.4%)
(RDMA_READ_CONSUME_CHECK_CONSUMER) timestamp=8277 ms, used_size=11628544 bytes (28.4%)
(RDMA_READ_CONSUME_CHECK_CONSUMER) timestamp=8277 ms, used_size=11626496 bytes (28.4%)
(RDMA_READ_CONSUME_CHECK_CONSUMER) timestamp=8277 ms, used_size=11624448 bytes (28.4%)
(RDMA_READ_CONSUME_CHECK_CONSUMER) timestamp=8277 ms, used_size=11622400 bytes (28.4%)
(RDMA_READ_CONSUME_CHECK_CONSUMER) timestamp=8277 ms, used_size=11620352 bytes (28.4%)
(RDMA_READ_CONSUME_CHECK_CONSUMER) timestamp=8277 ms, used_size=11618304 bytes (28.4%)
(RDMA_READ_CONSUME_CHECK_CONSUMER) timestamp=8277 ms, used_size=11616256 bytes (28.4%)
(RDMA_READ_CONSUME_CHECK_CONSUMER) timestamp=8277 ms, used_size=11614208 bytes (28.4%)
(RDMA_READ_CONSUME_CHECK_CONSUMER) timestamp=8277 ms, used_size=11612160 bytes (28.4%)
(RDMA_READ_CONSUME_CHECK_CONSUMER) timestamp=8277 ms, used_size=11610112 bytes (28.3%)
(RDMA_READ_CONSUME_CHECK_CONSUMER) timestamp=8277 ms, used_size=11608064 bytes (28.3%)
(RDMA_READ_CONSUME_CHECK_CONSUMER) timestamp=8277 ms, used_size=11606016 bytes (28.3%)
(RDMA_READ_CONSUME_CHECK_CONSUMER) timestamp=8277 ms, used_size=11603968 bytes (28.3%)
(RDMA_READ_CONSUME_CHECK_CONSUMER) timestamp=8277 ms, used_size=11601920 bytes (28.3%)
(RDMA_READ_CONSUME_CHECK_CONSUMER) timestamp=8277 ms, used_size=11599872 bytes (28.3%)
(RDMA_READ_CONSUME_CHECK_CONSUMER) timestamp=8277 ms, used_size=11597824 bytes (28.3%)
(RDMA_READ_CONSUME_CHECK_CONSUMER) timestamp=8277 ms, used_size=11595776 bytes (28.3%)
(RDMA_READ_CONSUME_CHECK_CONSUMER) timestamp=8277 ms, used_size=11593728 bytes (28.3%)
(RDMA_READ_CONSUME_CHECK_CONSUMER) timestamp=8277 ms, used_size=11591680 bytes (28.3%)
(RDMA_READ_CONSUME_CHECK_CONSUMER) timestamp=8277 ms, used_size=11589632 bytes (28.3%)
(RDMA_READ_CONSUME_CHECK_CONSUMER) timestamp=8277 ms, used_size=11587584 bytes (28.3%)
(RDMA_READ_CONSUME_CHECK_CONSUMER) timestamp=8277 ms, used_size=11585536 bytes (28.3%)
(RDMA_READ_CONSUME_CHECK_CONSUMER) timestamp=8277 ms, used_size=11583488 bytes (28.3%)
(RDMA_READ_CONSUME_CHECK_CONSUMER) timestamp=8277 ms, used_size=11581440 bytes (28.3%)
(RDMA_READ_CONSUME_CHECK_CONSUMER) timestamp=8277 ms, used_size=11579392 bytes (28.3%)
(RDMA_READ_CONSUME_CHECK_CONSUMER) timestamp=8277 ms, used_size=11577344 bytes (28.3%)
(RDMA_READ_CONSUME_CHECK_CONSUMER) timestamp=8277 ms, used_size=11575296 bytes (28.3%)
(RDMA_READ_CONSUME_CHECK_CONSUMER) timestamp=8277 ms, used_size=11573248 bytes (28.3%)
(RDMA_READ_CONSUME_CHECK_CONSUMER) timestamp=8277 ms, used_size=11571200 bytes (28.2%)
(RDMA_READ_CONSUME_CHECK_CONSUMER) timestamp=8277 ms, used_size=11569152 bytes (28.2%)
(RDMA_READ_CONSUME_CHECK_CONSUMER) timestamp=8277 ms, used_size=11567104 bytes (28.2%)
(RDMA_READ_CONSUME_CHECK_CONSUMER) timestamp=8277 ms, used_size=11565056 bytes (28.2%)
(RDMA_READ_CONSUME_CHECK_CONSUMER) timestamp=8277 ms, used_size=11563008 bytes (28.2%)
(RDMA_READ_CONSUME_CHECK_CONSUMER) timestamp=8277 ms, used_size=11560960 bytes (28.2%)
(RDMA_READ_CONSUME_CHECK_CONSUMER) timestamp=8277 ms, used_size=11558912 bytes (28.2%)
(RDMA_READ_CONSUME_CHECK_CONSUMER) timestamp=8277 ms, used_size=11556864 bytes (28.2%)
(RDMA_READ_CONSUME_CHECK_CONSUMER) timestamp=8277 ms, used_size=11554816 bytes (28.2%)
(RDMA_READ_CONSUME_CHECK_CONSUMER) timestamp=8277 ms, used_size=11552768 bytes (28.2%)
(RDMA_READ_CONSUME_CHECK_CONSUMER) timestamp=8277 ms, used_size=11550720 bytes (28.2%)
(RDMA_READ_CONSUME_CHECK_CONSUMER) timestamp=8277 ms, used_size=11548672 bytes (28.2%)
(RDMA_READ_CONSUME_CHECK_CONSUMER) timestamp=8277 ms, used_size=11546624 bytes (28.2%)
(RDMA_READ_CONSUME_CHECK_CONSUMER) timestamp=8278 ms, used_size=11544576 bytes (28.2%)
(RDMA_READ_CONSUME_CHECK_CONSUMER) timestamp=8278 ms, used_size=11542528 bytes (28.2%)
(RDMA_READ_CONSUME_CHECK_CONSUMER) timestamp=8278 ms, used_size=11540480 bytes (28.2%)
(RDMA_READ_CONSUME_CHECK_CONSUMER) timestamp=8278 ms, used_size=11538432 bytes (28.2%)
(RDMA_READ_CONSUME_CHECK_CONSUMER) timestamp=8278 ms, used_size=11536384 bytes (28.2%)
(RDMA_READ_CONSUME_CHECK_CONSUMER) timestamp=8278 ms, used_size=11534336 bytes (28.2%)
(RDMA_READ_CONSUME_CHECK_CONSUMER) timestamp=8278 ms, used_size=11532288 bytes (28.2%)
(RDMA_READ_CONSUME_CHECK_CONSUMER) timestamp=8278 ms, used_size=11530240 bytes (28.1%)
(RDMA_READ_CONSUME_CHECK_CONSUMER) timestamp=8278 ms, used_size=11528192 bytes (28.1%)
(RDMA_READ_CONSUME_CHECK_CONSUMER) timestamp=8278 ms, used_size=11526144 bytes (28.1%)
(RDMA_READ_CONSUME_CHECK_CONSUMER) timestamp=8278 ms, used_size=11524096 bytes (28.1%)
(RDMA_READ_CONSUME_CHECK_CONSUMER) timestamp=8278 ms, used_size=11522048 bytes (28.1%)
(RDMA_READ_CONSUME_CHECK_CONSUMER) timestamp=8278 ms, used_size=11520000 bytes (28.1%)
(RDMA_READ_CONSUME_CHECK_CONSUMER) timestamp=8278 ms, used_size=11517952 bytes (28.1%)
(RDMA_READ_CONSUME_CHECK_CONSUMER) timestamp=8278 ms, used_size=11515904 bytes (28.1%)
(RDMA_READ_CONSUME_CHECK_CONSUMER) timestamp=8278 ms, used_size=11513856 bytes (28.1%)
(RDMA_READ_CONSUME_CHECK_CONSUMER) timestamp=8278 ms, used_size=11511808 bytes (28.1%)
(RDMA_READ_CONSUME_CHECK_CONSUMER) timestamp=8278 ms, used_size=11509760 bytes (28.1%)
(RDMA_READ_CONSUME_CHECK_CONSUMER) timestamp=8278 ms, used_size=11507712 bytes (28.1%)
(RDMA_READ_CONSUME_CHECK_CONSUMER) timestamp=8278 ms, used_size=11505664 bytes (28.1%)
(RDMA_READ_CONSUME_CHECK_CONSUMER) timestamp=8278 ms, used_size=11503616 bytes (28.1%)
(RDMA_READ_CONSUME_CHECK_CONSUMER) timestamp=8278 ms, used_size=11501568 bytes (28.1%)
(RDMA_READ_CONSUME_CHECK_CONSUMER) timestamp=8278 ms, used_size=11499520 bytes (28.1%)
(RDMA_READ_CONSUME_CHECK_CONSUMER) timestamp=8278 ms, used_size=11497472 bytes (28.1%)
(RDMA_READ_CONSUME_CHECK_CONSUMER) timestamp=8278 ms, used_size=11495424 bytes (28.1%)
(RDMA_READ_CONSUME_CHECK_CONSUMER) timestamp=8278 ms, used_size=11493376 bytes (28.1%)
(RDMA_READ_CONSUME_CHECK_CONSUMER) timestamp=8278 ms, used_size=11491328 bytes (28.1%)
(RDMA_READ_CONSUME_CHECK_CONSUMER) timestamp=8278 ms, used_size=11489280 bytes (28.1%)
(RDMA_READ_CONSUME_CHECK_CONSUMER) timestamp=8278 ms, used_size=11487232 bytes (28.0%)
(RDMA_READ_CONSUME_CHECK_CONSUMER) timestamp=8278 ms, used_size=11485184 bytes (28.0%)
(RDMA_READ_CONSUME_CHECK_CONSUMER) timestamp=8278 ms, used_size=11483136 bytes (28.0%)
(RDMA_READ_CONSUME_CHECK_CONSUMER) timestamp=8278 ms, used_size=11481088 bytes (28.0%)
(RDMA_READ_CONSUME_CHECK_CONSUMER) timestamp=8278 ms, used_size=11479040 bytes (28.0%)
(RDMA_READ_CONSUME_CHECK_CONSUMER) timestamp=8278 ms, used_size=11476992 bytes (28.0%)
(RDMA_READ_CONSUME_CHECK_CONSUMER) timestamp=8278 ms, used_size=11474944 bytes (28.0%)
(RDMA_READ_CONSUME_CHECK_CONSUMER) timestamp=8278 ms, used_size=11472896 bytes (28.0%)
(RDMA_READ_CONSUME_CHECK_CONSUMER) timestamp=8278 ms, used_size=11470848 bytes (28.0%)
(RDMA_READ_CONSUME_CHECK_CONSUMER) timestamp=8278 ms, used_size=11468800 bytes (28.0%)
(RDMA_READ_CONSUME_CHECK_CONSUMER) timestamp=8278 ms, used_size=11466752 bytes (28.0%)
(RDMA_READ_CONSUME_CHECK_CONSUMER) timestamp=8278 ms, used_size=11464704 bytes (28.0%)
(RDMA_READ_CONSUME_CHECK_CONSUMER) timestamp=8278 ms, used_size=11462656 bytes (28.0%)
(RDMA_READ_CONSUME_CHECK_CONSUMER) timestamp=8278 ms, used_size=11460608 bytes (28.0%)
(RDMA_READ_CONSUME_CHECK_CONSUMER) timestamp=8278 ms, used_size=11458560 bytes (28.0%)
(RDMA_READ_CONSUME_CHECK_CONSUMER) timestamp=8278 ms, used_size=11456512 bytes (28.0%)
(RDMA_READ_CONSUME_CHECK_CONSUMER) timestamp=8278 ms, used_size=11454464 bytes (28.0%)
(RDMA_READ_CONSUME_CHECK_CONSUMER) timestamp=8278 ms, used_size=11452416 bytes (28.0%)
(RDMA_READ_CONSUME_CHECK_CONSUMER) timestamp=8278 ms, used_size=11450368 bytes (28.0%)
(RDMA_READ_CONSUME_CHECK_CONSUMER) timestamp=8278 ms, used_size=11448320 bytes (27.9%)
(RDMA_READ_CONSUME_CHECK_CONSUMER) timestamp=8278 ms, used_size=11446272 bytes (27.9%)
(RDMA_READ_CONSUME_CHECK_CONSUMER) timestamp=8278 ms, used_size=11444224 bytes (27.9%)
(RDMA_READ_CONSUME_CHECK_CONSUMER) timestamp=8278 ms, used_size=11442176 bytes (27.9%)
(RDMA_READ_CONSUME_CHECK_CONSUMER) timestamp=8278 ms, used_size=11440128 bytes (27.9%)
(RDMA_READ_CONSUME_CHECK_CONSUMER) timestamp=8278 ms, used_size=11438080 bytes (27.9%)
(RDMA_READ_CONSUME_CHECK_CONSUMER) timestamp=8278 ms, used_size=11436032 bytes (27.9%)
(RDMA_READ_CONSUME_CHECK_CONSUMER) timestamp=8278 ms, used_size=11433984 bytes (27.9%)
(RDMA_READ_CONSUME_CHECK_CONSUMER) timestamp=8278 ms, used_size=11431936 bytes (27.9%)
(RDMA_READ_CONSUME_CHECK_CONSUMER) timestamp=8278 ms, used_size=11429888 bytes (27.9%)
(RDMA_READ_CONSUME_CHECK_CONSUMER) timestamp=8278 ms, used_size=11427840 bytes (27.9%)
(RDMA_READ_CONSUME_CHECK_CONSUMER) timestamp=8278 ms, used_size=11425792 bytes (27.9%)
(RDMA_READ_CONSUME_CHECK_CONSUMER) timestamp=8278 ms, used_size=11423744 bytes (27.9%)
(RDMA_READ_CONSUME_CHECK_CONSUMER) timestamp=8278 ms, used_size=11421696 bytes (27.9%)
(RDMA_READ_CONSUME_CHECK_CONSUMER) timestamp=8278 ms, used_size=11419648 bytes (27.9%)
(RDMA_READ_CONSUME_CHECK_CONSUMER) timestamp=8278 ms, used_size=11417600 bytes (27.9%)
(RDMA_READ_CONSUME_CHECK_CONSUMER) timestamp=8278 ms, used_size=11415552 bytes (27.9%)
(RDMA_READ_CONSUME_CHECK_CONSUMER) timestamp=8278 ms, used_size=11413504 bytes (27.9%)
(RDMA_READ_CONSUME_CHECK_CONSUMER) timestamp=8278 ms, used_size=11411456 bytes (27.9%)
(RDMA_READ_CONSUME_CHECK_CONSUMER) timestamp=8278 ms, used_size=11409408 bytes (27.9%)
(RDMA_READ_CONSUME_CHECK_CONSUMER) timestamp=8278 ms, used_size=11407360 bytes (27.9%)
(RDMA_READ_CONSUME_CHECK_CONSUMER) timestamp=8278 ms, used_size=11405312 bytes (27.8%)
(RDMA_READ_CONSUME_CHECK_CONSUMER) timestamp=8278 ms, used_size=11403264 bytes (27.8%)
(RDMA_READ_CONSUME_CHECK_CONSUMER) timestamp=8278 ms, used_size=11401216 bytes (27.8%)
(RDMA_READ_CONSUME_CHECK_CONSUMER) timestamp=8278 ms, used_size=11399168 bytes (27.8%)
(RDMA_READ_CONSUME_CHECK_CONSUMER) timestamp=8278 ms, used_size=11397120 bytes (27.8%)
(RDMA_READ_CONSUME_CHECK_CONSUMER) timestamp=8278 ms, used_size=11395072 bytes (27.8%)
(RDMA_READ_CONSUME_CHECK_CONSUMER) timestamp=8278 ms, used_size=11393024 bytes (27.8%)
(RDMA_READ_CONSUME_CHECK_CONSUMER) timestamp=8278 ms, used_size=11390976 bytes (27.8%)
(RDMA_READ_CONSUME_CHECK_CONSUMER) timestamp=8278 ms, used_size=11388928 bytes (27.8%)
(RDMA_READ_CONSUME_CHECK_CONSUMER) timestamp=8278 ms, used_size=11386880 bytes (27.8%)
(RDMA_READ_CONSUME_CHECK_CONSUMER) timestamp=8278 ms, used_size=11384832 bytes (27.8%)
(RDMA_READ_CONSUME_CHECK_CONSUMER) timestamp=8278 ms, used_size=11382784 bytes (27.8%)
(RDMA_READ_CONSUME_CHECK_CONSUMER) timestamp=8278 ms, used_size=11380736 bytes (27.8%)
(RDMA_READ_CONSUME_CHECK_CONSUMER) timestamp=8278 ms, used_size=11378688 bytes (27.8%)
(RDMA_READ_CONSUME_CHECK_CONSUMER) timestamp=8278 ms, used_size=11376640 bytes (27.8%)
(RDMA_READ_CONSUME_CHECK_CONSUMER) timestamp=8278 ms, used_size=11374592 bytes (27.8%)
(RDMA_READ_CONSUME_CHECK_CONSUMER) timestamp=8278 ms, used_size=11372544 bytes (27.8%)
(RDMA_READ_CONSUME_CHECK_CONSUMER) timestamp=8278 ms, used_size=11370496 bytes (27.8%)
(RDMA_READ_CONSUME_CHECK_CONSUMER) timestamp=8278 ms, used_size=11368448 bytes (27.8%)
(RDMA_READ_CONSUME_CHECK_CONSUMER) timestamp=8278 ms, used_size=11366400 bytes (27.8%)
(RDMA_READ_CONSUME_CHECK_CONSUMER) timestamp=8278 ms, used_size=11364352 bytes (27.7%)
(RDMA_READ_CONSUME_CHECK_CONSUMER) timestamp=8278 ms, used_size=11362304 bytes (27.7%)
(RDMA_READ_CONSUME_CHECK_CONSUMER) timestamp=8278 ms, used_size=11360256 bytes (27.7%)
(RDMA_READ_CONSUME_CHECK_CONSUMER) timestamp=8278 ms, used_size=11358208 bytes (27.7%)
(RDMA_READ_CONSUME_CHECK_CONSUMER) timestamp=8278 ms, used_size=11356160 bytes (27.7%)
(RDMA_READ_CONSUME_CHECK_CONSUMER) timestamp=8278 ms, used_size=11354112 bytes (27.7%)
(RDMA_READ_CONSUME_CHECK_CONSUMER) timestamp=8278 ms, used_size=11352064 bytes (27.7%)
(RDMA_READ_CONSUME_CHECK_CONSUMER) timestamp=8278 ms, used_size=11350016 bytes (27.7%)
(RDMA_READ_CONSUME_CHECK_CONSUMER) timestamp=8278 ms, used_size=11347968 bytes (27.7%)
(RDMA_READ_CONSUME_CHECK_CONSUMER) timestamp=8278 ms, used_size=11345920 bytes (27.7%)
(RDMA_READ_CONSUME_CHECK_CONSUMER) timestamp=8278 ms, used_size=11343872 bytes (27.7%)
(RDMA_READ_CONSUME_CHECK_CONSUMER) timestamp=8278 ms, used_size=11341824 bytes (27.7%)
(RDMA_READ_CONSUME_CHECK_CONSUMER) timestamp=8278 ms, used_size=11339776 bytes (27.7%)
(RDMA_READ_CONSUME_CHECK_CONSUMER) timestamp=8278 ms, used_size=11337728 bytes (27.7%)
(RDMA_READ_CONSUME_CHECK_CONSUMER) timestamp=8278 ms, used_size=11335680 bytes (27.7%)
(RDMA_READ_CONSUME_CHECK_CONSUMER) timestamp=8278 ms, used_size=11333632 bytes (27.7%)
(RDMA_READ_CONSUME_CHECK_CONSUMER) timestamp=8278 ms, used_size=11331584 bytes (27.7%)
(RDMA_READ_CONSUME_CHECK_CONSUMER) timestamp=8278 ms, used_size=11329536 bytes (27.7%)
(RDMA_READ_CONSUME_CHECK_CONSUMER) timestamp=8278 ms, used_size=11327488 bytes (27.7%)
(RDMA_READ_CONSUME_CHECK_CONSUMER) timestamp=8278 ms, used_size=11325440 bytes (27.6%)
(RDMA_READ_CONSUME_CHECK_CONSUMER) timestamp=8278 ms, used_size=11323392 bytes (27.6%)
(RDMA_READ_CONSUME_CHECK_CONSUMER) timestamp=8278 ms, used_size=11321344 bytes (27.6%)
(RDMA_READ_CONSUME_CHECK_CONSUMER) timestamp=8278 ms, used_size=11319296 bytes (27.6%)
(RDMA_READ_CONSUME_CHECK_CONSUMER) timestamp=8278 ms, used_size=11317248 bytes (27.6%)
(RDMA_READ_CONSUME_CHECK_CONSUMER) timestamp=8278 ms, used_size=11315200 bytes (27.6%)
(RDMA_READ_CONSUME_CHECK_CONSUMER) timestamp=8278 ms, used_size=11313152 bytes (27.6%)
(RDMA_READ_CONSUME_CHECK_CONSUMER) timestamp=8278 ms, used_size=11311104 bytes (27.6%)
(RDMA_READ_CONSUME_CHECK_CONSUMER) timestamp=8278 ms, used_size=11309056 bytes (27.6%)
(RDMA_READ_CONSUME_CHECK_CONSUMER) timestamp=8278 ms, used_size=11307008 bytes (27.6%)
(RDMA_READ_CONSUME_CHECK_CONSUMER) timestamp=8278 ms, used_size=11304960 bytes (27.6%)
(RDMA_READ_CONSUME_CHECK_CONSUMER) timestamp=8278 ms, used_size=11302912 bytes (27.6%)
(RDMA_READ_CONSUME_CHECK_CONSUMER) timestamp=8278 ms, used_size=11300864 bytes (27.6%)
(RDMA_READ_CONSUME_CHECK_CONSUMER) timestamp=8278 ms, used_size=11298816 bytes (27.6%)
(RDMA_READ_CONSUME_CHECK_CONSUMER) timestamp=8278 ms, used_size=11296768 bytes (27.6%)
(RDMA_READ_CONSUME_CHECK_CONSUMER) timestamp=8278 ms, used_size=11294720 bytes (27.6%)
(RDMA_READ_CONSUME_CHECK_CONSUMER) timestamp=8278 ms, used_size=11292672 bytes (27.6%)
(RDMA_READ_CONSUME_CHECK_CONSUMER) timestamp=8278 ms, used_size=11290624 bytes (27.6%)
(RDMA_READ_CONSUME_CHECK_CONSUMER) timestamp=8278 ms, used_size=11288576 bytes (27.6%)
(RDMA_READ_CONSUME_CHECK_CONSUMER) timestamp=8278 ms, used_size=11286528 bytes (27.6%)
(RDMA_READ_CONSUME_CHECK_CONSUMER) timestamp=8278 ms, used_size=11284480 bytes (27.6%)
(RDMA_READ_CONSUME_CHECK_CONSUMER) timestamp=8278 ms, used_size=11282432 bytes (27.5%)
(RDMA_READ_CONSUME_CHECK_CONSUMER) timestamp=8278 ms, used_size=11280384 bytes (27.5%)
(RDMA_READ_CONSUME_CHECK_CONSUMER) timestamp=8278 ms, used_size=11278336 bytes (27.5%)
(RDMA_READ_CONSUME_CHECK_CONSUMER) timestamp=8278 ms, used_size=11276288 bytes (27.5%)
(RDMA_READ_CONSUME_CHECK_CONSUMER) timestamp=8278 ms, used_size=11274240 bytes (27.5%)
(RDMA_READ_CONSUME_CHECK_CONSUMER) timestamp=8278 ms, used_size=11272192 bytes (27.5%)
(RDMA_READ_CONSUME_CHECK_CONSUMER) timestamp=8278 ms, used_size=11270144 bytes (27.5%)
(RDMA_READ_CONSUME_CHECK_CONSUMER) timestamp=8278 ms, used_size=11268096 bytes (27.5%)
(RDMA_READ_CONSUME_CHECK_CONSUMER) timestamp=8278 ms, used_size=11266048 bytes (27.5%)
(RDMA_READ_CONSUME_CHECK_CONSUMER) timestamp=8278 ms, used_size=11264000 bytes (27.5%)
(RDMA_READ_CONSUME_CHECK_CONSUMER) timestamp=8278 ms, used_size=11261952 bytes (27.5%)
(RDMA_READ_CONSUME_CHECK_CONSUMER) timestamp=8278 ms, used_size=11259904 bytes (27.5%)
(RDMA_READ_CONSUME_CHECK_CONSUMER) timestamp=8278 ms, used_size=11257856 bytes (27.5%)
(RDMA_READ_CONSUME_CHECK_CONSUMER) timestamp=8278 ms, used_size=11255808 bytes (27.5%)
(RDMA_READ_CONSUME_CHECK_CONSUMER) timestamp=8278 ms, used_size=11253760 bytes (27.5%)
(RDMA_READ_CONSUME_CHECK_CONSUMER) timestamp=8278 ms, used_size=11251712 bytes (27.5%)
(RDMA_READ_CONSUME_CHECK_CONSUMER) timestamp=8278 ms, used_size=11249664 bytes (27.5%)
(RDMA_READ_CONSUME_CHECK_CONSUMER) timestamp=8278 ms, used_size=11247616 bytes (27.5%)
(RDMA_READ_CONSUME_CHECK_CONSUMER) timestamp=8278 ms, used_size=11245568 bytes (27.5%)
(RDMA_READ_CONSUME_CHECK_CONSUMER) timestamp=8278 ms, used_size=11243520 bytes (27.4%)
(RDMA_READ_CONSUME_CHECK_CONSUMER) timestamp=8278 ms, used_size=11241472 bytes (27.4%)
(RDMA_READ_CONSUME_CHECK_CONSUMER) timestamp=8278 ms, used_size=11239424 bytes (27.4%)
(RDMA_READ_CONSUME_CHECK_CONSUMER) timestamp=8278 ms, used_size=11237376 bytes (27.4%)
(RDMA_READ_CONSUME_CHECK_CONSUMER) timestamp=8278 ms, used_size=11235328 bytes (27.4%)
(RDMA_READ_CONSUME_CHECK_CONSUMER) timestamp=8278 ms, used_size=11233280 bytes (27.4%)
(RDMA_READ_CONSUME_CHECK_CONSUMER) timestamp=8278 ms, used_size=11231232 bytes (27.4%)
(RDMA_READ_CONSUME_CHECK_CONSUMER) timestamp=8278 ms, used_size=11229184 bytes (27.4%)
(RDMA_READ_CONSUME_CHECK_CONSUMER) timestamp=8278 ms, used_size=11227136 bytes (27.4%)
(RDMA_READ_CONSUME_CHECK_CONSUMER) timestamp=8278 ms, used_size=11225088 bytes (27.4%)
(RDMA_READ_CONSUME_CHECK_CONSUMER) timestamp=8278 ms, used_size=11223040 bytes (27.4%)
(RDMA_READ_CONSUME_CHECK_CONSUMER) timestamp=8278 ms, used_size=11220992 bytes (27.4%)
(RDMA_READ_CONSUME_CHECK_CONSUMER) timestamp=8278 ms, used_size=11218944 bytes (27.4%)
(RDMA_READ_CONSUME_CHECK_CONSUMER) timestamp=8278 ms, used_size=11216896 bytes (27.4%)
(RDMA_READ_CONSUME_CHECK_CONSUMER) timestamp=8278 ms, used_size=11214848 bytes (27.4%)
(RDMA_READ_CONSUME_CHECK_CONSUMER) timestamp=8278 ms, used_size=11212800 bytes (27.4%)
(RDMA_READ_CONSUME_CHECK_CONSUMER) timestamp=8278 ms, used_size=11210752 bytes (27.4%)
(RDMA_READ_CONSUME_CHECK_CONSUMER) timestamp=8278 ms, used_size=11208704 bytes (27.4%)
(RDMA_READ_CONSUME_CHECK_CONSUMER) timestamp=8278 ms, used_size=11206656 bytes (27.4%)
(RDMA_READ_CONSUME_CHECK_CONSUMER) timestamp=8278 ms, used_size=11204608 bytes (27.4%)
(RDMA_READ_CONSUME_CHECK_CONSUMER) timestamp=8278 ms, used_size=11202560 bytes (27.4%)
(RDMA_READ_CONSUME_CHECK_CONSUMER) timestamp=8278 ms, used_size=11200512 bytes (27.3%)
(RDMA_READ_CONSUME_CHECK_CONSUMER) timestamp=8278 ms, used_size=11198464 bytes (27.3%)
(RDMA_READ_CONSUME_CHECK_CONSUMER) timestamp=8278 ms, used_size=11196416 bytes (27.3%)
(RDMA_READ_CONSUME_CHECK_CONSUMER) timestamp=8278 ms, used_size=11194368 bytes (27.3%)
(RDMA_READ_CONSUME_CHECK_CONSUMER) timestamp=8278 ms, used_size=11192320 bytes (27.3%)
(RDMA_READ_CONSUME_CHECK_CONSUMER) timestamp=8278 ms, used_size=11190272 bytes (27.3%)
(RDMA_READ_CONSUME_CHECK_CONSUMER) timestamp=8278 ms, used_size=11188224 bytes (27.3%)
(RDMA_READ_CONSUME_CHECK_CONSUMER) timestamp=8278 ms, used_size=11186176 bytes (27.3%)
(RDMA_READ_CONSUME_CHECK_CONSUMER) timestamp=8278 ms, used_size=11184128 bytes (27.3%)
(RDMA_READ_CONSUME_CHECK_CONSUMER) timestamp=8278 ms, used_size=11182080 bytes (27.3%)
(RDMA_READ_CONSUME_CHECK_CONSUMER) timestamp=8279 ms, used_size=11180032 bytes (27.3%)
(RDMA_READ_CONSUME_CHECK_CONSUMER) timestamp=8279 ms, used_size=11177984 bytes (27.3%)
(RDMA_READ_CONSUME_CHECK_CONSUMER) timestamp=8279 ms, used_size=11175936 bytes (27.3%)
(RDMA_READ_CONSUME_CHECK_CONSUMER) timestamp=8279 ms, used_size=11173888 bytes (27.3%)
(RDMA_READ_CONSUME_CHECK_CONSUMER) timestamp=8279 ms, used_size=11171840 bytes (27.3%)
(RDMA_READ_CONSUME_CHECK_CONSUMER) timestamp=8279 ms, used_size=11169792 bytes (27.3%)
(RDMA_READ_CONSUME_CHECK_CONSUMER) timestamp=8279 ms, used_size=11167744 bytes (27.3%)
(RDMA_READ_CONSUME_CHECK_CONSUMER) timestamp=8279 ms, used_size=11165696 bytes (27.3%)
(RDMA_READ_CONSUME_CHECK_CONSUMER) timestamp=8279 ms, used_size=11163648 bytes (27.3%)
(RDMA_READ_CONSUME_CHECK_CONSUMER) timestamp=8279 ms, used_size=11161600 bytes (27.2%)
(RDMA_READ_CONSUME_CHECK_CONSUMER) timestamp=8279 ms, used_size=11159552 bytes (27.2%)
(RDMA_READ_CONSUME_CHECK_CONSUMER) timestamp=8279 ms, used_size=11157504 bytes (27.2%)
(RDMA_READ_CONSUME_CHECK_CONSUMER) timestamp=8279 ms, used_size=11155456 bytes (27.2%)
(RDMA_READ_CONSUME_CHECK_CONSUMER) timestamp=8279 ms, used_size=11153408 bytes (27.2%)
(RDMA_READ_CONSUME_CHECK_CONSUMER) timestamp=8279 ms, used_size=11151360 bytes (27.2%)
(RDMA_READ_CONSUME_CHECK_CONSUMER) timestamp=8279 ms, used_size=11149312 bytes (27.2%)
(RDMA_READ_CONSUME_CHECK_CONSUMER) timestamp=8279 ms, used_size=11147264 bytes (27.2%)
(RDMA_READ_CONSUME_CHECK_CONSUMER) timestamp=8279 ms, used_size=11145216 bytes (27.2%)
(RDMA_READ_CONSUME_CHECK_CONSUMER) timestamp=8279 ms, used_size=11143168 bytes (27.2%)
(RDMA_READ_CONSUME_CHECK_CONSUMER) timestamp=8279 ms, used_size=11141120 bytes (27.2%)
(RDMA_READ_CONSUME_CHECK_CONSUMER) timestamp=8279 ms, used_size=11139072 bytes (27.2%)
(RDMA_READ_CONSUME_CHECK_CONSUMER) timestamp=8279 ms, used_size=11137024 bytes (27.2%)
(RDMA_READ_CONSUME_CHECK_CONSUMER) timestamp=8279 ms, used_size=11134976 bytes (27.2%)
(RDMA_READ_CONSUME_CHECK_CONSUMER) timestamp=8279 ms, used_size=11132928 bytes (27.2%)
(RDMA_READ_CONSUME_CHECK_CONSUMER) timestamp=8279 ms, used_size=11130880 bytes (27.2%)
(RDMA_READ_CONSUME_CHECK_CONSUMER) timestamp=8279 ms, used_size=11128832 bytes (27.2%)
(RDMA_READ_CONSUME_CHECK_CONSUMER) timestamp=8279 ms, used_size=11126784 bytes (27.2%)
(RDMA_READ_CONSUME_CHECK_CONSUMER) timestamp=8279 ms, used_size=11124736 bytes (27.2%)
(RDMA_READ_CONSUME_CHECK_CONSUMER) timestamp=8279 ms, used_size=11122688 bytes (27.2%)
(RDMA_READ_CONSUME_CHECK_CONSUMER) timestamp=8279 ms, used_size=11120640 bytes (27.1%)
(RDMA_READ_CONSUME_CHECK_CONSUMER) timestamp=8279 ms, used_size=11118592 bytes (27.1%)
(RDMA_READ_CONSUME_CHECK_CONSUMER) timestamp=8279 ms, used_size=11116544 bytes (27.1%)
(RDMA_READ_CONSUME_CHECK_CONSUMER) timestamp=8279 ms, used_size=11114496 bytes (27.1%)
(RDMA_READ_CONSUME_CHECK_CONSUMER) timestamp=8279 ms, used_size=11112448 bytes (27.1%)
(RDMA_READ_CONSUME_CHECK_CONSUMER) timestamp=8279 ms, used_size=11110400 bytes (27.1%)
(RDMA_READ_CONSUME_CHECK_CONSUMER) timestamp=8279 ms, used_size=11108352 bytes (27.1%)
(RDMA_READ_CONSUME_CHECK_CONSUMER) timestamp=8279 ms, used_size=11106304 bytes (27.1%)
(RDMA_READ_CONSUME_CHECK_CONSUMER) timestamp=8279 ms, used_size=11104256 bytes (27.1%)
(RDMA_READ_CONSUME_CHECK_CONSUMER) timestamp=8279 ms, used_size=11102208 bytes (27.1%)
(RDMA_READ_CONSUME_CHECK_CONSUMER) timestamp=8279 ms, used_size=11100160 bytes (27.1%)
(RDMA_READ_CONSUME_CHECK_CONSUMER) timestamp=8279 ms, used_size=11098112 bytes (27.1%)
(RDMA_READ_CONSUME_CHECK_CONSUMER) timestamp=8279 ms, used_size=11096064 bytes (27.1%)
(RDMA_READ_CONSUME_CHECK_CONSUMER) timestamp=8279 ms, used_size=11094016 bytes (27.1%)
(RDMA_READ_CONSUME_CHECK_CONSUMER) timestamp=8279 ms, used_size=11091968 bytes (27.1%)
(RDMA_READ_CONSUME_CHECK_CONSUMER) timestamp=8279 ms, used_size=11089920 bytes (27.1%)
(RDMA_READ_CONSUME_CHECK_CONSUMER) timestamp=8279 ms, used_size=11087872 bytes (27.1%)
(RDMA_READ_CONSUME_CHECK_CONSUMER) timestamp=8279 ms, used_size=11085824 bytes (27.1%)
(RDMA_READ_CONSUME_CHECK_CONSUMER) timestamp=8279 ms, used_size=11083776 bytes (27.1%)
(RDMA_READ_CONSUME_CHECK_CONSUMER) timestamp=8279 ms, used_size=11081728 bytes (27.1%)
(RDMA_READ_CONSUME_CHECK_CONSUMER) timestamp=8279 ms, used_size=11079680 bytes (27.1%)
(RDMA_READ_CONSUME_CHECK_CONSUMER) timestamp=8279 ms, used_size=11077632 bytes (27.0%)
(RDMA_READ_CONSUME_CHECK_CONSUMER) timestamp=8279 ms, used_size=11075584 bytes (27.0%)
(RDMA_READ_CONSUME_CHECK_CONSUMER) timestamp=8279 ms, used_size=11073536 bytes (27.0%)
(RDMA_READ_CONSUME_CHECK_CONSUMER) timestamp=8279 ms, used_size=11071488 bytes (27.0%)
(RDMA_READ_CONSUME_CHECK_CONSUMER) timestamp=8279 ms, used_size=11069440 bytes (27.0%)
(RDMA_READ_CONSUME_CHECK_CONSUMER) timestamp=8279 ms, used_size=11067392 bytes (27.0%)
(RDMA_READ_CONSUME_CHECK_CONSUMER) timestamp=8279 ms, used_size=11065344 bytes (27.0%)
(RDMA_READ_CONSUME_CHECK_CONSUMER) timestamp=8279 ms, used_size=11063296 bytes (27.0%)
(RDMA_READ_CONSUME_CHECK_CONSUMER) timestamp=8279 ms, used_size=11061248 bytes (27.0%)
(RDMA_READ_CONSUME_CHECK_CONSUMER) timestamp=8279 ms, used_size=11059200 bytes (27.0%)
(RDMA_READ_CONSUME_CHECK_CONSUMER) timestamp=8279 ms, used_size=11057152 bytes (27.0%)
(RDMA_READ_CONSUME_CHECK_CONSUMER) timestamp=8279 ms, used_size=11055104 bytes (27.0%)
(RDMA_READ_CONSUME_CHECK_CONSUMER) timestamp=8279 ms, used_size=11053056 bytes (27.0%)
(RDMA_READ_CONSUME_CHECK_CONSUMER) timestamp=8279 ms, used_size=11051008 bytes (27.0%)
(RDMA_READ_CONSUME_CHECK_CONSUMER) timestamp=8279 ms, used_size=11048960 bytes (27.0%)
(RDMA_READ_CONSUME_CHECK_CONSUMER) timestamp=8279 ms, used_size=11046912 bytes (27.0%)
(RDMA_READ_CONSUME_CHECK_CONSUMER) timestamp=8279 ms, used_size=11044864 bytes (27.0%)
(RDMA_READ_CONSUME_CHECK_CONSUMER) timestamp=8279 ms, used_size=11042816 bytes (27.0%)
(RDMA_READ_CONSUME_CHECK_CONSUMER) timestamp=8279 ms, used_size=11040768 bytes (27.0%)
(RDMA_READ_CONSUME_CHECK_CONSUMER) timestamp=8279 ms, used_size=11038720 bytes (26.9%)
(RDMA_READ_CONSUME_CHECK_CONSUMER) timestamp=8279 ms, used_size=11036672 bytes (26.9%)
(RDMA_READ_CONSUME_CHECK_CONSUMER) timestamp=8279 ms, used_size=11034624 bytes (26.9%)
(RDMA_READ_CONSUME_CHECK_CONSUMER) timestamp=8279 ms, used_size=11032576 bytes (26.9%)
(RDMA_READ_CONSUME_CHECK_CONSUMER) timestamp=8279 ms, used_size=11030528 bytes (26.9%)
(RDMA_READ_CONSUME_CHECK_CONSUMER) timestamp=8279 ms, used_size=11028480 bytes (26.9%)
(RDMA_READ_CONSUME_CHECK_CONSUMER) timestamp=8279 ms, used_size=11026432 bytes (26.9%)
(RDMA_READ_CONSUME_CHECK_CONSUMER) timestamp=8279 ms, used_size=11024384 bytes (26.9%)
(RDMA_READ_CONSUME_CHECK_CONSUMER) timestamp=8279 ms, used_size=11022336 bytes (26.9%)
(RDMA_READ_CONSUME_CHECK_CONSUMER) timestamp=8279 ms, used_size=11020288 bytes (26.9%)
(RDMA_READ_CONSUME_CHECK_CONSUMER) timestamp=8279 ms, used_size=11018240 bytes (26.9%)
(RDMA_READ_CONSUME_CHECK_CONSUMER) timestamp=8279 ms, used_size=11016192 bytes (26.9%)
(RDMA_READ_CONSUME_CHECK_CONSUMER) timestamp=8279 ms, used_size=11014144 bytes (26.9%)
(RDMA_READ_CONSUME_CHECK_CONSUMER) timestamp=8279 ms, used_size=11012096 bytes (26.9%)
(RDMA_READ_CONSUME_CHECK_CONSUMER) timestamp=8279 ms, used_size=11010048 bytes (26.9%)
(RDMA_READ_CONSUME_CHECK_CONSUMER) timestamp=8279 ms, used_size=11008000 bytes (26.9%)
(RDMA_READ_CONSUME_CHECK_CONSUMER) timestamp=8279 ms, used_size=11005952 bytes (26.9%)
(RDMA_READ_CONSUME_CHECK_CONSUMER) timestamp=8279 ms, used_size=11003904 bytes (26.9%)
(RDMA_READ_CONSUME_CHECK_CONSUMER) timestamp=8279 ms, used_size=11001856 bytes (26.9%)
(RDMA_READ_CONSUME_CHECK_CONSUMER) timestamp=8279 ms, used_size=10999808 bytes (26.9%)
(RDMA_READ_CONSUME_CHECK_CONSUMER) timestamp=8279 ms, used_size=10997760 bytes (26.9%)
(RDMA_READ_CONSUME_CHECK_CONSUMER) timestamp=8279 ms, used_size=10995712 bytes (26.8%)
(RDMA_READ_CONSUME_CHECK_CONSUMER) timestamp=8279 ms, used_size=10993664 bytes (26.8%)
(RDMA_READ_CONSUME_CHECK_CONSUMER) timestamp=8279 ms, used_size=10991616 bytes (26.8%)
(RDMA_READ_CONSUME_CHECK_CONSUMER) timestamp=8279 ms, used_size=10989568 bytes (26.8%)
(RDMA_READ_CONSUME_CHECK_CONSUMER) timestamp=8279 ms, used_size=10987520 bytes (26.8%)
(RDMA_READ_CONSUME_CHECK_CONSUMER) timestamp=8279 ms, used_size=10985472 bytes (26.8%)
(RDMA_READ_CONSUME_CHECK_CONSUMER) timestamp=8279 ms, used_size=10983424 bytes (26.8%)
(RDMA_READ_CONSUME_CHECK_CONSUMER) timestamp=8279 ms, used_size=10981376 bytes (26.8%)
(RDMA_READ_CONSUME_CHECK_CONSUMER) timestamp=8279 ms, used_size=10979328 bytes (26.8%)
(RDMA_READ_CONSUME_CHECK_CONSUMER) timestamp=8279 ms, used_size=10977280 bytes (26.8%)
(RDMA_READ_CONSUME_CHECK_CONSUMER) timestamp=8279 ms, used_size=10975232 bytes (26.8%)
(RDMA_READ_CONSUME_CHECK_CONSUMER) timestamp=8279 ms, used_size=10973184 bytes (26.8%)
(RDMA_READ_CONSUME_CHECK_CONSUMER) timestamp=8279 ms, used_size=10971136 bytes (26.8%)
(RDMA_READ_CONSUME_CHECK_CONSUMER) timestamp=8279 ms, used_size=10969088 bytes (26.8%)
(RDMA_READ_CONSUME_CHECK_CONSUMER) timestamp=8279 ms, used_size=10967040 bytes (26.8%)
(RDMA_READ_CONSUME_CHECK_CONSUMER) timestamp=8279 ms, used_size=10964992 bytes (26.8%)
(RDMA_READ_CONSUME_CHECK_CONSUMER) timestamp=8279 ms, used_size=10962944 bytes (26.8%)
(RDMA_READ_CONSUME_CHECK_CONSUMER) timestamp=8279 ms, used_size=10960896 bytes (26.8%)
(RDMA_READ_CONSUME_CHECK_CONSUMER) timestamp=8279 ms, used_size=10958848 bytes (26.8%)
(RDMA_READ_CONSUME_CHECK_CONSUMER) timestamp=8279 ms, used_size=10956800 bytes (26.8%)
(RDMA_READ_CONSUME_CHECK_CONSUMER) timestamp=8279 ms, used_size=10954752 bytes (26.7%)
(RDMA_READ_CONSUME_CHECK_CONSUMER) timestamp=8279 ms, used_size=10952704 bytes (26.7%)
(RDMA_READ_CONSUME_CHECK_CONSUMER) timestamp=8279 ms, used_size=10950656 bytes (26.7%)
(RDMA_READ_CONSUME_CHECK_CONSUMER) timestamp=8279 ms, used_size=10948608 bytes (26.7%)
(RDMA_READ_CONSUME_CHECK_CONSUMER) timestamp=8279 ms, used_size=10946560 bytes (26.7%)
(RDMA_READ_CONSUME_CHECK_CONSUMER) timestamp=8279 ms, used_size=10944512 bytes (26.7%)
(RDMA_READ_CONSUME_CHECK_CONSUMER) timestamp=8279 ms, used_size=10942464 bytes (26.7%)
(RDMA_READ_CONSUME_CHECK_CONSUMER) timestamp=8279 ms, used_size=10940416 bytes (26.7%)
(RDMA_READ_CONSUME_CHECK_CONSUMER) timestamp=8279 ms, used_size=10938368 bytes (26.7%)
(RDMA_READ_CONSUME_CHECK_CONSUMER) timestamp=8279 ms, used_size=10936320 bytes (26.7%)
(RDMA_READ_CONSUME_CHECK_CONSUMER) timestamp=8279 ms, used_size=10934272 bytes (26.7%)
(RDMA_READ_CONSUME_CHECK_CONSUMER) timestamp=8279 ms, used_size=10932224 bytes (26.7%)
(RDMA_READ_CONSUME_CHECK_CONSUMER) timestamp=8279 ms, used_size=10930176 bytes (26.7%)
(RDMA_READ_CONSUME_CHECK_CONSUMER) timestamp=8279 ms, used_size=10928128 bytes (26.7%)
(RDMA_READ_CONSUME_CHECK_CONSUMER) timestamp=8279 ms, used_size=10926080 bytes (26.7%)
(RDMA_READ_CONSUME_CHECK_CONSUMER) timestamp=8279 ms, used_size=10924032 bytes (26.7%)
(RDMA_READ_CONSUME_CHECK_CONSUMER) timestamp=8279 ms, used_size=10921984 bytes (26.7%)
(RDMA_READ_CONSUME_CHECK_CONSUMER) timestamp=8279 ms, used_size=10919936 bytes (26.7%)
(RDMA_READ_CONSUME_CHECK_CONSUMER) timestamp=8279 ms, used_size=10917888 bytes (26.7%)
(RDMA_READ_CONSUME_CHECK_CONSUMER) timestamp=8279 ms, used_size=10915840 bytes (26.6%)
(RDMA_READ_CONSUME_CHECK_CONSUMER) timestamp=8279 ms, used_size=10913792 bytes (26.6%)
(RDMA_READ_CONSUME_CHECK_CONSUMER) timestamp=8279 ms, used_size=10911744 bytes (26.6%)
(RDMA_READ_CONSUME_CHECK_CONSUMER) timestamp=8279 ms, used_size=10909696 bytes (26.6%)
(RDMA_READ_CONSUME_CHECK_CONSUMER) timestamp=8279 ms, used_size=10907648 bytes (26.6%)
(RDMA_READ_CONSUME_CHECK_CONSUMER) timestamp=8279 ms, used_size=10905600 bytes (26.6%)
(RDMA_READ_CONSUME_CHECK_CONSUMER) timestamp=8279 ms, used_size=10903552 bytes (26.6%)
(RDMA_READ_CONSUME_CHECK_CONSUMER) timestamp=8279 ms, used_size=10901504 bytes (26.6%)
(RDMA_READ_CONSUME_CHECK_CONSUMER) timestamp=8279 ms, used_size=10899456 bytes (26.6%)
(RDMA_READ_CONSUME_CHECK_CONSUMER) timestamp=8279 ms, used_size=10897408 bytes (26.6%)
(RDMA_READ_CONSUME_CHECK_CONSUMER) timestamp=8279 ms, used_size=10895360 bytes (26.6%)
(RDMA_READ_CONSUME_CHECK_CONSUMER) timestamp=8279 ms, used_size=10893312 bytes (26.6%)
(RDMA_READ_CONSUME_CHECK_CONSUMER) timestamp=8279 ms, used_size=10891264 bytes (26.6%)
(RDMA_READ_CONSUME_CHECK_CONSUMER) timestamp=8279 ms, used_size=10889216 bytes (26.6%)
(RDMA_READ_CONSUME_CHECK_CONSUMER) timestamp=8279 ms, used_size=10887168 bytes (26.6%)
(RDMA_READ_CONSUME_CHECK_CONSUMER) timestamp=8279 ms, used_size=10885120 bytes (26.6%)
(RDMA_READ_CONSUME_CHECK_CONSUMER) timestamp=8279 ms, used_size=10883072 bytes (26.6%)
(RDMA_READ_CONSUME_CHECK_CONSUMER) timestamp=8279 ms, used_size=10881024 bytes (26.6%)
(RDMA_READ_CONSUME_CHECK_CONSUMER) timestamp=8279 ms, used_size=10878976 bytes (26.6%)
(RDMA_READ_CONSUME_CHECK_CONSUMER) timestamp=8279 ms, used_size=10876928 bytes (26.6%)
(RDMA_READ_CONSUME_CHECK_CONSUMER) timestamp=8279 ms, used_size=10874880 bytes (26.6%)
(RDMA_READ_CONSUME_CHECK_CONSUMER) timestamp=8279 ms, used_size=10872832 bytes (26.5%)
(RDMA_READ_CONSUME_CHECK_CONSUMER) timestamp=8279 ms, used_size=10870784 bytes (26.5%)
(RDMA_READ_CONSUME_CHECK_CONSUMER) timestamp=8279 ms, used_size=10868736 bytes (26.5%)
(RDMA_READ_CONSUME_CHECK_CONSUMER) timestamp=8279 ms, used_size=10866688 bytes (26.5%)
(RDMA_READ_CONSUME_CHECK_CONSUMER) timestamp=8279 ms, used_size=10864640 bytes (26.5%)
(RDMA_READ_CONSUME_CHECK_CONSUMER) timestamp=8279 ms, used_size=10862592 bytes (26.5%)
(RDMA_READ_CONSUME_CHECK_CONSUMER) timestamp=8279 ms, used_size=10860544 bytes (26.5%)
(RDMA_READ_CONSUME_CHECK_CONSUMER) timestamp=8279 ms, used_size=10858496 bytes (26.5%)
(RDMA_READ_CONSUME_CHECK_CONSUMER) timestamp=8279 ms, used_size=10856448 bytes (26.5%)
(RDMA_READ_CONSUME_CHECK_CONSUMER) timestamp=8279 ms, used_size=10854400 bytes (26.5%)
(RDMA_READ_CONSUME_CHECK_CONSUMER) timestamp=8279 ms, used_size=10852352 bytes (26.5%)
(RDMA_READ_CONSUME_CHECK_CONSUMER) timestamp=8279 ms, used_size=10850304 bytes (26.5%)
(RDMA_READ_CONSUME_CHECK_CONSUMER) timestamp=8279 ms, used_size=10848256 bytes (26.5%)
(RDMA_READ_CONSUME_CHECK_CONSUMER) timestamp=8279 ms, used_size=10846208 bytes (26.5%)
(RDMA_READ_CONSUME_CHECK_CONSUMER) timestamp=8279 ms, used_size=10844160 bytes (26.5%)
(RDMA_READ_CONSUME_CHECK_CONSUMER) timestamp=8279 ms, used_size=10842112 bytes (26.5%)
(RDMA_READ_CONSUME_CHECK_CONSUMER) timestamp=8279 ms, used_size=10840064 bytes (26.5%)
(RDMA_READ_CONSUME_CHECK_CONSUMER) timestamp=8279 ms, used_size=10838016 bytes (26.5%)
(RDMA_READ_CONSUME_CHECK_CONSUMER) timestamp=8279 ms, used_size=10835968 bytes (26.5%)
(RDMA_READ_CONSUME_CHECK_CONSUMER) timestamp=8279 ms, used_size=10833920 bytes (26.4%)
(RDMA_READ_CONSUME_CHECK_CONSUMER) timestamp=8279 ms, used_size=10831872 bytes (26.4%)
(RDMA_READ_CONSUME_CHECK_CONSUMER) timestamp=8279 ms, used_size=10829824 bytes (26.4%)
(RDMA_READ_CONSUME_CHECK_CONSUMER) timestamp=8279 ms, used_size=10827776 bytes (26.4%)
(RDMA_READ_CONSUME_CHECK_CONSUMER) timestamp=8279 ms, used_size=10825728 bytes (26.4%)
(RDMA_READ_CONSUME_CHECK_CONSUMER) timestamp=8279 ms, used_size=10823680 bytes (26.4%)
(RDMA_READ_CONSUME_CHECK_CONSUMER) timestamp=8279 ms, used_size=10821632 bytes (26.4%)
(RDMA_READ_CONSUME_CHECK_CONSUMER) timestamp=8279 ms, used_size=10819584 bytes (26.4%)
(RDMA_READ_CONSUME_CHECK_CONSUMER) timestamp=8279 ms, used_size=10817536 bytes (26.4%)
(RDMA_READ_CONSUME_CHECK_CONSUMER) timestamp=8279 ms, used_size=10815488 bytes (26.4%)
(RDMA_READ_CONSUME_CHECK_CONSUMER) timestamp=8279 ms, used_size=10813440 bytes (26.4%)
(RDMA_READ_CONSUME_CHECK_CONSUMER) timestamp=8279 ms, used_size=10811392 bytes (26.4%)
(RDMA_READ_CONSUME_CHECK_CONSUMER) timestamp=8279 ms, used_size=10809344 bytes (26.4%)
(RDMA_READ_CONSUME_CHECK_CONSUMER) timestamp=8279 ms, used_size=10807296 bytes (26.4%)
(RDMA_READ_CONSUME_CHECK_CONSUMER) timestamp=8279 ms, used_size=10805248 bytes (26.4%)
(RDMA_READ_CONSUME_CHECK_CONSUMER) timestamp=8279 ms, used_size=10803200 bytes (26.4%)
(RDMA_READ_CONSUME_CHECK_CONSUMER) timestamp=8279 ms, used_size=10801152 bytes (26.4%)
(RDMA_READ_CONSUME_CHECK_CONSUMER) timestamp=8279 ms, used_size=10799104 bytes (26.4%)
(RDMA_READ_CONSUME_CHECK_CONSUMER) timestamp=8280 ms, used_size=10797056 bytes (26.4%)
(RDMA_READ_CONSUME_CHECK_CONSUMER) timestamp=8280 ms, used_size=10795008 bytes (26.4%)
(RDMA_READ_CONSUME_CHECK_CONSUMER) timestamp=8280 ms, used_size=10792960 bytes (26.4%)
(RDMA_READ_CONSUME_CHECK_CONSUMER) timestamp=8280 ms, used_size=10790912 bytes (26.3%)
(RDMA_READ_CONSUME_CHECK_CONSUMER) timestamp=8280 ms, used_size=10788864 bytes (26.3%)
(RDMA_READ_CONSUME_CHECK_CONSUMER) timestamp=8280 ms, used_size=10786816 bytes (26.3%)
(RDMA_READ_CONSUME_CHECK_CONSUMER) timestamp=8280 ms, used_size=10784768 bytes (26.3%)
(RDMA_READ_CONSUME_CHECK_CONSUMER) timestamp=8280 ms, used_size=10782720 bytes (26.3%)
(RDMA_READ_CONSUME_CHECK_CONSUMER) timestamp=8280 ms, used_size=10780672 bytes (26.3%)
(RDMA_READ_CONSUME_CHECK_CONSUMER) timestamp=8280 ms, used_size=10778624 bytes (26.3%)
(RDMA_READ_CONSUME_CHECK_CONSUMER) timestamp=8280 ms, used_size=10776576 bytes (26.3%)
(RDMA_READ_CONSUME_CHECK_CONSUMER) timestamp=8280 ms, used_size=10774528 bytes (26.3%)
(RDMA_READ_CONSUME_CHECK_CONSUMER) timestamp=8280 ms, used_size=10772480 bytes (26.3%)
(RDMA_READ_CONSUME_CHECK_CONSUMER) timestamp=8280 ms, used_size=10770432 bytes (26.3%)
(RDMA_READ_CONSUME_CHECK_CONSUMER) timestamp=8280 ms, used_size=10768384 bytes (26.3%)
(RDMA_READ_CONSUME_CHECK_CONSUMER) timestamp=8280 ms, used_size=10766336 bytes (26.3%)
(RDMA_READ_CONSUME_CHECK_CONSUMER) timestamp=8280 ms, used_size=10764288 bytes (26.3%)
(RDMA_READ_CONSUME_CHECK_CONSUMER) timestamp=8280 ms, used_size=10762240 bytes (26.3%)
(RDMA_READ_CONSUME_CHECK_CONSUMER) timestamp=8280 ms, used_size=10760192 bytes (26.3%)
(RDMA_READ_CONSUME_CHECK_CONSUMER) timestamp=8280 ms, used_size=10758144 bytes (26.3%)
(RDMA_READ_CONSUME_CHECK_CONSUMER) timestamp=8280 ms, used_size=10756096 bytes (26.3%)
(RDMA_READ_CONSUME_CHECK_CONSUMER) timestamp=8280 ms, used_size=10754048 bytes (26.3%)
(RDMA_READ_CONSUME_CHECK_CONSUMER) timestamp=8280 ms, used_size=10752000 bytes (26.2%)
(RDMA_READ_CONSUME_CHECK_CONSUMER) timestamp=8280 ms, used_size=10749952 bytes (26.2%)
(RDMA_READ_CONSUME_CHECK_CONSUMER) timestamp=8280 ms, used_size=10747904 bytes (26.2%)
(RDMA_READ_CONSUME_CHECK_CONSUMER) timestamp=8280 ms, used_size=10745856 bytes (26.2%)
(RDMA_READ_CONSUME_CHECK_CONSUMER) timestamp=8280 ms, used_size=10743808 bytes (26.2%)
(RDMA_READ_CONSUME_CHECK_CONSUMER) timestamp=8280 ms, used_size=10741760 bytes (26.2%)
(RDMA_READ_CONSUME_CHECK_CONSUMER) timestamp=8280 ms, used_size=10739712 bytes (26.2%)
(RDMA_READ_CONSUME_CHECK_CONSUMER) timestamp=8280 ms, used_size=10737664 bytes (26.2%)
(RDMA_READ_CONSUME_CHECK_CONSUMER) timestamp=8280 ms, used_size=10735616 bytes (26.2%)
(RDMA_READ_CONSUME_CHECK_CONSUMER) timestamp=8280 ms, used_size=10733568 bytes (26.2%)
(RDMA_READ_CONSUME_CHECK_CONSUMER) timestamp=8280 ms, used_size=10731520 bytes (26.2%)
(RDMA_READ_CONSUME_CHECK_CONSUMER) timestamp=8280 ms, used_size=10729472 bytes (26.2%)
(RDMA_READ_CONSUME_CHECK_CONSUMER) timestamp=8280 ms, used_size=10727424 bytes (26.2%)
(RDMA_READ_CONSUME_CHECK_CONSUMER) timestamp=8280 ms, used_size=10725376 bytes (26.2%)
(RDMA_READ_CONSUME_CHECK_CONSUMER) timestamp=8280 ms, used_size=10723328 bytes (26.2%)
(RDMA_READ_CONSUME_CHECK_CONSUMER) timestamp=8280 ms, used_size=10721280 bytes (26.2%)
(RDMA_READ_CONSUME_CHECK_CONSUMER) timestamp=8280 ms, used_size=10719232 bytes (26.2%)
(RDMA_READ_CONSUME_CHECK_CONSUMER) timestamp=8280 ms, used_size=10717184 bytes (26.2%)
(RDMA_READ_CONSUME_CHECK_CONSUMER) timestamp=8280 ms, used_size=10715136 bytes (26.2%)
(RDMA_READ_CONSUME_CHECK_CONSUMER) timestamp=8280 ms, used_size=10713088 bytes (26.2%)
(RDMA_READ_CONSUME_CHECK_CONSUMER) timestamp=8280 ms, used_size=10711040 bytes (26.1%)
(RDMA_READ_CONSUME_CHECK_CONSUMER) timestamp=8280 ms, used_size=10708992 bytes (26.1%)
(RDMA_READ_CONSUME_CHECK_CONSUMER) timestamp=8280 ms, used_size=10706944 bytes (26.1%)
(RDMA_READ_CONSUME_CHECK_CONSUMER) timestamp=8280 ms, used_size=10704896 bytes (26.1%)
(RDMA_READ_CONSUME_CHECK_CONSUMER) timestamp=8280 ms, used_size=10702848 bytes (26.1%)
(RDMA_READ_CONSUME_CHECK_CONSUMER) timestamp=8280 ms, used_size=10700800 bytes (26.1%)
(RDMA_READ_CONSUME_CHECK_CONSUMER) timestamp=8280 ms, used_size=10698752 bytes (26.1%)
(RDMA_READ_CONSUME_CHECK_CONSUMER) timestamp=8280 ms, used_size=10696704 bytes (26.1%)
(RDMA_READ_CONSUME_CHECK_CONSUMER) timestamp=8280 ms, used_size=10694656 bytes (26.1%)
(RDMA_READ_CONSUME_CHECK_CONSUMER) timestamp=8280 ms, used_size=10692608 bytes (26.1%)
(RDMA_READ_CONSUME_CHECK_CONSUMER) timestamp=8280 ms, used_size=10690560 bytes (26.1%)
(RDMA_READ_CONSUME_CHECK_CONSUMER) timestamp=8280 ms, used_size=10688512 bytes (26.1%)
(RDMA_READ_CONSUME_CHECK_CONSUMER) timestamp=8280 ms, used_size=10686464 bytes (26.1%)
(RDMA_READ_CONSUME_CHECK_CONSUMER) timestamp=8280 ms, used_size=10684416 bytes (26.1%)
(RDMA_READ_CONSUME_CHECK_CONSUMER) timestamp=8280 ms, used_size=10682368 bytes (26.1%)
(RDMA_READ_CONSUME_CHECK_CONSUMER) timestamp=8280 ms, used_size=10680320 bytes (26.1%)
(RDMA_READ_CONSUME_CHECK_CONSUMER) timestamp=8280 ms, used_size=10678272 bytes (26.1%)
(RDMA_READ_CONSUME_CHECK_CONSUMER) timestamp=8280 ms, used_size=10676224 bytes (26.1%)
(RDMA_READ_CONSUME_CHECK_CONSUMER) timestamp=8280 ms, used_size=10674176 bytes (26.1%)
(RDMA_READ_CONSUME_CHECK_CONSUMER) timestamp=8280 ms, used_size=10672128 bytes (26.1%)
(RDMA_READ_CONSUME_CHECK_CONSUMER) timestamp=8280 ms, used_size=10670080 bytes (26.1%)
(RDMA_READ_CONSUME_CHECK_CONSUMER) timestamp=8280 ms, used_size=10668032 bytes (26.0%)
(RDMA_READ_CONSUME_CHECK_CONSUMER) timestamp=8280 ms, used_size=10665984 bytes (26.0%)
(RDMA_READ_CONSUME_CHECK_CONSUMER) timestamp=8280 ms, used_size=10663936 bytes (26.0%)
(RDMA_READ_CONSUME_CHECK_CONSUMER) timestamp=8280 ms, used_size=10661888 bytes (26.0%)
(RDMA_READ_CONSUME_CHECK_CONSUMER) timestamp=8280 ms, used_size=10659840 bytes (26.0%)
(RDMA_READ_CONSUME_CHECK_CONSUMER) timestamp=8280 ms, used_size=10657792 bytes (26.0%)
(RDMA_READ_CONSUME_CHECK_CONSUMER) timestamp=8280 ms, used_size=10655744 bytes (26.0%)
(RDMA_READ_CONSUME_CHECK_CONSUMER) timestamp=8280 ms, used_size=10653696 bytes (26.0%)
(RDMA_READ_CONSUME_CHECK_CONSUMER) timestamp=8280 ms, used_size=10651648 bytes (26.0%)
(RDMA_READ_CONSUME_CHECK_CONSUMER) timestamp=8280 ms, used_size=10649600 bytes (26.0%)
(RDMA_READ_CONSUME_CHECK_CONSUMER) timestamp=8280 ms, used_size=10647552 bytes (26.0%)
(RDMA_READ_CONSUME_CHECK_CONSUMER) timestamp=8280 ms, used_size=10645504 bytes (26.0%)
(RDMA_READ_CONSUME_CHECK_CONSUMER) timestamp=8280 ms, used_size=10643456 bytes (26.0%)
(RDMA_READ_CONSUME_CHECK_CONSUMER) timestamp=8280 ms, used_size=10641408 bytes (26.0%)
(RDMA_READ_CONSUME_CHECK_CONSUMER) timestamp=8280 ms, used_size=10639360 bytes (26.0%)
(RDMA_READ_CONSUME_CHECK_CONSUMER) timestamp=8280 ms, used_size=10637312 bytes (26.0%)
(RDMA_READ_CONSUME_CHECK_CONSUMER) timestamp=8280 ms, used_size=10635264 bytes (26.0%)
(RDMA_READ_CONSUME_CHECK_CONSUMER) timestamp=8280 ms, used_size=10633216 bytes (26.0%)
(RDMA_READ_CONSUME_CHECK_CONSUMER) timestamp=8280 ms, used_size=10631168 bytes (26.0%)
(RDMA_READ_CONSUME_CHECK_CONSUMER) timestamp=8280 ms, used_size=10629120 bytes (25.9%)
(RDMA_READ_CONSUME_CHECK_CONSUMER) timestamp=8280 ms, used_size=10627072 bytes (25.9%)
(RDMA_READ_CONSUME_CHECK_CONSUMER) timestamp=8280 ms, used_size=10625024 bytes (25.9%)
(RDMA_READ_CONSUME_CHECK_CONSUMER) timestamp=8280 ms, used_size=10622976 bytes (25.9%)
(RDMA_READ_CONSUME_CHECK_CONSUMER) timestamp=8280 ms, used_size=10620928 bytes (25.9%)
(RDMA_READ_CONSUME_CHECK_CONSUMER) timestamp=8280 ms, used_size=10618880 bytes (25.9%)
(RDMA_READ_CONSUME_CHECK_CONSUMER) timestamp=8280 ms, used_size=10616832 bytes (25.9%)
(RDMA_READ_CONSUME_CHECK_CONSUMER) timestamp=8280 ms, used_size=10614784 bytes (25.9%)
(RDMA_READ_CONSUME_CHECK_CONSUMER) timestamp=8280 ms, used_size=10612736 bytes (25.9%)
(RDMA_READ_CONSUME_CHECK_CONSUMER) timestamp=8280 ms, used_size=10610688 bytes (25.9%)
(RDMA_READ_CONSUME_CHECK_CONSUMER) timestamp=8280 ms, used_size=10608640 bytes (25.9%)
(RDMA_READ_CONSUME_CHECK_CONSUMER) timestamp=8280 ms, used_size=10606592 bytes (25.9%)
(RDMA_READ_CONSUME_CHECK_CONSUMER) timestamp=8280 ms, used_size=10604544 bytes (25.9%)
(RDMA_READ_CONSUME_CHECK_CONSUMER) timestamp=8280 ms, used_size=10602496 bytes (25.9%)
(RDMA_READ_CONSUME_CHECK_CONSUMER) timestamp=8280 ms, used_size=10600448 bytes (25.9%)
(RDMA_READ_CONSUME_CHECK_CONSUMER) timestamp=8280 ms, used_size=10598400 bytes (25.9%)
(RDMA_READ_CONSUME_CHECK_CONSUMER) timestamp=8280 ms, used_size=10596352 bytes (25.9%)
(RDMA_READ_CONSUME_CHECK_CONSUMER) timestamp=8280 ms, used_size=10594304 bytes (25.9%)
(RDMA_READ_CONSUME_CHECK_CONSUMER) timestamp=8280 ms, used_size=10592256 bytes (25.9%)
(RDMA_READ_CONSUME_CHECK_CONSUMER) timestamp=8280 ms, used_size=10590208 bytes (25.9%)
(RDMA_READ_CONSUME_CHECK_CONSUMER) timestamp=8280 ms, used_size=10588160 bytes (25.9%)
(RDMA_READ_CONSUME_CHECK_CONSUMER) timestamp=8280 ms, used_size=10586112 bytes (25.8%)
(RDMA_READ_CONSUME_CHECK_CONSUMER) timestamp=8280 ms, used_size=10584064 bytes (25.8%)
(RDMA_READ_CONSUME_CHECK_CONSUMER) timestamp=8280 ms, used_size=10582016 bytes (25.8%)
(RDMA_READ_CONSUME_CHECK_CONSUMER) timestamp=8280 ms, used_size=10579968 bytes (25.8%)
(RDMA_READ_CONSUME_CHECK_CONSUMER) timestamp=8280 ms, used_size=10577920 bytes (25.8%)
(RDMA_READ_CONSUME_CHECK_CONSUMER) timestamp=8280 ms, used_size=10575872 bytes (25.8%)
(RDMA_READ_CONSUME_CHECK_CONSUMER) timestamp=8280 ms, used_size=10573824 bytes (25.8%)
(RDMA_READ_CONSUME_CHECK_CONSUMER) timestamp=8280 ms, used_size=10571776 bytes (25.8%)
(RDMA_READ_CONSUME_CHECK_CONSUMER) timestamp=8280 ms, used_size=10569728 bytes (25.8%)
(RDMA_READ_CONSUME_CHECK_CONSUMER) timestamp=8280 ms, used_size=10567680 bytes (25.8%)
(RDMA_READ_CONSUME_CHECK_CONSUMER) timestamp=8280 ms, used_size=10565632 bytes (25.8%)
(RDMA_READ_CONSUME_CHECK_CONSUMER) timestamp=8280 ms, used_size=10563584 bytes (25.8%)
(RDMA_READ_CONSUME_CHECK_CONSUMER) timestamp=8280 ms, used_size=10561536 bytes (25.8%)
(RDMA_READ_CONSUME_CHECK_CONSUMER) timestamp=8280 ms, used_size=10559488 bytes (25.8%)
(RDMA_READ_CONSUME_CHECK_CONSUMER) timestamp=8280 ms, used_size=10557440 bytes (25.8%)
(RDMA_READ_CONSUME_CHECK_CONSUMER) timestamp=8280 ms, used_size=10555392 bytes (25.8%)
(RDMA_READ_CONSUME_CHECK_CONSUMER) timestamp=8280 ms, used_size=10553344 bytes (25.8%)
(RDMA_READ_CONSUME_CHECK_CONSUMER) timestamp=8280 ms, used_size=10551296 bytes (25.8%)
(RDMA_READ_CONSUME_CHECK_CONSUMER) timestamp=8280 ms, used_size=10549248 bytes (25.8%)
(RDMA_READ_CONSUME_CHECK_CONSUMER) timestamp=8280 ms, used_size=10547200 bytes (25.8%)
(RDMA_READ_CONSUME_CHECK_CONSUMER) timestamp=8280 ms, used_size=10545152 bytes (25.7%)
(RDMA_READ_CONSUME_CHECK_CONSUMER) timestamp=8280 ms, used_size=10543104 bytes (25.7%)
(RDMA_READ_CONSUME_CHECK_CONSUMER) timestamp=8280 ms, used_size=10541056 bytes (25.7%)
(RDMA_READ_CONSUME_CHECK_CONSUMER) timestamp=8280 ms, used_size=10539008 bytes (25.7%)
(RDMA_READ_CONSUME_CHECK_CONSUMER) timestamp=8280 ms, used_size=10536960 bytes (25.7%)
(RDMA_READ_CONSUME_CHECK_CONSUMER) timestamp=8280 ms, used_size=10534912 bytes (25.7%)
(RDMA_READ_CONSUME_CHECK_CONSUMER) timestamp=8280 ms, used_size=10532864 bytes (25.7%)
(RDMA_READ_CONSUME_CHECK_CONSUMER) timestamp=8280 ms, used_size=10530816 bytes (25.7%)
(RDMA_READ_CONSUME_CHECK_CONSUMER) timestamp=8280 ms, used_size=10528768 bytes (25.7%)
(RDMA_READ_CONSUME_CHECK_CONSUMER) timestamp=8280 ms, used_size=10526720 bytes (25.7%)
(RDMA_READ_CONSUME_CHECK_CONSUMER) timestamp=8280 ms, used_size=10524672 bytes (25.7%)
(RDMA_READ_CONSUME_CHECK_CONSUMER) timestamp=8280 ms, used_size=10522624 bytes (25.7%)
(RDMA_READ_CONSUME_CHECK_CONSUMER) timestamp=8280 ms, used_size=10520576 bytes (25.7%)
(RDMA_READ_CONSUME_CHECK_CONSUMER) timestamp=8280 ms, used_size=10518528 bytes (25.7%)
(RDMA_READ_CONSUME_CHECK_CONSUMER) timestamp=8280 ms, used_size=10516480 bytes (25.7%)
(RDMA_READ_CONSUME_CHECK_CONSUMER) timestamp=8280 ms, used_size=10514432 bytes (25.7%)
(RDMA_READ_CONSUME_CHECK_CONSUMER) timestamp=8280 ms, used_size=10512384 bytes (25.7%)
(RDMA_READ_CONSUME_CHECK_CONSUMER) timestamp=8280 ms, used_size=10510336 bytes (25.7%)
(RDMA_READ_CONSUME_CHECK_CONSUMER) timestamp=8280 ms, used_size=10508288 bytes (25.7%)
(RDMA_READ_CONSUME_CHECK_CONSUMER) timestamp=8280 ms, used_size=10506240 bytes (25.6%)
(RDMA_READ_CONSUME_CHECK_CONSUMER) timestamp=8280 ms, used_size=10504192 bytes (25.6%)
(RDMA_READ_CONSUME_CHECK_CONSUMER) timestamp=8280 ms, used_size=10502144 bytes (25.6%)
(RDMA_READ_CONSUME_CHECK_CONSUMER) timestamp=8280 ms, used_size=10500096 bytes (25.6%)
(RDMA_READ_CONSUME_CHECK_CONSUMER) timestamp=8280 ms, used_size=10498048 bytes (25.6%)
(RDMA_READ_CONSUME_CHECK_CONSUMER) timestamp=8280 ms, used_size=10496000 bytes (25.6%)
(RDMA_READ_CONSUME_CHECK_CONSUMER) timestamp=8280 ms, used_size=10493952 bytes (25.6%)
(RDMA_READ_CONSUME_CHECK_CONSUMER) timestamp=8280 ms, used_size=10491904 bytes (25.6%)
(RDMA_READ_CONSUME_CHECK_CONSUMER) timestamp=8280 ms, used_size=10489856 bytes (25.6%)
(RDMA_READ_CONSUME_CHECK_CONSUMER) timestamp=8280 ms, used_size=10487808 bytes (25.6%)
(RDMA_READ_CONSUME_CHECK_CONSUMER) timestamp=8280 ms, used_size=10485760 bytes (25.6%)
(RDMA_READ_CONSUME_CHECK_CONSUMER) timestamp=8280 ms, used_size=10483712 bytes (25.6%)
(RDMA_READ_CONSUME_CHECK_CONSUMER) timestamp=8280 ms, used_size=10481664 bytes (25.6%)
(RDMA_READ_CONSUME_CHECK_CONSUMER) timestamp=8280 ms, used_size=10479616 bytes (25.6%)
(RDMA_READ_CONSUME_CHECK_CONSUMER) timestamp=8280 ms, used_size=10477568 bytes (25.6%)
(RDMA_READ_CONSUME_CHECK_CONSUMER) timestamp=8280 ms, used_size=10475520 bytes (25.6%)
(RDMA_READ_CONSUME_CHECK_CONSUMER) timestamp=8280 ms, used_size=10473472 bytes (25.6%)
(RDMA_READ_CONSUME_CHECK_CONSUMER) timestamp=8280 ms, used_size=10471424 bytes (25.6%)
(RDMA_READ_CONSUME_CHECK_CONSUMER) timestamp=8280 ms, used_size=10469376 bytes (25.6%)
(RDMA_READ_CONSUME_CHECK_CONSUMER) timestamp=8280 ms, used_size=10467328 bytes (25.6%)
(RDMA_READ_CONSUME_CHECK_CONSUMER) timestamp=8280 ms, used_size=10465280 bytes (25.6%)
(RDMA_READ_CONSUME_CHECK_CONSUMER) timestamp=8280 ms, used_size=10463232 bytes (25.5%)
(RDMA_READ_CONSUME_CHECK_CONSUMER) timestamp=8280 ms, used_size=10461184 bytes (25.5%)
(RDMA_READ_CONSUME_CHECK_CONSUMER) timestamp=8280 ms, used_size=10459136 bytes (25.5%)
(RDMA_READ_CONSUME_CHECK_CONSUMER) timestamp=8280 ms, used_size=10457088 bytes (25.5%)
(RDMA_READ_CONSUME_CHECK_CONSUMER) timestamp=8280 ms, used_size=10455040 bytes (25.5%)
(RDMA_READ_CONSUME_CHECK_CONSUMER) timestamp=8280 ms, used_size=10452992 bytes (25.5%)
(RDMA_READ_CONSUME_CHECK_CONSUMER) timestamp=8280 ms, used_size=10450944 bytes (25.5%)
(RDMA_READ_CONSUME_CHECK_CONSUMER) timestamp=8280 ms, used_size=10448896 bytes (25.5%)
(RDMA_READ_CONSUME_CHECK_CONSUMER) timestamp=8280 ms, used_size=10446848 bytes (25.5%)
(RDMA_READ_CONSUME_CHECK_CONSUMER) timestamp=8280 ms, used_size=10444800 bytes (25.5%)
(RDMA_READ_CONSUME_CHECK_CONSUMER) timestamp=8280 ms, used_size=10442752 bytes (25.5%)
(RDMA_READ_CONSUME_CHECK_CONSUMER) timestamp=8280 ms, used_size=10440704 bytes (25.5%)
(RDMA_READ_CONSUME_CHECK_CONSUMER) timestamp=8280 ms, used_size=10438656 bytes (25.5%)
(RDMA_READ_CONSUME_CHECK_CONSUMER) timestamp=8280 ms, used_size=10436608 bytes (25.5%)
(RDMA_READ_CONSUME_CHECK_CONSUMER) timestamp=8281 ms, used_size=10434560 bytes (25.5%)
(RDMA_READ_CONSUME_CHECK_CONSUMER) timestamp=8281 ms, used_size=10432512 bytes (25.5%)
(RDMA_READ_CONSUME_CHECK_CONSUMER) timestamp=8281 ms, used_size=10430464 bytes (25.5%)
(RDMA_READ_CONSUME_CHECK_CONSUMER) timestamp=8281 ms, used_size=10428416 bytes (25.5%)
(RDMA_READ_CONSUME_CHECK_CONSUMER) timestamp=8281 ms, used_size=10426368 bytes (25.5%)
(RDMA_READ_CONSUME_CHECK_CONSUMER) timestamp=8281 ms, used_size=10424320 bytes (25.4%)
(RDMA_READ_CONSUME_CHECK_CONSUMER) timestamp=8281 ms, used_size=10422272 bytes (25.4%)
(RDMA_READ_CONSUME_CHECK_CONSUMER) timestamp=8281 ms, used_size=10420224 bytes (25.4%)
(RDMA_READ_CONSUME_CHECK_CONSUMER) timestamp=8281 ms, used_size=10418176 bytes (25.4%)
(RDMA_READ_CONSUME_CHECK_CONSUMER) timestamp=8281 ms, used_size=10416128 bytes (25.4%)
(RDMA_READ_CONSUME_CHECK_CONSUMER) timestamp=8281 ms, used_size=10414080 bytes (25.4%)
(RDMA_READ_CONSUME_CHECK_CONSUMER) timestamp=8281 ms, used_size=10412032 bytes (25.4%)
(RDMA_READ_CONSUME_CHECK_CONSUMER) timestamp=8281 ms, used_size=10409984 bytes (25.4%)
(RDMA_READ_CONSUME_CHECK_CONSUMER) timestamp=8281 ms, used_size=10407936 bytes (25.4%)
(RDMA_READ_CONSUME_CHECK_CONSUMER) timestamp=8281 ms, used_size=10405888 bytes (25.4%)
(RDMA_READ_CONSUME_CHECK_CONSUMER) timestamp=8281 ms, used_size=10403840 bytes (25.4%)
(RDMA_READ_CONSUME_CHECK_CONSUMER) timestamp=8281 ms, used_size=10401792 bytes (25.4%)
(RDMA_READ_CONSUME_CHECK_CONSUMER) timestamp=8281 ms, used_size=10399744 bytes (25.4%)
(RDMA_READ_CONSUME_CHECK_CONSUMER) timestamp=8281 ms, used_size=10397696 bytes (25.4%)
(RDMA_READ_CONSUME_CHECK_CONSUMER) timestamp=8281 ms, used_size=10395648 bytes (25.4%)
(RDMA_READ_CONSUME_CHECK_CONSUMER) timestamp=8281 ms, used_size=10393600 bytes (25.4%)
(RDMA_READ_CONSUME_CHECK_CONSUMER) timestamp=8281 ms, used_size=10391552 bytes (25.4%)
(RDMA_READ_CONSUME_CHECK_CONSUMER) timestamp=8281 ms, used_size=10389504 bytes (25.4%)
(RDMA_READ_CONSUME_CHECK_CONSUMER) timestamp=8281 ms, used_size=10387456 bytes (25.4%)
(RDMA_READ_CONSUME_CHECK_CONSUMER) timestamp=8281 ms, used_size=10385408 bytes (25.4%)
(RDMA_READ_CONSUME_CHECK_CONSUMER) timestamp=8281 ms, used_size=10383360 bytes (25.4%)
(RDMA_READ_CONSUME_CHECK_CONSUMER) timestamp=8281 ms, used_size=10381312 bytes (25.3%)
(RDMA_READ_CONSUME_CHECK_CONSUMER) timestamp=8281 ms, used_size=10379264 bytes (25.3%)
(RDMA_READ_CONSUME_CHECK_CONSUMER) timestamp=8281 ms, used_size=10377216 bytes (25.3%)
(RDMA_READ_CONSUME_CHECK_CONSUMER) timestamp=8281 ms, used_size=10375168 bytes (25.3%)
(RDMA_READ_CONSUME_CHECK_CONSUMER) timestamp=8281 ms, used_size=10373120 bytes (25.3%)
(RDMA_READ_CONSUME_CHECK_CONSUMER) timestamp=8281 ms, used_size=10371072 bytes (25.3%)
(RDMA_READ_CONSUME_CHECK_CONSUMER) timestamp=8281 ms, used_size=10369024 bytes (25.3%)
(RDMA_READ_CONSUME_CHECK_CONSUMER) timestamp=8281 ms, used_size=10366976 bytes (25.3%)
(RDMA_READ_CONSUME_CHECK_CONSUMER) timestamp=8281 ms, used_size=10364928 bytes (25.3%)
(RDMA_READ_CONSUME_CHECK_CONSUMER) timestamp=8281 ms, used_size=10362880 bytes (25.3%)
(RDMA_READ_CONSUME_CHECK_CONSUMER) timestamp=8281 ms, used_size=10360832 bytes (25.3%)
(RDMA_READ_CONSUME_CHECK_CONSUMER) timestamp=8281 ms, used_size=10358784 bytes (25.3%)
(RDMA_READ_CONSUME_CHECK_CONSUMER) timestamp=8281 ms, used_size=10356736 bytes (25.3%)
(RDMA_READ_CONSUME_CHECK_CONSUMER) timestamp=8281 ms, used_size=10354688 bytes (25.3%)
(RDMA_READ_CONSUME_CHECK_CONSUMER) timestamp=8281 ms, used_size=10352640 bytes (25.3%)
(RDMA_READ_CONSUME_CHECK_CONSUMER) timestamp=8281 ms, used_size=10350592 bytes (25.3%)
(RDMA_READ_CONSUME_CHECK_CONSUMER) timestamp=8281 ms, used_size=10348544 bytes (25.3%)
(RDMA_READ_CONSUME_CHECK_CONSUMER) timestamp=8281 ms, used_size=10346496 bytes (25.3%)
(RDMA_READ_CONSUME_CHECK_CONSUMER) timestamp=8281 ms, used_size=10344448 bytes (25.3%)
(RDMA_READ_CONSUME_CHECK_CONSUMER) timestamp=8281 ms, used_size=10342400 bytes (25.2%)
(RDMA_READ_CONSUME_CHECK_CONSUMER) timestamp=8281 ms, used_size=10340352 bytes (25.2%)
(RDMA_READ_CONSUME_CHECK_CONSUMER) timestamp=8281 ms, used_size=10338304 bytes (25.2%)
(RDMA_READ_CONSUME_CHECK_CONSUMER) timestamp=8281 ms, used_size=10336256 bytes (25.2%)
(RDMA_READ_CONSUME_CHECK_CONSUMER) timestamp=8281 ms, used_size=10334208 bytes (25.2%)
(RDMA_READ_CONSUME_CHECK_CONSUMER) timestamp=8281 ms, used_size=10332160 bytes (25.2%)
(RDMA_READ_CONSUME_CHECK_CONSUMER) timestamp=8281 ms, used_size=10330112 bytes (25.2%)
(RDMA_READ_CONSUME_CHECK_CONSUMER) timestamp=8281 ms, used_size=10328064 bytes (25.2%)
(RDMA_READ_CONSUME_CHECK_CONSUMER) timestamp=8281 ms, used_size=10326016 bytes (25.2%)
(RDMA_READ_CONSUME_CHECK_CONSUMER) timestamp=8281 ms, used_size=10323968 bytes (25.2%)
(RDMA_READ_CONSUME_CHECK_CONSUMER) timestamp=8281 ms, used_size=10321920 bytes (25.2%)
(RDMA_READ_CONSUME_CHECK_CONSUMER) timestamp=8281 ms, used_size=10319872 bytes (25.2%)
(RDMA_READ_CONSUME_CHECK_CONSUMER) timestamp=8281 ms, used_size=10317824 bytes (25.2%)
(RDMA_READ_CONSUME_CHECK_CONSUMER) timestamp=8281 ms, used_size=10315776 bytes (25.2%)
(RDMA_READ_CONSUME_CHECK_CONSUMER) timestamp=8281 ms, used_size=10313728 bytes (25.2%)
(RDMA_READ_CONSUME_CHECK_CONSUMER) timestamp=8281 ms, used_size=10311680 bytes (25.2%)
(RDMA_READ_CONSUME_CHECK_CONSUMER) timestamp=8281 ms, used_size=10309632 bytes (25.2%)
(RDMA_READ_CONSUME_CHECK_CONSUMER) timestamp=8281 ms, used_size=10307584 bytes (25.2%)
(RDMA_READ_CONSUME_CHECK_CONSUMER) timestamp=8281 ms, used_size=10305536 bytes (25.2%)
(RDMA_READ_CONSUME_CHECK_CONSUMER) timestamp=8281 ms, used_size=10303488 bytes (25.2%)
(RDMA_READ_CONSUME_CHECK_CONSUMER) timestamp=8281 ms, used_size=10301440 bytes (25.1%)
(RDMA_READ_CONSUME_CHECK_CONSUMER) timestamp=8281 ms, used_size=10299392 bytes (25.1%)
(RDMA_READ_CONSUME_CHECK_CONSUMER) timestamp=8281 ms, used_size=10297344 bytes (25.1%)
(RDMA_READ_CONSUME_CHECK_CONSUMER) timestamp=8281 ms, used_size=10295296 bytes (25.1%)
(RDMA_READ_CONSUME_CHECK_CONSUMER) timestamp=8281 ms, used_size=10293248 bytes (25.1%)
(RDMA_READ_CONSUME_CHECK_CONSUMER) timestamp=8281 ms, used_size=10291200 bytes (25.1%)
(RDMA_READ_CONSUME_CHECK_CONSUMER) timestamp=8281 ms, used_size=10289152 bytes (25.1%)
(RDMA_READ_CONSUME_CHECK_CONSUMER) timestamp=8281 ms, used_size=10287104 bytes (25.1%)
(RDMA_READ_CONSUME_CHECK_CONSUMER) timestamp=8281 ms, used_size=10285056 bytes (25.1%)
(RDMA_READ_CONSUME_CHECK_CONSUMER) timestamp=8281 ms, used_size=10283008 bytes (25.1%)
(RDMA_READ_CONSUME_CHECK_CONSUMER) timestamp=8281 ms, used_size=10280960 bytes (25.1%)
(RDMA_READ_CONSUME_CHECK_CONSUMER) timestamp=8281 ms, used_size=10278912 bytes (25.1%)
(RDMA_READ_CONSUME_CHECK_CONSUMER) timestamp=8281 ms, used_size=10276864 bytes (25.1%)
(RDMA_READ_CONSUME_CHECK_CONSUMER) timestamp=8281 ms, used_size=10274816 bytes (25.1%)
(RDMA_READ_CONSUME_CHECK_CONSUMER) timestamp=8281 ms, used_size=10272768 bytes (25.1%)
(RDMA_READ_CONSUME_CHECK_CONSUMER) timestamp=8281 ms, used_size=10270720 bytes (25.1%)
(RDMA_READ_CONSUME_CHECK_CONSUMER) timestamp=8281 ms, used_size=10268672 bytes (25.1%)
(RDMA_READ_CONSUME_CHECK_CONSUMER) timestamp=8281 ms, used_size=10266624 bytes (25.1%)
(RDMA_READ_CONSUME_CHECK_CONSUMER) timestamp=8281 ms, used_size=10264576 bytes (25.1%)
(RDMA_READ_CONSUME_CHECK_CONSUMER) timestamp=8281 ms, used_size=10262528 bytes (25.1%)
(RDMA_READ_CONSUME_CHECK_CONSUMER) timestamp=8281 ms, used_size=10260480 bytes (25.1%)
(RDMA_READ_CONSUME_CHECK_CONSUMER) timestamp=8281 ms, used_size=10258432 bytes (25.0%)
(RDMA_READ_CONSUME_CHECK_CONSUMER) timestamp=8281 ms, used_size=10256384 bytes (25.0%)
(RDMA_READ_CONSUME_CHECK_CONSUMER) timestamp=8281 ms, used_size=10254336 bytes (25.0%)
(RDMA_READ_CONSUME_CHECK_CONSUMER) timestamp=8281 ms, used_size=10252288 bytes (25.0%)
(RDMA_READ_CONSUME_CHECK_CONSUMER) timestamp=8281 ms, used_size=10250240 bytes (25.0%)
(RDMA_READ_CONSUME_CHECK_CONSUMER) timestamp=8281 ms, used_size=10248192 bytes (25.0%)
(RDMA_READ_CONSUME_CHECK_CONSUMER) timestamp=8281 ms, used_size=10246144 bytes (25.0%)
(RDMA_READ_CONSUME_CHECK_CONSUMER) timestamp=8281 ms, used_size=10244096 bytes (25.0%)
(RDMA_READ_CONSUME_CHECK_CONSUMER) timestamp=8281 ms, used_size=10242048 bytes (25.0%)
(RDMA_READ_CONSUME_CHECK_CONSUMER) timestamp=8281 ms, used_size=10240000 bytes (25.0%)
(RDMA_READ_CONSUME_CHECK_CONSUMER) timestamp=8281 ms, used_size=10237952 bytes (25.0%)
(RDMA_READ_CONSUME_CHECK_CONSUMER) timestamp=8281 ms, used_size=10235904 bytes (25.0%)
(RDMA_READ_CONSUME_CHECK_CONSUMER) timestamp=8281 ms, used_size=10233856 bytes (25.0%)
(RDMA_READ_CONSUME_CHECK_CONSUMER) timestamp=8281 ms, used_size=10231808 bytes (25.0%)
(RDMA_READ_CONSUME_CHECK_CONSUMER) timestamp=8281 ms, used_size=10229760 bytes (25.0%)
(RDMA_READ_CONSUME_CHECK_CONSUMER) timestamp=8281 ms, used_size=10227712 bytes (25.0%)
(RDMA_READ_CONSUME_CHECK_CONSUMER) timestamp=8281 ms, used_size=10225664 bytes (25.0%)
(RDMA_READ_CONSUME_CHECK_CONSUMER) timestamp=8281 ms, used_size=10223616 bytes (25.0%)
(RDMA_READ_CONSUME_CHECK_CONSUMER) timestamp=8281 ms, used_size=10221568 bytes (25.0%)
(RDMA_READ_CONSUME_CHECK_CONSUMER) timestamp=8281 ms, used_size=10219520 bytes (24.9%)
(RDMA_READ_CONSUME_CHECK_CONSUMER) timestamp=8281 ms, used_size=10217472 bytes (24.9%)
(RDMA_READ_CONSUME_CHECK_CONSUMER) timestamp=8281 ms, used_size=10215424 bytes (24.9%)
(RDMA_READ_CONSUME_CHECK_CONSUMER) timestamp=8281 ms, used_size=10213376 bytes (24.9%)
(RDMA_READ_CONSUME_CHECK_CONSUMER) timestamp=8281 ms, used_size=10211328 bytes (24.9%)
(RDMA_READ_CONSUME_CHECK_CONSUMER) timestamp=8281 ms, used_size=10209280 bytes (24.9%)
(RDMA_READ_CONSUME_CHECK_CONSUMER) timestamp=8281 ms, used_size=10207232 bytes (24.9%)
(RDMA_READ_CONSUME_CHECK_CONSUMER) timestamp=8281 ms, used_size=10205184 bytes (24.9%)
(RDMA_READ_CONSUME_CHECK_CONSUMER) timestamp=8281 ms, used_size=10203136 bytes (24.9%)
(RDMA_READ_CONSUME_CHECK_CONSUMER) timestamp=8281 ms, used_size=10201088 bytes (24.9%)
(RDMA_READ_CONSUME_CHECK_CONSUMER) timestamp=8281 ms, used_size=10199040 bytes (24.9%)
(RDMA_READ_CONSUME_CHECK_CONSUMER) timestamp=8281 ms, used_size=10196992 bytes (24.9%)
(RDMA_READ_CONSUME_CHECK_CONSUMER) timestamp=8281 ms, used_size=10194944 bytes (24.9%)
(RDMA_READ_CONSUME_CHECK_CONSUMER) timestamp=8281 ms, used_size=10192896 bytes (24.9%)
(RDMA_READ_CONSUME_CHECK_CONSUMER) timestamp=8281 ms, used_size=10190848 bytes (24.9%)
(RDMA_READ_CONSUME_CHECK_CONSUMER) timestamp=8281 ms, used_size=10188800 bytes (24.9%)
(RDMA_READ_CONSUME_CHECK_CONSUMER) timestamp=8281 ms, used_size=10186752 bytes (24.9%)
(RDMA_READ_CONSUME_CHECK_CONSUMER) timestamp=8281 ms, used_size=10184704 bytes (24.9%)
(RDMA_READ_CONSUME_CHECK_CONSUMER) timestamp=8281 ms, used_size=10182656 bytes (24.9%)
(RDMA_READ_CONSUME_CHECK_CONSUMER) timestamp=8281 ms, used_size=10180608 bytes (24.9%)
(RDMA_READ_CONSUME_CHECK_CONSUMER) timestamp=8281 ms, used_size=10178560 bytes (24.9%)
(RDMA_READ_CONSUME_CHECK_CONSUMER) timestamp=8281 ms, used_size=10176512 bytes (24.8%)
(RDMA_READ_CONSUME_CHECK_CONSUMER) timestamp=8281 ms, used_size=10174464 bytes (24.8%)
(RDMA_READ_CONSUME_CHECK_CONSUMER) timestamp=8281 ms, used_size=10172416 bytes (24.8%)
(RDMA_READ_CONSUME_CHECK_CONSUMER) timestamp=8281 ms, used_size=10170368 bytes (24.8%)
(RDMA_READ_CONSUME_CHECK_CONSUMER) timestamp=8281 ms, used_size=10168320 bytes (24.8%)
(RDMA_READ_CONSUME_CHECK_CONSUMER) timestamp=8281 ms, used_size=10166272 bytes (24.8%)
(RDMA_READ_CONSUME_CHECK_CONSUMER) timestamp=8281 ms, used_size=10164224 bytes (24.8%)
(RDMA_READ_CONSUME_CHECK_CONSUMER) timestamp=8281 ms, used_size=10162176 bytes (24.8%)
(RDMA_READ_CONSUME_CHECK_CONSUMER) timestamp=8281 ms, used_size=10160128 bytes (24.8%)
(RDMA_READ_CONSUME_CHECK_CONSUMER) timestamp=8281 ms, used_size=10158080 bytes (24.8%)
(RDMA_READ_CONSUME_CHECK_CONSUMER) timestamp=8281 ms, used_size=10156032 bytes (24.8%)
(RDMA_READ_CONSUME_CHECK_CONSUMER) timestamp=8281 ms, used_size=10153984 bytes (24.8%)
(RDMA_READ_CONSUME_CHECK_CONSUMER) timestamp=8281 ms, used_size=10151936 bytes (24.8%)
(RDMA_READ_CONSUME_CHECK_CONSUMER) timestamp=8281 ms, used_size=10149888 bytes (24.8%)
(RDMA_READ_CONSUME_CHECK_CONSUMER) timestamp=8281 ms, used_size=10147840 bytes (24.8%)
(RDMA_READ_CONSUME_CHECK_CONSUMER) timestamp=8281 ms, used_size=10145792 bytes (24.8%)
(RDMA_READ_CONSUME_CHECK_CONSUMER) timestamp=8281 ms, used_size=10143744 bytes (24.8%)
(RDMA_READ_CONSUME_CHECK_CONSUMER) timestamp=8281 ms, used_size=10141696 bytes (24.8%)
(RDMA_READ_CONSUME_CHECK_CONSUMER) timestamp=8281 ms, used_size=10139648 bytes (24.8%)
(RDMA_READ_CONSUME_CHECK_CONSUMER) timestamp=8281 ms, used_size=10137600 bytes (24.8%)
(RDMA_READ_CONSUME_CHECK_CONSUMER) timestamp=8281 ms, used_size=10135552 bytes (24.7%)
(RDMA_READ_CONSUME_CHECK_CONSUMER) timestamp=8281 ms, used_size=10133504 bytes (24.7%)
(RDMA_READ_CONSUME_CHECK_CONSUMER) timestamp=8281 ms, used_size=10131456 bytes (24.7%)
(RDMA_READ_CONSUME_CHECK_CONSUMER) timestamp=8281 ms, used_size=10129408 bytes (24.7%)
(RDMA_READ_CONSUME_CHECK_CONSUMER) timestamp=8281 ms, used_size=10127360 bytes (24.7%)
(RDMA_READ_CONSUME_CHECK_CONSUMER) timestamp=8281 ms, used_size=10125312 bytes (24.7%)
(RDMA_READ_CONSUME_CHECK_CONSUMER) timestamp=8281 ms, used_size=10123264 bytes (24.7%)
(RDMA_READ_CONSUME_CHECK_CONSUMER) timestamp=8281 ms, used_size=10121216 bytes (24.7%)
(RDMA_READ_CONSUME_CHECK_CONSUMER) timestamp=8281 ms, used_size=10119168 bytes (24.7%)
(RDMA_READ_CONSUME_CHECK_CONSUMER) timestamp=8281 ms, used_size=10117120 bytes (24.7%)
(RDMA_READ_CONSUME_CHECK_CONSUMER) timestamp=8281 ms, used_size=10115072 bytes (24.7%)
(RDMA_READ_CONSUME_CHECK_CONSUMER) timestamp=8281 ms, used_size=10113024 bytes (24.7%)
(RDMA_READ_CONSUME_CHECK_CONSUMER) timestamp=8281 ms, used_size=10110976 bytes (24.7%)
(RDMA_READ_CONSUME_CHECK_CONSUMER) timestamp=8281 ms, used_size=10108928 bytes (24.7%)
(RDMA_READ_CONSUME_CHECK_CONSUMER) timestamp=8281 ms, used_size=10106880 bytes (24.7%)
(RDMA_READ_CONSUME_CHECK_CONSUMER) timestamp=8281 ms, used_size=10104832 bytes (24.7%)
(RDMA_READ_CONSUME_CHECK_CONSUMER) timestamp=8281 ms, used_size=10102784 bytes (24.7%)
(RDMA_READ_CONSUME_CHECK_CONSUMER) timestamp=8281 ms, used_size=10100736 bytes (24.7%)
(RDMA_READ_CONSUME_CHECK_CONSUMER) timestamp=8281 ms, used_size=10098688 bytes (24.7%)
(RDMA_READ_CONSUME_CHECK_CONSUMER) timestamp=8281 ms, used_size=10096640 bytes (24.6%)
(RDMA_READ_CONSUME_CHECK_CONSUMER) timestamp=8281 ms, used_size=10094592 bytes (24.6%)
(RDMA_READ_CONSUME_CHECK_CONSUMER) timestamp=8281 ms, used_size=10092544 bytes (24.6%)
(RDMA_READ_CONSUME_CHECK_CONSUMER) timestamp=8281 ms, used_size=10090496 bytes (24.6%)
(RDMA_READ_CONSUME_CHECK_CONSUMER) timestamp=8281 ms, used_size=10088448 bytes (24.6%)
(RDMA_READ_CONSUME_CHECK_CONSUMER) timestamp=8281 ms, used_size=10086400 bytes (24.6%)
(RDMA_READ_CONSUME_CHECK_CONSUMER) timestamp=8281 ms, used_size=10084352 bytes (24.6%)
(RDMA_READ_CONSUME_CHECK_CONSUMER) timestamp=8281 ms, used_size=10082304 bytes (24.6%)
(RDMA_READ_CONSUME_CHECK_CONSUMER) timestamp=8281 ms, used_size=10080256 bytes (24.6%)
(RDMA_READ_CONSUME_CHECK_CONSUMER) timestamp=8281 ms, used_size=10078208 bytes (24.6%)
(RDMA_READ_CONSUME_CHECK_CONSUMER) timestamp=8281 ms, used_size=10076160 bytes (24.6%)
(RDMA_READ_CONSUME_CHECK_CONSUMER) timestamp=8281 ms, used_size=10074112 bytes (24.6%)
(RDMA_READ_CONSUME_CHECK_CONSUMER) timestamp=8281 ms, used_size=10072064 bytes (24.6%)
(RDMA_READ_CONSUME_CHECK_CONSUMER) timestamp=8281 ms, used_size=10070016 bytes (24.6%)
(RDMA_READ_CONSUME_CHECK_CONSUMER) timestamp=8281 ms, used_size=10067968 bytes (24.6%)
(RDMA_READ_CONSUME_CHECK_CONSUMER) timestamp=8281 ms, used_size=10065920 bytes (24.6%)
(RDMA_READ_CONSUME_CHECK_CONSUMER) timestamp=8282 ms, used_size=10063872 bytes (24.6%)
(RDMA_READ_CONSUME_CHECK_CONSUMER) timestamp=8282 ms, used_size=10061824 bytes (24.6%)
(RDMA_READ_CONSUME_CHECK_CONSUMER) timestamp=8282 ms, used_size=10059776 bytes (24.6%)
(RDMA_READ_CONSUME_CHECK_CONSUMER) timestamp=8282 ms, used_size=10057728 bytes (24.6%)
(RDMA_READ_CONSUME_CHECK_CONSUMER) timestamp=8282 ms, used_size=10055680 bytes (24.6%)
(RDMA_READ_CONSUME_CHECK_CONSUMER) timestamp=8282 ms, used_size=10053632 bytes (24.5%)
(RDMA_READ_CONSUME_CHECK_CONSUMER) timestamp=8282 ms, used_size=10051584 bytes (24.5%)
(RDMA_READ_CONSUME_CHECK_CONSUMER) timestamp=8282 ms, used_size=10049536 bytes (24.5%)
(RDMA_READ_CONSUME_CHECK_CONSUMER) timestamp=8282 ms, used_size=10047488 bytes (24.5%)
(RDMA_READ_CONSUME_CHECK_CONSUMER) timestamp=8282 ms, used_size=10045440 bytes (24.5%)
(RDMA_READ_CONSUME_CHECK_CONSUMER) timestamp=8282 ms, used_size=10043392 bytes (24.5%)
(RDMA_READ_CONSUME_CHECK_CONSUMER) timestamp=8282 ms, used_size=10041344 bytes (24.5%)
(RDMA_READ_CONSUME_CHECK_CONSUMER) timestamp=8282 ms, used_size=10039296 bytes (24.5%)
(RDMA_READ_CONSUME_CHECK_CONSUMER) timestamp=8282 ms, used_size=10037248 bytes (24.5%)
(RDMA_READ_CONSUME_CHECK_CONSUMER) timestamp=8282 ms, used_size=10035200 bytes (24.5%)
(RDMA_READ_CONSUME_CHECK_CONSUMER) timestamp=8282 ms, used_size=10033152 bytes (24.5%)
(RDMA_READ_CONSUME_CHECK_CONSUMER) timestamp=8282 ms, used_size=10031104 bytes (24.5%)
(RDMA_READ_CONSUME_CHECK_CONSUMER) timestamp=8282 ms, used_size=10029056 bytes (24.5%)
(RDMA_READ_CONSUME_CHECK_CONSUMER) timestamp=8282 ms, used_size=10027008 bytes (24.5%)
(RDMA_READ_CONSUME_CHECK_CONSUMER) timestamp=8282 ms, used_size=10024960 bytes (24.5%)
(RDMA_READ_CONSUME_CHECK_CONSUMER) timestamp=8282 ms, used_size=10022912 bytes (24.5%)
(RDMA_READ_CONSUME_CHECK_CONSUMER) timestamp=8282 ms, used_size=10020864 bytes (24.5%)
(RDMA_READ_CONSUME_CHECK_CONSUMER) timestamp=8282 ms, used_size=10018816 bytes (24.5%)
(RDMA_READ_CONSUME_CHECK_CONSUMER) timestamp=8282 ms, used_size=10016768 bytes (24.5%)
(RDMA_READ_CONSUME_CHECK_CONSUMER) timestamp=8282 ms, used_size=10014720 bytes (24.4%)
(RDMA_READ_CONSUME_CHECK_CONSUMER) timestamp=8282 ms, used_size=10012672 bytes (24.4%)
(RDMA_READ_CONSUME_CHECK_CONSUMER) timestamp=8282 ms, used_size=10010624 bytes (24.4%)
(RDMA_READ_CONSUME_CHECK_CONSUMER) timestamp=8282 ms, used_size=10008576 bytes (24.4%)
(RDMA_READ_CONSUME_CHECK_CONSUMER) timestamp=8282 ms, used_size=10006528 bytes (24.4%)
(RDMA_READ_CONSUME_CHECK_CONSUMER) timestamp=8282 ms, used_size=10004480 bytes (24.4%)
(RDMA_READ_CONSUME_CHECK_CONSUMER) timestamp=8282 ms, used_size=10002432 bytes (24.4%)
(RDMA_READ_CONSUME_CHECK_CONSUMER) timestamp=8282 ms, used_size=10000384 bytes (24.4%)
(RDMA_READ_CONSUME_CHECK_CONSUMER) timestamp=8282 ms, used_size=9998336 bytes (24.4%)
(RDMA_READ_CONSUME_CHECK_CONSUMER) timestamp=8282 ms, used_size=9996288 bytes (24.4%)
(RDMA_READ_CONSUME_CHECK_CONSUMER) timestamp=8282 ms, used_size=9994240 bytes (24.4%)
(RDMA_READ_CONSUME_CHECK_CONSUMER) timestamp=8282 ms, used_size=9992192 bytes (24.4%)
(RDMA_READ_CONSUME_CHECK_CONSUMER) timestamp=8282 ms, used_size=9990144 bytes (24.4%)
(RDMA_READ_CONSUME_CHECK_CONSUMER) timestamp=8282 ms, used_size=9988096 bytes (24.4%)
(RDMA_READ_CONSUME_CHECK_CONSUMER) timestamp=8282 ms, used_size=9986048 bytes (24.4%)
(RDMA_READ_CONSUME_CHECK_CONSUMER) timestamp=8282 ms, used_size=9984000 bytes (24.4%)
(RDMA_READ_CONSUME_CHECK_CONSUMER) timestamp=8282 ms, used_size=9981952 bytes (24.4%)
(RDMA_READ_CONSUME_CHECK_CONSUMER) timestamp=8282 ms, used_size=9979904 bytes (24.4%)
(RDMA_READ_CONSUME_CHECK_CONSUMER) timestamp=8282 ms, used_size=9977856 bytes (24.4%)
(RDMA_READ_CONSUME_CHECK_CONSUMER) timestamp=8282 ms, used_size=9975808 bytes (24.4%)
(RDMA_READ_CONSUME_CHECK_CONSUMER) timestamp=8282 ms, used_size=9973760 bytes (24.4%)
(RDMA_READ_CONSUME_CHECK_CONSUMER) timestamp=8282 ms, used_size=9971712 bytes (24.3%)
(RDMA_READ_CONSUME_CHECK_CONSUMER) timestamp=8282 ms, used_size=9969664 bytes (24.3%)
(RDMA_READ_CONSUME_CHECK_CONSUMER) timestamp=8282 ms, used_size=9967616 bytes (24.3%)
(RDMA_READ_CONSUME_CHECK_CONSUMER) timestamp=8282 ms, used_size=9965568 bytes (24.3%)
(RDMA_READ_CONSUME_CHECK_CONSUMER) timestamp=8282 ms, used_size=9963520 bytes (24.3%)
(RDMA_READ_CONSUME_CHECK_CONSUMER) timestamp=8282 ms, used_size=9961472 bytes (24.3%)
(RDMA_READ_CONSUME_CHECK_CONSUMER) timestamp=8282 ms, used_size=9959424 bytes (24.3%)
(RDMA_READ_CONSUME_CHECK_CONSUMER) timestamp=8282 ms, used_size=9957376 bytes (24.3%)
(RDMA_READ_CONSUME_CHECK_CONSUMER) timestamp=8282 ms, used_size=9955328 bytes (24.3%)
(RDMA_READ_CONSUME_CHECK_CONSUMER) timestamp=8282 ms, used_size=9953280 bytes (24.3%)
(RDMA_READ_CONSUME_CHECK_CONSUMER) timestamp=8282 ms, used_size=9951232 bytes (24.3%)
(RDMA_READ_CONSUME_CHECK_CONSUMER) timestamp=8282 ms, used_size=9949184 bytes (24.3%)
(RDMA_READ_CONSUME_CHECK_CONSUMER) timestamp=8282 ms, used_size=9947136 bytes (24.3%)
(RDMA_READ_CONSUME_CHECK_CONSUMER) timestamp=8282 ms, used_size=9945088 bytes (24.3%)
(RDMA_READ_CONSUME_CHECK_CONSUMER) timestamp=8282 ms, used_size=9943040 bytes (24.3%)
(RDMA_READ_CONSUME_CHECK_CONSUMER) timestamp=8282 ms, used_size=9940992 bytes (24.3%)
(RDMA_READ_CONSUME_CHECK_CONSUMER) timestamp=8282 ms, used_size=9938944 bytes (24.3%)
(RDMA_READ_CONSUME_CHECK_CONSUMER) timestamp=8282 ms, used_size=9936896 bytes (24.3%)
(RDMA_READ_CONSUME_CHECK_CONSUMER) timestamp=8282 ms, used_size=9934848 bytes (24.3%)
(RDMA_READ_CONSUME_CHECK_CONSUMER) timestamp=8282 ms, used_size=9932800 bytes (24.2%)
(RDMA_READ_CONSUME_CHECK_CONSUMER) timestamp=8282 ms, used_size=9930752 bytes (24.2%)
(RDMA_READ_CONSUME_CHECK_CONSUMER) timestamp=8282 ms, used_size=9928704 bytes (24.2%)
(RDMA_READ_CONSUME_CHECK_CONSUMER) timestamp=8282 ms, used_size=9926656 bytes (24.2%)
(RDMA_READ_CONSUME_CHECK_CONSUMER) timestamp=8282 ms, used_size=9924608 bytes (24.2%)
(RDMA_READ_CONSUME_CHECK_CONSUMER) timestamp=8282 ms, used_size=9922560 bytes (24.2%)
(RDMA_READ_CONSUME_CHECK_CONSUMER) timestamp=8282 ms, used_size=9920512 bytes (24.2%)
(RDMA_READ_CONSUME_CHECK_CONSUMER) timestamp=8282 ms, used_size=9918464 bytes (24.2%)
(RDMA_READ_CONSUME_CHECK_CONSUMER) timestamp=8282 ms, used_size=9916416 bytes (24.2%)
(RDMA_READ_CONSUME_CHECK_CONSUMER) timestamp=8282 ms, used_size=9914368 bytes (24.2%)
(RDMA_READ_CONSUME_CHECK_CONSUMER) timestamp=8282 ms, used_size=9912320 bytes (24.2%)
(RDMA_READ_CONSUME_CHECK_CONSUMER) timestamp=8282 ms, used_size=9910272 bytes (24.2%)
(RDMA_READ_CONSUME_CHECK_CONSUMER) timestamp=8282 ms, used_size=9908224 bytes (24.2%)
(RDMA_READ_CONSUME_CHECK_CONSUMER) timestamp=8282 ms, used_size=9906176 bytes (24.2%)
(RDMA_READ_CONSUME_CHECK_CONSUMER) timestamp=8282 ms, used_size=9904128 bytes (24.2%)
(RDMA_READ_CONSUME_CHECK_CONSUMER) timestamp=8282 ms, used_size=9902080 bytes (24.2%)
(RDMA_READ_CONSUME_CHECK_CONSUMER) timestamp=8282 ms, used_size=9900032 bytes (24.2%)
(RDMA_READ_CONSUME_CHECK_CONSUMER) timestamp=8282 ms, used_size=9897984 bytes (24.2%)
(RDMA_READ_CONSUME_CHECK_CONSUMER) timestamp=8282 ms, used_size=9895936 bytes (24.2%)
(RDMA_READ_CONSUME_CHECK_CONSUMER) timestamp=8282 ms, used_size=9893888 bytes (24.2%)
(RDMA_READ_CONSUME_CHECK_CONSUMER) timestamp=8282 ms, used_size=9891840 bytes (24.1%)
(RDMA_READ_CONSUME_CHECK_CONSUMER) timestamp=8282 ms, used_size=9889792 bytes (24.1%)
(RDMA_READ_CONSUME_CHECK_CONSUMER) timestamp=8282 ms, used_size=9887744 bytes (24.1%)
(RDMA_READ_CONSUME_CHECK_CONSUMER) timestamp=8282 ms, used_size=9885696 bytes (24.1%)
(RDMA_READ_CONSUME_CHECK_CONSUMER) timestamp=8282 ms, used_size=9883648 bytes (24.1%)
(RDMA_READ_CONSUME_CHECK_CONSUMER) timestamp=8282 ms, used_size=9881600 bytes (24.1%)
(RDMA_READ_CONSUME_CHECK_CONSUMER) timestamp=8282 ms, used_size=9879552 bytes (24.1%)
(RDMA_READ_CONSUME_CHECK_CONSUMER) timestamp=8282 ms, used_size=9877504 bytes (24.1%)
(RDMA_READ_CONSUME_CHECK_CONSUMER) timestamp=8282 ms, used_size=9875456 bytes (24.1%)
(RDMA_READ_CONSUME_CHECK_CONSUMER) timestamp=8282 ms, used_size=9873408 bytes (24.1%)
(RDMA_READ_CONSUME_CHECK_CONSUMER) timestamp=8282 ms, used_size=9871360 bytes (24.1%)
(RDMA_READ_CONSUME_CHECK_CONSUMER) timestamp=8282 ms, used_size=9869312 bytes (24.1%)
(RDMA_READ_CONSUME_CHECK_CONSUMER) timestamp=8282 ms, used_size=9867264 bytes (24.1%)
(RDMA_READ_CONSUME_CHECK_CONSUMER) timestamp=8282 ms, used_size=9865216 bytes (24.1%)
(RDMA_READ_CONSUME_CHECK_CONSUMER) timestamp=8282 ms, used_size=9863168 bytes (24.1%)
(RDMA_READ_CONSUME_CHECK_CONSUMER) timestamp=8282 ms, used_size=9861120 bytes (24.1%)
(RDMA_READ_CONSUME_CHECK_CONSUMER) timestamp=8282 ms, used_size=9859072 bytes (24.1%)
(RDMA_READ_CONSUME_CHECK_CONSUMER) timestamp=8282 ms, used_size=9857024 bytes (24.1%)
(RDMA_READ_CONSUME_CHECK_CONSUMER) timestamp=8282 ms, used_size=9854976 bytes (24.1%)
(RDMA_READ_CONSUME_CHECK_CONSUMER) timestamp=8282 ms, used_size=9852928 bytes (24.1%)
(RDMA_READ_CONSUME_CHECK_CONSUMER) timestamp=8282 ms, used_size=9850880 bytes (24.1%)
(RDMA_READ_CONSUME_CHECK_CONSUMER) timestamp=8282 ms, used_size=9848832 bytes (24.0%)
(RDMA_READ_CONSUME_CHECK_CONSUMER) timestamp=8282 ms, used_size=9846784 bytes (24.0%)
(RDMA_READ_CONSUME_CHECK_CONSUMER) timestamp=8282 ms, used_size=9844736 bytes (24.0%)
(RDMA_READ_CONSUME_CHECK_CONSUMER) timestamp=8282 ms, used_size=9842688 bytes (24.0%)
(RDMA_READ_CONSUME_CHECK_CONSUMER) timestamp=8282 ms, used_size=9840640 bytes (24.0%)
(RDMA_READ_CONSUME_CHECK_CONSUMER) timestamp=8282 ms, used_size=9838592 bytes (24.0%)
(RDMA_READ_CONSUME_CHECK_CONSUMER) timestamp=8282 ms, used_size=9836544 bytes (24.0%)
(RDMA_READ_CONSUME_CHECK_CONSUMER) timestamp=8282 ms, used_size=9834496 bytes (24.0%)
(RDMA_READ_CONSUME_CHECK_CONSUMER) timestamp=8282 ms, used_size=9832448 bytes (24.0%)
(RDMA_READ_CONSUME_CHECK_CONSUMER) timestamp=8282 ms, used_size=9830400 bytes (24.0%)
(RDMA_READ_CONSUME_CHECK_CONSUMER) timestamp=8282 ms, used_size=9828352 bytes (24.0%)
(RDMA_READ_CONSUME_CHECK_CONSUMER) timestamp=8282 ms, used_size=9826304 bytes (24.0%)
(RDMA_READ_CONSUME_CHECK_CONSUMER) timestamp=8282 ms, used_size=9824256 bytes (24.0%)
(RDMA_READ_CONSUME_CHECK_CONSUMER) timestamp=8282 ms, used_size=9822208 bytes (24.0%)
(RDMA_READ_CONSUME_CHECK_CONSUMER) timestamp=8282 ms, used_size=9820160 bytes (24.0%)
(RDMA_READ_CONSUME_CHECK_CONSUMER) timestamp=8282 ms, used_size=9818112 bytes (24.0%)
(RDMA_READ_CONSUME_CHECK_CONSUMER) timestamp=8282 ms, used_size=9816064 bytes (24.0%)
(RDMA_READ_CONSUME_CHECK_CONSUMER) timestamp=8282 ms, used_size=9814016 bytes (24.0%)
(RDMA_READ_CONSUME_CHECK_CONSUMER) timestamp=8282 ms, used_size=9811968 bytes (24.0%)
(RDMA_READ_CONSUME_CHECK_CONSUMER) timestamp=8282 ms, used_size=9809920 bytes (23.9%)
(RDMA_READ_CONSUME_CHECK_CONSUMER) timestamp=8282 ms, used_size=9807872 bytes (23.9%)
(RDMA_READ_CONSUME_CHECK_CONSUMER) timestamp=8282 ms, used_size=9805824 bytes (23.9%)
(RDMA_READ_CONSUME_CHECK_CONSUMER) timestamp=8282 ms, used_size=9803776 bytes (23.9%)
(RDMA_READ_CONSUME_CHECK_CONSUMER) timestamp=8282 ms, used_size=9801728 bytes (23.9%)
(RDMA_READ_CONSUME_CHECK_CONSUMER) timestamp=8282 ms, used_size=9799680 bytes (23.9%)
(RDMA_READ_CONSUME_CHECK_CONSUMER) timestamp=8282 ms, used_size=9797632 bytes (23.9%)
(RDMA_READ_CONSUME_CHECK_CONSUMER) timestamp=8282 ms, used_size=9795584 bytes (23.9%)
(RDMA_READ_CONSUME_CHECK_CONSUMER) timestamp=8282 ms, used_size=9793536 bytes (23.9%)
(RDMA_READ_CONSUME_CHECK_CONSUMER) timestamp=8282 ms, used_size=9791488 bytes (23.9%)
(RDMA_READ_CONSUME_CHECK_CONSUMER) timestamp=8282 ms, used_size=9789440 bytes (23.9%)
(RDMA_READ_CONSUME_CHECK_CONSUMER) timestamp=8282 ms, used_size=9787392 bytes (23.9%)
(RDMA_READ_CONSUME_CHECK_CONSUMER) timestamp=8282 ms, used_size=9785344 bytes (23.9%)
(RDMA_READ_CONSUME_CHECK_CONSUMER) timestamp=8282 ms, used_size=9783296 bytes (23.9%)
(RDMA_READ_CONSUME_CHECK_CONSUMER) timestamp=8282 ms, used_size=9781248 bytes (23.9%)
(RDMA_READ_CONSUME_CHECK_CONSUMER) timestamp=8282 ms, used_size=9779200 bytes (23.9%)
(RDMA_READ_CONSUME_CHECK_CONSUMER) timestamp=8282 ms, used_size=9777152 bytes (23.9%)
(RDMA_READ_CONSUME_CHECK_CONSUMER) timestamp=8282 ms, used_size=9775104 bytes (23.9%)
(RDMA_READ_CONSUME_CHECK_CONSUMER) timestamp=8282 ms, used_size=9773056 bytes (23.9%)
(RDMA_READ_CONSUME_CHECK_CONSUMER) timestamp=8282 ms, used_size=9771008 bytes (23.9%)
(RDMA_READ_CONSUME_CHECK_CONSUMER) timestamp=8282 ms, used_size=9768960 bytes (23.9%)
(RDMA_READ_CONSUME_CHECK_CONSUMER) timestamp=8282 ms, used_size=9766912 bytes (23.8%)
(RDMA_READ_CONSUME_CHECK_CONSUMER) timestamp=8282 ms, used_size=9764864 bytes (23.8%)
(RDMA_READ_CONSUME_CHECK_CONSUMER) timestamp=8282 ms, used_size=9762816 bytes (23.8%)
(RDMA_READ_CONSUME_CHECK_CONSUMER) timestamp=8282 ms, used_size=9760768 bytes (23.8%)
(RDMA_READ_CONSUME_CHECK_CONSUMER) timestamp=8282 ms, used_size=9758720 bytes (23.8%)
(RDMA_READ_CONSUME_CHECK_CONSUMER) timestamp=8282 ms, used_size=9756672 bytes (23.8%)
(RDMA_READ_CONSUME_CHECK_CONSUMER) timestamp=8282 ms, used_size=9754624 bytes (23.8%)
(RDMA_READ_CONSUME_CHECK_CONSUMER) timestamp=8282 ms, used_size=9752576 bytes (23.8%)
(RDMA_READ_CONSUME_CHECK_CONSUMER) timestamp=8282 ms, used_size=9750528 bytes (23.8%)
(RDMA_READ_CONSUME_CHECK_CONSUMER) timestamp=8282 ms, used_size=9748480 bytes (23.8%)
(RDMA_READ_CONSUME_CHECK_CONSUMER) timestamp=8282 ms, used_size=9746432 bytes (23.8%)
(RDMA_READ_CONSUME_CHECK_CONSUMER) timestamp=8282 ms, used_size=9744384 bytes (23.8%)
(RDMA_READ_CONSUME_CHECK_CONSUMER) timestamp=8282 ms, used_size=9742336 bytes (23.8%)
(RDMA_READ_CONSUME_CHECK_CONSUMER) timestamp=8282 ms, used_size=9740288 bytes (23.8%)
(RDMA_READ_CONSUME_CHECK_CONSUMER) timestamp=8282 ms, used_size=9738240 bytes (23.8%)
(RDMA_READ_CONSUME_CHECK_CONSUMER) timestamp=8282 ms, used_size=9736192 bytes (23.8%)
(RDMA_READ_CONSUME_CHECK_CONSUMER) timestamp=8282 ms, used_size=9734144 bytes (23.8%)
(RDMA_READ_CONSUME_CHECK_CONSUMER) timestamp=8282 ms, used_size=9732096 bytes (23.8%)
(RDMA_READ_CONSUME_CHECK_CONSUMER) timestamp=8282 ms, used_size=9730048 bytes (23.8%)
(RDMA_READ_CONSUME_CHECK_CONSUMER) timestamp=8282 ms, used_size=9728000 bytes (23.8%)
(RDMA_READ_CONSUME_CHECK_CONSUMER) timestamp=8282 ms, used_size=9725952 bytes (23.7%)
(RDMA_READ_CONSUME_CHECK_CONSUMER) timestamp=8282 ms, used_size=9723904 bytes (23.7%)
(RDMA_READ_CONSUME_CHECK_CONSUMER) timestamp=8282 ms, used_size=9721856 bytes (23.7%)
(RDMA_READ_CONSUME_CHECK_CONSUMER) timestamp=8282 ms, used_size=9719808 bytes (23.7%)
(RDMA_READ_CONSUME_CHECK_CONSUMER) timestamp=8282 ms, used_size=9717760 bytes (23.7%)
(RDMA_READ_CONSUME_CHECK_CONSUMER) timestamp=8282 ms, used_size=9715712 bytes (23.7%)
(RDMA_READ_CONSUME_CHECK_CONSUMER) timestamp=8282 ms, used_size=9713664 bytes (23.7%)
(RDMA_READ_CONSUME_CHECK_CONSUMER) timestamp=8282 ms, used_size=9711616 bytes (23.7%)
(RDMA_READ_CONSUME_CHECK_CONSUMER) timestamp=8282 ms, used_size=9709568 bytes (23.7%)
(RDMA_READ_CONSUME_CHECK_CONSUMER) timestamp=8282 ms, used_size=9707520 bytes (23.7%)
(RDMA_READ_CONSUME_CHECK_CONSUMER) timestamp=8282 ms, used_size=9705472 bytes (23.7%)
(RDMA_READ_CONSUME_CHECK_CONSUMER) timestamp=8282 ms, used_size=9703424 bytes (23.7%)
(RDMA_READ_CONSUME_CHECK_CONSUMER) timestamp=8282 ms, used_size=9701376 bytes (23.7%)
(RDMA_READ_CONSUME_CHECK_CONSUMER) timestamp=8282 ms, used_size=9699328 bytes (23.7%)
(RDMA_READ_CONSUME_CHECK_CONSUMER) timestamp=8283 ms, used_size=9697280 bytes (23.7%)
(RDMA_READ_CONSUME_CHECK_CONSUMER) timestamp=8283 ms, used_size=9695232 bytes (23.7%)
(RDMA_READ_CONSUME_CHECK_CONSUMER) timestamp=8283 ms, used_size=9693184 bytes (23.7%)
(RDMA_READ_CONSUME_CHECK_CONSUMER) timestamp=8283 ms, used_size=9691136 bytes (23.7%)
(RDMA_READ_CONSUME_CHECK_CONSUMER) timestamp=8283 ms, used_size=9689088 bytes (23.7%)
(RDMA_READ_CONSUME_CHECK_CONSUMER) timestamp=8283 ms, used_size=9687040 bytes (23.6%)
(RDMA_READ_CONSUME_CHECK_CONSUMER) timestamp=8283 ms, used_size=9684992 bytes (23.6%)
(RDMA_READ_CONSUME_CHECK_CONSUMER) timestamp=8283 ms, used_size=9682944 bytes (23.6%)
(RDMA_READ_CONSUME_CHECK_CONSUMER) timestamp=8283 ms, used_size=9680896 bytes (23.6%)
(RDMA_READ_CONSUME_CHECK_CONSUMER) timestamp=8283 ms, used_size=9678848 bytes (23.6%)
(RDMA_READ_CONSUME_CHECK_CONSUMER) timestamp=8283 ms, used_size=9676800 bytes (23.6%)
(RDMA_READ_CONSUME_CHECK_CONSUMER) timestamp=8283 ms, used_size=9674752 bytes (23.6%)
(RDMA_READ_CONSUME_CHECK_CONSUMER) timestamp=8283 ms, used_size=9672704 bytes (23.6%)
(RDMA_READ_CONSUME_CHECK_CONSUMER) timestamp=8283 ms, used_size=9670656 bytes (23.6%)
(RDMA_READ_CONSUME_CHECK_CONSUMER) timestamp=8283 ms, used_size=9668608 bytes (23.6%)
(RDMA_READ_CONSUME_CHECK_CONSUMER) timestamp=8283 ms, used_size=9666560 bytes (23.6%)
(RDMA_READ_CONSUME_CHECK_CONSUMER) timestamp=8283 ms, used_size=9664512 bytes (23.6%)
(RDMA_READ_CONSUME_CHECK_CONSUMER) timestamp=8283 ms, used_size=9662464 bytes (23.6%)
(RDMA_READ_CONSUME_CHECK_CONSUMER) timestamp=8283 ms, used_size=9660416 bytes (23.6%)
(RDMA_READ_CONSUME_CHECK_CONSUMER) timestamp=8283 ms, used_size=9658368 bytes (23.6%)
(RDMA_READ_CONSUME_CHECK_CONSUMER) timestamp=8283 ms, used_size=9656320 bytes (23.6%)
(RDMA_READ_CONSUME_CHECK_CONSUMER) timestamp=8283 ms, used_size=9654272 bytes (23.6%)
(RDMA_READ_CONSUME_CHECK_CONSUMER) timestamp=8283 ms, used_size=9652224 bytes (23.6%)
(RDMA_READ_CONSUME_CHECK_CONSUMER) timestamp=8283 ms, used_size=9650176 bytes (23.6%)
(RDMA_READ_CONSUME_CHECK_CONSUMER) timestamp=8283 ms, used_size=9648128 bytes (23.6%)
(RDMA_READ_CONSUME_CHECK_CONSUMER) timestamp=8283 ms, used_size=9646080 bytes (23.6%)
(RDMA_READ_CONSUME_CHECK_CONSUMER) timestamp=8283 ms, used_size=9644032 bytes (23.5%)
(RDMA_READ_CONSUME_CHECK_CONSUMER) timestamp=8283 ms, used_size=9641984 bytes (23.5%)
(RDMA_READ_CONSUME_CHECK_CONSUMER) timestamp=8283 ms, used_size=9639936 bytes (23.5%)
(RDMA_READ_CONSUME_CHECK_CONSUMER) timestamp=8283 ms, used_size=9637888 bytes (23.5%)
(RDMA_READ_CONSUME_CHECK_CONSUMER) timestamp=8283 ms, used_size=9635840 bytes (23.5%)
(RDMA_READ_CONSUME_CHECK_CONSUMER) timestamp=8283 ms, used_size=9633792 bytes (23.5%)
(RDMA_READ_CONSUME_CHECK_CONSUMER) timestamp=8283 ms, used_size=9631744 bytes (23.5%)
(RDMA_READ_CONSUME_CHECK_CONSUMER) timestamp=8283 ms, used_size=9629696 bytes (23.5%)
(RDMA_READ_CONSUME_CHECK_CONSUMER) timestamp=8283 ms, used_size=9627648 bytes (23.5%)
(RDMA_READ_CONSUME_CHECK_CONSUMER) timestamp=8283 ms, used_size=9625600 bytes (23.5%)
(RDMA_READ_CONSUME_CHECK_CONSUMER) timestamp=8283 ms, used_size=9623552 bytes (23.5%)
(RDMA_READ_CONSUME_CHECK_CONSUMER) timestamp=8283 ms, used_size=9621504 bytes (23.5%)
(RDMA_READ_CONSUME_CHECK_CONSUMER) timestamp=8283 ms, used_size=9619456 bytes (23.5%)
(RDMA_READ_CONSUME_CHECK_CONSUMER) timestamp=8283 ms, used_size=9617408 bytes (23.5%)
(RDMA_READ_CONSUME_CHECK_CONSUMER) timestamp=8283 ms, used_size=9615360 bytes (23.5%)
(RDMA_READ_CONSUME_CHECK_CONSUMER) timestamp=8283 ms, used_size=9613312 bytes (23.5%)
(RDMA_READ_CONSUME_CHECK_CONSUMER) timestamp=8283 ms, used_size=9611264 bytes (23.5%)
(RDMA_READ_CONSUME_CHECK_CONSUMER) timestamp=8283 ms, used_size=9609216 bytes (23.5%)
(RDMA_READ_CONSUME_CHECK_CONSUMER) timestamp=8283 ms, used_size=9607168 bytes (23.5%)
(RDMA_READ_CONSUME_CHECK_CONSUMER) timestamp=8283 ms, used_size=9605120 bytes (23.4%)
(RDMA_READ_CONSUME_CHECK_CONSUMER) timestamp=8283 ms, used_size=9603072 bytes (23.4%)
(RDMA_READ_CONSUME_CHECK_CONSUMER) timestamp=8283 ms, used_size=9601024 bytes (23.4%)
(RDMA_READ_CONSUME_CHECK_CONSUMER) timestamp=8283 ms, used_size=9598976 bytes (23.4%)
(RDMA_READ_CONSUME_CHECK_CONSUMER) timestamp=8283 ms, used_size=9596928 bytes (23.4%)
(RDMA_READ_CONSUME_CHECK_CONSUMER) timestamp=8283 ms, used_size=9594880 bytes (23.4%)
(RDMA_READ_CONSUME_CHECK_CONSUMER) timestamp=8283 ms, used_size=9592832 bytes (23.4%)
(RDMA_READ_CONSUME_CHECK_CONSUMER) timestamp=8283 ms, used_size=9590784 bytes (23.4%)
(RDMA_READ_CONSUME_CHECK_CONSUMER) timestamp=8283 ms, used_size=9588736 bytes (23.4%)
(RDMA_READ_CONSUME_CHECK_CONSUMER) timestamp=8283 ms, used_size=9586688 bytes (23.4%)
(RDMA_READ_CONSUME_CHECK_CONSUMER) timestamp=8283 ms, used_size=9584640 bytes (23.4%)
(RDMA_READ_CONSUME_CHECK_CONSUMER) timestamp=8283 ms, used_size=9582592 bytes (23.4%)
(RDMA_READ_CONSUME_CHECK_CONSUMER) timestamp=8283 ms, used_size=9580544 bytes (23.4%)
(RDMA_READ_CONSUME_CHECK_CONSUMER) timestamp=8283 ms, used_size=9578496 bytes (23.4%)
(RDMA_READ_CONSUME_CHECK_CONSUMER) timestamp=8283 ms, used_size=9576448 bytes (23.4%)
(RDMA_READ_CONSUME_CHECK_CONSUMER) timestamp=8283 ms, used_size=9574400 bytes (23.4%)
(RDMA_READ_CONSUME_CHECK_CONSUMER) timestamp=8283 ms, used_size=9572352 bytes (23.4%)
(RDMA_READ_CONSUME_CHECK_CONSUMER) timestamp=8283 ms, used_size=9570304 bytes (23.4%)
(RDMA_READ_CONSUME_CHECK_CONSUMER) timestamp=8283 ms, used_size=9568256 bytes (23.4%)
(RDMA_READ_CONSUME_CHECK_CONSUMER) timestamp=8283 ms, used_size=9566208 bytes (23.4%)
(RDMA_READ_CONSUME_CHECK_CONSUMER) timestamp=8283 ms, used_size=9564160 bytes (23.4%)
(RDMA_READ_CONSUME_CHECK_CONSUMER) timestamp=8283 ms, used_size=9562112 bytes (23.3%)
(RDMA_READ_CONSUME_CHECK_CONSUMER) timestamp=8283 ms, used_size=9560064 bytes (23.3%)
(RDMA_READ_CONSUME_CHECK_CONSUMER) timestamp=8283 ms, used_size=9558016 bytes (23.3%)
(RDMA_READ_CONSUME_CHECK_CONSUMER) timestamp=8283 ms, used_size=9555968 bytes (23.3%)
(RDMA_READ_CONSUME_CHECK_CONSUMER) timestamp=8283 ms, used_size=9553920 bytes (23.3%)
(RDMA_READ_CONSUME_CHECK_CONSUMER) timestamp=8283 ms, used_size=9551872 bytes (23.3%)
(RDMA_READ_CONSUME_CHECK_CONSUMER) timestamp=8283 ms, used_size=9549824 bytes (23.3%)
(RDMA_READ_CONSUME_CHECK_CONSUMER) timestamp=8283 ms, used_size=9547776 bytes (23.3%)
(RDMA_READ_CONSUME_CHECK_CONSUMER) timestamp=8283 ms, used_size=9545728 bytes (23.3%)
(RDMA_READ_CONSUME_CHECK_CONSUMER) timestamp=8283 ms, used_size=9543680 bytes (23.3%)
(RDMA_READ_CONSUME_CHECK_CONSUMER) timestamp=8283 ms, used_size=9541632 bytes (23.3%)
(RDMA_READ_CONSUME_CHECK_CONSUMER) timestamp=8283 ms, used_size=9539584 bytes (23.3%)
(RDMA_READ_CONSUME_CHECK_CONSUMER) timestamp=8283 ms, used_size=9537536 bytes (23.3%)
(RDMA_READ_CONSUME_CHECK_CONSUMER) timestamp=8283 ms, used_size=9535488 bytes (23.3%)
(RDMA_READ_CONSUME_CHECK_CONSUMER) timestamp=8283 ms, used_size=9533440 bytes (23.3%)
(RDMA_READ_CONSUME_CHECK_CONSUMER) timestamp=8283 ms, used_size=9531392 bytes (23.3%)
(RDMA_READ_CONSUME_CHECK_CONSUMER) timestamp=8283 ms, used_size=9529344 bytes (23.3%)
(RDMA_READ_CONSUME_CHECK_CONSUMER) timestamp=8283 ms, used_size=9527296 bytes (23.3%)
(RDMA_READ_CONSUME_CHECK_CONSUMER) timestamp=8283 ms, used_size=9525248 bytes (23.3%)
(RDMA_READ_CONSUME_CHECK_CONSUMER) timestamp=8283 ms, used_size=9523200 bytes (23.2%)
(RDMA_READ_CONSUME_CHECK_CONSUMER) timestamp=8283 ms, used_size=9521152 bytes (23.2%)
(RDMA_READ_CONSUME_CHECK_CONSUMER) timestamp=8283 ms, used_size=9519104 bytes (23.2%)
(RDMA_READ_CONSUME_CHECK_CONSUMER) timestamp=8283 ms, used_size=9517056 bytes (23.2%)
(RDMA_READ_CONSUME_CHECK_CONSUMER) timestamp=8283 ms, used_size=9515008 bytes (23.2%)
(RDMA_READ_CONSUME_CHECK_CONSUMER) timestamp=8283 ms, used_size=9512960 bytes (23.2%)
(RDMA_READ_CONSUME_CHECK_CONSUMER) timestamp=8283 ms, used_size=9510912 bytes (23.2%)
(RDMA_READ_CONSUME_CHECK_CONSUMER) timestamp=8283 ms, used_size=9508864 bytes (23.2%)
(RDMA_READ_CONSUME_CHECK_CONSUMER) timestamp=8283 ms, used_size=9506816 bytes (23.2%)
(RDMA_READ_CONSUME_CHECK_CONSUMER) timestamp=8283 ms, used_size=9504768 bytes (23.2%)
(RDMA_READ_CONSUME_CHECK_CONSUMER) timestamp=8283 ms, used_size=9502720 bytes (23.2%)
(RDMA_READ_CONSUME_CHECK_CONSUMER) timestamp=8283 ms, used_size=9500672 bytes (23.2%)
(RDMA_READ_CONSUME_CHECK_CONSUMER) timestamp=8283 ms, used_size=9498624 bytes (23.2%)
(RDMA_READ_CONSUME_CHECK_CONSUMER) timestamp=8283 ms, used_size=9496576 bytes (23.2%)
(RDMA_READ_CONSUME_CHECK_CONSUMER) timestamp=8283 ms, used_size=9494528 bytes (23.2%)
(RDMA_READ_CONSUME_CHECK_CONSUMER) timestamp=8283 ms, used_size=9492480 bytes (23.2%)
(RDMA_READ_CONSUME_CHECK_CONSUMER) timestamp=8283 ms, used_size=9490432 bytes (23.2%)
(RDMA_READ_CONSUME_CHECK_CONSUMER) timestamp=8283 ms, used_size=9488384 bytes (23.2%)
(RDMA_READ_CONSUME_CHECK_CONSUMER) timestamp=8283 ms, used_size=9486336 bytes (23.2%)
(RDMA_READ_CONSUME_CHECK_CONSUMER) timestamp=8283 ms, used_size=9484288 bytes (23.2%)
(RDMA_READ_CONSUME_CHECK_CONSUMER) timestamp=8283 ms, used_size=9482240 bytes (23.1%)
(RDMA_READ_CONSUME_CHECK_CONSUMER) timestamp=8283 ms, used_size=9480192 bytes (23.1%)
(RDMA_READ_CONSUME_CHECK_CONSUMER) timestamp=8283 ms, used_size=9478144 bytes (23.1%)
(RDMA_READ_CONSUME_CHECK_CONSUMER) timestamp=8283 ms, used_size=9476096 bytes (23.1%)
(RDMA_READ_CONSUME_CHECK_CONSUMER) timestamp=8283 ms, used_size=9474048 bytes (23.1%)
(RDMA_READ_CONSUME_CHECK_CONSUMER) timestamp=8283 ms, used_size=9472000 bytes (23.1%)
(RDMA_READ_CONSUME_CHECK_CONSUMER) timestamp=8283 ms, used_size=9469952 bytes (23.1%)
(RDMA_READ_CONSUME_CHECK_CONSUMER) timestamp=8283 ms, used_size=9467904 bytes (23.1%)
(RDMA_READ_CONSUME_CHECK_CONSUMER) timestamp=8283 ms, used_size=9465856 bytes (23.1%)
(RDMA_READ_CONSUME_CHECK_CONSUMER) timestamp=8283 ms, used_size=9463808 bytes (23.1%)
(RDMA_READ_CONSUME_CHECK_CONSUMER) timestamp=8283 ms, used_size=9461760 bytes (23.1%)
(RDMA_READ_CONSUME_CHECK_CONSUMER) timestamp=8283 ms, used_size=9459712 bytes (23.1%)
(RDMA_READ_CONSUME_CHECK_CONSUMER) timestamp=8283 ms, used_size=9457664 bytes (23.1%)
(RDMA_READ_CONSUME_CHECK_CONSUMER) timestamp=8283 ms, used_size=9455616 bytes (23.1%)
(RDMA_READ_CONSUME_CHECK_CONSUMER) timestamp=8283 ms, used_size=9453568 bytes (23.1%)
(RDMA_READ_CONSUME_CHECK_CONSUMER) timestamp=8283 ms, used_size=9451520 bytes (23.1%)
(RDMA_READ_CONSUME_CHECK_CONSUMER) timestamp=8283 ms, used_size=9449472 bytes (23.1%)
(RDMA_READ_CONSUME_CHECK_CONSUMER) timestamp=8283 ms, used_size=9447424 bytes (23.1%)
(RDMA_READ_CONSUME_CHECK_CONSUMER) timestamp=8283 ms, used_size=9445376 bytes (23.1%)
(RDMA_READ_CONSUME_CHECK_CONSUMER) timestamp=8283 ms, used_size=9443328 bytes (23.1%)
(RDMA_READ_CONSUME_CHECK_CONSUMER) timestamp=8283 ms, used_size=9441280 bytes (23.1%)
(RDMA_READ_CONSUME_CHECK_CONSUMER) timestamp=8283 ms, used_size=9439232 bytes (23.0%)
(RDMA_READ_CONSUME_CHECK_CONSUMER) timestamp=8283 ms, used_size=9437184 bytes (23.0%)
(RDMA_READ_CONSUME_CHECK_CONSUMER) timestamp=8283 ms, used_size=9435136 bytes (23.0%)
(RDMA_READ_CONSUME_CHECK_CONSUMER) timestamp=8283 ms, used_size=9433088 bytes (23.0%)
(RDMA_READ_CONSUME_CHECK_CONSUMER) timestamp=8283 ms, used_size=9431040 bytes (23.0%)
(RDMA_READ_CONSUME_CHECK_CONSUMER) timestamp=8283 ms, used_size=9428992 bytes (23.0%)
(RDMA_READ_CONSUME_CHECK_CONSUMER) timestamp=8283 ms, used_size=9426944 bytes (23.0%)
(RDMA_READ_CONSUME_CHECK_CONSUMER) timestamp=8283 ms, used_size=9424896 bytes (23.0%)
(RDMA_READ_CONSUME_CHECK_CONSUMER) timestamp=8283 ms, used_size=9422848 bytes (23.0%)
(RDMA_READ_CONSUME_CHECK_CONSUMER) timestamp=8283 ms, used_size=9420800 bytes (23.0%)
(RDMA_READ_CONSUME_CHECK_CONSUMER) timestamp=8283 ms, used_size=9418752 bytes (23.0%)
(RDMA_READ_CONSUME_CHECK_CONSUMER) timestamp=8283 ms, used_size=9416704 bytes (23.0%)
(RDMA_READ_CONSUME_CHECK_CONSUMER) timestamp=8283 ms, used_size=9414656 bytes (23.0%)
(RDMA_READ_CONSUME_CHECK_CONSUMER) timestamp=8283 ms, used_size=9412608 bytes (23.0%)
(RDMA_READ_CONSUME_CHECK_CONSUMER) timestamp=8283 ms, used_size=9410560 bytes (23.0%)
(RDMA_READ_CONSUME_CHECK_CONSUMER) timestamp=8283 ms, used_size=9408512 bytes (23.0%)
(RDMA_READ_CONSUME_CHECK_CONSUMER) timestamp=8283 ms, used_size=9406464 bytes (23.0%)
(RDMA_READ_CONSUME_CHECK_CONSUMER) timestamp=8283 ms, used_size=9404416 bytes (23.0%)
(RDMA_READ_CONSUME_CHECK_CONSUMER) timestamp=8283 ms, used_size=9402368 bytes (23.0%)
(RDMA_READ_CONSUME_CHECK_CONSUMER) timestamp=8283 ms, used_size=9400320 bytes (22.9%)
(RDMA_READ_CONSUME_CHECK_CONSUMER) timestamp=8283 ms, used_size=9398272 bytes (22.9%)
(RDMA_READ_CONSUME_CHECK_CONSUMER) timestamp=8283 ms, used_size=9396224 bytes (22.9%)
(RDMA_READ_CONSUME_CHECK_CONSUMER) timestamp=8283 ms, used_size=9394176 bytes (22.9%)
(RDMA_READ_CONSUME_CHECK_CONSUMER) timestamp=8283 ms, used_size=9392128 bytes (22.9%)
(RDMA_READ_CONSUME_CHECK_CONSUMER) timestamp=8283 ms, used_size=9390080 bytes (22.9%)
(RDMA_READ_CONSUME_CHECK_CONSUMER) timestamp=8283 ms, used_size=9388032 bytes (22.9%)
(RDMA_READ_CONSUME_CHECK_CONSUMER) timestamp=8283 ms, used_size=9385984 bytes (22.9%)
(RDMA_READ_CONSUME_CHECK_CONSUMER) timestamp=8283 ms, used_size=9383936 bytes (22.9%)
(RDMA_READ_CONSUME_CHECK_CONSUMER) timestamp=8283 ms, used_size=9381888 bytes (22.9%)
(RDMA_READ_CONSUME_CHECK_CONSUMER) timestamp=8283 ms, used_size=9379840 bytes (22.9%)
(RDMA_READ_CONSUME_CHECK_CONSUMER) timestamp=8283 ms, used_size=9377792 bytes (22.9%)
(RDMA_READ_CONSUME_CHECK_CONSUMER) timestamp=8283 ms, used_size=9375744 bytes (22.9%)
(RDMA_READ_CONSUME_CHECK_CONSUMER) timestamp=8283 ms, used_size=9373696 bytes (22.9%)
(RDMA_READ_CONSUME_CHECK_CONSUMER) timestamp=8283 ms, used_size=9371648 bytes (22.9%)
(RDMA_READ_CONSUME_CHECK_CONSUMER) timestamp=8283 ms, used_size=9369600 bytes (22.9%)
(RDMA_READ_CONSUME_CHECK_CONSUMER) timestamp=8283 ms, used_size=9367552 bytes (22.9%)
(RDMA_READ_CONSUME_CHECK_CONSUMER) timestamp=8283 ms, used_size=9365504 bytes (22.9%)
(RDMA_READ_CONSUME_CHECK_CONSUMER) timestamp=8283 ms, used_size=9363456 bytes (22.9%)
(RDMA_READ_CONSUME_CHECK_CONSUMER) timestamp=8283 ms, used_size=9361408 bytes (22.9%)
(RDMA_READ_CONSUME_CHECK_CONSUMER) timestamp=8283 ms, used_size=9359360 bytes (22.9%)
(RDMA_READ_CONSUME_CHECK_CONSUMER) timestamp=8283 ms, used_size=9357312 bytes (22.8%)
(RDMA_READ_CONSUME_CHECK_CONSUMER) timestamp=8283 ms, used_size=9355264 bytes (22.8%)
(RDMA_READ_CONSUME_CHECK_CONSUMER) timestamp=8283 ms, used_size=9353216 bytes (22.8%)
(RDMA_READ_CONSUME_CHECK_CONSUMER) timestamp=8283 ms, used_size=9351168 bytes (22.8%)
(RDMA_READ_CONSUME_CHECK_CONSUMER) timestamp=8283 ms, used_size=9349120 bytes (22.8%)
(RDMA_READ_CONSUME_CHECK_CONSUMER) timestamp=8283 ms, used_size=9347072 bytes (22.8%)
(RDMA_READ_CONSUME_CHECK_CONSUMER) timestamp=8283 ms, used_size=9345024 bytes (22.8%)
(RDMA_READ_CONSUME_CHECK_CONSUMER) timestamp=8283 ms, used_size=9342976 bytes (22.8%)
(RDMA_READ_CONSUME_CHECK_CONSUMER) timestamp=8284 ms, used_size=9340928 bytes (22.8%)
(RDMA_READ_CONSUME_CHECK_CONSUMER) timestamp=8284 ms, used_size=9338880 bytes (22.8%)
(RDMA_READ_CONSUME_CHECK_CONSUMER) timestamp=8284 ms, used_size=9336832 bytes (22.8%)
(RDMA_READ_CONSUME_CHECK_CONSUMER) timestamp=8284 ms, used_size=9334784 bytes (22.8%)
(RDMA_READ_CONSUME_CHECK_CONSUMER) timestamp=8284 ms, used_size=9332736 bytes (22.8%)
(RDMA_READ_CONSUME_CHECK_CONSUMER) timestamp=8284 ms, used_size=9330688 bytes (22.8%)
(RDMA_READ_CONSUME_CHECK_CONSUMER) timestamp=8284 ms, used_size=9328640 bytes (22.8%)
(RDMA_READ_CONSUME_CHECK_CONSUMER) timestamp=8284 ms, used_size=9326592 bytes (22.8%)
(RDMA_READ_CONSUME_CHECK_CONSUMER) timestamp=8284 ms, used_size=9324544 bytes (22.8%)
(RDMA_READ_CONSUME_CHECK_CONSUMER) timestamp=8284 ms, used_size=9322496 bytes (22.8%)
(RDMA_READ_CONSUME_CHECK_CONSUMER) timestamp=8284 ms, used_size=9320448 bytes (22.8%)
(RDMA_READ_CONSUME_CHECK_CONSUMER) timestamp=8284 ms, used_size=9318400 bytes (22.8%)
(RDMA_READ_CONSUME_CHECK_CONSUMER) timestamp=8284 ms, used_size=9316352 bytes (22.7%)
(RDMA_READ_CONSUME_CHECK_CONSUMER) timestamp=8284 ms, used_size=9314304 bytes (22.7%)
(RDMA_READ_CONSUME_CHECK_CONSUMER) timestamp=8284 ms, used_size=9312256 bytes (22.7%)
(RDMA_READ_CONSUME_CHECK_CONSUMER) timestamp=8284 ms, used_size=9310208 bytes (22.7%)
(RDMA_READ_CONSUME_CHECK_CONSUMER) timestamp=8284 ms, used_size=9308160 bytes (22.7%)
(RDMA_READ_CONSUME_CHECK_CONSUMER) timestamp=8284 ms, used_size=9306112 bytes (22.7%)
(RDMA_READ_CONSUME_CHECK_CONSUMER) timestamp=8284 ms, used_size=9304064 bytes (22.7%)
(RDMA_READ_CONSUME_CHECK_CONSUMER) timestamp=8284 ms, used_size=9302016 bytes (22.7%)
(RDMA_READ_CONSUME_CHECK_CONSUMER) timestamp=8284 ms, used_size=9299968 bytes (22.7%)
(RDMA_READ_CONSUME_CHECK_CONSUMER) timestamp=8284 ms, used_size=9297920 bytes (22.7%)
(RDMA_READ_CONSUME_CHECK_CONSUMER) timestamp=8284 ms, used_size=9295872 bytes (22.7%)
(RDMA_READ_CONSUME_CHECK_CONSUMER) timestamp=8284 ms, used_size=9293824 bytes (22.7%)
(RDMA_READ_CONSUME_CHECK_CONSUMER) timestamp=8284 ms, used_size=9291776 bytes (22.7%)
(RDMA_READ_CONSUME_CHECK_CONSUMER) timestamp=8284 ms, used_size=9289728 bytes (22.7%)
(RDMA_READ_CONSUME_CHECK_CONSUMER) timestamp=8284 ms, used_size=9287680 bytes (22.7%)
(RDMA_READ_CONSUME_CHECK_CONSUMER) timestamp=8284 ms, used_size=9285632 bytes (22.7%)
(RDMA_READ_CONSUME_CHECK_CONSUMER) timestamp=8284 ms, used_size=9283584 bytes (22.7%)
(RDMA_READ_CONSUME_CHECK_CONSUMER) timestamp=8284 ms, used_size=9281536 bytes (22.7%)
(RDMA_READ_CONSUME_CHECK_CONSUMER) timestamp=8284 ms, used_size=9279488 bytes (22.7%)
(RDMA_READ_CONSUME_CHECK_CONSUMER) timestamp=8284 ms, used_size=9277440 bytes (22.6%)
(RDMA_READ_CONSUME_CHECK_CONSUMER) timestamp=8284 ms, used_size=9275392 bytes (22.6%)
(RDMA_READ_CONSUME_CHECK_CONSUMER) timestamp=8284 ms, used_size=9273344 bytes (22.6%)
(RDMA_READ_CONSUME_CHECK_CONSUMER) timestamp=8284 ms, used_size=9271296 bytes (22.6%)
(RDMA_READ_CONSUME_CHECK_CONSUMER) timestamp=8284 ms, used_size=9269248 bytes (22.6%)
(RDMA_READ_CONSUME_CHECK_CONSUMER) timestamp=8284 ms, used_size=9267200 bytes (22.6%)
(RDMA_READ_CONSUME_CHECK_CONSUMER) timestamp=8284 ms, used_size=9265152 bytes (22.6%)
(RDMA_READ_CONSUME_CHECK_CONSUMER) timestamp=8284 ms, used_size=9263104 bytes (22.6%)
(RDMA_READ_CONSUME_CHECK_CONSUMER) timestamp=8284 ms, used_size=9261056 bytes (22.6%)
(RDMA_READ_CONSUME_CHECK_CONSUMER) timestamp=8284 ms, used_size=9259008 bytes (22.6%)
(RDMA_READ_CONSUME_CHECK_CONSUMER) timestamp=8284 ms, used_size=9256960 bytes (22.6%)
(RDMA_READ_CONSUME_CHECK_CONSUMER) timestamp=8284 ms, used_size=9254912 bytes (22.6%)
(RDMA_READ_CONSUME_CHECK_CONSUMER) timestamp=8284 ms, used_size=9252864 bytes (22.6%)
(RDMA_READ_CONSUME_CHECK_CONSUMER) timestamp=8284 ms, used_size=9250816 bytes (22.6%)
(RDMA_READ_CONSUME_CHECK_CONSUMER) timestamp=8284 ms, used_size=9248768 bytes (22.6%)
(RDMA_READ_CONSUME_CHECK_CONSUMER) timestamp=8284 ms, used_size=9246720 bytes (22.6%)
(RDMA_READ_CONSUME_CHECK_CONSUMER) timestamp=8284 ms, used_size=9244672 bytes (22.6%)
(RDMA_READ_CONSUME_CHECK_CONSUMER) timestamp=8284 ms, used_size=9242624 bytes (22.6%)
(RDMA_READ_CONSUME_CHECK_CONSUMER) timestamp=8284 ms, used_size=9240576 bytes (22.6%)
(RDMA_READ_CONSUME_CHECK_CONSUMER) timestamp=8284 ms, used_size=9238528 bytes (22.6%)
(RDMA_READ_CONSUME_CHECK_CONSUMER) timestamp=8284 ms, used_size=9236480 bytes (22.6%)
(RDMA_READ_CONSUME_CHECK_CONSUMER) timestamp=8284 ms, used_size=9234432 bytes (22.5%)
(RDMA_READ_CONSUME_CHECK_CONSUMER) timestamp=8284 ms, used_size=9232384 bytes (22.5%)
(RDMA_READ_CONSUME_CHECK_CONSUMER) timestamp=8284 ms, used_size=9230336 bytes (22.5%)
(RDMA_READ_CONSUME_CHECK_CONSUMER) timestamp=8284 ms, used_size=9228288 bytes (22.5%)
(RDMA_READ_CONSUME_CHECK_CONSUMER) timestamp=8284 ms, used_size=9226240 bytes (22.5%)
(RDMA_READ_CONSUME_CHECK_CONSUMER) timestamp=8284 ms, used_size=9224192 bytes (22.5%)
(RDMA_READ_CONSUME_CHECK_CONSUMER) timestamp=8284 ms, used_size=9222144 bytes (22.5%)
(RDMA_READ_CONSUME_CHECK_CONSUMER) timestamp=8284 ms, used_size=9220096 bytes (22.5%)
(RDMA_READ_CONSUME_CHECK_CONSUMER) timestamp=8284 ms, used_size=9218048 bytes (22.5%)
(RDMA_READ_CONSUME_CHECK_CONSUMER) timestamp=8284 ms, used_size=9216000 bytes (22.5%)
(RDMA_READ_CONSUME_CHECK_CONSUMER) timestamp=8284 ms, used_size=9213952 bytes (22.5%)
(RDMA_READ_CONSUME_CHECK_CONSUMER) timestamp=8284 ms, used_size=9211904 bytes (22.5%)
(RDMA_READ_CONSUME_CHECK_CONSUMER) timestamp=8284 ms, used_size=9209856 bytes (22.5%)
(RDMA_READ_CONSUME_CHECK_CONSUMER) timestamp=8284 ms, used_size=9207808 bytes (22.5%)
(RDMA_READ_CONSUME_CHECK_CONSUMER) timestamp=8284 ms, used_size=9205760 bytes (22.5%)
(RDMA_READ_CONSUME_CHECK_CONSUMER) timestamp=8284 ms, used_size=9203712 bytes (22.5%)
(RDMA_READ_CONSUME_CHECK_CONSUMER) timestamp=8284 ms, used_size=9201664 bytes (22.5%)
(RDMA_READ_CONSUME_CHECK_CONSUMER) timestamp=8284 ms, used_size=9199616 bytes (22.5%)
(RDMA_READ_CONSUME_CHECK_CONSUMER) timestamp=8284 ms, used_size=9197568 bytes (22.5%)
(RDMA_READ_CONSUME_CHECK_CONSUMER) timestamp=8284 ms, used_size=9195520 bytes (22.4%)
(RDMA_READ_CONSUME_CHECK_CONSUMER) timestamp=8284 ms, used_size=9193472 bytes (22.4%)
(RDMA_READ_CONSUME_CHECK_CONSUMER) timestamp=8284 ms, used_size=9191424 bytes (22.4%)
(RDMA_READ_CONSUME_CHECK_CONSUMER) timestamp=8284 ms, used_size=9189376 bytes (22.4%)
(RDMA_READ_CONSUME_CHECK_CONSUMER) timestamp=8284 ms, used_size=9187328 bytes (22.4%)
(RDMA_READ_CONSUME_CHECK_CONSUMER) timestamp=8284 ms, used_size=9185280 bytes (22.4%)
(RDMA_READ_CONSUME_CHECK_CONSUMER) timestamp=8284 ms, used_size=9183232 bytes (22.4%)
(RDMA_READ_CONSUME_CHECK_CONSUMER) timestamp=8284 ms, used_size=9181184 bytes (22.4%)
(RDMA_READ_CONSUME_CHECK_CONSUMER) timestamp=8284 ms, used_size=9179136 bytes (22.4%)
(RDMA_READ_CONSUME_CHECK_CONSUMER) timestamp=8284 ms, used_size=9177088 bytes (22.4%)
(RDMA_READ_CONSUME_CHECK_CONSUMER) timestamp=8284 ms, used_size=9175040 bytes (22.4%)
(RDMA_READ_CONSUME_CHECK_CONSUMER) timestamp=8284 ms, used_size=9172992 bytes (22.4%)
(RDMA_READ_CONSUME_CHECK_CONSUMER) timestamp=8284 ms, used_size=9170944 bytes (22.4%)
(RDMA_READ_CONSUME_CHECK_CONSUMER) timestamp=8284 ms, used_size=9168896 bytes (22.4%)
(RDMA_READ_CONSUME_CHECK_CONSUMER) timestamp=8284 ms, used_size=9166848 bytes (22.4%)
(RDMA_READ_CONSUME_CHECK_CONSUMER) timestamp=8284 ms, used_size=9164800 bytes (22.4%)
(RDMA_READ_CONSUME_CHECK_CONSUMER) timestamp=8284 ms, used_size=9162752 bytes (22.4%)
(RDMA_READ_CONSUME_CHECK_CONSUMER) timestamp=8284 ms, used_size=9160704 bytes (22.4%)
(RDMA_READ_CONSUME_CHECK_CONSUMER) timestamp=8284 ms, used_size=9158656 bytes (22.4%)
(RDMA_READ_CONSUME_CHECK_CONSUMER) timestamp=8284 ms, used_size=9156608 bytes (22.4%)
(RDMA_READ_CONSUME_CHECK_CONSUMER) timestamp=8284 ms, used_size=9154560 bytes (22.4%)
(RDMA_READ_CONSUME_CHECK_CONSUMER) timestamp=8284 ms, used_size=9152512 bytes (22.3%)
(RDMA_READ_CONSUME_CHECK_CONSUMER) timestamp=8284 ms, used_size=9150464 bytes (22.3%)
(RDMA_READ_CONSUME_CHECK_CONSUMER) timestamp=8284 ms, used_size=9148416 bytes (22.3%)
(RDMA_READ_CONSUME_CHECK_CONSUMER) timestamp=8284 ms, used_size=9146368 bytes (22.3%)
(RDMA_READ_CONSUME_CHECK_CONSUMER) timestamp=8284 ms, used_size=9144320 bytes (22.3%)
(RDMA_READ_CONSUME_CHECK_CONSUMER) timestamp=8284 ms, used_size=9142272 bytes (22.3%)
(RDMA_READ_CONSUME_CHECK_CONSUMER) timestamp=8284 ms, used_size=9140224 bytes (22.3%)
(RDMA_READ_CONSUME_CHECK_CONSUMER) timestamp=8284 ms, used_size=9138176 bytes (22.3%)
(RDMA_READ_CONSUME_CHECK_CONSUMER) timestamp=8284 ms, used_size=9136128 bytes (22.3%)
(RDMA_READ_CONSUME_CHECK_CONSUMER) timestamp=8284 ms, used_size=9134080 bytes (22.3%)
(RDMA_READ_CONSUME_CHECK_CONSUMER) timestamp=8284 ms, used_size=9132032 bytes (22.3%)
(RDMA_READ_CONSUME_CHECK_CONSUMER) timestamp=8284 ms, used_size=9129984 bytes (22.3%)
(RDMA_READ_CONSUME_CHECK_CONSUMER) timestamp=8284 ms, used_size=9127936 bytes (22.3%)
(RDMA_READ_CONSUME_CHECK_CONSUMER) timestamp=8284 ms, used_size=9125888 bytes (22.3%)
(RDMA_READ_CONSUME_CHECK_CONSUMER) timestamp=8284 ms, used_size=9123840 bytes (22.3%)
(RDMA_READ_CONSUME_CHECK_CONSUMER) timestamp=8284 ms, used_size=9121792 bytes (22.3%)
(RDMA_READ_CONSUME_CHECK_CONSUMER) timestamp=8284 ms, used_size=9119744 bytes (22.3%)
(RDMA_READ_CONSUME_CHECK_CONSUMER) timestamp=8284 ms, used_size=9117696 bytes (22.3%)
(RDMA_READ_CONSUME_CHECK_CONSUMER) timestamp=8284 ms, used_size=9115648 bytes (22.3%)
(RDMA_READ_CONSUME_CHECK_CONSUMER) timestamp=8284 ms, used_size=9113600 bytes (22.2%)
(RDMA_READ_CONSUME_CHECK_CONSUMER) timestamp=8284 ms, used_size=9111552 bytes (22.2%)
(RDMA_READ_CONSUME_CHECK_CONSUMER) timestamp=8284 ms, used_size=9109504 bytes (22.2%)
(RDMA_READ_CONSUME_CHECK_CONSUMER) timestamp=8284 ms, used_size=9107456 bytes (22.2%)
(RDMA_READ_CONSUME_CHECK_CONSUMER) timestamp=8284 ms, used_size=9105408 bytes (22.2%)
(RDMA_READ_CONSUME_CHECK_CONSUMER) timestamp=8284 ms, used_size=9103360 bytes (22.2%)
(RDMA_READ_CONSUME_CHECK_CONSUMER) timestamp=8284 ms, used_size=9101312 bytes (22.2%)
(RDMA_READ_CONSUME_CHECK_CONSUMER) timestamp=8284 ms, used_size=9099264 bytes (22.2%)
(RDMA_READ_CONSUME_CHECK_CONSUMER) timestamp=8284 ms, used_size=9097216 bytes (22.2%)
(RDMA_READ_CONSUME_CHECK_CONSUMER) timestamp=8284 ms, used_size=9095168 bytes (22.2%)
(RDMA_READ_CONSUME_CHECK_CONSUMER) timestamp=8284 ms, used_size=9093120 bytes (22.2%)
(RDMA_READ_CONSUME_CHECK_CONSUMER) timestamp=8284 ms, used_size=9091072 bytes (22.2%)
(RDMA_READ_CONSUME_CHECK_CONSUMER) timestamp=8284 ms, used_size=9089024 bytes (22.2%)
(RDMA_READ_CONSUME_CHECK_CONSUMER) timestamp=8284 ms, used_size=9086976 bytes (22.2%)
(RDMA_READ_CONSUME_CHECK_CONSUMER) timestamp=8284 ms, used_size=9084928 bytes (22.2%)
(RDMA_READ_CONSUME_CHECK_CONSUMER) timestamp=8284 ms, used_size=9082880 bytes (22.2%)
(RDMA_READ_CONSUME_CHECK_CONSUMER) timestamp=8284 ms, used_size=9080832 bytes (22.2%)
(RDMA_READ_CONSUME_CHECK_CONSUMER) timestamp=8284 ms, used_size=9078784 bytes (22.2%)
(RDMA_READ_CONSUME_CHECK_CONSUMER) timestamp=8284 ms, used_size=9076736 bytes (22.2%)
(RDMA_READ_CONSUME_CHECK_CONSUMER) timestamp=8284 ms, used_size=9074688 bytes (22.2%)
(RDMA_READ_CONSUME_CHECK_CONSUMER) timestamp=8284 ms, used_size=9072640 bytes (22.1%)
(RDMA_READ_CONSUME_CHECK_CONSUMER) timestamp=8284 ms, used_size=9070592 bytes (22.1%)
(RDMA_READ_CONSUME_CHECK_CONSUMER) timestamp=8284 ms, used_size=9068544 bytes (22.1%)
(RDMA_READ_CONSUME_CHECK_CONSUMER) timestamp=8284 ms, used_size=9066496 bytes (22.1%)
(RDMA_READ_CONSUME_CHECK_CONSUMER) timestamp=8284 ms, used_size=9064448 bytes (22.1%)
(RDMA_READ_CONSUME_CHECK_CONSUMER) timestamp=8284 ms, used_size=9062400 bytes (22.1%)
(RDMA_READ_CONSUME_CHECK_CONSUMER) timestamp=8284 ms, used_size=9060352 bytes (22.1%)
(RDMA_READ_CONSUME_CHECK_CONSUMER) timestamp=8284 ms, used_size=9058304 bytes (22.1%)
(RDMA_READ_CONSUME_CHECK_CONSUMER) timestamp=8284 ms, used_size=9056256 bytes (22.1%)
(RDMA_READ_CONSUME_CHECK_CONSUMER) timestamp=8284 ms, used_size=9054208 bytes (22.1%)
(RDMA_READ_CONSUME_CHECK_CONSUMER) timestamp=8284 ms, used_size=9052160 bytes (22.1%)
(RDMA_READ_CONSUME_CHECK_CONSUMER) timestamp=8284 ms, used_size=9050112 bytes (22.1%)
(RDMA_READ_CONSUME_CHECK_CONSUMER) timestamp=8284 ms, used_size=9048064 bytes (22.1%)
(RDMA_READ_CONSUME_CHECK_CONSUMER) timestamp=8284 ms, used_size=9046016 bytes (22.1%)
(RDMA_READ_CONSUME_CHECK_CONSUMER) timestamp=8284 ms, used_size=9043968 bytes (22.1%)
(RDMA_READ_CONSUME_CHECK_CONSUMER) timestamp=8284 ms, used_size=9041920 bytes (22.1%)
(RDMA_READ_CONSUME_CHECK_CONSUMER) timestamp=8284 ms, used_size=9039872 bytes (22.1%)
(RDMA_READ_CONSUME_CHECK_CONSUMER) timestamp=8284 ms, used_size=9037824 bytes (22.1%)
(RDMA_READ_CONSUME_CHECK_CONSUMER) timestamp=8284 ms, used_size=9035776 bytes (22.1%)
(RDMA_READ_CONSUME_CHECK_CONSUMER) timestamp=8284 ms, used_size=9033728 bytes (22.1%)
(RDMA_READ_CONSUME_CHECK_CONSUMER) timestamp=8284 ms, used_size=9031680 bytes (22.1%)
(RDMA_READ_CONSUME_CHECK_CONSUMER) timestamp=8284 ms, used_size=9029632 bytes (22.0%)
(RDMA_READ_CONSUME_CHECK_CONSUMER) timestamp=8284 ms, used_size=9027584 bytes (22.0%)
(RDMA_READ_CONSUME_CHECK_CONSUMER) timestamp=8284 ms, used_size=9025536 bytes (22.0%)
(RDMA_READ_CONSUME_CHECK_CONSUMER) timestamp=8284 ms, used_size=9023488 bytes (22.0%)
(RDMA_READ_CONSUME_CHECK_CONSUMER) timestamp=8284 ms, used_size=9021440 bytes (22.0%)
(RDMA_READ_CONSUME_CHECK_CONSUMER) timestamp=8284 ms, used_size=9019392 bytes (22.0%)
(RDMA_READ_CONSUME_CHECK_CONSUMER) timestamp=8284 ms, used_size=9017344 bytes (22.0%)
(RDMA_READ_CONSUME_CHECK_CONSUMER) timestamp=8284 ms, used_size=9015296 bytes (22.0%)
(RDMA_READ_CONSUME_CHECK_CONSUMER) timestamp=8284 ms, used_size=9013248 bytes (22.0%)
(RDMA_READ_CONSUME_CHECK_CONSUMER) timestamp=8284 ms, used_size=9011200 bytes (22.0%)
(RDMA_READ_CONSUME_CHECK_CONSUMER) timestamp=8284 ms, used_size=9009152 bytes (22.0%)
(RDMA_READ_CONSUME_CHECK_CONSUMER) timestamp=8284 ms, used_size=9007104 bytes (22.0%)
(RDMA_READ_CONSUME_CHECK_CONSUMER) timestamp=8284 ms, used_size=9005056 bytes (22.0%)
(RDMA_READ_CONSUME_CHECK_CONSUMER) timestamp=8284 ms, used_size=9003008 bytes (22.0%)
(RDMA_READ_CONSUME_CHECK_CONSUMER) timestamp=8284 ms, used_size=9000960 bytes (22.0%)
(RDMA_READ_CONSUME_CHECK_CONSUMER) timestamp=8284 ms, used_size=8998912 bytes (22.0%)
(RDMA_READ_CONSUME_CHECK_CONSUMER) timestamp=8284 ms, used_size=8996864 bytes (22.0%)
(RDMA_READ_CONSUME_CHECK_CONSUMER) timestamp=8284 ms, used_size=8994816 bytes (22.0%)
(RDMA_READ_CONSUME_CHECK_CONSUMER) timestamp=8284 ms, used_size=8992768 bytes (22.0%)
(RDMA_READ_CONSUME_CHECK_CONSUMER) timestamp=8285 ms, used_size=8990720 bytes (21.9%)
(RDMA_READ_CONSUME_CHECK_CONSUMER) timestamp=8285 ms, used_size=8988672 bytes (21.9%)
(RDMA_READ_CONSUME_CHECK_CONSUMER) timestamp=8285 ms, used_size=8986624 bytes (21.9%)
(RDMA_READ_CONSUME_CHECK_CONSUMER) timestamp=8285 ms, used_size=8984576 bytes (21.9%)
(RDMA_READ_CONSUME_CHECK_CONSUMER) timestamp=8285 ms, used_size=8982528 bytes (21.9%)
(RDMA_READ_CONSUME_CHECK_CONSUMER) timestamp=8285 ms, used_size=8980480 bytes (21.9%)
(RDMA_READ_CONSUME_CHECK_CONSUMER) timestamp=8285 ms, used_size=8978432 bytes (21.9%)
(RDMA_READ_CONSUME_CHECK_CONSUMER) timestamp=8285 ms, used_size=8976384 bytes (21.9%)
(RDMA_READ_CONSUME_CHECK_CONSUMER) timestamp=8285 ms, used_size=8974336 bytes (21.9%)
(RDMA_READ_CONSUME_CHECK_CONSUMER) timestamp=8285 ms, used_size=8972288 bytes (21.9%)
(RDMA_READ_CONSUME_CHECK_CONSUMER) timestamp=8285 ms, used_size=8970240 bytes (21.9%)
(RDMA_READ_CONSUME_CHECK_CONSUMER) timestamp=8285 ms, used_size=8968192 bytes (21.9%)
(RDMA_READ_CONSUME_CHECK_CONSUMER) timestamp=8285 ms, used_size=8966144 bytes (21.9%)
(RDMA_READ_CONSUME_CHECK_CONSUMER) timestamp=8285 ms, used_size=8964096 bytes (21.9%)
(RDMA_READ_CONSUME_CHECK_CONSUMER) timestamp=8285 ms, used_size=8962048 bytes (21.9%)
(RDMA_READ_CONSUME_CHECK_CONSUMER) timestamp=8285 ms, used_size=8960000 bytes (21.9%)
(RDMA_READ_CONSUME_CHECK_CONSUMER) timestamp=8285 ms, used_size=8957952 bytes (21.9%)
(RDMA_READ_CONSUME_CHECK_CONSUMER) timestamp=8285 ms, used_size=8955904 bytes (21.9%)
(RDMA_READ_CONSUME_CHECK_CONSUMER) timestamp=8285 ms, used_size=8953856 bytes (21.9%)
(RDMA_READ_CONSUME_CHECK_CONSUMER) timestamp=8285 ms, used_size=8951808 bytes (21.9%)
(RDMA_READ_CONSUME_CHECK_CONSUMER) timestamp=8285 ms, used_size=8949760 bytes (21.9%)
(RDMA_READ_CONSUME_CHECK_CONSUMER) timestamp=8285 ms, used_size=8947712 bytes (21.8%)
(RDMA_READ_CONSUME_CHECK_CONSUMER) timestamp=8285 ms, used_size=8945664 bytes (21.8%)
(RDMA_READ_CONSUME_CHECK_CONSUMER) timestamp=8285 ms, used_size=8943616 bytes (21.8%)
(RDMA_READ_CONSUME_CHECK_CONSUMER) timestamp=8285 ms, used_size=8941568 bytes (21.8%)
(RDMA_READ_CONSUME_CHECK_CONSUMER) timestamp=8285 ms, used_size=8939520 bytes (21.8%)
(RDMA_READ_CONSUME_CHECK_CONSUMER) timestamp=8285 ms, used_size=8937472 bytes (21.8%)
(RDMA_READ_CONSUME_CHECK_CONSUMER) timestamp=8285 ms, used_size=8935424 bytes (21.8%)
(RDMA_READ_CONSUME_CHECK_CONSUMER) timestamp=8285 ms, used_size=8933376 bytes (21.8%)
(RDMA_READ_CONSUME_CHECK_CONSUMER) timestamp=8285 ms, used_size=8931328 bytes (21.8%)
(RDMA_READ_CONSUME_CHECK_CONSUMER) timestamp=8285 ms, used_size=8929280 bytes (21.8%)
(RDMA_READ_CONSUME_CHECK_CONSUMER) timestamp=8285 ms, used_size=8927232 bytes (21.8%)
(RDMA_READ_CONSUME_CHECK_CONSUMER) timestamp=8285 ms, used_size=8925184 bytes (21.8%)
(RDMA_READ_CONSUME_CHECK_CONSUMER) timestamp=8285 ms, used_size=8923136 bytes (21.8%)
(RDMA_READ_CONSUME_CHECK_CONSUMER) timestamp=8285 ms, used_size=8921088 bytes (21.8%)
(RDMA_READ_CONSUME_CHECK_CONSUMER) timestamp=8285 ms, used_size=8919040 bytes (21.8%)
(RDMA_READ_CONSUME_CHECK_CONSUMER) timestamp=8285 ms, used_size=8916992 bytes (21.8%)
(RDMA_READ_CONSUME_CHECK_CONSUMER) timestamp=8285 ms, used_size=8914944 bytes (21.8%)
(RDMA_READ_CONSUME_CHECK_CONSUMER) timestamp=8285 ms, used_size=8912896 bytes (21.8%)
(RDMA_READ_CONSUME_CHECK_CONSUMER) timestamp=8285 ms, used_size=8910848 bytes (21.8%)
(RDMA_READ_CONSUME_CHECK_CONSUMER) timestamp=8285 ms, used_size=8908800 bytes (21.8%)
(RDMA_READ_CONSUME_CHECK_CONSUMER) timestamp=8285 ms, used_size=8906752 bytes (21.7%)
(RDMA_READ_CONSUME_CHECK_CONSUMER) timestamp=8285 ms, used_size=8904704 bytes (21.7%)
(RDMA_READ_CONSUME_CHECK_CONSUMER) timestamp=8285 ms, used_size=8902656 bytes (21.7%)
(RDMA_READ_CONSUME_CHECK_CONSUMER) timestamp=8285 ms, used_size=8900608 bytes (21.7%)
(RDMA_READ_CONSUME_CHECK_CONSUMER) timestamp=8285 ms, used_size=8898560 bytes (21.7%)
(RDMA_READ_CONSUME_CHECK_CONSUMER) timestamp=8285 ms, used_size=8896512 bytes (21.7%)
(RDMA_READ_CONSUME_CHECK_CONSUMER) timestamp=8285 ms, used_size=8894464 bytes (21.7%)
(RDMA_READ_CONSUME_CHECK_CONSUMER) timestamp=8285 ms, used_size=8892416 bytes (21.7%)
(RDMA_READ_CONSUME_CHECK_CONSUMER) timestamp=8285 ms, used_size=8890368 bytes (21.7%)
(RDMA_READ_CONSUME_CHECK_CONSUMER) timestamp=8285 ms, used_size=8888320 bytes (21.7%)
(RDMA_READ_CONSUME_CHECK_CONSUMER) timestamp=8285 ms, used_size=8886272 bytes (21.7%)
(RDMA_READ_CONSUME_CHECK_CONSUMER) timestamp=8285 ms, used_size=8884224 bytes (21.7%)
(RDMA_READ_CONSUME_CHECK_CONSUMER) timestamp=8285 ms, used_size=8882176 bytes (21.7%)
(RDMA_READ_CONSUME_CHECK_CONSUMER) timestamp=8285 ms, used_size=8880128 bytes (21.7%)
(RDMA_READ_CONSUME_CHECK_CONSUMER) timestamp=8285 ms, used_size=8878080 bytes (21.7%)
(RDMA_READ_CONSUME_CHECK_CONSUMER) timestamp=8285 ms, used_size=8876032 bytes (21.7%)
(RDMA_READ_CONSUME_CHECK_CONSUMER) timestamp=8285 ms, used_size=8873984 bytes (21.7%)
(RDMA_READ_CONSUME_CHECK_CONSUMER) timestamp=8285 ms, used_size=8871936 bytes (21.7%)
(RDMA_READ_CONSUME_CHECK_CONSUMER) timestamp=8285 ms, used_size=8869888 bytes (21.7%)
(RDMA_READ_CONSUME_CHECK_CONSUMER) timestamp=8285 ms, used_size=8867840 bytes (21.6%)
(RDMA_READ_CONSUME_CHECK_CONSUMER) timestamp=8285 ms, used_size=8865792 bytes (21.6%)
(RDMA_READ_CONSUME_CHECK_CONSUMER) timestamp=8285 ms, used_size=8863744 bytes (21.6%)
(RDMA_READ_CONSUME_CHECK_CONSUMER) timestamp=8285 ms, used_size=8861696 bytes (21.6%)
(RDMA_READ_CONSUME_CHECK_CONSUMER) timestamp=8285 ms, used_size=8859648 bytes (21.6%)
(RDMA_READ_CONSUME_CHECK_CONSUMER) timestamp=8285 ms, used_size=8857600 bytes (21.6%)
(RDMA_READ_CONSUME_CHECK_CONSUMER) timestamp=8285 ms, used_size=8855552 bytes (21.6%)
(RDMA_READ_CONSUME_CHECK_CONSUMER) timestamp=8285 ms, used_size=8853504 bytes (21.6%)
(RDMA_READ_CONSUME_CHECK_CONSUMER) timestamp=8285 ms, used_size=8851456 bytes (21.6%)
(RDMA_READ_CONSUME_CHECK_CONSUMER) timestamp=8285 ms, used_size=8849408 bytes (21.6%)
(RDMA_READ_CONSUME_CHECK_CONSUMER) timestamp=8285 ms, used_size=8847360 bytes (21.6%)
(RDMA_READ_CONSUME_CHECK_CONSUMER) timestamp=8285 ms, used_size=8845312 bytes (21.6%)
(RDMA_READ_CONSUME_CHECK_CONSUMER) timestamp=8285 ms, used_size=8843264 bytes (21.6%)
(RDMA_READ_CONSUME_CHECK_CONSUMER) timestamp=8285 ms, used_size=8841216 bytes (21.6%)
(RDMA_READ_CONSUME_CHECK_CONSUMER) timestamp=8285 ms, used_size=8839168 bytes (21.6%)
(RDMA_READ_CONSUME_CHECK_CONSUMER) timestamp=8285 ms, used_size=8837120 bytes (21.6%)
(RDMA_READ_CONSUME_CHECK_CONSUMER) timestamp=8285 ms, used_size=8835072 bytes (21.6%)
(RDMA_READ_CONSUME_CHECK_CONSUMER) timestamp=8285 ms, used_size=8833024 bytes (21.6%)
(RDMA_READ_CONSUME_CHECK_CONSUMER) timestamp=8285 ms, used_size=8830976 bytes (21.6%)
(RDMA_READ_CONSUME_CHECK_CONSUMER) timestamp=8285 ms, used_size=8828928 bytes (21.6%)
(RDMA_READ_CONSUME_CHECK_CONSUMER) timestamp=8285 ms, used_size=8826880 bytes (21.6%)
(RDMA_READ_CONSUME_CHECK_CONSUMER) timestamp=8285 ms, used_size=8824832 bytes (21.5%)
(RDMA_READ_CONSUME_CHECK_CONSUMER) timestamp=8285 ms, used_size=8822784 bytes (21.5%)
(RDMA_READ_CONSUME_CHECK_CONSUMER) timestamp=8285 ms, used_size=8820736 bytes (21.5%)
(RDMA_READ_CONSUME_CHECK_CONSUMER) timestamp=8285 ms, used_size=8818688 bytes (21.5%)
(RDMA_READ_CONSUME_CHECK_CONSUMER) timestamp=8285 ms, used_size=8816640 bytes (21.5%)
(RDMA_READ_CONSUME_CHECK_CONSUMER) timestamp=8285 ms, used_size=8814592 bytes (21.5%)
(RDMA_READ_CONSUME_CHECK_CONSUMER) timestamp=8285 ms, used_size=8812544 bytes (21.5%)
(RDMA_READ_CONSUME_CHECK_CONSUMER) timestamp=8285 ms, used_size=8810496 bytes (21.5%)
(RDMA_READ_CONSUME_CHECK_CONSUMER) timestamp=8285 ms, used_size=8808448 bytes (21.5%)
(RDMA_READ_CONSUME_CHECK_CONSUMER) timestamp=8285 ms, used_size=8806400 bytes (21.5%)
(RDMA_READ_CONSUME_CHECK_CONSUMER) timestamp=8285 ms, used_size=8804352 bytes (21.5%)
(RDMA_READ_CONSUME_CHECK_CONSUMER) timestamp=8285 ms, used_size=8802304 bytes (21.5%)
(RDMA_READ_CONSUME_CHECK_CONSUMER) timestamp=8285 ms, used_size=8800256 bytes (21.5%)
(RDMA_READ_CONSUME_CHECK_CONSUMER) timestamp=8285 ms, used_size=8798208 bytes (21.5%)
(RDMA_READ_CONSUME_CHECK_CONSUMER) timestamp=8285 ms, used_size=8796160 bytes (21.5%)
(RDMA_READ_CONSUME_CHECK_CONSUMER) timestamp=8285 ms, used_size=8794112 bytes (21.5%)
(RDMA_READ_CONSUME_CHECK_CONSUMER) timestamp=8285 ms, used_size=8792064 bytes (21.5%)
(RDMA_READ_CONSUME_CHECK_CONSUMER) timestamp=8285 ms, used_size=8790016 bytes (21.5%)
(RDMA_READ_CONSUME_CHECK_CONSUMER) timestamp=8285 ms, used_size=8787968 bytes (21.5%)
(RDMA_READ_CONSUME_CHECK_CONSUMER) timestamp=8285 ms, used_size=8785920 bytes (21.4%)
(RDMA_READ_CONSUME_CHECK_CONSUMER) timestamp=8285 ms, used_size=8783872 bytes (21.4%)
(RDMA_READ_CONSUME_CHECK_CONSUMER) timestamp=8285 ms, used_size=8781824 bytes (21.4%)
(RDMA_READ_CONSUME_CHECK_CONSUMER) timestamp=8285 ms, used_size=8779776 bytes (21.4%)
(RDMA_READ_CONSUME_CHECK_CONSUMER) timestamp=8285 ms, used_size=8777728 bytes (21.4%)
(RDMA_READ_CONSUME_CHECK_CONSUMER) timestamp=8285 ms, used_size=8775680 bytes (21.4%)
(RDMA_READ_CONSUME_CHECK_CONSUMER) timestamp=8285 ms, used_size=8773632 bytes (21.4%)
(RDMA_READ_CONSUME_CHECK_CONSUMER) timestamp=8285 ms, used_size=8771584 bytes (21.4%)
(RDMA_READ_CONSUME_CHECK_CONSUMER) timestamp=8285 ms, used_size=8769536 bytes (21.4%)
(RDMA_READ_CONSUME_CHECK_CONSUMER) timestamp=8285 ms, used_size=8767488 bytes (21.4%)
(RDMA_READ_CONSUME_CHECK_CONSUMER) timestamp=8285 ms, used_size=8765440 bytes (21.4%)
(RDMA_READ_CONSUME_CHECK_CONSUMER) timestamp=8285 ms, used_size=8763392 bytes (21.4%)
(RDMA_READ_CONSUME_CHECK_CONSUMER) timestamp=8285 ms, used_size=8761344 bytes (21.4%)
(RDMA_READ_CONSUME_CHECK_CONSUMER) timestamp=8285 ms, used_size=8759296 bytes (21.4%)
(RDMA_READ_CONSUME_CHECK_CONSUMER) timestamp=8285 ms, used_size=8757248 bytes (21.4%)
(RDMA_READ_CONSUME_CHECK_CONSUMER) timestamp=8285 ms, used_size=8755200 bytes (21.4%)
(RDMA_READ_CONSUME_CHECK_CONSUMER) timestamp=8285 ms, used_size=8753152 bytes (21.4%)
(RDMA_READ_CONSUME_CHECK_CONSUMER) timestamp=8285 ms, used_size=8751104 bytes (21.4%)
(RDMA_READ_CONSUME_CHECK_CONSUMER) timestamp=8285 ms, used_size=8749056 bytes (21.4%)
(RDMA_READ_CONSUME_CHECK_CONSUMER) timestamp=8285 ms, used_size=8747008 bytes (21.4%)
(RDMA_READ_CONSUME_CHECK_CONSUMER) timestamp=8285 ms, used_size=8744960 bytes (21.4%)
(RDMA_READ_CONSUME_CHECK_CONSUMER) timestamp=8285 ms, used_size=8742912 bytes (21.3%)
(RDMA_READ_CONSUME_CHECK_CONSUMER) timestamp=8285 ms, used_size=8740864 bytes (21.3%)
(RDMA_READ_CONSUME_CHECK_CONSUMER) timestamp=8285 ms, used_size=8738816 bytes (21.3%)
(RDMA_READ_CONSUME_CHECK_CONSUMER) timestamp=8285 ms, used_size=8736768 bytes (21.3%)
(RDMA_READ_CONSUME_CHECK_CONSUMER) timestamp=8285 ms, used_size=8734720 bytes (21.3%)
(RDMA_READ_CONSUME_CHECK_CONSUMER) timestamp=8285 ms, used_size=8732672 bytes (21.3%)
(RDMA_READ_CONSUME_CHECK_CONSUMER) timestamp=8285 ms, used_size=8730624 bytes (21.3%)
(RDMA_READ_CONSUME_CHECK_CONSUMER) timestamp=8285 ms, used_size=8728576 bytes (21.3%)
(RDMA_READ_CONSUME_CHECK_CONSUMER) timestamp=8285 ms, used_size=8726528 bytes (21.3%)
(RDMA_READ_CONSUME_CHECK_CONSUMER) timestamp=8285 ms, used_size=8724480 bytes (21.3%)
(RDMA_READ_CONSUME_CHECK_CONSUMER) timestamp=8285 ms, used_size=8722432 bytes (21.3%)
(RDMA_READ_CONSUME_CHECK_CONSUMER) timestamp=8285 ms, used_size=8720384 bytes (21.3%)
(RDMA_READ_CONSUME_CHECK_CONSUMER) timestamp=8285 ms, used_size=8718336 bytes (21.3%)
(RDMA_READ_CONSUME_CHECK_CONSUMER) timestamp=8285 ms, used_size=8716288 bytes (21.3%)
(RDMA_READ_CONSUME_CHECK_CONSUMER) timestamp=8285 ms, used_size=8714240 bytes (21.3%)
(RDMA_READ_CONSUME_CHECK_CONSUMER) timestamp=8285 ms, used_size=8712192 bytes (21.3%)
(RDMA_READ_CONSUME_CHECK_CONSUMER) timestamp=8285 ms, used_size=8710144 bytes (21.3%)
(RDMA_READ_CONSUME_CHECK_CONSUMER) timestamp=8285 ms, used_size=8708096 bytes (21.3%)
(RDMA_READ_CONSUME_CHECK_CONSUMER) timestamp=8285 ms, used_size=8706048 bytes (21.3%)
(RDMA_READ_CONSUME_CHECK_CONSUMER) timestamp=8285 ms, used_size=8704000 bytes (21.2%)
(RDMA_READ_CONSUME_CHECK_CONSUMER) timestamp=8285 ms, used_size=8701952 bytes (21.2%)
(RDMA_READ_CONSUME_CHECK_CONSUMER) timestamp=8285 ms, used_size=8699904 bytes (21.2%)
(RDMA_READ_CONSUME_CHECK_CONSUMER) timestamp=8285 ms, used_size=8697856 bytes (21.2%)
(RDMA_READ_CONSUME_CHECK_CONSUMER) timestamp=8285 ms, used_size=8695808 bytes (21.2%)
(RDMA_READ_CONSUME_CHECK_CONSUMER) timestamp=8285 ms, used_size=8693760 bytes (21.2%)
(RDMA_READ_CONSUME_CHECK_CONSUMER) timestamp=8285 ms, used_size=8691712 bytes (21.2%)
(RDMA_READ_CONSUME_CHECK_CONSUMER) timestamp=8285 ms, used_size=8689664 bytes (21.2%)
(RDMA_READ_CONSUME_CHECK_CONSUMER) timestamp=8285 ms, used_size=8687616 bytes (21.2%)
(RDMA_READ_CONSUME_CHECK_CONSUMER) timestamp=8285 ms, used_size=8685568 bytes (21.2%)
(RDMA_READ_CONSUME_CHECK_CONSUMER) timestamp=8285 ms, used_size=8683520 bytes (21.2%)
(RDMA_READ_CONSUME_CHECK_CONSUMER) timestamp=8285 ms, used_size=8681472 bytes (21.2%)
(RDMA_READ_CONSUME_CHECK_CONSUMER) timestamp=8285 ms, used_size=8679424 bytes (21.2%)
(RDMA_READ_CONSUME_CHECK_CONSUMER) timestamp=8285 ms, used_size=8677376 bytes (21.2%)
(RDMA_READ_CONSUME_CHECK_CONSUMER) timestamp=8285 ms, used_size=8675328 bytes (21.2%)
(RDMA_READ_CONSUME_CHECK_CONSUMER) timestamp=8285 ms, used_size=8673280 bytes (21.2%)
(RDMA_READ_CONSUME_CHECK_CONSUMER) timestamp=8285 ms, used_size=8671232 bytes (21.2%)
(RDMA_READ_CONSUME_CHECK_CONSUMER) timestamp=8285 ms, used_size=8669184 bytes (21.2%)
(RDMA_READ_CONSUME_CHECK_CONSUMER) timestamp=8285 ms, used_size=8667136 bytes (21.2%)
(RDMA_READ_CONSUME_CHECK_CONSUMER) timestamp=8285 ms, used_size=8665088 bytes (21.2%)
(RDMA_READ_CONSUME_CHECK_CONSUMER) timestamp=8285 ms, used_size=8663040 bytes (21.1%)
(RDMA_READ_CONSUME_CHECK_CONSUMER) timestamp=8285 ms, used_size=8660992 bytes (21.1%)
(RDMA_READ_CONSUME_CHECK_CONSUMER) timestamp=8285 ms, used_size=8658944 bytes (21.1%)
(RDMA_READ_CONSUME_CHECK_CONSUMER) timestamp=8285 ms, used_size=8656896 bytes (21.1%)
(RDMA_READ_CONSUME_CHECK_CONSUMER) timestamp=8285 ms, used_size=8654848 bytes (21.1%)
(RDMA_READ_CONSUME_CHECK_CONSUMER) timestamp=8285 ms, used_size=8652800 bytes (21.1%)
(RDMA_READ_CONSUME_CHECK_CONSUMER) timestamp=8285 ms, used_size=8650752 bytes (21.1%)
(RDMA_READ_CONSUME_CHECK_CONSUMER) timestamp=8285 ms, used_size=8648704 bytes (21.1%)
(RDMA_READ_CONSUME_CHECK_CONSUMER) timestamp=8285 ms, used_size=8646656 bytes (21.1%)
(RDMA_READ_CONSUME_CHECK_CONSUMER) timestamp=8285 ms, used_size=8644608 bytes (21.1%)
(RDMA_READ_CONSUME_CHECK_CONSUMER) timestamp=8285 ms, used_size=8642560 bytes (21.1%)
(RDMA_READ_CONSUME_CHECK_CONSUMER) timestamp=8285 ms, used_size=8640512 bytes (21.1%)
(RDMA_READ_CONSUME_CHECK_CONSUMER) timestamp=8285 ms, used_size=8638464 bytes (21.1%)
(RDMA_READ_CONSUME_CHECK_CONSUMER) timestamp=8285 ms, used_size=8636416 bytes (21.1%)
(RDMA_READ_CONSUME_CHECK_CONSUMER) timestamp=8285 ms, used_size=8634368 bytes (21.1%)
(RDMA_READ_CONSUME_CHECK_CONSUMER) timestamp=8285 ms, used_size=8632320 bytes (21.1%)
(RDMA_READ_CONSUME_CHECK_CONSUMER) timestamp=8286 ms, used_size=8630272 bytes (21.1%)
(RDMA_READ_CONSUME_CHECK_CONSUMER) timestamp=8286 ms, used_size=8628224 bytes (21.1%)
(RDMA_READ_CONSUME_CHECK_CONSUMER) timestamp=8286 ms, used_size=8626176 bytes (21.1%)
(RDMA_READ_CONSUME_CHECK_CONSUMER) timestamp=8286 ms, used_size=8624128 bytes (21.1%)
(RDMA_READ_CONSUME_CHECK_CONSUMER) timestamp=8286 ms, used_size=8622080 bytes (21.1%)
(RDMA_READ_CONSUME_CHECK_CONSUMER) timestamp=8286 ms, used_size=8620032 bytes (21.0%)
(RDMA_READ_CONSUME_CHECK_CONSUMER) timestamp=8286 ms, used_size=8617984 bytes (21.0%)
(RDMA_READ_CONSUME_CHECK_CONSUMER) timestamp=8286 ms, used_size=8615936 bytes (21.0%)
(RDMA_READ_CONSUME_CHECK_CONSUMER) timestamp=8286 ms, used_size=8613888 bytes (21.0%)
(RDMA_READ_CONSUME_CHECK_CONSUMER) timestamp=8286 ms, used_size=8611840 bytes (21.0%)
(RDMA_READ_CONSUME_CHECK_CONSUMER) timestamp=8286 ms, used_size=8609792 bytes (21.0%)
(RDMA_READ_CONSUME_CHECK_CONSUMER) timestamp=8286 ms, used_size=8607744 bytes (21.0%)
(RDMA_READ_CONSUME_CHECK_CONSUMER) timestamp=8286 ms, used_size=8605696 bytes (21.0%)
(RDMA_READ_CONSUME_CHECK_CONSUMER) timestamp=8286 ms, used_size=8603648 bytes (21.0%)
(RDMA_READ_CONSUME_CHECK_CONSUMER) timestamp=8286 ms, used_size=8601600 bytes (21.0%)
(RDMA_READ_CONSUME_CHECK_CONSUMER) timestamp=8286 ms, used_size=8599552 bytes (21.0%)
(RDMA_READ_CONSUME_CHECK_CONSUMER) timestamp=8286 ms, used_size=8597504 bytes (21.0%)
(RDMA_READ_CONSUME_CHECK_CONSUMER) timestamp=8286 ms, used_size=8595456 bytes (21.0%)
(RDMA_READ_CONSUME_CHECK_CONSUMER) timestamp=8286 ms, used_size=8593408 bytes (21.0%)
(RDMA_READ_CONSUME_CHECK_CONSUMER) timestamp=8286 ms, used_size=8591360 bytes (21.0%)
(RDMA_READ_CONSUME_CHECK_CONSUMER) timestamp=8286 ms, used_size=8589312 bytes (21.0%)
(RDMA_READ_CONSUME_CHECK_CONSUMER) timestamp=8286 ms, used_size=8587264 bytes (21.0%)
(RDMA_READ_CONSUME_CHECK_CONSUMER) timestamp=8286 ms, used_size=8585216 bytes (21.0%)
(RDMA_READ_CONSUME_CHECK_CONSUMER) timestamp=8286 ms, used_size=8583168 bytes (21.0%)
(RDMA_READ_CONSUME_CHECK_CONSUMER) timestamp=8286 ms, used_size=8581120 bytes (20.9%)
(RDMA_READ_CONSUME_CHECK_CONSUMER) timestamp=8286 ms, used_size=8579072 bytes (20.9%)
(RDMA_READ_CONSUME_CHECK_CONSUMER) timestamp=8286 ms, used_size=8577024 bytes (20.9%)
(RDMA_READ_CONSUME_CHECK_CONSUMER) timestamp=8286 ms, used_size=8574976 bytes (20.9%)
(RDMA_READ_CONSUME_CHECK_CONSUMER) timestamp=8286 ms, used_size=8572928 bytes (20.9%)
(RDMA_READ_CONSUME_CHECK_CONSUMER) timestamp=8286 ms, used_size=8570880 bytes (20.9%)
(RDMA_READ_CONSUME_CHECK_CONSUMER) timestamp=8286 ms, used_size=8568832 bytes (20.9%)
(RDMA_READ_CONSUME_CHECK_CONSUMER) timestamp=8286 ms, used_size=8566784 bytes (20.9%)
(RDMA_READ_CONSUME_CHECK_CONSUMER) timestamp=8286 ms, used_size=8564736 bytes (20.9%)
(RDMA_READ_CONSUME_CHECK_CONSUMER) timestamp=8286 ms, used_size=8562688 bytes (20.9%)
(RDMA_READ_CONSUME_CHECK_CONSUMER) timestamp=8286 ms, used_size=8560640 bytes (20.9%)
(RDMA_READ_CONSUME_CHECK_CONSUMER) timestamp=8286 ms, used_size=8558592 bytes (20.9%)
(RDMA_READ_CONSUME_CHECK_CONSUMER) timestamp=8286 ms, used_size=8556544 bytes (20.9%)
(RDMA_READ_CONSUME_CHECK_CONSUMER) timestamp=8286 ms, used_size=8554496 bytes (20.9%)
(RDMA_READ_CONSUME_CHECK_CONSUMER) timestamp=8286 ms, used_size=8552448 bytes (20.9%)
(RDMA_READ_CONSUME_CHECK_CONSUMER) timestamp=8286 ms, used_size=8550400 bytes (20.9%)
(RDMA_READ_CONSUME_CHECK_CONSUMER) timestamp=8286 ms, used_size=8548352 bytes (20.9%)
(RDMA_READ_CONSUME_CHECK_CONSUMER) timestamp=8286 ms, used_size=8546304 bytes (20.9%)
(RDMA_READ_CONSUME_CHECK_CONSUMER) timestamp=8286 ms, used_size=8544256 bytes (20.9%)
(RDMA_READ_CONSUME_CHECK_CONSUMER) timestamp=8286 ms, used_size=8542208 bytes (20.9%)
(RDMA_READ_CONSUME_CHECK_CONSUMER) timestamp=8286 ms, used_size=8540160 bytes (20.9%)
(RDMA_READ_CONSUME_CHECK_CONSUMER) timestamp=8286 ms, used_size=8538112 bytes (20.8%)
(RDMA_READ_CONSUME_CHECK_CONSUMER) timestamp=8286 ms, used_size=8536064 bytes (20.8%)
(RDMA_READ_CONSUME_CHECK_CONSUMER) timestamp=8286 ms, used_size=8534016 bytes (20.8%)
(RDMA_READ_CONSUME_CHECK_CONSUMER) timestamp=8286 ms, used_size=8531968 bytes (20.8%)
(RDMA_READ_CONSUME_CHECK_CONSUMER) timestamp=8286 ms, used_size=8529920 bytes (20.8%)
(RDMA_READ_CONSUME_CHECK_CONSUMER) timestamp=8286 ms, used_size=8527872 bytes (20.8%)
(RDMA_READ_CONSUME_CHECK_CONSUMER) timestamp=8286 ms, used_size=8525824 bytes (20.8%)
(RDMA_READ_CONSUME_CHECK_CONSUMER) timestamp=8286 ms, used_size=8523776 bytes (20.8%)
(RDMA_READ_CONSUME_CHECK_CONSUMER) timestamp=8286 ms, used_size=8521728 bytes (20.8%)
(RDMA_READ_CONSUME_CHECK_CONSUMER) timestamp=8286 ms, used_size=8519680 bytes (20.8%)
(RDMA_READ_CONSUME_CHECK_CONSUMER) timestamp=8286 ms, used_size=8517632 bytes (20.8%)
(RDMA_READ_CONSUME_CHECK_CONSUMER) timestamp=8286 ms, used_size=8515584 bytes (20.8%)
(RDMA_READ_CONSUME_CHECK_CONSUMER) timestamp=8286 ms, used_size=8513536 bytes (20.8%)
(RDMA_READ_CONSUME_CHECK_CONSUMER) timestamp=8286 ms, used_size=8511488 bytes (20.8%)
(RDMA_READ_CONSUME_CHECK_CONSUMER) timestamp=8286 ms, used_size=8509440 bytes (20.8%)
(RDMA_READ_CONSUME_CHECK_CONSUMER) timestamp=8286 ms, used_size=8507392 bytes (20.8%)
(RDMA_READ_CONSUME_CHECK_CONSUMER) timestamp=8286 ms, used_size=8505344 bytes (20.8%)
(RDMA_READ_CONSUME_CHECK_CONSUMER) timestamp=8286 ms, used_size=8503296 bytes (20.8%)
(RDMA_READ_CONSUME_CHECK_CONSUMER) timestamp=8286 ms, used_size=8501248 bytes (20.8%)
(RDMA_READ_CONSUME_CHECK_CONSUMER) timestamp=8286 ms, used_size=8499200 bytes (20.8%)
(RDMA_READ_CONSUME_CHECK_CONSUMER) timestamp=8286 ms, used_size=8497152 bytes (20.7%)
(RDMA_READ_CONSUME_CHECK_CONSUMER) timestamp=8286 ms, used_size=8495104 bytes (20.7%)
(RDMA_READ_CONSUME_CHECK_CONSUMER) timestamp=8286 ms, used_size=8493056 bytes (20.7%)
(RDMA_READ_CONSUME_CHECK_CONSUMER) timestamp=8286 ms, used_size=8491008 bytes (20.7%)
(RDMA_READ_CONSUME_CHECK_CONSUMER) timestamp=8286 ms, used_size=8488960 bytes (20.7%)
(RDMA_READ_CONSUME_CHECK_CONSUMER) timestamp=8286 ms, used_size=8486912 bytes (20.7%)
(RDMA_READ_CONSUME_CHECK_CONSUMER) timestamp=8286 ms, used_size=8484864 bytes (20.7%)
(RDMA_READ_CONSUME_CHECK_CONSUMER) timestamp=8286 ms, used_size=8482816 bytes (20.7%)
(RDMA_READ_CONSUME_CHECK_CONSUMER) timestamp=8286 ms, used_size=8480768 bytes (20.7%)
(RDMA_READ_CONSUME_CHECK_CONSUMER) timestamp=8286 ms, used_size=8478720 bytes (20.7%)
(RDMA_READ_CONSUME_CHECK_CONSUMER) timestamp=8286 ms, used_size=8476672 bytes (20.7%)
(RDMA_READ_CONSUME_CHECK_CONSUMER) timestamp=8286 ms, used_size=8474624 bytes (20.7%)
(RDMA_READ_CONSUME_CHECK_CONSUMER) timestamp=8286 ms, used_size=8472576 bytes (20.7%)
(RDMA_READ_CONSUME_CHECK_CONSUMER) timestamp=8286 ms, used_size=8470528 bytes (20.7%)
(RDMA_READ_CONSUME_CHECK_CONSUMER) timestamp=8286 ms, used_size=8468480 bytes (20.7%)
(RDMA_READ_CONSUME_CHECK_CONSUMER) timestamp=8286 ms, used_size=8466432 bytes (20.7%)
(RDMA_READ_CONSUME_CHECK_CONSUMER) timestamp=8286 ms, used_size=8464384 bytes (20.7%)
(RDMA_READ_CONSUME_CHECK_CONSUMER) timestamp=8286 ms, used_size=8462336 bytes (20.7%)
(RDMA_READ_CONSUME_CHECK_CONSUMER) timestamp=8286 ms, used_size=8460288 bytes (20.7%)
(RDMA_READ_CONSUME_CHECK_CONSUMER) timestamp=8286 ms, used_size=8458240 bytes (20.6%)
(RDMA_READ_CONSUME_CHECK_CONSUMER) timestamp=8286 ms, used_size=8456192 bytes (20.6%)
(RDMA_READ_CONSUME_CHECK_CONSUMER) timestamp=8286 ms, used_size=8454144 bytes (20.6%)
(RDMA_READ_CONSUME_CHECK_CONSUMER) timestamp=8286 ms, used_size=8452096 bytes (20.6%)
(RDMA_READ_CONSUME_CHECK_CONSUMER) timestamp=8286 ms, used_size=8450048 bytes (20.6%)
(RDMA_READ_CONSUME_CHECK_CONSUMER) timestamp=8286 ms, used_size=8448000 bytes (20.6%)
(RDMA_READ_CONSUME_CHECK_CONSUMER) timestamp=8286 ms, used_size=8445952 bytes (20.6%)
(RDMA_READ_CONSUME_CHECK_CONSUMER) timestamp=8286 ms, used_size=8443904 bytes (20.6%)
(RDMA_READ_CONSUME_CHECK_CONSUMER) timestamp=8286 ms, used_size=8441856 bytes (20.6%)
(RDMA_READ_CONSUME_CHECK_CONSUMER) timestamp=8286 ms, used_size=8439808 bytes (20.6%)
(RDMA_READ_CONSUME_CHECK_CONSUMER) timestamp=8286 ms, used_size=8437760 bytes (20.6%)
(RDMA_READ_CONSUME_CHECK_CONSUMER) timestamp=8286 ms, used_size=8435712 bytes (20.6%)
(RDMA_READ_CONSUME_CHECK_CONSUMER) timestamp=8286 ms, used_size=8433664 bytes (20.6%)
(RDMA_READ_CONSUME_CHECK_CONSUMER) timestamp=8286 ms, used_size=8431616 bytes (20.6%)
(RDMA_READ_CONSUME_CHECK_CONSUMER) timestamp=8286 ms, used_size=8429568 bytes (20.6%)
(RDMA_READ_CONSUME_CHECK_CONSUMER) timestamp=8286 ms, used_size=8427520 bytes (20.6%)
(RDMA_READ_CONSUME_CHECK_CONSUMER) timestamp=8286 ms, used_size=8425472 bytes (20.6%)
(RDMA_READ_CONSUME_CHECK_CONSUMER) timestamp=8286 ms, used_size=8423424 bytes (20.6%)
(RDMA_READ_CONSUME_CHECK_CONSUMER) timestamp=8286 ms, used_size=8421376 bytes (20.6%)
(RDMA_READ_CONSUME_CHECK_CONSUMER) timestamp=8286 ms, used_size=8419328 bytes (20.6%)
(RDMA_READ_CONSUME_CHECK_CONSUMER) timestamp=8286 ms, used_size=8417280 bytes (20.6%)
(RDMA_READ_CONSUME_CHECK_CONSUMER) timestamp=8286 ms, used_size=8415232 bytes (20.5%)
(RDMA_READ_CONSUME_CHECK_CONSUMER) timestamp=8286 ms, used_size=8413184 bytes (20.5%)
(RDMA_READ_CONSUME_CHECK_CONSUMER) timestamp=8286 ms, used_size=8411136 bytes (20.5%)
(RDMA_READ_CONSUME_CHECK_CONSUMER) timestamp=8286 ms, used_size=8409088 bytes (20.5%)
(RDMA_READ_CONSUME_CHECK_CONSUMER) timestamp=8286 ms, used_size=8407040 bytes (20.5%)
(RDMA_READ_CONSUME_CHECK_CONSUMER) timestamp=8286 ms, used_size=8404992 bytes (20.5%)
(RDMA_READ_CONSUME_CHECK_CONSUMER) timestamp=8286 ms, used_size=8402944 bytes (20.5%)
(RDMA_READ_CONSUME_CHECK_CONSUMER) timestamp=8286 ms, used_size=8400896 bytes (20.5%)
(RDMA_READ_CONSUME_CHECK_CONSUMER) timestamp=8286 ms, used_size=8398848 bytes (20.5%)
(RDMA_READ_CONSUME_CHECK_CONSUMER) timestamp=8286 ms, used_size=8396800 bytes (20.5%)
(RDMA_READ_CONSUME_CHECK_CONSUMER) timestamp=8286 ms, used_size=8394752 bytes (20.5%)
(RDMA_READ_CONSUME_CHECK_CONSUMER) timestamp=8286 ms, used_size=8392704 bytes (20.5%)
(RDMA_READ_CONSUME_CHECK_CONSUMER) timestamp=8286 ms, used_size=8390656 bytes (20.5%)
(RDMA_READ_CONSUME_CHECK_CONSUMER) timestamp=8286 ms, used_size=8388608 bytes (20.5%)
(RDMA_READ_CONSUME_CHECK_CONSUMER) timestamp=8286 ms, used_size=8386560 bytes (20.5%)
(RDMA_READ_CONSUME_CHECK_CONSUMER) timestamp=8286 ms, used_size=8384512 bytes (20.5%)
(RDMA_READ_CONSUME_CHECK_CONSUMER) timestamp=8286 ms, used_size=8382464 bytes (20.5%)
(RDMA_READ_CONSUME_CHECK_CONSUMER) timestamp=8286 ms, used_size=8380416 bytes (20.5%)
(RDMA_READ_CONSUME_CHECK_CONSUMER) timestamp=8286 ms, used_size=8378368 bytes (20.5%)
(RDMA_READ_CONSUME_CHECK_CONSUMER) timestamp=8286 ms, used_size=8376320 bytes (20.4%)
(RDMA_READ_CONSUME_CHECK_CONSUMER) timestamp=8286 ms, used_size=8374272 bytes (20.4%)
(RDMA_READ_CONSUME_CHECK_CONSUMER) timestamp=8286 ms, used_size=8372224 bytes (20.4%)
(RDMA_READ_CONSUME_CHECK_CONSUMER) timestamp=8286 ms, used_size=8370176 bytes (20.4%)
(RDMA_READ_CONSUME_CHECK_CONSUMER) timestamp=8286 ms, used_size=8368128 bytes (20.4%)
(RDMA_READ_CONSUME_CHECK_CONSUMER) timestamp=8286 ms, used_size=8366080 bytes (20.4%)
(RDMA_READ_CONSUME_CHECK_CONSUMER) timestamp=8286 ms, used_size=8364032 bytes (20.4%)
(RDMA_READ_CONSUME_CHECK_CONSUMER) timestamp=8286 ms, used_size=8361984 bytes (20.4%)
(RDMA_READ_CONSUME_CHECK_CONSUMER) timestamp=8286 ms, used_size=8359936 bytes (20.4%)
(RDMA_READ_CONSUME_CHECK_CONSUMER) timestamp=8286 ms, used_size=8357888 bytes (20.4%)
(RDMA_READ_CONSUME_CHECK_CONSUMER) timestamp=8286 ms, used_size=8355840 bytes (20.4%)
(RDMA_READ_CONSUME_CHECK_CONSUMER) timestamp=8286 ms, used_size=8353792 bytes (20.4%)
(RDMA_READ_CONSUME_CHECK_CONSUMER) timestamp=8286 ms, used_size=8351744 bytes (20.4%)
(RDMA_READ_CONSUME_CHECK_CONSUMER) timestamp=8286 ms, used_size=8349696 bytes (20.4%)
(RDMA_READ_CONSUME_CHECK_CONSUMER) timestamp=8286 ms, used_size=8347648 bytes (20.4%)
(RDMA_READ_CONSUME_CHECK_CONSUMER) timestamp=8286 ms, used_size=8345600 bytes (20.4%)
(RDMA_READ_CONSUME_CHECK_CONSUMER) timestamp=8286 ms, used_size=8343552 bytes (20.4%)
(RDMA_READ_CONSUME_CHECK_CONSUMER) timestamp=8286 ms, used_size=8341504 bytes (20.4%)
(RDMA_READ_CONSUME_CHECK_CONSUMER) timestamp=8286 ms, used_size=8339456 bytes (20.4%)
(RDMA_READ_CONSUME_CHECK_CONSUMER) timestamp=8286 ms, used_size=8337408 bytes (20.4%)
(RDMA_READ_CONSUME_CHECK_CONSUMER) timestamp=8286 ms, used_size=8335360 bytes (20.4%)
(RDMA_READ_CONSUME_CHECK_CONSUMER) timestamp=8286 ms, used_size=8333312 bytes (20.3%)
(RDMA_READ_CONSUME_CHECK_CONSUMER) timestamp=8286 ms, used_size=8331264 bytes (20.3%)
(RDMA_READ_CONSUME_CHECK_CONSUMER) timestamp=8286 ms, used_size=8329216 bytes (20.3%)
(RDMA_READ_CONSUME_CHECK_CONSUMER) timestamp=8286 ms, used_size=8327168 bytes (20.3%)
(RDMA_READ_CONSUME_CHECK_CONSUMER) timestamp=8286 ms, used_size=8325120 bytes (20.3%)
(RDMA_READ_CONSUME_CHECK_CONSUMER) timestamp=8286 ms, used_size=8323072 bytes (20.3%)
(RDMA_READ_CONSUME_CHECK_CONSUMER) timestamp=8286 ms, used_size=8321024 bytes (20.3%)
(RDMA_READ_CONSUME_CHECK_CONSUMER) timestamp=8286 ms, used_size=8318976 bytes (20.3%)
(RDMA_READ_CONSUME_CHECK_CONSUMER) timestamp=8286 ms, used_size=8316928 bytes (20.3%)
(RDMA_READ_CONSUME_CHECK_CONSUMER) timestamp=8286 ms, used_size=8314880 bytes (20.3%)
(RDMA_READ_CONSUME_CHECK_CONSUMER) timestamp=8286 ms, used_size=8312832 bytes (20.3%)
(RDMA_READ_CONSUME_CHECK_CONSUMER) timestamp=8286 ms, used_size=8310784 bytes (20.3%)
(RDMA_READ_CONSUME_CHECK_CONSUMER) timestamp=8286 ms, used_size=8308736 bytes (20.3%)
(RDMA_READ_CONSUME_CHECK_CONSUMER) timestamp=8286 ms, used_size=8306688 bytes (20.3%)
(RDMA_READ_CONSUME_CHECK_CONSUMER) timestamp=8286 ms, used_size=8304640 bytes (20.3%)
(RDMA_READ_CONSUME_CHECK_CONSUMER) timestamp=8286 ms, used_size=8302592 bytes (20.3%)
(RDMA_READ_CONSUME_CHECK_CONSUMER) timestamp=8286 ms, used_size=8300544 bytes (20.3%)
(RDMA_READ_CONSUME_CHECK_CONSUMER) timestamp=8286 ms, used_size=8298496 bytes (20.3%)
(RDMA_READ_CONSUME_CHECK_CONSUMER) timestamp=8286 ms, used_size=8296448 bytes (20.3%)
(RDMA_READ_CONSUME_CHECK_CONSUMER) timestamp=8286 ms, used_size=8294400 bytes (20.2%)
(RDMA_READ_CONSUME_CHECK_CONSUMER) timestamp=8286 ms, used_size=8292352 bytes (20.2%)
(RDMA_READ_CONSUME_CHECK_CONSUMER) timestamp=8286 ms, used_size=8290304 bytes (20.2%)
(RDMA_READ_CONSUME_CHECK_CONSUMER) timestamp=8286 ms, used_size=8288256 bytes (20.2%)
(RDMA_READ_CONSUME_CHECK_CONSUMER) timestamp=8286 ms, used_size=8286208 bytes (20.2%)
(RDMA_READ_CONSUME_CHECK_CONSUMER) timestamp=8286 ms, used_size=8284160 bytes (20.2%)
(RDMA_READ_CONSUME_CHECK_CONSUMER) timestamp=8286 ms, used_size=8282112 bytes (20.2%)
(RDMA_READ_CONSUME_CHECK_CONSUMER) timestamp=8286 ms, used_size=8280064 bytes (20.2%)
(RDMA_READ_CONSUME_CHECK_CONSUMER) timestamp=8286 ms, used_size=8278016 bytes (20.2%)
(RDMA_READ_CONSUME_CHECK_CONSUMER) timestamp=8286 ms, used_size=8275968 bytes (20.2%)
(RDMA_READ_CONSUME_CHECK_CONSUMER) timestamp=8286 ms, used_size=8273920 bytes (20.2%)
(RDMA_READ_CONSUME_CHECK_CONSUMER) timestamp=8286 ms, used_size=8271872 bytes (20.2%)
(RDMA_READ_CONSUME_CHECK_CONSUMER) timestamp=8286 ms, used_size=8269824 bytes (20.2%)
(RDMA_READ_CONSUME_CHECK_CONSUMER) timestamp=8286 ms, used_size=8267776 bytes (20.2%)
(RDMA_READ_CONSUME_CHECK_CONSUMER) timestamp=8286 ms, used_size=8265728 bytes (20.2%)
(RDMA_READ_CONSUME_CHECK_CONSUMER) timestamp=8287 ms, used_size=8263680 bytes (20.2%)
(RDMA_READ_CONSUME_CHECK_CONSUMER) timestamp=8287 ms, used_size=8261632 bytes (20.2%)
(RDMA_READ_CONSUME_CHECK_CONSUMER) timestamp=8287 ms, used_size=8259584 bytes (20.2%)
(RDMA_READ_CONSUME_CHECK_CONSUMER) timestamp=8287 ms, used_size=8257536 bytes (20.2%)
(RDMA_READ_CONSUME_CHECK_CONSUMER) timestamp=8287 ms, used_size=8255488 bytes (20.2%)
(RDMA_READ_CONSUME_CHECK_CONSUMER) timestamp=8287 ms, used_size=8253440 bytes (20.1%)
(RDMA_READ_CONSUME_CHECK_CONSUMER) timestamp=8287 ms, used_size=8251392 bytes (20.1%)
(RDMA_READ_CONSUME_CHECK_CONSUMER) timestamp=8287 ms, used_size=8249344 bytes (20.1%)
(RDMA_READ_CONSUME_CHECK_CONSUMER) timestamp=8287 ms, used_size=8247296 bytes (20.1%)
(RDMA_READ_CONSUME_CHECK_CONSUMER) timestamp=8287 ms, used_size=8245248 bytes (20.1%)
(RDMA_READ_CONSUME_CHECK_CONSUMER) timestamp=8287 ms, used_size=8243200 bytes (20.1%)
(RDMA_READ_CONSUME_CHECK_CONSUMER) timestamp=8287 ms, used_size=8241152 bytes (20.1%)
(RDMA_READ_CONSUME_CHECK_CONSUMER) timestamp=8287 ms, used_size=8239104 bytes (20.1%)
(RDMA_READ_CONSUME_CHECK_CONSUMER) timestamp=8287 ms, used_size=8237056 bytes (20.1%)
(RDMA_READ_CONSUME_CHECK_CONSUMER) timestamp=8287 ms, used_size=8235008 bytes (20.1%)
(RDMA_READ_CONSUME_CHECK_CONSUMER) timestamp=8287 ms, used_size=8232960 bytes (20.1%)
(RDMA_READ_CONSUME_CHECK_CONSUMER) timestamp=8287 ms, used_size=8230912 bytes (20.1%)
(RDMA_READ_CONSUME_CHECK_CONSUMER) timestamp=8287 ms, used_size=8228864 bytes (20.1%)
(RDMA_READ_CONSUME_CHECK_CONSUMER) timestamp=8287 ms, used_size=8226816 bytes (20.1%)
(RDMA_READ_CONSUME_CHECK_CONSUMER) timestamp=8287 ms, used_size=8224768 bytes (20.1%)
(RDMA_READ_CONSUME_CHECK_CONSUMER) timestamp=8287 ms, used_size=8222720 bytes (20.1%)
(RDMA_READ_CONSUME_CHECK_CONSUMER) timestamp=8287 ms, used_size=8220672 bytes (20.1%)
(RDMA_READ_CONSUME_CHECK_CONSUMER) timestamp=8287 ms, used_size=8218624 bytes (20.1%)
(RDMA_READ_CONSUME_CHECK_CONSUMER) timestamp=8287 ms, used_size=8216576 bytes (20.1%)
(RDMA_READ_CONSUME_CHECK_CONSUMER) timestamp=8287 ms, used_size=8214528 bytes (20.1%)
(RDMA_READ_CONSUME_CHECK_CONSUMER) timestamp=8287 ms, used_size=8212480 bytes (20.1%)
(RDMA_READ_CONSUME_CHECK_CONSUMER) timestamp=8287 ms, used_size=8210432 bytes (20.0%)
(RDMA_READ_CONSUME_CHECK_CONSUMER) timestamp=8287 ms, used_size=8208384 bytes (20.0%)
(RDMA_READ_CONSUME_CHECK_CONSUMER) timestamp=8287 ms, used_size=8206336 bytes (20.0%)
(RDMA_READ_CONSUME_CHECK_CONSUMER) timestamp=8287 ms, used_size=8204288 bytes (20.0%)
(RDMA_READ_CONSUME_CHECK_CONSUMER) timestamp=8287 ms, used_size=8202240 bytes (20.0%)
(RDMA_READ_CONSUME_CHECK_CONSUMER) timestamp=8287 ms, used_size=8200192 bytes (20.0%)
(RDMA_READ_CONSUME_CHECK_CONSUMER) timestamp=8287 ms, used_size=8198144 bytes (20.0%)
(RDMA_READ_CONSUME_CHECK_CONSUMER) timestamp=8287 ms, used_size=8196096 bytes (20.0%)
(RDMA_READ_CONSUME_CHECK_CONSUMER) timestamp=8287 ms, used_size=8194048 bytes (20.0%)
(RDMA_READ_CONSUME_CHECK_CONSUMER) timestamp=8287 ms, used_size=8192000 bytes (20.0%)
(RDMA_READ_CONSUME_CHECK_CONSUMER) timestamp=8287 ms, used_size=8189952 bytes (20.0%)
(RDMA_READ_CONSUME_CHECK_CONSUMER) timestamp=8287 ms, used_size=8187904 bytes (20.0%)
(RDMA_READ_CONSUME_CHECK_CONSUMER) timestamp=8287 ms, used_size=8185856 bytes (20.0%)
(RDMA_READ_CONSUME_CHECK_CONSUMER) timestamp=8287 ms, used_size=8183808 bytes (20.0%)
(RDMA_READ_CONSUME_CHECK_CONSUMER) timestamp=8287 ms, used_size=8181760 bytes (20.0%)
(RDMA_READ_CONSUME_CHECK_CONSUMER) timestamp=8287 ms, used_size=8179712 bytes (20.0%)
(RDMA_READ_CONSUME_CHECK_CONSUMER) timestamp=8287 ms, used_size=8177664 bytes (20.0%)
(RDMA_READ_CONSUME_CHECK_CONSUMER) timestamp=8287 ms, used_size=8175616 bytes (20.0%)
(RDMA_READ_CONSUME_CHECK_CONSUMER) timestamp=8287 ms, used_size=8173568 bytes (20.0%)
(RDMA_READ_CONSUME_CHECK_CONSUMER) timestamp=8287 ms, used_size=8171520 bytes (19.9%)
(RDMA_READ_CONSUME_CHECK_CONSUMER) timestamp=8287 ms, used_size=8169472 bytes (19.9%)
(RDMA_READ_CONSUME_CHECK_CONSUMER) timestamp=8287 ms, used_size=8167424 bytes (19.9%)
(RDMA_READ_CONSUME_CHECK_CONSUMER) timestamp=8287 ms, used_size=8165376 bytes (19.9%)
(RDMA_READ_CONSUME_CHECK_CONSUMER) timestamp=8287 ms, used_size=8163328 bytes (19.9%)
(RDMA_READ_CONSUME_CHECK_CONSUMER) timestamp=8287 ms, used_size=8161280 bytes (19.9%)
(RDMA_READ_CONSUME_CHECK_CONSUMER) timestamp=8287 ms, used_size=8159232 bytes (19.9%)
(RDMA_READ_CONSUME_CHECK_CONSUMER) timestamp=8287 ms, used_size=8157184 bytes (19.9%)
(RDMA_READ_CONSUME_CHECK_CONSUMER) timestamp=8287 ms, used_size=8155136 bytes (19.9%)
(RDMA_READ_CONSUME_CHECK_CONSUMER) timestamp=8287 ms, used_size=8153088 bytes (19.9%)
(RDMA_READ_CONSUME_CHECK_CONSUMER) timestamp=8287 ms, used_size=8151040 bytes (19.9%)
(RDMA_READ_CONSUME_CHECK_CONSUMER) timestamp=8287 ms, used_size=8148992 bytes (19.9%)
(RDMA_READ_CONSUME_CHECK_CONSUMER) timestamp=8287 ms, used_size=8146944 bytes (19.9%)
(RDMA_READ_CONSUME_CHECK_CONSUMER) timestamp=8287 ms, used_size=8144896 bytes (19.9%)
(RDMA_READ_CONSUME_CHECK_CONSUMER) timestamp=8287 ms, used_size=8142848 bytes (19.9%)
(RDMA_READ_CONSUME_CHECK_CONSUMER) timestamp=8287 ms, used_size=8140800 bytes (19.9%)
(RDMA_READ_CONSUME_CHECK_CONSUMER) timestamp=8287 ms, used_size=8138752 bytes (19.9%)
(RDMA_READ_CONSUME_CHECK_CONSUMER) timestamp=8287 ms, used_size=8136704 bytes (19.9%)
(RDMA_READ_CONSUME_CHECK_CONSUMER) timestamp=8287 ms, used_size=8134656 bytes (19.9%)
(RDMA_READ_CONSUME_CHECK_CONSUMER) timestamp=8287 ms, used_size=8132608 bytes (19.9%)
(RDMA_READ_CONSUME_CHECK_CONSUMER) timestamp=8287 ms, used_size=8130560 bytes (19.9%)
(RDMA_READ_CONSUME_CHECK_CONSUMER) timestamp=8287 ms, used_size=8128512 bytes (19.8%)
(RDMA_READ_CONSUME_CHECK_CONSUMER) timestamp=8287 ms, used_size=8126464 bytes (19.8%)
(RDMA_READ_CONSUME_CHECK_CONSUMER) timestamp=8287 ms, used_size=8124416 bytes (19.8%)
(RDMA_READ_CONSUME_CHECK_CONSUMER) timestamp=8287 ms, used_size=8122368 bytes (19.8%)
(RDMA_READ_CONSUME_CHECK_CONSUMER) timestamp=8287 ms, used_size=8120320 bytes (19.8%)
(RDMA_READ_CONSUME_CHECK_CONSUMER) timestamp=8287 ms, used_size=8118272 bytes (19.8%)
(RDMA_READ_CONSUME_CHECK_CONSUMER) timestamp=8287 ms, used_size=8116224 bytes (19.8%)
(RDMA_READ_CONSUME_CHECK_CONSUMER) timestamp=8287 ms, used_size=8114176 bytes (19.8%)
(RDMA_READ_CONSUME_CHECK_CONSUMER) timestamp=8287 ms, used_size=8112128 bytes (19.8%)
(RDMA_READ_CONSUME_CHECK_CONSUMER) timestamp=8287 ms, used_size=8110080 bytes (19.8%)
(RDMA_READ_CONSUME_CHECK_CONSUMER) timestamp=8287 ms, used_size=8108032 bytes (19.8%)
(RDMA_READ_CONSUME_CHECK_CONSUMER) timestamp=8287 ms, used_size=8105984 bytes (19.8%)
(RDMA_READ_CONSUME_CHECK_CONSUMER) timestamp=8287 ms, used_size=8103936 bytes (19.8%)
(RDMA_READ_CONSUME_CHECK_CONSUMER) timestamp=8287 ms, used_size=8101888 bytes (19.8%)
(RDMA_READ_CONSUME_CHECK_CONSUMER) timestamp=8287 ms, used_size=8099840 bytes (19.8%)
(RDMA_READ_CONSUME_CHECK_CONSUMER) timestamp=8287 ms, used_size=8097792 bytes (19.8%)
(RDMA_READ_CONSUME_CHECK_CONSUMER) timestamp=8287 ms, used_size=8095744 bytes (19.8%)
(RDMA_READ_CONSUME_CHECK_CONSUMER) timestamp=8287 ms, used_size=8093696 bytes (19.8%)
(RDMA_READ_CONSUME_CHECK_CONSUMER) timestamp=8287 ms, used_size=8091648 bytes (19.8%)
(RDMA_READ_CONSUME_CHECK_CONSUMER) timestamp=8287 ms, used_size=8089600 bytes (19.8%)
(RDMA_READ_CONSUME_CHECK_CONSUMER) timestamp=8287 ms, used_size=8087552 bytes (19.7%)
(RDMA_READ_CONSUME_CHECK_CONSUMER) timestamp=8287 ms, used_size=8085504 bytes (19.7%)
(RDMA_READ_CONSUME_CHECK_CONSUMER) timestamp=8287 ms, used_size=8083456 bytes (19.7%)
(RDMA_READ_CONSUME_CHECK_CONSUMER) timestamp=8287 ms, used_size=8081408 bytes (19.7%)
(RDMA_READ_CONSUME_CHECK_CONSUMER) timestamp=8287 ms, used_size=8079360 bytes (19.7%)
(RDMA_READ_CONSUME_CHECK_CONSUMER) timestamp=8287 ms, used_size=8077312 bytes (19.7%)
(RDMA_READ_CONSUME_CHECK_CONSUMER) timestamp=8287 ms, used_size=8075264 bytes (19.7%)
(RDMA_READ_CONSUME_CHECK_CONSUMER) timestamp=8287 ms, used_size=8073216 bytes (19.7%)
(RDMA_READ_CONSUME_CHECK_CONSUMER) timestamp=8287 ms, used_size=8071168 bytes (19.7%)
(RDMA_READ_CONSUME_CHECK_CONSUMER) timestamp=8287 ms, used_size=8069120 bytes (19.7%)
(RDMA_READ_CONSUME_CHECK_CONSUMER) timestamp=8287 ms, used_size=8067072 bytes (19.7%)
(RDMA_READ_CONSUME_CHECK_CONSUMER) timestamp=8287 ms, used_size=8065024 bytes (19.7%)
(RDMA_READ_CONSUME_CHECK_CONSUMER) timestamp=8287 ms, used_size=8062976 bytes (19.7%)
(RDMA_READ_CONSUME_CHECK_CONSUMER) timestamp=8287 ms, used_size=8060928 bytes (19.7%)
(RDMA_READ_CONSUME_CHECK_CONSUMER) timestamp=8287 ms, used_size=8058880 bytes (19.7%)
(RDMA_READ_CONSUME_CHECK_CONSUMER) timestamp=8287 ms, used_size=8056832 bytes (19.7%)
(RDMA_READ_CONSUME_CHECK_CONSUMER) timestamp=8287 ms, used_size=8054784 bytes (19.7%)
(RDMA_READ_CONSUME_CHECK_CONSUMER) timestamp=8287 ms, used_size=8052736 bytes (19.7%)
(RDMA_READ_CONSUME_CHECK_CONSUMER) timestamp=8287 ms, used_size=8050688 bytes (19.7%)
(RDMA_READ_CONSUME_CHECK_CONSUMER) timestamp=8287 ms, used_size=8048640 bytes (19.6%)
(RDMA_READ_CONSUME_CHECK_CONSUMER) timestamp=8287 ms, used_size=8046592 bytes (19.6%)
(RDMA_READ_CONSUME_CHECK_CONSUMER) timestamp=8287 ms, used_size=8044544 bytes (19.6%)
(RDMA_READ_CONSUME_CHECK_CONSUMER) timestamp=8287 ms, used_size=8042496 bytes (19.6%)
(RDMA_READ_CONSUME_CHECK_CONSUMER) timestamp=8287 ms, used_size=8040448 bytes (19.6%)
(RDMA_READ_CONSUME_CHECK_CONSUMER) timestamp=8287 ms, used_size=8038400 bytes (19.6%)
(RDMA_READ_CONSUME_CHECK_CONSUMER) timestamp=8287 ms, used_size=8036352 bytes (19.6%)
(RDMA_READ_CONSUME_CHECK_CONSUMER) timestamp=8287 ms, used_size=8034304 bytes (19.6%)
(RDMA_READ_CONSUME_CHECK_CONSUMER) timestamp=8287 ms, used_size=8032256 bytes (19.6%)
(RDMA_READ_CONSUME_CHECK_CONSUMER) timestamp=8287 ms, used_size=8030208 bytes (19.6%)
(RDMA_READ_CONSUME_CHECK_CONSUMER) timestamp=8287 ms, used_size=8028160 bytes (19.6%)
(RDMA_READ_CONSUME_CHECK_CONSUMER) timestamp=8287 ms, used_size=8026112 bytes (19.6%)
(RDMA_READ_CONSUME_CHECK_CONSUMER) timestamp=8287 ms, used_size=8024064 bytes (19.6%)
(RDMA_READ_CONSUME_CHECK_CONSUMER) timestamp=8287 ms, used_size=8022016 bytes (19.6%)
(RDMA_READ_CONSUME_CHECK_CONSUMER) timestamp=8287 ms, used_size=8019968 bytes (19.6%)
(RDMA_READ_CONSUME_CHECK_CONSUMER) timestamp=8287 ms, used_size=8017920 bytes (19.6%)
(RDMA_READ_CONSUME_CHECK_CONSUMER) timestamp=8287 ms, used_size=8015872 bytes (19.6%)
(RDMA_READ_CONSUME_CHECK_CONSUMER) timestamp=8287 ms, used_size=8013824 bytes (19.6%)
(RDMA_READ_CONSUME_CHECK_CONSUMER) timestamp=8287 ms, used_size=8011776 bytes (19.6%)
(RDMA_READ_CONSUME_CHECK_CONSUMER) timestamp=8287 ms, used_size=8009728 bytes (19.6%)
(RDMA_READ_CONSUME_CHECK_CONSUMER) timestamp=8287 ms, used_size=8007680 bytes (19.6%)
(RDMA_READ_CONSUME_CHECK_CONSUMER) timestamp=8287 ms, used_size=8005632 bytes (19.5%)
(RDMA_READ_CONSUME_CHECK_CONSUMER) timestamp=8287 ms, used_size=8003584 bytes (19.5%)
(RDMA_READ_CONSUME_CHECK_CONSUMER) timestamp=8287 ms, used_size=8001536 bytes (19.5%)
(RDMA_READ_CONSUME_CHECK_CONSUMER) timestamp=8287 ms, used_size=7999488 bytes (19.5%)
(RDMA_READ_CONSUME_CHECK_CONSUMER) timestamp=8287 ms, used_size=7997440 bytes (19.5%)
(RDMA_READ_CONSUME_CHECK_CONSUMER) timestamp=8287 ms, used_size=7995392 bytes (19.5%)
(RDMA_READ_CONSUME_CHECK_CONSUMER) timestamp=8287 ms, used_size=7993344 bytes (19.5%)
(RDMA_READ_CONSUME_CHECK_CONSUMER) timestamp=8287 ms, used_size=7991296 bytes (19.5%)
(RDMA_READ_CONSUME_CHECK_CONSUMER) timestamp=8287 ms, used_size=7989248 bytes (19.5%)
(RDMA_READ_CONSUME_CHECK_CONSUMER) timestamp=8287 ms, used_size=7987200 bytes (19.5%)
(RDMA_READ_CONSUME_CHECK_CONSUMER) timestamp=8287 ms, used_size=7985152 bytes (19.5%)
(RDMA_READ_CONSUME_CHECK_CONSUMER) timestamp=8287 ms, used_size=7983104 bytes (19.5%)
(RDMA_READ_CONSUME_CHECK_CONSUMER) timestamp=8287 ms, used_size=7981056 bytes (19.5%)
(RDMA_READ_CONSUME_CHECK_CONSUMER) timestamp=8287 ms, used_size=7979008 bytes (19.5%)
(RDMA_READ_CONSUME_CHECK_CONSUMER) timestamp=8287 ms, used_size=7976960 bytes (19.5%)
(RDMA_READ_CONSUME_CHECK_CONSUMER) timestamp=8287 ms, used_size=7974912 bytes (19.5%)
(RDMA_READ_CONSUME_CHECK_CONSUMER) timestamp=8287 ms, used_size=7972864 bytes (19.5%)
(RDMA_READ_CONSUME_CHECK_CONSUMER) timestamp=8287 ms, used_size=7970816 bytes (19.5%)
(RDMA_READ_CONSUME_CHECK_CONSUMER) timestamp=8287 ms, used_size=7968768 bytes (19.5%)
(RDMA_READ_CONSUME_CHECK_CONSUMER) timestamp=8287 ms, used_size=7966720 bytes (19.4%)
(RDMA_READ_CONSUME_CHECK_CONSUMER) timestamp=8287 ms, used_size=7964672 bytes (19.4%)
(RDMA_READ_CONSUME_CHECK_CONSUMER) timestamp=8287 ms, used_size=7962624 bytes (19.4%)
(RDMA_READ_CONSUME_CHECK_CONSUMER) timestamp=8287 ms, used_size=7960576 bytes (19.4%)
(RDMA_READ_CONSUME_CHECK_CONSUMER) timestamp=8287 ms, used_size=7958528 bytes (19.4%)
(RDMA_READ_CONSUME_CHECK_CONSUMER) timestamp=8287 ms, used_size=7956480 bytes (19.4%)
(RDMA_READ_CONSUME_CHECK_CONSUMER) timestamp=8287 ms, used_size=7954432 bytes (19.4%)
(RDMA_READ_CONSUME_CHECK_CONSUMER) timestamp=8287 ms, used_size=7952384 bytes (19.4%)
(RDMA_READ_CONSUME_CHECK_CONSUMER) timestamp=8287 ms, used_size=7950336 bytes (19.4%)
(RDMA_READ_CONSUME_CHECK_CONSUMER) timestamp=8287 ms, used_size=7948288 bytes (19.4%)
(RDMA_READ_CONSUME_CHECK_CONSUMER) timestamp=8287 ms, used_size=7946240 bytes (19.4%)
(RDMA_READ_CONSUME_CHECK_CONSUMER) timestamp=8287 ms, used_size=7944192 bytes (19.4%)
(RDMA_READ_CONSUME_CHECK_CONSUMER) timestamp=8287 ms, used_size=7942144 bytes (19.4%)
(RDMA_READ_CONSUME_CHECK_CONSUMER) timestamp=8287 ms, used_size=7940096 bytes (19.4%)
(RDMA_READ_CONSUME_CHECK_CONSUMER) timestamp=8287 ms, used_size=7938048 bytes (19.4%)
(RDMA_READ_CONSUME_CHECK_CONSUMER) timestamp=8287 ms, used_size=7936000 bytes (19.4%)
(RDMA_READ_CONSUME_CHECK_CONSUMER) timestamp=8287 ms, used_size=7933952 bytes (19.4%)
(RDMA_READ_CONSUME_CHECK_CONSUMER) timestamp=8287 ms, used_size=7931904 bytes (19.4%)
(RDMA_READ_CONSUME_CHECK_CONSUMER) timestamp=8287 ms, used_size=7929856 bytes (19.4%)
(RDMA_READ_CONSUME_CHECK_CONSUMER) timestamp=8287 ms, used_size=7927808 bytes (19.4%)
(RDMA_READ_CONSUME_CHECK_CONSUMER) timestamp=8287 ms, used_size=7925760 bytes (19.4%)
(RDMA_READ_CONSUME_CHECK_CONSUMER) timestamp=8287 ms, used_size=7923712 bytes (19.3%)
(RDMA_READ_CONSUME_CHECK_CONSUMER) timestamp=8287 ms, used_size=7921664 bytes (19.3%)
(RDMA_READ_CONSUME_CHECK_CONSUMER) timestamp=8287 ms, used_size=7919616 bytes (19.3%)
(RDMA_READ_CONSUME_CHECK_CONSUMER) timestamp=8287 ms, used_size=7917568 bytes (19.3%)
(RDMA_READ_CONSUME_CHECK_CONSUMER) timestamp=8287 ms, used_size=7915520 bytes (19.3%)
(RDMA_READ_CONSUME_CHECK_CONSUMER) timestamp=8287 ms, used_size=7913472 bytes (19.3%)
(RDMA_READ_CONSUME_CHECK_CONSUMER) timestamp=8287 ms, used_size=7911424 bytes (19.3%)
(RDMA_READ_CONSUME_CHECK_CONSUMER) timestamp=8287 ms, used_size=7909376 bytes (19.3%)
(RDMA_READ_CONSUME_CHECK_CONSUMER) timestamp=8287 ms, used_size=7907328 bytes (19.3%)
(RDMA_READ_CONSUME_CHECK_CONSUMER) timestamp=8287 ms, used_size=7905280 bytes (19.3%)
(RDMA_READ_CONSUME_CHECK_CONSUMER) timestamp=8287 ms, used_size=7903232 bytes (19.3%)
(RDMA_READ_CONSUME_CHECK_CONSUMER) timestamp=8288 ms, used_size=7901184 bytes (19.3%)
(RDMA_READ_CONSUME_CHECK_CONSUMER) timestamp=8288 ms, used_size=7899136 bytes (19.3%)
(RDMA_READ_CONSUME_CHECK_CONSUMER) timestamp=8288 ms, used_size=7897088 bytes (19.3%)
(RDMA_READ_CONSUME_CHECK_CONSUMER) timestamp=8288 ms, used_size=7895040 bytes (19.3%)
(RDMA_READ_CONSUME_CHECK_CONSUMER) timestamp=8288 ms, used_size=7892992 bytes (19.3%)
(RDMA_READ_CONSUME_CHECK_CONSUMER) timestamp=8288 ms, used_size=7890944 bytes (19.3%)
(RDMA_READ_CONSUME_CHECK_CONSUMER) timestamp=8288 ms, used_size=7888896 bytes (19.3%)
(RDMA_READ_CONSUME_CHECK_CONSUMER) timestamp=8288 ms, used_size=7886848 bytes (19.3%)
(RDMA_READ_CONSUME_CHECK_CONSUMER) timestamp=8288 ms, used_size=7884800 bytes (19.2%)
(RDMA_READ_CONSUME_CHECK_CONSUMER) timestamp=8288 ms, used_size=7882752 bytes (19.2%)
(RDMA_READ_CONSUME_CHECK_CONSUMER) timestamp=8288 ms, used_size=7880704 bytes (19.2%)
(RDMA_READ_CONSUME_CHECK_CONSUMER) timestamp=8288 ms, used_size=7878656 bytes (19.2%)
(RDMA_READ_CONSUME_CHECK_CONSUMER) timestamp=8288 ms, used_size=7876608 bytes (19.2%)
(RDMA_READ_CONSUME_CHECK_CONSUMER) timestamp=8288 ms, used_size=7874560 bytes (19.2%)
(RDMA_READ_CONSUME_CHECK_CONSUMER) timestamp=8288 ms, used_size=7872512 bytes (19.2%)
(RDMA_READ_CONSUME_CHECK_CONSUMER) timestamp=8288 ms, used_size=7870464 bytes (19.2%)
(RDMA_READ_CONSUME_CHECK_CONSUMER) timestamp=8288 ms, used_size=7868416 bytes (19.2%)
(RDMA_READ_CONSUME_CHECK_CONSUMER) timestamp=8288 ms, used_size=7866368 bytes (19.2%)
(RDMA_READ_CONSUME_CHECK_CONSUMER) timestamp=8288 ms, used_size=7864320 bytes (19.2%)
(RDMA_READ_CONSUME_CHECK_CONSUMER) timestamp=8288 ms, used_size=7862272 bytes (19.2%)
(RDMA_READ_CONSUME_CHECK_CONSUMER) timestamp=8288 ms, used_size=7860224 bytes (19.2%)
(RDMA_READ_CONSUME_CHECK_CONSUMER) timestamp=8288 ms, used_size=7858176 bytes (19.2%)
(RDMA_READ_CONSUME_CHECK_CONSUMER) timestamp=8288 ms, used_size=7856128 bytes (19.2%)
(RDMA_READ_CONSUME_CHECK_CONSUMER) timestamp=8288 ms, used_size=7854080 bytes (19.2%)
(RDMA_READ_CONSUME_CHECK_CONSUMER) timestamp=8288 ms, used_size=7852032 bytes (19.2%)
(RDMA_READ_CONSUME_CHECK_CONSUMER) timestamp=8288 ms, used_size=7849984 bytes (19.2%)
(RDMA_READ_CONSUME_CHECK_CONSUMER) timestamp=8288 ms, used_size=7847936 bytes (19.2%)
(RDMA_READ_CONSUME_CHECK_CONSUMER) timestamp=8288 ms, used_size=7845888 bytes (19.2%)
(RDMA_READ_CONSUME_CHECK_CONSUMER) timestamp=8288 ms, used_size=7843840 bytes (19.1%)
(RDMA_READ_CONSUME_CHECK_CONSUMER) timestamp=8288 ms, used_size=7841792 bytes (19.1%)
(RDMA_READ_CONSUME_CHECK_CONSUMER) timestamp=8288 ms, used_size=7839744 bytes (19.1%)
(RDMA_READ_CONSUME_CHECK_CONSUMER) timestamp=8288 ms, used_size=7837696 bytes (19.1%)
(RDMA_READ_CONSUME_CHECK_CONSUMER) timestamp=8288 ms, used_size=7835648 bytes (19.1%)
(RDMA_READ_CONSUME_CHECK_CONSUMER) timestamp=8288 ms, used_size=7833600 bytes (19.1%)
(RDMA_READ_CONSUME_CHECK_CONSUMER) timestamp=8288 ms, used_size=7831552 bytes (19.1%)
(RDMA_READ_CONSUME_CHECK_CONSUMER) timestamp=8288 ms, used_size=7829504 bytes (19.1%)
(RDMA_READ_CONSUME_CHECK_CONSUMER) timestamp=8288 ms, used_size=7827456 bytes (19.1%)
(RDMA_READ_CONSUME_CHECK_CONSUMER) timestamp=8288 ms, used_size=7825408 bytes (19.1%)
(RDMA_READ_CONSUME_CHECK_CONSUMER) timestamp=8288 ms, used_size=7823360 bytes (19.1%)
(RDMA_READ_CONSUME_CHECK_CONSUMER) timestamp=8288 ms, used_size=7821312 bytes (19.1%)
(RDMA_READ_CONSUME_CHECK_CONSUMER) timestamp=8288 ms, used_size=7819264 bytes (19.1%)
(RDMA_READ_CONSUME_CHECK_CONSUMER) timestamp=8288 ms, used_size=7817216 bytes (19.1%)
(RDMA_READ_CONSUME_CHECK_CONSUMER) timestamp=8288 ms, used_size=7815168 bytes (19.1%)
(RDMA_READ_CONSUME_CHECK_CONSUMER) timestamp=8288 ms, used_size=7813120 bytes (19.1%)
(RDMA_READ_CONSUME_CHECK_CONSUMER) timestamp=8288 ms, used_size=7811072 bytes (19.1%)
(RDMA_READ_CONSUME_CHECK_CONSUMER) timestamp=8288 ms, used_size=7809024 bytes (19.1%)
(RDMA_READ_CONSUME_CHECK_CONSUMER) timestamp=8288 ms, used_size=7806976 bytes (19.1%)
(RDMA_READ_CONSUME_CHECK_CONSUMER) timestamp=8288 ms, used_size=7804928 bytes (19.1%)
(RDMA_READ_CONSUME_CHECK_CONSUMER) timestamp=8288 ms, used_size=7802880 bytes (19.1%)
(RDMA_READ_CONSUME_CHECK_CONSUMER) timestamp=8288 ms, used_size=7800832 bytes (19.0%)
(RDMA_READ_CONSUME_CHECK_CONSUMER) timestamp=8288 ms, used_size=7798784 bytes (19.0%)
(RDMA_READ_CONSUME_CHECK_CONSUMER) timestamp=8288 ms, used_size=7796736 bytes (19.0%)
(RDMA_READ_CONSUME_CHECK_CONSUMER) timestamp=8288 ms, used_size=7794688 bytes (19.0%)
(RDMA_READ_CONSUME_CHECK_CONSUMER) timestamp=8288 ms, used_size=7792640 bytes (19.0%)
(RDMA_READ_CONSUME_CHECK_CONSUMER) timestamp=8288 ms, used_size=7790592 bytes (19.0%)
(RDMA_READ_CONSUME_CHECK_CONSUMER) timestamp=8288 ms, used_size=7788544 bytes (19.0%)
(RDMA_READ_CONSUME_CHECK_CONSUMER) timestamp=8288 ms, used_size=7786496 bytes (19.0%)
(RDMA_READ_CONSUME_CHECK_CONSUMER) timestamp=8288 ms, used_size=7784448 bytes (19.0%)
(RDMA_READ_CONSUME_CHECK_CONSUMER) timestamp=8288 ms, used_size=7782400 bytes (19.0%)
(RDMA_READ_CONSUME_CHECK_CONSUMER) timestamp=8288 ms, used_size=7780352 bytes (19.0%)
(RDMA_READ_CONSUME_CHECK_CONSUMER) timestamp=8288 ms, used_size=7778304 bytes (19.0%)
(RDMA_READ_CONSUME_CHECK_CONSUMER) timestamp=8288 ms, used_size=7776256 bytes (19.0%)
(RDMA_READ_CONSUME_CHECK_CONSUMER) timestamp=8288 ms, used_size=7774208 bytes (19.0%)
(RDMA_READ_CONSUME_CHECK_CONSUMER) timestamp=8288 ms, used_size=7772160 bytes (19.0%)
(RDMA_READ_CONSUME_CHECK_CONSUMER) timestamp=8288 ms, used_size=7770112 bytes (19.0%)
(RDMA_READ_CONSUME_CHECK_CONSUMER) timestamp=8288 ms, used_size=7768064 bytes (19.0%)
(RDMA_READ_CONSUME_CHECK_CONSUMER) timestamp=8288 ms, used_size=7766016 bytes (19.0%)
(RDMA_READ_CONSUME_CHECK_CONSUMER) timestamp=8288 ms, used_size=7763968 bytes (19.0%)
(RDMA_READ_CONSUME_CHECK_CONSUMER) timestamp=8288 ms, used_size=7761920 bytes (18.9%)
(RDMA_READ_CONSUME_CHECK_CONSUMER) timestamp=8288 ms, used_size=7759872 bytes (18.9%)
(RDMA_READ_CONSUME_CHECK_CONSUMER) timestamp=8288 ms, used_size=7757824 bytes (18.9%)
(RDMA_READ_CONSUME_CHECK_CONSUMER) timestamp=8288 ms, used_size=7755776 bytes (18.9%)
(RDMA_READ_CONSUME_CHECK_CONSUMER) timestamp=8288 ms, used_size=7753728 bytes (18.9%)
(RDMA_READ_CONSUME_CHECK_CONSUMER) timestamp=8288 ms, used_size=7751680 bytes (18.9%)
(RDMA_READ_CONSUME_CHECK_CONSUMER) timestamp=8288 ms, used_size=7749632 bytes (18.9%)
(RDMA_READ_CONSUME_CHECK_CONSUMER) timestamp=8288 ms, used_size=7747584 bytes (18.9%)
(RDMA_READ_CONSUME_CHECK_CONSUMER) timestamp=8288 ms, used_size=7745536 bytes (18.9%)
(RDMA_READ_CONSUME_CHECK_CONSUMER) timestamp=8288 ms, used_size=7743488 bytes (18.9%)
(RDMA_READ_CONSUME_CHECK_CONSUMER) timestamp=8288 ms, used_size=7741440 bytes (18.9%)
(RDMA_READ_CONSUME_CHECK_CONSUMER) timestamp=8288 ms, used_size=7739392 bytes (18.9%)
(RDMA_READ_CONSUME_CHECK_CONSUMER) timestamp=8288 ms, used_size=7737344 bytes (18.9%)
(RDMA_READ_CONSUME_CHECK_CONSUMER) timestamp=8288 ms, used_size=7735296 bytes (18.9%)
(RDMA_READ_CONSUME_CHECK_CONSUMER) timestamp=8288 ms, used_size=7733248 bytes (18.9%)
(RDMA_READ_CONSUME_CHECK_CONSUMER) timestamp=8288 ms, used_size=7731200 bytes (18.9%)
(RDMA_READ_CONSUME_CHECK_CONSUMER) timestamp=8288 ms, used_size=7729152 bytes (18.9%)
(RDMA_READ_CONSUME_CHECK_CONSUMER) timestamp=8288 ms, used_size=7727104 bytes (18.9%)
(RDMA_READ_CONSUME_CHECK_CONSUMER) timestamp=8288 ms, used_size=7725056 bytes (18.9%)
(RDMA_READ_CONSUME_CHECK_CONSUMER) timestamp=8288 ms, used_size=7723008 bytes (18.9%)
(RDMA_READ_CONSUME_CHECK_CONSUMER) timestamp=8288 ms, used_size=7720960 bytes (18.9%)
(RDMA_READ_CONSUME_CHECK_CONSUMER) timestamp=8288 ms, used_size=7718912 bytes (18.8%)
(RDMA_READ_CONSUME_CHECK_CONSUMER) timestamp=8288 ms, used_size=7716864 bytes (18.8%)
(RDMA_READ_CONSUME_CHECK_CONSUMER) timestamp=8288 ms, used_size=7714816 bytes (18.8%)
(RDMA_READ_CONSUME_CHECK_CONSUMER) timestamp=8288 ms, used_size=7712768 bytes (18.8%)
(RDMA_READ_CONSUME_CHECK_CONSUMER) timestamp=8288 ms, used_size=7710720 bytes (18.8%)
(RDMA_READ_CONSUME_CHECK_CONSUMER) timestamp=8288 ms, used_size=7708672 bytes (18.8%)
(RDMA_READ_CONSUME_CHECK_CONSUMER) timestamp=8288 ms, used_size=7706624 bytes (18.8%)
(RDMA_READ_CONSUME_CHECK_CONSUMER) timestamp=8288 ms, used_size=7704576 bytes (18.8%)
(RDMA_READ_CONSUME_CHECK_CONSUMER) timestamp=8288 ms, used_size=7702528 bytes (18.8%)
(RDMA_READ_CONSUME_CHECK_CONSUMER) timestamp=8288 ms, used_size=7700480 bytes (18.8%)
(RDMA_READ_CONSUME_CHECK_CONSUMER) timestamp=8288 ms, used_size=7698432 bytes (18.8%)
(RDMA_READ_CONSUME_CHECK_CONSUMER) timestamp=8288 ms, used_size=7696384 bytes (18.8%)
(RDMA_READ_CONSUME_CHECK_CONSUMER) timestamp=8288 ms, used_size=7694336 bytes (18.8%)
(RDMA_READ_CONSUME_CHECK_CONSUMER) timestamp=8288 ms, used_size=7692288 bytes (18.8%)
(RDMA_READ_CONSUME_CHECK_CONSUMER) timestamp=8288 ms, used_size=7690240 bytes (18.8%)
(RDMA_READ_CONSUME_CHECK_CONSUMER) timestamp=8288 ms, used_size=7688192 bytes (18.8%)
(RDMA_READ_CONSUME_CHECK_CONSUMER) timestamp=8288 ms, used_size=7686144 bytes (18.8%)
(RDMA_READ_CONSUME_CHECK_CONSUMER) timestamp=8288 ms, used_size=7684096 bytes (18.8%)
(RDMA_READ_CONSUME_CHECK_CONSUMER) timestamp=8288 ms, used_size=7682048 bytes (18.8%)
(RDMA_READ_CONSUME_CHECK_CONSUMER) timestamp=8288 ms, used_size=7680000 bytes (18.8%)
(RDMA_READ_CONSUME_CHECK_CONSUMER) timestamp=8288 ms, used_size=7677952 bytes (18.7%)
(RDMA_READ_CONSUME_CHECK_CONSUMER) timestamp=8288 ms, used_size=7675904 bytes (18.7%)
(RDMA_READ_CONSUME_CHECK_CONSUMER) timestamp=8288 ms, used_size=7673856 bytes (18.7%)
(RDMA_READ_CONSUME_CHECK_CONSUMER) timestamp=8288 ms, used_size=7671808 bytes (18.7%)
(RDMA_READ_CONSUME_CHECK_CONSUMER) timestamp=8288 ms, used_size=7669760 bytes (18.7%)
(RDMA_READ_CONSUME_CHECK_CONSUMER) timestamp=8288 ms, used_size=7667712 bytes (18.7%)
(RDMA_READ_CONSUME_CHECK_CONSUMER) timestamp=8288 ms, used_size=7665664 bytes (18.7%)
(RDMA_READ_CONSUME_CHECK_CONSUMER) timestamp=8288 ms, used_size=7663616 bytes (18.7%)
(RDMA_READ_CONSUME_CHECK_CONSUMER) timestamp=8288 ms, used_size=7661568 bytes (18.7%)
(RDMA_READ_CONSUME_CHECK_CONSUMER) timestamp=8288 ms, used_size=7659520 bytes (18.7%)
(RDMA_READ_CONSUME_CHECK_CONSUMER) timestamp=8288 ms, used_size=7657472 bytes (18.7%)
(RDMA_READ_CONSUME_CHECK_CONSUMER) timestamp=8288 ms, used_size=7655424 bytes (18.7%)
(RDMA_READ_CONSUME_CHECK_CONSUMER) timestamp=8288 ms, used_size=7653376 bytes (18.7%)
(RDMA_READ_CONSUME_CHECK_CONSUMER) timestamp=8288 ms, used_size=7651328 bytes (18.7%)
(RDMA_READ_CONSUME_CHECK_CONSUMER) timestamp=8288 ms, used_size=7649280 bytes (18.7%)
(RDMA_READ_CONSUME_CHECK_CONSUMER) timestamp=8288 ms, used_size=7647232 bytes (18.7%)
(RDMA_READ_CONSUME_CHECK_CONSUMER) timestamp=8288 ms, used_size=7645184 bytes (18.7%)
(RDMA_READ_CONSUME_CHECK_CONSUMER) timestamp=8288 ms, used_size=7643136 bytes (18.7%)
(RDMA_READ_CONSUME_CHECK_CONSUMER) timestamp=8288 ms, used_size=7641088 bytes (18.7%)
(RDMA_READ_CONSUME_CHECK_CONSUMER) timestamp=8288 ms, used_size=7639040 bytes (18.6%)
(RDMA_READ_CONSUME_CHECK_CONSUMER) timestamp=8288 ms, used_size=7636992 bytes (18.6%)
(RDMA_READ_CONSUME_CHECK_CONSUMER) timestamp=8288 ms, used_size=7634944 bytes (18.6%)
(RDMA_READ_CONSUME_CHECK_CONSUMER) timestamp=8288 ms, used_size=7632896 bytes (18.6%)
(RDMA_READ_CONSUME_CHECK_CONSUMER) timestamp=8288 ms, used_size=7630848 bytes (18.6%)
(RDMA_READ_CONSUME_CHECK_CONSUMER) timestamp=8288 ms, used_size=7628800 bytes (18.6%)
(RDMA_READ_CONSUME_CHECK_CONSUMER) timestamp=8288 ms, used_size=7626752 bytes (18.6%)
(RDMA_READ_CONSUME_CHECK_CONSUMER) timestamp=8288 ms, used_size=7624704 bytes (18.6%)
(RDMA_READ_CONSUME_CHECK_CONSUMER) timestamp=8288 ms, used_size=7622656 bytes (18.6%)
(RDMA_READ_CONSUME_CHECK_CONSUMER) timestamp=8288 ms, used_size=7620608 bytes (18.6%)
(RDMA_READ_CONSUME_CHECK_CONSUMER) timestamp=8288 ms, used_size=7618560 bytes (18.6%)
(RDMA_READ_CONSUME_CHECK_CONSUMER) timestamp=8288 ms, used_size=7616512 bytes (18.6%)
(RDMA_READ_CONSUME_CHECK_CONSUMER) timestamp=8288 ms, used_size=7614464 bytes (18.6%)
(RDMA_READ_CONSUME_CHECK_CONSUMER) timestamp=8288 ms, used_size=7612416 bytes (18.6%)
(RDMA_READ_CONSUME_CHECK_CONSUMER) timestamp=8288 ms, used_size=7610368 bytes (18.6%)
(RDMA_READ_CONSUME_CHECK_CONSUMER) timestamp=8288 ms, used_size=7608320 bytes (18.6%)
(RDMA_READ_CONSUME_CHECK_CONSUMER) timestamp=8288 ms, used_size=7606272 bytes (18.6%)
(RDMA_READ_CONSUME_CHECK_CONSUMER) timestamp=8288 ms, used_size=7604224 bytes (18.6%)
(RDMA_READ_CONSUME_CHECK_CONSUMER) timestamp=8288 ms, used_size=7602176 bytes (18.6%)
(RDMA_READ_CONSUME_CHECK_CONSUMER) timestamp=8288 ms, used_size=7600128 bytes (18.6%)
(RDMA_READ_CONSUME_CHECK_CONSUMER) timestamp=8288 ms, used_size=7598080 bytes (18.6%)
(RDMA_READ_CONSUME_CHECK_CONSUMER) timestamp=8288 ms, used_size=7596032 bytes (18.5%)
(RDMA_READ_CONSUME_CHECK_CONSUMER) timestamp=8288 ms, used_size=7593984 bytes (18.5%)
(RDMA_READ_CONSUME_CHECK_CONSUMER) timestamp=8288 ms, used_size=7591936 bytes (18.5%)
(RDMA_READ_CONSUME_CHECK_CONSUMER) timestamp=8288 ms, used_size=7589888 bytes (18.5%)
(RDMA_READ_CONSUME_CHECK_CONSUMER) timestamp=8288 ms, used_size=7587840 bytes (18.5%)
(RDMA_READ_CONSUME_CHECK_CONSUMER) timestamp=8288 ms, used_size=7585792 bytes (18.5%)
(RDMA_READ_CONSUME_CHECK_CONSUMER) timestamp=8288 ms, used_size=7583744 bytes (18.5%)
(RDMA_READ_CONSUME_CHECK_CONSUMER) timestamp=8288 ms, used_size=7581696 bytes (18.5%)
(RDMA_READ_CONSUME_CHECK_CONSUMER) timestamp=8288 ms, used_size=7579648 bytes (18.5%)
(RDMA_READ_CONSUME_CHECK_CONSUMER) timestamp=8288 ms, used_size=7577600 bytes (18.5%)
(RDMA_READ_CONSUME_CHECK_CONSUMER) timestamp=8288 ms, used_size=7575552 bytes (18.5%)
(RDMA_READ_CONSUME_CHECK_CONSUMER) timestamp=8288 ms, used_size=7573504 bytes (18.5%)
(RDMA_READ_CONSUME_CHECK_CONSUMER) timestamp=8288 ms, used_size=7571456 bytes (18.5%)
(RDMA_READ_CONSUME_CHECK_CONSUMER) timestamp=8288 ms, used_size=7569408 bytes (18.5%)
(RDMA_READ_CONSUME_CHECK_CONSUMER) timestamp=8288 ms, used_size=7567360 bytes (18.5%)
(RDMA_READ_CONSUME_CHECK_CONSUMER) timestamp=8288 ms, used_size=7565312 bytes (18.5%)
(RDMA_READ_CONSUME_CHECK_CONSUMER) timestamp=8288 ms, used_size=7563264 bytes (18.5%)
(RDMA_READ_CONSUME_CHECK_CONSUMER) timestamp=8288 ms, used_size=7561216 bytes (18.5%)
(RDMA_READ_CONSUME_CHECK_CONSUMER) timestamp=8288 ms, used_size=7559168 bytes (18.5%)
(RDMA_READ_CONSUME_CHECK_CONSUMER) timestamp=8288 ms, used_size=7557120 bytes (18.4%)
(RDMA_READ_CONSUME_CHECK_CONSUMER) timestamp=8288 ms, used_size=7555072 bytes (18.4%)
(RDMA_READ_CONSUME_CHECK_CONSUMER) timestamp=8288 ms, used_size=7553024 bytes (18.4%)
(RDMA_READ_CONSUME_CHECK_CONSUMER) timestamp=8288 ms, used_size=7550976 bytes (18.4%)
(RDMA_READ_CONSUME_CHECK_CONSUMER) timestamp=8288 ms, used_size=7548928 bytes (18.4%)
(RDMA_READ_CONSUME_CHECK_CONSUMER) timestamp=8288 ms, used_size=7546880 bytes (18.4%)
(RDMA_READ_CONSUME_CHECK_CONSUMER) timestamp=8288 ms, used_size=7544832 bytes (18.4%)
(RDMA_READ_CONSUME_CHECK_CONSUMER) timestamp=8288 ms, used_size=7542784 bytes (18.4%)
(RDMA_READ_CONSUME_CHECK_CONSUMER) timestamp=8288 ms, used_size=7540736 bytes (18.4%)
(RDMA_READ_CONSUME_CHECK_CONSUMER) timestamp=8288 ms, used_size=7538688 bytes (18.4%)
(RDMA_READ_CONSUME_CHECK_CONSUMER) timestamp=8288 ms, used_size=7536640 bytes (18.4%)
(RDMA_READ_CONSUME_CHECK_CONSUMER) timestamp=8288 ms, used_size=7534592 bytes (18.4%)
(RDMA_READ_CONSUME_CHECK_CONSUMER) timestamp=8289 ms, used_size=7532544 bytes (18.4%)
(RDMA_READ_CONSUME_CHECK_CONSUMER) timestamp=8289 ms, used_size=7530496 bytes (18.4%)
(RDMA_READ_CONSUME_CHECK_CONSUMER) timestamp=8289 ms, used_size=7528448 bytes (18.4%)
(RDMA_READ_CONSUME_CHECK_CONSUMER) timestamp=8289 ms, used_size=7526400 bytes (18.4%)
(RDMA_READ_CONSUME_CHECK_CONSUMER) timestamp=8289 ms, used_size=7524352 bytes (18.4%)
(RDMA_READ_CONSUME_CHECK_CONSUMER) timestamp=8289 ms, used_size=7522304 bytes (18.4%)
(RDMA_READ_CONSUME_CHECK_CONSUMER) timestamp=8289 ms, used_size=7520256 bytes (18.4%)
(RDMA_READ_CONSUME_CHECK_CONSUMER) timestamp=8289 ms, used_size=7518208 bytes (18.4%)
(RDMA_READ_CONSUME_CHECK_CONSUMER) timestamp=8289 ms, used_size=7516160 bytes (18.4%)
(RDMA_READ_CONSUME_CHECK_CONSUMER) timestamp=8289 ms, used_size=7514112 bytes (18.3%)
(RDMA_READ_CONSUME_CHECK_CONSUMER) timestamp=8289 ms, used_size=7512064 bytes (18.3%)
(RDMA_READ_CONSUME_CHECK_CONSUMER) timestamp=8289 ms, used_size=7510016 bytes (18.3%)
(RDMA_READ_CONSUME_CHECK_CONSUMER) timestamp=8289 ms, used_size=7507968 bytes (18.3%)
(RDMA_READ_CONSUME_CHECK_CONSUMER) timestamp=8289 ms, used_size=7505920 bytes (18.3%)
(RDMA_READ_CONSUME_CHECK_CONSUMER) timestamp=8289 ms, used_size=7503872 bytes (18.3%)
(RDMA_READ_CONSUME_CHECK_CONSUMER) timestamp=8289 ms, used_size=7501824 bytes (18.3%)
(RDMA_READ_CONSUME_CHECK_CONSUMER) timestamp=8289 ms, used_size=7499776 bytes (18.3%)
(RDMA_READ_CONSUME_CHECK_CONSUMER) timestamp=8289 ms, used_size=7497728 bytes (18.3%)
(RDMA_READ_CONSUME_CHECK_CONSUMER) timestamp=8289 ms, used_size=7495680 bytes (18.3%)
(RDMA_READ_CONSUME_CHECK_CONSUMER) timestamp=8289 ms, used_size=7493632 bytes (18.3%)
(RDMA_READ_CONSUME_CHECK_CONSUMER) timestamp=8289 ms, used_size=7491584 bytes (18.3%)
(RDMA_READ_CONSUME_CHECK_CONSUMER) timestamp=8289 ms, used_size=7489536 bytes (18.3%)
(RDMA_READ_CONSUME_CHECK_CONSUMER) timestamp=8289 ms, used_size=7487488 bytes (18.3%)
(RDMA_READ_CONSUME_CHECK_CONSUMER) timestamp=8289 ms, used_size=7485440 bytes (18.3%)
(RDMA_READ_CONSUME_CHECK_CONSUMER) timestamp=8289 ms, used_size=7483392 bytes (18.3%)
(RDMA_READ_CONSUME_CHECK_CONSUMER) timestamp=8289 ms, used_size=7481344 bytes (18.3%)
(RDMA_READ_CONSUME_CHECK_CONSUMER) timestamp=8289 ms, used_size=7479296 bytes (18.3%)
(RDMA_READ_CONSUME_CHECK_CONSUMER) timestamp=8289 ms, used_size=7477248 bytes (18.3%)
(RDMA_READ_CONSUME_CHECK_CONSUMER) timestamp=8289 ms, used_size=7475200 bytes (18.2%)
(RDMA_READ_CONSUME_CHECK_CONSUMER) timestamp=8289 ms, used_size=7473152 bytes (18.2%)
(RDMA_READ_CONSUME_CHECK_CONSUMER) timestamp=8289 ms, used_size=7471104 bytes (18.2%)
(RDMA_READ_CONSUME_CHECK_CONSUMER) timestamp=8289 ms, used_size=7469056 bytes (18.2%)
(RDMA_READ_CONSUME_CHECK_CONSUMER) timestamp=8289 ms, used_size=7467008 bytes (18.2%)
(RDMA_READ_CONSUME_CHECK_CONSUMER) timestamp=8289 ms, used_size=7464960 bytes (18.2%)
(RDMA_READ_CONSUME_CHECK_CONSUMER) timestamp=8289 ms, used_size=7462912 bytes (18.2%)
(RDMA_READ_CONSUME_CHECK_CONSUMER) timestamp=8289 ms, used_size=7460864 bytes (18.2%)
(RDMA_READ_CONSUME_CHECK_CONSUMER) timestamp=8289 ms, used_size=7458816 bytes (18.2%)
(RDMA_READ_CONSUME_CHECK_CONSUMER) timestamp=8289 ms, used_size=7456768 bytes (18.2%)
(RDMA_READ_CONSUME_CHECK_CONSUMER) timestamp=8289 ms, used_size=7454720 bytes (18.2%)
(RDMA_READ_CONSUME_CHECK_CONSUMER) timestamp=8289 ms, used_size=7452672 bytes (18.2%)
(RDMA_READ_CONSUME_CHECK_CONSUMER) timestamp=8289 ms, used_size=7450624 bytes (18.2%)
(RDMA_READ_CONSUME_CHECK_CONSUMER) timestamp=8289 ms, used_size=7448576 bytes (18.2%)
(RDMA_READ_CONSUME_CHECK_CONSUMER) timestamp=8289 ms, used_size=7446528 bytes (18.2%)
(RDMA_READ_CONSUME_CHECK_CONSUMER) timestamp=8289 ms, used_size=7444480 bytes (18.2%)
(RDMA_READ_CONSUME_CHECK_CONSUMER) timestamp=8289 ms, used_size=7442432 bytes (18.2%)
(RDMA_READ_CONSUME_CHECK_CONSUMER) timestamp=8289 ms, used_size=7440384 bytes (18.2%)
(RDMA_READ_CONSUME_CHECK_CONSUMER) timestamp=8289 ms, used_size=7438336 bytes (18.2%)
(RDMA_READ_CONSUME_CHECK_CONSUMER) timestamp=8289 ms, used_size=7436288 bytes (18.2%)
(RDMA_READ_CONSUME_CHECK_CONSUMER) timestamp=8289 ms, used_size=7434240 bytes (18.1%)
(RDMA_READ_CONSUME_CHECK_CONSUMER) timestamp=8289 ms, used_size=7432192 bytes (18.1%)
(RDMA_READ_CONSUME_CHECK_CONSUMER) timestamp=8289 ms, used_size=7430144 bytes (18.1%)
(RDMA_READ_CONSUME_CHECK_CONSUMER) timestamp=8289 ms, used_size=7428096 bytes (18.1%)
(RDMA_READ_CONSUME_CHECK_CONSUMER) timestamp=8289 ms, used_size=7426048 bytes (18.1%)
(RDMA_READ_CONSUME_CHECK_CONSUMER) timestamp=8289 ms, used_size=7424000 bytes (18.1%)
(RDMA_READ_CONSUME_CHECK_CONSUMER) timestamp=8289 ms, used_size=7421952 bytes (18.1%)
(RDMA_READ_CONSUME_CHECK_CONSUMER) timestamp=8289 ms, used_size=7419904 bytes (18.1%)
(RDMA_READ_CONSUME_CHECK_CONSUMER) timestamp=8289 ms, used_size=7417856 bytes (18.1%)
(RDMA_READ_CONSUME_CHECK_CONSUMER) timestamp=8289 ms, used_size=7415808 bytes (18.1%)
(RDMA_READ_CONSUME_CHECK_CONSUMER) timestamp=8289 ms, used_size=7413760 bytes (18.1%)
(RDMA_READ_CONSUME_CHECK_CONSUMER) timestamp=8289 ms, used_size=7411712 bytes (18.1%)
(RDMA_READ_CONSUME_CHECK_CONSUMER) timestamp=8289 ms, used_size=7409664 bytes (18.1%)
(RDMA_READ_CONSUME_CHECK_CONSUMER) timestamp=8289 ms, used_size=7407616 bytes (18.1%)
(RDMA_READ_CONSUME_CHECK_CONSUMER) timestamp=8289 ms, used_size=7405568 bytes (18.1%)
(RDMA_READ_CONSUME_CHECK_CONSUMER) timestamp=8289 ms, used_size=7403520 bytes (18.1%)
(RDMA_READ_CONSUME_CHECK_CONSUMER) timestamp=8289 ms, used_size=7401472 bytes (18.1%)
(RDMA_READ_CONSUME_CHECK_CONSUMER) timestamp=8289 ms, used_size=7399424 bytes (18.1%)
(RDMA_READ_CONSUME_CHECK_CONSUMER) timestamp=8289 ms, used_size=7397376 bytes (18.1%)
(RDMA_READ_CONSUME_CHECK_CONSUMER) timestamp=8289 ms, used_size=7395328 bytes (18.1%)
(RDMA_READ_CONSUME_CHECK_CONSUMER) timestamp=8289 ms, used_size=7393280 bytes (18.1%)
(RDMA_READ_CONSUME_CHECK_CONSUMER) timestamp=8289 ms, used_size=7391232 bytes (18.0%)
(RDMA_READ_CONSUME_CHECK_CONSUMER) timestamp=8289 ms, used_size=7389184 bytes (18.0%)
(RDMA_READ_CONSUME_CHECK_CONSUMER) timestamp=8289 ms, used_size=7387136 bytes (18.0%)
(RDMA_READ_CONSUME_CHECK_CONSUMER) timestamp=8289 ms, used_size=7385088 bytes (18.0%)
(RDMA_READ_CONSUME_CHECK_CONSUMER) timestamp=8289 ms, used_size=7383040 bytes (18.0%)
(RDMA_READ_CONSUME_CHECK_CONSUMER) timestamp=8289 ms, used_size=7380992 bytes (18.0%)
(RDMA_READ_CONSUME_CHECK_CONSUMER) timestamp=8289 ms, used_size=7378944 bytes (18.0%)
(RDMA_READ_CONSUME_CHECK_CONSUMER) timestamp=8289 ms, used_size=7376896 bytes (18.0%)
(RDMA_READ_CONSUME_CHECK_CONSUMER) timestamp=8289 ms, used_size=7374848 bytes (18.0%)
(RDMA_READ_CONSUME_CHECK_CONSUMER) timestamp=8289 ms, used_size=7372800 bytes (18.0%)
(RDMA_READ_CONSUME_CHECK_CONSUMER) timestamp=8289 ms, used_size=7370752 bytes (18.0%)
(RDMA_READ_CONSUME_CHECK_CONSUMER) timestamp=8289 ms, used_size=7368704 bytes (18.0%)
(RDMA_READ_CONSUME_CHECK_CONSUMER) timestamp=8289 ms, used_size=7366656 bytes (18.0%)
(RDMA_READ_CONSUME_CHECK_CONSUMER) timestamp=8289 ms, used_size=7364608 bytes (18.0%)
(RDMA_READ_CONSUME_CHECK_CONSUMER) timestamp=8289 ms, used_size=7362560 bytes (18.0%)
(RDMA_READ_CONSUME_CHECK_CONSUMER) timestamp=8289 ms, used_size=7360512 bytes (18.0%)
(RDMA_READ_CONSUME_CHECK_CONSUMER) timestamp=8289 ms, used_size=7358464 bytes (18.0%)
(RDMA_READ_CONSUME_CHECK_CONSUMER) timestamp=8289 ms, used_size=7356416 bytes (18.0%)
(RDMA_READ_CONSUME_CHECK_CONSUMER) timestamp=8289 ms, used_size=7354368 bytes (18.0%)
(RDMA_READ_CONSUME_CHECK_CONSUMER) timestamp=8289 ms, used_size=7352320 bytes (17.9%)
(RDMA_READ_CONSUME_CHECK_CONSUMER) timestamp=8289 ms, used_size=7350272 bytes (17.9%)
(RDMA_READ_CONSUME_CHECK_CONSUMER) timestamp=8289 ms, used_size=7348224 bytes (17.9%)
(RDMA_READ_CONSUME_CHECK_CONSUMER) timestamp=8289 ms, used_size=7346176 bytes (17.9%)
(RDMA_READ_CONSUME_CHECK_CONSUMER) timestamp=8289 ms, used_size=7344128 bytes (17.9%)
(RDMA_READ_CONSUME_CHECK_CONSUMER) timestamp=8289 ms, used_size=7342080 bytes (17.9%)
(RDMA_READ_CONSUME_CHECK_CONSUMER) timestamp=8289 ms, used_size=7340032 bytes (17.9%)
(RDMA_READ_CONSUME_CHECK_CONSUMER) timestamp=8289 ms, used_size=7337984 bytes (17.9%)
(RDMA_READ_CONSUME_CHECK_CONSUMER) timestamp=8289 ms, used_size=7335936 bytes (17.9%)
(RDMA_READ_CONSUME_CHECK_CONSUMER) timestamp=8289 ms, used_size=7333888 bytes (17.9%)
(RDMA_READ_CONSUME_CHECK_CONSUMER) timestamp=8289 ms, used_size=7331840 bytes (17.9%)
(RDMA_READ_CONSUME_CHECK_CONSUMER) timestamp=8289 ms, used_size=7329792 bytes (17.9%)
(RDMA_READ_CONSUME_CHECK_CONSUMER) timestamp=8289 ms, used_size=7327744 bytes (17.9%)
(RDMA_READ_CONSUME_CHECK_CONSUMER) timestamp=8289 ms, used_size=7325696 bytes (17.9%)
(RDMA_READ_CONSUME_CHECK_CONSUMER) timestamp=8289 ms, used_size=7323648 bytes (17.9%)
(RDMA_READ_CONSUME_CHECK_CONSUMER) timestamp=8289 ms, used_size=7321600 bytes (17.9%)
(RDMA_READ_CONSUME_CHECK_CONSUMER) timestamp=8289 ms, used_size=7319552 bytes (17.9%)
(RDMA_READ_CONSUME_CHECK_CONSUMER) timestamp=8289 ms, used_size=7317504 bytes (17.9%)
(RDMA_READ_CONSUME_CHECK_CONSUMER) timestamp=8289 ms, used_size=7315456 bytes (17.9%)
(RDMA_READ_CONSUME_CHECK_CONSUMER) timestamp=8289 ms, used_size=7313408 bytes (17.9%)
(RDMA_READ_CONSUME_CHECK_CONSUMER) timestamp=8289 ms, used_size=7311360 bytes (17.9%)
(RDMA_READ_CONSUME_CHECK_CONSUMER) timestamp=8289 ms, used_size=7309312 bytes (17.8%)
(RDMA_READ_CONSUME_CHECK_CONSUMER) timestamp=8289 ms, used_size=7307264 bytes (17.8%)
(RDMA_READ_CONSUME_CHECK_CONSUMER) timestamp=8289 ms, used_size=7305216 bytes (17.8%)
(RDMA_READ_CONSUME_CHECK_CONSUMER) timestamp=8289 ms, used_size=7303168 bytes (17.8%)
(RDMA_READ_CONSUME_CHECK_CONSUMER) timestamp=8289 ms, used_size=7301120 bytes (17.8%)
(RDMA_READ_CONSUME_CHECK_CONSUMER) timestamp=8289 ms, used_size=7299072 bytes (17.8%)
(RDMA_READ_CONSUME_CHECK_CONSUMER) timestamp=8289 ms, used_size=7297024 bytes (17.8%)
(RDMA_READ_CONSUME_CHECK_CONSUMER) timestamp=8289 ms, used_size=7294976 bytes (17.8%)
(RDMA_READ_CONSUME_CHECK_CONSUMER) timestamp=8289 ms, used_size=7292928 bytes (17.8%)
(RDMA_READ_CONSUME_CHECK_CONSUMER) timestamp=8289 ms, used_size=7290880 bytes (17.8%)
(RDMA_READ_CONSUME_CHECK_CONSUMER) timestamp=8289 ms, used_size=7288832 bytes (17.8%)
(RDMA_READ_CONSUME_CHECK_CONSUMER) timestamp=8289 ms, used_size=7286784 bytes (17.8%)
(RDMA_READ_CONSUME_CHECK_CONSUMER) timestamp=8289 ms, used_size=7284736 bytes (17.8%)
(RDMA_READ_CONSUME_CHECK_CONSUMER) timestamp=8289 ms, used_size=7282688 bytes (17.8%)
(RDMA_READ_CONSUME_CHECK_CONSUMER) timestamp=8289 ms, used_size=7280640 bytes (17.8%)
(RDMA_READ_CONSUME_CHECK_CONSUMER) timestamp=8289 ms, used_size=7278592 bytes (17.8%)
(RDMA_READ_CONSUME_CHECK_CONSUMER) timestamp=8289 ms, used_size=7276544 bytes (17.8%)
(RDMA_READ_CONSUME_CHECK_CONSUMER) timestamp=8289 ms, used_size=7274496 bytes (17.8%)
(RDMA_READ_CONSUME_CHECK_CONSUMER) timestamp=8289 ms, used_size=7272448 bytes (17.8%)
(RDMA_READ_CONSUME_CHECK_CONSUMER) timestamp=8289 ms, used_size=7270400 bytes (17.8%)
(RDMA_READ_CONSUME_CHECK_CONSUMER) timestamp=8289 ms, used_size=7268352 bytes (17.7%)
(RDMA_READ_CONSUME_CHECK_CONSUMER) timestamp=8289 ms, used_size=7266304 bytes (17.7%)
(RDMA_READ_CONSUME_CHECK_CONSUMER) timestamp=8289 ms, used_size=7264256 bytes (17.7%)
(RDMA_READ_CONSUME_CHECK_CONSUMER) timestamp=8289 ms, used_size=7262208 bytes (17.7%)
(RDMA_READ_CONSUME_CHECK_CONSUMER) timestamp=8289 ms, used_size=7260160 bytes (17.7%)
(RDMA_READ_CONSUME_CHECK_CONSUMER) timestamp=8289 ms, used_size=7258112 bytes (17.7%)
(RDMA_READ_CONSUME_CHECK_CONSUMER) timestamp=8289 ms, used_size=7256064 bytes (17.7%)
(RDMA_READ_CONSUME_CHECK_CONSUMER) timestamp=8289 ms, used_size=7254016 bytes (17.7%)
(RDMA_READ_CONSUME_CHECK_CONSUMER) timestamp=8289 ms, used_size=7251968 bytes (17.7%)
(RDMA_READ_CONSUME_CHECK_CONSUMER) timestamp=8289 ms, used_size=7249920 bytes (17.7%)
(RDMA_READ_CONSUME_CHECK_CONSUMER) timestamp=8289 ms, used_size=7247872 bytes (17.7%)
(RDMA_READ_CONSUME_CHECK_CONSUMER) timestamp=8289 ms, used_size=7245824 bytes (17.7%)
(RDMA_READ_CONSUME_CHECK_CONSUMER) timestamp=8289 ms, used_size=7243776 bytes (17.7%)
(RDMA_READ_CONSUME_CHECK_CONSUMER) timestamp=8289 ms, used_size=7241728 bytes (17.7%)
(RDMA_READ_CONSUME_CHECK_CONSUMER) timestamp=8289 ms, used_size=7239680 bytes (17.7%)
(RDMA_READ_CONSUME_CHECK_CONSUMER) timestamp=8289 ms, used_size=7237632 bytes (17.7%)
(RDMA_READ_CONSUME_CHECK_CONSUMER) timestamp=8289 ms, used_size=7235584 bytes (17.7%)
(RDMA_READ_CONSUME_CHECK_CONSUMER) timestamp=8289 ms, used_size=7233536 bytes (17.7%)
(RDMA_READ_CONSUME_CHECK_CONSUMER) timestamp=8289 ms, used_size=7231488 bytes (17.7%)
(RDMA_READ_CONSUME_CHECK_CONSUMER) timestamp=8289 ms, used_size=7229440 bytes (17.6%)
(RDMA_READ_CONSUME_CHECK_CONSUMER) timestamp=8289 ms, used_size=7227392 bytes (17.6%)
(RDMA_READ_CONSUME_CHECK_CONSUMER) timestamp=8289 ms, used_size=7225344 bytes (17.6%)
(RDMA_READ_CONSUME_CHECK_CONSUMER) timestamp=8289 ms, used_size=7223296 bytes (17.6%)
(RDMA_READ_CONSUME_CHECK_CONSUMER) timestamp=8289 ms, used_size=7221248 bytes (17.6%)
(RDMA_READ_CONSUME_CHECK_CONSUMER) timestamp=8289 ms, used_size=7219200 bytes (17.6%)
(RDMA_READ_CONSUME_CHECK_CONSUMER) timestamp=8289 ms, used_size=7217152 bytes (17.6%)
(RDMA_READ_CONSUME_CHECK_CONSUMER) timestamp=8289 ms, used_size=7215104 bytes (17.6%)
(RDMA_READ_CONSUME_CHECK_CONSUMER) timestamp=8289 ms, used_size=7213056 bytes (17.6%)
(RDMA_READ_CONSUME_CHECK_CONSUMER) timestamp=8289 ms, used_size=7211008 bytes (17.6%)
(RDMA_READ_CONSUME_CHECK_CONSUMER) timestamp=8289 ms, used_size=7208960 bytes (17.6%)
(RDMA_READ_CONSUME_CHECK_CONSUMER) timestamp=8289 ms, used_size=7206912 bytes (17.6%)
(RDMA_READ_CONSUME_CHECK_CONSUMER) timestamp=8289 ms, used_size=7204864 bytes (17.6%)
(RDMA_READ_CONSUME_CHECK_CONSUMER) timestamp=8289 ms, used_size=7202816 bytes (17.6%)
(RDMA_READ_CONSUME_CHECK_CONSUMER) timestamp=8289 ms, used_size=7200768 bytes (17.6%)
(RDMA_READ_CONSUME_CHECK_CONSUMER) timestamp=8289 ms, used_size=7198720 bytes (17.6%)
(RDMA_READ_CONSUME_CHECK_CONSUMER) timestamp=8289 ms, used_size=7196672 bytes (17.6%)
(RDMA_READ_CONSUME_CHECK_CONSUMER) timestamp=8289 ms, used_size=7194624 bytes (17.6%)
(RDMA_READ_CONSUME_CHECK_CONSUMER) timestamp=8289 ms, used_size=7192576 bytes (17.6%)
(RDMA_READ_CONSUME_CHECK_CONSUMER) timestamp=8289 ms, used_size=7190528 bytes (17.6%)
(RDMA_READ_CONSUME_CHECK_CONSUMER) timestamp=8289 ms, used_size=7188480 bytes (17.6%)
(RDMA_READ_CONSUME_CHECK_CONSUMER) timestamp=8289 ms, used_size=7186432 bytes (17.5%)
(RDMA_READ_CONSUME_CHECK_CONSUMER) timestamp=8289 ms, used_size=7184384 bytes (17.5%)
(RDMA_READ_CONSUME_CHECK_CONSUMER) timestamp=8289 ms, used_size=7182336 bytes (17.5%)
(RDMA_READ_CONSUME_CHECK_CONSUMER) timestamp=8289 ms, used_size=7180288 bytes (17.5%)
(RDMA_READ_CONSUME_CHECK_CONSUMER) timestamp=8289 ms, used_size=7178240 bytes (17.5%)
(RDMA_READ_CONSUME_CHECK_CONSUMER) timestamp=8289 ms, used_size=7176192 bytes (17.5%)
(RDMA_READ_CONSUME_CHECK_CONSUMER) timestamp=8289 ms, used_size=7174144 bytes (17.5%)
(RDMA_READ_CONSUME_CHECK_CONSUMER) timestamp=8289 ms, used_size=7172096 bytes (17.5%)
(RDMA_READ_CONSUME_CHECK_CONSUMER) timestamp=8290 ms, used_size=7170048 bytes (17.5%)
(RDMA_READ_CONSUME_CHECK_CONSUMER) timestamp=8290 ms, used_size=7168000 bytes (17.5%)
(RDMA_READ_CONSUME_CHECK_CONSUMER) timestamp=8290 ms, used_size=7165952 bytes (17.5%)
(RDMA_READ_CONSUME_CHECK_CONSUMER) timestamp=8290 ms, used_size=7163904 bytes (17.5%)
(RDMA_READ_CONSUME_CHECK_CONSUMER) timestamp=8290 ms, used_size=7161856 bytes (17.5%)
(RDMA_READ_CONSUME_CHECK_CONSUMER) timestamp=8290 ms, used_size=7159808 bytes (17.5%)
(RDMA_READ_CONSUME_CHECK_CONSUMER) timestamp=8290 ms, used_size=7157760 bytes (17.5%)
(RDMA_READ_CONSUME_CHECK_CONSUMER) timestamp=8290 ms, used_size=7155712 bytes (17.5%)
(RDMA_READ_CONSUME_CHECK_CONSUMER) timestamp=8290 ms, used_size=7153664 bytes (17.5%)
(RDMA_READ_CONSUME_CHECK_CONSUMER) timestamp=8290 ms, used_size=7151616 bytes (17.5%)
(RDMA_READ_CONSUME_CHECK_CONSUMER) timestamp=8290 ms, used_size=7149568 bytes (17.5%)
(RDMA_READ_CONSUME_CHECK_CONSUMER) timestamp=8290 ms, used_size=7147520 bytes (17.4%)
(RDMA_READ_CONSUME_CHECK_CONSUMER) timestamp=8290 ms, used_size=7145472 bytes (17.4%)
(RDMA_READ_CONSUME_CHECK_CONSUMER) timestamp=8290 ms, used_size=7143424 bytes (17.4%)
(RDMA_READ_CONSUME_CHECK_CONSUMER) timestamp=8290 ms, used_size=7141376 bytes (17.4%)
(RDMA_READ_CONSUME_CHECK_CONSUMER) timestamp=8290 ms, used_size=7139328 bytes (17.4%)
(RDMA_READ_CONSUME_CHECK_CONSUMER) timestamp=8290 ms, used_size=7137280 bytes (17.4%)
(RDMA_READ_CONSUME_CHECK_CONSUMER) timestamp=8290 ms, used_size=7135232 bytes (17.4%)
(RDMA_READ_CONSUME_CHECK_CONSUMER) timestamp=8290 ms, used_size=7133184 bytes (17.4%)
(RDMA_READ_CONSUME_CHECK_CONSUMER) timestamp=8290 ms, used_size=7131136 bytes (17.4%)
(RDMA_READ_CONSUME_CHECK_CONSUMER) timestamp=8290 ms, used_size=7129088 bytes (17.4%)
(RDMA_READ_CONSUME_CHECK_CONSUMER) timestamp=8290 ms, used_size=7127040 bytes (17.4%)
(RDMA_READ_CONSUME_CHECK_CONSUMER) timestamp=8290 ms, used_size=7124992 bytes (17.4%)
(RDMA_READ_CONSUME_CHECK_CONSUMER) timestamp=8290 ms, used_size=7122944 bytes (17.4%)
(RDMA_READ_CONSUME_CHECK_CONSUMER) timestamp=8290 ms, used_size=7120896 bytes (17.4%)
(RDMA_READ_CONSUME_CHECK_CONSUMER) timestamp=8290 ms, used_size=7118848 bytes (17.4%)
(RDMA_READ_CONSUME_CHECK_CONSUMER) timestamp=8290 ms, used_size=7116800 bytes (17.4%)
(RDMA_READ_CONSUME_CHECK_CONSUMER) timestamp=8290 ms, used_size=7114752 bytes (17.4%)
(RDMA_READ_CONSUME_CHECK_CONSUMER) timestamp=8290 ms, used_size=7112704 bytes (17.4%)
(RDMA_READ_CONSUME_CHECK_CONSUMER) timestamp=8290 ms, used_size=7110656 bytes (17.4%)
(RDMA_READ_CONSUME_CHECK_CONSUMER) timestamp=8290 ms, used_size=7108608 bytes (17.4%)
(RDMA_READ_CONSUME_CHECK_CONSUMER) timestamp=8290 ms, used_size=7106560 bytes (17.4%)
(RDMA_READ_CONSUME_CHECK_CONSUMER) timestamp=8290 ms, used_size=7104512 bytes (17.3%)
(RDMA_READ_CONSUME_CHECK_CONSUMER) timestamp=8290 ms, used_size=7102464 bytes (17.3%)
(RDMA_READ_CONSUME_CHECK_CONSUMER) timestamp=8290 ms, used_size=7100416 bytes (17.3%)
(RDMA_READ_CONSUME_CHECK_CONSUMER) timestamp=8290 ms, used_size=7098368 bytes (17.3%)
(RDMA_READ_CONSUME_CHECK_CONSUMER) timestamp=8290 ms, used_size=7096320 bytes (17.3%)
(RDMA_READ_CONSUME_CHECK_CONSUMER) timestamp=8290 ms, used_size=7094272 bytes (17.3%)
(RDMA_READ_CONSUME_CHECK_CONSUMER) timestamp=8290 ms, used_size=7092224 bytes (17.3%)
(RDMA_READ_CONSUME_CHECK_CONSUMER) timestamp=8290 ms, used_size=7090176 bytes (17.3%)
(RDMA_READ_CONSUME_CHECK_CONSUMER) timestamp=8290 ms, used_size=7088128 bytes (17.3%)
(RDMA_READ_CONSUME_CHECK_CONSUMER) timestamp=8290 ms, used_size=7086080 bytes (17.3%)
(RDMA_READ_CONSUME_CHECK_CONSUMER) timestamp=8290 ms, used_size=7084032 bytes (17.3%)
(RDMA_READ_CONSUME_CHECK_CONSUMER) timestamp=8290 ms, used_size=7081984 bytes (17.3%)
(RDMA_READ_CONSUME_CHECK_CONSUMER) timestamp=8290 ms, used_size=7079936 bytes (17.3%)
(RDMA_READ_CONSUME_CHECK_CONSUMER) timestamp=8290 ms, used_size=7077888 bytes (17.3%)
(RDMA_READ_CONSUME_CHECK_CONSUMER) timestamp=8290 ms, used_size=7075840 bytes (17.3%)
(RDMA_READ_CONSUME_CHECK_CONSUMER) timestamp=8290 ms, used_size=7073792 bytes (17.3%)
(RDMA_READ_CONSUME_CHECK_CONSUMER) timestamp=8290 ms, used_size=7071744 bytes (17.3%)
(RDMA_READ_CONSUME_CHECK_CONSUMER) timestamp=8290 ms, used_size=7069696 bytes (17.3%)
(RDMA_READ_CONSUME_CHECK_CONSUMER) timestamp=8290 ms, used_size=7067648 bytes (17.3%)
(RDMA_READ_CONSUME_CHECK_CONSUMER) timestamp=8290 ms, used_size=7065600 bytes (17.2%)
(RDMA_READ_CONSUME_CHECK_CONSUMER) timestamp=8290 ms, used_size=7063552 bytes (17.2%)
(RDMA_READ_CONSUME_CHECK_CONSUMER) timestamp=8290 ms, used_size=7061504 bytes (17.2%)
(RDMA_READ_CONSUME_CHECK_CONSUMER) timestamp=8290 ms, used_size=7059456 bytes (17.2%)
(RDMA_READ_CONSUME_CHECK_CONSUMER) timestamp=8290 ms, used_size=7057408 bytes (17.2%)
(RDMA_READ_CONSUME_CHECK_CONSUMER) timestamp=8290 ms, used_size=7055360 bytes (17.2%)
(RDMA_READ_CONSUME_CHECK_CONSUMER) timestamp=8290 ms, used_size=7053312 bytes (17.2%)
(RDMA_READ_CONSUME_CHECK_CONSUMER) timestamp=8290 ms, used_size=7051264 bytes (17.2%)
(RDMA_READ_CONSUME_CHECK_CONSUMER) timestamp=8290 ms, used_size=7049216 bytes (17.2%)
(RDMA_READ_CONSUME_CHECK_CONSUMER) timestamp=8290 ms, used_size=7047168 bytes (17.2%)
(RDMA_READ_CONSUME_CHECK_CONSUMER) timestamp=8290 ms, used_size=7045120 bytes (17.2%)
(RDMA_READ_CONSUME_CHECK_CONSUMER) timestamp=8290 ms, used_size=7043072 bytes (17.2%)
(RDMA_READ_CONSUME_CHECK_CONSUMER) timestamp=8290 ms, used_size=7041024 bytes (17.2%)
(RDMA_READ_CONSUME_CHECK_CONSUMER) timestamp=8290 ms, used_size=7038976 bytes (17.2%)
(RDMA_READ_CONSUME_CHECK_CONSUMER) timestamp=8290 ms, used_size=7036928 bytes (17.2%)
(RDMA_READ_CONSUME_CHECK_CONSUMER) timestamp=8290 ms, used_size=7034880 bytes (17.2%)
(RDMA_READ_CONSUME_CHECK_CONSUMER) timestamp=8290 ms, used_size=7032832 bytes (17.2%)
(RDMA_READ_CONSUME_CHECK_CONSUMER) timestamp=8290 ms, used_size=7030784 bytes (17.2%)
(RDMA_READ_CONSUME_CHECK_CONSUMER) timestamp=8290 ms, used_size=7028736 bytes (17.2%)
(RDMA_READ_CONSUME_CHECK_CONSUMER) timestamp=8290 ms, used_size=7026688 bytes (17.2%)
(RDMA_READ_CONSUME_CHECK_CONSUMER) timestamp=8290 ms, used_size=7024640 bytes (17.1%)
(RDMA_READ_CONSUME_CHECK_CONSUMER) timestamp=8290 ms, used_size=7022592 bytes (17.1%)
(RDMA_READ_CONSUME_CHECK_CONSUMER) timestamp=8290 ms, used_size=7020544 bytes (17.1%)
(RDMA_READ_CONSUME_CHECK_CONSUMER) timestamp=8290 ms, used_size=7018496 bytes (17.1%)
(RDMA_READ_CONSUME_CHECK_CONSUMER) timestamp=8290 ms, used_size=7016448 bytes (17.1%)
(RDMA_READ_CONSUME_CHECK_CONSUMER) timestamp=8290 ms, used_size=7014400 bytes (17.1%)
(RDMA_READ_CONSUME_CHECK_CONSUMER) timestamp=8290 ms, used_size=7012352 bytes (17.1%)
(RDMA_READ_CONSUME_CHECK_CONSUMER) timestamp=8290 ms, used_size=7010304 bytes (17.1%)
(RDMA_READ_CONSUME_CHECK_CONSUMER) timestamp=8290 ms, used_size=7008256 bytes (17.1%)
(RDMA_READ_CONSUME_CHECK_CONSUMER) timestamp=8290 ms, used_size=7006208 bytes (17.1%)
(RDMA_READ_CONSUME_CHECK_CONSUMER) timestamp=8290 ms, used_size=7004160 bytes (17.1%)
(RDMA_READ_CONSUME_CHECK_CONSUMER) timestamp=8290 ms, used_size=7002112 bytes (17.1%)
(RDMA_READ_CONSUME_CHECK_CONSUMER) timestamp=8290 ms, used_size=7000064 bytes (17.1%)
(RDMA_READ_CONSUME_CHECK_CONSUMER) timestamp=8290 ms, used_size=6998016 bytes (17.1%)
(RDMA_READ_CONSUME_CHECK_CONSUMER) timestamp=8290 ms, used_size=6995968 bytes (17.1%)
(RDMA_READ_CONSUME_CHECK_CONSUMER) timestamp=8290 ms, used_size=6993920 bytes (17.1%)
(RDMA_READ_CONSUME_CHECK_CONSUMER) timestamp=8290 ms, used_size=6991872 bytes (17.1%)
(RDMA_READ_CONSUME_CHECK_CONSUMER) timestamp=8290 ms, used_size=6989824 bytes (17.1%)
(RDMA_READ_CONSUME_CHECK_CONSUMER) timestamp=8290 ms, used_size=6987776 bytes (17.1%)
(RDMA_READ_CONSUME_CHECK_CONSUMER) timestamp=8290 ms, used_size=6985728 bytes (17.1%)
(RDMA_READ_CONSUME_CHECK_CONSUMER) timestamp=8290 ms, used_size=6983680 bytes (17.1%)
(RDMA_READ_CONSUME_CHECK_CONSUMER) timestamp=8290 ms, used_size=6981632 bytes (17.0%)
(RDMA_READ_CONSUME_CHECK_CONSUMER) timestamp=8290 ms, used_size=6979584 bytes (17.0%)
(RDMA_READ_CONSUME_CHECK_CONSUMER) timestamp=8290 ms, used_size=6977536 bytes (17.0%)
(RDMA_READ_CONSUME_CHECK_CONSUMER) timestamp=8290 ms, used_size=6975488 bytes (17.0%)
(RDMA_READ_CONSUME_CHECK_CONSUMER) timestamp=8290 ms, used_size=6973440 bytes (17.0%)
(RDMA_READ_CONSUME_CHECK_CONSUMER) timestamp=8290 ms, used_size=6971392 bytes (17.0%)
(RDMA_READ_CONSUME_CHECK_CONSUMER) timestamp=8290 ms, used_size=6969344 bytes (17.0%)
(RDMA_READ_CONSUME_CHECK_CONSUMER) timestamp=8290 ms, used_size=6967296 bytes (17.0%)
(RDMA_READ_CONSUME_CHECK_CONSUMER) timestamp=8290 ms, used_size=6965248 bytes (17.0%)
(RDMA_READ_CONSUME_CHECK_CONSUMER) timestamp=8290 ms, used_size=6963200 bytes (17.0%)
(RDMA_READ_CONSUME_CHECK_CONSUMER) timestamp=8290 ms, used_size=6961152 bytes (17.0%)
(RDMA_READ_CONSUME_CHECK_CONSUMER) timestamp=8290 ms, used_size=6959104 bytes (17.0%)
(RDMA_READ_CONSUME_CHECK_CONSUMER) timestamp=8290 ms, used_size=6957056 bytes (17.0%)
(RDMA_READ_CONSUME_CHECK_CONSUMER) timestamp=8290 ms, used_size=6955008 bytes (17.0%)
(RDMA_READ_CONSUME_CHECK_CONSUMER) timestamp=8290 ms, used_size=6952960 bytes (17.0%)
(RDMA_READ_CONSUME_CHECK_CONSUMER) timestamp=8290 ms, used_size=6950912 bytes (17.0%)
(RDMA_READ_CONSUME_CHECK_CONSUMER) timestamp=8290 ms, used_size=6948864 bytes (17.0%)
(RDMA_READ_CONSUME_CHECK_CONSUMER) timestamp=8290 ms, used_size=6946816 bytes (17.0%)
(RDMA_READ_CONSUME_CHECK_CONSUMER) timestamp=8290 ms, used_size=6944768 bytes (17.0%)
(RDMA_READ_CONSUME_CHECK_CONSUMER) timestamp=8290 ms, used_size=6942720 bytes (16.9%)
(RDMA_READ_CONSUME_CHECK_CONSUMER) timestamp=8290 ms, used_size=6940672 bytes (16.9%)
(RDMA_READ_CONSUME_CHECK_CONSUMER) timestamp=8290 ms, used_size=6938624 bytes (16.9%)
(RDMA_READ_CONSUME_CHECK_CONSUMER) timestamp=8290 ms, used_size=6936576 bytes (16.9%)
(RDMA_READ_CONSUME_CHECK_CONSUMER) timestamp=8290 ms, used_size=6934528 bytes (16.9%)
(RDMA_READ_CONSUME_CHECK_CONSUMER) timestamp=8290 ms, used_size=6932480 bytes (16.9%)
(RDMA_READ_CONSUME_CHECK_CONSUMER) timestamp=8290 ms, used_size=6930432 bytes (16.9%)
(RDMA_READ_CONSUME_CHECK_CONSUMER) timestamp=8290 ms, used_size=6928384 bytes (16.9%)
(RDMA_READ_CONSUME_CHECK_CONSUMER) timestamp=8290 ms, used_size=6926336 bytes (16.9%)
(RDMA_READ_CONSUME_CHECK_CONSUMER) timestamp=8290 ms, used_size=6924288 bytes (16.9%)
(RDMA_READ_CONSUME_CHECK_CONSUMER) timestamp=8290 ms, used_size=6922240 bytes (16.9%)
(RDMA_READ_CONSUME_CHECK_CONSUMER) timestamp=8290 ms, used_size=6920192 bytes (16.9%)
(RDMA_READ_CONSUME_CHECK_CONSUMER) timestamp=8290 ms, used_size=6918144 bytes (16.9%)
(RDMA_READ_CONSUME_CHECK_CONSUMER) timestamp=8290 ms, used_size=6916096 bytes (16.9%)
(RDMA_READ_CONSUME_CHECK_CONSUMER) timestamp=8290 ms, used_size=6914048 bytes (16.9%)
(RDMA_READ_CONSUME_CHECK_CONSUMER) timestamp=8290 ms, used_size=6912000 bytes (16.9%)
(RDMA_READ_CONSUME_CHECK_CONSUMER) timestamp=8290 ms, used_size=6909952 bytes (16.9%)
(RDMA_READ_CONSUME_CHECK_CONSUMER) timestamp=8290 ms, used_size=6907904 bytes (16.9%)
(RDMA_READ_CONSUME_CHECK_CONSUMER) timestamp=8290 ms, used_size=6905856 bytes (16.9%)
(RDMA_READ_CONSUME_CHECK_CONSUMER) timestamp=8290 ms, used_size=6903808 bytes (16.9%)
(RDMA_READ_CONSUME_CHECK_CONSUMER) timestamp=8290 ms, used_size=6901760 bytes (16.9%)
(RDMA_READ_CONSUME_CHECK_CONSUMER) timestamp=8290 ms, used_size=6899712 bytes (16.8%)
(RDMA_READ_CONSUME_CHECK_CONSUMER) timestamp=8290 ms, used_size=6897664 bytes (16.8%)
(RDMA_READ_CONSUME_CHECK_CONSUMER) timestamp=8290 ms, used_size=6895616 bytes (16.8%)
(RDMA_READ_CONSUME_CHECK_CONSUMER) timestamp=8290 ms, used_size=6893568 bytes (16.8%)
(RDMA_READ_CONSUME_CHECK_CONSUMER) timestamp=8290 ms, used_size=6891520 bytes (16.8%)
(RDMA_READ_CONSUME_CHECK_CONSUMER) timestamp=8290 ms, used_size=6889472 bytes (16.8%)
(RDMA_READ_CONSUME_CHECK_CONSUMER) timestamp=8290 ms, used_size=6887424 bytes (16.8%)
(RDMA_READ_CONSUME_CHECK_CONSUMER) timestamp=8290 ms, used_size=6885376 bytes (16.8%)
(RDMA_READ_CONSUME_CHECK_CONSUMER) timestamp=8290 ms, used_size=6883328 bytes (16.8%)
(RDMA_READ_CONSUME_CHECK_CONSUMER) timestamp=8290 ms, used_size=6881280 bytes (16.8%)
(RDMA_READ_CONSUME_CHECK_CONSUMER) timestamp=8290 ms, used_size=6879232 bytes (16.8%)
(RDMA_READ_CONSUME_CHECK_CONSUMER) timestamp=8290 ms, used_size=6877184 bytes (16.8%)
(RDMA_READ_CONSUME_CHECK_CONSUMER) timestamp=8290 ms, used_size=6875136 bytes (16.8%)
(RDMA_READ_CONSUME_CHECK_CONSUMER) timestamp=8290 ms, used_size=6873088 bytes (16.8%)
(RDMA_READ_CONSUME_CHECK_CONSUMER) timestamp=8290 ms, used_size=6871040 bytes (16.8%)
(RDMA_READ_CONSUME_CHECK_CONSUMER) timestamp=8290 ms, used_size=6868992 bytes (16.8%)
(RDMA_READ_CONSUME_CHECK_CONSUMER) timestamp=8290 ms, used_size=6866944 bytes (16.8%)
(RDMA_READ_CONSUME_CHECK_CONSUMER) timestamp=8290 ms, used_size=6864896 bytes (16.8%)
(RDMA_READ_CONSUME_CHECK_CONSUMER) timestamp=8290 ms, used_size=6862848 bytes (16.8%)
(RDMA_READ_CONSUME_CHECK_CONSUMER) timestamp=8290 ms, used_size=6860800 bytes (16.8%)
(RDMA_READ_CONSUME_CHECK_CONSUMER) timestamp=8290 ms, used_size=6858752 bytes (16.7%)
(RDMA_READ_CONSUME_CHECK_CONSUMER) timestamp=8290 ms, used_size=6856704 bytes (16.7%)
(RDMA_READ_CONSUME_CHECK_CONSUMER) timestamp=8290 ms, used_size=6854656 bytes (16.7%)
(RDMA_READ_CONSUME_CHECK_CONSUMER) timestamp=8290 ms, used_size=6852608 bytes (16.7%)
(RDMA_READ_CONSUME_CHECK_CONSUMER) timestamp=8290 ms, used_size=6850560 bytes (16.7%)
(RDMA_READ_CONSUME_CHECK_CONSUMER) timestamp=8290 ms, used_size=6848512 bytes (16.7%)
(RDMA_READ_CONSUME_CHECK_CONSUMER) timestamp=8290 ms, used_size=6846464 bytes (16.7%)
(RDMA_READ_CONSUME_CHECK_CONSUMER) timestamp=8290 ms, used_size=6844416 bytes (16.7%)
(RDMA_READ_CONSUME_CHECK_CONSUMER) timestamp=8290 ms, used_size=6842368 bytes (16.7%)
(RDMA_READ_CONSUME_CHECK_CONSUMER) timestamp=8290 ms, used_size=6840320 bytes (16.7%)
(RDMA_READ_CONSUME_CHECK_CONSUMER) timestamp=8290 ms, used_size=6838272 bytes (16.7%)
(RDMA_READ_CONSUME_CHECK_CONSUMER) timestamp=8290 ms, used_size=6836224 bytes (16.7%)
(RDMA_READ_CONSUME_CHECK_CONSUMER) timestamp=8290 ms, used_size=6834176 bytes (16.7%)
(RDMA_READ_CONSUME_CHECK_CONSUMER) timestamp=8290 ms, used_size=6832128 bytes (16.7%)
(RDMA_READ_CONSUME_CHECK_CONSUMER) timestamp=8290 ms, used_size=6830080 bytes (16.7%)
(RDMA_READ_CONSUME_CHECK_CONSUMER) timestamp=8290 ms, used_size=6828032 bytes (16.7%)
(RDMA_READ_CONSUME_CHECK_CONSUMER) timestamp=8290 ms, used_size=6825984 bytes (16.7%)
(RDMA_READ_CONSUME_CHECK_CONSUMER) timestamp=8290 ms, used_size=6823936 bytes (16.7%)
(RDMA_READ_CONSUME_CHECK_CONSUMER) timestamp=8290 ms, used_size=6821888 bytes (16.7%)
(RDMA_READ_CONSUME_CHECK_CONSUMER) timestamp=8290 ms, used_size=6819840 bytes (16.6%)
(RDMA_READ_CONSUME_CHECK_CONSUMER) timestamp=8290 ms, used_size=6817792 bytes (16.6%)
(RDMA_READ_CONSUME_CHECK_CONSUMER) timestamp=8290 ms, used_size=6815744 bytes (16.6%)
(RDMA_READ_CONSUME_CHECK_CONSUMER) timestamp=8290 ms, used_size=6813696 bytes (16.6%)
(RDMA_READ_CONSUME_CHECK_CONSUMER) timestamp=8290 ms, used_size=6811648 bytes (16.6%)
(RDMA_READ_CONSUME_CHECK_CONSUMER) timestamp=8290 ms, used_size=6809600 bytes (16.6%)
(RDMA_READ_CONSUME_CHECK_CONSUMER) timestamp=8290 ms, used_size=6807552 bytes (16.6%)
(RDMA_READ_CONSUME_CHECK_CONSUMER) timestamp=8290 ms, used_size=6805504 bytes (16.6%)
(RDMA_READ_CONSUME_CHECK_CONSUMER) timestamp=8290 ms, used_size=6803456 bytes (16.6%)
(RDMA_READ_CONSUME_CHECK_CONSUMER) timestamp=8290 ms, used_size=6801408 bytes (16.6%)
(RDMA_READ_CONSUME_CHECK_CONSUMER) timestamp=8290 ms, used_size=6799360 bytes (16.6%)
(RDMA_READ_CONSUME_CHECK_CONSUMER) timestamp=8290 ms, used_size=6797312 bytes (16.6%)
(RDMA_READ_CONSUME_CHECK_CONSUMER) timestamp=8290 ms, used_size=6795264 bytes (16.6%)
(RDMA_READ_CONSUME_CHECK_CONSUMER) timestamp=8291 ms, used_size=6793216 bytes (16.6%)
(RDMA_READ_CONSUME_CHECK_CONSUMER) timestamp=8291 ms, used_size=6791168 bytes (16.6%)
(RDMA_READ_CONSUME_CHECK_CONSUMER) timestamp=8291 ms, used_size=6789120 bytes (16.6%)
(RDMA_READ_CONSUME_CHECK_CONSUMER) timestamp=8291 ms, used_size=6787072 bytes (16.6%)
(RDMA_READ_CONSUME_CHECK_CONSUMER) timestamp=8291 ms, used_size=6785024 bytes (16.6%)
(RDMA_READ_CONSUME_CHECK_CONSUMER) timestamp=8291 ms, used_size=6782976 bytes (16.6%)
(RDMA_READ_CONSUME_CHECK_CONSUMER) timestamp=8291 ms, used_size=6780928 bytes (16.6%)
(RDMA_READ_CONSUME_CHECK_CONSUMER) timestamp=8291 ms, used_size=6778880 bytes (16.6%)
(RDMA_READ_CONSUME_CHECK_CONSUMER) timestamp=8291 ms, used_size=6776832 bytes (16.5%)
(RDMA_READ_CONSUME_CHECK_CONSUMER) timestamp=8291 ms, used_size=6774784 bytes (16.5%)
(RDMA_READ_CONSUME_CHECK_CONSUMER) timestamp=8291 ms, used_size=6772736 bytes (16.5%)
(RDMA_READ_CONSUME_CHECK_CONSUMER) timestamp=8291 ms, used_size=6770688 bytes (16.5%)
(RDMA_READ_CONSUME_CHECK_CONSUMER) timestamp=8291 ms, used_size=6768640 bytes (16.5%)
(RDMA_READ_CONSUME_CHECK_CONSUMER) timestamp=8291 ms, used_size=6766592 bytes (16.5%)
(RDMA_READ_CONSUME_CHECK_CONSUMER) timestamp=8291 ms, used_size=6764544 bytes (16.5%)
(RDMA_READ_CONSUME_CHECK_CONSUMER) timestamp=8291 ms, used_size=6762496 bytes (16.5%)
(RDMA_READ_CONSUME_CHECK_CONSUMER) timestamp=8291 ms, used_size=6760448 bytes (16.5%)
(RDMA_READ_CONSUME_CHECK_CONSUMER) timestamp=8291 ms, used_size=6758400 bytes (16.5%)
(RDMA_READ_CONSUME_CHECK_CONSUMER) timestamp=8291 ms, used_size=6756352 bytes (16.5%)
(RDMA_READ_CONSUME_CHECK_CONSUMER) timestamp=8291 ms, used_size=6754304 bytes (16.5%)
(RDMA_READ_CONSUME_CHECK_CONSUMER) timestamp=8291 ms, used_size=6752256 bytes (16.5%)
(RDMA_READ_CONSUME_CHECK_CONSUMER) timestamp=8291 ms, used_size=6750208 bytes (16.5%)
(RDMA_READ_CONSUME_CHECK_CONSUMER) timestamp=8291 ms, used_size=6748160 bytes (16.5%)
(RDMA_READ_CONSUME_CHECK_CONSUMER) timestamp=8291 ms, used_size=6746112 bytes (16.5%)
(RDMA_READ_CONSUME_CHECK_CONSUMER) timestamp=8291 ms, used_size=6744064 bytes (16.5%)
(RDMA_READ_CONSUME_CHECK_CONSUMER) timestamp=8291 ms, used_size=6742016 bytes (16.5%)
(RDMA_READ_CONSUME_CHECK_CONSUMER) timestamp=8291 ms, used_size=6739968 bytes (16.5%)
(RDMA_READ_CONSUME_CHECK_CONSUMER) timestamp=8291 ms, used_size=6737920 bytes (16.4%)
(RDMA_READ_CONSUME_CHECK_CONSUMER) timestamp=8291 ms, used_size=6735872 bytes (16.4%)
(RDMA_READ_CONSUME_CHECK_CONSUMER) timestamp=8291 ms, used_size=6733824 bytes (16.4%)
(RDMA_READ_CONSUME_CHECK_CONSUMER) timestamp=8291 ms, used_size=6731776 bytes (16.4%)
(RDMA_READ_CONSUME_CHECK_CONSUMER) timestamp=8291 ms, used_size=6729728 bytes (16.4%)
(RDMA_READ_CONSUME_CHECK_CONSUMER) timestamp=8291 ms, used_size=6727680 bytes (16.4%)
(RDMA_READ_CONSUME_CHECK_CONSUMER) timestamp=8291 ms, used_size=6725632 bytes (16.4%)
(RDMA_READ_CONSUME_CHECK_CONSUMER) timestamp=8291 ms, used_size=6723584 bytes (16.4%)
(RDMA_READ_CONSUME_CHECK_CONSUMER) timestamp=8291 ms, used_size=6721536 bytes (16.4%)
(RDMA_READ_CONSUME_CHECK_CONSUMER) timestamp=8291 ms, used_size=6719488 bytes (16.4%)
(RDMA_READ_CONSUME_CHECK_CONSUMER) timestamp=8291 ms, used_size=6717440 bytes (16.4%)
(RDMA_READ_CONSUME_CHECK_CONSUMER) timestamp=8291 ms, used_size=6715392 bytes (16.4%)
(RDMA_READ_CONSUME_CHECK_CONSUMER) timestamp=8291 ms, used_size=6713344 bytes (16.4%)
(RDMA_READ_CONSUME_CHECK_CONSUMER) timestamp=8291 ms, used_size=6711296 bytes (16.4%)
(RDMA_READ_CONSUME_CHECK_CONSUMER) timestamp=8291 ms, used_size=6709248 bytes (16.4%)
(RDMA_READ_CONSUME_CHECK_CONSUMER) timestamp=8291 ms, used_size=6707200 bytes (16.4%)
(RDMA_READ_CONSUME_CHECK_CONSUMER) timestamp=8291 ms, used_size=6705152 bytes (16.4%)
(RDMA_READ_CONSUME_CHECK_CONSUMER) timestamp=8291 ms, used_size=6703104 bytes (16.4%)
(RDMA_READ_CONSUME_CHECK_CONSUMER) timestamp=8291 ms, used_size=6701056 bytes (16.4%)
(RDMA_READ_CONSUME_CHECK_CONSUMER) timestamp=8291 ms, used_size=6699008 bytes (16.4%)
(RDMA_READ_CONSUME_CHECK_CONSUMER) timestamp=8291 ms, used_size=6696960 bytes (16.4%)
(RDMA_READ_CONSUME_CHECK_CONSUMER) timestamp=8291 ms, used_size=6694912 bytes (16.3%)
(RDMA_READ_CONSUME_CHECK_CONSUMER) timestamp=8291 ms, used_size=6692864 bytes (16.3%)
(RDMA_READ_CONSUME_CHECK_CONSUMER) timestamp=8291 ms, used_size=6690816 bytes (16.3%)
(RDMA_READ_CONSUME_CHECK_CONSUMER) timestamp=8291 ms, used_size=6688768 bytes (16.3%)
(RDMA_READ_CONSUME_CHECK_CONSUMER) timestamp=8291 ms, used_size=6686720 bytes (16.3%)
(RDMA_READ_CONSUME_CHECK_CONSUMER) timestamp=8291 ms, used_size=6684672 bytes (16.3%)
(RDMA_READ_CONSUME_CHECK_CONSUMER) timestamp=8291 ms, used_size=6682624 bytes (16.3%)
(RDMA_READ_CONSUME_CHECK_CONSUMER) timestamp=8291 ms, used_size=6680576 bytes (16.3%)
(RDMA_READ_CONSUME_CHECK_CONSUMER) timestamp=8291 ms, used_size=6678528 bytes (16.3%)
(RDMA_READ_CONSUME_CHECK_CONSUMER) timestamp=8291 ms, used_size=6676480 bytes (16.3%)
(RDMA_READ_CONSUME_CHECK_CONSUMER) timestamp=8291 ms, used_size=6674432 bytes (16.3%)
(RDMA_READ_CONSUME_CHECK_CONSUMER) timestamp=8291 ms, used_size=6672384 bytes (16.3%)
(RDMA_READ_CONSUME_CHECK_CONSUMER) timestamp=8291 ms, used_size=6670336 bytes (16.3%)
(RDMA_READ_CONSUME_CHECK_CONSUMER) timestamp=8291 ms, used_size=6668288 bytes (16.3%)
(RDMA_READ_CONSUME_CHECK_CONSUMER) timestamp=8291 ms, used_size=6666240 bytes (16.3%)
(RDMA_READ_CONSUME_CHECK_CONSUMER) timestamp=8291 ms, used_size=6664192 bytes (16.3%)
(RDMA_READ_CONSUME_CHECK_CONSUMER) timestamp=8291 ms, used_size=6662144 bytes (16.3%)
(RDMA_READ_CONSUME_CHECK_CONSUMER) timestamp=8291 ms, used_size=6660096 bytes (16.3%)
(RDMA_READ_CONSUME_CHECK_CONSUMER) timestamp=8291 ms, used_size=6658048 bytes (16.3%)
(RDMA_READ_CONSUME_CHECK_CONSUMER) timestamp=8291 ms, used_size=6656000 bytes (16.2%)
(RDMA_READ_CONSUME_CHECK_CONSUMER) timestamp=8291 ms, used_size=6653952 bytes (16.2%)
(RDMA_READ_CONSUME_CHECK_CONSUMER) timestamp=8291 ms, used_size=6651904 bytes (16.2%)
(RDMA_READ_CONSUME_CHECK_CONSUMER) timestamp=8291 ms, used_size=6649856 bytes (16.2%)
(RDMA_READ_CONSUME_CHECK_CONSUMER) timestamp=8291 ms, used_size=6647808 bytes (16.2%)
(RDMA_READ_CONSUME_CHECK_CONSUMER) timestamp=8291 ms, used_size=6645760 bytes (16.2%)
(RDMA_READ_CONSUME_CHECK_CONSUMER) timestamp=8291 ms, used_size=6643712 bytes (16.2%)
(RDMA_READ_CONSUME_CHECK_CONSUMER) timestamp=8291 ms, used_size=6641664 bytes (16.2%)
(RDMA_READ_CONSUME_CHECK_CONSUMER) timestamp=8291 ms, used_size=6639616 bytes (16.2%)
(RDMA_READ_CONSUME_CHECK_CONSUMER) timestamp=8291 ms, used_size=6637568 bytes (16.2%)
(RDMA_READ_CONSUME_CHECK_CONSUMER) timestamp=8291 ms, used_size=6635520 bytes (16.2%)
(RDMA_READ_CONSUME_CHECK_CONSUMER) timestamp=8291 ms, used_size=6633472 bytes (16.2%)
(RDMA_READ_CONSUME_CHECK_CONSUMER) timestamp=8291 ms, used_size=6631424 bytes (16.2%)
(RDMA_READ_CONSUME_CHECK_CONSUMER) timestamp=8291 ms, used_size=6629376 bytes (16.2%)
(RDMA_READ_CONSUME_CHECK_CONSUMER) timestamp=8291 ms, used_size=6627328 bytes (16.2%)
(RDMA_READ_CONSUME_CHECK_CONSUMER) timestamp=8291 ms, used_size=6625280 bytes (16.2%)
(RDMA_READ_CONSUME_CHECK_CONSUMER) timestamp=8291 ms, used_size=6623232 bytes (16.2%)
(RDMA_READ_CONSUME_CHECK_CONSUMER) timestamp=8291 ms, used_size=6621184 bytes (16.2%)
(RDMA_READ_CONSUME_CHECK_CONSUMER) timestamp=8291 ms, used_size=6619136 bytes (16.2%)
(RDMA_READ_CONSUME_CHECK_CONSUMER) timestamp=8291 ms, used_size=6617088 bytes (16.2%)
(RDMA_READ_CONSUME_CHECK_CONSUMER) timestamp=8291 ms, used_size=6615040 bytes (16.1%)
(RDMA_READ_CONSUME_CHECK_CONSUMER) timestamp=8291 ms, used_size=6612992 bytes (16.1%)
(RDMA_READ_CONSUME_CHECK_CONSUMER) timestamp=8291 ms, used_size=6610944 bytes (16.1%)
(RDMA_READ_CONSUME_CHECK_CONSUMER) timestamp=8291 ms, used_size=6608896 bytes (16.1%)
(RDMA_READ_CONSUME_CHECK_CONSUMER) timestamp=8291 ms, used_size=6606848 bytes (16.1%)
(RDMA_READ_CONSUME_CHECK_CONSUMER) timestamp=8291 ms, used_size=6604800 bytes (16.1%)
(RDMA_READ_CONSUME_CHECK_CONSUMER) timestamp=8291 ms, used_size=6602752 bytes (16.1%)
(RDMA_READ_CONSUME_CHECK_CONSUMER) timestamp=8291 ms, used_size=6600704 bytes (16.1%)
(RDMA_READ_CONSUME_CHECK_CONSUMER) timestamp=8291 ms, used_size=6598656 bytes (16.1%)
(RDMA_READ_CONSUME_CHECK_CONSUMER) timestamp=8291 ms, used_size=6596608 bytes (16.1%)
(RDMA_READ_CONSUME_CHECK_CONSUMER) timestamp=8291 ms, used_size=6594560 bytes (16.1%)
(RDMA_READ_CONSUME_CHECK_CONSUMER) timestamp=8291 ms, used_size=6592512 bytes (16.1%)
(RDMA_READ_CONSUME_CHECK_CONSUMER) timestamp=8291 ms, used_size=6590464 bytes (16.1%)
(RDMA_READ_CONSUME_CHECK_CONSUMER) timestamp=8291 ms, used_size=6588416 bytes (16.1%)
(RDMA_READ_CONSUME_CHECK_CONSUMER) timestamp=8291 ms, used_size=6586368 bytes (16.1%)
(RDMA_READ_CONSUME_CHECK_CONSUMER) timestamp=8291 ms, used_size=6584320 bytes (16.1%)
(RDMA_READ_CONSUME_CHECK_CONSUMER) timestamp=8291 ms, used_size=6582272 bytes (16.1%)
(RDMA_READ_CONSUME_CHECK_CONSUMER) timestamp=8291 ms, used_size=6580224 bytes (16.1%)
(RDMA_READ_CONSUME_CHECK_CONSUMER) timestamp=8291 ms, used_size=6578176 bytes (16.1%)
(RDMA_READ_CONSUME_CHECK_CONSUMER) timestamp=8291 ms, used_size=6576128 bytes (16.1%)
(RDMA_READ_CONSUME_CHECK_CONSUMER) timestamp=8291 ms, used_size=6574080 bytes (16.1%)
(RDMA_READ_CONSUME_CHECK_CONSUMER) timestamp=8291 ms, used_size=6572032 bytes (16.0%)
(RDMA_READ_CONSUME_CHECK_CONSUMER) timestamp=8291 ms, used_size=6569984 bytes (16.0%)
(RDMA_READ_CONSUME_CHECK_CONSUMER) timestamp=8291 ms, used_size=6567936 bytes (16.0%)
(RDMA_READ_CONSUME_CHECK_CONSUMER) timestamp=8291 ms, used_size=6565888 bytes (16.0%)
(RDMA_READ_CONSUME_CHECK_CONSUMER) timestamp=8291 ms, used_size=6563840 bytes (16.0%)
(RDMA_READ_CONSUME_CHECK_CONSUMER) timestamp=8291 ms, used_size=6561792 bytes (16.0%)
(RDMA_READ_CONSUME_CHECK_CONSUMER) timestamp=8291 ms, used_size=6559744 bytes (16.0%)
(RDMA_READ_CONSUME_CHECK_CONSUMER) timestamp=8291 ms, used_size=6557696 bytes (16.0%)
(RDMA_READ_CONSUME_CHECK_CONSUMER) timestamp=8291 ms, used_size=6555648 bytes (16.0%)
(RDMA_READ_CONSUME_CHECK_CONSUMER) timestamp=8291 ms, used_size=6553600 bytes (16.0%)
(RDMA_READ_CONSUME_CHECK_CONSUMER) timestamp=8291 ms, used_size=6551552 bytes (16.0%)
(RDMA_READ_CONSUME_CHECK_CONSUMER) timestamp=8291 ms, used_size=6549504 bytes (16.0%)
(RDMA_READ_CONSUME_CHECK_CONSUMER) timestamp=8291 ms, used_size=6547456 bytes (16.0%)
(RDMA_READ_CONSUME_CHECK_CONSUMER) timestamp=8291 ms, used_size=6545408 bytes (16.0%)
(RDMA_READ_CONSUME_CHECK_CONSUMER) timestamp=8291 ms, used_size=6543360 bytes (16.0%)
(RDMA_READ_CONSUME_CHECK_CONSUMER) timestamp=8291 ms, used_size=6541312 bytes (16.0%)
(RDMA_READ_CONSUME_CHECK_CONSUMER) timestamp=8291 ms, used_size=6539264 bytes (16.0%)
(RDMA_READ_CONSUME_CHECK_CONSUMER) timestamp=8291 ms, used_size=6537216 bytes (16.0%)
(RDMA_READ_CONSUME_CHECK_CONSUMER) timestamp=8291 ms, used_size=6535168 bytes (16.0%)
(RDMA_READ_CONSUME_CHECK_CONSUMER) timestamp=8291 ms, used_size=6533120 bytes (15.9%)
(RDMA_READ_CONSUME_CHECK_CONSUMER) timestamp=8291 ms, used_size=6531072 bytes (15.9%)
(RDMA_READ_CONSUME_CHECK_CONSUMER) timestamp=8291 ms, used_size=6529024 bytes (15.9%)
(RDMA_READ_CONSUME_CHECK_CONSUMER) timestamp=8291 ms, used_size=6526976 bytes (15.9%)
(RDMA_READ_CONSUME_CHECK_CONSUMER) timestamp=8291 ms, used_size=6524928 bytes (15.9%)
(RDMA_READ_CONSUME_CHECK_CONSUMER) timestamp=8291 ms, used_size=6522880 bytes (15.9%)
(RDMA_READ_CONSUME_CHECK_CONSUMER) timestamp=8291 ms, used_size=6520832 bytes (15.9%)
(RDMA_READ_CONSUME_CHECK_CONSUMER) timestamp=8291 ms, used_size=6518784 bytes (15.9%)
(RDMA_READ_CONSUME_CHECK_CONSUMER) timestamp=8291 ms, used_size=6516736 bytes (15.9%)
(RDMA_READ_CONSUME_CHECK_CONSUMER) timestamp=8291 ms, used_size=6514688 bytes (15.9%)
(RDMA_READ_CONSUME_CHECK_CONSUMER) timestamp=8291 ms, used_size=6512640 bytes (15.9%)
(RDMA_READ_CONSUME_CHECK_CONSUMER) timestamp=8291 ms, used_size=6510592 bytes (15.9%)
(RDMA_READ_CONSUME_CHECK_CONSUMER) timestamp=8291 ms, used_size=6508544 bytes (15.9%)
(RDMA_READ_CONSUME_CHECK_CONSUMER) timestamp=8291 ms, used_size=6506496 bytes (15.9%)
(RDMA_READ_CONSUME_CHECK_CONSUMER) timestamp=8291 ms, used_size=6504448 bytes (15.9%)
(RDMA_READ_CONSUME_CHECK_CONSUMER) timestamp=8291 ms, used_size=6502400 bytes (15.9%)
(RDMA_READ_CONSUME_CHECK_CONSUMER) timestamp=8291 ms, used_size=6500352 bytes (15.9%)
(RDMA_READ_CONSUME_CHECK_CONSUMER) timestamp=8291 ms, used_size=6498304 bytes (15.9%)
(RDMA_READ_CONSUME_CHECK_CONSUMER) timestamp=8291 ms, used_size=6496256 bytes (15.9%)
(RDMA_READ_CONSUME_CHECK_CONSUMER) timestamp=8291 ms, used_size=6494208 bytes (15.9%)
(RDMA_READ_CONSUME_CHECK_CONSUMER) timestamp=8291 ms, used_size=6492160 bytes (15.8%)
(RDMA_READ_CONSUME_CHECK_CONSUMER) timestamp=8291 ms, used_size=6490112 bytes (15.8%)
(RDMA_READ_CONSUME_CHECK_CONSUMER) timestamp=8291 ms, used_size=6488064 bytes (15.8%)
(RDMA_READ_CONSUME_CHECK_CONSUMER) timestamp=8291 ms, used_size=6486016 bytes (15.8%)
(RDMA_READ_CONSUME_CHECK_CONSUMER) timestamp=8291 ms, used_size=6483968 bytes (15.8%)
(RDMA_READ_CONSUME_CHECK_CONSUMER) timestamp=8291 ms, used_size=6481920 bytes (15.8%)
(RDMA_READ_CONSUME_CHECK_CONSUMER) timestamp=8291 ms, used_size=6479872 bytes (15.8%)
(RDMA_READ_CONSUME_CHECK_CONSUMER) timestamp=8291 ms, used_size=6477824 bytes (15.8%)
(RDMA_READ_CONSUME_CHECK_CONSUMER) timestamp=8291 ms, used_size=6475776 bytes (15.8%)
(RDMA_READ_CONSUME_CHECK_CONSUMER) timestamp=8291 ms, used_size=6473728 bytes (15.8%)
(RDMA_READ_CONSUME_CHECK_CONSUMER) timestamp=8291 ms, used_size=6471680 bytes (15.8%)
(RDMA_READ_CONSUME_CHECK_CONSUMER) timestamp=8291 ms, used_size=6469632 bytes (15.8%)
(RDMA_READ_CONSUME_CHECK_CONSUMER) timestamp=8291 ms, used_size=6467584 bytes (15.8%)
(RDMA_READ_CONSUME_CHECK_CONSUMER) timestamp=8291 ms, used_size=6465536 bytes (15.8%)
(RDMA_READ_CONSUME_CHECK_CONSUMER) timestamp=8291 ms, used_size=6463488 bytes (15.8%)
(RDMA_READ_CONSUME_CHECK_CONSUMER) timestamp=8291 ms, used_size=6461440 bytes (15.8%)
(RDMA_READ_CONSUME_CHECK_CONSUMER) timestamp=8291 ms, used_size=6459392 bytes (15.8%)
(RDMA_READ_CONSUME_CHECK_CONSUMER) timestamp=8291 ms, used_size=6457344 bytes (15.8%)
(RDMA_READ_CONSUME_CHECK_CONSUMER) timestamp=8291 ms, used_size=6455296 bytes (15.8%)
(RDMA_READ_CONSUME_CHECK_CONSUMER) timestamp=8291 ms, used_size=6453248 bytes (15.8%)
(RDMA_READ_CONSUME_CHECK_CONSUMER) timestamp=8291 ms, used_size=6451200 bytes (15.8%)
(RDMA_READ_CONSUME_CHECK_CONSUMER) timestamp=8291 ms, used_size=6449152 bytes (15.7%)
(RDMA_READ_CONSUME_CHECK_CONSUMER) timestamp=8291 ms, used_size=6447104 bytes (15.7%)
(RDMA_READ_CONSUME_CHECK_CONSUMER) timestamp=8291 ms, used_size=6445056 bytes (15.7%)
(RDMA_READ_CONSUME_CHECK_CONSUMER) timestamp=8291 ms, used_size=6443008 bytes (15.7%)
(RDMA_READ_CONSUME_CHECK_CONSUMER) timestamp=8291 ms, used_size=6440960 bytes (15.7%)
(RDMA_READ_CONSUME_CHECK_CONSUMER) timestamp=8292 ms, used_size=6438912 bytes (15.7%)
(RDMA_READ_CONSUME_CHECK_CONSUMER) timestamp=8292 ms, used_size=6436864 bytes (15.7%)
(RDMA_READ_CONSUME_CHECK_CONSUMER) timestamp=8292 ms, used_size=6434816 bytes (15.7%)
(RDMA_READ_CONSUME_CHECK_CONSUMER) timestamp=8292 ms, used_size=6432768 bytes (15.7%)
(RDMA_READ_CONSUME_CHECK_CONSUMER) timestamp=8292 ms, used_size=6430720 bytes (15.7%)
(RDMA_READ_CONSUME_CHECK_CONSUMER) timestamp=8292 ms, used_size=6428672 bytes (15.7%)
(RDMA_READ_CONSUME_CHECK_CONSUMER) timestamp=8292 ms, used_size=6426624 bytes (15.7%)
(RDMA_READ_CONSUME_CHECK_CONSUMER) timestamp=8292 ms, used_size=6424576 bytes (15.7%)
(RDMA_READ_CONSUME_CHECK_CONSUMER) timestamp=8292 ms, used_size=6422528 bytes (15.7%)
(RDMA_READ_CONSUME_CHECK_CONSUMER) timestamp=8292 ms, used_size=6420480 bytes (15.7%)
(RDMA_READ_CONSUME_CHECK_CONSUMER) timestamp=8292 ms, used_size=6418432 bytes (15.7%)
(RDMA_READ_CONSUME_CHECK_CONSUMER) timestamp=8292 ms, used_size=6416384 bytes (15.7%)
(RDMA_READ_CONSUME_CHECK_CONSUMER) timestamp=8292 ms, used_size=6414336 bytes (15.7%)
(RDMA_READ_CONSUME_CHECK_CONSUMER) timestamp=8292 ms, used_size=6412288 bytes (15.7%)
(RDMA_READ_CONSUME_CHECK_CONSUMER) timestamp=8292 ms, used_size=6410240 bytes (15.7%)
(RDMA_READ_CONSUME_CHECK_CONSUMER) timestamp=8292 ms, used_size=6408192 bytes (15.6%)
(RDMA_READ_CONSUME_CHECK_CONSUMER) timestamp=8292 ms, used_size=6406144 bytes (15.6%)
(RDMA_READ_CONSUME_CHECK_CONSUMER) timestamp=8292 ms, used_size=6404096 bytes (15.6%)
(RDMA_READ_CONSUME_CHECK_CONSUMER) timestamp=8292 ms, used_size=6402048 bytes (15.6%)
(RDMA_READ_CONSUME_CHECK_CONSUMER) timestamp=8292 ms, used_size=6400000 bytes (15.6%)
(RDMA_READ_CONSUME_CHECK_CONSUMER) timestamp=8292 ms, used_size=6397952 bytes (15.6%)
(RDMA_READ_CONSUME_CHECK_CONSUMER) timestamp=8292 ms, used_size=6395904 bytes (15.6%)
(RDMA_READ_CONSUME_CHECK_CONSUMER) timestamp=8292 ms, used_size=6393856 bytes (15.6%)
(RDMA_READ_CONSUME_CHECK_CONSUMER) timestamp=8292 ms, used_size=6391808 bytes (15.6%)
(RDMA_READ_CONSUME_CHECK_CONSUMER) timestamp=8292 ms, used_size=6389760 bytes (15.6%)
(RDMA_READ_CONSUME_CHECK_CONSUMER) timestamp=8292 ms, used_size=6387712 bytes (15.6%)
(RDMA_READ_CONSUME_CHECK_CONSUMER) timestamp=8292 ms, used_size=6385664 bytes (15.6%)
(RDMA_READ_CONSUME_CHECK_CONSUMER) timestamp=8292 ms, used_size=6383616 bytes (15.6%)
(RDMA_READ_CONSUME_CHECK_CONSUMER) timestamp=8292 ms, used_size=6381568 bytes (15.6%)
(RDMA_READ_CONSUME_CHECK_CONSUMER) timestamp=8292 ms, used_size=6379520 bytes (15.6%)
(RDMA_READ_CONSUME_CHECK_CONSUMER) timestamp=8292 ms, used_size=6377472 bytes (15.6%)
(RDMA_READ_CONSUME_CHECK_CONSUMER) timestamp=8292 ms, used_size=6375424 bytes (15.6%)
(RDMA_READ_CONSUME_CHECK_CONSUMER) timestamp=8292 ms, used_size=6373376 bytes (15.6%)
(RDMA_READ_CONSUME_CHECK_CONSUMER) timestamp=8292 ms, used_size=6371328 bytes (15.6%)
(RDMA_READ_CONSUME_CHECK_CONSUMER) timestamp=8292 ms, used_size=6369280 bytes (15.6%)
(RDMA_READ_CONSUME_CHECK_CONSUMER) timestamp=8292 ms, used_size=6367232 bytes (15.5%)
(RDMA_READ_CONSUME_CHECK_CONSUMER) timestamp=8292 ms, used_size=6365184 bytes (15.5%)
(RDMA_READ_CONSUME_CHECK_CONSUMER) timestamp=8292 ms, used_size=6363136 bytes (15.5%)
(RDMA_READ_CONSUME_CHECK_CONSUMER) timestamp=8292 ms, used_size=6361088 bytes (15.5%)
(RDMA_READ_CONSUME_CHECK_CONSUMER) timestamp=8292 ms, used_size=6359040 bytes (15.5%)
(RDMA_READ_CONSUME_CHECK_CONSUMER) timestamp=8292 ms, used_size=6356992 bytes (15.5%)
(RDMA_READ_CONSUME_CHECK_CONSUMER) timestamp=8292 ms, used_size=6354944 bytes (15.5%)
(RDMA_READ_CONSUME_CHECK_CONSUMER) timestamp=8292 ms, used_size=6352896 bytes (15.5%)
(RDMA_READ_CONSUME_CHECK_CONSUMER) timestamp=8292 ms, used_size=6350848 bytes (15.5%)
(RDMA_READ_CONSUME_CHECK_CONSUMER) timestamp=8292 ms, used_size=6348800 bytes (15.5%)
(RDMA_READ_CONSUME_CHECK_CONSUMER) timestamp=8292 ms, used_size=6346752 bytes (15.5%)
(RDMA_READ_CONSUME_CHECK_CONSUMER) timestamp=8292 ms, used_size=6344704 bytes (15.5%)
(RDMA_READ_CONSUME_CHECK_CONSUMER) timestamp=8292 ms, used_size=6342656 bytes (15.5%)
(RDMA_READ_CONSUME_CHECK_CONSUMER) timestamp=8292 ms, used_size=6340608 bytes (15.5%)
(RDMA_READ_CONSUME_CHECK_CONSUMER) timestamp=8292 ms, used_size=6338560 bytes (15.5%)
(RDMA_READ_CONSUME_CHECK_CONSUMER) timestamp=8292 ms, used_size=6336512 bytes (15.5%)
(RDMA_READ_CONSUME_CHECK_CONSUMER) timestamp=8292 ms, used_size=6334464 bytes (15.5%)
(RDMA_READ_CONSUME_CHECK_CONSUMER) timestamp=8292 ms, used_size=6332416 bytes (15.5%)
(RDMA_READ_CONSUME_CHECK_CONSUMER) timestamp=8292 ms, used_size=6330368 bytes (15.5%)
(RDMA_READ_CONSUME_CHECK_CONSUMER) timestamp=8292 ms, used_size=6328320 bytes (15.4%)
(RDMA_READ_CONSUME_CHECK_CONSUMER) timestamp=8292 ms, used_size=6326272 bytes (15.4%)
(RDMA_READ_CONSUME_CHECK_CONSUMER) timestamp=8292 ms, used_size=6324224 bytes (15.4%)
(RDMA_READ_CONSUME_CHECK_CONSUMER) timestamp=8292 ms, used_size=6322176 bytes (15.4%)
(RDMA_READ_CONSUME_CHECK_CONSUMER) timestamp=8292 ms, used_size=6320128 bytes (15.4%)
(RDMA_READ_CONSUME_CHECK_CONSUMER) timestamp=8292 ms, used_size=6318080 bytes (15.4%)
(RDMA_READ_CONSUME_CHECK_CONSUMER) timestamp=8292 ms, used_size=6316032 bytes (15.4%)
(RDMA_READ_CONSUME_CHECK_CONSUMER) timestamp=8292 ms, used_size=6313984 bytes (15.4%)
(RDMA_READ_CONSUME_CHECK_CONSUMER) timestamp=8292 ms, used_size=6311936 bytes (15.4%)
(RDMA_READ_CONSUME_CHECK_CONSUMER) timestamp=8292 ms, used_size=6309888 bytes (15.4%)
(RDMA_READ_CONSUME_CHECK_CONSUMER) timestamp=8292 ms, used_size=6307840 bytes (15.4%)
(RDMA_READ_CONSUME_CHECK_CONSUMER) timestamp=8292 ms, used_size=6305792 bytes (15.4%)
(RDMA_READ_CONSUME_CHECK_CONSUMER) timestamp=8292 ms, used_size=6303744 bytes (15.4%)
(RDMA_READ_CONSUME_CHECK_CONSUMER) timestamp=8292 ms, used_size=6301696 bytes (15.4%)
(RDMA_READ_CONSUME_CHECK_CONSUMER) timestamp=8292 ms, used_size=6299648 bytes (15.4%)
(RDMA_READ_CONSUME_CHECK_CONSUMER) timestamp=8292 ms, used_size=6297600 bytes (15.4%)
(RDMA_READ_CONSUME_CHECK_CONSUMER) timestamp=8292 ms, used_size=6295552 bytes (15.4%)
(RDMA_READ_CONSUME_CHECK_CONSUMER) timestamp=8292 ms, used_size=6293504 bytes (15.4%)
(RDMA_READ_CONSUME_CHECK_CONSUMER) timestamp=8292 ms, used_size=6291456 bytes (15.4%)
(RDMA_READ_CONSUME_CHECK_CONSUMER) timestamp=8292 ms, used_size=6289408 bytes (15.4%)
(RDMA_READ_CONSUME_CHECK_CONSUMER) timestamp=8292 ms, used_size=6287360 bytes (15.3%)
(RDMA_READ_CONSUME_CHECK_CONSUMER) timestamp=8292 ms, used_size=6285312 bytes (15.3%)
(RDMA_READ_CONSUME_CHECK_CONSUMER) timestamp=8292 ms, used_size=6283264 bytes (15.3%)
(RDMA_READ_CONSUME_CHECK_CONSUMER) timestamp=8292 ms, used_size=6281216 bytes (15.3%)
(RDMA_READ_CONSUME_CHECK_CONSUMER) timestamp=8292 ms, used_size=6279168 bytes (15.3%)
(RDMA_READ_CONSUME_CHECK_CONSUMER) timestamp=8292 ms, used_size=6277120 bytes (15.3%)
(RDMA_READ_CONSUME_CHECK_CONSUMER) timestamp=8292 ms, used_size=6275072 bytes (15.3%)
(RDMA_READ_CONSUME_CHECK_CONSUMER) timestamp=8292 ms, used_size=6273024 bytes (15.3%)
(RDMA_READ_CONSUME_CHECK_CONSUMER) timestamp=8292 ms, used_size=6270976 bytes (15.3%)
(RDMA_READ_CONSUME_CHECK_CONSUMER) timestamp=8292 ms, used_size=6268928 bytes (15.3%)
(RDMA_READ_CONSUME_CHECK_CONSUMER) timestamp=8292 ms, used_size=6266880 bytes (15.3%)
(RDMA_READ_CONSUME_CHECK_CONSUMER) timestamp=8292 ms, used_size=6264832 bytes (15.3%)
(RDMA_READ_CONSUME_CHECK_CONSUMER) timestamp=8292 ms, used_size=6262784 bytes (15.3%)
(RDMA_READ_CONSUME_CHECK_CONSUMER) timestamp=8292 ms, used_size=6260736 bytes (15.3%)
(RDMA_READ_CONSUME_CHECK_CONSUMER) timestamp=8292 ms, used_size=6258688 bytes (15.3%)
(RDMA_READ_CONSUME_CHECK_CONSUMER) timestamp=8292 ms, used_size=6256640 bytes (15.3%)
(RDMA_READ_CONSUME_CHECK_CONSUMER) timestamp=8292 ms, used_size=6254592 bytes (15.3%)
(RDMA_READ_CONSUME_CHECK_CONSUMER) timestamp=8292 ms, used_size=6252544 bytes (15.3%)
(RDMA_READ_CONSUME_CHECK_CONSUMER) timestamp=8292 ms, used_size=6250496 bytes (15.3%)
(RDMA_READ_CONSUME_CHECK_CONSUMER) timestamp=8292 ms, used_size=6248448 bytes (15.3%)
(RDMA_READ_CONSUME_CHECK_CONSUMER) timestamp=8292 ms, used_size=6246400 bytes (15.2%)
(RDMA_READ_CONSUME_CHECK_CONSUMER) timestamp=8292 ms, used_size=6244352 bytes (15.2%)
(RDMA_READ_CONSUME_CHECK_CONSUMER) timestamp=8292 ms, used_size=6242304 bytes (15.2%)
(RDMA_READ_CONSUME_CHECK_CONSUMER) timestamp=8292 ms, used_size=6240256 bytes (15.2%)
(RDMA_READ_CONSUME_CHECK_CONSUMER) timestamp=8292 ms, used_size=6238208 bytes (15.2%)
(RDMA_READ_CONSUME_CHECK_CONSUMER) timestamp=8292 ms, used_size=6236160 bytes (15.2%)
(RDMA_READ_CONSUME_CHECK_CONSUMER) timestamp=8292 ms, used_size=6234112 bytes (15.2%)
(RDMA_READ_CONSUME_CHECK_CONSUMER) timestamp=8292 ms, used_size=6232064 bytes (15.2%)
(RDMA_READ_CONSUME_CHECK_CONSUMER) timestamp=8292 ms, used_size=6230016 bytes (15.2%)
(RDMA_READ_CONSUME_CHECK_CONSUMER) timestamp=8292 ms, used_size=6227968 bytes (15.2%)
(RDMA_READ_CONSUME_CHECK_CONSUMER) timestamp=8292 ms, used_size=6225920 bytes (15.2%)
(RDMA_READ_CONSUME_CHECK_CONSUMER) timestamp=8292 ms, used_size=6223872 bytes (15.2%)
(RDMA_READ_CONSUME_CHECK_CONSUMER) timestamp=8292 ms, used_size=6221824 bytes (15.2%)
(RDMA_READ_CONSUME_CHECK_CONSUMER) timestamp=8292 ms, used_size=6219776 bytes (15.2%)
(RDMA_READ_CONSUME_CHECK_CONSUMER) timestamp=8292 ms, used_size=6217728 bytes (15.2%)
(RDMA_READ_CONSUME_CHECK_CONSUMER) timestamp=8292 ms, used_size=6215680 bytes (15.2%)
(RDMA_READ_CONSUME_CHECK_CONSUMER) timestamp=8292 ms, used_size=6213632 bytes (15.2%)
(RDMA_READ_CONSUME_CHECK_CONSUMER) timestamp=8292 ms, used_size=6211584 bytes (15.2%)
(RDMA_READ_CONSUME_CHECK_CONSUMER) timestamp=8292 ms, used_size=6209536 bytes (15.2%)
(RDMA_READ_CONSUME_CHECK_CONSUMER) timestamp=8292 ms, used_size=6207488 bytes (15.2%)
(RDMA_READ_CONSUME_CHECK_CONSUMER) timestamp=8292 ms, used_size=6205440 bytes (15.2%)
(RDMA_READ_CONSUME_CHECK_CONSUMER) timestamp=8292 ms, used_size=6203392 bytes (15.1%)
(RDMA_READ_CONSUME_CHECK_CONSUMER) timestamp=8292 ms, used_size=6201344 bytes (15.1%)
(RDMA_READ_CONSUME_CHECK_CONSUMER) timestamp=8292 ms, used_size=6199296 bytes (15.1%)
(RDMA_READ_CONSUME_CHECK_CONSUMER) timestamp=8292 ms, used_size=6197248 bytes (15.1%)
(RDMA_READ_CONSUME_CHECK_CONSUMER) timestamp=8292 ms, used_size=6195200 bytes (15.1%)
(RDMA_READ_CONSUME_CHECK_CONSUMER) timestamp=8292 ms, used_size=6193152 bytes (15.1%)
(RDMA_READ_CONSUME_CHECK_CONSUMER) timestamp=8292 ms, used_size=6191104 bytes (15.1%)
(RDMA_READ_CONSUME_CHECK_CONSUMER) timestamp=8292 ms, used_size=6189056 bytes (15.1%)
(RDMA_READ_CONSUME_CHECK_CONSUMER) timestamp=8292 ms, used_size=6187008 bytes (15.1%)
(RDMA_READ_CONSUME_CHECK_CONSUMER) timestamp=8292 ms, used_size=6184960 bytes (15.1%)
(RDMA_READ_CONSUME_CHECK_CONSUMER) timestamp=8292 ms, used_size=6182912 bytes (15.1%)
(RDMA_READ_CONSUME_CHECK_CONSUMER) timestamp=8292 ms, used_size=6180864 bytes (15.1%)
(RDMA_READ_CONSUME_CHECK_CONSUMER) timestamp=8292 ms, used_size=6178816 bytes (15.1%)
(RDMA_READ_CONSUME_CHECK_CONSUMER) timestamp=8292 ms, used_size=6176768 bytes (15.1%)
(RDMA_READ_CONSUME_CHECK_CONSUMER) timestamp=8292 ms, used_size=6174720 bytes (15.1%)
(RDMA_READ_CONSUME_CHECK_CONSUMER) timestamp=8292 ms, used_size=6172672 bytes (15.1%)
(RDMA_READ_CONSUME_CHECK_CONSUMER) timestamp=8292 ms, used_size=6170624 bytes (15.1%)
(RDMA_READ_CONSUME_CHECK_CONSUMER) timestamp=8292 ms, used_size=6168576 bytes (15.1%)
(RDMA_READ_CONSUME_CHECK_CONSUMER) timestamp=8292 ms, used_size=6166528 bytes (15.1%)
(RDMA_READ_CONSUME_CHECK_CONSUMER) timestamp=8292 ms, used_size=6164480 bytes (15.1%)
(RDMA_READ_CONSUME_CHECK_CONSUMER) timestamp=8292 ms, used_size=6162432 bytes (15.0%)
(RDMA_READ_CONSUME_CHECK_CONSUMER) timestamp=8292 ms, used_size=6160384 bytes (15.0%)
(RDMA_READ_CONSUME_CHECK_CONSUMER) timestamp=8292 ms, used_size=6158336 bytes (15.0%)
(RDMA_READ_CONSUME_CHECK_CONSUMER) timestamp=8292 ms, used_size=6156288 bytes (15.0%)
(RDMA_READ_CONSUME_CHECK_CONSUMER) timestamp=8292 ms, used_size=6154240 bytes (15.0%)
(RDMA_READ_CONSUME_CHECK_CONSUMER) timestamp=8292 ms, used_size=6152192 bytes (15.0%)
(RDMA_READ_CONSUME_CHECK_CONSUMER) timestamp=8292 ms, used_size=6150144 bytes (15.0%)
(RDMA_READ_CONSUME_CHECK_CONSUMER) timestamp=8292 ms, used_size=6148096 bytes (15.0%)
(RDMA_READ_CONSUME_CHECK_CONSUMER) timestamp=8292 ms, used_size=6146048 bytes (15.0%)
(RDMA_READ_CONSUME_CHECK_CONSUMER) timestamp=8292 ms, used_size=6144000 bytes (15.0%)
(RDMA_READ_CONSUME_CHECK_CONSUMER) timestamp=8292 ms, used_size=6141952 bytes (15.0%)
(RDMA_READ_CONSUME_CHECK_CONSUMER) timestamp=8292 ms, used_size=6139904 bytes (15.0%)
(RDMA_READ_CONSUME_CHECK_CONSUMER) timestamp=8292 ms, used_size=6137856 bytes (15.0%)
(RDMA_READ_CONSUME_CHECK_CONSUMER) timestamp=8292 ms, used_size=6135808 bytes (15.0%)
(RDMA_READ_CONSUME_CHECK_CONSUMER) timestamp=8292 ms, used_size=6133760 bytes (15.0%)
(RDMA_READ_CONSUME_CHECK_CONSUMER) timestamp=8292 ms, used_size=6131712 bytes (15.0%)
(RDMA_READ_CONSUME_CHECK_CONSUMER) timestamp=8292 ms, used_size=6129664 bytes (15.0%)
(RDMA_READ_CONSUME_CHECK_CONSUMER) timestamp=8292 ms, used_size=6127616 bytes (15.0%)
(RDMA_READ_CONSUME_CHECK_CONSUMER) timestamp=8292 ms, used_size=6125568 bytes (15.0%)
(RDMA_READ_CONSUME_CHECK_CONSUMER) timestamp=8292 ms, used_size=6123520 bytes (14.9%)
(RDMA_READ_CONSUME_CHECK_CONSUMER) timestamp=8292 ms, used_size=6121472 bytes (14.9%)
(RDMA_READ_CONSUME_CHECK_CONSUMER) timestamp=8292 ms, used_size=6119424 bytes (14.9%)
(RDMA_READ_CONSUME_CHECK_CONSUMER) timestamp=8292 ms, used_size=6117376 bytes (14.9%)
(RDMA_READ_CONSUME_CHECK_CONSUMER) timestamp=8292 ms, used_size=6115328 bytes (14.9%)
(RDMA_READ_CONSUME_CHECK_CONSUMER) timestamp=8292 ms, used_size=6113280 bytes (14.9%)
(RDMA_READ_CONSUME_CHECK_CONSUMER) timestamp=8292 ms, used_size=6111232 bytes (14.9%)
(RDMA_READ_CONSUME_CHECK_CONSUMER) timestamp=8292 ms, used_size=6109184 bytes (14.9%)
(RDMA_READ_CONSUME_CHECK_CONSUMER) timestamp=8292 ms, used_size=6107136 bytes (14.9%)
(RDMA_READ_CONSUME_CHECK_CONSUMER) timestamp=8292 ms, used_size=6105088 bytes (14.9%)
(RDMA_READ_CONSUME_CHECK_CONSUMER) timestamp=8292 ms, used_size=6103040 bytes (14.9%)
(RDMA_READ_CONSUME_CHECK_CONSUMER) timestamp=8292 ms, used_size=6100992 bytes (14.9%)
(RDMA_READ_CONSUME_CHECK_CONSUMER) timestamp=8292 ms, used_size=6098944 bytes (14.9%)
(RDMA_READ_CONSUME_CHECK_CONSUMER) timestamp=8292 ms, used_size=6096896 bytes (14.9%)
(RDMA_READ_CONSUME_CHECK_CONSUMER) timestamp=8292 ms, used_size=6094848 bytes (14.9%)
(RDMA_READ_CONSUME_CHECK_CONSUMER) timestamp=8292 ms, used_size=6092800 bytes (14.9%)
(RDMA_READ_CONSUME_CHECK_CONSUMER) timestamp=8292 ms, used_size=6090752 bytes (14.9%)
(RDMA_READ_CONSUME_CHECK_CONSUMER) timestamp=8292 ms, used_size=6088704 bytes (14.9%)
(RDMA_READ_CONSUME_CHECK_CONSUMER) timestamp=8292 ms, used_size=6086656 bytes (14.9%)
(RDMA_READ_CONSUME_CHECK_CONSUMER) timestamp=8292 ms, used_size=6084608 bytes (14.9%)
(RDMA_READ_CONSUME_CHECK_CONSUMER) timestamp=8292 ms, used_size=6082560 bytes (14.8%)
(RDMA_READ_CONSUME_CHECK_CONSUMER) timestamp=8292 ms, used_size=6080512 bytes (14.8%)
(RDMA_READ_CONSUME_CHECK_CONSUMER) timestamp=8292 ms, used_size=6078464 bytes (14.8%)
(RDMA_READ_CONSUME_CHECK_CONSUMER) timestamp=8293 ms, used_size=6076416 bytes (14.8%)
(RDMA_READ_CONSUME_CHECK_CONSUMER) timestamp=8293 ms, used_size=6074368 bytes (14.8%)
(RDMA_READ_CONSUME_CHECK_CONSUMER) timestamp=8293 ms, used_size=6072320 bytes (14.8%)
(RDMA_READ_CONSUME_CHECK_CONSUMER) timestamp=8293 ms, used_size=6070272 bytes (14.8%)
(RDMA_READ_CONSUME_CHECK_CONSUMER) timestamp=8293 ms, used_size=6068224 bytes (14.8%)
(RDMA_READ_CONSUME_CHECK_CONSUMER) timestamp=8293 ms, used_size=6066176 bytes (14.8%)
(RDMA_READ_CONSUME_CHECK_CONSUMER) timestamp=8293 ms, used_size=6064128 bytes (14.8%)
(RDMA_READ_CONSUME_CHECK_CONSUMER) timestamp=8293 ms, used_size=6062080 bytes (14.8%)
(RDMA_READ_CONSUME_CHECK_CONSUMER) timestamp=8293 ms, used_size=6060032 bytes (14.8%)
(RDMA_READ_CONSUME_CHECK_CONSUMER) timestamp=8293 ms, used_size=6057984 bytes (14.8%)
(RDMA_READ_CONSUME_CHECK_CONSUMER) timestamp=8293 ms, used_size=6055936 bytes (14.8%)
(RDMA_READ_CONSUME_CHECK_CONSUMER) timestamp=8293 ms, used_size=6053888 bytes (14.8%)
(RDMA_READ_CONSUME_CHECK_CONSUMER) timestamp=8293 ms, used_size=6051840 bytes (14.8%)
(RDMA_READ_CONSUME_CHECK_CONSUMER) timestamp=8293 ms, used_size=6049792 bytes (14.8%)
(RDMA_READ_CONSUME_CHECK_CONSUMER) timestamp=8293 ms, used_size=6047744 bytes (14.8%)
(RDMA_READ_CONSUME_CHECK_CONSUMER) timestamp=8293 ms, used_size=6045696 bytes (14.8%)
(RDMA_READ_CONSUME_CHECK_CONSUMER) timestamp=8293 ms, used_size=6043648 bytes (14.8%)
(RDMA_READ_CONSUME_CHECK_CONSUMER) timestamp=8293 ms, used_size=6041600 bytes (14.8%)
(RDMA_READ_CONSUME_CHECK_CONSUMER) timestamp=8293 ms, used_size=6039552 bytes (14.7%)
(RDMA_READ_CONSUME_CHECK_CONSUMER) timestamp=8293 ms, used_size=6037504 bytes (14.7%)
(RDMA_READ_CONSUME_CHECK_CONSUMER) timestamp=8293 ms, used_size=6035456 bytes (14.7%)
(RDMA_READ_CONSUME_CHECK_CONSUMER) timestamp=8293 ms, used_size=6033408 bytes (14.7%)
(RDMA_READ_CONSUME_CHECK_CONSUMER) timestamp=8293 ms, used_size=6031360 bytes (14.7%)
(RDMA_READ_CONSUME_CHECK_CONSUMER) timestamp=8293 ms, used_size=6029312 bytes (14.7%)
(RDMA_READ_CONSUME_CHECK_CONSUMER) timestamp=8293 ms, used_size=6027264 bytes (14.7%)
(RDMA_READ_CONSUME_CHECK_CONSUMER) timestamp=8293 ms, used_size=6025216 bytes (14.7%)
(RDMA_READ_CONSUME_CHECK_CONSUMER) timestamp=8293 ms, used_size=6023168 bytes (14.7%)
(RDMA_READ_CONSUME_CHECK_CONSUMER) timestamp=8293 ms, used_size=6021120 bytes (14.7%)
(RDMA_READ_CONSUME_CHECK_CONSUMER) timestamp=8293 ms, used_size=6019072 bytes (14.7%)
(RDMA_READ_CONSUME_CHECK_CONSUMER) timestamp=8293 ms, used_size=6017024 bytes (14.7%)
(RDMA_READ_CONSUME_CHECK_CONSUMER) timestamp=8293 ms, used_size=6014976 bytes (14.7%)
(RDMA_READ_CONSUME_CHECK_CONSUMER) timestamp=8293 ms, used_size=6012928 bytes (14.7%)
(RDMA_READ_CONSUME_CHECK_CONSUMER) timestamp=8293 ms, used_size=6010880 bytes (14.7%)
(RDMA_READ_CONSUME_CHECK_CONSUMER) timestamp=8293 ms, used_size=6008832 bytes (14.7%)
(RDMA_READ_CONSUME_CHECK_CONSUMER) timestamp=8293 ms, used_size=6006784 bytes (14.7%)
(RDMA_READ_CONSUME_CHECK_CONSUMER) timestamp=8293 ms, used_size=6004736 bytes (14.7%)
(RDMA_READ_CONSUME_CHECK_CONSUMER) timestamp=8293 ms, used_size=6002688 bytes (14.7%)
(RDMA_READ_CONSUME_CHECK_CONSUMER) timestamp=8293 ms, used_size=6000640 bytes (14.7%)
(RDMA_READ_CONSUME_CHECK_CONSUMER) timestamp=8293 ms, used_size=5998592 bytes (14.6%)
(RDMA_READ_CONSUME_CHECK_CONSUMER) timestamp=8293 ms, used_size=5996544 bytes (14.6%)
(RDMA_READ_CONSUME_CHECK_CONSUMER) timestamp=8293 ms, used_size=5994496 bytes (14.6%)
(RDMA_READ_CONSUME_CHECK_CONSUMER) timestamp=8293 ms, used_size=5992448 bytes (14.6%)
(RDMA_READ_CONSUME_CHECK_CONSUMER) timestamp=8293 ms, used_size=5990400 bytes (14.6%)
(RDMA_READ_CONSUME_CHECK_CONSUMER) timestamp=8293 ms, used_size=5988352 bytes (14.6%)
(RDMA_READ_CONSUME_CHECK_CONSUMER) timestamp=8293 ms, used_size=5986304 bytes (14.6%)
(RDMA_READ_CONSUME_CHECK_CONSUMER) timestamp=8293 ms, used_size=5984256 bytes (14.6%)
(RDMA_READ_CONSUME_CHECK_CONSUMER) timestamp=8293 ms, used_size=5982208 bytes (14.6%)
(RDMA_READ_CONSUME_CHECK_CONSUMER) timestamp=8293 ms, used_size=5980160 bytes (14.6%)
(RDMA_READ_CONSUME_CHECK_CONSUMER) timestamp=8293 ms, used_size=5978112 bytes (14.6%)
(RDMA_READ_CONSUME_CHECK_CONSUMER) timestamp=8293 ms, used_size=5976064 bytes (14.6%)
(RDMA_READ_CONSUME_CHECK_CONSUMER) timestamp=8293 ms, used_size=5974016 bytes (14.6%)
(RDMA_READ_CONSUME_CHECK_CONSUMER) timestamp=8293 ms, used_size=5971968 bytes (14.6%)
(RDMA_READ_CONSUME_CHECK_CONSUMER) timestamp=8293 ms, used_size=5969920 bytes (14.6%)
(RDMA_READ_CONSUME_CHECK_CONSUMER) timestamp=8293 ms, used_size=5967872 bytes (14.6%)
(RDMA_READ_CONSUME_CHECK_CONSUMER) timestamp=8293 ms, used_size=5965824 bytes (14.6%)
(RDMA_READ_CONSUME_CHECK_CONSUMER) timestamp=8293 ms, used_size=5963776 bytes (14.6%)
(RDMA_READ_CONSUME_CHECK_CONSUMER) timestamp=8293 ms, used_size=5961728 bytes (14.6%)
(RDMA_READ_CONSUME_CHECK_CONSUMER) timestamp=8293 ms, used_size=5959680 bytes (14.6%)
(RDMA_READ_CONSUME_CHECK_CONSUMER) timestamp=8293 ms, used_size=5957632 bytes (14.5%)
(RDMA_READ_CONSUME_CHECK_CONSUMER) timestamp=8293 ms, used_size=5955584 bytes (14.5%)
(RDMA_READ_CONSUME_CHECK_CONSUMER) timestamp=8293 ms, used_size=5953536 bytes (14.5%)
(RDMA_READ_CONSUME_CHECK_CONSUMER) timestamp=8293 ms, used_size=5951488 bytes (14.5%)
(RDMA_READ_CONSUME_CHECK_CONSUMER) timestamp=8293 ms, used_size=5949440 bytes (14.5%)
(RDMA_READ_CONSUME_CHECK_CONSUMER) timestamp=8293 ms, used_size=5947392 bytes (14.5%)
(RDMA_READ_CONSUME_CHECK_CONSUMER) timestamp=8293 ms, used_size=5945344 bytes (14.5%)
(RDMA_READ_CONSUME_CHECK_CONSUMER) timestamp=8293 ms, used_size=5943296 bytes (14.5%)
(RDMA_READ_CONSUME_CHECK_CONSUMER) timestamp=8293 ms, used_size=5941248 bytes (14.5%)
(RDMA_READ_CONSUME_CHECK_CONSUMER) timestamp=8293 ms, used_size=5939200 bytes (14.5%)
(RDMA_READ_CONSUME_CHECK_CONSUMER) timestamp=8293 ms, used_size=5937152 bytes (14.5%)
(RDMA_READ_CONSUME_CHECK_CONSUMER) timestamp=8293 ms, used_size=5935104 bytes (14.5%)
(RDMA_READ_CONSUME_CHECK_CONSUMER) timestamp=8293 ms, used_size=5933056 bytes (14.5%)
(RDMA_READ_CONSUME_CHECK_CONSUMER) timestamp=8293 ms, used_size=5931008 bytes (14.5%)
(RDMA_READ_CONSUME_CHECK_CONSUMER) timestamp=8293 ms, used_size=5928960 bytes (14.5%)
(RDMA_READ_CONSUME_CHECK_CONSUMER) timestamp=8293 ms, used_size=5926912 bytes (14.5%)
(RDMA_READ_CONSUME_CHECK_CONSUMER) timestamp=8293 ms, used_size=5924864 bytes (14.5%)
(RDMA_READ_CONSUME_CHECK_CONSUMER) timestamp=8293 ms, used_size=5922816 bytes (14.5%)
(RDMA_READ_CONSUME_CHECK_CONSUMER) timestamp=8293 ms, used_size=5920768 bytes (14.5%)
(RDMA_READ_CONSUME_CHECK_CONSUMER) timestamp=8293 ms, used_size=5918720 bytes (14.4%)
(RDMA_READ_CONSUME_CHECK_CONSUMER) timestamp=8293 ms, used_size=5916672 bytes (14.4%)
(RDMA_READ_CONSUME_CHECK_CONSUMER) timestamp=8293 ms, used_size=5914624 bytes (14.4%)
(RDMA_READ_CONSUME_CHECK_CONSUMER) timestamp=8293 ms, used_size=5912576 bytes (14.4%)
(RDMA_READ_CONSUME_CHECK_CONSUMER) timestamp=8293 ms, used_size=5910528 bytes (14.4%)
(RDMA_READ_CONSUME_CHECK_CONSUMER) timestamp=8293 ms, used_size=5908480 bytes (14.4%)
(RDMA_READ_CONSUME_CHECK_CONSUMER) timestamp=8293 ms, used_size=5906432 bytes (14.4%)
(RDMA_READ_CONSUME_CHECK_CONSUMER) timestamp=8293 ms, used_size=5904384 bytes (14.4%)
(RDMA_READ_CONSUME_CHECK_CONSUMER) timestamp=8293 ms, used_size=5902336 bytes (14.4%)
(RDMA_READ_CONSUME_CHECK_CONSUMER) timestamp=8293 ms, used_size=5900288 bytes (14.4%)
(RDMA_READ_CONSUME_CHECK_CONSUMER) timestamp=8293 ms, used_size=5898240 bytes (14.4%)
(RDMA_READ_CONSUME_CHECK_CONSUMER) timestamp=8293 ms, used_size=5896192 bytes (14.4%)
(RDMA_READ_CONSUME_CHECK_CONSUMER) timestamp=8293 ms, used_size=5894144 bytes (14.4%)
(RDMA_READ_CONSUME_CHECK_CONSUMER) timestamp=8293 ms, used_size=5892096 bytes (14.4%)
(RDMA_READ_CONSUME_CHECK_CONSUMER) timestamp=8293 ms, used_size=5890048 bytes (14.4%)
(RDMA_READ_CONSUME_CHECK_CONSUMER) timestamp=8293 ms, used_size=5888000 bytes (14.4%)
(RDMA_READ_CONSUME_CHECK_CONSUMER) timestamp=8293 ms, used_size=5885952 bytes (14.4%)
(RDMA_READ_CONSUME_CHECK_CONSUMER) timestamp=8293 ms, used_size=5883904 bytes (14.4%)
(RDMA_READ_CONSUME_CHECK_CONSUMER) timestamp=8293 ms, used_size=5881856 bytes (14.4%)
(RDMA_READ_CONSUME_CHECK_CONSUMER) timestamp=8293 ms, used_size=5879808 bytes (14.4%)
(RDMA_READ_CONSUME_CHECK_CONSUMER) timestamp=8293 ms, used_size=5877760 bytes (14.3%)
(RDMA_READ_CONSUME_CHECK_CONSUMER) timestamp=8293 ms, used_size=5875712 bytes (14.3%)
(RDMA_READ_CONSUME_CHECK_CONSUMER) timestamp=8293 ms, used_size=5873664 bytes (14.3%)
(RDMA_READ_CONSUME_CHECK_CONSUMER) timestamp=8293 ms, used_size=5871616 bytes (14.3%)
(RDMA_READ_CONSUME_CHECK_CONSUMER) timestamp=8293 ms, used_size=5869568 bytes (14.3%)
(RDMA_READ_CONSUME_CHECK_CONSUMER) timestamp=8293 ms, used_size=5867520 bytes (14.3%)
(RDMA_READ_CONSUME_CHECK_CONSUMER) timestamp=8293 ms, used_size=5865472 bytes (14.3%)
(RDMA_READ_CONSUME_CHECK_CONSUMER) timestamp=8293 ms, used_size=5863424 bytes (14.3%)
(RDMA_READ_CONSUME_CHECK_CONSUMER) timestamp=8293 ms, used_size=5861376 bytes (14.3%)
(RDMA_READ_CONSUME_CHECK_CONSUMER) timestamp=8293 ms, used_size=5859328 bytes (14.3%)
(RDMA_READ_CONSUME_CHECK_CONSUMER) timestamp=8293 ms, used_size=5857280 bytes (14.3%)
(RDMA_READ_CONSUME_CHECK_CONSUMER) timestamp=8293 ms, used_size=5855232 bytes (14.3%)
(RDMA_READ_CONSUME_CHECK_CONSUMER) timestamp=8293 ms, used_size=5853184 bytes (14.3%)
(RDMA_READ_CONSUME_CHECK_CONSUMER) timestamp=8293 ms, used_size=5851136 bytes (14.3%)
(RDMA_READ_CONSUME_CHECK_CONSUMER) timestamp=8293 ms, used_size=5849088 bytes (14.3%)
(RDMA_READ_CONSUME_CHECK_CONSUMER) timestamp=8293 ms, used_size=5847040 bytes (14.3%)
(RDMA_READ_CONSUME_CHECK_CONSUMER) timestamp=8293 ms, used_size=5844992 bytes (14.3%)
(RDMA_READ_CONSUME_CHECK_CONSUMER) timestamp=8293 ms, used_size=5842944 bytes (14.3%)
(RDMA_READ_CONSUME_CHECK_CONSUMER) timestamp=8293 ms, used_size=5840896 bytes (14.3%)
(RDMA_READ_CONSUME_CHECK_CONSUMER) timestamp=8293 ms, used_size=5838848 bytes (14.3%)
(RDMA_READ_CONSUME_CHECK_CONSUMER) timestamp=8293 ms, used_size=5836800 bytes (14.2%)
(RDMA_READ_CONSUME_CHECK_CONSUMER) timestamp=8293 ms, used_size=5834752 bytes (14.2%)
(RDMA_READ_CONSUME_CHECK_CONSUMER) timestamp=8293 ms, used_size=5832704 bytes (14.2%)
(RDMA_READ_CONSUME_CHECK_CONSUMER) timestamp=8293 ms, used_size=5830656 bytes (14.2%)
(RDMA_READ_CONSUME_CHECK_CONSUMER) timestamp=8293 ms, used_size=5828608 bytes (14.2%)
(RDMA_READ_CONSUME_CHECK_CONSUMER) timestamp=8293 ms, used_size=5826560 bytes (14.2%)
(RDMA_READ_CONSUME_CHECK_CONSUMER) timestamp=8293 ms, used_size=5824512 bytes (14.2%)
(RDMA_READ_CONSUME_CHECK_CONSUMER) timestamp=8293 ms, used_size=5822464 bytes (14.2%)
(RDMA_READ_CONSUME_CHECK_CONSUMER) timestamp=8293 ms, used_size=5820416 bytes (14.2%)
(RDMA_READ_CONSUME_CHECK_CONSUMER) timestamp=8293 ms, used_size=5818368 bytes (14.2%)
(RDMA_READ_CONSUME_CHECK_CONSUMER) timestamp=8293 ms, used_size=5816320 bytes (14.2%)
(RDMA_READ_CONSUME_CHECK_CONSUMER) timestamp=8293 ms, used_size=5814272 bytes (14.2%)
(RDMA_READ_CONSUME_CHECK_CONSUMER) timestamp=8293 ms, used_size=5812224 bytes (14.2%)
(RDMA_READ_CONSUME_CHECK_CONSUMER) timestamp=8293 ms, used_size=5810176 bytes (14.2%)
(RDMA_READ_CONSUME_CHECK_CONSUMER) timestamp=8293 ms, used_size=5808128 bytes (14.2%)
(RDMA_READ_CONSUME_CHECK_CONSUMER) timestamp=8293 ms, used_size=5806080 bytes (14.2%)
(RDMA_READ_CONSUME_CHECK_CONSUMER) timestamp=8293 ms, used_size=5804032 bytes (14.2%)
(RDMA_READ_CONSUME_CHECK_CONSUMER) timestamp=8293 ms, used_size=5801984 bytes (14.2%)
(RDMA_READ_CONSUME_CHECK_CONSUMER) timestamp=8293 ms, used_size=5799936 bytes (14.2%)
(RDMA_READ_CONSUME_CHECK_CONSUMER) timestamp=8293 ms, used_size=5797888 bytes (14.2%)
(RDMA_READ_CONSUME_CHECK_CONSUMER) timestamp=8293 ms, used_size=5795840 bytes (14.2%)
(RDMA_READ_CONSUME_CHECK_CONSUMER) timestamp=8293 ms, used_size=5793792 bytes (14.1%)
(RDMA_READ_CONSUME_CHECK_CONSUMER) timestamp=8293 ms, used_size=5791744 bytes (14.1%)
(RDMA_READ_CONSUME_CHECK_CONSUMER) timestamp=8293 ms, used_size=5789696 bytes (14.1%)
(RDMA_READ_CONSUME_CHECK_CONSUMER) timestamp=8293 ms, used_size=5787648 bytes (14.1%)
(RDMA_READ_CONSUME_CHECK_CONSUMER) timestamp=8293 ms, used_size=5785600 bytes (14.1%)
(RDMA_READ_CONSUME_CHECK_CONSUMER) timestamp=8293 ms, used_size=5783552 bytes (14.1%)
(RDMA_READ_CONSUME_CHECK_CONSUMER) timestamp=8293 ms, used_size=5781504 bytes (14.1%)
(RDMA_READ_CONSUME_CHECK_CONSUMER) timestamp=8293 ms, used_size=5779456 bytes (14.1%)
(RDMA_READ_CONSUME_CHECK_CONSUMER) timestamp=8293 ms, used_size=5777408 bytes (14.1%)
(RDMA_READ_CONSUME_CHECK_CONSUMER) timestamp=8293 ms, used_size=5775360 bytes (14.1%)
(RDMA_READ_CONSUME_CHECK_CONSUMER) timestamp=8293 ms, used_size=5773312 bytes (14.1%)
(RDMA_READ_CONSUME_CHECK_CONSUMER) timestamp=8293 ms, used_size=5771264 bytes (14.1%)
(RDMA_READ_CONSUME_CHECK_CONSUMER) timestamp=8293 ms, used_size=5769216 bytes (14.1%)
(RDMA_READ_CONSUME_CHECK_CONSUMER) timestamp=8293 ms, used_size=5767168 bytes (14.1%)
(RDMA_READ_CONSUME_CHECK_CONSUMER) timestamp=8293 ms, used_size=5765120 bytes (14.1%)
(RDMA_READ_CONSUME_CHECK_CONSUMER) timestamp=8293 ms, used_size=5763072 bytes (14.1%)
(RDMA_READ_CONSUME_CHECK_CONSUMER) timestamp=8293 ms, used_size=5761024 bytes (14.1%)
(RDMA_READ_CONSUME_CHECK_CONSUMER) timestamp=8293 ms, used_size=5758976 bytes (14.1%)
(RDMA_READ_CONSUME_CHECK_CONSUMER) timestamp=8293 ms, used_size=5756928 bytes (14.1%)
(RDMA_READ_CONSUME_CHECK_CONSUMER) timestamp=8293 ms, used_size=5754880 bytes (14.1%)
(RDMA_READ_CONSUME_CHECK_CONSUMER) timestamp=8293 ms, used_size=5752832 bytes (14.0%)
(RDMA_READ_CONSUME_CHECK_CONSUMER) timestamp=8293 ms, used_size=5750784 bytes (14.0%)
(RDMA_READ_CONSUME_CHECK_CONSUMER) timestamp=8293 ms, used_size=5748736 bytes (14.0%)
(RDMA_READ_CONSUME_CHECK_CONSUMER) timestamp=8293 ms, used_size=5746688 bytes (14.0%)
(RDMA_READ_CONSUME_CHECK_CONSUMER) timestamp=8293 ms, used_size=5744640 bytes (14.0%)
(RDMA_READ_CONSUME_CHECK_CONSUMER) timestamp=8293 ms, used_size=5742592 bytes (14.0%)
(RDMA_READ_CONSUME_CHECK_CONSUMER) timestamp=8293 ms, used_size=5740544 bytes (14.0%)
(RDMA_READ_CONSUME_CHECK_CONSUMER) timestamp=8293 ms, used_size=5738496 bytes (14.0%)
(RDMA_READ_CONSUME_CHECK_CONSUMER) timestamp=8293 ms, used_size=5736448 bytes (14.0%)
(RDMA_READ_CONSUME_CHECK_CONSUMER) timestamp=8293 ms, used_size=5734400 bytes (14.0%)
(RDMA_READ_CONSUME_CHECK_CONSUMER) timestamp=8293 ms, used_size=5732352 bytes (14.0%)
(RDMA_READ_CONSUME_CHECK_CONSUMER) timestamp=8293 ms, used_size=5730304 bytes (14.0%)
(RDMA_READ_CONSUME_CHECK_CONSUMER) timestamp=8293 ms, used_size=5728256 bytes (14.0%)
(RDMA_READ_CONSUME_CHECK_CONSUMER) timestamp=8293 ms, used_size=5726208 bytes (14.0%)
(RDMA_READ_CONSUME_CHECK_CONSUMER) timestamp=8293 ms, used_size=5724160 bytes (14.0%)
(RDMA_READ_CONSUME_CHECK_CONSUMER) timestamp=8293 ms, used_size=5722112 bytes (14.0%)
(RDMA_READ_CONSUME_CHECK_CONSUMER) timestamp=8293 ms, used_size=5720064 bytes (14.0%)
(RDMA_READ_CONSUME_CHECK_CONSUMER) timestamp=8293 ms, used_size=5718016 bytes (14.0%)
(RDMA_READ_CONSUME_CHECK_CONSUMER) timestamp=8294 ms, used_size=5715968 bytes (14.0%)
(RDMA_READ_CONSUME_CHECK_CONSUMER) timestamp=8294 ms, used_size=5713920 bytes (13.9%)
(RDMA_READ_CONSUME_CHECK_CONSUMER) timestamp=8294 ms, used_size=5711872 bytes (13.9%)
(RDMA_READ_CONSUME_CHECK_CONSUMER) timestamp=8294 ms, used_size=5709824 bytes (13.9%)
(RDMA_READ_CONSUME_CHECK_CONSUMER) timestamp=8294 ms, used_size=5707776 bytes (13.9%)
(RDMA_READ_CONSUME_CHECK_CONSUMER) timestamp=8294 ms, used_size=5705728 bytes (13.9%)
(RDMA_READ_CONSUME_CHECK_CONSUMER) timestamp=8294 ms, used_size=5703680 bytes (13.9%)
(RDMA_READ_CONSUME_CHECK_CONSUMER) timestamp=8294 ms, used_size=5701632 bytes (13.9%)
(RDMA_READ_CONSUME_CHECK_CONSUMER) timestamp=8294 ms, used_size=5699584 bytes (13.9%)
(RDMA_READ_CONSUME_CHECK_CONSUMER) timestamp=8294 ms, used_size=5697536 bytes (13.9%)
(RDMA_READ_CONSUME_CHECK_CONSUMER) timestamp=8294 ms, used_size=5695488 bytes (13.9%)
(RDMA_READ_CONSUME_CHECK_CONSUMER) timestamp=8294 ms, used_size=5693440 bytes (13.9%)
(RDMA_READ_CONSUME_CHECK_CONSUMER) timestamp=8294 ms, used_size=5691392 bytes (13.9%)
(RDMA_READ_CONSUME_CHECK_CONSUMER) timestamp=8294 ms, used_size=5689344 bytes (13.9%)
(RDMA_READ_CONSUME_CHECK_CONSUMER) timestamp=8294 ms, used_size=5687296 bytes (13.9%)
(RDMA_READ_CONSUME_CHECK_CONSUMER) timestamp=8294 ms, used_size=5685248 bytes (13.9%)
(RDMA_READ_CONSUME_CHECK_CONSUMER) timestamp=8294 ms, used_size=5683200 bytes (13.9%)
(RDMA_READ_CONSUME_CHECK_CONSUMER) timestamp=8294 ms, used_size=5681152 bytes (13.9%)
(RDMA_READ_CONSUME_CHECK_CONSUMER) timestamp=8294 ms, used_size=5679104 bytes (13.9%)
(RDMA_READ_CONSUME_CHECK_CONSUMER) timestamp=8294 ms, used_size=5677056 bytes (13.9%)
(RDMA_READ_CONSUME_CHECK_CONSUMER) timestamp=8294 ms, used_size=5675008 bytes (13.9%)
(RDMA_READ_CONSUME_CHECK_CONSUMER) timestamp=8294 ms, used_size=5672960 bytes (13.8%)
(RDMA_READ_CONSUME_CHECK_CONSUMER) timestamp=8294 ms, used_size=5670912 bytes (13.8%)
(RDMA_READ_CONSUME_CHECK_CONSUMER) timestamp=8294 ms, used_size=5668864 bytes (13.8%)
(RDMA_READ_CONSUME_CHECK_CONSUMER) timestamp=8294 ms, used_size=5666816 bytes (13.8%)
(RDMA_READ_CONSUME_CHECK_CONSUMER) timestamp=8294 ms, used_size=5664768 bytes (13.8%)
(RDMA_READ_CONSUME_CHECK_CONSUMER) timestamp=8294 ms, used_size=5662720 bytes (13.8%)
(RDMA_READ_CONSUME_CHECK_CONSUMER) timestamp=8294 ms, used_size=5660672 bytes (13.8%)
(RDMA_READ_CONSUME_CHECK_CONSUMER) timestamp=8294 ms, used_size=5658624 bytes (13.8%)
(RDMA_READ_CONSUME_CHECK_CONSUMER) timestamp=8294 ms, used_size=5656576 bytes (13.8%)
(RDMA_READ_CONSUME_CHECK_CONSUMER) timestamp=8294 ms, used_size=5654528 bytes (13.8%)
(RDMA_READ_CONSUME_CHECK_CONSUMER) timestamp=8294 ms, used_size=5652480 bytes (13.8%)
(RDMA_READ_CONSUME_CHECK_CONSUMER) timestamp=8294 ms, used_size=5650432 bytes (13.8%)
(RDMA_READ_CONSUME_CHECK_CONSUMER) timestamp=8294 ms, used_size=5648384 bytes (13.8%)
(RDMA_READ_CONSUME_CHECK_CONSUMER) timestamp=8294 ms, used_size=5646336 bytes (13.8%)
(RDMA_READ_CONSUME_CHECK_CONSUMER) timestamp=8294 ms, used_size=5644288 bytes (13.8%)
(RDMA_READ_CONSUME_CHECK_CONSUMER) timestamp=8294 ms, used_size=5642240 bytes (13.8%)
(RDMA_READ_CONSUME_CHECK_CONSUMER) timestamp=8294 ms, used_size=5640192 bytes (13.8%)
(RDMA_READ_CONSUME_CHECK_CONSUMER) timestamp=8294 ms, used_size=5638144 bytes (13.8%)
(RDMA_READ_CONSUME_CHECK_CONSUMER) timestamp=8294 ms, used_size=5636096 bytes (13.8%)
(RDMA_READ_CONSUME_CHECK_CONSUMER) timestamp=8294 ms, used_size=5634048 bytes (13.8%)
(RDMA_READ_CONSUME_CHECK_CONSUMER) timestamp=8294 ms, used_size=5632000 bytes (13.8%)
(RDMA_READ_CONSUME_CHECK_CONSUMER) timestamp=8294 ms, used_size=5629952 bytes (13.7%)
(RDMA_READ_CONSUME_CHECK_CONSUMER) timestamp=8294 ms, used_size=5627904 bytes (13.7%)
(RDMA_READ_CONSUME_CHECK_CONSUMER) timestamp=8294 ms, used_size=5625856 bytes (13.7%)
(RDMA_READ_CONSUME_CHECK_CONSUMER) timestamp=8294 ms, used_size=5623808 bytes (13.7%)
(RDMA_READ_CONSUME_CHECK_CONSUMER) timestamp=8294 ms, used_size=5621760 bytes (13.7%)
(RDMA_READ_CONSUME_CHECK_CONSUMER) timestamp=8294 ms, used_size=5619712 bytes (13.7%)
(RDMA_READ_CONSUME_CHECK_CONSUMER) timestamp=8294 ms, used_size=5617664 bytes (13.7%)
(RDMA_READ_CONSUME_CHECK_CONSUMER) timestamp=8294 ms, used_size=5615616 bytes (13.7%)
(RDMA_READ_CONSUME_CHECK_CONSUMER) timestamp=8294 ms, used_size=5613568 bytes (13.7%)
(RDMA_READ_CONSUME_CHECK_CONSUMER) timestamp=8294 ms, used_size=5611520 bytes (13.7%)
(RDMA_READ_CONSUME_CHECK_CONSUMER) timestamp=8294 ms, used_size=5609472 bytes (13.7%)
(RDMA_READ_CONSUME_CHECK_CONSUMER) timestamp=8294 ms, used_size=5607424 bytes (13.7%)
(RDMA_READ_CONSUME_CHECK_CONSUMER) timestamp=8294 ms, used_size=5605376 bytes (13.7%)
(RDMA_READ_CONSUME_CHECK_CONSUMER) timestamp=8294 ms, used_size=5603328 bytes (13.7%)
(RDMA_READ_CONSUME_CHECK_CONSUMER) timestamp=8294 ms, used_size=5601280 bytes (13.7%)
(RDMA_READ_CONSUME_CHECK_CONSUMER) timestamp=8294 ms, used_size=5599232 bytes (13.7%)
(RDMA_READ_CONSUME_CHECK_CONSUMER) timestamp=8294 ms, used_size=5597184 bytes (13.7%)
(RDMA_READ_CONSUME_CHECK_CONSUMER) timestamp=8294 ms, used_size=5595136 bytes (13.7%)
(RDMA_READ_CONSUME_CHECK_CONSUMER) timestamp=8294 ms, used_size=5593088 bytes (13.7%)
(RDMA_READ_CONSUME_CHECK_CONSUMER) timestamp=8294 ms, used_size=5591040 bytes (13.7%)
(RDMA_READ_CONSUME_CHECK_CONSUMER) timestamp=8294 ms, used_size=5588992 bytes (13.6%)
(RDMA_READ_CONSUME_CHECK_CONSUMER) timestamp=8294 ms, used_size=5586944 bytes (13.6%)
(RDMA_READ_CONSUME_CHECK_CONSUMER) timestamp=8294 ms, used_size=5584896 bytes (13.6%)
(RDMA_READ_CONSUME_CHECK_CONSUMER) timestamp=8294 ms, used_size=5582848 bytes (13.6%)
(RDMA_READ_CONSUME_CHECK_CONSUMER) timestamp=8294 ms, used_size=5580800 bytes (13.6%)
(RDMA_READ_CONSUME_CHECK_CONSUMER) timestamp=8294 ms, used_size=5578752 bytes (13.6%)
(RDMA_READ_CONSUME_CHECK_CONSUMER) timestamp=8294 ms, used_size=5576704 bytes (13.6%)
(RDMA_READ_CONSUME_CHECK_CONSUMER) timestamp=8294 ms, used_size=5574656 bytes (13.6%)
(RDMA_READ_CONSUME_CHECK_CONSUMER) timestamp=8294 ms, used_size=5572608 bytes (13.6%)
(RDMA_READ_CONSUME_CHECK_CONSUMER) timestamp=8294 ms, used_size=5570560 bytes (13.6%)
(RDMA_READ_CONSUME_CHECK_CONSUMER) timestamp=8294 ms, used_size=5568512 bytes (13.6%)
(RDMA_READ_CONSUME_CHECK_CONSUMER) timestamp=8294 ms, used_size=5566464 bytes (13.6%)
(RDMA_READ_CONSUME_CHECK_CONSUMER) timestamp=8294 ms, used_size=5564416 bytes (13.6%)
(RDMA_READ_CONSUME_CHECK_CONSUMER) timestamp=8294 ms, used_size=5562368 bytes (13.6%)
(RDMA_READ_CONSUME_CHECK_CONSUMER) timestamp=8294 ms, used_size=5560320 bytes (13.6%)
(RDMA_READ_CONSUME_CHECK_CONSUMER) timestamp=8294 ms, used_size=5558272 bytes (13.6%)
(RDMA_READ_CONSUME_CHECK_CONSUMER) timestamp=8294 ms, used_size=5556224 bytes (13.6%)
(RDMA_READ_CONSUME_CHECK_CONSUMER) timestamp=8294 ms, used_size=5554176 bytes (13.6%)
(RDMA_READ_CONSUME_CHECK_CONSUMER) timestamp=8294 ms, used_size=5552128 bytes (13.6%)
(RDMA_READ_CONSUME_CHECK_CONSUMER) timestamp=8294 ms, used_size=5550080 bytes (13.6%)
(RDMA_READ_CONSUME_CHECK_CONSUMER) timestamp=8294 ms, used_size=5548032 bytes (13.5%)
(RDMA_READ_CONSUME_CHECK_CONSUMER) timestamp=8294 ms, used_size=5545984 bytes (13.5%)
(RDMA_READ_CONSUME_CHECK_CONSUMER) timestamp=8294 ms, used_size=5543936 bytes (13.5%)
(RDMA_READ_CONSUME_CHECK_CONSUMER) timestamp=8294 ms, used_size=5541888 bytes (13.5%)
(RDMA_READ_CONSUME_CHECK_CONSUMER) timestamp=8294 ms, used_size=5539840 bytes (13.5%)
(RDMA_READ_CONSUME_CHECK_CONSUMER) timestamp=8294 ms, used_size=5537792 bytes (13.5%)
(RDMA_READ_CONSUME_CHECK_CONSUMER) timestamp=8294 ms, used_size=5535744 bytes (13.5%)
(RDMA_READ_CONSUME_CHECK_CONSUMER) timestamp=8294 ms, used_size=5533696 bytes (13.5%)
(RDMA_READ_CONSUME_CHECK_CONSUMER) timestamp=8294 ms, used_size=5531648 bytes (13.5%)
(RDMA_READ_CONSUME_CHECK_CONSUMER) timestamp=8294 ms, used_size=5529600 bytes (13.5%)
(RDMA_READ_CONSUME_CHECK_CONSUMER) timestamp=8294 ms, used_size=5527552 bytes (13.5%)
(RDMA_READ_CONSUME_CHECK_CONSUMER) timestamp=8294 ms, used_size=5525504 bytes (13.5%)
(RDMA_READ_CONSUME_CHECK_CONSUMER) timestamp=8294 ms, used_size=5523456 bytes (13.5%)
(RDMA_READ_CONSUME_CHECK_CONSUMER) timestamp=8294 ms, used_size=5521408 bytes (13.5%)
(RDMA_READ_CONSUME_CHECK_CONSUMER) timestamp=8294 ms, used_size=5519360 bytes (13.5%)
(RDMA_READ_CONSUME_CHECK_CONSUMER) timestamp=8294 ms, used_size=5517312 bytes (13.5%)
(RDMA_READ_CONSUME_CHECK_CONSUMER) timestamp=8294 ms, used_size=5515264 bytes (13.5%)
(RDMA_READ_CONSUME_CHECK_CONSUMER) timestamp=8294 ms, used_size=5513216 bytes (13.5%)
(RDMA_READ_CONSUME_CHECK_CONSUMER) timestamp=8294 ms, used_size=5511168 bytes (13.5%)
(RDMA_READ_CONSUME_CHECK_CONSUMER) timestamp=8294 ms, used_size=5509120 bytes (13.4%)
(RDMA_READ_CONSUME_CHECK_CONSUMER) timestamp=8294 ms, used_size=5507072 bytes (13.4%)
(RDMA_READ_CONSUME_CHECK_CONSUMER) timestamp=8294 ms, used_size=5505024 bytes (13.4%)
(RDMA_READ_CONSUME_CHECK_CONSUMER) timestamp=8294 ms, used_size=5502976 bytes (13.4%)
(RDMA_READ_CONSUME_CHECK_CONSUMER) timestamp=8294 ms, used_size=5500928 bytes (13.4%)
(RDMA_READ_CONSUME_CHECK_CONSUMER) timestamp=8294 ms, used_size=5498880 bytes (13.4%)
(RDMA_READ_CONSUME_CHECK_CONSUMER) timestamp=8294 ms, used_size=5496832 bytes (13.4%)
(RDMA_READ_CONSUME_CHECK_CONSUMER) timestamp=8294 ms, used_size=5494784 bytes (13.4%)
(RDMA_READ_CONSUME_CHECK_CONSUMER) timestamp=8294 ms, used_size=5492736 bytes (13.4%)
(RDMA_READ_CONSUME_CHECK_CONSUMER) timestamp=8294 ms, used_size=5490688 bytes (13.4%)
(RDMA_READ_CONSUME_CHECK_CONSUMER) timestamp=8294 ms, used_size=5488640 bytes (13.4%)
(RDMA_READ_CONSUME_CHECK_CONSUMER) timestamp=8294 ms, used_size=5486592 bytes (13.4%)
(RDMA_READ_CONSUME_CHECK_CONSUMER) timestamp=8294 ms, used_size=5484544 bytes (13.4%)
(RDMA_READ_CONSUME_CHECK_CONSUMER) timestamp=8294 ms, used_size=5482496 bytes (13.4%)
(RDMA_READ_CONSUME_CHECK_CONSUMER) timestamp=8294 ms, used_size=5480448 bytes (13.4%)
(RDMA_READ_CONSUME_CHECK_CONSUMER) timestamp=8294 ms, used_size=5478400 bytes (13.4%)
(RDMA_READ_CONSUME_CHECK_CONSUMER) timestamp=8294 ms, used_size=5476352 bytes (13.4%)
(RDMA_READ_CONSUME_CHECK_CONSUMER) timestamp=8294 ms, used_size=5474304 bytes (13.4%)
(RDMA_READ_CONSUME_CHECK_CONSUMER) timestamp=8294 ms, used_size=5472256 bytes (13.4%)
(RDMA_READ_CONSUME_CHECK_CONSUMER) timestamp=8294 ms, used_size=5470208 bytes (13.4%)
(RDMA_READ_CONSUME_CHECK_CONSUMER) timestamp=8294 ms, used_size=5468160 bytes (13.3%)
(RDMA_READ_CONSUME_CHECK_CONSUMER) timestamp=8294 ms, used_size=5466112 bytes (13.3%)
(RDMA_READ_CONSUME_CHECK_CONSUMER) timestamp=8294 ms, used_size=5464064 bytes (13.3%)
(RDMA_READ_CONSUME_CHECK_CONSUMER) timestamp=8294 ms, used_size=5462016 bytes (13.3%)
(RDMA_READ_CONSUME_CHECK_CONSUMER) timestamp=8294 ms, used_size=5459968 bytes (13.3%)
(RDMA_READ_CONSUME_CHECK_CONSUMER) timestamp=8294 ms, used_size=5457920 bytes (13.3%)
(RDMA_READ_CONSUME_CHECK_CONSUMER) timestamp=8294 ms, used_size=5455872 bytes (13.3%)
(RDMA_READ_CONSUME_CHECK_CONSUMER) timestamp=8294 ms, used_size=5453824 bytes (13.3%)
(RDMA_READ_CONSUME_CHECK_CONSUMER) timestamp=8294 ms, used_size=5451776 bytes (13.3%)
(RDMA_READ_CONSUME_CHECK_CONSUMER) timestamp=8294 ms, used_size=5449728 bytes (13.3%)
(RDMA_READ_CONSUME_CHECK_CONSUMER) timestamp=8294 ms, used_size=5447680 bytes (13.3%)
(RDMA_READ_CONSUME_CHECK_CONSUMER) timestamp=8294 ms, used_size=5445632 bytes (13.3%)
(RDMA_READ_CONSUME_CHECK_CONSUMER) timestamp=8294 ms, used_size=5443584 bytes (13.3%)
(RDMA_READ_CONSUME_CHECK_CONSUMER) timestamp=8294 ms, used_size=5441536 bytes (13.3%)
(RDMA_READ_CONSUME_CHECK_CONSUMER) timestamp=8294 ms, used_size=5439488 bytes (13.3%)
(RDMA_READ_CONSUME_CHECK_CONSUMER) timestamp=8294 ms, used_size=5437440 bytes (13.3%)
(RDMA_READ_CONSUME_CHECK_CONSUMER) timestamp=8294 ms, used_size=5435392 bytes (13.3%)
(RDMA_READ_CONSUME_CHECK_CONSUMER) timestamp=8294 ms, used_size=5433344 bytes (13.3%)
(RDMA_READ_CONSUME_CHECK_CONSUMER) timestamp=8294 ms, used_size=5431296 bytes (13.3%)
(RDMA_READ_CONSUME_CHECK_CONSUMER) timestamp=8294 ms, used_size=5429248 bytes (13.3%)
(RDMA_READ_CONSUME_CHECK_CONSUMER) timestamp=8294 ms, used_size=5427200 bytes (13.2%)
(RDMA_READ_CONSUME_CHECK_CONSUMER) timestamp=8294 ms, used_size=5425152 bytes (13.2%)
(RDMA_READ_CONSUME_CHECK_CONSUMER) timestamp=8294 ms, used_size=5423104 bytes (13.2%)
(RDMA_READ_CONSUME_CHECK_CONSUMER) timestamp=8294 ms, used_size=5421056 bytes (13.2%)
(RDMA_READ_CONSUME_CHECK_CONSUMER) timestamp=8294 ms, used_size=5419008 bytes (13.2%)
(RDMA_READ_CONSUME_CHECK_CONSUMER) timestamp=8294 ms, used_size=5416960 bytes (13.2%)
(RDMA_READ_CONSUME_CHECK_CONSUMER) timestamp=8294 ms, used_size=5414912 bytes (13.2%)
(RDMA_READ_CONSUME_CHECK_CONSUMER) timestamp=8294 ms, used_size=5412864 bytes (13.2%)
(RDMA_READ_CONSUME_CHECK_CONSUMER) timestamp=8294 ms, used_size=5410816 bytes (13.2%)
(RDMA_READ_CONSUME_CHECK_CONSUMER) timestamp=8294 ms, used_size=5408768 bytes (13.2%)
(RDMA_READ_CONSUME_CHECK_CONSUMER) timestamp=8294 ms, used_size=5406720 bytes (13.2%)
(RDMA_READ_CONSUME_CHECK_CONSUMER) timestamp=8294 ms, used_size=5404672 bytes (13.2%)
(RDMA_READ_CONSUME_CHECK_CONSUMER) timestamp=8294 ms, used_size=5402624 bytes (13.2%)
(RDMA_READ_CONSUME_CHECK_CONSUMER) timestamp=8294 ms, used_size=5400576 bytes (13.2%)
(RDMA_READ_CONSUME_CHECK_CONSUMER) timestamp=8294 ms, used_size=5398528 bytes (13.2%)
(RDMA_READ_CONSUME_CHECK_CONSUMER) timestamp=8294 ms, used_size=5396480 bytes (13.2%)
(RDMA_READ_CONSUME_CHECK_CONSUMER) timestamp=8294 ms, used_size=5394432 bytes (13.2%)
(RDMA_READ_CONSUME_CHECK_CONSUMER) timestamp=8294 ms, used_size=5392384 bytes (13.2%)
(RDMA_READ_CONSUME_CHECK_CONSUMER) timestamp=8294 ms, used_size=5390336 bytes (13.2%)
(RDMA_READ_CONSUME_CHECK_CONSUMER) timestamp=8294 ms, used_size=5388288 bytes (13.2%)
(RDMA_READ_CONSUME_CHECK_CONSUMER) timestamp=8294 ms, used_size=5386240 bytes (13.2%)
(RDMA_READ_CONSUME_CHECK_CONSUMER) timestamp=8294 ms, used_size=5384192 bytes (13.1%)
(RDMA_READ_CONSUME_CHECK_CONSUMER) timestamp=8294 ms, used_size=5382144 bytes (13.1%)
(RDMA_READ_CONSUME_CHECK_CONSUMER) timestamp=8294 ms, used_size=5380096 bytes (13.1%)
(RDMA_READ_CONSUME_CHECK_CONSUMER) timestamp=8294 ms, used_size=5378048 bytes (13.1%)
(RDMA_READ_CONSUME_CHECK_CONSUMER) timestamp=8294 ms, used_size=5376000 bytes (13.1%)
(RDMA_READ_CONSUME_CHECK_CONSUMER) timestamp=8294 ms, used_size=5373952 bytes (13.1%)
(RDMA_READ_CONSUME_CHECK_CONSUMER) timestamp=8294 ms, used_size=5371904 bytes (13.1%)
(RDMA_READ_CONSUME_CHECK_CONSUMER) timestamp=8294 ms, used_size=5369856 bytes (13.1%)
(RDMA_READ_CONSUME_CHECK_CONSUMER) timestamp=8294 ms, used_size=5367808 bytes (13.1%)
(RDMA_READ_CONSUME_CHECK_CONSUMER) timestamp=8294 ms, used_size=5365760 bytes (13.1%)
(RDMA_READ_CONSUME_CHECK_CONSUMER) timestamp=8294 ms, used_size=5363712 bytes (13.1%)
(RDMA_READ_CONSUME_CHECK_CONSUMER) timestamp=8294 ms, used_size=5361664 bytes (13.1%)
(RDMA_READ_CONSUME_CHECK_CONSUMER) timestamp=8294 ms, used_size=5359616 bytes (13.1%)
(RDMA_READ_CONSUME_CHECK_CONSUMER) timestamp=8294 ms, used_size=5357568 bytes (13.1%)
(RDMA_READ_CONSUME_CHECK_CONSUMER) timestamp=8294 ms, used_size=5355520 bytes (13.1%)
(RDMA_READ_CONSUME_CHECK_CONSUMER) timestamp=8294 ms, used_size=5353472 bytes (13.1%)
(RDMA_READ_CONSUME_CHECK_CONSUMER) timestamp=8295 ms, used_size=5351424 bytes (13.1%)
(RDMA_READ_CONSUME_CHECK_CONSUMER) timestamp=8295 ms, used_size=5349376 bytes (13.1%)
(RDMA_READ_CONSUME_CHECK_CONSUMER) timestamp=8295 ms, used_size=5347328 bytes (13.1%)
(RDMA_READ_CONSUME_CHECK_CONSUMER) timestamp=8295 ms, used_size=5345280 bytes (13.1%)
(RDMA_READ_CONSUME_CHECK_CONSUMER) timestamp=8295 ms, used_size=5343232 bytes (13.0%)
(RDMA_READ_CONSUME_CHECK_CONSUMER) timestamp=8295 ms, used_size=5341184 bytes (13.0%)
(RDMA_READ_CONSUME_CHECK_CONSUMER) timestamp=8295 ms, used_size=5339136 bytes (13.0%)
(RDMA_READ_CONSUME_CHECK_CONSUMER) timestamp=8295 ms, used_size=5337088 bytes (13.0%)
(RDMA_READ_CONSUME_CHECK_CONSUMER) timestamp=8295 ms, used_size=5335040 bytes (13.0%)
(RDMA_READ_CONSUME_CHECK_CONSUMER) timestamp=8295 ms, used_size=5332992 bytes (13.0%)
(RDMA_READ_CONSUME_CHECK_CONSUMER) timestamp=8295 ms, used_size=5330944 bytes (13.0%)
(RDMA_READ_CONSUME_CHECK_CONSUMER) timestamp=8295 ms, used_size=5328896 bytes (13.0%)
(RDMA_READ_CONSUME_CHECK_CONSUMER) timestamp=8295 ms, used_size=5326848 bytes (13.0%)
(RDMA_READ_CONSUME_CHECK_CONSUMER) timestamp=8295 ms, used_size=5324800 bytes (13.0%)
(RDMA_READ_CONSUME_CHECK_CONSUMER) timestamp=8295 ms, used_size=5322752 bytes (13.0%)
(RDMA_READ_CONSUME_CHECK_CONSUMER) timestamp=8295 ms, used_size=5320704 bytes (13.0%)
(RDMA_READ_CONSUME_CHECK_CONSUMER) timestamp=8295 ms, used_size=5318656 bytes (13.0%)
(RDMA_READ_CONSUME_CHECK_CONSUMER) timestamp=8295 ms, used_size=5316608 bytes (13.0%)
(RDMA_READ_CONSUME_CHECK_CONSUMER) timestamp=8295 ms, used_size=5314560 bytes (13.0%)
(RDMA_READ_CONSUME_CHECK_CONSUMER) timestamp=8295 ms, used_size=5312512 bytes (13.0%)
(RDMA_READ_CONSUME_CHECK_CONSUMER) timestamp=8295 ms, used_size=5310464 bytes (13.0%)
(RDMA_READ_CONSUME_CHECK_CONSUMER) timestamp=8295 ms, used_size=5308416 bytes (13.0%)
(RDMA_READ_CONSUME_CHECK_CONSUMER) timestamp=8295 ms, used_size=5306368 bytes (13.0%)
(RDMA_READ_CONSUME_CHECK_CONSUMER) timestamp=8295 ms, used_size=5304320 bytes (12.9%)
(RDMA_READ_CONSUME_CHECK_CONSUMER) timestamp=8295 ms, used_size=5302272 bytes (12.9%)
(RDMA_READ_CONSUME_CHECK_CONSUMER) timestamp=8295 ms, used_size=5300224 bytes (12.9%)
(RDMA_READ_CONSUME_CHECK_CONSUMER) timestamp=8295 ms, used_size=5298176 bytes (12.9%)
(RDMA_READ_CONSUME_CHECK_CONSUMER) timestamp=8295 ms, used_size=5296128 bytes (12.9%)
(RDMA_READ_CONSUME_CHECK_CONSUMER) timestamp=8295 ms, used_size=5294080 bytes (12.9%)
(RDMA_READ_CONSUME_CHECK_CONSUMER) timestamp=8295 ms, used_size=5292032 bytes (12.9%)
(RDMA_READ_CONSUME_CHECK_CONSUMER) timestamp=8295 ms, used_size=5289984 bytes (12.9%)
(RDMA_READ_CONSUME_CHECK_CONSUMER) timestamp=8295 ms, used_size=5287936 bytes (12.9%)
(RDMA_READ_CONSUME_CHECK_CONSUMER) timestamp=8295 ms, used_size=5285888 bytes (12.9%)
(RDMA_READ_CONSUME_CHECK_CONSUMER) timestamp=8295 ms, used_size=5283840 bytes (12.9%)
(RDMA_READ_CONSUME_CHECK_CONSUMER) timestamp=8295 ms, used_size=5281792 bytes (12.9%)
(RDMA_READ_CONSUME_CHECK_CONSUMER) timestamp=8295 ms, used_size=5279744 bytes (12.9%)
(RDMA_READ_CONSUME_CHECK_CONSUMER) timestamp=8295 ms, used_size=5277696 bytes (12.9%)
(RDMA_READ_CONSUME_CHECK_CONSUMER) timestamp=8295 ms, used_size=5275648 bytes (12.9%)
(RDMA_READ_CONSUME_CHECK_CONSUMER) timestamp=8295 ms, used_size=5273600 bytes (12.9%)
(RDMA_READ_CONSUME_CHECK_CONSUMER) timestamp=8295 ms, used_size=5271552 bytes (12.9%)
(RDMA_READ_CONSUME_CHECK_CONSUMER) timestamp=8295 ms, used_size=5269504 bytes (12.9%)
(RDMA_READ_CONSUME_CHECK_CONSUMER) timestamp=8295 ms, used_size=5267456 bytes (12.9%)
(RDMA_READ_CONSUME_CHECK_CONSUMER) timestamp=8295 ms, used_size=5265408 bytes (12.9%)
(RDMA_READ_CONSUME_CHECK_CONSUMER) timestamp=8295 ms, used_size=5263360 bytes (12.8%)
(RDMA_READ_CONSUME_CHECK_CONSUMER) timestamp=8295 ms, used_size=5261312 bytes (12.8%)
(RDMA_READ_CONSUME_CHECK_CONSUMER) timestamp=8295 ms, used_size=5259264 bytes (12.8%)
(RDMA_READ_CONSUME_CHECK_CONSUMER) timestamp=8295 ms, used_size=5257216 bytes (12.8%)
(RDMA_READ_CONSUME_CHECK_CONSUMER) timestamp=8295 ms, used_size=5255168 bytes (12.8%)
(RDMA_READ_CONSUME_CHECK_CONSUMER) timestamp=8295 ms, used_size=5253120 bytes (12.8%)
(RDMA_READ_CONSUME_CHECK_CONSUMER) timestamp=8295 ms, used_size=5251072 bytes (12.8%)
(RDMA_READ_CONSUME_CHECK_CONSUMER) timestamp=8295 ms, used_size=5249024 bytes (12.8%)
(RDMA_READ_CONSUME_CHECK_CONSUMER) timestamp=8295 ms, used_size=5246976 bytes (12.8%)
(RDMA_READ_CONSUME_CHECK_CONSUMER) timestamp=8295 ms, used_size=5244928 bytes (12.8%)
(RDMA_READ_CONSUME_CHECK_CONSUMER) timestamp=8295 ms, used_size=5242880 bytes (12.8%)
(RDMA_READ_CONSUME_CHECK_CONSUMER) timestamp=8295 ms, used_size=5240832 bytes (12.8%)
(RDMA_READ_CONSUME_CHECK_CONSUMER) timestamp=8295 ms, used_size=5238784 bytes (12.8%)
(RDMA_READ_CONSUME_CHECK_CONSUMER) timestamp=8295 ms, used_size=5236736 bytes (12.8%)
(RDMA_READ_CONSUME_CHECK_CONSUMER) timestamp=8295 ms, used_size=5234688 bytes (12.8%)
(RDMA_READ_CONSUME_CHECK_CONSUMER) timestamp=8295 ms, used_size=5232640 bytes (12.8%)
(RDMA_READ_CONSUME_CHECK_CONSUMER) timestamp=8295 ms, used_size=5230592 bytes (12.8%)
(RDMA_READ_CONSUME_CHECK_CONSUMER) timestamp=8295 ms, used_size=5228544 bytes (12.8%)
(RDMA_READ_CONSUME_CHECK_CONSUMER) timestamp=8295 ms, used_size=5226496 bytes (12.8%)
(RDMA_READ_CONSUME_CHECK_CONSUMER) timestamp=8295 ms, used_size=5224448 bytes (12.8%)
(RDMA_READ_CONSUME_CHECK_CONSUMER) timestamp=8295 ms, used_size=5222400 bytes (12.8%)
(RDMA_READ_CONSUME_CHECK_CONSUMER) timestamp=8295 ms, used_size=5220352 bytes (12.7%)
(RDMA_READ_CONSUME_CHECK_CONSUMER) timestamp=8295 ms, used_size=5218304 bytes (12.7%)
(RDMA_READ_CONSUME_CHECK_CONSUMER) timestamp=8295 ms, used_size=5216256 bytes (12.7%)
(RDMA_READ_CONSUME_CHECK_CONSUMER) timestamp=8295 ms, used_size=5214208 bytes (12.7%)
(RDMA_READ_CONSUME_CHECK_CONSUMER) timestamp=8295 ms, used_size=5212160 bytes (12.7%)
(RDMA_READ_CONSUME_CHECK_CONSUMER) timestamp=8295 ms, used_size=5210112 bytes (12.7%)
(RDMA_READ_CONSUME_CHECK_CONSUMER) timestamp=8295 ms, used_size=5208064 bytes (12.7%)
(RDMA_READ_CONSUME_CHECK_CONSUMER) timestamp=8295 ms, used_size=5206016 bytes (12.7%)
(RDMA_READ_CONSUME_CHECK_CONSUMER) timestamp=8295 ms, used_size=5203968 bytes (12.7%)
(RDMA_READ_CONSUME_CHECK_CONSUMER) timestamp=8295 ms, used_size=5201920 bytes (12.7%)
(RDMA_READ_CONSUME_CHECK_CONSUMER) timestamp=8295 ms, used_size=5199872 bytes (12.7%)
(RDMA_READ_CONSUME_CHECK_CONSUMER) timestamp=8295 ms, used_size=5197824 bytes (12.7%)
(RDMA_READ_CONSUME_CHECK_CONSUMER) timestamp=8295 ms, used_size=5195776 bytes (12.7%)
(RDMA_READ_CONSUME_CHECK_CONSUMER) timestamp=8295 ms, used_size=5193728 bytes (12.7%)
(RDMA_READ_CONSUME_CHECK_CONSUMER) timestamp=8295 ms, used_size=5191680 bytes (12.7%)
(RDMA_READ_CONSUME_CHECK_CONSUMER) timestamp=8295 ms, used_size=5189632 bytes (12.7%)
(RDMA_READ_CONSUME_CHECK_CONSUMER) timestamp=8295 ms, used_size=5187584 bytes (12.7%)
(RDMA_READ_CONSUME_CHECK_CONSUMER) timestamp=8295 ms, used_size=5185536 bytes (12.7%)
(RDMA_READ_CONSUME_CHECK_CONSUMER) timestamp=8295 ms, used_size=5183488 bytes (12.7%)
(RDMA_READ_CONSUME_CHECK_CONSUMER) timestamp=8295 ms, used_size=5181440 bytes (12.7%)
(RDMA_READ_CONSUME_CHECK_CONSUMER) timestamp=8295 ms, used_size=5179392 bytes (12.6%)
(RDMA_READ_CONSUME_CHECK_CONSUMER) timestamp=8295 ms, used_size=5177344 bytes (12.6%)
(RDMA_READ_CONSUME_CHECK_CONSUMER) timestamp=8295 ms, used_size=5175296 bytes (12.6%)
(RDMA_READ_CONSUME_CHECK_CONSUMER) timestamp=8295 ms, used_size=5173248 bytes (12.6%)
(RDMA_READ_CONSUME_CHECK_CONSUMER) timestamp=8295 ms, used_size=5171200 bytes (12.6%)
(RDMA_READ_CONSUME_CHECK_CONSUMER) timestamp=8295 ms, used_size=5169152 bytes (12.6%)
(RDMA_READ_CONSUME_CHECK_CONSUMER) timestamp=8295 ms, used_size=5167104 bytes (12.6%)
(RDMA_READ_CONSUME_CHECK_CONSUMER) timestamp=8295 ms, used_size=5165056 bytes (12.6%)
(RDMA_READ_CONSUME_CHECK_CONSUMER) timestamp=8295 ms, used_size=5163008 bytes (12.6%)
(RDMA_READ_CONSUME_CHECK_CONSUMER) timestamp=8295 ms, used_size=5160960 bytes (12.6%)
(RDMA_READ_CONSUME_CHECK_CONSUMER) timestamp=8295 ms, used_size=5158912 bytes (12.6%)
(RDMA_READ_CONSUME_CHECK_CONSUMER) timestamp=8295 ms, used_size=5156864 bytes (12.6%)
(RDMA_READ_CONSUME_CHECK_CONSUMER) timestamp=8295 ms, used_size=5154816 bytes (12.6%)
(RDMA_READ_CONSUME_CHECK_CONSUMER) timestamp=8295 ms, used_size=5152768 bytes (12.6%)
(RDMA_READ_CONSUME_CHECK_CONSUMER) timestamp=8295 ms, used_size=5150720 bytes (12.6%)
(RDMA_READ_CONSUME_CHECK_CONSUMER) timestamp=8295 ms, used_size=5148672 bytes (12.6%)
(RDMA_READ_CONSUME_CHECK_CONSUMER) timestamp=8295 ms, used_size=5146624 bytes (12.6%)
(RDMA_READ_CONSUME_CHECK_CONSUMER) timestamp=8295 ms, used_size=5144576 bytes (12.6%)
(RDMA_READ_CONSUME_CHECK_CONSUMER) timestamp=8295 ms, used_size=5142528 bytes (12.6%)
(RDMA_READ_CONSUME_CHECK_CONSUMER) timestamp=8295 ms, used_size=5140480 bytes (12.6%)
(RDMA_READ_CONSUME_CHECK_CONSUMER) timestamp=8295 ms, used_size=5138432 bytes (12.5%)
(RDMA_READ_CONSUME_CHECK_CONSUMER) timestamp=8295 ms, used_size=5136384 bytes (12.5%)
(RDMA_READ_CONSUME_CHECK_CONSUMER) timestamp=8295 ms, used_size=5134336 bytes (12.5%)
(RDMA_READ_CONSUME_CHECK_CONSUMER) timestamp=8295 ms, used_size=5132288 bytes (12.5%)
(RDMA_READ_CONSUME_CHECK_CONSUMER) timestamp=8295 ms, used_size=5130240 bytes (12.5%)
(RDMA_READ_CONSUME_CHECK_CONSUMER) timestamp=8295 ms, used_size=5128192 bytes (12.5%)
(RDMA_READ_CONSUME_CHECK_CONSUMER) timestamp=8295 ms, used_size=5126144 bytes (12.5%)
(RDMA_READ_CONSUME_CHECK_CONSUMER) timestamp=8295 ms, used_size=5124096 bytes (12.5%)
(RDMA_READ_CONSUME_CHECK_CONSUMER) timestamp=8295 ms, used_size=5122048 bytes (12.5%)
(RDMA_READ_CONSUME_CHECK_CONSUMER) timestamp=8295 ms, used_size=5120000 bytes (12.5%)
(RDMA_READ_CONSUME_CHECK_CONSUMER) timestamp=8295 ms, used_size=5117952 bytes (12.5%)
(RDMA_READ_CONSUME_CHECK_CONSUMER) timestamp=8295 ms, used_size=5115904 bytes (12.5%)
(RDMA_READ_CONSUME_CHECK_CONSUMER) timestamp=8295 ms, used_size=5113856 bytes (12.5%)
(RDMA_READ_CONSUME_CHECK_CONSUMER) timestamp=8295 ms, used_size=5111808 bytes (12.5%)
(RDMA_READ_CONSUME_CHECK_CONSUMER) timestamp=8295 ms, used_size=5109760 bytes (12.5%)
(RDMA_READ_CONSUME_CHECK_CONSUMER) timestamp=8295 ms, used_size=5107712 bytes (12.5%)
(RDMA_READ_CONSUME_CHECK_CONSUMER) timestamp=8295 ms, used_size=5105664 bytes (12.5%)
(RDMA_READ_CONSUME_CHECK_CONSUMER) timestamp=8295 ms, used_size=5103616 bytes (12.5%)
(RDMA_READ_CONSUME_CHECK_CONSUMER) timestamp=8295 ms, used_size=5101568 bytes (12.5%)
(RDMA_READ_CONSUME_CHECK_CONSUMER) timestamp=8295 ms, used_size=5099520 bytes (12.4%)
(RDMA_READ_CONSUME_CHECK_CONSUMER) timestamp=8295 ms, used_size=5097472 bytes (12.4%)
(RDMA_READ_CONSUME_CHECK_CONSUMER) timestamp=8295 ms, used_size=5095424 bytes (12.4%)
(RDMA_READ_CONSUME_CHECK_CONSUMER) timestamp=8295 ms, used_size=5093376 bytes (12.4%)
(RDMA_READ_CONSUME_CHECK_CONSUMER) timestamp=8295 ms, used_size=5091328 bytes (12.4%)
(RDMA_READ_CONSUME_CHECK_CONSUMER) timestamp=8295 ms, used_size=5089280 bytes (12.4%)
(RDMA_READ_CONSUME_CHECK_CONSUMER) timestamp=8295 ms, used_size=5087232 bytes (12.4%)
(RDMA_READ_CONSUME_CHECK_CONSUMER) timestamp=8295 ms, used_size=5085184 bytes (12.4%)
(RDMA_READ_CONSUME_CHECK_CONSUMER) timestamp=8295 ms, used_size=5083136 bytes (12.4%)
(RDMA_READ_CONSUME_CHECK_CONSUMER) timestamp=8295 ms, used_size=5081088 bytes (12.4%)
(RDMA_READ_CONSUME_CHECK_CONSUMER) timestamp=8295 ms, used_size=5079040 bytes (12.4%)
(RDMA_READ_CONSUME_CHECK_CONSUMER) timestamp=8295 ms, used_size=5076992 bytes (12.4%)
(RDMA_READ_CONSUME_CHECK_CONSUMER) timestamp=8295 ms, used_size=5074944 bytes (12.4%)
(RDMA_READ_CONSUME_CHECK_CONSUMER) timestamp=8295 ms, used_size=5072896 bytes (12.4%)
(RDMA_READ_CONSUME_CHECK_CONSUMER) timestamp=8295 ms, used_size=5070848 bytes (12.4%)
(RDMA_READ_CONSUME_CHECK_CONSUMER) timestamp=8295 ms, used_size=5068800 bytes (12.4%)
(RDMA_READ_CONSUME_CHECK_CONSUMER) timestamp=8295 ms, used_size=5066752 bytes (12.4%)
(RDMA_READ_CONSUME_CHECK_CONSUMER) timestamp=8295 ms, used_size=5064704 bytes (12.4%)
(RDMA_READ_CONSUME_CHECK_CONSUMER) timestamp=8295 ms, used_size=5062656 bytes (12.4%)
(RDMA_READ_CONSUME_CHECK_CONSUMER) timestamp=8295 ms, used_size=5060608 bytes (12.4%)
(RDMA_READ_CONSUME_CHECK_CONSUMER) timestamp=8295 ms, used_size=5058560 bytes (12.3%)
(RDMA_READ_CONSUME_CHECK_CONSUMER) timestamp=8295 ms, used_size=5056512 bytes (12.3%)
(RDMA_READ_CONSUME_CHECK_CONSUMER) timestamp=8295 ms, used_size=5054464 bytes (12.3%)
(RDMA_READ_CONSUME_CHECK_CONSUMER) timestamp=8295 ms, used_size=5052416 bytes (12.3%)
(RDMA_READ_CONSUME_CHECK_CONSUMER) timestamp=8295 ms, used_size=5050368 bytes (12.3%)
(RDMA_READ_CONSUME_CHECK_CONSUMER) timestamp=8295 ms, used_size=5048320 bytes (12.3%)
(RDMA_READ_CONSUME_CHECK_CONSUMER) timestamp=8295 ms, used_size=5046272 bytes (12.3%)
(RDMA_READ_CONSUME_CHECK_CONSUMER) timestamp=8295 ms, used_size=5044224 bytes (12.3%)
(RDMA_READ_CONSUME_CHECK_CONSUMER) timestamp=8295 ms, used_size=5042176 bytes (12.3%)
(RDMA_READ_CONSUME_CHECK_CONSUMER) timestamp=8295 ms, used_size=5040128 bytes (12.3%)
(RDMA_READ_CONSUME_CHECK_CONSUMER) timestamp=8295 ms, used_size=5038080 bytes (12.3%)
(RDMA_READ_CONSUME_CHECK_CONSUMER) timestamp=8295 ms, used_size=5036032 bytes (12.3%)
(RDMA_READ_CONSUME_CHECK_CONSUMER) timestamp=8295 ms, used_size=5033984 bytes (12.3%)
(RDMA_READ_CONSUME_CHECK_CONSUMER) timestamp=8295 ms, used_size=5031936 bytes (12.3%)
(RDMA_READ_CONSUME_CHECK_CONSUMER) timestamp=8295 ms, used_size=5029888 bytes (12.3%)
(RDMA_READ_CONSUME_CHECK_CONSUMER) timestamp=8295 ms, used_size=5027840 bytes (12.3%)
(RDMA_READ_CONSUME_CHECK_CONSUMER) timestamp=8295 ms, used_size=5025792 bytes (12.3%)
(RDMA_READ_CONSUME_CHECK_CONSUMER) timestamp=8295 ms, used_size=5023744 bytes (12.3%)
(RDMA_READ_CONSUME_CHECK_CONSUMER) timestamp=8295 ms, used_size=5021696 bytes (12.3%)
(RDMA_READ_CONSUME_CHECK_CONSUMER) timestamp=8295 ms, used_size=5019648 bytes (12.3%)
(RDMA_READ_CONSUME_CHECK_CONSUMER) timestamp=8295 ms, used_size=5017600 bytes (12.2%)
(RDMA_READ_CONSUME_CHECK_CONSUMER) timestamp=8295 ms, used_size=5015552 bytes (12.2%)
(RDMA_READ_CONSUME_CHECK_CONSUMER) timestamp=8295 ms, used_size=5013504 bytes (12.2%)
(RDMA_READ_CONSUME_CHECK_CONSUMER) timestamp=8295 ms, used_size=5011456 bytes (12.2%)
(RDMA_READ_CONSUME_CHECK_CONSUMER) timestamp=8295 ms, used_size=5009408 bytes (12.2%)
(RDMA_READ_CONSUME_CHECK_CONSUMER) timestamp=8295 ms, used_size=5007360 bytes (12.2%)
(RDMA_READ_CONSUME_CHECK_CONSUMER) timestamp=8295 ms, used_size=5005312 bytes (12.2%)
(RDMA_READ_CONSUME_CHECK_CONSUMER) timestamp=8295 ms, used_size=5003264 bytes (12.2%)
(RDMA_READ_CONSUME_CHECK_CONSUMER) timestamp=8295 ms, used_size=5001216 bytes (12.2%)
(RDMA_READ_CONSUME_CHECK_CONSUMER) timestamp=8295 ms, used_size=4999168 bytes (12.2%)
(RDMA_READ_CONSUME_CHECK_CONSUMER) timestamp=8295 ms, used_size=4997120 bytes (12.2%)
(RDMA_READ_CONSUME_CHECK_CONSUMER) timestamp=8295 ms, used_size=4995072 bytes (12.2%)
(RDMA_READ_CONSUME_CHECK_CONSUMER) timestamp=8295 ms, used_size=4993024 bytes (12.2%)
(RDMA_READ_CONSUME_CHECK_CONSUMER) timestamp=8295 ms, used_size=4990976 bytes (12.2%)
(RDMA_READ_CONSUME_CHECK_CONSUMER) timestamp=8295 ms, used_size=4988928 bytes (12.2%)
(RDMA_READ_CONSUME_CHECK_CONSUMER) timestamp=8295 ms, used_size=4986880 bytes (12.2%)
(RDMA_READ_CONSUME_CHECK_CONSUMER) timestamp=8295 ms, used_size=4984832 bytes (12.2%)
(RDMA_READ_CONSUME_CHECK_CONSUMER) timestamp=8296 ms, used_size=4982784 bytes (12.2%)
(RDMA_READ_CONSUME_CHECK_CONSUMER) timestamp=8296 ms, used_size=4980736 bytes (12.2%)
(RDMA_READ_CONSUME_CHECK_CONSUMER) timestamp=8296 ms, used_size=4978688 bytes (12.2%)
(RDMA_READ_CONSUME_CHECK_CONSUMER) timestamp=8296 ms, used_size=4976640 bytes (12.2%)
(RDMA_READ_CONSUME_CHECK_CONSUMER) timestamp=8296 ms, used_size=4974592 bytes (12.1%)
(RDMA_READ_CONSUME_CHECK_CONSUMER) timestamp=8296 ms, used_size=4972544 bytes (12.1%)
(RDMA_READ_CONSUME_CHECK_CONSUMER) timestamp=8296 ms, used_size=4970496 bytes (12.1%)
(RDMA_READ_CONSUME_CHECK_CONSUMER) timestamp=8296 ms, used_size=4968448 bytes (12.1%)
(RDMA_READ_CONSUME_CHECK_CONSUMER) timestamp=8296 ms, used_size=4966400 bytes (12.1%)
(RDMA_READ_CONSUME_CHECK_CONSUMER) timestamp=8296 ms, used_size=4964352 bytes (12.1%)
(RDMA_READ_CONSUME_CHECK_CONSUMER) timestamp=8296 ms, used_size=4962304 bytes (12.1%)
(RDMA_READ_CONSUME_CHECK_CONSUMER) timestamp=8296 ms, used_size=4960256 bytes (12.1%)
(RDMA_READ_CONSUME_CHECK_CONSUMER) timestamp=8296 ms, used_size=4958208 bytes (12.1%)
(RDMA_READ_CONSUME_CHECK_CONSUMER) timestamp=8296 ms, used_size=4956160 bytes (12.1%)
(RDMA_READ_CONSUME_CHECK_CONSUMER) timestamp=8296 ms, used_size=4954112 bytes (12.1%)
(RDMA_READ_CONSUME_CHECK_CONSUMER) timestamp=8296 ms, used_size=4952064 bytes (12.1%)
(RDMA_READ_CONSUME_CHECK_CONSUMER) timestamp=8296 ms, used_size=4950016 bytes (12.1%)
(RDMA_READ_CONSUME_CHECK_CONSUMER) timestamp=8296 ms, used_size=4947968 bytes (12.1%)
(RDMA_READ_CONSUME_CHECK_CONSUMER) timestamp=8296 ms, used_size=4945920 bytes (12.1%)
(RDMA_READ_CONSUME_CHECK_CONSUMER) timestamp=8296 ms, used_size=4943872 bytes (12.1%)
(RDMA_READ_CONSUME_CHECK_CONSUMER) timestamp=8296 ms, used_size=4941824 bytes (12.1%)
(RDMA_READ_CONSUME_CHECK_CONSUMER) timestamp=8296 ms, used_size=4939776 bytes (12.1%)
(RDMA_READ_CONSUME_CHECK_CONSUMER) timestamp=8296 ms, used_size=4937728 bytes (12.1%)
(RDMA_READ_CONSUME_CHECK_CONSUMER) timestamp=8296 ms, used_size=4935680 bytes (12.1%)
(RDMA_READ_CONSUME_CHECK_CONSUMER) timestamp=8296 ms, used_size=4933632 bytes (12.0%)
(RDMA_READ_CONSUME_CHECK_CONSUMER) timestamp=8296 ms, used_size=4931584 bytes (12.0%)
(RDMA_READ_CONSUME_CHECK_CONSUMER) timestamp=8296 ms, used_size=4929536 bytes (12.0%)
(RDMA_READ_CONSUME_CHECK_CONSUMER) timestamp=8296 ms, used_size=4927488 bytes (12.0%)
(RDMA_READ_CONSUME_CHECK_CONSUMER) timestamp=8296 ms, used_size=4925440 bytes (12.0%)
(RDMA_READ_CONSUME_CHECK_CONSUMER) timestamp=8296 ms, used_size=4923392 bytes (12.0%)
(RDMA_READ_CONSUME_CHECK_CONSUMER) timestamp=8296 ms, used_size=4921344 bytes (12.0%)
(RDMA_READ_CONSUME_CHECK_CONSUMER) timestamp=8296 ms, used_size=4919296 bytes (12.0%)
(RDMA_READ_CONSUME_CHECK_CONSUMER) timestamp=8296 ms, used_size=4917248 bytes (12.0%)
(RDMA_READ_CONSUME_CHECK_CONSUMER) timestamp=8296 ms, used_size=4915200 bytes (12.0%)
(RDMA_READ_CONSUME_CHECK_CONSUMER) timestamp=8296 ms, used_size=4913152 bytes (12.0%)
(RDMA_READ_CONSUME_CHECK_CONSUMER) timestamp=8296 ms, used_size=4911104 bytes (12.0%)
(RDMA_READ_CONSUME_CHECK_CONSUMER) timestamp=8296 ms, used_size=4909056 bytes (12.0%)
(RDMA_READ_CONSUME_CHECK_CONSUMER) timestamp=8296 ms, used_size=4907008 bytes (12.0%)
(RDMA_READ_CONSUME_CHECK_CONSUMER) timestamp=8296 ms, used_size=4904960 bytes (12.0%)
(RDMA_READ_CONSUME_CHECK_CONSUMER) timestamp=8296 ms, used_size=4902912 bytes (12.0%)
(RDMA_READ_CONSUME_CHECK_CONSUMER) timestamp=8296 ms, used_size=4900864 bytes (12.0%)
(RDMA_READ_CONSUME_CHECK_CONSUMER) timestamp=8296 ms, used_size=4898816 bytes (12.0%)
(RDMA_READ_CONSUME_CHECK_CONSUMER) timestamp=8296 ms, used_size=4896768 bytes (12.0%)
(RDMA_READ_CONSUME_CHECK_CONSUMER) timestamp=8296 ms, used_size=4894720 bytes (11.9%)
(RDMA_READ_CONSUME_CHECK_CONSUMER) timestamp=8296 ms, used_size=4892672 bytes (11.9%)
(RDMA_READ_CONSUME_CHECK_CONSUMER) timestamp=8296 ms, used_size=4890624 bytes (11.9%)
(RDMA_READ_CONSUME_CHECK_CONSUMER) timestamp=8296 ms, used_size=4888576 bytes (11.9%)
(RDMA_READ_CONSUME_CHECK_CONSUMER) timestamp=8296 ms, used_size=4886528 bytes (11.9%)
(RDMA_READ_CONSUME_CHECK_CONSUMER) timestamp=8296 ms, used_size=4884480 bytes (11.9%)
(RDMA_READ_CONSUME_CHECK_CONSUMER) timestamp=8296 ms, used_size=4882432 bytes (11.9%)
(RDMA_READ_CONSUME_CHECK_CONSUMER) timestamp=8296 ms, used_size=4880384 bytes (11.9%)
(RDMA_READ_CONSUME_CHECK_CONSUMER) timestamp=8296 ms, used_size=4878336 bytes (11.9%)
(RDMA_READ_CONSUME_CHECK_CONSUMER) timestamp=8296 ms, used_size=4876288 bytes (11.9%)
(RDMA_READ_CONSUME_CHECK_CONSUMER) timestamp=8296 ms, used_size=4874240 bytes (11.9%)
(RDMA_READ_CONSUME_CHECK_CONSUMER) timestamp=8296 ms, used_size=4872192 bytes (11.9%)
(RDMA_READ_CONSUME_CHECK_CONSUMER) timestamp=8296 ms, used_size=4870144 bytes (11.9%)
(RDMA_READ_CONSUME_CHECK_CONSUMER) timestamp=8296 ms, used_size=4868096 bytes (11.9%)
(RDMA_READ_CONSUME_CHECK_CONSUMER) timestamp=8296 ms, used_size=4866048 bytes (11.9%)
(RDMA_READ_CONSUME_CHECK_CONSUMER) timestamp=8296 ms, used_size=4864000 bytes (11.9%)
(RDMA_READ_CONSUME_CHECK_CONSUMER) timestamp=8296 ms, used_size=4861952 bytes (11.9%)
(RDMA_READ_CONSUME_CHECK_CONSUMER) timestamp=8296 ms, used_size=4859904 bytes (11.9%)
(RDMA_READ_CONSUME_CHECK_CONSUMER) timestamp=8296 ms, used_size=4857856 bytes (11.9%)
(RDMA_READ_CONSUME_CHECK_CONSUMER) timestamp=8296 ms, used_size=4855808 bytes (11.9%)
(RDMA_READ_CONSUME_CHECK_CONSUMER) timestamp=8296 ms, used_size=4853760 bytes (11.8%)
(RDMA_READ_CONSUME_CHECK_CONSUMER) timestamp=8296 ms, used_size=4851712 bytes (11.8%)
(RDMA_READ_CONSUME_CHECK_CONSUMER) timestamp=8296 ms, used_size=4849664 bytes (11.8%)
(RDMA_READ_CONSUME_CHECK_CONSUMER) timestamp=8296 ms, used_size=4847616 bytes (11.8%)
(RDMA_READ_CONSUME_CHECK_CONSUMER) timestamp=8296 ms, used_size=4845568 bytes (11.8%)
(RDMA_READ_CONSUME_CHECK_CONSUMER) timestamp=8296 ms, used_size=4843520 bytes (11.8%)
(RDMA_READ_CONSUME_CHECK_CONSUMER) timestamp=8296 ms, used_size=4841472 bytes (11.8%)
(RDMA_READ_CONSUME_CHECK_CONSUMER) timestamp=8296 ms, used_size=4839424 bytes (11.8%)
(RDMA_READ_CONSUME_CHECK_CONSUMER) timestamp=8296 ms, used_size=4837376 bytes (11.8%)
(RDMA_READ_CONSUME_CHECK_CONSUMER) timestamp=8296 ms, used_size=4835328 bytes (11.8%)
(RDMA_READ_CONSUME_CHECK_CONSUMER) timestamp=8296 ms, used_size=4833280 bytes (11.8%)
(RDMA_READ_CONSUME_CHECK_CONSUMER) timestamp=8296 ms, used_size=4831232 bytes (11.8%)
(RDMA_READ_CONSUME_CHECK_CONSUMER) timestamp=8296 ms, used_size=4829184 bytes (11.8%)
(RDMA_READ_CONSUME_CHECK_CONSUMER) timestamp=8296 ms, used_size=4827136 bytes (11.8%)
(RDMA_READ_CONSUME_CHECK_CONSUMER) timestamp=8296 ms, used_size=4825088 bytes (11.8%)
(RDMA_READ_CONSUME_CHECK_CONSUMER) timestamp=8296 ms, used_size=4823040 bytes (11.8%)
(RDMA_READ_CONSUME_CHECK_CONSUMER) timestamp=8296 ms, used_size=4820992 bytes (11.8%)
(RDMA_READ_CONSUME_CHECK_CONSUMER) timestamp=8296 ms, used_size=4818944 bytes (11.8%)
(RDMA_READ_CONSUME_CHECK_CONSUMER) timestamp=8296 ms, used_size=4816896 bytes (11.8%)
(RDMA_READ_CONSUME_CHECK_CONSUMER) timestamp=8296 ms, used_size=4814848 bytes (11.8%)
(RDMA_READ_CONSUME_CHECK_CONSUMER) timestamp=8296 ms, used_size=4812800 bytes (11.8%)
(RDMA_READ_CONSUME_CHECK_CONSUMER) timestamp=8296 ms, used_size=4810752 bytes (11.7%)
(RDMA_READ_CONSUME_CHECK_CONSUMER) timestamp=8296 ms, used_size=4808704 bytes (11.7%)
(RDMA_READ_CONSUME_CHECK_CONSUMER) timestamp=8296 ms, used_size=4806656 bytes (11.7%)
(RDMA_READ_CONSUME_CHECK_CONSUMER) timestamp=8296 ms, used_size=4804608 bytes (11.7%)
(RDMA_READ_CONSUME_CHECK_CONSUMER) timestamp=8296 ms, used_size=4802560 bytes (11.7%)
(RDMA_READ_CONSUME_CHECK_CONSUMER) timestamp=8296 ms, used_size=4800512 bytes (11.7%)
(RDMA_READ_CONSUME_CHECK_CONSUMER) timestamp=8296 ms, used_size=4798464 bytes (11.7%)
(RDMA_READ_CONSUME_CHECK_CONSUMER) timestamp=8296 ms, used_size=4796416 bytes (11.7%)
(RDMA_READ_CONSUME_CHECK_CONSUMER) timestamp=8296 ms, used_size=4794368 bytes (11.7%)
(RDMA_READ_CONSUME_CHECK_CONSUMER) timestamp=8296 ms, used_size=4792320 bytes (11.7%)
(RDMA_READ_CONSUME_CHECK_CONSUMER) timestamp=8296 ms, used_size=4790272 bytes (11.7%)
(RDMA_READ_CONSUME_CHECK_CONSUMER) timestamp=8296 ms, used_size=4788224 bytes (11.7%)
(RDMA_READ_CONSUME_CHECK_CONSUMER) timestamp=8296 ms, used_size=4786176 bytes (11.7%)
(RDMA_READ_CONSUME_CHECK_CONSUMER) timestamp=8296 ms, used_size=4784128 bytes (11.7%)
(RDMA_READ_CONSUME_CHECK_CONSUMER) timestamp=8296 ms, used_size=4782080 bytes (11.7%)
(RDMA_READ_CONSUME_CHECK_CONSUMER) timestamp=8296 ms, used_size=4780032 bytes (11.7%)
(RDMA_READ_CONSUME_CHECK_CONSUMER) timestamp=8296 ms, used_size=4777984 bytes (11.7%)
(RDMA_READ_CONSUME_CHECK_CONSUMER) timestamp=8296 ms, used_size=4775936 bytes (11.7%)
(RDMA_READ_CONSUME_CHECK_CONSUMER) timestamp=8296 ms, used_size=4773888 bytes (11.7%)
(RDMA_READ_CONSUME_CHECK_CONSUMER) timestamp=8296 ms, used_size=4771840 bytes (11.7%)
(RDMA_READ_CONSUME_CHECK_CONSUMER) timestamp=8296 ms, used_size=4769792 bytes (11.6%)
(RDMA_READ_CONSUME_CHECK_CONSUMER) timestamp=8296 ms, used_size=4767744 bytes (11.6%)
(RDMA_READ_CONSUME_CHECK_CONSUMER) timestamp=8296 ms, used_size=4765696 bytes (11.6%)
(RDMA_READ_CONSUME_CHECK_CONSUMER) timestamp=8296 ms, used_size=4763648 bytes (11.6%)
(RDMA_READ_CONSUME_CHECK_CONSUMER) timestamp=8296 ms, used_size=4761600 bytes (11.6%)
(RDMA_READ_CONSUME_CHECK_CONSUMER) timestamp=8296 ms, used_size=4759552 bytes (11.6%)
(RDMA_READ_CONSUME_CHECK_CONSUMER) timestamp=8296 ms, used_size=4757504 bytes (11.6%)
(RDMA_READ_CONSUME_CHECK_CONSUMER) timestamp=8296 ms, used_size=4755456 bytes (11.6%)
(RDMA_READ_CONSUME_CHECK_CONSUMER) timestamp=8296 ms, used_size=4753408 bytes (11.6%)
(RDMA_READ_CONSUME_CHECK_CONSUMER) timestamp=8296 ms, used_size=4751360 bytes (11.6%)
(RDMA_READ_CONSUME_CHECK_CONSUMER) timestamp=8296 ms, used_size=4749312 bytes (11.6%)
(RDMA_READ_CONSUME_CHECK_CONSUMER) timestamp=8296 ms, used_size=4747264 bytes (11.6%)
(RDMA_READ_CONSUME_CHECK_CONSUMER) timestamp=8296 ms, used_size=4745216 bytes (11.6%)
(RDMA_READ_CONSUME_CHECK_CONSUMER) timestamp=8296 ms, used_size=4743168 bytes (11.6%)
(RDMA_READ_CONSUME_CHECK_CONSUMER) timestamp=8296 ms, used_size=4741120 bytes (11.6%)
(RDMA_READ_CONSUME_CHECK_CONSUMER) timestamp=8296 ms, used_size=4739072 bytes (11.6%)
(RDMA_READ_CONSUME_CHECK_CONSUMER) timestamp=8296 ms, used_size=4737024 bytes (11.6%)
(RDMA_READ_CONSUME_CHECK_CONSUMER) timestamp=8296 ms, used_size=4734976 bytes (11.6%)
(RDMA_READ_CONSUME_CHECK_CONSUMER) timestamp=8296 ms, used_size=4732928 bytes (11.6%)
(RDMA_READ_CONSUME_CHECK_CONSUMER) timestamp=8296 ms, used_size=4730880 bytes (11.6%)
(RDMA_READ_CONSUME_CHECK_CONSUMER) timestamp=8296 ms, used_size=4728832 bytes (11.5%)
(RDMA_READ_CONSUME_CHECK_CONSUMER) timestamp=8296 ms, used_size=4726784 bytes (11.5%)
(RDMA_READ_CONSUME_CHECK_CONSUMER) timestamp=8296 ms, used_size=4724736 bytes (11.5%)
(RDMA_READ_CONSUME_CHECK_CONSUMER) timestamp=8296 ms, used_size=4722688 bytes (11.5%)
(RDMA_READ_CONSUME_CHECK_CONSUMER) timestamp=8296 ms, used_size=4720640 bytes (11.5%)
(RDMA_READ_CONSUME_CHECK_CONSUMER) timestamp=8296 ms, used_size=4718592 bytes (11.5%)
(RDMA_READ_CONSUME_CHECK_CONSUMER) timestamp=8296 ms, used_size=4716544 bytes (11.5%)
(RDMA_READ_CONSUME_CHECK_CONSUMER) timestamp=8296 ms, used_size=4714496 bytes (11.5%)
(RDMA_READ_CONSUME_CHECK_CONSUMER) timestamp=8296 ms, used_size=4712448 bytes (11.5%)
(RDMA_READ_CONSUME_CHECK_CONSUMER) timestamp=8296 ms, used_size=4710400 bytes (11.5%)
(RDMA_READ_CONSUME_CHECK_CONSUMER) timestamp=8296 ms, used_size=4708352 bytes (11.5%)
(RDMA_READ_CONSUME_CHECK_CONSUMER) timestamp=8296 ms, used_size=4706304 bytes (11.5%)
(RDMA_READ_CONSUME_CHECK_CONSUMER) timestamp=8296 ms, used_size=4704256 bytes (11.5%)
(RDMA_READ_CONSUME_CHECK_CONSUMER) timestamp=8296 ms, used_size=4702208 bytes (11.5%)
(RDMA_READ_CONSUME_CHECK_CONSUMER) timestamp=8296 ms, used_size=4700160 bytes (11.5%)
(RDMA_READ_CONSUME_CHECK_CONSUMER) timestamp=8296 ms, used_size=4698112 bytes (11.5%)
(RDMA_READ_CONSUME_CHECK_CONSUMER) timestamp=8296 ms, used_size=4696064 bytes (11.5%)
(RDMA_READ_CONSUME_CHECK_CONSUMER) timestamp=8296 ms, used_size=4694016 bytes (11.5%)
(RDMA_READ_CONSUME_CHECK_CONSUMER) timestamp=8296 ms, used_size=4691968 bytes (11.5%)
(RDMA_READ_CONSUME_CHECK_CONSUMER) timestamp=8296 ms, used_size=4689920 bytes (11.4%)
(RDMA_READ_CONSUME_CHECK_CONSUMER) timestamp=8296 ms, used_size=4687872 bytes (11.4%)
(RDMA_READ_CONSUME_CHECK_CONSUMER) timestamp=8296 ms, used_size=4685824 bytes (11.4%)
(RDMA_READ_CONSUME_CHECK_CONSUMER) timestamp=8296 ms, used_size=4683776 bytes (11.4%)
(RDMA_READ_CONSUME_CHECK_CONSUMER) timestamp=8296 ms, used_size=4681728 bytes (11.4%)
(RDMA_READ_CONSUME_CHECK_CONSUMER) timestamp=8296 ms, used_size=4679680 bytes (11.4%)
(RDMA_READ_CONSUME_CHECK_CONSUMER) timestamp=8296 ms, used_size=4677632 bytes (11.4%)
(RDMA_READ_CONSUME_CHECK_CONSUMER) timestamp=8296 ms, used_size=4675584 bytes (11.4%)
(RDMA_READ_CONSUME_CHECK_CONSUMER) timestamp=8296 ms, used_size=4673536 bytes (11.4%)
(RDMA_READ_CONSUME_CHECK_CONSUMER) timestamp=8296 ms, used_size=4671488 bytes (11.4%)
(RDMA_READ_CONSUME_CHECK_CONSUMER) timestamp=8296 ms, used_size=4669440 bytes (11.4%)
(RDMA_READ_CONSUME_CHECK_CONSUMER) timestamp=8296 ms, used_size=4667392 bytes (11.4%)
(RDMA_READ_CONSUME_CHECK_CONSUMER) timestamp=8296 ms, used_size=4665344 bytes (11.4%)
(RDMA_READ_CONSUME_CHECK_CONSUMER) timestamp=8296 ms, used_size=4663296 bytes (11.4%)
(RDMA_READ_CONSUME_CHECK_CONSUMER) timestamp=8296 ms, used_size=4661248 bytes (11.4%)
(RDMA_READ_CONSUME_CHECK_CONSUMER) timestamp=8296 ms, used_size=4659200 bytes (11.4%)
(RDMA_READ_CONSUME_CHECK_CONSUMER) timestamp=8296 ms, used_size=4657152 bytes (11.4%)
(RDMA_READ_CONSUME_CHECK_CONSUMER) timestamp=8296 ms, used_size=4655104 bytes (11.4%)
(RDMA_READ_CONSUME_CHECK_CONSUMER) timestamp=8296 ms, used_size=4653056 bytes (11.4%)
(RDMA_READ_CONSUME_CHECK_CONSUMER) timestamp=8296 ms, used_size=4651008 bytes (11.4%)
(RDMA_READ_CONSUME_CHECK_CONSUMER) timestamp=8296 ms, used_size=4648960 bytes (11.3%)
(RDMA_READ_CONSUME_CHECK_CONSUMER) timestamp=8296 ms, used_size=4646912 bytes (11.3%)
(RDMA_READ_CONSUME_CHECK_CONSUMER) timestamp=8296 ms, used_size=4644864 bytes (11.3%)
(RDMA_READ_CONSUME_CHECK_CONSUMER) timestamp=8296 ms, used_size=4642816 bytes (11.3%)
(RDMA_READ_CONSUME_CHECK_CONSUMER) timestamp=8296 ms, used_size=4640768 bytes (11.3%)
(RDMA_READ_CONSUME_CHECK_CONSUMER) timestamp=8296 ms, used_size=4638720 bytes (11.3%)
(RDMA_READ_CONSUME_CHECK_CONSUMER) timestamp=8296 ms, used_size=4636672 bytes (11.3%)
(RDMA_READ_CONSUME_CHECK_CONSUMER) timestamp=8296 ms, used_size=4634624 bytes (11.3%)
(RDMA_READ_CONSUME_CHECK_CONSUMER) timestamp=8296 ms, used_size=4632576 bytes (11.3%)
(RDMA_READ_CONSUME_CHECK_CONSUMER) timestamp=8296 ms, used_size=4630528 bytes (11.3%)
(RDMA_READ_CONSUME_CHECK_CONSUMER) timestamp=8296 ms, used_size=4628480 bytes (11.3%)
(RDMA_READ_CONSUME_CHECK_CONSUMER) timestamp=8296 ms, used_size=4626432 bytes (11.3%)
(RDMA_READ_CONSUME_CHECK_CONSUMER) timestamp=8296 ms, used_size=4624384 bytes (11.3%)
(RDMA_READ_CONSUME_CHECK_CONSUMER) timestamp=8296 ms, used_size=4622336 bytes (11.3%)
(RDMA_READ_CONSUME_CHECK_CONSUMER) timestamp=8297 ms, used_size=4620288 bytes (11.3%)
(RDMA_READ_CONSUME_CHECK_CONSUMER) timestamp=8297 ms, used_size=4618240 bytes (11.3%)
(RDMA_READ_CONSUME_CHECK_CONSUMER) timestamp=8297 ms, used_size=4616192 bytes (11.3%)
(RDMA_READ_CONSUME_CHECK_CONSUMER) timestamp=8297 ms, used_size=4614144 bytes (11.3%)
(RDMA_READ_CONSUME_CHECK_CONSUMER) timestamp=8297 ms, used_size=4612096 bytes (11.3%)
(RDMA_READ_CONSUME_CHECK_CONSUMER) timestamp=8297 ms, used_size=4610048 bytes (11.3%)
(RDMA_READ_CONSUME_CHECK_CONSUMER) timestamp=8297 ms, used_size=4608000 bytes (11.2%)
(RDMA_READ_CONSUME_CHECK_CONSUMER) timestamp=8297 ms, used_size=4605952 bytes (11.2%)
(RDMA_READ_CONSUME_CHECK_CONSUMER) timestamp=8297 ms, used_size=4603904 bytes (11.2%)
(RDMA_READ_CONSUME_CHECK_CONSUMER) timestamp=8297 ms, used_size=4601856 bytes (11.2%)
(RDMA_READ_CONSUME_CHECK_CONSUMER) timestamp=8297 ms, used_size=4599808 bytes (11.2%)
(RDMA_READ_CONSUME_CHECK_CONSUMER) timestamp=8297 ms, used_size=4597760 bytes (11.2%)
(RDMA_READ_CONSUME_CHECK_CONSUMER) timestamp=8297 ms, used_size=4595712 bytes (11.2%)
(RDMA_READ_CONSUME_CHECK_CONSUMER) timestamp=8297 ms, used_size=4593664 bytes (11.2%)
(RDMA_READ_CONSUME_CHECK_CONSUMER) timestamp=8297 ms, used_size=4591616 bytes (11.2%)
(RDMA_READ_CONSUME_CHECK_CONSUMER) timestamp=8297 ms, used_size=4589568 bytes (11.2%)
(RDMA_READ_CONSUME_CHECK_CONSUMER) timestamp=8297 ms, used_size=4587520 bytes (11.2%)
(RDMA_READ_CONSUME_CHECK_CONSUMER) timestamp=8297 ms, used_size=4585472 bytes (11.2%)
(RDMA_READ_CONSUME_CHECK_CONSUMER) timestamp=8297 ms, used_size=4583424 bytes (11.2%)
(RDMA_READ_CONSUME_CHECK_CONSUMER) timestamp=8297 ms, used_size=4581376 bytes (11.2%)
(RDMA_READ_CONSUME_CHECK_CONSUMER) timestamp=8297 ms, used_size=4579328 bytes (11.2%)
(RDMA_READ_CONSUME_CHECK_CONSUMER) timestamp=8297 ms, used_size=4577280 bytes (11.2%)
(RDMA_READ_CONSUME_CHECK_CONSUMER) timestamp=8297 ms, used_size=4575232 bytes (11.2%)
(RDMA_READ_CONSUME_CHECK_CONSUMER) timestamp=8297 ms, used_size=4573184 bytes (11.2%)
(RDMA_READ_CONSUME_CHECK_CONSUMER) timestamp=8297 ms, used_size=4571136 bytes (11.2%)
(RDMA_READ_CONSUME_CHECK_CONSUMER) timestamp=8297 ms, used_size=4569088 bytes (11.2%)
(RDMA_READ_CONSUME_CHECK_CONSUMER) timestamp=8297 ms, used_size=4567040 bytes (11.2%)
(RDMA_READ_CONSUME_CHECK_CONSUMER) timestamp=8297 ms, used_size=4564992 bytes (11.1%)
(RDMA_READ_CONSUME_CHECK_CONSUMER) timestamp=8297 ms, used_size=4562944 bytes (11.1%)
(RDMA_READ_CONSUME_CHECK_CONSUMER) timestamp=8297 ms, used_size=4560896 bytes (11.1%)
(RDMA_READ_CONSUME_CHECK_CONSUMER) timestamp=8297 ms, used_size=4558848 bytes (11.1%)
(RDMA_READ_CONSUME_CHECK_CONSUMER) timestamp=8297 ms, used_size=4556800 bytes (11.1%)
(RDMA_READ_CONSUME_CHECK_CONSUMER) timestamp=8297 ms, used_size=4554752 bytes (11.1%)
(RDMA_READ_CONSUME_CHECK_CONSUMER) timestamp=8297 ms, used_size=4552704 bytes (11.1%)
(RDMA_READ_CONSUME_CHECK_CONSUMER) timestamp=8297 ms, used_size=4550656 bytes (11.1%)
(RDMA_READ_CONSUME_CHECK_CONSUMER) timestamp=8297 ms, used_size=4548608 bytes (11.1%)
(RDMA_READ_CONSUME_CHECK_CONSUMER) timestamp=8297 ms, used_size=4546560 bytes (11.1%)
(RDMA_READ_CONSUME_CHECK_CONSUMER) timestamp=8297 ms, used_size=4544512 bytes (11.1%)
(RDMA_READ_CONSUME_CHECK_CONSUMER) timestamp=8297 ms, used_size=4542464 bytes (11.1%)
(RDMA_READ_CONSUME_CHECK_CONSUMER) timestamp=8297 ms, used_size=4540416 bytes (11.1%)
(RDMA_READ_CONSUME_CHECK_CONSUMER) timestamp=8297 ms, used_size=4538368 bytes (11.1%)
(RDMA_READ_CONSUME_CHECK_CONSUMER) timestamp=8297 ms, used_size=4536320 bytes (11.1%)
(RDMA_READ_CONSUME_CHECK_CONSUMER) timestamp=8297 ms, used_size=4534272 bytes (11.1%)
(RDMA_READ_CONSUME_CHECK_CONSUMER) timestamp=8297 ms, used_size=4532224 bytes (11.1%)
(RDMA_READ_CONSUME_CHECK_CONSUMER) timestamp=8297 ms, used_size=4530176 bytes (11.1%)
(RDMA_READ_CONSUME_CHECK_CONSUMER) timestamp=8297 ms, used_size=4528128 bytes (11.1%)
(RDMA_READ_CONSUME_CHECK_CONSUMER) timestamp=8297 ms, used_size=4526080 bytes (11.1%)
(RDMA_READ_CONSUME_CHECK_CONSUMER) timestamp=8297 ms, used_size=4524032 bytes (11.0%)
(RDMA_READ_CONSUME_CHECK_CONSUMER) timestamp=8297 ms, used_size=4521984 bytes (11.0%)
(RDMA_READ_CONSUME_CHECK_CONSUMER) timestamp=8297 ms, used_size=4519936 bytes (11.0%)
(RDMA_READ_CONSUME_CHECK_CONSUMER) timestamp=8297 ms, used_size=4517888 bytes (11.0%)
(RDMA_READ_CONSUME_CHECK_CONSUMER) timestamp=8297 ms, used_size=4515840 bytes (11.0%)
(RDMA_READ_CONSUME_CHECK_CONSUMER) timestamp=8297 ms, used_size=4513792 bytes (11.0%)
(RDMA_READ_CONSUME_CHECK_CONSUMER) timestamp=8297 ms, used_size=4511744 bytes (11.0%)
(RDMA_READ_CONSUME_CHECK_CONSUMER) timestamp=8297 ms, used_size=4509696 bytes (11.0%)
(RDMA_READ_CONSUME_CHECK_CONSUMER) timestamp=8297 ms, used_size=4507648 bytes (11.0%)
(RDMA_READ_CONSUME_CHECK_CONSUMER) timestamp=8297 ms, used_size=4505600 bytes (11.0%)
(RDMA_READ_CONSUME_CHECK_CONSUMER) timestamp=8297 ms, used_size=4503552 bytes (11.0%)
(RDMA_READ_CONSUME_CHECK_CONSUMER) timestamp=8297 ms, used_size=4501504 bytes (11.0%)
(RDMA_READ_CONSUME_CHECK_CONSUMER) timestamp=8297 ms, used_size=4499456 bytes (11.0%)
(RDMA_READ_CONSUME_CHECK_CONSUMER) timestamp=8297 ms, used_size=4497408 bytes (11.0%)
(RDMA_READ_CONSUME_CHECK_CONSUMER) timestamp=8297 ms, used_size=4495360 bytes (11.0%)
(RDMA_READ_CONSUME_CHECK_CONSUMER) timestamp=8297 ms, used_size=4493312 bytes (11.0%)
(RDMA_READ_CONSUME_CHECK_CONSUMER) timestamp=8297 ms, used_size=4491264 bytes (11.0%)
(RDMA_READ_CONSUME_CHECK_CONSUMER) timestamp=8297 ms, used_size=4489216 bytes (11.0%)
(RDMA_READ_CONSUME_CHECK_CONSUMER) timestamp=8297 ms, used_size=4487168 bytes (11.0%)
(RDMA_READ_CONSUME_CHECK_CONSUMER) timestamp=8297 ms, used_size=4485120 bytes (10.9%)
(RDMA_READ_CONSUME_CHECK_CONSUMER) timestamp=8297 ms, used_size=4483072 bytes (10.9%)
(RDMA_READ_CONSUME_CHECK_CONSUMER) timestamp=8297 ms, used_size=4481024 bytes (10.9%)
(RDMA_READ_CONSUME_CHECK_CONSUMER) timestamp=8297 ms, used_size=4478976 bytes (10.9%)
(RDMA_READ_CONSUME_CHECK_CONSUMER) timestamp=8297 ms, used_size=4476928 bytes (10.9%)
(RDMA_READ_CONSUME_CHECK_CONSUMER) timestamp=8297 ms, used_size=4474880 bytes (10.9%)
(RDMA_READ_CONSUME_CHECK_CONSUMER) timestamp=8297 ms, used_size=4472832 bytes (10.9%)
(RDMA_READ_CONSUME_CHECK_CONSUMER) timestamp=8297 ms, used_size=4470784 bytes (10.9%)
(RDMA_READ_CONSUME_CHECK_CONSUMER) timestamp=8297 ms, used_size=4468736 bytes (10.9%)
(RDMA_READ_CONSUME_CHECK_CONSUMER) timestamp=8297 ms, used_size=4466688 bytes (10.9%)
(RDMA_READ_CONSUME_CHECK_CONSUMER) timestamp=8297 ms, used_size=4464640 bytes (10.9%)
(RDMA_READ_CONSUME_CHECK_CONSUMER) timestamp=8297 ms, used_size=4462592 bytes (10.9%)
(RDMA_READ_CONSUME_CHECK_CONSUMER) timestamp=8297 ms, used_size=4460544 bytes (10.9%)
(RDMA_READ_CONSUME_CHECK_CONSUMER) timestamp=8297 ms, used_size=4458496 bytes (10.9%)
(RDMA_READ_CONSUME_CHECK_CONSUMER) timestamp=8297 ms, used_size=4456448 bytes (10.9%)
(RDMA_READ_CONSUME_CHECK_CONSUMER) timestamp=8297 ms, used_size=4454400 bytes (10.9%)
(RDMA_READ_CONSUME_CHECK_CONSUMER) timestamp=8297 ms, used_size=4452352 bytes (10.9%)
(RDMA_READ_CONSUME_CHECK_CONSUMER) timestamp=8297 ms, used_size=4450304 bytes (10.9%)
(RDMA_READ_CONSUME_CHECK_CONSUMER) timestamp=8297 ms, used_size=4448256 bytes (10.9%)
(RDMA_READ_CONSUME_CHECK_CONSUMER) timestamp=8297 ms, used_size=4446208 bytes (10.9%)
(RDMA_READ_CONSUME_CHECK_CONSUMER) timestamp=8297 ms, used_size=4444160 bytes (10.8%)
(RDMA_READ_CONSUME_CHECK_CONSUMER) timestamp=8297 ms, used_size=4442112 bytes (10.8%)
(RDMA_READ_CONSUME_CHECK_CONSUMER) timestamp=8297 ms, used_size=4440064 bytes (10.8%)
(RDMA_READ_CONSUME_CHECK_CONSUMER) timestamp=8297 ms, used_size=4438016 bytes (10.8%)
(RDMA_READ_CONSUME_CHECK_CONSUMER) timestamp=8297 ms, used_size=4435968 bytes (10.8%)
(RDMA_READ_CONSUME_CHECK_CONSUMER) timestamp=8297 ms, used_size=4433920 bytes (10.8%)
(RDMA_READ_CONSUME_CHECK_CONSUMER) timestamp=8297 ms, used_size=4431872 bytes (10.8%)
(RDMA_READ_CONSUME_CHECK_CONSUMER) timestamp=8297 ms, used_size=4429824 bytes (10.8%)
(RDMA_READ_CONSUME_CHECK_CONSUMER) timestamp=8297 ms, used_size=4427776 bytes (10.8%)
(RDMA_READ_CONSUME_CHECK_CONSUMER) timestamp=8297 ms, used_size=4425728 bytes (10.8%)
(RDMA_READ_CONSUME_CHECK_CONSUMER) timestamp=8297 ms, used_size=4423680 bytes (10.8%)
(RDMA_READ_CONSUME_CHECK_CONSUMER) timestamp=8297 ms, used_size=4421632 bytes (10.8%)
(RDMA_READ_CONSUME_CHECK_CONSUMER) timestamp=8297 ms, used_size=4419584 bytes (10.8%)
(RDMA_READ_CONSUME_CHECK_CONSUMER) timestamp=8297 ms, used_size=4417536 bytes (10.8%)
(RDMA_READ_CONSUME_CHECK_CONSUMER) timestamp=8297 ms, used_size=4415488 bytes (10.8%)
(RDMA_READ_CONSUME_CHECK_CONSUMER) timestamp=8297 ms, used_size=4413440 bytes (10.8%)
(RDMA_READ_CONSUME_CHECK_CONSUMER) timestamp=8297 ms, used_size=4411392 bytes (10.8%)
(RDMA_READ_CONSUME_CHECK_CONSUMER) timestamp=8297 ms, used_size=4409344 bytes (10.8%)
(RDMA_READ_CONSUME_CHECK_CONSUMER) timestamp=8297 ms, used_size=4407296 bytes (10.8%)
(RDMA_READ_CONSUME_CHECK_CONSUMER) timestamp=8297 ms, used_size=4405248 bytes (10.8%)
(RDMA_READ_CONSUME_CHECK_CONSUMER) timestamp=8297 ms, used_size=4403200 bytes (10.8%)
(RDMA_READ_CONSUME_CHECK_CONSUMER) timestamp=8297 ms, used_size=4401152 bytes (10.7%)
(RDMA_READ_CONSUME_CHECK_CONSUMER) timestamp=8297 ms, used_size=4399104 bytes (10.7%)
(RDMA_READ_CONSUME_CHECK_CONSUMER) timestamp=8297 ms, used_size=4397056 bytes (10.7%)
(RDMA_READ_CONSUME_CHECK_CONSUMER) timestamp=8297 ms, used_size=4395008 bytes (10.7%)
(RDMA_READ_CONSUME_CHECK_CONSUMER) timestamp=8297 ms, used_size=4392960 bytes (10.7%)
(RDMA_READ_CONSUME_CHECK_CONSUMER) timestamp=8297 ms, used_size=4390912 bytes (10.7%)
(RDMA_READ_CONSUME_CHECK_CONSUMER) timestamp=8297 ms, used_size=4388864 bytes (10.7%)
(RDMA_READ_CONSUME_CHECK_CONSUMER) timestamp=8297 ms, used_size=4386816 bytes (10.7%)
(RDMA_READ_CONSUME_CHECK_CONSUMER) timestamp=8297 ms, used_size=4384768 bytes (10.7%)
(RDMA_READ_CONSUME_CHECK_CONSUMER) timestamp=8297 ms, used_size=4382720 bytes (10.7%)
(RDMA_READ_CONSUME_CHECK_CONSUMER) timestamp=8297 ms, used_size=4380672 bytes (10.7%)
(RDMA_READ_CONSUME_CHECK_CONSUMER) timestamp=8297 ms, used_size=4378624 bytes (10.7%)
(RDMA_READ_CONSUME_CHECK_CONSUMER) timestamp=8297 ms, used_size=4376576 bytes (10.7%)
(RDMA_READ_CONSUME_CHECK_CONSUMER) timestamp=8297 ms, used_size=4374528 bytes (10.7%)
(RDMA_READ_CONSUME_CHECK_CONSUMER) timestamp=8297 ms, used_size=4372480 bytes (10.7%)
(RDMA_READ_CONSUME_CHECK_CONSUMER) timestamp=8297 ms, used_size=4370432 bytes (10.7%)
(RDMA_READ_CONSUME_CHECK_CONSUMER) timestamp=8297 ms, used_size=4368384 bytes (10.7%)
(RDMA_READ_CONSUME_CHECK_CONSUMER) timestamp=8297 ms, used_size=4366336 bytes (10.7%)
(RDMA_READ_CONSUME_CHECK_CONSUMER) timestamp=8297 ms, used_size=4364288 bytes (10.7%)
(RDMA_READ_CONSUME_CHECK_CONSUMER) timestamp=8297 ms, used_size=4362240 bytes (10.7%)
(RDMA_READ_CONSUME_CHECK_CONSUMER) timestamp=8297 ms, used_size=4360192 bytes (10.6%)
(RDMA_READ_CONSUME_CHECK_CONSUMER) timestamp=8297 ms, used_size=4358144 bytes (10.6%)
(RDMA_READ_CONSUME_CHECK_CONSUMER) timestamp=8297 ms, used_size=4356096 bytes (10.6%)
(RDMA_READ_CONSUME_CHECK_CONSUMER) timestamp=8297 ms, used_size=4354048 bytes (10.6%)
(RDMA_READ_CONSUME_CHECK_CONSUMER) timestamp=8297 ms, used_size=4352000 bytes (10.6%)
(RDMA_READ_CONSUME_CHECK_CONSUMER) timestamp=8297 ms, used_size=4349952 bytes (10.6%)
(RDMA_READ_CONSUME_CHECK_CONSUMER) timestamp=8297 ms, used_size=4347904 bytes (10.6%)
(RDMA_READ_CONSUME_CHECK_CONSUMER) timestamp=8297 ms, used_size=4345856 bytes (10.6%)
(RDMA_READ_CONSUME_CHECK_CONSUMER) timestamp=8297 ms, used_size=4343808 bytes (10.6%)
(RDMA_READ_CONSUME_CHECK_CONSUMER) timestamp=8297 ms, used_size=4341760 bytes (10.6%)
(RDMA_READ_CONSUME_CHECK_CONSUMER) timestamp=8297 ms, used_size=4339712 bytes (10.6%)
(RDMA_READ_CONSUME_CHECK_CONSUMER) timestamp=8297 ms, used_size=4337664 bytes (10.6%)
(RDMA_READ_CONSUME_CHECK_CONSUMER) timestamp=8297 ms, used_size=4335616 bytes (10.6%)
(RDMA_READ_CONSUME_CHECK_CONSUMER) timestamp=8297 ms, used_size=4333568 bytes (10.6%)
(RDMA_READ_CONSUME_CHECK_CONSUMER) timestamp=8297 ms, used_size=4331520 bytes (10.6%)
(RDMA_READ_CONSUME_CHECK_CONSUMER) timestamp=8297 ms, used_size=4329472 bytes (10.6%)
(RDMA_READ_CONSUME_CHECK_CONSUMER) timestamp=8297 ms, used_size=4327424 bytes (10.6%)
(RDMA_READ_CONSUME_CHECK_CONSUMER) timestamp=8297 ms, used_size=4325376 bytes (10.6%)
(RDMA_READ_CONSUME_CHECK_CONSUMER) timestamp=8297 ms, used_size=4323328 bytes (10.6%)
(RDMA_READ_CONSUME_CHECK_CONSUMER) timestamp=8297 ms, used_size=4321280 bytes (10.6%)
(RDMA_READ_CONSUME_CHECK_CONSUMER) timestamp=8297 ms, used_size=4319232 bytes (10.5%)
(RDMA_READ_CONSUME_CHECK_CONSUMER) timestamp=8297 ms, used_size=4317184 bytes (10.5%)
(RDMA_READ_CONSUME_CHECK_CONSUMER) timestamp=8297 ms, used_size=4315136 bytes (10.5%)
(RDMA_READ_CONSUME_CHECK_CONSUMER) timestamp=8297 ms, used_size=4313088 bytes (10.5%)
(RDMA_READ_CONSUME_CHECK_CONSUMER) timestamp=8297 ms, used_size=4311040 bytes (10.5%)
(RDMA_READ_CONSUME_CHECK_CONSUMER) timestamp=8297 ms, used_size=4308992 bytes (10.5%)
(RDMA_READ_CONSUME_CHECK_CONSUMER) timestamp=8297 ms, used_size=4306944 bytes (10.5%)
(RDMA_READ_CONSUME_CHECK_CONSUMER) timestamp=8297 ms, used_size=4304896 bytes (10.5%)
(RDMA_READ_CONSUME_CHECK_CONSUMER) timestamp=8297 ms, used_size=4302848 bytes (10.5%)
(RDMA_READ_CONSUME_CHECK_CONSUMER) timestamp=8297 ms, used_size=4300800 bytes (10.5%)
(RDMA_READ_CONSUME_CHECK_CONSUMER) timestamp=8297 ms, used_size=4298752 bytes (10.5%)
(RDMA_READ_CONSUME_CHECK_CONSUMER) timestamp=8297 ms, used_size=4296704 bytes (10.5%)
(RDMA_READ_CONSUME_CHECK_CONSUMER) timestamp=8297 ms, used_size=4294656 bytes (10.5%)
(RDMA_READ_CONSUME_CHECK_CONSUMER) timestamp=8297 ms, used_size=4292608 bytes (10.5%)
(RDMA_READ_CONSUME_CHECK_CONSUMER) timestamp=8297 ms, used_size=4290560 bytes (10.5%)
(RDMA_READ_CONSUME_CHECK_CONSUMER) timestamp=8297 ms, used_size=4288512 bytes (10.5%)
(RDMA_READ_CONSUME_CHECK_CONSUMER) timestamp=8297 ms, used_size=4286464 bytes (10.5%)
(RDMA_READ_CONSUME_CHECK_CONSUMER) timestamp=8297 ms, used_size=4284416 bytes (10.5%)
(RDMA_READ_CONSUME_CHECK_CONSUMER) timestamp=8297 ms, used_size=4282368 bytes (10.5%)
(RDMA_READ_CONSUME_CHECK_CONSUMER) timestamp=8297 ms, used_size=4280320 bytes (10.4%)
(RDMA_READ_CONSUME_CHECK_CONSUMER) timestamp=8297 ms, used_size=4278272 bytes (10.4%)
(RDMA_READ_CONSUME_CHECK_CONSUMER) timestamp=8297 ms, used_size=4276224 bytes (10.4%)
(RDMA_READ_CONSUME_CHECK_CONSUMER) timestamp=8297 ms, used_size=4274176 bytes (10.4%)
(RDMA_READ_CONSUME_CHECK_CONSUMER) timestamp=8297 ms, used_size=4272128 bytes (10.4%)
(RDMA_READ_CONSUME_CHECK_CONSUMER) timestamp=8297 ms, used_size=4270080 bytes (10.4%)
(RDMA_READ_CONSUME_CHECK_CONSUMER) timestamp=8297 ms, used_size=4268032 bytes (10.4%)
(RDMA_READ_CONSUME_CHECK_CONSUMER) timestamp=8297 ms, used_size=4265984 bytes (10.4%)
(RDMA_READ_CONSUME_CHECK_CONSUMER) timestamp=8297 ms, used_size=4263936 bytes (10.4%)
(RDMA_READ_CONSUME_CHECK_CONSUMER) timestamp=8297 ms, used_size=4261888 bytes (10.4%)
(RDMA_READ_CONSUME_CHECK_CONSUMER) timestamp=8297 ms, used_size=4259840 bytes (10.4%)
(RDMA_READ_CONSUME_CHECK_CONSUMER) timestamp=8297 ms, used_size=4257792 bytes (10.4%)
(RDMA_READ_CONSUME_CHECK_CONSUMER) timestamp=8298 ms, used_size=4255744 bytes (10.4%)
(RDMA_READ_CONSUME_CHECK_CONSUMER) timestamp=8298 ms, used_size=4253696 bytes (10.4%)
(RDMA_READ_CONSUME_CHECK_CONSUMER) timestamp=8298 ms, used_size=4251648 bytes (10.4%)
(RDMA_READ_CONSUME_CHECK_CONSUMER) timestamp=8298 ms, used_size=4249600 bytes (10.4%)
(RDMA_READ_CONSUME_CHECK_CONSUMER) timestamp=8298 ms, used_size=4247552 bytes (10.4%)
(RDMA_READ_CONSUME_CHECK_CONSUMER) timestamp=8298 ms, used_size=4245504 bytes (10.4%)
(RDMA_READ_CONSUME_CHECK_CONSUMER) timestamp=8298 ms, used_size=4243456 bytes (10.4%)
(RDMA_READ_CONSUME_CHECK_CONSUMER) timestamp=8298 ms, used_size=4241408 bytes (10.4%)
(RDMA_READ_CONSUME_CHECK_CONSUMER) timestamp=8298 ms, used_size=4239360 bytes (10.3%)
(RDMA_READ_CONSUME_CHECK_CONSUMER) timestamp=8298 ms, used_size=4237312 bytes (10.3%)
(RDMA_READ_CONSUME_CHECK_CONSUMER) timestamp=8298 ms, used_size=4235264 bytes (10.3%)
(RDMA_READ_CONSUME_CHECK_CONSUMER) timestamp=8298 ms, used_size=4233216 bytes (10.3%)
(RDMA_READ_CONSUME_CHECK_CONSUMER) timestamp=8298 ms, used_size=4231168 bytes (10.3%)
(RDMA_READ_CONSUME_CHECK_CONSUMER) timestamp=8298 ms, used_size=4229120 bytes (10.3%)
(RDMA_READ_CONSUME_CHECK_CONSUMER) timestamp=8298 ms, used_size=4227072 bytes (10.3%)
(RDMA_READ_CONSUME_CHECK_CONSUMER) timestamp=8298 ms, used_size=4225024 bytes (10.3%)
(RDMA_READ_CONSUME_CHECK_CONSUMER) timestamp=8298 ms, used_size=4222976 bytes (10.3%)
(RDMA_READ_CONSUME_CHECK_CONSUMER) timestamp=8298 ms, used_size=4220928 bytes (10.3%)
(RDMA_READ_CONSUME_CHECK_CONSUMER) timestamp=8298 ms, used_size=4218880 bytes (10.3%)
(RDMA_READ_CONSUME_CHECK_CONSUMER) timestamp=8298 ms, used_size=4216832 bytes (10.3%)
(RDMA_READ_CONSUME_CHECK_CONSUMER) timestamp=8298 ms, used_size=4214784 bytes (10.3%)
(RDMA_READ_CONSUME_CHECK_CONSUMER) timestamp=8298 ms, used_size=4212736 bytes (10.3%)
(RDMA_READ_CONSUME_CHECK_CONSUMER) timestamp=8298 ms, used_size=4210688 bytes (10.3%)
(RDMA_READ_CONSUME_CHECK_CONSUMER) timestamp=8298 ms, used_size=4208640 bytes (10.3%)
(RDMA_READ_CONSUME_CHECK_CONSUMER) timestamp=8298 ms, used_size=4206592 bytes (10.3%)
(RDMA_READ_CONSUME_CHECK_CONSUMER) timestamp=8298 ms, used_size=4204544 bytes (10.3%)
(RDMA_READ_CONSUME_CHECK_CONSUMER) timestamp=8298 ms, used_size=4202496 bytes (10.3%)
(RDMA_READ_CONSUME_CHECK_CONSUMER) timestamp=8298 ms, used_size=4200448 bytes (10.3%)
(RDMA_READ_CONSUME_CHECK_CONSUMER) timestamp=8298 ms, used_size=4198400 bytes (10.2%)
(RDMA_READ_CONSUME_CHECK_CONSUMER) timestamp=8298 ms, used_size=4196352 bytes (10.2%)
(RDMA_READ_CONSUME_CHECK_CONSUMER) timestamp=8298 ms, used_size=4194304 bytes (10.2%)
(RDMA_READ_CONSUME_CHECK_CONSUMER) timestamp=8298 ms, used_size=4192256 bytes (10.2%)
(RDMA_READ_CONSUME_CHECK_CONSUMER) timestamp=8298 ms, used_size=4190208 bytes (10.2%)
(RDMA_READ_CONSUME_CHECK_CONSUMER) timestamp=8298 ms, used_size=4188160 bytes (10.2%)
(RDMA_READ_CONSUME_CHECK_CONSUMER) timestamp=8298 ms, used_size=4186112 bytes (10.2%)
(RDMA_READ_CONSUME_CHECK_CONSUMER) timestamp=8298 ms, used_size=4184064 bytes (10.2%)
(RDMA_READ_CONSUME_CHECK_CONSUMER) timestamp=8298 ms, used_size=4182016 bytes (10.2%)
(RDMA_READ_CONSUME_CHECK_CONSUMER) timestamp=8298 ms, used_size=4179968 bytes (10.2%)
(RDMA_READ_CONSUME_CHECK_CONSUMER) timestamp=8298 ms, used_size=4177920 bytes (10.2%)
(RDMA_READ_CONSUME_CHECK_CONSUMER) timestamp=8298 ms, used_size=4175872 bytes (10.2%)
(RDMA_READ_CONSUME_CHECK_CONSUMER) timestamp=8298 ms, used_size=4173824 bytes (10.2%)
(RDMA_READ_CONSUME_CHECK_CONSUMER) timestamp=8298 ms, used_size=4171776 bytes (10.2%)
(RDMA_READ_CONSUME_CHECK_CONSUMER) timestamp=8298 ms, used_size=4169728 bytes (10.2%)
(RDMA_READ_CONSUME_CHECK_CONSUMER) timestamp=8298 ms, used_size=4167680 bytes (10.2%)
(RDMA_READ_CONSUME_CHECK_CONSUMER) timestamp=8298 ms, used_size=4165632 bytes (10.2%)
(RDMA_READ_CONSUME_CHECK_CONSUMER) timestamp=8298 ms, used_size=4163584 bytes (10.2%)
(RDMA_READ_CONSUME_CHECK_CONSUMER) timestamp=8298 ms, used_size=4161536 bytes (10.2%)
(RDMA_READ_CONSUME_CHECK_CONSUMER) timestamp=8298 ms, used_size=4159488 bytes (10.2%)
(RDMA_READ_CONSUME_CHECK_CONSUMER) timestamp=8298 ms, used_size=4157440 bytes (10.2%)
(RDMA_READ_CONSUME_CHECK_CONSUMER) timestamp=8298 ms, used_size=4155392 bytes (10.1%)
(RDMA_READ_CONSUME_CHECK_CONSUMER) timestamp=8298 ms, used_size=4153344 bytes (10.1%)
(RDMA_READ_CONSUME_CHECK_CONSUMER) timestamp=8298 ms, used_size=4151296 bytes (10.1%)
(RDMA_READ_CONSUME_CHECK_CONSUMER) timestamp=8298 ms, used_size=4149248 bytes (10.1%)
(RDMA_READ_CONSUME_CHECK_CONSUMER) timestamp=8298 ms, used_size=4147200 bytes (10.1%)
(RDMA_READ_CONSUME_CHECK_CONSUMER) timestamp=8298 ms, used_size=4145152 bytes (10.1%)
(RDMA_READ_CONSUME_CHECK_CONSUMER) timestamp=8298 ms, used_size=4143104 bytes (10.1%)
(RDMA_READ_CONSUME_CHECK_CONSUMER) timestamp=8298 ms, used_size=4141056 bytes (10.1%)
(RDMA_READ_CONSUME_CHECK_CONSUMER) timestamp=8298 ms, used_size=4139008 bytes (10.1%)
(RDMA_READ_CONSUME_CHECK_CONSUMER) timestamp=8298 ms, used_size=4136960 bytes (10.1%)
(RDMA_READ_CONSUME_CHECK_CONSUMER) timestamp=8298 ms, used_size=4134912 bytes (10.1%)
(RDMA_READ_CONSUME_CHECK_CONSUMER) timestamp=8298 ms, used_size=4132864 bytes (10.1%)
(RDMA_READ_CONSUME_CHECK_CONSUMER) timestamp=8298 ms, used_size=4130816 bytes (10.1%)
(RDMA_READ_CONSUME_CHECK_CONSUMER) timestamp=8298 ms, used_size=4128768 bytes (10.1%)
(RDMA_READ_CONSUME_CHECK_CONSUMER) timestamp=8298 ms, used_size=4126720 bytes (10.1%)
(RDMA_READ_CONSUME_CHECK_CONSUMER) timestamp=8298 ms, used_size=4124672 bytes (10.1%)
(RDMA_READ_CONSUME_CHECK_CONSUMER) timestamp=8298 ms, used_size=4122624 bytes (10.1%)
(RDMA_READ_CONSUME_CHECK_CONSUMER) timestamp=8298 ms, used_size=4120576 bytes (10.1%)
(RDMA_READ_CONSUME_CHECK_CONSUMER) timestamp=8298 ms, used_size=4118528 bytes (10.1%)
(RDMA_READ_CONSUME_CHECK_CONSUMER) timestamp=8298 ms, used_size=4116480 bytes (10.1%)
(RDMA_READ_CONSUME_CHECK_CONSUMER) timestamp=8298 ms, used_size=4114432 bytes (10.0%)
(RDMA_READ_CONSUME_CHECK_CONSUMER) timestamp=8298 ms, used_size=4112384 bytes (10.0%)
(RDMA_READ_CONSUME_CHECK_CONSUMER) timestamp=8298 ms, used_size=4110336 bytes (10.0%)
(RDMA_READ_CONSUME_CHECK_CONSUMER) timestamp=8298 ms, used_size=4108288 bytes (10.0%)
(RDMA_READ_CONSUME_CHECK_CONSUMER) timestamp=8298 ms, used_size=4106240 bytes (10.0%)
(RDMA_READ_CONSUME_CHECK_CONSUMER) timestamp=8298 ms, used_size=4104192 bytes (10.0%)
(RDMA_READ_CONSUME_CHECK_CONSUMER) timestamp=8298 ms, used_size=4102144 bytes (10.0%)
(RDMA_READ_CONSUME_CHECK_CONSUMER) timestamp=8298 ms, used_size=4100096 bytes (10.0%)
(RDMA_READ_CONSUME_CHECK_CONSUMER) timestamp=8298 ms, used_size=4098048 bytes (10.0%)
(RDMA_READ_CONSUME_CHECK_CONSUMER) timestamp=8298 ms, used_size=4096000 bytes (10.0%)
(RDMA_READ_CONSUME_CHECK_CONSUMER) timestamp=8298 ms, used_size=4093952 bytes (10.0%)
(RDMA_READ_CONSUME_CHECK_CONSUMER) timestamp=8298 ms, used_size=4091904 bytes (10.0%)
(RDMA_READ_CONSUME_CHECK_CONSUMER) timestamp=8298 ms, used_size=4089856 bytes (10.0%)
(RDMA_READ_CONSUME_CHECK_CONSUMER) timestamp=8298 ms, used_size=4087808 bytes (10.0%)
(RDMA_READ_CONSUME_CHECK_CONSUMER) timestamp=8298 ms, used_size=4085760 bytes (10.0%)
(RDMA_READ_CONSUME_CHECK_CONSUMER) timestamp=8298 ms, used_size=4083712 bytes (10.0%)
(RDMA_READ_CONSUME_CHECK_CONSUMER) timestamp=8298 ms, used_size=4081664 bytes (10.0%)
(RDMA_READ_CONSUME_CHECK_CONSUMER) timestamp=8298 ms, used_size=4079616 bytes (10.0%)
(RDMA_READ_CONSUME_CHECK_CONSUMER) timestamp=8298 ms, used_size=4077568 bytes (10.0%)
(RDMA_READ_CONSUME_CHECK_CONSUMER) timestamp=8298 ms, used_size=4075520 bytes (9.9%)
(RDMA_READ_CONSUME_CHECK_CONSUMER) timestamp=8298 ms, used_size=4073472 bytes (9.9%)
(RDMA_READ_CONSUME_CHECK_CONSUMER) timestamp=8298 ms, used_size=4071424 bytes (9.9%)
(RDMA_READ_CONSUME_CHECK_CONSUMER) timestamp=8298 ms, used_size=4069376 bytes (9.9%)
(RDMA_READ_CONSUME_CHECK_CONSUMER) timestamp=8298 ms, used_size=4067328 bytes (9.9%)
(RDMA_READ_CONSUME_CHECK_CONSUMER) timestamp=8298 ms, used_size=4065280 bytes (9.9%)
(RDMA_READ_CONSUME_CHECK_CONSUMER) timestamp=8298 ms, used_size=4063232 bytes (9.9%)
(RDMA_READ_CONSUME_CHECK_CONSUMER) timestamp=8298 ms, used_size=4061184 bytes (9.9%)
(RDMA_READ_CONSUME_CHECK_CONSUMER) timestamp=8298 ms, used_size=4059136 bytes (9.9%)
(RDMA_READ_CONSUME_CHECK_CONSUMER) timestamp=8298 ms, used_size=4057088 bytes (9.9%)
(RDMA_READ_CONSUME_CHECK_CONSUMER) timestamp=8298 ms, used_size=4055040 bytes (9.9%)
(RDMA_READ_CONSUME_CHECK_CONSUMER) timestamp=8298 ms, used_size=4052992 bytes (9.9%)
(RDMA_READ_CONSUME_CHECK_CONSUMER) timestamp=8298 ms, used_size=4050944 bytes (9.9%)
(RDMA_READ_CONSUME_CHECK_CONSUMER) timestamp=8298 ms, used_size=4048896 bytes (9.9%)
(RDMA_READ_CONSUME_CHECK_CONSUMER) timestamp=8298 ms, used_size=4046848 bytes (9.9%)
(RDMA_READ_CONSUME_CHECK_CONSUMER) timestamp=8298 ms, used_size=4044800 bytes (9.9%)
(RDMA_READ_CONSUME_CHECK_CONSUMER) timestamp=8298 ms, used_size=4042752 bytes (9.9%)
(RDMA_READ_CONSUME_CHECK_CONSUMER) timestamp=8298 ms, used_size=4040704 bytes (9.9%)
(RDMA_READ_CONSUME_CHECK_CONSUMER) timestamp=8298 ms, used_size=4038656 bytes (9.9%)
(RDMA_READ_CONSUME_CHECK_CONSUMER) timestamp=8298 ms, used_size=4036608 bytes (9.9%)
(RDMA_READ_CONSUME_CHECK_CONSUMER) timestamp=8298 ms, used_size=4034560 bytes (9.8%)
(RDMA_READ_CONSUME_CHECK_CONSUMER) timestamp=8298 ms, used_size=4032512 bytes (9.8%)
(RDMA_READ_CONSUME_CHECK_CONSUMER) timestamp=8298 ms, used_size=4030464 bytes (9.8%)
(RDMA_READ_CONSUME_CHECK_CONSUMER) timestamp=8298 ms, used_size=4028416 bytes (9.8%)
(RDMA_READ_CONSUME_CHECK_CONSUMER) timestamp=8298 ms, used_size=4026368 bytes (9.8%)
(RDMA_READ_CONSUME_CHECK_CONSUMER) timestamp=8298 ms, used_size=4024320 bytes (9.8%)
(RDMA_READ_CONSUME_CHECK_CONSUMER) timestamp=8298 ms, used_size=4022272 bytes (9.8%)
(RDMA_READ_CONSUME_CHECK_CONSUMER) timestamp=8298 ms, used_size=4020224 bytes (9.8%)
(RDMA_READ_CONSUME_CHECK_CONSUMER) timestamp=8298 ms, used_size=4018176 bytes (9.8%)
(RDMA_READ_CONSUME_CHECK_CONSUMER) timestamp=8298 ms, used_size=4016128 bytes (9.8%)
(RDMA_READ_CONSUME_CHECK_CONSUMER) timestamp=8298 ms, used_size=4014080 bytes (9.8%)
(RDMA_READ_CONSUME_CHECK_CONSUMER) timestamp=8298 ms, used_size=4012032 bytes (9.8%)
(RDMA_READ_CONSUME_CHECK_CONSUMER) timestamp=8298 ms, used_size=4009984 bytes (9.8%)
(RDMA_READ_CONSUME_CHECK_CONSUMER) timestamp=8298 ms, used_size=4007936 bytes (9.8%)
(RDMA_READ_CONSUME_CHECK_CONSUMER) timestamp=8298 ms, used_size=4005888 bytes (9.8%)
(RDMA_READ_CONSUME_CHECK_CONSUMER) timestamp=8298 ms, used_size=4003840 bytes (9.8%)
(RDMA_READ_CONSUME_CHECK_CONSUMER) timestamp=8298 ms, used_size=4001792 bytes (9.8%)
(RDMA_READ_CONSUME_CHECK_CONSUMER) timestamp=8298 ms, used_size=3999744 bytes (9.8%)
(RDMA_READ_CONSUME_CHECK_CONSUMER) timestamp=8298 ms, used_size=3997696 bytes (9.8%)
(RDMA_READ_CONSUME_CHECK_CONSUMER) timestamp=8298 ms, used_size=3995648 bytes (9.8%)
(RDMA_READ_CONSUME_CHECK_CONSUMER) timestamp=8298 ms, used_size=3993600 bytes (9.8%)
(RDMA_READ_CONSUME_CHECK_CONSUMER) timestamp=8298 ms, used_size=3991552 bytes (9.7%)
(RDMA_READ_CONSUME_CHECK_CONSUMER) timestamp=8298 ms, used_size=3989504 bytes (9.7%)
(RDMA_READ_CONSUME_CHECK_CONSUMER) timestamp=8298 ms, used_size=3987456 bytes (9.7%)
(RDMA_READ_CONSUME_CHECK_CONSUMER) timestamp=8298 ms, used_size=3985408 bytes (9.7%)
(RDMA_READ_CONSUME_CHECK_CONSUMER) timestamp=8298 ms, used_size=3983360 bytes (9.7%)
(RDMA_READ_CONSUME_CHECK_CONSUMER) timestamp=8298 ms, used_size=3981312 bytes (9.7%)
(RDMA_READ_CONSUME_CHECK_CONSUMER) timestamp=8298 ms, used_size=3979264 bytes (9.7%)
(RDMA_READ_CONSUME_CHECK_CONSUMER) timestamp=8298 ms, used_size=3977216 bytes (9.7%)
(RDMA_READ_CONSUME_CHECK_CONSUMER) timestamp=8298 ms, used_size=3975168 bytes (9.7%)
(RDMA_READ_CONSUME_CHECK_CONSUMER) timestamp=8298 ms, used_size=3973120 bytes (9.7%)
(RDMA_READ_CONSUME_CHECK_CONSUMER) timestamp=8298 ms, used_size=3971072 bytes (9.7%)
(RDMA_READ_CONSUME_CHECK_CONSUMER) timestamp=8298 ms, used_size=3969024 bytes (9.7%)
(RDMA_READ_CONSUME_CHECK_CONSUMER) timestamp=8298 ms, used_size=3966976 bytes (9.7%)
(RDMA_READ_CONSUME_CHECK_CONSUMER) timestamp=8298 ms, used_size=3964928 bytes (9.7%)
(RDMA_READ_CONSUME_CHECK_CONSUMER) timestamp=8298 ms, used_size=3962880 bytes (9.7%)
(RDMA_READ_CONSUME_CHECK_CONSUMER) timestamp=8298 ms, used_size=3960832 bytes (9.7%)
(RDMA_READ_CONSUME_CHECK_CONSUMER) timestamp=8298 ms, used_size=3958784 bytes (9.7%)
(RDMA_READ_CONSUME_CHECK_CONSUMER) timestamp=8298 ms, used_size=3956736 bytes (9.7%)
(RDMA_READ_CONSUME_CHECK_CONSUMER) timestamp=8298 ms, used_size=3954688 bytes (9.7%)
(RDMA_READ_CONSUME_CHECK_CONSUMER) timestamp=8298 ms, used_size=3952640 bytes (9.7%)
(RDMA_READ_CONSUME_CHECK_CONSUMER) timestamp=8298 ms, used_size=3950592 bytes (9.6%)
(RDMA_READ_CONSUME_CHECK_CONSUMER) timestamp=8298 ms, used_size=3948544 bytes (9.6%)
(RDMA_READ_CONSUME_CHECK_CONSUMER) timestamp=8298 ms, used_size=3946496 bytes (9.6%)
(RDMA_READ_CONSUME_CHECK_CONSUMER) timestamp=8298 ms, used_size=3944448 bytes (9.6%)
(RDMA_READ_CONSUME_CHECK_CONSUMER) timestamp=8298 ms, used_size=3942400 bytes (9.6%)
(RDMA_READ_CONSUME_CHECK_CONSUMER) timestamp=8298 ms, used_size=3940352 bytes (9.6%)
(RDMA_READ_CONSUME_CHECK_CONSUMER) timestamp=8298 ms, used_size=3938304 bytes (9.6%)
(RDMA_READ_CONSUME_CHECK_CONSUMER) timestamp=8298 ms, used_size=3936256 bytes (9.6%)
(RDMA_READ_CONSUME_CHECK_CONSUMER) timestamp=8298 ms, used_size=3934208 bytes (9.6%)
(RDMA_READ_CONSUME_CHECK_CONSUMER) timestamp=8298 ms, used_size=3932160 bytes (9.6%)
(RDMA_READ_CONSUME_CHECK_CONSUMER) timestamp=8298 ms, used_size=3930112 bytes (9.6%)
(RDMA_READ_CONSUME_CHECK_CONSUMER) timestamp=8298 ms, used_size=3928064 bytes (9.6%)
(RDMA_READ_CONSUME_CHECK_CONSUMER) timestamp=8298 ms, used_size=3926016 bytes (9.6%)
(RDMA_READ_CONSUME_CHECK_CONSUMER) timestamp=8298 ms, used_size=3923968 bytes (9.6%)
(RDMA_READ_CONSUME_CHECK_CONSUMER) timestamp=8298 ms, used_size=3921920 bytes (9.6%)
(RDMA_READ_CONSUME_CHECK_CONSUMER) timestamp=8298 ms, used_size=3919872 bytes (9.6%)
(RDMA_READ_CONSUME_CHECK_CONSUMER) timestamp=8298 ms, used_size=3917824 bytes (9.6%)
(RDMA_READ_CONSUME_CHECK_CONSUMER) timestamp=8298 ms, used_size=3915776 bytes (9.6%)
(RDMA_READ_CONSUME_CHECK_CONSUMER) timestamp=8298 ms, used_size=3913728 bytes (9.6%)
(RDMA_READ_CONSUME_CHECK_CONSUMER) timestamp=8298 ms, used_size=3911680 bytes (9.6%)
(RDMA_READ_CONSUME_CHECK_CONSUMER) timestamp=8298 ms, used_size=3909632 bytes (9.5%)
(RDMA_READ_CONSUME_CHECK_CONSUMER) timestamp=8298 ms, used_size=3907584 bytes (9.5%)
(RDMA_READ_CONSUME_CHECK_CONSUMER) timestamp=8298 ms, used_size=3905536 bytes (9.5%)
(RDMA_READ_CONSUME_CHECK_CONSUMER) timestamp=8298 ms, used_size=3903488 bytes (9.5%)
(RDMA_READ_CONSUME_CHECK_CONSUMER) timestamp=8298 ms, used_size=3901440 bytes (9.5%)
(RDMA_READ_CONSUME_CHECK_CONSUMER) timestamp=8298 ms, used_size=3899392 bytes (9.5%)
(RDMA_READ_CONSUME_CHECK_CONSUMER) timestamp=8298 ms, used_size=3897344 bytes (9.5%)
(RDMA_READ_CONSUME_CHECK_CONSUMER) timestamp=8298 ms, used_size=3895296 bytes (9.5%)
(RDMA_READ_CONSUME_CHECK_CONSUMER) timestamp=8298 ms, used_size=3893248 bytes (9.5%)
(RDMA_READ_CONSUME_CHECK_CONSUMER) timestamp=8298 ms, used_size=3891200 bytes (9.5%)
(RDMA_READ_CONSUME_CHECK_CONSUMER) timestamp=8298 ms, used_size=3889152 bytes (9.5%)
(RDMA_READ_CONSUME_CHECK_CONSUMER) timestamp=8299 ms, used_size=3887104 bytes (9.5%)
(RDMA_READ_CONSUME_CHECK_CONSUMER) timestamp=8299 ms, used_size=3885056 bytes (9.5%)
(RDMA_READ_CONSUME_CHECK_CONSUMER) timestamp=8299 ms, used_size=3883008 bytes (9.5%)
(RDMA_READ_CONSUME_CHECK_CONSUMER) timestamp=8299 ms, used_size=3880960 bytes (9.5%)
(RDMA_READ_CONSUME_CHECK_CONSUMER) timestamp=8299 ms, used_size=3878912 bytes (9.5%)
(RDMA_READ_CONSUME_CHECK_CONSUMER) timestamp=8299 ms, used_size=3876864 bytes (9.5%)
(RDMA_READ_CONSUME_CHECK_CONSUMER) timestamp=8299 ms, used_size=3874816 bytes (9.5%)
(RDMA_READ_CONSUME_CHECK_CONSUMER) timestamp=8299 ms, used_size=3872768 bytes (9.5%)
(RDMA_READ_CONSUME_CHECK_CONSUMER) timestamp=8299 ms, used_size=3870720 bytes (9.4%)
(RDMA_READ_CONSUME_CHECK_CONSUMER) timestamp=8299 ms, used_size=3868672 bytes (9.4%)
(RDMA_READ_CONSUME_CHECK_CONSUMER) timestamp=8299 ms, used_size=3866624 bytes (9.4%)
(RDMA_READ_CONSUME_CHECK_CONSUMER) timestamp=8299 ms, used_size=3864576 bytes (9.4%)
(RDMA_READ_CONSUME_CHECK_CONSUMER) timestamp=8299 ms, used_size=3862528 bytes (9.4%)
(RDMA_READ_CONSUME_CHECK_CONSUMER) timestamp=8299 ms, used_size=3860480 bytes (9.4%)
(RDMA_READ_CONSUME_CHECK_CONSUMER) timestamp=8299 ms, used_size=3858432 bytes (9.4%)
(RDMA_READ_CONSUME_CHECK_CONSUMER) timestamp=8299 ms, used_size=3856384 bytes (9.4%)
(RDMA_READ_CONSUME_CHECK_CONSUMER) timestamp=8299 ms, used_size=3854336 bytes (9.4%)
(RDMA_READ_CONSUME_CHECK_CONSUMER) timestamp=8299 ms, used_size=3852288 bytes (9.4%)
(RDMA_READ_CONSUME_CHECK_CONSUMER) timestamp=8299 ms, used_size=3850240 bytes (9.4%)
(RDMA_READ_CONSUME_CHECK_CONSUMER) timestamp=8299 ms, used_size=3848192 bytes (9.4%)
(RDMA_READ_CONSUME_CHECK_CONSUMER) timestamp=8299 ms, used_size=3846144 bytes (9.4%)
(RDMA_READ_CONSUME_CHECK_CONSUMER) timestamp=8299 ms, used_size=3844096 bytes (9.4%)
(RDMA_READ_CONSUME_CHECK_CONSUMER) timestamp=8299 ms, used_size=3842048 bytes (9.4%)
(RDMA_READ_CONSUME_CHECK_CONSUMER) timestamp=8299 ms, used_size=3840000 bytes (9.4%)
(RDMA_READ_CONSUME_CHECK_CONSUMER) timestamp=8299 ms, used_size=3837952 bytes (9.4%)
(RDMA_READ_CONSUME_CHECK_CONSUMER) timestamp=8299 ms, used_size=3835904 bytes (9.4%)
(RDMA_READ_CONSUME_CHECK_CONSUMER) timestamp=8299 ms, used_size=3833856 bytes (9.4%)
(RDMA_READ_CONSUME_CHECK_CONSUMER) timestamp=8299 ms, used_size=3831808 bytes (9.4%)
(RDMA_READ_CONSUME_CHECK_CONSUMER) timestamp=8299 ms, used_size=3829760 bytes (9.3%)
(RDMA_READ_CONSUME_CHECK_CONSUMER) timestamp=8299 ms, used_size=3827712 bytes (9.3%)
(RDMA_READ_CONSUME_CHECK_CONSUMER) timestamp=8299 ms, used_size=3825664 bytes (9.3%)
(RDMA_READ_CONSUME_CHECK_CONSUMER) timestamp=8299 ms, used_size=3823616 bytes (9.3%)
(RDMA_READ_CONSUME_CHECK_CONSUMER) timestamp=8299 ms, used_size=3821568 bytes (9.3%)
(RDMA_READ_CONSUME_CHECK_CONSUMER) timestamp=8299 ms, used_size=3819520 bytes (9.3%)
(RDMA_READ_CONSUME_CHECK_CONSUMER) timestamp=8299 ms, used_size=3817472 bytes (9.3%)
(RDMA_READ_CONSUME_CHECK_CONSUMER) timestamp=8299 ms, used_size=3815424 bytes (9.3%)
(RDMA_READ_CONSUME_CHECK_CONSUMER) timestamp=8299 ms, used_size=3813376 bytes (9.3%)
(RDMA_READ_CONSUME_CHECK_CONSUMER) timestamp=8299 ms, used_size=3811328 bytes (9.3%)
(RDMA_READ_CONSUME_CHECK_CONSUMER) timestamp=8299 ms, used_size=3809280 bytes (9.3%)
(RDMA_READ_CONSUME_CHECK_CONSUMER) timestamp=8299 ms, used_size=3807232 bytes (9.3%)
(RDMA_READ_CONSUME_CHECK_CONSUMER) timestamp=8299 ms, used_size=3805184 bytes (9.3%)
(RDMA_READ_CONSUME_CHECK_CONSUMER) timestamp=8299 ms, used_size=3803136 bytes (9.3%)
(RDMA_READ_CONSUME_CHECK_CONSUMER) timestamp=8299 ms, used_size=3801088 bytes (9.3%)
(RDMA_READ_CONSUME_CHECK_CONSUMER) timestamp=8299 ms, used_size=3799040 bytes (9.3%)
(RDMA_READ_CONSUME_CHECK_CONSUMER) timestamp=8299 ms, used_size=3796992 bytes (9.3%)
(RDMA_READ_CONSUME_CHECK_CONSUMER) timestamp=8299 ms, used_size=3794944 bytes (9.3%)
(RDMA_READ_CONSUME_CHECK_CONSUMER) timestamp=8299 ms, used_size=3792896 bytes (9.3%)
(RDMA_READ_CONSUME_CHECK_CONSUMER) timestamp=8299 ms, used_size=3790848 bytes (9.3%)
(RDMA_READ_CONSUME_CHECK_CONSUMER) timestamp=8299 ms, used_size=3788800 bytes (9.2%)
(RDMA_READ_CONSUME_CHECK_CONSUMER) timestamp=8299 ms, used_size=3786752 bytes (9.2%)
(RDMA_READ_CONSUME_CHECK_CONSUMER) timestamp=8299 ms, used_size=3784704 bytes (9.2%)
(RDMA_READ_CONSUME_CHECK_CONSUMER) timestamp=8299 ms, used_size=3782656 bytes (9.2%)
(RDMA_READ_CONSUME_CHECK_CONSUMER) timestamp=8299 ms, used_size=3780608 bytes (9.2%)
(RDMA_READ_CONSUME_CHECK_CONSUMER) timestamp=8299 ms, used_size=3778560 bytes (9.2%)
(RDMA_READ_CONSUME_CHECK_CONSUMER) timestamp=8299 ms, used_size=3776512 bytes (9.2%)
(RDMA_READ_CONSUME_CHECK_CONSUMER) timestamp=8299 ms, used_size=3774464 bytes (9.2%)
(RDMA_READ_CONSUME_CHECK_CONSUMER) timestamp=8299 ms, used_size=3772416 bytes (9.2%)
(RDMA_READ_CONSUME_CHECK_CONSUMER) timestamp=8299 ms, used_size=3770368 bytes (9.2%)
(RDMA_READ_CONSUME_CHECK_CONSUMER) timestamp=8299 ms, used_size=3768320 bytes (9.2%)
(RDMA_READ_CONSUME_CHECK_CONSUMER) timestamp=8299 ms, used_size=3766272 bytes (9.2%)
(RDMA_READ_CONSUME_CHECK_CONSUMER) timestamp=8299 ms, used_size=3764224 bytes (9.2%)
(RDMA_READ_CONSUME_CHECK_CONSUMER) timestamp=8299 ms, used_size=3762176 bytes (9.2%)
(RDMA_READ_CONSUME_CHECK_CONSUMER) timestamp=8299 ms, used_size=3760128 bytes (9.2%)
(RDMA_READ_CONSUME_CHECK_CONSUMER) timestamp=8299 ms, used_size=3758080 bytes (9.2%)
(RDMA_READ_CONSUME_CHECK_CONSUMER) timestamp=8299 ms, used_size=3756032 bytes (9.2%)
(RDMA_READ_CONSUME_CHECK_CONSUMER) timestamp=8299 ms, used_size=3753984 bytes (9.2%)
(RDMA_READ_CONSUME_CHECK_CONSUMER) timestamp=8299 ms, used_size=3751936 bytes (9.2%)
(RDMA_READ_CONSUME_CHECK_CONSUMER) timestamp=8299 ms, used_size=3749888 bytes (9.2%)
(RDMA_READ_CONSUME_CHECK_CONSUMER) timestamp=8299 ms, used_size=3747840 bytes (9.2%)
(RDMA_READ_CONSUME_CHECK_CONSUMER) timestamp=8299 ms, used_size=3745792 bytes (9.1%)
(RDMA_READ_CONSUME_CHECK_CONSUMER) timestamp=8299 ms, used_size=3743744 bytes (9.1%)
(RDMA_READ_CONSUME_CHECK_CONSUMER) timestamp=8299 ms, used_size=3741696 bytes (9.1%)
(RDMA_READ_CONSUME_CHECK_CONSUMER) timestamp=8299 ms, used_size=3739648 bytes (9.1%)
(RDMA_READ_CONSUME_CHECK_CONSUMER) timestamp=8299 ms, used_size=3737600 bytes (9.1%)
(RDMA_READ_CONSUME_CHECK_CONSUMER) timestamp=8299 ms, used_size=3735552 bytes (9.1%)
(RDMA_READ_CONSUME_CHECK_CONSUMER) timestamp=8299 ms, used_size=3733504 bytes (9.1%)
(RDMA_READ_CONSUME_CHECK_CONSUMER) timestamp=8299 ms, used_size=3731456 bytes (9.1%)
(RDMA_READ_CONSUME_CHECK_CONSUMER) timestamp=8299 ms, used_size=3729408 bytes (9.1%)
(RDMA_READ_CONSUME_CHECK_CONSUMER) timestamp=8299 ms, used_size=3727360 bytes (9.1%)
(RDMA_READ_CONSUME_CHECK_CONSUMER) timestamp=8299 ms, used_size=3725312 bytes (9.1%)
(RDMA_READ_CONSUME_CHECK_CONSUMER) timestamp=8299 ms, used_size=3723264 bytes (9.1%)
(RDMA_READ_CONSUME_CHECK_CONSUMER) timestamp=8299 ms, used_size=3721216 bytes (9.1%)
(RDMA_READ_CONSUME_CHECK_CONSUMER) timestamp=8299 ms, used_size=3719168 bytes (9.1%)
(RDMA_READ_CONSUME_CHECK_CONSUMER) timestamp=8299 ms, used_size=3717120 bytes (9.1%)
(RDMA_READ_CONSUME_CHECK_CONSUMER) timestamp=8299 ms, used_size=3715072 bytes (9.1%)
(RDMA_READ_CONSUME_CHECK_CONSUMER) timestamp=8299 ms, used_size=3713024 bytes (9.1%)
(RDMA_READ_CONSUME_CHECK_CONSUMER) timestamp=8299 ms, used_size=3710976 bytes (9.1%)
(RDMA_READ_CONSUME_CHECK_CONSUMER) timestamp=8299 ms, used_size=3708928 bytes (9.1%)
(RDMA_READ_CONSUME_CHECK_CONSUMER) timestamp=8299 ms, used_size=3706880 bytes (9.1%)
(RDMA_READ_CONSUME_CHECK_CONSUMER) timestamp=8299 ms, used_size=3704832 bytes (9.0%)
(RDMA_READ_CONSUME_CHECK_CONSUMER) timestamp=8299 ms, used_size=3702784 bytes (9.0%)
(RDMA_READ_CONSUME_CHECK_CONSUMER) timestamp=8299 ms, used_size=3700736 bytes (9.0%)
(RDMA_READ_CONSUME_CHECK_CONSUMER) timestamp=8299 ms, used_size=3698688 bytes (9.0%)
(RDMA_READ_CONSUME_CHECK_CONSUMER) timestamp=8299 ms, used_size=3696640 bytes (9.0%)
(RDMA_READ_CONSUME_CHECK_CONSUMER) timestamp=8299 ms, used_size=3694592 bytes (9.0%)
(RDMA_READ_CONSUME_CHECK_CONSUMER) timestamp=8299 ms, used_size=3692544 bytes (9.0%)
(RDMA_READ_CONSUME_CHECK_CONSUMER) timestamp=8299 ms, used_size=3690496 bytes (9.0%)
(RDMA_READ_CONSUME_CHECK_CONSUMER) timestamp=8299 ms, used_size=3688448 bytes (9.0%)
(RDMA_READ_CONSUME_CHECK_CONSUMER) timestamp=8299 ms, used_size=3686400 bytes (9.0%)
(RDMA_READ_CONSUME_CHECK_CONSUMER) timestamp=8299 ms, used_size=3684352 bytes (9.0%)
(RDMA_READ_CONSUME_CHECK_CONSUMER) timestamp=8299 ms, used_size=3682304 bytes (9.0%)
(RDMA_READ_CONSUME_CHECK_CONSUMER) timestamp=8299 ms, used_size=3680256 bytes (9.0%)
(RDMA_READ_CONSUME_CHECK_CONSUMER) timestamp=8299 ms, used_size=3678208 bytes (9.0%)
(RDMA_READ_CONSUME_CHECK_CONSUMER) timestamp=8299 ms, used_size=3676160 bytes (9.0%)
(RDMA_READ_CONSUME_CHECK_CONSUMER) timestamp=8299 ms, used_size=3674112 bytes (9.0%)
(RDMA_READ_CONSUME_CHECK_CONSUMER) timestamp=8299 ms, used_size=3672064 bytes (9.0%)
(RDMA_READ_CONSUME_CHECK_CONSUMER) timestamp=8299 ms, used_size=3670016 bytes (9.0%)
(RDMA_READ_CONSUME_CHECK_CONSUMER) timestamp=8299 ms, used_size=3667968 bytes (9.0%)
(RDMA_READ_CONSUME_CHECK_CONSUMER) timestamp=8299 ms, used_size=3665920 bytes (8.9%)
(RDMA_READ_CONSUME_CHECK_CONSUMER) timestamp=8299 ms, used_size=3663872 bytes (8.9%)
(RDMA_READ_CONSUME_CHECK_CONSUMER) timestamp=8299 ms, used_size=3661824 bytes (8.9%)
(RDMA_READ_CONSUME_CHECK_CONSUMER) timestamp=8299 ms, used_size=3659776 bytes (8.9%)
(RDMA_READ_CONSUME_CHECK_CONSUMER) timestamp=8299 ms, used_size=3657728 bytes (8.9%)
(RDMA_READ_CONSUME_CHECK_CONSUMER) timestamp=8299 ms, used_size=3655680 bytes (8.9%)
(RDMA_READ_CONSUME_CHECK_CONSUMER) timestamp=8299 ms, used_size=3653632 bytes (8.9%)
(RDMA_READ_CONSUME_CHECK_CONSUMER) timestamp=8299 ms, used_size=3651584 bytes (8.9%)
(RDMA_READ_CONSUME_CHECK_CONSUMER) timestamp=8299 ms, used_size=3649536 bytes (8.9%)
(RDMA_READ_CONSUME_CHECK_CONSUMER) timestamp=8299 ms, used_size=3647488 bytes (8.9%)
(RDMA_READ_CONSUME_CHECK_CONSUMER) timestamp=8299 ms, used_size=3645440 bytes (8.9%)
(RDMA_READ_CONSUME_CHECK_CONSUMER) timestamp=8299 ms, used_size=3643392 bytes (8.9%)
(RDMA_READ_CONSUME_CHECK_CONSUMER) timestamp=8299 ms, used_size=3641344 bytes (8.9%)
(RDMA_READ_CONSUME_CHECK_CONSUMER) timestamp=8299 ms, used_size=3639296 bytes (8.9%)
(RDMA_READ_CONSUME_CHECK_CONSUMER) timestamp=8299 ms, used_size=3637248 bytes (8.9%)
(RDMA_READ_CONSUME_CHECK_CONSUMER) timestamp=8299 ms, used_size=3635200 bytes (8.9%)
(RDMA_READ_CONSUME_CHECK_CONSUMER) timestamp=8299 ms, used_size=3633152 bytes (8.9%)
(RDMA_READ_CONSUME_CHECK_CONSUMER) timestamp=8299 ms, used_size=3631104 bytes (8.9%)
(RDMA_READ_CONSUME_CHECK_CONSUMER) timestamp=8299 ms, used_size=3629056 bytes (8.9%)
(RDMA_READ_CONSUME_CHECK_CONSUMER) timestamp=8299 ms, used_size=3627008 bytes (8.9%)
(RDMA_READ_CONSUME_CHECK_CONSUMER) timestamp=8299 ms, used_size=3624960 bytes (8.8%)
(RDMA_READ_CONSUME_CHECK_CONSUMER) timestamp=8299 ms, used_size=3622912 bytes (8.8%)
(RDMA_READ_CONSUME_CHECK_CONSUMER) timestamp=8299 ms, used_size=3620864 bytes (8.8%)
(RDMA_READ_CONSUME_CHECK_CONSUMER) timestamp=8299 ms, used_size=3618816 bytes (8.8%)
(RDMA_READ_CONSUME_CHECK_CONSUMER) timestamp=8299 ms, used_size=3616768 bytes (8.8%)
(RDMA_READ_CONSUME_CHECK_CONSUMER) timestamp=8299 ms, used_size=3614720 bytes (8.8%)
(RDMA_READ_CONSUME_CHECK_CONSUMER) timestamp=8299 ms, used_size=3612672 bytes (8.8%)
(RDMA_READ_CONSUME_CHECK_CONSUMER) timestamp=8299 ms, used_size=3610624 bytes (8.8%)
(RDMA_READ_CONSUME_CHECK_CONSUMER) timestamp=8299 ms, used_size=3608576 bytes (8.8%)
(RDMA_READ_CONSUME_CHECK_CONSUMER) timestamp=8299 ms, used_size=3606528 bytes (8.8%)
(RDMA_READ_CONSUME_CHECK_CONSUMER) timestamp=8299 ms, used_size=3604480 bytes (8.8%)
(RDMA_READ_CONSUME_CHECK_CONSUMER) timestamp=8299 ms, used_size=3602432 bytes (8.8%)
(RDMA_READ_CONSUME_CHECK_CONSUMER) timestamp=8299 ms, used_size=3600384 bytes (8.8%)
(RDMA_READ_CONSUME_CHECK_CONSUMER) timestamp=8299 ms, used_size=3598336 bytes (8.8%)
(RDMA_READ_CONSUME_CHECK_CONSUMER) timestamp=8299 ms, used_size=3596288 bytes (8.8%)
(RDMA_READ_CONSUME_CHECK_CONSUMER) timestamp=8299 ms, used_size=3594240 bytes (8.8%)
(RDMA_READ_CONSUME_CHECK_CONSUMER) timestamp=8299 ms, used_size=3592192 bytes (8.8%)
(RDMA_READ_CONSUME_CHECK_CONSUMER) timestamp=8299 ms, used_size=3590144 bytes (8.8%)
(RDMA_READ_CONSUME_CHECK_CONSUMER) timestamp=8299 ms, used_size=3588096 bytes (8.8%)
(RDMA_READ_CONSUME_CHECK_CONSUMER) timestamp=8299 ms, used_size=3586048 bytes (8.8%)
(RDMA_READ_CONSUME_CHECK_CONSUMER) timestamp=8299 ms, used_size=3584000 bytes (8.8%)
(RDMA_READ_CONSUME_CHECK_CONSUMER) timestamp=8299 ms, used_size=3581952 bytes (8.7%)
(RDMA_READ_CONSUME_CHECK_CONSUMER) timestamp=8299 ms, used_size=3579904 bytes (8.7%)
(RDMA_READ_CONSUME_CHECK_CONSUMER) timestamp=8299 ms, used_size=3577856 bytes (8.7%)
(RDMA_READ_CONSUME_CHECK_CONSUMER) timestamp=8299 ms, used_size=3575808 bytes (8.7%)
(RDMA_READ_CONSUME_CHECK_CONSUMER) timestamp=8299 ms, used_size=3573760 bytes (8.7%)
(RDMA_READ_CONSUME_CHECK_CONSUMER) timestamp=8299 ms, used_size=3571712 bytes (8.7%)
(RDMA_READ_CONSUME_CHECK_CONSUMER) timestamp=8299 ms, used_size=3569664 bytes (8.7%)
(RDMA_READ_CONSUME_CHECK_CONSUMER) timestamp=8299 ms, used_size=3567616 bytes (8.7%)
(RDMA_READ_CONSUME_CHECK_CONSUMER) timestamp=8299 ms, used_size=3565568 bytes (8.7%)
(RDMA_READ_CONSUME_CHECK_CONSUMER) timestamp=8299 ms, used_size=3563520 bytes (8.7%)
(RDMA_READ_CONSUME_CHECK_CONSUMER) timestamp=8299 ms, used_size=3561472 bytes (8.7%)
(RDMA_READ_CONSUME_CHECK_CONSUMER) timestamp=8299 ms, used_size=3559424 bytes (8.7%)
(RDMA_READ_CONSUME_CHECK_CONSUMER) timestamp=8299 ms, used_size=3557376 bytes (8.7%)
(RDMA_READ_CONSUME_CHECK_CONSUMER) timestamp=8299 ms, used_size=3555328 bytes (8.7%)
(RDMA_READ_CONSUME_CHECK_CONSUMER) timestamp=8299 ms, used_size=3553280 bytes (8.7%)
(RDMA_READ_CONSUME_CHECK_CONSUMER) timestamp=8299 ms, used_size=3551232 bytes (8.7%)
(RDMA_READ_CONSUME_CHECK_CONSUMER) timestamp=8299 ms, used_size=3549184 bytes (8.7%)
(RDMA_READ_CONSUME_CHECK_CONSUMER) timestamp=8299 ms, used_size=3547136 bytes (8.7%)
(RDMA_READ_CONSUME_CHECK_CONSUMER) timestamp=8299 ms, used_size=3545088 bytes (8.7%)
(RDMA_READ_CONSUME_CHECK_CONSUMER) timestamp=8299 ms, used_size=3543040 bytes (8.7%)
(RDMA_READ_CONSUME_CHECK_CONSUMER) timestamp=8299 ms, used_size=3540992 bytes (8.6%)
(RDMA_READ_CONSUME_CHECK_CONSUMER) timestamp=8299 ms, used_size=3538944 bytes (8.6%)
(RDMA_READ_CONSUME_CHECK_CONSUMER) timestamp=8299 ms, used_size=3536896 bytes (8.6%)
(RDMA_READ_CONSUME_CHECK_CONSUMER) timestamp=8299 ms, used_size=3534848 bytes (8.6%)
(RDMA_READ_CONSUME_CHECK_CONSUMER) timestamp=8299 ms, used_size=3532800 bytes (8.6%)
(RDMA_READ_CONSUME_CHECK_CONSUMER) timestamp=8299 ms, used_size=3530752 bytes (8.6%)
(RDMA_READ_CONSUME_CHECK_CONSUMER) timestamp=8299 ms, used_size=3528704 bytes (8.6%)
(RDMA_READ_CONSUME_CHECK_CONSUMER) timestamp=8299 ms, used_size=3526656 bytes (8.6%)
(RDMA_READ_CONSUME_CHECK_CONSUMER) timestamp=8299 ms, used_size=3524608 bytes (8.6%)
(RDMA_READ_CONSUME_CHECK_CONSUMER) timestamp=8299 ms, used_size=3522560 bytes (8.6%)
(RDMA_READ_CONSUME_CHECK_CONSUMER) timestamp=8299 ms, used_size=3520512 bytes (8.6%)
(RDMA_READ_CONSUME_CHECK_CONSUMER) timestamp=8299 ms, used_size=3518464 bytes (8.6%)
(RDMA_READ_CONSUME_CHECK_CONSUMER) timestamp=8299 ms, used_size=3516416 bytes (8.6%)
(RDMA_READ_CONSUME_CHECK_CONSUMER) timestamp=8300 ms, used_size=3514368 bytes (8.6%)
(RDMA_READ_CONSUME_CHECK_CONSUMER) timestamp=8300 ms, used_size=3512320 bytes (8.6%)
(RDMA_READ_CONSUME_CHECK_CONSUMER) timestamp=8300 ms, used_size=3510272 bytes (8.6%)
(RDMA_READ_CONSUME_CHECK_CONSUMER) timestamp=8300 ms, used_size=3508224 bytes (8.6%)
(RDMA_READ_CONSUME_CHECK_CONSUMER) timestamp=8300 ms, used_size=3506176 bytes (8.6%)
(RDMA_READ_CONSUME_CHECK_CONSUMER) timestamp=8300 ms, used_size=3504128 bytes (8.6%)
(RDMA_READ_CONSUME_CHECK_CONSUMER) timestamp=8300 ms, used_size=3502080 bytes (8.6%)
(RDMA_READ_CONSUME_CHECK_CONSUMER) timestamp=8300 ms, used_size=3500032 bytes (8.5%)
(RDMA_READ_CONSUME_CHECK_CONSUMER) timestamp=8300 ms, used_size=3497984 bytes (8.5%)
(RDMA_READ_CONSUME_CHECK_CONSUMER) timestamp=8300 ms, used_size=3495936 bytes (8.5%)
(RDMA_READ_CONSUME_CHECK_CONSUMER) timestamp=8300 ms, used_size=3493888 bytes (8.5%)
(RDMA_READ_CONSUME_CHECK_CONSUMER) timestamp=8300 ms, used_size=3491840 bytes (8.5%)
(RDMA_READ_CONSUME_CHECK_CONSUMER) timestamp=8300 ms, used_size=3489792 bytes (8.5%)
(RDMA_READ_CONSUME_CHECK_CONSUMER) timestamp=8300 ms, used_size=3487744 bytes (8.5%)
(RDMA_READ_CONSUME_CHECK_CONSUMER) timestamp=8300 ms, used_size=3485696 bytes (8.5%)
(RDMA_READ_CONSUME_CHECK_CONSUMER) timestamp=8300 ms, used_size=3483648 bytes (8.5%)
(RDMA_READ_CONSUME_CHECK_CONSUMER) timestamp=8300 ms, used_size=3481600 bytes (8.5%)
(RDMA_READ_CONSUME_CHECK_CONSUMER) timestamp=8300 ms, used_size=3479552 bytes (8.5%)
(RDMA_READ_CONSUME_CHECK_CONSUMER) timestamp=8300 ms, used_size=3477504 bytes (8.5%)
(RDMA_READ_CONSUME_CHECK_CONSUMER) timestamp=8300 ms, used_size=3475456 bytes (8.5%)
(RDMA_READ_CONSUME_CHECK_CONSUMER) timestamp=8300 ms, used_size=3473408 bytes (8.5%)
(RDMA_READ_CONSUME_CHECK_CONSUMER) timestamp=8300 ms, used_size=3471360 bytes (8.5%)
(RDMA_READ_CONSUME_CHECK_CONSUMER) timestamp=8300 ms, used_size=3469312 bytes (8.5%)
(RDMA_READ_CONSUME_CHECK_CONSUMER) timestamp=8300 ms, used_size=3467264 bytes (8.5%)
(RDMA_READ_CONSUME_CHECK_CONSUMER) timestamp=8300 ms, used_size=3465216 bytes (8.5%)
(RDMA_READ_CONSUME_CHECK_CONSUMER) timestamp=8300 ms, used_size=3463168 bytes (8.5%)
(RDMA_READ_CONSUME_CHECK_CONSUMER) timestamp=8300 ms, used_size=3461120 bytes (8.4%)
(RDMA_READ_CONSUME_CHECK_CONSUMER) timestamp=8300 ms, used_size=3459072 bytes (8.4%)
(RDMA_READ_CONSUME_CHECK_CONSUMER) timestamp=8300 ms, used_size=3457024 bytes (8.4%)
(RDMA_READ_CONSUME_CHECK_CONSUMER) timestamp=8300 ms, used_size=3454976 bytes (8.4%)
(RDMA_READ_CONSUME_CHECK_CONSUMER) timestamp=8300 ms, used_size=3452928 bytes (8.4%)
(RDMA_READ_CONSUME_CHECK_CONSUMER) timestamp=8300 ms, used_size=3450880 bytes (8.4%)
(RDMA_READ_CONSUME_CHECK_CONSUMER) timestamp=8300 ms, used_size=3448832 bytes (8.4%)
(RDMA_READ_CONSUME_CHECK_CONSUMER) timestamp=8300 ms, used_size=3446784 bytes (8.4%)
(RDMA_READ_CONSUME_CHECK_CONSUMER) timestamp=8300 ms, used_size=3444736 bytes (8.4%)
(RDMA_READ_CONSUME_CHECK_CONSUMER) timestamp=8300 ms, used_size=3442688 bytes (8.4%)
(RDMA_READ_CONSUME_CHECK_CONSUMER) timestamp=8300 ms, used_size=3440640 bytes (8.4%)
(RDMA_READ_CONSUME_CHECK_CONSUMER) timestamp=8300 ms, used_size=3438592 bytes (8.4%)
(RDMA_READ_CONSUME_CHECK_CONSUMER) timestamp=8300 ms, used_size=3436544 bytes (8.4%)
(RDMA_READ_CONSUME_CHECK_CONSUMER) timestamp=8300 ms, used_size=3434496 bytes (8.4%)
(RDMA_READ_CONSUME_CHECK_CONSUMER) timestamp=8300 ms, used_size=3432448 bytes (8.4%)
(RDMA_READ_CONSUME_CHECK_CONSUMER) timestamp=8300 ms, used_size=3430400 bytes (8.4%)
(RDMA_READ_CONSUME_CHECK_CONSUMER) timestamp=8300 ms, used_size=3428352 bytes (8.4%)
(RDMA_READ_CONSUME_CHECK_CONSUMER) timestamp=8300 ms, used_size=3426304 bytes (8.4%)
(RDMA_READ_CONSUME_CHECK_CONSUMER) timestamp=8300 ms, used_size=3424256 bytes (8.4%)
(RDMA_READ_CONSUME_CHECK_CONSUMER) timestamp=8300 ms, used_size=3422208 bytes (8.4%)
(RDMA_READ_CONSUME_CHECK_CONSUMER) timestamp=8300 ms, used_size=3420160 bytes (8.3%)
(RDMA_READ_CONSUME_CHECK_CONSUMER) timestamp=8300 ms, used_size=3418112 bytes (8.3%)
(RDMA_READ_CONSUME_CHECK_CONSUMER) timestamp=8300 ms, used_size=3416064 bytes (8.3%)
(RDMA_READ_CONSUME_CHECK_CONSUMER) timestamp=8300 ms, used_size=3414016 bytes (8.3%)
(RDMA_READ_CONSUME_CHECK_CONSUMER) timestamp=8300 ms, used_size=3411968 bytes (8.3%)
(RDMA_READ_CONSUME_CHECK_CONSUMER) timestamp=8300 ms, used_size=3409920 bytes (8.3%)
(RDMA_READ_CONSUME_CHECK_CONSUMER) timestamp=8300 ms, used_size=3407872 bytes (8.3%)
(RDMA_READ_CONSUME_CHECK_CONSUMER) timestamp=8300 ms, used_size=3405824 bytes (8.3%)
(RDMA_READ_CONSUME_CHECK_CONSUMER) timestamp=8300 ms, used_size=3403776 bytes (8.3%)
(RDMA_READ_CONSUME_CHECK_CONSUMER) timestamp=8300 ms, used_size=3401728 bytes (8.3%)
(RDMA_READ_CONSUME_CHECK_CONSUMER) timestamp=8300 ms, used_size=3399680 bytes (8.3%)
(RDMA_READ_CONSUME_CHECK_CONSUMER) timestamp=8300 ms, used_size=3397632 bytes (8.3%)
(RDMA_READ_CONSUME_CHECK_CONSUMER) timestamp=8300 ms, used_size=3395584 bytes (8.3%)
(RDMA_READ_CONSUME_CHECK_CONSUMER) timestamp=8300 ms, used_size=3393536 bytes (8.3%)
(RDMA_READ_CONSUME_CHECK_CONSUMER) timestamp=8300 ms, used_size=3391488 bytes (8.3%)
(RDMA_READ_CONSUME_CHECK_CONSUMER) timestamp=8300 ms, used_size=3389440 bytes (8.3%)
(RDMA_READ_CONSUME_CHECK_CONSUMER) timestamp=8300 ms, used_size=3387392 bytes (8.3%)
(RDMA_READ_CONSUME_CHECK_CONSUMER) timestamp=8300 ms, used_size=3385344 bytes (8.3%)
(RDMA_READ_CONSUME_CHECK_CONSUMER) timestamp=8300 ms, used_size=3383296 bytes (8.3%)
(RDMA_READ_CONSUME_CHECK_CONSUMER) timestamp=8300 ms, used_size=3381248 bytes (8.3%)
(RDMA_READ_CONSUME_CHECK_CONSUMER) timestamp=8300 ms, used_size=3379200 bytes (8.2%)
(RDMA_READ_CONSUME_CHECK_CONSUMER) timestamp=8300 ms, used_size=3377152 bytes (8.2%)
(RDMA_READ_CONSUME_CHECK_CONSUMER) timestamp=8300 ms, used_size=3375104 bytes (8.2%)
(RDMA_READ_CONSUME_CHECK_CONSUMER) timestamp=8300 ms, used_size=3373056 bytes (8.2%)
(RDMA_READ_CONSUME_CHECK_CONSUMER) timestamp=8300 ms, used_size=3371008 bytes (8.2%)
(RDMA_READ_CONSUME_CHECK_CONSUMER) timestamp=8300 ms, used_size=3368960 bytes (8.2%)
(RDMA_READ_CONSUME_CHECK_CONSUMER) timestamp=8300 ms, used_size=3366912 bytes (8.2%)
(RDMA_READ_CONSUME_CHECK_CONSUMER) timestamp=8300 ms, used_size=3364864 bytes (8.2%)
(RDMA_READ_CONSUME_CHECK_CONSUMER) timestamp=8300 ms, used_size=3362816 bytes (8.2%)
(RDMA_READ_CONSUME_CHECK_CONSUMER) timestamp=8300 ms, used_size=3360768 bytes (8.2%)
(RDMA_READ_CONSUME_CHECK_CONSUMER) timestamp=8300 ms, used_size=3358720 bytes (8.2%)
(RDMA_READ_CONSUME_CHECK_CONSUMER) timestamp=8300 ms, used_size=3356672 bytes (8.2%)
(RDMA_READ_CONSUME_CHECK_CONSUMER) timestamp=8300 ms, used_size=3354624 bytes (8.2%)
(RDMA_READ_CONSUME_CHECK_CONSUMER) timestamp=8300 ms, used_size=3352576 bytes (8.2%)
(RDMA_READ_CONSUME_CHECK_CONSUMER) timestamp=8300 ms, used_size=3350528 bytes (8.2%)
(RDMA_READ_CONSUME_CHECK_CONSUMER) timestamp=8300 ms, used_size=3348480 bytes (8.2%)
(RDMA_READ_CONSUME_CHECK_CONSUMER) timestamp=8300 ms, used_size=3346432 bytes (8.2%)
(RDMA_READ_CONSUME_CHECK_CONSUMER) timestamp=8300 ms, used_size=3344384 bytes (8.2%)
(RDMA_READ_CONSUME_CHECK_CONSUMER) timestamp=8300 ms, used_size=3342336 bytes (8.2%)
(RDMA_READ_CONSUME_CHECK_CONSUMER) timestamp=8300 ms, used_size=3340288 bytes (8.2%)
(RDMA_READ_CONSUME_CHECK_CONSUMER) timestamp=8300 ms, used_size=3338240 bytes (8.2%)
(RDMA_READ_CONSUME_CHECK_CONSUMER) timestamp=8300 ms, used_size=3336192 bytes (8.1%)
(RDMA_READ_CONSUME_CHECK_CONSUMER) timestamp=8300 ms, used_size=3334144 bytes (8.1%)
(RDMA_READ_CONSUME_CHECK_CONSUMER) timestamp=8300 ms, used_size=3332096 bytes (8.1%)
(RDMA_READ_CONSUME_CHECK_CONSUMER) timestamp=8300 ms, used_size=3330048 bytes (8.1%)
(RDMA_READ_CONSUME_CHECK_CONSUMER) timestamp=8300 ms, used_size=3328000 bytes (8.1%)
(RDMA_READ_CONSUME_CHECK_CONSUMER) timestamp=8300 ms, used_size=3325952 bytes (8.1%)
(RDMA_READ_CONSUME_CHECK_CONSUMER) timestamp=8300 ms, used_size=3323904 bytes (8.1%)
(RDMA_READ_CONSUME_CHECK_CONSUMER) timestamp=8300 ms, used_size=3321856 bytes (8.1%)
(RDMA_READ_CONSUME_CHECK_CONSUMER) timestamp=8300 ms, used_size=3319808 bytes (8.1%)
(RDMA_READ_CONSUME_CHECK_CONSUMER) timestamp=8300 ms, used_size=3317760 bytes (8.1%)
(RDMA_READ_CONSUME_CHECK_CONSUMER) timestamp=8300 ms, used_size=3315712 bytes (8.1%)
(RDMA_READ_CONSUME_CHECK_CONSUMER) timestamp=8300 ms, used_size=3313664 bytes (8.1%)
(RDMA_READ_CONSUME_CHECK_CONSUMER) timestamp=8300 ms, used_size=3311616 bytes (8.1%)
(RDMA_READ_CONSUME_CHECK_CONSUMER) timestamp=8300 ms, used_size=3309568 bytes (8.1%)
(RDMA_READ_CONSUME_CHECK_CONSUMER) timestamp=8300 ms, used_size=3307520 bytes (8.1%)
(RDMA_READ_CONSUME_CHECK_CONSUMER) timestamp=8300 ms, used_size=3305472 bytes (8.1%)
(RDMA_READ_CONSUME_CHECK_CONSUMER) timestamp=8300 ms, used_size=3303424 bytes (8.1%)
(RDMA_READ_CONSUME_CHECK_CONSUMER) timestamp=8300 ms, used_size=3301376 bytes (8.1%)
(RDMA_READ_CONSUME_CHECK_CONSUMER) timestamp=8300 ms, used_size=3299328 bytes (8.1%)
(RDMA_READ_CONSUME_CHECK_CONSUMER) timestamp=8300 ms, used_size=3297280 bytes (8.1%)
(RDMA_READ_CONSUME_CHECK_CONSUMER) timestamp=8300 ms, used_size=3295232 bytes (8.0%)
(RDMA_READ_CONSUME_CHECK_CONSUMER) timestamp=8300 ms, used_size=3293184 bytes (8.0%)
(RDMA_READ_CONSUME_CHECK_CONSUMER) timestamp=8300 ms, used_size=3291136 bytes (8.0%)
(RDMA_READ_CONSUME_CHECK_CONSUMER) timestamp=8300 ms, used_size=3289088 bytes (8.0%)
(RDMA_READ_CONSUME_CHECK_CONSUMER) timestamp=8300 ms, used_size=3287040 bytes (8.0%)
(RDMA_READ_CONSUME_CHECK_CONSUMER) timestamp=8300 ms, used_size=3284992 bytes (8.0%)
(RDMA_READ_CONSUME_CHECK_CONSUMER) timestamp=8300 ms, used_size=3282944 bytes (8.0%)
(RDMA_READ_CONSUME_CHECK_CONSUMER) timestamp=8300 ms, used_size=3280896 bytes (8.0%)
(RDMA_READ_CONSUME_CHECK_CONSUMER) timestamp=8300 ms, used_size=3278848 bytes (8.0%)
(RDMA_READ_CONSUME_CHECK_CONSUMER) timestamp=8300 ms, used_size=3276800 bytes (8.0%)
(RDMA_READ_CONSUME_CHECK_CONSUMER) timestamp=8300 ms, used_size=3274752 bytes (8.0%)
(RDMA_READ_CONSUME_CHECK_CONSUMER) timestamp=8300 ms, used_size=3272704 bytes (8.0%)
(RDMA_READ_CONSUME_CHECK_CONSUMER) timestamp=8300 ms, used_size=3270656 bytes (8.0%)
(RDMA_READ_CONSUME_CHECK_CONSUMER) timestamp=8300 ms, used_size=3268608 bytes (8.0%)
(RDMA_READ_CONSUME_CHECK_CONSUMER) timestamp=8300 ms, used_size=3266560 bytes (8.0%)
(RDMA_READ_CONSUME_CHECK_CONSUMER) timestamp=8300 ms, used_size=3264512 bytes (8.0%)
(RDMA_READ_CONSUME_CHECK_CONSUMER) timestamp=8300 ms, used_size=3262464 bytes (8.0%)
(RDMA_READ_CONSUME_CHECK_CONSUMER) timestamp=8300 ms, used_size=3260416 bytes (8.0%)
(RDMA_READ_CONSUME_CHECK_CONSUMER) timestamp=8300 ms, used_size=3258368 bytes (8.0%)
(RDMA_READ_CONSUME_CHECK_CONSUMER) timestamp=8300 ms, used_size=3256320 bytes (8.0%)
(RDMA_READ_CONSUME_CHECK_CONSUMER) timestamp=8300 ms, used_size=3254272 bytes (7.9%)
(RDMA_READ_CONSUME_CHECK_CONSUMER) timestamp=8300 ms, used_size=3252224 bytes (7.9%)
(RDMA_READ_CONSUME_CHECK_CONSUMER) timestamp=8300 ms, used_size=3250176 bytes (7.9%)
(RDMA_READ_CONSUME_CHECK_CONSUMER) timestamp=8300 ms, used_size=3248128 bytes (7.9%)
(RDMA_READ_CONSUME_CHECK_CONSUMER) timestamp=8300 ms, used_size=3246080 bytes (7.9%)
(RDMA_READ_CONSUME_CHECK_CONSUMER) timestamp=8300 ms, used_size=3244032 bytes (7.9%)
(RDMA_READ_CONSUME_CHECK_CONSUMER) timestamp=8300 ms, used_size=3241984 bytes (7.9%)
(RDMA_READ_CONSUME_CHECK_CONSUMER) timestamp=8300 ms, used_size=3239936 bytes (7.9%)
(RDMA_READ_CONSUME_CHECK_CONSUMER) timestamp=8300 ms, used_size=3237888 bytes (7.9%)
(RDMA_READ_CONSUME_CHECK_CONSUMER) timestamp=8300 ms, used_size=3235840 bytes (7.9%)
(RDMA_READ_CONSUME_CHECK_CONSUMER) timestamp=8300 ms, used_size=3233792 bytes (7.9%)
(RDMA_READ_CONSUME_CHECK_CONSUMER) timestamp=8300 ms, used_size=3231744 bytes (7.9%)
(RDMA_READ_CONSUME_CHECK_CONSUMER) timestamp=8300 ms, used_size=3229696 bytes (7.9%)
(RDMA_READ_CONSUME_CHECK_CONSUMER) timestamp=8300 ms, used_size=3227648 bytes (7.9%)
(RDMA_READ_CONSUME_CHECK_CONSUMER) timestamp=8300 ms, used_size=3225600 bytes (7.9%)
(RDMA_READ_CONSUME_CHECK_CONSUMER) timestamp=8300 ms, used_size=3223552 bytes (7.9%)
(RDMA_READ_CONSUME_CHECK_CONSUMER) timestamp=8300 ms, used_size=3221504 bytes (7.9%)
(RDMA_READ_CONSUME_CHECK_CONSUMER) timestamp=8300 ms, used_size=3219456 bytes (7.9%)
(RDMA_READ_CONSUME_CHECK_CONSUMER) timestamp=8300 ms, used_size=3217408 bytes (7.9%)
(RDMA_READ_CONSUME_CHECK_CONSUMER) timestamp=8300 ms, used_size=3215360 bytes (7.8%)
(RDMA_READ_CONSUME_CHECK_CONSUMER) timestamp=8300 ms, used_size=3213312 bytes (7.8%)
(RDMA_READ_CONSUME_CHECK_CONSUMER) timestamp=8300 ms, used_size=3211264 bytes (7.8%)
(RDMA_READ_CONSUME_CHECK_CONSUMER) timestamp=8300 ms, used_size=3209216 bytes (7.8%)
(RDMA_READ_CONSUME_CHECK_CONSUMER) timestamp=8300 ms, used_size=3207168 bytes (7.8%)
(RDMA_READ_CONSUME_CHECK_CONSUMER) timestamp=8300 ms, used_size=3205120 bytes (7.8%)
(RDMA_READ_CONSUME_CHECK_CONSUMER) timestamp=8300 ms, used_size=3203072 bytes (7.8%)
(RDMA_READ_CONSUME_CHECK_CONSUMER) timestamp=8300 ms, used_size=3201024 bytes (7.8%)
(RDMA_READ_CONSUME_CHECK_CONSUMER) timestamp=8300 ms, used_size=3198976 bytes (7.8%)
(RDMA_READ_CONSUME_CHECK_CONSUMER) timestamp=8300 ms, used_size=3196928 bytes (7.8%)
(RDMA_READ_CONSUME_CHECK_CONSUMER) timestamp=8300 ms, used_size=3194880 bytes (7.8%)
(RDMA_READ_CONSUME_CHECK_CONSUMER) timestamp=8300 ms, used_size=3192832 bytes (7.8%)
(RDMA_READ_CONSUME_CHECK_CONSUMER) timestamp=8300 ms, used_size=3190784 bytes (7.8%)
(RDMA_READ_CONSUME_CHECK_CONSUMER) timestamp=8300 ms, used_size=3188736 bytes (7.8%)
(RDMA_READ_CONSUME_CHECK_CONSUMER) timestamp=8300 ms, used_size=3186688 bytes (7.8%)
(RDMA_READ_CONSUME_CHECK_CONSUMER) timestamp=8300 ms, used_size=3184640 bytes (7.8%)
(RDMA_READ_CONSUME_CHECK_CONSUMER) timestamp=8300 ms, used_size=3182592 bytes (7.8%)
(RDMA_READ_CONSUME_CHECK_CONSUMER) timestamp=8300 ms, used_size=3180544 bytes (7.8%)
(RDMA_READ_CONSUME_CHECK_CONSUMER) timestamp=8300 ms, used_size=3178496 bytes (7.8%)
(RDMA_READ_CONSUME_CHECK_CONSUMER) timestamp=8300 ms, used_size=3176448 bytes (7.8%)
(RDMA_READ_CONSUME_CHECK_CONSUMER) timestamp=8300 ms, used_size=3174400 bytes (7.8%)
(RDMA_READ_CONSUME_CHECK_CONSUMER) timestamp=8300 ms, used_size=3172352 bytes (7.7%)
(RDMA_READ_CONSUME_CHECK_CONSUMER) timestamp=8300 ms, used_size=3170304 bytes (7.7%)
(RDMA_READ_CONSUME_CHECK_CONSUMER) timestamp=8300 ms, used_size=3168256 bytes (7.7%)
(RDMA_READ_CONSUME_CHECK_CONSUMER) timestamp=8300 ms, used_size=3166208 bytes (7.7%)
(RDMA_READ_CONSUME_CHECK_CONSUMER) timestamp=8300 ms, used_size=3164160 bytes (7.7%)
(RDMA_READ_CONSUME_CHECK_CONSUMER) timestamp=8300 ms, used_size=3162112 bytes (7.7%)
(RDMA_READ_CONSUME_CHECK_CONSUMER) timestamp=8300 ms, used_size=3160064 bytes (7.7%)
(RDMA_READ_CONSUME_CHECK_CONSUMER) timestamp=8300 ms, used_size=3158016 bytes (7.7%)
(RDMA_READ_CONSUME_CHECK_CONSUMER) timestamp=8300 ms, used_size=3155968 bytes (7.7%)
(RDMA_READ_CONSUME_CHECK_CONSUMER) timestamp=8300 ms, used_size=3153920 bytes (7.7%)
(RDMA_READ_CONSUME_CHECK_CONSUMER) timestamp=8300 ms, used_size=3151872 bytes (7.7%)
(RDMA_READ_CONSUME_CHECK_CONSUMER) timestamp=8301 ms, used_size=3149824 bytes (7.7%)
(RDMA_READ_CONSUME_CHECK_CONSUMER) timestamp=8301 ms, used_size=3147776 bytes (7.7%)
(RDMA_READ_CONSUME_CHECK_CONSUMER) timestamp=8301 ms, used_size=3145728 bytes (7.7%)
(RDMA_READ_CONSUME_CHECK_CONSUMER) timestamp=8301 ms, used_size=3143680 bytes (7.7%)
(RDMA_READ_CONSUME_CHECK_CONSUMER) timestamp=8301 ms, used_size=3141632 bytes (7.7%)
(RDMA_READ_CONSUME_CHECK_CONSUMER) timestamp=8301 ms, used_size=3139584 bytes (7.7%)
(RDMA_READ_CONSUME_CHECK_CONSUMER) timestamp=8301 ms, used_size=3137536 bytes (7.7%)
(RDMA_READ_CONSUME_CHECK_CONSUMER) timestamp=8301 ms, used_size=3135488 bytes (7.7%)
(RDMA_READ_CONSUME_CHECK_CONSUMER) timestamp=8301 ms, used_size=3133440 bytes (7.7%)
(RDMA_READ_CONSUME_CHECK_CONSUMER) timestamp=8301 ms, used_size=3131392 bytes (7.6%)
(RDMA_READ_CONSUME_CHECK_CONSUMER) timestamp=8301 ms, used_size=3129344 bytes (7.6%)
(RDMA_READ_CONSUME_CHECK_CONSUMER) timestamp=8301 ms, used_size=3127296 bytes (7.6%)
(RDMA_READ_CONSUME_CHECK_CONSUMER) timestamp=8301 ms, used_size=3125248 bytes (7.6%)
(RDMA_READ_CONSUME_CHECK_CONSUMER) timestamp=8301 ms, used_size=3123200 bytes (7.6%)
(RDMA_READ_CONSUME_CHECK_CONSUMER) timestamp=8301 ms, used_size=3121152 bytes (7.6%)
(RDMA_READ_CONSUME_CHECK_CONSUMER) timestamp=8301 ms, used_size=3119104 bytes (7.6%)
(RDMA_READ_CONSUME_CHECK_CONSUMER) timestamp=8301 ms, used_size=3117056 bytes (7.6%)
(RDMA_READ_CONSUME_CHECK_CONSUMER) timestamp=8301 ms, used_size=3115008 bytes (7.6%)
(RDMA_READ_CONSUME_CHECK_CONSUMER) timestamp=8301 ms, used_size=3112960 bytes (7.6%)
(RDMA_READ_CONSUME_CHECK_CONSUMER) timestamp=8301 ms, used_size=3110912 bytes (7.6%)
(RDMA_READ_CONSUME_CHECK_CONSUMER) timestamp=8301 ms, used_size=3108864 bytes (7.6%)
(RDMA_READ_CONSUME_CHECK_CONSUMER) timestamp=8301 ms, used_size=3106816 bytes (7.6%)
(RDMA_READ_CONSUME_CHECK_CONSUMER) timestamp=8301 ms, used_size=3104768 bytes (7.6%)
(RDMA_READ_CONSUME_CHECK_CONSUMER) timestamp=8301 ms, used_size=3102720 bytes (7.6%)
(RDMA_READ_CONSUME_CHECK_CONSUMER) timestamp=8301 ms, used_size=3100672 bytes (7.6%)
(RDMA_READ_CONSUME_CHECK_CONSUMER) timestamp=8301 ms, used_size=3098624 bytes (7.6%)
(RDMA_READ_CONSUME_CHECK_CONSUMER) timestamp=8301 ms, used_size=3096576 bytes (7.6%)
(RDMA_READ_CONSUME_CHECK_CONSUMER) timestamp=8301 ms, used_size=3094528 bytes (7.6%)
(RDMA_READ_CONSUME_CHECK_CONSUMER) timestamp=8301 ms, used_size=3092480 bytes (7.5%)
(RDMA_READ_CONSUME_CHECK_CONSUMER) timestamp=8301 ms, used_size=3090432 bytes (7.5%)
(RDMA_READ_CONSUME_CHECK_CONSUMER) timestamp=8301 ms, used_size=3088384 bytes (7.5%)
(RDMA_READ_CONSUME_CHECK_CONSUMER) timestamp=8301 ms, used_size=3086336 bytes (7.5%)
(RDMA_READ_CONSUME_CHECK_CONSUMER) timestamp=8301 ms, used_size=3084288 bytes (7.5%)
(RDMA_READ_CONSUME_CHECK_CONSUMER) timestamp=8301 ms, used_size=3082240 bytes (7.5%)
(RDMA_READ_CONSUME_CHECK_CONSUMER) timestamp=8301 ms, used_size=3080192 bytes (7.5%)
(RDMA_READ_CONSUME_CHECK_CONSUMER) timestamp=8301 ms, used_size=3078144 bytes (7.5%)
(RDMA_READ_CONSUME_CHECK_CONSUMER) timestamp=8301 ms, used_size=3076096 bytes (7.5%)
(RDMA_READ_CONSUME_CHECK_CONSUMER) timestamp=8301 ms, used_size=3074048 bytes (7.5%)
(RDMA_READ_CONSUME_CHECK_CONSUMER) timestamp=8301 ms, used_size=3072000 bytes (7.5%)
(RDMA_READ_CONSUME_CHECK_CONSUMER) timestamp=8301 ms, used_size=3069952 bytes (7.5%)
(RDMA_READ_CONSUME_CHECK_CONSUMER) timestamp=8301 ms, used_size=3067904 bytes (7.5%)
(RDMA_READ_CONSUME_CHECK_CONSUMER) timestamp=8301 ms, used_size=3065856 bytes (7.5%)
(RDMA_READ_CONSUME_CHECK_CONSUMER) timestamp=8301 ms, used_size=3063808 bytes (7.5%)
(RDMA_READ_CONSUME_CHECK_CONSUMER) timestamp=8301 ms, used_size=3061760 bytes (7.5%)
(RDMA_READ_CONSUME_CHECK_CONSUMER) timestamp=8301 ms, used_size=3059712 bytes (7.5%)
(RDMA_READ_CONSUME_CHECK_CONSUMER) timestamp=8301 ms, used_size=3057664 bytes (7.5%)
(RDMA_READ_CONSUME_CHECK_CONSUMER) timestamp=8301 ms, used_size=3055616 bytes (7.5%)
(RDMA_READ_CONSUME_CHECK_CONSUMER) timestamp=8301 ms, used_size=3053568 bytes (7.5%)
(RDMA_READ_CONSUME_CHECK_CONSUMER) timestamp=8301 ms, used_size=3051520 bytes (7.5%)
(RDMA_READ_CONSUME_CHECK_CONSUMER) timestamp=8301 ms, used_size=3049472 bytes (7.4%)
(RDMA_READ_CONSUME_CHECK_CONSUMER) timestamp=8301 ms, used_size=3047424 bytes (7.4%)
(RDMA_READ_CONSUME_CHECK_CONSUMER) timestamp=8301 ms, used_size=3045376 bytes (7.4%)
(RDMA_READ_CONSUME_CHECK_CONSUMER) timestamp=8301 ms, used_size=3043328 bytes (7.4%)
(RDMA_READ_CONSUME_CHECK_CONSUMER) timestamp=8301 ms, used_size=3041280 bytes (7.4%)
(RDMA_READ_CONSUME_CHECK_CONSUMER) timestamp=8301 ms, used_size=3039232 bytes (7.4%)
(RDMA_READ_CONSUME_CHECK_CONSUMER) timestamp=8301 ms, used_size=3037184 bytes (7.4%)
(RDMA_READ_CONSUME_CHECK_CONSUMER) timestamp=8301 ms, used_size=3035136 bytes (7.4%)
(RDMA_READ_CONSUME_CHECK_CONSUMER) timestamp=8301 ms, used_size=3033088 bytes (7.4%)
(RDMA_READ_CONSUME_CHECK_CONSUMER) timestamp=8301 ms, used_size=3031040 bytes (7.4%)
(RDMA_READ_CONSUME_CHECK_CONSUMER) timestamp=8301 ms, used_size=3028992 bytes (7.4%)
(RDMA_READ_CONSUME_CHECK_CONSUMER) timestamp=8301 ms, used_size=3026944 bytes (7.4%)
(RDMA_READ_CONSUME_CHECK_CONSUMER) timestamp=8301 ms, used_size=3024896 bytes (7.4%)
(RDMA_READ_CONSUME_CHECK_CONSUMER) timestamp=8301 ms, used_size=3022848 bytes (7.4%)
(RDMA_READ_CONSUME_CHECK_CONSUMER) timestamp=8301 ms, used_size=3020800 bytes (7.4%)
(RDMA_READ_CONSUME_CHECK_CONSUMER) timestamp=8301 ms, used_size=3018752 bytes (7.4%)
(RDMA_READ_CONSUME_CHECK_CONSUMER) timestamp=8301 ms, used_size=3016704 bytes (7.4%)
(RDMA_READ_CONSUME_CHECK_CONSUMER) timestamp=8301 ms, used_size=3014656 bytes (7.4%)
(RDMA_READ_CONSUME_CHECK_CONSUMER) timestamp=8301 ms, used_size=3012608 bytes (7.4%)
(RDMA_READ_CONSUME_CHECK_CONSUMER) timestamp=8301 ms, used_size=3010560 bytes (7.3%)
(RDMA_READ_CONSUME_CHECK_CONSUMER) timestamp=8301 ms, used_size=3008512 bytes (7.3%)
(RDMA_READ_CONSUME_CHECK_CONSUMER) timestamp=8301 ms, used_size=3006464 bytes (7.3%)
(RDMA_READ_CONSUME_CHECK_CONSUMER) timestamp=8301 ms, used_size=3004416 bytes (7.3%)
(RDMA_READ_CONSUME_CHECK_CONSUMER) timestamp=8301 ms, used_size=3002368 bytes (7.3%)
(RDMA_READ_CONSUME_CHECK_CONSUMER) timestamp=8301 ms, used_size=3000320 bytes (7.3%)
(RDMA_READ_CONSUME_CHECK_CONSUMER) timestamp=8301 ms, used_size=2998272 bytes (7.3%)
(RDMA_READ_CONSUME_CHECK_CONSUMER) timestamp=8301 ms, used_size=2996224 bytes (7.3%)
(RDMA_READ_CONSUME_CHECK_CONSUMER) timestamp=8301 ms, used_size=2994176 bytes (7.3%)
(RDMA_READ_CONSUME_CHECK_CONSUMER) timestamp=8301 ms, used_size=2992128 bytes (7.3%)
(RDMA_READ_CONSUME_CHECK_CONSUMER) timestamp=8301 ms, used_size=2990080 bytes (7.3%)
(RDMA_READ_CONSUME_CHECK_CONSUMER) timestamp=8301 ms, used_size=2988032 bytes (7.3%)
(RDMA_READ_CONSUME_CHECK_CONSUMER) timestamp=8301 ms, used_size=2985984 bytes (7.3%)
(RDMA_READ_CONSUME_CHECK_CONSUMER) timestamp=8301 ms, used_size=2983936 bytes (7.3%)
(RDMA_READ_CONSUME_CHECK_CONSUMER) timestamp=8301 ms, used_size=2981888 bytes (7.3%)
(RDMA_READ_CONSUME_CHECK_CONSUMER) timestamp=8301 ms, used_size=2979840 bytes (7.3%)
(RDMA_READ_CONSUME_CHECK_CONSUMER) timestamp=8301 ms, used_size=2977792 bytes (7.3%)
(RDMA_READ_CONSUME_CHECK_CONSUMER) timestamp=8301 ms, used_size=2975744 bytes (7.3%)
(RDMA_READ_CONSUME_CHECK_CONSUMER) timestamp=8301 ms, used_size=2973696 bytes (7.3%)
(RDMA_READ_CONSUME_CHECK_CONSUMER) timestamp=8301 ms, used_size=2971648 bytes (7.3%)
(RDMA_READ_CONSUME_CHECK_CONSUMER) timestamp=8301 ms, used_size=2969600 bytes (7.2%)
(RDMA_READ_CONSUME_CHECK_CONSUMER) timestamp=8301 ms, used_size=2967552 bytes (7.2%)
(RDMA_READ_CONSUME_CHECK_CONSUMER) timestamp=8301 ms, used_size=2965504 bytes (7.2%)
(RDMA_READ_CONSUME_CHECK_CONSUMER) timestamp=8301 ms, used_size=2963456 bytes (7.2%)
(RDMA_READ_CONSUME_CHECK_CONSUMER) timestamp=8301 ms, used_size=2961408 bytes (7.2%)
(RDMA_READ_CONSUME_CHECK_CONSUMER) timestamp=8301 ms, used_size=2959360 bytes (7.2%)
(RDMA_READ_CONSUME_CHECK_CONSUMER) timestamp=8301 ms, used_size=2957312 bytes (7.2%)
(RDMA_READ_CONSUME_CHECK_CONSUMER) timestamp=8301 ms, used_size=2955264 bytes (7.2%)
(RDMA_READ_CONSUME_CHECK_CONSUMER) timestamp=8301 ms, used_size=2953216 bytes (7.2%)
(RDMA_READ_CONSUME_CHECK_CONSUMER) timestamp=8301 ms, used_size=2951168 bytes (7.2%)
(RDMA_READ_CONSUME_CHECK_CONSUMER) timestamp=8301 ms, used_size=2949120 bytes (7.2%)
(RDMA_READ_CONSUME_CHECK_CONSUMER) timestamp=8301 ms, used_size=2947072 bytes (7.2%)
(RDMA_READ_CONSUME_CHECK_CONSUMER) timestamp=8301 ms, used_size=2945024 bytes (7.2%)
(RDMA_READ_CONSUME_CHECK_CONSUMER) timestamp=8301 ms, used_size=2942976 bytes (7.2%)
(RDMA_READ_CONSUME_CHECK_CONSUMER) timestamp=8301 ms, used_size=2940928 bytes (7.2%)
(RDMA_READ_CONSUME_CHECK_CONSUMER) timestamp=8301 ms, used_size=2938880 bytes (7.2%)
(RDMA_READ_CONSUME_CHECK_CONSUMER) timestamp=8301 ms, used_size=2936832 bytes (7.2%)
(RDMA_READ_CONSUME_CHECK_CONSUMER) timestamp=8301 ms, used_size=2934784 bytes (7.2%)
(RDMA_READ_CONSUME_CHECK_CONSUMER) timestamp=8301 ms, used_size=2932736 bytes (7.2%)
(RDMA_READ_CONSUME_CHECK_CONSUMER) timestamp=8301 ms, used_size=2930688 bytes (7.2%)
(RDMA_READ_CONSUME_CHECK_CONSUMER) timestamp=8301 ms, used_size=2928640 bytes (7.2%)
(RDMA_READ_CONSUME_CHECK_CONSUMER) timestamp=8301 ms, used_size=2926592 bytes (7.1%)
(RDMA_READ_CONSUME_CHECK_CONSUMER) timestamp=8301 ms, used_size=2924544 bytes (7.1%)
(RDMA_READ_CONSUME_CHECK_CONSUMER) timestamp=8301 ms, used_size=2922496 bytes (7.1%)
(RDMA_READ_CONSUME_CHECK_CONSUMER) timestamp=8301 ms, used_size=2920448 bytes (7.1%)
(RDMA_READ_CONSUME_CHECK_CONSUMER) timestamp=8301 ms, used_size=2918400 bytes (7.1%)
(RDMA_READ_CONSUME_CHECK_CONSUMER) timestamp=8301 ms, used_size=2916352 bytes (7.1%)
(RDMA_READ_CONSUME_CHECK_CONSUMER) timestamp=8301 ms, used_size=2914304 bytes (7.1%)
(RDMA_READ_CONSUME_CHECK_CONSUMER) timestamp=8301 ms, used_size=2912256 bytes (7.1%)
(RDMA_READ_CONSUME_CHECK_CONSUMER) timestamp=8301 ms, used_size=2910208 bytes (7.1%)
(RDMA_READ_CONSUME_CHECK_CONSUMER) timestamp=8301 ms, used_size=2908160 bytes (7.1%)
(RDMA_READ_CONSUME_CHECK_CONSUMER) timestamp=8301 ms, used_size=2906112 bytes (7.1%)
(RDMA_READ_CONSUME_CHECK_CONSUMER) timestamp=8301 ms, used_size=2904064 bytes (7.1%)
(RDMA_READ_CONSUME_CHECK_CONSUMER) timestamp=8301 ms, used_size=2902016 bytes (7.1%)
(RDMA_READ_CONSUME_CHECK_CONSUMER) timestamp=8301 ms, used_size=2899968 bytes (7.1%)
(RDMA_READ_CONSUME_CHECK_CONSUMER) timestamp=8301 ms, used_size=2897920 bytes (7.1%)
(RDMA_READ_CONSUME_CHECK_CONSUMER) timestamp=8301 ms, used_size=2895872 bytes (7.1%)
(RDMA_READ_CONSUME_CHECK_CONSUMER) timestamp=8301 ms, used_size=2893824 bytes (7.1%)
(RDMA_READ_CONSUME_CHECK_CONSUMER) timestamp=8301 ms, used_size=2891776 bytes (7.1%)
(RDMA_READ_CONSUME_CHECK_CONSUMER) timestamp=8301 ms, used_size=2889728 bytes (7.1%)
(RDMA_READ_CONSUME_CHECK_CONSUMER) timestamp=8301 ms, used_size=2887680 bytes (7.0%)
(RDMA_READ_CONSUME_CHECK_CONSUMER) timestamp=8301 ms, used_size=2885632 bytes (7.0%)
(RDMA_READ_CONSUME_CHECK_CONSUMER) timestamp=8301 ms, used_size=2883584 bytes (7.0%)
(RDMA_READ_CONSUME_CHECK_CONSUMER) timestamp=8301 ms, used_size=2881536 bytes (7.0%)
(RDMA_READ_CONSUME_CHECK_CONSUMER) timestamp=8301 ms, used_size=2879488 bytes (7.0%)
(RDMA_READ_CONSUME_CHECK_CONSUMER) timestamp=8301 ms, used_size=2877440 bytes (7.0%)
(RDMA_READ_CONSUME_CHECK_CONSUMER) timestamp=8301 ms, used_size=2875392 bytes (7.0%)
(RDMA_READ_CONSUME_CHECK_CONSUMER) timestamp=8301 ms, used_size=2873344 bytes (7.0%)
(RDMA_READ_CONSUME_CHECK_CONSUMER) timestamp=8301 ms, used_size=2871296 bytes (7.0%)
(RDMA_READ_CONSUME_CHECK_CONSUMER) timestamp=8301 ms, used_size=2869248 bytes (7.0%)
(RDMA_READ_CONSUME_CHECK_CONSUMER) timestamp=8301 ms, used_size=2867200 bytes (7.0%)
(RDMA_READ_CONSUME_CHECK_CONSUMER) timestamp=8301 ms, used_size=2865152 bytes (7.0%)
(RDMA_READ_CONSUME_CHECK_CONSUMER) timestamp=8301 ms, used_size=2863104 bytes (7.0%)
(RDMA_READ_CONSUME_CHECK_CONSUMER) timestamp=8301 ms, used_size=2861056 bytes (7.0%)
(RDMA_READ_CONSUME_CHECK_CONSUMER) timestamp=8301 ms, used_size=2859008 bytes (7.0%)
(RDMA_READ_CONSUME_CHECK_CONSUMER) timestamp=8301 ms, used_size=2856960 bytes (7.0%)
(RDMA_READ_CONSUME_CHECK_CONSUMER) timestamp=8301 ms, used_size=2854912 bytes (7.0%)
(RDMA_READ_CONSUME_CHECK_CONSUMER) timestamp=8301 ms, used_size=2852864 bytes (7.0%)
(RDMA_READ_CONSUME_CHECK_CONSUMER) timestamp=8301 ms, used_size=2850816 bytes (7.0%)
(RDMA_READ_CONSUME_CHECK_CONSUMER) timestamp=8301 ms, used_size=2848768 bytes (7.0%)
(RDMA_READ_CONSUME_CHECK_CONSUMER) timestamp=8301 ms, used_size=2846720 bytes (7.0%)
(RDMA_READ_CONSUME_CHECK_CONSUMER) timestamp=8301 ms, used_size=2844672 bytes (6.9%)
(RDMA_READ_CONSUME_CHECK_CONSUMER) timestamp=8301 ms, used_size=2842624 bytes (6.9%)
(RDMA_READ_CONSUME_CHECK_CONSUMER) timestamp=8301 ms, used_size=2840576 bytes (6.9%)
(RDMA_READ_CONSUME_CHECK_CONSUMER) timestamp=8301 ms, used_size=2838528 bytes (6.9%)
(RDMA_READ_CONSUME_CHECK_CONSUMER) timestamp=8301 ms, used_size=2836480 bytes (6.9%)
(RDMA_READ_CONSUME_CHECK_CONSUMER) timestamp=8301 ms, used_size=2834432 bytes (6.9%)
(RDMA_READ_CONSUME_CHECK_CONSUMER) timestamp=8301 ms, used_size=2832384 bytes (6.9%)
(RDMA_READ_CONSUME_CHECK_CONSUMER) timestamp=8301 ms, used_size=2830336 bytes (6.9%)
(RDMA_READ_CONSUME_CHECK_CONSUMER) timestamp=8301 ms, used_size=2828288 bytes (6.9%)
(RDMA_READ_CONSUME_CHECK_CONSUMER) timestamp=8301 ms, used_size=2826240 bytes (6.9%)
(RDMA_READ_CONSUME_CHECK_CONSUMER) timestamp=8301 ms, used_size=2824192 bytes (6.9%)
(RDMA_READ_CONSUME_CHECK_CONSUMER) timestamp=8301 ms, used_size=2822144 bytes (6.9%)
(RDMA_READ_CONSUME_CHECK_CONSUMER) timestamp=8301 ms, used_size=2820096 bytes (6.9%)
(RDMA_READ_CONSUME_CHECK_CONSUMER) timestamp=8301 ms, used_size=2818048 bytes (6.9%)
(RDMA_READ_CONSUME_CHECK_CONSUMER) timestamp=8301 ms, used_size=2816000 bytes (6.9%)
(RDMA_READ_CONSUME_CHECK_CONSUMER) timestamp=8301 ms, used_size=2813952 bytes (6.9%)
(RDMA_READ_CONSUME_CHECK_CONSUMER) timestamp=8301 ms, used_size=2811904 bytes (6.9%)
(RDMA_READ_CONSUME_CHECK_CONSUMER) timestamp=8301 ms, used_size=2809856 bytes (6.9%)
(RDMA_READ_CONSUME_CHECK_CONSUMER) timestamp=8301 ms, used_size=2807808 bytes (6.9%)
(RDMA_READ_CONSUME_CHECK_CONSUMER) timestamp=8301 ms, used_size=2805760 bytes (6.8%)
(RDMA_READ_CONSUME_CHECK_CONSUMER) timestamp=8301 ms, used_size=2803712 bytes (6.8%)
(RDMA_READ_CONSUME_CHECK_CONSUMER) timestamp=8301 ms, used_size=2801664 bytes (6.8%)
(RDMA_READ_CONSUME_CHECK_CONSUMER) timestamp=8301 ms, used_size=2799616 bytes (6.8%)
(RDMA_READ_CONSUME_CHECK_CONSUMER) timestamp=8301 ms, used_size=2797568 bytes (6.8%)
(RDMA_READ_CONSUME_CHECK_CONSUMER) timestamp=8301 ms, used_size=2795520 bytes (6.8%)
(RDMA_READ_CONSUME_CHECK_CONSUMER) timestamp=8301 ms, used_size=2793472 bytes (6.8%)
(RDMA_READ_CONSUME_CHECK_CONSUMER) timestamp=8301 ms, used_size=2791424 bytes (6.8%)
(RDMA_READ_CONSUME_CHECK_CONSUMER) timestamp=8301 ms, used_size=2789376 bytes (6.8%)
(RDMA_READ_CONSUME_CHECK_CONSUMER) timestamp=8302 ms, used_size=2787328 bytes (6.8%)
(RDMA_READ_CONSUME_CHECK_CONSUMER) timestamp=8302 ms, used_size=2785280 bytes (6.8%)
(RDMA_READ_CONSUME_CHECK_CONSUMER) timestamp=8302 ms, used_size=2783232 bytes (6.8%)
(RDMA_READ_CONSUME_CHECK_CONSUMER) timestamp=8302 ms, used_size=2781184 bytes (6.8%)
(RDMA_READ_CONSUME_CHECK_CONSUMER) timestamp=8302 ms, used_size=2779136 bytes (6.8%)
(RDMA_READ_CONSUME_CHECK_CONSUMER) timestamp=8302 ms, used_size=2777088 bytes (6.8%)
(RDMA_READ_CONSUME_CHECK_CONSUMER) timestamp=8302 ms, used_size=2775040 bytes (6.8%)
(RDMA_READ_CONSUME_CHECK_CONSUMER) timestamp=8302 ms, used_size=2772992 bytes (6.8%)
(RDMA_READ_CONSUME_CHECK_CONSUMER) timestamp=8302 ms, used_size=2770944 bytes (6.8%)
(RDMA_READ_CONSUME_CHECK_CONSUMER) timestamp=8302 ms, used_size=2768896 bytes (6.8%)
(RDMA_READ_CONSUME_CHECK_CONSUMER) timestamp=8302 ms, used_size=2766848 bytes (6.8%)
(RDMA_READ_CONSUME_CHECK_CONSUMER) timestamp=8302 ms, used_size=2764800 bytes (6.8%)
(RDMA_READ_CONSUME_CHECK_CONSUMER) timestamp=8302 ms, used_size=2762752 bytes (6.7%)
(RDMA_READ_CONSUME_CHECK_CONSUMER) timestamp=8302 ms, used_size=2760704 bytes (6.7%)
(RDMA_READ_CONSUME_CHECK_CONSUMER) timestamp=8302 ms, used_size=2758656 bytes (6.7%)
(RDMA_READ_CONSUME_CHECK_CONSUMER) timestamp=8302 ms, used_size=2756608 bytes (6.7%)
(RDMA_READ_CONSUME_CHECK_CONSUMER) timestamp=8302 ms, used_size=2754560 bytes (6.7%)
(RDMA_READ_CONSUME_CHECK_CONSUMER) timestamp=8302 ms, used_size=2752512 bytes (6.7%)
(RDMA_READ_CONSUME_CHECK_CONSUMER) timestamp=8302 ms, used_size=2750464 bytes (6.7%)
(RDMA_READ_CONSUME_CHECK_CONSUMER) timestamp=8302 ms, used_size=2748416 bytes (6.7%)
(RDMA_READ_CONSUME_CHECK_CONSUMER) timestamp=8302 ms, used_size=2746368 bytes (6.7%)
(RDMA_READ_CONSUME_CHECK_CONSUMER) timestamp=8302 ms, used_size=2744320 bytes (6.7%)
(RDMA_READ_CONSUME_CHECK_CONSUMER) timestamp=8302 ms, used_size=2742272 bytes (6.7%)
(RDMA_READ_CONSUME_CHECK_CONSUMER) timestamp=8302 ms, used_size=2740224 bytes (6.7%)
(RDMA_READ_CONSUME_CHECK_CONSUMER) timestamp=8302 ms, used_size=2738176 bytes (6.7%)
(RDMA_READ_CONSUME_CHECK_CONSUMER) timestamp=8302 ms, used_size=2736128 bytes (6.7%)
(RDMA_READ_CONSUME_CHECK_CONSUMER) timestamp=8302 ms, used_size=2734080 bytes (6.7%)
(RDMA_READ_CONSUME_CHECK_CONSUMER) timestamp=8302 ms, used_size=2732032 bytes (6.7%)
(RDMA_READ_CONSUME_CHECK_CONSUMER) timestamp=8302 ms, used_size=2729984 bytes (6.7%)
(RDMA_READ_CONSUME_CHECK_CONSUMER) timestamp=8302 ms, used_size=2727936 bytes (6.7%)
(RDMA_READ_CONSUME_CHECK_CONSUMER) timestamp=8302 ms, used_size=2725888 bytes (6.7%)
(RDMA_READ_CONSUME_CHECK_CONSUMER) timestamp=8302 ms, used_size=2723840 bytes (6.7%)
(RDMA_READ_CONSUME_CHECK_CONSUMER) timestamp=8302 ms, used_size=2721792 bytes (6.6%)
(RDMA_READ_CONSUME_CHECK_CONSUMER) timestamp=8302 ms, used_size=2719744 bytes (6.6%)
(RDMA_READ_CONSUME_CHECK_CONSUMER) timestamp=8302 ms, used_size=2717696 bytes (6.6%)
(RDMA_READ_CONSUME_CHECK_CONSUMER) timestamp=8302 ms, used_size=2715648 bytes (6.6%)
(RDMA_READ_CONSUME_CHECK_CONSUMER) timestamp=8302 ms, used_size=2713600 bytes (6.6%)
(RDMA_READ_CONSUME_CHECK_CONSUMER) timestamp=8302 ms, used_size=2711552 bytes (6.6%)
(RDMA_READ_CONSUME_CHECK_CONSUMER) timestamp=8302 ms, used_size=2709504 bytes (6.6%)
(RDMA_READ_CONSUME_CHECK_CONSUMER) timestamp=8302 ms, used_size=2707456 bytes (6.6%)
(RDMA_READ_CONSUME_CHECK_CONSUMER) timestamp=8302 ms, used_size=2705408 bytes (6.6%)
(RDMA_READ_CONSUME_CHECK_CONSUMER) timestamp=8302 ms, used_size=2703360 bytes (6.6%)
(RDMA_READ_CONSUME_CHECK_CONSUMER) timestamp=8302 ms, used_size=2701312 bytes (6.6%)
(RDMA_READ_CONSUME_CHECK_CONSUMER) timestamp=8302 ms, used_size=2699264 bytes (6.6%)
(RDMA_READ_CONSUME_CHECK_CONSUMER) timestamp=8302 ms, used_size=2697216 bytes (6.6%)
(RDMA_READ_CONSUME_CHECK_CONSUMER) timestamp=8302 ms, used_size=2695168 bytes (6.6%)
(RDMA_READ_CONSUME_CHECK_CONSUMER) timestamp=8302 ms, used_size=2693120 bytes (6.6%)
(RDMA_READ_CONSUME_CHECK_CONSUMER) timestamp=8302 ms, used_size=2691072 bytes (6.6%)
(RDMA_READ_CONSUME_CHECK_CONSUMER) timestamp=8302 ms, used_size=2689024 bytes (6.6%)
(RDMA_READ_CONSUME_CHECK_CONSUMER) timestamp=8302 ms, used_size=2686976 bytes (6.6%)
(RDMA_READ_CONSUME_CHECK_CONSUMER) timestamp=8302 ms, used_size=2684928 bytes (6.6%)
(RDMA_READ_CONSUME_CHECK_CONSUMER) timestamp=8302 ms, used_size=2682880 bytes (6.5%)
(RDMA_READ_CONSUME_CHECK_CONSUMER) timestamp=8302 ms, used_size=2680832 bytes (6.5%)
(RDMA_READ_CONSUME_CHECK_CONSUMER) timestamp=8302 ms, used_size=2678784 bytes (6.5%)
(RDMA_READ_CONSUME_CHECK_CONSUMER) timestamp=8302 ms, used_size=2676736 bytes (6.5%)
(RDMA_READ_CONSUME_CHECK_CONSUMER) timestamp=8302 ms, used_size=2674688 bytes (6.5%)
(RDMA_READ_CONSUME_CHECK_CONSUMER) timestamp=8302 ms, used_size=2672640 bytes (6.5%)
(RDMA_READ_CONSUME_CHECK_CONSUMER) timestamp=8302 ms, used_size=2670592 bytes (6.5%)
(RDMA_READ_CONSUME_CHECK_CONSUMER) timestamp=8302 ms, used_size=2668544 bytes (6.5%)
(RDMA_READ_CONSUME_CHECK_CONSUMER) timestamp=8302 ms, used_size=2666496 bytes (6.5%)
(RDMA_READ_CONSUME_CHECK_CONSUMER) timestamp=8302 ms, used_size=2664448 bytes (6.5%)
(RDMA_READ_CONSUME_CHECK_CONSUMER) timestamp=8302 ms, used_size=2662400 bytes (6.5%)
(RDMA_READ_CONSUME_CHECK_CONSUMER) timestamp=8302 ms, used_size=2660352 bytes (6.5%)
(RDMA_READ_CONSUME_CHECK_CONSUMER) timestamp=8302 ms, used_size=2658304 bytes (6.5%)
(RDMA_READ_CONSUME_CHECK_CONSUMER) timestamp=8302 ms, used_size=2656256 bytes (6.5%)
(RDMA_READ_CONSUME_CHECK_CONSUMER) timestamp=8302 ms, used_size=2654208 bytes (6.5%)
(RDMA_READ_CONSUME_CHECK_CONSUMER) timestamp=8302 ms, used_size=2652160 bytes (6.5%)
(RDMA_READ_CONSUME_CHECK_CONSUMER) timestamp=8302 ms, used_size=2650112 bytes (6.5%)
(RDMA_READ_CONSUME_CHECK_CONSUMER) timestamp=8302 ms, used_size=2648064 bytes (6.5%)
(RDMA_READ_CONSUME_CHECK_CONSUMER) timestamp=8302 ms, used_size=2646016 bytes (6.5%)
(RDMA_READ_CONSUME_CHECK_CONSUMER) timestamp=8302 ms, used_size=2643968 bytes (6.5%)
(RDMA_READ_CONSUME_CHECK_CONSUMER) timestamp=8302 ms, used_size=2641920 bytes (6.5%)
(RDMA_READ_CONSUME_CHECK_CONSUMER) timestamp=8302 ms, used_size=2639872 bytes (6.4%)
(RDMA_READ_CONSUME_CHECK_CONSUMER) timestamp=8302 ms, used_size=2637824 bytes (6.4%)
(RDMA_READ_CONSUME_CHECK_CONSUMER) timestamp=8302 ms, used_size=2635776 bytes (6.4%)
(RDMA_READ_CONSUME_CHECK_CONSUMER) timestamp=8302 ms, used_size=2633728 bytes (6.4%)
(RDMA_READ_CONSUME_CHECK_CONSUMER) timestamp=8302 ms, used_size=2631680 bytes (6.4%)
(RDMA_READ_CONSUME_CHECK_CONSUMER) timestamp=8302 ms, used_size=2629632 bytes (6.4%)
(RDMA_READ_CONSUME_CHECK_CONSUMER) timestamp=8302 ms, used_size=2627584 bytes (6.4%)
(RDMA_READ_CONSUME_CHECK_CONSUMER) timestamp=8302 ms, used_size=2625536 bytes (6.4%)
(RDMA_READ_CONSUME_CHECK_CONSUMER) timestamp=8302 ms, used_size=2623488 bytes (6.4%)
(RDMA_READ_CONSUME_CHECK_CONSUMER) timestamp=8302 ms, used_size=2621440 bytes (6.4%)
(RDMA_READ_CONSUME_CHECK_CONSUMER) timestamp=8302 ms, used_size=2619392 bytes (6.4%)
(RDMA_READ_CONSUME_CHECK_CONSUMER) timestamp=8302 ms, used_size=2617344 bytes (6.4%)
(RDMA_READ_CONSUME_CHECK_CONSUMER) timestamp=8302 ms, used_size=2615296 bytes (6.4%)
(RDMA_READ_CONSUME_CHECK_CONSUMER) timestamp=8302 ms, used_size=2613248 bytes (6.4%)
(RDMA_READ_CONSUME_CHECK_CONSUMER) timestamp=8302 ms, used_size=2611200 bytes (6.4%)
(RDMA_READ_CONSUME_CHECK_CONSUMER) timestamp=8302 ms, used_size=2609152 bytes (6.4%)
(RDMA_READ_CONSUME_CHECK_CONSUMER) timestamp=8302 ms, used_size=2607104 bytes (6.4%)
(RDMA_READ_CONSUME_CHECK_CONSUMER) timestamp=8302 ms, used_size=2605056 bytes (6.4%)
(RDMA_READ_CONSUME_CHECK_CONSUMER) timestamp=8302 ms, used_size=2603008 bytes (6.4%)
(RDMA_READ_CONSUME_CHECK_CONSUMER) timestamp=8302 ms, used_size=2600960 bytes (6.3%)
(RDMA_READ_CONSUME_CHECK_CONSUMER) timestamp=8302 ms, used_size=2598912 bytes (6.3%)
(RDMA_READ_CONSUME_CHECK_CONSUMER) timestamp=8302 ms, used_size=2596864 bytes (6.3%)
(RDMA_READ_CONSUME_CHECK_CONSUMER) timestamp=8302 ms, used_size=2594816 bytes (6.3%)
(RDMA_READ_CONSUME_CHECK_CONSUMER) timestamp=8302 ms, used_size=2592768 bytes (6.3%)
(RDMA_READ_CONSUME_CHECK_CONSUMER) timestamp=8302 ms, used_size=2590720 bytes (6.3%)
(RDMA_READ_CONSUME_CHECK_CONSUMER) timestamp=8302 ms, used_size=2588672 bytes (6.3%)
(RDMA_READ_CONSUME_CHECK_CONSUMER) timestamp=8302 ms, used_size=2586624 bytes (6.3%)
(RDMA_READ_CONSUME_CHECK_CONSUMER) timestamp=8302 ms, used_size=2584576 bytes (6.3%)
(RDMA_READ_CONSUME_CHECK_CONSUMER) timestamp=8302 ms, used_size=2582528 bytes (6.3%)
(RDMA_READ_CONSUME_CHECK_CONSUMER) timestamp=8302 ms, used_size=2580480 bytes (6.3%)
(RDMA_READ_CONSUME_CHECK_CONSUMER) timestamp=8302 ms, used_size=2578432 bytes (6.3%)
(RDMA_READ_CONSUME_CHECK_CONSUMER) timestamp=8302 ms, used_size=2576384 bytes (6.3%)
(RDMA_READ_CONSUME_CHECK_CONSUMER) timestamp=8302 ms, used_size=2574336 bytes (6.3%)
(RDMA_READ_CONSUME_CHECK_CONSUMER) timestamp=8302 ms, used_size=2572288 bytes (6.3%)
(RDMA_READ_CONSUME_CHECK_CONSUMER) timestamp=8302 ms, used_size=2570240 bytes (6.3%)
(RDMA_READ_CONSUME_CHECK_CONSUMER) timestamp=8302 ms, used_size=2568192 bytes (6.3%)
(RDMA_READ_CONSUME_CHECK_CONSUMER) timestamp=8302 ms, used_size=2566144 bytes (6.3%)
(RDMA_READ_CONSUME_CHECK_CONSUMER) timestamp=8302 ms, used_size=2564096 bytes (6.3%)
(RDMA_READ_CONSUME_CHECK_CONSUMER) timestamp=8302 ms, used_size=2562048 bytes (6.3%)
(RDMA_READ_CONSUME_CHECK_CONSUMER) timestamp=8302 ms, used_size=2560000 bytes (6.2%)
(RDMA_READ_CONSUME_CHECK_CONSUMER) timestamp=8302 ms, used_size=2557952 bytes (6.2%)
(RDMA_READ_CONSUME_CHECK_CONSUMER) timestamp=8302 ms, used_size=2555904 bytes (6.2%)
(RDMA_READ_CONSUME_CHECK_CONSUMER) timestamp=8302 ms, used_size=2553856 bytes (6.2%)
(RDMA_READ_CONSUME_CHECK_CONSUMER) timestamp=8302 ms, used_size=2551808 bytes (6.2%)
(RDMA_READ_CONSUME_CHECK_CONSUMER) timestamp=8302 ms, used_size=2549760 bytes (6.2%)
(RDMA_READ_CONSUME_CHECK_CONSUMER) timestamp=8302 ms, used_size=2547712 bytes (6.2%)
(RDMA_READ_CONSUME_CHECK_CONSUMER) timestamp=8302 ms, used_size=2545664 bytes (6.2%)
(RDMA_READ_CONSUME_CHECK_CONSUMER) timestamp=8302 ms, used_size=2543616 bytes (6.2%)
(RDMA_READ_CONSUME_CHECK_CONSUMER) timestamp=8302 ms, used_size=2541568 bytes (6.2%)
(RDMA_READ_CONSUME_CHECK_CONSUMER) timestamp=8302 ms, used_size=2539520 bytes (6.2%)
(RDMA_READ_CONSUME_CHECK_CONSUMER) timestamp=8302 ms, used_size=2537472 bytes (6.2%)
(RDMA_READ_CONSUME_CHECK_CONSUMER) timestamp=8302 ms, used_size=2535424 bytes (6.2%)
(RDMA_READ_CONSUME_CHECK_CONSUMER) timestamp=8302 ms, used_size=2533376 bytes (6.2%)
(RDMA_READ_CONSUME_CHECK_CONSUMER) timestamp=8302 ms, used_size=2531328 bytes (6.2%)
(RDMA_READ_CONSUME_CHECK_CONSUMER) timestamp=8302 ms, used_size=2529280 bytes (6.2%)
(RDMA_READ_CONSUME_CHECK_CONSUMER) timestamp=8302 ms, used_size=2527232 bytes (6.2%)
(RDMA_READ_CONSUME_CHECK_CONSUMER) timestamp=8302 ms, used_size=2525184 bytes (6.2%)
(RDMA_READ_CONSUME_CHECK_CONSUMER) timestamp=8302 ms, used_size=2523136 bytes (6.2%)
(RDMA_READ_CONSUME_CHECK_CONSUMER) timestamp=8302 ms, used_size=2521088 bytes (6.2%)
(RDMA_READ_CONSUME_CHECK_CONSUMER) timestamp=8302 ms, used_size=2519040 bytes (6.2%)
(RDMA_READ_CONSUME_CHECK_CONSUMER) timestamp=8302 ms, used_size=2516992 bytes (6.1%)
(RDMA_READ_CONSUME_CHECK_CONSUMER) timestamp=8302 ms, used_size=2514944 bytes (6.1%)
(RDMA_READ_CONSUME_CHECK_CONSUMER) timestamp=8302 ms, used_size=2512896 bytes (6.1%)
(RDMA_READ_CONSUME_CHECK_CONSUMER) timestamp=8302 ms, used_size=2510848 bytes (6.1%)
(RDMA_READ_CONSUME_CHECK_CONSUMER) timestamp=8302 ms, used_size=2508800 bytes (6.1%)
(RDMA_READ_CONSUME_CHECK_CONSUMER) timestamp=8302 ms, used_size=2506752 bytes (6.1%)
(RDMA_READ_CONSUME_CHECK_CONSUMER) timestamp=8302 ms, used_size=2504704 bytes (6.1%)
(RDMA_READ_CONSUME_CHECK_CONSUMER) timestamp=8302 ms, used_size=2502656 bytes (6.1%)
(RDMA_READ_CONSUME_CHECK_CONSUMER) timestamp=8302 ms, used_size=2500608 bytes (6.1%)
(RDMA_READ_CONSUME_CHECK_CONSUMER) timestamp=8302 ms, used_size=2498560 bytes (6.1%)
(RDMA_READ_CONSUME_CHECK_CONSUMER) timestamp=8302 ms, used_size=2496512 bytes (6.1%)
(RDMA_READ_CONSUME_CHECK_CONSUMER) timestamp=8302 ms, used_size=2494464 bytes (6.1%)
(RDMA_READ_CONSUME_CHECK_CONSUMER) timestamp=8302 ms, used_size=2492416 bytes (6.1%)
(RDMA_READ_CONSUME_CHECK_CONSUMER) timestamp=8302 ms, used_size=2490368 bytes (6.1%)
(RDMA_READ_CONSUME_CHECK_CONSUMER) timestamp=8302 ms, used_size=2488320 bytes (6.1%)
(RDMA_READ_CONSUME_CHECK_CONSUMER) timestamp=8302 ms, used_size=2486272 bytes (6.1%)
(RDMA_READ_CONSUME_CHECK_CONSUMER) timestamp=8302 ms, used_size=2484224 bytes (6.1%)
(RDMA_READ_CONSUME_CHECK_CONSUMER) timestamp=8302 ms, used_size=2482176 bytes (6.1%)
(RDMA_READ_CONSUME_CHECK_CONSUMER) timestamp=8302 ms, used_size=2480128 bytes (6.1%)
(RDMA_READ_CONSUME_CHECK_CONSUMER) timestamp=8302 ms, used_size=2478080 bytes (6.0%)
(RDMA_READ_CONSUME_CHECK_CONSUMER) timestamp=8302 ms, used_size=2476032 bytes (6.0%)
(RDMA_READ_CONSUME_CHECK_CONSUMER) timestamp=8302 ms, used_size=2473984 bytes (6.0%)
(RDMA_READ_CONSUME_CHECK_CONSUMER) timestamp=8302 ms, used_size=2471936 bytes (6.0%)
(RDMA_READ_CONSUME_CHECK_CONSUMER) timestamp=8302 ms, used_size=2469888 bytes (6.0%)
(RDMA_READ_CONSUME_CHECK_CONSUMER) timestamp=8302 ms, used_size=2467840 bytes (6.0%)
(RDMA_READ_CONSUME_CHECK_CONSUMER) timestamp=8302 ms, used_size=2465792 bytes (6.0%)
(RDMA_READ_CONSUME_CHECK_CONSUMER) timestamp=8302 ms, used_size=2463744 bytes (6.0%)
(RDMA_READ_CONSUME_CHECK_CONSUMER) timestamp=8302 ms, used_size=2461696 bytes (6.0%)
(RDMA_READ_CONSUME_CHECK_CONSUMER) timestamp=8302 ms, used_size=2459648 bytes (6.0%)
(RDMA_READ_CONSUME_CHECK_CONSUMER) timestamp=8302 ms, used_size=2457600 bytes (6.0%)
(RDMA_READ_CONSUME_CHECK_CONSUMER) timestamp=8302 ms, used_size=2455552 bytes (6.0%)
(RDMA_READ_CONSUME_CHECK_CONSUMER) timestamp=8302 ms, used_size=2453504 bytes (6.0%)
(RDMA_READ_CONSUME_CHECK_CONSUMER) timestamp=8302 ms, used_size=2451456 bytes (6.0%)
(RDMA_READ_CONSUME_CHECK_CONSUMER) timestamp=8302 ms, used_size=2449408 bytes (6.0%)
(RDMA_READ_CONSUME_CHECK_CONSUMER) timestamp=8302 ms, used_size=2447360 bytes (6.0%)
(RDMA_READ_CONSUME_CHECK_CONSUMER) timestamp=8302 ms, used_size=2445312 bytes (6.0%)
(RDMA_READ_CONSUME_CHECK_CONSUMER) timestamp=8302 ms, used_size=2443264 bytes (6.0%)
(RDMA_READ_CONSUME_CHECK_CONSUMER) timestamp=8302 ms, used_size=2441216 bytes (6.0%)
(RDMA_READ_CONSUME_CHECK_CONSUMER) timestamp=8302 ms, used_size=2439168 bytes (6.0%)
(RDMA_READ_CONSUME_CHECK_CONSUMER) timestamp=8302 ms, used_size=2437120 bytes (6.0%)
(RDMA_READ_CONSUME_CHECK_CONSUMER) timestamp=8302 ms, used_size=2435072 bytes (5.9%)
(RDMA_READ_CONSUME_CHECK_CONSUMER) timestamp=8302 ms, used_size=2433024 bytes (5.9%)
(RDMA_READ_CONSUME_CHECK_CONSUMER) timestamp=8302 ms, used_size=2430976 bytes (5.9%)
(RDMA_READ_CONSUME_CHECK_CONSUMER) timestamp=8302 ms, used_size=2428928 bytes (5.9%)
(RDMA_READ_CONSUME_CHECK_CONSUMER) timestamp=8302 ms, used_size=2426880 bytes (5.9%)
(RDMA_READ_CONSUME_CHECK_CONSUMER) timestamp=8302 ms, used_size=2424832 bytes (5.9%)
(RDMA_READ_CONSUME_CHECK_CONSUMER) timestamp=8302 ms, used_size=2422784 bytes (5.9%)
(RDMA_READ_CONSUME_CHECK_CONSUMER) timestamp=8302 ms, used_size=2420736 bytes (5.9%)
(RDMA_READ_CONSUME_CHECK_CONSUMER) timestamp=8302 ms, used_size=2418688 bytes (5.9%)
(RDMA_READ_CONSUME_CHECK_CONSUMER) timestamp=8303 ms, used_size=2416640 bytes (5.9%)
(RDMA_READ_CONSUME_CHECK_CONSUMER) timestamp=8303 ms, used_size=2414592 bytes (5.9%)
(RDMA_READ_CONSUME_CHECK_CONSUMER) timestamp=8303 ms, used_size=2412544 bytes (5.9%)
(RDMA_READ_CONSUME_CHECK_CONSUMER) timestamp=8303 ms, used_size=2410496 bytes (5.9%)
(RDMA_READ_CONSUME_CHECK_CONSUMER) timestamp=8303 ms, used_size=2408448 bytes (5.9%)
(RDMA_READ_CONSUME_CHECK_CONSUMER) timestamp=8303 ms, used_size=2406400 bytes (5.9%)
(RDMA_READ_CONSUME_CHECK_CONSUMER) timestamp=8303 ms, used_size=2404352 bytes (5.9%)
(RDMA_READ_CONSUME_CHECK_CONSUMER) timestamp=8303 ms, used_size=2402304 bytes (5.9%)
(RDMA_READ_CONSUME_CHECK_CONSUMER) timestamp=8303 ms, used_size=2400256 bytes (5.9%)
(RDMA_READ_CONSUME_CHECK_CONSUMER) timestamp=8303 ms, used_size=2398208 bytes (5.9%)
(RDMA_READ_CONSUME_CHECK_CONSUMER) timestamp=8303 ms, used_size=2396160 bytes (5.8%)
(RDMA_READ_CONSUME_CHECK_CONSUMER) timestamp=8303 ms, used_size=2394112 bytes (5.8%)
(RDMA_READ_CONSUME_CHECK_CONSUMER) timestamp=8303 ms, used_size=2392064 bytes (5.8%)
(RDMA_READ_CONSUME_CHECK_CONSUMER) timestamp=8303 ms, used_size=2390016 bytes (5.8%)
(RDMA_READ_CONSUME_CHECK_CONSUMER) timestamp=8303 ms, used_size=2387968 bytes (5.8%)
(RDMA_READ_CONSUME_CHECK_CONSUMER) timestamp=8303 ms, used_size=2385920 bytes (5.8%)
(RDMA_READ_CONSUME_CHECK_CONSUMER) timestamp=8303 ms, used_size=2383872 bytes (5.8%)
(RDMA_READ_CONSUME_CHECK_CONSUMER) timestamp=8303 ms, used_size=2381824 bytes (5.8%)
(RDMA_READ_CONSUME_CHECK_CONSUMER) timestamp=8303 ms, used_size=2379776 bytes (5.8%)
(RDMA_READ_CONSUME_CHECK_CONSUMER) timestamp=8303 ms, used_size=2377728 bytes (5.8%)
(RDMA_READ_CONSUME_CHECK_CONSUMER) timestamp=8303 ms, used_size=2375680 bytes (5.8%)
(RDMA_READ_CONSUME_CHECK_CONSUMER) timestamp=8303 ms, used_size=2373632 bytes (5.8%)
(RDMA_READ_CONSUME_CHECK_CONSUMER) timestamp=8303 ms, used_size=2371584 bytes (5.8%)
(RDMA_READ_CONSUME_CHECK_CONSUMER) timestamp=8303 ms, used_size=2369536 bytes (5.8%)
(RDMA_READ_CONSUME_CHECK_CONSUMER) timestamp=8303 ms, used_size=2367488 bytes (5.8%)
(RDMA_READ_CONSUME_CHECK_CONSUMER) timestamp=8303 ms, used_size=2365440 bytes (5.8%)
(RDMA_READ_CONSUME_CHECK_CONSUMER) timestamp=8303 ms, used_size=2363392 bytes (5.8%)
(RDMA_READ_CONSUME_CHECK_CONSUMER) timestamp=8303 ms, used_size=2361344 bytes (5.8%)
(RDMA_READ_CONSUME_CHECK_CONSUMER) timestamp=8303 ms, used_size=2359296 bytes (5.8%)
(RDMA_READ_CONSUME_CHECK_CONSUMER) timestamp=8303 ms, used_size=2357248 bytes (5.8%)
(RDMA_READ_CONSUME_CHECK_CONSUMER) timestamp=8303 ms, used_size=2355200 bytes (5.8%)
(RDMA_READ_CONSUME_CHECK_CONSUMER) timestamp=8303 ms, used_size=2353152 bytes (5.7%)
(RDMA_READ_CONSUME_CHECK_CONSUMER) timestamp=8303 ms, used_size=2351104 bytes (5.7%)
(RDMA_READ_CONSUME_CHECK_CONSUMER) timestamp=8303 ms, used_size=2349056 bytes (5.7%)
(RDMA_READ_CONSUME_CHECK_CONSUMER) timestamp=8303 ms, used_size=2347008 bytes (5.7%)
(RDMA_READ_CONSUME_CHECK_CONSUMER) timestamp=8303 ms, used_size=2344960 bytes (5.7%)
(RDMA_READ_CONSUME_CHECK_CONSUMER) timestamp=8303 ms, used_size=2342912 bytes (5.7%)
(RDMA_READ_CONSUME_CHECK_CONSUMER) timestamp=8303 ms, used_size=2340864 bytes (5.7%)
(RDMA_READ_CONSUME_CHECK_CONSUMER) timestamp=8303 ms, used_size=2338816 bytes (5.7%)
(RDMA_READ_CONSUME_CHECK_CONSUMER) timestamp=8303 ms, used_size=2336768 bytes (5.7%)
(RDMA_READ_CONSUME_CHECK_CONSUMER) timestamp=8303 ms, used_size=2334720 bytes (5.7%)
(RDMA_READ_CONSUME_CHECK_CONSUMER) timestamp=8303 ms, used_size=2332672 bytes (5.7%)
(RDMA_READ_CONSUME_CHECK_CONSUMER) timestamp=8303 ms, used_size=2330624 bytes (5.7%)
(RDMA_READ_CONSUME_CHECK_CONSUMER) timestamp=8303 ms, used_size=2328576 bytes (5.7%)
(RDMA_READ_CONSUME_CHECK_CONSUMER) timestamp=8303 ms, used_size=2326528 bytes (5.7%)
(RDMA_READ_CONSUME_CHECK_CONSUMER) timestamp=8303 ms, used_size=2324480 bytes (5.7%)
(RDMA_READ_CONSUME_CHECK_CONSUMER) timestamp=8303 ms, used_size=2322432 bytes (5.7%)
(RDMA_READ_CONSUME_CHECK_CONSUMER) timestamp=8303 ms, used_size=2320384 bytes (5.7%)
(RDMA_READ_CONSUME_CHECK_CONSUMER) timestamp=8303 ms, used_size=2318336 bytes (5.7%)
(RDMA_READ_CONSUME_CHECK_CONSUMER) timestamp=8303 ms, used_size=2316288 bytes (5.7%)
(RDMA_READ_CONSUME_CHECK_CONSUMER) timestamp=8303 ms, used_size=2314240 bytes (5.7%)
(RDMA_READ_CONSUME_CHECK_CONSUMER) timestamp=8303 ms, used_size=2312192 bytes (5.6%)
(RDMA_READ_CONSUME_CHECK_CONSUMER) timestamp=8303 ms, used_size=2310144 bytes (5.6%)
(RDMA_READ_CONSUME_CHECK_CONSUMER) timestamp=8303 ms, used_size=2308096 bytes (5.6%)
(RDMA_READ_CONSUME_CHECK_CONSUMER) timestamp=8303 ms, used_size=2306048 bytes (5.6%)
(RDMA_READ_CONSUME_CHECK_CONSUMER) timestamp=8303 ms, used_size=2304000 bytes (5.6%)
(RDMA_READ_CONSUME_CHECK_CONSUMER) timestamp=8303 ms, used_size=2301952 bytes (5.6%)
(RDMA_READ_CONSUME_CHECK_CONSUMER) timestamp=8303 ms, used_size=2299904 bytes (5.6%)
(RDMA_READ_CONSUME_CHECK_CONSUMER) timestamp=8303 ms, used_size=2297856 bytes (5.6%)
(RDMA_READ_CONSUME_CHECK_CONSUMER) timestamp=8303 ms, used_size=2295808 bytes (5.6%)
(RDMA_READ_CONSUME_CHECK_CONSUMER) timestamp=8303 ms, used_size=2293760 bytes (5.6%)
(RDMA_READ_CONSUME_CHECK_CONSUMER) timestamp=8303 ms, used_size=2291712 bytes (5.6%)
(RDMA_READ_CONSUME_CHECK_CONSUMER) timestamp=8303 ms, used_size=2289664 bytes (5.6%)
(RDMA_READ_CONSUME_CHECK_CONSUMER) timestamp=8303 ms, used_size=2287616 bytes (5.6%)
(RDMA_READ_CONSUME_CHECK_CONSUMER) timestamp=8303 ms, used_size=2285568 bytes (5.6%)
(RDMA_READ_CONSUME_CHECK_CONSUMER) timestamp=8303 ms, used_size=2283520 bytes (5.6%)
(RDMA_READ_CONSUME_CHECK_CONSUMER) timestamp=8303 ms, used_size=2281472 bytes (5.6%)
(RDMA_READ_CONSUME_CHECK_CONSUMER) timestamp=8303 ms, used_size=2279424 bytes (5.6%)
(RDMA_READ_CONSUME_CHECK_CONSUMER) timestamp=8303 ms, used_size=2277376 bytes (5.6%)
(RDMA_READ_CONSUME_CHECK_CONSUMER) timestamp=8303 ms, used_size=2275328 bytes (5.6%)
(RDMA_READ_CONSUME_CHECK_CONSUMER) timestamp=8303 ms, used_size=2273280 bytes (5.5%)
(RDMA_READ_CONSUME_CHECK_CONSUMER) timestamp=8303 ms, used_size=2271232 bytes (5.5%)
(RDMA_READ_CONSUME_CHECK_CONSUMER) timestamp=8303 ms, used_size=2269184 bytes (5.5%)
(RDMA_READ_CONSUME_CHECK_CONSUMER) timestamp=8303 ms, used_size=2267136 bytes (5.5%)
(RDMA_READ_CONSUME_CHECK_CONSUMER) timestamp=8303 ms, used_size=2265088 bytes (5.5%)
(RDMA_READ_CONSUME_CHECK_CONSUMER) timestamp=8303 ms, used_size=2263040 bytes (5.5%)
(RDMA_READ_CONSUME_CHECK_CONSUMER) timestamp=8303 ms, used_size=2260992 bytes (5.5%)
(RDMA_READ_CONSUME_CHECK_CONSUMER) timestamp=8303 ms, used_size=2258944 bytes (5.5%)
(RDMA_READ_CONSUME_CHECK_CONSUMER) timestamp=8303 ms, used_size=2256896 bytes (5.5%)
(RDMA_READ_CONSUME_CHECK_CONSUMER) timestamp=8303 ms, used_size=2254848 bytes (5.5%)
(RDMA_READ_CONSUME_CHECK_CONSUMER) timestamp=8303 ms, used_size=2252800 bytes (5.5%)
(RDMA_READ_CONSUME_CHECK_CONSUMER) timestamp=8303 ms, used_size=2250752 bytes (5.5%)
(RDMA_READ_CONSUME_CHECK_CONSUMER) timestamp=8303 ms, used_size=2248704 bytes (5.5%)
(RDMA_READ_CONSUME_CHECK_CONSUMER) timestamp=8303 ms, used_size=2246656 bytes (5.5%)
(RDMA_READ_CONSUME_CHECK_CONSUMER) timestamp=8303 ms, used_size=2244608 bytes (5.5%)
(RDMA_READ_CONSUME_CHECK_CONSUMER) timestamp=8303 ms, used_size=2242560 bytes (5.5%)
(RDMA_READ_CONSUME_CHECK_CONSUMER) timestamp=8303 ms, used_size=2240512 bytes (5.5%)
(RDMA_READ_CONSUME_CHECK_CONSUMER) timestamp=8303 ms, used_size=2238464 bytes (5.5%)
(RDMA_READ_CONSUME_CHECK_CONSUMER) timestamp=8303 ms, used_size=2236416 bytes (5.5%)
(RDMA_READ_CONSUME_CHECK_CONSUMER) timestamp=8303 ms, used_size=2234368 bytes (5.5%)
(RDMA_READ_CONSUME_CHECK_CONSUMER) timestamp=8303 ms, used_size=2232320 bytes (5.5%)
(RDMA_READ_CONSUME_CHECK_CONSUMER) timestamp=8303 ms, used_size=2230272 bytes (5.4%)
(RDMA_READ_CONSUME_CHECK_CONSUMER) timestamp=8303 ms, used_size=2228224 bytes (5.4%)
(RDMA_READ_CONSUME_CHECK_CONSUMER) timestamp=8303 ms, used_size=2226176 bytes (5.4%)
(RDMA_READ_CONSUME_CHECK_CONSUMER) timestamp=8303 ms, used_size=2224128 bytes (5.4%)
(RDMA_READ_CONSUME_CHECK_CONSUMER) timestamp=8303 ms, used_size=2222080 bytes (5.4%)
(RDMA_READ_CONSUME_CHECK_CONSUMER) timestamp=8303 ms, used_size=2220032 bytes (5.4%)
(RDMA_READ_CONSUME_CHECK_CONSUMER) timestamp=8303 ms, used_size=2217984 bytes (5.4%)
(RDMA_READ_CONSUME_CHECK_CONSUMER) timestamp=8303 ms, used_size=2215936 bytes (5.4%)
(RDMA_READ_CONSUME_CHECK_CONSUMER) timestamp=8303 ms, used_size=2213888 bytes (5.4%)
(RDMA_READ_CONSUME_CHECK_CONSUMER) timestamp=8303 ms, used_size=2211840 bytes (5.4%)
(RDMA_READ_CONSUME_CHECK_CONSUMER) timestamp=8303 ms, used_size=2209792 bytes (5.4%)
(RDMA_READ_CONSUME_CHECK_CONSUMER) timestamp=8303 ms, used_size=2207744 bytes (5.4%)
(RDMA_READ_CONSUME_CHECK_CONSUMER) timestamp=8303 ms, used_size=2205696 bytes (5.4%)
(RDMA_READ_CONSUME_CHECK_CONSUMER) timestamp=8303 ms, used_size=2203648 bytes (5.4%)
(RDMA_READ_CONSUME_CHECK_CONSUMER) timestamp=8303 ms, used_size=2201600 bytes (5.4%)
(RDMA_READ_CONSUME_CHECK_CONSUMER) timestamp=8303 ms, used_size=2199552 bytes (5.4%)
(RDMA_READ_CONSUME_CHECK_CONSUMER) timestamp=8303 ms, used_size=2197504 bytes (5.4%)
(RDMA_READ_CONSUME_CHECK_CONSUMER) timestamp=8303 ms, used_size=2195456 bytes (5.4%)
(RDMA_READ_CONSUME_CHECK_CONSUMER) timestamp=8303 ms, used_size=2193408 bytes (5.4%)
(RDMA_READ_CONSUME_CHECK_CONSUMER) timestamp=8303 ms, used_size=2191360 bytes (5.3%)
(RDMA_READ_CONSUME_CHECK_CONSUMER) timestamp=8303 ms, used_size=2189312 bytes (5.3%)
(RDMA_READ_CONSUME_CHECK_CONSUMER) timestamp=8303 ms, used_size=2187264 bytes (5.3%)
(RDMA_READ_CONSUME_CHECK_CONSUMER) timestamp=8303 ms, used_size=2185216 bytes (5.3%)
(RDMA_READ_CONSUME_CHECK_CONSUMER) timestamp=8303 ms, used_size=2183168 bytes (5.3%)
(RDMA_READ_CONSUME_CHECK_CONSUMER) timestamp=8303 ms, used_size=2181120 bytes (5.3%)
(RDMA_READ_CONSUME_CHECK_CONSUMER) timestamp=8303 ms, used_size=2179072 bytes (5.3%)
(RDMA_READ_CONSUME_CHECK_CONSUMER) timestamp=8303 ms, used_size=2177024 bytes (5.3%)
(RDMA_READ_CONSUME_CHECK_CONSUMER) timestamp=8303 ms, used_size=2174976 bytes (5.3%)
(RDMA_READ_CONSUME_CHECK_CONSUMER) timestamp=8303 ms, used_size=2172928 bytes (5.3%)
(RDMA_READ_CONSUME_CHECK_CONSUMER) timestamp=8303 ms, used_size=2170880 bytes (5.3%)
(RDMA_READ_CONSUME_CHECK_CONSUMER) timestamp=8303 ms, used_size=2168832 bytes (5.3%)
(RDMA_READ_CONSUME_CHECK_CONSUMER) timestamp=8303 ms, used_size=2166784 bytes (5.3%)
(RDMA_READ_CONSUME_CHECK_CONSUMER) timestamp=8303 ms, used_size=2164736 bytes (5.3%)
(RDMA_READ_CONSUME_CHECK_CONSUMER) timestamp=8303 ms, used_size=2162688 bytes (5.3%)
(RDMA_READ_CONSUME_CHECK_CONSUMER) timestamp=8303 ms, used_size=2160640 bytes (5.3%)
(RDMA_READ_CONSUME_CHECK_CONSUMER) timestamp=8303 ms, used_size=2158592 bytes (5.3%)
(RDMA_READ_CONSUME_CHECK_CONSUMER) timestamp=8303 ms, used_size=2156544 bytes (5.3%)
(RDMA_READ_CONSUME_CHECK_CONSUMER) timestamp=8303 ms, used_size=2154496 bytes (5.3%)
(RDMA_READ_CONSUME_CHECK_CONSUMER) timestamp=8303 ms, used_size=2152448 bytes (5.3%)
(RDMA_READ_CONSUME_CHECK_CONSUMER) timestamp=8303 ms, used_size=2150400 bytes (5.2%)
(RDMA_READ_CONSUME_CHECK_CONSUMER) timestamp=8303 ms, used_size=2148352 bytes (5.2%)
(RDMA_READ_CONSUME_CHECK_CONSUMER) timestamp=8303 ms, used_size=2146304 bytes (5.2%)
(RDMA_READ_CONSUME_CHECK_CONSUMER) timestamp=8303 ms, used_size=2144256 bytes (5.2%)
(RDMA_READ_CONSUME_CHECK_CONSUMER) timestamp=8303 ms, used_size=2142208 bytes (5.2%)
(RDMA_READ_CONSUME_CHECK_CONSUMER) timestamp=8303 ms, used_size=2140160 bytes (5.2%)
(RDMA_READ_CONSUME_CHECK_CONSUMER) timestamp=8303 ms, used_size=2138112 bytes (5.2%)
(RDMA_READ_CONSUME_CHECK_CONSUMER) timestamp=8303 ms, used_size=2136064 bytes (5.2%)
(RDMA_READ_CONSUME_CHECK_CONSUMER) timestamp=8303 ms, used_size=2134016 bytes (5.2%)
(RDMA_READ_CONSUME_CHECK_CONSUMER) timestamp=8303 ms, used_size=2131968 bytes (5.2%)
(RDMA_READ_CONSUME_CHECK_CONSUMER) timestamp=8303 ms, used_size=2129920 bytes (5.2%)
(RDMA_READ_CONSUME_CHECK_CONSUMER) timestamp=8303 ms, used_size=2127872 bytes (5.2%)
(RDMA_READ_CONSUME_CHECK_CONSUMER) timestamp=8303 ms, used_size=2125824 bytes (5.2%)
(RDMA_READ_CONSUME_CHECK_CONSUMER) timestamp=8303 ms, used_size=2123776 bytes (5.2%)
(RDMA_READ_CONSUME_CHECK_CONSUMER) timestamp=8303 ms, used_size=2121728 bytes (5.2%)
(RDMA_READ_CONSUME_CHECK_CONSUMER) timestamp=8303 ms, used_size=2119680 bytes (5.2%)
(RDMA_READ_CONSUME_CHECK_CONSUMER) timestamp=8303 ms, used_size=2117632 bytes (5.2%)
(RDMA_READ_CONSUME_CHECK_CONSUMER) timestamp=8303 ms, used_size=2115584 bytes (5.2%)
(RDMA_READ_CONSUME_CHECK_CONSUMER) timestamp=8303 ms, used_size=2113536 bytes (5.2%)
(RDMA_READ_CONSUME_CHECK_CONSUMER) timestamp=8303 ms, used_size=2111488 bytes (5.2%)
(RDMA_READ_CONSUME_CHECK_CONSUMER) timestamp=8303 ms, used_size=2109440 bytes (5.2%)
(RDMA_READ_CONSUME_CHECK_CONSUMER) timestamp=8303 ms, used_size=2107392 bytes (5.1%)
(RDMA_READ_CONSUME_CHECK_CONSUMER) timestamp=8303 ms, used_size=2105344 bytes (5.1%)
(RDMA_READ_CONSUME_CHECK_CONSUMER) timestamp=8303 ms, used_size=2103296 bytes (5.1%)
(RDMA_READ_CONSUME_CHECK_CONSUMER) timestamp=8303 ms, used_size=2101248 bytes (5.1%)
(RDMA_READ_CONSUME_CHECK_CONSUMER) timestamp=8303 ms, used_size=2099200 bytes (5.1%)
(RDMA_READ_CONSUME_CHECK_CONSUMER) timestamp=8303 ms, used_size=2097152 bytes (5.1%)
(RDMA_READ_CONSUME_CHECK_CONSUMER) timestamp=8303 ms, used_size=2095104 bytes (5.1%)
(RDMA_READ_CONSUME_CHECK_CONSUMER) timestamp=8303 ms, used_size=2093056 bytes (5.1%)
(RDMA_READ_CONSUME_CHECK_CONSUMER) timestamp=8303 ms, used_size=2091008 bytes (5.1%)
(RDMA_READ_CONSUME_CHECK_CONSUMER) timestamp=8303 ms, used_size=2088960 bytes (5.1%)
(RDMA_READ_CONSUME_CHECK_CONSUMER) timestamp=8303 ms, used_size=2086912 bytes (5.1%)
(RDMA_READ_CONSUME_CHECK_CONSUMER) timestamp=8303 ms, used_size=2084864 bytes (5.1%)
(RDMA_READ_CONSUME_CHECK_CONSUMER) timestamp=8303 ms, used_size=2082816 bytes (5.1%)
(RDMA_READ_CONSUME_CHECK_CONSUMER) timestamp=8303 ms, used_size=2080768 bytes (5.1%)
(RDMA_READ_CONSUME_CHECK_CONSUMER) timestamp=8303 ms, used_size=2078720 bytes (5.1%)
(RDMA_READ_CONSUME_CHECK_CONSUMER) timestamp=8303 ms, used_size=2076672 bytes (5.1%)
(RDMA_READ_CONSUME_CHECK_CONSUMER) timestamp=8303 ms, used_size=2074624 bytes (5.1%)
(RDMA_READ_CONSUME_CHECK_CONSUMER) timestamp=8303 ms, used_size=2072576 bytes (5.1%)
(RDMA_READ_CONSUME_CHECK_CONSUMER) timestamp=8303 ms, used_size=2070528 bytes (5.1%)
(RDMA_READ_CONSUME_CHECK_CONSUMER) timestamp=8303 ms, used_size=2068480 bytes (5.0%)
(RDMA_READ_CONSUME_CHECK_CONSUMER) timestamp=8303 ms, used_size=2066432 bytes (5.0%)
(RDMA_READ_CONSUME_CHECK_CONSUMER) timestamp=8303 ms, used_size=2064384 bytes (5.0%)
(RDMA_READ_CONSUME_CHECK_CONSUMER) timestamp=8303 ms, used_size=2062336 bytes (5.0%)
(RDMA_READ_CONSUME_CHECK_CONSUMER) timestamp=8303 ms, used_size=2060288 bytes (5.0%)
(RDMA_READ_CONSUME_CHECK_CONSUMER) timestamp=8303 ms, used_size=2058240 bytes (5.0%)
(RDMA_READ_CONSUME_CHECK_CONSUMER) timestamp=8303 ms, used_size=2056192 bytes (5.0%)
(RDMA_READ_CONSUME_CHECK_CONSUMER) timestamp=8303 ms, used_size=2054144 bytes (5.0%)
(RDMA_READ_CONSUME_CHECK_CONSUMER) timestamp=8303 ms, used_size=2052096 bytes (5.0%)
(RDMA_READ_CONSUME_CHECK_CONSUMER) timestamp=8304 ms, used_size=2050048 bytes (5.0%)
(RDMA_READ_CONSUME_CHECK_CONSUMER) timestamp=8304 ms, used_size=2048000 bytes (5.0%)
(RDMA_READ_CONSUME_CHECK_CONSUMER) timestamp=8304 ms, used_size=2045952 bytes (5.0%)
(RDMA_READ_CONSUME_CHECK_CONSUMER) timestamp=8304 ms, used_size=2043904 bytes (5.0%)
(RDMA_READ_CONSUME_CHECK_CONSUMER) timestamp=8304 ms, used_size=2041856 bytes (5.0%)
(RDMA_READ_CONSUME_CHECK_CONSUMER) timestamp=8304 ms, used_size=2039808 bytes (5.0%)
(RDMA_READ_CONSUME_CHECK_CONSUMER) timestamp=8304 ms, used_size=2037760 bytes (5.0%)
(RDMA_READ_CONSUME_CHECK_CONSUMER) timestamp=8304 ms, used_size=2035712 bytes (5.0%)
(RDMA_READ_CONSUME_CHECK_CONSUMER) timestamp=8304 ms, used_size=2033664 bytes (5.0%)
(RDMA_READ_CONSUME_CHECK_CONSUMER) timestamp=8304 ms, used_size=2031616 bytes (5.0%)
(RDMA_READ_CONSUME_CHECK_CONSUMER) timestamp=8304 ms, used_size=2029568 bytes (5.0%)
(RDMA_READ_CONSUME_CHECK_CONSUMER) timestamp=8304 ms, used_size=2027520 bytes (5.0%)
(RDMA_READ_CONSUME_CHECK_CONSUMER) timestamp=8304 ms, used_size=2025472 bytes (4.9%)
(RDMA_READ_CONSUME_CHECK_CONSUMER) timestamp=8304 ms, used_size=2023424 bytes (4.9%)
(RDMA_READ_CONSUME_CHECK_CONSUMER) timestamp=8304 ms, used_size=2021376 bytes (4.9%)
(RDMA_READ_CONSUME_CHECK_CONSUMER) timestamp=8304 ms, used_size=2019328 bytes (4.9%)
(RDMA_READ_CONSUME_CHECK_CONSUMER) timestamp=8304 ms, used_size=2017280 bytes (4.9%)
(RDMA_READ_CONSUME_CHECK_CONSUMER) timestamp=8304 ms, used_size=2015232 bytes (4.9%)
(RDMA_READ_CONSUME_CHECK_CONSUMER) timestamp=8304 ms, used_size=2013184 bytes (4.9%)
(RDMA_READ_CONSUME_CHECK_CONSUMER) timestamp=8304 ms, used_size=2011136 bytes (4.9%)
(RDMA_READ_CONSUME_CHECK_CONSUMER) timestamp=8304 ms, used_size=2009088 bytes (4.9%)
(RDMA_READ_CONSUME_CHECK_CONSUMER) timestamp=8304 ms, used_size=2007040 bytes (4.9%)
(RDMA_READ_CONSUME_CHECK_CONSUMER) timestamp=8304 ms, used_size=2004992 bytes (4.9%)
(RDMA_READ_CONSUME_CHECK_CONSUMER) timestamp=8304 ms, used_size=2002944 bytes (4.9%)
(RDMA_READ_CONSUME_CHECK_CONSUMER) timestamp=8304 ms, used_size=2000896 bytes (4.9%)
(RDMA_READ_CONSUME_CHECK_CONSUMER) timestamp=8304 ms, used_size=1998848 bytes (4.9%)
(RDMA_READ_CONSUME_CHECK_CONSUMER) timestamp=8304 ms, used_size=1996800 bytes (4.9%)
(RDMA_READ_CONSUME_CHECK_CONSUMER) timestamp=8304 ms, used_size=1994752 bytes (4.9%)
(RDMA_READ_CONSUME_CHECK_CONSUMER) timestamp=8304 ms, used_size=1992704 bytes (4.9%)
(RDMA_READ_CONSUME_CHECK_CONSUMER) timestamp=8304 ms, used_size=1990656 bytes (4.9%)
(RDMA_READ_CONSUME_CHECK_CONSUMER) timestamp=8304 ms, used_size=1988608 bytes (4.9%)
(RDMA_READ_CONSUME_CHECK_CONSUMER) timestamp=8304 ms, used_size=1986560 bytes (4.8%)
(RDMA_READ_CONSUME_CHECK_CONSUMER) timestamp=8304 ms, used_size=1984512 bytes (4.8%)
(RDMA_READ_CONSUME_CHECK_CONSUMER) timestamp=8304 ms, used_size=1982464 bytes (4.8%)
(RDMA_READ_CONSUME_CHECK_CONSUMER) timestamp=8304 ms, used_size=1980416 bytes (4.8%)
(RDMA_READ_CONSUME_CHECK_CONSUMER) timestamp=8304 ms, used_size=1978368 bytes (4.8%)
(RDMA_READ_CONSUME_CHECK_CONSUMER) timestamp=8304 ms, used_size=1976320 bytes (4.8%)
(RDMA_READ_CONSUME_CHECK_CONSUMER) timestamp=8304 ms, used_size=1974272 bytes (4.8%)
(RDMA_READ_CONSUME_CHECK_CONSUMER) timestamp=8304 ms, used_size=1972224 bytes (4.8%)
(RDMA_READ_CONSUME_CHECK_CONSUMER) timestamp=8304 ms, used_size=1970176 bytes (4.8%)
(RDMA_READ_CONSUME_CHECK_CONSUMER) timestamp=8304 ms, used_size=1968128 bytes (4.8%)
(RDMA_READ_CONSUME_CHECK_CONSUMER) timestamp=8304 ms, used_size=1966080 bytes (4.8%)
(RDMA_READ_CONSUME_CHECK_CONSUMER) timestamp=8304 ms, used_size=1964032 bytes (4.8%)
(RDMA_READ_CONSUME_CHECK_CONSUMER) timestamp=8304 ms, used_size=1961984 bytes (4.8%)
(RDMA_READ_CONSUME_CHECK_CONSUMER) timestamp=8304 ms, used_size=1959936 bytes (4.8%)
(RDMA_READ_CONSUME_CHECK_CONSUMER) timestamp=8304 ms, used_size=1957888 bytes (4.8%)
(RDMA_READ_CONSUME_CHECK_CONSUMER) timestamp=8304 ms, used_size=1955840 bytes (4.8%)
(RDMA_READ_CONSUME_CHECK_CONSUMER) timestamp=8304 ms, used_size=1953792 bytes (4.8%)
(RDMA_READ_CONSUME_CHECK_CONSUMER) timestamp=8304 ms, used_size=1951744 bytes (4.8%)
(RDMA_READ_CONSUME_CHECK_CONSUMER) timestamp=8304 ms, used_size=1949696 bytes (4.8%)
(RDMA_READ_CONSUME_CHECK_CONSUMER) timestamp=8304 ms, used_size=1947648 bytes (4.8%)
(RDMA_READ_CONSUME_CHECK_CONSUMER) timestamp=8304 ms, used_size=1945600 bytes (4.8%)
(RDMA_READ_CONSUME_CHECK_CONSUMER) timestamp=8304 ms, used_size=1943552 bytes (4.7%)
(RDMA_READ_CONSUME_CHECK_CONSUMER) timestamp=8304 ms, used_size=1941504 bytes (4.7%)
(RDMA_READ_CONSUME_CHECK_CONSUMER) timestamp=8304 ms, used_size=1939456 bytes (4.7%)
(RDMA_READ_CONSUME_CHECK_CONSUMER) timestamp=8304 ms, used_size=1937408 bytes (4.7%)
(RDMA_READ_CONSUME_CHECK_CONSUMER) timestamp=8304 ms, used_size=1935360 bytes (4.7%)
(RDMA_READ_CONSUME_CHECK_CONSUMER) timestamp=8304 ms, used_size=1933312 bytes (4.7%)
(RDMA_READ_CONSUME_CHECK_CONSUMER) timestamp=8304 ms, used_size=1931264 bytes (4.7%)
(RDMA_READ_CONSUME_CHECK_CONSUMER) timestamp=8304 ms, used_size=1929216 bytes (4.7%)
(RDMA_READ_CONSUME_CHECK_CONSUMER) timestamp=8304 ms, used_size=1927168 bytes (4.7%)
(RDMA_READ_CONSUME_CHECK_CONSUMER) timestamp=8304 ms, used_size=1925120 bytes (4.7%)
(RDMA_READ_CONSUME_CHECK_CONSUMER) timestamp=8304 ms, used_size=1923072 bytes (4.7%)
(RDMA_READ_CONSUME_CHECK_CONSUMER) timestamp=8304 ms, used_size=1921024 bytes (4.7%)
(RDMA_READ_CONSUME_CHECK_CONSUMER) timestamp=8304 ms, used_size=1918976 bytes (4.7%)
(RDMA_READ_CONSUME_CHECK_CONSUMER) timestamp=8304 ms, used_size=1916928 bytes (4.7%)
(RDMA_READ_CONSUME_CHECK_CONSUMER) timestamp=8304 ms, used_size=1914880 bytes (4.7%)
(RDMA_READ_CONSUME_CHECK_CONSUMER) timestamp=8304 ms, used_size=1912832 bytes (4.7%)
(RDMA_READ_CONSUME_CHECK_CONSUMER) timestamp=8304 ms, used_size=1910784 bytes (4.7%)
(RDMA_READ_CONSUME_CHECK_CONSUMER) timestamp=8304 ms, used_size=1908736 bytes (4.7%)
(RDMA_READ_CONSUME_CHECK_CONSUMER) timestamp=8304 ms, used_size=1906688 bytes (4.7%)
(RDMA_READ_CONSUME_CHECK_CONSUMER) timestamp=8304 ms, used_size=1904640 bytes (4.7%)
(RDMA_READ_CONSUME_CHECK_CONSUMER) timestamp=8304 ms, used_size=1902592 bytes (4.6%)
(RDMA_READ_CONSUME_CHECK_CONSUMER) timestamp=8304 ms, used_size=1900544 bytes (4.6%)
(RDMA_READ_CONSUME_CHECK_CONSUMER) timestamp=8304 ms, used_size=1898496 bytes (4.6%)
(RDMA_READ_CONSUME_CHECK_CONSUMER) timestamp=8304 ms, used_size=1896448 bytes (4.6%)
(RDMA_READ_CONSUME_CHECK_CONSUMER) timestamp=8304 ms, used_size=1894400 bytes (4.6%)
(RDMA_READ_CONSUME_CHECK_CONSUMER) timestamp=8304 ms, used_size=1892352 bytes (4.6%)
(RDMA_READ_CONSUME_CHECK_CONSUMER) timestamp=8304 ms, used_size=1890304 bytes (4.6%)
(RDMA_READ_CONSUME_CHECK_CONSUMER) timestamp=8304 ms, used_size=1888256 bytes (4.6%)
(RDMA_READ_CONSUME_CHECK_CONSUMER) timestamp=8304 ms, used_size=1886208 bytes (4.6%)
(RDMA_READ_CONSUME_CHECK_CONSUMER) timestamp=8304 ms, used_size=1884160 bytes (4.6%)
(RDMA_READ_CONSUME_CHECK_CONSUMER) timestamp=8304 ms, used_size=1882112 bytes (4.6%)
(RDMA_READ_CONSUME_CHECK_CONSUMER) timestamp=8304 ms, used_size=1880064 bytes (4.6%)
(RDMA_READ_CONSUME_CHECK_CONSUMER) timestamp=8304 ms, used_size=1878016 bytes (4.6%)
(RDMA_READ_CONSUME_CHECK_CONSUMER) timestamp=8304 ms, used_size=1875968 bytes (4.6%)
(RDMA_READ_CONSUME_CHECK_CONSUMER) timestamp=8304 ms, used_size=1873920 bytes (4.6%)
(RDMA_READ_CONSUME_CHECK_CONSUMER) timestamp=8304 ms, used_size=1871872 bytes (4.6%)
(RDMA_READ_CONSUME_CHECK_CONSUMER) timestamp=8304 ms, used_size=1869824 bytes (4.6%)
(RDMA_READ_CONSUME_CHECK_CONSUMER) timestamp=8304 ms, used_size=1867776 bytes (4.6%)
(RDMA_READ_CONSUME_CHECK_CONSUMER) timestamp=8304 ms, used_size=1865728 bytes (4.6%)
(RDMA_READ_CONSUME_CHECK_CONSUMER) timestamp=8304 ms, used_size=1863680 bytes (4.5%)
(RDMA_READ_CONSUME_CHECK_CONSUMER) timestamp=8304 ms, used_size=1861632 bytes (4.5%)
(RDMA_READ_CONSUME_CHECK_CONSUMER) timestamp=8304 ms, used_size=1859584 bytes (4.5%)
(RDMA_READ_CONSUME_CHECK_CONSUMER) timestamp=8304 ms, used_size=1857536 bytes (4.5%)
(RDMA_READ_CONSUME_CHECK_CONSUMER) timestamp=8304 ms, used_size=1855488 bytes (4.5%)
(RDMA_READ_CONSUME_CHECK_CONSUMER) timestamp=8304 ms, used_size=1853440 bytes (4.5%)
(RDMA_READ_CONSUME_CHECK_CONSUMER) timestamp=8304 ms, used_size=1851392 bytes (4.5%)
(RDMA_READ_CONSUME_CHECK_CONSUMER) timestamp=8304 ms, used_size=1849344 bytes (4.5%)
(RDMA_READ_CONSUME_CHECK_CONSUMER) timestamp=8304 ms, used_size=1847296 bytes (4.5%)
(RDMA_READ_CONSUME_CHECK_CONSUMER) timestamp=8304 ms, used_size=1845248 bytes (4.5%)
(RDMA_READ_CONSUME_CHECK_CONSUMER) timestamp=8304 ms, used_size=1843200 bytes (4.5%)
(RDMA_READ_CONSUME_CHECK_CONSUMER) timestamp=8304 ms, used_size=1841152 bytes (4.5%)
(RDMA_READ_CONSUME_CHECK_CONSUMER) timestamp=8304 ms, used_size=1839104 bytes (4.5%)
(RDMA_READ_CONSUME_CHECK_CONSUMER) timestamp=8304 ms, used_size=1837056 bytes (4.5%)
(RDMA_READ_CONSUME_CHECK_CONSUMER) timestamp=8304 ms, used_size=1835008 bytes (4.5%)
(RDMA_READ_CONSUME_CHECK_CONSUMER) timestamp=8304 ms, used_size=1832960 bytes (4.5%)
(RDMA_READ_CONSUME_CHECK_CONSUMER) timestamp=8304 ms, used_size=1830912 bytes (4.5%)
(RDMA_READ_CONSUME_CHECK_CONSUMER) timestamp=8304 ms, used_size=1828864 bytes (4.5%)
(RDMA_READ_CONSUME_CHECK_CONSUMER) timestamp=8304 ms, used_size=1826816 bytes (4.5%)
(RDMA_READ_CONSUME_CHECK_CONSUMER) timestamp=8304 ms, used_size=1824768 bytes (4.5%)
(RDMA_READ_CONSUME_CHECK_CONSUMER) timestamp=8304 ms, used_size=1822720 bytes (4.5%)
(RDMA_READ_CONSUME_CHECK_CONSUMER) timestamp=8304 ms, used_size=1820672 bytes (4.4%)
(RDMA_READ_CONSUME_CHECK_CONSUMER) timestamp=8304 ms, used_size=1818624 bytes (4.4%)
(RDMA_READ_CONSUME_CHECK_CONSUMER) timestamp=8304 ms, used_size=1816576 bytes (4.4%)
(RDMA_READ_CONSUME_CHECK_CONSUMER) timestamp=8304 ms, used_size=1814528 bytes (4.4%)
(RDMA_READ_CONSUME_CHECK_CONSUMER) timestamp=8304 ms, used_size=1812480 bytes (4.4%)
(RDMA_READ_CONSUME_CHECK_CONSUMER) timestamp=8304 ms, used_size=1810432 bytes (4.4%)
(RDMA_READ_CONSUME_CHECK_CONSUMER) timestamp=8304 ms, used_size=1808384 bytes (4.4%)
(RDMA_READ_CONSUME_CHECK_CONSUMER) timestamp=8304 ms, used_size=1806336 bytes (4.4%)
(RDMA_READ_CONSUME_CHECK_CONSUMER) timestamp=8304 ms, used_size=1804288 bytes (4.4%)
(RDMA_READ_CONSUME_CHECK_CONSUMER) timestamp=8304 ms, used_size=1802240 bytes (4.4%)
(RDMA_READ_CONSUME_CHECK_CONSUMER) timestamp=8304 ms, used_size=1800192 bytes (4.4%)
(RDMA_READ_CONSUME_CHECK_CONSUMER) timestamp=8304 ms, used_size=1798144 bytes (4.4%)
(RDMA_READ_CONSUME_CHECK_CONSUMER) timestamp=8304 ms, used_size=1796096 bytes (4.4%)
(RDMA_READ_CONSUME_CHECK_CONSUMER) timestamp=8304 ms, used_size=1794048 bytes (4.4%)
(RDMA_READ_CONSUME_CHECK_CONSUMER) timestamp=8304 ms, used_size=1792000 bytes (4.4%)
(RDMA_READ_CONSUME_CHECK_CONSUMER) timestamp=8304 ms, used_size=1789952 bytes (4.4%)
(RDMA_READ_CONSUME_CHECK_CONSUMER) timestamp=8304 ms, used_size=1787904 bytes (4.4%)
(RDMA_READ_CONSUME_CHECK_CONSUMER) timestamp=8304 ms, used_size=1785856 bytes (4.4%)
(RDMA_READ_CONSUME_CHECK_CONSUMER) timestamp=8304 ms, used_size=1783808 bytes (4.4%)
(RDMA_READ_CONSUME_CHECK_CONSUMER) timestamp=8304 ms, used_size=1781760 bytes (4.3%)
(RDMA_READ_CONSUME_CHECK_CONSUMER) timestamp=8304 ms, used_size=1779712 bytes (4.3%)
(RDMA_READ_CONSUME_CHECK_CONSUMER) timestamp=8304 ms, used_size=1777664 bytes (4.3%)
(RDMA_READ_CONSUME_CHECK_CONSUMER) timestamp=8304 ms, used_size=1775616 bytes (4.3%)
(RDMA_READ_CONSUME_CHECK_CONSUMER) timestamp=8304 ms, used_size=1773568 bytes (4.3%)
(RDMA_READ_CONSUME_CHECK_CONSUMER) timestamp=8304 ms, used_size=1771520 bytes (4.3%)
(RDMA_READ_CONSUME_CHECK_CONSUMER) timestamp=8304 ms, used_size=1769472 bytes (4.3%)
(RDMA_READ_CONSUME_CHECK_CONSUMER) timestamp=8304 ms, used_size=1767424 bytes (4.3%)
(RDMA_READ_CONSUME_CHECK_CONSUMER) timestamp=8304 ms, used_size=1765376 bytes (4.3%)
(RDMA_READ_CONSUME_CHECK_CONSUMER) timestamp=8304 ms, used_size=1763328 bytes (4.3%)
(RDMA_READ_CONSUME_CHECK_CONSUMER) timestamp=8304 ms, used_size=1761280 bytes (4.3%)
(RDMA_READ_CONSUME_CHECK_CONSUMER) timestamp=8304 ms, used_size=1759232 bytes (4.3%)
(RDMA_READ_CONSUME_CHECK_CONSUMER) timestamp=8304 ms, used_size=1757184 bytes (4.3%)
(RDMA_READ_CONSUME_CHECK_CONSUMER) timestamp=8304 ms, used_size=1755136 bytes (4.3%)
(RDMA_READ_CONSUME_CHECK_CONSUMER) timestamp=8304 ms, used_size=1753088 bytes (4.3%)
(RDMA_READ_CONSUME_CHECK_CONSUMER) timestamp=8304 ms, used_size=1751040 bytes (4.3%)
(RDMA_READ_CONSUME_CHECK_CONSUMER) timestamp=8304 ms, used_size=1748992 bytes (4.3%)
(RDMA_READ_CONSUME_CHECK_CONSUMER) timestamp=8304 ms, used_size=1746944 bytes (4.3%)
(RDMA_READ_CONSUME_CHECK_CONSUMER) timestamp=8304 ms, used_size=1744896 bytes (4.3%)
(RDMA_READ_CONSUME_CHECK_CONSUMER) timestamp=8304 ms, used_size=1742848 bytes (4.3%)
(RDMA_READ_CONSUME_CHECK_CONSUMER) timestamp=8304 ms, used_size=1740800 bytes (4.2%)
(RDMA_READ_CONSUME_CHECK_CONSUMER) timestamp=8304 ms, used_size=1738752 bytes (4.2%)
(RDMA_READ_CONSUME_CHECK_CONSUMER) timestamp=8304 ms, used_size=1736704 bytes (4.2%)
(RDMA_READ_CONSUME_CHECK_CONSUMER) timestamp=8304 ms, used_size=1734656 bytes (4.2%)
(RDMA_READ_CONSUME_CHECK_CONSUMER) timestamp=8304 ms, used_size=1732608 bytes (4.2%)
(RDMA_READ_CONSUME_CHECK_CONSUMER) timestamp=8304 ms, used_size=1730560 bytes (4.2%)
(RDMA_READ_CONSUME_CHECK_CONSUMER) timestamp=8304 ms, used_size=1728512 bytes (4.2%)
(RDMA_READ_CONSUME_CHECK_CONSUMER) timestamp=8304 ms, used_size=1726464 bytes (4.2%)
(RDMA_READ_CONSUME_CHECK_CONSUMER) timestamp=8304 ms, used_size=1724416 bytes (4.2%)
(RDMA_READ_CONSUME_CHECK_CONSUMER) timestamp=8304 ms, used_size=1722368 bytes (4.2%)
(RDMA_READ_CONSUME_CHECK_CONSUMER) timestamp=8304 ms, used_size=1720320 bytes (4.2%)
(RDMA_READ_CONSUME_CHECK_CONSUMER) timestamp=8304 ms, used_size=1718272 bytes (4.2%)
(RDMA_READ_CONSUME_CHECK_CONSUMER) timestamp=8304 ms, used_size=1716224 bytes (4.2%)
(RDMA_READ_CONSUME_CHECK_CONSUMER) timestamp=8304 ms, used_size=1714176 bytes (4.2%)
(RDMA_READ_CONSUME_CHECK_CONSUMER) timestamp=8304 ms, used_size=1712128 bytes (4.2%)
(RDMA_READ_CONSUME_CHECK_CONSUMER) timestamp=8304 ms, used_size=1710080 bytes (4.2%)
(RDMA_READ_CONSUME_CHECK_CONSUMER) timestamp=8304 ms, used_size=1708032 bytes (4.2%)
(RDMA_READ_CONSUME_CHECK_CONSUMER) timestamp=8304 ms, used_size=1705984 bytes (4.2%)
(RDMA_READ_CONSUME_CHECK_CONSUMER) timestamp=8304 ms, used_size=1703936 bytes (4.2%)
(RDMA_READ_CONSUME_CHECK_CONSUMER) timestamp=8304 ms, used_size=1701888 bytes (4.2%)
(RDMA_READ_CONSUME_CHECK_CONSUMER) timestamp=8304 ms, used_size=1699840 bytes (4.2%)
(RDMA_READ_CONSUME_CHECK_CONSUMER) timestamp=8304 ms, used_size=1697792 bytes (4.1%)
(RDMA_READ_CONSUME_CHECK_CONSUMER) timestamp=8304 ms, used_size=1695744 bytes (4.1%)
(RDMA_READ_CONSUME_CHECK_CONSUMER) timestamp=8304 ms, used_size=1693696 bytes (4.1%)
(RDMA_READ_CONSUME_CHECK_CONSUMER) timestamp=8304 ms, used_size=1691648 bytes (4.1%)
(RDMA_READ_CONSUME_CHECK_CONSUMER) timestamp=8304 ms, used_size=1689600 bytes (4.1%)
(RDMA_READ_CONSUME_CHECK_CONSUMER) timestamp=8304 ms, used_size=1687552 bytes (4.1%)
(RDMA_READ_CONSUME_CHECK_CONSUMER) timestamp=8304 ms, used_size=1685504 bytes (4.1%)
(RDMA_READ_CONSUME_CHECK_CONSUMER) timestamp=8304 ms, used_size=1683456 bytes (4.1%)
(RDMA_READ_CONSUME_CHECK_CONSUMER) timestamp=8304 ms, used_size=1681408 bytes (4.1%)
(RDMA_READ_CONSUME_CHECK_CONSUMER) timestamp=8304 ms, used_size=1679360 bytes (4.1%)
(RDMA_READ_CONSUME_CHECK_CONSUMER) timestamp=8304 ms, used_size=1677312 bytes (4.1%)
(RDMA_READ_CONSUME_CHECK_CONSUMER) timestamp=8305 ms, used_size=1675264 bytes (4.1%)
(RDMA_READ_CONSUME_CHECK_CONSUMER) timestamp=8305 ms, used_size=1673216 bytes (4.1%)
(RDMA_READ_CONSUME_CHECK_CONSUMER) timestamp=8305 ms, used_size=1671168 bytes (4.1%)
(RDMA_READ_CONSUME_CHECK_CONSUMER) timestamp=8305 ms, used_size=1669120 bytes (4.1%)
(RDMA_READ_CONSUME_CHECK_CONSUMER) timestamp=8305 ms, used_size=1667072 bytes (4.1%)
(RDMA_READ_CONSUME_CHECK_CONSUMER) timestamp=8305 ms, used_size=1665024 bytes (4.1%)
(RDMA_READ_CONSUME_CHECK_CONSUMER) timestamp=8305 ms, used_size=1662976 bytes (4.1%)
(RDMA_READ_CONSUME_CHECK_CONSUMER) timestamp=8305 ms, used_size=1660928 bytes (4.1%)
(RDMA_READ_CONSUME_CHECK_CONSUMER) timestamp=8305 ms, used_size=1658880 bytes (4.0%)
(RDMA_READ_CONSUME_CHECK_CONSUMER) timestamp=8305 ms, used_size=1656832 bytes (4.0%)
(RDMA_READ_CONSUME_CHECK_CONSUMER) timestamp=8305 ms, used_size=1654784 bytes (4.0%)
(RDMA_READ_CONSUME_CHECK_CONSUMER) timestamp=8305 ms, used_size=1652736 bytes (4.0%)
(RDMA_READ_CONSUME_CHECK_CONSUMER) timestamp=8305 ms, used_size=1650688 bytes (4.0%)
(RDMA_READ_CONSUME_CHECK_CONSUMER) timestamp=8305 ms, used_size=1648640 bytes (4.0%)
(RDMA_READ_CONSUME_CHECK_CONSUMER) timestamp=8305 ms, used_size=1646592 bytes (4.0%)
(RDMA_READ_CONSUME_CHECK_CONSUMER) timestamp=8305 ms, used_size=1644544 bytes (4.0%)
(RDMA_READ_CONSUME_CHECK_CONSUMER) timestamp=8305 ms, used_size=1642496 bytes (4.0%)
(RDMA_READ_CONSUME_CHECK_CONSUMER) timestamp=8305 ms, used_size=1640448 bytes (4.0%)
(RDMA_READ_CONSUME_CHECK_CONSUMER) timestamp=8305 ms, used_size=1638400 bytes (4.0%)
(RDMA_READ_CONSUME_CHECK_CONSUMER) timestamp=8305 ms, used_size=1636352 bytes (4.0%)
(RDMA_READ_CONSUME_CHECK_CONSUMER) timestamp=8305 ms, used_size=1634304 bytes (4.0%)
(RDMA_READ_CONSUME_CHECK_CONSUMER) timestamp=8305 ms, used_size=1632256 bytes (4.0%)
(RDMA_READ_CONSUME_CHECK_CONSUMER) timestamp=8305 ms, used_size=1630208 bytes (4.0%)
(RDMA_READ_CONSUME_CHECK_CONSUMER) timestamp=8305 ms, used_size=1628160 bytes (4.0%)
(RDMA_READ_CONSUME_CHECK_CONSUMER) timestamp=8305 ms, used_size=1626112 bytes (4.0%)
(RDMA_READ_CONSUME_CHECK_CONSUMER) timestamp=8305 ms, used_size=1624064 bytes (4.0%)
(RDMA_READ_CONSUME_CHECK_CONSUMER) timestamp=8305 ms, used_size=1622016 bytes (4.0%)
(RDMA_READ_CONSUME_CHECK_CONSUMER) timestamp=8305 ms, used_size=1619968 bytes (4.0%)
(RDMA_READ_CONSUME_CHECK_CONSUMER) timestamp=8305 ms, used_size=1617920 bytes (4.0%)
(RDMA_READ_CONSUME_CHECK_CONSUMER) timestamp=8305 ms, used_size=1615872 bytes (3.9%)
(RDMA_READ_CONSUME_CHECK_CONSUMER) timestamp=8305 ms, used_size=1613824 bytes (3.9%)
(RDMA_READ_CONSUME_CHECK_CONSUMER) timestamp=8305 ms, used_size=1611776 bytes (3.9%)
(RDMA_READ_CONSUME_CHECK_CONSUMER) timestamp=8305 ms, used_size=1609728 bytes (3.9%)
(RDMA_READ_CONSUME_CHECK_CONSUMER) timestamp=8305 ms, used_size=1607680 bytes (3.9%)
(RDMA_READ_CONSUME_CHECK_CONSUMER) timestamp=8305 ms, used_size=1605632 bytes (3.9%)
(RDMA_READ_CONSUME_CHECK_CONSUMER) timestamp=8305 ms, used_size=1603584 bytes (3.9%)
(RDMA_READ_CONSUME_CHECK_CONSUMER) timestamp=8305 ms, used_size=1601536 bytes (3.9%)
(RDMA_READ_CONSUME_CHECK_CONSUMER) timestamp=8305 ms, used_size=1599488 bytes (3.9%)
(RDMA_READ_CONSUME_CHECK_CONSUMER) timestamp=8305 ms, used_size=1597440 bytes (3.9%)
(RDMA_READ_CONSUME_CHECK_CONSUMER) timestamp=8305 ms, used_size=1595392 bytes (3.9%)
(RDMA_READ_CONSUME_CHECK_CONSUMER) timestamp=8305 ms, used_size=1593344 bytes (3.9%)
(RDMA_READ_CONSUME_CHECK_CONSUMER) timestamp=8305 ms, used_size=1591296 bytes (3.9%)
(RDMA_READ_CONSUME_CHECK_CONSUMER) timestamp=8305 ms, used_size=1589248 bytes (3.9%)
(RDMA_READ_CONSUME_CHECK_CONSUMER) timestamp=8305 ms, used_size=1587200 bytes (3.9%)
(RDMA_READ_CONSUME_CHECK_CONSUMER) timestamp=8305 ms, used_size=1585152 bytes (3.9%)
(RDMA_READ_CONSUME_CHECK_CONSUMER) timestamp=8305 ms, used_size=1583104 bytes (3.9%)
(RDMA_READ_CONSUME_CHECK_CONSUMER) timestamp=8305 ms, used_size=1581056 bytes (3.9%)
(RDMA_READ_CONSUME_CHECK_CONSUMER) timestamp=8305 ms, used_size=1579008 bytes (3.9%)
(RDMA_READ_CONSUME_CHECK_CONSUMER) timestamp=8305 ms, used_size=1576960 bytes (3.9%)
(RDMA_READ_CONSUME_CHECK_CONSUMER) timestamp=8305 ms, used_size=1574912 bytes (3.8%)
(RDMA_READ_CONSUME_CHECK_CONSUMER) timestamp=8305 ms, used_size=1572864 bytes (3.8%)
(RDMA_READ_CONSUME_CHECK_CONSUMER) timestamp=8305 ms, used_size=1570816 bytes (3.8%)
(RDMA_READ_CONSUME_CHECK_CONSUMER) timestamp=8305 ms, used_size=1568768 bytes (3.8%)
(RDMA_READ_CONSUME_CHECK_CONSUMER) timestamp=8305 ms, used_size=1566720 bytes (3.8%)
(RDMA_READ_CONSUME_CHECK_CONSUMER) timestamp=8305 ms, used_size=1564672 bytes (3.8%)
(RDMA_READ_CONSUME_CHECK_CONSUMER) timestamp=8305 ms, used_size=1562624 bytes (3.8%)
(RDMA_READ_CONSUME_CHECK_CONSUMER) timestamp=8305 ms, used_size=1560576 bytes (3.8%)
(RDMA_READ_CONSUME_CHECK_CONSUMER) timestamp=8305 ms, used_size=1558528 bytes (3.8%)
(RDMA_READ_CONSUME_CHECK_CONSUMER) timestamp=8305 ms, used_size=1556480 bytes (3.8%)
(RDMA_READ_CONSUME_CHECK_CONSUMER) timestamp=8305 ms, used_size=1554432 bytes (3.8%)
(RDMA_READ_CONSUME_CHECK_CONSUMER) timestamp=8305 ms, used_size=1552384 bytes (3.8%)
(RDMA_READ_CONSUME_CHECK_CONSUMER) timestamp=8305 ms, used_size=1550336 bytes (3.8%)
(RDMA_READ_CONSUME_CHECK_CONSUMER) timestamp=8305 ms, used_size=1548288 bytes (3.8%)
(RDMA_READ_CONSUME_CHECK_CONSUMER) timestamp=8305 ms, used_size=1546240 bytes (3.8%)
(RDMA_READ_CONSUME_CHECK_CONSUMER) timestamp=8305 ms, used_size=1544192 bytes (3.8%)
(RDMA_READ_CONSUME_CHECK_CONSUMER) timestamp=8305 ms, used_size=1542144 bytes (3.8%)
(RDMA_READ_CONSUME_CHECK_CONSUMER) timestamp=8305 ms, used_size=1540096 bytes (3.8%)
(RDMA_READ_CONSUME_CHECK_CONSUMER) timestamp=8305 ms, used_size=1538048 bytes (3.8%)
(RDMA_READ_CONSUME_CHECK_CONSUMER) timestamp=8305 ms, used_size=1536000 bytes (3.8%)
(RDMA_READ_CONSUME_CHECK_CONSUMER) timestamp=8305 ms, used_size=1533952 bytes (3.7%)
(RDMA_READ_CONSUME_CHECK_CONSUMER) timestamp=8305 ms, used_size=1531904 bytes (3.7%)
(RDMA_READ_CONSUME_CHECK_CONSUMER) timestamp=8305 ms, used_size=1529856 bytes (3.7%)
(RDMA_READ_CONSUME_CHECK_CONSUMER) timestamp=8305 ms, used_size=1527808 bytes (3.7%)
(RDMA_READ_CONSUME_CHECK_CONSUMER) timestamp=8305 ms, used_size=1525760 bytes (3.7%)
(RDMA_READ_CONSUME_CHECK_CONSUMER) timestamp=8305 ms, used_size=1523712 bytes (3.7%)
(RDMA_READ_CONSUME_CHECK_CONSUMER) timestamp=8305 ms, used_size=1521664 bytes (3.7%)
(RDMA_READ_CONSUME_CHECK_CONSUMER) timestamp=8305 ms, used_size=1519616 bytes (3.7%)
(RDMA_READ_CONSUME_CHECK_CONSUMER) timestamp=8305 ms, used_size=1517568 bytes (3.7%)
(RDMA_READ_CONSUME_CHECK_CONSUMER) timestamp=8305 ms, used_size=1515520 bytes (3.7%)
(RDMA_READ_CONSUME_CHECK_CONSUMER) timestamp=8305 ms, used_size=1513472 bytes (3.7%)
(RDMA_READ_CONSUME_CHECK_CONSUMER) timestamp=8305 ms, used_size=1511424 bytes (3.7%)
(RDMA_READ_CONSUME_CHECK_CONSUMER) timestamp=8305 ms, used_size=1509376 bytes (3.7%)
(RDMA_READ_CONSUME_CHECK_CONSUMER) timestamp=8305 ms, used_size=1507328 bytes (3.7%)
(RDMA_READ_CONSUME_CHECK_CONSUMER) timestamp=8305 ms, used_size=1505280 bytes (3.7%)
(RDMA_READ_CONSUME_CHECK_CONSUMER) timestamp=8305 ms, used_size=1503232 bytes (3.7%)
(RDMA_READ_CONSUME_CHECK_CONSUMER) timestamp=8305 ms, used_size=1501184 bytes (3.7%)
(RDMA_READ_CONSUME_CHECK_CONSUMER) timestamp=8305 ms, used_size=1499136 bytes (3.7%)
(RDMA_READ_CONSUME_CHECK_CONSUMER) timestamp=8305 ms, used_size=1497088 bytes (3.7%)
(RDMA_READ_CONSUME_CHECK_CONSUMER) timestamp=8305 ms, used_size=1495040 bytes (3.6%)
(RDMA_READ_CONSUME_CHECK_CONSUMER) timestamp=8305 ms, used_size=1492992 bytes (3.6%)
(RDMA_READ_CONSUME_CHECK_CONSUMER) timestamp=8305 ms, used_size=1490944 bytes (3.6%)
(RDMA_READ_CONSUME_CHECK_CONSUMER) timestamp=8305 ms, used_size=1488896 bytes (3.6%)
(RDMA_READ_CONSUME_CHECK_CONSUMER) timestamp=8305 ms, used_size=1486848 bytes (3.6%)
(RDMA_READ_CONSUME_CHECK_CONSUMER) timestamp=8305 ms, used_size=1484800 bytes (3.6%)
(RDMA_READ_CONSUME_CHECK_CONSUMER) timestamp=8305 ms, used_size=1482752 bytes (3.6%)
(RDMA_READ_CONSUME_CHECK_CONSUMER) timestamp=8305 ms, used_size=1480704 bytes (3.6%)
(RDMA_READ_CONSUME_CHECK_CONSUMER) timestamp=8305 ms, used_size=1478656 bytes (3.6%)
(RDMA_READ_CONSUME_CHECK_CONSUMER) timestamp=8305 ms, used_size=1476608 bytes (3.6%)
(RDMA_READ_CONSUME_CHECK_CONSUMER) timestamp=8305 ms, used_size=1474560 bytes (3.6%)
(RDMA_READ_CONSUME_CHECK_CONSUMER) timestamp=8305 ms, used_size=1472512 bytes (3.6%)
(RDMA_READ_CONSUME_CHECK_CONSUMER) timestamp=8305 ms, used_size=1470464 bytes (3.6%)
(RDMA_READ_CONSUME_CHECK_CONSUMER) timestamp=8305 ms, used_size=1468416 bytes (3.6%)
(RDMA_READ_CONSUME_CHECK_CONSUMER) timestamp=8305 ms, used_size=1466368 bytes (3.6%)
(RDMA_READ_CONSUME_CHECK_CONSUMER) timestamp=8305 ms, used_size=1464320 bytes (3.6%)
(RDMA_READ_CONSUME_CHECK_CONSUMER) timestamp=8305 ms, used_size=1462272 bytes (3.6%)
(RDMA_READ_CONSUME_CHECK_CONSUMER) timestamp=8305 ms, used_size=1460224 bytes (3.6%)
(RDMA_READ_CONSUME_CHECK_CONSUMER) timestamp=8305 ms, used_size=1458176 bytes (3.6%)
(RDMA_READ_CONSUME_CHECK_CONSUMER) timestamp=8305 ms, used_size=1456128 bytes (3.6%)
(RDMA_READ_CONSUME_CHECK_CONSUMER) timestamp=8305 ms, used_size=1454080 bytes (3.5%)
(RDMA_READ_CONSUME_CHECK_CONSUMER) timestamp=8305 ms, used_size=1452032 bytes (3.5%)
(RDMA_READ_CONSUME_CHECK_CONSUMER) timestamp=8305 ms, used_size=1449984 bytes (3.5%)
(RDMA_READ_CONSUME_CHECK_CONSUMER) timestamp=8305 ms, used_size=1447936 bytes (3.5%)
(RDMA_READ_CONSUME_CHECK_CONSUMER) timestamp=8305 ms, used_size=1445888 bytes (3.5%)
(RDMA_READ_CONSUME_CHECK_CONSUMER) timestamp=8305 ms, used_size=1443840 bytes (3.5%)
(RDMA_READ_CONSUME_CHECK_CONSUMER) timestamp=8305 ms, used_size=1441792 bytes (3.5%)
(RDMA_READ_CONSUME_CHECK_CONSUMER) timestamp=8305 ms, used_size=1439744 bytes (3.5%)
(RDMA_READ_CONSUME_CHECK_CONSUMER) timestamp=8305 ms, used_size=1437696 bytes (3.5%)
(RDMA_READ_CONSUME_CHECK_CONSUMER) timestamp=8305 ms, used_size=1435648 bytes (3.5%)
(RDMA_READ_CONSUME_CHECK_CONSUMER) timestamp=8305 ms, used_size=1433600 bytes (3.5%)
(RDMA_READ_CONSUME_CHECK_CONSUMER) timestamp=8305 ms, used_size=1431552 bytes (3.5%)
(RDMA_READ_CONSUME_CHECK_CONSUMER) timestamp=8305 ms, used_size=1429504 bytes (3.5%)
(RDMA_READ_CONSUME_CHECK_CONSUMER) timestamp=8305 ms, used_size=1427456 bytes (3.5%)
(RDMA_READ_CONSUME_CHECK_CONSUMER) timestamp=8305 ms, used_size=1425408 bytes (3.5%)
(RDMA_READ_CONSUME_CHECK_CONSUMER) timestamp=8305 ms, used_size=1423360 bytes (3.5%)
(RDMA_READ_CONSUME_CHECK_CONSUMER) timestamp=8305 ms, used_size=1421312 bytes (3.5%)
(RDMA_READ_CONSUME_CHECK_CONSUMER) timestamp=8305 ms, used_size=1419264 bytes (3.5%)
(RDMA_READ_CONSUME_CHECK_CONSUMER) timestamp=8305 ms, used_size=1417216 bytes (3.5%)
(RDMA_READ_CONSUME_CHECK_CONSUMER) timestamp=8305 ms, used_size=1415168 bytes (3.5%)
(RDMA_READ_CONSUME_CHECK_CONSUMER) timestamp=8305 ms, used_size=1413120 bytes (3.5%)
(RDMA_READ_CONSUME_CHECK_CONSUMER) timestamp=8305 ms, used_size=1411072 bytes (3.4%)
(RDMA_READ_CONSUME_CHECK_CONSUMER) timestamp=8305 ms, used_size=1409024 bytes (3.4%)
(RDMA_READ_CONSUME_CHECK_CONSUMER) timestamp=8305 ms, used_size=1406976 bytes (3.4%)
(RDMA_READ_CONSUME_CHECK_CONSUMER) timestamp=8305 ms, used_size=1404928 bytes (3.4%)
(RDMA_READ_CONSUME_CHECK_CONSUMER) timestamp=8305 ms, used_size=1402880 bytes (3.4%)
(RDMA_READ_CONSUME_CHECK_CONSUMER) timestamp=8305 ms, used_size=1400832 bytes (3.4%)
(RDMA_READ_CONSUME_CHECK_CONSUMER) timestamp=8305 ms, used_size=1398784 bytes (3.4%)
(RDMA_READ_CONSUME_CHECK_CONSUMER) timestamp=8305 ms, used_size=1396736 bytes (3.4%)
(RDMA_READ_CONSUME_CHECK_CONSUMER) timestamp=8305 ms, used_size=1394688 bytes (3.4%)
(RDMA_READ_CONSUME_CHECK_CONSUMER) timestamp=8305 ms, used_size=1392640 bytes (3.4%)
(RDMA_READ_CONSUME_CHECK_CONSUMER) timestamp=8305 ms, used_size=1390592 bytes (3.4%)
(RDMA_READ_CONSUME_CHECK_CONSUMER) timestamp=8305 ms, used_size=1388544 bytes (3.4%)
(RDMA_READ_CONSUME_CHECK_CONSUMER) timestamp=8305 ms, used_size=1386496 bytes (3.4%)
(RDMA_READ_CONSUME_CHECK_CONSUMER) timestamp=8305 ms, used_size=1384448 bytes (3.4%)
(RDMA_READ_CONSUME_CHECK_CONSUMER) timestamp=8305 ms, used_size=1382400 bytes (3.4%)
(RDMA_READ_CONSUME_CHECK_CONSUMER) timestamp=8305 ms, used_size=1380352 bytes (3.4%)
(RDMA_READ_CONSUME_CHECK_CONSUMER) timestamp=8305 ms, used_size=1378304 bytes (3.4%)
(RDMA_READ_CONSUME_CHECK_CONSUMER) timestamp=8305 ms, used_size=1376256 bytes (3.4%)
(RDMA_READ_CONSUME_CHECK_CONSUMER) timestamp=8305 ms, used_size=1374208 bytes (3.4%)
(RDMA_READ_CONSUME_CHECK_CONSUMER) timestamp=8305 ms, used_size=1372160 bytes (3.4%)
(RDMA_READ_CONSUME_CHECK_CONSUMER) timestamp=8305 ms, used_size=1370112 bytes (3.3%)
(RDMA_READ_CONSUME_CHECK_CONSUMER) timestamp=8305 ms, used_size=1368064 bytes (3.3%)
(RDMA_READ_CONSUME_CHECK_CONSUMER) timestamp=8305 ms, used_size=1366016 bytes (3.3%)
(RDMA_READ_CONSUME_CHECK_CONSUMER) timestamp=8305 ms, used_size=1363968 bytes (3.3%)
(RDMA_READ_CONSUME_CHECK_CONSUMER) timestamp=8305 ms, used_size=1361920 bytes (3.3%)
(RDMA_READ_CONSUME_CHECK_CONSUMER) timestamp=8305 ms, used_size=1359872 bytes (3.3%)
(RDMA_READ_CONSUME_CHECK_CONSUMER) timestamp=8305 ms, used_size=1357824 bytes (3.3%)
(RDMA_READ_CONSUME_CHECK_CONSUMER) timestamp=8305 ms, used_size=1355776 bytes (3.3%)
(RDMA_READ_CONSUME_CHECK_CONSUMER) timestamp=8305 ms, used_size=1353728 bytes (3.3%)
(RDMA_READ_CONSUME_CHECK_CONSUMER) timestamp=8305 ms, used_size=1351680 bytes (3.3%)
(RDMA_READ_CONSUME_CHECK_CONSUMER) timestamp=8305 ms, used_size=1349632 bytes (3.3%)
(RDMA_READ_CONSUME_CHECK_CONSUMER) timestamp=8305 ms, used_size=1347584 bytes (3.3%)
(RDMA_READ_CONSUME_CHECK_CONSUMER) timestamp=8305 ms, used_size=1345536 bytes (3.3%)
(RDMA_READ_CONSUME_CHECK_CONSUMER) timestamp=8305 ms, used_size=1343488 bytes (3.3%)
(RDMA_READ_CONSUME_CHECK_CONSUMER) timestamp=8305 ms, used_size=1341440 bytes (3.3%)
(RDMA_READ_CONSUME_CHECK_CONSUMER) timestamp=8305 ms, used_size=1339392 bytes (3.3%)
(RDMA_READ_CONSUME_CHECK_CONSUMER) timestamp=8305 ms, used_size=1337344 bytes (3.3%)
(RDMA_READ_CONSUME_CHECK_CONSUMER) timestamp=8305 ms, used_size=1335296 bytes (3.3%)
(RDMA_READ_CONSUME_CHECK_CONSUMER) timestamp=8305 ms, used_size=1333248 bytes (3.3%)
(RDMA_READ_CONSUME_CHECK_CONSUMER) timestamp=8305 ms, used_size=1331200 bytes (3.2%)
(RDMA_READ_CONSUME_CHECK_CONSUMER) timestamp=8305 ms, used_size=1329152 bytes (3.2%)
(RDMA_READ_CONSUME_CHECK_CONSUMER) timestamp=8305 ms, used_size=1327104 bytes (3.2%)
(RDMA_READ_CONSUME_CHECK_CONSUMER) timestamp=8305 ms, used_size=1325056 bytes (3.2%)
(RDMA_READ_CONSUME_CHECK_CONSUMER) timestamp=8305 ms, used_size=1323008 bytes (3.2%)
(RDMA_READ_CONSUME_CHECK_CONSUMER) timestamp=8305 ms, used_size=1320960 bytes (3.2%)
(RDMA_READ_CONSUME_CHECK_CONSUMER) timestamp=8305 ms, used_size=1318912 bytes (3.2%)
(RDMA_READ_CONSUME_CHECK_CONSUMER) timestamp=8305 ms, used_size=1316864 bytes (3.2%)
(RDMA_READ_CONSUME_CHECK_CONSUMER) timestamp=8305 ms, used_size=1314816 bytes (3.2%)
(RDMA_READ_CONSUME_CHECK_CONSUMER) timestamp=8306 ms, used_size=1312768 bytes (3.2%)
(RDMA_READ_CONSUME_CHECK_CONSUMER) timestamp=8306 ms, used_size=1310720 bytes (3.2%)
(RDMA_READ_CONSUME_CHECK_CONSUMER) timestamp=8306 ms, used_size=1308672 bytes (3.2%)
(RDMA_READ_CONSUME_CHECK_CONSUMER) timestamp=8306 ms, used_size=1306624 bytes (3.2%)
(RDMA_READ_CONSUME_CHECK_CONSUMER) timestamp=8306 ms, used_size=1304576 bytes (3.2%)
(RDMA_READ_CONSUME_CHECK_CONSUMER) timestamp=8306 ms, used_size=1302528 bytes (3.2%)
(RDMA_READ_CONSUME_CHECK_CONSUMER) timestamp=8306 ms, used_size=1300480 bytes (3.2%)
(RDMA_READ_CONSUME_CHECK_CONSUMER) timestamp=8306 ms, used_size=1298432 bytes (3.2%)
(RDMA_READ_CONSUME_CHECK_CONSUMER) timestamp=8306 ms, used_size=1296384 bytes (3.2%)
(RDMA_READ_CONSUME_CHECK_CONSUMER) timestamp=8306 ms, used_size=1294336 bytes (3.2%)
(RDMA_READ_CONSUME_CHECK_CONSUMER) timestamp=8306 ms, used_size=1292288 bytes (3.2%)
(RDMA_READ_CONSUME_CHECK_CONSUMER) timestamp=8306 ms, used_size=1290240 bytes (3.1%)
(RDMA_READ_CONSUME_CHECK_CONSUMER) timestamp=8306 ms, used_size=1288192 bytes (3.1%)
(RDMA_READ_CONSUME_CHECK_CONSUMER) timestamp=8306 ms, used_size=1286144 bytes (3.1%)
(RDMA_READ_CONSUME_CHECK_CONSUMER) timestamp=8306 ms, used_size=1284096 bytes (3.1%)
(RDMA_READ_CONSUME_CHECK_CONSUMER) timestamp=8306 ms, used_size=1282048 bytes (3.1%)
(RDMA_READ_CONSUME_CHECK_CONSUMER) timestamp=8306 ms, used_size=1280000 bytes (3.1%)
(RDMA_READ_CONSUME_CHECK_CONSUMER) timestamp=8306 ms, used_size=1277952 bytes (3.1%)
(RDMA_READ_CONSUME_CHECK_CONSUMER) timestamp=8306 ms, used_size=1275904 bytes (3.1%)
(RDMA_READ_CONSUME_CHECK_CONSUMER) timestamp=8306 ms, used_size=1273856 bytes (3.1%)
(RDMA_READ_CONSUME_CHECK_CONSUMER) timestamp=8306 ms, used_size=1271808 bytes (3.1%)
(RDMA_READ_CONSUME_CHECK_CONSUMER) timestamp=8306 ms, used_size=1269760 bytes (3.1%)
(RDMA_READ_CONSUME_CHECK_CONSUMER) timestamp=8306 ms, used_size=1267712 bytes (3.1%)
(RDMA_READ_CONSUME_CHECK_CONSUMER) timestamp=8306 ms, used_size=1265664 bytes (3.1%)
(RDMA_READ_CONSUME_CHECK_CONSUMER) timestamp=8306 ms, used_size=1263616 bytes (3.1%)
(RDMA_READ_CONSUME_CHECK_CONSUMER) timestamp=8306 ms, used_size=1261568 bytes (3.1%)
(RDMA_READ_CONSUME_CHECK_CONSUMER) timestamp=8306 ms, used_size=1259520 bytes (3.1%)
(RDMA_READ_CONSUME_CHECK_CONSUMER) timestamp=8306 ms, used_size=1257472 bytes (3.1%)
(RDMA_READ_CONSUME_CHECK_CONSUMER) timestamp=8306 ms, used_size=1255424 bytes (3.1%)
(RDMA_READ_CONSUME_CHECK_CONSUMER) timestamp=8306 ms, used_size=1253376 bytes (3.1%)
(RDMA_READ_CONSUME_CHECK_CONSUMER) timestamp=8306 ms, used_size=1251328 bytes (3.1%)
(RDMA_READ_CONSUME_CHECK_CONSUMER) timestamp=8306 ms, used_size=1249280 bytes (3.0%)
(RDMA_READ_CONSUME_CHECK_CONSUMER) timestamp=8306 ms, used_size=1247232 bytes (3.0%)
(RDMA_READ_CONSUME_CHECK_CONSUMER) timestamp=8306 ms, used_size=1245184 bytes (3.0%)
(RDMA_READ_CONSUME_CHECK_CONSUMER) timestamp=8306 ms, used_size=1243136 bytes (3.0%)
(RDMA_READ_CONSUME_CHECK_CONSUMER) timestamp=8306 ms, used_size=1241088 bytes (3.0%)
(RDMA_READ_CONSUME_CHECK_CONSUMER) timestamp=8306 ms, used_size=1239040 bytes (3.0%)
(RDMA_READ_CONSUME_CHECK_CONSUMER) timestamp=8306 ms, used_size=1236992 bytes (3.0%)
(RDMA_READ_CONSUME_CHECK_CONSUMER) timestamp=8306 ms, used_size=1234944 bytes (3.0%)
(RDMA_READ_CONSUME_CHECK_CONSUMER) timestamp=8306 ms, used_size=1232896 bytes (3.0%)
(RDMA_READ_CONSUME_CHECK_CONSUMER) timestamp=8306 ms, used_size=1230848 bytes (3.0%)
(RDMA_READ_CONSUME_CHECK_CONSUMER) timestamp=8306 ms, used_size=1228800 bytes (3.0%)
(RDMA_READ_CONSUME_CHECK_CONSUMER) timestamp=8306 ms, used_size=1226752 bytes (3.0%)
(RDMA_READ_CONSUME_CHECK_CONSUMER) timestamp=8306 ms, used_size=1224704 bytes (3.0%)
(RDMA_READ_CONSUME_CHECK_CONSUMER) timestamp=8306 ms, used_size=1222656 bytes (3.0%)
(RDMA_READ_CONSUME_CHECK_CONSUMER) timestamp=8306 ms, used_size=1220608 bytes (3.0%)
(RDMA_READ_CONSUME_CHECK_CONSUMER) timestamp=8306 ms, used_size=1218560 bytes (3.0%)
(RDMA_READ_CONSUME_CHECK_CONSUMER) timestamp=8306 ms, used_size=1216512 bytes (3.0%)
(RDMA_READ_CONSUME_CHECK_CONSUMER) timestamp=8306 ms, used_size=1214464 bytes (3.0%)
(RDMA_READ_CONSUME_CHECK_CONSUMER) timestamp=8306 ms, used_size=1212416 bytes (3.0%)
(RDMA_READ_CONSUME_CHECK_CONSUMER) timestamp=8306 ms, used_size=1210368 bytes (3.0%)
(RDMA_READ_CONSUME_CHECK_CONSUMER) timestamp=8306 ms, used_size=1208320 bytes (3.0%)
(RDMA_READ_CONSUME_CHECK_CONSUMER) timestamp=8306 ms, used_size=1206272 bytes (2.9%)
(RDMA_READ_CONSUME_CHECK_CONSUMER) timestamp=8306 ms, used_size=1204224 bytes (2.9%)
(RDMA_READ_CONSUME_CHECK_CONSUMER) timestamp=8306 ms, used_size=1202176 bytes (2.9%)
(RDMA_READ_CONSUME_CHECK_CONSUMER) timestamp=8306 ms, used_size=1200128 bytes (2.9%)
(RDMA_READ_CONSUME_CHECK_CONSUMER) timestamp=8306 ms, used_size=1198080 bytes (2.9%)
(RDMA_READ_CONSUME_CHECK_CONSUMER) timestamp=8306 ms, used_size=1196032 bytes (2.9%)
(RDMA_READ_CONSUME_CHECK_CONSUMER) timestamp=8306 ms, used_size=1193984 bytes (2.9%)
(RDMA_READ_CONSUME_CHECK_CONSUMER) timestamp=8306 ms, used_size=1191936 bytes (2.9%)
(RDMA_READ_CONSUME_CHECK_CONSUMER) timestamp=8306 ms, used_size=1189888 bytes (2.9%)
(RDMA_READ_CONSUME_CHECK_CONSUMER) timestamp=8306 ms, used_size=1187840 bytes (2.9%)
(RDMA_READ_CONSUME_CHECK_CONSUMER) timestamp=8306 ms, used_size=1185792 bytes (2.9%)
(RDMA_READ_CONSUME_CHECK_CONSUMER) timestamp=8306 ms, used_size=1183744 bytes (2.9%)
(RDMA_READ_CONSUME_CHECK_CONSUMER) timestamp=8306 ms, used_size=1181696 bytes (2.9%)
(RDMA_READ_CONSUME_CHECK_CONSUMER) timestamp=8306 ms, used_size=1179648 bytes (2.9%)
(RDMA_READ_CONSUME_CHECK_CONSUMER) timestamp=8306 ms, used_size=1177600 bytes (2.9%)
(RDMA_READ_CONSUME_CHECK_CONSUMER) timestamp=8306 ms, used_size=1175552 bytes (2.9%)
(RDMA_READ_CONSUME_CHECK_CONSUMER) timestamp=8306 ms, used_size=1173504 bytes (2.9%)
(RDMA_READ_CONSUME_CHECK_CONSUMER) timestamp=8306 ms, used_size=1171456 bytes (2.9%)
(RDMA_READ_CONSUME_CHECK_CONSUMER) timestamp=8306 ms, used_size=1169408 bytes (2.9%)
(RDMA_READ_CONSUME_CHECK_CONSUMER) timestamp=8306 ms, used_size=1167360 bytes (2.9%)
(RDMA_READ_CONSUME_CHECK_CONSUMER) timestamp=8306 ms, used_size=1165312 bytes (2.8%)
(RDMA_READ_CONSUME_CHECK_CONSUMER) timestamp=8306 ms, used_size=1163264 bytes (2.8%)
(RDMA_READ_CONSUME_CHECK_CONSUMER) timestamp=8306 ms, used_size=1161216 bytes (2.8%)
(RDMA_READ_CONSUME_CHECK_CONSUMER) timestamp=8306 ms, used_size=1159168 bytes (2.8%)
(RDMA_READ_CONSUME_CHECK_CONSUMER) timestamp=8306 ms, used_size=1157120 bytes (2.8%)
(RDMA_READ_CONSUME_CHECK_CONSUMER) timestamp=8306 ms, used_size=1155072 bytes (2.8%)
(RDMA_READ_CONSUME_CHECK_CONSUMER) timestamp=8306 ms, used_size=1153024 bytes (2.8%)
(RDMA_READ_CONSUME_CHECK_CONSUMER) timestamp=8306 ms, used_size=1150976 bytes (2.8%)
(RDMA_READ_CONSUME_CHECK_CONSUMER) timestamp=8306 ms, used_size=1148928 bytes (2.8%)
(RDMA_READ_CONSUME_CHECK_CONSUMER) timestamp=8306 ms, used_size=1146880 bytes (2.8%)
(RDMA_READ_CONSUME_CHECK_CONSUMER) timestamp=8306 ms, used_size=1144832 bytes (2.8%)
(RDMA_READ_CONSUME_CHECK_CONSUMER) timestamp=8306 ms, used_size=1142784 bytes (2.8%)
(RDMA_READ_CONSUME_CHECK_CONSUMER) timestamp=8306 ms, used_size=1140736 bytes (2.8%)
(RDMA_READ_CONSUME_CHECK_CONSUMER) timestamp=8306 ms, used_size=1138688 bytes (2.8%)
(RDMA_READ_CONSUME_CHECK_CONSUMER) timestamp=8306 ms, used_size=1136640 bytes (2.8%)
(RDMA_READ_CONSUME_CHECK_CONSUMER) timestamp=8306 ms, used_size=1134592 bytes (2.8%)
(RDMA_READ_CONSUME_CHECK_CONSUMER) timestamp=8306 ms, used_size=1132544 bytes (2.8%)
(RDMA_READ_CONSUME_CHECK_CONSUMER) timestamp=8306 ms, used_size=1130496 bytes (2.8%)
(RDMA_READ_CONSUME_CHECK_CONSUMER) timestamp=8306 ms, used_size=1128448 bytes (2.8%)
(RDMA_READ_CONSUME_CHECK_CONSUMER) timestamp=8306 ms, used_size=1126400 bytes (2.8%)
(RDMA_READ_CONSUME_CHECK_CONSUMER) timestamp=8306 ms, used_size=1124352 bytes (2.7%)
(RDMA_READ_CONSUME_CHECK_CONSUMER) timestamp=8306 ms, used_size=1122304 bytes (2.7%)
(RDMA_READ_CONSUME_CHECK_CONSUMER) timestamp=8306 ms, used_size=1120256 bytes (2.7%)
(RDMA_READ_CONSUME_CHECK_CONSUMER) timestamp=8306 ms, used_size=1118208 bytes (2.7%)
(RDMA_READ_CONSUME_CHECK_CONSUMER) timestamp=8306 ms, used_size=1116160 bytes (2.7%)
(RDMA_READ_CONSUME_CHECK_CONSUMER) timestamp=8306 ms, used_size=1114112 bytes (2.7%)
(RDMA_READ_CONSUME_CHECK_CONSUMER) timestamp=8306 ms, used_size=1112064 bytes (2.7%)
(RDMA_READ_CONSUME_CHECK_CONSUMER) timestamp=8306 ms, used_size=1110016 bytes (2.7%)
(RDMA_READ_CONSUME_CHECK_CONSUMER) timestamp=8306 ms, used_size=1107968 bytes (2.7%)
(RDMA_READ_CONSUME_CHECK_CONSUMER) timestamp=8306 ms, used_size=1105920 bytes (2.7%)
(RDMA_READ_CONSUME_CHECK_CONSUMER) timestamp=8306 ms, used_size=1103872 bytes (2.7%)
(RDMA_READ_CONSUME_CHECK_CONSUMER) timestamp=8306 ms, used_size=1101824 bytes (2.7%)
(RDMA_READ_CONSUME_CHECK_CONSUMER) timestamp=8306 ms, used_size=1099776 bytes (2.7%)
(RDMA_READ_CONSUME_CHECK_CONSUMER) timestamp=8306 ms, used_size=1097728 bytes (2.7%)
(RDMA_READ_CONSUME_CHECK_CONSUMER) timestamp=8306 ms, used_size=1095680 bytes (2.7%)
(RDMA_READ_CONSUME_CHECK_CONSUMER) timestamp=8306 ms, used_size=1093632 bytes (2.7%)
(RDMA_READ_CONSUME_CHECK_CONSUMER) timestamp=8306 ms, used_size=1091584 bytes (2.7%)
(RDMA_READ_CONSUME_CHECK_CONSUMER) timestamp=8306 ms, used_size=1089536 bytes (2.7%)
(RDMA_READ_CONSUME_CHECK_CONSUMER) timestamp=8306 ms, used_size=1087488 bytes (2.7%)
(RDMA_READ_CONSUME_CHECK_CONSUMER) timestamp=8306 ms, used_size=1085440 bytes (2.6%)
(RDMA_READ_CONSUME_CHECK_CONSUMER) timestamp=8306 ms, used_size=1083392 bytes (2.6%)
(RDMA_READ_CONSUME_CHECK_CONSUMER) timestamp=8306 ms, used_size=1081344 bytes (2.6%)
(RDMA_READ_CONSUME_CHECK_CONSUMER) timestamp=8306 ms, used_size=1079296 bytes (2.6%)
(RDMA_READ_CONSUME_CHECK_CONSUMER) timestamp=8306 ms, used_size=1077248 bytes (2.6%)
(RDMA_READ_CONSUME_CHECK_CONSUMER) timestamp=8306 ms, used_size=1075200 bytes (2.6%)
(RDMA_READ_CONSUME_CHECK_CONSUMER) timestamp=8306 ms, used_size=1073152 bytes (2.6%)
(RDMA_READ_CONSUME_CHECK_CONSUMER) timestamp=8306 ms, used_size=1071104 bytes (2.6%)
(RDMA_READ_CONSUME_CHECK_CONSUMER) timestamp=8306 ms, used_size=1069056 bytes (2.6%)
(RDMA_READ_CONSUME_CHECK_CONSUMER) timestamp=8306 ms, used_size=1067008 bytes (2.6%)
(RDMA_READ_CONSUME_CHECK_CONSUMER) timestamp=8306 ms, used_size=1064960 bytes (2.6%)
(RDMA_READ_CONSUME_CHECK_CONSUMER) timestamp=8306 ms, used_size=1062912 bytes (2.6%)
(RDMA_READ_CONSUME_CHECK_CONSUMER) timestamp=8306 ms, used_size=1060864 bytes (2.6%)
(RDMA_READ_CONSUME_CHECK_CONSUMER) timestamp=8306 ms, used_size=1058816 bytes (2.6%)
(RDMA_READ_CONSUME_CHECK_CONSUMER) timestamp=8306 ms, used_size=1056768 bytes (2.6%)
(RDMA_READ_CONSUME_CHECK_CONSUMER) timestamp=8306 ms, used_size=1054720 bytes (2.6%)
(RDMA_READ_CONSUME_CHECK_CONSUMER) timestamp=8306 ms, used_size=1052672 bytes (2.6%)
(RDMA_READ_CONSUME_CHECK_CONSUMER) timestamp=8306 ms, used_size=1050624 bytes (2.6%)
(RDMA_READ_CONSUME_CHECK_CONSUMER) timestamp=8306 ms, used_size=1048576 bytes (2.6%)
(RDMA_READ_CONSUME_CHECK_CONSUMER) timestamp=8306 ms, used_size=1046528 bytes (2.6%)
(RDMA_READ_CONSUME_CHECK_CONSUMER) timestamp=8306 ms, used_size=1044480 bytes (2.5%)
(RDMA_READ_CONSUME_CHECK_CONSUMER) timestamp=8306 ms, used_size=1042432 bytes (2.5%)
(RDMA_READ_CONSUME_CHECK_CONSUMER) timestamp=8306 ms, used_size=1040384 bytes (2.5%)
(RDMA_READ_CONSUME_CHECK_CONSUMER) timestamp=8306 ms, used_size=1038336 bytes (2.5%)
(RDMA_READ_CONSUME_CHECK_CONSUMER) timestamp=8306 ms, used_size=1036288 bytes (2.5%)
(RDMA_READ_CONSUME_CHECK_CONSUMER) timestamp=8306 ms, used_size=1034240 bytes (2.5%)
(RDMA_READ_CONSUME_CHECK_CONSUMER) timestamp=8306 ms, used_size=1032192 bytes (2.5%)
(RDMA_READ_CONSUME_CHECK_CONSUMER) timestamp=8306 ms, used_size=1030144 bytes (2.5%)
(RDMA_READ_CONSUME_CHECK_CONSUMER) timestamp=8306 ms, used_size=1028096 bytes (2.5%)
(RDMA_READ_CONSUME_CHECK_CONSUMER) timestamp=8306 ms, used_size=1026048 bytes (2.5%)
(RDMA_READ_CONSUME_CHECK_CONSUMER) timestamp=8306 ms, used_size=1024000 bytes (2.5%)
(RDMA_READ_CONSUME_CHECK_CONSUMER) timestamp=8306 ms, used_size=1021952 bytes (2.5%)
(RDMA_READ_CONSUME_CHECK_CONSUMER) timestamp=8306 ms, used_size=1019904 bytes (2.5%)
(RDMA_READ_CONSUME_CHECK_CONSUMER) timestamp=8306 ms, used_size=1017856 bytes (2.5%)
(RDMA_READ_CONSUME_CHECK_CONSUMER) timestamp=8306 ms, used_size=1015808 bytes (2.5%)
(RDMA_READ_CONSUME_CHECK_CONSUMER) timestamp=8306 ms, used_size=1013760 bytes (2.5%)
(RDMA_READ_CONSUME_CHECK_CONSUMER) timestamp=8306 ms, used_size=1011712 bytes (2.5%)
(RDMA_READ_CONSUME_CHECK_CONSUMER) timestamp=8306 ms, used_size=1009664 bytes (2.5%)
(RDMA_READ_CONSUME_CHECK_CONSUMER) timestamp=8306 ms, used_size=1007616 bytes (2.5%)
(RDMA_READ_CONSUME_CHECK_CONSUMER) timestamp=8306 ms, used_size=1005568 bytes (2.5%)
(RDMA_READ_CONSUME_CHECK_CONSUMER) timestamp=8306 ms, used_size=1003520 bytes (2.5%)
(RDMA_READ_CONSUME_CHECK_CONSUMER) timestamp=8306 ms, used_size=1001472 bytes (2.4%)
(RDMA_READ_CONSUME_CHECK_CONSUMER) timestamp=8306 ms, used_size=999424 bytes (2.4%)
(RDMA_READ_CONSUME_CHECK_CONSUMER) timestamp=8306 ms, used_size=997376 bytes (2.4%)
(RDMA_READ_CONSUME_CHECK_CONSUMER) timestamp=8306 ms, used_size=995328 bytes (2.4%)
(RDMA_READ_CONSUME_CHECK_CONSUMER) timestamp=8306 ms, used_size=993280 bytes (2.4%)
(RDMA_READ_CONSUME_CHECK_CONSUMER) timestamp=8306 ms, used_size=991232 bytes (2.4%)
(RDMA_READ_CONSUME_CHECK_CONSUMER) timestamp=8306 ms, used_size=989184 bytes (2.4%)
(RDMA_READ_CONSUME_CHECK_CONSUMER) timestamp=8306 ms, used_size=987136 bytes (2.4%)
(RDMA_READ_CONSUME_CHECK_CONSUMER) timestamp=8306 ms, used_size=985088 bytes (2.4%)
(RDMA_READ_CONSUME_CHECK_CONSUMER) timestamp=8306 ms, used_size=983040 bytes (2.4%)
(RDMA_READ_CONSUME_CHECK_CONSUMER) timestamp=8306 ms, used_size=980992 bytes (2.4%)
(RDMA_READ_CONSUME_CHECK_CONSUMER) timestamp=8306 ms, used_size=978944 bytes (2.4%)
(RDMA_READ_CONSUME_CHECK_CONSUMER) timestamp=8306 ms, used_size=976896 bytes (2.4%)
(RDMA_READ_CONSUME_CHECK_CONSUMER) timestamp=8306 ms, used_size=974848 bytes (2.4%)
(RDMA_READ_CONSUME_CHECK_CONSUMER) timestamp=8306 ms, used_size=972800 bytes (2.4%)
(RDMA_READ_CONSUME_CHECK_CONSUMER) timestamp=8306 ms, used_size=970752 bytes (2.4%)
(RDMA_READ_CONSUME_CHECK_CONSUMER) timestamp=8306 ms, used_size=968704 bytes (2.4%)
(RDMA_READ_CONSUME_CHECK_CONSUMER) timestamp=8306 ms, used_size=966656 bytes (2.4%)
(RDMA_READ_CONSUME_CHECK_CONSUMER) timestamp=8306 ms, used_size=964608 bytes (2.4%)
(RDMA_READ_CONSUME_CHECK_CONSUMER) timestamp=8306 ms, used_size=962560 bytes (2.4%)
(RDMA_READ_CONSUME_CHECK_CONSUMER) timestamp=8306 ms, used_size=960512 bytes (2.3%)
(RDMA_READ_CONSUME_CHECK_CONSUMER) timestamp=8306 ms, used_size=958464 bytes (2.3%)
(RDMA_READ_CONSUME_CHECK_CONSUMER) timestamp=8306 ms, used_size=956416 bytes (2.3%)
(RDMA_READ_CONSUME_CHECK_CONSUMER) timestamp=8306 ms, used_size=954368 bytes (2.3%)
(RDMA_READ_CONSUME_CHECK_CONSUMER) timestamp=8306 ms, used_size=952320 bytes (2.3%)
(RDMA_READ_CONSUME_CHECK_CONSUMER) timestamp=8306 ms, used_size=950272 bytes (2.3%)
(RDMA_READ_CONSUME_CHECK_CONSUMER) timestamp=8307 ms, used_size=948224 bytes (2.3%)
(RDMA_READ_CONSUME_CHECK_CONSUMER) timestamp=8307 ms, used_size=946176 bytes (2.3%)
(RDMA_READ_CONSUME_CHECK_CONSUMER) timestamp=8307 ms, used_size=944128 bytes (2.3%)
(RDMA_READ_CONSUME_CHECK_CONSUMER) timestamp=8307 ms, used_size=942080 bytes (2.3%)
(RDMA_READ_CONSUME_CHECK_CONSUMER) timestamp=8307 ms, used_size=940032 bytes (2.3%)
(RDMA_READ_CONSUME_CHECK_CONSUMER) timestamp=8307 ms, used_size=937984 bytes (2.3%)
(RDMA_READ_CONSUME_CHECK_CONSUMER) timestamp=8307 ms, used_size=935936 bytes (2.3%)
(RDMA_READ_CONSUME_CHECK_CONSUMER) timestamp=8307 ms, used_size=933888 bytes (2.3%)
(RDMA_READ_CONSUME_CHECK_CONSUMER) timestamp=8307 ms, used_size=931840 bytes (2.3%)
(RDMA_READ_CONSUME_CHECK_CONSUMER) timestamp=8307 ms, used_size=929792 bytes (2.3%)
(RDMA_READ_CONSUME_CHECK_CONSUMER) timestamp=8307 ms, used_size=927744 bytes (2.3%)
(RDMA_READ_CONSUME_CHECK_CONSUMER) timestamp=8307 ms, used_size=925696 bytes (2.3%)
(RDMA_READ_CONSUME_CHECK_CONSUMER) timestamp=8307 ms, used_size=923648 bytes (2.3%)
(RDMA_READ_CONSUME_CHECK_CONSUMER) timestamp=8307 ms, used_size=921600 bytes (2.2%)
(RDMA_READ_CONSUME_CHECK_CONSUMER) timestamp=8307 ms, used_size=919552 bytes (2.2%)
(RDMA_READ_CONSUME_CHECK_CONSUMER) timestamp=8307 ms, used_size=917504 bytes (2.2%)
(RDMA_READ_CONSUME_CHECK_CONSUMER) timestamp=8307 ms, used_size=915456 bytes (2.2%)
(RDMA_READ_CONSUME_CHECK_CONSUMER) timestamp=8307 ms, used_size=913408 bytes (2.2%)
(RDMA_READ_CONSUME_CHECK_CONSUMER) timestamp=8307 ms, used_size=911360 bytes (2.2%)
(RDMA_READ_CONSUME_CHECK_CONSUMER) timestamp=8307 ms, used_size=909312 bytes (2.2%)
(RDMA_READ_CONSUME_CHECK_CONSUMER) timestamp=8307 ms, used_size=907264 bytes (2.2%)
(RDMA_READ_CONSUME_CHECK_CONSUMER) timestamp=8307 ms, used_size=905216 bytes (2.2%)
(RDMA_READ_CONSUME_CHECK_CONSUMER) timestamp=8307 ms, used_size=903168 bytes (2.2%)
(RDMA_READ_CONSUME_CHECK_CONSUMER) timestamp=8307 ms, used_size=901120 bytes (2.2%)
(RDMA_READ_CONSUME_CHECK_CONSUMER) timestamp=8307 ms, used_size=899072 bytes (2.2%)
(RDMA_READ_CONSUME_CHECK_CONSUMER) timestamp=8307 ms, used_size=897024 bytes (2.2%)
(RDMA_READ_CONSUME_CHECK_CONSUMER) timestamp=8307 ms, used_size=894976 bytes (2.2%)
(RDMA_READ_CONSUME_CHECK_CONSUMER) timestamp=8307 ms, used_size=892928 bytes (2.2%)
(RDMA_READ_CONSUME_CHECK_CONSUMER) timestamp=8307 ms, used_size=890880 bytes (2.2%)
(RDMA_READ_CONSUME_CHECK_CONSUMER) timestamp=8307 ms, used_size=888832 bytes (2.2%)
(RDMA_READ_CONSUME_CHECK_CONSUMER) timestamp=8307 ms, used_size=886784 bytes (2.2%)
(RDMA_READ_CONSUME_CHECK_CONSUMER) timestamp=8307 ms, used_size=884736 bytes (2.2%)
(RDMA_READ_CONSUME_CHECK_CONSUMER) timestamp=8307 ms, used_size=882688 bytes (2.2%)
(RDMA_READ_CONSUME_CHECK_CONSUMER) timestamp=8307 ms, used_size=880640 bytes (2.1%)
(RDMA_READ_CONSUME_CHECK_CONSUMER) timestamp=8307 ms, used_size=878592 bytes (2.1%)
(RDMA_READ_CONSUME_CHECK_CONSUMER) timestamp=8307 ms, used_size=876544 bytes (2.1%)
(RDMA_READ_CONSUME_CHECK_CONSUMER) timestamp=8307 ms, used_size=874496 bytes (2.1%)
(RDMA_READ_CONSUME_CHECK_CONSUMER) timestamp=8307 ms, used_size=872448 bytes (2.1%)
(RDMA_READ_CONSUME_CHECK_CONSUMER) timestamp=8307 ms, used_size=870400 bytes (2.1%)
(RDMA_READ_CONSUME_CHECK_CONSUMER) timestamp=8307 ms, used_size=868352 bytes (2.1%)
(RDMA_READ_CONSUME_CHECK_CONSUMER) timestamp=8307 ms, used_size=866304 bytes (2.1%)
(RDMA_READ_CONSUME_CHECK_CONSUMER) timestamp=8307 ms, used_size=864256 bytes (2.1%)
(RDMA_READ_CONSUME_CHECK_CONSUMER) timestamp=8307 ms, used_size=862208 bytes (2.1%)
(RDMA_READ_CONSUME_CHECK_CONSUMER) timestamp=8307 ms, used_size=860160 bytes (2.1%)
(RDMA_READ_CONSUME_CHECK_CONSUMER) timestamp=8307 ms, used_size=858112 bytes (2.1%)
(RDMA_READ_CONSUME_CHECK_CONSUMER) timestamp=8307 ms, used_size=856064 bytes (2.1%)
(RDMA_READ_CONSUME_CHECK_CONSUMER) timestamp=8307 ms, used_size=854016 bytes (2.1%)
(RDMA_READ_CONSUME_CHECK_CONSUMER) timestamp=8307 ms, used_size=851968 bytes (2.1%)
(RDMA_READ_CONSUME_CHECK_CONSUMER) timestamp=8307 ms, used_size=849920 bytes (2.1%)
(RDMA_READ_CONSUME_CHECK_CONSUMER) timestamp=8307 ms, used_size=847872 bytes (2.1%)
(RDMA_READ_CONSUME_CHECK_CONSUMER) timestamp=8307 ms, used_size=845824 bytes (2.1%)
(RDMA_READ_CONSUME_CHECK_CONSUMER) timestamp=8307 ms, used_size=843776 bytes (2.1%)
(RDMA_READ_CONSUME_CHECK_CONSUMER) timestamp=8307 ms, used_size=841728 bytes (2.1%)
(RDMA_READ_CONSUME_CHECK_CONSUMER) timestamp=8307 ms, used_size=839680 bytes (2.0%)
(RDMA_READ_CONSUME_CHECK_CONSUMER) timestamp=8307 ms, used_size=837632 bytes (2.0%)
(RDMA_READ_CONSUME_CHECK_CONSUMER) timestamp=8307 ms, used_size=835584 bytes (2.0%)
(RDMA_READ_CONSUME_CHECK_CONSUMER) timestamp=8307 ms, used_size=833536 bytes (2.0%)
(RDMA_READ_CONSUME_CHECK_CONSUMER) timestamp=8307 ms, used_size=831488 bytes (2.0%)
(RDMA_READ_CONSUME_CHECK_CONSUMER) timestamp=8307 ms, used_size=829440 bytes (2.0%)
(RDMA_READ_CONSUME_CHECK_CONSUMER) timestamp=8307 ms, used_size=827392 bytes (2.0%)
(RDMA_READ_CONSUME_CHECK_CONSUMER) timestamp=8307 ms, used_size=825344 bytes (2.0%)
(RDMA_READ_CONSUME_CHECK_CONSUMER) timestamp=8307 ms, used_size=823296 bytes (2.0%)
(RDMA_READ_CONSUME_CHECK_CONSUMER) timestamp=8307 ms, used_size=821248 bytes (2.0%)
(RDMA_READ_CONSUME_CHECK_CONSUMER) timestamp=8307 ms, used_size=819200 bytes (2.0%)
(RDMA_READ_CONSUME_CHECK_CONSUMER) timestamp=8307 ms, used_size=817152 bytes (2.0%)
(RDMA_READ_CONSUME_CHECK_CONSUMER) timestamp=8307 ms, used_size=815104 bytes (2.0%)
(RDMA_READ_CONSUME_CHECK_CONSUMER) timestamp=8307 ms, used_size=813056 bytes (2.0%)
(RDMA_READ_CONSUME_CHECK_CONSUMER) timestamp=8307 ms, used_size=811008 bytes (2.0%)
(RDMA_READ_CONSUME_CHECK_CONSUMER) timestamp=8307 ms, used_size=808960 bytes (2.0%)
(RDMA_READ_CONSUME_CHECK_CONSUMER) timestamp=8307 ms, used_size=806912 bytes (2.0%)
(RDMA_READ_CONSUME_CHECK_CONSUMER) timestamp=8307 ms, used_size=804864 bytes (2.0%)
(RDMA_READ_CONSUME_CHECK_CONSUMER) timestamp=8307 ms, used_size=802816 bytes (2.0%)
(RDMA_READ_CONSUME_CHECK_CONSUMER) timestamp=8307 ms, used_size=800768 bytes (2.0%)
(RDMA_READ_CONSUME_CHECK_CONSUMER) timestamp=8307 ms, used_size=798720 bytes (1.9%)
(RDMA_READ_CONSUME_CHECK_CONSUMER) timestamp=8307 ms, used_size=796672 bytes (1.9%)
(RDMA_READ_CONSUME_CHECK_CONSUMER) timestamp=8307 ms, used_size=794624 bytes (1.9%)
(RDMA_READ_CONSUME_CHECK_CONSUMER) timestamp=8307 ms, used_size=792576 bytes (1.9%)
(RDMA_READ_CONSUME_CHECK_CONSUMER) timestamp=8307 ms, used_size=790528 bytes (1.9%)
(RDMA_READ_CONSUME_CHECK_CONSUMER) timestamp=8307 ms, used_size=788480 bytes (1.9%)
(RDMA_READ_CONSUME_CHECK_CONSUMER) timestamp=8307 ms, used_size=786432 bytes (1.9%)
(RDMA_READ_CONSUME_CHECK_CONSUMER) timestamp=8307 ms, used_size=784384 bytes (1.9%)
(RDMA_READ_CONSUME_CHECK_CONSUMER) timestamp=8307 ms, used_size=782336 bytes (1.9%)
(RDMA_READ_CONSUME_CHECK_CONSUMER) timestamp=8307 ms, used_size=780288 bytes (1.9%)
(RDMA_READ_CONSUME_CHECK_CONSUMER) timestamp=8307 ms, used_size=778240 bytes (1.9%)
(RDMA_READ_CONSUME_CHECK_CONSUMER) timestamp=8307 ms, used_size=776192 bytes (1.9%)
(RDMA_READ_CONSUME_CHECK_CONSUMER) timestamp=8307 ms, used_size=774144 bytes (1.9%)
(RDMA_READ_CONSUME_CHECK_CONSUMER) timestamp=8307 ms, used_size=772096 bytes (1.9%)
(RDMA_READ_CONSUME_CHECK_CONSUMER) timestamp=8307 ms, used_size=770048 bytes (1.9%)
(RDMA_READ_CONSUME_CHECK_CONSUMER) timestamp=8307 ms, used_size=768000 bytes (1.9%)
(RDMA_READ_CONSUME_CHECK_CONSUMER) timestamp=8307 ms, used_size=765952 bytes (1.9%)
(RDMA_READ_CONSUME_CHECK_CONSUMER) timestamp=8307 ms, used_size=763904 bytes (1.9%)
(RDMA_READ_CONSUME_CHECK_CONSUMER) timestamp=8307 ms, used_size=761856 bytes (1.9%)
(RDMA_READ_CONSUME_CHECK_CONSUMER) timestamp=8307 ms, used_size=759808 bytes (1.9%)
(RDMA_READ_CONSUME_CHECK_CONSUMER) timestamp=8307 ms, used_size=757760 bytes (1.9%)
(RDMA_READ_CONSUME_CHECK_CONSUMER) timestamp=8307 ms, used_size=755712 bytes (1.8%)
(RDMA_READ_CONSUME_CHECK_CONSUMER) timestamp=8307 ms, used_size=753664 bytes (1.8%)
(RDMA_READ_CONSUME_CHECK_CONSUMER) timestamp=8307 ms, used_size=751616 bytes (1.8%)
(RDMA_READ_CONSUME_CHECK_CONSUMER) timestamp=8307 ms, used_size=749568 bytes (1.8%)
(RDMA_READ_CONSUME_CHECK_CONSUMER) timestamp=8307 ms, used_size=747520 bytes (1.8%)
(RDMA_READ_CONSUME_CHECK_CONSUMER) timestamp=8307 ms, used_size=745472 bytes (1.8%)
(RDMA_READ_CONSUME_CHECK_CONSUMER) timestamp=8307 ms, used_size=743424 bytes (1.8%)
(RDMA_READ_CONSUME_CHECK_CONSUMER) timestamp=8307 ms, used_size=741376 bytes (1.8%)
(RDMA_READ_CONSUME_CHECK_CONSUMER) timestamp=8307 ms, used_size=739328 bytes (1.8%)
(RDMA_READ_CONSUME_CHECK_CONSUMER) timestamp=8307 ms, used_size=737280 bytes (1.8%)
(RDMA_READ_CONSUME_CHECK_CONSUMER) timestamp=8307 ms, used_size=735232 bytes (1.8%)
(RDMA_READ_CONSUME_CHECK_CONSUMER) timestamp=8307 ms, used_size=733184 bytes (1.8%)
(RDMA_READ_CONSUME_CHECK_CONSUMER) timestamp=8307 ms, used_size=731136 bytes (1.8%)
(RDMA_READ_CONSUME_CHECK_CONSUMER) timestamp=8307 ms, used_size=729088 bytes (1.8%)
(RDMA_READ_CONSUME_CHECK_CONSUMER) timestamp=8307 ms, used_size=727040 bytes (1.8%)
(RDMA_READ_CONSUME_CHECK_CONSUMER) timestamp=8307 ms, used_size=724992 bytes (1.8%)
(RDMA_READ_CONSUME_CHECK_CONSUMER) timestamp=8307 ms, used_size=722944 bytes (1.8%)
(RDMA_READ_CONSUME_CHECK_CONSUMER) timestamp=8307 ms, used_size=720896 bytes (1.8%)
(RDMA_READ_CONSUME_CHECK_CONSUMER) timestamp=8307 ms, used_size=718848 bytes (1.8%)
(RDMA_READ_CONSUME_CHECK_CONSUMER) timestamp=8307 ms, used_size=716800 bytes (1.8%)
(RDMA_READ_CONSUME_CHECK_CONSUMER) timestamp=8307 ms, used_size=714752 bytes (1.7%)
(RDMA_READ_CONSUME_CHECK_CONSUMER) timestamp=8307 ms, used_size=712704 bytes (1.7%)
(RDMA_READ_CONSUME_CHECK_CONSUMER) timestamp=8307 ms, used_size=710656 bytes (1.7%)
(RDMA_READ_CONSUME_CHECK_CONSUMER) timestamp=8307 ms, used_size=708608 bytes (1.7%)
(RDMA_READ_CONSUME_CHECK_CONSUMER) timestamp=8307 ms, used_size=706560 bytes (1.7%)
(RDMA_READ_CONSUME_CHECK_CONSUMER) timestamp=8307 ms, used_size=704512 bytes (1.7%)
(RDMA_READ_CONSUME_CHECK_CONSUMER) timestamp=8307 ms, used_size=702464 bytes (1.7%)
(RDMA_READ_CONSUME_CHECK_CONSUMER) timestamp=8307 ms, used_size=700416 bytes (1.7%)
(RDMA_READ_CONSUME_CHECK_CONSUMER) timestamp=8307 ms, used_size=698368 bytes (1.7%)
(RDMA_READ_CONSUME_CHECK_CONSUMER) timestamp=8307 ms, used_size=696320 bytes (1.7%)
(RDMA_READ_CONSUME_CHECK_CONSUMER) timestamp=8307 ms, used_size=694272 bytes (1.7%)
(RDMA_READ_CONSUME_CHECK_CONSUMER) timestamp=8307 ms, used_size=692224 bytes (1.7%)
(RDMA_READ_CONSUME_CHECK_CONSUMER) timestamp=8307 ms, used_size=690176 bytes (1.7%)
(RDMA_READ_CONSUME_CHECK_CONSUMER) timestamp=8307 ms, used_size=688128 bytes (1.7%)
(RDMA_READ_CONSUME_CHECK_CONSUMER) timestamp=8307 ms, used_size=686080 bytes (1.7%)
(RDMA_READ_CONSUME_CHECK_CONSUMER) timestamp=8307 ms, used_size=684032 bytes (1.7%)
(RDMA_READ_CONSUME_CHECK_CONSUMER) timestamp=8307 ms, used_size=681984 bytes (1.7%)
(RDMA_READ_CONSUME_CHECK_CONSUMER) timestamp=8307 ms, used_size=679936 bytes (1.7%)
(RDMA_READ_CONSUME_CHECK_CONSUMER) timestamp=8307 ms, used_size=677888 bytes (1.7%)
(RDMA_READ_CONSUME_CHECK_CONSUMER) timestamp=8307 ms, used_size=675840 bytes (1.6%)
(RDMA_READ_CONSUME_CHECK_CONSUMER) timestamp=8307 ms, used_size=673792 bytes (1.6%)
(RDMA_READ_CONSUME_CHECK_CONSUMER) timestamp=8307 ms, used_size=671744 bytes (1.6%)
(RDMA_READ_CONSUME_CHECK_CONSUMER) timestamp=8307 ms, used_size=669696 bytes (1.6%)
(RDMA_READ_CONSUME_CHECK_CONSUMER) timestamp=8307 ms, used_size=667648 bytes (1.6%)
(RDMA_READ_CONSUME_CHECK_CONSUMER) timestamp=8307 ms, used_size=665600 bytes (1.6%)
(RDMA_READ_CONSUME_CHECK_CONSUMER) timestamp=8307 ms, used_size=663552 bytes (1.6%)
(RDMA_READ_CONSUME_CHECK_CONSUMER) timestamp=8307 ms, used_size=661504 bytes (1.6%)
(RDMA_READ_CONSUME_CHECK_CONSUMER) timestamp=8307 ms, used_size=659456 bytes (1.6%)
(RDMA_READ_CONSUME_CHECK_CONSUMER) timestamp=8307 ms, used_size=657408 bytes (1.6%)
(RDMA_READ_CONSUME_CHECK_CONSUMER) timestamp=8307 ms, used_size=655360 bytes (1.6%)
(RDMA_READ_CONSUME_CHECK_CONSUMER) timestamp=8307 ms, used_size=653312 bytes (1.6%)
(RDMA_READ_CONSUME_CHECK_CONSUMER) timestamp=8307 ms, used_size=651264 bytes (1.6%)
(RDMA_READ_CONSUME_CHECK_CONSUMER) timestamp=8307 ms, used_size=649216 bytes (1.6%)
(RDMA_READ_CONSUME_CHECK_CONSUMER) timestamp=8307 ms, used_size=647168 bytes (1.6%)
(RDMA_READ_CONSUME_CHECK_CONSUMER) timestamp=8307 ms, used_size=645120 bytes (1.6%)
(RDMA_READ_CONSUME_CHECK_CONSUMER) timestamp=8307 ms, used_size=643072 bytes (1.6%)
(RDMA_READ_CONSUME_CHECK_CONSUMER) timestamp=8307 ms, used_size=641024 bytes (1.6%)
(RDMA_READ_CONSUME_CHECK_CONSUMER) timestamp=8307 ms, used_size=638976 bytes (1.6%)
(RDMA_READ_CONSUME_CHECK_CONSUMER) timestamp=8307 ms, used_size=636928 bytes (1.6%)
(RDMA_READ_CONSUME_CHECK_CONSUMER) timestamp=8307 ms, used_size=634880 bytes (1.6%)
(RDMA_READ_CONSUME_CHECK_CONSUMER) timestamp=8307 ms, used_size=632832 bytes (1.5%)
(RDMA_READ_CONSUME_CHECK_CONSUMER) timestamp=8307 ms, used_size=630784 bytes (1.5%)
(RDMA_READ_CONSUME_CHECK_CONSUMER) timestamp=8307 ms, used_size=628736 bytes (1.5%)
(RDMA_READ_CONSUME_CHECK_CONSUMER) timestamp=8307 ms, used_size=626688 bytes (1.5%)
(RDMA_READ_CONSUME_CHECK_CONSUMER) timestamp=8307 ms, used_size=624640 bytes (1.5%)
(RDMA_READ_CONSUME_CHECK_CONSUMER) timestamp=8307 ms, used_size=622592 bytes (1.5%)
(RDMA_READ_CONSUME_CHECK_CONSUMER) timestamp=8307 ms, used_size=620544 bytes (1.5%)
(RDMA_READ_CONSUME_CHECK_CONSUMER) timestamp=8307 ms, used_size=618496 bytes (1.5%)
(RDMA_READ_CONSUME_CHECK_CONSUMER) timestamp=8307 ms, used_size=616448 bytes (1.5%)
(RDMA_READ_CONSUME_CHECK_CONSUMER) timestamp=8307 ms, used_size=614400 bytes (1.5%)
(RDMA_READ_CONSUME_CHECK_CONSUMER) timestamp=8307 ms, used_size=612352 bytes (1.5%)
(RDMA_READ_CONSUME_CHECK_CONSUMER) timestamp=8307 ms, used_size=610304 bytes (1.5%)
(RDMA_READ_CONSUME_CHECK_CONSUMER) timestamp=8307 ms, used_size=608256 bytes (1.5%)
(RDMA_READ_CONSUME_CHECK_CONSUMER) timestamp=8307 ms, used_size=606208 bytes (1.5%)
(RDMA_READ_CONSUME_CHECK_CONSUMER) timestamp=8307 ms, used_size=604160 bytes (1.5%)
(RDMA_READ_CONSUME_CHECK_CONSUMER) timestamp=8307 ms, used_size=602112 bytes (1.5%)
(RDMA_READ_CONSUME_CHECK_CONSUMER) timestamp=8307 ms, used_size=600064 bytes (1.5%)
(RDMA_READ_CONSUME_CHECK_CONSUMER) timestamp=8307 ms, used_size=598016 bytes (1.5%)
(RDMA_READ_CONSUME_CHECK_CONSUMER) timestamp=8307 ms, used_size=595968 bytes (1.5%)
(RDMA_READ_CONSUME_CHECK_CONSUMER) timestamp=8307 ms, used_size=593920 bytes (1.4%)
(RDMA_READ_CONSUME_CHECK_CONSUMER) timestamp=8307 ms, used_size=591872 bytes (1.4%)
(RDMA_READ_CONSUME_CHECK_CONSUMER) timestamp=8307 ms, used_size=589824 bytes (1.4%)
(RDMA_READ_CONSUME_CHECK_CONSUMER) timestamp=8308 ms, used_size=587776 bytes (1.4%)
(RDMA_READ_CONSUME_CHECK_CONSUMER) timestamp=8308 ms, used_size=585728 bytes (1.4%)
(RDMA_READ_CONSUME_CHECK_CONSUMER) timestamp=8308 ms, used_size=583680 bytes (1.4%)
(RDMA_READ_CONSUME_CHECK_CONSUMER) timestamp=8308 ms, used_size=581632 bytes (1.4%)
(RDMA_READ_CONSUME_CHECK_CONSUMER) timestamp=8308 ms, used_size=579584 bytes (1.4%)
(RDMA_READ_CONSUME_CHECK_CONSUMER) timestamp=8308 ms, used_size=577536 bytes (1.4%)
(RDMA_READ_CONSUME_CHECK_CONSUMER) timestamp=8308 ms, used_size=575488 bytes (1.4%)
(RDMA_READ_CONSUME_CHECK_CONSUMER) timestamp=8308 ms, used_size=573440 bytes (1.4%)
(RDMA_READ_CONSUME_CHECK_CONSUMER) timestamp=8308 ms, used_size=571392 bytes (1.4%)
(RDMA_READ_CONSUME_CHECK_CONSUMER) timestamp=8308 ms, used_size=569344 bytes (1.4%)
(RDMA_READ_CONSUME_CHECK_CONSUMER) timestamp=8308 ms, used_size=567296 bytes (1.4%)
(RDMA_READ_CONSUME_CHECK_CONSUMER) timestamp=8308 ms, used_size=565248 bytes (1.4%)
(RDMA_READ_CONSUME_CHECK_CONSUMER) timestamp=8308 ms, used_size=563200 bytes (1.4%)
(RDMA_READ_CONSUME_CHECK_CONSUMER) timestamp=8308 ms, used_size=561152 bytes (1.4%)
(RDMA_READ_CONSUME_CHECK_CONSUMER) timestamp=8308 ms, used_size=559104 bytes (1.4%)
(RDMA_READ_CONSUME_CHECK_CONSUMER) timestamp=8308 ms, used_size=557056 bytes (1.4%)
(RDMA_READ_CONSUME_CHECK_CONSUMER) timestamp=8308 ms, used_size=555008 bytes (1.4%)
(RDMA_READ_CONSUME_CHECK_CONSUMER) timestamp=8308 ms, used_size=552960 bytes (1.4%)
(RDMA_READ_CONSUME_CHECK_CONSUMER) timestamp=8308 ms, used_size=550912 bytes (1.3%)
(RDMA_READ_CONSUME_CHECK_CONSUMER) timestamp=8308 ms, used_size=548864 bytes (1.3%)
(RDMA_READ_CONSUME_CHECK_CONSUMER) timestamp=8308 ms, used_size=546816 bytes (1.3%)
(RDMA_READ_CONSUME_CHECK_CONSUMER) timestamp=8308 ms, used_size=544768 bytes (1.3%)
(RDMA_READ_CONSUME_CHECK_CONSUMER) timestamp=8308 ms, used_size=542720 bytes (1.3%)
(RDMA_READ_CONSUME_CHECK_CONSUMER) timestamp=8308 ms, used_size=540672 bytes (1.3%)
(RDMA_READ_CONSUME_CHECK_CONSUMER) timestamp=8308 ms, used_size=538624 bytes (1.3%)
(RDMA_READ_CONSUME_CHECK_CONSUMER) timestamp=8308 ms, used_size=536576 bytes (1.3%)
(RDMA_READ_CONSUME_CHECK_CONSUMER) timestamp=8308 ms, used_size=534528 bytes (1.3%)
(RDMA_READ_CONSUME_CHECK_CONSUMER) timestamp=8308 ms, used_size=532480 bytes (1.3%)
(RDMA_READ_CONSUME_CHECK_CONSUMER) timestamp=8308 ms, used_size=530432 bytes (1.3%)
(RDMA_READ_CONSUME_CHECK_CONSUMER) timestamp=8308 ms, used_size=528384 bytes (1.3%)
(RDMA_READ_CONSUME_CHECK_CONSUMER) timestamp=8308 ms, used_size=526336 bytes (1.3%)
(RDMA_READ_CONSUME_CHECK_CONSUMER) timestamp=8308 ms, used_size=524288 bytes (1.3%)
(RDMA_READ_CONSUME_CHECK_CONSUMER) timestamp=8308 ms, used_size=522240 bytes (1.3%)
(RDMA_READ_CONSUME_CHECK_CONSUMER) timestamp=8308 ms, used_size=520192 bytes (1.3%)
(RDMA_READ_CONSUME_CHECK_CONSUMER) timestamp=8308 ms, used_size=518144 bytes (1.3%)
(RDMA_READ_CONSUME_CHECK_CONSUMER) timestamp=8308 ms, used_size=516096 bytes (1.3%)
(RDMA_READ_CONSUME_CHECK_CONSUMER) timestamp=8308 ms, used_size=514048 bytes (1.3%)
(RDMA_READ_CONSUME_CHECK_CONSUMER) timestamp=8308 ms, used_size=512000 bytes (1.2%)
(RDMA_READ_CONSUME_CHECK_CONSUMER) timestamp=8308 ms, used_size=509952 bytes (1.2%)
(RDMA_READ_CONSUME_CHECK_CONSUMER) timestamp=8308 ms, used_size=507904 bytes (1.2%)
(RDMA_READ_CONSUME_CHECK_CONSUMER) timestamp=8308 ms, used_size=505856 bytes (1.2%)
(RDMA_READ_CONSUME_CHECK_CONSUMER) timestamp=8308 ms, used_size=503808 bytes (1.2%)
(RDMA_READ_CONSUME_CHECK_CONSUMER) timestamp=8308 ms, used_size=501760 bytes (1.2%)
(RDMA_READ_CONSUME_CHECK_CONSUMER) timestamp=8308 ms, used_size=499712 bytes (1.2%)
(RDMA_READ_CONSUME_CHECK_CONSUMER) timestamp=8308 ms, used_size=497664 bytes (1.2%)
(RDMA_READ_CONSUME_CHECK_CONSUMER) timestamp=8308 ms, used_size=495616 bytes (1.2%)
(RDMA_READ_CONSUME_CHECK_CONSUMER) timestamp=8308 ms, used_size=493568 bytes (1.2%)
(RDMA_READ_CONSUME_CHECK_CONSUMER) timestamp=8308 ms, used_size=491520 bytes (1.2%)
(RDMA_READ_CONSUME_CHECK_CONSUMER) timestamp=8308 ms, used_size=489472 bytes (1.2%)
(RDMA_READ_CONSUME_CHECK_CONSUMER) timestamp=8308 ms, used_size=487424 bytes (1.2%)
(RDMA_READ_CONSUME_CHECK_CONSUMER) timestamp=8308 ms, used_size=485376 bytes (1.2%)
(RDMA_READ_CONSUME_CHECK_CONSUMER) timestamp=8308 ms, used_size=483328 bytes (1.2%)
(RDMA_READ_CONSUME_CHECK_CONSUMER) timestamp=8308 ms, used_size=481280 bytes (1.2%)
(RDMA_READ_CONSUME_CHECK_CONSUMER) timestamp=8308 ms, used_size=479232 bytes (1.2%)
(RDMA_READ_CONSUME_CHECK_CONSUMER) timestamp=8308 ms, used_size=477184 bytes (1.2%)
(RDMA_READ_CONSUME_CHECK_CONSUMER) timestamp=8308 ms, used_size=475136 bytes (1.2%)
(RDMA_READ_CONSUME_CHECK_CONSUMER) timestamp=8308 ms, used_size=473088 bytes (1.2%)
(RDMA_READ_CONSUME_CHECK_CONSUMER) timestamp=8308 ms, used_size=471040 bytes (1.1%)
(RDMA_READ_CONSUME_CHECK_CONSUMER) timestamp=8308 ms, used_size=468992 bytes (1.1%)
(RDMA_READ_CONSUME_CHECK_CONSUMER) timestamp=8308 ms, used_size=466944 bytes (1.1%)
(RDMA_READ_CONSUME_CHECK_CONSUMER) timestamp=8308 ms, used_size=464896 bytes (1.1%)
(RDMA_READ_CONSUME_CHECK_CONSUMER) timestamp=8308 ms, used_size=462848 bytes (1.1%)
(RDMA_READ_CONSUME_CHECK_CONSUMER) timestamp=8308 ms, used_size=460800 bytes (1.1%)
(RDMA_READ_CONSUME_CHECK_CONSUMER) timestamp=8308 ms, used_size=458752 bytes (1.1%)
(RDMA_READ_CONSUME_CHECK_CONSUMER) timestamp=8308 ms, used_size=456704 bytes (1.1%)
(RDMA_READ_CONSUME_CHECK_CONSUMER) timestamp=8308 ms, used_size=454656 bytes (1.1%)
(RDMA_READ_CONSUME_CHECK_CONSUMER) timestamp=8308 ms, used_size=452608 bytes (1.1%)
(RDMA_READ_CONSUME_CHECK_CONSUMER) timestamp=8308 ms, used_size=450560 bytes (1.1%)
(RDMA_READ_CONSUME_CHECK_CONSUMER) timestamp=8308 ms, used_size=448512 bytes (1.1%)
(RDMA_READ_CONSUME_CHECK_CONSUMER) timestamp=8308 ms, used_size=446464 bytes (1.1%)
(RDMA_READ_CONSUME_CHECK_CONSUMER) timestamp=8308 ms, used_size=444416 bytes (1.1%)
(RDMA_READ_CONSUME_CHECK_CONSUMER) timestamp=8308 ms, used_size=442368 bytes (1.1%)
(RDMA_READ_CONSUME_CHECK_CONSUMER) timestamp=8308 ms, used_size=440320 bytes (1.1%)
(RDMA_READ_CONSUME_CHECK_CONSUMER) timestamp=8308 ms, used_size=438272 bytes (1.1%)
(RDMA_READ_CONSUME_CHECK_CONSUMER) timestamp=8308 ms, used_size=436224 bytes (1.1%)
(RDMA_READ_CONSUME_CHECK_CONSUMER) timestamp=8308 ms, used_size=434176 bytes (1.1%)
(RDMA_READ_CONSUME_CHECK_CONSUMER) timestamp=8308 ms, used_size=432128 bytes (1.1%)
(RDMA_READ_CONSUME_CHECK_CONSUMER) timestamp=8308 ms, used_size=430080 bytes (1.1%)
(RDMA_READ_CONSUME_CHECK_CONSUMER) timestamp=8308 ms, used_size=428032 bytes (1.0%)
(RDMA_READ_CONSUME_CHECK_CONSUMER) timestamp=8308 ms, used_size=425984 bytes (1.0%)
(RDMA_READ_CONSUME_CHECK_CONSUMER) timestamp=8308 ms, used_size=423936 bytes (1.0%)
(RDMA_READ_CONSUME_CHECK_CONSUMER) timestamp=8308 ms, used_size=421888 bytes (1.0%)
(RDMA_READ_CONSUME_CHECK_CONSUMER) timestamp=8308 ms, used_size=419840 bytes (1.0%)
(RDMA_READ_CONSUME_CHECK_CONSUMER) timestamp=8308 ms, used_size=417792 bytes (1.0%)
(RDMA_READ_CONSUME_CHECK_CONSUMER) timestamp=8308 ms, used_size=415744 bytes (1.0%)
(RDMA_READ_CONSUME_CHECK_CONSUMER) timestamp=8308 ms, used_size=413696 bytes (1.0%)
(RDMA_READ_CONSUME_CHECK_CONSUMER) timestamp=8308 ms, used_size=411648 bytes (1.0%)
(RDMA_READ_CONSUME_CHECK_CONSUMER) timestamp=8308 ms, used_size=409600 bytes (1.0%)
(RDMA_READ_CONSUME_CHECK_CONSUMER) timestamp=8308 ms, used_size=407552 bytes (1.0%)
(RDMA_READ_CONSUME_CHECK_CONSUMER) timestamp=8308 ms, used_size=405504 bytes (1.0%)
(RDMA_READ_CONSUME_CHECK_CONSUMER) timestamp=8308 ms, used_size=403456 bytes (1.0%)
(RDMA_READ_CONSUME_CHECK_CONSUMER) timestamp=8308 ms, used_size=401408 bytes (1.0%)
(RDMA_READ_CONSUME_CHECK_CONSUMER) timestamp=8308 ms, used_size=399360 bytes (1.0%)
(RDMA_READ_CONSUME_CHECK_CONSUMER) timestamp=8308 ms, used_size=397312 bytes (1.0%)
(RDMA_READ_CONSUME_CHECK_CONSUMER) timestamp=8308 ms, used_size=395264 bytes (1.0%)
(RDMA_READ_CONSUME_CHECK_CONSUMER) timestamp=8308 ms, used_size=393216 bytes (1.0%)
(RDMA_READ_CONSUME_CHECK_CONSUMER) timestamp=8308 ms, used_size=391168 bytes (1.0%)
(RDMA_READ_CONSUME_CHECK_CONSUMER) timestamp=8308 ms, used_size=389120 bytes (0.9%)
(RDMA_READ_CONSUME_CHECK_CONSUMER) timestamp=8308 ms, used_size=387072 bytes (0.9%)
(RDMA_READ_CONSUME_CHECK_CONSUMER) timestamp=8308 ms, used_size=385024 bytes (0.9%)
(RDMA_READ_CONSUME_CHECK_CONSUMER) timestamp=8308 ms, used_size=382976 bytes (0.9%)
(RDMA_READ_CONSUME_CHECK_CONSUMER) timestamp=8308 ms, used_size=380928 bytes (0.9%)
(RDMA_READ_CONSUME_CHECK_CONSUMER) timestamp=8308 ms, used_size=378880 bytes (0.9%)
(RDMA_READ_CONSUME_CHECK_CONSUMER) timestamp=8308 ms, used_size=376832 bytes (0.9%)
(RDMA_READ_CONSUME_CHECK_CONSUMER) timestamp=8308 ms, used_size=374784 bytes (0.9%)
(RDMA_READ_CONSUME_CHECK_CONSUMER) timestamp=8308 ms, used_size=372736 bytes (0.9%)
(RDMA_READ_CONSUME_CHECK_CONSUMER) timestamp=8308 ms, used_size=370688 bytes (0.9%)
(RDMA_READ_CONSUME_CHECK_CONSUMER) timestamp=8308 ms, used_size=368640 bytes (0.9%)
(RDMA_READ_CONSUME_CHECK_CONSUMER) timestamp=8308 ms, used_size=366592 bytes (0.9%)
(RDMA_READ_CONSUME_CHECK_CONSUMER) timestamp=8308 ms, used_size=364544 bytes (0.9%)
(RDMA_READ_CONSUME_CHECK_CONSUMER) timestamp=8308 ms, used_size=362496 bytes (0.9%)
(RDMA_READ_CONSUME_CHECK_CONSUMER) timestamp=8308 ms, used_size=360448 bytes (0.9%)
(RDMA_READ_CONSUME_CHECK_CONSUMER) timestamp=8308 ms, used_size=358400 bytes (0.9%)
(RDMA_READ_CONSUME_CHECK_CONSUMER) timestamp=8308 ms, used_size=356352 bytes (0.9%)
(RDMA_READ_CONSUME_CHECK_CONSUMER) timestamp=8308 ms, used_size=354304 bytes (0.9%)
(RDMA_READ_CONSUME_CHECK_CONSUMER) timestamp=8308 ms, used_size=352256 bytes (0.9%)
(RDMA_READ_CONSUME_CHECK_CONSUMER) timestamp=8308 ms, used_size=350208 bytes (0.9%)
(RDMA_READ_CONSUME_CHECK_CONSUMER) timestamp=8308 ms, used_size=348160 bytes (0.8%)
(RDMA_READ_CONSUME_CHECK_CONSUMER) timestamp=8308 ms, used_size=346112 bytes (0.8%)
(RDMA_READ_CONSUME_CHECK_CONSUMER) timestamp=8308 ms, used_size=344064 bytes (0.8%)
(RDMA_READ_CONSUME_CHECK_CONSUMER) timestamp=8308 ms, used_size=342016 bytes (0.8%)
(RDMA_READ_CONSUME_CHECK_CONSUMER) timestamp=8308 ms, used_size=339968 bytes (0.8%)
(RDMA_READ_CONSUME_CHECK_CONSUMER) timestamp=8308 ms, used_size=337920 bytes (0.8%)
(RDMA_READ_CONSUME_CHECK_CONSUMER) timestamp=8308 ms, used_size=335872 bytes (0.8%)
(RDMA_READ_CONSUME_CHECK_CONSUMER) timestamp=8308 ms, used_size=333824 bytes (0.8%)
(RDMA_READ_CONSUME_CHECK_CONSUMER) timestamp=8308 ms, used_size=331776 bytes (0.8%)
(RDMA_READ_CONSUME_CHECK_CONSUMER) timestamp=8308 ms, used_size=329728 bytes (0.8%)
(RDMA_READ_CONSUME_CHECK_CONSUMER) timestamp=8308 ms, used_size=327680 bytes (0.8%)
(RDMA_READ_CONSUME_CHECK_CONSUMER) timestamp=8308 ms, used_size=325632 bytes (0.8%)
(RDMA_READ_CONSUME_CHECK_CONSUMER) timestamp=8308 ms, used_size=323584 bytes (0.8%)
(RDMA_READ_CONSUME_CHECK_CONSUMER) timestamp=8308 ms, used_size=321536 bytes (0.8%)
(RDMA_READ_CONSUME_CHECK_CONSUMER) timestamp=8308 ms, used_size=319488 bytes (0.8%)
(RDMA_READ_CONSUME_CHECK_CONSUMER) timestamp=8308 ms, used_size=317440 bytes (0.8%)
(RDMA_READ_CONSUME_CHECK_CONSUMER) timestamp=8308 ms, used_size=315392 bytes (0.8%)
(RDMA_READ_CONSUME_CHECK_CONSUMER) timestamp=8308 ms, used_size=313344 bytes (0.8%)
(RDMA_READ_CONSUME_CHECK_CONSUMER) timestamp=8308 ms, used_size=311296 bytes (0.8%)
(RDMA_READ_CONSUME_CHECK_CONSUMER) timestamp=8308 ms, used_size=309248 bytes (0.8%)
(RDMA_READ_CONSUME_CHECK_CONSUMER) timestamp=8308 ms, used_size=307200 bytes (0.8%)
(RDMA_READ_CONSUME_CHECK_CONSUMER) timestamp=8308 ms, used_size=305152 bytes (0.7%)
(RDMA_READ_CONSUME_CHECK_CONSUMER) timestamp=8308 ms, used_size=303104 bytes (0.7%)
(RDMA_READ_CONSUME_CHECK_CONSUMER) timestamp=8308 ms, used_size=301056 bytes (0.7%)
(RDMA_READ_CONSUME_CHECK_CONSUMER) timestamp=8308 ms, used_size=299008 bytes (0.7%)
(RDMA_READ_CONSUME_CHECK_CONSUMER) timestamp=8308 ms, used_size=296960 bytes (0.7%)
(RDMA_READ_CONSUME_CHECK_CONSUMER) timestamp=8308 ms, used_size=294912 bytes (0.7%)
(RDMA_READ_CONSUME_CHECK_CONSUMER) timestamp=8308 ms, used_size=292864 bytes (0.7%)
(RDMA_READ_CONSUME_CHECK_CONSUMER) timestamp=8308 ms, used_size=290816 bytes (0.7%)
(RDMA_READ_CONSUME_CHECK_CONSUMER) timestamp=8308 ms, used_size=288768 bytes (0.7%)
(RDMA_READ_CONSUME_CHECK_CONSUMER) timestamp=8308 ms, used_size=286720 bytes (0.7%)
(RDMA_READ_CONSUME_CHECK_CONSUMER) timestamp=8308 ms, used_size=284672 bytes (0.7%)
(RDMA_READ_CONSUME_CHECK_CONSUMER) timestamp=8308 ms, used_size=282624 bytes (0.7%)
(RDMA_READ_CONSUME_CHECK_CONSUMER) timestamp=8308 ms, used_size=280576 bytes (0.7%)
(RDMA_READ_CONSUME_CHECK_CONSUMER) timestamp=8308 ms, used_size=278528 bytes (0.7%)
(RDMA_READ_CONSUME_CHECK_CONSUMER) timestamp=8308 ms, used_size=276480 bytes (0.7%)
(RDMA_READ_CONSUME_CHECK_CONSUMER) timestamp=8308 ms, used_size=274432 bytes (0.7%)
(RDMA_READ_CONSUME_CHECK_CONSUMER) timestamp=8308 ms, used_size=272384 bytes (0.7%)
(RDMA_READ_CONSUME_CHECK_CONSUMER) timestamp=8308 ms, used_size=270336 bytes (0.7%)
(RDMA_READ_CONSUME_CHECK_CONSUMER) timestamp=8308 ms, used_size=268288 bytes (0.7%)
(RDMA_READ_CONSUME_CHECK_CONSUMER) timestamp=8308 ms, used_size=266240 bytes (0.7%)
(RDMA_READ_CONSUME_CHECK_CONSUMER) timestamp=8308 ms, used_size=264192 bytes (0.6%)
(RDMA_READ_CONSUME_CHECK_CONSUMER) timestamp=8308 ms, used_size=262144 bytes (0.6%)
(RDMA_READ_CONSUME_CHECK_CONSUMER) timestamp=8308 ms, used_size=260096 bytes (0.6%)
(RDMA_READ_CONSUME_CHECK_CONSUMER) timestamp=8308 ms, used_size=258048 bytes (0.6%)
(RDMA_READ_CONSUME_CHECK_CONSUMER) timestamp=8308 ms, used_size=256000 bytes (0.6%)
(RDMA_READ_CONSUME_CHECK_CONSUMER) timestamp=8308 ms, used_size=253952 bytes (0.6%)
(RDMA_READ_CONSUME_CHECK_CONSUMER) timestamp=8308 ms, used_size=251904 bytes (0.6%)
(RDMA_READ_CONSUME_CHECK_CONSUMER) timestamp=8308 ms, used_size=249856 bytes (0.6%)
(RDMA_READ_CONSUME_CHECK_CONSUMER) timestamp=8308 ms, used_size=247808 bytes (0.6%)
(RDMA_READ_CONSUME_CHECK_CONSUMER) timestamp=8308 ms, used_size=245760 bytes (0.6%)
(RDMA_READ_CONSUME_CHECK_CONSUMER) timestamp=8308 ms, used_size=243712 bytes (0.6%)
(RDMA_READ_CONSUME_CHECK_CONSUMER) timestamp=8308 ms, used_size=241664 bytes (0.6%)
(RDMA_READ_CONSUME_CHECK_CONSUMER) timestamp=8308 ms, used_size=239616 bytes (0.6%)
(RDMA_READ_CONSUME_CHECK_CONSUMER) timestamp=8308 ms, used_size=237568 bytes (0.6%)
(RDMA_READ_CONSUME_CHECK_CONSUMER) timestamp=8308 ms, used_size=235520 bytes (0.6%)
(RDMA_READ_CONSUME_CHECK_CONSUMER) timestamp=8308 ms, used_size=233472 bytes (0.6%)
(RDMA_READ_CONSUME_CHECK_CONSUMER) timestamp=8308 ms, used_size=231424 bytes (0.6%)
(RDMA_READ_CONSUME_CHECK_CONSUMER) timestamp=8308 ms, used_size=229376 bytes (0.6%)
(RDMA_READ_CONSUME_CHECK_CONSUMER) timestamp=8308 ms, used_size=227328 bytes (0.6%)
(RDMA_READ_CONSUME_CHECK_CONSUMER) timestamp=8308 ms, used_size=225280 bytes (0.6%)
(RDMA_READ_CONSUME_CHECK_CONSUMER) timestamp=8308 ms, used_size=223232 bytes (0.5%)
(RDMA_READ_CONSUME_CHECK_CONSUMER) timestamp=8309 ms, used_size=221184 bytes (0.5%)
(RDMA_READ_CONSUME_CHECK_CONSUMER) timestamp=8309 ms, used_size=219136 bytes (0.5%)
(RDMA_READ_CONSUME_CHECK_CONSUMER) timestamp=8309 ms, used_size=217088 bytes (0.5%)
(RDMA_READ_CONSUME_CHECK_CONSUMER) timestamp=8309 ms, used_size=215040 bytes (0.5%)
(RDMA_READ_CONSUME_CHECK_CONSUMER) timestamp=8309 ms, used_size=212992 bytes (0.5%)
(RDMA_READ_CONSUME_CHECK_CONSUMER) timestamp=8309 ms, used_size=210944 bytes (0.5%)
(RDMA_READ_CONSUME_CHECK_CONSUMER) timestamp=8309 ms, used_size=208896 bytes (0.5%)
(RDMA_READ_CONSUME_CHECK_CONSUMER) timestamp=8309 ms, used_size=206848 bytes (0.5%)
(RDMA_READ_CONSUME_CHECK_CONSUMER) timestamp=8309 ms, used_size=204800 bytes (0.5%)
(RDMA_READ_CONSUME_CHECK_CONSUMER) timestamp=8309 ms, used_size=202752 bytes (0.5%)
(RDMA_READ_CONSUME_CHECK_CONSUMER) timestamp=8309 ms, used_size=200704 bytes (0.5%)
(RDMA_READ_CONSUME_CHECK_CONSUMER) timestamp=8309 ms, used_size=198656 bytes (0.5%)
(RDMA_READ_CONSUME_CHECK_CONSUMER) timestamp=8309 ms, used_size=196608 bytes (0.5%)
(RDMA_READ_CONSUME_CHECK_CONSUMER) timestamp=8309 ms, used_size=194560 bytes (0.5%)
(RDMA_READ_CONSUME_CHECK_CONSUMER) timestamp=8309 ms, used_size=192512 bytes (0.5%)
(RDMA_READ_CONSUME_CHECK_CONSUMER) timestamp=8309 ms, used_size=190464 bytes (0.5%)
(RDMA_READ_CONSUME_CHECK_CONSUMER) timestamp=8309 ms, used_size=188416 bytes (0.5%)
(RDMA_READ_CONSUME_CHECK_CONSUMER) timestamp=8309 ms, used_size=186368 bytes (0.5%)
(RDMA_READ_CONSUME_CHECK_CONSUMER) timestamp=8309 ms, used_size=184320 bytes (0.5%)
(RDMA_READ_CONSUME_CHECK_CONSUMER) timestamp=8309 ms, used_size=182272 bytes (0.4%)
(RDMA_READ_CONSUME_CHECK_CONSUMER) timestamp=8309 ms, used_size=180224 bytes (0.4%)
(RDMA_READ_CONSUME_CHECK_CONSUMER) timestamp=8309 ms, used_size=178176 bytes (0.4%)
(RDMA_READ_CONSUME_CHECK_CONSUMER) timestamp=8309 ms, used_size=176128 bytes (0.4%)
(RDMA_READ_CONSUME_CHECK_CONSUMER) timestamp=8309 ms, used_size=174080 bytes (0.4%)
(RDMA_READ_CONSUME_CHECK_CONSUMER) timestamp=8309 ms, used_size=172032 bytes (0.4%)
(RDMA_READ_CONSUME_CHECK_CONSUMER) timestamp=8309 ms, used_size=169984 bytes (0.4%)
(RDMA_READ_CONSUME_CHECK_CONSUMER) timestamp=8309 ms, used_size=167936 bytes (0.4%)
(RDMA_READ_CONSUME_CHECK_CONSUMER) timestamp=8309 ms, used_size=165888 bytes (0.4%)
(RDMA_READ_CONSUME_CHECK_CONSUMER) timestamp=8309 ms, used_size=163840 bytes (0.4%)
(RDMA_READ_CONSUME_CHECK_CONSUMER) timestamp=8309 ms, used_size=161792 bytes (0.4%)
(RDMA_READ_CONSUME_CHECK_CONSUMER) timestamp=8309 ms, used_size=159744 bytes (0.4%)
(RDMA_READ_CONSUME_CHECK_CONSUMER) timestamp=8309 ms, used_size=157696 bytes (0.4%)
(RDMA_READ_CONSUME_CHECK_CONSUMER) timestamp=8309 ms, used_size=155648 bytes (0.4%)
(RDMA_READ_CONSUME_CHECK_CONSUMER) timestamp=8309 ms, used_size=153600 bytes (0.4%)
(RDMA_READ_CONSUME_CHECK_CONSUMER) timestamp=8309 ms, used_size=151552 bytes (0.4%)
(RDMA_READ_CONSUME_CHECK_CONSUMER) timestamp=8309 ms, used_size=149504 bytes (0.4%)
(RDMA_READ_CONSUME_CHECK_CONSUMER) timestamp=8309 ms, used_size=147456 bytes (0.4%)
(RDMA_READ_CONSUME_CHECK_CONSUMER) timestamp=8309 ms, used_size=145408 bytes (0.4%)
(RDMA_READ_CONSUME_CHECK_CONSUMER) timestamp=8309 ms, used_size=143360 bytes (0.3%)
(RDMA_READ_CONSUME_CHECK_CONSUMER) timestamp=8309 ms, used_size=141312 bytes (0.3%)
(RDMA_READ_CONSUME_CHECK_CONSUMER) timestamp=8309 ms, used_size=139264 bytes (0.3%)
(RDMA_READ_CONSUME_CHECK_CONSUMER) timestamp=8309 ms, used_size=137216 bytes (0.3%)
(RDMA_READ_CONSUME_CHECK_CONSUMER) timestamp=8309 ms, used_size=135168 bytes (0.3%)
(RDMA_READ_CONSUME_CHECK_CONSUMER) timestamp=8309 ms, used_size=133120 bytes (0.3%)
(RDMA_READ_CONSUME_CHECK_CONSUMER) timestamp=8309 ms, used_size=131072 bytes (0.3%)
(RDMA_READ_CONSUME_CHECK_CONSUMER) timestamp=8309 ms, used_size=129024 bytes (0.3%)
(RDMA_READ_CONSUME_CHECK_CONSUMER) timestamp=8309 ms, used_size=126976 bytes (0.3%)
(RDMA_READ_CONSUME_CHECK_CONSUMER) timestamp=8309 ms, used_size=124928 bytes (0.3%)
(RDMA_READ_CONSUME_CHECK_CONSUMER) timestamp=8309 ms, used_size=122880 bytes (0.3%)
(RDMA_READ_CONSUME_CHECK_CONSUMER) timestamp=8309 ms, used_size=120832 bytes (0.3%)
(RDMA_READ_CONSUME_CHECK_CONSUMER) timestamp=8309 ms, used_size=118784 bytes (0.3%)
(RDMA_READ_CONSUME_CHECK_CONSUMER) timestamp=8309 ms, used_size=116736 bytes (0.3%)
(RDMA_READ_CONSUME_CHECK_CONSUMER) timestamp=8309 ms, used_size=114688 bytes (0.3%)
(RDMA_READ_CONSUME_CHECK_CONSUMER) timestamp=8309 ms, used_size=112640 bytes (0.3%)
(RDMA_READ_CONSUME_CHECK_CONSUMER) timestamp=8309 ms, used_size=110592 bytes (0.3%)
(RDMA_READ_CONSUME_CHECK_CONSUMER) timestamp=8309 ms, used_size=108544 bytes (0.3%)
(RDMA_READ_CONSUME_CHECK_CONSUMER) timestamp=8309 ms, used_size=106496 bytes (0.3%)
(RDMA_READ_CONSUME_CHECK_CONSUMER) timestamp=8309 ms, used_size=104448 bytes (0.3%)
(RDMA_READ_CONSUME_CHECK_CONSUMER) timestamp=8309 ms, used_size=102400 bytes (0.2%)
(RDMA_READ_CONSUME_CHECK_CONSUMER) timestamp=8309 ms, used_size=100352 bytes (0.2%)
(RDMA_READ_CONSUME_CHECK_CONSUMER) timestamp=8309 ms, used_size=98304 bytes (0.2%)
(RDMA_READ_CONSUME_CHECK_CONSUMER) timestamp=8309 ms, used_size=96256 bytes (0.2%)
(RDMA_READ_CONSUME_CHECK_CONSUMER) timestamp=8309 ms, used_size=94208 bytes (0.2%)
(RDMA_READ_CONSUME_CHECK_CONSUMER) timestamp=8309 ms, used_size=92160 bytes (0.2%)
(RDMA_READ_CONSUME_CHECK_CONSUMER) timestamp=8309 ms, used_size=90112 bytes (0.2%)
(RDMA_READ_CONSUME_CHECK_CONSUMER) timestamp=8309 ms, used_size=88064 bytes (0.2%)
(RDMA_READ_CONSUME_CHECK_CONSUMER) timestamp=8309 ms, used_size=86016 bytes (0.2%)
(RDMA_READ_CONSUME_CHECK_CONSUMER) timestamp=8309 ms, used_size=83968 bytes (0.2%)
(RDMA_READ_CONSUME_CHECK_CONSUMER) timestamp=8309 ms, used_size=81920 bytes (0.2%)
(RDMA_READ_CONSUME_CHECK_CONSUMER) timestamp=8309 ms, used_size=79872 bytes (0.2%)
(RDMA_READ_CONSUME_CHECK_CONSUMER) timestamp=8309 ms, used_size=77824 bytes (0.2%)
(RDMA_READ_CONSUME_CHECK_CONSUMER) timestamp=8309 ms, used_size=75776 bytes (0.2%)
(RDMA_READ_CONSUME_CHECK_CONSUMER) timestamp=8309 ms, used_size=73728 bytes (0.2%)
(RDMA_READ_CONSUME_CHECK_CONSUMER) timestamp=8309 ms, used_size=71680 bytes (0.2%)
(RDMA_READ_CONSUME_CHECK_CONSUMER) timestamp=8309 ms, used_size=69632 bytes (0.2%)
(RDMA_READ_CONSUME_CHECK_CONSUMER) timestamp=8309 ms, used_size=67584 bytes (0.2%)
(RDMA_READ_CONSUME_CHECK_CONSUMER) timestamp=8309 ms, used_size=65536 bytes (0.2%)
(RDMA_READ_CONSUME_CHECK_CONSUMER) timestamp=8309 ms, used_size=63488 bytes (0.2%)
(RDMA_READ_CONSUME_CHECK_CONSUMER) timestamp=8309 ms, used_size=61440 bytes (0.1%)
(RDMA_READ_CONSUME_CHECK_CONSUMER) timestamp=8309 ms, used_size=59392 bytes (0.1%)
(RDMA_READ_CONSUME_CHECK_CONSUMER) timestamp=8309 ms, used_size=57344 bytes (0.1%)
(RDMA_READ_CONSUME_CHECK_CONSUMER) timestamp=8309 ms, used_size=55296 bytes (0.1%)
(RDMA_READ_CONSUME_CHECK_CONSUMER) timestamp=8309 ms, used_size=53248 bytes (0.1%)
(RDMA_READ_CONSUME_CHECK_CONSUMER) timestamp=8309 ms, used_size=51200 bytes (0.1%)
(RDMA_READ_CONSUME_CHECK_CONSUMER) timestamp=8309 ms, used_size=49152 bytes (0.1%)
(RDMA_READ_CONSUME_CHECK_CONSUMER) timestamp=8309 ms, used_size=47104 bytes (0.1%)
(RDMA_READ_CONSUME_CHECK_CONSUMER) timestamp=8309 ms, used_size=45056 bytes (0.1%)
(RDMA_READ_CONSUME_CHECK_CONSUMER) timestamp=8309 ms, used_size=43008 bytes (0.1%)
(RDMA_READ_CONSUME_CHECK_CONSUMER) timestamp=8309 ms, used_size=40960 bytes (0.1%)
(RDMA_READ_CONSUME_CHECK_CONSUMER) timestamp=8309 ms, used_size=38912 bytes (0.1%)
(RDMA_READ_CONSUME_CHECK_CONSUMER) timestamp=8309 ms, used_size=36864 bytes (0.1%)
(RDMA_READ_CONSUME_CHECK_CONSUMER) timestamp=8309 ms, used_size=34816 bytes (0.1%)
(RDMA_READ_CONSUME_CHECK_CONSUMER) timestamp=8309 ms, used_size=32768 bytes (0.1%)
(RDMA_READ_CONSUME_CHECK_CONSUMER) timestamp=8309 ms, used_size=30720 bytes (0.1%)
(RDMA_READ_CONSUME_CHECK_CONSUMER) timestamp=8309 ms, used_size=28672 bytes (0.1%)
(RDMA_READ_CONSUME_CHECK_CONSUMER) timestamp=8309 ms, used_size=26624 bytes (0.1%)
(RDMA_READ_CONSUME_CHECK_CONSUMER) timestamp=8309 ms, used_size=24576 bytes (0.1%)
(RDMA_READ_CONSUME_CHECK_CONSUMER) timestamp=8309 ms, used_size=22528 bytes (0.1%)
(RDMA_READ_CONSUME_CHECK_CONSUMER) timestamp=8309 ms, used_size=20480 bytes (0.1%)
(RDMA_READ_CONSUME_CHECK_CONSUMER) timestamp=8309 ms, used_size=18432 bytes (0.0%)
(RDMA_READ_CONSUME_CHECK_CONSUMER) timestamp=8309 ms, used_size=16384 bytes (0.0%)
(RDMA_READ_CONSUME_CHECK_CONSUMER) timestamp=8309 ms, used_size=14336 bytes (0.0%)
(RDMA_READ_CONSUME_CHECK_CONSUMER) timestamp=8309 ms, used_size=12288 bytes (0.0%)
(RDMA_READ_CONSUME_CHECK_CONSUMER) timestamp=8309 ms, used_size=10240 bytes (0.0%)
(RDMA_READ_CONSUME_CHECK_CONSUMER) timestamp=8309 ms, used_size=8192 bytes (0.0%)
(RDMA_READ_CONSUME_CHECK_CONSUMER) timestamp=8309 ms, used_size=6144 bytes (0.0%)
(RDMA_READ_CONSUME_CHECK_CONSUMER) timestamp=8309 ms, used_size=4096 bytes (0.0%)
(RDMA_READ_CONSUME_CHECK_CONSUMER) timestamp=8309 ms, used_size=2048 bytes (0.0%)
(RDMA_READ_CONSUME_CHECK_CONSUMER) timestamp=8309 ms, used_size=0 bytes (0.0%)
(RDMA_READ_CONSUME_CHECK) Cycle 6, Batch 2: CRC32 OK (0xcee97786), 3616 messages verified
t1:0:6526299086:116690988:40960000
(RDMA_READ_CONSUME_CHECK) Cycle 6 completed
(RDMA_READ_CONSUME_CHECK) Starting cycle 7
(RDMA_READ_CONSUME_CHECK_CONSUMER) timestamp=8309 ms, used_size=7403520 bytes (18.1%)
(RDMA_READ_CONSUME_CHECK_CONSUMER) timestamp=8406 ms, used_size=7401472 bytes (18.1%)
(RDMA_READ_CONSUME_CHECK_CONSUMER) timestamp=8406 ms, used_size=7399424 bytes (18.1%)
(RDMA_READ_CONSUME_CHECK_CONSUMER) timestamp=8406 ms, used_size=7397376 bytes (18.1%)
(RDMA_READ_CONSUME_CHECK_CONSUMER) timestamp=8406 ms, used_size=7395328 bytes (18.1%)
(RDMA_READ_CONSUME_CHECK_CONSUMER) timestamp=8406 ms, used_size=7393280 bytes (18.1%)
(RDMA_READ_CONSUME_CHECK_CONSUMER) timestamp=8406 ms, used_size=7391232 bytes (18.0%)
(RDMA_READ_CONSUME_CHECK_CONSUMER) timestamp=8406 ms, used_size=7389184 bytes (18.0%)
(RDMA_READ_CONSUME_CHECK_CONSUMER) timestamp=8406 ms, used_size=7387136 bytes (18.0%)
(RDMA_READ_CONSUME_CHECK_CONSUMER) timestamp=8406 ms, used_size=7385088 bytes (18.0%)
(RDMA_READ_CONSUME_CHECK_CONSUMER) timestamp=8406 ms, used_size=7383040 bytes (18.0%)
(RDMA_READ_CONSUME_CHECK_CONSUMER) timestamp=8406 ms, used_size=7380992 bytes (18.0%)
(RDMA_READ_CONSUME_CHECK_CONSUMER) timestamp=8406 ms, used_size=7378944 bytes (18.0%)
(RDMA_READ_CONSUME_CHECK_CONSUMER) timestamp=8406 ms, used_size=7376896 bytes (18.0%)
(RDMA_READ_CONSUME_CHECK_CONSUMER) timestamp=8406 ms, used_size=7374848 bytes (18.0%)
(RDMA_READ_CONSUME_CHECK_CONSUMER) timestamp=8406 ms, used_size=7372800 bytes (18.0%)
(RDMA_READ_CONSUME_CHECK_CONSUMER) timestamp=8406 ms, used_size=7370752 bytes (18.0%)
(RDMA_READ_CONSUME_CHECK_CONSUMER) timestamp=8406 ms, used_size=7368704 bytes (18.0%)
(RDMA_READ_CONSUME_CHECK_CONSUMER) timestamp=8406 ms, used_size=7366656 bytes (18.0%)
(RDMA_READ_CONSUME_CHECK_CONSUMER) timestamp=8406 ms, used_size=7364608 bytes (18.0%)
(RDMA_READ_CONSUME_CHECK_CONSUMER) timestamp=8406 ms, used_size=7362560 bytes (18.0%)
(RDMA_READ_CONSUME_CHECK_CONSUMER) timestamp=8406 ms, used_size=7360512 bytes (18.0%)
(RDMA_READ_CONSUME_CHECK_CONSUMER) timestamp=8406 ms, used_size=7358464 bytes (18.0%)
(RDMA_READ_CONSUME_CHECK_CONSUMER) timestamp=8406 ms, used_size=7356416 bytes (18.0%)
(RDMA_READ_CONSUME_CHECK_CONSUMER) timestamp=8406 ms, used_size=7354368 bytes (18.0%)
(RDMA_READ_CONSUME_CHECK_CONSUMER) timestamp=8406 ms, used_size=7352320 bytes (17.9%)
(RDMA_READ_CONSUME_CHECK_CONSUMER) timestamp=8406 ms, used_size=7350272 bytes (17.9%)
(RDMA_READ_CONSUME_CHECK_CONSUMER) timestamp=8406 ms, used_size=7348224 bytes (17.9%)
(RDMA_READ_CONSUME_CHECK_CONSUMER) timestamp=8406 ms, used_size=7346176 bytes (17.9%)
(RDMA_READ_CONSUME_CHECK_CONSUMER) timestamp=8406 ms, used_size=7344128 bytes (17.9%)
(RDMA_READ_CONSUME_CHECK_CONSUMER) timestamp=8406 ms, used_size=7342080 bytes (17.9%)
(RDMA_READ_CONSUME_CHECK_CONSUMER) timestamp=8406 ms, used_size=7340032 bytes (17.9%)
(RDMA_READ_CONSUME_CHECK_CONSUMER) timestamp=8406 ms, used_size=7337984 bytes (17.9%)
(RDMA_READ_CONSUME_CHECK_CONSUMER) timestamp=8406 ms, used_size=7335936 bytes (17.9%)
(RDMA_READ_CONSUME_CHECK_CONSUMER) timestamp=8406 ms, used_size=7333888 bytes (17.9%)
(RDMA_READ_CONSUME_CHECK_CONSUMER) timestamp=8406 ms, used_size=7331840 bytes (17.9%)
(RDMA_READ_CONSUME_CHECK_CONSUMER) timestamp=8406 ms, used_size=7329792 bytes (17.9%)
(RDMA_READ_CONSUME_CHECK_CONSUMER) timestamp=8406 ms, used_size=7327744 bytes (17.9%)
(RDMA_READ_CONSUME_CHECK_CONSUMER) timestamp=8406 ms, used_size=7325696 bytes (17.9%)
(RDMA_READ_CONSUME_CHECK_CONSUMER) timestamp=8406 ms, used_size=7323648 bytes (17.9%)
(RDMA_READ_CONSUME_CHECK_CONSUMER) timestamp=8406 ms, used_size=7321600 bytes (17.9%)
(RDMA_READ_CONSUME_CHECK_CONSUMER) timestamp=8406 ms, used_size=7319552 bytes (17.9%)
(RDMA_READ_CONSUME_CHECK_CONSUMER) timestamp=8406 ms, used_size=7317504 bytes (17.9%)
(RDMA_READ_CONSUME_CHECK_CONSUMER) timestamp=8406 ms, used_size=7315456 bytes (17.9%)
(RDMA_READ_CONSUME_CHECK_CONSUMER) timestamp=8406 ms, used_size=7313408 bytes (17.9%)
(RDMA_READ_CONSUME_CHECK_CONSUMER) timestamp=8406 ms, used_size=7311360 bytes (17.9%)
(RDMA_READ_CONSUME_CHECK_CONSUMER) timestamp=8406 ms, used_size=7309312 bytes (17.8%)
(RDMA_READ_CONSUME_CHECK_CONSUMER) timestamp=8406 ms, used_size=7307264 bytes (17.8%)
(RDMA_READ_CONSUME_CHECK_CONSUMER) timestamp=8406 ms, used_size=7305216 bytes (17.8%)
(RDMA_READ_CONSUME_CHECK_CONSUMER) timestamp=8406 ms, used_size=7303168 bytes (17.8%)
(RDMA_READ_CONSUME_CHECK_CONSUMER) timestamp=8406 ms, used_size=7301120 bytes (17.8%)
(RDMA_READ_CONSUME_CHECK_CONSUMER) timestamp=8406 ms, used_size=7299072 bytes (17.8%)
(RDMA_READ_CONSUME_CHECK_CONSUMER) timestamp=8406 ms, used_size=7297024 bytes (17.8%)
(RDMA_READ_CONSUME_CHECK_CONSUMER) timestamp=8406 ms, used_size=7294976 bytes (17.8%)
(RDMA_READ_CONSUME_CHECK_CONSUMER) timestamp=8406 ms, used_size=7292928 bytes (17.8%)
(RDMA_READ_CONSUME_CHECK_CONSUMER) timestamp=8406 ms, used_size=7290880 bytes (17.8%)
(RDMA_READ_CONSUME_CHECK_CONSUMER) timestamp=8406 ms, used_size=7288832 bytes (17.8%)
(RDMA_READ_CONSUME_CHECK_CONSUMER) timestamp=8406 ms, used_size=7286784 bytes (17.8%)
(RDMA_READ_CONSUME_CHECK_CONSUMER) timestamp=8406 ms, used_size=7284736 bytes (17.8%)
(RDMA_READ_CONSUME_CHECK_CONSUMER) timestamp=8406 ms, used_size=7282688 bytes (17.8%)
(RDMA_READ_CONSUME_CHECK_CONSUMER) timestamp=8406 ms, used_size=7280640 bytes (17.8%)
(RDMA_READ_CONSUME_CHECK_CONSUMER) timestamp=8406 ms, used_size=7278592 bytes (17.8%)
(RDMA_READ_CONSUME_CHECK_CONSUMER) timestamp=8406 ms, used_size=7276544 bytes (17.8%)
(RDMA_READ_CONSUME_CHECK_CONSUMER) timestamp=8406 ms, used_size=7274496 bytes (17.8%)
(RDMA_READ_CONSUME_CHECK_CONSUMER) timestamp=8406 ms, used_size=7272448 bytes (17.8%)
(RDMA_READ_CONSUME_CHECK_CONSUMER) timestamp=8406 ms, used_size=7270400 bytes (17.8%)
(RDMA_READ_CONSUME_CHECK_CONSUMER) timestamp=8406 ms, used_size=7268352 bytes (17.7%)
(RDMA_READ_CONSUME_CHECK_CONSUMER) timestamp=8406 ms, used_size=7266304 bytes (17.7%)
(RDMA_READ_CONSUME_CHECK_CONSUMER) timestamp=8406 ms, used_size=7264256 bytes (17.7%)
(RDMA_READ_CONSUME_CHECK_CONSUMER) timestamp=8406 ms, used_size=7262208 bytes (17.7%)
(RDMA_READ_CONSUME_CHECK_CONSUMER) timestamp=8406 ms, used_size=7260160 bytes (17.7%)
(RDMA_READ_CONSUME_CHECK_CONSUMER) timestamp=8406 ms, used_size=7258112 bytes (17.7%)
(RDMA_READ_CONSUME_CHECK_CONSUMER) timestamp=8406 ms, used_size=7256064 bytes (17.7%)
(RDMA_READ_CONSUME_CHECK_CONSUMER) timestamp=8406 ms, used_size=7254016 bytes (17.7%)
(RDMA_READ_CONSUME_CHECK_CONSUMER) timestamp=8406 ms, used_size=7251968 bytes (17.7%)
(RDMA_READ_CONSUME_CHECK_CONSUMER) timestamp=8406 ms, used_size=7249920 bytes (17.7%)
(RDMA_READ_CONSUME_CHECK_CONSUMER) timestamp=8406 ms, used_size=7247872 bytes (17.7%)
(RDMA_READ_CONSUME_CHECK_CONSUMER) timestamp=8406 ms, used_size=7245824 bytes (17.7%)
(RDMA_READ_CONSUME_CHECK_CONSUMER) timestamp=8406 ms, used_size=7243776 bytes (17.7%)
(RDMA_READ_CONSUME_CHECK_CONSUMER) timestamp=8406 ms, used_size=7241728 bytes (17.7%)
(RDMA_READ_CONSUME_CHECK_CONSUMER) timestamp=8406 ms, used_size=7239680 bytes (17.7%)
(RDMA_READ_CONSUME_CHECK_CONSUMER) timestamp=8406 ms, used_size=7237632 bytes (17.7%)
(RDMA_READ_CONSUME_CHECK_CONSUMER) timestamp=8406 ms, used_size=7235584 bytes (17.7%)
(RDMA_READ_CONSUME_CHECK_CONSUMER) timestamp=8406 ms, used_size=7233536 bytes (17.7%)
(RDMA_READ_CONSUME_CHECK_CONSUMER) timestamp=8406 ms, used_size=7231488 bytes (17.7%)
(RDMA_READ_CONSUME_CHECK_CONSUMER) timestamp=8406 ms, used_size=7229440 bytes (17.6%)
(RDMA_READ_CONSUME_CHECK_CONSUMER) timestamp=8406 ms, used_size=7227392 bytes (17.6%)
(RDMA_READ_CONSUME_CHECK_CONSUMER) timestamp=8406 ms, used_size=7225344 bytes (17.6%)
(RDMA_READ_CONSUME_CHECK_CONSUMER) timestamp=8406 ms, used_size=7223296 bytes (17.6%)
(RDMA_READ_CONSUME_CHECK_CONSUMER) timestamp=8406 ms, used_size=7221248 bytes (17.6%)
(RDMA_READ_CONSUME_CHECK_CONSUMER) timestamp=8406 ms, used_size=7219200 bytes (17.6%)
(RDMA_READ_CONSUME_CHECK_CONSUMER) timestamp=8406 ms, used_size=7217152 bytes (17.6%)
(RDMA_READ_CONSUME_CHECK_CONSUMER) timestamp=8406 ms, used_size=7215104 bytes (17.6%)
(RDMA_READ_CONSUME_CHECK_CONSUMER) timestamp=8406 ms, used_size=7213056 bytes (17.6%)
(RDMA_READ_CONSUME_CHECK_CONSUMER) timestamp=8406 ms, used_size=7211008 bytes (17.6%)
(RDMA_READ_CONSUME_CHECK_CONSUMER) timestamp=8406 ms, used_size=7208960 bytes (17.6%)
(RDMA_READ_CONSUME_CHECK_CONSUMER) timestamp=8406 ms, used_size=7206912 bytes (17.6%)
(RDMA_READ_CONSUME_CHECK_CONSUMER) timestamp=8406 ms, used_size=7204864 bytes (17.6%)
(RDMA_READ_CONSUME_CHECK_CONSUMER) timestamp=8406 ms, used_size=7202816 bytes (17.6%)
(RDMA_READ_CONSUME_CHECK_CONSUMER) timestamp=8406 ms, used_size=7200768 bytes (17.6%)
(RDMA_READ_CONSUME_CHECK_CONSUMER) timestamp=8406 ms, used_size=7198720 bytes (17.6%)
(RDMA_READ_CONSUME_CHECK_CONSUMER) timestamp=8406 ms, used_size=7196672 bytes (17.6%)
(RDMA_READ_CONSUME_CHECK_CONSUMER) timestamp=8406 ms, used_size=7194624 bytes (17.6%)
(RDMA_READ_CONSUME_CHECK_CONSUMER) timestamp=8406 ms, used_size=7192576 bytes (17.6%)
(RDMA_READ_CONSUME_CHECK_CONSUMER) timestamp=8406 ms, used_size=7190528 bytes (17.6%)
(RDMA_READ_CONSUME_CHECK_CONSUMER) timestamp=8406 ms, used_size=7188480 bytes (17.6%)
(RDMA_READ_CONSUME_CHECK_CONSUMER) timestamp=8406 ms, used_size=7186432 bytes (17.5%)
(RDMA_READ_CONSUME_CHECK_CONSUMER) timestamp=8406 ms, used_size=7184384 bytes (17.5%)
(RDMA_READ_CONSUME_CHECK_CONSUMER) timestamp=8406 ms, used_size=7182336 bytes (17.5%)
(RDMA_READ_CONSUME_CHECK_CONSUMER) timestamp=8406 ms, used_size=7180288 bytes (17.5%)
(RDMA_READ_CONSUME_CHECK_CONSUMER) timestamp=8406 ms, used_size=7178240 bytes (17.5%)
(RDMA_READ_CONSUME_CHECK_CONSUMER) timestamp=8406 ms, used_size=7176192 bytes (17.5%)
(RDMA_READ_CONSUME_CHECK_CONSUMER) timestamp=8406 ms, used_size=7174144 bytes (17.5%)
(RDMA_READ_CONSUME_CHECK_CONSUMER) timestamp=8406 ms, used_size=7172096 bytes (17.5%)
(RDMA_READ_CONSUME_CHECK_CONSUMER) timestamp=8406 ms, used_size=7170048 bytes (17.5%)
(RDMA_READ_CONSUME_CHECK_CONSUMER) timestamp=8406 ms, used_size=7168000 bytes (17.5%)
(RDMA_READ_CONSUME_CHECK_CONSUMER) timestamp=8406 ms, used_size=7165952 bytes (17.5%)
(RDMA_READ_CONSUME_CHECK_CONSUMER) timestamp=8406 ms, used_size=7163904 bytes (17.5%)
(RDMA_READ_CONSUME_CHECK_CONSUMER) timestamp=8406 ms, used_size=7161856 bytes (17.5%)
(RDMA_READ_CONSUME_CHECK_CONSUMER) timestamp=8406 ms, used_size=7159808 bytes (17.5%)
(RDMA_READ_CONSUME_CHECK_CONSUMER) timestamp=8406 ms, used_size=7157760 bytes (17.5%)
(RDMA_READ_CONSUME_CHECK_CONSUMER) timestamp=8406 ms, used_size=7155712 bytes (17.5%)
(RDMA_READ_CONSUME_CHECK_CONSUMER) timestamp=8406 ms, used_size=7153664 bytes (17.5%)
(RDMA_READ_CONSUME_CHECK_CONSUMER) timestamp=8406 ms, used_size=7151616 bytes (17.5%)
(RDMA_READ_CONSUME_CHECK_CONSUMER) timestamp=8406 ms, used_size=7149568 bytes (17.5%)
(RDMA_READ_CONSUME_CHECK_CONSUMER) timestamp=8406 ms, used_size=7147520 bytes (17.4%)
(RDMA_READ_CONSUME_CHECK_CONSUMER) timestamp=8406 ms, used_size=7145472 bytes (17.4%)
(RDMA_READ_CONSUME_CHECK_CONSUMER) timestamp=8406 ms, used_size=7143424 bytes (17.4%)
(RDMA_READ_CONSUME_CHECK_CONSUMER) timestamp=8406 ms, used_size=7141376 bytes (17.4%)
(RDMA_READ_CONSUME_CHECK_CONSUMER) timestamp=8406 ms, used_size=7139328 bytes (17.4%)
(RDMA_READ_CONSUME_CHECK_CONSUMER) timestamp=8406 ms, used_size=7137280 bytes (17.4%)
(RDMA_READ_CONSUME_CHECK_CONSUMER) timestamp=8407 ms, used_size=7135232 bytes (17.4%)
(RDMA_READ_CONSUME_CHECK_CONSUMER) timestamp=8407 ms, used_size=7133184 bytes (17.4%)
(RDMA_READ_CONSUME_CHECK_CONSUMER) timestamp=8407 ms, used_size=7131136 bytes (17.4%)
(RDMA_READ_CONSUME_CHECK_CONSUMER) timestamp=8407 ms, used_size=7129088 bytes (17.4%)
(RDMA_READ_CONSUME_CHECK_CONSUMER) timestamp=8407 ms, used_size=7127040 bytes (17.4%)
(RDMA_READ_CONSUME_CHECK_CONSUMER) timestamp=8407 ms, used_size=7124992 bytes (17.4%)
(RDMA_READ_CONSUME_CHECK_CONSUMER) timestamp=8407 ms, used_size=7122944 bytes (17.4%)
(RDMA_READ_CONSUME_CHECK_CONSUMER) timestamp=8407 ms, used_size=7120896 bytes (17.4%)
(RDMA_READ_CONSUME_CHECK_CONSUMER) timestamp=8407 ms, used_size=7118848 bytes (17.4%)
(RDMA_READ_CONSUME_CHECK_CONSUMER) timestamp=8407 ms, used_size=7116800 bytes (17.4%)
(RDMA_READ_CONSUME_CHECK_CONSUMER) timestamp=8407 ms, used_size=7114752 bytes (17.4%)
(RDMA_READ_CONSUME_CHECK_CONSUMER) timestamp=8407 ms, used_size=7112704 bytes (17.4%)
(RDMA_READ_CONSUME_CHECK_CONSUMER) timestamp=8407 ms, used_size=7110656 bytes (17.4%)
(RDMA_READ_CONSUME_CHECK_CONSUMER) timestamp=8407 ms, used_size=7108608 bytes (17.4%)
(RDMA_READ_CONSUME_CHECK_CONSUMER) timestamp=8407 ms, used_size=7106560 bytes (17.4%)
(RDMA_READ_CONSUME_CHECK_CONSUMER) timestamp=8407 ms, used_size=7104512 bytes (17.3%)
(RDMA_READ_CONSUME_CHECK_CONSUMER) timestamp=8407 ms, used_size=7102464 bytes (17.3%)
(RDMA_READ_CONSUME_CHECK_CONSUMER) timestamp=8407 ms, used_size=7100416 bytes (17.3%)
(RDMA_READ_CONSUME_CHECK_CONSUMER) timestamp=8407 ms, used_size=7098368 bytes (17.3%)
(RDMA_READ_CONSUME_CHECK_CONSUMER) timestamp=8407 ms, used_size=7096320 bytes (17.3%)
(RDMA_READ_CONSUME_CHECK_CONSUMER) timestamp=8407 ms, used_size=7094272 bytes (17.3%)
(RDMA_READ_CONSUME_CHECK_CONSUMER) timestamp=8407 ms, used_size=7092224 bytes (17.3%)
(RDMA_READ_CONSUME_CHECK_CONSUMER) timestamp=8407 ms, used_size=7090176 bytes (17.3%)
(RDMA_READ_CONSUME_CHECK_CONSUMER) timestamp=8407 ms, used_size=7088128 bytes (17.3%)
(RDMA_READ_CONSUME_CHECK_CONSUMER) timestamp=8407 ms, used_size=7086080 bytes (17.3%)
(RDMA_READ_CONSUME_CHECK_CONSUMER) timestamp=8407 ms, used_size=7084032 bytes (17.3%)
(RDMA_READ_CONSUME_CHECK_CONSUMER) timestamp=8407 ms, used_size=7081984 bytes (17.3%)
(RDMA_READ_CONSUME_CHECK_CONSUMER) timestamp=8407 ms, used_size=7079936 bytes (17.3%)
(RDMA_READ_CONSUME_CHECK_CONSUMER) timestamp=8407 ms, used_size=7077888 bytes (17.3%)
(RDMA_READ_CONSUME_CHECK_CONSUMER) timestamp=8407 ms, used_size=7075840 bytes (17.3%)
(RDMA_READ_CONSUME_CHECK_CONSUMER) timestamp=8407 ms, used_size=7073792 bytes (17.3%)
(RDMA_READ_CONSUME_CHECK_CONSUMER) timestamp=8407 ms, used_size=7071744 bytes (17.3%)
(RDMA_READ_CONSUME_CHECK_CONSUMER) timestamp=8407 ms, used_size=7069696 bytes (17.3%)
(RDMA_READ_CONSUME_CHECK_CONSUMER) timestamp=8407 ms, used_size=7067648 bytes (17.3%)
(RDMA_READ_CONSUME_CHECK_CONSUMER) timestamp=8407 ms, used_size=7065600 bytes (17.2%)
(RDMA_READ_CONSUME_CHECK_CONSUMER) timestamp=8407 ms, used_size=7063552 bytes (17.2%)
(RDMA_READ_CONSUME_CHECK_CONSUMER) timestamp=8407 ms, used_size=7061504 bytes (17.2%)
(RDMA_READ_CONSUME_CHECK_CONSUMER) timestamp=8407 ms, used_size=7059456 bytes (17.2%)
(RDMA_READ_CONSUME_CHECK_CONSUMER) timestamp=8407 ms, used_size=7057408 bytes (17.2%)
(RDMA_READ_CONSUME_CHECK_CONSUMER) timestamp=8407 ms, used_size=7055360 bytes (17.2%)
(RDMA_READ_CONSUME_CHECK_CONSUMER) timestamp=8407 ms, used_size=7053312 bytes (17.2%)
(RDMA_READ_CONSUME_CHECK_CONSUMER) timestamp=8407 ms, used_size=7051264 bytes (17.2%)
(RDMA_READ_CONSUME_CHECK_CONSUMER) timestamp=8407 ms, used_size=7049216 bytes (17.2%)
(RDMA_READ_CONSUME_CHECK_CONSUMER) timestamp=8407 ms, used_size=7047168 bytes (17.2%)
(RDMA_READ_CONSUME_CHECK_CONSUMER) timestamp=8407 ms, used_size=7045120 bytes (17.2%)
(RDMA_READ_CONSUME_CHECK_CONSUMER) timestamp=8407 ms, used_size=7043072 bytes (17.2%)
(RDMA_READ_CONSUME_CHECK_CONSUMER) timestamp=8407 ms, used_size=7041024 bytes (17.2%)
(RDMA_READ_CONSUME_CHECK_CONSUMER) timestamp=8407 ms, used_size=7038976 bytes (17.2%)
(RDMA_READ_CONSUME_CHECK_CONSUMER) timestamp=8407 ms, used_size=7036928 bytes (17.2%)
(RDMA_READ_CONSUME_CHECK_CONSUMER) timestamp=8407 ms, used_size=7034880 bytes (17.2%)
(RDMA_READ_CONSUME_CHECK_CONSUMER) timestamp=8407 ms, used_size=7032832 bytes (17.2%)
(RDMA_READ_CONSUME_CHECK_CONSUMER) timestamp=8407 ms, used_size=7030784 bytes (17.2%)
(RDMA_READ_CONSUME_CHECK_CONSUMER) timestamp=8407 ms, used_size=7028736 bytes (17.2%)
(RDMA_READ_CONSUME_CHECK_CONSUMER) timestamp=8407 ms, used_size=7026688 bytes (17.2%)
(RDMA_READ_CONSUME_CHECK_CONSUMER) timestamp=8407 ms, used_size=7024640 bytes (17.1%)
(RDMA_READ_CONSUME_CHECK_CONSUMER) timestamp=8407 ms, used_size=7022592 bytes (17.1%)
(RDMA_READ_CONSUME_CHECK_CONSUMER) timestamp=8407 ms, used_size=7020544 bytes (17.1%)
(RDMA_READ_CONSUME_CHECK_CONSUMER) timestamp=8407 ms, used_size=7018496 bytes (17.1%)
(RDMA_READ_CONSUME_CHECK_CONSUMER) timestamp=8407 ms, used_size=7016448 bytes (17.1%)
(RDMA_READ_CONSUME_CHECK_CONSUMER) timestamp=8407 ms, used_size=7014400 bytes (17.1%)
(RDMA_READ_CONSUME_CHECK_CONSUMER) timestamp=8407 ms, used_size=7012352 bytes (17.1%)
(RDMA_READ_CONSUME_CHECK_CONSUMER) timestamp=8407 ms, used_size=7010304 bytes (17.1%)
(RDMA_READ_CONSUME_CHECK_CONSUMER) timestamp=8407 ms, used_size=7008256 bytes (17.1%)
(RDMA_READ_CONSUME_CHECK_CONSUMER) timestamp=8407 ms, used_size=7006208 bytes (17.1%)
(RDMA_READ_CONSUME_CHECK_CONSUMER) timestamp=8407 ms, used_size=7004160 bytes (17.1%)
(RDMA_READ_CONSUME_CHECK_CONSUMER) timestamp=8407 ms, used_size=7002112 bytes (17.1%)
(RDMA_READ_CONSUME_CHECK_CONSUMER) timestamp=8407 ms, used_size=7000064 bytes (17.1%)
(RDMA_READ_CONSUME_CHECK_CONSUMER) timestamp=8407 ms, used_size=6998016 bytes (17.1%)
(RDMA_READ_CONSUME_CHECK_CONSUMER) timestamp=8407 ms, used_size=6995968 bytes (17.1%)
(RDMA_READ_CONSUME_CHECK_CONSUMER) timestamp=8407 ms, used_size=6993920 bytes (17.1%)
(RDMA_READ_CONSUME_CHECK_CONSUMER) timestamp=8407 ms, used_size=6991872 bytes (17.1%)
(RDMA_READ_CONSUME_CHECK_CONSUMER) timestamp=8407 ms, used_size=6989824 bytes (17.1%)
(RDMA_READ_CONSUME_CHECK_CONSUMER) timestamp=8407 ms, used_size=6987776 bytes (17.1%)
(RDMA_READ_CONSUME_CHECK_CONSUMER) timestamp=8407 ms, used_size=6985728 bytes (17.1%)
(RDMA_READ_CONSUME_CHECK_CONSUMER) timestamp=8407 ms, used_size=6983680 bytes (17.1%)
(RDMA_READ_CONSUME_CHECK_CONSUMER) timestamp=8407 ms, used_size=6981632 bytes (17.0%)
(RDMA_READ_CONSUME_CHECK_CONSUMER) timestamp=8407 ms, used_size=6979584 bytes (17.0%)
(RDMA_READ_CONSUME_CHECK_CONSUMER) timestamp=8407 ms, used_size=6977536 bytes (17.0%)
(RDMA_READ_CONSUME_CHECK_CONSUMER) timestamp=8407 ms, used_size=6975488 bytes (17.0%)
(RDMA_READ_CONSUME_CHECK_CONSUMER) timestamp=8407 ms, used_size=6973440 bytes (17.0%)
(RDMA_READ_CONSUME_CHECK_CONSUMER) timestamp=8407 ms, used_size=6971392 bytes (17.0%)
(RDMA_READ_CONSUME_CHECK_CONSUMER) timestamp=8407 ms, used_size=6969344 bytes (17.0%)
(RDMA_READ_CONSUME_CHECK_CONSUMER) timestamp=8407 ms, used_size=6967296 bytes (17.0%)
(RDMA_READ_CONSUME_CHECK_CONSUMER) timestamp=8407 ms, used_size=6965248 bytes (17.0%)
(RDMA_READ_CONSUME_CHECK_CONSUMER) timestamp=8407 ms, used_size=6963200 bytes (17.0%)
(RDMA_READ_CONSUME_CHECK_CONSUMER) timestamp=8407 ms, used_size=6961152 bytes (17.0%)
(RDMA_READ_CONSUME_CHECK_CONSUMER) timestamp=8407 ms, used_size=6959104 bytes (17.0%)
(RDMA_READ_CONSUME_CHECK_CONSUMER) timestamp=8407 ms, used_size=6957056 bytes (17.0%)
(RDMA_READ_CONSUME_CHECK_CONSUMER) timestamp=8407 ms, used_size=6955008 bytes (17.0%)
(RDMA_READ_CONSUME_CHECK_CONSUMER) timestamp=8407 ms, used_size=6952960 bytes (17.0%)
(RDMA_READ_CONSUME_CHECK_CONSUMER) timestamp=8407 ms, used_size=6950912 bytes (17.0%)
(RDMA_READ_CONSUME_CHECK_CONSUMER) timestamp=8407 ms, used_size=6948864 bytes (17.0%)
(RDMA_READ_CONSUME_CHECK_CONSUMER) timestamp=8407 ms, used_size=6946816 bytes (17.0%)
(RDMA_READ_CONSUME_CHECK_CONSUMER) timestamp=8407 ms, used_size=6944768 bytes (17.0%)
(RDMA_READ_CONSUME_CHECK_CONSUMER) timestamp=8407 ms, used_size=6942720 bytes (16.9%)
(RDMA_READ_CONSUME_CHECK_CONSUMER) timestamp=8407 ms, used_size=6940672 bytes (16.9%)
(RDMA_READ_CONSUME_CHECK_CONSUMER) timestamp=8407 ms, used_size=6938624 bytes (16.9%)
(RDMA_READ_CONSUME_CHECK_CONSUMER) timestamp=8407 ms, used_size=6936576 bytes (16.9%)
(RDMA_READ_CONSUME_CHECK_CONSUMER) timestamp=8407 ms, used_size=6934528 bytes (16.9%)
(RDMA_READ_CONSUME_CHECK_CONSUMER) timestamp=8407 ms, used_size=6932480 bytes (16.9%)
(RDMA_READ_CONSUME_CHECK_CONSUMER) timestamp=8407 ms, used_size=6930432 bytes (16.9%)
(RDMA_READ_CONSUME_CHECK_CONSUMER) timestamp=8407 ms, used_size=6928384 bytes (16.9%)
(RDMA_READ_CONSUME_CHECK_CONSUMER) timestamp=8407 ms, used_size=6926336 bytes (16.9%)
(RDMA_READ_CONSUME_CHECK_CONSUMER) timestamp=8407 ms, used_size=6924288 bytes (16.9%)
(RDMA_READ_CONSUME_CHECK_CONSUMER) timestamp=8407 ms, used_size=6922240 bytes (16.9%)
(RDMA_READ_CONSUME_CHECK_CONSUMER) timestamp=8407 ms, used_size=6920192 bytes (16.9%)
(RDMA_READ_CONSUME_CHECK_CONSUMER) timestamp=8407 ms, used_size=6918144 bytes (16.9%)
(RDMA_READ_CONSUME_CHECK_CONSUMER) timestamp=8407 ms, used_size=6916096 bytes (16.9%)
(RDMA_READ_CONSUME_CHECK_CONSUMER) timestamp=8407 ms, used_size=6914048 bytes (16.9%)
(RDMA_READ_CONSUME_CHECK_CONSUMER) timestamp=8407 ms, used_size=6912000 bytes (16.9%)
(RDMA_READ_CONSUME_CHECK_CONSUMER) timestamp=8407 ms, used_size=6909952 bytes (16.9%)
(RDMA_READ_CONSUME_CHECK_CONSUMER) timestamp=8407 ms, used_size=6907904 bytes (16.9%)
(RDMA_READ_CONSUME_CHECK_CONSUMER) timestamp=8407 ms, used_size=6905856 bytes (16.9%)
(RDMA_READ_CONSUME_CHECK_CONSUMER) timestamp=8407 ms, used_size=6903808 bytes (16.9%)
(RDMA_READ_CONSUME_CHECK_CONSUMER) timestamp=8407 ms, used_size=6901760 bytes (16.9%)
(RDMA_READ_CONSUME_CHECK_CONSUMER) timestamp=8407 ms, used_size=6899712 bytes (16.8%)
(RDMA_READ_CONSUME_CHECK_CONSUMER) timestamp=8407 ms, used_size=6897664 bytes (16.8%)
(RDMA_READ_CONSUME_CHECK_CONSUMER) timestamp=8407 ms, used_size=6895616 bytes (16.8%)
(RDMA_READ_CONSUME_CHECK_CONSUMER) timestamp=8407 ms, used_size=6893568 bytes (16.8%)
(RDMA_READ_CONSUME_CHECK_CONSUMER) timestamp=8407 ms, used_size=6891520 bytes (16.8%)
(RDMA_READ_CONSUME_CHECK_CONSUMER) timestamp=8407 ms, used_size=6889472 bytes (16.8%)
(RDMA_READ_CONSUME_CHECK_CONSUMER) timestamp=8407 ms, used_size=6887424 bytes (16.8%)
(RDMA_READ_CONSUME_CHECK_CONSUMER) timestamp=8407 ms, used_size=6885376 bytes (16.8%)
(RDMA_READ_CONSUME_CHECK_CONSUMER) timestamp=8407 ms, used_size=6883328 bytes (16.8%)
(RDMA_READ_CONSUME_CHECK_CONSUMER) timestamp=8407 ms, used_size=6881280 bytes (16.8%)
(RDMA_READ_CONSUME_CHECK_CONSUMER) timestamp=8407 ms, used_size=6879232 bytes (16.8%)
(RDMA_READ_CONSUME_CHECK_CONSUMER) timestamp=8407 ms, used_size=6877184 bytes (16.8%)
(RDMA_READ_CONSUME_CHECK_CONSUMER) timestamp=8407 ms, used_size=6875136 bytes (16.8%)
(RDMA_READ_CONSUME_CHECK_CONSUMER) timestamp=8407 ms, used_size=6873088 bytes (16.8%)
(RDMA_READ_CONSUME_CHECK_CONSUMER) timestamp=8407 ms, used_size=6871040 bytes (16.8%)
(RDMA_READ_CONSUME_CHECK_CONSUMER) timestamp=8407 ms, used_size=6868992 bytes (16.8%)
(RDMA_READ_CONSUME_CHECK_CONSUMER) timestamp=8407 ms, used_size=6866944 bytes (16.8%)
(RDMA_READ_CONSUME_CHECK_CONSUMER) timestamp=8407 ms, used_size=6864896 bytes (16.8%)
(RDMA_READ_CONSUME_CHECK_CONSUMER) timestamp=8407 ms, used_size=6862848 bytes (16.8%)
(RDMA_READ_CONSUME_CHECK_CONSUMER) timestamp=8407 ms, used_size=6860800 bytes (16.8%)
(RDMA_READ_CONSUME_CHECK_CONSUMER) timestamp=8407 ms, used_size=6858752 bytes (16.7%)
(RDMA_READ_CONSUME_CHECK_CONSUMER) timestamp=8407 ms, used_size=6856704 bytes (16.7%)
(RDMA_READ_CONSUME_CHECK_CONSUMER) timestamp=8407 ms, used_size=6854656 bytes (16.7%)
(RDMA_READ_CONSUME_CHECK_CONSUMER) timestamp=8407 ms, used_size=6852608 bytes (16.7%)
(RDMA_READ_CONSUME_CHECK_CONSUMER) timestamp=8407 ms, used_size=6850560 bytes (16.7%)
(RDMA_READ_CONSUME_CHECK_CONSUMER) timestamp=8407 ms, used_size=6848512 bytes (16.7%)
(RDMA_READ_CONSUME_CHECK_CONSUMER) timestamp=8407 ms, used_size=6846464 bytes (16.7%)
(RDMA_READ_CONSUME_CHECK_CONSUMER) timestamp=8407 ms, used_size=6844416 bytes (16.7%)
(RDMA_READ_CONSUME_CHECK_CONSUMER) timestamp=8407 ms, used_size=6842368 bytes (16.7%)
(RDMA_READ_CONSUME_CHECK_CONSUMER) timestamp=8407 ms, used_size=6840320 bytes (16.7%)
(RDMA_READ_CONSUME_CHECK_CONSUMER) timestamp=8407 ms, used_size=6838272 bytes (16.7%)
(RDMA_READ_CONSUME_CHECK_CONSUMER) timestamp=8407 ms, used_size=6836224 bytes (16.7%)
(RDMA_READ_CONSUME_CHECK_CONSUMER) timestamp=8407 ms, used_size=6834176 bytes (16.7%)
(RDMA_READ_CONSUME_CHECK_CONSUMER) timestamp=8407 ms, used_size=6832128 bytes (16.7%)
(RDMA_READ_CONSUME_CHECK_CONSUMER) timestamp=8407 ms, used_size=6830080 bytes (16.7%)
(RDMA_READ_CONSUME_CHECK_CONSUMER) timestamp=8407 ms, used_size=6828032 bytes (16.7%)
(RDMA_READ_CONSUME_CHECK_CONSUMER) timestamp=8407 ms, used_size=6825984 bytes (16.7%)
(RDMA_READ_CONSUME_CHECK_CONSUMER) timestamp=8407 ms, used_size=6823936 bytes (16.7%)
(RDMA_READ_CONSUME_CHECK_CONSUMER) timestamp=8407 ms, used_size=6821888 bytes (16.7%)
(RDMA_READ_CONSUME_CHECK_CONSUMER) timestamp=8407 ms, used_size=6819840 bytes (16.6%)
(RDMA_READ_CONSUME_CHECK_CONSUMER) timestamp=8407 ms, used_size=6817792 bytes (16.6%)
(RDMA_READ_CONSUME_CHECK_CONSUMER) timestamp=8407 ms, used_size=6815744 bytes (16.6%)
(RDMA_READ_CONSUME_CHECK_CONSUMER) timestamp=8407 ms, used_size=6813696 bytes (16.6%)
(RDMA_READ_CONSUME_CHECK_CONSUMER) timestamp=8407 ms, used_size=6811648 bytes (16.6%)
(RDMA_READ_CONSUME_CHECK_CONSUMER) timestamp=8407 ms, used_size=6809600 bytes (16.6%)
(RDMA_READ_CONSUME_CHECK_CONSUMER) timestamp=8407 ms, used_size=6807552 bytes (16.6%)
(RDMA_READ_CONSUME_CHECK_CONSUMER) timestamp=8407 ms, used_size=6805504 bytes (16.6%)
(RDMA_READ_CONSUME_CHECK_CONSUMER) timestamp=8407 ms, used_size=6803456 bytes (16.6%)
(RDMA_READ_CONSUME_CHECK_CONSUMER) timestamp=8407 ms, used_size=6801408 bytes (16.6%)
(RDMA_READ_CONSUME_CHECK_CONSUMER) timestamp=8407 ms, used_size=6799360 bytes (16.6%)
(RDMA_READ_CONSUME_CHECK_CONSUMER) timestamp=8407 ms, used_size=6797312 bytes (16.6%)
(RDMA_READ_CONSUME_CHECK_CONSUMER) timestamp=8407 ms, used_size=6795264 bytes (16.6%)
(RDMA_READ_CONSUME_CHECK_CONSUMER) timestamp=8407 ms, used_size=6793216 bytes (16.6%)
(RDMA_READ_CONSUME_CHECK_CONSUMER) timestamp=8407 ms, used_size=6791168 bytes (16.6%)
(RDMA_READ_CONSUME_CHECK_CONSUMER) timestamp=8407 ms, used_size=6789120 bytes (16.6%)
(RDMA_READ_CONSUME_CHECK_CONSUMER) timestamp=8407 ms, used_size=6787072 bytes (16.6%)
(RDMA_READ_CONSUME_CHECK_CONSUMER) timestamp=8407 ms, used_size=6785024 bytes (16.6%)
(RDMA_READ_CONSUME_CHECK_CONSUMER) timestamp=8407 ms, used_size=6782976 bytes (16.6%)
(RDMA_READ_CONSUME_CHECK_CONSUMER) timestamp=8407 ms, used_size=6780928 bytes (16.6%)
(RDMA_READ_CONSUME_CHECK_CONSUMER) timestamp=8407 ms, used_size=6778880 bytes (16.6%)
(RDMA_READ_CONSUME_CHECK_CONSUMER) timestamp=8407 ms, used_size=6776832 bytes (16.5%)
(RDMA_READ_CONSUME_CHECK_CONSUMER) timestamp=8407 ms, used_size=6774784 bytes (16.5%)
(RDMA_READ_CONSUME_CHECK_CONSUMER) timestamp=8407 ms, used_size=6772736 bytes (16.5%)
(RDMA_READ_CONSUME_CHECK_CONSUMER) timestamp=8408 ms, used_size=6770688 bytes (16.5%)
(RDMA_READ_CONSUME_CHECK_CONSUMER) timestamp=8408 ms, used_size=6768640 bytes (16.5%)
(RDMA_READ_CONSUME_CHECK_CONSUMER) timestamp=8408 ms, used_size=6766592 bytes (16.5%)
(RDMA_READ_CONSUME_CHECK_CONSUMER) timestamp=8408 ms, used_size=6764544 bytes (16.5%)
(RDMA_READ_CONSUME_CHECK_CONSUMER) timestamp=8408 ms, used_size=6762496 bytes (16.5%)
(RDMA_READ_CONSUME_CHECK_CONSUMER) timestamp=8408 ms, used_size=6760448 bytes (16.5%)
(RDMA_READ_CONSUME_CHECK_CONSUMER) timestamp=8408 ms, used_size=6758400 bytes (16.5%)
(RDMA_READ_CONSUME_CHECK_CONSUMER) timestamp=8408 ms, used_size=6756352 bytes (16.5%)
(RDMA_READ_CONSUME_CHECK_CONSUMER) timestamp=8408 ms, used_size=6754304 bytes (16.5%)
(RDMA_READ_CONSUME_CHECK_CONSUMER) timestamp=8408 ms, used_size=6752256 bytes (16.5%)
(RDMA_READ_CONSUME_CHECK_CONSUMER) timestamp=8408 ms, used_size=6750208 bytes (16.5%)
(RDMA_READ_CONSUME_CHECK_CONSUMER) timestamp=8408 ms, used_size=6748160 bytes (16.5%)
(RDMA_READ_CONSUME_CHECK_CONSUMER) timestamp=8408 ms, used_size=6746112 bytes (16.5%)
(RDMA_READ_CONSUME_CHECK_CONSUMER) timestamp=8408 ms, used_size=6744064 bytes (16.5%)
(RDMA_READ_CONSUME_CHECK_CONSUMER) timestamp=8408 ms, used_size=6742016 bytes (16.5%)
(RDMA_READ_CONSUME_CHECK_CONSUMER) timestamp=8408 ms, used_size=6739968 bytes (16.5%)
(RDMA_READ_CONSUME_CHECK_CONSUMER) timestamp=8408 ms, used_size=6737920 bytes (16.4%)
(RDMA_READ_CONSUME_CHECK_CONSUMER) timestamp=8408 ms, used_size=6735872 bytes (16.4%)
(RDMA_READ_CONSUME_CHECK_CONSUMER) timestamp=8408 ms, used_size=6733824 bytes (16.4%)
(RDMA_READ_CONSUME_CHECK_CONSUMER) timestamp=8408 ms, used_size=6731776 bytes (16.4%)
(RDMA_READ_CONSUME_CHECK_CONSUMER) timestamp=8408 ms, used_size=6729728 bytes (16.4%)
(RDMA_READ_CONSUME_CHECK_CONSUMER) timestamp=8408 ms, used_size=6727680 bytes (16.4%)
(RDMA_READ_CONSUME_CHECK_CONSUMER) timestamp=8408 ms, used_size=6725632 bytes (16.4%)
(RDMA_READ_CONSUME_CHECK_CONSUMER) timestamp=8408 ms, used_size=6723584 bytes (16.4%)
(RDMA_READ_CONSUME_CHECK_CONSUMER) timestamp=8408 ms, used_size=6721536 bytes (16.4%)
(RDMA_READ_CONSUME_CHECK_CONSUMER) timestamp=8408 ms, used_size=6719488 bytes (16.4%)
(RDMA_READ_CONSUME_CHECK_CONSUMER) timestamp=8408 ms, used_size=6717440 bytes (16.4%)
(RDMA_READ_CONSUME_CHECK_CONSUMER) timestamp=8408 ms, used_size=6715392 bytes (16.4%)
(RDMA_READ_CONSUME_CHECK_CONSUMER) timestamp=8408 ms, used_size=6713344 bytes (16.4%)
(RDMA_READ_CONSUME_CHECK_CONSUMER) timestamp=8408 ms, used_size=6711296 bytes (16.4%)
(RDMA_READ_CONSUME_CHECK_CONSUMER) timestamp=8408 ms, used_size=6709248 bytes (16.4%)
(RDMA_READ_CONSUME_CHECK_CONSUMER) timestamp=8408 ms, used_size=6707200 bytes (16.4%)
(RDMA_READ_CONSUME_CHECK_CONSUMER) timestamp=8408 ms, used_size=6705152 bytes (16.4%)
(RDMA_READ_CONSUME_CHECK_CONSUMER) timestamp=8408 ms, used_size=6703104 bytes (16.4%)
(RDMA_READ_CONSUME_CHECK_CONSUMER) timestamp=8408 ms, used_size=6701056 bytes (16.4%)
(RDMA_READ_CONSUME_CHECK_CONSUMER) timestamp=8408 ms, used_size=6699008 bytes (16.4%)
(RDMA_READ_CONSUME_CHECK_CONSUMER) timestamp=8408 ms, used_size=6696960 bytes (16.4%)
(RDMA_READ_CONSUME_CHECK_CONSUMER) timestamp=8408 ms, used_size=6694912 bytes (16.3%)
(RDMA_READ_CONSUME_CHECK_CONSUMER) timestamp=8408 ms, used_size=6692864 bytes (16.3%)
(RDMA_READ_CONSUME_CHECK_CONSUMER) timestamp=8408 ms, used_size=6690816 bytes (16.3%)
(RDMA_READ_CONSUME_CHECK_CONSUMER) timestamp=8408 ms, used_size=6688768 bytes (16.3%)
(RDMA_READ_CONSUME_CHECK_CONSUMER) timestamp=8408 ms, used_size=6686720 bytes (16.3%)
(RDMA_READ_CONSUME_CHECK_CONSUMER) timestamp=8408 ms, used_size=6684672 bytes (16.3%)
(RDMA_READ_CONSUME_CHECK_CONSUMER) timestamp=8408 ms, used_size=6682624 bytes (16.3%)
(RDMA_READ_CONSUME_CHECK_CONSUMER) timestamp=8408 ms, used_size=6680576 bytes (16.3%)
(RDMA_READ_CONSUME_CHECK_CONSUMER) timestamp=8408 ms, used_size=6678528 bytes (16.3%)
(RDMA_READ_CONSUME_CHECK_CONSUMER) timestamp=8408 ms, used_size=6676480 bytes (16.3%)
(RDMA_READ_CONSUME_CHECK_CONSUMER) timestamp=8408 ms, used_size=6674432 bytes (16.3%)
(RDMA_READ_CONSUME_CHECK_CONSUMER) timestamp=8408 ms, used_size=6672384 bytes (16.3%)
(RDMA_READ_CONSUME_CHECK_CONSUMER) timestamp=8408 ms, used_size=6670336 bytes (16.3%)
(RDMA_READ_CONSUME_CHECK_CONSUMER) timestamp=8408 ms, used_size=6668288 bytes (16.3%)
(RDMA_READ_CONSUME_CHECK_CONSUMER) timestamp=8408 ms, used_size=6666240 bytes (16.3%)
(RDMA_READ_CONSUME_CHECK_CONSUMER) timestamp=8408 ms, used_size=6664192 bytes (16.3%)
(RDMA_READ_CONSUME_CHECK_CONSUMER) timestamp=8408 ms, used_size=6662144 bytes (16.3%)
(RDMA_READ_CONSUME_CHECK_CONSUMER) timestamp=8408 ms, used_size=6660096 bytes (16.3%)
(RDMA_READ_CONSUME_CHECK_CONSUMER) timestamp=8408 ms, used_size=6658048 bytes (16.3%)
(RDMA_READ_CONSUME_CHECK_CONSUMER) timestamp=8408 ms, used_size=6656000 bytes (16.2%)
(RDMA_READ_CONSUME_CHECK_CONSUMER) timestamp=8408 ms, used_size=6653952 bytes (16.2%)
(RDMA_READ_CONSUME_CHECK_CONSUMER) timestamp=8408 ms, used_size=6651904 bytes (16.2%)
(RDMA_READ_CONSUME_CHECK_CONSUMER) timestamp=8408 ms, used_size=6649856 bytes (16.2%)
(RDMA_READ_CONSUME_CHECK_CONSUMER) timestamp=8408 ms, used_size=6647808 bytes (16.2%)
(RDMA_READ_CONSUME_CHECK_CONSUMER) timestamp=8408 ms, used_size=6645760 bytes (16.2%)
(RDMA_READ_CONSUME_CHECK_CONSUMER) timestamp=8408 ms, used_size=6643712 bytes (16.2%)
(RDMA_READ_CONSUME_CHECK_CONSUMER) timestamp=8408 ms, used_size=6641664 bytes (16.2%)
(RDMA_READ_CONSUME_CHECK_CONSUMER) timestamp=8408 ms, used_size=6639616 bytes (16.2%)
(RDMA_READ_CONSUME_CHECK_CONSUMER) timestamp=8408 ms, used_size=6637568 bytes (16.2%)
(RDMA_READ_CONSUME_CHECK_CONSUMER) timestamp=8408 ms, used_size=6635520 bytes (16.2%)
(RDMA_READ_CONSUME_CHECK_CONSUMER) timestamp=8408 ms, used_size=6633472 bytes (16.2%)
(RDMA_READ_CONSUME_CHECK_CONSUMER) timestamp=8408 ms, used_size=6631424 bytes (16.2%)
(RDMA_READ_CONSUME_CHECK_CONSUMER) timestamp=8408 ms, used_size=6629376 bytes (16.2%)
(RDMA_READ_CONSUME_CHECK_CONSUMER) timestamp=8408 ms, used_size=6627328 bytes (16.2%)
(RDMA_READ_CONSUME_CHECK_CONSUMER) timestamp=8408 ms, used_size=6625280 bytes (16.2%)
(RDMA_READ_CONSUME_CHECK_CONSUMER) timestamp=8408 ms, used_size=6623232 bytes (16.2%)
(RDMA_READ_CONSUME_CHECK_CONSUMER) timestamp=8408 ms, used_size=6621184 bytes (16.2%)
(RDMA_READ_CONSUME_CHECK_CONSUMER) timestamp=8408 ms, used_size=6619136 bytes (16.2%)
(RDMA_READ_CONSUME_CHECK_CONSUMER) timestamp=8408 ms, used_size=6617088 bytes (16.2%)
(RDMA_READ_CONSUME_CHECK_CONSUMER) timestamp=8408 ms, used_size=6615040 bytes (16.1%)
(RDMA_READ_CONSUME_CHECK_CONSUMER) timestamp=8408 ms, used_size=6612992 bytes (16.1%)
(RDMA_READ_CONSUME_CHECK_CONSUMER) timestamp=8408 ms, used_size=6610944 bytes (16.1%)
(RDMA_READ_CONSUME_CHECK_CONSUMER) timestamp=8408 ms, used_size=6608896 bytes (16.1%)
(RDMA_READ_CONSUME_CHECK_CONSUMER) timestamp=8408 ms, used_size=6606848 bytes (16.1%)
(RDMA_READ_CONSUME_CHECK_CONSUMER) timestamp=8408 ms, used_size=6604800 bytes (16.1%)
(RDMA_READ_CONSUME_CHECK_CONSUMER) timestamp=8408 ms, used_size=6602752 bytes (16.1%)
(RDMA_READ_CONSUME_CHECK_CONSUMER) timestamp=8408 ms, used_size=6600704 bytes (16.1%)
(RDMA_READ_CONSUME_CHECK_CONSUMER) timestamp=8408 ms, used_size=6598656 bytes (16.1%)
(RDMA_READ_CONSUME_CHECK_CONSUMER) timestamp=8408 ms, used_size=6596608 bytes (16.1%)
(RDMA_READ_CONSUME_CHECK_CONSUMER) timestamp=8408 ms, used_size=6594560 bytes (16.1%)
(RDMA_READ_CONSUME_CHECK_CONSUMER) timestamp=8408 ms, used_size=6592512 bytes (16.1%)
(RDMA_READ_CONSUME_CHECK_CONSUMER) timestamp=8408 ms, used_size=6590464 bytes (16.1%)
(RDMA_READ_CONSUME_CHECK_CONSUMER) timestamp=8408 ms, used_size=6588416 bytes (16.1%)
(RDMA_READ_CONSUME_CHECK_CONSUMER) timestamp=8408 ms, used_size=6586368 bytes (16.1%)
(RDMA_READ_CONSUME_CHECK_CONSUMER) timestamp=8408 ms, used_size=6584320 bytes (16.1%)
(RDMA_READ_CONSUME_CHECK_CONSUMER) timestamp=8408 ms, used_size=6582272 bytes (16.1%)
(RDMA_READ_CONSUME_CHECK_CONSUMER) timestamp=8408 ms, used_size=6580224 bytes (16.1%)
(RDMA_READ_CONSUME_CHECK_CONSUMER) timestamp=8408 ms, used_size=6578176 bytes (16.1%)
(RDMA_READ_CONSUME_CHECK_CONSUMER) timestamp=8408 ms, used_size=6576128 bytes (16.1%)
(RDMA_READ_CONSUME_CHECK_CONSUMER) timestamp=8408 ms, used_size=6574080 bytes (16.1%)
(RDMA_READ_CONSUME_CHECK_CONSUMER) timestamp=8408 ms, used_size=6572032 bytes (16.0%)
(RDMA_READ_CONSUME_CHECK_CONSUMER) timestamp=8408 ms, used_size=6569984 bytes (16.0%)
(RDMA_READ_CONSUME_CHECK_CONSUMER) timestamp=8408 ms, used_size=6567936 bytes (16.0%)
(RDMA_READ_CONSUME_CHECK_CONSUMER) timestamp=8408 ms, used_size=6565888 bytes (16.0%)
(RDMA_READ_CONSUME_CHECK_CONSUMER) timestamp=8408 ms, used_size=6563840 bytes (16.0%)
(RDMA_READ_CONSUME_CHECK_CONSUMER) timestamp=8408 ms, used_size=6561792 bytes (16.0%)
(RDMA_READ_CONSUME_CHECK_CONSUMER) timestamp=8408 ms, used_size=6559744 bytes (16.0%)
(RDMA_READ_CONSUME_CHECK_CONSUMER) timestamp=8408 ms, used_size=6557696 bytes (16.0%)
(RDMA_READ_CONSUME_CHECK_CONSUMER) timestamp=8408 ms, used_size=6555648 bytes (16.0%)
(RDMA_READ_CONSUME_CHECK_CONSUMER) timestamp=8408 ms, used_size=6553600 bytes (16.0%)
(RDMA_READ_CONSUME_CHECK_CONSUMER) timestamp=8408 ms, used_size=6551552 bytes (16.0%)
(RDMA_READ_CONSUME_CHECK_CONSUMER) timestamp=8408 ms, used_size=6549504 bytes (16.0%)
(RDMA_READ_CONSUME_CHECK_CONSUMER) timestamp=8408 ms, used_size=6547456 bytes (16.0%)
(RDMA_READ_CONSUME_CHECK_CONSUMER) timestamp=8408 ms, used_size=6545408 bytes (16.0%)
(RDMA_READ_CONSUME_CHECK_CONSUMER) timestamp=8408 ms, used_size=6543360 bytes (16.0%)
(RDMA_READ_CONSUME_CHECK_CONSUMER) timestamp=8408 ms, used_size=6541312 bytes (16.0%)
(RDMA_READ_CONSUME_CHECK_CONSUMER) timestamp=8408 ms, used_size=6539264 bytes (16.0%)
(RDMA_READ_CONSUME_CHECK_CONSUMER) timestamp=8408 ms, used_size=6537216 bytes (16.0%)
(RDMA_READ_CONSUME_CHECK_CONSUMER) timestamp=8408 ms, used_size=6535168 bytes (16.0%)
(RDMA_READ_CONSUME_CHECK_CONSUMER) timestamp=8408 ms, used_size=6533120 bytes (15.9%)
(RDMA_READ_CONSUME_CHECK_CONSUMER) timestamp=8408 ms, used_size=6531072 bytes (15.9%)
(RDMA_READ_CONSUME_CHECK_CONSUMER) timestamp=8408 ms, used_size=6529024 bytes (15.9%)
(RDMA_READ_CONSUME_CHECK_CONSUMER) timestamp=8408 ms, used_size=6526976 bytes (15.9%)
(RDMA_READ_CONSUME_CHECK_CONSUMER) timestamp=8408 ms, used_size=6524928 bytes (15.9%)
(RDMA_READ_CONSUME_CHECK_CONSUMER) timestamp=8408 ms, used_size=6522880 bytes (15.9%)
(RDMA_READ_CONSUME_CHECK_CONSUMER) timestamp=8408 ms, used_size=6520832 bytes (15.9%)
(RDMA_READ_CONSUME_CHECK_CONSUMER) timestamp=8408 ms, used_size=6518784 bytes (15.9%)
(RDMA_READ_CONSUME_CHECK_CONSUMER) timestamp=8408 ms, used_size=6516736 bytes (15.9%)
(RDMA_READ_CONSUME_CHECK_CONSUMER) timestamp=8408 ms, used_size=6514688 bytes (15.9%)
(RDMA_READ_CONSUME_CHECK_CONSUMER) timestamp=8408 ms, used_size=6512640 bytes (15.9%)
(RDMA_READ_CONSUME_CHECK_CONSUMER) timestamp=8408 ms, used_size=6510592 bytes (15.9%)
(RDMA_READ_CONSUME_CHECK_CONSUMER) timestamp=8408 ms, used_size=6508544 bytes (15.9%)
(RDMA_READ_CONSUME_CHECK_CONSUMER) timestamp=8408 ms, used_size=6506496 bytes (15.9%)
(RDMA_READ_CONSUME_CHECK_CONSUMER) timestamp=8408 ms, used_size=6504448 bytes (15.9%)
(RDMA_READ_CONSUME_CHECK_CONSUMER) timestamp=8408 ms, used_size=6502400 bytes (15.9%)
(RDMA_READ_CONSUME_CHECK_CONSUMER) timestamp=8408 ms, used_size=6500352 bytes (15.9%)
(RDMA_READ_CONSUME_CHECK_CONSUMER) timestamp=8408 ms, used_size=6498304 bytes (15.9%)
(RDMA_READ_CONSUME_CHECK_CONSUMER) timestamp=8408 ms, used_size=6496256 bytes (15.9%)
(RDMA_READ_CONSUME_CHECK_CONSUMER) timestamp=8408 ms, used_size=6494208 bytes (15.9%)
(RDMA_READ_CONSUME_CHECK_CONSUMER) timestamp=8408 ms, used_size=6492160 bytes (15.8%)
(RDMA_READ_CONSUME_CHECK_CONSUMER) timestamp=8408 ms, used_size=6490112 bytes (15.8%)
(RDMA_READ_CONSUME_CHECK_CONSUMER) timestamp=8408 ms, used_size=6488064 bytes (15.8%)
(RDMA_READ_CONSUME_CHECK_CONSUMER) timestamp=8408 ms, used_size=6486016 bytes (15.8%)
(RDMA_READ_CONSUME_CHECK_CONSUMER) timestamp=8408 ms, used_size=6483968 bytes (15.8%)
(RDMA_READ_CONSUME_CHECK_CONSUMER) timestamp=8408 ms, used_size=6481920 bytes (15.8%)
(RDMA_READ_CONSUME_CHECK_CONSUMER) timestamp=8408 ms, used_size=6479872 bytes (15.8%)
(RDMA_READ_CONSUME_CHECK_CONSUMER) timestamp=8408 ms, used_size=6477824 bytes (15.8%)
(RDMA_READ_CONSUME_CHECK_CONSUMER) timestamp=8408 ms, used_size=6475776 bytes (15.8%)
(RDMA_READ_CONSUME_CHECK_CONSUMER) timestamp=8408 ms, used_size=6473728 bytes (15.8%)
(RDMA_READ_CONSUME_CHECK_CONSUMER) timestamp=8408 ms, used_size=6471680 bytes (15.8%)
(RDMA_READ_CONSUME_CHECK_CONSUMER) timestamp=8408 ms, used_size=6469632 bytes (15.8%)
(RDMA_READ_CONSUME_CHECK_CONSUMER) timestamp=8408 ms, used_size=6467584 bytes (15.8%)
(RDMA_READ_CONSUME_CHECK_CONSUMER) timestamp=8408 ms, used_size=6465536 bytes (15.8%)
(RDMA_READ_CONSUME_CHECK_CONSUMER) timestamp=8408 ms, used_size=6463488 bytes (15.8%)
(RDMA_READ_CONSUME_CHECK_CONSUMER) timestamp=8408 ms, used_size=6461440 bytes (15.8%)
(RDMA_READ_CONSUME_CHECK_CONSUMER) timestamp=8408 ms, used_size=6459392 bytes (15.8%)
(RDMA_READ_CONSUME_CHECK_CONSUMER) timestamp=8408 ms, used_size=6457344 bytes (15.8%)
(RDMA_READ_CONSUME_CHECK_CONSUMER) timestamp=8408 ms, used_size=6455296 bytes (15.8%)
(RDMA_READ_CONSUME_CHECK_CONSUMER) timestamp=8408 ms, used_size=6453248 bytes (15.8%)
(RDMA_READ_CONSUME_CHECK_CONSUMER) timestamp=8408 ms, used_size=6451200 bytes (15.8%)
(RDMA_READ_CONSUME_CHECK_CONSUMER) timestamp=8408 ms, used_size=6449152 bytes (15.7%)
(RDMA_READ_CONSUME_CHECK_CONSUMER) timestamp=8408 ms, used_size=6447104 bytes (15.7%)
(RDMA_READ_CONSUME_CHECK_CONSUMER) timestamp=8408 ms, used_size=6445056 bytes (15.7%)
(RDMA_READ_CONSUME_CHECK_CONSUMER) timestamp=8408 ms, used_size=6443008 bytes (15.7%)
(RDMA_READ_CONSUME_CHECK_CONSUMER) timestamp=8408 ms, used_size=6440960 bytes (15.7%)
(RDMA_READ_CONSUME_CHECK_CONSUMER) timestamp=8408 ms, used_size=6438912 bytes (15.7%)
(RDMA_READ_CONSUME_CHECK_CONSUMER) timestamp=8408 ms, used_size=6436864 bytes (15.7%)
(RDMA_READ_CONSUME_CHECK_CONSUMER) timestamp=8408 ms, used_size=6434816 bytes (15.7%)
(RDMA_READ_CONSUME_CHECK_CONSUMER) timestamp=8408 ms, used_size=6432768 bytes (15.7%)
(RDMA_READ_CONSUME_CHECK_CONSUMER) timestamp=8408 ms, used_size=6430720 bytes (15.7%)
(RDMA_READ_CONSUME_CHECK_CONSUMER) timestamp=8408 ms, used_size=6428672 bytes (15.7%)
(RDMA_READ_CONSUME_CHECK_CONSUMER) timestamp=8408 ms, used_size=6426624 bytes (15.7%)
(RDMA_READ_CONSUME_CHECK_CONSUMER) timestamp=8409 ms, used_size=6424576 bytes (15.7%)
(RDMA_READ_CONSUME_CHECK_CONSUMER) timestamp=8409 ms, used_size=6422528 bytes (15.7%)
(RDMA_READ_CONSUME_CHECK_CONSUMER) timestamp=8409 ms, used_size=6420480 bytes (15.7%)
(RDMA_READ_CONSUME_CHECK_CONSUMER) timestamp=8409 ms, used_size=6418432 bytes (15.7%)
(RDMA_READ_CONSUME_CHECK_CONSUMER) timestamp=8409 ms, used_size=6416384 bytes (15.7%)
(RDMA_READ_CONSUME_CHECK_CONSUMER) timestamp=8409 ms, used_size=6414336 bytes (15.7%)
(RDMA_READ_CONSUME_CHECK_CONSUMER) timestamp=8409 ms, used_size=6412288 bytes (15.7%)
(RDMA_READ_CONSUME_CHECK_CONSUMER) timestamp=8409 ms, used_size=6410240 bytes (15.7%)
(RDMA_READ_CONSUME_CHECK_CONSUMER) timestamp=8409 ms, used_size=6408192 bytes (15.6%)
(RDMA_READ_CONSUME_CHECK_CONSUMER) timestamp=8409 ms, used_size=6406144 bytes (15.6%)
(RDMA_READ_CONSUME_CHECK_CONSUMER) timestamp=8409 ms, used_size=6404096 bytes (15.6%)
(RDMA_READ_CONSUME_CHECK_CONSUMER) timestamp=8409 ms, used_size=6402048 bytes (15.6%)
(RDMA_READ_CONSUME_CHECK_CONSUMER) timestamp=8409 ms, used_size=6400000 bytes (15.6%)
(RDMA_READ_CONSUME_CHECK_CONSUMER) timestamp=8409 ms, used_size=6397952 bytes (15.6%)
(RDMA_READ_CONSUME_CHECK_CONSUMER) timestamp=8409 ms, used_size=6395904 bytes (15.6%)
(RDMA_READ_CONSUME_CHECK_CONSUMER) timestamp=8409 ms, used_size=6393856 bytes (15.6%)
(RDMA_READ_CONSUME_CHECK_CONSUMER) timestamp=8409 ms, used_size=6391808 bytes (15.6%)
(RDMA_READ_CONSUME_CHECK_CONSUMER) timestamp=8409 ms, used_size=6389760 bytes (15.6%)
(RDMA_READ_CONSUME_CHECK_CONSUMER) timestamp=8409 ms, used_size=6387712 bytes (15.6%)
(RDMA_READ_CONSUME_CHECK_CONSUMER) timestamp=8409 ms, used_size=6385664 bytes (15.6%)
(RDMA_READ_CONSUME_CHECK_CONSUMER) timestamp=8409 ms, used_size=6383616 bytes (15.6%)
(RDMA_READ_CONSUME_CHECK_CONSUMER) timestamp=8409 ms, used_size=6381568 bytes (15.6%)
(RDMA_READ_CONSUME_CHECK_CONSUMER) timestamp=8409 ms, used_size=6379520 bytes (15.6%)
(RDMA_READ_CONSUME_CHECK_CONSUMER) timestamp=8409 ms, used_size=6377472 bytes (15.6%)
(RDMA_READ_CONSUME_CHECK_CONSUMER) timestamp=8409 ms, used_size=6375424 bytes (15.6%)
(RDMA_READ_CONSUME_CHECK_CONSUMER) timestamp=8409 ms, used_size=6373376 bytes (15.6%)
(RDMA_READ_CONSUME_CHECK_CONSUMER) timestamp=8409 ms, used_size=6371328 bytes (15.6%)
(RDMA_READ_CONSUME_CHECK_CONSUMER) timestamp=8409 ms, used_size=6369280 bytes (15.6%)
(RDMA_READ_CONSUME_CHECK_CONSUMER) timestamp=8409 ms, used_size=6367232 bytes (15.5%)
(RDMA_READ_CONSUME_CHECK_CONSUMER) timestamp=8409 ms, used_size=6365184 bytes (15.5%)
(RDMA_READ_CONSUME_CHECK_CONSUMER) timestamp=8409 ms, used_size=6363136 bytes (15.5%)
(RDMA_READ_CONSUME_CHECK_CONSUMER) timestamp=8409 ms, used_size=6361088 bytes (15.5%)
(RDMA_READ_CONSUME_CHECK_CONSUMER) timestamp=8409 ms, used_size=6359040 bytes (15.5%)
(RDMA_READ_CONSUME_CHECK_CONSUMER) timestamp=8409 ms, used_size=6356992 bytes (15.5%)
(RDMA_READ_CONSUME_CHECK_CONSUMER) timestamp=8409 ms, used_size=6354944 bytes (15.5%)
(RDMA_READ_CONSUME_CHECK_CONSUMER) timestamp=8409 ms, used_size=6352896 bytes (15.5%)
(RDMA_READ_CONSUME_CHECK_CONSUMER) timestamp=8409 ms, used_size=6350848 bytes (15.5%)
(RDMA_READ_CONSUME_CHECK_CONSUMER) timestamp=8409 ms, used_size=6348800 bytes (15.5%)
(RDMA_READ_CONSUME_CHECK_CONSUMER) timestamp=8409 ms, used_size=6346752 bytes (15.5%)
(RDMA_READ_CONSUME_CHECK_CONSUMER) timestamp=8409 ms, used_size=6344704 bytes (15.5%)
(RDMA_READ_CONSUME_CHECK_CONSUMER) timestamp=8409 ms, used_size=6342656 bytes (15.5%)
(RDMA_READ_CONSUME_CHECK_CONSUMER) timestamp=8409 ms, used_size=6340608 bytes (15.5%)
(RDMA_READ_CONSUME_CHECK_CONSUMER) timestamp=8409 ms, used_size=6338560 bytes (15.5%)
(RDMA_READ_CONSUME_CHECK_CONSUMER) timestamp=8409 ms, used_size=6336512 bytes (15.5%)
(RDMA_READ_CONSUME_CHECK_CONSUMER) timestamp=8409 ms, used_size=6334464 bytes (15.5%)
(RDMA_READ_CONSUME_CHECK_CONSUMER) timestamp=8409 ms, used_size=6332416 bytes (15.5%)
(RDMA_READ_CONSUME_CHECK_CONSUMER) timestamp=8409 ms, used_size=6330368 bytes (15.5%)
(RDMA_READ_CONSUME_CHECK_CONSUMER) timestamp=8409 ms, used_size=6328320 bytes (15.4%)
(RDMA_READ_CONSUME_CHECK_CONSUMER) timestamp=8409 ms, used_size=6326272 bytes (15.4%)
(RDMA_READ_CONSUME_CHECK_CONSUMER) timestamp=8409 ms, used_size=6324224 bytes (15.4%)
(RDMA_READ_CONSUME_CHECK_CONSUMER) timestamp=8409 ms, used_size=6322176 bytes (15.4%)
(RDMA_READ_CONSUME_CHECK_CONSUMER) timestamp=8409 ms, used_size=6320128 bytes (15.4%)
(RDMA_READ_CONSUME_CHECK_CONSUMER) timestamp=8409 ms, used_size=6318080 bytes (15.4%)
(RDMA_READ_CONSUME_CHECK_CONSUMER) timestamp=8409 ms, used_size=6316032 bytes (15.4%)
(RDMA_READ_CONSUME_CHECK_CONSUMER) timestamp=8409 ms, used_size=6313984 bytes (15.4%)
(RDMA_READ_CONSUME_CHECK_CONSUMER) timestamp=8409 ms, used_size=6311936 bytes (15.4%)
(RDMA_READ_CONSUME_CHECK_CONSUMER) timestamp=8409 ms, used_size=6309888 bytes (15.4%)
(RDMA_READ_CONSUME_CHECK_CONSUMER) timestamp=8409 ms, used_size=6307840 bytes (15.4%)
(RDMA_READ_CONSUME_CHECK_CONSUMER) timestamp=8409 ms, used_size=6305792 bytes (15.4%)
(RDMA_READ_CONSUME_CHECK_CONSUMER) timestamp=8409 ms, used_size=6303744 bytes (15.4%)
(RDMA_READ_CONSUME_CHECK_CONSUMER) timestamp=8409 ms, used_size=6301696 bytes (15.4%)
(RDMA_READ_CONSUME_CHECK_CONSUMER) timestamp=8409 ms, used_size=6299648 bytes (15.4%)
(RDMA_READ_CONSUME_CHECK_CONSUMER) timestamp=8409 ms, used_size=6297600 bytes (15.4%)
(RDMA_READ_CONSUME_CHECK_CONSUMER) timestamp=8409 ms, used_size=6295552 bytes (15.4%)
(RDMA_READ_CONSUME_CHECK_CONSUMER) timestamp=8409 ms, used_size=6293504 bytes (15.4%)
(RDMA_READ_CONSUME_CHECK_CONSUMER) timestamp=8409 ms, used_size=6291456 bytes (15.4%)
(RDMA_READ_CONSUME_CHECK_CONSUMER) timestamp=8409 ms, used_size=6289408 bytes (15.4%)
(RDMA_READ_CONSUME_CHECK_CONSUMER) timestamp=8409 ms, used_size=6287360 bytes (15.3%)
(RDMA_READ_CONSUME_CHECK_CONSUMER) timestamp=8409 ms, used_size=6285312 bytes (15.3%)
(RDMA_READ_CONSUME_CHECK_CONSUMER) timestamp=8409 ms, used_size=6283264 bytes (15.3%)
(RDMA_READ_CONSUME_CHECK_CONSUMER) timestamp=8409 ms, used_size=6281216 bytes (15.3%)
(RDMA_READ_CONSUME_CHECK_CONSUMER) timestamp=8409 ms, used_size=6279168 bytes (15.3%)
(RDMA_READ_CONSUME_CHECK_CONSUMER) timestamp=8409 ms, used_size=6277120 bytes (15.3%)
(RDMA_READ_CONSUME_CHECK_CONSUMER) timestamp=8409 ms, used_size=6275072 bytes (15.3%)
(RDMA_READ_CONSUME_CHECK_CONSUMER) timestamp=8409 ms, used_size=6273024 bytes (15.3%)
(RDMA_READ_CONSUME_CHECK_CONSUMER) timestamp=8409 ms, used_size=6270976 bytes (15.3%)
(RDMA_READ_CONSUME_CHECK_CONSUMER) timestamp=8409 ms, used_size=6268928 bytes (15.3%)
(RDMA_READ_CONSUME_CHECK_CONSUMER) timestamp=8409 ms, used_size=6266880 bytes (15.3%)
(RDMA_READ_CONSUME_CHECK_CONSUMER) timestamp=8409 ms, used_size=6264832 bytes (15.3%)
(RDMA_READ_CONSUME_CHECK_CONSUMER) timestamp=8409 ms, used_size=6262784 bytes (15.3%)
(RDMA_READ_CONSUME_CHECK_CONSUMER) timestamp=8409 ms, used_size=6260736 bytes (15.3%)
(RDMA_READ_CONSUME_CHECK_CONSUMER) timestamp=8409 ms, used_size=6258688 bytes (15.3%)
(RDMA_READ_CONSUME_CHECK_CONSUMER) timestamp=8409 ms, used_size=6256640 bytes (15.3%)
(RDMA_READ_CONSUME_CHECK_CONSUMER) timestamp=8409 ms, used_size=6254592 bytes (15.3%)
(RDMA_READ_CONSUME_CHECK_CONSUMER) timestamp=8409 ms, used_size=6252544 bytes (15.3%)
(RDMA_READ_CONSUME_CHECK_CONSUMER) timestamp=8409 ms, used_size=6250496 bytes (15.3%)
(RDMA_READ_CONSUME_CHECK_CONSUMER) timestamp=8409 ms, used_size=6248448 bytes (15.3%)
(RDMA_READ_CONSUME_CHECK_CONSUMER) timestamp=8409 ms, used_size=6246400 bytes (15.2%)
(RDMA_READ_CONSUME_CHECK_CONSUMER) timestamp=8409 ms, used_size=6244352 bytes (15.2%)
(RDMA_READ_CONSUME_CHECK_CONSUMER) timestamp=8409 ms, used_size=6242304 bytes (15.2%)
(RDMA_READ_CONSUME_CHECK_CONSUMER) timestamp=8409 ms, used_size=6240256 bytes (15.2%)
(RDMA_READ_CONSUME_CHECK_CONSUMER) timestamp=8409 ms, used_size=6238208 bytes (15.2%)
(RDMA_READ_CONSUME_CHECK_CONSUMER) timestamp=8409 ms, used_size=6236160 bytes (15.2%)
(RDMA_READ_CONSUME_CHECK_CONSUMER) timestamp=8409 ms, used_size=6234112 bytes (15.2%)
(RDMA_READ_CONSUME_CHECK_CONSUMER) timestamp=8409 ms, used_size=6232064 bytes (15.2%)
(RDMA_READ_CONSUME_CHECK_CONSUMER) timestamp=8409 ms, used_size=6230016 bytes (15.2%)
(RDMA_READ_CONSUME_CHECK_CONSUMER) timestamp=8409 ms, used_size=6227968 bytes (15.2%)
(RDMA_READ_CONSUME_CHECK_CONSUMER) timestamp=8409 ms, used_size=6225920 bytes (15.2%)
(RDMA_READ_CONSUME_CHECK_CONSUMER) timestamp=8409 ms, used_size=6223872 bytes (15.2%)
(RDMA_READ_CONSUME_CHECK_CONSUMER) timestamp=8409 ms, used_size=6221824 bytes (15.2%)
(RDMA_READ_CONSUME_CHECK_CONSUMER) timestamp=8409 ms, used_size=6219776 bytes (15.2%)
(RDMA_READ_CONSUME_CHECK_CONSUMER) timestamp=8409 ms, used_size=6217728 bytes (15.2%)
(RDMA_READ_CONSUME_CHECK_CONSUMER) timestamp=8409 ms, used_size=6215680 bytes (15.2%)
(RDMA_READ_CONSUME_CHECK_CONSUMER) timestamp=8409 ms, used_size=6213632 bytes (15.2%)
(RDMA_READ_CONSUME_CHECK_CONSUMER) timestamp=8409 ms, used_size=6211584 bytes (15.2%)
(RDMA_READ_CONSUME_CHECK_CONSUMER) timestamp=8409 ms, used_size=6209536 bytes (15.2%)
(RDMA_READ_CONSUME_CHECK_CONSUMER) timestamp=8409 ms, used_size=6207488 bytes (15.2%)
(RDMA_READ_CONSUME_CHECK_CONSUMER) timestamp=8409 ms, used_size=6205440 bytes (15.2%)
(RDMA_READ_CONSUME_CHECK_CONSUMER) timestamp=8409 ms, used_size=6203392 bytes (15.1%)
(RDMA_READ_CONSUME_CHECK_CONSUMER) timestamp=8409 ms, used_size=6201344 bytes (15.1%)
(RDMA_READ_CONSUME_CHECK_CONSUMER) timestamp=8409 ms, used_size=6199296 bytes (15.1%)
(RDMA_READ_CONSUME_CHECK_CONSUMER) timestamp=8409 ms, used_size=6197248 bytes (15.1%)
(RDMA_READ_CONSUME_CHECK_CONSUMER) timestamp=8409 ms, used_size=6195200 bytes (15.1%)
(RDMA_READ_CONSUME_CHECK_CONSUMER) timestamp=8409 ms, used_size=6193152 bytes (15.1%)
(RDMA_READ_CONSUME_CHECK_CONSUMER) timestamp=8409 ms, used_size=6191104 bytes (15.1%)
(RDMA_READ_CONSUME_CHECK_CONSUMER) timestamp=8409 ms, used_size=6189056 bytes (15.1%)
(RDMA_READ_CONSUME_CHECK_CONSUMER) timestamp=8409 ms, used_size=6187008 bytes (15.1%)
(RDMA_READ_CONSUME_CHECK_CONSUMER) timestamp=8409 ms, used_size=6184960 bytes (15.1%)
(RDMA_READ_CONSUME_CHECK_CONSUMER) timestamp=8409 ms, used_size=6182912 bytes (15.1%)
(RDMA_READ_CONSUME_CHECK_CONSUMER) timestamp=8409 ms, used_size=6180864 bytes (15.1%)
(RDMA_READ_CONSUME_CHECK_CONSUMER) timestamp=8409 ms, used_size=6178816 bytes (15.1%)
(RDMA_READ_CONSUME_CHECK_CONSUMER) timestamp=8409 ms, used_size=6176768 bytes (15.1%)
(RDMA_READ_CONSUME_CHECK_CONSUMER) timestamp=8409 ms, used_size=6174720 bytes (15.1%)
(RDMA_READ_CONSUME_CHECK_CONSUMER) timestamp=8409 ms, used_size=6172672 bytes (15.1%)
(RDMA_READ_CONSUME_CHECK_CONSUMER) timestamp=8409 ms, used_size=6170624 bytes (15.1%)
(RDMA_READ_CONSUME_CHECK_CONSUMER) timestamp=8409 ms, used_size=6168576 bytes (15.1%)
(RDMA_READ_CONSUME_CHECK_CONSUMER) timestamp=8409 ms, used_size=6166528 bytes (15.1%)
(RDMA_READ_CONSUME_CHECK_CONSUMER) timestamp=8409 ms, used_size=6164480 bytes (15.1%)
(RDMA_READ_CONSUME_CHECK_CONSUMER) timestamp=8409 ms, used_size=6162432 bytes (15.0%)
(RDMA_READ_CONSUME_CHECK_CONSUMER) timestamp=8409 ms, used_size=6160384 bytes (15.0%)
(RDMA_READ_CONSUME_CHECK_CONSUMER) timestamp=8409 ms, used_size=6158336 bytes (15.0%)
(RDMA_READ_CONSUME_CHECK_CONSUMER) timestamp=8409 ms, used_size=6156288 bytes (15.0%)
(RDMA_READ_CONSUME_CHECK_CONSUMER) timestamp=8409 ms, used_size=6154240 bytes (15.0%)
(RDMA_READ_CONSUME_CHECK_CONSUMER) timestamp=8409 ms, used_size=6152192 bytes (15.0%)
(RDMA_READ_CONSUME_CHECK_CONSUMER) timestamp=8409 ms, used_size=6150144 bytes (15.0%)
(RDMA_READ_CONSUME_CHECK_CONSUMER) timestamp=8409 ms, used_size=6148096 bytes (15.0%)
(RDMA_READ_CONSUME_CHECK_CONSUMER) timestamp=8409 ms, used_size=6146048 bytes (15.0%)
(RDMA_READ_CONSUME_CHECK_CONSUMER) timestamp=8409 ms, used_size=6144000 bytes (15.0%)
(RDMA_READ_CONSUME_CHECK_CONSUMER) timestamp=8409 ms, used_size=6141952 bytes (15.0%)
(RDMA_READ_CONSUME_CHECK_CONSUMER) timestamp=8409 ms, used_size=6139904 bytes (15.0%)
(RDMA_READ_CONSUME_CHECK_CONSUMER) timestamp=8409 ms, used_size=6137856 bytes (15.0%)
(RDMA_READ_CONSUME_CHECK_CONSUMER) timestamp=8409 ms, used_size=6135808 bytes (15.0%)
(RDMA_READ_CONSUME_CHECK_CONSUMER) timestamp=8409 ms, used_size=6133760 bytes (15.0%)
(RDMA_READ_CONSUME_CHECK_CONSUMER) timestamp=8409 ms, used_size=6131712 bytes (15.0%)
(RDMA_READ_CONSUME_CHECK_CONSUMER) timestamp=8409 ms, used_size=6129664 bytes (15.0%)
(RDMA_READ_CONSUME_CHECK_CONSUMER) timestamp=8409 ms, used_size=6127616 bytes (15.0%)
(RDMA_READ_CONSUME_CHECK_CONSUMER) timestamp=8409 ms, used_size=6125568 bytes (15.0%)
(RDMA_READ_CONSUME_CHECK_CONSUMER) timestamp=8409 ms, used_size=6123520 bytes (14.9%)
(RDMA_READ_CONSUME_CHECK_CONSUMER) timestamp=8409 ms, used_size=6121472 bytes (14.9%)
(RDMA_READ_CONSUME_CHECK_CONSUMER) timestamp=8409 ms, used_size=6119424 bytes (14.9%)
(RDMA_READ_CONSUME_CHECK_CONSUMER) timestamp=8409 ms, used_size=6117376 bytes (14.9%)
(RDMA_READ_CONSUME_CHECK_CONSUMER) timestamp=8409 ms, used_size=6115328 bytes (14.9%)
(RDMA_READ_CONSUME_CHECK_CONSUMER) timestamp=8409 ms, used_size=6113280 bytes (14.9%)
(RDMA_READ_CONSUME_CHECK_CONSUMER) timestamp=8409 ms, used_size=6111232 bytes (14.9%)
(RDMA_READ_CONSUME_CHECK_CONSUMER) timestamp=8409 ms, used_size=6109184 bytes (14.9%)
(RDMA_READ_CONSUME_CHECK_CONSUMER) timestamp=8409 ms, used_size=6107136 bytes (14.9%)
(RDMA_READ_CONSUME_CHECK_CONSUMER) timestamp=8409 ms, used_size=6105088 bytes (14.9%)
(RDMA_READ_CONSUME_CHECK_CONSUMER) timestamp=8409 ms, used_size=6103040 bytes (14.9%)
(RDMA_READ_CONSUME_CHECK_CONSUMER) timestamp=8409 ms, used_size=6100992 bytes (14.9%)
(RDMA_READ_CONSUME_CHECK_CONSUMER) timestamp=8409 ms, used_size=6098944 bytes (14.9%)
(RDMA_READ_CONSUME_CHECK_CONSUMER) timestamp=8409 ms, used_size=6096896 bytes (14.9%)
(RDMA_READ_CONSUME_CHECK_CONSUMER) timestamp=8409 ms, used_size=6094848 bytes (14.9%)
(RDMA_READ_CONSUME_CHECK_CONSUMER) timestamp=8409 ms, used_size=6092800 bytes (14.9%)
(RDMA_READ_CONSUME_CHECK_CONSUMER) timestamp=8409 ms, used_size=6090752 bytes (14.9%)
(RDMA_READ_CONSUME_CHECK_CONSUMER) timestamp=8409 ms, used_size=6088704 bytes (14.9%)
(RDMA_READ_CONSUME_CHECK_CONSUMER) timestamp=8409 ms, used_size=6086656 bytes (14.9%)
(RDMA_READ_CONSUME_CHECK_CONSUMER) timestamp=8409 ms, used_size=6084608 bytes (14.9%)
(RDMA_READ_CONSUME_CHECK_CONSUMER) timestamp=8409 ms, used_size=6082560 bytes (14.8%)
(RDMA_READ_CONSUME_CHECK_CONSUMER) timestamp=8409 ms, used_size=6080512 bytes (14.8%)
(RDMA_READ_CONSUME_CHECK_CONSUMER) timestamp=8409 ms, used_size=6078464 bytes (14.8%)
(RDMA_READ_CONSUME_CHECK_CONSUMER) timestamp=8409 ms, used_size=6076416 bytes (14.8%)
(RDMA_READ_CONSUME_CHECK_CONSUMER) timestamp=8409 ms, used_size=6074368 bytes (14.8%)
(RDMA_READ_CONSUME_CHECK_CONSUMER) timestamp=8410 ms, used_size=6072320 bytes (14.8%)
(RDMA_READ_CONSUME_CHECK_CONSUMER) timestamp=8410 ms, used_size=6070272 bytes (14.8%)
(RDMA_READ_CONSUME_CHECK_CONSUMER) timestamp=8410 ms, used_size=6068224 bytes (14.8%)
(RDMA_READ_CONSUME_CHECK_CONSUMER) timestamp=8410 ms, used_size=6066176 bytes (14.8%)
(RDMA_READ_CONSUME_CHECK_CONSUMER) timestamp=8410 ms, used_size=6064128 bytes (14.8%)
(RDMA_READ_CONSUME_CHECK_CONSUMER) timestamp=8410 ms, used_size=6062080 bytes (14.8%)
(RDMA_READ_CONSUME_CHECK_CONSUMER) timestamp=8410 ms, used_size=6060032 bytes (14.8%)
(RDMA_READ_CONSUME_CHECK_CONSUMER) timestamp=8410 ms, used_size=6057984 bytes (14.8%)
(RDMA_READ_CONSUME_CHECK_CONSUMER) timestamp=8410 ms, used_size=6055936 bytes (14.8%)
(RDMA_READ_CONSUME_CHECK_CONSUMER) timestamp=8410 ms, used_size=6053888 bytes (14.8%)
(RDMA_READ_CONSUME_CHECK_CONSUMER) timestamp=8410 ms, used_size=6051840 bytes (14.8%)
(RDMA_READ_CONSUME_CHECK_CONSUMER) timestamp=8410 ms, used_size=6049792 bytes (14.8%)
(RDMA_READ_CONSUME_CHECK_CONSUMER) timestamp=8410 ms, used_size=6047744 bytes (14.8%)
(RDMA_READ_CONSUME_CHECK_CONSUMER) timestamp=8410 ms, used_size=6045696 bytes (14.8%)
(RDMA_READ_CONSUME_CHECK_CONSUMER) timestamp=8410 ms, used_size=6043648 bytes (14.8%)
(RDMA_READ_CONSUME_CHECK_CONSUMER) timestamp=8410 ms, used_size=6041600 bytes (14.8%)
(RDMA_READ_CONSUME_CHECK_CONSUMER) timestamp=8410 ms, used_size=6039552 bytes (14.7%)
(RDMA_READ_CONSUME_CHECK_CONSUMER) timestamp=8410 ms, used_size=6037504 bytes (14.7%)
(RDMA_READ_CONSUME_CHECK_CONSUMER) timestamp=8410 ms, used_size=6035456 bytes (14.7%)
(RDMA_READ_CONSUME_CHECK_CONSUMER) timestamp=8410 ms, used_size=6033408 bytes (14.7%)
(RDMA_READ_CONSUME_CHECK_CONSUMER) timestamp=8410 ms, used_size=6031360 bytes (14.7%)
(RDMA_READ_CONSUME_CHECK_CONSUMER) timestamp=8410 ms, used_size=6029312 bytes (14.7%)
(RDMA_READ_CONSUME_CHECK_CONSUMER) timestamp=8410 ms, used_size=6027264 bytes (14.7%)
(RDMA_READ_CONSUME_CHECK_CONSUMER) timestamp=8410 ms, used_size=6025216 bytes (14.7%)
(RDMA_READ_CONSUME_CHECK_CONSUMER) timestamp=8410 ms, used_size=6023168 bytes (14.7%)
(RDMA_READ_CONSUME_CHECK_CONSUMER) timestamp=8410 ms, used_size=6021120 bytes (14.7%)
(RDMA_READ_CONSUME_CHECK_CONSUMER) timestamp=8410 ms, used_size=6019072 bytes (14.7%)
(RDMA_READ_CONSUME_CHECK_CONSUMER) timestamp=8410 ms, used_size=6017024 bytes (14.7%)
(RDMA_READ_CONSUME_CHECK_CONSUMER) timestamp=8410 ms, used_size=6014976 bytes (14.7%)
(RDMA_READ_CONSUME_CHECK_CONSUMER) timestamp=8410 ms, used_size=6012928 bytes (14.7%)
(RDMA_READ_CONSUME_CHECK_CONSUMER) timestamp=8410 ms, used_size=6010880 bytes (14.7%)
(RDMA_READ_CONSUME_CHECK_CONSUMER) timestamp=8410 ms, used_size=6008832 bytes (14.7%)
(RDMA_READ_CONSUME_CHECK_CONSUMER) timestamp=8410 ms, used_size=6006784 bytes (14.7%)
(RDMA_READ_CONSUME_CHECK_CONSUMER) timestamp=8410 ms, used_size=6004736 bytes (14.7%)
(RDMA_READ_CONSUME_CHECK_CONSUMER) timestamp=8410 ms, used_size=6002688 bytes (14.7%)
(RDMA_READ_CONSUME_CHECK_CONSUMER) timestamp=8410 ms, used_size=6000640 bytes (14.7%)
(RDMA_READ_CONSUME_CHECK_CONSUMER) timestamp=8410 ms, used_size=5998592 bytes (14.6%)
(RDMA_READ_CONSUME_CHECK_CONSUMER) timestamp=8410 ms, used_size=5996544 bytes (14.6%)
(RDMA_READ_CONSUME_CHECK_CONSUMER) timestamp=8410 ms, used_size=5994496 bytes (14.6%)
(RDMA_READ_CONSUME_CHECK_CONSUMER) timestamp=8410 ms, used_size=5992448 bytes (14.6%)
(RDMA_READ_CONSUME_CHECK_CONSUMER) timestamp=8410 ms, used_size=5990400 bytes (14.6%)
(RDMA_READ_CONSUME_CHECK_CONSUMER) timestamp=8410 ms, used_size=5988352 bytes (14.6%)
(RDMA_READ_CONSUME_CHECK_CONSUMER) timestamp=8410 ms, used_size=5986304 bytes (14.6%)
(RDMA_READ_CONSUME_CHECK_CONSUMER) timestamp=8410 ms, used_size=5984256 bytes (14.6%)
(RDMA_READ_CONSUME_CHECK_CONSUMER) timestamp=8410 ms, used_size=5982208 bytes (14.6%)
(RDMA_READ_CONSUME_CHECK_CONSUMER) timestamp=8410 ms, used_size=5980160 bytes (14.6%)
(RDMA_READ_CONSUME_CHECK_CONSUMER) timestamp=8410 ms, used_size=5978112 bytes (14.6%)
(RDMA_READ_CONSUME_CHECK_CONSUMER) timestamp=8410 ms, used_size=5976064 bytes (14.6%)
(RDMA_READ_CONSUME_CHECK_CONSUMER) timestamp=8410 ms, used_size=5974016 bytes (14.6%)
(RDMA_READ_CONSUME_CHECK_CONSUMER) timestamp=8410 ms, used_size=5971968 bytes (14.6%)
(RDMA_READ_CONSUME_CHECK_CONSUMER) timestamp=8410 ms, used_size=5969920 bytes (14.6%)
(RDMA_READ_CONSUME_CHECK_CONSUMER) timestamp=8410 ms, used_size=5967872 bytes (14.6%)
(RDMA_READ_CONSUME_CHECK_CONSUMER) timestamp=8410 ms, used_size=5965824 bytes (14.6%)
(RDMA_READ_CONSUME_CHECK_CONSUMER) timestamp=8410 ms, used_size=5963776 bytes (14.6%)
(RDMA_READ_CONSUME_CHECK_CONSUMER) timestamp=8410 ms, used_size=5961728 bytes (14.6%)
(RDMA_READ_CONSUME_CHECK_CONSUMER) timestamp=8410 ms, used_size=5959680 bytes (14.6%)
(RDMA_READ_CONSUME_CHECK_CONSUMER) timestamp=8410 ms, used_size=5957632 bytes (14.5%)
(RDMA_READ_CONSUME_CHECK_CONSUMER) timestamp=8410 ms, used_size=5955584 bytes (14.5%)
(RDMA_READ_CONSUME_CHECK_CONSUMER) timestamp=8410 ms, used_size=5953536 bytes (14.5%)
(RDMA_READ_CONSUME_CHECK_CONSUMER) timestamp=8410 ms, used_size=5951488 bytes (14.5%)
(RDMA_READ_CONSUME_CHECK_CONSUMER) timestamp=8410 ms, used_size=5949440 bytes (14.5%)
(RDMA_READ_CONSUME_CHECK_CONSUMER) timestamp=8410 ms, used_size=5947392 bytes (14.5%)
(RDMA_READ_CONSUME_CHECK_CONSUMER) timestamp=8410 ms, used_size=5945344 bytes (14.5%)
(RDMA_READ_CONSUME_CHECK_CONSUMER) timestamp=8410 ms, used_size=5943296 bytes (14.5%)
(RDMA_READ_CONSUME_CHECK_CONSUMER) timestamp=8410 ms, used_size=5941248 bytes (14.5%)
(RDMA_READ_CONSUME_CHECK_CONSUMER) timestamp=8410 ms, used_size=5939200 bytes (14.5%)
(RDMA_READ_CONSUME_CHECK_CONSUMER) timestamp=8410 ms, used_size=5937152 bytes (14.5%)
(RDMA_READ_CONSUME_CHECK_CONSUMER) timestamp=8410 ms, used_size=5935104 bytes (14.5%)
(RDMA_READ_CONSUME_CHECK_CONSUMER) timestamp=8410 ms, used_size=5933056 bytes (14.5%)
(RDMA_READ_CONSUME_CHECK_CONSUMER) timestamp=8410 ms, used_size=5931008 bytes (14.5%)
(RDMA_READ_CONSUME_CHECK_CONSUMER) timestamp=8410 ms, used_size=5928960 bytes (14.5%)
(RDMA_READ_CONSUME_CHECK_CONSUMER) timestamp=8410 ms, used_size=5926912 bytes (14.5%)
(RDMA_READ_CONSUME_CHECK_CONSUMER) timestamp=8410 ms, used_size=5924864 bytes (14.5%)
(RDMA_READ_CONSUME_CHECK_CONSUMER) timestamp=8410 ms, used_size=5922816 bytes (14.5%)
(RDMA_READ_CONSUME_CHECK_CONSUMER) timestamp=8410 ms, used_size=5920768 bytes (14.5%)
(RDMA_READ_CONSUME_CHECK_CONSUMER) timestamp=8410 ms, used_size=5918720 bytes (14.4%)
(RDMA_READ_CONSUME_CHECK_CONSUMER) timestamp=8410 ms, used_size=5916672 bytes (14.4%)
(RDMA_READ_CONSUME_CHECK_CONSUMER) timestamp=8410 ms, used_size=5914624 bytes (14.4%)
(RDMA_READ_CONSUME_CHECK_CONSUMER) timestamp=8410 ms, used_size=5912576 bytes (14.4%)
(RDMA_READ_CONSUME_CHECK_CONSUMER) timestamp=8410 ms, used_size=5910528 bytes (14.4%)
(RDMA_READ_CONSUME_CHECK_CONSUMER) timestamp=8410 ms, used_size=5908480 bytes (14.4%)
(RDMA_READ_CONSUME_CHECK_CONSUMER) timestamp=8410 ms, used_size=5906432 bytes (14.4%)
(RDMA_READ_CONSUME_CHECK_CONSUMER) timestamp=8410 ms, used_size=5904384 bytes (14.4%)
(RDMA_READ_CONSUME_CHECK_CONSUMER) timestamp=8410 ms, used_size=5902336 bytes (14.4%)
(RDMA_READ_CONSUME_CHECK_CONSUMER) timestamp=8410 ms, used_size=5900288 bytes (14.4%)
(RDMA_READ_CONSUME_CHECK_CONSUMER) timestamp=8410 ms, used_size=5898240 bytes (14.4%)
(RDMA_READ_CONSUME_CHECK_CONSUMER) timestamp=8410 ms, used_size=5896192 bytes (14.4%)
(RDMA_READ_CONSUME_CHECK_CONSUMER) timestamp=8410 ms, used_size=5894144 bytes (14.4%)
(RDMA_READ_CONSUME_CHECK_CONSUMER) timestamp=8410 ms, used_size=5892096 bytes (14.4%)
(RDMA_READ_CONSUME_CHECK_CONSUMER) timestamp=8410 ms, used_size=5890048 bytes (14.4%)
(RDMA_READ_CONSUME_CHECK_CONSUMER) timestamp=8410 ms, used_size=5888000 bytes (14.4%)
(RDMA_READ_CONSUME_CHECK_CONSUMER) timestamp=8410 ms, used_size=5885952 bytes (14.4%)
(RDMA_READ_CONSUME_CHECK_CONSUMER) timestamp=8410 ms, used_size=5883904 bytes (14.4%)
(RDMA_READ_CONSUME_CHECK_CONSUMER) timestamp=8410 ms, used_size=5881856 bytes (14.4%)
(RDMA_READ_CONSUME_CHECK_CONSUMER) timestamp=8410 ms, used_size=5879808 bytes (14.4%)
(RDMA_READ_CONSUME_CHECK_CONSUMER) timestamp=8410 ms, used_size=5877760 bytes (14.3%)
(RDMA_READ_CONSUME_CHECK_CONSUMER) timestamp=8410 ms, used_size=5875712 bytes (14.3%)
(RDMA_READ_CONSUME_CHECK_CONSUMER) timestamp=8410 ms, used_size=5873664 bytes (14.3%)
(RDMA_READ_CONSUME_CHECK_CONSUMER) timestamp=8410 ms, used_size=5871616 bytes (14.3%)
(RDMA_READ_CONSUME_CHECK_CONSUMER) timestamp=8410 ms, used_size=5869568 bytes (14.3%)
(RDMA_READ_CONSUME_CHECK_CONSUMER) timestamp=8410 ms, used_size=5867520 bytes (14.3%)
(RDMA_READ_CONSUME_CHECK_CONSUMER) timestamp=8410 ms, used_size=5865472 bytes (14.3%)
(RDMA_READ_CONSUME_CHECK_CONSUMER) timestamp=8410 ms, used_size=5863424 bytes (14.3%)
(RDMA_READ_CONSUME_CHECK_CONSUMER) timestamp=8410 ms, used_size=5861376 bytes (14.3%)
(RDMA_READ_CONSUME_CHECK_CONSUMER) timestamp=8410 ms, used_size=5859328 bytes (14.3%)
(RDMA_READ_CONSUME_CHECK_CONSUMER) timestamp=8410 ms, used_size=5857280 bytes (14.3%)
(RDMA_READ_CONSUME_CHECK_CONSUMER) timestamp=8410 ms, used_size=5855232 bytes (14.3%)
(RDMA_READ_CONSUME_CHECK_CONSUMER) timestamp=8410 ms, used_size=5853184 bytes (14.3%)
(RDMA_READ_CONSUME_CHECK_CONSUMER) timestamp=8410 ms, used_size=5851136 bytes (14.3%)
(RDMA_READ_CONSUME_CHECK_CONSUMER) timestamp=8410 ms, used_size=5849088 bytes (14.3%)
(RDMA_READ_CONSUME_CHECK_CONSUMER) timestamp=8410 ms, used_size=5847040 bytes (14.3%)
(RDMA_READ_CONSUME_CHECK_CONSUMER) timestamp=8410 ms, used_size=5844992 bytes (14.3%)
(RDMA_READ_CONSUME_CHECK_CONSUMER) timestamp=8410 ms, used_size=5842944 bytes (14.3%)
(RDMA_READ_CONSUME_CHECK_CONSUMER) timestamp=8410 ms, used_size=5840896 bytes (14.3%)
(RDMA_READ_CONSUME_CHECK_CONSUMER) timestamp=8410 ms, used_size=5838848 bytes (14.3%)
(RDMA_READ_CONSUME_CHECK_CONSUMER) timestamp=8410 ms, used_size=5836800 bytes (14.2%)
(RDMA_READ_CONSUME_CHECK_CONSUMER) timestamp=8410 ms, used_size=5834752 bytes (14.2%)
(RDMA_READ_CONSUME_CHECK_CONSUMER) timestamp=8410 ms, used_size=5832704 bytes (14.2%)
(RDMA_READ_CONSUME_CHECK_CONSUMER) timestamp=8410 ms, used_size=5830656 bytes (14.2%)
(RDMA_READ_CONSUME_CHECK_CONSUMER) timestamp=8410 ms, used_size=5828608 bytes (14.2%)
(RDMA_READ_CONSUME_CHECK_CONSUMER) timestamp=8410 ms, used_size=5826560 bytes (14.2%)
(RDMA_READ_CONSUME_CHECK_CONSUMER) timestamp=8410 ms, used_size=5824512 bytes (14.2%)
(RDMA_READ_CONSUME_CHECK_CONSUMER) timestamp=8410 ms, used_size=5822464 bytes (14.2%)
(RDMA_READ_CONSUME_CHECK_CONSUMER) timestamp=8410 ms, used_size=5820416 bytes (14.2%)
(RDMA_READ_CONSUME_CHECK_CONSUMER) timestamp=8410 ms, used_size=5818368 bytes (14.2%)
(RDMA_READ_CONSUME_CHECK_CONSUMER) timestamp=8410 ms, used_size=5816320 bytes (14.2%)
(RDMA_READ_CONSUME_CHECK_CONSUMER) timestamp=8410 ms, used_size=5814272 bytes (14.2%)
(RDMA_READ_CONSUME_CHECK_CONSUMER) timestamp=8410 ms, used_size=5812224 bytes (14.2%)
(RDMA_READ_CONSUME_CHECK_CONSUMER) timestamp=8410 ms, used_size=5810176 bytes (14.2%)
(RDMA_READ_CONSUME_CHECK_CONSUMER) timestamp=8410 ms, used_size=5808128 bytes (14.2%)
(RDMA_READ_CONSUME_CHECK_CONSUMER) timestamp=8410 ms, used_size=5806080 bytes (14.2%)
(RDMA_READ_CONSUME_CHECK_CONSUMER) timestamp=8410 ms, used_size=5804032 bytes (14.2%)
(RDMA_READ_CONSUME_CHECK_CONSUMER) timestamp=8410 ms, used_size=5801984 bytes (14.2%)
(RDMA_READ_CONSUME_CHECK_CONSUMER) timestamp=8410 ms, used_size=5799936 bytes (14.2%)
(RDMA_READ_CONSUME_CHECK_CONSUMER) timestamp=8410 ms, used_size=5797888 bytes (14.2%)
(RDMA_READ_CONSUME_CHECK_CONSUMER) timestamp=8410 ms, used_size=5795840 bytes (14.2%)
(RDMA_READ_CONSUME_CHECK_CONSUMER) timestamp=8410 ms, used_size=5793792 bytes (14.1%)
(RDMA_READ_CONSUME_CHECK_CONSUMER) timestamp=8410 ms, used_size=5791744 bytes (14.1%)
(RDMA_READ_CONSUME_CHECK_CONSUMER) timestamp=8410 ms, used_size=5789696 bytes (14.1%)
(RDMA_READ_CONSUME_CHECK_CONSUMER) timestamp=8410 ms, used_size=5787648 bytes (14.1%)
(RDMA_READ_CONSUME_CHECK_CONSUMER) timestamp=8410 ms, used_size=5785600 bytes (14.1%)
(RDMA_READ_CONSUME_CHECK_CONSUMER) timestamp=8410 ms, used_size=5783552 bytes (14.1%)
(RDMA_READ_CONSUME_CHECK_CONSUMER) timestamp=8410 ms, used_size=5781504 bytes (14.1%)
(RDMA_READ_CONSUME_CHECK_CONSUMER) timestamp=8410 ms, used_size=5779456 bytes (14.1%)
(RDMA_READ_CONSUME_CHECK_CONSUMER) timestamp=8410 ms, used_size=5777408 bytes (14.1%)
(RDMA_READ_CONSUME_CHECK_CONSUMER) timestamp=8410 ms, used_size=5775360 bytes (14.1%)
(RDMA_READ_CONSUME_CHECK_CONSUMER) timestamp=8410 ms, used_size=5773312 bytes (14.1%)
(RDMA_READ_CONSUME_CHECK_CONSUMER) timestamp=8410 ms, used_size=5771264 bytes (14.1%)
(RDMA_READ_CONSUME_CHECK_CONSUMER) timestamp=8410 ms, used_size=5769216 bytes (14.1%)
(RDMA_READ_CONSUME_CHECK_CONSUMER) timestamp=8410 ms, used_size=5767168 bytes (14.1%)
(RDMA_READ_CONSUME_CHECK_CONSUMER) timestamp=8410 ms, used_size=5765120 bytes (14.1%)
(RDMA_READ_CONSUME_CHECK_CONSUMER) timestamp=8410 ms, used_size=5763072 bytes (14.1%)
(RDMA_READ_CONSUME_CHECK_CONSUMER) timestamp=8410 ms, used_size=5761024 bytes (14.1%)
(RDMA_READ_CONSUME_CHECK_CONSUMER) timestamp=8410 ms, used_size=5758976 bytes (14.1%)
(RDMA_READ_CONSUME_CHECK_CONSUMER) timestamp=8410 ms, used_size=5756928 bytes (14.1%)
(RDMA_READ_CONSUME_CHECK_CONSUMER) timestamp=8410 ms, used_size=5754880 bytes (14.1%)
(RDMA_READ_CONSUME_CHECK_CONSUMER) timestamp=8410 ms, used_size=5752832 bytes (14.0%)
(RDMA_READ_CONSUME_CHECK_CONSUMER) timestamp=8410 ms, used_size=5750784 bytes (14.0%)
(RDMA_READ_CONSUME_CHECK_CONSUMER) timestamp=8410 ms, used_size=5748736 bytes (14.0%)
(RDMA_READ_CONSUME_CHECK_CONSUMER) timestamp=8410 ms, used_size=5746688 bytes (14.0%)
(RDMA_READ_CONSUME_CHECK_CONSUMER) timestamp=8410 ms, used_size=5744640 bytes (14.0%)
(RDMA_READ_CONSUME_CHECK_CONSUMER) timestamp=8410 ms, used_size=5742592 bytes (14.0%)
(RDMA_READ_CONSUME_CHECK_CONSUMER) timestamp=8410 ms, used_size=5740544 bytes (14.0%)
(RDMA_READ_CONSUME_CHECK_CONSUMER) timestamp=8410 ms, used_size=5738496 bytes (14.0%)
(RDMA_READ_CONSUME_CHECK_CONSUMER) timestamp=8410 ms, used_size=5736448 bytes (14.0%)
(RDMA_READ_CONSUME_CHECK_CONSUMER) timestamp=8410 ms, used_size=5734400 bytes (14.0%)
(RDMA_READ_CONSUME_CHECK_CONSUMER) timestamp=8410 ms, used_size=5732352 bytes (14.0%)
(RDMA_READ_CONSUME_CHECK_CONSUMER) timestamp=8410 ms, used_size=5730304 bytes (14.0%)
(RDMA_READ_CONSUME_CHECK_CONSUMER) timestamp=8410 ms, used_size=5728256 bytes (14.0%)
(RDMA_READ_CONSUME_CHECK_CONSUMER) timestamp=8411 ms, used_size=5726208 bytes (14.0%)
(RDMA_READ_CONSUME_CHECK_CONSUMER) timestamp=8411 ms, used_size=5724160 bytes (14.0%)
(RDMA_READ_CONSUME_CHECK_CONSUMER) timestamp=8411 ms, used_size=5722112 bytes (14.0%)
(RDMA_READ_CONSUME_CHECK_CONSUMER) timestamp=8411 ms, used_size=5720064 bytes (14.0%)
(RDMA_READ_CONSUME_CHECK_CONSUMER) timestamp=8411 ms, used_size=5718016 bytes (14.0%)
(RDMA_READ_CONSUME_CHECK_CONSUMER) timestamp=8411 ms, used_size=5715968 bytes (14.0%)
(RDMA_READ_CONSUME_CHECK_CONSUMER) timestamp=8411 ms, used_size=5713920 bytes (13.9%)
(RDMA_READ_CONSUME_CHECK_CONSUMER) timestamp=8411 ms, used_size=5711872 bytes (13.9%)
(RDMA_READ_CONSUME_CHECK_CONSUMER) timestamp=8411 ms, used_size=5709824 bytes (13.9%)
(RDMA_READ_CONSUME_CHECK_CONSUMER) timestamp=8411 ms, used_size=5707776 bytes (13.9%)
(RDMA_READ_CONSUME_CHECK_CONSUMER) timestamp=8411 ms, used_size=5705728 bytes (13.9%)
(RDMA_READ_CONSUME_CHECK_CONSUMER) timestamp=8411 ms, used_size=5703680 bytes (13.9%)
(RDMA_READ_CONSUME_CHECK_CONSUMER) timestamp=8411 ms, used_size=5701632 bytes (13.9%)
(RDMA_READ_CONSUME_CHECK_CONSUMER) timestamp=8411 ms, used_size=5699584 bytes (13.9%)
(RDMA_READ_CONSUME_CHECK_CONSUMER) timestamp=8411 ms, used_size=5697536 bytes (13.9%)
(RDMA_READ_CONSUME_CHECK_CONSUMER) timestamp=8411 ms, used_size=5695488 bytes (13.9%)
(RDMA_READ_CONSUME_CHECK_CONSUMER) timestamp=8411 ms, used_size=5693440 bytes (13.9%)
(RDMA_READ_CONSUME_CHECK_CONSUMER) timestamp=8411 ms, used_size=5691392 bytes (13.9%)
(RDMA_READ_CONSUME_CHECK_CONSUMER) timestamp=8411 ms, used_size=5689344 bytes (13.9%)
(RDMA_READ_CONSUME_CHECK_CONSUMER) timestamp=8411 ms, used_size=5687296 bytes (13.9%)
(RDMA_READ_CONSUME_CHECK_CONSUMER) timestamp=8411 ms, used_size=5685248 bytes (13.9%)
(RDMA_READ_CONSUME_CHECK_CONSUMER) timestamp=8411 ms, used_size=5683200 bytes (13.9%)
(RDMA_READ_CONSUME_CHECK_CONSUMER) timestamp=8411 ms, used_size=5681152 bytes (13.9%)
(RDMA_READ_CONSUME_CHECK_CONSUMER) timestamp=8411 ms, used_size=5679104 bytes (13.9%)
(RDMA_READ_CONSUME_CHECK_CONSUMER) timestamp=8411 ms, used_size=5677056 bytes (13.9%)
(RDMA_READ_CONSUME_CHECK_CONSUMER) timestamp=8411 ms, used_size=5675008 bytes (13.9%)
(RDMA_READ_CONSUME_CHECK_CONSUMER) timestamp=8411 ms, used_size=5672960 bytes (13.8%)
(RDMA_READ_CONSUME_CHECK_CONSUMER) timestamp=8411 ms, used_size=5670912 bytes (13.8%)
(RDMA_READ_CONSUME_CHECK_CONSUMER) timestamp=8411 ms, used_size=5668864 bytes (13.8%)
(RDMA_READ_CONSUME_CHECK_CONSUMER) timestamp=8411 ms, used_size=5666816 bytes (13.8%)
(RDMA_READ_CONSUME_CHECK_CONSUMER) timestamp=8411 ms, used_size=5664768 bytes (13.8%)
(RDMA_READ_CONSUME_CHECK_CONSUMER) timestamp=8411 ms, used_size=5662720 bytes (13.8%)
(RDMA_READ_CONSUME_CHECK_CONSUMER) timestamp=8411 ms, used_size=5660672 bytes (13.8%)
(RDMA_READ_CONSUME_CHECK_CONSUMER) timestamp=8411 ms, used_size=5658624 bytes (13.8%)
(RDMA_READ_CONSUME_CHECK_CONSUMER) timestamp=8411 ms, used_size=5656576 bytes (13.8%)
(RDMA_READ_CONSUME_CHECK_CONSUMER) timestamp=8411 ms, used_size=5654528 bytes (13.8%)
(RDMA_READ_CONSUME_CHECK_CONSUMER) timestamp=8411 ms, used_size=5652480 bytes (13.8%)
(RDMA_READ_CONSUME_CHECK_CONSUMER) timestamp=8411 ms, used_size=5650432 bytes (13.8%)
(RDMA_READ_CONSUME_CHECK_CONSUMER) timestamp=8411 ms, used_size=5648384 bytes (13.8%)
(RDMA_READ_CONSUME_CHECK_CONSUMER) timestamp=8411 ms, used_size=5646336 bytes (13.8%)
(RDMA_READ_CONSUME_CHECK_CONSUMER) timestamp=8411 ms, used_size=5644288 bytes (13.8%)
(RDMA_READ_CONSUME_CHECK_CONSUMER) timestamp=8411 ms, used_size=5642240 bytes (13.8%)
(RDMA_READ_CONSUME_CHECK_CONSUMER) timestamp=8411 ms, used_size=5640192 bytes (13.8%)
(RDMA_READ_CONSUME_CHECK_CONSUMER) timestamp=8411 ms, used_size=5638144 bytes (13.8%)
(RDMA_READ_CONSUME_CHECK_CONSUMER) timestamp=8411 ms, used_size=5636096 bytes (13.8%)
(RDMA_READ_CONSUME_CHECK_CONSUMER) timestamp=8411 ms, used_size=5634048 bytes (13.8%)
(RDMA_READ_CONSUME_CHECK_CONSUMER) timestamp=8411 ms, used_size=5632000 bytes (13.8%)
(RDMA_READ_CONSUME_CHECK_CONSUMER) timestamp=8411 ms, used_size=5629952 bytes (13.7%)
(RDMA_READ_CONSUME_CHECK_CONSUMER) timestamp=8411 ms, used_size=5627904 bytes (13.7%)
(RDMA_READ_CONSUME_CHECK_CONSUMER) timestamp=8411 ms, used_size=5625856 bytes (13.7%)
(RDMA_READ_CONSUME_CHECK_CONSUMER) timestamp=8411 ms, used_size=5623808 bytes (13.7%)
(RDMA_READ_CONSUME_CHECK_CONSUMER) timestamp=8411 ms, used_size=5621760 bytes (13.7%)
(RDMA_READ_CONSUME_CHECK_CONSUMER) timestamp=8411 ms, used_size=5619712 bytes (13.7%)
(RDMA_READ_CONSUME_CHECK_CONSUMER) timestamp=8411 ms, used_size=5617664 bytes (13.7%)
(RDMA_READ_CONSUME_CHECK_CONSUMER) timestamp=8411 ms, used_size=5615616 bytes (13.7%)
(RDMA_READ_CONSUME_CHECK_CONSUMER) timestamp=8411 ms, used_size=5613568 bytes (13.7%)
(RDMA_READ_CONSUME_CHECK_CONSUMER) timestamp=8411 ms, used_size=5611520 bytes (13.7%)
(RDMA_READ_CONSUME_CHECK_CONSUMER) timestamp=8411 ms, used_size=5609472 bytes (13.7%)
(RDMA_READ_CONSUME_CHECK_CONSUMER) timestamp=8411 ms, used_size=5607424 bytes (13.7%)
(RDMA_READ_CONSUME_CHECK_CONSUMER) timestamp=8411 ms, used_size=5605376 bytes (13.7%)
(RDMA_READ_CONSUME_CHECK_CONSUMER) timestamp=8411 ms, used_size=5603328 bytes (13.7%)
(RDMA_READ_CONSUME_CHECK_CONSUMER) timestamp=8411 ms, used_size=5601280 bytes (13.7%)
(RDMA_READ_CONSUME_CHECK_CONSUMER) timestamp=8411 ms, used_size=5599232 bytes (13.7%)
(RDMA_READ_CONSUME_CHECK_CONSUMER) timestamp=8411 ms, used_size=5597184 bytes (13.7%)
(RDMA_READ_CONSUME_CHECK_CONSUMER) timestamp=8411 ms, used_size=5595136 bytes (13.7%)
(RDMA_READ_CONSUME_CHECK_CONSUMER) timestamp=8411 ms, used_size=5593088 bytes (13.7%)
(RDMA_READ_CONSUME_CHECK_CONSUMER) timestamp=8411 ms, used_size=5591040 bytes (13.7%)
(RDMA_READ_CONSUME_CHECK_CONSUMER) timestamp=8411 ms, used_size=5588992 bytes (13.6%)
(RDMA_READ_CONSUME_CHECK_CONSUMER) timestamp=8411 ms, used_size=5586944 bytes (13.6%)
(RDMA_READ_CONSUME_CHECK_CONSUMER) timestamp=8411 ms, used_size=5584896 bytes (13.6%)
(RDMA_READ_CONSUME_CHECK_CONSUMER) timestamp=8411 ms, used_size=5582848 bytes (13.6%)
(RDMA_READ_CONSUME_CHECK_CONSUMER) timestamp=8411 ms, used_size=5580800 bytes (13.6%)
(RDMA_READ_CONSUME_CHECK_CONSUMER) timestamp=8411 ms, used_size=5578752 bytes (13.6%)
(RDMA_READ_CONSUME_CHECK_CONSUMER) timestamp=8411 ms, used_size=5576704 bytes (13.6%)
(RDMA_READ_CONSUME_CHECK_CONSUMER) timestamp=8411 ms, used_size=5574656 bytes (13.6%)
(RDMA_READ_CONSUME_CHECK_CONSUMER) timestamp=8411 ms, used_size=5572608 bytes (13.6%)
(RDMA_READ_CONSUME_CHECK_CONSUMER) timestamp=8411 ms, used_size=5570560 bytes (13.6%)
(RDMA_READ_CONSUME_CHECK_CONSUMER) timestamp=8411 ms, used_size=5568512 bytes (13.6%)
(RDMA_READ_CONSUME_CHECK_CONSUMER) timestamp=8411 ms, used_size=5566464 bytes (13.6%)
(RDMA_READ_CONSUME_CHECK_CONSUMER) timestamp=8411 ms, used_size=5564416 bytes (13.6%)
(RDMA_READ_CONSUME_CHECK_CONSUMER) timestamp=8411 ms, used_size=5562368 bytes (13.6%)
(RDMA_READ_CONSUME_CHECK_CONSUMER) timestamp=8411 ms, used_size=5560320 bytes (13.6%)
(RDMA_READ_CONSUME_CHECK_CONSUMER) timestamp=8411 ms, used_size=5558272 bytes (13.6%)
(RDMA_READ_CONSUME_CHECK_CONSUMER) timestamp=8411 ms, used_size=5556224 bytes (13.6%)
(RDMA_READ_CONSUME_CHECK_CONSUMER) timestamp=8411 ms, used_size=5554176 bytes (13.6%)
(RDMA_READ_CONSUME_CHECK_CONSUMER) timestamp=8411 ms, used_size=5552128 bytes (13.6%)
(RDMA_READ_CONSUME_CHECK_CONSUMER) timestamp=8411 ms, used_size=5550080 bytes (13.6%)
(RDMA_READ_CONSUME_CHECK_CONSUMER) timestamp=8411 ms, used_size=5548032 bytes (13.5%)
(RDMA_READ_CONSUME_CHECK_CONSUMER) timestamp=8411 ms, used_size=5545984 bytes (13.5%)
(RDMA_READ_CONSUME_CHECK_CONSUMER) timestamp=8411 ms, used_size=5543936 bytes (13.5%)
(RDMA_READ_CONSUME_CHECK_CONSUMER) timestamp=8411 ms, used_size=5541888 bytes (13.5%)
(RDMA_READ_CONSUME_CHECK_CONSUMER) timestamp=8411 ms, used_size=5539840 bytes (13.5%)
(RDMA_READ_CONSUME_CHECK_CONSUMER) timestamp=8411 ms, used_size=5537792 bytes (13.5%)
(RDMA_READ_CONSUME_CHECK_CONSUMER) timestamp=8411 ms, used_size=5535744 bytes (13.5%)
(RDMA_READ_CONSUME_CHECK_CONSUMER) timestamp=8411 ms, used_size=5533696 bytes (13.5%)
(RDMA_READ_CONSUME_CHECK_CONSUMER) timestamp=8411 ms, used_size=5531648 bytes (13.5%)
(RDMA_READ_CONSUME_CHECK_CONSUMER) timestamp=8411 ms, used_size=5529600 bytes (13.5%)
(RDMA_READ_CONSUME_CHECK_CONSUMER) timestamp=8411 ms, used_size=5527552 bytes (13.5%)
(RDMA_READ_CONSUME_CHECK_CONSUMER) timestamp=8411 ms, used_size=5525504 bytes (13.5%)
(RDMA_READ_CONSUME_CHECK_CONSUMER) timestamp=8411 ms, used_size=5523456 bytes (13.5%)
(RDMA_READ_CONSUME_CHECK_CONSUMER) timestamp=8411 ms, used_size=5521408 bytes (13.5%)
(RDMA_READ_CONSUME_CHECK_CONSUMER) timestamp=8411 ms, used_size=5519360 bytes (13.5%)
(RDMA_READ_CONSUME_CHECK_CONSUMER) timestamp=8411 ms, used_size=5517312 bytes (13.5%)
(RDMA_READ_CONSUME_CHECK_CONSUMER) timestamp=8411 ms, used_size=5515264 bytes (13.5%)
(RDMA_READ_CONSUME_CHECK_CONSUMER) timestamp=8411 ms, used_size=5513216 bytes (13.5%)
(RDMA_READ_CONSUME_CHECK_CONSUMER) timestamp=8411 ms, used_size=5511168 bytes (13.5%)
(RDMA_READ_CONSUME_CHECK_CONSUMER) timestamp=8411 ms, used_size=5509120 bytes (13.4%)
(RDMA_READ_CONSUME_CHECK_CONSUMER) timestamp=8411 ms, used_size=5507072 bytes (13.4%)
(RDMA_READ_CONSUME_CHECK_CONSUMER) timestamp=8411 ms, used_size=5505024 bytes (13.4%)
(RDMA_READ_CONSUME_CHECK_CONSUMER) timestamp=8411 ms, used_size=5502976 bytes (13.4%)
(RDMA_READ_CONSUME_CHECK_CONSUMER) timestamp=8411 ms, used_size=5500928 bytes (13.4%)
(RDMA_READ_CONSUME_CHECK_CONSUMER) timestamp=8411 ms, used_size=5498880 bytes (13.4%)
(RDMA_READ_CONSUME_CHECK_CONSUMER) timestamp=8411 ms, used_size=5496832 bytes (13.4%)
(RDMA_READ_CONSUME_CHECK_CONSUMER) timestamp=8411 ms, used_size=5494784 bytes (13.4%)
(RDMA_READ_CONSUME_CHECK_CONSUMER) timestamp=8411 ms, used_size=5492736 bytes (13.4%)
(RDMA_READ_CONSUME_CHECK_CONSUMER) timestamp=8411 ms, used_size=5490688 bytes (13.4%)
(RDMA_READ_CONSUME_CHECK_CONSUMER) timestamp=8411 ms, used_size=5488640 bytes (13.4%)
(RDMA_READ_CONSUME_CHECK_CONSUMER) timestamp=8411 ms, used_size=5486592 bytes (13.4%)
(RDMA_READ_CONSUME_CHECK_CONSUMER) timestamp=8411 ms, used_size=5484544 bytes (13.4%)
(RDMA_READ_CONSUME_CHECK_CONSUMER) timestamp=8411 ms, used_size=5482496 bytes (13.4%)
(RDMA_READ_CONSUME_CHECK_CONSUMER) timestamp=8411 ms, used_size=5480448 bytes (13.4%)
(RDMA_READ_CONSUME_CHECK_CONSUMER) timestamp=8411 ms, used_size=5478400 bytes (13.4%)
(RDMA_READ_CONSUME_CHECK_CONSUMER) timestamp=8411 ms, used_size=5476352 bytes (13.4%)
(RDMA_READ_CONSUME_CHECK_CONSUMER) timestamp=8411 ms, used_size=5474304 bytes (13.4%)
(RDMA_READ_CONSUME_CHECK_CONSUMER) timestamp=8411 ms, used_size=5472256 bytes (13.4%)
(RDMA_READ_CONSUME_CHECK_CONSUMER) timestamp=8411 ms, used_size=5470208 bytes (13.4%)
(RDMA_READ_CONSUME_CHECK_CONSUMER) timestamp=8411 ms, used_size=5468160 bytes (13.3%)
(RDMA_READ_CONSUME_CHECK_CONSUMER) timestamp=8411 ms, used_size=5466112 bytes (13.3%)
(RDMA_READ_CONSUME_CHECK_CONSUMER) timestamp=8411 ms, used_size=5464064 bytes (13.3%)
(RDMA_READ_CONSUME_CHECK_CONSUMER) timestamp=8411 ms, used_size=5462016 bytes (13.3%)
(RDMA_READ_CONSUME_CHECK_CONSUMER) timestamp=8411 ms, used_size=5459968 bytes (13.3%)
(RDMA_READ_CONSUME_CHECK_CONSUMER) timestamp=8411 ms, used_size=5457920 bytes (13.3%)
(RDMA_READ_CONSUME_CHECK_CONSUMER) timestamp=8411 ms, used_size=5455872 bytes (13.3%)
(RDMA_READ_CONSUME_CHECK_CONSUMER) timestamp=8411 ms, used_size=5453824 bytes (13.3%)
(RDMA_READ_CONSUME_CHECK_CONSUMER) timestamp=8411 ms, used_size=5451776 bytes (13.3%)
(RDMA_READ_CONSUME_CHECK_CONSUMER) timestamp=8411 ms, used_size=5449728 bytes (13.3%)
(RDMA_READ_CONSUME_CHECK_CONSUMER) timestamp=8411 ms, used_size=5447680 bytes (13.3%)
(RDMA_READ_CONSUME_CHECK_CONSUMER) timestamp=8411 ms, used_size=5445632 bytes (13.3%)
(RDMA_READ_CONSUME_CHECK_CONSUMER) timestamp=8411 ms, used_size=5443584 bytes (13.3%)
(RDMA_READ_CONSUME_CHECK_CONSUMER) timestamp=8411 ms, used_size=5441536 bytes (13.3%)
(RDMA_READ_CONSUME_CHECK_CONSUMER) timestamp=8411 ms, used_size=5439488 bytes (13.3%)
(RDMA_READ_CONSUME_CHECK_CONSUMER) timestamp=8411 ms, used_size=5437440 bytes (13.3%)
(RDMA_READ_CONSUME_CHECK_CONSUMER) timestamp=8411 ms, used_size=5435392 bytes (13.3%)
(RDMA_READ_CONSUME_CHECK_CONSUMER) timestamp=8411 ms, used_size=5433344 bytes (13.3%)
(RDMA_READ_CONSUME_CHECK_CONSUMER) timestamp=8411 ms, used_size=5431296 bytes (13.3%)
(RDMA_READ_CONSUME_CHECK_CONSUMER) timestamp=8411 ms, used_size=5429248 bytes (13.3%)
(RDMA_READ_CONSUME_CHECK_CONSUMER) timestamp=8411 ms, used_size=5427200 bytes (13.2%)
(RDMA_READ_CONSUME_CHECK_CONSUMER) timestamp=8411 ms, used_size=5425152 bytes (13.2%)
(RDMA_READ_CONSUME_CHECK_CONSUMER) timestamp=8411 ms, used_size=5423104 bytes (13.2%)
(RDMA_READ_CONSUME_CHECK_CONSUMER) timestamp=8411 ms, used_size=5421056 bytes (13.2%)
(RDMA_READ_CONSUME_CHECK_CONSUMER) timestamp=8411 ms, used_size=5419008 bytes (13.2%)
(RDMA_READ_CONSUME_CHECK_CONSUMER) timestamp=8411 ms, used_size=5416960 bytes (13.2%)
(RDMA_READ_CONSUME_CHECK_CONSUMER) timestamp=8411 ms, used_size=5414912 bytes (13.2%)
(RDMA_READ_CONSUME_CHECK_CONSUMER) timestamp=8411 ms, used_size=5412864 bytes (13.2%)
(RDMA_READ_CONSUME_CHECK_CONSUMER) timestamp=8411 ms, used_size=5410816 bytes (13.2%)
(RDMA_READ_CONSUME_CHECK_CONSUMER) timestamp=8411 ms, used_size=5408768 bytes (13.2%)
(RDMA_READ_CONSUME_CHECK_CONSUMER) timestamp=8411 ms, used_size=5406720 bytes (13.2%)
(RDMA_READ_CONSUME_CHECK_CONSUMER) timestamp=8411 ms, used_size=5404672 bytes (13.2%)
(RDMA_READ_CONSUME_CHECK_CONSUMER) timestamp=8411 ms, used_size=5402624 bytes (13.2%)
(RDMA_READ_CONSUME_CHECK_CONSUMER) timestamp=8411 ms, used_size=5400576 bytes (13.2%)
(RDMA_READ_CONSUME_CHECK_CONSUMER) timestamp=8411 ms, used_size=5398528 bytes (13.2%)
(RDMA_READ_CONSUME_CHECK_CONSUMER) timestamp=8411 ms, used_size=5396480 bytes (13.2%)
(RDMA_READ_CONSUME_CHECK_CONSUMER) timestamp=8411 ms, used_size=5394432 bytes (13.2%)
(RDMA_READ_CONSUME_CHECK_CONSUMER) timestamp=8411 ms, used_size=5392384 bytes (13.2%)
(RDMA_READ_CONSUME_CHECK_CONSUMER) timestamp=8412 ms, used_size=5390336 bytes (13.2%)
(RDMA_READ_CONSUME_CHECK_CONSUMER) timestamp=8412 ms, used_size=5388288 bytes (13.2%)
(RDMA_READ_CONSUME_CHECK_CONSUMER) timestamp=8412 ms, used_size=5386240 bytes (13.2%)
(RDMA_READ_CONSUME_CHECK_CONSUMER) timestamp=8412 ms, used_size=5384192 bytes (13.1%)
(RDMA_READ_CONSUME_CHECK_CONSUMER) timestamp=8412 ms, used_size=5382144 bytes (13.1%)
(RDMA_READ_CONSUME_CHECK_CONSUMER) timestamp=8412 ms, used_size=5380096 bytes (13.1%)
(RDMA_READ_CONSUME_CHECK_CONSUMER) timestamp=8412 ms, used_size=5378048 bytes (13.1%)
(RDMA_READ_CONSUME_CHECK_CONSUMER) timestamp=8412 ms, used_size=5376000 bytes (13.1%)
(RDMA_READ_CONSUME_CHECK_CONSUMER) timestamp=8412 ms, used_size=5373952 bytes (13.1%)
(RDMA_READ_CONSUME_CHECK_CONSUMER) timestamp=8412 ms, used_size=5371904 bytes (13.1%)
(RDMA_READ_CONSUME_CHECK_CONSUMER) timestamp=8412 ms, used_size=5369856 bytes (13.1%)
(RDMA_READ_CONSUME_CHECK_CONSUMER) timestamp=8412 ms, used_size=5367808 bytes (13.1%)
(RDMA_READ_CONSUME_CHECK_CONSUMER) timestamp=8412 ms, used_size=5365760 bytes (13.1%)
(RDMA_READ_CONSUME_CHECK_CONSUMER) timestamp=8412 ms, used_size=5363712 bytes (13.1%)
(RDMA_READ_CONSUME_CHECK_CONSUMER) timestamp=8412 ms, used_size=5361664 bytes (13.1%)
(RDMA_READ_CONSUME_CHECK_CONSUMER) timestamp=8412 ms, used_size=5359616 bytes (13.1%)
(RDMA_READ_CONSUME_CHECK_CONSUMER) timestamp=8412 ms, used_size=5357568 bytes (13.1%)
(RDMA_READ_CONSUME_CHECK_CONSUMER) timestamp=8412 ms, used_size=5355520 bytes (13.1%)
(RDMA_READ_CONSUME_CHECK_CONSUMER) timestamp=8412 ms, used_size=5353472 bytes (13.1%)
(RDMA_READ_CONSUME_CHECK_CONSUMER) timestamp=8412 ms, used_size=5351424 bytes (13.1%)
(RDMA_READ_CONSUME_CHECK_CONSUMER) timestamp=8412 ms, used_size=5349376 bytes (13.1%)
(RDMA_READ_CONSUME_CHECK_CONSUMER) timestamp=8412 ms, used_size=5347328 bytes (13.1%)
(RDMA_READ_CONSUME_CHECK_CONSUMER) timestamp=8412 ms, used_size=5345280 bytes (13.1%)
(RDMA_READ_CONSUME_CHECK_CONSUMER) timestamp=8412 ms, used_size=5343232 bytes (13.0%)
(RDMA_READ_CONSUME_CHECK_CONSUMER) timestamp=8412 ms, used_size=5341184 bytes (13.0%)
(RDMA_READ_CONSUME_CHECK_CONSUMER) timestamp=8412 ms, used_size=5339136 bytes (13.0%)
(RDMA_READ_CONSUME_CHECK_CONSUMER) timestamp=8412 ms, used_size=5337088 bytes (13.0%)
(RDMA_READ_CONSUME_CHECK_CONSUMER) timestamp=8412 ms, used_size=5335040 bytes (13.0%)
(RDMA_READ_CONSUME_CHECK_CONSUMER) timestamp=8412 ms, used_size=5332992 bytes (13.0%)
(RDMA_READ_CONSUME_CHECK_CONSUMER) timestamp=8412 ms, used_size=5330944 bytes (13.0%)
(RDMA_READ_CONSUME_CHECK_CONSUMER) timestamp=8412 ms, used_size=5328896 bytes (13.0%)
(RDMA_READ_CONSUME_CHECK_CONSUMER) timestamp=8412 ms, used_size=5326848 bytes (13.0%)
(RDMA_READ_CONSUME_CHECK_CONSUMER) timestamp=8412 ms, used_size=5324800 bytes (13.0%)
(RDMA_READ_CONSUME_CHECK_CONSUMER) timestamp=8412 ms, used_size=5322752 bytes (13.0%)
(RDMA_READ_CONSUME_CHECK_CONSUMER) timestamp=8412 ms, used_size=5320704 bytes (13.0%)
(RDMA_READ_CONSUME_CHECK_CONSUMER) timestamp=8412 ms, used_size=5318656 bytes (13.0%)
(RDMA_READ_CONSUME_CHECK_CONSUMER) timestamp=8412 ms, used_size=5316608 bytes (13.0%)
(RDMA_READ_CONSUME_CHECK_CONSUMER) timestamp=8412 ms, used_size=5314560 bytes (13.0%)
(RDMA_READ_CONSUME_CHECK_CONSUMER) timestamp=8412 ms, used_size=5312512 bytes (13.0%)
(RDMA_READ_CONSUME_CHECK_CONSUMER) timestamp=8412 ms, used_size=5310464 bytes (13.0%)
(RDMA_READ_CONSUME_CHECK_CONSUMER) timestamp=8412 ms, used_size=5308416 bytes (13.0%)
(RDMA_READ_CONSUME_CHECK_CONSUMER) timestamp=8412 ms, used_size=5306368 bytes (13.0%)
(RDMA_READ_CONSUME_CHECK_CONSUMER) timestamp=8412 ms, used_size=5304320 bytes (12.9%)
(RDMA_READ_CONSUME_CHECK_CONSUMER) timestamp=8412 ms, used_size=5302272 bytes (12.9%)
(RDMA_READ_CONSUME_CHECK_CONSUMER) timestamp=8412 ms, used_size=5300224 bytes (12.9%)
(RDMA_READ_CONSUME_CHECK_CONSUMER) timestamp=8412 ms, used_size=5298176 bytes (12.9%)
(RDMA_READ_CONSUME_CHECK_CONSUMER) timestamp=8412 ms, used_size=5296128 bytes (12.9%)
(RDMA_READ_CONSUME_CHECK_CONSUMER) timestamp=8412 ms, used_size=5294080 bytes (12.9%)
(RDMA_READ_CONSUME_CHECK_CONSUMER) timestamp=8412 ms, used_size=5292032 bytes (12.9%)
(RDMA_READ_CONSUME_CHECK_CONSUMER) timestamp=8412 ms, used_size=5289984 bytes (12.9%)
(RDMA_READ_CONSUME_CHECK_CONSUMER) timestamp=8412 ms, used_size=5287936 bytes (12.9%)
(RDMA_READ_CONSUME_CHECK_CONSUMER) timestamp=8412 ms, used_size=5285888 bytes (12.9%)
(RDMA_READ_CONSUME_CHECK_CONSUMER) timestamp=8412 ms, used_size=5283840 bytes (12.9%)
(RDMA_READ_CONSUME_CHECK_CONSUMER) timestamp=8412 ms, used_size=5281792 bytes (12.9%)
(RDMA_READ_CONSUME_CHECK_CONSUMER) timestamp=8412 ms, used_size=5279744 bytes (12.9%)
(RDMA_READ_CONSUME_CHECK_CONSUMER) timestamp=8412 ms, used_size=5277696 bytes (12.9%)
(RDMA_READ_CONSUME_CHECK_CONSUMER) timestamp=8412 ms, used_size=5275648 bytes (12.9%)
(RDMA_READ_CONSUME_CHECK_CONSUMER) timestamp=8412 ms, used_size=5273600 bytes (12.9%)
(RDMA_READ_CONSUME_CHECK_CONSUMER) timestamp=8412 ms, used_size=5271552 bytes (12.9%)
(RDMA_READ_CONSUME_CHECK_CONSUMER) timestamp=8412 ms, used_size=5269504 bytes (12.9%)
(RDMA_READ_CONSUME_CHECK_CONSUMER) timestamp=8412 ms, used_size=5267456 bytes (12.9%)
(RDMA_READ_CONSUME_CHECK_CONSUMER) timestamp=8412 ms, used_size=5265408 bytes (12.9%)
(RDMA_READ_CONSUME_CHECK_CONSUMER) timestamp=8412 ms, used_size=5263360 bytes (12.8%)
(RDMA_READ_CONSUME_CHECK_CONSUMER) timestamp=8412 ms, used_size=5261312 bytes (12.8%)
(RDMA_READ_CONSUME_CHECK_CONSUMER) timestamp=8412 ms, used_size=5259264 bytes (12.8%)
(RDMA_READ_CONSUME_CHECK_CONSUMER) timestamp=8412 ms, used_size=5257216 bytes (12.8%)
(RDMA_READ_CONSUME_CHECK_CONSUMER) timestamp=8412 ms, used_size=5255168 bytes (12.8%)
(RDMA_READ_CONSUME_CHECK_CONSUMER) timestamp=8412 ms, used_size=5253120 bytes (12.8%)
(RDMA_READ_CONSUME_CHECK_CONSUMER) timestamp=8412 ms, used_size=5251072 bytes (12.8%)
(RDMA_READ_CONSUME_CHECK_CONSUMER) timestamp=8412 ms, used_size=5249024 bytes (12.8%)
(RDMA_READ_CONSUME_CHECK_CONSUMER) timestamp=8412 ms, used_size=5246976 bytes (12.8%)
(RDMA_READ_CONSUME_CHECK_CONSUMER) timestamp=8412 ms, used_size=5244928 bytes (12.8%)
(RDMA_READ_CONSUME_CHECK_CONSUMER) timestamp=8412 ms, used_size=5242880 bytes (12.8%)
(RDMA_READ_CONSUME_CHECK_CONSUMER) timestamp=8412 ms, used_size=5240832 bytes (12.8%)
(RDMA_READ_CONSUME_CHECK_CONSUMER) timestamp=8412 ms, used_size=5238784 bytes (12.8%)
(RDMA_READ_CONSUME_CHECK_CONSUMER) timestamp=8412 ms, used_size=5236736 bytes (12.8%)
(RDMA_READ_CONSUME_CHECK_CONSUMER) timestamp=8412 ms, used_size=5234688 bytes (12.8%)
(RDMA_READ_CONSUME_CHECK_CONSUMER) timestamp=8412 ms, used_size=5232640 bytes (12.8%)
(RDMA_READ_CONSUME_CHECK_CONSUMER) timestamp=8412 ms, used_size=5230592 bytes (12.8%)
(RDMA_READ_CONSUME_CHECK_CONSUMER) timestamp=8412 ms, used_size=5228544 bytes (12.8%)
(RDMA_READ_CONSUME_CHECK_CONSUMER) timestamp=8412 ms, used_size=5226496 bytes (12.8%)
(RDMA_READ_CONSUME_CHECK_CONSUMER) timestamp=8412 ms, used_size=5224448 bytes (12.8%)
(RDMA_READ_CONSUME_CHECK_CONSUMER) timestamp=8412 ms, used_size=5222400 bytes (12.8%)
(RDMA_READ_CONSUME_CHECK_CONSUMER) timestamp=8412 ms, used_size=5220352 bytes (12.7%)
(RDMA_READ_CONSUME_CHECK_CONSUMER) timestamp=8412 ms, used_size=5218304 bytes (12.7%)
(RDMA_READ_CONSUME_CHECK_CONSUMER) timestamp=8412 ms, used_size=5216256 bytes (12.7%)
(RDMA_READ_CONSUME_CHECK_CONSUMER) timestamp=8412 ms, used_size=5214208 bytes (12.7%)
(RDMA_READ_CONSUME_CHECK_CONSUMER) timestamp=8412 ms, used_size=5212160 bytes (12.7%)
(RDMA_READ_CONSUME_CHECK_CONSUMER) timestamp=8412 ms, used_size=5210112 bytes (12.7%)
(RDMA_READ_CONSUME_CHECK_CONSUMER) timestamp=8412 ms, used_size=5208064 bytes (12.7%)
(RDMA_READ_CONSUME_CHECK_CONSUMER) timestamp=8412 ms, used_size=5206016 bytes (12.7%)
(RDMA_READ_CONSUME_CHECK_CONSUMER) timestamp=8412 ms, used_size=5203968 bytes (12.7%)
(RDMA_READ_CONSUME_CHECK_CONSUMER) timestamp=8412 ms, used_size=5201920 bytes (12.7%)
(RDMA_READ_CONSUME_CHECK_CONSUMER) timestamp=8412 ms, used_size=5199872 bytes (12.7%)
(RDMA_READ_CONSUME_CHECK_CONSUMER) timestamp=8412 ms, used_size=5197824 bytes (12.7%)
(RDMA_READ_CONSUME_CHECK_CONSUMER) timestamp=8412 ms, used_size=5195776 bytes (12.7%)
(RDMA_READ_CONSUME_CHECK_CONSUMER) timestamp=8412 ms, used_size=5193728 bytes (12.7%)
(RDMA_READ_CONSUME_CHECK_CONSUMER) timestamp=8412 ms, used_size=5191680 bytes (12.7%)
(RDMA_READ_CONSUME_CHECK_CONSUMER) timestamp=8412 ms, used_size=5189632 bytes (12.7%)
(RDMA_READ_CONSUME_CHECK_CONSUMER) timestamp=8412 ms, used_size=5187584 bytes (12.7%)
(RDMA_READ_CONSUME_CHECK_CONSUMER) timestamp=8412 ms, used_size=5185536 bytes (12.7%)
(RDMA_READ_CONSUME_CHECK_CONSUMER) timestamp=8412 ms, used_size=5183488 bytes (12.7%)
(RDMA_READ_CONSUME_CHECK_CONSUMER) timestamp=8412 ms, used_size=5181440 bytes (12.7%)
(RDMA_READ_CONSUME_CHECK_CONSUMER) timestamp=8412 ms, used_size=5179392 bytes (12.6%)
(RDMA_READ_CONSUME_CHECK_CONSUMER) timestamp=8412 ms, used_size=5177344 bytes (12.6%)
(RDMA_READ_CONSUME_CHECK_CONSUMER) timestamp=8412 ms, used_size=5175296 bytes (12.6%)
(RDMA_READ_CONSUME_CHECK_CONSUMER) timestamp=8412 ms, used_size=5173248 bytes (12.6%)
(RDMA_READ_CONSUME_CHECK_CONSUMER) timestamp=8412 ms, used_size=5171200 bytes (12.6%)
(RDMA_READ_CONSUME_CHECK_CONSUMER) timestamp=8412 ms, used_size=5169152 bytes (12.6%)
(RDMA_READ_CONSUME_CHECK_CONSUMER) timestamp=8412 ms, used_size=5167104 bytes (12.6%)
(RDMA_READ_CONSUME_CHECK_CONSUMER) timestamp=8412 ms, used_size=5165056 bytes (12.6%)
(RDMA_READ_CONSUME_CHECK_CONSUMER) timestamp=8412 ms, used_size=5163008 bytes (12.6%)
(RDMA_READ_CONSUME_CHECK_CONSUMER) timestamp=8412 ms, used_size=5160960 bytes (12.6%)
(RDMA_READ_CONSUME_CHECK_CONSUMER) timestamp=8412 ms, used_size=5158912 bytes (12.6%)
(RDMA_READ_CONSUME_CHECK_CONSUMER) timestamp=8412 ms, used_size=5156864 bytes (12.6%)
(RDMA_READ_CONSUME_CHECK_CONSUMER) timestamp=8412 ms, used_size=5154816 bytes (12.6%)
(RDMA_READ_CONSUME_CHECK_CONSUMER) timestamp=8412 ms, used_size=5152768 bytes (12.6%)
(RDMA_READ_CONSUME_CHECK_CONSUMER) timestamp=8412 ms, used_size=5150720 bytes (12.6%)
(RDMA_READ_CONSUME_CHECK_CONSUMER) timestamp=8412 ms, used_size=5148672 bytes (12.6%)
(RDMA_READ_CONSUME_CHECK_CONSUMER) timestamp=8412 ms, used_size=5146624 bytes (12.6%)
(RDMA_READ_CONSUME_CHECK_CONSUMER) timestamp=8412 ms, used_size=5144576 bytes (12.6%)
(RDMA_READ_CONSUME_CHECK_CONSUMER) timestamp=8412 ms, used_size=5142528 bytes (12.6%)
(RDMA_READ_CONSUME_CHECK_CONSUMER) timestamp=8412 ms, used_size=5140480 bytes (12.6%)
(RDMA_READ_CONSUME_CHECK_CONSUMER) timestamp=8412 ms, used_size=5138432 bytes (12.5%)
(RDMA_READ_CONSUME_CHECK_CONSUMER) timestamp=8412 ms, used_size=5136384 bytes (12.5%)
(RDMA_READ_CONSUME_CHECK_CONSUMER) timestamp=8412 ms, used_size=5134336 bytes (12.5%)
(RDMA_READ_CONSUME_CHECK_CONSUMER) timestamp=8412 ms, used_size=5132288 bytes (12.5%)
(RDMA_READ_CONSUME_CHECK_CONSUMER) timestamp=8412 ms, used_size=5130240 bytes (12.5%)
(RDMA_READ_CONSUME_CHECK_CONSUMER) timestamp=8412 ms, used_size=5128192 bytes (12.5%)
(RDMA_READ_CONSUME_CHECK_CONSUMER) timestamp=8412 ms, used_size=5126144 bytes (12.5%)
(RDMA_READ_CONSUME_CHECK_CONSUMER) timestamp=8412 ms, used_size=5124096 bytes (12.5%)
(RDMA_READ_CONSUME_CHECK_CONSUMER) timestamp=8412 ms, used_size=5122048 bytes (12.5%)
(RDMA_READ_CONSUME_CHECK_CONSUMER) timestamp=8412 ms, used_size=5120000 bytes (12.5%)
(RDMA_READ_CONSUME_CHECK_CONSUMER) timestamp=8412 ms, used_size=5117952 bytes (12.5%)
(RDMA_READ_CONSUME_CHECK_CONSUMER) timestamp=8412 ms, used_size=5115904 bytes (12.5%)
(RDMA_READ_CONSUME_CHECK_CONSUMER) timestamp=8412 ms, used_size=5113856 bytes (12.5%)
(RDMA_READ_CONSUME_CHECK_CONSUMER) timestamp=8412 ms, used_size=5111808 bytes (12.5%)
(RDMA_READ_CONSUME_CHECK_CONSUMER) timestamp=8412 ms, used_size=5109760 bytes (12.5%)
(RDMA_READ_CONSUME_CHECK_CONSUMER) timestamp=8412 ms, used_size=5107712 bytes (12.5%)
(RDMA_READ_CONSUME_CHECK_CONSUMER) timestamp=8412 ms, used_size=5105664 bytes (12.5%)
(RDMA_READ_CONSUME_CHECK_CONSUMER) timestamp=8412 ms, used_size=5103616 bytes (12.5%)
(RDMA_READ_CONSUME_CHECK_CONSUMER) timestamp=8412 ms, used_size=5101568 bytes (12.5%)
(RDMA_READ_CONSUME_CHECK_CONSUMER) timestamp=8412 ms, used_size=5099520 bytes (12.4%)
(RDMA_READ_CONSUME_CHECK_CONSUMER) timestamp=8412 ms, used_size=5097472 bytes (12.4%)
(RDMA_READ_CONSUME_CHECK_CONSUMER) timestamp=8412 ms, used_size=5095424 bytes (12.4%)
(RDMA_READ_CONSUME_CHECK_CONSUMER) timestamp=8412 ms, used_size=5093376 bytes (12.4%)
(RDMA_READ_CONSUME_CHECK_CONSUMER) timestamp=8412 ms, used_size=5091328 bytes (12.4%)
(RDMA_READ_CONSUME_CHECK_CONSUMER) timestamp=8412 ms, used_size=5089280 bytes (12.4%)
(RDMA_READ_CONSUME_CHECK_CONSUMER) timestamp=8412 ms, used_size=5087232 bytes (12.4%)
(RDMA_READ_CONSUME_CHECK_CONSUMER) timestamp=8412 ms, used_size=5085184 bytes (12.4%)
(RDMA_READ_CONSUME_CHECK_CONSUMER) timestamp=8412 ms, used_size=5083136 bytes (12.4%)
(RDMA_READ_CONSUME_CHECK_CONSUMER) timestamp=8412 ms, used_size=5081088 bytes (12.4%)
(RDMA_READ_CONSUME_CHECK_CONSUMER) timestamp=8412 ms, used_size=5079040 bytes (12.4%)
(RDMA_READ_CONSUME_CHECK_CONSUMER) timestamp=8412 ms, used_size=5076992 bytes (12.4%)
(RDMA_READ_CONSUME_CHECK_CONSUMER) timestamp=8412 ms, used_size=5074944 bytes (12.4%)
(RDMA_READ_CONSUME_CHECK_CONSUMER) timestamp=8412 ms, used_size=5072896 bytes (12.4%)
(RDMA_READ_CONSUME_CHECK_CONSUMER) timestamp=8412 ms, used_size=5070848 bytes (12.4%)
(RDMA_READ_CONSUME_CHECK_CONSUMER) timestamp=8412 ms, used_size=5068800 bytes (12.4%)
(RDMA_READ_CONSUME_CHECK_CONSUMER) timestamp=8412 ms, used_size=5066752 bytes (12.4%)
(RDMA_READ_CONSUME_CHECK_CONSUMER) timestamp=8412 ms, used_size=5064704 bytes (12.4%)
(RDMA_READ_CONSUME_CHECK_CONSUMER) timestamp=8412 ms, used_size=5062656 bytes (12.4%)
(RDMA_READ_CONSUME_CHECK_CONSUMER) timestamp=8412 ms, used_size=5060608 bytes (12.4%)
(RDMA_READ_CONSUME_CHECK_CONSUMER) timestamp=8412 ms, used_size=5058560 bytes (12.3%)
(RDMA_READ_CONSUME_CHECK_CONSUMER) timestamp=8412 ms, used_size=5056512 bytes (12.3%)
(RDMA_READ_CONSUME_CHECK_CONSUMER) timestamp=8412 ms, used_size=5054464 bytes (12.3%)
(RDMA_READ_CONSUME_CHECK_CONSUMER) timestamp=8412 ms, used_size=5052416 bytes (12.3%)
(RDMA_READ_CONSUME_CHECK_CONSUMER) timestamp=8412 ms, used_size=5050368 bytes (12.3%)
(RDMA_READ_CONSUME_CHECK_CONSUMER) timestamp=8412 ms, used_size=5048320 bytes (12.3%)
(RDMA_READ_CONSUME_CHECK_CONSUMER) timestamp=8412 ms, used_size=5046272 bytes (12.3%)
(RDMA_READ_CONSUME_CHECK_CONSUMER) timestamp=8412 ms, used_size=5044224 bytes (12.3%)
(RDMA_READ_CONSUME_CHECK_CONSUMER) timestamp=8412 ms, used_size=5042176 bytes (12.3%)
(RDMA_READ_CONSUME_CHECK_CONSUMER) timestamp=8412 ms, used_size=5040128 bytes (12.3%)
(RDMA_READ_CONSUME_CHECK_CONSUMER) timestamp=8412 ms, used_size=5038080 bytes (12.3%)
(RDMA_READ_CONSUME_CHECK_CONSUMER) timestamp=8412 ms, used_size=5036032 bytes (12.3%)
(RDMA_READ_CONSUME_CHECK_CONSUMER) timestamp=8412 ms, used_size=5033984 bytes (12.3%)
(RDMA_READ_CONSUME_CHECK_CONSUMER) timestamp=8412 ms, used_size=5031936 bytes (12.3%)
(RDMA_READ_CONSUME_CHECK_CONSUMER) timestamp=8413 ms, used_size=5029888 bytes (12.3%)
(RDMA_READ_CONSUME_CHECK_CONSUMER) timestamp=8413 ms, used_size=5027840 bytes (12.3%)
(RDMA_READ_CONSUME_CHECK_CONSUMER) timestamp=8413 ms, used_size=5025792 bytes (12.3%)
(RDMA_READ_CONSUME_CHECK_CONSUMER) timestamp=8413 ms, used_size=5023744 bytes (12.3%)
(RDMA_READ_CONSUME_CHECK_CONSUMER) timestamp=8413 ms, used_size=5021696 bytes (12.3%)
(RDMA_READ_CONSUME_CHECK_CONSUMER) timestamp=8413 ms, used_size=5019648 bytes (12.3%)
(RDMA_READ_CONSUME_CHECK_CONSUMER) timestamp=8413 ms, used_size=5017600 bytes (12.2%)
(RDMA_READ_CONSUME_CHECK_CONSUMER) timestamp=8413 ms, used_size=5015552 bytes (12.2%)
(RDMA_READ_CONSUME_CHECK_CONSUMER) timestamp=8413 ms, used_size=5013504 bytes (12.2%)
(RDMA_READ_CONSUME_CHECK_CONSUMER) timestamp=8413 ms, used_size=5011456 bytes (12.2%)
(RDMA_READ_CONSUME_CHECK_CONSUMER) timestamp=8413 ms, used_size=5009408 bytes (12.2%)
(RDMA_READ_CONSUME_CHECK_CONSUMER) timestamp=8413 ms, used_size=5007360 bytes (12.2%)
(RDMA_READ_CONSUME_CHECK_CONSUMER) timestamp=8413 ms, used_size=5005312 bytes (12.2%)
(RDMA_READ_CONSUME_CHECK_CONSUMER) timestamp=8413 ms, used_size=5003264 bytes (12.2%)
(RDMA_READ_CONSUME_CHECK_CONSUMER) timestamp=8413 ms, used_size=5001216 bytes (12.2%)
(RDMA_READ_CONSUME_CHECK_CONSUMER) timestamp=8413 ms, used_size=4999168 bytes (12.2%)
(RDMA_READ_CONSUME_CHECK_CONSUMER) timestamp=8413 ms, used_size=4997120 bytes (12.2%)
(RDMA_READ_CONSUME_CHECK_CONSUMER) timestamp=8413 ms, used_size=4995072 bytes (12.2%)
(RDMA_READ_CONSUME_CHECK_CONSUMER) timestamp=8413 ms, used_size=4993024 bytes (12.2%)
(RDMA_READ_CONSUME_CHECK_CONSUMER) timestamp=8413 ms, used_size=4990976 bytes (12.2%)
(RDMA_READ_CONSUME_CHECK_CONSUMER) timestamp=8413 ms, used_size=4988928 bytes (12.2%)
(RDMA_READ_CONSUME_CHECK_CONSUMER) timestamp=8413 ms, used_size=4986880 bytes (12.2%)
(RDMA_READ_CONSUME_CHECK_CONSUMER) timestamp=8413 ms, used_size=4984832 bytes (12.2%)
(RDMA_READ_CONSUME_CHECK_CONSUMER) timestamp=8413 ms, used_size=4982784 bytes (12.2%)
(RDMA_READ_CONSUME_CHECK_CONSUMER) timestamp=8413 ms, used_size=4980736 bytes (12.2%)
(RDMA_READ_CONSUME_CHECK_CONSUMER) timestamp=8413 ms, used_size=4978688 bytes (12.2%)
(RDMA_READ_CONSUME_CHECK_CONSUMER) timestamp=8413 ms, used_size=4976640 bytes (12.2%)
(RDMA_READ_CONSUME_CHECK_CONSUMER) timestamp=8413 ms, used_size=4974592 bytes (12.1%)
(RDMA_READ_CONSUME_CHECK_CONSUMER) timestamp=8413 ms, used_size=4972544 bytes (12.1%)
(RDMA_READ_CONSUME_CHECK_CONSUMER) timestamp=8413 ms, used_size=4970496 bytes (12.1%)
(RDMA_READ_CONSUME_CHECK_CONSUMER) timestamp=8413 ms, used_size=4968448 bytes (12.1%)
(RDMA_READ_CONSUME_CHECK_CONSUMER) timestamp=8413 ms, used_size=4966400 bytes (12.1%)
(RDMA_READ_CONSUME_CHECK_CONSUMER) timestamp=8413 ms, used_size=4964352 bytes (12.1%)
(RDMA_READ_CONSUME_CHECK_CONSUMER) timestamp=8413 ms, used_size=4962304 bytes (12.1%)
(RDMA_READ_CONSUME_CHECK_CONSUMER) timestamp=8413 ms, used_size=4960256 bytes (12.1%)
(RDMA_READ_CONSUME_CHECK_CONSUMER) timestamp=8413 ms, used_size=4958208 bytes (12.1%)
(RDMA_READ_CONSUME_CHECK_CONSUMER) timestamp=8413 ms, used_size=4956160 bytes (12.1%)
(RDMA_READ_CONSUME_CHECK_CONSUMER) timestamp=8413 ms, used_size=4954112 bytes (12.1%)
(RDMA_READ_CONSUME_CHECK_CONSUMER) timestamp=8413 ms, used_size=4952064 bytes (12.1%)
(RDMA_READ_CONSUME_CHECK_CONSUMER) timestamp=8413 ms, used_size=4950016 bytes (12.1%)
(RDMA_READ_CONSUME_CHECK_CONSUMER) timestamp=8413 ms, used_size=4947968 bytes (12.1%)
(RDMA_READ_CONSUME_CHECK_CONSUMER) timestamp=8413 ms, used_size=4945920 bytes (12.1%)
(RDMA_READ_CONSUME_CHECK_CONSUMER) timestamp=8413 ms, used_size=4943872 bytes (12.1%)
(RDMA_READ_CONSUME_CHECK_CONSUMER) timestamp=8413 ms, used_size=4941824 bytes (12.1%)
(RDMA_READ_CONSUME_CHECK_CONSUMER) timestamp=8413 ms, used_size=4939776 bytes (12.1%)
(RDMA_READ_CONSUME_CHECK_CONSUMER) timestamp=8413 ms, used_size=4937728 bytes (12.1%)
(RDMA_READ_CONSUME_CHECK_CONSUMER) timestamp=8413 ms, used_size=4935680 bytes (12.1%)
(RDMA_READ_CONSUME_CHECK_CONSUMER) timestamp=8413 ms, used_size=4933632 bytes (12.0%)
(RDMA_READ_CONSUME_CHECK_CONSUMER) timestamp=8413 ms, used_size=4931584 bytes (12.0%)
(RDMA_READ_CONSUME_CHECK_CONSUMER) timestamp=8413 ms, used_size=4929536 bytes (12.0%)
(RDMA_READ_CONSUME_CHECK_CONSUMER) timestamp=8413 ms, used_size=4927488 bytes (12.0%)
(RDMA_READ_CONSUME_CHECK_CONSUMER) timestamp=8413 ms, used_size=4925440 bytes (12.0%)
(RDMA_READ_CONSUME_CHECK_CONSUMER) timestamp=8413 ms, used_size=4923392 bytes (12.0%)
(RDMA_READ_CONSUME_CHECK_CONSUMER) timestamp=8413 ms, used_size=4921344 bytes (12.0%)
(RDMA_READ_CONSUME_CHECK_CONSUMER) timestamp=8413 ms, used_size=4919296 bytes (12.0%)
(RDMA_READ_CONSUME_CHECK_CONSUMER) timestamp=8413 ms, used_size=4917248 bytes (12.0%)
(RDMA_READ_CONSUME_CHECK_CONSUMER) timestamp=8413 ms, used_size=4915200 bytes (12.0%)
(RDMA_READ_CONSUME_CHECK_CONSUMER) timestamp=8413 ms, used_size=4913152 bytes (12.0%)
(RDMA_READ_CONSUME_CHECK_CONSUMER) timestamp=8413 ms, used_size=4911104 bytes (12.0%)
(RDMA_READ_CONSUME_CHECK_CONSUMER) timestamp=8413 ms, used_size=4909056 bytes (12.0%)
(RDMA_READ_CONSUME_CHECK_CONSUMER) timestamp=8413 ms, used_size=4907008 bytes (12.0%)
(RDMA_READ_CONSUME_CHECK_CONSUMER) timestamp=8413 ms, used_size=4904960 bytes (12.0%)
(RDMA_READ_CONSUME_CHECK_CONSUMER) timestamp=8413 ms, used_size=4902912 bytes (12.0%)
(RDMA_READ_CONSUME_CHECK_CONSUMER) timestamp=8413 ms, used_size=4900864 bytes (12.0%)
(RDMA_READ_CONSUME_CHECK_CONSUMER) timestamp=8413 ms, used_size=4898816 bytes (12.0%)
(RDMA_READ_CONSUME_CHECK_CONSUMER) timestamp=8413 ms, used_size=4896768 bytes (12.0%)
(RDMA_READ_CONSUME_CHECK_CONSUMER) timestamp=8413 ms, used_size=4894720 bytes (11.9%)
(RDMA_READ_CONSUME_CHECK_CONSUMER) timestamp=8413 ms, used_size=4892672 bytes (11.9%)
(RDMA_READ_CONSUME_CHECK_CONSUMER) timestamp=8413 ms, used_size=4890624 bytes (11.9%)
(RDMA_READ_CONSUME_CHECK_CONSUMER) timestamp=8413 ms, used_size=4888576 bytes (11.9%)
(RDMA_READ_CONSUME_CHECK_CONSUMER) timestamp=8413 ms, used_size=4886528 bytes (11.9%)
(RDMA_READ_CONSUME_CHECK_CONSUMER) timestamp=8413 ms, used_size=4884480 bytes (11.9%)
(RDMA_READ_CONSUME_CHECK_CONSUMER) timestamp=8413 ms, used_size=4882432 bytes (11.9%)
(RDMA_READ_CONSUME_CHECK_CONSUMER) timestamp=8413 ms, used_size=4880384 bytes (11.9%)
(RDMA_READ_CONSUME_CHECK_CONSUMER) timestamp=8413 ms, used_size=4878336 bytes (11.9%)
(RDMA_READ_CONSUME_CHECK_CONSUMER) timestamp=8413 ms, used_size=4876288 bytes (11.9%)
(RDMA_READ_CONSUME_CHECK_CONSUMER) timestamp=8413 ms, used_size=4874240 bytes (11.9%)
(RDMA_READ_CONSUME_CHECK_CONSUMER) timestamp=8413 ms, used_size=4872192 bytes (11.9%)
(RDMA_READ_CONSUME_CHECK_CONSUMER) timestamp=8413 ms, used_size=4870144 bytes (11.9%)
(RDMA_READ_CONSUME_CHECK_CONSUMER) timestamp=8413 ms, used_size=4868096 bytes (11.9%)
(RDMA_READ_CONSUME_CHECK_CONSUMER) timestamp=8413 ms, used_size=4866048 bytes (11.9%)
(RDMA_READ_CONSUME_CHECK_CONSUMER) timestamp=8413 ms, used_size=4864000 bytes (11.9%)
(RDMA_READ_CONSUME_CHECK_CONSUMER) timestamp=8413 ms, used_size=4861952 bytes (11.9%)
(RDMA_READ_CONSUME_CHECK_CONSUMER) timestamp=8413 ms, used_size=4859904 bytes (11.9%)
(RDMA_READ_CONSUME_CHECK_CONSUMER) timestamp=8413 ms, used_size=4857856 bytes (11.9%)
(RDMA_READ_CONSUME_CHECK_CONSUMER) timestamp=8413 ms, used_size=4855808 bytes (11.9%)
(RDMA_READ_CONSUME_CHECK_CONSUMER) timestamp=8413 ms, used_size=4853760 bytes (11.8%)
(RDMA_READ_CONSUME_CHECK_CONSUMER) timestamp=8413 ms, used_size=4851712 bytes (11.8%)
(RDMA_READ_CONSUME_CHECK_CONSUMER) timestamp=8413 ms, used_size=4849664 bytes (11.8%)
(RDMA_READ_CONSUME_CHECK_CONSUMER) timestamp=8413 ms, used_size=4847616 bytes (11.8%)
(RDMA_READ_CONSUME_CHECK_CONSUMER) timestamp=8413 ms, used_size=4845568 bytes (11.8%)
(RDMA_READ_CONSUME_CHECK_CONSUMER) timestamp=8413 ms, used_size=4843520 bytes (11.8%)
(RDMA_READ_CONSUME_CHECK_CONSUMER) timestamp=8413 ms, used_size=4841472 bytes (11.8%)
(RDMA_READ_CONSUME_CHECK_CONSUMER) timestamp=8413 ms, used_size=4839424 bytes (11.8%)
(RDMA_READ_CONSUME_CHECK_CONSUMER) timestamp=8413 ms, used_size=4837376 bytes (11.8%)
(RDMA_READ_CONSUME_CHECK_CONSUMER) timestamp=8413 ms, used_size=4835328 bytes (11.8%)
(RDMA_READ_CONSUME_CHECK_CONSUMER) timestamp=8413 ms, used_size=4833280 bytes (11.8%)
(RDMA_READ_CONSUME_CHECK_CONSUMER) timestamp=8413 ms, used_size=4831232 bytes (11.8%)
(RDMA_READ_CONSUME_CHECK_CONSUMER) timestamp=8413 ms, used_size=4829184 bytes (11.8%)
(RDMA_READ_CONSUME_CHECK_CONSUMER) timestamp=8413 ms, used_size=4827136 bytes (11.8%)
(RDMA_READ_CONSUME_CHECK_CONSUMER) timestamp=8413 ms, used_size=4825088 bytes (11.8%)
(RDMA_READ_CONSUME_CHECK_CONSUMER) timestamp=8413 ms, used_size=4823040 bytes (11.8%)
(RDMA_READ_CONSUME_CHECK_CONSUMER) timestamp=8413 ms, used_size=4820992 bytes (11.8%)
(RDMA_READ_CONSUME_CHECK_CONSUMER) timestamp=8413 ms, used_size=4818944 bytes (11.8%)
(RDMA_READ_CONSUME_CHECK_CONSUMER) timestamp=8413 ms, used_size=4816896 bytes (11.8%)
(RDMA_READ_CONSUME_CHECK_CONSUMER) timestamp=8413 ms, used_size=4814848 bytes (11.8%)
(RDMA_READ_CONSUME_CHECK_CONSUMER) timestamp=8413 ms, used_size=4812800 bytes (11.8%)
(RDMA_READ_CONSUME_CHECK_CONSUMER) timestamp=8413 ms, used_size=4810752 bytes (11.7%)
(RDMA_READ_CONSUME_CHECK_CONSUMER) timestamp=8413 ms, used_size=4808704 bytes (11.7%)
(RDMA_READ_CONSUME_CHECK_CONSUMER) timestamp=8413 ms, used_size=4806656 bytes (11.7%)
(RDMA_READ_CONSUME_CHECK_CONSUMER) timestamp=8413 ms, used_size=4804608 bytes (11.7%)
(RDMA_READ_CONSUME_CHECK_CONSUMER) timestamp=8413 ms, used_size=4802560 bytes (11.7%)
(RDMA_READ_CONSUME_CHECK_CONSUMER) timestamp=8413 ms, used_size=4800512 bytes (11.7%)
(RDMA_READ_CONSUME_CHECK_CONSUMER) timestamp=8413 ms, used_size=4798464 bytes (11.7%)
(RDMA_READ_CONSUME_CHECK_CONSUMER) timestamp=8413 ms, used_size=4796416 bytes (11.7%)
(RDMA_READ_CONSUME_CHECK_CONSUMER) timestamp=8413 ms, used_size=4794368 bytes (11.7%)
(RDMA_READ_CONSUME_CHECK_CONSUMER) timestamp=8413 ms, used_size=4792320 bytes (11.7%)
(RDMA_READ_CONSUME_CHECK_CONSUMER) timestamp=8413 ms, used_size=4790272 bytes (11.7%)
(RDMA_READ_CONSUME_CHECK_CONSUMER) timestamp=8413 ms, used_size=4788224 bytes (11.7%)
(RDMA_READ_CONSUME_CHECK_CONSUMER) timestamp=8413 ms, used_size=4786176 bytes (11.7%)
(RDMA_READ_CONSUME_CHECK_CONSUMER) timestamp=8413 ms, used_size=4784128 bytes (11.7%)
(RDMA_READ_CONSUME_CHECK_CONSUMER) timestamp=8413 ms, used_size=4782080 bytes (11.7%)
(RDMA_READ_CONSUME_CHECK_CONSUMER) timestamp=8413 ms, used_size=4780032 bytes (11.7%)
(RDMA_READ_CONSUME_CHECK_CONSUMER) timestamp=8413 ms, used_size=4777984 bytes (11.7%)
(RDMA_READ_CONSUME_CHECK_CONSUMER) timestamp=8413 ms, used_size=4775936 bytes (11.7%)
(RDMA_READ_CONSUME_CHECK_CONSUMER) timestamp=8413 ms, used_size=4773888 bytes (11.7%)
(RDMA_READ_CONSUME_CHECK_CONSUMER) timestamp=8413 ms, used_size=4771840 bytes (11.7%)
(RDMA_READ_CONSUME_CHECK_CONSUMER) timestamp=8413 ms, used_size=4769792 bytes (11.6%)
(RDMA_READ_CONSUME_CHECK_CONSUMER) timestamp=8413 ms, used_size=4767744 bytes (11.6%)
(RDMA_READ_CONSUME_CHECK_CONSUMER) timestamp=8413 ms, used_size=4765696 bytes (11.6%)
(RDMA_READ_CONSUME_CHECK_CONSUMER) timestamp=8413 ms, used_size=4763648 bytes (11.6%)
(RDMA_READ_CONSUME_CHECK_CONSUMER) timestamp=8413 ms, used_size=4761600 bytes (11.6%)
(RDMA_READ_CONSUME_CHECK_CONSUMER) timestamp=8413 ms, used_size=4759552 bytes (11.6%)
(RDMA_READ_CONSUME_CHECK_CONSUMER) timestamp=8413 ms, used_size=4757504 bytes (11.6%)
(RDMA_READ_CONSUME_CHECK_CONSUMER) timestamp=8413 ms, used_size=4755456 bytes (11.6%)
(RDMA_READ_CONSUME_CHECK_CONSUMER) timestamp=8413 ms, used_size=4753408 bytes (11.6%)
(RDMA_READ_CONSUME_CHECK_CONSUMER) timestamp=8413 ms, used_size=4751360 bytes (11.6%)
(RDMA_READ_CONSUME_CHECK_CONSUMER) timestamp=8413 ms, used_size=4749312 bytes (11.6%)
(RDMA_READ_CONSUME_CHECK_CONSUMER) timestamp=8413 ms, used_size=4747264 bytes (11.6%)
(RDMA_READ_CONSUME_CHECK_CONSUMER) timestamp=8413 ms, used_size=4745216 bytes (11.6%)
(RDMA_READ_CONSUME_CHECK_CONSUMER) timestamp=8413 ms, used_size=4743168 bytes (11.6%)
(RDMA_READ_CONSUME_CHECK_CONSUMER) timestamp=8413 ms, used_size=4741120 bytes (11.6%)
(RDMA_READ_CONSUME_CHECK_CONSUMER) timestamp=8413 ms, used_size=4739072 bytes (11.6%)
(RDMA_READ_CONSUME_CHECK_CONSUMER) timestamp=8413 ms, used_size=4737024 bytes (11.6%)
(RDMA_READ_CONSUME_CHECK_CONSUMER) timestamp=8413 ms, used_size=4734976 bytes (11.6%)
(RDMA_READ_CONSUME_CHECK_CONSUMER) timestamp=8413 ms, used_size=4732928 bytes (11.6%)
(RDMA_READ_CONSUME_CHECK_CONSUMER) timestamp=8413 ms, used_size=4730880 bytes (11.6%)
(RDMA_READ_CONSUME_CHECK_CONSUMER) timestamp=8413 ms, used_size=4728832 bytes (11.5%)
(RDMA_READ_CONSUME_CHECK_CONSUMER) timestamp=8413 ms, used_size=4726784 bytes (11.5%)
(RDMA_READ_CONSUME_CHECK_CONSUMER) timestamp=8413 ms, used_size=4724736 bytes (11.5%)
(RDMA_READ_CONSUME_CHECK_CONSUMER) timestamp=8413 ms, used_size=4722688 bytes (11.5%)
(RDMA_READ_CONSUME_CHECK_CONSUMER) timestamp=8413 ms, used_size=4720640 bytes (11.5%)
(RDMA_READ_CONSUME_CHECK_CONSUMER) timestamp=8413 ms, used_size=4718592 bytes (11.5%)
(RDMA_READ_CONSUME_CHECK_CONSUMER) timestamp=8413 ms, used_size=4716544 bytes (11.5%)
(RDMA_READ_CONSUME_CHECK_CONSUMER) timestamp=8413 ms, used_size=4714496 bytes (11.5%)
(RDMA_READ_CONSUME_CHECK_CONSUMER) timestamp=8413 ms, used_size=4712448 bytes (11.5%)
(RDMA_READ_CONSUME_CHECK_CONSUMER) timestamp=8413 ms, used_size=4710400 bytes (11.5%)
(RDMA_READ_CONSUME_CHECK_CONSUMER) timestamp=8413 ms, used_size=4708352 bytes (11.5%)
(RDMA_READ_CONSUME_CHECK_CONSUMER) timestamp=8413 ms, used_size=4706304 bytes (11.5%)
(RDMA_READ_CONSUME_CHECK_CONSUMER) timestamp=8413 ms, used_size=4704256 bytes (11.5%)
(RDMA_READ_CONSUME_CHECK_CONSUMER) timestamp=8413 ms, used_size=4702208 bytes (11.5%)
(RDMA_READ_CONSUME_CHECK_CONSUMER) timestamp=8413 ms, used_size=4700160 bytes (11.5%)
(RDMA_READ_CONSUME_CHECK_CONSUMER) timestamp=8413 ms, used_size=4698112 bytes (11.5%)
(RDMA_READ_CONSUME_CHECK_CONSUMER) timestamp=8413 ms, used_size=4696064 bytes (11.5%)
(RDMA_READ_CONSUME_CHECK_CONSUMER) timestamp=8413 ms, used_size=4694016 bytes (11.5%)
(RDMA_READ_CONSUME_CHECK_CONSUMER) timestamp=8413 ms, used_size=4691968 bytes (11.5%)
(RDMA_READ_CONSUME_CHECK_CONSUMER) timestamp=8413 ms, used_size=4689920 bytes (11.4%)
(RDMA_READ_CONSUME_CHECK_CONSUMER) timestamp=8413 ms, used_size=4687872 bytes (11.4%)
(RDMA_READ_CONSUME_CHECK_CONSUMER) timestamp=8413 ms, used_size=4685824 bytes (11.4%)
(RDMA_READ_CONSUME_CHECK_CONSUMER) timestamp=8413 ms, used_size=4683776 bytes (11.4%)
(RDMA_READ_CONSUME_CHECK_CONSUMER) timestamp=8413 ms, used_size=4681728 bytes (11.4%)
(RDMA_READ_CONSUME_CHECK_CONSUMER) timestamp=8413 ms, used_size=4679680 bytes (11.4%)
(RDMA_READ_CONSUME_CHECK_CONSUMER) timestamp=8413 ms, used_size=4677632 bytes (11.4%)
(RDMA_READ_CONSUME_CHECK_CONSUMER) timestamp=8413 ms, used_size=4675584 bytes (11.4%)
(RDMA_READ_CONSUME_CHECK_CONSUMER) timestamp=8413 ms, used_size=4673536 bytes (11.4%)
(RDMA_READ_CONSUME_CHECK_CONSUMER) timestamp=8413 ms, used_size=4671488 bytes (11.4%)
(RDMA_READ_CONSUME_CHECK_CONSUMER) timestamp=8413 ms, used_size=4669440 bytes (11.4%)
(RDMA_READ_CONSUME_CHECK_CONSUMER) timestamp=8413 ms, used_size=4667392 bytes (11.4%)
(RDMA_READ_CONSUME_CHECK_CONSUMER) timestamp=8414 ms, used_size=4665344 bytes (11.4%)
(RDMA_READ_CONSUME_CHECK_CONSUMER) timestamp=8414 ms, used_size=4663296 bytes (11.4%)
(RDMA_READ_CONSUME_CHECK_CONSUMER) timestamp=8414 ms, used_size=4661248 bytes (11.4%)
(RDMA_READ_CONSUME_CHECK_CONSUMER) timestamp=8414 ms, used_size=4659200 bytes (11.4%)
(RDMA_READ_CONSUME_CHECK_CONSUMER) timestamp=8414 ms, used_size=4657152 bytes (11.4%)
(RDMA_READ_CONSUME_CHECK_CONSUMER) timestamp=8414 ms, used_size=4655104 bytes (11.4%)
(RDMA_READ_CONSUME_CHECK_CONSUMER) timestamp=8414 ms, used_size=4653056 bytes (11.4%)
(RDMA_READ_CONSUME_CHECK_CONSUMER) timestamp=8414 ms, used_size=4651008 bytes (11.4%)
(RDMA_READ_CONSUME_CHECK_CONSUMER) timestamp=8414 ms, used_size=4648960 bytes (11.3%)
(RDMA_READ_CONSUME_CHECK_CONSUMER) timestamp=8414 ms, used_size=4646912 bytes (11.3%)
(RDMA_READ_CONSUME_CHECK_CONSUMER) timestamp=8414 ms, used_size=4644864 bytes (11.3%)
(RDMA_READ_CONSUME_CHECK_CONSUMER) timestamp=8414 ms, used_size=4642816 bytes (11.3%)
(RDMA_READ_CONSUME_CHECK_CONSUMER) timestamp=8414 ms, used_size=4640768 bytes (11.3%)
(RDMA_READ_CONSUME_CHECK_CONSUMER) timestamp=8414 ms, used_size=4638720 bytes (11.3%)
(RDMA_READ_CONSUME_CHECK_CONSUMER) timestamp=8414 ms, used_size=4636672 bytes (11.3%)
(RDMA_READ_CONSUME_CHECK_CONSUMER) timestamp=8414 ms, used_size=4634624 bytes (11.3%)
(RDMA_READ_CONSUME_CHECK_CONSUMER) timestamp=8414 ms, used_size=4632576 bytes (11.3%)
(RDMA_READ_CONSUME_CHECK_CONSUMER) timestamp=8414 ms, used_size=4630528 bytes (11.3%)
(RDMA_READ_CONSUME_CHECK_CONSUMER) timestamp=8414 ms, used_size=4628480 bytes (11.3%)
(RDMA_READ_CONSUME_CHECK_CONSUMER) timestamp=8414 ms, used_size=4626432 bytes (11.3%)
(RDMA_READ_CONSUME_CHECK_CONSUMER) timestamp=8414 ms, used_size=4624384 bytes (11.3%)
(RDMA_READ_CONSUME_CHECK_CONSUMER) timestamp=8414 ms, used_size=4622336 bytes (11.3%)
(RDMA_READ_CONSUME_CHECK_CONSUMER) timestamp=8414 ms, used_size=4620288 bytes (11.3%)
(RDMA_READ_CONSUME_CHECK_CONSUMER) timestamp=8414 ms, used_size=4618240 bytes (11.3%)
(RDMA_READ_CONSUME_CHECK_CONSUMER) timestamp=8414 ms, used_size=4616192 bytes (11.3%)
(RDMA_READ_CONSUME_CHECK_CONSUMER) timestamp=8414 ms, used_size=4614144 bytes (11.3%)
(RDMA_READ_CONSUME_CHECK_CONSUMER) timestamp=8414 ms, used_size=4612096 bytes (11.3%)
(RDMA_READ_CONSUME_CHECK_CONSUMER) timestamp=8414 ms, used_size=4610048 bytes (11.3%)
(RDMA_READ_CONSUME_CHECK_CONSUMER) timestamp=8414 ms, used_size=4608000 bytes (11.2%)
(RDMA_READ_CONSUME_CHECK_CONSUMER) timestamp=8414 ms, used_size=4605952 bytes (11.2%)
(RDMA_READ_CONSUME_CHECK_CONSUMER) timestamp=8414 ms, used_size=4603904 bytes (11.2%)
(RDMA_READ_CONSUME_CHECK_CONSUMER) timestamp=8414 ms, used_size=4601856 bytes (11.2%)
(RDMA_READ_CONSUME_CHECK_CONSUMER) timestamp=8414 ms, used_size=4599808 bytes (11.2%)
(RDMA_READ_CONSUME_CHECK_CONSUMER) timestamp=8414 ms, used_size=4597760 bytes (11.2%)
(RDMA_READ_CONSUME_CHECK_CONSUMER) timestamp=8414 ms, used_size=4595712 bytes (11.2%)
(RDMA_READ_CONSUME_CHECK_CONSUMER) timestamp=8414 ms, used_size=4593664 bytes (11.2%)
(RDMA_READ_CONSUME_CHECK_CONSUMER) timestamp=8414 ms, used_size=4591616 bytes (11.2%)
(RDMA_READ_CONSUME_CHECK_CONSUMER) timestamp=8414 ms, used_size=4589568 bytes (11.2%)
(RDMA_READ_CONSUME_CHECK_CONSUMER) timestamp=8414 ms, used_size=4587520 bytes (11.2%)
(RDMA_READ_CONSUME_CHECK_CONSUMER) timestamp=8414 ms, used_size=4585472 bytes (11.2%)
(RDMA_READ_CONSUME_CHECK_CONSUMER) timestamp=8414 ms, used_size=4583424 bytes (11.2%)
(RDMA_READ_CONSUME_CHECK_CONSUMER) timestamp=8414 ms, used_size=4581376 bytes (11.2%)
(RDMA_READ_CONSUME_CHECK_CONSUMER) timestamp=8414 ms, used_size=4579328 bytes (11.2%)
(RDMA_READ_CONSUME_CHECK_CONSUMER) timestamp=8414 ms, used_size=4577280 bytes (11.2%)
(RDMA_READ_CONSUME_CHECK_CONSUMER) timestamp=8414 ms, used_size=4575232 bytes (11.2%)
(RDMA_READ_CONSUME_CHECK_CONSUMER) timestamp=8414 ms, used_size=4573184 bytes (11.2%)
(RDMA_READ_CONSUME_CHECK_CONSUMER) timestamp=8414 ms, used_size=4571136 bytes (11.2%)
(RDMA_READ_CONSUME_CHECK_CONSUMER) timestamp=8414 ms, used_size=4569088 bytes (11.2%)
(RDMA_READ_CONSUME_CHECK_CONSUMER) timestamp=8414 ms, used_size=4567040 bytes (11.2%)
(RDMA_READ_CONSUME_CHECK_CONSUMER) timestamp=8414 ms, used_size=4564992 bytes (11.1%)
(RDMA_READ_CONSUME_CHECK_CONSUMER) timestamp=8414 ms, used_size=4562944 bytes (11.1%)
(RDMA_READ_CONSUME_CHECK_CONSUMER) timestamp=8414 ms, used_size=4560896 bytes (11.1%)
(RDMA_READ_CONSUME_CHECK_CONSUMER) timestamp=8414 ms, used_size=4558848 bytes (11.1%)
(RDMA_READ_CONSUME_CHECK_CONSUMER) timestamp=8414 ms, used_size=4556800 bytes (11.1%)
(RDMA_READ_CONSUME_CHECK_CONSUMER) timestamp=8414 ms, used_size=4554752 bytes (11.1%)
(RDMA_READ_CONSUME_CHECK_CONSUMER) timestamp=8414 ms, used_size=4552704 bytes (11.1%)
(RDMA_READ_CONSUME_CHECK_CONSUMER) timestamp=8414 ms, used_size=4550656 bytes (11.1%)
(RDMA_READ_CONSUME_CHECK_CONSUMER) timestamp=8414 ms, used_size=4548608 bytes (11.1%)
(RDMA_READ_CONSUME_CHECK_CONSUMER) timestamp=8414 ms, used_size=4546560 bytes (11.1%)
(RDMA_READ_CONSUME_CHECK_CONSUMER) timestamp=8414 ms, used_size=4544512 bytes (11.1%)
(RDMA_READ_CONSUME_CHECK_CONSUMER) timestamp=8414 ms, used_size=4542464 bytes (11.1%)
(RDMA_READ_CONSUME_CHECK_CONSUMER) timestamp=8414 ms, used_size=4540416 bytes (11.1%)
(RDMA_READ_CONSUME_CHECK_CONSUMER) timestamp=8414 ms, used_size=4538368 bytes (11.1%)
(RDMA_READ_CONSUME_CHECK_CONSUMER) timestamp=8414 ms, used_size=4536320 bytes (11.1%)
(RDMA_READ_CONSUME_CHECK_CONSUMER) timestamp=8414 ms, used_size=4534272 bytes (11.1%)
(RDMA_READ_CONSUME_CHECK_CONSUMER) timestamp=8414 ms, used_size=4532224 bytes (11.1%)
(RDMA_READ_CONSUME_CHECK_CONSUMER) timestamp=8414 ms, used_size=4530176 bytes (11.1%)
(RDMA_READ_CONSUME_CHECK_CONSUMER) timestamp=8414 ms, used_size=4528128 bytes (11.1%)
(RDMA_READ_CONSUME_CHECK_CONSUMER) timestamp=8414 ms, used_size=4526080 bytes (11.1%)
(RDMA_READ_CONSUME_CHECK_CONSUMER) timestamp=8414 ms, used_size=4524032 bytes (11.0%)
(RDMA_READ_CONSUME_CHECK_CONSUMER) timestamp=8414 ms, used_size=4521984 bytes (11.0%)
(RDMA_READ_CONSUME_CHECK_CONSUMER) timestamp=8414 ms, used_size=4519936 bytes (11.0%)
(RDMA_READ_CONSUME_CHECK_CONSUMER) timestamp=8414 ms, used_size=4517888 bytes (11.0%)
(RDMA_READ_CONSUME_CHECK_CONSUMER) timestamp=8414 ms, used_size=4515840 bytes (11.0%)
(RDMA_READ_CONSUME_CHECK_CONSUMER) timestamp=8414 ms, used_size=4513792 bytes (11.0%)
(RDMA_READ_CONSUME_CHECK_CONSUMER) timestamp=8414 ms, used_size=4511744 bytes (11.0%)
(RDMA_READ_CONSUME_CHECK_CONSUMER) timestamp=8414 ms, used_size=4509696 bytes (11.0%)
(RDMA_READ_CONSUME_CHECK_CONSUMER) timestamp=8414 ms, used_size=4507648 bytes (11.0%)
(RDMA_READ_CONSUME_CHECK_CONSUMER) timestamp=8414 ms, used_size=4505600 bytes (11.0%)
(RDMA_READ_CONSUME_CHECK_CONSUMER) timestamp=8414 ms, used_size=4503552 bytes (11.0%)
(RDMA_READ_CONSUME_CHECK_CONSUMER) timestamp=8414 ms, used_size=4501504 bytes (11.0%)
(RDMA_READ_CONSUME_CHECK_CONSUMER) timestamp=8414 ms, used_size=4499456 bytes (11.0%)
(RDMA_READ_CONSUME_CHECK_CONSUMER) timestamp=8414 ms, used_size=4497408 bytes (11.0%)
(RDMA_READ_CONSUME_CHECK_CONSUMER) timestamp=8414 ms, used_size=4495360 bytes (11.0%)
(RDMA_READ_CONSUME_CHECK_CONSUMER) timestamp=8414 ms, used_size=4493312 bytes (11.0%)
(RDMA_READ_CONSUME_CHECK_CONSUMER) timestamp=8414 ms, used_size=4491264 bytes (11.0%)
(RDMA_READ_CONSUME_CHECK_CONSUMER) timestamp=8414 ms, used_size=4489216 bytes (11.0%)
(RDMA_READ_CONSUME_CHECK_CONSUMER) timestamp=8414 ms, used_size=4487168 bytes (11.0%)
(RDMA_READ_CONSUME_CHECK_CONSUMER) timestamp=8414 ms, used_size=4485120 bytes (10.9%)
(RDMA_READ_CONSUME_CHECK_CONSUMER) timestamp=8414 ms, used_size=4483072 bytes (10.9%)
(RDMA_READ_CONSUME_CHECK_CONSUMER) timestamp=8414 ms, used_size=4481024 bytes (10.9%)
(RDMA_READ_CONSUME_CHECK_CONSUMER) timestamp=8414 ms, used_size=4478976 bytes (10.9%)
(RDMA_READ_CONSUME_CHECK_CONSUMER) timestamp=8414 ms, used_size=4476928 bytes (10.9%)
(RDMA_READ_CONSUME_CHECK_CONSUMER) timestamp=8414 ms, used_size=4474880 bytes (10.9%)
(RDMA_READ_CONSUME_CHECK_CONSUMER) timestamp=8414 ms, used_size=4472832 bytes (10.9%)
(RDMA_READ_CONSUME_CHECK_CONSUMER) timestamp=8414 ms, used_size=4470784 bytes (10.9%)
(RDMA_READ_CONSUME_CHECK_CONSUMER) timestamp=8414 ms, used_size=4468736 bytes (10.9%)
(RDMA_READ_CONSUME_CHECK_CONSUMER) timestamp=8414 ms, used_size=4466688 bytes (10.9%)
(RDMA_READ_CONSUME_CHECK_CONSUMER) timestamp=8414 ms, used_size=4464640 bytes (10.9%)
(RDMA_READ_CONSUME_CHECK_CONSUMER) timestamp=8414 ms, used_size=4462592 bytes (10.9%)
(RDMA_READ_CONSUME_CHECK_CONSUMER) timestamp=8414 ms, used_size=4460544 bytes (10.9%)
(RDMA_READ_CONSUME_CHECK_CONSUMER) timestamp=8414 ms, used_size=4458496 bytes (10.9%)
(RDMA_READ_CONSUME_CHECK_CONSUMER) timestamp=8414 ms, used_size=4456448 bytes (10.9%)
(RDMA_READ_CONSUME_CHECK_CONSUMER) timestamp=8414 ms, used_size=4454400 bytes (10.9%)
(RDMA_READ_CONSUME_CHECK_CONSUMER) timestamp=8414 ms, used_size=4452352 bytes (10.9%)
(RDMA_READ_CONSUME_CHECK_CONSUMER) timestamp=8414 ms, used_size=4450304 bytes (10.9%)
(RDMA_READ_CONSUME_CHECK_CONSUMER) timestamp=8414 ms, used_size=4448256 bytes (10.9%)
(RDMA_READ_CONSUME_CHECK_CONSUMER) timestamp=8414 ms, used_size=4446208 bytes (10.9%)
(RDMA_READ_CONSUME_CHECK_CONSUMER) timestamp=8414 ms, used_size=4444160 bytes (10.8%)
(RDMA_READ_CONSUME_CHECK_CONSUMER) timestamp=8414 ms, used_size=4442112 bytes (10.8%)
(RDMA_READ_CONSUME_CHECK_CONSUMER) timestamp=8414 ms, used_size=4440064 bytes (10.8%)
(RDMA_READ_CONSUME_CHECK_CONSUMER) timestamp=8414 ms, used_size=4438016 bytes (10.8%)
(RDMA_READ_CONSUME_CHECK_CONSUMER) timestamp=8414 ms, used_size=4435968 bytes (10.8%)
(RDMA_READ_CONSUME_CHECK_CONSUMER) timestamp=8414 ms, used_size=4433920 bytes (10.8%)
(RDMA_READ_CONSUME_CHECK_CONSUMER) timestamp=8414 ms, used_size=4431872 bytes (10.8%)
(RDMA_READ_CONSUME_CHECK_CONSUMER) timestamp=8414 ms, used_size=4429824 bytes (10.8%)
(RDMA_READ_CONSUME_CHECK_CONSUMER) timestamp=8414 ms, used_size=4427776 bytes (10.8%)
(RDMA_READ_CONSUME_CHECK_CONSUMER) timestamp=8414 ms, used_size=4425728 bytes (10.8%)
(RDMA_READ_CONSUME_CHECK_CONSUMER) timestamp=8414 ms, used_size=4423680 bytes (10.8%)
(RDMA_READ_CONSUME_CHECK_CONSUMER) timestamp=8414 ms, used_size=4421632 bytes (10.8%)
(RDMA_READ_CONSUME_CHECK_CONSUMER) timestamp=8414 ms, used_size=4419584 bytes (10.8%)
(RDMA_READ_CONSUME_CHECK_CONSUMER) timestamp=8414 ms, used_size=4417536 bytes (10.8%)
(RDMA_READ_CONSUME_CHECK_CONSUMER) timestamp=8414 ms, used_size=4415488 bytes (10.8%)
(RDMA_READ_CONSUME_CHECK_CONSUMER) timestamp=8414 ms, used_size=4413440 bytes (10.8%)
(RDMA_READ_CONSUME_CHECK_CONSUMER) timestamp=8414 ms, used_size=4411392 bytes (10.8%)
(RDMA_READ_CONSUME_CHECK_CONSUMER) timestamp=8414 ms, used_size=4409344 bytes (10.8%)
(RDMA_READ_CONSUME_CHECK_CONSUMER) timestamp=8414 ms, used_size=4407296 bytes (10.8%)
(RDMA_READ_CONSUME_CHECK_CONSUMER) timestamp=8414 ms, used_size=4405248 bytes (10.8%)
(RDMA_READ_CONSUME_CHECK_CONSUMER) timestamp=8414 ms, used_size=4403200 bytes (10.8%)
(RDMA_READ_CONSUME_CHECK_CONSUMER) timestamp=8414 ms, used_size=4401152 bytes (10.7%)
(RDMA_READ_CONSUME_CHECK_CONSUMER) timestamp=8414 ms, used_size=4399104 bytes (10.7%)
(RDMA_READ_CONSUME_CHECK_CONSUMER) timestamp=8414 ms, used_size=4397056 bytes (10.7%)
(RDMA_READ_CONSUME_CHECK_CONSUMER) timestamp=8414 ms, used_size=4395008 bytes (10.7%)
(RDMA_READ_CONSUME_CHECK_CONSUMER) timestamp=8414 ms, used_size=4392960 bytes (10.7%)
(RDMA_READ_CONSUME_CHECK_CONSUMER) timestamp=8414 ms, used_size=4390912 bytes (10.7%)
(RDMA_READ_CONSUME_CHECK_CONSUMER) timestamp=8414 ms, used_size=4388864 bytes (10.7%)
(RDMA_READ_CONSUME_CHECK_CONSUMER) timestamp=8414 ms, used_size=4386816 bytes (10.7%)
(RDMA_READ_CONSUME_CHECK_CONSUMER) timestamp=8414 ms, used_size=4384768 bytes (10.7%)
(RDMA_READ_CONSUME_CHECK_CONSUMER) timestamp=8414 ms, used_size=4382720 bytes (10.7%)
(RDMA_READ_CONSUME_CHECK_CONSUMER) timestamp=8414 ms, used_size=4380672 bytes (10.7%)
(RDMA_READ_CONSUME_CHECK_CONSUMER) timestamp=8414 ms, used_size=4378624 bytes (10.7%)
(RDMA_READ_CONSUME_CHECK_CONSUMER) timestamp=8414 ms, used_size=4376576 bytes (10.7%)
(RDMA_READ_CONSUME_CHECK_CONSUMER) timestamp=8414 ms, used_size=4374528 bytes (10.7%)
(RDMA_READ_CONSUME_CHECK_CONSUMER) timestamp=8414 ms, used_size=4372480 bytes (10.7%)
(RDMA_READ_CONSUME_CHECK_CONSUMER) timestamp=8414 ms, used_size=4370432 bytes (10.7%)
(RDMA_READ_CONSUME_CHECK_CONSUMER) timestamp=8414 ms, used_size=4368384 bytes (10.7%)
(RDMA_READ_CONSUME_CHECK_CONSUMER) timestamp=8414 ms, used_size=4366336 bytes (10.7%)
(RDMA_READ_CONSUME_CHECK_CONSUMER) timestamp=8414 ms, used_size=4364288 bytes (10.7%)
(RDMA_READ_CONSUME_CHECK_CONSUMER) timestamp=8414 ms, used_size=4362240 bytes (10.7%)
(RDMA_READ_CONSUME_CHECK_CONSUMER) timestamp=8414 ms, used_size=4360192 bytes (10.6%)
(RDMA_READ_CONSUME_CHECK_CONSUMER) timestamp=8414 ms, used_size=4358144 bytes (10.6%)
(RDMA_READ_CONSUME_CHECK_CONSUMER) timestamp=8414 ms, used_size=4356096 bytes (10.6%)
(RDMA_READ_CONSUME_CHECK_CONSUMER) timestamp=8414 ms, used_size=4354048 bytes (10.6%)
(RDMA_READ_CONSUME_CHECK_CONSUMER) timestamp=8414 ms, used_size=4352000 bytes (10.6%)
(RDMA_READ_CONSUME_CHECK_CONSUMER) timestamp=8414 ms, used_size=4349952 bytes (10.6%)
(RDMA_READ_CONSUME_CHECK_CONSUMER) timestamp=8414 ms, used_size=4347904 bytes (10.6%)
(RDMA_READ_CONSUME_CHECK_CONSUMER) timestamp=8414 ms, used_size=4345856 bytes (10.6%)
(RDMA_READ_CONSUME_CHECK_CONSUMER) timestamp=8414 ms, used_size=4343808 bytes (10.6%)
(RDMA_READ_CONSUME_CHECK_CONSUMER) timestamp=8414 ms, used_size=4341760 bytes (10.6%)
(RDMA_READ_CONSUME_CHECK_CONSUMER) timestamp=8414 ms, used_size=4339712 bytes (10.6%)
(RDMA_READ_CONSUME_CHECK_CONSUMER) timestamp=8414 ms, used_size=4337664 bytes (10.6%)
(RDMA_READ_CONSUME_CHECK_CONSUMER) timestamp=8414 ms, used_size=4335616 bytes (10.6%)
(RDMA_READ_CONSUME_CHECK_CONSUMER) timestamp=8414 ms, used_size=4333568 bytes (10.6%)
(RDMA_READ_CONSUME_CHECK_CONSUMER) timestamp=8414 ms, used_size=4331520 bytes (10.6%)
(RDMA_READ_CONSUME_CHECK_CONSUMER) timestamp=8414 ms, used_size=4329472 bytes (10.6%)
(RDMA_READ_CONSUME_CHECK_CONSUMER) timestamp=8415 ms, used_size=4327424 bytes (10.6%)
(RDMA_READ_CONSUME_CHECK_CONSUMER) timestamp=8415 ms, used_size=4325376 bytes (10.6%)
(RDMA_READ_CONSUME_CHECK_CONSUMER) timestamp=8415 ms, used_size=4323328 bytes (10.6%)
(RDMA_READ_CONSUME_CHECK_CONSUMER) timestamp=8415 ms, used_size=4321280 bytes (10.6%)
(RDMA_READ_CONSUME_CHECK_CONSUMER) timestamp=8415 ms, used_size=4319232 bytes (10.5%)
(RDMA_READ_CONSUME_CHECK_CONSUMER) timestamp=8415 ms, used_size=4317184 bytes (10.5%)
(RDMA_READ_CONSUME_CHECK_CONSUMER) timestamp=8415 ms, used_size=4315136 bytes (10.5%)
(RDMA_READ_CONSUME_CHECK_CONSUMER) timestamp=8415 ms, used_size=4313088 bytes (10.5%)
(RDMA_READ_CONSUME_CHECK_CONSUMER) timestamp=8415 ms, used_size=4311040 bytes (10.5%)
(RDMA_READ_CONSUME_CHECK_CONSUMER) timestamp=8415 ms, used_size=4308992 bytes (10.5%)
(RDMA_READ_CONSUME_CHECK_CONSUMER) timestamp=8415 ms, used_size=4306944 bytes (10.5%)
(RDMA_READ_CONSUME_CHECK_CONSUMER) timestamp=8415 ms, used_size=4304896 bytes (10.5%)
(RDMA_READ_CONSUME_CHECK_CONSUMER) timestamp=8415 ms, used_size=4302848 bytes (10.5%)
(RDMA_READ_CONSUME_CHECK_CONSUMER) timestamp=8415 ms, used_size=4300800 bytes (10.5%)
(RDMA_READ_CONSUME_CHECK_CONSUMER) timestamp=8415 ms, used_size=4298752 bytes (10.5%)
(RDMA_READ_CONSUME_CHECK_CONSUMER) timestamp=8415 ms, used_size=4296704 bytes (10.5%)
(RDMA_READ_CONSUME_CHECK_CONSUMER) timestamp=8415 ms, used_size=4294656 bytes (10.5%)
(RDMA_READ_CONSUME_CHECK_CONSUMER) timestamp=8415 ms, used_size=4292608 bytes (10.5%)
(RDMA_READ_CONSUME_CHECK_CONSUMER) timestamp=8415 ms, used_size=4290560 bytes (10.5%)
(RDMA_READ_CONSUME_CHECK_CONSUMER) timestamp=8415 ms, used_size=4288512 bytes (10.5%)
(RDMA_READ_CONSUME_CHECK_CONSUMER) timestamp=8415 ms, used_size=4286464 bytes (10.5%)
(RDMA_READ_CONSUME_CHECK_CONSUMER) timestamp=8415 ms, used_size=4284416 bytes (10.5%)
(RDMA_READ_CONSUME_CHECK_CONSUMER) timestamp=8415 ms, used_size=4282368 bytes (10.5%)
(RDMA_READ_CONSUME_CHECK_CONSUMER) timestamp=8415 ms, used_size=4280320 bytes (10.4%)
(RDMA_READ_CONSUME_CHECK_CONSUMER) timestamp=8415 ms, used_size=4278272 bytes (10.4%)
(RDMA_READ_CONSUME_CHECK_CONSUMER) timestamp=8415 ms, used_size=4276224 bytes (10.4%)
(RDMA_READ_CONSUME_CHECK_CONSUMER) timestamp=8415 ms, used_size=4274176 bytes (10.4%)
(RDMA_READ_CONSUME_CHECK_CONSUMER) timestamp=8415 ms, used_size=4272128 bytes (10.4%)
(RDMA_READ_CONSUME_CHECK_CONSUMER) timestamp=8415 ms, used_size=4270080 bytes (10.4%)
(RDMA_READ_CONSUME_CHECK_CONSUMER) timestamp=8415 ms, used_size=4268032 bytes (10.4%)
(RDMA_READ_CONSUME_CHECK_CONSUMER) timestamp=8415 ms, used_size=4265984 bytes (10.4%)
(RDMA_READ_CONSUME_CHECK_CONSUMER) timestamp=8415 ms, used_size=4263936 bytes (10.4%)
(RDMA_READ_CONSUME_CHECK_CONSUMER) timestamp=8415 ms, used_size=4261888 bytes (10.4%)
(RDMA_READ_CONSUME_CHECK_CONSUMER) timestamp=8415 ms, used_size=4259840 bytes (10.4%)
(RDMA_READ_CONSUME_CHECK_CONSUMER) timestamp=8415 ms, used_size=4257792 bytes (10.4%)
(RDMA_READ_CONSUME_CHECK_CONSUMER) timestamp=8415 ms, used_size=4255744 bytes (10.4%)
(RDMA_READ_CONSUME_CHECK_CONSUMER) timestamp=8415 ms, used_size=4253696 bytes (10.4%)
(RDMA_READ_CONSUME_CHECK_CONSUMER) timestamp=8415 ms, used_size=4251648 bytes (10.4%)
(RDMA_READ_CONSUME_CHECK_CONSUMER) timestamp=8415 ms, used_size=4249600 bytes (10.4%)
(RDMA_READ_CONSUME_CHECK_CONSUMER) timestamp=8415 ms, used_size=4247552 bytes (10.4%)
(RDMA_READ_CONSUME_CHECK_CONSUMER) timestamp=8415 ms, used_size=4245504 bytes (10.4%)
(RDMA_READ_CONSUME_CHECK_CONSUMER) timestamp=8415 ms, used_size=4243456 bytes (10.4%)
(RDMA_READ_CONSUME_CHECK_CONSUMER) timestamp=8415 ms, used_size=4241408 bytes (10.4%)
(RDMA_READ_CONSUME_CHECK_CONSUMER) timestamp=8415 ms, used_size=4239360 bytes (10.3%)
(RDMA_READ_CONSUME_CHECK_CONSUMER) timestamp=8415 ms, used_size=4237312 bytes (10.3%)
(RDMA_READ_CONSUME_CHECK_CONSUMER) timestamp=8415 ms, used_size=4235264 bytes (10.3%)
(RDMA_READ_CONSUME_CHECK_CONSUMER) timestamp=8415 ms, used_size=4233216 bytes (10.3%)
(RDMA_READ_CONSUME_CHECK_CONSUMER) timestamp=8415 ms, used_size=4231168 bytes (10.3%)
(RDMA_READ_CONSUME_CHECK_CONSUMER) timestamp=8415 ms, used_size=4229120 bytes (10.3%)
(RDMA_READ_CONSUME_CHECK_CONSUMER) timestamp=8415 ms, used_size=4227072 bytes (10.3%)
(RDMA_READ_CONSUME_CHECK_CONSUMER) timestamp=8415 ms, used_size=4225024 bytes (10.3%)
(RDMA_READ_CONSUME_CHECK_CONSUMER) timestamp=8415 ms, used_size=4222976 bytes (10.3%)
(RDMA_READ_CONSUME_CHECK_CONSUMER) timestamp=8415 ms, used_size=4220928 bytes (10.3%)
(RDMA_READ_CONSUME_CHECK_CONSUMER) timestamp=8415 ms, used_size=4218880 bytes (10.3%)
(RDMA_READ_CONSUME_CHECK_CONSUMER) timestamp=8415 ms, used_size=4216832 bytes (10.3%)
(RDMA_READ_CONSUME_CHECK_CONSUMER) timestamp=8415 ms, used_size=4214784 bytes (10.3%)
(RDMA_READ_CONSUME_CHECK_CONSUMER) timestamp=8415 ms, used_size=4212736 bytes (10.3%)
(RDMA_READ_CONSUME_CHECK_CONSUMER) timestamp=8415 ms, used_size=4210688 bytes (10.3%)
(RDMA_READ_CONSUME_CHECK_CONSUMER) timestamp=8415 ms, used_size=4208640 bytes (10.3%)
(RDMA_READ_CONSUME_CHECK_CONSUMER) timestamp=8415 ms, used_size=4206592 bytes (10.3%)
(RDMA_READ_CONSUME_CHECK_CONSUMER) timestamp=8415 ms, used_size=4204544 bytes (10.3%)
(RDMA_READ_CONSUME_CHECK_CONSUMER) timestamp=8415 ms, used_size=4202496 bytes (10.3%)
(RDMA_READ_CONSUME_CHECK_CONSUMER) timestamp=8415 ms, used_size=4200448 bytes (10.3%)
(RDMA_READ_CONSUME_CHECK_CONSUMER) timestamp=8415 ms, used_size=4198400 bytes (10.2%)
(RDMA_READ_CONSUME_CHECK_CONSUMER) timestamp=8415 ms, used_size=4196352 bytes (10.2%)
(RDMA_READ_CONSUME_CHECK_CONSUMER) timestamp=8415 ms, used_size=4194304 bytes (10.2%)
(RDMA_READ_CONSUME_CHECK_CONSUMER) timestamp=8415 ms, used_size=4192256 bytes (10.2%)
(RDMA_READ_CONSUME_CHECK_CONSUMER) timestamp=8415 ms, used_size=4190208 bytes (10.2%)
(RDMA_READ_CONSUME_CHECK_CONSUMER) timestamp=8415 ms, used_size=4188160 bytes (10.2%)
(RDMA_READ_CONSUME_CHECK_CONSUMER) timestamp=8415 ms, used_size=4186112 bytes (10.2%)
(RDMA_READ_CONSUME_CHECK_CONSUMER) timestamp=8415 ms, used_size=4184064 bytes (10.2%)
(RDMA_READ_CONSUME_CHECK_CONSUMER) timestamp=8415 ms, used_size=4182016 bytes (10.2%)
(RDMA_READ_CONSUME_CHECK_CONSUMER) timestamp=8415 ms, used_size=4179968 bytes (10.2%)
(RDMA_READ_CONSUME_CHECK_CONSUMER) timestamp=8415 ms, used_size=4177920 bytes (10.2%)
(RDMA_READ_CONSUME_CHECK_CONSUMER) timestamp=8415 ms, used_size=4175872 bytes (10.2%)
(RDMA_READ_CONSUME_CHECK_CONSUMER) timestamp=8415 ms, used_size=4173824 bytes (10.2%)
(RDMA_READ_CONSUME_CHECK_CONSUMER) timestamp=8415 ms, used_size=4171776 bytes (10.2%)
(RDMA_READ_CONSUME_CHECK_CONSUMER) timestamp=8415 ms, used_size=4169728 bytes (10.2%)
(RDMA_READ_CONSUME_CHECK_CONSUMER) timestamp=8415 ms, used_size=4167680 bytes (10.2%)
(RDMA_READ_CONSUME_CHECK_CONSUMER) timestamp=8415 ms, used_size=4165632 bytes (10.2%)
(RDMA_READ_CONSUME_CHECK_CONSUMER) timestamp=8415 ms, used_size=4163584 bytes (10.2%)
(RDMA_READ_CONSUME_CHECK_CONSUMER) timestamp=8415 ms, used_size=4161536 bytes (10.2%)
(RDMA_READ_CONSUME_CHECK_CONSUMER) timestamp=8415 ms, used_size=4159488 bytes (10.2%)
(RDMA_READ_CONSUME_CHECK_CONSUMER) timestamp=8415 ms, used_size=4157440 bytes (10.2%)
(RDMA_READ_CONSUME_CHECK_CONSUMER) timestamp=8415 ms, used_size=4155392 bytes (10.1%)
(RDMA_READ_CONSUME_CHECK_CONSUMER) timestamp=8415 ms, used_size=4153344 bytes (10.1%)
(RDMA_READ_CONSUME_CHECK_CONSUMER) timestamp=8415 ms, used_size=4151296 bytes (10.1%)
(RDMA_READ_CONSUME_CHECK_CONSUMER) timestamp=8415 ms, used_size=4149248 bytes (10.1%)
(RDMA_READ_CONSUME_CHECK_CONSUMER) timestamp=8415 ms, used_size=4147200 bytes (10.1%)
(RDMA_READ_CONSUME_CHECK_CONSUMER) timestamp=8415 ms, used_size=4145152 bytes (10.1%)
(RDMA_READ_CONSUME_CHECK_CONSUMER) timestamp=8415 ms, used_size=4143104 bytes (10.1%)
(RDMA_READ_CONSUME_CHECK_CONSUMER) timestamp=8415 ms, used_size=4141056 bytes (10.1%)
(RDMA_READ_CONSUME_CHECK_CONSUMER) timestamp=8415 ms, used_size=4139008 bytes (10.1%)
(RDMA_READ_CONSUME_CHECK_CONSUMER) timestamp=8415 ms, used_size=4136960 bytes (10.1%)
(RDMA_READ_CONSUME_CHECK_CONSUMER) timestamp=8415 ms, used_size=4134912 bytes (10.1%)
(RDMA_READ_CONSUME_CHECK_CONSUMER) timestamp=8415 ms, used_size=4132864 bytes (10.1%)
(RDMA_READ_CONSUME_CHECK_CONSUMER) timestamp=8415 ms, used_size=4130816 bytes (10.1%)
(RDMA_READ_CONSUME_CHECK_CONSUMER) timestamp=8415 ms, used_size=4128768 bytes (10.1%)
(RDMA_READ_CONSUME_CHECK_CONSUMER) timestamp=8415 ms, used_size=4126720 bytes (10.1%)
(RDMA_READ_CONSUME_CHECK_CONSUMER) timestamp=8415 ms, used_size=4124672 bytes (10.1%)
(RDMA_READ_CONSUME_CHECK_CONSUMER) timestamp=8415 ms, used_size=4122624 bytes (10.1%)
(RDMA_READ_CONSUME_CHECK_CONSUMER) timestamp=8415 ms, used_size=4120576 bytes (10.1%)
(RDMA_READ_CONSUME_CHECK_CONSUMER) timestamp=8415 ms, used_size=4118528 bytes (10.1%)
(RDMA_READ_CONSUME_CHECK_CONSUMER) timestamp=8415 ms, used_size=4116480 bytes (10.1%)
(RDMA_READ_CONSUME_CHECK_CONSUMER) timestamp=8415 ms, used_size=4114432 bytes (10.0%)
(RDMA_READ_CONSUME_CHECK_CONSUMER) timestamp=8415 ms, used_size=4112384 bytes (10.0%)
(RDMA_READ_CONSUME_CHECK_CONSUMER) timestamp=8415 ms, used_size=4110336 bytes (10.0%)
(RDMA_READ_CONSUME_CHECK_CONSUMER) timestamp=8415 ms, used_size=4108288 bytes (10.0%)
(RDMA_READ_CONSUME_CHECK_CONSUMER) timestamp=8415 ms, used_size=4106240 bytes (10.0%)
(RDMA_READ_CONSUME_CHECK_CONSUMER) timestamp=8415 ms, used_size=4104192 bytes (10.0%)
(RDMA_READ_CONSUME_CHECK_CONSUMER) timestamp=8415 ms, used_size=4102144 bytes (10.0%)
(RDMA_READ_CONSUME_CHECK_CONSUMER) timestamp=8415 ms, used_size=4100096 bytes (10.0%)
(RDMA_READ_CONSUME_CHECK_CONSUMER) timestamp=8415 ms, used_size=4098048 bytes (10.0%)
(RDMA_READ_CONSUME_CHECK_CONSUMER) timestamp=8415 ms, used_size=4096000 bytes (10.0%)
(RDMA_READ_CONSUME_CHECK_CONSUMER) timestamp=8415 ms, used_size=4093952 bytes (10.0%)
(RDMA_READ_CONSUME_CHECK_CONSUMER) timestamp=8415 ms, used_size=4091904 bytes (10.0%)
(RDMA_READ_CONSUME_CHECK_CONSUMER) timestamp=8415 ms, used_size=4089856 bytes (10.0%)
(RDMA_READ_CONSUME_CHECK_CONSUMER) timestamp=8415 ms, used_size=4087808 bytes (10.0%)
(RDMA_READ_CONSUME_CHECK_CONSUMER) timestamp=8415 ms, used_size=4085760 bytes (10.0%)
(RDMA_READ_CONSUME_CHECK_CONSUMER) timestamp=8415 ms, used_size=4083712 bytes (10.0%)
(RDMA_READ_CONSUME_CHECK_CONSUMER) timestamp=8415 ms, used_size=4081664 bytes (10.0%)
(RDMA_READ_CONSUME_CHECK_CONSUMER) timestamp=8415 ms, used_size=4079616 bytes (10.0%)
(RDMA_READ_CONSUME_CHECK_CONSUMER) timestamp=8415 ms, used_size=4077568 bytes (10.0%)
(RDMA_READ_CONSUME_CHECK_CONSUMER) timestamp=8415 ms, used_size=4075520 bytes (9.9%)
(RDMA_READ_CONSUME_CHECK_CONSUMER) timestamp=8415 ms, used_size=4073472 bytes (9.9%)
(RDMA_READ_CONSUME_CHECK_CONSUMER) timestamp=8415 ms, used_size=4071424 bytes (9.9%)
(RDMA_READ_CONSUME_CHECK_CONSUMER) timestamp=8415 ms, used_size=4069376 bytes (9.9%)
(RDMA_READ_CONSUME_CHECK_CONSUMER) timestamp=8415 ms, used_size=4067328 bytes (9.9%)
(RDMA_READ_CONSUME_CHECK_CONSUMER) timestamp=8415 ms, used_size=4065280 bytes (9.9%)
(RDMA_READ_CONSUME_CHECK_CONSUMER) timestamp=8415 ms, used_size=4063232 bytes (9.9%)
(RDMA_READ_CONSUME_CHECK_CONSUMER) timestamp=8415 ms, used_size=4061184 bytes (9.9%)
(RDMA_READ_CONSUME_CHECK_CONSUMER) timestamp=8415 ms, used_size=4059136 bytes (9.9%)
(RDMA_READ_CONSUME_CHECK_CONSUMER) timestamp=8415 ms, used_size=4057088 bytes (9.9%)
(RDMA_READ_CONSUME_CHECK_CONSUMER) timestamp=8415 ms, used_size=4055040 bytes (9.9%)
(RDMA_READ_CONSUME_CHECK_CONSUMER) timestamp=8415 ms, used_size=4052992 bytes (9.9%)
(RDMA_READ_CONSUME_CHECK_CONSUMER) timestamp=8415 ms, used_size=4050944 bytes (9.9%)
(RDMA_READ_CONSUME_CHECK_CONSUMER) timestamp=8415 ms, used_size=4048896 bytes (9.9%)
(RDMA_READ_CONSUME_CHECK_CONSUMER) timestamp=8415 ms, used_size=4046848 bytes (9.9%)
(RDMA_READ_CONSUME_CHECK_CONSUMER) timestamp=8415 ms, used_size=4044800 bytes (9.9%)
(RDMA_READ_CONSUME_CHECK_CONSUMER) timestamp=8415 ms, used_size=4042752 bytes (9.9%)
(RDMA_READ_CONSUME_CHECK_CONSUMER) timestamp=8415 ms, used_size=4040704 bytes (9.9%)
(RDMA_READ_CONSUME_CHECK_CONSUMER) timestamp=8415 ms, used_size=4038656 bytes (9.9%)
(RDMA_READ_CONSUME_CHECK_CONSUMER) timestamp=8415 ms, used_size=4036608 bytes (9.9%)
(RDMA_READ_CONSUME_CHECK_CONSUMER) timestamp=8415 ms, used_size=4034560 bytes (9.8%)
(RDMA_READ_CONSUME_CHECK_CONSUMER) timestamp=8415 ms, used_size=4032512 bytes (9.8%)
(RDMA_READ_CONSUME_CHECK_CONSUMER) timestamp=8415 ms, used_size=4030464 bytes (9.8%)
(RDMA_READ_CONSUME_CHECK_CONSUMER) timestamp=8415 ms, used_size=4028416 bytes (9.8%)
(RDMA_READ_CONSUME_CHECK_CONSUMER) timestamp=8415 ms, used_size=4026368 bytes (9.8%)
(RDMA_READ_CONSUME_CHECK_CONSUMER) timestamp=8415 ms, used_size=4024320 bytes (9.8%)
(RDMA_READ_CONSUME_CHECK_CONSUMER) timestamp=8415 ms, used_size=4022272 bytes (9.8%)
(RDMA_READ_CONSUME_CHECK_CONSUMER) timestamp=8415 ms, used_size=4020224 bytes (9.8%)
(RDMA_READ_CONSUME_CHECK_CONSUMER) timestamp=8415 ms, used_size=4018176 bytes (9.8%)
(RDMA_READ_CONSUME_CHECK_CONSUMER) timestamp=8415 ms, used_size=4016128 bytes (9.8%)
(RDMA_READ_CONSUME_CHECK_CONSUMER) timestamp=8415 ms, used_size=4014080 bytes (9.8%)
(RDMA_READ_CONSUME_CHECK_CONSUMER) timestamp=8415 ms, used_size=4012032 bytes (9.8%)
(RDMA_READ_CONSUME_CHECK_CONSUMER) timestamp=8415 ms, used_size=4009984 bytes (9.8%)
(RDMA_READ_CONSUME_CHECK_CONSUMER) timestamp=8415 ms, used_size=4007936 bytes (9.8%)
(RDMA_READ_CONSUME_CHECK_CONSUMER) timestamp=8415 ms, used_size=4005888 bytes (9.8%)
(RDMA_READ_CONSUME_CHECK_CONSUMER) timestamp=8415 ms, used_size=4003840 bytes (9.8%)
(RDMA_READ_CONSUME_CHECK_CONSUMER) timestamp=8415 ms, used_size=4001792 bytes (9.8%)
(RDMA_READ_CONSUME_CHECK_CONSUMER) timestamp=8415 ms, used_size=3999744 bytes (9.8%)
(RDMA_READ_CONSUME_CHECK_CONSUMER) timestamp=8415 ms, used_size=3997696 bytes (9.8%)
(RDMA_READ_CONSUME_CHECK_CONSUMER) timestamp=8415 ms, used_size=3995648 bytes (9.8%)
(RDMA_READ_CONSUME_CHECK_CONSUMER) timestamp=8415 ms, used_size=3993600 bytes (9.8%)
(RDMA_READ_CONSUME_CHECK_CONSUMER) timestamp=8415 ms, used_size=3991552 bytes (9.7%)
(RDMA_READ_CONSUME_CHECK_CONSUMER) timestamp=8415 ms, used_size=3989504 bytes (9.7%)
(RDMA_READ_CONSUME_CHECK_CONSUMER) timestamp=8415 ms, used_size=3987456 bytes (9.7%)
(RDMA_READ_CONSUME_CHECK_CONSUMER) timestamp=8415 ms, used_size=3985408 bytes (9.7%)
(RDMA_READ_CONSUME_CHECK_CONSUMER) timestamp=8415 ms, used_size=3983360 bytes (9.7%)
(RDMA_READ_CONSUME_CHECK_CONSUMER) timestamp=8415 ms, used_size=3981312 bytes (9.7%)
(RDMA_READ_CONSUME_CHECK_CONSUMER) timestamp=8415 ms, used_size=3979264 bytes (9.7%)
(RDMA_READ_CONSUME_CHECK_CONSUMER) timestamp=8415 ms, used_size=3977216 bytes (9.7%)
(RDMA_READ_CONSUME_CHECK_CONSUMER) timestamp=8415 ms, used_size=3975168 bytes (9.7%)
(RDMA_READ_CONSUME_CHECK_CONSUMER) timestamp=8415 ms, used_size=3973120 bytes (9.7%)
(RDMA_READ_CONSUME_CHECK_CONSUMER) timestamp=8415 ms, used_size=3971072 bytes (9.7%)
(RDMA_READ_CONSUME_CHECK_CONSUMER) timestamp=8415 ms, used_size=3969024 bytes (9.7%)
(RDMA_READ_CONSUME_CHECK_CONSUMER) timestamp=8415 ms, used_size=3966976 bytes (9.7%)
(RDMA_READ_CONSUME_CHECK_CONSUMER) timestamp=8415 ms, used_size=3964928 bytes (9.7%)
(RDMA_READ_CONSUME_CHECK_CONSUMER) timestamp=8416 ms, used_size=3962880 bytes (9.7%)
(RDMA_READ_CONSUME_CHECK_CONSUMER) timestamp=8416 ms, used_size=3960832 bytes (9.7%)
(RDMA_READ_CONSUME_CHECK_CONSUMER) timestamp=8416 ms, used_size=3958784 bytes (9.7%)
(RDMA_READ_CONSUME_CHECK_CONSUMER) timestamp=8416 ms, used_size=3956736 bytes (9.7%)
(RDMA_READ_CONSUME_CHECK_CONSUMER) timestamp=8416 ms, used_size=3954688 bytes (9.7%)
(RDMA_READ_CONSUME_CHECK_CONSUMER) timestamp=8416 ms, used_size=3952640 bytes (9.7%)
(RDMA_READ_CONSUME_CHECK_CONSUMER) timestamp=8416 ms, used_size=3950592 bytes (9.6%)
(RDMA_READ_CONSUME_CHECK_CONSUMER) timestamp=8416 ms, used_size=3948544 bytes (9.6%)
(RDMA_READ_CONSUME_CHECK_CONSUMER) timestamp=8416 ms, used_size=3946496 bytes (9.6%)
(RDMA_READ_CONSUME_CHECK_CONSUMER) timestamp=8416 ms, used_size=3944448 bytes (9.6%)
(RDMA_READ_CONSUME_CHECK_CONSUMER) timestamp=8416 ms, used_size=3942400 bytes (9.6%)
(RDMA_READ_CONSUME_CHECK_CONSUMER) timestamp=8416 ms, used_size=3940352 bytes (9.6%)
(RDMA_READ_CONSUME_CHECK_CONSUMER) timestamp=8416 ms, used_size=3938304 bytes (9.6%)
(RDMA_READ_CONSUME_CHECK_CONSUMER) timestamp=8416 ms, used_size=3936256 bytes (9.6%)
(RDMA_READ_CONSUME_CHECK_CONSUMER) timestamp=8416 ms, used_size=3934208 bytes (9.6%)
(RDMA_READ_CONSUME_CHECK_CONSUMER) timestamp=8416 ms, used_size=3932160 bytes (9.6%)
(RDMA_READ_CONSUME_CHECK_CONSUMER) timestamp=8416 ms, used_size=3930112 bytes (9.6%)
(RDMA_READ_CONSUME_CHECK_CONSUMER) timestamp=8416 ms, used_size=3928064 bytes (9.6%)
(RDMA_READ_CONSUME_CHECK_CONSUMER) timestamp=8416 ms, used_size=3926016 bytes (9.6%)
(RDMA_READ_CONSUME_CHECK_CONSUMER) timestamp=8416 ms, used_size=3923968 bytes (9.6%)
(RDMA_READ_CONSUME_CHECK_CONSUMER) timestamp=8416 ms, used_size=3921920 bytes (9.6%)
(RDMA_READ_CONSUME_CHECK_CONSUMER) timestamp=8416 ms, used_size=3919872 bytes (9.6%)
(RDMA_READ_CONSUME_CHECK_CONSUMER) timestamp=8416 ms, used_size=3917824 bytes (9.6%)
(RDMA_READ_CONSUME_CHECK_CONSUMER) timestamp=8416 ms, used_size=3915776 bytes (9.6%)
(RDMA_READ_CONSUME_CHECK_CONSUMER) timestamp=8416 ms, used_size=3913728 bytes (9.6%)
(RDMA_READ_CONSUME_CHECK_CONSUMER) timestamp=8416 ms, used_size=3911680 bytes (9.6%)
(RDMA_READ_CONSUME_CHECK_CONSUMER) timestamp=8416 ms, used_size=3909632 bytes (9.5%)
(RDMA_READ_CONSUME_CHECK_CONSUMER) timestamp=8416 ms, used_size=3907584 bytes (9.5%)
(RDMA_READ_CONSUME_CHECK_CONSUMER) timestamp=8416 ms, used_size=3905536 bytes (9.5%)
(RDMA_READ_CONSUME_CHECK_CONSUMER) timestamp=8416 ms, used_size=3903488 bytes (9.5%)
(RDMA_READ_CONSUME_CHECK_CONSUMER) timestamp=8416 ms, used_size=3901440 bytes (9.5%)
(RDMA_READ_CONSUME_CHECK_CONSUMER) timestamp=8416 ms, used_size=3899392 bytes (9.5%)
(RDMA_READ_CONSUME_CHECK_CONSUMER) timestamp=8416 ms, used_size=3897344 bytes (9.5%)
(RDMA_READ_CONSUME_CHECK_CONSUMER) timestamp=8416 ms, used_size=3895296 bytes (9.5%)
(RDMA_READ_CONSUME_CHECK_CONSUMER) timestamp=8416 ms, used_size=3893248 bytes (9.5%)
(RDMA_READ_CONSUME_CHECK_CONSUMER) timestamp=8416 ms, used_size=3891200 bytes (9.5%)
(RDMA_READ_CONSUME_CHECK_CONSUMER) timestamp=8416 ms, used_size=3889152 bytes (9.5%)
(RDMA_READ_CONSUME_CHECK_CONSUMER) timestamp=8416 ms, used_size=3887104 bytes (9.5%)
(RDMA_READ_CONSUME_CHECK_CONSUMER) timestamp=8416 ms, used_size=3885056 bytes (9.5%)
(RDMA_READ_CONSUME_CHECK_CONSUMER) timestamp=8416 ms, used_size=3883008 bytes (9.5%)
(RDMA_READ_CONSUME_CHECK_CONSUMER) timestamp=8416 ms, used_size=3880960 bytes (9.5%)
(RDMA_READ_CONSUME_CHECK_CONSUMER) timestamp=8416 ms, used_size=3878912 bytes (9.5%)
(RDMA_READ_CONSUME_CHECK_CONSUMER) timestamp=8416 ms, used_size=3876864 bytes (9.5%)
(RDMA_READ_CONSUME_CHECK_CONSUMER) timestamp=8416 ms, used_size=3874816 bytes (9.5%)
(RDMA_READ_CONSUME_CHECK_CONSUMER) timestamp=8416 ms, used_size=3872768 bytes (9.5%)
(RDMA_READ_CONSUME_CHECK_CONSUMER) timestamp=8416 ms, used_size=3870720 bytes (9.4%)
(RDMA_READ_CONSUME_CHECK_CONSUMER) timestamp=8416 ms, used_size=3868672 bytes (9.4%)
(RDMA_READ_CONSUME_CHECK_CONSUMER) timestamp=8416 ms, used_size=3866624 bytes (9.4%)
(RDMA_READ_CONSUME_CHECK_CONSUMER) timestamp=8416 ms, used_size=3864576 bytes (9.4%)
(RDMA_READ_CONSUME_CHECK_CONSUMER) timestamp=8416 ms, used_size=3862528 bytes (9.4%)
(RDMA_READ_CONSUME_CHECK_CONSUMER) timestamp=8416 ms, used_size=3860480 bytes (9.4%)
(RDMA_READ_CONSUME_CHECK_CONSUMER) timestamp=8416 ms, used_size=3858432 bytes (9.4%)
(RDMA_READ_CONSUME_CHECK_CONSUMER) timestamp=8416 ms, used_size=3856384 bytes (9.4%)
(RDMA_READ_CONSUME_CHECK_CONSUMER) timestamp=8416 ms, used_size=3854336 bytes (9.4%)
(RDMA_READ_CONSUME_CHECK_CONSUMER) timestamp=8416 ms, used_size=3852288 bytes (9.4%)
(RDMA_READ_CONSUME_CHECK_CONSUMER) timestamp=8416 ms, used_size=3850240 bytes (9.4%)
(RDMA_READ_CONSUME_CHECK_CONSUMER) timestamp=8416 ms, used_size=3848192 bytes (9.4%)
(RDMA_READ_CONSUME_CHECK_CONSUMER) timestamp=8416 ms, used_size=3846144 bytes (9.4%)
(RDMA_READ_CONSUME_CHECK_CONSUMER) timestamp=8416 ms, used_size=3844096 bytes (9.4%)
(RDMA_READ_CONSUME_CHECK_CONSUMER) timestamp=8416 ms, used_size=3842048 bytes (9.4%)
(RDMA_READ_CONSUME_CHECK_CONSUMER) timestamp=8416 ms, used_size=3840000 bytes (9.4%)
(RDMA_READ_CONSUME_CHECK_CONSUMER) timestamp=8416 ms, used_size=3837952 bytes (9.4%)
(RDMA_READ_CONSUME_CHECK_CONSUMER) timestamp=8416 ms, used_size=3835904 bytes (9.4%)
(RDMA_READ_CONSUME_CHECK_CONSUMER) timestamp=8416 ms, used_size=3833856 bytes (9.4%)
(RDMA_READ_CONSUME_CHECK_CONSUMER) timestamp=8416 ms, used_size=3831808 bytes (9.4%)
(RDMA_READ_CONSUME_CHECK_CONSUMER) timestamp=8416 ms, used_size=3829760 bytes (9.3%)
(RDMA_READ_CONSUME_CHECK_CONSUMER) timestamp=8416 ms, used_size=3827712 bytes (9.3%)
(RDMA_READ_CONSUME_CHECK_CONSUMER) timestamp=8416 ms, used_size=3825664 bytes (9.3%)
(RDMA_READ_CONSUME_CHECK_CONSUMER) timestamp=8416 ms, used_size=3823616 bytes (9.3%)
(RDMA_READ_CONSUME_CHECK_CONSUMER) timestamp=8416 ms, used_size=3821568 bytes (9.3%)
(RDMA_READ_CONSUME_CHECK_CONSUMER) timestamp=8416 ms, used_size=3819520 bytes (9.3%)
(RDMA_READ_CONSUME_CHECK_CONSUMER) timestamp=8416 ms, used_size=3817472 bytes (9.3%)
(RDMA_READ_CONSUME_CHECK_CONSUMER) timestamp=8416 ms, used_size=3815424 bytes (9.3%)
(RDMA_READ_CONSUME_CHECK_CONSUMER) timestamp=8416 ms, used_size=3813376 bytes (9.3%)
(RDMA_READ_CONSUME_CHECK_CONSUMER) timestamp=8416 ms, used_size=3811328 bytes (9.3%)
(RDMA_READ_CONSUME_CHECK_CONSUMER) timestamp=8416 ms, used_size=3809280 bytes (9.3%)
(RDMA_READ_CONSUME_CHECK_CONSUMER) timestamp=8416 ms, used_size=3807232 bytes (9.3%)
(RDMA_READ_CONSUME_CHECK_CONSUMER) timestamp=8416 ms, used_size=3805184 bytes (9.3%)
(RDMA_READ_CONSUME_CHECK_CONSUMER) timestamp=8416 ms, used_size=3803136 bytes (9.3%)
(RDMA_READ_CONSUME_CHECK_CONSUMER) timestamp=8416 ms, used_size=3801088 bytes (9.3%)
(RDMA_READ_CONSUME_CHECK_CONSUMER) timestamp=8416 ms, used_size=3799040 bytes (9.3%)
(RDMA_READ_CONSUME_CHECK_CONSUMER) timestamp=8416 ms, used_size=3796992 bytes (9.3%)
(RDMA_READ_CONSUME_CHECK_CONSUMER) timestamp=8416 ms, used_size=3794944 bytes (9.3%)
(RDMA_READ_CONSUME_CHECK_CONSUMER) timestamp=8416 ms, used_size=3792896 bytes (9.3%)
(RDMA_READ_CONSUME_CHECK_CONSUMER) timestamp=8416 ms, used_size=3790848 bytes (9.3%)
(RDMA_READ_CONSUME_CHECK_CONSUMER) timestamp=8416 ms, used_size=3788800 bytes (9.2%)
(RDMA_READ_CONSUME_CHECK_CONSUMER) timestamp=8416 ms, used_size=3786752 bytes (9.2%)
(RDMA_READ_CONSUME_CHECK_CONSUMER) timestamp=8416 ms, used_size=3784704 bytes (9.2%)
(RDMA_READ_CONSUME_CHECK_CONSUMER) timestamp=8416 ms, used_size=3782656 bytes (9.2%)
(RDMA_READ_CONSUME_CHECK_CONSUMER) timestamp=8416 ms, used_size=3780608 bytes (9.2%)
(RDMA_READ_CONSUME_CHECK_CONSUMER) timestamp=8416 ms, used_size=3778560 bytes (9.2%)
(RDMA_READ_CONSUME_CHECK_CONSUMER) timestamp=8416 ms, used_size=3776512 bytes (9.2%)
(RDMA_READ_CONSUME_CHECK_CONSUMER) timestamp=8416 ms, used_size=3774464 bytes (9.2%)
(RDMA_READ_CONSUME_CHECK_CONSUMER) timestamp=8416 ms, used_size=3772416 bytes (9.2%)
(RDMA_READ_CONSUME_CHECK_CONSUMER) timestamp=8416 ms, used_size=3770368 bytes (9.2%)
(RDMA_READ_CONSUME_CHECK_CONSUMER) timestamp=8416 ms, used_size=3768320 bytes (9.2%)
(RDMA_READ_CONSUME_CHECK_CONSUMER) timestamp=8416 ms, used_size=3766272 bytes (9.2%)
(RDMA_READ_CONSUME_CHECK_CONSUMER) timestamp=8416 ms, used_size=3764224 bytes (9.2%)
(RDMA_READ_CONSUME_CHECK_CONSUMER) timestamp=8416 ms, used_size=3762176 bytes (9.2%)
(RDMA_READ_CONSUME_CHECK_CONSUMER) timestamp=8416 ms, used_size=3760128 bytes (9.2%)
(RDMA_READ_CONSUME_CHECK_CONSUMER) timestamp=8416 ms, used_size=3758080 bytes (9.2%)
(RDMA_READ_CONSUME_CHECK_CONSUMER) timestamp=8416 ms, used_size=3756032 bytes (9.2%)
(RDMA_READ_CONSUME_CHECK_CONSUMER) timestamp=8416 ms, used_size=3753984 bytes (9.2%)
(RDMA_READ_CONSUME_CHECK_CONSUMER) timestamp=8416 ms, used_size=3751936 bytes (9.2%)
(RDMA_READ_CONSUME_CHECK_CONSUMER) timestamp=8416 ms, used_size=3749888 bytes (9.2%)
(RDMA_READ_CONSUME_CHECK_CONSUMER) timestamp=8416 ms, used_size=3747840 bytes (9.2%)
(RDMA_READ_CONSUME_CHECK_CONSUMER) timestamp=8416 ms, used_size=3745792 bytes (9.1%)
(RDMA_READ_CONSUME_CHECK_CONSUMER) timestamp=8416 ms, used_size=3743744 bytes (9.1%)
(RDMA_READ_CONSUME_CHECK_CONSUMER) timestamp=8416 ms, used_size=3741696 bytes (9.1%)
(RDMA_READ_CONSUME_CHECK_CONSUMER) timestamp=8416 ms, used_size=3739648 bytes (9.1%)
(RDMA_READ_CONSUME_CHECK_CONSUMER) timestamp=8416 ms, used_size=3737600 bytes (9.1%)
(RDMA_READ_CONSUME_CHECK_CONSUMER) timestamp=8416 ms, used_size=3735552 bytes (9.1%)
(RDMA_READ_CONSUME_CHECK_CONSUMER) timestamp=8416 ms, used_size=3733504 bytes (9.1%)
(RDMA_READ_CONSUME_CHECK_CONSUMER) timestamp=8416 ms, used_size=3731456 bytes (9.1%)
(RDMA_READ_CONSUME_CHECK_CONSUMER) timestamp=8416 ms, used_size=3729408 bytes (9.1%)
(RDMA_READ_CONSUME_CHECK_CONSUMER) timestamp=8416 ms, used_size=3727360 bytes (9.1%)
(RDMA_READ_CONSUME_CHECK_CONSUMER) timestamp=8416 ms, used_size=3725312 bytes (9.1%)
(RDMA_READ_CONSUME_CHECK_CONSUMER) timestamp=8416 ms, used_size=3723264 bytes (9.1%)
(RDMA_READ_CONSUME_CHECK_CONSUMER) timestamp=8416 ms, used_size=3721216 bytes (9.1%)
(RDMA_READ_CONSUME_CHECK_CONSUMER) timestamp=8416 ms, used_size=3719168 bytes (9.1%)
(RDMA_READ_CONSUME_CHECK_CONSUMER) timestamp=8416 ms, used_size=3717120 bytes (9.1%)
(RDMA_READ_CONSUME_CHECK_CONSUMER) timestamp=8416 ms, used_size=3715072 bytes (9.1%)
(RDMA_READ_CONSUME_CHECK_CONSUMER) timestamp=8416 ms, used_size=3713024 bytes (9.1%)
(RDMA_READ_CONSUME_CHECK_CONSUMER) timestamp=8416 ms, used_size=3710976 bytes (9.1%)
(RDMA_READ_CONSUME_CHECK_CONSUMER) timestamp=8416 ms, used_size=3708928 bytes (9.1%)
(RDMA_READ_CONSUME_CHECK_CONSUMER) timestamp=8416 ms, used_size=3706880 bytes (9.1%)
(RDMA_READ_CONSUME_CHECK_CONSUMER) timestamp=8416 ms, used_size=3704832 bytes (9.0%)
(RDMA_READ_CONSUME_CHECK_CONSUMER) timestamp=8416 ms, used_size=3702784 bytes (9.0%)
(RDMA_READ_CONSUME_CHECK_CONSUMER) timestamp=8416 ms, used_size=3700736 bytes (9.0%)
(RDMA_READ_CONSUME_CHECK_CONSUMER) timestamp=8416 ms, used_size=3698688 bytes (9.0%)
(RDMA_READ_CONSUME_CHECK_CONSUMER) timestamp=8416 ms, used_size=3696640 bytes (9.0%)
(RDMA_READ_CONSUME_CHECK_CONSUMER) timestamp=8416 ms, used_size=3694592 bytes (9.0%)
(RDMA_READ_CONSUME_CHECK_CONSUMER) timestamp=8416 ms, used_size=3692544 bytes (9.0%)
(RDMA_READ_CONSUME_CHECK_CONSUMER) timestamp=8416 ms, used_size=3690496 bytes (9.0%)
(RDMA_READ_CONSUME_CHECK_CONSUMER) timestamp=8416 ms, used_size=3688448 bytes (9.0%)
(RDMA_READ_CONSUME_CHECK_CONSUMER) timestamp=8416 ms, used_size=3686400 bytes (9.0%)
(RDMA_READ_CONSUME_CHECK_CONSUMER) timestamp=8416 ms, used_size=3684352 bytes (9.0%)
(RDMA_READ_CONSUME_CHECK_CONSUMER) timestamp=8416 ms, used_size=3682304 bytes (9.0%)
(RDMA_READ_CONSUME_CHECK_CONSUMER) timestamp=8416 ms, used_size=3680256 bytes (9.0%)
(RDMA_READ_CONSUME_CHECK_CONSUMER) timestamp=8416 ms, used_size=3678208 bytes (9.0%)
(RDMA_READ_CONSUME_CHECK_CONSUMER) timestamp=8416 ms, used_size=3676160 bytes (9.0%)
(RDMA_READ_CONSUME_CHECK_CONSUMER) timestamp=8416 ms, used_size=3674112 bytes (9.0%)
(RDMA_READ_CONSUME_CHECK_CONSUMER) timestamp=8416 ms, used_size=3672064 bytes (9.0%)
(RDMA_READ_CONSUME_CHECK_CONSUMER) timestamp=8416 ms, used_size=3670016 bytes (9.0%)
(RDMA_READ_CONSUME_CHECK_CONSUMER) timestamp=8417 ms, used_size=3667968 bytes (9.0%)
(RDMA_READ_CONSUME_CHECK_CONSUMER) timestamp=8417 ms, used_size=3665920 bytes (8.9%)
(RDMA_READ_CONSUME_CHECK_CONSUMER) timestamp=8417 ms, used_size=3663872 bytes (8.9%)
(RDMA_READ_CONSUME_CHECK_CONSUMER) timestamp=8417 ms, used_size=3661824 bytes (8.9%)
(RDMA_READ_CONSUME_CHECK_CONSUMER) timestamp=8417 ms, used_size=3659776 bytes (8.9%)
(RDMA_READ_CONSUME_CHECK_CONSUMER) timestamp=8417 ms, used_size=3657728 bytes (8.9%)
(RDMA_READ_CONSUME_CHECK_CONSUMER) timestamp=8417 ms, used_size=3655680 bytes (8.9%)
(RDMA_READ_CONSUME_CHECK_CONSUMER) timestamp=8417 ms, used_size=3653632 bytes (8.9%)
(RDMA_READ_CONSUME_CHECK_CONSUMER) timestamp=8417 ms, used_size=3651584 bytes (8.9%)
(RDMA_READ_CONSUME_CHECK_CONSUMER) timestamp=8417 ms, used_size=3649536 bytes (8.9%)
(RDMA_READ_CONSUME_CHECK_CONSUMER) timestamp=8417 ms, used_size=3647488 bytes (8.9%)
(RDMA_READ_CONSUME_CHECK_CONSUMER) timestamp=8417 ms, used_size=3645440 bytes (8.9%)
(RDMA_READ_CONSUME_CHECK_CONSUMER) timestamp=8417 ms, used_size=3643392 bytes (8.9%)
(RDMA_READ_CONSUME_CHECK_CONSUMER) timestamp=8417 ms, used_size=3641344 bytes (8.9%)
(RDMA_READ_CONSUME_CHECK_CONSUMER) timestamp=8417 ms, used_size=3639296 bytes (8.9%)
(RDMA_READ_CONSUME_CHECK_CONSUMER) timestamp=8417 ms, used_size=3637248 bytes (8.9%)
(RDMA_READ_CONSUME_CHECK_CONSUMER) timestamp=8417 ms, used_size=3635200 bytes (8.9%)
(RDMA_READ_CONSUME_CHECK_CONSUMER) timestamp=8417 ms, used_size=3633152 bytes (8.9%)
(RDMA_READ_CONSUME_CHECK_CONSUMER) timestamp=8417 ms, used_size=3631104 bytes (8.9%)
(RDMA_READ_CONSUME_CHECK_CONSUMER) timestamp=8417 ms, used_size=3629056 bytes (8.9%)
(RDMA_READ_CONSUME_CHECK_CONSUMER) timestamp=8417 ms, used_size=3627008 bytes (8.9%)
(RDMA_READ_CONSUME_CHECK_CONSUMER) timestamp=8417 ms, used_size=3624960 bytes (8.8%)
(RDMA_READ_CONSUME_CHECK_CONSUMER) timestamp=8417 ms, used_size=3622912 bytes (8.8%)
(RDMA_READ_CONSUME_CHECK_CONSUMER) timestamp=8417 ms, used_size=3620864 bytes (8.8%)
(RDMA_READ_CONSUME_CHECK_CONSUMER) timestamp=8417 ms, used_size=3618816 bytes (8.8%)
(RDMA_READ_CONSUME_CHECK_CONSUMER) timestamp=8417 ms, used_size=3616768 bytes (8.8%)
(RDMA_READ_CONSUME_CHECK_CONSUMER) timestamp=8417 ms, used_size=3614720 bytes (8.8%)
(RDMA_READ_CONSUME_CHECK_CONSUMER) timestamp=8417 ms, used_size=3612672 bytes (8.8%)
(RDMA_READ_CONSUME_CHECK_CONSUMER) timestamp=8417 ms, used_size=3610624 bytes (8.8%)
(RDMA_READ_CONSUME_CHECK_CONSUMER) timestamp=8417 ms, used_size=3608576 bytes (8.8%)
(RDMA_READ_CONSUME_CHECK_CONSUMER) timestamp=8417 ms, used_size=3606528 bytes (8.8%)
(RDMA_READ_CONSUME_CHECK_CONSUMER) timestamp=8417 ms, used_size=3604480 bytes (8.8%)
(RDMA_READ_CONSUME_CHECK_CONSUMER) timestamp=8417 ms, used_size=3602432 bytes (8.8%)
(RDMA_READ_CONSUME_CHECK_CONSUMER) timestamp=8417 ms, used_size=3600384 bytes (8.8%)
(RDMA_READ_CONSUME_CHECK_CONSUMER) timestamp=8417 ms, used_size=3598336 bytes (8.8%)
(RDMA_READ_CONSUME_CHECK_CONSUMER) timestamp=8417 ms, used_size=3596288 bytes (8.8%)
(RDMA_READ_CONSUME_CHECK_CONSUMER) timestamp=8417 ms, used_size=3594240 bytes (8.8%)
(RDMA_READ_CONSUME_CHECK_CONSUMER) timestamp=8417 ms, used_size=3592192 bytes (8.8%)
(RDMA_READ_CONSUME_CHECK_CONSUMER) timestamp=8417 ms, used_size=3590144 bytes (8.8%)
(RDMA_READ_CONSUME_CHECK_CONSUMER) timestamp=8417 ms, used_size=3588096 bytes (8.8%)
(RDMA_READ_CONSUME_CHECK_CONSUMER) timestamp=8417 ms, used_size=3586048 bytes (8.8%)
(RDMA_READ_CONSUME_CHECK_CONSUMER) timestamp=8417 ms, used_size=3584000 bytes (8.8%)
(RDMA_READ_CONSUME_CHECK_CONSUMER) timestamp=8417 ms, used_size=3581952 bytes (8.7%)
(RDMA_READ_CONSUME_CHECK_CONSUMER) timestamp=8417 ms, used_size=3579904 bytes (8.7%)
(RDMA_READ_CONSUME_CHECK_CONSUMER) timestamp=8417 ms, used_size=3577856 bytes (8.7%)
(RDMA_READ_CONSUME_CHECK_CONSUMER) timestamp=8417 ms, used_size=3575808 bytes (8.7%)
(RDMA_READ_CONSUME_CHECK_CONSUMER) timestamp=8417 ms, used_size=3573760 bytes (8.7%)
(RDMA_READ_CONSUME_CHECK_CONSUMER) timestamp=8417 ms, used_size=3571712 bytes (8.7%)
(RDMA_READ_CONSUME_CHECK_CONSUMER) timestamp=8417 ms, used_size=3569664 bytes (8.7%)
(RDMA_READ_CONSUME_CHECK_CONSUMER) timestamp=8417 ms, used_size=3567616 bytes (8.7%)
(RDMA_READ_CONSUME_CHECK_CONSUMER) timestamp=8417 ms, used_size=3565568 bytes (8.7%)
(RDMA_READ_CONSUME_CHECK_CONSUMER) timestamp=8417 ms, used_size=3563520 bytes (8.7%)
(RDMA_READ_CONSUME_CHECK_CONSUMER) timestamp=8417 ms, used_size=3561472 bytes (8.7%)
(RDMA_READ_CONSUME_CHECK_CONSUMER) timestamp=8417 ms, used_size=3559424 bytes (8.7%)
(RDMA_READ_CONSUME_CHECK_CONSUMER) timestamp=8417 ms, used_size=3557376 bytes (8.7%)
(RDMA_READ_CONSUME_CHECK_CONSUMER) timestamp=8417 ms, used_size=3555328 bytes (8.7%)
(RDMA_READ_CONSUME_CHECK_CONSUMER) timestamp=8417 ms, used_size=3553280 bytes (8.7%)
(RDMA_READ_CONSUME_CHECK_CONSUMER) timestamp=8417 ms, used_size=3551232 bytes (8.7%)
(RDMA_READ_CONSUME_CHECK_CONSUMER) timestamp=8417 ms, used_size=3549184 bytes (8.7%)
(RDMA_READ_CONSUME_CHECK_CONSUMER) timestamp=8417 ms, used_size=3547136 bytes (8.7%)
(RDMA_READ_CONSUME_CHECK_CONSUMER) timestamp=8417 ms, used_size=3545088 bytes (8.7%)
(RDMA_READ_CONSUME_CHECK_CONSUMER) timestamp=8417 ms, used_size=3543040 bytes (8.7%)
(RDMA_READ_CONSUME_CHECK_CONSUMER) timestamp=8417 ms, used_size=3540992 bytes (8.6%)
(RDMA_READ_CONSUME_CHECK_CONSUMER) timestamp=8417 ms, used_size=3538944 bytes (8.6%)
(RDMA_READ_CONSUME_CHECK_CONSUMER) timestamp=8417 ms, used_size=3536896 bytes (8.6%)
(RDMA_READ_CONSUME_CHECK_CONSUMER) timestamp=8417 ms, used_size=3534848 bytes (8.6%)
(RDMA_READ_CONSUME_CHECK_CONSUMER) timestamp=8417 ms, used_size=3532800 bytes (8.6%)
(RDMA_READ_CONSUME_CHECK_CONSUMER) timestamp=8417 ms, used_size=3530752 bytes (8.6%)
(RDMA_READ_CONSUME_CHECK_CONSUMER) timestamp=8417 ms, used_size=3528704 bytes (8.6%)
(RDMA_READ_CONSUME_CHECK_CONSUMER) timestamp=8417 ms, used_size=3526656 bytes (8.6%)
(RDMA_READ_CONSUME_CHECK_CONSUMER) timestamp=8417 ms, used_size=3524608 bytes (8.6%)
(RDMA_READ_CONSUME_CHECK_CONSUMER) timestamp=8417 ms, used_size=3522560 bytes (8.6%)
(RDMA_READ_CONSUME_CHECK_CONSUMER) timestamp=8417 ms, used_size=3520512 bytes (8.6%)
(RDMA_READ_CONSUME_CHECK_CONSUMER) timestamp=8417 ms, used_size=3518464 bytes (8.6%)
(RDMA_READ_CONSUME_CHECK_CONSUMER) timestamp=8417 ms, used_size=3516416 bytes (8.6%)
(RDMA_READ_CONSUME_CHECK_CONSUMER) timestamp=8417 ms, used_size=3514368 bytes (8.6%)
(RDMA_READ_CONSUME_CHECK_CONSUMER) timestamp=8417 ms, used_size=3512320 bytes (8.6%)
(RDMA_READ_CONSUME_CHECK_CONSUMER) timestamp=8417 ms, used_size=3510272 bytes (8.6%)
(RDMA_READ_CONSUME_CHECK_CONSUMER) timestamp=8417 ms, used_size=3508224 bytes (8.6%)
(RDMA_READ_CONSUME_CHECK_CONSUMER) timestamp=8417 ms, used_size=3506176 bytes (8.6%)
(RDMA_READ_CONSUME_CHECK_CONSUMER) timestamp=8417 ms, used_size=3504128 bytes (8.6%)
(RDMA_READ_CONSUME_CHECK_CONSUMER) timestamp=8417 ms, used_size=3502080 bytes (8.6%)
(RDMA_READ_CONSUME_CHECK_CONSUMER) timestamp=8417 ms, used_size=3500032 bytes (8.5%)
(RDMA_READ_CONSUME_CHECK_CONSUMER) timestamp=8417 ms, used_size=3497984 bytes (8.5%)
(RDMA_READ_CONSUME_CHECK_CONSUMER) timestamp=8417 ms, used_size=3495936 bytes (8.5%)
(RDMA_READ_CONSUME_CHECK_CONSUMER) timestamp=8417 ms, used_size=3493888 bytes (8.5%)
(RDMA_READ_CONSUME_CHECK_CONSUMER) timestamp=8417 ms, used_size=3491840 bytes (8.5%)
(RDMA_READ_CONSUME_CHECK_CONSUMER) timestamp=8417 ms, used_size=3489792 bytes (8.5%)
(RDMA_READ_CONSUME_CHECK_CONSUMER) timestamp=8417 ms, used_size=3487744 bytes (8.5%)
(RDMA_READ_CONSUME_CHECK_CONSUMER) timestamp=8417 ms, used_size=3485696 bytes (8.5%)
(RDMA_READ_CONSUME_CHECK_CONSUMER) timestamp=8417 ms, used_size=3483648 bytes (8.5%)
(RDMA_READ_CONSUME_CHECK_CONSUMER) timestamp=8417 ms, used_size=3481600 bytes (8.5%)
(RDMA_READ_CONSUME_CHECK_CONSUMER) timestamp=8417 ms, used_size=3479552 bytes (8.5%)
(RDMA_READ_CONSUME_CHECK_CONSUMER) timestamp=8417 ms, used_size=3477504 bytes (8.5%)
(RDMA_READ_CONSUME_CHECK_CONSUMER) timestamp=8417 ms, used_size=3475456 bytes (8.5%)
(RDMA_READ_CONSUME_CHECK_CONSUMER) timestamp=8417 ms, used_size=3473408 bytes (8.5%)
(RDMA_READ_CONSUME_CHECK_CONSUMER) timestamp=8417 ms, used_size=3471360 bytes (8.5%)
(RDMA_READ_CONSUME_CHECK_CONSUMER) timestamp=8417 ms, used_size=3469312 bytes (8.5%)
(RDMA_READ_CONSUME_CHECK_CONSUMER) timestamp=8417 ms, used_size=3467264 bytes (8.5%)
(RDMA_READ_CONSUME_CHECK_CONSUMER) timestamp=8417 ms, used_size=3465216 bytes (8.5%)
(RDMA_READ_CONSUME_CHECK_CONSUMER) timestamp=8417 ms, used_size=3463168 bytes (8.5%)
(RDMA_READ_CONSUME_CHECK_CONSUMER) timestamp=8417 ms, used_size=3461120 bytes (8.4%)
(RDMA_READ_CONSUME_CHECK_CONSUMER) timestamp=8417 ms, used_size=3459072 bytes (8.4%)
(RDMA_READ_CONSUME_CHECK_CONSUMER) timestamp=8417 ms, used_size=3457024 bytes (8.4%)
(RDMA_READ_CONSUME_CHECK_CONSUMER) timestamp=8417 ms, used_size=3454976 bytes (8.4%)
(RDMA_READ_CONSUME_CHECK_CONSUMER) timestamp=8417 ms, used_size=3452928 bytes (8.4%)
(RDMA_READ_CONSUME_CHECK_CONSUMER) timestamp=8417 ms, used_size=3450880 bytes (8.4%)
(RDMA_READ_CONSUME_CHECK_CONSUMER) timestamp=8417 ms, used_size=3448832 bytes (8.4%)
(RDMA_READ_CONSUME_CHECK_CONSUMER) timestamp=8417 ms, used_size=3446784 bytes (8.4%)
(RDMA_READ_CONSUME_CHECK_CONSUMER) timestamp=8417 ms, used_size=3444736 bytes (8.4%)
(RDMA_READ_CONSUME_CHECK_CONSUMER) timestamp=8417 ms, used_size=3442688 bytes (8.4%)
(RDMA_READ_CONSUME_CHECK_CONSUMER) timestamp=8417 ms, used_size=3440640 bytes (8.4%)
(RDMA_READ_CONSUME_CHECK_CONSUMER) timestamp=8417 ms, used_size=3438592 bytes (8.4%)
(RDMA_READ_CONSUME_CHECK_CONSUMER) timestamp=8417 ms, used_size=3436544 bytes (8.4%)
(RDMA_READ_CONSUME_CHECK_CONSUMER) timestamp=8417 ms, used_size=3434496 bytes (8.4%)
(RDMA_READ_CONSUME_CHECK_CONSUMER) timestamp=8417 ms, used_size=3432448 bytes (8.4%)
(RDMA_READ_CONSUME_CHECK_CONSUMER) timestamp=8417 ms, used_size=3430400 bytes (8.4%)
(RDMA_READ_CONSUME_CHECK_CONSUMER) timestamp=8417 ms, used_size=3428352 bytes (8.4%)
(RDMA_READ_CONSUME_CHECK_CONSUMER) timestamp=8417 ms, used_size=3426304 bytes (8.4%)
(RDMA_READ_CONSUME_CHECK_CONSUMER) timestamp=8417 ms, used_size=3424256 bytes (8.4%)
(RDMA_READ_CONSUME_CHECK_CONSUMER) timestamp=8417 ms, used_size=3422208 bytes (8.4%)
(RDMA_READ_CONSUME_CHECK_CONSUMER) timestamp=8417 ms, used_size=3420160 bytes (8.3%)
(RDMA_READ_CONSUME_CHECK_CONSUMER) timestamp=8417 ms, used_size=3418112 bytes (8.3%)
(RDMA_READ_CONSUME_CHECK_CONSUMER) timestamp=8417 ms, used_size=3416064 bytes (8.3%)
(RDMA_READ_CONSUME_CHECK_CONSUMER) timestamp=8417 ms, used_size=3414016 bytes (8.3%)
(RDMA_READ_CONSUME_CHECK_CONSUMER) timestamp=8417 ms, used_size=3411968 bytes (8.3%)
(RDMA_READ_CONSUME_CHECK_CONSUMER) timestamp=8417 ms, used_size=3409920 bytes (8.3%)
(RDMA_READ_CONSUME_CHECK_CONSUMER) timestamp=8417 ms, used_size=3407872 bytes (8.3%)
(RDMA_READ_CONSUME_CHECK_CONSUMER) timestamp=8417 ms, used_size=3405824 bytes (8.3%)
(RDMA_READ_CONSUME_CHECK_CONSUMER) timestamp=8417 ms, used_size=3403776 bytes (8.3%)
(RDMA_READ_CONSUME_CHECK_CONSUMER) timestamp=8417 ms, used_size=3401728 bytes (8.3%)
(RDMA_READ_CONSUME_CHECK_CONSUMER) timestamp=8417 ms, used_size=3399680 bytes (8.3%)
(RDMA_READ_CONSUME_CHECK_CONSUMER) timestamp=8417 ms, used_size=3397632 bytes (8.3%)
(RDMA_READ_CONSUME_CHECK_CONSUMER) timestamp=8417 ms, used_size=3395584 bytes (8.3%)
(RDMA_READ_CONSUME_CHECK_CONSUMER) timestamp=8417 ms, used_size=3393536 bytes (8.3%)
(RDMA_READ_CONSUME_CHECK_CONSUMER) timestamp=8417 ms, used_size=3391488 bytes (8.3%)
(RDMA_READ_CONSUME_CHECK_CONSUMER) timestamp=8417 ms, used_size=3389440 bytes (8.3%)
(RDMA_READ_CONSUME_CHECK_CONSUMER) timestamp=8417 ms, used_size=3387392 bytes (8.3%)
(RDMA_READ_CONSUME_CHECK_CONSUMER) timestamp=8417 ms, used_size=3385344 bytes (8.3%)
(RDMA_READ_CONSUME_CHECK_CONSUMER) timestamp=8417 ms, used_size=3383296 bytes (8.3%)
(RDMA_READ_CONSUME_CHECK_CONSUMER) timestamp=8417 ms, used_size=3381248 bytes (8.3%)
(RDMA_READ_CONSUME_CHECK_CONSUMER) timestamp=8417 ms, used_size=3379200 bytes (8.2%)
(RDMA_READ_CONSUME_CHECK_CONSUMER) timestamp=8417 ms, used_size=3377152 bytes (8.2%)
(RDMA_READ_CONSUME_CHECK_CONSUMER) timestamp=8417 ms, used_size=3375104 bytes (8.2%)
(RDMA_READ_CONSUME_CHECK_CONSUMER) timestamp=8417 ms, used_size=3373056 bytes (8.2%)
(RDMA_READ_CONSUME_CHECK_CONSUMER) timestamp=8417 ms, used_size=3371008 bytes (8.2%)
(RDMA_READ_CONSUME_CHECK_CONSUMER) timestamp=8417 ms, used_size=3368960 bytes (8.2%)
(RDMA_READ_CONSUME_CHECK_CONSUMER) timestamp=8417 ms, used_size=3366912 bytes (8.2%)
(RDMA_READ_CONSUME_CHECK_CONSUMER) timestamp=8417 ms, used_size=3364864 bytes (8.2%)
(RDMA_READ_CONSUME_CHECK_CONSUMER) timestamp=8417 ms, used_size=3362816 bytes (8.2%)
(RDMA_READ_CONSUME_CHECK_CONSUMER) timestamp=8417 ms, used_size=3360768 bytes (8.2%)
(RDMA_READ_CONSUME_CHECK_CONSUMER) timestamp=8417 ms, used_size=3358720 bytes (8.2%)
(RDMA_READ_CONSUME_CHECK_CONSUMER) timestamp=8417 ms, used_size=3356672 bytes (8.2%)
(RDMA_READ_CONSUME_CHECK_CONSUMER) timestamp=8417 ms, used_size=3354624 bytes (8.2%)
(RDMA_READ_CONSUME_CHECK_CONSUMER) timestamp=8417 ms, used_size=3352576 bytes (8.2%)
(RDMA_READ_CONSUME_CHECK_CONSUMER) timestamp=8417 ms, used_size=3350528 bytes (8.2%)
(RDMA_READ_CONSUME_CHECK_CONSUMER) timestamp=8417 ms, used_size=3348480 bytes (8.2%)
(RDMA_READ_CONSUME_CHECK_CONSUMER) timestamp=8417 ms, used_size=3346432 bytes (8.2%)
(RDMA_READ_CONSUME_CHECK_CONSUMER) timestamp=8417 ms, used_size=3344384 bytes (8.2%)
(RDMA_READ_CONSUME_CHECK_CONSUMER) timestamp=8417 ms, used_size=3342336 bytes (8.2%)
(RDMA_READ_CONSUME_CHECK_CONSUMER) timestamp=8417 ms, used_size=3340288 bytes (8.2%)
(RDMA_READ_CONSUME_CHECK_CONSUMER) timestamp=8417 ms, used_size=3338240 bytes (8.2%)
(RDMA_READ_CONSUME_CHECK_CONSUMER) timestamp=8417 ms, used_size=3336192 bytes (8.1%)
(RDMA_READ_CONSUME_CHECK_CONSUMER) timestamp=8417 ms, used_size=3334144 bytes (8.1%)
(RDMA_READ_CONSUME_CHECK_CONSUMER) timestamp=8417 ms, used_size=3332096 bytes (8.1%)
(RDMA_READ_CONSUME_CHECK_CONSUMER) timestamp=8417 ms, used_size=3330048 bytes (8.1%)
(RDMA_READ_CONSUME_CHECK_CONSUMER) timestamp=8417 ms, used_size=3328000 bytes (8.1%)
(RDMA_READ_CONSUME_CHECK_CONSUMER) timestamp=8417 ms, used_size=3325952 bytes (8.1%)
(RDMA_READ_CONSUME_CHECK_CONSUMER) timestamp=8417 ms, used_size=3323904 bytes (8.1%)
(RDMA_READ_CONSUME_CHECK_CONSUMER) timestamp=8417 ms, used_size=3321856 bytes (8.1%)
(RDMA_READ_CONSUME_CHECK_CONSUMER) timestamp=8417 ms, used_size=3319808 bytes (8.1%)
(RDMA_READ_CONSUME_CHECK_CONSUMER) timestamp=8417 ms, used_size=3317760 bytes (8.1%)
(RDMA_READ_CONSUME_CHECK_CONSUMER) timestamp=8418 ms, used_size=3315712 bytes (8.1%)
(RDMA_READ_CONSUME_CHECK_CONSUMER) timestamp=8418 ms, used_size=3313664 bytes (8.1%)
(RDMA_READ_CONSUME_CHECK_CONSUMER) timestamp=8418 ms, used_size=3311616 bytes (8.1%)
(RDMA_READ_CONSUME_CHECK_CONSUMER) timestamp=8418 ms, used_size=3309568 bytes (8.1%)
(RDMA_READ_CONSUME_CHECK_CONSUMER) timestamp=8418 ms, used_size=3307520 bytes (8.1%)
(RDMA_READ_CONSUME_CHECK_CONSUMER) timestamp=8418 ms, used_size=3305472 bytes (8.1%)
(RDMA_READ_CONSUME_CHECK_CONSUMER) timestamp=8418 ms, used_size=3303424 bytes (8.1%)
(RDMA_READ_CONSUME_CHECK_CONSUMER) timestamp=8418 ms, used_size=3301376 bytes (8.1%)
(RDMA_READ_CONSUME_CHECK_CONSUMER) timestamp=8418 ms, used_size=3299328 bytes (8.1%)
(RDMA_READ_CONSUME_CHECK_CONSUMER) timestamp=8418 ms, used_size=3297280 bytes (8.1%)
(RDMA_READ_CONSUME_CHECK_CONSUMER) timestamp=8418 ms, used_size=3295232 bytes (8.0%)
(RDMA_READ_CONSUME_CHECK_CONSUMER) timestamp=8418 ms, used_size=3293184 bytes (8.0%)
(RDMA_READ_CONSUME_CHECK_CONSUMER) timestamp=8418 ms, used_size=3291136 bytes (8.0%)
(RDMA_READ_CONSUME_CHECK_CONSUMER) timestamp=8418 ms, used_size=3289088 bytes (8.0%)
(RDMA_READ_CONSUME_CHECK_CONSUMER) timestamp=8418 ms, used_size=3287040 bytes (8.0%)
(RDMA_READ_CONSUME_CHECK_CONSUMER) timestamp=8418 ms, used_size=3284992 bytes (8.0%)
(RDMA_READ_CONSUME_CHECK_CONSUMER) timestamp=8418 ms, used_size=3282944 bytes (8.0%)
(RDMA_READ_CONSUME_CHECK_CONSUMER) timestamp=8418 ms, used_size=3280896 bytes (8.0%)
(RDMA_READ_CONSUME_CHECK_CONSUMER) timestamp=8418 ms, used_size=3278848 bytes (8.0%)
(RDMA_READ_CONSUME_CHECK_CONSUMER) timestamp=8418 ms, used_size=3276800 bytes (8.0%)
(RDMA_READ_CONSUME_CHECK_CONSUMER) timestamp=8418 ms, used_size=3274752 bytes (8.0%)
(RDMA_READ_CONSUME_CHECK_CONSUMER) timestamp=8418 ms, used_size=3272704 bytes (8.0%)
(RDMA_READ_CONSUME_CHECK_CONSUMER) timestamp=8418 ms, used_size=3270656 bytes (8.0%)
(RDMA_READ_CONSUME_CHECK_CONSUMER) timestamp=8418 ms, used_size=3268608 bytes (8.0%)
(RDMA_READ_CONSUME_CHECK_CONSUMER) timestamp=8418 ms, used_size=3266560 bytes (8.0%)
(RDMA_READ_CONSUME_CHECK_CONSUMER) timestamp=8418 ms, used_size=3264512 bytes (8.0%)
(RDMA_READ_CONSUME_CHECK_CONSUMER) timestamp=8418 ms, used_size=3262464 bytes (8.0%)
(RDMA_READ_CONSUME_CHECK_CONSUMER) timestamp=8418 ms, used_size=3260416 bytes (8.0%)
(RDMA_READ_CONSUME_CHECK_CONSUMER) timestamp=8418 ms, used_size=3258368 bytes (8.0%)
(RDMA_READ_CONSUME_CHECK_CONSUMER) timestamp=8418 ms, used_size=3256320 bytes (8.0%)
(RDMA_READ_CONSUME_CHECK_CONSUMER) timestamp=8418 ms, used_size=3254272 bytes (7.9%)
(RDMA_READ_CONSUME_CHECK_CONSUMER) timestamp=8418 ms, used_size=3252224 bytes (7.9%)
(RDMA_READ_CONSUME_CHECK_CONSUMER) timestamp=8418 ms, used_size=3250176 bytes (7.9%)
(RDMA_READ_CONSUME_CHECK_CONSUMER) timestamp=8418 ms, used_size=3248128 bytes (7.9%)
(RDMA_READ_CONSUME_CHECK_CONSUMER) timestamp=8418 ms, used_size=3246080 bytes (7.9%)
(RDMA_READ_CONSUME_CHECK_CONSUMER) timestamp=8418 ms, used_size=3244032 bytes (7.9%)
(RDMA_READ_CONSUME_CHECK_CONSUMER) timestamp=8418 ms, used_size=3241984 bytes (7.9%)
(RDMA_READ_CONSUME_CHECK_CONSUMER) timestamp=8418 ms, used_size=3239936 bytes (7.9%)
(RDMA_READ_CONSUME_CHECK_CONSUMER) timestamp=8418 ms, used_size=3237888 bytes (7.9%)
(RDMA_READ_CONSUME_CHECK_CONSUMER) timestamp=8418 ms, used_size=3235840 bytes (7.9%)
(RDMA_READ_CONSUME_CHECK_CONSUMER) timestamp=8418 ms, used_size=3233792 bytes (7.9%)
(RDMA_READ_CONSUME_CHECK_CONSUMER) timestamp=8418 ms, used_size=3231744 bytes (7.9%)
(RDMA_READ_CONSUME_CHECK_CONSUMER) timestamp=8418 ms, used_size=3229696 bytes (7.9%)
(RDMA_READ_CONSUME_CHECK_CONSUMER) timestamp=8418 ms, used_size=3227648 bytes (7.9%)
(RDMA_READ_CONSUME_CHECK_CONSUMER) timestamp=8418 ms, used_size=3225600 bytes (7.9%)
(RDMA_READ_CONSUME_CHECK_CONSUMER) timestamp=8418 ms, used_size=3223552 bytes (7.9%)
(RDMA_READ_CONSUME_CHECK_CONSUMER) timestamp=8418 ms, used_size=3221504 bytes (7.9%)
(RDMA_READ_CONSUME_CHECK_CONSUMER) timestamp=8418 ms, used_size=3219456 bytes (7.9%)
(RDMA_READ_CONSUME_CHECK_CONSUMER) timestamp=8418 ms, used_size=3217408 bytes (7.9%)
(RDMA_READ_CONSUME_CHECK_CONSUMER) timestamp=8418 ms, used_size=3215360 bytes (7.8%)
(RDMA_READ_CONSUME_CHECK_CONSUMER) timestamp=8418 ms, used_size=3213312 bytes (7.8%)
(RDMA_READ_CONSUME_CHECK_CONSUMER) timestamp=8418 ms, used_size=3211264 bytes (7.8%)
(RDMA_READ_CONSUME_CHECK_CONSUMER) timestamp=8418 ms, used_size=3209216 bytes (7.8%)
(RDMA_READ_CONSUME_CHECK_CONSUMER) timestamp=8418 ms, used_size=3207168 bytes (7.8%)
(RDMA_READ_CONSUME_CHECK_CONSUMER) timestamp=8418 ms, used_size=3205120 bytes (7.8%)
(RDMA_READ_CONSUME_CHECK_CONSUMER) timestamp=8418 ms, used_size=3203072 bytes (7.8%)
(RDMA_READ_CONSUME_CHECK_CONSUMER) timestamp=8418 ms, used_size=3201024 bytes (7.8%)
(RDMA_READ_CONSUME_CHECK_CONSUMER) timestamp=8418 ms, used_size=3198976 bytes (7.8%)
(RDMA_READ_CONSUME_CHECK_CONSUMER) timestamp=8418 ms, used_size=3196928 bytes (7.8%)
(RDMA_READ_CONSUME_CHECK_CONSUMER) timestamp=8418 ms, used_size=3194880 bytes (7.8%)
(RDMA_READ_CONSUME_CHECK_CONSUMER) timestamp=8418 ms, used_size=3192832 bytes (7.8%)
(RDMA_READ_CONSUME_CHECK_CONSUMER) timestamp=8418 ms, used_size=3190784 bytes (7.8%)
(RDMA_READ_CONSUME_CHECK_CONSUMER) timestamp=8418 ms, used_size=3188736 bytes (7.8%)
(RDMA_READ_CONSUME_CHECK_CONSUMER) timestamp=8418 ms, used_size=3186688 bytes (7.8%)
(RDMA_READ_CONSUME_CHECK_CONSUMER) timestamp=8418 ms, used_size=3184640 bytes (7.8%)
(RDMA_READ_CONSUME_CHECK_CONSUMER) timestamp=8418 ms, used_size=3182592 bytes (7.8%)
(RDMA_READ_CONSUME_CHECK_CONSUMER) timestamp=8418 ms, used_size=3180544 bytes (7.8%)
(RDMA_READ_CONSUME_CHECK_CONSUMER) timestamp=8418 ms, used_size=3178496 bytes (7.8%)
(RDMA_READ_CONSUME_CHECK_CONSUMER) timestamp=8418 ms, used_size=3176448 bytes (7.8%)
(RDMA_READ_CONSUME_CHECK_CONSUMER) timestamp=8418 ms, used_size=3174400 bytes (7.8%)
(RDMA_READ_CONSUME_CHECK_CONSUMER) timestamp=8418 ms, used_size=3172352 bytes (7.7%)
(RDMA_READ_CONSUME_CHECK_CONSUMER) timestamp=8418 ms, used_size=3170304 bytes (7.7%)
(RDMA_READ_CONSUME_CHECK_CONSUMER) timestamp=8418 ms, used_size=3168256 bytes (7.7%)
(RDMA_READ_CONSUME_CHECK_CONSUMER) timestamp=8418 ms, used_size=3166208 bytes (7.7%)
(RDMA_READ_CONSUME_CHECK_CONSUMER) timestamp=8418 ms, used_size=3164160 bytes (7.7%)
(RDMA_READ_CONSUME_CHECK_CONSUMER) timestamp=8418 ms, used_size=3162112 bytes (7.7%)
(RDMA_READ_CONSUME_CHECK_CONSUMER) timestamp=8418 ms, used_size=3160064 bytes (7.7%)
(RDMA_READ_CONSUME_CHECK_CONSUMER) timestamp=8418 ms, used_size=3158016 bytes (7.7%)
(RDMA_READ_CONSUME_CHECK_CONSUMER) timestamp=8418 ms, used_size=3155968 bytes (7.7%)
(RDMA_READ_CONSUME_CHECK_CONSUMER) timestamp=8418 ms, used_size=3153920 bytes (7.7%)
(RDMA_READ_CONSUME_CHECK_CONSUMER) timestamp=8418 ms, used_size=3151872 bytes (7.7%)
(RDMA_READ_CONSUME_CHECK_CONSUMER) timestamp=8418 ms, used_size=3149824 bytes (7.7%)
(RDMA_READ_CONSUME_CHECK_CONSUMER) timestamp=8418 ms, used_size=3147776 bytes (7.7%)
(RDMA_READ_CONSUME_CHECK_CONSUMER) timestamp=8418 ms, used_size=3145728 bytes (7.7%)
(RDMA_READ_CONSUME_CHECK_CONSUMER) timestamp=8418 ms, used_size=3143680 bytes (7.7%)
(RDMA_READ_CONSUME_CHECK_CONSUMER) timestamp=8418 ms, used_size=3141632 bytes (7.7%)
(RDMA_READ_CONSUME_CHECK_CONSUMER) timestamp=8418 ms, used_size=3139584 bytes (7.7%)
(RDMA_READ_CONSUME_CHECK_CONSUMER) timestamp=8418 ms, used_size=3137536 bytes (7.7%)
(RDMA_READ_CONSUME_CHECK_CONSUMER) timestamp=8418 ms, used_size=3135488 bytes (7.7%)
(RDMA_READ_CONSUME_CHECK_CONSUMER) timestamp=8418 ms, used_size=3133440 bytes (7.7%)
(RDMA_READ_CONSUME_CHECK_CONSUMER) timestamp=8418 ms, used_size=3131392 bytes (7.6%)
(RDMA_READ_CONSUME_CHECK_CONSUMER) timestamp=8418 ms, used_size=3129344 bytes (7.6%)
(RDMA_READ_CONSUME_CHECK_CONSUMER) timestamp=8418 ms, used_size=3127296 bytes (7.6%)
(RDMA_READ_CONSUME_CHECK_CONSUMER) timestamp=8418 ms, used_size=3125248 bytes (7.6%)
(RDMA_READ_CONSUME_CHECK_CONSUMER) timestamp=8418 ms, used_size=3123200 bytes (7.6%)
(RDMA_READ_CONSUME_CHECK_CONSUMER) timestamp=8418 ms, used_size=3121152 bytes (7.6%)
(RDMA_READ_CONSUME_CHECK_CONSUMER) timestamp=8418 ms, used_size=3119104 bytes (7.6%)
(RDMA_READ_CONSUME_CHECK_CONSUMER) timestamp=8418 ms, used_size=3117056 bytes (7.6%)
(RDMA_READ_CONSUME_CHECK_CONSUMER) timestamp=8418 ms, used_size=3115008 bytes (7.6%)
(RDMA_READ_CONSUME_CHECK_CONSUMER) timestamp=8418 ms, used_size=3112960 bytes (7.6%)
(RDMA_READ_CONSUME_CHECK_CONSUMER) timestamp=8418 ms, used_size=3110912 bytes (7.6%)
(RDMA_READ_CONSUME_CHECK_CONSUMER) timestamp=8418 ms, used_size=3108864 bytes (7.6%)
(RDMA_READ_CONSUME_CHECK_CONSUMER) timestamp=8418 ms, used_size=3106816 bytes (7.6%)
(RDMA_READ_CONSUME_CHECK_CONSUMER) timestamp=8418 ms, used_size=3104768 bytes (7.6%)
(RDMA_READ_CONSUME_CHECK_CONSUMER) timestamp=8418 ms, used_size=3102720 bytes (7.6%)
(RDMA_READ_CONSUME_CHECK_CONSUMER) timestamp=8418 ms, used_size=3100672 bytes (7.6%)
(RDMA_READ_CONSUME_CHECK_CONSUMER) timestamp=8418 ms, used_size=3098624 bytes (7.6%)
(RDMA_READ_CONSUME_CHECK_CONSUMER) timestamp=8418 ms, used_size=3096576 bytes (7.6%)
(RDMA_READ_CONSUME_CHECK_CONSUMER) timestamp=8418 ms, used_size=3094528 bytes (7.6%)
(RDMA_READ_CONSUME_CHECK_CONSUMER) timestamp=8418 ms, used_size=3092480 bytes (7.5%)
(RDMA_READ_CONSUME_CHECK_CONSUMER) timestamp=8418 ms, used_size=3090432 bytes (7.5%)
(RDMA_READ_CONSUME_CHECK_CONSUMER) timestamp=8418 ms, used_size=3088384 bytes (7.5%)
(RDMA_READ_CONSUME_CHECK_CONSUMER) timestamp=8418 ms, used_size=3086336 bytes (7.5%)
(RDMA_READ_CONSUME_CHECK_CONSUMER) timestamp=8418 ms, used_size=3084288 bytes (7.5%)
(RDMA_READ_CONSUME_CHECK_CONSUMER) timestamp=8418 ms, used_size=3082240 bytes (7.5%)
(RDMA_READ_CONSUME_CHECK_CONSUMER) timestamp=8418 ms, used_size=3080192 bytes (7.5%)
(RDMA_READ_CONSUME_CHECK_CONSUMER) timestamp=8418 ms, used_size=3078144 bytes (7.5%)
(RDMA_READ_CONSUME_CHECK_CONSUMER) timestamp=8418 ms, used_size=3076096 bytes (7.5%)
(RDMA_READ_CONSUME_CHECK_CONSUMER) timestamp=8418 ms, used_size=3074048 bytes (7.5%)
(RDMA_READ_CONSUME_CHECK_CONSUMER) timestamp=8418 ms, used_size=3072000 bytes (7.5%)
(RDMA_READ_CONSUME_CHECK_CONSUMER) timestamp=8418 ms, used_size=3069952 bytes (7.5%)
(RDMA_READ_CONSUME_CHECK_CONSUMER) timestamp=8418 ms, used_size=3067904 bytes (7.5%)
(RDMA_READ_CONSUME_CHECK_CONSUMER) timestamp=8418 ms, used_size=3065856 bytes (7.5%)
(RDMA_READ_CONSUME_CHECK_CONSUMER) timestamp=8418 ms, used_size=3063808 bytes (7.5%)
(RDMA_READ_CONSUME_CHECK_CONSUMER) timestamp=8418 ms, used_size=3061760 bytes (7.5%)
(RDMA_READ_CONSUME_CHECK_CONSUMER) timestamp=8418 ms, used_size=3059712 bytes (7.5%)
(RDMA_READ_CONSUME_CHECK_CONSUMER) timestamp=8418 ms, used_size=3057664 bytes (7.5%)
(RDMA_READ_CONSUME_CHECK_CONSUMER) timestamp=8418 ms, used_size=3055616 bytes (7.5%)
(RDMA_READ_CONSUME_CHECK_CONSUMER) timestamp=8418 ms, used_size=3053568 bytes (7.5%)
(RDMA_READ_CONSUME_CHECK_CONSUMER) timestamp=8418 ms, used_size=3051520 bytes (7.5%)
(RDMA_READ_CONSUME_CHECK_CONSUMER) timestamp=8418 ms, used_size=3049472 bytes (7.4%)
(RDMA_READ_CONSUME_CHECK_CONSUMER) timestamp=8418 ms, used_size=3047424 bytes (7.4%)
(RDMA_READ_CONSUME_CHECK_CONSUMER) timestamp=8418 ms, used_size=3045376 bytes (7.4%)
(RDMA_READ_CONSUME_CHECK_CONSUMER) timestamp=8418 ms, used_size=3043328 bytes (7.4%)
(RDMA_READ_CONSUME_CHECK_CONSUMER) timestamp=8418 ms, used_size=3041280 bytes (7.4%)
(RDMA_READ_CONSUME_CHECK_CONSUMER) timestamp=8418 ms, used_size=3039232 bytes (7.4%)
(RDMA_READ_CONSUME_CHECK_CONSUMER) timestamp=8418 ms, used_size=3037184 bytes (7.4%)
(RDMA_READ_CONSUME_CHECK_CONSUMER) timestamp=8418 ms, used_size=3035136 bytes (7.4%)
(RDMA_READ_CONSUME_CHECK_CONSUMER) timestamp=8418 ms, used_size=3033088 bytes (7.4%)
(RDMA_READ_CONSUME_CHECK_CONSUMER) timestamp=8418 ms, used_size=3031040 bytes (7.4%)
(RDMA_READ_CONSUME_CHECK_CONSUMER) timestamp=8418 ms, used_size=3028992 bytes (7.4%)
(RDMA_READ_CONSUME_CHECK_CONSUMER) timestamp=8418 ms, used_size=3026944 bytes (7.4%)
(RDMA_READ_CONSUME_CHECK_CONSUMER) timestamp=8418 ms, used_size=3024896 bytes (7.4%)
(RDMA_READ_CONSUME_CHECK_CONSUMER) timestamp=8418 ms, used_size=3022848 bytes (7.4%)
(RDMA_READ_CONSUME_CHECK_CONSUMER) timestamp=8418 ms, used_size=3020800 bytes (7.4%)
(RDMA_READ_CONSUME_CHECK_CONSUMER) timestamp=8418 ms, used_size=3018752 bytes (7.4%)
(RDMA_READ_CONSUME_CHECK_CONSUMER) timestamp=8418 ms, used_size=3016704 bytes (7.4%)
(RDMA_READ_CONSUME_CHECK_CONSUMER) timestamp=8418 ms, used_size=3014656 bytes (7.4%)
(RDMA_READ_CONSUME_CHECK_CONSUMER) timestamp=8418 ms, used_size=3012608 bytes (7.4%)
(RDMA_READ_CONSUME_CHECK_CONSUMER) timestamp=8418 ms, used_size=3010560 bytes (7.3%)
(RDMA_READ_CONSUME_CHECK_CONSUMER) timestamp=8418 ms, used_size=3008512 bytes (7.3%)
(RDMA_READ_CONSUME_CHECK_CONSUMER) timestamp=8418 ms, used_size=3006464 bytes (7.3%)
(RDMA_READ_CONSUME_CHECK_CONSUMER) timestamp=8418 ms, used_size=3004416 bytes (7.3%)
(RDMA_READ_CONSUME_CHECK_CONSUMER) timestamp=8418 ms, used_size=3002368 bytes (7.3%)
(RDMA_READ_CONSUME_CHECK_CONSUMER) timestamp=8418 ms, used_size=3000320 bytes (7.3%)
(RDMA_READ_CONSUME_CHECK_CONSUMER) timestamp=8418 ms, used_size=2998272 bytes (7.3%)
(RDMA_READ_CONSUME_CHECK_CONSUMER) timestamp=8418 ms, used_size=2996224 bytes (7.3%)
(RDMA_READ_CONSUME_CHECK_CONSUMER) timestamp=8418 ms, used_size=2994176 bytes (7.3%)
(RDMA_READ_CONSUME_CHECK_CONSUMER) timestamp=8418 ms, used_size=2992128 bytes (7.3%)
(RDMA_READ_CONSUME_CHECK_CONSUMER) timestamp=8418 ms, used_size=2990080 bytes (7.3%)
(RDMA_READ_CONSUME_CHECK_CONSUMER) timestamp=8418 ms, used_size=2988032 bytes (7.3%)
(RDMA_READ_CONSUME_CHECK_CONSUMER) timestamp=8418 ms, used_size=2985984 bytes (7.3%)
(RDMA_READ_CONSUME_CHECK_CONSUMER) timestamp=8418 ms, used_size=2983936 bytes (7.3%)
(RDMA_READ_CONSUME_CHECK_CONSUMER) timestamp=8418 ms, used_size=2981888 bytes (7.3%)
(RDMA_READ_CONSUME_CHECK_CONSUMER) timestamp=8418 ms, used_size=2979840 bytes (7.3%)
(RDMA_READ_CONSUME_CHECK_CONSUMER) timestamp=8418 ms, used_size=2977792 bytes (7.3%)
(RDMA_READ_CONSUME_CHECK_CONSUMER) timestamp=8418 ms, used_size=2975744 bytes (7.3%)
(RDMA_READ_CONSUME_CHECK_CONSUMER) timestamp=8418 ms, used_size=2973696 bytes (7.3%)
(RDMA_READ_CONSUME_CHECK_CONSUMER) timestamp=8418 ms, used_size=2971648 bytes (7.3%)
(RDMA_READ_CONSUME_CHECK_CONSUMER) timestamp=8418 ms, used_size=2969600 bytes (7.2%)
(RDMA_READ_CONSUME_CHECK_CONSUMER) timestamp=8418 ms, used_size=2967552 bytes (7.2%)
(RDMA_READ_CONSUME_CHECK_CONSUMER) timestamp=8418 ms, used_size=2965504 bytes (7.2%)
(RDMA_READ_CONSUME_CHECK_CONSUMER) timestamp=8418 ms, used_size=2963456 bytes (7.2%)
(RDMA_READ_CONSUME_CHECK_CONSUMER) timestamp=8418 ms, used_size=2961408 bytes (7.2%)
(RDMA_READ_CONSUME_CHECK_CONSUMER) timestamp=8418 ms, used_size=2959360 bytes (7.2%)
(RDMA_READ_CONSUME_CHECK_CONSUMER) timestamp=8418 ms, used_size=2957312 bytes (7.2%)
(RDMA_READ_CONSUME_CHECK_CONSUMER) timestamp=8419 ms, used_size=2955264 bytes (7.2%)
(RDMA_READ_CONSUME_CHECK_CONSUMER) timestamp=8419 ms, used_size=2953216 bytes (7.2%)
(RDMA_READ_CONSUME_CHECK_CONSUMER) timestamp=8419 ms, used_size=2951168 bytes (7.2%)
(RDMA_READ_CONSUME_CHECK_CONSUMER) timestamp=8419 ms, used_size=2949120 bytes (7.2%)
(RDMA_READ_CONSUME_CHECK_CONSUMER) timestamp=8419 ms, used_size=2947072 bytes (7.2%)
(RDMA_READ_CONSUME_CHECK_CONSUMER) timestamp=8419 ms, used_size=2945024 bytes (7.2%)
(RDMA_READ_CONSUME_CHECK_CONSUMER) timestamp=8419 ms, used_size=2942976 bytes (7.2%)
(RDMA_READ_CONSUME_CHECK_CONSUMER) timestamp=8419 ms, used_size=2940928 bytes (7.2%)
(RDMA_READ_CONSUME_CHECK_CONSUMER) timestamp=8419 ms, used_size=2938880 bytes (7.2%)
(RDMA_READ_CONSUME_CHECK_CONSUMER) timestamp=8419 ms, used_size=2936832 bytes (7.2%)
(RDMA_READ_CONSUME_CHECK_CONSUMER) timestamp=8419 ms, used_size=2934784 bytes (7.2%)
(RDMA_READ_CONSUME_CHECK_CONSUMER) timestamp=8419 ms, used_size=2932736 bytes (7.2%)
(RDMA_READ_CONSUME_CHECK_CONSUMER) timestamp=8419 ms, used_size=2930688 bytes (7.2%)
(RDMA_READ_CONSUME_CHECK_CONSUMER) timestamp=8419 ms, used_size=2928640 bytes (7.2%)
(RDMA_READ_CONSUME_CHECK_CONSUMER) timestamp=8419 ms, used_size=2926592 bytes (7.1%)
(RDMA_READ_CONSUME_CHECK_CONSUMER) timestamp=8419 ms, used_size=2924544 bytes (7.1%)
(RDMA_READ_CONSUME_CHECK_CONSUMER) timestamp=8419 ms, used_size=2922496 bytes (7.1%)
(RDMA_READ_CONSUME_CHECK_CONSUMER) timestamp=8419 ms, used_size=2920448 bytes (7.1%)
(RDMA_READ_CONSUME_CHECK_CONSUMER) timestamp=8419 ms, used_size=2918400 bytes (7.1%)
(RDMA_READ_CONSUME_CHECK_CONSUMER) timestamp=8419 ms, used_size=2916352 bytes (7.1%)
(RDMA_READ_CONSUME_CHECK_CONSUMER) timestamp=8419 ms, used_size=2914304 bytes (7.1%)
(RDMA_READ_CONSUME_CHECK_CONSUMER) timestamp=8419 ms, used_size=2912256 bytes (7.1%)
(RDMA_READ_CONSUME_CHECK_CONSUMER) timestamp=8419 ms, used_size=2910208 bytes (7.1%)
(RDMA_READ_CONSUME_CHECK_CONSUMER) timestamp=8419 ms, used_size=2908160 bytes (7.1%)
(RDMA_READ_CONSUME_CHECK_CONSUMER) timestamp=8419 ms, used_size=2906112 bytes (7.1%)
(RDMA_READ_CONSUME_CHECK_CONSUMER) timestamp=8419 ms, used_size=2904064 bytes (7.1%)
(RDMA_READ_CONSUME_CHECK_CONSUMER) timestamp=8419 ms, used_size=2902016 bytes (7.1%)
(RDMA_READ_CONSUME_CHECK_CONSUMER) timestamp=8419 ms, used_size=2899968 bytes (7.1%)
(RDMA_READ_CONSUME_CHECK_CONSUMER) timestamp=8419 ms, used_size=2897920 bytes (7.1%)
(RDMA_READ_CONSUME_CHECK_CONSUMER) timestamp=8419 ms, used_size=2895872 bytes (7.1%)
(RDMA_READ_CONSUME_CHECK_CONSUMER) timestamp=8419 ms, used_size=2893824 bytes (7.1%)
(RDMA_READ_CONSUME_CHECK_CONSUMER) timestamp=8419 ms, used_size=2891776 bytes (7.1%)
(RDMA_READ_CONSUME_CHECK_CONSUMER) timestamp=8419 ms, used_size=2889728 bytes (7.1%)
(RDMA_READ_CONSUME_CHECK_CONSUMER) timestamp=8419 ms, used_size=2887680 bytes (7.0%)
(RDMA_READ_CONSUME_CHECK_CONSUMER) timestamp=8419 ms, used_size=2885632 bytes (7.0%)
(RDMA_READ_CONSUME_CHECK_CONSUMER) timestamp=8419 ms, used_size=2883584 bytes (7.0%)
(RDMA_READ_CONSUME_CHECK_CONSUMER) timestamp=8419 ms, used_size=2881536 bytes (7.0%)
(RDMA_READ_CONSUME_CHECK_CONSUMER) timestamp=8419 ms, used_size=2879488 bytes (7.0%)
(RDMA_READ_CONSUME_CHECK_CONSUMER) timestamp=8419 ms, used_size=2877440 bytes (7.0%)
(RDMA_READ_CONSUME_CHECK_CONSUMER) timestamp=8419 ms, used_size=2875392 bytes (7.0%)
(RDMA_READ_CONSUME_CHECK_CONSUMER) timestamp=8419 ms, used_size=2873344 bytes (7.0%)
(RDMA_READ_CONSUME_CHECK_CONSUMER) timestamp=8419 ms, used_size=2871296 bytes (7.0%)
(RDMA_READ_CONSUME_CHECK_CONSUMER) timestamp=8419 ms, used_size=2869248 bytes (7.0%)
(RDMA_READ_CONSUME_CHECK_CONSUMER) timestamp=8419 ms, used_size=2867200 bytes (7.0%)
(RDMA_READ_CONSUME_CHECK_CONSUMER) timestamp=8419 ms, used_size=2865152 bytes (7.0%)
(RDMA_READ_CONSUME_CHECK_CONSUMER) timestamp=8419 ms, used_size=2863104 bytes (7.0%)
(RDMA_READ_CONSUME_CHECK_CONSUMER) timestamp=8419 ms, used_size=2861056 bytes (7.0%)
(RDMA_READ_CONSUME_CHECK_CONSUMER) timestamp=8419 ms, used_size=2859008 bytes (7.0%)
(RDMA_READ_CONSUME_CHECK_CONSUMER) timestamp=8419 ms, used_size=2856960 bytes (7.0%)
(RDMA_READ_CONSUME_CHECK_CONSUMER) timestamp=8419 ms, used_size=2854912 bytes (7.0%)
(RDMA_READ_CONSUME_CHECK_CONSUMER) timestamp=8419 ms, used_size=2852864 bytes (7.0%)
(RDMA_READ_CONSUME_CHECK_CONSUMER) timestamp=8419 ms, used_size=2850816 bytes (7.0%)
(RDMA_READ_CONSUME_CHECK_CONSUMER) timestamp=8419 ms, used_size=2848768 bytes (7.0%)
(RDMA_READ_CONSUME_CHECK_CONSUMER) timestamp=8419 ms, used_size=2846720 bytes (7.0%)
(RDMA_READ_CONSUME_CHECK_CONSUMER) timestamp=8419 ms, used_size=2844672 bytes (6.9%)
(RDMA_READ_CONSUME_CHECK_CONSUMER) timestamp=8419 ms, used_size=2842624 bytes (6.9%)
(RDMA_READ_CONSUME_CHECK_CONSUMER) timestamp=8419 ms, used_size=2840576 bytes (6.9%)
(RDMA_READ_CONSUME_CHECK_CONSUMER) timestamp=8419 ms, used_size=2838528 bytes (6.9%)
(RDMA_READ_CONSUME_CHECK_CONSUMER) timestamp=8419 ms, used_size=2836480 bytes (6.9%)
(RDMA_READ_CONSUME_CHECK_CONSUMER) timestamp=8419 ms, used_size=2834432 bytes (6.9%)
(RDMA_READ_CONSUME_CHECK_CONSUMER) timestamp=8419 ms, used_size=2832384 bytes (6.9%)
(RDMA_READ_CONSUME_CHECK_CONSUMER) timestamp=8419 ms, used_size=2830336 bytes (6.9%)
(RDMA_READ_CONSUME_CHECK_CONSUMER) timestamp=8419 ms, used_size=2828288 bytes (6.9%)
(RDMA_READ_CONSUME_CHECK_CONSUMER) timestamp=8419 ms, used_size=2826240 bytes (6.9%)
(RDMA_READ_CONSUME_CHECK_CONSUMER) timestamp=8419 ms, used_size=2824192 bytes (6.9%)
(RDMA_READ_CONSUME_CHECK_CONSUMER) timestamp=8419 ms, used_size=2822144 bytes (6.9%)
(RDMA_READ_CONSUME_CHECK_CONSUMER) timestamp=8419 ms, used_size=2820096 bytes (6.9%)
(RDMA_READ_CONSUME_CHECK_CONSUMER) timestamp=8419 ms, used_size=2818048 bytes (6.9%)
(RDMA_READ_CONSUME_CHECK_CONSUMER) timestamp=8419 ms, used_size=2816000 bytes (6.9%)
(RDMA_READ_CONSUME_CHECK_CONSUMER) timestamp=8419 ms, used_size=2813952 bytes (6.9%)
(RDMA_READ_CONSUME_CHECK_CONSUMER) timestamp=8419 ms, used_size=2811904 bytes (6.9%)
(RDMA_READ_CONSUME_CHECK_CONSUMER) timestamp=8419 ms, used_size=2809856 bytes (6.9%)
(RDMA_READ_CONSUME_CHECK_CONSUMER) timestamp=8419 ms, used_size=2807808 bytes (6.9%)
(RDMA_READ_CONSUME_CHECK_CONSUMER) timestamp=8419 ms, used_size=2805760 bytes (6.8%)
(RDMA_READ_CONSUME_CHECK_CONSUMER) timestamp=8419 ms, used_size=2803712 bytes (6.8%)
(RDMA_READ_CONSUME_CHECK_CONSUMER) timestamp=8419 ms, used_size=2801664 bytes (6.8%)
(RDMA_READ_CONSUME_CHECK_CONSUMER) timestamp=8419 ms, used_size=2799616 bytes (6.8%)
(RDMA_READ_CONSUME_CHECK_CONSUMER) timestamp=8419 ms, used_size=2797568 bytes (6.8%)
(RDMA_READ_CONSUME_CHECK_CONSUMER) timestamp=8419 ms, used_size=2795520 bytes (6.8%)
(RDMA_READ_CONSUME_CHECK_CONSUMER) timestamp=8419 ms, used_size=2793472 bytes (6.8%)
(RDMA_READ_CONSUME_CHECK_CONSUMER) timestamp=8419 ms, used_size=2791424 bytes (6.8%)
(RDMA_READ_CONSUME_CHECK_CONSUMER) timestamp=8419 ms, used_size=2789376 bytes (6.8%)
(RDMA_READ_CONSUME_CHECK_CONSUMER) timestamp=8419 ms, used_size=2787328 bytes (6.8%)
(RDMA_READ_CONSUME_CHECK_CONSUMER) timestamp=8419 ms, used_size=2785280 bytes (6.8%)
(RDMA_READ_CONSUME_CHECK_CONSUMER) timestamp=8419 ms, used_size=2783232 bytes (6.8%)
(RDMA_READ_CONSUME_CHECK_CONSUMER) timestamp=8419 ms, used_size=2781184 bytes (6.8%)
(RDMA_READ_CONSUME_CHECK_CONSUMER) timestamp=8419 ms, used_size=2779136 bytes (6.8%)
(RDMA_READ_CONSUME_CHECK_CONSUMER) timestamp=8419 ms, used_size=2777088 bytes (6.8%)
(RDMA_READ_CONSUME_CHECK_CONSUMER) timestamp=8419 ms, used_size=2775040 bytes (6.8%)
(RDMA_READ_CONSUME_CHECK_CONSUMER) timestamp=8419 ms, used_size=2772992 bytes (6.8%)
(RDMA_READ_CONSUME_CHECK_CONSUMER) timestamp=8419 ms, used_size=2770944 bytes (6.8%)
(RDMA_READ_CONSUME_CHECK_CONSUMER) timestamp=8419 ms, used_size=2768896 bytes (6.8%)
(RDMA_READ_CONSUME_CHECK_CONSUMER) timestamp=8419 ms, used_size=2766848 bytes (6.8%)
(RDMA_READ_CONSUME_CHECK_CONSUMER) timestamp=8419 ms, used_size=2764800 bytes (6.8%)
(RDMA_READ_CONSUME_CHECK_CONSUMER) timestamp=8419 ms, used_size=2762752 bytes (6.7%)
(RDMA_READ_CONSUME_CHECK_CONSUMER) timestamp=8419 ms, used_size=2760704 bytes (6.7%)
(RDMA_READ_CONSUME_CHECK_CONSUMER) timestamp=8419 ms, used_size=2758656 bytes (6.7%)
(RDMA_READ_CONSUME_CHECK_CONSUMER) timestamp=8419 ms, used_size=2756608 bytes (6.7%)
(RDMA_READ_CONSUME_CHECK_CONSUMER) timestamp=8419 ms, used_size=2754560 bytes (6.7%)
(RDMA_READ_CONSUME_CHECK_CONSUMER) timestamp=8419 ms, used_size=2752512 bytes (6.7%)
(RDMA_READ_CONSUME_CHECK_CONSUMER) timestamp=8419 ms, used_size=2750464 bytes (6.7%)
(RDMA_READ_CONSUME_CHECK_CONSUMER) timestamp=8419 ms, used_size=2748416 bytes (6.7%)
(RDMA_READ_CONSUME_CHECK_CONSUMER) timestamp=8419 ms, used_size=2746368 bytes (6.7%)
(RDMA_READ_CONSUME_CHECK_CONSUMER) timestamp=8419 ms, used_size=2744320 bytes (6.7%)
(RDMA_READ_CONSUME_CHECK_CONSUMER) timestamp=8419 ms, used_size=2742272 bytes (6.7%)
(RDMA_READ_CONSUME_CHECK_CONSUMER) timestamp=8419 ms, used_size=2740224 bytes (6.7%)
(RDMA_READ_CONSUME_CHECK_CONSUMER) timestamp=8419 ms, used_size=2738176 bytes (6.7%)
(RDMA_READ_CONSUME_CHECK_CONSUMER) timestamp=8419 ms, used_size=2736128 bytes (6.7%)
(RDMA_READ_CONSUME_CHECK_CONSUMER) timestamp=8419 ms, used_size=2734080 bytes (6.7%)
(RDMA_READ_CONSUME_CHECK_CONSUMER) timestamp=8419 ms, used_size=2732032 bytes (6.7%)
(RDMA_READ_CONSUME_CHECK_CONSUMER) timestamp=8419 ms, used_size=2729984 bytes (6.7%)
(RDMA_READ_CONSUME_CHECK_CONSUMER) timestamp=8419 ms, used_size=2727936 bytes (6.7%)
(RDMA_READ_CONSUME_CHECK_CONSUMER) timestamp=8419 ms, used_size=2725888 bytes (6.7%)
(RDMA_READ_CONSUME_CHECK_CONSUMER) timestamp=8419 ms, used_size=2723840 bytes (6.7%)
(RDMA_READ_CONSUME_CHECK_CONSUMER) timestamp=8419 ms, used_size=2721792 bytes (6.6%)
(RDMA_READ_CONSUME_CHECK_CONSUMER) timestamp=8419 ms, used_size=2719744 bytes (6.6%)
(RDMA_READ_CONSUME_CHECK_CONSUMER) timestamp=8419 ms, used_size=2717696 bytes (6.6%)
(RDMA_READ_CONSUME_CHECK_CONSUMER) timestamp=8419 ms, used_size=2715648 bytes (6.6%)
(RDMA_READ_CONSUME_CHECK_CONSUMER) timestamp=8419 ms, used_size=2713600 bytes (6.6%)
(RDMA_READ_CONSUME_CHECK_CONSUMER) timestamp=8419 ms, used_size=2711552 bytes (6.6%)
(RDMA_READ_CONSUME_CHECK_CONSUMER) timestamp=8419 ms, used_size=2709504 bytes (6.6%)
(RDMA_READ_CONSUME_CHECK_CONSUMER) timestamp=8419 ms, used_size=2707456 bytes (6.6%)
(RDMA_READ_CONSUME_CHECK_CONSUMER) timestamp=8419 ms, used_size=2705408 bytes (6.6%)
(RDMA_READ_CONSUME_CHECK_CONSUMER) timestamp=8419 ms, used_size=2703360 bytes (6.6%)
(RDMA_READ_CONSUME_CHECK_CONSUMER) timestamp=8419 ms, used_size=2701312 bytes (6.6%)
(RDMA_READ_CONSUME_CHECK_CONSUMER) timestamp=8419 ms, used_size=2699264 bytes (6.6%)
(RDMA_READ_CONSUME_CHECK_CONSUMER) timestamp=8419 ms, used_size=2697216 bytes (6.6%)
(RDMA_READ_CONSUME_CHECK_CONSUMER) timestamp=8419 ms, used_size=2695168 bytes (6.6%)
(RDMA_READ_CONSUME_CHECK_CONSUMER) timestamp=8419 ms, used_size=2693120 bytes (6.6%)
(RDMA_READ_CONSUME_CHECK_CONSUMER) timestamp=8419 ms, used_size=2691072 bytes (6.6%)
(RDMA_READ_CONSUME_CHECK_CONSUMER) timestamp=8419 ms, used_size=2689024 bytes (6.6%)
(RDMA_READ_CONSUME_CHECK_CONSUMER) timestamp=8419 ms, used_size=2686976 bytes (6.6%)
(RDMA_READ_CONSUME_CHECK_CONSUMER) timestamp=8419 ms, used_size=2684928 bytes (6.6%)
(RDMA_READ_CONSUME_CHECK_CONSUMER) timestamp=8419 ms, used_size=2682880 bytes (6.5%)
(RDMA_READ_CONSUME_CHECK_CONSUMER) timestamp=8419 ms, used_size=2680832 bytes (6.5%)
(RDMA_READ_CONSUME_CHECK_CONSUMER) timestamp=8419 ms, used_size=2678784 bytes (6.5%)
(RDMA_READ_CONSUME_CHECK_CONSUMER) timestamp=8419 ms, used_size=2676736 bytes (6.5%)
(RDMA_READ_CONSUME_CHECK_CONSUMER) timestamp=8419 ms, used_size=2674688 bytes (6.5%)
(RDMA_READ_CONSUME_CHECK_CONSUMER) timestamp=8419 ms, used_size=2672640 bytes (6.5%)
(RDMA_READ_CONSUME_CHECK_CONSUMER) timestamp=8419 ms, used_size=2670592 bytes (6.5%)
(RDMA_READ_CONSUME_CHECK_CONSUMER) timestamp=8419 ms, used_size=2668544 bytes (6.5%)
(RDMA_READ_CONSUME_CHECK_CONSUMER) timestamp=8419 ms, used_size=2666496 bytes (6.5%)
(RDMA_READ_CONSUME_CHECK_CONSUMER) timestamp=8419 ms, used_size=2664448 bytes (6.5%)
(RDMA_READ_CONSUME_CHECK_CONSUMER) timestamp=8419 ms, used_size=2662400 bytes (6.5%)
(RDMA_READ_CONSUME_CHECK_CONSUMER) timestamp=8419 ms, used_size=2660352 bytes (6.5%)
(RDMA_READ_CONSUME_CHECK_CONSUMER) timestamp=8419 ms, used_size=2658304 bytes (6.5%)
(RDMA_READ_CONSUME_CHECK_CONSUMER) timestamp=8419 ms, used_size=2656256 bytes (6.5%)
(RDMA_READ_CONSUME_CHECK_CONSUMER) timestamp=8419 ms, used_size=2654208 bytes (6.5%)
(RDMA_READ_CONSUME_CHECK_CONSUMER) timestamp=8419 ms, used_size=2652160 bytes (6.5%)
(RDMA_READ_CONSUME_CHECK_CONSUMER) timestamp=8419 ms, used_size=2650112 bytes (6.5%)
(RDMA_READ_CONSUME_CHECK_CONSUMER) timestamp=8419 ms, used_size=2648064 bytes (6.5%)
(RDMA_READ_CONSUME_CHECK_CONSUMER) timestamp=8419 ms, used_size=2646016 bytes (6.5%)
(RDMA_READ_CONSUME_CHECK_CONSUMER) timestamp=8419 ms, used_size=2643968 bytes (6.5%)
(RDMA_READ_CONSUME_CHECK_CONSUMER) timestamp=8419 ms, used_size=2641920 bytes (6.5%)
(RDMA_READ_CONSUME_CHECK_CONSUMER) timestamp=8419 ms, used_size=2639872 bytes (6.4%)
(RDMA_READ_CONSUME_CHECK_CONSUMER) timestamp=8419 ms, used_size=2637824 bytes (6.4%)
(RDMA_READ_CONSUME_CHECK_CONSUMER) timestamp=8419 ms, used_size=2635776 bytes (6.4%)
(RDMA_READ_CONSUME_CHECK_CONSUMER) timestamp=8419 ms, used_size=2633728 bytes (6.4%)
(RDMA_READ_CONSUME_CHECK_CONSUMER) timestamp=8419 ms, used_size=2631680 bytes (6.4%)
(RDMA_READ_CONSUME_CHECK_CONSUMER) timestamp=8419 ms, used_size=2629632 bytes (6.4%)
(RDMA_READ_CONSUME_CHECK_CONSUMER) timestamp=8419 ms, used_size=2627584 bytes (6.4%)
(RDMA_READ_CONSUME_CHECK_CONSUMER) timestamp=8419 ms, used_size=2625536 bytes (6.4%)
(RDMA_READ_CONSUME_CHECK_CONSUMER) timestamp=8419 ms, used_size=2623488 bytes (6.4%)
(RDMA_READ_CONSUME_CHECK_CONSUMER) timestamp=8419 ms, used_size=2621440 bytes (6.4%)
(RDMA_READ_CONSUME_CHECK_CONSUMER) timestamp=8419 ms, used_size=2619392 bytes (6.4%)
(RDMA_READ_CONSUME_CHECK_CONSUMER) timestamp=8419 ms, used_size=2617344 bytes (6.4%)
(RDMA_READ_CONSUME_CHECK_CONSUMER) timestamp=8419 ms, used_size=2615296 bytes (6.4%)
(RDMA_READ_CONSUME_CHECK_CONSUMER) timestamp=8419 ms, used_size=2613248 bytes (6.4%)
(RDMA_READ_CONSUME_CHECK_CONSUMER) timestamp=8419 ms, used_size=2611200 bytes (6.4%)
(RDMA_READ_CONSUME_CHECK_CONSUMER) timestamp=8419 ms, used_size=2609152 bytes (6.4%)
(RDMA_READ_CONSUME_CHECK_CONSUMER) timestamp=8419 ms, used_size=2607104 bytes (6.4%)
(RDMA_READ_CONSUME_CHECK_CONSUMER) timestamp=8419 ms, used_size=2605056 bytes (6.4%)
(RDMA_READ_CONSUME_CHECK_CONSUMER) timestamp=8419 ms, used_size=2603008 bytes (6.4%)
(RDMA_READ_CONSUME_CHECK_CONSUMER) timestamp=8419 ms, used_size=2600960 bytes (6.3%)
(RDMA_READ_CONSUME_CHECK_CONSUMER) timestamp=8420 ms, used_size=2598912 bytes (6.3%)
(RDMA_READ_CONSUME_CHECK_CONSUMER) timestamp=8420 ms, used_size=2596864 bytes (6.3%)
(RDMA_READ_CONSUME_CHECK_CONSUMER) timestamp=8420 ms, used_size=2594816 bytes (6.3%)
(RDMA_READ_CONSUME_CHECK_CONSUMER) timestamp=8420 ms, used_size=2592768 bytes (6.3%)
(RDMA_READ_CONSUME_CHECK_CONSUMER) timestamp=8420 ms, used_size=2590720 bytes (6.3%)
(RDMA_READ_CONSUME_CHECK_CONSUMER) timestamp=8420 ms, used_size=2588672 bytes (6.3%)
(RDMA_READ_CONSUME_CHECK_CONSUMER) timestamp=8420 ms, used_size=2586624 bytes (6.3%)
(RDMA_READ_CONSUME_CHECK_CONSUMER) timestamp=8420 ms, used_size=2584576 bytes (6.3%)
(RDMA_READ_CONSUME_CHECK_CONSUMER) timestamp=8420 ms, used_size=2582528 bytes (6.3%)
(RDMA_READ_CONSUME_CHECK_CONSUMER) timestamp=8420 ms, used_size=2580480 bytes (6.3%)
(RDMA_READ_CONSUME_CHECK_CONSUMER) timestamp=8420 ms, used_size=2578432 bytes (6.3%)
(RDMA_READ_CONSUME_CHECK_CONSUMER) timestamp=8420 ms, used_size=2576384 bytes (6.3%)
(RDMA_READ_CONSUME_CHECK_CONSUMER) timestamp=8420 ms, used_size=2574336 bytes (6.3%)
(RDMA_READ_CONSUME_CHECK_CONSUMER) timestamp=8420 ms, used_size=2572288 bytes (6.3%)
(RDMA_READ_CONSUME_CHECK_CONSUMER) timestamp=8420 ms, used_size=2570240 bytes (6.3%)
(RDMA_READ_CONSUME_CHECK_CONSUMER) timestamp=8420 ms, used_size=2568192 bytes (6.3%)
(RDMA_READ_CONSUME_CHECK_CONSUMER) timestamp=8420 ms, used_size=2566144 bytes (6.3%)
(RDMA_READ_CONSUME_CHECK_CONSUMER) timestamp=8420 ms, used_size=2564096 bytes (6.3%)
(RDMA_READ_CONSUME_CHECK_CONSUMER) timestamp=8420 ms, used_size=2562048 bytes (6.3%)
(RDMA_READ_CONSUME_CHECK_CONSUMER) timestamp=8420 ms, used_size=2560000 bytes (6.2%)
(RDMA_READ_CONSUME_CHECK_CONSUMER) timestamp=8420 ms, used_size=2557952 bytes (6.2%)
(RDMA_READ_CONSUME_CHECK_CONSUMER) timestamp=8420 ms, used_size=2555904 bytes (6.2%)
(RDMA_READ_CONSUME_CHECK_CONSUMER) timestamp=8420 ms, used_size=2553856 bytes (6.2%)
(RDMA_READ_CONSUME_CHECK_CONSUMER) timestamp=8420 ms, used_size=2551808 bytes (6.2%)
(RDMA_READ_CONSUME_CHECK_CONSUMER) timestamp=8420 ms, used_size=2549760 bytes (6.2%)
(RDMA_READ_CONSUME_CHECK_CONSUMER) timestamp=8420 ms, used_size=2547712 bytes (6.2%)
(RDMA_READ_CONSUME_CHECK_CONSUMER) timestamp=8420 ms, used_size=2545664 bytes (6.2%)
(RDMA_READ_CONSUME_CHECK_CONSUMER) timestamp=8420 ms, used_size=2543616 bytes (6.2%)
(RDMA_READ_CONSUME_CHECK_CONSUMER) timestamp=8420 ms, used_size=2541568 bytes (6.2%)
(RDMA_READ_CONSUME_CHECK_CONSUMER) timestamp=8420 ms, used_size=2539520 bytes (6.2%)
(RDMA_READ_CONSUME_CHECK_CONSUMER) timestamp=8420 ms, used_size=2537472 bytes (6.2%)
(RDMA_READ_CONSUME_CHECK_CONSUMER) timestamp=8420 ms, used_size=2535424 bytes (6.2%)
(RDMA_READ_CONSUME_CHECK_CONSUMER) timestamp=8420 ms, used_size=2533376 bytes (6.2%)
(RDMA_READ_CONSUME_CHECK_CONSUMER) timestamp=8420 ms, used_size=2531328 bytes (6.2%)
(RDMA_READ_CONSUME_CHECK_CONSUMER) timestamp=8420 ms, used_size=2529280 bytes (6.2%)
(RDMA_READ_CONSUME_CHECK_CONSUMER) timestamp=8420 ms, used_size=2527232 bytes (6.2%)
(RDMA_READ_CONSUME_CHECK_CONSUMER) timestamp=8420 ms, used_size=2525184 bytes (6.2%)
(RDMA_READ_CONSUME_CHECK_CONSUMER) timestamp=8420 ms, used_size=2523136 bytes (6.2%)
(RDMA_READ_CONSUME_CHECK_CONSUMER) timestamp=8420 ms, used_size=2521088 bytes (6.2%)
(RDMA_READ_CONSUME_CHECK_CONSUMER) timestamp=8420 ms, used_size=2519040 bytes (6.2%)
(RDMA_READ_CONSUME_CHECK_CONSUMER) timestamp=8420 ms, used_size=2516992 bytes (6.1%)
(RDMA_READ_CONSUME_CHECK_CONSUMER) timestamp=8420 ms, used_size=2514944 bytes (6.1%)
(RDMA_READ_CONSUME_CHECK_CONSUMER) timestamp=8420 ms, used_size=2512896 bytes (6.1%)
(RDMA_READ_CONSUME_CHECK_CONSUMER) timestamp=8420 ms, used_size=2510848 bytes (6.1%)
(RDMA_READ_CONSUME_CHECK_CONSUMER) timestamp=8420 ms, used_size=2508800 bytes (6.1%)
(RDMA_READ_CONSUME_CHECK_CONSUMER) timestamp=8420 ms, used_size=2506752 bytes (6.1%)
(RDMA_READ_CONSUME_CHECK_CONSUMER) timestamp=8420 ms, used_size=2504704 bytes (6.1%)
(RDMA_READ_CONSUME_CHECK_CONSUMER) timestamp=8420 ms, used_size=2502656 bytes (6.1%)
(RDMA_READ_CONSUME_CHECK_CONSUMER) timestamp=8420 ms, used_size=2500608 bytes (6.1%)
(RDMA_READ_CONSUME_CHECK_CONSUMER) timestamp=8420 ms, used_size=2498560 bytes (6.1%)
(RDMA_READ_CONSUME_CHECK_CONSUMER) timestamp=8420 ms, used_size=2496512 bytes (6.1%)
(RDMA_READ_CONSUME_CHECK_CONSUMER) timestamp=8420 ms, used_size=2494464 bytes (6.1%)
(RDMA_READ_CONSUME_CHECK_CONSUMER) timestamp=8420 ms, used_size=2492416 bytes (6.1%)
(RDMA_READ_CONSUME_CHECK_CONSUMER) timestamp=8420 ms, used_size=2490368 bytes (6.1%)
(RDMA_READ_CONSUME_CHECK_CONSUMER) timestamp=8420 ms, used_size=2488320 bytes (6.1%)
(RDMA_READ_CONSUME_CHECK_CONSUMER) timestamp=8420 ms, used_size=2486272 bytes (6.1%)
(RDMA_READ_CONSUME_CHECK_CONSUMER) timestamp=8420 ms, used_size=2484224 bytes (6.1%)
(RDMA_READ_CONSUME_CHECK_CONSUMER) timestamp=8420 ms, used_size=2482176 bytes (6.1%)
(RDMA_READ_CONSUME_CHECK_CONSUMER) timestamp=8420 ms, used_size=2480128 bytes (6.1%)
(RDMA_READ_CONSUME_CHECK_CONSUMER) timestamp=8420 ms, used_size=2478080 bytes (6.0%)
(RDMA_READ_CONSUME_CHECK_CONSUMER) timestamp=8420 ms, used_size=2476032 bytes (6.0%)
(RDMA_READ_CONSUME_CHECK_CONSUMER) timestamp=8420 ms, used_size=2473984 bytes (6.0%)
(RDMA_READ_CONSUME_CHECK_CONSUMER) timestamp=8420 ms, used_size=2471936 bytes (6.0%)
(RDMA_READ_CONSUME_CHECK_CONSUMER) timestamp=8420 ms, used_size=2469888 bytes (6.0%)
(RDMA_READ_CONSUME_CHECK_CONSUMER) timestamp=8420 ms, used_size=2467840 bytes (6.0%)
(RDMA_READ_CONSUME_CHECK_CONSUMER) timestamp=8420 ms, used_size=2465792 bytes (6.0%)
(RDMA_READ_CONSUME_CHECK_CONSUMER) timestamp=8420 ms, used_size=2463744 bytes (6.0%)
(RDMA_READ_CONSUME_CHECK_CONSUMER) timestamp=8420 ms, used_size=2461696 bytes (6.0%)
(RDMA_READ_CONSUME_CHECK_CONSUMER) timestamp=8420 ms, used_size=2459648 bytes (6.0%)
(RDMA_READ_CONSUME_CHECK_CONSUMER) timestamp=8420 ms, used_size=2457600 bytes (6.0%)
(RDMA_READ_CONSUME_CHECK_CONSUMER) timestamp=8420 ms, used_size=2455552 bytes (6.0%)
(RDMA_READ_CONSUME_CHECK_CONSUMER) timestamp=8420 ms, used_size=2453504 bytes (6.0%)
(RDMA_READ_CONSUME_CHECK_CONSUMER) timestamp=8420 ms, used_size=2451456 bytes (6.0%)
(RDMA_READ_CONSUME_CHECK_CONSUMER) timestamp=8420 ms, used_size=2449408 bytes (6.0%)
(RDMA_READ_CONSUME_CHECK_CONSUMER) timestamp=8420 ms, used_size=2447360 bytes (6.0%)
(RDMA_READ_CONSUME_CHECK_CONSUMER) timestamp=8420 ms, used_size=2445312 bytes (6.0%)
(RDMA_READ_CONSUME_CHECK_CONSUMER) timestamp=8420 ms, used_size=2443264 bytes (6.0%)
(RDMA_READ_CONSUME_CHECK_CONSUMER) timestamp=8420 ms, used_size=2441216 bytes (6.0%)
(RDMA_READ_CONSUME_CHECK_CONSUMER) timestamp=8420 ms, used_size=2439168 bytes (6.0%)
(RDMA_READ_CONSUME_CHECK_CONSUMER) timestamp=8420 ms, used_size=2437120 bytes (6.0%)
(RDMA_READ_CONSUME_CHECK_CONSUMER) timestamp=8420 ms, used_size=2435072 bytes (5.9%)
(RDMA_READ_CONSUME_CHECK_CONSUMER) timestamp=8420 ms, used_size=2433024 bytes (5.9%)
(RDMA_READ_CONSUME_CHECK_CONSUMER) timestamp=8420 ms, used_size=2430976 bytes (5.9%)
(RDMA_READ_CONSUME_CHECK_CONSUMER) timestamp=8420 ms, used_size=2428928 bytes (5.9%)
(RDMA_READ_CONSUME_CHECK_CONSUMER) timestamp=8420 ms, used_size=2426880 bytes (5.9%)
(RDMA_READ_CONSUME_CHECK_CONSUMER) timestamp=8420 ms, used_size=2424832 bytes (5.9%)
(RDMA_READ_CONSUME_CHECK_CONSUMER) timestamp=8420 ms, used_size=2422784 bytes (5.9%)
(RDMA_READ_CONSUME_CHECK_CONSUMER) timestamp=8420 ms, used_size=2420736 bytes (5.9%)
(RDMA_READ_CONSUME_CHECK_CONSUMER) timestamp=8420 ms, used_size=2418688 bytes (5.9%)
(RDMA_READ_CONSUME_CHECK_CONSUMER) timestamp=8420 ms, used_size=2416640 bytes (5.9%)
(RDMA_READ_CONSUME_CHECK_CONSUMER) timestamp=8420 ms, used_size=2414592 bytes (5.9%)
(RDMA_READ_CONSUME_CHECK_CONSUMER) timestamp=8420 ms, used_size=2412544 bytes (5.9%)
(RDMA_READ_CONSUME_CHECK_CONSUMER) timestamp=8420 ms, used_size=2410496 bytes (5.9%)
(RDMA_READ_CONSUME_CHECK_CONSUMER) timestamp=8420 ms, used_size=2408448 bytes (5.9%)
(RDMA_READ_CONSUME_CHECK_CONSUMER) timestamp=8420 ms, used_size=2406400 bytes (5.9%)
(RDMA_READ_CONSUME_CHECK_CONSUMER) timestamp=8420 ms, used_size=2404352 bytes (5.9%)
(RDMA_READ_CONSUME_CHECK_CONSUMER) timestamp=8420 ms, used_size=2402304 bytes (5.9%)
(RDMA_READ_CONSUME_CHECK_CONSUMER) timestamp=8420 ms, used_size=2400256 bytes (5.9%)
(RDMA_READ_CONSUME_CHECK_CONSUMER) timestamp=8420 ms, used_size=2398208 bytes (5.9%)
(RDMA_READ_CONSUME_CHECK_CONSUMER) timestamp=8420 ms, used_size=2396160 bytes (5.8%)
(RDMA_READ_CONSUME_CHECK_CONSUMER) timestamp=8420 ms, used_size=2394112 bytes (5.8%)
(RDMA_READ_CONSUME_CHECK_CONSUMER) timestamp=8420 ms, used_size=2392064 bytes (5.8%)
(RDMA_READ_CONSUME_CHECK_CONSUMER) timestamp=8420 ms, used_size=2390016 bytes (5.8%)
(RDMA_READ_CONSUME_CHECK_CONSUMER) timestamp=8420 ms, used_size=2387968 bytes (5.8%)
(RDMA_READ_CONSUME_CHECK_CONSUMER) timestamp=8420 ms, used_size=2385920 bytes (5.8%)
(RDMA_READ_CONSUME_CHECK_CONSUMER) timestamp=8420 ms, used_size=2383872 bytes (5.8%)
(RDMA_READ_CONSUME_CHECK_CONSUMER) timestamp=8420 ms, used_size=2381824 bytes (5.8%)
(RDMA_READ_CONSUME_CHECK_CONSUMER) timestamp=8420 ms, used_size=2379776 bytes (5.8%)
(RDMA_READ_CONSUME_CHECK_CONSUMER) timestamp=8420 ms, used_size=2377728 bytes (5.8%)
(RDMA_READ_CONSUME_CHECK_CONSUMER) timestamp=8420 ms, used_size=2375680 bytes (5.8%)
(RDMA_READ_CONSUME_CHECK_CONSUMER) timestamp=8420 ms, used_size=2373632 bytes (5.8%)
(RDMA_READ_CONSUME_CHECK_CONSUMER) timestamp=8420 ms, used_size=2371584 bytes (5.8%)
(RDMA_READ_CONSUME_CHECK_CONSUMER) timestamp=8420 ms, used_size=2369536 bytes (5.8%)
(RDMA_READ_CONSUME_CHECK_CONSUMER) timestamp=8420 ms, used_size=2367488 bytes (5.8%)
(RDMA_READ_CONSUME_CHECK_CONSUMER) timestamp=8420 ms, used_size=2365440 bytes (5.8%)
(RDMA_READ_CONSUME_CHECK_CONSUMER) timestamp=8420 ms, used_size=2363392 bytes (5.8%)
(RDMA_READ_CONSUME_CHECK_CONSUMER) timestamp=8420 ms, used_size=2361344 bytes (5.8%)
(RDMA_READ_CONSUME_CHECK_CONSUMER) timestamp=8420 ms, used_size=2359296 bytes (5.8%)
(RDMA_READ_CONSUME_CHECK_CONSUMER) timestamp=8420 ms, used_size=2357248 bytes (5.8%)
(RDMA_READ_CONSUME_CHECK_CONSUMER) timestamp=8420 ms, used_size=2355200 bytes (5.8%)
(RDMA_READ_CONSUME_CHECK_CONSUMER) timestamp=8420 ms, used_size=2353152 bytes (5.7%)
(RDMA_READ_CONSUME_CHECK_CONSUMER) timestamp=8420 ms, used_size=2351104 bytes (5.7%)
(RDMA_READ_CONSUME_CHECK_CONSUMER) timestamp=8420 ms, used_size=2349056 bytes (5.7%)
(RDMA_READ_CONSUME_CHECK_CONSUMER) timestamp=8420 ms, used_size=2347008 bytes (5.7%)
(RDMA_READ_CONSUME_CHECK_CONSUMER) timestamp=8420 ms, used_size=2344960 bytes (5.7%)
(RDMA_READ_CONSUME_CHECK_CONSUMER) timestamp=8420 ms, used_size=2342912 bytes (5.7%)
(RDMA_READ_CONSUME_CHECK_CONSUMER) timestamp=8420 ms, used_size=2340864 bytes (5.7%)
(RDMA_READ_CONSUME_CHECK_CONSUMER) timestamp=8420 ms, used_size=2338816 bytes (5.7%)
(RDMA_READ_CONSUME_CHECK_CONSUMER) timestamp=8420 ms, used_size=2336768 bytes (5.7%)
(RDMA_READ_CONSUME_CHECK_CONSUMER) timestamp=8420 ms, used_size=2334720 bytes (5.7%)
(RDMA_READ_CONSUME_CHECK_CONSUMER) timestamp=8420 ms, used_size=2332672 bytes (5.7%)
(RDMA_READ_CONSUME_CHECK_CONSUMER) timestamp=8420 ms, used_size=2330624 bytes (5.7%)
(RDMA_READ_CONSUME_CHECK_CONSUMER) timestamp=8420 ms, used_size=2328576 bytes (5.7%)
(RDMA_READ_CONSUME_CHECK_CONSUMER) timestamp=8420 ms, used_size=2326528 bytes (5.7%)
(RDMA_READ_CONSUME_CHECK_CONSUMER) timestamp=8420 ms, used_size=2324480 bytes (5.7%)
(RDMA_READ_CONSUME_CHECK_CONSUMER) timestamp=8420 ms, used_size=2322432 bytes (5.7%)
(RDMA_READ_CONSUME_CHECK_CONSUMER) timestamp=8420 ms, used_size=2320384 bytes (5.7%)
(RDMA_READ_CONSUME_CHECK_CONSUMER) timestamp=8420 ms, used_size=2318336 bytes (5.7%)
(RDMA_READ_CONSUME_CHECK_CONSUMER) timestamp=8420 ms, used_size=2316288 bytes (5.7%)
(RDMA_READ_CONSUME_CHECK_CONSUMER) timestamp=8420 ms, used_size=2314240 bytes (5.7%)
(RDMA_READ_CONSUME_CHECK_CONSUMER) timestamp=8420 ms, used_size=2312192 bytes (5.6%)
(RDMA_READ_CONSUME_CHECK_CONSUMER) timestamp=8420 ms, used_size=2310144 bytes (5.6%)
(RDMA_READ_CONSUME_CHECK_CONSUMER) timestamp=8420 ms, used_size=2308096 bytes (5.6%)
(RDMA_READ_CONSUME_CHECK_CONSUMER) timestamp=8420 ms, used_size=2306048 bytes (5.6%)
(RDMA_READ_CONSUME_CHECK_CONSUMER) timestamp=8420 ms, used_size=2304000 bytes (5.6%)
(RDMA_READ_CONSUME_CHECK_CONSUMER) timestamp=8420 ms, used_size=2301952 bytes (5.6%)
(RDMA_READ_CONSUME_CHECK_CONSUMER) timestamp=8420 ms, used_size=2299904 bytes (5.6%)
(RDMA_READ_CONSUME_CHECK_CONSUMER) timestamp=8420 ms, used_size=2297856 bytes (5.6%)
(RDMA_READ_CONSUME_CHECK_CONSUMER) timestamp=8420 ms, used_size=2295808 bytes (5.6%)
(RDMA_READ_CONSUME_CHECK_CONSUMER) timestamp=8420 ms, used_size=2293760 bytes (5.6%)
(RDMA_READ_CONSUME_CHECK_CONSUMER) timestamp=8420 ms, used_size=2291712 bytes (5.6%)
(RDMA_READ_CONSUME_CHECK_CONSUMER) timestamp=8420 ms, used_size=2289664 bytes (5.6%)
(RDMA_READ_CONSUME_CHECK_CONSUMER) timestamp=8420 ms, used_size=2287616 bytes (5.6%)
(RDMA_READ_CONSUME_CHECK_CONSUMER) timestamp=8420 ms, used_size=2285568 bytes (5.6%)
(RDMA_READ_CONSUME_CHECK_CONSUMER) timestamp=8420 ms, used_size=2283520 bytes (5.6%)
(RDMA_READ_CONSUME_CHECK_CONSUMER) timestamp=8420 ms, used_size=2281472 bytes (5.6%)
(RDMA_READ_CONSUME_CHECK_CONSUMER) timestamp=8420 ms, used_size=2279424 bytes (5.6%)
(RDMA_READ_CONSUME_CHECK_CONSUMER) timestamp=8420 ms, used_size=2277376 bytes (5.6%)
(RDMA_READ_CONSUME_CHECK_CONSUMER) timestamp=8420 ms, used_size=2275328 bytes (5.6%)
(RDMA_READ_CONSUME_CHECK_CONSUMER) timestamp=8420 ms, used_size=2273280 bytes (5.5%)
(RDMA_READ_CONSUME_CHECK_CONSUMER) timestamp=8420 ms, used_size=2271232 bytes (5.5%)
(RDMA_READ_CONSUME_CHECK_CONSUMER) timestamp=8420 ms, used_size=2269184 bytes (5.5%)
(RDMA_READ_CONSUME_CHECK_CONSUMER) timestamp=8420 ms, used_size=2267136 bytes (5.5%)
(RDMA_READ_CONSUME_CHECK_CONSUMER) timestamp=8421 ms, used_size=2265088 bytes (5.5%)
(RDMA_READ_CONSUME_CHECK_CONSUMER) timestamp=8421 ms, used_size=2263040 bytes (5.5%)
(RDMA_READ_CONSUME_CHECK_CONSUMER) timestamp=8421 ms, used_size=2260992 bytes (5.5%)
(RDMA_READ_CONSUME_CHECK_CONSUMER) timestamp=8421 ms, used_size=2258944 bytes (5.5%)
(RDMA_READ_CONSUME_CHECK_CONSUMER) timestamp=8421 ms, used_size=2256896 bytes (5.5%)
(RDMA_READ_CONSUME_CHECK_CONSUMER) timestamp=8421 ms, used_size=2254848 bytes (5.5%)
(RDMA_READ_CONSUME_CHECK_CONSUMER) timestamp=8421 ms, used_size=2252800 bytes (5.5%)
(RDMA_READ_CONSUME_CHECK_CONSUMER) timestamp=8421 ms, used_size=2250752 bytes (5.5%)
(RDMA_READ_CONSUME_CHECK_CONSUMER) timestamp=8421 ms, used_size=2248704 bytes (5.5%)
(RDMA_READ_CONSUME_CHECK_CONSUMER) timestamp=8421 ms, used_size=2246656 bytes (5.5%)
(RDMA_READ_CONSUME_CHECK_CONSUMER) timestamp=8421 ms, used_size=2244608 bytes (5.5%)
(RDMA_READ_CONSUME_CHECK_CONSUMER) timestamp=8421 ms, used_size=2242560 bytes (5.5%)
(RDMA_READ_CONSUME_CHECK_CONSUMER) timestamp=8421 ms, used_size=2240512 bytes (5.5%)
(RDMA_READ_CONSUME_CHECK_CONSUMER) timestamp=8421 ms, used_size=2238464 bytes (5.5%)
(RDMA_READ_CONSUME_CHECK_CONSUMER) timestamp=8421 ms, used_size=2236416 bytes (5.5%)
(RDMA_READ_CONSUME_CHECK_CONSUMER) timestamp=8421 ms, used_size=2234368 bytes (5.5%)
(RDMA_READ_CONSUME_CHECK_CONSUMER) timestamp=8421 ms, used_size=2232320 bytes (5.5%)
(RDMA_READ_CONSUME_CHECK_CONSUMER) timestamp=8421 ms, used_size=2230272 bytes (5.4%)
(RDMA_READ_CONSUME_CHECK_CONSUMER) timestamp=8421 ms, used_size=2228224 bytes (5.4%)
(RDMA_READ_CONSUME_CHECK_CONSUMER) timestamp=8421 ms, used_size=2226176 bytes (5.4%)
(RDMA_READ_CONSUME_CHECK_CONSUMER) timestamp=8421 ms, used_size=2224128 bytes (5.4%)
(RDMA_READ_CONSUME_CHECK_CONSUMER) timestamp=8421 ms, used_size=2222080 bytes (5.4%)
(RDMA_READ_CONSUME_CHECK_CONSUMER) timestamp=8421 ms, used_size=2220032 bytes (5.4%)
(RDMA_READ_CONSUME_CHECK_CONSUMER) timestamp=8421 ms, used_size=2217984 bytes (5.4%)
(RDMA_READ_CONSUME_CHECK_CONSUMER) timestamp=8421 ms, used_size=2215936 bytes (5.4%)
(RDMA_READ_CONSUME_CHECK_CONSUMER) timestamp=8421 ms, used_size=2213888 bytes (5.4%)
(RDMA_READ_CONSUME_CHECK_CONSUMER) timestamp=8421 ms, used_size=2211840 bytes (5.4%)
(RDMA_READ_CONSUME_CHECK_CONSUMER) timestamp=8421 ms, used_size=2209792 bytes (5.4%)
(RDMA_READ_CONSUME_CHECK_CONSUMER) timestamp=8421 ms, used_size=2207744 bytes (5.4%)
(RDMA_READ_CONSUME_CHECK_CONSUMER) timestamp=8421 ms, used_size=2205696 bytes (5.4%)
(RDMA_READ_CONSUME_CHECK_CONSUMER) timestamp=8421 ms, used_size=2203648 bytes (5.4%)
(RDMA_READ_CONSUME_CHECK_CONSUMER) timestamp=8421 ms, used_size=2201600 bytes (5.4%)
(RDMA_READ_CONSUME_CHECK_CONSUMER) timestamp=8421 ms, used_size=2199552 bytes (5.4%)
(RDMA_READ_CONSUME_CHECK_CONSUMER) timestamp=8421 ms, used_size=2197504 bytes (5.4%)
(RDMA_READ_CONSUME_CHECK_CONSUMER) timestamp=8421 ms, used_size=2195456 bytes (5.4%)
(RDMA_READ_CONSUME_CHECK_CONSUMER) timestamp=8421 ms, used_size=2193408 bytes (5.4%)
(RDMA_READ_CONSUME_CHECK_CONSUMER) timestamp=8421 ms, used_size=2191360 bytes (5.3%)
(RDMA_READ_CONSUME_CHECK_CONSUMER) timestamp=8421 ms, used_size=2189312 bytes (5.3%)
(RDMA_READ_CONSUME_CHECK_CONSUMER) timestamp=8421 ms, used_size=2187264 bytes (5.3%)
(RDMA_READ_CONSUME_CHECK_CONSUMER) timestamp=8421 ms, used_size=2185216 bytes (5.3%)
(RDMA_READ_CONSUME_CHECK_CONSUMER) timestamp=8421 ms, used_size=2183168 bytes (5.3%)
(RDMA_READ_CONSUME_CHECK_CONSUMER) timestamp=8421 ms, used_size=2181120 bytes (5.3%)
(RDMA_READ_CONSUME_CHECK_CONSUMER) timestamp=8421 ms, used_size=2179072 bytes (5.3%)
(RDMA_READ_CONSUME_CHECK_CONSUMER) timestamp=8421 ms, used_size=2177024 bytes (5.3%)
(RDMA_READ_CONSUME_CHECK_CONSUMER) timestamp=8421 ms, used_size=2174976 bytes (5.3%)
(RDMA_READ_CONSUME_CHECK_CONSUMER) timestamp=8421 ms, used_size=2172928 bytes (5.3%)
(RDMA_READ_CONSUME_CHECK_CONSUMER) timestamp=8421 ms, used_size=2170880 bytes (5.3%)
(RDMA_READ_CONSUME_CHECK_CONSUMER) timestamp=8421 ms, used_size=2168832 bytes (5.3%)
(RDMA_READ_CONSUME_CHECK_CONSUMER) timestamp=8421 ms, used_size=2166784 bytes (5.3%)
(RDMA_READ_CONSUME_CHECK_CONSUMER) timestamp=8421 ms, used_size=2164736 bytes (5.3%)
(RDMA_READ_CONSUME_CHECK_CONSUMER) timestamp=8421 ms, used_size=2162688 bytes (5.3%)
(RDMA_READ_CONSUME_CHECK_CONSUMER) timestamp=8421 ms, used_size=2160640 bytes (5.3%)
(RDMA_READ_CONSUME_CHECK_CONSUMER) timestamp=8421 ms, used_size=2158592 bytes (5.3%)
(RDMA_READ_CONSUME_CHECK_CONSUMER) timestamp=8421 ms, used_size=2156544 bytes (5.3%)
(RDMA_READ_CONSUME_CHECK_CONSUMER) timestamp=8421 ms, used_size=2154496 bytes (5.3%)
(RDMA_READ_CONSUME_CHECK_CONSUMER) timestamp=8421 ms, used_size=2152448 bytes (5.3%)
(RDMA_READ_CONSUME_CHECK_CONSUMER) timestamp=8421 ms, used_size=2150400 bytes (5.2%)
(RDMA_READ_CONSUME_CHECK_CONSUMER) timestamp=8421 ms, used_size=2148352 bytes (5.2%)
(RDMA_READ_CONSUME_CHECK_CONSUMER) timestamp=8421 ms, used_size=2146304 bytes (5.2%)
(RDMA_READ_CONSUME_CHECK_CONSUMER) timestamp=8421 ms, used_size=2144256 bytes (5.2%)
(RDMA_READ_CONSUME_CHECK_CONSUMER) timestamp=8421 ms, used_size=2142208 bytes (5.2%)
(RDMA_READ_CONSUME_CHECK_CONSUMER) timestamp=8421 ms, used_size=2140160 bytes (5.2%)
(RDMA_READ_CONSUME_CHECK_CONSUMER) timestamp=8421 ms, used_size=2138112 bytes (5.2%)
(RDMA_READ_CONSUME_CHECK_CONSUMER) timestamp=8421 ms, used_size=2136064 bytes (5.2%)
(RDMA_READ_CONSUME_CHECK_CONSUMER) timestamp=8421 ms, used_size=2134016 bytes (5.2%)
(RDMA_READ_CONSUME_CHECK_CONSUMER) timestamp=8421 ms, used_size=2131968 bytes (5.2%)
(RDMA_READ_CONSUME_CHECK_CONSUMER) timestamp=8421 ms, used_size=2129920 bytes (5.2%)
(RDMA_READ_CONSUME_CHECK_CONSUMER) timestamp=8421 ms, used_size=2127872 bytes (5.2%)
(RDMA_READ_CONSUME_CHECK_CONSUMER) timestamp=8421 ms, used_size=2125824 bytes (5.2%)
(RDMA_READ_CONSUME_CHECK_CONSUMER) timestamp=8421 ms, used_size=2123776 bytes (5.2%)
(RDMA_READ_CONSUME_CHECK_CONSUMER) timestamp=8421 ms, used_size=2121728 bytes (5.2%)
(RDMA_READ_CONSUME_CHECK_CONSUMER) timestamp=8421 ms, used_size=2119680 bytes (5.2%)
(RDMA_READ_CONSUME_CHECK_CONSUMER) timestamp=8421 ms, used_size=2117632 bytes (5.2%)
(RDMA_READ_CONSUME_CHECK_CONSUMER) timestamp=8421 ms, used_size=2115584 bytes (5.2%)
(RDMA_READ_CONSUME_CHECK_CONSUMER) timestamp=8421 ms, used_size=2113536 bytes (5.2%)
(RDMA_READ_CONSUME_CHECK_CONSUMER) timestamp=8421 ms, used_size=2111488 bytes (5.2%)
(RDMA_READ_CONSUME_CHECK_CONSUMER) timestamp=8421 ms, used_size=2109440 bytes (5.2%)
(RDMA_READ_CONSUME_CHECK_CONSUMER) timestamp=8421 ms, used_size=2107392 bytes (5.1%)
(RDMA_READ_CONSUME_CHECK_CONSUMER) timestamp=8421 ms, used_size=2105344 bytes (5.1%)
(RDMA_READ_CONSUME_CHECK_CONSUMER) timestamp=8421 ms, used_size=2103296 bytes (5.1%)
(RDMA_READ_CONSUME_CHECK_CONSUMER) timestamp=8421 ms, used_size=2101248 bytes (5.1%)
(RDMA_READ_CONSUME_CHECK_CONSUMER) timestamp=8421 ms, used_size=2099200 bytes (5.1%)
(RDMA_READ_CONSUME_CHECK_CONSUMER) timestamp=8421 ms, used_size=2097152 bytes (5.1%)
(RDMA_READ_CONSUME_CHECK_CONSUMER) timestamp=8421 ms, used_size=2095104 bytes (5.1%)
(RDMA_READ_CONSUME_CHECK_CONSUMER) timestamp=8421 ms, used_size=2093056 bytes (5.1%)
(RDMA_READ_CONSUME_CHECK_CONSUMER) timestamp=8421 ms, used_size=2091008 bytes (5.1%)
(RDMA_READ_CONSUME_CHECK_CONSUMER) timestamp=8421 ms, used_size=2088960 bytes (5.1%)
(RDMA_READ_CONSUME_CHECK_CONSUMER) timestamp=8421 ms, used_size=2086912 bytes (5.1%)
(RDMA_READ_CONSUME_CHECK_CONSUMER) timestamp=8421 ms, used_size=2084864 bytes (5.1%)
(RDMA_READ_CONSUME_CHECK_CONSUMER) timestamp=8421 ms, used_size=2082816 bytes (5.1%)
(RDMA_READ_CONSUME_CHECK_CONSUMER) timestamp=8421 ms, used_size=2080768 bytes (5.1%)
(RDMA_READ_CONSUME_CHECK_CONSUMER) timestamp=8421 ms, used_size=2078720 bytes (5.1%)
(RDMA_READ_CONSUME_CHECK_CONSUMER) timestamp=8421 ms, used_size=2076672 bytes (5.1%)
(RDMA_READ_CONSUME_CHECK_CONSUMER) timestamp=8421 ms, used_size=2074624 bytes (5.1%)
(RDMA_READ_CONSUME_CHECK_CONSUMER) timestamp=8421 ms, used_size=2072576 bytes (5.1%)
(RDMA_READ_CONSUME_CHECK_CONSUMER) timestamp=8421 ms, used_size=2070528 bytes (5.1%)
(RDMA_READ_CONSUME_CHECK_CONSUMER) timestamp=8421 ms, used_size=2068480 bytes (5.0%)
(RDMA_READ_CONSUME_CHECK_CONSUMER) timestamp=8421 ms, used_size=2066432 bytes (5.0%)
(RDMA_READ_CONSUME_CHECK_CONSUMER) timestamp=8421 ms, used_size=2064384 bytes (5.0%)
(RDMA_READ_CONSUME_CHECK_CONSUMER) timestamp=8421 ms, used_size=2062336 bytes (5.0%)
(RDMA_READ_CONSUME_CHECK_CONSUMER) timestamp=8421 ms, used_size=2060288 bytes (5.0%)
(RDMA_READ_CONSUME_CHECK_CONSUMER) timestamp=8421 ms, used_size=2058240 bytes (5.0%)
(RDMA_READ_CONSUME_CHECK_CONSUMER) timestamp=8421 ms, used_size=2056192 bytes (5.0%)
(RDMA_READ_CONSUME_CHECK_CONSUMER) timestamp=8421 ms, used_size=2054144 bytes (5.0%)
(RDMA_READ_CONSUME_CHECK_CONSUMER) timestamp=8421 ms, used_size=2052096 bytes (5.0%)
(RDMA_READ_CONSUME_CHECK_CONSUMER) timestamp=8421 ms, used_size=2050048 bytes (5.0%)
(RDMA_READ_CONSUME_CHECK_CONSUMER) timestamp=8421 ms, used_size=2048000 bytes (5.0%)
(RDMA_READ_CONSUME_CHECK_CONSUMER) timestamp=8421 ms, used_size=2045952 bytes (5.0%)
(RDMA_READ_CONSUME_CHECK_CONSUMER) timestamp=8421 ms, used_size=2043904 bytes (5.0%)
(RDMA_READ_CONSUME_CHECK_CONSUMER) timestamp=8421 ms, used_size=2041856 bytes (5.0%)
(RDMA_READ_CONSUME_CHECK_CONSUMER) timestamp=8421 ms, used_size=2039808 bytes (5.0%)
(RDMA_READ_CONSUME_CHECK_CONSUMER) timestamp=8421 ms, used_size=2037760 bytes (5.0%)
(RDMA_READ_CONSUME_CHECK_CONSUMER) timestamp=8421 ms, used_size=2035712 bytes (5.0%)
(RDMA_READ_CONSUME_CHECK_CONSUMER) timestamp=8421 ms, used_size=2033664 bytes (5.0%)
(RDMA_READ_CONSUME_CHECK_CONSUMER) timestamp=8421 ms, used_size=2031616 bytes (5.0%)
(RDMA_READ_CONSUME_CHECK_CONSUMER) timestamp=8421 ms, used_size=2029568 bytes (5.0%)
(RDMA_READ_CONSUME_CHECK_CONSUMER) timestamp=8421 ms, used_size=2027520 bytes (5.0%)
(RDMA_READ_CONSUME_CHECK_CONSUMER) timestamp=8421 ms, used_size=2025472 bytes (4.9%)
(RDMA_READ_CONSUME_CHECK_CONSUMER) timestamp=8421 ms, used_size=2023424 bytes (4.9%)
(RDMA_READ_CONSUME_CHECK_CONSUMER) timestamp=8421 ms, used_size=2021376 bytes (4.9%)
(RDMA_READ_CONSUME_CHECK_CONSUMER) timestamp=8421 ms, used_size=2019328 bytes (4.9%)
(RDMA_READ_CONSUME_CHECK_CONSUMER) timestamp=8421 ms, used_size=2017280 bytes (4.9%)
(RDMA_READ_CONSUME_CHECK_CONSUMER) timestamp=8421 ms, used_size=2015232 bytes (4.9%)
(RDMA_READ_CONSUME_CHECK_CONSUMER) timestamp=8421 ms, used_size=2013184 bytes (4.9%)
(RDMA_READ_CONSUME_CHECK_CONSUMER) timestamp=8421 ms, used_size=2011136 bytes (4.9%)
(RDMA_READ_CONSUME_CHECK_CONSUMER) timestamp=8421 ms, used_size=2009088 bytes (4.9%)
(RDMA_READ_CONSUME_CHECK_CONSUMER) timestamp=8421 ms, used_size=2007040 bytes (4.9%)
(RDMA_READ_CONSUME_CHECK_CONSUMER) timestamp=8421 ms, used_size=2004992 bytes (4.9%)
(RDMA_READ_CONSUME_CHECK_CONSUMER) timestamp=8421 ms, used_size=2002944 bytes (4.9%)
(RDMA_READ_CONSUME_CHECK_CONSUMER) timestamp=8421 ms, used_size=2000896 bytes (4.9%)
(RDMA_READ_CONSUME_CHECK_CONSUMER) timestamp=8421 ms, used_size=1998848 bytes (4.9%)
(RDMA_READ_CONSUME_CHECK_CONSUMER) timestamp=8421 ms, used_size=1996800 bytes (4.9%)
(RDMA_READ_CONSUME_CHECK_CONSUMER) timestamp=8421 ms, used_size=1994752 bytes (4.9%)
(RDMA_READ_CONSUME_CHECK_CONSUMER) timestamp=8421 ms, used_size=1992704 bytes (4.9%)
(RDMA_READ_CONSUME_CHECK_CONSUMER) timestamp=8421 ms, used_size=1990656 bytes (4.9%)
(RDMA_READ_CONSUME_CHECK_CONSUMER) timestamp=8421 ms, used_size=1988608 bytes (4.9%)
(RDMA_READ_CONSUME_CHECK_CONSUMER) timestamp=8421 ms, used_size=1986560 bytes (4.8%)
(RDMA_READ_CONSUME_CHECK_CONSUMER) timestamp=8421 ms, used_size=1984512 bytes (4.8%)
(RDMA_READ_CONSUME_CHECK_CONSUMER) timestamp=8421 ms, used_size=1982464 bytes (4.8%)
(RDMA_READ_CONSUME_CHECK_CONSUMER) timestamp=8421 ms, used_size=1980416 bytes (4.8%)
(RDMA_READ_CONSUME_CHECK_CONSUMER) timestamp=8421 ms, used_size=1978368 bytes (4.8%)
(RDMA_READ_CONSUME_CHECK_CONSUMER) timestamp=8421 ms, used_size=1976320 bytes (4.8%)
(RDMA_READ_CONSUME_CHECK_CONSUMER) timestamp=8421 ms, used_size=1974272 bytes (4.8%)
(RDMA_READ_CONSUME_CHECK_CONSUMER) timestamp=8421 ms, used_size=1972224 bytes (4.8%)
(RDMA_READ_CONSUME_CHECK_CONSUMER) timestamp=8421 ms, used_size=1970176 bytes (4.8%)
(RDMA_READ_CONSUME_CHECK_CONSUMER) timestamp=8421 ms, used_size=1968128 bytes (4.8%)
(RDMA_READ_CONSUME_CHECK_CONSUMER) timestamp=8421 ms, used_size=1966080 bytes (4.8%)
(RDMA_READ_CONSUME_CHECK_CONSUMER) timestamp=8421 ms, used_size=1964032 bytes (4.8%)
(RDMA_READ_CONSUME_CHECK_CONSUMER) timestamp=8421 ms, used_size=1961984 bytes (4.8%)
(RDMA_READ_CONSUME_CHECK_CONSUMER) timestamp=8421 ms, used_size=1959936 bytes (4.8%)
(RDMA_READ_CONSUME_CHECK_CONSUMER) timestamp=8421 ms, used_size=1957888 bytes (4.8%)
(RDMA_READ_CONSUME_CHECK_CONSUMER) timestamp=8421 ms, used_size=1955840 bytes (4.8%)
(RDMA_READ_CONSUME_CHECK_CONSUMER) timestamp=8421 ms, used_size=1953792 bytes (4.8%)
(RDMA_READ_CONSUME_CHECK_CONSUMER) timestamp=8421 ms, used_size=1951744 bytes (4.8%)
(RDMA_READ_CONSUME_CHECK_CONSUMER) timestamp=8421 ms, used_size=1949696 bytes (4.8%)
(RDMA_READ_CONSUME_CHECK_CONSUMER) timestamp=8421 ms, used_size=1947648 bytes (4.8%)
(RDMA_READ_CONSUME_CHECK_CONSUMER) timestamp=8421 ms, used_size=1945600 bytes (4.8%)
(RDMA_READ_CONSUME_CHECK_CONSUMER) timestamp=8421 ms, used_size=1943552 bytes (4.7%)
(RDMA_READ_CONSUME_CHECK_CONSUMER) timestamp=8421 ms, used_size=1941504 bytes (4.7%)
(RDMA_READ_CONSUME_CHECK_CONSUMER) timestamp=8421 ms, used_size=1939456 bytes (4.7%)
(RDMA_READ_CONSUME_CHECK_CONSUMER) timestamp=8421 ms, used_size=1937408 bytes (4.7%)
(RDMA_READ_CONSUME_CHECK_CONSUMER) timestamp=8421 ms, used_size=1935360 bytes (4.7%)
(RDMA_READ_CONSUME_CHECK_CONSUMER) timestamp=8421 ms, used_size=1933312 bytes (4.7%)
(RDMA_READ_CONSUME_CHECK_CONSUMER) timestamp=8421 ms, used_size=1931264 bytes (4.7%)
(RDMA_READ_CONSUME_CHECK_CONSUMER) timestamp=8421 ms, used_size=1929216 bytes (4.7%)
(RDMA_READ_CONSUME_CHECK_CONSUMER) timestamp=8421 ms, used_size=1927168 bytes (4.7%)
(RDMA_READ_CONSUME_CHECK_CONSUMER) timestamp=8422 ms, used_size=1925120 bytes (4.7%)
(RDMA_READ_CONSUME_CHECK_CONSUMER) timestamp=8422 ms, used_size=1923072 bytes (4.7%)
(RDMA_READ_CONSUME_CHECK_CONSUMER) timestamp=8422 ms, used_size=1921024 bytes (4.7%)
(RDMA_READ_CONSUME_CHECK_CONSUMER) timestamp=8422 ms, used_size=1918976 bytes (4.7%)
(RDMA_READ_CONSUME_CHECK_CONSUMER) timestamp=8422 ms, used_size=1916928 bytes (4.7%)
(RDMA_READ_CONSUME_CHECK_CONSUMER) timestamp=8422 ms, used_size=1914880 bytes (4.7%)
(RDMA_READ_CONSUME_CHECK_CONSUMER) timestamp=8422 ms, used_size=1912832 bytes (4.7%)
(RDMA_READ_CONSUME_CHECK_CONSUMER) timestamp=8422 ms, used_size=1910784 bytes (4.7%)
(RDMA_READ_CONSUME_CHECK_CONSUMER) timestamp=8422 ms, used_size=1908736 bytes (4.7%)
(RDMA_READ_CONSUME_CHECK_CONSUMER) timestamp=8422 ms, used_size=1906688 bytes (4.7%)
(RDMA_READ_CONSUME_CHECK_CONSUMER) timestamp=8422 ms, used_size=1904640 bytes (4.7%)
(RDMA_READ_CONSUME_CHECK_CONSUMER) timestamp=8422 ms, used_size=1902592 bytes (4.6%)
(RDMA_READ_CONSUME_CHECK_CONSUMER) timestamp=8422 ms, used_size=1900544 bytes (4.6%)
(RDMA_READ_CONSUME_CHECK_CONSUMER) timestamp=8422 ms, used_size=1898496 bytes (4.6%)
(RDMA_READ_CONSUME_CHECK_CONSUMER) timestamp=8422 ms, used_size=1896448 bytes (4.6%)
(RDMA_READ_CONSUME_CHECK_CONSUMER) timestamp=8422 ms, used_size=1894400 bytes (4.6%)
(RDMA_READ_CONSUME_CHECK_CONSUMER) timestamp=8422 ms, used_size=1892352 bytes (4.6%)
(RDMA_READ_CONSUME_CHECK_CONSUMER) timestamp=8422 ms, used_size=1890304 bytes (4.6%)
(RDMA_READ_CONSUME_CHECK_CONSUMER) timestamp=8422 ms, used_size=1888256 bytes (4.6%)
(RDMA_READ_CONSUME_CHECK_CONSUMER) timestamp=8422 ms, used_size=1886208 bytes (4.6%)
(RDMA_READ_CONSUME_CHECK_CONSUMER) timestamp=8422 ms, used_size=1884160 bytes (4.6%)
(RDMA_READ_CONSUME_CHECK_CONSUMER) timestamp=8422 ms, used_size=1882112 bytes (4.6%)
(RDMA_READ_CONSUME_CHECK_CONSUMER) timestamp=8422 ms, used_size=1880064 bytes (4.6%)
(RDMA_READ_CONSUME_CHECK_CONSUMER) timestamp=8422 ms, used_size=1878016 bytes (4.6%)
(RDMA_READ_CONSUME_CHECK_CONSUMER) timestamp=8422 ms, used_size=1875968 bytes (4.6%)
(RDMA_READ_CONSUME_CHECK_CONSUMER) timestamp=8422 ms, used_size=1873920 bytes (4.6%)
(RDMA_READ_CONSUME_CHECK_CONSUMER) timestamp=8422 ms, used_size=1871872 bytes (4.6%)
(RDMA_READ_CONSUME_CHECK_CONSUMER) timestamp=8422 ms, used_size=1869824 bytes (4.6%)
(RDMA_READ_CONSUME_CHECK_CONSUMER) timestamp=8422 ms, used_size=1867776 bytes (4.6%)
(RDMA_READ_CONSUME_CHECK_CONSUMER) timestamp=8422 ms, used_size=1865728 bytes (4.6%)
(RDMA_READ_CONSUME_CHECK_CONSUMER) timestamp=8422 ms, used_size=1863680 bytes (4.5%)
(RDMA_READ_CONSUME_CHECK_CONSUMER) timestamp=8422 ms, used_size=1861632 bytes (4.5%)
(RDMA_READ_CONSUME_CHECK_CONSUMER) timestamp=8422 ms, used_size=1859584 bytes (4.5%)
(RDMA_READ_CONSUME_CHECK_CONSUMER) timestamp=8422 ms, used_size=1857536 bytes (4.5%)
(RDMA_READ_CONSUME_CHECK_CONSUMER) timestamp=8422 ms, used_size=1855488 bytes (4.5%)
(RDMA_READ_CONSUME_CHECK_CONSUMER) timestamp=8422 ms, used_size=1853440 bytes (4.5%)
(RDMA_READ_CONSUME_CHECK_CONSUMER) timestamp=8422 ms, used_size=1851392 bytes (4.5%)
(RDMA_READ_CONSUME_CHECK_CONSUMER) timestamp=8422 ms, used_size=1849344 bytes (4.5%)
(RDMA_READ_CONSUME_CHECK_CONSUMER) timestamp=8422 ms, used_size=1847296 bytes (4.5%)
(RDMA_READ_CONSUME_CHECK_CONSUMER) timestamp=8422 ms, used_size=1845248 bytes (4.5%)
(RDMA_READ_CONSUME_CHECK_CONSUMER) timestamp=8422 ms, used_size=1843200 bytes (4.5%)
(RDMA_READ_CONSUME_CHECK_CONSUMER) timestamp=8422 ms, used_size=1841152 bytes (4.5%)
(RDMA_READ_CONSUME_CHECK_CONSUMER) timestamp=8422 ms, used_size=1839104 bytes (4.5%)
(RDMA_READ_CONSUME_CHECK_CONSUMER) timestamp=8422 ms, used_size=1837056 bytes (4.5%)
(RDMA_READ_CONSUME_CHECK_CONSUMER) timestamp=8422 ms, used_size=1835008 bytes (4.5%)
(RDMA_READ_CONSUME_CHECK_CONSUMER) timestamp=8422 ms, used_size=1832960 bytes (4.5%)
(RDMA_READ_CONSUME_CHECK_CONSUMER) timestamp=8422 ms, used_size=1830912 bytes (4.5%)
(RDMA_READ_CONSUME_CHECK_CONSUMER) timestamp=8422 ms, used_size=1828864 bytes (4.5%)
(RDMA_READ_CONSUME_CHECK_CONSUMER) timestamp=8422 ms, used_size=1826816 bytes (4.5%)
(RDMA_READ_CONSUME_CHECK_CONSUMER) timestamp=8422 ms, used_size=1824768 bytes (4.5%)
(RDMA_READ_CONSUME_CHECK_CONSUMER) timestamp=8422 ms, used_size=1822720 bytes (4.5%)
(RDMA_READ_CONSUME_CHECK_CONSUMER) timestamp=8422 ms, used_size=1820672 bytes (4.4%)
(RDMA_READ_CONSUME_CHECK_CONSUMER) timestamp=8422 ms, used_size=1818624 bytes (4.4%)
(RDMA_READ_CONSUME_CHECK_CONSUMER) timestamp=8422 ms, used_size=1816576 bytes (4.4%)
(RDMA_READ_CONSUME_CHECK_CONSUMER) timestamp=8422 ms, used_size=1814528 bytes (4.4%)
(RDMA_READ_CONSUME_CHECK_CONSUMER) timestamp=8422 ms, used_size=1812480 bytes (4.4%)
(RDMA_READ_CONSUME_CHECK_CONSUMER) timestamp=8422 ms, used_size=1810432 bytes (4.4%)
(RDMA_READ_CONSUME_CHECK_CONSUMER) timestamp=8422 ms, used_size=1808384 bytes (4.4%)
(RDMA_READ_CONSUME_CHECK_CONSUMER) timestamp=8422 ms, used_size=1806336 bytes (4.4%)
(RDMA_READ_CONSUME_CHECK_CONSUMER) timestamp=8422 ms, used_size=1804288 bytes (4.4%)
(RDMA_READ_CONSUME_CHECK_CONSUMER) timestamp=8422 ms, used_size=1802240 bytes (4.4%)
(RDMA_READ_CONSUME_CHECK_CONSUMER) timestamp=8422 ms, used_size=1800192 bytes (4.4%)
(RDMA_READ_CONSUME_CHECK_CONSUMER) timestamp=8422 ms, used_size=1798144 bytes (4.4%)
(RDMA_READ_CONSUME_CHECK_CONSUMER) timestamp=8422 ms, used_size=1796096 bytes (4.4%)
(RDMA_READ_CONSUME_CHECK_CONSUMER) timestamp=8422 ms, used_size=1794048 bytes (4.4%)
(RDMA_READ_CONSUME_CHECK_CONSUMER) timestamp=8422 ms, used_size=1792000 bytes (4.4%)
(RDMA_READ_CONSUME_CHECK_CONSUMER) timestamp=8422 ms, used_size=1789952 bytes (4.4%)
(RDMA_READ_CONSUME_CHECK_CONSUMER) timestamp=8422 ms, used_size=1787904 bytes (4.4%)
(RDMA_READ_CONSUME_CHECK_CONSUMER) timestamp=8422 ms, used_size=1785856 bytes (4.4%)
(RDMA_READ_CONSUME_CHECK_CONSUMER) timestamp=8422 ms, used_size=1783808 bytes (4.4%)
(RDMA_READ_CONSUME_CHECK_CONSUMER) timestamp=8422 ms, used_size=1781760 bytes (4.3%)
(RDMA_READ_CONSUME_CHECK_CONSUMER) timestamp=8422 ms, used_size=1779712 bytes (4.3%)
(RDMA_READ_CONSUME_CHECK_CONSUMER) timestamp=8422 ms, used_size=1777664 bytes (4.3%)
(RDMA_READ_CONSUME_CHECK_CONSUMER) timestamp=8422 ms, used_size=1775616 bytes (4.3%)
(RDMA_READ_CONSUME_CHECK_CONSUMER) timestamp=8422 ms, used_size=1773568 bytes (4.3%)
(RDMA_READ_CONSUME_CHECK_CONSUMER) timestamp=8422 ms, used_size=1771520 bytes (4.3%)
(RDMA_READ_CONSUME_CHECK_CONSUMER) timestamp=8422 ms, used_size=1769472 bytes (4.3%)
(RDMA_READ_CONSUME_CHECK_CONSUMER) timestamp=8422 ms, used_size=1767424 bytes (4.3%)
(RDMA_READ_CONSUME_CHECK_CONSUMER) timestamp=8422 ms, used_size=1765376 bytes (4.3%)
(RDMA_READ_CONSUME_CHECK_CONSUMER) timestamp=8422 ms, used_size=1763328 bytes (4.3%)
(RDMA_READ_CONSUME_CHECK_CONSUMER) timestamp=8422 ms, used_size=1761280 bytes (4.3%)
(RDMA_READ_CONSUME_CHECK_CONSUMER) timestamp=8422 ms, used_size=1759232 bytes (4.3%)
(RDMA_READ_CONSUME_CHECK_CONSUMER) timestamp=8422 ms, used_size=1757184 bytes (4.3%)
(RDMA_READ_CONSUME_CHECK_CONSUMER) timestamp=8422 ms, used_size=1755136 bytes (4.3%)
(RDMA_READ_CONSUME_CHECK_CONSUMER) timestamp=8422 ms, used_size=1753088 bytes (4.3%)
(RDMA_READ_CONSUME_CHECK_CONSUMER) timestamp=8422 ms, used_size=1751040 bytes (4.3%)
(RDMA_READ_CONSUME_CHECK_CONSUMER) timestamp=8422 ms, used_size=1748992 bytes (4.3%)
(RDMA_READ_CONSUME_CHECK_CONSUMER) timestamp=8422 ms, used_size=1746944 bytes (4.3%)
(RDMA_READ_CONSUME_CHECK_CONSUMER) timestamp=8422 ms, used_size=1744896 bytes (4.3%)
(RDMA_READ_CONSUME_CHECK_CONSUMER) timestamp=8422 ms, used_size=1742848 bytes (4.3%)
(RDMA_READ_CONSUME_CHECK_CONSUMER) timestamp=8422 ms, used_size=1740800 bytes (4.2%)
(RDMA_READ_CONSUME_CHECK_CONSUMER) timestamp=8422 ms, used_size=1738752 bytes (4.2%)
(RDMA_READ_CONSUME_CHECK_CONSUMER) timestamp=8422 ms, used_size=1736704 bytes (4.2%)
(RDMA_READ_CONSUME_CHECK_CONSUMER) timestamp=8422 ms, used_size=1734656 bytes (4.2%)
(RDMA_READ_CONSUME_CHECK_CONSUMER) timestamp=8422 ms, used_size=1732608 bytes (4.2%)
(RDMA_READ_CONSUME_CHECK_CONSUMER) timestamp=8422 ms, used_size=1730560 bytes (4.2%)
(RDMA_READ_CONSUME_CHECK_CONSUMER) timestamp=8422 ms, used_size=1728512 bytes (4.2%)
(RDMA_READ_CONSUME_CHECK_CONSUMER) timestamp=8422 ms, used_size=1726464 bytes (4.2%)
(RDMA_READ_CONSUME_CHECK_CONSUMER) timestamp=8422 ms, used_size=1724416 bytes (4.2%)
(RDMA_READ_CONSUME_CHECK_CONSUMER) timestamp=8422 ms, used_size=1722368 bytes (4.2%)
(RDMA_READ_CONSUME_CHECK_CONSUMER) timestamp=8422 ms, used_size=1720320 bytes (4.2%)
(RDMA_READ_CONSUME_CHECK_CONSUMER) timestamp=8422 ms, used_size=1718272 bytes (4.2%)
(RDMA_READ_CONSUME_CHECK_CONSUMER) timestamp=8422 ms, used_size=1716224 bytes (4.2%)
(RDMA_READ_CONSUME_CHECK_CONSUMER) timestamp=8422 ms, used_size=1714176 bytes (4.2%)
(RDMA_READ_CONSUME_CHECK_CONSUMER) timestamp=8422 ms, used_size=1712128 bytes (4.2%)
(RDMA_READ_CONSUME_CHECK_CONSUMER) timestamp=8422 ms, used_size=1710080 bytes (4.2%)
(RDMA_READ_CONSUME_CHECK_CONSUMER) timestamp=8422 ms, used_size=1708032 bytes (4.2%)
(RDMA_READ_CONSUME_CHECK_CONSUMER) timestamp=8422 ms, used_size=1705984 bytes (4.2%)
(RDMA_READ_CONSUME_CHECK_CONSUMER) timestamp=8422 ms, used_size=1703936 bytes (4.2%)
(RDMA_READ_CONSUME_CHECK_CONSUMER) timestamp=8422 ms, used_size=1701888 bytes (4.2%)
(RDMA_READ_CONSUME_CHECK_CONSUMER) timestamp=8422 ms, used_size=1699840 bytes (4.2%)
(RDMA_READ_CONSUME_CHECK_CONSUMER) timestamp=8422 ms, used_size=1697792 bytes (4.1%)
(RDMA_READ_CONSUME_CHECK_CONSUMER) timestamp=8422 ms, used_size=1695744 bytes (4.1%)
(RDMA_READ_CONSUME_CHECK_CONSUMER) timestamp=8422 ms, used_size=1693696 bytes (4.1%)
(RDMA_READ_CONSUME_CHECK_CONSUMER) timestamp=8422 ms, used_size=1691648 bytes (4.1%)
(RDMA_READ_CONSUME_CHECK_CONSUMER) timestamp=8422 ms, used_size=1689600 bytes (4.1%)
(RDMA_READ_CONSUME_CHECK_CONSUMER) timestamp=8422 ms, used_size=1687552 bytes (4.1%)
(RDMA_READ_CONSUME_CHECK_CONSUMER) timestamp=8422 ms, used_size=1685504 bytes (4.1%)
(RDMA_READ_CONSUME_CHECK_CONSUMER) timestamp=8422 ms, used_size=1683456 bytes (4.1%)
(RDMA_READ_CONSUME_CHECK_CONSUMER) timestamp=8422 ms, used_size=1681408 bytes (4.1%)
(RDMA_READ_CONSUME_CHECK_CONSUMER) timestamp=8422 ms, used_size=1679360 bytes (4.1%)
(RDMA_READ_CONSUME_CHECK_CONSUMER) timestamp=8422 ms, used_size=1677312 bytes (4.1%)
(RDMA_READ_CONSUME_CHECK_CONSUMER) timestamp=8422 ms, used_size=1675264 bytes (4.1%)
(RDMA_READ_CONSUME_CHECK_CONSUMER) timestamp=8422 ms, used_size=1673216 bytes (4.1%)
(RDMA_READ_CONSUME_CHECK_CONSUMER) timestamp=8422 ms, used_size=1671168 bytes (4.1%)
(RDMA_READ_CONSUME_CHECK_CONSUMER) timestamp=8422 ms, used_size=1669120 bytes (4.1%)
(RDMA_READ_CONSUME_CHECK_CONSUMER) timestamp=8422 ms, used_size=1667072 bytes (4.1%)
(RDMA_READ_CONSUME_CHECK_CONSUMER) timestamp=8422 ms, used_size=1665024 bytes (4.1%)
(RDMA_READ_CONSUME_CHECK_CONSUMER) timestamp=8422 ms, used_size=1662976 bytes (4.1%)
(RDMA_READ_CONSUME_CHECK_CONSUMER) timestamp=8422 ms, used_size=1660928 bytes (4.1%)
(RDMA_READ_CONSUME_CHECK_CONSUMER) timestamp=8422 ms, used_size=1658880 bytes (4.0%)
(RDMA_READ_CONSUME_CHECK_CONSUMER) timestamp=8422 ms, used_size=1656832 bytes (4.0%)
(RDMA_READ_CONSUME_CHECK_CONSUMER) timestamp=8422 ms, used_size=1654784 bytes (4.0%)
(RDMA_READ_CONSUME_CHECK_CONSUMER) timestamp=8422 ms, used_size=1652736 bytes (4.0%)
(RDMA_READ_CONSUME_CHECK_CONSUMER) timestamp=8422 ms, used_size=1650688 bytes (4.0%)
(RDMA_READ_CONSUME_CHECK_CONSUMER) timestamp=8422 ms, used_size=1648640 bytes (4.0%)
(RDMA_READ_CONSUME_CHECK_CONSUMER) timestamp=8422 ms, used_size=1646592 bytes (4.0%)
(RDMA_READ_CONSUME_CHECK_CONSUMER) timestamp=8422 ms, used_size=1644544 bytes (4.0%)
(RDMA_READ_CONSUME_CHECK_CONSUMER) timestamp=8422 ms, used_size=1642496 bytes (4.0%)
(RDMA_READ_CONSUME_CHECK_CONSUMER) timestamp=8422 ms, used_size=1640448 bytes (4.0%)
(RDMA_READ_CONSUME_CHECK_CONSUMER) timestamp=8422 ms, used_size=1638400 bytes (4.0%)
(RDMA_READ_CONSUME_CHECK_CONSUMER) timestamp=8422 ms, used_size=1636352 bytes (4.0%)
(RDMA_READ_CONSUME_CHECK_CONSUMER) timestamp=8422 ms, used_size=1634304 bytes (4.0%)
(RDMA_READ_CONSUME_CHECK_CONSUMER) timestamp=8422 ms, used_size=1632256 bytes (4.0%)
(RDMA_READ_CONSUME_CHECK_CONSUMER) timestamp=8422 ms, used_size=1630208 bytes (4.0%)
(RDMA_READ_CONSUME_CHECK_CONSUMER) timestamp=8422 ms, used_size=1628160 bytes (4.0%)
(RDMA_READ_CONSUME_CHECK_CONSUMER) timestamp=8422 ms, used_size=1626112 bytes (4.0%)
(RDMA_READ_CONSUME_CHECK_CONSUMER) timestamp=8422 ms, used_size=1624064 bytes (4.0%)
(RDMA_READ_CONSUME_CHECK_CONSUMER) timestamp=8422 ms, used_size=1622016 bytes (4.0%)
(RDMA_READ_CONSUME_CHECK_CONSUMER) timestamp=8422 ms, used_size=1619968 bytes (4.0%)
(RDMA_READ_CONSUME_CHECK_CONSUMER) timestamp=8422 ms, used_size=1617920 bytes (4.0%)
(RDMA_READ_CONSUME_CHECK_CONSUMER) timestamp=8422 ms, used_size=1615872 bytes (3.9%)
(RDMA_READ_CONSUME_CHECK_CONSUMER) timestamp=8422 ms, used_size=1613824 bytes (3.9%)
(RDMA_READ_CONSUME_CHECK_CONSUMER) timestamp=8422 ms, used_size=1611776 bytes (3.9%)
(RDMA_READ_CONSUME_CHECK_CONSUMER) timestamp=8422 ms, used_size=1609728 bytes (3.9%)
(RDMA_READ_CONSUME_CHECK_CONSUMER) timestamp=8422 ms, used_size=1607680 bytes (3.9%)
(RDMA_READ_CONSUME_CHECK_CONSUMER) timestamp=8422 ms, used_size=1605632 bytes (3.9%)
(RDMA_READ_CONSUME_CHECK_CONSUMER) timestamp=8422 ms, used_size=1603584 bytes (3.9%)
(RDMA_READ_CONSUME_CHECK_CONSUMER) timestamp=8422 ms, used_size=1601536 bytes (3.9%)
(RDMA_READ_CONSUME_CHECK_CONSUMER) timestamp=8422 ms, used_size=1599488 bytes (3.9%)
(RDMA_READ_CONSUME_CHECK_CONSUMER) timestamp=8422 ms, used_size=1597440 bytes (3.9%)
(RDMA_READ_CONSUME_CHECK_CONSUMER) timestamp=8422 ms, used_size=1595392 bytes (3.9%)
(RDMA_READ_CONSUME_CHECK_CONSUMER) timestamp=8422 ms, used_size=1593344 bytes (3.9%)
(RDMA_READ_CONSUME_CHECK_CONSUMER) timestamp=8422 ms, used_size=1591296 bytes (3.9%)
(RDMA_READ_CONSUME_CHECK_CONSUMER) timestamp=8422 ms, used_size=1589248 bytes (3.9%)
(RDMA_READ_CONSUME_CHECK_CONSUMER) timestamp=8422 ms, used_size=1587200 bytes (3.9%)
(RDMA_READ_CONSUME_CHECK_CONSUMER) timestamp=8423 ms, used_size=1585152 bytes (3.9%)
(RDMA_READ_CONSUME_CHECK_CONSUMER) timestamp=8423 ms, used_size=1583104 bytes (3.9%)
(RDMA_READ_CONSUME_CHECK_CONSUMER) timestamp=8423 ms, used_size=1581056 bytes (3.9%)
(RDMA_READ_CONSUME_CHECK_CONSUMER) timestamp=8423 ms, used_size=1579008 bytes (3.9%)
(RDMA_READ_CONSUME_CHECK_CONSUMER) timestamp=8423 ms, used_size=1576960 bytes (3.9%)
(RDMA_READ_CONSUME_CHECK_CONSUMER) timestamp=8423 ms, used_size=1574912 bytes (3.8%)
(RDMA_READ_CONSUME_CHECK_CONSUMER) timestamp=8423 ms, used_size=1572864 bytes (3.8%)
(RDMA_READ_CONSUME_CHECK_CONSUMER) timestamp=8423 ms, used_size=1570816 bytes (3.8%)
(RDMA_READ_CONSUME_CHECK_CONSUMER) timestamp=8423 ms, used_size=1568768 bytes (3.8%)
(RDMA_READ_CONSUME_CHECK_CONSUMER) timestamp=8423 ms, used_size=1566720 bytes (3.8%)
(RDMA_READ_CONSUME_CHECK_CONSUMER) timestamp=8423 ms, used_size=1564672 bytes (3.8%)
(RDMA_READ_CONSUME_CHECK_CONSUMER) timestamp=8423 ms, used_size=1562624 bytes (3.8%)
(RDMA_READ_CONSUME_CHECK_CONSUMER) timestamp=8423 ms, used_size=1560576 bytes (3.8%)
(RDMA_READ_CONSUME_CHECK_CONSUMER) timestamp=8423 ms, used_size=1558528 bytes (3.8%)
(RDMA_READ_CONSUME_CHECK_CONSUMER) timestamp=8423 ms, used_size=1556480 bytes (3.8%)
(RDMA_READ_CONSUME_CHECK_CONSUMER) timestamp=8423 ms, used_size=1554432 bytes (3.8%)
(RDMA_READ_CONSUME_CHECK_CONSUMER) timestamp=8423 ms, used_size=1552384 bytes (3.8%)
(RDMA_READ_CONSUME_CHECK_CONSUMER) timestamp=8423 ms, used_size=1550336 bytes (3.8%)
(RDMA_READ_CONSUME_CHECK_CONSUMER) timestamp=8423 ms, used_size=1548288 bytes (3.8%)
(RDMA_READ_CONSUME_CHECK_CONSUMER) timestamp=8423 ms, used_size=1546240 bytes (3.8%)
(RDMA_READ_CONSUME_CHECK_CONSUMER) timestamp=8423 ms, used_size=1544192 bytes (3.8%)
(RDMA_READ_CONSUME_CHECK_CONSUMER) timestamp=8423 ms, used_size=1542144 bytes (3.8%)
(RDMA_READ_CONSUME_CHECK_CONSUMER) timestamp=8423 ms, used_size=1540096 bytes (3.8%)
(RDMA_READ_CONSUME_CHECK_CONSUMER) timestamp=8423 ms, used_size=1538048 bytes (3.8%)
(RDMA_READ_CONSUME_CHECK_CONSUMER) timestamp=8423 ms, used_size=1536000 bytes (3.8%)
(RDMA_READ_CONSUME_CHECK_CONSUMER) timestamp=8423 ms, used_size=1533952 bytes (3.7%)
(RDMA_READ_CONSUME_CHECK_CONSUMER) timestamp=8423 ms, used_size=1531904 bytes (3.7%)
(RDMA_READ_CONSUME_CHECK_CONSUMER) timestamp=8423 ms, used_size=1529856 bytes (3.7%)
(RDMA_READ_CONSUME_CHECK_CONSUMER) timestamp=8423 ms, used_size=1527808 bytes (3.7%)
(RDMA_READ_CONSUME_CHECK_CONSUMER) timestamp=8423 ms, used_size=1525760 bytes (3.7%)
(RDMA_READ_CONSUME_CHECK_CONSUMER) timestamp=8423 ms, used_size=1523712 bytes (3.7%)
(RDMA_READ_CONSUME_CHECK_CONSUMER) timestamp=8423 ms, used_size=1521664 bytes (3.7%)
(RDMA_READ_CONSUME_CHECK_CONSUMER) timestamp=8423 ms, used_size=1519616 bytes (3.7%)
(RDMA_READ_CONSUME_CHECK_CONSUMER) timestamp=8423 ms, used_size=1517568 bytes (3.7%)
(RDMA_READ_CONSUME_CHECK_CONSUMER) timestamp=8423 ms, used_size=1515520 bytes (3.7%)
(RDMA_READ_CONSUME_CHECK_CONSUMER) timestamp=8423 ms, used_size=1513472 bytes (3.7%)
(RDMA_READ_CONSUME_CHECK_CONSUMER) timestamp=8423 ms, used_size=1511424 bytes (3.7%)
(RDMA_READ_CONSUME_CHECK_CONSUMER) timestamp=8423 ms, used_size=1509376 bytes (3.7%)
(RDMA_READ_CONSUME_CHECK_CONSUMER) timestamp=8423 ms, used_size=1507328 bytes (3.7%)
(RDMA_READ_CONSUME_CHECK_CONSUMER) timestamp=8423 ms, used_size=1505280 bytes (3.7%)
(RDMA_READ_CONSUME_CHECK_CONSUMER) timestamp=8423 ms, used_size=1503232 bytes (3.7%)
(RDMA_READ_CONSUME_CHECK_CONSUMER) timestamp=8423 ms, used_size=1501184 bytes (3.7%)
(RDMA_READ_CONSUME_CHECK_CONSUMER) timestamp=8423 ms, used_size=1499136 bytes (3.7%)
(RDMA_READ_CONSUME_CHECK_CONSUMER) timestamp=8423 ms, used_size=1497088 bytes (3.7%)
(RDMA_READ_CONSUME_CHECK_CONSUMER) timestamp=8423 ms, used_size=1495040 bytes (3.6%)
(RDMA_READ_CONSUME_CHECK_CONSUMER) timestamp=8423 ms, used_size=1492992 bytes (3.6%)
(RDMA_READ_CONSUME_CHECK_CONSUMER) timestamp=8423 ms, used_size=1490944 bytes (3.6%)
(RDMA_READ_CONSUME_CHECK_CONSUMER) timestamp=8423 ms, used_size=1488896 bytes (3.6%)
(RDMA_READ_CONSUME_CHECK_CONSUMER) timestamp=8423 ms, used_size=1486848 bytes (3.6%)
(RDMA_READ_CONSUME_CHECK_CONSUMER) timestamp=8423 ms, used_size=1484800 bytes (3.6%)
(RDMA_READ_CONSUME_CHECK_CONSUMER) timestamp=8423 ms, used_size=1482752 bytes (3.6%)
(RDMA_READ_CONSUME_CHECK_CONSUMER) timestamp=8423 ms, used_size=1480704 bytes (3.6%)
(RDMA_READ_CONSUME_CHECK_CONSUMER) timestamp=8423 ms, used_size=1478656 bytes (3.6%)
(RDMA_READ_CONSUME_CHECK_CONSUMER) timestamp=8423 ms, used_size=1476608 bytes (3.6%)
(RDMA_READ_CONSUME_CHECK_CONSUMER) timestamp=8423 ms, used_size=1474560 bytes (3.6%)
(RDMA_READ_CONSUME_CHECK_CONSUMER) timestamp=8423 ms, used_size=1472512 bytes (3.6%)
(RDMA_READ_CONSUME_CHECK_CONSUMER) timestamp=8423 ms, used_size=1470464 bytes (3.6%)
(RDMA_READ_CONSUME_CHECK_CONSUMER) timestamp=8423 ms, used_size=1468416 bytes (3.6%)
(RDMA_READ_CONSUME_CHECK_CONSUMER) timestamp=8423 ms, used_size=1466368 bytes (3.6%)
(RDMA_READ_CONSUME_CHECK_CONSUMER) timestamp=8423 ms, used_size=1464320 bytes (3.6%)
(RDMA_READ_CONSUME_CHECK_CONSUMER) timestamp=8423 ms, used_size=1462272 bytes (3.6%)
(RDMA_READ_CONSUME_CHECK_CONSUMER) timestamp=8423 ms, used_size=1460224 bytes (3.6%)
(RDMA_READ_CONSUME_CHECK_CONSUMER) timestamp=8423 ms, used_size=1458176 bytes (3.6%)
(RDMA_READ_CONSUME_CHECK_CONSUMER) timestamp=8423 ms, used_size=1456128 bytes (3.6%)
(RDMA_READ_CONSUME_CHECK_CONSUMER) timestamp=8423 ms, used_size=1454080 bytes (3.5%)
(RDMA_READ_CONSUME_CHECK_CONSUMER) timestamp=8423 ms, used_size=1452032 bytes (3.5%)
(RDMA_READ_CONSUME_CHECK_CONSUMER) timestamp=8423 ms, used_size=1449984 bytes (3.5%)
(RDMA_READ_CONSUME_CHECK_CONSUMER) timestamp=8423 ms, used_size=1447936 bytes (3.5%)
(RDMA_READ_CONSUME_CHECK_CONSUMER) timestamp=8423 ms, used_size=1445888 bytes (3.5%)
(RDMA_READ_CONSUME_CHECK_CONSUMER) timestamp=8423 ms, used_size=1443840 bytes (3.5%)
(RDMA_READ_CONSUME_CHECK_CONSUMER) timestamp=8423 ms, used_size=1441792 bytes (3.5%)
(RDMA_READ_CONSUME_CHECK_CONSUMER) timestamp=8423 ms, used_size=1439744 bytes (3.5%)
(RDMA_READ_CONSUME_CHECK_CONSUMER) timestamp=8423 ms, used_size=1437696 bytes (3.5%)
(RDMA_READ_CONSUME_CHECK_CONSUMER) timestamp=8423 ms, used_size=1435648 bytes (3.5%)
(RDMA_READ_CONSUME_CHECK_CONSUMER) timestamp=8423 ms, used_size=1433600 bytes (3.5%)
(RDMA_READ_CONSUME_CHECK_CONSUMER) timestamp=8423 ms, used_size=1431552 bytes (3.5%)
(RDMA_READ_CONSUME_CHECK_CONSUMER) timestamp=8423 ms, used_size=1429504 bytes (3.5%)
(RDMA_READ_CONSUME_CHECK_CONSUMER) timestamp=8423 ms, used_size=1427456 bytes (3.5%)
(RDMA_READ_CONSUME_CHECK_CONSUMER) timestamp=8423 ms, used_size=1425408 bytes (3.5%)
(RDMA_READ_CONSUME_CHECK_CONSUMER) timestamp=8423 ms, used_size=1423360 bytes (3.5%)
(RDMA_READ_CONSUME_CHECK_CONSUMER) timestamp=8423 ms, used_size=1421312 bytes (3.5%)
(RDMA_READ_CONSUME_CHECK_CONSUMER) timestamp=8423 ms, used_size=1419264 bytes (3.5%)
(RDMA_READ_CONSUME_CHECK_CONSUMER) timestamp=8423 ms, used_size=1417216 bytes (3.5%)
(RDMA_READ_CONSUME_CHECK_CONSUMER) timestamp=8423 ms, used_size=1415168 bytes (3.5%)
(RDMA_READ_CONSUME_CHECK_CONSUMER) timestamp=8423 ms, used_size=1413120 bytes (3.5%)
(RDMA_READ_CONSUME_CHECK_CONSUMER) timestamp=8423 ms, used_size=1411072 bytes (3.4%)
(RDMA_READ_CONSUME_CHECK_CONSUMER) timestamp=8423 ms, used_size=1409024 bytes (3.4%)
(RDMA_READ_CONSUME_CHECK_CONSUMER) timestamp=8423 ms, used_size=1406976 bytes (3.4%)
(RDMA_READ_CONSUME_CHECK_CONSUMER) timestamp=8423 ms, used_size=1404928 bytes (3.4%)
(RDMA_READ_CONSUME_CHECK_CONSUMER) timestamp=8423 ms, used_size=1402880 bytes (3.4%)
(RDMA_READ_CONSUME_CHECK_CONSUMER) timestamp=8423 ms, used_size=1400832 bytes (3.4%)
(RDMA_READ_CONSUME_CHECK_CONSUMER) timestamp=8423 ms, used_size=1398784 bytes (3.4%)
(RDMA_READ_CONSUME_CHECK_CONSUMER) timestamp=8423 ms, used_size=1396736 bytes (3.4%)
(RDMA_READ_CONSUME_CHECK_CONSUMER) timestamp=8423 ms, used_size=1394688 bytes (3.4%)
(RDMA_READ_CONSUME_CHECK_CONSUMER) timestamp=8423 ms, used_size=1392640 bytes (3.4%)
(RDMA_READ_CONSUME_CHECK_CONSUMER) timestamp=8423 ms, used_size=1390592 bytes (3.4%)
(RDMA_READ_CONSUME_CHECK_CONSUMER) timestamp=8423 ms, used_size=1388544 bytes (3.4%)
(RDMA_READ_CONSUME_CHECK_CONSUMER) timestamp=8423 ms, used_size=1386496 bytes (3.4%)
(RDMA_READ_CONSUME_CHECK_CONSUMER) timestamp=8423 ms, used_size=1384448 bytes (3.4%)
(RDMA_READ_CONSUME_CHECK_CONSUMER) timestamp=8423 ms, used_size=1382400 bytes (3.4%)
(RDMA_READ_CONSUME_CHECK_CONSUMER) timestamp=8423 ms, used_size=1380352 bytes (3.4%)
(RDMA_READ_CONSUME_CHECK_CONSUMER) timestamp=8423 ms, used_size=1378304 bytes (3.4%)
(RDMA_READ_CONSUME_CHECK_CONSUMER) timestamp=8423 ms, used_size=1376256 bytes (3.4%)
(RDMA_READ_CONSUME_CHECK_CONSUMER) timestamp=8423 ms, used_size=1374208 bytes (3.4%)
(RDMA_READ_CONSUME_CHECK_CONSUMER) timestamp=8423 ms, used_size=1372160 bytes (3.4%)
(RDMA_READ_CONSUME_CHECK_CONSUMER) timestamp=8423 ms, used_size=1370112 bytes (3.3%)
(RDMA_READ_CONSUME_CHECK_CONSUMER) timestamp=8423 ms, used_size=1368064 bytes (3.3%)
(RDMA_READ_CONSUME_CHECK_CONSUMER) timestamp=8423 ms, used_size=1366016 bytes (3.3%)
(RDMA_READ_CONSUME_CHECK_CONSUMER) timestamp=8423 ms, used_size=1363968 bytes (3.3%)
(RDMA_READ_CONSUME_CHECK_CONSUMER) timestamp=8423 ms, used_size=1361920 bytes (3.3%)
(RDMA_READ_CONSUME_CHECK_CONSUMER) timestamp=8423 ms, used_size=1359872 bytes (3.3%)
(RDMA_READ_CONSUME_CHECK_CONSUMER) timestamp=8423 ms, used_size=1357824 bytes (3.3%)
(RDMA_READ_CONSUME_CHECK_CONSUMER) timestamp=8423 ms, used_size=1355776 bytes (3.3%)
(RDMA_READ_CONSUME_CHECK_CONSUMER) timestamp=8423 ms, used_size=1353728 bytes (3.3%)
(RDMA_READ_CONSUME_CHECK_CONSUMER) timestamp=8423 ms, used_size=1351680 bytes (3.3%)
(RDMA_READ_CONSUME_CHECK_CONSUMER) timestamp=8423 ms, used_size=1349632 bytes (3.3%)
(RDMA_READ_CONSUME_CHECK_CONSUMER) timestamp=8423 ms, used_size=1347584 bytes (3.3%)
(RDMA_READ_CONSUME_CHECK_CONSUMER) timestamp=8423 ms, used_size=1345536 bytes (3.3%)
(RDMA_READ_CONSUME_CHECK_CONSUMER) timestamp=8423 ms, used_size=1343488 bytes (3.3%)
(RDMA_READ_CONSUME_CHECK_CONSUMER) timestamp=8423 ms, used_size=1341440 bytes (3.3%)
(RDMA_READ_CONSUME_CHECK_CONSUMER) timestamp=8423 ms, used_size=1339392 bytes (3.3%)
(RDMA_READ_CONSUME_CHECK_CONSUMER) timestamp=8423 ms, used_size=1337344 bytes (3.3%)
(RDMA_READ_CONSUME_CHECK_CONSUMER) timestamp=8423 ms, used_size=1335296 bytes (3.3%)
(RDMA_READ_CONSUME_CHECK_CONSUMER) timestamp=8423 ms, used_size=1333248 bytes (3.3%)
(RDMA_READ_CONSUME_CHECK_CONSUMER) timestamp=8423 ms, used_size=1331200 bytes (3.2%)
(RDMA_READ_CONSUME_CHECK_CONSUMER) timestamp=8423 ms, used_size=1329152 bytes (3.2%)
(RDMA_READ_CONSUME_CHECK_CONSUMER) timestamp=8423 ms, used_size=1327104 bytes (3.2%)
(RDMA_READ_CONSUME_CHECK_CONSUMER) timestamp=8423 ms, used_size=1325056 bytes (3.2%)
(RDMA_READ_CONSUME_CHECK_CONSUMER) timestamp=8423 ms, used_size=1323008 bytes (3.2%)
(RDMA_READ_CONSUME_CHECK_CONSUMER) timestamp=8423 ms, used_size=1320960 bytes (3.2%)
(RDMA_READ_CONSUME_CHECK_CONSUMER) timestamp=8423 ms, used_size=1318912 bytes (3.2%)
(RDMA_READ_CONSUME_CHECK_CONSUMER) timestamp=8423 ms, used_size=1316864 bytes (3.2%)
(RDMA_READ_CONSUME_CHECK_CONSUMER) timestamp=8423 ms, used_size=1314816 bytes (3.2%)
(RDMA_READ_CONSUME_CHECK_CONSUMER) timestamp=8423 ms, used_size=1312768 bytes (3.2%)
(RDMA_READ_CONSUME_CHECK_CONSUMER) timestamp=8423 ms, used_size=1310720 bytes (3.2%)
(RDMA_READ_CONSUME_CHECK_CONSUMER) timestamp=8423 ms, used_size=1308672 bytes (3.2%)
(RDMA_READ_CONSUME_CHECK_CONSUMER) timestamp=8423 ms, used_size=1306624 bytes (3.2%)
(RDMA_READ_CONSUME_CHECK_CONSUMER) timestamp=8423 ms, used_size=1304576 bytes (3.2%)
(RDMA_READ_CONSUME_CHECK_CONSUMER) timestamp=8423 ms, used_size=1302528 bytes (3.2%)
(RDMA_READ_CONSUME_CHECK_CONSUMER) timestamp=8423 ms, used_size=1300480 bytes (3.2%)
(RDMA_READ_CONSUME_CHECK_CONSUMER) timestamp=8423 ms, used_size=1298432 bytes (3.2%)
(RDMA_READ_CONSUME_CHECK_CONSUMER) timestamp=8423 ms, used_size=1296384 bytes (3.2%)
(RDMA_READ_CONSUME_CHECK_CONSUMER) timestamp=8423 ms, used_size=1294336 bytes (3.2%)
(RDMA_READ_CONSUME_CHECK_CONSUMER) timestamp=8423 ms, used_size=1292288 bytes (3.2%)
(RDMA_READ_CONSUME_CHECK_CONSUMER) timestamp=8423 ms, used_size=1290240 bytes (3.1%)
(RDMA_READ_CONSUME_CHECK_CONSUMER) timestamp=8423 ms, used_size=1288192 bytes (3.1%)
(RDMA_READ_CONSUME_CHECK_CONSUMER) timestamp=8423 ms, used_size=1286144 bytes (3.1%)
(RDMA_READ_CONSUME_CHECK_CONSUMER) timestamp=8423 ms, used_size=1284096 bytes (3.1%)
(RDMA_READ_CONSUME_CHECK_CONSUMER) timestamp=8423 ms, used_size=1282048 bytes (3.1%)
(RDMA_READ_CONSUME_CHECK_CONSUMER) timestamp=8423 ms, used_size=1280000 bytes (3.1%)
(RDMA_READ_CONSUME_CHECK_CONSUMER) timestamp=8423 ms, used_size=1277952 bytes (3.1%)
(RDMA_READ_CONSUME_CHECK_CONSUMER) timestamp=8423 ms, used_size=1275904 bytes (3.1%)
(RDMA_READ_CONSUME_CHECK_CONSUMER) timestamp=8423 ms, used_size=1273856 bytes (3.1%)
(RDMA_READ_CONSUME_CHECK_CONSUMER) timestamp=8423 ms, used_size=1271808 bytes (3.1%)
(RDMA_READ_CONSUME_CHECK_CONSUMER) timestamp=8423 ms, used_size=1269760 bytes (3.1%)
(RDMA_READ_CONSUME_CHECK_CONSUMER) timestamp=8423 ms, used_size=1267712 bytes (3.1%)
(RDMA_READ_CONSUME_CHECK_CONSUMER) timestamp=8423 ms, used_size=1265664 bytes (3.1%)
(RDMA_READ_CONSUME_CHECK_CONSUMER) timestamp=8423 ms, used_size=1263616 bytes (3.1%)
(RDMA_READ_CONSUME_CHECK_CONSUMER) timestamp=8423 ms, used_size=1261568 bytes (3.1%)
(RDMA_READ_CONSUME_CHECK_CONSUMER) timestamp=8423 ms, used_size=1259520 bytes (3.1%)
(RDMA_READ_CONSUME_CHECK_CONSUMER) timestamp=8423 ms, used_size=1257472 bytes (3.1%)
(RDMA_READ_CONSUME_CHECK_CONSUMER) timestamp=8423 ms, used_size=1255424 bytes (3.1%)
(RDMA_READ_CONSUME_CHECK_CONSUMER) timestamp=8423 ms, used_size=1253376 bytes (3.1%)
(RDMA_READ_CONSUME_CHECK_CONSUMER) timestamp=8424 ms, used_size=1251328 bytes (3.1%)
(RDMA_READ_CONSUME_CHECK_CONSUMER) timestamp=8424 ms, used_size=1249280 bytes (3.0%)
(RDMA_READ_CONSUME_CHECK_CONSUMER) timestamp=8424 ms, used_size=1247232 bytes (3.0%)
(RDMA_READ_CONSUME_CHECK_CONSUMER) timestamp=8424 ms, used_size=1245184 bytes (3.0%)
(RDMA_READ_CONSUME_CHECK_CONSUMER) timestamp=8424 ms, used_size=1243136 bytes (3.0%)
(RDMA_READ_CONSUME_CHECK_CONSUMER) timestamp=8424 ms, used_size=1241088 bytes (3.0%)
(RDMA_READ_CONSUME_CHECK_CONSUMER) timestamp=8424 ms, used_size=1239040 bytes (3.0%)
(RDMA_READ_CONSUME_CHECK_CONSUMER) timestamp=8424 ms, used_size=1236992 bytes (3.0%)
(RDMA_READ_CONSUME_CHECK_CONSUMER) timestamp=8424 ms, used_size=1234944 bytes (3.0%)
(RDMA_READ_CONSUME_CHECK_CONSUMER) timestamp=8424 ms, used_size=1232896 bytes (3.0%)
(RDMA_READ_CONSUME_CHECK_CONSUMER) timestamp=8424 ms, used_size=1230848 bytes (3.0%)
(RDMA_READ_CONSUME_CHECK_CONSUMER) timestamp=8424 ms, used_size=1228800 bytes (3.0%)
(RDMA_READ_CONSUME_CHECK_CONSUMER) timestamp=8424 ms, used_size=1226752 bytes (3.0%)
(RDMA_READ_CONSUME_CHECK_CONSUMER) timestamp=8424 ms, used_size=1224704 bytes (3.0%)
(RDMA_READ_CONSUME_CHECK_CONSUMER) timestamp=8424 ms, used_size=1222656 bytes (3.0%)
(RDMA_READ_CONSUME_CHECK_CONSUMER) timestamp=8424 ms, used_size=1220608 bytes (3.0%)
(RDMA_READ_CONSUME_CHECK_CONSUMER) timestamp=8424 ms, used_size=1218560 bytes (3.0%)
(RDMA_READ_CONSUME_CHECK_CONSUMER) timestamp=8424 ms, used_size=1216512 bytes (3.0%)
(RDMA_READ_CONSUME_CHECK_CONSUMER) timestamp=8424 ms, used_size=1214464 bytes (3.0%)
(RDMA_READ_CONSUME_CHECK_CONSUMER) timestamp=8424 ms, used_size=1212416 bytes (3.0%)
(RDMA_READ_CONSUME_CHECK_CONSUMER) timestamp=8424 ms, used_size=1210368 bytes (3.0%)
(RDMA_READ_CONSUME_CHECK_CONSUMER) timestamp=8424 ms, used_size=1208320 bytes (3.0%)
(RDMA_READ_CONSUME_CHECK_CONSUMER) timestamp=8424 ms, used_size=1206272 bytes (2.9%)
(RDMA_READ_CONSUME_CHECK_CONSUMER) timestamp=8424 ms, used_size=1204224 bytes (2.9%)
(RDMA_READ_CONSUME_CHECK_CONSUMER) timestamp=8424 ms, used_size=1202176 bytes (2.9%)
(RDMA_READ_CONSUME_CHECK_CONSUMER) timestamp=8424 ms, used_size=1200128 bytes (2.9%)
(RDMA_READ_CONSUME_CHECK_CONSUMER) timestamp=8424 ms, used_size=1198080 bytes (2.9%)
(RDMA_READ_CONSUME_CHECK_CONSUMER) timestamp=8424 ms, used_size=1196032 bytes (2.9%)
(RDMA_READ_CONSUME_CHECK_CONSUMER) timestamp=8424 ms, used_size=1193984 bytes (2.9%)
(RDMA_READ_CONSUME_CHECK_CONSUMER) timestamp=8424 ms, used_size=1191936 bytes (2.9%)
(RDMA_READ_CONSUME_CHECK_CONSUMER) timestamp=8424 ms, used_size=1189888 bytes (2.9%)
(RDMA_READ_CONSUME_CHECK_CONSUMER) timestamp=8424 ms, used_size=1187840 bytes (2.9%)
(RDMA_READ_CONSUME_CHECK_CONSUMER) timestamp=8424 ms, used_size=1185792 bytes (2.9%)
(RDMA_READ_CONSUME_CHECK_CONSUMER) timestamp=8424 ms, used_size=1183744 bytes (2.9%)
(RDMA_READ_CONSUME_CHECK_CONSUMER) timestamp=8424 ms, used_size=1181696 bytes (2.9%)
(RDMA_READ_CONSUME_CHECK_CONSUMER) timestamp=8424 ms, used_size=1179648 bytes (2.9%)
(RDMA_READ_CONSUME_CHECK_CONSUMER) timestamp=8424 ms, used_size=1177600 bytes (2.9%)
(RDMA_READ_CONSUME_CHECK_CONSUMER) timestamp=8424 ms, used_size=1175552 bytes (2.9%)
(RDMA_READ_CONSUME_CHECK_CONSUMER) timestamp=8424 ms, used_size=1173504 bytes (2.9%)
(RDMA_READ_CONSUME_CHECK_CONSUMER) timestamp=8424 ms, used_size=1171456 bytes (2.9%)
(RDMA_READ_CONSUME_CHECK_CONSUMER) timestamp=8424 ms, used_size=1169408 bytes (2.9%)
(RDMA_READ_CONSUME_CHECK_CONSUMER) timestamp=8424 ms, used_size=1167360 bytes (2.9%)
(RDMA_READ_CONSUME_CHECK_CONSUMER) timestamp=8424 ms, used_size=1165312 bytes (2.8%)
(RDMA_READ_CONSUME_CHECK_CONSUMER) timestamp=8424 ms, used_size=1163264 bytes (2.8%)
(RDMA_READ_CONSUME_CHECK_CONSUMER) timestamp=8424 ms, used_size=1161216 bytes (2.8%)
(RDMA_READ_CONSUME_CHECK_CONSUMER) timestamp=8424 ms, used_size=1159168 bytes (2.8%)
(RDMA_READ_CONSUME_CHECK_CONSUMER) timestamp=8424 ms, used_size=1157120 bytes (2.8%)
(RDMA_READ_CONSUME_CHECK_CONSUMER) timestamp=8424 ms, used_size=1155072 bytes (2.8%)
(RDMA_READ_CONSUME_CHECK_CONSUMER) timestamp=8424 ms, used_size=1153024 bytes (2.8%)
(RDMA_READ_CONSUME_CHECK_CONSUMER) timestamp=8424 ms, used_size=1150976 bytes (2.8%)
(RDMA_READ_CONSUME_CHECK_CONSUMER) timestamp=8424 ms, used_size=1148928 bytes (2.8%)
(RDMA_READ_CONSUME_CHECK_CONSUMER) timestamp=8424 ms, used_size=1146880 bytes (2.8%)
(RDMA_READ_CONSUME_CHECK_CONSUMER) timestamp=8424 ms, used_size=1144832 bytes (2.8%)
(RDMA_READ_CONSUME_CHECK_CONSUMER) timestamp=8424 ms, used_size=1142784 bytes (2.8%)
(RDMA_READ_CONSUME_CHECK_CONSUMER) timestamp=8424 ms, used_size=1140736 bytes (2.8%)
(RDMA_READ_CONSUME_CHECK_CONSUMER) timestamp=8424 ms, used_size=1138688 bytes (2.8%)
(RDMA_READ_CONSUME_CHECK_CONSUMER) timestamp=8424 ms, used_size=1136640 bytes (2.8%)
(RDMA_READ_CONSUME_CHECK_CONSUMER) timestamp=8424 ms, used_size=1134592 bytes (2.8%)
(RDMA_READ_CONSUME_CHECK_CONSUMER) timestamp=8424 ms, used_size=1132544 bytes (2.8%)
(RDMA_READ_CONSUME_CHECK_CONSUMER) timestamp=8424 ms, used_size=1130496 bytes (2.8%)
(RDMA_READ_CONSUME_CHECK_CONSUMER) timestamp=8424 ms, used_size=1128448 bytes (2.8%)
(RDMA_READ_CONSUME_CHECK_CONSUMER) timestamp=8424 ms, used_size=1126400 bytes (2.8%)
(RDMA_READ_CONSUME_CHECK_CONSUMER) timestamp=8424 ms, used_size=1124352 bytes (2.7%)
(RDMA_READ_CONSUME_CHECK_CONSUMER) timestamp=8424 ms, used_size=1122304 bytes (2.7%)
(RDMA_READ_CONSUME_CHECK_CONSUMER) timestamp=8424 ms, used_size=1120256 bytes (2.7%)
(RDMA_READ_CONSUME_CHECK_CONSUMER) timestamp=8424 ms, used_size=1118208 bytes (2.7%)
(RDMA_READ_CONSUME_CHECK_CONSUMER) timestamp=8424 ms, used_size=1116160 bytes (2.7%)
(RDMA_READ_CONSUME_CHECK_CONSUMER) timestamp=8424 ms, used_size=1114112 bytes (2.7%)
(RDMA_READ_CONSUME_CHECK_CONSUMER) timestamp=8424 ms, used_size=1112064 bytes (2.7%)
(RDMA_READ_CONSUME_CHECK_CONSUMER) timestamp=8424 ms, used_size=1110016 bytes (2.7%)
(RDMA_READ_CONSUME_CHECK_CONSUMER) timestamp=8424 ms, used_size=1107968 bytes (2.7%)
(RDMA_READ_CONSUME_CHECK_CONSUMER) timestamp=8424 ms, used_size=1105920 bytes (2.7%)
(RDMA_READ_CONSUME_CHECK_CONSUMER) timestamp=8424 ms, used_size=1103872 bytes (2.7%)
(RDMA_READ_CONSUME_CHECK_CONSUMER) timestamp=8424 ms, used_size=1101824 bytes (2.7%)
(RDMA_READ_CONSUME_CHECK_CONSUMER) timestamp=8424 ms, used_size=1099776 bytes (2.7%)
(RDMA_READ_CONSUME_CHECK_CONSUMER) timestamp=8424 ms, used_size=1097728 bytes (2.7%)
(RDMA_READ_CONSUME_CHECK_CONSUMER) timestamp=8424 ms, used_size=1095680 bytes (2.7%)
(RDMA_READ_CONSUME_CHECK_CONSUMER) timestamp=8424 ms, used_size=1093632 bytes (2.7%)
(RDMA_READ_CONSUME_CHECK_CONSUMER) timestamp=8424 ms, used_size=1091584 bytes (2.7%)
(RDMA_READ_CONSUME_CHECK_CONSUMER) timestamp=8424 ms, used_size=1089536 bytes (2.7%)
(RDMA_READ_CONSUME_CHECK_CONSUMER) timestamp=8424 ms, used_size=1087488 bytes (2.7%)
(RDMA_READ_CONSUME_CHECK_CONSUMER) timestamp=8424 ms, used_size=1085440 bytes (2.6%)
(RDMA_READ_CONSUME_CHECK_CONSUMER) timestamp=8424 ms, used_size=1083392 bytes (2.6%)
(RDMA_READ_CONSUME_CHECK_CONSUMER) timestamp=8424 ms, used_size=1081344 bytes (2.6%)
(RDMA_READ_CONSUME_CHECK_CONSUMER) timestamp=8424 ms, used_size=1079296 bytes (2.6%)
(RDMA_READ_CONSUME_CHECK_CONSUMER) timestamp=8424 ms, used_size=1077248 bytes (2.6%)
(RDMA_READ_CONSUME_CHECK_CONSUMER) timestamp=8424 ms, used_size=1075200 bytes (2.6%)
(RDMA_READ_CONSUME_CHECK_CONSUMER) timestamp=8424 ms, used_size=1073152 bytes (2.6%)
(RDMA_READ_CONSUME_CHECK_CONSUMER) timestamp=8424 ms, used_size=1071104 bytes (2.6%)
(RDMA_READ_CONSUME_CHECK_CONSUMER) timestamp=8424 ms, used_size=1069056 bytes (2.6%)
(RDMA_READ_CONSUME_CHECK_CONSUMER) timestamp=8424 ms, used_size=1067008 bytes (2.6%)
(RDMA_READ_CONSUME_CHECK_CONSUMER) timestamp=8424 ms, used_size=1064960 bytes (2.6%)
(RDMA_READ_CONSUME_CHECK_CONSUMER) timestamp=8424 ms, used_size=1062912 bytes (2.6%)
(RDMA_READ_CONSUME_CHECK_CONSUMER) timestamp=8424 ms, used_size=1060864 bytes (2.6%)
(RDMA_READ_CONSUME_CHECK_CONSUMER) timestamp=8424 ms, used_size=1058816 bytes (2.6%)
(RDMA_READ_CONSUME_CHECK_CONSUMER) timestamp=8424 ms, used_size=1056768 bytes (2.6%)
(RDMA_READ_CONSUME_CHECK_CONSUMER) timestamp=8424 ms, used_size=1054720 bytes (2.6%)
(RDMA_READ_CONSUME_CHECK_CONSUMER) timestamp=8424 ms, used_size=1052672 bytes (2.6%)
(RDMA_READ_CONSUME_CHECK_CONSUMER) timestamp=8424 ms, used_size=1050624 bytes (2.6%)
(RDMA_READ_CONSUME_CHECK_CONSUMER) timestamp=8424 ms, used_size=1048576 bytes (2.6%)
(RDMA_READ_CONSUME_CHECK_CONSUMER) timestamp=8424 ms, used_size=1046528 bytes (2.6%)
(RDMA_READ_CONSUME_CHECK_CONSUMER) timestamp=8424 ms, used_size=1044480 bytes (2.5%)
(RDMA_READ_CONSUME_CHECK_CONSUMER) timestamp=8424 ms, used_size=1042432 bytes (2.5%)
(RDMA_READ_CONSUME_CHECK_CONSUMER) timestamp=8424 ms, used_size=1040384 bytes (2.5%)
(RDMA_READ_CONSUME_CHECK_CONSUMER) timestamp=8424 ms, used_size=1038336 bytes (2.5%)
(RDMA_READ_CONSUME_CHECK_CONSUMER) timestamp=8424 ms, used_size=1036288 bytes (2.5%)
(RDMA_READ_CONSUME_CHECK_CONSUMER) timestamp=8424 ms, used_size=1034240 bytes (2.5%)
(RDMA_READ_CONSUME_CHECK_CONSUMER) timestamp=8424 ms, used_size=1032192 bytes (2.5%)
(RDMA_READ_CONSUME_CHECK_CONSUMER) timestamp=8424 ms, used_size=1030144 bytes (2.5%)
(RDMA_READ_CONSUME_CHECK_CONSUMER) timestamp=8424 ms, used_size=1028096 bytes (2.5%)
(RDMA_READ_CONSUME_CHECK_CONSUMER) timestamp=8424 ms, used_size=1026048 bytes (2.5%)
(RDMA_READ_CONSUME_CHECK_CONSUMER) timestamp=8424 ms, used_size=1024000 bytes (2.5%)
(RDMA_READ_CONSUME_CHECK_CONSUMER) timestamp=8424 ms, used_size=1021952 bytes (2.5%)
(RDMA_READ_CONSUME_CHECK_CONSUMER) timestamp=8424 ms, used_size=1019904 bytes (2.5%)
(RDMA_READ_CONSUME_CHECK_CONSUMER) timestamp=8424 ms, used_size=1017856 bytes (2.5%)
(RDMA_READ_CONSUME_CHECK_CONSUMER) timestamp=8424 ms, used_size=1015808 bytes (2.5%)
(RDMA_READ_CONSUME_CHECK_CONSUMER) timestamp=8424 ms, used_size=1013760 bytes (2.5%)
(RDMA_READ_CONSUME_CHECK_CONSUMER) timestamp=8424 ms, used_size=1011712 bytes (2.5%)
(RDMA_READ_CONSUME_CHECK_CONSUMER) timestamp=8424 ms, used_size=1009664 bytes (2.5%)
(RDMA_READ_CONSUME_CHECK_CONSUMER) timestamp=8424 ms, used_size=1007616 bytes (2.5%)
(RDMA_READ_CONSUME_CHECK_CONSUMER) timestamp=8424 ms, used_size=1005568 bytes (2.5%)
(RDMA_READ_CONSUME_CHECK_CONSUMER) timestamp=8424 ms, used_size=1003520 bytes (2.5%)
(RDMA_READ_CONSUME_CHECK_CONSUMER) timestamp=8424 ms, used_size=1001472 bytes (2.4%)
(RDMA_READ_CONSUME_CHECK_CONSUMER) timestamp=8424 ms, used_size=999424 bytes (2.4%)
(RDMA_READ_CONSUME_CHECK_CONSUMER) timestamp=8424 ms, used_size=997376 bytes (2.4%)
(RDMA_READ_CONSUME_CHECK_CONSUMER) timestamp=8424 ms, used_size=995328 bytes (2.4%)
(RDMA_READ_CONSUME_CHECK_CONSUMER) timestamp=8424 ms, used_size=993280 bytes (2.4%)
(RDMA_READ_CONSUME_CHECK_CONSUMER) timestamp=8424 ms, used_size=991232 bytes (2.4%)
(RDMA_READ_CONSUME_CHECK_CONSUMER) timestamp=8424 ms, used_size=989184 bytes (2.4%)
(RDMA_READ_CONSUME_CHECK_CONSUMER) timestamp=8424 ms, used_size=987136 bytes (2.4%)
(RDMA_READ_CONSUME_CHECK_CONSUMER) timestamp=8424 ms, used_size=985088 bytes (2.4%)
(RDMA_READ_CONSUME_CHECK_CONSUMER) timestamp=8424 ms, used_size=983040 bytes (2.4%)
(RDMA_READ_CONSUME_CHECK_CONSUMER) timestamp=8424 ms, used_size=980992 bytes (2.4%)
(RDMA_READ_CONSUME_CHECK_CONSUMER) timestamp=8424 ms, used_size=978944 bytes (2.4%)
(RDMA_READ_CONSUME_CHECK_CONSUMER) timestamp=8424 ms, used_size=976896 bytes (2.4%)
(RDMA_READ_CONSUME_CHECK_CONSUMER) timestamp=8424 ms, used_size=974848 bytes (2.4%)
(RDMA_READ_CONSUME_CHECK_CONSUMER) timestamp=8424 ms, used_size=972800 bytes (2.4%)
(RDMA_READ_CONSUME_CHECK_CONSUMER) timestamp=8424 ms, used_size=970752 bytes (2.4%)
(RDMA_READ_CONSUME_CHECK_CONSUMER) timestamp=8424 ms, used_size=968704 bytes (2.4%)
(RDMA_READ_CONSUME_CHECK_CONSUMER) timestamp=8424 ms, used_size=966656 bytes (2.4%)
(RDMA_READ_CONSUME_CHECK_CONSUMER) timestamp=8424 ms, used_size=964608 bytes (2.4%)
(RDMA_READ_CONSUME_CHECK_CONSUMER) timestamp=8424 ms, used_size=962560 bytes (2.4%)
(RDMA_READ_CONSUME_CHECK_CONSUMER) timestamp=8424 ms, used_size=960512 bytes (2.3%)
(RDMA_READ_CONSUME_CHECK_CONSUMER) timestamp=8424 ms, used_size=958464 bytes (2.3%)
(RDMA_READ_CONSUME_CHECK_CONSUMER) timestamp=8424 ms, used_size=956416 bytes (2.3%)
(RDMA_READ_CONSUME_CHECK_CONSUMER) timestamp=8424 ms, used_size=954368 bytes (2.3%)
(RDMA_READ_CONSUME_CHECK_CONSUMER) timestamp=8424 ms, used_size=952320 bytes (2.3%)
(RDMA_READ_CONSUME_CHECK_CONSUMER) timestamp=8424 ms, used_size=950272 bytes (2.3%)
(RDMA_READ_CONSUME_CHECK_CONSUMER) timestamp=8424 ms, used_size=948224 bytes (2.3%)
(RDMA_READ_CONSUME_CHECK_CONSUMER) timestamp=8424 ms, used_size=946176 bytes (2.3%)
(RDMA_READ_CONSUME_CHECK_CONSUMER) timestamp=8424 ms, used_size=944128 bytes (2.3%)
(RDMA_READ_CONSUME_CHECK_CONSUMER) timestamp=8424 ms, used_size=942080 bytes (2.3%)
(RDMA_READ_CONSUME_CHECK_CONSUMER) timestamp=8424 ms, used_size=940032 bytes (2.3%)
(RDMA_READ_CONSUME_CHECK_CONSUMER) timestamp=8424 ms, used_size=937984 bytes (2.3%)
(RDMA_READ_CONSUME_CHECK_CONSUMER) timestamp=8424 ms, used_size=935936 bytes (2.3%)
(RDMA_READ_CONSUME_CHECK_CONSUMER) timestamp=8424 ms, used_size=933888 bytes (2.3%)
(RDMA_READ_CONSUME_CHECK_CONSUMER) timestamp=8424 ms, used_size=931840 bytes (2.3%)
(RDMA_READ_CONSUME_CHECK_CONSUMER) timestamp=8424 ms, used_size=929792 bytes (2.3%)
(RDMA_READ_CONSUME_CHECK_CONSUMER) timestamp=8424 ms, used_size=927744 bytes (2.3%)
(RDMA_READ_CONSUME_CHECK_CONSUMER) timestamp=8424 ms, used_size=925696 bytes (2.3%)
(RDMA_READ_CONSUME_CHECK_CONSUMER) timestamp=8424 ms, used_size=923648 bytes (2.3%)
(RDMA_READ_CONSUME_CHECK_CONSUMER) timestamp=8424 ms, used_size=921600 bytes (2.2%)
(RDMA_READ_CONSUME_CHECK_CONSUMER) timestamp=8424 ms, used_size=919552 bytes (2.2%)
(RDMA_READ_CONSUME_CHECK_CONSUMER) timestamp=8424 ms, used_size=917504 bytes (2.2%)
(RDMA_READ_CONSUME_CHECK_CONSUMER) timestamp=8424 ms, used_size=915456 bytes (2.2%)
(RDMA_READ_CONSUME_CHECK_CONSUMER) timestamp=8425 ms, used_size=913408 bytes (2.2%)
(RDMA_READ_CONSUME_CHECK_CONSUMER) timestamp=8425 ms, used_size=911360 bytes (2.2%)
(RDMA_READ_CONSUME_CHECK_CONSUMER) timestamp=8425 ms, used_size=909312 bytes (2.2%)
(RDMA_READ_CONSUME_CHECK_CONSUMER) timestamp=8425 ms, used_size=907264 bytes (2.2%)
(RDMA_READ_CONSUME_CHECK_CONSUMER) timestamp=8425 ms, used_size=905216 bytes (2.2%)
(RDMA_READ_CONSUME_CHECK_CONSUMER) timestamp=8425 ms, used_size=903168 bytes (2.2%)
(RDMA_READ_CONSUME_CHECK_CONSUMER) timestamp=8425 ms, used_size=901120 bytes (2.2%)
(RDMA_READ_CONSUME_CHECK_CONSUMER) timestamp=8425 ms, used_size=899072 bytes (2.2%)
(RDMA_READ_CONSUME_CHECK_CONSUMER) timestamp=8425 ms, used_size=897024 bytes (2.2%)
(RDMA_READ_CONSUME_CHECK_CONSUMER) timestamp=8425 ms, used_size=894976 bytes (2.2%)
(RDMA_READ_CONSUME_CHECK_CONSUMER) timestamp=8425 ms, used_size=892928 bytes (2.2%)
(RDMA_READ_CONSUME_CHECK_CONSUMER) timestamp=8425 ms, used_size=890880 bytes (2.2%)
(RDMA_READ_CONSUME_CHECK_CONSUMER) timestamp=8425 ms, used_size=888832 bytes (2.2%)
(RDMA_READ_CONSUME_CHECK_CONSUMER) timestamp=8425 ms, used_size=886784 bytes (2.2%)
(RDMA_READ_CONSUME_CHECK_CONSUMER) timestamp=8425 ms, used_size=884736 bytes (2.2%)
(RDMA_READ_CONSUME_CHECK_CONSUMER) timestamp=8425 ms, used_size=882688 bytes (2.2%)
(RDMA_READ_CONSUME_CHECK_CONSUMER) timestamp=8425 ms, used_size=880640 bytes (2.1%)
(RDMA_READ_CONSUME_CHECK_CONSUMER) timestamp=8425 ms, used_size=878592 bytes (2.1%)
(RDMA_READ_CONSUME_CHECK_CONSUMER) timestamp=8425 ms, used_size=876544 bytes (2.1%)
(RDMA_READ_CONSUME_CHECK_CONSUMER) timestamp=8425 ms, used_size=874496 bytes (2.1%)
(RDMA_READ_CONSUME_CHECK_CONSUMER) timestamp=8425 ms, used_size=872448 bytes (2.1%)
(RDMA_READ_CONSUME_CHECK_CONSUMER) timestamp=8425 ms, used_size=870400 bytes (2.1%)
(RDMA_READ_CONSUME_CHECK_CONSUMER) timestamp=8425 ms, used_size=868352 bytes (2.1%)
(RDMA_READ_CONSUME_CHECK_CONSUMER) timestamp=8425 ms, used_size=866304 bytes (2.1%)
(RDMA_READ_CONSUME_CHECK_CONSUMER) timestamp=8425 ms, used_size=864256 bytes (2.1%)
(RDMA_READ_CONSUME_CHECK_CONSUMER) timestamp=8425 ms, used_size=862208 bytes (2.1%)
(RDMA_READ_CONSUME_CHECK_CONSUMER) timestamp=8425 ms, used_size=860160 bytes (2.1%)
(RDMA_READ_CONSUME_CHECK_CONSUMER) timestamp=8425 ms, used_size=858112 bytes (2.1%)
(RDMA_READ_CONSUME_CHECK_CONSUMER) timestamp=8425 ms, used_size=856064 bytes (2.1%)
(RDMA_READ_CONSUME_CHECK_CONSUMER) timestamp=8425 ms, used_size=854016 bytes (2.1%)
(RDMA_READ_CONSUME_CHECK_CONSUMER) timestamp=8425 ms, used_size=851968 bytes (2.1%)
(RDMA_READ_CONSUME_CHECK_CONSUMER) timestamp=8425 ms, used_size=849920 bytes (2.1%)
(RDMA_READ_CONSUME_CHECK_CONSUMER) timestamp=8425 ms, used_size=847872 bytes (2.1%)
(RDMA_READ_CONSUME_CHECK_CONSUMER) timestamp=8425 ms, used_size=845824 bytes (2.1%)
(RDMA_READ_CONSUME_CHECK_CONSUMER) timestamp=8425 ms, used_size=843776 bytes (2.1%)
(RDMA_READ_CONSUME_CHECK_CONSUMER) timestamp=8425 ms, used_size=841728 bytes (2.1%)
(RDMA_READ_CONSUME_CHECK_CONSUMER) timestamp=8425 ms, used_size=839680 bytes (2.0%)
(RDMA_READ_CONSUME_CHECK_CONSUMER) timestamp=8425 ms, used_size=837632 bytes (2.0%)
(RDMA_READ_CONSUME_CHECK_CONSUMER) timestamp=8425 ms, used_size=835584 bytes (2.0%)
(RDMA_READ_CONSUME_CHECK_CONSUMER) timestamp=8425 ms, used_size=833536 bytes (2.0%)
(RDMA_READ_CONSUME_CHECK_CONSUMER) timestamp=8425 ms, used_size=831488 bytes (2.0%)
(RDMA_READ_CONSUME_CHECK_CONSUMER) timestamp=8425 ms, used_size=829440 bytes (2.0%)
(RDMA_READ_CONSUME_CHECK_CONSUMER) timestamp=8425 ms, used_size=827392 bytes (2.0%)
(RDMA_READ_CONSUME_CHECK_CONSUMER) timestamp=8425 ms, used_size=825344 bytes (2.0%)
(RDMA_READ_CONSUME_CHECK_CONSUMER) timestamp=8425 ms, used_size=823296 bytes (2.0%)
(RDMA_READ_CONSUME_CHECK_CONSUMER) timestamp=8425 ms, used_size=821248 bytes (2.0%)
(RDMA_READ_CONSUME_CHECK_CONSUMER) timestamp=8425 ms, used_size=819200 bytes (2.0%)
(RDMA_READ_CONSUME_CHECK_CONSUMER) timestamp=8425 ms, used_size=817152 bytes (2.0%)
(RDMA_READ_CONSUME_CHECK_CONSUMER) timestamp=8425 ms, used_size=815104 bytes (2.0%)
(RDMA_READ_CONSUME_CHECK_CONSUMER) timestamp=8425 ms, used_size=813056 bytes (2.0%)
(RDMA_READ_CONSUME_CHECK_CONSUMER) timestamp=8425 ms, used_size=811008 bytes (2.0%)
(RDMA_READ_CONSUME_CHECK_CONSUMER) timestamp=8425 ms, used_size=808960 bytes (2.0%)
(RDMA_READ_CONSUME_CHECK_CONSUMER) timestamp=8425 ms, used_size=806912 bytes (2.0%)
(RDMA_READ_CONSUME_CHECK_CONSUMER) timestamp=8425 ms, used_size=804864 bytes (2.0%)
(RDMA_READ_CONSUME_CHECK_CONSUMER) timestamp=8425 ms, used_size=802816 bytes (2.0%)
(RDMA_READ_CONSUME_CHECK_CONSUMER) timestamp=8425 ms, used_size=800768 bytes (2.0%)
(RDMA_READ_CONSUME_CHECK_CONSUMER) timestamp=8425 ms, used_size=798720 bytes (1.9%)
(RDMA_READ_CONSUME_CHECK_CONSUMER) timestamp=8425 ms, used_size=796672 bytes (1.9%)
(RDMA_READ_CONSUME_CHECK_CONSUMER) timestamp=8425 ms, used_size=794624 bytes (1.9%)
(RDMA_READ_CONSUME_CHECK_CONSUMER) timestamp=8425 ms, used_size=792576 bytes (1.9%)
(RDMA_READ_CONSUME_CHECK_CONSUMER) timestamp=8425 ms, used_size=790528 bytes (1.9%)
(RDMA_READ_CONSUME_CHECK_CONSUMER) timestamp=8425 ms, used_size=788480 bytes (1.9%)
(RDMA_READ_CONSUME_CHECK_CONSUMER) timestamp=8425 ms, used_size=786432 bytes (1.9%)
(RDMA_READ_CONSUME_CHECK_CONSUMER) timestamp=8425 ms, used_size=784384 bytes (1.9%)
(RDMA_READ_CONSUME_CHECK_CONSUMER) timestamp=8425 ms, used_size=782336 bytes (1.9%)
(RDMA_READ_CONSUME_CHECK_CONSUMER) timestamp=8425 ms, used_size=780288 bytes (1.9%)
(RDMA_READ_CONSUME_CHECK_CONSUMER) timestamp=8425 ms, used_size=778240 bytes (1.9%)
(RDMA_READ_CONSUME_CHECK_CONSUMER) timestamp=8425 ms, used_size=776192 bytes (1.9%)
(RDMA_READ_CONSUME_CHECK_CONSUMER) timestamp=8425 ms, used_size=774144 bytes (1.9%)
(RDMA_READ_CONSUME_CHECK_CONSUMER) timestamp=8425 ms, used_size=772096 bytes (1.9%)
(RDMA_READ_CONSUME_CHECK_CONSUMER) timestamp=8425 ms, used_size=770048 bytes (1.9%)
(RDMA_READ_CONSUME_CHECK_CONSUMER) timestamp=8425 ms, used_size=768000 bytes (1.9%)
(RDMA_READ_CONSUME_CHECK_CONSUMER) timestamp=8425 ms, used_size=765952 bytes (1.9%)
(RDMA_READ_CONSUME_CHECK_CONSUMER) timestamp=8425 ms, used_size=763904 bytes (1.9%)
(RDMA_READ_CONSUME_CHECK_CONSUMER) timestamp=8425 ms, used_size=761856 bytes (1.9%)
(RDMA_READ_CONSUME_CHECK_CONSUMER) timestamp=8425 ms, used_size=759808 bytes (1.9%)
(RDMA_READ_CONSUME_CHECK_CONSUMER) timestamp=8425 ms, used_size=757760 bytes (1.9%)
(RDMA_READ_CONSUME_CHECK_CONSUMER) timestamp=8425 ms, used_size=755712 bytes (1.8%)
(RDMA_READ_CONSUME_CHECK_CONSUMER) timestamp=8425 ms, used_size=753664 bytes (1.8%)
(RDMA_READ_CONSUME_CHECK_CONSUMER) timestamp=8425 ms, used_size=751616 bytes (1.8%)
(RDMA_READ_CONSUME_CHECK_CONSUMER) timestamp=8425 ms, used_size=749568 bytes (1.8%)
(RDMA_READ_CONSUME_CHECK_CONSUMER) timestamp=8425 ms, used_size=747520 bytes (1.8%)
(RDMA_READ_CONSUME_CHECK_CONSUMER) timestamp=8425 ms, used_size=745472 bytes (1.8%)
(RDMA_READ_CONSUME_CHECK_CONSUMER) timestamp=8425 ms, used_size=743424 bytes (1.8%)
(RDMA_READ_CONSUME_CHECK_CONSUMER) timestamp=8425 ms, used_size=741376 bytes (1.8%)
(RDMA_READ_CONSUME_CHECK_CONSUMER) timestamp=8425 ms, used_size=739328 bytes (1.8%)
(RDMA_READ_CONSUME_CHECK_CONSUMER) timestamp=8425 ms, used_size=737280 bytes (1.8%)
(RDMA_READ_CONSUME_CHECK_CONSUMER) timestamp=8425 ms, used_size=735232 bytes (1.8%)
(RDMA_READ_CONSUME_CHECK_CONSUMER) timestamp=8425 ms, used_size=733184 bytes (1.8%)
(RDMA_READ_CONSUME_CHECK_CONSUMER) timestamp=8425 ms, used_size=731136 bytes (1.8%)
(RDMA_READ_CONSUME_CHECK_CONSUMER) timestamp=8425 ms, used_size=729088 bytes (1.8%)
(RDMA_READ_CONSUME_CHECK_CONSUMER) timestamp=8425 ms, used_size=727040 bytes (1.8%)
(RDMA_READ_CONSUME_CHECK_CONSUMER) timestamp=8425 ms, used_size=724992 bytes (1.8%)
(RDMA_READ_CONSUME_CHECK_CONSUMER) timestamp=8425 ms, used_size=722944 bytes (1.8%)
(RDMA_READ_CONSUME_CHECK_CONSUMER) timestamp=8425 ms, used_size=720896 bytes (1.8%)
(RDMA_READ_CONSUME_CHECK_CONSUMER) timestamp=8425 ms, used_size=718848 bytes (1.8%)
(RDMA_READ_CONSUME_CHECK_CONSUMER) timestamp=8425 ms, used_size=716800 bytes (1.8%)
(RDMA_READ_CONSUME_CHECK_CONSUMER) timestamp=8425 ms, used_size=714752 bytes (1.7%)
(RDMA_READ_CONSUME_CHECK_CONSUMER) timestamp=8425 ms, used_size=712704 bytes (1.7%)
(RDMA_READ_CONSUME_CHECK_CONSUMER) timestamp=8425 ms, used_size=710656 bytes (1.7%)
(RDMA_READ_CONSUME_CHECK_CONSUMER) timestamp=8425 ms, used_size=708608 bytes (1.7%)
(RDMA_READ_CONSUME_CHECK_CONSUMER) timestamp=8425 ms, used_size=706560 bytes (1.7%)
(RDMA_READ_CONSUME_CHECK_CONSUMER) timestamp=8425 ms, used_size=704512 bytes (1.7%)
(RDMA_READ_CONSUME_CHECK_CONSUMER) timestamp=8425 ms, used_size=702464 bytes (1.7%)
(RDMA_READ_CONSUME_CHECK_CONSUMER) timestamp=8425 ms, used_size=700416 bytes (1.7%)
(RDMA_READ_CONSUME_CHECK_CONSUMER) timestamp=8425 ms, used_size=698368 bytes (1.7%)
(RDMA_READ_CONSUME_CHECK_CONSUMER) timestamp=8425 ms, used_size=696320 bytes (1.7%)
(RDMA_READ_CONSUME_CHECK_CONSUMER) timestamp=8425 ms, used_size=694272 bytes (1.7%)
(RDMA_READ_CONSUME_CHECK_CONSUMER) timestamp=8425 ms, used_size=692224 bytes (1.7%)
(RDMA_READ_CONSUME_CHECK_CONSUMER) timestamp=8425 ms, used_size=690176 bytes (1.7%)
(RDMA_READ_CONSUME_CHECK_CONSUMER) timestamp=8425 ms, used_size=688128 bytes (1.7%)
(RDMA_READ_CONSUME_CHECK_CONSUMER) timestamp=8425 ms, used_size=686080 bytes (1.7%)
(RDMA_READ_CONSUME_CHECK_CONSUMER) timestamp=8425 ms, used_size=684032 bytes (1.7%)
(RDMA_READ_CONSUME_CHECK_CONSUMER) timestamp=8425 ms, used_size=681984 bytes (1.7%)
(RDMA_READ_CONSUME_CHECK_CONSUMER) timestamp=8425 ms, used_size=679936 bytes (1.7%)
(RDMA_READ_CONSUME_CHECK_CONSUMER) timestamp=8425 ms, used_size=677888 bytes (1.7%)
(RDMA_READ_CONSUME_CHECK_CONSUMER) timestamp=8425 ms, used_size=675840 bytes (1.6%)
(RDMA_READ_CONSUME_CHECK_CONSUMER) timestamp=8425 ms, used_size=673792 bytes (1.6%)
(RDMA_READ_CONSUME_CHECK_CONSUMER) timestamp=8425 ms, used_size=671744 bytes (1.6%)
(RDMA_READ_CONSUME_CHECK_CONSUMER) timestamp=8425 ms, used_size=669696 bytes (1.6%)
(RDMA_READ_CONSUME_CHECK_CONSUMER) timestamp=8425 ms, used_size=667648 bytes (1.6%)
(RDMA_READ_CONSUME_CHECK_CONSUMER) timestamp=8425 ms, used_size=665600 bytes (1.6%)
(RDMA_READ_CONSUME_CHECK_CONSUMER) timestamp=8425 ms, used_size=663552 bytes (1.6%)
(RDMA_READ_CONSUME_CHECK_CONSUMER) timestamp=8425 ms, used_size=661504 bytes (1.6%)
(RDMA_READ_CONSUME_CHECK_CONSUMER) timestamp=8425 ms, used_size=659456 bytes (1.6%)
(RDMA_READ_CONSUME_CHECK_CONSUMER) timestamp=8425 ms, used_size=657408 bytes (1.6%)
(RDMA_READ_CONSUME_CHECK_CONSUMER) timestamp=8425 ms, used_size=655360 bytes (1.6%)
(RDMA_READ_CONSUME_CHECK_CONSUMER) timestamp=8425 ms, used_size=653312 bytes (1.6%)
(RDMA_READ_CONSUME_CHECK_CONSUMER) timestamp=8425 ms, used_size=651264 bytes (1.6%)
(RDMA_READ_CONSUME_CHECK_CONSUMER) timestamp=8425 ms, used_size=649216 bytes (1.6%)
(RDMA_READ_CONSUME_CHECK_CONSUMER) timestamp=8425 ms, used_size=647168 bytes (1.6%)
(RDMA_READ_CONSUME_CHECK_CONSUMER) timestamp=8425 ms, used_size=645120 bytes (1.6%)
(RDMA_READ_CONSUME_CHECK_CONSUMER) timestamp=8425 ms, used_size=643072 bytes (1.6%)
(RDMA_READ_CONSUME_CHECK_CONSUMER) timestamp=8425 ms, used_size=641024 bytes (1.6%)
(RDMA_READ_CONSUME_CHECK_CONSUMER) timestamp=8425 ms, used_size=638976 bytes (1.6%)
(RDMA_READ_CONSUME_CHECK_CONSUMER) timestamp=8425 ms, used_size=636928 bytes (1.6%)
(RDMA_READ_CONSUME_CHECK_CONSUMER) timestamp=8425 ms, used_size=634880 bytes (1.6%)
(RDMA_READ_CONSUME_CHECK_CONSUMER) timestamp=8425 ms, used_size=632832 bytes (1.5%)
(RDMA_READ_CONSUME_CHECK_CONSUMER) timestamp=8425 ms, used_size=630784 bytes (1.5%)
(RDMA_READ_CONSUME_CHECK_CONSUMER) timestamp=8425 ms, used_size=628736 bytes (1.5%)
(RDMA_READ_CONSUME_CHECK_CONSUMER) timestamp=8425 ms, used_size=626688 bytes (1.5%)
(RDMA_READ_CONSUME_CHECK_CONSUMER) timestamp=8425 ms, used_size=624640 bytes (1.5%)
(RDMA_READ_CONSUME_CHECK_CONSUMER) timestamp=8425 ms, used_size=622592 bytes (1.5%)
(RDMA_READ_CONSUME_CHECK_CONSUMER) timestamp=8425 ms, used_size=620544 bytes (1.5%)
(RDMA_READ_CONSUME_CHECK_CONSUMER) timestamp=8425 ms, used_size=618496 bytes (1.5%)
(RDMA_READ_CONSUME_CHECK_CONSUMER) timestamp=8425 ms, used_size=616448 bytes (1.5%)
(RDMA_READ_CONSUME_CHECK_CONSUMER) timestamp=8425 ms, used_size=614400 bytes (1.5%)
(RDMA_READ_CONSUME_CHECK_CONSUMER) timestamp=8425 ms, used_size=612352 bytes (1.5%)
(RDMA_READ_CONSUME_CHECK_CONSUMER) timestamp=8425 ms, used_size=610304 bytes (1.5%)
(RDMA_READ_CONSUME_CHECK_CONSUMER) timestamp=8425 ms, used_size=608256 bytes (1.5%)
(RDMA_READ_CONSUME_CHECK_CONSUMER) timestamp=8425 ms, used_size=606208 bytes (1.5%)
(RDMA_READ_CONSUME_CHECK_CONSUMER) timestamp=8425 ms, used_size=604160 bytes (1.5%)
(RDMA_READ_CONSUME_CHECK_CONSUMER) timestamp=8425 ms, used_size=602112 bytes (1.5%)
(RDMA_READ_CONSUME_CHECK_CONSUMER) timestamp=8425 ms, used_size=600064 bytes (1.5%)
(RDMA_READ_CONSUME_CHECK_CONSUMER) timestamp=8425 ms, used_size=598016 bytes (1.5%)
(RDMA_READ_CONSUME_CHECK_CONSUMER) timestamp=8425 ms, used_size=595968 bytes (1.5%)
(RDMA_READ_CONSUME_CHECK_CONSUMER) timestamp=8425 ms, used_size=593920 bytes (1.4%)
(RDMA_READ_CONSUME_CHECK_CONSUMER) timestamp=8425 ms, used_size=591872 bytes (1.4%)
(RDMA_READ_CONSUME_CHECK_CONSUMER) timestamp=8425 ms, used_size=589824 bytes (1.4%)
(RDMA_READ_CONSUME_CHECK_CONSUMER) timestamp=8425 ms, used_size=587776 bytes (1.4%)
(RDMA_READ_CONSUME_CHECK_CONSUMER) timestamp=8425 ms, used_size=585728 bytes (1.4%)
(RDMA_READ_CONSUME_CHECK_CONSUMER) timestamp=8425 ms, used_size=583680 bytes (1.4%)
(RDMA_READ_CONSUME_CHECK_CONSUMER) timestamp=8425 ms, used_size=581632 bytes (1.4%)
(RDMA_READ_CONSUME_CHECK_CONSUMER) timestamp=8425 ms, used_size=579584 bytes (1.4%)
(RDMA_READ_CONSUME_CHECK_CONSUMER) timestamp=8425 ms, used_size=577536 bytes (1.4%)
(RDMA_READ_CONSUME_CHECK_CONSUMER) timestamp=8425 ms, used_size=575488 bytes (1.4%)
(RDMA_READ_CONSUME_CHECK_CONSUMER) timestamp=8425 ms, used_size=573440 bytes (1.4%)
(RDMA_READ_CONSUME_CHECK_CONSUMER) timestamp=8425 ms, used_size=571392 bytes (1.4%)
(RDMA_READ_CONSUME_CHECK_CONSUMER) timestamp=8425 ms, used_size=569344 bytes (1.4%)
(RDMA_READ_CONSUME_CHECK_CONSUMER) timestamp=8425 ms, used_size=567296 bytes (1.4%)
(RDMA_READ_CONSUME_CHECK_CONSUMER) timestamp=8425 ms, used_size=565248 bytes (1.4%)
(RDMA_READ_CONSUME_CHECK_CONSUMER) timestamp=8425 ms, used_size=563200 bytes (1.4%)
(RDMA_READ_CONSUME_CHECK_CONSUMER) timestamp=8425 ms, used_size=561152 bytes (1.4%)
(RDMA_READ_CONSUME_CHECK_CONSUMER) timestamp=8426 ms, used_size=559104 bytes (1.4%)
(RDMA_READ_CONSUME_CHECK_CONSUMER) timestamp=8426 ms, used_size=557056 bytes (1.4%)
(RDMA_READ_CONSUME_CHECK_CONSUMER) timestamp=8426 ms, used_size=555008 bytes (1.4%)
(RDMA_READ_CONSUME_CHECK_CONSUMER) timestamp=8426 ms, used_size=552960 bytes (1.4%)
(RDMA_READ_CONSUME_CHECK_CONSUMER) timestamp=8426 ms, used_size=550912 bytes (1.3%)
(RDMA_READ_CONSUME_CHECK_CONSUMER) timestamp=8426 ms, used_size=548864 bytes (1.3%)
(RDMA_READ_CONSUME_CHECK_CONSUMER) timestamp=8426 ms, used_size=546816 bytes (1.3%)
(RDMA_READ_CONSUME_CHECK_CONSUMER) timestamp=8426 ms, used_size=544768 bytes (1.3%)
(RDMA_READ_CONSUME_CHECK_CONSUMER) timestamp=8426 ms, used_size=542720 bytes (1.3%)
(RDMA_READ_CONSUME_CHECK_CONSUMER) timestamp=8426 ms, used_size=540672 bytes (1.3%)
(RDMA_READ_CONSUME_CHECK_CONSUMER) timestamp=8426 ms, used_size=538624 bytes (1.3%)
(RDMA_READ_CONSUME_CHECK_CONSUMER) timestamp=8426 ms, used_size=536576 bytes (1.3%)
(RDMA_READ_CONSUME_CHECK_CONSUMER) timestamp=8426 ms, used_size=534528 bytes (1.3%)
(RDMA_READ_CONSUME_CHECK_CONSUMER) timestamp=8426 ms, used_size=532480 bytes (1.3%)
(RDMA_READ_CONSUME_CHECK_CONSUMER) timestamp=8426 ms, used_size=530432 bytes (1.3%)
(RDMA_READ_CONSUME_CHECK_CONSUMER) timestamp=8426 ms, used_size=528384 bytes (1.3%)
(RDMA_READ_CONSUME_CHECK_CONSUMER) timestamp=8426 ms, used_size=526336 bytes (1.3%)
(RDMA_READ_CONSUME_CHECK_CONSUMER) timestamp=8426 ms, used_size=524288 bytes (1.3%)
(RDMA_READ_CONSUME_CHECK_CONSUMER) timestamp=8426 ms, used_size=522240 bytes (1.3%)
(RDMA_READ_CONSUME_CHECK_CONSUMER) timestamp=8426 ms, used_size=520192 bytes (1.3%)
(RDMA_READ_CONSUME_CHECK_CONSUMER) timestamp=8426 ms, used_size=518144 bytes (1.3%)
(RDMA_READ_CONSUME_CHECK_CONSUMER) timestamp=8426 ms, used_size=516096 bytes (1.3%)
(RDMA_READ_CONSUME_CHECK_CONSUMER) timestamp=8426 ms, used_size=514048 bytes (1.3%)
(RDMA_READ_CONSUME_CHECK_CONSUMER) timestamp=8426 ms, used_size=512000 bytes (1.2%)
(RDMA_READ_CONSUME_CHECK_CONSUMER) timestamp=8426 ms, used_size=509952 bytes (1.2%)
(RDMA_READ_CONSUME_CHECK_CONSUMER) timestamp=8426 ms, used_size=507904 bytes (1.2%)
(RDMA_READ_CONSUME_CHECK_CONSUMER) timestamp=8426 ms, used_size=505856 bytes (1.2%)
(RDMA_READ_CONSUME_CHECK_CONSUMER) timestamp=8426 ms, used_size=503808 bytes (1.2%)
(RDMA_READ_CONSUME_CHECK_CONSUMER) timestamp=8426 ms, used_size=501760 bytes (1.2%)
(RDMA_READ_CONSUME_CHECK_CONSUMER) timestamp=8426 ms, used_size=499712 bytes (1.2%)
(RDMA_READ_CONSUME_CHECK_CONSUMER) timestamp=8426 ms, used_size=497664 bytes (1.2%)
(RDMA_READ_CONSUME_CHECK_CONSUMER) timestamp=8426 ms, used_size=495616 bytes (1.2%)
(RDMA_READ_CONSUME_CHECK_CONSUMER) timestamp=8426 ms, used_size=493568 bytes (1.2%)
(RDMA_READ_CONSUME_CHECK_CONSUMER) timestamp=8426 ms, used_size=491520 bytes (1.2%)
(RDMA_READ_CONSUME_CHECK_CONSUMER) timestamp=8426 ms, used_size=489472 bytes (1.2%)
(RDMA_READ_CONSUME_CHECK_CONSUMER) timestamp=8426 ms, used_size=487424 bytes (1.2%)
(RDMA_READ_CONSUME_CHECK_CONSUMER) timestamp=8426 ms, used_size=485376 bytes (1.2%)
(RDMA_READ_CONSUME_CHECK_CONSUMER) timestamp=8426 ms, used_size=483328 bytes (1.2%)
(RDMA_READ_CONSUME_CHECK_CONSUMER) timestamp=8426 ms, used_size=481280 bytes (1.2%)
(RDMA_READ_CONSUME_CHECK_CONSUMER) timestamp=8426 ms, used_size=479232 bytes (1.2%)
(RDMA_READ_CONSUME_CHECK_CONSUMER) timestamp=8426 ms, used_size=477184 bytes (1.2%)
(RDMA_READ_CONSUME_CHECK_CONSUMER) timestamp=8426 ms, used_size=475136 bytes (1.2%)
(RDMA_READ_CONSUME_CHECK_CONSUMER) timestamp=8426 ms, used_size=473088 bytes (1.2%)
(RDMA_READ_CONSUME_CHECK_CONSUMER) timestamp=8426 ms, used_size=471040 bytes (1.1%)
(RDMA_READ_CONSUME_CHECK_CONSUMER) timestamp=8426 ms, used_size=468992 bytes (1.1%)
(RDMA_READ_CONSUME_CHECK_CONSUMER) timestamp=8426 ms, used_size=466944 bytes (1.1%)
(RDMA_READ_CONSUME_CHECK_CONSUMER) timestamp=8426 ms, used_size=464896 bytes (1.1%)
(RDMA_READ_CONSUME_CHECK_CONSUMER) timestamp=8426 ms, used_size=462848 bytes (1.1%)
(RDMA_READ_CONSUME_CHECK_CONSUMER) timestamp=8426 ms, used_size=460800 bytes (1.1%)
(RDMA_READ_CONSUME_CHECK_CONSUMER) timestamp=8426 ms, used_size=458752 bytes (1.1%)
(RDMA_READ_CONSUME_CHECK_CONSUMER) timestamp=8426 ms, used_size=456704 bytes (1.1%)
(RDMA_READ_CONSUME_CHECK_CONSUMER) timestamp=8426 ms, used_size=454656 bytes (1.1%)
(RDMA_READ_CONSUME_CHECK_CONSUMER) timestamp=8426 ms, used_size=452608 bytes (1.1%)
(RDMA_READ_CONSUME_CHECK_CONSUMER) timestamp=8426 ms, used_size=450560 bytes (1.1%)
(RDMA_READ_CONSUME_CHECK_CONSUMER) timestamp=8426 ms, used_size=448512 bytes (1.1%)
(RDMA_READ_CONSUME_CHECK_CONSUMER) timestamp=8426 ms, used_size=446464 bytes (1.1%)
(RDMA_READ_CONSUME_CHECK_CONSUMER) timestamp=8426 ms, used_size=444416 bytes (1.1%)
(RDMA_READ_CONSUME_CHECK_CONSUMER) timestamp=8426 ms, used_size=442368 bytes (1.1%)
(RDMA_READ_CONSUME_CHECK_CONSUMER) timestamp=8426 ms, used_size=440320 bytes (1.1%)
(RDMA_READ_CONSUME_CHECK_CONSUMER) timestamp=8426 ms, used_size=438272 bytes (1.1%)
(RDMA_READ_CONSUME_CHECK_CONSUMER) timestamp=8426 ms, used_size=436224 bytes (1.1%)
(RDMA_READ_CONSUME_CHECK_CONSUMER) timestamp=8426 ms, used_size=434176 bytes (1.1%)
(RDMA_READ_CONSUME_CHECK_CONSUMER) timestamp=8426 ms, used_size=432128 bytes (1.1%)
(RDMA_READ_CONSUME_CHECK_CONSUMER) timestamp=8426 ms, used_size=430080 bytes (1.1%)
(RDMA_READ_CONSUME_CHECK_CONSUMER) timestamp=8426 ms, used_size=428032 bytes (1.0%)
(RDMA_READ_CONSUME_CHECK_CONSUMER) timestamp=8426 ms, used_size=425984 bytes (1.0%)
(RDMA_READ_CONSUME_CHECK_CONSUMER) timestamp=8426 ms, used_size=423936 bytes (1.0%)
(RDMA_READ_CONSUME_CHECK_CONSUMER) timestamp=8426 ms, used_size=421888 bytes (1.0%)
(RDMA_READ_CONSUME_CHECK_CONSUMER) timestamp=8426 ms, used_size=419840 bytes (1.0%)
(RDMA_READ_CONSUME_CHECK_CONSUMER) timestamp=8426 ms, used_size=417792 bytes (1.0%)
(RDMA_READ_CONSUME_CHECK_CONSUMER) timestamp=8426 ms, used_size=415744 bytes (1.0%)
(RDMA_READ_CONSUME_CHECK_CONSUMER) timestamp=8426 ms, used_size=413696 bytes (1.0%)
(RDMA_READ_CONSUME_CHECK_CONSUMER) timestamp=8426 ms, used_size=411648 bytes (1.0%)
(RDMA_READ_CONSUME_CHECK_CONSUMER) timestamp=8426 ms, used_size=409600 bytes (1.0%)
(RDMA_READ_CONSUME_CHECK_CONSUMER) timestamp=8426 ms, used_size=407552 bytes (1.0%)
(RDMA_READ_CONSUME_CHECK_CONSUMER) timestamp=8426 ms, used_size=405504 bytes (1.0%)
(RDMA_READ_CONSUME_CHECK_CONSUMER) timestamp=8426 ms, used_size=403456 bytes (1.0%)
(RDMA_READ_CONSUME_CHECK_CONSUMER) timestamp=8426 ms, used_size=401408 bytes (1.0%)
(RDMA_READ_CONSUME_CHECK_CONSUMER) timestamp=8426 ms, used_size=399360 bytes (1.0%)
(RDMA_READ_CONSUME_CHECK_CONSUMER) timestamp=8426 ms, used_size=397312 bytes (1.0%)
(RDMA_READ_CONSUME_CHECK_CONSUMER) timestamp=8426 ms, used_size=395264 bytes (1.0%)
(RDMA_READ_CONSUME_CHECK_CONSUMER) timestamp=8426 ms, used_size=393216 bytes (1.0%)
(RDMA_READ_CONSUME_CHECK_CONSUMER) timestamp=8426 ms, used_size=391168 bytes (1.0%)
(RDMA_READ_CONSUME_CHECK_CONSUMER) timestamp=8426 ms, used_size=389120 bytes (0.9%)
(RDMA_READ_CONSUME_CHECK_CONSUMER) timestamp=8426 ms, used_size=387072 bytes (0.9%)
(RDMA_READ_CONSUME_CHECK_CONSUMER) timestamp=8426 ms, used_size=385024 bytes (0.9%)
(RDMA_READ_CONSUME_CHECK_CONSUMER) timestamp=8426 ms, used_size=382976 bytes (0.9%)
(RDMA_READ_CONSUME_CHECK_CONSUMER) timestamp=8426 ms, used_size=380928 bytes (0.9%)
(RDMA_READ_CONSUME_CHECK_CONSUMER) timestamp=8426 ms, used_size=378880 bytes (0.9%)
(RDMA_READ_CONSUME_CHECK_CONSUMER) timestamp=8426 ms, used_size=376832 bytes (0.9%)
(RDMA_READ_CONSUME_CHECK_CONSUMER) timestamp=8426 ms, used_size=374784 bytes (0.9%)
(RDMA_READ_CONSUME_CHECK_CONSUMER) timestamp=8426 ms, used_size=372736 bytes (0.9%)
(RDMA_READ_CONSUME_CHECK_CONSUMER) timestamp=8426 ms, used_size=370688 bytes (0.9%)
(RDMA_READ_CONSUME_CHECK_CONSUMER) timestamp=8426 ms, used_size=368640 bytes (0.9%)
(RDMA_READ_CONSUME_CHECK_CONSUMER) timestamp=8426 ms, used_size=366592 bytes (0.9%)
(RDMA_READ_CONSUME_CHECK_CONSUMER) timestamp=8426 ms, used_size=364544 bytes (0.9%)
(RDMA_READ_CONSUME_CHECK_CONSUMER) timestamp=8426 ms, used_size=362496 bytes (0.9%)
(RDMA_READ_CONSUME_CHECK_CONSUMER) timestamp=8426 ms, used_size=360448 bytes (0.9%)
(RDMA_READ_CONSUME_CHECK_CONSUMER) timestamp=8426 ms, used_size=358400 bytes (0.9%)
(RDMA_READ_CONSUME_CHECK_CONSUMER) timestamp=8426 ms, used_size=356352 bytes (0.9%)
(RDMA_READ_CONSUME_CHECK_CONSUMER) timestamp=8426 ms, used_size=354304 bytes (0.9%)
(RDMA_READ_CONSUME_CHECK_CONSUMER) timestamp=8426 ms, used_size=352256 bytes (0.9%)
(RDMA_READ_CONSUME_CHECK_CONSUMER) timestamp=8426 ms, used_size=350208 bytes (0.9%)
(RDMA_READ_CONSUME_CHECK_CONSUMER) timestamp=8426 ms, used_size=348160 bytes (0.8%)
(RDMA_READ_CONSUME_CHECK_CONSUMER) timestamp=8426 ms, used_size=346112 bytes (0.8%)
(RDMA_READ_CONSUME_CHECK_CONSUMER) timestamp=8426 ms, used_size=344064 bytes (0.8%)
(RDMA_READ_CONSUME_CHECK_CONSUMER) timestamp=8426 ms, used_size=342016 bytes (0.8%)
(RDMA_READ_CONSUME_CHECK_CONSUMER) timestamp=8426 ms, used_size=339968 bytes (0.8%)
(RDMA_READ_CONSUME_CHECK_CONSUMER) timestamp=8426 ms, used_size=337920 bytes (0.8%)
(RDMA_READ_CONSUME_CHECK_CONSUMER) timestamp=8426 ms, used_size=335872 bytes (0.8%)
(RDMA_READ_CONSUME_CHECK_CONSUMER) timestamp=8426 ms, used_size=333824 bytes (0.8%)
(RDMA_READ_CONSUME_CHECK_CONSUMER) timestamp=8426 ms, used_size=331776 bytes (0.8%)
(RDMA_READ_CONSUME_CHECK_CONSUMER) timestamp=8426 ms, used_size=329728 bytes (0.8%)
(RDMA_READ_CONSUME_CHECK_CONSUMER) timestamp=8426 ms, used_size=327680 bytes (0.8%)
(RDMA_READ_CONSUME_CHECK_CONSUMER) timestamp=8426 ms, used_size=325632 bytes (0.8%)
(RDMA_READ_CONSUME_CHECK_CONSUMER) timestamp=8426 ms, used_size=323584 bytes (0.8%)
(RDMA_READ_CONSUME_CHECK_CONSUMER) timestamp=8426 ms, used_size=321536 bytes (0.8%)
(RDMA_READ_CONSUME_CHECK_CONSUMER) timestamp=8426 ms, used_size=319488 bytes (0.8%)
(RDMA_READ_CONSUME_CHECK_CONSUMER) timestamp=8426 ms, used_size=317440 bytes (0.8%)
(RDMA_READ_CONSUME_CHECK_CONSUMER) timestamp=8426 ms, used_size=315392 bytes (0.8%)
(RDMA_READ_CONSUME_CHECK_CONSUMER) timestamp=8426 ms, used_size=313344 bytes (0.8%)
(RDMA_READ_CONSUME_CHECK_CONSUMER) timestamp=8426 ms, used_size=311296 bytes (0.8%)
(RDMA_READ_CONSUME_CHECK_CONSUMER) timestamp=8426 ms, used_size=309248 bytes (0.8%)
(RDMA_READ_CONSUME_CHECK_CONSUMER) timestamp=8426 ms, used_size=307200 bytes (0.8%)
(RDMA_READ_CONSUME_CHECK_CONSUMER) timestamp=8426 ms, used_size=305152 bytes (0.7%)
(RDMA_READ_CONSUME_CHECK_CONSUMER) timestamp=8426 ms, used_size=303104 bytes (0.7%)
(RDMA_READ_CONSUME_CHECK_CONSUMER) timestamp=8426 ms, used_size=301056 bytes (0.7%)
(RDMA_READ_CONSUME_CHECK_CONSUMER) timestamp=8426 ms, used_size=299008 bytes (0.7%)
(RDMA_READ_CONSUME_CHECK_CONSUMER) timestamp=8426 ms, used_size=296960 bytes (0.7%)
(RDMA_READ_CONSUME_CHECK_CONSUMER) timestamp=8426 ms, used_size=294912 bytes (0.7%)
(RDMA_READ_CONSUME_CHECK_CONSUMER) timestamp=8426 ms, used_size=292864 bytes (0.7%)
(RDMA_READ_CONSUME_CHECK_CONSUMER) timestamp=8426 ms, used_size=290816 bytes (0.7%)
(RDMA_READ_CONSUME_CHECK_CONSUMER) timestamp=8426 ms, used_size=288768 bytes (0.7%)
(RDMA_READ_CONSUME_CHECK_CONSUMER) timestamp=8426 ms, used_size=286720 bytes (0.7%)
(RDMA_READ_CONSUME_CHECK_CONSUMER) timestamp=8426 ms, used_size=284672 bytes (0.7%)
(RDMA_READ_CONSUME_CHECK_CONSUMER) timestamp=8426 ms, used_size=282624 bytes (0.7%)
(RDMA_READ_CONSUME_CHECK_CONSUMER) timestamp=8426 ms, used_size=280576 bytes (0.7%)
(RDMA_READ_CONSUME_CHECK_CONSUMER) timestamp=8426 ms, used_size=278528 bytes (0.7%)
(RDMA_READ_CONSUME_CHECK_CONSUMER) timestamp=8426 ms, used_size=276480 bytes (0.7%)
(RDMA_READ_CONSUME_CHECK_CONSUMER) timestamp=8426 ms, used_size=274432 bytes (0.7%)
(RDMA_READ_CONSUME_CHECK_CONSUMER) timestamp=8426 ms, used_size=272384 bytes (0.7%)
(RDMA_READ_CONSUME_CHECK_CONSUMER) timestamp=8426 ms, used_size=270336 bytes (0.7%)
(RDMA_READ_CONSUME_CHECK_CONSUMER) timestamp=8426 ms, used_size=268288 bytes (0.7%)
(RDMA_READ_CONSUME_CHECK_CONSUMER) timestamp=8426 ms, used_size=266240 bytes (0.7%)
(RDMA_READ_CONSUME_CHECK_CONSUMER) timestamp=8426 ms, used_size=264192 bytes (0.6%)
(RDMA_READ_CONSUME_CHECK_CONSUMER) timestamp=8426 ms, used_size=262144 bytes (0.6%)
(RDMA_READ_CONSUME_CHECK_CONSUMER) timestamp=8426 ms, used_size=260096 bytes (0.6%)
(RDMA_READ_CONSUME_CHECK_CONSUMER) timestamp=8426 ms, used_size=258048 bytes (0.6%)
(RDMA_READ_CONSUME_CHECK_CONSUMER) timestamp=8426 ms, used_size=256000 bytes (0.6%)
(RDMA_READ_CONSUME_CHECK_CONSUMER) timestamp=8426 ms, used_size=253952 bytes (0.6%)
(RDMA_READ_CONSUME_CHECK_CONSUMER) timestamp=8426 ms, used_size=251904 bytes (0.6%)
(RDMA_READ_CONSUME_CHECK_CONSUMER) timestamp=8426 ms, used_size=249856 bytes (0.6%)
(RDMA_READ_CONSUME_CHECK_CONSUMER) timestamp=8426 ms, used_size=247808 bytes (0.6%)
(RDMA_READ_CONSUME_CHECK_CONSUMER) timestamp=8426 ms, used_size=245760 bytes (0.6%)
(RDMA_READ_CONSUME_CHECK_CONSUMER) timestamp=8426 ms, used_size=243712 bytes (0.6%)
(RDMA_READ_CONSUME_CHECK_CONSUMER) timestamp=8426 ms, used_size=241664 bytes (0.6%)
(RDMA_READ_CONSUME_CHECK_CONSUMER) timestamp=8426 ms, used_size=239616 bytes (0.6%)
(RDMA_READ_CONSUME_CHECK_CONSUMER) timestamp=8426 ms, used_size=237568 bytes (0.6%)
(RDMA_READ_CONSUME_CHECK_CONSUMER) timestamp=8426 ms, used_size=235520 bytes (0.6%)
(RDMA_READ_CONSUME_CHECK_CONSUMER) timestamp=8426 ms, used_size=233472 bytes (0.6%)
(RDMA_READ_CONSUME_CHECK_CONSUMER) timestamp=8426 ms, used_size=231424 bytes (0.6%)
(RDMA_READ_CONSUME_CHECK_CONSUMER) timestamp=8426 ms, used_size=229376 bytes (0.6%)
(RDMA_READ_CONSUME_CHECK_CONSUMER) timestamp=8426 ms, used_size=227328 bytes (0.6%)
(RDMA_READ_CONSUME_CHECK_CONSUMER) timestamp=8426 ms, used_size=225280 bytes (0.6%)
(RDMA_READ_CONSUME_CHECK_CONSUMER) timestamp=8426 ms, used_size=223232 bytes (0.5%)
(RDMA_READ_CONSUME_CHECK_CONSUMER) timestamp=8426 ms, used_size=221184 bytes (0.5%)
(RDMA_READ_CONSUME_CHECK_CONSUMER) timestamp=8426 ms, used_size=219136 bytes (0.5%)
(RDMA_READ_CONSUME_CHECK_CONSUMER) timestamp=8426 ms, used_size=217088 bytes (0.5%)
(RDMA_READ_CONSUME_CHECK_CONSUMER) timestamp=8426 ms, used_size=215040 bytes (0.5%)
(RDMA_READ_CONSUME_CHECK_CONSUMER) timestamp=8426 ms, used_size=212992 bytes (0.5%)
(RDMA_READ_CONSUME_CHECK_CONSUMER) timestamp=8427 ms, used_size=210944 bytes (0.5%)
(RDMA_READ_CONSUME_CHECK_CONSUMER) timestamp=8427 ms, used_size=208896 bytes (0.5%)
(RDMA_READ_CONSUME_CHECK_CONSUMER) timestamp=8427 ms, used_size=206848 bytes (0.5%)
(RDMA_READ_CONSUME_CHECK_CONSUMER) timestamp=8427 ms, used_size=204800 bytes (0.5%)
(RDMA_READ_CONSUME_CHECK_CONSUMER) timestamp=8427 ms, used_size=202752 bytes (0.5%)
(RDMA_READ_CONSUME_CHECK_CONSUMER) timestamp=8427 ms, used_size=200704 bytes (0.5%)
(RDMA_READ_CONSUME_CHECK_CONSUMER) timestamp=8427 ms, used_size=198656 bytes (0.5%)
(RDMA_READ_CONSUME_CHECK_CONSUMER) timestamp=8427 ms, used_size=196608 bytes (0.5%)
(RDMA_READ_CONSUME_CHECK_CONSUMER) timestamp=8427 ms, used_size=194560 bytes (0.5%)
(RDMA_READ_CONSUME_CHECK_CONSUMER) timestamp=8427 ms, used_size=192512 bytes (0.5%)
(RDMA_READ_CONSUME_CHECK_CONSUMER) timestamp=8427 ms, used_size=190464 bytes (0.5%)
(RDMA_READ_CONSUME_CHECK_CONSUMER) timestamp=8427 ms, used_size=188416 bytes (0.5%)
(RDMA_READ_CONSUME_CHECK_CONSUMER) timestamp=8427 ms, used_size=186368 bytes (0.5%)
(RDMA_READ_CONSUME_CHECK_CONSUMER) timestamp=8427 ms, used_size=184320 bytes (0.5%)
(RDMA_READ_CONSUME_CHECK_CONSUMER) timestamp=8427 ms, used_size=182272 bytes (0.4%)
(RDMA_READ_CONSUME_CHECK_CONSUMER) timestamp=8427 ms, used_size=180224 bytes (0.4%)
(RDMA_READ_CONSUME_CHECK_CONSUMER) timestamp=8427 ms, used_size=178176 bytes (0.4%)
(RDMA_READ_CONSUME_CHECK_CONSUMER) timestamp=8427 ms, used_size=176128 bytes (0.4%)
(RDMA_READ_CONSUME_CHECK_CONSUMER) timestamp=8427 ms, used_size=174080 bytes (0.4%)
(RDMA_READ_CONSUME_CHECK_CONSUMER) timestamp=8427 ms, used_size=172032 bytes (0.4%)
(RDMA_READ_CONSUME_CHECK_CONSUMER) timestamp=8427 ms, used_size=169984 bytes (0.4%)
(RDMA_READ_CONSUME_CHECK_CONSUMER) timestamp=8427 ms, used_size=167936 bytes (0.4%)
(RDMA_READ_CONSUME_CHECK_CONSUMER) timestamp=8427 ms, used_size=165888 bytes (0.4%)
(RDMA_READ_CONSUME_CHECK_CONSUMER) timestamp=8427 ms, used_size=163840 bytes (0.4%)
(RDMA_READ_CONSUME_CHECK_CONSUMER) timestamp=8427 ms, used_size=161792 bytes (0.4%)
(RDMA_READ_CONSUME_CHECK_CONSUMER) timestamp=8427 ms, used_size=159744 bytes (0.4%)
(RDMA_READ_CONSUME_CHECK_CONSUMER) timestamp=8427 ms, used_size=157696 bytes (0.4%)
(RDMA_READ_CONSUME_CHECK_CONSUMER) timestamp=8427 ms, used_size=155648 bytes (0.4%)
(RDMA_READ_CONSUME_CHECK_CONSUMER) timestamp=8427 ms, used_size=153600 bytes (0.4%)
(RDMA_READ_CONSUME_CHECK_CONSUMER) timestamp=8427 ms, used_size=151552 bytes (0.4%)
(RDMA_READ_CONSUME_CHECK_CONSUMER) timestamp=8427 ms, used_size=149504 bytes (0.4%)
(RDMA_READ_CONSUME_CHECK_CONSUMER) timestamp=8427 ms, used_size=147456 bytes (0.4%)
(RDMA_READ_CONSUME_CHECK_CONSUMER) timestamp=8427 ms, used_size=145408 bytes (0.4%)
(RDMA_READ_CONSUME_CHECK_CONSUMER) timestamp=8427 ms, used_size=143360 bytes (0.3%)
(RDMA_READ_CONSUME_CHECK_CONSUMER) timestamp=8427 ms, used_size=141312 bytes (0.3%)
(RDMA_READ_CONSUME_CHECK_CONSUMER) timestamp=8427 ms, used_size=139264 bytes (0.3%)
(RDMA_READ_CONSUME_CHECK_CONSUMER) timestamp=8427 ms, used_size=137216 bytes (0.3%)
(RDMA_READ_CONSUME_CHECK_CONSUMER) timestamp=8427 ms, used_size=135168 bytes (0.3%)
(RDMA_READ_CONSUME_CHECK_CONSUMER) timestamp=8427 ms, used_size=133120 bytes (0.3%)
(RDMA_READ_CONSUME_CHECK_CONSUMER) timestamp=8427 ms, used_size=131072 bytes (0.3%)
(RDMA_READ_CONSUME_CHECK_CONSUMER) timestamp=8427 ms, used_size=129024 bytes (0.3%)
(RDMA_READ_CONSUME_CHECK_CONSUMER) timestamp=8427 ms, used_size=126976 bytes (0.3%)
(RDMA_READ_CONSUME_CHECK_CONSUMER) timestamp=8427 ms, used_size=124928 bytes (0.3%)
(RDMA_READ_CONSUME_CHECK_CONSUMER) timestamp=8427 ms, used_size=122880 bytes (0.3%)
(RDMA_READ_CONSUME_CHECK_CONSUMER) timestamp=8427 ms, used_size=120832 bytes (0.3%)
(RDMA_READ_CONSUME_CHECK_CONSUMER) timestamp=8427 ms, used_size=118784 bytes (0.3%)
(RDMA_READ_CONSUME_CHECK_CONSUMER) timestamp=8427 ms, used_size=116736 bytes (0.3%)
(RDMA_READ_CONSUME_CHECK_CONSUMER) timestamp=8427 ms, used_size=114688 bytes (0.3%)
(RDMA_READ_CONSUME_CHECK_CONSUMER) timestamp=8427 ms, used_size=112640 bytes (0.3%)
(RDMA_READ_CONSUME_CHECK_CONSUMER) timestamp=8427 ms, used_size=110592 bytes (0.3%)
(RDMA_READ_CONSUME_CHECK_CONSUMER) timestamp=8427 ms, used_size=108544 bytes (0.3%)
(RDMA_READ_CONSUME_CHECK_CONSUMER) timestamp=8427 ms, used_size=106496 bytes (0.3%)
(RDMA_READ_CONSUME_CHECK_CONSUMER) timestamp=8427 ms, used_size=104448 bytes (0.3%)
(RDMA_READ_CONSUME_CHECK_CONSUMER) timestamp=8427 ms, used_size=102400 bytes (0.2%)
(RDMA_READ_CONSUME_CHECK_CONSUMER) timestamp=8427 ms, used_size=100352 bytes (0.2%)
(RDMA_READ_CONSUME_CHECK_CONSUMER) timestamp=8427 ms, used_size=98304 bytes (0.2%)
(RDMA_READ_CONSUME_CHECK_CONSUMER) timestamp=8427 ms, used_size=96256 bytes (0.2%)
(RDMA_READ_CONSUME_CHECK_CONSUMER) timestamp=8427 ms, used_size=94208 bytes (0.2%)
(RDMA_READ_CONSUME_CHECK_CONSUMER) timestamp=8427 ms, used_size=92160 bytes (0.2%)
(RDMA_READ_CONSUME_CHECK_CONSUMER) timestamp=8427 ms, used_size=90112 bytes (0.2%)
(RDMA_READ_CONSUME_CHECK_CONSUMER) timestamp=8427 ms, used_size=88064 bytes (0.2%)
(RDMA_READ_CONSUME_CHECK_CONSUMER) timestamp=8427 ms, used_size=86016 bytes (0.2%)
(RDMA_READ_CONSUME_CHECK_CONSUMER) timestamp=8427 ms, used_size=83968 bytes (0.2%)
(RDMA_READ_CONSUME_CHECK_CONSUMER) timestamp=8427 ms, used_size=81920 bytes (0.2%)
(RDMA_READ_CONSUME_CHECK_CONSUMER) timestamp=8427 ms, used_size=79872 bytes (0.2%)
(RDMA_READ_CONSUME_CHECK_CONSUMER) timestamp=8427 ms, used_size=77824 bytes (0.2%)
(RDMA_READ_CONSUME_CHECK_CONSUMER) timestamp=8427 ms, used_size=75776 bytes (0.2%)
(RDMA_READ_CONSUME_CHECK_CONSUMER) timestamp=8427 ms, used_size=73728 bytes (0.2%)
(RDMA_READ_CONSUME_CHECK_CONSUMER) timestamp=8427 ms, used_size=71680 bytes (0.2%)
(RDMA_READ_CONSUME_CHECK_CONSUMER) timestamp=8427 ms, used_size=69632 bytes (0.2%)
(RDMA_READ_CONSUME_CHECK_CONSUMER) timestamp=8427 ms, used_size=67584 bytes (0.2%)
(RDMA_READ_CONSUME_CHECK_CONSUMER) timestamp=8427 ms, used_size=65536 bytes (0.2%)
(RDMA_READ_CONSUME_CHECK_CONSUMER) timestamp=8427 ms, used_size=63488 bytes (0.2%)
(RDMA_READ_CONSUME_CHECK_CONSUMER) timestamp=8427 ms, used_size=61440 bytes (0.1%)
(RDMA_READ_CONSUME_CHECK_CONSUMER) timestamp=8427 ms, used_size=59392 bytes (0.1%)
(RDMA_READ_CONSUME_CHECK_CONSUMER) timestamp=8427 ms, used_size=57344 bytes (0.1%)
(RDMA_READ_CONSUME_CHECK_CONSUMER) timestamp=8427 ms, used_size=55296 bytes (0.1%)
(RDMA_READ_CONSUME_CHECK_CONSUMER) timestamp=8427 ms, used_size=53248 bytes (0.1%)
(RDMA_READ_CONSUME_CHECK_CONSUMER) timestamp=8427 ms, used_size=51200 bytes (0.1%)
(RDMA_READ_CONSUME_CHECK_CONSUMER) timestamp=8427 ms, used_size=49152 bytes (0.1%)
(RDMA_READ_CONSUME_CHECK_CONSUMER) timestamp=8427 ms, used_size=47104 bytes (0.1%)
(RDMA_READ_CONSUME_CHECK_CONSUMER) timestamp=8427 ms, used_size=45056 bytes (0.1%)
(RDMA_READ_CONSUME_CHECK_CONSUMER) timestamp=8427 ms, used_size=43008 bytes (0.1%)
(RDMA_READ_CONSUME_CHECK_CONSUMER) timestamp=8427 ms, used_size=40960 bytes (0.1%)
(RDMA_READ_CONSUME_CHECK_CONSUMER) timestamp=8427 ms, used_size=38912 bytes (0.1%)
(RDMA_READ_CONSUME_CHECK_CONSUMER) timestamp=8427 ms, used_size=36864 bytes (0.1%)
(RDMA_READ_CONSUME_CHECK_CONSUMER) timestamp=8427 ms, used_size=34816 bytes (0.1%)
(RDMA_READ_CONSUME_CHECK_CONSUMER) timestamp=8427 ms, used_size=32768 bytes (0.1%)
(RDMA_READ_CONSUME_CHECK_CONSUMER) timestamp=8427 ms, used_size=30720 bytes (0.1%)
(RDMA_READ_CONSUME_CHECK_CONSUMER) timestamp=8427 ms, used_size=28672 bytes (0.1%)
(RDMA_READ_CONSUME_CHECK_CONSUMER) timestamp=8427 ms, used_size=26624 bytes (0.1%)
(RDMA_READ_CONSUME_CHECK_CONSUMER) timestamp=8427 ms, used_size=24576 bytes (0.1%)
(RDMA_READ_CONSUME_CHECK_CONSUMER) timestamp=8427 ms, used_size=22528 bytes (0.1%)
(RDMA_READ_CONSUME_CHECK_CONSUMER) timestamp=8427 ms, used_size=20480 bytes (0.1%)
(RDMA_READ_CONSUME_CHECK_CONSUMER) timestamp=8427 ms, used_size=18432 bytes (0.0%)
(RDMA_READ_CONSUME_CHECK_CONSUMER) timestamp=8427 ms, used_size=16384 bytes (0.0%)
(RDMA_READ_CONSUME_CHECK_CONSUMER) timestamp=8427 ms, used_size=14336 bytes (0.0%)
(RDMA_READ_CONSUME_CHECK_CONSUMER) timestamp=8427 ms, used_size=12288 bytes (0.0%)
(RDMA_READ_CONSUME_CHECK_CONSUMER) timestamp=8427 ms, used_size=10240 bytes (0.0%)
(RDMA_READ_CONSUME_CHECK_CONSUMER) timestamp=8427 ms, used_size=8192 bytes (0.0%)
(RDMA_READ_CONSUME_CHECK_CONSUMER) timestamp=8427 ms, used_size=6144 bytes (0.0%)
(RDMA_READ_CONSUME_CHECK_CONSUMER) timestamp=8427 ms, used_size=4096 bytes (0.0%)
(RDMA_READ_CONSUME_CHECK_CONSUMER) timestamp=8427 ms, used_size=2048 bytes (0.0%)
(RDMA_READ_CONSUME_CHECK_CONSUMER) timestamp=8427 ms, used_size=0 bytes (0.0%)
(RDMA_READ_CONSUME_CHECK) Cycle 7, Batch 0: CRC32 OK (0xbeaa30f3), 8192 messages verified
(RDMA_READ_CONSUME_CHECK_CONSUMER) timestamp=8427 ms, used_size=16775168 bytes (41.0%)
(RDMA_READ_CONSUME_CHECK_CONSUMER) timestamp=9330 ms, used_size=16773120 bytes (41.0%)
(RDMA_READ_CONSUME_CHECK_CONSUMER) timestamp=9330 ms, used_size=16771072 bytes (40.9%)
(RDMA_READ_CONSUME_CHECK_CONSUMER) timestamp=9330 ms, used_size=16769024 bytes (40.9%)
(RDMA_READ_CONSUME_CHECK_CONSUMER) timestamp=9330 ms, used_size=16766976 bytes (40.9%)
(RDMA_READ_CONSUME_CHECK_CONSUMER) timestamp=9330 ms, used_size=16764928 bytes (40.9%)
(RDMA_READ_CONSUME_CHECK_CONSUMER) timestamp=9330 ms, used_size=16762880 bytes (40.9%)
(RDMA_READ_CONSUME_CHECK_CONSUMER) timestamp=9330 ms, used_size=16760832 bytes (40.9%)
(RDMA_READ_CONSUME_CHECK_CONSUMER) timestamp=9330 ms, used_size=16758784 bytes (40.9%)
(RDMA_READ_CONSUME_CHECK_CONSUMER) timestamp=9330 ms, used_size=16756736 bytes (40.9%)
(RDMA_READ_CONSUME_CHECK_CONSUMER) timestamp=9330 ms, used_size=16754688 bytes (40.9%)
(RDMA_READ_CONSUME_CHECK_CONSUMER) timestamp=9330 ms, used_size=16752640 bytes (40.9%)
(RDMA_READ_CONSUME_CHECK_CONSUMER) timestamp=9330 ms, used_size=16750592 bytes (40.9%)
(RDMA_READ_CONSUME_CHECK_CONSUMER) timestamp=9330 ms, used_size=16748544 bytes (40.9%)
(RDMA_READ_CONSUME_CHECK_CONSUMER) timestamp=9330 ms, used_size=16746496 bytes (40.9%)
(RDMA_READ_CONSUME_CHECK_CONSUMER) timestamp=9330 ms, used_size=16744448 bytes (40.9%)
(RDMA_READ_CONSUME_CHECK_CONSUMER) timestamp=9330 ms, used_size=16742400 bytes (40.9%)
(RDMA_READ_CONSUME_CHECK_CONSUMER) timestamp=9330 ms, used_size=16740352 bytes (40.9%)
(RDMA_READ_CONSUME_CHECK_CONSUMER) timestamp=9330 ms, used_size=16738304 bytes (40.9%)
(RDMA_READ_CONSUME_CHECK_CONSUMER) timestamp=9330 ms, used_size=16736256 bytes (40.9%)
(RDMA_READ_CONSUME_CHECK_CONSUMER) timestamp=9330 ms, used_size=16734208 bytes (40.9%)
(RDMA_READ_CONSUME_CHECK_CONSUMER) timestamp=9330 ms, used_size=16732160 bytes (40.9%)
(RDMA_READ_CONSUME_CHECK_CONSUMER) timestamp=9330 ms, used_size=16730112 bytes (40.8%)
(RDMA_READ_CONSUME_CHECK_CONSUMER) timestamp=9330 ms, used_size=16728064 bytes (40.8%)
(RDMA_READ_CONSUME_CHECK_CONSUMER) timestamp=9330 ms, used_size=16726016 bytes (40.8%)
(RDMA_READ_CONSUME_CHECK_CONSUMER) timestamp=9330 ms, used_size=16723968 bytes (40.8%)
(RDMA_READ_CONSUME_CHECK_CONSUMER) timestamp=9330 ms, used_size=16721920 bytes (40.8%)
(RDMA_READ_CONSUME_CHECK_CONSUMER) timestamp=9330 ms, used_size=16719872 bytes (40.8%)
(RDMA_READ_CONSUME_CHECK_CONSUMER) timestamp=9330 ms, used_size=16717824 bytes (40.8%)
(RDMA_READ_CONSUME_CHECK_CONSUMER) timestamp=9330 ms, used_size=16715776 bytes (40.8%)
(RDMA_READ_CONSUME_CHECK_CONSUMER) timestamp=9330 ms, used_size=16713728 bytes (40.8%)
(RDMA_READ_CONSUME_CHECK_CONSUMER) timestamp=9330 ms, used_size=16711680 bytes (40.8%)
(RDMA_READ_CONSUME_CHECK_CONSUMER) timestamp=9330 ms, used_size=16709632 bytes (40.8%)
(RDMA_READ_CONSUME_CHECK_CONSUMER) timestamp=9330 ms, used_size=16707584 bytes (40.8%)
(RDMA_READ_CONSUME_CHECK_CONSUMER) timestamp=9330 ms, used_size=16705536 bytes (40.8%)
(RDMA_READ_CONSUME_CHECK_CONSUMER) timestamp=9330 ms, used_size=16703488 bytes (40.8%)
(RDMA_READ_CONSUME_CHECK_CONSUMER) timestamp=9330 ms, used_size=16701440 bytes (40.8%)
(RDMA_READ_CONSUME_CHECK_CONSUMER) timestamp=9330 ms, used_size=16699392 bytes (40.8%)
(RDMA_READ_CONSUME_CHECK_CONSUMER) timestamp=9330 ms, used_size=16697344 bytes (40.8%)
(RDMA_READ_CONSUME_CHECK_CONSUMER) timestamp=9330 ms, used_size=16695296 bytes (40.8%)
(RDMA_READ_CONSUME_CHECK_CONSUMER) timestamp=9330 ms, used_size=16693248 bytes (40.8%)
(RDMA_READ_CONSUME_CHECK_CONSUMER) timestamp=9330 ms, used_size=16691200 bytes (40.8%)
(RDMA_READ_CONSUME_CHECK_CONSUMER) timestamp=9330 ms, used_size=16689152 bytes (40.7%)
(RDMA_READ_CONSUME_CHECK_CONSUMER) timestamp=9330 ms, used_size=16687104 bytes (40.7%)
(RDMA_READ_CONSUME_CHECK_CONSUMER) timestamp=9330 ms, used_size=16685056 bytes (40.7%)
(RDMA_READ_CONSUME_CHECK_CONSUMER) timestamp=9330 ms, used_size=16683008 bytes (40.7%)
(RDMA_READ_CONSUME_CHECK_CONSUMER) timestamp=9330 ms, used_size=16680960 bytes (40.7%)
(RDMA_READ_CONSUME_CHECK_CONSUMER) timestamp=9330 ms, used_size=16678912 bytes (40.7%)
(RDMA_READ_CONSUME_CHECK_CONSUMER) timestamp=9330 ms, used_size=16676864 bytes (40.7%)
(RDMA_READ_CONSUME_CHECK_CONSUMER) timestamp=9330 ms, used_size=16674816 bytes (40.7%)
(RDMA_READ_CONSUME_CHECK_CONSUMER) timestamp=9330 ms, used_size=16672768 bytes (40.7%)
(RDMA_READ_CONSUME_CHECK_CONSUMER) timestamp=9330 ms, used_size=16670720 bytes (40.7%)
(RDMA_READ_CONSUME_CHECK_CONSUMER) timestamp=9330 ms, used_size=16668672 bytes (40.7%)
(RDMA_READ_CONSUME_CHECK_CONSUMER) timestamp=9330 ms, used_size=16666624 bytes (40.7%)
(RDMA_READ_CONSUME_CHECK_CONSUMER) timestamp=9330 ms, used_size=16664576 bytes (40.7%)
(RDMA_READ_CONSUME_CHECK_CONSUMER) timestamp=9330 ms, used_size=16662528 bytes (40.7%)
(RDMA_READ_CONSUME_CHECK_CONSUMER) timestamp=9330 ms, used_size=16660480 bytes (40.7%)
(RDMA_READ_CONSUME_CHECK_CONSUMER) timestamp=9330 ms, used_size=16658432 bytes (40.7%)
(RDMA_READ_CONSUME_CHECK_CONSUMER) timestamp=9330 ms, used_size=16656384 bytes (40.7%)
(RDMA_READ_CONSUME_CHECK_CONSUMER) timestamp=9330 ms, used_size=16654336 bytes (40.7%)
(RDMA_READ_CONSUME_CHECK_CONSUMER) timestamp=9330 ms, used_size=16652288 bytes (40.7%)
(RDMA_READ_CONSUME_CHECK_CONSUMER) timestamp=9330 ms, used_size=16650240 bytes (40.6%)
(RDMA_READ_CONSUME_CHECK_CONSUMER) timestamp=9330 ms, used_size=16648192 bytes (40.6%)
(RDMA_READ_CONSUME_CHECK_CONSUMER) timestamp=9330 ms, used_size=16646144 bytes (40.6%)
(RDMA_READ_CONSUME_CHECK_CONSUMER) timestamp=9330 ms, used_size=16644096 bytes (40.6%)
(RDMA_READ_CONSUME_CHECK_CONSUMER) timestamp=9330 ms, used_size=16642048 bytes (40.6%)
(RDMA_READ_CONSUME_CHECK_CONSUMER) timestamp=9330 ms, used_size=16640000 bytes (40.6%)
(RDMA_READ_CONSUME_CHECK_CONSUMER) timestamp=9330 ms, used_size=16637952 bytes (40.6%)
(RDMA_READ_CONSUME_CHECK_CONSUMER) timestamp=9330 ms, used_size=16635904 bytes (40.6%)
(RDMA_READ_CONSUME_CHECK_CONSUMER) timestamp=9330 ms, used_size=16633856 bytes (40.6%)
(RDMA_READ_CONSUME_CHECK_CONSUMER) timestamp=9330 ms, used_size=16631808 bytes (40.6%)
(RDMA_READ_CONSUME_CHECK_CONSUMER) timestamp=9330 ms, used_size=16629760 bytes (40.6%)
(RDMA_READ_CONSUME_CHECK_CONSUMER) timestamp=9330 ms, used_size=16627712 bytes (40.6%)
(RDMA_READ_CONSUME_CHECK_CONSUMER) timestamp=9330 ms, used_size=16625664 bytes (40.6%)
(RDMA_READ_CONSUME_CHECK_CONSUMER) timestamp=9330 ms, used_size=16623616 bytes (40.6%)
(RDMA_READ_CONSUME_CHECK_CONSUMER) timestamp=9330 ms, used_size=16621568 bytes (40.6%)
(RDMA_READ_CONSUME_CHECK_CONSUMER) timestamp=9330 ms, used_size=16619520 bytes (40.6%)
(RDMA_READ_CONSUME_CHECK_CONSUMER) timestamp=9330 ms, used_size=16617472 bytes (40.6%)
(RDMA_READ_CONSUME_CHECK_CONSUMER) timestamp=9330 ms, used_size=16615424 bytes (40.6%)
(RDMA_READ_CONSUME_CHECK_CONSUMER) timestamp=9330 ms, used_size=16613376 bytes (40.6%)
(RDMA_READ_CONSUME_CHECK_CONSUMER) timestamp=9330 ms, used_size=16611328 bytes (40.6%)
(RDMA_READ_CONSUME_CHECK_CONSUMER) timestamp=9330 ms, used_size=16609280 bytes (40.5%)
(RDMA_READ_CONSUME_CHECK_CONSUMER) timestamp=9330 ms, used_size=16607232 bytes (40.5%)
(RDMA_READ_CONSUME_CHECK_CONSUMER) timestamp=9330 ms, used_size=16605184 bytes (40.5%)
(RDMA_READ_CONSUME_CHECK_CONSUMER) timestamp=9330 ms, used_size=16603136 bytes (40.5%)
(RDMA_READ_CONSUME_CHECK_CONSUMER) timestamp=9330 ms, used_size=16601088 bytes (40.5%)
(RDMA_READ_CONSUME_CHECK_CONSUMER) timestamp=9331 ms, used_size=16599040 bytes (40.5%)
(RDMA_READ_CONSUME_CHECK_CONSUMER) timestamp=9331 ms, used_size=16596992 bytes (40.5%)
(RDMA_READ_CONSUME_CHECK_CONSUMER) timestamp=9331 ms, used_size=16594944 bytes (40.5%)
(RDMA_READ_CONSUME_CHECK_CONSUMER) timestamp=9331 ms, used_size=16592896 bytes (40.5%)
(RDMA_READ_CONSUME_CHECK_CONSUMER) timestamp=9331 ms, used_size=16590848 bytes (40.5%)
(RDMA_READ_CONSUME_CHECK_CONSUMER) timestamp=9331 ms, used_size=16588800 bytes (40.5%)
(RDMA_READ_CONSUME_CHECK_CONSUMER) timestamp=9331 ms, used_size=16586752 bytes (40.5%)
(RDMA_READ_CONSUME_CHECK_CONSUMER) timestamp=9331 ms, used_size=16584704 bytes (40.5%)
(RDMA_READ_CONSUME_CHECK_CONSUMER) timestamp=9331 ms, used_size=16582656 bytes (40.5%)
(RDMA_READ_CONSUME_CHECK_CONSUMER) timestamp=9331 ms, used_size=16580608 bytes (40.5%)
(RDMA_READ_CONSUME_CHECK_CONSUMER) timestamp=9331 ms, used_size=16578560 bytes (40.5%)
(RDMA_READ_CONSUME_CHECK_CONSUMER) timestamp=9331 ms, used_size=16576512 bytes (40.5%)
(RDMA_READ_CONSUME_CHECK_CONSUMER) timestamp=9331 ms, used_size=16574464 bytes (40.5%)
(RDMA_READ_CONSUME_CHECK_CONSUMER) timestamp=9331 ms, used_size=16572416 bytes (40.5%)
(RDMA_READ_CONSUME_CHECK_CONSUMER) timestamp=9331 ms, used_size=16570368 bytes (40.5%)
(RDMA_READ_CONSUME_CHECK_CONSUMER) timestamp=9331 ms, used_size=16568320 bytes (40.5%)
(RDMA_READ_CONSUME_CHECK_CONSUMER) timestamp=9331 ms, used_size=16566272 bytes (40.4%)
(RDMA_READ_CONSUME_CHECK_CONSUMER) timestamp=9331 ms, used_size=16564224 bytes (40.4%)
(RDMA_READ_CONSUME_CHECK_CONSUMER) timestamp=9331 ms, used_size=16562176 bytes (40.4%)
(RDMA_READ_CONSUME_CHECK_CONSUMER) timestamp=9331 ms, used_size=16560128 bytes (40.4%)
(RDMA_READ_CONSUME_CHECK_CONSUMER) timestamp=9331 ms, used_size=16558080 bytes (40.4%)
(RDMA_READ_CONSUME_CHECK_CONSUMER) timestamp=9331 ms, used_size=16556032 bytes (40.4%)
(RDMA_READ_CONSUME_CHECK_CONSUMER) timestamp=9331 ms, used_size=16553984 bytes (40.4%)
(RDMA_READ_CONSUME_CHECK_CONSUMER) timestamp=9331 ms, used_size=16551936 bytes (40.4%)
(RDMA_READ_CONSUME_CHECK_CONSUMER) timestamp=9331 ms, used_size=16549888 bytes (40.4%)
(RDMA_READ_CONSUME_CHECK_CONSUMER) timestamp=9331 ms, used_size=16547840 bytes (40.4%)
(RDMA_READ_CONSUME_CHECK_CONSUMER) timestamp=9331 ms, used_size=16545792 bytes (40.4%)
(RDMA_READ_CONSUME_CHECK_CONSUMER) timestamp=9331 ms, used_size=16543744 bytes (40.4%)
(RDMA_READ_CONSUME_CHECK_CONSUMER) timestamp=9331 ms, used_size=16541696 bytes (40.4%)
(RDMA_READ_CONSUME_CHECK_CONSUMER) timestamp=9331 ms, used_size=16539648 bytes (40.4%)
(RDMA_READ_CONSUME_CHECK_CONSUMER) timestamp=9331 ms, used_size=16537600 bytes (40.4%)
(RDMA_READ_CONSUME_CHECK_CONSUMER) timestamp=9331 ms, used_size=16535552 bytes (40.4%)
(RDMA_READ_CONSUME_CHECK_CONSUMER) timestamp=9331 ms, used_size=16533504 bytes (40.4%)
(RDMA_READ_CONSUME_CHECK_CONSUMER) timestamp=9331 ms, used_size=16531456 bytes (40.4%)
(RDMA_READ_CONSUME_CHECK_CONSUMER) timestamp=9331 ms, used_size=16529408 bytes (40.4%)
(RDMA_READ_CONSUME_CHECK_CONSUMER) timestamp=9331 ms, used_size=16527360 bytes (40.4%)
(RDMA_READ_CONSUME_CHECK_CONSUMER) timestamp=9331 ms, used_size=16525312 bytes (40.3%)
(RDMA_READ_CONSUME_CHECK_CONSUMER) timestamp=9331 ms, used_size=16523264 bytes (40.3%)
(RDMA_READ_CONSUME_CHECK_CONSUMER) timestamp=9331 ms, used_size=16521216 bytes (40.3%)
(RDMA_READ_CONSUME_CHECK_CONSUMER) timestamp=9331 ms, used_size=16519168 bytes (40.3%)
(RDMA_READ_CONSUME_CHECK_CONSUMER) timestamp=9331 ms, used_size=16517120 bytes (40.3%)
(RDMA_READ_CONSUME_CHECK_CONSUMER) timestamp=9331 ms, used_size=16515072 bytes (40.3%)
(RDMA_READ_CONSUME_CHECK_CONSUMER) timestamp=9331 ms, used_size=16513024 bytes (40.3%)
(RDMA_READ_CONSUME_CHECK_CONSUMER) timestamp=9331 ms, used_size=16510976 bytes (40.3%)
(RDMA_READ_CONSUME_CHECK_CONSUMER) timestamp=9331 ms, used_size=16508928 bytes (40.3%)
(RDMA_READ_CONSUME_CHECK_CONSUMER) timestamp=9331 ms, used_size=16506880 bytes (40.3%)
(RDMA_READ_CONSUME_CHECK_CONSUMER) timestamp=9331 ms, used_size=16504832 bytes (40.3%)
(RDMA_READ_CONSUME_CHECK_CONSUMER) timestamp=9331 ms, used_size=16502784 bytes (40.3%)
(RDMA_READ_CONSUME_CHECK_CONSUMER) timestamp=9331 ms, used_size=16500736 bytes (40.3%)
(RDMA_READ_CONSUME_CHECK_CONSUMER) timestamp=9331 ms, used_size=16498688 bytes (40.3%)
(RDMA_READ_CONSUME_CHECK_CONSUMER) timestamp=9331 ms, used_size=16496640 bytes (40.3%)
(RDMA_READ_CONSUME_CHECK_CONSUMER) timestamp=9331 ms, used_size=16494592 bytes (40.3%)
(RDMA_READ_CONSUME_CHECK_CONSUMER) timestamp=9331 ms, used_size=16492544 bytes (40.3%)
(RDMA_READ_CONSUME_CHECK_CONSUMER) timestamp=9331 ms, used_size=16490496 bytes (40.3%)
(RDMA_READ_CONSUME_CHECK_CONSUMER) timestamp=9331 ms, used_size=16488448 bytes (40.3%)
(RDMA_READ_CONSUME_CHECK_CONSUMER) timestamp=9331 ms, used_size=16486400 bytes (40.2%)
(RDMA_READ_CONSUME_CHECK_CONSUMER) timestamp=9331 ms, used_size=16484352 bytes (40.2%)
(RDMA_READ_CONSUME_CHECK_CONSUMER) timestamp=9331 ms, used_size=16482304 bytes (40.2%)
(RDMA_READ_CONSUME_CHECK_CONSUMER) timestamp=9331 ms, used_size=16480256 bytes (40.2%)
(RDMA_READ_CONSUME_CHECK_CONSUMER) timestamp=9331 ms, used_size=16478208 bytes (40.2%)
(RDMA_READ_CONSUME_CHECK_CONSUMER) timestamp=9331 ms, used_size=16476160 bytes (40.2%)
(RDMA_READ_CONSUME_CHECK_CONSUMER) timestamp=9331 ms, used_size=16474112 bytes (40.2%)
(RDMA_READ_CONSUME_CHECK_CONSUMER) timestamp=9331 ms, used_size=16472064 bytes (40.2%)
(RDMA_READ_CONSUME_CHECK_CONSUMER) timestamp=9331 ms, used_size=16470016 bytes (40.2%)
(RDMA_READ_CONSUME_CHECK_CONSUMER) timestamp=9331 ms, used_size=16467968 bytes (40.2%)
(RDMA_READ_CONSUME_CHECK_CONSUMER) timestamp=9331 ms, used_size=16465920 bytes (40.2%)
(RDMA_READ_CONSUME_CHECK_CONSUMER) timestamp=9331 ms, used_size=16463872 bytes (40.2%)
(RDMA_READ_CONSUME_CHECK_CONSUMER) timestamp=9331 ms, used_size=16461824 bytes (40.2%)
(RDMA_READ_CONSUME_CHECK_CONSUMER) timestamp=9331 ms, used_size=16459776 bytes (40.2%)
(RDMA_READ_CONSUME_CHECK_CONSUMER) timestamp=9331 ms, used_size=16457728 bytes (40.2%)
(RDMA_READ_CONSUME_CHECK_CONSUMER) timestamp=9331 ms, used_size=16455680 bytes (40.2%)
(RDMA_READ_CONSUME_CHECK_CONSUMER) timestamp=9331 ms, used_size=16453632 bytes (40.2%)
(RDMA_READ_CONSUME_CHECK_CONSUMER) timestamp=9331 ms, used_size=16451584 bytes (40.2%)
(RDMA_READ_CONSUME_CHECK_CONSUMER) timestamp=9331 ms, used_size=16449536 bytes (40.2%)
(RDMA_READ_CONSUME_CHECK_CONSUMER) timestamp=9331 ms, used_size=16447488 bytes (40.2%)
(RDMA_READ_CONSUME_CHECK_CONSUMER) timestamp=9331 ms, used_size=16445440 bytes (40.1%)
(RDMA_READ_CONSUME_CHECK_CONSUMER) timestamp=9331 ms, used_size=16443392 bytes (40.1%)
(RDMA_READ_CONSUME_CHECK_CONSUMER) timestamp=9331 ms, used_size=16441344 bytes (40.1%)
(RDMA_READ_CONSUME_CHECK_CONSUMER) timestamp=9331 ms, used_size=16439296 bytes (40.1%)
(RDMA_READ_CONSUME_CHECK_CONSUMER) timestamp=9331 ms, used_size=16437248 bytes (40.1%)
(RDMA_READ_CONSUME_CHECK_CONSUMER) timestamp=9331 ms, used_size=16435200 bytes (40.1%)
(RDMA_READ_CONSUME_CHECK_CONSUMER) timestamp=9331 ms, used_size=16433152 bytes (40.1%)
(RDMA_READ_CONSUME_CHECK_CONSUMER) timestamp=9331 ms, used_size=16431104 bytes (40.1%)
(RDMA_READ_CONSUME_CHECK_CONSUMER) timestamp=9331 ms, used_size=16429056 bytes (40.1%)
(RDMA_READ_CONSUME_CHECK_CONSUMER) timestamp=9331 ms, used_size=16427008 bytes (40.1%)
(RDMA_READ_CONSUME_CHECK_CONSUMER) timestamp=9331 ms, used_size=16424960 bytes (40.1%)
(RDMA_READ_CONSUME_CHECK_CONSUMER) timestamp=9331 ms, used_size=16422912 bytes (40.1%)
(RDMA_READ_CONSUME_CHECK_CONSUMER) timestamp=9331 ms, used_size=16420864 bytes (40.1%)
(RDMA_READ_CONSUME_CHECK_CONSUMER) timestamp=9331 ms, used_size=16418816 bytes (40.1%)
(RDMA_READ_CONSUME_CHECK_CONSUMER) timestamp=9331 ms, used_size=16416768 bytes (40.1%)
(RDMA_READ_CONSUME_CHECK_CONSUMER) timestamp=9331 ms, used_size=16414720 bytes (40.1%)
(RDMA_READ_CONSUME_CHECK_CONSUMER) timestamp=9331 ms, used_size=16412672 bytes (40.1%)
(RDMA_READ_CONSUME_CHECK_CONSUMER) timestamp=9331 ms, used_size=16410624 bytes (40.1%)
(RDMA_READ_CONSUME_CHECK_CONSUMER) timestamp=9331 ms, used_size=16408576 bytes (40.1%)
(RDMA_READ_CONSUME_CHECK_CONSUMER) timestamp=9331 ms, used_size=16406528 bytes (40.1%)
(RDMA_READ_CONSUME_CHECK_CONSUMER) timestamp=9331 ms, used_size=16404480 bytes (40.0%)
(RDMA_READ_CONSUME_CHECK_CONSUMER) timestamp=9331 ms, used_size=16402432 bytes (40.0%)
(RDMA_READ_CONSUME_CHECK_CONSUMER) timestamp=9331 ms, used_size=16400384 bytes (40.0%)
(RDMA_READ_CONSUME_CHECK_CONSUMER) timestamp=9331 ms, used_size=16398336 bytes (40.0%)
(RDMA_READ_CONSUME_CHECK_CONSUMER) timestamp=9331 ms, used_size=16396288 bytes (40.0%)
(RDMA_READ_CONSUME_CHECK_CONSUMER) timestamp=9331 ms, used_size=16394240 bytes (40.0%)
(RDMA_READ_CONSUME_CHECK_CONSUMER) timestamp=9331 ms, used_size=16392192 bytes (40.0%)
(RDMA_READ_CONSUME_CHECK_CONSUMER) timestamp=9331 ms, used_size=16390144 bytes (40.0%)
(RDMA_READ_CONSUME_CHECK_CONSUMER) timestamp=9331 ms, used_size=16388096 bytes (40.0%)
(RDMA_READ_CONSUME_CHECK_CONSUMER) timestamp=9331 ms, used_size=16386048 bytes (40.0%)
(RDMA_READ_CONSUME_CHECK_CONSUMER) timestamp=9331 ms, used_size=16384000 bytes (40.0%)
(RDMA_READ_CONSUME_CHECK_CONSUMER) timestamp=9331 ms, used_size=16381952 bytes (40.0%)
(RDMA_READ_CONSUME_CHECK_CONSUMER) timestamp=9331 ms, used_size=16379904 bytes (40.0%)
(RDMA_READ_CONSUME_CHECK_CONSUMER) timestamp=9331 ms, used_size=16377856 bytes (40.0%)
(RDMA_READ_CONSUME_CHECK_CONSUMER) timestamp=9331 ms, used_size=16375808 bytes (40.0%)
(RDMA_READ_CONSUME_CHECK_CONSUMER) timestamp=9331 ms, used_size=16373760 bytes (40.0%)
(RDMA_READ_CONSUME_CHECK_CONSUMER) timestamp=9331 ms, used_size=16371712 bytes (40.0%)
(RDMA_READ_CONSUME_CHECK_CONSUMER) timestamp=9331 ms, used_size=16369664 bytes (40.0%)
(RDMA_READ_CONSUME_CHECK_CONSUMER) timestamp=9331 ms, used_size=16367616 bytes (40.0%)
(RDMA_READ_CONSUME_CHECK_CONSUMER) timestamp=9331 ms, used_size=16365568 bytes (40.0%)
(RDMA_READ_CONSUME_CHECK_CONSUMER) timestamp=9331 ms, used_size=16363520 bytes (40.0%)
(RDMA_READ_CONSUME_CHECK_CONSUMER) timestamp=9331 ms, used_size=16361472 bytes (39.9%)
(RDMA_READ_CONSUME_CHECK_CONSUMER) timestamp=9331 ms, used_size=16359424 bytes (39.9%)
(RDMA_READ_CONSUME_CHECK_CONSUMER) timestamp=9331 ms, used_size=16357376 bytes (39.9%)
(RDMA_READ_CONSUME_CHECK_CONSUMER) timestamp=9331 ms, used_size=16355328 bytes (39.9%)
(RDMA_READ_CONSUME_CHECK_CONSUMER) timestamp=9331 ms, used_size=16353280 bytes (39.9%)
(RDMA_READ_CONSUME_CHECK_CONSUMER) timestamp=9331 ms, used_size=16351232 bytes (39.9%)
(RDMA_READ_CONSUME_CHECK_CONSUMER) timestamp=9331 ms, used_size=16349184 bytes (39.9%)
(RDMA_READ_CONSUME_CHECK_CONSUMER) timestamp=9331 ms, used_size=16347136 bytes (39.9%)
(RDMA_READ_CONSUME_CHECK_CONSUMER) timestamp=9331 ms, used_size=16345088 bytes (39.9%)
(RDMA_READ_CONSUME_CHECK_CONSUMER) timestamp=9331 ms, used_size=16343040 bytes (39.9%)
(RDMA_READ_CONSUME_CHECK_CONSUMER) timestamp=9331 ms, used_size=16340992 bytes (39.9%)
(RDMA_READ_CONSUME_CHECK_CONSUMER) timestamp=9331 ms, used_size=16338944 bytes (39.9%)
(RDMA_READ_CONSUME_CHECK_CONSUMER) timestamp=9331 ms, used_size=16336896 bytes (39.9%)
(RDMA_READ_CONSUME_CHECK_CONSUMER) timestamp=9331 ms, used_size=16334848 bytes (39.9%)
(RDMA_READ_CONSUME_CHECK_CONSUMER) timestamp=9331 ms, used_size=16332800 bytes (39.9%)
(RDMA_READ_CONSUME_CHECK_CONSUMER) timestamp=9331 ms, used_size=16330752 bytes (39.9%)
(RDMA_READ_CONSUME_CHECK_CONSUMER) timestamp=9331 ms, used_size=16328704 bytes (39.9%)
(RDMA_READ_CONSUME_CHECK_CONSUMER) timestamp=9331 ms, used_size=16326656 bytes (39.9%)
(RDMA_READ_CONSUME_CHECK_CONSUMER) timestamp=9331 ms, used_size=16324608 bytes (39.9%)
(RDMA_READ_CONSUME_CHECK_CONSUMER) timestamp=9331 ms, used_size=16322560 bytes (39.9%)
(RDMA_READ_CONSUME_CHECK_CONSUMER) timestamp=9331 ms, used_size=16320512 bytes (39.8%)
(RDMA_READ_CONSUME_CHECK_CONSUMER) timestamp=9331 ms, used_size=16318464 bytes (39.8%)
(RDMA_READ_CONSUME_CHECK_CONSUMER) timestamp=9331 ms, used_size=16316416 bytes (39.8%)
(RDMA_READ_CONSUME_CHECK_CONSUMER) timestamp=9331 ms, used_size=16314368 bytes (39.8%)
(RDMA_READ_CONSUME_CHECK_CONSUMER) timestamp=9331 ms, used_size=16312320 bytes (39.8%)
(RDMA_READ_CONSUME_CHECK_CONSUMER) timestamp=9331 ms, used_size=16310272 bytes (39.8%)
(RDMA_READ_CONSUME_CHECK_CONSUMER) timestamp=9331 ms, used_size=16308224 bytes (39.8%)
(RDMA_READ_CONSUME_CHECK_CONSUMER) timestamp=9331 ms, used_size=16306176 bytes (39.8%)
(RDMA_READ_CONSUME_CHECK_CONSUMER) timestamp=9331 ms, used_size=16304128 bytes (39.8%)
(RDMA_READ_CONSUME_CHECK_CONSUMER) timestamp=9331 ms, used_size=16302080 bytes (39.8%)
(RDMA_READ_CONSUME_CHECK_CONSUMER) timestamp=9331 ms, used_size=16300032 bytes (39.8%)
(RDMA_READ_CONSUME_CHECK_CONSUMER) timestamp=9331 ms, used_size=16297984 bytes (39.8%)
(RDMA_READ_CONSUME_CHECK_CONSUMER) timestamp=9331 ms, used_size=16295936 bytes (39.8%)
(RDMA_READ_CONSUME_CHECK_CONSUMER) timestamp=9331 ms, used_size=16293888 bytes (39.8%)
(RDMA_READ_CONSUME_CHECK_CONSUMER) timestamp=9331 ms, used_size=16291840 bytes (39.8%)
(RDMA_READ_CONSUME_CHECK_CONSUMER) timestamp=9331 ms, used_size=16289792 bytes (39.8%)
(RDMA_READ_CONSUME_CHECK_CONSUMER) timestamp=9331 ms, used_size=16287744 bytes (39.8%)
(RDMA_READ_CONSUME_CHECK_CONSUMER) timestamp=9331 ms, used_size=16285696 bytes (39.8%)
(RDMA_READ_CONSUME_CHECK_CONSUMER) timestamp=9331 ms, used_size=16283648 bytes (39.8%)
(RDMA_READ_CONSUME_CHECK_CONSUMER) timestamp=9331 ms, used_size=16281600 bytes (39.8%)
(RDMA_READ_CONSUME_CHECK_CONSUMER) timestamp=9331 ms, used_size=16279552 bytes (39.7%)
(RDMA_READ_CONSUME_CHECK_CONSUMER) timestamp=9331 ms, used_size=16277504 bytes (39.7%)
(RDMA_READ_CONSUME_CHECK_CONSUMER) timestamp=9331 ms, used_size=16275456 bytes (39.7%)
(RDMA_READ_CONSUME_CHECK_CONSUMER) timestamp=9331 ms, used_size=16273408 bytes (39.7%)
(RDMA_READ_CONSUME_CHECK_CONSUMER) timestamp=9331 ms, used_size=16271360 bytes (39.7%)
(RDMA_READ_CONSUME_CHECK_CONSUMER) timestamp=9331 ms, used_size=16269312 bytes (39.7%)
(RDMA_READ_CONSUME_CHECK_CONSUMER) timestamp=9331 ms, used_size=16267264 bytes (39.7%)
(RDMA_READ_CONSUME_CHECK_CONSUMER) timestamp=9331 ms, used_size=16265216 bytes (39.7%)
(RDMA_READ_CONSUME_CHECK_CONSUMER) timestamp=9331 ms, used_size=16263168 bytes (39.7%)
(RDMA_READ_CONSUME_CHECK_CONSUMER) timestamp=9331 ms, used_size=16261120 bytes (39.7%)
(RDMA_READ_CONSUME_CHECK_CONSUMER) timestamp=9331 ms, used_size=16259072 bytes (39.7%)
(RDMA_READ_CONSUME_CHECK_CONSUMER) timestamp=9331 ms, used_size=16257024 bytes (39.7%)
(RDMA_READ_CONSUME_CHECK_CONSUMER) timestamp=9331 ms, used_size=16254976 bytes (39.7%)
(RDMA_READ_CONSUME_CHECK_CONSUMER) timestamp=9331 ms, used_size=16252928 bytes (39.7%)
(RDMA_READ_CONSUME_CHECK_CONSUMER) timestamp=9331 ms, used_size=16250880 bytes (39.7%)
(RDMA_READ_CONSUME_CHECK_CONSUMER) timestamp=9331 ms, used_size=16248832 bytes (39.7%)
(RDMA_READ_CONSUME_CHECK_CONSUMER) timestamp=9331 ms, used_size=16246784 bytes (39.7%)
(RDMA_READ_CONSUME_CHECK_CONSUMER) timestamp=9331 ms, used_size=16244736 bytes (39.7%)
(RDMA_READ_CONSUME_CHECK_CONSUMER) timestamp=9331 ms, used_size=16242688 bytes (39.7%)
(RDMA_READ_CONSUME_CHECK_CONSUMER) timestamp=9331 ms, used_size=16240640 bytes (39.6%)
(RDMA_READ_CONSUME_CHECK_CONSUMER) timestamp=9331 ms, used_size=16238592 bytes (39.6%)
(RDMA_READ_CONSUME_CHECK_CONSUMER) timestamp=9331 ms, used_size=16236544 bytes (39.6%)
(RDMA_READ_CONSUME_CHECK_CONSUMER) timestamp=9331 ms, used_size=16234496 bytes (39.6%)
(RDMA_READ_CONSUME_CHECK_CONSUMER) timestamp=9331 ms, used_size=16232448 bytes (39.6%)
(RDMA_READ_CONSUME_CHECK_CONSUMER) timestamp=9331 ms, used_size=16230400 bytes (39.6%)
(RDMA_READ_CONSUME_CHECK_CONSUMER) timestamp=9331 ms, used_size=16228352 bytes (39.6%)
(RDMA_READ_CONSUME_CHECK_CONSUMER) timestamp=9332 ms, used_size=16226304 bytes (39.6%)
(RDMA_READ_CONSUME_CHECK_CONSUMER) timestamp=9332 ms, used_size=16224256 bytes (39.6%)
(RDMA_READ_CONSUME_CHECK_CONSUMER) timestamp=9332 ms, used_size=16222208 bytes (39.6%)
(RDMA_READ_CONSUME_CHECK_CONSUMER) timestamp=9332 ms, used_size=16220160 bytes (39.6%)
(RDMA_READ_CONSUME_CHECK_CONSUMER) timestamp=9332 ms, used_size=16218112 bytes (39.6%)
(RDMA_READ_CONSUME_CHECK_CONSUMER) timestamp=9332 ms, used_size=16216064 bytes (39.6%)
(RDMA_READ_CONSUME_CHECK_CONSUMER) timestamp=9332 ms, used_size=16214016 bytes (39.6%)
(RDMA_READ_CONSUME_CHECK_CONSUMER) timestamp=9332 ms, used_size=16211968 bytes (39.6%)
(RDMA_READ_CONSUME_CHECK_CONSUMER) timestamp=9332 ms, used_size=16209920 bytes (39.6%)
(RDMA_READ_CONSUME_CHECK_CONSUMER) timestamp=9332 ms, used_size=16207872 bytes (39.6%)
(RDMA_READ_CONSUME_CHECK_CONSUMER) timestamp=9332 ms, used_size=16205824 bytes (39.6%)
(RDMA_READ_CONSUME_CHECK_CONSUMER) timestamp=9332 ms, used_size=16203776 bytes (39.6%)
(RDMA_READ_CONSUME_CHECK_CONSUMER) timestamp=9332 ms, used_size=16201728 bytes (39.6%)
(RDMA_READ_CONSUME_CHECK_CONSUMER) timestamp=9332 ms, used_size=16199680 bytes (39.5%)
(RDMA_READ_CONSUME_CHECK_CONSUMER) timestamp=9332 ms, used_size=16197632 bytes (39.5%)
(RDMA_READ_CONSUME_CHECK_CONSUMER) timestamp=9332 ms, used_size=16195584 bytes (39.5%)
(RDMA_READ_CONSUME_CHECK_CONSUMER) timestamp=9332 ms, used_size=16193536 bytes (39.5%)
(RDMA_READ_CONSUME_CHECK_CONSUMER) timestamp=9332 ms, used_size=16191488 bytes (39.5%)
(RDMA_READ_CONSUME_CHECK_CONSUMER) timestamp=9332 ms, used_size=16189440 bytes (39.5%)
(RDMA_READ_CONSUME_CHECK_CONSUMER) timestamp=9332 ms, used_size=16187392 bytes (39.5%)
(RDMA_READ_CONSUME_CHECK_CONSUMER) timestamp=9332 ms, used_size=16185344 bytes (39.5%)
(RDMA_READ_CONSUME_CHECK_CONSUMER) timestamp=9332 ms, used_size=16183296 bytes (39.5%)
(RDMA_READ_CONSUME_CHECK_CONSUMER) timestamp=9332 ms, used_size=16181248 bytes (39.5%)
(RDMA_READ_CONSUME_CHECK_CONSUMER) timestamp=9332 ms, used_size=16179200 bytes (39.5%)
(RDMA_READ_CONSUME_CHECK_CONSUMER) timestamp=9332 ms, used_size=16177152 bytes (39.5%)
(RDMA_READ_CONSUME_CHECK_CONSUMER) timestamp=9332 ms, used_size=16175104 bytes (39.5%)
(RDMA_READ_CONSUME_CHECK_CONSUMER) timestamp=9332 ms, used_size=16173056 bytes (39.5%)
(RDMA_READ_CONSUME_CHECK_CONSUMER) timestamp=9332 ms, used_size=16171008 bytes (39.5%)
(RDMA_READ_CONSUME_CHECK_CONSUMER) timestamp=9332 ms, used_size=16168960 bytes (39.5%)
(RDMA_READ_CONSUME_CHECK_CONSUMER) timestamp=9332 ms, used_size=16166912 bytes (39.5%)
(RDMA_READ_CONSUME_CHECK_CONSUMER) timestamp=9332 ms, used_size=16164864 bytes (39.5%)
(RDMA_READ_CONSUME_CHECK_CONSUMER) timestamp=9332 ms, used_size=16162816 bytes (39.5%)
(RDMA_READ_CONSUME_CHECK_CONSUMER) timestamp=9332 ms, used_size=16160768 bytes (39.5%)
(RDMA_READ_CONSUME_CHECK_CONSUMER) timestamp=9332 ms, used_size=16158720 bytes (39.5%)
(RDMA_READ_CONSUME_CHECK_CONSUMER) timestamp=9332 ms, used_size=16156672 bytes (39.4%)
(RDMA_READ_CONSUME_CHECK_CONSUMER) timestamp=9332 ms, used_size=16154624 bytes (39.4%)
(RDMA_READ_CONSUME_CHECK_CONSUMER) timestamp=9332 ms, used_size=16152576 bytes (39.4%)
(RDMA_READ_CONSUME_CHECK_CONSUMER) timestamp=9332 ms, used_size=16150528 bytes (39.4%)
(RDMA_READ_CONSUME_CHECK_CONSUMER) timestamp=9332 ms, used_size=16148480 bytes (39.4%)
(RDMA_READ_CONSUME_CHECK_CONSUMER) timestamp=9332 ms, used_size=16146432 bytes (39.4%)
(RDMA_READ_CONSUME_CHECK_CONSUMER) timestamp=9332 ms, used_size=16144384 bytes (39.4%)
(RDMA_READ_CONSUME_CHECK_CONSUMER) timestamp=9332 ms, used_size=16142336 bytes (39.4%)
(RDMA_READ_CONSUME_CHECK_CONSUMER) timestamp=9332 ms, used_size=16140288 bytes (39.4%)
(RDMA_READ_CONSUME_CHECK_CONSUMER) timestamp=9332 ms, used_size=16138240 bytes (39.4%)
(RDMA_READ_CONSUME_CHECK_CONSUMER) timestamp=9332 ms, used_size=16136192 bytes (39.4%)
(RDMA_READ_CONSUME_CHECK_CONSUMER) timestamp=9332 ms, used_size=16134144 bytes (39.4%)
(RDMA_READ_CONSUME_CHECK_CONSUMER) timestamp=9332 ms, used_size=16132096 bytes (39.4%)
(RDMA_READ_CONSUME_CHECK_CONSUMER) timestamp=9332 ms, used_size=16130048 bytes (39.4%)
(RDMA_READ_CONSUME_CHECK_CONSUMER) timestamp=9332 ms, used_size=16128000 bytes (39.4%)
(RDMA_READ_CONSUME_CHECK_CONSUMER) timestamp=9332 ms, used_size=16125952 bytes (39.4%)
(RDMA_READ_CONSUME_CHECK_CONSUMER) timestamp=9332 ms, used_size=16123904 bytes (39.4%)
(RDMA_READ_CONSUME_CHECK_CONSUMER) timestamp=9332 ms, used_size=16121856 bytes (39.4%)
(RDMA_READ_CONSUME_CHECK_CONSUMER) timestamp=9332 ms, used_size=16119808 bytes (39.4%)
(RDMA_READ_CONSUME_CHECK_CONSUMER) timestamp=9332 ms, used_size=16117760 bytes (39.4%)
(RDMA_READ_CONSUME_CHECK_CONSUMER) timestamp=9332 ms, used_size=16115712 bytes (39.3%)
(RDMA_READ_CONSUME_CHECK_CONSUMER) timestamp=9332 ms, used_size=16113664 bytes (39.3%)
(RDMA_READ_CONSUME_CHECK_CONSUMER) timestamp=9332 ms, used_size=16111616 bytes (39.3%)
(RDMA_READ_CONSUME_CHECK_CONSUMER) timestamp=9332 ms, used_size=16109568 bytes (39.3%)
(RDMA_READ_CONSUME_CHECK_CONSUMER) timestamp=9332 ms, used_size=16107520 bytes (39.3%)
(RDMA_READ_CONSUME_CHECK_CONSUMER) timestamp=9332 ms, used_size=16105472 bytes (39.3%)
(RDMA_READ_CONSUME_CHECK_CONSUMER) timestamp=9332 ms, used_size=16103424 bytes (39.3%)
(RDMA_READ_CONSUME_CHECK_CONSUMER) timestamp=9332 ms, used_size=16101376 bytes (39.3%)
(RDMA_READ_CONSUME_CHECK_CONSUMER) timestamp=9332 ms, used_size=16099328 bytes (39.3%)
(RDMA_READ_CONSUME_CHECK_CONSUMER) timestamp=9332 ms, used_size=16097280 bytes (39.3%)
(RDMA_READ_CONSUME_CHECK_CONSUMER) timestamp=9332 ms, used_size=16095232 bytes (39.3%)
(RDMA_READ_CONSUME_CHECK_CONSUMER) timestamp=9332 ms, used_size=16093184 bytes (39.3%)
(RDMA_READ_CONSUME_CHECK_CONSUMER) timestamp=9332 ms, used_size=16091136 bytes (39.3%)
(RDMA_READ_CONSUME_CHECK_CONSUMER) timestamp=9332 ms, used_size=16089088 bytes (39.3%)
(RDMA_READ_CONSUME_CHECK_CONSUMER) timestamp=9332 ms, used_size=16087040 bytes (39.3%)
(RDMA_READ_CONSUME_CHECK_CONSUMER) timestamp=9332 ms, used_size=16084992 bytes (39.3%)
(RDMA_READ_CONSUME_CHECK_CONSUMER) timestamp=9332 ms, used_size=16082944 bytes (39.3%)
(RDMA_READ_CONSUME_CHECK_CONSUMER) timestamp=9332 ms, used_size=16080896 bytes (39.3%)
(RDMA_READ_CONSUME_CHECK_CONSUMER) timestamp=9332 ms, used_size=16078848 bytes (39.3%)
(RDMA_READ_CONSUME_CHECK_CONSUMER) timestamp=9332 ms, used_size=16076800 bytes (39.2%)
(RDMA_READ_CONSUME_CHECK_CONSUMER) timestamp=9332 ms, used_size=16074752 bytes (39.2%)
(RDMA_READ_CONSUME_CHECK_CONSUMER) timestamp=9332 ms, used_size=16072704 bytes (39.2%)
(RDMA_READ_CONSUME_CHECK_CONSUMER) timestamp=9332 ms, used_size=16070656 bytes (39.2%)
(RDMA_READ_CONSUME_CHECK_CONSUMER) timestamp=9332 ms, used_size=16068608 bytes (39.2%)
(RDMA_READ_CONSUME_CHECK_CONSUMER) timestamp=9332 ms, used_size=16066560 bytes (39.2%)
(RDMA_READ_CONSUME_CHECK_CONSUMER) timestamp=9332 ms, used_size=16064512 bytes (39.2%)
(RDMA_READ_CONSUME_CHECK_CONSUMER) timestamp=9332 ms, used_size=16062464 bytes (39.2%)
(RDMA_READ_CONSUME_CHECK_CONSUMER) timestamp=9332 ms, used_size=16060416 bytes (39.2%)
(RDMA_READ_CONSUME_CHECK_CONSUMER) timestamp=9332 ms, used_size=16058368 bytes (39.2%)
(RDMA_READ_CONSUME_CHECK_CONSUMER) timestamp=9332 ms, used_size=16056320 bytes (39.2%)
(RDMA_READ_CONSUME_CHECK_CONSUMER) timestamp=9332 ms, used_size=16054272 bytes (39.2%)
(RDMA_READ_CONSUME_CHECK_CONSUMER) timestamp=9332 ms, used_size=16052224 bytes (39.2%)
(RDMA_READ_CONSUME_CHECK_CONSUMER) timestamp=9332 ms, used_size=16050176 bytes (39.2%)
(RDMA_READ_CONSUME_CHECK_CONSUMER) timestamp=9332 ms, used_size=16048128 bytes (39.2%)
(RDMA_READ_CONSUME_CHECK_CONSUMER) timestamp=9332 ms, used_size=16046080 bytes (39.2%)
(RDMA_READ_CONSUME_CHECK_CONSUMER) timestamp=9332 ms, used_size=16044032 bytes (39.2%)
(RDMA_READ_CONSUME_CHECK_CONSUMER) timestamp=9332 ms, used_size=16041984 bytes (39.2%)
(RDMA_READ_CONSUME_CHECK_CONSUMER) timestamp=9332 ms, used_size=16039936 bytes (39.2%)
(RDMA_READ_CONSUME_CHECK_CONSUMER) timestamp=9332 ms, used_size=16037888 bytes (39.2%)
(RDMA_READ_CONSUME_CHECK_CONSUMER) timestamp=9332 ms, used_size=16035840 bytes (39.1%)
(RDMA_READ_CONSUME_CHECK_CONSUMER) timestamp=9332 ms, used_size=16033792 bytes (39.1%)
(RDMA_READ_CONSUME_CHECK_CONSUMER) timestamp=9332 ms, used_size=16031744 bytes (39.1%)
(RDMA_READ_CONSUME_CHECK_CONSUMER) timestamp=9332 ms, used_size=16029696 bytes (39.1%)
(RDMA_READ_CONSUME_CHECK_CONSUMER) timestamp=9332 ms, used_size=16027648 bytes (39.1%)
(RDMA_READ_CONSUME_CHECK_CONSUMER) timestamp=9332 ms, used_size=16025600 bytes (39.1%)
(RDMA_READ_CONSUME_CHECK_CONSUMER) timestamp=9332 ms, used_size=16023552 bytes (39.1%)
(RDMA_READ_CONSUME_CHECK_CONSUMER) timestamp=9332 ms, used_size=16021504 bytes (39.1%)
(RDMA_READ_CONSUME_CHECK_CONSUMER) timestamp=9332 ms, used_size=16019456 bytes (39.1%)
(RDMA_READ_CONSUME_CHECK_CONSUMER) timestamp=9332 ms, used_size=16017408 bytes (39.1%)
(RDMA_READ_CONSUME_CHECK_CONSUMER) timestamp=9332 ms, used_size=16015360 bytes (39.1%)
(RDMA_READ_CONSUME_CHECK_CONSUMER) timestamp=9332 ms, used_size=16013312 bytes (39.1%)
(RDMA_READ_CONSUME_CHECK_CONSUMER) timestamp=9332 ms, used_size=16011264 bytes (39.1%)
(RDMA_READ_CONSUME_CHECK_CONSUMER) timestamp=9332 ms, used_size=16009216 bytes (39.1%)
(RDMA_READ_CONSUME_CHECK_CONSUMER) timestamp=9332 ms, used_size=16007168 bytes (39.1%)
(RDMA_READ_CONSUME_CHECK_CONSUMER) timestamp=9332 ms, used_size=16005120 bytes (39.1%)
(RDMA_READ_CONSUME_CHECK_CONSUMER) timestamp=9332 ms, used_size=16003072 bytes (39.1%)
(RDMA_READ_CONSUME_CHECK_CONSUMER) timestamp=9332 ms, used_size=16001024 bytes (39.1%)
(RDMA_READ_CONSUME_CHECK_CONSUMER) timestamp=9332 ms, used_size=15998976 bytes (39.1%)
(RDMA_READ_CONSUME_CHECK_CONSUMER) timestamp=9332 ms, used_size=15996928 bytes (39.1%)
(RDMA_READ_CONSUME_CHECK_CONSUMER) timestamp=9332 ms, used_size=15994880 bytes (39.0%)
(RDMA_READ_CONSUME_CHECK_CONSUMER) timestamp=9332 ms, used_size=15992832 bytes (39.0%)
(RDMA_READ_CONSUME_CHECK_CONSUMER) timestamp=9332 ms, used_size=15990784 bytes (39.0%)
(RDMA_READ_CONSUME_CHECK_CONSUMER) timestamp=9332 ms, used_size=15988736 bytes (39.0%)
(RDMA_READ_CONSUME_CHECK_CONSUMER) timestamp=9332 ms, used_size=15986688 bytes (39.0%)
(RDMA_READ_CONSUME_CHECK_CONSUMER) timestamp=9332 ms, used_size=15984640 bytes (39.0%)
(RDMA_READ_CONSUME_CHECK_CONSUMER) timestamp=9332 ms, used_size=15982592 bytes (39.0%)
(RDMA_READ_CONSUME_CHECK_CONSUMER) timestamp=9332 ms, used_size=15980544 bytes (39.0%)
(RDMA_READ_CONSUME_CHECK_CONSUMER) timestamp=9332 ms, used_size=15978496 bytes (39.0%)
(RDMA_READ_CONSUME_CHECK_CONSUMER) timestamp=9332 ms, used_size=15976448 bytes (39.0%)
(RDMA_READ_CONSUME_CHECK_CONSUMER) timestamp=9332 ms, used_size=15974400 bytes (39.0%)
(RDMA_READ_CONSUME_CHECK_CONSUMER) timestamp=9332 ms, used_size=15972352 bytes (39.0%)
(RDMA_READ_CONSUME_CHECK_CONSUMER) timestamp=9332 ms, used_size=15970304 bytes (39.0%)
(RDMA_READ_CONSUME_CHECK_CONSUMER) timestamp=9332 ms, used_size=15968256 bytes (39.0%)
(RDMA_READ_CONSUME_CHECK_CONSUMER) timestamp=9332 ms, used_size=15966208 bytes (39.0%)
(RDMA_READ_CONSUME_CHECK_CONSUMER) timestamp=9332 ms, used_size=15964160 bytes (39.0%)
(RDMA_READ_CONSUME_CHECK_CONSUMER) timestamp=9332 ms, used_size=15962112 bytes (39.0%)
(RDMA_READ_CONSUME_CHECK_CONSUMER) timestamp=9332 ms, used_size=15960064 bytes (39.0%)
(RDMA_READ_CONSUME_CHECK_CONSUMER) timestamp=9332 ms, used_size=15958016 bytes (39.0%)
(RDMA_READ_CONSUME_CHECK_CONSUMER) timestamp=9332 ms, used_size=15955968 bytes (39.0%)
(RDMA_READ_CONSUME_CHECK_CONSUMER) timestamp=9332 ms, used_size=15953920 bytes (39.0%)
(RDMA_READ_CONSUME_CHECK_CONSUMER) timestamp=9332 ms, used_size=15951872 bytes (38.9%)
(RDMA_READ_CONSUME_CHECK_CONSUMER) timestamp=9332 ms, used_size=15949824 bytes (38.9%)
(RDMA_READ_CONSUME_CHECK_CONSUMER) timestamp=9332 ms, used_size=15947776 bytes (38.9%)
(RDMA_READ_CONSUME_CHECK_CONSUMER) timestamp=9332 ms, used_size=15945728 bytes (38.9%)
(RDMA_READ_CONSUME_CHECK_CONSUMER) timestamp=9332 ms, used_size=15943680 bytes (38.9%)
(RDMA_READ_CONSUME_CHECK_CONSUMER) timestamp=9332 ms, used_size=15941632 bytes (38.9%)
(RDMA_READ_CONSUME_CHECK_CONSUMER) timestamp=9332 ms, used_size=15939584 bytes (38.9%)
(RDMA_READ_CONSUME_CHECK_CONSUMER) timestamp=9332 ms, used_size=15937536 bytes (38.9%)
(RDMA_READ_CONSUME_CHECK_CONSUMER) timestamp=9332 ms, used_size=15935488 bytes (38.9%)
(RDMA_READ_CONSUME_CHECK_CONSUMER) timestamp=9332 ms, used_size=15933440 bytes (38.9%)
(RDMA_READ_CONSUME_CHECK_CONSUMER) timestamp=9332 ms, used_size=15931392 bytes (38.9%)
(RDMA_READ_CONSUME_CHECK_CONSUMER) timestamp=9332 ms, used_size=15929344 bytes (38.9%)
(RDMA_READ_CONSUME_CHECK_CONSUMER) timestamp=9332 ms, used_size=15927296 bytes (38.9%)
(RDMA_READ_CONSUME_CHECK_CONSUMER) timestamp=9332 ms, used_size=15925248 bytes (38.9%)
(RDMA_READ_CONSUME_CHECK_CONSUMER) timestamp=9332 ms, used_size=15923200 bytes (38.9%)
(RDMA_READ_CONSUME_CHECK_CONSUMER) timestamp=9332 ms, used_size=15921152 bytes (38.9%)
(RDMA_READ_CONSUME_CHECK_CONSUMER) timestamp=9332 ms, used_size=15919104 bytes (38.9%)
(RDMA_READ_CONSUME_CHECK_CONSUMER) timestamp=9332 ms, used_size=15917056 bytes (38.9%)
(RDMA_READ_CONSUME_CHECK_CONSUMER) timestamp=9332 ms, used_size=15915008 bytes (38.9%)
(RDMA_READ_CONSUME_CHECK_CONSUMER) timestamp=9332 ms, used_size=15912960 bytes (38.9%)
(RDMA_READ_CONSUME_CHECK_CONSUMER) timestamp=9332 ms, used_size=15910912 bytes (38.8%)
(RDMA_READ_CONSUME_CHECK_CONSUMER) timestamp=9332 ms, used_size=15908864 bytes (38.8%)
(RDMA_READ_CONSUME_CHECK_CONSUMER) timestamp=9332 ms, used_size=15906816 bytes (38.8%)
(RDMA_READ_CONSUME_CHECK_CONSUMER) timestamp=9332 ms, used_size=15904768 bytes (38.8%)
(RDMA_READ_CONSUME_CHECK_CONSUMER) timestamp=9332 ms, used_size=15902720 bytes (38.8%)
(RDMA_READ_CONSUME_CHECK_CONSUMER) timestamp=9332 ms, used_size=15900672 bytes (38.8%)
(RDMA_READ_CONSUME_CHECK_CONSUMER) timestamp=9332 ms, used_size=15898624 bytes (38.8%)
(RDMA_READ_CONSUME_CHECK_CONSUMER) timestamp=9332 ms, used_size=15896576 bytes (38.8%)
(RDMA_READ_CONSUME_CHECK_CONSUMER) timestamp=9332 ms, used_size=15894528 bytes (38.8%)
(RDMA_READ_CONSUME_CHECK_CONSUMER) timestamp=9332 ms, used_size=15892480 bytes (38.8%)
(RDMA_READ_CONSUME_CHECK_CONSUMER) timestamp=9332 ms, used_size=15890432 bytes (38.8%)
(RDMA_READ_CONSUME_CHECK_CONSUMER) timestamp=9332 ms, used_size=15888384 bytes (38.8%)
(RDMA_READ_CONSUME_CHECK_CONSUMER) timestamp=9332 ms, used_size=15886336 bytes (38.8%)
(RDMA_READ_CONSUME_CHECK_CONSUMER) timestamp=9332 ms, used_size=15884288 bytes (38.8%)
(RDMA_READ_CONSUME_CHECK_CONSUMER) timestamp=9332 ms, used_size=15882240 bytes (38.8%)
(RDMA_READ_CONSUME_CHECK_CONSUMER) timestamp=9332 ms, used_size=15880192 bytes (38.8%)
(RDMA_READ_CONSUME_CHECK_CONSUMER) timestamp=9332 ms, used_size=15878144 bytes (38.8%)
(RDMA_READ_CONSUME_CHECK_CONSUMER) timestamp=9332 ms, used_size=15876096 bytes (38.8%)
(RDMA_READ_CONSUME_CHECK_CONSUMER) timestamp=9332 ms, used_size=15874048 bytes (38.8%)
(RDMA_READ_CONSUME_CHECK_CONSUMER) timestamp=9332 ms, used_size=15872000 bytes (38.8%)
(RDMA_READ_CONSUME_CHECK_CONSUMER) timestamp=9332 ms, used_size=15869952 bytes (38.7%)
(RDMA_READ_CONSUME_CHECK_CONSUMER) timestamp=9332 ms, used_size=15867904 bytes (38.7%)
(RDMA_READ_CONSUME_CHECK_CONSUMER) timestamp=9332 ms, used_size=15865856 bytes (38.7%)
(RDMA_READ_CONSUME_CHECK_CONSUMER) timestamp=9333 ms, used_size=15863808 bytes (38.7%)
(RDMA_READ_CONSUME_CHECK_CONSUMER) timestamp=9333 ms, used_size=15861760 bytes (38.7%)
(RDMA_READ_CONSUME_CHECK_CONSUMER) timestamp=9333 ms, used_size=15859712 bytes (38.7%)
(RDMA_READ_CONSUME_CHECK_CONSUMER) timestamp=9333 ms, used_size=15857664 bytes (38.7%)
(RDMA_READ_CONSUME_CHECK_CONSUMER) timestamp=9333 ms, used_size=15855616 bytes (38.7%)
(RDMA_READ_CONSUME_CHECK_CONSUMER) timestamp=9333 ms, used_size=15853568 bytes (38.7%)
(RDMA_READ_CONSUME_CHECK_CONSUMER) timestamp=9333 ms, used_size=15851520 bytes (38.7%)
(RDMA_READ_CONSUME_CHECK_CONSUMER) timestamp=9333 ms, used_size=15849472 bytes (38.7%)
(RDMA_READ_CONSUME_CHECK_CONSUMER) timestamp=9333 ms, used_size=15847424 bytes (38.7%)
(RDMA_READ_CONSUME_CHECK_CONSUMER) timestamp=9333 ms, used_size=15845376 bytes (38.7%)
(RDMA_READ_CONSUME_CHECK_CONSUMER) timestamp=9333 ms, used_size=15843328 bytes (38.7%)
(RDMA_READ_CONSUME_CHECK_CONSUMER) timestamp=9333 ms, used_size=15841280 bytes (38.7%)
(RDMA_READ_CONSUME_CHECK_CONSUMER) timestamp=9333 ms, used_size=15839232 bytes (38.7%)
(RDMA_READ_CONSUME_CHECK_CONSUMER) timestamp=9333 ms, used_size=15837184 bytes (38.7%)
(RDMA_READ_CONSUME_CHECK_CONSUMER) timestamp=9333 ms, used_size=15835136 bytes (38.7%)
(RDMA_READ_CONSUME_CHECK_CONSUMER) timestamp=9333 ms, used_size=15833088 bytes (38.7%)
(RDMA_READ_CONSUME_CHECK_CONSUMER) timestamp=9333 ms, used_size=15831040 bytes (38.6%)
(RDMA_READ_CONSUME_CHECK_CONSUMER) timestamp=9333 ms, used_size=15828992 bytes (38.6%)
(RDMA_READ_CONSUME_CHECK_CONSUMER) timestamp=9333 ms, used_size=15826944 bytes (38.6%)
(RDMA_READ_CONSUME_CHECK_CONSUMER) timestamp=9333 ms, used_size=15824896 bytes (38.6%)
(RDMA_READ_CONSUME_CHECK_CONSUMER) timestamp=9333 ms, used_size=15822848 bytes (38.6%)
(RDMA_READ_CONSUME_CHECK_CONSUMER) timestamp=9333 ms, used_size=15820800 bytes (38.6%)
(RDMA_READ_CONSUME_CHECK_CONSUMER) timestamp=9333 ms, used_size=15818752 bytes (38.6%)
(RDMA_READ_CONSUME_CHECK_CONSUMER) timestamp=9333 ms, used_size=15816704 bytes (38.6%)
(RDMA_READ_CONSUME_CHECK_CONSUMER) timestamp=9333 ms, used_size=15814656 bytes (38.6%)
(RDMA_READ_CONSUME_CHECK_CONSUMER) timestamp=9333 ms, used_size=15812608 bytes (38.6%)
(RDMA_READ_CONSUME_CHECK_CONSUMER) timestamp=9333 ms, used_size=15810560 bytes (38.6%)
(RDMA_READ_CONSUME_CHECK_CONSUMER) timestamp=9333 ms, used_size=15808512 bytes (38.6%)
(RDMA_READ_CONSUME_CHECK_CONSUMER) timestamp=9333 ms, used_size=15806464 bytes (38.6%)
(RDMA_READ_CONSUME_CHECK_CONSUMER) timestamp=9333 ms, used_size=15804416 bytes (38.6%)
(RDMA_READ_CONSUME_CHECK_CONSUMER) timestamp=9333 ms, used_size=15802368 bytes (38.6%)
(RDMA_READ_CONSUME_CHECK_CONSUMER) timestamp=9333 ms, used_size=15800320 bytes (38.6%)
(RDMA_READ_CONSUME_CHECK_CONSUMER) timestamp=9333 ms, used_size=15798272 bytes (38.6%)
(RDMA_READ_CONSUME_CHECK_CONSUMER) timestamp=9333 ms, used_size=15796224 bytes (38.6%)
(RDMA_READ_CONSUME_CHECK_CONSUMER) timestamp=9333 ms, used_size=15794176 bytes (38.6%)
(RDMA_READ_CONSUME_CHECK_CONSUMER) timestamp=9333 ms, used_size=15792128 bytes (38.6%)
(RDMA_READ_CONSUME_CHECK_CONSUMER) timestamp=9333 ms, used_size=15790080 bytes (38.5%)
(RDMA_READ_CONSUME_CHECK_CONSUMER) timestamp=9333 ms, used_size=15788032 bytes (38.5%)
(RDMA_READ_CONSUME_CHECK_CONSUMER) timestamp=9333 ms, used_size=15785984 bytes (38.5%)
(RDMA_READ_CONSUME_CHECK_CONSUMER) timestamp=9333 ms, used_size=15783936 bytes (38.5%)
(RDMA_READ_CONSUME_CHECK_CONSUMER) timestamp=9333 ms, used_size=15781888 bytes (38.5%)
(RDMA_READ_CONSUME_CHECK_CONSUMER) timestamp=9333 ms, used_size=15779840 bytes (38.5%)
(RDMA_READ_CONSUME_CHECK_CONSUMER) timestamp=9333 ms, used_size=15777792 bytes (38.5%)
(RDMA_READ_CONSUME_CHECK_CONSUMER) timestamp=9333 ms, used_size=15775744 bytes (38.5%)
(RDMA_READ_CONSUME_CHECK_CONSUMER) timestamp=9333 ms, used_size=15773696 bytes (38.5%)
(RDMA_READ_CONSUME_CHECK_CONSUMER) timestamp=9333 ms, used_size=15771648 bytes (38.5%)
(RDMA_READ_CONSUME_CHECK_CONSUMER) timestamp=9333 ms, used_size=15769600 bytes (38.5%)
(RDMA_READ_CONSUME_CHECK_CONSUMER) timestamp=9333 ms, used_size=15767552 bytes (38.5%)
(RDMA_READ_CONSUME_CHECK_CONSUMER) timestamp=9333 ms, used_size=15765504 bytes (38.5%)
(RDMA_READ_CONSUME_CHECK_CONSUMER) timestamp=9333 ms, used_size=15763456 bytes (38.5%)
(RDMA_READ_CONSUME_CHECK_CONSUMER) timestamp=9333 ms, used_size=15761408 bytes (38.5%)
(RDMA_READ_CONSUME_CHECK_CONSUMER) timestamp=9333 ms, used_size=15759360 bytes (38.5%)
(RDMA_READ_CONSUME_CHECK_CONSUMER) timestamp=9333 ms, used_size=15757312 bytes (38.5%)
(RDMA_READ_CONSUME_CHECK_CONSUMER) timestamp=9333 ms, used_size=15755264 bytes (38.5%)
(RDMA_READ_CONSUME_CHECK_CONSUMER) timestamp=9333 ms, used_size=15753216 bytes (38.5%)
(RDMA_READ_CONSUME_CHECK_CONSUMER) timestamp=9333 ms, used_size=15751168 bytes (38.5%)
(RDMA_READ_CONSUME_CHECK_CONSUMER) timestamp=9333 ms, used_size=15749120 bytes (38.5%)
(RDMA_READ_CONSUME_CHECK_CONSUMER) timestamp=9333 ms, used_size=15747072 bytes (38.4%)
(RDMA_READ_CONSUME_CHECK_CONSUMER) timestamp=9333 ms, used_size=15745024 bytes (38.4%)
(RDMA_READ_CONSUME_CHECK_CONSUMER) timestamp=9333 ms, used_size=15742976 bytes (38.4%)
(RDMA_READ_CONSUME_CHECK_CONSUMER) timestamp=9333 ms, used_size=15740928 bytes (38.4%)
(RDMA_READ_CONSUME_CHECK_CONSUMER) timestamp=9333 ms, used_size=15738880 bytes (38.4%)
(RDMA_READ_CONSUME_CHECK_CONSUMER) timestamp=9333 ms, used_size=15736832 bytes (38.4%)
(RDMA_READ_CONSUME_CHECK_CONSUMER) timestamp=9333 ms, used_size=15734784 bytes (38.4%)
(RDMA_READ_CONSUME_CHECK_CONSUMER) timestamp=9333 ms, used_size=15732736 bytes (38.4%)
(RDMA_READ_CONSUME_CHECK_CONSUMER) timestamp=9333 ms, used_size=15730688 bytes (38.4%)
(RDMA_READ_CONSUME_CHECK_CONSUMER) timestamp=9333 ms, used_size=15728640 bytes (38.4%)
(RDMA_READ_CONSUME_CHECK_CONSUMER) timestamp=9333 ms, used_size=15726592 bytes (38.4%)
(RDMA_READ_CONSUME_CHECK_CONSUMER) timestamp=9333 ms, used_size=15724544 bytes (38.4%)
(RDMA_READ_CONSUME_CHECK_CONSUMER) timestamp=9333 ms, used_size=15722496 bytes (38.4%)
(RDMA_READ_CONSUME_CHECK_CONSUMER) timestamp=9333 ms, used_size=15720448 bytes (38.4%)
(RDMA_READ_CONSUME_CHECK_CONSUMER) timestamp=9333 ms, used_size=15718400 bytes (38.4%)
(RDMA_READ_CONSUME_CHECK_CONSUMER) timestamp=9333 ms, used_size=15716352 bytes (38.4%)
(RDMA_READ_CONSUME_CHECK_CONSUMER) timestamp=9333 ms, used_size=15714304 bytes (38.4%)
(RDMA_READ_CONSUME_CHECK_CONSUMER) timestamp=9333 ms, used_size=15712256 bytes (38.4%)
(RDMA_READ_CONSUME_CHECK_CONSUMER) timestamp=9333 ms, used_size=15710208 bytes (38.4%)
(RDMA_READ_CONSUME_CHECK_CONSUMER) timestamp=9333 ms, used_size=15708160 bytes (38.4%)
(RDMA_READ_CONSUME_CHECK_CONSUMER) timestamp=9333 ms, used_size=15706112 bytes (38.3%)
(RDMA_READ_CONSUME_CHECK_CONSUMER) timestamp=9333 ms, used_size=15704064 bytes (38.3%)
(RDMA_READ_CONSUME_CHECK_CONSUMER) timestamp=9333 ms, used_size=15702016 bytes (38.3%)
(RDMA_READ_CONSUME_CHECK_CONSUMER) timestamp=9333 ms, used_size=15699968 bytes (38.3%)
(RDMA_READ_CONSUME_CHECK_CONSUMER) timestamp=9333 ms, used_size=15697920 bytes (38.3%)
(RDMA_READ_CONSUME_CHECK_CONSUMER) timestamp=9333 ms, used_size=15695872 bytes (38.3%)
(RDMA_READ_CONSUME_CHECK_CONSUMER) timestamp=9333 ms, used_size=15693824 bytes (38.3%)
(RDMA_READ_CONSUME_CHECK_CONSUMER) timestamp=9333 ms, used_size=15691776 bytes (38.3%)
(RDMA_READ_CONSUME_CHECK_CONSUMER) timestamp=9333 ms, used_size=15689728 bytes (38.3%)
(RDMA_READ_CONSUME_CHECK_CONSUMER) timestamp=9333 ms, used_size=15687680 bytes (38.3%)
(RDMA_READ_CONSUME_CHECK_CONSUMER) timestamp=9333 ms, used_size=15685632 bytes (38.3%)
(RDMA_READ_CONSUME_CHECK_CONSUMER) timestamp=9333 ms, used_size=15683584 bytes (38.3%)
(RDMA_READ_CONSUME_CHECK_CONSUMER) timestamp=9333 ms, used_size=15681536 bytes (38.3%)
(RDMA_READ_CONSUME_CHECK_CONSUMER) timestamp=9333 ms, used_size=15679488 bytes (38.3%)
(RDMA_READ_CONSUME_CHECK_CONSUMER) timestamp=9333 ms, used_size=15677440 bytes (38.3%)
(RDMA_READ_CONSUME_CHECK_CONSUMER) timestamp=9333 ms, used_size=15675392 bytes (38.3%)
(RDMA_READ_CONSUME_CHECK_CONSUMER) timestamp=9333 ms, used_size=15673344 bytes (38.3%)
(RDMA_READ_CONSUME_CHECK_CONSUMER) timestamp=9333 ms, used_size=15671296 bytes (38.3%)
(RDMA_READ_CONSUME_CHECK_CONSUMER) timestamp=9333 ms, used_size=15669248 bytes (38.3%)
(RDMA_READ_CONSUME_CHECK_CONSUMER) timestamp=9333 ms, used_size=15667200 bytes (38.2%)
(RDMA_READ_CONSUME_CHECK_CONSUMER) timestamp=9333 ms, used_size=15665152 bytes (38.2%)
(RDMA_READ_CONSUME_CHECK_CONSUMER) timestamp=9333 ms, used_size=15663104 bytes (38.2%)
(RDMA_READ_CONSUME_CHECK_CONSUMER) timestamp=9333 ms, used_size=15661056 bytes (38.2%)
(RDMA_READ_CONSUME_CHECK_CONSUMER) timestamp=9333 ms, used_size=15659008 bytes (38.2%)
(RDMA_READ_CONSUME_CHECK_CONSUMER) timestamp=9333 ms, used_size=15656960 bytes (38.2%)
(RDMA_READ_CONSUME_CHECK_CONSUMER) timestamp=9333 ms, used_size=15654912 bytes (38.2%)
(RDMA_READ_CONSUME_CHECK_CONSUMER) timestamp=9333 ms, used_size=15652864 bytes (38.2%)
(RDMA_READ_CONSUME_CHECK_CONSUMER) timestamp=9333 ms, used_size=15650816 bytes (38.2%)
(RDMA_READ_CONSUME_CHECK_CONSUMER) timestamp=9333 ms, used_size=15648768 bytes (38.2%)
(RDMA_READ_CONSUME_CHECK_CONSUMER) timestamp=9333 ms, used_size=15646720 bytes (38.2%)
(RDMA_READ_CONSUME_CHECK_CONSUMER) timestamp=9333 ms, used_size=15644672 bytes (38.2%)
(RDMA_READ_CONSUME_CHECK_CONSUMER) timestamp=9333 ms, used_size=15642624 bytes (38.2%)
(RDMA_READ_CONSUME_CHECK_CONSUMER) timestamp=9333 ms, used_size=15640576 bytes (38.2%)
(RDMA_READ_CONSUME_CHECK_CONSUMER) timestamp=9333 ms, used_size=15638528 bytes (38.2%)
(RDMA_READ_CONSUME_CHECK_CONSUMER) timestamp=9333 ms, used_size=15636480 bytes (38.2%)
(RDMA_READ_CONSUME_CHECK_CONSUMER) timestamp=9333 ms, used_size=15634432 bytes (38.2%)
(RDMA_READ_CONSUME_CHECK_CONSUMER) timestamp=9333 ms, used_size=15632384 bytes (38.2%)
(RDMA_READ_CONSUME_CHECK_CONSUMER) timestamp=9333 ms, used_size=15630336 bytes (38.2%)
(RDMA_READ_CONSUME_CHECK_CONSUMER) timestamp=9333 ms, used_size=15628288 bytes (38.2%)
(RDMA_READ_CONSUME_CHECK_CONSUMER) timestamp=9333 ms, used_size=15626240 bytes (38.1%)
(RDMA_READ_CONSUME_CHECK_CONSUMER) timestamp=9333 ms, used_size=15624192 bytes (38.1%)
(RDMA_READ_CONSUME_CHECK_CONSUMER) timestamp=9333 ms, used_size=15622144 bytes (38.1%)
(RDMA_READ_CONSUME_CHECK_CONSUMER) timestamp=9333 ms, used_size=15620096 bytes (38.1%)
(RDMA_READ_CONSUME_CHECK_CONSUMER) timestamp=9333 ms, used_size=15618048 bytes (38.1%)
(RDMA_READ_CONSUME_CHECK_CONSUMER) timestamp=9333 ms, used_size=15616000 bytes (38.1%)
(RDMA_READ_CONSUME_CHECK_CONSUMER) timestamp=9333 ms, used_size=15613952 bytes (38.1%)
(RDMA_READ_CONSUME_CHECK_CONSUMER) timestamp=9333 ms, used_size=15611904 bytes (38.1%)
(RDMA_READ_CONSUME_CHECK_CONSUMER) timestamp=9333 ms, used_size=15609856 bytes (38.1%)
(RDMA_READ_CONSUME_CHECK_CONSUMER) timestamp=9333 ms, used_size=15607808 bytes (38.1%)
(RDMA_READ_CONSUME_CHECK_CONSUMER) timestamp=9333 ms, used_size=15605760 bytes (38.1%)
(RDMA_READ_CONSUME_CHECK_CONSUMER) timestamp=9333 ms, used_size=15603712 bytes (38.1%)
(RDMA_READ_CONSUME_CHECK_CONSUMER) timestamp=9333 ms, used_size=15601664 bytes (38.1%)
(RDMA_READ_CONSUME_CHECK_CONSUMER) timestamp=9333 ms, used_size=15599616 bytes (38.1%)
(RDMA_READ_CONSUME_CHECK_CONSUMER) timestamp=9333 ms, used_size=15597568 bytes (38.1%)
(RDMA_READ_CONSUME_CHECK_CONSUMER) timestamp=9333 ms, used_size=15595520 bytes (38.1%)
(RDMA_READ_CONSUME_CHECK_CONSUMER) timestamp=9333 ms, used_size=15593472 bytes (38.1%)
(RDMA_READ_CONSUME_CHECK_CONSUMER) timestamp=9333 ms, used_size=15591424 bytes (38.1%)
(RDMA_READ_CONSUME_CHECK_CONSUMER) timestamp=9333 ms, used_size=15589376 bytes (38.1%)
(RDMA_READ_CONSUME_CHECK_CONSUMER) timestamp=9333 ms, used_size=15587328 bytes (38.1%)
(RDMA_READ_CONSUME_CHECK_CONSUMER) timestamp=9333 ms, used_size=15585280 bytes (38.0%)
(RDMA_READ_CONSUME_CHECK_CONSUMER) timestamp=9333 ms, used_size=15583232 bytes (38.0%)
(RDMA_READ_CONSUME_CHECK_CONSUMER) timestamp=9333 ms, used_size=15581184 bytes (38.0%)
(RDMA_READ_CONSUME_CHECK_CONSUMER) timestamp=9333 ms, used_size=15579136 bytes (38.0%)
(RDMA_READ_CONSUME_CHECK_CONSUMER) timestamp=9333 ms, used_size=15577088 bytes (38.0%)
(RDMA_READ_CONSUME_CHECK_CONSUMER) timestamp=9333 ms, used_size=15575040 bytes (38.0%)
(RDMA_READ_CONSUME_CHECK_CONSUMER) timestamp=9333 ms, used_size=15572992 bytes (38.0%)
(RDMA_READ_CONSUME_CHECK_CONSUMER) timestamp=9333 ms, used_size=15570944 bytes (38.0%)
(RDMA_READ_CONSUME_CHECK_CONSUMER) timestamp=9333 ms, used_size=15568896 bytes (38.0%)
(RDMA_READ_CONSUME_CHECK_CONSUMER) timestamp=9333 ms, used_size=15566848 bytes (38.0%)
(RDMA_READ_CONSUME_CHECK_CONSUMER) timestamp=9333 ms, used_size=15564800 bytes (38.0%)
(RDMA_READ_CONSUME_CHECK_CONSUMER) timestamp=9333 ms, used_size=15562752 bytes (38.0%)
(RDMA_READ_CONSUME_CHECK_CONSUMER) timestamp=9333 ms, used_size=15560704 bytes (38.0%)
(RDMA_READ_CONSUME_CHECK_CONSUMER) timestamp=9333 ms, used_size=15558656 bytes (38.0%)
(RDMA_READ_CONSUME_CHECK_CONSUMER) timestamp=9333 ms, used_size=15556608 bytes (38.0%)
(RDMA_READ_CONSUME_CHECK_CONSUMER) timestamp=9333 ms, used_size=15554560 bytes (38.0%)
(RDMA_READ_CONSUME_CHECK_CONSUMER) timestamp=9333 ms, used_size=15552512 bytes (38.0%)
(RDMA_READ_CONSUME_CHECK_CONSUMER) timestamp=9333 ms, used_size=15550464 bytes (38.0%)
(RDMA_READ_CONSUME_CHECK_CONSUMER) timestamp=9333 ms, used_size=15548416 bytes (38.0%)
(RDMA_READ_CONSUME_CHECK_CONSUMER) timestamp=9333 ms, used_size=15546368 bytes (38.0%)
(RDMA_READ_CONSUME_CHECK_CONSUMER) timestamp=9333 ms, used_size=15544320 bytes (38.0%)
(RDMA_READ_CONSUME_CHECK_CONSUMER) timestamp=9333 ms, used_size=15542272 bytes (37.9%)
(RDMA_READ_CONSUME_CHECK_CONSUMER) timestamp=9333 ms, used_size=15540224 bytes (37.9%)
(RDMA_READ_CONSUME_CHECK_CONSUMER) timestamp=9333 ms, used_size=15538176 bytes (37.9%)
(RDMA_READ_CONSUME_CHECK_CONSUMER) timestamp=9333 ms, used_size=15536128 bytes (37.9%)
(RDMA_READ_CONSUME_CHECK_CONSUMER) timestamp=9333 ms, used_size=15534080 bytes (37.9%)
(RDMA_READ_CONSUME_CHECK_CONSUMER) timestamp=9333 ms, used_size=15532032 bytes (37.9%)
(RDMA_READ_CONSUME_CHECK_CONSUMER) timestamp=9333 ms, used_size=15529984 bytes (37.9%)
(RDMA_READ_CONSUME_CHECK_CONSUMER) timestamp=9333 ms, used_size=15527936 bytes (37.9%)
(RDMA_READ_CONSUME_CHECK_CONSUMER) timestamp=9333 ms, used_size=15525888 bytes (37.9%)
(RDMA_READ_CONSUME_CHECK_CONSUMER) timestamp=9333 ms, used_size=15523840 bytes (37.9%)
(RDMA_READ_CONSUME_CHECK_CONSUMER) timestamp=9333 ms, used_size=15521792 bytes (37.9%)
(RDMA_READ_CONSUME_CHECK_CONSUMER) timestamp=9333 ms, used_size=15519744 bytes (37.9%)
(RDMA_READ_CONSUME_CHECK_CONSUMER) timestamp=9333 ms, used_size=15517696 bytes (37.9%)
(RDMA_READ_CONSUME_CHECK_CONSUMER) timestamp=9333 ms, used_size=15515648 bytes (37.9%)
(RDMA_READ_CONSUME_CHECK_CONSUMER) timestamp=9333 ms, used_size=15513600 bytes (37.9%)
(RDMA_READ_CONSUME_CHECK_CONSUMER) timestamp=9333 ms, used_size=15511552 bytes (37.9%)
(RDMA_READ_CONSUME_CHECK_CONSUMER) timestamp=9333 ms, used_size=15509504 bytes (37.9%)
(RDMA_READ_CONSUME_CHECK_CONSUMER) timestamp=9333 ms, used_size=15507456 bytes (37.9%)
(RDMA_READ_CONSUME_CHECK_CONSUMER) timestamp=9333 ms, used_size=15505408 bytes (37.9%)
(RDMA_READ_CONSUME_CHECK_CONSUMER) timestamp=9333 ms, used_size=15503360 bytes (37.9%)
(RDMA_READ_CONSUME_CHECK_CONSUMER) timestamp=9333 ms, used_size=15501312 bytes (37.8%)
(RDMA_READ_CONSUME_CHECK_CONSUMER) timestamp=9334 ms, used_size=15499264 bytes (37.8%)
(RDMA_READ_CONSUME_CHECK_CONSUMER) timestamp=9334 ms, used_size=15497216 bytes (37.8%)
(RDMA_READ_CONSUME_CHECK_CONSUMER) timestamp=9334 ms, used_size=15495168 bytes (37.8%)
(RDMA_READ_CONSUME_CHECK_CONSUMER) timestamp=9334 ms, used_size=15493120 bytes (37.8%)
(RDMA_READ_CONSUME_CHECK_CONSUMER) timestamp=9334 ms, used_size=15491072 bytes (37.8%)
(RDMA_READ_CONSUME_CHECK_CONSUMER) timestamp=9334 ms, used_size=15489024 bytes (37.8%)
(RDMA_READ_CONSUME_CHECK_CONSUMER) timestamp=9334 ms, used_size=15486976 bytes (37.8%)
(RDMA_READ_CONSUME_CHECK_CONSUMER) timestamp=9334 ms, used_size=15484928 bytes (37.8%)
(RDMA_READ_CONSUME_CHECK_CONSUMER) timestamp=9334 ms, used_size=15482880 bytes (37.8%)
(RDMA_READ_CONSUME_CHECK_CONSUMER) timestamp=9334 ms, used_size=15480832 bytes (37.8%)
(RDMA_READ_CONSUME_CHECK_CONSUMER) timestamp=9334 ms, used_size=15478784 bytes (37.8%)
(RDMA_READ_CONSUME_CHECK_CONSUMER) timestamp=9334 ms, used_size=15476736 bytes (37.8%)
(RDMA_READ_CONSUME_CHECK_CONSUMER) timestamp=9334 ms, used_size=15474688 bytes (37.8%)
(RDMA_READ_CONSUME_CHECK_CONSUMER) timestamp=9334 ms, used_size=15472640 bytes (37.8%)
(RDMA_READ_CONSUME_CHECK_CONSUMER) timestamp=9334 ms, used_size=15470592 bytes (37.8%)
(RDMA_READ_CONSUME_CHECK_CONSUMER) timestamp=9334 ms, used_size=15468544 bytes (37.8%)
(RDMA_READ_CONSUME_CHECK_CONSUMER) timestamp=9334 ms, used_size=15466496 bytes (37.8%)
(RDMA_READ_CONSUME_CHECK_CONSUMER) timestamp=9334 ms, used_size=15464448 bytes (37.8%)
(RDMA_READ_CONSUME_CHECK_CONSUMER) timestamp=9334 ms, used_size=15462400 bytes (37.8%)
(RDMA_READ_CONSUME_CHECK_CONSUMER) timestamp=9334 ms, used_size=15460352 bytes (37.7%)
(RDMA_READ_CONSUME_CHECK_CONSUMER) timestamp=9334 ms, used_size=15458304 bytes (37.7%)
(RDMA_READ_CONSUME_CHECK_CONSUMER) timestamp=9334 ms, used_size=15456256 bytes (37.7%)
(RDMA_READ_CONSUME_CHECK_CONSUMER) timestamp=9334 ms, used_size=15454208 bytes (37.7%)
(RDMA_READ_CONSUME_CHECK_CONSUMER) timestamp=9334 ms, used_size=15452160 bytes (37.7%)
(RDMA_READ_CONSUME_CHECK_CONSUMER) timestamp=9334 ms, used_size=15450112 bytes (37.7%)
(RDMA_READ_CONSUME_CHECK_CONSUMER) timestamp=9334 ms, used_size=15448064 bytes (37.7%)
(RDMA_READ_CONSUME_CHECK_CONSUMER) timestamp=9334 ms, used_size=15446016 bytes (37.7%)
(RDMA_READ_CONSUME_CHECK_CONSUMER) timestamp=9334 ms, used_size=15443968 bytes (37.7%)
(RDMA_READ_CONSUME_CHECK_CONSUMER) timestamp=9334 ms, used_size=15441920 bytes (37.7%)
(RDMA_READ_CONSUME_CHECK_CONSUMER) timestamp=9334 ms, used_size=15439872 bytes (37.7%)
(RDMA_READ_CONSUME_CHECK_CONSUMER) timestamp=9334 ms, used_size=15437824 bytes (37.7%)
(RDMA_READ_CONSUME_CHECK_CONSUMER) timestamp=9334 ms, used_size=15435776 bytes (37.7%)
(RDMA_READ_CONSUME_CHECK_CONSUMER) timestamp=9334 ms, used_size=15433728 bytes (37.7%)
(RDMA_READ_CONSUME_CHECK_CONSUMER) timestamp=9334 ms, used_size=15431680 bytes (37.7%)
(RDMA_READ_CONSUME_CHECK_CONSUMER) timestamp=9334 ms, used_size=15429632 bytes (37.7%)
(RDMA_READ_CONSUME_CHECK_CONSUMER) timestamp=9334 ms, used_size=15427584 bytes (37.7%)
(RDMA_READ_CONSUME_CHECK_CONSUMER) timestamp=9334 ms, used_size=15425536 bytes (37.7%)
(RDMA_READ_CONSUME_CHECK_CONSUMER) timestamp=9334 ms, used_size=15423488 bytes (37.7%)
(RDMA_READ_CONSUME_CHECK_CONSUMER) timestamp=9334 ms, used_size=15421440 bytes (37.6%)
(RDMA_READ_CONSUME_CHECK_CONSUMER) timestamp=9334 ms, used_size=15419392 bytes (37.6%)
(RDMA_READ_CONSUME_CHECK_CONSUMER) timestamp=9334 ms, used_size=15417344 bytes (37.6%)
(RDMA_READ_CONSUME_CHECK_CONSUMER) timestamp=9334 ms, used_size=15415296 bytes (37.6%)
(RDMA_READ_CONSUME_CHECK_CONSUMER) timestamp=9334 ms, used_size=15413248 bytes (37.6%)
(RDMA_READ_CONSUME_CHECK_CONSUMER) timestamp=9334 ms, used_size=15411200 bytes (37.6%)
(RDMA_READ_CONSUME_CHECK_CONSUMER) timestamp=9334 ms, used_size=15409152 bytes (37.6%)
(RDMA_READ_CONSUME_CHECK_CONSUMER) timestamp=9334 ms, used_size=15407104 bytes (37.6%)
(RDMA_READ_CONSUME_CHECK_CONSUMER) timestamp=9334 ms, used_size=15405056 bytes (37.6%)
(RDMA_READ_CONSUME_CHECK_CONSUMER) timestamp=9334 ms, used_size=15403008 bytes (37.6%)
(RDMA_READ_CONSUME_CHECK_CONSUMER) timestamp=9334 ms, used_size=15400960 bytes (37.6%)
(RDMA_READ_CONSUME_CHECK_CONSUMER) timestamp=9334 ms, used_size=15398912 bytes (37.6%)
(RDMA_READ_CONSUME_CHECK_CONSUMER) timestamp=9334 ms, used_size=15396864 bytes (37.6%)
(RDMA_READ_CONSUME_CHECK_CONSUMER) timestamp=9334 ms, used_size=15394816 bytes (37.6%)
(RDMA_READ_CONSUME_CHECK_CONSUMER) timestamp=9334 ms, used_size=15392768 bytes (37.6%)
(RDMA_READ_CONSUME_CHECK_CONSUMER) timestamp=9334 ms, used_size=15390720 bytes (37.6%)
(RDMA_READ_CONSUME_CHECK_CONSUMER) timestamp=9334 ms, used_size=15388672 bytes (37.6%)
(RDMA_READ_CONSUME_CHECK_CONSUMER) timestamp=9334 ms, used_size=15386624 bytes (37.6%)
(RDMA_READ_CONSUME_CHECK_CONSUMER) timestamp=9334 ms, used_size=15384576 bytes (37.6%)
(RDMA_READ_CONSUME_CHECK_CONSUMER) timestamp=9334 ms, used_size=15382528 bytes (37.6%)
(RDMA_READ_CONSUME_CHECK_CONSUMER) timestamp=9334 ms, used_size=15380480 bytes (37.5%)
(RDMA_READ_CONSUME_CHECK_CONSUMER) timestamp=9334 ms, used_size=15378432 bytes (37.5%)
(RDMA_READ_CONSUME_CHECK_CONSUMER) timestamp=9334 ms, used_size=15376384 bytes (37.5%)
(RDMA_READ_CONSUME_CHECK_CONSUMER) timestamp=9334 ms, used_size=15374336 bytes (37.5%)
(RDMA_READ_CONSUME_CHECK_CONSUMER) timestamp=9334 ms, used_size=15372288 bytes (37.5%)
(RDMA_READ_CONSUME_CHECK_CONSUMER) timestamp=9334 ms, used_size=15370240 bytes (37.5%)
(RDMA_READ_CONSUME_CHECK_CONSUMER) timestamp=9334 ms, used_size=15368192 bytes (37.5%)
(RDMA_READ_CONSUME_CHECK_CONSUMER) timestamp=9334 ms, used_size=15366144 bytes (37.5%)
(RDMA_READ_CONSUME_CHECK_CONSUMER) timestamp=9334 ms, used_size=15364096 bytes (37.5%)
(RDMA_READ_CONSUME_CHECK_CONSUMER) timestamp=9334 ms, used_size=15362048 bytes (37.5%)
(RDMA_READ_CONSUME_CHECK_CONSUMER) timestamp=9334 ms, used_size=15360000 bytes (37.5%)
(RDMA_READ_CONSUME_CHECK_CONSUMER) timestamp=9334 ms, used_size=15357952 bytes (37.5%)
(RDMA_READ_CONSUME_CHECK_CONSUMER) timestamp=9334 ms, used_size=15355904 bytes (37.5%)
(RDMA_READ_CONSUME_CHECK_CONSUMER) timestamp=9334 ms, used_size=15353856 bytes (37.5%)
(RDMA_READ_CONSUME_CHECK_CONSUMER) timestamp=9334 ms, used_size=15351808 bytes (37.5%)
(RDMA_READ_CONSUME_CHECK_CONSUMER) timestamp=9334 ms, used_size=15349760 bytes (37.5%)
(RDMA_READ_CONSUME_CHECK_CONSUMER) timestamp=9334 ms, used_size=15347712 bytes (37.5%)
(RDMA_READ_CONSUME_CHECK_CONSUMER) timestamp=9334 ms, used_size=15345664 bytes (37.5%)
(RDMA_READ_CONSUME_CHECK_CONSUMER) timestamp=9334 ms, used_size=15343616 bytes (37.5%)
(RDMA_READ_CONSUME_CHECK_CONSUMER) timestamp=9334 ms, used_size=15341568 bytes (37.5%)
(RDMA_READ_CONSUME_CHECK_CONSUMER) timestamp=9334 ms, used_size=15339520 bytes (37.5%)
(RDMA_READ_CONSUME_CHECK_CONSUMER) timestamp=9334 ms, used_size=15337472 bytes (37.4%)
(RDMA_READ_CONSUME_CHECK_CONSUMER) timestamp=9334 ms, used_size=15335424 bytes (37.4%)
(RDMA_READ_CONSUME_CHECK_CONSUMER) timestamp=9334 ms, used_size=15333376 bytes (37.4%)
(RDMA_READ_CONSUME_CHECK_CONSUMER) timestamp=9334 ms, used_size=15331328 bytes (37.4%)
(RDMA_READ_CONSUME_CHECK_CONSUMER) timestamp=9334 ms, used_size=15329280 bytes (37.4%)
(RDMA_READ_CONSUME_CHECK_CONSUMER) timestamp=9334 ms, used_size=15327232 bytes (37.4%)
(RDMA_READ_CONSUME_CHECK_CONSUMER) timestamp=9334 ms, used_size=15325184 bytes (37.4%)
(RDMA_READ_CONSUME_CHECK_CONSUMER) timestamp=9334 ms, used_size=15323136 bytes (37.4%)
(RDMA_READ_CONSUME_CHECK_CONSUMER) timestamp=9334 ms, used_size=15321088 bytes (37.4%)
(RDMA_READ_CONSUME_CHECK_CONSUMER) timestamp=9334 ms, used_size=15319040 bytes (37.4%)
(RDMA_READ_CONSUME_CHECK_CONSUMER) timestamp=9334 ms, used_size=15316992 bytes (37.4%)
(RDMA_READ_CONSUME_CHECK_CONSUMER) timestamp=9334 ms, used_size=15314944 bytes (37.4%)
(RDMA_READ_CONSUME_CHECK_CONSUMER) timestamp=9334 ms, used_size=15312896 bytes (37.4%)
(RDMA_READ_CONSUME_CHECK_CONSUMER) timestamp=9334 ms, used_size=15310848 bytes (37.4%)
(RDMA_READ_CONSUME_CHECK_CONSUMER) timestamp=9334 ms, used_size=15308800 bytes (37.4%)
(RDMA_READ_CONSUME_CHECK_CONSUMER) timestamp=9334 ms, used_size=15306752 bytes (37.4%)
(RDMA_READ_CONSUME_CHECK_CONSUMER) timestamp=9334 ms, used_size=15304704 bytes (37.4%)
(RDMA_READ_CONSUME_CHECK_CONSUMER) timestamp=9334 ms, used_size=15302656 bytes (37.4%)
(RDMA_READ_CONSUME_CHECK_CONSUMER) timestamp=9334 ms, used_size=15300608 bytes (37.4%)
(RDMA_READ_CONSUME_CHECK_CONSUMER) timestamp=9334 ms, used_size=15298560 bytes (37.4%)
(RDMA_READ_CONSUME_CHECK_CONSUMER) timestamp=9334 ms, used_size=15296512 bytes (37.3%)
(RDMA_READ_CONSUME_CHECK_CONSUMER) timestamp=9334 ms, used_size=15294464 bytes (37.3%)
(RDMA_READ_CONSUME_CHECK_CONSUMER) timestamp=9334 ms, used_size=15292416 bytes (37.3%)
(RDMA_READ_CONSUME_CHECK_CONSUMER) timestamp=9334 ms, used_size=15290368 bytes (37.3%)
(RDMA_READ_CONSUME_CHECK_CONSUMER) timestamp=9334 ms, used_size=15288320 bytes (37.3%)
(RDMA_READ_CONSUME_CHECK_CONSUMER) timestamp=9334 ms, used_size=15286272 bytes (37.3%)
(RDMA_READ_CONSUME_CHECK_CONSUMER) timestamp=9334 ms, used_size=15284224 bytes (37.3%)
(RDMA_READ_CONSUME_CHECK_CONSUMER) timestamp=9334 ms, used_size=15282176 bytes (37.3%)
(RDMA_READ_CONSUME_CHECK_CONSUMER) timestamp=9334 ms, used_size=15280128 bytes (37.3%)
(RDMA_READ_CONSUME_CHECK_CONSUMER) timestamp=9334 ms, used_size=15278080 bytes (37.3%)
(RDMA_READ_CONSUME_CHECK_CONSUMER) timestamp=9334 ms, used_size=15276032 bytes (37.3%)
(RDMA_READ_CONSUME_CHECK_CONSUMER) timestamp=9334 ms, used_size=15273984 bytes (37.3%)
(RDMA_READ_CONSUME_CHECK_CONSUMER) timestamp=9334 ms, used_size=15271936 bytes (37.3%)
(RDMA_READ_CONSUME_CHECK_CONSUMER) timestamp=9334 ms, used_size=15269888 bytes (37.3%)
(RDMA_READ_CONSUME_CHECK_CONSUMER) timestamp=9334 ms, used_size=15267840 bytes (37.3%)
(RDMA_READ_CONSUME_CHECK_CONSUMER) timestamp=9334 ms, used_size=15265792 bytes (37.3%)
(RDMA_READ_CONSUME_CHECK_CONSUMER) timestamp=9334 ms, used_size=15263744 bytes (37.3%)
(RDMA_READ_CONSUME_CHECK_CONSUMER) timestamp=9334 ms, used_size=15261696 bytes (37.3%)
(RDMA_READ_CONSUME_CHECK_CONSUMER) timestamp=9334 ms, used_size=15259648 bytes (37.3%)
(RDMA_READ_CONSUME_CHECK_CONSUMER) timestamp=9334 ms, used_size=15257600 bytes (37.2%)
(RDMA_READ_CONSUME_CHECK_CONSUMER) timestamp=9334 ms, used_size=15255552 bytes (37.2%)
(RDMA_READ_CONSUME_CHECK_CONSUMER) timestamp=9334 ms, used_size=15253504 bytes (37.2%)
(RDMA_READ_CONSUME_CHECK_CONSUMER) timestamp=9334 ms, used_size=15251456 bytes (37.2%)
(RDMA_READ_CONSUME_CHECK_CONSUMER) timestamp=9334 ms, used_size=15249408 bytes (37.2%)
(RDMA_READ_CONSUME_CHECK_CONSUMER) timestamp=9334 ms, used_size=15247360 bytes (37.2%)
(RDMA_READ_CONSUME_CHECK_CONSUMER) timestamp=9334 ms, used_size=15245312 bytes (37.2%)
(RDMA_READ_CONSUME_CHECK_CONSUMER) timestamp=9334 ms, used_size=15243264 bytes (37.2%)
(RDMA_READ_CONSUME_CHECK_CONSUMER) timestamp=9334 ms, used_size=15241216 bytes (37.2%)
(RDMA_READ_CONSUME_CHECK_CONSUMER) timestamp=9334 ms, used_size=15239168 bytes (37.2%)
(RDMA_READ_CONSUME_CHECK_CONSUMER) timestamp=9334 ms, used_size=15237120 bytes (37.2%)
(RDMA_READ_CONSUME_CHECK_CONSUMER) timestamp=9334 ms, used_size=15235072 bytes (37.2%)
(RDMA_READ_CONSUME_CHECK_CONSUMER) timestamp=9334 ms, used_size=15233024 bytes (37.2%)
(RDMA_READ_CONSUME_CHECK_CONSUMER) timestamp=9334 ms, used_size=15230976 bytes (37.2%)
(RDMA_READ_CONSUME_CHECK_CONSUMER) timestamp=9334 ms, used_size=15228928 bytes (37.2%)
(RDMA_READ_CONSUME_CHECK_CONSUMER) timestamp=9334 ms, used_size=15226880 bytes (37.2%)
(RDMA_READ_CONSUME_CHECK_CONSUMER) timestamp=9334 ms, used_size=15224832 bytes (37.2%)
(RDMA_READ_CONSUME_CHECK_CONSUMER) timestamp=9334 ms, used_size=15222784 bytes (37.2%)
(RDMA_READ_CONSUME_CHECK_CONSUMER) timestamp=9334 ms, used_size=15220736 bytes (37.2%)
(RDMA_READ_CONSUME_CHECK_CONSUMER) timestamp=9334 ms, used_size=15218688 bytes (37.2%)
(RDMA_READ_CONSUME_CHECK_CONSUMER) timestamp=9334 ms, used_size=15216640 bytes (37.1%)
(RDMA_READ_CONSUME_CHECK_CONSUMER) timestamp=9334 ms, used_size=15214592 bytes (37.1%)
(RDMA_READ_CONSUME_CHECK_CONSUMER) timestamp=9334 ms, used_size=15212544 bytes (37.1%)
(RDMA_READ_CONSUME_CHECK_CONSUMER) timestamp=9334 ms, used_size=15210496 bytes (37.1%)
(RDMA_READ_CONSUME_CHECK_CONSUMER) timestamp=9334 ms, used_size=15208448 bytes (37.1%)
(RDMA_READ_CONSUME_CHECK_CONSUMER) timestamp=9334 ms, used_size=15206400 bytes (37.1%)
(RDMA_READ_CONSUME_CHECK_CONSUMER) timestamp=9334 ms, used_size=15204352 bytes (37.1%)
(RDMA_READ_CONSUME_CHECK_CONSUMER) timestamp=9334 ms, used_size=15202304 bytes (37.1%)
(RDMA_READ_CONSUME_CHECK_CONSUMER) timestamp=9334 ms, used_size=15200256 bytes (37.1%)
(RDMA_READ_CONSUME_CHECK_CONSUMER) timestamp=9334 ms, used_size=15198208 bytes (37.1%)
(RDMA_READ_CONSUME_CHECK_CONSUMER) timestamp=9334 ms, used_size=15196160 bytes (37.1%)
(RDMA_READ_CONSUME_CHECK_CONSUMER) timestamp=9334 ms, used_size=15194112 bytes (37.1%)
(RDMA_READ_CONSUME_CHECK_CONSUMER) timestamp=9334 ms, used_size=15192064 bytes (37.1%)
(RDMA_READ_CONSUME_CHECK_CONSUMER) timestamp=9334 ms, used_size=15190016 bytes (37.1%)
(RDMA_READ_CONSUME_CHECK_CONSUMER) timestamp=9334 ms, used_size=15187968 bytes (37.1%)
(RDMA_READ_CONSUME_CHECK_CONSUMER) timestamp=9334 ms, used_size=15185920 bytes (37.1%)
(RDMA_READ_CONSUME_CHECK_CONSUMER) timestamp=9334 ms, used_size=15183872 bytes (37.1%)
(RDMA_READ_CONSUME_CHECK_CONSUMER) timestamp=9334 ms, used_size=15181824 bytes (37.1%)
(RDMA_READ_CONSUME_CHECK_CONSUMER) timestamp=9334 ms, used_size=15179776 bytes (37.1%)
(RDMA_READ_CONSUME_CHECK_CONSUMER) timestamp=9334 ms, used_size=15177728 bytes (37.1%)
(RDMA_READ_CONSUME_CHECK_CONSUMER) timestamp=9334 ms, used_size=15175680 bytes (37.0%)
(RDMA_READ_CONSUME_CHECK_CONSUMER) timestamp=9334 ms, used_size=15173632 bytes (37.0%)
(RDMA_READ_CONSUME_CHECK_CONSUMER) timestamp=9334 ms, used_size=15171584 bytes (37.0%)
(RDMA_READ_CONSUME_CHECK_CONSUMER) timestamp=9334 ms, used_size=15169536 bytes (37.0%)
(RDMA_READ_CONSUME_CHECK_CONSUMER) timestamp=9334 ms, used_size=15167488 bytes (37.0%)
(RDMA_READ_CONSUME_CHECK_CONSUMER) timestamp=9334 ms, used_size=15165440 bytes (37.0%)
(RDMA_READ_CONSUME_CHECK_CONSUMER) timestamp=9334 ms, used_size=15163392 bytes (37.0%)
(RDMA_READ_CONSUME_CHECK_CONSUMER) timestamp=9334 ms, used_size=15161344 bytes (37.0%)
(RDMA_READ_CONSUME_CHECK_CONSUMER) timestamp=9334 ms, used_size=15159296 bytes (37.0%)
(RDMA_READ_CONSUME_CHECK_CONSUMER) timestamp=9334 ms, used_size=15157248 bytes (37.0%)
(RDMA_READ_CONSUME_CHECK_CONSUMER) timestamp=9334 ms, used_size=15155200 bytes (37.0%)
(RDMA_READ_CONSUME_CHECK_CONSUMER) timestamp=9334 ms, used_size=15153152 bytes (37.0%)
(RDMA_READ_CONSUME_CHECK_CONSUMER) timestamp=9334 ms, used_size=15151104 bytes (37.0%)
(RDMA_READ_CONSUME_CHECK_CONSUMER) timestamp=9334 ms, used_size=15149056 bytes (37.0%)
(RDMA_READ_CONSUME_CHECK_CONSUMER) timestamp=9334 ms, used_size=15147008 bytes (37.0%)
(RDMA_READ_CONSUME_CHECK_CONSUMER) timestamp=9334 ms, used_size=15144960 bytes (37.0%)
(RDMA_READ_CONSUME_CHECK_CONSUMER) timestamp=9334 ms, used_size=15142912 bytes (37.0%)
(RDMA_READ_CONSUME_CHECK_CONSUMER) timestamp=9334 ms, used_size=15140864 bytes (37.0%)
(RDMA_READ_CONSUME_CHECK_CONSUMER) timestamp=9334 ms, used_size=15138816 bytes (37.0%)
(RDMA_READ_CONSUME_CHECK_CONSUMER) timestamp=9334 ms, used_size=15136768 bytes (37.0%)
(RDMA_READ_CONSUME_CHECK_CONSUMER) timestamp=9334 ms, used_size=15134720 bytes (37.0%)
(RDMA_READ_CONSUME_CHECK_CONSUMER) timestamp=9334 ms, used_size=15132672 bytes (36.9%)
(RDMA_READ_CONSUME_CHECK_CONSUMER) timestamp=9335 ms, used_size=15130624 bytes (36.9%)
(RDMA_READ_CONSUME_CHECK_CONSUMER) timestamp=9335 ms, used_size=15128576 bytes (36.9%)
(RDMA_READ_CONSUME_CHECK_CONSUMER) timestamp=9335 ms, used_size=15126528 bytes (36.9%)
(RDMA_READ_CONSUME_CHECK_CONSUMER) timestamp=9335 ms, used_size=15124480 bytes (36.9%)
(RDMA_READ_CONSUME_CHECK_CONSUMER) timestamp=9335 ms, used_size=15122432 bytes (36.9%)
(RDMA_READ_CONSUME_CHECK_CONSUMER) timestamp=9335 ms, used_size=15120384 bytes (36.9%)
(RDMA_READ_CONSUME_CHECK_CONSUMER) timestamp=9335 ms, used_size=15118336 bytes (36.9%)
(RDMA_READ_CONSUME_CHECK_CONSUMER) timestamp=9335 ms, used_size=15116288 bytes (36.9%)
(RDMA_READ_CONSUME_CHECK_CONSUMER) timestamp=9335 ms, used_size=15114240 bytes (36.9%)
(RDMA_READ_CONSUME_CHECK_CONSUMER) timestamp=9335 ms, used_size=15112192 bytes (36.9%)
(RDMA_READ_CONSUME_CHECK_CONSUMER) timestamp=9335 ms, used_size=15110144 bytes (36.9%)
(RDMA_READ_CONSUME_CHECK_CONSUMER) timestamp=9335 ms, used_size=15108096 bytes (36.9%)
(RDMA_READ_CONSUME_CHECK_CONSUMER) timestamp=9335 ms, used_size=15106048 bytes (36.9%)
(RDMA_READ_CONSUME_CHECK_CONSUMER) timestamp=9335 ms, used_size=15104000 bytes (36.9%)
(RDMA_READ_CONSUME_CHECK_CONSUMER) timestamp=9335 ms, used_size=15101952 bytes (36.9%)
(RDMA_READ_CONSUME_CHECK_CONSUMER) timestamp=9335 ms, used_size=15099904 bytes (36.9%)
(RDMA_READ_CONSUME_CHECK_CONSUMER) timestamp=9335 ms, used_size=15097856 bytes (36.9%)
(RDMA_READ_CONSUME_CHECK_CONSUMER) timestamp=9335 ms, used_size=15095808 bytes (36.9%)
(RDMA_READ_CONSUME_CHECK_CONSUMER) timestamp=9335 ms, used_size=15093760 bytes (36.9%)
(RDMA_READ_CONSUME_CHECK_CONSUMER) timestamp=9335 ms, used_size=15091712 bytes (36.8%)
(RDMA_READ_CONSUME_CHECK_CONSUMER) timestamp=9335 ms, used_size=15089664 bytes (36.8%)
(RDMA_READ_CONSUME_CHECK_CONSUMER) timestamp=9335 ms, used_size=15087616 bytes (36.8%)
(RDMA_READ_CONSUME_CHECK_CONSUMER) timestamp=9335 ms, used_size=15085568 bytes (36.8%)
(RDMA_READ_CONSUME_CHECK_CONSUMER) timestamp=9335 ms, used_size=15083520 bytes (36.8%)
(RDMA_READ_CONSUME_CHECK_CONSUMER) timestamp=9335 ms, used_size=15081472 bytes (36.8%)
(RDMA_READ_CONSUME_CHECK_CONSUMER) timestamp=9335 ms, used_size=15079424 bytes (36.8%)
(RDMA_READ_CONSUME_CHECK_CONSUMER) timestamp=9335 ms, used_size=15077376 bytes (36.8%)
(RDMA_READ_CONSUME_CHECK_CONSUMER) timestamp=9335 ms, used_size=15075328 bytes (36.8%)
(RDMA_READ_CONSUME_CHECK_CONSUMER) timestamp=9335 ms, used_size=15073280 bytes (36.8%)
(RDMA_READ_CONSUME_CHECK_CONSUMER) timestamp=9335 ms, used_size=15071232 bytes (36.8%)
(RDMA_READ_CONSUME_CHECK_CONSUMER) timestamp=9335 ms, used_size=15069184 bytes (36.8%)
(RDMA_READ_CONSUME_CHECK_CONSUMER) timestamp=9335 ms, used_size=15067136 bytes (36.8%)
(RDMA_READ_CONSUME_CHECK_CONSUMER) timestamp=9335 ms, used_size=15065088 bytes (36.8%)
(RDMA_READ_CONSUME_CHECK_CONSUMER) timestamp=9335 ms, used_size=15063040 bytes (36.8%)
(RDMA_READ_CONSUME_CHECK_CONSUMER) timestamp=9335 ms, used_size=15060992 bytes (36.8%)
(RDMA_READ_CONSUME_CHECK_CONSUMER) timestamp=9335 ms, used_size=15058944 bytes (36.8%)
(RDMA_READ_CONSUME_CHECK_CONSUMER) timestamp=9335 ms, used_size=15056896 bytes (36.8%)
(RDMA_READ_CONSUME_CHECK_CONSUMER) timestamp=9335 ms, used_size=15054848 bytes (36.8%)
(RDMA_READ_CONSUME_CHECK_CONSUMER) timestamp=9335 ms, used_size=15052800 bytes (36.8%)
(RDMA_READ_CONSUME_CHECK_CONSUMER) timestamp=9335 ms, used_size=15050752 bytes (36.7%)
(RDMA_READ_CONSUME_CHECK_CONSUMER) timestamp=9335 ms, used_size=15048704 bytes (36.7%)
(RDMA_READ_CONSUME_CHECK_CONSUMER) timestamp=9335 ms, used_size=15046656 bytes (36.7%)
(RDMA_READ_CONSUME_CHECK_CONSUMER) timestamp=9335 ms, used_size=15044608 bytes (36.7%)
(RDMA_READ_CONSUME_CHECK_CONSUMER) timestamp=9335 ms, used_size=15042560 bytes (36.7%)
(RDMA_READ_CONSUME_CHECK_CONSUMER) timestamp=9335 ms, used_size=15040512 bytes (36.7%)
(RDMA_READ_CONSUME_CHECK_CONSUMER) timestamp=9335 ms, used_size=15038464 bytes (36.7%)
(RDMA_READ_CONSUME_CHECK_CONSUMER) timestamp=9335 ms, used_size=15036416 bytes (36.7%)
(RDMA_READ_CONSUME_CHECK_CONSUMER) timestamp=9335 ms, used_size=15034368 bytes (36.7%)
(RDMA_READ_CONSUME_CHECK_CONSUMER) timestamp=9335 ms, used_size=15032320 bytes (36.7%)
(RDMA_READ_CONSUME_CHECK_CONSUMER) timestamp=9335 ms, used_size=15030272 bytes (36.7%)
(RDMA_READ_CONSUME_CHECK_CONSUMER) timestamp=9335 ms, used_size=15028224 bytes (36.7%)
(RDMA_READ_CONSUME_CHECK_CONSUMER) timestamp=9335 ms, used_size=15026176 bytes (36.7%)
(RDMA_READ_CONSUME_CHECK_CONSUMER) timestamp=9335 ms, used_size=15024128 bytes (36.7%)
(RDMA_READ_CONSUME_CHECK_CONSUMER) timestamp=9335 ms, used_size=15022080 bytes (36.7%)
(RDMA_READ_CONSUME_CHECK_CONSUMER) timestamp=9335 ms, used_size=15020032 bytes (36.7%)
(RDMA_READ_CONSUME_CHECK_CONSUMER) timestamp=9335 ms, used_size=15017984 bytes (36.7%)
(RDMA_READ_CONSUME_CHECK_CONSUMER) timestamp=9335 ms, used_size=15015936 bytes (36.7%)
(RDMA_READ_CONSUME_CHECK_CONSUMER) timestamp=9335 ms, used_size=15013888 bytes (36.7%)
(RDMA_READ_CONSUME_CHECK_CONSUMER) timestamp=9335 ms, used_size=15011840 bytes (36.6%)
(RDMA_READ_CONSUME_CHECK_CONSUMER) timestamp=9335 ms, used_size=15009792 bytes (36.6%)
(RDMA_READ_CONSUME_CHECK_CONSUMER) timestamp=9335 ms, used_size=15007744 bytes (36.6%)
(RDMA_READ_CONSUME_CHECK_CONSUMER) timestamp=9335 ms, used_size=15005696 bytes (36.6%)
(RDMA_READ_CONSUME_CHECK_CONSUMER) timestamp=9335 ms, used_size=15003648 bytes (36.6%)
(RDMA_READ_CONSUME_CHECK_CONSUMER) timestamp=9335 ms, used_size=15001600 bytes (36.6%)
(RDMA_READ_CONSUME_CHECK_CONSUMER) timestamp=9335 ms, used_size=14999552 bytes (36.6%)
(RDMA_READ_CONSUME_CHECK_CONSUMER) timestamp=9335 ms, used_size=14997504 bytes (36.6%)
(RDMA_READ_CONSUME_CHECK_CONSUMER) timestamp=9335 ms, used_size=14995456 bytes (36.6%)
(RDMA_READ_CONSUME_CHECK_CONSUMER) timestamp=9335 ms, used_size=14993408 bytes (36.6%)
(RDMA_READ_CONSUME_CHECK_CONSUMER) timestamp=9335 ms, used_size=14991360 bytes (36.6%)
(RDMA_READ_CONSUME_CHECK_CONSUMER) timestamp=9335 ms, used_size=14989312 bytes (36.6%)
(RDMA_READ_CONSUME_CHECK_CONSUMER) timestamp=9335 ms, used_size=14987264 bytes (36.6%)
(RDMA_READ_CONSUME_CHECK_CONSUMER) timestamp=9335 ms, used_size=14985216 bytes (36.6%)
(RDMA_READ_CONSUME_CHECK_CONSUMER) timestamp=9335 ms, used_size=14983168 bytes (36.6%)
(RDMA_READ_CONSUME_CHECK_CONSUMER) timestamp=9335 ms, used_size=14981120 bytes (36.6%)
(RDMA_READ_CONSUME_CHECK_CONSUMER) timestamp=9335 ms, used_size=14979072 bytes (36.6%)
(RDMA_READ_CONSUME_CHECK_CONSUMER) timestamp=9335 ms, used_size=14977024 bytes (36.6%)
(RDMA_READ_CONSUME_CHECK_CONSUMER) timestamp=9335 ms, used_size=14974976 bytes (36.6%)
(RDMA_READ_CONSUME_CHECK_CONSUMER) timestamp=9335 ms, used_size=14972928 bytes (36.6%)
(RDMA_READ_CONSUME_CHECK_CONSUMER) timestamp=9335 ms, used_size=14970880 bytes (36.5%)
(RDMA_READ_CONSUME_CHECK_CONSUMER) timestamp=9335 ms, used_size=14968832 bytes (36.5%)
(RDMA_READ_CONSUME_CHECK_CONSUMER) timestamp=9335 ms, used_size=14966784 bytes (36.5%)
(RDMA_READ_CONSUME_CHECK_CONSUMER) timestamp=9335 ms, used_size=14964736 bytes (36.5%)
(RDMA_READ_CONSUME_CHECK_CONSUMER) timestamp=9335 ms, used_size=14962688 bytes (36.5%)
(RDMA_READ_CONSUME_CHECK_CONSUMER) timestamp=9335 ms, used_size=14960640 bytes (36.5%)
(RDMA_READ_CONSUME_CHECK_CONSUMER) timestamp=9335 ms, used_size=14958592 bytes (36.5%)
(RDMA_READ_CONSUME_CHECK_CONSUMER) timestamp=9335 ms, used_size=14956544 bytes (36.5%)
(RDMA_READ_CONSUME_CHECK_CONSUMER) timestamp=9335 ms, used_size=14954496 bytes (36.5%)
(RDMA_READ_CONSUME_CHECK_CONSUMER) timestamp=9335 ms, used_size=14952448 bytes (36.5%)
(RDMA_READ_CONSUME_CHECK_CONSUMER) timestamp=9335 ms, used_size=14950400 bytes (36.5%)
(RDMA_READ_CONSUME_CHECK_CONSUMER) timestamp=9335 ms, used_size=14948352 bytes (36.5%)
(RDMA_READ_CONSUME_CHECK_CONSUMER) timestamp=9335 ms, used_size=14946304 bytes (36.5%)
(RDMA_READ_CONSUME_CHECK_CONSUMER) timestamp=9335 ms, used_size=14944256 bytes (36.5%)
(RDMA_READ_CONSUME_CHECK_CONSUMER) timestamp=9335 ms, used_size=14942208 bytes (36.5%)
(RDMA_READ_CONSUME_CHECK_CONSUMER) timestamp=9335 ms, used_size=14940160 bytes (36.5%)
(RDMA_READ_CONSUME_CHECK_CONSUMER) timestamp=9335 ms, used_size=14938112 bytes (36.5%)
(RDMA_READ_CONSUME_CHECK_CONSUMER) timestamp=9335 ms, used_size=14936064 bytes (36.5%)
(RDMA_READ_CONSUME_CHECK_CONSUMER) timestamp=9335 ms, used_size=14934016 bytes (36.5%)
(RDMA_READ_CONSUME_CHECK_CONSUMER) timestamp=9335 ms, used_size=14931968 bytes (36.5%)
(RDMA_READ_CONSUME_CHECK_CONSUMER) timestamp=9335 ms, used_size=14929920 bytes (36.5%)
(RDMA_READ_CONSUME_CHECK_CONSUMER) timestamp=9335 ms, used_size=14927872 bytes (36.4%)
(RDMA_READ_CONSUME_CHECK_CONSUMER) timestamp=9335 ms, used_size=14925824 bytes (36.4%)
(RDMA_READ_CONSUME_CHECK_CONSUMER) timestamp=9335 ms, used_size=14923776 bytes (36.4%)
(RDMA_READ_CONSUME_CHECK_CONSUMER) timestamp=9335 ms, used_size=14921728 bytes (36.4%)
(RDMA_READ_CONSUME_CHECK_CONSUMER) timestamp=9335 ms, used_size=14919680 bytes (36.4%)
(RDMA_READ_CONSUME_CHECK_CONSUMER) timestamp=9335 ms, used_size=14917632 bytes (36.4%)
(RDMA_READ_CONSUME_CHECK_CONSUMER) timestamp=9335 ms, used_size=14915584 bytes (36.4%)
(RDMA_READ_CONSUME_CHECK_CONSUMER) timestamp=9335 ms, used_size=14913536 bytes (36.4%)
(RDMA_READ_CONSUME_CHECK_CONSUMER) timestamp=9335 ms, used_size=14911488 bytes (36.4%)
(RDMA_READ_CONSUME_CHECK_CONSUMER) timestamp=9335 ms, used_size=14909440 bytes (36.4%)
(RDMA_READ_CONSUME_CHECK_CONSUMER) timestamp=9335 ms, used_size=14907392 bytes (36.4%)
(RDMA_READ_CONSUME_CHECK_CONSUMER) timestamp=9335 ms, used_size=14905344 bytes (36.4%)
(RDMA_READ_CONSUME_CHECK_CONSUMER) timestamp=9335 ms, used_size=14903296 bytes (36.4%)
(RDMA_READ_CONSUME_CHECK_CONSUMER) timestamp=9335 ms, used_size=14901248 bytes (36.4%)
(RDMA_READ_CONSUME_CHECK_CONSUMER) timestamp=9335 ms, used_size=14899200 bytes (36.4%)
(RDMA_READ_CONSUME_CHECK_CONSUMER) timestamp=9335 ms, used_size=14897152 bytes (36.4%)
(RDMA_READ_CONSUME_CHECK_CONSUMER) timestamp=9335 ms, used_size=14895104 bytes (36.4%)
(RDMA_READ_CONSUME_CHECK_CONSUMER) timestamp=9335 ms, used_size=14893056 bytes (36.4%)
(RDMA_READ_CONSUME_CHECK_CONSUMER) timestamp=9335 ms, used_size=14891008 bytes (36.4%)
(RDMA_READ_CONSUME_CHECK_CONSUMER) timestamp=9335 ms, used_size=14888960 bytes (36.4%)
(RDMA_READ_CONSUME_CHECK_CONSUMER) timestamp=9335 ms, used_size=14886912 bytes (36.3%)
(RDMA_READ_CONSUME_CHECK_CONSUMER) timestamp=9335 ms, used_size=14884864 bytes (36.3%)
(RDMA_READ_CONSUME_CHECK_CONSUMER) timestamp=9335 ms, used_size=14882816 bytes (36.3%)
(RDMA_READ_CONSUME_CHECK_CONSUMER) timestamp=9335 ms, used_size=14880768 bytes (36.3%)
(RDMA_READ_CONSUME_CHECK_CONSUMER) timestamp=9335 ms, used_size=14878720 bytes (36.3%)
(RDMA_READ_CONSUME_CHECK_CONSUMER) timestamp=9335 ms, used_size=14876672 bytes (36.3%)
(RDMA_READ_CONSUME_CHECK_CONSUMER) timestamp=9335 ms, used_size=14874624 bytes (36.3%)
(RDMA_READ_CONSUME_CHECK_CONSUMER) timestamp=9335 ms, used_size=14872576 bytes (36.3%)
(RDMA_READ_CONSUME_CHECK_CONSUMER) timestamp=9335 ms, used_size=14870528 bytes (36.3%)
(RDMA_READ_CONSUME_CHECK_CONSUMER) timestamp=9335 ms, used_size=14868480 bytes (36.3%)
(RDMA_READ_CONSUME_CHECK_CONSUMER) timestamp=9335 ms, used_size=14866432 bytes (36.3%)
(RDMA_READ_CONSUME_CHECK_CONSUMER) timestamp=9335 ms, used_size=14864384 bytes (36.3%)
(RDMA_READ_CONSUME_CHECK_CONSUMER) timestamp=9335 ms, used_size=14862336 bytes (36.3%)
(RDMA_READ_CONSUME_CHECK_CONSUMER) timestamp=9335 ms, used_size=14860288 bytes (36.3%)
(RDMA_READ_CONSUME_CHECK_CONSUMER) timestamp=9335 ms, used_size=14858240 bytes (36.3%)
(RDMA_READ_CONSUME_CHECK_CONSUMER) timestamp=9335 ms, used_size=14856192 bytes (36.3%)
(RDMA_READ_CONSUME_CHECK_CONSUMER) timestamp=9335 ms, used_size=14854144 bytes (36.3%)
(RDMA_READ_CONSUME_CHECK_CONSUMER) timestamp=9335 ms, used_size=14852096 bytes (36.3%)
(RDMA_READ_CONSUME_CHECK_CONSUMER) timestamp=9335 ms, used_size=14850048 bytes (36.3%)
(RDMA_READ_CONSUME_CHECK_CONSUMER) timestamp=9335 ms, used_size=14848000 bytes (36.2%)
(RDMA_READ_CONSUME_CHECK_CONSUMER) timestamp=9335 ms, used_size=14845952 bytes (36.2%)
(RDMA_READ_CONSUME_CHECK_CONSUMER) timestamp=9335 ms, used_size=14843904 bytes (36.2%)
(RDMA_READ_CONSUME_CHECK_CONSUMER) timestamp=9335 ms, used_size=14841856 bytes (36.2%)
(RDMA_READ_CONSUME_CHECK_CONSUMER) timestamp=9335 ms, used_size=14839808 bytes (36.2%)
(RDMA_READ_CONSUME_CHECK_CONSUMER) timestamp=9335 ms, used_size=14837760 bytes (36.2%)
(RDMA_READ_CONSUME_CHECK_CONSUMER) timestamp=9335 ms, used_size=14835712 bytes (36.2%)
(RDMA_READ_CONSUME_CHECK_CONSUMER) timestamp=9335 ms, used_size=14833664 bytes (36.2%)
(RDMA_READ_CONSUME_CHECK_CONSUMER) timestamp=9335 ms, used_size=14831616 bytes (36.2%)
(RDMA_READ_CONSUME_CHECK_CONSUMER) timestamp=9335 ms, used_size=14829568 bytes (36.2%)
(RDMA_READ_CONSUME_CHECK_CONSUMER) timestamp=9335 ms, used_size=14827520 bytes (36.2%)
(RDMA_READ_CONSUME_CHECK_CONSUMER) timestamp=9335 ms, used_size=14825472 bytes (36.2%)
(RDMA_READ_CONSUME_CHECK_CONSUMER) timestamp=9335 ms, used_size=14823424 bytes (36.2%)
(RDMA_READ_CONSUME_CHECK_CONSUMER) timestamp=9335 ms, used_size=14821376 bytes (36.2%)
(RDMA_READ_CONSUME_CHECK_CONSUMER) timestamp=9335 ms, used_size=14819328 bytes (36.2%)
(RDMA_READ_CONSUME_CHECK_CONSUMER) timestamp=9335 ms, used_size=14817280 bytes (36.2%)
(RDMA_READ_CONSUME_CHECK_CONSUMER) timestamp=9335 ms, used_size=14815232 bytes (36.2%)
(RDMA_READ_CONSUME_CHECK_CONSUMER) timestamp=9335 ms, used_size=14813184 bytes (36.2%)
(RDMA_READ_CONSUME_CHECK_CONSUMER) timestamp=9335 ms, used_size=14811136 bytes (36.2%)
(RDMA_READ_CONSUME_CHECK_CONSUMER) timestamp=9335 ms, used_size=14809088 bytes (36.2%)
(RDMA_READ_CONSUME_CHECK_CONSUMER) timestamp=9335 ms, used_size=14807040 bytes (36.1%)
(RDMA_READ_CONSUME_CHECK_CONSUMER) timestamp=9335 ms, used_size=14804992 bytes (36.1%)
(RDMA_READ_CONSUME_CHECK_CONSUMER) timestamp=9335 ms, used_size=14802944 bytes (36.1%)
(RDMA_READ_CONSUME_CHECK_CONSUMER) timestamp=9335 ms, used_size=14800896 bytes (36.1%)
(RDMA_READ_CONSUME_CHECK_CONSUMER) timestamp=9335 ms, used_size=14798848 bytes (36.1%)
(RDMA_READ_CONSUME_CHECK_CONSUMER) timestamp=9335 ms, used_size=14796800 bytes (36.1%)
(RDMA_READ_CONSUME_CHECK_CONSUMER) timestamp=9335 ms, used_size=14794752 bytes (36.1%)
(RDMA_READ_CONSUME_CHECK_CONSUMER) timestamp=9335 ms, used_size=14792704 bytes (36.1%)
(RDMA_READ_CONSUME_CHECK_CONSUMER) timestamp=9335 ms, used_size=14790656 bytes (36.1%)
(RDMA_READ_CONSUME_CHECK_CONSUMER) timestamp=9335 ms, used_size=14788608 bytes (36.1%)
(RDMA_READ_CONSUME_CHECK_CONSUMER) timestamp=9335 ms, used_size=14786560 bytes (36.1%)
(RDMA_READ_CONSUME_CHECK_CONSUMER) timestamp=9335 ms, used_size=14784512 bytes (36.1%)
(RDMA_READ_CONSUME_CHECK_CONSUMER) timestamp=9335 ms, used_size=14782464 bytes (36.1%)
(RDMA_READ_CONSUME_CHECK_CONSUMER) timestamp=9335 ms, used_size=14780416 bytes (36.1%)
(RDMA_READ_CONSUME_CHECK_CONSUMER) timestamp=9335 ms, used_size=14778368 bytes (36.1%)
(RDMA_READ_CONSUME_CHECK_CONSUMER) timestamp=9335 ms, used_size=14776320 bytes (36.1%)
(RDMA_READ_CONSUME_CHECK_CONSUMER) timestamp=9335 ms, used_size=14774272 bytes (36.1%)
(RDMA_READ_CONSUME_CHECK_CONSUMER) timestamp=9335 ms, used_size=14772224 bytes (36.1%)
(RDMA_READ_CONSUME_CHECK_CONSUMER) timestamp=9335 ms, used_size=14770176 bytes (36.1%)
(RDMA_READ_CONSUME_CHECK_CONSUMER) timestamp=9335 ms, used_size=14768128 bytes (36.1%)
(RDMA_READ_CONSUME_CHECK_CONSUMER) timestamp=9335 ms, used_size=14766080 bytes (36.0%)
(RDMA_READ_CONSUME_CHECK_CONSUMER) timestamp=9335 ms, used_size=14764032 bytes (36.0%)
(RDMA_READ_CONSUME_CHECK_CONSUMER) timestamp=9335 ms, used_size=14761984 bytes (36.0%)
(RDMA_READ_CONSUME_CHECK_CONSUMER) timestamp=9336 ms, used_size=14759936 bytes (36.0%)
(RDMA_READ_CONSUME_CHECK_CONSUMER) timestamp=9336 ms, used_size=14757888 bytes (36.0%)
(RDMA_READ_CONSUME_CHECK_CONSUMER) timestamp=9336 ms, used_size=14755840 bytes (36.0%)
(RDMA_READ_CONSUME_CHECK_CONSUMER) timestamp=9336 ms, used_size=14753792 bytes (36.0%)
(RDMA_READ_CONSUME_CHECK_CONSUMER) timestamp=9336 ms, used_size=14751744 bytes (36.0%)
(RDMA_READ_CONSUME_CHECK_CONSUMER) timestamp=9336 ms, used_size=14749696 bytes (36.0%)
(RDMA_READ_CONSUME_CHECK_CONSUMER) timestamp=9336 ms, used_size=14747648 bytes (36.0%)
(RDMA_READ_CONSUME_CHECK_CONSUMER) timestamp=9336 ms, used_size=14745600 bytes (36.0%)
(RDMA_READ_CONSUME_CHECK_CONSUMER) timestamp=9336 ms, used_size=14743552 bytes (36.0%)
(RDMA_READ_CONSUME_CHECK_CONSUMER) timestamp=9336 ms, used_size=14741504 bytes (36.0%)
(RDMA_READ_CONSUME_CHECK_CONSUMER) timestamp=9336 ms, used_size=14739456 bytes (36.0%)
(RDMA_READ_CONSUME_CHECK_CONSUMER) timestamp=9336 ms, used_size=14737408 bytes (36.0%)
(RDMA_READ_CONSUME_CHECK_CONSUMER) timestamp=9336 ms, used_size=14735360 bytes (36.0%)
(RDMA_READ_CONSUME_CHECK_CONSUMER) timestamp=9336 ms, used_size=14733312 bytes (36.0%)
(RDMA_READ_CONSUME_CHECK_CONSUMER) timestamp=9336 ms, used_size=14731264 bytes (36.0%)
(RDMA_READ_CONSUME_CHECK_CONSUMER) timestamp=9336 ms, used_size=14729216 bytes (36.0%)
(RDMA_READ_CONSUME_CHECK_CONSUMER) timestamp=9336 ms, used_size=14727168 bytes (36.0%)
(RDMA_READ_CONSUME_CHECK_CONSUMER) timestamp=9336 ms, used_size=14725120 bytes (36.0%)
(RDMA_READ_CONSUME_CHECK_CONSUMER) timestamp=9336 ms, used_size=14723072 bytes (35.9%)
(RDMA_READ_CONSUME_CHECK_CONSUMER) timestamp=9336 ms, used_size=14721024 bytes (35.9%)
(RDMA_READ_CONSUME_CHECK_CONSUMER) timestamp=9336 ms, used_size=14718976 bytes (35.9%)
(RDMA_READ_CONSUME_CHECK_CONSUMER) timestamp=9336 ms, used_size=14716928 bytes (35.9%)
(RDMA_READ_CONSUME_CHECK_CONSUMER) timestamp=9336 ms, used_size=14714880 bytes (35.9%)
(RDMA_READ_CONSUME_CHECK_CONSUMER) timestamp=9336 ms, used_size=14712832 bytes (35.9%)
(RDMA_READ_CONSUME_CHECK_CONSUMER) timestamp=9336 ms, used_size=14710784 bytes (35.9%)
(RDMA_READ_CONSUME_CHECK_CONSUMER) timestamp=9336 ms, used_size=14708736 bytes (35.9%)
(RDMA_READ_CONSUME_CHECK_CONSUMER) timestamp=9336 ms, used_size=14706688 bytes (35.9%)
(RDMA_READ_CONSUME_CHECK_CONSUMER) timestamp=9336 ms, used_size=14704640 bytes (35.9%)
(RDMA_READ_CONSUME_CHECK_CONSUMER) timestamp=9336 ms, used_size=14702592 bytes (35.9%)
(RDMA_READ_CONSUME_CHECK_CONSUMER) timestamp=9336 ms, used_size=14700544 bytes (35.9%)
(RDMA_READ_CONSUME_CHECK_CONSUMER) timestamp=9336 ms, used_size=14698496 bytes (35.9%)
(RDMA_READ_CONSUME_CHECK_CONSUMER) timestamp=9336 ms, used_size=14696448 bytes (35.9%)
(RDMA_READ_CONSUME_CHECK_CONSUMER) timestamp=9336 ms, used_size=14694400 bytes (35.9%)
(RDMA_READ_CONSUME_CHECK_CONSUMER) timestamp=9336 ms, used_size=14692352 bytes (35.9%)
(RDMA_READ_CONSUME_CHECK_CONSUMER) timestamp=9336 ms, used_size=14690304 bytes (35.9%)
(RDMA_READ_CONSUME_CHECK_CONSUMER) timestamp=9336 ms, used_size=14688256 bytes (35.9%)
(RDMA_READ_CONSUME_CHECK_CONSUMER) timestamp=9336 ms, used_size=14686208 bytes (35.9%)
(RDMA_READ_CONSUME_CHECK_CONSUMER) timestamp=9336 ms, used_size=14684160 bytes (35.9%)
(RDMA_READ_CONSUME_CHECK_CONSUMER) timestamp=9336 ms, used_size=14682112 bytes (35.8%)
(RDMA_READ_CONSUME_CHECK_CONSUMER) timestamp=9336 ms, used_size=14680064 bytes (35.8%)
(RDMA_READ_CONSUME_CHECK_CONSUMER) timestamp=9336 ms, used_size=14678016 bytes (35.8%)
(RDMA_READ_CONSUME_CHECK_CONSUMER) timestamp=9336 ms, used_size=14675968 bytes (35.8%)
(RDMA_READ_CONSUME_CHECK_CONSUMER) timestamp=9336 ms, used_size=14673920 bytes (35.8%)
(RDMA_READ_CONSUME_CHECK_CONSUMER) timestamp=9336 ms, used_size=14671872 bytes (35.8%)
(RDMA_READ_CONSUME_CHECK_CONSUMER) timestamp=9336 ms, used_size=14669824 bytes (35.8%)
(RDMA_READ_CONSUME_CHECK_CONSUMER) timestamp=9336 ms, used_size=14667776 bytes (35.8%)
(RDMA_READ_CONSUME_CHECK_CONSUMER) timestamp=9336 ms, used_size=14665728 bytes (35.8%)
(RDMA_READ_CONSUME_CHECK_CONSUMER) timestamp=9336 ms, used_size=14663680 bytes (35.8%)
(RDMA_READ_CONSUME_CHECK_CONSUMER) timestamp=9336 ms, used_size=14661632 bytes (35.8%)
(RDMA_READ_CONSUME_CHECK_CONSUMER) timestamp=9336 ms, used_size=14659584 bytes (35.8%)
(RDMA_READ_CONSUME_CHECK_CONSUMER) timestamp=9336 ms, used_size=14657536 bytes (35.8%)
(RDMA_READ_CONSUME_CHECK_CONSUMER) timestamp=9336 ms, used_size=14655488 bytes (35.8%)
(RDMA_READ_CONSUME_CHECK_CONSUMER) timestamp=9336 ms, used_size=14653440 bytes (35.8%)
(RDMA_READ_CONSUME_CHECK_CONSUMER) timestamp=9336 ms, used_size=14651392 bytes (35.8%)
(RDMA_READ_CONSUME_CHECK_CONSUMER) timestamp=9336 ms, used_size=14649344 bytes (35.8%)
(RDMA_READ_CONSUME_CHECK_CONSUMER) timestamp=9336 ms, used_size=14647296 bytes (35.8%)
(RDMA_READ_CONSUME_CHECK_CONSUMER) timestamp=9336 ms, used_size=14645248 bytes (35.8%)
(RDMA_READ_CONSUME_CHECK_CONSUMER) timestamp=9336 ms, used_size=14643200 bytes (35.8%)
(RDMA_READ_CONSUME_CHECK_CONSUMER) timestamp=9336 ms, used_size=14641152 bytes (35.7%)
(RDMA_READ_CONSUME_CHECK_CONSUMER) timestamp=9336 ms, used_size=14639104 bytes (35.7%)
(RDMA_READ_CONSUME_CHECK_CONSUMER) timestamp=9336 ms, used_size=14637056 bytes (35.7%)
(RDMA_READ_CONSUME_CHECK_CONSUMER) timestamp=9336 ms, used_size=14635008 bytes (35.7%)
(RDMA_READ_CONSUME_CHECK_CONSUMER) timestamp=9336 ms, used_size=14632960 bytes (35.7%)
(RDMA_READ_CONSUME_CHECK_CONSUMER) timestamp=9336 ms, used_size=14630912 bytes (35.7%)
(RDMA_READ_CONSUME_CHECK_CONSUMER) timestamp=9336 ms, used_size=14628864 bytes (35.7%)
(RDMA_READ_CONSUME_CHECK_CONSUMER) timestamp=9336 ms, used_size=14626816 bytes (35.7%)
(RDMA_READ_CONSUME_CHECK_CONSUMER) timestamp=9336 ms, used_size=14624768 bytes (35.7%)
(RDMA_READ_CONSUME_CHECK_CONSUMER) timestamp=9336 ms, used_size=14622720 bytes (35.7%)
(RDMA_READ_CONSUME_CHECK_CONSUMER) timestamp=9336 ms, used_size=14620672 bytes (35.7%)
(RDMA_READ_CONSUME_CHECK_CONSUMER) timestamp=9336 ms, used_size=14618624 bytes (35.7%)
(RDMA_READ_CONSUME_CHECK_CONSUMER) timestamp=9336 ms, used_size=14616576 bytes (35.7%)
(RDMA_READ_CONSUME_CHECK_CONSUMER) timestamp=9336 ms, used_size=14614528 bytes (35.7%)
(RDMA_READ_CONSUME_CHECK_CONSUMER) timestamp=9336 ms, used_size=14612480 bytes (35.7%)
(RDMA_READ_CONSUME_CHECK_CONSUMER) timestamp=9336 ms, used_size=14610432 bytes (35.7%)
(RDMA_READ_CONSUME_CHECK_CONSUMER) timestamp=9336 ms, used_size=14608384 bytes (35.7%)
(RDMA_READ_CONSUME_CHECK_CONSUMER) timestamp=9336 ms, used_size=14606336 bytes (35.7%)
(RDMA_READ_CONSUME_CHECK_CONSUMER) timestamp=9336 ms, used_size=14604288 bytes (35.7%)
(RDMA_READ_CONSUME_CHECK_CONSUMER) timestamp=9336 ms, used_size=14602240 bytes (35.6%)
(RDMA_READ_CONSUME_CHECK_CONSUMER) timestamp=9336 ms, used_size=14600192 bytes (35.6%)
(RDMA_READ_CONSUME_CHECK_CONSUMER) timestamp=9336 ms, used_size=14598144 bytes (35.6%)
(RDMA_READ_CONSUME_CHECK_CONSUMER) timestamp=9336 ms, used_size=14596096 bytes (35.6%)
(RDMA_READ_CONSUME_CHECK_CONSUMER) timestamp=9336 ms, used_size=14594048 bytes (35.6%)
(RDMA_READ_CONSUME_CHECK_CONSUMER) timestamp=9336 ms, used_size=14592000 bytes (35.6%)
(RDMA_READ_CONSUME_CHECK_CONSUMER) timestamp=9336 ms, used_size=14589952 bytes (35.6%)
(RDMA_READ_CONSUME_CHECK_CONSUMER) timestamp=9336 ms, used_size=14587904 bytes (35.6%)
(RDMA_READ_CONSUME_CHECK_CONSUMER) timestamp=9336 ms, used_size=14585856 bytes (35.6%)
(RDMA_READ_CONSUME_CHECK_CONSUMER) timestamp=9336 ms, used_size=14583808 bytes (35.6%)
(RDMA_READ_CONSUME_CHECK_CONSUMER) timestamp=9336 ms, used_size=14581760 bytes (35.6%)
(RDMA_READ_CONSUME_CHECK_CONSUMER) timestamp=9336 ms, used_size=14579712 bytes (35.6%)
(RDMA_READ_CONSUME_CHECK_CONSUMER) timestamp=9336 ms, used_size=14577664 bytes (35.6%)
(RDMA_READ_CONSUME_CHECK_CONSUMER) timestamp=9336 ms, used_size=14575616 bytes (35.6%)
(RDMA_READ_CONSUME_CHECK_CONSUMER) timestamp=9336 ms, used_size=14573568 bytes (35.6%)
(RDMA_READ_CONSUME_CHECK_CONSUMER) timestamp=9336 ms, used_size=14571520 bytes (35.6%)
(RDMA_READ_CONSUME_CHECK_CONSUMER) timestamp=9336 ms, used_size=14569472 bytes (35.6%)
(RDMA_READ_CONSUME_CHECK_CONSUMER) timestamp=9336 ms, used_size=14567424 bytes (35.6%)
(RDMA_READ_CONSUME_CHECK_CONSUMER) timestamp=9336 ms, used_size=14565376 bytes (35.6%)
(RDMA_READ_CONSUME_CHECK_CONSUMER) timestamp=9336 ms, used_size=14563328 bytes (35.6%)
(RDMA_READ_CONSUME_CHECK_CONSUMER) timestamp=9336 ms, used_size=14561280 bytes (35.5%)
(RDMA_READ_CONSUME_CHECK_CONSUMER) timestamp=9336 ms, used_size=14559232 bytes (35.5%)
(RDMA_READ_CONSUME_CHECK_CONSUMER) timestamp=9336 ms, used_size=14557184 bytes (35.5%)
(RDMA_READ_CONSUME_CHECK_CONSUMER) timestamp=9336 ms, used_size=14555136 bytes (35.5%)
(RDMA_READ_CONSUME_CHECK_CONSUMER) timestamp=9336 ms, used_size=14553088 bytes (35.5%)
(RDMA_READ_CONSUME_CHECK_CONSUMER) timestamp=9336 ms, used_size=14551040 bytes (35.5%)
(RDMA_READ_CONSUME_CHECK_CONSUMER) timestamp=9336 ms, used_size=14548992 bytes (35.5%)
(RDMA_READ_CONSUME_CHECK_CONSUMER) timestamp=9336 ms, used_size=14546944 bytes (35.5%)
(RDMA_READ_CONSUME_CHECK_CONSUMER) timestamp=9336 ms, used_size=14544896 bytes (35.5%)
(RDMA_READ_CONSUME_CHECK_CONSUMER) timestamp=9336 ms, used_size=14542848 bytes (35.5%)
(RDMA_READ_CONSUME_CHECK_CONSUMER) timestamp=9336 ms, used_size=14540800 bytes (35.5%)
(RDMA_READ_CONSUME_CHECK_CONSUMER) timestamp=9336 ms, used_size=14538752 bytes (35.5%)
(RDMA_READ_CONSUME_CHECK_CONSUMER) timestamp=9336 ms, used_size=14536704 bytes (35.5%)
(RDMA_READ_CONSUME_CHECK_CONSUMER) timestamp=9336 ms, used_size=14534656 bytes (35.5%)
(RDMA_READ_CONSUME_CHECK_CONSUMER) timestamp=9336 ms, used_size=14532608 bytes (35.5%)
(RDMA_READ_CONSUME_CHECK_CONSUMER) timestamp=9336 ms, used_size=14530560 bytes (35.5%)
(RDMA_READ_CONSUME_CHECK_CONSUMER) timestamp=9336 ms, used_size=14528512 bytes (35.5%)
(RDMA_READ_CONSUME_CHECK_CONSUMER) timestamp=9336 ms, used_size=14526464 bytes (35.5%)
(RDMA_READ_CONSUME_CHECK_CONSUMER) timestamp=9336 ms, used_size=14524416 bytes (35.5%)
(RDMA_READ_CONSUME_CHECK_CONSUMER) timestamp=9336 ms, used_size=14522368 bytes (35.5%)
(RDMA_READ_CONSUME_CHECK_CONSUMER) timestamp=9336 ms, used_size=14520320 bytes (35.5%)
(RDMA_READ_CONSUME_CHECK_CONSUMER) timestamp=9336 ms, used_size=14518272 bytes (35.4%)
(RDMA_READ_CONSUME_CHECK_CONSUMER) timestamp=9336 ms, used_size=14516224 bytes (35.4%)
(RDMA_READ_CONSUME_CHECK_CONSUMER) timestamp=9336 ms, used_size=14514176 bytes (35.4%)
(RDMA_READ_CONSUME_CHECK_CONSUMER) timestamp=9336 ms, used_size=14512128 bytes (35.4%)
(RDMA_READ_CONSUME_CHECK_CONSUMER) timestamp=9336 ms, used_size=14510080 bytes (35.4%)
(RDMA_READ_CONSUME_CHECK_CONSUMER) timestamp=9336 ms, used_size=14508032 bytes (35.4%)
(RDMA_READ_CONSUME_CHECK_CONSUMER) timestamp=9336 ms, used_size=14505984 bytes (35.4%)
(RDMA_READ_CONSUME_CHECK_CONSUMER) timestamp=9336 ms, used_size=14503936 bytes (35.4%)
(RDMA_READ_CONSUME_CHECK_CONSUMER) timestamp=9336 ms, used_size=14501888 bytes (35.4%)
(RDMA_READ_CONSUME_CHECK_CONSUMER) timestamp=9336 ms, used_size=14499840 bytes (35.4%)
(RDMA_READ_CONSUME_CHECK_CONSUMER) timestamp=9336 ms, used_size=14497792 bytes (35.4%)
(RDMA_READ_CONSUME_CHECK_CONSUMER) timestamp=9336 ms, used_size=14495744 bytes (35.4%)
(RDMA_READ_CONSUME_CHECK_CONSUMER) timestamp=9336 ms, used_size=14493696 bytes (35.4%)
(RDMA_READ_CONSUME_CHECK_CONSUMER) timestamp=9336 ms, used_size=14491648 bytes (35.4%)
(RDMA_READ_CONSUME_CHECK_CONSUMER) timestamp=9336 ms, used_size=14489600 bytes (35.4%)
(RDMA_READ_CONSUME_CHECK_CONSUMER) timestamp=9336 ms, used_size=14487552 bytes (35.4%)
(RDMA_READ_CONSUME_CHECK_CONSUMER) timestamp=9336 ms, used_size=14485504 bytes (35.4%)
(RDMA_READ_CONSUME_CHECK_CONSUMER) timestamp=9336 ms, used_size=14483456 bytes (35.4%)
(RDMA_READ_CONSUME_CHECK_CONSUMER) timestamp=9336 ms, used_size=14481408 bytes (35.4%)
(RDMA_READ_CONSUME_CHECK_CONSUMER) timestamp=9336 ms, used_size=14479360 bytes (35.4%)
(RDMA_READ_CONSUME_CHECK_CONSUMER) timestamp=9336 ms, used_size=14477312 bytes (35.3%)
(RDMA_READ_CONSUME_CHECK_CONSUMER) timestamp=9336 ms, used_size=14475264 bytes (35.3%)
(RDMA_READ_CONSUME_CHECK_CONSUMER) timestamp=9336 ms, used_size=14473216 bytes (35.3%)
(RDMA_READ_CONSUME_CHECK_CONSUMER) timestamp=9336 ms, used_size=14471168 bytes (35.3%)
(RDMA_READ_CONSUME_CHECK_CONSUMER) timestamp=9336 ms, used_size=14469120 bytes (35.3%)
(RDMA_READ_CONSUME_CHECK_CONSUMER) timestamp=9336 ms, used_size=14467072 bytes (35.3%)
(RDMA_READ_CONSUME_CHECK_CONSUMER) timestamp=9336 ms, used_size=14465024 bytes (35.3%)
(RDMA_READ_CONSUME_CHECK_CONSUMER) timestamp=9336 ms, used_size=14462976 bytes (35.3%)
(RDMA_READ_CONSUME_CHECK_CONSUMER) timestamp=9336 ms, used_size=14460928 bytes (35.3%)
(RDMA_READ_CONSUME_CHECK_CONSUMER) timestamp=9336 ms, used_size=14458880 bytes (35.3%)
(RDMA_READ_CONSUME_CHECK_CONSUMER) timestamp=9336 ms, used_size=14456832 bytes (35.3%)
(RDMA_READ_CONSUME_CHECK_CONSUMER) timestamp=9336 ms, used_size=14454784 bytes (35.3%)
(RDMA_READ_CONSUME_CHECK_CONSUMER) timestamp=9336 ms, used_size=14452736 bytes (35.3%)
(RDMA_READ_CONSUME_CHECK_CONSUMER) timestamp=9336 ms, used_size=14450688 bytes (35.3%)
(RDMA_READ_CONSUME_CHECK_CONSUMER) timestamp=9336 ms, used_size=14448640 bytes (35.3%)
(RDMA_READ_CONSUME_CHECK_CONSUMER) timestamp=9336 ms, used_size=14446592 bytes (35.3%)
(RDMA_READ_CONSUME_CHECK_CONSUMER) timestamp=9336 ms, used_size=14444544 bytes (35.3%)
(RDMA_READ_CONSUME_CHECK_CONSUMER) timestamp=9336 ms, used_size=14442496 bytes (35.3%)
(RDMA_READ_CONSUME_CHECK_CONSUMER) timestamp=9336 ms, used_size=14440448 bytes (35.3%)
(RDMA_READ_CONSUME_CHECK_CONSUMER) timestamp=9336 ms, used_size=14438400 bytes (35.2%)
(RDMA_READ_CONSUME_CHECK_CONSUMER) timestamp=9336 ms, used_size=14436352 bytes (35.2%)
(RDMA_READ_CONSUME_CHECK_CONSUMER) timestamp=9336 ms, used_size=14434304 bytes (35.2%)
(RDMA_READ_CONSUME_CHECK_CONSUMER) timestamp=9336 ms, used_size=14432256 bytes (35.2%)
(RDMA_READ_CONSUME_CHECK_CONSUMER) timestamp=9336 ms, used_size=14430208 bytes (35.2%)
(RDMA_READ_CONSUME_CHECK_CONSUMER) timestamp=9336 ms, used_size=14428160 bytes (35.2%)
(RDMA_READ_CONSUME_CHECK_CONSUMER) timestamp=9336 ms, used_size=14426112 bytes (35.2%)
(RDMA_READ_CONSUME_CHECK_CONSUMER) timestamp=9336 ms, used_size=14424064 bytes (35.2%)
(RDMA_READ_CONSUME_CHECK_CONSUMER) timestamp=9336 ms, used_size=14422016 bytes (35.2%)
(RDMA_READ_CONSUME_CHECK_CONSUMER) timestamp=9336 ms, used_size=14419968 bytes (35.2%)
(RDMA_READ_CONSUME_CHECK_CONSUMER) timestamp=9336 ms, used_size=14417920 bytes (35.2%)
(RDMA_READ_CONSUME_CHECK_CONSUMER) timestamp=9336 ms, used_size=14415872 bytes (35.2%)
(RDMA_READ_CONSUME_CHECK_CONSUMER) timestamp=9336 ms, used_size=14413824 bytes (35.2%)
(RDMA_READ_CONSUME_CHECK_CONSUMER) timestamp=9336 ms, used_size=14411776 bytes (35.2%)
(RDMA_READ_CONSUME_CHECK_CONSUMER) timestamp=9336 ms, used_size=14409728 bytes (35.2%)
(RDMA_READ_CONSUME_CHECK_CONSUMER) timestamp=9336 ms, used_size=14407680 bytes (35.2%)
(RDMA_READ_CONSUME_CHECK_CONSUMER) timestamp=9336 ms, used_size=14405632 bytes (35.2%)
(RDMA_READ_CONSUME_CHECK_CONSUMER) timestamp=9336 ms, used_size=14403584 bytes (35.2%)
(RDMA_READ_CONSUME_CHECK_CONSUMER) timestamp=9336 ms, used_size=14401536 bytes (35.2%)
(RDMA_READ_CONSUME_CHECK_CONSUMER) timestamp=9336 ms, used_size=14399488 bytes (35.2%)
(RDMA_READ_CONSUME_CHECK_CONSUMER) timestamp=9336 ms, used_size=14397440 bytes (35.1%)
(RDMA_READ_CONSUME_CHECK_CONSUMER) timestamp=9336 ms, used_size=14395392 bytes (35.1%)
(RDMA_READ_CONSUME_CHECK_CONSUMER) timestamp=9336 ms, used_size=14393344 bytes (35.1%)
(RDMA_READ_CONSUME_CHECK_CONSUMER) timestamp=9336 ms, used_size=14391296 bytes (35.1%)
(RDMA_READ_CONSUME_CHECK_CONSUMER) timestamp=9336 ms, used_size=14389248 bytes (35.1%)
(RDMA_READ_CONSUME_CHECK_CONSUMER) timestamp=9337 ms, used_size=14387200 bytes (35.1%)
(RDMA_READ_CONSUME_CHECK_CONSUMER) timestamp=9337 ms, used_size=14385152 bytes (35.1%)
(RDMA_READ_CONSUME_CHECK_CONSUMER) timestamp=9337 ms, used_size=14383104 bytes (35.1%)
(RDMA_READ_CONSUME_CHECK_CONSUMER) timestamp=9337 ms, used_size=14381056 bytes (35.1%)
(RDMA_READ_CONSUME_CHECK_CONSUMER) timestamp=9337 ms, used_size=14379008 bytes (35.1%)
(RDMA_READ_CONSUME_CHECK_CONSUMER) timestamp=9337 ms, used_size=14376960 bytes (35.1%)
(RDMA_READ_CONSUME_CHECK_CONSUMER) timestamp=9337 ms, used_size=14374912 bytes (35.1%)
(RDMA_READ_CONSUME_CHECK_CONSUMER) timestamp=9337 ms, used_size=14372864 bytes (35.1%)
(RDMA_READ_CONSUME_CHECK_CONSUMER) timestamp=9337 ms, used_size=14370816 bytes (35.1%)
(RDMA_READ_CONSUME_CHECK_CONSUMER) timestamp=9337 ms, used_size=14368768 bytes (35.1%)
(RDMA_READ_CONSUME_CHECK_CONSUMER) timestamp=9337 ms, used_size=14366720 bytes (35.1%)
(RDMA_READ_CONSUME_CHECK_CONSUMER) timestamp=9337 ms, used_size=14364672 bytes (35.1%)
(RDMA_READ_CONSUME_CHECK_CONSUMER) timestamp=9337 ms, used_size=14362624 bytes (35.1%)
(RDMA_READ_CONSUME_CHECK_CONSUMER) timestamp=9337 ms, used_size=14360576 bytes (35.1%)
(RDMA_READ_CONSUME_CHECK_CONSUMER) timestamp=9337 ms, used_size=14358528 bytes (35.1%)
(RDMA_READ_CONSUME_CHECK_CONSUMER) timestamp=9337 ms, used_size=14356480 bytes (35.0%)
(RDMA_READ_CONSUME_CHECK_CONSUMER) timestamp=9337 ms, used_size=14354432 bytes (35.0%)
(RDMA_READ_CONSUME_CHECK_CONSUMER) timestamp=9337 ms, used_size=14352384 bytes (35.0%)
(RDMA_READ_CONSUME_CHECK_CONSUMER) timestamp=9337 ms, used_size=14350336 bytes (35.0%)
(RDMA_READ_CONSUME_CHECK_CONSUMER) timestamp=9337 ms, used_size=14348288 bytes (35.0%)
(RDMA_READ_CONSUME_CHECK_CONSUMER) timestamp=9337 ms, used_size=14346240 bytes (35.0%)
(RDMA_READ_CONSUME_CHECK_CONSUMER) timestamp=9337 ms, used_size=14344192 bytes (35.0%)
(RDMA_READ_CONSUME_CHECK_CONSUMER) timestamp=9337 ms, used_size=14342144 bytes (35.0%)
(RDMA_READ_CONSUME_CHECK_CONSUMER) timestamp=9337 ms, used_size=14340096 bytes (35.0%)
(RDMA_READ_CONSUME_CHECK_CONSUMER) timestamp=9337 ms, used_size=14338048 bytes (35.0%)
(RDMA_READ_CONSUME_CHECK_CONSUMER) timestamp=9337 ms, used_size=14336000 bytes (35.0%)
(RDMA_READ_CONSUME_CHECK_CONSUMER) timestamp=9337 ms, used_size=14333952 bytes (35.0%)
(RDMA_READ_CONSUME_CHECK_CONSUMER) timestamp=9337 ms, used_size=14331904 bytes (35.0%)
(RDMA_READ_CONSUME_CHECK_CONSUMER) timestamp=9337 ms, used_size=14329856 bytes (35.0%)
(RDMA_READ_CONSUME_CHECK_CONSUMER) timestamp=9337 ms, used_size=14327808 bytes (35.0%)
(RDMA_READ_CONSUME_CHECK_CONSUMER) timestamp=9337 ms, used_size=14325760 bytes (35.0%)
(RDMA_READ_CONSUME_CHECK_CONSUMER) timestamp=9337 ms, used_size=14323712 bytes (35.0%)
(RDMA_READ_CONSUME_CHECK_CONSUMER) timestamp=9337 ms, used_size=14321664 bytes (35.0%)
(RDMA_READ_CONSUME_CHECK_CONSUMER) timestamp=9337 ms, used_size=14319616 bytes (35.0%)
(RDMA_READ_CONSUME_CHECK_CONSUMER) timestamp=9337 ms, used_size=14317568 bytes (35.0%)
(RDMA_READ_CONSUME_CHECK_CONSUMER) timestamp=9337 ms, used_size=14315520 bytes (35.0%)
(RDMA_READ_CONSUME_CHECK_CONSUMER) timestamp=9337 ms, used_size=14313472 bytes (34.9%)
(RDMA_READ_CONSUME_CHECK_CONSUMER) timestamp=9337 ms, used_size=14311424 bytes (34.9%)
(RDMA_READ_CONSUME_CHECK_CONSUMER) timestamp=9337 ms, used_size=14309376 bytes (34.9%)
(RDMA_READ_CONSUME_CHECK_CONSUMER) timestamp=9337 ms, used_size=14307328 bytes (34.9%)
(RDMA_READ_CONSUME_CHECK_CONSUMER) timestamp=9337 ms, used_size=14305280 bytes (34.9%)
(RDMA_READ_CONSUME_CHECK_CONSUMER) timestamp=9337 ms, used_size=14303232 bytes (34.9%)
(RDMA_READ_CONSUME_CHECK_CONSUMER) timestamp=9337 ms, used_size=14301184 bytes (34.9%)
(RDMA_READ_CONSUME_CHECK_CONSUMER) timestamp=9337 ms, used_size=14299136 bytes (34.9%)
(RDMA_READ_CONSUME_CHECK_CONSUMER) timestamp=9337 ms, used_size=14297088 bytes (34.9%)
(RDMA_READ_CONSUME_CHECK_CONSUMER) timestamp=9337 ms, used_size=14295040 bytes (34.9%)
(RDMA_READ_CONSUME_CHECK_CONSUMER) timestamp=9337 ms, used_size=14292992 bytes (34.9%)
(RDMA_READ_CONSUME_CHECK_CONSUMER) timestamp=9337 ms, used_size=14290944 bytes (34.9%)
(RDMA_READ_CONSUME_CHECK_CONSUMER) timestamp=9337 ms, used_size=14288896 bytes (34.9%)
(RDMA_READ_CONSUME_CHECK_CONSUMER) timestamp=9337 ms, used_size=14286848 bytes (34.9%)
(RDMA_READ_CONSUME_CHECK_CONSUMER) timestamp=9337 ms, used_size=14284800 bytes (34.9%)
(RDMA_READ_CONSUME_CHECK_CONSUMER) timestamp=9337 ms, used_size=14282752 bytes (34.9%)
(RDMA_READ_CONSUME_CHECK_CONSUMER) timestamp=9337 ms, used_size=14280704 bytes (34.9%)
(RDMA_READ_CONSUME_CHECK_CONSUMER) timestamp=9337 ms, used_size=14278656 bytes (34.9%)
(RDMA_READ_CONSUME_CHECK_CONSUMER) timestamp=9337 ms, used_size=14276608 bytes (34.9%)
(RDMA_READ_CONSUME_CHECK_CONSUMER) timestamp=9337 ms, used_size=14274560 bytes (34.9%)
(RDMA_READ_CONSUME_CHECK_CONSUMER) timestamp=9337 ms, used_size=14272512 bytes (34.8%)
(RDMA_READ_CONSUME_CHECK_CONSUMER) timestamp=9337 ms, used_size=14270464 bytes (34.8%)
(RDMA_READ_CONSUME_CHECK_CONSUMER) timestamp=9337 ms, used_size=14268416 bytes (34.8%)
(RDMA_READ_CONSUME_CHECK_CONSUMER) timestamp=9337 ms, used_size=14266368 bytes (34.8%)
(RDMA_READ_CONSUME_CHECK_CONSUMER) timestamp=9337 ms, used_size=14264320 bytes (34.8%)
(RDMA_READ_CONSUME_CHECK_CONSUMER) timestamp=9337 ms, used_size=14262272 bytes (34.8%)
(RDMA_READ_CONSUME_CHECK_CONSUMER) timestamp=9337 ms, used_size=14260224 bytes (34.8%)
(RDMA_READ_CONSUME_CHECK_CONSUMER) timestamp=9337 ms, used_size=14258176 bytes (34.8%)
(RDMA_READ_CONSUME_CHECK_CONSUMER) timestamp=9337 ms, used_size=14256128 bytes (34.8%)
(RDMA_READ_CONSUME_CHECK_CONSUMER) timestamp=9337 ms, used_size=14254080 bytes (34.8%)
(RDMA_READ_CONSUME_CHECK_CONSUMER) timestamp=9337 ms, used_size=14252032 bytes (34.8%)
(RDMA_READ_CONSUME_CHECK_CONSUMER) timestamp=9337 ms, used_size=14249984 bytes (34.8%)
(RDMA_READ_CONSUME_CHECK_CONSUMER) timestamp=9337 ms, used_size=14247936 bytes (34.8%)
(RDMA_READ_CONSUME_CHECK_CONSUMER) timestamp=9337 ms, used_size=14245888 bytes (34.8%)
(RDMA_READ_CONSUME_CHECK_CONSUMER) timestamp=9337 ms, used_size=14243840 bytes (34.8%)
(RDMA_READ_CONSUME_CHECK_CONSUMER) timestamp=9337 ms, used_size=14241792 bytes (34.8%)
(RDMA_READ_CONSUME_CHECK_CONSUMER) timestamp=9337 ms, used_size=14239744 bytes (34.8%)
(RDMA_READ_CONSUME_CHECK_CONSUMER) timestamp=9337 ms, used_size=14237696 bytes (34.8%)
(RDMA_READ_CONSUME_CHECK_CONSUMER) timestamp=9337 ms, used_size=14235648 bytes (34.8%)
(RDMA_READ_CONSUME_CHECK_CONSUMER) timestamp=9337 ms, used_size=14233600 bytes (34.8%)
(RDMA_READ_CONSUME_CHECK_CONSUMER) timestamp=9337 ms, used_size=14231552 bytes (34.7%)
(RDMA_READ_CONSUME_CHECK_CONSUMER) timestamp=9337 ms, used_size=14229504 bytes (34.7%)
(RDMA_READ_CONSUME_CHECK_CONSUMER) timestamp=9337 ms, used_size=14227456 bytes (34.7%)
(RDMA_READ_CONSUME_CHECK_CONSUMER) timestamp=9337 ms, used_size=14225408 bytes (34.7%)
(RDMA_READ_CONSUME_CHECK_CONSUMER) timestamp=9337 ms, used_size=14223360 bytes (34.7%)
(RDMA_READ_CONSUME_CHECK_CONSUMER) timestamp=9337 ms, used_size=14221312 bytes (34.7%)
(RDMA_READ_CONSUME_CHECK_CONSUMER) timestamp=9337 ms, used_size=14219264 bytes (34.7%)
(RDMA_READ_CONSUME_CHECK_CONSUMER) timestamp=9337 ms, used_size=14217216 bytes (34.7%)
(RDMA_READ_CONSUME_CHECK_CONSUMER) timestamp=9337 ms, used_size=14215168 bytes (34.7%)
(RDMA_READ_CONSUME_CHECK_CONSUMER) timestamp=9337 ms, used_size=14213120 bytes (34.7%)
(RDMA_READ_CONSUME_CHECK_CONSUMER) timestamp=9337 ms, used_size=14211072 bytes (34.7%)
(RDMA_READ_CONSUME_CHECK_CONSUMER) timestamp=9337 ms, used_size=14209024 bytes (34.7%)
(RDMA_READ_CONSUME_CHECK_CONSUMER) timestamp=9337 ms, used_size=14206976 bytes (34.7%)
(RDMA_READ_CONSUME_CHECK_CONSUMER) timestamp=9337 ms, used_size=14204928 bytes (34.7%)
(RDMA_READ_CONSUME_CHECK_CONSUMER) timestamp=9337 ms, used_size=14202880 bytes (34.7%)
(RDMA_READ_CONSUME_CHECK_CONSUMER) timestamp=9337 ms, used_size=14200832 bytes (34.7%)
(RDMA_READ_CONSUME_CHECK_CONSUMER) timestamp=9337 ms, used_size=14198784 bytes (34.7%)
(RDMA_READ_CONSUME_CHECK_CONSUMER) timestamp=9337 ms, used_size=14196736 bytes (34.7%)
(RDMA_READ_CONSUME_CHECK_CONSUMER) timestamp=9337 ms, used_size=14194688 bytes (34.7%)
(RDMA_READ_CONSUME_CHECK_CONSUMER) timestamp=9337 ms, used_size=14192640 bytes (34.6%)
(RDMA_READ_CONSUME_CHECK_CONSUMER) timestamp=9337 ms, used_size=14190592 bytes (34.6%)
(RDMA_READ_CONSUME_CHECK_CONSUMER) timestamp=9337 ms, used_size=14188544 bytes (34.6%)
(RDMA_READ_CONSUME_CHECK_CONSUMER) timestamp=9337 ms, used_size=14186496 bytes (34.6%)
(RDMA_READ_CONSUME_CHECK_CONSUMER) timestamp=9337 ms, used_size=14184448 bytes (34.6%)
(RDMA_READ_CONSUME_CHECK_CONSUMER) timestamp=9337 ms, used_size=14182400 bytes (34.6%)
(RDMA_READ_CONSUME_CHECK_CONSUMER) timestamp=9337 ms, used_size=14180352 bytes (34.6%)
(RDMA_READ_CONSUME_CHECK_CONSUMER) timestamp=9337 ms, used_size=14178304 bytes (34.6%)
(RDMA_READ_CONSUME_CHECK_CONSUMER) timestamp=9337 ms, used_size=14176256 bytes (34.6%)
(RDMA_READ_CONSUME_CHECK_CONSUMER) timestamp=9337 ms, used_size=14174208 bytes (34.6%)
(RDMA_READ_CONSUME_CHECK_CONSUMER) timestamp=9337 ms, used_size=14172160 bytes (34.6%)
(RDMA_READ_CONSUME_CHECK_CONSUMER) timestamp=9337 ms, used_size=14170112 bytes (34.6%)
(RDMA_READ_CONSUME_CHECK_CONSUMER) timestamp=9337 ms, used_size=14168064 bytes (34.6%)
(RDMA_READ_CONSUME_CHECK_CONSUMER) timestamp=9337 ms, used_size=14166016 bytes (34.6%)
(RDMA_READ_CONSUME_CHECK_CONSUMER) timestamp=9337 ms, used_size=14163968 bytes (34.6%)
(RDMA_READ_CONSUME_CHECK_CONSUMER) timestamp=9337 ms, used_size=14161920 bytes (34.6%)
(RDMA_READ_CONSUME_CHECK_CONSUMER) timestamp=9337 ms, used_size=14159872 bytes (34.6%)
(RDMA_READ_CONSUME_CHECK_CONSUMER) timestamp=9337 ms, used_size=14157824 bytes (34.6%)
(RDMA_READ_CONSUME_CHECK_CONSUMER) timestamp=9337 ms, used_size=14155776 bytes (34.6%)
(RDMA_READ_CONSUME_CHECK_CONSUMER) timestamp=9337 ms, used_size=14153728 bytes (34.6%)
(RDMA_READ_CONSUME_CHECK_CONSUMER) timestamp=9337 ms, used_size=14151680 bytes (34.5%)
(RDMA_READ_CONSUME_CHECK_CONSUMER) timestamp=9337 ms, used_size=14149632 bytes (34.5%)
(RDMA_READ_CONSUME_CHECK_CONSUMER) timestamp=9337 ms, used_size=14147584 bytes (34.5%)
(RDMA_READ_CONSUME_CHECK_CONSUMER) timestamp=9337 ms, used_size=14145536 bytes (34.5%)
(RDMA_READ_CONSUME_CHECK_CONSUMER) timestamp=9337 ms, used_size=14143488 bytes (34.5%)
(RDMA_READ_CONSUME_CHECK_CONSUMER) timestamp=9337 ms, used_size=14141440 bytes (34.5%)
(RDMA_READ_CONSUME_CHECK_CONSUMER) timestamp=9337 ms, used_size=14139392 bytes (34.5%)
(RDMA_READ_CONSUME_CHECK_CONSUMER) timestamp=9337 ms, used_size=14137344 bytes (34.5%)
(RDMA_READ_CONSUME_CHECK_CONSUMER) timestamp=9337 ms, used_size=14135296 bytes (34.5%)
(RDMA_READ_CONSUME_CHECK_CONSUMER) timestamp=9337 ms, used_size=14133248 bytes (34.5%)
(RDMA_READ_CONSUME_CHECK_CONSUMER) timestamp=9337 ms, used_size=14131200 bytes (34.5%)
(RDMA_READ_CONSUME_CHECK_CONSUMER) timestamp=9337 ms, used_size=14129152 bytes (34.5%)
(RDMA_READ_CONSUME_CHECK_CONSUMER) timestamp=9337 ms, used_size=14127104 bytes (34.5%)
(RDMA_READ_CONSUME_CHECK_CONSUMER) timestamp=9337 ms, used_size=14125056 bytes (34.5%)
(RDMA_READ_CONSUME_CHECK_CONSUMER) timestamp=9337 ms, used_size=14123008 bytes (34.5%)
(RDMA_READ_CONSUME_CHECK_CONSUMER) timestamp=9337 ms, used_size=14120960 bytes (34.5%)
(RDMA_READ_CONSUME_CHECK_CONSUMER) timestamp=9337 ms, used_size=14118912 bytes (34.5%)
(RDMA_READ_CONSUME_CHECK_CONSUMER) timestamp=9337 ms, used_size=14116864 bytes (34.5%)
(RDMA_READ_CONSUME_CHECK_CONSUMER) timestamp=9337 ms, used_size=14114816 bytes (34.5%)
(RDMA_READ_CONSUME_CHECK_CONSUMER) timestamp=9337 ms, used_size=14112768 bytes (34.5%)
(RDMA_READ_CONSUME_CHECK_CONSUMER) timestamp=9337 ms, used_size=14110720 bytes (34.5%)
(RDMA_READ_CONSUME_CHECK_CONSUMER) timestamp=9337 ms, used_size=14108672 bytes (34.4%)
(RDMA_READ_CONSUME_CHECK_CONSUMER) timestamp=9337 ms, used_size=14106624 bytes (34.4%)
(RDMA_READ_CONSUME_CHECK_CONSUMER) timestamp=9337 ms, used_size=14104576 bytes (34.4%)
(RDMA_READ_CONSUME_CHECK_CONSUMER) timestamp=9337 ms, used_size=14102528 bytes (34.4%)
(RDMA_READ_CONSUME_CHECK_CONSUMER) timestamp=9337 ms, used_size=14100480 bytes (34.4%)
(RDMA_READ_CONSUME_CHECK_CONSUMER) timestamp=9337 ms, used_size=14098432 bytes (34.4%)
(RDMA_READ_CONSUME_CHECK_CONSUMER) timestamp=9337 ms, used_size=14096384 bytes (34.4%)
(RDMA_READ_CONSUME_CHECK_CONSUMER) timestamp=9337 ms, used_size=14094336 bytes (34.4%)
(RDMA_READ_CONSUME_CHECK_CONSUMER) timestamp=9337 ms, used_size=14092288 bytes (34.4%)
(RDMA_READ_CONSUME_CHECK_CONSUMER) timestamp=9337 ms, used_size=14090240 bytes (34.4%)
(RDMA_READ_CONSUME_CHECK_CONSUMER) timestamp=9337 ms, used_size=14088192 bytes (34.4%)
(RDMA_READ_CONSUME_CHECK_CONSUMER) timestamp=9337 ms, used_size=14086144 bytes (34.4%)
(RDMA_READ_CONSUME_CHECK_CONSUMER) timestamp=9337 ms, used_size=14084096 bytes (34.4%)
(RDMA_READ_CONSUME_CHECK_CONSUMER) timestamp=9337 ms, used_size=14082048 bytes (34.4%)
(RDMA_READ_CONSUME_CHECK_CONSUMER) timestamp=9337 ms, used_size=14080000 bytes (34.4%)
(RDMA_READ_CONSUME_CHECK_CONSUMER) timestamp=9337 ms, used_size=14077952 bytes (34.4%)
(RDMA_READ_CONSUME_CHECK_CONSUMER) timestamp=9337 ms, used_size=14075904 bytes (34.4%)
(RDMA_READ_CONSUME_CHECK_CONSUMER) timestamp=9337 ms, used_size=14073856 bytes (34.4%)
(RDMA_READ_CONSUME_CHECK_CONSUMER) timestamp=9337 ms, used_size=14071808 bytes (34.4%)
(RDMA_READ_CONSUME_CHECK_CONSUMER) timestamp=9337 ms, used_size=14069760 bytes (34.4%)
(RDMA_READ_CONSUME_CHECK_CONSUMER) timestamp=9337 ms, used_size=14067712 bytes (34.3%)
(RDMA_READ_CONSUME_CHECK_CONSUMER) timestamp=9337 ms, used_size=14065664 bytes (34.3%)
(RDMA_READ_CONSUME_CHECK_CONSUMER) timestamp=9337 ms, used_size=14063616 bytes (34.3%)
(RDMA_READ_CONSUME_CHECK_CONSUMER) timestamp=9337 ms, used_size=14061568 bytes (34.3%)
(RDMA_READ_CONSUME_CHECK_CONSUMER) timestamp=9337 ms, used_size=14059520 bytes (34.3%)
(RDMA_READ_CONSUME_CHECK_CONSUMER) timestamp=9337 ms, used_size=14057472 bytes (34.3%)
(RDMA_READ_CONSUME_CHECK_CONSUMER) timestamp=9337 ms, used_size=14055424 bytes (34.3%)
(RDMA_READ_CONSUME_CHECK_CONSUMER) timestamp=9337 ms, used_size=14053376 bytes (34.3%)
(RDMA_READ_CONSUME_CHECK_CONSUMER) timestamp=9337 ms, used_size=14051328 bytes (34.3%)
(RDMA_READ_CONSUME_CHECK_CONSUMER) timestamp=9337 ms, used_size=14049280 bytes (34.3%)
(RDMA_READ_CONSUME_CHECK_CONSUMER) timestamp=9337 ms, used_size=14047232 bytes (34.3%)
(RDMA_READ_CONSUME_CHECK_CONSUMER) timestamp=9337 ms, used_size=14045184 bytes (34.3%)
(RDMA_READ_CONSUME_CHECK_CONSUMER) timestamp=9337 ms, used_size=14043136 bytes (34.3%)
(RDMA_READ_CONSUME_CHECK_CONSUMER) timestamp=9337 ms, used_size=14041088 bytes (34.3%)
(RDMA_READ_CONSUME_CHECK_CONSUMER) timestamp=9337 ms, used_size=14039040 bytes (34.3%)
(RDMA_READ_CONSUME_CHECK_CONSUMER) timestamp=9337 ms, used_size=14036992 bytes (34.3%)
(RDMA_READ_CONSUME_CHECK_CONSUMER) timestamp=9337 ms, used_size=14034944 bytes (34.3%)
(RDMA_READ_CONSUME_CHECK_CONSUMER) timestamp=9337 ms, used_size=14032896 bytes (34.3%)
(RDMA_READ_CONSUME_CHECK_CONSUMER) timestamp=9337 ms, used_size=14030848 bytes (34.3%)
(RDMA_READ_CONSUME_CHECK_CONSUMER) timestamp=9337 ms, used_size=14028800 bytes (34.2%)
(RDMA_READ_CONSUME_CHECK_CONSUMER) timestamp=9337 ms, used_size=14026752 bytes (34.2%)
(RDMA_READ_CONSUME_CHECK_CONSUMER) timestamp=9337 ms, used_size=14024704 bytes (34.2%)
(RDMA_READ_CONSUME_CHECK_CONSUMER) timestamp=9337 ms, used_size=14022656 bytes (34.2%)
(RDMA_READ_CONSUME_CHECK_CONSUMER) timestamp=9337 ms, used_size=14020608 bytes (34.2%)
(RDMA_READ_CONSUME_CHECK_CONSUMER) timestamp=9338 ms, used_size=14018560 bytes (34.2%)
(RDMA_READ_CONSUME_CHECK_CONSUMER) timestamp=9338 ms, used_size=14016512 bytes (34.2%)
(RDMA_READ_CONSUME_CHECK_CONSUMER) timestamp=9338 ms, used_size=14014464 bytes (34.2%)
(RDMA_READ_CONSUME_CHECK_CONSUMER) timestamp=9338 ms, used_size=14012416 bytes (34.2%)
(RDMA_READ_CONSUME_CHECK_CONSUMER) timestamp=9338 ms, used_size=14010368 bytes (34.2%)
(RDMA_READ_CONSUME_CHECK_CONSUMER) timestamp=9338 ms, used_size=14008320 bytes (34.2%)
(RDMA_READ_CONSUME_CHECK_CONSUMER) timestamp=9338 ms, used_size=14006272 bytes (34.2%)
(RDMA_READ_CONSUME_CHECK_CONSUMER) timestamp=9338 ms, used_size=14004224 bytes (34.2%)
(RDMA_READ_CONSUME_CHECK_CONSUMER) timestamp=9338 ms, used_size=14002176 bytes (34.2%)
(RDMA_READ_CONSUME_CHECK_CONSUMER) timestamp=9338 ms, used_size=14000128 bytes (34.2%)
(RDMA_READ_CONSUME_CHECK_CONSUMER) timestamp=9338 ms, used_size=13998080 bytes (34.2%)
(RDMA_READ_CONSUME_CHECK_CONSUMER) timestamp=9338 ms, used_size=13996032 bytes (34.2%)
(RDMA_READ_CONSUME_CHECK_CONSUMER) timestamp=9338 ms, used_size=13993984 bytes (34.2%)
(RDMA_READ_CONSUME_CHECK_CONSUMER) timestamp=9338 ms, used_size=13991936 bytes (34.2%)
(RDMA_READ_CONSUME_CHECK_CONSUMER) timestamp=9338 ms, used_size=13989888 bytes (34.2%)
(RDMA_READ_CONSUME_CHECK_CONSUMER) timestamp=9338 ms, used_size=13987840 bytes (34.1%)
(RDMA_READ_CONSUME_CHECK_CONSUMER) timestamp=9338 ms, used_size=13985792 bytes (34.1%)
(RDMA_READ_CONSUME_CHECK_CONSUMER) timestamp=9338 ms, used_size=13983744 bytes (34.1%)
(RDMA_READ_CONSUME_CHECK_CONSUMER) timestamp=9338 ms, used_size=13981696 bytes (34.1%)
(RDMA_READ_CONSUME_CHECK_CONSUMER) timestamp=9338 ms, used_size=13979648 bytes (34.1%)
(RDMA_READ_CONSUME_CHECK_CONSUMER) timestamp=9338 ms, used_size=13977600 bytes (34.1%)
(RDMA_READ_CONSUME_CHECK_CONSUMER) timestamp=9338 ms, used_size=13975552 bytes (34.1%)
(RDMA_READ_CONSUME_CHECK_CONSUMER) timestamp=9338 ms, used_size=13973504 bytes (34.1%)
(RDMA_READ_CONSUME_CHECK_CONSUMER) timestamp=9338 ms, used_size=13971456 bytes (34.1%)
(RDMA_READ_CONSUME_CHECK_CONSUMER) timestamp=9338 ms, used_size=13969408 bytes (34.1%)
(RDMA_READ_CONSUME_CHECK_CONSUMER) timestamp=9338 ms, used_size=13967360 bytes (34.1%)
(RDMA_READ_CONSUME_CHECK_CONSUMER) timestamp=9338 ms, used_size=13965312 bytes (34.1%)
(RDMA_READ_CONSUME_CHECK_CONSUMER) timestamp=9338 ms, used_size=13963264 bytes (34.1%)
(RDMA_READ_CONSUME_CHECK_CONSUMER) timestamp=9338 ms, used_size=13961216 bytes (34.1%)
(RDMA_READ_CONSUME_CHECK_CONSUMER) timestamp=9338 ms, used_size=13959168 bytes (34.1%)
(RDMA_READ_CONSUME_CHECK_CONSUMER) timestamp=9338 ms, used_size=13957120 bytes (34.1%)
(RDMA_READ_CONSUME_CHECK_CONSUMER) timestamp=9338 ms, used_size=13955072 bytes (34.1%)
(RDMA_READ_CONSUME_CHECK_CONSUMER) timestamp=9338 ms, used_size=13953024 bytes (34.1%)
(RDMA_READ_CONSUME_CHECK_CONSUMER) timestamp=9338 ms, used_size=13950976 bytes (34.1%)
(RDMA_READ_CONSUME_CHECK_CONSUMER) timestamp=9338 ms, used_size=13948928 bytes (34.1%)
(RDMA_READ_CONSUME_CHECK_CONSUMER) timestamp=9338 ms, used_size=13946880 bytes (34.0%)
(RDMA_READ_CONSUME_CHECK_CONSUMER) timestamp=9338 ms, used_size=13944832 bytes (34.0%)
(RDMA_READ_CONSUME_CHECK_CONSUMER) timestamp=9338 ms, used_size=13942784 bytes (34.0%)
(RDMA_READ_CONSUME_CHECK_CONSUMER) timestamp=9338 ms, used_size=13940736 bytes (34.0%)
(RDMA_READ_CONSUME_CHECK_CONSUMER) timestamp=9338 ms, used_size=13938688 bytes (34.0%)
(RDMA_READ_CONSUME_CHECK_CONSUMER) timestamp=9338 ms, used_size=13936640 bytes (34.0%)
(RDMA_READ_CONSUME_CHECK_CONSUMER) timestamp=9338 ms, used_size=13934592 bytes (34.0%)
(RDMA_READ_CONSUME_CHECK_CONSUMER) timestamp=9338 ms, used_size=13932544 bytes (34.0%)
(RDMA_READ_CONSUME_CHECK_CONSUMER) timestamp=9338 ms, used_size=13930496 bytes (34.0%)
(RDMA_READ_CONSUME_CHECK_CONSUMER) timestamp=9338 ms, used_size=13928448 bytes (34.0%)
(RDMA_READ_CONSUME_CHECK_CONSUMER) timestamp=9338 ms, used_size=13926400 bytes (34.0%)
(RDMA_READ_CONSUME_CHECK_CONSUMER) timestamp=9338 ms, used_size=13924352 bytes (34.0%)
(RDMA_READ_CONSUME_CHECK_CONSUMER) timestamp=9338 ms, used_size=13922304 bytes (34.0%)
(RDMA_READ_CONSUME_CHECK_CONSUMER) timestamp=9338 ms, used_size=13920256 bytes (34.0%)
(RDMA_READ_CONSUME_CHECK_CONSUMER) timestamp=9338 ms, used_size=13918208 bytes (34.0%)
(RDMA_READ_CONSUME_CHECK_CONSUMER) timestamp=9338 ms, used_size=13916160 bytes (34.0%)
(RDMA_READ_CONSUME_CHECK_CONSUMER) timestamp=9338 ms, used_size=13914112 bytes (34.0%)
(RDMA_READ_CONSUME_CHECK_CONSUMER) timestamp=9338 ms, used_size=13912064 bytes (34.0%)
(RDMA_READ_CONSUME_CHECK_CONSUMER) timestamp=9338 ms, used_size=13910016 bytes (34.0%)
(RDMA_READ_CONSUME_CHECK_CONSUMER) timestamp=9338 ms, used_size=13907968 bytes (34.0%)
(RDMA_READ_CONSUME_CHECK_CONSUMER) timestamp=9338 ms, used_size=13905920 bytes (34.0%)
(RDMA_READ_CONSUME_CHECK_CONSUMER) timestamp=9338 ms, used_size=13903872 bytes (33.9%)
(RDMA_READ_CONSUME_CHECK_CONSUMER) timestamp=9338 ms, used_size=13901824 bytes (33.9%)
(RDMA_READ_CONSUME_CHECK_CONSUMER) timestamp=9338 ms, used_size=13899776 bytes (33.9%)
(RDMA_READ_CONSUME_CHECK_CONSUMER) timestamp=9338 ms, used_size=13897728 bytes (33.9%)
(RDMA_READ_CONSUME_CHECK_CONSUMER) timestamp=9338 ms, used_size=13895680 bytes (33.9%)
(RDMA_READ_CONSUME_CHECK_CONSUMER) timestamp=9338 ms, used_size=13893632 bytes (33.9%)
(RDMA_READ_CONSUME_CHECK_CONSUMER) timestamp=9338 ms, used_size=13891584 bytes (33.9%)
(RDMA_READ_CONSUME_CHECK_CONSUMER) timestamp=9338 ms, used_size=13889536 bytes (33.9%)
(RDMA_READ_CONSUME_CHECK_CONSUMER) timestamp=9338 ms, used_size=13887488 bytes (33.9%)
(RDMA_READ_CONSUME_CHECK_CONSUMER) timestamp=9338 ms, used_size=13885440 bytes (33.9%)
(RDMA_READ_CONSUME_CHECK_CONSUMER) timestamp=9338 ms, used_size=13883392 bytes (33.9%)
(RDMA_READ_CONSUME_CHECK_CONSUMER) timestamp=9338 ms, used_size=13881344 bytes (33.9%)
(RDMA_READ_CONSUME_CHECK_CONSUMER) timestamp=9338 ms, used_size=13879296 bytes (33.9%)
(RDMA_READ_CONSUME_CHECK_CONSUMER) timestamp=9338 ms, used_size=13877248 bytes (33.9%)
(RDMA_READ_CONSUME_CHECK_CONSUMER) timestamp=9338 ms, used_size=13875200 bytes (33.9%)
(RDMA_READ_CONSUME_CHECK_CONSUMER) timestamp=9338 ms, used_size=13873152 bytes (33.9%)
(RDMA_READ_CONSUME_CHECK_CONSUMER) timestamp=9338 ms, used_size=13871104 bytes (33.9%)
(RDMA_READ_CONSUME_CHECK_CONSUMER) timestamp=9338 ms, used_size=13869056 bytes (33.9%)
(RDMA_READ_CONSUME_CHECK_CONSUMER) timestamp=9338 ms, used_size=13867008 bytes (33.9%)
(RDMA_READ_CONSUME_CHECK_CONSUMER) timestamp=9338 ms, used_size=13864960 bytes (33.9%)
(RDMA_READ_CONSUME_CHECK_CONSUMER) timestamp=9338 ms, used_size=13862912 bytes (33.8%)
(RDMA_READ_CONSUME_CHECK_CONSUMER) timestamp=9338 ms, used_size=13860864 bytes (33.8%)
(RDMA_READ_CONSUME_CHECK_CONSUMER) timestamp=9338 ms, used_size=13858816 bytes (33.8%)
(RDMA_READ_CONSUME_CHECK_CONSUMER) timestamp=9338 ms, used_size=13856768 bytes (33.8%)
(RDMA_READ_CONSUME_CHECK_CONSUMER) timestamp=9338 ms, used_size=13854720 bytes (33.8%)
(RDMA_READ_CONSUME_CHECK_CONSUMER) timestamp=9338 ms, used_size=13852672 bytes (33.8%)
(RDMA_READ_CONSUME_CHECK_CONSUMER) timestamp=9338 ms, used_size=13850624 bytes (33.8%)
(RDMA_READ_CONSUME_CHECK_CONSUMER) timestamp=9338 ms, used_size=13848576 bytes (33.8%)
(RDMA_READ_CONSUME_CHECK_CONSUMER) timestamp=9338 ms, used_size=13846528 bytes (33.8%)
(RDMA_READ_CONSUME_CHECK_CONSUMER) timestamp=9338 ms, used_size=13844480 bytes (33.8%)
(RDMA_READ_CONSUME_CHECK_CONSUMER) timestamp=9338 ms, used_size=13842432 bytes (33.8%)
(RDMA_READ_CONSUME_CHECK_CONSUMER) timestamp=9338 ms, used_size=13840384 bytes (33.8%)
(RDMA_READ_CONSUME_CHECK_CONSUMER) timestamp=9338 ms, used_size=13838336 bytes (33.8%)
(RDMA_READ_CONSUME_CHECK_CONSUMER) timestamp=9338 ms, used_size=13836288 bytes (33.8%)
(RDMA_READ_CONSUME_CHECK_CONSUMER) timestamp=9338 ms, used_size=13834240 bytes (33.8%)
(RDMA_READ_CONSUME_CHECK_CONSUMER) timestamp=9338 ms, used_size=13832192 bytes (33.8%)
(RDMA_READ_CONSUME_CHECK_CONSUMER) timestamp=9338 ms, used_size=13830144 bytes (33.8%)
(RDMA_READ_CONSUME_CHECK_CONSUMER) timestamp=9338 ms, used_size=13828096 bytes (33.8%)
(RDMA_READ_CONSUME_CHECK_CONSUMER) timestamp=9338 ms, used_size=13826048 bytes (33.8%)
(RDMA_READ_CONSUME_CHECK_CONSUMER) timestamp=9338 ms, used_size=13824000 bytes (33.8%)
(RDMA_READ_CONSUME_CHECK_CONSUMER) timestamp=9338 ms, used_size=13821952 bytes (33.7%)
(RDMA_READ_CONSUME_CHECK_CONSUMER) timestamp=9338 ms, used_size=13819904 bytes (33.7%)
(RDMA_READ_CONSUME_CHECK_CONSUMER) timestamp=9338 ms, used_size=13817856 bytes (33.7%)
(RDMA_READ_CONSUME_CHECK_CONSUMER) timestamp=9338 ms, used_size=13815808 bytes (33.7%)
(RDMA_READ_CONSUME_CHECK_CONSUMER) timestamp=9338 ms, used_size=13813760 bytes (33.7%)
(RDMA_READ_CONSUME_CHECK_CONSUMER) timestamp=9338 ms, used_size=13811712 bytes (33.7%)
(RDMA_READ_CONSUME_CHECK_CONSUMER) timestamp=9338 ms, used_size=13809664 bytes (33.7%)
(RDMA_READ_CONSUME_CHECK_CONSUMER) timestamp=9338 ms, used_size=13807616 bytes (33.7%)
(RDMA_READ_CONSUME_CHECK_CONSUMER) timestamp=9338 ms, used_size=13805568 bytes (33.7%)
(RDMA_READ_CONSUME_CHECK_CONSUMER) timestamp=9338 ms, used_size=13803520 bytes (33.7%)
(RDMA_READ_CONSUME_CHECK_CONSUMER) timestamp=9338 ms, used_size=13801472 bytes (33.7%)
(RDMA_READ_CONSUME_CHECK_CONSUMER) timestamp=9338 ms, used_size=13799424 bytes (33.7%)
(RDMA_READ_CONSUME_CHECK_CONSUMER) timestamp=9338 ms, used_size=13797376 bytes (33.7%)
(RDMA_READ_CONSUME_CHECK_CONSUMER) timestamp=9338 ms, used_size=13795328 bytes (33.7%)
(RDMA_READ_CONSUME_CHECK_CONSUMER) timestamp=9338 ms, used_size=13793280 bytes (33.7%)
(RDMA_READ_CONSUME_CHECK_CONSUMER) timestamp=9338 ms, used_size=13791232 bytes (33.7%)
(RDMA_READ_CONSUME_CHECK_CONSUMER) timestamp=9338 ms, used_size=13789184 bytes (33.7%)
(RDMA_READ_CONSUME_CHECK_CONSUMER) timestamp=9338 ms, used_size=13787136 bytes (33.7%)
(RDMA_READ_CONSUME_CHECK_CONSUMER) timestamp=9338 ms, used_size=13785088 bytes (33.7%)
(RDMA_READ_CONSUME_CHECK_CONSUMER) timestamp=9338 ms, used_size=13783040 bytes (33.6%)
(RDMA_READ_CONSUME_CHECK_CONSUMER) timestamp=9338 ms, used_size=13780992 bytes (33.6%)
(RDMA_READ_CONSUME_CHECK_CONSUMER) timestamp=9338 ms, used_size=13778944 bytes (33.6%)
(RDMA_READ_CONSUME_CHECK_CONSUMER) timestamp=9338 ms, used_size=13776896 bytes (33.6%)
(RDMA_READ_CONSUME_CHECK_CONSUMER) timestamp=9338 ms, used_size=13774848 bytes (33.6%)
(RDMA_READ_CONSUME_CHECK_CONSUMER) timestamp=9338 ms, used_size=13772800 bytes (33.6%)
(RDMA_READ_CONSUME_CHECK_CONSUMER) timestamp=9338 ms, used_size=13770752 bytes (33.6%)
(RDMA_READ_CONSUME_CHECK_CONSUMER) timestamp=9338 ms, used_size=13768704 bytes (33.6%)
(RDMA_READ_CONSUME_CHECK_CONSUMER) timestamp=9338 ms, used_size=13766656 bytes (33.6%)
(RDMA_READ_CONSUME_CHECK_CONSUMER) timestamp=9338 ms, used_size=13764608 bytes (33.6%)
(RDMA_READ_CONSUME_CHECK_CONSUMER) timestamp=9338 ms, used_size=13762560 bytes (33.6%)
(RDMA_READ_CONSUME_CHECK_CONSUMER) timestamp=9338 ms, used_size=13760512 bytes (33.6%)
(RDMA_READ_CONSUME_CHECK_CONSUMER) timestamp=9338 ms, used_size=13758464 bytes (33.6%)
(RDMA_READ_CONSUME_CHECK_CONSUMER) timestamp=9338 ms, used_size=13756416 bytes (33.6%)
(RDMA_READ_CONSUME_CHECK_CONSUMER) timestamp=9338 ms, used_size=13754368 bytes (33.6%)
(RDMA_READ_CONSUME_CHECK_CONSUMER) timestamp=9338 ms, used_size=13752320 bytes (33.6%)
(RDMA_READ_CONSUME_CHECK_CONSUMER) timestamp=9338 ms, used_size=13750272 bytes (33.6%)
(RDMA_READ_CONSUME_CHECK_CONSUMER) timestamp=9338 ms, used_size=13748224 bytes (33.6%)
(RDMA_READ_CONSUME_CHECK_CONSUMER) timestamp=9338 ms, used_size=13746176 bytes (33.6%)
(RDMA_READ_CONSUME_CHECK_CONSUMER) timestamp=9338 ms, used_size=13744128 bytes (33.6%)
(RDMA_READ_CONSUME_CHECK_CONSUMER) timestamp=9338 ms, used_size=13742080 bytes (33.5%)
(RDMA_READ_CONSUME_CHECK_CONSUMER) timestamp=9338 ms, used_size=13740032 bytes (33.5%)
(RDMA_READ_CONSUME_CHECK_CONSUMER) timestamp=9338 ms, used_size=13737984 bytes (33.5%)
(RDMA_READ_CONSUME_CHECK_CONSUMER) timestamp=9338 ms, used_size=13735936 bytes (33.5%)
(RDMA_READ_CONSUME_CHECK_CONSUMER) timestamp=9338 ms, used_size=13733888 bytes (33.5%)
(RDMA_READ_CONSUME_CHECK_CONSUMER) timestamp=9338 ms, used_size=13731840 bytes (33.5%)
(RDMA_READ_CONSUME_CHECK_CONSUMER) timestamp=9338 ms, used_size=13729792 bytes (33.5%)
(RDMA_READ_CONSUME_CHECK_CONSUMER) timestamp=9338 ms, used_size=13727744 bytes (33.5%)
(RDMA_READ_CONSUME_CHECK_CONSUMER) timestamp=9338 ms, used_size=13725696 bytes (33.5%)
(RDMA_READ_CONSUME_CHECK_CONSUMER) timestamp=9338 ms, used_size=13723648 bytes (33.5%)
(RDMA_READ_CONSUME_CHECK_CONSUMER) timestamp=9338 ms, used_size=13721600 bytes (33.5%)
(RDMA_READ_CONSUME_CHECK_CONSUMER) timestamp=9338 ms, used_size=13719552 bytes (33.5%)
(RDMA_READ_CONSUME_CHECK_CONSUMER) timestamp=9338 ms, used_size=13717504 bytes (33.5%)
(RDMA_READ_CONSUME_CHECK_CONSUMER) timestamp=9338 ms, used_size=13715456 bytes (33.5%)
(RDMA_READ_CONSUME_CHECK_CONSUMER) timestamp=9338 ms, used_size=13713408 bytes (33.5%)
(RDMA_READ_CONSUME_CHECK_CONSUMER) timestamp=9338 ms, used_size=13711360 bytes (33.5%)
(RDMA_READ_CONSUME_CHECK_CONSUMER) timestamp=9338 ms, used_size=13709312 bytes (33.5%)
(RDMA_READ_CONSUME_CHECK_CONSUMER) timestamp=9338 ms, used_size=13707264 bytes (33.5%)
(RDMA_READ_CONSUME_CHECK_CONSUMER) timestamp=9338 ms, used_size=13705216 bytes (33.5%)
(RDMA_READ_CONSUME_CHECK_CONSUMER) timestamp=9338 ms, used_size=13703168 bytes (33.5%)
(RDMA_READ_CONSUME_CHECK_CONSUMER) timestamp=9338 ms, used_size=13701120 bytes (33.5%)
(RDMA_READ_CONSUME_CHECK_CONSUMER) timestamp=9338 ms, used_size=13699072 bytes (33.4%)
(RDMA_READ_CONSUME_CHECK_CONSUMER) timestamp=9338 ms, used_size=13697024 bytes (33.4%)
(RDMA_READ_CONSUME_CHECK_CONSUMER) timestamp=9338 ms, used_size=13694976 bytes (33.4%)
(RDMA_READ_CONSUME_CHECK_CONSUMER) timestamp=9338 ms, used_size=13692928 bytes (33.4%)
(RDMA_READ_CONSUME_CHECK_CONSUMER) timestamp=9338 ms, used_size=13690880 bytes (33.4%)
(RDMA_READ_CONSUME_CHECK_CONSUMER) timestamp=9338 ms, used_size=13688832 bytes (33.4%)
(RDMA_READ_CONSUME_CHECK_CONSUMER) timestamp=9338 ms, used_size=13686784 bytes (33.4%)
(RDMA_READ_CONSUME_CHECK_CONSUMER) timestamp=9338 ms, used_size=13684736 bytes (33.4%)
(RDMA_READ_CONSUME_CHECK_CONSUMER) timestamp=9338 ms, used_size=13682688 bytes (33.4%)
(RDMA_READ_CONSUME_CHECK_CONSUMER) timestamp=9338 ms, used_size=13680640 bytes (33.4%)
(RDMA_READ_CONSUME_CHECK_CONSUMER) timestamp=9338 ms, used_size=13678592 bytes (33.4%)
(RDMA_READ_CONSUME_CHECK_CONSUMER) timestamp=9338 ms, used_size=13676544 bytes (33.4%)
(RDMA_READ_CONSUME_CHECK_CONSUMER) timestamp=9338 ms, used_size=13674496 bytes (33.4%)
(RDMA_READ_CONSUME_CHECK_CONSUMER) timestamp=9338 ms, used_size=13672448 bytes (33.4%)
(RDMA_READ_CONSUME_CHECK_CONSUMER) timestamp=9338 ms, used_size=13670400 bytes (33.4%)
(RDMA_READ_CONSUME_CHECK_CONSUMER) timestamp=9338 ms, used_size=13668352 bytes (33.4%)
(RDMA_READ_CONSUME_CHECK_CONSUMER) timestamp=9338 ms, used_size=13666304 bytes (33.4%)
(RDMA_READ_CONSUME_CHECK_CONSUMER) timestamp=9339 ms, used_size=13664256 bytes (33.4%)
(RDMA_READ_CONSUME_CHECK_CONSUMER) timestamp=9339 ms, used_size=13662208 bytes (33.4%)
(RDMA_READ_CONSUME_CHECK_CONSUMER) timestamp=9339 ms, used_size=13660160 bytes (33.4%)
(RDMA_READ_CONSUME_CHECK_CONSUMER) timestamp=9339 ms, used_size=13658112 bytes (33.3%)
(RDMA_READ_CONSUME_CHECK_CONSUMER) timestamp=9339 ms, used_size=13656064 bytes (33.3%)
(RDMA_READ_CONSUME_CHECK_CONSUMER) timestamp=9339 ms, used_size=13654016 bytes (33.3%)
(RDMA_READ_CONSUME_CHECK_CONSUMER) timestamp=9339 ms, used_size=13651968 bytes (33.3%)
(RDMA_READ_CONSUME_CHECK_CONSUMER) timestamp=9339 ms, used_size=13649920 bytes (33.3%)
(RDMA_READ_CONSUME_CHECK_CONSUMER) timestamp=9339 ms, used_size=13647872 bytes (33.3%)
(RDMA_READ_CONSUME_CHECK_CONSUMER) timestamp=9339 ms, used_size=13645824 bytes (33.3%)
(RDMA_READ_CONSUME_CHECK_CONSUMER) timestamp=9339 ms, used_size=13643776 bytes (33.3%)
(RDMA_READ_CONSUME_CHECK_CONSUMER) timestamp=9339 ms, used_size=13641728 bytes (33.3%)
(RDMA_READ_CONSUME_CHECK_CONSUMER) timestamp=9339 ms, used_size=13639680 bytes (33.3%)
(RDMA_READ_CONSUME_CHECK_CONSUMER) timestamp=9339 ms, used_size=13637632 bytes (33.3%)
(RDMA_READ_CONSUME_CHECK_CONSUMER) timestamp=9339 ms, used_size=13635584 bytes (33.3%)
(RDMA_READ_CONSUME_CHECK_CONSUMER) timestamp=9339 ms, used_size=13633536 bytes (33.3%)
(RDMA_READ_CONSUME_CHECK_CONSUMER) timestamp=9339 ms, used_size=13631488 bytes (33.3%)
(RDMA_READ_CONSUME_CHECK_CONSUMER) timestamp=9339 ms, used_size=13629440 bytes (33.3%)
(RDMA_READ_CONSUME_CHECK_CONSUMER) timestamp=9339 ms, used_size=13627392 bytes (33.3%)
(RDMA_READ_CONSUME_CHECK_CONSUMER) timestamp=9339 ms, used_size=13625344 bytes (33.3%)
(RDMA_READ_CONSUME_CHECK_CONSUMER) timestamp=9339 ms, used_size=13623296 bytes (33.3%)
(RDMA_READ_CONSUME_CHECK_CONSUMER) timestamp=9339 ms, used_size=13621248 bytes (33.3%)
(RDMA_READ_CONSUME_CHECK_CONSUMER) timestamp=9339 ms, used_size=13619200 bytes (33.2%)
(RDMA_READ_CONSUME_CHECK_CONSUMER) timestamp=9339 ms, used_size=13617152 bytes (33.2%)
(RDMA_READ_CONSUME_CHECK_CONSUMER) timestamp=9339 ms, used_size=13615104 bytes (33.2%)
(RDMA_READ_CONSUME_CHECK_CONSUMER) timestamp=9339 ms, used_size=13613056 bytes (33.2%)
(RDMA_READ_CONSUME_CHECK_CONSUMER) timestamp=9339 ms, used_size=13611008 bytes (33.2%)
(RDMA_READ_CONSUME_CHECK_CONSUMER) timestamp=9339 ms, used_size=13608960 bytes (33.2%)
(RDMA_READ_CONSUME_CHECK_CONSUMER) timestamp=9339 ms, used_size=13606912 bytes (33.2%)
(RDMA_READ_CONSUME_CHECK_CONSUMER) timestamp=9339 ms, used_size=13604864 bytes (33.2%)
(RDMA_READ_CONSUME_CHECK_CONSUMER) timestamp=9339 ms, used_size=13602816 bytes (33.2%)
(RDMA_READ_CONSUME_CHECK_CONSUMER) timestamp=9339 ms, used_size=13600768 bytes (33.2%)
(RDMA_READ_CONSUME_CHECK_CONSUMER) timestamp=9339 ms, used_size=13598720 bytes (33.2%)
(RDMA_READ_CONSUME_CHECK_CONSUMER) timestamp=9339 ms, used_size=13596672 bytes (33.2%)
(RDMA_READ_CONSUME_CHECK_CONSUMER) timestamp=9339 ms, used_size=13594624 bytes (33.2%)
(RDMA_READ_CONSUME_CHECK_CONSUMER) timestamp=9339 ms, used_size=13592576 bytes (33.2%)
(RDMA_READ_CONSUME_CHECK_CONSUMER) timestamp=9339 ms, used_size=13590528 bytes (33.2%)
(RDMA_READ_CONSUME_CHECK_CONSUMER) timestamp=9339 ms, used_size=13588480 bytes (33.2%)
(RDMA_READ_CONSUME_CHECK_CONSUMER) timestamp=9339 ms, used_size=13586432 bytes (33.2%)
(RDMA_READ_CONSUME_CHECK_CONSUMER) timestamp=9339 ms, used_size=13584384 bytes (33.2%)
(RDMA_READ_CONSUME_CHECK_CONSUMER) timestamp=9339 ms, used_size=13582336 bytes (33.2%)
(RDMA_READ_CONSUME_CHECK_CONSUMER) timestamp=9339 ms, used_size=13580288 bytes (33.2%)
(RDMA_READ_CONSUME_CHECK_CONSUMER) timestamp=9339 ms, used_size=13578240 bytes (33.1%)
(RDMA_READ_CONSUME_CHECK_CONSUMER) timestamp=9339 ms, used_size=13576192 bytes (33.1%)
(RDMA_READ_CONSUME_CHECK_CONSUMER) timestamp=9339 ms, used_size=13574144 bytes (33.1%)
(RDMA_READ_CONSUME_CHECK_CONSUMER) timestamp=9339 ms, used_size=13572096 bytes (33.1%)
(RDMA_READ_CONSUME_CHECK_CONSUMER) timestamp=9339 ms, used_size=13570048 bytes (33.1%)
(RDMA_READ_CONSUME_CHECK_CONSUMER) timestamp=9339 ms, used_size=13568000 bytes (33.1%)
(RDMA_READ_CONSUME_CHECK_CONSUMER) timestamp=9339 ms, used_size=13565952 bytes (33.1%)
(RDMA_READ_CONSUME_CHECK_CONSUMER) timestamp=9339 ms, used_size=13563904 bytes (33.1%)
(RDMA_READ_CONSUME_CHECK_CONSUMER) timestamp=9339 ms, used_size=13561856 bytes (33.1%)
(RDMA_READ_CONSUME_CHECK_CONSUMER) timestamp=9339 ms, used_size=13559808 bytes (33.1%)
(RDMA_READ_CONSUME_CHECK_CONSUMER) timestamp=9339 ms, used_size=13557760 bytes (33.1%)
(RDMA_READ_CONSUME_CHECK_CONSUMER) timestamp=9339 ms, used_size=13555712 bytes (33.1%)
(RDMA_READ_CONSUME_CHECK_CONSUMER) timestamp=9339 ms, used_size=13553664 bytes (33.1%)
(RDMA_READ_CONSUME_CHECK_CONSUMER) timestamp=9339 ms, used_size=13551616 bytes (33.1%)
(RDMA_READ_CONSUME_CHECK_CONSUMER) timestamp=9339 ms, used_size=13549568 bytes (33.1%)
(RDMA_READ_CONSUME_CHECK_CONSUMER) timestamp=9339 ms, used_size=13547520 bytes (33.1%)
(RDMA_READ_CONSUME_CHECK_CONSUMER) timestamp=9339 ms, used_size=13545472 bytes (33.1%)
(RDMA_READ_CONSUME_CHECK_CONSUMER) timestamp=9339 ms, used_size=13543424 bytes (33.1%)
(RDMA_READ_CONSUME_CHECK_CONSUMER) timestamp=9339 ms, used_size=13541376 bytes (33.1%)
(RDMA_READ_CONSUME_CHECK_CONSUMER) timestamp=9339 ms, used_size=13539328 bytes (33.1%)
(RDMA_READ_CONSUME_CHECK_CONSUMER) timestamp=9339 ms, used_size=13537280 bytes (33.0%)
(RDMA_READ_CONSUME_CHECK_CONSUMER) timestamp=9339 ms, used_size=13535232 bytes (33.0%)
(RDMA_READ_CONSUME_CHECK_CONSUMER) timestamp=9339 ms, used_size=13533184 bytes (33.0%)
(RDMA_READ_CONSUME_CHECK_CONSUMER) timestamp=9339 ms, used_size=13531136 bytes (33.0%)
(RDMA_READ_CONSUME_CHECK_CONSUMER) timestamp=9339 ms, used_size=13529088 bytes (33.0%)
(RDMA_READ_CONSUME_CHECK_CONSUMER) timestamp=9339 ms, used_size=13527040 bytes (33.0%)
(RDMA_READ_CONSUME_CHECK_CONSUMER) timestamp=9339 ms, used_size=13524992 bytes (33.0%)
(RDMA_READ_CONSUME_CHECK_CONSUMER) timestamp=9339 ms, used_size=13522944 bytes (33.0%)
(RDMA_READ_CONSUME_CHECK_CONSUMER) timestamp=9339 ms, used_size=13520896 bytes (33.0%)
(RDMA_READ_CONSUME_CHECK_CONSUMER) timestamp=9339 ms, used_size=13518848 bytes (33.0%)
(RDMA_READ_CONSUME_CHECK_CONSUMER) timestamp=9339 ms, used_size=13516800 bytes (33.0%)
(RDMA_READ_CONSUME_CHECK_CONSUMER) timestamp=9339 ms, used_size=13514752 bytes (33.0%)
(RDMA_READ_CONSUME_CHECK_CONSUMER) timestamp=9339 ms, used_size=13512704 bytes (33.0%)
(RDMA_READ_CONSUME_CHECK_CONSUMER) timestamp=9339 ms, used_size=13510656 bytes (33.0%)
(RDMA_READ_CONSUME_CHECK_CONSUMER) timestamp=9339 ms, used_size=13508608 bytes (33.0%)
(RDMA_READ_CONSUME_CHECK_CONSUMER) timestamp=9339 ms, used_size=13506560 bytes (33.0%)
(RDMA_READ_CONSUME_CHECK_CONSUMER) timestamp=9339 ms, used_size=13504512 bytes (33.0%)
(RDMA_READ_CONSUME_CHECK_CONSUMER) timestamp=9339 ms, used_size=13502464 bytes (33.0%)
(RDMA_READ_CONSUME_CHECK_CONSUMER) timestamp=9339 ms, used_size=13500416 bytes (33.0%)
(RDMA_READ_CONSUME_CHECK_CONSUMER) timestamp=9339 ms, used_size=13498368 bytes (33.0%)
(RDMA_READ_CONSUME_CHECK_CONSUMER) timestamp=9339 ms, used_size=13496320 bytes (33.0%)
(RDMA_READ_CONSUME_CHECK_CONSUMER) timestamp=9339 ms, used_size=13494272 bytes (32.9%)
(RDMA_READ_CONSUME_CHECK_CONSUMER) timestamp=9339 ms, used_size=13492224 bytes (32.9%)
(RDMA_READ_CONSUME_CHECK_CONSUMER) timestamp=9339 ms, used_size=13490176 bytes (32.9%)
(RDMA_READ_CONSUME_CHECK_CONSUMER) timestamp=9339 ms, used_size=13488128 bytes (32.9%)
(RDMA_READ_CONSUME_CHECK_CONSUMER) timestamp=9339 ms, used_size=13486080 bytes (32.9%)
(RDMA_READ_CONSUME_CHECK_CONSUMER) timestamp=9339 ms, used_size=13484032 bytes (32.9%)
(RDMA_READ_CONSUME_CHECK_CONSUMER) timestamp=9339 ms, used_size=13481984 bytes (32.9%)
(RDMA_READ_CONSUME_CHECK_CONSUMER) timestamp=9339 ms, used_size=13479936 bytes (32.9%)
(RDMA_READ_CONSUME_CHECK_CONSUMER) timestamp=9339 ms, used_size=13477888 bytes (32.9%)
(RDMA_READ_CONSUME_CHECK_CONSUMER) timestamp=9339 ms, used_size=13475840 bytes (32.9%)
(RDMA_READ_CONSUME_CHECK_CONSUMER) timestamp=9339 ms, used_size=13473792 bytes (32.9%)
(RDMA_READ_CONSUME_CHECK_CONSUMER) timestamp=9339 ms, used_size=13471744 bytes (32.9%)
(RDMA_READ_CONSUME_CHECK_CONSUMER) timestamp=9339 ms, used_size=13469696 bytes (32.9%)
(RDMA_READ_CONSUME_CHECK_CONSUMER) timestamp=9339 ms, used_size=13467648 bytes (32.9%)
(RDMA_READ_CONSUME_CHECK_CONSUMER) timestamp=9339 ms, used_size=13465600 bytes (32.9%)
(RDMA_READ_CONSUME_CHECK_CONSUMER) timestamp=9339 ms, used_size=13463552 bytes (32.9%)
(RDMA_READ_CONSUME_CHECK_CONSUMER) timestamp=9339 ms, used_size=13461504 bytes (32.9%)
(RDMA_READ_CONSUME_CHECK_CONSUMER) timestamp=9339 ms, used_size=13459456 bytes (32.9%)
(RDMA_READ_CONSUME_CHECK_CONSUMER) timestamp=9339 ms, used_size=13457408 bytes (32.9%)
(RDMA_READ_CONSUME_CHECK_CONSUMER) timestamp=9339 ms, used_size=13455360 bytes (32.9%)
(RDMA_READ_CONSUME_CHECK_CONSUMER) timestamp=9339 ms, used_size=13453312 bytes (32.8%)
(RDMA_READ_CONSUME_CHECK_CONSUMER) timestamp=9339 ms, used_size=13451264 bytes (32.8%)
(RDMA_READ_CONSUME_CHECK_CONSUMER) timestamp=9339 ms, used_size=13449216 bytes (32.8%)
(RDMA_READ_CONSUME_CHECK_CONSUMER) timestamp=9339 ms, used_size=13447168 bytes (32.8%)
(RDMA_READ_CONSUME_CHECK_CONSUMER) timestamp=9339 ms, used_size=13445120 bytes (32.8%)
(RDMA_READ_CONSUME_CHECK_CONSUMER) timestamp=9339 ms, used_size=13443072 bytes (32.8%)
(RDMA_READ_CONSUME_CHECK_CONSUMER) timestamp=9339 ms, used_size=13441024 bytes (32.8%)
(RDMA_READ_CONSUME_CHECK_CONSUMER) timestamp=9339 ms, used_size=13438976 bytes (32.8%)
(RDMA_READ_CONSUME_CHECK_CONSUMER) timestamp=9339 ms, used_size=13436928 bytes (32.8%)
(RDMA_READ_CONSUME_CHECK_CONSUMER) timestamp=9339 ms, used_size=13434880 bytes (32.8%)
(RDMA_READ_CONSUME_CHECK_CONSUMER) timestamp=9339 ms, used_size=13432832 bytes (32.8%)
(RDMA_READ_CONSUME_CHECK_CONSUMER) timestamp=9339 ms, used_size=13430784 bytes (32.8%)
(RDMA_READ_CONSUME_CHECK_CONSUMER) timestamp=9339 ms, used_size=13428736 bytes (32.8%)
(RDMA_READ_CONSUME_CHECK_CONSUMER) timestamp=9339 ms, used_size=13426688 bytes (32.8%)
(RDMA_READ_CONSUME_CHECK_CONSUMER) timestamp=9339 ms, used_size=13424640 bytes (32.8%)
(RDMA_READ_CONSUME_CHECK_CONSUMER) timestamp=9339 ms, used_size=13422592 bytes (32.8%)
(RDMA_READ_CONSUME_CHECK_CONSUMER) timestamp=9339 ms, used_size=13420544 bytes (32.8%)
(RDMA_READ_CONSUME_CHECK_CONSUMER) timestamp=9339 ms, used_size=13418496 bytes (32.8%)
(RDMA_READ_CONSUME_CHECK_CONSUMER) timestamp=9339 ms, used_size=13416448 bytes (32.8%)
(RDMA_READ_CONSUME_CHECK_CONSUMER) timestamp=9339 ms, used_size=13414400 bytes (32.8%)
(RDMA_READ_CONSUME_CHECK_CONSUMER) timestamp=9339 ms, used_size=13412352 bytes (32.7%)
(RDMA_READ_CONSUME_CHECK_CONSUMER) timestamp=9339 ms, used_size=13410304 bytes (32.7%)
(RDMA_READ_CONSUME_CHECK_CONSUMER) timestamp=9339 ms, used_size=13408256 bytes (32.7%)
(RDMA_READ_CONSUME_CHECK_CONSUMER) timestamp=9339 ms, used_size=13406208 bytes (32.7%)
(RDMA_READ_CONSUME_CHECK_CONSUMER) timestamp=9339 ms, used_size=13404160 bytes (32.7%)
(RDMA_READ_CONSUME_CHECK_CONSUMER) timestamp=9339 ms, used_size=13402112 bytes (32.7%)
(RDMA_READ_CONSUME_CHECK_CONSUMER) timestamp=9339 ms, used_size=13400064 bytes (32.7%)
(RDMA_READ_CONSUME_CHECK_CONSUMER) timestamp=9339 ms, used_size=13398016 bytes (32.7%)
(RDMA_READ_CONSUME_CHECK_CONSUMER) timestamp=9339 ms, used_size=13395968 bytes (32.7%)
(RDMA_READ_CONSUME_CHECK_CONSUMER) timestamp=9339 ms, used_size=13393920 bytes (32.7%)
(RDMA_READ_CONSUME_CHECK_CONSUMER) timestamp=9339 ms, used_size=13391872 bytes (32.7%)
(RDMA_READ_CONSUME_CHECK_CONSUMER) timestamp=9339 ms, used_size=13389824 bytes (32.7%)
(RDMA_READ_CONSUME_CHECK_CONSUMER) timestamp=9339 ms, used_size=13387776 bytes (32.7%)
(RDMA_READ_CONSUME_CHECK_CONSUMER) timestamp=9339 ms, used_size=13385728 bytes (32.7%)
(RDMA_READ_CONSUME_CHECK_CONSUMER) timestamp=9339 ms, used_size=13383680 bytes (32.7%)
(RDMA_READ_CONSUME_CHECK_CONSUMER) timestamp=9339 ms, used_size=13381632 bytes (32.7%)
(RDMA_READ_CONSUME_CHECK_CONSUMER) timestamp=9339 ms, used_size=13379584 bytes (32.7%)
(RDMA_READ_CONSUME_CHECK_CONSUMER) timestamp=9339 ms, used_size=13377536 bytes (32.7%)
(RDMA_READ_CONSUME_CHECK_CONSUMER) timestamp=9339 ms, used_size=13375488 bytes (32.7%)
(RDMA_READ_CONSUME_CHECK_CONSUMER) timestamp=9339 ms, used_size=13373440 bytes (32.6%)
(RDMA_READ_CONSUME_CHECK_CONSUMER) timestamp=9339 ms, used_size=13371392 bytes (32.6%)
(RDMA_READ_CONSUME_CHECK_CONSUMER) timestamp=9339 ms, used_size=13369344 bytes (32.6%)
(RDMA_READ_CONSUME_CHECK_CONSUMER) timestamp=9339 ms, used_size=13367296 bytes (32.6%)
(RDMA_READ_CONSUME_CHECK_CONSUMER) timestamp=9339 ms, used_size=13365248 bytes (32.6%)
(RDMA_READ_CONSUME_CHECK_CONSUMER) timestamp=9339 ms, used_size=13363200 bytes (32.6%)
(RDMA_READ_CONSUME_CHECK_CONSUMER) timestamp=9339 ms, used_size=13361152 bytes (32.6%)
(RDMA_READ_CONSUME_CHECK_CONSUMER) timestamp=9339 ms, used_size=13359104 bytes (32.6%)
(RDMA_READ_CONSUME_CHECK_CONSUMER) timestamp=9339 ms, used_size=13357056 bytes (32.6%)
(RDMA_READ_CONSUME_CHECK_CONSUMER) timestamp=9339 ms, used_size=13355008 bytes (32.6%)
(RDMA_READ_CONSUME_CHECK_CONSUMER) timestamp=9339 ms, used_size=13352960 bytes (32.6%)
(RDMA_READ_CONSUME_CHECK_CONSUMER) timestamp=9339 ms, used_size=13350912 bytes (32.6%)
(RDMA_READ_CONSUME_CHECK_CONSUMER) timestamp=9339 ms, used_size=13348864 bytes (32.6%)
(RDMA_READ_CONSUME_CHECK_CONSUMER) timestamp=9339 ms, used_size=13346816 bytes (32.6%)
(RDMA_READ_CONSUME_CHECK_CONSUMER) timestamp=9339 ms, used_size=13344768 bytes (32.6%)
(RDMA_READ_CONSUME_CHECK_CONSUMER) timestamp=9339 ms, used_size=13342720 bytes (32.6%)
(RDMA_READ_CONSUME_CHECK_CONSUMER) timestamp=9339 ms, used_size=13340672 bytes (32.6%)
(RDMA_READ_CONSUME_CHECK_CONSUMER) timestamp=9339 ms, used_size=13338624 bytes (32.6%)
(RDMA_READ_CONSUME_CHECK_CONSUMER) timestamp=9339 ms, used_size=13336576 bytes (32.6%)
(RDMA_READ_CONSUME_CHECK_CONSUMER) timestamp=9339 ms, used_size=13334528 bytes (32.6%)
(RDMA_READ_CONSUME_CHECK_CONSUMER) timestamp=9339 ms, used_size=13332480 bytes (32.5%)
(RDMA_READ_CONSUME_CHECK_CONSUMER) timestamp=9339 ms, used_size=13330432 bytes (32.5%)
(RDMA_READ_CONSUME_CHECK_CONSUMER) timestamp=9339 ms, used_size=13328384 bytes (32.5%)
(RDMA_READ_CONSUME_CHECK_CONSUMER) timestamp=9339 ms, used_size=13326336 bytes (32.5%)
(RDMA_READ_CONSUME_CHECK_CONSUMER) timestamp=9339 ms, used_size=13324288 bytes (32.5%)
(RDMA_READ_CONSUME_CHECK_CONSUMER) timestamp=9339 ms, used_size=13322240 bytes (32.5%)
(RDMA_READ_CONSUME_CHECK_CONSUMER) timestamp=9339 ms, used_size=13320192 bytes (32.5%)
(RDMA_READ_CONSUME_CHECK_CONSUMER) timestamp=9339 ms, used_size=13318144 bytes (32.5%)
(RDMA_READ_CONSUME_CHECK_CONSUMER) timestamp=9339 ms, used_size=13316096 bytes (32.5%)
(RDMA_READ_CONSUME_CHECK_CONSUMER) timestamp=9339 ms, used_size=13314048 bytes (32.5%)
(RDMA_READ_CONSUME_CHECK_CONSUMER) timestamp=9339 ms, used_size=13312000 bytes (32.5%)
(RDMA_READ_CONSUME_CHECK_CONSUMER) timestamp=9339 ms, used_size=13309952 bytes (32.5%)
(RDMA_READ_CONSUME_CHECK_CONSUMER) timestamp=9339 ms, used_size=13307904 bytes (32.5%)
(RDMA_READ_CONSUME_CHECK_CONSUMER) timestamp=9339 ms, used_size=13305856 bytes (32.5%)
(RDMA_READ_CONSUME_CHECK_CONSUMER) timestamp=9339 ms, used_size=13303808 bytes (32.5%)
(RDMA_READ_CONSUME_CHECK_CONSUMER) timestamp=9339 ms, used_size=13301760 bytes (32.5%)
(RDMA_READ_CONSUME_CHECK_CONSUMER) timestamp=9339 ms, used_size=13299712 bytes (32.5%)
(RDMA_READ_CONSUME_CHECK_CONSUMER) timestamp=9340 ms, used_size=13297664 bytes (32.5%)
(RDMA_READ_CONSUME_CHECK_CONSUMER) timestamp=9340 ms, used_size=13295616 bytes (32.5%)
(RDMA_READ_CONSUME_CHECK_CONSUMER) timestamp=9340 ms, used_size=13293568 bytes (32.5%)
(RDMA_READ_CONSUME_CHECK_CONSUMER) timestamp=9340 ms, used_size=13291520 bytes (32.5%)
(RDMA_READ_CONSUME_CHECK_CONSUMER) timestamp=9340 ms, used_size=13289472 bytes (32.4%)
(RDMA_READ_CONSUME_CHECK_CONSUMER) timestamp=9340 ms, used_size=13287424 bytes (32.4%)
(RDMA_READ_CONSUME_CHECK_CONSUMER) timestamp=9340 ms, used_size=13285376 bytes (32.4%)
(RDMA_READ_CONSUME_CHECK_CONSUMER) timestamp=9340 ms, used_size=13283328 bytes (32.4%)
(RDMA_READ_CONSUME_CHECK_CONSUMER) timestamp=9340 ms, used_size=13281280 bytes (32.4%)
(RDMA_READ_CONSUME_CHECK_CONSUMER) timestamp=9340 ms, used_size=13279232 bytes (32.4%)
(RDMA_READ_CONSUME_CHECK_CONSUMER) timestamp=9340 ms, used_size=13277184 bytes (32.4%)
(RDMA_READ_CONSUME_CHECK_CONSUMER) timestamp=9340 ms, used_size=13275136 bytes (32.4%)
(RDMA_READ_CONSUME_CHECK_CONSUMER) timestamp=9340 ms, used_size=13273088 bytes (32.4%)
(RDMA_READ_CONSUME_CHECK_CONSUMER) timestamp=9340 ms, used_size=13271040 bytes (32.4%)
(RDMA_READ_CONSUME_CHECK_CONSUMER) timestamp=9340 ms, used_size=13268992 bytes (32.4%)
(RDMA_READ_CONSUME_CHECK_CONSUMER) timestamp=9340 ms, used_size=13266944 bytes (32.4%)
(RDMA_READ_CONSUME_CHECK_CONSUMER) timestamp=9340 ms, used_size=13264896 bytes (32.4%)
(RDMA_READ_CONSUME_CHECK_CONSUMER) timestamp=9340 ms, used_size=13262848 bytes (32.4%)
(RDMA_READ_CONSUME_CHECK_CONSUMER) timestamp=9340 ms, used_size=13260800 bytes (32.4%)
(RDMA_READ_CONSUME_CHECK_CONSUMER) timestamp=9340 ms, used_size=13258752 bytes (32.4%)
(RDMA_READ_CONSUME_CHECK_CONSUMER) timestamp=9340 ms, used_size=13256704 bytes (32.4%)
(RDMA_READ_CONSUME_CHECK_CONSUMER) timestamp=9340 ms, used_size=13254656 bytes (32.4%)
(RDMA_READ_CONSUME_CHECK_CONSUMER) timestamp=9340 ms, used_size=13252608 bytes (32.4%)
(RDMA_READ_CONSUME_CHECK_CONSUMER) timestamp=9340 ms, used_size=13250560 bytes (32.4%)
(RDMA_READ_CONSUME_CHECK_CONSUMER) timestamp=9340 ms, used_size=13248512 bytes (32.3%)
(RDMA_READ_CONSUME_CHECK_CONSUMER) timestamp=9340 ms, used_size=13246464 bytes (32.3%)
(RDMA_READ_CONSUME_CHECK_CONSUMER) timestamp=9340 ms, used_size=13244416 bytes (32.3%)
(RDMA_READ_CONSUME_CHECK_CONSUMER) timestamp=9340 ms, used_size=13242368 bytes (32.3%)
(RDMA_READ_CONSUME_CHECK_CONSUMER) timestamp=9340 ms, used_size=13240320 bytes (32.3%)
(RDMA_READ_CONSUME_CHECK_CONSUMER) timestamp=9340 ms, used_size=13238272 bytes (32.3%)
(RDMA_READ_CONSUME_CHECK_CONSUMER) timestamp=9340 ms, used_size=13236224 bytes (32.3%)
(RDMA_READ_CONSUME_CHECK_CONSUMER) timestamp=9340 ms, used_size=13234176 bytes (32.3%)
(RDMA_READ_CONSUME_CHECK_CONSUMER) timestamp=9340 ms, used_size=13232128 bytes (32.3%)
(RDMA_READ_CONSUME_CHECK_CONSUMER) timestamp=9340 ms, used_size=13230080 bytes (32.3%)
(RDMA_READ_CONSUME_CHECK_CONSUMER) timestamp=9340 ms, used_size=13228032 bytes (32.3%)
(RDMA_READ_CONSUME_CHECK_CONSUMER) timestamp=9340 ms, used_size=13225984 bytes (32.3%)
(RDMA_READ_CONSUME_CHECK_CONSUMER) timestamp=9340 ms, used_size=13223936 bytes (32.3%)
(RDMA_READ_CONSUME_CHECK_CONSUMER) timestamp=9340 ms, used_size=13221888 bytes (32.3%)
(RDMA_READ_CONSUME_CHECK_CONSUMER) timestamp=9340 ms, used_size=13219840 bytes (32.3%)
(RDMA_READ_CONSUME_CHECK_CONSUMER) timestamp=9340 ms, used_size=13217792 bytes (32.3%)
(RDMA_READ_CONSUME_CHECK_CONSUMER) timestamp=9340 ms, used_size=13215744 bytes (32.3%)
(RDMA_READ_CONSUME_CHECK_CONSUMER) timestamp=9340 ms, used_size=13213696 bytes (32.3%)
(RDMA_READ_CONSUME_CHECK_CONSUMER) timestamp=9340 ms, used_size=13211648 bytes (32.3%)
(RDMA_READ_CONSUME_CHECK_CONSUMER) timestamp=9340 ms, used_size=13209600 bytes (32.2%)
(RDMA_READ_CONSUME_CHECK_CONSUMER) timestamp=9340 ms, used_size=13207552 bytes (32.2%)
(RDMA_READ_CONSUME_CHECK_CONSUMER) timestamp=9340 ms, used_size=13205504 bytes (32.2%)
(RDMA_READ_CONSUME_CHECK_CONSUMER) timestamp=9340 ms, used_size=13203456 bytes (32.2%)
(RDMA_READ_CONSUME_CHECK_CONSUMER) timestamp=9340 ms, used_size=13201408 bytes (32.2%)
(RDMA_READ_CONSUME_CHECK_CONSUMER) timestamp=9340 ms, used_size=13199360 bytes (32.2%)
(RDMA_READ_CONSUME_CHECK_CONSUMER) timestamp=9340 ms, used_size=13197312 bytes (32.2%)
(RDMA_READ_CONSUME_CHECK_CONSUMER) timestamp=9340 ms, used_size=13195264 bytes (32.2%)
(RDMA_READ_CONSUME_CHECK_CONSUMER) timestamp=9340 ms, used_size=13193216 bytes (32.2%)
(RDMA_READ_CONSUME_CHECK_CONSUMER) timestamp=9340 ms, used_size=13191168 bytes (32.2%)
(RDMA_READ_CONSUME_CHECK_CONSUMER) timestamp=9340 ms, used_size=13189120 bytes (32.2%)
(RDMA_READ_CONSUME_CHECK_CONSUMER) timestamp=9340 ms, used_size=13187072 bytes (32.2%)
(RDMA_READ_CONSUME_CHECK_CONSUMER) timestamp=9340 ms, used_size=13185024 bytes (32.2%)
(RDMA_READ_CONSUME_CHECK_CONSUMER) timestamp=9340 ms, used_size=13182976 bytes (32.2%)
(RDMA_READ_CONSUME_CHECK_CONSUMER) timestamp=9340 ms, used_size=13180928 bytes (32.2%)
(RDMA_READ_CONSUME_CHECK_CONSUMER) timestamp=9340 ms, used_size=13178880 bytes (32.2%)
(RDMA_READ_CONSUME_CHECK_CONSUMER) timestamp=9340 ms, used_size=13176832 bytes (32.2%)
(RDMA_READ_CONSUME_CHECK_CONSUMER) timestamp=9340 ms, used_size=13174784 bytes (32.2%)
(RDMA_READ_CONSUME_CHECK_CONSUMER) timestamp=9340 ms, used_size=13172736 bytes (32.2%)
(RDMA_READ_CONSUME_CHECK_CONSUMER) timestamp=9340 ms, used_size=13170688 bytes (32.2%)
(RDMA_READ_CONSUME_CHECK_CONSUMER) timestamp=9340 ms, used_size=13168640 bytes (32.1%)
(RDMA_READ_CONSUME_CHECK_CONSUMER) timestamp=9340 ms, used_size=13166592 bytes (32.1%)
(RDMA_READ_CONSUME_CHECK_CONSUMER) timestamp=9340 ms, used_size=13164544 bytes (32.1%)
(RDMA_READ_CONSUME_CHECK_CONSUMER) timestamp=9340 ms, used_size=13162496 bytes (32.1%)
(RDMA_READ_CONSUME_CHECK_CONSUMER) timestamp=9340 ms, used_size=13160448 bytes (32.1%)
(RDMA_READ_CONSUME_CHECK_CONSUMER) timestamp=9340 ms, used_size=13158400 bytes (32.1%)
(RDMA_READ_CONSUME_CHECK_CONSUMER) timestamp=9340 ms, used_size=13156352 bytes (32.1%)
(RDMA_READ_CONSUME_CHECK_CONSUMER) timestamp=9340 ms, used_size=13154304 bytes (32.1%)
(RDMA_READ_CONSUME_CHECK_CONSUMER) timestamp=9340 ms, used_size=13152256 bytes (32.1%)
(RDMA_READ_CONSUME_CHECK_CONSUMER) timestamp=9340 ms, used_size=13150208 bytes (32.1%)
(RDMA_READ_CONSUME_CHECK_CONSUMER) timestamp=9340 ms, used_size=13148160 bytes (32.1%)
(RDMA_READ_CONSUME_CHECK_CONSUMER) timestamp=9340 ms, used_size=13146112 bytes (32.1%)
(RDMA_READ_CONSUME_CHECK_CONSUMER) timestamp=9340 ms, used_size=13144064 bytes (32.1%)
(RDMA_READ_CONSUME_CHECK_CONSUMER) timestamp=9340 ms, used_size=13142016 bytes (32.1%)
(RDMA_READ_CONSUME_CHECK_CONSUMER) timestamp=9340 ms, used_size=13139968 bytes (32.1%)
(RDMA_READ_CONSUME_CHECK_CONSUMER) timestamp=9340 ms, used_size=13137920 bytes (32.1%)
(RDMA_READ_CONSUME_CHECK_CONSUMER) timestamp=9340 ms, used_size=13135872 bytes (32.1%)
(RDMA_READ_CONSUME_CHECK_CONSUMER) timestamp=9340 ms, used_size=13133824 bytes (32.1%)
(RDMA_READ_CONSUME_CHECK_CONSUMER) timestamp=9340 ms, used_size=13131776 bytes (32.1%)
(RDMA_READ_CONSUME_CHECK_CONSUMER) timestamp=9340 ms, used_size=13129728 bytes (32.1%)
(RDMA_READ_CONSUME_CHECK_CONSUMER) timestamp=9340 ms, used_size=13127680 bytes (32.0%)
(RDMA_READ_CONSUME_CHECK_CONSUMER) timestamp=9340 ms, used_size=13125632 bytes (32.0%)
(RDMA_READ_CONSUME_CHECK_CONSUMER) timestamp=9340 ms, used_size=13123584 bytes (32.0%)
(RDMA_READ_CONSUME_CHECK_CONSUMER) timestamp=9340 ms, used_size=13121536 bytes (32.0%)
(RDMA_READ_CONSUME_CHECK_CONSUMER) timestamp=9340 ms, used_size=13119488 bytes (32.0%)
(RDMA_READ_CONSUME_CHECK_CONSUMER) timestamp=9340 ms, used_size=13117440 bytes (32.0%)
(RDMA_READ_CONSUME_CHECK_CONSUMER) timestamp=9340 ms, used_size=13115392 bytes (32.0%)
(RDMA_READ_CONSUME_CHECK_CONSUMER) timestamp=9340 ms, used_size=13113344 bytes (32.0%)
(RDMA_READ_CONSUME_CHECK_CONSUMER) timestamp=9340 ms, used_size=13111296 bytes (32.0%)
(RDMA_READ_CONSUME_CHECK_CONSUMER) timestamp=9340 ms, used_size=13109248 bytes (32.0%)
(RDMA_READ_CONSUME_CHECK_CONSUMER) timestamp=9340 ms, used_size=13107200 bytes (32.0%)
(RDMA_READ_CONSUME_CHECK_CONSUMER) timestamp=9340 ms, used_size=13105152 bytes (32.0%)
(RDMA_READ_CONSUME_CHECK_CONSUMER) timestamp=9340 ms, used_size=13103104 bytes (32.0%)
(RDMA_READ_CONSUME_CHECK_CONSUMER) timestamp=9340 ms, used_size=13101056 bytes (32.0%)
(RDMA_READ_CONSUME_CHECK_CONSUMER) timestamp=9340 ms, used_size=13099008 bytes (32.0%)
(RDMA_READ_CONSUME_CHECK_CONSUMER) timestamp=9340 ms, used_size=13096960 bytes (32.0%)
(RDMA_READ_CONSUME_CHECK_CONSUMER) timestamp=9340 ms, used_size=13094912 bytes (32.0%)
(RDMA_READ_CONSUME_CHECK_CONSUMER) timestamp=9340 ms, used_size=13092864 bytes (32.0%)
(RDMA_READ_CONSUME_CHECK_CONSUMER) timestamp=9340 ms, used_size=13090816 bytes (32.0%)
(RDMA_READ_CONSUME_CHECK_CONSUMER) timestamp=9340 ms, used_size=13088768 bytes (32.0%)
(RDMA_READ_CONSUME_CHECK_CONSUMER) timestamp=9340 ms, used_size=13086720 bytes (31.9%)
(RDMA_READ_CONSUME_CHECK_CONSUMER) timestamp=9340 ms, used_size=13084672 bytes (31.9%)
(RDMA_READ_CONSUME_CHECK_CONSUMER) timestamp=9340 ms, used_size=13082624 bytes (31.9%)
(RDMA_READ_CONSUME_CHECK_CONSUMER) timestamp=9340 ms, used_size=13080576 bytes (31.9%)
(RDMA_READ_CONSUME_CHECK_CONSUMER) timestamp=9340 ms, used_size=13078528 bytes (31.9%)
(RDMA_READ_CONSUME_CHECK_CONSUMER) timestamp=9340 ms, used_size=13076480 bytes (31.9%)
(RDMA_READ_CONSUME_CHECK_CONSUMER) timestamp=9340 ms, used_size=13074432 bytes (31.9%)
(RDMA_READ_CONSUME_CHECK_CONSUMER) timestamp=9340 ms, used_size=13072384 bytes (31.9%)
(RDMA_READ_CONSUME_CHECK_CONSUMER) timestamp=9340 ms, used_size=13070336 bytes (31.9%)
(RDMA_READ_CONSUME_CHECK_CONSUMER) timestamp=9340 ms, used_size=13068288 bytes (31.9%)
(RDMA_READ_CONSUME_CHECK_CONSUMER) timestamp=9340 ms, used_size=13066240 bytes (31.9%)
(RDMA_READ_CONSUME_CHECK_CONSUMER) timestamp=9340 ms, used_size=13064192 bytes (31.9%)
(RDMA_READ_CONSUME_CHECK_CONSUMER) timestamp=9340 ms, used_size=13062144 bytes (31.9%)
(RDMA_READ_CONSUME_CHECK_CONSUMER) timestamp=9340 ms, used_size=13060096 bytes (31.9%)
(RDMA_READ_CONSUME_CHECK_CONSUMER) timestamp=9340 ms, used_size=13058048 bytes (31.9%)
(RDMA_READ_CONSUME_CHECK_CONSUMER) timestamp=9340 ms, used_size=13056000 bytes (31.9%)
(RDMA_READ_CONSUME_CHECK_CONSUMER) timestamp=9340 ms, used_size=13053952 bytes (31.9%)
(RDMA_READ_CONSUME_CHECK_CONSUMER) timestamp=9340 ms, used_size=13051904 bytes (31.9%)
(RDMA_READ_CONSUME_CHECK_CONSUMER) timestamp=9340 ms, used_size=13049856 bytes (31.9%)
(RDMA_READ_CONSUME_CHECK_CONSUMER) timestamp=9340 ms, used_size=13047808 bytes (31.9%)
(RDMA_READ_CONSUME_CHECK_CONSUMER) timestamp=9340 ms, used_size=13045760 bytes (31.9%)
(RDMA_READ_CONSUME_CHECK_CONSUMER) timestamp=9340 ms, used_size=13043712 bytes (31.8%)
(RDMA_READ_CONSUME_CHECK_CONSUMER) timestamp=9340 ms, used_size=13041664 bytes (31.8%)
(RDMA_READ_CONSUME_CHECK_CONSUMER) timestamp=9340 ms, used_size=13039616 bytes (31.8%)
(RDMA_READ_CONSUME_CHECK_CONSUMER) timestamp=9340 ms, used_size=13037568 bytes (31.8%)
(RDMA_READ_CONSUME_CHECK_CONSUMER) timestamp=9340 ms, used_size=13035520 bytes (31.8%)
(RDMA_READ_CONSUME_CHECK_CONSUMER) timestamp=9340 ms, used_size=13033472 bytes (31.8%)
(RDMA_READ_CONSUME_CHECK_CONSUMER) timestamp=9340 ms, used_size=13031424 bytes (31.8%)
(RDMA_READ_CONSUME_CHECK_CONSUMER) timestamp=9340 ms, used_size=13029376 bytes (31.8%)
(RDMA_READ_CONSUME_CHECK_CONSUMER) timestamp=9340 ms, used_size=13027328 bytes (31.8%)
(RDMA_READ_CONSUME_CHECK_CONSUMER) timestamp=9340 ms, used_size=13025280 bytes (31.8%)
(RDMA_READ_CONSUME_CHECK_CONSUMER) timestamp=9340 ms, used_size=13023232 bytes (31.8%)
(RDMA_READ_CONSUME_CHECK_CONSUMER) timestamp=9340 ms, used_size=13021184 bytes (31.8%)
(RDMA_READ_CONSUME_CHECK_CONSUMER) timestamp=9340 ms, used_size=13019136 bytes (31.8%)
(RDMA_READ_CONSUME_CHECK_CONSUMER) timestamp=9340 ms, used_size=13017088 bytes (31.8%)
(RDMA_READ_CONSUME_CHECK_CONSUMER) timestamp=9340 ms, used_size=13015040 bytes (31.8%)
(RDMA_READ_CONSUME_CHECK_CONSUMER) timestamp=9340 ms, used_size=13012992 bytes (31.8%)
(RDMA_READ_CONSUME_CHECK_CONSUMER) timestamp=9340 ms, used_size=13010944 bytes (31.8%)
(RDMA_READ_CONSUME_CHECK_CONSUMER) timestamp=9340 ms, used_size=13008896 bytes (31.8%)
(RDMA_READ_CONSUME_CHECK_CONSUMER) timestamp=9340 ms, used_size=13006848 bytes (31.8%)
(RDMA_READ_CONSUME_CHECK_CONSUMER) timestamp=9340 ms, used_size=13004800 bytes (31.8%)
(RDMA_READ_CONSUME_CHECK_CONSUMER) timestamp=9340 ms, used_size=13002752 bytes (31.7%)
(RDMA_READ_CONSUME_CHECK_CONSUMER) timestamp=9340 ms, used_size=13000704 bytes (31.7%)
(RDMA_READ_CONSUME_CHECK_CONSUMER) timestamp=9340 ms, used_size=12998656 bytes (31.7%)
(RDMA_READ_CONSUME_CHECK_CONSUMER) timestamp=9340 ms, used_size=12996608 bytes (31.7%)
(RDMA_READ_CONSUME_CHECK_CONSUMER) timestamp=9340 ms, used_size=12994560 bytes (31.7%)
(RDMA_READ_CONSUME_CHECK_CONSUMER) timestamp=9340 ms, used_size=12992512 bytes (31.7%)
(RDMA_READ_CONSUME_CHECK_CONSUMER) timestamp=9340 ms, used_size=12990464 bytes (31.7%)
(RDMA_READ_CONSUME_CHECK_CONSUMER) timestamp=9340 ms, used_size=12988416 bytes (31.7%)
(RDMA_READ_CONSUME_CHECK_CONSUMER) timestamp=9340 ms, used_size=12986368 bytes (31.7%)
(RDMA_READ_CONSUME_CHECK_CONSUMER) timestamp=9340 ms, used_size=12984320 bytes (31.7%)
(RDMA_READ_CONSUME_CHECK_CONSUMER) timestamp=9340 ms, used_size=12982272 bytes (31.7%)
(RDMA_READ_CONSUME_CHECK_CONSUMER) timestamp=9340 ms, used_size=12980224 bytes (31.7%)
(RDMA_READ_CONSUME_CHECK_CONSUMER) timestamp=9340 ms, used_size=12978176 bytes (31.7%)
(RDMA_READ_CONSUME_CHECK_CONSUMER) timestamp=9340 ms, used_size=12976128 bytes (31.7%)
(RDMA_READ_CONSUME_CHECK_CONSUMER) timestamp=9340 ms, used_size=12974080 bytes (31.7%)
(RDMA_READ_CONSUME_CHECK_CONSUMER) timestamp=9340 ms, used_size=12972032 bytes (31.7%)
(RDMA_READ_CONSUME_CHECK_CONSUMER) timestamp=9340 ms, used_size=12969984 bytes (31.7%)
(RDMA_READ_CONSUME_CHECK_CONSUMER) timestamp=9340 ms, used_size=12967936 bytes (31.7%)
(RDMA_READ_CONSUME_CHECK_CONSUMER) timestamp=9340 ms, used_size=12965888 bytes (31.7%)
(RDMA_READ_CONSUME_CHECK_CONSUMER) timestamp=9340 ms, used_size=12963840 bytes (31.6%)
(RDMA_READ_CONSUME_CHECK_CONSUMER) timestamp=9340 ms, used_size=12961792 bytes (31.6%)
(RDMA_READ_CONSUME_CHECK_CONSUMER) timestamp=9340 ms, used_size=12959744 bytes (31.6%)
(RDMA_READ_CONSUME_CHECK_CONSUMER) timestamp=9340 ms, used_size=12957696 bytes (31.6%)
(RDMA_READ_CONSUME_CHECK_CONSUMER) timestamp=9340 ms, used_size=12955648 bytes (31.6%)
(RDMA_READ_CONSUME_CHECK_CONSUMER) timestamp=9340 ms, used_size=12953600 bytes (31.6%)
(RDMA_READ_CONSUME_CHECK_CONSUMER) timestamp=9340 ms, used_size=12951552 bytes (31.6%)
(RDMA_READ_CONSUME_CHECK_CONSUMER) timestamp=9340 ms, used_size=12949504 bytes (31.6%)
(RDMA_READ_CONSUME_CHECK_CONSUMER) timestamp=9340 ms, used_size=12947456 bytes (31.6%)
(RDMA_READ_CONSUME_CHECK_CONSUMER) timestamp=9340 ms, used_size=12945408 bytes (31.6%)
(RDMA_READ_CONSUME_CHECK_CONSUMER) timestamp=9340 ms, used_size=12943360 bytes (31.6%)
(RDMA_READ_CONSUME_CHECK_CONSUMER) timestamp=9340 ms, used_size=12941312 bytes (31.6%)
(RDMA_READ_CONSUME_CHECK_CONSUMER) timestamp=9340 ms, used_size=12939264 bytes (31.6%)
(RDMA_READ_CONSUME_CHECK_CONSUMER) timestamp=9340 ms, used_size=12937216 bytes (31.6%)
(RDMA_READ_CONSUME_CHECK_CONSUMER) timestamp=9340 ms, used_size=12935168 bytes (31.6%)
(RDMA_READ_CONSUME_CHECK_CONSUMER) timestamp=9340 ms, used_size=12933120 bytes (31.6%)
(RDMA_READ_CONSUME_CHECK_CONSUMER) timestamp=9340 ms, used_size=12931072 bytes (31.6%)
(RDMA_READ_CONSUME_CHECK_CONSUMER) timestamp=9340 ms, used_size=12929024 bytes (31.6%)
(RDMA_READ_CONSUME_CHECK_CONSUMER) timestamp=9341 ms, used_size=12926976 bytes (31.6%)
(RDMA_READ_CONSUME_CHECK_CONSUMER) timestamp=9341 ms, used_size=12924928 bytes (31.6%)
(RDMA_READ_CONSUME_CHECK_CONSUMER) timestamp=9341 ms, used_size=12922880 bytes (31.6%)
(RDMA_READ_CONSUME_CHECK_CONSUMER) timestamp=9341 ms, used_size=12920832 bytes (31.5%)
(RDMA_READ_CONSUME_CHECK_CONSUMER) timestamp=9341 ms, used_size=12918784 bytes (31.5%)
(RDMA_READ_CONSUME_CHECK_CONSUMER) timestamp=9341 ms, used_size=12916736 bytes (31.5%)
(RDMA_READ_CONSUME_CHECK_CONSUMER) timestamp=9341 ms, used_size=12914688 bytes (31.5%)
(RDMA_READ_CONSUME_CHECK_CONSUMER) timestamp=9341 ms, used_size=12912640 bytes (31.5%)
(RDMA_READ_CONSUME_CHECK_CONSUMER) timestamp=9341 ms, used_size=12910592 bytes (31.5%)
(RDMA_READ_CONSUME_CHECK_CONSUMER) timestamp=9341 ms, used_size=12908544 bytes (31.5%)
(RDMA_READ_CONSUME_CHECK_CONSUMER) timestamp=9341 ms, used_size=12906496 bytes (31.5%)
(RDMA_READ_CONSUME_CHECK_CONSUMER) timestamp=9341 ms, used_size=12904448 bytes (31.5%)
(RDMA_READ_CONSUME_CHECK_CONSUMER) timestamp=9341 ms, used_size=12902400 bytes (31.5%)
(RDMA_READ_CONSUME_CHECK_CONSUMER) timestamp=9341 ms, used_size=12900352 bytes (31.5%)
(RDMA_READ_CONSUME_CHECK_CONSUMER) timestamp=9341 ms, used_size=12898304 bytes (31.5%)
(RDMA_READ_CONSUME_CHECK_CONSUMER) timestamp=9341 ms, used_size=12896256 bytes (31.5%)
(RDMA_READ_CONSUME_CHECK_CONSUMER) timestamp=9341 ms, used_size=12894208 bytes (31.5%)
(RDMA_READ_CONSUME_CHECK_CONSUMER) timestamp=9341 ms, used_size=12892160 bytes (31.5%)
(RDMA_READ_CONSUME_CHECK_CONSUMER) timestamp=9341 ms, used_size=12890112 bytes (31.5%)
(RDMA_READ_CONSUME_CHECK_CONSUMER) timestamp=9341 ms, used_size=12888064 bytes (31.5%)
(RDMA_READ_CONSUME_CHECK_CONSUMER) timestamp=9341 ms, used_size=12886016 bytes (31.5%)
(RDMA_READ_CONSUME_CHECK_CONSUMER) timestamp=9341 ms, used_size=12883968 bytes (31.5%)
(RDMA_READ_CONSUME_CHECK_CONSUMER) timestamp=9341 ms, used_size=12881920 bytes (31.4%)
(RDMA_READ_CONSUME_CHECK_CONSUMER) timestamp=9341 ms, used_size=12879872 bytes (31.4%)
(RDMA_READ_CONSUME_CHECK_CONSUMER) timestamp=9341 ms, used_size=12877824 bytes (31.4%)
(RDMA_READ_CONSUME_CHECK_CONSUMER) timestamp=9341 ms, used_size=12875776 bytes (31.4%)
(RDMA_READ_CONSUME_CHECK_CONSUMER) timestamp=9341 ms, used_size=12873728 bytes (31.4%)
(RDMA_READ_CONSUME_CHECK_CONSUMER) timestamp=9341 ms, used_size=12871680 bytes (31.4%)
(RDMA_READ_CONSUME_CHECK_CONSUMER) timestamp=9341 ms, used_size=12869632 bytes (31.4%)
(RDMA_READ_CONSUME_CHECK_CONSUMER) timestamp=9341 ms, used_size=12867584 bytes (31.4%)
(RDMA_READ_CONSUME_CHECK_CONSUMER) timestamp=9341 ms, used_size=12865536 bytes (31.4%)
(RDMA_READ_CONSUME_CHECK_CONSUMER) timestamp=9341 ms, used_size=12863488 bytes (31.4%)
(RDMA_READ_CONSUME_CHECK_CONSUMER) timestamp=9341 ms, used_size=12861440 bytes (31.4%)
(RDMA_READ_CONSUME_CHECK_CONSUMER) timestamp=9341 ms, used_size=12859392 bytes (31.4%)
(RDMA_READ_CONSUME_CHECK_CONSUMER) timestamp=9341 ms, used_size=12857344 bytes (31.4%)
(RDMA_READ_CONSUME_CHECK_CONSUMER) timestamp=9341 ms, used_size=12855296 bytes (31.4%)
(RDMA_READ_CONSUME_CHECK_CONSUMER) timestamp=9341 ms, used_size=12853248 bytes (31.4%)
(RDMA_READ_CONSUME_CHECK_CONSUMER) timestamp=9341 ms, used_size=12851200 bytes (31.4%)
(RDMA_READ_CONSUME_CHECK_CONSUMER) timestamp=9341 ms, used_size=12849152 bytes (31.4%)
(RDMA_READ_CONSUME_CHECK_CONSUMER) timestamp=9341 ms, used_size=12847104 bytes (31.4%)
(RDMA_READ_CONSUME_CHECK_CONSUMER) timestamp=9341 ms, used_size=12845056 bytes (31.4%)
(RDMA_READ_CONSUME_CHECK_CONSUMER) timestamp=9341 ms, used_size=12843008 bytes (31.4%)
(RDMA_READ_CONSUME_CHECK_CONSUMER) timestamp=9341 ms, used_size=12840960 bytes (31.4%)
(RDMA_READ_CONSUME_CHECK_CONSUMER) timestamp=9341 ms, used_size=12838912 bytes (31.3%)
(RDMA_READ_CONSUME_CHECK_CONSUMER) timestamp=9341 ms, used_size=12836864 bytes (31.3%)
(RDMA_READ_CONSUME_CHECK_CONSUMER) timestamp=9341 ms, used_size=12834816 bytes (31.3%)
(RDMA_READ_CONSUME_CHECK_CONSUMER) timestamp=9341 ms, used_size=12832768 bytes (31.3%)
(RDMA_READ_CONSUME_CHECK_CONSUMER) timestamp=9341 ms, used_size=12830720 bytes (31.3%)
(RDMA_READ_CONSUME_CHECK_CONSUMER) timestamp=9341 ms, used_size=12828672 bytes (31.3%)
(RDMA_READ_CONSUME_CHECK_CONSUMER) timestamp=9341 ms, used_size=12826624 bytes (31.3%)
(RDMA_READ_CONSUME_CHECK_CONSUMER) timestamp=9341 ms, used_size=12824576 bytes (31.3%)
(RDMA_READ_CONSUME_CHECK_CONSUMER) timestamp=9341 ms, used_size=12822528 bytes (31.3%)
(RDMA_READ_CONSUME_CHECK_CONSUMER) timestamp=9341 ms, used_size=12820480 bytes (31.3%)
(RDMA_READ_CONSUME_CHECK_CONSUMER) timestamp=9341 ms, used_size=12818432 bytes (31.3%)
(RDMA_READ_CONSUME_CHECK_CONSUMER) timestamp=9341 ms, used_size=12816384 bytes (31.3%)
(RDMA_READ_CONSUME_CHECK_CONSUMER) timestamp=9341 ms, used_size=12814336 bytes (31.3%)
(RDMA_READ_CONSUME_CHECK_CONSUMER) timestamp=9341 ms, used_size=12812288 bytes (31.3%)
(RDMA_READ_CONSUME_CHECK_CONSUMER) timestamp=9341 ms, used_size=12810240 bytes (31.3%)
(RDMA_READ_CONSUME_CHECK_CONSUMER) timestamp=9341 ms, used_size=12808192 bytes (31.3%)
(RDMA_READ_CONSUME_CHECK_CONSUMER) timestamp=9341 ms, used_size=12806144 bytes (31.3%)
(RDMA_READ_CONSUME_CHECK_CONSUMER) timestamp=9341 ms, used_size=12804096 bytes (31.3%)
(RDMA_READ_CONSUME_CHECK_CONSUMER) timestamp=9341 ms, used_size=12802048 bytes (31.3%)
(RDMA_READ_CONSUME_CHECK_CONSUMER) timestamp=9341 ms, used_size=12800000 bytes (31.2%)
(RDMA_READ_CONSUME_CHECK_CONSUMER) timestamp=9341 ms, used_size=12797952 bytes (31.2%)
(RDMA_READ_CONSUME_CHECK_CONSUMER) timestamp=9341 ms, used_size=12795904 bytes (31.2%)
(RDMA_READ_CONSUME_CHECK_CONSUMER) timestamp=9341 ms, used_size=12793856 bytes (31.2%)
(RDMA_READ_CONSUME_CHECK_CONSUMER) timestamp=9341 ms, used_size=12791808 bytes (31.2%)
(RDMA_READ_CONSUME_CHECK_CONSUMER) timestamp=9341 ms, used_size=12789760 bytes (31.2%)
(RDMA_READ_CONSUME_CHECK_CONSUMER) timestamp=9341 ms, used_size=12787712 bytes (31.2%)
(RDMA_READ_CONSUME_CHECK_CONSUMER) timestamp=9341 ms, used_size=12785664 bytes (31.2%)
(RDMA_READ_CONSUME_CHECK_CONSUMER) timestamp=9341 ms, used_size=12783616 bytes (31.2%)
(RDMA_READ_CONSUME_CHECK_CONSUMER) timestamp=9341 ms, used_size=12781568 bytes (31.2%)
(RDMA_READ_CONSUME_CHECK_CONSUMER) timestamp=9341 ms, used_size=12779520 bytes (31.2%)
(RDMA_READ_CONSUME_CHECK_CONSUMER) timestamp=9341 ms, used_size=12777472 bytes (31.2%)
(RDMA_READ_CONSUME_CHECK_CONSUMER) timestamp=9341 ms, used_size=12775424 bytes (31.2%)
(RDMA_READ_CONSUME_CHECK_CONSUMER) timestamp=9341 ms, used_size=12773376 bytes (31.2%)
(RDMA_READ_CONSUME_CHECK_CONSUMER) timestamp=9341 ms, used_size=12771328 bytes (31.2%)
(RDMA_READ_CONSUME_CHECK_CONSUMER) timestamp=9341 ms, used_size=12769280 bytes (31.2%)
(RDMA_READ_CONSUME_CHECK_CONSUMER) timestamp=9341 ms, used_size=12767232 bytes (31.2%)
(RDMA_READ_CONSUME_CHECK_CONSUMER) timestamp=9341 ms, used_size=12765184 bytes (31.2%)
(RDMA_READ_CONSUME_CHECK_CONSUMER) timestamp=9341 ms, used_size=12763136 bytes (31.2%)
(RDMA_READ_CONSUME_CHECK_CONSUMER) timestamp=9341 ms, used_size=12761088 bytes (31.2%)
(RDMA_READ_CONSUME_CHECK_CONSUMER) timestamp=9341 ms, used_size=12759040 bytes (31.1%)
(RDMA_READ_CONSUME_CHECK_CONSUMER) timestamp=9341 ms, used_size=12756992 bytes (31.1%)
(RDMA_READ_CONSUME_CHECK_CONSUMER) timestamp=9341 ms, used_size=12754944 bytes (31.1%)
(RDMA_READ_CONSUME_CHECK_CONSUMER) timestamp=9341 ms, used_size=12752896 bytes (31.1%)
(RDMA_READ_CONSUME_CHECK_CONSUMER) timestamp=9341 ms, used_size=12750848 bytes (31.1%)
(RDMA_READ_CONSUME_CHECK_CONSUMER) timestamp=9341 ms, used_size=12748800 bytes (31.1%)
(RDMA_READ_CONSUME_CHECK_CONSUMER) timestamp=9341 ms, used_size=12746752 bytes (31.1%)
(RDMA_READ_CONSUME_CHECK_CONSUMER) timestamp=9341 ms, used_size=12744704 bytes (31.1%)
(RDMA_READ_CONSUME_CHECK_CONSUMER) timestamp=9341 ms, used_size=12742656 bytes (31.1%)
(RDMA_READ_CONSUME_CHECK_CONSUMER) timestamp=9341 ms, used_size=12740608 bytes (31.1%)
(RDMA_READ_CONSUME_CHECK_CONSUMER) timestamp=9341 ms, used_size=12738560 bytes (31.1%)
(RDMA_READ_CONSUME_CHECK_CONSUMER) timestamp=9341 ms, used_size=12736512 bytes (31.1%)
(RDMA_READ_CONSUME_CHECK_CONSUMER) timestamp=9341 ms, used_size=12734464 bytes (31.1%)
(RDMA_READ_CONSUME_CHECK_CONSUMER) timestamp=9341 ms, used_size=12732416 bytes (31.1%)
(RDMA_READ_CONSUME_CHECK_CONSUMER) timestamp=9341 ms, used_size=12730368 bytes (31.1%)
(RDMA_READ_CONSUME_CHECK_CONSUMER) timestamp=9341 ms, used_size=12728320 bytes (31.1%)
(RDMA_READ_CONSUME_CHECK_CONSUMER) timestamp=9341 ms, used_size=12726272 bytes (31.1%)
(RDMA_READ_CONSUME_CHECK_CONSUMER) timestamp=9341 ms, used_size=12724224 bytes (31.1%)
(RDMA_READ_CONSUME_CHECK_CONSUMER) timestamp=9341 ms, used_size=12722176 bytes (31.1%)
(RDMA_READ_CONSUME_CHECK_CONSUMER) timestamp=9341 ms, used_size=12720128 bytes (31.1%)
(RDMA_READ_CONSUME_CHECK_CONSUMER) timestamp=9341 ms, used_size=12718080 bytes (31.1%)
(RDMA_READ_CONSUME_CHECK_CONSUMER) timestamp=9341 ms, used_size=12716032 bytes (31.0%)
(RDMA_READ_CONSUME_CHECK_CONSUMER) timestamp=9341 ms, used_size=12713984 bytes (31.0%)
(RDMA_READ_CONSUME_CHECK_CONSUMER) timestamp=9341 ms, used_size=12711936 bytes (31.0%)
(RDMA_READ_CONSUME_CHECK_CONSUMER) timestamp=9341 ms, used_size=12709888 bytes (31.0%)
(RDMA_READ_CONSUME_CHECK_CONSUMER) timestamp=9341 ms, used_size=12707840 bytes (31.0%)
(RDMA_READ_CONSUME_CHECK_CONSUMER) timestamp=9341 ms, used_size=12705792 bytes (31.0%)
(RDMA_READ_CONSUME_CHECK_CONSUMER) timestamp=9341 ms, used_size=12703744 bytes (31.0%)
(RDMA_READ_CONSUME_CHECK_CONSUMER) timestamp=9341 ms, used_size=12701696 bytes (31.0%)
(RDMA_READ_CONSUME_CHECK_CONSUMER) timestamp=9341 ms, used_size=12699648 bytes (31.0%)
(RDMA_READ_CONSUME_CHECK_CONSUMER) timestamp=9341 ms, used_size=12697600 bytes (31.0%)
(RDMA_READ_CONSUME_CHECK_CONSUMER) timestamp=9341 ms, used_size=12695552 bytes (31.0%)
(RDMA_READ_CONSUME_CHECK_CONSUMER) timestamp=9341 ms, used_size=12693504 bytes (31.0%)
(RDMA_READ_CONSUME_CHECK_CONSUMER) timestamp=9341 ms, used_size=12691456 bytes (31.0%)
(RDMA_READ_CONSUME_CHECK_CONSUMER) timestamp=9341 ms, used_size=12689408 bytes (31.0%)
(RDMA_READ_CONSUME_CHECK_CONSUMER) timestamp=9341 ms, used_size=12687360 bytes (31.0%)
(RDMA_READ_CONSUME_CHECK_CONSUMER) timestamp=9341 ms, used_size=12685312 bytes (31.0%)
(RDMA_READ_CONSUME_CHECK_CONSUMER) timestamp=9341 ms, used_size=12683264 bytes (31.0%)
(RDMA_READ_CONSUME_CHECK_CONSUMER) timestamp=9341 ms, used_size=12681216 bytes (31.0%)
(RDMA_READ_CONSUME_CHECK_CONSUMER) timestamp=9341 ms, used_size=12679168 bytes (31.0%)
(RDMA_READ_CONSUME_CHECK_CONSUMER) timestamp=9341 ms, used_size=12677120 bytes (30.9%)
(RDMA_READ_CONSUME_CHECK_CONSUMER) timestamp=9341 ms, used_size=12675072 bytes (30.9%)
(RDMA_READ_CONSUME_CHECK_CONSUMER) timestamp=9341 ms, used_size=12673024 bytes (30.9%)
(RDMA_READ_CONSUME_CHECK_CONSUMER) timestamp=9341 ms, used_size=12670976 bytes (30.9%)
(RDMA_READ_CONSUME_CHECK_CONSUMER) timestamp=9341 ms, used_size=12668928 bytes (30.9%)
(RDMA_READ_CONSUME_CHECK_CONSUMER) timestamp=9341 ms, used_size=12666880 bytes (30.9%)
(RDMA_READ_CONSUME_CHECK_CONSUMER) timestamp=9341 ms, used_size=12664832 bytes (30.9%)
(RDMA_READ_CONSUME_CHECK_CONSUMER) timestamp=9341 ms, used_size=12662784 bytes (30.9%)
(RDMA_READ_CONSUME_CHECK_CONSUMER) timestamp=9341 ms, used_size=12660736 bytes (30.9%)
(RDMA_READ_CONSUME_CHECK_CONSUMER) timestamp=9341 ms, used_size=12658688 bytes (30.9%)
(RDMA_READ_CONSUME_CHECK_CONSUMER) timestamp=9341 ms, used_size=12656640 bytes (30.9%)
(RDMA_READ_CONSUME_CHECK_CONSUMER) timestamp=9341 ms, used_size=12654592 bytes (30.9%)
(RDMA_READ_CONSUME_CHECK_CONSUMER) timestamp=9341 ms, used_size=12652544 bytes (30.9%)
(RDMA_READ_CONSUME_CHECK_CONSUMER) timestamp=9341 ms, used_size=12650496 bytes (30.9%)
(RDMA_READ_CONSUME_CHECK_CONSUMER) timestamp=9341 ms, used_size=12648448 bytes (30.9%)
(RDMA_READ_CONSUME_CHECK_CONSUMER) timestamp=9341 ms, used_size=12646400 bytes (30.9%)
(RDMA_READ_CONSUME_CHECK_CONSUMER) timestamp=9341 ms, used_size=12644352 bytes (30.9%)
(RDMA_READ_CONSUME_CHECK_CONSUMER) timestamp=9341 ms, used_size=12642304 bytes (30.9%)
(RDMA_READ_CONSUME_CHECK_CONSUMER) timestamp=9341 ms, used_size=12640256 bytes (30.9%)
(RDMA_READ_CONSUME_CHECK_CONSUMER) timestamp=9341 ms, used_size=12638208 bytes (30.9%)
(RDMA_READ_CONSUME_CHECK_CONSUMER) timestamp=9341 ms, used_size=12636160 bytes (30.9%)
(RDMA_READ_CONSUME_CHECK_CONSUMER) timestamp=9341 ms, used_size=12634112 bytes (30.8%)
(RDMA_READ_CONSUME_CHECK_CONSUMER) timestamp=9341 ms, used_size=12632064 bytes (30.8%)
(RDMA_READ_CONSUME_CHECK_CONSUMER) timestamp=9341 ms, used_size=12630016 bytes (30.8%)
(RDMA_READ_CONSUME_CHECK_CONSUMER) timestamp=9341 ms, used_size=12627968 bytes (30.8%)
(RDMA_READ_CONSUME_CHECK_CONSUMER) timestamp=9341 ms, used_size=12625920 bytes (30.8%)
(RDMA_READ_CONSUME_CHECK_CONSUMER) timestamp=9341 ms, used_size=12623872 bytes (30.8%)
(RDMA_READ_CONSUME_CHECK_CONSUMER) timestamp=9341 ms, used_size=12621824 bytes (30.8%)
(RDMA_READ_CONSUME_CHECK_CONSUMER) timestamp=9341 ms, used_size=12619776 bytes (30.8%)
(RDMA_READ_CONSUME_CHECK_CONSUMER) timestamp=9341 ms, used_size=12617728 bytes (30.8%)
(RDMA_READ_CONSUME_CHECK_CONSUMER) timestamp=9341 ms, used_size=12615680 bytes (30.8%)
(RDMA_READ_CONSUME_CHECK_CONSUMER) timestamp=9341 ms, used_size=12613632 bytes (30.8%)
(RDMA_READ_CONSUME_CHECK_CONSUMER) timestamp=9341 ms, used_size=12611584 bytes (30.8%)
(RDMA_READ_CONSUME_CHECK_CONSUMER) timestamp=9341 ms, used_size=12609536 bytes (30.8%)
(RDMA_READ_CONSUME_CHECK_CONSUMER) timestamp=9341 ms, used_size=12607488 bytes (30.8%)
(RDMA_READ_CONSUME_CHECK_CONSUMER) timestamp=9341 ms, used_size=12605440 bytes (30.8%)
(RDMA_READ_CONSUME_CHECK_CONSUMER) timestamp=9341 ms, used_size=12603392 bytes (30.8%)
(RDMA_READ_CONSUME_CHECK_CONSUMER) timestamp=9341 ms, used_size=12601344 bytes (30.8%)
(RDMA_READ_CONSUME_CHECK_CONSUMER) timestamp=9341 ms, used_size=12599296 bytes (30.8%)
(RDMA_READ_CONSUME_CHECK_CONSUMER) timestamp=9341 ms, used_size=12597248 bytes (30.8%)
(RDMA_READ_CONSUME_CHECK_CONSUMER) timestamp=9341 ms, used_size=12595200 bytes (30.8%)
(RDMA_READ_CONSUME_CHECK_CONSUMER) timestamp=9341 ms, used_size=12593152 bytes (30.7%)
(RDMA_READ_CONSUME_CHECK_CONSUMER) timestamp=9341 ms, used_size=12591104 bytes (30.7%)
(RDMA_READ_CONSUME_CHECK_CONSUMER) timestamp=9341 ms, used_size=12589056 bytes (30.7%)
(RDMA_READ_CONSUME_CHECK_CONSUMER) timestamp=9341 ms, used_size=12587008 bytes (30.7%)
(RDMA_READ_CONSUME_CHECK_CONSUMER) timestamp=9341 ms, used_size=12584960 bytes (30.7%)
(RDMA_READ_CONSUME_CHECK_CONSUMER) timestamp=9341 ms, used_size=12582912 bytes (30.7%)
(RDMA_READ_CONSUME_CHECK_CONSUMER) timestamp=9341 ms, used_size=12580864 bytes (30.7%)
(RDMA_READ_CONSUME_CHECK_CONSUMER) timestamp=9341 ms, used_size=12578816 bytes (30.7%)
(RDMA_READ_CONSUME_CHECK_CONSUMER) timestamp=9341 ms, used_size=12576768 bytes (30.7%)
(RDMA_READ_CONSUME_CHECK_CONSUMER) timestamp=9341 ms, used_size=12574720 bytes (30.7%)
(RDMA_READ_CONSUME_CHECK_CONSUMER) timestamp=9341 ms, used_size=12572672 bytes (30.7%)
(RDMA_READ_CONSUME_CHECK_CONSUMER) timestamp=9341 ms, used_size=12570624 bytes (30.7%)
(RDMA_READ_CONSUME_CHECK_CONSUMER) timestamp=9341 ms, used_size=12568576 bytes (30.7%)
(RDMA_READ_CONSUME_CHECK_CONSUMER) timestamp=9341 ms, used_size=12566528 bytes (30.7%)
(RDMA_READ_CONSUME_CHECK_CONSUMER) timestamp=9341 ms, used_size=12564480 bytes (30.7%)
(RDMA_READ_CONSUME_CHECK_CONSUMER) timestamp=9341 ms, used_size=12562432 bytes (30.7%)
(RDMA_READ_CONSUME_CHECK_CONSUMER) timestamp=9341 ms, used_size=12560384 bytes (30.7%)
(RDMA_READ_CONSUME_CHECK_CONSUMER) timestamp=9341 ms, used_size=12558336 bytes (30.7%)
(RDMA_READ_CONSUME_CHECK_CONSUMER) timestamp=9342 ms, used_size=12556288 bytes (30.7%)
(RDMA_READ_CONSUME_CHECK_CONSUMER) timestamp=9342 ms, used_size=12554240 bytes (30.6%)
(RDMA_READ_CONSUME_CHECK_CONSUMER) timestamp=9342 ms, used_size=12552192 bytes (30.6%)
(RDMA_READ_CONSUME_CHECK_CONSUMER) timestamp=9342 ms, used_size=12550144 bytes (30.6%)
(RDMA_READ_CONSUME_CHECK_CONSUMER) timestamp=9342 ms, used_size=12548096 bytes (30.6%)
(RDMA_READ_CONSUME_CHECK_CONSUMER) timestamp=9342 ms, used_size=12546048 bytes (30.6%)
(RDMA_READ_CONSUME_CHECK_CONSUMER) timestamp=9342 ms, used_size=12544000 bytes (30.6%)
(RDMA_READ_CONSUME_CHECK_CONSUMER) timestamp=9342 ms, used_size=12541952 bytes (30.6%)
(RDMA_READ_CONSUME_CHECK_CONSUMER) timestamp=9342 ms, used_size=12539904 bytes (30.6%)
(RDMA_READ_CONSUME_CHECK_CONSUMER) timestamp=9342 ms, used_size=12537856 bytes (30.6%)
(RDMA_READ_CONSUME_CHECK_CONSUMER) timestamp=9342 ms, used_size=12535808 bytes (30.6%)
(RDMA_READ_CONSUME_CHECK_CONSUMER) timestamp=9342 ms, used_size=12533760 bytes (30.6%)
(RDMA_READ_CONSUME_CHECK_CONSUMER) timestamp=9342 ms, used_size=12531712 bytes (30.6%)
(RDMA_READ_CONSUME_CHECK_CONSUMER) timestamp=9342 ms, used_size=12529664 bytes (30.6%)
(RDMA_READ_CONSUME_CHECK_CONSUMER) timestamp=9342 ms, used_size=12527616 bytes (30.6%)
(RDMA_READ_CONSUME_CHECK_CONSUMER) timestamp=9342 ms, used_size=12525568 bytes (30.6%)
(RDMA_READ_CONSUME_CHECK_CONSUMER) timestamp=9342 ms, used_size=12523520 bytes (30.6%)
(RDMA_READ_CONSUME_CHECK_CONSUMER) timestamp=9342 ms, used_size=12521472 bytes (30.6%)
(RDMA_READ_CONSUME_CHECK_CONSUMER) timestamp=9342 ms, used_size=12519424 bytes (30.6%)
(RDMA_READ_CONSUME_CHECK_CONSUMER) timestamp=9342 ms, used_size=12517376 bytes (30.6%)
(RDMA_READ_CONSUME_CHECK_CONSUMER) timestamp=9342 ms, used_size=12515328 bytes (30.6%)
(RDMA_READ_CONSUME_CHECK_CONSUMER) timestamp=9342 ms, used_size=12513280 bytes (30.6%)
(RDMA_READ_CONSUME_CHECK_CONSUMER) timestamp=9342 ms, used_size=12511232 bytes (30.5%)
(RDMA_READ_CONSUME_CHECK_CONSUMER) timestamp=9342 ms, used_size=12509184 bytes (30.5%)
(RDMA_READ_CONSUME_CHECK_CONSUMER) timestamp=9342 ms, used_size=12507136 bytes (30.5%)
(RDMA_READ_CONSUME_CHECK_CONSUMER) timestamp=9342 ms, used_size=12505088 bytes (30.5%)
(RDMA_READ_CONSUME_CHECK_CONSUMER) timestamp=9342 ms, used_size=12503040 bytes (30.5%)
(RDMA_READ_CONSUME_CHECK_CONSUMER) timestamp=9342 ms, used_size=12500992 bytes (30.5%)
(RDMA_READ_CONSUME_CHECK_CONSUMER) timestamp=9342 ms, used_size=12498944 bytes (30.5%)
(RDMA_READ_CONSUME_CHECK_CONSUMER) timestamp=9342 ms, used_size=12496896 bytes (30.5%)
(RDMA_READ_CONSUME_CHECK_CONSUMER) timestamp=9342 ms, used_size=12494848 bytes (30.5%)
(RDMA_READ_CONSUME_CHECK_CONSUMER) timestamp=9342 ms, used_size=12492800 bytes (30.5%)
(RDMA_READ_CONSUME_CHECK_CONSUMER) timestamp=9342 ms, used_size=12490752 bytes (30.5%)
(RDMA_READ_CONSUME_CHECK_CONSUMER) timestamp=9342 ms, used_size=12488704 bytes (30.5%)
(RDMA_READ_CONSUME_CHECK_CONSUMER) timestamp=9342 ms, used_size=12486656 bytes (30.5%)
(RDMA_READ_CONSUME_CHECK_CONSUMER) timestamp=9342 ms, used_size=12484608 bytes (30.5%)
(RDMA_READ_CONSUME_CHECK_CONSUMER) timestamp=9342 ms, used_size=12482560 bytes (30.5%)
(RDMA_READ_CONSUME_CHECK_CONSUMER) timestamp=9342 ms, used_size=12480512 bytes (30.5%)
(RDMA_READ_CONSUME_CHECK_CONSUMER) timestamp=9342 ms, used_size=12478464 bytes (30.5%)
(RDMA_READ_CONSUME_CHECK_CONSUMER) timestamp=9342 ms, used_size=12476416 bytes (30.5%)
(RDMA_READ_CONSUME_CHECK_CONSUMER) timestamp=9342 ms, used_size=12474368 bytes (30.5%)
(RDMA_READ_CONSUME_CHECK_CONSUMER) timestamp=9342 ms, used_size=12472320 bytes (30.4%)
(RDMA_READ_CONSUME_CHECK_CONSUMER) timestamp=9342 ms, used_size=12470272 bytes (30.4%)
(RDMA_READ_CONSUME_CHECK_CONSUMER) timestamp=9342 ms, used_size=12468224 bytes (30.4%)
(RDMA_READ_CONSUME_CHECK_CONSUMER) timestamp=9342 ms, used_size=12466176 bytes (30.4%)
(RDMA_READ_CONSUME_CHECK_CONSUMER) timestamp=9342 ms, used_size=12464128 bytes (30.4%)
(RDMA_READ_CONSUME_CHECK_CONSUMER) timestamp=9342 ms, used_size=12462080 bytes (30.4%)
(RDMA_READ_CONSUME_CHECK_CONSUMER) timestamp=9342 ms, used_size=12460032 bytes (30.4%)
(RDMA_READ_CONSUME_CHECK_CONSUMER) timestamp=9342 ms, used_size=12457984 bytes (30.4%)
(RDMA_READ_CONSUME_CHECK_CONSUMER) timestamp=9342 ms, used_size=12455936 bytes (30.4%)
(RDMA_READ_CONSUME_CHECK_CONSUMER) timestamp=9342 ms, used_size=12453888 bytes (30.4%)
(RDMA_READ_CONSUME_CHECK_CONSUMER) timestamp=9342 ms, used_size=12451840 bytes (30.4%)
(RDMA_READ_CONSUME_CHECK_CONSUMER) timestamp=9342 ms, used_size=12449792 bytes (30.4%)
(RDMA_READ_CONSUME_CHECK_CONSUMER) timestamp=9342 ms, used_size=12447744 bytes (30.4%)
(RDMA_READ_CONSUME_CHECK_CONSUMER) timestamp=9342 ms, used_size=12445696 bytes (30.4%)
(RDMA_READ_CONSUME_CHECK_CONSUMER) timestamp=9342 ms, used_size=12443648 bytes (30.4%)
(RDMA_READ_CONSUME_CHECK_CONSUMER) timestamp=9342 ms, used_size=12441600 bytes (30.4%)
(RDMA_READ_CONSUME_CHECK_CONSUMER) timestamp=9342 ms, used_size=12439552 bytes (30.4%)
(RDMA_READ_CONSUME_CHECK_CONSUMER) timestamp=9342 ms, used_size=12437504 bytes (30.4%)
(RDMA_READ_CONSUME_CHECK_CONSUMER) timestamp=9342 ms, used_size=12435456 bytes (30.4%)
(RDMA_READ_CONSUME_CHECK_CONSUMER) timestamp=9342 ms, used_size=12433408 bytes (30.4%)
(RDMA_READ_CONSUME_CHECK_CONSUMER) timestamp=9342 ms, used_size=12431360 bytes (30.4%)
(RDMA_READ_CONSUME_CHECK_CONSUMER) timestamp=9342 ms, used_size=12429312 bytes (30.3%)
(RDMA_READ_CONSUME_CHECK_CONSUMER) timestamp=9342 ms, used_size=12427264 bytes (30.3%)
(RDMA_READ_CONSUME_CHECK_CONSUMER) timestamp=9342 ms, used_size=12425216 bytes (30.3%)
(RDMA_READ_CONSUME_CHECK_CONSUMER) timestamp=9342 ms, used_size=12423168 bytes (30.3%)
(RDMA_READ_CONSUME_CHECK_CONSUMER) timestamp=9342 ms, used_size=12421120 bytes (30.3%)
(RDMA_READ_CONSUME_CHECK_CONSUMER) timestamp=9342 ms, used_size=12419072 bytes (30.3%)
(RDMA_READ_CONSUME_CHECK_CONSUMER) timestamp=9342 ms, used_size=12417024 bytes (30.3%)
(RDMA_READ_CONSUME_CHECK_CONSUMER) timestamp=9342 ms, used_size=12414976 bytes (30.3%)
(RDMA_READ_CONSUME_CHECK_CONSUMER) timestamp=9342 ms, used_size=12412928 bytes (30.3%)
(RDMA_READ_CONSUME_CHECK_CONSUMER) timestamp=9342 ms, used_size=12410880 bytes (30.3%)
(RDMA_READ_CONSUME_CHECK_CONSUMER) timestamp=9342 ms, used_size=12408832 bytes (30.3%)
(RDMA_READ_CONSUME_CHECK_CONSUMER) timestamp=9342 ms, used_size=12406784 bytes (30.3%)
(RDMA_READ_CONSUME_CHECK_CONSUMER) timestamp=9342 ms, used_size=12404736 bytes (30.3%)
(RDMA_READ_CONSUME_CHECK_CONSUMER) timestamp=9342 ms, used_size=12402688 bytes (30.3%)
(RDMA_READ_CONSUME_CHECK_CONSUMER) timestamp=9342 ms, used_size=12400640 bytes (30.3%)
(RDMA_READ_CONSUME_CHECK_CONSUMER) timestamp=9342 ms, used_size=12398592 bytes (30.3%)
(RDMA_READ_CONSUME_CHECK_CONSUMER) timestamp=9342 ms, used_size=12396544 bytes (30.3%)
(RDMA_READ_CONSUME_CHECK_CONSUMER) timestamp=9342 ms, used_size=12394496 bytes (30.3%)
(RDMA_READ_CONSUME_CHECK_CONSUMER) timestamp=9342 ms, used_size=12392448 bytes (30.3%)
(RDMA_READ_CONSUME_CHECK_CONSUMER) timestamp=9342 ms, used_size=12390400 bytes (30.2%)
(RDMA_READ_CONSUME_CHECK_CONSUMER) timestamp=9342 ms, used_size=12388352 bytes (30.2%)
(RDMA_READ_CONSUME_CHECK_CONSUMER) timestamp=9342 ms, used_size=12386304 bytes (30.2%)
(RDMA_READ_CONSUME_CHECK_CONSUMER) timestamp=9342 ms, used_size=12384256 bytes (30.2%)
(RDMA_READ_CONSUME_CHECK_CONSUMER) timestamp=9342 ms, used_size=12382208 bytes (30.2%)
(RDMA_READ_CONSUME_CHECK_CONSUMER) timestamp=9342 ms, used_size=12380160 bytes (30.2%)
(RDMA_READ_CONSUME_CHECK_CONSUMER) timestamp=9342 ms, used_size=12378112 bytes (30.2%)
(RDMA_READ_CONSUME_CHECK_CONSUMER) timestamp=9342 ms, used_size=12376064 bytes (30.2%)
(RDMA_READ_CONSUME_CHECK_CONSUMER) timestamp=9342 ms, used_size=12374016 bytes (30.2%)
(RDMA_READ_CONSUME_CHECK_CONSUMER) timestamp=9342 ms, used_size=12371968 bytes (30.2%)
(RDMA_READ_CONSUME_CHECK_CONSUMER) timestamp=9342 ms, used_size=12369920 bytes (30.2%)
(RDMA_READ_CONSUME_CHECK_CONSUMER) timestamp=9342 ms, used_size=12367872 bytes (30.2%)
(RDMA_READ_CONSUME_CHECK_CONSUMER) timestamp=9342 ms, used_size=12365824 bytes (30.2%)
(RDMA_READ_CONSUME_CHECK_CONSUMER) timestamp=9342 ms, used_size=12363776 bytes (30.2%)
(RDMA_READ_CONSUME_CHECK_CONSUMER) timestamp=9342 ms, used_size=12361728 bytes (30.2%)
(RDMA_READ_CONSUME_CHECK_CONSUMER) timestamp=9342 ms, used_size=12359680 bytes (30.2%)
(RDMA_READ_CONSUME_CHECK_CONSUMER) timestamp=9342 ms, used_size=12357632 bytes (30.2%)
(RDMA_READ_CONSUME_CHECK_CONSUMER) timestamp=9342 ms, used_size=12355584 bytes (30.2%)
(RDMA_READ_CONSUME_CHECK_CONSUMER) timestamp=9342 ms, used_size=12353536 bytes (30.2%)
(RDMA_READ_CONSUME_CHECK_CONSUMER) timestamp=9342 ms, used_size=12351488 bytes (30.2%)
(RDMA_READ_CONSUME_CHECK_CONSUMER) timestamp=9342 ms, used_size=12349440 bytes (30.1%)
(RDMA_READ_CONSUME_CHECK_CONSUMER) timestamp=9342 ms, used_size=12347392 bytes (30.1%)
(RDMA_READ_CONSUME_CHECK_CONSUMER) timestamp=9342 ms, used_size=12345344 bytes (30.1%)
(RDMA_READ_CONSUME_CHECK_CONSUMER) timestamp=9342 ms, used_size=12343296 bytes (30.1%)
(RDMA_READ_CONSUME_CHECK_CONSUMER) timestamp=9342 ms, used_size=12341248 bytes (30.1%)
(RDMA_READ_CONSUME_CHECK_CONSUMER) timestamp=9342 ms, used_size=12339200 bytes (30.1%)
(RDMA_READ_CONSUME_CHECK_CONSUMER) timestamp=9342 ms, used_size=12337152 bytes (30.1%)
(RDMA_READ_CONSUME_CHECK_CONSUMER) timestamp=9342 ms, used_size=12335104 bytes (30.1%)
(RDMA_READ_CONSUME_CHECK_CONSUMER) timestamp=9342 ms, used_size=12333056 bytes (30.1%)
(RDMA_READ_CONSUME_CHECK_CONSUMER) timestamp=9342 ms, used_size=12331008 bytes (30.1%)
(RDMA_READ_CONSUME_CHECK_CONSUMER) timestamp=9342 ms, used_size=12328960 bytes (30.1%)
(RDMA_READ_CONSUME_CHECK_CONSUMER) timestamp=9342 ms, used_size=12326912 bytes (30.1%)
(RDMA_READ_CONSUME_CHECK_CONSUMER) timestamp=9342 ms, used_size=12324864 bytes (30.1%)
(RDMA_READ_CONSUME_CHECK_CONSUMER) timestamp=9342 ms, used_size=12322816 bytes (30.1%)
(RDMA_READ_CONSUME_CHECK_CONSUMER) timestamp=9342 ms, used_size=12320768 bytes (30.1%)
(RDMA_READ_CONSUME_CHECK_CONSUMER) timestamp=9342 ms, used_size=12318720 bytes (30.1%)
(RDMA_READ_CONSUME_CHECK_CONSUMER) timestamp=9342 ms, used_size=12316672 bytes (30.1%)
(RDMA_READ_CONSUME_CHECK_CONSUMER) timestamp=9342 ms, used_size=12314624 bytes (30.1%)
(RDMA_READ_CONSUME_CHECK_CONSUMER) timestamp=9342 ms, used_size=12312576 bytes (30.1%)
(RDMA_READ_CONSUME_CHECK_CONSUMER) timestamp=9342 ms, used_size=12310528 bytes (30.1%)
(RDMA_READ_CONSUME_CHECK_CONSUMER) timestamp=9342 ms, used_size=12308480 bytes (30.1%)
(RDMA_READ_CONSUME_CHECK_CONSUMER) timestamp=9342 ms, used_size=12306432 bytes (30.0%)
(RDMA_READ_CONSUME_CHECK_CONSUMER) timestamp=9342 ms, used_size=12304384 bytes (30.0%)
(RDMA_READ_CONSUME_CHECK_CONSUMER) timestamp=9342 ms, used_size=12302336 bytes (30.0%)
(RDMA_READ_CONSUME_CHECK_CONSUMER) timestamp=9342 ms, used_size=12300288 bytes (30.0%)
(RDMA_READ_CONSUME_CHECK_CONSUMER) timestamp=9342 ms, used_size=12298240 bytes (30.0%)
(RDMA_READ_CONSUME_CHECK_CONSUMER) timestamp=9342 ms, used_size=12296192 bytes (30.0%)
(RDMA_READ_CONSUME_CHECK_CONSUMER) timestamp=9342 ms, used_size=12294144 bytes (30.0%)
(RDMA_READ_CONSUME_CHECK_CONSUMER) timestamp=9342 ms, used_size=12292096 bytes (30.0%)
(RDMA_READ_CONSUME_CHECK_CONSUMER) timestamp=9342 ms, used_size=12290048 bytes (30.0%)
(RDMA_READ_CONSUME_CHECK_CONSUMER) timestamp=9342 ms, used_size=12288000 bytes (30.0%)
(RDMA_READ_CONSUME_CHECK_CONSUMER) timestamp=9342 ms, used_size=12285952 bytes (30.0%)
(RDMA_READ_CONSUME_CHECK_CONSUMER) timestamp=9342 ms, used_size=12283904 bytes (30.0%)
(RDMA_READ_CONSUME_CHECK_CONSUMER) timestamp=9342 ms, used_size=12281856 bytes (30.0%)
(RDMA_READ_CONSUME_CHECK_CONSUMER) timestamp=9342 ms, used_size=12279808 bytes (30.0%)
(RDMA_READ_CONSUME_CHECK_CONSUMER) timestamp=9342 ms, used_size=12277760 bytes (30.0%)
(RDMA_READ_CONSUME_CHECK_CONSUMER) timestamp=9342 ms, used_size=12275712 bytes (30.0%)
(RDMA_READ_CONSUME_CHECK_CONSUMER) timestamp=9342 ms, used_size=12273664 bytes (30.0%)
(RDMA_READ_CONSUME_CHECK_CONSUMER) timestamp=9342 ms, used_size=12271616 bytes (30.0%)
(RDMA_READ_CONSUME_CHECK_CONSUMER) timestamp=9342 ms, used_size=12269568 bytes (30.0%)
(RDMA_READ_CONSUME_CHECK_CONSUMER) timestamp=9342 ms, used_size=12267520 bytes (29.9%)
(RDMA_READ_CONSUME_CHECK_CONSUMER) timestamp=9342 ms, used_size=12265472 bytes (29.9%)
(RDMA_READ_CONSUME_CHECK_CONSUMER) timestamp=9342 ms, used_size=12263424 bytes (29.9%)
(RDMA_READ_CONSUME_CHECK_CONSUMER) timestamp=9342 ms, used_size=12261376 bytes (29.9%)
(RDMA_READ_CONSUME_CHECK_CONSUMER) timestamp=9342 ms, used_size=12259328 bytes (29.9%)
(RDMA_READ_CONSUME_CHECK_CONSUMER) timestamp=9342 ms, used_size=12257280 bytes (29.9%)
(RDMA_READ_CONSUME_CHECK_CONSUMER) timestamp=9342 ms, used_size=12255232 bytes (29.9%)
(RDMA_READ_CONSUME_CHECK_CONSUMER) timestamp=9342 ms, used_size=12253184 bytes (29.9%)
(RDMA_READ_CONSUME_CHECK_CONSUMER) timestamp=9342 ms, used_size=12251136 bytes (29.9%)
(RDMA_READ_CONSUME_CHECK_CONSUMER) timestamp=9342 ms, used_size=12249088 bytes (29.9%)
(RDMA_READ_CONSUME_CHECK_CONSUMER) timestamp=9342 ms, used_size=12247040 bytes (29.9%)
(RDMA_READ_CONSUME_CHECK_CONSUMER) timestamp=9342 ms, used_size=12244992 bytes (29.9%)
(RDMA_READ_CONSUME_CHECK_CONSUMER) timestamp=9342 ms, used_size=12242944 bytes (29.9%)
(RDMA_READ_CONSUME_CHECK_CONSUMER) timestamp=9342 ms, used_size=12240896 bytes (29.9%)
(RDMA_READ_CONSUME_CHECK_CONSUMER) timestamp=9342 ms, used_size=12238848 bytes (29.9%)
(RDMA_READ_CONSUME_CHECK_CONSUMER) timestamp=9342 ms, used_size=12236800 bytes (29.9%)
(RDMA_READ_CONSUME_CHECK_CONSUMER) timestamp=9342 ms, used_size=12234752 bytes (29.9%)
(RDMA_READ_CONSUME_CHECK_CONSUMER) timestamp=9342 ms, used_size=12232704 bytes (29.9%)
(RDMA_READ_CONSUME_CHECK_CONSUMER) timestamp=9342 ms, used_size=12230656 bytes (29.9%)
(RDMA_READ_CONSUME_CHECK_CONSUMER) timestamp=9342 ms, used_size=12228608 bytes (29.9%)
(RDMA_READ_CONSUME_CHECK_CONSUMER) timestamp=9342 ms, used_size=12226560 bytes (29.9%)
(RDMA_READ_CONSUME_CHECK_CONSUMER) timestamp=9342 ms, used_size=12224512 bytes (29.8%)
(RDMA_READ_CONSUME_CHECK_CONSUMER) timestamp=9342 ms, used_size=12222464 bytes (29.8%)
(RDMA_READ_CONSUME_CHECK_CONSUMER) timestamp=9342 ms, used_size=12220416 bytes (29.8%)
(RDMA_READ_CONSUME_CHECK_CONSUMER) timestamp=9342 ms, used_size=12218368 bytes (29.8%)
(RDMA_READ_CONSUME_CHECK_CONSUMER) timestamp=9342 ms, used_size=12216320 bytes (29.8%)
(RDMA_READ_CONSUME_CHECK_CONSUMER) timestamp=9342 ms, used_size=12214272 bytes (29.8%)
(RDMA_READ_CONSUME_CHECK_CONSUMER) timestamp=9342 ms, used_size=12212224 bytes (29.8%)
(RDMA_READ_CONSUME_CHECK_CONSUMER) timestamp=9342 ms, used_size=12210176 bytes (29.8%)
(RDMA_READ_CONSUME_CHECK_CONSUMER) timestamp=9342 ms, used_size=12208128 bytes (29.8%)
(RDMA_READ_CONSUME_CHECK_CONSUMER) timestamp=9342 ms, used_size=12206080 bytes (29.8%)
(RDMA_READ_CONSUME_CHECK_CONSUMER) timestamp=9342 ms, used_size=12204032 bytes (29.8%)
(RDMA_READ_CONSUME_CHECK_CONSUMER) timestamp=9342 ms, used_size=12201984 bytes (29.8%)
(RDMA_READ_CONSUME_CHECK_CONSUMER) timestamp=9342 ms, used_size=12199936 bytes (29.8%)
(RDMA_READ_CONSUME_CHECK_CONSUMER) timestamp=9342 ms, used_size=12197888 bytes (29.8%)
(RDMA_READ_CONSUME_CHECK_CONSUMER) timestamp=9342 ms, used_size=12195840 bytes (29.8%)
(RDMA_READ_CONSUME_CHECK_CONSUMER) timestamp=9342 ms, used_size=12193792 bytes (29.8%)
(RDMA_READ_CONSUME_CHECK_CONSUMER) timestamp=9342 ms, used_size=12191744 bytes (29.8%)
(RDMA_READ_CONSUME_CHECK_CONSUMER) timestamp=9342 ms, used_size=12189696 bytes (29.8%)
(RDMA_READ_CONSUME_CHECK_CONSUMER) timestamp=9342 ms, used_size=12187648 bytes (29.8%)
(RDMA_READ_CONSUME_CHECK_CONSUMER) timestamp=9342 ms, used_size=12185600 bytes (29.8%)
(RDMA_READ_CONSUME_CHECK_CONSUMER) timestamp=9342 ms, used_size=12183552 bytes (29.7%)
(RDMA_READ_CONSUME_CHECK_CONSUMER) timestamp=9343 ms, used_size=12181504 bytes (29.7%)
(RDMA_READ_CONSUME_CHECK_CONSUMER) timestamp=9343 ms, used_size=12179456 bytes (29.7%)
(RDMA_READ_CONSUME_CHECK_CONSUMER) timestamp=9343 ms, used_size=12177408 bytes (29.7%)
(RDMA_READ_CONSUME_CHECK_CONSUMER) timestamp=9343 ms, used_size=12175360 bytes (29.7%)
(RDMA_READ_CONSUME_CHECK_CONSUMER) timestamp=9343 ms, used_size=12173312 bytes (29.7%)
(RDMA_READ_CONSUME_CHECK_CONSUMER) timestamp=9343 ms, used_size=12171264 bytes (29.7%)
(RDMA_READ_CONSUME_CHECK_CONSUMER) timestamp=9343 ms, used_size=12169216 bytes (29.7%)
(RDMA_READ_CONSUME_CHECK_CONSUMER) timestamp=9343 ms, used_size=12167168 bytes (29.7%)
(RDMA_READ_CONSUME_CHECK_CONSUMER) timestamp=9343 ms, used_size=12165120 bytes (29.7%)
(RDMA_READ_CONSUME_CHECK_CONSUMER) timestamp=9343 ms, used_size=12163072 bytes (29.7%)
(RDMA_READ_CONSUME_CHECK_CONSUMER) timestamp=9343 ms, used_size=12161024 bytes (29.7%)
(RDMA_READ_CONSUME_CHECK_CONSUMER) timestamp=9343 ms, used_size=12158976 bytes (29.7%)
(RDMA_READ_CONSUME_CHECK_CONSUMER) timestamp=9343 ms, used_size=12156928 bytes (29.7%)
(RDMA_READ_CONSUME_CHECK_CONSUMER) timestamp=9343 ms, used_size=12154880 bytes (29.7%)
(RDMA_READ_CONSUME_CHECK_CONSUMER) timestamp=9343 ms, used_size=12152832 bytes (29.7%)
(RDMA_READ_CONSUME_CHECK_CONSUMER) timestamp=9343 ms, used_size=12150784 bytes (29.7%)
(RDMA_READ_CONSUME_CHECK_CONSUMER) timestamp=9343 ms, used_size=12148736 bytes (29.7%)
(RDMA_READ_CONSUME_CHECK_CONSUMER) timestamp=9343 ms, used_size=12146688 bytes (29.7%)
(RDMA_READ_CONSUME_CHECK_CONSUMER) timestamp=9343 ms, used_size=12144640 bytes (29.6%)
(RDMA_READ_CONSUME_CHECK_CONSUMER) timestamp=9343 ms, used_size=12142592 bytes (29.6%)
(RDMA_READ_CONSUME_CHECK_CONSUMER) timestamp=9343 ms, used_size=12140544 bytes (29.6%)
(RDMA_READ_CONSUME_CHECK_CONSUMER) timestamp=9343 ms, used_size=12138496 bytes (29.6%)
(RDMA_READ_CONSUME_CHECK_CONSUMER) timestamp=9343 ms, used_size=12136448 bytes (29.6%)
(RDMA_READ_CONSUME_CHECK_CONSUMER) timestamp=9343 ms, used_size=12134400 bytes (29.6%)
(RDMA_READ_CONSUME_CHECK_CONSUMER) timestamp=9343 ms, used_size=12132352 bytes (29.6%)
(RDMA_READ_CONSUME_CHECK_CONSUMER) timestamp=9343 ms, used_size=12130304 bytes (29.6%)
(RDMA_READ_CONSUME_CHECK_CONSUMER) timestamp=9343 ms, used_size=12128256 bytes (29.6%)
(RDMA_READ_CONSUME_CHECK_CONSUMER) timestamp=9343 ms, used_size=12126208 bytes (29.6%)
(RDMA_READ_CONSUME_CHECK_CONSUMER) timestamp=9343 ms, used_size=12124160 bytes (29.6%)
(RDMA_READ_CONSUME_CHECK_CONSUMER) timestamp=9343 ms, used_size=12122112 bytes (29.6%)
(RDMA_READ_CONSUME_CHECK_CONSUMER) timestamp=9343 ms, used_size=12120064 bytes (29.6%)
(RDMA_READ_CONSUME_CHECK_CONSUMER) timestamp=9343 ms, used_size=12118016 bytes (29.6%)
(RDMA_READ_CONSUME_CHECK_CONSUMER) timestamp=9343 ms, used_size=12115968 bytes (29.6%)
(RDMA_READ_CONSUME_CHECK_CONSUMER) timestamp=9343 ms, used_size=12113920 bytes (29.6%)
(RDMA_READ_CONSUME_CHECK_CONSUMER) timestamp=9343 ms, used_size=12111872 bytes (29.6%)
(RDMA_READ_CONSUME_CHECK_CONSUMER) timestamp=9343 ms, used_size=12109824 bytes (29.6%)
(RDMA_READ_CONSUME_CHECK_CONSUMER) timestamp=9343 ms, used_size=12107776 bytes (29.6%)
(RDMA_READ_CONSUME_CHECK_CONSUMER) timestamp=9343 ms, used_size=12105728 bytes (29.6%)
(RDMA_READ_CONSUME_CHECK_CONSUMER) timestamp=9343 ms, used_size=12103680 bytes (29.6%)
(RDMA_READ_CONSUME_CHECK_CONSUMER) timestamp=9343 ms, used_size=12101632 bytes (29.5%)
(RDMA_READ_CONSUME_CHECK_CONSUMER) timestamp=9343 ms, used_size=12099584 bytes (29.5%)
(RDMA_READ_CONSUME_CHECK_CONSUMER) timestamp=9343 ms, used_size=12097536 bytes (29.5%)
(RDMA_READ_CONSUME_CHECK_CONSUMER) timestamp=9343 ms, used_size=12095488 bytes (29.5%)
(RDMA_READ_CONSUME_CHECK_CONSUMER) timestamp=9343 ms, used_size=12093440 bytes (29.5%)
(RDMA_READ_CONSUME_CHECK_CONSUMER) timestamp=9343 ms, used_size=12091392 bytes (29.5%)
(RDMA_READ_CONSUME_CHECK_CONSUMER) timestamp=9343 ms, used_size=12089344 bytes (29.5%)
(RDMA_READ_CONSUME_CHECK_CONSUMER) timestamp=9343 ms, used_size=12087296 bytes (29.5%)
(RDMA_READ_CONSUME_CHECK_CONSUMER) timestamp=9343 ms, used_size=12085248 bytes (29.5%)
(RDMA_READ_CONSUME_CHECK_CONSUMER) timestamp=9343 ms, used_size=12083200 bytes (29.5%)
(RDMA_READ_CONSUME_CHECK_CONSUMER) timestamp=9343 ms, used_size=12081152 bytes (29.5%)
(RDMA_READ_CONSUME_CHECK_CONSUMER) timestamp=9343 ms, used_size=12079104 bytes (29.5%)
(RDMA_READ_CONSUME_CHECK_CONSUMER) timestamp=9343 ms, used_size=12077056 bytes (29.5%)
(RDMA_READ_CONSUME_CHECK_CONSUMER) timestamp=9343 ms, used_size=12075008 bytes (29.5%)
(RDMA_READ_CONSUME_CHECK_CONSUMER) timestamp=9343 ms, used_size=12072960 bytes (29.5%)
(RDMA_READ_CONSUME_CHECK_CONSUMER) timestamp=9343 ms, used_size=12070912 bytes (29.5%)
(RDMA_READ_CONSUME_CHECK_CONSUMER) timestamp=9343 ms, used_size=12068864 bytes (29.5%)
(RDMA_READ_CONSUME_CHECK_CONSUMER) timestamp=9343 ms, used_size=12066816 bytes (29.5%)
(RDMA_READ_CONSUME_CHECK_CONSUMER) timestamp=9343 ms, used_size=12064768 bytes (29.5%)
(RDMA_READ_CONSUME_CHECK_CONSUMER) timestamp=9343 ms, used_size=12062720 bytes (29.4%)
(RDMA_READ_CONSUME_CHECK_CONSUMER) timestamp=9343 ms, used_size=12060672 bytes (29.4%)
(RDMA_READ_CONSUME_CHECK_CONSUMER) timestamp=9343 ms, used_size=12058624 bytes (29.4%)
(RDMA_READ_CONSUME_CHECK_CONSUMER) timestamp=9343 ms, used_size=12056576 bytes (29.4%)
(RDMA_READ_CONSUME_CHECK_CONSUMER) timestamp=9343 ms, used_size=12054528 bytes (29.4%)
(RDMA_READ_CONSUME_CHECK_CONSUMER) timestamp=9343 ms, used_size=12052480 bytes (29.4%)
(RDMA_READ_CONSUME_CHECK_CONSUMER) timestamp=9343 ms, used_size=12050432 bytes (29.4%)
(RDMA_READ_CONSUME_CHECK_CONSUMER) timestamp=9343 ms, used_size=12048384 bytes (29.4%)
(RDMA_READ_CONSUME_CHECK_CONSUMER) timestamp=9343 ms, used_size=12046336 bytes (29.4%)
(RDMA_READ_CONSUME_CHECK_CONSUMER) timestamp=9343 ms, used_size=12044288 bytes (29.4%)
(RDMA_READ_CONSUME_CHECK_CONSUMER) timestamp=9343 ms, used_size=12042240 bytes (29.4%)
(RDMA_READ_CONSUME_CHECK_CONSUMER) timestamp=9343 ms, used_size=12040192 bytes (29.4%)
(RDMA_READ_CONSUME_CHECK_CONSUMER) timestamp=9343 ms, used_size=12038144 bytes (29.4%)
(RDMA_READ_CONSUME_CHECK_CONSUMER) timestamp=9343 ms, used_size=12036096 bytes (29.4%)
(RDMA_READ_CONSUME_CHECK_CONSUMER) timestamp=9343 ms, used_size=12034048 bytes (29.4%)
(RDMA_READ_CONSUME_CHECK_CONSUMER) timestamp=9343 ms, used_size=12032000 bytes (29.4%)
(RDMA_READ_CONSUME_CHECK_CONSUMER) timestamp=9343 ms, used_size=12029952 bytes (29.4%)
(RDMA_READ_CONSUME_CHECK_CONSUMER) timestamp=9343 ms, used_size=12027904 bytes (29.4%)
(RDMA_READ_CONSUME_CHECK_CONSUMER) timestamp=9343 ms, used_size=12025856 bytes (29.4%)
(RDMA_READ_CONSUME_CHECK_CONSUMER) timestamp=9343 ms, used_size=12023808 bytes (29.4%)
(RDMA_READ_CONSUME_CHECK_CONSUMER) timestamp=9343 ms, used_size=12021760 bytes (29.4%)
(RDMA_READ_CONSUME_CHECK_CONSUMER) timestamp=9343 ms, used_size=12019712 bytes (29.3%)
(RDMA_READ_CONSUME_CHECK_CONSUMER) timestamp=9343 ms, used_size=12017664 bytes (29.3%)
(RDMA_READ_CONSUME_CHECK_CONSUMER) timestamp=9343 ms, used_size=12015616 bytes (29.3%)
(RDMA_READ_CONSUME_CHECK_CONSUMER) timestamp=9343 ms, used_size=12013568 bytes (29.3%)
(RDMA_READ_CONSUME_CHECK_CONSUMER) timestamp=9343 ms, used_size=12011520 bytes (29.3%)
(RDMA_READ_CONSUME_CHECK_CONSUMER) timestamp=9343 ms, used_size=12009472 bytes (29.3%)
(RDMA_READ_CONSUME_CHECK_CONSUMER) timestamp=9343 ms, used_size=12007424 bytes (29.3%)
(RDMA_READ_CONSUME_CHECK_CONSUMER) timestamp=9343 ms, used_size=12005376 bytes (29.3%)
(RDMA_READ_CONSUME_CHECK_CONSUMER) timestamp=9343 ms, used_size=12003328 bytes (29.3%)
(RDMA_READ_CONSUME_CHECK_CONSUMER) timestamp=9343 ms, used_size=12001280 bytes (29.3%)
(RDMA_READ_CONSUME_CHECK_CONSUMER) timestamp=9343 ms, used_size=11999232 bytes (29.3%)
(RDMA_READ_CONSUME_CHECK_CONSUMER) timestamp=9343 ms, used_size=11997184 bytes (29.3%)
(RDMA_READ_CONSUME_CHECK_CONSUMER) timestamp=9343 ms, used_size=11995136 bytes (29.3%)
(RDMA_READ_CONSUME_CHECK_CONSUMER) timestamp=9343 ms, used_size=11993088 bytes (29.3%)
(RDMA_READ_CONSUME_CHECK_CONSUMER) timestamp=9343 ms, used_size=11991040 bytes (29.3%)
(RDMA_READ_CONSUME_CHECK_CONSUMER) timestamp=9343 ms, used_size=11988992 bytes (29.3%)
(RDMA_READ_CONSUME_CHECK_CONSUMER) timestamp=9343 ms, used_size=11986944 bytes (29.3%)
(RDMA_READ_CONSUME_CHECK_CONSUMER) timestamp=9343 ms, used_size=11984896 bytes (29.3%)
(RDMA_READ_CONSUME_CHECK_CONSUMER) timestamp=9343 ms, used_size=11982848 bytes (29.3%)
(RDMA_READ_CONSUME_CHECK_CONSUMER) timestamp=9343 ms, used_size=11980800 bytes (29.2%)
(RDMA_READ_CONSUME_CHECK_CONSUMER) timestamp=9343 ms, used_size=11978752 bytes (29.2%)
(RDMA_READ_CONSUME_CHECK_CONSUMER) timestamp=9343 ms, used_size=11976704 bytes (29.2%)
(RDMA_READ_CONSUME_CHECK_CONSUMER) timestamp=9343 ms, used_size=11974656 bytes (29.2%)
(RDMA_READ_CONSUME_CHECK_CONSUMER) timestamp=9343 ms, used_size=11972608 bytes (29.2%)
(RDMA_READ_CONSUME_CHECK_CONSUMER) timestamp=9343 ms, used_size=11970560 bytes (29.2%)
(RDMA_READ_CONSUME_CHECK_CONSUMER) timestamp=9343 ms, used_size=11968512 bytes (29.2%)
(RDMA_READ_CONSUME_CHECK_CONSUMER) timestamp=9343 ms, used_size=11966464 bytes (29.2%)
(RDMA_READ_CONSUME_CHECK_CONSUMER) timestamp=9343 ms, used_size=11964416 bytes (29.2%)
(RDMA_READ_CONSUME_CHECK_CONSUMER) timestamp=9343 ms, used_size=11962368 bytes (29.2%)
(RDMA_READ_CONSUME_CHECK_CONSUMER) timestamp=9343 ms, used_size=11960320 bytes (29.2%)
(RDMA_READ_CONSUME_CHECK_CONSUMER) timestamp=9343 ms, used_size=11958272 bytes (29.2%)
(RDMA_READ_CONSUME_CHECK_CONSUMER) timestamp=9343 ms, used_size=11956224 bytes (29.2%)
(RDMA_READ_CONSUME_CHECK_CONSUMER) timestamp=9343 ms, used_size=11954176 bytes (29.2%)
(RDMA_READ_CONSUME_CHECK_CONSUMER) timestamp=9343 ms, used_size=11952128 bytes (29.2%)
(RDMA_READ_CONSUME_CHECK_CONSUMER) timestamp=9343 ms, used_size=11950080 bytes (29.2%)
(RDMA_READ_CONSUME_CHECK_CONSUMER) timestamp=9343 ms, used_size=11948032 bytes (29.2%)
(RDMA_READ_CONSUME_CHECK_CONSUMER) timestamp=9343 ms, used_size=11945984 bytes (29.2%)
(RDMA_READ_CONSUME_CHECK_CONSUMER) timestamp=9343 ms, used_size=11943936 bytes (29.2%)
(RDMA_READ_CONSUME_CHECK_CONSUMER) timestamp=9343 ms, used_size=11941888 bytes (29.2%)
(RDMA_READ_CONSUME_CHECK_CONSUMER) timestamp=9343 ms, used_size=11939840 bytes (29.1%)
(RDMA_READ_CONSUME_CHECK_CONSUMER) timestamp=9343 ms, used_size=11937792 bytes (29.1%)
(RDMA_READ_CONSUME_CHECK_CONSUMER) timestamp=9343 ms, used_size=11935744 bytes (29.1%)
(RDMA_READ_CONSUME_CHECK_CONSUMER) timestamp=9343 ms, used_size=11933696 bytes (29.1%)
(RDMA_READ_CONSUME_CHECK_CONSUMER) timestamp=9343 ms, used_size=11931648 bytes (29.1%)
(RDMA_READ_CONSUME_CHECK_CONSUMER) timestamp=9343 ms, used_size=11929600 bytes (29.1%)
(RDMA_READ_CONSUME_CHECK_CONSUMER) timestamp=9343 ms, used_size=11927552 bytes (29.1%)
(RDMA_READ_CONSUME_CHECK_CONSUMER) timestamp=9343 ms, used_size=11925504 bytes (29.1%)
(RDMA_READ_CONSUME_CHECK_CONSUMER) timestamp=9343 ms, used_size=11923456 bytes (29.1%)
(RDMA_READ_CONSUME_CHECK_CONSUMER) timestamp=9343 ms, used_size=11921408 bytes (29.1%)
(RDMA_READ_CONSUME_CHECK_CONSUMER) timestamp=9343 ms, used_size=11919360 bytes (29.1%)
(RDMA_READ_CONSUME_CHECK_CONSUMER) timestamp=9343 ms, used_size=11917312 bytes (29.1%)
(RDMA_READ_CONSUME_CHECK_CONSUMER) timestamp=9343 ms, used_size=11915264 bytes (29.1%)
(RDMA_READ_CONSUME_CHECK_CONSUMER) timestamp=9343 ms, used_size=11913216 bytes (29.1%)
(RDMA_READ_CONSUME_CHECK_CONSUMER) timestamp=9343 ms, used_size=11911168 bytes (29.1%)
(RDMA_READ_CONSUME_CHECK_CONSUMER) timestamp=9343 ms, used_size=11909120 bytes (29.1%)
(RDMA_READ_CONSUME_CHECK_CONSUMER) timestamp=9343 ms, used_size=11907072 bytes (29.1%)
(RDMA_READ_CONSUME_CHECK_CONSUMER) timestamp=9343 ms, used_size=11905024 bytes (29.1%)
(RDMA_READ_CONSUME_CHECK_CONSUMER) timestamp=9343 ms, used_size=11902976 bytes (29.1%)
(RDMA_READ_CONSUME_CHECK_CONSUMER) timestamp=9343 ms, used_size=11900928 bytes (29.1%)
(RDMA_READ_CONSUME_CHECK_CONSUMER) timestamp=9343 ms, used_size=11898880 bytes (29.1%)
(RDMA_READ_CONSUME_CHECK_CONSUMER) timestamp=9343 ms, used_size=11896832 bytes (29.0%)
(RDMA_READ_CONSUME_CHECK_CONSUMER) timestamp=9343 ms, used_size=11894784 bytes (29.0%)
(RDMA_READ_CONSUME_CHECK_CONSUMER) timestamp=9343 ms, used_size=11892736 bytes (29.0%)
(RDMA_READ_CONSUME_CHECK_CONSUMER) timestamp=9343 ms, used_size=11890688 bytes (29.0%)
(RDMA_READ_CONSUME_CHECK_CONSUMER) timestamp=9343 ms, used_size=11888640 bytes (29.0%)
(RDMA_READ_CONSUME_CHECK_CONSUMER) timestamp=9343 ms, used_size=11886592 bytes (29.0%)
(RDMA_READ_CONSUME_CHECK_CONSUMER) timestamp=9343 ms, used_size=11884544 bytes (29.0%)
(RDMA_READ_CONSUME_CHECK_CONSUMER) timestamp=9343 ms, used_size=11882496 bytes (29.0%)
(RDMA_READ_CONSUME_CHECK_CONSUMER) timestamp=9343 ms, used_size=11880448 bytes (29.0%)
(RDMA_READ_CONSUME_CHECK_CONSUMER) timestamp=9343 ms, used_size=11878400 bytes (29.0%)
(RDMA_READ_CONSUME_CHECK_CONSUMER) timestamp=9343 ms, used_size=11876352 bytes (29.0%)
(RDMA_READ_CONSUME_CHECK_CONSUMER) timestamp=9343 ms, used_size=11874304 bytes (29.0%)
(RDMA_READ_CONSUME_CHECK_CONSUMER) timestamp=9343 ms, used_size=11872256 bytes (29.0%)
(RDMA_READ_CONSUME_CHECK_CONSUMER) timestamp=9343 ms, used_size=11870208 bytes (29.0%)
(RDMA_READ_CONSUME_CHECK_CONSUMER) timestamp=9343 ms, used_size=11868160 bytes (29.0%)
(RDMA_READ_CONSUME_CHECK_CONSUMER) timestamp=9343 ms, used_size=11866112 bytes (29.0%)
(RDMA_READ_CONSUME_CHECK_CONSUMER) timestamp=9343 ms, used_size=11864064 bytes (29.0%)
(RDMA_READ_CONSUME_CHECK_CONSUMER) timestamp=9343 ms, used_size=11862016 bytes (29.0%)
(RDMA_READ_CONSUME_CHECK_CONSUMER) timestamp=9343 ms, used_size=11859968 bytes (29.0%)
(RDMA_READ_CONSUME_CHECK_CONSUMER) timestamp=9343 ms, used_size=11857920 bytes (28.9%)
(RDMA_READ_CONSUME_CHECK_CONSUMER) timestamp=9343 ms, used_size=11855872 bytes (28.9%)
(RDMA_READ_CONSUME_CHECK_CONSUMER) timestamp=9343 ms, used_size=11853824 bytes (28.9%)
(RDMA_READ_CONSUME_CHECK_CONSUMER) timestamp=9343 ms, used_size=11851776 bytes (28.9%)
(RDMA_READ_CONSUME_CHECK_CONSUMER) timestamp=9343 ms, used_size=11849728 bytes (28.9%)
(RDMA_READ_CONSUME_CHECK_CONSUMER) timestamp=9343 ms, used_size=11847680 bytes (28.9%)
(RDMA_READ_CONSUME_CHECK_CONSUMER) timestamp=9343 ms, used_size=11845632 bytes (28.9%)
(RDMA_READ_CONSUME_CHECK_CONSUMER) timestamp=9343 ms, used_size=11843584 bytes (28.9%)
(RDMA_READ_CONSUME_CHECK_CONSUMER) timestamp=9343 ms, used_size=11841536 bytes (28.9%)
(RDMA_READ_CONSUME_CHECK_CONSUMER) timestamp=9343 ms, used_size=11839488 bytes (28.9%)
(RDMA_READ_CONSUME_CHECK_CONSUMER) timestamp=9343 ms, used_size=11837440 bytes (28.9%)
(RDMA_READ_CONSUME_CHECK_CONSUMER) timestamp=9343 ms, used_size=11835392 bytes (28.9%)
(RDMA_READ_CONSUME_CHECK_CONSUMER) timestamp=9343 ms, used_size=11833344 bytes (28.9%)
(RDMA_READ_CONSUME_CHECK_CONSUMER) timestamp=9343 ms, used_size=11831296 bytes (28.9%)
(RDMA_READ_CONSUME_CHECK_CONSUMER) timestamp=9343 ms, used_size=11829248 bytes (28.9%)
(RDMA_READ_CONSUME_CHECK_CONSUMER) timestamp=9343 ms, used_size=11827200 bytes (28.9%)
(RDMA_READ_CONSUME_CHECK_CONSUMER) timestamp=9343 ms, used_size=11825152 bytes (28.9%)
(RDMA_READ_CONSUME_CHECK_CONSUMER) timestamp=9343 ms, used_size=11823104 bytes (28.9%)
(RDMA_READ_CONSUME_CHECK_CONSUMER) timestamp=9343 ms, used_size=11821056 bytes (28.9%)
(RDMA_READ_CONSUME_CHECK_CONSUMER) timestamp=9343 ms, used_size=11819008 bytes (28.9%)
(RDMA_READ_CONSUME_CHECK_CONSUMER) timestamp=9343 ms, used_size=11816960 bytes (28.9%)
(RDMA_READ_CONSUME_CHECK_CONSUMER) timestamp=9344 ms, used_size=11814912 bytes (28.8%)
(RDMA_READ_CONSUME_CHECK_CONSUMER) timestamp=9344 ms, used_size=11812864 bytes (28.8%)
(RDMA_READ_CONSUME_CHECK_CONSUMER) timestamp=9344 ms, used_size=11810816 bytes (28.8%)
(RDMA_READ_CONSUME_CHECK_CONSUMER) timestamp=9344 ms, used_size=11808768 bytes (28.8%)
(RDMA_READ_CONSUME_CHECK_CONSUMER) timestamp=9344 ms, used_size=11806720 bytes (28.8%)
(RDMA_READ_CONSUME_CHECK_CONSUMER) timestamp=9344 ms, used_size=11804672 bytes (28.8%)
(RDMA_READ_CONSUME_CHECK_CONSUMER) timestamp=9344 ms, used_size=11802624 bytes (28.8%)
(RDMA_READ_CONSUME_CHECK_CONSUMER) timestamp=9344 ms, used_size=11800576 bytes (28.8%)
(RDMA_READ_CONSUME_CHECK_CONSUMER) timestamp=9344 ms, used_size=11798528 bytes (28.8%)
(RDMA_READ_CONSUME_CHECK_CONSUMER) timestamp=9344 ms, used_size=11796480 bytes (28.8%)
(RDMA_READ_CONSUME_CHECK_CONSUMER) timestamp=9344 ms, used_size=11794432 bytes (28.8%)
(RDMA_READ_CONSUME_CHECK_CONSUMER) timestamp=9344 ms, used_size=11792384 bytes (28.8%)
(RDMA_READ_CONSUME_CHECK_CONSUMER) timestamp=9344 ms, used_size=11790336 bytes (28.8%)
(RDMA_READ_CONSUME_CHECK_CONSUMER) timestamp=9344 ms, used_size=11788288 bytes (28.8%)
(RDMA_READ_CONSUME_CHECK_CONSUMER) timestamp=9344 ms, used_size=11786240 bytes (28.8%)
(RDMA_READ_CONSUME_CHECK_CONSUMER) timestamp=9344 ms, used_size=11784192 bytes (28.8%)
(RDMA_READ_CONSUME_CHECK_CONSUMER) timestamp=9344 ms, used_size=11782144 bytes (28.8%)
(RDMA_READ_CONSUME_CHECK_CONSUMER) timestamp=9344 ms, used_size=11780096 bytes (28.8%)
(RDMA_READ_CONSUME_CHECK_CONSUMER) timestamp=9344 ms, used_size=11778048 bytes (28.8%)
(RDMA_READ_CONSUME_CHECK_CONSUMER) timestamp=9344 ms, used_size=11776000 bytes (28.8%)
(RDMA_READ_CONSUME_CHECK_CONSUMER) timestamp=9344 ms, used_size=11773952 bytes (28.7%)
(RDMA_READ_CONSUME_CHECK_CONSUMER) timestamp=9344 ms, used_size=11771904 bytes (28.7%)
(RDMA_READ_CONSUME_CHECK_CONSUMER) timestamp=9344 ms, used_size=11769856 bytes (28.7%)
(RDMA_READ_CONSUME_CHECK_CONSUMER) timestamp=9344 ms, used_size=11767808 bytes (28.7%)
(RDMA_READ_CONSUME_CHECK_CONSUMER) timestamp=9344 ms, used_size=11765760 bytes (28.7%)
(RDMA_READ_CONSUME_CHECK_CONSUMER) timestamp=9344 ms, used_size=11763712 bytes (28.7%)
(RDMA_READ_CONSUME_CHECK_CONSUMER) timestamp=9344 ms, used_size=11761664 bytes (28.7%)
(RDMA_READ_CONSUME_CHECK_CONSUMER) timestamp=9344 ms, used_size=11759616 bytes (28.7%)
(RDMA_READ_CONSUME_CHECK_CONSUMER) timestamp=9344 ms, used_size=11757568 bytes (28.7%)
(RDMA_READ_CONSUME_CHECK_CONSUMER) timestamp=9344 ms, used_size=11755520 bytes (28.7%)
(RDMA_READ_CONSUME_CHECK_CONSUMER) timestamp=9344 ms, used_size=11753472 bytes (28.7%)
(RDMA_READ_CONSUME_CHECK_CONSUMER) timestamp=9344 ms, used_size=11751424 bytes (28.7%)
(RDMA_READ_CONSUME_CHECK_CONSUMER) timestamp=9344 ms, used_size=11749376 bytes (28.7%)
(RDMA_READ_CONSUME_CHECK_CONSUMER) timestamp=9344 ms, used_size=11747328 bytes (28.7%)
(RDMA_READ_CONSUME_CHECK_CONSUMER) timestamp=9344 ms, used_size=11745280 bytes (28.7%)
(RDMA_READ_CONSUME_CHECK_CONSUMER) timestamp=9344 ms, used_size=11743232 bytes (28.7%)
(RDMA_READ_CONSUME_CHECK_CONSUMER) timestamp=9344 ms, used_size=11741184 bytes (28.7%)
(RDMA_READ_CONSUME_CHECK_CONSUMER) timestamp=9344 ms, used_size=11739136 bytes (28.7%)
(RDMA_READ_CONSUME_CHECK_CONSUMER) timestamp=9344 ms, used_size=11737088 bytes (28.7%)
(RDMA_READ_CONSUME_CHECK_CONSUMER) timestamp=9344 ms, used_size=11735040 bytes (28.6%)
(RDMA_READ_CONSUME_CHECK_CONSUMER) timestamp=9344 ms, used_size=11732992 bytes (28.6%)
(RDMA_READ_CONSUME_CHECK_CONSUMER) timestamp=9344 ms, used_size=11730944 bytes (28.6%)
(RDMA_READ_CONSUME_CHECK_CONSUMER) timestamp=9344 ms, used_size=11728896 bytes (28.6%)
(RDMA_READ_CONSUME_CHECK_CONSUMER) timestamp=9344 ms, used_size=11726848 bytes (28.6%)
(RDMA_READ_CONSUME_CHECK_CONSUMER) timestamp=9344 ms, used_size=11724800 bytes (28.6%)
(RDMA_READ_CONSUME_CHECK_CONSUMER) timestamp=9344 ms, used_size=11722752 bytes (28.6%)
(RDMA_READ_CONSUME_CHECK_CONSUMER) timestamp=9344 ms, used_size=11720704 bytes (28.6%)
(RDMA_READ_CONSUME_CHECK_CONSUMER) timestamp=9344 ms, used_size=11718656 bytes (28.6%)
(RDMA_READ_CONSUME_CHECK_CONSUMER) timestamp=9344 ms, used_size=11716608 bytes (28.6%)
(RDMA_READ_CONSUME_CHECK_CONSUMER) timestamp=9344 ms, used_size=11714560 bytes (28.6%)
(RDMA_READ_CONSUME_CHECK_CONSUMER) timestamp=9344 ms, used_size=11712512 bytes (28.6%)
(RDMA_READ_CONSUME_CHECK_CONSUMER) timestamp=9344 ms, used_size=11710464 bytes (28.6%)
(RDMA_READ_CONSUME_CHECK_CONSUMER) timestamp=9344 ms, used_size=11708416 bytes (28.6%)
(RDMA_READ_CONSUME_CHECK_CONSUMER) timestamp=9344 ms, used_size=11706368 bytes (28.6%)
(RDMA_READ_CONSUME_CHECK_CONSUMER) timestamp=9344 ms, used_size=11704320 bytes (28.6%)
(RDMA_READ_CONSUME_CHECK_CONSUMER) timestamp=9344 ms, used_size=11702272 bytes (28.6%)
(RDMA_READ_CONSUME_CHECK_CONSUMER) timestamp=9344 ms, used_size=11700224 bytes (28.6%)
(RDMA_READ_CONSUME_CHECK_CONSUMER) timestamp=9344 ms, used_size=11698176 bytes (28.6%)
(RDMA_READ_CONSUME_CHECK_CONSUMER) timestamp=9344 ms, used_size=11696128 bytes (28.6%)
(RDMA_READ_CONSUME_CHECK_CONSUMER) timestamp=9344 ms, used_size=11694080 bytes (28.6%)
(RDMA_READ_CONSUME_CHECK_CONSUMER) timestamp=9344 ms, used_size=11692032 bytes (28.5%)
(RDMA_READ_CONSUME_CHECK_CONSUMER) timestamp=9344 ms, used_size=11689984 bytes (28.5%)
(RDMA_READ_CONSUME_CHECK_CONSUMER) timestamp=9344 ms, used_size=11687936 bytes (28.5%)
(RDMA_READ_CONSUME_CHECK_CONSUMER) timestamp=9344 ms, used_size=11685888 bytes (28.5%)
(RDMA_READ_CONSUME_CHECK_CONSUMER) timestamp=9344 ms, used_size=11683840 bytes (28.5%)
(RDMA_READ_CONSUME_CHECK_CONSUMER) timestamp=9344 ms, used_size=11681792 bytes (28.5%)
(RDMA_READ_CONSUME_CHECK_CONSUMER) timestamp=9344 ms, used_size=11679744 bytes (28.5%)
(RDMA_READ_CONSUME_CHECK_CONSUMER) timestamp=9344 ms, used_size=11677696 bytes (28.5%)
(RDMA_READ_CONSUME_CHECK_CONSUMER) timestamp=9344 ms, used_size=11675648 bytes (28.5%)
(RDMA_READ_CONSUME_CHECK_CONSUMER) timestamp=9344 ms, used_size=11673600 bytes (28.5%)
(RDMA_READ_CONSUME_CHECK_CONSUMER) timestamp=9344 ms, used_size=11671552 bytes (28.5%)
(RDMA_READ_CONSUME_CHECK_CONSUMER) timestamp=9344 ms, used_size=11669504 bytes (28.5%)
(RDMA_READ_CONSUME_CHECK_CONSUMER) timestamp=9344 ms, used_size=11667456 bytes (28.5%)
(RDMA_READ_CONSUME_CHECK_CONSUMER) timestamp=9344 ms, used_size=11665408 bytes (28.5%)
(RDMA_READ_CONSUME_CHECK_CONSUMER) timestamp=9344 ms, used_size=11663360 bytes (28.5%)
(RDMA_READ_CONSUME_CHECK_CONSUMER) timestamp=9344 ms, used_size=11661312 bytes (28.5%)
(RDMA_READ_CONSUME_CHECK_CONSUMER) timestamp=9344 ms, used_size=11659264 bytes (28.5%)
(RDMA_READ_CONSUME_CHECK_CONSUMER) timestamp=9344 ms, used_size=11657216 bytes (28.5%)
(RDMA_READ_CONSUME_CHECK_CONSUMER) timestamp=9344 ms, used_size=11655168 bytes (28.5%)
(RDMA_READ_CONSUME_CHECK_CONSUMER) timestamp=9344 ms, used_size=11653120 bytes (28.4%)
(RDMA_READ_CONSUME_CHECK_CONSUMER) timestamp=9344 ms, used_size=11651072 bytes (28.4%)
(RDMA_READ_CONSUME_CHECK_CONSUMER) timestamp=9344 ms, used_size=11649024 bytes (28.4%)
(RDMA_READ_CONSUME_CHECK_CONSUMER) timestamp=9344 ms, used_size=11646976 bytes (28.4%)
(RDMA_READ_CONSUME_CHECK_CONSUMER) timestamp=9344 ms, used_size=11644928 bytes (28.4%)
(RDMA_READ_CONSUME_CHECK_CONSUMER) timestamp=9344 ms, used_size=11642880 bytes (28.4%)
(RDMA_READ_CONSUME_CHECK_CONSUMER) timestamp=9344 ms, used_size=11640832 bytes (28.4%)
(RDMA_READ_CONSUME_CHECK_CONSUMER) timestamp=9344 ms, used_size=11638784 bytes (28.4%)
(RDMA_READ_CONSUME_CHECK_CONSUMER) timestamp=9344 ms, used_size=11636736 bytes (28.4%)
(RDMA_READ_CONSUME_CHECK_CONSUMER) timestamp=9344 ms, used_size=11634688 bytes (28.4%)
(RDMA_READ_CONSUME_CHECK_CONSUMER) timestamp=9344 ms, used_size=11632640 bytes (28.4%)
(RDMA_READ_CONSUME_CHECK_CONSUMER) timestamp=9344 ms, used_size=11630592 bytes (28.4%)
(RDMA_READ_CONSUME_CHECK_CONSUMER) timestamp=9344 ms, used_size=11628544 bytes (28.4%)
(RDMA_READ_CONSUME_CHECK_CONSUMER) timestamp=9344 ms, used_size=11626496 bytes (28.4%)
(RDMA_READ_CONSUME_CHECK_CONSUMER) timestamp=9344 ms, used_size=11624448 bytes (28.4%)
(RDMA_READ_CONSUME_CHECK_CONSUMER) timestamp=9344 ms, used_size=11622400 bytes (28.4%)
(RDMA_READ_CONSUME_CHECK_CONSUMER) timestamp=9344 ms, used_size=11620352 bytes (28.4%)
(RDMA_READ_CONSUME_CHECK_CONSUMER) timestamp=9344 ms, used_size=11618304 bytes (28.4%)
(RDMA_READ_CONSUME_CHECK_CONSUMER) timestamp=9344 ms, used_size=11616256 bytes (28.4%)
(RDMA_READ_CONSUME_CHECK_CONSUMER) timestamp=9344 ms, used_size=11614208 bytes (28.4%)
(RDMA_READ_CONSUME_CHECK_CONSUMER) timestamp=9344 ms, used_size=11612160 bytes (28.4%)
(RDMA_READ_CONSUME_CHECK_CONSUMER) timestamp=9344 ms, used_size=11610112 bytes (28.3%)
(RDMA_READ_CONSUME_CHECK_CONSUMER) timestamp=9344 ms, used_size=11608064 bytes (28.3%)
(RDMA_READ_CONSUME_CHECK_CONSUMER) timestamp=9344 ms, used_size=11606016 bytes (28.3%)
(RDMA_READ_CONSUME_CHECK_CONSUMER) timestamp=9344 ms, used_size=11603968 bytes (28.3%)
(RDMA_READ_CONSUME_CHECK_CONSUMER) timestamp=9344 ms, used_size=11601920 bytes (28.3%)
(RDMA_READ_CONSUME_CHECK_CONSUMER) timestamp=9344 ms, used_size=11599872 bytes (28.3%)
(RDMA_READ_CONSUME_CHECK_CONSUMER) timestamp=9344 ms, used_size=11597824 bytes (28.3%)
(RDMA_READ_CONSUME_CHECK_CONSUMER) timestamp=9344 ms, used_size=11595776 bytes (28.3%)
(RDMA_READ_CONSUME_CHECK_CONSUMER) timestamp=9344 ms, used_size=11593728 bytes (28.3%)
(RDMA_READ_CONSUME_CHECK_CONSUMER) timestamp=9344 ms, used_size=11591680 bytes (28.3%)
(RDMA_READ_CONSUME_CHECK_CONSUMER) timestamp=9344 ms, used_size=11589632 bytes (28.3%)
(RDMA_READ_CONSUME_CHECK_CONSUMER) timestamp=9344 ms, used_size=11587584 bytes (28.3%)
(RDMA_READ_CONSUME_CHECK_CONSUMER) timestamp=9344 ms, used_size=11585536 bytes (28.3%)
(RDMA_READ_CONSUME_CHECK_CONSUMER) timestamp=9344 ms, used_size=11583488 bytes (28.3%)
(RDMA_READ_CONSUME_CHECK_CONSUMER) timestamp=9344 ms, used_size=11581440 bytes (28.3%)
(RDMA_READ_CONSUME_CHECK_CONSUMER) timestamp=9344 ms, used_size=11579392 bytes (28.3%)
(RDMA_READ_CONSUME_CHECK_CONSUMER) timestamp=9344 ms, used_size=11577344 bytes (28.3%)
(RDMA_READ_CONSUME_CHECK_CONSUMER) timestamp=9344 ms, used_size=11575296 bytes (28.3%)
(RDMA_READ_CONSUME_CHECK_CONSUMER) timestamp=9344 ms, used_size=11573248 bytes (28.3%)
(RDMA_READ_CONSUME_CHECK_CONSUMER) timestamp=9344 ms, used_size=11571200 bytes (28.2%)
(RDMA_READ_CONSUME_CHECK_CONSUMER) timestamp=9344 ms, used_size=11569152 bytes (28.2%)
(RDMA_READ_CONSUME_CHECK_CONSUMER) timestamp=9344 ms, used_size=11567104 bytes (28.2%)
(RDMA_READ_CONSUME_CHECK_CONSUMER) timestamp=9344 ms, used_size=11565056 bytes (28.2%)
(RDMA_READ_CONSUME_CHECK_CONSUMER) timestamp=9344 ms, used_size=11563008 bytes (28.2%)
(RDMA_READ_CONSUME_CHECK_CONSUMER) timestamp=9344 ms, used_size=11560960 bytes (28.2%)
(RDMA_READ_CONSUME_CHECK_CONSUMER) timestamp=9344 ms, used_size=11558912 bytes (28.2%)
(RDMA_READ_CONSUME_CHECK_CONSUMER) timestamp=9344 ms, used_size=11556864 bytes (28.2%)
(RDMA_READ_CONSUME_CHECK_CONSUMER) timestamp=9344 ms, used_size=11554816 bytes (28.2%)
(RDMA_READ_CONSUME_CHECK_CONSUMER) timestamp=9344 ms, used_size=11552768 bytes (28.2%)
(RDMA_READ_CONSUME_CHECK_CONSUMER) timestamp=9344 ms, used_size=11550720 bytes (28.2%)
(RDMA_READ_CONSUME_CHECK_CONSUMER) timestamp=9344 ms, used_size=11548672 bytes (28.2%)
(RDMA_READ_CONSUME_CHECK_CONSUMER) timestamp=9344 ms, used_size=11546624 bytes (28.2%)
(RDMA_READ_CONSUME_CHECK_CONSUMER) timestamp=9344 ms, used_size=11544576 bytes (28.2%)
(RDMA_READ_CONSUME_CHECK_CONSUMER) timestamp=9344 ms, used_size=11542528 bytes (28.2%)
(RDMA_READ_CONSUME_CHECK_CONSUMER) timestamp=9344 ms, used_size=11540480 bytes (28.2%)
(RDMA_READ_CONSUME_CHECK_CONSUMER) timestamp=9344 ms, used_size=11538432 bytes (28.2%)
(RDMA_READ_CONSUME_CHECK_CONSUMER) timestamp=9344 ms, used_size=11536384 bytes (28.2%)
(RDMA_READ_CONSUME_CHECK_CONSUMER) timestamp=9344 ms, used_size=11534336 bytes (28.2%)
(RDMA_READ_CONSUME_CHECK_CONSUMER) timestamp=9344 ms, used_size=11532288 bytes (28.2%)
(RDMA_READ_CONSUME_CHECK_CONSUMER) timestamp=9344 ms, used_size=11530240 bytes (28.1%)
(RDMA_READ_CONSUME_CHECK_CONSUMER) timestamp=9344 ms, used_size=11528192 bytes (28.1%)
(RDMA_READ_CONSUME_CHECK_CONSUMER) timestamp=9344 ms, used_size=11526144 bytes (28.1%)
(RDMA_READ_CONSUME_CHECK_CONSUMER) timestamp=9344 ms, used_size=11524096 bytes (28.1%)
(RDMA_READ_CONSUME_CHECK_CONSUMER) timestamp=9344 ms, used_size=11522048 bytes (28.1%)
(RDMA_READ_CONSUME_CHECK_CONSUMER) timestamp=9344 ms, used_size=11520000 bytes (28.1%)
(RDMA_READ_CONSUME_CHECK_CONSUMER) timestamp=9344 ms, used_size=11517952 bytes (28.1%)
(RDMA_READ_CONSUME_CHECK_CONSUMER) timestamp=9344 ms, used_size=11515904 bytes (28.1%)
(RDMA_READ_CONSUME_CHECK_CONSUMER) timestamp=9344 ms, used_size=11513856 bytes (28.1%)
(RDMA_READ_CONSUME_CHECK_CONSUMER) timestamp=9344 ms, used_size=11511808 bytes (28.1%)
(RDMA_READ_CONSUME_CHECK_CONSUMER) timestamp=9344 ms, used_size=11509760 bytes (28.1%)
(RDMA_READ_CONSUME_CHECK_CONSUMER) timestamp=9344 ms, used_size=11507712 bytes (28.1%)
(RDMA_READ_CONSUME_CHECK_CONSUMER) timestamp=9344 ms, used_size=11505664 bytes (28.1%)
(RDMA_READ_CONSUME_CHECK_CONSUMER) timestamp=9344 ms, used_size=11503616 bytes (28.1%)
(RDMA_READ_CONSUME_CHECK_CONSUMER) timestamp=9344 ms, used_size=11501568 bytes (28.1%)
(RDMA_READ_CONSUME_CHECK_CONSUMER) timestamp=9344 ms, used_size=11499520 bytes (28.1%)
(RDMA_READ_CONSUME_CHECK_CONSUMER) timestamp=9344 ms, used_size=11497472 bytes (28.1%)
(RDMA_READ_CONSUME_CHECK_CONSUMER) timestamp=9344 ms, used_size=11495424 bytes (28.1%)
(RDMA_READ_CONSUME_CHECK_CONSUMER) timestamp=9344 ms, used_size=11493376 bytes (28.1%)
(RDMA_READ_CONSUME_CHECK_CONSUMER) timestamp=9344 ms, used_size=11491328 bytes (28.1%)
(RDMA_READ_CONSUME_CHECK_CONSUMER) timestamp=9344 ms, used_size=11489280 bytes (28.1%)
(RDMA_READ_CONSUME_CHECK_CONSUMER) timestamp=9344 ms, used_size=11487232 bytes (28.0%)
(RDMA_READ_CONSUME_CHECK_CONSUMER) timestamp=9344 ms, used_size=11485184 bytes (28.0%)
(RDMA_READ_CONSUME_CHECK_CONSUMER) timestamp=9344 ms, used_size=11483136 bytes (28.0%)
(RDMA_READ_CONSUME_CHECK_CONSUMER) timestamp=9344 ms, used_size=11481088 bytes (28.0%)
(RDMA_READ_CONSUME_CHECK_CONSUMER) timestamp=9344 ms, used_size=11479040 bytes (28.0%)
(RDMA_READ_CONSUME_CHECK_CONSUMER) timestamp=9344 ms, used_size=11476992 bytes (28.0%)
(RDMA_READ_CONSUME_CHECK_CONSUMER) timestamp=9344 ms, used_size=11474944 bytes (28.0%)
(RDMA_READ_CONSUME_CHECK_CONSUMER) timestamp=9344 ms, used_size=11472896 bytes (28.0%)
(RDMA_READ_CONSUME_CHECK_CONSUMER) timestamp=9344 ms, used_size=11470848 bytes (28.0%)
(RDMA_READ_CONSUME_CHECK_CONSUMER) timestamp=9344 ms, used_size=11468800 bytes (28.0%)
(RDMA_READ_CONSUME_CHECK_CONSUMER) timestamp=9344 ms, used_size=11466752 bytes (28.0%)
(RDMA_READ_CONSUME_CHECK_CONSUMER) timestamp=9344 ms, used_size=11464704 bytes (28.0%)
(RDMA_READ_CONSUME_CHECK_CONSUMER) timestamp=9344 ms, used_size=11462656 bytes (28.0%)
(RDMA_READ_CONSUME_CHECK_CONSUMER) timestamp=9344 ms, used_size=11460608 bytes (28.0%)
(RDMA_READ_CONSUME_CHECK_CONSUMER) timestamp=9344 ms, used_size=11458560 bytes (28.0%)
(RDMA_READ_CONSUME_CHECK_CONSUMER) timestamp=9344 ms, used_size=11456512 bytes (28.0%)
(RDMA_READ_CONSUME_CHECK_CONSUMER) timestamp=9344 ms, used_size=11454464 bytes (28.0%)
(RDMA_READ_CONSUME_CHECK_CONSUMER) timestamp=9344 ms, used_size=11452416 bytes (28.0%)
(RDMA_READ_CONSUME_CHECK_CONSUMER) timestamp=9344 ms, used_size=11450368 bytes (28.0%)
(RDMA_READ_CONSUME_CHECK_CONSUMER) timestamp=9344 ms, used_size=11448320 bytes (27.9%)
(RDMA_READ_CONSUME_CHECK_CONSUMER) timestamp=9345 ms, used_size=11446272 bytes (27.9%)
(RDMA_READ_CONSUME_CHECK_CONSUMER) timestamp=9345 ms, used_size=11444224 bytes (27.9%)
(RDMA_READ_CONSUME_CHECK_CONSUMER) timestamp=9345 ms, used_size=11442176 bytes (27.9%)
(RDMA_READ_CONSUME_CHECK_CONSUMER) timestamp=9345 ms, used_size=11440128 bytes (27.9%)
(RDMA_READ_CONSUME_CHECK_CONSUMER) timestamp=9345 ms, used_size=11438080 bytes (27.9%)
(RDMA_READ_CONSUME_CHECK_CONSUMER) timestamp=9345 ms, used_size=11436032 bytes (27.9%)
(RDMA_READ_CONSUME_CHECK_CONSUMER) timestamp=9345 ms, used_size=11433984 bytes (27.9%)
(RDMA_READ_CONSUME_CHECK_CONSUMER) timestamp=9345 ms, used_size=11431936 bytes (27.9%)
(RDMA_READ_CONSUME_CHECK_CONSUMER) timestamp=9345 ms, used_size=11429888 bytes (27.9%)
(RDMA_READ_CONSUME_CHECK_CONSUMER) timestamp=9345 ms, used_size=11427840 bytes (27.9%)
(RDMA_READ_CONSUME_CHECK_CONSUMER) timestamp=9345 ms, used_size=11425792 bytes (27.9%)
(RDMA_READ_CONSUME_CHECK_CONSUMER) timestamp=9345 ms, used_size=11423744 bytes (27.9%)
(RDMA_READ_CONSUME_CHECK_CONSUMER) timestamp=9345 ms, used_size=11421696 bytes (27.9%)
(RDMA_READ_CONSUME_CHECK_CONSUMER) timestamp=9345 ms, used_size=11419648 bytes (27.9%)
(RDMA_READ_CONSUME_CHECK_CONSUMER) timestamp=9345 ms, used_size=11417600 bytes (27.9%)
(RDMA_READ_CONSUME_CHECK_CONSUMER) timestamp=9345 ms, used_size=11415552 bytes (27.9%)
(RDMA_READ_CONSUME_CHECK_CONSUMER) timestamp=9345 ms, used_size=11413504 bytes (27.9%)
(RDMA_READ_CONSUME_CHECK_CONSUMER) timestamp=9345 ms, used_size=11411456 bytes (27.9%)
(RDMA_READ_CONSUME_CHECK_CONSUMER) timestamp=9345 ms, used_size=11409408 bytes (27.9%)
(RDMA_READ_CONSUME_CHECK_CONSUMER) timestamp=9345 ms, used_size=11407360 bytes (27.9%)
(RDMA_READ_CONSUME_CHECK_CONSUMER) timestamp=9345 ms, used_size=11405312 bytes (27.8%)
(RDMA_READ_CONSUME_CHECK_CONSUMER) timestamp=9345 ms, used_size=11403264 bytes (27.8%)
(RDMA_READ_CONSUME_CHECK_CONSUMER) timestamp=9345 ms, used_size=11401216 bytes (27.8%)
(RDMA_READ_CONSUME_CHECK_CONSUMER) timestamp=9345 ms, used_size=11399168 bytes (27.8%)
(RDMA_READ_CONSUME_CHECK_CONSUMER) timestamp=9345 ms, used_size=11397120 bytes (27.8%)
(RDMA_READ_CONSUME_CHECK_CONSUMER) timestamp=9345 ms, used_size=11395072 bytes (27.8%)
(RDMA_READ_CONSUME_CHECK_CONSUMER) timestamp=9345 ms, used_size=11393024 bytes (27.8%)
(RDMA_READ_CONSUME_CHECK_CONSUMER) timestamp=9345 ms, used_size=11390976 bytes (27.8%)
(RDMA_READ_CONSUME_CHECK_CONSUMER) timestamp=9345 ms, used_size=11388928 bytes (27.8%)
(RDMA_READ_CONSUME_CHECK_CONSUMER) timestamp=9345 ms, used_size=11386880 bytes (27.8%)
(RDMA_READ_CONSUME_CHECK_CONSUMER) timestamp=9345 ms, used_size=11384832 bytes (27.8%)
(RDMA_READ_CONSUME_CHECK_CONSUMER) timestamp=9345 ms, used_size=11382784 bytes (27.8%)
(RDMA_READ_CONSUME_CHECK_CONSUMER) timestamp=9345 ms, used_size=11380736 bytes (27.8%)
(RDMA_READ_CONSUME_CHECK_CONSUMER) timestamp=9345 ms, used_size=11378688 bytes (27.8%)
(RDMA_READ_CONSUME_CHECK_CONSUMER) timestamp=9345 ms, used_size=11376640 bytes (27.8%)
(RDMA_READ_CONSUME_CHECK_CONSUMER) timestamp=9345 ms, used_size=11374592 bytes (27.8%)
(RDMA_READ_CONSUME_CHECK_CONSUMER) timestamp=9345 ms, used_size=11372544 bytes (27.8%)
(RDMA_READ_CONSUME_CHECK_CONSUMER) timestamp=9345 ms, used_size=11370496 bytes (27.8%)
(RDMA_READ_CONSUME_CHECK_CONSUMER) timestamp=9345 ms, used_size=11368448 bytes (27.8%)
(RDMA_READ_CONSUME_CHECK_CONSUMER) timestamp=9345 ms, used_size=11366400 bytes (27.8%)
(RDMA_READ_CONSUME_CHECK_CONSUMER) timestamp=9345 ms, used_size=11364352 bytes (27.7%)
(RDMA_READ_CONSUME_CHECK_CONSUMER) timestamp=9345 ms, used_size=11362304 bytes (27.7%)
(RDMA_READ_CONSUME_CHECK_CONSUMER) timestamp=9345 ms, used_size=11360256 bytes (27.7%)
(RDMA_READ_CONSUME_CHECK_CONSUMER) timestamp=9345 ms, used_size=11358208 bytes (27.7%)
(RDMA_READ_CONSUME_CHECK_CONSUMER) timestamp=9345 ms, used_size=11356160 bytes (27.7%)
(RDMA_READ_CONSUME_CHECK_CONSUMER) timestamp=9345 ms, used_size=11354112 bytes (27.7%)
(RDMA_READ_CONSUME_CHECK_CONSUMER) timestamp=9345 ms, used_size=11352064 bytes (27.7%)
(RDMA_READ_CONSUME_CHECK_CONSUMER) timestamp=9345 ms, used_size=11350016 bytes (27.7%)
(RDMA_READ_CONSUME_CHECK_CONSUMER) timestamp=9345 ms, used_size=11347968 bytes (27.7%)
(RDMA_READ_CONSUME_CHECK_CONSUMER) timestamp=9345 ms, used_size=11345920 bytes (27.7%)
(RDMA_READ_CONSUME_CHECK_CONSUMER) timestamp=9345 ms, used_size=11343872 bytes (27.7%)
(RDMA_READ_CONSUME_CHECK_CONSUMER) timestamp=9345 ms, used_size=11341824 bytes (27.7%)
(RDMA_READ_CONSUME_CHECK_CONSUMER) timestamp=9345 ms, used_size=11339776 bytes (27.7%)
(RDMA_READ_CONSUME_CHECK_CONSUMER) timestamp=9345 ms, used_size=11337728 bytes (27.7%)
(RDMA_READ_CONSUME_CHECK_CONSUMER) timestamp=9345 ms, used_size=11335680 bytes (27.7%)
(RDMA_READ_CONSUME_CHECK_CONSUMER) timestamp=9345 ms, used_size=11333632 bytes (27.7%)
(RDMA_READ_CONSUME_CHECK_CONSUMER) timestamp=9345 ms, used_size=11331584 bytes (27.7%)
(RDMA_READ_CONSUME_CHECK_CONSUMER) timestamp=9345 ms, used_size=11329536 bytes (27.7%)
(RDMA_READ_CONSUME_CHECK_CONSUMER) timestamp=9345 ms, used_size=11327488 bytes (27.7%)
(RDMA_READ_CONSUME_CHECK_CONSUMER) timestamp=9345 ms, used_size=11325440 bytes (27.6%)
(RDMA_READ_CONSUME_CHECK_CONSUMER) timestamp=9345 ms, used_size=11323392 bytes (27.6%)
(RDMA_READ_CONSUME_CHECK_CONSUMER) timestamp=9345 ms, used_size=11321344 bytes (27.6%)
(RDMA_READ_CONSUME_CHECK_CONSUMER) timestamp=9345 ms, used_size=11319296 bytes (27.6%)
(RDMA_READ_CONSUME_CHECK_CONSUMER) timestamp=9345 ms, used_size=11317248 bytes (27.6%)
(RDMA_READ_CONSUME_CHECK_CONSUMER) timestamp=9345 ms, used_size=11315200 bytes (27.6%)
(RDMA_READ_CONSUME_CHECK_CONSUMER) timestamp=9345 ms, used_size=11313152 bytes (27.6%)
(RDMA_READ_CONSUME_CHECK_CONSUMER) timestamp=9345 ms, used_size=11311104 bytes (27.6%)
(RDMA_READ_CONSUME_CHECK_CONSUMER) timestamp=9345 ms, used_size=11309056 bytes (27.6%)
(RDMA_READ_CONSUME_CHECK_CONSUMER) timestamp=9345 ms, used_size=11307008 bytes (27.6%)
(RDMA_READ_CONSUME_CHECK_CONSUMER) timestamp=9345 ms, used_size=11304960 bytes (27.6%)
(RDMA_READ_CONSUME_CHECK_CONSUMER) timestamp=9345 ms, used_size=11302912 bytes (27.6%)
(RDMA_READ_CONSUME_CHECK_CONSUMER) timestamp=9345 ms, used_size=11300864 bytes (27.6%)
(RDMA_READ_CONSUME_CHECK_CONSUMER) timestamp=9345 ms, used_size=11298816 bytes (27.6%)
(RDMA_READ_CONSUME_CHECK_CONSUMER) timestamp=9345 ms, used_size=11296768 bytes (27.6%)
(RDMA_READ_CONSUME_CHECK_CONSUMER) timestamp=9345 ms, used_size=11294720 bytes (27.6%)
(RDMA_READ_CONSUME_CHECK_CONSUMER) timestamp=9345 ms, used_size=11292672 bytes (27.6%)
(RDMA_READ_CONSUME_CHECK_CONSUMER) timestamp=9345 ms, used_size=11290624 bytes (27.6%)
(RDMA_READ_CONSUME_CHECK_CONSUMER) timestamp=9345 ms, used_size=11288576 bytes (27.6%)
(RDMA_READ_CONSUME_CHECK_CONSUMER) timestamp=9345 ms, used_size=11286528 bytes (27.6%)
(RDMA_READ_CONSUME_CHECK_CONSUMER) timestamp=9345 ms, used_size=11284480 bytes (27.6%)
(RDMA_READ_CONSUME_CHECK_CONSUMER) timestamp=9345 ms, used_size=11282432 bytes (27.5%)
(RDMA_READ_CONSUME_CHECK_CONSUMER) timestamp=9345 ms, used_size=11280384 bytes (27.5%)
(RDMA_READ_CONSUME_CHECK_CONSUMER) timestamp=9345 ms, used_size=11278336 bytes (27.5%)
(RDMA_READ_CONSUME_CHECK_CONSUMER) timestamp=9345 ms, used_size=11276288 bytes (27.5%)
(RDMA_READ_CONSUME_CHECK_CONSUMER) timestamp=9345 ms, used_size=11274240 bytes (27.5%)
(RDMA_READ_CONSUME_CHECK_CONSUMER) timestamp=9345 ms, used_size=11272192 bytes (27.5%)
(RDMA_READ_CONSUME_CHECK_CONSUMER) timestamp=9345 ms, used_size=11270144 bytes (27.5%)
(RDMA_READ_CONSUME_CHECK_CONSUMER) timestamp=9345 ms, used_size=11268096 bytes (27.5%)
(RDMA_READ_CONSUME_CHECK_CONSUMER) timestamp=9345 ms, used_size=11266048 bytes (27.5%)
(RDMA_READ_CONSUME_CHECK_CONSUMER) timestamp=9345 ms, used_size=11264000 bytes (27.5%)
(RDMA_READ_CONSUME_CHECK_CONSUMER) timestamp=9345 ms, used_size=11261952 bytes (27.5%)
(RDMA_READ_CONSUME_CHECK_CONSUMER) timestamp=9345 ms, used_size=11259904 bytes (27.5%)
(RDMA_READ_CONSUME_CHECK_CONSUMER) timestamp=9345 ms, used_size=11257856 bytes (27.5%)
(RDMA_READ_CONSUME_CHECK_CONSUMER) timestamp=9345 ms, used_size=11255808 bytes (27.5%)
(RDMA_READ_CONSUME_CHECK_CONSUMER) timestamp=9345 ms, used_size=11253760 bytes (27.5%)
(RDMA_READ_CONSUME_CHECK_CONSUMER) timestamp=9345 ms, used_size=11251712 bytes (27.5%)
(RDMA_READ_CONSUME_CHECK_CONSUMER) timestamp=9345 ms, used_size=11249664 bytes (27.5%)
(RDMA_READ_CONSUME_CHECK_CONSUMER) timestamp=9345 ms, used_size=11247616 bytes (27.5%)
(RDMA_READ_CONSUME_CHECK_CONSUMER) timestamp=9345 ms, used_size=11245568 bytes (27.5%)
(RDMA_READ_CONSUME_CHECK_CONSUMER) timestamp=9345 ms, used_size=11243520 bytes (27.4%)
(RDMA_READ_CONSUME_CHECK_CONSUMER) timestamp=9345 ms, used_size=11241472 bytes (27.4%)
(RDMA_READ_CONSUME_CHECK_CONSUMER) timestamp=9345 ms, used_size=11239424 bytes (27.4%)
(RDMA_READ_CONSUME_CHECK_CONSUMER) timestamp=9345 ms, used_size=11237376 bytes (27.4%)
(RDMA_READ_CONSUME_CHECK_CONSUMER) timestamp=9345 ms, used_size=11235328 bytes (27.4%)
(RDMA_READ_CONSUME_CHECK_CONSUMER) timestamp=9345 ms, used_size=11233280 bytes (27.4%)
(RDMA_READ_CONSUME_CHECK_CONSUMER) timestamp=9345 ms, used_size=11231232 bytes (27.4%)
(RDMA_READ_CONSUME_CHECK_CONSUMER) timestamp=9345 ms, used_size=11229184 bytes (27.4%)
(RDMA_READ_CONSUME_CHECK_CONSUMER) timestamp=9345 ms, used_size=11227136 bytes (27.4%)
(RDMA_READ_CONSUME_CHECK_CONSUMER) timestamp=9345 ms, used_size=11225088 bytes (27.4%)
(RDMA_READ_CONSUME_CHECK_CONSUMER) timestamp=9345 ms, used_size=11223040 bytes (27.4%)
(RDMA_READ_CONSUME_CHECK_CONSUMER) timestamp=9345 ms, used_size=11220992 bytes (27.4%)
(RDMA_READ_CONSUME_CHECK_CONSUMER) timestamp=9345 ms, used_size=11218944 bytes (27.4%)
(RDMA_READ_CONSUME_CHECK_CONSUMER) timestamp=9345 ms, used_size=11216896 bytes (27.4%)
(RDMA_READ_CONSUME_CHECK_CONSUMER) timestamp=9345 ms, used_size=11214848 bytes (27.4%)
(RDMA_READ_CONSUME_CHECK_CONSUMER) timestamp=9345 ms, used_size=11212800 bytes (27.4%)
(RDMA_READ_CONSUME_CHECK_CONSUMER) timestamp=9345 ms, used_size=11210752 bytes (27.4%)
(RDMA_READ_CONSUME_CHECK_CONSUMER) timestamp=9345 ms, used_size=11208704 bytes (27.4%)
(RDMA_READ_CONSUME_CHECK_CONSUMER) timestamp=9345 ms, used_size=11206656 bytes (27.4%)
(RDMA_READ_CONSUME_CHECK_CONSUMER) timestamp=9345 ms, used_size=11204608 bytes (27.4%)
(RDMA_READ_CONSUME_CHECK_CONSUMER) timestamp=9345 ms, used_size=11202560 bytes (27.4%)
(RDMA_READ_CONSUME_CHECK_CONSUMER) timestamp=9345 ms, used_size=11200512 bytes (27.3%)
(RDMA_READ_CONSUME_CHECK_CONSUMER) timestamp=9345 ms, used_size=11198464 bytes (27.3%)
(RDMA_READ_CONSUME_CHECK_CONSUMER) timestamp=9345 ms, used_size=11196416 bytes (27.3%)
(RDMA_READ_CONSUME_CHECK_CONSUMER) timestamp=9345 ms, used_size=11194368 bytes (27.3%)
(RDMA_READ_CONSUME_CHECK_CONSUMER) timestamp=9345 ms, used_size=11192320 bytes (27.3%)
(RDMA_READ_CONSUME_CHECK_CONSUMER) timestamp=9345 ms, used_size=11190272 bytes (27.3%)
(RDMA_READ_CONSUME_CHECK_CONSUMER) timestamp=9345 ms, used_size=11188224 bytes (27.3%)
(RDMA_READ_CONSUME_CHECK_CONSUMER) timestamp=9345 ms, used_size=11186176 bytes (27.3%)
(RDMA_READ_CONSUME_CHECK_CONSUMER) timestamp=9345 ms, used_size=11184128 bytes (27.3%)
(RDMA_READ_CONSUME_CHECK_CONSUMER) timestamp=9345 ms, used_size=11182080 bytes (27.3%)
(RDMA_READ_CONSUME_CHECK_CONSUMER) timestamp=9345 ms, used_size=11180032 bytes (27.3%)
(RDMA_READ_CONSUME_CHECK_CONSUMER) timestamp=9345 ms, used_size=11177984 bytes (27.3%)
(RDMA_READ_CONSUME_CHECK_CONSUMER) timestamp=9345 ms, used_size=11175936 bytes (27.3%)
(RDMA_READ_CONSUME_CHECK_CONSUMER) timestamp=9345 ms, used_size=11173888 bytes (27.3%)
(RDMA_READ_CONSUME_CHECK_CONSUMER) timestamp=9345 ms, used_size=11171840 bytes (27.3%)
(RDMA_READ_CONSUME_CHECK_CONSUMER) timestamp=9345 ms, used_size=11169792 bytes (27.3%)
(RDMA_READ_CONSUME_CHECK_CONSUMER) timestamp=9345 ms, used_size=11167744 bytes (27.3%)
(RDMA_READ_CONSUME_CHECK_CONSUMER) timestamp=9345 ms, used_size=11165696 bytes (27.3%)
(RDMA_READ_CONSUME_CHECK_CONSUMER) timestamp=9345 ms, used_size=11163648 bytes (27.3%)
(RDMA_READ_CONSUME_CHECK_CONSUMER) timestamp=9345 ms, used_size=11161600 bytes (27.2%)
(RDMA_READ_CONSUME_CHECK_CONSUMER) timestamp=9345 ms, used_size=11159552 bytes (27.2%)
(RDMA_READ_CONSUME_CHECK_CONSUMER) timestamp=9345 ms, used_size=11157504 bytes (27.2%)
(RDMA_READ_CONSUME_CHECK_CONSUMER) timestamp=9345 ms, used_size=11155456 bytes (27.2%)
(RDMA_READ_CONSUME_CHECK_CONSUMER) timestamp=9345 ms, used_size=11153408 bytes (27.2%)
(RDMA_READ_CONSUME_CHECK_CONSUMER) timestamp=9345 ms, used_size=11151360 bytes (27.2%)
(RDMA_READ_CONSUME_CHECK_CONSUMER) timestamp=9345 ms, used_size=11149312 bytes (27.2%)
(RDMA_READ_CONSUME_CHECK_CONSUMER) timestamp=9345 ms, used_size=11147264 bytes (27.2%)
(RDMA_READ_CONSUME_CHECK_CONSUMER) timestamp=9345 ms, used_size=11145216 bytes (27.2%)
(RDMA_READ_CONSUME_CHECK_CONSUMER) timestamp=9345 ms, used_size=11143168 bytes (27.2%)
(RDMA_READ_CONSUME_CHECK_CONSUMER) timestamp=9345 ms, used_size=11141120 bytes (27.2%)
(RDMA_READ_CONSUME_CHECK_CONSUMER) timestamp=9345 ms, used_size=11139072 bytes (27.2%)
(RDMA_READ_CONSUME_CHECK_CONSUMER) timestamp=9345 ms, used_size=11137024 bytes (27.2%)
(RDMA_READ_CONSUME_CHECK_CONSUMER) timestamp=9345 ms, used_size=11134976 bytes (27.2%)
(RDMA_READ_CONSUME_CHECK_CONSUMER) timestamp=9345 ms, used_size=11132928 bytes (27.2%)
(RDMA_READ_CONSUME_CHECK_CONSUMER) timestamp=9345 ms, used_size=11130880 bytes (27.2%)
(RDMA_READ_CONSUME_CHECK_CONSUMER) timestamp=9345 ms, used_size=11128832 bytes (27.2%)
(RDMA_READ_CONSUME_CHECK_CONSUMER) timestamp=9345 ms, used_size=11126784 bytes (27.2%)
(RDMA_READ_CONSUME_CHECK_CONSUMER) timestamp=9345 ms, used_size=11124736 bytes (27.2%)
(RDMA_READ_CONSUME_CHECK_CONSUMER) timestamp=9345 ms, used_size=11122688 bytes (27.2%)
(RDMA_READ_CONSUME_CHECK_CONSUMER) timestamp=9345 ms, used_size=11120640 bytes (27.1%)
(RDMA_READ_CONSUME_CHECK_CONSUMER) timestamp=9345 ms, used_size=11118592 bytes (27.1%)
(RDMA_READ_CONSUME_CHECK_CONSUMER) timestamp=9345 ms, used_size=11116544 bytes (27.1%)
(RDMA_READ_CONSUME_CHECK_CONSUMER) timestamp=9345 ms, used_size=11114496 bytes (27.1%)
(RDMA_READ_CONSUME_CHECK_CONSUMER) timestamp=9345 ms, used_size=11112448 bytes (27.1%)
(RDMA_READ_CONSUME_CHECK_CONSUMER) timestamp=9345 ms, used_size=11110400 bytes (27.1%)
(RDMA_READ_CONSUME_CHECK_CONSUMER) timestamp=9345 ms, used_size=11108352 bytes (27.1%)
(RDMA_READ_CONSUME_CHECK_CONSUMER) timestamp=9345 ms, used_size=11106304 bytes (27.1%)
(RDMA_READ_CONSUME_CHECK_CONSUMER) timestamp=9345 ms, used_size=11104256 bytes (27.1%)
(RDMA_READ_CONSUME_CHECK_CONSUMER) timestamp=9345 ms, used_size=11102208 bytes (27.1%)
(RDMA_READ_CONSUME_CHECK_CONSUMER) timestamp=9345 ms, used_size=11100160 bytes (27.1%)
(RDMA_READ_CONSUME_CHECK_CONSUMER) timestamp=9345 ms, used_size=11098112 bytes (27.1%)
(RDMA_READ_CONSUME_CHECK_CONSUMER) timestamp=9345 ms, used_size=11096064 bytes (27.1%)
(RDMA_READ_CONSUME_CHECK_CONSUMER) timestamp=9345 ms, used_size=11094016 bytes (27.1%)
(RDMA_READ_CONSUME_CHECK_CONSUMER) timestamp=9345 ms, used_size=11091968 bytes (27.1%)
(RDMA_READ_CONSUME_CHECK_CONSUMER) timestamp=9345 ms, used_size=11089920 bytes (27.1%)
(RDMA_READ_CONSUME_CHECK_CONSUMER) timestamp=9345 ms, used_size=11087872 bytes (27.1%)
(RDMA_READ_CONSUME_CHECK_CONSUMER) timestamp=9345 ms, used_size=11085824 bytes (27.1%)
(RDMA_READ_CONSUME_CHECK_CONSUMER) timestamp=9345 ms, used_size=11083776 bytes (27.1%)
(RDMA_READ_CONSUME_CHECK_CONSUMER) timestamp=9345 ms, used_size=11081728 bytes (27.1%)
(RDMA_READ_CONSUME_CHECK_CONSUMER) timestamp=9345 ms, used_size=11079680 bytes (27.1%)
(RDMA_READ_CONSUME_CHECK_CONSUMER) timestamp=9345 ms, used_size=11077632 bytes (27.0%)
(RDMA_READ_CONSUME_CHECK_CONSUMER) timestamp=9345 ms, used_size=11075584 bytes (27.0%)
(RDMA_READ_CONSUME_CHECK_CONSUMER) timestamp=9345 ms, used_size=11073536 bytes (27.0%)
(RDMA_READ_CONSUME_CHECK_CONSUMER) timestamp=9345 ms, used_size=11071488 bytes (27.0%)
(RDMA_READ_CONSUME_CHECK_CONSUMER) timestamp=9345 ms, used_size=11069440 bytes (27.0%)
(RDMA_READ_CONSUME_CHECK_CONSUMER) timestamp=9345 ms, used_size=11067392 bytes (27.0%)
(RDMA_READ_CONSUME_CHECK_CONSUMER) timestamp=9345 ms, used_size=11065344 bytes (27.0%)
(RDMA_READ_CONSUME_CHECK_CONSUMER) timestamp=9345 ms, used_size=11063296 bytes (27.0%)
(RDMA_READ_CONSUME_CHECK_CONSUMER) timestamp=9345 ms, used_size=11061248 bytes (27.0%)
(RDMA_READ_CONSUME_CHECK_CONSUMER) timestamp=9346 ms, used_size=11059200 bytes (27.0%)
(RDMA_READ_CONSUME_CHECK_CONSUMER) timestamp=9346 ms, used_size=11057152 bytes (27.0%)
(RDMA_READ_CONSUME_CHECK_CONSUMER) timestamp=9346 ms, used_size=11055104 bytes (27.0%)
(RDMA_READ_CONSUME_CHECK_CONSUMER) timestamp=9346 ms, used_size=11053056 bytes (27.0%)
(RDMA_READ_CONSUME_CHECK_CONSUMER) timestamp=9346 ms, used_size=11051008 bytes (27.0%)
(RDMA_READ_CONSUME_CHECK_CONSUMER) timestamp=9346 ms, used_size=11048960 bytes (27.0%)
(RDMA_READ_CONSUME_CHECK_CONSUMER) timestamp=9346 ms, used_size=11046912 bytes (27.0%)
(RDMA_READ_CONSUME_CHECK_CONSUMER) timestamp=9346 ms, used_size=11044864 bytes (27.0%)
(RDMA_READ_CONSUME_CHECK_CONSUMER) timestamp=9346 ms, used_size=11042816 bytes (27.0%)
(RDMA_READ_CONSUME_CHECK_CONSUMER) timestamp=9346 ms, used_size=11040768 bytes (27.0%)
(RDMA_READ_CONSUME_CHECK_CONSUMER) timestamp=9346 ms, used_size=11038720 bytes (26.9%)
(RDMA_READ_CONSUME_CHECK_CONSUMER) timestamp=9346 ms, used_size=11036672 bytes (26.9%)
(RDMA_READ_CONSUME_CHECK_CONSUMER) timestamp=9346 ms, used_size=11034624 bytes (26.9%)
(RDMA_READ_CONSUME_CHECK_CONSUMER) timestamp=9346 ms, used_size=11032576 bytes (26.9%)
(RDMA_READ_CONSUME_CHECK_CONSUMER) timestamp=9346 ms, used_size=11030528 bytes (26.9%)
(RDMA_READ_CONSUME_CHECK_CONSUMER) timestamp=9346 ms, used_size=11028480 bytes (26.9%)
(RDMA_READ_CONSUME_CHECK_CONSUMER) timestamp=9346 ms, used_size=11026432 bytes (26.9%)
(RDMA_READ_CONSUME_CHECK_CONSUMER) timestamp=9346 ms, used_size=11024384 bytes (26.9%)
(RDMA_READ_CONSUME_CHECK_CONSUMER) timestamp=9346 ms, used_size=11022336 bytes (26.9%)
(RDMA_READ_CONSUME_CHECK_CONSUMER) timestamp=9346 ms, used_size=11020288 bytes (26.9%)
(RDMA_READ_CONSUME_CHECK_CONSUMER) timestamp=9346 ms, used_size=11018240 bytes (26.9%)
(RDMA_READ_CONSUME_CHECK_CONSUMER) timestamp=9346 ms, used_size=11016192 bytes (26.9%)
(RDMA_READ_CONSUME_CHECK_CONSUMER) timestamp=9346 ms, used_size=11014144 bytes (26.9%)
(RDMA_READ_CONSUME_CHECK_CONSUMER) timestamp=9346 ms, used_size=11012096 bytes (26.9%)
(RDMA_READ_CONSUME_CHECK_CONSUMER) timestamp=9346 ms, used_size=11010048 bytes (26.9%)
(RDMA_READ_CONSUME_CHECK_CONSUMER) timestamp=9346 ms, used_size=11008000 bytes (26.9%)
(RDMA_READ_CONSUME_CHECK_CONSUMER) timestamp=9346 ms, used_size=11005952 bytes (26.9%)
(RDMA_READ_CONSUME_CHECK_CONSUMER) timestamp=9346 ms, used_size=11003904 bytes (26.9%)
(RDMA_READ_CONSUME_CHECK_CONSUMER) timestamp=9346 ms, used_size=11001856 bytes (26.9%)
(RDMA_READ_CONSUME_CHECK_CONSUMER) timestamp=9346 ms, used_size=10999808 bytes (26.9%)
(RDMA_READ_CONSUME_CHECK_CONSUMER) timestamp=9346 ms, used_size=10997760 bytes (26.9%)
(RDMA_READ_CONSUME_CHECK_CONSUMER) timestamp=9346 ms, used_size=10995712 bytes (26.8%)
(RDMA_READ_CONSUME_CHECK_CONSUMER) timestamp=9346 ms, used_size=10993664 bytes (26.8%)
(RDMA_READ_CONSUME_CHECK_CONSUMER) timestamp=9346 ms, used_size=10991616 bytes (26.8%)
(RDMA_READ_CONSUME_CHECK_CONSUMER) timestamp=9346 ms, used_size=10989568 bytes (26.8%)
(RDMA_READ_CONSUME_CHECK_CONSUMER) timestamp=9346 ms, used_size=10987520 bytes (26.8%)
(RDMA_READ_CONSUME_CHECK_CONSUMER) timestamp=9346 ms, used_size=10985472 bytes (26.8%)
(RDMA_READ_CONSUME_CHECK_CONSUMER) timestamp=9346 ms, used_size=10983424 bytes (26.8%)
(RDMA_READ_CONSUME_CHECK_CONSUMER) timestamp=9346 ms, used_size=10981376 bytes (26.8%)
(RDMA_READ_CONSUME_CHECK_CONSUMER) timestamp=9346 ms, used_size=10979328 bytes (26.8%)
(RDMA_READ_CONSUME_CHECK_CONSUMER) timestamp=9346 ms, used_size=10977280 bytes (26.8%)
(RDMA_READ_CONSUME_CHECK_CONSUMER) timestamp=9346 ms, used_size=10975232 bytes (26.8%)
(RDMA_READ_CONSUME_CHECK_CONSUMER) timestamp=9346 ms, used_size=10973184 bytes (26.8%)
(RDMA_READ_CONSUME_CHECK_CONSUMER) timestamp=9346 ms, used_size=10971136 bytes (26.8%)
(RDMA_READ_CONSUME_CHECK_CONSUMER) timestamp=9346 ms, used_size=10969088 bytes (26.8%)
(RDMA_READ_CONSUME_CHECK_CONSUMER) timestamp=9346 ms, used_size=10967040 bytes (26.8%)
(RDMA_READ_CONSUME_CHECK_CONSUMER) timestamp=9346 ms, used_size=10964992 bytes (26.8%)
(RDMA_READ_CONSUME_CHECK_CONSUMER) timestamp=9346 ms, used_size=10962944 bytes (26.8%)
(RDMA_READ_CONSUME_CHECK_CONSUMER) timestamp=9346 ms, used_size=10960896 bytes (26.8%)
(RDMA_READ_CONSUME_CHECK_CONSUMER) timestamp=9346 ms, used_size=10958848 bytes (26.8%)
(RDMA_READ_CONSUME_CHECK_CONSUMER) timestamp=9346 ms, used_size=10956800 bytes (26.8%)
(RDMA_READ_CONSUME_CHECK_CONSUMER) timestamp=9346 ms, used_size=10954752 bytes (26.7%)
(RDMA_READ_CONSUME_CHECK_CONSUMER) timestamp=9346 ms, used_size=10952704 bytes (26.7%)
(RDMA_READ_CONSUME_CHECK_CONSUMER) timestamp=9346 ms, used_size=10950656 bytes (26.7%)
(RDMA_READ_CONSUME_CHECK_CONSUMER) timestamp=9346 ms, used_size=10948608 bytes (26.7%)
(RDMA_READ_CONSUME_CHECK_CONSUMER) timestamp=9346 ms, used_size=10946560 bytes (26.7%)
(RDMA_READ_CONSUME_CHECK_CONSUMER) timestamp=9346 ms, used_size=10944512 bytes (26.7%)
(RDMA_READ_CONSUME_CHECK_CONSUMER) timestamp=9346 ms, used_size=10942464 bytes (26.7%)
(RDMA_READ_CONSUME_CHECK_CONSUMER) timestamp=9346 ms, used_size=10940416 bytes (26.7%)
(RDMA_READ_CONSUME_CHECK_CONSUMER) timestamp=9346 ms, used_size=10938368 bytes (26.7%)
(RDMA_READ_CONSUME_CHECK_CONSUMER) timestamp=9346 ms, used_size=10936320 bytes (26.7%)
(RDMA_READ_CONSUME_CHECK_CONSUMER) timestamp=9346 ms, used_size=10934272 bytes (26.7%)
(RDMA_READ_CONSUME_CHECK_CONSUMER) timestamp=9346 ms, used_size=10932224 bytes (26.7%)
(RDMA_READ_CONSUME_CHECK_CONSUMER) timestamp=9346 ms, used_size=10930176 bytes (26.7%)
(RDMA_READ_CONSUME_CHECK_CONSUMER) timestamp=9346 ms, used_size=10928128 bytes (26.7%)
(RDMA_READ_CONSUME_CHECK_CONSUMER) timestamp=9346 ms, used_size=10926080 bytes (26.7%)
(RDMA_READ_CONSUME_CHECK_CONSUMER) timestamp=9346 ms, used_size=10924032 bytes (26.7%)
(RDMA_READ_CONSUME_CHECK_CONSUMER) timestamp=9346 ms, used_size=10921984 bytes (26.7%)
(RDMA_READ_CONSUME_CHECK_CONSUMER) timestamp=9346 ms, used_size=10919936 bytes (26.7%)
(RDMA_READ_CONSUME_CHECK_CONSUMER) timestamp=9346 ms, used_size=10917888 bytes (26.7%)
(RDMA_READ_CONSUME_CHECK_CONSUMER) timestamp=9346 ms, used_size=10915840 bytes (26.6%)
(RDMA_READ_CONSUME_CHECK_CONSUMER) timestamp=9346 ms, used_size=10913792 bytes (26.6%)
(RDMA_READ_CONSUME_CHECK_CONSUMER) timestamp=9346 ms, used_size=10911744 bytes (26.6%)
(RDMA_READ_CONSUME_CHECK_CONSUMER) timestamp=9346 ms, used_size=10909696 bytes (26.6%)
(RDMA_READ_CONSUME_CHECK_CONSUMER) timestamp=9346 ms, used_size=10907648 bytes (26.6%)
(RDMA_READ_CONSUME_CHECK_CONSUMER) timestamp=9346 ms, used_size=10905600 bytes (26.6%)
(RDMA_READ_CONSUME_CHECK_CONSUMER) timestamp=9346 ms, used_size=10903552 bytes (26.6%)
(RDMA_READ_CONSUME_CHECK_CONSUMER) timestamp=9346 ms, used_size=10901504 bytes (26.6%)
(RDMA_READ_CONSUME_CHECK_CONSUMER) timestamp=9346 ms, used_size=10899456 bytes (26.6%)
(RDMA_READ_CONSUME_CHECK_CONSUMER) timestamp=9346 ms, used_size=10897408 bytes (26.6%)
(RDMA_READ_CONSUME_CHECK_CONSUMER) timestamp=9346 ms, used_size=10895360 bytes (26.6%)
(RDMA_READ_CONSUME_CHECK_CONSUMER) timestamp=9346 ms, used_size=10893312 bytes (26.6%)
(RDMA_READ_CONSUME_CHECK_CONSUMER) timestamp=9346 ms, used_size=10891264 bytes (26.6%)
(RDMA_READ_CONSUME_CHECK_CONSUMER) timestamp=9346 ms, used_size=10889216 bytes (26.6%)
(RDMA_READ_CONSUME_CHECK_CONSUMER) timestamp=9346 ms, used_size=10887168 bytes (26.6%)
(RDMA_READ_CONSUME_CHECK_CONSUMER) timestamp=9346 ms, used_size=10885120 bytes (26.6%)
(RDMA_READ_CONSUME_CHECK_CONSUMER) timestamp=9346 ms, used_size=10883072 bytes (26.6%)
(RDMA_READ_CONSUME_CHECK_CONSUMER) timestamp=9346 ms, used_size=10881024 bytes (26.6%)
(RDMA_READ_CONSUME_CHECK_CONSUMER) timestamp=9346 ms, used_size=10878976 bytes (26.6%)
(RDMA_READ_CONSUME_CHECK_CONSUMER) timestamp=9346 ms, used_size=10876928 bytes (26.6%)
(RDMA_READ_CONSUME_CHECK_CONSUMER) timestamp=9346 ms, used_size=10874880 bytes (26.6%)
(RDMA_READ_CONSUME_CHECK_CONSUMER) timestamp=9346 ms, used_size=10872832 bytes (26.5%)
(RDMA_READ_CONSUME_CHECK_CONSUMER) timestamp=9346 ms, used_size=10870784 bytes (26.5%)
(RDMA_READ_CONSUME_CHECK_CONSUMER) timestamp=9346 ms, used_size=10868736 bytes (26.5%)
(RDMA_READ_CONSUME_CHECK_CONSUMER) timestamp=9346 ms, used_size=10866688 bytes (26.5%)
(RDMA_READ_CONSUME_CHECK_CONSUMER) timestamp=9346 ms, used_size=10864640 bytes (26.5%)
(RDMA_READ_CONSUME_CHECK_CONSUMER) timestamp=9346 ms, used_size=10862592 bytes (26.5%)
(RDMA_READ_CONSUME_CHECK_CONSUMER) timestamp=9346 ms, used_size=10860544 bytes (26.5%)
(RDMA_READ_CONSUME_CHECK_CONSUMER) timestamp=9346 ms, used_size=10858496 bytes (26.5%)
(RDMA_READ_CONSUME_CHECK_CONSUMER) timestamp=9346 ms, used_size=10856448 bytes (26.5%)
(RDMA_READ_CONSUME_CHECK_CONSUMER) timestamp=9346 ms, used_size=10854400 bytes (26.5%)
(RDMA_READ_CONSUME_CHECK_CONSUMER) timestamp=9346 ms, used_size=10852352 bytes (26.5%)
(RDMA_READ_CONSUME_CHECK_CONSUMER) timestamp=9346 ms, used_size=10850304 bytes (26.5%)
(RDMA_READ_CONSUME_CHECK_CONSUMER) timestamp=9346 ms, used_size=10848256 bytes (26.5%)
(RDMA_READ_CONSUME_CHECK_CONSUMER) timestamp=9346 ms, used_size=10846208 bytes (26.5%)
(RDMA_READ_CONSUME_CHECK_CONSUMER) timestamp=9346 ms, used_size=10844160 bytes (26.5%)
(RDMA_READ_CONSUME_CHECK_CONSUMER) timestamp=9346 ms, used_size=10842112 bytes (26.5%)
(RDMA_READ_CONSUME_CHECK_CONSUMER) timestamp=9346 ms, used_size=10840064 bytes (26.5%)
(RDMA_READ_CONSUME_CHECK_CONSUMER) timestamp=9346 ms, used_size=10838016 bytes (26.5%)
(RDMA_READ_CONSUME_CHECK_CONSUMER) timestamp=9346 ms, used_size=10835968 bytes (26.5%)
(RDMA_READ_CONSUME_CHECK_CONSUMER) timestamp=9346 ms, used_size=10833920 bytes (26.4%)
(RDMA_READ_CONSUME_CHECK_CONSUMER) timestamp=9346 ms, used_size=10831872 bytes (26.4%)
(RDMA_READ_CONSUME_CHECK_CONSUMER) timestamp=9346 ms, used_size=10829824 bytes (26.4%)
(RDMA_READ_CONSUME_CHECK_CONSUMER) timestamp=9346 ms, used_size=10827776 bytes (26.4%)
(RDMA_READ_CONSUME_CHECK_CONSUMER) timestamp=9346 ms, used_size=10825728 bytes (26.4%)
(RDMA_READ_CONSUME_CHECK_CONSUMER) timestamp=9346 ms, used_size=10823680 bytes (26.4%)
(RDMA_READ_CONSUME_CHECK_CONSUMER) timestamp=9346 ms, used_size=10821632 bytes (26.4%)
(RDMA_READ_CONSUME_CHECK_CONSUMER) timestamp=9346 ms, used_size=10819584 bytes (26.4%)
(RDMA_READ_CONSUME_CHECK_CONSUMER) timestamp=9346 ms, used_size=10817536 bytes (26.4%)
(RDMA_READ_CONSUME_CHECK_CONSUMER) timestamp=9346 ms, used_size=10815488 bytes (26.4%)
(RDMA_READ_CONSUME_CHECK_CONSUMER) timestamp=9346 ms, used_size=10813440 bytes (26.4%)
(RDMA_READ_CONSUME_CHECK_CONSUMER) timestamp=9346 ms, used_size=10811392 bytes (26.4%)
(RDMA_READ_CONSUME_CHECK_CONSUMER) timestamp=9346 ms, used_size=10809344 bytes (26.4%)
(RDMA_READ_CONSUME_CHECK_CONSUMER) timestamp=9346 ms, used_size=10807296 bytes (26.4%)
(RDMA_READ_CONSUME_CHECK_CONSUMER) timestamp=9346 ms, used_size=10805248 bytes (26.4%)
(RDMA_READ_CONSUME_CHECK_CONSUMER) timestamp=9346 ms, used_size=10803200 bytes (26.4%)
(RDMA_READ_CONSUME_CHECK_CONSUMER) timestamp=9346 ms, used_size=10801152 bytes (26.4%)
(RDMA_READ_CONSUME_CHECK_CONSUMER) timestamp=9346 ms, used_size=10799104 bytes (26.4%)
(RDMA_READ_CONSUME_CHECK_CONSUMER) timestamp=9346 ms, used_size=10797056 bytes (26.4%)
(RDMA_READ_CONSUME_CHECK_CONSUMER) timestamp=9346 ms, used_size=10795008 bytes (26.4%)
(RDMA_READ_CONSUME_CHECK_CONSUMER) timestamp=9346 ms, used_size=10792960 bytes (26.4%)
(RDMA_READ_CONSUME_CHECK_CONSUMER) timestamp=9346 ms, used_size=10790912 bytes (26.3%)
(RDMA_READ_CONSUME_CHECK_CONSUMER) timestamp=9346 ms, used_size=10788864 bytes (26.3%)
(RDMA_READ_CONSUME_CHECK_CONSUMER) timestamp=9346 ms, used_size=10786816 bytes (26.3%)
(RDMA_READ_CONSUME_CHECK_CONSUMER) timestamp=9346 ms, used_size=10784768 bytes (26.3%)
(RDMA_READ_CONSUME_CHECK_CONSUMER) timestamp=9346 ms, used_size=10782720 bytes (26.3%)
(RDMA_READ_CONSUME_CHECK_CONSUMER) timestamp=9346 ms, used_size=10780672 bytes (26.3%)
(RDMA_READ_CONSUME_CHECK_CONSUMER) timestamp=9346 ms, used_size=10778624 bytes (26.3%)
(RDMA_READ_CONSUME_CHECK_CONSUMER) timestamp=9346 ms, used_size=10776576 bytes (26.3%)
(RDMA_READ_CONSUME_CHECK_CONSUMER) timestamp=9346 ms, used_size=10774528 bytes (26.3%)
(RDMA_READ_CONSUME_CHECK_CONSUMER) timestamp=9346 ms, used_size=10772480 bytes (26.3%)
(RDMA_READ_CONSUME_CHECK_CONSUMER) timestamp=9346 ms, used_size=10770432 bytes (26.3%)
(RDMA_READ_CONSUME_CHECK_CONSUMER) timestamp=9346 ms, used_size=10768384 bytes (26.3%)
(RDMA_READ_CONSUME_CHECK_CONSUMER) timestamp=9346 ms, used_size=10766336 bytes (26.3%)
(RDMA_READ_CONSUME_CHECK_CONSUMER) timestamp=9346 ms, used_size=10764288 bytes (26.3%)
(RDMA_READ_CONSUME_CHECK_CONSUMER) timestamp=9346 ms, used_size=10762240 bytes (26.3%)
(RDMA_READ_CONSUME_CHECK_CONSUMER) timestamp=9346 ms, used_size=10760192 bytes (26.3%)
(RDMA_READ_CONSUME_CHECK_CONSUMER) timestamp=9346 ms, used_size=10758144 bytes (26.3%)
(RDMA_READ_CONSUME_CHECK_CONSUMER) timestamp=9346 ms, used_size=10756096 bytes (26.3%)
(RDMA_READ_CONSUME_CHECK_CONSUMER) timestamp=9346 ms, used_size=10754048 bytes (26.3%)
(RDMA_READ_CONSUME_CHECK_CONSUMER) timestamp=9346 ms, used_size=10752000 bytes (26.2%)
(RDMA_READ_CONSUME_CHECK_CONSUMER) timestamp=9346 ms, used_size=10749952 bytes (26.2%)
(RDMA_READ_CONSUME_CHECK_CONSUMER) timestamp=9346 ms, used_size=10747904 bytes (26.2%)
(RDMA_READ_CONSUME_CHECK_CONSUMER) timestamp=9346 ms, used_size=10745856 bytes (26.2%)
(RDMA_READ_CONSUME_CHECK_CONSUMER) timestamp=9346 ms, used_size=10743808 bytes (26.2%)
(RDMA_READ_CONSUME_CHECK_CONSUMER) timestamp=9346 ms, used_size=10741760 bytes (26.2%)
(RDMA_READ_CONSUME_CHECK_CONSUMER) timestamp=9346 ms, used_size=10739712 bytes (26.2%)
(RDMA_READ_CONSUME_CHECK_CONSUMER) timestamp=9346 ms, used_size=10737664 bytes (26.2%)
(RDMA_READ_CONSUME_CHECK_CONSUMER) timestamp=9346 ms, used_size=10735616 bytes (26.2%)
(RDMA_READ_CONSUME_CHECK_CONSUMER) timestamp=9346 ms, used_size=10733568 bytes (26.2%)
(RDMA_READ_CONSUME_CHECK_CONSUMER) timestamp=9346 ms, used_size=10731520 bytes (26.2%)
(RDMA_READ_CONSUME_CHECK_CONSUMER) timestamp=9346 ms, used_size=10729472 bytes (26.2%)
(RDMA_READ_CONSUME_CHECK_CONSUMER) timestamp=9346 ms, used_size=10727424 bytes (26.2%)
(RDMA_READ_CONSUME_CHECK_CONSUMER) timestamp=9346 ms, used_size=10725376 bytes (26.2%)
(RDMA_READ_CONSUME_CHECK_CONSUMER) timestamp=9346 ms, used_size=10723328 bytes (26.2%)
(RDMA_READ_CONSUME_CHECK_CONSUMER) timestamp=9346 ms, used_size=10721280 bytes (26.2%)
(RDMA_READ_CONSUME_CHECK_CONSUMER) timestamp=9346 ms, used_size=10719232 bytes (26.2%)
(RDMA_READ_CONSUME_CHECK_CONSUMER) timestamp=9346 ms, used_size=10717184 bytes (26.2%)
(RDMA_READ_CONSUME_CHECK_CONSUMER) timestamp=9346 ms, used_size=10715136 bytes (26.2%)
(RDMA_READ_CONSUME_CHECK_CONSUMER) timestamp=9346 ms, used_size=10713088 bytes (26.2%)
(RDMA_READ_CONSUME_CHECK_CONSUMER) timestamp=9346 ms, used_size=10711040 bytes (26.1%)
(RDMA_READ_CONSUME_CHECK_CONSUMER) timestamp=9346 ms, used_size=10708992 bytes (26.1%)
(RDMA_READ_CONSUME_CHECK_CONSUMER) timestamp=9346 ms, used_size=10706944 bytes (26.1%)
(RDMA_READ_CONSUME_CHECK_CONSUMER) timestamp=9346 ms, used_size=10704896 bytes (26.1%)
(RDMA_READ_CONSUME_CHECK_CONSUMER) timestamp=9346 ms, used_size=10702848 bytes (26.1%)
(RDMA_READ_CONSUME_CHECK_CONSUMER) timestamp=9346 ms, used_size=10700800 bytes (26.1%)
(RDMA_READ_CONSUME_CHECK_CONSUMER) timestamp=9346 ms, used_size=10698752 bytes (26.1%)
(RDMA_READ_CONSUME_CHECK_CONSUMER) timestamp=9346 ms, used_size=10696704 bytes (26.1%)
(RDMA_READ_CONSUME_CHECK_CONSUMER) timestamp=9346 ms, used_size=10694656 bytes (26.1%)
(RDMA_READ_CONSUME_CHECK_CONSUMER) timestamp=9346 ms, used_size=10692608 bytes (26.1%)
(RDMA_READ_CONSUME_CHECK_CONSUMER) timestamp=9347 ms, used_size=10690560 bytes (26.1%)
(RDMA_READ_CONSUME_CHECK_CONSUMER) timestamp=9347 ms, used_size=10688512 bytes (26.1%)
(RDMA_READ_CONSUME_CHECK_CONSUMER) timestamp=9347 ms, used_size=10686464 bytes (26.1%)
(RDMA_READ_CONSUME_CHECK_CONSUMER) timestamp=9347 ms, used_size=10684416 bytes (26.1%)
(RDMA_READ_CONSUME_CHECK_CONSUMER) timestamp=9347 ms, used_size=10682368 bytes (26.1%)
(RDMA_READ_CONSUME_CHECK_CONSUMER) timestamp=9347 ms, used_size=10680320 bytes (26.1%)
(RDMA_READ_CONSUME_CHECK_CONSUMER) timestamp=9347 ms, used_size=10678272 bytes (26.1%)
(RDMA_READ_CONSUME_CHECK_CONSUMER) timestamp=9347 ms, used_size=10676224 bytes (26.1%)
(RDMA_READ_CONSUME_CHECK_CONSUMER) timestamp=9347 ms, used_size=10674176 bytes (26.1%)
(RDMA_READ_CONSUME_CHECK_CONSUMER) timestamp=9347 ms, used_size=10672128 bytes (26.1%)
(RDMA_READ_CONSUME_CHECK_CONSUMER) timestamp=9347 ms, used_size=10670080 bytes (26.1%)
(RDMA_READ_CONSUME_CHECK_CONSUMER) timestamp=9347 ms, used_size=10668032 bytes (26.0%)
(RDMA_READ_CONSUME_CHECK_CONSUMER) timestamp=9347 ms, used_size=10665984 bytes (26.0%)
(RDMA_READ_CONSUME_CHECK_CONSUMER) timestamp=9347 ms, used_size=10663936 bytes (26.0%)
(RDMA_READ_CONSUME_CHECK_CONSUMER) timestamp=9347 ms, used_size=10661888 bytes (26.0%)
(RDMA_READ_CONSUME_CHECK_CONSUMER) timestamp=9347 ms, used_size=10659840 bytes (26.0%)
(RDMA_READ_CONSUME_CHECK_CONSUMER) timestamp=9347 ms, used_size=10657792 bytes (26.0%)
(RDMA_READ_CONSUME_CHECK_CONSUMER) timestamp=9347 ms, used_size=10655744 bytes (26.0%)
(RDMA_READ_CONSUME_CHECK_CONSUMER) timestamp=9347 ms, used_size=10653696 bytes (26.0%)
(RDMA_READ_CONSUME_CHECK_CONSUMER) timestamp=9347 ms, used_size=10651648 bytes (26.0%)
(RDMA_READ_CONSUME_CHECK_CONSUMER) timestamp=9347 ms, used_size=10649600 bytes (26.0%)
(RDMA_READ_CONSUME_CHECK_CONSUMER) timestamp=9347 ms, used_size=10647552 bytes (26.0%)
(RDMA_READ_CONSUME_CHECK_CONSUMER) timestamp=9347 ms, used_size=10645504 bytes (26.0%)
(RDMA_READ_CONSUME_CHECK_CONSUMER) timestamp=9347 ms, used_size=10643456 bytes (26.0%)
(RDMA_READ_CONSUME_CHECK_CONSUMER) timestamp=9347 ms, used_size=10641408 bytes (26.0%)
(RDMA_READ_CONSUME_CHECK_CONSUMER) timestamp=9347 ms, used_size=10639360 bytes (26.0%)
(RDMA_READ_CONSUME_CHECK_CONSUMER) timestamp=9347 ms, used_size=10637312 bytes (26.0%)
(RDMA_READ_CONSUME_CHECK_CONSUMER) timestamp=9347 ms, used_size=10635264 bytes (26.0%)
(RDMA_READ_CONSUME_CHECK_CONSUMER) timestamp=9347 ms, used_size=10633216 bytes (26.0%)
(RDMA_READ_CONSUME_CHECK_CONSUMER) timestamp=9347 ms, used_size=10631168 bytes (26.0%)
(RDMA_READ_CONSUME_CHECK_CONSUMER) timestamp=9347 ms, used_size=10629120 bytes (25.9%)
(RDMA_READ_CONSUME_CHECK_CONSUMER) timestamp=9347 ms, used_size=10627072 bytes (25.9%)
(RDMA_READ_CONSUME_CHECK_CONSUMER) timestamp=9347 ms, used_size=10625024 bytes (25.9%)
(RDMA_READ_CONSUME_CHECK_CONSUMER) timestamp=9347 ms, used_size=10622976 bytes (25.9%)
(RDMA_READ_CONSUME_CHECK_CONSUMER) timestamp=9347 ms, used_size=10620928 bytes (25.9%)
(RDMA_READ_CONSUME_CHECK_CONSUMER) timestamp=9347 ms, used_size=10618880 bytes (25.9%)
(RDMA_READ_CONSUME_CHECK_CONSUMER) timestamp=9347 ms, used_size=10616832 bytes (25.9%)
(RDMA_READ_CONSUME_CHECK_CONSUMER) timestamp=9347 ms, used_size=10614784 bytes (25.9%)
(RDMA_READ_CONSUME_CHECK_CONSUMER) timestamp=9347 ms, used_size=10612736 bytes (25.9%)
(RDMA_READ_CONSUME_CHECK_CONSUMER) timestamp=9347 ms, used_size=10610688 bytes (25.9%)
(RDMA_READ_CONSUME_CHECK_CONSUMER) timestamp=9347 ms, used_size=10608640 bytes (25.9%)
(RDMA_READ_CONSUME_CHECK_CONSUMER) timestamp=9347 ms, used_size=10606592 bytes (25.9%)
(RDMA_READ_CONSUME_CHECK_CONSUMER) timestamp=9347 ms, used_size=10604544 bytes (25.9%)
(RDMA_READ_CONSUME_CHECK_CONSUMER) timestamp=9347 ms, used_size=10602496 bytes (25.9%)
(RDMA_READ_CONSUME_CHECK_CONSUMER) timestamp=9347 ms, used_size=10600448 bytes (25.9%)
(RDMA_READ_CONSUME_CHECK_CONSUMER) timestamp=9347 ms, used_size=10598400 bytes (25.9%)
(RDMA_READ_CONSUME_CHECK_CONSUMER) timestamp=9347 ms, used_size=10596352 bytes (25.9%)
(RDMA_READ_CONSUME_CHECK_CONSUMER) timestamp=9347 ms, used_size=10594304 bytes (25.9%)
(RDMA_READ_CONSUME_CHECK_CONSUMER) timestamp=9347 ms, used_size=10592256 bytes (25.9%)
(RDMA_READ_CONSUME_CHECK_CONSUMER) timestamp=9347 ms, used_size=10590208 bytes (25.9%)
(RDMA_READ_CONSUME_CHECK_CONSUMER) timestamp=9347 ms, used_size=10588160 bytes (25.9%)
(RDMA_READ_CONSUME_CHECK_CONSUMER) timestamp=9347 ms, used_size=10586112 bytes (25.8%)
(RDMA_READ_CONSUME_CHECK_CONSUMER) timestamp=9347 ms, used_size=10584064 bytes (25.8%)
(RDMA_READ_CONSUME_CHECK_CONSUMER) timestamp=9347 ms, used_size=10582016 bytes (25.8%)
(RDMA_READ_CONSUME_CHECK_CONSUMER) timestamp=9347 ms, used_size=10579968 bytes (25.8%)
(RDMA_READ_CONSUME_CHECK_CONSUMER) timestamp=9347 ms, used_size=10577920 bytes (25.8%)
(RDMA_READ_CONSUME_CHECK_CONSUMER) timestamp=9347 ms, used_size=10575872 bytes (25.8%)
(RDMA_READ_CONSUME_CHECK_CONSUMER) timestamp=9347 ms, used_size=10573824 bytes (25.8%)
(RDMA_READ_CONSUME_CHECK_CONSUMER) timestamp=9347 ms, used_size=10571776 bytes (25.8%)
(RDMA_READ_CONSUME_CHECK_CONSUMER) timestamp=9347 ms, used_size=10569728 bytes (25.8%)
(RDMA_READ_CONSUME_CHECK_CONSUMER) timestamp=9347 ms, used_size=10567680 bytes (25.8%)
(RDMA_READ_CONSUME_CHECK_CONSUMER) timestamp=9347 ms, used_size=10565632 bytes (25.8%)
(RDMA_READ_CONSUME_CHECK_CONSUMER) timestamp=9347 ms, used_size=10563584 bytes (25.8%)
(RDMA_READ_CONSUME_CHECK_CONSUMER) timestamp=9347 ms, used_size=10561536 bytes (25.8%)
(RDMA_READ_CONSUME_CHECK_CONSUMER) timestamp=9347 ms, used_size=10559488 bytes (25.8%)
(RDMA_READ_CONSUME_CHECK_CONSUMER) timestamp=9347 ms, used_size=10557440 bytes (25.8%)
(RDMA_READ_CONSUME_CHECK_CONSUMER) timestamp=9347 ms, used_size=10555392 bytes (25.8%)
(RDMA_READ_CONSUME_CHECK_CONSUMER) timestamp=9347 ms, used_size=10553344 bytes (25.8%)
(RDMA_READ_CONSUME_CHECK_CONSUMER) timestamp=9347 ms, used_size=10551296 bytes (25.8%)
(RDMA_READ_CONSUME_CHECK_CONSUMER) timestamp=9347 ms, used_size=10549248 bytes (25.8%)
(RDMA_READ_CONSUME_CHECK_CONSUMER) timestamp=9347 ms, used_size=10547200 bytes (25.8%)
(RDMA_READ_CONSUME_CHECK_CONSUMER) timestamp=9347 ms, used_size=10545152 bytes (25.7%)
(RDMA_READ_CONSUME_CHECK_CONSUMER) timestamp=9347 ms, used_size=10543104 bytes (25.7%)
(RDMA_READ_CONSUME_CHECK_CONSUMER) timestamp=9347 ms, used_size=10541056 bytes (25.7%)
(RDMA_READ_CONSUME_CHECK_CONSUMER) timestamp=9347 ms, used_size=10539008 bytes (25.7%)
(RDMA_READ_CONSUME_CHECK_CONSUMER) timestamp=9347 ms, used_size=10536960 bytes (25.7%)
(RDMA_READ_CONSUME_CHECK_CONSUMER) timestamp=9347 ms, used_size=10534912 bytes (25.7%)
(RDMA_READ_CONSUME_CHECK_CONSUMER) timestamp=9347 ms, used_size=10532864 bytes (25.7%)
(RDMA_READ_CONSUME_CHECK_CONSUMER) timestamp=9347 ms, used_size=10530816 bytes (25.7%)
(RDMA_READ_CONSUME_CHECK_CONSUMER) timestamp=9347 ms, used_size=10528768 bytes (25.7%)
(RDMA_READ_CONSUME_CHECK_CONSUMER) timestamp=9347 ms, used_size=10526720 bytes (25.7%)
(RDMA_READ_CONSUME_CHECK_CONSUMER) timestamp=9347 ms, used_size=10524672 bytes (25.7%)
(RDMA_READ_CONSUME_CHECK_CONSUMER) timestamp=9347 ms, used_size=10522624 bytes (25.7%)
(RDMA_READ_CONSUME_CHECK_CONSUMER) timestamp=9347 ms, used_size=10520576 bytes (25.7%)
(RDMA_READ_CONSUME_CHECK_CONSUMER) timestamp=9347 ms, used_size=10518528 bytes (25.7%)
(RDMA_READ_CONSUME_CHECK_CONSUMER) timestamp=9347 ms, used_size=10516480 bytes (25.7%)
(RDMA_READ_CONSUME_CHECK_CONSUMER) timestamp=9347 ms, used_size=10514432 bytes (25.7%)
(RDMA_READ_CONSUME_CHECK_CONSUMER) timestamp=9347 ms, used_size=10512384 bytes (25.7%)
(RDMA_READ_CONSUME_CHECK_CONSUMER) timestamp=9347 ms, used_size=10510336 bytes (25.7%)
(RDMA_READ_CONSUME_CHECK_CONSUMER) timestamp=9347 ms, used_size=10508288 bytes (25.7%)
(RDMA_READ_CONSUME_CHECK_CONSUMER) timestamp=9347 ms, used_size=10506240 bytes (25.6%)
(RDMA_READ_CONSUME_CHECK_CONSUMER) timestamp=9347 ms, used_size=10504192 bytes (25.6%)
(RDMA_READ_CONSUME_CHECK_CONSUMER) timestamp=9347 ms, used_size=10502144 bytes (25.6%)
(RDMA_READ_CONSUME_CHECK_CONSUMER) timestamp=9347 ms, used_size=10500096 bytes (25.6%)
(RDMA_READ_CONSUME_CHECK_CONSUMER) timestamp=9347 ms, used_size=10498048 bytes (25.6%)
(RDMA_READ_CONSUME_CHECK_CONSUMER) timestamp=9347 ms, used_size=10496000 bytes (25.6%)
(RDMA_READ_CONSUME_CHECK_CONSUMER) timestamp=9347 ms, used_size=10493952 bytes (25.6%)
(RDMA_READ_CONSUME_CHECK_CONSUMER) timestamp=9347 ms, used_size=10491904 bytes (25.6%)
(RDMA_READ_CONSUME_CHECK_CONSUMER) timestamp=9347 ms, used_size=10489856 bytes (25.6%)
(RDMA_READ_CONSUME_CHECK_CONSUMER) timestamp=9347 ms, used_size=10487808 bytes (25.6%)
(RDMA_READ_CONSUME_CHECK_CONSUMER) timestamp=9347 ms, used_size=10485760 bytes (25.6%)
(RDMA_READ_CONSUME_CHECK_CONSUMER) timestamp=9347 ms, used_size=10483712 bytes (25.6%)
(RDMA_READ_CONSUME_CHECK_CONSUMER) timestamp=9347 ms, used_size=10481664 bytes (25.6%)
(RDMA_READ_CONSUME_CHECK_CONSUMER) timestamp=9347 ms, used_size=10479616 bytes (25.6%)
(RDMA_READ_CONSUME_CHECK_CONSUMER) timestamp=9347 ms, used_size=10477568 bytes (25.6%)
(RDMA_READ_CONSUME_CHECK_CONSUMER) timestamp=9347 ms, used_size=10475520 bytes (25.6%)
(RDMA_READ_CONSUME_CHECK_CONSUMER) timestamp=9347 ms, used_size=10473472 bytes (25.6%)
(RDMA_READ_CONSUME_CHECK_CONSUMER) timestamp=9347 ms, used_size=10471424 bytes (25.6%)
(RDMA_READ_CONSUME_CHECK_CONSUMER) timestamp=9347 ms, used_size=10469376 bytes (25.6%)
(RDMA_READ_CONSUME_CHECK_CONSUMER) timestamp=9347 ms, used_size=10467328 bytes (25.6%)
(RDMA_READ_CONSUME_CHECK_CONSUMER) timestamp=9347 ms, used_size=10465280 bytes (25.6%)
(RDMA_READ_CONSUME_CHECK_CONSUMER) timestamp=9347 ms, used_size=10463232 bytes (25.5%)
(RDMA_READ_CONSUME_CHECK_CONSUMER) timestamp=9347 ms, used_size=10461184 bytes (25.5%)
(RDMA_READ_CONSUME_CHECK_CONSUMER) timestamp=9347 ms, used_size=10459136 bytes (25.5%)
(RDMA_READ_CONSUME_CHECK_CONSUMER) timestamp=9347 ms, used_size=10457088 bytes (25.5%)
(RDMA_READ_CONSUME_CHECK_CONSUMER) timestamp=9347 ms, used_size=10455040 bytes (25.5%)
(RDMA_READ_CONSUME_CHECK_CONSUMER) timestamp=9347 ms, used_size=10452992 bytes (25.5%)
(RDMA_READ_CONSUME_CHECK_CONSUMER) timestamp=9347 ms, used_size=10450944 bytes (25.5%)
(RDMA_READ_CONSUME_CHECK_CONSUMER) timestamp=9347 ms, used_size=10448896 bytes (25.5%)
(RDMA_READ_CONSUME_CHECK_CONSUMER) timestamp=9347 ms, used_size=10446848 bytes (25.5%)
(RDMA_READ_CONSUME_CHECK_CONSUMER) timestamp=9347 ms, used_size=10444800 bytes (25.5%)
(RDMA_READ_CONSUME_CHECK_CONSUMER) timestamp=9347 ms, used_size=10442752 bytes (25.5%)
(RDMA_READ_CONSUME_CHECK_CONSUMER) timestamp=9347 ms, used_size=10440704 bytes (25.5%)
(RDMA_READ_CONSUME_CHECK_CONSUMER) timestamp=9347 ms, used_size=10438656 bytes (25.5%)
(RDMA_READ_CONSUME_CHECK_CONSUMER) timestamp=9347 ms, used_size=10436608 bytes (25.5%)
(RDMA_READ_CONSUME_CHECK_CONSUMER) timestamp=9347 ms, used_size=10434560 bytes (25.5%)
(RDMA_READ_CONSUME_CHECK_CONSUMER) timestamp=9347 ms, used_size=10432512 bytes (25.5%)
(RDMA_READ_CONSUME_CHECK_CONSUMER) timestamp=9347 ms, used_size=10430464 bytes (25.5%)
(RDMA_READ_CONSUME_CHECK_CONSUMER) timestamp=9347 ms, used_size=10428416 bytes (25.5%)
(RDMA_READ_CONSUME_CHECK_CONSUMER) timestamp=9347 ms, used_size=10426368 bytes (25.5%)
(RDMA_READ_CONSUME_CHECK_CONSUMER) timestamp=9347 ms, used_size=10424320 bytes (25.4%)
(RDMA_READ_CONSUME_CHECK_CONSUMER) timestamp=9347 ms, used_size=10422272 bytes (25.4%)
(RDMA_READ_CONSUME_CHECK_CONSUMER) timestamp=9347 ms, used_size=10420224 bytes (25.4%)
(RDMA_READ_CONSUME_CHECK_CONSUMER) timestamp=9347 ms, used_size=10418176 bytes (25.4%)
(RDMA_READ_CONSUME_CHECK_CONSUMER) timestamp=9347 ms, used_size=10416128 bytes (25.4%)
(RDMA_READ_CONSUME_CHECK_CONSUMER) timestamp=9347 ms, used_size=10414080 bytes (25.4%)
(RDMA_READ_CONSUME_CHECK_CONSUMER) timestamp=9347 ms, used_size=10412032 bytes (25.4%)
(RDMA_READ_CONSUME_CHECK_CONSUMER) timestamp=9347 ms, used_size=10409984 bytes (25.4%)
(RDMA_READ_CONSUME_CHECK_CONSUMER) timestamp=9347 ms, used_size=10407936 bytes (25.4%)
(RDMA_READ_CONSUME_CHECK_CONSUMER) timestamp=9347 ms, used_size=10405888 bytes (25.4%)
(RDMA_READ_CONSUME_CHECK_CONSUMER) timestamp=9347 ms, used_size=10403840 bytes (25.4%)
(RDMA_READ_CONSUME_CHECK_CONSUMER) timestamp=9347 ms, used_size=10401792 bytes (25.4%)
(RDMA_READ_CONSUME_CHECK_CONSUMER) timestamp=9347 ms, used_size=10399744 bytes (25.4%)
(RDMA_READ_CONSUME_CHECK_CONSUMER) timestamp=9347 ms, used_size=10397696 bytes (25.4%)
(RDMA_READ_CONSUME_CHECK_CONSUMER) timestamp=9347 ms, used_size=10395648 bytes (25.4%)
(RDMA_READ_CONSUME_CHECK_CONSUMER) timestamp=9347 ms, used_size=10393600 bytes (25.4%)
(RDMA_READ_CONSUME_CHECK_CONSUMER) timestamp=9347 ms, used_size=10391552 bytes (25.4%)
(RDMA_READ_CONSUME_CHECK_CONSUMER) timestamp=9347 ms, used_size=10389504 bytes (25.4%)
(RDMA_READ_CONSUME_CHECK_CONSUMER) timestamp=9347 ms, used_size=10387456 bytes (25.4%)
(RDMA_READ_CONSUME_CHECK_CONSUMER) timestamp=9347 ms, used_size=10385408 bytes (25.4%)
(RDMA_READ_CONSUME_CHECK_CONSUMER) timestamp=9347 ms, used_size=10383360 bytes (25.4%)
(RDMA_READ_CONSUME_CHECK_CONSUMER) timestamp=9347 ms, used_size=10381312 bytes (25.3%)
(RDMA_READ_CONSUME_CHECK_CONSUMER) timestamp=9347 ms, used_size=10379264 bytes (25.3%)
(RDMA_READ_CONSUME_CHECK_CONSUMER) timestamp=9347 ms, used_size=10377216 bytes (25.3%)
(RDMA_READ_CONSUME_CHECK_CONSUMER) timestamp=9347 ms, used_size=10375168 bytes (25.3%)
(RDMA_READ_CONSUME_CHECK_CONSUMER) timestamp=9347 ms, used_size=10373120 bytes (25.3%)
(RDMA_READ_CONSUME_CHECK_CONSUMER) timestamp=9347 ms, used_size=10371072 bytes (25.3%)
(RDMA_READ_CONSUME_CHECK_CONSUMER) timestamp=9347 ms, used_size=10369024 bytes (25.3%)
(RDMA_READ_CONSUME_CHECK_CONSUMER) timestamp=9347 ms, used_size=10366976 bytes (25.3%)
(RDMA_READ_CONSUME_CHECK_CONSUMER) timestamp=9347 ms, used_size=10364928 bytes (25.3%)
(RDMA_READ_CONSUME_CHECK_CONSUMER) timestamp=9347 ms, used_size=10362880 bytes (25.3%)
(RDMA_READ_CONSUME_CHECK_CONSUMER) timestamp=9347 ms, used_size=10360832 bytes (25.3%)
(RDMA_READ_CONSUME_CHECK_CONSUMER) timestamp=9347 ms, used_size=10358784 bytes (25.3%)
(RDMA_READ_CONSUME_CHECK_CONSUMER) timestamp=9347 ms, used_size=10356736 bytes (25.3%)
(RDMA_READ_CONSUME_CHECK_CONSUMER) timestamp=9347 ms, used_size=10354688 bytes (25.3%)
(RDMA_READ_CONSUME_CHECK_CONSUMER) timestamp=9347 ms, used_size=10352640 bytes (25.3%)
(RDMA_READ_CONSUME_CHECK_CONSUMER) timestamp=9347 ms, used_size=10350592 bytes (25.3%)
(RDMA_READ_CONSUME_CHECK_CONSUMER) timestamp=9347 ms, used_size=10348544 bytes (25.3%)
(RDMA_READ_CONSUME_CHECK_CONSUMER) timestamp=9347 ms, used_size=10346496 bytes (25.3%)
(RDMA_READ_CONSUME_CHECK_CONSUMER) timestamp=9347 ms, used_size=10344448 bytes (25.3%)
(RDMA_READ_CONSUME_CHECK_CONSUMER) timestamp=9347 ms, used_size=10342400 bytes (25.2%)
(RDMA_READ_CONSUME_CHECK_CONSUMER) timestamp=9347 ms, used_size=10340352 bytes (25.2%)
(RDMA_READ_CONSUME_CHECK_CONSUMER) timestamp=9347 ms, used_size=10338304 bytes (25.2%)
(RDMA_READ_CONSUME_CHECK_CONSUMER) timestamp=9347 ms, used_size=10336256 bytes (25.2%)
(RDMA_READ_CONSUME_CHECK_CONSUMER) timestamp=9347 ms, used_size=10334208 bytes (25.2%)
(RDMA_READ_CONSUME_CHECK_CONSUMER) timestamp=9347 ms, used_size=10332160 bytes (25.2%)
(RDMA_READ_CONSUME_CHECK_CONSUMER) timestamp=9347 ms, used_size=10330112 bytes (25.2%)
(RDMA_READ_CONSUME_CHECK_CONSUMER) timestamp=9347 ms, used_size=10328064 bytes (25.2%)
(RDMA_READ_CONSUME_CHECK_CONSUMER) timestamp=9347 ms, used_size=10326016 bytes (25.2%)
(RDMA_READ_CONSUME_CHECK_CONSUMER) timestamp=9348 ms, used_size=10323968 bytes (25.2%)
(RDMA_READ_CONSUME_CHECK_CONSUMER) timestamp=9348 ms, used_size=10321920 bytes (25.2%)
(RDMA_READ_CONSUME_CHECK_CONSUMER) timestamp=9348 ms, used_size=10319872 bytes (25.2%)
(RDMA_READ_CONSUME_CHECK_CONSUMER) timestamp=9348 ms, used_size=10317824 bytes (25.2%)
(RDMA_READ_CONSUME_CHECK_CONSUMER) timestamp=9348 ms, used_size=10315776 bytes (25.2%)
(RDMA_READ_CONSUME_CHECK_CONSUMER) timestamp=9348 ms, used_size=10313728 bytes (25.2%)
(RDMA_READ_CONSUME_CHECK_CONSUMER) timestamp=9348 ms, used_size=10311680 bytes (25.2%)
(RDMA_READ_CONSUME_CHECK_CONSUMER) timestamp=9348 ms, used_size=10309632 bytes (25.2%)
(RDMA_READ_CONSUME_CHECK_CONSUMER) timestamp=9348 ms, used_size=10307584 bytes (25.2%)
(RDMA_READ_CONSUME_CHECK_CONSUMER) timestamp=9348 ms, used_size=10305536 bytes (25.2%)
(RDMA_READ_CONSUME_CHECK_CONSUMER) timestamp=9348 ms, used_size=10303488 bytes (25.2%)
(RDMA_READ_CONSUME_CHECK_CONSUMER) timestamp=9348 ms, used_size=10301440 bytes (25.1%)
(RDMA_READ_CONSUME_CHECK_CONSUMER) timestamp=9348 ms, used_size=10299392 bytes (25.1%)
(RDMA_READ_CONSUME_CHECK_CONSUMER) timestamp=9348 ms, used_size=10297344 bytes (25.1%)
(RDMA_READ_CONSUME_CHECK_CONSUMER) timestamp=9348 ms, used_size=10295296 bytes (25.1%)
(RDMA_READ_CONSUME_CHECK_CONSUMER) timestamp=9348 ms, used_size=10293248 bytes (25.1%)
(RDMA_READ_CONSUME_CHECK_CONSUMER) timestamp=9348 ms, used_size=10291200 bytes (25.1%)
(RDMA_READ_CONSUME_CHECK_CONSUMER) timestamp=9348 ms, used_size=10289152 bytes (25.1%)
(RDMA_READ_CONSUME_CHECK_CONSUMER) timestamp=9348 ms, used_size=10287104 bytes (25.1%)
(RDMA_READ_CONSUME_CHECK_CONSUMER) timestamp=9348 ms, used_size=10285056 bytes (25.1%)
(RDMA_READ_CONSUME_CHECK_CONSUMER) timestamp=9348 ms, used_size=10283008 bytes (25.1%)
(RDMA_READ_CONSUME_CHECK_CONSUMER) timestamp=9348 ms, used_size=10280960 bytes (25.1%)
(RDMA_READ_CONSUME_CHECK_CONSUMER) timestamp=9348 ms, used_size=10278912 bytes (25.1%)
(RDMA_READ_CONSUME_CHECK_CONSUMER) timestamp=9348 ms, used_size=10276864 bytes (25.1%)
(RDMA_READ_CONSUME_CHECK_CONSUMER) timestamp=9348 ms, used_size=10274816 bytes (25.1%)
(RDMA_READ_CONSUME_CHECK_CONSUMER) timestamp=9348 ms, used_size=10272768 bytes (25.1%)
(RDMA_READ_CONSUME_CHECK_CONSUMER) timestamp=9348 ms, used_size=10270720 bytes (25.1%)
(RDMA_READ_CONSUME_CHECK_CONSUMER) timestamp=9348 ms, used_size=10268672 bytes (25.1%)
(RDMA_READ_CONSUME_CHECK_CONSUMER) timestamp=9348 ms, used_size=10266624 bytes (25.1%)
(RDMA_READ_CONSUME_CHECK_CONSUMER) timestamp=9348 ms, used_size=10264576 bytes (25.1%)
(RDMA_READ_CONSUME_CHECK_CONSUMER) timestamp=9348 ms, used_size=10262528 bytes (25.1%)
(RDMA_READ_CONSUME_CHECK_CONSUMER) timestamp=9348 ms, used_size=10260480 bytes (25.1%)
(RDMA_READ_CONSUME_CHECK_CONSUMER) timestamp=9348 ms, used_size=10258432 bytes (25.0%)
(RDMA_READ_CONSUME_CHECK_CONSUMER) timestamp=9348 ms, used_size=10256384 bytes (25.0%)
(RDMA_READ_CONSUME_CHECK_CONSUMER) timestamp=9348 ms, used_size=10254336 bytes (25.0%)
(RDMA_READ_CONSUME_CHECK_CONSUMER) timestamp=9348 ms, used_size=10252288 bytes (25.0%)
(RDMA_READ_CONSUME_CHECK_CONSUMER) timestamp=9348 ms, used_size=10250240 bytes (25.0%)
(RDMA_READ_CONSUME_CHECK_CONSUMER) timestamp=9348 ms, used_size=10248192 bytes (25.0%)
(RDMA_READ_CONSUME_CHECK_CONSUMER) timestamp=9348 ms, used_size=10246144 bytes (25.0%)
(RDMA_READ_CONSUME_CHECK_CONSUMER) timestamp=9348 ms, used_size=10244096 bytes (25.0%)
(RDMA_READ_CONSUME_CHECK_CONSUMER) timestamp=9348 ms, used_size=10242048 bytes (25.0%)
(RDMA_READ_CONSUME_CHECK_CONSUMER) timestamp=9348 ms, used_size=10240000 bytes (25.0%)
(RDMA_READ_CONSUME_CHECK_CONSUMER) timestamp=9348 ms, used_size=10237952 bytes (25.0%)
(RDMA_READ_CONSUME_CHECK_CONSUMER) timestamp=9348 ms, used_size=10235904 bytes (25.0%)
(RDMA_READ_CONSUME_CHECK_CONSUMER) timestamp=9348 ms, used_size=10233856 bytes (25.0%)
(RDMA_READ_CONSUME_CHECK_CONSUMER) timestamp=9348 ms, used_size=10231808 bytes (25.0%)
(RDMA_READ_CONSUME_CHECK_CONSUMER) timestamp=9348 ms, used_size=10229760 bytes (25.0%)
(RDMA_READ_CONSUME_CHECK_CONSUMER) timestamp=9348 ms, used_size=10227712 bytes (25.0%)
(RDMA_READ_CONSUME_CHECK_CONSUMER) timestamp=9348 ms, used_size=10225664 bytes (25.0%)
(RDMA_READ_CONSUME_CHECK_CONSUMER) timestamp=9348 ms, used_size=10223616 bytes (25.0%)
(RDMA_READ_CONSUME_CHECK_CONSUMER) timestamp=9348 ms, used_size=10221568 bytes (25.0%)
(RDMA_READ_CONSUME_CHECK_CONSUMER) timestamp=9348 ms, used_size=10219520 bytes (24.9%)
(RDMA_READ_CONSUME_CHECK_CONSUMER) timestamp=9348 ms, used_size=10217472 bytes (24.9%)
(RDMA_READ_CONSUME_CHECK_CONSUMER) timestamp=9348 ms, used_size=10215424 bytes (24.9%)
(RDMA_READ_CONSUME_CHECK_CONSUMER) timestamp=9348 ms, used_size=10213376 bytes (24.9%)
(RDMA_READ_CONSUME_CHECK_CONSUMER) timestamp=9348 ms, used_size=10211328 bytes (24.9%)
(RDMA_READ_CONSUME_CHECK_CONSUMER) timestamp=9348 ms, used_size=10209280 bytes (24.9%)
(RDMA_READ_CONSUME_CHECK_CONSUMER) timestamp=9348 ms, used_size=10207232 bytes (24.9%)
(RDMA_READ_CONSUME_CHECK_CONSUMER) timestamp=9348 ms, used_size=10205184 bytes (24.9%)
(RDMA_READ_CONSUME_CHECK_CONSUMER) timestamp=9348 ms, used_size=10203136 bytes (24.9%)
(RDMA_READ_CONSUME_CHECK_CONSUMER) timestamp=9348 ms, used_size=10201088 bytes (24.9%)
(RDMA_READ_CONSUME_CHECK_CONSUMER) timestamp=9348 ms, used_size=10199040 bytes (24.9%)
(RDMA_READ_CONSUME_CHECK_CONSUMER) timestamp=9348 ms, used_size=10196992 bytes (24.9%)
(RDMA_READ_CONSUME_CHECK_CONSUMER) timestamp=9348 ms, used_size=10194944 bytes (24.9%)
(RDMA_READ_CONSUME_CHECK_CONSUMER) timestamp=9348 ms, used_size=10192896 bytes (24.9%)
(RDMA_READ_CONSUME_CHECK_CONSUMER) timestamp=9348 ms, used_size=10190848 bytes (24.9%)
(RDMA_READ_CONSUME_CHECK_CONSUMER) timestamp=9348 ms, used_size=10188800 bytes (24.9%)
(RDMA_READ_CONSUME_CHECK_CONSUMER) timestamp=9348 ms, used_size=10186752 bytes (24.9%)
(RDMA_READ_CONSUME_CHECK_CONSUMER) timestamp=9348 ms, used_size=10184704 bytes (24.9%)
(RDMA_READ_CONSUME_CHECK_CONSUMER) timestamp=9348 ms, used_size=10182656 bytes (24.9%)
(RDMA_READ_CONSUME_CHECK_CONSUMER) timestamp=9348 ms, used_size=10180608 bytes (24.9%)
(RDMA_READ_CONSUME_CHECK_CONSUMER) timestamp=9348 ms, used_size=10178560 bytes (24.9%)
(RDMA_READ_CONSUME_CHECK_CONSUMER) timestamp=9348 ms, used_size=10176512 bytes (24.8%)
(RDMA_READ_CONSUME_CHECK_CONSUMER) timestamp=9348 ms, used_size=10174464 bytes (24.8%)
(RDMA_READ_CONSUME_CHECK_CONSUMER) timestamp=9348 ms, used_size=10172416 bytes (24.8%)
(RDMA_READ_CONSUME_CHECK_CONSUMER) timestamp=9348 ms, used_size=10170368 bytes (24.8%)
(RDMA_READ_CONSUME_CHECK_CONSUMER) timestamp=9348 ms, used_size=10168320 bytes (24.8%)
(RDMA_READ_CONSUME_CHECK_CONSUMER) timestamp=9348 ms, used_size=10166272 bytes (24.8%)
(RDMA_READ_CONSUME_CHECK_CONSUMER) timestamp=9348 ms, used_size=10164224 bytes (24.8%)
(RDMA_READ_CONSUME_CHECK_CONSUMER) timestamp=9348 ms, used_size=10162176 bytes (24.8%)
(RDMA_READ_CONSUME_CHECK_CONSUMER) timestamp=9348 ms, used_size=10160128 bytes (24.8%)
(RDMA_READ_CONSUME_CHECK_CONSUMER) timestamp=9348 ms, used_size=10158080 bytes (24.8%)
(RDMA_READ_CONSUME_CHECK_CONSUMER) timestamp=9348 ms, used_size=10156032 bytes (24.8%)
(RDMA_READ_CONSUME_CHECK_CONSUMER) timestamp=9348 ms, used_size=10153984 bytes (24.8%)
(RDMA_READ_CONSUME_CHECK_CONSUMER) timestamp=9348 ms, used_size=10151936 bytes (24.8%)
(RDMA_READ_CONSUME_CHECK_CONSUMER) timestamp=9348 ms, used_size=10149888 bytes (24.8%)
(RDMA_READ_CONSUME_CHECK_CONSUMER) timestamp=9348 ms, used_size=10147840 bytes (24.8%)
(RDMA_READ_CONSUME_CHECK_CONSUMER) timestamp=9348 ms, used_size=10145792 bytes (24.8%)
(RDMA_READ_CONSUME_CHECK_CONSUMER) timestamp=9348 ms, used_size=10143744 bytes (24.8%)
(RDMA_READ_CONSUME_CHECK_CONSUMER) timestamp=9348 ms, used_size=10141696 bytes (24.8%)
(RDMA_READ_CONSUME_CHECK_CONSUMER) timestamp=9348 ms, used_size=10139648 bytes (24.8%)
(RDMA_READ_CONSUME_CHECK_CONSUMER) timestamp=9348 ms, used_size=10137600 bytes (24.8%)
(RDMA_READ_CONSUME_CHECK_CONSUMER) timestamp=9348 ms, used_size=10135552 bytes (24.7%)
(RDMA_READ_CONSUME_CHECK_CONSUMER) timestamp=9348 ms, used_size=10133504 bytes (24.7%)
(RDMA_READ_CONSUME_CHECK_CONSUMER) timestamp=9348 ms, used_size=10131456 bytes (24.7%)
(RDMA_READ_CONSUME_CHECK_CONSUMER) timestamp=9348 ms, used_size=10129408 bytes (24.7%)
(RDMA_READ_CONSUME_CHECK_CONSUMER) timestamp=9348 ms, used_size=10127360 bytes (24.7%)
(RDMA_READ_CONSUME_CHECK_CONSUMER) timestamp=9348 ms, used_size=10125312 bytes (24.7%)
(RDMA_READ_CONSUME_CHECK_CONSUMER) timestamp=9348 ms, used_size=10123264 bytes (24.7%)
(RDMA_READ_CONSUME_CHECK_CONSUMER) timestamp=9348 ms, used_size=10121216 bytes (24.7%)
(RDMA_READ_CONSUME_CHECK_CONSUMER) timestamp=9348 ms, used_size=10119168 bytes (24.7%)
(RDMA_READ_CONSUME_CHECK_CONSUMER) timestamp=9348 ms, used_size=10117120 bytes (24.7%)
(RDMA_READ_CONSUME_CHECK_CONSUMER) timestamp=9348 ms, used_size=10115072 bytes (24.7%)
(RDMA_READ_CONSUME_CHECK_CONSUMER) timestamp=9348 ms, used_size=10113024 bytes (24.7%)
(RDMA_READ_CONSUME_CHECK_CONSUMER) timestamp=9348 ms, used_size=10110976 bytes (24.7%)
(RDMA_READ_CONSUME_CHECK_CONSUMER) timestamp=9348 ms, used_size=10108928 bytes (24.7%)
(RDMA_READ_CONSUME_CHECK_CONSUMER) timestamp=9348 ms, used_size=10106880 bytes (24.7%)
(RDMA_READ_CONSUME_CHECK_CONSUMER) timestamp=9348 ms, used_size=10104832 bytes (24.7%)
(RDMA_READ_CONSUME_CHECK_CONSUMER) timestamp=9348 ms, used_size=10102784 bytes (24.7%)
(RDMA_READ_CONSUME_CHECK_CONSUMER) timestamp=9348 ms, used_size=10100736 bytes (24.7%)
(RDMA_READ_CONSUME_CHECK_CONSUMER) timestamp=9348 ms, used_size=10098688 bytes (24.7%)
(RDMA_READ_CONSUME_CHECK_CONSUMER) timestamp=9348 ms, used_size=10096640 bytes (24.6%)
(RDMA_READ_CONSUME_CHECK_CONSUMER) timestamp=9348 ms, used_size=10094592 bytes (24.6%)
(RDMA_READ_CONSUME_CHECK_CONSUMER) timestamp=9348 ms, used_size=10092544 bytes (24.6%)
(RDMA_READ_CONSUME_CHECK_CONSUMER) timestamp=9348 ms, used_size=10090496 bytes (24.6%)
(RDMA_READ_CONSUME_CHECK_CONSUMER) timestamp=9348 ms, used_size=10088448 bytes (24.6%)
(RDMA_READ_CONSUME_CHECK_CONSUMER) timestamp=9348 ms, used_size=10086400 bytes (24.6%)
(RDMA_READ_CONSUME_CHECK_CONSUMER) timestamp=9348 ms, used_size=10084352 bytes (24.6%)
(RDMA_READ_CONSUME_CHECK_CONSUMER) timestamp=9348 ms, used_size=10082304 bytes (24.6%)
(RDMA_READ_CONSUME_CHECK_CONSUMER) timestamp=9348 ms, used_size=10080256 bytes (24.6%)
(RDMA_READ_CONSUME_CHECK_CONSUMER) timestamp=9348 ms, used_size=10078208 bytes (24.6%)
(RDMA_READ_CONSUME_CHECK_CONSUMER) timestamp=9348 ms, used_size=10076160 bytes (24.6%)
(RDMA_READ_CONSUME_CHECK_CONSUMER) timestamp=9348 ms, used_size=10074112 bytes (24.6%)
(RDMA_READ_CONSUME_CHECK_CONSUMER) timestamp=9348 ms, used_size=10072064 bytes (24.6%)
(RDMA_READ_CONSUME_CHECK_CONSUMER) timestamp=9348 ms, used_size=10070016 bytes (24.6%)
(RDMA_READ_CONSUME_CHECK_CONSUMER) timestamp=9348 ms, used_size=10067968 bytes (24.6%)
(RDMA_READ_CONSUME_CHECK_CONSUMER) timestamp=9348 ms, used_size=10065920 bytes (24.6%)
(RDMA_READ_CONSUME_CHECK_CONSUMER) timestamp=9348 ms, used_size=10063872 bytes (24.6%)
(RDMA_READ_CONSUME_CHECK_CONSUMER) timestamp=9348 ms, used_size=10061824 bytes (24.6%)
(RDMA_READ_CONSUME_CHECK_CONSUMER) timestamp=9348 ms, used_size=10059776 bytes (24.6%)
(RDMA_READ_CONSUME_CHECK_CONSUMER) timestamp=9348 ms, used_size=10057728 bytes (24.6%)
(RDMA_READ_CONSUME_CHECK_CONSUMER) timestamp=9348 ms, used_size=10055680 bytes (24.6%)
(RDMA_READ_CONSUME_CHECK_CONSUMER) timestamp=9348 ms, used_size=10053632 bytes (24.5%)
(RDMA_READ_CONSUME_CHECK_CONSUMER) timestamp=9348 ms, used_size=10051584 bytes (24.5%)
(RDMA_READ_CONSUME_CHECK_CONSUMER) timestamp=9348 ms, used_size=10049536 bytes (24.5%)
(RDMA_READ_CONSUME_CHECK_CONSUMER) timestamp=9348 ms, used_size=10047488 bytes (24.5%)
(RDMA_READ_CONSUME_CHECK_CONSUMER) timestamp=9348 ms, used_size=10045440 bytes (24.5%)
(RDMA_READ_CONSUME_CHECK_CONSUMER) timestamp=9348 ms, used_size=10043392 bytes (24.5%)
(RDMA_READ_CONSUME_CHECK_CONSUMER) timestamp=9348 ms, used_size=10041344 bytes (24.5%)
(RDMA_READ_CONSUME_CHECK_CONSUMER) timestamp=9348 ms, used_size=10039296 bytes (24.5%)
(RDMA_READ_CONSUME_CHECK_CONSUMER) timestamp=9348 ms, used_size=10037248 bytes (24.5%)
(RDMA_READ_CONSUME_CHECK_CONSUMER) timestamp=9348 ms, used_size=10035200 bytes (24.5%)
(RDMA_READ_CONSUME_CHECK_CONSUMER) timestamp=9348 ms, used_size=10033152 bytes (24.5%)
(RDMA_READ_CONSUME_CHECK_CONSUMER) timestamp=9348 ms, used_size=10031104 bytes (24.5%)
(RDMA_READ_CONSUME_CHECK_CONSUMER) timestamp=9348 ms, used_size=10029056 bytes (24.5%)
(RDMA_READ_CONSUME_CHECK_CONSUMER) timestamp=9348 ms, used_size=10027008 bytes (24.5%)
(RDMA_READ_CONSUME_CHECK_CONSUMER) timestamp=9348 ms, used_size=10024960 bytes (24.5%)
(RDMA_READ_CONSUME_CHECK_CONSUMER) timestamp=9348 ms, used_size=10022912 bytes (24.5%)
(RDMA_READ_CONSUME_CHECK_CONSUMER) timestamp=9348 ms, used_size=10020864 bytes (24.5%)
(RDMA_READ_CONSUME_CHECK_CONSUMER) timestamp=9348 ms, used_size=10018816 bytes (24.5%)
(RDMA_READ_CONSUME_CHECK_CONSUMER) timestamp=9348 ms, used_size=10016768 bytes (24.5%)
(RDMA_READ_CONSUME_CHECK_CONSUMER) timestamp=9348 ms, used_size=10014720 bytes (24.4%)
(RDMA_READ_CONSUME_CHECK_CONSUMER) timestamp=9348 ms, used_size=10012672 bytes (24.4%)
(RDMA_READ_CONSUME_CHECK_CONSUMER) timestamp=9348 ms, used_size=10010624 bytes (24.4%)
(RDMA_READ_CONSUME_CHECK_CONSUMER) timestamp=9348 ms, used_size=10008576 bytes (24.4%)
(RDMA_READ_CONSUME_CHECK_CONSUMER) timestamp=9348 ms, used_size=10006528 bytes (24.4%)
(RDMA_READ_CONSUME_CHECK_CONSUMER) timestamp=9348 ms, used_size=10004480 bytes (24.4%)
(RDMA_READ_CONSUME_CHECK_CONSUMER) timestamp=9348 ms, used_size=10002432 bytes (24.4%)
(RDMA_READ_CONSUME_CHECK_CONSUMER) timestamp=9348 ms, used_size=10000384 bytes (24.4%)
(RDMA_READ_CONSUME_CHECK_CONSUMER) timestamp=9348 ms, used_size=9998336 bytes (24.4%)
(RDMA_READ_CONSUME_CHECK_CONSUMER) timestamp=9348 ms, used_size=9996288 bytes (24.4%)
(RDMA_READ_CONSUME_CHECK_CONSUMER) timestamp=9348 ms, used_size=9994240 bytes (24.4%)
(RDMA_READ_CONSUME_CHECK_CONSUMER) timestamp=9348 ms, used_size=9992192 bytes (24.4%)
(RDMA_READ_CONSUME_CHECK_CONSUMER) timestamp=9348 ms, used_size=9990144 bytes (24.4%)
(RDMA_READ_CONSUME_CHECK_CONSUMER) timestamp=9348 ms, used_size=9988096 bytes (24.4%)
(RDMA_READ_CONSUME_CHECK_CONSUMER) timestamp=9348 ms, used_size=9986048 bytes (24.4%)
(RDMA_READ_CONSUME_CHECK_CONSUMER) timestamp=9348 ms, used_size=9984000 bytes (24.4%)
(RDMA_READ_CONSUME_CHECK_CONSUMER) timestamp=9348 ms, used_size=9981952 bytes (24.4%)
(RDMA_READ_CONSUME_CHECK_CONSUMER) timestamp=9348 ms, used_size=9979904 bytes (24.4%)
(RDMA_READ_CONSUME_CHECK_CONSUMER) timestamp=9348 ms, used_size=9977856 bytes (24.4%)
(RDMA_READ_CONSUME_CHECK_CONSUMER) timestamp=9348 ms, used_size=9975808 bytes (24.4%)
(RDMA_READ_CONSUME_CHECK_CONSUMER) timestamp=9348 ms, used_size=9973760 bytes (24.4%)
(RDMA_READ_CONSUME_CHECK_CONSUMER) timestamp=9348 ms, used_size=9971712 bytes (24.3%)
(RDMA_READ_CONSUME_CHECK_CONSUMER) timestamp=9348 ms, used_size=9969664 bytes (24.3%)
(RDMA_READ_CONSUME_CHECK_CONSUMER) timestamp=9348 ms, used_size=9967616 bytes (24.3%)
(RDMA_READ_CONSUME_CHECK_CONSUMER) timestamp=9348 ms, used_size=9965568 bytes (24.3%)
(RDMA_READ_CONSUME_CHECK_CONSUMER) timestamp=9348 ms, used_size=9963520 bytes (24.3%)
(RDMA_READ_CONSUME_CHECK_CONSUMER) timestamp=9348 ms, used_size=9961472 bytes (24.3%)
(RDMA_READ_CONSUME_CHECK_CONSUMER) timestamp=9348 ms, used_size=9959424 bytes (24.3%)
(RDMA_READ_CONSUME_CHECK_CONSUMER) timestamp=9348 ms, used_size=9957376 bytes (24.3%)
(RDMA_READ_CONSUME_CHECK_CONSUMER) timestamp=9348 ms, used_size=9955328 bytes (24.3%)
(RDMA_READ_CONSUME_CHECK_CONSUMER) timestamp=9348 ms, used_size=9953280 bytes (24.3%)
(RDMA_READ_CONSUME_CHECK_CONSUMER) timestamp=9348 ms, used_size=9951232 bytes (24.3%)
(RDMA_READ_CONSUME_CHECK_CONSUMER) timestamp=9348 ms, used_size=9949184 bytes (24.3%)
(RDMA_READ_CONSUME_CHECK_CONSUMER) timestamp=9349 ms, used_size=9947136 bytes (24.3%)
(RDMA_READ_CONSUME_CHECK_CONSUMER) timestamp=9349 ms, used_size=9945088 bytes (24.3%)
(RDMA_READ_CONSUME_CHECK_CONSUMER) timestamp=9349 ms, used_size=9943040 bytes (24.3%)
(RDMA_READ_CONSUME_CHECK_CONSUMER) timestamp=9349 ms, used_size=9940992 bytes (24.3%)
(RDMA_READ_CONSUME_CHECK_CONSUMER) timestamp=9349 ms, used_size=9938944 bytes (24.3%)
(RDMA_READ_CONSUME_CHECK_CONSUMER) timestamp=9349 ms, used_size=9936896 bytes (24.3%)
(RDMA_READ_CONSUME_CHECK_CONSUMER) timestamp=9349 ms, used_size=9934848 bytes (24.3%)
(RDMA_READ_CONSUME_CHECK_CONSUMER) timestamp=9349 ms, used_size=9932800 bytes (24.2%)
(RDMA_READ_CONSUME_CHECK_CONSUMER) timestamp=9349 ms, used_size=9930752 bytes (24.2%)
(RDMA_READ_CONSUME_CHECK_CONSUMER) timestamp=9349 ms, used_size=9928704 bytes (24.2%)
(RDMA_READ_CONSUME_CHECK_CONSUMER) timestamp=9349 ms, used_size=9926656 bytes (24.2%)
(RDMA_READ_CONSUME_CHECK_CONSUMER) timestamp=9349 ms, used_size=9924608 bytes (24.2%)
(RDMA_READ_CONSUME_CHECK_CONSUMER) timestamp=9349 ms, used_size=9922560 bytes (24.2%)
(RDMA_READ_CONSUME_CHECK_CONSUMER) timestamp=9349 ms, used_size=9920512 bytes (24.2%)
(RDMA_READ_CONSUME_CHECK_CONSUMER) timestamp=9349 ms, used_size=9918464 bytes (24.2%)
(RDMA_READ_CONSUME_CHECK_CONSUMER) timestamp=9349 ms, used_size=9916416 bytes (24.2%)
(RDMA_READ_CONSUME_CHECK_CONSUMER) timestamp=9349 ms, used_size=9914368 bytes (24.2%)
(RDMA_READ_CONSUME_CHECK_CONSUMER) timestamp=9349 ms, used_size=9912320 bytes (24.2%)
(RDMA_READ_CONSUME_CHECK_CONSUMER) timestamp=9349 ms, used_size=9910272 bytes (24.2%)
(RDMA_READ_CONSUME_CHECK_CONSUMER) timestamp=9349 ms, used_size=9908224 bytes (24.2%)
(RDMA_READ_CONSUME_CHECK_CONSUMER) timestamp=9349 ms, used_size=9906176 bytes (24.2%)
(RDMA_READ_CONSUME_CHECK_CONSUMER) timestamp=9349 ms, used_size=9904128 bytes (24.2%)
(RDMA_READ_CONSUME_CHECK_CONSUMER) timestamp=9349 ms, used_size=9902080 bytes (24.2%)
(RDMA_READ_CONSUME_CHECK_CONSUMER) timestamp=9349 ms, used_size=9900032 bytes (24.2%)
(RDMA_READ_CONSUME_CHECK_CONSUMER) timestamp=9349 ms, used_size=9897984 bytes (24.2%)
(RDMA_READ_CONSUME_CHECK_CONSUMER) timestamp=9349 ms, used_size=9895936 bytes (24.2%)
(RDMA_READ_CONSUME_CHECK_CONSUMER) timestamp=9349 ms, used_size=9893888 bytes (24.2%)
(RDMA_READ_CONSUME_CHECK_CONSUMER) timestamp=9349 ms, used_size=9891840 bytes (24.1%)
(RDMA_READ_CONSUME_CHECK_CONSUMER) timestamp=9349 ms, used_size=9889792 bytes (24.1%)
(RDMA_READ_CONSUME_CHECK_CONSUMER) timestamp=9349 ms, used_size=9887744 bytes (24.1%)
(RDMA_READ_CONSUME_CHECK_CONSUMER) timestamp=9349 ms, used_size=9885696 bytes (24.1%)
(RDMA_READ_CONSUME_CHECK_CONSUMER) timestamp=9349 ms, used_size=9883648 bytes (24.1%)
(RDMA_READ_CONSUME_CHECK_CONSUMER) timestamp=9349 ms, used_size=9881600 bytes (24.1%)
(RDMA_READ_CONSUME_CHECK_CONSUMER) timestamp=9349 ms, used_size=9879552 bytes (24.1%)
(RDMA_READ_CONSUME_CHECK_CONSUMER) timestamp=9349 ms, used_size=9877504 bytes (24.1%)
(RDMA_READ_CONSUME_CHECK_CONSUMER) timestamp=9349 ms, used_size=9875456 bytes (24.1%)
(RDMA_READ_CONSUME_CHECK_CONSUMER) timestamp=9349 ms, used_size=9873408 bytes (24.1%)
(RDMA_READ_CONSUME_CHECK_CONSUMER) timestamp=9349 ms, used_size=9871360 bytes (24.1%)
(RDMA_READ_CONSUME_CHECK_CONSUMER) timestamp=9349 ms, used_size=9869312 bytes (24.1%)
(RDMA_READ_CONSUME_CHECK_CONSUMER) timestamp=9349 ms, used_size=9867264 bytes (24.1%)
(RDMA_READ_CONSUME_CHECK_CONSUMER) timestamp=9349 ms, used_size=9865216 bytes (24.1%)
(RDMA_READ_CONSUME_CHECK_CONSUMER) timestamp=9349 ms, used_size=9863168 bytes (24.1%)
(RDMA_READ_CONSUME_CHECK_CONSUMER) timestamp=9349 ms, used_size=9861120 bytes (24.1%)
(RDMA_READ_CONSUME_CHECK_CONSUMER) timestamp=9349 ms, used_size=9859072 bytes (24.1%)
(RDMA_READ_CONSUME_CHECK_CONSUMER) timestamp=9349 ms, used_size=9857024 bytes (24.1%)
(RDMA_READ_CONSUME_CHECK_CONSUMER) timestamp=9349 ms, used_size=9854976 bytes (24.1%)
(RDMA_READ_CONSUME_CHECK_CONSUMER) timestamp=9349 ms, used_size=9852928 bytes (24.1%)
(RDMA_READ_CONSUME_CHECK_CONSUMER) timestamp=9349 ms, used_size=9850880 bytes (24.1%)
(RDMA_READ_CONSUME_CHECK_CONSUMER) timestamp=9349 ms, used_size=9848832 bytes (24.0%)
(RDMA_READ_CONSUME_CHECK_CONSUMER) timestamp=9349 ms, used_size=9846784 bytes (24.0%)
(RDMA_READ_CONSUME_CHECK_CONSUMER) timestamp=9349 ms, used_size=9844736 bytes (24.0%)
(RDMA_READ_CONSUME_CHECK_CONSUMER) timestamp=9349 ms, used_size=9842688 bytes (24.0%)
(RDMA_READ_CONSUME_CHECK_CONSUMER) timestamp=9349 ms, used_size=9840640 bytes (24.0%)
(RDMA_READ_CONSUME_CHECK_CONSUMER) timestamp=9349 ms, used_size=9838592 bytes (24.0%)
(RDMA_READ_CONSUME_CHECK_CONSUMER) timestamp=9349 ms, used_size=9836544 bytes (24.0%)
(RDMA_READ_CONSUME_CHECK_CONSUMER) timestamp=9349 ms, used_size=9834496 bytes (24.0%)
(RDMA_READ_CONSUME_CHECK_CONSUMER) timestamp=9349 ms, used_size=9832448 bytes (24.0%)
(RDMA_READ_CONSUME_CHECK_CONSUMER) timestamp=9349 ms, used_size=9830400 bytes (24.0%)
(RDMA_READ_CONSUME_CHECK_CONSUMER) timestamp=9349 ms, used_size=9828352 bytes (24.0%)
(RDMA_READ_CONSUME_CHECK_CONSUMER) timestamp=9349 ms, used_size=9826304 bytes (24.0%)
(RDMA_READ_CONSUME_CHECK_CONSUMER) timestamp=9349 ms, used_size=9824256 bytes (24.0%)
(RDMA_READ_CONSUME_CHECK_CONSUMER) timestamp=9349 ms, used_size=9822208 bytes (24.0%)
(RDMA_READ_CONSUME_CHECK_CONSUMER) timestamp=9349 ms, used_size=9820160 bytes (24.0%)
(RDMA_READ_CONSUME_CHECK_CONSUMER) timestamp=9349 ms, used_size=9818112 bytes (24.0%)
(RDMA_READ_CONSUME_CHECK_CONSUMER) timestamp=9349 ms, used_size=9816064 bytes (24.0%)
(RDMA_READ_CONSUME_CHECK_CONSUMER) timestamp=9349 ms, used_size=9814016 bytes (24.0%)
(RDMA_READ_CONSUME_CHECK_CONSUMER) timestamp=9349 ms, used_size=9811968 bytes (24.0%)
(RDMA_READ_CONSUME_CHECK_CONSUMER) timestamp=9349 ms, used_size=9809920 bytes (23.9%)
(RDMA_READ_CONSUME_CHECK_CONSUMER) timestamp=9349 ms, used_size=9807872 bytes (23.9%)
(RDMA_READ_CONSUME_CHECK_CONSUMER) timestamp=9349 ms, used_size=9805824 bytes (23.9%)
(RDMA_READ_CONSUME_CHECK_CONSUMER) timestamp=9349 ms, used_size=9803776 bytes (23.9%)
(RDMA_READ_CONSUME_CHECK_CONSUMER) timestamp=9349 ms, used_size=9801728 bytes (23.9%)
(RDMA_READ_CONSUME_CHECK_CONSUMER) timestamp=9349 ms, used_size=9799680 bytes (23.9%)
(RDMA_READ_CONSUME_CHECK_CONSUMER) timestamp=9349 ms, used_size=9797632 bytes (23.9%)
(RDMA_READ_CONSUME_CHECK_CONSUMER) timestamp=9349 ms, used_size=9795584 bytes (23.9%)
(RDMA_READ_CONSUME_CHECK_CONSUMER) timestamp=9349 ms, used_size=9793536 bytes (23.9%)
(RDMA_READ_CONSUME_CHECK_CONSUMER) timestamp=9349 ms, used_size=9791488 bytes (23.9%)
(RDMA_READ_CONSUME_CHECK_CONSUMER) timestamp=9349 ms, used_size=9789440 bytes (23.9%)
(RDMA_READ_CONSUME_CHECK_CONSUMER) timestamp=9349 ms, used_size=9787392 bytes (23.9%)
(RDMA_READ_CONSUME_CHECK_CONSUMER) timestamp=9349 ms, used_size=9785344 bytes (23.9%)
(RDMA_READ_CONSUME_CHECK_CONSUMER) timestamp=9349 ms, used_size=9783296 bytes (23.9%)
(RDMA_READ_CONSUME_CHECK_CONSUMER) timestamp=9349 ms, used_size=9781248 bytes (23.9%)
(RDMA_READ_CONSUME_CHECK_CONSUMER) timestamp=9349 ms, used_size=9779200 bytes (23.9%)
(RDMA_READ_CONSUME_CHECK_CONSUMER) timestamp=9349 ms, used_size=9777152 bytes (23.9%)
(RDMA_READ_CONSUME_CHECK_CONSUMER) timestamp=9349 ms, used_size=9775104 bytes (23.9%)
(RDMA_READ_CONSUME_CHECK_CONSUMER) timestamp=9349 ms, used_size=9773056 bytes (23.9%)
(RDMA_READ_CONSUME_CHECK_CONSUMER) timestamp=9349 ms, used_size=9771008 bytes (23.9%)
(RDMA_READ_CONSUME_CHECK_CONSUMER) timestamp=9349 ms, used_size=9768960 bytes (23.9%)
(RDMA_READ_CONSUME_CHECK_CONSUMER) timestamp=9349 ms, used_size=9766912 bytes (23.8%)
(RDMA_READ_CONSUME_CHECK_CONSUMER) timestamp=9349 ms, used_size=9764864 bytes (23.8%)
(RDMA_READ_CONSUME_CHECK_CONSUMER) timestamp=9349 ms, used_size=9762816 bytes (23.8%)
(RDMA_READ_CONSUME_CHECK_CONSUMER) timestamp=9349 ms, used_size=9760768 bytes (23.8%)
(RDMA_READ_CONSUME_CHECK_CONSUMER) timestamp=9349 ms, used_size=9758720 bytes (23.8%)
(RDMA_READ_CONSUME_CHECK_CONSUMER) timestamp=9349 ms, used_size=9756672 bytes (23.8%)
(RDMA_READ_CONSUME_CHECK_CONSUMER) timestamp=9349 ms, used_size=9754624 bytes (23.8%)
(RDMA_READ_CONSUME_CHECK_CONSUMER) timestamp=9349 ms, used_size=9752576 bytes (23.8%)
(RDMA_READ_CONSUME_CHECK_CONSUMER) timestamp=9349 ms, used_size=9750528 bytes (23.8%)
(RDMA_READ_CONSUME_CHECK_CONSUMER) timestamp=9349 ms, used_size=9748480 bytes (23.8%)
(RDMA_READ_CONSUME_CHECK_CONSUMER) timestamp=9349 ms, used_size=9746432 bytes (23.8%)
(RDMA_READ_CONSUME_CHECK_CONSUMER) timestamp=9349 ms, used_size=9744384 bytes (23.8%)
(RDMA_READ_CONSUME_CHECK_CONSUMER) timestamp=9349 ms, used_size=9742336 bytes (23.8%)
(RDMA_READ_CONSUME_CHECK_CONSUMER) timestamp=9349 ms, used_size=9740288 bytes (23.8%)
(RDMA_READ_CONSUME_CHECK_CONSUMER) timestamp=9349 ms, used_size=9738240 bytes (23.8%)
(RDMA_READ_CONSUME_CHECK_CONSUMER) timestamp=9349 ms, used_size=9736192 bytes (23.8%)
(RDMA_READ_CONSUME_CHECK_CONSUMER) timestamp=9349 ms, used_size=9734144 bytes (23.8%)
(RDMA_READ_CONSUME_CHECK_CONSUMER) timestamp=9349 ms, used_size=9732096 bytes (23.8%)
(RDMA_READ_CONSUME_CHECK_CONSUMER) timestamp=9349 ms, used_size=9730048 bytes (23.8%)
(RDMA_READ_CONSUME_CHECK_CONSUMER) timestamp=9349 ms, used_size=9728000 bytes (23.8%)
(RDMA_READ_CONSUME_CHECK_CONSUMER) timestamp=9349 ms, used_size=9725952 bytes (23.7%)
(RDMA_READ_CONSUME_CHECK_CONSUMER) timestamp=9349 ms, used_size=9723904 bytes (23.7%)
(RDMA_READ_CONSUME_CHECK_CONSUMER) timestamp=9349 ms, used_size=9721856 bytes (23.7%)
(RDMA_READ_CONSUME_CHECK_CONSUMER) timestamp=9349 ms, used_size=9719808 bytes (23.7%)
(RDMA_READ_CONSUME_CHECK_CONSUMER) timestamp=9349 ms, used_size=9717760 bytes (23.7%)
(RDMA_READ_CONSUME_CHECK_CONSUMER) timestamp=9349 ms, used_size=9715712 bytes (23.7%)
(RDMA_READ_CONSUME_CHECK_CONSUMER) timestamp=9349 ms, used_size=9713664 bytes (23.7%)
(RDMA_READ_CONSUME_CHECK_CONSUMER) timestamp=9349 ms, used_size=9711616 bytes (23.7%)
(RDMA_READ_CONSUME_CHECK_CONSUMER) timestamp=9349 ms, used_size=9709568 bytes (23.7%)
(RDMA_READ_CONSUME_CHECK_CONSUMER) timestamp=9349 ms, used_size=9707520 bytes (23.7%)
(RDMA_READ_CONSUME_CHECK_CONSUMER) timestamp=9349 ms, used_size=9705472 bytes (23.7%)
(RDMA_READ_CONSUME_CHECK_CONSUMER) timestamp=9349 ms, used_size=9703424 bytes (23.7%)
(RDMA_READ_CONSUME_CHECK_CONSUMER) timestamp=9349 ms, used_size=9701376 bytes (23.7%)
(RDMA_READ_CONSUME_CHECK_CONSUMER) timestamp=9349 ms, used_size=9699328 bytes (23.7%)
(RDMA_READ_CONSUME_CHECK_CONSUMER) timestamp=9349 ms, used_size=9697280 bytes (23.7%)
(RDMA_READ_CONSUME_CHECK_CONSUMER) timestamp=9349 ms, used_size=9695232 bytes (23.7%)
(RDMA_READ_CONSUME_CHECK_CONSUMER) timestamp=9349 ms, used_size=9693184 bytes (23.7%)
(RDMA_READ_CONSUME_CHECK_CONSUMER) timestamp=9349 ms, used_size=9691136 bytes (23.7%)
(RDMA_READ_CONSUME_CHECK_CONSUMER) timestamp=9349 ms, used_size=9689088 bytes (23.7%)
(RDMA_READ_CONSUME_CHECK_CONSUMER) timestamp=9349 ms, used_size=9687040 bytes (23.6%)
(RDMA_READ_CONSUME_CHECK_CONSUMER) timestamp=9349 ms, used_size=9684992 bytes (23.6%)
(RDMA_READ_CONSUME_CHECK_CONSUMER) timestamp=9349 ms, used_size=9682944 bytes (23.6%)
(RDMA_READ_CONSUME_CHECK_CONSUMER) timestamp=9349 ms, used_size=9680896 bytes (23.6%)
(RDMA_READ_CONSUME_CHECK_CONSUMER) timestamp=9349 ms, used_size=9678848 bytes (23.6%)
(RDMA_READ_CONSUME_CHECK_CONSUMER) timestamp=9349 ms, used_size=9676800 bytes (23.6%)
(RDMA_READ_CONSUME_CHECK_CONSUMER) timestamp=9349 ms, used_size=9674752 bytes (23.6%)
(RDMA_READ_CONSUME_CHECK_CONSUMER) timestamp=9349 ms, used_size=9672704 bytes (23.6%)
(RDMA_READ_CONSUME_CHECK_CONSUMER) timestamp=9349 ms, used_size=9670656 bytes (23.6%)
(RDMA_READ_CONSUME_CHECK_CONSUMER) timestamp=9349 ms, used_size=9668608 bytes (23.6%)
(RDMA_READ_CONSUME_CHECK_CONSUMER) timestamp=9349 ms, used_size=9666560 bytes (23.6%)
(RDMA_READ_CONSUME_CHECK_CONSUMER) timestamp=9349 ms, used_size=9664512 bytes (23.6%)
(RDMA_READ_CONSUME_CHECK_CONSUMER) timestamp=9349 ms, used_size=9662464 bytes (23.6%)
(RDMA_READ_CONSUME_CHECK_CONSUMER) timestamp=9349 ms, used_size=9660416 bytes (23.6%)
(RDMA_READ_CONSUME_CHECK_CONSUMER) timestamp=9349 ms, used_size=9658368 bytes (23.6%)
(RDMA_READ_CONSUME_CHECK_CONSUMER) timestamp=9349 ms, used_size=9656320 bytes (23.6%)
(RDMA_READ_CONSUME_CHECK_CONSUMER) timestamp=9349 ms, used_size=9654272 bytes (23.6%)
(RDMA_READ_CONSUME_CHECK_CONSUMER) timestamp=9349 ms, used_size=9652224 bytes (23.6%)
(RDMA_READ_CONSUME_CHECK_CONSUMER) timestamp=9349 ms, used_size=9650176 bytes (23.6%)
(RDMA_READ_CONSUME_CHECK_CONSUMER) timestamp=9349 ms, used_size=9648128 bytes (23.6%)
(RDMA_READ_CONSUME_CHECK_CONSUMER) timestamp=9349 ms, used_size=9646080 bytes (23.6%)
(RDMA_READ_CONSUME_CHECK_CONSUMER) timestamp=9349 ms, used_size=9644032 bytes (23.5%)
(RDMA_READ_CONSUME_CHECK_CONSUMER) timestamp=9349 ms, used_size=9641984 bytes (23.5%)
(RDMA_READ_CONSUME_CHECK_CONSUMER) timestamp=9349 ms, used_size=9639936 bytes (23.5%)
(RDMA_READ_CONSUME_CHECK_CONSUMER) timestamp=9349 ms, used_size=9637888 bytes (23.5%)
(RDMA_READ_CONSUME_CHECK_CONSUMER) timestamp=9349 ms, used_size=9635840 bytes (23.5%)
(RDMA_READ_CONSUME_CHECK_CONSUMER) timestamp=9349 ms, used_size=9633792 bytes (23.5%)
(RDMA_READ_CONSUME_CHECK_CONSUMER) timestamp=9349 ms, used_size=9631744 bytes (23.5%)
(RDMA_READ_CONSUME_CHECK_CONSUMER) timestamp=9349 ms, used_size=9629696 bytes (23.5%)
(RDMA_READ_CONSUME_CHECK_CONSUMER) timestamp=9349 ms, used_size=9627648 bytes (23.5%)
(RDMA_READ_CONSUME_CHECK_CONSUMER) timestamp=9349 ms, used_size=9625600 bytes (23.5%)
(RDMA_READ_CONSUME_CHECK_CONSUMER) timestamp=9349 ms, used_size=9623552 bytes (23.5%)
(RDMA_READ_CONSUME_CHECK_CONSUMER) timestamp=9349 ms, used_size=9621504 bytes (23.5%)
(RDMA_READ_CONSUME_CHECK_CONSUMER) timestamp=9349 ms, used_size=9619456 bytes (23.5%)
(RDMA_READ_CONSUME_CHECK_CONSUMER) timestamp=9349 ms, used_size=9617408 bytes (23.5%)
(RDMA_READ_CONSUME_CHECK_CONSUMER) timestamp=9349 ms, used_size=9615360 bytes (23.5%)
(RDMA_READ_CONSUME_CHECK_CONSUMER) timestamp=9349 ms, used_size=9613312 bytes (23.5%)
(RDMA_READ_CONSUME_CHECK_CONSUMER) timestamp=9349 ms, used_size=9611264 bytes (23.5%)
(RDMA_READ_CONSUME_CHECK_CONSUMER) timestamp=9349 ms, used_size=9609216 bytes (23.5%)
(RDMA_READ_CONSUME_CHECK_CONSUMER) timestamp=9349 ms, used_size=9607168 bytes (23.5%)
(RDMA_READ_CONSUME_CHECK_CONSUMER) timestamp=9349 ms, used_size=9605120 bytes (23.4%)
(RDMA_READ_CONSUME_CHECK_CONSUMER) timestamp=9349 ms, used_size=9603072 bytes (23.4%)
(RDMA_READ_CONSUME_CHECK_CONSUMER) timestamp=9349 ms, used_size=9601024 bytes (23.4%)
(RDMA_READ_CONSUME_CHECK_CONSUMER) timestamp=9349 ms, used_size=9598976 bytes (23.4%)
(RDMA_READ_CONSUME_CHECK_CONSUMER) timestamp=9349 ms, used_size=9596928 bytes (23.4%)
(RDMA_READ_CONSUME_CHECK_CONSUMER) timestamp=9349 ms, used_size=9594880 bytes (23.4%)
(RDMA_READ_CONSUME_CHECK_CONSUMER) timestamp=9349 ms, used_size=9592832 bytes (23.4%)
(RDMA_READ_CONSUME_CHECK_CONSUMER) timestamp=9349 ms, used_size=9590784 bytes (23.4%)
(RDMA_READ_CONSUME_CHECK_CONSUMER) timestamp=9349 ms, used_size=9588736 bytes (23.4%)
(RDMA_READ_CONSUME_CHECK_CONSUMER) timestamp=9349 ms, used_size=9586688 bytes (23.4%)
(RDMA_READ_CONSUME_CHECK_CONSUMER) timestamp=9349 ms, used_size=9584640 bytes (23.4%)
(RDMA_READ_CONSUME_CHECK_CONSUMER) timestamp=9350 ms, used_size=9582592 bytes (23.4%)
(RDMA_READ_CONSUME_CHECK_CONSUMER) timestamp=9350 ms, used_size=9580544 bytes (23.4%)
(RDMA_READ_CONSUME_CHECK_CONSUMER) timestamp=9350 ms, used_size=9578496 bytes (23.4%)
(RDMA_READ_CONSUME_CHECK_CONSUMER) timestamp=9350 ms, used_size=9576448 bytes (23.4%)
(RDMA_READ_CONSUME_CHECK_CONSUMER) timestamp=9350 ms, used_size=9574400 bytes (23.4%)
(RDMA_READ_CONSUME_CHECK_CONSUMER) timestamp=9350 ms, used_size=9572352 bytes (23.4%)
(RDMA_READ_CONSUME_CHECK_CONSUMER) timestamp=9350 ms, used_size=9570304 bytes (23.4%)
(RDMA_READ_CONSUME_CHECK_CONSUMER) timestamp=9350 ms, used_size=9568256 bytes (23.4%)
(RDMA_READ_CONSUME_CHECK_CONSUMER) timestamp=9350 ms, used_size=9566208 bytes (23.4%)
(RDMA_READ_CONSUME_CHECK_CONSUMER) timestamp=9350 ms, used_size=9564160 bytes (23.4%)
(RDMA_READ_CONSUME_CHECK_CONSUMER) timestamp=9350 ms, used_size=9562112 bytes (23.3%)
(RDMA_READ_CONSUME_CHECK_CONSUMER) timestamp=9350 ms, used_size=9560064 bytes (23.3%)
(RDMA_READ_CONSUME_CHECK_CONSUMER) timestamp=9350 ms, used_size=9558016 bytes (23.3%)
(RDMA_READ_CONSUME_CHECK_CONSUMER) timestamp=9350 ms, used_size=9555968 bytes (23.3%)
(RDMA_READ_CONSUME_CHECK_CONSUMER) timestamp=9350 ms, used_size=9553920 bytes (23.3%)
(RDMA_READ_CONSUME_CHECK_CONSUMER) timestamp=9350 ms, used_size=9551872 bytes (23.3%)
(RDMA_READ_CONSUME_CHECK_CONSUMER) timestamp=9350 ms, used_size=9549824 bytes (23.3%)
(RDMA_READ_CONSUME_CHECK_CONSUMER) timestamp=9350 ms, used_size=9547776 bytes (23.3%)
(RDMA_READ_CONSUME_CHECK_CONSUMER) timestamp=9350 ms, used_size=9545728 bytes (23.3%)
(RDMA_READ_CONSUME_CHECK_CONSUMER) timestamp=9350 ms, used_size=9543680 bytes (23.3%)
(RDMA_READ_CONSUME_CHECK_CONSUMER) timestamp=9350 ms, used_size=9541632 bytes (23.3%)
(RDMA_READ_CONSUME_CHECK_CONSUMER) timestamp=9350 ms, used_size=9539584 bytes (23.3%)
(RDMA_READ_CONSUME_CHECK_CONSUMER) timestamp=9350 ms, used_size=9537536 bytes (23.3%)
(RDMA_READ_CONSUME_CHECK_CONSUMER) timestamp=9350 ms, used_size=9535488 bytes (23.3%)
(RDMA_READ_CONSUME_CHECK_CONSUMER) timestamp=9350 ms, used_size=9533440 bytes (23.3%)
(RDMA_READ_CONSUME_CHECK_CONSUMER) timestamp=9350 ms, used_size=9531392 bytes (23.3%)
(RDMA_READ_CONSUME_CHECK_CONSUMER) timestamp=9350 ms, used_size=9529344 bytes (23.3%)
(RDMA_READ_CONSUME_CHECK_CONSUMER) timestamp=9350 ms, used_size=9527296 bytes (23.3%)
(RDMA_READ_CONSUME_CHECK_CONSUMER) timestamp=9350 ms, used_size=9525248 bytes (23.3%)
(RDMA_READ_CONSUME_CHECK_CONSUMER) timestamp=9350 ms, used_size=9523200 bytes (23.2%)
(RDMA_READ_CONSUME_CHECK_CONSUMER) timestamp=9350 ms, used_size=9521152 bytes (23.2%)
(RDMA_READ_CONSUME_CHECK_CONSUMER) timestamp=9350 ms, used_size=9519104 bytes (23.2%)
(RDMA_READ_CONSUME_CHECK_CONSUMER) timestamp=9350 ms, used_size=9517056 bytes (23.2%)
(RDMA_READ_CONSUME_CHECK_CONSUMER) timestamp=9350 ms, used_size=9515008 bytes (23.2%)
(RDMA_READ_CONSUME_CHECK_CONSUMER) timestamp=9350 ms, used_size=9512960 bytes (23.2%)
(RDMA_READ_CONSUME_CHECK_CONSUMER) timestamp=9350 ms, used_size=9510912 bytes (23.2%)
(RDMA_READ_CONSUME_CHECK_CONSUMER) timestamp=9350 ms, used_size=9508864 bytes (23.2%)
(RDMA_READ_CONSUME_CHECK_CONSUMER) timestamp=9350 ms, used_size=9506816 bytes (23.2%)
(RDMA_READ_CONSUME_CHECK_CONSUMER) timestamp=9350 ms, used_size=9504768 bytes (23.2%)
(RDMA_READ_CONSUME_CHECK_CONSUMER) timestamp=9350 ms, used_size=9502720 bytes (23.2%)
(RDMA_READ_CONSUME_CHECK_CONSUMER) timestamp=9350 ms, used_size=9500672 bytes (23.2%)
(RDMA_READ_CONSUME_CHECK_CONSUMER) timestamp=9350 ms, used_size=9498624 bytes (23.2%)
(RDMA_READ_CONSUME_CHECK_CONSUMER) timestamp=9350 ms, used_size=9496576 bytes (23.2%)
(RDMA_READ_CONSUME_CHECK_CONSUMER) timestamp=9350 ms, used_size=9494528 bytes (23.2%)
(RDMA_READ_CONSUME_CHECK_CONSUMER) timestamp=9350 ms, used_size=9492480 bytes (23.2%)
(RDMA_READ_CONSUME_CHECK_CONSUMER) timestamp=9350 ms, used_size=9490432 bytes (23.2%)
(RDMA_READ_CONSUME_CHECK_CONSUMER) timestamp=9350 ms, used_size=9488384 bytes (23.2%)
(RDMA_READ_CONSUME_CHECK_CONSUMER) timestamp=9350 ms, used_size=9486336 bytes (23.2%)
(RDMA_READ_CONSUME_CHECK_CONSUMER) timestamp=9350 ms, used_size=9484288 bytes (23.2%)
(RDMA_READ_CONSUME_CHECK_CONSUMER) timestamp=9350 ms, used_size=9482240 bytes (23.1%)
(RDMA_READ_CONSUME_CHECK_CONSUMER) timestamp=9350 ms, used_size=9480192 bytes (23.1%)
(RDMA_READ_CONSUME_CHECK_CONSUMER) timestamp=9350 ms, used_size=9478144 bytes (23.1%)
(RDMA_READ_CONSUME_CHECK_CONSUMER) timestamp=9350 ms, used_size=9476096 bytes (23.1%)
(RDMA_READ_CONSUME_CHECK_CONSUMER) timestamp=9350 ms, used_size=9474048 bytes (23.1%)
(RDMA_READ_CONSUME_CHECK_CONSUMER) timestamp=9350 ms, used_size=9472000 bytes (23.1%)
(RDMA_READ_CONSUME_CHECK_CONSUMER) timestamp=9350 ms, used_size=9469952 bytes (23.1%)
(RDMA_READ_CONSUME_CHECK_CONSUMER) timestamp=9350 ms, used_size=9467904 bytes (23.1%)
(RDMA_READ_CONSUME_CHECK_CONSUMER) timestamp=9350 ms, used_size=9465856 bytes (23.1%)
(RDMA_READ_CONSUME_CHECK_CONSUMER) timestamp=9350 ms, used_size=9463808 bytes (23.1%)
(RDMA_READ_CONSUME_CHECK_CONSUMER) timestamp=9350 ms, used_size=9461760 bytes (23.1%)
(RDMA_READ_CONSUME_CHECK_CONSUMER) timestamp=9350 ms, used_size=9459712 bytes (23.1%)
(RDMA_READ_CONSUME_CHECK_CONSUMER) timestamp=9350 ms, used_size=9457664 bytes (23.1%)
(RDMA_READ_CONSUME_CHECK_CONSUMER) timestamp=9350 ms, used_size=9455616 bytes (23.1%)
(RDMA_READ_CONSUME_CHECK_CONSUMER) timestamp=9350 ms, used_size=9453568 bytes (23.1%)
(RDMA_READ_CONSUME_CHECK_CONSUMER) timestamp=9350 ms, used_size=9451520 bytes (23.1%)
(RDMA_READ_CONSUME_CHECK_CONSUMER) timestamp=9350 ms, used_size=9449472 bytes (23.1%)
(RDMA_READ_CONSUME_CHECK_CONSUMER) timestamp=9350 ms, used_size=9447424 bytes (23.1%)
(RDMA_READ_CONSUME_CHECK_CONSUMER) timestamp=9350 ms, used_size=9445376 bytes (23.1%)
(RDMA_READ_CONSUME_CHECK_CONSUMER) timestamp=9350 ms, used_size=9443328 bytes (23.1%)
(RDMA_READ_CONSUME_CHECK_CONSUMER) timestamp=9350 ms, used_size=9441280 bytes (23.1%)
(RDMA_READ_CONSUME_CHECK_CONSUMER) timestamp=9350 ms, used_size=9439232 bytes (23.0%)
(RDMA_READ_CONSUME_CHECK_CONSUMER) timestamp=9350 ms, used_size=9437184 bytes (23.0%)
(RDMA_READ_CONSUME_CHECK_CONSUMER) timestamp=9350 ms, used_size=9435136 bytes (23.0%)
(RDMA_READ_CONSUME_CHECK_CONSUMER) timestamp=9350 ms, used_size=9433088 bytes (23.0%)
(RDMA_READ_CONSUME_CHECK_CONSUMER) timestamp=9350 ms, used_size=9431040 bytes (23.0%)
(RDMA_READ_CONSUME_CHECK_CONSUMER) timestamp=9350 ms, used_size=9428992 bytes (23.0%)
(RDMA_READ_CONSUME_CHECK_CONSUMER) timestamp=9350 ms, used_size=9426944 bytes (23.0%)
(RDMA_READ_CONSUME_CHECK_CONSUMER) timestamp=9350 ms, used_size=9424896 bytes (23.0%)
(RDMA_READ_CONSUME_CHECK_CONSUMER) timestamp=9350 ms, used_size=9422848 bytes (23.0%)
(RDMA_READ_CONSUME_CHECK_CONSUMER) timestamp=9350 ms, used_size=9420800 bytes (23.0%)
(RDMA_READ_CONSUME_CHECK_CONSUMER) timestamp=9350 ms, used_size=9418752 bytes (23.0%)
(RDMA_READ_CONSUME_CHECK_CONSUMER) timestamp=9350 ms, used_size=9416704 bytes (23.0%)
(RDMA_READ_CONSUME_CHECK_CONSUMER) timestamp=9350 ms, used_size=9414656 bytes (23.0%)
(RDMA_READ_CONSUME_CHECK_CONSUMER) timestamp=9350 ms, used_size=9412608 bytes (23.0%)
(RDMA_READ_CONSUME_CHECK_CONSUMER) timestamp=9350 ms, used_size=9410560 bytes (23.0%)
(RDMA_READ_CONSUME_CHECK_CONSUMER) timestamp=9350 ms, used_size=9408512 bytes (23.0%)
(RDMA_READ_CONSUME_CHECK_CONSUMER) timestamp=9350 ms, used_size=9406464 bytes (23.0%)
(RDMA_READ_CONSUME_CHECK_CONSUMER) timestamp=9350 ms, used_size=9404416 bytes (23.0%)
(RDMA_READ_CONSUME_CHECK_CONSUMER) timestamp=9350 ms, used_size=9402368 bytes (23.0%)
(RDMA_READ_CONSUME_CHECK_CONSUMER) timestamp=9350 ms, used_size=9400320 bytes (22.9%)
(RDMA_READ_CONSUME_CHECK_CONSUMER) timestamp=9350 ms, used_size=9398272 bytes (22.9%)
(RDMA_READ_CONSUME_CHECK_CONSUMER) timestamp=9350 ms, used_size=9396224 bytes (22.9%)
(RDMA_READ_CONSUME_CHECK_CONSUMER) timestamp=9350 ms, used_size=9394176 bytes (22.9%)
(RDMA_READ_CONSUME_CHECK_CONSUMER) timestamp=9350 ms, used_size=9392128 bytes (22.9%)
(RDMA_READ_CONSUME_CHECK_CONSUMER) timestamp=9350 ms, used_size=9390080 bytes (22.9%)
(RDMA_READ_CONSUME_CHECK_CONSUMER) timestamp=9350 ms, used_size=9388032 bytes (22.9%)
(RDMA_READ_CONSUME_CHECK_CONSUMER) timestamp=9350 ms, used_size=9385984 bytes (22.9%)
(RDMA_READ_CONSUME_CHECK_CONSUMER) timestamp=9350 ms, used_size=9383936 bytes (22.9%)
(RDMA_READ_CONSUME_CHECK_CONSUMER) timestamp=9350 ms, used_size=9381888 bytes (22.9%)
(RDMA_READ_CONSUME_CHECK_CONSUMER) timestamp=9350 ms, used_size=9379840 bytes (22.9%)
(RDMA_READ_CONSUME_CHECK_CONSUMER) timestamp=9350 ms, used_size=9377792 bytes (22.9%)
(RDMA_READ_CONSUME_CHECK_CONSUMER) timestamp=9350 ms, used_size=9375744 bytes (22.9%)
(RDMA_READ_CONSUME_CHECK_CONSUMER) timestamp=9350 ms, used_size=9373696 bytes (22.9%)
(RDMA_READ_CONSUME_CHECK_CONSUMER) timestamp=9350 ms, used_size=9371648 bytes (22.9%)
(RDMA_READ_CONSUME_CHECK_CONSUMER) timestamp=9350 ms, used_size=9369600 bytes (22.9%)
(RDMA_READ_CONSUME_CHECK_CONSUMER) timestamp=9350 ms, used_size=9367552 bytes (22.9%)
(RDMA_READ_CONSUME_CHECK_CONSUMER) timestamp=9350 ms, used_size=9365504 bytes (22.9%)
(RDMA_READ_CONSUME_CHECK_CONSUMER) timestamp=9350 ms, used_size=9363456 bytes (22.9%)
(RDMA_READ_CONSUME_CHECK_CONSUMER) timestamp=9350 ms, used_size=9361408 bytes (22.9%)
(RDMA_READ_CONSUME_CHECK_CONSUMER) timestamp=9350 ms, used_size=9359360 bytes (22.9%)
(RDMA_READ_CONSUME_CHECK_CONSUMER) timestamp=9350 ms, used_size=9357312 bytes (22.8%)
(RDMA_READ_CONSUME_CHECK_CONSUMER) timestamp=9350 ms, used_size=9355264 bytes (22.8%)
(RDMA_READ_CONSUME_CHECK_CONSUMER) timestamp=9350 ms, used_size=9353216 bytes (22.8%)
(RDMA_READ_CONSUME_CHECK_CONSUMER) timestamp=9350 ms, used_size=9351168 bytes (22.8%)
(RDMA_READ_CONSUME_CHECK_CONSUMER) timestamp=9350 ms, used_size=9349120 bytes (22.8%)
(RDMA_READ_CONSUME_CHECK_CONSUMER) timestamp=9350 ms, used_size=9347072 bytes (22.8%)
(RDMA_READ_CONSUME_CHECK_CONSUMER) timestamp=9350 ms, used_size=9345024 bytes (22.8%)
(RDMA_READ_CONSUME_CHECK_CONSUMER) timestamp=9350 ms, used_size=9342976 bytes (22.8%)
(RDMA_READ_CONSUME_CHECK_CONSUMER) timestamp=9350 ms, used_size=9340928 bytes (22.8%)
(RDMA_READ_CONSUME_CHECK_CONSUMER) timestamp=9350 ms, used_size=9338880 bytes (22.8%)
(RDMA_READ_CONSUME_CHECK_CONSUMER) timestamp=9350 ms, used_size=9336832 bytes (22.8%)
(RDMA_READ_CONSUME_CHECK_CONSUMER) timestamp=9350 ms, used_size=9334784 bytes (22.8%)
(RDMA_READ_CONSUME_CHECK_CONSUMER) timestamp=9350 ms, used_size=9332736 bytes (22.8%)
(RDMA_READ_CONSUME_CHECK_CONSUMER) timestamp=9350 ms, used_size=9330688 bytes (22.8%)
(RDMA_READ_CONSUME_CHECK_CONSUMER) timestamp=9350 ms, used_size=9328640 bytes (22.8%)
(RDMA_READ_CONSUME_CHECK_CONSUMER) timestamp=9350 ms, used_size=9326592 bytes (22.8%)
(RDMA_READ_CONSUME_CHECK_CONSUMER) timestamp=9350 ms, used_size=9324544 bytes (22.8%)
(RDMA_READ_CONSUME_CHECK_CONSUMER) timestamp=9350 ms, used_size=9322496 bytes (22.8%)
(RDMA_READ_CONSUME_CHECK_CONSUMER) timestamp=9350 ms, used_size=9320448 bytes (22.8%)
(RDMA_READ_CONSUME_CHECK_CONSUMER) timestamp=9350 ms, used_size=9318400 bytes (22.8%)
(RDMA_READ_CONSUME_CHECK_CONSUMER) timestamp=9350 ms, used_size=9316352 bytes (22.7%)
(RDMA_READ_CONSUME_CHECK_CONSUMER) timestamp=9350 ms, used_size=9314304 bytes (22.7%)
(RDMA_READ_CONSUME_CHECK_CONSUMER) timestamp=9350 ms, used_size=9312256 bytes (22.7%)
(RDMA_READ_CONSUME_CHECK_CONSUMER) timestamp=9350 ms, used_size=9310208 bytes (22.7%)
(RDMA_READ_CONSUME_CHECK_CONSUMER) timestamp=9350 ms, used_size=9308160 bytes (22.7%)
(RDMA_READ_CONSUME_CHECK_CONSUMER) timestamp=9350 ms, used_size=9306112 bytes (22.7%)
(RDMA_READ_CONSUME_CHECK_CONSUMER) timestamp=9350 ms, used_size=9304064 bytes (22.7%)
(RDMA_READ_CONSUME_CHECK_CONSUMER) timestamp=9350 ms, used_size=9302016 bytes (22.7%)
(RDMA_READ_CONSUME_CHECK_CONSUMER) timestamp=9350 ms, used_size=9299968 bytes (22.7%)
(RDMA_READ_CONSUME_CHECK_CONSUMER) timestamp=9350 ms, used_size=9297920 bytes (22.7%)
(RDMA_READ_CONSUME_CHECK_CONSUMER) timestamp=9350 ms, used_size=9295872 bytes (22.7%)
(RDMA_READ_CONSUME_CHECK_CONSUMER) timestamp=9350 ms, used_size=9293824 bytes (22.7%)
(RDMA_READ_CONSUME_CHECK_CONSUMER) timestamp=9350 ms, used_size=9291776 bytes (22.7%)
(RDMA_READ_CONSUME_CHECK_CONSUMER) timestamp=9350 ms, used_size=9289728 bytes (22.7%)
(RDMA_READ_CONSUME_CHECK_CONSUMER) timestamp=9350 ms, used_size=9287680 bytes (22.7%)
(RDMA_READ_CONSUME_CHECK_CONSUMER) timestamp=9350 ms, used_size=9285632 bytes (22.7%)
(RDMA_READ_CONSUME_CHECK_CONSUMER) timestamp=9350 ms, used_size=9283584 bytes (22.7%)
(RDMA_READ_CONSUME_CHECK_CONSUMER) timestamp=9350 ms, used_size=9281536 bytes (22.7%)
(RDMA_READ_CONSUME_CHECK_CONSUMER) timestamp=9350 ms, used_size=9279488 bytes (22.7%)
(RDMA_READ_CONSUME_CHECK_CONSUMER) timestamp=9350 ms, used_size=9277440 bytes (22.6%)
(RDMA_READ_CONSUME_CHECK_CONSUMER) timestamp=9350 ms, used_size=9275392 bytes (22.6%)
(RDMA_READ_CONSUME_CHECK_CONSUMER) timestamp=9350 ms, used_size=9273344 bytes (22.6%)
(RDMA_READ_CONSUME_CHECK_CONSUMER) timestamp=9350 ms, used_size=9271296 bytes (22.6%)
(RDMA_READ_CONSUME_CHECK_CONSUMER) timestamp=9350 ms, used_size=9269248 bytes (22.6%)
(RDMA_READ_CONSUME_CHECK_CONSUMER) timestamp=9350 ms, used_size=9267200 bytes (22.6%)
(RDMA_READ_CONSUME_CHECK_CONSUMER) timestamp=9350 ms, used_size=9265152 bytes (22.6%)
(RDMA_READ_CONSUME_CHECK_CONSUMER) timestamp=9350 ms, used_size=9263104 bytes (22.6%)
(RDMA_READ_CONSUME_CHECK_CONSUMER) timestamp=9350 ms, used_size=9261056 bytes (22.6%)
(RDMA_READ_CONSUME_CHECK_CONSUMER) timestamp=9350 ms, used_size=9259008 bytes (22.6%)
(RDMA_READ_CONSUME_CHECK_CONSUMER) timestamp=9350 ms, used_size=9256960 bytes (22.6%)
(RDMA_READ_CONSUME_CHECK_CONSUMER) timestamp=9350 ms, used_size=9254912 bytes (22.6%)
(RDMA_READ_CONSUME_CHECK_CONSUMER) timestamp=9350 ms, used_size=9252864 bytes (22.6%)
(RDMA_READ_CONSUME_CHECK_CONSUMER) timestamp=9350 ms, used_size=9250816 bytes (22.6%)
(RDMA_READ_CONSUME_CHECK_CONSUMER) timestamp=9350 ms, used_size=9248768 bytes (22.6%)
(RDMA_READ_CONSUME_CHECK_CONSUMER) timestamp=9350 ms, used_size=9246720 bytes (22.6%)
(RDMA_READ_CONSUME_CHECK_CONSUMER) timestamp=9350 ms, used_size=9244672 bytes (22.6%)
(RDMA_READ_CONSUME_CHECK_CONSUMER) timestamp=9350 ms, used_size=9242624 bytes (22.6%)
(RDMA_READ_CONSUME_CHECK_CONSUMER) timestamp=9350 ms, used_size=9240576 bytes (22.6%)
(RDMA_READ_CONSUME_CHECK_CONSUMER) timestamp=9350 ms, used_size=9238528 bytes (22.6%)
(RDMA_READ_CONSUME_CHECK_CONSUMER) timestamp=9350 ms, used_size=9236480 bytes (22.6%)
(RDMA_READ_CONSUME_CHECK_CONSUMER) timestamp=9350 ms, used_size=9234432 bytes (22.5%)
(RDMA_READ_CONSUME_CHECK_CONSUMER) timestamp=9350 ms, used_size=9232384 bytes (22.5%)
(RDMA_READ_CONSUME_CHECK_CONSUMER) timestamp=9350 ms, used_size=9230336 bytes (22.5%)
(RDMA_READ_CONSUME_CHECK_CONSUMER) timestamp=9351 ms, used_size=9228288 bytes (22.5%)
(RDMA_READ_CONSUME_CHECK_CONSUMER) timestamp=9351 ms, used_size=9226240 bytes (22.5%)
(RDMA_READ_CONSUME_CHECK_CONSUMER) timestamp=9351 ms, used_size=9224192 bytes (22.5%)
(RDMA_READ_CONSUME_CHECK_CONSUMER) timestamp=9351 ms, used_size=9222144 bytes (22.5%)
(RDMA_READ_CONSUME_CHECK_CONSUMER) timestamp=9351 ms, used_size=9220096 bytes (22.5%)
(RDMA_READ_CONSUME_CHECK_CONSUMER) timestamp=9351 ms, used_size=9218048 bytes (22.5%)
(RDMA_READ_CONSUME_CHECK_CONSUMER) timestamp=9351 ms, used_size=9216000 bytes (22.5%)
(RDMA_READ_CONSUME_CHECK_CONSUMER) timestamp=9351 ms, used_size=9213952 bytes (22.5%)
(RDMA_READ_CONSUME_CHECK_CONSUMER) timestamp=9351 ms, used_size=9211904 bytes (22.5%)
(RDMA_READ_CONSUME_CHECK_CONSUMER) timestamp=9351 ms, used_size=9209856 bytes (22.5%)
(RDMA_READ_CONSUME_CHECK_CONSUMER) timestamp=9351 ms, used_size=9207808 bytes (22.5%)
(RDMA_READ_CONSUME_CHECK_CONSUMER) timestamp=9351 ms, used_size=9205760 bytes (22.5%)
(RDMA_READ_CONSUME_CHECK_CONSUMER) timestamp=9351 ms, used_size=9203712 bytes (22.5%)
(RDMA_READ_CONSUME_CHECK_CONSUMER) timestamp=9351 ms, used_size=9201664 bytes (22.5%)
(RDMA_READ_CONSUME_CHECK_CONSUMER) timestamp=9351 ms, used_size=9199616 bytes (22.5%)
(RDMA_READ_CONSUME_CHECK_CONSUMER) timestamp=9351 ms, used_size=9197568 bytes (22.5%)
(RDMA_READ_CONSUME_CHECK_CONSUMER) timestamp=9351 ms, used_size=9195520 bytes (22.4%)
(RDMA_READ_CONSUME_CHECK_CONSUMER) timestamp=9351 ms, used_size=9193472 bytes (22.4%)
(RDMA_READ_CONSUME_CHECK_CONSUMER) timestamp=9351 ms, used_size=9191424 bytes (22.4%)
(RDMA_READ_CONSUME_CHECK_CONSUMER) timestamp=9351 ms, used_size=9189376 bytes (22.4%)
(RDMA_READ_CONSUME_CHECK_CONSUMER) timestamp=9351 ms, used_size=9187328 bytes (22.4%)
(RDMA_READ_CONSUME_CHECK_CONSUMER) timestamp=9351 ms, used_size=9185280 bytes (22.4%)
(RDMA_READ_CONSUME_CHECK_CONSUMER) timestamp=9351 ms, used_size=9183232 bytes (22.4%)
(RDMA_READ_CONSUME_CHECK_CONSUMER) timestamp=9351 ms, used_size=9181184 bytes (22.4%)
(RDMA_READ_CONSUME_CHECK_CONSUMER) timestamp=9351 ms, used_size=9179136 bytes (22.4%)
(RDMA_READ_CONSUME_CHECK_CONSUMER) timestamp=9351 ms, used_size=9177088 bytes (22.4%)
(RDMA_READ_CONSUME_CHECK_CONSUMER) timestamp=9351 ms, used_size=9175040 bytes (22.4%)
(RDMA_READ_CONSUME_CHECK_CONSUMER) timestamp=9351 ms, used_size=9172992 bytes (22.4%)
(RDMA_READ_CONSUME_CHECK_CONSUMER) timestamp=9351 ms, used_size=9170944 bytes (22.4%)
(RDMA_READ_CONSUME_CHECK_CONSUMER) timestamp=9351 ms, used_size=9168896 bytes (22.4%)
(RDMA_READ_CONSUME_CHECK_CONSUMER) timestamp=9351 ms, used_size=9166848 bytes (22.4%)
(RDMA_READ_CONSUME_CHECK_CONSUMER) timestamp=9351 ms, used_size=9164800 bytes (22.4%)
(RDMA_READ_CONSUME_CHECK_CONSUMER) timestamp=9351 ms, used_size=9162752 bytes (22.4%)
(RDMA_READ_CONSUME_CHECK_CONSUMER) timestamp=9351 ms, used_size=9160704 bytes (22.4%)
(RDMA_READ_CONSUME_CHECK_CONSUMER) timestamp=9351 ms, used_size=9158656 bytes (22.4%)
(RDMA_READ_CONSUME_CHECK_CONSUMER) timestamp=9351 ms, used_size=9156608 bytes (22.4%)
(RDMA_READ_CONSUME_CHECK_CONSUMER) timestamp=9351 ms, used_size=9154560 bytes (22.4%)
(RDMA_READ_CONSUME_CHECK_CONSUMER) timestamp=9351 ms, used_size=9152512 bytes (22.3%)
(RDMA_READ_CONSUME_CHECK_CONSUMER) timestamp=9351 ms, used_size=9150464 bytes (22.3%)
(RDMA_READ_CONSUME_CHECK_CONSUMER) timestamp=9351 ms, used_size=9148416 bytes (22.3%)
(RDMA_READ_CONSUME_CHECK_CONSUMER) timestamp=9351 ms, used_size=9146368 bytes (22.3%)
(RDMA_READ_CONSUME_CHECK_CONSUMER) timestamp=9351 ms, used_size=9144320 bytes (22.3%)
(RDMA_READ_CONSUME_CHECK_CONSUMER) timestamp=9351 ms, used_size=9142272 bytes (22.3%)
(RDMA_READ_CONSUME_CHECK_CONSUMER) timestamp=9351 ms, used_size=9140224 bytes (22.3%)
(RDMA_READ_CONSUME_CHECK_CONSUMER) timestamp=9351 ms, used_size=9138176 bytes (22.3%)
(RDMA_READ_CONSUME_CHECK_CONSUMER) timestamp=9351 ms, used_size=9136128 bytes (22.3%)
(RDMA_READ_CONSUME_CHECK_CONSUMER) timestamp=9351 ms, used_size=9134080 bytes (22.3%)
(RDMA_READ_CONSUME_CHECK_CONSUMER) timestamp=9351 ms, used_size=9132032 bytes (22.3%)
(RDMA_READ_CONSUME_CHECK_CONSUMER) timestamp=9351 ms, used_size=9129984 bytes (22.3%)
(RDMA_READ_CONSUME_CHECK_CONSUMER) timestamp=9351 ms, used_size=9127936 bytes (22.3%)
(RDMA_READ_CONSUME_CHECK_CONSUMER) timestamp=9351 ms, used_size=9125888 bytes (22.3%)
(RDMA_READ_CONSUME_CHECK_CONSUMER) timestamp=9351 ms, used_size=9123840 bytes (22.3%)
(RDMA_READ_CONSUME_CHECK_CONSUMER) timestamp=9351 ms, used_size=9121792 bytes (22.3%)
(RDMA_READ_CONSUME_CHECK_CONSUMER) timestamp=9351 ms, used_size=9119744 bytes (22.3%)
(RDMA_READ_CONSUME_CHECK_CONSUMER) timestamp=9351 ms, used_size=9117696 bytes (22.3%)
(RDMA_READ_CONSUME_CHECK_CONSUMER) timestamp=9351 ms, used_size=9115648 bytes (22.3%)
(RDMA_READ_CONSUME_CHECK_CONSUMER) timestamp=9351 ms, used_size=9113600 bytes (22.2%)
(RDMA_READ_CONSUME_CHECK_CONSUMER) timestamp=9351 ms, used_size=9111552 bytes (22.2%)
(RDMA_READ_CONSUME_CHECK_CONSUMER) timestamp=9351 ms, used_size=9109504 bytes (22.2%)
(RDMA_READ_CONSUME_CHECK_CONSUMER) timestamp=9351 ms, used_size=9107456 bytes (22.2%)
(RDMA_READ_CONSUME_CHECK_CONSUMER) timestamp=9351 ms, used_size=9105408 bytes (22.2%)
(RDMA_READ_CONSUME_CHECK_CONSUMER) timestamp=9351 ms, used_size=9103360 bytes (22.2%)
(RDMA_READ_CONSUME_CHECK_CONSUMER) timestamp=9351 ms, used_size=9101312 bytes (22.2%)
(RDMA_READ_CONSUME_CHECK_CONSUMER) timestamp=9351 ms, used_size=9099264 bytes (22.2%)
(RDMA_READ_CONSUME_CHECK_CONSUMER) timestamp=9351 ms, used_size=9097216 bytes (22.2%)
(RDMA_READ_CONSUME_CHECK_CONSUMER) timestamp=9351 ms, used_size=9095168 bytes (22.2%)
(RDMA_READ_CONSUME_CHECK_CONSUMER) timestamp=9351 ms, used_size=9093120 bytes (22.2%)
(RDMA_READ_CONSUME_CHECK_CONSUMER) timestamp=9351 ms, used_size=9091072 bytes (22.2%)
(RDMA_READ_CONSUME_CHECK_CONSUMER) timestamp=9351 ms, used_size=9089024 bytes (22.2%)
(RDMA_READ_CONSUME_CHECK_CONSUMER) timestamp=9351 ms, used_size=9086976 bytes (22.2%)
(RDMA_READ_CONSUME_CHECK_CONSUMER) timestamp=9351 ms, used_size=9084928 bytes (22.2%)
(RDMA_READ_CONSUME_CHECK_CONSUMER) timestamp=9351 ms, used_size=9082880 bytes (22.2%)
(RDMA_READ_CONSUME_CHECK_CONSUMER) timestamp=9351 ms, used_size=9080832 bytes (22.2%)
(RDMA_READ_CONSUME_CHECK_CONSUMER) timestamp=9351 ms, used_size=9078784 bytes (22.2%)
(RDMA_READ_CONSUME_CHECK_CONSUMER) timestamp=9351 ms, used_size=9076736 bytes (22.2%)
(RDMA_READ_CONSUME_CHECK_CONSUMER) timestamp=9351 ms, used_size=9074688 bytes (22.2%)
(RDMA_READ_CONSUME_CHECK_CONSUMER) timestamp=9351 ms, used_size=9072640 bytes (22.1%)
(RDMA_READ_CONSUME_CHECK_CONSUMER) timestamp=9351 ms, used_size=9070592 bytes (22.1%)
(RDMA_READ_CONSUME_CHECK_CONSUMER) timestamp=9351 ms, used_size=9068544 bytes (22.1%)
(RDMA_READ_CONSUME_CHECK_CONSUMER) timestamp=9351 ms, used_size=9066496 bytes (22.1%)
(RDMA_READ_CONSUME_CHECK_CONSUMER) timestamp=9351 ms, used_size=9064448 bytes (22.1%)
(RDMA_READ_CONSUME_CHECK_CONSUMER) timestamp=9351 ms, used_size=9062400 bytes (22.1%)
(RDMA_READ_CONSUME_CHECK_CONSUMER) timestamp=9351 ms, used_size=9060352 bytes (22.1%)
(RDMA_READ_CONSUME_CHECK_CONSUMER) timestamp=9351 ms, used_size=9058304 bytes (22.1%)
(RDMA_READ_CONSUME_CHECK_CONSUMER) timestamp=9351 ms, used_size=9056256 bytes (22.1%)
(RDMA_READ_CONSUME_CHECK_CONSUMER) timestamp=9351 ms, used_size=9054208 bytes (22.1%)
(RDMA_READ_CONSUME_CHECK_CONSUMER) timestamp=9351 ms, used_size=9052160 bytes (22.1%)
(RDMA_READ_CONSUME_CHECK_CONSUMER) timestamp=9351 ms, used_size=9050112 bytes (22.1%)
(RDMA_READ_CONSUME_CHECK_CONSUMER) timestamp=9351 ms, used_size=9048064 bytes (22.1%)
(RDMA_READ_CONSUME_CHECK_CONSUMER) timestamp=9351 ms, used_size=9046016 bytes (22.1%)
(RDMA_READ_CONSUME_CHECK_CONSUMER) timestamp=9351 ms, used_size=9043968 bytes (22.1%)
(RDMA_READ_CONSUME_CHECK_CONSUMER) timestamp=9351 ms, used_size=9041920 bytes (22.1%)
(RDMA_READ_CONSUME_CHECK_CONSUMER) timestamp=9351 ms, used_size=9039872 bytes (22.1%)
(RDMA_READ_CONSUME_CHECK_CONSUMER) timestamp=9351 ms, used_size=9037824 bytes (22.1%)
(RDMA_READ_CONSUME_CHECK_CONSUMER) timestamp=9351 ms, used_size=9035776 bytes (22.1%)
(RDMA_READ_CONSUME_CHECK_CONSUMER) timestamp=9351 ms, used_size=9033728 bytes (22.1%)
(RDMA_READ_CONSUME_CHECK_CONSUMER) timestamp=9351 ms, used_size=9031680 bytes (22.1%)
(RDMA_READ_CONSUME_CHECK_CONSUMER) timestamp=9351 ms, used_size=9029632 bytes (22.0%)
(RDMA_READ_CONSUME_CHECK_CONSUMER) timestamp=9351 ms, used_size=9027584 bytes (22.0%)
(RDMA_READ_CONSUME_CHECK_CONSUMER) timestamp=9351 ms, used_size=9025536 bytes (22.0%)
(RDMA_READ_CONSUME_CHECK_CONSUMER) timestamp=9351 ms, used_size=9023488 bytes (22.0%)
(RDMA_READ_CONSUME_CHECK_CONSUMER) timestamp=9351 ms, used_size=9021440 bytes (22.0%)
(RDMA_READ_CONSUME_CHECK_CONSUMER) timestamp=9351 ms, used_size=9019392 bytes (22.0%)
(RDMA_READ_CONSUME_CHECK_CONSUMER) timestamp=9351 ms, used_size=9017344 bytes (22.0%)
(RDMA_READ_CONSUME_CHECK_CONSUMER) timestamp=9351 ms, used_size=9015296 bytes (22.0%)
(RDMA_READ_CONSUME_CHECK_CONSUMER) timestamp=9351 ms, used_size=9013248 bytes (22.0%)
(RDMA_READ_CONSUME_CHECK_CONSUMER) timestamp=9351 ms, used_size=9011200 bytes (22.0%)
(RDMA_READ_CONSUME_CHECK_CONSUMER) timestamp=9351 ms, used_size=9009152 bytes (22.0%)
(RDMA_READ_CONSUME_CHECK_CONSUMER) timestamp=9351 ms, used_size=9007104 bytes (22.0%)
(RDMA_READ_CONSUME_CHECK_CONSUMER) timestamp=9351 ms, used_size=9005056 bytes (22.0%)
(RDMA_READ_CONSUME_CHECK_CONSUMER) timestamp=9351 ms, used_size=9003008 bytes (22.0%)
(RDMA_READ_CONSUME_CHECK_CONSUMER) timestamp=9351 ms, used_size=9000960 bytes (22.0%)
(RDMA_READ_CONSUME_CHECK_CONSUMER) timestamp=9351 ms, used_size=8998912 bytes (22.0%)
(RDMA_READ_CONSUME_CHECK_CONSUMER) timestamp=9351 ms, used_size=8996864 bytes (22.0%)
(RDMA_READ_CONSUME_CHECK_CONSUMER) timestamp=9351 ms, used_size=8994816 bytes (22.0%)
(RDMA_READ_CONSUME_CHECK_CONSUMER) timestamp=9351 ms, used_size=8992768 bytes (22.0%)
(RDMA_READ_CONSUME_CHECK_CONSUMER) timestamp=9351 ms, used_size=8990720 bytes (21.9%)
(RDMA_READ_CONSUME_CHECK_CONSUMER) timestamp=9351 ms, used_size=8988672 bytes (21.9%)
(RDMA_READ_CONSUME_CHECK_CONSUMER) timestamp=9351 ms, used_size=8986624 bytes (21.9%)
(RDMA_READ_CONSUME_CHECK_CONSUMER) timestamp=9351 ms, used_size=8984576 bytes (21.9%)
(RDMA_READ_CONSUME_CHECK_CONSUMER) timestamp=9351 ms, used_size=8982528 bytes (21.9%)
(RDMA_READ_CONSUME_CHECK_CONSUMER) timestamp=9351 ms, used_size=8980480 bytes (21.9%)
(RDMA_READ_CONSUME_CHECK_CONSUMER) timestamp=9351 ms, used_size=8978432 bytes (21.9%)
(RDMA_READ_CONSUME_CHECK_CONSUMER) timestamp=9351 ms, used_size=8976384 bytes (21.9%)
(RDMA_READ_CONSUME_CHECK_CONSUMER) timestamp=9351 ms, used_size=8974336 bytes (21.9%)
(RDMA_READ_CONSUME_CHECK_CONSUMER) timestamp=9351 ms, used_size=8972288 bytes (21.9%)
(RDMA_READ_CONSUME_CHECK_CONSUMER) timestamp=9351 ms, used_size=8970240 bytes (21.9%)
(RDMA_READ_CONSUME_CHECK_CONSUMER) timestamp=9351 ms, used_size=8968192 bytes (21.9%)
(RDMA_READ_CONSUME_CHECK_CONSUMER) timestamp=9351 ms, used_size=8966144 bytes (21.9%)
(RDMA_READ_CONSUME_CHECK_CONSUMER) timestamp=9351 ms, used_size=8964096 bytes (21.9%)
(RDMA_READ_CONSUME_CHECK_CONSUMER) timestamp=9351 ms, used_size=8962048 bytes (21.9%)
(RDMA_READ_CONSUME_CHECK_CONSUMER) timestamp=9351 ms, used_size=8960000 bytes (21.9%)
(RDMA_READ_CONSUME_CHECK_CONSUMER) timestamp=9351 ms, used_size=8957952 bytes (21.9%)
(RDMA_READ_CONSUME_CHECK_CONSUMER) timestamp=9351 ms, used_size=8955904 bytes (21.9%)
(RDMA_READ_CONSUME_CHECK_CONSUMER) timestamp=9351 ms, used_size=8953856 bytes (21.9%)
(RDMA_READ_CONSUME_CHECK_CONSUMER) timestamp=9351 ms, used_size=8951808 bytes (21.9%)
(RDMA_READ_CONSUME_CHECK_CONSUMER) timestamp=9351 ms, used_size=8949760 bytes (21.9%)
(RDMA_READ_CONSUME_CHECK_CONSUMER) timestamp=9351 ms, used_size=8947712 bytes (21.8%)
(RDMA_READ_CONSUME_CHECK_CONSUMER) timestamp=9351 ms, used_size=8945664 bytes (21.8%)
(RDMA_READ_CONSUME_CHECK_CONSUMER) timestamp=9351 ms, used_size=8943616 bytes (21.8%)
(RDMA_READ_CONSUME_CHECK_CONSUMER) timestamp=9351 ms, used_size=8941568 bytes (21.8%)
(RDMA_READ_CONSUME_CHECK_CONSUMER) timestamp=9351 ms, used_size=8939520 bytes (21.8%)
(RDMA_READ_CONSUME_CHECK_CONSUMER) timestamp=9351 ms, used_size=8937472 bytes (21.8%)
(RDMA_READ_CONSUME_CHECK_CONSUMER) timestamp=9351 ms, used_size=8935424 bytes (21.8%)
(RDMA_READ_CONSUME_CHECK_CONSUMER) timestamp=9351 ms, used_size=8933376 bytes (21.8%)
(RDMA_READ_CONSUME_CHECK_CONSUMER) timestamp=9351 ms, used_size=8931328 bytes (21.8%)
(RDMA_READ_CONSUME_CHECK_CONSUMER) timestamp=9351 ms, used_size=8929280 bytes (21.8%)
(RDMA_READ_CONSUME_CHECK_CONSUMER) timestamp=9351 ms, used_size=8927232 bytes (21.8%)
(RDMA_READ_CONSUME_CHECK_CONSUMER) timestamp=9351 ms, used_size=8925184 bytes (21.8%)
(RDMA_READ_CONSUME_CHECK_CONSUMER) timestamp=9351 ms, used_size=8923136 bytes (21.8%)
(RDMA_READ_CONSUME_CHECK_CONSUMER) timestamp=9351 ms, used_size=8921088 bytes (21.8%)
(RDMA_READ_CONSUME_CHECK_CONSUMER) timestamp=9351 ms, used_size=8919040 bytes (21.8%)
(RDMA_READ_CONSUME_CHECK_CONSUMER) timestamp=9351 ms, used_size=8916992 bytes (21.8%)
(RDMA_READ_CONSUME_CHECK_CONSUMER) timestamp=9351 ms, used_size=8914944 bytes (21.8%)
(RDMA_READ_CONSUME_CHECK_CONSUMER) timestamp=9351 ms, used_size=8912896 bytes (21.8%)
(RDMA_READ_CONSUME_CHECK_CONSUMER) timestamp=9351 ms, used_size=8910848 bytes (21.8%)
(RDMA_READ_CONSUME_CHECK_CONSUMER) timestamp=9351 ms, used_size=8908800 bytes (21.8%)
(RDMA_READ_CONSUME_CHECK_CONSUMER) timestamp=9351 ms, used_size=8906752 bytes (21.7%)
(RDMA_READ_CONSUME_CHECK_CONSUMER) timestamp=9351 ms, used_size=8904704 bytes (21.7%)
(RDMA_READ_CONSUME_CHECK_CONSUMER) timestamp=9351 ms, used_size=8902656 bytes (21.7%)
(RDMA_READ_CONSUME_CHECK_CONSUMER) timestamp=9351 ms, used_size=8900608 bytes (21.7%)
(RDMA_READ_CONSUME_CHECK_CONSUMER) timestamp=9351 ms, used_size=8898560 bytes (21.7%)
(RDMA_READ_CONSUME_CHECK_CONSUMER) timestamp=9351 ms, used_size=8896512 bytes (21.7%)
(RDMA_READ_CONSUME_CHECK_CONSUMER) timestamp=9351 ms, used_size=8894464 bytes (21.7%)
(RDMA_READ_CONSUME_CHECK_CONSUMER) timestamp=9351 ms, used_size=8892416 bytes (21.7%)
(RDMA_READ_CONSUME_CHECK_CONSUMER) timestamp=9351 ms, used_size=8890368 bytes (21.7%)
(RDMA_READ_CONSUME_CHECK_CONSUMER) timestamp=9351 ms, used_size=8888320 bytes (21.7%)
(RDMA_READ_CONSUME_CHECK_CONSUMER) timestamp=9351 ms, used_size=8886272 bytes (21.7%)
(RDMA_READ_CONSUME_CHECK_CONSUMER) timestamp=9351 ms, used_size=8884224 bytes (21.7%)
(RDMA_READ_CONSUME_CHECK_CONSUMER) timestamp=9351 ms, used_size=8882176 bytes (21.7%)
(RDMA_READ_CONSUME_CHECK_CONSUMER) timestamp=9351 ms, used_size=8880128 bytes (21.7%)
(RDMA_READ_CONSUME_CHECK_CONSUMER) timestamp=9351 ms, used_size=8878080 bytes (21.7%)
(RDMA_READ_CONSUME_CHECK_CONSUMER) timestamp=9351 ms, used_size=8876032 bytes (21.7%)
(RDMA_READ_CONSUME_CHECK_CONSUMER) timestamp=9351 ms, used_size=8873984 bytes (21.7%)
(RDMA_READ_CONSUME_CHECK_CONSUMER) timestamp=9351 ms, used_size=8871936 bytes (21.7%)
(RDMA_READ_CONSUME_CHECK_CONSUMER) timestamp=9351 ms, used_size=8869888 bytes (21.7%)
(RDMA_READ_CONSUME_CHECK_CONSUMER) timestamp=9351 ms, used_size=8867840 bytes (21.6%)
(RDMA_READ_CONSUME_CHECK_CONSUMER) timestamp=9351 ms, used_size=8865792 bytes (21.6%)
(RDMA_READ_CONSUME_CHECK_CONSUMER) timestamp=9351 ms, used_size=8863744 bytes (21.6%)
(RDMA_READ_CONSUME_CHECK_CONSUMER) timestamp=9352 ms, used_size=8861696 bytes (21.6%)
(RDMA_READ_CONSUME_CHECK_CONSUMER) timestamp=9352 ms, used_size=8859648 bytes (21.6%)
(RDMA_READ_CONSUME_CHECK_CONSUMER) timestamp=9352 ms, used_size=8857600 bytes (21.6%)
(RDMA_READ_CONSUME_CHECK_CONSUMER) timestamp=9352 ms, used_size=8855552 bytes (21.6%)
(RDMA_READ_CONSUME_CHECK_CONSUMER) timestamp=9352 ms, used_size=8853504 bytes (21.6%)
(RDMA_READ_CONSUME_CHECK_CONSUMER) timestamp=9352 ms, used_size=8851456 bytes (21.6%)
(RDMA_READ_CONSUME_CHECK_CONSUMER) timestamp=9352 ms, used_size=8849408 bytes (21.6%)
(RDMA_READ_CONSUME_CHECK_CONSUMER) timestamp=9352 ms, used_size=8847360 bytes (21.6%)
(RDMA_READ_CONSUME_CHECK_CONSUMER) timestamp=9352 ms, used_size=8845312 bytes (21.6%)
(RDMA_READ_CONSUME_CHECK_CONSUMER) timestamp=9352 ms, used_size=8843264 bytes (21.6%)
(RDMA_READ_CONSUME_CHECK_CONSUMER) timestamp=9352 ms, used_size=8841216 bytes (21.6%)
(RDMA_READ_CONSUME_CHECK_CONSUMER) timestamp=9352 ms, used_size=8839168 bytes (21.6%)
(RDMA_READ_CONSUME_CHECK_CONSUMER) timestamp=9352 ms, used_size=8837120 bytes (21.6%)
(RDMA_READ_CONSUME_CHECK_CONSUMER) timestamp=9352 ms, used_size=8835072 bytes (21.6%)
(RDMA_READ_CONSUME_CHECK_CONSUMER) timestamp=9352 ms, used_size=8833024 bytes (21.6%)
(RDMA_READ_CONSUME_CHECK_CONSUMER) timestamp=9352 ms, used_size=8830976 bytes (21.6%)
(RDMA_READ_CONSUME_CHECK_CONSUMER) timestamp=9352 ms, used_size=8828928 bytes (21.6%)
(RDMA_READ_CONSUME_CHECK_CONSUMER) timestamp=9352 ms, used_size=8826880 bytes (21.6%)
(RDMA_READ_CONSUME_CHECK_CONSUMER) timestamp=9352 ms, used_size=8824832 bytes (21.5%)
(RDMA_READ_CONSUME_CHECK_CONSUMER) timestamp=9352 ms, used_size=8822784 bytes (21.5%)
(RDMA_READ_CONSUME_CHECK_CONSUMER) timestamp=9352 ms, used_size=8820736 bytes (21.5%)
(RDMA_READ_CONSUME_CHECK_CONSUMER) timestamp=9352 ms, used_size=8818688 bytes (21.5%)
(RDMA_READ_CONSUME_CHECK_CONSUMER) timestamp=9352 ms, used_size=8816640 bytes (21.5%)
(RDMA_READ_CONSUME_CHECK_CONSUMER) timestamp=9352 ms, used_size=8814592 bytes (21.5%)
(RDMA_READ_CONSUME_CHECK_CONSUMER) timestamp=9352 ms, used_size=8812544 bytes (21.5%)
(RDMA_READ_CONSUME_CHECK_CONSUMER) timestamp=9352 ms, used_size=8810496 bytes (21.5%)
(RDMA_READ_CONSUME_CHECK_CONSUMER) timestamp=9352 ms, used_size=8808448 bytes (21.5%)
(RDMA_READ_CONSUME_CHECK_CONSUMER) timestamp=9352 ms, used_size=8806400 bytes (21.5%)
(RDMA_READ_CONSUME_CHECK_CONSUMER) timestamp=9352 ms, used_size=8804352 bytes (21.5%)
(RDMA_READ_CONSUME_CHECK_CONSUMER) timestamp=9352 ms, used_size=8802304 bytes (21.5%)
(RDMA_READ_CONSUME_CHECK_CONSUMER) timestamp=9352 ms, used_size=8800256 bytes (21.5%)
(RDMA_READ_CONSUME_CHECK_CONSUMER) timestamp=9352 ms, used_size=8798208 bytes (21.5%)
(RDMA_READ_CONSUME_CHECK_CONSUMER) timestamp=9352 ms, used_size=8796160 bytes (21.5%)
(RDMA_READ_CONSUME_CHECK_CONSUMER) timestamp=9352 ms, used_size=8794112 bytes (21.5%)
(RDMA_READ_CONSUME_CHECK_CONSUMER) timestamp=9352 ms, used_size=8792064 bytes (21.5%)
(RDMA_READ_CONSUME_CHECK_CONSUMER) timestamp=9352 ms, used_size=8790016 bytes (21.5%)
(RDMA_READ_CONSUME_CHECK_CONSUMER) timestamp=9352 ms, used_size=8787968 bytes (21.5%)
(RDMA_READ_CONSUME_CHECK_CONSUMER) timestamp=9352 ms, used_size=8785920 bytes (21.4%)
(RDMA_READ_CONSUME_CHECK_CONSUMER) timestamp=9352 ms, used_size=8783872 bytes (21.4%)
(RDMA_READ_CONSUME_CHECK_CONSUMER) timestamp=9352 ms, used_size=8781824 bytes (21.4%)
(RDMA_READ_CONSUME_CHECK_CONSUMER) timestamp=9352 ms, used_size=8779776 bytes (21.4%)
(RDMA_READ_CONSUME_CHECK_CONSUMER) timestamp=9352 ms, used_size=8777728 bytes (21.4%)
(RDMA_READ_CONSUME_CHECK_CONSUMER) timestamp=9352 ms, used_size=8775680 bytes (21.4%)
(RDMA_READ_CONSUME_CHECK_CONSUMER) timestamp=9352 ms, used_size=8773632 bytes (21.4%)
(RDMA_READ_CONSUME_CHECK_CONSUMER) timestamp=9352 ms, used_size=8771584 bytes (21.4%)
(RDMA_READ_CONSUME_CHECK_CONSUMER) timestamp=9352 ms, used_size=8769536 bytes (21.4%)
(RDMA_READ_CONSUME_CHECK_CONSUMER) timestamp=9352 ms, used_size=8767488 bytes (21.4%)
(RDMA_READ_CONSUME_CHECK_CONSUMER) timestamp=9352 ms, used_size=8765440 bytes (21.4%)
(RDMA_READ_CONSUME_CHECK_CONSUMER) timestamp=9352 ms, used_size=8763392 bytes (21.4%)
(RDMA_READ_CONSUME_CHECK_CONSUMER) timestamp=9352 ms, used_size=8761344 bytes (21.4%)
(RDMA_READ_CONSUME_CHECK_CONSUMER) timestamp=9352 ms, used_size=8759296 bytes (21.4%)
(RDMA_READ_CONSUME_CHECK_CONSUMER) timestamp=9352 ms, used_size=8757248 bytes (21.4%)
(RDMA_READ_CONSUME_CHECK_CONSUMER) timestamp=9352 ms, used_size=8755200 bytes (21.4%)
(RDMA_READ_CONSUME_CHECK_CONSUMER) timestamp=9352 ms, used_size=8753152 bytes (21.4%)
(RDMA_READ_CONSUME_CHECK_CONSUMER) timestamp=9352 ms, used_size=8751104 bytes (21.4%)
(RDMA_READ_CONSUME_CHECK_CONSUMER) timestamp=9352 ms, used_size=8749056 bytes (21.4%)
(RDMA_READ_CONSUME_CHECK_CONSUMER) timestamp=9352 ms, used_size=8747008 bytes (21.4%)
(RDMA_READ_CONSUME_CHECK_CONSUMER) timestamp=9352 ms, used_size=8744960 bytes (21.4%)
(RDMA_READ_CONSUME_CHECK_CONSUMER) timestamp=9352 ms, used_size=8742912 bytes (21.3%)
(RDMA_READ_CONSUME_CHECK_CONSUMER) timestamp=9352 ms, used_size=8740864 bytes (21.3%)
(RDMA_READ_CONSUME_CHECK_CONSUMER) timestamp=9352 ms, used_size=8738816 bytes (21.3%)
(RDMA_READ_CONSUME_CHECK_CONSUMER) timestamp=9352 ms, used_size=8736768 bytes (21.3%)
(RDMA_READ_CONSUME_CHECK_CONSUMER) timestamp=9352 ms, used_size=8734720 bytes (21.3%)
(RDMA_READ_CONSUME_CHECK_CONSUMER) timestamp=9352 ms, used_size=8732672 bytes (21.3%)
(RDMA_READ_CONSUME_CHECK_CONSUMER) timestamp=9352 ms, used_size=8730624 bytes (21.3%)
(RDMA_READ_CONSUME_CHECK_CONSUMER) timestamp=9352 ms, used_size=8728576 bytes (21.3%)
(RDMA_READ_CONSUME_CHECK_CONSUMER) timestamp=9352 ms, used_size=8726528 bytes (21.3%)
(RDMA_READ_CONSUME_CHECK_CONSUMER) timestamp=9352 ms, used_size=8724480 bytes (21.3%)
(RDMA_READ_CONSUME_CHECK_CONSUMER) timestamp=9352 ms, used_size=8722432 bytes (21.3%)
(RDMA_READ_CONSUME_CHECK_CONSUMER) timestamp=9352 ms, used_size=8720384 bytes (21.3%)
(RDMA_READ_CONSUME_CHECK_CONSUMER) timestamp=9352 ms, used_size=8718336 bytes (21.3%)
(RDMA_READ_CONSUME_CHECK_CONSUMER) timestamp=9352 ms, used_size=8716288 bytes (21.3%)
(RDMA_READ_CONSUME_CHECK_CONSUMER) timestamp=9352 ms, used_size=8714240 bytes (21.3%)
(RDMA_READ_CONSUME_CHECK_CONSUMER) timestamp=9352 ms, used_size=8712192 bytes (21.3%)
(RDMA_READ_CONSUME_CHECK_CONSUMER) timestamp=9352 ms, used_size=8710144 bytes (21.3%)
(RDMA_READ_CONSUME_CHECK_CONSUMER) timestamp=9352 ms, used_size=8708096 bytes (21.3%)
(RDMA_READ_CONSUME_CHECK_CONSUMER) timestamp=9352 ms, used_size=8706048 bytes (21.3%)
(RDMA_READ_CONSUME_CHECK_CONSUMER) timestamp=9352 ms, used_size=8704000 bytes (21.2%)
(RDMA_READ_CONSUME_CHECK_CONSUMER) timestamp=9352 ms, used_size=8701952 bytes (21.2%)
(RDMA_READ_CONSUME_CHECK_CONSUMER) timestamp=9352 ms, used_size=8699904 bytes (21.2%)
(RDMA_READ_CONSUME_CHECK_CONSUMER) timestamp=9352 ms, used_size=8697856 bytes (21.2%)
(RDMA_READ_CONSUME_CHECK_CONSUMER) timestamp=9352 ms, used_size=8695808 bytes (21.2%)
(RDMA_READ_CONSUME_CHECK_CONSUMER) timestamp=9352 ms, used_size=8693760 bytes (21.2%)
(RDMA_READ_CONSUME_CHECK_CONSUMER) timestamp=9352 ms, used_size=8691712 bytes (21.2%)
(RDMA_READ_CONSUME_CHECK_CONSUMER) timestamp=9352 ms, used_size=8689664 bytes (21.2%)
(RDMA_READ_CONSUME_CHECK_CONSUMER) timestamp=9352 ms, used_size=8687616 bytes (21.2%)
(RDMA_READ_CONSUME_CHECK_CONSUMER) timestamp=9352 ms, used_size=8685568 bytes (21.2%)
(RDMA_READ_CONSUME_CHECK_CONSUMER) timestamp=9352 ms, used_size=8683520 bytes (21.2%)
(RDMA_READ_CONSUME_CHECK_CONSUMER) timestamp=9352 ms, used_size=8681472 bytes (21.2%)
(RDMA_READ_CONSUME_CHECK_CONSUMER) timestamp=9352 ms, used_size=8679424 bytes (21.2%)
(RDMA_READ_CONSUME_CHECK_CONSUMER) timestamp=9352 ms, used_size=8677376 bytes (21.2%)
(RDMA_READ_CONSUME_CHECK_CONSUMER) timestamp=9352 ms, used_size=8675328 bytes (21.2%)
(RDMA_READ_CONSUME_CHECK_CONSUMER) timestamp=9352 ms, used_size=8673280 bytes (21.2%)
(RDMA_READ_CONSUME_CHECK_CONSUMER) timestamp=9352 ms, used_size=8671232 bytes (21.2%)
(RDMA_READ_CONSUME_CHECK_CONSUMER) timestamp=9352 ms, used_size=8669184 bytes (21.2%)
(RDMA_READ_CONSUME_CHECK_CONSUMER) timestamp=9352 ms, used_size=8667136 bytes (21.2%)
(RDMA_READ_CONSUME_CHECK_CONSUMER) timestamp=9352 ms, used_size=8665088 bytes (21.2%)
(RDMA_READ_CONSUME_CHECK_CONSUMER) timestamp=9352 ms, used_size=8663040 bytes (21.1%)
(RDMA_READ_CONSUME_CHECK_CONSUMER) timestamp=9352 ms, used_size=8660992 bytes (21.1%)
(RDMA_READ_CONSUME_CHECK_CONSUMER) timestamp=9352 ms, used_size=8658944 bytes (21.1%)
(RDMA_READ_CONSUME_CHECK_CONSUMER) timestamp=9352 ms, used_size=8656896 bytes (21.1%)
(RDMA_READ_CONSUME_CHECK_CONSUMER) timestamp=9352 ms, used_size=8654848 bytes (21.1%)
(RDMA_READ_CONSUME_CHECK_CONSUMER) timestamp=9352 ms, used_size=8652800 bytes (21.1%)
(RDMA_READ_CONSUME_CHECK_CONSUMER) timestamp=9352 ms, used_size=8650752 bytes (21.1%)
(RDMA_READ_CONSUME_CHECK_CONSUMER) timestamp=9352 ms, used_size=8648704 bytes (21.1%)
(RDMA_READ_CONSUME_CHECK_CONSUMER) timestamp=9352 ms, used_size=8646656 bytes (21.1%)
(RDMA_READ_CONSUME_CHECK_CONSUMER) timestamp=9352 ms, used_size=8644608 bytes (21.1%)
(RDMA_READ_CONSUME_CHECK_CONSUMER) timestamp=9352 ms, used_size=8642560 bytes (21.1%)
(RDMA_READ_CONSUME_CHECK_CONSUMER) timestamp=9352 ms, used_size=8640512 bytes (21.1%)
(RDMA_READ_CONSUME_CHECK_CONSUMER) timestamp=9352 ms, used_size=8638464 bytes (21.1%)
(RDMA_READ_CONSUME_CHECK_CONSUMER) timestamp=9352 ms, used_size=8636416 bytes (21.1%)
(RDMA_READ_CONSUME_CHECK_CONSUMER) timestamp=9352 ms, used_size=8634368 bytes (21.1%)
(RDMA_READ_CONSUME_CHECK_CONSUMER) timestamp=9352 ms, used_size=8632320 bytes (21.1%)
(RDMA_READ_CONSUME_CHECK_CONSUMER) timestamp=9352 ms, used_size=8630272 bytes (21.1%)
(RDMA_READ_CONSUME_CHECK_CONSUMER) timestamp=9352 ms, used_size=8628224 bytes (21.1%)
(RDMA_READ_CONSUME_CHECK_CONSUMER) timestamp=9352 ms, used_size=8626176 bytes (21.1%)
(RDMA_READ_CONSUME_CHECK_CONSUMER) timestamp=9352 ms, used_size=8624128 bytes (21.1%)
(RDMA_READ_CONSUME_CHECK_CONSUMER) timestamp=9352 ms, used_size=8622080 bytes (21.1%)
(RDMA_READ_CONSUME_CHECK_CONSUMER) timestamp=9352 ms, used_size=8620032 bytes (21.0%)
(RDMA_READ_CONSUME_CHECK_CONSUMER) timestamp=9352 ms, used_size=8617984 bytes (21.0%)
(RDMA_READ_CONSUME_CHECK_CONSUMER) timestamp=9352 ms, used_size=8615936 bytes (21.0%)
(RDMA_READ_CONSUME_CHECK_CONSUMER) timestamp=9352 ms, used_size=8613888 bytes (21.0%)
(RDMA_READ_CONSUME_CHECK_CONSUMER) timestamp=9352 ms, used_size=8611840 bytes (21.0%)
(RDMA_READ_CONSUME_CHECK_CONSUMER) timestamp=9352 ms, used_size=8609792 bytes (21.0%)
(RDMA_READ_CONSUME_CHECK_CONSUMER) timestamp=9352 ms, used_size=8607744 bytes (21.0%)
(RDMA_READ_CONSUME_CHECK_CONSUMER) timestamp=9352 ms, used_size=8605696 bytes (21.0%)
(RDMA_READ_CONSUME_CHECK_CONSUMER) timestamp=9352 ms, used_size=8603648 bytes (21.0%)
(RDMA_READ_CONSUME_CHECK_CONSUMER) timestamp=9352 ms, used_size=8601600 bytes (21.0%)
(RDMA_READ_CONSUME_CHECK_CONSUMER) timestamp=9352 ms, used_size=8599552 bytes (21.0%)
(RDMA_READ_CONSUME_CHECK_CONSUMER) timestamp=9352 ms, used_size=8597504 bytes (21.0%)
(RDMA_READ_CONSUME_CHECK_CONSUMER) timestamp=9352 ms, used_size=8595456 bytes (21.0%)
(RDMA_READ_CONSUME_CHECK_CONSUMER) timestamp=9352 ms, used_size=8593408 bytes (21.0%)
(RDMA_READ_CONSUME_CHECK_CONSUMER) timestamp=9352 ms, used_size=8591360 bytes (21.0%)
(RDMA_READ_CONSUME_CHECK_CONSUMER) timestamp=9352 ms, used_size=8589312 bytes (21.0%)
(RDMA_READ_CONSUME_CHECK_CONSUMER) timestamp=9352 ms, used_size=8587264 bytes (21.0%)
(RDMA_READ_CONSUME_CHECK_CONSUMER) timestamp=9352 ms, used_size=8585216 bytes (21.0%)
(RDMA_READ_CONSUME_CHECK_CONSUMER) timestamp=9352 ms, used_size=8583168 bytes (21.0%)
(RDMA_READ_CONSUME_CHECK_CONSUMER) timestamp=9352 ms, used_size=8581120 bytes (20.9%)
(RDMA_READ_CONSUME_CHECK_CONSUMER) timestamp=9352 ms, used_size=8579072 bytes (20.9%)
(RDMA_READ_CONSUME_CHECK_CONSUMER) timestamp=9352 ms, used_size=8577024 bytes (20.9%)
(RDMA_READ_CONSUME_CHECK_CONSUMER) timestamp=9352 ms, used_size=8574976 bytes (20.9%)
(RDMA_READ_CONSUME_CHECK_CONSUMER) timestamp=9352 ms, used_size=8572928 bytes (20.9%)
(RDMA_READ_CONSUME_CHECK_CONSUMER) timestamp=9352 ms, used_size=8570880 bytes (20.9%)
(RDMA_READ_CONSUME_CHECK_CONSUMER) timestamp=9352 ms, used_size=8568832 bytes (20.9%)
(RDMA_READ_CONSUME_CHECK_CONSUMER) timestamp=9352 ms, used_size=8566784 bytes (20.9%)
(RDMA_READ_CONSUME_CHECK_CONSUMER) timestamp=9352 ms, used_size=8564736 bytes (20.9%)
(RDMA_READ_CONSUME_CHECK_CONSUMER) timestamp=9352 ms, used_size=8562688 bytes (20.9%)
(RDMA_READ_CONSUME_CHECK_CONSUMER) timestamp=9352 ms, used_size=8560640 bytes (20.9%)
(RDMA_READ_CONSUME_CHECK_CONSUMER) timestamp=9352 ms, used_size=8558592 bytes (20.9%)
(RDMA_READ_CONSUME_CHECK_CONSUMER) timestamp=9352 ms, used_size=8556544 bytes (20.9%)
(RDMA_READ_CONSUME_CHECK_CONSUMER) timestamp=9352 ms, used_size=8554496 bytes (20.9%)
(RDMA_READ_CONSUME_CHECK_CONSUMER) timestamp=9352 ms, used_size=8552448 bytes (20.9%)
(RDMA_READ_CONSUME_CHECK_CONSUMER) timestamp=9352 ms, used_size=8550400 bytes (20.9%)
(RDMA_READ_CONSUME_CHECK_CONSUMER) timestamp=9352 ms, used_size=8548352 bytes (20.9%)
(RDMA_READ_CONSUME_CHECK_CONSUMER) timestamp=9352 ms, used_size=8546304 bytes (20.9%)
(RDMA_READ_CONSUME_CHECK_CONSUMER) timestamp=9352 ms, used_size=8544256 bytes (20.9%)
(RDMA_READ_CONSUME_CHECK_CONSUMER) timestamp=9352 ms, used_size=8542208 bytes (20.9%)
(RDMA_READ_CONSUME_CHECK_CONSUMER) timestamp=9352 ms, used_size=8540160 bytes (20.9%)
(RDMA_READ_CONSUME_CHECK_CONSUMER) timestamp=9352 ms, used_size=8538112 bytes (20.8%)
(RDMA_READ_CONSUME_CHECK_CONSUMER) timestamp=9352 ms, used_size=8536064 bytes (20.8%)
(RDMA_READ_CONSUME_CHECK_CONSUMER) timestamp=9352 ms, used_size=8534016 bytes (20.8%)
(RDMA_READ_CONSUME_CHECK_CONSUMER) timestamp=9352 ms, used_size=8531968 bytes (20.8%)
(RDMA_READ_CONSUME_CHECK_CONSUMER) timestamp=9352 ms, used_size=8529920 bytes (20.8%)
(RDMA_READ_CONSUME_CHECK_CONSUMER) timestamp=9352 ms, used_size=8527872 bytes (20.8%)
(RDMA_READ_CONSUME_CHECK_CONSUMER) timestamp=9352 ms, used_size=8525824 bytes (20.8%)
(RDMA_READ_CONSUME_CHECK_CONSUMER) timestamp=9352 ms, used_size=8523776 bytes (20.8%)
(RDMA_READ_CONSUME_CHECK_CONSUMER) timestamp=9352 ms, used_size=8521728 bytes (20.8%)
(RDMA_READ_CONSUME_CHECK_CONSUMER) timestamp=9352 ms, used_size=8519680 bytes (20.8%)
(RDMA_READ_CONSUME_CHECK_CONSUMER) timestamp=9352 ms, used_size=8517632 bytes (20.8%)
(RDMA_READ_CONSUME_CHECK_CONSUMER) timestamp=9352 ms, used_size=8515584 bytes (20.8%)
(RDMA_READ_CONSUME_CHECK_CONSUMER) timestamp=9352 ms, used_size=8513536 bytes (20.8%)
(RDMA_READ_CONSUME_CHECK_CONSUMER) timestamp=9352 ms, used_size=8511488 bytes (20.8%)
(RDMA_READ_CONSUME_CHECK_CONSUMER) timestamp=9352 ms, used_size=8509440 bytes (20.8%)
(RDMA_READ_CONSUME_CHECK_CONSUMER) timestamp=9352 ms, used_size=8507392 bytes (20.8%)
(RDMA_READ_CONSUME_CHECK_CONSUMER) timestamp=9352 ms, used_size=8505344 bytes (20.8%)
(RDMA_READ_CONSUME_CHECK_CONSUMER) timestamp=9352 ms, used_size=8503296 bytes (20.8%)
(RDMA_READ_CONSUME_CHECK_CONSUMER) timestamp=9352 ms, used_size=8501248 bytes (20.8%)
(RDMA_READ_CONSUME_CHECK_CONSUMER) timestamp=9353 ms, used_size=8499200 bytes (20.8%)
(RDMA_READ_CONSUME_CHECK_CONSUMER) timestamp=9353 ms, used_size=8497152 bytes (20.7%)
(RDMA_READ_CONSUME_CHECK_CONSUMER) timestamp=9353 ms, used_size=8495104 bytes (20.7%)
(RDMA_READ_CONSUME_CHECK_CONSUMER) timestamp=9353 ms, used_size=8493056 bytes (20.7%)
(RDMA_READ_CONSUME_CHECK_CONSUMER) timestamp=9353 ms, used_size=8491008 bytes (20.7%)
(RDMA_READ_CONSUME_CHECK_CONSUMER) timestamp=9353 ms, used_size=8488960 bytes (20.7%)
(RDMA_READ_CONSUME_CHECK_CONSUMER) timestamp=9353 ms, used_size=8486912 bytes (20.7%)
(RDMA_READ_CONSUME_CHECK_CONSUMER) timestamp=9353 ms, used_size=8484864 bytes (20.7%)
(RDMA_READ_CONSUME_CHECK_CONSUMER) timestamp=9353 ms, used_size=8482816 bytes (20.7%)
(RDMA_READ_CONSUME_CHECK_CONSUMER) timestamp=9353 ms, used_size=8480768 bytes (20.7%)
(RDMA_READ_CONSUME_CHECK_CONSUMER) timestamp=9353 ms, used_size=8478720 bytes (20.7%)
(RDMA_READ_CONSUME_CHECK_CONSUMER) timestamp=9353 ms, used_size=8476672 bytes (20.7%)
(RDMA_READ_CONSUME_CHECK_CONSUMER) timestamp=9353 ms, used_size=8474624 bytes (20.7%)
(RDMA_READ_CONSUME_CHECK_CONSUMER) timestamp=9353 ms, used_size=8472576 bytes (20.7%)
(RDMA_READ_CONSUME_CHECK_CONSUMER) timestamp=9353 ms, used_size=8470528 bytes (20.7%)
(RDMA_READ_CONSUME_CHECK_CONSUMER) timestamp=9353 ms, used_size=8468480 bytes (20.7%)
(RDMA_READ_CONSUME_CHECK_CONSUMER) timestamp=9353 ms, used_size=8466432 bytes (20.7%)
(RDMA_READ_CONSUME_CHECK_CONSUMER) timestamp=9353 ms, used_size=8464384 bytes (20.7%)
(RDMA_READ_CONSUME_CHECK_CONSUMER) timestamp=9353 ms, used_size=8462336 bytes (20.7%)
(RDMA_READ_CONSUME_CHECK_CONSUMER) timestamp=9353 ms, used_size=8460288 bytes (20.7%)
(RDMA_READ_CONSUME_CHECK_CONSUMER) timestamp=9353 ms, used_size=8458240 bytes (20.6%)
(RDMA_READ_CONSUME_CHECK_CONSUMER) timestamp=9353 ms, used_size=8456192 bytes (20.6%)
(RDMA_READ_CONSUME_CHECK_CONSUMER) timestamp=9353 ms, used_size=8454144 bytes (20.6%)
(RDMA_READ_CONSUME_CHECK_CONSUMER) timestamp=9353 ms, used_size=8452096 bytes (20.6%)
(RDMA_READ_CONSUME_CHECK_CONSUMER) timestamp=9353 ms, used_size=8450048 bytes (20.6%)
(RDMA_READ_CONSUME_CHECK_CONSUMER) timestamp=9353 ms, used_size=8448000 bytes (20.6%)
(RDMA_READ_CONSUME_CHECK_CONSUMER) timestamp=9353 ms, used_size=8445952 bytes (20.6%)
(RDMA_READ_CONSUME_CHECK_CONSUMER) timestamp=9353 ms, used_size=8443904 bytes (20.6%)
(RDMA_READ_CONSUME_CHECK_CONSUMER) timestamp=9353 ms, used_size=8441856 bytes (20.6%)
(RDMA_READ_CONSUME_CHECK_CONSUMER) timestamp=9353 ms, used_size=8439808 bytes (20.6%)
(RDMA_READ_CONSUME_CHECK_CONSUMER) timestamp=9353 ms, used_size=8437760 bytes (20.6%)
(RDMA_READ_CONSUME_CHECK_CONSUMER) timestamp=9353 ms, used_size=8435712 bytes (20.6%)
(RDMA_READ_CONSUME_CHECK_CONSUMER) timestamp=9353 ms, used_size=8433664 bytes (20.6%)
(RDMA_READ_CONSUME_CHECK_CONSUMER) timestamp=9353 ms, used_size=8431616 bytes (20.6%)
(RDMA_READ_CONSUME_CHECK_CONSUMER) timestamp=9353 ms, used_size=8429568 bytes (20.6%)
(RDMA_READ_CONSUME_CHECK_CONSUMER) timestamp=9353 ms, used_size=8427520 bytes (20.6%)
(RDMA_READ_CONSUME_CHECK_CONSUMER) timestamp=9353 ms, used_size=8425472 bytes (20.6%)
(RDMA_READ_CONSUME_CHECK_CONSUMER) timestamp=9353 ms, used_size=8423424 bytes (20.6%)
(RDMA_READ_CONSUME_CHECK_CONSUMER) timestamp=9353 ms, used_size=8421376 bytes (20.6%)
(RDMA_READ_CONSUME_CHECK_CONSUMER) timestamp=9353 ms, used_size=8419328 bytes (20.6%)
(RDMA_READ_CONSUME_CHECK_CONSUMER) timestamp=9353 ms, used_size=8417280 bytes (20.6%)
(RDMA_READ_CONSUME_CHECK_CONSUMER) timestamp=9353 ms, used_size=8415232 bytes (20.5%)
(RDMA_READ_CONSUME_CHECK_CONSUMER) timestamp=9353 ms, used_size=8413184 bytes (20.5%)
(RDMA_READ_CONSUME_CHECK_CONSUMER) timestamp=9353 ms, used_size=8411136 bytes (20.5%)
(RDMA_READ_CONSUME_CHECK_CONSUMER) timestamp=9353 ms, used_size=8409088 bytes (20.5%)
(RDMA_READ_CONSUME_CHECK_CONSUMER) timestamp=9353 ms, used_size=8407040 bytes (20.5%)
(RDMA_READ_CONSUME_CHECK_CONSUMER) timestamp=9353 ms, used_size=8404992 bytes (20.5%)
(RDMA_READ_CONSUME_CHECK_CONSUMER) timestamp=9353 ms, used_size=8402944 bytes (20.5%)
(RDMA_READ_CONSUME_CHECK_CONSUMER) timestamp=9353 ms, used_size=8400896 bytes (20.5%)
(RDMA_READ_CONSUME_CHECK_CONSUMER) timestamp=9353 ms, used_size=8398848 bytes (20.5%)
(RDMA_READ_CONSUME_CHECK_CONSUMER) timestamp=9353 ms, used_size=8396800 bytes (20.5%)
(RDMA_READ_CONSUME_CHECK_CONSUMER) timestamp=9353 ms, used_size=8394752 bytes (20.5%)
(RDMA_READ_CONSUME_CHECK_CONSUMER) timestamp=9353 ms, used_size=8392704 bytes (20.5%)
(RDMA_READ_CONSUME_CHECK_CONSUMER) timestamp=9353 ms, used_size=8390656 bytes (20.5%)
(RDMA_READ_CONSUME_CHECK_CONSUMER) timestamp=9353 ms, used_size=8388608 bytes (20.5%)
(RDMA_READ_CONSUME_CHECK_CONSUMER) timestamp=9353 ms, used_size=8386560 bytes (20.5%)
(RDMA_READ_CONSUME_CHECK_CONSUMER) timestamp=9353 ms, used_size=8384512 bytes (20.5%)
(RDMA_READ_CONSUME_CHECK_CONSUMER) timestamp=9353 ms, used_size=8382464 bytes (20.5%)
(RDMA_READ_CONSUME_CHECK_CONSUMER) timestamp=9353 ms, used_size=8380416 bytes (20.5%)
(RDMA_READ_CONSUME_CHECK_CONSUMER) timestamp=9353 ms, used_size=8378368 bytes (20.5%)
(RDMA_READ_CONSUME_CHECK_CONSUMER) timestamp=9353 ms, used_size=8376320 bytes (20.4%)
(RDMA_READ_CONSUME_CHECK_CONSUMER) timestamp=9353 ms, used_size=8374272 bytes (20.4%)
(RDMA_READ_CONSUME_CHECK_CONSUMER) timestamp=9353 ms, used_size=8372224 bytes (20.4%)
(RDMA_READ_CONSUME_CHECK_CONSUMER) timestamp=9353 ms, used_size=8370176 bytes (20.4%)
(RDMA_READ_CONSUME_CHECK_CONSUMER) timestamp=9353 ms, used_size=8368128 bytes (20.4%)
(RDMA_READ_CONSUME_CHECK_CONSUMER) timestamp=9353 ms, used_size=8366080 bytes (20.4%)
(RDMA_READ_CONSUME_CHECK_CONSUMER) timestamp=9353 ms, used_size=8364032 bytes (20.4%)
(RDMA_READ_CONSUME_CHECK_CONSUMER) timestamp=9353 ms, used_size=8361984 bytes (20.4%)
(RDMA_READ_CONSUME_CHECK_CONSUMER) timestamp=9353 ms, used_size=8359936 bytes (20.4%)
(RDMA_READ_CONSUME_CHECK_CONSUMER) timestamp=9353 ms, used_size=8357888 bytes (20.4%)
(RDMA_READ_CONSUME_CHECK_CONSUMER) timestamp=9353 ms, used_size=8355840 bytes (20.4%)
(RDMA_READ_CONSUME_CHECK_CONSUMER) timestamp=9353 ms, used_size=8353792 bytes (20.4%)
(RDMA_READ_CONSUME_CHECK_CONSUMER) timestamp=9353 ms, used_size=8351744 bytes (20.4%)
(RDMA_READ_CONSUME_CHECK_CONSUMER) timestamp=9353 ms, used_size=8349696 bytes (20.4%)
(RDMA_READ_CONSUME_CHECK_CONSUMER) timestamp=9353 ms, used_size=8347648 bytes (20.4%)
(RDMA_READ_CONSUME_CHECK_CONSUMER) timestamp=9353 ms, used_size=8345600 bytes (20.4%)
(RDMA_READ_CONSUME_CHECK_CONSUMER) timestamp=9353 ms, used_size=8343552 bytes (20.4%)
(RDMA_READ_CONSUME_CHECK_CONSUMER) timestamp=9353 ms, used_size=8341504 bytes (20.4%)
(RDMA_READ_CONSUME_CHECK_CONSUMER) timestamp=9353 ms, used_size=8339456 bytes (20.4%)
(RDMA_READ_CONSUME_CHECK_CONSUMER) timestamp=9353 ms, used_size=8337408 bytes (20.4%)
(RDMA_READ_CONSUME_CHECK_CONSUMER) timestamp=9353 ms, used_size=8335360 bytes (20.4%)
(RDMA_READ_CONSUME_CHECK_CONSUMER) timestamp=9353 ms, used_size=8333312 bytes (20.3%)
(RDMA_READ_CONSUME_CHECK_CONSUMER) timestamp=9353 ms, used_size=8331264 bytes (20.3%)
(RDMA_READ_CONSUME_CHECK_CONSUMER) timestamp=9353 ms, used_size=8329216 bytes (20.3%)
(RDMA_READ_CONSUME_CHECK_CONSUMER) timestamp=9353 ms, used_size=8327168 bytes (20.3%)
(RDMA_READ_CONSUME_CHECK_CONSUMER) timestamp=9353 ms, used_size=8325120 bytes (20.3%)
(RDMA_READ_CONSUME_CHECK_CONSUMER) timestamp=9353 ms, used_size=8323072 bytes (20.3%)
(RDMA_READ_CONSUME_CHECK_CONSUMER) timestamp=9353 ms, used_size=8321024 bytes (20.3%)
(RDMA_READ_CONSUME_CHECK_CONSUMER) timestamp=9353 ms, used_size=8318976 bytes (20.3%)
(RDMA_READ_CONSUME_CHECK_CONSUMER) timestamp=9353 ms, used_size=8316928 bytes (20.3%)
(RDMA_READ_CONSUME_CHECK_CONSUMER) timestamp=9353 ms, used_size=8314880 bytes (20.3%)
(RDMA_READ_CONSUME_CHECK_CONSUMER) timestamp=9353 ms, used_size=8312832 bytes (20.3%)
(RDMA_READ_CONSUME_CHECK_CONSUMER) timestamp=9353 ms, used_size=8310784 bytes (20.3%)
(RDMA_READ_CONSUME_CHECK_CONSUMER) timestamp=9353 ms, used_size=8308736 bytes (20.3%)
(RDMA_READ_CONSUME_CHECK_CONSUMER) timestamp=9353 ms, used_size=8306688 bytes (20.3%)
(RDMA_READ_CONSUME_CHECK_CONSUMER) timestamp=9353 ms, used_size=8304640 bytes (20.3%)
(RDMA_READ_CONSUME_CHECK_CONSUMER) timestamp=9353 ms, used_size=8302592 bytes (20.3%)
(RDMA_READ_CONSUME_CHECK_CONSUMER) timestamp=9353 ms, used_size=8300544 bytes (20.3%)
(RDMA_READ_CONSUME_CHECK_CONSUMER) timestamp=9353 ms, used_size=8298496 bytes (20.3%)
(RDMA_READ_CONSUME_CHECK_CONSUMER) timestamp=9353 ms, used_size=8296448 bytes (20.3%)
(RDMA_READ_CONSUME_CHECK_CONSUMER) timestamp=9353 ms, used_size=8294400 bytes (20.2%)
(RDMA_READ_CONSUME_CHECK_CONSUMER) timestamp=9353 ms, used_size=8292352 bytes (20.2%)
(RDMA_READ_CONSUME_CHECK_CONSUMER) timestamp=9353 ms, used_size=8290304 bytes (20.2%)
(RDMA_READ_CONSUME_CHECK_CONSUMER) timestamp=9353 ms, used_size=8288256 bytes (20.2%)
(RDMA_READ_CONSUME_CHECK_CONSUMER) timestamp=9353 ms, used_size=8286208 bytes (20.2%)
(RDMA_READ_CONSUME_CHECK_CONSUMER) timestamp=9353 ms, used_size=8284160 bytes (20.2%)
(RDMA_READ_CONSUME_CHECK_CONSUMER) timestamp=9353 ms, used_size=8282112 bytes (20.2%)
(RDMA_READ_CONSUME_CHECK_CONSUMER) timestamp=9353 ms, used_size=8280064 bytes (20.2%)
(RDMA_READ_CONSUME_CHECK_CONSUMER) timestamp=9353 ms, used_size=8278016 bytes (20.2%)
(RDMA_READ_CONSUME_CHECK_CONSUMER) timestamp=9353 ms, used_size=8275968 bytes (20.2%)
(RDMA_READ_CONSUME_CHECK_CONSUMER) timestamp=9353 ms, used_size=8273920 bytes (20.2%)
(RDMA_READ_CONSUME_CHECK_CONSUMER) timestamp=9353 ms, used_size=8271872 bytes (20.2%)
(RDMA_READ_CONSUME_CHECK_CONSUMER) timestamp=9353 ms, used_size=8269824 bytes (20.2%)
(RDMA_READ_CONSUME_CHECK_CONSUMER) timestamp=9353 ms, used_size=8267776 bytes (20.2%)
(RDMA_READ_CONSUME_CHECK_CONSUMER) timestamp=9353 ms, used_size=8265728 bytes (20.2%)
(RDMA_READ_CONSUME_CHECK_CONSUMER) timestamp=9353 ms, used_size=8263680 bytes (20.2%)
(RDMA_READ_CONSUME_CHECK_CONSUMER) timestamp=9353 ms, used_size=8261632 bytes (20.2%)
(RDMA_READ_CONSUME_CHECK_CONSUMER) timestamp=9353 ms, used_size=8259584 bytes (20.2%)
(RDMA_READ_CONSUME_CHECK_CONSUMER) timestamp=9353 ms, used_size=8257536 bytes (20.2%)
(RDMA_READ_CONSUME_CHECK_CONSUMER) timestamp=9353 ms, used_size=8255488 bytes (20.2%)
(RDMA_READ_CONSUME_CHECK_CONSUMER) timestamp=9353 ms, used_size=8253440 bytes (20.1%)
(RDMA_READ_CONSUME_CHECK_CONSUMER) timestamp=9353 ms, used_size=8251392 bytes (20.1%)
(RDMA_READ_CONSUME_CHECK_CONSUMER) timestamp=9353 ms, used_size=8249344 bytes (20.1%)
(RDMA_READ_CONSUME_CHECK_CONSUMER) timestamp=9353 ms, used_size=8247296 bytes (20.1%)
(RDMA_READ_CONSUME_CHECK_CONSUMER) timestamp=9353 ms, used_size=8245248 bytes (20.1%)
(RDMA_READ_CONSUME_CHECK_CONSUMER) timestamp=9353 ms, used_size=8243200 bytes (20.1%)
(RDMA_READ_CONSUME_CHECK_CONSUMER) timestamp=9353 ms, used_size=8241152 bytes (20.1%)
(RDMA_READ_CONSUME_CHECK_CONSUMER) timestamp=9353 ms, used_size=8239104 bytes (20.1%)
(RDMA_READ_CONSUME_CHECK_CONSUMER) timestamp=9353 ms, used_size=8237056 bytes (20.1%)
(RDMA_READ_CONSUME_CHECK_CONSUMER) timestamp=9353 ms, used_size=8235008 bytes (20.1%)
(RDMA_READ_CONSUME_CHECK_CONSUMER) timestamp=9353 ms, used_size=8232960 bytes (20.1%)
(RDMA_READ_CONSUME_CHECK_CONSUMER) timestamp=9353 ms, used_size=8230912 bytes (20.1%)
(RDMA_READ_CONSUME_CHECK_CONSUMER) timestamp=9353 ms, used_size=8228864 bytes (20.1%)
(RDMA_READ_CONSUME_CHECK_CONSUMER) timestamp=9353 ms, used_size=8226816 bytes (20.1%)
(RDMA_READ_CONSUME_CHECK_CONSUMER) timestamp=9353 ms, used_size=8224768 bytes (20.1%)
(RDMA_READ_CONSUME_CHECK_CONSUMER) timestamp=9353 ms, used_size=8222720 bytes (20.1%)
(RDMA_READ_CONSUME_CHECK_CONSUMER) timestamp=9353 ms, used_size=8220672 bytes (20.1%)
(RDMA_READ_CONSUME_CHECK_CONSUMER) timestamp=9353 ms, used_size=8218624 bytes (20.1%)
(RDMA_READ_CONSUME_CHECK_CONSUMER) timestamp=9353 ms, used_size=8216576 bytes (20.1%)
(RDMA_READ_CONSUME_CHECK_CONSUMER) timestamp=9353 ms, used_size=8214528 bytes (20.1%)
(RDMA_READ_CONSUME_CHECK_CONSUMER) timestamp=9353 ms, used_size=8212480 bytes (20.1%)
(RDMA_READ_CONSUME_CHECK_CONSUMER) timestamp=9353 ms, used_size=8210432 bytes (20.0%)
(RDMA_READ_CONSUME_CHECK_CONSUMER) timestamp=9353 ms, used_size=8208384 bytes (20.0%)
(RDMA_READ_CONSUME_CHECK_CONSUMER) timestamp=9353 ms, used_size=8206336 bytes (20.0%)
(RDMA_READ_CONSUME_CHECK_CONSUMER) timestamp=9353 ms, used_size=8204288 bytes (20.0%)
(RDMA_READ_CONSUME_CHECK_CONSUMER) timestamp=9353 ms, used_size=8202240 bytes (20.0%)
(RDMA_READ_CONSUME_CHECK_CONSUMER) timestamp=9353 ms, used_size=8200192 bytes (20.0%)
(RDMA_READ_CONSUME_CHECK_CONSUMER) timestamp=9353 ms, used_size=8198144 bytes (20.0%)
(RDMA_READ_CONSUME_CHECK_CONSUMER) timestamp=9353 ms, used_size=8196096 bytes (20.0%)
(RDMA_READ_CONSUME_CHECK_CONSUMER) timestamp=9353 ms, used_size=8194048 bytes (20.0%)
(RDMA_READ_CONSUME_CHECK_CONSUMER) timestamp=9353 ms, used_size=8192000 bytes (20.0%)
(RDMA_READ_CONSUME_CHECK_CONSUMER) timestamp=9353 ms, used_size=8189952 bytes (20.0%)
(RDMA_READ_CONSUME_CHECK_CONSUMER) timestamp=9353 ms, used_size=8187904 bytes (20.0%)
(RDMA_READ_CONSUME_CHECK_CONSUMER) timestamp=9353 ms, used_size=8185856 bytes (20.0%)
(RDMA_READ_CONSUME_CHECK_CONSUMER) timestamp=9353 ms, used_size=8183808 bytes (20.0%)
(RDMA_READ_CONSUME_CHECK_CONSUMER) timestamp=9353 ms, used_size=8181760 bytes (20.0%)
(RDMA_READ_CONSUME_CHECK_CONSUMER) timestamp=9353 ms, used_size=8179712 bytes (20.0%)
(RDMA_READ_CONSUME_CHECK_CONSUMER) timestamp=9353 ms, used_size=8177664 bytes (20.0%)
(RDMA_READ_CONSUME_CHECK_CONSUMER) timestamp=9353 ms, used_size=8175616 bytes (20.0%)
(RDMA_READ_CONSUME_CHECK_CONSUMER) timestamp=9353 ms, used_size=8173568 bytes (20.0%)
(RDMA_READ_CONSUME_CHECK_CONSUMER) timestamp=9353 ms, used_size=8171520 bytes (19.9%)
(RDMA_READ_CONSUME_CHECK_CONSUMER) timestamp=9353 ms, used_size=8169472 bytes (19.9%)
(RDMA_READ_CONSUME_CHECK_CONSUMER) timestamp=9353 ms, used_size=8167424 bytes (19.9%)
(RDMA_READ_CONSUME_CHECK_CONSUMER) timestamp=9353 ms, used_size=8165376 bytes (19.9%)
(RDMA_READ_CONSUME_CHECK_CONSUMER) timestamp=9353 ms, used_size=8163328 bytes (19.9%)
(RDMA_READ_CONSUME_CHECK_CONSUMER) timestamp=9353 ms, used_size=8161280 bytes (19.9%)
(RDMA_READ_CONSUME_CHECK_CONSUMER) timestamp=9353 ms, used_size=8159232 bytes (19.9%)
(RDMA_READ_CONSUME_CHECK_CONSUMER) timestamp=9353 ms, used_size=8157184 bytes (19.9%)
(RDMA_READ_CONSUME_CHECK_CONSUMER) timestamp=9353 ms, used_size=8155136 bytes (19.9%)
(RDMA_READ_CONSUME_CHECK_CONSUMER) timestamp=9353 ms, used_size=8153088 bytes (19.9%)
(RDMA_READ_CONSUME_CHECK_CONSUMER) timestamp=9353 ms, used_size=8151040 bytes (19.9%)
(RDMA_READ_CONSUME_CHECK_CONSUMER) timestamp=9353 ms, used_size=8148992 bytes (19.9%)
(RDMA_READ_CONSUME_CHECK_CONSUMER) timestamp=9353 ms, used_size=8146944 bytes (19.9%)
(RDMA_READ_CONSUME_CHECK_CONSUMER) timestamp=9353 ms, used_size=8144896 bytes (19.9%)
(RDMA_READ_CONSUME_CHECK_CONSUMER) timestamp=9353 ms, used_size=8142848 bytes (19.9%)
(RDMA_READ_CONSUME_CHECK_CONSUMER) timestamp=9353 ms, used_size=8140800 bytes (19.9%)
(RDMA_READ_CONSUME_CHECK_CONSUMER) timestamp=9353 ms, used_size=8138752 bytes (19.9%)
(RDMA_READ_CONSUME_CHECK_CONSUMER) timestamp=9353 ms, used_size=8136704 bytes (19.9%)
(RDMA_READ_CONSUME_CHECK_CONSUMER) timestamp=9353 ms, used_size=8134656 bytes (19.9%)
(RDMA_READ_CONSUME_CHECK_CONSUMER) timestamp=9353 ms, used_size=8132608 bytes (19.9%)
(RDMA_READ_CONSUME_CHECK_CONSUMER) timestamp=9353 ms, used_size=8130560 bytes (19.9%)
(RDMA_READ_CONSUME_CHECK_CONSUMER) timestamp=9354 ms, used_size=8128512 bytes (19.8%)
(RDMA_READ_CONSUME_CHECK_CONSUMER) timestamp=9354 ms, used_size=8126464 bytes (19.8%)
(RDMA_READ_CONSUME_CHECK_CONSUMER) timestamp=9354 ms, used_size=8124416 bytes (19.8%)
(RDMA_READ_CONSUME_CHECK_CONSUMER) timestamp=9354 ms, used_size=8122368 bytes (19.8%)
(RDMA_READ_CONSUME_CHECK_CONSUMER) timestamp=9354 ms, used_size=8120320 bytes (19.8%)
(RDMA_READ_CONSUME_CHECK_CONSUMER) timestamp=9354 ms, used_size=8118272 bytes (19.8%)
(RDMA_READ_CONSUME_CHECK_CONSUMER) timestamp=9354 ms, used_size=8116224 bytes (19.8%)
(RDMA_READ_CONSUME_CHECK_CONSUMER) timestamp=9354 ms, used_size=8114176 bytes (19.8%)
(RDMA_READ_CONSUME_CHECK_CONSUMER) timestamp=9354 ms, used_size=8112128 bytes (19.8%)
(RDMA_READ_CONSUME_CHECK_CONSUMER) timestamp=9354 ms, used_size=8110080 bytes (19.8%)
(RDMA_READ_CONSUME_CHECK_CONSUMER) timestamp=9354 ms, used_size=8108032 bytes (19.8%)
(RDMA_READ_CONSUME_CHECK_CONSUMER) timestamp=9354 ms, used_size=8105984 bytes (19.8%)
(RDMA_READ_CONSUME_CHECK_CONSUMER) timestamp=9354 ms, used_size=8103936 bytes (19.8%)
(RDMA_READ_CONSUME_CHECK_CONSUMER) timestamp=9354 ms, used_size=8101888 bytes (19.8%)
(RDMA_READ_CONSUME_CHECK_CONSUMER) timestamp=9354 ms, used_size=8099840 bytes (19.8%)
(RDMA_READ_CONSUME_CHECK_CONSUMER) timestamp=9354 ms, used_size=8097792 bytes (19.8%)
(RDMA_READ_CONSUME_CHECK_CONSUMER) timestamp=9354 ms, used_size=8095744 bytes (19.8%)
(RDMA_READ_CONSUME_CHECK_CONSUMER) timestamp=9354 ms, used_size=8093696 bytes (19.8%)
(RDMA_READ_CONSUME_CHECK_CONSUMER) timestamp=9354 ms, used_size=8091648 bytes (19.8%)
(RDMA_READ_CONSUME_CHECK_CONSUMER) timestamp=9354 ms, used_size=8089600 bytes (19.8%)
(RDMA_READ_CONSUME_CHECK_CONSUMER) timestamp=9354 ms, used_size=8087552 bytes (19.7%)
(RDMA_READ_CONSUME_CHECK_CONSUMER) timestamp=9354 ms, used_size=8085504 bytes (19.7%)
(RDMA_READ_CONSUME_CHECK_CONSUMER) timestamp=9354 ms, used_size=8083456 bytes (19.7%)
(RDMA_READ_CONSUME_CHECK_CONSUMER) timestamp=9354 ms, used_size=8081408 bytes (19.7%)
(RDMA_READ_CONSUME_CHECK_CONSUMER) timestamp=9354 ms, used_size=8079360 bytes (19.7%)
(RDMA_READ_CONSUME_CHECK_CONSUMER) timestamp=9354 ms, used_size=8077312 bytes (19.7%)
(RDMA_READ_CONSUME_CHECK_CONSUMER) timestamp=9354 ms, used_size=8075264 bytes (19.7%)
(RDMA_READ_CONSUME_CHECK_CONSUMER) timestamp=9354 ms, used_size=8073216 bytes (19.7%)
(RDMA_READ_CONSUME_CHECK_CONSUMER) timestamp=9354 ms, used_size=8071168 bytes (19.7%)
(RDMA_READ_CONSUME_CHECK_CONSUMER) timestamp=9354 ms, used_size=8069120 bytes (19.7%)
(RDMA_READ_CONSUME_CHECK_CONSUMER) timestamp=9354 ms, used_size=8067072 bytes (19.7%)
(RDMA_READ_CONSUME_CHECK_CONSUMER) timestamp=9354 ms, used_size=8065024 bytes (19.7%)
(RDMA_READ_CONSUME_CHECK_CONSUMER) timestamp=9354 ms, used_size=8062976 bytes (19.7%)
(RDMA_READ_CONSUME_CHECK_CONSUMER) timestamp=9354 ms, used_size=8060928 bytes (19.7%)
(RDMA_READ_CONSUME_CHECK_CONSUMER) timestamp=9354 ms, used_size=8058880 bytes (19.7%)
(RDMA_READ_CONSUME_CHECK_CONSUMER) timestamp=9354 ms, used_size=8056832 bytes (19.7%)
(RDMA_READ_CONSUME_CHECK_CONSUMER) timestamp=9354 ms, used_size=8054784 bytes (19.7%)
(RDMA_READ_CONSUME_CHECK_CONSUMER) timestamp=9354 ms, used_size=8052736 bytes (19.7%)
(RDMA_READ_CONSUME_CHECK_CONSUMER) timestamp=9354 ms, used_size=8050688 bytes (19.7%)
(RDMA_READ_CONSUME_CHECK_CONSUMER) timestamp=9354 ms, used_size=8048640 bytes (19.6%)
(RDMA_READ_CONSUME_CHECK_CONSUMER) timestamp=9354 ms, used_size=8046592 bytes (19.6%)
(RDMA_READ_CONSUME_CHECK_CONSUMER) timestamp=9354 ms, used_size=8044544 bytes (19.6%)
(RDMA_READ_CONSUME_CHECK_CONSUMER) timestamp=9354 ms, used_size=8042496 bytes (19.6%)
(RDMA_READ_CONSUME_CHECK_CONSUMER) timestamp=9354 ms, used_size=8040448 bytes (19.6%)
(RDMA_READ_CONSUME_CHECK_CONSUMER) timestamp=9354 ms, used_size=8038400 bytes (19.6%)
(RDMA_READ_CONSUME_CHECK_CONSUMER) timestamp=9354 ms, used_size=8036352 bytes (19.6%)
(RDMA_READ_CONSUME_CHECK_CONSUMER) timestamp=9354 ms, used_size=8034304 bytes (19.6%)
(RDMA_READ_CONSUME_CHECK_CONSUMER) timestamp=9354 ms, used_size=8032256 bytes (19.6%)
(RDMA_READ_CONSUME_CHECK_CONSUMER) timestamp=9354 ms, used_size=8030208 bytes (19.6%)
(RDMA_READ_CONSUME_CHECK_CONSUMER) timestamp=9354 ms, used_size=8028160 bytes (19.6%)
(RDMA_READ_CONSUME_CHECK_CONSUMER) timestamp=9354 ms, used_size=8026112 bytes (19.6%)
(RDMA_READ_CONSUME_CHECK_CONSUMER) timestamp=9354 ms, used_size=8024064 bytes (19.6%)
(RDMA_READ_CONSUME_CHECK_CONSUMER) timestamp=9354 ms, used_size=8022016 bytes (19.6%)
(RDMA_READ_CONSUME_CHECK_CONSUMER) timestamp=9354 ms, used_size=8019968 bytes (19.6%)
(RDMA_READ_CONSUME_CHECK_CONSUMER) timestamp=9354 ms, used_size=8017920 bytes (19.6%)
(RDMA_READ_CONSUME_CHECK_CONSUMER) timestamp=9354 ms, used_size=8015872 bytes (19.6%)
(RDMA_READ_CONSUME_CHECK_CONSUMER) timestamp=9354 ms, used_size=8013824 bytes (19.6%)
(RDMA_READ_CONSUME_CHECK_CONSUMER) timestamp=9354 ms, used_size=8011776 bytes (19.6%)
(RDMA_READ_CONSUME_CHECK_CONSUMER) timestamp=9354 ms, used_size=8009728 bytes (19.6%)
(RDMA_READ_CONSUME_CHECK_CONSUMER) timestamp=9354 ms, used_size=8007680 bytes (19.6%)
(RDMA_READ_CONSUME_CHECK_CONSUMER) timestamp=9354 ms, used_size=8005632 bytes (19.5%)
(RDMA_READ_CONSUME_CHECK_CONSUMER) timestamp=9354 ms, used_size=8003584 bytes (19.5%)
(RDMA_READ_CONSUME_CHECK_CONSUMER) timestamp=9354 ms, used_size=8001536 bytes (19.5%)
(RDMA_READ_CONSUME_CHECK_CONSUMER) timestamp=9354 ms, used_size=7999488 bytes (19.5%)
(RDMA_READ_CONSUME_CHECK_CONSUMER) timestamp=9354 ms, used_size=7997440 bytes (19.5%)
(RDMA_READ_CONSUME_CHECK_CONSUMER) timestamp=9354 ms, used_size=7995392 bytes (19.5%)
(RDMA_READ_CONSUME_CHECK_CONSUMER) timestamp=9354 ms, used_size=7993344 bytes (19.5%)
(RDMA_READ_CONSUME_CHECK_CONSUMER) timestamp=9354 ms, used_size=7991296 bytes (19.5%)
(RDMA_READ_CONSUME_CHECK_CONSUMER) timestamp=9354 ms, used_size=7989248 bytes (19.5%)
(RDMA_READ_CONSUME_CHECK_CONSUMER) timestamp=9354 ms, used_size=7987200 bytes (19.5%)
(RDMA_READ_CONSUME_CHECK_CONSUMER) timestamp=9354 ms, used_size=7985152 bytes (19.5%)
(RDMA_READ_CONSUME_CHECK_CONSUMER) timestamp=9354 ms, used_size=7983104 bytes (19.5%)
(RDMA_READ_CONSUME_CHECK_CONSUMER) timestamp=9354 ms, used_size=7981056 bytes (19.5%)
(RDMA_READ_CONSUME_CHECK_CONSUMER) timestamp=9354 ms, used_size=7979008 bytes (19.5%)
(RDMA_READ_CONSUME_CHECK_CONSUMER) timestamp=9354 ms, used_size=7976960 bytes (19.5%)
(RDMA_READ_CONSUME_CHECK_CONSUMER) timestamp=9354 ms, used_size=7974912 bytes (19.5%)
(RDMA_READ_CONSUME_CHECK_CONSUMER) timestamp=9354 ms, used_size=7972864 bytes (19.5%)
(RDMA_READ_CONSUME_CHECK_CONSUMER) timestamp=9354 ms, used_size=7970816 bytes (19.5%)
(RDMA_READ_CONSUME_CHECK_CONSUMER) timestamp=9354 ms, used_size=7968768 bytes (19.5%)
(RDMA_READ_CONSUME_CHECK_CONSUMER) timestamp=9354 ms, used_size=7966720 bytes (19.4%)
(RDMA_READ_CONSUME_CHECK_CONSUMER) timestamp=9354 ms, used_size=7964672 bytes (19.4%)
(RDMA_READ_CONSUME_CHECK_CONSUMER) timestamp=9354 ms, used_size=7962624 bytes (19.4%)
(RDMA_READ_CONSUME_CHECK_CONSUMER) timestamp=9354 ms, used_size=7960576 bytes (19.4%)
(RDMA_READ_CONSUME_CHECK_CONSUMER) timestamp=9354 ms, used_size=7958528 bytes (19.4%)
(RDMA_READ_CONSUME_CHECK_CONSUMER) timestamp=9354 ms, used_size=7956480 bytes (19.4%)
(RDMA_READ_CONSUME_CHECK_CONSUMER) timestamp=9354 ms, used_size=7954432 bytes (19.4%)
(RDMA_READ_CONSUME_CHECK_CONSUMER) timestamp=9354 ms, used_size=7952384 bytes (19.4%)
(RDMA_READ_CONSUME_CHECK_CONSUMER) timestamp=9354 ms, used_size=7950336 bytes (19.4%)
(RDMA_READ_CONSUME_CHECK_CONSUMER) timestamp=9354 ms, used_size=7948288 bytes (19.4%)
(RDMA_READ_CONSUME_CHECK_CONSUMER) timestamp=9354 ms, used_size=7946240 bytes (19.4%)
(RDMA_READ_CONSUME_CHECK_CONSUMER) timestamp=9354 ms, used_size=7944192 bytes (19.4%)
(RDMA_READ_CONSUME_CHECK_CONSUMER) timestamp=9354 ms, used_size=7942144 bytes (19.4%)
(RDMA_READ_CONSUME_CHECK_CONSUMER) timestamp=9354 ms, used_size=7940096 bytes (19.4%)
(RDMA_READ_CONSUME_CHECK_CONSUMER) timestamp=9354 ms, used_size=7938048 bytes (19.4%)
(RDMA_READ_CONSUME_CHECK_CONSUMER) timestamp=9354 ms, used_size=7936000 bytes (19.4%)
(RDMA_READ_CONSUME_CHECK_CONSUMER) timestamp=9354 ms, used_size=7933952 bytes (19.4%)
(RDMA_READ_CONSUME_CHECK_CONSUMER) timestamp=9354 ms, used_size=7931904 bytes (19.4%)
(RDMA_READ_CONSUME_CHECK_CONSUMER) timestamp=9354 ms, used_size=7929856 bytes (19.4%)
(RDMA_READ_CONSUME_CHECK_CONSUMER) timestamp=9354 ms, used_size=7927808 bytes (19.4%)
(RDMA_READ_CONSUME_CHECK_CONSUMER) timestamp=9354 ms, used_size=7925760 bytes (19.4%)
(RDMA_READ_CONSUME_CHECK_CONSUMER) timestamp=9354 ms, used_size=7923712 bytes (19.3%)
(RDMA_READ_CONSUME_CHECK_CONSUMER) timestamp=9354 ms, used_size=7921664 bytes (19.3%)
(RDMA_READ_CONSUME_CHECK_CONSUMER) timestamp=9354 ms, used_size=7919616 bytes (19.3%)
(RDMA_READ_CONSUME_CHECK_CONSUMER) timestamp=9354 ms, used_size=7917568 bytes (19.3%)
(RDMA_READ_CONSUME_CHECK_CONSUMER) timestamp=9354 ms, used_size=7915520 bytes (19.3%)
(RDMA_READ_CONSUME_CHECK_CONSUMER) timestamp=9354 ms, used_size=7913472 bytes (19.3%)
(RDMA_READ_CONSUME_CHECK_CONSUMER) timestamp=9354 ms, used_size=7911424 bytes (19.3%)
(RDMA_READ_CONSUME_CHECK_CONSUMER) timestamp=9354 ms, used_size=7909376 bytes (19.3%)
(RDMA_READ_CONSUME_CHECK_CONSUMER) timestamp=9354 ms, used_size=7907328 bytes (19.3%)
(RDMA_READ_CONSUME_CHECK_CONSUMER) timestamp=9354 ms, used_size=7905280 bytes (19.3%)
(RDMA_READ_CONSUME_CHECK_CONSUMER) timestamp=9354 ms, used_size=7903232 bytes (19.3%)
(RDMA_READ_CONSUME_CHECK_CONSUMER) timestamp=9354 ms, used_size=7901184 bytes (19.3%)
(RDMA_READ_CONSUME_CHECK_CONSUMER) timestamp=9354 ms, used_size=7899136 bytes (19.3%)
(RDMA_READ_CONSUME_CHECK_CONSUMER) timestamp=9354 ms, used_size=7897088 bytes (19.3%)
(RDMA_READ_CONSUME_CHECK_CONSUMER) timestamp=9354 ms, used_size=7895040 bytes (19.3%)
(RDMA_READ_CONSUME_CHECK_CONSUMER) timestamp=9354 ms, used_size=7892992 bytes (19.3%)
(RDMA_READ_CONSUME_CHECK_CONSUMER) timestamp=9354 ms, used_size=7890944 bytes (19.3%)
(RDMA_READ_CONSUME_CHECK_CONSUMER) timestamp=9354 ms, used_size=7888896 bytes (19.3%)
(RDMA_READ_CONSUME_CHECK_CONSUMER) timestamp=9354 ms, used_size=7886848 bytes (19.3%)
(RDMA_READ_CONSUME_CHECK_CONSUMER) timestamp=9354 ms, used_size=7884800 bytes (19.2%)
(RDMA_READ_CONSUME_CHECK_CONSUMER) timestamp=9354 ms, used_size=7882752 bytes (19.2%)
(RDMA_READ_CONSUME_CHECK_CONSUMER) timestamp=9354 ms, used_size=7880704 bytes (19.2%)
(RDMA_READ_CONSUME_CHECK_CONSUMER) timestamp=9354 ms, used_size=7878656 bytes (19.2%)
(RDMA_READ_CONSUME_CHECK_CONSUMER) timestamp=9354 ms, used_size=7876608 bytes (19.2%)
(RDMA_READ_CONSUME_CHECK_CONSUMER) timestamp=9354 ms, used_size=7874560 bytes (19.2%)
(RDMA_READ_CONSUME_CHECK_CONSUMER) timestamp=9354 ms, used_size=7872512 bytes (19.2%)
(RDMA_READ_CONSUME_CHECK_CONSUMER) timestamp=9354 ms, used_size=7870464 bytes (19.2%)
(RDMA_READ_CONSUME_CHECK_CONSUMER) timestamp=9354 ms, used_size=7868416 bytes (19.2%)
(RDMA_READ_CONSUME_CHECK_CONSUMER) timestamp=9354 ms, used_size=7866368 bytes (19.2%)
(RDMA_READ_CONSUME_CHECK_CONSUMER) timestamp=9354 ms, used_size=7864320 bytes (19.2%)
(RDMA_READ_CONSUME_CHECK_CONSUMER) timestamp=9354 ms, used_size=7862272 bytes (19.2%)
(RDMA_READ_CONSUME_CHECK_CONSUMER) timestamp=9354 ms, used_size=7860224 bytes (19.2%)
(RDMA_READ_CONSUME_CHECK_CONSUMER) timestamp=9354 ms, used_size=7858176 bytes (19.2%)
(RDMA_READ_CONSUME_CHECK_CONSUMER) timestamp=9354 ms, used_size=7856128 bytes (19.2%)
(RDMA_READ_CONSUME_CHECK_CONSUMER) timestamp=9354 ms, used_size=7854080 bytes (19.2%)
(RDMA_READ_CONSUME_CHECK_CONSUMER) timestamp=9354 ms, used_size=7852032 bytes (19.2%)
(RDMA_READ_CONSUME_CHECK_CONSUMER) timestamp=9354 ms, used_size=7849984 bytes (19.2%)
(RDMA_READ_CONSUME_CHECK_CONSUMER) timestamp=9354 ms, used_size=7847936 bytes (19.2%)
(RDMA_READ_CONSUME_CHECK_CONSUMER) timestamp=9354 ms, used_size=7845888 bytes (19.2%)
(RDMA_READ_CONSUME_CHECK_CONSUMER) timestamp=9354 ms, used_size=7843840 bytes (19.1%)
(RDMA_READ_CONSUME_CHECK_CONSUMER) timestamp=9354 ms, used_size=7841792 bytes (19.1%)
(RDMA_READ_CONSUME_CHECK_CONSUMER) timestamp=9354 ms, used_size=7839744 bytes (19.1%)
(RDMA_READ_CONSUME_CHECK_CONSUMER) timestamp=9354 ms, used_size=7837696 bytes (19.1%)
(RDMA_READ_CONSUME_CHECK_CONSUMER) timestamp=9354 ms, used_size=7835648 bytes (19.1%)
(RDMA_READ_CONSUME_CHECK_CONSUMER) timestamp=9354 ms, used_size=7833600 bytes (19.1%)
(RDMA_READ_CONSUME_CHECK_CONSUMER) timestamp=9354 ms, used_size=7831552 bytes (19.1%)
(RDMA_READ_CONSUME_CHECK_CONSUMER) timestamp=9354 ms, used_size=7829504 bytes (19.1%)
(RDMA_READ_CONSUME_CHECK_CONSUMER) timestamp=9354 ms, used_size=7827456 bytes (19.1%)
(RDMA_READ_CONSUME_CHECK_CONSUMER) timestamp=9354 ms, used_size=7825408 bytes (19.1%)
(RDMA_READ_CONSUME_CHECK_CONSUMER) timestamp=9354 ms, used_size=7823360 bytes (19.1%)
(RDMA_READ_CONSUME_CHECK_CONSUMER) timestamp=9354 ms, used_size=7821312 bytes (19.1%)
(RDMA_READ_CONSUME_CHECK_CONSUMER) timestamp=9354 ms, used_size=7819264 bytes (19.1%)
(RDMA_READ_CONSUME_CHECK_CONSUMER) timestamp=9354 ms, used_size=7817216 bytes (19.1%)
(RDMA_READ_CONSUME_CHECK_CONSUMER) timestamp=9354 ms, used_size=7815168 bytes (19.1%)
(RDMA_READ_CONSUME_CHECK_CONSUMER) timestamp=9354 ms, used_size=7813120 bytes (19.1%)
(RDMA_READ_CONSUME_CHECK_CONSUMER) timestamp=9354 ms, used_size=7811072 bytes (19.1%)
(RDMA_READ_CONSUME_CHECK_CONSUMER) timestamp=9354 ms, used_size=7809024 bytes (19.1%)
(RDMA_READ_CONSUME_CHECK_CONSUMER) timestamp=9354 ms, used_size=7806976 bytes (19.1%)
(RDMA_READ_CONSUME_CHECK_CONSUMER) timestamp=9354 ms, used_size=7804928 bytes (19.1%)
(RDMA_READ_CONSUME_CHECK_CONSUMER) timestamp=9354 ms, used_size=7802880 bytes (19.1%)
(RDMA_READ_CONSUME_CHECK_CONSUMER) timestamp=9354 ms, used_size=7800832 bytes (19.0%)
(RDMA_READ_CONSUME_CHECK_CONSUMER) timestamp=9354 ms, used_size=7798784 bytes (19.0%)
(RDMA_READ_CONSUME_CHECK_CONSUMER) timestamp=9354 ms, used_size=7796736 bytes (19.0%)
(RDMA_READ_CONSUME_CHECK_CONSUMER) timestamp=9354 ms, used_size=7794688 bytes (19.0%)
(RDMA_READ_CONSUME_CHECK_CONSUMER) timestamp=9354 ms, used_size=7792640 bytes (19.0%)
(RDMA_READ_CONSUME_CHECK_CONSUMER) timestamp=9354 ms, used_size=7790592 bytes (19.0%)
(RDMA_READ_CONSUME_CHECK_CONSUMER) timestamp=9354 ms, used_size=7788544 bytes (19.0%)
(RDMA_READ_CONSUME_CHECK_CONSUMER) timestamp=9354 ms, used_size=7786496 bytes (19.0%)
(RDMA_READ_CONSUME_CHECK_CONSUMER) timestamp=9354 ms, used_size=7784448 bytes (19.0%)
(RDMA_READ_CONSUME_CHECK_CONSUMER) timestamp=9354 ms, used_size=7782400 bytes (19.0%)
(RDMA_READ_CONSUME_CHECK_CONSUMER) timestamp=9354 ms, used_size=7780352 bytes (19.0%)
(RDMA_READ_CONSUME_CHECK_CONSUMER) timestamp=9354 ms, used_size=7778304 bytes (19.0%)
(RDMA_READ_CONSUME_CHECK_CONSUMER) timestamp=9354 ms, used_size=7776256 bytes (19.0%)
(RDMA_READ_CONSUME_CHECK_CONSUMER) timestamp=9354 ms, used_size=7774208 bytes (19.0%)
(RDMA_READ_CONSUME_CHECK_CONSUMER) timestamp=9354 ms, used_size=7772160 bytes (19.0%)
(RDMA_READ_CONSUME_CHECK_CONSUMER) timestamp=9354 ms, used_size=7770112 bytes (19.0%)
(RDMA_READ_CONSUME_CHECK_CONSUMER) timestamp=9355 ms, used_size=7768064 bytes (19.0%)
(RDMA_READ_CONSUME_CHECK_CONSUMER) timestamp=9355 ms, used_size=7766016 bytes (19.0%)
(RDMA_READ_CONSUME_CHECK_CONSUMER) timestamp=9355 ms, used_size=7763968 bytes (19.0%)
(RDMA_READ_CONSUME_CHECK_CONSUMER) timestamp=9355 ms, used_size=7761920 bytes (18.9%)
(RDMA_READ_CONSUME_CHECK_CONSUMER) timestamp=9355 ms, used_size=7759872 bytes (18.9%)
(RDMA_READ_CONSUME_CHECK_CONSUMER) timestamp=9355 ms, used_size=7757824 bytes (18.9%)
(RDMA_READ_CONSUME_CHECK_CONSUMER) timestamp=9355 ms, used_size=7755776 bytes (18.9%)
(RDMA_READ_CONSUME_CHECK_CONSUMER) timestamp=9355 ms, used_size=7753728 bytes (18.9%)
(RDMA_READ_CONSUME_CHECK_CONSUMER) timestamp=9355 ms, used_size=7751680 bytes (18.9%)
(RDMA_READ_CONSUME_CHECK_CONSUMER) timestamp=9355 ms, used_size=7749632 bytes (18.9%)
(RDMA_READ_CONSUME_CHECK_CONSUMER) timestamp=9355 ms, used_size=7747584 bytes (18.9%)
(RDMA_READ_CONSUME_CHECK_CONSUMER) timestamp=9355 ms, used_size=7745536 bytes (18.9%)
(RDMA_READ_CONSUME_CHECK_CONSUMER) timestamp=9355 ms, used_size=7743488 bytes (18.9%)
(RDMA_READ_CONSUME_CHECK_CONSUMER) timestamp=9355 ms, used_size=7741440 bytes (18.9%)
(RDMA_READ_CONSUME_CHECK_CONSUMER) timestamp=9355 ms, used_size=7739392 bytes (18.9%)
(RDMA_READ_CONSUME_CHECK_CONSUMER) timestamp=9355 ms, used_size=7737344 bytes (18.9%)
(RDMA_READ_CONSUME_CHECK_CONSUMER) timestamp=9355 ms, used_size=7735296 bytes (18.9%)
(RDMA_READ_CONSUME_CHECK_CONSUMER) timestamp=9355 ms, used_size=7733248 bytes (18.9%)
(RDMA_READ_CONSUME_CHECK_CONSUMER) timestamp=9355 ms, used_size=7731200 bytes (18.9%)
(RDMA_READ_CONSUME_CHECK_CONSUMER) timestamp=9355 ms, used_size=7729152 bytes (18.9%)
(RDMA_READ_CONSUME_CHECK_CONSUMER) timestamp=9355 ms, used_size=7727104 bytes (18.9%)
(RDMA_READ_CONSUME_CHECK_CONSUMER) timestamp=9355 ms, used_size=7725056 bytes (18.9%)
(RDMA_READ_CONSUME_CHECK_CONSUMER) timestamp=9355 ms, used_size=7723008 bytes (18.9%)
(RDMA_READ_CONSUME_CHECK_CONSUMER) timestamp=9355 ms, used_size=7720960 bytes (18.9%)
(RDMA_READ_CONSUME_CHECK_CONSUMER) timestamp=9355 ms, used_size=7718912 bytes (18.8%)
(RDMA_READ_CONSUME_CHECK_CONSUMER) timestamp=9355 ms, used_size=7716864 bytes (18.8%)
(RDMA_READ_CONSUME_CHECK_CONSUMER) timestamp=9355 ms, used_size=7714816 bytes (18.8%)
(RDMA_READ_CONSUME_CHECK_CONSUMER) timestamp=9355 ms, used_size=7712768 bytes (18.8%)
(RDMA_READ_CONSUME_CHECK_CONSUMER) timestamp=9355 ms, used_size=7710720 bytes (18.8%)
(RDMA_READ_CONSUME_CHECK_CONSUMER) timestamp=9355 ms, used_size=7708672 bytes (18.8%)
(RDMA_READ_CONSUME_CHECK_CONSUMER) timestamp=9355 ms, used_size=7706624 bytes (18.8%)
(RDMA_READ_CONSUME_CHECK_CONSUMER) timestamp=9355 ms, used_size=7704576 bytes (18.8%)
(RDMA_READ_CONSUME_CHECK_CONSUMER) timestamp=9355 ms, used_size=7702528 bytes (18.8%)
(RDMA_READ_CONSUME_CHECK_CONSUMER) timestamp=9355 ms, used_size=7700480 bytes (18.8%)
(RDMA_READ_CONSUME_CHECK_CONSUMER) timestamp=9355 ms, used_size=7698432 bytes (18.8%)
(RDMA_READ_CONSUME_CHECK_CONSUMER) timestamp=9355 ms, used_size=7696384 bytes (18.8%)
(RDMA_READ_CONSUME_CHECK_CONSUMER) timestamp=9355 ms, used_size=7694336 bytes (18.8%)
(RDMA_READ_CONSUME_CHECK_CONSUMER) timestamp=9355 ms, used_size=7692288 bytes (18.8%)
(RDMA_READ_CONSUME_CHECK_CONSUMER) timestamp=9355 ms, used_size=7690240 bytes (18.8%)
(RDMA_READ_CONSUME_CHECK_CONSUMER) timestamp=9355 ms, used_size=7688192 bytes (18.8%)
(RDMA_READ_CONSUME_CHECK_CONSUMER) timestamp=9355 ms, used_size=7686144 bytes (18.8%)
(RDMA_READ_CONSUME_CHECK_CONSUMER) timestamp=9355 ms, used_size=7684096 bytes (18.8%)
(RDMA_READ_CONSUME_CHECK_CONSUMER) timestamp=9355 ms, used_size=7682048 bytes (18.8%)
(RDMA_READ_CONSUME_CHECK_CONSUMER) timestamp=9355 ms, used_size=7680000 bytes (18.8%)
(RDMA_READ_CONSUME_CHECK_CONSUMER) timestamp=9355 ms, used_size=7677952 bytes (18.7%)
(RDMA_READ_CONSUME_CHECK_CONSUMER) timestamp=9355 ms, used_size=7675904 bytes (18.7%)
(RDMA_READ_CONSUME_CHECK_CONSUMER) timestamp=9355 ms, used_size=7673856 bytes (18.7%)
(RDMA_READ_CONSUME_CHECK_CONSUMER) timestamp=9355 ms, used_size=7671808 bytes (18.7%)
(RDMA_READ_CONSUME_CHECK_CONSUMER) timestamp=9355 ms, used_size=7669760 bytes (18.7%)
(RDMA_READ_CONSUME_CHECK_CONSUMER) timestamp=9355 ms, used_size=7667712 bytes (18.7%)
(RDMA_READ_CONSUME_CHECK_CONSUMER) timestamp=9355 ms, used_size=7665664 bytes (18.7%)
(RDMA_READ_CONSUME_CHECK_CONSUMER) timestamp=9355 ms, used_size=7663616 bytes (18.7%)
(RDMA_READ_CONSUME_CHECK_CONSUMER) timestamp=9355 ms, used_size=7661568 bytes (18.7%)
(RDMA_READ_CONSUME_CHECK_CONSUMER) timestamp=9355 ms, used_size=7659520 bytes (18.7%)
(RDMA_READ_CONSUME_CHECK_CONSUMER) timestamp=9355 ms, used_size=7657472 bytes (18.7%)
(RDMA_READ_CONSUME_CHECK_CONSUMER) timestamp=9355 ms, used_size=7655424 bytes (18.7%)
(RDMA_READ_CONSUME_CHECK_CONSUMER) timestamp=9355 ms, used_size=7653376 bytes (18.7%)
(RDMA_READ_CONSUME_CHECK_CONSUMER) timestamp=9355 ms, used_size=7651328 bytes (18.7%)
(RDMA_READ_CONSUME_CHECK_CONSUMER) timestamp=9355 ms, used_size=7649280 bytes (18.7%)
(RDMA_READ_CONSUME_CHECK_CONSUMER) timestamp=9355 ms, used_size=7647232 bytes (18.7%)
(RDMA_READ_CONSUME_CHECK_CONSUMER) timestamp=9355 ms, used_size=7645184 bytes (18.7%)
(RDMA_READ_CONSUME_CHECK_CONSUMER) timestamp=9355 ms, used_size=7643136 bytes (18.7%)
(RDMA_READ_CONSUME_CHECK_CONSUMER) timestamp=9355 ms, used_size=7641088 bytes (18.7%)
(RDMA_READ_CONSUME_CHECK_CONSUMER) timestamp=9355 ms, used_size=7639040 bytes (18.6%)
(RDMA_READ_CONSUME_CHECK_CONSUMER) timestamp=9355 ms, used_size=7636992 bytes (18.6%)
(RDMA_READ_CONSUME_CHECK_CONSUMER) timestamp=9355 ms, used_size=7634944 bytes (18.6%)
(RDMA_READ_CONSUME_CHECK_CONSUMER) timestamp=9355 ms, used_size=7632896 bytes (18.6%)
(RDMA_READ_CONSUME_CHECK_CONSUMER) timestamp=9355 ms, used_size=7630848 bytes (18.6%)
(RDMA_READ_CONSUME_CHECK_CONSUMER) timestamp=9355 ms, used_size=7628800 bytes (18.6%)
(RDMA_READ_CONSUME_CHECK_CONSUMER) timestamp=9355 ms, used_size=7626752 bytes (18.6%)
(RDMA_READ_CONSUME_CHECK_CONSUMER) timestamp=9355 ms, used_size=7624704 bytes (18.6%)
(RDMA_READ_CONSUME_CHECK_CONSUMER) timestamp=9355 ms, used_size=7622656 bytes (18.6%)
(RDMA_READ_CONSUME_CHECK_CONSUMER) timestamp=9355 ms, used_size=7620608 bytes (18.6%)
(RDMA_READ_CONSUME_CHECK_CONSUMER) timestamp=9355 ms, used_size=7618560 bytes (18.6%)
(RDMA_READ_CONSUME_CHECK_CONSUMER) timestamp=9355 ms, used_size=7616512 bytes (18.6%)
(RDMA_READ_CONSUME_CHECK_CONSUMER) timestamp=9355 ms, used_size=7614464 bytes (18.6%)
(RDMA_READ_CONSUME_CHECK_CONSUMER) timestamp=9355 ms, used_size=7612416 bytes (18.6%)
(RDMA_READ_CONSUME_CHECK_CONSUMER) timestamp=9355 ms, used_size=7610368 bytes (18.6%)
(RDMA_READ_CONSUME_CHECK_CONSUMER) timestamp=9355 ms, used_size=7608320 bytes (18.6%)
(RDMA_READ_CONSUME_CHECK_CONSUMER) timestamp=9355 ms, used_size=7606272 bytes (18.6%)
(RDMA_READ_CONSUME_CHECK_CONSUMER) timestamp=9355 ms, used_size=7604224 bytes (18.6%)
(RDMA_READ_CONSUME_CHECK_CONSUMER) timestamp=9355 ms, used_size=7602176 bytes (18.6%)
(RDMA_READ_CONSUME_CHECK_CONSUMER) timestamp=9355 ms, used_size=7600128 bytes (18.6%)
(RDMA_READ_CONSUME_CHECK_CONSUMER) timestamp=9355 ms, used_size=7598080 bytes (18.6%)
(RDMA_READ_CONSUME_CHECK_CONSUMER) timestamp=9355 ms, used_size=7596032 bytes (18.5%)
(RDMA_READ_CONSUME_CHECK_CONSUMER) timestamp=9355 ms, used_size=7593984 bytes (18.5%)
(RDMA_READ_CONSUME_CHECK_CONSUMER) timestamp=9355 ms, used_size=7591936 bytes (18.5%)
(RDMA_READ_CONSUME_CHECK_CONSUMER) timestamp=9355 ms, used_size=7589888 bytes (18.5%)
(RDMA_READ_CONSUME_CHECK_CONSUMER) timestamp=9355 ms, used_size=7587840 bytes (18.5%)
(RDMA_READ_CONSUME_CHECK_CONSUMER) timestamp=9355 ms, used_size=7585792 bytes (18.5%)
(RDMA_READ_CONSUME_CHECK_CONSUMER) timestamp=9355 ms, used_size=7583744 bytes (18.5%)
(RDMA_READ_CONSUME_CHECK_CONSUMER) timestamp=9355 ms, used_size=7581696 bytes (18.5%)
(RDMA_READ_CONSUME_CHECK_CONSUMER) timestamp=9355 ms, used_size=7579648 bytes (18.5%)
(RDMA_READ_CONSUME_CHECK_CONSUMER) timestamp=9355 ms, used_size=7577600 bytes (18.5%)
(RDMA_READ_CONSUME_CHECK_CONSUMER) timestamp=9355 ms, used_size=7575552 bytes (18.5%)
(RDMA_READ_CONSUME_CHECK_CONSUMER) timestamp=9355 ms, used_size=7573504 bytes (18.5%)
(RDMA_READ_CONSUME_CHECK_CONSUMER) timestamp=9355 ms, used_size=7571456 bytes (18.5%)
(RDMA_READ_CONSUME_CHECK_CONSUMER) timestamp=9355 ms, used_size=7569408 bytes (18.5%)
(RDMA_READ_CONSUME_CHECK_CONSUMER) timestamp=9355 ms, used_size=7567360 bytes (18.5%)
(RDMA_READ_CONSUME_CHECK_CONSUMER) timestamp=9355 ms, used_size=7565312 bytes (18.5%)
(RDMA_READ_CONSUME_CHECK_CONSUMER) timestamp=9355 ms, used_size=7563264 bytes (18.5%)
(RDMA_READ_CONSUME_CHECK_CONSUMER) timestamp=9355 ms, used_size=7561216 bytes (18.5%)
(RDMA_READ_CONSUME_CHECK_CONSUMER) timestamp=9355 ms, used_size=7559168 bytes (18.5%)
(RDMA_READ_CONSUME_CHECK_CONSUMER) timestamp=9355 ms, used_size=7557120 bytes (18.4%)
(RDMA_READ_CONSUME_CHECK_CONSUMER) timestamp=9355 ms, used_size=7555072 bytes (18.4%)
(RDMA_READ_CONSUME_CHECK_CONSUMER) timestamp=9355 ms, used_size=7553024 bytes (18.4%)
(RDMA_READ_CONSUME_CHECK_CONSUMER) timestamp=9355 ms, used_size=7550976 bytes (18.4%)
(RDMA_READ_CONSUME_CHECK_CONSUMER) timestamp=9355 ms, used_size=7548928 bytes (18.4%)
(RDMA_READ_CONSUME_CHECK_CONSUMER) timestamp=9355 ms, used_size=7546880 bytes (18.4%)
(RDMA_READ_CONSUME_CHECK_CONSUMER) timestamp=9355 ms, used_size=7544832 bytes (18.4%)
(RDMA_READ_CONSUME_CHECK_CONSUMER) timestamp=9355 ms, used_size=7542784 bytes (18.4%)
(RDMA_READ_CONSUME_CHECK_CONSUMER) timestamp=9355 ms, used_size=7540736 bytes (18.4%)
(RDMA_READ_CONSUME_CHECK_CONSUMER) timestamp=9355 ms, used_size=7538688 bytes (18.4%)
(RDMA_READ_CONSUME_CHECK_CONSUMER) timestamp=9355 ms, used_size=7536640 bytes (18.4%)
(RDMA_READ_CONSUME_CHECK_CONSUMER) timestamp=9355 ms, used_size=7534592 bytes (18.4%)
(RDMA_READ_CONSUME_CHECK_CONSUMER) timestamp=9355 ms, used_size=7532544 bytes (18.4%)
(RDMA_READ_CONSUME_CHECK_CONSUMER) timestamp=9355 ms, used_size=7530496 bytes (18.4%)
(RDMA_READ_CONSUME_CHECK_CONSUMER) timestamp=9355 ms, used_size=7528448 bytes (18.4%)
(RDMA_READ_CONSUME_CHECK_CONSUMER) timestamp=9355 ms, used_size=7526400 bytes (18.4%)
(RDMA_READ_CONSUME_CHECK_CONSUMER) timestamp=9355 ms, used_size=7524352 bytes (18.4%)
(RDMA_READ_CONSUME_CHECK_CONSUMER) timestamp=9355 ms, used_size=7522304 bytes (18.4%)
(RDMA_READ_CONSUME_CHECK_CONSUMER) timestamp=9355 ms, used_size=7520256 bytes (18.4%)
(RDMA_READ_CONSUME_CHECK_CONSUMER) timestamp=9355 ms, used_size=7518208 bytes (18.4%)
(RDMA_READ_CONSUME_CHECK_CONSUMER) timestamp=9355 ms, used_size=7516160 bytes (18.4%)
(RDMA_READ_CONSUME_CHECK_CONSUMER) timestamp=9355 ms, used_size=7514112 bytes (18.3%)
(RDMA_READ_CONSUME_CHECK_CONSUMER) timestamp=9355 ms, used_size=7512064 bytes (18.3%)
(RDMA_READ_CONSUME_CHECK_CONSUMER) timestamp=9355 ms, used_size=7510016 bytes (18.3%)
(RDMA_READ_CONSUME_CHECK_CONSUMER) timestamp=9355 ms, used_size=7507968 bytes (18.3%)
(RDMA_READ_CONSUME_CHECK_CONSUMER) timestamp=9355 ms, used_size=7505920 bytes (18.3%)
(RDMA_READ_CONSUME_CHECK_CONSUMER) timestamp=9355 ms, used_size=7503872 bytes (18.3%)
(RDMA_READ_CONSUME_CHECK_CONSUMER) timestamp=9355 ms, used_size=7501824 bytes (18.3%)
(RDMA_READ_CONSUME_CHECK_CONSUMER) timestamp=9355 ms, used_size=7499776 bytes (18.3%)
(RDMA_READ_CONSUME_CHECK_CONSUMER) timestamp=9355 ms, used_size=7497728 bytes (18.3%)
(RDMA_READ_CONSUME_CHECK_CONSUMER) timestamp=9355 ms, used_size=7495680 bytes (18.3%)
(RDMA_READ_CONSUME_CHECK_CONSUMER) timestamp=9355 ms, used_size=7493632 bytes (18.3%)
(RDMA_READ_CONSUME_CHECK_CONSUMER) timestamp=9355 ms, used_size=7491584 bytes (18.3%)
(RDMA_READ_CONSUME_CHECK_CONSUMER) timestamp=9355 ms, used_size=7489536 bytes (18.3%)
(RDMA_READ_CONSUME_CHECK_CONSUMER) timestamp=9355 ms, used_size=7487488 bytes (18.3%)
(RDMA_READ_CONSUME_CHECK_CONSUMER) timestamp=9355 ms, used_size=7485440 bytes (18.3%)
(RDMA_READ_CONSUME_CHECK_CONSUMER) timestamp=9355 ms, used_size=7483392 bytes (18.3%)
(RDMA_READ_CONSUME_CHECK_CONSUMER) timestamp=9355 ms, used_size=7481344 bytes (18.3%)
(RDMA_READ_CONSUME_CHECK_CONSUMER) timestamp=9355 ms, used_size=7479296 bytes (18.3%)
(RDMA_READ_CONSUME_CHECK_CONSUMER) timestamp=9355 ms, used_size=7477248 bytes (18.3%)
(RDMA_READ_CONSUME_CHECK_CONSUMER) timestamp=9355 ms, used_size=7475200 bytes (18.2%)
(RDMA_READ_CONSUME_CHECK_CONSUMER) timestamp=9355 ms, used_size=7473152 bytes (18.2%)
(RDMA_READ_CONSUME_CHECK_CONSUMER) timestamp=9355 ms, used_size=7471104 bytes (18.2%)
(RDMA_READ_CONSUME_CHECK_CONSUMER) timestamp=9355 ms, used_size=7469056 bytes (18.2%)
(RDMA_READ_CONSUME_CHECK_CONSUMER) timestamp=9355 ms, used_size=7467008 bytes (18.2%)
(RDMA_READ_CONSUME_CHECK_CONSUMER) timestamp=9355 ms, used_size=7464960 bytes (18.2%)
(RDMA_READ_CONSUME_CHECK_CONSUMER) timestamp=9355 ms, used_size=7462912 bytes (18.2%)
(RDMA_READ_CONSUME_CHECK_CONSUMER) timestamp=9355 ms, used_size=7460864 bytes (18.2%)
(RDMA_READ_CONSUME_CHECK_CONSUMER) timestamp=9355 ms, used_size=7458816 bytes (18.2%)
(RDMA_READ_CONSUME_CHECK_CONSUMER) timestamp=9355 ms, used_size=7456768 bytes (18.2%)
(RDMA_READ_CONSUME_CHECK_CONSUMER) timestamp=9355 ms, used_size=7454720 bytes (18.2%)
(RDMA_READ_CONSUME_CHECK_CONSUMER) timestamp=9355 ms, used_size=7452672 bytes (18.2%)
(RDMA_READ_CONSUME_CHECK_CONSUMER) timestamp=9355 ms, used_size=7450624 bytes (18.2%)
(RDMA_READ_CONSUME_CHECK_CONSUMER) timestamp=9355 ms, used_size=7448576 bytes (18.2%)
(RDMA_READ_CONSUME_CHECK_CONSUMER) timestamp=9355 ms, used_size=7446528 bytes (18.2%)
(RDMA_READ_CONSUME_CHECK_CONSUMER) timestamp=9355 ms, used_size=7444480 bytes (18.2%)
(RDMA_READ_CONSUME_CHECK_CONSUMER) timestamp=9355 ms, used_size=7442432 bytes (18.2%)
(RDMA_READ_CONSUME_CHECK_CONSUMER) timestamp=9355 ms, used_size=7440384 bytes (18.2%)
(RDMA_READ_CONSUME_CHECK_CONSUMER) timestamp=9355 ms, used_size=7438336 bytes (18.2%)
(RDMA_READ_CONSUME_CHECK_CONSUMER) timestamp=9355 ms, used_size=7436288 bytes (18.2%)
(RDMA_READ_CONSUME_CHECK_CONSUMER) timestamp=9355 ms, used_size=7434240 bytes (18.1%)
(RDMA_READ_CONSUME_CHECK_CONSUMER) timestamp=9355 ms, used_size=7432192 bytes (18.1%)
(RDMA_READ_CONSUME_CHECK_CONSUMER) timestamp=9355 ms, used_size=7430144 bytes (18.1%)
(RDMA_READ_CONSUME_CHECK_CONSUMER) timestamp=9355 ms, used_size=7428096 bytes (18.1%)
(RDMA_READ_CONSUME_CHECK_CONSUMER) timestamp=9355 ms, used_size=7426048 bytes (18.1%)
(RDMA_READ_CONSUME_CHECK_CONSUMER) timestamp=9355 ms, used_size=7424000 bytes (18.1%)
(RDMA_READ_CONSUME_CHECK_CONSUMER) timestamp=9355 ms, used_size=7421952 bytes (18.1%)
(RDMA_READ_CONSUME_CHECK_CONSUMER) timestamp=9355 ms, used_size=7419904 bytes (18.1%)
(RDMA_READ_CONSUME_CHECK_CONSUMER) timestamp=9355 ms, used_size=7417856 bytes (18.1%)
(RDMA_READ_CONSUME_CHECK_CONSUMER) timestamp=9355 ms, used_size=7415808 bytes (18.1%)
(RDMA_READ_CONSUME_CHECK_CONSUMER) timestamp=9355 ms, used_size=7413760 bytes (18.1%)
(RDMA_READ_CONSUME_CHECK_CONSUMER) timestamp=9355 ms, used_size=7411712 bytes (18.1%)
(RDMA_READ_CONSUME_CHECK_CONSUMER) timestamp=9355 ms, used_size=7409664 bytes (18.1%)
(RDMA_READ_CONSUME_CHECK_CONSUMER) timestamp=9356 ms, used_size=7407616 bytes (18.1%)
(RDMA_READ_CONSUME_CHECK_CONSUMER) timestamp=9356 ms, used_size=7405568 bytes (18.1%)
(RDMA_READ_CONSUME_CHECK_CONSUMER) timestamp=9356 ms, used_size=7403520 bytes (18.1%)
(RDMA_READ_CONSUME_CHECK_CONSUMER) timestamp=9356 ms, used_size=7401472 bytes (18.1%)
(RDMA_READ_CONSUME_CHECK_CONSUMER) timestamp=9356 ms, used_size=7399424 bytes (18.1%)
(RDMA_READ_CONSUME_CHECK_CONSUMER) timestamp=9356 ms, used_size=7397376 bytes (18.1%)
(RDMA_READ_CONSUME_CHECK_CONSUMER) timestamp=9356 ms, used_size=7395328 bytes (18.1%)
(RDMA_READ_CONSUME_CHECK_CONSUMER) timestamp=9356 ms, used_size=7393280 bytes (18.1%)
(RDMA_READ_CONSUME_CHECK_CONSUMER) timestamp=9356 ms, used_size=7391232 bytes (18.0%)
(RDMA_READ_CONSUME_CHECK_CONSUMER) timestamp=9356 ms, used_size=7389184 bytes (18.0%)
(RDMA_READ_CONSUME_CHECK_CONSUMER) timestamp=9356 ms, used_size=7387136 bytes (18.0%)
(RDMA_READ_CONSUME_CHECK_CONSUMER) timestamp=9356 ms, used_size=7385088 bytes (18.0%)
(RDMA_READ_CONSUME_CHECK_CONSUMER) timestamp=9356 ms, used_size=7383040 bytes (18.0%)
(RDMA_READ_CONSUME_CHECK_CONSUMER) timestamp=9356 ms, used_size=7380992 bytes (18.0%)
(RDMA_READ_CONSUME_CHECK_CONSUMER) timestamp=9356 ms, used_size=7378944 bytes (18.0%)
(RDMA_READ_CONSUME_CHECK_CONSUMER) timestamp=9356 ms, used_size=7376896 bytes (18.0%)
(RDMA_READ_CONSUME_CHECK_CONSUMER) timestamp=9356 ms, used_size=7374848 bytes (18.0%)
(RDMA_READ_CONSUME_CHECK_CONSUMER) timestamp=9356 ms, used_size=7372800 bytes (18.0%)
(RDMA_READ_CONSUME_CHECK_CONSUMER) timestamp=9356 ms, used_size=7370752 bytes (18.0%)
(RDMA_READ_CONSUME_CHECK_CONSUMER) timestamp=9356 ms, used_size=7368704 bytes (18.0%)
(RDMA_READ_CONSUME_CHECK_CONSUMER) timestamp=9356 ms, used_size=7366656 bytes (18.0%)
(RDMA_READ_CONSUME_CHECK_CONSUMER) timestamp=9356 ms, used_size=7364608 bytes (18.0%)
(RDMA_READ_CONSUME_CHECK_CONSUMER) timestamp=9356 ms, used_size=7362560 bytes (18.0%)
(RDMA_READ_CONSUME_CHECK_CONSUMER) timestamp=9356 ms, used_size=7360512 bytes (18.0%)
(RDMA_READ_CONSUME_CHECK_CONSUMER) timestamp=9356 ms, used_size=7358464 bytes (18.0%)
(RDMA_READ_CONSUME_CHECK_CONSUMER) timestamp=9356 ms, used_size=7356416 bytes (18.0%)
(RDMA_READ_CONSUME_CHECK_CONSUMER) timestamp=9356 ms, used_size=7354368 bytes (18.0%)
(RDMA_READ_CONSUME_CHECK_CONSUMER) timestamp=9356 ms, used_size=7352320 bytes (17.9%)
(RDMA_READ_CONSUME_CHECK_CONSUMER) timestamp=9356 ms, used_size=7350272 bytes (17.9%)
(RDMA_READ_CONSUME_CHECK_CONSUMER) timestamp=9356 ms, used_size=7348224 bytes (17.9%)
(RDMA_READ_CONSUME_CHECK_CONSUMER) timestamp=9356 ms, used_size=7346176 bytes (17.9%)
(RDMA_READ_CONSUME_CHECK_CONSUMER) timestamp=9356 ms, used_size=7344128 bytes (17.9%)
(RDMA_READ_CONSUME_CHECK_CONSUMER) timestamp=9356 ms, used_size=7342080 bytes (17.9%)
(RDMA_READ_CONSUME_CHECK_CONSUMER) timestamp=9356 ms, used_size=7340032 bytes (17.9%)
(RDMA_READ_CONSUME_CHECK_CONSUMER) timestamp=9356 ms, used_size=7337984 bytes (17.9%)
(RDMA_READ_CONSUME_CHECK_CONSUMER) timestamp=9356 ms, used_size=7335936 bytes (17.9%)
(RDMA_READ_CONSUME_CHECK_CONSUMER) timestamp=9356 ms, used_size=7333888 bytes (17.9%)
(RDMA_READ_CONSUME_CHECK_CONSUMER) timestamp=9356 ms, used_size=7331840 bytes (17.9%)
(RDMA_READ_CONSUME_CHECK_CONSUMER) timestamp=9356 ms, used_size=7329792 bytes (17.9%)
(RDMA_READ_CONSUME_CHECK_CONSUMER) timestamp=9356 ms, used_size=7327744 bytes (17.9%)
(RDMA_READ_CONSUME_CHECK_CONSUMER) timestamp=9356 ms, used_size=7325696 bytes (17.9%)
(RDMA_READ_CONSUME_CHECK_CONSUMER) timestamp=9356 ms, used_size=7323648 bytes (17.9%)
(RDMA_READ_CONSUME_CHECK_CONSUMER) timestamp=9356 ms, used_size=7321600 bytes (17.9%)
(RDMA_READ_CONSUME_CHECK_CONSUMER) timestamp=9356 ms, used_size=7319552 bytes (17.9%)
(RDMA_READ_CONSUME_CHECK_CONSUMER) timestamp=9356 ms, used_size=7317504 bytes (17.9%)
(RDMA_READ_CONSUME_CHECK_CONSUMER) timestamp=9356 ms, used_size=7315456 bytes (17.9%)
(RDMA_READ_CONSUME_CHECK_CONSUMER) timestamp=9356 ms, used_size=7313408 bytes (17.9%)
(RDMA_READ_CONSUME_CHECK_CONSUMER) timestamp=9356 ms, used_size=7311360 bytes (17.9%)
(RDMA_READ_CONSUME_CHECK_CONSUMER) timestamp=9356 ms, used_size=7309312 bytes (17.8%)
(RDMA_READ_CONSUME_CHECK_CONSUMER) timestamp=9356 ms, used_size=7307264 bytes (17.8%)
(RDMA_READ_CONSUME_CHECK_CONSUMER) timestamp=9356 ms, used_size=7305216 bytes (17.8%)
(RDMA_READ_CONSUME_CHECK_CONSUMER) timestamp=9356 ms, used_size=7303168 bytes (17.8%)
(RDMA_READ_CONSUME_CHECK_CONSUMER) timestamp=9356 ms, used_size=7301120 bytes (17.8%)
(RDMA_READ_CONSUME_CHECK_CONSUMER) timestamp=9356 ms, used_size=7299072 bytes (17.8%)
(RDMA_READ_CONSUME_CHECK_CONSUMER) timestamp=9356 ms, used_size=7297024 bytes (17.8%)
(RDMA_READ_CONSUME_CHECK_CONSUMER) timestamp=9356 ms, used_size=7294976 bytes (17.8%)
(RDMA_READ_CONSUME_CHECK_CONSUMER) timestamp=9356 ms, used_size=7292928 bytes (17.8%)
(RDMA_READ_CONSUME_CHECK_CONSUMER) timestamp=9356 ms, used_size=7290880 bytes (17.8%)
(RDMA_READ_CONSUME_CHECK_CONSUMER) timestamp=9356 ms, used_size=7288832 bytes (17.8%)
(RDMA_READ_CONSUME_CHECK_CONSUMER) timestamp=9356 ms, used_size=7286784 bytes (17.8%)
(RDMA_READ_CONSUME_CHECK_CONSUMER) timestamp=9356 ms, used_size=7284736 bytes (17.8%)
(RDMA_READ_CONSUME_CHECK_CONSUMER) timestamp=9356 ms, used_size=7282688 bytes (17.8%)
(RDMA_READ_CONSUME_CHECK_CONSUMER) timestamp=9356 ms, used_size=7280640 bytes (17.8%)
(RDMA_READ_CONSUME_CHECK_CONSUMER) timestamp=9356 ms, used_size=7278592 bytes (17.8%)
(RDMA_READ_CONSUME_CHECK_CONSUMER) timestamp=9356 ms, used_size=7276544 bytes (17.8%)
(RDMA_READ_CONSUME_CHECK_CONSUMER) timestamp=9356 ms, used_size=7274496 bytes (17.8%)
(RDMA_READ_CONSUME_CHECK_CONSUMER) timestamp=9356 ms, used_size=7272448 bytes (17.8%)
(RDMA_READ_CONSUME_CHECK_CONSUMER) timestamp=9356 ms, used_size=7270400 bytes (17.8%)
(RDMA_READ_CONSUME_CHECK_CONSUMER) timestamp=9356 ms, used_size=7268352 bytes (17.7%)
(RDMA_READ_CONSUME_CHECK_CONSUMER) timestamp=9356 ms, used_size=7266304 bytes (17.7%)
(RDMA_READ_CONSUME_CHECK_CONSUMER) timestamp=9356 ms, used_size=7264256 bytes (17.7%)
(RDMA_READ_CONSUME_CHECK_CONSUMER) timestamp=9356 ms, used_size=7262208 bytes (17.7%)
(RDMA_READ_CONSUME_CHECK_CONSUMER) timestamp=9356 ms, used_size=7260160 bytes (17.7%)
(RDMA_READ_CONSUME_CHECK_CONSUMER) timestamp=9356 ms, used_size=7258112 bytes (17.7%)
(RDMA_READ_CONSUME_CHECK_CONSUMER) timestamp=9356 ms, used_size=7256064 bytes (17.7%)
(RDMA_READ_CONSUME_CHECK_CONSUMER) timestamp=9356 ms, used_size=7254016 bytes (17.7%)
(RDMA_READ_CONSUME_CHECK_CONSUMER) timestamp=9356 ms, used_size=7251968 bytes (17.7%)
(RDMA_READ_CONSUME_CHECK_CONSUMER) timestamp=9356 ms, used_size=7249920 bytes (17.7%)
(RDMA_READ_CONSUME_CHECK_CONSUMER) timestamp=9356 ms, used_size=7247872 bytes (17.7%)
(RDMA_READ_CONSUME_CHECK_CONSUMER) timestamp=9356 ms, used_size=7245824 bytes (17.7%)
(RDMA_READ_CONSUME_CHECK_CONSUMER) timestamp=9356 ms, used_size=7243776 bytes (17.7%)
(RDMA_READ_CONSUME_CHECK_CONSUMER) timestamp=9356 ms, used_size=7241728 bytes (17.7%)
(RDMA_READ_CONSUME_CHECK_CONSUMER) timestamp=9356 ms, used_size=7239680 bytes (17.7%)
(RDMA_READ_CONSUME_CHECK_CONSUMER) timestamp=9356 ms, used_size=7237632 bytes (17.7%)
(RDMA_READ_CONSUME_CHECK_CONSUMER) timestamp=9356 ms, used_size=7235584 bytes (17.7%)
(RDMA_READ_CONSUME_CHECK_CONSUMER) timestamp=9356 ms, used_size=7233536 bytes (17.7%)
(RDMA_READ_CONSUME_CHECK_CONSUMER) timestamp=9356 ms, used_size=7231488 bytes (17.7%)
(RDMA_READ_CONSUME_CHECK_CONSUMER) timestamp=9356 ms, used_size=7229440 bytes (17.6%)
(RDMA_READ_CONSUME_CHECK_CONSUMER) timestamp=9356 ms, used_size=7227392 bytes (17.6%)
(RDMA_READ_CONSUME_CHECK_CONSUMER) timestamp=9356 ms, used_size=7225344 bytes (17.6%)
(RDMA_READ_CONSUME_CHECK_CONSUMER) timestamp=9356 ms, used_size=7223296 bytes (17.6%)
(RDMA_READ_CONSUME_CHECK_CONSUMER) timestamp=9356 ms, used_size=7221248 bytes (17.6%)
(RDMA_READ_CONSUME_CHECK_CONSUMER) timestamp=9356 ms, used_size=7219200 bytes (17.6%)
(RDMA_READ_CONSUME_CHECK_CONSUMER) timestamp=9356 ms, used_size=7217152 bytes (17.6%)
(RDMA_READ_CONSUME_CHECK_CONSUMER) timestamp=9356 ms, used_size=7215104 bytes (17.6%)
(RDMA_READ_CONSUME_CHECK_CONSUMER) timestamp=9356 ms, used_size=7213056 bytes (17.6%)
(RDMA_READ_CONSUME_CHECK_CONSUMER) timestamp=9356 ms, used_size=7211008 bytes (17.6%)
(RDMA_READ_CONSUME_CHECK_CONSUMER) timestamp=9356 ms, used_size=7208960 bytes (17.6%)
(RDMA_READ_CONSUME_CHECK_CONSUMER) timestamp=9356 ms, used_size=7206912 bytes (17.6%)
(RDMA_READ_CONSUME_CHECK_CONSUMER) timestamp=9356 ms, used_size=7204864 bytes (17.6%)
(RDMA_READ_CONSUME_CHECK_CONSUMER) timestamp=9356 ms, used_size=7202816 bytes (17.6%)
(RDMA_READ_CONSUME_CHECK_CONSUMER) timestamp=9356 ms, used_size=7200768 bytes (17.6%)
(RDMA_READ_CONSUME_CHECK_CONSUMER) timestamp=9356 ms, used_size=7198720 bytes (17.6%)
(RDMA_READ_CONSUME_CHECK_CONSUMER) timestamp=9356 ms, used_size=7196672 bytes (17.6%)
(RDMA_READ_CONSUME_CHECK_CONSUMER) timestamp=9356 ms, used_size=7194624 bytes (17.6%)
(RDMA_READ_CONSUME_CHECK_CONSUMER) timestamp=9356 ms, used_size=7192576 bytes (17.6%)
(RDMA_READ_CONSUME_CHECK_CONSUMER) timestamp=9356 ms, used_size=7190528 bytes (17.6%)
(RDMA_READ_CONSUME_CHECK_CONSUMER) timestamp=9356 ms, used_size=7188480 bytes (17.6%)
(RDMA_READ_CONSUME_CHECK_CONSUMER) timestamp=9356 ms, used_size=7186432 bytes (17.5%)
(RDMA_READ_CONSUME_CHECK_CONSUMER) timestamp=9356 ms, used_size=7184384 bytes (17.5%)
(RDMA_READ_CONSUME_CHECK_CONSUMER) timestamp=9356 ms, used_size=7182336 bytes (17.5%)
(RDMA_READ_CONSUME_CHECK_CONSUMER) timestamp=9356 ms, used_size=7180288 bytes (17.5%)
(RDMA_READ_CONSUME_CHECK_CONSUMER) timestamp=9356 ms, used_size=7178240 bytes (17.5%)
(RDMA_READ_CONSUME_CHECK_CONSUMER) timestamp=9356 ms, used_size=7176192 bytes (17.5%)
(RDMA_READ_CONSUME_CHECK_CONSUMER) timestamp=9356 ms, used_size=7174144 bytes (17.5%)
(RDMA_READ_CONSUME_CHECK_CONSUMER) timestamp=9356 ms, used_size=7172096 bytes (17.5%)
(RDMA_READ_CONSUME_CHECK_CONSUMER) timestamp=9356 ms, used_size=7170048 bytes (17.5%)
(RDMA_READ_CONSUME_CHECK_CONSUMER) timestamp=9356 ms, used_size=7168000 bytes (17.5%)
(RDMA_READ_CONSUME_CHECK_CONSUMER) timestamp=9356 ms, used_size=7165952 bytes (17.5%)
(RDMA_READ_CONSUME_CHECK_CONSUMER) timestamp=9356 ms, used_size=7163904 bytes (17.5%)
(RDMA_READ_CONSUME_CHECK_CONSUMER) timestamp=9356 ms, used_size=7161856 bytes (17.5%)
(RDMA_READ_CONSUME_CHECK_CONSUMER) timestamp=9356 ms, used_size=7159808 bytes (17.5%)
(RDMA_READ_CONSUME_CHECK_CONSUMER) timestamp=9356 ms, used_size=7157760 bytes (17.5%)
(RDMA_READ_CONSUME_CHECK_CONSUMER) timestamp=9356 ms, used_size=7155712 bytes (17.5%)
(RDMA_READ_CONSUME_CHECK_CONSUMER) timestamp=9356 ms, used_size=7153664 bytes (17.5%)
(RDMA_READ_CONSUME_CHECK_CONSUMER) timestamp=9356 ms, used_size=7151616 bytes (17.5%)
(RDMA_READ_CONSUME_CHECK_CONSUMER) timestamp=9356 ms, used_size=7149568 bytes (17.5%)
(RDMA_READ_CONSUME_CHECK_CONSUMER) timestamp=9356 ms, used_size=7147520 bytes (17.4%)
(RDMA_READ_CONSUME_CHECK_CONSUMER) timestamp=9356 ms, used_size=7145472 bytes (17.4%)
(RDMA_READ_CONSUME_CHECK_CONSUMER) timestamp=9356 ms, used_size=7143424 bytes (17.4%)
(RDMA_READ_CONSUME_CHECK_CONSUMER) timestamp=9356 ms, used_size=7141376 bytes (17.4%)
(RDMA_READ_CONSUME_CHECK_CONSUMER) timestamp=9356 ms, used_size=7139328 bytes (17.4%)
(RDMA_READ_CONSUME_CHECK_CONSUMER) timestamp=9356 ms, used_size=7137280 bytes (17.4%)
(RDMA_READ_CONSUME_CHECK_CONSUMER) timestamp=9356 ms, used_size=7135232 bytes (17.4%)
(RDMA_READ_CONSUME_CHECK_CONSUMER) timestamp=9356 ms, used_size=7133184 bytes (17.4%)
(RDMA_READ_CONSUME_CHECK_CONSUMER) timestamp=9356 ms, used_size=7131136 bytes (17.4%)
(RDMA_READ_CONSUME_CHECK_CONSUMER) timestamp=9356 ms, used_size=7129088 bytes (17.4%)
(RDMA_READ_CONSUME_CHECK_CONSUMER) timestamp=9356 ms, used_size=7127040 bytes (17.4%)
(RDMA_READ_CONSUME_CHECK_CONSUMER) timestamp=9356 ms, used_size=7124992 bytes (17.4%)
(RDMA_READ_CONSUME_CHECK_CONSUMER) timestamp=9356 ms, used_size=7122944 bytes (17.4%)
(RDMA_READ_CONSUME_CHECK_CONSUMER) timestamp=9356 ms, used_size=7120896 bytes (17.4%)
(RDMA_READ_CONSUME_CHECK_CONSUMER) timestamp=9356 ms, used_size=7118848 bytes (17.4%)
(RDMA_READ_CONSUME_CHECK_CONSUMER) timestamp=9356 ms, used_size=7116800 bytes (17.4%)
(RDMA_READ_CONSUME_CHECK_CONSUMER) timestamp=9356 ms, used_size=7114752 bytes (17.4%)
(RDMA_READ_CONSUME_CHECK_CONSUMER) timestamp=9356 ms, used_size=7112704 bytes (17.4%)
(RDMA_READ_CONSUME_CHECK_CONSUMER) timestamp=9356 ms, used_size=7110656 bytes (17.4%)
(RDMA_READ_CONSUME_CHECK_CONSUMER) timestamp=9356 ms, used_size=7108608 bytes (17.4%)
(RDMA_READ_CONSUME_CHECK_CONSUMER) timestamp=9356 ms, used_size=7106560 bytes (17.4%)
(RDMA_READ_CONSUME_CHECK_CONSUMER) timestamp=9356 ms, used_size=7104512 bytes (17.3%)
(RDMA_READ_CONSUME_CHECK_CONSUMER) timestamp=9356 ms, used_size=7102464 bytes (17.3%)
(RDMA_READ_CONSUME_CHECK_CONSUMER) timestamp=9356 ms, used_size=7100416 bytes (17.3%)
(RDMA_READ_CONSUME_CHECK_CONSUMER) timestamp=9356 ms, used_size=7098368 bytes (17.3%)
(RDMA_READ_CONSUME_CHECK_CONSUMER) timestamp=9356 ms, used_size=7096320 bytes (17.3%)
(RDMA_READ_CONSUME_CHECK_CONSUMER) timestamp=9356 ms, used_size=7094272 bytes (17.3%)
(RDMA_READ_CONSUME_CHECK_CONSUMER) timestamp=9356 ms, used_size=7092224 bytes (17.3%)
(RDMA_READ_CONSUME_CHECK_CONSUMER) timestamp=9356 ms, used_size=7090176 bytes (17.3%)
(RDMA_READ_CONSUME_CHECK_CONSUMER) timestamp=9356 ms, used_size=7088128 bytes (17.3%)
(RDMA_READ_CONSUME_CHECK_CONSUMER) timestamp=9356 ms, used_size=7086080 bytes (17.3%)
(RDMA_READ_CONSUME_CHECK_CONSUMER) timestamp=9356 ms, used_size=7084032 bytes (17.3%)
(RDMA_READ_CONSUME_CHECK_CONSUMER) timestamp=9356 ms, used_size=7081984 bytes (17.3%)
(RDMA_READ_CONSUME_CHECK_CONSUMER) timestamp=9356 ms, used_size=7079936 bytes (17.3%)
(RDMA_READ_CONSUME_CHECK_CONSUMER) timestamp=9356 ms, used_size=7077888 bytes (17.3%)
(RDMA_READ_CONSUME_CHECK_CONSUMER) timestamp=9356 ms, used_size=7075840 bytes (17.3%)
(RDMA_READ_CONSUME_CHECK_CONSUMER) timestamp=9356 ms, used_size=7073792 bytes (17.3%)
(RDMA_READ_CONSUME_CHECK_CONSUMER) timestamp=9356 ms, used_size=7071744 bytes (17.3%)
(RDMA_READ_CONSUME_CHECK_CONSUMER) timestamp=9356 ms, used_size=7069696 bytes (17.3%)
(RDMA_READ_CONSUME_CHECK_CONSUMER) timestamp=9356 ms, used_size=7067648 bytes (17.3%)
(RDMA_READ_CONSUME_CHECK_CONSUMER) timestamp=9356 ms, used_size=7065600 bytes (17.2%)
(RDMA_READ_CONSUME_CHECK_CONSUMER) timestamp=9356 ms, used_size=7063552 bytes (17.2%)
(RDMA_READ_CONSUME_CHECK_CONSUMER) timestamp=9356 ms, used_size=7061504 bytes (17.2%)
(RDMA_READ_CONSUME_CHECK_CONSUMER) timestamp=9356 ms, used_size=7059456 bytes (17.2%)
(RDMA_READ_CONSUME_CHECK_CONSUMER) timestamp=9356 ms, used_size=7057408 bytes (17.2%)
(RDMA_READ_CONSUME_CHECK_CONSUMER) timestamp=9356 ms, used_size=7055360 bytes (17.2%)
(RDMA_READ_CONSUME_CHECK_CONSUMER) timestamp=9356 ms, used_size=7053312 bytes (17.2%)
(RDMA_READ_CONSUME_CHECK_CONSUMER) timestamp=9356 ms, used_size=7051264 bytes (17.2%)
(RDMA_READ_CONSUME_CHECK_CONSUMER) timestamp=9356 ms, used_size=7049216 bytes (17.2%)
(RDMA_READ_CONSUME_CHECK_CONSUMER) timestamp=9356 ms, used_size=7047168 bytes (17.2%)
(RDMA_READ_CONSUME_CHECK_CONSUMER) timestamp=9356 ms, used_size=7045120 bytes (17.2%)
(RDMA_READ_CONSUME_CHECK_CONSUMER) timestamp=9356 ms, used_size=7043072 bytes (17.2%)
(RDMA_READ_CONSUME_CHECK_CONSUMER) timestamp=9356 ms, used_size=7041024 bytes (17.2%)
(RDMA_READ_CONSUME_CHECK_CONSUMER) timestamp=9356 ms, used_size=7038976 bytes (17.2%)
(RDMA_READ_CONSUME_CHECK_CONSUMER) timestamp=9356 ms, used_size=7036928 bytes (17.2%)
(RDMA_READ_CONSUME_CHECK_CONSUMER) timestamp=9357 ms, used_size=7034880 bytes (17.2%)
(RDMA_READ_CONSUME_CHECK_CONSUMER) timestamp=9357 ms, used_size=7032832 bytes (17.2%)
(RDMA_READ_CONSUME_CHECK_CONSUMER) timestamp=9357 ms, used_size=7030784 bytes (17.2%)
(RDMA_READ_CONSUME_CHECK_CONSUMER) timestamp=9357 ms, used_size=7028736 bytes (17.2%)
(RDMA_READ_CONSUME_CHECK_CONSUMER) timestamp=9357 ms, used_size=7026688 bytes (17.2%)
(RDMA_READ_CONSUME_CHECK_CONSUMER) timestamp=9357 ms, used_size=7024640 bytes (17.1%)
(RDMA_READ_CONSUME_CHECK_CONSUMER) timestamp=9357 ms, used_size=7022592 bytes (17.1%)
(RDMA_READ_CONSUME_CHECK_CONSUMER) timestamp=9357 ms, used_size=7020544 bytes (17.1%)
(RDMA_READ_CONSUME_CHECK_CONSUMER) timestamp=9357 ms, used_size=7018496 bytes (17.1%)
(RDMA_READ_CONSUME_CHECK_CONSUMER) timestamp=9357 ms, used_size=7016448 bytes (17.1%)
(RDMA_READ_CONSUME_CHECK_CONSUMER) timestamp=9357 ms, used_size=7014400 bytes (17.1%)
(RDMA_READ_CONSUME_CHECK_CONSUMER) timestamp=9357 ms, used_size=7012352 bytes (17.1%)
(RDMA_READ_CONSUME_CHECK_CONSUMER) timestamp=9357 ms, used_size=7010304 bytes (17.1%)
(RDMA_READ_CONSUME_CHECK_CONSUMER) timestamp=9357 ms, used_size=7008256 bytes (17.1%)
(RDMA_READ_CONSUME_CHECK_CONSUMER) timestamp=9357 ms, used_size=7006208 bytes (17.1%)
(RDMA_READ_CONSUME_CHECK_CONSUMER) timestamp=9357 ms, used_size=7004160 bytes (17.1%)
(RDMA_READ_CONSUME_CHECK_CONSUMER) timestamp=9357 ms, used_size=7002112 bytes (17.1%)
(RDMA_READ_CONSUME_CHECK_CONSUMER) timestamp=9357 ms, used_size=7000064 bytes (17.1%)
(RDMA_READ_CONSUME_CHECK_CONSUMER) timestamp=9357 ms, used_size=6998016 bytes (17.1%)
(RDMA_READ_CONSUME_CHECK_CONSUMER) timestamp=9357 ms, used_size=6995968 bytes (17.1%)
(RDMA_READ_CONSUME_CHECK_CONSUMER) timestamp=9357 ms, used_size=6993920 bytes (17.1%)
(RDMA_READ_CONSUME_CHECK_CONSUMER) timestamp=9357 ms, used_size=6991872 bytes (17.1%)
(RDMA_READ_CONSUME_CHECK_CONSUMER) timestamp=9357 ms, used_size=6989824 bytes (17.1%)
(RDMA_READ_CONSUME_CHECK_CONSUMER) timestamp=9357 ms, used_size=6987776 bytes (17.1%)
(RDMA_READ_CONSUME_CHECK_CONSUMER) timestamp=9357 ms, used_size=6985728 bytes (17.1%)
(RDMA_READ_CONSUME_CHECK_CONSUMER) timestamp=9357 ms, used_size=6983680 bytes (17.1%)
(RDMA_READ_CONSUME_CHECK_CONSUMER) timestamp=9357 ms, used_size=6981632 bytes (17.0%)
(RDMA_READ_CONSUME_CHECK_CONSUMER) timestamp=9357 ms, used_size=6979584 bytes (17.0%)
(RDMA_READ_CONSUME_CHECK_CONSUMER) timestamp=9357 ms, used_size=6977536 bytes (17.0%)
(RDMA_READ_CONSUME_CHECK_CONSUMER) timestamp=9357 ms, used_size=6975488 bytes (17.0%)
(RDMA_READ_CONSUME_CHECK_CONSUMER) timestamp=9357 ms, used_size=6973440 bytes (17.0%)
(RDMA_READ_CONSUME_CHECK_CONSUMER) timestamp=9357 ms, used_size=6971392 bytes (17.0%)
(RDMA_READ_CONSUME_CHECK_CONSUMER) timestamp=9357 ms, used_size=6969344 bytes (17.0%)
(RDMA_READ_CONSUME_CHECK_CONSUMER) timestamp=9357 ms, used_size=6967296 bytes (17.0%)
(RDMA_READ_CONSUME_CHECK_CONSUMER) timestamp=9357 ms, used_size=6965248 bytes (17.0%)
(RDMA_READ_CONSUME_CHECK_CONSUMER) timestamp=9357 ms, used_size=6963200 bytes (17.0%)
(RDMA_READ_CONSUME_CHECK_CONSUMER) timestamp=9357 ms, used_size=6961152 bytes (17.0%)
(RDMA_READ_CONSUME_CHECK_CONSUMER) timestamp=9357 ms, used_size=6959104 bytes (17.0%)
(RDMA_READ_CONSUME_CHECK_CONSUMER) timestamp=9357 ms, used_size=6957056 bytes (17.0%)
(RDMA_READ_CONSUME_CHECK_CONSUMER) timestamp=9357 ms, used_size=6955008 bytes (17.0%)
(RDMA_READ_CONSUME_CHECK_CONSUMER) timestamp=9357 ms, used_size=6952960 bytes (17.0%)
(RDMA_READ_CONSUME_CHECK_CONSUMER) timestamp=9357 ms, used_size=6950912 bytes (17.0%)
(RDMA_READ_CONSUME_CHECK_CONSUMER) timestamp=9357 ms, used_size=6948864 bytes (17.0%)
(RDMA_READ_CONSUME_CHECK_CONSUMER) timestamp=9357 ms, used_size=6946816 bytes (17.0%)
(RDMA_READ_CONSUME_CHECK_CONSUMER) timestamp=9357 ms, used_size=6944768 bytes (17.0%)
(RDMA_READ_CONSUME_CHECK_CONSUMER) timestamp=9357 ms, used_size=6942720 bytes (16.9%)
(RDMA_READ_CONSUME_CHECK_CONSUMER) timestamp=9357 ms, used_size=6940672 bytes (16.9%)
(RDMA_READ_CONSUME_CHECK_CONSUMER) timestamp=9357 ms, used_size=6938624 bytes (16.9%)
(RDMA_READ_CONSUME_CHECK_CONSUMER) timestamp=9357 ms, used_size=6936576 bytes (16.9%)
(RDMA_READ_CONSUME_CHECK_CONSUMER) timestamp=9357 ms, used_size=6934528 bytes (16.9%)
(RDMA_READ_CONSUME_CHECK_CONSUMER) timestamp=9357 ms, used_size=6932480 bytes (16.9%)
(RDMA_READ_CONSUME_CHECK_CONSUMER) timestamp=9357 ms, used_size=6930432 bytes (16.9%)
(RDMA_READ_CONSUME_CHECK_CONSUMER) timestamp=9357 ms, used_size=6928384 bytes (16.9%)
(RDMA_READ_CONSUME_CHECK_CONSUMER) timestamp=9357 ms, used_size=6926336 bytes (16.9%)
(RDMA_READ_CONSUME_CHECK_CONSUMER) timestamp=9357 ms, used_size=6924288 bytes (16.9%)
(RDMA_READ_CONSUME_CHECK_CONSUMER) timestamp=9357 ms, used_size=6922240 bytes (16.9%)
(RDMA_READ_CONSUME_CHECK_CONSUMER) timestamp=9357 ms, used_size=6920192 bytes (16.9%)
(RDMA_READ_CONSUME_CHECK_CONSUMER) timestamp=9357 ms, used_size=6918144 bytes (16.9%)
(RDMA_READ_CONSUME_CHECK_CONSUMER) timestamp=9357 ms, used_size=6916096 bytes (16.9%)
(RDMA_READ_CONSUME_CHECK_CONSUMER) timestamp=9357 ms, used_size=6914048 bytes (16.9%)
(RDMA_READ_CONSUME_CHECK_CONSUMER) timestamp=9357 ms, used_size=6912000 bytes (16.9%)
(RDMA_READ_CONSUME_CHECK_CONSUMER) timestamp=9357 ms, used_size=6909952 bytes (16.9%)
(RDMA_READ_CONSUME_CHECK_CONSUMER) timestamp=9357 ms, used_size=6907904 bytes (16.9%)
(RDMA_READ_CONSUME_CHECK_CONSUMER) timestamp=9357 ms, used_size=6905856 bytes (16.9%)
(RDMA_READ_CONSUME_CHECK_CONSUMER) timestamp=9357 ms, used_size=6903808 bytes (16.9%)
(RDMA_READ_CONSUME_CHECK_CONSUMER) timestamp=9357 ms, used_size=6901760 bytes (16.9%)
(RDMA_READ_CONSUME_CHECK_CONSUMER) timestamp=9357 ms, used_size=6899712 bytes (16.8%)
(RDMA_READ_CONSUME_CHECK_CONSUMER) timestamp=9357 ms, used_size=6897664 bytes (16.8%)
(RDMA_READ_CONSUME_CHECK_CONSUMER) timestamp=9357 ms, used_size=6895616 bytes (16.8%)
(RDMA_READ_CONSUME_CHECK_CONSUMER) timestamp=9357 ms, used_size=6893568 bytes (16.8%)
(RDMA_READ_CONSUME_CHECK_CONSUMER) timestamp=9357 ms, used_size=6891520 bytes (16.8%)
(RDMA_READ_CONSUME_CHECK_CONSUMER) timestamp=9357 ms, used_size=6889472 bytes (16.8%)
(RDMA_READ_CONSUME_CHECK_CONSUMER) timestamp=9357 ms, used_size=6887424 bytes (16.8%)
(RDMA_READ_CONSUME_CHECK_CONSUMER) timestamp=9357 ms, used_size=6885376 bytes (16.8%)
(RDMA_READ_CONSUME_CHECK_CONSUMER) timestamp=9357 ms, used_size=6883328 bytes (16.8%)
(RDMA_READ_CONSUME_CHECK_CONSUMER) timestamp=9357 ms, used_size=6881280 bytes (16.8%)
(RDMA_READ_CONSUME_CHECK_CONSUMER) timestamp=9357 ms, used_size=6879232 bytes (16.8%)
(RDMA_READ_CONSUME_CHECK_CONSUMER) timestamp=9357 ms, used_size=6877184 bytes (16.8%)
(RDMA_READ_CONSUME_CHECK_CONSUMER) timestamp=9357 ms, used_size=6875136 bytes (16.8%)
(RDMA_READ_CONSUME_CHECK_CONSUMER) timestamp=9357 ms, used_size=6873088 bytes (16.8%)
(RDMA_READ_CONSUME_CHECK_CONSUMER) timestamp=9357 ms, used_size=6871040 bytes (16.8%)
(RDMA_READ_CONSUME_CHECK_CONSUMER) timestamp=9357 ms, used_size=6868992 bytes (16.8%)
(RDMA_READ_CONSUME_CHECK_CONSUMER) timestamp=9357 ms, used_size=6866944 bytes (16.8%)
(RDMA_READ_CONSUME_CHECK_CONSUMER) timestamp=9357 ms, used_size=6864896 bytes (16.8%)
(RDMA_READ_CONSUME_CHECK_CONSUMER) timestamp=9357 ms, used_size=6862848 bytes (16.8%)
(RDMA_READ_CONSUME_CHECK_CONSUMER) timestamp=9357 ms, used_size=6860800 bytes (16.8%)
(RDMA_READ_CONSUME_CHECK_CONSUMER) timestamp=9357 ms, used_size=6858752 bytes (16.7%)
(RDMA_READ_CONSUME_CHECK_CONSUMER) timestamp=9357 ms, used_size=6856704 bytes (16.7%)
(RDMA_READ_CONSUME_CHECK_CONSUMER) timestamp=9357 ms, used_size=6854656 bytes (16.7%)
(RDMA_READ_CONSUME_CHECK_CONSUMER) timestamp=9357 ms, used_size=6852608 bytes (16.7%)
(RDMA_READ_CONSUME_CHECK_CONSUMER) timestamp=9357 ms, used_size=6850560 bytes (16.7%)
(RDMA_READ_CONSUME_CHECK_CONSUMER) timestamp=9357 ms, used_size=6848512 bytes (16.7%)
(RDMA_READ_CONSUME_CHECK_CONSUMER) timestamp=9357 ms, used_size=6846464 bytes (16.7%)
(RDMA_READ_CONSUME_CHECK_CONSUMER) timestamp=9357 ms, used_size=6844416 bytes (16.7%)
(RDMA_READ_CONSUME_CHECK_CONSUMER) timestamp=9357 ms, used_size=6842368 bytes (16.7%)
(RDMA_READ_CONSUME_CHECK_CONSUMER) timestamp=9357 ms, used_size=6840320 bytes (16.7%)
(RDMA_READ_CONSUME_CHECK_CONSUMER) timestamp=9357 ms, used_size=6838272 bytes (16.7%)
(RDMA_READ_CONSUME_CHECK_CONSUMER) timestamp=9357 ms, used_size=6836224 bytes (16.7%)
(RDMA_READ_CONSUME_CHECK_CONSUMER) timestamp=9357 ms, used_size=6834176 bytes (16.7%)
(RDMA_READ_CONSUME_CHECK_CONSUMER) timestamp=9357 ms, used_size=6832128 bytes (16.7%)
(RDMA_READ_CONSUME_CHECK_CONSUMER) timestamp=9357 ms, used_size=6830080 bytes (16.7%)
(RDMA_READ_CONSUME_CHECK_CONSUMER) timestamp=9357 ms, used_size=6828032 bytes (16.7%)
(RDMA_READ_CONSUME_CHECK_CONSUMER) timestamp=9357 ms, used_size=6825984 bytes (16.7%)
(RDMA_READ_CONSUME_CHECK_CONSUMER) timestamp=9357 ms, used_size=6823936 bytes (16.7%)
(RDMA_READ_CONSUME_CHECK_CONSUMER) timestamp=9357 ms, used_size=6821888 bytes (16.7%)
(RDMA_READ_CONSUME_CHECK_CONSUMER) timestamp=9357 ms, used_size=6819840 bytes (16.6%)
(RDMA_READ_CONSUME_CHECK_CONSUMER) timestamp=9357 ms, used_size=6817792 bytes (16.6%)
(RDMA_READ_CONSUME_CHECK_CONSUMER) timestamp=9357 ms, used_size=6815744 bytes (16.6%)
(RDMA_READ_CONSUME_CHECK_CONSUMER) timestamp=9357 ms, used_size=6813696 bytes (16.6%)
(RDMA_READ_CONSUME_CHECK_CONSUMER) timestamp=9357 ms, used_size=6811648 bytes (16.6%)
(RDMA_READ_CONSUME_CHECK_CONSUMER) timestamp=9357 ms, used_size=6809600 bytes (16.6%)
(RDMA_READ_CONSUME_CHECK_CONSUMER) timestamp=9357 ms, used_size=6807552 bytes (16.6%)
(RDMA_READ_CONSUME_CHECK_CONSUMER) timestamp=9357 ms, used_size=6805504 bytes (16.6%)
(RDMA_READ_CONSUME_CHECK_CONSUMER) timestamp=9357 ms, used_size=6803456 bytes (16.6%)
(RDMA_READ_CONSUME_CHECK_CONSUMER) timestamp=9357 ms, used_size=6801408 bytes (16.6%)
(RDMA_READ_CONSUME_CHECK_CONSUMER) timestamp=9357 ms, used_size=6799360 bytes (16.6%)
(RDMA_READ_CONSUME_CHECK_CONSUMER) timestamp=9357 ms, used_size=6797312 bytes (16.6%)
(RDMA_READ_CONSUME_CHECK_CONSUMER) timestamp=9357 ms, used_size=6795264 bytes (16.6%)
(RDMA_READ_CONSUME_CHECK_CONSUMER) timestamp=9357 ms, used_size=6793216 bytes (16.6%)
(RDMA_READ_CONSUME_CHECK_CONSUMER) timestamp=9357 ms, used_size=6791168 bytes (16.6%)
(RDMA_READ_CONSUME_CHECK_CONSUMER) timestamp=9357 ms, used_size=6789120 bytes (16.6%)
(RDMA_READ_CONSUME_CHECK_CONSUMER) timestamp=9357 ms, used_size=6787072 bytes (16.6%)
(RDMA_READ_CONSUME_CHECK_CONSUMER) timestamp=9357 ms, used_size=6785024 bytes (16.6%)
(RDMA_READ_CONSUME_CHECK_CONSUMER) timestamp=9357 ms, used_size=6782976 bytes (16.6%)
(RDMA_READ_CONSUME_CHECK_CONSUMER) timestamp=9357 ms, used_size=6780928 bytes (16.6%)
(RDMA_READ_CONSUME_CHECK_CONSUMER) timestamp=9357 ms, used_size=6778880 bytes (16.6%)
(RDMA_READ_CONSUME_CHECK_CONSUMER) timestamp=9357 ms, used_size=6776832 bytes (16.5%)
(RDMA_READ_CONSUME_CHECK_CONSUMER) timestamp=9357 ms, used_size=6774784 bytes (16.5%)
(RDMA_READ_CONSUME_CHECK_CONSUMER) timestamp=9357 ms, used_size=6772736 bytes (16.5%)
(RDMA_READ_CONSUME_CHECK_CONSUMER) timestamp=9357 ms, used_size=6770688 bytes (16.5%)
(RDMA_READ_CONSUME_CHECK_CONSUMER) timestamp=9357 ms, used_size=6768640 bytes (16.5%)
(RDMA_READ_CONSUME_CHECK_CONSUMER) timestamp=9357 ms, used_size=6766592 bytes (16.5%)
(RDMA_READ_CONSUME_CHECK_CONSUMER) timestamp=9357 ms, used_size=6764544 bytes (16.5%)
(RDMA_READ_CONSUME_CHECK_CONSUMER) timestamp=9357 ms, used_size=6762496 bytes (16.5%)
(RDMA_READ_CONSUME_CHECK_CONSUMER) timestamp=9357 ms, used_size=6760448 bytes (16.5%)
(RDMA_READ_CONSUME_CHECK_CONSUMER) timestamp=9357 ms, used_size=6758400 bytes (16.5%)
(RDMA_READ_CONSUME_CHECK_CONSUMER) timestamp=9357 ms, used_size=6756352 bytes (16.5%)
(RDMA_READ_CONSUME_CHECK_CONSUMER) timestamp=9357 ms, used_size=6754304 bytes (16.5%)
(RDMA_READ_CONSUME_CHECK_CONSUMER) timestamp=9357 ms, used_size=6752256 bytes (16.5%)
(RDMA_READ_CONSUME_CHECK_CONSUMER) timestamp=9357 ms, used_size=6750208 bytes (16.5%)
(RDMA_READ_CONSUME_CHECK_CONSUMER) timestamp=9357 ms, used_size=6748160 bytes (16.5%)
(RDMA_READ_CONSUME_CHECK_CONSUMER) timestamp=9357 ms, used_size=6746112 bytes (16.5%)
(RDMA_READ_CONSUME_CHECK_CONSUMER) timestamp=9357 ms, used_size=6744064 bytes (16.5%)
(RDMA_READ_CONSUME_CHECK_CONSUMER) timestamp=9357 ms, used_size=6742016 bytes (16.5%)
(RDMA_READ_CONSUME_CHECK_CONSUMER) timestamp=9357 ms, used_size=6739968 bytes (16.5%)
(RDMA_READ_CONSUME_CHECK_CONSUMER) timestamp=9357 ms, used_size=6737920 bytes (16.4%)
(RDMA_READ_CONSUME_CHECK_CONSUMER) timestamp=9357 ms, used_size=6735872 bytes (16.4%)
(RDMA_READ_CONSUME_CHECK_CONSUMER) timestamp=9357 ms, used_size=6733824 bytes (16.4%)
(RDMA_READ_CONSUME_CHECK_CONSUMER) timestamp=9357 ms, used_size=6731776 bytes (16.4%)
(RDMA_READ_CONSUME_CHECK_CONSUMER) timestamp=9357 ms, used_size=6729728 bytes (16.4%)
(RDMA_READ_CONSUME_CHECK_CONSUMER) timestamp=9357 ms, used_size=6727680 bytes (16.4%)
(RDMA_READ_CONSUME_CHECK_CONSUMER) timestamp=9357 ms, used_size=6725632 bytes (16.4%)
(RDMA_READ_CONSUME_CHECK_CONSUMER) timestamp=9357 ms, used_size=6723584 bytes (16.4%)
(RDMA_READ_CONSUME_CHECK_CONSUMER) timestamp=9357 ms, used_size=6721536 bytes (16.4%)
(RDMA_READ_CONSUME_CHECK_CONSUMER) timestamp=9357 ms, used_size=6719488 bytes (16.4%)
(RDMA_READ_CONSUME_CHECK_CONSUMER) timestamp=9357 ms, used_size=6717440 bytes (16.4%)
(RDMA_READ_CONSUME_CHECK_CONSUMER) timestamp=9357 ms, used_size=6715392 bytes (16.4%)
(RDMA_READ_CONSUME_CHECK_CONSUMER) timestamp=9357 ms, used_size=6713344 bytes (16.4%)
(RDMA_READ_CONSUME_CHECK_CONSUMER) timestamp=9357 ms, used_size=6711296 bytes (16.4%)
(RDMA_READ_CONSUME_CHECK_CONSUMER) timestamp=9357 ms, used_size=6709248 bytes (16.4%)
(RDMA_READ_CONSUME_CHECK_CONSUMER) timestamp=9357 ms, used_size=6707200 bytes (16.4%)
(RDMA_READ_CONSUME_CHECK_CONSUMER) timestamp=9357 ms, used_size=6705152 bytes (16.4%)
(RDMA_READ_CONSUME_CHECK_CONSUMER) timestamp=9357 ms, used_size=6703104 bytes (16.4%)
(RDMA_READ_CONSUME_CHECK_CONSUMER) timestamp=9357 ms, used_size=6701056 bytes (16.4%)
(RDMA_READ_CONSUME_CHECK_CONSUMER) timestamp=9357 ms, used_size=6699008 bytes (16.4%)
(RDMA_READ_CONSUME_CHECK_CONSUMER) timestamp=9357 ms, used_size=6696960 bytes (16.4%)
(RDMA_READ_CONSUME_CHECK_CONSUMER) timestamp=9357 ms, used_size=6694912 bytes (16.3%)
(RDMA_READ_CONSUME_CHECK_CONSUMER) timestamp=9357 ms, used_size=6692864 bytes (16.3%)
(RDMA_READ_CONSUME_CHECK_CONSUMER) timestamp=9357 ms, used_size=6690816 bytes (16.3%)
(RDMA_READ_CONSUME_CHECK_CONSUMER) timestamp=9357 ms, used_size=6688768 bytes (16.3%)
(RDMA_READ_CONSUME_CHECK_CONSUMER) timestamp=9357 ms, used_size=6686720 bytes (16.3%)
(RDMA_READ_CONSUME_CHECK_CONSUMER) timestamp=9357 ms, used_size=6684672 bytes (16.3%)
(RDMA_READ_CONSUME_CHECK_CONSUMER) timestamp=9357 ms, used_size=6682624 bytes (16.3%)
(RDMA_READ_CONSUME_CHECK_CONSUMER) timestamp=9357 ms, used_size=6680576 bytes (16.3%)
(RDMA_READ_CONSUME_CHECK_CONSUMER) timestamp=9357 ms, used_size=6678528 bytes (16.3%)
(RDMA_READ_CONSUME_CHECK_CONSUMER) timestamp=9357 ms, used_size=6676480 bytes (16.3%)
(RDMA_READ_CONSUME_CHECK_CONSUMER) timestamp=9357 ms, used_size=6674432 bytes (16.3%)
(RDMA_READ_CONSUME_CHECK_CONSUMER) timestamp=9358 ms, used_size=6672384 bytes (16.3%)
(RDMA_READ_CONSUME_CHECK_CONSUMER) timestamp=9358 ms, used_size=6670336 bytes (16.3%)
(RDMA_READ_CONSUME_CHECK_CONSUMER) timestamp=9358 ms, used_size=6668288 bytes (16.3%)
(RDMA_READ_CONSUME_CHECK_CONSUMER) timestamp=9358 ms, used_size=6666240 bytes (16.3%)
(RDMA_READ_CONSUME_CHECK_CONSUMER) timestamp=9358 ms, used_size=6664192 bytes (16.3%)
(RDMA_READ_CONSUME_CHECK_CONSUMER) timestamp=9358 ms, used_size=6662144 bytes (16.3%)
(RDMA_READ_CONSUME_CHECK_CONSUMER) timestamp=9358 ms, used_size=6660096 bytes (16.3%)
(RDMA_READ_CONSUME_CHECK_CONSUMER) timestamp=9358 ms, used_size=6658048 bytes (16.3%)
(RDMA_READ_CONSUME_CHECK_CONSUMER) timestamp=9358 ms, used_size=6656000 bytes (16.2%)
(RDMA_READ_CONSUME_CHECK_CONSUMER) timestamp=9358 ms, used_size=6653952 bytes (16.2%)
(RDMA_READ_CONSUME_CHECK_CONSUMER) timestamp=9358 ms, used_size=6651904 bytes (16.2%)
(RDMA_READ_CONSUME_CHECK_CONSUMER) timestamp=9358 ms, used_size=6649856 bytes (16.2%)
(RDMA_READ_CONSUME_CHECK_CONSUMER) timestamp=9358 ms, used_size=6647808 bytes (16.2%)
(RDMA_READ_CONSUME_CHECK_CONSUMER) timestamp=9358 ms, used_size=6645760 bytes (16.2%)
(RDMA_READ_CONSUME_CHECK_CONSUMER) timestamp=9358 ms, used_size=6643712 bytes (16.2%)
(RDMA_READ_CONSUME_CHECK_CONSUMER) timestamp=9358 ms, used_size=6641664 bytes (16.2%)
(RDMA_READ_CONSUME_CHECK_CONSUMER) timestamp=9358 ms, used_size=6639616 bytes (16.2%)
(RDMA_READ_CONSUME_CHECK_CONSUMER) timestamp=9358 ms, used_size=6637568 bytes (16.2%)
(RDMA_READ_CONSUME_CHECK_CONSUMER) timestamp=9358 ms, used_size=6635520 bytes (16.2%)
(RDMA_READ_CONSUME_CHECK_CONSUMER) timestamp=9358 ms, used_size=6633472 bytes (16.2%)
(RDMA_READ_CONSUME_CHECK_CONSUMER) timestamp=9358 ms, used_size=6631424 bytes (16.2%)
(RDMA_READ_CONSUME_CHECK_CONSUMER) timestamp=9358 ms, used_size=6629376 bytes (16.2%)
(RDMA_READ_CONSUME_CHECK_CONSUMER) timestamp=9358 ms, used_size=6627328 bytes (16.2%)
(RDMA_READ_CONSUME_CHECK_CONSUMER) timestamp=9358 ms, used_size=6625280 bytes (16.2%)
(RDMA_READ_CONSUME_CHECK_CONSUMER) timestamp=9358 ms, used_size=6623232 bytes (16.2%)
(RDMA_READ_CONSUME_CHECK_CONSUMER) timestamp=9358 ms, used_size=6621184 bytes (16.2%)
(RDMA_READ_CONSUME_CHECK_CONSUMER) timestamp=9358 ms, used_size=6619136 bytes (16.2%)
(RDMA_READ_CONSUME_CHECK_CONSUMER) timestamp=9358 ms, used_size=6617088 bytes (16.2%)
(RDMA_READ_CONSUME_CHECK_CONSUMER) timestamp=9358 ms, used_size=6615040 bytes (16.1%)
(RDMA_READ_CONSUME_CHECK_CONSUMER) timestamp=9358 ms, used_size=6612992 bytes (16.1%)
(RDMA_READ_CONSUME_CHECK_CONSUMER) timestamp=9358 ms, used_size=6610944 bytes (16.1%)
(RDMA_READ_CONSUME_CHECK_CONSUMER) timestamp=9358 ms, used_size=6608896 bytes (16.1%)
(RDMA_READ_CONSUME_CHECK_CONSUMER) timestamp=9358 ms, used_size=6606848 bytes (16.1%)
(RDMA_READ_CONSUME_CHECK_CONSUMER) timestamp=9358 ms, used_size=6604800 bytes (16.1%)
(RDMA_READ_CONSUME_CHECK_CONSUMER) timestamp=9358 ms, used_size=6602752 bytes (16.1%)
(RDMA_READ_CONSUME_CHECK_CONSUMER) timestamp=9358 ms, used_size=6600704 bytes (16.1%)
(RDMA_READ_CONSUME_CHECK_CONSUMER) timestamp=9358 ms, used_size=6598656 bytes (16.1%)
(RDMA_READ_CONSUME_CHECK_CONSUMER) timestamp=9358 ms, used_size=6596608 bytes (16.1%)
(RDMA_READ_CONSUME_CHECK_CONSUMER) timestamp=9358 ms, used_size=6594560 bytes (16.1%)
(RDMA_READ_CONSUME_CHECK_CONSUMER) timestamp=9358 ms, used_size=6592512 bytes (16.1%)
(RDMA_READ_CONSUME_CHECK_CONSUMER) timestamp=9358 ms, used_size=6590464 bytes (16.1%)
(RDMA_READ_CONSUME_CHECK_CONSUMER) timestamp=9358 ms, used_size=6588416 bytes (16.1%)
(RDMA_READ_CONSUME_CHECK_CONSUMER) timestamp=9358 ms, used_size=6586368 bytes (16.1%)
(RDMA_READ_CONSUME_CHECK_CONSUMER) timestamp=9358 ms, used_size=6584320 bytes (16.1%)
(RDMA_READ_CONSUME_CHECK_CONSUMER) timestamp=9358 ms, used_size=6582272 bytes (16.1%)
(RDMA_READ_CONSUME_CHECK_CONSUMER) timestamp=9358 ms, used_size=6580224 bytes (16.1%)
(RDMA_READ_CONSUME_CHECK_CONSUMER) timestamp=9358 ms, used_size=6578176 bytes (16.1%)
(RDMA_READ_CONSUME_CHECK_CONSUMER) timestamp=9358 ms, used_size=6576128 bytes (16.1%)
(RDMA_READ_CONSUME_CHECK_CONSUMER) timestamp=9358 ms, used_size=6574080 bytes (16.1%)
(RDMA_READ_CONSUME_CHECK_CONSUMER) timestamp=9358 ms, used_size=6572032 bytes (16.0%)
(RDMA_READ_CONSUME_CHECK_CONSUMER) timestamp=9358 ms, used_size=6569984 bytes (16.0%)
(RDMA_READ_CONSUME_CHECK_CONSUMER) timestamp=9358 ms, used_size=6567936 bytes (16.0%)
(RDMA_READ_CONSUME_CHECK_CONSUMER) timestamp=9358 ms, used_size=6565888 bytes (16.0%)
(RDMA_READ_CONSUME_CHECK_CONSUMER) timestamp=9358 ms, used_size=6563840 bytes (16.0%)
(RDMA_READ_CONSUME_CHECK_CONSUMER) timestamp=9358 ms, used_size=6561792 bytes (16.0%)
(RDMA_READ_CONSUME_CHECK_CONSUMER) timestamp=9358 ms, used_size=6559744 bytes (16.0%)
(RDMA_READ_CONSUME_CHECK_CONSUMER) timestamp=9358 ms, used_size=6557696 bytes (16.0%)
(RDMA_READ_CONSUME_CHECK_CONSUMER) timestamp=9358 ms, used_size=6555648 bytes (16.0%)
(RDMA_READ_CONSUME_CHECK_CONSUMER) timestamp=9358 ms, used_size=6553600 bytes (16.0%)
(RDMA_READ_CONSUME_CHECK_CONSUMER) timestamp=9358 ms, used_size=6551552 bytes (16.0%)
(RDMA_READ_CONSUME_CHECK_CONSUMER) timestamp=9358 ms, used_size=6549504 bytes (16.0%)
(RDMA_READ_CONSUME_CHECK_CONSUMER) timestamp=9358 ms, used_size=6547456 bytes (16.0%)
(RDMA_READ_CONSUME_CHECK_CONSUMER) timestamp=9358 ms, used_size=6545408 bytes (16.0%)
(RDMA_READ_CONSUME_CHECK_CONSUMER) timestamp=9358 ms, used_size=6543360 bytes (16.0%)
(RDMA_READ_CONSUME_CHECK_CONSUMER) timestamp=9358 ms, used_size=6541312 bytes (16.0%)
(RDMA_READ_CONSUME_CHECK_CONSUMER) timestamp=9358 ms, used_size=6539264 bytes (16.0%)
(RDMA_READ_CONSUME_CHECK_CONSUMER) timestamp=9358 ms, used_size=6537216 bytes (16.0%)
(RDMA_READ_CONSUME_CHECK_CONSUMER) timestamp=9358 ms, used_size=6535168 bytes (16.0%)
(RDMA_READ_CONSUME_CHECK_CONSUMER) timestamp=9358 ms, used_size=6533120 bytes (15.9%)
(RDMA_READ_CONSUME_CHECK_CONSUMER) timestamp=9358 ms, used_size=6531072 bytes (15.9%)
(RDMA_READ_CONSUME_CHECK_CONSUMER) timestamp=9358 ms, used_size=6529024 bytes (15.9%)
(RDMA_READ_CONSUME_CHECK_CONSUMER) timestamp=9358 ms, used_size=6526976 bytes (15.9%)
(RDMA_READ_CONSUME_CHECK_CONSUMER) timestamp=9358 ms, used_size=6524928 bytes (15.9%)
(RDMA_READ_CONSUME_CHECK_CONSUMER) timestamp=9358 ms, used_size=6522880 bytes (15.9%)
(RDMA_READ_CONSUME_CHECK_CONSUMER) timestamp=9358 ms, used_size=6520832 bytes (15.9%)
(RDMA_READ_CONSUME_CHECK_CONSUMER) timestamp=9358 ms, used_size=6518784 bytes (15.9%)
(RDMA_READ_CONSUME_CHECK_CONSUMER) timestamp=9358 ms, used_size=6516736 bytes (15.9%)
(RDMA_READ_CONSUME_CHECK_CONSUMER) timestamp=9358 ms, used_size=6514688 bytes (15.9%)
(RDMA_READ_CONSUME_CHECK_CONSUMER) timestamp=9358 ms, used_size=6512640 bytes (15.9%)
(RDMA_READ_CONSUME_CHECK_CONSUMER) timestamp=9358 ms, used_size=6510592 bytes (15.9%)
(RDMA_READ_CONSUME_CHECK_CONSUMER) timestamp=9358 ms, used_size=6508544 bytes (15.9%)
(RDMA_READ_CONSUME_CHECK_CONSUMER) timestamp=9358 ms, used_size=6506496 bytes (15.9%)
(RDMA_READ_CONSUME_CHECK_CONSUMER) timestamp=9358 ms, used_size=6504448 bytes (15.9%)
(RDMA_READ_CONSUME_CHECK_CONSUMER) timestamp=9358 ms, used_size=6502400 bytes (15.9%)
(RDMA_READ_CONSUME_CHECK_CONSUMER) timestamp=9358 ms, used_size=6500352 bytes (15.9%)
(RDMA_READ_CONSUME_CHECK_CONSUMER) timestamp=9358 ms, used_size=6498304 bytes (15.9%)
(RDMA_READ_CONSUME_CHECK_CONSUMER) timestamp=9358 ms, used_size=6496256 bytes (15.9%)
(RDMA_READ_CONSUME_CHECK_CONSUMER) timestamp=9358 ms, used_size=6494208 bytes (15.9%)
(RDMA_READ_CONSUME_CHECK_CONSUMER) timestamp=9358 ms, used_size=6492160 bytes (15.8%)
(RDMA_READ_CONSUME_CHECK_CONSUMER) timestamp=9358 ms, used_size=6490112 bytes (15.8%)
(RDMA_READ_CONSUME_CHECK_CONSUMER) timestamp=9358 ms, used_size=6488064 bytes (15.8%)
(RDMA_READ_CONSUME_CHECK_CONSUMER) timestamp=9358 ms, used_size=6486016 bytes (15.8%)
(RDMA_READ_CONSUME_CHECK_CONSUMER) timestamp=9358 ms, used_size=6483968 bytes (15.8%)
(RDMA_READ_CONSUME_CHECK_CONSUMER) timestamp=9358 ms, used_size=6481920 bytes (15.8%)
(RDMA_READ_CONSUME_CHECK_CONSUMER) timestamp=9358 ms, used_size=6479872 bytes (15.8%)
(RDMA_READ_CONSUME_CHECK_CONSUMER) timestamp=9358 ms, used_size=6477824 bytes (15.8%)
(RDMA_READ_CONSUME_CHECK_CONSUMER) timestamp=9358 ms, used_size=6475776 bytes (15.8%)
(RDMA_READ_CONSUME_CHECK_CONSUMER) timestamp=9358 ms, used_size=6473728 bytes (15.8%)
(RDMA_READ_CONSUME_CHECK_CONSUMER) timestamp=9358 ms, used_size=6471680 bytes (15.8%)
(RDMA_READ_CONSUME_CHECK_CONSUMER) timestamp=9358 ms, used_size=6469632 bytes (15.8%)
(RDMA_READ_CONSUME_CHECK_CONSUMER) timestamp=9358 ms, used_size=6467584 bytes (15.8%)
(RDMA_READ_CONSUME_CHECK_CONSUMER) timestamp=9358 ms, used_size=6465536 bytes (15.8%)
(RDMA_READ_CONSUME_CHECK_CONSUMER) timestamp=9358 ms, used_size=6463488 bytes (15.8%)
(RDMA_READ_CONSUME_CHECK_CONSUMER) timestamp=9358 ms, used_size=6461440 bytes (15.8%)
(RDMA_READ_CONSUME_CHECK_CONSUMER) timestamp=9358 ms, used_size=6459392 bytes (15.8%)
(RDMA_READ_CONSUME_CHECK_CONSUMER) timestamp=9358 ms, used_size=6457344 bytes (15.8%)
(RDMA_READ_CONSUME_CHECK_CONSUMER) timestamp=9358 ms, used_size=6455296 bytes (15.8%)
(RDMA_READ_CONSUME_CHECK_CONSUMER) timestamp=9358 ms, used_size=6453248 bytes (15.8%)
(RDMA_READ_CONSUME_CHECK_CONSUMER) timestamp=9358 ms, used_size=6451200 bytes (15.8%)
(RDMA_READ_CONSUME_CHECK_CONSUMER) timestamp=9358 ms, used_size=6449152 bytes (15.7%)
(RDMA_READ_CONSUME_CHECK_CONSUMER) timestamp=9358 ms, used_size=6447104 bytes (15.7%)
(RDMA_READ_CONSUME_CHECK_CONSUMER) timestamp=9358 ms, used_size=6445056 bytes (15.7%)
(RDMA_READ_CONSUME_CHECK_CONSUMER) timestamp=9358 ms, used_size=6443008 bytes (15.7%)
(RDMA_READ_CONSUME_CHECK_CONSUMER) timestamp=9358 ms, used_size=6440960 bytes (15.7%)
(RDMA_READ_CONSUME_CHECK_CONSUMER) timestamp=9358 ms, used_size=6438912 bytes (15.7%)
(RDMA_READ_CONSUME_CHECK_CONSUMER) timestamp=9358 ms, used_size=6436864 bytes (15.7%)
(RDMA_READ_CONSUME_CHECK_CONSUMER) timestamp=9358 ms, used_size=6434816 bytes (15.7%)
(RDMA_READ_CONSUME_CHECK_CONSUMER) timestamp=9358 ms, used_size=6432768 bytes (15.7%)
(RDMA_READ_CONSUME_CHECK_CONSUMER) timestamp=9358 ms, used_size=6430720 bytes (15.7%)
(RDMA_READ_CONSUME_CHECK_CONSUMER) timestamp=9358 ms, used_size=6428672 bytes (15.7%)
(RDMA_READ_CONSUME_CHECK_CONSUMER) timestamp=9358 ms, used_size=6426624 bytes (15.7%)
(RDMA_READ_CONSUME_CHECK_CONSUMER) timestamp=9358 ms, used_size=6424576 bytes (15.7%)
(RDMA_READ_CONSUME_CHECK_CONSUMER) timestamp=9358 ms, used_size=6422528 bytes (15.7%)
(RDMA_READ_CONSUME_CHECK_CONSUMER) timestamp=9358 ms, used_size=6420480 bytes (15.7%)
(RDMA_READ_CONSUME_CHECK_CONSUMER) timestamp=9358 ms, used_size=6418432 bytes (15.7%)
(RDMA_READ_CONSUME_CHECK_CONSUMER) timestamp=9358 ms, used_size=6416384 bytes (15.7%)
(RDMA_READ_CONSUME_CHECK_CONSUMER) timestamp=9358 ms, used_size=6414336 bytes (15.7%)
(RDMA_READ_CONSUME_CHECK_CONSUMER) timestamp=9358 ms, used_size=6412288 bytes (15.7%)
(RDMA_READ_CONSUME_CHECK_CONSUMER) timestamp=9358 ms, used_size=6410240 bytes (15.7%)
(RDMA_READ_CONSUME_CHECK_CONSUMER) timestamp=9358 ms, used_size=6408192 bytes (15.6%)
(RDMA_READ_CONSUME_CHECK_CONSUMER) timestamp=9358 ms, used_size=6406144 bytes (15.6%)
(RDMA_READ_CONSUME_CHECK_CONSUMER) timestamp=9358 ms, used_size=6404096 bytes (15.6%)
(RDMA_READ_CONSUME_CHECK_CONSUMER) timestamp=9358 ms, used_size=6402048 bytes (15.6%)
(RDMA_READ_CONSUME_CHECK_CONSUMER) timestamp=9358 ms, used_size=6400000 bytes (15.6%)
(RDMA_READ_CONSUME_CHECK_CONSUMER) timestamp=9358 ms, used_size=6397952 bytes (15.6%)
(RDMA_READ_CONSUME_CHECK_CONSUMER) timestamp=9358 ms, used_size=6395904 bytes (15.6%)
(RDMA_READ_CONSUME_CHECK_CONSUMER) timestamp=9358 ms, used_size=6393856 bytes (15.6%)
(RDMA_READ_CONSUME_CHECK_CONSUMER) timestamp=9358 ms, used_size=6391808 bytes (15.6%)
(RDMA_READ_CONSUME_CHECK_CONSUMER) timestamp=9358 ms, used_size=6389760 bytes (15.6%)
(RDMA_READ_CONSUME_CHECK_CONSUMER) timestamp=9358 ms, used_size=6387712 bytes (15.6%)
(RDMA_READ_CONSUME_CHECK_CONSUMER) timestamp=9358 ms, used_size=6385664 bytes (15.6%)
(RDMA_READ_CONSUME_CHECK_CONSUMER) timestamp=9358 ms, used_size=6383616 bytes (15.6%)
(RDMA_READ_CONSUME_CHECK_CONSUMER) timestamp=9358 ms, used_size=6381568 bytes (15.6%)
(RDMA_READ_CONSUME_CHECK_CONSUMER) timestamp=9358 ms, used_size=6379520 bytes (15.6%)
(RDMA_READ_CONSUME_CHECK_CONSUMER) timestamp=9358 ms, used_size=6377472 bytes (15.6%)
(RDMA_READ_CONSUME_CHECK_CONSUMER) timestamp=9358 ms, used_size=6375424 bytes (15.6%)
(RDMA_READ_CONSUME_CHECK_CONSUMER) timestamp=9358 ms, used_size=6373376 bytes (15.6%)
(RDMA_READ_CONSUME_CHECK_CONSUMER) timestamp=9358 ms, used_size=6371328 bytes (15.6%)
(RDMA_READ_CONSUME_CHECK_CONSUMER) timestamp=9358 ms, used_size=6369280 bytes (15.6%)
(RDMA_READ_CONSUME_CHECK_CONSUMER) timestamp=9358 ms, used_size=6367232 bytes (15.5%)
(RDMA_READ_CONSUME_CHECK_CONSUMER) timestamp=9358 ms, used_size=6365184 bytes (15.5%)
(RDMA_READ_CONSUME_CHECK_CONSUMER) timestamp=9358 ms, used_size=6363136 bytes (15.5%)
(RDMA_READ_CONSUME_CHECK_CONSUMER) timestamp=9358 ms, used_size=6361088 bytes (15.5%)
(RDMA_READ_CONSUME_CHECK_CONSUMER) timestamp=9358 ms, used_size=6359040 bytes (15.5%)
(RDMA_READ_CONSUME_CHECK_CONSUMER) timestamp=9358 ms, used_size=6356992 bytes (15.5%)
(RDMA_READ_CONSUME_CHECK_CONSUMER) timestamp=9358 ms, used_size=6354944 bytes (15.5%)
(RDMA_READ_CONSUME_CHECK_CONSUMER) timestamp=9358 ms, used_size=6352896 bytes (15.5%)
(RDMA_READ_CONSUME_CHECK_CONSUMER) timestamp=9358 ms, used_size=6350848 bytes (15.5%)
(RDMA_READ_CONSUME_CHECK_CONSUMER) timestamp=9358 ms, used_size=6348800 bytes (15.5%)
(RDMA_READ_CONSUME_CHECK_CONSUMER) timestamp=9358 ms, used_size=6346752 bytes (15.5%)
(RDMA_READ_CONSUME_CHECK_CONSUMER) timestamp=9358 ms, used_size=6344704 bytes (15.5%)
(RDMA_READ_CONSUME_CHECK_CONSUMER) timestamp=9358 ms, used_size=6342656 bytes (15.5%)
(RDMA_READ_CONSUME_CHECK_CONSUMER) timestamp=9358 ms, used_size=6340608 bytes (15.5%)
(RDMA_READ_CONSUME_CHECK_CONSUMER) timestamp=9358 ms, used_size=6338560 bytes (15.5%)
(RDMA_READ_CONSUME_CHECK_CONSUMER) timestamp=9358 ms, used_size=6336512 bytes (15.5%)
(RDMA_READ_CONSUME_CHECK_CONSUMER) timestamp=9358 ms, used_size=6334464 bytes (15.5%)
(RDMA_READ_CONSUME_CHECK_CONSUMER) timestamp=9358 ms, used_size=6332416 bytes (15.5%)
(RDMA_READ_CONSUME_CHECK_CONSUMER) timestamp=9358 ms, used_size=6330368 bytes (15.5%)
(RDMA_READ_CONSUME_CHECK_CONSUMER) timestamp=9358 ms, used_size=6328320 bytes (15.4%)
(RDMA_READ_CONSUME_CHECK_CONSUMER) timestamp=9358 ms, used_size=6326272 bytes (15.4%)
(RDMA_READ_CONSUME_CHECK_CONSUMER) timestamp=9358 ms, used_size=6324224 bytes (15.4%)
(RDMA_READ_CONSUME_CHECK_CONSUMER) timestamp=9358 ms, used_size=6322176 bytes (15.4%)
(RDMA_READ_CONSUME_CHECK_CONSUMER) timestamp=9358 ms, used_size=6320128 bytes (15.4%)
(RDMA_READ_CONSUME_CHECK_CONSUMER) timestamp=9358 ms, used_size=6318080 bytes (15.4%)
(RDMA_READ_CONSUME_CHECK_CONSUMER) timestamp=9358 ms, used_size=6316032 bytes (15.4%)
(RDMA_READ_CONSUME_CHECK_CONSUMER) timestamp=9358 ms, used_size=6313984 bytes (15.4%)
(RDMA_READ_CONSUME_CHECK_CONSUMER) timestamp=9358 ms, used_size=6311936 bytes (15.4%)
(RDMA_READ_CONSUME_CHECK_CONSUMER) timestamp=9358 ms, used_size=6309888 bytes (15.4%)
(RDMA_READ_CONSUME_CHECK_CONSUMER) timestamp=9358 ms, used_size=6307840 bytes (15.4%)
(RDMA_READ_CONSUME_CHECK_CONSUMER) timestamp=9359 ms, used_size=6305792 bytes (15.4%)
(RDMA_READ_CONSUME_CHECK_CONSUMER) timestamp=9359 ms, used_size=6303744 bytes (15.4%)
(RDMA_READ_CONSUME_CHECK_CONSUMER) timestamp=9359 ms, used_size=6301696 bytes (15.4%)
(RDMA_READ_CONSUME_CHECK_CONSUMER) timestamp=9359 ms, used_size=6299648 bytes (15.4%)
(RDMA_READ_CONSUME_CHECK_CONSUMER) timestamp=9359 ms, used_size=6297600 bytes (15.4%)
(RDMA_READ_CONSUME_CHECK_CONSUMER) timestamp=9359 ms, used_size=6295552 bytes (15.4%)
(RDMA_READ_CONSUME_CHECK_CONSUMER) timestamp=9359 ms, used_size=6293504 bytes (15.4%)
(RDMA_READ_CONSUME_CHECK_CONSUMER) timestamp=9359 ms, used_size=6291456 bytes (15.4%)
(RDMA_READ_CONSUME_CHECK_CONSUMER) timestamp=9359 ms, used_size=6289408 bytes (15.4%)
(RDMA_READ_CONSUME_CHECK_CONSUMER) timestamp=9359 ms, used_size=6287360 bytes (15.3%)
(RDMA_READ_CONSUME_CHECK_CONSUMER) timestamp=9359 ms, used_size=6285312 bytes (15.3%)
(RDMA_READ_CONSUME_CHECK_CONSUMER) timestamp=9359 ms, used_size=6283264 bytes (15.3%)
(RDMA_READ_CONSUME_CHECK_CONSUMER) timestamp=9359 ms, used_size=6281216 bytes (15.3%)
(RDMA_READ_CONSUME_CHECK_CONSUMER) timestamp=9359 ms, used_size=6279168 bytes (15.3%)
(RDMA_READ_CONSUME_CHECK_CONSUMER) timestamp=9359 ms, used_size=6277120 bytes (15.3%)
(RDMA_READ_CONSUME_CHECK_CONSUMER) timestamp=9359 ms, used_size=6275072 bytes (15.3%)
(RDMA_READ_CONSUME_CHECK_CONSUMER) timestamp=9359 ms, used_size=6273024 bytes (15.3%)
(RDMA_READ_CONSUME_CHECK_CONSUMER) timestamp=9359 ms, used_size=6270976 bytes (15.3%)
(RDMA_READ_CONSUME_CHECK_CONSUMER) timestamp=9359 ms, used_size=6268928 bytes (15.3%)
(RDMA_READ_CONSUME_CHECK_CONSUMER) timestamp=9359 ms, used_size=6266880 bytes (15.3%)
(RDMA_READ_CONSUME_CHECK_CONSUMER) timestamp=9359 ms, used_size=6264832 bytes (15.3%)
(RDMA_READ_CONSUME_CHECK_CONSUMER) timestamp=9359 ms, used_size=6262784 bytes (15.3%)
(RDMA_READ_CONSUME_CHECK_CONSUMER) timestamp=9359 ms, used_size=6260736 bytes (15.3%)
(RDMA_READ_CONSUME_CHECK_CONSUMER) timestamp=9359 ms, used_size=6258688 bytes (15.3%)
(RDMA_READ_CONSUME_CHECK_CONSUMER) timestamp=9359 ms, used_size=6256640 bytes (15.3%)
(RDMA_READ_CONSUME_CHECK_CONSUMER) timestamp=9359 ms, used_size=6254592 bytes (15.3%)
(RDMA_READ_CONSUME_CHECK_CONSUMER) timestamp=9359 ms, used_size=6252544 bytes (15.3%)
(RDMA_READ_CONSUME_CHECK_CONSUMER) timestamp=9359 ms, used_size=6250496 bytes (15.3%)
(RDMA_READ_CONSUME_CHECK_CONSUMER) timestamp=9359 ms, used_size=6248448 bytes (15.3%)
(RDMA_READ_CONSUME_CHECK_CONSUMER) timestamp=9359 ms, used_size=6246400 bytes (15.2%)
(RDMA_READ_CONSUME_CHECK_CONSUMER) timestamp=9359 ms, used_size=6244352 bytes (15.2%)
(RDMA_READ_CONSUME_CHECK_CONSUMER) timestamp=9359 ms, used_size=6242304 bytes (15.2%)
(RDMA_READ_CONSUME_CHECK_CONSUMER) timestamp=9359 ms, used_size=6240256 bytes (15.2%)
(RDMA_READ_CONSUME_CHECK_CONSUMER) timestamp=9359 ms, used_size=6238208 bytes (15.2%)
(RDMA_READ_CONSUME_CHECK_CONSUMER) timestamp=9359 ms, used_size=6236160 bytes (15.2%)
(RDMA_READ_CONSUME_CHECK_CONSUMER) timestamp=9359 ms, used_size=6234112 bytes (15.2%)
(RDMA_READ_CONSUME_CHECK_CONSUMER) timestamp=9359 ms, used_size=6232064 bytes (15.2%)
(RDMA_READ_CONSUME_CHECK_CONSUMER) timestamp=9359 ms, used_size=6230016 bytes (15.2%)
(RDMA_READ_CONSUME_CHECK_CONSUMER) timestamp=9359 ms, used_size=6227968 bytes (15.2%)
(RDMA_READ_CONSUME_CHECK_CONSUMER) timestamp=9359 ms, used_size=6225920 bytes (15.2%)
(RDMA_READ_CONSUME_CHECK_CONSUMER) timestamp=9359 ms, used_size=6223872 bytes (15.2%)
(RDMA_READ_CONSUME_CHECK_CONSUMER) timestamp=9359 ms, used_size=6221824 bytes (15.2%)
(RDMA_READ_CONSUME_CHECK_CONSUMER) timestamp=9359 ms, used_size=6219776 bytes (15.2%)
(RDMA_READ_CONSUME_CHECK_CONSUMER) timestamp=9359 ms, used_size=6217728 bytes (15.2%)
(RDMA_READ_CONSUME_CHECK_CONSUMER) timestamp=9359 ms, used_size=6215680 bytes (15.2%)
(RDMA_READ_CONSUME_CHECK_CONSUMER) timestamp=9359 ms, used_size=6213632 bytes (15.2%)
(RDMA_READ_CONSUME_CHECK_CONSUMER) timestamp=9359 ms, used_size=6211584 bytes (15.2%)
(RDMA_READ_CONSUME_CHECK_CONSUMER) timestamp=9359 ms, used_size=6209536 bytes (15.2%)
(RDMA_READ_CONSUME_CHECK_CONSUMER) timestamp=9359 ms, used_size=6207488 bytes (15.2%)
(RDMA_READ_CONSUME_CHECK_CONSUMER) timestamp=9359 ms, used_size=6205440 bytes (15.2%)
(RDMA_READ_CONSUME_CHECK_CONSUMER) timestamp=9359 ms, used_size=6203392 bytes (15.1%)
(RDMA_READ_CONSUME_CHECK_CONSUMER) timestamp=9359 ms, used_size=6201344 bytes (15.1%)
(RDMA_READ_CONSUME_CHECK_CONSUMER) timestamp=9359 ms, used_size=6199296 bytes (15.1%)
(RDMA_READ_CONSUME_CHECK_CONSUMER) timestamp=9359 ms, used_size=6197248 bytes (15.1%)
(RDMA_READ_CONSUME_CHECK_CONSUMER) timestamp=9359 ms, used_size=6195200 bytes (15.1%)
(RDMA_READ_CONSUME_CHECK_CONSUMER) timestamp=9359 ms, used_size=6193152 bytes (15.1%)
(RDMA_READ_CONSUME_CHECK_CONSUMER) timestamp=9359 ms, used_size=6191104 bytes (15.1%)
(RDMA_READ_CONSUME_CHECK_CONSUMER) timestamp=9359 ms, used_size=6189056 bytes (15.1%)
(RDMA_READ_CONSUME_CHECK_CONSUMER) timestamp=9359 ms, used_size=6187008 bytes (15.1%)
(RDMA_READ_CONSUME_CHECK_CONSUMER) timestamp=9359 ms, used_size=6184960 bytes (15.1%)
(RDMA_READ_CONSUME_CHECK_CONSUMER) timestamp=9359 ms, used_size=6182912 bytes (15.1%)
(RDMA_READ_CONSUME_CHECK_CONSUMER) timestamp=9359 ms, used_size=6180864 bytes (15.1%)
(RDMA_READ_CONSUME_CHECK_CONSUMER) timestamp=9359 ms, used_size=6178816 bytes (15.1%)
(RDMA_READ_CONSUME_CHECK_CONSUMER) timestamp=9359 ms, used_size=6176768 bytes (15.1%)
(RDMA_READ_CONSUME_CHECK_CONSUMER) timestamp=9359 ms, used_size=6174720 bytes (15.1%)
(RDMA_READ_CONSUME_CHECK_CONSUMER) timestamp=9359 ms, used_size=6172672 bytes (15.1%)
(RDMA_READ_CONSUME_CHECK_CONSUMER) timestamp=9359 ms, used_size=6170624 bytes (15.1%)
(RDMA_READ_CONSUME_CHECK_CONSUMER) timestamp=9359 ms, used_size=6168576 bytes (15.1%)
(RDMA_READ_CONSUME_CHECK_CONSUMER) timestamp=9359 ms, used_size=6166528 bytes (15.1%)
(RDMA_READ_CONSUME_CHECK_CONSUMER) timestamp=9359 ms, used_size=6164480 bytes (15.1%)
(RDMA_READ_CONSUME_CHECK_CONSUMER) timestamp=9359 ms, used_size=6162432 bytes (15.0%)
(RDMA_READ_CONSUME_CHECK_CONSUMER) timestamp=9359 ms, used_size=6160384 bytes (15.0%)
(RDMA_READ_CONSUME_CHECK_CONSUMER) timestamp=9359 ms, used_size=6158336 bytes (15.0%)
(RDMA_READ_CONSUME_CHECK_CONSUMER) timestamp=9359 ms, used_size=6156288 bytes (15.0%)
(RDMA_READ_CONSUME_CHECK_CONSUMER) timestamp=9359 ms, used_size=6154240 bytes (15.0%)
(RDMA_READ_CONSUME_CHECK_CONSUMER) timestamp=9359 ms, used_size=6152192 bytes (15.0%)
(RDMA_READ_CONSUME_CHECK_CONSUMER) timestamp=9359 ms, used_size=6150144 bytes (15.0%)
(RDMA_READ_CONSUME_CHECK_CONSUMER) timestamp=9359 ms, used_size=6148096 bytes (15.0%)
(RDMA_READ_CONSUME_CHECK_CONSUMER) timestamp=9359 ms, used_size=6146048 bytes (15.0%)
(RDMA_READ_CONSUME_CHECK_CONSUMER) timestamp=9359 ms, used_size=6144000 bytes (15.0%)
(RDMA_READ_CONSUME_CHECK_CONSUMER) timestamp=9359 ms, used_size=6141952 bytes (15.0%)
(RDMA_READ_CONSUME_CHECK_CONSUMER) timestamp=9359 ms, used_size=6139904 bytes (15.0%)
(RDMA_READ_CONSUME_CHECK_CONSUMER) timestamp=9359 ms, used_size=6137856 bytes (15.0%)
(RDMA_READ_CONSUME_CHECK_CONSUMER) timestamp=9359 ms, used_size=6135808 bytes (15.0%)
(RDMA_READ_CONSUME_CHECK_CONSUMER) timestamp=9359 ms, used_size=6133760 bytes (15.0%)
(RDMA_READ_CONSUME_CHECK_CONSUMER) timestamp=9359 ms, used_size=6131712 bytes (15.0%)
(RDMA_READ_CONSUME_CHECK_CONSUMER) timestamp=9359 ms, used_size=6129664 bytes (15.0%)
(RDMA_READ_CONSUME_CHECK_CONSUMER) timestamp=9359 ms, used_size=6127616 bytes (15.0%)
(RDMA_READ_CONSUME_CHECK_CONSUMER) timestamp=9359 ms, used_size=6125568 bytes (15.0%)
(RDMA_READ_CONSUME_CHECK_CONSUMER) timestamp=9359 ms, used_size=6123520 bytes (14.9%)
(RDMA_READ_CONSUME_CHECK_CONSUMER) timestamp=9359 ms, used_size=6121472 bytes (14.9%)
(RDMA_READ_CONSUME_CHECK_CONSUMER) timestamp=9359 ms, used_size=6119424 bytes (14.9%)
(RDMA_READ_CONSUME_CHECK_CONSUMER) timestamp=9359 ms, used_size=6117376 bytes (14.9%)
(RDMA_READ_CONSUME_CHECK_CONSUMER) timestamp=9359 ms, used_size=6115328 bytes (14.9%)
(RDMA_READ_CONSUME_CHECK_CONSUMER) timestamp=9359 ms, used_size=6113280 bytes (14.9%)
(RDMA_READ_CONSUME_CHECK_CONSUMER) timestamp=9359 ms, used_size=6111232 bytes (14.9%)
(RDMA_READ_CONSUME_CHECK_CONSUMER) timestamp=9359 ms, used_size=6109184 bytes (14.9%)
(RDMA_READ_CONSUME_CHECK_CONSUMER) timestamp=9359 ms, used_size=6107136 bytes (14.9%)
(RDMA_READ_CONSUME_CHECK_CONSUMER) timestamp=9359 ms, used_size=6105088 bytes (14.9%)
(RDMA_READ_CONSUME_CHECK_CONSUMER) timestamp=9359 ms, used_size=6103040 bytes (14.9%)
(RDMA_READ_CONSUME_CHECK_CONSUMER) timestamp=9359 ms, used_size=6100992 bytes (14.9%)
(RDMA_READ_CONSUME_CHECK_CONSUMER) timestamp=9359 ms, used_size=6098944 bytes (14.9%)
(RDMA_READ_CONSUME_CHECK_CONSUMER) timestamp=9359 ms, used_size=6096896 bytes (14.9%)
(RDMA_READ_CONSUME_CHECK_CONSUMER) timestamp=9359 ms, used_size=6094848 bytes (14.9%)
(RDMA_READ_CONSUME_CHECK_CONSUMER) timestamp=9359 ms, used_size=6092800 bytes (14.9%)
(RDMA_READ_CONSUME_CHECK_CONSUMER) timestamp=9359 ms, used_size=6090752 bytes (14.9%)
(RDMA_READ_CONSUME_CHECK_CONSUMER) timestamp=9359 ms, used_size=6088704 bytes (14.9%)
(RDMA_READ_CONSUME_CHECK_CONSUMER) timestamp=9359 ms, used_size=6086656 bytes (14.9%)
(RDMA_READ_CONSUME_CHECK_CONSUMER) timestamp=9359 ms, used_size=6084608 bytes (14.9%)
(RDMA_READ_CONSUME_CHECK_CONSUMER) timestamp=9359 ms, used_size=6082560 bytes (14.8%)
(RDMA_READ_CONSUME_CHECK_CONSUMER) timestamp=9359 ms, used_size=6080512 bytes (14.8%)
(RDMA_READ_CONSUME_CHECK_CONSUMER) timestamp=9359 ms, used_size=6078464 bytes (14.8%)
(RDMA_READ_CONSUME_CHECK_CONSUMER) timestamp=9359 ms, used_size=6076416 bytes (14.8%)
(RDMA_READ_CONSUME_CHECK_CONSUMER) timestamp=9359 ms, used_size=6074368 bytes (14.8%)
(RDMA_READ_CONSUME_CHECK_CONSUMER) timestamp=9359 ms, used_size=6072320 bytes (14.8%)
(RDMA_READ_CONSUME_CHECK_CONSUMER) timestamp=9359 ms, used_size=6070272 bytes (14.8%)
(RDMA_READ_CONSUME_CHECK_CONSUMER) timestamp=9359 ms, used_size=6068224 bytes (14.8%)
(RDMA_READ_CONSUME_CHECK_CONSUMER) timestamp=9359 ms, used_size=6066176 bytes (14.8%)
(RDMA_READ_CONSUME_CHECK_CONSUMER) timestamp=9359 ms, used_size=6064128 bytes (14.8%)
(RDMA_READ_CONSUME_CHECK_CONSUMER) timestamp=9359 ms, used_size=6062080 bytes (14.8%)
(RDMA_READ_CONSUME_CHECK_CONSUMER) timestamp=9359 ms, used_size=6060032 bytes (14.8%)
(RDMA_READ_CONSUME_CHECK_CONSUMER) timestamp=9359 ms, used_size=6057984 bytes (14.8%)
(RDMA_READ_CONSUME_CHECK_CONSUMER) timestamp=9359 ms, used_size=6055936 bytes (14.8%)
(RDMA_READ_CONSUME_CHECK_CONSUMER) timestamp=9359 ms, used_size=6053888 bytes (14.8%)
(RDMA_READ_CONSUME_CHECK_CONSUMER) timestamp=9359 ms, used_size=6051840 bytes (14.8%)
(RDMA_READ_CONSUME_CHECK_CONSUMER) timestamp=9359 ms, used_size=6049792 bytes (14.8%)
(RDMA_READ_CONSUME_CHECK_CONSUMER) timestamp=9359 ms, used_size=6047744 bytes (14.8%)
(RDMA_READ_CONSUME_CHECK_CONSUMER) timestamp=9359 ms, used_size=6045696 bytes (14.8%)
(RDMA_READ_CONSUME_CHECK_CONSUMER) timestamp=9359 ms, used_size=6043648 bytes (14.8%)
(RDMA_READ_CONSUME_CHECK_CONSUMER) timestamp=9359 ms, used_size=6041600 bytes (14.8%)
(RDMA_READ_CONSUME_CHECK_CONSUMER) timestamp=9359 ms, used_size=6039552 bytes (14.7%)
(RDMA_READ_CONSUME_CHECK_CONSUMER) timestamp=9359 ms, used_size=6037504 bytes (14.7%)
(RDMA_READ_CONSUME_CHECK_CONSUMER) timestamp=9359 ms, used_size=6035456 bytes (14.7%)
(RDMA_READ_CONSUME_CHECK_CONSUMER) timestamp=9359 ms, used_size=6033408 bytes (14.7%)
(RDMA_READ_CONSUME_CHECK_CONSUMER) timestamp=9359 ms, used_size=6031360 bytes (14.7%)
(RDMA_READ_CONSUME_CHECK_CONSUMER) timestamp=9359 ms, used_size=6029312 bytes (14.7%)
(RDMA_READ_CONSUME_CHECK_CONSUMER) timestamp=9359 ms, used_size=6027264 bytes (14.7%)
(RDMA_READ_CONSUME_CHECK_CONSUMER) timestamp=9359 ms, used_size=6025216 bytes (14.7%)
(RDMA_READ_CONSUME_CHECK_CONSUMER) timestamp=9359 ms, used_size=6023168 bytes (14.7%)
(RDMA_READ_CONSUME_CHECK_CONSUMER) timestamp=9359 ms, used_size=6021120 bytes (14.7%)
(RDMA_READ_CONSUME_CHECK_CONSUMER) timestamp=9359 ms, used_size=6019072 bytes (14.7%)
(RDMA_READ_CONSUME_CHECK_CONSUMER) timestamp=9359 ms, used_size=6017024 bytes (14.7%)
(RDMA_READ_CONSUME_CHECK_CONSUMER) timestamp=9359 ms, used_size=6014976 bytes (14.7%)
(RDMA_READ_CONSUME_CHECK_CONSUMER) timestamp=9359 ms, used_size=6012928 bytes (14.7%)
(RDMA_READ_CONSUME_CHECK_CONSUMER) timestamp=9359 ms, used_size=6010880 bytes (14.7%)
(RDMA_READ_CONSUME_CHECK_CONSUMER) timestamp=9359 ms, used_size=6008832 bytes (14.7%)
(RDMA_READ_CONSUME_CHECK_CONSUMER) timestamp=9359 ms, used_size=6006784 bytes (14.7%)
(RDMA_READ_CONSUME_CHECK_CONSUMER) timestamp=9359 ms, used_size=6004736 bytes (14.7%)
(RDMA_READ_CONSUME_CHECK_CONSUMER) timestamp=9359 ms, used_size=6002688 bytes (14.7%)
(RDMA_READ_CONSUME_CHECK_CONSUMER) timestamp=9359 ms, used_size=6000640 bytes (14.7%)
(RDMA_READ_CONSUME_CHECK_CONSUMER) timestamp=9359 ms, used_size=5998592 bytes (14.6%)
(RDMA_READ_CONSUME_CHECK_CONSUMER) timestamp=9359 ms, used_size=5996544 bytes (14.6%)
(RDMA_READ_CONSUME_CHECK_CONSUMER) timestamp=9359 ms, used_size=5994496 bytes (14.6%)
(RDMA_READ_CONSUME_CHECK_CONSUMER) timestamp=9359 ms, used_size=5992448 bytes (14.6%)
(RDMA_READ_CONSUME_CHECK_CONSUMER) timestamp=9359 ms, used_size=5990400 bytes (14.6%)
(RDMA_READ_CONSUME_CHECK_CONSUMER) timestamp=9359 ms, used_size=5988352 bytes (14.6%)
(RDMA_READ_CONSUME_CHECK_CONSUMER) timestamp=9359 ms, used_size=5986304 bytes (14.6%)
(RDMA_READ_CONSUME_CHECK_CONSUMER) timestamp=9359 ms, used_size=5984256 bytes (14.6%)
(RDMA_READ_CONSUME_CHECK_CONSUMER) timestamp=9359 ms, used_size=5982208 bytes (14.6%)
(RDMA_READ_CONSUME_CHECK_CONSUMER) timestamp=9359 ms, used_size=5980160 bytes (14.6%)
(RDMA_READ_CONSUME_CHECK_CONSUMER) timestamp=9359 ms, used_size=5978112 bytes (14.6%)
(RDMA_READ_CONSUME_CHECK_CONSUMER) timestamp=9359 ms, used_size=5976064 bytes (14.6%)
(RDMA_READ_CONSUME_CHECK_CONSUMER) timestamp=9359 ms, used_size=5974016 bytes (14.6%)
(RDMA_READ_CONSUME_CHECK_CONSUMER) timestamp=9359 ms, used_size=5971968 bytes (14.6%)
(RDMA_READ_CONSUME_CHECK_CONSUMER) timestamp=9359 ms, used_size=5969920 bytes (14.6%)
(RDMA_READ_CONSUME_CHECK_CONSUMER) timestamp=9359 ms, used_size=5967872 bytes (14.6%)
(RDMA_READ_CONSUME_CHECK_CONSUMER) timestamp=9359 ms, used_size=5965824 bytes (14.6%)
(RDMA_READ_CONSUME_CHECK_CONSUMER) timestamp=9359 ms, used_size=5963776 bytes (14.6%)
(RDMA_READ_CONSUME_CHECK_CONSUMER) timestamp=9359 ms, used_size=5961728 bytes (14.6%)
(RDMA_READ_CONSUME_CHECK_CONSUMER) timestamp=9359 ms, used_size=5959680 bytes (14.6%)
(RDMA_READ_CONSUME_CHECK_CONSUMER) timestamp=9359 ms, used_size=5957632 bytes (14.5%)
(RDMA_READ_CONSUME_CHECK_CONSUMER) timestamp=9359 ms, used_size=5955584 bytes (14.5%)
(RDMA_READ_CONSUME_CHECK_CONSUMER) timestamp=9359 ms, used_size=5953536 bytes (14.5%)
(RDMA_READ_CONSUME_CHECK_CONSUMER) timestamp=9359 ms, used_size=5951488 bytes (14.5%)
(RDMA_READ_CONSUME_CHECK_CONSUMER) timestamp=9359 ms, used_size=5949440 bytes (14.5%)
(RDMA_READ_CONSUME_CHECK_CONSUMER) timestamp=9359 ms, used_size=5947392 bytes (14.5%)
(RDMA_READ_CONSUME_CHECK_CONSUMER) timestamp=9359 ms, used_size=5945344 bytes (14.5%)
(RDMA_READ_CONSUME_CHECK_CONSUMER) timestamp=9359 ms, used_size=5943296 bytes (14.5%)
(RDMA_READ_CONSUME_CHECK_CONSUMER) timestamp=9359 ms, used_size=5941248 bytes (14.5%)
(RDMA_READ_CONSUME_CHECK_CONSUMER) timestamp=9359 ms, used_size=5939200 bytes (14.5%)
(RDMA_READ_CONSUME_CHECK_CONSUMER) timestamp=9360 ms, used_size=5937152 bytes (14.5%)
(RDMA_READ_CONSUME_CHECK_CONSUMER) timestamp=9360 ms, used_size=5935104 bytes (14.5%)
(RDMA_READ_CONSUME_CHECK_CONSUMER) timestamp=9360 ms, used_size=5933056 bytes (14.5%)
(RDMA_READ_CONSUME_CHECK_CONSUMER) timestamp=9360 ms, used_size=5931008 bytes (14.5%)
(RDMA_READ_CONSUME_CHECK_CONSUMER) timestamp=9360 ms, used_size=5928960 bytes (14.5%)
(RDMA_READ_CONSUME_CHECK_CONSUMER) timestamp=9360 ms, used_size=5926912 bytes (14.5%)
(RDMA_READ_CONSUME_CHECK_CONSUMER) timestamp=9360 ms, used_size=5924864 bytes (14.5%)
(RDMA_READ_CONSUME_CHECK_CONSUMER) timestamp=9360 ms, used_size=5922816 bytes (14.5%)
(RDMA_READ_CONSUME_CHECK_CONSUMER) timestamp=9360 ms, used_size=5920768 bytes (14.5%)
(RDMA_READ_CONSUME_CHECK_CONSUMER) timestamp=9360 ms, used_size=5918720 bytes (14.4%)
(RDMA_READ_CONSUME_CHECK_CONSUMER) timestamp=9360 ms, used_size=5916672 bytes (14.4%)
(RDMA_READ_CONSUME_CHECK_CONSUMER) timestamp=9360 ms, used_size=5914624 bytes (14.4%)
(RDMA_READ_CONSUME_CHECK_CONSUMER) timestamp=9360 ms, used_size=5912576 bytes (14.4%)
(RDMA_READ_CONSUME_CHECK_CONSUMER) timestamp=9360 ms, used_size=5910528 bytes (14.4%)
(RDMA_READ_CONSUME_CHECK_CONSUMER) timestamp=9360 ms, used_size=5908480 bytes (14.4%)
(RDMA_READ_CONSUME_CHECK_CONSUMER) timestamp=9360 ms, used_size=5906432 bytes (14.4%)
(RDMA_READ_CONSUME_CHECK_CONSUMER) timestamp=9360 ms, used_size=5904384 bytes (14.4%)
(RDMA_READ_CONSUME_CHECK_CONSUMER) timestamp=9360 ms, used_size=5902336 bytes (14.4%)
(RDMA_READ_CONSUME_CHECK_CONSUMER) timestamp=9360 ms, used_size=5900288 bytes (14.4%)
(RDMA_READ_CONSUME_CHECK_CONSUMER) timestamp=9360 ms, used_size=5898240 bytes (14.4%)
(RDMA_READ_CONSUME_CHECK_CONSUMER) timestamp=9360 ms, used_size=5896192 bytes (14.4%)
(RDMA_READ_CONSUME_CHECK_CONSUMER) timestamp=9360 ms, used_size=5894144 bytes (14.4%)
(RDMA_READ_CONSUME_CHECK_CONSUMER) timestamp=9360 ms, used_size=5892096 bytes (14.4%)
(RDMA_READ_CONSUME_CHECK_CONSUMER) timestamp=9360 ms, used_size=5890048 bytes (14.4%)
(RDMA_READ_CONSUME_CHECK_CONSUMER) timestamp=9360 ms, used_size=5888000 bytes (14.4%)
(RDMA_READ_CONSUME_CHECK_CONSUMER) timestamp=9360 ms, used_size=5885952 bytes (14.4%)
(RDMA_READ_CONSUME_CHECK_CONSUMER) timestamp=9360 ms, used_size=5883904 bytes (14.4%)
(RDMA_READ_CONSUME_CHECK_CONSUMER) timestamp=9360 ms, used_size=5881856 bytes (14.4%)
(RDMA_READ_CONSUME_CHECK_CONSUMER) timestamp=9360 ms, used_size=5879808 bytes (14.4%)
(RDMA_READ_CONSUME_CHECK_CONSUMER) timestamp=9360 ms, used_size=5877760 bytes (14.3%)
(RDMA_READ_CONSUME_CHECK_CONSUMER) timestamp=9360 ms, used_size=5875712 bytes (14.3%)
(RDMA_READ_CONSUME_CHECK_CONSUMER) timestamp=9360 ms, used_size=5873664 bytes (14.3%)
(RDMA_READ_CONSUME_CHECK_CONSUMER) timestamp=9360 ms, used_size=5871616 bytes (14.3%)
(RDMA_READ_CONSUME_CHECK_CONSUMER) timestamp=9360 ms, used_size=5869568 bytes (14.3%)
(RDMA_READ_CONSUME_CHECK_CONSUMER) timestamp=9360 ms, used_size=5867520 bytes (14.3%)
(RDMA_READ_CONSUME_CHECK_CONSUMER) timestamp=9360 ms, used_size=5865472 bytes (14.3%)
(RDMA_READ_CONSUME_CHECK_CONSUMER) timestamp=9360 ms, used_size=5863424 bytes (14.3%)
(RDMA_READ_CONSUME_CHECK_CONSUMER) timestamp=9360 ms, used_size=5861376 bytes (14.3%)
(RDMA_READ_CONSUME_CHECK_CONSUMER) timestamp=9360 ms, used_size=5859328 bytes (14.3%)
(RDMA_READ_CONSUME_CHECK_CONSUMER) timestamp=9360 ms, used_size=5857280 bytes (14.3%)
(RDMA_READ_CONSUME_CHECK_CONSUMER) timestamp=9360 ms, used_size=5855232 bytes (14.3%)
(RDMA_READ_CONSUME_CHECK_CONSUMER) timestamp=9360 ms, used_size=5853184 bytes (14.3%)
(RDMA_READ_CONSUME_CHECK_CONSUMER) timestamp=9360 ms, used_size=5851136 bytes (14.3%)
(RDMA_READ_CONSUME_CHECK_CONSUMER) timestamp=9360 ms, used_size=5849088 bytes (14.3%)
(RDMA_READ_CONSUME_CHECK_CONSUMER) timestamp=9360 ms, used_size=5847040 bytes (14.3%)
(RDMA_READ_CONSUME_CHECK_CONSUMER) timestamp=9360 ms, used_size=5844992 bytes (14.3%)
(RDMA_READ_CONSUME_CHECK_CONSUMER) timestamp=9360 ms, used_size=5842944 bytes (14.3%)
(RDMA_READ_CONSUME_CHECK_CONSUMER) timestamp=9360 ms, used_size=5840896 bytes (14.3%)
(RDMA_READ_CONSUME_CHECK_CONSUMER) timestamp=9360 ms, used_size=5838848 bytes (14.3%)
(RDMA_READ_CONSUME_CHECK_CONSUMER) timestamp=9360 ms, used_size=5836800 bytes (14.2%)
(RDMA_READ_CONSUME_CHECK_CONSUMER) timestamp=9360 ms, used_size=5834752 bytes (14.2%)
(RDMA_READ_CONSUME_CHECK_CONSUMER) timestamp=9360 ms, used_size=5832704 bytes (14.2%)
(RDMA_READ_CONSUME_CHECK_CONSUMER) timestamp=9360 ms, used_size=5830656 bytes (14.2%)
(RDMA_READ_CONSUME_CHECK_CONSUMER) timestamp=9360 ms, used_size=5828608 bytes (14.2%)
(RDMA_READ_CONSUME_CHECK_CONSUMER) timestamp=9360 ms, used_size=5826560 bytes (14.2%)
(RDMA_READ_CONSUME_CHECK_CONSUMER) timestamp=9360 ms, used_size=5824512 bytes (14.2%)
(RDMA_READ_CONSUME_CHECK_CONSUMER) timestamp=9360 ms, used_size=5822464 bytes (14.2%)
(RDMA_READ_CONSUME_CHECK_CONSUMER) timestamp=9360 ms, used_size=5820416 bytes (14.2%)
(RDMA_READ_CONSUME_CHECK_CONSUMER) timestamp=9360 ms, used_size=5818368 bytes (14.2%)
(RDMA_READ_CONSUME_CHECK_CONSUMER) timestamp=9360 ms, used_size=5816320 bytes (14.2%)
(RDMA_READ_CONSUME_CHECK_CONSUMER) timestamp=9360 ms, used_size=5814272 bytes (14.2%)
(RDMA_READ_CONSUME_CHECK_CONSUMER) timestamp=9360 ms, used_size=5812224 bytes (14.2%)
(RDMA_READ_CONSUME_CHECK_CONSUMER) timestamp=9360 ms, used_size=5810176 bytes (14.2%)
(RDMA_READ_CONSUME_CHECK_CONSUMER) timestamp=9360 ms, used_size=5808128 bytes (14.2%)
(RDMA_READ_CONSUME_CHECK_CONSUMER) timestamp=9360 ms, used_size=5806080 bytes (14.2%)
(RDMA_READ_CONSUME_CHECK_CONSUMER) timestamp=9360 ms, used_size=5804032 bytes (14.2%)
(RDMA_READ_CONSUME_CHECK_CONSUMER) timestamp=9360 ms, used_size=5801984 bytes (14.2%)
(RDMA_READ_CONSUME_CHECK_CONSUMER) timestamp=9360 ms, used_size=5799936 bytes (14.2%)
(RDMA_READ_CONSUME_CHECK_CONSUMER) timestamp=9360 ms, used_size=5797888 bytes (14.2%)
(RDMA_READ_CONSUME_CHECK_CONSUMER) timestamp=9360 ms, used_size=5795840 bytes (14.2%)
(RDMA_READ_CONSUME_CHECK_CONSUMER) timestamp=9360 ms, used_size=5793792 bytes (14.1%)
(RDMA_READ_CONSUME_CHECK_CONSUMER) timestamp=9360 ms, used_size=5791744 bytes (14.1%)
(RDMA_READ_CONSUME_CHECK_CONSUMER) timestamp=9360 ms, used_size=5789696 bytes (14.1%)
(RDMA_READ_CONSUME_CHECK_CONSUMER) timestamp=9360 ms, used_size=5787648 bytes (14.1%)
(RDMA_READ_CONSUME_CHECK_CONSUMER) timestamp=9360 ms, used_size=5785600 bytes (14.1%)
(RDMA_READ_CONSUME_CHECK_CONSUMER) timestamp=9360 ms, used_size=5783552 bytes (14.1%)
(RDMA_READ_CONSUME_CHECK_CONSUMER) timestamp=9360 ms, used_size=5781504 bytes (14.1%)
(RDMA_READ_CONSUME_CHECK_CONSUMER) timestamp=9360 ms, used_size=5779456 bytes (14.1%)
(RDMA_READ_CONSUME_CHECK_CONSUMER) timestamp=9360 ms, used_size=5777408 bytes (14.1%)
(RDMA_READ_CONSUME_CHECK_CONSUMER) timestamp=9360 ms, used_size=5775360 bytes (14.1%)
(RDMA_READ_CONSUME_CHECK_CONSUMER) timestamp=9360 ms, used_size=5773312 bytes (14.1%)
(RDMA_READ_CONSUME_CHECK_CONSUMER) timestamp=9360 ms, used_size=5771264 bytes (14.1%)
(RDMA_READ_CONSUME_CHECK_CONSUMER) timestamp=9360 ms, used_size=5769216 bytes (14.1%)
(RDMA_READ_CONSUME_CHECK_CONSUMER) timestamp=9360 ms, used_size=5767168 bytes (14.1%)
(RDMA_READ_CONSUME_CHECK_CONSUMER) timestamp=9360 ms, used_size=5765120 bytes (14.1%)
(RDMA_READ_CONSUME_CHECK_CONSUMER) timestamp=9360 ms, used_size=5763072 bytes (14.1%)
(RDMA_READ_CONSUME_CHECK_CONSUMER) timestamp=9360 ms, used_size=5761024 bytes (14.1%)
(RDMA_READ_CONSUME_CHECK_CONSUMER) timestamp=9360 ms, used_size=5758976 bytes (14.1%)
(RDMA_READ_CONSUME_CHECK_CONSUMER) timestamp=9360 ms, used_size=5756928 bytes (14.1%)
(RDMA_READ_CONSUME_CHECK_CONSUMER) timestamp=9360 ms, used_size=5754880 bytes (14.1%)
(RDMA_READ_CONSUME_CHECK_CONSUMER) timestamp=9360 ms, used_size=5752832 bytes (14.0%)
(RDMA_READ_CONSUME_CHECK_CONSUMER) timestamp=9360 ms, used_size=5750784 bytes (14.0%)
(RDMA_READ_CONSUME_CHECK_CONSUMER) timestamp=9360 ms, used_size=5748736 bytes (14.0%)
(RDMA_READ_CONSUME_CHECK_CONSUMER) timestamp=9360 ms, used_size=5746688 bytes (14.0%)
(RDMA_READ_CONSUME_CHECK_CONSUMER) timestamp=9360 ms, used_size=5744640 bytes (14.0%)
(RDMA_READ_CONSUME_CHECK_CONSUMER) timestamp=9360 ms, used_size=5742592 bytes (14.0%)
(RDMA_READ_CONSUME_CHECK_CONSUMER) timestamp=9360 ms, used_size=5740544 bytes (14.0%)
(RDMA_READ_CONSUME_CHECK_CONSUMER) timestamp=9360 ms, used_size=5738496 bytes (14.0%)
(RDMA_READ_CONSUME_CHECK_CONSUMER) timestamp=9360 ms, used_size=5736448 bytes (14.0%)
(RDMA_READ_CONSUME_CHECK_CONSUMER) timestamp=9360 ms, used_size=5734400 bytes (14.0%)
(RDMA_READ_CONSUME_CHECK_CONSUMER) timestamp=9360 ms, used_size=5732352 bytes (14.0%)
(RDMA_READ_CONSUME_CHECK_CONSUMER) timestamp=9360 ms, used_size=5730304 bytes (14.0%)
(RDMA_READ_CONSUME_CHECK_CONSUMER) timestamp=9360 ms, used_size=5728256 bytes (14.0%)
(RDMA_READ_CONSUME_CHECK_CONSUMER) timestamp=9360 ms, used_size=5726208 bytes (14.0%)
(RDMA_READ_CONSUME_CHECK_CONSUMER) timestamp=9360 ms, used_size=5724160 bytes (14.0%)
(RDMA_READ_CONSUME_CHECK_CONSUMER) timestamp=9360 ms, used_size=5722112 bytes (14.0%)
(RDMA_READ_CONSUME_CHECK_CONSUMER) timestamp=9360 ms, used_size=5720064 bytes (14.0%)
(RDMA_READ_CONSUME_CHECK_CONSUMER) timestamp=9360 ms, used_size=5718016 bytes (14.0%)
(RDMA_READ_CONSUME_CHECK_CONSUMER) timestamp=9360 ms, used_size=5715968 bytes (14.0%)
(RDMA_READ_CONSUME_CHECK_CONSUMER) timestamp=9360 ms, used_size=5713920 bytes (13.9%)
(RDMA_READ_CONSUME_CHECK_CONSUMER) timestamp=9360 ms, used_size=5711872 bytes (13.9%)
(RDMA_READ_CONSUME_CHECK_CONSUMER) timestamp=9360 ms, used_size=5709824 bytes (13.9%)
(RDMA_READ_CONSUME_CHECK_CONSUMER) timestamp=9360 ms, used_size=5707776 bytes (13.9%)
(RDMA_READ_CONSUME_CHECK_CONSUMER) timestamp=9360 ms, used_size=5705728 bytes (13.9%)
(RDMA_READ_CONSUME_CHECK_CONSUMER) timestamp=9360 ms, used_size=5703680 bytes (13.9%)
(RDMA_READ_CONSUME_CHECK_CONSUMER) timestamp=9360 ms, used_size=5701632 bytes (13.9%)
(RDMA_READ_CONSUME_CHECK_CONSUMER) timestamp=9360 ms, used_size=5699584 bytes (13.9%)
(RDMA_READ_CONSUME_CHECK_CONSUMER) timestamp=9360 ms, used_size=5697536 bytes (13.9%)
(RDMA_READ_CONSUME_CHECK_CONSUMER) timestamp=9360 ms, used_size=5695488 bytes (13.9%)
(RDMA_READ_CONSUME_CHECK_CONSUMER) timestamp=9360 ms, used_size=5693440 bytes (13.9%)
(RDMA_READ_CONSUME_CHECK_CONSUMER) timestamp=9360 ms, used_size=5691392 bytes (13.9%)
(RDMA_READ_CONSUME_CHECK_CONSUMER) timestamp=9360 ms, used_size=5689344 bytes (13.9%)
(RDMA_READ_CONSUME_CHECK_CONSUMER) timestamp=9360 ms, used_size=5687296 bytes (13.9%)
(RDMA_READ_CONSUME_CHECK_CONSUMER) timestamp=9360 ms, used_size=5685248 bytes (13.9%)
(RDMA_READ_CONSUME_CHECK_CONSUMER) timestamp=9360 ms, used_size=5683200 bytes (13.9%)
(RDMA_READ_CONSUME_CHECK_CONSUMER) timestamp=9360 ms, used_size=5681152 bytes (13.9%)
(RDMA_READ_CONSUME_CHECK_CONSUMER) timestamp=9360 ms, used_size=5679104 bytes (13.9%)
(RDMA_READ_CONSUME_CHECK_CONSUMER) timestamp=9360 ms, used_size=5677056 bytes (13.9%)
(RDMA_READ_CONSUME_CHECK_CONSUMER) timestamp=9360 ms, used_size=5675008 bytes (13.9%)
(RDMA_READ_CONSUME_CHECK_CONSUMER) timestamp=9360 ms, used_size=5672960 bytes (13.8%)
(RDMA_READ_CONSUME_CHECK_CONSUMER) timestamp=9360 ms, used_size=5670912 bytes (13.8%)
(RDMA_READ_CONSUME_CHECK_CONSUMER) timestamp=9360 ms, used_size=5668864 bytes (13.8%)
(RDMA_READ_CONSUME_CHECK_CONSUMER) timestamp=9360 ms, used_size=5666816 bytes (13.8%)
(RDMA_READ_CONSUME_CHECK_CONSUMER) timestamp=9360 ms, used_size=5664768 bytes (13.8%)
(RDMA_READ_CONSUME_CHECK_CONSUMER) timestamp=9360 ms, used_size=5662720 bytes (13.8%)
(RDMA_READ_CONSUME_CHECK_CONSUMER) timestamp=9360 ms, used_size=5660672 bytes (13.8%)
(RDMA_READ_CONSUME_CHECK_CONSUMER) timestamp=9360 ms, used_size=5658624 bytes (13.8%)
(RDMA_READ_CONSUME_CHECK_CONSUMER) timestamp=9360 ms, used_size=5656576 bytes (13.8%)
(RDMA_READ_CONSUME_CHECK_CONSUMER) timestamp=9360 ms, used_size=5654528 bytes (13.8%)
(RDMA_READ_CONSUME_CHECK_CONSUMER) timestamp=9360 ms, used_size=5652480 bytes (13.8%)
(RDMA_READ_CONSUME_CHECK_CONSUMER) timestamp=9360 ms, used_size=5650432 bytes (13.8%)
(RDMA_READ_CONSUME_CHECK_CONSUMER) timestamp=9360 ms, used_size=5648384 bytes (13.8%)
(RDMA_READ_CONSUME_CHECK_CONSUMER) timestamp=9360 ms, used_size=5646336 bytes (13.8%)
(RDMA_READ_CONSUME_CHECK_CONSUMER) timestamp=9360 ms, used_size=5644288 bytes (13.8%)
(RDMA_READ_CONSUME_CHECK_CONSUMER) timestamp=9360 ms, used_size=5642240 bytes (13.8%)
(RDMA_READ_CONSUME_CHECK_CONSUMER) timestamp=9360 ms, used_size=5640192 bytes (13.8%)
(RDMA_READ_CONSUME_CHECK_CONSUMER) timestamp=9360 ms, used_size=5638144 bytes (13.8%)
(RDMA_READ_CONSUME_CHECK_CONSUMER) timestamp=9360 ms, used_size=5636096 bytes (13.8%)
(RDMA_READ_CONSUME_CHECK_CONSUMER) timestamp=9360 ms, used_size=5634048 bytes (13.8%)
(RDMA_READ_CONSUME_CHECK_CONSUMER) timestamp=9360 ms, used_size=5632000 bytes (13.8%)
(RDMA_READ_CONSUME_CHECK_CONSUMER) timestamp=9360 ms, used_size=5629952 bytes (13.7%)
(RDMA_READ_CONSUME_CHECK_CONSUMER) timestamp=9360 ms, used_size=5627904 bytes (13.7%)
(RDMA_READ_CONSUME_CHECK_CONSUMER) timestamp=9360 ms, used_size=5625856 bytes (13.7%)
(RDMA_READ_CONSUME_CHECK_CONSUMER) timestamp=9360 ms, used_size=5623808 bytes (13.7%)
(RDMA_READ_CONSUME_CHECK_CONSUMER) timestamp=9360 ms, used_size=5621760 bytes (13.7%)
(RDMA_READ_CONSUME_CHECK_CONSUMER) timestamp=9360 ms, used_size=5619712 bytes (13.7%)
(RDMA_READ_CONSUME_CHECK_CONSUMER) timestamp=9360 ms, used_size=5617664 bytes (13.7%)
(RDMA_READ_CONSUME_CHECK_CONSUMER) timestamp=9360 ms, used_size=5615616 bytes (13.7%)
(RDMA_READ_CONSUME_CHECK_CONSUMER) timestamp=9360 ms, used_size=5613568 bytes (13.7%)
(RDMA_READ_CONSUME_CHECK_CONSUMER) timestamp=9360 ms, used_size=5611520 bytes (13.7%)
(RDMA_READ_CONSUME_CHECK_CONSUMER) timestamp=9360 ms, used_size=5609472 bytes (13.7%)
(RDMA_READ_CONSUME_CHECK_CONSUMER) timestamp=9360 ms, used_size=5607424 bytes (13.7%)
(RDMA_READ_CONSUME_CHECK_CONSUMER) timestamp=9360 ms, used_size=5605376 bytes (13.7%)
(RDMA_READ_CONSUME_CHECK_CONSUMER) timestamp=9360 ms, used_size=5603328 bytes (13.7%)
(RDMA_READ_CONSUME_CHECK_CONSUMER) timestamp=9360 ms, used_size=5601280 bytes (13.7%)
(RDMA_READ_CONSUME_CHECK_CONSUMER) timestamp=9360 ms, used_size=5599232 bytes (13.7%)
(RDMA_READ_CONSUME_CHECK_CONSUMER) timestamp=9360 ms, used_size=5597184 bytes (13.7%)
(RDMA_READ_CONSUME_CHECK_CONSUMER) timestamp=9360 ms, used_size=5595136 bytes (13.7%)
(RDMA_READ_CONSUME_CHECK_CONSUMER) timestamp=9360 ms, used_size=5593088 bytes (13.7%)
(RDMA_READ_CONSUME_CHECK_CONSUMER) timestamp=9360 ms, used_size=5591040 bytes (13.7%)
(RDMA_READ_CONSUME_CHECK_CONSUMER) timestamp=9360 ms, used_size=5588992 bytes (13.6%)
(RDMA_READ_CONSUME_CHECK_CONSUMER) timestamp=9360 ms, used_size=5586944 bytes (13.6%)
(RDMA_READ_CONSUME_CHECK_CONSUMER) timestamp=9360 ms, used_size=5584896 bytes (13.6%)
(RDMA_READ_CONSUME_CHECK_CONSUMER) timestamp=9360 ms, used_size=5582848 bytes (13.6%)
(RDMA_READ_CONSUME_CHECK_CONSUMER) timestamp=9360 ms, used_size=5580800 bytes (13.6%)
(RDMA_READ_CONSUME_CHECK_CONSUMER) timestamp=9360 ms, used_size=5578752 bytes (13.6%)
(RDMA_READ_CONSUME_CHECK_CONSUMER) timestamp=9360 ms, used_size=5576704 bytes (13.6%)
(RDMA_READ_CONSUME_CHECK_CONSUMER) timestamp=9361 ms, used_size=5574656 bytes (13.6%)
(RDMA_READ_CONSUME_CHECK_CONSUMER) timestamp=9361 ms, used_size=5572608 bytes (13.6%)
(RDMA_READ_CONSUME_CHECK_CONSUMER) timestamp=9361 ms, used_size=5570560 bytes (13.6%)
(RDMA_READ_CONSUME_CHECK_CONSUMER) timestamp=9361 ms, used_size=5568512 bytes (13.6%)
(RDMA_READ_CONSUME_CHECK_CONSUMER) timestamp=9361 ms, used_size=5566464 bytes (13.6%)
(RDMA_READ_CONSUME_CHECK_CONSUMER) timestamp=9361 ms, used_size=5564416 bytes (13.6%)
(RDMA_READ_CONSUME_CHECK_CONSUMER) timestamp=9361 ms, used_size=5562368 bytes (13.6%)
(RDMA_READ_CONSUME_CHECK_CONSUMER) timestamp=9361 ms, used_size=5560320 bytes (13.6%)
(RDMA_READ_CONSUME_CHECK_CONSUMER) timestamp=9361 ms, used_size=5558272 bytes (13.6%)
(RDMA_READ_CONSUME_CHECK_CONSUMER) timestamp=9361 ms, used_size=5556224 bytes (13.6%)
(RDMA_READ_CONSUME_CHECK_CONSUMER) timestamp=9361 ms, used_size=5554176 bytes (13.6%)
(RDMA_READ_CONSUME_CHECK_CONSUMER) timestamp=9361 ms, used_size=5552128 bytes (13.6%)
(RDMA_READ_CONSUME_CHECK_CONSUMER) timestamp=9361 ms, used_size=5550080 bytes (13.6%)
(RDMA_READ_CONSUME_CHECK_CONSUMER) timestamp=9361 ms, used_size=5548032 bytes (13.5%)
(RDMA_READ_CONSUME_CHECK_CONSUMER) timestamp=9361 ms, used_size=5545984 bytes (13.5%)
(RDMA_READ_CONSUME_CHECK_CONSUMER) timestamp=9361 ms, used_size=5543936 bytes (13.5%)
(RDMA_READ_CONSUME_CHECK_CONSUMER) timestamp=9361 ms, used_size=5541888 bytes (13.5%)
(RDMA_READ_CONSUME_CHECK_CONSUMER) timestamp=9361 ms, used_size=5539840 bytes (13.5%)
(RDMA_READ_CONSUME_CHECK_CONSUMER) timestamp=9361 ms, used_size=5537792 bytes (13.5%)
(RDMA_READ_CONSUME_CHECK_CONSUMER) timestamp=9361 ms, used_size=5535744 bytes (13.5%)
(RDMA_READ_CONSUME_CHECK_CONSUMER) timestamp=9361 ms, used_size=5533696 bytes (13.5%)
(RDMA_READ_CONSUME_CHECK_CONSUMER) timestamp=9361 ms, used_size=5531648 bytes (13.5%)
(RDMA_READ_CONSUME_CHECK_CONSUMER) timestamp=9361 ms, used_size=5529600 bytes (13.5%)
(RDMA_READ_CONSUME_CHECK_CONSUMER) timestamp=9361 ms, used_size=5527552 bytes (13.5%)
(RDMA_READ_CONSUME_CHECK_CONSUMER) timestamp=9361 ms, used_size=5525504 bytes (13.5%)
(RDMA_READ_CONSUME_CHECK_CONSUMER) timestamp=9361 ms, used_size=5523456 bytes (13.5%)
(RDMA_READ_CONSUME_CHECK_CONSUMER) timestamp=9361 ms, used_size=5521408 bytes (13.5%)
(RDMA_READ_CONSUME_CHECK_CONSUMER) timestamp=9361 ms, used_size=5519360 bytes (13.5%)
(RDMA_READ_CONSUME_CHECK_CONSUMER) timestamp=9361 ms, used_size=5517312 bytes (13.5%)
(RDMA_READ_CONSUME_CHECK_CONSUMER) timestamp=9361 ms, used_size=5515264 bytes (13.5%)
(RDMA_READ_CONSUME_CHECK_CONSUMER) timestamp=9361 ms, used_size=5513216 bytes (13.5%)
(RDMA_READ_CONSUME_CHECK_CONSUMER) timestamp=9361 ms, used_size=5511168 bytes (13.5%)
(RDMA_READ_CONSUME_CHECK_CONSUMER) timestamp=9361 ms, used_size=5509120 bytes (13.4%)
(RDMA_READ_CONSUME_CHECK_CONSUMER) timestamp=9361 ms, used_size=5507072 bytes (13.4%)
(RDMA_READ_CONSUME_CHECK_CONSUMER) timestamp=9361 ms, used_size=5505024 bytes (13.4%)
(RDMA_READ_CONSUME_CHECK_CONSUMER) timestamp=9361 ms, used_size=5502976 bytes (13.4%)
(RDMA_READ_CONSUME_CHECK_CONSUMER) timestamp=9361 ms, used_size=5500928 bytes (13.4%)
(RDMA_READ_CONSUME_CHECK_CONSUMER) timestamp=9361 ms, used_size=5498880 bytes (13.4%)
(RDMA_READ_CONSUME_CHECK_CONSUMER) timestamp=9361 ms, used_size=5496832 bytes (13.4%)
(RDMA_READ_CONSUME_CHECK_CONSUMER) timestamp=9361 ms, used_size=5494784 bytes (13.4%)
(RDMA_READ_CONSUME_CHECK_CONSUMER) timestamp=9361 ms, used_size=5492736 bytes (13.4%)
(RDMA_READ_CONSUME_CHECK_CONSUMER) timestamp=9361 ms, used_size=5490688 bytes (13.4%)
(RDMA_READ_CONSUME_CHECK_CONSUMER) timestamp=9361 ms, used_size=5488640 bytes (13.4%)
(RDMA_READ_CONSUME_CHECK_CONSUMER) timestamp=9361 ms, used_size=5486592 bytes (13.4%)
(RDMA_READ_CONSUME_CHECK_CONSUMER) timestamp=9361 ms, used_size=5484544 bytes (13.4%)
(RDMA_READ_CONSUME_CHECK_CONSUMER) timestamp=9361 ms, used_size=5482496 bytes (13.4%)
(RDMA_READ_CONSUME_CHECK_CONSUMER) timestamp=9361 ms, used_size=5480448 bytes (13.4%)
(RDMA_READ_CONSUME_CHECK_CONSUMER) timestamp=9361 ms, used_size=5478400 bytes (13.4%)
(RDMA_READ_CONSUME_CHECK_CONSUMER) timestamp=9361 ms, used_size=5476352 bytes (13.4%)
(RDMA_READ_CONSUME_CHECK_CONSUMER) timestamp=9361 ms, used_size=5474304 bytes (13.4%)
(RDMA_READ_CONSUME_CHECK_CONSUMER) timestamp=9361 ms, used_size=5472256 bytes (13.4%)
(RDMA_READ_CONSUME_CHECK_CONSUMER) timestamp=9361 ms, used_size=5470208 bytes (13.4%)
(RDMA_READ_CONSUME_CHECK_CONSUMER) timestamp=9361 ms, used_size=5468160 bytes (13.3%)
(RDMA_READ_CONSUME_CHECK_CONSUMER) timestamp=9361 ms, used_size=5466112 bytes (13.3%)
(RDMA_READ_CONSUME_CHECK_CONSUMER) timestamp=9361 ms, used_size=5464064 bytes (13.3%)
(RDMA_READ_CONSUME_CHECK_CONSUMER) timestamp=9361 ms, used_size=5462016 bytes (13.3%)
(RDMA_READ_CONSUME_CHECK_CONSUMER) timestamp=9361 ms, used_size=5459968 bytes (13.3%)
(RDMA_READ_CONSUME_CHECK_CONSUMER) timestamp=9361 ms, used_size=5457920 bytes (13.3%)
(RDMA_READ_CONSUME_CHECK_CONSUMER) timestamp=9361 ms, used_size=5455872 bytes (13.3%)
(RDMA_READ_CONSUME_CHECK_CONSUMER) timestamp=9361 ms, used_size=5453824 bytes (13.3%)
(RDMA_READ_CONSUME_CHECK_CONSUMER) timestamp=9361 ms, used_size=5451776 bytes (13.3%)
(RDMA_READ_CONSUME_CHECK_CONSUMER) timestamp=9361 ms, used_size=5449728 bytes (13.3%)
(RDMA_READ_CONSUME_CHECK_CONSUMER) timestamp=9361 ms, used_size=5447680 bytes (13.3%)
(RDMA_READ_CONSUME_CHECK_CONSUMER) timestamp=9361 ms, used_size=5445632 bytes (13.3%)
(RDMA_READ_CONSUME_CHECK_CONSUMER) timestamp=9361 ms, used_size=5443584 bytes (13.3%)
(RDMA_READ_CONSUME_CHECK_CONSUMER) timestamp=9361 ms, used_size=5441536 bytes (13.3%)
(RDMA_READ_CONSUME_CHECK_CONSUMER) timestamp=9361 ms, used_size=5439488 bytes (13.3%)
(RDMA_READ_CONSUME_CHECK_CONSUMER) timestamp=9361 ms, used_size=5437440 bytes (13.3%)
(RDMA_READ_CONSUME_CHECK_CONSUMER) timestamp=9361 ms, used_size=5435392 bytes (13.3%)
(RDMA_READ_CONSUME_CHECK_CONSUMER) timestamp=9361 ms, used_size=5433344 bytes (13.3%)
(RDMA_READ_CONSUME_CHECK_CONSUMER) timestamp=9361 ms, used_size=5431296 bytes (13.3%)
(RDMA_READ_CONSUME_CHECK_CONSUMER) timestamp=9361 ms, used_size=5429248 bytes (13.3%)
(RDMA_READ_CONSUME_CHECK_CONSUMER) timestamp=9361 ms, used_size=5427200 bytes (13.2%)
(RDMA_READ_CONSUME_CHECK_CONSUMER) timestamp=9361 ms, used_size=5425152 bytes (13.2%)
(RDMA_READ_CONSUME_CHECK_CONSUMER) timestamp=9361 ms, used_size=5423104 bytes (13.2%)
(RDMA_READ_CONSUME_CHECK_CONSUMER) timestamp=9361 ms, used_size=5421056 bytes (13.2%)
(RDMA_READ_CONSUME_CHECK_CONSUMER) timestamp=9361 ms, used_size=5419008 bytes (13.2%)
(RDMA_READ_CONSUME_CHECK_CONSUMER) timestamp=9361 ms, used_size=5416960 bytes (13.2%)
(RDMA_READ_CONSUME_CHECK_CONSUMER) timestamp=9361 ms, used_size=5414912 bytes (13.2%)
(RDMA_READ_CONSUME_CHECK_CONSUMER) timestamp=9361 ms, used_size=5412864 bytes (13.2%)
(RDMA_READ_CONSUME_CHECK_CONSUMER) timestamp=9361 ms, used_size=5410816 bytes (13.2%)
(RDMA_READ_CONSUME_CHECK_CONSUMER) timestamp=9361 ms, used_size=5408768 bytes (13.2%)
(RDMA_READ_CONSUME_CHECK_CONSUMER) timestamp=9361 ms, used_size=5406720 bytes (13.2%)
(RDMA_READ_CONSUME_CHECK_CONSUMER) timestamp=9361 ms, used_size=5404672 bytes (13.2%)
(RDMA_READ_CONSUME_CHECK_CONSUMER) timestamp=9361 ms, used_size=5402624 bytes (13.2%)
(RDMA_READ_CONSUME_CHECK_CONSUMER) timestamp=9361 ms, used_size=5400576 bytes (13.2%)
(RDMA_READ_CONSUME_CHECK_CONSUMER) timestamp=9361 ms, used_size=5398528 bytes (13.2%)
(RDMA_READ_CONSUME_CHECK_CONSUMER) timestamp=9361 ms, used_size=5396480 bytes (13.2%)
(RDMA_READ_CONSUME_CHECK_CONSUMER) timestamp=9361 ms, used_size=5394432 bytes (13.2%)
(RDMA_READ_CONSUME_CHECK_CONSUMER) timestamp=9361 ms, used_size=5392384 bytes (13.2%)
(RDMA_READ_CONSUME_CHECK_CONSUMER) timestamp=9361 ms, used_size=5390336 bytes (13.2%)
(RDMA_READ_CONSUME_CHECK_CONSUMER) timestamp=9361 ms, used_size=5388288 bytes (13.2%)
(RDMA_READ_CONSUME_CHECK_CONSUMER) timestamp=9361 ms, used_size=5386240 bytes (13.2%)
(RDMA_READ_CONSUME_CHECK_CONSUMER) timestamp=9361 ms, used_size=5384192 bytes (13.1%)
(RDMA_READ_CONSUME_CHECK_CONSUMER) timestamp=9361 ms, used_size=5382144 bytes (13.1%)
(RDMA_READ_CONSUME_CHECK_CONSUMER) timestamp=9361 ms, used_size=5380096 bytes (13.1%)
(RDMA_READ_CONSUME_CHECK_CONSUMER) timestamp=9361 ms, used_size=5378048 bytes (13.1%)
(RDMA_READ_CONSUME_CHECK_CONSUMER) timestamp=9361 ms, used_size=5376000 bytes (13.1%)
(RDMA_READ_CONSUME_CHECK_CONSUMER) timestamp=9361 ms, used_size=5373952 bytes (13.1%)
(RDMA_READ_CONSUME_CHECK_CONSUMER) timestamp=9361 ms, used_size=5371904 bytes (13.1%)
(RDMA_READ_CONSUME_CHECK_CONSUMER) timestamp=9361 ms, used_size=5369856 bytes (13.1%)
(RDMA_READ_CONSUME_CHECK_CONSUMER) timestamp=9361 ms, used_size=5367808 bytes (13.1%)
(RDMA_READ_CONSUME_CHECK_CONSUMER) timestamp=9361 ms, used_size=5365760 bytes (13.1%)
(RDMA_READ_CONSUME_CHECK_CONSUMER) timestamp=9361 ms, used_size=5363712 bytes (13.1%)
(RDMA_READ_CONSUME_CHECK_CONSUMER) timestamp=9361 ms, used_size=5361664 bytes (13.1%)
(RDMA_READ_CONSUME_CHECK_CONSUMER) timestamp=9361 ms, used_size=5359616 bytes (13.1%)
(RDMA_READ_CONSUME_CHECK_CONSUMER) timestamp=9361 ms, used_size=5357568 bytes (13.1%)
(RDMA_READ_CONSUME_CHECK_CONSUMER) timestamp=9361 ms, used_size=5355520 bytes (13.1%)
(RDMA_READ_CONSUME_CHECK_CONSUMER) timestamp=9361 ms, used_size=5353472 bytes (13.1%)
(RDMA_READ_CONSUME_CHECK_CONSUMER) timestamp=9361 ms, used_size=5351424 bytes (13.1%)
(RDMA_READ_CONSUME_CHECK_CONSUMER) timestamp=9361 ms, used_size=5349376 bytes (13.1%)
(RDMA_READ_CONSUME_CHECK_CONSUMER) timestamp=9361 ms, used_size=5347328 bytes (13.1%)
(RDMA_READ_CONSUME_CHECK_CONSUMER) timestamp=9361 ms, used_size=5345280 bytes (13.1%)
(RDMA_READ_CONSUME_CHECK_CONSUMER) timestamp=9361 ms, used_size=5343232 bytes (13.0%)
(RDMA_READ_CONSUME_CHECK_CONSUMER) timestamp=9361 ms, used_size=5341184 bytes (13.0%)
(RDMA_READ_CONSUME_CHECK_CONSUMER) timestamp=9361 ms, used_size=5339136 bytes (13.0%)
(RDMA_READ_CONSUME_CHECK_CONSUMER) timestamp=9361 ms, used_size=5337088 bytes (13.0%)
(RDMA_READ_CONSUME_CHECK_CONSUMER) timestamp=9361 ms, used_size=5335040 bytes (13.0%)
(RDMA_READ_CONSUME_CHECK_CONSUMER) timestamp=9361 ms, used_size=5332992 bytes (13.0%)
(RDMA_READ_CONSUME_CHECK_CONSUMER) timestamp=9361 ms, used_size=5330944 bytes (13.0%)
(RDMA_READ_CONSUME_CHECK_CONSUMER) timestamp=9361 ms, used_size=5328896 bytes (13.0%)
(RDMA_READ_CONSUME_CHECK_CONSUMER) timestamp=9361 ms, used_size=5326848 bytes (13.0%)
(RDMA_READ_CONSUME_CHECK_CONSUMER) timestamp=9361 ms, used_size=5324800 bytes (13.0%)
(RDMA_READ_CONSUME_CHECK_CONSUMER) timestamp=9361 ms, used_size=5322752 bytes (13.0%)
(RDMA_READ_CONSUME_CHECK_CONSUMER) timestamp=9361 ms, used_size=5320704 bytes (13.0%)
(RDMA_READ_CONSUME_CHECK_CONSUMER) timestamp=9361 ms, used_size=5318656 bytes (13.0%)
(RDMA_READ_CONSUME_CHECK_CONSUMER) timestamp=9361 ms, used_size=5316608 bytes (13.0%)
(RDMA_READ_CONSUME_CHECK_CONSUMER) timestamp=9361 ms, used_size=5314560 bytes (13.0%)
(RDMA_READ_CONSUME_CHECK_CONSUMER) timestamp=9361 ms, used_size=5312512 bytes (13.0%)
(RDMA_READ_CONSUME_CHECK_CONSUMER) timestamp=9361 ms, used_size=5310464 bytes (13.0%)
(RDMA_READ_CONSUME_CHECK_CONSUMER) timestamp=9361 ms, used_size=5308416 bytes (13.0%)
(RDMA_READ_CONSUME_CHECK_CONSUMER) timestamp=9361 ms, used_size=5306368 bytes (13.0%)
(RDMA_READ_CONSUME_CHECK_CONSUMER) timestamp=9361 ms, used_size=5304320 bytes (12.9%)
(RDMA_READ_CONSUME_CHECK_CONSUMER) timestamp=9361 ms, used_size=5302272 bytes (12.9%)
(RDMA_READ_CONSUME_CHECK_CONSUMER) timestamp=9361 ms, used_size=5300224 bytes (12.9%)
(RDMA_READ_CONSUME_CHECK_CONSUMER) timestamp=9361 ms, used_size=5298176 bytes (12.9%)
(RDMA_READ_CONSUME_CHECK_CONSUMER) timestamp=9361 ms, used_size=5296128 bytes (12.9%)
(RDMA_READ_CONSUME_CHECK_CONSUMER) timestamp=9361 ms, used_size=5294080 bytes (12.9%)
(RDMA_READ_CONSUME_CHECK_CONSUMER) timestamp=9361 ms, used_size=5292032 bytes (12.9%)
(RDMA_READ_CONSUME_CHECK_CONSUMER) timestamp=9361 ms, used_size=5289984 bytes (12.9%)
(RDMA_READ_CONSUME_CHECK_CONSUMER) timestamp=9361 ms, used_size=5287936 bytes (12.9%)
(RDMA_READ_CONSUME_CHECK_CONSUMER) timestamp=9361 ms, used_size=5285888 bytes (12.9%)
(RDMA_READ_CONSUME_CHECK_CONSUMER) timestamp=9361 ms, used_size=5283840 bytes (12.9%)
(RDMA_READ_CONSUME_CHECK_CONSUMER) timestamp=9361 ms, used_size=5281792 bytes (12.9%)
(RDMA_READ_CONSUME_CHECK_CONSUMER) timestamp=9361 ms, used_size=5279744 bytes (12.9%)
(RDMA_READ_CONSUME_CHECK_CONSUMER) timestamp=9361 ms, used_size=5277696 bytes (12.9%)
(RDMA_READ_CONSUME_CHECK_CONSUMER) timestamp=9361 ms, used_size=5275648 bytes (12.9%)
(RDMA_READ_CONSUME_CHECK_CONSUMER) timestamp=9361 ms, used_size=5273600 bytes (12.9%)
(RDMA_READ_CONSUME_CHECK_CONSUMER) timestamp=9361 ms, used_size=5271552 bytes (12.9%)
(RDMA_READ_CONSUME_CHECK_CONSUMER) timestamp=9361 ms, used_size=5269504 bytes (12.9%)
(RDMA_READ_CONSUME_CHECK_CONSUMER) timestamp=9361 ms, used_size=5267456 bytes (12.9%)
(RDMA_READ_CONSUME_CHECK_CONSUMER) timestamp=9361 ms, used_size=5265408 bytes (12.9%)
(RDMA_READ_CONSUME_CHECK_CONSUMER) timestamp=9361 ms, used_size=5263360 bytes (12.8%)
(RDMA_READ_CONSUME_CHECK_CONSUMER) timestamp=9361 ms, used_size=5261312 bytes (12.8%)
(RDMA_READ_CONSUME_CHECK_CONSUMER) timestamp=9361 ms, used_size=5259264 bytes (12.8%)
(RDMA_READ_CONSUME_CHECK_CONSUMER) timestamp=9361 ms, used_size=5257216 bytes (12.8%)
(RDMA_READ_CONSUME_CHECK_CONSUMER) timestamp=9361 ms, used_size=5255168 bytes (12.8%)
(RDMA_READ_CONSUME_CHECK_CONSUMER) timestamp=9361 ms, used_size=5253120 bytes (12.8%)
(RDMA_READ_CONSUME_CHECK_CONSUMER) timestamp=9361 ms, used_size=5251072 bytes (12.8%)
(RDMA_READ_CONSUME_CHECK_CONSUMER) timestamp=9361 ms, used_size=5249024 bytes (12.8%)
(RDMA_READ_CONSUME_CHECK_CONSUMER) timestamp=9361 ms, used_size=5246976 bytes (12.8%)
(RDMA_READ_CONSUME_CHECK_CONSUMER) timestamp=9361 ms, used_size=5244928 bytes (12.8%)
(RDMA_READ_CONSUME_CHECK_CONSUMER) timestamp=9361 ms, used_size=5242880 bytes (12.8%)
(RDMA_READ_CONSUME_CHECK_CONSUMER) timestamp=9361 ms, used_size=5240832 bytes (12.8%)
(RDMA_READ_CONSUME_CHECK_CONSUMER) timestamp=9361 ms, used_size=5238784 bytes (12.8%)
(RDMA_READ_CONSUME_CHECK_CONSUMER) timestamp=9361 ms, used_size=5236736 bytes (12.8%)
(RDMA_READ_CONSUME_CHECK_CONSUMER) timestamp=9361 ms, used_size=5234688 bytes (12.8%)
(RDMA_READ_CONSUME_CHECK_CONSUMER) timestamp=9361 ms, used_size=5232640 bytes (12.8%)
(RDMA_READ_CONSUME_CHECK_CONSUMER) timestamp=9361 ms, used_size=5230592 bytes (12.8%)
(RDMA_READ_CONSUME_CHECK_CONSUMER) timestamp=9361 ms, used_size=5228544 bytes (12.8%)
(RDMA_READ_CONSUME_CHECK_CONSUMER) timestamp=9361 ms, used_size=5226496 bytes (12.8%)
(RDMA_READ_CONSUME_CHECK_CONSUMER) timestamp=9361 ms, used_size=5224448 bytes (12.8%)
(RDMA_READ_CONSUME_CHECK_CONSUMER) timestamp=9361 ms, used_size=5222400 bytes (12.8%)
(RDMA_READ_CONSUME_CHECK_CONSUMER) timestamp=9361 ms, used_size=5220352 bytes (12.7%)
(RDMA_READ_CONSUME_CHECK_CONSUMER) timestamp=9361 ms, used_size=5218304 bytes (12.7%)
(RDMA_READ_CONSUME_CHECK_CONSUMER) timestamp=9361 ms, used_size=5216256 bytes (12.7%)
(RDMA_READ_CONSUME_CHECK_CONSUMER) timestamp=9361 ms, used_size=5214208 bytes (12.7%)
(RDMA_READ_CONSUME_CHECK_CONSUMER) timestamp=9361 ms, used_size=5212160 bytes (12.7%)
(RDMA_READ_CONSUME_CHECK_CONSUMER) timestamp=9361 ms, used_size=5210112 bytes (12.7%)
(RDMA_READ_CONSUME_CHECK_CONSUMER) timestamp=9361 ms, used_size=5208064 bytes (12.7%)
(RDMA_READ_CONSUME_CHECK_CONSUMER) timestamp=9362 ms, used_size=5206016 bytes (12.7%)
(RDMA_READ_CONSUME_CHECK_CONSUMER) timestamp=9362 ms, used_size=5203968 bytes (12.7%)
(RDMA_READ_CONSUME_CHECK_CONSUMER) timestamp=9362 ms, used_size=5201920 bytes (12.7%)
(RDMA_READ_CONSUME_CHECK_CONSUMER) timestamp=9362 ms, used_size=5199872 bytes (12.7%)
(RDMA_READ_CONSUME_CHECK_CONSUMER) timestamp=9362 ms, used_size=5197824 bytes (12.7%)
(RDMA_READ_CONSUME_CHECK_CONSUMER) timestamp=9362 ms, used_size=5195776 bytes (12.7%)
(RDMA_READ_CONSUME_CHECK_CONSUMER) timestamp=9362 ms, used_size=5193728 bytes (12.7%)
(RDMA_READ_CONSUME_CHECK_CONSUMER) timestamp=9362 ms, used_size=5191680 bytes (12.7%)
(RDMA_READ_CONSUME_CHECK_CONSUMER) timestamp=9362 ms, used_size=5189632 bytes (12.7%)
(RDMA_READ_CONSUME_CHECK_CONSUMER) timestamp=9362 ms, used_size=5187584 bytes (12.7%)
(RDMA_READ_CONSUME_CHECK_CONSUMER) timestamp=9362 ms, used_size=5185536 bytes (12.7%)
(RDMA_READ_CONSUME_CHECK_CONSUMER) timestamp=9362 ms, used_size=5183488 bytes (12.7%)
(RDMA_READ_CONSUME_CHECK_CONSUMER) timestamp=9362 ms, used_size=5181440 bytes (12.7%)
(RDMA_READ_CONSUME_CHECK_CONSUMER) timestamp=9362 ms, used_size=5179392 bytes (12.6%)
(RDMA_READ_CONSUME_CHECK_CONSUMER) timestamp=9362 ms, used_size=5177344 bytes (12.6%)
(RDMA_READ_CONSUME_CHECK_CONSUMER) timestamp=9362 ms, used_size=5175296 bytes (12.6%)
(RDMA_READ_CONSUME_CHECK_CONSUMER) timestamp=9362 ms, used_size=5173248 bytes (12.6%)
(RDMA_READ_CONSUME_CHECK_CONSUMER) timestamp=9362 ms, used_size=5171200 bytes (12.6%)
(RDMA_READ_CONSUME_CHECK_CONSUMER) timestamp=9362 ms, used_size=5169152 bytes (12.6%)
(RDMA_READ_CONSUME_CHECK_CONSUMER) timestamp=9362 ms, used_size=5167104 bytes (12.6%)
(RDMA_READ_CONSUME_CHECK_CONSUMER) timestamp=9362 ms, used_size=5165056 bytes (12.6%)
(RDMA_READ_CONSUME_CHECK_CONSUMER) timestamp=9362 ms, used_size=5163008 bytes (12.6%)
(RDMA_READ_CONSUME_CHECK_CONSUMER) timestamp=9362 ms, used_size=5160960 bytes (12.6%)
(RDMA_READ_CONSUME_CHECK_CONSUMER) timestamp=9362 ms, used_size=5158912 bytes (12.6%)
(RDMA_READ_CONSUME_CHECK_CONSUMER) timestamp=9362 ms, used_size=5156864 bytes (12.6%)
(RDMA_READ_CONSUME_CHECK_CONSUMER) timestamp=9362 ms, used_size=5154816 bytes (12.6%)
(RDMA_READ_CONSUME_CHECK_CONSUMER) timestamp=9362 ms, used_size=5152768 bytes (12.6%)
(RDMA_READ_CONSUME_CHECK_CONSUMER) timestamp=9362 ms, used_size=5150720 bytes (12.6%)
(RDMA_READ_CONSUME_CHECK_CONSUMER) timestamp=9362 ms, used_size=5148672 bytes (12.6%)
(RDMA_READ_CONSUME_CHECK_CONSUMER) timestamp=9362 ms, used_size=5146624 bytes (12.6%)
(RDMA_READ_CONSUME_CHECK_CONSUMER) timestamp=9362 ms, used_size=5144576 bytes (12.6%)
(RDMA_READ_CONSUME_CHECK_CONSUMER) timestamp=9362 ms, used_size=5142528 bytes (12.6%)
(RDMA_READ_CONSUME_CHECK_CONSUMER) timestamp=9362 ms, used_size=5140480 bytes (12.6%)
(RDMA_READ_CONSUME_CHECK_CONSUMER) timestamp=9362 ms, used_size=5138432 bytes (12.5%)
(RDMA_READ_CONSUME_CHECK_CONSUMER) timestamp=9362 ms, used_size=5136384 bytes (12.5%)
(RDMA_READ_CONSUME_CHECK_CONSUMER) timestamp=9362 ms, used_size=5134336 bytes (12.5%)
(RDMA_READ_CONSUME_CHECK_CONSUMER) timestamp=9362 ms, used_size=5132288 bytes (12.5%)
(RDMA_READ_CONSUME_CHECK_CONSUMER) timestamp=9362 ms, used_size=5130240 bytes (12.5%)
(RDMA_READ_CONSUME_CHECK_CONSUMER) timestamp=9362 ms, used_size=5128192 bytes (12.5%)
(RDMA_READ_CONSUME_CHECK_CONSUMER) timestamp=9362 ms, used_size=5126144 bytes (12.5%)
(RDMA_READ_CONSUME_CHECK_CONSUMER) timestamp=9362 ms, used_size=5124096 bytes (12.5%)
(RDMA_READ_CONSUME_CHECK_CONSUMER) timestamp=9362 ms, used_size=5122048 bytes (12.5%)
(RDMA_READ_CONSUME_CHECK_CONSUMER) timestamp=9362 ms, used_size=5120000 bytes (12.5%)
(RDMA_READ_CONSUME_CHECK_CONSUMER) timestamp=9362 ms, used_size=5117952 bytes (12.5%)
(RDMA_READ_CONSUME_CHECK_CONSUMER) timestamp=9362 ms, used_size=5115904 bytes (12.5%)
(RDMA_READ_CONSUME_CHECK_CONSUMER) timestamp=9362 ms, used_size=5113856 bytes (12.5%)
(RDMA_READ_CONSUME_CHECK_CONSUMER) timestamp=9362 ms, used_size=5111808 bytes (12.5%)
(RDMA_READ_CONSUME_CHECK_CONSUMER) timestamp=9362 ms, used_size=5109760 bytes (12.5%)
(RDMA_READ_CONSUME_CHECK_CONSUMER) timestamp=9362 ms, used_size=5107712 bytes (12.5%)
(RDMA_READ_CONSUME_CHECK_CONSUMER) timestamp=9362 ms, used_size=5105664 bytes (12.5%)
(RDMA_READ_CONSUME_CHECK_CONSUMER) timestamp=9362 ms, used_size=5103616 bytes (12.5%)
(RDMA_READ_CONSUME_CHECK_CONSUMER) timestamp=9362 ms, used_size=5101568 bytes (12.5%)
(RDMA_READ_CONSUME_CHECK_CONSUMER) timestamp=9362 ms, used_size=5099520 bytes (12.4%)
(RDMA_READ_CONSUME_CHECK_CONSUMER) timestamp=9362 ms, used_size=5097472 bytes (12.4%)
(RDMA_READ_CONSUME_CHECK_CONSUMER) timestamp=9362 ms, used_size=5095424 bytes (12.4%)
(RDMA_READ_CONSUME_CHECK_CONSUMER) timestamp=9362 ms, used_size=5093376 bytes (12.4%)
(RDMA_READ_CONSUME_CHECK_CONSUMER) timestamp=9362 ms, used_size=5091328 bytes (12.4%)
(RDMA_READ_CONSUME_CHECK_CONSUMER) timestamp=9362 ms, used_size=5089280 bytes (12.4%)
(RDMA_READ_CONSUME_CHECK_CONSUMER) timestamp=9362 ms, used_size=5087232 bytes (12.4%)
(RDMA_READ_CONSUME_CHECK_CONSUMER) timestamp=9362 ms, used_size=5085184 bytes (12.4%)
(RDMA_READ_CONSUME_CHECK_CONSUMER) timestamp=9362 ms, used_size=5083136 bytes (12.4%)
(RDMA_READ_CONSUME_CHECK_CONSUMER) timestamp=9362 ms, used_size=5081088 bytes (12.4%)
(RDMA_READ_CONSUME_CHECK_CONSUMER) timestamp=9362 ms, used_size=5079040 bytes (12.4%)
(RDMA_READ_CONSUME_CHECK_CONSUMER) timestamp=9362 ms, used_size=5076992 bytes (12.4%)
(RDMA_READ_CONSUME_CHECK_CONSUMER) timestamp=9362 ms, used_size=5074944 bytes (12.4%)
(RDMA_READ_CONSUME_CHECK_CONSUMER) timestamp=9362 ms, used_size=5072896 bytes (12.4%)
(RDMA_READ_CONSUME_CHECK_CONSUMER) timestamp=9362 ms, used_size=5070848 bytes (12.4%)
(RDMA_READ_CONSUME_CHECK_CONSUMER) timestamp=9362 ms, used_size=5068800 bytes (12.4%)
(RDMA_READ_CONSUME_CHECK_CONSUMER) timestamp=9362 ms, used_size=5066752 bytes (12.4%)
(RDMA_READ_CONSUME_CHECK_CONSUMER) timestamp=9362 ms, used_size=5064704 bytes (12.4%)
(RDMA_READ_CONSUME_CHECK_CONSUMER) timestamp=9362 ms, used_size=5062656 bytes (12.4%)
(RDMA_READ_CONSUME_CHECK_CONSUMER) timestamp=9362 ms, used_size=5060608 bytes (12.4%)
(RDMA_READ_CONSUME_CHECK_CONSUMER) timestamp=9362 ms, used_size=5058560 bytes (12.3%)
(RDMA_READ_CONSUME_CHECK_CONSUMER) timestamp=9362 ms, used_size=5056512 bytes (12.3%)
(RDMA_READ_CONSUME_CHECK_CONSUMER) timestamp=9362 ms, used_size=5054464 bytes (12.3%)
(RDMA_READ_CONSUME_CHECK_CONSUMER) timestamp=9362 ms, used_size=5052416 bytes (12.3%)
(RDMA_READ_CONSUME_CHECK_CONSUMER) timestamp=9362 ms, used_size=5050368 bytes (12.3%)
(RDMA_READ_CONSUME_CHECK_CONSUMER) timestamp=9362 ms, used_size=5048320 bytes (12.3%)
(RDMA_READ_CONSUME_CHECK_CONSUMER) timestamp=9362 ms, used_size=5046272 bytes (12.3%)
(RDMA_READ_CONSUME_CHECK_CONSUMER) timestamp=9362 ms, used_size=5044224 bytes (12.3%)
(RDMA_READ_CONSUME_CHECK_CONSUMER) timestamp=9362 ms, used_size=5042176 bytes (12.3%)
(RDMA_READ_CONSUME_CHECK_CONSUMER) timestamp=9362 ms, used_size=5040128 bytes (12.3%)
(RDMA_READ_CONSUME_CHECK_CONSUMER) timestamp=9362 ms, used_size=5038080 bytes (12.3%)
(RDMA_READ_CONSUME_CHECK_CONSUMER) timestamp=9362 ms, used_size=5036032 bytes (12.3%)
(RDMA_READ_CONSUME_CHECK_CONSUMER) timestamp=9362 ms, used_size=5033984 bytes (12.3%)
(RDMA_READ_CONSUME_CHECK_CONSUMER) timestamp=9362 ms, used_size=5031936 bytes (12.3%)
(RDMA_READ_CONSUME_CHECK_CONSUMER) timestamp=9362 ms, used_size=5029888 bytes (12.3%)
(RDMA_READ_CONSUME_CHECK_CONSUMER) timestamp=9362 ms, used_size=5027840 bytes (12.3%)
(RDMA_READ_CONSUME_CHECK_CONSUMER) timestamp=9362 ms, used_size=5025792 bytes (12.3%)
(RDMA_READ_CONSUME_CHECK_CONSUMER) timestamp=9362 ms, used_size=5023744 bytes (12.3%)
(RDMA_READ_CONSUME_CHECK_CONSUMER) timestamp=9362 ms, used_size=5021696 bytes (12.3%)
(RDMA_READ_CONSUME_CHECK_CONSUMER) timestamp=9362 ms, used_size=5019648 bytes (12.3%)
(RDMA_READ_CONSUME_CHECK_CONSUMER) timestamp=9362 ms, used_size=5017600 bytes (12.2%)
(RDMA_READ_CONSUME_CHECK_CONSUMER) timestamp=9362 ms, used_size=5015552 bytes (12.2%)
(RDMA_READ_CONSUME_CHECK_CONSUMER) timestamp=9362 ms, used_size=5013504 bytes (12.2%)
(RDMA_READ_CONSUME_CHECK_CONSUMER) timestamp=9362 ms, used_size=5011456 bytes (12.2%)
(RDMA_READ_CONSUME_CHECK_CONSUMER) timestamp=9362 ms, used_size=5009408 bytes (12.2%)
(RDMA_READ_CONSUME_CHECK_CONSUMER) timestamp=9362 ms, used_size=5007360 bytes (12.2%)
(RDMA_READ_CONSUME_CHECK_CONSUMER) timestamp=9362 ms, used_size=5005312 bytes (12.2%)
(RDMA_READ_CONSUME_CHECK_CONSUMER) timestamp=9362 ms, used_size=5003264 bytes (12.2%)
(RDMA_READ_CONSUME_CHECK_CONSUMER) timestamp=9362 ms, used_size=5001216 bytes (12.2%)
(RDMA_READ_CONSUME_CHECK_CONSUMER) timestamp=9362 ms, used_size=4999168 bytes (12.2%)
(RDMA_READ_CONSUME_CHECK_CONSUMER) timestamp=9362 ms, used_size=4997120 bytes (12.2%)
(RDMA_READ_CONSUME_CHECK_CONSUMER) timestamp=9362 ms, used_size=4995072 bytes (12.2%)
(RDMA_READ_CONSUME_CHECK_CONSUMER) timestamp=9362 ms, used_size=4993024 bytes (12.2%)
(RDMA_READ_CONSUME_CHECK_CONSUMER) timestamp=9362 ms, used_size=4990976 bytes (12.2%)
(RDMA_READ_CONSUME_CHECK_CONSUMER) timestamp=9362 ms, used_size=4988928 bytes (12.2%)
(RDMA_READ_CONSUME_CHECK_CONSUMER) timestamp=9362 ms, used_size=4986880 bytes (12.2%)
(RDMA_READ_CONSUME_CHECK_CONSUMER) timestamp=9362 ms, used_size=4984832 bytes (12.2%)
(RDMA_READ_CONSUME_CHECK_CONSUMER) timestamp=9362 ms, used_size=4982784 bytes (12.2%)
(RDMA_READ_CONSUME_CHECK_CONSUMER) timestamp=9362 ms, used_size=4980736 bytes (12.2%)
(RDMA_READ_CONSUME_CHECK_CONSUMER) timestamp=9362 ms, used_size=4978688 bytes (12.2%)
(RDMA_READ_CONSUME_CHECK_CONSUMER) timestamp=9362 ms, used_size=4976640 bytes (12.2%)
(RDMA_READ_CONSUME_CHECK_CONSUMER) timestamp=9362 ms, used_size=4974592 bytes (12.1%)
(RDMA_READ_CONSUME_CHECK_CONSUMER) timestamp=9362 ms, used_size=4972544 bytes (12.1%)
(RDMA_READ_CONSUME_CHECK_CONSUMER) timestamp=9362 ms, used_size=4970496 bytes (12.1%)
(RDMA_READ_CONSUME_CHECK_CONSUMER) timestamp=9362 ms, used_size=4968448 bytes (12.1%)
(RDMA_READ_CONSUME_CHECK_CONSUMER) timestamp=9362 ms, used_size=4966400 bytes (12.1%)
(RDMA_READ_CONSUME_CHECK_CONSUMER) timestamp=9362 ms, used_size=4964352 bytes (12.1%)
(RDMA_READ_CONSUME_CHECK_CONSUMER) timestamp=9362 ms, used_size=4962304 bytes (12.1%)
(RDMA_READ_CONSUME_CHECK_CONSUMER) timestamp=9362 ms, used_size=4960256 bytes (12.1%)
(RDMA_READ_CONSUME_CHECK_CONSUMER) timestamp=9362 ms, used_size=4958208 bytes (12.1%)
(RDMA_READ_CONSUME_CHECK_CONSUMER) timestamp=9362 ms, used_size=4956160 bytes (12.1%)
(RDMA_READ_CONSUME_CHECK_CONSUMER) timestamp=9362 ms, used_size=4954112 bytes (12.1%)
(RDMA_READ_CONSUME_CHECK_CONSUMER) timestamp=9362 ms, used_size=4952064 bytes (12.1%)
(RDMA_READ_CONSUME_CHECK_CONSUMER) timestamp=9362 ms, used_size=4950016 bytes (12.1%)
(RDMA_READ_CONSUME_CHECK_CONSUMER) timestamp=9362 ms, used_size=4947968 bytes (12.1%)
(RDMA_READ_CONSUME_CHECK_CONSUMER) timestamp=9362 ms, used_size=4945920 bytes (12.1%)
(RDMA_READ_CONSUME_CHECK_CONSUMER) timestamp=9362 ms, used_size=4943872 bytes (12.1%)
(RDMA_READ_CONSUME_CHECK_CONSUMER) timestamp=9362 ms, used_size=4941824 bytes (12.1%)
(RDMA_READ_CONSUME_CHECK_CONSUMER) timestamp=9362 ms, used_size=4939776 bytes (12.1%)
(RDMA_READ_CONSUME_CHECK_CONSUMER) timestamp=9362 ms, used_size=4937728 bytes (12.1%)
(RDMA_READ_CONSUME_CHECK_CONSUMER) timestamp=9362 ms, used_size=4935680 bytes (12.1%)
(RDMA_READ_CONSUME_CHECK_CONSUMER) timestamp=9362 ms, used_size=4933632 bytes (12.0%)
(RDMA_READ_CONSUME_CHECK_CONSUMER) timestamp=9362 ms, used_size=4931584 bytes (12.0%)
(RDMA_READ_CONSUME_CHECK_CONSUMER) timestamp=9362 ms, used_size=4929536 bytes (12.0%)
(RDMA_READ_CONSUME_CHECK_CONSUMER) timestamp=9362 ms, used_size=4927488 bytes (12.0%)
(RDMA_READ_CONSUME_CHECK_CONSUMER) timestamp=9362 ms, used_size=4925440 bytes (12.0%)
(RDMA_READ_CONSUME_CHECK_CONSUMER) timestamp=9362 ms, used_size=4923392 bytes (12.0%)
(RDMA_READ_CONSUME_CHECK_CONSUMER) timestamp=9362 ms, used_size=4921344 bytes (12.0%)
(RDMA_READ_CONSUME_CHECK_CONSUMER) timestamp=9362 ms, used_size=4919296 bytes (12.0%)
(RDMA_READ_CONSUME_CHECK_CONSUMER) timestamp=9362 ms, used_size=4917248 bytes (12.0%)
(RDMA_READ_CONSUME_CHECK_CONSUMER) timestamp=9362 ms, used_size=4915200 bytes (12.0%)
(RDMA_READ_CONSUME_CHECK_CONSUMER) timestamp=9362 ms, used_size=4913152 bytes (12.0%)
(RDMA_READ_CONSUME_CHECK_CONSUMER) timestamp=9362 ms, used_size=4911104 bytes (12.0%)
(RDMA_READ_CONSUME_CHECK_CONSUMER) timestamp=9362 ms, used_size=4909056 bytes (12.0%)
(RDMA_READ_CONSUME_CHECK_CONSUMER) timestamp=9362 ms, used_size=4907008 bytes (12.0%)
(RDMA_READ_CONSUME_CHECK_CONSUMER) timestamp=9362 ms, used_size=4904960 bytes (12.0%)
(RDMA_READ_CONSUME_CHECK_CONSUMER) timestamp=9362 ms, used_size=4902912 bytes (12.0%)
(RDMA_READ_CONSUME_CHECK_CONSUMER) timestamp=9362 ms, used_size=4900864 bytes (12.0%)
(RDMA_READ_CONSUME_CHECK_CONSUMER) timestamp=9362 ms, used_size=4898816 bytes (12.0%)
(RDMA_READ_CONSUME_CHECK_CONSUMER) timestamp=9362 ms, used_size=4896768 bytes (12.0%)
(RDMA_READ_CONSUME_CHECK_CONSUMER) timestamp=9362 ms, used_size=4894720 bytes (11.9%)
(RDMA_READ_CONSUME_CHECK_CONSUMER) timestamp=9362 ms, used_size=4892672 bytes (11.9%)
(RDMA_READ_CONSUME_CHECK_CONSUMER) timestamp=9362 ms, used_size=4890624 bytes (11.9%)
(RDMA_READ_CONSUME_CHECK_CONSUMER) timestamp=9362 ms, used_size=4888576 bytes (11.9%)
(RDMA_READ_CONSUME_CHECK_CONSUMER) timestamp=9362 ms, used_size=4886528 bytes (11.9%)
(RDMA_READ_CONSUME_CHECK_CONSUMER) timestamp=9362 ms, used_size=4884480 bytes (11.9%)
(RDMA_READ_CONSUME_CHECK_CONSUMER) timestamp=9362 ms, used_size=4882432 bytes (11.9%)
(RDMA_READ_CONSUME_CHECK_CONSUMER) timestamp=9362 ms, used_size=4880384 bytes (11.9%)
(RDMA_READ_CONSUME_CHECK_CONSUMER) timestamp=9362 ms, used_size=4878336 bytes (11.9%)
(RDMA_READ_CONSUME_CHECK_CONSUMER) timestamp=9362 ms, used_size=4876288 bytes (11.9%)
(RDMA_READ_CONSUME_CHECK_CONSUMER) timestamp=9362 ms, used_size=4874240 bytes (11.9%)
(RDMA_READ_CONSUME_CHECK_CONSUMER) timestamp=9362 ms, used_size=4872192 bytes (11.9%)
(RDMA_READ_CONSUME_CHECK_CONSUMER) timestamp=9362 ms, used_size=4870144 bytes (11.9%)
(RDMA_READ_CONSUME_CHECK_CONSUMER) timestamp=9362 ms, used_size=4868096 bytes (11.9%)
(RDMA_READ_CONSUME_CHECK_CONSUMER) timestamp=9362 ms, used_size=4866048 bytes (11.9%)
(RDMA_READ_CONSUME_CHECK_CONSUMER) timestamp=9362 ms, used_size=4864000 bytes (11.9%)
(RDMA_READ_CONSUME_CHECK_CONSUMER) timestamp=9362 ms, used_size=4861952 bytes (11.9%)
(RDMA_READ_CONSUME_CHECK_CONSUMER) timestamp=9362 ms, used_size=4859904 bytes (11.9%)
(RDMA_READ_CONSUME_CHECK_CONSUMER) timestamp=9362 ms, used_size=4857856 bytes (11.9%)
(RDMA_READ_CONSUME_CHECK_CONSUMER) timestamp=9362 ms, used_size=4855808 bytes (11.9%)
(RDMA_READ_CONSUME_CHECK_CONSUMER) timestamp=9362 ms, used_size=4853760 bytes (11.8%)
(RDMA_READ_CONSUME_CHECK_CONSUMER) timestamp=9362 ms, used_size=4851712 bytes (11.8%)
(RDMA_READ_CONSUME_CHECK_CONSUMER) timestamp=9362 ms, used_size=4849664 bytes (11.8%)
(RDMA_READ_CONSUME_CHECK_CONSUMER) timestamp=9362 ms, used_size=4847616 bytes (11.8%)
(RDMA_READ_CONSUME_CHECK_CONSUMER) timestamp=9362 ms, used_size=4845568 bytes (11.8%)
(RDMA_READ_CONSUME_CHECK_CONSUMER) timestamp=9362 ms, used_size=4843520 bytes (11.8%)
(RDMA_READ_CONSUME_CHECK_CONSUMER) timestamp=9362 ms, used_size=4841472 bytes (11.8%)
(RDMA_READ_CONSUME_CHECK_CONSUMER) timestamp=9362 ms, used_size=4839424 bytes (11.8%)
(RDMA_READ_CONSUME_CHECK_CONSUMER) timestamp=9362 ms, used_size=4837376 bytes (11.8%)
(RDMA_READ_CONSUME_CHECK_CONSUMER) timestamp=9363 ms, used_size=4835328 bytes (11.8%)
(RDMA_READ_CONSUME_CHECK_CONSUMER) timestamp=9363 ms, used_size=4833280 bytes (11.8%)
(RDMA_READ_CONSUME_CHECK_CONSUMER) timestamp=9363 ms, used_size=4831232 bytes (11.8%)
(RDMA_READ_CONSUME_CHECK_CONSUMER) timestamp=9363 ms, used_size=4829184 bytes (11.8%)
(RDMA_READ_CONSUME_CHECK_CONSUMER) timestamp=9363 ms, used_size=4827136 bytes (11.8%)
(RDMA_READ_CONSUME_CHECK_CONSUMER) timestamp=9363 ms, used_size=4825088 bytes (11.8%)
(RDMA_READ_CONSUME_CHECK_CONSUMER) timestamp=9363 ms, used_size=4823040 bytes (11.8%)
(RDMA_READ_CONSUME_CHECK_CONSUMER) timestamp=9363 ms, used_size=4820992 bytes (11.8%)
(RDMA_READ_CONSUME_CHECK_CONSUMER) timestamp=9363 ms, used_size=4818944 bytes (11.8%)
(RDMA_READ_CONSUME_CHECK_CONSUMER) timestamp=9363 ms, used_size=4816896 bytes (11.8%)
(RDMA_READ_CONSUME_CHECK_CONSUMER) timestamp=9363 ms, used_size=4814848 bytes (11.8%)
(RDMA_READ_CONSUME_CHECK_CONSUMER) timestamp=9363 ms, used_size=4812800 bytes (11.8%)
(RDMA_READ_CONSUME_CHECK_CONSUMER) timestamp=9363 ms, used_size=4810752 bytes (11.7%)
(RDMA_READ_CONSUME_CHECK_CONSUMER) timestamp=9363 ms, used_size=4808704 bytes (11.7%)
(RDMA_READ_CONSUME_CHECK_CONSUMER) timestamp=9363 ms, used_size=4806656 bytes (11.7%)
(RDMA_READ_CONSUME_CHECK_CONSUMER) timestamp=9363 ms, used_size=4804608 bytes (11.7%)
(RDMA_READ_CONSUME_CHECK_CONSUMER) timestamp=9363 ms, used_size=4802560 bytes (11.7%)
(RDMA_READ_CONSUME_CHECK_CONSUMER) timestamp=9363 ms, used_size=4800512 bytes (11.7%)
(RDMA_READ_CONSUME_CHECK_CONSUMER) timestamp=9363 ms, used_size=4798464 bytes (11.7%)
(RDMA_READ_CONSUME_CHECK_CONSUMER) timestamp=9363 ms, used_size=4796416 bytes (11.7%)
(RDMA_READ_CONSUME_CHECK_CONSUMER) timestamp=9363 ms, used_size=4794368 bytes (11.7%)
(RDMA_READ_CONSUME_CHECK_CONSUMER) timestamp=9363 ms, used_size=4792320 bytes (11.7%)
(RDMA_READ_CONSUME_CHECK_CONSUMER) timestamp=9363 ms, used_size=4790272 bytes (11.7%)
(RDMA_READ_CONSUME_CHECK_CONSUMER) timestamp=9363 ms, used_size=4788224 bytes (11.7%)
(RDMA_READ_CONSUME_CHECK_CONSUMER) timestamp=9363 ms, used_size=4786176 bytes (11.7%)
(RDMA_READ_CONSUME_CHECK_CONSUMER) timestamp=9363 ms, used_size=4784128 bytes (11.7%)
(RDMA_READ_CONSUME_CHECK_CONSUMER) timestamp=9363 ms, used_size=4782080 bytes (11.7%)
(RDMA_READ_CONSUME_CHECK_CONSUMER) timestamp=9363 ms, used_size=4780032 bytes (11.7%)
(RDMA_READ_CONSUME_CHECK_CONSUMER) timestamp=9363 ms, used_size=4777984 bytes (11.7%)
(RDMA_READ_CONSUME_CHECK_CONSUMER) timestamp=9363 ms, used_size=4775936 bytes (11.7%)
(RDMA_READ_CONSUME_CHECK_CONSUMER) timestamp=9363 ms, used_size=4773888 bytes (11.7%)
(RDMA_READ_CONSUME_CHECK_CONSUMER) timestamp=9363 ms, used_size=4771840 bytes (11.7%)
(RDMA_READ_CONSUME_CHECK_CONSUMER) timestamp=9363 ms, used_size=4769792 bytes (11.6%)
(RDMA_READ_CONSUME_CHECK_CONSUMER) timestamp=9363 ms, used_size=4767744 bytes (11.6%)
(RDMA_READ_CONSUME_CHECK_CONSUMER) timestamp=9363 ms, used_size=4765696 bytes (11.6%)
(RDMA_READ_CONSUME_CHECK_CONSUMER) timestamp=9363 ms, used_size=4763648 bytes (11.6%)
(RDMA_READ_CONSUME_CHECK_CONSUMER) timestamp=9363 ms, used_size=4761600 bytes (11.6%)
(RDMA_READ_CONSUME_CHECK_CONSUMER) timestamp=9363 ms, used_size=4759552 bytes (11.6%)
(RDMA_READ_CONSUME_CHECK_CONSUMER) timestamp=9363 ms, used_size=4757504 bytes (11.6%)
(RDMA_READ_CONSUME_CHECK_CONSUMER) timestamp=9363 ms, used_size=4755456 bytes (11.6%)
(RDMA_READ_CONSUME_CHECK_CONSUMER) timestamp=9363 ms, used_size=4753408 bytes (11.6%)
(RDMA_READ_CONSUME_CHECK_CONSUMER) timestamp=9363 ms, used_size=4751360 bytes (11.6%)
(RDMA_READ_CONSUME_CHECK_CONSUMER) timestamp=9363 ms, used_size=4749312 bytes (11.6%)
(RDMA_READ_CONSUME_CHECK_CONSUMER) timestamp=9363 ms, used_size=4747264 bytes (11.6%)
(RDMA_READ_CONSUME_CHECK_CONSUMER) timestamp=9363 ms, used_size=4745216 bytes (11.6%)
(RDMA_READ_CONSUME_CHECK_CONSUMER) timestamp=9363 ms, used_size=4743168 bytes (11.6%)
(RDMA_READ_CONSUME_CHECK_CONSUMER) timestamp=9363 ms, used_size=4741120 bytes (11.6%)
(RDMA_READ_CONSUME_CHECK_CONSUMER) timestamp=9363 ms, used_size=4739072 bytes (11.6%)
(RDMA_READ_CONSUME_CHECK_CONSUMER) timestamp=9363 ms, used_size=4737024 bytes (11.6%)
(RDMA_READ_CONSUME_CHECK_CONSUMER) timestamp=9363 ms, used_size=4734976 bytes (11.6%)
(RDMA_READ_CONSUME_CHECK_CONSUMER) timestamp=9363 ms, used_size=4732928 bytes (11.6%)
(RDMA_READ_CONSUME_CHECK_CONSUMER) timestamp=9363 ms, used_size=4730880 bytes (11.6%)
(RDMA_READ_CONSUME_CHECK_CONSUMER) timestamp=9363 ms, used_size=4728832 bytes (11.5%)
(RDMA_READ_CONSUME_CHECK_CONSUMER) timestamp=9363 ms, used_size=4726784 bytes (11.5%)
(RDMA_READ_CONSUME_CHECK_CONSUMER) timestamp=9363 ms, used_size=4724736 bytes (11.5%)
(RDMA_READ_CONSUME_CHECK_CONSUMER) timestamp=9363 ms, used_size=4722688 bytes (11.5%)
(RDMA_READ_CONSUME_CHECK_CONSUMER) timestamp=9363 ms, used_size=4720640 bytes (11.5%)
(RDMA_READ_CONSUME_CHECK_CONSUMER) timestamp=9363 ms, used_size=4718592 bytes (11.5%)
(RDMA_READ_CONSUME_CHECK_CONSUMER) timestamp=9363 ms, used_size=4716544 bytes (11.5%)
(RDMA_READ_CONSUME_CHECK_CONSUMER) timestamp=9363 ms, used_size=4714496 bytes (11.5%)
(RDMA_READ_CONSUME_CHECK_CONSUMER) timestamp=9363 ms, used_size=4712448 bytes (11.5%)
(RDMA_READ_CONSUME_CHECK_CONSUMER) timestamp=9363 ms, used_size=4710400 bytes (11.5%)
(RDMA_READ_CONSUME_CHECK_CONSUMER) timestamp=9363 ms, used_size=4708352 bytes (11.5%)
(RDMA_READ_CONSUME_CHECK_CONSUMER) timestamp=9363 ms, used_size=4706304 bytes (11.5%)
(RDMA_READ_CONSUME_CHECK_CONSUMER) timestamp=9363 ms, used_size=4704256 bytes (11.5%)
(RDMA_READ_CONSUME_CHECK_CONSUMER) timestamp=9363 ms, used_size=4702208 bytes (11.5%)
(RDMA_READ_CONSUME_CHECK_CONSUMER) timestamp=9363 ms, used_size=4700160 bytes (11.5%)
(RDMA_READ_CONSUME_CHECK_CONSUMER) timestamp=9363 ms, used_size=4698112 bytes (11.5%)
(RDMA_READ_CONSUME_CHECK_CONSUMER) timestamp=9363 ms, used_size=4696064 bytes (11.5%)
(RDMA_READ_CONSUME_CHECK_CONSUMER) timestamp=9363 ms, used_size=4694016 bytes (11.5%)
(RDMA_READ_CONSUME_CHECK_CONSUMER) timestamp=9363 ms, used_size=4691968 bytes (11.5%)
(RDMA_READ_CONSUME_CHECK_CONSUMER) timestamp=9363 ms, used_size=4689920 bytes (11.4%)
(RDMA_READ_CONSUME_CHECK_CONSUMER) timestamp=9363 ms, used_size=4687872 bytes (11.4%)
(RDMA_READ_CONSUME_CHECK_CONSUMER) timestamp=9363 ms, used_size=4685824 bytes (11.4%)
(RDMA_READ_CONSUME_CHECK_CONSUMER) timestamp=9363 ms, used_size=4683776 bytes (11.4%)
(RDMA_READ_CONSUME_CHECK_CONSUMER) timestamp=9363 ms, used_size=4681728 bytes (11.4%)
(RDMA_READ_CONSUME_CHECK_CONSUMER) timestamp=9363 ms, used_size=4679680 bytes (11.4%)
(RDMA_READ_CONSUME_CHECK_CONSUMER) timestamp=9363 ms, used_size=4677632 bytes (11.4%)
(RDMA_READ_CONSUME_CHECK_CONSUMER) timestamp=9363 ms, used_size=4675584 bytes (11.4%)
(RDMA_READ_CONSUME_CHECK_CONSUMER) timestamp=9363 ms, used_size=4673536 bytes (11.4%)
(RDMA_READ_CONSUME_CHECK_CONSUMER) timestamp=9363 ms, used_size=4671488 bytes (11.4%)
(RDMA_READ_CONSUME_CHECK_CONSUMER) timestamp=9363 ms, used_size=4669440 bytes (11.4%)
(RDMA_READ_CONSUME_CHECK_CONSUMER) timestamp=9363 ms, used_size=4667392 bytes (11.4%)
(RDMA_READ_CONSUME_CHECK_CONSUMER) timestamp=9363 ms, used_size=4665344 bytes (11.4%)
(RDMA_READ_CONSUME_CHECK_CONSUMER) timestamp=9363 ms, used_size=4663296 bytes (11.4%)
(RDMA_READ_CONSUME_CHECK_CONSUMER) timestamp=9363 ms, used_size=4661248 bytes (11.4%)
(RDMA_READ_CONSUME_CHECK_CONSUMER) timestamp=9363 ms, used_size=4659200 bytes (11.4%)
(RDMA_READ_CONSUME_CHECK_CONSUMER) timestamp=9363 ms, used_size=4657152 bytes (11.4%)
(RDMA_READ_CONSUME_CHECK_CONSUMER) timestamp=9363 ms, used_size=4655104 bytes (11.4%)
(RDMA_READ_CONSUME_CHECK_CONSUMER) timestamp=9363 ms, used_size=4653056 bytes (11.4%)
(RDMA_READ_CONSUME_CHECK_CONSUMER) timestamp=9363 ms, used_size=4651008 bytes (11.4%)
(RDMA_READ_CONSUME_CHECK_CONSUMER) timestamp=9363 ms, used_size=4648960 bytes (11.3%)
(RDMA_READ_CONSUME_CHECK_CONSUMER) timestamp=9363 ms, used_size=4646912 bytes (11.3%)
(RDMA_READ_CONSUME_CHECK_CONSUMER) timestamp=9363 ms, used_size=4644864 bytes (11.3%)
(RDMA_READ_CONSUME_CHECK_CONSUMER) timestamp=9363 ms, used_size=4642816 bytes (11.3%)
(RDMA_READ_CONSUME_CHECK_CONSUMER) timestamp=9363 ms, used_size=4640768 bytes (11.3%)
(RDMA_READ_CONSUME_CHECK_CONSUMER) timestamp=9363 ms, used_size=4638720 bytes (11.3%)
(RDMA_READ_CONSUME_CHECK_CONSUMER) timestamp=9363 ms, used_size=4636672 bytes (11.3%)
(RDMA_READ_CONSUME_CHECK_CONSUMER) timestamp=9363 ms, used_size=4634624 bytes (11.3%)
(RDMA_READ_CONSUME_CHECK_CONSUMER) timestamp=9363 ms, used_size=4632576 bytes (11.3%)
(RDMA_READ_CONSUME_CHECK_CONSUMER) timestamp=9363 ms, used_size=4630528 bytes (11.3%)
(RDMA_READ_CONSUME_CHECK_CONSUMER) timestamp=9363 ms, used_size=4628480 bytes (11.3%)
(RDMA_READ_CONSUME_CHECK_CONSUMER) timestamp=9363 ms, used_size=4626432 bytes (11.3%)
(RDMA_READ_CONSUME_CHECK_CONSUMER) timestamp=9363 ms, used_size=4624384 bytes (11.3%)
(RDMA_READ_CONSUME_CHECK_CONSUMER) timestamp=9363 ms, used_size=4622336 bytes (11.3%)
(RDMA_READ_CONSUME_CHECK_CONSUMER) timestamp=9363 ms, used_size=4620288 bytes (11.3%)
(RDMA_READ_CONSUME_CHECK_CONSUMER) timestamp=9363 ms, used_size=4618240 bytes (11.3%)
(RDMA_READ_CONSUME_CHECK_CONSUMER) timestamp=9363 ms, used_size=4616192 bytes (11.3%)
(RDMA_READ_CONSUME_CHECK_CONSUMER) timestamp=9363 ms, used_size=4614144 bytes (11.3%)
(RDMA_READ_CONSUME_CHECK_CONSUMER) timestamp=9363 ms, used_size=4612096 bytes (11.3%)
(RDMA_READ_CONSUME_CHECK_CONSUMER) timestamp=9363 ms, used_size=4610048 bytes (11.3%)
(RDMA_READ_CONSUME_CHECK_CONSUMER) timestamp=9363 ms, used_size=4608000 bytes (11.2%)
(RDMA_READ_CONSUME_CHECK_CONSUMER) timestamp=9363 ms, used_size=4605952 bytes (11.2%)
(RDMA_READ_CONSUME_CHECK_CONSUMER) timestamp=9363 ms, used_size=4603904 bytes (11.2%)
(RDMA_READ_CONSUME_CHECK_CONSUMER) timestamp=9363 ms, used_size=4601856 bytes (11.2%)
(RDMA_READ_CONSUME_CHECK_CONSUMER) timestamp=9363 ms, used_size=4599808 bytes (11.2%)
(RDMA_READ_CONSUME_CHECK_CONSUMER) timestamp=9363 ms, used_size=4597760 bytes (11.2%)
(RDMA_READ_CONSUME_CHECK_CONSUMER) timestamp=9363 ms, used_size=4595712 bytes (11.2%)
(RDMA_READ_CONSUME_CHECK_CONSUMER) timestamp=9363 ms, used_size=4593664 bytes (11.2%)
(RDMA_READ_CONSUME_CHECK_CONSUMER) timestamp=9363 ms, used_size=4591616 bytes (11.2%)
(RDMA_READ_CONSUME_CHECK_CONSUMER) timestamp=9363 ms, used_size=4589568 bytes (11.2%)
(RDMA_READ_CONSUME_CHECK_CONSUMER) timestamp=9363 ms, used_size=4587520 bytes (11.2%)
(RDMA_READ_CONSUME_CHECK_CONSUMER) timestamp=9363 ms, used_size=4585472 bytes (11.2%)
(RDMA_READ_CONSUME_CHECK_CONSUMER) timestamp=9363 ms, used_size=4583424 bytes (11.2%)
(RDMA_READ_CONSUME_CHECK_CONSUMER) timestamp=9363 ms, used_size=4581376 bytes (11.2%)
(RDMA_READ_CONSUME_CHECK_CONSUMER) timestamp=9363 ms, used_size=4579328 bytes (11.2%)
(RDMA_READ_CONSUME_CHECK_CONSUMER) timestamp=9363 ms, used_size=4577280 bytes (11.2%)
(RDMA_READ_CONSUME_CHECK_CONSUMER) timestamp=9363 ms, used_size=4575232 bytes (11.2%)
(RDMA_READ_CONSUME_CHECK_CONSUMER) timestamp=9363 ms, used_size=4573184 bytes (11.2%)
(RDMA_READ_CONSUME_CHECK_CONSUMER) timestamp=9363 ms, used_size=4571136 bytes (11.2%)
(RDMA_READ_CONSUME_CHECK_CONSUMER) timestamp=9363 ms, used_size=4569088 bytes (11.2%)
(RDMA_READ_CONSUME_CHECK_CONSUMER) timestamp=9363 ms, used_size=4567040 bytes (11.2%)
(RDMA_READ_CONSUME_CHECK_CONSUMER) timestamp=9363 ms, used_size=4564992 bytes (11.1%)
(RDMA_READ_CONSUME_CHECK_CONSUMER) timestamp=9363 ms, used_size=4562944 bytes (11.1%)
(RDMA_READ_CONSUME_CHECK_CONSUMER) timestamp=9363 ms, used_size=4560896 bytes (11.1%)
(RDMA_READ_CONSUME_CHECK_CONSUMER) timestamp=9363 ms, used_size=4558848 bytes (11.1%)
(RDMA_READ_CONSUME_CHECK_CONSUMER) timestamp=9363 ms, used_size=4556800 bytes (11.1%)
(RDMA_READ_CONSUME_CHECK_CONSUMER) timestamp=9363 ms, used_size=4554752 bytes (11.1%)
(RDMA_READ_CONSUME_CHECK_CONSUMER) timestamp=9363 ms, used_size=4552704 bytes (11.1%)
(RDMA_READ_CONSUME_CHECK_CONSUMER) timestamp=9363 ms, used_size=4550656 bytes (11.1%)
(RDMA_READ_CONSUME_CHECK_CONSUMER) timestamp=9363 ms, used_size=4548608 bytes (11.1%)
(RDMA_READ_CONSUME_CHECK_CONSUMER) timestamp=9363 ms, used_size=4546560 bytes (11.1%)
(RDMA_READ_CONSUME_CHECK_CONSUMER) timestamp=9363 ms, used_size=4544512 bytes (11.1%)
(RDMA_READ_CONSUME_CHECK_CONSUMER) timestamp=9363 ms, used_size=4542464 bytes (11.1%)
(RDMA_READ_CONSUME_CHECK_CONSUMER) timestamp=9363 ms, used_size=4540416 bytes (11.1%)
(RDMA_READ_CONSUME_CHECK_CONSUMER) timestamp=9363 ms, used_size=4538368 bytes (11.1%)
(RDMA_READ_CONSUME_CHECK_CONSUMER) timestamp=9363 ms, used_size=4536320 bytes (11.1%)
(RDMA_READ_CONSUME_CHECK_CONSUMER) timestamp=9363 ms, used_size=4534272 bytes (11.1%)
(RDMA_READ_CONSUME_CHECK_CONSUMER) timestamp=9363 ms, used_size=4532224 bytes (11.1%)
(RDMA_READ_CONSUME_CHECK_CONSUMER) timestamp=9363 ms, used_size=4530176 bytes (11.1%)
(RDMA_READ_CONSUME_CHECK_CONSUMER) timestamp=9363 ms, used_size=4528128 bytes (11.1%)
(RDMA_READ_CONSUME_CHECK_CONSUMER) timestamp=9363 ms, used_size=4526080 bytes (11.1%)
(RDMA_READ_CONSUME_CHECK_CONSUMER) timestamp=9363 ms, used_size=4524032 bytes (11.0%)
(RDMA_READ_CONSUME_CHECK_CONSUMER) timestamp=9363 ms, used_size=4521984 bytes (11.0%)
(RDMA_READ_CONSUME_CHECK_CONSUMER) timestamp=9363 ms, used_size=4519936 bytes (11.0%)
(RDMA_READ_CONSUME_CHECK_CONSUMER) timestamp=9363 ms, used_size=4517888 bytes (11.0%)
(RDMA_READ_CONSUME_CHECK_CONSUMER) timestamp=9363 ms, used_size=4515840 bytes (11.0%)
(RDMA_READ_CONSUME_CHECK_CONSUMER) timestamp=9363 ms, used_size=4513792 bytes (11.0%)
(RDMA_READ_CONSUME_CHECK_CONSUMER) timestamp=9363 ms, used_size=4511744 bytes (11.0%)
(RDMA_READ_CONSUME_CHECK_CONSUMER) timestamp=9363 ms, used_size=4509696 bytes (11.0%)
(RDMA_READ_CONSUME_CHECK_CONSUMER) timestamp=9363 ms, used_size=4507648 bytes (11.0%)
(RDMA_READ_CONSUME_CHECK_CONSUMER) timestamp=9363 ms, used_size=4505600 bytes (11.0%)
(RDMA_READ_CONSUME_CHECK_CONSUMER) timestamp=9363 ms, used_size=4503552 bytes (11.0%)
(RDMA_READ_CONSUME_CHECK_CONSUMER) timestamp=9363 ms, used_size=4501504 bytes (11.0%)
(RDMA_READ_CONSUME_CHECK_CONSUMER) timestamp=9363 ms, used_size=4499456 bytes (11.0%)
(RDMA_READ_CONSUME_CHECK_CONSUMER) timestamp=9363 ms, used_size=4497408 bytes (11.0%)
(RDMA_READ_CONSUME_CHECK_CONSUMER) timestamp=9363 ms, used_size=4495360 bytes (11.0%)
(RDMA_READ_CONSUME_CHECK_CONSUMER) timestamp=9363 ms, used_size=4493312 bytes (11.0%)
(RDMA_READ_CONSUME_CHECK_CONSUMER) timestamp=9363 ms, used_size=4491264 bytes (11.0%)
(RDMA_READ_CONSUME_CHECK_CONSUMER) timestamp=9363 ms, used_size=4489216 bytes (11.0%)
(RDMA_READ_CONSUME_CHECK_CONSUMER) timestamp=9363 ms, used_size=4487168 bytes (11.0%)
(RDMA_READ_CONSUME_CHECK_CONSUMER) timestamp=9363 ms, used_size=4485120 bytes (10.9%)
(RDMA_READ_CONSUME_CHECK_CONSUMER) timestamp=9363 ms, used_size=4483072 bytes (10.9%)
(RDMA_READ_CONSUME_CHECK_CONSUMER) timestamp=9363 ms, used_size=4481024 bytes (10.9%)
(RDMA_READ_CONSUME_CHECK_CONSUMER) timestamp=9363 ms, used_size=4478976 bytes (10.9%)
(RDMA_READ_CONSUME_CHECK_CONSUMER) timestamp=9363 ms, used_size=4476928 bytes (10.9%)
(RDMA_READ_CONSUME_CHECK_CONSUMER) timestamp=9363 ms, used_size=4474880 bytes (10.9%)
(RDMA_READ_CONSUME_CHECK_CONSUMER) timestamp=9363 ms, used_size=4472832 bytes (10.9%)
(RDMA_READ_CONSUME_CHECK_CONSUMER) timestamp=9364 ms, used_size=4470784 bytes (10.9%)
(RDMA_READ_CONSUME_CHECK_CONSUMER) timestamp=9364 ms, used_size=4468736 bytes (10.9%)
(RDMA_READ_CONSUME_CHECK_CONSUMER) timestamp=9364 ms, used_size=4466688 bytes (10.9%)
(RDMA_READ_CONSUME_CHECK_CONSUMER) timestamp=9364 ms, used_size=4464640 bytes (10.9%)
(RDMA_READ_CONSUME_CHECK_CONSUMER) timestamp=9364 ms, used_size=4462592 bytes (10.9%)
(RDMA_READ_CONSUME_CHECK_CONSUMER) timestamp=9364 ms, used_size=4460544 bytes (10.9%)
(RDMA_READ_CONSUME_CHECK_CONSUMER) timestamp=9364 ms, used_size=4458496 bytes (10.9%)
(RDMA_READ_CONSUME_CHECK_CONSUMER) timestamp=9364 ms, used_size=4456448 bytes (10.9%)
(RDMA_READ_CONSUME_CHECK_CONSUMER) timestamp=9364 ms, used_size=4454400 bytes (10.9%)
(RDMA_READ_CONSUME_CHECK_CONSUMER) timestamp=9364 ms, used_size=4452352 bytes (10.9%)
(RDMA_READ_CONSUME_CHECK_CONSUMER) timestamp=9364 ms, used_size=4450304 bytes (10.9%)
(RDMA_READ_CONSUME_CHECK_CONSUMER) timestamp=9364 ms, used_size=4448256 bytes (10.9%)
(RDMA_READ_CONSUME_CHECK_CONSUMER) timestamp=9364 ms, used_size=4446208 bytes (10.9%)
(RDMA_READ_CONSUME_CHECK_CONSUMER) timestamp=9364 ms, used_size=4444160 bytes (10.8%)
(RDMA_READ_CONSUME_CHECK_CONSUMER) timestamp=9364 ms, used_size=4442112 bytes (10.8%)
(RDMA_READ_CONSUME_CHECK_CONSUMER) timestamp=9364 ms, used_size=4440064 bytes (10.8%)
(RDMA_READ_CONSUME_CHECK_CONSUMER) timestamp=9364 ms, used_size=4438016 bytes (10.8%)
(RDMA_READ_CONSUME_CHECK_CONSUMER) timestamp=9364 ms, used_size=4435968 bytes (10.8%)
(RDMA_READ_CONSUME_CHECK_CONSUMER) timestamp=9364 ms, used_size=4433920 bytes (10.8%)
(RDMA_READ_CONSUME_CHECK_CONSUMER) timestamp=9364 ms, used_size=4431872 bytes (10.8%)
(RDMA_READ_CONSUME_CHECK_CONSUMER) timestamp=9364 ms, used_size=4429824 bytes (10.8%)
(RDMA_READ_CONSUME_CHECK_CONSUMER) timestamp=9364 ms, used_size=4427776 bytes (10.8%)
(RDMA_READ_CONSUME_CHECK_CONSUMER) timestamp=9364 ms, used_size=4425728 bytes (10.8%)
(RDMA_READ_CONSUME_CHECK_CONSUMER) timestamp=9364 ms, used_size=4423680 bytes (10.8%)
(RDMA_READ_CONSUME_CHECK_CONSUMER) timestamp=9364 ms, used_size=4421632 bytes (10.8%)
(RDMA_READ_CONSUME_CHECK_CONSUMER) timestamp=9364 ms, used_size=4419584 bytes (10.8%)
(RDMA_READ_CONSUME_CHECK_CONSUMER) timestamp=9364 ms, used_size=4417536 bytes (10.8%)
(RDMA_READ_CONSUME_CHECK_CONSUMER) timestamp=9364 ms, used_size=4415488 bytes (10.8%)
(RDMA_READ_CONSUME_CHECK_CONSUMER) timestamp=9364 ms, used_size=4413440 bytes (10.8%)
(RDMA_READ_CONSUME_CHECK_CONSUMER) timestamp=9364 ms, used_size=4411392 bytes (10.8%)
(RDMA_READ_CONSUME_CHECK_CONSUMER) timestamp=9364 ms, used_size=4409344 bytes (10.8%)
(RDMA_READ_CONSUME_CHECK_CONSUMER) timestamp=9364 ms, used_size=4407296 bytes (10.8%)
(RDMA_READ_CONSUME_CHECK_CONSUMER) timestamp=9364 ms, used_size=4405248 bytes (10.8%)
(RDMA_READ_CONSUME_CHECK_CONSUMER) timestamp=9364 ms, used_size=4403200 bytes (10.8%)
(RDMA_READ_CONSUME_CHECK_CONSUMER) timestamp=9364 ms, used_size=4401152 bytes (10.7%)
(RDMA_READ_CONSUME_CHECK_CONSUMER) timestamp=9364 ms, used_size=4399104 bytes (10.7%)
(RDMA_READ_CONSUME_CHECK_CONSUMER) timestamp=9364 ms, used_size=4397056 bytes (10.7%)
(RDMA_READ_CONSUME_CHECK_CONSUMER) timestamp=9364 ms, used_size=4395008 bytes (10.7%)
(RDMA_READ_CONSUME_CHECK_CONSUMER) timestamp=9364 ms, used_size=4392960 bytes (10.7%)
(RDMA_READ_CONSUME_CHECK_CONSUMER) timestamp=9364 ms, used_size=4390912 bytes (10.7%)
(RDMA_READ_CONSUME_CHECK_CONSUMER) timestamp=9364 ms, used_size=4388864 bytes (10.7%)
(RDMA_READ_CONSUME_CHECK_CONSUMER) timestamp=9364 ms, used_size=4386816 bytes (10.7%)
(RDMA_READ_CONSUME_CHECK_CONSUMER) timestamp=9364 ms, used_size=4384768 bytes (10.7%)
(RDMA_READ_CONSUME_CHECK_CONSUMER) timestamp=9364 ms, used_size=4382720 bytes (10.7%)
(RDMA_READ_CONSUME_CHECK_CONSUMER) timestamp=9364 ms, used_size=4380672 bytes (10.7%)
(RDMA_READ_CONSUME_CHECK_CONSUMER) timestamp=9364 ms, used_size=4378624 bytes (10.7%)
(RDMA_READ_CONSUME_CHECK_CONSUMER) timestamp=9364 ms, used_size=4376576 bytes (10.7%)
(RDMA_READ_CONSUME_CHECK_CONSUMER) timestamp=9364 ms, used_size=4374528 bytes (10.7%)
(RDMA_READ_CONSUME_CHECK_CONSUMER) timestamp=9364 ms, used_size=4372480 bytes (10.7%)
(RDMA_READ_CONSUME_CHECK_CONSUMER) timestamp=9364 ms, used_size=4370432 bytes (10.7%)
(RDMA_READ_CONSUME_CHECK_CONSUMER) timestamp=9364 ms, used_size=4368384 bytes (10.7%)
(RDMA_READ_CONSUME_CHECK_CONSUMER) timestamp=9364 ms, used_size=4366336 bytes (10.7%)
(RDMA_READ_CONSUME_CHECK_CONSUMER) timestamp=9364 ms, used_size=4364288 bytes (10.7%)
(RDMA_READ_CONSUME_CHECK_CONSUMER) timestamp=9364 ms, used_size=4362240 bytes (10.7%)
(RDMA_READ_CONSUME_CHECK_CONSUMER) timestamp=9364 ms, used_size=4360192 bytes (10.6%)
(RDMA_READ_CONSUME_CHECK_CONSUMER) timestamp=9364 ms, used_size=4358144 bytes (10.6%)
(RDMA_READ_CONSUME_CHECK_CONSUMER) timestamp=9364 ms, used_size=4356096 bytes (10.6%)
(RDMA_READ_CONSUME_CHECK_CONSUMER) timestamp=9364 ms, used_size=4354048 bytes (10.6%)
(RDMA_READ_CONSUME_CHECK_CONSUMER) timestamp=9364 ms, used_size=4352000 bytes (10.6%)
(RDMA_READ_CONSUME_CHECK_CONSUMER) timestamp=9364 ms, used_size=4349952 bytes (10.6%)
(RDMA_READ_CONSUME_CHECK_CONSUMER) timestamp=9364 ms, used_size=4347904 bytes (10.6%)
(RDMA_READ_CONSUME_CHECK_CONSUMER) timestamp=9364 ms, used_size=4345856 bytes (10.6%)
(RDMA_READ_CONSUME_CHECK_CONSUMER) timestamp=9364 ms, used_size=4343808 bytes (10.6%)
(RDMA_READ_CONSUME_CHECK_CONSUMER) timestamp=9364 ms, used_size=4341760 bytes (10.6%)
(RDMA_READ_CONSUME_CHECK_CONSUMER) timestamp=9364 ms, used_size=4339712 bytes (10.6%)
(RDMA_READ_CONSUME_CHECK_CONSUMER) timestamp=9364 ms, used_size=4337664 bytes (10.6%)
(RDMA_READ_CONSUME_CHECK_CONSUMER) timestamp=9364 ms, used_size=4335616 bytes (10.6%)
(RDMA_READ_CONSUME_CHECK_CONSUMER) timestamp=9364 ms, used_size=4333568 bytes (10.6%)
(RDMA_READ_CONSUME_CHECK_CONSUMER) timestamp=9364 ms, used_size=4331520 bytes (10.6%)
(RDMA_READ_CONSUME_CHECK_CONSUMER) timestamp=9364 ms, used_size=4329472 bytes (10.6%)
(RDMA_READ_CONSUME_CHECK_CONSUMER) timestamp=9364 ms, used_size=4327424 bytes (10.6%)
(RDMA_READ_CONSUME_CHECK_CONSUMER) timestamp=9364 ms, used_size=4325376 bytes (10.6%)
(RDMA_READ_CONSUME_CHECK_CONSUMER) timestamp=9364 ms, used_size=4323328 bytes (10.6%)
(RDMA_READ_CONSUME_CHECK_CONSUMER) timestamp=9364 ms, used_size=4321280 bytes (10.6%)
(RDMA_READ_CONSUME_CHECK_CONSUMER) timestamp=9364 ms, used_size=4319232 bytes (10.5%)
(RDMA_READ_CONSUME_CHECK_CONSUMER) timestamp=9364 ms, used_size=4317184 bytes (10.5%)
(RDMA_READ_CONSUME_CHECK_CONSUMER) timestamp=9364 ms, used_size=4315136 bytes (10.5%)
(RDMA_READ_CONSUME_CHECK_CONSUMER) timestamp=9364 ms, used_size=4313088 bytes (10.5%)
(RDMA_READ_CONSUME_CHECK_CONSUMER) timestamp=9364 ms, used_size=4311040 bytes (10.5%)
(RDMA_READ_CONSUME_CHECK_CONSUMER) timestamp=9364 ms, used_size=4308992 bytes (10.5%)
(RDMA_READ_CONSUME_CHECK_CONSUMER) timestamp=9364 ms, used_size=4306944 bytes (10.5%)
(RDMA_READ_CONSUME_CHECK_CONSUMER) timestamp=9364 ms, used_size=4304896 bytes (10.5%)
(RDMA_READ_CONSUME_CHECK_CONSUMER) timestamp=9364 ms, used_size=4302848 bytes (10.5%)
(RDMA_READ_CONSUME_CHECK_CONSUMER) timestamp=9364 ms, used_size=4300800 bytes (10.5%)
(RDMA_READ_CONSUME_CHECK_CONSUMER) timestamp=9364 ms, used_size=4298752 bytes (10.5%)
(RDMA_READ_CONSUME_CHECK_CONSUMER) timestamp=9364 ms, used_size=4296704 bytes (10.5%)
(RDMA_READ_CONSUME_CHECK_CONSUMER) timestamp=9364 ms, used_size=4294656 bytes (10.5%)
(RDMA_READ_CONSUME_CHECK_CONSUMER) timestamp=9364 ms, used_size=4292608 bytes (10.5%)
(RDMA_READ_CONSUME_CHECK_CONSUMER) timestamp=9364 ms, used_size=4290560 bytes (10.5%)
(RDMA_READ_CONSUME_CHECK_CONSUMER) timestamp=9364 ms, used_size=4288512 bytes (10.5%)
(RDMA_READ_CONSUME_CHECK_CONSUMER) timestamp=9364 ms, used_size=4286464 bytes (10.5%)
(RDMA_READ_CONSUME_CHECK_CONSUMER) timestamp=9364 ms, used_size=4284416 bytes (10.5%)
(RDMA_READ_CONSUME_CHECK_CONSUMER) timestamp=9364 ms, used_size=4282368 bytes (10.5%)
(RDMA_READ_CONSUME_CHECK_CONSUMER) timestamp=9364 ms, used_size=4280320 bytes (10.4%)
(RDMA_READ_CONSUME_CHECK_CONSUMER) timestamp=9364 ms, used_size=4278272 bytes (10.4%)
(RDMA_READ_CONSUME_CHECK_CONSUMER) timestamp=9364 ms, used_size=4276224 bytes (10.4%)
(RDMA_READ_CONSUME_CHECK_CONSUMER) timestamp=9364 ms, used_size=4274176 bytes (10.4%)
(RDMA_READ_CONSUME_CHECK_CONSUMER) timestamp=9364 ms, used_size=4272128 bytes (10.4%)
(RDMA_READ_CONSUME_CHECK_CONSUMER) timestamp=9364 ms, used_size=4270080 bytes (10.4%)
(RDMA_READ_CONSUME_CHECK_CONSUMER) timestamp=9364 ms, used_size=4268032 bytes (10.4%)
(RDMA_READ_CONSUME_CHECK_CONSUMER) timestamp=9364 ms, used_size=4265984 bytes (10.4%)
(RDMA_READ_CONSUME_CHECK_CONSUMER) timestamp=9364 ms, used_size=4263936 bytes (10.4%)
(RDMA_READ_CONSUME_CHECK_CONSUMER) timestamp=9364 ms, used_size=4261888 bytes (10.4%)
(RDMA_READ_CONSUME_CHECK_CONSUMER) timestamp=9364 ms, used_size=4259840 bytes (10.4%)
(RDMA_READ_CONSUME_CHECK_CONSUMER) timestamp=9364 ms, used_size=4257792 bytes (10.4%)
(RDMA_READ_CONSUME_CHECK_CONSUMER) timestamp=9364 ms, used_size=4255744 bytes (10.4%)
(RDMA_READ_CONSUME_CHECK_CONSUMER) timestamp=9364 ms, used_size=4253696 bytes (10.4%)
(RDMA_READ_CONSUME_CHECK_CONSUMER) timestamp=9364 ms, used_size=4251648 bytes (10.4%)
(RDMA_READ_CONSUME_CHECK_CONSUMER) timestamp=9364 ms, used_size=4249600 bytes (10.4%)
(RDMA_READ_CONSUME_CHECK_CONSUMER) timestamp=9364 ms, used_size=4247552 bytes (10.4%)
(RDMA_READ_CONSUME_CHECK_CONSUMER) timestamp=9364 ms, used_size=4245504 bytes (10.4%)
(RDMA_READ_CONSUME_CHECK_CONSUMER) timestamp=9364 ms, used_size=4243456 bytes (10.4%)
(RDMA_READ_CONSUME_CHECK_CONSUMER) timestamp=9364 ms, used_size=4241408 bytes (10.4%)
(RDMA_READ_CONSUME_CHECK_CONSUMER) timestamp=9364 ms, used_size=4239360 bytes (10.3%)
(RDMA_READ_CONSUME_CHECK_CONSUMER) timestamp=9364 ms, used_size=4237312 bytes (10.3%)
(RDMA_READ_CONSUME_CHECK_CONSUMER) timestamp=9364 ms, used_size=4235264 bytes (10.3%)
(RDMA_READ_CONSUME_CHECK_CONSUMER) timestamp=9364 ms, used_size=4233216 bytes (10.3%)
(RDMA_READ_CONSUME_CHECK_CONSUMER) timestamp=9364 ms, used_size=4231168 bytes (10.3%)
(RDMA_READ_CONSUME_CHECK_CONSUMER) timestamp=9364 ms, used_size=4229120 bytes (10.3%)
(RDMA_READ_CONSUME_CHECK_CONSUMER) timestamp=9364 ms, used_size=4227072 bytes (10.3%)
(RDMA_READ_CONSUME_CHECK_CONSUMER) timestamp=9364 ms, used_size=4225024 bytes (10.3%)
(RDMA_READ_CONSUME_CHECK_CONSUMER) timestamp=9364 ms, used_size=4222976 bytes (10.3%)
(RDMA_READ_CONSUME_CHECK_CONSUMER) timestamp=9364 ms, used_size=4220928 bytes (10.3%)
(RDMA_READ_CONSUME_CHECK_CONSUMER) timestamp=9364 ms, used_size=4218880 bytes (10.3%)
(RDMA_READ_CONSUME_CHECK_CONSUMER) timestamp=9364 ms, used_size=4216832 bytes (10.3%)
(RDMA_READ_CONSUME_CHECK_CONSUMER) timestamp=9364 ms, used_size=4214784 bytes (10.3%)
(RDMA_READ_CONSUME_CHECK_CONSUMER) timestamp=9364 ms, used_size=4212736 bytes (10.3%)
(RDMA_READ_CONSUME_CHECK_CONSUMER) timestamp=9364 ms, used_size=4210688 bytes (10.3%)
(RDMA_READ_CONSUME_CHECK_CONSUMER) timestamp=9364 ms, used_size=4208640 bytes (10.3%)
(RDMA_READ_CONSUME_CHECK_CONSUMER) timestamp=9364 ms, used_size=4206592 bytes (10.3%)
(RDMA_READ_CONSUME_CHECK_CONSUMER) timestamp=9364 ms, used_size=4204544 bytes (10.3%)
(RDMA_READ_CONSUME_CHECK_CONSUMER) timestamp=9364 ms, used_size=4202496 bytes (10.3%)
(RDMA_READ_CONSUME_CHECK_CONSUMER) timestamp=9364 ms, used_size=4200448 bytes (10.3%)
(RDMA_READ_CONSUME_CHECK_CONSUMER) timestamp=9364 ms, used_size=4198400 bytes (10.2%)
(RDMA_READ_CONSUME_CHECK_CONSUMER) timestamp=9364 ms, used_size=4196352 bytes (10.2%)
(RDMA_READ_CONSUME_CHECK_CONSUMER) timestamp=9364 ms, used_size=4194304 bytes (10.2%)
(RDMA_READ_CONSUME_CHECK_CONSUMER) timestamp=9364 ms, used_size=4192256 bytes (10.2%)
(RDMA_READ_CONSUME_CHECK_CONSUMER) timestamp=9364 ms, used_size=4190208 bytes (10.2%)
(RDMA_READ_CONSUME_CHECK_CONSUMER) timestamp=9364 ms, used_size=4188160 bytes (10.2%)
(RDMA_READ_CONSUME_CHECK_CONSUMER) timestamp=9364 ms, used_size=4186112 bytes (10.2%)
(RDMA_READ_CONSUME_CHECK_CONSUMER) timestamp=9364 ms, used_size=4184064 bytes (10.2%)
(RDMA_READ_CONSUME_CHECK_CONSUMER) timestamp=9364 ms, used_size=4182016 bytes (10.2%)
(RDMA_READ_CONSUME_CHECK_CONSUMER) timestamp=9364 ms, used_size=4179968 bytes (10.2%)
(RDMA_READ_CONSUME_CHECK_CONSUMER) timestamp=9364 ms, used_size=4177920 bytes (10.2%)
(RDMA_READ_CONSUME_CHECK_CONSUMER) timestamp=9364 ms, used_size=4175872 bytes (10.2%)
(RDMA_READ_CONSUME_CHECK_CONSUMER) timestamp=9364 ms, used_size=4173824 bytes (10.2%)
(RDMA_READ_CONSUME_CHECK_CONSUMER) timestamp=9364 ms, used_size=4171776 bytes (10.2%)
(RDMA_READ_CONSUME_CHECK_CONSUMER) timestamp=9364 ms, used_size=4169728 bytes (10.2%)
(RDMA_READ_CONSUME_CHECK_CONSUMER) timestamp=9364 ms, used_size=4167680 bytes (10.2%)
(RDMA_READ_CONSUME_CHECK_CONSUMER) timestamp=9364 ms, used_size=4165632 bytes (10.2%)
(RDMA_READ_CONSUME_CHECK_CONSUMER) timestamp=9364 ms, used_size=4163584 bytes (10.2%)
(RDMA_READ_CONSUME_CHECK_CONSUMER) timestamp=9364 ms, used_size=4161536 bytes (10.2%)
(RDMA_READ_CONSUME_CHECK_CONSUMER) timestamp=9364 ms, used_size=4159488 bytes (10.2%)
(RDMA_READ_CONSUME_CHECK_CONSUMER) timestamp=9364 ms, used_size=4157440 bytes (10.2%)
(RDMA_READ_CONSUME_CHECK_CONSUMER) timestamp=9364 ms, used_size=4155392 bytes (10.1%)
(RDMA_READ_CONSUME_CHECK_CONSUMER) timestamp=9364 ms, used_size=4153344 bytes (10.1%)
(RDMA_READ_CONSUME_CHECK_CONSUMER) timestamp=9364 ms, used_size=4151296 bytes (10.1%)
(RDMA_READ_CONSUME_CHECK_CONSUMER) timestamp=9364 ms, used_size=4149248 bytes (10.1%)
(RDMA_READ_CONSUME_CHECK_CONSUMER) timestamp=9364 ms, used_size=4147200 bytes (10.1%)
(RDMA_READ_CONSUME_CHECK_CONSUMER) timestamp=9364 ms, used_size=4145152 bytes (10.1%)
(RDMA_READ_CONSUME_CHECK_CONSUMER) timestamp=9364 ms, used_size=4143104 bytes (10.1%)
(RDMA_READ_CONSUME_CHECK_CONSUMER) timestamp=9364 ms, used_size=4141056 bytes (10.1%)
(RDMA_READ_CONSUME_CHECK_CONSUMER) timestamp=9364 ms, used_size=4139008 bytes (10.1%)
(RDMA_READ_CONSUME_CHECK_CONSUMER) timestamp=9364 ms, used_size=4136960 bytes (10.1%)
(RDMA_READ_CONSUME_CHECK_CONSUMER) timestamp=9364 ms, used_size=4134912 bytes (10.1%)
(RDMA_READ_CONSUME_CHECK_CONSUMER) timestamp=9364 ms, used_size=4132864 bytes (10.1%)
(RDMA_READ_CONSUME_CHECK_CONSUMER) timestamp=9364 ms, used_size=4130816 bytes (10.1%)
(RDMA_READ_CONSUME_CHECK_CONSUMER) timestamp=9364 ms, used_size=4128768 bytes (10.1%)
(RDMA_READ_CONSUME_CHECK_CONSUMER) timestamp=9364 ms, used_size=4126720 bytes (10.1%)
(RDMA_READ_CONSUME_CHECK_CONSUMER) timestamp=9364 ms, used_size=4124672 bytes (10.1%)
(RDMA_READ_CONSUME_CHECK_CONSUMER) timestamp=9364 ms, used_size=4122624 bytes (10.1%)
(RDMA_READ_CONSUME_CHECK_CONSUMER) timestamp=9364 ms, used_size=4120576 bytes (10.1%)
(RDMA_READ_CONSUME_CHECK_CONSUMER) timestamp=9364 ms, used_size=4118528 bytes (10.1%)
(RDMA_READ_CONSUME_CHECK_CONSUMER) timestamp=9364 ms, used_size=4116480 bytes (10.1%)
(RDMA_READ_CONSUME_CHECK_CONSUMER) timestamp=9364 ms, used_size=4114432 bytes (10.0%)
(RDMA_READ_CONSUME_CHECK_CONSUMER) timestamp=9364 ms, used_size=4112384 bytes (10.0%)
(RDMA_READ_CONSUME_CHECK_CONSUMER) timestamp=9364 ms, used_size=4110336 bytes (10.0%)
(RDMA_READ_CONSUME_CHECK_CONSUMER) timestamp=9364 ms, used_size=4108288 bytes (10.0%)
(RDMA_READ_CONSUME_CHECK_CONSUMER) timestamp=9364 ms, used_size=4106240 bytes (10.0%)
(RDMA_READ_CONSUME_CHECK_CONSUMER) timestamp=9364 ms, used_size=4104192 bytes (10.0%)
(RDMA_READ_CONSUME_CHECK_CONSUMER) timestamp=9364 ms, used_size=4102144 bytes (10.0%)
(RDMA_READ_CONSUME_CHECK_CONSUMER) timestamp=9364 ms, used_size=4100096 bytes (10.0%)
(RDMA_READ_CONSUME_CHECK_CONSUMER) timestamp=9364 ms, used_size=4098048 bytes (10.0%)
(RDMA_READ_CONSUME_CHECK_CONSUMER) timestamp=9364 ms, used_size=4096000 bytes (10.0%)
(RDMA_READ_CONSUME_CHECK_CONSUMER) timestamp=9365 ms, used_size=4093952 bytes (10.0%)
(RDMA_READ_CONSUME_CHECK_CONSUMER) timestamp=9365 ms, used_size=4091904 bytes (10.0%)
(RDMA_READ_CONSUME_CHECK_CONSUMER) timestamp=9365 ms, used_size=4089856 bytes (10.0%)
(RDMA_READ_CONSUME_CHECK_CONSUMER) timestamp=9365 ms, used_size=4087808 bytes (10.0%)
(RDMA_READ_CONSUME_CHECK_CONSUMER) timestamp=9365 ms, used_size=4085760 bytes (10.0%)
(RDMA_READ_CONSUME_CHECK_CONSUMER) timestamp=9365 ms, used_size=4083712 bytes (10.0%)
(RDMA_READ_CONSUME_CHECK_CONSUMER) timestamp=9365 ms, used_size=4081664 bytes (10.0%)
(RDMA_READ_CONSUME_CHECK_CONSUMER) timestamp=9365 ms, used_size=4079616 bytes (10.0%)
(RDMA_READ_CONSUME_CHECK_CONSUMER) timestamp=9365 ms, used_size=4077568 bytes (10.0%)
(RDMA_READ_CONSUME_CHECK_CONSUMER) timestamp=9365 ms, used_size=4075520 bytes (9.9%)
(RDMA_READ_CONSUME_CHECK_CONSUMER) timestamp=9365 ms, used_size=4073472 bytes (9.9%)
(RDMA_READ_CONSUME_CHECK_CONSUMER) timestamp=9365 ms, used_size=4071424 bytes (9.9%)
(RDMA_READ_CONSUME_CHECK_CONSUMER) timestamp=9365 ms, used_size=4069376 bytes (9.9%)
(RDMA_READ_CONSUME_CHECK_CONSUMER) timestamp=9365 ms, used_size=4067328 bytes (9.9%)
(RDMA_READ_CONSUME_CHECK_CONSUMER) timestamp=9365 ms, used_size=4065280 bytes (9.9%)
(RDMA_READ_CONSUME_CHECK_CONSUMER) timestamp=9365 ms, used_size=4063232 bytes (9.9%)
(RDMA_READ_CONSUME_CHECK_CONSUMER) timestamp=9365 ms, used_size=4061184 bytes (9.9%)
(RDMA_READ_CONSUME_CHECK_CONSUMER) timestamp=9365 ms, used_size=4059136 bytes (9.9%)
(RDMA_READ_CONSUME_CHECK_CONSUMER) timestamp=9365 ms, used_size=4057088 bytes (9.9%)
(RDMA_READ_CONSUME_CHECK_CONSUMER) timestamp=9365 ms, used_size=4055040 bytes (9.9%)
(RDMA_READ_CONSUME_CHECK_CONSUMER) timestamp=9365 ms, used_size=4052992 bytes (9.9%)
(RDMA_READ_CONSUME_CHECK_CONSUMER) timestamp=9365 ms, used_size=4050944 bytes (9.9%)
(RDMA_READ_CONSUME_CHECK_CONSUMER) timestamp=9365 ms, used_size=4048896 bytes (9.9%)
(RDMA_READ_CONSUME_CHECK_CONSUMER) timestamp=9365 ms, used_size=4046848 bytes (9.9%)
(RDMA_READ_CONSUME_CHECK_CONSUMER) timestamp=9365 ms, used_size=4044800 bytes (9.9%)
(RDMA_READ_CONSUME_CHECK_CONSUMER) timestamp=9365 ms, used_size=4042752 bytes (9.9%)
(RDMA_READ_CONSUME_CHECK_CONSUMER) timestamp=9365 ms, used_size=4040704 bytes (9.9%)
(RDMA_READ_CONSUME_CHECK_CONSUMER) timestamp=9365 ms, used_size=4038656 bytes (9.9%)
(RDMA_READ_CONSUME_CHECK_CONSUMER) timestamp=9365 ms, used_size=4036608 bytes (9.9%)
(RDMA_READ_CONSUME_CHECK_CONSUMER) timestamp=9365 ms, used_size=4034560 bytes (9.8%)
(RDMA_READ_CONSUME_CHECK_CONSUMER) timestamp=9365 ms, used_size=4032512 bytes (9.8%)
(RDMA_READ_CONSUME_CHECK_CONSUMER) timestamp=9365 ms, used_size=4030464 bytes (9.8%)
(RDMA_READ_CONSUME_CHECK_CONSUMER) timestamp=9365 ms, used_size=4028416 bytes (9.8%)
(RDMA_READ_CONSUME_CHECK_CONSUMER) timestamp=9365 ms, used_size=4026368 bytes (9.8%)
(RDMA_READ_CONSUME_CHECK_CONSUMER) timestamp=9365 ms, used_size=4024320 bytes (9.8%)
(RDMA_READ_CONSUME_CHECK_CONSUMER) timestamp=9365 ms, used_size=4022272 bytes (9.8%)
(RDMA_READ_CONSUME_CHECK_CONSUMER) timestamp=9365 ms, used_size=4020224 bytes (9.8%)
(RDMA_READ_CONSUME_CHECK_CONSUMER) timestamp=9365 ms, used_size=4018176 bytes (9.8%)
(RDMA_READ_CONSUME_CHECK_CONSUMER) timestamp=9365 ms, used_size=4016128 bytes (9.8%)
(RDMA_READ_CONSUME_CHECK_CONSUMER) timestamp=9365 ms, used_size=4014080 bytes (9.8%)
(RDMA_READ_CONSUME_CHECK_CONSUMER) timestamp=9365 ms, used_size=4012032 bytes (9.8%)
(RDMA_READ_CONSUME_CHECK_CONSUMER) timestamp=9365 ms, used_size=4009984 bytes (9.8%)
(RDMA_READ_CONSUME_CHECK_CONSUMER) timestamp=9365 ms, used_size=4007936 bytes (9.8%)
(RDMA_READ_CONSUME_CHECK_CONSUMER) timestamp=9365 ms, used_size=4005888 bytes (9.8%)
(RDMA_READ_CONSUME_CHECK_CONSUMER) timestamp=9365 ms, used_size=4003840 bytes (9.8%)
(RDMA_READ_CONSUME_CHECK_CONSUMER) timestamp=9365 ms, used_size=4001792 bytes (9.8%)
(RDMA_READ_CONSUME_CHECK_CONSUMER) timestamp=9365 ms, used_size=3999744 bytes (9.8%)
(RDMA_READ_CONSUME_CHECK_CONSUMER) timestamp=9365 ms, used_size=3997696 bytes (9.8%)
(RDMA_READ_CONSUME_CHECK_CONSUMER) timestamp=9365 ms, used_size=3995648 bytes (9.8%)
(RDMA_READ_CONSUME_CHECK_CONSUMER) timestamp=9365 ms, used_size=3993600 bytes (9.8%)
(RDMA_READ_CONSUME_CHECK_CONSUMER) timestamp=9365 ms, used_size=3991552 bytes (9.7%)
(RDMA_READ_CONSUME_CHECK_CONSUMER) timestamp=9365 ms, used_size=3989504 bytes (9.7%)
(RDMA_READ_CONSUME_CHECK_CONSUMER) timestamp=9365 ms, used_size=3987456 bytes (9.7%)
(RDMA_READ_CONSUME_CHECK_CONSUMER) timestamp=9365 ms, used_size=3985408 bytes (9.7%)
(RDMA_READ_CONSUME_CHECK_CONSUMER) timestamp=9365 ms, used_size=3983360 bytes (9.7%)
(RDMA_READ_CONSUME_CHECK_CONSUMER) timestamp=9365 ms, used_size=3981312 bytes (9.7%)
(RDMA_READ_CONSUME_CHECK_CONSUMER) timestamp=9365 ms, used_size=3979264 bytes (9.7%)
(RDMA_READ_CONSUME_CHECK_CONSUMER) timestamp=9365 ms, used_size=3977216 bytes (9.7%)
(RDMA_READ_CONSUME_CHECK_CONSUMER) timestamp=9365 ms, used_size=3975168 bytes (9.7%)
(RDMA_READ_CONSUME_CHECK_CONSUMER) timestamp=9365 ms, used_size=3973120 bytes (9.7%)
(RDMA_READ_CONSUME_CHECK_CONSUMER) timestamp=9365 ms, used_size=3971072 bytes (9.7%)
(RDMA_READ_CONSUME_CHECK_CONSUMER) timestamp=9365 ms, used_size=3969024 bytes (9.7%)
(RDMA_READ_CONSUME_CHECK_CONSUMER) timestamp=9365 ms, used_size=3966976 bytes (9.7%)
(RDMA_READ_CONSUME_CHECK_CONSUMER) timestamp=9365 ms, used_size=3964928 bytes (9.7%)
(RDMA_READ_CONSUME_CHECK_CONSUMER) timestamp=9365 ms, used_size=3962880 bytes (9.7%)
(RDMA_READ_CONSUME_CHECK_CONSUMER) timestamp=9365 ms, used_size=3960832 bytes (9.7%)
(RDMA_READ_CONSUME_CHECK_CONSUMER) timestamp=9365 ms, used_size=3958784 bytes (9.7%)
(RDMA_READ_CONSUME_CHECK_CONSUMER) timestamp=9365 ms, used_size=3956736 bytes (9.7%)
(RDMA_READ_CONSUME_CHECK_CONSUMER) timestamp=9365 ms, used_size=3954688 bytes (9.7%)
(RDMA_READ_CONSUME_CHECK_CONSUMER) timestamp=9365 ms, used_size=3952640 bytes (9.7%)
(RDMA_READ_CONSUME_CHECK_CONSUMER) timestamp=9365 ms, used_size=3950592 bytes (9.6%)
(RDMA_READ_CONSUME_CHECK_CONSUMER) timestamp=9365 ms, used_size=3948544 bytes (9.6%)
(RDMA_READ_CONSUME_CHECK_CONSUMER) timestamp=9365 ms, used_size=3946496 bytes (9.6%)
(RDMA_READ_CONSUME_CHECK_CONSUMER) timestamp=9365 ms, used_size=3944448 bytes (9.6%)
(RDMA_READ_CONSUME_CHECK_CONSUMER) timestamp=9365 ms, used_size=3942400 bytes (9.6%)
(RDMA_READ_CONSUME_CHECK_CONSUMER) timestamp=9365 ms, used_size=3940352 bytes (9.6%)
(RDMA_READ_CONSUME_CHECK_CONSUMER) timestamp=9365 ms, used_size=3938304 bytes (9.6%)
(RDMA_READ_CONSUME_CHECK_CONSUMER) timestamp=9365 ms, used_size=3936256 bytes (9.6%)
(RDMA_READ_CONSUME_CHECK_CONSUMER) timestamp=9365 ms, used_size=3934208 bytes (9.6%)
(RDMA_READ_CONSUME_CHECK_CONSUMER) timestamp=9365 ms, used_size=3932160 bytes (9.6%)
(RDMA_READ_CONSUME_CHECK_CONSUMER) timestamp=9365 ms, used_size=3930112 bytes (9.6%)
(RDMA_READ_CONSUME_CHECK_CONSUMER) timestamp=9365 ms, used_size=3928064 bytes (9.6%)
(RDMA_READ_CONSUME_CHECK_CONSUMER) timestamp=9365 ms, used_size=3926016 bytes (9.6%)
(RDMA_READ_CONSUME_CHECK_CONSUMER) timestamp=9365 ms, used_size=3923968 bytes (9.6%)
(RDMA_READ_CONSUME_CHECK_CONSUMER) timestamp=9365 ms, used_size=3921920 bytes (9.6%)
(RDMA_READ_CONSUME_CHECK_CONSUMER) timestamp=9365 ms, used_size=3919872 bytes (9.6%)
(RDMA_READ_CONSUME_CHECK_CONSUMER) timestamp=9365 ms, used_size=3917824 bytes (9.6%)
(RDMA_READ_CONSUME_CHECK_CONSUMER) timestamp=9365 ms, used_size=3915776 bytes (9.6%)
(RDMA_READ_CONSUME_CHECK_CONSUMER) timestamp=9365 ms, used_size=3913728 bytes (9.6%)
(RDMA_READ_CONSUME_CHECK_CONSUMER) timestamp=9365 ms, used_size=3911680 bytes (9.6%)
(RDMA_READ_CONSUME_CHECK_CONSUMER) timestamp=9365 ms, used_size=3909632 bytes (9.5%)
(RDMA_READ_CONSUME_CHECK_CONSUMER) timestamp=9365 ms, used_size=3907584 bytes (9.5%)
(RDMA_READ_CONSUME_CHECK_CONSUMER) timestamp=9365 ms, used_size=3905536 bytes (9.5%)
(RDMA_READ_CONSUME_CHECK_CONSUMER) timestamp=9365 ms, used_size=3903488 bytes (9.5%)
(RDMA_READ_CONSUME_CHECK_CONSUMER) timestamp=9365 ms, used_size=3901440 bytes (9.5%)
(RDMA_READ_CONSUME_CHECK_CONSUMER) timestamp=9365 ms, used_size=3899392 bytes (9.5%)
(RDMA_READ_CONSUME_CHECK_CONSUMER) timestamp=9365 ms, used_size=3897344 bytes (9.5%)
(RDMA_READ_CONSUME_CHECK_CONSUMER) timestamp=9365 ms, used_size=3895296 bytes (9.5%)
(RDMA_READ_CONSUME_CHECK_CONSUMER) timestamp=9365 ms, used_size=3893248 bytes (9.5%)
(RDMA_READ_CONSUME_CHECK_CONSUMER) timestamp=9365 ms, used_size=3891200 bytes (9.5%)
(RDMA_READ_CONSUME_CHECK_CONSUMER) timestamp=9365 ms, used_size=3889152 bytes (9.5%)
(RDMA_READ_CONSUME_CHECK_CONSUMER) timestamp=9365 ms, used_size=3887104 bytes (9.5%)
(RDMA_READ_CONSUME_CHECK_CONSUMER) timestamp=9365 ms, used_size=3885056 bytes (9.5%)
(RDMA_READ_CONSUME_CHECK_CONSUMER) timestamp=9365 ms, used_size=3883008 bytes (9.5%)
(RDMA_READ_CONSUME_CHECK_CONSUMER) timestamp=9365 ms, used_size=3880960 bytes (9.5%)
(RDMA_READ_CONSUME_CHECK_CONSUMER) timestamp=9365 ms, used_size=3878912 bytes (9.5%)
(RDMA_READ_CONSUME_CHECK_CONSUMER) timestamp=9365 ms, used_size=3876864 bytes (9.5%)
(RDMA_READ_CONSUME_CHECK_CONSUMER) timestamp=9365 ms, used_size=3874816 bytes (9.5%)
(RDMA_READ_CONSUME_CHECK_CONSUMER) timestamp=9365 ms, used_size=3872768 bytes (9.5%)
(RDMA_READ_CONSUME_CHECK_CONSUMER) timestamp=9365 ms, used_size=3870720 bytes (9.4%)
(RDMA_READ_CONSUME_CHECK_CONSUMER) timestamp=9365 ms, used_size=3868672 bytes (9.4%)
(RDMA_READ_CONSUME_CHECK_CONSUMER) timestamp=9365 ms, used_size=3866624 bytes (9.4%)
(RDMA_READ_CONSUME_CHECK_CONSUMER) timestamp=9365 ms, used_size=3864576 bytes (9.4%)
(RDMA_READ_CONSUME_CHECK_CONSUMER) timestamp=9365 ms, used_size=3862528 bytes (9.4%)
(RDMA_READ_CONSUME_CHECK_CONSUMER) timestamp=9365 ms, used_size=3860480 bytes (9.4%)
(RDMA_READ_CONSUME_CHECK_CONSUMER) timestamp=9365 ms, used_size=3858432 bytes (9.4%)
(RDMA_READ_CONSUME_CHECK_CONSUMER) timestamp=9365 ms, used_size=3856384 bytes (9.4%)
(RDMA_READ_CONSUME_CHECK_CONSUMER) timestamp=9365 ms, used_size=3854336 bytes (9.4%)
(RDMA_READ_CONSUME_CHECK_CONSUMER) timestamp=9365 ms, used_size=3852288 bytes (9.4%)
(RDMA_READ_CONSUME_CHECK_CONSUMER) timestamp=9365 ms, used_size=3850240 bytes (9.4%)
(RDMA_READ_CONSUME_CHECK_CONSUMER) timestamp=9365 ms, used_size=3848192 bytes (9.4%)
(RDMA_READ_CONSUME_CHECK_CONSUMER) timestamp=9365 ms, used_size=3846144 bytes (9.4%)
(RDMA_READ_CONSUME_CHECK_CONSUMER) timestamp=9365 ms, used_size=3844096 bytes (9.4%)
(RDMA_READ_CONSUME_CHECK_CONSUMER) timestamp=9365 ms, used_size=3842048 bytes (9.4%)
(RDMA_READ_CONSUME_CHECK_CONSUMER) timestamp=9365 ms, used_size=3840000 bytes (9.4%)
(RDMA_READ_CONSUME_CHECK_CONSUMER) timestamp=9365 ms, used_size=3837952 bytes (9.4%)
(RDMA_READ_CONSUME_CHECK_CONSUMER) timestamp=9365 ms, used_size=3835904 bytes (9.4%)
(RDMA_READ_CONSUME_CHECK_CONSUMER) timestamp=9365 ms, used_size=3833856 bytes (9.4%)
(RDMA_READ_CONSUME_CHECK_CONSUMER) timestamp=9365 ms, used_size=3831808 bytes (9.4%)
(RDMA_READ_CONSUME_CHECK_CONSUMER) timestamp=9365 ms, used_size=3829760 bytes (9.3%)
(RDMA_READ_CONSUME_CHECK_CONSUMER) timestamp=9365 ms, used_size=3827712 bytes (9.3%)
(RDMA_READ_CONSUME_CHECK_CONSUMER) timestamp=9365 ms, used_size=3825664 bytes (9.3%)
(RDMA_READ_CONSUME_CHECK_CONSUMER) timestamp=9365 ms, used_size=3823616 bytes (9.3%)
(RDMA_READ_CONSUME_CHECK_CONSUMER) timestamp=9365 ms, used_size=3821568 bytes (9.3%)
(RDMA_READ_CONSUME_CHECK_CONSUMER) timestamp=9365 ms, used_size=3819520 bytes (9.3%)
(RDMA_READ_CONSUME_CHECK_CONSUMER) timestamp=9365 ms, used_size=3817472 bytes (9.3%)
(RDMA_READ_CONSUME_CHECK_CONSUMER) timestamp=9365 ms, used_size=3815424 bytes (9.3%)
(RDMA_READ_CONSUME_CHECK_CONSUMER) timestamp=9365 ms, used_size=3813376 bytes (9.3%)
(RDMA_READ_CONSUME_CHECK_CONSUMER) timestamp=9365 ms, used_size=3811328 bytes (9.3%)
(RDMA_READ_CONSUME_CHECK_CONSUMER) timestamp=9365 ms, used_size=3809280 bytes (9.3%)
(RDMA_READ_CONSUME_CHECK_CONSUMER) timestamp=9365 ms, used_size=3807232 bytes (9.3%)
(RDMA_READ_CONSUME_CHECK_CONSUMER) timestamp=9365 ms, used_size=3805184 bytes (9.3%)
(RDMA_READ_CONSUME_CHECK_CONSUMER) timestamp=9365 ms, used_size=3803136 bytes (9.3%)
(RDMA_READ_CONSUME_CHECK_CONSUMER) timestamp=9365 ms, used_size=3801088 bytes (9.3%)
(RDMA_READ_CONSUME_CHECK_CONSUMER) timestamp=9365 ms, used_size=3799040 bytes (9.3%)
(RDMA_READ_CONSUME_CHECK_CONSUMER) timestamp=9365 ms, used_size=3796992 bytes (9.3%)
(RDMA_READ_CONSUME_CHECK_CONSUMER) timestamp=9365 ms, used_size=3794944 bytes (9.3%)
(RDMA_READ_CONSUME_CHECK_CONSUMER) timestamp=9365 ms, used_size=3792896 bytes (9.3%)
(RDMA_READ_CONSUME_CHECK_CONSUMER) timestamp=9365 ms, used_size=3790848 bytes (9.3%)
(RDMA_READ_CONSUME_CHECK_CONSUMER) timestamp=9365 ms, used_size=3788800 bytes (9.2%)
(RDMA_READ_CONSUME_CHECK_CONSUMER) timestamp=9365 ms, used_size=3786752 bytes (9.2%)
(RDMA_READ_CONSUME_CHECK_CONSUMER) timestamp=9365 ms, used_size=3784704 bytes (9.2%)
(RDMA_READ_CONSUME_CHECK_CONSUMER) timestamp=9365 ms, used_size=3782656 bytes (9.2%)
(RDMA_READ_CONSUME_CHECK_CONSUMER) timestamp=9365 ms, used_size=3780608 bytes (9.2%)
(RDMA_READ_CONSUME_CHECK_CONSUMER) timestamp=9365 ms, used_size=3778560 bytes (9.2%)
(RDMA_READ_CONSUME_CHECK_CONSUMER) timestamp=9365 ms, used_size=3776512 bytes (9.2%)
(RDMA_READ_CONSUME_CHECK_CONSUMER) timestamp=9365 ms, used_size=3774464 bytes (9.2%)
(RDMA_READ_CONSUME_CHECK_CONSUMER) timestamp=9365 ms, used_size=3772416 bytes (9.2%)
(RDMA_READ_CONSUME_CHECK_CONSUMER) timestamp=9365 ms, used_size=3770368 bytes (9.2%)
(RDMA_READ_CONSUME_CHECK_CONSUMER) timestamp=9365 ms, used_size=3768320 bytes (9.2%)
(RDMA_READ_CONSUME_CHECK_CONSUMER) timestamp=9365 ms, used_size=3766272 bytes (9.2%)
(RDMA_READ_CONSUME_CHECK_CONSUMER) timestamp=9365 ms, used_size=3764224 bytes (9.2%)
(RDMA_READ_CONSUME_CHECK_CONSUMER) timestamp=9365 ms, used_size=3762176 bytes (9.2%)
(RDMA_READ_CONSUME_CHECK_CONSUMER) timestamp=9365 ms, used_size=3760128 bytes (9.2%)
(RDMA_READ_CONSUME_CHECK_CONSUMER) timestamp=9365 ms, used_size=3758080 bytes (9.2%)
(RDMA_READ_CONSUME_CHECK_CONSUMER) timestamp=9365 ms, used_size=3756032 bytes (9.2%)
(RDMA_READ_CONSUME_CHECK_CONSUMER) timestamp=9365 ms, used_size=3753984 bytes (9.2%)
(RDMA_READ_CONSUME_CHECK_CONSUMER) timestamp=9365 ms, used_size=3751936 bytes (9.2%)
(RDMA_READ_CONSUME_CHECK_CONSUMER) timestamp=9365 ms, used_size=3749888 bytes (9.2%)
(RDMA_READ_CONSUME_CHECK_CONSUMER) timestamp=9365 ms, used_size=3747840 bytes (9.2%)
(RDMA_READ_CONSUME_CHECK_CONSUMER) timestamp=9365 ms, used_size=3745792 bytes (9.1%)
(RDMA_READ_CONSUME_CHECK_CONSUMER) timestamp=9365 ms, used_size=3743744 bytes (9.1%)
(RDMA_READ_CONSUME_CHECK_CONSUMER) timestamp=9365 ms, used_size=3741696 bytes (9.1%)
(RDMA_READ_CONSUME_CHECK_CONSUMER) timestamp=9365 ms, used_size=3739648 bytes (9.1%)
(RDMA_READ_CONSUME_CHECK_CONSUMER) timestamp=9365 ms, used_size=3737600 bytes (9.1%)
(RDMA_READ_CONSUME_CHECK_CONSUMER) timestamp=9365 ms, used_size=3735552 bytes (9.1%)
(RDMA_READ_CONSUME_CHECK_CONSUMER) timestamp=9365 ms, used_size=3733504 bytes (9.1%)
(RDMA_READ_CONSUME_CHECK_CONSUMER) timestamp=9365 ms, used_size=3731456 bytes (9.1%)
(RDMA_READ_CONSUME_CHECK_CONSUMER) timestamp=9365 ms, used_size=3729408 bytes (9.1%)
(RDMA_READ_CONSUME_CHECK_CONSUMER) timestamp=9365 ms, used_size=3727360 bytes (9.1%)
(RDMA_READ_CONSUME_CHECK_CONSUMER) timestamp=9365 ms, used_size=3725312 bytes (9.1%)
(RDMA_READ_CONSUME_CHECK_CONSUMER) timestamp=9366 ms, used_size=3723264 bytes (9.1%)
(RDMA_READ_CONSUME_CHECK_CONSUMER) timestamp=9366 ms, used_size=3721216 bytes (9.1%)
(RDMA_READ_CONSUME_CHECK_CONSUMER) timestamp=9366 ms, used_size=3719168 bytes (9.1%)
(RDMA_READ_CONSUME_CHECK_CONSUMER) timestamp=9366 ms, used_size=3717120 bytes (9.1%)
(RDMA_READ_CONSUME_CHECK_CONSUMER) timestamp=9366 ms, used_size=3715072 bytes (9.1%)
(RDMA_READ_CONSUME_CHECK_CONSUMER) timestamp=9366 ms, used_size=3713024 bytes (9.1%)
(RDMA_READ_CONSUME_CHECK_CONSUMER) timestamp=9366 ms, used_size=3710976 bytes (9.1%)
(RDMA_READ_CONSUME_CHECK_CONSUMER) timestamp=9366 ms, used_size=3708928 bytes (9.1%)
(RDMA_READ_CONSUME_CHECK_CONSUMER) timestamp=9366 ms, used_size=3706880 bytes (9.1%)
(RDMA_READ_CONSUME_CHECK_CONSUMER) timestamp=9366 ms, used_size=3704832 bytes (9.0%)
(RDMA_READ_CONSUME_CHECK_CONSUMER) timestamp=9366 ms, used_size=3702784 bytes (9.0%)
(RDMA_READ_CONSUME_CHECK_CONSUMER) timestamp=9366 ms, used_size=3700736 bytes (9.0%)
(RDMA_READ_CONSUME_CHECK_CONSUMER) timestamp=9366 ms, used_size=3698688 bytes (9.0%)
(RDMA_READ_CONSUME_CHECK_CONSUMER) timestamp=9366 ms, used_size=3696640 bytes (9.0%)
(RDMA_READ_CONSUME_CHECK_CONSUMER) timestamp=9366 ms, used_size=3694592 bytes (9.0%)
(RDMA_READ_CONSUME_CHECK_CONSUMER) timestamp=9366 ms, used_size=3692544 bytes (9.0%)
(RDMA_READ_CONSUME_CHECK_CONSUMER) timestamp=9366 ms, used_size=3690496 bytes (9.0%)
(RDMA_READ_CONSUME_CHECK_CONSUMER) timestamp=9366 ms, used_size=3688448 bytes (9.0%)
(RDMA_READ_CONSUME_CHECK_CONSUMER) timestamp=9366 ms, used_size=3686400 bytes (9.0%)
(RDMA_READ_CONSUME_CHECK_CONSUMER) timestamp=9366 ms, used_size=3684352 bytes (9.0%)
(RDMA_READ_CONSUME_CHECK_CONSUMER) timestamp=9366 ms, used_size=3682304 bytes (9.0%)
(RDMA_READ_CONSUME_CHECK_CONSUMER) timestamp=9366 ms, used_size=3680256 bytes (9.0%)
(RDMA_READ_CONSUME_CHECK_CONSUMER) timestamp=9366 ms, used_size=3678208 bytes (9.0%)
(RDMA_READ_CONSUME_CHECK_CONSUMER) timestamp=9366 ms, used_size=3676160 bytes (9.0%)
(RDMA_READ_CONSUME_CHECK_CONSUMER) timestamp=9366 ms, used_size=3674112 bytes (9.0%)
(RDMA_READ_CONSUME_CHECK_CONSUMER) timestamp=9366 ms, used_size=3672064 bytes (9.0%)
(RDMA_READ_CONSUME_CHECK_CONSUMER) timestamp=9366 ms, used_size=3670016 bytes (9.0%)
(RDMA_READ_CONSUME_CHECK_CONSUMER) timestamp=9366 ms, used_size=3667968 bytes (9.0%)
(RDMA_READ_CONSUME_CHECK_CONSUMER) timestamp=9366 ms, used_size=3665920 bytes (8.9%)
(RDMA_READ_CONSUME_CHECK_CONSUMER) timestamp=9366 ms, used_size=3663872 bytes (8.9%)
(RDMA_READ_CONSUME_CHECK_CONSUMER) timestamp=9366 ms, used_size=3661824 bytes (8.9%)
(RDMA_READ_CONSUME_CHECK_CONSUMER) timestamp=9366 ms, used_size=3659776 bytes (8.9%)
(RDMA_READ_CONSUME_CHECK_CONSUMER) timestamp=9366 ms, used_size=3657728 bytes (8.9%)
(RDMA_READ_CONSUME_CHECK_CONSUMER) timestamp=9366 ms, used_size=3655680 bytes (8.9%)
(RDMA_READ_CONSUME_CHECK_CONSUMER) timestamp=9366 ms, used_size=3653632 bytes (8.9%)
(RDMA_READ_CONSUME_CHECK_CONSUMER) timestamp=9366 ms, used_size=3651584 bytes (8.9%)
(RDMA_READ_CONSUME_CHECK_CONSUMER) timestamp=9366 ms, used_size=3649536 bytes (8.9%)
(RDMA_READ_CONSUME_CHECK_CONSUMER) timestamp=9366 ms, used_size=3647488 bytes (8.9%)
(RDMA_READ_CONSUME_CHECK_CONSUMER) timestamp=9366 ms, used_size=3645440 bytes (8.9%)
(RDMA_READ_CONSUME_CHECK_CONSUMER) timestamp=9366 ms, used_size=3643392 bytes (8.9%)
(RDMA_READ_CONSUME_CHECK_CONSUMER) timestamp=9366 ms, used_size=3641344 bytes (8.9%)
(RDMA_READ_CONSUME_CHECK_CONSUMER) timestamp=9366 ms, used_size=3639296 bytes (8.9%)
(RDMA_READ_CONSUME_CHECK_CONSUMER) timestamp=9366 ms, used_size=3637248 bytes (8.9%)
(RDMA_READ_CONSUME_CHECK_CONSUMER) timestamp=9366 ms, used_size=3635200 bytes (8.9%)
(RDMA_READ_CONSUME_CHECK_CONSUMER) timestamp=9366 ms, used_size=3633152 bytes (8.9%)
(RDMA_READ_CONSUME_CHECK_CONSUMER) timestamp=9366 ms, used_size=3631104 bytes (8.9%)
(RDMA_READ_CONSUME_CHECK_CONSUMER) timestamp=9366 ms, used_size=3629056 bytes (8.9%)
(RDMA_READ_CONSUME_CHECK_CONSUMER) timestamp=9366 ms, used_size=3627008 bytes (8.9%)
(RDMA_READ_CONSUME_CHECK_CONSUMER) timestamp=9366 ms, used_size=3624960 bytes (8.8%)
(RDMA_READ_CONSUME_CHECK_CONSUMER) timestamp=9366 ms, used_size=3622912 bytes (8.8%)
(RDMA_READ_CONSUME_CHECK_CONSUMER) timestamp=9366 ms, used_size=3620864 bytes (8.8%)
(RDMA_READ_CONSUME_CHECK_CONSUMER) timestamp=9366 ms, used_size=3618816 bytes (8.8%)
(RDMA_READ_CONSUME_CHECK_CONSUMER) timestamp=9366 ms, used_size=3616768 bytes (8.8%)
(RDMA_READ_CONSUME_CHECK_CONSUMER) timestamp=9366 ms, used_size=3614720 bytes (8.8%)
(RDMA_READ_CONSUME_CHECK_CONSUMER) timestamp=9366 ms, used_size=3612672 bytes (8.8%)
(RDMA_READ_CONSUME_CHECK_CONSUMER) timestamp=9366 ms, used_size=3610624 bytes (8.8%)
(RDMA_READ_CONSUME_CHECK_CONSUMER) timestamp=9366 ms, used_size=3608576 bytes (8.8%)
(RDMA_READ_CONSUME_CHECK_CONSUMER) timestamp=9366 ms, used_size=3606528 bytes (8.8%)
(RDMA_READ_CONSUME_CHECK_CONSUMER) timestamp=9366 ms, used_size=3604480 bytes (8.8%)
(RDMA_READ_CONSUME_CHECK_CONSUMER) timestamp=9366 ms, used_size=3602432 bytes (8.8%)
(RDMA_READ_CONSUME_CHECK_CONSUMER) timestamp=9366 ms, used_size=3600384 bytes (8.8%)
(RDMA_READ_CONSUME_CHECK_CONSUMER) timestamp=9366 ms, used_size=3598336 bytes (8.8%)
(RDMA_READ_CONSUME_CHECK_CONSUMER) timestamp=9366 ms, used_size=3596288 bytes (8.8%)
(RDMA_READ_CONSUME_CHECK_CONSUMER) timestamp=9366 ms, used_size=3594240 bytes (8.8%)
(RDMA_READ_CONSUME_CHECK_CONSUMER) timestamp=9366 ms, used_size=3592192 bytes (8.8%)
(RDMA_READ_CONSUME_CHECK_CONSUMER) timestamp=9366 ms, used_size=3590144 bytes (8.8%)
(RDMA_READ_CONSUME_CHECK_CONSUMER) timestamp=9366 ms, used_size=3588096 bytes (8.8%)
(RDMA_READ_CONSUME_CHECK_CONSUMER) timestamp=9366 ms, used_size=3586048 bytes (8.8%)
(RDMA_READ_CONSUME_CHECK_CONSUMER) timestamp=9366 ms, used_size=3584000 bytes (8.8%)
(RDMA_READ_CONSUME_CHECK_CONSUMER) timestamp=9366 ms, used_size=3581952 bytes (8.7%)
(RDMA_READ_CONSUME_CHECK_CONSUMER) timestamp=9366 ms, used_size=3579904 bytes (8.7%)
(RDMA_READ_CONSUME_CHECK_CONSUMER) timestamp=9366 ms, used_size=3577856 bytes (8.7%)
(RDMA_READ_CONSUME_CHECK_CONSUMER) timestamp=9366 ms, used_size=3575808 bytes (8.7%)
(RDMA_READ_CONSUME_CHECK_CONSUMER) timestamp=9366 ms, used_size=3573760 bytes (8.7%)
(RDMA_READ_CONSUME_CHECK_CONSUMER) timestamp=9366 ms, used_size=3571712 bytes (8.7%)
(RDMA_READ_CONSUME_CHECK_CONSUMER) timestamp=9366 ms, used_size=3569664 bytes (8.7%)
(RDMA_READ_CONSUME_CHECK_CONSUMER) timestamp=9366 ms, used_size=3567616 bytes (8.7%)
(RDMA_READ_CONSUME_CHECK_CONSUMER) timestamp=9366 ms, used_size=3565568 bytes (8.7%)
(RDMA_READ_CONSUME_CHECK_CONSUMER) timestamp=9366 ms, used_size=3563520 bytes (8.7%)
(RDMA_READ_CONSUME_CHECK_CONSUMER) timestamp=9366 ms, used_size=3561472 bytes (8.7%)
(RDMA_READ_CONSUME_CHECK_CONSUMER) timestamp=9366 ms, used_size=3559424 bytes (8.7%)
(RDMA_READ_CONSUME_CHECK_CONSUMER) timestamp=9366 ms, used_size=3557376 bytes (8.7%)
(RDMA_READ_CONSUME_CHECK_CONSUMER) timestamp=9366 ms, used_size=3555328 bytes (8.7%)
(RDMA_READ_CONSUME_CHECK_CONSUMER) timestamp=9366 ms, used_size=3553280 bytes (8.7%)
(RDMA_READ_CONSUME_CHECK_CONSUMER) timestamp=9366 ms, used_size=3551232 bytes (8.7%)
(RDMA_READ_CONSUME_CHECK_CONSUMER) timestamp=9366 ms, used_size=3549184 bytes (8.7%)
(RDMA_READ_CONSUME_CHECK_CONSUMER) timestamp=9366 ms, used_size=3547136 bytes (8.7%)
(RDMA_READ_CONSUME_CHECK_CONSUMER) timestamp=9366 ms, used_size=3545088 bytes (8.7%)
(RDMA_READ_CONSUME_CHECK_CONSUMER) timestamp=9366 ms, used_size=3543040 bytes (8.7%)
(RDMA_READ_CONSUME_CHECK_CONSUMER) timestamp=9366 ms, used_size=3540992 bytes (8.6%)
(RDMA_READ_CONSUME_CHECK_CONSUMER) timestamp=9366 ms, used_size=3538944 bytes (8.6%)
(RDMA_READ_CONSUME_CHECK_CONSUMER) timestamp=9366 ms, used_size=3536896 bytes (8.6%)
(RDMA_READ_CONSUME_CHECK_CONSUMER) timestamp=9366 ms, used_size=3534848 bytes (8.6%)
(RDMA_READ_CONSUME_CHECK_CONSUMER) timestamp=9366 ms, used_size=3532800 bytes (8.6%)
(RDMA_READ_CONSUME_CHECK_CONSUMER) timestamp=9366 ms, used_size=3530752 bytes (8.6%)
(RDMA_READ_CONSUME_CHECK_CONSUMER) timestamp=9366 ms, used_size=3528704 bytes (8.6%)
(RDMA_READ_CONSUME_CHECK_CONSUMER) timestamp=9366 ms, used_size=3526656 bytes (8.6%)
(RDMA_READ_CONSUME_CHECK_CONSUMER) timestamp=9366 ms, used_size=3524608 bytes (8.6%)
(RDMA_READ_CONSUME_CHECK_CONSUMER) timestamp=9366 ms, used_size=3522560 bytes (8.6%)
(RDMA_READ_CONSUME_CHECK_CONSUMER) timestamp=9366 ms, used_size=3520512 bytes (8.6%)
(RDMA_READ_CONSUME_CHECK_CONSUMER) timestamp=9366 ms, used_size=3518464 bytes (8.6%)
(RDMA_READ_CONSUME_CHECK_CONSUMER) timestamp=9366 ms, used_size=3516416 bytes (8.6%)
(RDMA_READ_CONSUME_CHECK_CONSUMER) timestamp=9366 ms, used_size=3514368 bytes (8.6%)
(RDMA_READ_CONSUME_CHECK_CONSUMER) timestamp=9366 ms, used_size=3512320 bytes (8.6%)
(RDMA_READ_CONSUME_CHECK_CONSUMER) timestamp=9366 ms, used_size=3510272 bytes (8.6%)
(RDMA_READ_CONSUME_CHECK_CONSUMER) timestamp=9366 ms, used_size=3508224 bytes (8.6%)
(RDMA_READ_CONSUME_CHECK_CONSUMER) timestamp=9366 ms, used_size=3506176 bytes (8.6%)
(RDMA_READ_CONSUME_CHECK_CONSUMER) timestamp=9366 ms, used_size=3504128 bytes (8.6%)
(RDMA_READ_CONSUME_CHECK_CONSUMER) timestamp=9366 ms, used_size=3502080 bytes (8.6%)
(RDMA_READ_CONSUME_CHECK_CONSUMER) timestamp=9366 ms, used_size=3500032 bytes (8.5%)
(RDMA_READ_CONSUME_CHECK_CONSUMER) timestamp=9366 ms, used_size=3497984 bytes (8.5%)
(RDMA_READ_CONSUME_CHECK_CONSUMER) timestamp=9366 ms, used_size=3495936 bytes (8.5%)
(RDMA_READ_CONSUME_CHECK_CONSUMER) timestamp=9366 ms, used_size=3493888 bytes (8.5%)
(RDMA_READ_CONSUME_CHECK_CONSUMER) timestamp=9366 ms, used_size=3491840 bytes (8.5%)
(RDMA_READ_CONSUME_CHECK_CONSUMER) timestamp=9366 ms, used_size=3489792 bytes (8.5%)
(RDMA_READ_CONSUME_CHECK_CONSUMER) timestamp=9366 ms, used_size=3487744 bytes (8.5%)
(RDMA_READ_CONSUME_CHECK_CONSUMER) timestamp=9366 ms, used_size=3485696 bytes (8.5%)
(RDMA_READ_CONSUME_CHECK_CONSUMER) timestamp=9366 ms, used_size=3483648 bytes (8.5%)
(RDMA_READ_CONSUME_CHECK_CONSUMER) timestamp=9366 ms, used_size=3481600 bytes (8.5%)
(RDMA_READ_CONSUME_CHECK_CONSUMER) timestamp=9366 ms, used_size=3479552 bytes (8.5%)
(RDMA_READ_CONSUME_CHECK_CONSUMER) timestamp=9366 ms, used_size=3477504 bytes (8.5%)
(RDMA_READ_CONSUME_CHECK_CONSUMER) timestamp=9366 ms, used_size=3475456 bytes (8.5%)
(RDMA_READ_CONSUME_CHECK_CONSUMER) timestamp=9366 ms, used_size=3473408 bytes (8.5%)
(RDMA_READ_CONSUME_CHECK_CONSUMER) timestamp=9366 ms, used_size=3471360 bytes (8.5%)
(RDMA_READ_CONSUME_CHECK_CONSUMER) timestamp=9366 ms, used_size=3469312 bytes (8.5%)
(RDMA_READ_CONSUME_CHECK_CONSUMER) timestamp=9366 ms, used_size=3467264 bytes (8.5%)
(RDMA_READ_CONSUME_CHECK_CONSUMER) timestamp=9366 ms, used_size=3465216 bytes (8.5%)
(RDMA_READ_CONSUME_CHECK_CONSUMER) timestamp=9366 ms, used_size=3463168 bytes (8.5%)
(RDMA_READ_CONSUME_CHECK_CONSUMER) timestamp=9366 ms, used_size=3461120 bytes (8.4%)
(RDMA_READ_CONSUME_CHECK_CONSUMER) timestamp=9366 ms, used_size=3459072 bytes (8.4%)
(RDMA_READ_CONSUME_CHECK_CONSUMER) timestamp=9366 ms, used_size=3457024 bytes (8.4%)
(RDMA_READ_CONSUME_CHECK_CONSUMER) timestamp=9366 ms, used_size=3454976 bytes (8.4%)
(RDMA_READ_CONSUME_CHECK_CONSUMER) timestamp=9366 ms, used_size=3452928 bytes (8.4%)
(RDMA_READ_CONSUME_CHECK_CONSUMER) timestamp=9366 ms, used_size=3450880 bytes (8.4%)
(RDMA_READ_CONSUME_CHECK_CONSUMER) timestamp=9366 ms, used_size=3448832 bytes (8.4%)
(RDMA_READ_CONSUME_CHECK_CONSUMER) timestamp=9366 ms, used_size=3446784 bytes (8.4%)
(RDMA_READ_CONSUME_CHECK_CONSUMER) timestamp=9366 ms, used_size=3444736 bytes (8.4%)
(RDMA_READ_CONSUME_CHECK_CONSUMER) timestamp=9366 ms, used_size=3442688 bytes (8.4%)
(RDMA_READ_CONSUME_CHECK_CONSUMER) timestamp=9366 ms, used_size=3440640 bytes (8.4%)
(RDMA_READ_CONSUME_CHECK_CONSUMER) timestamp=9366 ms, used_size=3438592 bytes (8.4%)
(RDMA_READ_CONSUME_CHECK_CONSUMER) timestamp=9366 ms, used_size=3436544 bytes (8.4%)
(RDMA_READ_CONSUME_CHECK_CONSUMER) timestamp=9366 ms, used_size=3434496 bytes (8.4%)
(RDMA_READ_CONSUME_CHECK_CONSUMER) timestamp=9366 ms, used_size=3432448 bytes (8.4%)
(RDMA_READ_CONSUME_CHECK_CONSUMER) timestamp=9366 ms, used_size=3430400 bytes (8.4%)
(RDMA_READ_CONSUME_CHECK_CONSUMER) timestamp=9366 ms, used_size=3428352 bytes (8.4%)
(RDMA_READ_CONSUME_CHECK_CONSUMER) timestamp=9366 ms, used_size=3426304 bytes (8.4%)
(RDMA_READ_CONSUME_CHECK_CONSUMER) timestamp=9366 ms, used_size=3424256 bytes (8.4%)
(RDMA_READ_CONSUME_CHECK_CONSUMER) timestamp=9366 ms, used_size=3422208 bytes (8.4%)
(RDMA_READ_CONSUME_CHECK_CONSUMER) timestamp=9366 ms, used_size=3420160 bytes (8.3%)
(RDMA_READ_CONSUME_CHECK_CONSUMER) timestamp=9366 ms, used_size=3418112 bytes (8.3%)
(RDMA_READ_CONSUME_CHECK_CONSUMER) timestamp=9366 ms, used_size=3416064 bytes (8.3%)
(RDMA_READ_CONSUME_CHECK_CONSUMER) timestamp=9366 ms, used_size=3414016 bytes (8.3%)
(RDMA_READ_CONSUME_CHECK_CONSUMER) timestamp=9366 ms, used_size=3411968 bytes (8.3%)
(RDMA_READ_CONSUME_CHECK_CONSUMER) timestamp=9366 ms, used_size=3409920 bytes (8.3%)
(RDMA_READ_CONSUME_CHECK_CONSUMER) timestamp=9366 ms, used_size=3407872 bytes (8.3%)
(RDMA_READ_CONSUME_CHECK_CONSUMER) timestamp=9366 ms, used_size=3405824 bytes (8.3%)
(RDMA_READ_CONSUME_CHECK_CONSUMER) timestamp=9366 ms, used_size=3403776 bytes (8.3%)
(RDMA_READ_CONSUME_CHECK_CONSUMER) timestamp=9366 ms, used_size=3401728 bytes (8.3%)
(RDMA_READ_CONSUME_CHECK_CONSUMER) timestamp=9366 ms, used_size=3399680 bytes (8.3%)
(RDMA_READ_CONSUME_CHECK_CONSUMER) timestamp=9366 ms, used_size=3397632 bytes (8.3%)
(RDMA_READ_CONSUME_CHECK_CONSUMER) timestamp=9366 ms, used_size=3395584 bytes (8.3%)
(RDMA_READ_CONSUME_CHECK_CONSUMER) timestamp=9366 ms, used_size=3393536 bytes (8.3%)
(RDMA_READ_CONSUME_CHECK_CONSUMER) timestamp=9366 ms, used_size=3391488 bytes (8.3%)
(RDMA_READ_CONSUME_CHECK_CONSUMER) timestamp=9366 ms, used_size=3389440 bytes (8.3%)
(RDMA_READ_CONSUME_CHECK_CONSUMER) timestamp=9366 ms, used_size=3387392 bytes (8.3%)
(RDMA_READ_CONSUME_CHECK_CONSUMER) timestamp=9366 ms, used_size=3385344 bytes (8.3%)
(RDMA_READ_CONSUME_CHECK_CONSUMER) timestamp=9366 ms, used_size=3383296 bytes (8.3%)
(RDMA_READ_CONSUME_CHECK_CONSUMER) timestamp=9366 ms, used_size=3381248 bytes (8.3%)
(RDMA_READ_CONSUME_CHECK_CONSUMER) timestamp=9366 ms, used_size=3379200 bytes (8.2%)
(RDMA_READ_CONSUME_CHECK_CONSUMER) timestamp=9366 ms, used_size=3377152 bytes (8.2%)
(RDMA_READ_CONSUME_CHECK_CONSUMER) timestamp=9366 ms, used_size=3375104 bytes (8.2%)
(RDMA_READ_CONSUME_CHECK_CONSUMER) timestamp=9366 ms, used_size=3373056 bytes (8.2%)
(RDMA_READ_CONSUME_CHECK_CONSUMER) timestamp=9366 ms, used_size=3371008 bytes (8.2%)
(RDMA_READ_CONSUME_CHECK_CONSUMER) timestamp=9366 ms, used_size=3368960 bytes (8.2%)
(RDMA_READ_CONSUME_CHECK_CONSUMER) timestamp=9366 ms, used_size=3366912 bytes (8.2%)
(RDMA_READ_CONSUME_CHECK_CONSUMER) timestamp=9366 ms, used_size=3364864 bytes (8.2%)
(RDMA_READ_CONSUME_CHECK_CONSUMER) timestamp=9366 ms, used_size=3362816 bytes (8.2%)
(RDMA_READ_CONSUME_CHECK_CONSUMER) timestamp=9366 ms, used_size=3360768 bytes (8.2%)
(RDMA_READ_CONSUME_CHECK_CONSUMER) timestamp=9366 ms, used_size=3358720 bytes (8.2%)
(RDMA_READ_CONSUME_CHECK_CONSUMER) timestamp=9366 ms, used_size=3356672 bytes (8.2%)
(RDMA_READ_CONSUME_CHECK_CONSUMER) timestamp=9366 ms, used_size=3354624 bytes (8.2%)
(RDMA_READ_CONSUME_CHECK_CONSUMER) timestamp=9366 ms, used_size=3352576 bytes (8.2%)
(RDMA_READ_CONSUME_CHECK_CONSUMER) timestamp=9366 ms, used_size=3350528 bytes (8.2%)
(RDMA_READ_CONSUME_CHECK_CONSUMER) timestamp=9366 ms, used_size=3348480 bytes (8.2%)
(RDMA_READ_CONSUME_CHECK_CONSUMER) timestamp=9366 ms, used_size=3346432 bytes (8.2%)
(RDMA_READ_CONSUME_CHECK_CONSUMER) timestamp=9367 ms, used_size=3344384 bytes (8.2%)
(RDMA_READ_CONSUME_CHECK_CONSUMER) timestamp=9367 ms, used_size=3342336 bytes (8.2%)
(RDMA_READ_CONSUME_CHECK_CONSUMER) timestamp=9367 ms, used_size=3340288 bytes (8.2%)
(RDMA_READ_CONSUME_CHECK_CONSUMER) timestamp=9367 ms, used_size=3338240 bytes (8.2%)
(RDMA_READ_CONSUME_CHECK_CONSUMER) timestamp=9367 ms, used_size=3336192 bytes (8.1%)
(RDMA_READ_CONSUME_CHECK_CONSUMER) timestamp=9367 ms, used_size=3334144 bytes (8.1%)
(RDMA_READ_CONSUME_CHECK_CONSUMER) timestamp=9367 ms, used_size=3332096 bytes (8.1%)
(RDMA_READ_CONSUME_CHECK_CONSUMER) timestamp=9367 ms, used_size=3330048 bytes (8.1%)
(RDMA_READ_CONSUME_CHECK_CONSUMER) timestamp=9367 ms, used_size=3328000 bytes (8.1%)
(RDMA_READ_CONSUME_CHECK_CONSUMER) timestamp=9367 ms, used_size=3325952 bytes (8.1%)
(RDMA_READ_CONSUME_CHECK_CONSUMER) timestamp=9367 ms, used_size=3323904 bytes (8.1%)
(RDMA_READ_CONSUME_CHECK_CONSUMER) timestamp=9367 ms, used_size=3321856 bytes (8.1%)
(RDMA_READ_CONSUME_CHECK_CONSUMER) timestamp=9367 ms, used_size=3319808 bytes (8.1%)
(RDMA_READ_CONSUME_CHECK_CONSUMER) timestamp=9367 ms, used_size=3317760 bytes (8.1%)
(RDMA_READ_CONSUME_CHECK_CONSUMER) timestamp=9367 ms, used_size=3315712 bytes (8.1%)
(RDMA_READ_CONSUME_CHECK_CONSUMER) timestamp=9367 ms, used_size=3313664 bytes (8.1%)
(RDMA_READ_CONSUME_CHECK_CONSUMER) timestamp=9367 ms, used_size=3311616 bytes (8.1%)
(RDMA_READ_CONSUME_CHECK_CONSUMER) timestamp=9367 ms, used_size=3309568 bytes (8.1%)
(RDMA_READ_CONSUME_CHECK_CONSUMER) timestamp=9367 ms, used_size=3307520 bytes (8.1%)
(RDMA_READ_CONSUME_CHECK_CONSUMER) timestamp=9367 ms, used_size=3305472 bytes (8.1%)
(RDMA_READ_CONSUME_CHECK_CONSUMER) timestamp=9367 ms, used_size=3303424 bytes (8.1%)
(RDMA_READ_CONSUME_CHECK_CONSUMER) timestamp=9367 ms, used_size=3301376 bytes (8.1%)
(RDMA_READ_CONSUME_CHECK_CONSUMER) timestamp=9367 ms, used_size=3299328 bytes (8.1%)
(RDMA_READ_CONSUME_CHECK_CONSUMER) timestamp=9367 ms, used_size=3297280 bytes (8.1%)
(RDMA_READ_CONSUME_CHECK_CONSUMER) timestamp=9367 ms, used_size=3295232 bytes (8.0%)
(RDMA_READ_CONSUME_CHECK_CONSUMER) timestamp=9367 ms, used_size=3293184 bytes (8.0%)
(RDMA_READ_CONSUME_CHECK_CONSUMER) timestamp=9367 ms, used_size=3291136 bytes (8.0%)
(RDMA_READ_CONSUME_CHECK_CONSUMER) timestamp=9367 ms, used_size=3289088 bytes (8.0%)
(RDMA_READ_CONSUME_CHECK_CONSUMER) timestamp=9367 ms, used_size=3287040 bytes (8.0%)
(RDMA_READ_CONSUME_CHECK_CONSUMER) timestamp=9367 ms, used_size=3284992 bytes (8.0%)
(RDMA_READ_CONSUME_CHECK_CONSUMER) timestamp=9367 ms, used_size=3282944 bytes (8.0%)
(RDMA_READ_CONSUME_CHECK_CONSUMER) timestamp=9367 ms, used_size=3280896 bytes (8.0%)
(RDMA_READ_CONSUME_CHECK_CONSUMER) timestamp=9367 ms, used_size=3278848 bytes (8.0%)
(RDMA_READ_CONSUME_CHECK_CONSUMER) timestamp=9367 ms, used_size=3276800 bytes (8.0%)
(RDMA_READ_CONSUME_CHECK_CONSUMER) timestamp=9367 ms, used_size=3274752 bytes (8.0%)
(RDMA_READ_CONSUME_CHECK_CONSUMER) timestamp=9367 ms, used_size=3272704 bytes (8.0%)
(RDMA_READ_CONSUME_CHECK_CONSUMER) timestamp=9367 ms, used_size=3270656 bytes (8.0%)
(RDMA_READ_CONSUME_CHECK_CONSUMER) timestamp=9367 ms, used_size=3268608 bytes (8.0%)
(RDMA_READ_CONSUME_CHECK_CONSUMER) timestamp=9367 ms, used_size=3266560 bytes (8.0%)
(RDMA_READ_CONSUME_CHECK_CONSUMER) timestamp=9367 ms, used_size=3264512 bytes (8.0%)
(RDMA_READ_CONSUME_CHECK_CONSUMER) timestamp=9367 ms, used_size=3262464 bytes (8.0%)
(RDMA_READ_CONSUME_CHECK_CONSUMER) timestamp=9367 ms, used_size=3260416 bytes (8.0%)
(RDMA_READ_CONSUME_CHECK_CONSUMER) timestamp=9367 ms, used_size=3258368 bytes (8.0%)
(RDMA_READ_CONSUME_CHECK_CONSUMER) timestamp=9367 ms, used_size=3256320 bytes (8.0%)
(RDMA_READ_CONSUME_CHECK_CONSUMER) timestamp=9367 ms, used_size=3254272 bytes (7.9%)
(RDMA_READ_CONSUME_CHECK_CONSUMER) timestamp=9367 ms, used_size=3252224 bytes (7.9%)
(RDMA_READ_CONSUME_CHECK_CONSUMER) timestamp=9367 ms, used_size=3250176 bytes (7.9%)
(RDMA_READ_CONSUME_CHECK_CONSUMER) timestamp=9367 ms, used_size=3248128 bytes (7.9%)
(RDMA_READ_CONSUME_CHECK_CONSUMER) timestamp=9367 ms, used_size=3246080 bytes (7.9%)
(RDMA_READ_CONSUME_CHECK_CONSUMER) timestamp=9367 ms, used_size=3244032 bytes (7.9%)
(RDMA_READ_CONSUME_CHECK_CONSUMER) timestamp=9367 ms, used_size=3241984 bytes (7.9%)
(RDMA_READ_CONSUME_CHECK_CONSUMER) timestamp=9367 ms, used_size=3239936 bytes (7.9%)
(RDMA_READ_CONSUME_CHECK_CONSUMER) timestamp=9367 ms, used_size=3237888 bytes (7.9%)
(RDMA_READ_CONSUME_CHECK_CONSUMER) timestamp=9367 ms, used_size=3235840 bytes (7.9%)
(RDMA_READ_CONSUME_CHECK_CONSUMER) timestamp=9367 ms, used_size=3233792 bytes (7.9%)
(RDMA_READ_CONSUME_CHECK_CONSUMER) timestamp=9367 ms, used_size=3231744 bytes (7.9%)
(RDMA_READ_CONSUME_CHECK_CONSUMER) timestamp=9367 ms, used_size=3229696 bytes (7.9%)
(RDMA_READ_CONSUME_CHECK_CONSUMER) timestamp=9367 ms, used_size=3227648 bytes (7.9%)
(RDMA_READ_CONSUME_CHECK_CONSUMER) timestamp=9367 ms, used_size=3225600 bytes (7.9%)
(RDMA_READ_CONSUME_CHECK_CONSUMER) timestamp=9367 ms, used_size=3223552 bytes (7.9%)
(RDMA_READ_CONSUME_CHECK_CONSUMER) timestamp=9367 ms, used_size=3221504 bytes (7.9%)
(RDMA_READ_CONSUME_CHECK_CONSUMER) timestamp=9367 ms, used_size=3219456 bytes (7.9%)
(RDMA_READ_CONSUME_CHECK_CONSUMER) timestamp=9367 ms, used_size=3217408 bytes (7.9%)
(RDMA_READ_CONSUME_CHECK_CONSUMER) timestamp=9367 ms, used_size=3215360 bytes (7.8%)
(RDMA_READ_CONSUME_CHECK_CONSUMER) timestamp=9367 ms, used_size=3213312 bytes (7.8%)
(RDMA_READ_CONSUME_CHECK_CONSUMER) timestamp=9367 ms, used_size=3211264 bytes (7.8%)
(RDMA_READ_CONSUME_CHECK_CONSUMER) timestamp=9367 ms, used_size=3209216 bytes (7.8%)
(RDMA_READ_CONSUME_CHECK_CONSUMER) timestamp=9367 ms, used_size=3207168 bytes (7.8%)
(RDMA_READ_CONSUME_CHECK_CONSUMER) timestamp=9367 ms, used_size=3205120 bytes (7.8%)
(RDMA_READ_CONSUME_CHECK_CONSUMER) timestamp=9367 ms, used_size=3203072 bytes (7.8%)
(RDMA_READ_CONSUME_CHECK_CONSUMER) timestamp=9367 ms, used_size=3201024 bytes (7.8%)
(RDMA_READ_CONSUME_CHECK_CONSUMER) timestamp=9367 ms, used_size=3198976 bytes (7.8%)
(RDMA_READ_CONSUME_CHECK_CONSUMER) timestamp=9367 ms, used_size=3196928 bytes (7.8%)
(RDMA_READ_CONSUME_CHECK_CONSUMER) timestamp=9367 ms, used_size=3194880 bytes (7.8%)
(RDMA_READ_CONSUME_CHECK_CONSUMER) timestamp=9367 ms, used_size=3192832 bytes (7.8%)
(RDMA_READ_CONSUME_CHECK_CONSUMER) timestamp=9367 ms, used_size=3190784 bytes (7.8%)
(RDMA_READ_CONSUME_CHECK_CONSUMER) timestamp=9367 ms, used_size=3188736 bytes (7.8%)
(RDMA_READ_CONSUME_CHECK_CONSUMER) timestamp=9367 ms, used_size=3186688 bytes (7.8%)
(RDMA_READ_CONSUME_CHECK_CONSUMER) timestamp=9367 ms, used_size=3184640 bytes (7.8%)
(RDMA_READ_CONSUME_CHECK_CONSUMER) timestamp=9367 ms, used_size=3182592 bytes (7.8%)
(RDMA_READ_CONSUME_CHECK_CONSUMER) timestamp=9367 ms, used_size=3180544 bytes (7.8%)
(RDMA_READ_CONSUME_CHECK_CONSUMER) timestamp=9367 ms, used_size=3178496 bytes (7.8%)
(RDMA_READ_CONSUME_CHECK_CONSUMER) timestamp=9367 ms, used_size=3176448 bytes (7.8%)
(RDMA_READ_CONSUME_CHECK_CONSUMER) timestamp=9367 ms, used_size=3174400 bytes (7.8%)
(RDMA_READ_CONSUME_CHECK_CONSUMER) timestamp=9367 ms, used_size=3172352 bytes (7.7%)
(RDMA_READ_CONSUME_CHECK_CONSUMER) timestamp=9367 ms, used_size=3170304 bytes (7.7%)
(RDMA_READ_CONSUME_CHECK_CONSUMER) timestamp=9367 ms, used_size=3168256 bytes (7.7%)
(RDMA_READ_CONSUME_CHECK_CONSUMER) timestamp=9367 ms, used_size=3166208 bytes (7.7%)
(RDMA_READ_CONSUME_CHECK_CONSUMER) timestamp=9367 ms, used_size=3164160 bytes (7.7%)
(RDMA_READ_CONSUME_CHECK_CONSUMER) timestamp=9367 ms, used_size=3162112 bytes (7.7%)
(RDMA_READ_CONSUME_CHECK_CONSUMER) timestamp=9367 ms, used_size=3160064 bytes (7.7%)
(RDMA_READ_CONSUME_CHECK_CONSUMER) timestamp=9367 ms, used_size=3158016 bytes (7.7%)
(RDMA_READ_CONSUME_CHECK_CONSUMER) timestamp=9367 ms, used_size=3155968 bytes (7.7%)
(RDMA_READ_CONSUME_CHECK_CONSUMER) timestamp=9367 ms, used_size=3153920 bytes (7.7%)
(RDMA_READ_CONSUME_CHECK_CONSUMER) timestamp=9367 ms, used_size=3151872 bytes (7.7%)
(RDMA_READ_CONSUME_CHECK_CONSUMER) timestamp=9367 ms, used_size=3149824 bytes (7.7%)
(RDMA_READ_CONSUME_CHECK_CONSUMER) timestamp=9367 ms, used_size=3147776 bytes (7.7%)
(RDMA_READ_CONSUME_CHECK_CONSUMER) timestamp=9367 ms, used_size=3145728 bytes (7.7%)
(RDMA_READ_CONSUME_CHECK_CONSUMER) timestamp=9367 ms, used_size=3143680 bytes (7.7%)
(RDMA_READ_CONSUME_CHECK_CONSUMER) timestamp=9367 ms, used_size=3141632 bytes (7.7%)
(RDMA_READ_CONSUME_CHECK_CONSUMER) timestamp=9367 ms, used_size=3139584 bytes (7.7%)
(RDMA_READ_CONSUME_CHECK_CONSUMER) timestamp=9367 ms, used_size=3137536 bytes (7.7%)
(RDMA_READ_CONSUME_CHECK_CONSUMER) timestamp=9367 ms, used_size=3135488 bytes (7.7%)
(RDMA_READ_CONSUME_CHECK_CONSUMER) timestamp=9367 ms, used_size=3133440 bytes (7.7%)
(RDMA_READ_CONSUME_CHECK_CONSUMER) timestamp=9367 ms, used_size=3131392 bytes (7.6%)
(RDMA_READ_CONSUME_CHECK_CONSUMER) timestamp=9367 ms, used_size=3129344 bytes (7.6%)
(RDMA_READ_CONSUME_CHECK_CONSUMER) timestamp=9367 ms, used_size=3127296 bytes (7.6%)
(RDMA_READ_CONSUME_CHECK_CONSUMER) timestamp=9367 ms, used_size=3125248 bytes (7.6%)
(RDMA_READ_CONSUME_CHECK_CONSUMER) timestamp=9367 ms, used_size=3123200 bytes (7.6%)
(RDMA_READ_CONSUME_CHECK_CONSUMER) timestamp=9367 ms, used_size=3121152 bytes (7.6%)
(RDMA_READ_CONSUME_CHECK_CONSUMER) timestamp=9367 ms, used_size=3119104 bytes (7.6%)
(RDMA_READ_CONSUME_CHECK_CONSUMER) timestamp=9367 ms, used_size=3117056 bytes (7.6%)
(RDMA_READ_CONSUME_CHECK_CONSUMER) timestamp=9367 ms, used_size=3115008 bytes (7.6%)
(RDMA_READ_CONSUME_CHECK_CONSUMER) timestamp=9367 ms, used_size=3112960 bytes (7.6%)
(RDMA_READ_CONSUME_CHECK_CONSUMER) timestamp=9367 ms, used_size=3110912 bytes (7.6%)
(RDMA_READ_CONSUME_CHECK_CONSUMER) timestamp=9367 ms, used_size=3108864 bytes (7.6%)
(RDMA_READ_CONSUME_CHECK_CONSUMER) timestamp=9367 ms, used_size=3106816 bytes (7.6%)
(RDMA_READ_CONSUME_CHECK_CONSUMER) timestamp=9367 ms, used_size=3104768 bytes (7.6%)
(RDMA_READ_CONSUME_CHECK_CONSUMER) timestamp=9367 ms, used_size=3102720 bytes (7.6%)
(RDMA_READ_CONSUME_CHECK_CONSUMER) timestamp=9367 ms, used_size=3100672 bytes (7.6%)
(RDMA_READ_CONSUME_CHECK_CONSUMER) timestamp=9367 ms, used_size=3098624 bytes (7.6%)
(RDMA_READ_CONSUME_CHECK_CONSUMER) timestamp=9367 ms, used_size=3096576 bytes (7.6%)
(RDMA_READ_CONSUME_CHECK_CONSUMER) timestamp=9367 ms, used_size=3094528 bytes (7.6%)
(RDMA_READ_CONSUME_CHECK_CONSUMER) timestamp=9367 ms, used_size=3092480 bytes (7.5%)
(RDMA_READ_CONSUME_CHECK_CONSUMER) timestamp=9367 ms, used_size=3090432 bytes (7.5%)
(RDMA_READ_CONSUME_CHECK_CONSUMER) timestamp=9367 ms, used_size=3088384 bytes (7.5%)
(RDMA_READ_CONSUME_CHECK_CONSUMER) timestamp=9367 ms, used_size=3086336 bytes (7.5%)
(RDMA_READ_CONSUME_CHECK_CONSUMER) timestamp=9367 ms, used_size=3084288 bytes (7.5%)
(RDMA_READ_CONSUME_CHECK_CONSUMER) timestamp=9367 ms, used_size=3082240 bytes (7.5%)
(RDMA_READ_CONSUME_CHECK_CONSUMER) timestamp=9367 ms, used_size=3080192 bytes (7.5%)
(RDMA_READ_CONSUME_CHECK_CONSUMER) timestamp=9367 ms, used_size=3078144 bytes (7.5%)
(RDMA_READ_CONSUME_CHECK_CONSUMER) timestamp=9367 ms, used_size=3076096 bytes (7.5%)
(RDMA_READ_CONSUME_CHECK_CONSUMER) timestamp=9367 ms, used_size=3074048 bytes (7.5%)
(RDMA_READ_CONSUME_CHECK_CONSUMER) timestamp=9367 ms, used_size=3072000 bytes (7.5%)
(RDMA_READ_CONSUME_CHECK_CONSUMER) timestamp=9367 ms, used_size=3069952 bytes (7.5%)
(RDMA_READ_CONSUME_CHECK_CONSUMER) timestamp=9367 ms, used_size=3067904 bytes (7.5%)
(RDMA_READ_CONSUME_CHECK_CONSUMER) timestamp=9367 ms, used_size=3065856 bytes (7.5%)
(RDMA_READ_CONSUME_CHECK_CONSUMER) timestamp=9367 ms, used_size=3063808 bytes (7.5%)
(RDMA_READ_CONSUME_CHECK_CONSUMER) timestamp=9367 ms, used_size=3061760 bytes (7.5%)
(RDMA_READ_CONSUME_CHECK_CONSUMER) timestamp=9367 ms, used_size=3059712 bytes (7.5%)
(RDMA_READ_CONSUME_CHECK_CONSUMER) timestamp=9367 ms, used_size=3057664 bytes (7.5%)
(RDMA_READ_CONSUME_CHECK_CONSUMER) timestamp=9367 ms, used_size=3055616 bytes (7.5%)
(RDMA_READ_CONSUME_CHECK_CONSUMER) timestamp=9367 ms, used_size=3053568 bytes (7.5%)
(RDMA_READ_CONSUME_CHECK_CONSUMER) timestamp=9367 ms, used_size=3051520 bytes (7.5%)
(RDMA_READ_CONSUME_CHECK_CONSUMER) timestamp=9367 ms, used_size=3049472 bytes (7.4%)
(RDMA_READ_CONSUME_CHECK_CONSUMER) timestamp=9367 ms, used_size=3047424 bytes (7.4%)
(RDMA_READ_CONSUME_CHECK_CONSUMER) timestamp=9367 ms, used_size=3045376 bytes (7.4%)
(RDMA_READ_CONSUME_CHECK_CONSUMER) timestamp=9367 ms, used_size=3043328 bytes (7.4%)
(RDMA_READ_CONSUME_CHECK_CONSUMER) timestamp=9367 ms, used_size=3041280 bytes (7.4%)
(RDMA_READ_CONSUME_CHECK_CONSUMER) timestamp=9367 ms, used_size=3039232 bytes (7.4%)
(RDMA_READ_CONSUME_CHECK_CONSUMER) timestamp=9367 ms, used_size=3037184 bytes (7.4%)
(RDMA_READ_CONSUME_CHECK_CONSUMER) timestamp=9367 ms, used_size=3035136 bytes (7.4%)
(RDMA_READ_CONSUME_CHECK_CONSUMER) timestamp=9367 ms, used_size=3033088 bytes (7.4%)
(RDMA_READ_CONSUME_CHECK_CONSUMER) timestamp=9367 ms, used_size=3031040 bytes (7.4%)
(RDMA_READ_CONSUME_CHECK_CONSUMER) timestamp=9367 ms, used_size=3028992 bytes (7.4%)
(RDMA_READ_CONSUME_CHECK_CONSUMER) timestamp=9367 ms, used_size=3026944 bytes (7.4%)
(RDMA_READ_CONSUME_CHECK_CONSUMER) timestamp=9367 ms, used_size=3024896 bytes (7.4%)
(RDMA_READ_CONSUME_CHECK_CONSUMER) timestamp=9367 ms, used_size=3022848 bytes (7.4%)
(RDMA_READ_CONSUME_CHECK_CONSUMER) timestamp=9367 ms, used_size=3020800 bytes (7.4%)
(RDMA_READ_CONSUME_CHECK_CONSUMER) timestamp=9367 ms, used_size=3018752 bytes (7.4%)
(RDMA_READ_CONSUME_CHECK_CONSUMER) timestamp=9367 ms, used_size=3016704 bytes (7.4%)
(RDMA_READ_CONSUME_CHECK_CONSUMER) timestamp=9367 ms, used_size=3014656 bytes (7.4%)
(RDMA_READ_CONSUME_CHECK_CONSUMER) timestamp=9367 ms, used_size=3012608 bytes (7.4%)
(RDMA_READ_CONSUME_CHECK_CONSUMER) timestamp=9367 ms, used_size=3010560 bytes (7.3%)
(RDMA_READ_CONSUME_CHECK_CONSUMER) timestamp=9367 ms, used_size=3008512 bytes (7.3%)
(RDMA_READ_CONSUME_CHECK_CONSUMER) timestamp=9367 ms, used_size=3006464 bytes (7.3%)
(RDMA_READ_CONSUME_CHECK_CONSUMER) timestamp=9367 ms, used_size=3004416 bytes (7.3%)
(RDMA_READ_CONSUME_CHECK_CONSUMER) timestamp=9367 ms, used_size=3002368 bytes (7.3%)
(RDMA_READ_CONSUME_CHECK_CONSUMER) timestamp=9367 ms, used_size=3000320 bytes (7.3%)
(RDMA_READ_CONSUME_CHECK_CONSUMER) timestamp=9367 ms, used_size=2998272 bytes (7.3%)
(RDMA_READ_CONSUME_CHECK_CONSUMER) timestamp=9367 ms, used_size=2996224 bytes (7.3%)
(RDMA_READ_CONSUME_CHECK_CONSUMER) timestamp=9367 ms, used_size=2994176 bytes (7.3%)
(RDMA_READ_CONSUME_CHECK_CONSUMER) timestamp=9367 ms, used_size=2992128 bytes (7.3%)
(RDMA_READ_CONSUME_CHECK_CONSUMER) timestamp=9367 ms, used_size=2990080 bytes (7.3%)
(RDMA_READ_CONSUME_CHECK_CONSUMER) timestamp=9367 ms, used_size=2988032 bytes (7.3%)
(RDMA_READ_CONSUME_CHECK_CONSUMER) timestamp=9367 ms, used_size=2985984 bytes (7.3%)
(RDMA_READ_CONSUME_CHECK_CONSUMER) timestamp=9367 ms, used_size=2983936 bytes (7.3%)
(RDMA_READ_CONSUME_CHECK_CONSUMER) timestamp=9367 ms, used_size=2981888 bytes (7.3%)
(RDMA_READ_CONSUME_CHECK_CONSUMER) timestamp=9367 ms, used_size=2979840 bytes (7.3%)
(RDMA_READ_CONSUME_CHECK_CONSUMER) timestamp=9367 ms, used_size=2977792 bytes (7.3%)
(RDMA_READ_CONSUME_CHECK_CONSUMER) timestamp=9367 ms, used_size=2975744 bytes (7.3%)
(RDMA_READ_CONSUME_CHECK_CONSUMER) timestamp=9367 ms, used_size=2973696 bytes (7.3%)
(RDMA_READ_CONSUME_CHECK_CONSUMER) timestamp=9367 ms, used_size=2971648 bytes (7.3%)
(RDMA_READ_CONSUME_CHECK_CONSUMER) timestamp=9368 ms, used_size=2969600 bytes (7.2%)
(RDMA_READ_CONSUME_CHECK_CONSUMER) timestamp=9368 ms, used_size=2967552 bytes (7.2%)
(RDMA_READ_CONSUME_CHECK_CONSUMER) timestamp=9368 ms, used_size=2965504 bytes (7.2%)
(RDMA_READ_CONSUME_CHECK_CONSUMER) timestamp=9368 ms, used_size=2963456 bytes (7.2%)
(RDMA_READ_CONSUME_CHECK_CONSUMER) timestamp=9368 ms, used_size=2961408 bytes (7.2%)
(RDMA_READ_CONSUME_CHECK_CONSUMER) timestamp=9368 ms, used_size=2959360 bytes (7.2%)
(RDMA_READ_CONSUME_CHECK_CONSUMER) timestamp=9368 ms, used_size=2957312 bytes (7.2%)
(RDMA_READ_CONSUME_CHECK_CONSUMER) timestamp=9368 ms, used_size=2955264 bytes (7.2%)
(RDMA_READ_CONSUME_CHECK_CONSUMER) timestamp=9368 ms, used_size=2953216 bytes (7.2%)
(RDMA_READ_CONSUME_CHECK_CONSUMER) timestamp=9368 ms, used_size=2951168 bytes (7.2%)
(RDMA_READ_CONSUME_CHECK_CONSUMER) timestamp=9368 ms, used_size=2949120 bytes (7.2%)
(RDMA_READ_CONSUME_CHECK_CONSUMER) timestamp=9368 ms, used_size=2947072 bytes (7.2%)
(RDMA_READ_CONSUME_CHECK_CONSUMER) timestamp=9368 ms, used_size=2945024 bytes (7.2%)
(RDMA_READ_CONSUME_CHECK_CONSUMER) timestamp=9368 ms, used_size=2942976 bytes (7.2%)
(RDMA_READ_CONSUME_CHECK_CONSUMER) timestamp=9368 ms, used_size=2940928 bytes (7.2%)
(RDMA_READ_CONSUME_CHECK_CONSUMER) timestamp=9368 ms, used_size=2938880 bytes (7.2%)
(RDMA_READ_CONSUME_CHECK_CONSUMER) timestamp=9368 ms, used_size=2936832 bytes (7.2%)
(RDMA_READ_CONSUME_CHECK_CONSUMER) timestamp=9368 ms, used_size=2934784 bytes (7.2%)
(RDMA_READ_CONSUME_CHECK_CONSUMER) timestamp=9368 ms, used_size=2932736 bytes (7.2%)
(RDMA_READ_CONSUME_CHECK_CONSUMER) timestamp=9368 ms, used_size=2930688 bytes (7.2%)
(RDMA_READ_CONSUME_CHECK_CONSUMER) timestamp=9368 ms, used_size=2928640 bytes (7.2%)
(RDMA_READ_CONSUME_CHECK_CONSUMER) timestamp=9368 ms, used_size=2926592 bytes (7.1%)
(RDMA_READ_CONSUME_CHECK_CONSUMER) timestamp=9368 ms, used_size=2924544 bytes (7.1%)
(RDMA_READ_CONSUME_CHECK_CONSUMER) timestamp=9368 ms, used_size=2922496 bytes (7.1%)
(RDMA_READ_CONSUME_CHECK_CONSUMER) timestamp=9368 ms, used_size=2920448 bytes (7.1%)
(RDMA_READ_CONSUME_CHECK_CONSUMER) timestamp=9368 ms, used_size=2918400 bytes (7.1%)
(RDMA_READ_CONSUME_CHECK_CONSUMER) timestamp=9368 ms, used_size=2916352 bytes (7.1%)
(RDMA_READ_CONSUME_CHECK_CONSUMER) timestamp=9368 ms, used_size=2914304 bytes (7.1%)
(RDMA_READ_CONSUME_CHECK_CONSUMER) timestamp=9368 ms, used_size=2912256 bytes (7.1%)
(RDMA_READ_CONSUME_CHECK_CONSUMER) timestamp=9368 ms, used_size=2910208 bytes (7.1%)
(RDMA_READ_CONSUME_CHECK_CONSUMER) timestamp=9368 ms, used_size=2908160 bytes (7.1%)
(RDMA_READ_CONSUME_CHECK_CONSUMER) timestamp=9368 ms, used_size=2906112 bytes (7.1%)
(RDMA_READ_CONSUME_CHECK_CONSUMER) timestamp=9368 ms, used_size=2904064 bytes (7.1%)
(RDMA_READ_CONSUME_CHECK_CONSUMER) timestamp=9368 ms, used_size=2902016 bytes (7.1%)
(RDMA_READ_CONSUME_CHECK_CONSUMER) timestamp=9368 ms, used_size=2899968 bytes (7.1%)
(RDMA_READ_CONSUME_CHECK_CONSUMER) timestamp=9368 ms, used_size=2897920 bytes (7.1%)
(RDMA_READ_CONSUME_CHECK_CONSUMER) timestamp=9368 ms, used_size=2895872 bytes (7.1%)
(RDMA_READ_CONSUME_CHECK_CONSUMER) timestamp=9368 ms, used_size=2893824 bytes (7.1%)
(RDMA_READ_CONSUME_CHECK_CONSUMER) timestamp=9368 ms, used_size=2891776 bytes (7.1%)
(RDMA_READ_CONSUME_CHECK_CONSUMER) timestamp=9368 ms, used_size=2889728 bytes (7.1%)
(RDMA_READ_CONSUME_CHECK_CONSUMER) timestamp=9368 ms, used_size=2887680 bytes (7.0%)
(RDMA_READ_CONSUME_CHECK_CONSUMER) timestamp=9368 ms, used_size=2885632 bytes (7.0%)
(RDMA_READ_CONSUME_CHECK_CONSUMER) timestamp=9368 ms, used_size=2883584 bytes (7.0%)
(RDMA_READ_CONSUME_CHECK_CONSUMER) timestamp=9368 ms, used_size=2881536 bytes (7.0%)
(RDMA_READ_CONSUME_CHECK_CONSUMER) timestamp=9368 ms, used_size=2879488 bytes (7.0%)
(RDMA_READ_CONSUME_CHECK_CONSUMER) timestamp=9368 ms, used_size=2877440 bytes (7.0%)
(RDMA_READ_CONSUME_CHECK_CONSUMER) timestamp=9368 ms, used_size=2875392 bytes (7.0%)
(RDMA_READ_CONSUME_CHECK_CONSUMER) timestamp=9368 ms, used_size=2873344 bytes (7.0%)
(RDMA_READ_CONSUME_CHECK_CONSUMER) timestamp=9368 ms, used_size=2871296 bytes (7.0%)
(RDMA_READ_CONSUME_CHECK_CONSUMER) timestamp=9368 ms, used_size=2869248 bytes (7.0%)
(RDMA_READ_CONSUME_CHECK_CONSUMER) timestamp=9368 ms, used_size=2867200 bytes (7.0%)
(RDMA_READ_CONSUME_CHECK_CONSUMER) timestamp=9368 ms, used_size=2865152 bytes (7.0%)
(RDMA_READ_CONSUME_CHECK_CONSUMER) timestamp=9368 ms, used_size=2863104 bytes (7.0%)
(RDMA_READ_CONSUME_CHECK_CONSUMER) timestamp=9368 ms, used_size=2861056 bytes (7.0%)
(RDMA_READ_CONSUME_CHECK_CONSUMER) timestamp=9368 ms, used_size=2859008 bytes (7.0%)
(RDMA_READ_CONSUME_CHECK_CONSUMER) timestamp=9368 ms, used_size=2856960 bytes (7.0%)
(RDMA_READ_CONSUME_CHECK_CONSUMER) timestamp=9368 ms, used_size=2854912 bytes (7.0%)
(RDMA_READ_CONSUME_CHECK_CONSUMER) timestamp=9368 ms, used_size=2852864 bytes (7.0%)
(RDMA_READ_CONSUME_CHECK_CONSUMER) timestamp=9368 ms, used_size=2850816 bytes (7.0%)
(RDMA_READ_CONSUME_CHECK_CONSUMER) timestamp=9368 ms, used_size=2848768 bytes (7.0%)
(RDMA_READ_CONSUME_CHECK_CONSUMER) timestamp=9368 ms, used_size=2846720 bytes (7.0%)
(RDMA_READ_CONSUME_CHECK_CONSUMER) timestamp=9368 ms, used_size=2844672 bytes (6.9%)
(RDMA_READ_CONSUME_CHECK_CONSUMER) timestamp=9368 ms, used_size=2842624 bytes (6.9%)
(RDMA_READ_CONSUME_CHECK_CONSUMER) timestamp=9368 ms, used_size=2840576 bytes (6.9%)
(RDMA_READ_CONSUME_CHECK_CONSUMER) timestamp=9368 ms, used_size=2838528 bytes (6.9%)
(RDMA_READ_CONSUME_CHECK_CONSUMER) timestamp=9368 ms, used_size=2836480 bytes (6.9%)
(RDMA_READ_CONSUME_CHECK_CONSUMER) timestamp=9368 ms, used_size=2834432 bytes (6.9%)
(RDMA_READ_CONSUME_CHECK_CONSUMER) timestamp=9368 ms, used_size=2832384 bytes (6.9%)
(RDMA_READ_CONSUME_CHECK_CONSUMER) timestamp=9368 ms, used_size=2830336 bytes (6.9%)
(RDMA_READ_CONSUME_CHECK_CONSUMER) timestamp=9368 ms, used_size=2828288 bytes (6.9%)
(RDMA_READ_CONSUME_CHECK_CONSUMER) timestamp=9368 ms, used_size=2826240 bytes (6.9%)
(RDMA_READ_CONSUME_CHECK_CONSUMER) timestamp=9368 ms, used_size=2824192 bytes (6.9%)
(RDMA_READ_CONSUME_CHECK_CONSUMER) timestamp=9368 ms, used_size=2822144 bytes (6.9%)
(RDMA_READ_CONSUME_CHECK_CONSUMER) timestamp=9368 ms, used_size=2820096 bytes (6.9%)
(RDMA_READ_CONSUME_CHECK_CONSUMER) timestamp=9368 ms, used_size=2818048 bytes (6.9%)
(RDMA_READ_CONSUME_CHECK_CONSUMER) timestamp=9368 ms, used_size=2816000 bytes (6.9%)
(RDMA_READ_CONSUME_CHECK_CONSUMER) timestamp=9368 ms, used_size=2813952 bytes (6.9%)
(RDMA_READ_CONSUME_CHECK_CONSUMER) timestamp=9368 ms, used_size=2811904 bytes (6.9%)
(RDMA_READ_CONSUME_CHECK_CONSUMER) timestamp=9368 ms, used_size=2809856 bytes (6.9%)
(RDMA_READ_CONSUME_CHECK_CONSUMER) timestamp=9368 ms, used_size=2807808 bytes (6.9%)
(RDMA_READ_CONSUME_CHECK_CONSUMER) timestamp=9368 ms, used_size=2805760 bytes (6.8%)
(RDMA_READ_CONSUME_CHECK_CONSUMER) timestamp=9368 ms, used_size=2803712 bytes (6.8%)
(RDMA_READ_CONSUME_CHECK_CONSUMER) timestamp=9368 ms, used_size=2801664 bytes (6.8%)
(RDMA_READ_CONSUME_CHECK_CONSUMER) timestamp=9368 ms, used_size=2799616 bytes (6.8%)
(RDMA_READ_CONSUME_CHECK_CONSUMER) timestamp=9368 ms, used_size=2797568 bytes (6.8%)
(RDMA_READ_CONSUME_CHECK_CONSUMER) timestamp=9368 ms, used_size=2795520 bytes (6.8%)
(RDMA_READ_CONSUME_CHECK_CONSUMER) timestamp=9368 ms, used_size=2793472 bytes (6.8%)
(RDMA_READ_CONSUME_CHECK_CONSUMER) timestamp=9368 ms, used_size=2791424 bytes (6.8%)
(RDMA_READ_CONSUME_CHECK_CONSUMER) timestamp=9368 ms, used_size=2789376 bytes (6.8%)
(RDMA_READ_CONSUME_CHECK_CONSUMER) timestamp=9368 ms, used_size=2787328 bytes (6.8%)
(RDMA_READ_CONSUME_CHECK_CONSUMER) timestamp=9368 ms, used_size=2785280 bytes (6.8%)
(RDMA_READ_CONSUME_CHECK_CONSUMER) timestamp=9368 ms, used_size=2783232 bytes (6.8%)
(RDMA_READ_CONSUME_CHECK_CONSUMER) timestamp=9368 ms, used_size=2781184 bytes (6.8%)
(RDMA_READ_CONSUME_CHECK_CONSUMER) timestamp=9368 ms, used_size=2779136 bytes (6.8%)
(RDMA_READ_CONSUME_CHECK_CONSUMER) timestamp=9368 ms, used_size=2777088 bytes (6.8%)
(RDMA_READ_CONSUME_CHECK_CONSUMER) timestamp=9368 ms, used_size=2775040 bytes (6.8%)
(RDMA_READ_CONSUME_CHECK_CONSUMER) timestamp=9368 ms, used_size=2772992 bytes (6.8%)
(RDMA_READ_CONSUME_CHECK_CONSUMER) timestamp=9368 ms, used_size=2770944 bytes (6.8%)
(RDMA_READ_CONSUME_CHECK_CONSUMER) timestamp=9368 ms, used_size=2768896 bytes (6.8%)
(RDMA_READ_CONSUME_CHECK_CONSUMER) timestamp=9368 ms, used_size=2766848 bytes (6.8%)
(RDMA_READ_CONSUME_CHECK_CONSUMER) timestamp=9368 ms, used_size=2764800 bytes (6.8%)
(RDMA_READ_CONSUME_CHECK_CONSUMER) timestamp=9368 ms, used_size=2762752 bytes (6.7%)
(RDMA_READ_CONSUME_CHECK_CONSUMER) timestamp=9368 ms, used_size=2760704 bytes (6.7%)
(RDMA_READ_CONSUME_CHECK_CONSUMER) timestamp=9368 ms, used_size=2758656 bytes (6.7%)
(RDMA_READ_CONSUME_CHECK_CONSUMER) timestamp=9368 ms, used_size=2756608 bytes (6.7%)
(RDMA_READ_CONSUME_CHECK_CONSUMER) timestamp=9368 ms, used_size=2754560 bytes (6.7%)
(RDMA_READ_CONSUME_CHECK_CONSUMER) timestamp=9368 ms, used_size=2752512 bytes (6.7%)
(RDMA_READ_CONSUME_CHECK_CONSUMER) timestamp=9368 ms, used_size=2750464 bytes (6.7%)
(RDMA_READ_CONSUME_CHECK_CONSUMER) timestamp=9368 ms, used_size=2748416 bytes (6.7%)
(RDMA_READ_CONSUME_CHECK_CONSUMER) timestamp=9368 ms, used_size=2746368 bytes (6.7%)
(RDMA_READ_CONSUME_CHECK_CONSUMER) timestamp=9368 ms, used_size=2744320 bytes (6.7%)
(RDMA_READ_CONSUME_CHECK_CONSUMER) timestamp=9368 ms, used_size=2742272 bytes (6.7%)
(RDMA_READ_CONSUME_CHECK_CONSUMER) timestamp=9368 ms, used_size=2740224 bytes (6.7%)
(RDMA_READ_CONSUME_CHECK_CONSUMER) timestamp=9368 ms, used_size=2738176 bytes (6.7%)
(RDMA_READ_CONSUME_CHECK_CONSUMER) timestamp=9368 ms, used_size=2736128 bytes (6.7%)
(RDMA_READ_CONSUME_CHECK_CONSUMER) timestamp=9368 ms, used_size=2734080 bytes (6.7%)
(RDMA_READ_CONSUME_CHECK_CONSUMER) timestamp=9368 ms, used_size=2732032 bytes (6.7%)
(RDMA_READ_CONSUME_CHECK_CONSUMER) timestamp=9368 ms, used_size=2729984 bytes (6.7%)
(RDMA_READ_CONSUME_CHECK_CONSUMER) timestamp=9368 ms, used_size=2727936 bytes (6.7%)
(RDMA_READ_CONSUME_CHECK_CONSUMER) timestamp=9368 ms, used_size=2725888 bytes (6.7%)
(RDMA_READ_CONSUME_CHECK_CONSUMER) timestamp=9368 ms, used_size=2723840 bytes (6.7%)
(RDMA_READ_CONSUME_CHECK_CONSUMER) timestamp=9368 ms, used_size=2721792 bytes (6.6%)
(RDMA_READ_CONSUME_CHECK_CONSUMER) timestamp=9368 ms, used_size=2719744 bytes (6.6%)
(RDMA_READ_CONSUME_CHECK_CONSUMER) timestamp=9368 ms, used_size=2717696 bytes (6.6%)
(RDMA_READ_CONSUME_CHECK_CONSUMER) timestamp=9368 ms, used_size=2715648 bytes (6.6%)
(RDMA_READ_CONSUME_CHECK_CONSUMER) timestamp=9368 ms, used_size=2713600 bytes (6.6%)
(RDMA_READ_CONSUME_CHECK_CONSUMER) timestamp=9368 ms, used_size=2711552 bytes (6.6%)
(RDMA_READ_CONSUME_CHECK_CONSUMER) timestamp=9368 ms, used_size=2709504 bytes (6.6%)
(RDMA_READ_CONSUME_CHECK_CONSUMER) timestamp=9368 ms, used_size=2707456 bytes (6.6%)
(RDMA_READ_CONSUME_CHECK_CONSUMER) timestamp=9368 ms, used_size=2705408 bytes (6.6%)
(RDMA_READ_CONSUME_CHECK_CONSUMER) timestamp=9368 ms, used_size=2703360 bytes (6.6%)
(RDMA_READ_CONSUME_CHECK_CONSUMER) timestamp=9368 ms, used_size=2701312 bytes (6.6%)
(RDMA_READ_CONSUME_CHECK_CONSUMER) timestamp=9368 ms, used_size=2699264 bytes (6.6%)
(RDMA_READ_CONSUME_CHECK_CONSUMER) timestamp=9368 ms, used_size=2697216 bytes (6.6%)
(RDMA_READ_CONSUME_CHECK_CONSUMER) timestamp=9368 ms, used_size=2695168 bytes (6.6%)
(RDMA_READ_CONSUME_CHECK_CONSUMER) timestamp=9368 ms, used_size=2693120 bytes (6.6%)
(RDMA_READ_CONSUME_CHECK_CONSUMER) timestamp=9368 ms, used_size=2691072 bytes (6.6%)
(RDMA_READ_CONSUME_CHECK_CONSUMER) timestamp=9368 ms, used_size=2689024 bytes (6.6%)
(RDMA_READ_CONSUME_CHECK_CONSUMER) timestamp=9368 ms, used_size=2686976 bytes (6.6%)
(RDMA_READ_CONSUME_CHECK_CONSUMER) timestamp=9368 ms, used_size=2684928 bytes (6.6%)
(RDMA_READ_CONSUME_CHECK_CONSUMER) timestamp=9368 ms, used_size=2682880 bytes (6.5%)
(RDMA_READ_CONSUME_CHECK_CONSUMER) timestamp=9368 ms, used_size=2680832 bytes (6.5%)
(RDMA_READ_CONSUME_CHECK_CONSUMER) timestamp=9368 ms, used_size=2678784 bytes (6.5%)
(RDMA_READ_CONSUME_CHECK_CONSUMER) timestamp=9368 ms, used_size=2676736 bytes (6.5%)
(RDMA_READ_CONSUME_CHECK_CONSUMER) timestamp=9368 ms, used_size=2674688 bytes (6.5%)
(RDMA_READ_CONSUME_CHECK_CONSUMER) timestamp=9368 ms, used_size=2672640 bytes (6.5%)
(RDMA_READ_CONSUME_CHECK_CONSUMER) timestamp=9368 ms, used_size=2670592 bytes (6.5%)
(RDMA_READ_CONSUME_CHECK_CONSUMER) timestamp=9368 ms, used_size=2668544 bytes (6.5%)
(RDMA_READ_CONSUME_CHECK_CONSUMER) timestamp=9368 ms, used_size=2666496 bytes (6.5%)
(RDMA_READ_CONSUME_CHECK_CONSUMER) timestamp=9368 ms, used_size=2664448 bytes (6.5%)
(RDMA_READ_CONSUME_CHECK_CONSUMER) timestamp=9368 ms, used_size=2662400 bytes (6.5%)
(RDMA_READ_CONSUME_CHECK_CONSUMER) timestamp=9368 ms, used_size=2660352 bytes (6.5%)
(RDMA_READ_CONSUME_CHECK_CONSUMER) timestamp=9368 ms, used_size=2658304 bytes (6.5%)
(RDMA_READ_CONSUME_CHECK_CONSUMER) timestamp=9368 ms, used_size=2656256 bytes (6.5%)
(RDMA_READ_CONSUME_CHECK_CONSUMER) timestamp=9368 ms, used_size=2654208 bytes (6.5%)
(RDMA_READ_CONSUME_CHECK_CONSUMER) timestamp=9368 ms, used_size=2652160 bytes (6.5%)
(RDMA_READ_CONSUME_CHECK_CONSUMER) timestamp=9368 ms, used_size=2650112 bytes (6.5%)
(RDMA_READ_CONSUME_CHECK_CONSUMER) timestamp=9368 ms, used_size=2648064 bytes (6.5%)
(RDMA_READ_CONSUME_CHECK_CONSUMER) timestamp=9368 ms, used_size=2646016 bytes (6.5%)
(RDMA_READ_CONSUME_CHECK_CONSUMER) timestamp=9368 ms, used_size=2643968 bytes (6.5%)
(RDMA_READ_CONSUME_CHECK_CONSUMER) timestamp=9368 ms, used_size=2641920 bytes (6.5%)
(RDMA_READ_CONSUME_CHECK_CONSUMER) timestamp=9368 ms, used_size=2639872 bytes (6.4%)
(RDMA_READ_CONSUME_CHECK_CONSUMER) timestamp=9368 ms, used_size=2637824 bytes (6.4%)
(RDMA_READ_CONSUME_CHECK_CONSUMER) timestamp=9368 ms, used_size=2635776 bytes (6.4%)
(RDMA_READ_CONSUME_CHECK_CONSUMER) timestamp=9368 ms, used_size=2633728 bytes (6.4%)
(RDMA_READ_CONSUME_CHECK_CONSUMER) timestamp=9368 ms, used_size=2631680 bytes (6.4%)
(RDMA_READ_CONSUME_CHECK_CONSUMER) timestamp=9368 ms, used_size=2629632 bytes (6.4%)
(RDMA_READ_CONSUME_CHECK_CONSUMER) timestamp=9368 ms, used_size=2627584 bytes (6.4%)
(RDMA_READ_CONSUME_CHECK_CONSUMER) timestamp=9368 ms, used_size=2625536 bytes (6.4%)
(RDMA_READ_CONSUME_CHECK_CONSUMER) timestamp=9368 ms, used_size=2623488 bytes (6.4%)
(RDMA_READ_CONSUME_CHECK_CONSUMER) timestamp=9368 ms, used_size=2621440 bytes (6.4%)
(RDMA_READ_CONSUME_CHECK_CONSUMER) timestamp=9368 ms, used_size=2619392 bytes (6.4%)
(RDMA_READ_CONSUME_CHECK_CONSUMER) timestamp=9368 ms, used_size=2617344 bytes (6.4%)
(RDMA_READ_CONSUME_CHECK_CONSUMER) timestamp=9368 ms, used_size=2615296 bytes (6.4%)
(RDMA_READ_CONSUME_CHECK_CONSUMER) timestamp=9368 ms, used_size=2613248 bytes (6.4%)
(RDMA_READ_CONSUME_CHECK_CONSUMER) timestamp=9368 ms, used_size=2611200 bytes (6.4%)
(RDMA_READ_CONSUME_CHECK_CONSUMER) timestamp=9368 ms, used_size=2609152 bytes (6.4%)
(RDMA_READ_CONSUME_CHECK_CONSUMER) timestamp=9368 ms, used_size=2607104 bytes (6.4%)
(RDMA_READ_CONSUME_CHECK_CONSUMER) timestamp=9368 ms, used_size=2605056 bytes (6.4%)
(RDMA_READ_CONSUME_CHECK_CONSUMER) timestamp=9368 ms, used_size=2603008 bytes (6.4%)
(RDMA_READ_CONSUME_CHECK_CONSUMER) timestamp=9368 ms, used_size=2600960 bytes (6.3%)
(RDMA_READ_CONSUME_CHECK_CONSUMER) timestamp=9368 ms, used_size=2598912 bytes (6.3%)
(RDMA_READ_CONSUME_CHECK_CONSUMER) timestamp=9368 ms, used_size=2596864 bytes (6.3%)
(RDMA_READ_CONSUME_CHECK_CONSUMER) timestamp=9368 ms, used_size=2594816 bytes (6.3%)
(RDMA_READ_CONSUME_CHECK_CONSUMER) timestamp=9369 ms, used_size=2592768 bytes (6.3%)
(RDMA_READ_CONSUME_CHECK_CONSUMER) timestamp=9369 ms, used_size=2590720 bytes (6.3%)
(RDMA_READ_CONSUME_CHECK_CONSUMER) timestamp=9369 ms, used_size=2588672 bytes (6.3%)
(RDMA_READ_CONSUME_CHECK_CONSUMER) timestamp=9369 ms, used_size=2586624 bytes (6.3%)
(RDMA_READ_CONSUME_CHECK_CONSUMER) timestamp=9369 ms, used_size=2584576 bytes (6.3%)
(RDMA_READ_CONSUME_CHECK_CONSUMER) timestamp=9369 ms, used_size=2582528 bytes (6.3%)
(RDMA_READ_CONSUME_CHECK_CONSUMER) timestamp=9369 ms, used_size=2580480 bytes (6.3%)
(RDMA_READ_CONSUME_CHECK_CONSUMER) timestamp=9369 ms, used_size=2578432 bytes (6.3%)
(RDMA_READ_CONSUME_CHECK_CONSUMER) timestamp=9369 ms, used_size=2576384 bytes (6.3%)
(RDMA_READ_CONSUME_CHECK_CONSUMER) timestamp=9369 ms, used_size=2574336 bytes (6.3%)
(RDMA_READ_CONSUME_CHECK_CONSUMER) timestamp=9369 ms, used_size=2572288 bytes (6.3%)
(RDMA_READ_CONSUME_CHECK_CONSUMER) timestamp=9369 ms, used_size=2570240 bytes (6.3%)
(RDMA_READ_CONSUME_CHECK_CONSUMER) timestamp=9369 ms, used_size=2568192 bytes (6.3%)
(RDMA_READ_CONSUME_CHECK_CONSUMER) timestamp=9369 ms, used_size=2566144 bytes (6.3%)
(RDMA_READ_CONSUME_CHECK_CONSUMER) timestamp=9369 ms, used_size=2564096 bytes (6.3%)
(RDMA_READ_CONSUME_CHECK_CONSUMER) timestamp=9369 ms, used_size=2562048 bytes (6.3%)
(RDMA_READ_CONSUME_CHECK_CONSUMER) timestamp=9369 ms, used_size=2560000 bytes (6.2%)
(RDMA_READ_CONSUME_CHECK_CONSUMER) timestamp=9369 ms, used_size=2557952 bytes (6.2%)
(RDMA_READ_CONSUME_CHECK_CONSUMER) timestamp=9369 ms, used_size=2555904 bytes (6.2%)
(RDMA_READ_CONSUME_CHECK_CONSUMER) timestamp=9369 ms, used_size=2553856 bytes (6.2%)
(RDMA_READ_CONSUME_CHECK_CONSUMER) timestamp=9369 ms, used_size=2551808 bytes (6.2%)
(RDMA_READ_CONSUME_CHECK_CONSUMER) timestamp=9369 ms, used_size=2549760 bytes (6.2%)
(RDMA_READ_CONSUME_CHECK_CONSUMER) timestamp=9369 ms, used_size=2547712 bytes (6.2%)
(RDMA_READ_CONSUME_CHECK_CONSUMER) timestamp=9369 ms, used_size=2545664 bytes (6.2%)
(RDMA_READ_CONSUME_CHECK_CONSUMER) timestamp=9369 ms, used_size=2543616 bytes (6.2%)
(RDMA_READ_CONSUME_CHECK_CONSUMER) timestamp=9369 ms, used_size=2541568 bytes (6.2%)
(RDMA_READ_CONSUME_CHECK_CONSUMER) timestamp=9369 ms, used_size=2539520 bytes (6.2%)
(RDMA_READ_CONSUME_CHECK_CONSUMER) timestamp=9369 ms, used_size=2537472 bytes (6.2%)
(RDMA_READ_CONSUME_CHECK_CONSUMER) timestamp=9369 ms, used_size=2535424 bytes (6.2%)
(RDMA_READ_CONSUME_CHECK_CONSUMER) timestamp=9369 ms, used_size=2533376 bytes (6.2%)
(RDMA_READ_CONSUME_CHECK_CONSUMER) timestamp=9369 ms, used_size=2531328 bytes (6.2%)
(RDMA_READ_CONSUME_CHECK_CONSUMER) timestamp=9369 ms, used_size=2529280 bytes (6.2%)
(RDMA_READ_CONSUME_CHECK_CONSUMER) timestamp=9369 ms, used_size=2527232 bytes (6.2%)
(RDMA_READ_CONSUME_CHECK_CONSUMER) timestamp=9369 ms, used_size=2525184 bytes (6.2%)
(RDMA_READ_CONSUME_CHECK_CONSUMER) timestamp=9369 ms, used_size=2523136 bytes (6.2%)
(RDMA_READ_CONSUME_CHECK_CONSUMER) timestamp=9369 ms, used_size=2521088 bytes (6.2%)
(RDMA_READ_CONSUME_CHECK_CONSUMER) timestamp=9369 ms, used_size=2519040 bytes (6.2%)
(RDMA_READ_CONSUME_CHECK_CONSUMER) timestamp=9369 ms, used_size=2516992 bytes (6.1%)
(RDMA_READ_CONSUME_CHECK_CONSUMER) timestamp=9369 ms, used_size=2514944 bytes (6.1%)
(RDMA_READ_CONSUME_CHECK_CONSUMER) timestamp=9369 ms, used_size=2512896 bytes (6.1%)
(RDMA_READ_CONSUME_CHECK_CONSUMER) timestamp=9369 ms, used_size=2510848 bytes (6.1%)
(RDMA_READ_CONSUME_CHECK_CONSUMER) timestamp=9369 ms, used_size=2508800 bytes (6.1%)
(RDMA_READ_CONSUME_CHECK_CONSUMER) timestamp=9369 ms, used_size=2506752 bytes (6.1%)
(RDMA_READ_CONSUME_CHECK_CONSUMER) timestamp=9369 ms, used_size=2504704 bytes (6.1%)
(RDMA_READ_CONSUME_CHECK_CONSUMER) timestamp=9369 ms, used_size=2502656 bytes (6.1%)
(RDMA_READ_CONSUME_CHECK_CONSUMER) timestamp=9369 ms, used_size=2500608 bytes (6.1%)
(RDMA_READ_CONSUME_CHECK_CONSUMER) timestamp=9369 ms, used_size=2498560 bytes (6.1%)
(RDMA_READ_CONSUME_CHECK_CONSUMER) timestamp=9369 ms, used_size=2496512 bytes (6.1%)
(RDMA_READ_CONSUME_CHECK_CONSUMER) timestamp=9369 ms, used_size=2494464 bytes (6.1%)
(RDMA_READ_CONSUME_CHECK_CONSUMER) timestamp=9369 ms, used_size=2492416 bytes (6.1%)
(RDMA_READ_CONSUME_CHECK_CONSUMER) timestamp=9369 ms, used_size=2490368 bytes (6.1%)
(RDMA_READ_CONSUME_CHECK_CONSUMER) timestamp=9369 ms, used_size=2488320 bytes (6.1%)
(RDMA_READ_CONSUME_CHECK_CONSUMER) timestamp=9369 ms, used_size=2486272 bytes (6.1%)
(RDMA_READ_CONSUME_CHECK_CONSUMER) timestamp=9369 ms, used_size=2484224 bytes (6.1%)
(RDMA_READ_CONSUME_CHECK_CONSUMER) timestamp=9369 ms, used_size=2482176 bytes (6.1%)
(RDMA_READ_CONSUME_CHECK_CONSUMER) timestamp=9369 ms, used_size=2480128 bytes (6.1%)
(RDMA_READ_CONSUME_CHECK_CONSUMER) timestamp=9369 ms, used_size=2478080 bytes (6.0%)
(RDMA_READ_CONSUME_CHECK_CONSUMER) timestamp=9369 ms, used_size=2476032 bytes (6.0%)
(RDMA_READ_CONSUME_CHECK_CONSUMER) timestamp=9369 ms, used_size=2473984 bytes (6.0%)
(RDMA_READ_CONSUME_CHECK_CONSUMER) timestamp=9369 ms, used_size=2471936 bytes (6.0%)
(RDMA_READ_CONSUME_CHECK_CONSUMER) timestamp=9369 ms, used_size=2469888 bytes (6.0%)
(RDMA_READ_CONSUME_CHECK_CONSUMER) timestamp=9369 ms, used_size=2467840 bytes (6.0%)
(RDMA_READ_CONSUME_CHECK_CONSUMER) timestamp=9369 ms, used_size=2465792 bytes (6.0%)
(RDMA_READ_CONSUME_CHECK_CONSUMER) timestamp=9369 ms, used_size=2463744 bytes (6.0%)
(RDMA_READ_CONSUME_CHECK_CONSUMER) timestamp=9369 ms, used_size=2461696 bytes (6.0%)
(RDMA_READ_CONSUME_CHECK_CONSUMER) timestamp=9369 ms, used_size=2459648 bytes (6.0%)
(RDMA_READ_CONSUME_CHECK_CONSUMER) timestamp=9369 ms, used_size=2457600 bytes (6.0%)
(RDMA_READ_CONSUME_CHECK_CONSUMER) timestamp=9369 ms, used_size=2455552 bytes (6.0%)
(RDMA_READ_CONSUME_CHECK_CONSUMER) timestamp=9369 ms, used_size=2453504 bytes (6.0%)
(RDMA_READ_CONSUME_CHECK_CONSUMER) timestamp=9369 ms, used_size=2451456 bytes (6.0%)
(RDMA_READ_CONSUME_CHECK_CONSUMER) timestamp=9369 ms, used_size=2449408 bytes (6.0%)
(RDMA_READ_CONSUME_CHECK_CONSUMER) timestamp=9369 ms, used_size=2447360 bytes (6.0%)
(RDMA_READ_CONSUME_CHECK_CONSUMER) timestamp=9369 ms, used_size=2445312 bytes (6.0%)
(RDMA_READ_CONSUME_CHECK_CONSUMER) timestamp=9369 ms, used_size=2443264 bytes (6.0%)
(RDMA_READ_CONSUME_CHECK_CONSUMER) timestamp=9369 ms, used_size=2441216 bytes (6.0%)
(RDMA_READ_CONSUME_CHECK_CONSUMER) timestamp=9369 ms, used_size=2439168 bytes (6.0%)
(RDMA_READ_CONSUME_CHECK_CONSUMER) timestamp=9369 ms, used_size=2437120 bytes (6.0%)
(RDMA_READ_CONSUME_CHECK_CONSUMER) timestamp=9369 ms, used_size=2435072 bytes (5.9%)
(RDMA_READ_CONSUME_CHECK_CONSUMER) timestamp=9369 ms, used_size=2433024 bytes (5.9%)
(RDMA_READ_CONSUME_CHECK_CONSUMER) timestamp=9369 ms, used_size=2430976 bytes (5.9%)
(RDMA_READ_CONSUME_CHECK_CONSUMER) timestamp=9369 ms, used_size=2428928 bytes (5.9%)
(RDMA_READ_CONSUME_CHECK_CONSUMER) timestamp=9369 ms, used_size=2426880 bytes (5.9%)
(RDMA_READ_CONSUME_CHECK_CONSUMER) timestamp=9369 ms, used_size=2424832 bytes (5.9%)
(RDMA_READ_CONSUME_CHECK_CONSUMER) timestamp=9369 ms, used_size=2422784 bytes (5.9%)
(RDMA_READ_CONSUME_CHECK_CONSUMER) timestamp=9369 ms, used_size=2420736 bytes (5.9%)
(RDMA_READ_CONSUME_CHECK_CONSUMER) timestamp=9369 ms, used_size=2418688 bytes (5.9%)
(RDMA_READ_CONSUME_CHECK_CONSUMER) timestamp=9369 ms, used_size=2416640 bytes (5.9%)
(RDMA_READ_CONSUME_CHECK_CONSUMER) timestamp=9369 ms, used_size=2414592 bytes (5.9%)
(RDMA_READ_CONSUME_CHECK_CONSUMER) timestamp=9369 ms, used_size=2412544 bytes (5.9%)
(RDMA_READ_CONSUME_CHECK_CONSUMER) timestamp=9369 ms, used_size=2410496 bytes (5.9%)
(RDMA_READ_CONSUME_CHECK_CONSUMER) timestamp=9369 ms, used_size=2408448 bytes (5.9%)
(RDMA_READ_CONSUME_CHECK_CONSUMER) timestamp=9369 ms, used_size=2406400 bytes (5.9%)
(RDMA_READ_CONSUME_CHECK_CONSUMER) timestamp=9369 ms, used_size=2404352 bytes (5.9%)
(RDMA_READ_CONSUME_CHECK_CONSUMER) timestamp=9369 ms, used_size=2402304 bytes (5.9%)
(RDMA_READ_CONSUME_CHECK_CONSUMER) timestamp=9369 ms, used_size=2400256 bytes (5.9%)
(RDMA_READ_CONSUME_CHECK_CONSUMER) timestamp=9369 ms, used_size=2398208 bytes (5.9%)
(RDMA_READ_CONSUME_CHECK_CONSUMER) timestamp=9369 ms, used_size=2396160 bytes (5.8%)
(RDMA_READ_CONSUME_CHECK_CONSUMER) timestamp=9369 ms, used_size=2394112 bytes (5.8%)
(RDMA_READ_CONSUME_CHECK_CONSUMER) timestamp=9369 ms, used_size=2392064 bytes (5.8%)
(RDMA_READ_CONSUME_CHECK_CONSUMER) timestamp=9369 ms, used_size=2390016 bytes (5.8%)
(RDMA_READ_CONSUME_CHECK_CONSUMER) timestamp=9369 ms, used_size=2387968 bytes (5.8%)
(RDMA_READ_CONSUME_CHECK_CONSUMER) timestamp=9369 ms, used_size=2385920 bytes (5.8%)
(RDMA_READ_CONSUME_CHECK_CONSUMER) timestamp=9369 ms, used_size=2383872 bytes (5.8%)
(RDMA_READ_CONSUME_CHECK_CONSUMER) timestamp=9369 ms, used_size=2381824 bytes (5.8%)
(RDMA_READ_CONSUME_CHECK_CONSUMER) timestamp=9369 ms, used_size=2379776 bytes (5.8%)
(RDMA_READ_CONSUME_CHECK_CONSUMER) timestamp=9369 ms, used_size=2377728 bytes (5.8%)
(RDMA_READ_CONSUME_CHECK_CONSUMER) timestamp=9369 ms, used_size=2375680 bytes (5.8%)
(RDMA_READ_CONSUME_CHECK_CONSUMER) timestamp=9369 ms, used_size=2373632 bytes (5.8%)
(RDMA_READ_CONSUME_CHECK_CONSUMER) timestamp=9369 ms, used_size=2371584 bytes (5.8%)
(RDMA_READ_CONSUME_CHECK_CONSUMER) timestamp=9369 ms, used_size=2369536 bytes (5.8%)
(RDMA_READ_CONSUME_CHECK_CONSUMER) timestamp=9369 ms, used_size=2367488 bytes (5.8%)
(RDMA_READ_CONSUME_CHECK_CONSUMER) timestamp=9369 ms, used_size=2365440 bytes (5.8%)
(RDMA_READ_CONSUME_CHECK_CONSUMER) timestamp=9369 ms, used_size=2363392 bytes (5.8%)
(RDMA_READ_CONSUME_CHECK_CONSUMER) timestamp=9369 ms, used_size=2361344 bytes (5.8%)
(RDMA_READ_CONSUME_CHECK_CONSUMER) timestamp=9369 ms, used_size=2359296 bytes (5.8%)
(RDMA_READ_CONSUME_CHECK_CONSUMER) timestamp=9369 ms, used_size=2357248 bytes (5.8%)
(RDMA_READ_CONSUME_CHECK_CONSUMER) timestamp=9369 ms, used_size=2355200 bytes (5.8%)
(RDMA_READ_CONSUME_CHECK_CONSUMER) timestamp=9369 ms, used_size=2353152 bytes (5.7%)
(RDMA_READ_CONSUME_CHECK_CONSUMER) timestamp=9369 ms, used_size=2351104 bytes (5.7%)
(RDMA_READ_CONSUME_CHECK_CONSUMER) timestamp=9369 ms, used_size=2349056 bytes (5.7%)
(RDMA_READ_CONSUME_CHECK_CONSUMER) timestamp=9369 ms, used_size=2347008 bytes (5.7%)
(RDMA_READ_CONSUME_CHECK_CONSUMER) timestamp=9369 ms, used_size=2344960 bytes (5.7%)
(RDMA_READ_CONSUME_CHECK_CONSUMER) timestamp=9369 ms, used_size=2342912 bytes (5.7%)
(RDMA_READ_CONSUME_CHECK_CONSUMER) timestamp=9369 ms, used_size=2340864 bytes (5.7%)
(RDMA_READ_CONSUME_CHECK_CONSUMER) timestamp=9369 ms, used_size=2338816 bytes (5.7%)
(RDMA_READ_CONSUME_CHECK_CONSUMER) timestamp=9369 ms, used_size=2336768 bytes (5.7%)
(RDMA_READ_CONSUME_CHECK_CONSUMER) timestamp=9369 ms, used_size=2334720 bytes (5.7%)
(RDMA_READ_CONSUME_CHECK_CONSUMER) timestamp=9369 ms, used_size=2332672 bytes (5.7%)
(RDMA_READ_CONSUME_CHECK_CONSUMER) timestamp=9369 ms, used_size=2330624 bytes (5.7%)
(RDMA_READ_CONSUME_CHECK_CONSUMER) timestamp=9369 ms, used_size=2328576 bytes (5.7%)
(RDMA_READ_CONSUME_CHECK_CONSUMER) timestamp=9369 ms, used_size=2326528 bytes (5.7%)
(RDMA_READ_CONSUME_CHECK_CONSUMER) timestamp=9369 ms, used_size=2324480 bytes (5.7%)
(RDMA_READ_CONSUME_CHECK_CONSUMER) timestamp=9369 ms, used_size=2322432 bytes (5.7%)
(RDMA_READ_CONSUME_CHECK_CONSUMER) timestamp=9369 ms, used_size=2320384 bytes (5.7%)
(RDMA_READ_CONSUME_CHECK_CONSUMER) timestamp=9369 ms, used_size=2318336 bytes (5.7%)
(RDMA_READ_CONSUME_CHECK_CONSUMER) timestamp=9369 ms, used_size=2316288 bytes (5.7%)
(RDMA_READ_CONSUME_CHECK_CONSUMER) timestamp=9369 ms, used_size=2314240 bytes (5.7%)
(RDMA_READ_CONSUME_CHECK_CONSUMER) timestamp=9369 ms, used_size=2312192 bytes (5.6%)
(RDMA_READ_CONSUME_CHECK_CONSUMER) timestamp=9369 ms, used_size=2310144 bytes (5.6%)
(RDMA_READ_CONSUME_CHECK_CONSUMER) timestamp=9369 ms, used_size=2308096 bytes (5.6%)
(RDMA_READ_CONSUME_CHECK_CONSUMER) timestamp=9369 ms, used_size=2306048 bytes (5.6%)
(RDMA_READ_CONSUME_CHECK_CONSUMER) timestamp=9369 ms, used_size=2304000 bytes (5.6%)
(RDMA_READ_CONSUME_CHECK_CONSUMER) timestamp=9369 ms, used_size=2301952 bytes (5.6%)
(RDMA_READ_CONSUME_CHECK_CONSUMER) timestamp=9369 ms, used_size=2299904 bytes (5.6%)
(RDMA_READ_CONSUME_CHECK_CONSUMER) timestamp=9369 ms, used_size=2297856 bytes (5.6%)
(RDMA_READ_CONSUME_CHECK_CONSUMER) timestamp=9369 ms, used_size=2295808 bytes (5.6%)
(RDMA_READ_CONSUME_CHECK_CONSUMER) timestamp=9369 ms, used_size=2293760 bytes (5.6%)
(RDMA_READ_CONSUME_CHECK_CONSUMER) timestamp=9369 ms, used_size=2291712 bytes (5.6%)
(RDMA_READ_CONSUME_CHECK_CONSUMER) timestamp=9369 ms, used_size=2289664 bytes (5.6%)
(RDMA_READ_CONSUME_CHECK_CONSUMER) timestamp=9369 ms, used_size=2287616 bytes (5.6%)
(RDMA_READ_CONSUME_CHECK_CONSUMER) timestamp=9369 ms, used_size=2285568 bytes (5.6%)
(RDMA_READ_CONSUME_CHECK_CONSUMER) timestamp=9369 ms, used_size=2283520 bytes (5.6%)
(RDMA_READ_CONSUME_CHECK_CONSUMER) timestamp=9369 ms, used_size=2281472 bytes (5.6%)
(RDMA_READ_CONSUME_CHECK_CONSUMER) timestamp=9369 ms, used_size=2279424 bytes (5.6%)
(RDMA_READ_CONSUME_CHECK_CONSUMER) timestamp=9369 ms, used_size=2277376 bytes (5.6%)
(RDMA_READ_CONSUME_CHECK_CONSUMER) timestamp=9369 ms, used_size=2275328 bytes (5.6%)
(RDMA_READ_CONSUME_CHECK_CONSUMER) timestamp=9369 ms, used_size=2273280 bytes (5.5%)
(RDMA_READ_CONSUME_CHECK_CONSUMER) timestamp=9369 ms, used_size=2271232 bytes (5.5%)
(RDMA_READ_CONSUME_CHECK_CONSUMER) timestamp=9369 ms, used_size=2269184 bytes (5.5%)
(RDMA_READ_CONSUME_CHECK_CONSUMER) timestamp=9369 ms, used_size=2267136 bytes (5.5%)
(RDMA_READ_CONSUME_CHECK_CONSUMER) timestamp=9369 ms, used_size=2265088 bytes (5.5%)
(RDMA_READ_CONSUME_CHECK_CONSUMER) timestamp=9369 ms, used_size=2263040 bytes (5.5%)
(RDMA_READ_CONSUME_CHECK_CONSUMER) timestamp=9369 ms, used_size=2260992 bytes (5.5%)
(RDMA_READ_CONSUME_CHECK_CONSUMER) timestamp=9369 ms, used_size=2258944 bytes (5.5%)
(RDMA_READ_CONSUME_CHECK_CONSUMER) timestamp=9369 ms, used_size=2256896 bytes (5.5%)
(RDMA_READ_CONSUME_CHECK_CONSUMER) timestamp=9369 ms, used_size=2254848 bytes (5.5%)
(RDMA_READ_CONSUME_CHECK_CONSUMER) timestamp=9369 ms, used_size=2252800 bytes (5.5%)
(RDMA_READ_CONSUME_CHECK_CONSUMER) timestamp=9369 ms, used_size=2250752 bytes (5.5%)
(RDMA_READ_CONSUME_CHECK_CONSUMER) timestamp=9369 ms, used_size=2248704 bytes (5.5%)
(RDMA_READ_CONSUME_CHECK_CONSUMER) timestamp=9369 ms, used_size=2246656 bytes (5.5%)
(RDMA_READ_CONSUME_CHECK_CONSUMER) timestamp=9369 ms, used_size=2244608 bytes (5.5%)
(RDMA_READ_CONSUME_CHECK_CONSUMER) timestamp=9369 ms, used_size=2242560 bytes (5.5%)
(RDMA_READ_CONSUME_CHECK_CONSUMER) timestamp=9369 ms, used_size=2240512 bytes (5.5%)
(RDMA_READ_CONSUME_CHECK_CONSUMER) timestamp=9369 ms, used_size=2238464 bytes (5.5%)
(RDMA_READ_CONSUME_CHECK_CONSUMER) timestamp=9369 ms, used_size=2236416 bytes (5.5%)
(RDMA_READ_CONSUME_CHECK_CONSUMER) timestamp=9369 ms, used_size=2234368 bytes (5.5%)
(RDMA_READ_CONSUME_CHECK_CONSUMER) timestamp=9369 ms, used_size=2232320 bytes (5.5%)
(RDMA_READ_CONSUME_CHECK_CONSUMER) timestamp=9369 ms, used_size=2230272 bytes (5.4%)
(RDMA_READ_CONSUME_CHECK_CONSUMER) timestamp=9369 ms, used_size=2228224 bytes (5.4%)
(RDMA_READ_CONSUME_CHECK_CONSUMER) timestamp=9369 ms, used_size=2226176 bytes (5.4%)
(RDMA_READ_CONSUME_CHECK_CONSUMER) timestamp=9370 ms, used_size=2224128 bytes (5.4%)
(RDMA_READ_CONSUME_CHECK_CONSUMER) timestamp=9370 ms, used_size=2222080 bytes (5.4%)
(RDMA_READ_CONSUME_CHECK_CONSUMER) timestamp=9370 ms, used_size=2220032 bytes (5.4%)
(RDMA_READ_CONSUME_CHECK_CONSUMER) timestamp=9370 ms, used_size=2217984 bytes (5.4%)
(RDMA_READ_CONSUME_CHECK_CONSUMER) timestamp=9370 ms, used_size=2215936 bytes (5.4%)
(RDMA_READ_CONSUME_CHECK_CONSUMER) timestamp=9370 ms, used_size=2213888 bytes (5.4%)
(RDMA_READ_CONSUME_CHECK_CONSUMER) timestamp=9370 ms, used_size=2211840 bytes (5.4%)
(RDMA_READ_CONSUME_CHECK_CONSUMER) timestamp=9370 ms, used_size=2209792 bytes (5.4%)
(RDMA_READ_CONSUME_CHECK_CONSUMER) timestamp=9370 ms, used_size=2207744 bytes (5.4%)
(RDMA_READ_CONSUME_CHECK_CONSUMER) timestamp=9370 ms, used_size=2205696 bytes (5.4%)
(RDMA_READ_CONSUME_CHECK_CONSUMER) timestamp=9370 ms, used_size=2203648 bytes (5.4%)
(RDMA_READ_CONSUME_CHECK_CONSUMER) timestamp=9370 ms, used_size=2201600 bytes (5.4%)
(RDMA_READ_CONSUME_CHECK_CONSUMER) timestamp=9370 ms, used_size=2199552 bytes (5.4%)
(RDMA_READ_CONSUME_CHECK_CONSUMER) timestamp=9370 ms, used_size=2197504 bytes (5.4%)
(RDMA_READ_CONSUME_CHECK_CONSUMER) timestamp=9370 ms, used_size=2195456 bytes (5.4%)
(RDMA_READ_CONSUME_CHECK_CONSUMER) timestamp=9370 ms, used_size=2193408 bytes (5.4%)
(RDMA_READ_CONSUME_CHECK_CONSUMER) timestamp=9370 ms, used_size=2191360 bytes (5.3%)
(RDMA_READ_CONSUME_CHECK_CONSUMER) timestamp=9370 ms, used_size=2189312 bytes (5.3%)
(RDMA_READ_CONSUME_CHECK_CONSUMER) timestamp=9370 ms, used_size=2187264 bytes (5.3%)
(RDMA_READ_CONSUME_CHECK_CONSUMER) timestamp=9370 ms, used_size=2185216 bytes (5.3%)
(RDMA_READ_CONSUME_CHECK_CONSUMER) timestamp=9370 ms, used_size=2183168 bytes (5.3%)
(RDMA_READ_CONSUME_CHECK_CONSUMER) timestamp=9370 ms, used_size=2181120 bytes (5.3%)
(RDMA_READ_CONSUME_CHECK_CONSUMER) timestamp=9370 ms, used_size=2179072 bytes (5.3%)
(RDMA_READ_CONSUME_CHECK_CONSUMER) timestamp=9370 ms, used_size=2177024 bytes (5.3%)
(RDMA_READ_CONSUME_CHECK_CONSUMER) timestamp=9370 ms, used_size=2174976 bytes (5.3%)
(RDMA_READ_CONSUME_CHECK_CONSUMER) timestamp=9370 ms, used_size=2172928 bytes (5.3%)
(RDMA_READ_CONSUME_CHECK_CONSUMER) timestamp=9370 ms, used_size=2170880 bytes (5.3%)
(RDMA_READ_CONSUME_CHECK_CONSUMER) timestamp=9370 ms, used_size=2168832 bytes (5.3%)
(RDMA_READ_CONSUME_CHECK_CONSUMER) timestamp=9370 ms, used_size=2166784 bytes (5.3%)
(RDMA_READ_CONSUME_CHECK_CONSUMER) timestamp=9370 ms, used_size=2164736 bytes (5.3%)
(RDMA_READ_CONSUME_CHECK_CONSUMER) timestamp=9370 ms, used_size=2162688 bytes (5.3%)
(RDMA_READ_CONSUME_CHECK_CONSUMER) timestamp=9370 ms, used_size=2160640 bytes (5.3%)
(RDMA_READ_CONSUME_CHECK_CONSUMER) timestamp=9370 ms, used_size=2158592 bytes (5.3%)
(RDMA_READ_CONSUME_CHECK_CONSUMER) timestamp=9370 ms, used_size=2156544 bytes (5.3%)
(RDMA_READ_CONSUME_CHECK_CONSUMER) timestamp=9370 ms, used_size=2154496 bytes (5.3%)
(RDMA_READ_CONSUME_CHECK_CONSUMER) timestamp=9370 ms, used_size=2152448 bytes (5.3%)
(RDMA_READ_CONSUME_CHECK_CONSUMER) timestamp=9370 ms, used_size=2150400 bytes (5.2%)
(RDMA_READ_CONSUME_CHECK_CONSUMER) timestamp=9370 ms, used_size=2148352 bytes (5.2%)
(RDMA_READ_CONSUME_CHECK_CONSUMER) timestamp=9370 ms, used_size=2146304 bytes (5.2%)
(RDMA_READ_CONSUME_CHECK_CONSUMER) timestamp=9370 ms, used_size=2144256 bytes (5.2%)
(RDMA_READ_CONSUME_CHECK_CONSUMER) timestamp=9370 ms, used_size=2142208 bytes (5.2%)
(RDMA_READ_CONSUME_CHECK_CONSUMER) timestamp=9370 ms, used_size=2140160 bytes (5.2%)
(RDMA_READ_CONSUME_CHECK_CONSUMER) timestamp=9370 ms, used_size=2138112 bytes (5.2%)
(RDMA_READ_CONSUME_CHECK_CONSUMER) timestamp=9370 ms, used_size=2136064 bytes (5.2%)
(RDMA_READ_CONSUME_CHECK_CONSUMER) timestamp=9370 ms, used_size=2134016 bytes (5.2%)
(RDMA_READ_CONSUME_CHECK_CONSUMER) timestamp=9370 ms, used_size=2131968 bytes (5.2%)
(RDMA_READ_CONSUME_CHECK_CONSUMER) timestamp=9370 ms, used_size=2129920 bytes (5.2%)
(RDMA_READ_CONSUME_CHECK_CONSUMER) timestamp=9370 ms, used_size=2127872 bytes (5.2%)
(RDMA_READ_CONSUME_CHECK_CONSUMER) timestamp=9370 ms, used_size=2125824 bytes (5.2%)
(RDMA_READ_CONSUME_CHECK_CONSUMER) timestamp=9370 ms, used_size=2123776 bytes (5.2%)
(RDMA_READ_CONSUME_CHECK_CONSUMER) timestamp=9370 ms, used_size=2121728 bytes (5.2%)
(RDMA_READ_CONSUME_CHECK_CONSUMER) timestamp=9370 ms, used_size=2119680 bytes (5.2%)
(RDMA_READ_CONSUME_CHECK_CONSUMER) timestamp=9370 ms, used_size=2117632 bytes (5.2%)
(RDMA_READ_CONSUME_CHECK_CONSUMER) timestamp=9370 ms, used_size=2115584 bytes (5.2%)
(RDMA_READ_CONSUME_CHECK_CONSUMER) timestamp=9370 ms, used_size=2113536 bytes (5.2%)
(RDMA_READ_CONSUME_CHECK_CONSUMER) timestamp=9370 ms, used_size=2111488 bytes (5.2%)
(RDMA_READ_CONSUME_CHECK_CONSUMER) timestamp=9370 ms, used_size=2109440 bytes (5.2%)
(RDMA_READ_CONSUME_CHECK_CONSUMER) timestamp=9370 ms, used_size=2107392 bytes (5.1%)
(RDMA_READ_CONSUME_CHECK_CONSUMER) timestamp=9370 ms, used_size=2105344 bytes (5.1%)
(RDMA_READ_CONSUME_CHECK_CONSUMER) timestamp=9370 ms, used_size=2103296 bytes (5.1%)
(RDMA_READ_CONSUME_CHECK_CONSUMER) timestamp=9370 ms, used_size=2101248 bytes (5.1%)
(RDMA_READ_CONSUME_CHECK_CONSUMER) timestamp=9370 ms, used_size=2099200 bytes (5.1%)
(RDMA_READ_CONSUME_CHECK_CONSUMER) timestamp=9370 ms, used_size=2097152 bytes (5.1%)
(RDMA_READ_CONSUME_CHECK_CONSUMER) timestamp=9370 ms, used_size=2095104 bytes (5.1%)
(RDMA_READ_CONSUME_CHECK_CONSUMER) timestamp=9370 ms, used_size=2093056 bytes (5.1%)
(RDMA_READ_CONSUME_CHECK_CONSUMER) timestamp=9370 ms, used_size=2091008 bytes (5.1%)
(RDMA_READ_CONSUME_CHECK_CONSUMER) timestamp=9370 ms, used_size=2088960 bytes (5.1%)
(RDMA_READ_CONSUME_CHECK_CONSUMER) timestamp=9370 ms, used_size=2086912 bytes (5.1%)
(RDMA_READ_CONSUME_CHECK_CONSUMER) timestamp=9370 ms, used_size=2084864 bytes (5.1%)
(RDMA_READ_CONSUME_CHECK_CONSUMER) timestamp=9370 ms, used_size=2082816 bytes (5.1%)
(RDMA_READ_CONSUME_CHECK_CONSUMER) timestamp=9370 ms, used_size=2080768 bytes (5.1%)
(RDMA_READ_CONSUME_CHECK_CONSUMER) timestamp=9370 ms, used_size=2078720 bytes (5.1%)
(RDMA_READ_CONSUME_CHECK_CONSUMER) timestamp=9370 ms, used_size=2076672 bytes (5.1%)
(RDMA_READ_CONSUME_CHECK_CONSUMER) timestamp=9370 ms, used_size=2074624 bytes (5.1%)
(RDMA_READ_CONSUME_CHECK_CONSUMER) timestamp=9370 ms, used_size=2072576 bytes (5.1%)
(RDMA_READ_CONSUME_CHECK_CONSUMER) timestamp=9370 ms, used_size=2070528 bytes (5.1%)
(RDMA_READ_CONSUME_CHECK_CONSUMER) timestamp=9370 ms, used_size=2068480 bytes (5.0%)
(RDMA_READ_CONSUME_CHECK_CONSUMER) timestamp=9370 ms, used_size=2066432 bytes (5.0%)
(RDMA_READ_CONSUME_CHECK_CONSUMER) timestamp=9370 ms, used_size=2064384 bytes (5.0%)
(RDMA_READ_CONSUME_CHECK_CONSUMER) timestamp=9370 ms, used_size=2062336 bytes (5.0%)
(RDMA_READ_CONSUME_CHECK_CONSUMER) timestamp=9370 ms, used_size=2060288 bytes (5.0%)
(RDMA_READ_CONSUME_CHECK_CONSUMER) timestamp=9370 ms, used_size=2058240 bytes (5.0%)
(RDMA_READ_CONSUME_CHECK_CONSUMER) timestamp=9370 ms, used_size=2056192 bytes (5.0%)
(RDMA_READ_CONSUME_CHECK_CONSUMER) timestamp=9370 ms, used_size=2054144 bytes (5.0%)
(RDMA_READ_CONSUME_CHECK_CONSUMER) timestamp=9370 ms, used_size=2052096 bytes (5.0%)
(RDMA_READ_CONSUME_CHECK_CONSUMER) timestamp=9370 ms, used_size=2050048 bytes (5.0%)
(RDMA_READ_CONSUME_CHECK_CONSUMER) timestamp=9370 ms, used_size=2048000 bytes (5.0%)
(RDMA_READ_CONSUME_CHECK_CONSUMER) timestamp=9370 ms, used_size=2045952 bytes (5.0%)
(RDMA_READ_CONSUME_CHECK_CONSUMER) timestamp=9370 ms, used_size=2043904 bytes (5.0%)
(RDMA_READ_CONSUME_CHECK_CONSUMER) timestamp=9370 ms, used_size=2041856 bytes (5.0%)
(RDMA_READ_CONSUME_CHECK_CONSUMER) timestamp=9370 ms, used_size=2039808 bytes (5.0%)
(RDMA_READ_CONSUME_CHECK_CONSUMER) timestamp=9370 ms, used_size=2037760 bytes (5.0%)
(RDMA_READ_CONSUME_CHECK_CONSUMER) timestamp=9370 ms, used_size=2035712 bytes (5.0%)
(RDMA_READ_CONSUME_CHECK_CONSUMER) timestamp=9370 ms, used_size=2033664 bytes (5.0%)
(RDMA_READ_CONSUME_CHECK_CONSUMER) timestamp=9370 ms, used_size=2031616 bytes (5.0%)
(RDMA_READ_CONSUME_CHECK_CONSUMER) timestamp=9370 ms, used_size=2029568 bytes (5.0%)
(RDMA_READ_CONSUME_CHECK_CONSUMER) timestamp=9370 ms, used_size=2027520 bytes (5.0%)
(RDMA_READ_CONSUME_CHECK_CONSUMER) timestamp=9370 ms, used_size=2025472 bytes (4.9%)
(RDMA_READ_CONSUME_CHECK_CONSUMER) timestamp=9370 ms, used_size=2023424 bytes (4.9%)
(RDMA_READ_CONSUME_CHECK_CONSUMER) timestamp=9370 ms, used_size=2021376 bytes (4.9%)
(RDMA_READ_CONSUME_CHECK_CONSUMER) timestamp=9370 ms, used_size=2019328 bytes (4.9%)
(RDMA_READ_CONSUME_CHECK_CONSUMER) timestamp=9370 ms, used_size=2017280 bytes (4.9%)
(RDMA_READ_CONSUME_CHECK_CONSUMER) timestamp=9370 ms, used_size=2015232 bytes (4.9%)
(RDMA_READ_CONSUME_CHECK_CONSUMER) timestamp=9370 ms, used_size=2013184 bytes (4.9%)
(RDMA_READ_CONSUME_CHECK_CONSUMER) timestamp=9370 ms, used_size=2011136 bytes (4.9%)
(RDMA_READ_CONSUME_CHECK_CONSUMER) timestamp=9370 ms, used_size=2009088 bytes (4.9%)
(RDMA_READ_CONSUME_CHECK_CONSUMER) timestamp=9370 ms, used_size=2007040 bytes (4.9%)
(RDMA_READ_CONSUME_CHECK_CONSUMER) timestamp=9370 ms, used_size=2004992 bytes (4.9%)
(RDMA_READ_CONSUME_CHECK_CONSUMER) timestamp=9370 ms, used_size=2002944 bytes (4.9%)
(RDMA_READ_CONSUME_CHECK_CONSUMER) timestamp=9370 ms, used_size=2000896 bytes (4.9%)
(RDMA_READ_CONSUME_CHECK_CONSUMER) timestamp=9370 ms, used_size=1998848 bytes (4.9%)
(RDMA_READ_CONSUME_CHECK_CONSUMER) timestamp=9370 ms, used_size=1996800 bytes (4.9%)
(RDMA_READ_CONSUME_CHECK_CONSUMER) timestamp=9370 ms, used_size=1994752 bytes (4.9%)
(RDMA_READ_CONSUME_CHECK_CONSUMER) timestamp=9370 ms, used_size=1992704 bytes (4.9%)
(RDMA_READ_CONSUME_CHECK_CONSUMER) timestamp=9370 ms, used_size=1990656 bytes (4.9%)
(RDMA_READ_CONSUME_CHECK_CONSUMER) timestamp=9370 ms, used_size=1988608 bytes (4.9%)
(RDMA_READ_CONSUME_CHECK_CONSUMER) timestamp=9370 ms, used_size=1986560 bytes (4.8%)
(RDMA_READ_CONSUME_CHECK_CONSUMER) timestamp=9370 ms, used_size=1984512 bytes (4.8%)
(RDMA_READ_CONSUME_CHECK_CONSUMER) timestamp=9370 ms, used_size=1982464 bytes (4.8%)
(RDMA_READ_CONSUME_CHECK_CONSUMER) timestamp=9370 ms, used_size=1980416 bytes (4.8%)
(RDMA_READ_CONSUME_CHECK_CONSUMER) timestamp=9370 ms, used_size=1978368 bytes (4.8%)
(RDMA_READ_CONSUME_CHECK_CONSUMER) timestamp=9370 ms, used_size=1976320 bytes (4.8%)
(RDMA_READ_CONSUME_CHECK_CONSUMER) timestamp=9370 ms, used_size=1974272 bytes (4.8%)
(RDMA_READ_CONSUME_CHECK_CONSUMER) timestamp=9370 ms, used_size=1972224 bytes (4.8%)
(RDMA_READ_CONSUME_CHECK_CONSUMER) timestamp=9370 ms, used_size=1970176 bytes (4.8%)
(RDMA_READ_CONSUME_CHECK_CONSUMER) timestamp=9370 ms, used_size=1968128 bytes (4.8%)
(RDMA_READ_CONSUME_CHECK_CONSUMER) timestamp=9370 ms, used_size=1966080 bytes (4.8%)
(RDMA_READ_CONSUME_CHECK_CONSUMER) timestamp=9370 ms, used_size=1964032 bytes (4.8%)
(RDMA_READ_CONSUME_CHECK_CONSUMER) timestamp=9370 ms, used_size=1961984 bytes (4.8%)
(RDMA_READ_CONSUME_CHECK_CONSUMER) timestamp=9370 ms, used_size=1959936 bytes (4.8%)
(RDMA_READ_CONSUME_CHECK_CONSUMER) timestamp=9370 ms, used_size=1957888 bytes (4.8%)
(RDMA_READ_CONSUME_CHECK_CONSUMER) timestamp=9370 ms, used_size=1955840 bytes (4.8%)
(RDMA_READ_CONSUME_CHECK_CONSUMER) timestamp=9370 ms, used_size=1953792 bytes (4.8%)
(RDMA_READ_CONSUME_CHECK_CONSUMER) timestamp=9370 ms, used_size=1951744 bytes (4.8%)
(RDMA_READ_CONSUME_CHECK_CONSUMER) timestamp=9370 ms, used_size=1949696 bytes (4.8%)
(RDMA_READ_CONSUME_CHECK_CONSUMER) timestamp=9370 ms, used_size=1947648 bytes (4.8%)
(RDMA_READ_CONSUME_CHECK_CONSUMER) timestamp=9370 ms, used_size=1945600 bytes (4.8%)
(RDMA_READ_CONSUME_CHECK_CONSUMER) timestamp=9370 ms, used_size=1943552 bytes (4.7%)
(RDMA_READ_CONSUME_CHECK_CONSUMER) timestamp=9370 ms, used_size=1941504 bytes (4.7%)
(RDMA_READ_CONSUME_CHECK_CONSUMER) timestamp=9370 ms, used_size=1939456 bytes (4.7%)
(RDMA_READ_CONSUME_CHECK_CONSUMER) timestamp=9370 ms, used_size=1937408 bytes (4.7%)
(RDMA_READ_CONSUME_CHECK_CONSUMER) timestamp=9370 ms, used_size=1935360 bytes (4.7%)
(RDMA_READ_CONSUME_CHECK_CONSUMER) timestamp=9370 ms, used_size=1933312 bytes (4.7%)
(RDMA_READ_CONSUME_CHECK_CONSUMER) timestamp=9370 ms, used_size=1931264 bytes (4.7%)
(RDMA_READ_CONSUME_CHECK_CONSUMER) timestamp=9370 ms, used_size=1929216 bytes (4.7%)
(RDMA_READ_CONSUME_CHECK_CONSUMER) timestamp=9370 ms, used_size=1927168 bytes (4.7%)
(RDMA_READ_CONSUME_CHECK_CONSUMER) timestamp=9370 ms, used_size=1925120 bytes (4.7%)
(RDMA_READ_CONSUME_CHECK_CONSUMER) timestamp=9370 ms, used_size=1923072 bytes (4.7%)
(RDMA_READ_CONSUME_CHECK_CONSUMER) timestamp=9370 ms, used_size=1921024 bytes (4.7%)
(RDMA_READ_CONSUME_CHECK_CONSUMER) timestamp=9370 ms, used_size=1918976 bytes (4.7%)
(RDMA_READ_CONSUME_CHECK_CONSUMER) timestamp=9370 ms, used_size=1916928 bytes (4.7%)
(RDMA_READ_CONSUME_CHECK_CONSUMER) timestamp=9370 ms, used_size=1914880 bytes (4.7%)
(RDMA_READ_CONSUME_CHECK_CONSUMER) timestamp=9370 ms, used_size=1912832 bytes (4.7%)
(RDMA_READ_CONSUME_CHECK_CONSUMER) timestamp=9370 ms, used_size=1910784 bytes (4.7%)
(RDMA_READ_CONSUME_CHECK_CONSUMER) timestamp=9370 ms, used_size=1908736 bytes (4.7%)
(RDMA_READ_CONSUME_CHECK_CONSUMER) timestamp=9370 ms, used_size=1906688 bytes (4.7%)
(RDMA_READ_CONSUME_CHECK_CONSUMER) timestamp=9370 ms, used_size=1904640 bytes (4.7%)
(RDMA_READ_CONSUME_CHECK_CONSUMER) timestamp=9370 ms, used_size=1902592 bytes (4.6%)
(RDMA_READ_CONSUME_CHECK_CONSUMER) timestamp=9370 ms, used_size=1900544 bytes (4.6%)
(RDMA_READ_CONSUME_CHECK_CONSUMER) timestamp=9370 ms, used_size=1898496 bytes (4.6%)
(RDMA_READ_CONSUME_CHECK_CONSUMER) timestamp=9370 ms, used_size=1896448 bytes (4.6%)
(RDMA_READ_CONSUME_CHECK_CONSUMER) timestamp=9370 ms, used_size=1894400 bytes (4.6%)
(RDMA_READ_CONSUME_CHECK_CONSUMER) timestamp=9370 ms, used_size=1892352 bytes (4.6%)
(RDMA_READ_CONSUME_CHECK_CONSUMER) timestamp=9370 ms, used_size=1890304 bytes (4.6%)
(RDMA_READ_CONSUME_CHECK_CONSUMER) timestamp=9370 ms, used_size=1888256 bytes (4.6%)
(RDMA_READ_CONSUME_CHECK_CONSUMER) timestamp=9370 ms, used_size=1886208 bytes (4.6%)
(RDMA_READ_CONSUME_CHECK_CONSUMER) timestamp=9370 ms, used_size=1884160 bytes (4.6%)
(RDMA_READ_CONSUME_CHECK_CONSUMER) timestamp=9370 ms, used_size=1882112 bytes (4.6%)
(RDMA_READ_CONSUME_CHECK_CONSUMER) timestamp=9370 ms, used_size=1880064 bytes (4.6%)
(RDMA_READ_CONSUME_CHECK_CONSUMER) timestamp=9370 ms, used_size=1878016 bytes (4.6%)
(RDMA_READ_CONSUME_CHECK_CONSUMER) timestamp=9370 ms, used_size=1875968 bytes (4.6%)
(RDMA_READ_CONSUME_CHECK_CONSUMER) timestamp=9370 ms, used_size=1873920 bytes (4.6%)
(RDMA_READ_CONSUME_CHECK_CONSUMER) timestamp=9370 ms, used_size=1871872 bytes (4.6%)
(RDMA_READ_CONSUME_CHECK_CONSUMER) timestamp=9370 ms, used_size=1869824 bytes (4.6%)
(RDMA_READ_CONSUME_CHECK_CONSUMER) timestamp=9370 ms, used_size=1867776 bytes (4.6%)
(RDMA_READ_CONSUME_CHECK_CONSUMER) timestamp=9370 ms, used_size=1865728 bytes (4.6%)
(RDMA_READ_CONSUME_CHECK_CONSUMER) timestamp=9370 ms, used_size=1863680 bytes (4.5%)
(RDMA_READ_CONSUME_CHECK_CONSUMER) timestamp=9370 ms, used_size=1861632 bytes (4.5%)
(RDMA_READ_CONSUME_CHECK_CONSUMER) timestamp=9370 ms, used_size=1859584 bytes (4.5%)
(RDMA_READ_CONSUME_CHECK_CONSUMER) timestamp=9370 ms, used_size=1857536 bytes (4.5%)
(RDMA_READ_CONSUME_CHECK_CONSUMER) timestamp=9370 ms, used_size=1855488 bytes (4.5%)
(RDMA_READ_CONSUME_CHECK_CONSUMER) timestamp=9371 ms, used_size=1853440 bytes (4.5%)
(RDMA_READ_CONSUME_CHECK_CONSUMER) timestamp=9371 ms, used_size=1851392 bytes (4.5%)
(RDMA_READ_CONSUME_CHECK_CONSUMER) timestamp=9371 ms, used_size=1849344 bytes (4.5%)
(RDMA_READ_CONSUME_CHECK_CONSUMER) timestamp=9371 ms, used_size=1847296 bytes (4.5%)
(RDMA_READ_CONSUME_CHECK_CONSUMER) timestamp=9371 ms, used_size=1845248 bytes (4.5%)
(RDMA_READ_CONSUME_CHECK_CONSUMER) timestamp=9371 ms, used_size=1843200 bytes (4.5%)
(RDMA_READ_CONSUME_CHECK_CONSUMER) timestamp=9371 ms, used_size=1841152 bytes (4.5%)
(RDMA_READ_CONSUME_CHECK_CONSUMER) timestamp=9371 ms, used_size=1839104 bytes (4.5%)
(RDMA_READ_CONSUME_CHECK_CONSUMER) timestamp=9371 ms, used_size=1837056 bytes (4.5%)
(RDMA_READ_CONSUME_CHECK_CONSUMER) timestamp=9371 ms, used_size=1835008 bytes (4.5%)
(RDMA_READ_CONSUME_CHECK_CONSUMER) timestamp=9371 ms, used_size=1832960 bytes (4.5%)
(RDMA_READ_CONSUME_CHECK_CONSUMER) timestamp=9371 ms, used_size=1830912 bytes (4.5%)
(RDMA_READ_CONSUME_CHECK_CONSUMER) timestamp=9371 ms, used_size=1828864 bytes (4.5%)
(RDMA_READ_CONSUME_CHECK_CONSUMER) timestamp=9371 ms, used_size=1826816 bytes (4.5%)
(RDMA_READ_CONSUME_CHECK_CONSUMER) timestamp=9371 ms, used_size=1824768 bytes (4.5%)
(RDMA_READ_CONSUME_CHECK_CONSUMER) timestamp=9371 ms, used_size=1822720 bytes (4.5%)
(RDMA_READ_CONSUME_CHECK_CONSUMER) timestamp=9371 ms, used_size=1820672 bytes (4.4%)
(RDMA_READ_CONSUME_CHECK_CONSUMER) timestamp=9371 ms, used_size=1818624 bytes (4.4%)
(RDMA_READ_CONSUME_CHECK_CONSUMER) timestamp=9371 ms, used_size=1816576 bytes (4.4%)
(RDMA_READ_CONSUME_CHECK_CONSUMER) timestamp=9371 ms, used_size=1814528 bytes (4.4%)
(RDMA_READ_CONSUME_CHECK_CONSUMER) timestamp=9371 ms, used_size=1812480 bytes (4.4%)
(RDMA_READ_CONSUME_CHECK_CONSUMER) timestamp=9371 ms, used_size=1810432 bytes (4.4%)
(RDMA_READ_CONSUME_CHECK_CONSUMER) timestamp=9371 ms, used_size=1808384 bytes (4.4%)
(RDMA_READ_CONSUME_CHECK_CONSUMER) timestamp=9371 ms, used_size=1806336 bytes (4.4%)
(RDMA_READ_CONSUME_CHECK_CONSUMER) timestamp=9371 ms, used_size=1804288 bytes (4.4%)
(RDMA_READ_CONSUME_CHECK_CONSUMER) timestamp=9371 ms, used_size=1802240 bytes (4.4%)
(RDMA_READ_CONSUME_CHECK_CONSUMER) timestamp=9371 ms, used_size=1800192 bytes (4.4%)
(RDMA_READ_CONSUME_CHECK_CONSUMER) timestamp=9371 ms, used_size=1798144 bytes (4.4%)
(RDMA_READ_CONSUME_CHECK_CONSUMER) timestamp=9371 ms, used_size=1796096 bytes (4.4%)
(RDMA_READ_CONSUME_CHECK_CONSUMER) timestamp=9371 ms, used_size=1794048 bytes (4.4%)
(RDMA_READ_CONSUME_CHECK_CONSUMER) timestamp=9371 ms, used_size=1792000 bytes (4.4%)
(RDMA_READ_CONSUME_CHECK_CONSUMER) timestamp=9371 ms, used_size=1789952 bytes (4.4%)
(RDMA_READ_CONSUME_CHECK_CONSUMER) timestamp=9371 ms, used_size=1787904 bytes (4.4%)
(RDMA_READ_CONSUME_CHECK_CONSUMER) timestamp=9371 ms, used_size=1785856 bytes (4.4%)
(RDMA_READ_CONSUME_CHECK_CONSUMER) timestamp=9371 ms, used_size=1783808 bytes (4.4%)
(RDMA_READ_CONSUME_CHECK_CONSUMER) timestamp=9371 ms, used_size=1781760 bytes (4.3%)
(RDMA_READ_CONSUME_CHECK_CONSUMER) timestamp=9371 ms, used_size=1779712 bytes (4.3%)
(RDMA_READ_CONSUME_CHECK_CONSUMER) timestamp=9371 ms, used_size=1777664 bytes (4.3%)
(RDMA_READ_CONSUME_CHECK_CONSUMER) timestamp=9371 ms, used_size=1775616 bytes (4.3%)
(RDMA_READ_CONSUME_CHECK_CONSUMER) timestamp=9371 ms, used_size=1773568 bytes (4.3%)
(RDMA_READ_CONSUME_CHECK_CONSUMER) timestamp=9371 ms, used_size=1771520 bytes (4.3%)
(RDMA_READ_CONSUME_CHECK_CONSUMER) timestamp=9371 ms, used_size=1769472 bytes (4.3%)
(RDMA_READ_CONSUME_CHECK_CONSUMER) timestamp=9371 ms, used_size=1767424 bytes (4.3%)
(RDMA_READ_CONSUME_CHECK_CONSUMER) timestamp=9371 ms, used_size=1765376 bytes (4.3%)
(RDMA_READ_CONSUME_CHECK_CONSUMER) timestamp=9371 ms, used_size=1763328 bytes (4.3%)
(RDMA_READ_CONSUME_CHECK_CONSUMER) timestamp=9371 ms, used_size=1761280 bytes (4.3%)
(RDMA_READ_CONSUME_CHECK_CONSUMER) timestamp=9371 ms, used_size=1759232 bytes (4.3%)
(RDMA_READ_CONSUME_CHECK_CONSUMER) timestamp=9371 ms, used_size=1757184 bytes (4.3%)
(RDMA_READ_CONSUME_CHECK_CONSUMER) timestamp=9371 ms, used_size=1755136 bytes (4.3%)
(RDMA_READ_CONSUME_CHECK_CONSUMER) timestamp=9371 ms, used_size=1753088 bytes (4.3%)
(RDMA_READ_CONSUME_CHECK_CONSUMER) timestamp=9371 ms, used_size=1751040 bytes (4.3%)
(RDMA_READ_CONSUME_CHECK_CONSUMER) timestamp=9371 ms, used_size=1748992 bytes (4.3%)
(RDMA_READ_CONSUME_CHECK_CONSUMER) timestamp=9371 ms, used_size=1746944 bytes (4.3%)
(RDMA_READ_CONSUME_CHECK_CONSUMER) timestamp=9371 ms, used_size=1744896 bytes (4.3%)
(RDMA_READ_CONSUME_CHECK_CONSUMER) timestamp=9371 ms, used_size=1742848 bytes (4.3%)
(RDMA_READ_CONSUME_CHECK_CONSUMER) timestamp=9371 ms, used_size=1740800 bytes (4.2%)
(RDMA_READ_CONSUME_CHECK_CONSUMER) timestamp=9371 ms, used_size=1738752 bytes (4.2%)
(RDMA_READ_CONSUME_CHECK_CONSUMER) timestamp=9371 ms, used_size=1736704 bytes (4.2%)
(RDMA_READ_CONSUME_CHECK_CONSUMER) timestamp=9371 ms, used_size=1734656 bytes (4.2%)
(RDMA_READ_CONSUME_CHECK_CONSUMER) timestamp=9371 ms, used_size=1732608 bytes (4.2%)
(RDMA_READ_CONSUME_CHECK_CONSUMER) timestamp=9371 ms, used_size=1730560 bytes (4.2%)
(RDMA_READ_CONSUME_CHECK_CONSUMER) timestamp=9371 ms, used_size=1728512 bytes (4.2%)
(RDMA_READ_CONSUME_CHECK_CONSUMER) timestamp=9371 ms, used_size=1726464 bytes (4.2%)
(RDMA_READ_CONSUME_CHECK_CONSUMER) timestamp=9371 ms, used_size=1724416 bytes (4.2%)
(RDMA_READ_CONSUME_CHECK_CONSUMER) timestamp=9371 ms, used_size=1722368 bytes (4.2%)
(RDMA_READ_CONSUME_CHECK_CONSUMER) timestamp=9371 ms, used_size=1720320 bytes (4.2%)
(RDMA_READ_CONSUME_CHECK_CONSUMER) timestamp=9371 ms, used_size=1718272 bytes (4.2%)
(RDMA_READ_CONSUME_CHECK_CONSUMER) timestamp=9371 ms, used_size=1716224 bytes (4.2%)
(RDMA_READ_CONSUME_CHECK_CONSUMER) timestamp=9371 ms, used_size=1714176 bytes (4.2%)
(RDMA_READ_CONSUME_CHECK_CONSUMER) timestamp=9371 ms, used_size=1712128 bytes (4.2%)
(RDMA_READ_CONSUME_CHECK_CONSUMER) timestamp=9371 ms, used_size=1710080 bytes (4.2%)
(RDMA_READ_CONSUME_CHECK_CONSUMER) timestamp=9371 ms, used_size=1708032 bytes (4.2%)
(RDMA_READ_CONSUME_CHECK_CONSUMER) timestamp=9371 ms, used_size=1705984 bytes (4.2%)
(RDMA_READ_CONSUME_CHECK_CONSUMER) timestamp=9371 ms, used_size=1703936 bytes (4.2%)
(RDMA_READ_CONSUME_CHECK_CONSUMER) timestamp=9371 ms, used_size=1701888 bytes (4.2%)
(RDMA_READ_CONSUME_CHECK_CONSUMER) timestamp=9371 ms, used_size=1699840 bytes (4.2%)
(RDMA_READ_CONSUME_CHECK_CONSUMER) timestamp=9371 ms, used_size=1697792 bytes (4.1%)
(RDMA_READ_CONSUME_CHECK_CONSUMER) timestamp=9371 ms, used_size=1695744 bytes (4.1%)
(RDMA_READ_CONSUME_CHECK_CONSUMER) timestamp=9371 ms, used_size=1693696 bytes (4.1%)
(RDMA_READ_CONSUME_CHECK_CONSUMER) timestamp=9371 ms, used_size=1691648 bytes (4.1%)
(RDMA_READ_CONSUME_CHECK_CONSUMER) timestamp=9371 ms, used_size=1689600 bytes (4.1%)
(RDMA_READ_CONSUME_CHECK_CONSUMER) timestamp=9371 ms, used_size=1687552 bytes (4.1%)
(RDMA_READ_CONSUME_CHECK_CONSUMER) timestamp=9371 ms, used_size=1685504 bytes (4.1%)
(RDMA_READ_CONSUME_CHECK_CONSUMER) timestamp=9371 ms, used_size=1683456 bytes (4.1%)
(RDMA_READ_CONSUME_CHECK_CONSUMER) timestamp=9371 ms, used_size=1681408 bytes (4.1%)
(RDMA_READ_CONSUME_CHECK_CONSUMER) timestamp=9371 ms, used_size=1679360 bytes (4.1%)
(RDMA_READ_CONSUME_CHECK_CONSUMER) timestamp=9371 ms, used_size=1677312 bytes (4.1%)
(RDMA_READ_CONSUME_CHECK_CONSUMER) timestamp=9371 ms, used_size=1675264 bytes (4.1%)
(RDMA_READ_CONSUME_CHECK_CONSUMER) timestamp=9371 ms, used_size=1673216 bytes (4.1%)
(RDMA_READ_CONSUME_CHECK_CONSUMER) timestamp=9371 ms, used_size=1671168 bytes (4.1%)
(RDMA_READ_CONSUME_CHECK_CONSUMER) timestamp=9371 ms, used_size=1669120 bytes (4.1%)
(RDMA_READ_CONSUME_CHECK_CONSUMER) timestamp=9371 ms, used_size=1667072 bytes (4.1%)
(RDMA_READ_CONSUME_CHECK_CONSUMER) timestamp=9371 ms, used_size=1665024 bytes (4.1%)
(RDMA_READ_CONSUME_CHECK_CONSUMER) timestamp=9371 ms, used_size=1662976 bytes (4.1%)
(RDMA_READ_CONSUME_CHECK_CONSUMER) timestamp=9371 ms, used_size=1660928 bytes (4.1%)
(RDMA_READ_CONSUME_CHECK_CONSUMER) timestamp=9371 ms, used_size=1658880 bytes (4.0%)
(RDMA_READ_CONSUME_CHECK_CONSUMER) timestamp=9371 ms, used_size=1656832 bytes (4.0%)
(RDMA_READ_CONSUME_CHECK_CONSUMER) timestamp=9371 ms, used_size=1654784 bytes (4.0%)
(RDMA_READ_CONSUME_CHECK_CONSUMER) timestamp=9371 ms, used_size=1652736 bytes (4.0%)
(RDMA_READ_CONSUME_CHECK_CONSUMER) timestamp=9371 ms, used_size=1650688 bytes (4.0%)
(RDMA_READ_CONSUME_CHECK_CONSUMER) timestamp=9371 ms, used_size=1648640 bytes (4.0%)
(RDMA_READ_CONSUME_CHECK_CONSUMER) timestamp=9371 ms, used_size=1646592 bytes (4.0%)
(RDMA_READ_CONSUME_CHECK_CONSUMER) timestamp=9371 ms, used_size=1644544 bytes (4.0%)
(RDMA_READ_CONSUME_CHECK_CONSUMER) timestamp=9371 ms, used_size=1642496 bytes (4.0%)
(RDMA_READ_CONSUME_CHECK_CONSUMER) timestamp=9371 ms, used_size=1640448 bytes (4.0%)
(RDMA_READ_CONSUME_CHECK_CONSUMER) timestamp=9371 ms, used_size=1638400 bytes (4.0%)
(RDMA_READ_CONSUME_CHECK_CONSUMER) timestamp=9371 ms, used_size=1636352 bytes (4.0%)
(RDMA_READ_CONSUME_CHECK_CONSUMER) timestamp=9371 ms, used_size=1634304 bytes (4.0%)
(RDMA_READ_CONSUME_CHECK_CONSUMER) timestamp=9371 ms, used_size=1632256 bytes (4.0%)
(RDMA_READ_CONSUME_CHECK_CONSUMER) timestamp=9371 ms, used_size=1630208 bytes (4.0%)
(RDMA_READ_CONSUME_CHECK_CONSUMER) timestamp=9371 ms, used_size=1628160 bytes (4.0%)
(RDMA_READ_CONSUME_CHECK_CONSUMER) timestamp=9371 ms, used_size=1626112 bytes (4.0%)
(RDMA_READ_CONSUME_CHECK_CONSUMER) timestamp=9371 ms, used_size=1624064 bytes (4.0%)
(RDMA_READ_CONSUME_CHECK_CONSUMER) timestamp=9371 ms, used_size=1622016 bytes (4.0%)
(RDMA_READ_CONSUME_CHECK_CONSUMER) timestamp=9371 ms, used_size=1619968 bytes (4.0%)
(RDMA_READ_CONSUME_CHECK_CONSUMER) timestamp=9371 ms, used_size=1617920 bytes (4.0%)
(RDMA_READ_CONSUME_CHECK_CONSUMER) timestamp=9371 ms, used_size=1615872 bytes (3.9%)
(RDMA_READ_CONSUME_CHECK_CONSUMER) timestamp=9371 ms, used_size=1613824 bytes (3.9%)
(RDMA_READ_CONSUME_CHECK_CONSUMER) timestamp=9371 ms, used_size=1611776 bytes (3.9%)
(RDMA_READ_CONSUME_CHECK_CONSUMER) timestamp=9371 ms, used_size=1609728 bytes (3.9%)
(RDMA_READ_CONSUME_CHECK_CONSUMER) timestamp=9371 ms, used_size=1607680 bytes (3.9%)
(RDMA_READ_CONSUME_CHECK_CONSUMER) timestamp=9371 ms, used_size=1605632 bytes (3.9%)
(RDMA_READ_CONSUME_CHECK_CONSUMER) timestamp=9371 ms, used_size=1603584 bytes (3.9%)
(RDMA_READ_CONSUME_CHECK_CONSUMER) timestamp=9371 ms, used_size=1601536 bytes (3.9%)
(RDMA_READ_CONSUME_CHECK_CONSUMER) timestamp=9371 ms, used_size=1599488 bytes (3.9%)
(RDMA_READ_CONSUME_CHECK_CONSUMER) timestamp=9371 ms, used_size=1597440 bytes (3.9%)
(RDMA_READ_CONSUME_CHECK_CONSUMER) timestamp=9371 ms, used_size=1595392 bytes (3.9%)
(RDMA_READ_CONSUME_CHECK_CONSUMER) timestamp=9371 ms, used_size=1593344 bytes (3.9%)
(RDMA_READ_CONSUME_CHECK_CONSUMER) timestamp=9371 ms, used_size=1591296 bytes (3.9%)
(RDMA_READ_CONSUME_CHECK_CONSUMER) timestamp=9371 ms, used_size=1589248 bytes (3.9%)
(RDMA_READ_CONSUME_CHECK_CONSUMER) timestamp=9371 ms, used_size=1587200 bytes (3.9%)
(RDMA_READ_CONSUME_CHECK_CONSUMER) timestamp=9371 ms, used_size=1585152 bytes (3.9%)
(RDMA_READ_CONSUME_CHECK_CONSUMER) timestamp=9371 ms, used_size=1583104 bytes (3.9%)
(RDMA_READ_CONSUME_CHECK_CONSUMER) timestamp=9371 ms, used_size=1581056 bytes (3.9%)
(RDMA_READ_CONSUME_CHECK_CONSUMER) timestamp=9371 ms, used_size=1579008 bytes (3.9%)
(RDMA_READ_CONSUME_CHECK_CONSUMER) timestamp=9371 ms, used_size=1576960 bytes (3.9%)
(RDMA_READ_CONSUME_CHECK_CONSUMER) timestamp=9371 ms, used_size=1574912 bytes (3.8%)
(RDMA_READ_CONSUME_CHECK_CONSUMER) timestamp=9371 ms, used_size=1572864 bytes (3.8%)
(RDMA_READ_CONSUME_CHECK_CONSUMER) timestamp=9371 ms, used_size=1570816 bytes (3.8%)
(RDMA_READ_CONSUME_CHECK_CONSUMER) timestamp=9371 ms, used_size=1568768 bytes (3.8%)
(RDMA_READ_CONSUME_CHECK_CONSUMER) timestamp=9371 ms, used_size=1566720 bytes (3.8%)
(RDMA_READ_CONSUME_CHECK_CONSUMER) timestamp=9371 ms, used_size=1564672 bytes (3.8%)
(RDMA_READ_CONSUME_CHECK_CONSUMER) timestamp=9371 ms, used_size=1562624 bytes (3.8%)
(RDMA_READ_CONSUME_CHECK_CONSUMER) timestamp=9371 ms, used_size=1560576 bytes (3.8%)
(RDMA_READ_CONSUME_CHECK_CONSUMER) timestamp=9371 ms, used_size=1558528 bytes (3.8%)
(RDMA_READ_CONSUME_CHECK_CONSUMER) timestamp=9371 ms, used_size=1556480 bytes (3.8%)
(RDMA_READ_CONSUME_CHECK_CONSUMER) timestamp=9371 ms, used_size=1554432 bytes (3.8%)
(RDMA_READ_CONSUME_CHECK_CONSUMER) timestamp=9371 ms, used_size=1552384 bytes (3.8%)
(RDMA_READ_CONSUME_CHECK_CONSUMER) timestamp=9371 ms, used_size=1550336 bytes (3.8%)
(RDMA_READ_CONSUME_CHECK_CONSUMER) timestamp=9371 ms, used_size=1548288 bytes (3.8%)
(RDMA_READ_CONSUME_CHECK_CONSUMER) timestamp=9371 ms, used_size=1546240 bytes (3.8%)
(RDMA_READ_CONSUME_CHECK_CONSUMER) timestamp=9371 ms, used_size=1544192 bytes (3.8%)
(RDMA_READ_CONSUME_CHECK_CONSUMER) timestamp=9371 ms, used_size=1542144 bytes (3.8%)
(RDMA_READ_CONSUME_CHECK_CONSUMER) timestamp=9371 ms, used_size=1540096 bytes (3.8%)
(RDMA_READ_CONSUME_CHECK_CONSUMER) timestamp=9371 ms, used_size=1538048 bytes (3.8%)
(RDMA_READ_CONSUME_CHECK_CONSUMER) timestamp=9371 ms, used_size=1536000 bytes (3.8%)
(RDMA_READ_CONSUME_CHECK_CONSUMER) timestamp=9371 ms, used_size=1533952 bytes (3.7%)
(RDMA_READ_CONSUME_CHECK_CONSUMER) timestamp=9371 ms, used_size=1531904 bytes (3.7%)
(RDMA_READ_CONSUME_CHECK_CONSUMER) timestamp=9371 ms, used_size=1529856 bytes (3.7%)
(RDMA_READ_CONSUME_CHECK_CONSUMER) timestamp=9371 ms, used_size=1527808 bytes (3.7%)
(RDMA_READ_CONSUME_CHECK_CONSUMER) timestamp=9371 ms, used_size=1525760 bytes (3.7%)
(RDMA_READ_CONSUME_CHECK_CONSUMER) timestamp=9371 ms, used_size=1523712 bytes (3.7%)
(RDMA_READ_CONSUME_CHECK_CONSUMER) timestamp=9371 ms, used_size=1521664 bytes (3.7%)
(RDMA_READ_CONSUME_CHECK_CONSUMER) timestamp=9371 ms, used_size=1519616 bytes (3.7%)
(RDMA_READ_CONSUME_CHECK_CONSUMER) timestamp=9371 ms, used_size=1517568 bytes (3.7%)
(RDMA_READ_CONSUME_CHECK_CONSUMER) timestamp=9371 ms, used_size=1515520 bytes (3.7%)
(RDMA_READ_CONSUME_CHECK_CONSUMER) timestamp=9371 ms, used_size=1513472 bytes (3.7%)
(RDMA_READ_CONSUME_CHECK_CONSUMER) timestamp=9371 ms, used_size=1511424 bytes (3.7%)
(RDMA_READ_CONSUME_CHECK_CONSUMER) timestamp=9371 ms, used_size=1509376 bytes (3.7%)
(RDMA_READ_CONSUME_CHECK_CONSUMER) timestamp=9371 ms, used_size=1507328 bytes (3.7%)
(RDMA_READ_CONSUME_CHECK_CONSUMER) timestamp=9371 ms, used_size=1505280 bytes (3.7%)
(RDMA_READ_CONSUME_CHECK_CONSUMER) timestamp=9371 ms, used_size=1503232 bytes (3.7%)
(RDMA_READ_CONSUME_CHECK_CONSUMER) timestamp=9371 ms, used_size=1501184 bytes (3.7%)
(RDMA_READ_CONSUME_CHECK_CONSUMER) timestamp=9371 ms, used_size=1499136 bytes (3.7%)
(RDMA_READ_CONSUME_CHECK_CONSUMER) timestamp=9371 ms, used_size=1497088 bytes (3.7%)
(RDMA_READ_CONSUME_CHECK_CONSUMER) timestamp=9371 ms, used_size=1495040 bytes (3.6%)
(RDMA_READ_CONSUME_CHECK_CONSUMER) timestamp=9371 ms, used_size=1492992 bytes (3.6%)
(RDMA_READ_CONSUME_CHECK_CONSUMER) timestamp=9371 ms, used_size=1490944 bytes (3.6%)
(RDMA_READ_CONSUME_CHECK_CONSUMER) timestamp=9371 ms, used_size=1488896 bytes (3.6%)
(RDMA_READ_CONSUME_CHECK_CONSUMER) timestamp=9371 ms, used_size=1486848 bytes (3.6%)
(RDMA_READ_CONSUME_CHECK_CONSUMER) timestamp=9371 ms, used_size=1484800 bytes (3.6%)
(RDMA_READ_CONSUME_CHECK_CONSUMER) timestamp=9371 ms, used_size=1482752 bytes (3.6%)
(RDMA_READ_CONSUME_CHECK_CONSUMER) timestamp=9372 ms, used_size=1480704 bytes (3.6%)
(RDMA_READ_CONSUME_CHECK_CONSUMER) timestamp=9372 ms, used_size=1478656 bytes (3.6%)
(RDMA_READ_CONSUME_CHECK_CONSUMER) timestamp=9372 ms, used_size=1476608 bytes (3.6%)
(RDMA_READ_CONSUME_CHECK_CONSUMER) timestamp=9372 ms, used_size=1474560 bytes (3.6%)
(RDMA_READ_CONSUME_CHECK_CONSUMER) timestamp=9372 ms, used_size=1472512 bytes (3.6%)
(RDMA_READ_CONSUME_CHECK_CONSUMER) timestamp=9372 ms, used_size=1470464 bytes (3.6%)
(RDMA_READ_CONSUME_CHECK_CONSUMER) timestamp=9372 ms, used_size=1468416 bytes (3.6%)
(RDMA_READ_CONSUME_CHECK_CONSUMER) timestamp=9372 ms, used_size=1466368 bytes (3.6%)
(RDMA_READ_CONSUME_CHECK_CONSUMER) timestamp=9372 ms, used_size=1464320 bytes (3.6%)
(RDMA_READ_CONSUME_CHECK_CONSUMER) timestamp=9372 ms, used_size=1462272 bytes (3.6%)
(RDMA_READ_CONSUME_CHECK_CONSUMER) timestamp=9372 ms, used_size=1460224 bytes (3.6%)
(RDMA_READ_CONSUME_CHECK_CONSUMER) timestamp=9372 ms, used_size=1458176 bytes (3.6%)
(RDMA_READ_CONSUME_CHECK_CONSUMER) timestamp=9372 ms, used_size=1456128 bytes (3.6%)
(RDMA_READ_CONSUME_CHECK_CONSUMER) timestamp=9372 ms, used_size=1454080 bytes (3.5%)
(RDMA_READ_CONSUME_CHECK_CONSUMER) timestamp=9372 ms, used_size=1452032 bytes (3.5%)
(RDMA_READ_CONSUME_CHECK_CONSUMER) timestamp=9372 ms, used_size=1449984 bytes (3.5%)
(RDMA_READ_CONSUME_CHECK_CONSUMER) timestamp=9372 ms, used_size=1447936 bytes (3.5%)
(RDMA_READ_CONSUME_CHECK_CONSUMER) timestamp=9372 ms, used_size=1445888 bytes (3.5%)
(RDMA_READ_CONSUME_CHECK_CONSUMER) timestamp=9372 ms, used_size=1443840 bytes (3.5%)
(RDMA_READ_CONSUME_CHECK_CONSUMER) timestamp=9372 ms, used_size=1441792 bytes (3.5%)
(RDMA_READ_CONSUME_CHECK_CONSUMER) timestamp=9372 ms, used_size=1439744 bytes (3.5%)
(RDMA_READ_CONSUME_CHECK_CONSUMER) timestamp=9372 ms, used_size=1437696 bytes (3.5%)
(RDMA_READ_CONSUME_CHECK_CONSUMER) timestamp=9372 ms, used_size=1435648 bytes (3.5%)
(RDMA_READ_CONSUME_CHECK_CONSUMER) timestamp=9372 ms, used_size=1433600 bytes (3.5%)
(RDMA_READ_CONSUME_CHECK_CONSUMER) timestamp=9372 ms, used_size=1431552 bytes (3.5%)
(RDMA_READ_CONSUME_CHECK_CONSUMER) timestamp=9372 ms, used_size=1429504 bytes (3.5%)
(RDMA_READ_CONSUME_CHECK_CONSUMER) timestamp=9372 ms, used_size=1427456 bytes (3.5%)
(RDMA_READ_CONSUME_CHECK_CONSUMER) timestamp=9372 ms, used_size=1425408 bytes (3.5%)
(RDMA_READ_CONSUME_CHECK_CONSUMER) timestamp=9372 ms, used_size=1423360 bytes (3.5%)
(RDMA_READ_CONSUME_CHECK_CONSUMER) timestamp=9372 ms, used_size=1421312 bytes (3.5%)
(RDMA_READ_CONSUME_CHECK_CONSUMER) timestamp=9372 ms, used_size=1419264 bytes (3.5%)
(RDMA_READ_CONSUME_CHECK_CONSUMER) timestamp=9372 ms, used_size=1417216 bytes (3.5%)
(RDMA_READ_CONSUME_CHECK_CONSUMER) timestamp=9372 ms, used_size=1415168 bytes (3.5%)
(RDMA_READ_CONSUME_CHECK_CONSUMER) timestamp=9372 ms, used_size=1413120 bytes (3.5%)
(RDMA_READ_CONSUME_CHECK_CONSUMER) timestamp=9372 ms, used_size=1411072 bytes (3.4%)
(RDMA_READ_CONSUME_CHECK_CONSUMER) timestamp=9372 ms, used_size=1409024 bytes (3.4%)
(RDMA_READ_CONSUME_CHECK_CONSUMER) timestamp=9372 ms, used_size=1406976 bytes (3.4%)
(RDMA_READ_CONSUME_CHECK_CONSUMER) timestamp=9372 ms, used_size=1404928 bytes (3.4%)
(RDMA_READ_CONSUME_CHECK_CONSUMER) timestamp=9372 ms, used_size=1402880 bytes (3.4%)
(RDMA_READ_CONSUME_CHECK_CONSUMER) timestamp=9372 ms, used_size=1400832 bytes (3.4%)
(RDMA_READ_CONSUME_CHECK_CONSUMER) timestamp=9372 ms, used_size=1398784 bytes (3.4%)
(RDMA_READ_CONSUME_CHECK_CONSUMER) timestamp=9372 ms, used_size=1396736 bytes (3.4%)
(RDMA_READ_CONSUME_CHECK_CONSUMER) timestamp=9372 ms, used_size=1394688 bytes (3.4%)
(RDMA_READ_CONSUME_CHECK_CONSUMER) timestamp=9372 ms, used_size=1392640 bytes (3.4%)
(RDMA_READ_CONSUME_CHECK_CONSUMER) timestamp=9372 ms, used_size=1390592 bytes (3.4%)
(RDMA_READ_CONSUME_CHECK_CONSUMER) timestamp=9372 ms, used_size=1388544 bytes (3.4%)
(RDMA_READ_CONSUME_CHECK_CONSUMER) timestamp=9372 ms, used_size=1386496 bytes (3.4%)
(RDMA_READ_CONSUME_CHECK_CONSUMER) timestamp=9372 ms, used_size=1384448 bytes (3.4%)
(RDMA_READ_CONSUME_CHECK_CONSUMER) timestamp=9372 ms, used_size=1382400 bytes (3.4%)
(RDMA_READ_CONSUME_CHECK_CONSUMER) timestamp=9372 ms, used_size=1380352 bytes (3.4%)
(RDMA_READ_CONSUME_CHECK_CONSUMER) timestamp=9372 ms, used_size=1378304 bytes (3.4%)
(RDMA_READ_CONSUME_CHECK_CONSUMER) timestamp=9372 ms, used_size=1376256 bytes (3.4%)
(RDMA_READ_CONSUME_CHECK_CONSUMER) timestamp=9372 ms, used_size=1374208 bytes (3.4%)
(RDMA_READ_CONSUME_CHECK_CONSUMER) timestamp=9372 ms, used_size=1372160 bytes (3.4%)
(RDMA_READ_CONSUME_CHECK_CONSUMER) timestamp=9372 ms, used_size=1370112 bytes (3.3%)
(RDMA_READ_CONSUME_CHECK_CONSUMER) timestamp=9372 ms, used_size=1368064 bytes (3.3%)
(RDMA_READ_CONSUME_CHECK_CONSUMER) timestamp=9372 ms, used_size=1366016 bytes (3.3%)
(RDMA_READ_CONSUME_CHECK_CONSUMER) timestamp=9372 ms, used_size=1363968 bytes (3.3%)
(RDMA_READ_CONSUME_CHECK_CONSUMER) timestamp=9372 ms, used_size=1361920 bytes (3.3%)
(RDMA_READ_CONSUME_CHECK_CONSUMER) timestamp=9372 ms, used_size=1359872 bytes (3.3%)
(RDMA_READ_CONSUME_CHECK_CONSUMER) timestamp=9372 ms, used_size=1357824 bytes (3.3%)
(RDMA_READ_CONSUME_CHECK_CONSUMER) timestamp=9372 ms, used_size=1355776 bytes (3.3%)
(RDMA_READ_CONSUME_CHECK_CONSUMER) timestamp=9372 ms, used_size=1353728 bytes (3.3%)
(RDMA_READ_CONSUME_CHECK_CONSUMER) timestamp=9372 ms, used_size=1351680 bytes (3.3%)
(RDMA_READ_CONSUME_CHECK_CONSUMER) timestamp=9372 ms, used_size=1349632 bytes (3.3%)
(RDMA_READ_CONSUME_CHECK_CONSUMER) timestamp=9372 ms, used_size=1347584 bytes (3.3%)
(RDMA_READ_CONSUME_CHECK_CONSUMER) timestamp=9372 ms, used_size=1345536 bytes (3.3%)
(RDMA_READ_CONSUME_CHECK_CONSUMER) timestamp=9372 ms, used_size=1343488 bytes (3.3%)
(RDMA_READ_CONSUME_CHECK_CONSUMER) timestamp=9372 ms, used_size=1341440 bytes (3.3%)
(RDMA_READ_CONSUME_CHECK_CONSUMER) timestamp=9372 ms, used_size=1339392 bytes (3.3%)
(RDMA_READ_CONSUME_CHECK_CONSUMER) timestamp=9372 ms, used_size=1337344 bytes (3.3%)
(RDMA_READ_CONSUME_CHECK_CONSUMER) timestamp=9372 ms, used_size=1335296 bytes (3.3%)
(RDMA_READ_CONSUME_CHECK_CONSUMER) timestamp=9372 ms, used_size=1333248 bytes (3.3%)
(RDMA_READ_CONSUME_CHECK_CONSUMER) timestamp=9372 ms, used_size=1331200 bytes (3.2%)
(RDMA_READ_CONSUME_CHECK_CONSUMER) timestamp=9372 ms, used_size=1329152 bytes (3.2%)
(RDMA_READ_CONSUME_CHECK_CONSUMER) timestamp=9372 ms, used_size=1327104 bytes (3.2%)
(RDMA_READ_CONSUME_CHECK_CONSUMER) timestamp=9372 ms, used_size=1325056 bytes (3.2%)
(RDMA_READ_CONSUME_CHECK_CONSUMER) timestamp=9372 ms, used_size=1323008 bytes (3.2%)
(RDMA_READ_CONSUME_CHECK_CONSUMER) timestamp=9372 ms, used_size=1320960 bytes (3.2%)
(RDMA_READ_CONSUME_CHECK_CONSUMER) timestamp=9372 ms, used_size=1318912 bytes (3.2%)
(RDMA_READ_CONSUME_CHECK_CONSUMER) timestamp=9372 ms, used_size=1316864 bytes (3.2%)
(RDMA_READ_CONSUME_CHECK_CONSUMER) timestamp=9372 ms, used_size=1314816 bytes (3.2%)
(RDMA_READ_CONSUME_CHECK_CONSUMER) timestamp=9372 ms, used_size=1312768 bytes (3.2%)
(RDMA_READ_CONSUME_CHECK_CONSUMER) timestamp=9372 ms, used_size=1310720 bytes (3.2%)
(RDMA_READ_CONSUME_CHECK_CONSUMER) timestamp=9372 ms, used_size=1308672 bytes (3.2%)
(RDMA_READ_CONSUME_CHECK_CONSUMER) timestamp=9372 ms, used_size=1306624 bytes (3.2%)
(RDMA_READ_CONSUME_CHECK_CONSUMER) timestamp=9372 ms, used_size=1304576 bytes (3.2%)
(RDMA_READ_CONSUME_CHECK_CONSUMER) timestamp=9372 ms, used_size=1302528 bytes (3.2%)
(RDMA_READ_CONSUME_CHECK_CONSUMER) timestamp=9372 ms, used_size=1300480 bytes (3.2%)
(RDMA_READ_CONSUME_CHECK_CONSUMER) timestamp=9372 ms, used_size=1298432 bytes (3.2%)
(RDMA_READ_CONSUME_CHECK_CONSUMER) timestamp=9372 ms, used_size=1296384 bytes (3.2%)
(RDMA_READ_CONSUME_CHECK_CONSUMER) timestamp=9372 ms, used_size=1294336 bytes (3.2%)
(RDMA_READ_CONSUME_CHECK_CONSUMER) timestamp=9372 ms, used_size=1292288 bytes (3.2%)
(RDMA_READ_CONSUME_CHECK_CONSUMER) timestamp=9372 ms, used_size=1290240 bytes (3.1%)
(RDMA_READ_CONSUME_CHECK_CONSUMER) timestamp=9372 ms, used_size=1288192 bytes (3.1%)
(RDMA_READ_CONSUME_CHECK_CONSUMER) timestamp=9372 ms, used_size=1286144 bytes (3.1%)
(RDMA_READ_CONSUME_CHECK_CONSUMER) timestamp=9372 ms, used_size=1284096 bytes (3.1%)
(RDMA_READ_CONSUME_CHECK_CONSUMER) timestamp=9372 ms, used_size=1282048 bytes (3.1%)
(RDMA_READ_CONSUME_CHECK_CONSUMER) timestamp=9372 ms, used_size=1280000 bytes (3.1%)
(RDMA_READ_CONSUME_CHECK_CONSUMER) timestamp=9372 ms, used_size=1277952 bytes (3.1%)
(RDMA_READ_CONSUME_CHECK_CONSUMER) timestamp=9372 ms, used_size=1275904 bytes (3.1%)
(RDMA_READ_CONSUME_CHECK_CONSUMER) timestamp=9372 ms, used_size=1273856 bytes (3.1%)
(RDMA_READ_CONSUME_CHECK_CONSUMER) timestamp=9372 ms, used_size=1271808 bytes (3.1%)
(RDMA_READ_CONSUME_CHECK_CONSUMER) timestamp=9372 ms, used_size=1269760 bytes (3.1%)
(RDMA_READ_CONSUME_CHECK_CONSUMER) timestamp=9372 ms, used_size=1267712 bytes (3.1%)
(RDMA_READ_CONSUME_CHECK_CONSUMER) timestamp=9372 ms, used_size=1265664 bytes (3.1%)
(RDMA_READ_CONSUME_CHECK_CONSUMER) timestamp=9372 ms, used_size=1263616 bytes (3.1%)
(RDMA_READ_CONSUME_CHECK_CONSUMER) timestamp=9372 ms, used_size=1261568 bytes (3.1%)
(RDMA_READ_CONSUME_CHECK_CONSUMER) timestamp=9372 ms, used_size=1259520 bytes (3.1%)
(RDMA_READ_CONSUME_CHECK_CONSUMER) timestamp=9372 ms, used_size=1257472 bytes (3.1%)
(RDMA_READ_CONSUME_CHECK_CONSUMER) timestamp=9372 ms, used_size=1255424 bytes (3.1%)
(RDMA_READ_CONSUME_CHECK_CONSUMER) timestamp=9372 ms, used_size=1253376 bytes (3.1%)
(RDMA_READ_CONSUME_CHECK_CONSUMER) timestamp=9372 ms, used_size=1251328 bytes (3.1%)
(RDMA_READ_CONSUME_CHECK_CONSUMER) timestamp=9372 ms, used_size=1249280 bytes (3.0%)
(RDMA_READ_CONSUME_CHECK_CONSUMER) timestamp=9372 ms, used_size=1247232 bytes (3.0%)
(RDMA_READ_CONSUME_CHECK_CONSUMER) timestamp=9372 ms, used_size=1245184 bytes (3.0%)
(RDMA_READ_CONSUME_CHECK_CONSUMER) timestamp=9372 ms, used_size=1243136 bytes (3.0%)
(RDMA_READ_CONSUME_CHECK_CONSUMER) timestamp=9372 ms, used_size=1241088 bytes (3.0%)
(RDMA_READ_CONSUME_CHECK_CONSUMER) timestamp=9372 ms, used_size=1239040 bytes (3.0%)
(RDMA_READ_CONSUME_CHECK_CONSUMER) timestamp=9372 ms, used_size=1236992 bytes (3.0%)
(RDMA_READ_CONSUME_CHECK_CONSUMER) timestamp=9372 ms, used_size=1234944 bytes (3.0%)
(RDMA_READ_CONSUME_CHECK_CONSUMER) timestamp=9372 ms, used_size=1232896 bytes (3.0%)
(RDMA_READ_CONSUME_CHECK_CONSUMER) timestamp=9372 ms, used_size=1230848 bytes (3.0%)
(RDMA_READ_CONSUME_CHECK_CONSUMER) timestamp=9372 ms, used_size=1228800 bytes (3.0%)
(RDMA_READ_CONSUME_CHECK_CONSUMER) timestamp=9372 ms, used_size=1226752 bytes (3.0%)
(RDMA_READ_CONSUME_CHECK_CONSUMER) timestamp=9372 ms, used_size=1224704 bytes (3.0%)
(RDMA_READ_CONSUME_CHECK_CONSUMER) timestamp=9372 ms, used_size=1222656 bytes (3.0%)
(RDMA_READ_CONSUME_CHECK_CONSUMER) timestamp=9372 ms, used_size=1220608 bytes (3.0%)
(RDMA_READ_CONSUME_CHECK_CONSUMER) timestamp=9372 ms, used_size=1218560 bytes (3.0%)
(RDMA_READ_CONSUME_CHECK_CONSUMER) timestamp=9372 ms, used_size=1216512 bytes (3.0%)
(RDMA_READ_CONSUME_CHECK_CONSUMER) timestamp=9372 ms, used_size=1214464 bytes (3.0%)
(RDMA_READ_CONSUME_CHECK_CONSUMER) timestamp=9372 ms, used_size=1212416 bytes (3.0%)
(RDMA_READ_CONSUME_CHECK_CONSUMER) timestamp=9372 ms, used_size=1210368 bytes (3.0%)
(RDMA_READ_CONSUME_CHECK_CONSUMER) timestamp=9372 ms, used_size=1208320 bytes (3.0%)
(RDMA_READ_CONSUME_CHECK_CONSUMER) timestamp=9372 ms, used_size=1206272 bytes (2.9%)
(RDMA_READ_CONSUME_CHECK_CONSUMER) timestamp=9372 ms, used_size=1204224 bytes (2.9%)
(RDMA_READ_CONSUME_CHECK_CONSUMER) timestamp=9372 ms, used_size=1202176 bytes (2.9%)
(RDMA_READ_CONSUME_CHECK_CONSUMER) timestamp=9372 ms, used_size=1200128 bytes (2.9%)
(RDMA_READ_CONSUME_CHECK_CONSUMER) timestamp=9372 ms, used_size=1198080 bytes (2.9%)
(RDMA_READ_CONSUME_CHECK_CONSUMER) timestamp=9372 ms, used_size=1196032 bytes (2.9%)
(RDMA_READ_CONSUME_CHECK_CONSUMER) timestamp=9372 ms, used_size=1193984 bytes (2.9%)
(RDMA_READ_CONSUME_CHECK_CONSUMER) timestamp=9372 ms, used_size=1191936 bytes (2.9%)
(RDMA_READ_CONSUME_CHECK_CONSUMER) timestamp=9372 ms, used_size=1189888 bytes (2.9%)
(RDMA_READ_CONSUME_CHECK_CONSUMER) timestamp=9372 ms, used_size=1187840 bytes (2.9%)
(RDMA_READ_CONSUME_CHECK_CONSUMER) timestamp=9372 ms, used_size=1185792 bytes (2.9%)
(RDMA_READ_CONSUME_CHECK_CONSUMER) timestamp=9372 ms, used_size=1183744 bytes (2.9%)
(RDMA_READ_CONSUME_CHECK_CONSUMER) timestamp=9372 ms, used_size=1181696 bytes (2.9%)
(RDMA_READ_CONSUME_CHECK_CONSUMER) timestamp=9372 ms, used_size=1179648 bytes (2.9%)
(RDMA_READ_CONSUME_CHECK_CONSUMER) timestamp=9372 ms, used_size=1177600 bytes (2.9%)
(RDMA_READ_CONSUME_CHECK_CONSUMER) timestamp=9372 ms, used_size=1175552 bytes (2.9%)
(RDMA_READ_CONSUME_CHECK_CONSUMER) timestamp=9372 ms, used_size=1173504 bytes (2.9%)
(RDMA_READ_CONSUME_CHECK_CONSUMER) timestamp=9372 ms, used_size=1171456 bytes (2.9%)
(RDMA_READ_CONSUME_CHECK_CONSUMER) timestamp=9372 ms, used_size=1169408 bytes (2.9%)
(RDMA_READ_CONSUME_CHECK_CONSUMER) timestamp=9372 ms, used_size=1167360 bytes (2.9%)
(RDMA_READ_CONSUME_CHECK_CONSUMER) timestamp=9372 ms, used_size=1165312 bytes (2.8%)
(RDMA_READ_CONSUME_CHECK_CONSUMER) timestamp=9372 ms, used_size=1163264 bytes (2.8%)
(RDMA_READ_CONSUME_CHECK_CONSUMER) timestamp=9372 ms, used_size=1161216 bytes (2.8%)
(RDMA_READ_CONSUME_CHECK_CONSUMER) timestamp=9372 ms, used_size=1159168 bytes (2.8%)
(RDMA_READ_CONSUME_CHECK_CONSUMER) timestamp=9372 ms, used_size=1157120 bytes (2.8%)
(RDMA_READ_CONSUME_CHECK_CONSUMER) timestamp=9372 ms, used_size=1155072 bytes (2.8%)
(RDMA_READ_CONSUME_CHECK_CONSUMER) timestamp=9372 ms, used_size=1153024 bytes (2.8%)
(RDMA_READ_CONSUME_CHECK_CONSUMER) timestamp=9372 ms, used_size=1150976 bytes (2.8%)
(RDMA_READ_CONSUME_CHECK_CONSUMER) timestamp=9372 ms, used_size=1148928 bytes (2.8%)
(RDMA_READ_CONSUME_CHECK_CONSUMER) timestamp=9372 ms, used_size=1146880 bytes (2.8%)
(RDMA_READ_CONSUME_CHECK_CONSUMER) timestamp=9372 ms, used_size=1144832 bytes (2.8%)
(RDMA_READ_CONSUME_CHECK_CONSUMER) timestamp=9372 ms, used_size=1142784 bytes (2.8%)
(RDMA_READ_CONSUME_CHECK_CONSUMER) timestamp=9372 ms, used_size=1140736 bytes (2.8%)
(RDMA_READ_CONSUME_CHECK_CONSUMER) timestamp=9372 ms, used_size=1138688 bytes (2.8%)
(RDMA_READ_CONSUME_CHECK_CONSUMER) timestamp=9372 ms, used_size=1136640 bytes (2.8%)
(RDMA_READ_CONSUME_CHECK_CONSUMER) timestamp=9372 ms, used_size=1134592 bytes (2.8%)
(RDMA_READ_CONSUME_CHECK_CONSUMER) timestamp=9372 ms, used_size=1132544 bytes (2.8%)
(RDMA_READ_CONSUME_CHECK_CONSUMER) timestamp=9372 ms, used_size=1130496 bytes (2.8%)
(RDMA_READ_CONSUME_CHECK_CONSUMER) timestamp=9372 ms, used_size=1128448 bytes (2.8%)
(RDMA_READ_CONSUME_CHECK_CONSUMER) timestamp=9372 ms, used_size=1126400 bytes (2.8%)
(RDMA_READ_CONSUME_CHECK_CONSUMER) timestamp=9372 ms, used_size=1124352 bytes (2.7%)
(RDMA_READ_CONSUME_CHECK_CONSUMER) timestamp=9372 ms, used_size=1122304 bytes (2.7%)
(RDMA_READ_CONSUME_CHECK_CONSUMER) timestamp=9372 ms, used_size=1120256 bytes (2.7%)
(RDMA_READ_CONSUME_CHECK_CONSUMER) timestamp=9372 ms, used_size=1118208 bytes (2.7%)
(RDMA_READ_CONSUME_CHECK_CONSUMER) timestamp=9372 ms, used_size=1116160 bytes (2.7%)
(RDMA_READ_CONSUME_CHECK_CONSUMER) timestamp=9372 ms, used_size=1114112 bytes (2.7%)
(RDMA_READ_CONSUME_CHECK_CONSUMER) timestamp=9372 ms, used_size=1112064 bytes (2.7%)
(RDMA_READ_CONSUME_CHECK_CONSUMER) timestamp=9372 ms, used_size=1110016 bytes (2.7%)
(RDMA_READ_CONSUME_CHECK_CONSUMER) timestamp=9372 ms, used_size=1107968 bytes (2.7%)
(RDMA_READ_CONSUME_CHECK_CONSUMER) timestamp=9372 ms, used_size=1105920 bytes (2.7%)
(RDMA_READ_CONSUME_CHECK_CONSUMER) timestamp=9373 ms, used_size=1103872 bytes (2.7%)
(RDMA_READ_CONSUME_CHECK_CONSUMER) timestamp=9373 ms, used_size=1101824 bytes (2.7%)
(RDMA_READ_CONSUME_CHECK_CONSUMER) timestamp=9373 ms, used_size=1099776 bytes (2.7%)
(RDMA_READ_CONSUME_CHECK_CONSUMER) timestamp=9373 ms, used_size=1097728 bytes (2.7%)
(RDMA_READ_CONSUME_CHECK_CONSUMER) timestamp=9373 ms, used_size=1095680 bytes (2.7%)
(RDMA_READ_CONSUME_CHECK_CONSUMER) timestamp=9373 ms, used_size=1093632 bytes (2.7%)
(RDMA_READ_CONSUME_CHECK_CONSUMER) timestamp=9373 ms, used_size=1091584 bytes (2.7%)
(RDMA_READ_CONSUME_CHECK_CONSUMER) timestamp=9373 ms, used_size=1089536 bytes (2.7%)
(RDMA_READ_CONSUME_CHECK_CONSUMER) timestamp=9373 ms, used_size=1087488 bytes (2.7%)
(RDMA_READ_CONSUME_CHECK_CONSUMER) timestamp=9373 ms, used_size=1085440 bytes (2.6%)
(RDMA_READ_CONSUME_CHECK_CONSUMER) timestamp=9373 ms, used_size=1083392 bytes (2.6%)
(RDMA_READ_CONSUME_CHECK_CONSUMER) timestamp=9373 ms, used_size=1081344 bytes (2.6%)
(RDMA_READ_CONSUME_CHECK_CONSUMER) timestamp=9373 ms, used_size=1079296 bytes (2.6%)
(RDMA_READ_CONSUME_CHECK_CONSUMER) timestamp=9373 ms, used_size=1077248 bytes (2.6%)
(RDMA_READ_CONSUME_CHECK_CONSUMER) timestamp=9373 ms, used_size=1075200 bytes (2.6%)
(RDMA_READ_CONSUME_CHECK_CONSUMER) timestamp=9373 ms, used_size=1073152 bytes (2.6%)
(RDMA_READ_CONSUME_CHECK_CONSUMER) timestamp=9373 ms, used_size=1071104 bytes (2.6%)
(RDMA_READ_CONSUME_CHECK_CONSUMER) timestamp=9373 ms, used_size=1069056 bytes (2.6%)
(RDMA_READ_CONSUME_CHECK_CONSUMER) timestamp=9373 ms, used_size=1067008 bytes (2.6%)
(RDMA_READ_CONSUME_CHECK_CONSUMER) timestamp=9373 ms, used_size=1064960 bytes (2.6%)
(RDMA_READ_CONSUME_CHECK_CONSUMER) timestamp=9373 ms, used_size=1062912 bytes (2.6%)
(RDMA_READ_CONSUME_CHECK_CONSUMER) timestamp=9373 ms, used_size=1060864 bytes (2.6%)
(RDMA_READ_CONSUME_CHECK_CONSUMER) timestamp=9373 ms, used_size=1058816 bytes (2.6%)
(RDMA_READ_CONSUME_CHECK_CONSUMER) timestamp=9373 ms, used_size=1056768 bytes (2.6%)
(RDMA_READ_CONSUME_CHECK_CONSUMER) timestamp=9373 ms, used_size=1054720 bytes (2.6%)
(RDMA_READ_CONSUME_CHECK_CONSUMER) timestamp=9373 ms, used_size=1052672 bytes (2.6%)
(RDMA_READ_CONSUME_CHECK_CONSUMER) timestamp=9373 ms, used_size=1050624 bytes (2.6%)
(RDMA_READ_CONSUME_CHECK_CONSUMER) timestamp=9373 ms, used_size=1048576 bytes (2.6%)
(RDMA_READ_CONSUME_CHECK_CONSUMER) timestamp=9373 ms, used_size=1046528 bytes (2.6%)
(RDMA_READ_CONSUME_CHECK_CONSUMER) timestamp=9373 ms, used_size=1044480 bytes (2.5%)
(RDMA_READ_CONSUME_CHECK_CONSUMER) timestamp=9373 ms, used_size=1042432 bytes (2.5%)
(RDMA_READ_CONSUME_CHECK_CONSUMER) timestamp=9373 ms, used_size=1040384 bytes (2.5%)
(RDMA_READ_CONSUME_CHECK_CONSUMER) timestamp=9373 ms, used_size=1038336 bytes (2.5%)
(RDMA_READ_CONSUME_CHECK_CONSUMER) timestamp=9373 ms, used_size=1036288 bytes (2.5%)
(RDMA_READ_CONSUME_CHECK_CONSUMER) timestamp=9373 ms, used_size=1034240 bytes (2.5%)
(RDMA_READ_CONSUME_CHECK_CONSUMER) timestamp=9373 ms, used_size=1032192 bytes (2.5%)
(RDMA_READ_CONSUME_CHECK_CONSUMER) timestamp=9373 ms, used_size=1030144 bytes (2.5%)
(RDMA_READ_CONSUME_CHECK_CONSUMER) timestamp=9373 ms, used_size=1028096 bytes (2.5%)
(RDMA_READ_CONSUME_CHECK_CONSUMER) timestamp=9373 ms, used_size=1026048 bytes (2.5%)
(RDMA_READ_CONSUME_CHECK_CONSUMER) timestamp=9373 ms, used_size=1024000 bytes (2.5%)
(RDMA_READ_CONSUME_CHECK_CONSUMER) timestamp=9373 ms, used_size=1021952 bytes (2.5%)
(RDMA_READ_CONSUME_CHECK_CONSUMER) timestamp=9373 ms, used_size=1019904 bytes (2.5%)
(RDMA_READ_CONSUME_CHECK_CONSUMER) timestamp=9373 ms, used_size=1017856 bytes (2.5%)
(RDMA_READ_CONSUME_CHECK_CONSUMER) timestamp=9373 ms, used_size=1015808 bytes (2.5%)
(RDMA_READ_CONSUME_CHECK_CONSUMER) timestamp=9373 ms, used_size=1013760 bytes (2.5%)
(RDMA_READ_CONSUME_CHECK_CONSUMER) timestamp=9373 ms, used_size=1011712 bytes (2.5%)
(RDMA_READ_CONSUME_CHECK_CONSUMER) timestamp=9373 ms, used_size=1009664 bytes (2.5%)
(RDMA_READ_CONSUME_CHECK_CONSUMER) timestamp=9373 ms, used_size=1007616 bytes (2.5%)
(RDMA_READ_CONSUME_CHECK_CONSUMER) timestamp=9373 ms, used_size=1005568 bytes (2.5%)
(RDMA_READ_CONSUME_CHECK_CONSUMER) timestamp=9373 ms, used_size=1003520 bytes (2.5%)
(RDMA_READ_CONSUME_CHECK_CONSUMER) timestamp=9373 ms, used_size=1001472 bytes (2.4%)
(RDMA_READ_CONSUME_CHECK_CONSUMER) timestamp=9373 ms, used_size=999424 bytes (2.4%)
(RDMA_READ_CONSUME_CHECK_CONSUMER) timestamp=9373 ms, used_size=997376 bytes (2.4%)
(RDMA_READ_CONSUME_CHECK_CONSUMER) timestamp=9373 ms, used_size=995328 bytes (2.4%)
(RDMA_READ_CONSUME_CHECK_CONSUMER) timestamp=9373 ms, used_size=993280 bytes (2.4%)
(RDMA_READ_CONSUME_CHECK_CONSUMER) timestamp=9373 ms, used_size=991232 bytes (2.4%)
(RDMA_READ_CONSUME_CHECK_CONSUMER) timestamp=9373 ms, used_size=989184 bytes (2.4%)
(RDMA_READ_CONSUME_CHECK_CONSUMER) timestamp=9373 ms, used_size=987136 bytes (2.4%)
(RDMA_READ_CONSUME_CHECK_CONSUMER) timestamp=9373 ms, used_size=985088 bytes (2.4%)
(RDMA_READ_CONSUME_CHECK_CONSUMER) timestamp=9373 ms, used_size=983040 bytes (2.4%)
(RDMA_READ_CONSUME_CHECK_CONSUMER) timestamp=9373 ms, used_size=980992 bytes (2.4%)
(RDMA_READ_CONSUME_CHECK_CONSUMER) timestamp=9373 ms, used_size=978944 bytes (2.4%)
(RDMA_READ_CONSUME_CHECK_CONSUMER) timestamp=9373 ms, used_size=976896 bytes (2.4%)
(RDMA_READ_CONSUME_CHECK_CONSUMER) timestamp=9373 ms, used_size=974848 bytes (2.4%)
(RDMA_READ_CONSUME_CHECK_CONSUMER) timestamp=9373 ms, used_size=972800 bytes (2.4%)
(RDMA_READ_CONSUME_CHECK_CONSUMER) timestamp=9373 ms, used_size=970752 bytes (2.4%)
(RDMA_READ_CONSUME_CHECK_CONSUMER) timestamp=9373 ms, used_size=968704 bytes (2.4%)
(RDMA_READ_CONSUME_CHECK_CONSUMER) timestamp=9373 ms, used_size=966656 bytes (2.4%)
(RDMA_READ_CONSUME_CHECK_CONSUMER) timestamp=9373 ms, used_size=964608 bytes (2.4%)
(RDMA_READ_CONSUME_CHECK_CONSUMER) timestamp=9373 ms, used_size=962560 bytes (2.4%)
(RDMA_READ_CONSUME_CHECK_CONSUMER) timestamp=9373 ms, used_size=960512 bytes (2.3%)
(RDMA_READ_CONSUME_CHECK_CONSUMER) timestamp=9373 ms, used_size=958464 bytes (2.3%)
(RDMA_READ_CONSUME_CHECK_CONSUMER) timestamp=9373 ms, used_size=956416 bytes (2.3%)
(RDMA_READ_CONSUME_CHECK_CONSUMER) timestamp=9373 ms, used_size=954368 bytes (2.3%)
(RDMA_READ_CONSUME_CHECK_CONSUMER) timestamp=9373 ms, used_size=952320 bytes (2.3%)
(RDMA_READ_CONSUME_CHECK_CONSUMER) timestamp=9373 ms, used_size=950272 bytes (2.3%)
(RDMA_READ_CONSUME_CHECK_CONSUMER) timestamp=9373 ms, used_size=948224 bytes (2.3%)
(RDMA_READ_CONSUME_CHECK_CONSUMER) timestamp=9373 ms, used_size=946176 bytes (2.3%)
(RDMA_READ_CONSUME_CHECK_CONSUMER) timestamp=9373 ms, used_size=944128 bytes (2.3%)
(RDMA_READ_CONSUME_CHECK_CONSUMER) timestamp=9373 ms, used_size=942080 bytes (2.3%)
(RDMA_READ_CONSUME_CHECK_CONSUMER) timestamp=9373 ms, used_size=940032 bytes (2.3%)
(RDMA_READ_CONSUME_CHECK_CONSUMER) timestamp=9373 ms, used_size=937984 bytes (2.3%)
(RDMA_READ_CONSUME_CHECK_CONSUMER) timestamp=9373 ms, used_size=935936 bytes (2.3%)
(RDMA_READ_CONSUME_CHECK_CONSUMER) timestamp=9373 ms, used_size=933888 bytes (2.3%)
(RDMA_READ_CONSUME_CHECK_CONSUMER) timestamp=9373 ms, used_size=931840 bytes (2.3%)
(RDMA_READ_CONSUME_CHECK_CONSUMER) timestamp=9373 ms, used_size=929792 bytes (2.3%)
(RDMA_READ_CONSUME_CHECK_CONSUMER) timestamp=9373 ms, used_size=927744 bytes (2.3%)
(RDMA_READ_CONSUME_CHECK_CONSUMER) timestamp=9373 ms, used_size=925696 bytes (2.3%)
(RDMA_READ_CONSUME_CHECK_CONSUMER) timestamp=9373 ms, used_size=923648 bytes (2.3%)
(RDMA_READ_CONSUME_CHECK_CONSUMER) timestamp=9373 ms, used_size=921600 bytes (2.2%)
(RDMA_READ_CONSUME_CHECK_CONSUMER) timestamp=9373 ms, used_size=919552 bytes (2.2%)
(RDMA_READ_CONSUME_CHECK_CONSUMER) timestamp=9373 ms, used_size=917504 bytes (2.2%)
(RDMA_READ_CONSUME_CHECK_CONSUMER) timestamp=9373 ms, used_size=915456 bytes (2.2%)
(RDMA_READ_CONSUME_CHECK_CONSUMER) timestamp=9373 ms, used_size=913408 bytes (2.2%)
(RDMA_READ_CONSUME_CHECK_CONSUMER) timestamp=9373 ms, used_size=911360 bytes (2.2%)
(RDMA_READ_CONSUME_CHECK_CONSUMER) timestamp=9373 ms, used_size=909312 bytes (2.2%)
(RDMA_READ_CONSUME_CHECK_CONSUMER) timestamp=9373 ms, used_size=907264 bytes (2.2%)
(RDMA_READ_CONSUME_CHECK_CONSUMER) timestamp=9373 ms, used_size=905216 bytes (2.2%)
(RDMA_READ_CONSUME_CHECK_CONSUMER) timestamp=9373 ms, used_size=903168 bytes (2.2%)
(RDMA_READ_CONSUME_CHECK_CONSUMER) timestamp=9373 ms, used_size=901120 bytes (2.2%)
(RDMA_READ_CONSUME_CHECK_CONSUMER) timestamp=9373 ms, used_size=899072 bytes (2.2%)
(RDMA_READ_CONSUME_CHECK_CONSUMER) timestamp=9373 ms, used_size=897024 bytes (2.2%)
(RDMA_READ_CONSUME_CHECK_CONSUMER) timestamp=9373 ms, used_size=894976 bytes (2.2%)
(RDMA_READ_CONSUME_CHECK_CONSUMER) timestamp=9373 ms, used_size=892928 bytes (2.2%)
(RDMA_READ_CONSUME_CHECK_CONSUMER) timestamp=9373 ms, used_size=890880 bytes (2.2%)
(RDMA_READ_CONSUME_CHECK_CONSUMER) timestamp=9373 ms, used_size=888832 bytes (2.2%)
(RDMA_READ_CONSUME_CHECK_CONSUMER) timestamp=9373 ms, used_size=886784 bytes (2.2%)
(RDMA_READ_CONSUME_CHECK_CONSUMER) timestamp=9373 ms, used_size=884736 bytes (2.2%)
(RDMA_READ_CONSUME_CHECK_CONSUMER) timestamp=9373 ms, used_size=882688 bytes (2.2%)
(RDMA_READ_CONSUME_CHECK_CONSUMER) timestamp=9373 ms, used_size=880640 bytes (2.1%)
(RDMA_READ_CONSUME_CHECK_CONSUMER) timestamp=9373 ms, used_size=878592 bytes (2.1%)
(RDMA_READ_CONSUME_CHECK_CONSUMER) timestamp=9373 ms, used_size=876544 bytes (2.1%)
(RDMA_READ_CONSUME_CHECK_CONSUMER) timestamp=9373 ms, used_size=874496 bytes (2.1%)
(RDMA_READ_CONSUME_CHECK_CONSUMER) timestamp=9373 ms, used_size=872448 bytes (2.1%)
(RDMA_READ_CONSUME_CHECK_CONSUMER) timestamp=9373 ms, used_size=870400 bytes (2.1%)
(RDMA_READ_CONSUME_CHECK_CONSUMER) timestamp=9373 ms, used_size=868352 bytes (2.1%)
(RDMA_READ_CONSUME_CHECK_CONSUMER) timestamp=9373 ms, used_size=866304 bytes (2.1%)
(RDMA_READ_CONSUME_CHECK_CONSUMER) timestamp=9373 ms, used_size=864256 bytes (2.1%)
(RDMA_READ_CONSUME_CHECK_CONSUMER) timestamp=9373 ms, used_size=862208 bytes (2.1%)
(RDMA_READ_CONSUME_CHECK_CONSUMER) timestamp=9373 ms, used_size=860160 bytes (2.1%)
(RDMA_READ_CONSUME_CHECK_CONSUMER) timestamp=9373 ms, used_size=858112 bytes (2.1%)
(RDMA_READ_CONSUME_CHECK_CONSUMER) timestamp=9373 ms, used_size=856064 bytes (2.1%)
(RDMA_READ_CONSUME_CHECK_CONSUMER) timestamp=9373 ms, used_size=854016 bytes (2.1%)
(RDMA_READ_CONSUME_CHECK_CONSUMER) timestamp=9373 ms, used_size=851968 bytes (2.1%)
(RDMA_READ_CONSUME_CHECK_CONSUMER) timestamp=9373 ms, used_size=849920 bytes (2.1%)
(RDMA_READ_CONSUME_CHECK_CONSUMER) timestamp=9373 ms, used_size=847872 bytes (2.1%)
(RDMA_READ_CONSUME_CHECK_CONSUMER) timestamp=9373 ms, used_size=845824 bytes (2.1%)
(RDMA_READ_CONSUME_CHECK_CONSUMER) timestamp=9373 ms, used_size=843776 bytes (2.1%)
(RDMA_READ_CONSUME_CHECK_CONSUMER) timestamp=9373 ms, used_size=841728 bytes (2.1%)
(RDMA_READ_CONSUME_CHECK_CONSUMER) timestamp=9373 ms, used_size=839680 bytes (2.0%)
(RDMA_READ_CONSUME_CHECK_CONSUMER) timestamp=9373 ms, used_size=837632 bytes (2.0%)
(RDMA_READ_CONSUME_CHECK_CONSUMER) timestamp=9373 ms, used_size=835584 bytes (2.0%)
(RDMA_READ_CONSUME_CHECK_CONSUMER) timestamp=9373 ms, used_size=833536 bytes (2.0%)
(RDMA_READ_CONSUME_CHECK_CONSUMER) timestamp=9373 ms, used_size=831488 bytes (2.0%)
(RDMA_READ_CONSUME_CHECK_CONSUMER) timestamp=9373 ms, used_size=829440 bytes (2.0%)
(RDMA_READ_CONSUME_CHECK_CONSUMER) timestamp=9373 ms, used_size=827392 bytes (2.0%)
(RDMA_READ_CONSUME_CHECK_CONSUMER) timestamp=9373 ms, used_size=825344 bytes (2.0%)
(RDMA_READ_CONSUME_CHECK_CONSUMER) timestamp=9373 ms, used_size=823296 bytes (2.0%)
(RDMA_READ_CONSUME_CHECK_CONSUMER) timestamp=9373 ms, used_size=821248 bytes (2.0%)
(RDMA_READ_CONSUME_CHECK_CONSUMER) timestamp=9373 ms, used_size=819200 bytes (2.0%)
(RDMA_READ_CONSUME_CHECK_CONSUMER) timestamp=9373 ms, used_size=817152 bytes (2.0%)
(RDMA_READ_CONSUME_CHECK_CONSUMER) timestamp=9373 ms, used_size=815104 bytes (2.0%)
(RDMA_READ_CONSUME_CHECK_CONSUMER) timestamp=9373 ms, used_size=813056 bytes (2.0%)
(RDMA_READ_CONSUME_CHECK_CONSUMER) timestamp=9373 ms, used_size=811008 bytes (2.0%)
(RDMA_READ_CONSUME_CHECK_CONSUMER) timestamp=9373 ms, used_size=808960 bytes (2.0%)
(RDMA_READ_CONSUME_CHECK_CONSUMER) timestamp=9373 ms, used_size=806912 bytes (2.0%)
(RDMA_READ_CONSUME_CHECK_CONSUMER) timestamp=9373 ms, used_size=804864 bytes (2.0%)
(RDMA_READ_CONSUME_CHECK_CONSUMER) timestamp=9373 ms, used_size=802816 bytes (2.0%)
(RDMA_READ_CONSUME_CHECK_CONSUMER) timestamp=9373 ms, used_size=800768 bytes (2.0%)
(RDMA_READ_CONSUME_CHECK_CONSUMER) timestamp=9373 ms, used_size=798720 bytes (1.9%)
(RDMA_READ_CONSUME_CHECK_CONSUMER) timestamp=9373 ms, used_size=796672 bytes (1.9%)
(RDMA_READ_CONSUME_CHECK_CONSUMER) timestamp=9373 ms, used_size=794624 bytes (1.9%)
(RDMA_READ_CONSUME_CHECK_CONSUMER) timestamp=9373 ms, used_size=792576 bytes (1.9%)
(RDMA_READ_CONSUME_CHECK_CONSUMER) timestamp=9373 ms, used_size=790528 bytes (1.9%)
(RDMA_READ_CONSUME_CHECK_CONSUMER) timestamp=9373 ms, used_size=788480 bytes (1.9%)
(RDMA_READ_CONSUME_CHECK_CONSUMER) timestamp=9373 ms, used_size=786432 bytes (1.9%)
(RDMA_READ_CONSUME_CHECK_CONSUMER) timestamp=9373 ms, used_size=784384 bytes (1.9%)
(RDMA_READ_CONSUME_CHECK_CONSUMER) timestamp=9373 ms, used_size=782336 bytes (1.9%)
(RDMA_READ_CONSUME_CHECK_CONSUMER) timestamp=9373 ms, used_size=780288 bytes (1.9%)
(RDMA_READ_CONSUME_CHECK_CONSUMER) timestamp=9373 ms, used_size=778240 bytes (1.9%)
(RDMA_READ_CONSUME_CHECK_CONSUMER) timestamp=9373 ms, used_size=776192 bytes (1.9%)
(RDMA_READ_CONSUME_CHECK_CONSUMER) timestamp=9373 ms, used_size=774144 bytes (1.9%)
(RDMA_READ_CONSUME_CHECK_CONSUMER) timestamp=9373 ms, used_size=772096 bytes (1.9%)
(RDMA_READ_CONSUME_CHECK_CONSUMER) timestamp=9373 ms, used_size=770048 bytes (1.9%)
(RDMA_READ_CONSUME_CHECK_CONSUMER) timestamp=9373 ms, used_size=768000 bytes (1.9%)
(RDMA_READ_CONSUME_CHECK_CONSUMER) timestamp=9373 ms, used_size=765952 bytes (1.9%)
(RDMA_READ_CONSUME_CHECK_CONSUMER) timestamp=9373 ms, used_size=763904 bytes (1.9%)
(RDMA_READ_CONSUME_CHECK_CONSUMER) timestamp=9373 ms, used_size=761856 bytes (1.9%)
(RDMA_READ_CONSUME_CHECK_CONSUMER) timestamp=9373 ms, used_size=759808 bytes (1.9%)
(RDMA_READ_CONSUME_CHECK_CONSUMER) timestamp=9373 ms, used_size=757760 bytes (1.9%)
(RDMA_READ_CONSUME_CHECK_CONSUMER) timestamp=9373 ms, used_size=755712 bytes (1.8%)
(RDMA_READ_CONSUME_CHECK_CONSUMER) timestamp=9373 ms, used_size=753664 bytes (1.8%)
(RDMA_READ_CONSUME_CHECK_CONSUMER) timestamp=9373 ms, used_size=751616 bytes (1.8%)
(RDMA_READ_CONSUME_CHECK_CONSUMER) timestamp=9373 ms, used_size=749568 bytes (1.8%)
(RDMA_READ_CONSUME_CHECK_CONSUMER) timestamp=9373 ms, used_size=747520 bytes (1.8%)
(RDMA_READ_CONSUME_CHECK_CONSUMER) timestamp=9373 ms, used_size=745472 bytes (1.8%)
(RDMA_READ_CONSUME_CHECK_CONSUMER) timestamp=9374 ms, used_size=743424 bytes (1.8%)
(RDMA_READ_CONSUME_CHECK_CONSUMER) timestamp=9374 ms, used_size=741376 bytes (1.8%)
(RDMA_READ_CONSUME_CHECK_CONSUMER) timestamp=9374 ms, used_size=739328 bytes (1.8%)
(RDMA_READ_CONSUME_CHECK_CONSUMER) timestamp=9374 ms, used_size=737280 bytes (1.8%)
(RDMA_READ_CONSUME_CHECK_CONSUMER) timestamp=9374 ms, used_size=735232 bytes (1.8%)
(RDMA_READ_CONSUME_CHECK_CONSUMER) timestamp=9374 ms, used_size=733184 bytes (1.8%)
(RDMA_READ_CONSUME_CHECK_CONSUMER) timestamp=9374 ms, used_size=731136 bytes (1.8%)
(RDMA_READ_CONSUME_CHECK_CONSUMER) timestamp=9374 ms, used_size=729088 bytes (1.8%)
(RDMA_READ_CONSUME_CHECK_CONSUMER) timestamp=9374 ms, used_size=727040 bytes (1.8%)
(RDMA_READ_CONSUME_CHECK_CONSUMER) timestamp=9374 ms, used_size=724992 bytes (1.8%)
(RDMA_READ_CONSUME_CHECK_CONSUMER) timestamp=9374 ms, used_size=722944 bytes (1.8%)
(RDMA_READ_CONSUME_CHECK_CONSUMER) timestamp=9374 ms, used_size=720896 bytes (1.8%)
(RDMA_READ_CONSUME_CHECK_CONSUMER) timestamp=9374 ms, used_size=718848 bytes (1.8%)
(RDMA_READ_CONSUME_CHECK_CONSUMER) timestamp=9374 ms, used_size=716800 bytes (1.8%)
(RDMA_READ_CONSUME_CHECK_CONSUMER) timestamp=9374 ms, used_size=714752 bytes (1.7%)
(RDMA_READ_CONSUME_CHECK_CONSUMER) timestamp=9374 ms, used_size=712704 bytes (1.7%)
(RDMA_READ_CONSUME_CHECK_CONSUMER) timestamp=9374 ms, used_size=710656 bytes (1.7%)
(RDMA_READ_CONSUME_CHECK_CONSUMER) timestamp=9374 ms, used_size=708608 bytes (1.7%)
(RDMA_READ_CONSUME_CHECK_CONSUMER) timestamp=9374 ms, used_size=706560 bytes (1.7%)
(RDMA_READ_CONSUME_CHECK_CONSUMER) timestamp=9374 ms, used_size=704512 bytes (1.7%)
(RDMA_READ_CONSUME_CHECK_CONSUMER) timestamp=9374 ms, used_size=702464 bytes (1.7%)
(RDMA_READ_CONSUME_CHECK_CONSUMER) timestamp=9374 ms, used_size=700416 bytes (1.7%)
(RDMA_READ_CONSUME_CHECK_CONSUMER) timestamp=9374 ms, used_size=698368 bytes (1.7%)
(RDMA_READ_CONSUME_CHECK_CONSUMER) timestamp=9374 ms, used_size=696320 bytes (1.7%)
(RDMA_READ_CONSUME_CHECK_CONSUMER) timestamp=9374 ms, used_size=694272 bytes (1.7%)
(RDMA_READ_CONSUME_CHECK_CONSUMER) timestamp=9374 ms, used_size=692224 bytes (1.7%)
(RDMA_READ_CONSUME_CHECK_CONSUMER) timestamp=9374 ms, used_size=690176 bytes (1.7%)
(RDMA_READ_CONSUME_CHECK_CONSUMER) timestamp=9374 ms, used_size=688128 bytes (1.7%)
(RDMA_READ_CONSUME_CHECK_CONSUMER) timestamp=9374 ms, used_size=686080 bytes (1.7%)
(RDMA_READ_CONSUME_CHECK_CONSUMER) timestamp=9374 ms, used_size=684032 bytes (1.7%)
(RDMA_READ_CONSUME_CHECK_CONSUMER) timestamp=9374 ms, used_size=681984 bytes (1.7%)
(RDMA_READ_CONSUME_CHECK_CONSUMER) timestamp=9374 ms, used_size=679936 bytes (1.7%)
(RDMA_READ_CONSUME_CHECK_CONSUMER) timestamp=9374 ms, used_size=677888 bytes (1.7%)
(RDMA_READ_CONSUME_CHECK_CONSUMER) timestamp=9374 ms, used_size=675840 bytes (1.6%)
(RDMA_READ_CONSUME_CHECK_CONSUMER) timestamp=9374 ms, used_size=673792 bytes (1.6%)
(RDMA_READ_CONSUME_CHECK_CONSUMER) timestamp=9374 ms, used_size=671744 bytes (1.6%)
(RDMA_READ_CONSUME_CHECK_CONSUMER) timestamp=9374 ms, used_size=669696 bytes (1.6%)
(RDMA_READ_CONSUME_CHECK_CONSUMER) timestamp=9374 ms, used_size=667648 bytes (1.6%)
(RDMA_READ_CONSUME_CHECK_CONSUMER) timestamp=9374 ms, used_size=665600 bytes (1.6%)
(RDMA_READ_CONSUME_CHECK_CONSUMER) timestamp=9374 ms, used_size=663552 bytes (1.6%)
(RDMA_READ_CONSUME_CHECK_CONSUMER) timestamp=9374 ms, used_size=661504 bytes (1.6%)
(RDMA_READ_CONSUME_CHECK_CONSUMER) timestamp=9374 ms, used_size=659456 bytes (1.6%)
(RDMA_READ_CONSUME_CHECK_CONSUMER) timestamp=9374 ms, used_size=657408 bytes (1.6%)
(RDMA_READ_CONSUME_CHECK_CONSUMER) timestamp=9374 ms, used_size=655360 bytes (1.6%)
(RDMA_READ_CONSUME_CHECK_CONSUMER) timestamp=9374 ms, used_size=653312 bytes (1.6%)
(RDMA_READ_CONSUME_CHECK_CONSUMER) timestamp=9374 ms, used_size=651264 bytes (1.6%)
(RDMA_READ_CONSUME_CHECK_CONSUMER) timestamp=9374 ms, used_size=649216 bytes (1.6%)
(RDMA_READ_CONSUME_CHECK_CONSUMER) timestamp=9374 ms, used_size=647168 bytes (1.6%)
(RDMA_READ_CONSUME_CHECK_CONSUMER) timestamp=9374 ms, used_size=645120 bytes (1.6%)
(RDMA_READ_CONSUME_CHECK_CONSUMER) timestamp=9374 ms, used_size=643072 bytes (1.6%)
(RDMA_READ_CONSUME_CHECK_CONSUMER) timestamp=9374 ms, used_size=641024 bytes (1.6%)
(RDMA_READ_CONSUME_CHECK_CONSUMER) timestamp=9374 ms, used_size=638976 bytes (1.6%)
(RDMA_READ_CONSUME_CHECK_CONSUMER) timestamp=9374 ms, used_size=636928 bytes (1.6%)
(RDMA_READ_CONSUME_CHECK_CONSUMER) timestamp=9374 ms, used_size=634880 bytes (1.6%)
(RDMA_READ_CONSUME_CHECK_CONSUMER) timestamp=9374 ms, used_size=632832 bytes (1.5%)
(RDMA_READ_CONSUME_CHECK_CONSUMER) timestamp=9374 ms, used_size=630784 bytes (1.5%)
(RDMA_READ_CONSUME_CHECK_CONSUMER) timestamp=9374 ms, used_size=628736 bytes (1.5%)
(RDMA_READ_CONSUME_CHECK_CONSUMER) timestamp=9374 ms, used_size=626688 bytes (1.5%)
(RDMA_READ_CONSUME_CHECK_CONSUMER) timestamp=9374 ms, used_size=624640 bytes (1.5%)
(RDMA_READ_CONSUME_CHECK_CONSUMER) timestamp=9374 ms, used_size=622592 bytes (1.5%)
(RDMA_READ_CONSUME_CHECK_CONSUMER) timestamp=9374 ms, used_size=620544 bytes (1.5%)
(RDMA_READ_CONSUME_CHECK_CONSUMER) timestamp=9374 ms, used_size=618496 bytes (1.5%)
(RDMA_READ_CONSUME_CHECK_CONSUMER) timestamp=9374 ms, used_size=616448 bytes (1.5%)
(RDMA_READ_CONSUME_CHECK_CONSUMER) timestamp=9374 ms, used_size=614400 bytes (1.5%)
(RDMA_READ_CONSUME_CHECK_CONSUMER) timestamp=9374 ms, used_size=612352 bytes (1.5%)
(RDMA_READ_CONSUME_CHECK_CONSUMER) timestamp=9374 ms, used_size=610304 bytes (1.5%)
(RDMA_READ_CONSUME_CHECK_CONSUMER) timestamp=9374 ms, used_size=608256 bytes (1.5%)
(RDMA_READ_CONSUME_CHECK_CONSUMER) timestamp=9374 ms, used_size=606208 bytes (1.5%)
(RDMA_READ_CONSUME_CHECK_CONSUMER) timestamp=9374 ms, used_size=604160 bytes (1.5%)
(RDMA_READ_CONSUME_CHECK_CONSUMER) timestamp=9374 ms, used_size=602112 bytes (1.5%)
(RDMA_READ_CONSUME_CHECK_CONSUMER) timestamp=9374 ms, used_size=600064 bytes (1.5%)
(RDMA_READ_CONSUME_CHECK_CONSUMER) timestamp=9374 ms, used_size=598016 bytes (1.5%)
(RDMA_READ_CONSUME_CHECK_CONSUMER) timestamp=9374 ms, used_size=595968 bytes (1.5%)
(RDMA_READ_CONSUME_CHECK_CONSUMER) timestamp=9374 ms, used_size=593920 bytes (1.4%)
(RDMA_READ_CONSUME_CHECK_CONSUMER) timestamp=9374 ms, used_size=591872 bytes (1.4%)
(RDMA_READ_CONSUME_CHECK_CONSUMER) timestamp=9374 ms, used_size=589824 bytes (1.4%)
(RDMA_READ_CONSUME_CHECK_CONSUMER) timestamp=9374 ms, used_size=587776 bytes (1.4%)
(RDMA_READ_CONSUME_CHECK_CONSUMER) timestamp=9374 ms, used_size=585728 bytes (1.4%)
(RDMA_READ_CONSUME_CHECK_CONSUMER) timestamp=9374 ms, used_size=583680 bytes (1.4%)
(RDMA_READ_CONSUME_CHECK_CONSUMER) timestamp=9374 ms, used_size=581632 bytes (1.4%)
(RDMA_READ_CONSUME_CHECK_CONSUMER) timestamp=9374 ms, used_size=579584 bytes (1.4%)
(RDMA_READ_CONSUME_CHECK_CONSUMER) timestamp=9374 ms, used_size=577536 bytes (1.4%)
(RDMA_READ_CONSUME_CHECK_CONSUMER) timestamp=9374 ms, used_size=575488 bytes (1.4%)
(RDMA_READ_CONSUME_CHECK_CONSUMER) timestamp=9374 ms, used_size=573440 bytes (1.4%)
(RDMA_READ_CONSUME_CHECK_CONSUMER) timestamp=9374 ms, used_size=571392 bytes (1.4%)
(RDMA_READ_CONSUME_CHECK_CONSUMER) timestamp=9374 ms, used_size=569344 bytes (1.4%)
(RDMA_READ_CONSUME_CHECK_CONSUMER) timestamp=9374 ms, used_size=567296 bytes (1.4%)
(RDMA_READ_CONSUME_CHECK_CONSUMER) timestamp=9374 ms, used_size=565248 bytes (1.4%)
(RDMA_READ_CONSUME_CHECK_CONSUMER) timestamp=9374 ms, used_size=563200 bytes (1.4%)
(RDMA_READ_CONSUME_CHECK_CONSUMER) timestamp=9374 ms, used_size=561152 bytes (1.4%)
(RDMA_READ_CONSUME_CHECK_CONSUMER) timestamp=9374 ms, used_size=559104 bytes (1.4%)
(RDMA_READ_CONSUME_CHECK_CONSUMER) timestamp=9374 ms, used_size=557056 bytes (1.4%)
(RDMA_READ_CONSUME_CHECK_CONSUMER) timestamp=9374 ms, used_size=555008 bytes (1.4%)
(RDMA_READ_CONSUME_CHECK_CONSUMER) timestamp=9374 ms, used_size=552960 bytes (1.4%)
(RDMA_READ_CONSUME_CHECK_CONSUMER) timestamp=9374 ms, used_size=550912 bytes (1.3%)
(RDMA_READ_CONSUME_CHECK_CONSUMER) timestamp=9374 ms, used_size=548864 bytes (1.3%)
(RDMA_READ_CONSUME_CHECK_CONSUMER) timestamp=9374 ms, used_size=546816 bytes (1.3%)
(RDMA_READ_CONSUME_CHECK_CONSUMER) timestamp=9374 ms, used_size=544768 bytes (1.3%)
(RDMA_READ_CONSUME_CHECK_CONSUMER) timestamp=9374 ms, used_size=542720 bytes (1.3%)
(RDMA_READ_CONSUME_CHECK_CONSUMER) timestamp=9374 ms, used_size=540672 bytes (1.3%)
(RDMA_READ_CONSUME_CHECK_CONSUMER) timestamp=9374 ms, used_size=538624 bytes (1.3%)
(RDMA_READ_CONSUME_CHECK_CONSUMER) timestamp=9374 ms, used_size=536576 bytes (1.3%)
(RDMA_READ_CONSUME_CHECK_CONSUMER) timestamp=9374 ms, used_size=534528 bytes (1.3%)
(RDMA_READ_CONSUME_CHECK_CONSUMER) timestamp=9374 ms, used_size=532480 bytes (1.3%)
(RDMA_READ_CONSUME_CHECK_CONSUMER) timestamp=9374 ms, used_size=530432 bytes (1.3%)
(RDMA_READ_CONSUME_CHECK_CONSUMER) timestamp=9374 ms, used_size=528384 bytes (1.3%)
(RDMA_READ_CONSUME_CHECK_CONSUMER) timestamp=9374 ms, used_size=526336 bytes (1.3%)
(RDMA_READ_CONSUME_CHECK_CONSUMER) timestamp=9374 ms, used_size=524288 bytes (1.3%)
(RDMA_READ_CONSUME_CHECK_CONSUMER) timestamp=9374 ms, used_size=522240 bytes (1.3%)
(RDMA_READ_CONSUME_CHECK_CONSUMER) timestamp=9374 ms, used_size=520192 bytes (1.3%)
(RDMA_READ_CONSUME_CHECK_CONSUMER) timestamp=9374 ms, used_size=518144 bytes (1.3%)
(RDMA_READ_CONSUME_CHECK_CONSUMER) timestamp=9374 ms, used_size=516096 bytes (1.3%)
(RDMA_READ_CONSUME_CHECK_CONSUMER) timestamp=9374 ms, used_size=514048 bytes (1.3%)
(RDMA_READ_CONSUME_CHECK_CONSUMER) timestamp=9374 ms, used_size=512000 bytes (1.2%)
(RDMA_READ_CONSUME_CHECK_CONSUMER) timestamp=9374 ms, used_size=509952 bytes (1.2%)
(RDMA_READ_CONSUME_CHECK_CONSUMER) timestamp=9374 ms, used_size=507904 bytes (1.2%)
(RDMA_READ_CONSUME_CHECK_CONSUMER) timestamp=9374 ms, used_size=505856 bytes (1.2%)
(RDMA_READ_CONSUME_CHECK_CONSUMER) timestamp=9374 ms, used_size=503808 bytes (1.2%)
(RDMA_READ_CONSUME_CHECK_CONSUMER) timestamp=9374 ms, used_size=501760 bytes (1.2%)
(RDMA_READ_CONSUME_CHECK_CONSUMER) timestamp=9374 ms, used_size=499712 bytes (1.2%)
(RDMA_READ_CONSUME_CHECK_CONSUMER) timestamp=9374 ms, used_size=497664 bytes (1.2%)
(RDMA_READ_CONSUME_CHECK_CONSUMER) timestamp=9374 ms, used_size=495616 bytes (1.2%)
(RDMA_READ_CONSUME_CHECK_CONSUMER) timestamp=9374 ms, used_size=493568 bytes (1.2%)
(RDMA_READ_CONSUME_CHECK_CONSUMER) timestamp=9374 ms, used_size=491520 bytes (1.2%)
(RDMA_READ_CONSUME_CHECK_CONSUMER) timestamp=9374 ms, used_size=489472 bytes (1.2%)
(RDMA_READ_CONSUME_CHECK_CONSUMER) timestamp=9374 ms, used_size=487424 bytes (1.2%)
(RDMA_READ_CONSUME_CHECK_CONSUMER) timestamp=9374 ms, used_size=485376 bytes (1.2%)
(RDMA_READ_CONSUME_CHECK_CONSUMER) timestamp=9374 ms, used_size=483328 bytes (1.2%)
(RDMA_READ_CONSUME_CHECK_CONSUMER) timestamp=9374 ms, used_size=481280 bytes (1.2%)
(RDMA_READ_CONSUME_CHECK_CONSUMER) timestamp=9374 ms, used_size=479232 bytes (1.2%)
(RDMA_READ_CONSUME_CHECK_CONSUMER) timestamp=9374 ms, used_size=477184 bytes (1.2%)
(RDMA_READ_CONSUME_CHECK_CONSUMER) timestamp=9374 ms, used_size=475136 bytes (1.2%)
(RDMA_READ_CONSUME_CHECK_CONSUMER) timestamp=9374 ms, used_size=473088 bytes (1.2%)
(RDMA_READ_CONSUME_CHECK_CONSUMER) timestamp=9374 ms, used_size=471040 bytes (1.1%)
(RDMA_READ_CONSUME_CHECK_CONSUMER) timestamp=9374 ms, used_size=468992 bytes (1.1%)
(RDMA_READ_CONSUME_CHECK_CONSUMER) timestamp=9374 ms, used_size=466944 bytes (1.1%)
(RDMA_READ_CONSUME_CHECK_CONSUMER) timestamp=9374 ms, used_size=464896 bytes (1.1%)
(RDMA_READ_CONSUME_CHECK_CONSUMER) timestamp=9374 ms, used_size=462848 bytes (1.1%)
(RDMA_READ_CONSUME_CHECK_CONSUMER) timestamp=9374 ms, used_size=460800 bytes (1.1%)
(RDMA_READ_CONSUME_CHECK_CONSUMER) timestamp=9374 ms, used_size=458752 bytes (1.1%)
(RDMA_READ_CONSUME_CHECK_CONSUMER) timestamp=9374 ms, used_size=456704 bytes (1.1%)
(RDMA_READ_CONSUME_CHECK_CONSUMER) timestamp=9374 ms, used_size=454656 bytes (1.1%)
(RDMA_READ_CONSUME_CHECK_CONSUMER) timestamp=9374 ms, used_size=452608 bytes (1.1%)
(RDMA_READ_CONSUME_CHECK_CONSUMER) timestamp=9374 ms, used_size=450560 bytes (1.1%)
(RDMA_READ_CONSUME_CHECK_CONSUMER) timestamp=9374 ms, used_size=448512 bytes (1.1%)
(RDMA_READ_CONSUME_CHECK_CONSUMER) timestamp=9374 ms, used_size=446464 bytes (1.1%)
(RDMA_READ_CONSUME_CHECK_CONSUMER) timestamp=9374 ms, used_size=444416 bytes (1.1%)
(RDMA_READ_CONSUME_CHECK_CONSUMER) timestamp=9374 ms, used_size=442368 bytes (1.1%)
(RDMA_READ_CONSUME_CHECK_CONSUMER) timestamp=9374 ms, used_size=440320 bytes (1.1%)
(RDMA_READ_CONSUME_CHECK_CONSUMER) timestamp=9374 ms, used_size=438272 bytes (1.1%)
(RDMA_READ_CONSUME_CHECK_CONSUMER) timestamp=9374 ms, used_size=436224 bytes (1.1%)
(RDMA_READ_CONSUME_CHECK_CONSUMER) timestamp=9374 ms, used_size=434176 bytes (1.1%)
(RDMA_READ_CONSUME_CHECK_CONSUMER) timestamp=9374 ms, used_size=432128 bytes (1.1%)
(RDMA_READ_CONSUME_CHECK_CONSUMER) timestamp=9374 ms, used_size=430080 bytes (1.1%)
(RDMA_READ_CONSUME_CHECK_CONSUMER) timestamp=9374 ms, used_size=428032 bytes (1.0%)
(RDMA_READ_CONSUME_CHECK_CONSUMER) timestamp=9374 ms, used_size=425984 bytes (1.0%)
(RDMA_READ_CONSUME_CHECK_CONSUMER) timestamp=9374 ms, used_size=423936 bytes (1.0%)
(RDMA_READ_CONSUME_CHECK_CONSUMER) timestamp=9374 ms, used_size=421888 bytes (1.0%)
(RDMA_READ_CONSUME_CHECK_CONSUMER) timestamp=9374 ms, used_size=419840 bytes (1.0%)
(RDMA_READ_CONSUME_CHECK_CONSUMER) timestamp=9374 ms, used_size=417792 bytes (1.0%)
(RDMA_READ_CONSUME_CHECK_CONSUMER) timestamp=9374 ms, used_size=415744 bytes (1.0%)
(RDMA_READ_CONSUME_CHECK_CONSUMER) timestamp=9374 ms, used_size=413696 bytes (1.0%)
(RDMA_READ_CONSUME_CHECK_CONSUMER) timestamp=9374 ms, used_size=411648 bytes (1.0%)
(RDMA_READ_CONSUME_CHECK_CONSUMER) timestamp=9374 ms, used_size=409600 bytes (1.0%)
(RDMA_READ_CONSUME_CHECK_CONSUMER) timestamp=9374 ms, used_size=407552 bytes (1.0%)
(RDMA_READ_CONSUME_CHECK_CONSUMER) timestamp=9374 ms, used_size=405504 bytes (1.0%)
(RDMA_READ_CONSUME_CHECK_CONSUMER) timestamp=9374 ms, used_size=403456 bytes (1.0%)
(RDMA_READ_CONSUME_CHECK_CONSUMER) timestamp=9374 ms, used_size=401408 bytes (1.0%)
(RDMA_READ_CONSUME_CHECK_CONSUMER) timestamp=9374 ms, used_size=399360 bytes (1.0%)
(RDMA_READ_CONSUME_CHECK_CONSUMER) timestamp=9374 ms, used_size=397312 bytes (1.0%)
(RDMA_READ_CONSUME_CHECK_CONSUMER) timestamp=9374 ms, used_size=395264 bytes (1.0%)
(RDMA_READ_CONSUME_CHECK_CONSUMER) timestamp=9375 ms, used_size=393216 bytes (1.0%)
(RDMA_READ_CONSUME_CHECK_CONSUMER) timestamp=9375 ms, used_size=391168 bytes (1.0%)
(RDMA_READ_CONSUME_CHECK_CONSUMER) timestamp=9375 ms, used_size=389120 bytes (0.9%)
(RDMA_READ_CONSUME_CHECK_CONSUMER) timestamp=9375 ms, used_size=387072 bytes (0.9%)
(RDMA_READ_CONSUME_CHECK_CONSUMER) timestamp=9375 ms, used_size=385024 bytes (0.9%)
(RDMA_READ_CONSUME_CHECK_CONSUMER) timestamp=9375 ms, used_size=382976 bytes (0.9%)
(RDMA_READ_CONSUME_CHECK_CONSUMER) timestamp=9375 ms, used_size=380928 bytes (0.9%)
(RDMA_READ_CONSUME_CHECK_CONSUMER) timestamp=9375 ms, used_size=378880 bytes (0.9%)
(RDMA_READ_CONSUME_CHECK_CONSUMER) timestamp=9375 ms, used_size=376832 bytes (0.9%)
(RDMA_READ_CONSUME_CHECK_CONSUMER) timestamp=9375 ms, used_size=374784 bytes (0.9%)
(RDMA_READ_CONSUME_CHECK_CONSUMER) timestamp=9375 ms, used_size=372736 bytes (0.9%)
(RDMA_READ_CONSUME_CHECK_CONSUMER) timestamp=9375 ms, used_size=370688 bytes (0.9%)
(RDMA_READ_CONSUME_CHECK_CONSUMER) timestamp=9375 ms, used_size=368640 bytes (0.9%)
(RDMA_READ_CONSUME_CHECK_CONSUMER) timestamp=9375 ms, used_size=366592 bytes (0.9%)
(RDMA_READ_CONSUME_CHECK_CONSUMER) timestamp=9375 ms, used_size=364544 bytes (0.9%)
(RDMA_READ_CONSUME_CHECK_CONSUMER) timestamp=9375 ms, used_size=362496 bytes (0.9%)
(RDMA_READ_CONSUME_CHECK_CONSUMER) timestamp=9375 ms, used_size=360448 bytes (0.9%)
(RDMA_READ_CONSUME_CHECK_CONSUMER) timestamp=9375 ms, used_size=358400 bytes (0.9%)
(RDMA_READ_CONSUME_CHECK_CONSUMER) timestamp=9375 ms, used_size=356352 bytes (0.9%)
(RDMA_READ_CONSUME_CHECK_CONSUMER) timestamp=9375 ms, used_size=354304 bytes (0.9%)
(RDMA_READ_CONSUME_CHECK_CONSUMER) timestamp=9375 ms, used_size=352256 bytes (0.9%)
(RDMA_READ_CONSUME_CHECK_CONSUMER) timestamp=9375 ms, used_size=350208 bytes (0.9%)
(RDMA_READ_CONSUME_CHECK_CONSUMER) timestamp=9375 ms, used_size=348160 bytes (0.8%)
(RDMA_READ_CONSUME_CHECK_CONSUMER) timestamp=9375 ms, used_size=346112 bytes (0.8%)
(RDMA_READ_CONSUME_CHECK_CONSUMER) timestamp=9375 ms, used_size=344064 bytes (0.8%)
(RDMA_READ_CONSUME_CHECK_CONSUMER) timestamp=9375 ms, used_size=342016 bytes (0.8%)
(RDMA_READ_CONSUME_CHECK_CONSUMER) timestamp=9375 ms, used_size=339968 bytes (0.8%)
(RDMA_READ_CONSUME_CHECK_CONSUMER) timestamp=9375 ms, used_size=337920 bytes (0.8%)
(RDMA_READ_CONSUME_CHECK_CONSUMER) timestamp=9375 ms, used_size=335872 bytes (0.8%)
(RDMA_READ_CONSUME_CHECK_CONSUMER) timestamp=9375 ms, used_size=333824 bytes (0.8%)
(RDMA_READ_CONSUME_CHECK_CONSUMER) timestamp=9375 ms, used_size=331776 bytes (0.8%)
(RDMA_READ_CONSUME_CHECK_CONSUMER) timestamp=9375 ms, used_size=329728 bytes (0.8%)
(RDMA_READ_CONSUME_CHECK_CONSUMER) timestamp=9375 ms, used_size=327680 bytes (0.8%)
(RDMA_READ_CONSUME_CHECK_CONSUMER) timestamp=9375 ms, used_size=325632 bytes (0.8%)
(RDMA_READ_CONSUME_CHECK_CONSUMER) timestamp=9375 ms, used_size=323584 bytes (0.8%)
(RDMA_READ_CONSUME_CHECK_CONSUMER) timestamp=9375 ms, used_size=321536 bytes (0.8%)
(RDMA_READ_CONSUME_CHECK_CONSUMER) timestamp=9375 ms, used_size=319488 bytes (0.8%)
(RDMA_READ_CONSUME_CHECK_CONSUMER) timestamp=9375 ms, used_size=317440 bytes (0.8%)
(RDMA_READ_CONSUME_CHECK_CONSUMER) timestamp=9375 ms, used_size=315392 bytes (0.8%)
(RDMA_READ_CONSUME_CHECK_CONSUMER) timestamp=9375 ms, used_size=313344 bytes (0.8%)
(RDMA_READ_CONSUME_CHECK_CONSUMER) timestamp=9375 ms, used_size=311296 bytes (0.8%)
(RDMA_READ_CONSUME_CHECK_CONSUMER) timestamp=9375 ms, used_size=309248 bytes (0.8%)
(RDMA_READ_CONSUME_CHECK_CONSUMER) timestamp=9375 ms, used_size=307200 bytes (0.8%)
(RDMA_READ_CONSUME_CHECK_CONSUMER) timestamp=9375 ms, used_size=305152 bytes (0.7%)
(RDMA_READ_CONSUME_CHECK_CONSUMER) timestamp=9375 ms, used_size=303104 bytes (0.7%)
(RDMA_READ_CONSUME_CHECK_CONSUMER) timestamp=9375 ms, used_size=301056 bytes (0.7%)
(RDMA_READ_CONSUME_CHECK_CONSUMER) timestamp=9375 ms, used_size=299008 bytes (0.7%)
(RDMA_READ_CONSUME_CHECK_CONSUMER) timestamp=9375 ms, used_size=296960 bytes (0.7%)
(RDMA_READ_CONSUME_CHECK_CONSUMER) timestamp=9375 ms, used_size=294912 bytes (0.7%)
(RDMA_READ_CONSUME_CHECK_CONSUMER) timestamp=9375 ms, used_size=292864 bytes (0.7%)
(RDMA_READ_CONSUME_CHECK_CONSUMER) timestamp=9375 ms, used_size=290816 bytes (0.7%)
(RDMA_READ_CONSUME_CHECK_CONSUMER) timestamp=9375 ms, used_size=288768 bytes (0.7%)
(RDMA_READ_CONSUME_CHECK_CONSUMER) timestamp=9375 ms, used_size=286720 bytes (0.7%)
(RDMA_READ_CONSUME_CHECK_CONSUMER) timestamp=9375 ms, used_size=284672 bytes (0.7%)
(RDMA_READ_CONSUME_CHECK_CONSUMER) timestamp=9375 ms, used_size=282624 bytes (0.7%)
(RDMA_READ_CONSUME_CHECK_CONSUMER) timestamp=9375 ms, used_size=280576 bytes (0.7%)
(RDMA_READ_CONSUME_CHECK_CONSUMER) timestamp=9375 ms, used_size=278528 bytes (0.7%)
(RDMA_READ_CONSUME_CHECK_CONSUMER) timestamp=9375 ms, used_size=276480 bytes (0.7%)
(RDMA_READ_CONSUME_CHECK_CONSUMER) timestamp=9375 ms, used_size=274432 bytes (0.7%)
(RDMA_READ_CONSUME_CHECK_CONSUMER) timestamp=9375 ms, used_size=272384 bytes (0.7%)
(RDMA_READ_CONSUME_CHECK_CONSUMER) timestamp=9375 ms, used_size=270336 bytes (0.7%)
(RDMA_READ_CONSUME_CHECK_CONSUMER) timestamp=9375 ms, used_size=268288 bytes (0.7%)
(RDMA_READ_CONSUME_CHECK_CONSUMER) timestamp=9375 ms, used_size=266240 bytes (0.7%)
(RDMA_READ_CONSUME_CHECK_CONSUMER) timestamp=9375 ms, used_size=264192 bytes (0.6%)
(RDMA_READ_CONSUME_CHECK_CONSUMER) timestamp=9375 ms, used_size=262144 bytes (0.6%)
(RDMA_READ_CONSUME_CHECK_CONSUMER) timestamp=9375 ms, used_size=260096 bytes (0.6%)
(RDMA_READ_CONSUME_CHECK_CONSUMER) timestamp=9375 ms, used_size=258048 bytes (0.6%)
(RDMA_READ_CONSUME_CHECK_CONSUMER) timestamp=9375 ms, used_size=256000 bytes (0.6%)
(RDMA_READ_CONSUME_CHECK_CONSUMER) timestamp=9375 ms, used_size=253952 bytes (0.6%)
(RDMA_READ_CONSUME_CHECK_CONSUMER) timestamp=9375 ms, used_size=251904 bytes (0.6%)
(RDMA_READ_CONSUME_CHECK_CONSUMER) timestamp=9375 ms, used_size=249856 bytes (0.6%)
(RDMA_READ_CONSUME_CHECK_CONSUMER) timestamp=9375 ms, used_size=247808 bytes (0.6%)
(RDMA_READ_CONSUME_CHECK_CONSUMER) timestamp=9375 ms, used_size=245760 bytes (0.6%)
(RDMA_READ_CONSUME_CHECK_CONSUMER) timestamp=9375 ms, used_size=243712 bytes (0.6%)
(RDMA_READ_CONSUME_CHECK_CONSUMER) timestamp=9375 ms, used_size=241664 bytes (0.6%)
(RDMA_READ_CONSUME_CHECK_CONSUMER) timestamp=9375 ms, used_size=239616 bytes (0.6%)
(RDMA_READ_CONSUME_CHECK_CONSUMER) timestamp=9375 ms, used_size=237568 bytes (0.6%)
(RDMA_READ_CONSUME_CHECK_CONSUMER) timestamp=9375 ms, used_size=235520 bytes (0.6%)
(RDMA_READ_CONSUME_CHECK_CONSUMER) timestamp=9375 ms, used_size=233472 bytes (0.6%)
(RDMA_READ_CONSUME_CHECK_CONSUMER) timestamp=9375 ms, used_size=231424 bytes (0.6%)
(RDMA_READ_CONSUME_CHECK_CONSUMER) timestamp=9375 ms, used_size=229376 bytes (0.6%)
(RDMA_READ_CONSUME_CHECK_CONSUMER) timestamp=9375 ms, used_size=227328 bytes (0.6%)
(RDMA_READ_CONSUME_CHECK_CONSUMER) timestamp=9375 ms, used_size=225280 bytes (0.6%)
(RDMA_READ_CONSUME_CHECK_CONSUMER) timestamp=9375 ms, used_size=223232 bytes (0.5%)
(RDMA_READ_CONSUME_CHECK_CONSUMER) timestamp=9375 ms, used_size=221184 bytes (0.5%)
(RDMA_READ_CONSUME_CHECK_CONSUMER) timestamp=9375 ms, used_size=219136 bytes (0.5%)
(RDMA_READ_CONSUME_CHECK_CONSUMER) timestamp=9375 ms, used_size=217088 bytes (0.5%)
(RDMA_READ_CONSUME_CHECK_CONSUMER) timestamp=9375 ms, used_size=215040 bytes (0.5%)
(RDMA_READ_CONSUME_CHECK_CONSUMER) timestamp=9375 ms, used_size=212992 bytes (0.5%)
(RDMA_READ_CONSUME_CHECK_CONSUMER) timestamp=9375 ms, used_size=210944 bytes (0.5%)
(RDMA_READ_CONSUME_CHECK_CONSUMER) timestamp=9375 ms, used_size=208896 bytes (0.5%)
(RDMA_READ_CONSUME_CHECK_CONSUMER) timestamp=9375 ms, used_size=206848 bytes (0.5%)
(RDMA_READ_CONSUME_CHECK_CONSUMER) timestamp=9375 ms, used_size=204800 bytes (0.5%)
(RDMA_READ_CONSUME_CHECK_CONSUMER) timestamp=9375 ms, used_size=202752 bytes (0.5%)
(RDMA_READ_CONSUME_CHECK_CONSUMER) timestamp=9375 ms, used_size=200704 bytes (0.5%)
(RDMA_READ_CONSUME_CHECK_CONSUMER) timestamp=9375 ms, used_size=198656 bytes (0.5%)
(RDMA_READ_CONSUME_CHECK_CONSUMER) timestamp=9375 ms, used_size=196608 bytes (0.5%)
(RDMA_READ_CONSUME_CHECK_CONSUMER) timestamp=9375 ms, used_size=194560 bytes (0.5%)
(RDMA_READ_CONSUME_CHECK_CONSUMER) timestamp=9375 ms, used_size=192512 bytes (0.5%)
(RDMA_READ_CONSUME_CHECK_CONSUMER) timestamp=9375 ms, used_size=190464 bytes (0.5%)
(RDMA_READ_CONSUME_CHECK_CONSUMER) timestamp=9375 ms, used_size=188416 bytes (0.5%)
(RDMA_READ_CONSUME_CHECK_CONSUMER) timestamp=9375 ms, used_size=186368 bytes (0.5%)
(RDMA_READ_CONSUME_CHECK_CONSUMER) timestamp=9375 ms, used_size=184320 bytes (0.5%)
(RDMA_READ_CONSUME_CHECK_CONSUMER) timestamp=9375 ms, used_size=182272 bytes (0.4%)
(RDMA_READ_CONSUME_CHECK_CONSUMER) timestamp=9375 ms, used_size=180224 bytes (0.4%)
(RDMA_READ_CONSUME_CHECK_CONSUMER) timestamp=9375 ms, used_size=178176 bytes (0.4%)
(RDMA_READ_CONSUME_CHECK_CONSUMER) timestamp=9375 ms, used_size=176128 bytes (0.4%)
(RDMA_READ_CONSUME_CHECK_CONSUMER) timestamp=9375 ms, used_size=174080 bytes (0.4%)
(RDMA_READ_CONSUME_CHECK_CONSUMER) timestamp=9375 ms, used_size=172032 bytes (0.4%)
(RDMA_READ_CONSUME_CHECK_CONSUMER) timestamp=9375 ms, used_size=169984 bytes (0.4%)
(RDMA_READ_CONSUME_CHECK_CONSUMER) timestamp=9375 ms, used_size=167936 bytes (0.4%)
(RDMA_READ_CONSUME_CHECK_CONSUMER) timestamp=9375 ms, used_size=165888 bytes (0.4%)
(RDMA_READ_CONSUME_CHECK_CONSUMER) timestamp=9375 ms, used_size=163840 bytes (0.4%)
(RDMA_READ_CONSUME_CHECK_CONSUMER) timestamp=9375 ms, used_size=161792 bytes (0.4%)
(RDMA_READ_CONSUME_CHECK_CONSUMER) timestamp=9375 ms, used_size=159744 bytes (0.4%)
(RDMA_READ_CONSUME_CHECK_CONSUMER) timestamp=9375 ms, used_size=157696 bytes (0.4%)
(RDMA_READ_CONSUME_CHECK_CONSUMER) timestamp=9375 ms, used_size=155648 bytes (0.4%)
(RDMA_READ_CONSUME_CHECK_CONSUMER) timestamp=9375 ms, used_size=153600 bytes (0.4%)
(RDMA_READ_CONSUME_CHECK_CONSUMER) timestamp=9375 ms, used_size=151552 bytes (0.4%)
(RDMA_READ_CONSUME_CHECK_CONSUMER) timestamp=9375 ms, used_size=149504 bytes (0.4%)
(RDMA_READ_CONSUME_CHECK_CONSUMER) timestamp=9375 ms, used_size=147456 bytes (0.4%)
(RDMA_READ_CONSUME_CHECK_CONSUMER) timestamp=9375 ms, used_size=145408 bytes (0.4%)
(RDMA_READ_CONSUME_CHECK_CONSUMER) timestamp=9375 ms, used_size=143360 bytes (0.3%)
(RDMA_READ_CONSUME_CHECK_CONSUMER) timestamp=9375 ms, used_size=141312 bytes (0.3%)
(RDMA_READ_CONSUME_CHECK_CONSUMER) timestamp=9375 ms, used_size=139264 bytes (0.3%)
(RDMA_READ_CONSUME_CHECK_CONSUMER) timestamp=9375 ms, used_size=137216 bytes (0.3%)
(RDMA_READ_CONSUME_CHECK_CONSUMER) timestamp=9375 ms, used_size=135168 bytes (0.3%)
(RDMA_READ_CONSUME_CHECK_CONSUMER) timestamp=9375 ms, used_size=133120 bytes (0.3%)
(RDMA_READ_CONSUME_CHECK_CONSUMER) timestamp=9375 ms, used_size=131072 bytes (0.3%)
(RDMA_READ_CONSUME_CHECK_CONSUMER) timestamp=9375 ms, used_size=129024 bytes (0.3%)
(RDMA_READ_CONSUME_CHECK_CONSUMER) timestamp=9375 ms, used_size=126976 bytes (0.3%)
(RDMA_READ_CONSUME_CHECK_CONSUMER) timestamp=9375 ms, used_size=124928 bytes (0.3%)
(RDMA_READ_CONSUME_CHECK_CONSUMER) timestamp=9375 ms, used_size=122880 bytes (0.3%)
(RDMA_READ_CONSUME_CHECK_CONSUMER) timestamp=9375 ms, used_size=120832 bytes (0.3%)
(RDMA_READ_CONSUME_CHECK_CONSUMER) timestamp=9375 ms, used_size=118784 bytes (0.3%)
(RDMA_READ_CONSUME_CHECK_CONSUMER) timestamp=9375 ms, used_size=116736 bytes (0.3%)
(RDMA_READ_CONSUME_CHECK_CONSUMER) timestamp=9375 ms, used_size=114688 bytes (0.3%)
(RDMA_READ_CONSUME_CHECK_CONSUMER) timestamp=9375 ms, used_size=112640 bytes (0.3%)
(RDMA_READ_CONSUME_CHECK_CONSUMER) timestamp=9375 ms, used_size=110592 bytes (0.3%)
(RDMA_READ_CONSUME_CHECK_CONSUMER) timestamp=9375 ms, used_size=108544 bytes (0.3%)
(RDMA_READ_CONSUME_CHECK_CONSUMER) timestamp=9375 ms, used_size=106496 bytes (0.3%)
(RDMA_READ_CONSUME_CHECK_CONSUMER) timestamp=9375 ms, used_size=104448 bytes (0.3%)
(RDMA_READ_CONSUME_CHECK_CONSUMER) timestamp=9375 ms, used_size=102400 bytes (0.2%)
(RDMA_READ_CONSUME_CHECK_CONSUMER) timestamp=9375 ms, used_size=100352 bytes (0.2%)
(RDMA_READ_CONSUME_CHECK_CONSUMER) timestamp=9375 ms, used_size=98304 bytes (0.2%)
(RDMA_READ_CONSUME_CHECK_CONSUMER) timestamp=9375 ms, used_size=96256 bytes (0.2%)
(RDMA_READ_CONSUME_CHECK_CONSUMER) timestamp=9375 ms, used_size=94208 bytes (0.2%)
(RDMA_READ_CONSUME_CHECK_CONSUMER) timestamp=9375 ms, used_size=92160 bytes (0.2%)
(RDMA_READ_CONSUME_CHECK_CONSUMER) timestamp=9375 ms, used_size=90112 bytes (0.2%)
(RDMA_READ_CONSUME_CHECK_CONSUMER) timestamp=9375 ms, used_size=88064 bytes (0.2%)
(RDMA_READ_CONSUME_CHECK_CONSUMER) timestamp=9375 ms, used_size=86016 bytes (0.2%)
(RDMA_READ_CONSUME_CHECK_CONSUMER) timestamp=9375 ms, used_size=83968 bytes (0.2%)
(RDMA_READ_CONSUME_CHECK_CONSUMER) timestamp=9375 ms, used_size=81920 bytes (0.2%)
(RDMA_READ_CONSUME_CHECK_CONSUMER) timestamp=9375 ms, used_size=79872 bytes (0.2%)
(RDMA_READ_CONSUME_CHECK_CONSUMER) timestamp=9375 ms, used_size=77824 bytes (0.2%)
(RDMA_READ_CONSUME_CHECK_CONSUMER) timestamp=9375 ms, used_size=75776 bytes (0.2%)
(RDMA_READ_CONSUME_CHECK_CONSUMER) timestamp=9375 ms, used_size=73728 bytes (0.2%)
(RDMA_READ_CONSUME_CHECK_CONSUMER) timestamp=9375 ms, used_size=71680 bytes (0.2%)
(RDMA_READ_CONSUME_CHECK_CONSUMER) timestamp=9375 ms, used_size=69632 bytes (0.2%)
(RDMA_READ_CONSUME_CHECK_CONSUMER) timestamp=9375 ms, used_size=67584 bytes (0.2%)
(RDMA_READ_CONSUME_CHECK_CONSUMER) timestamp=9375 ms, used_size=65536 bytes (0.2%)
(RDMA_READ_CONSUME_CHECK_CONSUMER) timestamp=9375 ms, used_size=63488 bytes (0.2%)
(RDMA_READ_CONSUME_CHECK_CONSUMER) timestamp=9375 ms, used_size=61440 bytes (0.1%)
(RDMA_READ_CONSUME_CHECK_CONSUMER) timestamp=9375 ms, used_size=59392 bytes (0.1%)
(RDMA_READ_CONSUME_CHECK_CONSUMER) timestamp=9375 ms, used_size=57344 bytes (0.1%)
(RDMA_READ_CONSUME_CHECK_CONSUMER) timestamp=9375 ms, used_size=55296 bytes (0.1%)
(RDMA_READ_CONSUME_CHECK_CONSUMER) timestamp=9375 ms, used_size=53248 bytes (0.1%)
(RDMA_READ_CONSUME_CHECK_CONSUMER) timestamp=9375 ms, used_size=51200 bytes (0.1%)
(RDMA_READ_CONSUME_CHECK_CONSUMER) timestamp=9375 ms, used_size=49152 bytes (0.1%)
(RDMA_READ_CONSUME_CHECK_CONSUMER) timestamp=9375 ms, used_size=47104 bytes (0.1%)
(RDMA_READ_CONSUME_CHECK_CONSUMER) timestamp=9375 ms, used_size=45056 bytes (0.1%)
(RDMA_READ_CONSUME_CHECK_CONSUMER) timestamp=9375 ms, used_size=43008 bytes (0.1%)
(RDMA_READ_CONSUME_CHECK_CONSUMER) timestamp=9375 ms, used_size=40960 bytes (0.1%)
(RDMA_READ_CONSUME_CHECK_CONSUMER) timestamp=9375 ms, used_size=38912 bytes (0.1%)
(RDMA_READ_CONSUME_CHECK_CONSUMER) timestamp=9375 ms, used_size=36864 bytes (0.1%)
(RDMA_READ_CONSUME_CHECK_CONSUMER) timestamp=9375 ms, used_size=34816 bytes (0.1%)
(RDMA_READ_CONSUME_CHECK_CONSUMER) timestamp=9375 ms, used_size=32768 bytes (0.1%)
(RDMA_READ_CONSUME_CHECK_CONSUMER) timestamp=9375 ms, used_size=30720 bytes (0.1%)
(RDMA_READ_CONSUME_CHECK_CONSUMER) timestamp=9375 ms, used_size=28672 bytes (0.1%)
(RDMA_READ_CONSUME_CHECK_CONSUMER) timestamp=9375 ms, used_size=26624 bytes (0.1%)
(RDMA_READ_CONSUME_CHECK_CONSUMER) timestamp=9376 ms, used_size=24576 bytes (0.1%)
(RDMA_READ_CONSUME_CHECK_CONSUMER) timestamp=9376 ms, used_size=22528 bytes (0.1%)
(RDMA_READ_CONSUME_CHECK_CONSUMER) timestamp=9376 ms, used_size=20480 bytes (0.1%)
(RDMA_READ_CONSUME_CHECK_CONSUMER) timestamp=9376 ms, used_size=18432 bytes (0.0%)
(RDMA_READ_CONSUME_CHECK_CONSUMER) timestamp=9376 ms, used_size=16384 bytes (0.0%)
(RDMA_READ_CONSUME_CHECK_CONSUMER) timestamp=9376 ms, used_size=14336 bytes (0.0%)
(RDMA_READ_CONSUME_CHECK_CONSUMER) timestamp=9376 ms, used_size=12288 bytes (0.0%)
(RDMA_READ_CONSUME_CHECK_CONSUMER) timestamp=9376 ms, used_size=10240 bytes (0.0%)
(RDMA_READ_CONSUME_CHECK_CONSUMER) timestamp=9376 ms, used_size=8192 bytes (0.0%)
(RDMA_READ_CONSUME_CHECK_CONSUMER) timestamp=9376 ms, used_size=6144 bytes (0.0%)
(RDMA_READ_CONSUME_CHECK_CONSUMER) timestamp=9376 ms, used_size=4096 bytes (0.0%)
(RDMA_READ_CONSUME_CHECK_CONSUMER) timestamp=9376 ms, used_size=2048 bytes (0.0%)
(RDMA_READ_CONSUME_CHECK_CONSUMER) timestamp=9376 ms, used_size=0 bytes (0.0%)
(RDMA_READ_CONSUME_CHECK) Cycle 7, Batch 1: CRC32 OK (0xbeaa30f3), 8192 messages verified
(RDMA_READ_CONSUME_CHECK_CONSUMER) timestamp=9376 ms, used_size=16775168 bytes (41.0%)
(RDMA_READ_CONSUME_CHECK_CONSUMER) timestamp=9977 ms, used_size=16773120 bytes (41.0%)
(RDMA_READ_CONSUME_CHECK_CONSUMER) timestamp=9977 ms, used_size=16771072 bytes (40.9%)
(RDMA_READ_CONSUME_CHECK_CONSUMER) timestamp=9977 ms, used_size=16769024 bytes (40.9%)
(RDMA_READ_CONSUME_CHECK_CONSUMER) timestamp=9977 ms, used_size=16766976 bytes (40.9%)
(RDMA_READ_CONSUME_CHECK_CONSUMER) timestamp=9977 ms, used_size=16764928 bytes (40.9%)
(RDMA_READ_CONSUME_CHECK_CONSUMER) timestamp=9977 ms, used_size=16762880 bytes (40.9%)
(RDMA_READ_CONSUME_CHECK_CONSUMER) timestamp=9977 ms, used_size=16760832 bytes (40.9%)
(RDMA_READ_CONSUME_CHECK_CONSUMER) timestamp=9977 ms, used_size=16758784 bytes (40.9%)
(RDMA_READ_CONSUME_CHECK_CONSUMER) timestamp=9977 ms, used_size=16756736 bytes (40.9%)
(RDMA_READ_CONSUME_CHECK_CONSUMER) timestamp=9977 ms, used_size=16754688 bytes (40.9%)
(RDMA_READ_CONSUME_CHECK_CONSUMER) timestamp=9977 ms, used_size=16752640 bytes (40.9%)
(RDMA_READ_CONSUME_CHECK_CONSUMER) timestamp=9977 ms, used_size=16750592 bytes (40.9%)
(RDMA_READ_CONSUME_CHECK_CONSUMER) timestamp=9977 ms, used_size=16748544 bytes (40.9%)
(RDMA_READ_CONSUME_CHECK_CONSUMER) timestamp=9977 ms, used_size=16746496 bytes (40.9%)
(RDMA_READ_CONSUME_CHECK_CONSUMER) timestamp=9977 ms, used_size=16744448 bytes (40.9%)
(RDMA_READ_CONSUME_CHECK_CONSUMER) timestamp=9977 ms, used_size=16742400 bytes (40.9%)
(RDMA_READ_CONSUME_CHECK_CONSUMER) timestamp=9977 ms, used_size=16740352 bytes (40.9%)
(RDMA_READ_CONSUME_CHECK_CONSUMER) timestamp=9977 ms, used_size=16738304 bytes (40.9%)
(RDMA_READ_CONSUME_CHECK_CONSUMER) timestamp=9977 ms, used_size=16736256 bytes (40.9%)
(RDMA_READ_CONSUME_CHECK_CONSUMER) timestamp=9977 ms, used_size=16734208 bytes (40.9%)
(RDMA_READ_CONSUME_CHECK_CONSUMER) timestamp=9977 ms, used_size=16732160 bytes (40.9%)
(RDMA_READ_CONSUME_CHECK_CONSUMER) timestamp=9977 ms, used_size=16730112 bytes (40.8%)
(RDMA_READ_CONSUME_CHECK_CONSUMER) timestamp=9977 ms, used_size=16728064 bytes (40.8%)
(RDMA_READ_CONSUME_CHECK_CONSUMER) timestamp=9977 ms, used_size=16726016 bytes (40.8%)
(RDMA_READ_CONSUME_CHECK_CONSUMER) timestamp=9977 ms, used_size=16723968 bytes (40.8%)
(RDMA_READ_CONSUME_CHECK_CONSUMER) timestamp=9977 ms, used_size=16721920 bytes (40.8%)
(RDMA_READ_CONSUME_CHECK_CONSUMER) timestamp=9977 ms, used_size=16719872 bytes (40.8%)
(RDMA_READ_CONSUME_CHECK_CONSUMER) timestamp=9977 ms, used_size=16717824 bytes (40.8%)
(RDMA_READ_CONSUME_CHECK_CONSUMER) timestamp=9978 ms, used_size=16715776 bytes (40.8%)
(RDMA_READ_CONSUME_CHECK_CONSUMER) timestamp=9978 ms, used_size=16713728 bytes (40.8%)
(RDMA_READ_CONSUME_CHECK_CONSUMER) timestamp=9978 ms, used_size=16711680 bytes (40.8%)
(RDMA_READ_CONSUME_CHECK_CONSUMER) timestamp=9978 ms, used_size=16709632 bytes (40.8%)
(RDMA_READ_CONSUME_CHECK_CONSUMER) timestamp=9978 ms, used_size=16707584 bytes (40.8%)
(RDMA_READ_CONSUME_CHECK_CONSUMER) timestamp=9978 ms, used_size=16705536 bytes (40.8%)
(RDMA_READ_CONSUME_CHECK_CONSUMER) timestamp=9978 ms, used_size=16703488 bytes (40.8%)
(RDMA_READ_CONSUME_CHECK_CONSUMER) timestamp=9978 ms, used_size=16701440 bytes (40.8%)
(RDMA_READ_CONSUME_CHECK_CONSUMER) timestamp=9978 ms, used_size=16699392 bytes (40.8%)
(RDMA_READ_CONSUME_CHECK_CONSUMER) timestamp=9978 ms, used_size=16697344 bytes (40.8%)
(RDMA_READ_CONSUME_CHECK_CONSUMER) timestamp=9978 ms, used_size=16695296 bytes (40.8%)
(RDMA_READ_CONSUME_CHECK_CONSUMER) timestamp=9978 ms, used_size=16693248 bytes (40.8%)
(RDMA_READ_CONSUME_CHECK_CONSUMER) timestamp=9978 ms, used_size=16691200 bytes (40.8%)
(RDMA_READ_CONSUME_CHECK_CONSUMER) timestamp=9978 ms, used_size=16689152 bytes (40.7%)
(RDMA_READ_CONSUME_CHECK_CONSUMER) timestamp=9978 ms, used_size=16687104 bytes (40.7%)
(RDMA_READ_CONSUME_CHECK_CONSUMER) timestamp=9978 ms, used_size=16685056 bytes (40.7%)
(RDMA_READ_CONSUME_CHECK_CONSUMER) timestamp=9978 ms, used_size=16683008 bytes (40.7%)
(RDMA_READ_CONSUME_CHECK_CONSUMER) timestamp=9978 ms, used_size=16680960 bytes (40.7%)
(RDMA_READ_CONSUME_CHECK_CONSUMER) timestamp=9978 ms, used_size=16678912 bytes (40.7%)
(RDMA_READ_CONSUME_CHECK_CONSUMER) timestamp=9978 ms, used_size=16676864 bytes (40.7%)
(RDMA_READ_CONSUME_CHECK_CONSUMER) timestamp=9978 ms, used_size=16674816 bytes (40.7%)
(RDMA_READ_CONSUME_CHECK_CONSUMER) timestamp=9978 ms, used_size=16672768 bytes (40.7%)
(RDMA_READ_CONSUME_CHECK_CONSUMER) timestamp=9978 ms, used_size=16670720 bytes (40.7%)
(RDMA_READ_CONSUME_CHECK_CONSUMER) timestamp=9978 ms, used_size=16668672 bytes (40.7%)
(RDMA_READ_CONSUME_CHECK_CONSUMER) timestamp=9978 ms, used_size=16666624 bytes (40.7%)
(RDMA_READ_CONSUME_CHECK_CONSUMER) timestamp=9978 ms, used_size=16664576 bytes (40.7%)
(RDMA_READ_CONSUME_CHECK_CONSUMER) timestamp=9978 ms, used_size=16662528 bytes (40.7%)
(RDMA_READ_CONSUME_CHECK_CONSUMER) timestamp=9978 ms, used_size=16660480 bytes (40.7%)
(RDMA_READ_CONSUME_CHECK_CONSUMER) timestamp=9978 ms, used_size=16658432 bytes (40.7%)
(RDMA_READ_CONSUME_CHECK_CONSUMER) timestamp=9978 ms, used_size=16656384 bytes (40.7%)
(RDMA_READ_CONSUME_CHECK_CONSUMER) timestamp=9978 ms, used_size=16654336 bytes (40.7%)
(RDMA_READ_CONSUME_CHECK_CONSUMER) timestamp=9978 ms, used_size=16652288 bytes (40.7%)
(RDMA_READ_CONSUME_CHECK_CONSUMER) timestamp=9978 ms, used_size=16650240 bytes (40.6%)
(RDMA_READ_CONSUME_CHECK_CONSUMER) timestamp=9978 ms, used_size=16648192 bytes (40.6%)
(RDMA_READ_CONSUME_CHECK_CONSUMER) timestamp=9978 ms, used_size=16646144 bytes (40.6%)
(RDMA_READ_CONSUME_CHECK_CONSUMER) timestamp=9978 ms, used_size=16644096 bytes (40.6%)
(RDMA_READ_CONSUME_CHECK_CONSUMER) timestamp=9978 ms, used_size=16642048 bytes (40.6%)
(RDMA_READ_CONSUME_CHECK_CONSUMER) timestamp=9978 ms, used_size=16640000 bytes (40.6%)
(RDMA_READ_CONSUME_CHECK_CONSUMER) timestamp=9978 ms, used_size=16637952 bytes (40.6%)
(RDMA_READ_CONSUME_CHECK_CONSUMER) timestamp=9978 ms, used_size=16635904 bytes (40.6%)
(RDMA_READ_CONSUME_CHECK_CONSUMER) timestamp=9978 ms, used_size=16633856 bytes (40.6%)
(RDMA_READ_CONSUME_CHECK_CONSUMER) timestamp=9978 ms, used_size=16631808 bytes (40.6%)
(RDMA_READ_CONSUME_CHECK_CONSUMER) timestamp=9978 ms, used_size=16629760 bytes (40.6%)
(RDMA_READ_CONSUME_CHECK_CONSUMER) timestamp=9978 ms, used_size=16627712 bytes (40.6%)
(RDMA_READ_CONSUME_CHECK_CONSUMER) timestamp=9978 ms, used_size=16625664 bytes (40.6%)
(RDMA_READ_CONSUME_CHECK_CONSUMER) timestamp=9978 ms, used_size=16623616 bytes (40.6%)
(RDMA_READ_CONSUME_CHECK_CONSUMER) timestamp=9978 ms, used_size=16621568 bytes (40.6%)
(RDMA_READ_CONSUME_CHECK_CONSUMER) timestamp=9978 ms, used_size=16619520 bytes (40.6%)
(RDMA_READ_CONSUME_CHECK_CONSUMER) timestamp=9978 ms, used_size=16617472 bytes (40.6%)
(RDMA_READ_CONSUME_CHECK_CONSUMER) timestamp=9978 ms, used_size=16615424 bytes (40.6%)
(RDMA_READ_CONSUME_CHECK_CONSUMER) timestamp=9978 ms, used_size=16613376 bytes (40.6%)
(RDMA_READ_CONSUME_CHECK_CONSUMER) timestamp=9978 ms, used_size=16611328 bytes (40.6%)
(RDMA_READ_CONSUME_CHECK_CONSUMER) timestamp=9978 ms, used_size=16609280 bytes (40.5%)
(RDMA_READ_CONSUME_CHECK_CONSUMER) timestamp=9978 ms, used_size=16607232 bytes (40.5%)
(RDMA_READ_CONSUME_CHECK_CONSUMER) timestamp=9978 ms, used_size=16605184 bytes (40.5%)
(RDMA_READ_CONSUME_CHECK_CONSUMER) timestamp=9978 ms, used_size=16603136 bytes (40.5%)
(RDMA_READ_CONSUME_CHECK_CONSUMER) timestamp=9978 ms, used_size=16601088 bytes (40.5%)
(RDMA_READ_CONSUME_CHECK_CONSUMER) timestamp=9978 ms, used_size=16599040 bytes (40.5%)
(RDMA_READ_CONSUME_CHECK_CONSUMER) timestamp=9978 ms, used_size=16596992 bytes (40.5%)
(RDMA_READ_CONSUME_CHECK_CONSUMER) timestamp=9978 ms, used_size=16594944 bytes (40.5%)
(RDMA_READ_CONSUME_CHECK_CONSUMER) timestamp=9978 ms, used_size=16592896 bytes (40.5%)
(RDMA_READ_CONSUME_CHECK_CONSUMER) timestamp=9978 ms, used_size=16590848 bytes (40.5%)
(RDMA_READ_CONSUME_CHECK_CONSUMER) timestamp=9978 ms, used_size=16588800 bytes (40.5%)
(RDMA_READ_CONSUME_CHECK_CONSUMER) timestamp=9978 ms, used_size=16586752 bytes (40.5%)
(RDMA_READ_CONSUME_CHECK_CONSUMER) timestamp=9978 ms, used_size=16584704 bytes (40.5%)
(RDMA_READ_CONSUME_CHECK_CONSUMER) timestamp=9978 ms, used_size=16582656 bytes (40.5%)
(RDMA_READ_CONSUME_CHECK_CONSUMER) timestamp=9978 ms, used_size=16580608 bytes (40.5%)
(RDMA_READ_CONSUME_CHECK_CONSUMER) timestamp=9978 ms, used_size=16578560 bytes (40.5%)
(RDMA_READ_CONSUME_CHECK_CONSUMER) timestamp=9978 ms, used_size=16576512 bytes (40.5%)
(RDMA_READ_CONSUME_CHECK_CONSUMER) timestamp=9978 ms, used_size=16574464 bytes (40.5%)
(RDMA_READ_CONSUME_CHECK_CONSUMER) timestamp=9978 ms, used_size=16572416 bytes (40.5%)
(RDMA_READ_CONSUME_CHECK_CONSUMER) timestamp=9978 ms, used_size=16570368 bytes (40.5%)
(RDMA_READ_CONSUME_CHECK_CONSUMER) timestamp=9978 ms, used_size=16568320 bytes (40.5%)
(RDMA_READ_CONSUME_CHECK_CONSUMER) timestamp=9978 ms, used_size=16566272 bytes (40.4%)
(RDMA_READ_CONSUME_CHECK_CONSUMER) timestamp=9978 ms, used_size=16564224 bytes (40.4%)
(RDMA_READ_CONSUME_CHECK_CONSUMER) timestamp=9978 ms, used_size=16562176 bytes (40.4%)
(RDMA_READ_CONSUME_CHECK_CONSUMER) timestamp=9978 ms, used_size=16560128 bytes (40.4%)
(RDMA_READ_CONSUME_CHECK_CONSUMER) timestamp=9978 ms, used_size=16558080 bytes (40.4%)
(RDMA_READ_CONSUME_CHECK_CONSUMER) timestamp=9978 ms, used_size=16556032 bytes (40.4%)
(RDMA_READ_CONSUME_CHECK_CONSUMER) timestamp=9978 ms, used_size=16553984 bytes (40.4%)
(RDMA_READ_CONSUME_CHECK_CONSUMER) timestamp=9978 ms, used_size=16551936 bytes (40.4%)
(RDMA_READ_CONSUME_CHECK_CONSUMER) timestamp=9978 ms, used_size=16549888 bytes (40.4%)
(RDMA_READ_CONSUME_CHECK_CONSUMER) timestamp=9978 ms, used_size=16547840 bytes (40.4%)
(RDMA_READ_CONSUME_CHECK_CONSUMER) timestamp=9978 ms, used_size=16545792 bytes (40.4%)
(RDMA_READ_CONSUME_CHECK_CONSUMER) timestamp=9978 ms, used_size=16543744 bytes (40.4%)
(RDMA_READ_CONSUME_CHECK_CONSUMER) timestamp=9978 ms, used_size=16541696 bytes (40.4%)
(RDMA_READ_CONSUME_CHECK_CONSUMER) timestamp=9978 ms, used_size=16539648 bytes (40.4%)
(RDMA_READ_CONSUME_CHECK_CONSUMER) timestamp=9978 ms, used_size=16537600 bytes (40.4%)
(RDMA_READ_CONSUME_CHECK_CONSUMER) timestamp=9978 ms, used_size=16535552 bytes (40.4%)
(RDMA_READ_CONSUME_CHECK_CONSUMER) timestamp=9978 ms, used_size=16533504 bytes (40.4%)
(RDMA_READ_CONSUME_CHECK_CONSUMER) timestamp=9978 ms, used_size=16531456 bytes (40.4%)
(RDMA_READ_CONSUME_CHECK_CONSUMER) timestamp=9978 ms, used_size=16529408 bytes (40.4%)
(RDMA_READ_CONSUME_CHECK_CONSUMER) timestamp=9978 ms, used_size=16527360 bytes (40.4%)
(RDMA_READ_CONSUME_CHECK_CONSUMER) timestamp=9978 ms, used_size=16525312 bytes (40.3%)
(RDMA_READ_CONSUME_CHECK_CONSUMER) timestamp=9978 ms, used_size=16523264 bytes (40.3%)
(RDMA_READ_CONSUME_CHECK_CONSUMER) timestamp=9978 ms, used_size=16521216 bytes (40.3%)
(RDMA_READ_CONSUME_CHECK_CONSUMER) timestamp=9978 ms, used_size=16519168 bytes (40.3%)
(RDMA_READ_CONSUME_CHECK_CONSUMER) timestamp=9978 ms, used_size=16517120 bytes (40.3%)
(RDMA_READ_CONSUME_CHECK_CONSUMER) timestamp=9978 ms, used_size=16515072 bytes (40.3%)
(RDMA_READ_CONSUME_CHECK_CONSUMER) timestamp=9978 ms, used_size=16513024 bytes (40.3%)
(RDMA_READ_CONSUME_CHECK_CONSUMER) timestamp=9978 ms, used_size=16510976 bytes (40.3%)
(RDMA_READ_CONSUME_CHECK_CONSUMER) timestamp=9978 ms, used_size=16508928 bytes (40.3%)
(RDMA_READ_CONSUME_CHECK_CONSUMER) timestamp=9978 ms, used_size=16506880 bytes (40.3%)
(RDMA_READ_CONSUME_CHECK_CONSUMER) timestamp=9978 ms, used_size=16504832 bytes (40.3%)
(RDMA_READ_CONSUME_CHECK_CONSUMER) timestamp=9978 ms, used_size=16502784 bytes (40.3%)
(RDMA_READ_CONSUME_CHECK_CONSUMER) timestamp=9978 ms, used_size=16500736 bytes (40.3%)
(RDMA_READ_CONSUME_CHECK_CONSUMER) timestamp=9978 ms, used_size=16498688 bytes (40.3%)
(RDMA_READ_CONSUME_CHECK_CONSUMER) timestamp=9978 ms, used_size=16496640 bytes (40.3%)
(RDMA_READ_CONSUME_CHECK_CONSUMER) timestamp=9978 ms, used_size=16494592 bytes (40.3%)
(RDMA_READ_CONSUME_CHECK_CONSUMER) timestamp=9978 ms, used_size=16492544 bytes (40.3%)
(RDMA_READ_CONSUME_CHECK_CONSUMER) timestamp=9978 ms, used_size=16490496 bytes (40.3%)
(RDMA_READ_CONSUME_CHECK_CONSUMER) timestamp=9978 ms, used_size=16488448 bytes (40.3%)
(RDMA_READ_CONSUME_CHECK_CONSUMER) timestamp=9978 ms, used_size=16486400 bytes (40.2%)
(RDMA_READ_CONSUME_CHECK_CONSUMER) timestamp=9978 ms, used_size=16484352 bytes (40.2%)
(RDMA_READ_CONSUME_CHECK_CONSUMER) timestamp=9978 ms, used_size=16482304 bytes (40.2%)
(RDMA_READ_CONSUME_CHECK_CONSUMER) timestamp=9978 ms, used_size=16480256 bytes (40.2%)
(RDMA_READ_CONSUME_CHECK_CONSUMER) timestamp=9978 ms, used_size=16478208 bytes (40.2%)
(RDMA_READ_CONSUME_CHECK_CONSUMER) timestamp=9978 ms, used_size=16476160 bytes (40.2%)
(RDMA_READ_CONSUME_CHECK_CONSUMER) timestamp=9978 ms, used_size=16474112 bytes (40.2%)
(RDMA_READ_CONSUME_CHECK_CONSUMER) timestamp=9978 ms, used_size=16472064 bytes (40.2%)
(RDMA_READ_CONSUME_CHECK_CONSUMER) timestamp=9978 ms, used_size=16470016 bytes (40.2%)
(RDMA_READ_CONSUME_CHECK_CONSUMER) timestamp=9978 ms, used_size=16467968 bytes (40.2%)
(RDMA_READ_CONSUME_CHECK_CONSUMER) timestamp=9978 ms, used_size=16465920 bytes (40.2%)
(RDMA_READ_CONSUME_CHECK_CONSUMER) timestamp=9978 ms, used_size=16463872 bytes (40.2%)
(RDMA_READ_CONSUME_CHECK_CONSUMER) timestamp=9978 ms, used_size=16461824 bytes (40.2%)
(RDMA_READ_CONSUME_CHECK_CONSUMER) timestamp=9978 ms, used_size=16459776 bytes (40.2%)
(RDMA_READ_CONSUME_CHECK_CONSUMER) timestamp=9978 ms, used_size=16457728 bytes (40.2%)
(RDMA_READ_CONSUME_CHECK_CONSUMER) timestamp=9978 ms, used_size=16455680 bytes (40.2%)
(RDMA_READ_CONSUME_CHECK_CONSUMER) timestamp=9978 ms, used_size=16453632 bytes (40.2%)
(RDMA_READ_CONSUME_CHECK_CONSUMER) timestamp=9978 ms, used_size=16451584 bytes (40.2%)
(RDMA_READ_CONSUME_CHECK_CONSUMER) timestamp=9978 ms, used_size=16449536 bytes (40.2%)
(RDMA_READ_CONSUME_CHECK_CONSUMER) timestamp=9978 ms, used_size=16447488 bytes (40.2%)
(RDMA_READ_CONSUME_CHECK_CONSUMER) timestamp=9978 ms, used_size=16445440 bytes (40.1%)
(RDMA_READ_CONSUME_CHECK_CONSUMER) timestamp=9978 ms, used_size=16443392 bytes (40.1%)
(RDMA_READ_CONSUME_CHECK_CONSUMER) timestamp=9978 ms, used_size=16441344 bytes (40.1%)
(RDMA_READ_CONSUME_CHECK_CONSUMER) timestamp=9978 ms, used_size=16439296 bytes (40.1%)
(RDMA_READ_CONSUME_CHECK_CONSUMER) timestamp=9978 ms, used_size=16437248 bytes (40.1%)
(RDMA_READ_CONSUME_CHECK_CONSUMER) timestamp=9978 ms, used_size=16435200 bytes (40.1%)
(RDMA_READ_CONSUME_CHECK_CONSUMER) timestamp=9978 ms, used_size=16433152 bytes (40.1%)
(RDMA_READ_CONSUME_CHECK_CONSUMER) timestamp=9978 ms, used_size=16431104 bytes (40.1%)
(RDMA_READ_CONSUME_CHECK_CONSUMER) timestamp=9978 ms, used_size=16429056 bytes (40.1%)
(RDMA_READ_CONSUME_CHECK_CONSUMER) timestamp=9978 ms, used_size=16427008 bytes (40.1%)
(RDMA_READ_CONSUME_CHECK_CONSUMER) timestamp=9978 ms, used_size=16424960 bytes (40.1%)
(RDMA_READ_CONSUME_CHECK_CONSUMER) timestamp=9978 ms, used_size=16422912 bytes (40.1%)
(RDMA_READ_CONSUME_CHECK_CONSUMER) timestamp=9978 ms, used_size=16420864 bytes (40.1%)
(RDMA_READ_CONSUME_CHECK_CONSUMER) timestamp=9978 ms, used_size=16418816 bytes (40.1%)
(RDMA_READ_CONSUME_CHECK_CONSUMER) timestamp=9978 ms, used_size=16416768 bytes (40.1%)
(RDMA_READ_CONSUME_CHECK_CONSUMER) timestamp=9978 ms, used_size=16414720 bytes (40.1%)
(RDMA_READ_CONSUME_CHECK_CONSUMER) timestamp=9978 ms, used_size=16412672 bytes (40.1%)
(RDMA_READ_CONSUME_CHECK_CONSUMER) timestamp=9978 ms, used_size=16410624 bytes (40.1%)
(RDMA_READ_CONSUME_CHECK_CONSUMER) timestamp=9978 ms, used_size=16408576 bytes (40.1%)
(RDMA_READ_CONSUME_CHECK_CONSUMER) timestamp=9978 ms, used_size=16406528 bytes (40.1%)
(RDMA_READ_CONSUME_CHECK_CONSUMER) timestamp=9978 ms, used_size=16404480 bytes (40.0%)
(RDMA_READ_CONSUME_CHECK_CONSUMER) timestamp=9978 ms, used_size=16402432 bytes (40.0%)
(RDMA_READ_CONSUME_CHECK_CONSUMER) timestamp=9978 ms, used_size=16400384 bytes (40.0%)
(RDMA_READ_CONSUME_CHECK_CONSUMER) timestamp=9978 ms, used_size=16398336 bytes (40.0%)
(RDMA_READ_CONSUME_CHECK_CONSUMER) timestamp=9978 ms, used_size=16396288 bytes (40.0%)
(RDMA_READ_CONSUME_CHECK_CONSUMER) timestamp=9978 ms, used_size=16394240 bytes (40.0%)
(RDMA_READ_CONSUME_CHECK_CONSUMER) timestamp=9978 ms, used_size=16392192 bytes (40.0%)
(RDMA_READ_CONSUME_CHECK_CONSUMER) timestamp=9978 ms, used_size=16390144 bytes (40.0%)
(RDMA_READ_CONSUME_CHECK_CONSUMER) timestamp=9978 ms, used_size=16388096 bytes (40.0%)
(RDMA_READ_CONSUME_CHECK_CONSUMER) timestamp=9978 ms, used_size=16386048 bytes (40.0%)
(RDMA_READ_CONSUME_CHECK_CONSUMER) timestamp=9978 ms, used_size=16384000 bytes (40.0%)
(RDMA_READ_CONSUME_CHECK_CONSUMER) timestamp=9978 ms, used_size=16381952 bytes (40.0%)
(RDMA_READ_CONSUME_CHECK_CONSUMER) timestamp=9978 ms, used_size=16379904 bytes (40.0%)
(RDMA_READ_CONSUME_CHECK_CONSUMER) timestamp=9978 ms, used_size=16377856 bytes (40.0%)
(RDMA_READ_CONSUME_CHECK_CONSUMER) timestamp=9978 ms, used_size=16375808 bytes (40.0%)
(RDMA_READ_CONSUME_CHECK_CONSUMER) timestamp=9978 ms, used_size=16373760 bytes (40.0%)
(RDMA_READ_CONSUME_CHECK_CONSUMER) timestamp=9978 ms, used_size=16371712 bytes (40.0%)
(RDMA_READ_CONSUME_CHECK_CONSUMER) timestamp=9978 ms, used_size=16369664 bytes (40.0%)
(RDMA_READ_CONSUME_CHECK_CONSUMER) timestamp=9979 ms, used_size=16367616 bytes (40.0%)
(RDMA_READ_CONSUME_CHECK_CONSUMER) timestamp=9979 ms, used_size=16365568 bytes (40.0%)
(RDMA_READ_CONSUME_CHECK_CONSUMER) timestamp=9979 ms, used_size=16363520 bytes (40.0%)
(RDMA_READ_CONSUME_CHECK_CONSUMER) timestamp=9979 ms, used_size=16361472 bytes (39.9%)
(RDMA_READ_CONSUME_CHECK_CONSUMER) timestamp=9979 ms, used_size=16359424 bytes (39.9%)
(RDMA_READ_CONSUME_CHECK_CONSUMER) timestamp=9979 ms, used_size=16357376 bytes (39.9%)
(RDMA_READ_CONSUME_CHECK_CONSUMER) timestamp=9979 ms, used_size=16355328 bytes (39.9%)
(RDMA_READ_CONSUME_CHECK_CONSUMER) timestamp=9979 ms, used_size=16353280 bytes (39.9%)
(RDMA_READ_CONSUME_CHECK_CONSUMER) timestamp=9979 ms, used_size=16351232 bytes (39.9%)
(RDMA_READ_CONSUME_CHECK_CONSUMER) timestamp=9979 ms, used_size=16349184 bytes (39.9%)
(RDMA_READ_CONSUME_CHECK_CONSUMER) timestamp=9979 ms, used_size=16347136 bytes (39.9%)
(RDMA_READ_CONSUME_CHECK_CONSUMER) timestamp=9979 ms, used_size=16345088 bytes (39.9%)
(RDMA_READ_CONSUME_CHECK_CONSUMER) timestamp=9979 ms, used_size=16343040 bytes (39.9%)
(RDMA_READ_CONSUME_CHECK_CONSUMER) timestamp=9979 ms, used_size=16340992 bytes (39.9%)
(RDMA_READ_CONSUME_CHECK_CONSUMER) timestamp=9979 ms, used_size=16338944 bytes (39.9%)
(RDMA_READ_CONSUME_CHECK_CONSUMER) timestamp=9979 ms, used_size=16336896 bytes (39.9%)
(RDMA_READ_CONSUME_CHECK_CONSUMER) timestamp=9979 ms, used_size=16334848 bytes (39.9%)
(RDMA_READ_CONSUME_CHECK_CONSUMER) timestamp=9979 ms, used_size=16332800 bytes (39.9%)
(RDMA_READ_CONSUME_CHECK_CONSUMER) timestamp=9979 ms, used_size=16330752 bytes (39.9%)
(RDMA_READ_CONSUME_CHECK_CONSUMER) timestamp=9979 ms, used_size=16328704 bytes (39.9%)
(RDMA_READ_CONSUME_CHECK_CONSUMER) timestamp=9979 ms, used_size=16326656 bytes (39.9%)
(RDMA_READ_CONSUME_CHECK_CONSUMER) timestamp=9979 ms, used_size=16324608 bytes (39.9%)
(RDMA_READ_CONSUME_CHECK_CONSUMER) timestamp=9979 ms, used_size=16322560 bytes (39.9%)
(RDMA_READ_CONSUME_CHECK_CONSUMER) timestamp=9979 ms, used_size=16320512 bytes (39.8%)
(RDMA_READ_CONSUME_CHECK_CONSUMER) timestamp=9979 ms, used_size=16318464 bytes (39.8%)
(RDMA_READ_CONSUME_CHECK_CONSUMER) timestamp=9979 ms, used_size=16316416 bytes (39.8%)
(RDMA_READ_CONSUME_CHECK_CONSUMER) timestamp=9979 ms, used_size=16314368 bytes (39.8%)
(RDMA_READ_CONSUME_CHECK_CONSUMER) timestamp=9979 ms, used_size=16312320 bytes (39.8%)
(RDMA_READ_CONSUME_CHECK_CONSUMER) timestamp=9979 ms, used_size=16310272 bytes (39.8%)
(RDMA_READ_CONSUME_CHECK_CONSUMER) timestamp=9979 ms, used_size=16308224 bytes (39.8%)
(RDMA_READ_CONSUME_CHECK_CONSUMER) timestamp=9979 ms, used_size=16306176 bytes (39.8%)
(RDMA_READ_CONSUME_CHECK_CONSUMER) timestamp=9979 ms, used_size=16304128 bytes (39.8%)
(RDMA_READ_CONSUME_CHECK_CONSUMER) timestamp=9979 ms, used_size=16302080 bytes (39.8%)
(RDMA_READ_CONSUME_CHECK_CONSUMER) timestamp=9979 ms, used_size=16300032 bytes (39.8%)
(RDMA_READ_CONSUME_CHECK_CONSUMER) timestamp=9979 ms, used_size=16297984 bytes (39.8%)
(RDMA_READ_CONSUME_CHECK_CONSUMER) timestamp=9979 ms, used_size=16295936 bytes (39.8%)
(RDMA_READ_CONSUME_CHECK_CONSUMER) timestamp=9979 ms, used_size=16293888 bytes (39.8%)
(RDMA_READ_CONSUME_CHECK_CONSUMER) timestamp=9979 ms, used_size=16291840 bytes (39.8%)
(RDMA_READ_CONSUME_CHECK_CONSUMER) timestamp=9979 ms, used_size=16289792 bytes (39.8%)
(RDMA_READ_CONSUME_CHECK_CONSUMER) timestamp=9979 ms, used_size=16287744 bytes (39.8%)
(RDMA_READ_CONSUME_CHECK_CONSUMER) timestamp=9979 ms, used_size=16285696 bytes (39.8%)
(RDMA_READ_CONSUME_CHECK_CONSUMER) timestamp=9979 ms, used_size=16283648 bytes (39.8%)
(RDMA_READ_CONSUME_CHECK_CONSUMER) timestamp=9979 ms, used_size=16281600 bytes (39.8%)
(RDMA_READ_CONSUME_CHECK_CONSUMER) timestamp=9979 ms, used_size=16279552 bytes (39.7%)
(RDMA_READ_CONSUME_CHECK_CONSUMER) timestamp=9979 ms, used_size=16277504 bytes (39.7%)
(RDMA_READ_CONSUME_CHECK_CONSUMER) timestamp=9979 ms, used_size=16275456 bytes (39.7%)
(RDMA_READ_CONSUME_CHECK_CONSUMER) timestamp=9979 ms, used_size=16273408 bytes (39.7%)
(RDMA_READ_CONSUME_CHECK_CONSUMER) timestamp=9979 ms, used_size=16271360 bytes (39.7%)
(RDMA_READ_CONSUME_CHECK_CONSUMER) timestamp=9979 ms, used_size=16269312 bytes (39.7%)
(RDMA_READ_CONSUME_CHECK_CONSUMER) timestamp=9979 ms, used_size=16267264 bytes (39.7%)
(RDMA_READ_CONSUME_CHECK_CONSUMER) timestamp=9979 ms, used_size=16265216 bytes (39.7%)
(RDMA_READ_CONSUME_CHECK_CONSUMER) timestamp=9979 ms, used_size=16263168 bytes (39.7%)
(RDMA_READ_CONSUME_CHECK_CONSUMER) timestamp=9979 ms, used_size=16261120 bytes (39.7%)
(RDMA_READ_CONSUME_CHECK_CONSUMER) timestamp=9979 ms, used_size=16259072 bytes (39.7%)
(RDMA_READ_CONSUME_CHECK_CONSUMER) timestamp=9979 ms, used_size=16257024 bytes (39.7%)
(RDMA_READ_CONSUME_CHECK_CONSUMER) timestamp=9979 ms, used_size=16254976 bytes (39.7%)
(RDMA_READ_CONSUME_CHECK_CONSUMER) timestamp=9979 ms, used_size=16252928 bytes (39.7%)
(RDMA_READ_CONSUME_CHECK_CONSUMER) timestamp=9979 ms, used_size=16250880 bytes (39.7%)
(RDMA_READ_CONSUME_CHECK_CONSUMER) timestamp=9979 ms, used_size=16248832 bytes (39.7%)
(RDMA_READ_CONSUME_CHECK_CONSUMER) timestamp=9979 ms, used_size=16246784 bytes (39.7%)
(RDMA_READ_CONSUME_CHECK_CONSUMER) timestamp=9979 ms, used_size=16244736 bytes (39.7%)
(RDMA_READ_CONSUME_CHECK_CONSUMER) timestamp=9979 ms, used_size=16242688 bytes (39.7%)
(RDMA_READ_CONSUME_CHECK_CONSUMER) timestamp=9979 ms, used_size=16240640 bytes (39.6%)
(RDMA_READ_CONSUME_CHECK_CONSUMER) timestamp=9979 ms, used_size=16238592 bytes (39.6%)
(RDMA_READ_CONSUME_CHECK_CONSUMER) timestamp=9979 ms, used_size=16236544 bytes (39.6%)
(RDMA_READ_CONSUME_CHECK_CONSUMER) timestamp=9979 ms, used_size=16234496 bytes (39.6%)
(RDMA_READ_CONSUME_CHECK_CONSUMER) timestamp=9979 ms, used_size=16232448 bytes (39.6%)
(RDMA_READ_CONSUME_CHECK_CONSUMER) timestamp=9979 ms, used_size=16230400 bytes (39.6%)
(RDMA_READ_CONSUME_CHECK_CONSUMER) timestamp=9979 ms, used_size=16228352 bytes (39.6%)
(RDMA_READ_CONSUME_CHECK_CONSUMER) timestamp=9979 ms, used_size=16226304 bytes (39.6%)
(RDMA_READ_CONSUME_CHECK_CONSUMER) timestamp=9979 ms, used_size=16224256 bytes (39.6%)
(RDMA_READ_CONSUME_CHECK_CONSUMER) timestamp=9979 ms, used_size=16222208 bytes (39.6%)
(RDMA_READ_CONSUME_CHECK_CONSUMER) timestamp=9979 ms, used_size=16220160 bytes (39.6%)
(RDMA_READ_CONSUME_CHECK_CONSUMER) timestamp=9979 ms, used_size=16218112 bytes (39.6%)
(RDMA_READ_CONSUME_CHECK_CONSUMER) timestamp=9979 ms, used_size=16216064 bytes (39.6%)
(RDMA_READ_CONSUME_CHECK_CONSUMER) timestamp=9979 ms, used_size=16214016 bytes (39.6%)
(RDMA_READ_CONSUME_CHECK_CONSUMER) timestamp=9979 ms, used_size=16211968 bytes (39.6%)
(RDMA_READ_CONSUME_CHECK_CONSUMER) timestamp=9979 ms, used_size=16209920 bytes (39.6%)
(RDMA_READ_CONSUME_CHECK_CONSUMER) timestamp=9979 ms, used_size=16207872 bytes (39.6%)
(RDMA_READ_CONSUME_CHECK_CONSUMER) timestamp=9979 ms, used_size=16205824 bytes (39.6%)
(RDMA_READ_CONSUME_CHECK_CONSUMER) timestamp=9979 ms, used_size=16203776 bytes (39.6%)
(RDMA_READ_CONSUME_CHECK_CONSUMER) timestamp=9979 ms, used_size=16201728 bytes (39.6%)
(RDMA_READ_CONSUME_CHECK_CONSUMER) timestamp=9979 ms, used_size=16199680 bytes (39.5%)
(RDMA_READ_CONSUME_CHECK_CONSUMER) timestamp=9979 ms, used_size=16197632 bytes (39.5%)
(RDMA_READ_CONSUME_CHECK_CONSUMER) timestamp=9979 ms, used_size=16195584 bytes (39.5%)
(RDMA_READ_CONSUME_CHECK_CONSUMER) timestamp=9979 ms, used_size=16193536 bytes (39.5%)
(RDMA_READ_CONSUME_CHECK_CONSUMER) timestamp=9979 ms, used_size=16191488 bytes (39.5%)
(RDMA_READ_CONSUME_CHECK_CONSUMER) timestamp=9979 ms, used_size=16189440 bytes (39.5%)
(RDMA_READ_CONSUME_CHECK_CONSUMER) timestamp=9979 ms, used_size=16187392 bytes (39.5%)
(RDMA_READ_CONSUME_CHECK_CONSUMER) timestamp=9979 ms, used_size=16185344 bytes (39.5%)
(RDMA_READ_CONSUME_CHECK_CONSUMER) timestamp=9979 ms, used_size=16183296 bytes (39.5%)
(RDMA_READ_CONSUME_CHECK_CONSUMER) timestamp=9979 ms, used_size=16181248 bytes (39.5%)
(RDMA_READ_CONSUME_CHECK_CONSUMER) timestamp=9979 ms, used_size=16179200 bytes (39.5%)
(RDMA_READ_CONSUME_CHECK_CONSUMER) timestamp=9979 ms, used_size=16177152 bytes (39.5%)
(RDMA_READ_CONSUME_CHECK_CONSUMER) timestamp=9979 ms, used_size=16175104 bytes (39.5%)
(RDMA_READ_CONSUME_CHECK_CONSUMER) timestamp=9979 ms, used_size=16173056 bytes (39.5%)
(RDMA_READ_CONSUME_CHECK_CONSUMER) timestamp=9979 ms, used_size=16171008 bytes (39.5%)
(RDMA_READ_CONSUME_CHECK_CONSUMER) timestamp=9979 ms, used_size=16168960 bytes (39.5%)
(RDMA_READ_CONSUME_CHECK_CONSUMER) timestamp=9979 ms, used_size=16166912 bytes (39.5%)
(RDMA_READ_CONSUME_CHECK_CONSUMER) timestamp=9979 ms, used_size=16164864 bytes (39.5%)
(RDMA_READ_CONSUME_CHECK_CONSUMER) timestamp=9979 ms, used_size=16162816 bytes (39.5%)
(RDMA_READ_CONSUME_CHECK_CONSUMER) timestamp=9979 ms, used_size=16160768 bytes (39.5%)
(RDMA_READ_CONSUME_CHECK_CONSUMER) timestamp=9979 ms, used_size=16158720 bytes (39.5%)
(RDMA_READ_CONSUME_CHECK_CONSUMER) timestamp=9979 ms, used_size=16156672 bytes (39.4%)
(RDMA_READ_CONSUME_CHECK_CONSUMER) timestamp=9979 ms, used_size=16154624 bytes (39.4%)
(RDMA_READ_CONSUME_CHECK_CONSUMER) timestamp=9979 ms, used_size=16152576 bytes (39.4%)
(RDMA_READ_CONSUME_CHECK_CONSUMER) timestamp=9979 ms, used_size=16150528 bytes (39.4%)
(RDMA_READ_CONSUME_CHECK_CONSUMER) timestamp=9979 ms, used_size=16148480 bytes (39.4%)
(RDMA_READ_CONSUME_CHECK_CONSUMER) timestamp=9979 ms, used_size=16146432 bytes (39.4%)
(RDMA_READ_CONSUME_CHECK_CONSUMER) timestamp=9979 ms, used_size=16144384 bytes (39.4%)
(RDMA_READ_CONSUME_CHECK_CONSUMER) timestamp=9979 ms, used_size=16142336 bytes (39.4%)
(RDMA_READ_CONSUME_CHECK_CONSUMER) timestamp=9979 ms, used_size=16140288 bytes (39.4%)
(RDMA_READ_CONSUME_CHECK_CONSUMER) timestamp=9979 ms, used_size=16138240 bytes (39.4%)
(RDMA_READ_CONSUME_CHECK_CONSUMER) timestamp=9979 ms, used_size=16136192 bytes (39.4%)
(RDMA_READ_CONSUME_CHECK_CONSUMER) timestamp=9979 ms, used_size=16134144 bytes (39.4%)
(RDMA_READ_CONSUME_CHECK_CONSUMER) timestamp=9979 ms, used_size=16132096 bytes (39.4%)
(RDMA_READ_CONSUME_CHECK_CONSUMER) timestamp=9979 ms, used_size=16130048 bytes (39.4%)
(RDMA_READ_CONSUME_CHECK_CONSUMER) timestamp=9979 ms, used_size=16128000 bytes (39.4%)
(RDMA_READ_CONSUME_CHECK_CONSUMER) timestamp=9979 ms, used_size=16125952 bytes (39.4%)
(RDMA_READ_CONSUME_CHECK_CONSUMER) timestamp=9979 ms, used_size=16123904 bytes (39.4%)
(RDMA_READ_CONSUME_CHECK_CONSUMER) timestamp=9979 ms, used_size=16121856 bytes (39.4%)
(RDMA_READ_CONSUME_CHECK_CONSUMER) timestamp=9979 ms, used_size=16119808 bytes (39.4%)
(RDMA_READ_CONSUME_CHECK_CONSUMER) timestamp=9979 ms, used_size=16117760 bytes (39.4%)
(RDMA_READ_CONSUME_CHECK_CONSUMER) timestamp=9979 ms, used_size=16115712 bytes (39.3%)
(RDMA_READ_CONSUME_CHECK_CONSUMER) timestamp=9979 ms, used_size=16113664 bytes (39.3%)
(RDMA_READ_CONSUME_CHECK_CONSUMER) timestamp=9979 ms, used_size=16111616 bytes (39.3%)
(RDMA_READ_CONSUME_CHECK_CONSUMER) timestamp=9979 ms, used_size=16109568 bytes (39.3%)
(RDMA_READ_CONSUME_CHECK_CONSUMER) timestamp=9979 ms, used_size=16107520 bytes (39.3%)
(RDMA_READ_CONSUME_CHECK_CONSUMER) timestamp=9979 ms, used_size=16105472 bytes (39.3%)
(RDMA_READ_CONSUME_CHECK_CONSUMER) timestamp=9979 ms, used_size=16103424 bytes (39.3%)
(RDMA_READ_CONSUME_CHECK_CONSUMER) timestamp=9979 ms, used_size=16101376 bytes (39.3%)
(RDMA_READ_CONSUME_CHECK_CONSUMER) timestamp=9979 ms, used_size=16099328 bytes (39.3%)
(RDMA_READ_CONSUME_CHECK_CONSUMER) timestamp=9979 ms, used_size=16097280 bytes (39.3%)
(RDMA_READ_CONSUME_CHECK_CONSUMER) timestamp=9979 ms, used_size=16095232 bytes (39.3%)
(RDMA_READ_CONSUME_CHECK_CONSUMER) timestamp=9979 ms, used_size=16093184 bytes (39.3%)
(RDMA_READ_CONSUME_CHECK_CONSUMER) timestamp=9979 ms, used_size=16091136 bytes (39.3%)
(RDMA_READ_CONSUME_CHECK_CONSUMER) timestamp=9979 ms, used_size=16089088 bytes (39.3%)
(RDMA_READ_CONSUME_CHECK_CONSUMER) timestamp=9979 ms, used_size=16087040 bytes (39.3%)
(RDMA_READ_CONSUME_CHECK_CONSUMER) timestamp=9979 ms, used_size=16084992 bytes (39.3%)
(RDMA_READ_CONSUME_CHECK_CONSUMER) timestamp=9979 ms, used_size=16082944 bytes (39.3%)
(RDMA_READ_CONSUME_CHECK_CONSUMER) timestamp=9979 ms, used_size=16080896 bytes (39.3%)
(RDMA_READ_CONSUME_CHECK_CONSUMER) timestamp=9979 ms, used_size=16078848 bytes (39.3%)
(RDMA_READ_CONSUME_CHECK_CONSUMER) timestamp=9979 ms, used_size=16076800 bytes (39.2%)
(RDMA_READ_CONSUME_CHECK_CONSUMER) timestamp=9979 ms, used_size=16074752 bytes (39.2%)
(RDMA_READ_CONSUME_CHECK_CONSUMER) timestamp=9979 ms, used_size=16072704 bytes (39.2%)
(RDMA_READ_CONSUME_CHECK_CONSUMER) timestamp=9979 ms, used_size=16070656 bytes (39.2%)
(RDMA_READ_CONSUME_CHECK_CONSUMER) timestamp=9979 ms, used_size=16068608 bytes (39.2%)
(RDMA_READ_CONSUME_CHECK_CONSUMER) timestamp=9979 ms, used_size=16066560 bytes (39.2%)
(RDMA_READ_CONSUME_CHECK_CONSUMER) timestamp=9979 ms, used_size=16064512 bytes (39.2%)
(RDMA_READ_CONSUME_CHECK_CONSUMER) timestamp=9979 ms, used_size=16062464 bytes (39.2%)
(RDMA_READ_CONSUME_CHECK_CONSUMER) timestamp=9979 ms, used_size=16060416 bytes (39.2%)
(RDMA_READ_CONSUME_CHECK_CONSUMER) timestamp=9979 ms, used_size=16058368 bytes (39.2%)
(RDMA_READ_CONSUME_CHECK_CONSUMER) timestamp=9979 ms, used_size=16056320 bytes (39.2%)
(RDMA_READ_CONSUME_CHECK_CONSUMER) timestamp=9979 ms, used_size=16054272 bytes (39.2%)
(RDMA_READ_CONSUME_CHECK_CONSUMER) timestamp=9979 ms, used_size=16052224 bytes (39.2%)
(RDMA_READ_CONSUME_CHECK_CONSUMER) timestamp=9979 ms, used_size=16050176 bytes (39.2%)
(RDMA_READ_CONSUME_CHECK_CONSUMER) timestamp=9979 ms, used_size=16048128 bytes (39.2%)
(RDMA_READ_CONSUME_CHECK_CONSUMER) timestamp=9979 ms, used_size=16046080 bytes (39.2%)
(RDMA_READ_CONSUME_CHECK_CONSUMER) timestamp=9979 ms, used_size=16044032 bytes (39.2%)
(RDMA_READ_CONSUME_CHECK_CONSUMER) timestamp=9979 ms, used_size=16041984 bytes (39.2%)
(RDMA_READ_CONSUME_CHECK_CONSUMER) timestamp=9979 ms, used_size=16039936 bytes (39.2%)
(RDMA_READ_CONSUME_CHECK_CONSUMER) timestamp=9979 ms, used_size=16037888 bytes (39.2%)
(RDMA_READ_CONSUME_CHECK_CONSUMER) timestamp=9979 ms, used_size=16035840 bytes (39.1%)
(RDMA_READ_CONSUME_CHECK_CONSUMER) timestamp=9979 ms, used_size=16033792 bytes (39.1%)
(RDMA_READ_CONSUME_CHECK_CONSUMER) timestamp=9979 ms, used_size=16031744 bytes (39.1%)
(RDMA_READ_CONSUME_CHECK_CONSUMER) timestamp=9979 ms, used_size=16029696 bytes (39.1%)
(RDMA_READ_CONSUME_CHECK_CONSUMER) timestamp=9979 ms, used_size=16027648 bytes (39.1%)
(RDMA_READ_CONSUME_CHECK_CONSUMER) timestamp=9979 ms, used_size=16025600 bytes (39.1%)
(RDMA_READ_CONSUME_CHECK_CONSUMER) timestamp=9979 ms, used_size=16023552 bytes (39.1%)
(RDMA_READ_CONSUME_CHECK_CONSUMER) timestamp=9979 ms, used_size=16021504 bytes (39.1%)
(RDMA_READ_CONSUME_CHECK_CONSUMER) timestamp=9979 ms, used_size=16019456 bytes (39.1%)
(RDMA_READ_CONSUME_CHECK_CONSUMER) timestamp=9979 ms, used_size=16017408 bytes (39.1%)
(RDMA_READ_CONSUME_CHECK_CONSUMER) timestamp=9979 ms, used_size=16015360 bytes (39.1%)
(RDMA_READ_CONSUME_CHECK_CONSUMER) timestamp=9980 ms, used_size=16013312 bytes (39.1%)
(RDMA_READ_CONSUME_CHECK_CONSUMER) timestamp=9980 ms, used_size=16011264 bytes (39.1%)
(RDMA_READ_CONSUME_CHECK_CONSUMER) timestamp=9980 ms, used_size=16009216 bytes (39.1%)
(RDMA_READ_CONSUME_CHECK_CONSUMER) timestamp=9980 ms, used_size=16007168 bytes (39.1%)
(RDMA_READ_CONSUME_CHECK_CONSUMER) timestamp=9980 ms, used_size=16005120 bytes (39.1%)
(RDMA_READ_CONSUME_CHECK_CONSUMER) timestamp=9980 ms, used_size=16003072 bytes (39.1%)
(RDMA_READ_CONSUME_CHECK_CONSUMER) timestamp=9980 ms, used_size=16001024 bytes (39.1%)
(RDMA_READ_CONSUME_CHECK_CONSUMER) timestamp=9980 ms, used_size=15998976 bytes (39.1%)
(RDMA_READ_CONSUME_CHECK_CONSUMER) timestamp=9980 ms, used_size=15996928 bytes (39.1%)
(RDMA_READ_CONSUME_CHECK_CONSUMER) timestamp=9980 ms, used_size=15994880 bytes (39.0%)
(RDMA_READ_CONSUME_CHECK_CONSUMER) timestamp=9980 ms, used_size=15992832 bytes (39.0%)
(RDMA_READ_CONSUME_CHECK_CONSUMER) timestamp=9980 ms, used_size=15990784 bytes (39.0%)
(RDMA_READ_CONSUME_CHECK_CONSUMER) timestamp=9980 ms, used_size=15988736 bytes (39.0%)
(RDMA_READ_CONSUME_CHECK_CONSUMER) timestamp=9980 ms, used_size=15986688 bytes (39.0%)
(RDMA_READ_CONSUME_CHECK_CONSUMER) timestamp=9980 ms, used_size=15984640 bytes (39.0%)
(RDMA_READ_CONSUME_CHECK_CONSUMER) timestamp=9980 ms, used_size=15982592 bytes (39.0%)
(RDMA_READ_CONSUME_CHECK_CONSUMER) timestamp=9980 ms, used_size=15980544 bytes (39.0%)
(RDMA_READ_CONSUME_CHECK_CONSUMER) timestamp=9980 ms, used_size=15978496 bytes (39.0%)
(RDMA_READ_CONSUME_CHECK_CONSUMER) timestamp=9980 ms, used_size=15976448 bytes (39.0%)
(RDMA_READ_CONSUME_CHECK_CONSUMER) timestamp=9980 ms, used_size=15974400 bytes (39.0%)
(RDMA_READ_CONSUME_CHECK_CONSUMER) timestamp=9980 ms, used_size=15972352 bytes (39.0%)
(RDMA_READ_CONSUME_CHECK_CONSUMER) timestamp=9980 ms, used_size=15970304 bytes (39.0%)
(RDMA_READ_CONSUME_CHECK_CONSUMER) timestamp=9980 ms, used_size=15968256 bytes (39.0%)
(RDMA_READ_CONSUME_CHECK_CONSUMER) timestamp=9980 ms, used_size=15966208 bytes (39.0%)
(RDMA_READ_CONSUME_CHECK_CONSUMER) timestamp=9980 ms, used_size=15964160 bytes (39.0%)
(RDMA_READ_CONSUME_CHECK_CONSUMER) timestamp=9980 ms, used_size=15962112 bytes (39.0%)
(RDMA_READ_CONSUME_CHECK_CONSUMER) timestamp=9980 ms, used_size=15960064 bytes (39.0%)
(RDMA_READ_CONSUME_CHECK_CONSUMER) timestamp=9980 ms, used_size=15958016 bytes (39.0%)
(RDMA_READ_CONSUME_CHECK_CONSUMER) timestamp=9980 ms, used_size=15955968 bytes (39.0%)
(RDMA_READ_CONSUME_CHECK_CONSUMER) timestamp=9980 ms, used_size=15953920 bytes (39.0%)
(RDMA_READ_CONSUME_CHECK_CONSUMER) timestamp=9980 ms, used_size=15951872 bytes (38.9%)
(RDMA_READ_CONSUME_CHECK_CONSUMER) timestamp=9980 ms, used_size=15949824 bytes (38.9%)
(RDMA_READ_CONSUME_CHECK_CONSUMER) timestamp=9980 ms, used_size=15947776 bytes (38.9%)
(RDMA_READ_CONSUME_CHECK_CONSUMER) timestamp=9980 ms, used_size=15945728 bytes (38.9%)
(RDMA_READ_CONSUME_CHECK_CONSUMER) timestamp=9980 ms, used_size=15943680 bytes (38.9%)
(RDMA_READ_CONSUME_CHECK_CONSUMER) timestamp=9980 ms, used_size=15941632 bytes (38.9%)
(RDMA_READ_CONSUME_CHECK_CONSUMER) timestamp=9980 ms, used_size=15939584 bytes (38.9%)
(RDMA_READ_CONSUME_CHECK_CONSUMER) timestamp=9980 ms, used_size=15937536 bytes (38.9%)
(RDMA_READ_CONSUME_CHECK_CONSUMER) timestamp=9980 ms, used_size=15935488 bytes (38.9%)
(RDMA_READ_CONSUME_CHECK_CONSUMER) timestamp=9980 ms, used_size=15933440 bytes (38.9%)
(RDMA_READ_CONSUME_CHECK_CONSUMER) timestamp=9980 ms, used_size=15931392 bytes (38.9%)
(RDMA_READ_CONSUME_CHECK_CONSUMER) timestamp=9980 ms, used_size=15929344 bytes (38.9%)
(RDMA_READ_CONSUME_CHECK_CONSUMER) timestamp=9980 ms, used_size=15927296 bytes (38.9%)
(RDMA_READ_CONSUME_CHECK_CONSUMER) timestamp=9980 ms, used_size=15925248 bytes (38.9%)
(RDMA_READ_CONSUME_CHECK_CONSUMER) timestamp=9980 ms, used_size=15923200 bytes (38.9%)
(RDMA_READ_CONSUME_CHECK_CONSUMER) timestamp=9980 ms, used_size=15921152 bytes (38.9%)
(RDMA_READ_CONSUME_CHECK_CONSUMER) timestamp=9980 ms, used_size=15919104 bytes (38.9%)
(RDMA_READ_CONSUME_CHECK_CONSUMER) timestamp=9980 ms, used_size=15917056 bytes (38.9%)
(RDMA_READ_CONSUME_CHECK_CONSUMER) timestamp=9980 ms, used_size=15915008 bytes (38.9%)
(RDMA_READ_CONSUME_CHECK_CONSUMER) timestamp=9980 ms, used_size=15912960 bytes (38.9%)
(RDMA_READ_CONSUME_CHECK_CONSUMER) timestamp=9980 ms, used_size=15910912 bytes (38.8%)
(RDMA_READ_CONSUME_CHECK_CONSUMER) timestamp=9980 ms, used_size=15908864 bytes (38.8%)
(RDMA_READ_CONSUME_CHECK_CONSUMER) timestamp=9980 ms, used_size=15906816 bytes (38.8%)
(RDMA_READ_CONSUME_CHECK_CONSUMER) timestamp=9980 ms, used_size=15904768 bytes (38.8%)
(RDMA_READ_CONSUME_CHECK_CONSUMER) timestamp=9980 ms, used_size=15902720 bytes (38.8%)
(RDMA_READ_CONSUME_CHECK_CONSUMER) timestamp=9980 ms, used_size=15900672 bytes (38.8%)
(RDMA_READ_CONSUME_CHECK_CONSUMER) timestamp=9980 ms, used_size=15898624 bytes (38.8%)
(RDMA_READ_CONSUME_CHECK_CONSUMER) timestamp=9980 ms, used_size=15896576 bytes (38.8%)
(RDMA_READ_CONSUME_CHECK_CONSUMER) timestamp=9980 ms, used_size=15894528 bytes (38.8%)
(RDMA_READ_CONSUME_CHECK_CONSUMER) timestamp=9980 ms, used_size=15892480 bytes (38.8%)
(RDMA_READ_CONSUME_CHECK_CONSUMER) timestamp=9980 ms, used_size=15890432 bytes (38.8%)
(RDMA_READ_CONSUME_CHECK_CONSUMER) timestamp=9980 ms, used_size=15888384 bytes (38.8%)
(RDMA_READ_CONSUME_CHECK_CONSUMER) timestamp=9980 ms, used_size=15886336 bytes (38.8%)
(RDMA_READ_CONSUME_CHECK_CONSUMER) timestamp=9980 ms, used_size=15884288 bytes (38.8%)
(RDMA_READ_CONSUME_CHECK_CONSUMER) timestamp=9980 ms, used_size=15882240 bytes (38.8%)
(RDMA_READ_CONSUME_CHECK_CONSUMER) timestamp=9980 ms, used_size=15880192 bytes (38.8%)
(RDMA_READ_CONSUME_CHECK_CONSUMER) timestamp=9980 ms, used_size=15878144 bytes (38.8%)
(RDMA_READ_CONSUME_CHECK_CONSUMER) timestamp=9980 ms, used_size=15876096 bytes (38.8%)
(RDMA_READ_CONSUME_CHECK_CONSUMER) timestamp=9980 ms, used_size=15874048 bytes (38.8%)
(RDMA_READ_CONSUME_CHECK_CONSUMER) timestamp=9980 ms, used_size=15872000 bytes (38.8%)
(RDMA_READ_CONSUME_CHECK_CONSUMER) timestamp=9980 ms, used_size=15869952 bytes (38.7%)
(RDMA_READ_CONSUME_CHECK_CONSUMER) timestamp=9980 ms, used_size=15867904 bytes (38.7%)
(RDMA_READ_CONSUME_CHECK_CONSUMER) timestamp=9980 ms, used_size=15865856 bytes (38.7%)
(RDMA_READ_CONSUME_CHECK_CONSUMER) timestamp=9980 ms, used_size=15863808 bytes (38.7%)
(RDMA_READ_CONSUME_CHECK_CONSUMER) timestamp=9980 ms, used_size=15861760 bytes (38.7%)
(RDMA_READ_CONSUME_CHECK_CONSUMER) timestamp=9980 ms, used_size=15859712 bytes (38.7%)
(RDMA_READ_CONSUME_CHECK_CONSUMER) timestamp=9980 ms, used_size=15857664 bytes (38.7%)
(RDMA_READ_CONSUME_CHECK_CONSUMER) timestamp=9980 ms, used_size=15855616 bytes (38.7%)
(RDMA_READ_CONSUME_CHECK_CONSUMER) timestamp=9980 ms, used_size=15853568 bytes (38.7%)
(RDMA_READ_CONSUME_CHECK_CONSUMER) timestamp=9980 ms, used_size=15851520 bytes (38.7%)
(RDMA_READ_CONSUME_CHECK_CONSUMER) timestamp=9980 ms, used_size=15849472 bytes (38.7%)
(RDMA_READ_CONSUME_CHECK_CONSUMER) timestamp=9980 ms, used_size=15847424 bytes (38.7%)
(RDMA_READ_CONSUME_CHECK_CONSUMER) timestamp=9980 ms, used_size=15845376 bytes (38.7%)
(RDMA_READ_CONSUME_CHECK_CONSUMER) timestamp=9980 ms, used_size=15843328 bytes (38.7%)
(RDMA_READ_CONSUME_CHECK_CONSUMER) timestamp=9980 ms, used_size=15841280 bytes (38.7%)
(RDMA_READ_CONSUME_CHECK_CONSUMER) timestamp=9980 ms, used_size=15839232 bytes (38.7%)
(RDMA_READ_CONSUME_CHECK_CONSUMER) timestamp=9980 ms, used_size=15837184 bytes (38.7%)
(RDMA_READ_CONSUME_CHECK_CONSUMER) timestamp=9980 ms, used_size=15835136 bytes (38.7%)
(RDMA_READ_CONSUME_CHECK_CONSUMER) timestamp=9980 ms, used_size=15833088 bytes (38.7%)
(RDMA_READ_CONSUME_CHECK_CONSUMER) timestamp=9980 ms, used_size=15831040 bytes (38.6%)
(RDMA_READ_CONSUME_CHECK_CONSUMER) timestamp=9980 ms, used_size=15828992 bytes (38.6%)
(RDMA_READ_CONSUME_CHECK_CONSUMER) timestamp=9980 ms, used_size=15826944 bytes (38.6%)
(RDMA_READ_CONSUME_CHECK_CONSUMER) timestamp=9980 ms, used_size=15824896 bytes (38.6%)
(RDMA_READ_CONSUME_CHECK_CONSUMER) timestamp=9980 ms, used_size=15822848 bytes (38.6%)
(RDMA_READ_CONSUME_CHECK_CONSUMER) timestamp=9980 ms, used_size=15820800 bytes (38.6%)
(RDMA_READ_CONSUME_CHECK_CONSUMER) timestamp=9980 ms, used_size=15818752 bytes (38.6%)
(RDMA_READ_CONSUME_CHECK_CONSUMER) timestamp=9980 ms, used_size=15816704 bytes (38.6%)
(RDMA_READ_CONSUME_CHECK_CONSUMER) timestamp=9980 ms, used_size=15814656 bytes (38.6%)
(RDMA_READ_CONSUME_CHECK_CONSUMER) timestamp=9980 ms, used_size=15812608 bytes (38.6%)
(RDMA_READ_CONSUME_CHECK_CONSUMER) timestamp=9980 ms, used_size=15810560 bytes (38.6%)
(RDMA_READ_CONSUME_CHECK_CONSUMER) timestamp=9980 ms, used_size=15808512 bytes (38.6%)
(RDMA_READ_CONSUME_CHECK_CONSUMER) timestamp=9980 ms, used_size=15806464 bytes (38.6%)
(RDMA_READ_CONSUME_CHECK_CONSUMER) timestamp=9980 ms, used_size=15804416 bytes (38.6%)
(RDMA_READ_CONSUME_CHECK_CONSUMER) timestamp=9980 ms, used_size=15802368 bytes (38.6%)
(RDMA_READ_CONSUME_CHECK_CONSUMER) timestamp=9980 ms, used_size=15800320 bytes (38.6%)
(RDMA_READ_CONSUME_CHECK_CONSUMER) timestamp=9980 ms, used_size=15798272 bytes (38.6%)
(RDMA_READ_CONSUME_CHECK_CONSUMER) timestamp=9980 ms, used_size=15796224 bytes (38.6%)
(RDMA_READ_CONSUME_CHECK_CONSUMER) timestamp=9980 ms, used_size=15794176 bytes (38.6%)
(RDMA_READ_CONSUME_CHECK_CONSUMER) timestamp=9980 ms, used_size=15792128 bytes (38.6%)
(RDMA_READ_CONSUME_CHECK_CONSUMER) timestamp=9980 ms, used_size=15790080 bytes (38.5%)
(RDMA_READ_CONSUME_CHECK_CONSUMER) timestamp=9980 ms, used_size=15788032 bytes (38.5%)
(RDMA_READ_CONSUME_CHECK_CONSUMER) timestamp=9980 ms, used_size=15785984 bytes (38.5%)
(RDMA_READ_CONSUME_CHECK_CONSUMER) timestamp=9980 ms, used_size=15783936 bytes (38.5%)
(RDMA_READ_CONSUME_CHECK_CONSUMER) timestamp=9980 ms, used_size=15781888 bytes (38.5%)
(RDMA_READ_CONSUME_CHECK_CONSUMER) timestamp=9980 ms, used_size=15779840 bytes (38.5%)
(RDMA_READ_CONSUME_CHECK_CONSUMER) timestamp=9980 ms, used_size=15777792 bytes (38.5%)
(RDMA_READ_CONSUME_CHECK_CONSUMER) timestamp=9980 ms, used_size=15775744 bytes (38.5%)
(RDMA_READ_CONSUME_CHECK_CONSUMER) timestamp=9980 ms, used_size=15773696 bytes (38.5%)
(RDMA_READ_CONSUME_CHECK_CONSUMER) timestamp=9980 ms, used_size=15771648 bytes (38.5%)
(RDMA_READ_CONSUME_CHECK_CONSUMER) timestamp=9980 ms, used_size=15769600 bytes (38.5%)
(RDMA_READ_CONSUME_CHECK_CONSUMER) timestamp=9980 ms, used_size=15767552 bytes (38.5%)
(RDMA_READ_CONSUME_CHECK_CONSUMER) timestamp=9980 ms, used_size=15765504 bytes (38.5%)
(RDMA_READ_CONSUME_CHECK_CONSUMER) timestamp=9980 ms, used_size=15763456 bytes (38.5%)
(RDMA_READ_CONSUME_CHECK_CONSUMER) timestamp=9980 ms, used_size=15761408 bytes (38.5%)
(RDMA_READ_CONSUME_CHECK_CONSUMER) timestamp=9980 ms, used_size=15759360 bytes (38.5%)
(RDMA_READ_CONSUME_CHECK_CONSUMER) timestamp=9980 ms, used_size=15757312 bytes (38.5%)
(RDMA_READ_CONSUME_CHECK_CONSUMER) timestamp=9980 ms, used_size=15755264 bytes (38.5%)
(RDMA_READ_CONSUME_CHECK_CONSUMER) timestamp=9980 ms, used_size=15753216 bytes (38.5%)
(RDMA_READ_CONSUME_CHECK_CONSUMER) timestamp=9980 ms, used_size=15751168 bytes (38.5%)
(RDMA_READ_CONSUME_CHECK_CONSUMER) timestamp=9980 ms, used_size=15749120 bytes (38.5%)
(RDMA_READ_CONSUME_CHECK_CONSUMER) timestamp=9980 ms, used_size=15747072 bytes (38.4%)
(RDMA_READ_CONSUME_CHECK_CONSUMER) timestamp=9980 ms, used_size=15745024 bytes (38.4%)
(RDMA_READ_CONSUME_CHECK_CONSUMER) timestamp=9980 ms, used_size=15742976 bytes (38.4%)
(RDMA_READ_CONSUME_CHECK_CONSUMER) timestamp=9980 ms, used_size=15740928 bytes (38.4%)
(RDMA_READ_CONSUME_CHECK_CONSUMER) timestamp=9980 ms, used_size=15738880 bytes (38.4%)
(RDMA_READ_CONSUME_CHECK_CONSUMER) timestamp=9980 ms, used_size=15736832 bytes (38.4%)
(RDMA_READ_CONSUME_CHECK_CONSUMER) timestamp=9980 ms, used_size=15734784 bytes (38.4%)
(RDMA_READ_CONSUME_CHECK_CONSUMER) timestamp=9980 ms, used_size=15732736 bytes (38.4%)
(RDMA_READ_CONSUME_CHECK_CONSUMER) timestamp=9980 ms, used_size=15730688 bytes (38.4%)
(RDMA_READ_CONSUME_CHECK_CONSUMER) timestamp=9980 ms, used_size=15728640 bytes (38.4%)
(RDMA_READ_CONSUME_CHECK_CONSUMER) timestamp=9980 ms, used_size=15726592 bytes (38.4%)
(RDMA_READ_CONSUME_CHECK_CONSUMER) timestamp=9980 ms, used_size=15724544 bytes (38.4%)
(RDMA_READ_CONSUME_CHECK_CONSUMER) timestamp=9980 ms, used_size=15722496 bytes (38.4%)
(RDMA_READ_CONSUME_CHECK_CONSUMER) timestamp=9980 ms, used_size=15720448 bytes (38.4%)
(RDMA_READ_CONSUME_CHECK_CONSUMER) timestamp=9980 ms, used_size=15718400 bytes (38.4%)
(RDMA_READ_CONSUME_CHECK_CONSUMER) timestamp=9980 ms, used_size=15716352 bytes (38.4%)
(RDMA_READ_CONSUME_CHECK_CONSUMER) timestamp=9980 ms, used_size=15714304 bytes (38.4%)
(RDMA_READ_CONSUME_CHECK_CONSUMER) timestamp=9980 ms, used_size=15712256 bytes (38.4%)
(RDMA_READ_CONSUME_CHECK_CONSUMER) timestamp=9980 ms, used_size=15710208 bytes (38.4%)
(RDMA_READ_CONSUME_CHECK_CONSUMER) timestamp=9980 ms, used_size=15708160 bytes (38.4%)
(RDMA_READ_CONSUME_CHECK_CONSUMER) timestamp=9980 ms, used_size=15706112 bytes (38.3%)
(RDMA_READ_CONSUME_CHECK_CONSUMER) timestamp=9980 ms, used_size=15704064 bytes (38.3%)
(RDMA_READ_CONSUME_CHECK_CONSUMER) timestamp=9980 ms, used_size=15702016 bytes (38.3%)
(RDMA_READ_CONSUME_CHECK_CONSUMER) timestamp=9980 ms, used_size=15699968 bytes (38.3%)
(RDMA_READ_CONSUME_CHECK_CONSUMER) timestamp=9980 ms, used_size=15697920 bytes (38.3%)
(RDMA_READ_CONSUME_CHECK_CONSUMER) timestamp=9980 ms, used_size=15695872 bytes (38.3%)
(RDMA_READ_CONSUME_CHECK_CONSUMER) timestamp=9980 ms, used_size=15693824 bytes (38.3%)
(RDMA_READ_CONSUME_CHECK_CONSUMER) timestamp=9980 ms, used_size=15691776 bytes (38.3%)
(RDMA_READ_CONSUME_CHECK_CONSUMER) timestamp=9980 ms, used_size=15689728 bytes (38.3%)
(RDMA_READ_CONSUME_CHECK_CONSUMER) timestamp=9980 ms, used_size=15687680 bytes (38.3%)
(RDMA_READ_CONSUME_CHECK_CONSUMER) timestamp=9980 ms, used_size=15685632 bytes (38.3%)
(RDMA_READ_CONSUME_CHECK_CONSUMER) timestamp=9980 ms, used_size=15683584 bytes (38.3%)
(RDMA_READ_CONSUME_CHECK_CONSUMER) timestamp=9980 ms, used_size=15681536 bytes (38.3%)
(RDMA_READ_CONSUME_CHECK_CONSUMER) timestamp=9980 ms, used_size=15679488 bytes (38.3%)
(RDMA_READ_CONSUME_CHECK_CONSUMER) timestamp=9980 ms, used_size=15677440 bytes (38.3%)
(RDMA_READ_CONSUME_CHECK_CONSUMER) timestamp=9980 ms, used_size=15675392 bytes (38.3%)
(RDMA_READ_CONSUME_CHECK_CONSUMER) timestamp=9980 ms, used_size=15673344 bytes (38.3%)
(RDMA_READ_CONSUME_CHECK_CONSUMER) timestamp=9980 ms, used_size=15671296 bytes (38.3%)
(RDMA_READ_CONSUME_CHECK_CONSUMER) timestamp=9980 ms, used_size=15669248 bytes (38.3%)
(RDMA_READ_CONSUME_CHECK_CONSUMER) timestamp=9980 ms, used_size=15667200 bytes (38.2%)
(RDMA_READ_CONSUME_CHECK_CONSUMER) timestamp=9981 ms, used_size=15665152 bytes (38.2%)
(RDMA_READ_CONSUME_CHECK_CONSUMER) timestamp=9981 ms, used_size=15663104 bytes (38.2%)
(RDMA_READ_CONSUME_CHECK_CONSUMER) timestamp=9981 ms, used_size=15661056 bytes (38.2%)
(RDMA_READ_CONSUME_CHECK_CONSUMER) timestamp=9981 ms, used_size=15659008 bytes (38.2%)
(RDMA_READ_CONSUME_CHECK_CONSUMER) timestamp=9981 ms, used_size=15656960 bytes (38.2%)
(RDMA_READ_CONSUME_CHECK_CONSUMER) timestamp=9981 ms, used_size=15654912 bytes (38.2%)
(RDMA_READ_CONSUME_CHECK_CONSUMER) timestamp=9981 ms, used_size=15652864 bytes (38.2%)
(RDMA_READ_CONSUME_CHECK_CONSUMER) timestamp=9981 ms, used_size=15650816 bytes (38.2%)
(RDMA_READ_CONSUME_CHECK_CONSUMER) timestamp=9981 ms, used_size=15648768 bytes (38.2%)
(RDMA_READ_CONSUME_CHECK_CONSUMER) timestamp=9981 ms, used_size=15646720 bytes (38.2%)
(RDMA_READ_CONSUME_CHECK_CONSUMER) timestamp=9981 ms, used_size=15644672 bytes (38.2%)
(RDMA_READ_CONSUME_CHECK_CONSUMER) timestamp=9981 ms, used_size=15642624 bytes (38.2%)
(RDMA_READ_CONSUME_CHECK_CONSUMER) timestamp=9981 ms, used_size=15640576 bytes (38.2%)
(RDMA_READ_CONSUME_CHECK_CONSUMER) timestamp=9981 ms, used_size=15638528 bytes (38.2%)
(RDMA_READ_CONSUME_CHECK_CONSUMER) timestamp=9981 ms, used_size=15636480 bytes (38.2%)
(RDMA_READ_CONSUME_CHECK_CONSUMER) timestamp=9981 ms, used_size=15634432 bytes (38.2%)
(RDMA_READ_CONSUME_CHECK_CONSUMER) timestamp=9981 ms, used_size=15632384 bytes (38.2%)
(RDMA_READ_CONSUME_CHECK_CONSUMER) timestamp=9981 ms, used_size=15630336 bytes (38.2%)
(RDMA_READ_CONSUME_CHECK_CONSUMER) timestamp=9981 ms, used_size=15628288 bytes (38.2%)
(RDMA_READ_CONSUME_CHECK_CONSUMER) timestamp=9981 ms, used_size=15626240 bytes (38.1%)
(RDMA_READ_CONSUME_CHECK_CONSUMER) timestamp=9981 ms, used_size=15624192 bytes (38.1%)
(RDMA_READ_CONSUME_CHECK_CONSUMER) timestamp=9981 ms, used_size=15622144 bytes (38.1%)
(RDMA_READ_CONSUME_CHECK_CONSUMER) timestamp=9981 ms, used_size=15620096 bytes (38.1%)
(RDMA_READ_CONSUME_CHECK_CONSUMER) timestamp=9981 ms, used_size=15618048 bytes (38.1%)
(RDMA_READ_CONSUME_CHECK_CONSUMER) timestamp=9981 ms, used_size=15616000 bytes (38.1%)
(RDMA_READ_CONSUME_CHECK_CONSUMER) timestamp=9981 ms, used_size=15613952 bytes (38.1%)
(RDMA_READ_CONSUME_CHECK_CONSUMER) timestamp=9981 ms, used_size=15611904 bytes (38.1%)
(RDMA_READ_CONSUME_CHECK_CONSUMER) timestamp=9981 ms, used_size=15609856 bytes (38.1%)
(RDMA_READ_CONSUME_CHECK_CONSUMER) timestamp=9981 ms, used_size=15607808 bytes (38.1%)
(RDMA_READ_CONSUME_CHECK_CONSUMER) timestamp=9981 ms, used_size=15605760 bytes (38.1%)
(RDMA_READ_CONSUME_CHECK_CONSUMER) timestamp=9981 ms, used_size=15603712 bytes (38.1%)
(RDMA_READ_CONSUME_CHECK_CONSUMER) timestamp=9981 ms, used_size=15601664 bytes (38.1%)
(RDMA_READ_CONSUME_CHECK_CONSUMER) timestamp=9981 ms, used_size=15599616 bytes (38.1%)
(RDMA_READ_CONSUME_CHECK_CONSUMER) timestamp=9981 ms, used_size=15597568 bytes (38.1%)
(RDMA_READ_CONSUME_CHECK_CONSUMER) timestamp=9981 ms, used_size=15595520 bytes (38.1%)
(RDMA_READ_CONSUME_CHECK_CONSUMER) timestamp=9981 ms, used_size=15593472 bytes (38.1%)
(RDMA_READ_CONSUME_CHECK_CONSUMER) timestamp=9981 ms, used_size=15591424 bytes (38.1%)
(RDMA_READ_CONSUME_CHECK_CONSUMER) timestamp=9981 ms, used_size=15589376 bytes (38.1%)
(RDMA_READ_CONSUME_CHECK_CONSUMER) timestamp=9981 ms, used_size=15587328 bytes (38.1%)
(RDMA_READ_CONSUME_CHECK_CONSUMER) timestamp=9981 ms, used_size=15585280 bytes (38.0%)
(RDMA_READ_CONSUME_CHECK_CONSUMER) timestamp=9981 ms, used_size=15583232 bytes (38.0%)
(RDMA_READ_CONSUME_CHECK_CONSUMER) timestamp=9981 ms, used_size=15581184 bytes (38.0%)
(RDMA_READ_CONSUME_CHECK_CONSUMER) timestamp=9981 ms, used_size=15579136 bytes (38.0%)
(RDMA_READ_CONSUME_CHECK_CONSUMER) timestamp=9981 ms, used_size=15577088 bytes (38.0%)
(RDMA_READ_CONSUME_CHECK_CONSUMER) timestamp=9981 ms, used_size=15575040 bytes (38.0%)
(RDMA_READ_CONSUME_CHECK_CONSUMER) timestamp=9981 ms, used_size=15572992 bytes (38.0%)
(RDMA_READ_CONSUME_CHECK_CONSUMER) timestamp=9981 ms, used_size=15570944 bytes (38.0%)
(RDMA_READ_CONSUME_CHECK_CONSUMER) timestamp=9981 ms, used_size=15568896 bytes (38.0%)
(RDMA_READ_CONSUME_CHECK_CONSUMER) timestamp=9981 ms, used_size=15566848 bytes (38.0%)
(RDMA_READ_CONSUME_CHECK_CONSUMER) timestamp=9981 ms, used_size=15564800 bytes (38.0%)
(RDMA_READ_CONSUME_CHECK_CONSUMER) timestamp=9981 ms, used_size=15562752 bytes (38.0%)
(RDMA_READ_CONSUME_CHECK_CONSUMER) timestamp=9981 ms, used_size=15560704 bytes (38.0%)
(RDMA_READ_CONSUME_CHECK_CONSUMER) timestamp=9981 ms, used_size=15558656 bytes (38.0%)
(RDMA_READ_CONSUME_CHECK_CONSUMER) timestamp=9981 ms, used_size=15556608 bytes (38.0%)
(RDMA_READ_CONSUME_CHECK_CONSUMER) timestamp=9981 ms, used_size=15554560 bytes (38.0%)
(RDMA_READ_CONSUME_CHECK_CONSUMER) timestamp=9981 ms, used_size=15552512 bytes (38.0%)
(RDMA_READ_CONSUME_CHECK_CONSUMER) timestamp=9981 ms, used_size=15550464 bytes (38.0%)
(RDMA_READ_CONSUME_CHECK_CONSUMER) timestamp=9981 ms, used_size=15548416 bytes (38.0%)
(RDMA_READ_CONSUME_CHECK_CONSUMER) timestamp=9981 ms, used_size=15546368 bytes (38.0%)
(RDMA_READ_CONSUME_CHECK_CONSUMER) timestamp=9981 ms, used_size=15544320 bytes (38.0%)
(RDMA_READ_CONSUME_CHECK_CONSUMER) timestamp=9981 ms, used_size=15542272 bytes (37.9%)
(RDMA_READ_CONSUME_CHECK_CONSUMER) timestamp=9981 ms, used_size=15540224 bytes (37.9%)
(RDMA_READ_CONSUME_CHECK_CONSUMER) timestamp=9981 ms, used_size=15538176 bytes (37.9%)
(RDMA_READ_CONSUME_CHECK_CONSUMER) timestamp=9981 ms, used_size=15536128 bytes (37.9%)
(RDMA_READ_CONSUME_CHECK_CONSUMER) timestamp=9981 ms, used_size=15534080 bytes (37.9%)
(RDMA_READ_CONSUME_CHECK_CONSUMER) timestamp=9981 ms, used_size=15532032 bytes (37.9%)
(RDMA_READ_CONSUME_CHECK_CONSUMER) timestamp=9981 ms, used_size=15529984 bytes (37.9%)
(RDMA_READ_CONSUME_CHECK_CONSUMER) timestamp=9981 ms, used_size=15527936 bytes (37.9%)
(RDMA_READ_CONSUME_CHECK_CONSUMER) timestamp=9981 ms, used_size=15525888 bytes (37.9%)
(RDMA_READ_CONSUME_CHECK_CONSUMER) timestamp=9981 ms, used_size=15523840 bytes (37.9%)
(RDMA_READ_CONSUME_CHECK_CONSUMER) timestamp=9981 ms, used_size=15521792 bytes (37.9%)
(RDMA_READ_CONSUME_CHECK_CONSUMER) timestamp=9981 ms, used_size=15519744 bytes (37.9%)
(RDMA_READ_CONSUME_CHECK_CONSUMER) timestamp=9981 ms, used_size=15517696 bytes (37.9%)
(RDMA_READ_CONSUME_CHECK_CONSUMER) timestamp=9981 ms, used_size=15515648 bytes (37.9%)
(RDMA_READ_CONSUME_CHECK_CONSUMER) timestamp=9981 ms, used_size=15513600 bytes (37.9%)
(RDMA_READ_CONSUME_CHECK_CONSUMER) timestamp=9981 ms, used_size=15511552 bytes (37.9%)
(RDMA_READ_CONSUME_CHECK_CONSUMER) timestamp=9981 ms, used_size=15509504 bytes (37.9%)
(RDMA_READ_CONSUME_CHECK_CONSUMER) timestamp=9981 ms, used_size=15507456 bytes (37.9%)
(RDMA_READ_CONSUME_CHECK_CONSUMER) timestamp=9981 ms, used_size=15505408 bytes (37.9%)
(RDMA_READ_CONSUME_CHECK_CONSUMER) timestamp=9981 ms, used_size=15503360 bytes (37.9%)
(RDMA_READ_CONSUME_CHECK_CONSUMER) timestamp=9981 ms, used_size=15501312 bytes (37.8%)
(RDMA_READ_CONSUME_CHECK_CONSUMER) timestamp=9981 ms, used_size=15499264 bytes (37.8%)
(RDMA_READ_CONSUME_CHECK_CONSUMER) timestamp=9981 ms, used_size=15497216 bytes (37.8%)
(RDMA_READ_CONSUME_CHECK_CONSUMER) timestamp=9981 ms, used_size=15495168 bytes (37.8%)
(RDMA_READ_CONSUME_CHECK_CONSUMER) timestamp=9981 ms, used_size=15493120 bytes (37.8%)
(RDMA_READ_CONSUME_CHECK_CONSUMER) timestamp=9981 ms, used_size=15491072 bytes (37.8%)
(RDMA_READ_CONSUME_CHECK_CONSUMER) timestamp=9981 ms, used_size=15489024 bytes (37.8%)
(RDMA_READ_CONSUME_CHECK_CONSUMER) timestamp=9981 ms, used_size=15486976 bytes (37.8%)
(RDMA_READ_CONSUME_CHECK_CONSUMER) timestamp=9981 ms, used_size=15484928 bytes (37.8%)
(RDMA_READ_CONSUME_CHECK_CONSUMER) timestamp=9981 ms, used_size=15482880 bytes (37.8%)
(RDMA_READ_CONSUME_CHECK_CONSUMER) timestamp=9981 ms, used_size=15480832 bytes (37.8%)
(RDMA_READ_CONSUME_CHECK_CONSUMER) timestamp=9981 ms, used_size=15478784 bytes (37.8%)
(RDMA_READ_CONSUME_CHECK_CONSUMER) timestamp=9981 ms, used_size=15476736 bytes (37.8%)
(RDMA_READ_CONSUME_CHECK_CONSUMER) timestamp=9981 ms, used_size=15474688 bytes (37.8%)
(RDMA_READ_CONSUME_CHECK_CONSUMER) timestamp=9981 ms, used_size=15472640 bytes (37.8%)
(RDMA_READ_CONSUME_CHECK_CONSUMER) timestamp=9981 ms, used_size=15470592 bytes (37.8%)
(RDMA_READ_CONSUME_CHECK_CONSUMER) timestamp=9981 ms, used_size=15468544 bytes (37.8%)
(RDMA_READ_CONSUME_CHECK_CONSUMER) timestamp=9981 ms, used_size=15466496 bytes (37.8%)
(RDMA_READ_CONSUME_CHECK_CONSUMER) timestamp=9981 ms, used_size=15464448 bytes (37.8%)
(RDMA_READ_CONSUME_CHECK_CONSUMER) timestamp=9981 ms, used_size=15462400 bytes (37.8%)
(RDMA_READ_CONSUME_CHECK_CONSUMER) timestamp=9981 ms, used_size=15460352 bytes (37.7%)
(RDMA_READ_CONSUME_CHECK_CONSUMER) timestamp=9981 ms, used_size=15458304 bytes (37.7%)
(RDMA_READ_CONSUME_CHECK_CONSUMER) timestamp=9981 ms, used_size=15456256 bytes (37.7%)
(RDMA_READ_CONSUME_CHECK_CONSUMER) timestamp=9981 ms, used_size=15454208 bytes (37.7%)
(RDMA_READ_CONSUME_CHECK_CONSUMER) timestamp=9981 ms, used_size=15452160 bytes (37.7%)
(RDMA_READ_CONSUME_CHECK_CONSUMER) timestamp=9981 ms, used_size=15450112 bytes (37.7%)
(RDMA_READ_CONSUME_CHECK_CONSUMER) timestamp=9981 ms, used_size=15448064 bytes (37.7%)
(RDMA_READ_CONSUME_CHECK_CONSUMER) timestamp=9981 ms, used_size=15446016 bytes (37.7%)
(RDMA_READ_CONSUME_CHECK_CONSUMER) timestamp=9981 ms, used_size=15443968 bytes (37.7%)
(RDMA_READ_CONSUME_CHECK_CONSUMER) timestamp=9981 ms, used_size=15441920 bytes (37.7%)
(RDMA_READ_CONSUME_CHECK_CONSUMER) timestamp=9981 ms, used_size=15439872 bytes (37.7%)
(RDMA_READ_CONSUME_CHECK_CONSUMER) timestamp=9981 ms, used_size=15437824 bytes (37.7%)
(RDMA_READ_CONSUME_CHECK_CONSUMER) timestamp=9981 ms, used_size=15435776 bytes (37.7%)
(RDMA_READ_CONSUME_CHECK_CONSUMER) timestamp=9981 ms, used_size=15433728 bytes (37.7%)
(RDMA_READ_CONSUME_CHECK_CONSUMER) timestamp=9981 ms, used_size=15431680 bytes (37.7%)
(RDMA_READ_CONSUME_CHECK_CONSUMER) timestamp=9981 ms, used_size=15429632 bytes (37.7%)
(RDMA_READ_CONSUME_CHECK_CONSUMER) timestamp=9981 ms, used_size=15427584 bytes (37.7%)
(RDMA_READ_CONSUME_CHECK_CONSUMER) timestamp=9981 ms, used_size=15425536 bytes (37.7%)
(RDMA_READ_CONSUME_CHECK_CONSUMER) timestamp=9981 ms, used_size=15423488 bytes (37.7%)
(RDMA_READ_CONSUME_CHECK_CONSUMER) timestamp=9981 ms, used_size=15421440 bytes (37.6%)
(RDMA_READ_CONSUME_CHECK_CONSUMER) timestamp=9981 ms, used_size=15419392 bytes (37.6%)
(RDMA_READ_CONSUME_CHECK_CONSUMER) timestamp=9981 ms, used_size=15417344 bytes (37.6%)
(RDMA_READ_CONSUME_CHECK_CONSUMER) timestamp=9981 ms, used_size=15415296 bytes (37.6%)
(RDMA_READ_CONSUME_CHECK_CONSUMER) timestamp=9981 ms, used_size=15413248 bytes (37.6%)
(RDMA_READ_CONSUME_CHECK_CONSUMER) timestamp=9981 ms, used_size=15411200 bytes (37.6%)
(RDMA_READ_CONSUME_CHECK_CONSUMER) timestamp=9981 ms, used_size=15409152 bytes (37.6%)
(RDMA_READ_CONSUME_CHECK_CONSUMER) timestamp=9981 ms, used_size=15407104 bytes (37.6%)
(RDMA_READ_CONSUME_CHECK_CONSUMER) timestamp=9981 ms, used_size=15405056 bytes (37.6%)
(RDMA_READ_CONSUME_CHECK_CONSUMER) timestamp=9981 ms, used_size=15403008 bytes (37.6%)
(RDMA_READ_CONSUME_CHECK_CONSUMER) timestamp=9981 ms, used_size=15400960 bytes (37.6%)
(RDMA_READ_CONSUME_CHECK_CONSUMER) timestamp=9981 ms, used_size=15398912 bytes (37.6%)
(RDMA_READ_CONSUME_CHECK_CONSUMER) timestamp=9981 ms, used_size=15396864 bytes (37.6%)
(RDMA_READ_CONSUME_CHECK_CONSUMER) timestamp=9981 ms, used_size=15394816 bytes (37.6%)
(RDMA_READ_CONSUME_CHECK_CONSUMER) timestamp=9981 ms, used_size=15392768 bytes (37.6%)
(RDMA_READ_CONSUME_CHECK_CONSUMER) timestamp=9981 ms, used_size=15390720 bytes (37.6%)
(RDMA_READ_CONSUME_CHECK_CONSUMER) timestamp=9981 ms, used_size=15388672 bytes (37.6%)
(RDMA_READ_CONSUME_CHECK_CONSUMER) timestamp=9981 ms, used_size=15386624 bytes (37.6%)
(RDMA_READ_CONSUME_CHECK_CONSUMER) timestamp=9981 ms, used_size=15384576 bytes (37.6%)
(RDMA_READ_CONSUME_CHECK_CONSUMER) timestamp=9981 ms, used_size=15382528 bytes (37.6%)
(RDMA_READ_CONSUME_CHECK_CONSUMER) timestamp=9981 ms, used_size=15380480 bytes (37.5%)
(RDMA_READ_CONSUME_CHECK_CONSUMER) timestamp=9981 ms, used_size=15378432 bytes (37.5%)
(RDMA_READ_CONSUME_CHECK_CONSUMER) timestamp=9981 ms, used_size=15376384 bytes (37.5%)
(RDMA_READ_CONSUME_CHECK_CONSUMER) timestamp=9981 ms, used_size=15374336 bytes (37.5%)
(RDMA_READ_CONSUME_CHECK_CONSUMER) timestamp=9981 ms, used_size=15372288 bytes (37.5%)
(RDMA_READ_CONSUME_CHECK_CONSUMER) timestamp=9981 ms, used_size=15370240 bytes (37.5%)
(RDMA_READ_CONSUME_CHECK_CONSUMER) timestamp=9981 ms, used_size=15368192 bytes (37.5%)
(RDMA_READ_CONSUME_CHECK_CONSUMER) timestamp=9981 ms, used_size=15366144 bytes (37.5%)
(RDMA_READ_CONSUME_CHECK_CONSUMER) timestamp=9981 ms, used_size=15364096 bytes (37.5%)
(RDMA_READ_CONSUME_CHECK_CONSUMER) timestamp=9981 ms, used_size=15362048 bytes (37.5%)
(RDMA_READ_CONSUME_CHECK_CONSUMER) timestamp=9981 ms, used_size=15360000 bytes (37.5%)
(RDMA_READ_CONSUME_CHECK_CONSUMER) timestamp=9981 ms, used_size=15357952 bytes (37.5%)
(RDMA_READ_CONSUME_CHECK_CONSUMER) timestamp=9981 ms, used_size=15355904 bytes (37.5%)
(RDMA_READ_CONSUME_CHECK_CONSUMER) timestamp=9981 ms, used_size=15353856 bytes (37.5%)
(RDMA_READ_CONSUME_CHECK_CONSUMER) timestamp=9981 ms, used_size=15351808 bytes (37.5%)
(RDMA_READ_CONSUME_CHECK_CONSUMER) timestamp=9981 ms, used_size=15349760 bytes (37.5%)
(RDMA_READ_CONSUME_CHECK_CONSUMER) timestamp=9981 ms, used_size=15347712 bytes (37.5%)
(RDMA_READ_CONSUME_CHECK_CONSUMER) timestamp=9981 ms, used_size=15345664 bytes (37.5%)
(RDMA_READ_CONSUME_CHECK_CONSUMER) timestamp=9981 ms, used_size=15343616 bytes (37.5%)
(RDMA_READ_CONSUME_CHECK_CONSUMER) timestamp=9981 ms, used_size=15341568 bytes (37.5%)
(RDMA_READ_CONSUME_CHECK_CONSUMER) timestamp=9981 ms, used_size=15339520 bytes (37.5%)
(RDMA_READ_CONSUME_CHECK_CONSUMER) timestamp=9981 ms, used_size=15337472 bytes (37.4%)
(RDMA_READ_CONSUME_CHECK_CONSUMER) timestamp=9981 ms, used_size=15335424 bytes (37.4%)
(RDMA_READ_CONSUME_CHECK_CONSUMER) timestamp=9981 ms, used_size=15333376 bytes (37.4%)
(RDMA_READ_CONSUME_CHECK_CONSUMER) timestamp=9981 ms, used_size=15331328 bytes (37.4%)
(RDMA_READ_CONSUME_CHECK_CONSUMER) timestamp=9981 ms, used_size=15329280 bytes (37.4%)
(RDMA_READ_CONSUME_CHECK_CONSUMER) timestamp=9981 ms, used_size=15327232 bytes (37.4%)
(RDMA_READ_CONSUME_CHECK_CONSUMER) timestamp=9981 ms, used_size=15325184 bytes (37.4%)
(RDMA_READ_CONSUME_CHECK_CONSUMER) timestamp=9981 ms, used_size=15323136 bytes (37.4%)
(RDMA_READ_CONSUME_CHECK_CONSUMER) timestamp=9982 ms, used_size=15321088 bytes (37.4%)
(RDMA_READ_CONSUME_CHECK_CONSUMER) timestamp=9982 ms, used_size=15319040 bytes (37.4%)
(RDMA_READ_CONSUME_CHECK_CONSUMER) timestamp=9982 ms, used_size=15316992 bytes (37.4%)
(RDMA_READ_CONSUME_CHECK_CONSUMER) timestamp=9982 ms, used_size=15314944 bytes (37.4%)
(RDMA_READ_CONSUME_CHECK_CONSUMER) timestamp=9982 ms, used_size=15312896 bytes (37.4%)
(RDMA_READ_CONSUME_CHECK_CONSUMER) timestamp=9982 ms, used_size=15310848 bytes (37.4%)
(RDMA_READ_CONSUME_CHECK_CONSUMER) timestamp=9982 ms, used_size=15308800 bytes (37.4%)
(RDMA_READ_CONSUME_CHECK_CONSUMER) timestamp=9982 ms, used_size=15306752 bytes (37.4%)
(RDMA_READ_CONSUME_CHECK_CONSUMER) timestamp=9982 ms, used_size=15304704 bytes (37.4%)
(RDMA_READ_CONSUME_CHECK_CONSUMER) timestamp=9982 ms, used_size=15302656 bytes (37.4%)
(RDMA_READ_CONSUME_CHECK_CONSUMER) timestamp=9982 ms, used_size=15300608 bytes (37.4%)
(RDMA_READ_CONSUME_CHECK_CONSUMER) timestamp=9982 ms, used_size=15298560 bytes (37.4%)
(RDMA_READ_CONSUME_CHECK_CONSUMER) timestamp=9982 ms, used_size=15296512 bytes (37.3%)
(RDMA_READ_CONSUME_CHECK_CONSUMER) timestamp=9982 ms, used_size=15294464 bytes (37.3%)
(RDMA_READ_CONSUME_CHECK_CONSUMER) timestamp=9982 ms, used_size=15292416 bytes (37.3%)
(RDMA_READ_CONSUME_CHECK_CONSUMER) timestamp=9982 ms, used_size=15290368 bytes (37.3%)
(RDMA_READ_CONSUME_CHECK_CONSUMER) timestamp=9982 ms, used_size=15288320 bytes (37.3%)
(RDMA_READ_CONSUME_CHECK_CONSUMER) timestamp=9982 ms, used_size=15286272 bytes (37.3%)
(RDMA_READ_CONSUME_CHECK_CONSUMER) timestamp=9982 ms, used_size=15284224 bytes (37.3%)
(RDMA_READ_CONSUME_CHECK_CONSUMER) timestamp=9982 ms, used_size=15282176 bytes (37.3%)
(RDMA_READ_CONSUME_CHECK_CONSUMER) timestamp=9982 ms, used_size=15280128 bytes (37.3%)
(RDMA_READ_CONSUME_CHECK_CONSUMER) timestamp=9982 ms, used_size=15278080 bytes (37.3%)
(RDMA_READ_CONSUME_CHECK_CONSUMER) timestamp=9982 ms, used_size=15276032 bytes (37.3%)
(RDMA_READ_CONSUME_CHECK_CONSUMER) timestamp=9982 ms, used_size=15273984 bytes (37.3%)
(RDMA_READ_CONSUME_CHECK_CONSUMER) timestamp=9982 ms, used_size=15271936 bytes (37.3%)
(RDMA_READ_CONSUME_CHECK_CONSUMER) timestamp=9982 ms, used_size=15269888 bytes (37.3%)
(RDMA_READ_CONSUME_CHECK_CONSUMER) timestamp=9982 ms, used_size=15267840 bytes (37.3%)
(RDMA_READ_CONSUME_CHECK_CONSUMER) timestamp=9982 ms, used_size=15265792 bytes (37.3%)
(RDMA_READ_CONSUME_CHECK_CONSUMER) timestamp=9982 ms, used_size=15263744 bytes (37.3%)
(RDMA_READ_CONSUME_CHECK_CONSUMER) timestamp=9982 ms, used_size=15261696 bytes (37.3%)
(RDMA_READ_CONSUME_CHECK_CONSUMER) timestamp=9982 ms, used_size=15259648 bytes (37.3%)
(RDMA_READ_CONSUME_CHECK_CONSUMER) timestamp=9982 ms, used_size=15257600 bytes (37.2%)
(RDMA_READ_CONSUME_CHECK_CONSUMER) timestamp=9982 ms, used_size=15255552 bytes (37.2%)
(RDMA_READ_CONSUME_CHECK_CONSUMER) timestamp=9982 ms, used_size=15253504 bytes (37.2%)
(RDMA_READ_CONSUME_CHECK_CONSUMER) timestamp=9982 ms, used_size=15251456 bytes (37.2%)
(RDMA_READ_CONSUME_CHECK_CONSUMER) timestamp=9982 ms, used_size=15249408 bytes (37.2%)
(RDMA_READ_CONSUME_CHECK_CONSUMER) timestamp=9982 ms, used_size=15247360 bytes (37.2%)
(RDMA_READ_CONSUME_CHECK_CONSUMER) timestamp=9982 ms, used_size=15245312 bytes (37.2%)
(RDMA_READ_CONSUME_CHECK_CONSUMER) timestamp=9982 ms, used_size=15243264 bytes (37.2%)
(RDMA_READ_CONSUME_CHECK_CONSUMER) timestamp=9982 ms, used_size=15241216 bytes (37.2%)
(RDMA_READ_CONSUME_CHECK_CONSUMER) timestamp=9982 ms, used_size=15239168 bytes (37.2%)
(RDMA_READ_CONSUME_CHECK_CONSUMER) timestamp=9982 ms, used_size=15237120 bytes (37.2%)
(RDMA_READ_CONSUME_CHECK_CONSUMER) timestamp=9982 ms, used_size=15235072 bytes (37.2%)
(RDMA_READ_CONSUME_CHECK_CONSUMER) timestamp=9982 ms, used_size=15233024 bytes (37.2%)
(RDMA_READ_CONSUME_CHECK_CONSUMER) timestamp=9982 ms, used_size=15230976 bytes (37.2%)
(RDMA_READ_CONSUME_CHECK_CONSUMER) timestamp=9982 ms, used_size=15228928 bytes (37.2%)
(RDMA_READ_CONSUME_CHECK_CONSUMER) timestamp=9982 ms, used_size=15226880 bytes (37.2%)
(RDMA_READ_CONSUME_CHECK_CONSUMER) timestamp=9982 ms, used_size=15224832 bytes (37.2%)
(RDMA_READ_CONSUME_CHECK_CONSUMER) timestamp=9982 ms, used_size=15222784 bytes (37.2%)
(RDMA_READ_CONSUME_CHECK_CONSUMER) timestamp=9982 ms, used_size=15220736 bytes (37.2%)
(RDMA_READ_CONSUME_CHECK_CONSUMER) timestamp=9982 ms, used_size=15218688 bytes (37.2%)
(RDMA_READ_CONSUME_CHECK_CONSUMER) timestamp=9982 ms, used_size=15216640 bytes (37.1%)
(RDMA_READ_CONSUME_CHECK_CONSUMER) timestamp=9982 ms, used_size=15214592 bytes (37.1%)
(RDMA_READ_CONSUME_CHECK_CONSUMER) timestamp=9982 ms, used_size=15212544 bytes (37.1%)
(RDMA_READ_CONSUME_CHECK_CONSUMER) timestamp=9982 ms, used_size=15210496 bytes (37.1%)
(RDMA_READ_CONSUME_CHECK_CONSUMER) timestamp=9982 ms, used_size=15208448 bytes (37.1%)
(RDMA_READ_CONSUME_CHECK_CONSUMER) timestamp=9982 ms, used_size=15206400 bytes (37.1%)
(RDMA_READ_CONSUME_CHECK_CONSUMER) timestamp=9982 ms, used_size=15204352 bytes (37.1%)
(RDMA_READ_CONSUME_CHECK_CONSUMER) timestamp=9982 ms, used_size=15202304 bytes (37.1%)
(RDMA_READ_CONSUME_CHECK_CONSUMER) timestamp=9982 ms, used_size=15200256 bytes (37.1%)
(RDMA_READ_CONSUME_CHECK_CONSUMER) timestamp=9982 ms, used_size=15198208 bytes (37.1%)
(RDMA_READ_CONSUME_CHECK_CONSUMER) timestamp=9982 ms, used_size=15196160 bytes (37.1%)
(RDMA_READ_CONSUME_CHECK_CONSUMER) timestamp=9982 ms, used_size=15194112 bytes (37.1%)
(RDMA_READ_CONSUME_CHECK_CONSUMER) timestamp=9982 ms, used_size=15192064 bytes (37.1%)
(RDMA_READ_CONSUME_CHECK_CONSUMER) timestamp=9982 ms, used_size=15190016 bytes (37.1%)
(RDMA_READ_CONSUME_CHECK_CONSUMER) timestamp=9982 ms, used_size=15187968 bytes (37.1%)
(RDMA_READ_CONSUME_CHECK_CONSUMER) timestamp=9982 ms, used_size=15185920 bytes (37.1%)
(RDMA_READ_CONSUME_CHECK_CONSUMER) timestamp=9982 ms, used_size=15183872 bytes (37.1%)
(RDMA_READ_CONSUME_CHECK_CONSUMER) timestamp=9982 ms, used_size=15181824 bytes (37.1%)
(RDMA_READ_CONSUME_CHECK_CONSUMER) timestamp=9982 ms, used_size=15179776 bytes (37.1%)
(RDMA_READ_CONSUME_CHECK_CONSUMER) timestamp=9982 ms, used_size=15177728 bytes (37.1%)
(RDMA_READ_CONSUME_CHECK_CONSUMER) timestamp=9982 ms, used_size=15175680 bytes (37.0%)
(RDMA_READ_CONSUME_CHECK_CONSUMER) timestamp=9982 ms, used_size=15173632 bytes (37.0%)
(RDMA_READ_CONSUME_CHECK_CONSUMER) timestamp=9982 ms, used_size=15171584 bytes (37.0%)
(RDMA_READ_CONSUME_CHECK_CONSUMER) timestamp=9982 ms, used_size=15169536 bytes (37.0%)
(RDMA_READ_CONSUME_CHECK_CONSUMER) timestamp=9982 ms, used_size=15167488 bytes (37.0%)
(RDMA_READ_CONSUME_CHECK_CONSUMER) timestamp=9982 ms, used_size=15165440 bytes (37.0%)
(RDMA_READ_CONSUME_CHECK_CONSUMER) timestamp=9982 ms, used_size=15163392 bytes (37.0%)
(RDMA_READ_CONSUME_CHECK_CONSUMER) timestamp=9982 ms, used_size=15161344 bytes (37.0%)
(RDMA_READ_CONSUME_CHECK_CONSUMER) timestamp=9982 ms, used_size=15159296 bytes (37.0%)
(RDMA_READ_CONSUME_CHECK_CONSUMER) timestamp=9982 ms, used_size=15157248 bytes (37.0%)
(RDMA_READ_CONSUME_CHECK_CONSUMER) timestamp=9982 ms, used_size=15155200 bytes (37.0%)
(RDMA_READ_CONSUME_CHECK_CONSUMER) timestamp=9982 ms, used_size=15153152 bytes (37.0%)
(RDMA_READ_CONSUME_CHECK_CONSUMER) timestamp=9982 ms, used_size=15151104 bytes (37.0%)
(RDMA_READ_CONSUME_CHECK_CONSUMER) timestamp=9982 ms, used_size=15149056 bytes (37.0%)
(RDMA_READ_CONSUME_CHECK_CONSUMER) timestamp=9982 ms, used_size=15147008 bytes (37.0%)
(RDMA_READ_CONSUME_CHECK_CONSUMER) timestamp=9982 ms, used_size=15144960 bytes (37.0%)
(RDMA_READ_CONSUME_CHECK_CONSUMER) timestamp=9982 ms, used_size=15142912 bytes (37.0%)
(RDMA_READ_CONSUME_CHECK_CONSUMER) timestamp=9982 ms, used_size=15140864 bytes (37.0%)
(RDMA_READ_CONSUME_CHECK_CONSUMER) timestamp=9982 ms, used_size=15138816 bytes (37.0%)
(RDMA_READ_CONSUME_CHECK_CONSUMER) timestamp=9982 ms, used_size=15136768 bytes (37.0%)
(RDMA_READ_CONSUME_CHECK_CONSUMER) timestamp=9982 ms, used_size=15134720 bytes (37.0%)
(RDMA_READ_CONSUME_CHECK_CONSUMER) timestamp=9982 ms, used_size=15132672 bytes (36.9%)
(RDMA_READ_CONSUME_CHECK_CONSUMER) timestamp=9982 ms, used_size=15130624 bytes (36.9%)
(RDMA_READ_CONSUME_CHECK_CONSUMER) timestamp=9982 ms, used_size=15128576 bytes (36.9%)
(RDMA_READ_CONSUME_CHECK_CONSUMER) timestamp=9982 ms, used_size=15126528 bytes (36.9%)
(RDMA_READ_CONSUME_CHECK_CONSUMER) timestamp=9982 ms, used_size=15124480 bytes (36.9%)
(RDMA_READ_CONSUME_CHECK_CONSUMER) timestamp=9982 ms, used_size=15122432 bytes (36.9%)
(RDMA_READ_CONSUME_CHECK_CONSUMER) timestamp=9982 ms, used_size=15120384 bytes (36.9%)
(RDMA_READ_CONSUME_CHECK_CONSUMER) timestamp=9982 ms, used_size=15118336 bytes (36.9%)
(RDMA_READ_CONSUME_CHECK_CONSUMER) timestamp=9982 ms, used_size=15116288 bytes (36.9%)
(RDMA_READ_CONSUME_CHECK_CONSUMER) timestamp=9982 ms, used_size=15114240 bytes (36.9%)
(RDMA_READ_CONSUME_CHECK_CONSUMER) timestamp=9982 ms, used_size=15112192 bytes (36.9%)
(RDMA_READ_CONSUME_CHECK_CONSUMER) timestamp=9982 ms, used_size=15110144 bytes (36.9%)
(RDMA_READ_CONSUME_CHECK_CONSUMER) timestamp=9982 ms, used_size=15108096 bytes (36.9%)
(RDMA_READ_CONSUME_CHECK_CONSUMER) timestamp=9982 ms, used_size=15106048 bytes (36.9%)
(RDMA_READ_CONSUME_CHECK_CONSUMER) timestamp=9982 ms, used_size=15104000 bytes (36.9%)
(RDMA_READ_CONSUME_CHECK_CONSUMER) timestamp=9982 ms, used_size=15101952 bytes (36.9%)
(RDMA_READ_CONSUME_CHECK_CONSUMER) timestamp=9982 ms, used_size=15099904 bytes (36.9%)
(RDMA_READ_CONSUME_CHECK_CONSUMER) timestamp=9982 ms, used_size=15097856 bytes (36.9%)
(RDMA_READ_CONSUME_CHECK_CONSUMER) timestamp=9982 ms, used_size=15095808 bytes (36.9%)
(RDMA_READ_CONSUME_CHECK_CONSUMER) timestamp=9982 ms, used_size=15093760 bytes (36.9%)
(RDMA_READ_CONSUME_CHECK_CONSUMER) timestamp=9982 ms, used_size=15091712 bytes (36.8%)
(RDMA_READ_CONSUME_CHECK_CONSUMER) timestamp=9982 ms, used_size=15089664 bytes (36.8%)
(RDMA_READ_CONSUME_CHECK_CONSUMER) timestamp=9982 ms, used_size=15087616 bytes (36.8%)
(RDMA_READ_CONSUME_CHECK_CONSUMER) timestamp=9982 ms, used_size=15085568 bytes (36.8%)
(RDMA_READ_CONSUME_CHECK_CONSUMER) timestamp=9982 ms, used_size=15083520 bytes (36.8%)
(RDMA_READ_CONSUME_CHECK_CONSUMER) timestamp=9982 ms, used_size=15081472 bytes (36.8%)
(RDMA_READ_CONSUME_CHECK_CONSUMER) timestamp=9982 ms, used_size=15079424 bytes (36.8%)
(RDMA_READ_CONSUME_CHECK_CONSUMER) timestamp=9982 ms, used_size=15077376 bytes (36.8%)
(RDMA_READ_CONSUME_CHECK_CONSUMER) timestamp=9982 ms, used_size=15075328 bytes (36.8%)
(RDMA_READ_CONSUME_CHECK_CONSUMER) timestamp=9982 ms, used_size=15073280 bytes (36.8%)
(RDMA_READ_CONSUME_CHECK_CONSUMER) timestamp=9982 ms, used_size=15071232 bytes (36.8%)
(RDMA_READ_CONSUME_CHECK_CONSUMER) timestamp=9982 ms, used_size=15069184 bytes (36.8%)
(RDMA_READ_CONSUME_CHECK_CONSUMER) timestamp=9982 ms, used_size=15067136 bytes (36.8%)
(RDMA_READ_CONSUME_CHECK_CONSUMER) timestamp=9982 ms, used_size=15065088 bytes (36.8%)
(RDMA_READ_CONSUME_CHECK_CONSUMER) timestamp=9982 ms, used_size=15063040 bytes (36.8%)
(RDMA_READ_CONSUME_CHECK_CONSUMER) timestamp=9982 ms, used_size=15060992 bytes (36.8%)
(RDMA_READ_CONSUME_CHECK_CONSUMER) timestamp=9982 ms, used_size=15058944 bytes (36.8%)
(RDMA_READ_CONSUME_CHECK_CONSUMER) timestamp=9982 ms, used_size=15056896 bytes (36.8%)
(RDMA_READ_CONSUME_CHECK_CONSUMER) timestamp=9982 ms, used_size=15054848 bytes (36.8%)
(RDMA_READ_CONSUME_CHECK_CONSUMER) timestamp=9982 ms, used_size=15052800 bytes (36.8%)
(RDMA_READ_CONSUME_CHECK_CONSUMER) timestamp=9982 ms, used_size=15050752 bytes (36.7%)
(RDMA_READ_CONSUME_CHECK_CONSUMER) timestamp=9982 ms, used_size=15048704 bytes (36.7%)
(RDMA_READ_CONSUME_CHECK_CONSUMER) timestamp=9982 ms, used_size=15046656 bytes (36.7%)
(RDMA_READ_CONSUME_CHECK_CONSUMER) timestamp=9982 ms, used_size=15044608 bytes (36.7%)
(RDMA_READ_CONSUME_CHECK_CONSUMER) timestamp=9982 ms, used_size=15042560 bytes (36.7%)
(RDMA_READ_CONSUME_CHECK_CONSUMER) timestamp=9982 ms, used_size=15040512 bytes (36.7%)
(RDMA_READ_CONSUME_CHECK_CONSUMER) timestamp=9982 ms, used_size=15038464 bytes (36.7%)
(RDMA_READ_CONSUME_CHECK_CONSUMER) timestamp=9982 ms, used_size=15036416 bytes (36.7%)
(RDMA_READ_CONSUME_CHECK_CONSUMER) timestamp=9982 ms, used_size=15034368 bytes (36.7%)
(RDMA_READ_CONSUME_CHECK_CONSUMER) timestamp=9982 ms, used_size=15032320 bytes (36.7%)
(RDMA_READ_CONSUME_CHECK_CONSUMER) timestamp=9982 ms, used_size=15030272 bytes (36.7%)
(RDMA_READ_CONSUME_CHECK_CONSUMER) timestamp=9982 ms, used_size=15028224 bytes (36.7%)
(RDMA_READ_CONSUME_CHECK_CONSUMER) timestamp=9982 ms, used_size=15026176 bytes (36.7%)
(RDMA_READ_CONSUME_CHECK_CONSUMER) timestamp=9982 ms, used_size=15024128 bytes (36.7%)
(RDMA_READ_CONSUME_CHECK_CONSUMER) timestamp=9982 ms, used_size=15022080 bytes (36.7%)
(RDMA_READ_CONSUME_CHECK_CONSUMER) timestamp=9982 ms, used_size=15020032 bytes (36.7%)
(RDMA_READ_CONSUME_CHECK_CONSUMER) timestamp=9982 ms, used_size=15017984 bytes (36.7%)
(RDMA_READ_CONSUME_CHECK_CONSUMER) timestamp=9982 ms, used_size=15015936 bytes (36.7%)
(RDMA_READ_CONSUME_CHECK_CONSUMER) timestamp=9982 ms, used_size=15013888 bytes (36.7%)
(RDMA_READ_CONSUME_CHECK_CONSUMER) timestamp=9982 ms, used_size=15011840 bytes (36.6%)
(RDMA_READ_CONSUME_CHECK_CONSUMER) timestamp=9982 ms, used_size=15009792 bytes (36.6%)
(RDMA_READ_CONSUME_CHECK_CONSUMER) timestamp=9982 ms, used_size=15007744 bytes (36.6%)
(RDMA_READ_CONSUME_CHECK_CONSUMER) timestamp=9982 ms, used_size=15005696 bytes (36.6%)
(RDMA_READ_CONSUME_CHECK_CONSUMER) timestamp=9982 ms, used_size=15003648 bytes (36.6%)
(RDMA_READ_CONSUME_CHECK_CONSUMER) timestamp=9982 ms, used_size=15001600 bytes (36.6%)
(RDMA_READ_CONSUME_CHECK_CONSUMER) timestamp=9982 ms, used_size=14999552 bytes (36.6%)
(RDMA_READ_CONSUME_CHECK_CONSUMER) timestamp=9982 ms, used_size=14997504 bytes (36.6%)
(RDMA_READ_CONSUME_CHECK_CONSUMER) timestamp=9982 ms, used_size=14995456 bytes (36.6%)
(RDMA_READ_CONSUME_CHECK_CONSUMER) timestamp=9982 ms, used_size=14993408 bytes (36.6%)
(RDMA_READ_CONSUME_CHECK_CONSUMER) timestamp=9982 ms, used_size=14991360 bytes (36.6%)
(RDMA_READ_CONSUME_CHECK_CONSUMER) timestamp=9982 ms, used_size=14989312 bytes (36.6%)
(RDMA_READ_CONSUME_CHECK_CONSUMER) timestamp=9982 ms, used_size=14987264 bytes (36.6%)
(RDMA_READ_CONSUME_CHECK_CONSUMER) timestamp=9982 ms, used_size=14985216 bytes (36.6%)
(RDMA_READ_CONSUME_CHECK_CONSUMER) timestamp=9982 ms, used_size=14983168 bytes (36.6%)
(RDMA_READ_CONSUME_CHECK_CONSUMER) timestamp=9982 ms, used_size=14981120 bytes (36.6%)
(RDMA_READ_CONSUME_CHECK_CONSUMER) timestamp=9982 ms, used_size=14979072 bytes (36.6%)
(RDMA_READ_CONSUME_CHECK_CONSUMER) timestamp=9982 ms, used_size=14977024 bytes (36.6%)
(RDMA_READ_CONSUME_CHECK_CONSUMER) timestamp=9982 ms, used_size=14974976 bytes (36.6%)
(RDMA_READ_CONSUME_CHECK_CONSUMER) timestamp=9982 ms, used_size=14972928 bytes (36.6%)
(RDMA_READ_CONSUME_CHECK_CONSUMER) timestamp=9982 ms, used_size=14970880 bytes (36.5%)
(RDMA_READ_CONSUME_CHECK_CONSUMER) timestamp=9982 ms, used_size=14968832 bytes (36.5%)
(RDMA_READ_CONSUME_CHECK_CONSUMER) timestamp=9982 ms, used_size=14966784 bytes (36.5%)
(RDMA_READ_CONSUME_CHECK_CONSUMER) timestamp=9983 ms, used_size=14964736 bytes (36.5%)
(RDMA_READ_CONSUME_CHECK_CONSUMER) timestamp=9983 ms, used_size=14962688 bytes (36.5%)
(RDMA_READ_CONSUME_CHECK_CONSUMER) timestamp=9983 ms, used_size=14960640 bytes (36.5%)
(RDMA_READ_CONSUME_CHECK_CONSUMER) timestamp=9983 ms, used_size=14958592 bytes (36.5%)
(RDMA_READ_CONSUME_CHECK_CONSUMER) timestamp=9983 ms, used_size=14956544 bytes (36.5%)
(RDMA_READ_CONSUME_CHECK_CONSUMER) timestamp=9983 ms, used_size=14954496 bytes (36.5%)
(RDMA_READ_CONSUME_CHECK_CONSUMER) timestamp=9983 ms, used_size=14952448 bytes (36.5%)
(RDMA_READ_CONSUME_CHECK_CONSUMER) timestamp=9983 ms, used_size=14950400 bytes (36.5%)
(RDMA_READ_CONSUME_CHECK_CONSUMER) timestamp=9983 ms, used_size=14948352 bytes (36.5%)
(RDMA_READ_CONSUME_CHECK_CONSUMER) timestamp=9983 ms, used_size=14946304 bytes (36.5%)
(RDMA_READ_CONSUME_CHECK_CONSUMER) timestamp=9983 ms, used_size=14944256 bytes (36.5%)
(RDMA_READ_CONSUME_CHECK_CONSUMER) timestamp=9983 ms, used_size=14942208 bytes (36.5%)
(RDMA_READ_CONSUME_CHECK_CONSUMER) timestamp=9983 ms, used_size=14940160 bytes (36.5%)
(RDMA_READ_CONSUME_CHECK_CONSUMER) timestamp=9983 ms, used_size=14938112 bytes (36.5%)
(RDMA_READ_CONSUME_CHECK_CONSUMER) timestamp=9983 ms, used_size=14936064 bytes (36.5%)
(RDMA_READ_CONSUME_CHECK_CONSUMER) timestamp=9983 ms, used_size=14934016 bytes (36.5%)
(RDMA_READ_CONSUME_CHECK_CONSUMER) timestamp=9983 ms, used_size=14931968 bytes (36.5%)
(RDMA_READ_CONSUME_CHECK_CONSUMER) timestamp=9983 ms, used_size=14929920 bytes (36.5%)
(RDMA_READ_CONSUME_CHECK_CONSUMER) timestamp=9983 ms, used_size=14927872 bytes (36.4%)
(RDMA_READ_CONSUME_CHECK_CONSUMER) timestamp=9983 ms, used_size=14925824 bytes (36.4%)
(RDMA_READ_CONSUME_CHECK_CONSUMER) timestamp=9983 ms, used_size=14923776 bytes (36.4%)
(RDMA_READ_CONSUME_CHECK_CONSUMER) timestamp=9983 ms, used_size=14921728 bytes (36.4%)
(RDMA_READ_CONSUME_CHECK_CONSUMER) timestamp=9983 ms, used_size=14919680 bytes (36.4%)
(RDMA_READ_CONSUME_CHECK_CONSUMER) timestamp=9983 ms, used_size=14917632 bytes (36.4%)
(RDMA_READ_CONSUME_CHECK_CONSUMER) timestamp=9983 ms, used_size=14915584 bytes (36.4%)
(RDMA_READ_CONSUME_CHECK_CONSUMER) timestamp=9983 ms, used_size=14913536 bytes (36.4%)
(RDMA_READ_CONSUME_CHECK_CONSUMER) timestamp=9983 ms, used_size=14911488 bytes (36.4%)
(RDMA_READ_CONSUME_CHECK_CONSUMER) timestamp=9983 ms, used_size=14909440 bytes (36.4%)
(RDMA_READ_CONSUME_CHECK_CONSUMER) timestamp=9983 ms, used_size=14907392 bytes (36.4%)
(RDMA_READ_CONSUME_CHECK_CONSUMER) timestamp=9983 ms, used_size=14905344 bytes (36.4%)
(RDMA_READ_CONSUME_CHECK_CONSUMER) timestamp=9983 ms, used_size=14903296 bytes (36.4%)
(RDMA_READ_CONSUME_CHECK_CONSUMER) timestamp=9983 ms, used_size=14901248 bytes (36.4%)
(RDMA_READ_CONSUME_CHECK_CONSUMER) timestamp=9983 ms, used_size=14899200 bytes (36.4%)
(RDMA_READ_CONSUME_CHECK_CONSUMER) timestamp=9983 ms, used_size=14897152 bytes (36.4%)
(RDMA_READ_CONSUME_CHECK_CONSUMER) timestamp=9983 ms, used_size=14895104 bytes (36.4%)
(RDMA_READ_CONSUME_CHECK_CONSUMER) timestamp=9983 ms, used_size=14893056 bytes (36.4%)
(RDMA_READ_CONSUME_CHECK_CONSUMER) timestamp=9983 ms, used_size=14891008 bytes (36.4%)
(RDMA_READ_CONSUME_CHECK_CONSUMER) timestamp=9983 ms, used_size=14888960 bytes (36.4%)
(RDMA_READ_CONSUME_CHECK_CONSUMER) timestamp=9983 ms, used_size=14886912 bytes (36.3%)
(RDMA_READ_CONSUME_CHECK_CONSUMER) timestamp=9983 ms, used_size=14884864 bytes (36.3%)
(RDMA_READ_CONSUME_CHECK_CONSUMER) timestamp=9983 ms, used_size=14882816 bytes (36.3%)
(RDMA_READ_CONSUME_CHECK_CONSUMER) timestamp=9983 ms, used_size=14880768 bytes (36.3%)
(RDMA_READ_CONSUME_CHECK_CONSUMER) timestamp=9983 ms, used_size=14878720 bytes (36.3%)
(RDMA_READ_CONSUME_CHECK_CONSUMER) timestamp=9983 ms, used_size=14876672 bytes (36.3%)
(RDMA_READ_CONSUME_CHECK_CONSUMER) timestamp=9983 ms, used_size=14874624 bytes (36.3%)
(RDMA_READ_CONSUME_CHECK_CONSUMER) timestamp=9983 ms, used_size=14872576 bytes (36.3%)
(RDMA_READ_CONSUME_CHECK_CONSUMER) timestamp=9983 ms, used_size=14870528 bytes (36.3%)
(RDMA_READ_CONSUME_CHECK_CONSUMER) timestamp=9983 ms, used_size=14868480 bytes (36.3%)
(RDMA_READ_CONSUME_CHECK_CONSUMER) timestamp=9983 ms, used_size=14866432 bytes (36.3%)
(RDMA_READ_CONSUME_CHECK_CONSUMER) timestamp=9983 ms, used_size=14864384 bytes (36.3%)
(RDMA_READ_CONSUME_CHECK_CONSUMER) timestamp=9983 ms, used_size=14862336 bytes (36.3%)
(RDMA_READ_CONSUME_CHECK_CONSUMER) timestamp=9983 ms, used_size=14860288 bytes (36.3%)
(RDMA_READ_CONSUME_CHECK_CONSUMER) timestamp=9983 ms, used_size=14858240 bytes (36.3%)
(RDMA_READ_CONSUME_CHECK_CONSUMER) timestamp=9983 ms, used_size=14856192 bytes (36.3%)
(RDMA_READ_CONSUME_CHECK_CONSUMER) timestamp=9983 ms, used_size=14854144 bytes (36.3%)
(RDMA_READ_CONSUME_CHECK_CONSUMER) timestamp=9983 ms, used_size=14852096 bytes (36.3%)
(RDMA_READ_CONSUME_CHECK_CONSUMER) timestamp=9983 ms, used_size=14850048 bytes (36.3%)
(RDMA_READ_CONSUME_CHECK_CONSUMER) timestamp=9983 ms, used_size=14848000 bytes (36.2%)
(RDMA_READ_CONSUME_CHECK_CONSUMER) timestamp=9983 ms, used_size=14845952 bytes (36.2%)
(RDMA_READ_CONSUME_CHECK_CONSUMER) timestamp=9983 ms, used_size=14843904 bytes (36.2%)
(RDMA_READ_CONSUME_CHECK_CONSUMER) timestamp=9983 ms, used_size=14841856 bytes (36.2%)
(RDMA_READ_CONSUME_CHECK_CONSUMER) timestamp=9983 ms, used_size=14839808 bytes (36.2%)
(RDMA_READ_CONSUME_CHECK_CONSUMER) timestamp=9983 ms, used_size=14837760 bytes (36.2%)
(RDMA_READ_CONSUME_CHECK_CONSUMER) timestamp=9983 ms, used_size=14835712 bytes (36.2%)
(RDMA_READ_CONSUME_CHECK_CONSUMER) timestamp=9983 ms, used_size=14833664 bytes (36.2%)
(RDMA_READ_CONSUME_CHECK_CONSUMER) timestamp=9983 ms, used_size=14831616 bytes (36.2%)
(RDMA_READ_CONSUME_CHECK_CONSUMER) timestamp=9983 ms, used_size=14829568 bytes (36.2%)
(RDMA_READ_CONSUME_CHECK_CONSUMER) timestamp=9983 ms, used_size=14827520 bytes (36.2%)
(RDMA_READ_CONSUME_CHECK_CONSUMER) timestamp=9983 ms, used_size=14825472 bytes (36.2%)
(RDMA_READ_CONSUME_CHECK_CONSUMER) timestamp=9983 ms, used_size=14823424 bytes (36.2%)
(RDMA_READ_CONSUME_CHECK_CONSUMER) timestamp=9983 ms, used_size=14821376 bytes (36.2%)
(RDMA_READ_CONSUME_CHECK_CONSUMER) timestamp=9983 ms, used_size=14819328 bytes (36.2%)
(RDMA_READ_CONSUME_CHECK_CONSUMER) timestamp=9983 ms, used_size=14817280 bytes (36.2%)
(RDMA_READ_CONSUME_CHECK_CONSUMER) timestamp=9983 ms, used_size=14815232 bytes (36.2%)
(RDMA_READ_CONSUME_CHECK_CONSUMER) timestamp=9983 ms, used_size=14813184 bytes (36.2%)
(RDMA_READ_CONSUME_CHECK_CONSUMER) timestamp=9983 ms, used_size=14811136 bytes (36.2%)
(RDMA_READ_CONSUME_CHECK_CONSUMER) timestamp=9983 ms, used_size=14809088 bytes (36.2%)
(RDMA_READ_CONSUME_CHECK_CONSUMER) timestamp=9983 ms, used_size=14807040 bytes (36.1%)
(RDMA_READ_CONSUME_CHECK_CONSUMER) timestamp=9983 ms, used_size=14804992 bytes (36.1%)
(RDMA_READ_CONSUME_CHECK_CONSUMER) timestamp=9983 ms, used_size=14802944 bytes (36.1%)
(RDMA_READ_CONSUME_CHECK_CONSUMER) timestamp=9983 ms, used_size=14800896 bytes (36.1%)
(RDMA_READ_CONSUME_CHECK_CONSUMER) timestamp=9983 ms, used_size=14798848 bytes (36.1%)
(RDMA_READ_CONSUME_CHECK_CONSUMER) timestamp=9983 ms, used_size=14796800 bytes (36.1%)
(RDMA_READ_CONSUME_CHECK_CONSUMER) timestamp=9983 ms, used_size=14794752 bytes (36.1%)
(RDMA_READ_CONSUME_CHECK_CONSUMER) timestamp=9983 ms, used_size=14792704 bytes (36.1%)
(RDMA_READ_CONSUME_CHECK_CONSUMER) timestamp=9983 ms, used_size=14790656 bytes (36.1%)
(RDMA_READ_CONSUME_CHECK_CONSUMER) timestamp=9983 ms, used_size=14788608 bytes (36.1%)
(RDMA_READ_CONSUME_CHECK_CONSUMER) timestamp=9983 ms, used_size=14786560 bytes (36.1%)
(RDMA_READ_CONSUME_CHECK_CONSUMER) timestamp=9983 ms, used_size=14784512 bytes (36.1%)
(RDMA_READ_CONSUME_CHECK_CONSUMER) timestamp=9983 ms, used_size=14782464 bytes (36.1%)
(RDMA_READ_CONSUME_CHECK_CONSUMER) timestamp=9983 ms, used_size=14780416 bytes (36.1%)
(RDMA_READ_CONSUME_CHECK_CONSUMER) timestamp=9983 ms, used_size=14778368 bytes (36.1%)
(RDMA_READ_CONSUME_CHECK_CONSUMER) timestamp=9983 ms, used_size=14776320 bytes (36.1%)
(RDMA_READ_CONSUME_CHECK_CONSUMER) timestamp=9983 ms, used_size=14774272 bytes (36.1%)
(RDMA_READ_CONSUME_CHECK_CONSUMER) timestamp=9983 ms, used_size=14772224 bytes (36.1%)
(RDMA_READ_CONSUME_CHECK_CONSUMER) timestamp=9983 ms, used_size=14770176 bytes (36.1%)
(RDMA_READ_CONSUME_CHECK_CONSUMER) timestamp=9983 ms, used_size=14768128 bytes (36.1%)
(RDMA_READ_CONSUME_CHECK_CONSUMER) timestamp=9983 ms, used_size=14766080 bytes (36.0%)
(RDMA_READ_CONSUME_CHECK_CONSUMER) timestamp=9983 ms, used_size=14764032 bytes (36.0%)
(RDMA_READ_CONSUME_CHECK_CONSUMER) timestamp=9983 ms, used_size=14761984 bytes (36.0%)
(RDMA_READ_CONSUME_CHECK_CONSUMER) timestamp=9983 ms, used_size=14759936 bytes (36.0%)
(RDMA_READ_CONSUME_CHECK_CONSUMER) timestamp=9983 ms, used_size=14757888 bytes (36.0%)
(RDMA_READ_CONSUME_CHECK_CONSUMER) timestamp=9983 ms, used_size=14755840 bytes (36.0%)
(RDMA_READ_CONSUME_CHECK_CONSUMER) timestamp=9983 ms, used_size=14753792 bytes (36.0%)
(RDMA_READ_CONSUME_CHECK_CONSUMER) timestamp=9983 ms, used_size=14751744 bytes (36.0%)
(RDMA_READ_CONSUME_CHECK_CONSUMER) timestamp=9983 ms, used_size=14749696 bytes (36.0%)
(RDMA_READ_CONSUME_CHECK_CONSUMER) timestamp=9983 ms, used_size=14747648 bytes (36.0%)
(RDMA_READ_CONSUME_CHECK_CONSUMER) timestamp=9983 ms, used_size=14745600 bytes (36.0%)
(RDMA_READ_CONSUME_CHECK_CONSUMER) timestamp=9983 ms, used_size=14743552 bytes (36.0%)
(RDMA_READ_CONSUME_CHECK_CONSUMER) timestamp=9983 ms, used_size=14741504 bytes (36.0%)
(RDMA_READ_CONSUME_CHECK_CONSUMER) timestamp=9983 ms, used_size=14739456 bytes (36.0%)
(RDMA_READ_CONSUME_CHECK_CONSUMER) timestamp=9983 ms, used_size=14737408 bytes (36.0%)
(RDMA_READ_CONSUME_CHECK_CONSUMER) timestamp=9983 ms, used_size=14735360 bytes (36.0%)
(RDMA_READ_CONSUME_CHECK_CONSUMER) timestamp=9983 ms, used_size=14733312 bytes (36.0%)
(RDMA_READ_CONSUME_CHECK_CONSUMER) timestamp=9983 ms, used_size=14731264 bytes (36.0%)
(RDMA_READ_CONSUME_CHECK_CONSUMER) timestamp=9983 ms, used_size=14729216 bytes (36.0%)
(RDMA_READ_CONSUME_CHECK_CONSUMER) timestamp=9983 ms, used_size=14727168 bytes (36.0%)
(RDMA_READ_CONSUME_CHECK_CONSUMER) timestamp=9983 ms, used_size=14725120 bytes (36.0%)
(RDMA_READ_CONSUME_CHECK_CONSUMER) timestamp=9983 ms, used_size=14723072 bytes (35.9%)
(RDMA_READ_CONSUME_CHECK_CONSUMER) timestamp=9983 ms, used_size=14721024 bytes (35.9%)
(RDMA_READ_CONSUME_CHECK_CONSUMER) timestamp=9983 ms, used_size=14718976 bytes (35.9%)
(RDMA_READ_CONSUME_CHECK_CONSUMER) timestamp=9983 ms, used_size=14716928 bytes (35.9%)
(RDMA_READ_CONSUME_CHECK_CONSUMER) timestamp=9983 ms, used_size=14714880 bytes (35.9%)
(RDMA_READ_CONSUME_CHECK_CONSUMER) timestamp=9983 ms, used_size=14712832 bytes (35.9%)
(RDMA_READ_CONSUME_CHECK_CONSUMER) timestamp=9983 ms, used_size=14710784 bytes (35.9%)
(RDMA_READ_CONSUME_CHECK_CONSUMER) timestamp=9983 ms, used_size=14708736 bytes (35.9%)
(RDMA_READ_CONSUME_CHECK_CONSUMER) timestamp=9983 ms, used_size=14706688 bytes (35.9%)
(RDMA_READ_CONSUME_CHECK_CONSUMER) timestamp=9983 ms, used_size=14704640 bytes (35.9%)
(RDMA_READ_CONSUME_CHECK_CONSUMER) timestamp=9983 ms, used_size=14702592 bytes (35.9%)
(RDMA_READ_CONSUME_CHECK_CONSUMER) timestamp=9983 ms, used_size=14700544 bytes (35.9%)
(RDMA_READ_CONSUME_CHECK_CONSUMER) timestamp=9983 ms, used_size=14698496 bytes (35.9%)
(RDMA_READ_CONSUME_CHECK_CONSUMER) timestamp=9983 ms, used_size=14696448 bytes (35.9%)
(RDMA_READ_CONSUME_CHECK_CONSUMER) timestamp=9983 ms, used_size=14694400 bytes (35.9%)
(RDMA_READ_CONSUME_CHECK_CONSUMER) timestamp=9983 ms, used_size=14692352 bytes (35.9%)
(RDMA_READ_CONSUME_CHECK_CONSUMER) timestamp=9983 ms, used_size=14690304 bytes (35.9%)
(RDMA_READ_CONSUME_CHECK_CONSUMER) timestamp=9983 ms, used_size=14688256 bytes (35.9%)
(RDMA_READ_CONSUME_CHECK_CONSUMER) timestamp=9983 ms, used_size=14686208 bytes (35.9%)
(RDMA_READ_CONSUME_CHECK_CONSUMER) timestamp=9983 ms, used_size=14684160 bytes (35.9%)
(RDMA_READ_CONSUME_CHECK_CONSUMER) timestamp=9983 ms, used_size=14682112 bytes (35.8%)
(RDMA_READ_CONSUME_CHECK_CONSUMER) timestamp=9983 ms, used_size=14680064 bytes (35.8%)
(RDMA_READ_CONSUME_CHECK_CONSUMER) timestamp=9983 ms, used_size=14678016 bytes (35.8%)
(RDMA_READ_CONSUME_CHECK_CONSUMER) timestamp=9983 ms, used_size=14675968 bytes (35.8%)
(RDMA_READ_CONSUME_CHECK_CONSUMER) timestamp=9983 ms, used_size=14673920 bytes (35.8%)
(RDMA_READ_CONSUME_CHECK_CONSUMER) timestamp=9983 ms, used_size=14671872 bytes (35.8%)
(RDMA_READ_CONSUME_CHECK_CONSUMER) timestamp=9983 ms, used_size=14669824 bytes (35.8%)
(RDMA_READ_CONSUME_CHECK_CONSUMER) timestamp=9983 ms, used_size=14667776 bytes (35.8%)
(RDMA_READ_CONSUME_CHECK_CONSUMER) timestamp=9983 ms, used_size=14665728 bytes (35.8%)
(RDMA_READ_CONSUME_CHECK_CONSUMER) timestamp=9983 ms, used_size=14663680 bytes (35.8%)
(RDMA_READ_CONSUME_CHECK_CONSUMER) timestamp=9983 ms, used_size=14661632 bytes (35.8%)
(RDMA_READ_CONSUME_CHECK_CONSUMER) timestamp=9983 ms, used_size=14659584 bytes (35.8%)
(RDMA_READ_CONSUME_CHECK_CONSUMER) timestamp=9983 ms, used_size=14657536 bytes (35.8%)
(RDMA_READ_CONSUME_CHECK_CONSUMER) timestamp=9983 ms, used_size=14655488 bytes (35.8%)
(RDMA_READ_CONSUME_CHECK_CONSUMER) timestamp=9983 ms, used_size=14653440 bytes (35.8%)
(RDMA_READ_CONSUME_CHECK_CONSUMER) timestamp=9983 ms, used_size=14651392 bytes (35.8%)
(RDMA_READ_CONSUME_CHECK_CONSUMER) timestamp=9983 ms, used_size=14649344 bytes (35.8%)
(RDMA_READ_CONSUME_CHECK_CONSUMER) timestamp=9983 ms, used_size=14647296 bytes (35.8%)
(RDMA_READ_CONSUME_CHECK_CONSUMER) timestamp=9983 ms, used_size=14645248 bytes (35.8%)
(RDMA_READ_CONSUME_CHECK_CONSUMER) timestamp=9983 ms, used_size=14643200 bytes (35.8%)
(RDMA_READ_CONSUME_CHECK_CONSUMER) timestamp=9983 ms, used_size=14641152 bytes (35.7%)
(RDMA_READ_CONSUME_CHECK_CONSUMER) timestamp=9983 ms, used_size=14639104 bytes (35.7%)
(RDMA_READ_CONSUME_CHECK_CONSUMER) timestamp=9983 ms, used_size=14637056 bytes (35.7%)
(RDMA_READ_CONSUME_CHECK_CONSUMER) timestamp=9983 ms, used_size=14635008 bytes (35.7%)
(RDMA_READ_CONSUME_CHECK_CONSUMER) timestamp=9983 ms, used_size=14632960 bytes (35.7%)
(RDMA_READ_CONSUME_CHECK_CONSUMER) timestamp=9983 ms, used_size=14630912 bytes (35.7%)
(RDMA_READ_CONSUME_CHECK_CONSUMER) timestamp=9983 ms, used_size=14628864 bytes (35.7%)
(RDMA_READ_CONSUME_CHECK_CONSUMER) timestamp=9983 ms, used_size=14626816 bytes (35.7%)
(RDMA_READ_CONSUME_CHECK_CONSUMER) timestamp=9983 ms, used_size=14624768 bytes (35.7%)
(RDMA_READ_CONSUME_CHECK_CONSUMER) timestamp=9983 ms, used_size=14622720 bytes (35.7%)
(RDMA_READ_CONSUME_CHECK_CONSUMER) timestamp=9984 ms, used_size=14620672 bytes (35.7%)
(RDMA_READ_CONSUME_CHECK_CONSUMER) timestamp=9984 ms, used_size=14618624 bytes (35.7%)
(RDMA_READ_CONSUME_CHECK_CONSUMER) timestamp=9984 ms, used_size=14616576 bytes (35.7%)
(RDMA_READ_CONSUME_CHECK_CONSUMER) timestamp=9984 ms, used_size=14614528 bytes (35.7%)
(RDMA_READ_CONSUME_CHECK_CONSUMER) timestamp=9984 ms, used_size=14612480 bytes (35.7%)
(RDMA_READ_CONSUME_CHECK_CONSUMER) timestamp=9984 ms, used_size=14610432 bytes (35.7%)
(RDMA_READ_CONSUME_CHECK_CONSUMER) timestamp=9984 ms, used_size=14608384 bytes (35.7%)
(RDMA_READ_CONSUME_CHECK_CONSUMER) timestamp=9984 ms, used_size=14606336 bytes (35.7%)
(RDMA_READ_CONSUME_CHECK_CONSUMER) timestamp=9984 ms, used_size=14604288 bytes (35.7%)
(RDMA_READ_CONSUME_CHECK_CONSUMER) timestamp=9984 ms, used_size=14602240 bytes (35.6%)
(RDMA_READ_CONSUME_CHECK_CONSUMER) timestamp=9984 ms, used_size=14600192 bytes (35.6%)
(RDMA_READ_CONSUME_CHECK_CONSUMER) timestamp=9984 ms, used_size=14598144 bytes (35.6%)
(RDMA_READ_CONSUME_CHECK_CONSUMER) timestamp=9984 ms, used_size=14596096 bytes (35.6%)
(RDMA_READ_CONSUME_CHECK_CONSUMER) timestamp=9984 ms, used_size=14594048 bytes (35.6%)
(RDMA_READ_CONSUME_CHECK_CONSUMER) timestamp=9984 ms, used_size=14592000 bytes (35.6%)
(RDMA_READ_CONSUME_CHECK_CONSUMER) timestamp=9984 ms, used_size=14589952 bytes (35.6%)
(RDMA_READ_CONSUME_CHECK_CONSUMER) timestamp=9984 ms, used_size=14587904 bytes (35.6%)
(RDMA_READ_CONSUME_CHECK_CONSUMER) timestamp=9984 ms, used_size=14585856 bytes (35.6%)
(RDMA_READ_CONSUME_CHECK_CONSUMER) timestamp=9984 ms, used_size=14583808 bytes (35.6%)
(RDMA_READ_CONSUME_CHECK_CONSUMER) timestamp=9984 ms, used_size=14581760 bytes (35.6%)
(RDMA_READ_CONSUME_CHECK_CONSUMER) timestamp=9984 ms, used_size=14579712 bytes (35.6%)
(RDMA_READ_CONSUME_CHECK_CONSUMER) timestamp=9984 ms, used_size=14577664 bytes (35.6%)
(RDMA_READ_CONSUME_CHECK_CONSUMER) timestamp=9984 ms, used_size=14575616 bytes (35.6%)
(RDMA_READ_CONSUME_CHECK_CONSUMER) timestamp=9984 ms, used_size=14573568 bytes (35.6%)
(RDMA_READ_CONSUME_CHECK_CONSUMER) timestamp=9984 ms, used_size=14571520 bytes (35.6%)
(RDMA_READ_CONSUME_CHECK_CONSUMER) timestamp=9984 ms, used_size=14569472 bytes (35.6%)
(RDMA_READ_CONSUME_CHECK_CONSUMER) timestamp=9984 ms, used_size=14567424 bytes (35.6%)
(RDMA_READ_CONSUME_CHECK_CONSUMER) timestamp=9984 ms, used_size=14565376 bytes (35.6%)
(RDMA_READ_CONSUME_CHECK_CONSUMER) timestamp=9984 ms, used_size=14563328 bytes (35.6%)
(RDMA_READ_CONSUME_CHECK_CONSUMER) timestamp=9984 ms, used_size=14561280 bytes (35.5%)
(RDMA_READ_CONSUME_CHECK_CONSUMER) timestamp=9984 ms, used_size=14559232 bytes (35.5%)
(RDMA_READ_CONSUME_CHECK_CONSUMER) timestamp=9984 ms, used_size=14557184 bytes (35.5%)
(RDMA_READ_CONSUME_CHECK_CONSUMER) timestamp=9984 ms, used_size=14555136 bytes (35.5%)
(RDMA_READ_CONSUME_CHECK_CONSUMER) timestamp=9984 ms, used_size=14553088 bytes (35.5%)
(RDMA_READ_CONSUME_CHECK_CONSUMER) timestamp=9984 ms, used_size=14551040 bytes (35.5%)
(RDMA_READ_CONSUME_CHECK_CONSUMER) timestamp=9984 ms, used_size=14548992 bytes (35.5%)
(RDMA_READ_CONSUME_CHECK_CONSUMER) timestamp=9984 ms, used_size=14546944 bytes (35.5%)
(RDMA_READ_CONSUME_CHECK_CONSUMER) timestamp=9984 ms, used_size=14544896 bytes (35.5%)
(RDMA_READ_CONSUME_CHECK_CONSUMER) timestamp=9984 ms, used_size=14542848 bytes (35.5%)
(RDMA_READ_CONSUME_CHECK_CONSUMER) timestamp=9984 ms, used_size=14540800 bytes (35.5%)
(RDMA_READ_CONSUME_CHECK_CONSUMER) timestamp=9984 ms, used_size=14538752 bytes (35.5%)
(RDMA_READ_CONSUME_CHECK_CONSUMER) timestamp=9984 ms, used_size=14536704 bytes (35.5%)
(RDMA_READ_CONSUME_CHECK_CONSUMER) timestamp=9984 ms, used_size=14534656 bytes (35.5%)
(RDMA_READ_CONSUME_CHECK_CONSUMER) timestamp=9984 ms, used_size=14532608 bytes (35.5%)
(RDMA_READ_CONSUME_CHECK_CONSUMER) timestamp=9984 ms, used_size=14530560 bytes (35.5%)
(RDMA_READ_CONSUME_CHECK_CONSUMER) timestamp=9984 ms, used_size=14528512 bytes (35.5%)
(RDMA_READ_CONSUME_CHECK_CONSUMER) timestamp=9984 ms, used_size=14526464 bytes (35.5%)
(RDMA_READ_CONSUME_CHECK_CONSUMER) timestamp=9984 ms, used_size=14524416 bytes (35.5%)
(RDMA_READ_CONSUME_CHECK_CONSUMER) timestamp=9984 ms, used_size=14522368 bytes (35.5%)
(RDMA_READ_CONSUME_CHECK_CONSUMER) timestamp=9984 ms, used_size=14520320 bytes (35.5%)
(RDMA_READ_CONSUME_CHECK_CONSUMER) timestamp=9984 ms, used_size=14518272 bytes (35.4%)
(RDMA_READ_CONSUME_CHECK_CONSUMER) timestamp=9984 ms, used_size=14516224 bytes (35.4%)
(RDMA_READ_CONSUME_CHECK_CONSUMER) timestamp=9984 ms, used_size=14514176 bytes (35.4%)
(RDMA_READ_CONSUME_CHECK_CONSUMER) timestamp=9984 ms, used_size=14512128 bytes (35.4%)
(RDMA_READ_CONSUME_CHECK_CONSUMER) timestamp=9984 ms, used_size=14510080 bytes (35.4%)
(RDMA_READ_CONSUME_CHECK_CONSUMER) timestamp=9984 ms, used_size=14508032 bytes (35.4%)
(RDMA_READ_CONSUME_CHECK_CONSUMER) timestamp=9984 ms, used_size=14505984 bytes (35.4%)
(RDMA_READ_CONSUME_CHECK_CONSUMER) timestamp=9984 ms, used_size=14503936 bytes (35.4%)
(RDMA_READ_CONSUME_CHECK_CONSUMER) timestamp=9984 ms, used_size=14501888 bytes (35.4%)
(RDMA_READ_CONSUME_CHECK_CONSUMER) timestamp=9984 ms, used_size=14499840 bytes (35.4%)
(RDMA_READ_CONSUME_CHECK_CONSUMER) timestamp=9984 ms, used_size=14497792 bytes (35.4%)
(RDMA_READ_CONSUME_CHECK_CONSUMER) timestamp=9984 ms, used_size=14495744 bytes (35.4%)
(RDMA_READ_CONSUME_CHECK_CONSUMER) timestamp=9984 ms, used_size=14493696 bytes (35.4%)
(RDMA_READ_CONSUME_CHECK_CONSUMER) timestamp=9984 ms, used_size=14491648 bytes (35.4%)
(RDMA_READ_CONSUME_CHECK_CONSUMER) timestamp=9984 ms, used_size=14489600 bytes (35.4%)
(RDMA_READ_CONSUME_CHECK_CONSUMER) timestamp=9984 ms, used_size=14487552 bytes (35.4%)
(RDMA_READ_CONSUME_CHECK_CONSUMER) timestamp=9984 ms, used_size=14485504 bytes (35.4%)
(RDMA_READ_CONSUME_CHECK_CONSUMER) timestamp=9984 ms, used_size=14483456 bytes (35.4%)
(RDMA_READ_CONSUME_CHECK_CONSUMER) timestamp=9984 ms, used_size=14481408 bytes (35.4%)
(RDMA_READ_CONSUME_CHECK_CONSUMER) timestamp=9984 ms, used_size=14479360 bytes (35.4%)
(RDMA_READ_CONSUME_CHECK_CONSUMER) timestamp=9984 ms, used_size=14477312 bytes (35.3%)
(RDMA_READ_CONSUME_CHECK_CONSUMER) timestamp=9984 ms, used_size=14475264 bytes (35.3%)
(RDMA_READ_CONSUME_CHECK_CONSUMER) timestamp=9984 ms, used_size=14473216 bytes (35.3%)
(RDMA_READ_CONSUME_CHECK_CONSUMER) timestamp=9984 ms, used_size=14471168 bytes (35.3%)
(RDMA_READ_CONSUME_CHECK_CONSUMER) timestamp=9984 ms, used_size=14469120 bytes (35.3%)
(RDMA_READ_CONSUME_CHECK_CONSUMER) timestamp=9984 ms, used_size=14467072 bytes (35.3%)
(RDMA_READ_CONSUME_CHECK_CONSUMER) timestamp=9984 ms, used_size=14465024 bytes (35.3%)
(RDMA_READ_CONSUME_CHECK_CONSUMER) timestamp=9984 ms, used_size=14462976 bytes (35.3%)
(RDMA_READ_CONSUME_CHECK_CONSUMER) timestamp=9984 ms, used_size=14460928 bytes (35.3%)
(RDMA_READ_CONSUME_CHECK_CONSUMER) timestamp=9984 ms, used_size=14458880 bytes (35.3%)
(RDMA_READ_CONSUME_CHECK_CONSUMER) timestamp=9984 ms, used_size=14456832 bytes (35.3%)
(RDMA_READ_CONSUME_CHECK_CONSUMER) timestamp=9984 ms, used_size=14454784 bytes (35.3%)
(RDMA_READ_CONSUME_CHECK_CONSUMER) timestamp=9984 ms, used_size=14452736 bytes (35.3%)
(RDMA_READ_CONSUME_CHECK_CONSUMER) timestamp=9984 ms, used_size=14450688 bytes (35.3%)
(RDMA_READ_CONSUME_CHECK_CONSUMER) timestamp=9984 ms, used_size=14448640 bytes (35.3%)
(RDMA_READ_CONSUME_CHECK_CONSUMER) timestamp=9984 ms, used_size=14446592 bytes (35.3%)
(RDMA_READ_CONSUME_CHECK_CONSUMER) timestamp=9984 ms, used_size=14444544 bytes (35.3%)
(RDMA_READ_CONSUME_CHECK_CONSUMER) timestamp=9984 ms, used_size=14442496 bytes (35.3%)
(RDMA_READ_CONSUME_CHECK_CONSUMER) timestamp=9984 ms, used_size=14440448 bytes (35.3%)
(RDMA_READ_CONSUME_CHECK_CONSUMER) timestamp=9984 ms, used_size=14438400 bytes (35.2%)
(RDMA_READ_CONSUME_CHECK_CONSUMER) timestamp=9984 ms, used_size=14436352 bytes (35.2%)
(RDMA_READ_CONSUME_CHECK_CONSUMER) timestamp=9984 ms, used_size=14434304 bytes (35.2%)
(RDMA_READ_CONSUME_CHECK_CONSUMER) timestamp=9984 ms, used_size=14432256 bytes (35.2%)
(RDMA_READ_CONSUME_CHECK_CONSUMER) timestamp=9984 ms, used_size=14430208 bytes (35.2%)
(RDMA_READ_CONSUME_CHECK_CONSUMER) timestamp=9984 ms, used_size=14428160 bytes (35.2%)
(RDMA_READ_CONSUME_CHECK_CONSUMER) timestamp=9984 ms, used_size=14426112 bytes (35.2%)
(RDMA_READ_CONSUME_CHECK_CONSUMER) timestamp=9984 ms, used_size=14424064 bytes (35.2%)
(RDMA_READ_CONSUME_CHECK_CONSUMER) timestamp=9984 ms, used_size=14422016 bytes (35.2%)
(RDMA_READ_CONSUME_CHECK_CONSUMER) timestamp=9984 ms, used_size=14419968 bytes (35.2%)
(RDMA_READ_CONSUME_CHECK_CONSUMER) timestamp=9984 ms, used_size=14417920 bytes (35.2%)
(RDMA_READ_CONSUME_CHECK_CONSUMER) timestamp=9984 ms, used_size=14415872 bytes (35.2%)
(RDMA_READ_CONSUME_CHECK_CONSUMER) timestamp=9984 ms, used_size=14413824 bytes (35.2%)
(RDMA_READ_CONSUME_CHECK_CONSUMER) timestamp=9984 ms, used_size=14411776 bytes (35.2%)
(RDMA_READ_CONSUME_CHECK_CONSUMER) timestamp=9984 ms, used_size=14409728 bytes (35.2%)
(RDMA_READ_CONSUME_CHECK_CONSUMER) timestamp=9984 ms, used_size=14407680 bytes (35.2%)
(RDMA_READ_CONSUME_CHECK_CONSUMER) timestamp=9984 ms, used_size=14405632 bytes (35.2%)
(RDMA_READ_CONSUME_CHECK_CONSUMER) timestamp=9984 ms, used_size=14403584 bytes (35.2%)
(RDMA_READ_CONSUME_CHECK_CONSUMER) timestamp=9984 ms, used_size=14401536 bytes (35.2%)
(RDMA_READ_CONSUME_CHECK_CONSUMER) timestamp=9984 ms, used_size=14399488 bytes (35.2%)
(RDMA_READ_CONSUME_CHECK_CONSUMER) timestamp=9984 ms, used_size=14397440 bytes (35.1%)
(RDMA_READ_CONSUME_CHECK_CONSUMER) timestamp=9984 ms, used_size=14395392 bytes (35.1%)
(RDMA_READ_CONSUME_CHECK_CONSUMER) timestamp=9984 ms, used_size=14393344 bytes (35.1%)
(RDMA_READ_CONSUME_CHECK_CONSUMER) timestamp=9984 ms, used_size=14391296 bytes (35.1%)
(RDMA_READ_CONSUME_CHECK_CONSUMER) timestamp=9984 ms, used_size=14389248 bytes (35.1%)
(RDMA_READ_CONSUME_CHECK_CONSUMER) timestamp=9984 ms, used_size=14387200 bytes (35.1%)
(RDMA_READ_CONSUME_CHECK_CONSUMER) timestamp=9984 ms, used_size=14385152 bytes (35.1%)
(RDMA_READ_CONSUME_CHECK_CONSUMER) timestamp=9984 ms, used_size=14383104 bytes (35.1%)
(RDMA_READ_CONSUME_CHECK_CONSUMER) timestamp=9984 ms, used_size=14381056 bytes (35.1%)
(RDMA_READ_CONSUME_CHECK_CONSUMER) timestamp=9984 ms, used_size=14379008 bytes (35.1%)
(RDMA_READ_CONSUME_CHECK_CONSUMER) timestamp=9984 ms, used_size=14376960 bytes (35.1%)
(RDMA_READ_CONSUME_CHECK_CONSUMER) timestamp=9984 ms, used_size=14374912 bytes (35.1%)
(RDMA_READ_CONSUME_CHECK_CONSUMER) timestamp=9984 ms, used_size=14372864 bytes (35.1%)
(RDMA_READ_CONSUME_CHECK_CONSUMER) timestamp=9984 ms, used_size=14370816 bytes (35.1%)
(RDMA_READ_CONSUME_CHECK_CONSUMER) timestamp=9984 ms, used_size=14368768 bytes (35.1%)
(RDMA_READ_CONSUME_CHECK_CONSUMER) timestamp=9984 ms, used_size=14366720 bytes (35.1%)
(RDMA_READ_CONSUME_CHECK_CONSUMER) timestamp=9984 ms, used_size=14364672 bytes (35.1%)
(RDMA_READ_CONSUME_CHECK_CONSUMER) timestamp=9984 ms, used_size=14362624 bytes (35.1%)
(RDMA_READ_CONSUME_CHECK_CONSUMER) timestamp=9984 ms, used_size=14360576 bytes (35.1%)
(RDMA_READ_CONSUME_CHECK_CONSUMER) timestamp=9984 ms, used_size=14358528 bytes (35.1%)
(RDMA_READ_CONSUME_CHECK_CONSUMER) timestamp=9984 ms, used_size=14356480 bytes (35.0%)
(RDMA_READ_CONSUME_CHECK_CONSUMER) timestamp=9984 ms, used_size=14354432 bytes (35.0%)
(RDMA_READ_CONSUME_CHECK_CONSUMER) timestamp=9984 ms, used_size=14352384 bytes (35.0%)
(RDMA_READ_CONSUME_CHECK_CONSUMER) timestamp=9984 ms, used_size=14350336 bytes (35.0%)
(RDMA_READ_CONSUME_CHECK_CONSUMER) timestamp=9984 ms, used_size=14348288 bytes (35.0%)
(RDMA_READ_CONSUME_CHECK_CONSUMER) timestamp=9984 ms, used_size=14346240 bytes (35.0%)
(RDMA_READ_CONSUME_CHECK_CONSUMER) timestamp=9984 ms, used_size=14344192 bytes (35.0%)
(RDMA_READ_CONSUME_CHECK_CONSUMER) timestamp=9984 ms, used_size=14342144 bytes (35.0%)
(RDMA_READ_CONSUME_CHECK_CONSUMER) timestamp=9984 ms, used_size=14340096 bytes (35.0%)
(RDMA_READ_CONSUME_CHECK_CONSUMER) timestamp=9984 ms, used_size=14338048 bytes (35.0%)
(RDMA_READ_CONSUME_CHECK_CONSUMER) timestamp=9984 ms, used_size=14336000 bytes (35.0%)
(RDMA_READ_CONSUME_CHECK_CONSUMER) timestamp=9984 ms, used_size=14333952 bytes (35.0%)
(RDMA_READ_CONSUME_CHECK_CONSUMER) timestamp=9984 ms, used_size=14331904 bytes (35.0%)
(RDMA_READ_CONSUME_CHECK_CONSUMER) timestamp=9984 ms, used_size=14329856 bytes (35.0%)
(RDMA_READ_CONSUME_CHECK_CONSUMER) timestamp=9984 ms, used_size=14327808 bytes (35.0%)
(RDMA_READ_CONSUME_CHECK_CONSUMER) timestamp=9984 ms, used_size=14325760 bytes (35.0%)
(RDMA_READ_CONSUME_CHECK_CONSUMER) timestamp=9984 ms, used_size=14323712 bytes (35.0%)
(RDMA_READ_CONSUME_CHECK_CONSUMER) timestamp=9984 ms, used_size=14321664 bytes (35.0%)
(RDMA_READ_CONSUME_CHECK_CONSUMER) timestamp=9984 ms, used_size=14319616 bytes (35.0%)
(RDMA_READ_CONSUME_CHECK_CONSUMER) timestamp=9984 ms, used_size=14317568 bytes (35.0%)
(RDMA_READ_CONSUME_CHECK_CONSUMER) timestamp=9984 ms, used_size=14315520 bytes (35.0%)
(RDMA_READ_CONSUME_CHECK_CONSUMER) timestamp=9984 ms, used_size=14313472 bytes (34.9%)
(RDMA_READ_CONSUME_CHECK_CONSUMER) timestamp=9984 ms, used_size=14311424 bytes (34.9%)
(RDMA_READ_CONSUME_CHECK_CONSUMER) timestamp=9984 ms, used_size=14309376 bytes (34.9%)
(RDMA_READ_CONSUME_CHECK_CONSUMER) timestamp=9984 ms, used_size=14307328 bytes (34.9%)
(RDMA_READ_CONSUME_CHECK_CONSUMER) timestamp=9984 ms, used_size=14305280 bytes (34.9%)
(RDMA_READ_CONSUME_CHECK_CONSUMER) timestamp=9984 ms, used_size=14303232 bytes (34.9%)
(RDMA_READ_CONSUME_CHECK_CONSUMER) timestamp=9984 ms, used_size=14301184 bytes (34.9%)
(RDMA_READ_CONSUME_CHECK_CONSUMER) timestamp=9984 ms, used_size=14299136 bytes (34.9%)
(RDMA_READ_CONSUME_CHECK_CONSUMER) timestamp=9984 ms, used_size=14297088 bytes (34.9%)
(RDMA_READ_CONSUME_CHECK_CONSUMER) timestamp=9984 ms, used_size=14295040 bytes (34.9%)
(RDMA_READ_CONSUME_CHECK_CONSUMER) timestamp=9984 ms, used_size=14292992 bytes (34.9%)
(RDMA_READ_CONSUME_CHECK_CONSUMER) timestamp=9984 ms, used_size=14290944 bytes (34.9%)
(RDMA_READ_CONSUME_CHECK_CONSUMER) timestamp=9984 ms, used_size=14288896 bytes (34.9%)
(RDMA_READ_CONSUME_CHECK_CONSUMER) timestamp=9984 ms, used_size=14286848 bytes (34.9%)
(RDMA_READ_CONSUME_CHECK_CONSUMER) timestamp=9984 ms, used_size=14284800 bytes (34.9%)
(RDMA_READ_CONSUME_CHECK_CONSUMER) timestamp=9984 ms, used_size=14282752 bytes (34.9%)
(RDMA_READ_CONSUME_CHECK_CONSUMER) timestamp=9984 ms, used_size=14280704 bytes (34.9%)
(RDMA_READ_CONSUME_CHECK_CONSUMER) timestamp=9984 ms, used_size=14278656 bytes (34.9%)
(RDMA_READ_CONSUME_CHECK_CONSUMER) timestamp=9984 ms, used_size=14276608 bytes (34.9%)
(RDMA_READ_CONSUME_CHECK_CONSUMER) timestamp=9984 ms, used_size=14274560 bytes (34.9%)
(RDMA_READ_CONSUME_CHECK_CONSUMER) timestamp=9984 ms, used_size=14272512 bytes (34.8%)
(RDMA_READ_CONSUME_CHECK_CONSUMER) timestamp=9985 ms, used_size=14270464 bytes (34.8%)
(RDMA_READ_CONSUME_CHECK_CONSUMER) timestamp=9985 ms, used_size=14268416 bytes (34.8%)
(RDMA_READ_CONSUME_CHECK_CONSUMER) timestamp=9985 ms, used_size=14266368 bytes (34.8%)
(RDMA_READ_CONSUME_CHECK_CONSUMER) timestamp=9985 ms, used_size=14264320 bytes (34.8%)
(RDMA_READ_CONSUME_CHECK_CONSUMER) timestamp=9985 ms, used_size=14262272 bytes (34.8%)
(RDMA_READ_CONSUME_CHECK_CONSUMER) timestamp=9985 ms, used_size=14260224 bytes (34.8%)
(RDMA_READ_CONSUME_CHECK_CONSUMER) timestamp=9985 ms, used_size=14258176 bytes (34.8%)
(RDMA_READ_CONSUME_CHECK_CONSUMER) timestamp=9985 ms, used_size=14256128 bytes (34.8%)
(RDMA_READ_CONSUME_CHECK_CONSUMER) timestamp=9985 ms, used_size=14254080 bytes (34.8%)
(RDMA_READ_CONSUME_CHECK_CONSUMER) timestamp=9985 ms, used_size=14252032 bytes (34.8%)
(RDMA_READ_CONSUME_CHECK_CONSUMER) timestamp=9985 ms, used_size=14249984 bytes (34.8%)
(RDMA_READ_CONSUME_CHECK_CONSUMER) timestamp=9985 ms, used_size=14247936 bytes (34.8%)
(RDMA_READ_CONSUME_CHECK_CONSUMER) timestamp=9985 ms, used_size=14245888 bytes (34.8%)
(RDMA_READ_CONSUME_CHECK_CONSUMER) timestamp=9985 ms, used_size=14243840 bytes (34.8%)
(RDMA_READ_CONSUME_CHECK_CONSUMER) timestamp=9985 ms, used_size=14241792 bytes (34.8%)
(RDMA_READ_CONSUME_CHECK_CONSUMER) timestamp=9985 ms, used_size=14239744 bytes (34.8%)
(RDMA_READ_CONSUME_CHECK_CONSUMER) timestamp=9985 ms, used_size=14237696 bytes (34.8%)
(RDMA_READ_CONSUME_CHECK_CONSUMER) timestamp=9985 ms, used_size=14235648 bytes (34.8%)
(RDMA_READ_CONSUME_CHECK_CONSUMER) timestamp=9985 ms, used_size=14233600 bytes (34.8%)
(RDMA_READ_CONSUME_CHECK_CONSUMER) timestamp=9985 ms, used_size=14231552 bytes (34.7%)
(RDMA_READ_CONSUME_CHECK_CONSUMER) timestamp=9985 ms, used_size=14229504 bytes (34.7%)
(RDMA_READ_CONSUME_CHECK_CONSUMER) timestamp=9985 ms, used_size=14227456 bytes (34.7%)
(RDMA_READ_CONSUME_CHECK_CONSUMER) timestamp=9985 ms, used_size=14225408 bytes (34.7%)
(RDMA_READ_CONSUME_CHECK_CONSUMER) timestamp=9985 ms, used_size=14223360 bytes (34.7%)
(RDMA_READ_CONSUME_CHECK_CONSUMER) timestamp=9985 ms, used_size=14221312 bytes (34.7%)
(RDMA_READ_CONSUME_CHECK_CONSUMER) timestamp=9985 ms, used_size=14219264 bytes (34.7%)
(RDMA_READ_CONSUME_CHECK_CONSUMER) timestamp=9985 ms, used_size=14217216 bytes (34.7%)
(RDMA_READ_CONSUME_CHECK_CONSUMER) timestamp=9985 ms, used_size=14215168 bytes (34.7%)
(RDMA_READ_CONSUME_CHECK_CONSUMER) timestamp=9985 ms, used_size=14213120 bytes (34.7%)
(RDMA_READ_CONSUME_CHECK_CONSUMER) timestamp=9985 ms, used_size=14211072 bytes (34.7%)
(RDMA_READ_CONSUME_CHECK_CONSUMER) timestamp=9985 ms, used_size=14209024 bytes (34.7%)
(RDMA_READ_CONSUME_CHECK_CONSUMER) timestamp=9985 ms, used_size=14206976 bytes (34.7%)
(RDMA_READ_CONSUME_CHECK_CONSUMER) timestamp=9985 ms, used_size=14204928 bytes (34.7%)
(RDMA_READ_CONSUME_CHECK_CONSUMER) timestamp=9985 ms, used_size=14202880 bytes (34.7%)
(RDMA_READ_CONSUME_CHECK_CONSUMER) timestamp=9985 ms, used_size=14200832 bytes (34.7%)
(RDMA_READ_CONSUME_CHECK_CONSUMER) timestamp=9985 ms, used_size=14198784 bytes (34.7%)
(RDMA_READ_CONSUME_CHECK_CONSUMER) timestamp=9985 ms, used_size=14196736 bytes (34.7%)
(RDMA_READ_CONSUME_CHECK_CONSUMER) timestamp=9985 ms, used_size=14194688 bytes (34.7%)
(RDMA_READ_CONSUME_CHECK_CONSUMER) timestamp=9985 ms, used_size=14192640 bytes (34.6%)
(RDMA_READ_CONSUME_CHECK_CONSUMER) timestamp=9985 ms, used_size=14190592 bytes (34.6%)
(RDMA_READ_CONSUME_CHECK_CONSUMER) timestamp=9985 ms, used_size=14188544 bytes (34.6%)
(RDMA_READ_CONSUME_CHECK_CONSUMER) timestamp=9985 ms, used_size=14186496 bytes (34.6%)
(RDMA_READ_CONSUME_CHECK_CONSUMER) timestamp=9985 ms, used_size=14184448 bytes (34.6%)
(RDMA_READ_CONSUME_CHECK_CONSUMER) timestamp=9985 ms, used_size=14182400 bytes (34.6%)
(RDMA_READ_CONSUME_CHECK_CONSUMER) timestamp=9985 ms, used_size=14180352 bytes (34.6%)
(RDMA_READ_CONSUME_CHECK_CONSUMER) timestamp=9985 ms, used_size=14178304 bytes (34.6%)
(RDMA_READ_CONSUME_CHECK_CONSUMER) timestamp=9985 ms, used_size=14176256 bytes (34.6%)
(RDMA_READ_CONSUME_CHECK_CONSUMER) timestamp=9985 ms, used_size=14174208 bytes (34.6%)
(RDMA_READ_CONSUME_CHECK_CONSUMER) timestamp=9985 ms, used_size=14172160 bytes (34.6%)
(RDMA_READ_CONSUME_CHECK_CONSUMER) timestamp=9985 ms, used_size=14170112 bytes (34.6%)
(RDMA_READ_CONSUME_CHECK_CONSUMER) timestamp=9985 ms, used_size=14168064 bytes (34.6%)
(RDMA_READ_CONSUME_CHECK_CONSUMER) timestamp=9985 ms, used_size=14166016 bytes (34.6%)
(RDMA_READ_CONSUME_CHECK_CONSUMER) timestamp=9985 ms, used_size=14163968 bytes (34.6%)
(RDMA_READ_CONSUME_CHECK_CONSUMER) timestamp=9985 ms, used_size=14161920 bytes (34.6%)
(RDMA_READ_CONSUME_CHECK_CONSUMER) timestamp=9985 ms, used_size=14159872 bytes (34.6%)
(RDMA_READ_CONSUME_CHECK_CONSUMER) timestamp=9985 ms, used_size=14157824 bytes (34.6%)
(RDMA_READ_CONSUME_CHECK_CONSUMER) timestamp=9985 ms, used_size=14155776 bytes (34.6%)
(RDMA_READ_CONSUME_CHECK_CONSUMER) timestamp=9985 ms, used_size=14153728 bytes (34.6%)
(RDMA_READ_CONSUME_CHECK_CONSUMER) timestamp=9985 ms, used_size=14151680 bytes (34.5%)
(RDMA_READ_CONSUME_CHECK_CONSUMER) timestamp=9985 ms, used_size=14149632 bytes (34.5%)
(RDMA_READ_CONSUME_CHECK_CONSUMER) timestamp=9985 ms, used_size=14147584 bytes (34.5%)
(RDMA_READ_CONSUME_CHECK_CONSUMER) timestamp=9985 ms, used_size=14145536 bytes (34.5%)
(RDMA_READ_CONSUME_CHECK_CONSUMER) timestamp=9985 ms, used_size=14143488 bytes (34.5%)
(RDMA_READ_CONSUME_CHECK_CONSUMER) timestamp=9985 ms, used_size=14141440 bytes (34.5%)
(RDMA_READ_CONSUME_CHECK_CONSUMER) timestamp=9985 ms, used_size=14139392 bytes (34.5%)
(RDMA_READ_CONSUME_CHECK_CONSUMER) timestamp=9985 ms, used_size=14137344 bytes (34.5%)
(RDMA_READ_CONSUME_CHECK_CONSUMER) timestamp=9985 ms, used_size=14135296 bytes (34.5%)
(RDMA_READ_CONSUME_CHECK_CONSUMER) timestamp=9985 ms, used_size=14133248 bytes (34.5%)
(RDMA_READ_CONSUME_CHECK_CONSUMER) timestamp=9985 ms, used_size=14131200 bytes (34.5%)
(RDMA_READ_CONSUME_CHECK_CONSUMER) timestamp=9985 ms, used_size=14129152 bytes (34.5%)
(RDMA_READ_CONSUME_CHECK_CONSUMER) timestamp=9985 ms, used_size=14127104 bytes (34.5%)
(RDMA_READ_CONSUME_CHECK_CONSUMER) timestamp=9985 ms, used_size=14125056 bytes (34.5%)
(RDMA_READ_CONSUME_CHECK_CONSUMER) timestamp=9985 ms, used_size=14123008 bytes (34.5%)
(RDMA_READ_CONSUME_CHECK_CONSUMER) timestamp=9985 ms, used_size=14120960 bytes (34.5%)
(RDMA_READ_CONSUME_CHECK_CONSUMER) timestamp=9985 ms, used_size=14118912 bytes (34.5%)
(RDMA_READ_CONSUME_CHECK_CONSUMER) timestamp=9985 ms, used_size=14116864 bytes (34.5%)
(RDMA_READ_CONSUME_CHECK_CONSUMER) timestamp=9985 ms, used_size=14114816 bytes (34.5%)
(RDMA_READ_CONSUME_CHECK_CONSUMER) timestamp=9985 ms, used_size=14112768 bytes (34.5%)
(RDMA_READ_CONSUME_CHECK_CONSUMER) timestamp=9985 ms, used_size=14110720 bytes (34.5%)
(RDMA_READ_CONSUME_CHECK_CONSUMER) timestamp=9985 ms, used_size=14108672 bytes (34.4%)
(RDMA_READ_CONSUME_CHECK_CONSUMER) timestamp=9985 ms, used_size=14106624 bytes (34.4%)
(RDMA_READ_CONSUME_CHECK_CONSUMER) timestamp=9985 ms, used_size=14104576 bytes (34.4%)
(RDMA_READ_CONSUME_CHECK_CONSUMER) timestamp=9985 ms, used_size=14102528 bytes (34.4%)
(RDMA_READ_CONSUME_CHECK_CONSUMER) timestamp=9985 ms, used_size=14100480 bytes (34.4%)
(RDMA_READ_CONSUME_CHECK_CONSUMER) timestamp=9985 ms, used_size=14098432 bytes (34.4%)
(RDMA_READ_CONSUME_CHECK_CONSUMER) timestamp=9985 ms, used_size=14096384 bytes (34.4%)
(RDMA_READ_CONSUME_CHECK_CONSUMER) timestamp=9985 ms, used_size=14094336 bytes (34.4%)
(RDMA_READ_CONSUME_CHECK_CONSUMER) timestamp=9985 ms, used_size=14092288 bytes (34.4%)
(RDMA_READ_CONSUME_CHECK_CONSUMER) timestamp=9985 ms, used_size=14090240 bytes (34.4%)
(RDMA_READ_CONSUME_CHECK_CONSUMER) timestamp=9985 ms, used_size=14088192 bytes (34.4%)
(RDMA_READ_CONSUME_CHECK_CONSUMER) timestamp=9985 ms, used_size=14086144 bytes (34.4%)
(RDMA_READ_CONSUME_CHECK_CONSUMER) timestamp=9985 ms, used_size=14084096 bytes (34.4%)
(RDMA_READ_CONSUME_CHECK_CONSUMER) timestamp=9985 ms, used_size=14082048 bytes (34.4%)
(RDMA_READ_CONSUME_CHECK_CONSUMER) timestamp=9985 ms, used_size=14080000 bytes (34.4%)
(RDMA_READ_CONSUME_CHECK_CONSUMER) timestamp=9985 ms, used_size=14077952 bytes (34.4%)
(RDMA_READ_CONSUME_CHECK_CONSUMER) timestamp=9985 ms, used_size=14075904 bytes (34.4%)
(RDMA_READ_CONSUME_CHECK_CONSUMER) timestamp=9985 ms, used_size=14073856 bytes (34.4%)
(RDMA_READ_CONSUME_CHECK_CONSUMER) timestamp=9985 ms, used_size=14071808 bytes (34.4%)
(RDMA_READ_CONSUME_CHECK_CONSUMER) timestamp=9985 ms, used_size=14069760 bytes (34.4%)
(RDMA_READ_CONSUME_CHECK_CONSUMER) timestamp=9985 ms, used_size=14067712 bytes (34.3%)
(RDMA_READ_CONSUME_CHECK_CONSUMER) timestamp=9985 ms, used_size=14065664 bytes (34.3%)
(RDMA_READ_CONSUME_CHECK_CONSUMER) timestamp=9985 ms, used_size=14063616 bytes (34.3%)
(RDMA_READ_CONSUME_CHECK_CONSUMER) timestamp=9985 ms, used_size=14061568 bytes (34.3%)
(RDMA_READ_CONSUME_CHECK_CONSUMER) timestamp=9985 ms, used_size=14059520 bytes (34.3%)
(RDMA_READ_CONSUME_CHECK_CONSUMER) timestamp=9985 ms, used_size=14057472 bytes (34.3%)
(RDMA_READ_CONSUME_CHECK_CONSUMER) timestamp=9985 ms, used_size=14055424 bytes (34.3%)
(RDMA_READ_CONSUME_CHECK_CONSUMER) timestamp=9985 ms, used_size=14053376 bytes (34.3%)
(RDMA_READ_CONSUME_CHECK_CONSUMER) timestamp=9985 ms, used_size=14051328 bytes (34.3%)
(RDMA_READ_CONSUME_CHECK_CONSUMER) timestamp=9985 ms, used_size=14049280 bytes (34.3%)
(RDMA_READ_CONSUME_CHECK_CONSUMER) timestamp=9985 ms, used_size=14047232 bytes (34.3%)
(RDMA_READ_CONSUME_CHECK_CONSUMER) timestamp=9985 ms, used_size=14045184 bytes (34.3%)
(RDMA_READ_CONSUME_CHECK_CONSUMER) timestamp=9985 ms, used_size=14043136 bytes (34.3%)
(RDMA_READ_CONSUME_CHECK_CONSUMER) timestamp=9985 ms, used_size=14041088 bytes (34.3%)
(RDMA_READ_CONSUME_CHECK_CONSUMER) timestamp=9985 ms, used_size=14039040 bytes (34.3%)
(RDMA_READ_CONSUME_CHECK_CONSUMER) timestamp=9985 ms, used_size=14036992 bytes (34.3%)
(RDMA_READ_CONSUME_CHECK_CONSUMER) timestamp=9985 ms, used_size=14034944 bytes (34.3%)
(RDMA_READ_CONSUME_CHECK_CONSUMER) timestamp=9985 ms, used_size=14032896 bytes (34.3%)
(RDMA_READ_CONSUME_CHECK_CONSUMER) timestamp=9985 ms, used_size=14030848 bytes (34.3%)
(RDMA_READ_CONSUME_CHECK_CONSUMER) timestamp=9985 ms, used_size=14028800 bytes (34.2%)
(RDMA_READ_CONSUME_CHECK_CONSUMER) timestamp=9985 ms, used_size=14026752 bytes (34.2%)
(RDMA_READ_CONSUME_CHECK_CONSUMER) timestamp=9985 ms, used_size=14024704 bytes (34.2%)
(RDMA_READ_CONSUME_CHECK_CONSUMER) timestamp=9985 ms, used_size=14022656 bytes (34.2%)
(RDMA_READ_CONSUME_CHECK_CONSUMER) timestamp=9985 ms, used_size=14020608 bytes (34.2%)
(RDMA_READ_CONSUME_CHECK_CONSUMER) timestamp=9985 ms, used_size=14018560 bytes (34.2%)
(RDMA_READ_CONSUME_CHECK_CONSUMER) timestamp=9985 ms, used_size=14016512 bytes (34.2%)
(RDMA_READ_CONSUME_CHECK_CONSUMER) timestamp=9985 ms, used_size=14014464 bytes (34.2%)
(RDMA_READ_CONSUME_CHECK_CONSUMER) timestamp=9985 ms, used_size=14012416 bytes (34.2%)
(RDMA_READ_CONSUME_CHECK_CONSUMER) timestamp=9985 ms, used_size=14010368 bytes (34.2%)
(RDMA_READ_CONSUME_CHECK_CONSUMER) timestamp=9985 ms, used_size=14008320 bytes (34.2%)
(RDMA_READ_CONSUME_CHECK_CONSUMER) timestamp=9985 ms, used_size=14006272 bytes (34.2%)
(RDMA_READ_CONSUME_CHECK_CONSUMER) timestamp=9985 ms, used_size=14004224 bytes (34.2%)
(RDMA_READ_CONSUME_CHECK_CONSUMER) timestamp=9985 ms, used_size=14002176 bytes (34.2%)
(RDMA_READ_CONSUME_CHECK_CONSUMER) timestamp=9985 ms, used_size=14000128 bytes (34.2%)
(RDMA_READ_CONSUME_CHECK_CONSUMER) timestamp=9985 ms, used_size=13998080 bytes (34.2%)
(RDMA_READ_CONSUME_CHECK_CONSUMER) timestamp=9985 ms, used_size=13996032 bytes (34.2%)
(RDMA_READ_CONSUME_CHECK_CONSUMER) timestamp=9985 ms, used_size=13993984 bytes (34.2%)
(RDMA_READ_CONSUME_CHECK_CONSUMER) timestamp=9985 ms, used_size=13991936 bytes (34.2%)
(RDMA_READ_CONSUME_CHECK_CONSUMER) timestamp=9985 ms, used_size=13989888 bytes (34.2%)
(RDMA_READ_CONSUME_CHECK_CONSUMER) timestamp=9985 ms, used_size=13987840 bytes (34.1%)
(RDMA_READ_CONSUME_CHECK_CONSUMER) timestamp=9985 ms, used_size=13985792 bytes (34.1%)
(RDMA_READ_CONSUME_CHECK_CONSUMER) timestamp=9985 ms, used_size=13983744 bytes (34.1%)
(RDMA_READ_CONSUME_CHECK_CONSUMER) timestamp=9985 ms, used_size=13981696 bytes (34.1%)
(RDMA_READ_CONSUME_CHECK_CONSUMER) timestamp=9985 ms, used_size=13979648 bytes (34.1%)
(RDMA_READ_CONSUME_CHECK_CONSUMER) timestamp=9985 ms, used_size=13977600 bytes (34.1%)
(RDMA_READ_CONSUME_CHECK_CONSUMER) timestamp=9985 ms, used_size=13975552 bytes (34.1%)
(RDMA_READ_CONSUME_CHECK_CONSUMER) timestamp=9985 ms, used_size=13973504 bytes (34.1%)
(RDMA_READ_CONSUME_CHECK_CONSUMER) timestamp=9985 ms, used_size=13971456 bytes (34.1%)
(RDMA_READ_CONSUME_CHECK_CONSUMER) timestamp=9985 ms, used_size=13969408 bytes (34.1%)
(RDMA_READ_CONSUME_CHECK_CONSUMER) timestamp=9985 ms, used_size=13967360 bytes (34.1%)
(RDMA_READ_CONSUME_CHECK_CONSUMER) timestamp=9985 ms, used_size=13965312 bytes (34.1%)
(RDMA_READ_CONSUME_CHECK_CONSUMER) timestamp=9985 ms, used_size=13963264 bytes (34.1%)
(RDMA_READ_CONSUME_CHECK_CONSUMER) timestamp=9985 ms, used_size=13961216 bytes (34.1%)
(RDMA_READ_CONSUME_CHECK_CONSUMER) timestamp=9985 ms, used_size=13959168 bytes (34.1%)
(RDMA_READ_CONSUME_CHECK_CONSUMER) timestamp=9985 ms, used_size=13957120 bytes (34.1%)
(RDMA_READ_CONSUME_CHECK_CONSUMER) timestamp=9985 ms, used_size=13955072 bytes (34.1%)
(RDMA_READ_CONSUME_CHECK_CONSUMER) timestamp=9985 ms, used_size=13953024 bytes (34.1%)
(RDMA_READ_CONSUME_CHECK_CONSUMER) timestamp=9985 ms, used_size=13950976 bytes (34.1%)
(RDMA_READ_CONSUME_CHECK_CONSUMER) timestamp=9985 ms, used_size=13948928 bytes (34.1%)
(RDMA_READ_CONSUME_CHECK_CONSUMER) timestamp=9985 ms, used_size=13946880 bytes (34.0%)
(RDMA_READ_CONSUME_CHECK_CONSUMER) timestamp=9985 ms, used_size=13944832 bytes (34.0%)
(RDMA_READ_CONSUME_CHECK_CONSUMER) timestamp=9985 ms, used_size=13942784 bytes (34.0%)
(RDMA_READ_CONSUME_CHECK_CONSUMER) timestamp=9985 ms, used_size=13940736 bytes (34.0%)
(RDMA_READ_CONSUME_CHECK_CONSUMER) timestamp=9985 ms, used_size=13938688 bytes (34.0%)
(RDMA_READ_CONSUME_CHECK_CONSUMER) timestamp=9985 ms, used_size=13936640 bytes (34.0%)
(RDMA_READ_CONSUME_CHECK_CONSUMER) timestamp=9985 ms, used_size=13934592 bytes (34.0%)
(RDMA_READ_CONSUME_CHECK_CONSUMER) timestamp=9985 ms, used_size=13932544 bytes (34.0%)
(RDMA_READ_CONSUME_CHECK_CONSUMER) timestamp=9985 ms, used_size=13930496 bytes (34.0%)
(RDMA_READ_CONSUME_CHECK_CONSUMER) timestamp=9985 ms, used_size=13928448 bytes (34.0%)
(RDMA_READ_CONSUME_CHECK_CONSUMER) timestamp=9985 ms, used_size=13926400 bytes (34.0%)
(RDMA_READ_CONSUME_CHECK_CONSUMER) timestamp=9985 ms, used_size=13924352 bytes (34.0%)
(RDMA_READ_CONSUME_CHECK_CONSUMER) timestamp=9985 ms, used_size=13922304 bytes (34.0%)
(RDMA_READ_CONSUME_CHECK_CONSUMER) timestamp=9986 ms, used_size=13920256 bytes (34.0%)
(RDMA_READ_CONSUME_CHECK_CONSUMER) timestamp=9986 ms, used_size=13918208 bytes (34.0%)
(RDMA_READ_CONSUME_CHECK_CONSUMER) timestamp=9986 ms, used_size=13916160 bytes (34.0%)
(RDMA_READ_CONSUME_CHECK_CONSUMER) timestamp=9986 ms, used_size=13914112 bytes (34.0%)
(RDMA_READ_CONSUME_CHECK_CONSUMER) timestamp=9986 ms, used_size=13912064 bytes (34.0%)
(RDMA_READ_CONSUME_CHECK_CONSUMER) timestamp=9986 ms, used_size=13910016 bytes (34.0%)
(RDMA_READ_CONSUME_CHECK_CONSUMER) timestamp=9986 ms, used_size=13907968 bytes (34.0%)
(RDMA_READ_CONSUME_CHECK_CONSUMER) timestamp=9986 ms, used_size=13905920 bytes (34.0%)
(RDMA_READ_CONSUME_CHECK_CONSUMER) timestamp=9986 ms, used_size=13903872 bytes (33.9%)
(RDMA_READ_CONSUME_CHECK_CONSUMER) timestamp=9986 ms, used_size=13901824 bytes (33.9%)
(RDMA_READ_CONSUME_CHECK_CONSUMER) timestamp=9986 ms, used_size=13899776 bytes (33.9%)
(RDMA_READ_CONSUME_CHECK_CONSUMER) timestamp=9986 ms, used_size=13897728 bytes (33.9%)
(RDMA_READ_CONSUME_CHECK_CONSUMER) timestamp=9986 ms, used_size=13895680 bytes (33.9%)
(RDMA_READ_CONSUME_CHECK_CONSUMER) timestamp=9986 ms, used_size=13893632 bytes (33.9%)
(RDMA_READ_CONSUME_CHECK_CONSUMER) timestamp=9986 ms, used_size=13891584 bytes (33.9%)
(RDMA_READ_CONSUME_CHECK_CONSUMER) timestamp=9986 ms, used_size=13889536 bytes (33.9%)
(RDMA_READ_CONSUME_CHECK_CONSUMER) timestamp=9986 ms, used_size=13887488 bytes (33.9%)
(RDMA_READ_CONSUME_CHECK_CONSUMER) timestamp=9986 ms, used_size=13885440 bytes (33.9%)
(RDMA_READ_CONSUME_CHECK_CONSUMER) timestamp=9986 ms, used_size=13883392 bytes (33.9%)
(RDMA_READ_CONSUME_CHECK_CONSUMER) timestamp=9986 ms, used_size=13881344 bytes (33.9%)
(RDMA_READ_CONSUME_CHECK_CONSUMER) timestamp=9986 ms, used_size=13879296 bytes (33.9%)
(RDMA_READ_CONSUME_CHECK_CONSUMER) timestamp=9986 ms, used_size=13877248 bytes (33.9%)
(RDMA_READ_CONSUME_CHECK_CONSUMER) timestamp=9986 ms, used_size=13875200 bytes (33.9%)
(RDMA_READ_CONSUME_CHECK_CONSUMER) timestamp=9986 ms, used_size=13873152 bytes (33.9%)
(RDMA_READ_CONSUME_CHECK_CONSUMER) timestamp=9986 ms, used_size=13871104 bytes (33.9%)
(RDMA_READ_CONSUME_CHECK_CONSUMER) timestamp=9986 ms, used_size=13869056 bytes (33.9%)
(RDMA_READ_CONSUME_CHECK_CONSUMER) timestamp=9986 ms, used_size=13867008 bytes (33.9%)
(RDMA_READ_CONSUME_CHECK_CONSUMER) timestamp=9986 ms, used_size=13864960 bytes (33.9%)
(RDMA_READ_CONSUME_CHECK_CONSUMER) timestamp=9986 ms, used_size=13862912 bytes (33.8%)
(RDMA_READ_CONSUME_CHECK_CONSUMER) timestamp=9986 ms, used_size=13860864 bytes (33.8%)
(RDMA_READ_CONSUME_CHECK_CONSUMER) timestamp=9986 ms, used_size=13858816 bytes (33.8%)
(RDMA_READ_CONSUME_CHECK_CONSUMER) timestamp=9986 ms, used_size=13856768 bytes (33.8%)
(RDMA_READ_CONSUME_CHECK_CONSUMER) timestamp=9986 ms, used_size=13854720 bytes (33.8%)
(RDMA_READ_CONSUME_CHECK_CONSUMER) timestamp=9986 ms, used_size=13852672 bytes (33.8%)
(RDMA_READ_CONSUME_CHECK_CONSUMER) timestamp=9986 ms, used_size=13850624 bytes (33.8%)
(RDMA_READ_CONSUME_CHECK_CONSUMER) timestamp=9986 ms, used_size=13848576 bytes (33.8%)
(RDMA_READ_CONSUME_CHECK_CONSUMER) timestamp=9986 ms, used_size=13846528 bytes (33.8%)
(RDMA_READ_CONSUME_CHECK_CONSUMER) timestamp=9986 ms, used_size=13844480 bytes (33.8%)
(RDMA_READ_CONSUME_CHECK_CONSUMER) timestamp=9986 ms, used_size=13842432 bytes (33.8%)
(RDMA_READ_CONSUME_CHECK_CONSUMER) timestamp=9986 ms, used_size=13840384 bytes (33.8%)
(RDMA_READ_CONSUME_CHECK_CONSUMER) timestamp=9986 ms, used_size=13838336 bytes (33.8%)
(RDMA_READ_CONSUME_CHECK_CONSUMER) timestamp=9986 ms, used_size=13836288 bytes (33.8%)
(RDMA_READ_CONSUME_CHECK_CONSUMER) timestamp=9986 ms, used_size=13834240 bytes (33.8%)
(RDMA_READ_CONSUME_CHECK_CONSUMER) timestamp=9986 ms, used_size=13832192 bytes (33.8%)
(RDMA_READ_CONSUME_CHECK_CONSUMER) timestamp=9986 ms, used_size=13830144 bytes (33.8%)
(RDMA_READ_CONSUME_CHECK_CONSUMER) timestamp=9986 ms, used_size=13828096 bytes (33.8%)
(RDMA_READ_CONSUME_CHECK_CONSUMER) timestamp=9986 ms, used_size=13826048 bytes (33.8%)
(RDMA_READ_CONSUME_CHECK_CONSUMER) timestamp=9986 ms, used_size=13824000 bytes (33.8%)
(RDMA_READ_CONSUME_CHECK_CONSUMER) timestamp=9986 ms, used_size=13821952 bytes (33.7%)
(RDMA_READ_CONSUME_CHECK_CONSUMER) timestamp=9986 ms, used_size=13819904 bytes (33.7%)
(RDMA_READ_CONSUME_CHECK_CONSUMER) timestamp=9986 ms, used_size=13817856 bytes (33.7%)
(RDMA_READ_CONSUME_CHECK_CONSUMER) timestamp=9986 ms, used_size=13815808 bytes (33.7%)
(RDMA_READ_CONSUME_CHECK_CONSUMER) timestamp=9986 ms, used_size=13813760 bytes (33.7%)
(RDMA_READ_CONSUME_CHECK_CONSUMER) timestamp=9986 ms, used_size=13811712 bytes (33.7%)
(RDMA_READ_CONSUME_CHECK_CONSUMER) timestamp=9986 ms, used_size=13809664 bytes (33.7%)
(RDMA_READ_CONSUME_CHECK_CONSUMER) timestamp=9986 ms, used_size=13807616 bytes (33.7%)
(RDMA_READ_CONSUME_CHECK_CONSUMER) timestamp=9986 ms, used_size=13805568 bytes (33.7%)
(RDMA_READ_CONSUME_CHECK_CONSUMER) timestamp=9986 ms, used_size=13803520 bytes (33.7%)
(RDMA_READ_CONSUME_CHECK_CONSUMER) timestamp=9986 ms, used_size=13801472 bytes (33.7%)
(RDMA_READ_CONSUME_CHECK_CONSUMER) timestamp=9986 ms, used_size=13799424 bytes (33.7%)
(RDMA_READ_CONSUME_CHECK_CONSUMER) timestamp=9986 ms, used_size=13797376 bytes (33.7%)
(RDMA_READ_CONSUME_CHECK_CONSUMER) timestamp=9986 ms, used_size=13795328 bytes (33.7%)
(RDMA_READ_CONSUME_CHECK_CONSUMER) timestamp=9986 ms, used_size=13793280 bytes (33.7%)
(RDMA_READ_CONSUME_CHECK_CONSUMER) timestamp=9986 ms, used_size=13791232 bytes (33.7%)
(RDMA_READ_CONSUME_CHECK_CONSUMER) timestamp=9986 ms, used_size=13789184 bytes (33.7%)
(RDMA_READ_CONSUME_CHECK_CONSUMER) timestamp=9986 ms, used_size=13787136 bytes (33.7%)
(RDMA_READ_CONSUME_CHECK_CONSUMER) timestamp=9986 ms, used_size=13785088 bytes (33.7%)
(RDMA_READ_CONSUME_CHECK_CONSUMER) timestamp=9986 ms, used_size=13783040 bytes (33.6%)
(RDMA_READ_CONSUME_CHECK_CONSUMER) timestamp=9986 ms, used_size=13780992 bytes (33.6%)
(RDMA_READ_CONSUME_CHECK_CONSUMER) timestamp=9986 ms, used_size=13778944 bytes (33.6%)
(RDMA_READ_CONSUME_CHECK_CONSUMER) timestamp=9986 ms, used_size=13776896 bytes (33.6%)
(RDMA_READ_CONSUME_CHECK_CONSUMER) timestamp=9986 ms, used_size=13774848 bytes (33.6%)
(RDMA_READ_CONSUME_CHECK_CONSUMER) timestamp=9986 ms, used_size=13772800 bytes (33.6%)
(RDMA_READ_CONSUME_CHECK_CONSUMER) timestamp=9986 ms, used_size=13770752 bytes (33.6%)
(RDMA_READ_CONSUME_CHECK_CONSUMER) timestamp=9986 ms, used_size=13768704 bytes (33.6%)
(RDMA_READ_CONSUME_CHECK_CONSUMER) timestamp=9986 ms, used_size=13766656 bytes (33.6%)
(RDMA_READ_CONSUME_CHECK_CONSUMER) timestamp=9986 ms, used_size=13764608 bytes (33.6%)
(RDMA_READ_CONSUME_CHECK_CONSUMER) timestamp=9986 ms, used_size=13762560 bytes (33.6%)
(RDMA_READ_CONSUME_CHECK_CONSUMER) timestamp=9986 ms, used_size=13760512 bytes (33.6%)
(RDMA_READ_CONSUME_CHECK_CONSUMER) timestamp=9986 ms, used_size=13758464 bytes (33.6%)
(RDMA_READ_CONSUME_CHECK_CONSUMER) timestamp=9986 ms, used_size=13756416 bytes (33.6%)
(RDMA_READ_CONSUME_CHECK_CONSUMER) timestamp=9986 ms, used_size=13754368 bytes (33.6%)
(RDMA_READ_CONSUME_CHECK_CONSUMER) timestamp=9986 ms, used_size=13752320 bytes (33.6%)
(RDMA_READ_CONSUME_CHECK_CONSUMER) timestamp=9986 ms, used_size=13750272 bytes (33.6%)
(RDMA_READ_CONSUME_CHECK_CONSUMER) timestamp=9986 ms, used_size=13748224 bytes (33.6%)
(RDMA_READ_CONSUME_CHECK_CONSUMER) timestamp=9986 ms, used_size=13746176 bytes (33.6%)
(RDMA_READ_CONSUME_CHECK_CONSUMER) timestamp=9986 ms, used_size=13744128 bytes (33.6%)
(RDMA_READ_CONSUME_CHECK_CONSUMER) timestamp=9986 ms, used_size=13742080 bytes (33.5%)
(RDMA_READ_CONSUME_CHECK_CONSUMER) timestamp=9986 ms, used_size=13740032 bytes (33.5%)
(RDMA_READ_CONSUME_CHECK_CONSUMER) timestamp=9986 ms, used_size=13737984 bytes (33.5%)
(RDMA_READ_CONSUME_CHECK_CONSUMER) timestamp=9986 ms, used_size=13735936 bytes (33.5%)
(RDMA_READ_CONSUME_CHECK_CONSUMER) timestamp=9986 ms, used_size=13733888 bytes (33.5%)
(RDMA_READ_CONSUME_CHECK_CONSUMER) timestamp=9986 ms, used_size=13731840 bytes (33.5%)
(RDMA_READ_CONSUME_CHECK_CONSUMER) timestamp=9986 ms, used_size=13729792 bytes (33.5%)
(RDMA_READ_CONSUME_CHECK_CONSUMER) timestamp=9986 ms, used_size=13727744 bytes (33.5%)
(RDMA_READ_CONSUME_CHECK_CONSUMER) timestamp=9986 ms, used_size=13725696 bytes (33.5%)
(RDMA_READ_CONSUME_CHECK_CONSUMER) timestamp=9986 ms, used_size=13723648 bytes (33.5%)
(RDMA_READ_CONSUME_CHECK_CONSUMER) timestamp=9986 ms, used_size=13721600 bytes (33.5%)
(RDMA_READ_CONSUME_CHECK_CONSUMER) timestamp=9986 ms, used_size=13719552 bytes (33.5%)
(RDMA_READ_CONSUME_CHECK_CONSUMER) timestamp=9986 ms, used_size=13717504 bytes (33.5%)
(RDMA_READ_CONSUME_CHECK_CONSUMER) timestamp=9986 ms, used_size=13715456 bytes (33.5%)
(RDMA_READ_CONSUME_CHECK_CONSUMER) timestamp=9986 ms, used_size=13713408 bytes (33.5%)
(RDMA_READ_CONSUME_CHECK_CONSUMER) timestamp=9986 ms, used_size=13711360 bytes (33.5%)
(RDMA_READ_CONSUME_CHECK_CONSUMER) timestamp=9986 ms, used_size=13709312 bytes (33.5%)
(RDMA_READ_CONSUME_CHECK_CONSUMER) timestamp=9986 ms, used_size=13707264 bytes (33.5%)
(RDMA_READ_CONSUME_CHECK_CONSUMER) timestamp=9986 ms, used_size=13705216 bytes (33.5%)
(RDMA_READ_CONSUME_CHECK_CONSUMER) timestamp=9986 ms, used_size=13703168 bytes (33.5%)
(RDMA_READ_CONSUME_CHECK_CONSUMER) timestamp=9986 ms, used_size=13701120 bytes (33.5%)
(RDMA_READ_CONSUME_CHECK_CONSUMER) timestamp=9986 ms, used_size=13699072 bytes (33.4%)
(RDMA_READ_CONSUME_CHECK_CONSUMER) timestamp=9986 ms, used_size=13697024 bytes (33.4%)
(RDMA_READ_CONSUME_CHECK_CONSUMER) timestamp=9986 ms, used_size=13694976 bytes (33.4%)
(RDMA_READ_CONSUME_CHECK_CONSUMER) timestamp=9986 ms, used_size=13692928 bytes (33.4%)
(RDMA_READ_CONSUME_CHECK_CONSUMER) timestamp=9986 ms, used_size=13690880 bytes (33.4%)
(RDMA_READ_CONSUME_CHECK_CONSUMER) timestamp=9986 ms, used_size=13688832 bytes (33.4%)
(RDMA_READ_CONSUME_CHECK_CONSUMER) timestamp=9986 ms, used_size=13686784 bytes (33.4%)
(RDMA_READ_CONSUME_CHECK_CONSUMER) timestamp=9986 ms, used_size=13684736 bytes (33.4%)
(RDMA_READ_CONSUME_CHECK_CONSUMER) timestamp=9986 ms, used_size=13682688 bytes (33.4%)
(RDMA_READ_CONSUME_CHECK_CONSUMER) timestamp=9986 ms, used_size=13680640 bytes (33.4%)
(RDMA_READ_CONSUME_CHECK_CONSUMER) timestamp=9986 ms, used_size=13678592 bytes (33.4%)
(RDMA_READ_CONSUME_CHECK_CONSUMER) timestamp=9986 ms, used_size=13676544 bytes (33.4%)
(RDMA_READ_CONSUME_CHECK_CONSUMER) timestamp=9986 ms, used_size=13674496 bytes (33.4%)
(RDMA_READ_CONSUME_CHECK_CONSUMER) timestamp=9986 ms, used_size=13672448 bytes (33.4%)
(RDMA_READ_CONSUME_CHECK_CONSUMER) timestamp=9986 ms, used_size=13670400 bytes (33.4%)
(RDMA_READ_CONSUME_CHECK_CONSUMER) timestamp=9986 ms, used_size=13668352 bytes (33.4%)
(RDMA_READ_CONSUME_CHECK_CONSUMER) timestamp=9986 ms, used_size=13666304 bytes (33.4%)
(RDMA_READ_CONSUME_CHECK_CONSUMER) timestamp=9986 ms, used_size=13664256 bytes (33.4%)
(RDMA_READ_CONSUME_CHECK_CONSUMER) timestamp=9986 ms, used_size=13662208 bytes (33.4%)
(RDMA_READ_CONSUME_CHECK_CONSUMER) timestamp=9986 ms, used_size=13660160 bytes (33.4%)
(RDMA_READ_CONSUME_CHECK_CONSUMER) timestamp=9986 ms, used_size=13658112 bytes (33.3%)
(RDMA_READ_CONSUME_CHECK_CONSUMER) timestamp=9986 ms, used_size=13656064 bytes (33.3%)
(RDMA_READ_CONSUME_CHECK_CONSUMER) timestamp=9986 ms, used_size=13654016 bytes (33.3%)
(RDMA_READ_CONSUME_CHECK_CONSUMER) timestamp=9986 ms, used_size=13651968 bytes (33.3%)
(RDMA_READ_CONSUME_CHECK_CONSUMER) timestamp=9986 ms, used_size=13649920 bytes (33.3%)
(RDMA_READ_CONSUME_CHECK_CONSUMER) timestamp=9986 ms, used_size=13647872 bytes (33.3%)
(RDMA_READ_CONSUME_CHECK_CONSUMER) timestamp=9986 ms, used_size=13645824 bytes (33.3%)
(RDMA_READ_CONSUME_CHECK_CONSUMER) timestamp=9986 ms, used_size=13643776 bytes (33.3%)
(RDMA_READ_CONSUME_CHECK_CONSUMER) timestamp=9986 ms, used_size=13641728 bytes (33.3%)
(RDMA_READ_CONSUME_CHECK_CONSUMER) timestamp=9986 ms, used_size=13639680 bytes (33.3%)
(RDMA_READ_CONSUME_CHECK_CONSUMER) timestamp=9986 ms, used_size=13637632 bytes (33.3%)
(RDMA_READ_CONSUME_CHECK_CONSUMER) timestamp=9986 ms, used_size=13635584 bytes (33.3%)
(RDMA_READ_CONSUME_CHECK_CONSUMER) timestamp=9986 ms, used_size=13633536 bytes (33.3%)
(RDMA_READ_CONSUME_CHECK_CONSUMER) timestamp=9986 ms, used_size=13631488 bytes (33.3%)
(RDMA_READ_CONSUME_CHECK_CONSUMER) timestamp=9986 ms, used_size=13629440 bytes (33.3%)
(RDMA_READ_CONSUME_CHECK_CONSUMER) timestamp=9986 ms, used_size=13627392 bytes (33.3%)
(RDMA_READ_CONSUME_CHECK_CONSUMER) timestamp=9986 ms, used_size=13625344 bytes (33.3%)
(RDMA_READ_CONSUME_CHECK_CONSUMER) timestamp=9986 ms, used_size=13623296 bytes (33.3%)
(RDMA_READ_CONSUME_CHECK_CONSUMER) timestamp=9986 ms, used_size=13621248 bytes (33.3%)
(RDMA_READ_CONSUME_CHECK_CONSUMER) timestamp=9986 ms, used_size=13619200 bytes (33.2%)
(RDMA_READ_CONSUME_CHECK_CONSUMER) timestamp=9986 ms, used_size=13617152 bytes (33.2%)
(RDMA_READ_CONSUME_CHECK_CONSUMER) timestamp=9986 ms, used_size=13615104 bytes (33.2%)
(RDMA_READ_CONSUME_CHECK_CONSUMER) timestamp=9986 ms, used_size=13613056 bytes (33.2%)
(RDMA_READ_CONSUME_CHECK_CONSUMER) timestamp=9986 ms, used_size=13611008 bytes (33.2%)
(RDMA_READ_CONSUME_CHECK_CONSUMER) timestamp=9986 ms, used_size=13608960 bytes (33.2%)
(RDMA_READ_CONSUME_CHECK_CONSUMER) timestamp=9986 ms, used_size=13606912 bytes (33.2%)
(RDMA_READ_CONSUME_CHECK_CONSUMER) timestamp=9986 ms, used_size=13604864 bytes (33.2%)
(RDMA_READ_CONSUME_CHECK_CONSUMER) timestamp=9986 ms, used_size=13602816 bytes (33.2%)
(RDMA_READ_CONSUME_CHECK_CONSUMER) timestamp=9986 ms, used_size=13600768 bytes (33.2%)
(RDMA_READ_CONSUME_CHECK_CONSUMER) timestamp=9986 ms, used_size=13598720 bytes (33.2%)
(RDMA_READ_CONSUME_CHECK_CONSUMER) timestamp=9986 ms, used_size=13596672 bytes (33.2%)
(RDMA_READ_CONSUME_CHECK_CONSUMER) timestamp=9986 ms, used_size=13594624 bytes (33.2%)
(RDMA_READ_CONSUME_CHECK_CONSUMER) timestamp=9986 ms, used_size=13592576 bytes (33.2%)
(RDMA_READ_CONSUME_CHECK_CONSUMER) timestamp=9986 ms, used_size=13590528 bytes (33.2%)
(RDMA_READ_CONSUME_CHECK_CONSUMER) timestamp=9986 ms, used_size=13588480 bytes (33.2%)
(RDMA_READ_CONSUME_CHECK_CONSUMER) timestamp=9986 ms, used_size=13586432 bytes (33.2%)
(RDMA_READ_CONSUME_CHECK_CONSUMER) timestamp=9986 ms, used_size=13584384 bytes (33.2%)
(RDMA_READ_CONSUME_CHECK_CONSUMER) timestamp=9986 ms, used_size=13582336 bytes (33.2%)
(RDMA_READ_CONSUME_CHECK_CONSUMER) timestamp=9986 ms, used_size=13580288 bytes (33.2%)
(RDMA_READ_CONSUME_CHECK_CONSUMER) timestamp=9986 ms, used_size=13578240 bytes (33.1%)
(RDMA_READ_CONSUME_CHECK_CONSUMER) timestamp=9986 ms, used_size=13576192 bytes (33.1%)
(RDMA_READ_CONSUME_CHECK_CONSUMER) timestamp=9986 ms, used_size=13574144 bytes (33.1%)
(RDMA_READ_CONSUME_CHECK_CONSUMER) timestamp=9986 ms, used_size=13572096 bytes (33.1%)
(RDMA_READ_CONSUME_CHECK_CONSUMER) timestamp=9987 ms, used_size=13570048 bytes (33.1%)
(RDMA_READ_CONSUME_CHECK_CONSUMER) timestamp=9987 ms, used_size=13568000 bytes (33.1%)
(RDMA_READ_CONSUME_CHECK_CONSUMER) timestamp=9987 ms, used_size=13565952 bytes (33.1%)
(RDMA_READ_CONSUME_CHECK_CONSUMER) timestamp=9987 ms, used_size=13563904 bytes (33.1%)
(RDMA_READ_CONSUME_CHECK_CONSUMER) timestamp=9987 ms, used_size=13561856 bytes (33.1%)
(RDMA_READ_CONSUME_CHECK_CONSUMER) timestamp=9987 ms, used_size=13559808 bytes (33.1%)
(RDMA_READ_CONSUME_CHECK_CONSUMER) timestamp=9987 ms, used_size=13557760 bytes (33.1%)
(RDMA_READ_CONSUME_CHECK_CONSUMER) timestamp=9987 ms, used_size=13555712 bytes (33.1%)
(RDMA_READ_CONSUME_CHECK_CONSUMER) timestamp=9987 ms, used_size=13553664 bytes (33.1%)
(RDMA_READ_CONSUME_CHECK_CONSUMER) timestamp=9987 ms, used_size=13551616 bytes (33.1%)
(RDMA_READ_CONSUME_CHECK_CONSUMER) timestamp=9987 ms, used_size=13549568 bytes (33.1%)
(RDMA_READ_CONSUME_CHECK_CONSUMER) timestamp=9987 ms, used_size=13547520 bytes (33.1%)
(RDMA_READ_CONSUME_CHECK_CONSUMER) timestamp=9987 ms, used_size=13545472 bytes (33.1%)
(RDMA_READ_CONSUME_CHECK_CONSUMER) timestamp=9987 ms, used_size=13543424 bytes (33.1%)
(RDMA_READ_CONSUME_CHECK_CONSUMER) timestamp=9987 ms, used_size=13541376 bytes (33.1%)
(RDMA_READ_CONSUME_CHECK_CONSUMER) timestamp=9987 ms, used_size=13539328 bytes (33.1%)
(RDMA_READ_CONSUME_CHECK_CONSUMER) timestamp=9987 ms, used_size=13537280 bytes (33.0%)
(RDMA_READ_CONSUME_CHECK_CONSUMER) timestamp=9987 ms, used_size=13535232 bytes (33.0%)
(RDMA_READ_CONSUME_CHECK_CONSUMER) timestamp=9987 ms, used_size=13533184 bytes (33.0%)
(RDMA_READ_CONSUME_CHECK_CONSUMER) timestamp=9987 ms, used_size=13531136 bytes (33.0%)
(RDMA_READ_CONSUME_CHECK_CONSUMER) timestamp=9987 ms, used_size=13529088 bytes (33.0%)
(RDMA_READ_CONSUME_CHECK_CONSUMER) timestamp=9987 ms, used_size=13527040 bytes (33.0%)
(RDMA_READ_CONSUME_CHECK_CONSUMER) timestamp=9987 ms, used_size=13524992 bytes (33.0%)
(RDMA_READ_CONSUME_CHECK_CONSUMER) timestamp=9987 ms, used_size=13522944 bytes (33.0%)
(RDMA_READ_CONSUME_CHECK_CONSUMER) timestamp=9987 ms, used_size=13520896 bytes (33.0%)
(RDMA_READ_CONSUME_CHECK_CONSUMER) timestamp=9987 ms, used_size=13518848 bytes (33.0%)
(RDMA_READ_CONSUME_CHECK_CONSUMER) timestamp=9987 ms, used_size=13516800 bytes (33.0%)
(RDMA_READ_CONSUME_CHECK_CONSUMER) timestamp=9987 ms, used_size=13514752 bytes (33.0%)
(RDMA_READ_CONSUME_CHECK_CONSUMER) timestamp=9987 ms, used_size=13512704 bytes (33.0%)
(RDMA_READ_CONSUME_CHECK_CONSUMER) timestamp=9987 ms, used_size=13510656 bytes (33.0%)
(RDMA_READ_CONSUME_CHECK_CONSUMER) timestamp=9987 ms, used_size=13508608 bytes (33.0%)
(RDMA_READ_CONSUME_CHECK_CONSUMER) timestamp=9987 ms, used_size=13506560 bytes (33.0%)
(RDMA_READ_CONSUME_CHECK_CONSUMER) timestamp=9987 ms, used_size=13504512 bytes (33.0%)
(RDMA_READ_CONSUME_CHECK_CONSUMER) timestamp=9987 ms, used_size=13502464 bytes (33.0%)
(RDMA_READ_CONSUME_CHECK_CONSUMER) timestamp=9987 ms, used_size=13500416 bytes (33.0%)
(RDMA_READ_CONSUME_CHECK_CONSUMER) timestamp=9987 ms, used_size=13498368 bytes (33.0%)
(RDMA_READ_CONSUME_CHECK_CONSUMER) timestamp=9987 ms, used_size=13496320 bytes (33.0%)
(RDMA_READ_CONSUME_CHECK_CONSUMER) timestamp=9987 ms, used_size=13494272 bytes (32.9%)
(RDMA_READ_CONSUME_CHECK_CONSUMER) timestamp=9987 ms, used_size=13492224 bytes (32.9%)
(RDMA_READ_CONSUME_CHECK_CONSUMER) timestamp=9987 ms, used_size=13490176 bytes (32.9%)
(RDMA_READ_CONSUME_CHECK_CONSUMER) timestamp=9987 ms, used_size=13488128 bytes (32.9%)
(RDMA_READ_CONSUME_CHECK_CONSUMER) timestamp=9987 ms, used_size=13486080 bytes (32.9%)
(RDMA_READ_CONSUME_CHECK_CONSUMER) timestamp=9987 ms, used_size=13484032 bytes (32.9%)
(RDMA_READ_CONSUME_CHECK_CONSUMER) timestamp=9987 ms, used_size=13481984 bytes (32.9%)
(RDMA_READ_CONSUME_CHECK_CONSUMER) timestamp=9987 ms, used_size=13479936 bytes (32.9%)
(RDMA_READ_CONSUME_CHECK_CONSUMER) timestamp=9987 ms, used_size=13477888 bytes (32.9%)
(RDMA_READ_CONSUME_CHECK_CONSUMER) timestamp=9987 ms, used_size=13475840 bytes (32.9%)
(RDMA_READ_CONSUME_CHECK_CONSUMER) timestamp=9987 ms, used_size=13473792 bytes (32.9%)
(RDMA_READ_CONSUME_CHECK_CONSUMER) timestamp=9987 ms, used_size=13471744 bytes (32.9%)
(RDMA_READ_CONSUME_CHECK_CONSUMER) timestamp=9987 ms, used_size=13469696 bytes (32.9%)
(RDMA_READ_CONSUME_CHECK_CONSUMER) timestamp=9987 ms, used_size=13467648 bytes (32.9%)
(RDMA_READ_CONSUME_CHECK_CONSUMER) timestamp=9987 ms, used_size=13465600 bytes (32.9%)
(RDMA_READ_CONSUME_CHECK_CONSUMER) timestamp=9987 ms, used_size=13463552 bytes (32.9%)
(RDMA_READ_CONSUME_CHECK_CONSUMER) timestamp=9987 ms, used_size=13461504 bytes (32.9%)
(RDMA_READ_CONSUME_CHECK_CONSUMER) timestamp=9987 ms, used_size=13459456 bytes (32.9%)
(RDMA_READ_CONSUME_CHECK_CONSUMER) timestamp=9987 ms, used_size=13457408 bytes (32.9%)
(RDMA_READ_CONSUME_CHECK_CONSUMER) timestamp=9987 ms, used_size=13455360 bytes (32.9%)
(RDMA_READ_CONSUME_CHECK_CONSUMER) timestamp=9987 ms, used_size=13453312 bytes (32.8%)
(RDMA_READ_CONSUME_CHECK_CONSUMER) timestamp=9987 ms, used_size=13451264 bytes (32.8%)
(RDMA_READ_CONSUME_CHECK_CONSUMER) timestamp=9987 ms, used_size=13449216 bytes (32.8%)
(RDMA_READ_CONSUME_CHECK_CONSUMER) timestamp=9987 ms, used_size=13447168 bytes (32.8%)
(RDMA_READ_CONSUME_CHECK_CONSUMER) timestamp=9987 ms, used_size=13445120 bytes (32.8%)
(RDMA_READ_CONSUME_CHECK_CONSUMER) timestamp=9987 ms, used_size=13443072 bytes (32.8%)
(RDMA_READ_CONSUME_CHECK_CONSUMER) timestamp=9987 ms, used_size=13441024 bytes (32.8%)
(RDMA_READ_CONSUME_CHECK_CONSUMER) timestamp=9987 ms, used_size=13438976 bytes (32.8%)
(RDMA_READ_CONSUME_CHECK_CONSUMER) timestamp=9987 ms, used_size=13436928 bytes (32.8%)
(RDMA_READ_CONSUME_CHECK_CONSUMER) timestamp=9987 ms, used_size=13434880 bytes (32.8%)
(RDMA_READ_CONSUME_CHECK_CONSUMER) timestamp=9987 ms, used_size=13432832 bytes (32.8%)
(RDMA_READ_CONSUME_CHECK_CONSUMER) timestamp=9987 ms, used_size=13430784 bytes (32.8%)
(RDMA_READ_CONSUME_CHECK_CONSUMER) timestamp=9987 ms, used_size=13428736 bytes (32.8%)
(RDMA_READ_CONSUME_CHECK_CONSUMER) timestamp=9987 ms, used_size=13426688 bytes (32.8%)
(RDMA_READ_CONSUME_CHECK_CONSUMER) timestamp=9987 ms, used_size=13424640 bytes (32.8%)
(RDMA_READ_CONSUME_CHECK_CONSUMER) timestamp=9987 ms, used_size=13422592 bytes (32.8%)
(RDMA_READ_CONSUME_CHECK_CONSUMER) timestamp=9987 ms, used_size=13420544 bytes (32.8%)
(RDMA_READ_CONSUME_CHECK_CONSUMER) timestamp=9987 ms, used_size=13418496 bytes (32.8%)
(RDMA_READ_CONSUME_CHECK_CONSUMER) timestamp=9987 ms, used_size=13416448 bytes (32.8%)
(RDMA_READ_CONSUME_CHECK_CONSUMER) timestamp=9987 ms, used_size=13414400 bytes (32.8%)
(RDMA_READ_CONSUME_CHECK_CONSUMER) timestamp=9987 ms, used_size=13412352 bytes (32.7%)
(RDMA_READ_CONSUME_CHECK_CONSUMER) timestamp=9987 ms, used_size=13410304 bytes (32.7%)
(RDMA_READ_CONSUME_CHECK_CONSUMER) timestamp=9987 ms, used_size=13408256 bytes (32.7%)
(RDMA_READ_CONSUME_CHECK_CONSUMER) timestamp=9987 ms, used_size=13406208 bytes (32.7%)
(RDMA_READ_CONSUME_CHECK_CONSUMER) timestamp=9987 ms, used_size=13404160 bytes (32.7%)
(RDMA_READ_CONSUME_CHECK_CONSUMER) timestamp=9987 ms, used_size=13402112 bytes (32.7%)
(RDMA_READ_CONSUME_CHECK_CONSUMER) timestamp=9987 ms, used_size=13400064 bytes (32.7%)
(RDMA_READ_CONSUME_CHECK_CONSUMER) timestamp=9987 ms, used_size=13398016 bytes (32.7%)
(RDMA_READ_CONSUME_CHECK_CONSUMER) timestamp=9987 ms, used_size=13395968 bytes (32.7%)
(RDMA_READ_CONSUME_CHECK_CONSUMER) timestamp=9987 ms, used_size=13393920 bytes (32.7%)
(RDMA_READ_CONSUME_CHECK_CONSUMER) timestamp=9987 ms, used_size=13391872 bytes (32.7%)
(RDMA_READ_CONSUME_CHECK_CONSUMER) timestamp=9987 ms, used_size=13389824 bytes (32.7%)
(RDMA_READ_CONSUME_CHECK_CONSUMER) timestamp=9987 ms, used_size=13387776 bytes (32.7%)
(RDMA_READ_CONSUME_CHECK_CONSUMER) timestamp=9987 ms, used_size=13385728 bytes (32.7%)
(RDMA_READ_CONSUME_CHECK_CONSUMER) timestamp=9987 ms, used_size=13383680 bytes (32.7%)
(RDMA_READ_CONSUME_CHECK_CONSUMER) timestamp=9987 ms, used_size=13381632 bytes (32.7%)
(RDMA_READ_CONSUME_CHECK_CONSUMER) timestamp=9987 ms, used_size=13379584 bytes (32.7%)
(RDMA_READ_CONSUME_CHECK_CONSUMER) timestamp=9987 ms, used_size=13377536 bytes (32.7%)
(RDMA_READ_CONSUME_CHECK_CONSUMER) timestamp=9987 ms, used_size=13375488 bytes (32.7%)
(RDMA_READ_CONSUME_CHECK_CONSUMER) timestamp=9987 ms, used_size=13373440 bytes (32.6%)
(RDMA_READ_CONSUME_CHECK_CONSUMER) timestamp=9987 ms, used_size=13371392 bytes (32.6%)
(RDMA_READ_CONSUME_CHECK_CONSUMER) timestamp=9987 ms, used_size=13369344 bytes (32.6%)
(RDMA_READ_CONSUME_CHECK_CONSUMER) timestamp=9987 ms, used_size=13367296 bytes (32.6%)
(RDMA_READ_CONSUME_CHECK_CONSUMER) timestamp=9987 ms, used_size=13365248 bytes (32.6%)
(RDMA_READ_CONSUME_CHECK_CONSUMER) timestamp=9987 ms, used_size=13363200 bytes (32.6%)
(RDMA_READ_CONSUME_CHECK_CONSUMER) timestamp=9987 ms, used_size=13361152 bytes (32.6%)
(RDMA_READ_CONSUME_CHECK_CONSUMER) timestamp=9987 ms, used_size=13359104 bytes (32.6%)
(RDMA_READ_CONSUME_CHECK_CONSUMER) timestamp=9987 ms, used_size=13357056 bytes (32.6%)
(RDMA_READ_CONSUME_CHECK_CONSUMER) timestamp=9987 ms, used_size=13355008 bytes (32.6%)
(RDMA_READ_CONSUME_CHECK_CONSUMER) timestamp=9987 ms, used_size=13352960 bytes (32.6%)
(RDMA_READ_CONSUME_CHECK_CONSUMER) timestamp=9987 ms, used_size=13350912 bytes (32.6%)
(RDMA_READ_CONSUME_CHECK_CONSUMER) timestamp=9987 ms, used_size=13348864 bytes (32.6%)
(RDMA_READ_CONSUME_CHECK_CONSUMER) timestamp=9987 ms, used_size=13346816 bytes (32.6%)
(RDMA_READ_CONSUME_CHECK_CONSUMER) timestamp=9987 ms, used_size=13344768 bytes (32.6%)
(RDMA_READ_CONSUME_CHECK_CONSUMER) timestamp=9987 ms, used_size=13342720 bytes (32.6%)
(RDMA_READ_CONSUME_CHECK_CONSUMER) timestamp=9987 ms, used_size=13340672 bytes (32.6%)
(RDMA_READ_CONSUME_CHECK_CONSUMER) timestamp=9987 ms, used_size=13338624 bytes (32.6%)
(RDMA_READ_CONSUME_CHECK_CONSUMER) timestamp=9987 ms, used_size=13336576 bytes (32.6%)
(RDMA_READ_CONSUME_CHECK_CONSUMER) timestamp=9987 ms, used_size=13334528 bytes (32.6%)
(RDMA_READ_CONSUME_CHECK_CONSUMER) timestamp=9987 ms, used_size=13332480 bytes (32.5%)
(RDMA_READ_CONSUME_CHECK_CONSUMER) timestamp=9987 ms, used_size=13330432 bytes (32.5%)
(RDMA_READ_CONSUME_CHECK_CONSUMER) timestamp=9987 ms, used_size=13328384 bytes (32.5%)
(RDMA_READ_CONSUME_CHECK_CONSUMER) timestamp=9987 ms, used_size=13326336 bytes (32.5%)
(RDMA_READ_CONSUME_CHECK_CONSUMER) timestamp=9987 ms, used_size=13324288 bytes (32.5%)
(RDMA_READ_CONSUME_CHECK_CONSUMER) timestamp=9987 ms, used_size=13322240 bytes (32.5%)
(RDMA_READ_CONSUME_CHECK_CONSUMER) timestamp=9987 ms, used_size=13320192 bytes (32.5%)
(RDMA_READ_CONSUME_CHECK_CONSUMER) timestamp=9987 ms, used_size=13318144 bytes (32.5%)
(RDMA_READ_CONSUME_CHECK_CONSUMER) timestamp=9987 ms, used_size=13316096 bytes (32.5%)
(RDMA_READ_CONSUME_CHECK_CONSUMER) timestamp=9987 ms, used_size=13314048 bytes (32.5%)
(RDMA_READ_CONSUME_CHECK_CONSUMER) timestamp=9987 ms, used_size=13312000 bytes (32.5%)
(RDMA_READ_CONSUME_CHECK_CONSUMER) timestamp=9987 ms, used_size=13309952 bytes (32.5%)
(RDMA_READ_CONSUME_CHECK_CONSUMER) timestamp=9987 ms, used_size=13307904 bytes (32.5%)
(RDMA_READ_CONSUME_CHECK_CONSUMER) timestamp=9987 ms, used_size=13305856 bytes (32.5%)
(RDMA_READ_CONSUME_CHECK_CONSUMER) timestamp=9987 ms, used_size=13303808 bytes (32.5%)
(RDMA_READ_CONSUME_CHECK_CONSUMER) timestamp=9987 ms, used_size=13301760 bytes (32.5%)
(RDMA_READ_CONSUME_CHECK_CONSUMER) timestamp=9987 ms, used_size=13299712 bytes (32.5%)
(RDMA_READ_CONSUME_CHECK_CONSUMER) timestamp=9987 ms, used_size=13297664 bytes (32.5%)
(RDMA_READ_CONSUME_CHECK_CONSUMER) timestamp=9987 ms, used_size=13295616 bytes (32.5%)
(RDMA_READ_CONSUME_CHECK_CONSUMER) timestamp=9987 ms, used_size=13293568 bytes (32.5%)
(RDMA_READ_CONSUME_CHECK_CONSUMER) timestamp=9987 ms, used_size=13291520 bytes (32.5%)
(RDMA_READ_CONSUME_CHECK_CONSUMER) timestamp=9987 ms, used_size=13289472 bytes (32.4%)
(RDMA_READ_CONSUME_CHECK_CONSUMER) timestamp=9987 ms, used_size=13287424 bytes (32.4%)
(RDMA_READ_CONSUME_CHECK_CONSUMER) timestamp=9987 ms, used_size=13285376 bytes (32.4%)
(RDMA_READ_CONSUME_CHECK_CONSUMER) timestamp=9987 ms, used_size=13283328 bytes (32.4%)
(RDMA_READ_CONSUME_CHECK_CONSUMER) timestamp=9987 ms, used_size=13281280 bytes (32.4%)
(RDMA_READ_CONSUME_CHECK_CONSUMER) timestamp=9987 ms, used_size=13279232 bytes (32.4%)
(RDMA_READ_CONSUME_CHECK_CONSUMER) timestamp=9987 ms, used_size=13277184 bytes (32.4%)
(RDMA_READ_CONSUME_CHECK_CONSUMER) timestamp=9987 ms, used_size=13275136 bytes (32.4%)
(RDMA_READ_CONSUME_CHECK_CONSUMER) timestamp=9987 ms, used_size=13273088 bytes (32.4%)
(RDMA_READ_CONSUME_CHECK_CONSUMER) timestamp=9987 ms, used_size=13271040 bytes (32.4%)
(RDMA_READ_CONSUME_CHECK_CONSUMER) timestamp=9987 ms, used_size=13268992 bytes (32.4%)
(RDMA_READ_CONSUME_CHECK_CONSUMER) timestamp=9987 ms, used_size=13266944 bytes (32.4%)
(RDMA_READ_CONSUME_CHECK_CONSUMER) timestamp=9987 ms, used_size=13264896 bytes (32.4%)
(RDMA_READ_CONSUME_CHECK_CONSUMER) timestamp=9987 ms, used_size=13262848 bytes (32.4%)
(RDMA_READ_CONSUME_CHECK_CONSUMER) timestamp=9987 ms, used_size=13260800 bytes (32.4%)
(RDMA_READ_CONSUME_CHECK_CONSUMER) timestamp=9987 ms, used_size=13258752 bytes (32.4%)
(RDMA_READ_CONSUME_CHECK_CONSUMER) timestamp=9987 ms, used_size=13256704 bytes (32.4%)
(RDMA_READ_CONSUME_CHECK_CONSUMER) timestamp=9987 ms, used_size=13254656 bytes (32.4%)
(RDMA_READ_CONSUME_CHECK_CONSUMER) timestamp=9987 ms, used_size=13252608 bytes (32.4%)
(RDMA_READ_CONSUME_CHECK_CONSUMER) timestamp=9987 ms, used_size=13250560 bytes (32.4%)
(RDMA_READ_CONSUME_CHECK_CONSUMER) timestamp=9987 ms, used_size=13248512 bytes (32.3%)
(RDMA_READ_CONSUME_CHECK_CONSUMER) timestamp=9987 ms, used_size=13246464 bytes (32.3%)
(RDMA_READ_CONSUME_CHECK_CONSUMER) timestamp=9987 ms, used_size=13244416 bytes (32.3%)
(RDMA_READ_CONSUME_CHECK_CONSUMER) timestamp=9987 ms, used_size=13242368 bytes (32.3%)
(RDMA_READ_CONSUME_CHECK_CONSUMER) timestamp=9987 ms, used_size=13240320 bytes (32.3%)
(RDMA_READ_CONSUME_CHECK_CONSUMER) timestamp=9987 ms, used_size=13238272 bytes (32.3%)
(RDMA_READ_CONSUME_CHECK_CONSUMER) timestamp=9987 ms, used_size=13236224 bytes (32.3%)
(RDMA_READ_CONSUME_CHECK_CONSUMER) timestamp=9987 ms, used_size=13234176 bytes (32.3%)
(RDMA_READ_CONSUME_CHECK_CONSUMER) timestamp=9987 ms, used_size=13232128 bytes (32.3%)
(RDMA_READ_CONSUME_CHECK_CONSUMER) timestamp=9988 ms, used_size=13230080 bytes (32.3%)
(RDMA_READ_CONSUME_CHECK_CONSUMER) timestamp=9988 ms, used_size=13228032 bytes (32.3%)
(RDMA_READ_CONSUME_CHECK_CONSUMER) timestamp=9988 ms, used_size=13225984 bytes (32.3%)
(RDMA_READ_CONSUME_CHECK_CONSUMER) timestamp=9988 ms, used_size=13223936 bytes (32.3%)
(RDMA_READ_CONSUME_CHECK_CONSUMER) timestamp=9988 ms, used_size=13221888 bytes (32.3%)
(RDMA_READ_CONSUME_CHECK_CONSUMER) timestamp=9988 ms, used_size=13219840 bytes (32.3%)
(RDMA_READ_CONSUME_CHECK_CONSUMER) timestamp=9988 ms, used_size=13217792 bytes (32.3%)
(RDMA_READ_CONSUME_CHECK_CONSUMER) timestamp=9988 ms, used_size=13215744 bytes (32.3%)
(RDMA_READ_CONSUME_CHECK_CONSUMER) timestamp=9988 ms, used_size=13213696 bytes (32.3%)
(RDMA_READ_CONSUME_CHECK_CONSUMER) timestamp=9988 ms, used_size=13211648 bytes (32.3%)
(RDMA_READ_CONSUME_CHECK_CONSUMER) timestamp=9988 ms, used_size=13209600 bytes (32.2%)
(RDMA_READ_CONSUME_CHECK_CONSUMER) timestamp=9988 ms, used_size=13207552 bytes (32.2%)
(RDMA_READ_CONSUME_CHECK_CONSUMER) timestamp=9988 ms, used_size=13205504 bytes (32.2%)
(RDMA_READ_CONSUME_CHECK_CONSUMER) timestamp=9988 ms, used_size=13203456 bytes (32.2%)
(RDMA_READ_CONSUME_CHECK_CONSUMER) timestamp=9988 ms, used_size=13201408 bytes (32.2%)
(RDMA_READ_CONSUME_CHECK_CONSUMER) timestamp=9988 ms, used_size=13199360 bytes (32.2%)
(RDMA_READ_CONSUME_CHECK_CONSUMER) timestamp=9988 ms, used_size=13197312 bytes (32.2%)
(RDMA_READ_CONSUME_CHECK_CONSUMER) timestamp=9988 ms, used_size=13195264 bytes (32.2%)
(RDMA_READ_CONSUME_CHECK_CONSUMER) timestamp=9988 ms, used_size=13193216 bytes (32.2%)
(RDMA_READ_CONSUME_CHECK_CONSUMER) timestamp=9988 ms, used_size=13191168 bytes (32.2%)
(RDMA_READ_CONSUME_CHECK_CONSUMER) timestamp=9988 ms, used_size=13189120 bytes (32.2%)
(RDMA_READ_CONSUME_CHECK_CONSUMER) timestamp=9988 ms, used_size=13187072 bytes (32.2%)
(RDMA_READ_CONSUME_CHECK_CONSUMER) timestamp=9988 ms, used_size=13185024 bytes (32.2%)
(RDMA_READ_CONSUME_CHECK_CONSUMER) timestamp=9988 ms, used_size=13182976 bytes (32.2%)
(RDMA_READ_CONSUME_CHECK_CONSUMER) timestamp=9988 ms, used_size=13180928 bytes (32.2%)
(RDMA_READ_CONSUME_CHECK_CONSUMER) timestamp=9988 ms, used_size=13178880 bytes (32.2%)
(RDMA_READ_CONSUME_CHECK_CONSUMER) timestamp=9988 ms, used_size=13176832 bytes (32.2%)
(RDMA_READ_CONSUME_CHECK_CONSUMER) timestamp=9988 ms, used_size=13174784 bytes (32.2%)
(RDMA_READ_CONSUME_CHECK_CONSUMER) timestamp=9988 ms, used_size=13172736 bytes (32.2%)
(RDMA_READ_CONSUME_CHECK_CONSUMER) timestamp=9988 ms, used_size=13170688 bytes (32.2%)
(RDMA_READ_CONSUME_CHECK_CONSUMER) timestamp=9988 ms, used_size=13168640 bytes (32.1%)
(RDMA_READ_CONSUME_CHECK_CONSUMER) timestamp=9988 ms, used_size=13166592 bytes (32.1%)
(RDMA_READ_CONSUME_CHECK_CONSUMER) timestamp=9988 ms, used_size=13164544 bytes (32.1%)
(RDMA_READ_CONSUME_CHECK_CONSUMER) timestamp=9988 ms, used_size=13162496 bytes (32.1%)
(RDMA_READ_CONSUME_CHECK_CONSUMER) timestamp=9988 ms, used_size=13160448 bytes (32.1%)
(RDMA_READ_CONSUME_CHECK_CONSUMER) timestamp=9988 ms, used_size=13158400 bytes (32.1%)
(RDMA_READ_CONSUME_CHECK_CONSUMER) timestamp=9988 ms, used_size=13156352 bytes (32.1%)
(RDMA_READ_CONSUME_CHECK_CONSUMER) timestamp=9988 ms, used_size=13154304 bytes (32.1%)
(RDMA_READ_CONSUME_CHECK_CONSUMER) timestamp=9988 ms, used_size=13152256 bytes (32.1%)
(RDMA_READ_CONSUME_CHECK_CONSUMER) timestamp=9988 ms, used_size=13150208 bytes (32.1%)
(RDMA_READ_CONSUME_CHECK_CONSUMER) timestamp=9988 ms, used_size=13148160 bytes (32.1%)
(RDMA_READ_CONSUME_CHECK_CONSUMER) timestamp=9988 ms, used_size=13146112 bytes (32.1%)
(RDMA_READ_CONSUME_CHECK_CONSUMER) timestamp=9988 ms, used_size=13144064 bytes (32.1%)
(RDMA_READ_CONSUME_CHECK_CONSUMER) timestamp=9988 ms, used_size=13142016 bytes (32.1%)
(RDMA_READ_CONSUME_CHECK_CONSUMER) timestamp=9988 ms, used_size=13139968 bytes (32.1%)
(RDMA_READ_CONSUME_CHECK_CONSUMER) timestamp=9988 ms, used_size=13137920 bytes (32.1%)
(RDMA_READ_CONSUME_CHECK_CONSUMER) timestamp=9988 ms, used_size=13135872 bytes (32.1%)
(RDMA_READ_CONSUME_CHECK_CONSUMER) timestamp=9988 ms, used_size=13133824 bytes (32.1%)
(RDMA_READ_CONSUME_CHECK_CONSUMER) timestamp=9988 ms, used_size=13131776 bytes (32.1%)
(RDMA_READ_CONSUME_CHECK_CONSUMER) timestamp=9988 ms, used_size=13129728 bytes (32.1%)
(RDMA_READ_CONSUME_CHECK_CONSUMER) timestamp=9988 ms, used_size=13127680 bytes (32.0%)
(RDMA_READ_CONSUME_CHECK_CONSUMER) timestamp=9988 ms, used_size=13125632 bytes (32.0%)
(RDMA_READ_CONSUME_CHECK_CONSUMER) timestamp=9988 ms, used_size=13123584 bytes (32.0%)
(RDMA_READ_CONSUME_CHECK_CONSUMER) timestamp=9988 ms, used_size=13121536 bytes (32.0%)
(RDMA_READ_CONSUME_CHECK_CONSUMER) timestamp=9988 ms, used_size=13119488 bytes (32.0%)
(RDMA_READ_CONSUME_CHECK_CONSUMER) timestamp=9988 ms, used_size=13117440 bytes (32.0%)
(RDMA_READ_CONSUME_CHECK_CONSUMER) timestamp=9988 ms, used_size=13115392 bytes (32.0%)
(RDMA_READ_CONSUME_CHECK_CONSUMER) timestamp=9988 ms, used_size=13113344 bytes (32.0%)
(RDMA_READ_CONSUME_CHECK_CONSUMER) timestamp=9988 ms, used_size=13111296 bytes (32.0%)
(RDMA_READ_CONSUME_CHECK_CONSUMER) timestamp=9988 ms, used_size=13109248 bytes (32.0%)
(RDMA_READ_CONSUME_CHECK_CONSUMER) timestamp=9988 ms, used_size=13107200 bytes (32.0%)
(RDMA_READ_CONSUME_CHECK_CONSUMER) timestamp=9988 ms, used_size=13105152 bytes (32.0%)
(RDMA_READ_CONSUME_CHECK_CONSUMER) timestamp=9988 ms, used_size=13103104 bytes (32.0%)
(RDMA_READ_CONSUME_CHECK_CONSUMER) timestamp=9988 ms, used_size=13101056 bytes (32.0%)
(RDMA_READ_CONSUME_CHECK_CONSUMER) timestamp=9988 ms, used_size=13099008 bytes (32.0%)
(RDMA_READ_CONSUME_CHECK_CONSUMER) timestamp=9988 ms, used_size=13096960 bytes (32.0%)
(RDMA_READ_CONSUME_CHECK_CONSUMER) timestamp=9988 ms, used_size=13094912 bytes (32.0%)
(RDMA_READ_CONSUME_CHECK_CONSUMER) timestamp=9988 ms, used_size=13092864 bytes (32.0%)
(RDMA_READ_CONSUME_CHECK_CONSUMER) timestamp=9988 ms, used_size=13090816 bytes (32.0%)
(RDMA_READ_CONSUME_CHECK_CONSUMER) timestamp=9988 ms, used_size=13088768 bytes (32.0%)
(RDMA_READ_CONSUME_CHECK_CONSUMER) timestamp=9988 ms, used_size=13086720 bytes (31.9%)
(RDMA_READ_CONSUME_CHECK_CONSUMER) timestamp=9988 ms, used_size=13084672 bytes (31.9%)
(RDMA_READ_CONSUME_CHECK_CONSUMER) timestamp=9988 ms, used_size=13082624 bytes (31.9%)
(RDMA_READ_CONSUME_CHECK_CONSUMER) timestamp=9988 ms, used_size=13080576 bytes (31.9%)
(RDMA_READ_CONSUME_CHECK_CONSUMER) timestamp=9988 ms, used_size=13078528 bytes (31.9%)
(RDMA_READ_CONSUME_CHECK_CONSUMER) timestamp=9988 ms, used_size=13076480 bytes (31.9%)
(RDMA_READ_CONSUME_CHECK_CONSUMER) timestamp=9988 ms, used_size=13074432 bytes (31.9%)
(RDMA_READ_CONSUME_CHECK_CONSUMER) timestamp=9988 ms, used_size=13072384 bytes (31.9%)
(RDMA_READ_CONSUME_CHECK_CONSUMER) timestamp=9988 ms, used_size=13070336 bytes (31.9%)
(RDMA_READ_CONSUME_CHECK_CONSUMER) timestamp=9988 ms, used_size=13068288 bytes (31.9%)
(RDMA_READ_CONSUME_CHECK_CONSUMER) timestamp=9988 ms, used_size=13066240 bytes (31.9%)
(RDMA_READ_CONSUME_CHECK_CONSUMER) timestamp=9988 ms, used_size=13064192 bytes (31.9%)
(RDMA_READ_CONSUME_CHECK_CONSUMER) timestamp=9988 ms, used_size=13062144 bytes (31.9%)
(RDMA_READ_CONSUME_CHECK_CONSUMER) timestamp=9988 ms, used_size=13060096 bytes (31.9%)
(RDMA_READ_CONSUME_CHECK_CONSUMER) timestamp=9988 ms, used_size=13058048 bytes (31.9%)
(RDMA_READ_CONSUME_CHECK_CONSUMER) timestamp=9988 ms, used_size=13056000 bytes (31.9%)
(RDMA_READ_CONSUME_CHECK_CONSUMER) timestamp=9988 ms, used_size=13053952 bytes (31.9%)
(RDMA_READ_CONSUME_CHECK_CONSUMER) timestamp=9988 ms, used_size=13051904 bytes (31.9%)
(RDMA_READ_CONSUME_CHECK_CONSUMER) timestamp=9988 ms, used_size=13049856 bytes (31.9%)
(RDMA_READ_CONSUME_CHECK_CONSUMER) timestamp=9988 ms, used_size=13047808 bytes (31.9%)
(RDMA_READ_CONSUME_CHECK_CONSUMER) timestamp=9988 ms, used_size=13045760 bytes (31.9%)
(RDMA_READ_CONSUME_CHECK_CONSUMER) timestamp=9988 ms, used_size=13043712 bytes (31.8%)
(RDMA_READ_CONSUME_CHECK_CONSUMER) timestamp=9988 ms, used_size=13041664 bytes (31.8%)
(RDMA_READ_CONSUME_CHECK_CONSUMER) timestamp=9988 ms, used_size=13039616 bytes (31.8%)
(RDMA_READ_CONSUME_CHECK_CONSUMER) timestamp=9988 ms, used_size=13037568 bytes (31.8%)
(RDMA_READ_CONSUME_CHECK_CONSUMER) timestamp=9988 ms, used_size=13035520 bytes (31.8%)
(RDMA_READ_CONSUME_CHECK_CONSUMER) timestamp=9988 ms, used_size=13033472 bytes (31.8%)
(RDMA_READ_CONSUME_CHECK_CONSUMER) timestamp=9988 ms, used_size=13031424 bytes (31.8%)
(RDMA_READ_CONSUME_CHECK_CONSUMER) timestamp=9988 ms, used_size=13029376 bytes (31.8%)
(RDMA_READ_CONSUME_CHECK_CONSUMER) timestamp=9988 ms, used_size=13027328 bytes (31.8%)
(RDMA_READ_CONSUME_CHECK_CONSUMER) timestamp=9988 ms, used_size=13025280 bytes (31.8%)
(RDMA_READ_CONSUME_CHECK_CONSUMER) timestamp=9988 ms, used_size=13023232 bytes (31.8%)
(RDMA_READ_CONSUME_CHECK_CONSUMER) timestamp=9988 ms, used_size=13021184 bytes (31.8%)
(RDMA_READ_CONSUME_CHECK_CONSUMER) timestamp=9988 ms, used_size=13019136 bytes (31.8%)
(RDMA_READ_CONSUME_CHECK_CONSUMER) timestamp=9988 ms, used_size=13017088 bytes (31.8%)
(RDMA_READ_CONSUME_CHECK_CONSUMER) timestamp=9988 ms, used_size=13015040 bytes (31.8%)
(RDMA_READ_CONSUME_CHECK_CONSUMER) timestamp=9988 ms, used_size=13012992 bytes (31.8%)
(RDMA_READ_CONSUME_CHECK_CONSUMER) timestamp=9988 ms, used_size=13010944 bytes (31.8%)
(RDMA_READ_CONSUME_CHECK_CONSUMER) timestamp=9988 ms, used_size=13008896 bytes (31.8%)
(RDMA_READ_CONSUME_CHECK_CONSUMER) timestamp=9988 ms, used_size=13006848 bytes (31.8%)
(RDMA_READ_CONSUME_CHECK_CONSUMER) timestamp=9988 ms, used_size=13004800 bytes (31.8%)
(RDMA_READ_CONSUME_CHECK_CONSUMER) timestamp=9988 ms, used_size=13002752 bytes (31.7%)
(RDMA_READ_CONSUME_CHECK_CONSUMER) timestamp=9988 ms, used_size=13000704 bytes (31.7%)
(RDMA_READ_CONSUME_CHECK_CONSUMER) timestamp=9988 ms, used_size=12998656 bytes (31.7%)
(RDMA_READ_CONSUME_CHECK_CONSUMER) timestamp=9988 ms, used_size=12996608 bytes (31.7%)
(RDMA_READ_CONSUME_CHECK_CONSUMER) timestamp=9988 ms, used_size=12994560 bytes (31.7%)
(RDMA_READ_CONSUME_CHECK_CONSUMER) timestamp=9988 ms, used_size=12992512 bytes (31.7%)
(RDMA_READ_CONSUME_CHECK_CONSUMER) timestamp=9988 ms, used_size=12990464 bytes (31.7%)
(RDMA_READ_CONSUME_CHECK_CONSUMER) timestamp=9988 ms, used_size=12988416 bytes (31.7%)
(RDMA_READ_CONSUME_CHECK_CONSUMER) timestamp=9988 ms, used_size=12986368 bytes (31.7%)
(RDMA_READ_CONSUME_CHECK_CONSUMER) timestamp=9988 ms, used_size=12984320 bytes (31.7%)
(RDMA_READ_CONSUME_CHECK_CONSUMER) timestamp=9988 ms, used_size=12982272 bytes (31.7%)
(RDMA_READ_CONSUME_CHECK_CONSUMER) timestamp=9988 ms, used_size=12980224 bytes (31.7%)
(RDMA_READ_CONSUME_CHECK_CONSUMER) timestamp=9988 ms, used_size=12978176 bytes (31.7%)
(RDMA_READ_CONSUME_CHECK_CONSUMER) timestamp=9988 ms, used_size=12976128 bytes (31.7%)
(RDMA_READ_CONSUME_CHECK_CONSUMER) timestamp=9988 ms, used_size=12974080 bytes (31.7%)
(RDMA_READ_CONSUME_CHECK_CONSUMER) timestamp=9988 ms, used_size=12972032 bytes (31.7%)
(RDMA_READ_CONSUME_CHECK_CONSUMER) timestamp=9988 ms, used_size=12969984 bytes (31.7%)
(RDMA_READ_CONSUME_CHECK_CONSUMER) timestamp=9988 ms, used_size=12967936 bytes (31.7%)
(RDMA_READ_CONSUME_CHECK_CONSUMER) timestamp=9988 ms, used_size=12965888 bytes (31.7%)
(RDMA_READ_CONSUME_CHECK_CONSUMER) timestamp=9988 ms, used_size=12963840 bytes (31.6%)
(RDMA_READ_CONSUME_CHECK_CONSUMER) timestamp=9988 ms, used_size=12961792 bytes (31.6%)
(RDMA_READ_CONSUME_CHECK_CONSUMER) timestamp=9988 ms, used_size=12959744 bytes (31.6%)
(RDMA_READ_CONSUME_CHECK_CONSUMER) timestamp=9988 ms, used_size=12957696 bytes (31.6%)
(RDMA_READ_CONSUME_CHECK_CONSUMER) timestamp=9988 ms, used_size=12955648 bytes (31.6%)
(RDMA_READ_CONSUME_CHECK_CONSUMER) timestamp=9988 ms, used_size=12953600 bytes (31.6%)
(RDMA_READ_CONSUME_CHECK_CONSUMER) timestamp=9988 ms, used_size=12951552 bytes (31.6%)
(RDMA_READ_CONSUME_CHECK_CONSUMER) timestamp=9988 ms, used_size=12949504 bytes (31.6%)
(RDMA_READ_CONSUME_CHECK_CONSUMER) timestamp=9988 ms, used_size=12947456 bytes (31.6%)
(RDMA_READ_CONSUME_CHECK_CONSUMER) timestamp=9988 ms, used_size=12945408 bytes (31.6%)
(RDMA_READ_CONSUME_CHECK_CONSUMER) timestamp=9988 ms, used_size=12943360 bytes (31.6%)
(RDMA_READ_CONSUME_CHECK_CONSUMER) timestamp=9988 ms, used_size=12941312 bytes (31.6%)
(RDMA_READ_CONSUME_CHECK_CONSUMER) timestamp=9988 ms, used_size=12939264 bytes (31.6%)
(RDMA_READ_CONSUME_CHECK_CONSUMER) timestamp=9988 ms, used_size=12937216 bytes (31.6%)
(RDMA_READ_CONSUME_CHECK_CONSUMER) timestamp=9988 ms, used_size=12935168 bytes (31.6%)
(RDMA_READ_CONSUME_CHECK_CONSUMER) timestamp=9988 ms, used_size=12933120 bytes (31.6%)
(RDMA_READ_CONSUME_CHECK_CONSUMER) timestamp=9988 ms, used_size=12931072 bytes (31.6%)
(RDMA_READ_CONSUME_CHECK_CONSUMER) timestamp=9988 ms, used_size=12929024 bytes (31.6%)
(RDMA_READ_CONSUME_CHECK_CONSUMER) timestamp=9988 ms, used_size=12926976 bytes (31.6%)
(RDMA_READ_CONSUME_CHECK_CONSUMER) timestamp=9988 ms, used_size=12924928 bytes (31.6%)
(RDMA_READ_CONSUME_CHECK_CONSUMER) timestamp=9988 ms, used_size=12922880 bytes (31.6%)
(RDMA_READ_CONSUME_CHECK_CONSUMER) timestamp=9988 ms, used_size=12920832 bytes (31.5%)
(RDMA_READ_CONSUME_CHECK_CONSUMER) timestamp=9988 ms, used_size=12918784 bytes (31.5%)
(RDMA_READ_CONSUME_CHECK_CONSUMER) timestamp=9988 ms, used_size=12916736 bytes (31.5%)
(RDMA_READ_CONSUME_CHECK_CONSUMER) timestamp=9988 ms, used_size=12914688 bytes (31.5%)
(RDMA_READ_CONSUME_CHECK_CONSUMER) timestamp=9988 ms, used_size=12912640 bytes (31.5%)
(RDMA_READ_CONSUME_CHECK_CONSUMER) timestamp=9988 ms, used_size=12910592 bytes (31.5%)
(RDMA_READ_CONSUME_CHECK_CONSUMER) timestamp=9988 ms, used_size=12908544 bytes (31.5%)
(RDMA_READ_CONSUME_CHECK_CONSUMER) timestamp=9988 ms, used_size=12906496 bytes (31.5%)
(RDMA_READ_CONSUME_CHECK_CONSUMER) timestamp=9988 ms, used_size=12904448 bytes (31.5%)
(RDMA_READ_CONSUME_CHECK_CONSUMER) timestamp=9988 ms, used_size=12902400 bytes (31.5%)
(RDMA_READ_CONSUME_CHECK_CONSUMER) timestamp=9988 ms, used_size=12900352 bytes (31.5%)
(RDMA_READ_CONSUME_CHECK_CONSUMER) timestamp=9988 ms, used_size=12898304 bytes (31.5%)
(RDMA_READ_CONSUME_CHECK_CONSUMER) timestamp=9988 ms, used_size=12896256 bytes (31.5%)
(RDMA_READ_CONSUME_CHECK_CONSUMER) timestamp=9988 ms, used_size=12894208 bytes (31.5%)
(RDMA_READ_CONSUME_CHECK_CONSUMER) timestamp=9988 ms, used_size=12892160 bytes (31.5%)
(RDMA_READ_CONSUME_CHECK_CONSUMER) timestamp=9988 ms, used_size=12890112 bytes (31.5%)
(RDMA_READ_CONSUME_CHECK_CONSUMER) timestamp=9988 ms, used_size=12888064 bytes (31.5%)
(RDMA_READ_CONSUME_CHECK_CONSUMER) timestamp=9988 ms, used_size=12886016 bytes (31.5%)
(RDMA_READ_CONSUME_CHECK_CONSUMER) timestamp=9988 ms, used_size=12883968 bytes (31.5%)
(RDMA_READ_CONSUME_CHECK_CONSUMER) timestamp=9988 ms, used_size=12881920 bytes (31.4%)
(RDMA_READ_CONSUME_CHECK_CONSUMER) timestamp=9989 ms, used_size=12879872 bytes (31.4%)
(RDMA_READ_CONSUME_CHECK_CONSUMER) timestamp=9989 ms, used_size=12877824 bytes (31.4%)
(RDMA_READ_CONSUME_CHECK_CONSUMER) timestamp=9989 ms, used_size=12875776 bytes (31.4%)
(RDMA_READ_CONSUME_CHECK_CONSUMER) timestamp=9989 ms, used_size=12873728 bytes (31.4%)
(RDMA_READ_CONSUME_CHECK_CONSUMER) timestamp=9989 ms, used_size=12871680 bytes (31.4%)
(RDMA_READ_CONSUME_CHECK_CONSUMER) timestamp=9989 ms, used_size=12869632 bytes (31.4%)
(RDMA_READ_CONSUME_CHECK_CONSUMER) timestamp=9989 ms, used_size=12867584 bytes (31.4%)
(RDMA_READ_CONSUME_CHECK_CONSUMER) timestamp=9989 ms, used_size=12865536 bytes (31.4%)
(RDMA_READ_CONSUME_CHECK_CONSUMER) timestamp=9989 ms, used_size=12863488 bytes (31.4%)
(RDMA_READ_CONSUME_CHECK_CONSUMER) timestamp=9989 ms, used_size=12861440 bytes (31.4%)
(RDMA_READ_CONSUME_CHECK_CONSUMER) timestamp=9989 ms, used_size=12859392 bytes (31.4%)
(RDMA_READ_CONSUME_CHECK_CONSUMER) timestamp=9989 ms, used_size=12857344 bytes (31.4%)
(RDMA_READ_CONSUME_CHECK_CONSUMER) timestamp=9989 ms, used_size=12855296 bytes (31.4%)
(RDMA_READ_CONSUME_CHECK_CONSUMER) timestamp=9989 ms, used_size=12853248 bytes (31.4%)
(RDMA_READ_CONSUME_CHECK_CONSUMER) timestamp=9989 ms, used_size=12851200 bytes (31.4%)
(RDMA_READ_CONSUME_CHECK_CONSUMER) timestamp=9989 ms, used_size=12849152 bytes (31.4%)
(RDMA_READ_CONSUME_CHECK_CONSUMER) timestamp=9989 ms, used_size=12847104 bytes (31.4%)
(RDMA_READ_CONSUME_CHECK_CONSUMER) timestamp=9989 ms, used_size=12845056 bytes (31.4%)
(RDMA_READ_CONSUME_CHECK_CONSUMER) timestamp=9989 ms, used_size=12843008 bytes (31.4%)
(RDMA_READ_CONSUME_CHECK_CONSUMER) timestamp=9989 ms, used_size=12840960 bytes (31.4%)
(RDMA_READ_CONSUME_CHECK_CONSUMER) timestamp=9989 ms, used_size=12838912 bytes (31.3%)
(RDMA_READ_CONSUME_CHECK_CONSUMER) timestamp=9989 ms, used_size=12836864 bytes (31.3%)
(RDMA_READ_CONSUME_CHECK_CONSUMER) timestamp=9989 ms, used_size=12834816 bytes (31.3%)
(RDMA_READ_CONSUME_CHECK_CONSUMER) timestamp=9989 ms, used_size=12832768 bytes (31.3%)
(RDMA_READ_CONSUME_CHECK_CONSUMER) timestamp=9989 ms, used_size=12830720 bytes (31.3%)
(RDMA_READ_CONSUME_CHECK_CONSUMER) timestamp=9989 ms, used_size=12828672 bytes (31.3%)
(RDMA_READ_CONSUME_CHECK_CONSUMER) timestamp=9989 ms, used_size=12826624 bytes (31.3%)
(RDMA_READ_CONSUME_CHECK_CONSUMER) timestamp=9989 ms, used_size=12824576 bytes (31.3%)
(RDMA_READ_CONSUME_CHECK_CONSUMER) timestamp=9989 ms, used_size=12822528 bytes (31.3%)
(RDMA_READ_CONSUME_CHECK_CONSUMER) timestamp=9989 ms, used_size=12820480 bytes (31.3%)
(RDMA_READ_CONSUME_CHECK_CONSUMER) timestamp=9989 ms, used_size=12818432 bytes (31.3%)
(RDMA_READ_CONSUME_CHECK_CONSUMER) timestamp=9989 ms, used_size=12816384 bytes (31.3%)
(RDMA_READ_CONSUME_CHECK_CONSUMER) timestamp=9989 ms, used_size=12814336 bytes (31.3%)
(RDMA_READ_CONSUME_CHECK_CONSUMER) timestamp=9989 ms, used_size=12812288 bytes (31.3%)
(RDMA_READ_CONSUME_CHECK_CONSUMER) timestamp=9989 ms, used_size=12810240 bytes (31.3%)
(RDMA_READ_CONSUME_CHECK_CONSUMER) timestamp=9989 ms, used_size=12808192 bytes (31.3%)
(RDMA_READ_CONSUME_CHECK_CONSUMER) timestamp=9989 ms, used_size=12806144 bytes (31.3%)
(RDMA_READ_CONSUME_CHECK_CONSUMER) timestamp=9989 ms, used_size=12804096 bytes (31.3%)
(RDMA_READ_CONSUME_CHECK_CONSUMER) timestamp=9989 ms, used_size=12802048 bytes (31.3%)
(RDMA_READ_CONSUME_CHECK_CONSUMER) timestamp=9989 ms, used_size=12800000 bytes (31.2%)
(RDMA_READ_CONSUME_CHECK_CONSUMER) timestamp=9989 ms, used_size=12797952 bytes (31.2%)
(RDMA_READ_CONSUME_CHECK_CONSUMER) timestamp=9989 ms, used_size=12795904 bytes (31.2%)
(RDMA_READ_CONSUME_CHECK_CONSUMER) timestamp=9989 ms, used_size=12793856 bytes (31.2%)
(RDMA_READ_CONSUME_CHECK_CONSUMER) timestamp=9989 ms, used_size=12791808 bytes (31.2%)
(RDMA_READ_CONSUME_CHECK_CONSUMER) timestamp=9989 ms, used_size=12789760 bytes (31.2%)
(RDMA_READ_CONSUME_CHECK_CONSUMER) timestamp=9989 ms, used_size=12787712 bytes (31.2%)
(RDMA_READ_CONSUME_CHECK_CONSUMER) timestamp=9989 ms, used_size=12785664 bytes (31.2%)
(RDMA_READ_CONSUME_CHECK_CONSUMER) timestamp=9989 ms, used_size=12783616 bytes (31.2%)
(RDMA_READ_CONSUME_CHECK_CONSUMER) timestamp=9989 ms, used_size=12781568 bytes (31.2%)
(RDMA_READ_CONSUME_CHECK_CONSUMER) timestamp=9989 ms, used_size=12779520 bytes (31.2%)
(RDMA_READ_CONSUME_CHECK_CONSUMER) timestamp=9989 ms, used_size=12777472 bytes (31.2%)
(RDMA_READ_CONSUME_CHECK_CONSUMER) timestamp=9989 ms, used_size=12775424 bytes (31.2%)
(RDMA_READ_CONSUME_CHECK_CONSUMER) timestamp=9989 ms, used_size=12773376 bytes (31.2%)
(RDMA_READ_CONSUME_CHECK_CONSUMER) timestamp=9989 ms, used_size=12771328 bytes (31.2%)
(RDMA_READ_CONSUME_CHECK_CONSUMER) timestamp=9989 ms, used_size=12769280 bytes (31.2%)
(RDMA_READ_CONSUME_CHECK_CONSUMER) timestamp=9989 ms, used_size=12767232 bytes (31.2%)
(RDMA_READ_CONSUME_CHECK_CONSUMER) timestamp=9989 ms, used_size=12765184 bytes (31.2%)
(RDMA_READ_CONSUME_CHECK_CONSUMER) timestamp=9989 ms, used_size=12763136 bytes (31.2%)
(RDMA_READ_CONSUME_CHECK_CONSUMER) timestamp=9989 ms, used_size=12761088 bytes (31.2%)
(RDMA_READ_CONSUME_CHECK_CONSUMER) timestamp=9989 ms, used_size=12759040 bytes (31.1%)
(RDMA_READ_CONSUME_CHECK_CONSUMER) timestamp=9989 ms, used_size=12756992 bytes (31.1%)
(RDMA_READ_CONSUME_CHECK_CONSUMER) timestamp=9989 ms, used_size=12754944 bytes (31.1%)
(RDMA_READ_CONSUME_CHECK_CONSUMER) timestamp=9989 ms, used_size=12752896 bytes (31.1%)
(RDMA_READ_CONSUME_CHECK_CONSUMER) timestamp=9989 ms, used_size=12750848 bytes (31.1%)
(RDMA_READ_CONSUME_CHECK_CONSUMER) timestamp=9989 ms, used_size=12748800 bytes (31.1%)
(RDMA_READ_CONSUME_CHECK_CONSUMER) timestamp=9989 ms, used_size=12746752 bytes (31.1%)
(RDMA_READ_CONSUME_CHECK_CONSUMER) timestamp=9989 ms, used_size=12744704 bytes (31.1%)
(RDMA_READ_CONSUME_CHECK_CONSUMER) timestamp=9989 ms, used_size=12742656 bytes (31.1%)
(RDMA_READ_CONSUME_CHECK_CONSUMER) timestamp=9989 ms, used_size=12740608 bytes (31.1%)
(RDMA_READ_CONSUME_CHECK_CONSUMER) timestamp=9989 ms, used_size=12738560 bytes (31.1%)
(RDMA_READ_CONSUME_CHECK_CONSUMER) timestamp=9989 ms, used_size=12736512 bytes (31.1%)
(RDMA_READ_CONSUME_CHECK_CONSUMER) timestamp=9989 ms, used_size=12734464 bytes (31.1%)
(RDMA_READ_CONSUME_CHECK_CONSUMER) timestamp=9989 ms, used_size=12732416 bytes (31.1%)
(RDMA_READ_CONSUME_CHECK_CONSUMER) timestamp=9989 ms, used_size=12730368 bytes (31.1%)
(RDMA_READ_CONSUME_CHECK_CONSUMER) timestamp=9989 ms, used_size=12728320 bytes (31.1%)
(RDMA_READ_CONSUME_CHECK_CONSUMER) timestamp=9989 ms, used_size=12726272 bytes (31.1%)
(RDMA_READ_CONSUME_CHECK_CONSUMER) timestamp=9989 ms, used_size=12724224 bytes (31.1%)
(RDMA_READ_CONSUME_CHECK_CONSUMER) timestamp=9989 ms, used_size=12722176 bytes (31.1%)
(RDMA_READ_CONSUME_CHECK_CONSUMER) timestamp=9989 ms, used_size=12720128 bytes (31.1%)
(RDMA_READ_CONSUME_CHECK_CONSUMER) timestamp=9989 ms, used_size=12718080 bytes (31.1%)
(RDMA_READ_CONSUME_CHECK_CONSUMER) timestamp=9989 ms, used_size=12716032 bytes (31.0%)
(RDMA_READ_CONSUME_CHECK_CONSUMER) timestamp=9989 ms, used_size=12713984 bytes (31.0%)
(RDMA_READ_CONSUME_CHECK_CONSUMER) timestamp=9989 ms, used_size=12711936 bytes (31.0%)
(RDMA_READ_CONSUME_CHECK_CONSUMER) timestamp=9989 ms, used_size=12709888 bytes (31.0%)
(RDMA_READ_CONSUME_CHECK_CONSUMER) timestamp=9989 ms, used_size=12707840 bytes (31.0%)
(RDMA_READ_CONSUME_CHECK_CONSUMER) timestamp=9989 ms, used_size=12705792 bytes (31.0%)
(RDMA_READ_CONSUME_CHECK_CONSUMER) timestamp=9989 ms, used_size=12703744 bytes (31.0%)
(RDMA_READ_CONSUME_CHECK_CONSUMER) timestamp=9989 ms, used_size=12701696 bytes (31.0%)
(RDMA_READ_CONSUME_CHECK_CONSUMER) timestamp=9989 ms, used_size=12699648 bytes (31.0%)
(RDMA_READ_CONSUME_CHECK_CONSUMER) timestamp=9989 ms, used_size=12697600 bytes (31.0%)
(RDMA_READ_CONSUME_CHECK_CONSUMER) timestamp=9989 ms, used_size=12695552 bytes (31.0%)
(RDMA_READ_CONSUME_CHECK_CONSUMER) timestamp=9989 ms, used_size=12693504 bytes (31.0%)
(RDMA_READ_CONSUME_CHECK_CONSUMER) timestamp=9989 ms, used_size=12691456 bytes (31.0%)
(RDMA_READ_CONSUME_CHECK_CONSUMER) timestamp=9989 ms, used_size=12689408 bytes (31.0%)
(RDMA_READ_CONSUME_CHECK_CONSUMER) timestamp=9989 ms, used_size=12687360 bytes (31.0%)
(RDMA_READ_CONSUME_CHECK_CONSUMER) timestamp=9989 ms, used_size=12685312 bytes (31.0%)
(RDMA_READ_CONSUME_CHECK_CONSUMER) timestamp=9989 ms, used_size=12683264 bytes (31.0%)
(RDMA_READ_CONSUME_CHECK_CONSUMER) timestamp=9989 ms, used_size=12681216 bytes (31.0%)
(RDMA_READ_CONSUME_CHECK_CONSUMER) timestamp=9989 ms, used_size=12679168 bytes (31.0%)
(RDMA_READ_CONSUME_CHECK_CONSUMER) timestamp=9989 ms, used_size=12677120 bytes (30.9%)
(RDMA_READ_CONSUME_CHECK_CONSUMER) timestamp=9989 ms, used_size=12675072 bytes (30.9%)
(RDMA_READ_CONSUME_CHECK_CONSUMER) timestamp=9989 ms, used_size=12673024 bytes (30.9%)
(RDMA_READ_CONSUME_CHECK_CONSUMER) timestamp=9989 ms, used_size=12670976 bytes (30.9%)
(RDMA_READ_CONSUME_CHECK_CONSUMER) timestamp=9989 ms, used_size=12668928 bytes (30.9%)
(RDMA_READ_CONSUME_CHECK_CONSUMER) timestamp=9989 ms, used_size=12666880 bytes (30.9%)
(RDMA_READ_CONSUME_CHECK_CONSUMER) timestamp=9989 ms, used_size=12664832 bytes (30.9%)
(RDMA_READ_CONSUME_CHECK_CONSUMER) timestamp=9989 ms, used_size=12662784 bytes (30.9%)
(RDMA_READ_CONSUME_CHECK_CONSUMER) timestamp=9989 ms, used_size=12660736 bytes (30.9%)
(RDMA_READ_CONSUME_CHECK_CONSUMER) timestamp=9989 ms, used_size=12658688 bytes (30.9%)
(RDMA_READ_CONSUME_CHECK_CONSUMER) timestamp=9989 ms, used_size=12656640 bytes (30.9%)
(RDMA_READ_CONSUME_CHECK_CONSUMER) timestamp=9989 ms, used_size=12654592 bytes (30.9%)
(RDMA_READ_CONSUME_CHECK_CONSUMER) timestamp=9989 ms, used_size=12652544 bytes (30.9%)
(RDMA_READ_CONSUME_CHECK_CONSUMER) timestamp=9989 ms, used_size=12650496 bytes (30.9%)
(RDMA_READ_CONSUME_CHECK_CONSUMER) timestamp=9989 ms, used_size=12648448 bytes (30.9%)
(RDMA_READ_CONSUME_CHECK_CONSUMER) timestamp=9989 ms, used_size=12646400 bytes (30.9%)
(RDMA_READ_CONSUME_CHECK_CONSUMER) timestamp=9989 ms, used_size=12644352 bytes (30.9%)
(RDMA_READ_CONSUME_CHECK_CONSUMER) timestamp=9989 ms, used_size=12642304 bytes (30.9%)
(RDMA_READ_CONSUME_CHECK_CONSUMER) timestamp=9989 ms, used_size=12640256 bytes (30.9%)
(RDMA_READ_CONSUME_CHECK_CONSUMER) timestamp=9989 ms, used_size=12638208 bytes (30.9%)
(RDMA_READ_CONSUME_CHECK_CONSUMER) timestamp=9989 ms, used_size=12636160 bytes (30.9%)
(RDMA_READ_CONSUME_CHECK_CONSUMER) timestamp=9989 ms, used_size=12634112 bytes (30.8%)
(RDMA_READ_CONSUME_CHECK_CONSUMER) timestamp=9989 ms, used_size=12632064 bytes (30.8%)
(RDMA_READ_CONSUME_CHECK_CONSUMER) timestamp=9989 ms, used_size=12630016 bytes (30.8%)
(RDMA_READ_CONSUME_CHECK_CONSUMER) timestamp=9989 ms, used_size=12627968 bytes (30.8%)
(RDMA_READ_CONSUME_CHECK_CONSUMER) timestamp=9989 ms, used_size=12625920 bytes (30.8%)
(RDMA_READ_CONSUME_CHECK_CONSUMER) timestamp=9989 ms, used_size=12623872 bytes (30.8%)
(RDMA_READ_CONSUME_CHECK_CONSUMER) timestamp=9989 ms, used_size=12621824 bytes (30.8%)
(RDMA_READ_CONSUME_CHECK_CONSUMER) timestamp=9989 ms, used_size=12619776 bytes (30.8%)
(RDMA_READ_CONSUME_CHECK_CONSUMER) timestamp=9989 ms, used_size=12617728 bytes (30.8%)
(RDMA_READ_CONSUME_CHECK_CONSUMER) timestamp=9989 ms, used_size=12615680 bytes (30.8%)
(RDMA_READ_CONSUME_CHECK_CONSUMER) timestamp=9989 ms, used_size=12613632 bytes (30.8%)
(RDMA_READ_CONSUME_CHECK_CONSUMER) timestamp=9989 ms, used_size=12611584 bytes (30.8%)
(RDMA_READ_CONSUME_CHECK_CONSUMER) timestamp=9989 ms, used_size=12609536 bytes (30.8%)
(RDMA_READ_CONSUME_CHECK_CONSUMER) timestamp=9989 ms, used_size=12607488 bytes (30.8%)
(RDMA_READ_CONSUME_CHECK_CONSUMER) timestamp=9989 ms, used_size=12605440 bytes (30.8%)
(RDMA_READ_CONSUME_CHECK_CONSUMER) timestamp=9989 ms, used_size=12603392 bytes (30.8%)
(RDMA_READ_CONSUME_CHECK_CONSUMER) timestamp=9989 ms, used_size=12601344 bytes (30.8%)
(RDMA_READ_CONSUME_CHECK_CONSUMER) timestamp=9989 ms, used_size=12599296 bytes (30.8%)
(RDMA_READ_CONSUME_CHECK_CONSUMER) timestamp=9989 ms, used_size=12597248 bytes (30.8%)
(RDMA_READ_CONSUME_CHECK_CONSUMER) timestamp=9989 ms, used_size=12595200 bytes (30.8%)
(RDMA_READ_CONSUME_CHECK_CONSUMER) timestamp=9989 ms, used_size=12593152 bytes (30.7%)
(RDMA_READ_CONSUME_CHECK_CONSUMER) timestamp=9989 ms, used_size=12591104 bytes (30.7%)
(RDMA_READ_CONSUME_CHECK_CONSUMER) timestamp=9989 ms, used_size=12589056 bytes (30.7%)
(RDMA_READ_CONSUME_CHECK_CONSUMER) timestamp=9989 ms, used_size=12587008 bytes (30.7%)
(RDMA_READ_CONSUME_CHECK_CONSUMER) timestamp=9989 ms, used_size=12584960 bytes (30.7%)
(RDMA_READ_CONSUME_CHECK_CONSUMER) timestamp=9989 ms, used_size=12582912 bytes (30.7%)
(RDMA_READ_CONSUME_CHECK_CONSUMER) timestamp=9989 ms, used_size=12580864 bytes (30.7%)
(RDMA_READ_CONSUME_CHECK_CONSUMER) timestamp=9989 ms, used_size=12578816 bytes (30.7%)
(RDMA_READ_CONSUME_CHECK_CONSUMER) timestamp=9989 ms, used_size=12576768 bytes (30.7%)
(RDMA_READ_CONSUME_CHECK_CONSUMER) timestamp=9989 ms, used_size=12574720 bytes (30.7%)
(RDMA_READ_CONSUME_CHECK_CONSUMER) timestamp=9989 ms, used_size=12572672 bytes (30.7%)
(RDMA_READ_CONSUME_CHECK_CONSUMER) timestamp=9989 ms, used_size=12570624 bytes (30.7%)
(RDMA_READ_CONSUME_CHECK_CONSUMER) timestamp=9989 ms, used_size=12568576 bytes (30.7%)
(RDMA_READ_CONSUME_CHECK_CONSUMER) timestamp=9989 ms, used_size=12566528 bytes (30.7%)
(RDMA_READ_CONSUME_CHECK_CONSUMER) timestamp=9989 ms, used_size=12564480 bytes (30.7%)
(RDMA_READ_CONSUME_CHECK_CONSUMER) timestamp=9989 ms, used_size=12562432 bytes (30.7%)
(RDMA_READ_CONSUME_CHECK_CONSUMER) timestamp=9989 ms, used_size=12560384 bytes (30.7%)
(RDMA_READ_CONSUME_CHECK_CONSUMER) timestamp=9989 ms, used_size=12558336 bytes (30.7%)
(RDMA_READ_CONSUME_CHECK_CONSUMER) timestamp=9989 ms, used_size=12556288 bytes (30.7%)
(RDMA_READ_CONSUME_CHECK_CONSUMER) timestamp=9989 ms, used_size=12554240 bytes (30.6%)
(RDMA_READ_CONSUME_CHECK_CONSUMER) timestamp=9989 ms, used_size=12552192 bytes (30.6%)
(RDMA_READ_CONSUME_CHECK_CONSUMER) timestamp=9989 ms, used_size=12550144 bytes (30.6%)
(RDMA_READ_CONSUME_CHECK_CONSUMER) timestamp=9989 ms, used_size=12548096 bytes (30.6%)
(RDMA_READ_CONSUME_CHECK_CONSUMER) timestamp=9989 ms, used_size=12546048 bytes (30.6%)
(RDMA_READ_CONSUME_CHECK_CONSUMER) timestamp=9989 ms, used_size=12544000 bytes (30.6%)
(RDMA_READ_CONSUME_CHECK_CONSUMER) timestamp=9989 ms, used_size=12541952 bytes (30.6%)
(RDMA_READ_CONSUME_CHECK_CONSUMER) timestamp=9989 ms, used_size=12539904 bytes (30.6%)
(RDMA_READ_CONSUME_CHECK_CONSUMER) timestamp=9989 ms, used_size=12537856 bytes (30.6%)
(RDMA_READ_CONSUME_CHECK_CONSUMER) timestamp=9989 ms, used_size=12535808 bytes (30.6%)
(RDMA_READ_CONSUME_CHECK_CONSUMER) timestamp=9990 ms, used_size=12533760 bytes (30.6%)
(RDMA_READ_CONSUME_CHECK_CONSUMER) timestamp=9990 ms, used_size=12531712 bytes (30.6%)
(RDMA_READ_CONSUME_CHECK_CONSUMER) timestamp=9990 ms, used_size=12529664 bytes (30.6%)
(RDMA_READ_CONSUME_CHECK_CONSUMER) timestamp=9990 ms, used_size=12527616 bytes (30.6%)
(RDMA_READ_CONSUME_CHECK_CONSUMER) timestamp=9990 ms, used_size=12525568 bytes (30.6%)
(RDMA_READ_CONSUME_CHECK_CONSUMER) timestamp=9990 ms, used_size=12523520 bytes (30.6%)
(RDMA_READ_CONSUME_CHECK_CONSUMER) timestamp=9990 ms, used_size=12521472 bytes (30.6%)
(RDMA_READ_CONSUME_CHECK_CONSUMER) timestamp=9990 ms, used_size=12519424 bytes (30.6%)
(RDMA_READ_CONSUME_CHECK_CONSUMER) timestamp=9990 ms, used_size=12517376 bytes (30.6%)
(RDMA_READ_CONSUME_CHECK_CONSUMER) timestamp=9990 ms, used_size=12515328 bytes (30.6%)
(RDMA_READ_CONSUME_CHECK_CONSUMER) timestamp=9990 ms, used_size=12513280 bytes (30.6%)
(RDMA_READ_CONSUME_CHECK_CONSUMER) timestamp=9990 ms, used_size=12511232 bytes (30.5%)
(RDMA_READ_CONSUME_CHECK_CONSUMER) timestamp=9990 ms, used_size=12509184 bytes (30.5%)
(RDMA_READ_CONSUME_CHECK_CONSUMER) timestamp=9990 ms, used_size=12507136 bytes (30.5%)
(RDMA_READ_CONSUME_CHECK_CONSUMER) timestamp=9990 ms, used_size=12505088 bytes (30.5%)
(RDMA_READ_CONSUME_CHECK_CONSUMER) timestamp=9990 ms, used_size=12503040 bytes (30.5%)
(RDMA_READ_CONSUME_CHECK_CONSUMER) timestamp=9990 ms, used_size=12500992 bytes (30.5%)
(RDMA_READ_CONSUME_CHECK_CONSUMER) timestamp=9990 ms, used_size=12498944 bytes (30.5%)
(RDMA_READ_CONSUME_CHECK_CONSUMER) timestamp=9990 ms, used_size=12496896 bytes (30.5%)
(RDMA_READ_CONSUME_CHECK_CONSUMER) timestamp=9990 ms, used_size=12494848 bytes (30.5%)
(RDMA_READ_CONSUME_CHECK_CONSUMER) timestamp=9990 ms, used_size=12492800 bytes (30.5%)
(RDMA_READ_CONSUME_CHECK_CONSUMER) timestamp=9990 ms, used_size=12490752 bytes (30.5%)
(RDMA_READ_CONSUME_CHECK_CONSUMER) timestamp=9990 ms, used_size=12488704 bytes (30.5%)
(RDMA_READ_CONSUME_CHECK_CONSUMER) timestamp=9990 ms, used_size=12486656 bytes (30.5%)
(RDMA_READ_CONSUME_CHECK_CONSUMER) timestamp=9990 ms, used_size=12484608 bytes (30.5%)
(RDMA_READ_CONSUME_CHECK_CONSUMER) timestamp=9990 ms, used_size=12482560 bytes (30.5%)
(RDMA_READ_CONSUME_CHECK_CONSUMER) timestamp=9990 ms, used_size=12480512 bytes (30.5%)
(RDMA_READ_CONSUME_CHECK_CONSUMER) timestamp=9990 ms, used_size=12478464 bytes (30.5%)
(RDMA_READ_CONSUME_CHECK_CONSUMER) timestamp=9990 ms, used_size=12476416 bytes (30.5%)
(RDMA_READ_CONSUME_CHECK_CONSUMER) timestamp=9990 ms, used_size=12474368 bytes (30.5%)
(RDMA_READ_CONSUME_CHECK_CONSUMER) timestamp=9990 ms, used_size=12472320 bytes (30.4%)
(RDMA_READ_CONSUME_CHECK_CONSUMER) timestamp=9990 ms, used_size=12470272 bytes (30.4%)
(RDMA_READ_CONSUME_CHECK_CONSUMER) timestamp=9990 ms, used_size=12468224 bytes (30.4%)
(RDMA_READ_CONSUME_CHECK_CONSUMER) timestamp=9990 ms, used_size=12466176 bytes (30.4%)
(RDMA_READ_CONSUME_CHECK_CONSUMER) timestamp=9990 ms, used_size=12464128 bytes (30.4%)
(RDMA_READ_CONSUME_CHECK_CONSUMER) timestamp=9990 ms, used_size=12462080 bytes (30.4%)
(RDMA_READ_CONSUME_CHECK_CONSUMER) timestamp=9990 ms, used_size=12460032 bytes (30.4%)
(RDMA_READ_CONSUME_CHECK_CONSUMER) timestamp=9990 ms, used_size=12457984 bytes (30.4%)
(RDMA_READ_CONSUME_CHECK_CONSUMER) timestamp=9990 ms, used_size=12455936 bytes (30.4%)
(RDMA_READ_CONSUME_CHECK_CONSUMER) timestamp=9990 ms, used_size=12453888 bytes (30.4%)
(RDMA_READ_CONSUME_CHECK_CONSUMER) timestamp=9990 ms, used_size=12451840 bytes (30.4%)
(RDMA_READ_CONSUME_CHECK_CONSUMER) timestamp=9990 ms, used_size=12449792 bytes (30.4%)
(RDMA_READ_CONSUME_CHECK_CONSUMER) timestamp=9990 ms, used_size=12447744 bytes (30.4%)
(RDMA_READ_CONSUME_CHECK_CONSUMER) timestamp=9990 ms, used_size=12445696 bytes (30.4%)
(RDMA_READ_CONSUME_CHECK_CONSUMER) timestamp=9990 ms, used_size=12443648 bytes (30.4%)
(RDMA_READ_CONSUME_CHECK_CONSUMER) timestamp=9990 ms, used_size=12441600 bytes (30.4%)
(RDMA_READ_CONSUME_CHECK_CONSUMER) timestamp=9990 ms, used_size=12439552 bytes (30.4%)
(RDMA_READ_CONSUME_CHECK_CONSUMER) timestamp=9990 ms, used_size=12437504 bytes (30.4%)
(RDMA_READ_CONSUME_CHECK_CONSUMER) timestamp=9990 ms, used_size=12435456 bytes (30.4%)
(RDMA_READ_CONSUME_CHECK_CONSUMER) timestamp=9990 ms, used_size=12433408 bytes (30.4%)
(RDMA_READ_CONSUME_CHECK_CONSUMER) timestamp=9990 ms, used_size=12431360 bytes (30.4%)
(RDMA_READ_CONSUME_CHECK_CONSUMER) timestamp=9990 ms, used_size=12429312 bytes (30.3%)
(RDMA_READ_CONSUME_CHECK_CONSUMER) timestamp=9990 ms, used_size=12427264 bytes (30.3%)
(RDMA_READ_CONSUME_CHECK_CONSUMER) timestamp=9990 ms, used_size=12425216 bytes (30.3%)
(RDMA_READ_CONSUME_CHECK_CONSUMER) timestamp=9990 ms, used_size=12423168 bytes (30.3%)
(RDMA_READ_CONSUME_CHECK_CONSUMER) timestamp=9990 ms, used_size=12421120 bytes (30.3%)
(RDMA_READ_CONSUME_CHECK_CONSUMER) timestamp=9990 ms, used_size=12419072 bytes (30.3%)
(RDMA_READ_CONSUME_CHECK_CONSUMER) timestamp=9990 ms, used_size=12417024 bytes (30.3%)
(RDMA_READ_CONSUME_CHECK_CONSUMER) timestamp=9990 ms, used_size=12414976 bytes (30.3%)
(RDMA_READ_CONSUME_CHECK_CONSUMER) timestamp=9990 ms, used_size=12412928 bytes (30.3%)
(RDMA_READ_CONSUME_CHECK_CONSUMER) timestamp=9990 ms, used_size=12410880 bytes (30.3%)
(RDMA_READ_CONSUME_CHECK_CONSUMER) timestamp=9990 ms, used_size=12408832 bytes (30.3%)
(RDMA_READ_CONSUME_CHECK_CONSUMER) timestamp=9990 ms, used_size=12406784 bytes (30.3%)
(RDMA_READ_CONSUME_CHECK_CONSUMER) timestamp=9990 ms, used_size=12404736 bytes (30.3%)
(RDMA_READ_CONSUME_CHECK_CONSUMER) timestamp=9990 ms, used_size=12402688 bytes (30.3%)
(RDMA_READ_CONSUME_CHECK_CONSUMER) timestamp=9990 ms, used_size=12400640 bytes (30.3%)
(RDMA_READ_CONSUME_CHECK_CONSUMER) timestamp=9990 ms, used_size=12398592 bytes (30.3%)
(RDMA_READ_CONSUME_CHECK_CONSUMER) timestamp=9990 ms, used_size=12396544 bytes (30.3%)
(RDMA_READ_CONSUME_CHECK_CONSUMER) timestamp=9990 ms, used_size=12394496 bytes (30.3%)
(RDMA_READ_CONSUME_CHECK_CONSUMER) timestamp=9990 ms, used_size=12392448 bytes (30.3%)
(RDMA_READ_CONSUME_CHECK_CONSUMER) timestamp=9990 ms, used_size=12390400 bytes (30.2%)
(RDMA_READ_CONSUME_CHECK_CONSUMER) timestamp=9990 ms, used_size=12388352 bytes (30.2%)
(RDMA_READ_CONSUME_CHECK_CONSUMER) timestamp=9990 ms, used_size=12386304 bytes (30.2%)
(RDMA_READ_CONSUME_CHECK_CONSUMER) timestamp=9990 ms, used_size=12384256 bytes (30.2%)
(RDMA_READ_CONSUME_CHECK_CONSUMER) timestamp=9990 ms, used_size=12382208 bytes (30.2%)
(RDMA_READ_CONSUME_CHECK_CONSUMER) timestamp=9990 ms, used_size=12380160 bytes (30.2%)
(RDMA_READ_CONSUME_CHECK_CONSUMER) timestamp=9990 ms, used_size=12378112 bytes (30.2%)
(RDMA_READ_CONSUME_CHECK_CONSUMER) timestamp=9990 ms, used_size=12376064 bytes (30.2%)
(RDMA_READ_CONSUME_CHECK_CONSUMER) timestamp=9990 ms, used_size=12374016 bytes (30.2%)
(RDMA_READ_CONSUME_CHECK_CONSUMER) timestamp=9990 ms, used_size=12371968 bytes (30.2%)
(RDMA_READ_CONSUME_CHECK_CONSUMER) timestamp=9990 ms, used_size=12369920 bytes (30.2%)
(RDMA_READ_CONSUME_CHECK_CONSUMER) timestamp=9990 ms, used_size=12367872 bytes (30.2%)
(RDMA_READ_CONSUME_CHECK_CONSUMER) timestamp=9990 ms, used_size=12365824 bytes (30.2%)
(RDMA_READ_CONSUME_CHECK_CONSUMER) timestamp=9990 ms, used_size=12363776 bytes (30.2%)
(RDMA_READ_CONSUME_CHECK_CONSUMER) timestamp=9990 ms, used_size=12361728 bytes (30.2%)
(RDMA_READ_CONSUME_CHECK_CONSUMER) timestamp=9990 ms, used_size=12359680 bytes (30.2%)
(RDMA_READ_CONSUME_CHECK_CONSUMER) timestamp=9990 ms, used_size=12357632 bytes (30.2%)
(RDMA_READ_CONSUME_CHECK_CONSUMER) timestamp=9990 ms, used_size=12355584 bytes (30.2%)
(RDMA_READ_CONSUME_CHECK_CONSUMER) timestamp=9990 ms, used_size=12353536 bytes (30.2%)
(RDMA_READ_CONSUME_CHECK_CONSUMER) timestamp=9990 ms, used_size=12351488 bytes (30.2%)
(RDMA_READ_CONSUME_CHECK_CONSUMER) timestamp=9990 ms, used_size=12349440 bytes (30.1%)
(RDMA_READ_CONSUME_CHECK_CONSUMER) timestamp=9990 ms, used_size=12347392 bytes (30.1%)
(RDMA_READ_CONSUME_CHECK_CONSUMER) timestamp=9990 ms, used_size=12345344 bytes (30.1%)
(RDMA_READ_CONSUME_CHECK_CONSUMER) timestamp=9990 ms, used_size=12343296 bytes (30.1%)
(RDMA_READ_CONSUME_CHECK_CONSUMER) timestamp=9990 ms, used_size=12341248 bytes (30.1%)
(RDMA_READ_CONSUME_CHECK_CONSUMER) timestamp=9990 ms, used_size=12339200 bytes (30.1%)
(RDMA_READ_CONSUME_CHECK_CONSUMER) timestamp=9990 ms, used_size=12337152 bytes (30.1%)
(RDMA_READ_CONSUME_CHECK_CONSUMER) timestamp=9990 ms, used_size=12335104 bytes (30.1%)
(RDMA_READ_CONSUME_CHECK_CONSUMER) timestamp=9990 ms, used_size=12333056 bytes (30.1%)
(RDMA_READ_CONSUME_CHECK_CONSUMER) timestamp=9990 ms, used_size=12331008 bytes (30.1%)
(RDMA_READ_CONSUME_CHECK_CONSUMER) timestamp=9990 ms, used_size=12328960 bytes (30.1%)
(RDMA_READ_CONSUME_CHECK_CONSUMER) timestamp=9990 ms, used_size=12326912 bytes (30.1%)
(RDMA_READ_CONSUME_CHECK_CONSUMER) timestamp=9990 ms, used_size=12324864 bytes (30.1%)
(RDMA_READ_CONSUME_CHECK_CONSUMER) timestamp=9990 ms, used_size=12322816 bytes (30.1%)
(RDMA_READ_CONSUME_CHECK_CONSUMER) timestamp=9990 ms, used_size=12320768 bytes (30.1%)
(RDMA_READ_CONSUME_CHECK_CONSUMER) timestamp=9990 ms, used_size=12318720 bytes (30.1%)
(RDMA_READ_CONSUME_CHECK_CONSUMER) timestamp=9990 ms, used_size=12316672 bytes (30.1%)
(RDMA_READ_CONSUME_CHECK_CONSUMER) timestamp=9990 ms, used_size=12314624 bytes (30.1%)
(RDMA_READ_CONSUME_CHECK_CONSUMER) timestamp=9990 ms, used_size=12312576 bytes (30.1%)
(RDMA_READ_CONSUME_CHECK_CONSUMER) timestamp=9990 ms, used_size=12310528 bytes (30.1%)
(RDMA_READ_CONSUME_CHECK_CONSUMER) timestamp=9990 ms, used_size=12308480 bytes (30.1%)
(RDMA_READ_CONSUME_CHECK_CONSUMER) timestamp=9990 ms, used_size=12306432 bytes (30.0%)
(RDMA_READ_CONSUME_CHECK_CONSUMER) timestamp=9990 ms, used_size=12304384 bytes (30.0%)
(RDMA_READ_CONSUME_CHECK_CONSUMER) timestamp=9990 ms, used_size=12302336 bytes (30.0%)
(RDMA_READ_CONSUME_CHECK_CONSUMER) timestamp=9990 ms, used_size=12300288 bytes (30.0%)
(RDMA_READ_CONSUME_CHECK_CONSUMER) timestamp=9990 ms, used_size=12298240 bytes (30.0%)
(RDMA_READ_CONSUME_CHECK_CONSUMER) timestamp=9990 ms, used_size=12296192 bytes (30.0%)
(RDMA_READ_CONSUME_CHECK_CONSUMER) timestamp=9990 ms, used_size=12294144 bytes (30.0%)
(RDMA_READ_CONSUME_CHECK_CONSUMER) timestamp=9990 ms, used_size=12292096 bytes (30.0%)
(RDMA_READ_CONSUME_CHECK_CONSUMER) timestamp=9990 ms, used_size=12290048 bytes (30.0%)
(RDMA_READ_CONSUME_CHECK_CONSUMER) timestamp=9990 ms, used_size=12288000 bytes (30.0%)
(RDMA_READ_CONSUME_CHECK_CONSUMER) timestamp=9990 ms, used_size=12285952 bytes (30.0%)
(RDMA_READ_CONSUME_CHECK_CONSUMER) timestamp=9990 ms, used_size=12283904 bytes (30.0%)
(RDMA_READ_CONSUME_CHECK_CONSUMER) timestamp=9990 ms, used_size=12281856 bytes (30.0%)
(RDMA_READ_CONSUME_CHECK_CONSUMER) timestamp=9990 ms, used_size=12279808 bytes (30.0%)
(RDMA_READ_CONSUME_CHECK_CONSUMER) timestamp=9990 ms, used_size=12277760 bytes (30.0%)
(RDMA_READ_CONSUME_CHECK_CONSUMER) timestamp=9990 ms, used_size=12275712 bytes (30.0%)
(RDMA_READ_CONSUME_CHECK_CONSUMER) timestamp=9990 ms, used_size=12273664 bytes (30.0%)
(RDMA_READ_CONSUME_CHECK_CONSUMER) timestamp=9990 ms, used_size=12271616 bytes (30.0%)
(RDMA_READ_CONSUME_CHECK_CONSUMER) timestamp=9990 ms, used_size=12269568 bytes (30.0%)
(RDMA_READ_CONSUME_CHECK_CONSUMER) timestamp=9990 ms, used_size=12267520 bytes (29.9%)
(RDMA_READ_CONSUME_CHECK_CONSUMER) timestamp=9990 ms, used_size=12265472 bytes (29.9%)
(RDMA_READ_CONSUME_CHECK_CONSUMER) timestamp=9990 ms, used_size=12263424 bytes (29.9%)
(RDMA_READ_CONSUME_CHECK_CONSUMER) timestamp=9990 ms, used_size=12261376 bytes (29.9%)
(RDMA_READ_CONSUME_CHECK_CONSUMER) timestamp=9990 ms, used_size=12259328 bytes (29.9%)
(RDMA_READ_CONSUME_CHECK_CONSUMER) timestamp=9990 ms, used_size=12257280 bytes (29.9%)
(RDMA_READ_CONSUME_CHECK_CONSUMER) timestamp=9990 ms, used_size=12255232 bytes (29.9%)
(RDMA_READ_CONSUME_CHECK_CONSUMER) timestamp=9990 ms, used_size=12253184 bytes (29.9%)
(RDMA_READ_CONSUME_CHECK_CONSUMER) timestamp=9990 ms, used_size=12251136 bytes (29.9%)
(RDMA_READ_CONSUME_CHECK_CONSUMER) timestamp=9990 ms, used_size=12249088 bytes (29.9%)
(RDMA_READ_CONSUME_CHECK_CONSUMER) timestamp=9990 ms, used_size=12247040 bytes (29.9%)
(RDMA_READ_CONSUME_CHECK_CONSUMER) timestamp=9990 ms, used_size=12244992 bytes (29.9%)
(RDMA_READ_CONSUME_CHECK_CONSUMER) timestamp=9990 ms, used_size=12242944 bytes (29.9%)
(RDMA_READ_CONSUME_CHECK_CONSUMER) timestamp=9990 ms, used_size=12240896 bytes (29.9%)
(RDMA_READ_CONSUME_CHECK_CONSUMER) timestamp=9990 ms, used_size=12238848 bytes (29.9%)
(RDMA_READ_CONSUME_CHECK_CONSUMER) timestamp=9990 ms, used_size=12236800 bytes (29.9%)
(RDMA_READ_CONSUME_CHECK_CONSUMER) timestamp=9990 ms, used_size=12234752 bytes (29.9%)
(RDMA_READ_CONSUME_CHECK_CONSUMER) timestamp=9990 ms, used_size=12232704 bytes (29.9%)
(RDMA_READ_CONSUME_CHECK_CONSUMER) timestamp=9990 ms, used_size=12230656 bytes (29.9%)
(RDMA_READ_CONSUME_CHECK_CONSUMER) timestamp=9990 ms, used_size=12228608 bytes (29.9%)
(RDMA_READ_CONSUME_CHECK_CONSUMER) timestamp=9990 ms, used_size=12226560 bytes (29.9%)
(RDMA_READ_CONSUME_CHECK_CONSUMER) timestamp=9990 ms, used_size=12224512 bytes (29.8%)
(RDMA_READ_CONSUME_CHECK_CONSUMER) timestamp=9990 ms, used_size=12222464 bytes (29.8%)
(RDMA_READ_CONSUME_CHECK_CONSUMER) timestamp=9990 ms, used_size=12220416 bytes (29.8%)
(RDMA_READ_CONSUME_CHECK_CONSUMER) timestamp=9990 ms, used_size=12218368 bytes (29.8%)
(RDMA_READ_CONSUME_CHECK_CONSUMER) timestamp=9990 ms, used_size=12216320 bytes (29.8%)
(RDMA_READ_CONSUME_CHECK_CONSUMER) timestamp=9990 ms, used_size=12214272 bytes (29.8%)
(RDMA_READ_CONSUME_CHECK_CONSUMER) timestamp=9990 ms, used_size=12212224 bytes (29.8%)
(RDMA_READ_CONSUME_CHECK_CONSUMER) timestamp=9990 ms, used_size=12210176 bytes (29.8%)
(RDMA_READ_CONSUME_CHECK_CONSUMER) timestamp=9990 ms, used_size=12208128 bytes (29.8%)
(RDMA_READ_CONSUME_CHECK_CONSUMER) timestamp=9990 ms, used_size=12206080 bytes (29.8%)
(RDMA_READ_CONSUME_CHECK_CONSUMER) timestamp=9990 ms, used_size=12204032 bytes (29.8%)
(RDMA_READ_CONSUME_CHECK_CONSUMER) timestamp=9990 ms, used_size=12201984 bytes (29.8%)
(RDMA_READ_CONSUME_CHECK_CONSUMER) timestamp=9990 ms, used_size=12199936 bytes (29.8%)
(RDMA_READ_CONSUME_CHECK_CONSUMER) timestamp=9990 ms, used_size=12197888 bytes (29.8%)
(RDMA_READ_CONSUME_CHECK_CONSUMER) timestamp=9990 ms, used_size=12195840 bytes (29.8%)
(RDMA_READ_CONSUME_CHECK_CONSUMER) timestamp=9990 ms, used_size=12193792 bytes (29.8%)
(RDMA_READ_CONSUME_CHECK_CONSUMER) timestamp=9990 ms, used_size=12191744 bytes (29.8%)
(RDMA_READ_CONSUME_CHECK_CONSUMER) timestamp=9990 ms, used_size=12189696 bytes (29.8%)
(RDMA_READ_CONSUME_CHECK_CONSUMER) timestamp=9991 ms, used_size=12187648 bytes (29.8%)
(RDMA_READ_CONSUME_CHECK_CONSUMER) timestamp=9991 ms, used_size=12185600 bytes (29.8%)
(RDMA_READ_CONSUME_CHECK_CONSUMER) timestamp=9991 ms, used_size=12183552 bytes (29.7%)
(RDMA_READ_CONSUME_CHECK_CONSUMER) timestamp=9991 ms, used_size=12181504 bytes (29.7%)
(RDMA_READ_CONSUME_CHECK_CONSUMER) timestamp=9991 ms, used_size=12179456 bytes (29.7%)
(RDMA_READ_CONSUME_CHECK_CONSUMER) timestamp=9991 ms, used_size=12177408 bytes (29.7%)
(RDMA_READ_CONSUME_CHECK_CONSUMER) timestamp=9991 ms, used_size=12175360 bytes (29.7%)
(RDMA_READ_CONSUME_CHECK_CONSUMER) timestamp=9991 ms, used_size=12173312 bytes (29.7%)
(RDMA_READ_CONSUME_CHECK_CONSUMER) timestamp=9991 ms, used_size=12171264 bytes (29.7%)
(RDMA_READ_CONSUME_CHECK_CONSUMER) timestamp=9991 ms, used_size=12169216 bytes (29.7%)
(RDMA_READ_CONSUME_CHECK_CONSUMER) timestamp=9991 ms, used_size=12167168 bytes (29.7%)
(RDMA_READ_CONSUME_CHECK_CONSUMER) timestamp=9991 ms, used_size=12165120 bytes (29.7%)
(RDMA_READ_CONSUME_CHECK_CONSUMER) timestamp=9991 ms, used_size=12163072 bytes (29.7%)
(RDMA_READ_CONSUME_CHECK_CONSUMER) timestamp=9991 ms, used_size=12161024 bytes (29.7%)
(RDMA_READ_CONSUME_CHECK_CONSUMER) timestamp=9991 ms, used_size=12158976 bytes (29.7%)
(RDMA_READ_CONSUME_CHECK_CONSUMER) timestamp=9991 ms, used_size=12156928 bytes (29.7%)
(RDMA_READ_CONSUME_CHECK_CONSUMER) timestamp=9991 ms, used_size=12154880 bytes (29.7%)
(RDMA_READ_CONSUME_CHECK_CONSUMER) timestamp=9991 ms, used_size=12152832 bytes (29.7%)
(RDMA_READ_CONSUME_CHECK_CONSUMER) timestamp=9991 ms, used_size=12150784 bytes (29.7%)
(RDMA_READ_CONSUME_CHECK_CONSUMER) timestamp=9991 ms, used_size=12148736 bytes (29.7%)
(RDMA_READ_CONSUME_CHECK_CONSUMER) timestamp=9991 ms, used_size=12146688 bytes (29.7%)
(RDMA_READ_CONSUME_CHECK_CONSUMER) timestamp=9991 ms, used_size=12144640 bytes (29.6%)
(RDMA_READ_CONSUME_CHECK_CONSUMER) timestamp=9991 ms, used_size=12142592 bytes (29.6%)
(RDMA_READ_CONSUME_CHECK_CONSUMER) timestamp=9991 ms, used_size=12140544 bytes (29.6%)
(RDMA_READ_CONSUME_CHECK_CONSUMER) timestamp=9991 ms, used_size=12138496 bytes (29.6%)
(RDMA_READ_CONSUME_CHECK_CONSUMER) timestamp=9991 ms, used_size=12136448 bytes (29.6%)
(RDMA_READ_CONSUME_CHECK_CONSUMER) timestamp=9991 ms, used_size=12134400 bytes (29.6%)
(RDMA_READ_CONSUME_CHECK_CONSUMER) timestamp=9991 ms, used_size=12132352 bytes (29.6%)
(RDMA_READ_CONSUME_CHECK_CONSUMER) timestamp=9991 ms, used_size=12130304 bytes (29.6%)
(RDMA_READ_CONSUME_CHECK_CONSUMER) timestamp=9991 ms, used_size=12128256 bytes (29.6%)
(RDMA_READ_CONSUME_CHECK_CONSUMER) timestamp=9991 ms, used_size=12126208 bytes (29.6%)
(RDMA_READ_CONSUME_CHECK_CONSUMER) timestamp=9991 ms, used_size=12124160 bytes (29.6%)
(RDMA_READ_CONSUME_CHECK_CONSUMER) timestamp=9991 ms, used_size=12122112 bytes (29.6%)
(RDMA_READ_CONSUME_CHECK_CONSUMER) timestamp=9991 ms, used_size=12120064 bytes (29.6%)
(RDMA_READ_CONSUME_CHECK_CONSUMER) timestamp=9991 ms, used_size=12118016 bytes (29.6%)
(RDMA_READ_CONSUME_CHECK_CONSUMER) timestamp=9991 ms, used_size=12115968 bytes (29.6%)
(RDMA_READ_CONSUME_CHECK_CONSUMER) timestamp=9991 ms, used_size=12113920 bytes (29.6%)
(RDMA_READ_CONSUME_CHECK_CONSUMER) timestamp=9991 ms, used_size=12111872 bytes (29.6%)
(RDMA_READ_CONSUME_CHECK_CONSUMER) timestamp=9991 ms, used_size=12109824 bytes (29.6%)
(RDMA_READ_CONSUME_CHECK_CONSUMER) timestamp=9991 ms, used_size=12107776 bytes (29.6%)
(RDMA_READ_CONSUME_CHECK_CONSUMER) timestamp=9991 ms, used_size=12105728 bytes (29.6%)
(RDMA_READ_CONSUME_CHECK_CONSUMER) timestamp=9991 ms, used_size=12103680 bytes (29.6%)
(RDMA_READ_CONSUME_CHECK_CONSUMER) timestamp=9991 ms, used_size=12101632 bytes (29.5%)
(RDMA_READ_CONSUME_CHECK_CONSUMER) timestamp=9991 ms, used_size=12099584 bytes (29.5%)
(RDMA_READ_CONSUME_CHECK_CONSUMER) timestamp=9991 ms, used_size=12097536 bytes (29.5%)
(RDMA_READ_CONSUME_CHECK_CONSUMER) timestamp=9991 ms, used_size=12095488 bytes (29.5%)
(RDMA_READ_CONSUME_CHECK_CONSUMER) timestamp=9991 ms, used_size=12093440 bytes (29.5%)
(RDMA_READ_CONSUME_CHECK_CONSUMER) timestamp=9991 ms, used_size=12091392 bytes (29.5%)
(RDMA_READ_CONSUME_CHECK_CONSUMER) timestamp=9991 ms, used_size=12089344 bytes (29.5%)
(RDMA_READ_CONSUME_CHECK_CONSUMER) timestamp=9991 ms, used_size=12087296 bytes (29.5%)
(RDMA_READ_CONSUME_CHECK_CONSUMER) timestamp=9991 ms, used_size=12085248 bytes (29.5%)
(RDMA_READ_CONSUME_CHECK_CONSUMER) timestamp=9991 ms, used_size=12083200 bytes (29.5%)
(RDMA_READ_CONSUME_CHECK_CONSUMER) timestamp=9991 ms, used_size=12081152 bytes (29.5%)
(RDMA_READ_CONSUME_CHECK_CONSUMER) timestamp=9991 ms, used_size=12079104 bytes (29.5%)
(RDMA_READ_CONSUME_CHECK_CONSUMER) timestamp=9991 ms, used_size=12077056 bytes (29.5%)
(RDMA_READ_CONSUME_CHECK_CONSUMER) timestamp=9991 ms, used_size=12075008 bytes (29.5%)
(RDMA_READ_CONSUME_CHECK_CONSUMER) timestamp=9991 ms, used_size=12072960 bytes (29.5%)
(RDMA_READ_CONSUME_CHECK_CONSUMER) timestamp=9991 ms, used_size=12070912 bytes (29.5%)
(RDMA_READ_CONSUME_CHECK_CONSUMER) timestamp=9991 ms, used_size=12068864 bytes (29.5%)
(RDMA_READ_CONSUME_CHECK_CONSUMER) timestamp=9991 ms, used_size=12066816 bytes (29.5%)
(RDMA_READ_CONSUME_CHECK_CONSUMER) timestamp=9991 ms, used_size=12064768 bytes (29.5%)
(RDMA_READ_CONSUME_CHECK_CONSUMER) timestamp=9991 ms, used_size=12062720 bytes (29.4%)
(RDMA_READ_CONSUME_CHECK_CONSUMER) timestamp=9991 ms, used_size=12060672 bytes (29.4%)
(RDMA_READ_CONSUME_CHECK_CONSUMER) timestamp=9991 ms, used_size=12058624 bytes (29.4%)
(RDMA_READ_CONSUME_CHECK_CONSUMER) timestamp=9991 ms, used_size=12056576 bytes (29.4%)
(RDMA_READ_CONSUME_CHECK_CONSUMER) timestamp=9991 ms, used_size=12054528 bytes (29.4%)
(RDMA_READ_CONSUME_CHECK_CONSUMER) timestamp=9991 ms, used_size=12052480 bytes (29.4%)
(RDMA_READ_CONSUME_CHECK_CONSUMER) timestamp=9991 ms, used_size=12050432 bytes (29.4%)
(RDMA_READ_CONSUME_CHECK_CONSUMER) timestamp=9991 ms, used_size=12048384 bytes (29.4%)
(RDMA_READ_CONSUME_CHECK_CONSUMER) timestamp=9991 ms, used_size=12046336 bytes (29.4%)
(RDMA_READ_CONSUME_CHECK_CONSUMER) timestamp=9991 ms, used_size=12044288 bytes (29.4%)
(RDMA_READ_CONSUME_CHECK_CONSUMER) timestamp=9991 ms, used_size=12042240 bytes (29.4%)
(RDMA_READ_CONSUME_CHECK_CONSUMER) timestamp=9991 ms, used_size=12040192 bytes (29.4%)
(RDMA_READ_CONSUME_CHECK_CONSUMER) timestamp=9991 ms, used_size=12038144 bytes (29.4%)
(RDMA_READ_CONSUME_CHECK_CONSUMER) timestamp=9991 ms, used_size=12036096 bytes (29.4%)
(RDMA_READ_CONSUME_CHECK_CONSUMER) timestamp=9991 ms, used_size=12034048 bytes (29.4%)
(RDMA_READ_CONSUME_CHECK_CONSUMER) timestamp=9991 ms, used_size=12032000 bytes (29.4%)
(RDMA_READ_CONSUME_CHECK_CONSUMER) timestamp=9991 ms, used_size=12029952 bytes (29.4%)
(RDMA_READ_CONSUME_CHECK_CONSUMER) timestamp=9991 ms, used_size=12027904 bytes (29.4%)
(RDMA_READ_CONSUME_CHECK_CONSUMER) timestamp=9991 ms, used_size=12025856 bytes (29.4%)
(RDMA_READ_CONSUME_CHECK_CONSUMER) timestamp=9991 ms, used_size=12023808 bytes (29.4%)
(RDMA_READ_CONSUME_CHECK_CONSUMER) timestamp=9991 ms, used_size=12021760 bytes (29.4%)
(RDMA_READ_CONSUME_CHECK_CONSUMER) timestamp=9991 ms, used_size=12019712 bytes (29.3%)
(RDMA_READ_CONSUME_CHECK_CONSUMER) timestamp=9991 ms, used_size=12017664 bytes (29.3%)
(RDMA_READ_CONSUME_CHECK_CONSUMER) timestamp=9991 ms, used_size=12015616 bytes (29.3%)
(RDMA_READ_CONSUME_CHECK_CONSUMER) timestamp=9991 ms, used_size=12013568 bytes (29.3%)
(RDMA_READ_CONSUME_CHECK_CONSUMER) timestamp=9991 ms, used_size=12011520 bytes (29.3%)
(RDMA_READ_CONSUME_CHECK_CONSUMER) timestamp=9991 ms, used_size=12009472 bytes (29.3%)
(RDMA_READ_CONSUME_CHECK_CONSUMER) timestamp=9991 ms, used_size=12007424 bytes (29.3%)
(RDMA_READ_CONSUME_CHECK_CONSUMER) timestamp=9991 ms, used_size=12005376 bytes (29.3%)
(RDMA_READ_CONSUME_CHECK_CONSUMER) timestamp=9991 ms, used_size=12003328 bytes (29.3%)
(RDMA_READ_CONSUME_CHECK_CONSUMER) timestamp=9991 ms, used_size=12001280 bytes (29.3%)
(RDMA_READ_CONSUME_CHECK_CONSUMER) timestamp=9991 ms, used_size=11999232 bytes (29.3%)
(RDMA_READ_CONSUME_CHECK_CONSUMER) timestamp=9991 ms, used_size=11997184 bytes (29.3%)
(RDMA_READ_CONSUME_CHECK_CONSUMER) timestamp=9991 ms, used_size=11995136 bytes (29.3%)
(RDMA_READ_CONSUME_CHECK_CONSUMER) timestamp=9991 ms, used_size=11993088 bytes (29.3%)
(RDMA_READ_CONSUME_CHECK_CONSUMER) timestamp=9991 ms, used_size=11991040 bytes (29.3%)
(RDMA_READ_CONSUME_CHECK_CONSUMER) timestamp=9991 ms, used_size=11988992 bytes (29.3%)
(RDMA_READ_CONSUME_CHECK_CONSUMER) timestamp=9991 ms, used_size=11986944 bytes (29.3%)
(RDMA_READ_CONSUME_CHECK_CONSUMER) timestamp=9991 ms, used_size=11984896 bytes (29.3%)
(RDMA_READ_CONSUME_CHECK_CONSUMER) timestamp=9991 ms, used_size=11982848 bytes (29.3%)
(RDMA_READ_CONSUME_CHECK_CONSUMER) timestamp=9991 ms, used_size=11980800 bytes (29.2%)
(RDMA_READ_CONSUME_CHECK_CONSUMER) timestamp=9991 ms, used_size=11978752 bytes (29.2%)
(RDMA_READ_CONSUME_CHECK_CONSUMER) timestamp=9991 ms, used_size=11976704 bytes (29.2%)
(RDMA_READ_CONSUME_CHECK_CONSUMER) timestamp=9991 ms, used_size=11974656 bytes (29.2%)
(RDMA_READ_CONSUME_CHECK_CONSUMER) timestamp=9991 ms, used_size=11972608 bytes (29.2%)
(RDMA_READ_CONSUME_CHECK_CONSUMER) timestamp=9991 ms, used_size=11970560 bytes (29.2%)
(RDMA_READ_CONSUME_CHECK_CONSUMER) timestamp=9991 ms, used_size=11968512 bytes (29.2%)
(RDMA_READ_CONSUME_CHECK_CONSUMER) timestamp=9991 ms, used_size=11966464 bytes (29.2%)
(RDMA_READ_CONSUME_CHECK_CONSUMER) timestamp=9991 ms, used_size=11964416 bytes (29.2%)
(RDMA_READ_CONSUME_CHECK_CONSUMER) timestamp=9991 ms, used_size=11962368 bytes (29.2%)
(RDMA_READ_CONSUME_CHECK_CONSUMER) timestamp=9991 ms, used_size=11960320 bytes (29.2%)
(RDMA_READ_CONSUME_CHECK_CONSUMER) timestamp=9991 ms, used_size=11958272 bytes (29.2%)
(RDMA_READ_CONSUME_CHECK_CONSUMER) timestamp=9991 ms, used_size=11956224 bytes (29.2%)
(RDMA_READ_CONSUME_CHECK_CONSUMER) timestamp=9991 ms, used_size=11954176 bytes (29.2%)
(RDMA_READ_CONSUME_CHECK_CONSUMER) timestamp=9991 ms, used_size=11952128 bytes (29.2%)
(RDMA_READ_CONSUME_CHECK_CONSUMER) timestamp=9991 ms, used_size=11950080 bytes (29.2%)
(RDMA_READ_CONSUME_CHECK_CONSUMER) timestamp=9991 ms, used_size=11948032 bytes (29.2%)
(RDMA_READ_CONSUME_CHECK_CONSUMER) timestamp=9991 ms, used_size=11945984 bytes (29.2%)
(RDMA_READ_CONSUME_CHECK_CONSUMER) timestamp=9991 ms, used_size=11943936 bytes (29.2%)
(RDMA_READ_CONSUME_CHECK_CONSUMER) timestamp=9991 ms, used_size=11941888 bytes (29.2%)
(RDMA_READ_CONSUME_CHECK_CONSUMER) timestamp=9991 ms, used_size=11939840 bytes (29.1%)
(RDMA_READ_CONSUME_CHECK_CONSUMER) timestamp=9991 ms, used_size=11937792 bytes (29.1%)
(RDMA_READ_CONSUME_CHECK_CONSUMER) timestamp=9991 ms, used_size=11935744 bytes (29.1%)
(RDMA_READ_CONSUME_CHECK_CONSUMER) timestamp=9991 ms, used_size=11933696 bytes (29.1%)
(RDMA_READ_CONSUME_CHECK_CONSUMER) timestamp=9991 ms, used_size=11931648 bytes (29.1%)
(RDMA_READ_CONSUME_CHECK_CONSUMER) timestamp=9991 ms, used_size=11929600 bytes (29.1%)
(RDMA_READ_CONSUME_CHECK_CONSUMER) timestamp=9991 ms, used_size=11927552 bytes (29.1%)
(RDMA_READ_CONSUME_CHECK_CONSUMER) timestamp=9991 ms, used_size=11925504 bytes (29.1%)
(RDMA_READ_CONSUME_CHECK_CONSUMER) timestamp=9991 ms, used_size=11923456 bytes (29.1%)
(RDMA_READ_CONSUME_CHECK_CONSUMER) timestamp=9991 ms, used_size=11921408 bytes (29.1%)
(RDMA_READ_CONSUME_CHECK_CONSUMER) timestamp=9991 ms, used_size=11919360 bytes (29.1%)
(RDMA_READ_CONSUME_CHECK_CONSUMER) timestamp=9991 ms, used_size=11917312 bytes (29.1%)
(RDMA_READ_CONSUME_CHECK_CONSUMER) timestamp=9991 ms, used_size=11915264 bytes (29.1%)
(RDMA_READ_CONSUME_CHECK_CONSUMER) timestamp=9991 ms, used_size=11913216 bytes (29.1%)
(RDMA_READ_CONSUME_CHECK_CONSUMER) timestamp=9991 ms, used_size=11911168 bytes (29.1%)
(RDMA_READ_CONSUME_CHECK_CONSUMER) timestamp=9991 ms, used_size=11909120 bytes (29.1%)
(RDMA_READ_CONSUME_CHECK_CONSUMER) timestamp=9991 ms, used_size=11907072 bytes (29.1%)
(RDMA_READ_CONSUME_CHECK_CONSUMER) timestamp=9991 ms, used_size=11905024 bytes (29.1%)
(RDMA_READ_CONSUME_CHECK_CONSUMER) timestamp=9991 ms, used_size=11902976 bytes (29.1%)
(RDMA_READ_CONSUME_CHECK_CONSUMER) timestamp=9991 ms, used_size=11900928 bytes (29.1%)
(RDMA_READ_CONSUME_CHECK_CONSUMER) timestamp=9991 ms, used_size=11898880 bytes (29.1%)
(RDMA_READ_CONSUME_CHECK_CONSUMER) timestamp=9991 ms, used_size=11896832 bytes (29.0%)
(RDMA_READ_CONSUME_CHECK_CONSUMER) timestamp=9991 ms, used_size=11894784 bytes (29.0%)
(RDMA_READ_CONSUME_CHECK_CONSUMER) timestamp=9991 ms, used_size=11892736 bytes (29.0%)
(RDMA_READ_CONSUME_CHECK_CONSUMER) timestamp=9991 ms, used_size=11890688 bytes (29.0%)
(RDMA_READ_CONSUME_CHECK_CONSUMER) timestamp=9991 ms, used_size=11888640 bytes (29.0%)
(RDMA_READ_CONSUME_CHECK_CONSUMER) timestamp=9991 ms, used_size=11886592 bytes (29.0%)
(RDMA_READ_CONSUME_CHECK_CONSUMER) timestamp=9991 ms, used_size=11884544 bytes (29.0%)
(RDMA_READ_CONSUME_CHECK_CONSUMER) timestamp=9991 ms, used_size=11882496 bytes (29.0%)
(RDMA_READ_CONSUME_CHECK_CONSUMER) timestamp=9991 ms, used_size=11880448 bytes (29.0%)
(RDMA_READ_CONSUME_CHECK_CONSUMER) timestamp=9991 ms, used_size=11878400 bytes (29.0%)
(RDMA_READ_CONSUME_CHECK_CONSUMER) timestamp=9991 ms, used_size=11876352 bytes (29.0%)
(RDMA_READ_CONSUME_CHECK_CONSUMER) timestamp=9991 ms, used_size=11874304 bytes (29.0%)
(RDMA_READ_CONSUME_CHECK_CONSUMER) timestamp=9991 ms, used_size=11872256 bytes (29.0%)
(RDMA_READ_CONSUME_CHECK_CONSUMER) timestamp=9991 ms, used_size=11870208 bytes (29.0%)
(RDMA_READ_CONSUME_CHECK_CONSUMER) timestamp=9991 ms, used_size=11868160 bytes (29.0%)
(RDMA_READ_CONSUME_CHECK_CONSUMER) timestamp=9991 ms, used_size=11866112 bytes (29.0%)
(RDMA_READ_CONSUME_CHECK_CONSUMER) timestamp=9991 ms, used_size=11864064 bytes (29.0%)
(RDMA_READ_CONSUME_CHECK_CONSUMER) timestamp=9991 ms, used_size=11862016 bytes (29.0%)
(RDMA_READ_CONSUME_CHECK_CONSUMER) timestamp=9991 ms, used_size=11859968 bytes (29.0%)
(RDMA_READ_CONSUME_CHECK_CONSUMER) timestamp=9991 ms, used_size=11857920 bytes (28.9%)
(RDMA_READ_CONSUME_CHECK_CONSUMER) timestamp=9991 ms, used_size=11855872 bytes (28.9%)
(RDMA_READ_CONSUME_CHECK_CONSUMER) timestamp=9991 ms, used_size=11853824 bytes (28.9%)
(RDMA_READ_CONSUME_CHECK_CONSUMER) timestamp=9991 ms, used_size=11851776 bytes (28.9%)
(RDMA_READ_CONSUME_CHECK_CONSUMER) timestamp=9991 ms, used_size=11849728 bytes (28.9%)
(RDMA_READ_CONSUME_CHECK_CONSUMER) timestamp=9991 ms, used_size=11847680 bytes (28.9%)
(RDMA_READ_CONSUME_CHECK_CONSUMER) timestamp=9991 ms, used_size=11845632 bytes (28.9%)
(RDMA_READ_CONSUME_CHECK_CONSUMER) timestamp=9991 ms, used_size=11843584 bytes (28.9%)
(RDMA_READ_CONSUME_CHECK_CONSUMER) timestamp=9991 ms, used_size=11841536 bytes (28.9%)
(RDMA_READ_CONSUME_CHECK_CONSUMER) timestamp=9991 ms, used_size=11839488 bytes (28.9%)
(RDMA_READ_CONSUME_CHECK_CONSUMER) timestamp=9992 ms, used_size=11837440 bytes (28.9%)
(RDMA_READ_CONSUME_CHECK_CONSUMER) timestamp=9992 ms, used_size=11835392 bytes (28.9%)
(RDMA_READ_CONSUME_CHECK_CONSUMER) timestamp=9992 ms, used_size=11833344 bytes (28.9%)
(RDMA_READ_CONSUME_CHECK_CONSUMER) timestamp=9992 ms, used_size=11831296 bytes (28.9%)
(RDMA_READ_CONSUME_CHECK_CONSUMER) timestamp=9992 ms, used_size=11829248 bytes (28.9%)
(RDMA_READ_CONSUME_CHECK_CONSUMER) timestamp=9992 ms, used_size=11827200 bytes (28.9%)
(RDMA_READ_CONSUME_CHECK_CONSUMER) timestamp=9992 ms, used_size=11825152 bytes (28.9%)
(RDMA_READ_CONSUME_CHECK_CONSUMER) timestamp=9992 ms, used_size=11823104 bytes (28.9%)
(RDMA_READ_CONSUME_CHECK_CONSUMER) timestamp=9992 ms, used_size=11821056 bytes (28.9%)
(RDMA_READ_CONSUME_CHECK_CONSUMER) timestamp=9992 ms, used_size=11819008 bytes (28.9%)
(RDMA_READ_CONSUME_CHECK_CONSUMER) timestamp=9992 ms, used_size=11816960 bytes (28.9%)
(RDMA_READ_CONSUME_CHECK_CONSUMER) timestamp=9992 ms, used_size=11814912 bytes (28.8%)
(RDMA_READ_CONSUME_CHECK_CONSUMER) timestamp=9992 ms, used_size=11812864 bytes (28.8%)
(RDMA_READ_CONSUME_CHECK_CONSUMER) timestamp=9992 ms, used_size=11810816 bytes (28.8%)
(RDMA_READ_CONSUME_CHECK_CONSUMER) timestamp=9992 ms, used_size=11808768 bytes (28.8%)
(RDMA_READ_CONSUME_CHECK_CONSUMER) timestamp=9992 ms, used_size=11806720 bytes (28.8%)
(RDMA_READ_CONSUME_CHECK_CONSUMER) timestamp=9992 ms, used_size=11804672 bytes (28.8%)
(RDMA_READ_CONSUME_CHECK_CONSUMER) timestamp=9992 ms, used_size=11802624 bytes (28.8%)
(RDMA_READ_CONSUME_CHECK_CONSUMER) timestamp=9992 ms, used_size=11800576 bytes (28.8%)
(RDMA_READ_CONSUME_CHECK_CONSUMER) timestamp=9992 ms, used_size=11798528 bytes (28.8%)
(RDMA_READ_CONSUME_CHECK_CONSUMER) timestamp=9992 ms, used_size=11796480 bytes (28.8%)
(RDMA_READ_CONSUME_CHECK_CONSUMER) timestamp=9992 ms, used_size=11794432 bytes (28.8%)
(RDMA_READ_CONSUME_CHECK_CONSUMER) timestamp=9992 ms, used_size=11792384 bytes (28.8%)
(RDMA_READ_CONSUME_CHECK_CONSUMER) timestamp=9992 ms, used_size=11790336 bytes (28.8%)
(RDMA_READ_CONSUME_CHECK_CONSUMER) timestamp=9992 ms, used_size=11788288 bytes (28.8%)
(RDMA_READ_CONSUME_CHECK_CONSUMER) timestamp=9992 ms, used_size=11786240 bytes (28.8%)
(RDMA_READ_CONSUME_CHECK_CONSUMER) timestamp=9992 ms, used_size=11784192 bytes (28.8%)
(RDMA_READ_CONSUME_CHECK_CONSUMER) timestamp=9992 ms, used_size=11782144 bytes (28.8%)
(RDMA_READ_CONSUME_CHECK_CONSUMER) timestamp=9992 ms, used_size=11780096 bytes (28.8%)
(RDMA_READ_CONSUME_CHECK_CONSUMER) timestamp=9992 ms, used_size=11778048 bytes (28.8%)
(RDMA_READ_CONSUME_CHECK_CONSUMER) timestamp=9992 ms, used_size=11776000 bytes (28.8%)
(RDMA_READ_CONSUME_CHECK_CONSUMER) timestamp=9992 ms, used_size=11773952 bytes (28.7%)
(RDMA_READ_CONSUME_CHECK_CONSUMER) timestamp=9992 ms, used_size=11771904 bytes (28.7%)
(RDMA_READ_CONSUME_CHECK_CONSUMER) timestamp=9992 ms, used_size=11769856 bytes (28.7%)
(RDMA_READ_CONSUME_CHECK_CONSUMER) timestamp=9992 ms, used_size=11767808 bytes (28.7%)
(RDMA_READ_CONSUME_CHECK_CONSUMER) timestamp=9992 ms, used_size=11765760 bytes (28.7%)
(RDMA_READ_CONSUME_CHECK_CONSUMER) timestamp=9992 ms, used_size=11763712 bytes (28.7%)
(RDMA_READ_CONSUME_CHECK_CONSUMER) timestamp=9992 ms, used_size=11761664 bytes (28.7%)
(RDMA_READ_CONSUME_CHECK_CONSUMER) timestamp=9992 ms, used_size=11759616 bytes (28.7%)
(RDMA_READ_CONSUME_CHECK_CONSUMER) timestamp=9992 ms, used_size=11757568 bytes (28.7%)
(RDMA_READ_CONSUME_CHECK_CONSUMER) timestamp=9992 ms, used_size=11755520 bytes (28.7%)
(RDMA_READ_CONSUME_CHECK_CONSUMER) timestamp=9992 ms, used_size=11753472 bytes (28.7%)
(RDMA_READ_CONSUME_CHECK_CONSUMER) timestamp=9992 ms, used_size=11751424 bytes (28.7%)
(RDMA_READ_CONSUME_CHECK_CONSUMER) timestamp=9992 ms, used_size=11749376 bytes (28.7%)
(RDMA_READ_CONSUME_CHECK_CONSUMER) timestamp=9992 ms, used_size=11747328 bytes (28.7%)
(RDMA_READ_CONSUME_CHECK_CONSUMER) timestamp=9992 ms, used_size=11745280 bytes (28.7%)
(RDMA_READ_CONSUME_CHECK_CONSUMER) timestamp=9992 ms, used_size=11743232 bytes (28.7%)
(RDMA_READ_CONSUME_CHECK_CONSUMER) timestamp=9992 ms, used_size=11741184 bytes (28.7%)
(RDMA_READ_CONSUME_CHECK_CONSUMER) timestamp=9992 ms, used_size=11739136 bytes (28.7%)
(RDMA_READ_CONSUME_CHECK_CONSUMER) timestamp=9992 ms, used_size=11737088 bytes (28.7%)
(RDMA_READ_CONSUME_CHECK_CONSUMER) timestamp=9992 ms, used_size=11735040 bytes (28.6%)
(RDMA_READ_CONSUME_CHECK_CONSUMER) timestamp=9992 ms, used_size=11732992 bytes (28.6%)
(RDMA_READ_CONSUME_CHECK_CONSUMER) timestamp=9992 ms, used_size=11730944 bytes (28.6%)
(RDMA_READ_CONSUME_CHECK_CONSUMER) timestamp=9992 ms, used_size=11728896 bytes (28.6%)
(RDMA_READ_CONSUME_CHECK_CONSUMER) timestamp=9992 ms, used_size=11726848 bytes (28.6%)
(RDMA_READ_CONSUME_CHECK_CONSUMER) timestamp=9992 ms, used_size=11724800 bytes (28.6%)
(RDMA_READ_CONSUME_CHECK_CONSUMER) timestamp=9992 ms, used_size=11722752 bytes (28.6%)
(RDMA_READ_CONSUME_CHECK_CONSUMER) timestamp=9992 ms, used_size=11720704 bytes (28.6%)
(RDMA_READ_CONSUME_CHECK_CONSUMER) timestamp=9992 ms, used_size=11718656 bytes (28.6%)
(RDMA_READ_CONSUME_CHECK_CONSUMER) timestamp=9992 ms, used_size=11716608 bytes (28.6%)
(RDMA_READ_CONSUME_CHECK_CONSUMER) timestamp=9992 ms, used_size=11714560 bytes (28.6%)
(RDMA_READ_CONSUME_CHECK_CONSUMER) timestamp=9992 ms, used_size=11712512 bytes (28.6%)
(RDMA_READ_CONSUME_CHECK_CONSUMER) timestamp=9992 ms, used_size=11710464 bytes (28.6%)
(RDMA_READ_CONSUME_CHECK_CONSUMER) timestamp=9992 ms, used_size=11708416 bytes (28.6%)
(RDMA_READ_CONSUME_CHECK_CONSUMER) timestamp=9992 ms, used_size=11706368 bytes (28.6%)
(RDMA_READ_CONSUME_CHECK_CONSUMER) timestamp=9992 ms, used_size=11704320 bytes (28.6%)
(RDMA_READ_CONSUME_CHECK_CONSUMER) timestamp=9992 ms, used_size=11702272 bytes (28.6%)
(RDMA_READ_CONSUME_CHECK_CONSUMER) timestamp=9992 ms, used_size=11700224 bytes (28.6%)
(RDMA_READ_CONSUME_CHECK_CONSUMER) timestamp=9992 ms, used_size=11698176 bytes (28.6%)
(RDMA_READ_CONSUME_CHECK_CONSUMER) timestamp=9992 ms, used_size=11696128 bytes (28.6%)
(RDMA_READ_CONSUME_CHECK_CONSUMER) timestamp=9992 ms, used_size=11694080 bytes (28.6%)
(RDMA_READ_CONSUME_CHECK_CONSUMER) timestamp=9992 ms, used_size=11692032 bytes (28.5%)
(RDMA_READ_CONSUME_CHECK_CONSUMER) timestamp=9992 ms, used_size=11689984 bytes (28.5%)
(RDMA_READ_CONSUME_CHECK_CONSUMER) timestamp=9992 ms, used_size=11687936 bytes (28.5%)
(RDMA_READ_CONSUME_CHECK_CONSUMER) timestamp=9992 ms, used_size=11685888 bytes (28.5%)
(RDMA_READ_CONSUME_CHECK_CONSUMER) timestamp=9992 ms, used_size=11683840 bytes (28.5%)
(RDMA_READ_CONSUME_CHECK_CONSUMER) timestamp=9992 ms, used_size=11681792 bytes (28.5%)
(RDMA_READ_CONSUME_CHECK_CONSUMER) timestamp=9992 ms, used_size=11679744 bytes (28.5%)
(RDMA_READ_CONSUME_CHECK_CONSUMER) timestamp=9992 ms, used_size=11677696 bytes (28.5%)
(RDMA_READ_CONSUME_CHECK_CONSUMER) timestamp=9992 ms, used_size=11675648 bytes (28.5%)
(RDMA_READ_CONSUME_CHECK_CONSUMER) timestamp=9992 ms, used_size=11673600 bytes (28.5%)
(RDMA_READ_CONSUME_CHECK_CONSUMER) timestamp=9992 ms, used_size=11671552 bytes (28.5%)
(RDMA_READ_CONSUME_CHECK_CONSUMER) timestamp=9992 ms, used_size=11669504 bytes (28.5%)
(RDMA_READ_CONSUME_CHECK_CONSUMER) timestamp=9992 ms, used_size=11667456 bytes (28.5%)
(RDMA_READ_CONSUME_CHECK_CONSUMER) timestamp=9992 ms, used_size=11665408 bytes (28.5%)
(RDMA_READ_CONSUME_CHECK_CONSUMER) timestamp=9992 ms, used_size=11663360 bytes (28.5%)
(RDMA_READ_CONSUME_CHECK_CONSUMER) timestamp=9992 ms, used_size=11661312 bytes (28.5%)
(RDMA_READ_CONSUME_CHECK_CONSUMER) timestamp=9992 ms, used_size=11659264 bytes (28.5%)
(RDMA_READ_CONSUME_CHECK_CONSUMER) timestamp=9992 ms, used_size=11657216 bytes (28.5%)
(RDMA_READ_CONSUME_CHECK_CONSUMER) timestamp=9992 ms, used_size=11655168 bytes (28.5%)
(RDMA_READ_CONSUME_CHECK_CONSUMER) timestamp=9992 ms, used_size=11653120 bytes (28.4%)
(RDMA_READ_CONSUME_CHECK_CONSUMER) timestamp=9992 ms, used_size=11651072 bytes (28.4%)
(RDMA_READ_CONSUME_CHECK_CONSUMER) timestamp=9992 ms, used_size=11649024 bytes (28.4%)
(RDMA_READ_CONSUME_CHECK_CONSUMER) timestamp=9992 ms, used_size=11646976 bytes (28.4%)
(RDMA_READ_CONSUME_CHECK_CONSUMER) timestamp=9992 ms, used_size=11644928 bytes (28.4%)
(RDMA_READ_CONSUME_CHECK_CONSUMER) timestamp=9992 ms, used_size=11642880 bytes (28.4%)
(RDMA_READ_CONSUME_CHECK_CONSUMER) timestamp=9992 ms, used_size=11640832 bytes (28.4%)
(RDMA_READ_CONSUME_CHECK_CONSUMER) timestamp=9992 ms, used_size=11638784 bytes (28.4%)
(RDMA_READ_CONSUME_CHECK_CONSUMER) timestamp=9992 ms, used_size=11636736 bytes (28.4%)
(RDMA_READ_CONSUME_CHECK_CONSUMER) timestamp=9992 ms, used_size=11634688 bytes (28.4%)
(RDMA_READ_CONSUME_CHECK_CONSUMER) timestamp=9992 ms, used_size=11632640 bytes (28.4%)
(RDMA_READ_CONSUME_CHECK_CONSUMER) timestamp=9992 ms, used_size=11630592 bytes (28.4%)
(RDMA_READ_CONSUME_CHECK_CONSUMER) timestamp=9992 ms, used_size=11628544 bytes (28.4%)
(RDMA_READ_CONSUME_CHECK_CONSUMER) timestamp=9992 ms, used_size=11626496 bytes (28.4%)
(RDMA_READ_CONSUME_CHECK_CONSUMER) timestamp=9992 ms, used_size=11624448 bytes (28.4%)
(RDMA_READ_CONSUME_CHECK_CONSUMER) timestamp=9992 ms, used_size=11622400 bytes (28.4%)
(RDMA_READ_CONSUME_CHECK_CONSUMER) timestamp=9992 ms, used_size=11620352 bytes (28.4%)
(RDMA_READ_CONSUME_CHECK_CONSUMER) timestamp=9992 ms, used_size=11618304 bytes (28.4%)
(RDMA_READ_CONSUME_CHECK_CONSUMER) timestamp=9992 ms, used_size=11616256 bytes (28.4%)
(RDMA_READ_CONSUME_CHECK_CONSUMER) timestamp=9992 ms, used_size=11614208 bytes (28.4%)
(RDMA_READ_CONSUME_CHECK_CONSUMER) timestamp=9992 ms, used_size=11612160 bytes (28.4%)
(RDMA_READ_CONSUME_CHECK_CONSUMER) timestamp=9992 ms, used_size=11610112 bytes (28.3%)
(RDMA_READ_CONSUME_CHECK_CONSUMER) timestamp=9992 ms, used_size=11608064 bytes (28.3%)
(RDMA_READ_CONSUME_CHECK_CONSUMER) timestamp=9992 ms, used_size=11606016 bytes (28.3%)
(RDMA_READ_CONSUME_CHECK_CONSUMER) timestamp=9992 ms, used_size=11603968 bytes (28.3%)
(RDMA_READ_CONSUME_CHECK_CONSUMER) timestamp=9992 ms, used_size=11601920 bytes (28.3%)
(RDMA_READ_CONSUME_CHECK_CONSUMER) timestamp=9992 ms, used_size=11599872 bytes (28.3%)
(RDMA_READ_CONSUME_CHECK_CONSUMER) timestamp=9992 ms, used_size=11597824 bytes (28.3%)
(RDMA_READ_CONSUME_CHECK_CONSUMER) timestamp=9992 ms, used_size=11595776 bytes (28.3%)
(RDMA_READ_CONSUME_CHECK_CONSUMER) timestamp=9992 ms, used_size=11593728 bytes (28.3%)
(RDMA_READ_CONSUME_CHECK_CONSUMER) timestamp=9992 ms, used_size=11591680 bytes (28.3%)
(RDMA_READ_CONSUME_CHECK_CONSUMER) timestamp=9992 ms, used_size=11589632 bytes (28.3%)
(RDMA_READ_CONSUME_CHECK_CONSUMER) timestamp=9992 ms, used_size=11587584 bytes (28.3%)
(RDMA_READ_CONSUME_CHECK_CONSUMER) timestamp=9992 ms, used_size=11585536 bytes (28.3%)
(RDMA_READ_CONSUME_CHECK_CONSUMER) timestamp=9992 ms, used_size=11583488 bytes (28.3%)
(RDMA_READ_CONSUME_CHECK_CONSUMER) timestamp=9992 ms, used_size=11581440 bytes (28.3%)
(RDMA_READ_CONSUME_CHECK_CONSUMER) timestamp=9992 ms, used_size=11579392 bytes (28.3%)
(RDMA_READ_CONSUME_CHECK_CONSUMER) timestamp=9992 ms, used_size=11577344 bytes (28.3%)
(RDMA_READ_CONSUME_CHECK_CONSUMER) timestamp=9992 ms, used_size=11575296 bytes (28.3%)
(RDMA_READ_CONSUME_CHECK_CONSUMER) timestamp=9992 ms, used_size=11573248 bytes (28.3%)
(RDMA_READ_CONSUME_CHECK_CONSUMER) timestamp=9992 ms, used_size=11571200 bytes (28.2%)
(RDMA_READ_CONSUME_CHECK_CONSUMER) timestamp=9992 ms, used_size=11569152 bytes (28.2%)
(RDMA_READ_CONSUME_CHECK_CONSUMER) timestamp=9992 ms, used_size=11567104 bytes (28.2%)
(RDMA_READ_CONSUME_CHECK_CONSUMER) timestamp=9992 ms, used_size=11565056 bytes (28.2%)
(RDMA_READ_CONSUME_CHECK_CONSUMER) timestamp=9992 ms, used_size=11563008 bytes (28.2%)
(RDMA_READ_CONSUME_CHECK_CONSUMER) timestamp=9992 ms, used_size=11560960 bytes (28.2%)
(RDMA_READ_CONSUME_CHECK_CONSUMER) timestamp=9992 ms, used_size=11558912 bytes (28.2%)
(RDMA_READ_CONSUME_CHECK_CONSUMER) timestamp=9992 ms, used_size=11556864 bytes (28.2%)
(RDMA_READ_CONSUME_CHECK_CONSUMER) timestamp=9992 ms, used_size=11554816 bytes (28.2%)
(RDMA_READ_CONSUME_CHECK_CONSUMER) timestamp=9992 ms, used_size=11552768 bytes (28.2%)
(RDMA_READ_CONSUME_CHECK_CONSUMER) timestamp=9992 ms, used_size=11550720 bytes (28.2%)
(RDMA_READ_CONSUME_CHECK_CONSUMER) timestamp=9992 ms, used_size=11548672 bytes (28.2%)
(RDMA_READ_CONSUME_CHECK_CONSUMER) timestamp=9992 ms, used_size=11546624 bytes (28.2%)
(RDMA_READ_CONSUME_CHECK_CONSUMER) timestamp=9992 ms, used_size=11544576 bytes (28.2%)
(RDMA_READ_CONSUME_CHECK_CONSUMER) timestamp=9992 ms, used_size=11542528 bytes (28.2%)
(RDMA_READ_CONSUME_CHECK_CONSUMER) timestamp=9992 ms, used_size=11540480 bytes (28.2%)
(RDMA_READ_CONSUME_CHECK_CONSUMER) timestamp=9992 ms, used_size=11538432 bytes (28.2%)
(RDMA_READ_CONSUME_CHECK_CONSUMER) timestamp=9992 ms, used_size=11536384 bytes (28.2%)
(RDMA_READ_CONSUME_CHECK_CONSUMER) timestamp=9992 ms, used_size=11534336 bytes (28.2%)
(RDMA_READ_CONSUME_CHECK_CONSUMER) timestamp=9992 ms, used_size=11532288 bytes (28.2%)
(RDMA_READ_CONSUME_CHECK_CONSUMER) timestamp=9992 ms, used_size=11530240 bytes (28.1%)
(RDMA_READ_CONSUME_CHECK_CONSUMER) timestamp=9992 ms, used_size=11528192 bytes (28.1%)
(RDMA_READ_CONSUME_CHECK_CONSUMER) timestamp=9992 ms, used_size=11526144 bytes (28.1%)
(RDMA_READ_CONSUME_CHECK_CONSUMER) timestamp=9992 ms, used_size=11524096 bytes (28.1%)
(RDMA_READ_CONSUME_CHECK_CONSUMER) timestamp=9992 ms, used_size=11522048 bytes (28.1%)
(RDMA_READ_CONSUME_CHECK_CONSUMER) timestamp=9992 ms, used_size=11520000 bytes (28.1%)
(RDMA_READ_CONSUME_CHECK_CONSUMER) timestamp=9992 ms, used_size=11517952 bytes (28.1%)
(RDMA_READ_CONSUME_CHECK_CONSUMER) timestamp=9992 ms, used_size=11515904 bytes (28.1%)
(RDMA_READ_CONSUME_CHECK_CONSUMER) timestamp=9992 ms, used_size=11513856 bytes (28.1%)
(RDMA_READ_CONSUME_CHECK_CONSUMER) timestamp=9992 ms, used_size=11511808 bytes (28.1%)
(RDMA_READ_CONSUME_CHECK_CONSUMER) timestamp=9992 ms, used_size=11509760 bytes (28.1%)
(RDMA_READ_CONSUME_CHECK_CONSUMER) timestamp=9992 ms, used_size=11507712 bytes (28.1%)
(RDMA_READ_CONSUME_CHECK_CONSUMER) timestamp=9992 ms, used_size=11505664 bytes (28.1%)
(RDMA_READ_CONSUME_CHECK_CONSUMER) timestamp=9992 ms, used_size=11503616 bytes (28.1%)
(RDMA_READ_CONSUME_CHECK_CONSUMER) timestamp=9992 ms, used_size=11501568 bytes (28.1%)
(RDMA_READ_CONSUME_CHECK_CONSUMER) timestamp=9992 ms, used_size=11499520 bytes (28.1%)
(RDMA_READ_CONSUME_CHECK_CONSUMER) timestamp=9992 ms, used_size=11497472 bytes (28.1%)
(RDMA_READ_CONSUME_CHECK_CONSUMER) timestamp=9992 ms, used_size=11495424 bytes (28.1%)
(RDMA_READ_CONSUME_CHECK_CONSUMER) timestamp=9992 ms, used_size=11493376 bytes (28.1%)
(RDMA_READ_CONSUME_CHECK_CONSUMER) timestamp=9992 ms, used_size=11491328 bytes (28.1%)
(RDMA_READ_CONSUME_CHECK_CONSUMER) timestamp=9992 ms, used_size=11489280 bytes (28.1%)
(RDMA_READ_CONSUME_CHECK_CONSUMER) timestamp=9992 ms, used_size=11487232 bytes (28.0%)
(RDMA_READ_CONSUME_CHECK_CONSUMER) timestamp=9992 ms, used_size=11485184 bytes (28.0%)
(RDMA_READ_CONSUME_CHECK_CONSUMER) timestamp=9993 ms, used_size=11483136 bytes (28.0%)
(RDMA_READ_CONSUME_CHECK_CONSUMER) timestamp=9993 ms, used_size=11481088 bytes (28.0%)
(RDMA_READ_CONSUME_CHECK_CONSUMER) timestamp=9993 ms, used_size=11479040 bytes (28.0%)
(RDMA_READ_CONSUME_CHECK_CONSUMER) timestamp=9993 ms, used_size=11476992 bytes (28.0%)
(RDMA_READ_CONSUME_CHECK_CONSUMER) timestamp=9993 ms, used_size=11474944 bytes (28.0%)
(RDMA_READ_CONSUME_CHECK_CONSUMER) timestamp=9993 ms, used_size=11472896 bytes (28.0%)
(RDMA_READ_CONSUME_CHECK_CONSUMER) timestamp=9993 ms, used_size=11470848 bytes (28.0%)
(RDMA_READ_CONSUME_CHECK_CONSUMER) timestamp=9993 ms, used_size=11468800 bytes (28.0%)
(RDMA_READ_CONSUME_CHECK_CONSUMER) timestamp=9993 ms, used_size=11466752 bytes (28.0%)
(RDMA_READ_CONSUME_CHECK_CONSUMER) timestamp=9993 ms, used_size=11464704 bytes (28.0%)
(RDMA_READ_CONSUME_CHECK_CONSUMER) timestamp=9993 ms, used_size=11462656 bytes (28.0%)
(RDMA_READ_CONSUME_CHECK_CONSUMER) timestamp=9993 ms, used_size=11460608 bytes (28.0%)
(RDMA_READ_CONSUME_CHECK_CONSUMER) timestamp=9993 ms, used_size=11458560 bytes (28.0%)
(RDMA_READ_CONSUME_CHECK_CONSUMER) timestamp=9993 ms, used_size=11456512 bytes (28.0%)
(RDMA_READ_CONSUME_CHECK_CONSUMER) timestamp=9993 ms, used_size=11454464 bytes (28.0%)
(RDMA_READ_CONSUME_CHECK_CONSUMER) timestamp=9993 ms, used_size=11452416 bytes (28.0%)
(RDMA_READ_CONSUME_CHECK_CONSUMER) timestamp=9993 ms, used_size=11450368 bytes (28.0%)
(RDMA_READ_CONSUME_CHECK_CONSUMER) timestamp=9993 ms, used_size=11448320 bytes (27.9%)
(RDMA_READ_CONSUME_CHECK_CONSUMER) timestamp=9993 ms, used_size=11446272 bytes (27.9%)
(RDMA_READ_CONSUME_CHECK_CONSUMER) timestamp=9993 ms, used_size=11444224 bytes (27.9%)
(RDMA_READ_CONSUME_CHECK_CONSUMER) timestamp=9993 ms, used_size=11442176 bytes (27.9%)
(RDMA_READ_CONSUME_CHECK_CONSUMER) timestamp=9993 ms, used_size=11440128 bytes (27.9%)
(RDMA_READ_CONSUME_CHECK_CONSUMER) timestamp=9993 ms, used_size=11438080 bytes (27.9%)
(RDMA_READ_CONSUME_CHECK_CONSUMER) timestamp=9993 ms, used_size=11436032 bytes (27.9%)
(RDMA_READ_CONSUME_CHECK_CONSUMER) timestamp=9993 ms, used_size=11433984 bytes (27.9%)
(RDMA_READ_CONSUME_CHECK_CONSUMER) timestamp=9993 ms, used_size=11431936 bytes (27.9%)
(RDMA_READ_CONSUME_CHECK_CONSUMER) timestamp=9993 ms, used_size=11429888 bytes (27.9%)
(RDMA_READ_CONSUME_CHECK_CONSUMER) timestamp=9993 ms, used_size=11427840 bytes (27.9%)
(RDMA_READ_CONSUME_CHECK_CONSUMER) timestamp=9993 ms, used_size=11425792 bytes (27.9%)
(RDMA_READ_CONSUME_CHECK_CONSUMER) timestamp=9993 ms, used_size=11423744 bytes (27.9%)
(RDMA_READ_CONSUME_CHECK_CONSUMER) timestamp=9993 ms, used_size=11421696 bytes (27.9%)
(RDMA_READ_CONSUME_CHECK_CONSUMER) timestamp=9993 ms, used_size=11419648 bytes (27.9%)
(RDMA_READ_CONSUME_CHECK_CONSUMER) timestamp=9993 ms, used_size=11417600 bytes (27.9%)
(RDMA_READ_CONSUME_CHECK_CONSUMER) timestamp=9993 ms, used_size=11415552 bytes (27.9%)
(RDMA_READ_CONSUME_CHECK_CONSUMER) timestamp=9993 ms, used_size=11413504 bytes (27.9%)
(RDMA_READ_CONSUME_CHECK_CONSUMER) timestamp=9993 ms, used_size=11411456 bytes (27.9%)
(RDMA_READ_CONSUME_CHECK_CONSUMER) timestamp=9993 ms, used_size=11409408 bytes (27.9%)
(RDMA_READ_CONSUME_CHECK_CONSUMER) timestamp=9993 ms, used_size=11407360 bytes (27.9%)
(RDMA_READ_CONSUME_CHECK_CONSUMER) timestamp=9993 ms, used_size=11405312 bytes (27.8%)
(RDMA_READ_CONSUME_CHECK_CONSUMER) timestamp=9993 ms, used_size=11403264 bytes (27.8%)
(RDMA_READ_CONSUME_CHECK_CONSUMER) timestamp=9993 ms, used_size=11401216 bytes (27.8%)
(RDMA_READ_CONSUME_CHECK_CONSUMER) timestamp=9993 ms, used_size=11399168 bytes (27.8%)
(RDMA_READ_CONSUME_CHECK_CONSUMER) timestamp=9993 ms, used_size=11397120 bytes (27.8%)
(RDMA_READ_CONSUME_CHECK_CONSUMER) timestamp=9993 ms, used_size=11395072 bytes (27.8%)
(RDMA_READ_CONSUME_CHECK_CONSUMER) timestamp=9993 ms, used_size=11393024 bytes (27.8%)
(RDMA_READ_CONSUME_CHECK_CONSUMER) timestamp=9993 ms, used_size=11390976 bytes (27.8%)
(RDMA_READ_CONSUME_CHECK_CONSUMER) timestamp=9993 ms, used_size=11388928 bytes (27.8%)
(RDMA_READ_CONSUME_CHECK_CONSUMER) timestamp=9993 ms, used_size=11386880 bytes (27.8%)
(RDMA_READ_CONSUME_CHECK_CONSUMER) timestamp=9993 ms, used_size=11384832 bytes (27.8%)
(RDMA_READ_CONSUME_CHECK_CONSUMER) timestamp=9993 ms, used_size=11382784 bytes (27.8%)
(RDMA_READ_CONSUME_CHECK_CONSUMER) timestamp=9993 ms, used_size=11380736 bytes (27.8%)
(RDMA_READ_CONSUME_CHECK_CONSUMER) timestamp=9993 ms, used_size=11378688 bytes (27.8%)
(RDMA_READ_CONSUME_CHECK_CONSUMER) timestamp=9993 ms, used_size=11376640 bytes (27.8%)
(RDMA_READ_CONSUME_CHECK_CONSUMER) timestamp=9993 ms, used_size=11374592 bytes (27.8%)
(RDMA_READ_CONSUME_CHECK_CONSUMER) timestamp=9993 ms, used_size=11372544 bytes (27.8%)
(RDMA_READ_CONSUME_CHECK_CONSUMER) timestamp=9993 ms, used_size=11370496 bytes (27.8%)
(RDMA_READ_CONSUME_CHECK_CONSUMER) timestamp=9993 ms, used_size=11368448 bytes (27.8%)
(RDMA_READ_CONSUME_CHECK_CONSUMER) timestamp=9993 ms, used_size=11366400 bytes (27.8%)
(RDMA_READ_CONSUME_CHECK_CONSUMER) timestamp=9993 ms, used_size=11364352 bytes (27.7%)
(RDMA_READ_CONSUME_CHECK_CONSUMER) timestamp=9993 ms, used_size=11362304 bytes (27.7%)
(RDMA_READ_CONSUME_CHECK_CONSUMER) timestamp=9993 ms, used_size=11360256 bytes (27.7%)
(RDMA_READ_CONSUME_CHECK_CONSUMER) timestamp=9993 ms, used_size=11358208 bytes (27.7%)
(RDMA_READ_CONSUME_CHECK_CONSUMER) timestamp=9993 ms, used_size=11356160 bytes (27.7%)
(RDMA_READ_CONSUME_CHECK_CONSUMER) timestamp=9993 ms, used_size=11354112 bytes (27.7%)
(RDMA_READ_CONSUME_CHECK_CONSUMER) timestamp=9993 ms, used_size=11352064 bytes (27.7%)
(RDMA_READ_CONSUME_CHECK_CONSUMER) timestamp=9993 ms, used_size=11350016 bytes (27.7%)
(RDMA_READ_CONSUME_CHECK_CONSUMER) timestamp=9993 ms, used_size=11347968 bytes (27.7%)
(RDMA_READ_CONSUME_CHECK_CONSUMER) timestamp=9993 ms, used_size=11345920 bytes (27.7%)
(RDMA_READ_CONSUME_CHECK_CONSUMER) timestamp=9993 ms, used_size=11343872 bytes (27.7%)
(RDMA_READ_CONSUME_CHECK_CONSUMER) timestamp=9993 ms, used_size=11341824 bytes (27.7%)
(RDMA_READ_CONSUME_CHECK_CONSUMER) timestamp=9993 ms, used_size=11339776 bytes (27.7%)
(RDMA_READ_CONSUME_CHECK_CONSUMER) timestamp=9993 ms, used_size=11337728 bytes (27.7%)
(RDMA_READ_CONSUME_CHECK_CONSUMER) timestamp=9993 ms, used_size=11335680 bytes (27.7%)
(RDMA_READ_CONSUME_CHECK_CONSUMER) timestamp=9993 ms, used_size=11333632 bytes (27.7%)
(RDMA_READ_CONSUME_CHECK_CONSUMER) timestamp=9993 ms, used_size=11331584 bytes (27.7%)
(RDMA_READ_CONSUME_CHECK_CONSUMER) timestamp=9993 ms, used_size=11329536 bytes (27.7%)
(RDMA_READ_CONSUME_CHECK_CONSUMER) timestamp=9993 ms, used_size=11327488 bytes (27.7%)
(RDMA_READ_CONSUME_CHECK_CONSUMER) timestamp=9993 ms, used_size=11325440 bytes (27.6%)
(RDMA_READ_CONSUME_CHECK_CONSUMER) timestamp=9993 ms, used_size=11323392 bytes (27.6%)
(RDMA_READ_CONSUME_CHECK_CONSUMER) timestamp=9993 ms, used_size=11321344 bytes (27.6%)
(RDMA_READ_CONSUME_CHECK_CONSUMER) timestamp=9993 ms, used_size=11319296 bytes (27.6%)
(RDMA_READ_CONSUME_CHECK_CONSUMER) timestamp=9993 ms, used_size=11317248 bytes (27.6%)
(RDMA_READ_CONSUME_CHECK_CONSUMER) timestamp=9993 ms, used_size=11315200 bytes (27.6%)
(RDMA_READ_CONSUME_CHECK_CONSUMER) timestamp=9993 ms, used_size=11313152 bytes (27.6%)
(RDMA_READ_CONSUME_CHECK_CONSUMER) timestamp=9993 ms, used_size=11311104 bytes (27.6%)
(RDMA_READ_CONSUME_CHECK_CONSUMER) timestamp=9993 ms, used_size=11309056 bytes (27.6%)
(RDMA_READ_CONSUME_CHECK_CONSUMER) timestamp=9993 ms, used_size=11307008 bytes (27.6%)
(RDMA_READ_CONSUME_CHECK_CONSUMER) timestamp=9993 ms, used_size=11304960 bytes (27.6%)
(RDMA_READ_CONSUME_CHECK_CONSUMER) timestamp=9993 ms, used_size=11302912 bytes (27.6%)
(RDMA_READ_CONSUME_CHECK_CONSUMER) timestamp=9993 ms, used_size=11300864 bytes (27.6%)
(RDMA_READ_CONSUME_CHECK_CONSUMER) timestamp=9993 ms, used_size=11298816 bytes (27.6%)
(RDMA_READ_CONSUME_CHECK_CONSUMER) timestamp=9993 ms, used_size=11296768 bytes (27.6%)
(RDMA_READ_CONSUME_CHECK_CONSUMER) timestamp=9993 ms, used_size=11294720 bytes (27.6%)
(RDMA_READ_CONSUME_CHECK_CONSUMER) timestamp=9993 ms, used_size=11292672 bytes (27.6%)
(RDMA_READ_CONSUME_CHECK_CONSUMER) timestamp=9993 ms, used_size=11290624 bytes (27.6%)
(RDMA_READ_CONSUME_CHECK_CONSUMER) timestamp=9993 ms, used_size=11288576 bytes (27.6%)
(RDMA_READ_CONSUME_CHECK_CONSUMER) timestamp=9993 ms, used_size=11286528 bytes (27.6%)
(RDMA_READ_CONSUME_CHECK_CONSUMER) timestamp=9993 ms, used_size=11284480 bytes (27.6%)
(RDMA_READ_CONSUME_CHECK_CONSUMER) timestamp=9993 ms, used_size=11282432 bytes (27.5%)
(RDMA_READ_CONSUME_CHECK_CONSUMER) timestamp=9993 ms, used_size=11280384 bytes (27.5%)
(RDMA_READ_CONSUME_CHECK_CONSUMER) timestamp=9993 ms, used_size=11278336 bytes (27.5%)
(RDMA_READ_CONSUME_CHECK_CONSUMER) timestamp=9993 ms, used_size=11276288 bytes (27.5%)
(RDMA_READ_CONSUME_CHECK_CONSUMER) timestamp=9993 ms, used_size=11274240 bytes (27.5%)
(RDMA_READ_CONSUME_CHECK_CONSUMER) timestamp=9993 ms, used_size=11272192 bytes (27.5%)
(RDMA_READ_CONSUME_CHECK_CONSUMER) timestamp=9993 ms, used_size=11270144 bytes (27.5%)
(RDMA_READ_CONSUME_CHECK_CONSUMER) timestamp=9993 ms, used_size=11268096 bytes (27.5%)
(RDMA_READ_CONSUME_CHECK_CONSUMER) timestamp=9993 ms, used_size=11266048 bytes (27.5%)
(RDMA_READ_CONSUME_CHECK_CONSUMER) timestamp=9993 ms, used_size=11264000 bytes (27.5%)
(RDMA_READ_CONSUME_CHECK_CONSUMER) timestamp=9993 ms, used_size=11261952 bytes (27.5%)
(RDMA_READ_CONSUME_CHECK_CONSUMER) timestamp=9993 ms, used_size=11259904 bytes (27.5%)
(RDMA_READ_CONSUME_CHECK_CONSUMER) timestamp=9993 ms, used_size=11257856 bytes (27.5%)
(RDMA_READ_CONSUME_CHECK_CONSUMER) timestamp=9993 ms, used_size=11255808 bytes (27.5%)
(RDMA_READ_CONSUME_CHECK_CONSUMER) timestamp=9993 ms, used_size=11253760 bytes (27.5%)
(RDMA_READ_CONSUME_CHECK_CONSUMER) timestamp=9993 ms, used_size=11251712 bytes (27.5%)
(RDMA_READ_CONSUME_CHECK_CONSUMER) timestamp=9993 ms, used_size=11249664 bytes (27.5%)
(RDMA_READ_CONSUME_CHECK_CONSUMER) timestamp=9993 ms, used_size=11247616 bytes (27.5%)
(RDMA_READ_CONSUME_CHECK_CONSUMER) timestamp=9993 ms, used_size=11245568 bytes (27.5%)
(RDMA_READ_CONSUME_CHECK_CONSUMER) timestamp=9993 ms, used_size=11243520 bytes (27.4%)
(RDMA_READ_CONSUME_CHECK_CONSUMER) timestamp=9993 ms, used_size=11241472 bytes (27.4%)
(RDMA_READ_CONSUME_CHECK_CONSUMER) timestamp=9993 ms, used_size=11239424 bytes (27.4%)
(RDMA_READ_CONSUME_CHECK_CONSUMER) timestamp=9993 ms, used_size=11237376 bytes (27.4%)
(RDMA_READ_CONSUME_CHECK_CONSUMER) timestamp=9993 ms, used_size=11235328 bytes (27.4%)
(RDMA_READ_CONSUME_CHECK_CONSUMER) timestamp=9993 ms, used_size=11233280 bytes (27.4%)
(RDMA_READ_CONSUME_CHECK_CONSUMER) timestamp=9993 ms, used_size=11231232 bytes (27.4%)
(RDMA_READ_CONSUME_CHECK_CONSUMER) timestamp=9993 ms, used_size=11229184 bytes (27.4%)
(RDMA_READ_CONSUME_CHECK_CONSUMER) timestamp=9993 ms, used_size=11227136 bytes (27.4%)
(RDMA_READ_CONSUME_CHECK_CONSUMER) timestamp=9993 ms, used_size=11225088 bytes (27.4%)
(RDMA_READ_CONSUME_CHECK_CONSUMER) timestamp=9993 ms, used_size=11223040 bytes (27.4%)
(RDMA_READ_CONSUME_CHECK_CONSUMER) timestamp=9993 ms, used_size=11220992 bytes (27.4%)
(RDMA_READ_CONSUME_CHECK_CONSUMER) timestamp=9993 ms, used_size=11218944 bytes (27.4%)
(RDMA_READ_CONSUME_CHECK_CONSUMER) timestamp=9993 ms, used_size=11216896 bytes (27.4%)
(RDMA_READ_CONSUME_CHECK_CONSUMER) timestamp=9993 ms, used_size=11214848 bytes (27.4%)
(RDMA_READ_CONSUME_CHECK_CONSUMER) timestamp=9993 ms, used_size=11212800 bytes (27.4%)
(RDMA_READ_CONSUME_CHECK_CONSUMER) timestamp=9993 ms, used_size=11210752 bytes (27.4%)
(RDMA_READ_CONSUME_CHECK_CONSUMER) timestamp=9993 ms, used_size=11208704 bytes (27.4%)
(RDMA_READ_CONSUME_CHECK_CONSUMER) timestamp=9993 ms, used_size=11206656 bytes (27.4%)
(RDMA_READ_CONSUME_CHECK_CONSUMER) timestamp=9993 ms, used_size=11204608 bytes (27.4%)
(RDMA_READ_CONSUME_CHECK_CONSUMER) timestamp=9993 ms, used_size=11202560 bytes (27.4%)
(RDMA_READ_CONSUME_CHECK_CONSUMER) timestamp=9993 ms, used_size=11200512 bytes (27.3%)
(RDMA_READ_CONSUME_CHECK_CONSUMER) timestamp=9993 ms, used_size=11198464 bytes (27.3%)
(RDMA_READ_CONSUME_CHECK_CONSUMER) timestamp=9993 ms, used_size=11196416 bytes (27.3%)
(RDMA_READ_CONSUME_CHECK_CONSUMER) timestamp=9993 ms, used_size=11194368 bytes (27.3%)
(RDMA_READ_CONSUME_CHECK_CONSUMER) timestamp=9993 ms, used_size=11192320 bytes (27.3%)
(RDMA_READ_CONSUME_CHECK_CONSUMER) timestamp=9993 ms, used_size=11190272 bytes (27.3%)
(RDMA_READ_CONSUME_CHECK_CONSUMER) timestamp=9993 ms, used_size=11188224 bytes (27.3%)
(RDMA_READ_CONSUME_CHECK_CONSUMER) timestamp=9993 ms, used_size=11186176 bytes (27.3%)
(RDMA_READ_CONSUME_CHECK_CONSUMER) timestamp=9993 ms, used_size=11184128 bytes (27.3%)
(RDMA_READ_CONSUME_CHECK_CONSUMER) timestamp=9993 ms, used_size=11182080 bytes (27.3%)
(RDMA_READ_CONSUME_CHECK_CONSUMER) timestamp=9993 ms, used_size=11180032 bytes (27.3%)
(RDMA_READ_CONSUME_CHECK_CONSUMER) timestamp=9993 ms, used_size=11177984 bytes (27.3%)
(RDMA_READ_CONSUME_CHECK_CONSUMER) timestamp=9993 ms, used_size=11175936 bytes (27.3%)
(RDMA_READ_CONSUME_CHECK_CONSUMER) timestamp=9993 ms, used_size=11173888 bytes (27.3%)
(RDMA_READ_CONSUME_CHECK_CONSUMER) timestamp=9993 ms, used_size=11171840 bytes (27.3%)
(RDMA_READ_CONSUME_CHECK_CONSUMER) timestamp=9993 ms, used_size=11169792 bytes (27.3%)
(RDMA_READ_CONSUME_CHECK_CONSUMER) timestamp=9993 ms, used_size=11167744 bytes (27.3%)
(RDMA_READ_CONSUME_CHECK_CONSUMER) timestamp=9993 ms, used_size=11165696 bytes (27.3%)
(RDMA_READ_CONSUME_CHECK_CONSUMER) timestamp=9993 ms, used_size=11163648 bytes (27.3%)
(RDMA_READ_CONSUME_CHECK_CONSUMER) timestamp=9993 ms, used_size=11161600 bytes (27.2%)
(RDMA_READ_CONSUME_CHECK_CONSUMER) timestamp=9993 ms, used_size=11159552 bytes (27.2%)
(RDMA_READ_CONSUME_CHECK_CONSUMER) timestamp=9993 ms, used_size=11157504 bytes (27.2%)
(RDMA_READ_CONSUME_CHECK_CONSUMER) timestamp=9993 ms, used_size=11155456 bytes (27.2%)
(RDMA_READ_CONSUME_CHECK_CONSUMER) timestamp=9993 ms, used_size=11153408 bytes (27.2%)
(RDMA_READ_CONSUME_CHECK_CONSUMER) timestamp=9993 ms, used_size=11151360 bytes (27.2%)
(RDMA_READ_CONSUME_CHECK_CONSUMER) timestamp=9993 ms, used_size=11149312 bytes (27.2%)
(RDMA_READ_CONSUME_CHECK_CONSUMER) timestamp=9993 ms, used_size=11147264 bytes (27.2%)
(RDMA_READ_CONSUME_CHECK_CONSUMER) timestamp=9993 ms, used_size=11145216 bytes (27.2%)
(RDMA_READ_CONSUME_CHECK_CONSUMER) timestamp=9993 ms, used_size=11143168 bytes (27.2%)
(RDMA_READ_CONSUME_CHECK_CONSUMER) timestamp=9993 ms, used_size=11141120 bytes (27.2%)
(RDMA_READ_CONSUME_CHECK_CONSUMER) timestamp=9993 ms, used_size=11139072 bytes (27.2%)
(RDMA_READ_CONSUME_CHECK_CONSUMER) timestamp=9993 ms, used_size=11137024 bytes (27.2%)
(RDMA_READ_CONSUME_CHECK_CONSUMER) timestamp=9993 ms, used_size=11134976 bytes (27.2%)
(RDMA_READ_CONSUME_CHECK_CONSUMER) timestamp=9994 ms, used_size=11132928 bytes (27.2%)
(RDMA_READ_CONSUME_CHECK_CONSUMER) timestamp=9994 ms, used_size=11130880 bytes (27.2%)
(RDMA_READ_CONSUME_CHECK_CONSUMER) timestamp=9994 ms, used_size=11128832 bytes (27.2%)
(RDMA_READ_CONSUME_CHECK_CONSUMER) timestamp=9994 ms, used_size=11126784 bytes (27.2%)
(RDMA_READ_CONSUME_CHECK_CONSUMER) timestamp=9994 ms, used_size=11124736 bytes (27.2%)
(RDMA_READ_CONSUME_CHECK_CONSUMER) timestamp=9994 ms, used_size=11122688 bytes (27.2%)
(RDMA_READ_CONSUME_CHECK_CONSUMER) timestamp=9994 ms, used_size=11120640 bytes (27.1%)
(RDMA_READ_CONSUME_CHECK_CONSUMER) timestamp=9994 ms, used_size=11118592 bytes (27.1%)
(RDMA_READ_CONSUME_CHECK_CONSUMER) timestamp=9994 ms, used_size=11116544 bytes (27.1%)
(RDMA_READ_CONSUME_CHECK_CONSUMER) timestamp=9994 ms, used_size=11114496 bytes (27.1%)
(RDMA_READ_CONSUME_CHECK_CONSUMER) timestamp=9994 ms, used_size=11112448 bytes (27.1%)
(RDMA_READ_CONSUME_CHECK_CONSUMER) timestamp=9994 ms, used_size=11110400 bytes (27.1%)
(RDMA_READ_CONSUME_CHECK_CONSUMER) timestamp=9994 ms, used_size=11108352 bytes (27.1%)
(RDMA_READ_CONSUME_CHECK_CONSUMER) timestamp=9994 ms, used_size=11106304 bytes (27.1%)
(RDMA_READ_CONSUME_CHECK_CONSUMER) timestamp=9994 ms, used_size=11104256 bytes (27.1%)
(RDMA_READ_CONSUME_CHECK_CONSUMER) timestamp=9994 ms, used_size=11102208 bytes (27.1%)
(RDMA_READ_CONSUME_CHECK_CONSUMER) timestamp=9994 ms, used_size=11100160 bytes (27.1%)
(RDMA_READ_CONSUME_CHECK_CONSUMER) timestamp=9994 ms, used_size=11098112 bytes (27.1%)
(RDMA_READ_CONSUME_CHECK_CONSUMER) timestamp=9994 ms, used_size=11096064 bytes (27.1%)
(RDMA_READ_CONSUME_CHECK_CONSUMER) timestamp=9994 ms, used_size=11094016 bytes (27.1%)
(RDMA_READ_CONSUME_CHECK_CONSUMER) timestamp=9994 ms, used_size=11091968 bytes (27.1%)
(RDMA_READ_CONSUME_CHECK_CONSUMER) timestamp=9994 ms, used_size=11089920 bytes (27.1%)
(RDMA_READ_CONSUME_CHECK_CONSUMER) timestamp=9994 ms, used_size=11087872 bytes (27.1%)
(RDMA_READ_CONSUME_CHECK_CONSUMER) timestamp=9994 ms, used_size=11085824 bytes (27.1%)
(RDMA_READ_CONSUME_CHECK_CONSUMER) timestamp=9994 ms, used_size=11083776 bytes (27.1%)
(RDMA_READ_CONSUME_CHECK_CONSUMER) timestamp=9994 ms, used_size=11081728 bytes (27.1%)
(RDMA_READ_CONSUME_CHECK_CONSUMER) timestamp=9994 ms, used_size=11079680 bytes (27.1%)
(RDMA_READ_CONSUME_CHECK_CONSUMER) timestamp=9994 ms, used_size=11077632 bytes (27.0%)
(RDMA_READ_CONSUME_CHECK_CONSUMER) timestamp=9994 ms, used_size=11075584 bytes (27.0%)
(RDMA_READ_CONSUME_CHECK_CONSUMER) timestamp=9994 ms, used_size=11073536 bytes (27.0%)
(RDMA_READ_CONSUME_CHECK_CONSUMER) timestamp=9994 ms, used_size=11071488 bytes (27.0%)
(RDMA_READ_CONSUME_CHECK_CONSUMER) timestamp=9994 ms, used_size=11069440 bytes (27.0%)
(RDMA_READ_CONSUME_CHECK_CONSUMER) timestamp=9994 ms, used_size=11067392 bytes (27.0%)
(RDMA_READ_CONSUME_CHECK_CONSUMER) timestamp=9994 ms, used_size=11065344 bytes (27.0%)
(RDMA_READ_CONSUME_CHECK_CONSUMER) timestamp=9994 ms, used_size=11063296 bytes (27.0%)
(RDMA_READ_CONSUME_CHECK_CONSUMER) timestamp=9994 ms, used_size=11061248 bytes (27.0%)
(RDMA_READ_CONSUME_CHECK_CONSUMER) timestamp=9994 ms, used_size=11059200 bytes (27.0%)
(RDMA_READ_CONSUME_CHECK_CONSUMER) timestamp=9994 ms, used_size=11057152 bytes (27.0%)
(RDMA_READ_CONSUME_CHECK_CONSUMER) timestamp=9994 ms, used_size=11055104 bytes (27.0%)
(RDMA_READ_CONSUME_CHECK_CONSUMER) timestamp=9994 ms, used_size=11053056 bytes (27.0%)
(RDMA_READ_CONSUME_CHECK_CONSUMER) timestamp=9994 ms, used_size=11051008 bytes (27.0%)
(RDMA_READ_CONSUME_CHECK_CONSUMER) timestamp=9994 ms, used_size=11048960 bytes (27.0%)
(RDMA_READ_CONSUME_CHECK_CONSUMER) timestamp=9994 ms, used_size=11046912 bytes (27.0%)
(RDMA_READ_CONSUME_CHECK_CONSUMER) timestamp=9994 ms, used_size=11044864 bytes (27.0%)
(RDMA_READ_CONSUME_CHECK_CONSUMER) timestamp=9994 ms, used_size=11042816 bytes (27.0%)
(RDMA_READ_CONSUME_CHECK_CONSUMER) timestamp=9994 ms, used_size=11040768 bytes (27.0%)
(RDMA_READ_CONSUME_CHECK_CONSUMER) timestamp=9994 ms, used_size=11038720 bytes (26.9%)
(RDMA_READ_CONSUME_CHECK_CONSUMER) timestamp=9994 ms, used_size=11036672 bytes (26.9%)
(RDMA_READ_CONSUME_CHECK_CONSUMER) timestamp=9994 ms, used_size=11034624 bytes (26.9%)
(RDMA_READ_CONSUME_CHECK_CONSUMER) timestamp=9994 ms, used_size=11032576 bytes (26.9%)
(RDMA_READ_CONSUME_CHECK_CONSUMER) timestamp=9994 ms, used_size=11030528 bytes (26.9%)
(RDMA_READ_CONSUME_CHECK_CONSUMER) timestamp=9994 ms, used_size=11028480 bytes (26.9%)
(RDMA_READ_CONSUME_CHECK_CONSUMER) timestamp=9994 ms, used_size=11026432 bytes (26.9%)
(RDMA_READ_CONSUME_CHECK_CONSUMER) timestamp=9994 ms, used_size=11024384 bytes (26.9%)
(RDMA_READ_CONSUME_CHECK_CONSUMER) timestamp=9994 ms, used_size=11022336 bytes (26.9%)
(RDMA_READ_CONSUME_CHECK_CONSUMER) timestamp=9994 ms, used_size=11020288 bytes (26.9%)
(RDMA_READ_CONSUME_CHECK_CONSUMER) timestamp=9994 ms, used_size=11018240 bytes (26.9%)
(RDMA_READ_CONSUME_CHECK_CONSUMER) timestamp=9994 ms, used_size=11016192 bytes (26.9%)
(RDMA_READ_CONSUME_CHECK_CONSUMER) timestamp=9994 ms, used_size=11014144 bytes (26.9%)
(RDMA_READ_CONSUME_CHECK_CONSUMER) timestamp=9994 ms, used_size=11012096 bytes (26.9%)
(RDMA_READ_CONSUME_CHECK_CONSUMER) timestamp=9994 ms, used_size=11010048 bytes (26.9%)
(RDMA_READ_CONSUME_CHECK_CONSUMER) timestamp=9994 ms, used_size=11008000 bytes (26.9%)
(RDMA_READ_CONSUME_CHECK_CONSUMER) timestamp=9994 ms, used_size=11005952 bytes (26.9%)
(RDMA_READ_CONSUME_CHECK_CONSUMER) timestamp=9994 ms, used_size=11003904 bytes (26.9%)
(RDMA_READ_CONSUME_CHECK_CONSUMER) timestamp=9994 ms, used_size=11001856 bytes (26.9%)
(RDMA_READ_CONSUME_CHECK_CONSUMER) timestamp=9994 ms, used_size=10999808 bytes (26.9%)
(RDMA_READ_CONSUME_CHECK_CONSUMER) timestamp=9994 ms, used_size=10997760 bytes (26.9%)
(RDMA_READ_CONSUME_CHECK_CONSUMER) timestamp=9994 ms, used_size=10995712 bytes (26.8%)
(RDMA_READ_CONSUME_CHECK_CONSUMER) timestamp=9994 ms, used_size=10993664 bytes (26.8%)
(RDMA_READ_CONSUME_CHECK_CONSUMER) timestamp=9994 ms, used_size=10991616 bytes (26.8%)
(RDMA_READ_CONSUME_CHECK_CONSUMER) timestamp=9994 ms, used_size=10989568 bytes (26.8%)
(RDMA_READ_CONSUME_CHECK_CONSUMER) timestamp=9994 ms, used_size=10987520 bytes (26.8%)
(RDMA_READ_CONSUME_CHECK_CONSUMER) timestamp=9994 ms, used_size=10985472 bytes (26.8%)
(RDMA_READ_CONSUME_CHECK_CONSUMER) timestamp=9994 ms, used_size=10983424 bytes (26.8%)
(RDMA_READ_CONSUME_CHECK_CONSUMER) timestamp=9994 ms, used_size=10981376 bytes (26.8%)
(RDMA_READ_CONSUME_CHECK_CONSUMER) timestamp=9994 ms, used_size=10979328 bytes (26.8%)
(RDMA_READ_CONSUME_CHECK_CONSUMER) timestamp=9994 ms, used_size=10977280 bytes (26.8%)
(RDMA_READ_CONSUME_CHECK_CONSUMER) timestamp=9994 ms, used_size=10975232 bytes (26.8%)
(RDMA_READ_CONSUME_CHECK_CONSUMER) timestamp=9994 ms, used_size=10973184 bytes (26.8%)
(RDMA_READ_CONSUME_CHECK_CONSUMER) timestamp=9994 ms, used_size=10971136 bytes (26.8%)
(RDMA_READ_CONSUME_CHECK_CONSUMER) timestamp=9994 ms, used_size=10969088 bytes (26.8%)
(RDMA_READ_CONSUME_CHECK_CONSUMER) timestamp=9994 ms, used_size=10967040 bytes (26.8%)
(RDMA_READ_CONSUME_CHECK_CONSUMER) timestamp=9994 ms, used_size=10964992 bytes (26.8%)
(RDMA_READ_CONSUME_CHECK_CONSUMER) timestamp=9994 ms, used_size=10962944 bytes (26.8%)
(RDMA_READ_CONSUME_CHECK_CONSUMER) timestamp=9994 ms, used_size=10960896 bytes (26.8%)
(RDMA_READ_CONSUME_CHECK_CONSUMER) timestamp=9994 ms, used_size=10958848 bytes (26.8%)
(RDMA_READ_CONSUME_CHECK_CONSUMER) timestamp=9994 ms, used_size=10956800 bytes (26.8%)
(RDMA_READ_CONSUME_CHECK_CONSUMER) timestamp=9994 ms, used_size=10954752 bytes (26.7%)
(RDMA_READ_CONSUME_CHECK_CONSUMER) timestamp=9994 ms, used_size=10952704 bytes (26.7%)
(RDMA_READ_CONSUME_CHECK_CONSUMER) timestamp=9994 ms, used_size=10950656 bytes (26.7%)
(RDMA_READ_CONSUME_CHECK_CONSUMER) timestamp=9994 ms, used_size=10948608 bytes (26.7%)
(RDMA_READ_CONSUME_CHECK_CONSUMER) timestamp=9994 ms, used_size=10946560 bytes (26.7%)
(RDMA_READ_CONSUME_CHECK_CONSUMER) timestamp=9994 ms, used_size=10944512 bytes (26.7%)
(RDMA_READ_CONSUME_CHECK_CONSUMER) timestamp=9994 ms, used_size=10942464 bytes (26.7%)
(RDMA_READ_CONSUME_CHECK_CONSUMER) timestamp=9994 ms, used_size=10940416 bytes (26.7%)
(RDMA_READ_CONSUME_CHECK_CONSUMER) timestamp=9994 ms, used_size=10938368 bytes (26.7%)
(RDMA_READ_CONSUME_CHECK_CONSUMER) timestamp=9994 ms, used_size=10936320 bytes (26.7%)
(RDMA_READ_CONSUME_CHECK_CONSUMER) timestamp=9994 ms, used_size=10934272 bytes (26.7%)
(RDMA_READ_CONSUME_CHECK_CONSUMER) timestamp=9994 ms, used_size=10932224 bytes (26.7%)
(RDMA_READ_CONSUME_CHECK_CONSUMER) timestamp=9994 ms, used_size=10930176 bytes (26.7%)
(RDMA_READ_CONSUME_CHECK_CONSUMER) timestamp=9994 ms, used_size=10928128 bytes (26.7%)
(RDMA_READ_CONSUME_CHECK_CONSUMER) timestamp=9994 ms, used_size=10926080 bytes (26.7%)
(RDMA_READ_CONSUME_CHECK_CONSUMER) timestamp=9994 ms, used_size=10924032 bytes (26.7%)
(RDMA_READ_CONSUME_CHECK_CONSUMER) timestamp=9994 ms, used_size=10921984 bytes (26.7%)
(RDMA_READ_CONSUME_CHECK_CONSUMER) timestamp=9994 ms, used_size=10919936 bytes (26.7%)
(RDMA_READ_CONSUME_CHECK_CONSUMER) timestamp=9994 ms, used_size=10917888 bytes (26.7%)
(RDMA_READ_CONSUME_CHECK_CONSUMER) timestamp=9994 ms, used_size=10915840 bytes (26.6%)
(RDMA_READ_CONSUME_CHECK_CONSUMER) timestamp=9994 ms, used_size=10913792 bytes (26.6%)
(RDMA_READ_CONSUME_CHECK_CONSUMER) timestamp=9994 ms, used_size=10911744 bytes (26.6%)
(RDMA_READ_CONSUME_CHECK_CONSUMER) timestamp=9994 ms, used_size=10909696 bytes (26.6%)
(RDMA_READ_CONSUME_CHECK_CONSUMER) timestamp=9994 ms, used_size=10907648 bytes (26.6%)
(RDMA_READ_CONSUME_CHECK_CONSUMER) timestamp=9994 ms, used_size=10905600 bytes (26.6%)
(RDMA_READ_CONSUME_CHECK_CONSUMER) timestamp=9994 ms, used_size=10903552 bytes (26.6%)
(RDMA_READ_CONSUME_CHECK_CONSUMER) timestamp=9994 ms, used_size=10901504 bytes (26.6%)
(RDMA_READ_CONSUME_CHECK_CONSUMER) timestamp=9994 ms, used_size=10899456 bytes (26.6%)
(RDMA_READ_CONSUME_CHECK_CONSUMER) timestamp=9994 ms, used_size=10897408 bytes (26.6%)
(RDMA_READ_CONSUME_CHECK_CONSUMER) timestamp=9994 ms, used_size=10895360 bytes (26.6%)
(RDMA_READ_CONSUME_CHECK_CONSUMER) timestamp=9994 ms, used_size=10893312 bytes (26.6%)
(RDMA_READ_CONSUME_CHECK_CONSUMER) timestamp=9994 ms, used_size=10891264 bytes (26.6%)
(RDMA_READ_CONSUME_CHECK_CONSUMER) timestamp=9994 ms, used_size=10889216 bytes (26.6%)
(RDMA_READ_CONSUME_CHECK_CONSUMER) timestamp=9994 ms, used_size=10887168 bytes (26.6%)
(RDMA_READ_CONSUME_CHECK_CONSUMER) timestamp=9994 ms, used_size=10885120 bytes (26.6%)
(RDMA_READ_CONSUME_CHECK_CONSUMER) timestamp=9994 ms, used_size=10883072 bytes (26.6%)
(RDMA_READ_CONSUME_CHECK_CONSUMER) timestamp=9994 ms, used_size=10881024 bytes (26.6%)
(RDMA_READ_CONSUME_CHECK_CONSUMER) timestamp=9994 ms, used_size=10878976 bytes (26.6%)
(RDMA_READ_CONSUME_CHECK_CONSUMER) timestamp=9994 ms, used_size=10876928 bytes (26.6%)
(RDMA_READ_CONSUME_CHECK_CONSUMER) timestamp=9994 ms, used_size=10874880 bytes (26.6%)
(RDMA_READ_CONSUME_CHECK_CONSUMER) timestamp=9994 ms, used_size=10872832 bytes (26.5%)
(RDMA_READ_CONSUME_CHECK_CONSUMER) timestamp=9994 ms, used_size=10870784 bytes (26.5%)
(RDMA_READ_CONSUME_CHECK_CONSUMER) timestamp=9994 ms, used_size=10868736 bytes (26.5%)
(RDMA_READ_CONSUME_CHECK_CONSUMER) timestamp=9994 ms, used_size=10866688 bytes (26.5%)
(RDMA_READ_CONSUME_CHECK_CONSUMER) timestamp=9994 ms, used_size=10864640 bytes (26.5%)
(RDMA_READ_CONSUME_CHECK_CONSUMER) timestamp=9994 ms, used_size=10862592 bytes (26.5%)
(RDMA_READ_CONSUME_CHECK_CONSUMER) timestamp=9994 ms, used_size=10860544 bytes (26.5%)
(RDMA_READ_CONSUME_CHECK_CONSUMER) timestamp=9994 ms, used_size=10858496 bytes (26.5%)
(RDMA_READ_CONSUME_CHECK_CONSUMER) timestamp=9994 ms, used_size=10856448 bytes (26.5%)
(RDMA_READ_CONSUME_CHECK_CONSUMER) timestamp=9994 ms, used_size=10854400 bytes (26.5%)
(RDMA_READ_CONSUME_CHECK_CONSUMER) timestamp=9994 ms, used_size=10852352 bytes (26.5%)
(RDMA_READ_CONSUME_CHECK_CONSUMER) timestamp=9994 ms, used_size=10850304 bytes (26.5%)
(RDMA_READ_CONSUME_CHECK_CONSUMER) timestamp=9994 ms, used_size=10848256 bytes (26.5%)
(RDMA_READ_CONSUME_CHECK_CONSUMER) timestamp=9994 ms, used_size=10846208 bytes (26.5%)
(RDMA_READ_CONSUME_CHECK_CONSUMER) timestamp=9994 ms, used_size=10844160 bytes (26.5%)
(RDMA_READ_CONSUME_CHECK_CONSUMER) timestamp=9994 ms, used_size=10842112 bytes (26.5%)
(RDMA_READ_CONSUME_CHECK_CONSUMER) timestamp=9994 ms, used_size=10840064 bytes (26.5%)
(RDMA_READ_CONSUME_CHECK_CONSUMER) timestamp=9994 ms, used_size=10838016 bytes (26.5%)
(RDMA_READ_CONSUME_CHECK_CONSUMER) timestamp=9994 ms, used_size=10835968 bytes (26.5%)
(RDMA_READ_CONSUME_CHECK_CONSUMER) timestamp=9994 ms, used_size=10833920 bytes (26.4%)
(RDMA_READ_CONSUME_CHECK_CONSUMER) timestamp=9994 ms, used_size=10831872 bytes (26.4%)
(RDMA_READ_CONSUME_CHECK_CONSUMER) timestamp=9994 ms, used_size=10829824 bytes (26.4%)
(RDMA_READ_CONSUME_CHECK_CONSUMER) timestamp=9994 ms, used_size=10827776 bytes (26.4%)
(RDMA_READ_CONSUME_CHECK_CONSUMER) timestamp=9994 ms, used_size=10825728 bytes (26.4%)
(RDMA_READ_CONSUME_CHECK_CONSUMER) timestamp=9994 ms, used_size=10823680 bytes (26.4%)
(RDMA_READ_CONSUME_CHECK_CONSUMER) timestamp=9994 ms, used_size=10821632 bytes (26.4%)
(RDMA_READ_CONSUME_CHECK_CONSUMER) timestamp=9994 ms, used_size=10819584 bytes (26.4%)
(RDMA_READ_CONSUME_CHECK_CONSUMER) timestamp=9994 ms, used_size=10817536 bytes (26.4%)
(RDMA_READ_CONSUME_CHECK_CONSUMER) timestamp=9994 ms, used_size=10815488 bytes (26.4%)
(RDMA_READ_CONSUME_CHECK_CONSUMER) timestamp=9994 ms, used_size=10813440 bytes (26.4%)
(RDMA_READ_CONSUME_CHECK_CONSUMER) timestamp=9994 ms, used_size=10811392 bytes (26.4%)
(RDMA_READ_CONSUME_CHECK_CONSUMER) timestamp=9994 ms, used_size=10809344 bytes (26.4%)
(RDMA_READ_CONSUME_CHECK_CONSUMER) timestamp=9994 ms, used_size=10807296 bytes (26.4%)
(RDMA_READ_CONSUME_CHECK_CONSUMER) timestamp=9994 ms, used_size=10805248 bytes (26.4%)
(RDMA_READ_CONSUME_CHECK_CONSUMER) timestamp=9994 ms, used_size=10803200 bytes (26.4%)
(RDMA_READ_CONSUME_CHECK_CONSUMER) timestamp=9994 ms, used_size=10801152 bytes (26.4%)
(RDMA_READ_CONSUME_CHECK_CONSUMER) timestamp=9994 ms, used_size=10799104 bytes (26.4%)
(RDMA_READ_CONSUME_CHECK_CONSUMER) timestamp=9994 ms, used_size=10797056 bytes (26.4%)
(RDMA_READ_CONSUME_CHECK_CONSUMER) timestamp=9994 ms, used_size=10795008 bytes (26.4%)
(RDMA_READ_CONSUME_CHECK_CONSUMER) timestamp=9994 ms, used_size=10792960 bytes (26.4%)
(RDMA_READ_CONSUME_CHECK_CONSUMER) timestamp=9994 ms, used_size=10790912 bytes (26.3%)
(RDMA_READ_CONSUME_CHECK_CONSUMER) timestamp=9994 ms, used_size=10788864 bytes (26.3%)
(RDMA_READ_CONSUME_CHECK_CONSUMER) timestamp=9994 ms, used_size=10786816 bytes (26.3%)
(RDMA_READ_CONSUME_CHECK_CONSUMER) timestamp=9995 ms, used_size=10784768 bytes (26.3%)
(RDMA_READ_CONSUME_CHECK_CONSUMER) timestamp=9995 ms, used_size=10782720 bytes (26.3%)
(RDMA_READ_CONSUME_CHECK_CONSUMER) timestamp=9995 ms, used_size=10780672 bytes (26.3%)
(RDMA_READ_CONSUME_CHECK_CONSUMER) timestamp=9995 ms, used_size=10778624 bytes (26.3%)
(RDMA_READ_CONSUME_CHECK_CONSUMER) timestamp=9995 ms, used_size=10776576 bytes (26.3%)
(RDMA_READ_CONSUME_CHECK_CONSUMER) timestamp=9995 ms, used_size=10774528 bytes (26.3%)
(RDMA_READ_CONSUME_CHECK_CONSUMER) timestamp=9995 ms, used_size=10772480 bytes (26.3%)
(RDMA_READ_CONSUME_CHECK_CONSUMER) timestamp=9995 ms, used_size=10770432 bytes (26.3%)
(RDMA_READ_CONSUME_CHECK_CONSUMER) timestamp=9995 ms, used_size=10768384 bytes (26.3%)
(RDMA_READ_CONSUME_CHECK_CONSUMER) timestamp=9995 ms, used_size=10766336 bytes (26.3%)
(RDMA_READ_CONSUME_CHECK_CONSUMER) timestamp=9995 ms, used_size=10764288 bytes (26.3%)
(RDMA_READ_CONSUME_CHECK_CONSUMER) timestamp=9995 ms, used_size=10762240 bytes (26.3%)
(RDMA_READ_CONSUME_CHECK_CONSUMER) timestamp=9995 ms, used_size=10760192 bytes (26.3%)
(RDMA_READ_CONSUME_CHECK_CONSUMER) timestamp=9995 ms, used_size=10758144 bytes (26.3%)
(RDMA_READ_CONSUME_CHECK_CONSUMER) timestamp=9995 ms, used_size=10756096 bytes (26.3%)
(RDMA_READ_CONSUME_CHECK_CONSUMER) timestamp=9995 ms, used_size=10754048 bytes (26.3%)
(RDMA_READ_CONSUME_CHECK_CONSUMER) timestamp=9995 ms, used_size=10752000 bytes (26.2%)
(RDMA_READ_CONSUME_CHECK_CONSUMER) timestamp=9995 ms, used_size=10749952 bytes (26.2%)
(RDMA_READ_CONSUME_CHECK_CONSUMER) timestamp=9995 ms, used_size=10747904 bytes (26.2%)
(RDMA_READ_CONSUME_CHECK_CONSUMER) timestamp=9995 ms, used_size=10745856 bytes (26.2%)
(RDMA_READ_CONSUME_CHECK_CONSUMER) timestamp=9995 ms, used_size=10743808 bytes (26.2%)
(RDMA_READ_CONSUME_CHECK_CONSUMER) timestamp=9995 ms, used_size=10741760 bytes (26.2%)
(RDMA_READ_CONSUME_CHECK_CONSUMER) timestamp=9995 ms, used_size=10739712 bytes (26.2%)
(RDMA_READ_CONSUME_CHECK_CONSUMER) timestamp=9995 ms, used_size=10737664 bytes (26.2%)
(RDMA_READ_CONSUME_CHECK_CONSUMER) timestamp=9995 ms, used_size=10735616 bytes (26.2%)
(RDMA_READ_CONSUME_CHECK_CONSUMER) timestamp=9995 ms, used_size=10733568 bytes (26.2%)
(RDMA_READ_CONSUME_CHECK_CONSUMER) timestamp=9995 ms, used_size=10731520 bytes (26.2%)
(RDMA_READ_CONSUME_CHECK_CONSUMER) timestamp=9995 ms, used_size=10729472 bytes (26.2%)
(RDMA_READ_CONSUME_CHECK_CONSUMER) timestamp=9995 ms, used_size=10727424 bytes (26.2%)
(RDMA_READ_CONSUME_CHECK_CONSUMER) timestamp=9995 ms, used_size=10725376 bytes (26.2%)
(RDMA_READ_CONSUME_CHECK_CONSUMER) timestamp=9995 ms, used_size=10723328 bytes (26.2%)
(RDMA_READ_CONSUME_CHECK_CONSUMER) timestamp=9995 ms, used_size=10721280 bytes (26.2%)
(RDMA_READ_CONSUME_CHECK_CONSUMER) timestamp=9995 ms, used_size=10719232 bytes (26.2%)
(RDMA_READ_CONSUME_CHECK_CONSUMER) timestamp=9995 ms, used_size=10717184 bytes (26.2%)
(RDMA_READ_CONSUME_CHECK_CONSUMER) timestamp=9995 ms, used_size=10715136 bytes (26.2%)
(RDMA_READ_CONSUME_CHECK_CONSUMER) timestamp=9995 ms, used_size=10713088 bytes (26.2%)
(RDMA_READ_CONSUME_CHECK_CONSUMER) timestamp=9995 ms, used_size=10711040 bytes (26.1%)
(RDMA_READ_CONSUME_CHECK_CONSUMER) timestamp=9995 ms, used_size=10708992 bytes (26.1%)
(RDMA_READ_CONSUME_CHECK_CONSUMER) timestamp=9995 ms, used_size=10706944 bytes (26.1%)
(RDMA_READ_CONSUME_CHECK_CONSUMER) timestamp=9995 ms, used_size=10704896 bytes (26.1%)
(RDMA_READ_CONSUME_CHECK_CONSUMER) timestamp=9995 ms, used_size=10702848 bytes (26.1%)
(RDMA_READ_CONSUME_CHECK_CONSUMER) timestamp=9995 ms, used_size=10700800 bytes (26.1%)
(RDMA_READ_CONSUME_CHECK_CONSUMER) timestamp=9995 ms, used_size=10698752 bytes (26.1%)
(RDMA_READ_CONSUME_CHECK_CONSUMER) timestamp=9995 ms, used_size=10696704 bytes (26.1%)
(RDMA_READ_CONSUME_CHECK_CONSUMER) timestamp=9995 ms, used_size=10694656 bytes (26.1%)
(RDMA_READ_CONSUME_CHECK_CONSUMER) timestamp=9995 ms, used_size=10692608 bytes (26.1%)
(RDMA_READ_CONSUME_CHECK_CONSUMER) timestamp=9995 ms, used_size=10690560 bytes (26.1%)
(RDMA_READ_CONSUME_CHECK_CONSUMER) timestamp=9995 ms, used_size=10688512 bytes (26.1%)
(RDMA_READ_CONSUME_CHECK_CONSUMER) timestamp=9995 ms, used_size=10686464 bytes (26.1%)
(RDMA_READ_CONSUME_CHECK_CONSUMER) timestamp=9995 ms, used_size=10684416 bytes (26.1%)
(RDMA_READ_CONSUME_CHECK_CONSUMER) timestamp=9995 ms, used_size=10682368 bytes (26.1%)
(RDMA_READ_CONSUME_CHECK_CONSUMER) timestamp=9995 ms, used_size=10680320 bytes (26.1%)
(RDMA_READ_CONSUME_CHECK_CONSUMER) timestamp=9995 ms, used_size=10678272 bytes (26.1%)
(RDMA_READ_CONSUME_CHECK_CONSUMER) timestamp=9995 ms, used_size=10676224 bytes (26.1%)
(RDMA_READ_CONSUME_CHECK_CONSUMER) timestamp=9995 ms, used_size=10674176 bytes (26.1%)
(RDMA_READ_CONSUME_CHECK_CONSUMER) timestamp=9995 ms, used_size=10672128 bytes (26.1%)
(RDMA_READ_CONSUME_CHECK_CONSUMER) timestamp=9995 ms, used_size=10670080 bytes (26.1%)
(RDMA_READ_CONSUME_CHECK_CONSUMER) timestamp=9995 ms, used_size=10668032 bytes (26.0%)
(RDMA_READ_CONSUME_CHECK_CONSUMER) timestamp=9995 ms, used_size=10665984 bytes (26.0%)
(RDMA_READ_CONSUME_CHECK_CONSUMER) timestamp=9995 ms, used_size=10663936 bytes (26.0%)
(RDMA_READ_CONSUME_CHECK_CONSUMER) timestamp=9995 ms, used_size=10661888 bytes (26.0%)
(RDMA_READ_CONSUME_CHECK_CONSUMER) timestamp=9995 ms, used_size=10659840 bytes (26.0%)
(RDMA_READ_CONSUME_CHECK_CONSUMER) timestamp=9995 ms, used_size=10657792 bytes (26.0%)
(RDMA_READ_CONSUME_CHECK_CONSUMER) timestamp=9995 ms, used_size=10655744 bytes (26.0%)
(RDMA_READ_CONSUME_CHECK_CONSUMER) timestamp=9995 ms, used_size=10653696 bytes (26.0%)
(RDMA_READ_CONSUME_CHECK_CONSUMER) timestamp=9995 ms, used_size=10651648 bytes (26.0%)
(RDMA_READ_CONSUME_CHECK_CONSUMER) timestamp=9995 ms, used_size=10649600 bytes (26.0%)
(RDMA_READ_CONSUME_CHECK_CONSUMER) timestamp=9995 ms, used_size=10647552 bytes (26.0%)
(RDMA_READ_CONSUME_CHECK_CONSUMER) timestamp=9995 ms, used_size=10645504 bytes (26.0%)
(RDMA_READ_CONSUME_CHECK_CONSUMER) timestamp=9995 ms, used_size=10643456 bytes (26.0%)
(RDMA_READ_CONSUME_CHECK_CONSUMER) timestamp=9995 ms, used_size=10641408 bytes (26.0%)
(RDMA_READ_CONSUME_CHECK_CONSUMER) timestamp=9995 ms, used_size=10639360 bytes (26.0%)
(RDMA_READ_CONSUME_CHECK_CONSUMER) timestamp=9995 ms, used_size=10637312 bytes (26.0%)
(RDMA_READ_CONSUME_CHECK_CONSUMER) timestamp=9995 ms, used_size=10635264 bytes (26.0%)
(RDMA_READ_CONSUME_CHECK_CONSUMER) timestamp=9995 ms, used_size=10633216 bytes (26.0%)
(RDMA_READ_CONSUME_CHECK_CONSUMER) timestamp=9995 ms, used_size=10631168 bytes (26.0%)
(RDMA_READ_CONSUME_CHECK_CONSUMER) timestamp=9995 ms, used_size=10629120 bytes (25.9%)
(RDMA_READ_CONSUME_CHECK_CONSUMER) timestamp=9995 ms, used_size=10627072 bytes (25.9%)
(RDMA_READ_CONSUME_CHECK_CONSUMER) timestamp=9995 ms, used_size=10625024 bytes (25.9%)
(RDMA_READ_CONSUME_CHECK_CONSUMER) timestamp=9995 ms, used_size=10622976 bytes (25.9%)
(RDMA_READ_CONSUME_CHECK_CONSUMER) timestamp=9995 ms, used_size=10620928 bytes (25.9%)
(RDMA_READ_CONSUME_CHECK_CONSUMER) timestamp=9995 ms, used_size=10618880 bytes (25.9%)
(RDMA_READ_CONSUME_CHECK_CONSUMER) timestamp=9995 ms, used_size=10616832 bytes (25.9%)
(RDMA_READ_CONSUME_CHECK_CONSUMER) timestamp=9995 ms, used_size=10614784 bytes (25.9%)
(RDMA_READ_CONSUME_CHECK_CONSUMER) timestamp=9995 ms, used_size=10612736 bytes (25.9%)
(RDMA_READ_CONSUME_CHECK_CONSUMER) timestamp=9995 ms, used_size=10610688 bytes (25.9%)
(RDMA_READ_CONSUME_CHECK_CONSUMER) timestamp=9995 ms, used_size=10608640 bytes (25.9%)
(RDMA_READ_CONSUME_CHECK_CONSUMER) timestamp=9995 ms, used_size=10606592 bytes (25.9%)
(RDMA_READ_CONSUME_CHECK_CONSUMER) timestamp=9995 ms, used_size=10604544 bytes (25.9%)
(RDMA_READ_CONSUME_CHECK_CONSUMER) timestamp=9995 ms, used_size=10602496 bytes (25.9%)
(RDMA_READ_CONSUME_CHECK_CONSUMER) timestamp=9995 ms, used_size=10600448 bytes (25.9%)
(RDMA_READ_CONSUME_CHECK_CONSUMER) timestamp=9995 ms, used_size=10598400 bytes (25.9%)
(RDMA_READ_CONSUME_CHECK_CONSUMER) timestamp=9995 ms, used_size=10596352 bytes (25.9%)
(RDMA_READ_CONSUME_CHECK_CONSUMER) timestamp=9995 ms, used_size=10594304 bytes (25.9%)
(RDMA_READ_CONSUME_CHECK_CONSUMER) timestamp=9995 ms, used_size=10592256 bytes (25.9%)
(RDMA_READ_CONSUME_CHECK_CONSUMER) timestamp=9995 ms, used_size=10590208 bytes (25.9%)
(RDMA_READ_CONSUME_CHECK_CONSUMER) timestamp=9995 ms, used_size=10588160 bytes (25.9%)
(RDMA_READ_CONSUME_CHECK_CONSUMER) timestamp=9995 ms, used_size=10586112 bytes (25.8%)
(RDMA_READ_CONSUME_CHECK_CONSUMER) timestamp=9995 ms, used_size=10584064 bytes (25.8%)
(RDMA_READ_CONSUME_CHECK_CONSUMER) timestamp=9995 ms, used_size=10582016 bytes (25.8%)
(RDMA_READ_CONSUME_CHECK_CONSUMER) timestamp=9995 ms, used_size=10579968 bytes (25.8%)
(RDMA_READ_CONSUME_CHECK_CONSUMER) timestamp=9995 ms, used_size=10577920 bytes (25.8%)
(RDMA_READ_CONSUME_CHECK_CONSUMER) timestamp=9995 ms, used_size=10575872 bytes (25.8%)
(RDMA_READ_CONSUME_CHECK_CONSUMER) timestamp=9995 ms, used_size=10573824 bytes (25.8%)
(RDMA_READ_CONSUME_CHECK_CONSUMER) timestamp=9995 ms, used_size=10571776 bytes (25.8%)
(RDMA_READ_CONSUME_CHECK_CONSUMER) timestamp=9995 ms, used_size=10569728 bytes (25.8%)
(RDMA_READ_CONSUME_CHECK_CONSUMER) timestamp=9995 ms, used_size=10567680 bytes (25.8%)
(RDMA_READ_CONSUME_CHECK_CONSUMER) timestamp=9995 ms, used_size=10565632 bytes (25.8%)
(RDMA_READ_CONSUME_CHECK_CONSUMER) timestamp=9995 ms, used_size=10563584 bytes (25.8%)
(RDMA_READ_CONSUME_CHECK_CONSUMER) timestamp=9995 ms, used_size=10561536 bytes (25.8%)
(RDMA_READ_CONSUME_CHECK_CONSUMER) timestamp=9995 ms, used_size=10559488 bytes (25.8%)
(RDMA_READ_CONSUME_CHECK_CONSUMER) timestamp=9995 ms, used_size=10557440 bytes (25.8%)
(RDMA_READ_CONSUME_CHECK_CONSUMER) timestamp=9995 ms, used_size=10555392 bytes (25.8%)
(RDMA_READ_CONSUME_CHECK_CONSUMER) timestamp=9995 ms, used_size=10553344 bytes (25.8%)
(RDMA_READ_CONSUME_CHECK_CONSUMER) timestamp=9995 ms, used_size=10551296 bytes (25.8%)
(RDMA_READ_CONSUME_CHECK_CONSUMER) timestamp=9995 ms, used_size=10549248 bytes (25.8%)
(RDMA_READ_CONSUME_CHECK_CONSUMER) timestamp=9995 ms, used_size=10547200 bytes (25.8%)
(RDMA_READ_CONSUME_CHECK_CONSUMER) timestamp=9995 ms, used_size=10545152 bytes (25.7%)
(RDMA_READ_CONSUME_CHECK_CONSUMER) timestamp=9995 ms, used_size=10543104 bytes (25.7%)
(RDMA_READ_CONSUME_CHECK_CONSUMER) timestamp=9995 ms, used_size=10541056 bytes (25.7%)
(RDMA_READ_CONSUME_CHECK_CONSUMER) timestamp=9995 ms, used_size=10539008 bytes (25.7%)
(RDMA_READ_CONSUME_CHECK_CONSUMER) timestamp=9995 ms, used_size=10536960 bytes (25.7%)
(RDMA_READ_CONSUME_CHECK_CONSUMER) timestamp=9995 ms, used_size=10534912 bytes (25.7%)
(RDMA_READ_CONSUME_CHECK_CONSUMER) timestamp=9995 ms, used_size=10532864 bytes (25.7%)
(RDMA_READ_CONSUME_CHECK_CONSUMER) timestamp=9995 ms, used_size=10530816 bytes (25.7%)
(RDMA_READ_CONSUME_CHECK_CONSUMER) timestamp=9995 ms, used_size=10528768 bytes (25.7%)
(RDMA_READ_CONSUME_CHECK_CONSUMER) timestamp=9995 ms, used_size=10526720 bytes (25.7%)
(RDMA_READ_CONSUME_CHECK_CONSUMER) timestamp=9995 ms, used_size=10524672 bytes (25.7%)
(RDMA_READ_CONSUME_CHECK_CONSUMER) timestamp=9995 ms, used_size=10522624 bytes (25.7%)
(RDMA_READ_CONSUME_CHECK_CONSUMER) timestamp=9995 ms, used_size=10520576 bytes (25.7%)
(RDMA_READ_CONSUME_CHECK_CONSUMER) timestamp=9995 ms, used_size=10518528 bytes (25.7%)
(RDMA_READ_CONSUME_CHECK_CONSUMER) timestamp=9995 ms, used_size=10516480 bytes (25.7%)
(RDMA_READ_CONSUME_CHECK_CONSUMER) timestamp=9995 ms, used_size=10514432 bytes (25.7%)
(RDMA_READ_CONSUME_CHECK_CONSUMER) timestamp=9995 ms, used_size=10512384 bytes (25.7%)
(RDMA_READ_CONSUME_CHECK_CONSUMER) timestamp=9995 ms, used_size=10510336 bytes (25.7%)
(RDMA_READ_CONSUME_CHECK_CONSUMER) timestamp=9995 ms, used_size=10508288 bytes (25.7%)
(RDMA_READ_CONSUME_CHECK_CONSUMER) timestamp=9995 ms, used_size=10506240 bytes (25.6%)
(RDMA_READ_CONSUME_CHECK_CONSUMER) timestamp=9995 ms, used_size=10504192 bytes (25.6%)
(RDMA_READ_CONSUME_CHECK_CONSUMER) timestamp=9995 ms, used_size=10502144 bytes (25.6%)
(RDMA_READ_CONSUME_CHECK_CONSUMER) timestamp=9995 ms, used_size=10500096 bytes (25.6%)
(RDMA_READ_CONSUME_CHECK_CONSUMER) timestamp=9995 ms, used_size=10498048 bytes (25.6%)
(RDMA_READ_CONSUME_CHECK_CONSUMER) timestamp=9995 ms, used_size=10496000 bytes (25.6%)
(RDMA_READ_CONSUME_CHECK_CONSUMER) timestamp=9995 ms, used_size=10493952 bytes (25.6%)
(RDMA_READ_CONSUME_CHECK_CONSUMER) timestamp=9995 ms, used_size=10491904 bytes (25.6%)
(RDMA_READ_CONSUME_CHECK_CONSUMER) timestamp=9995 ms, used_size=10489856 bytes (25.6%)
(RDMA_READ_CONSUME_CHECK_CONSUMER) timestamp=9995 ms, used_size=10487808 bytes (25.6%)
(RDMA_READ_CONSUME_CHECK_CONSUMER) timestamp=9995 ms, used_size=10485760 bytes (25.6%)
(RDMA_READ_CONSUME_CHECK_CONSUMER) timestamp=9995 ms, used_size=10483712 bytes (25.6%)
(RDMA_READ_CONSUME_CHECK_CONSUMER) timestamp=9995 ms, used_size=10481664 bytes (25.6%)
(RDMA_READ_CONSUME_CHECK_CONSUMER) timestamp=9995 ms, used_size=10479616 bytes (25.6%)
(RDMA_READ_CONSUME_CHECK_CONSUMER) timestamp=9995 ms, used_size=10477568 bytes (25.6%)
(RDMA_READ_CONSUME_CHECK_CONSUMER) timestamp=9995 ms, used_size=10475520 bytes (25.6%)
(RDMA_READ_CONSUME_CHECK_CONSUMER) timestamp=9995 ms, used_size=10473472 bytes (25.6%)
(RDMA_READ_CONSUME_CHECK_CONSUMER) timestamp=9995 ms, used_size=10471424 bytes (25.6%)
(RDMA_READ_CONSUME_CHECK_CONSUMER) timestamp=9995 ms, used_size=10469376 bytes (25.6%)
(RDMA_READ_CONSUME_CHECK_CONSUMER) timestamp=9995 ms, used_size=10467328 bytes (25.6%)
(RDMA_READ_CONSUME_CHECK_CONSUMER) timestamp=9995 ms, used_size=10465280 bytes (25.6%)
(RDMA_READ_CONSUME_CHECK_CONSUMER) timestamp=9995 ms, used_size=10463232 bytes (25.5%)
(RDMA_READ_CONSUME_CHECK_CONSUMER) timestamp=9995 ms, used_size=10461184 bytes (25.5%)
(RDMA_READ_CONSUME_CHECK_CONSUMER) timestamp=9995 ms, used_size=10459136 bytes (25.5%)
(RDMA_READ_CONSUME_CHECK_CONSUMER) timestamp=9995 ms, used_size=10457088 bytes (25.5%)
(RDMA_READ_CONSUME_CHECK_CONSUMER) timestamp=9995 ms, used_size=10455040 bytes (25.5%)
(RDMA_READ_CONSUME_CHECK_CONSUMER) timestamp=9995 ms, used_size=10452992 bytes (25.5%)
(RDMA_READ_CONSUME_CHECK_CONSUMER) timestamp=9995 ms, used_size=10450944 bytes (25.5%)
(RDMA_READ_CONSUME_CHECK_CONSUMER) timestamp=9995 ms, used_size=10448896 bytes (25.5%)
(RDMA_READ_CONSUME_CHECK_CONSUMER) timestamp=9995 ms, used_size=10446848 bytes (25.5%)
(RDMA_READ_CONSUME_CHECK_CONSUMER) timestamp=9995 ms, used_size=10444800 bytes (25.5%)
(RDMA_READ_CONSUME_CHECK_CONSUMER) timestamp=9995 ms, used_size=10442752 bytes (25.5%)
(RDMA_READ_CONSUME_CHECK_CONSUMER) timestamp=9995 ms, used_size=10440704 bytes (25.5%)
(RDMA_READ_CONSUME_CHECK_CONSUMER) timestamp=9995 ms, used_size=10438656 bytes (25.5%)
(RDMA_READ_CONSUME_CHECK_CONSUMER) timestamp=9995 ms, used_size=10436608 bytes (25.5%)
(RDMA_READ_CONSUME_CHECK_CONSUMER) timestamp=9995 ms, used_size=10434560 bytes (25.5%)
(RDMA_READ_CONSUME_CHECK_CONSUMER) timestamp=9995 ms, used_size=10432512 bytes (25.5%)
(RDMA_READ_CONSUME_CHECK_CONSUMER) timestamp=9995 ms, used_size=10430464 bytes (25.5%)
(RDMA_READ_CONSUME_CHECK_CONSUMER) timestamp=9996 ms, used_size=10428416 bytes (25.5%)
(RDMA_READ_CONSUME_CHECK_CONSUMER) timestamp=9996 ms, used_size=10426368 bytes (25.5%)
(RDMA_READ_CONSUME_CHECK_CONSUMER) timestamp=9996 ms, used_size=10424320 bytes (25.4%)
(RDMA_READ_CONSUME_CHECK_CONSUMER) timestamp=9996 ms, used_size=10422272 bytes (25.4%)
(RDMA_READ_CONSUME_CHECK_CONSUMER) timestamp=9996 ms, used_size=10420224 bytes (25.4%)
(RDMA_READ_CONSUME_CHECK_CONSUMER) timestamp=9996 ms, used_size=10418176 bytes (25.4%)
(RDMA_READ_CONSUME_CHECK_CONSUMER) timestamp=9996 ms, used_size=10416128 bytes (25.4%)
(RDMA_READ_CONSUME_CHECK_CONSUMER) timestamp=9996 ms, used_size=10414080 bytes (25.4%)
(RDMA_READ_CONSUME_CHECK_CONSUMER) timestamp=9996 ms, used_size=10412032 bytes (25.4%)
(RDMA_READ_CONSUME_CHECK_CONSUMER) timestamp=9996 ms, used_size=10409984 bytes (25.4%)
(RDMA_READ_CONSUME_CHECK_CONSUMER) timestamp=9996 ms, used_size=10407936 bytes (25.4%)
(RDMA_READ_CONSUME_CHECK_CONSUMER) timestamp=9996 ms, used_size=10405888 bytes (25.4%)
(RDMA_READ_CONSUME_CHECK_CONSUMER) timestamp=9996 ms, used_size=10403840 bytes (25.4%)
(RDMA_READ_CONSUME_CHECK_CONSUMER) timestamp=9996 ms, used_size=10401792 bytes (25.4%)
(RDMA_READ_CONSUME_CHECK_CONSUMER) timestamp=9996 ms, used_size=10399744 bytes (25.4%)
(RDMA_READ_CONSUME_CHECK_CONSUMER) timestamp=9996 ms, used_size=10397696 bytes (25.4%)
(RDMA_READ_CONSUME_CHECK_CONSUMER) timestamp=9996 ms, used_size=10395648 bytes (25.4%)
(RDMA_READ_CONSUME_CHECK_CONSUMER) timestamp=9996 ms, used_size=10393600 bytes (25.4%)
(RDMA_READ_CONSUME_CHECK_CONSUMER) timestamp=9996 ms, used_size=10391552 bytes (25.4%)
(RDMA_READ_CONSUME_CHECK_CONSUMER) timestamp=9996 ms, used_size=10389504 bytes (25.4%)
(RDMA_READ_CONSUME_CHECK_CONSUMER) timestamp=9996 ms, used_size=10387456 bytes (25.4%)
(RDMA_READ_CONSUME_CHECK_CONSUMER) timestamp=9996 ms, used_size=10385408 bytes (25.4%)
(RDMA_READ_CONSUME_CHECK_CONSUMER) timestamp=9996 ms, used_size=10383360 bytes (25.4%)
(RDMA_READ_CONSUME_CHECK_CONSUMER) timestamp=9996 ms, used_size=10381312 bytes (25.3%)
(RDMA_READ_CONSUME_CHECK_CONSUMER) timestamp=9996 ms, used_size=10379264 bytes (25.3%)
(RDMA_READ_CONSUME_CHECK_CONSUMER) timestamp=9996 ms, used_size=10377216 bytes (25.3%)
(RDMA_READ_CONSUME_CHECK_CONSUMER) timestamp=9996 ms, used_size=10375168 bytes (25.3%)
(RDMA_READ_CONSUME_CHECK_CONSUMER) timestamp=9996 ms, used_size=10373120 bytes (25.3%)
(RDMA_READ_CONSUME_CHECK_CONSUMER) timestamp=9996 ms, used_size=10371072 bytes (25.3%)
(RDMA_READ_CONSUME_CHECK_CONSUMER) timestamp=9996 ms, used_size=10369024 bytes (25.3%)
(RDMA_READ_CONSUME_CHECK_CONSUMER) timestamp=9996 ms, used_size=10366976 bytes (25.3%)
(RDMA_READ_CONSUME_CHECK_CONSUMER) timestamp=9996 ms, used_size=10364928 bytes (25.3%)
(RDMA_READ_CONSUME_CHECK_CONSUMER) timestamp=9996 ms, used_size=10362880 bytes (25.3%)
(RDMA_READ_CONSUME_CHECK_CONSUMER) timestamp=9996 ms, used_size=10360832 bytes (25.3%)
(RDMA_READ_CONSUME_CHECK_CONSUMER) timestamp=9996 ms, used_size=10358784 bytes (25.3%)
(RDMA_READ_CONSUME_CHECK_CONSUMER) timestamp=9996 ms, used_size=10356736 bytes (25.3%)
(RDMA_READ_CONSUME_CHECK_CONSUMER) timestamp=9996 ms, used_size=10354688 bytes (25.3%)
(RDMA_READ_CONSUME_CHECK_CONSUMER) timestamp=9996 ms, used_size=10352640 bytes (25.3%)
(RDMA_READ_CONSUME_CHECK_CONSUMER) timestamp=9996 ms, used_size=10350592 bytes (25.3%)
(RDMA_READ_CONSUME_CHECK_CONSUMER) timestamp=9996 ms, used_size=10348544 bytes (25.3%)
(RDMA_READ_CONSUME_CHECK_CONSUMER) timestamp=9996 ms, used_size=10346496 bytes (25.3%)
(RDMA_READ_CONSUME_CHECK_CONSUMER) timestamp=9996 ms, used_size=10344448 bytes (25.3%)
(RDMA_READ_CONSUME_CHECK_CONSUMER) timestamp=9996 ms, used_size=10342400 bytes (25.2%)
(RDMA_READ_CONSUME_CHECK_CONSUMER) timestamp=9996 ms, used_size=10340352 bytes (25.2%)
(RDMA_READ_CONSUME_CHECK_CONSUMER) timestamp=9996 ms, used_size=10338304 bytes (25.2%)
(RDMA_READ_CONSUME_CHECK_CONSUMER) timestamp=9996 ms, used_size=10336256 bytes (25.2%)
(RDMA_READ_CONSUME_CHECK_CONSUMER) timestamp=9996 ms, used_size=10334208 bytes (25.2%)
(RDMA_READ_CONSUME_CHECK_CONSUMER) timestamp=9996 ms, used_size=10332160 bytes (25.2%)
(RDMA_READ_CONSUME_CHECK_CONSUMER) timestamp=9996 ms, used_size=10330112 bytes (25.2%)
(RDMA_READ_CONSUME_CHECK_CONSUMER) timestamp=9996 ms, used_size=10328064 bytes (25.2%)
(RDMA_READ_CONSUME_CHECK_CONSUMER) timestamp=9996 ms, used_size=10326016 bytes (25.2%)
(RDMA_READ_CONSUME_CHECK_CONSUMER) timestamp=9996 ms, used_size=10323968 bytes (25.2%)
(RDMA_READ_CONSUME_CHECK_CONSUMER) timestamp=9996 ms, used_size=10321920 bytes (25.2%)
(RDMA_READ_CONSUME_CHECK_CONSUMER) timestamp=9996 ms, used_size=10319872 bytes (25.2%)
(RDMA_READ_CONSUME_CHECK_CONSUMER) timestamp=9996 ms, used_size=10317824 bytes (25.2%)
(RDMA_READ_CONSUME_CHECK_CONSUMER) timestamp=9996 ms, used_size=10315776 bytes (25.2%)
(RDMA_READ_CONSUME_CHECK_CONSUMER) timestamp=9996 ms, used_size=10313728 bytes (25.2%)
(RDMA_READ_CONSUME_CHECK_CONSUMER) timestamp=9996 ms, used_size=10311680 bytes (25.2%)
(RDMA_READ_CONSUME_CHECK_CONSUMER) timestamp=9996 ms, used_size=10309632 bytes (25.2%)
(RDMA_READ_CONSUME_CHECK_CONSUMER) timestamp=9996 ms, used_size=10307584 bytes (25.2%)
(RDMA_READ_CONSUME_CHECK_CONSUMER) timestamp=9996 ms, used_size=10305536 bytes (25.2%)
(RDMA_READ_CONSUME_CHECK_CONSUMER) timestamp=9996 ms, used_size=10303488 bytes (25.2%)
(RDMA_READ_CONSUME_CHECK_CONSUMER) timestamp=9996 ms, used_size=10301440 bytes (25.1%)
(RDMA_READ_CONSUME_CHECK_CONSUMER) timestamp=9996 ms, used_size=10299392 bytes (25.1%)
(RDMA_READ_CONSUME_CHECK_CONSUMER) timestamp=9996 ms, used_size=10297344 bytes (25.1%)
(RDMA_READ_CONSUME_CHECK_CONSUMER) timestamp=9996 ms, used_size=10295296 bytes (25.1%)
(RDMA_READ_CONSUME_CHECK_CONSUMER) timestamp=9996 ms, used_size=10293248 bytes (25.1%)
(RDMA_READ_CONSUME_CHECK_CONSUMER) timestamp=9996 ms, used_size=10291200 bytes (25.1%)
(RDMA_READ_CONSUME_CHECK_CONSUMER) timestamp=9996 ms, used_size=10289152 bytes (25.1%)
(RDMA_READ_CONSUME_CHECK_CONSUMER) timestamp=9996 ms, used_size=10287104 bytes (25.1%)
(RDMA_READ_CONSUME_CHECK_CONSUMER) timestamp=9996 ms, used_size=10285056 bytes (25.1%)
(RDMA_READ_CONSUME_CHECK_CONSUMER) timestamp=9996 ms, used_size=10283008 bytes (25.1%)
(RDMA_READ_CONSUME_CHECK_CONSUMER) timestamp=9996 ms, used_size=10280960 bytes (25.1%)
(RDMA_READ_CONSUME_CHECK_CONSUMER) timestamp=9996 ms, used_size=10278912 bytes (25.1%)
(RDMA_READ_CONSUME_CHECK_CONSUMER) timestamp=9996 ms, used_size=10276864 bytes (25.1%)
(RDMA_READ_CONSUME_CHECK_CONSUMER) timestamp=9996 ms, used_size=10274816 bytes (25.1%)
(RDMA_READ_CONSUME_CHECK_CONSUMER) timestamp=9996 ms, used_size=10272768 bytes (25.1%)
(RDMA_READ_CONSUME_CHECK_CONSUMER) timestamp=9996 ms, used_size=10270720 bytes (25.1%)
(RDMA_READ_CONSUME_CHECK_CONSUMER) timestamp=9996 ms, used_size=10268672 bytes (25.1%)
(RDMA_READ_CONSUME_CHECK_CONSUMER) timestamp=9996 ms, used_size=10266624 bytes (25.1%)
(RDMA_READ_CONSUME_CHECK_CONSUMER) timestamp=9996 ms, used_size=10264576 bytes (25.1%)
(RDMA_READ_CONSUME_CHECK_CONSUMER) timestamp=9996 ms, used_size=10262528 bytes (25.1%)
(RDMA_READ_CONSUME_CHECK_CONSUMER) timestamp=9996 ms, used_size=10260480 bytes (25.1%)
(RDMA_READ_CONSUME_CHECK_CONSUMER) timestamp=9996 ms, used_size=10258432 bytes (25.0%)
(RDMA_READ_CONSUME_CHECK_CONSUMER) timestamp=9996 ms, used_size=10256384 bytes (25.0%)
(RDMA_READ_CONSUME_CHECK_CONSUMER) timestamp=9996 ms, used_size=10254336 bytes (25.0%)
(RDMA_READ_CONSUME_CHECK_CONSUMER) timestamp=9996 ms, used_size=10252288 bytes (25.0%)
(RDMA_READ_CONSUME_CHECK_CONSUMER) timestamp=9996 ms, used_size=10250240 bytes (25.0%)
(RDMA_READ_CONSUME_CHECK_CONSUMER) timestamp=9996 ms, used_size=10248192 bytes (25.0%)
(RDMA_READ_CONSUME_CHECK_CONSUMER) timestamp=9996 ms, used_size=10246144 bytes (25.0%)
(RDMA_READ_CONSUME_CHECK_CONSUMER) timestamp=9996 ms, used_size=10244096 bytes (25.0%)
(RDMA_READ_CONSUME_CHECK_CONSUMER) timestamp=9996 ms, used_size=10242048 bytes (25.0%)
(RDMA_READ_CONSUME_CHECK_CONSUMER) timestamp=9996 ms, used_size=10240000 bytes (25.0%)
(RDMA_READ_CONSUME_CHECK_CONSUMER) timestamp=9996 ms, used_size=10237952 bytes (25.0%)
(RDMA_READ_CONSUME_CHECK_CONSUMER) timestamp=9996 ms, used_size=10235904 bytes (25.0%)
(RDMA_READ_CONSUME_CHECK_CONSUMER) timestamp=9996 ms, used_size=10233856 bytes (25.0%)
(RDMA_READ_CONSUME_CHECK_CONSUMER) timestamp=9996 ms, used_size=10231808 bytes (25.0%)
(RDMA_READ_CONSUME_CHECK_CONSUMER) timestamp=9996 ms, used_size=10229760 bytes (25.0%)
(RDMA_READ_CONSUME_CHECK_CONSUMER) timestamp=9996 ms, used_size=10227712 bytes (25.0%)
(RDMA_READ_CONSUME_CHECK_CONSUMER) timestamp=9996 ms, used_size=10225664 bytes (25.0%)
(RDMA_READ_CONSUME_CHECK_CONSUMER) timestamp=9996 ms, used_size=10223616 bytes (25.0%)
(RDMA_READ_CONSUME_CHECK_CONSUMER) timestamp=9996 ms, used_size=10221568 bytes (25.0%)
(RDMA_READ_CONSUME_CHECK_CONSUMER) timestamp=9996 ms, used_size=10219520 bytes (24.9%)
(RDMA_READ_CONSUME_CHECK_CONSUMER) timestamp=9996 ms, used_size=10217472 bytes (24.9%)
(RDMA_READ_CONSUME_CHECK_CONSUMER) timestamp=9996 ms, used_size=10215424 bytes (24.9%)
(RDMA_READ_CONSUME_CHECK_CONSUMER) timestamp=9996 ms, used_size=10213376 bytes (24.9%)
(RDMA_READ_CONSUME_CHECK_CONSUMER) timestamp=9996 ms, used_size=10211328 bytes (24.9%)
(RDMA_READ_CONSUME_CHECK_CONSUMER) timestamp=9996 ms, used_size=10209280 bytes (24.9%)
(RDMA_READ_CONSUME_CHECK_CONSUMER) timestamp=9996 ms, used_size=10207232 bytes (24.9%)
(RDMA_READ_CONSUME_CHECK_CONSUMER) timestamp=9996 ms, used_size=10205184 bytes (24.9%)
(RDMA_READ_CONSUME_CHECK_CONSUMER) timestamp=9996 ms, used_size=10203136 bytes (24.9%)
(RDMA_READ_CONSUME_CHECK_CONSUMER) timestamp=9996 ms, used_size=10201088 bytes (24.9%)
(RDMA_READ_CONSUME_CHECK_CONSUMER) timestamp=9996 ms, used_size=10199040 bytes (24.9%)
(RDMA_READ_CONSUME_CHECK_CONSUMER) timestamp=9996 ms, used_size=10196992 bytes (24.9%)
(RDMA_READ_CONSUME_CHECK_CONSUMER) timestamp=9996 ms, used_size=10194944 bytes (24.9%)
(RDMA_READ_CONSUME_CHECK_CONSUMER) timestamp=9996 ms, used_size=10192896 bytes (24.9%)
(RDMA_READ_CONSUME_CHECK_CONSUMER) timestamp=9996 ms, used_size=10190848 bytes (24.9%)
(RDMA_READ_CONSUME_CHECK_CONSUMER) timestamp=9996 ms, used_size=10188800 bytes (24.9%)
(RDMA_READ_CONSUME_CHECK_CONSUMER) timestamp=9996 ms, used_size=10186752 bytes (24.9%)
(RDMA_READ_CONSUME_CHECK_CONSUMER) timestamp=9996 ms, used_size=10184704 bytes (24.9%)
(RDMA_READ_CONSUME_CHECK_CONSUMER) timestamp=9996 ms, used_size=10182656 bytes (24.9%)
(RDMA_READ_CONSUME_CHECK_CONSUMER) timestamp=9996 ms, used_size=10180608 bytes (24.9%)
(RDMA_READ_CONSUME_CHECK_CONSUMER) timestamp=9996 ms, used_size=10178560 bytes (24.9%)
(RDMA_READ_CONSUME_CHECK_CONSUMER) timestamp=9996 ms, used_size=10176512 bytes (24.8%)
(RDMA_READ_CONSUME_CHECK_CONSUMER) timestamp=9996 ms, used_size=10174464 bytes (24.8%)
(RDMA_READ_CONSUME_CHECK_CONSUMER) timestamp=9996 ms, used_size=10172416 bytes (24.8%)
(RDMA_READ_CONSUME_CHECK_CONSUMER) timestamp=9996 ms, used_size=10170368 bytes (24.8%)
(RDMA_READ_CONSUME_CHECK_CONSUMER) timestamp=9996 ms, used_size=10168320 bytes (24.8%)
(RDMA_READ_CONSUME_CHECK_CONSUMER) timestamp=9996 ms, used_size=10166272 bytes (24.8%)
(RDMA_READ_CONSUME_CHECK_CONSUMER) timestamp=9996 ms, used_size=10164224 bytes (24.8%)
(RDMA_READ_CONSUME_CHECK_CONSUMER) timestamp=9996 ms, used_size=10162176 bytes (24.8%)
(RDMA_READ_CONSUME_CHECK_CONSUMER) timestamp=9996 ms, used_size=10160128 bytes (24.8%)
(RDMA_READ_CONSUME_CHECK_CONSUMER) timestamp=9996 ms, used_size=10158080 bytes (24.8%)
(RDMA_READ_CONSUME_CHECK_CONSUMER) timestamp=9996 ms, used_size=10156032 bytes (24.8%)
(RDMA_READ_CONSUME_CHECK_CONSUMER) timestamp=9996 ms, used_size=10153984 bytes (24.8%)
(RDMA_READ_CONSUME_CHECK_CONSUMER) timestamp=9996 ms, used_size=10151936 bytes (24.8%)
(RDMA_READ_CONSUME_CHECK_CONSUMER) timestamp=9996 ms, used_size=10149888 bytes (24.8%)
(RDMA_READ_CONSUME_CHECK_CONSUMER) timestamp=9996 ms, used_size=10147840 bytes (24.8%)
(RDMA_READ_CONSUME_CHECK_CONSUMER) timestamp=9996 ms, used_size=10145792 bytes (24.8%)
(RDMA_READ_CONSUME_CHECK_CONSUMER) timestamp=9996 ms, used_size=10143744 bytes (24.8%)
(RDMA_READ_CONSUME_CHECK_CONSUMER) timestamp=9996 ms, used_size=10141696 bytes (24.8%)
(RDMA_READ_CONSUME_CHECK_CONSUMER) timestamp=9996 ms, used_size=10139648 bytes (24.8%)
(RDMA_READ_CONSUME_CHECK_CONSUMER) timestamp=9996 ms, used_size=10137600 bytes (24.8%)
(RDMA_READ_CONSUME_CHECK_CONSUMER) timestamp=9996 ms, used_size=10135552 bytes (24.7%)
(RDMA_READ_CONSUME_CHECK_CONSUMER) timestamp=9996 ms, used_size=10133504 bytes (24.7%)
(RDMA_READ_CONSUME_CHECK_CONSUMER) timestamp=9996 ms, used_size=10131456 bytes (24.7%)
(RDMA_READ_CONSUME_CHECK_CONSUMER) timestamp=9996 ms, used_size=10129408 bytes (24.7%)
(RDMA_READ_CONSUME_CHECK_CONSUMER) timestamp=9996 ms, used_size=10127360 bytes (24.7%)
(RDMA_READ_CONSUME_CHECK_CONSUMER) timestamp=9996 ms, used_size=10125312 bytes (24.7%)
(RDMA_READ_CONSUME_CHECK_CONSUMER) timestamp=9996 ms, used_size=10123264 bytes (24.7%)
(RDMA_READ_CONSUME_CHECK_CONSUMER) timestamp=9996 ms, used_size=10121216 bytes (24.7%)
(RDMA_READ_CONSUME_CHECK_CONSUMER) timestamp=9996 ms, used_size=10119168 bytes (24.7%)
(RDMA_READ_CONSUME_CHECK_CONSUMER) timestamp=9996 ms, used_size=10117120 bytes (24.7%)
(RDMA_READ_CONSUME_CHECK_CONSUMER) timestamp=9996 ms, used_size=10115072 bytes (24.7%)
(RDMA_READ_CONSUME_CHECK_CONSUMER) timestamp=9996 ms, used_size=10113024 bytes (24.7%)
(RDMA_READ_CONSUME_CHECK_CONSUMER) timestamp=9996 ms, used_size=10110976 bytes (24.7%)
(RDMA_READ_CONSUME_CHECK_CONSUMER) timestamp=9996 ms, used_size=10108928 bytes (24.7%)
(RDMA_READ_CONSUME_CHECK_CONSUMER) timestamp=9996 ms, used_size=10106880 bytes (24.7%)
(RDMA_READ_CONSUME_CHECK_CONSUMER) timestamp=9996 ms, used_size=10104832 bytes (24.7%)
(RDMA_READ_CONSUME_CHECK_CONSUMER) timestamp=9996 ms, used_size=10102784 bytes (24.7%)
(RDMA_READ_CONSUME_CHECK_CONSUMER) timestamp=9996 ms, used_size=10100736 bytes (24.7%)
(RDMA_READ_CONSUME_CHECK_CONSUMER) timestamp=9996 ms, used_size=10098688 bytes (24.7%)
(RDMA_READ_CONSUME_CHECK_CONSUMER) timestamp=9996 ms, used_size=10096640 bytes (24.6%)
(RDMA_READ_CONSUME_CHECK_CONSUMER) timestamp=9996 ms, used_size=10094592 bytes (24.6%)
(RDMA_READ_CONSUME_CHECK_CONSUMER) timestamp=9996 ms, used_size=10092544 bytes (24.6%)
(RDMA_READ_CONSUME_CHECK_CONSUMER) timestamp=9996 ms, used_size=10090496 bytes (24.6%)
(RDMA_READ_CONSUME_CHECK_CONSUMER) timestamp=9996 ms, used_size=10088448 bytes (24.6%)
(RDMA_READ_CONSUME_CHECK_CONSUMER) timestamp=9996 ms, used_size=10086400 bytes (24.6%)
(RDMA_READ_CONSUME_CHECK_CONSUMER) timestamp=9997 ms, used_size=10084352 bytes (24.6%)
(RDMA_READ_CONSUME_CHECK_CONSUMER) timestamp=9997 ms, used_size=10082304 bytes (24.6%)
(RDMA_READ_CONSUME_CHECK_CONSUMER) timestamp=9997 ms, used_size=10080256 bytes (24.6%)
(RDMA_READ_CONSUME_CHECK_CONSUMER) timestamp=9997 ms, used_size=10078208 bytes (24.6%)
(RDMA_READ_CONSUME_CHECK_CONSUMER) timestamp=9997 ms, used_size=10076160 bytes (24.6%)
(RDMA_READ_CONSUME_CHECK_CONSUMER) timestamp=9997 ms, used_size=10074112 bytes (24.6%)
(RDMA_READ_CONSUME_CHECK_CONSUMER) timestamp=9997 ms, used_size=10072064 bytes (24.6%)
(RDMA_READ_CONSUME_CHECK_CONSUMER) timestamp=9997 ms, used_size=10070016 bytes (24.6%)
(RDMA_READ_CONSUME_CHECK_CONSUMER) timestamp=9997 ms, used_size=10067968 bytes (24.6%)
(RDMA_READ_CONSUME_CHECK_CONSUMER) timestamp=9997 ms, used_size=10065920 bytes (24.6%)
(RDMA_READ_CONSUME_CHECK_CONSUMER) timestamp=9997 ms, used_size=10063872 bytes (24.6%)
(RDMA_READ_CONSUME_CHECK_CONSUMER) timestamp=9997 ms, used_size=10061824 bytes (24.6%)
(RDMA_READ_CONSUME_CHECK_CONSUMER) timestamp=9997 ms, used_size=10059776 bytes (24.6%)
(RDMA_READ_CONSUME_CHECK_CONSUMER) timestamp=9997 ms, used_size=10057728 bytes (24.6%)
(RDMA_READ_CONSUME_CHECK_CONSUMER) timestamp=9997 ms, used_size=10055680 bytes (24.6%)
(RDMA_READ_CONSUME_CHECK_CONSUMER) timestamp=9997 ms, used_size=10053632 bytes (24.5%)
(RDMA_READ_CONSUME_CHECK_CONSUMER) timestamp=9997 ms, used_size=10051584 bytes (24.5%)
(RDMA_READ_CONSUME_CHECK_CONSUMER) timestamp=9997 ms, used_size=10049536 bytes (24.5%)
(RDMA_READ_CONSUME_CHECK_CONSUMER) timestamp=9997 ms, used_size=10047488 bytes (24.5%)
(RDMA_READ_CONSUME_CHECK_CONSUMER) timestamp=9997 ms, used_size=10045440 bytes (24.5%)
(RDMA_READ_CONSUME_CHECK_CONSUMER) timestamp=9997 ms, used_size=10043392 bytes (24.5%)
(RDMA_READ_CONSUME_CHECK_CONSUMER) timestamp=9997 ms, used_size=10041344 bytes (24.5%)
(RDMA_READ_CONSUME_CHECK_CONSUMER) timestamp=9997 ms, used_size=10039296 bytes (24.5%)
(RDMA_READ_CONSUME_CHECK_CONSUMER) timestamp=9997 ms, used_size=10037248 bytes (24.5%)
(RDMA_READ_CONSUME_CHECK_CONSUMER) timestamp=9997 ms, used_size=10035200 bytes (24.5%)
(RDMA_READ_CONSUME_CHECK_CONSUMER) timestamp=9997 ms, used_size=10033152 bytes (24.5%)
(RDMA_READ_CONSUME_CHECK_CONSUMER) timestamp=9997 ms, used_size=10031104 bytes (24.5%)
(RDMA_READ_CONSUME_CHECK_CONSUMER) timestamp=9997 ms, used_size=10029056 bytes (24.5%)
(RDMA_READ_CONSUME_CHECK_CONSUMER) timestamp=9997 ms, used_size=10027008 bytes (24.5%)
(RDMA_READ_CONSUME_CHECK_CONSUMER) timestamp=9997 ms, used_size=10024960 bytes (24.5%)
(RDMA_READ_CONSUME_CHECK_CONSUMER) timestamp=9997 ms, used_size=10022912 bytes (24.5%)
(RDMA_READ_CONSUME_CHECK_CONSUMER) timestamp=9997 ms, used_size=10020864 bytes (24.5%)
(RDMA_READ_CONSUME_CHECK_CONSUMER) timestamp=9997 ms, used_size=10018816 bytes (24.5%)
(RDMA_READ_CONSUME_CHECK_CONSUMER) timestamp=9997 ms, used_size=10016768 bytes (24.5%)
(RDMA_READ_CONSUME_CHECK_CONSUMER) timestamp=9997 ms, used_size=10014720 bytes (24.4%)
(RDMA_READ_CONSUME_CHECK_CONSUMER) timestamp=9997 ms, used_size=10012672 bytes (24.4%)
(RDMA_READ_CONSUME_CHECK_CONSUMER) timestamp=9997 ms, used_size=10010624 bytes (24.4%)
(RDMA_READ_CONSUME_CHECK_CONSUMER) timestamp=9997 ms, used_size=10008576 bytes (24.4%)
(RDMA_READ_CONSUME_CHECK_CONSUMER) timestamp=9997 ms, used_size=10006528 bytes (24.4%)
(RDMA_READ_CONSUME_CHECK_CONSUMER) timestamp=9997 ms, used_size=10004480 bytes (24.4%)
(RDMA_READ_CONSUME_CHECK_CONSUMER) timestamp=9997 ms, used_size=10002432 bytes (24.4%)
(RDMA_READ_CONSUME_CHECK_CONSUMER) timestamp=9997 ms, used_size=10000384 bytes (24.4%)
(RDMA_READ_CONSUME_CHECK_CONSUMER) timestamp=9997 ms, used_size=9998336 bytes (24.4%)
(RDMA_READ_CONSUME_CHECK_CONSUMER) timestamp=9997 ms, used_size=9996288 bytes (24.4%)
(RDMA_READ_CONSUME_CHECK_CONSUMER) timestamp=9997 ms, used_size=9994240 bytes (24.4%)
(RDMA_READ_CONSUME_CHECK_CONSUMER) timestamp=9997 ms, used_size=9992192 bytes (24.4%)
(RDMA_READ_CONSUME_CHECK_CONSUMER) timestamp=9997 ms, used_size=9990144 bytes (24.4%)
(RDMA_READ_CONSUME_CHECK_CONSUMER) timestamp=9997 ms, used_size=9988096 bytes (24.4%)
(RDMA_READ_CONSUME_CHECK_CONSUMER) timestamp=9997 ms, used_size=9986048 bytes (24.4%)
(RDMA_READ_CONSUME_CHECK_CONSUMER) timestamp=9997 ms, used_size=9984000 bytes (24.4%)
(RDMA_READ_CONSUME_CHECK_CONSUMER) timestamp=9997 ms, used_size=9981952 bytes (24.4%)
(RDMA_READ_CONSUME_CHECK_CONSUMER) timestamp=9997 ms, used_size=9979904 bytes (24.4%)
(RDMA_READ_CONSUME_CHECK_CONSUMER) timestamp=9997 ms, used_size=9977856 bytes (24.4%)
(RDMA_READ_CONSUME_CHECK_CONSUMER) timestamp=9997 ms, used_size=9975808 bytes (24.4%)
(RDMA_READ_CONSUME_CHECK_CONSUMER) timestamp=9997 ms, used_size=9973760 bytes (24.4%)
(RDMA_READ_CONSUME_CHECK_CONSUMER) timestamp=9997 ms, used_size=9971712 bytes (24.3%)
(RDMA_READ_CONSUME_CHECK_CONSUMER) timestamp=9997 ms, used_size=9969664 bytes (24.3%)
(RDMA_READ_CONSUME_CHECK_CONSUMER) timestamp=9997 ms, used_size=9967616 bytes (24.3%)
(RDMA_READ_CONSUME_CHECK_CONSUMER) timestamp=9997 ms, used_size=9965568 bytes (24.3%)
(RDMA_READ_CONSUME_CHECK_CONSUMER) timestamp=9997 ms, used_size=9963520 bytes (24.3%)
(RDMA_READ_CONSUME_CHECK_CONSUMER) timestamp=9997 ms, used_size=9961472 bytes (24.3%)
(RDMA_READ_CONSUME_CHECK_CONSUMER) timestamp=9997 ms, used_size=9959424 bytes (24.3%)
(RDMA_READ_CONSUME_CHECK_CONSUMER) timestamp=9997 ms, used_size=9957376 bytes (24.3%)
(RDMA_READ_CONSUME_CHECK_CONSUMER) timestamp=9997 ms, used_size=9955328 bytes (24.3%)
(RDMA_READ_CONSUME_CHECK_CONSUMER) timestamp=9997 ms, used_size=9953280 bytes (24.3%)
(RDMA_READ_CONSUME_CHECK_CONSUMER) timestamp=9997 ms, used_size=9951232 bytes (24.3%)
(RDMA_READ_CONSUME_CHECK_CONSUMER) timestamp=9997 ms, used_size=9949184 bytes (24.3%)
(RDMA_READ_CONSUME_CHECK_CONSUMER) timestamp=9997 ms, used_size=9947136 bytes (24.3%)
(RDMA_READ_CONSUME_CHECK_CONSUMER) timestamp=9997 ms, used_size=9945088 bytes (24.3%)
(RDMA_READ_CONSUME_CHECK_CONSUMER) timestamp=9997 ms, used_size=9943040 bytes (24.3%)
(RDMA_READ_CONSUME_CHECK_CONSUMER) timestamp=9997 ms, used_size=9940992 bytes (24.3%)
(RDMA_READ_CONSUME_CHECK_CONSUMER) timestamp=9997 ms, used_size=9938944 bytes (24.3%)
(RDMA_READ_CONSUME_CHECK_CONSUMER) timestamp=9997 ms, used_size=9936896 bytes (24.3%)
(RDMA_READ_CONSUME_CHECK_CONSUMER) timestamp=9997 ms, used_size=9934848 bytes (24.3%)
(RDMA_READ_CONSUME_CHECK_CONSUMER) timestamp=9997 ms, used_size=9932800 bytes (24.2%)
(RDMA_READ_CONSUME_CHECK_CONSUMER) timestamp=9997 ms, used_size=9930752 bytes (24.2%)
(RDMA_READ_CONSUME_CHECK_CONSUMER) timestamp=9997 ms, used_size=9928704 bytes (24.2%)
(RDMA_READ_CONSUME_CHECK_CONSUMER) timestamp=9997 ms, used_size=9926656 bytes (24.2%)
(RDMA_READ_CONSUME_CHECK_CONSUMER) timestamp=9997 ms, used_size=9924608 bytes (24.2%)
(RDMA_READ_CONSUME_CHECK_CONSUMER) timestamp=9997 ms, used_size=9922560 bytes (24.2%)
(RDMA_READ_CONSUME_CHECK_CONSUMER) timestamp=9997 ms, used_size=9920512 bytes (24.2%)
(RDMA_READ_CONSUME_CHECK_CONSUMER) timestamp=9997 ms, used_size=9918464 bytes (24.2%)
(RDMA_READ_CONSUME_CHECK_CONSUMER) timestamp=9997 ms, used_size=9916416 bytes (24.2%)
(RDMA_READ_CONSUME_CHECK_CONSUMER) timestamp=9997 ms, used_size=9914368 bytes (24.2%)
(RDMA_READ_CONSUME_CHECK_CONSUMER) timestamp=9997 ms, used_size=9912320 bytes (24.2%)
(RDMA_READ_CONSUME_CHECK_CONSUMER) timestamp=9997 ms, used_size=9910272 bytes (24.2%)
(RDMA_READ_CONSUME_CHECK_CONSUMER) timestamp=9997 ms, used_size=9908224 bytes (24.2%)
(RDMA_READ_CONSUME_CHECK_CONSUMER) timestamp=9997 ms, used_size=9906176 bytes (24.2%)
(RDMA_READ_CONSUME_CHECK_CONSUMER) timestamp=9997 ms, used_size=9904128 bytes (24.2%)
(RDMA_READ_CONSUME_CHECK_CONSUMER) timestamp=9997 ms, used_size=9902080 bytes (24.2%)
(RDMA_READ_CONSUME_CHECK_CONSUMER) timestamp=9997 ms, used_size=9900032 bytes (24.2%)
(RDMA_READ_CONSUME_CHECK_CONSUMER) timestamp=9997 ms, used_size=9897984 bytes (24.2%)
(RDMA_READ_CONSUME_CHECK_CONSUMER) timestamp=9997 ms, used_size=9895936 bytes (24.2%)
(RDMA_READ_CONSUME_CHECK_CONSUMER) timestamp=9997 ms, used_size=9893888 bytes (24.2%)
(RDMA_READ_CONSUME_CHECK_CONSUMER) timestamp=9997 ms, used_size=9891840 bytes (24.1%)
(RDMA_READ_CONSUME_CHECK_CONSUMER) timestamp=9997 ms, used_size=9889792 bytes (24.1%)
(RDMA_READ_CONSUME_CHECK_CONSUMER) timestamp=9997 ms, used_size=9887744 bytes (24.1%)
(RDMA_READ_CONSUME_CHECK_CONSUMER) timestamp=9997 ms, used_size=9885696 bytes (24.1%)
(RDMA_READ_CONSUME_CHECK_CONSUMER) timestamp=9997 ms, used_size=9883648 bytes (24.1%)
(RDMA_READ_CONSUME_CHECK_CONSUMER) timestamp=9997 ms, used_size=9881600 bytes (24.1%)
(RDMA_READ_CONSUME_CHECK_CONSUMER) timestamp=9997 ms, used_size=9879552 bytes (24.1%)
(RDMA_READ_CONSUME_CHECK_CONSUMER) timestamp=9997 ms, used_size=9877504 bytes (24.1%)
(RDMA_READ_CONSUME_CHECK_CONSUMER) timestamp=9997 ms, used_size=9875456 bytes (24.1%)
(RDMA_READ_CONSUME_CHECK_CONSUMER) timestamp=9997 ms, used_size=9873408 bytes (24.1%)
(RDMA_READ_CONSUME_CHECK_CONSUMER) timestamp=9997 ms, used_size=9871360 bytes (24.1%)
(RDMA_READ_CONSUME_CHECK_CONSUMER) timestamp=9997 ms, used_size=9869312 bytes (24.1%)
(RDMA_READ_CONSUME_CHECK_CONSUMER) timestamp=9997 ms, used_size=9867264 bytes (24.1%)
(RDMA_READ_CONSUME_CHECK_CONSUMER) timestamp=9997 ms, used_size=9865216 bytes (24.1%)
(RDMA_READ_CONSUME_CHECK_CONSUMER) timestamp=9997 ms, used_size=9863168 bytes (24.1%)
(RDMA_READ_CONSUME_CHECK_CONSUMER) timestamp=9997 ms, used_size=9861120 bytes (24.1%)
(RDMA_READ_CONSUME_CHECK_CONSUMER) timestamp=9997 ms, used_size=9859072 bytes (24.1%)
(RDMA_READ_CONSUME_CHECK_CONSUMER) timestamp=9997 ms, used_size=9857024 bytes (24.1%)
(RDMA_READ_CONSUME_CHECK_CONSUMER) timestamp=9997 ms, used_size=9854976 bytes (24.1%)
(RDMA_READ_CONSUME_CHECK_CONSUMER) timestamp=9997 ms, used_size=9852928 bytes (24.1%)
(RDMA_READ_CONSUME_CHECK_CONSUMER) timestamp=9997 ms, used_size=9850880 bytes (24.1%)
(RDMA_READ_CONSUME_CHECK_CONSUMER) timestamp=9997 ms, used_size=9848832 bytes (24.0%)
(RDMA_READ_CONSUME_CHECK_CONSUMER) timestamp=9997 ms, used_size=9846784 bytes (24.0%)
(RDMA_READ_CONSUME_CHECK_CONSUMER) timestamp=9997 ms, used_size=9844736 bytes (24.0%)
(RDMA_READ_CONSUME_CHECK_CONSUMER) timestamp=9997 ms, used_size=9842688 bytes (24.0%)
(RDMA_READ_CONSUME_CHECK_CONSUMER) timestamp=9997 ms, used_size=9840640 bytes (24.0%)
(RDMA_READ_CONSUME_CHECK_CONSUMER) timestamp=9997 ms, used_size=9838592 bytes (24.0%)
(RDMA_READ_CONSUME_CHECK_CONSUMER) timestamp=9997 ms, used_size=9836544 bytes (24.0%)
(RDMA_READ_CONSUME_CHECK_CONSUMER) timestamp=9997 ms, used_size=9834496 bytes (24.0%)
(RDMA_READ_CONSUME_CHECK_CONSUMER) timestamp=9997 ms, used_size=9832448 bytes (24.0%)
(RDMA_READ_CONSUME_CHECK_CONSUMER) timestamp=9997 ms, used_size=9830400 bytes (24.0%)
(RDMA_READ_CONSUME_CHECK_CONSUMER) timestamp=9997 ms, used_size=9828352 bytes (24.0%)
(RDMA_READ_CONSUME_CHECK_CONSUMER) timestamp=9997 ms, used_size=9826304 bytes (24.0%)
(RDMA_READ_CONSUME_CHECK_CONSUMER) timestamp=9997 ms, used_size=9824256 bytes (24.0%)
(RDMA_READ_CONSUME_CHECK_CONSUMER) timestamp=9997 ms, used_size=9822208 bytes (24.0%)
(RDMA_READ_CONSUME_CHECK_CONSUMER) timestamp=9997 ms, used_size=9820160 bytes (24.0%)
(RDMA_READ_CONSUME_CHECK_CONSUMER) timestamp=9997 ms, used_size=9818112 bytes (24.0%)
(RDMA_READ_CONSUME_CHECK_CONSUMER) timestamp=9997 ms, used_size=9816064 bytes (24.0%)
(RDMA_READ_CONSUME_CHECK_CONSUMER) timestamp=9997 ms, used_size=9814016 bytes (24.0%)
(RDMA_READ_CONSUME_CHECK_CONSUMER) timestamp=9997 ms, used_size=9811968 bytes (24.0%)
(RDMA_READ_CONSUME_CHECK_CONSUMER) timestamp=9997 ms, used_size=9809920 bytes (23.9%)
(RDMA_READ_CONSUME_CHECK_CONSUMER) timestamp=9997 ms, used_size=9807872 bytes (23.9%)
(RDMA_READ_CONSUME_CHECK_CONSUMER) timestamp=9997 ms, used_size=9805824 bytes (23.9%)
(RDMA_READ_CONSUME_CHECK_CONSUMER) timestamp=9997 ms, used_size=9803776 bytes (23.9%)
(RDMA_READ_CONSUME_CHECK_CONSUMER) timestamp=9997 ms, used_size=9801728 bytes (23.9%)
(RDMA_READ_CONSUME_CHECK_CONSUMER) timestamp=9997 ms, used_size=9799680 bytes (23.9%)
(RDMA_READ_CONSUME_CHECK_CONSUMER) timestamp=9997 ms, used_size=9797632 bytes (23.9%)
(RDMA_READ_CONSUME_CHECK_CONSUMER) timestamp=9997 ms, used_size=9795584 bytes (23.9%)
(RDMA_READ_CONSUME_CHECK_CONSUMER) timestamp=9997 ms, used_size=9793536 bytes (23.9%)
(RDMA_READ_CONSUME_CHECK_CONSUMER) timestamp=9997 ms, used_size=9791488 bytes (23.9%)
(RDMA_READ_CONSUME_CHECK_CONSUMER) timestamp=9997 ms, used_size=9789440 bytes (23.9%)
(RDMA_READ_CONSUME_CHECK_CONSUMER) timestamp=9997 ms, used_size=9787392 bytes (23.9%)
(RDMA_READ_CONSUME_CHECK_CONSUMER) timestamp=9997 ms, used_size=9785344 bytes (23.9%)
(RDMA_READ_CONSUME_CHECK_CONSUMER) timestamp=9997 ms, used_size=9783296 bytes (23.9%)
(RDMA_READ_CONSUME_CHECK_CONSUMER) timestamp=9997 ms, used_size=9781248 bytes (23.9%)
(RDMA_READ_CONSUME_CHECK_CONSUMER) timestamp=9997 ms, used_size=9779200 bytes (23.9%)
(RDMA_READ_CONSUME_CHECK_CONSUMER) timestamp=9997 ms, used_size=9777152 bytes (23.9%)
(RDMA_READ_CONSUME_CHECK_CONSUMER) timestamp=9997 ms, used_size=9775104 bytes (23.9%)
(RDMA_READ_CONSUME_CHECK_CONSUMER) timestamp=9997 ms, used_size=9773056 bytes (23.9%)
(RDMA_READ_CONSUME_CHECK_CONSUMER) timestamp=9997 ms, used_size=9771008 bytes (23.9%)
(RDMA_READ_CONSUME_CHECK_CONSUMER) timestamp=9997 ms, used_size=9768960 bytes (23.9%)
(RDMA_READ_CONSUME_CHECK_CONSUMER) timestamp=9997 ms, used_size=9766912 bytes (23.8%)
(RDMA_READ_CONSUME_CHECK_CONSUMER) timestamp=9997 ms, used_size=9764864 bytes (23.8%)
(RDMA_READ_CONSUME_CHECK_CONSUMER) timestamp=9997 ms, used_size=9762816 bytes (23.8%)
(RDMA_READ_CONSUME_CHECK_CONSUMER) timestamp=9997 ms, used_size=9760768 bytes (23.8%)
(RDMA_READ_CONSUME_CHECK_CONSUMER) timestamp=9997 ms, used_size=9758720 bytes (23.8%)
(RDMA_READ_CONSUME_CHECK_CONSUMER) timestamp=9997 ms, used_size=9756672 bytes (23.8%)
(RDMA_READ_CONSUME_CHECK_CONSUMER) timestamp=9997 ms, used_size=9754624 bytes (23.8%)
(RDMA_READ_CONSUME_CHECK_CONSUMER) timestamp=9997 ms, used_size=9752576 bytes (23.8%)
(RDMA_READ_CONSUME_CHECK_CONSUMER) timestamp=9997 ms, used_size=9750528 bytes (23.8%)
(RDMA_READ_CONSUME_CHECK_CONSUMER) timestamp=9997 ms, used_size=9748480 bytes (23.8%)
(RDMA_READ_CONSUME_CHECK_CONSUMER) timestamp=9997 ms, used_size=9746432 bytes (23.8%)
(RDMA_READ_CONSUME_CHECK_CONSUMER) timestamp=9998 ms, used_size=9744384 bytes (23.8%)
(RDMA_READ_CONSUME_CHECK_CONSUMER) timestamp=9998 ms, used_size=9742336 bytes (23.8%)
(RDMA_READ_CONSUME_CHECK_CONSUMER) timestamp=9998 ms, used_size=9740288 bytes (23.8%)
(RDMA_READ_CONSUME_CHECK_CONSUMER) timestamp=9998 ms, used_size=9738240 bytes (23.8%)
(RDMA_READ_CONSUME_CHECK_CONSUMER) timestamp=9998 ms, used_size=9736192 bytes (23.8%)
(RDMA_READ_CONSUME_CHECK_CONSUMER) timestamp=9998 ms, used_size=9734144 bytes (23.8%)
(RDMA_READ_CONSUME_CHECK_CONSUMER) timestamp=9998 ms, used_size=9732096 bytes (23.8%)
(RDMA_READ_CONSUME_CHECK_CONSUMER) timestamp=9998 ms, used_size=9730048 bytes (23.8%)
(RDMA_READ_CONSUME_CHECK_CONSUMER) timestamp=9998 ms, used_size=9728000 bytes (23.8%)
(RDMA_READ_CONSUME_CHECK_CONSUMER) timestamp=9998 ms, used_size=9725952 bytes (23.7%)
(RDMA_READ_CONSUME_CHECK_CONSUMER) timestamp=9998 ms, used_size=9723904 bytes (23.7%)
(RDMA_READ_CONSUME_CHECK_CONSUMER) timestamp=9998 ms, used_size=9721856 bytes (23.7%)
(RDMA_READ_CONSUME_CHECK_CONSUMER) timestamp=9998 ms, used_size=9719808 bytes (23.7%)
(RDMA_READ_CONSUME_CHECK_CONSUMER) timestamp=9998 ms, used_size=9717760 bytes (23.7%)
(RDMA_READ_CONSUME_CHECK_CONSUMER) timestamp=9998 ms, used_size=9715712 bytes (23.7%)
(RDMA_READ_CONSUME_CHECK_CONSUMER) timestamp=9998 ms, used_size=9713664 bytes (23.7%)
(RDMA_READ_CONSUME_CHECK_CONSUMER) timestamp=9998 ms, used_size=9711616 bytes (23.7%)
(RDMA_READ_CONSUME_CHECK_CONSUMER) timestamp=9998 ms, used_size=9709568 bytes (23.7%)
(RDMA_READ_CONSUME_CHECK_CONSUMER) timestamp=9998 ms, used_size=9707520 bytes (23.7%)
(RDMA_READ_CONSUME_CHECK_CONSUMER) timestamp=9998 ms, used_size=9705472 bytes (23.7%)
(RDMA_READ_CONSUME_CHECK_CONSUMER) timestamp=9998 ms, used_size=9703424 bytes (23.7%)
(RDMA_READ_CONSUME_CHECK_CONSUMER) timestamp=9998 ms, used_size=9701376 bytes (23.7%)
(RDMA_READ_CONSUME_CHECK_CONSUMER) timestamp=9998 ms, used_size=9699328 bytes (23.7%)
(RDMA_READ_CONSUME_CHECK_CONSUMER) timestamp=9998 ms, used_size=9697280 bytes (23.7%)
(RDMA_READ_CONSUME_CHECK_CONSUMER) timestamp=9998 ms, used_size=9695232 bytes (23.7%)
(RDMA_READ_CONSUME_CHECK_CONSUMER) timestamp=9998 ms, used_size=9693184 bytes (23.7%)
(RDMA_READ_CONSUME_CHECK_CONSUMER) timestamp=9998 ms, used_size=9691136 bytes (23.7%)
(RDMA_READ_CONSUME_CHECK_CONSUMER) timestamp=9998 ms, used_size=9689088 bytes (23.7%)
(RDMA_READ_CONSUME_CHECK_CONSUMER) timestamp=9998 ms, used_size=9687040 bytes (23.6%)
(RDMA_READ_CONSUME_CHECK_CONSUMER) timestamp=9998 ms, used_size=9684992 bytes (23.6%)
(RDMA_READ_CONSUME_CHECK_CONSUMER) timestamp=9998 ms, used_size=9682944 bytes (23.6%)
(RDMA_READ_CONSUME_CHECK_CONSUMER) timestamp=9998 ms, used_size=9680896 bytes (23.6%)
(RDMA_READ_CONSUME_CHECK_CONSUMER) timestamp=9998 ms, used_size=9678848 bytes (23.6%)
(RDMA_READ_CONSUME_CHECK_CONSUMER) timestamp=9998 ms, used_size=9676800 bytes (23.6%)
(RDMA_READ_CONSUME_CHECK_CONSUMER) timestamp=9998 ms, used_size=9674752 bytes (23.6%)
(RDMA_READ_CONSUME_CHECK_CONSUMER) timestamp=9998 ms, used_size=9672704 bytes (23.6%)
(RDMA_READ_CONSUME_CHECK_CONSUMER) timestamp=9998 ms, used_size=9670656 bytes (23.6%)
(RDMA_READ_CONSUME_CHECK_CONSUMER) timestamp=9998 ms, used_size=9668608 bytes (23.6%)
(RDMA_READ_CONSUME_CHECK_CONSUMER) timestamp=9998 ms, used_size=9666560 bytes (23.6%)
(RDMA_READ_CONSUME_CHECK_CONSUMER) timestamp=9998 ms, used_size=9664512 bytes (23.6%)
(RDMA_READ_CONSUME_CHECK_CONSUMER) timestamp=9998 ms, used_size=9662464 bytes (23.6%)
(RDMA_READ_CONSUME_CHECK_CONSUMER) timestamp=9998 ms, used_size=9660416 bytes (23.6%)
(RDMA_READ_CONSUME_CHECK_CONSUMER) timestamp=9998 ms, used_size=9658368 bytes (23.6%)
(RDMA_READ_CONSUME_CHECK_CONSUMER) timestamp=9998 ms, used_size=9656320 bytes (23.6%)
(RDMA_READ_CONSUME_CHECK_CONSUMER) timestamp=9998 ms, used_size=9654272 bytes (23.6%)
(RDMA_READ_CONSUME_CHECK_CONSUMER) timestamp=9998 ms, used_size=9652224 bytes (23.6%)
(RDMA_READ_CONSUME_CHECK_CONSUMER) timestamp=9998 ms, used_size=9650176 bytes (23.6%)
(RDMA_READ_CONSUME_CHECK_CONSUMER) timestamp=9998 ms, used_size=9648128 bytes (23.6%)
(RDMA_READ_CONSUME_CHECK_CONSUMER) timestamp=9998 ms, used_size=9646080 bytes (23.6%)
(RDMA_READ_CONSUME_CHECK_CONSUMER) timestamp=9998 ms, used_size=9644032 bytes (23.5%)
(RDMA_READ_CONSUME_CHECK_CONSUMER) timestamp=9998 ms, used_size=9641984 bytes (23.5%)
(RDMA_READ_CONSUME_CHECK_CONSUMER) timestamp=9998 ms, used_size=9639936 bytes (23.5%)
(RDMA_READ_CONSUME_CHECK_CONSUMER) timestamp=9998 ms, used_size=9637888 bytes (23.5%)
(RDMA_READ_CONSUME_CHECK_CONSUMER) timestamp=9998 ms, used_size=9635840 bytes (23.5%)
(RDMA_READ_CONSUME_CHECK_CONSUMER) timestamp=9998 ms, used_size=9633792 bytes (23.5%)
(RDMA_READ_CONSUME_CHECK_CONSUMER) timestamp=9998 ms, used_size=9631744 bytes (23.5%)
(RDMA_READ_CONSUME_CHECK_CONSUMER) timestamp=9998 ms, used_size=9629696 bytes (23.5%)
(RDMA_READ_CONSUME_CHECK_CONSUMER) timestamp=9998 ms, used_size=9627648 bytes (23.5%)
(RDMA_READ_CONSUME_CHECK_CONSUMER) timestamp=9998 ms, used_size=9625600 bytes (23.5%)
(RDMA_READ_CONSUME_CHECK_CONSUMER) timestamp=9998 ms, used_size=9623552 bytes (23.5%)
(RDMA_READ_CONSUME_CHECK_CONSUMER) timestamp=9998 ms, used_size=9621504 bytes (23.5%)
(RDMA_READ_CONSUME_CHECK_CONSUMER) timestamp=9998 ms, used_size=9619456 bytes (23.5%)
(RDMA_READ_CONSUME_CHECK_CONSUMER) timestamp=9998 ms, used_size=9617408 bytes (23.5%)
(RDMA_READ_CONSUME_CHECK_CONSUMER) timestamp=9998 ms, used_size=9615360 bytes (23.5%)
(RDMA_READ_CONSUME_CHECK_CONSUMER) timestamp=9998 ms, used_size=9613312 bytes (23.5%)
(RDMA_READ_CONSUME_CHECK_CONSUMER) timestamp=9998 ms, used_size=9611264 bytes (23.5%)
(RDMA_READ_CONSUME_CHECK_CONSUMER) timestamp=9998 ms, used_size=9609216 bytes (23.5%)
(RDMA_READ_CONSUME_CHECK_CONSUMER) timestamp=9998 ms, used_size=9607168 bytes (23.5%)
(RDMA_READ_CONSUME_CHECK_CONSUMER) timestamp=9998 ms, used_size=9605120 bytes (23.4%)
(RDMA_READ_CONSUME_CHECK_CONSUMER) timestamp=9998 ms, used_size=9603072 bytes (23.4%)
(RDMA_READ_CONSUME_CHECK_CONSUMER) timestamp=9998 ms, used_size=9601024 bytes (23.4%)
(RDMA_READ_CONSUME_CHECK_CONSUMER) timestamp=9998 ms, used_size=9598976 bytes (23.4%)
(RDMA_READ_CONSUME_CHECK_CONSUMER) timestamp=9998 ms, used_size=9596928 bytes (23.4%)
(RDMA_READ_CONSUME_CHECK_CONSUMER) timestamp=9998 ms, used_size=9594880 bytes (23.4%)
(RDMA_READ_CONSUME_CHECK_CONSUMER) timestamp=9998 ms, used_size=9592832 bytes (23.4%)
(RDMA_READ_CONSUME_CHECK_CONSUMER) timestamp=9998 ms, used_size=9590784 bytes (23.4%)
(RDMA_READ_CONSUME_CHECK_CONSUMER) timestamp=9998 ms, used_size=9588736 bytes (23.4%)
(RDMA_READ_CONSUME_CHECK_CONSUMER) timestamp=9998 ms, used_size=9586688 bytes (23.4%)
(RDMA_READ_CONSUME_CHECK_CONSUMER) timestamp=9998 ms, used_size=9584640 bytes (23.4%)
(RDMA_READ_CONSUME_CHECK_CONSUMER) timestamp=9998 ms, used_size=9582592 bytes (23.4%)
(RDMA_READ_CONSUME_CHECK_CONSUMER) timestamp=9998 ms, used_size=9580544 bytes (23.4%)
(RDMA_READ_CONSUME_CHECK_CONSUMER) timestamp=9998 ms, used_size=9578496 bytes (23.4%)
(RDMA_READ_CONSUME_CHECK_CONSUMER) timestamp=9998 ms, used_size=9576448 bytes (23.4%)
(RDMA_READ_CONSUME_CHECK_CONSUMER) timestamp=9998 ms, used_size=9574400 bytes (23.4%)
(RDMA_READ_CONSUME_CHECK_CONSUMER) timestamp=9998 ms, used_size=9572352 bytes (23.4%)
(RDMA_READ_CONSUME_CHECK_CONSUMER) timestamp=9998 ms, used_size=9570304 bytes (23.4%)
(RDMA_READ_CONSUME_CHECK_CONSUMER) timestamp=9998 ms, used_size=9568256 bytes (23.4%)
(RDMA_READ_CONSUME_CHECK_CONSUMER) timestamp=9998 ms, used_size=9566208 bytes (23.4%)
(RDMA_READ_CONSUME_CHECK_CONSUMER) timestamp=9998 ms, used_size=9564160 bytes (23.4%)
(RDMA_READ_CONSUME_CHECK_CONSUMER) timestamp=9998 ms, used_size=9562112 bytes (23.3%)
(RDMA_READ_CONSUME_CHECK_CONSUMER) timestamp=9998 ms, used_size=9560064 bytes (23.3%)
(RDMA_READ_CONSUME_CHECK_CONSUMER) timestamp=9998 ms, used_size=9558016 bytes (23.3%)
(RDMA_READ_CONSUME_CHECK_CONSUMER) timestamp=9998 ms, used_size=9555968 bytes (23.3%)
(RDMA_READ_CONSUME_CHECK_CONSUMER) timestamp=9998 ms, used_size=9553920 bytes (23.3%)
(RDMA_READ_CONSUME_CHECK_CONSUMER) timestamp=9998 ms, used_size=9551872 bytes (23.3%)
(RDMA_READ_CONSUME_CHECK_CONSUMER) timestamp=9998 ms, used_size=9549824 bytes (23.3%)
(RDMA_READ_CONSUME_CHECK_CONSUMER) timestamp=9998 ms, used_size=9547776 bytes (23.3%)
(RDMA_READ_CONSUME_CHECK_CONSUMER) timestamp=9998 ms, used_size=9545728 bytes (23.3%)
(RDMA_READ_CONSUME_CHECK_CONSUMER) timestamp=9998 ms, used_size=9543680 bytes (23.3%)
(RDMA_READ_CONSUME_CHECK_CONSUMER) timestamp=9998 ms, used_size=9541632 bytes (23.3%)
(RDMA_READ_CONSUME_CHECK_CONSUMER) timestamp=9998 ms, used_size=9539584 bytes (23.3%)
(RDMA_READ_CONSUME_CHECK_CONSUMER) timestamp=9998 ms, used_size=9537536 bytes (23.3%)
(RDMA_READ_CONSUME_CHECK_CONSUMER) timestamp=9998 ms, used_size=9535488 bytes (23.3%)
(RDMA_READ_CONSUME_CHECK_CONSUMER) timestamp=9998 ms, used_size=9533440 bytes (23.3%)
(RDMA_READ_CONSUME_CHECK_CONSUMER) timestamp=9998 ms, used_size=9531392 bytes (23.3%)
(RDMA_READ_CONSUME_CHECK_CONSUMER) timestamp=9998 ms, used_size=9529344 bytes (23.3%)
(RDMA_READ_CONSUME_CHECK_CONSUMER) timestamp=9998 ms, used_size=9527296 bytes (23.3%)
(RDMA_READ_CONSUME_CHECK_CONSUMER) timestamp=9998 ms, used_size=9525248 bytes (23.3%)
(RDMA_READ_CONSUME_CHECK_CONSUMER) timestamp=9998 ms, used_size=9523200 bytes (23.2%)
(RDMA_READ_CONSUME_CHECK_CONSUMER) timestamp=9998 ms, used_size=9521152 bytes (23.2%)
(RDMA_READ_CONSUME_CHECK_CONSUMER) timestamp=9998 ms, used_size=9519104 bytes (23.2%)
(RDMA_READ_CONSUME_CHECK_CONSUMER) timestamp=9998 ms, used_size=9517056 bytes (23.2%)
(RDMA_READ_CONSUME_CHECK_CONSUMER) timestamp=9998 ms, used_size=9515008 bytes (23.2%)
(RDMA_READ_CONSUME_CHECK_CONSUMER) timestamp=9998 ms, used_size=9512960 bytes (23.2%)
(RDMA_READ_CONSUME_CHECK_CONSUMER) timestamp=9998 ms, used_size=9510912 bytes (23.2%)
(RDMA_READ_CONSUME_CHECK_CONSUMER) timestamp=9998 ms, used_size=9508864 bytes (23.2%)
(RDMA_READ_CONSUME_CHECK_CONSUMER) timestamp=9998 ms, used_size=9506816 bytes (23.2%)
(RDMA_READ_CONSUME_CHECK_CONSUMER) timestamp=9998 ms, used_size=9504768 bytes (23.2%)
(RDMA_READ_CONSUME_CHECK_CONSUMER) timestamp=9998 ms, used_size=9502720 bytes (23.2%)
(RDMA_READ_CONSUME_CHECK_CONSUMER) timestamp=9998 ms, used_size=9500672 bytes (23.2%)
(RDMA_READ_CONSUME_CHECK_CONSUMER) timestamp=9998 ms, used_size=9498624 bytes (23.2%)
(RDMA_READ_CONSUME_CHECK_CONSUMER) timestamp=9998 ms, used_size=9496576 bytes (23.2%)
(RDMA_READ_CONSUME_CHECK_CONSUMER) timestamp=9998 ms, used_size=9494528 bytes (23.2%)
(RDMA_READ_CONSUME_CHECK_CONSUMER) timestamp=9998 ms, used_size=9492480 bytes (23.2%)
(RDMA_READ_CONSUME_CHECK_CONSUMER) timestamp=9998 ms, used_size=9490432 bytes (23.2%)
(RDMA_READ_CONSUME_CHECK_CONSUMER) timestamp=9998 ms, used_size=9488384 bytes (23.2%)
(RDMA_READ_CONSUME_CHECK_CONSUMER) timestamp=9998 ms, used_size=9486336 bytes (23.2%)
(RDMA_READ_CONSUME_CHECK_CONSUMER) timestamp=9998 ms, used_size=9484288 bytes (23.2%)
(RDMA_READ_CONSUME_CHECK_CONSUMER) timestamp=9998 ms, used_size=9482240 bytes (23.1%)
(RDMA_READ_CONSUME_CHECK_CONSUMER) timestamp=9998 ms, used_size=9480192 bytes (23.1%)
(RDMA_READ_CONSUME_CHECK_CONSUMER) timestamp=9998 ms, used_size=9478144 bytes (23.1%)
(RDMA_READ_CONSUME_CHECK_CONSUMER) timestamp=9998 ms, used_size=9476096 bytes (23.1%)
(RDMA_READ_CONSUME_CHECK_CONSUMER) timestamp=9998 ms, used_size=9474048 bytes (23.1%)
(RDMA_READ_CONSUME_CHECK_CONSUMER) timestamp=9998 ms, used_size=9472000 bytes (23.1%)
(RDMA_READ_CONSUME_CHECK_CONSUMER) timestamp=9998 ms, used_size=9469952 bytes (23.1%)
(RDMA_READ_CONSUME_CHECK_CONSUMER) timestamp=9998 ms, used_size=9467904 bytes (23.1%)
(RDMA_READ_CONSUME_CHECK_CONSUMER) timestamp=9998 ms, used_size=9465856 bytes (23.1%)
(RDMA_READ_CONSUME_CHECK_CONSUMER) timestamp=9998 ms, used_size=9463808 bytes (23.1%)
(RDMA_READ_CONSUME_CHECK_CONSUMER) timestamp=9998 ms, used_size=9461760 bytes (23.1%)
(RDMA_READ_CONSUME_CHECK_CONSUMER) timestamp=9998 ms, used_size=9459712 bytes (23.1%)
(RDMA_READ_CONSUME_CHECK_CONSUMER) timestamp=9998 ms, used_size=9457664 bytes (23.1%)
(RDMA_READ_CONSUME_CHECK_CONSUMER) timestamp=9998 ms, used_size=9455616 bytes (23.1%)
(RDMA_READ_CONSUME_CHECK_CONSUMER) timestamp=9998 ms, used_size=9453568 bytes (23.1%)
(RDMA_READ_CONSUME_CHECK_CONSUMER) timestamp=9998 ms, used_size=9451520 bytes (23.1%)
(RDMA_READ_CONSUME_CHECK_CONSUMER) timestamp=9998 ms, used_size=9449472 bytes (23.1%)
(RDMA_READ_CONSUME_CHECK_CONSUMER) timestamp=9998 ms, used_size=9447424 bytes (23.1%)
(RDMA_READ_CONSUME_CHECK_CONSUMER) timestamp=9998 ms, used_size=9445376 bytes (23.1%)
(RDMA_READ_CONSUME_CHECK_CONSUMER) timestamp=9998 ms, used_size=9443328 bytes (23.1%)
(RDMA_READ_CONSUME_CHECK_CONSUMER) timestamp=9998 ms, used_size=9441280 bytes (23.1%)
(RDMA_READ_CONSUME_CHECK_CONSUMER) timestamp=9998 ms, used_size=9439232 bytes (23.0%)
(RDMA_READ_CONSUME_CHECK_CONSUMER) timestamp=9998 ms, used_size=9437184 bytes (23.0%)
(RDMA_READ_CONSUME_CHECK_CONSUMER) timestamp=9998 ms, used_size=9435136 bytes (23.0%)
(RDMA_READ_CONSUME_CHECK_CONSUMER) timestamp=9998 ms, used_size=9433088 bytes (23.0%)
(RDMA_READ_CONSUME_CHECK_CONSUMER) timestamp=9998 ms, used_size=9431040 bytes (23.0%)
(RDMA_READ_CONSUME_CHECK_CONSUMER) timestamp=9998 ms, used_size=9428992 bytes (23.0%)
(RDMA_READ_CONSUME_CHECK_CONSUMER) timestamp=9998 ms, used_size=9426944 bytes (23.0%)
(RDMA_READ_CONSUME_CHECK_CONSUMER) timestamp=9998 ms, used_size=9424896 bytes (23.0%)
(RDMA_READ_CONSUME_CHECK_CONSUMER) timestamp=9998 ms, used_size=9422848 bytes (23.0%)
(RDMA_READ_CONSUME_CHECK_CONSUMER) timestamp=9998 ms, used_size=9420800 bytes (23.0%)
(RDMA_READ_CONSUME_CHECK_CONSUMER) timestamp=9998 ms, used_size=9418752 bytes (23.0%)
(RDMA_READ_CONSUME_CHECK_CONSUMER) timestamp=9998 ms, used_size=9416704 bytes (23.0%)
(RDMA_READ_CONSUME_CHECK_CONSUMER) timestamp=9998 ms, used_size=9414656 bytes (23.0%)
(RDMA_READ_CONSUME_CHECK_CONSUMER) timestamp=9998 ms, used_size=9412608 bytes (23.0%)
(RDMA_READ_CONSUME_CHECK_CONSUMER) timestamp=9998 ms, used_size=9410560 bytes (23.0%)
(RDMA_READ_CONSUME_CHECK_CONSUMER) timestamp=9999 ms, used_size=9408512 bytes (23.0%)
(RDMA_READ_CONSUME_CHECK_CONSUMER) timestamp=9999 ms, used_size=9406464 bytes (23.0%)
(RDMA_READ_CONSUME_CHECK_CONSUMER) timestamp=9999 ms, used_size=9404416 bytes (23.0%)
(RDMA_READ_CONSUME_CHECK_CONSUMER) timestamp=9999 ms, used_size=9402368 bytes (23.0%)
(RDMA_READ_CONSUME_CHECK_CONSUMER) timestamp=9999 ms, used_size=9400320 bytes (22.9%)
(RDMA_READ_CONSUME_CHECK_CONSUMER) timestamp=9999 ms, used_size=9398272 bytes (22.9%)
(RDMA_READ_CONSUME_CHECK_CONSUMER) timestamp=9999 ms, used_size=9396224 bytes (22.9%)
(RDMA_READ_CONSUME_CHECK_CONSUMER) timestamp=9999 ms, used_size=9394176 bytes (22.9%)
(RDMA_READ_CONSUME_CHECK_CONSUMER) timestamp=9999 ms, used_size=9392128 bytes (22.9%)
(RDMA_READ_CONSUME_CHECK_CONSUMER) timestamp=9999 ms, used_size=9390080 bytes (22.9%)
(RDMA_READ_CONSUME_CHECK_CONSUMER) timestamp=9999 ms, used_size=9388032 bytes (22.9%)
(RDMA_READ_CONSUME_CHECK_CONSUMER) timestamp=9999 ms, used_size=9385984 bytes (22.9%)
(RDMA_READ_CONSUME_CHECK_CONSUMER) timestamp=9999 ms, used_size=9383936 bytes (22.9%)
(RDMA_READ_CONSUME_CHECK_CONSUMER) timestamp=9999 ms, used_size=9381888 bytes (22.9%)
(RDMA_READ_CONSUME_CHECK_CONSUMER) timestamp=9999 ms, used_size=9379840 bytes (22.9%)
(RDMA_READ_CONSUME_CHECK_CONSUMER) timestamp=9999 ms, used_size=9377792 bytes (22.9%)
(RDMA_READ_CONSUME_CHECK_CONSUMER) timestamp=9999 ms, used_size=9375744 bytes (22.9%)
(RDMA_READ_CONSUME_CHECK_CONSUMER) timestamp=9999 ms, used_size=9373696 bytes (22.9%)
(RDMA_READ_CONSUME_CHECK_CONSUMER) timestamp=9999 ms, used_size=9371648 bytes (22.9%)
(RDMA_READ_CONSUME_CHECK_CONSUMER) timestamp=9999 ms, used_size=9369600 bytes (22.9%)
(RDMA_READ_CONSUME_CHECK_CONSUMER) timestamp=9999 ms, used_size=9367552 bytes (22.9%)
(RDMA_READ_CONSUME_CHECK_CONSUMER) timestamp=9999 ms, used_size=9365504 bytes (22.9%)
(RDMA_READ_CONSUME_CHECK_CONSUMER) timestamp=9999 ms, used_size=9363456 bytes (22.9%)
(RDMA_READ_CONSUME_CHECK_CONSUMER) timestamp=9999 ms, used_size=9361408 bytes (22.9%)
(RDMA_READ_CONSUME_CHECK_CONSUMER) timestamp=9999 ms, used_size=9359360 bytes (22.9%)
(RDMA_READ_CONSUME_CHECK_CONSUMER) timestamp=9999 ms, used_size=9357312 bytes (22.8%)
(RDMA_READ_CONSUME_CHECK_CONSUMER) timestamp=9999 ms, used_size=9355264 bytes (22.8%)
(RDMA_READ_CONSUME_CHECK_CONSUMER) timestamp=9999 ms, used_size=9353216 bytes (22.8%)
(RDMA_READ_CONSUME_CHECK_CONSUMER) timestamp=9999 ms, used_size=9351168 bytes (22.8%)
(RDMA_READ_CONSUME_CHECK_CONSUMER) timestamp=9999 ms, used_size=9349120 bytes (22.8%)
(RDMA_READ_CONSUME_CHECK_CONSUMER) timestamp=9999 ms, used_size=9347072 bytes (22.8%)
(RDMA_READ_CONSUME_CHECK_CONSUMER) timestamp=9999 ms, used_size=9345024 bytes (22.8%)
(RDMA_READ_CONSUME_CHECK_CONSUMER) timestamp=9999 ms, used_size=9342976 bytes (22.8%)
(RDMA_READ_CONSUME_CHECK_CONSUMER) timestamp=9999 ms, used_size=9340928 bytes (22.8%)
(RDMA_READ_CONSUME_CHECK_CONSUMER) timestamp=9999 ms, used_size=9338880 bytes (22.8%)
(RDMA_READ_CONSUME_CHECK_CONSUMER) timestamp=9999 ms, used_size=9336832 bytes (22.8%)
(RDMA_READ_CONSUME_CHECK_CONSUMER) timestamp=9999 ms, used_size=9334784 bytes (22.8%)
(RDMA_READ_CONSUME_CHECK_CONSUMER) timestamp=9999 ms, used_size=9332736 bytes (22.8%)
(RDMA_READ_CONSUME_CHECK_CONSUMER) timestamp=9999 ms, used_size=9330688 bytes (22.8%)
(RDMA_READ_CONSUME_CHECK_CONSUMER) timestamp=9999 ms, used_size=9328640 bytes (22.8%)
(RDMA_READ_CONSUME_CHECK_CONSUMER) timestamp=9999 ms, used_size=9326592 bytes (22.8%)
(RDMA_READ_CONSUME_CHECK_CONSUMER) timestamp=9999 ms, used_size=9324544 bytes (22.8%)
(RDMA_READ_CONSUME_CHECK_CONSUMER) timestamp=9999 ms, used_size=9322496 bytes (22.8%)
(RDMA_READ_CONSUME_CHECK_CONSUMER) timestamp=9999 ms, used_size=9320448 bytes (22.8%)
(RDMA_READ_CONSUME_CHECK_CONSUMER) timestamp=9999 ms, used_size=9318400 bytes (22.8%)
(RDMA_READ_CONSUME_CHECK_CONSUMER) timestamp=9999 ms, used_size=9316352 bytes (22.7%)
(RDMA_READ_CONSUME_CHECK_CONSUMER) timestamp=9999 ms, used_size=9314304 bytes (22.7%)
(RDMA_READ_CONSUME_CHECK_CONSUMER) timestamp=9999 ms, used_size=9312256 bytes (22.7%)
(RDMA_READ_CONSUME_CHECK_CONSUMER) timestamp=9999 ms, used_size=9310208 bytes (22.7%)
(RDMA_READ_CONSUME_CHECK_CONSUMER) timestamp=9999 ms, used_size=9308160 bytes (22.7%)
(RDMA_READ_CONSUME_CHECK_CONSUMER) timestamp=9999 ms, used_size=9306112 bytes (22.7%)
(RDMA_READ_CONSUME_CHECK_CONSUMER) timestamp=9999 ms, used_size=9304064 bytes (22.7%)
(RDMA_READ_CONSUME_CHECK_CONSUMER) timestamp=9999 ms, used_size=9302016 bytes (22.7%)
(RDMA_READ_CONSUME_CHECK_CONSUMER) timestamp=9999 ms, used_size=9299968 bytes (22.7%)
(RDMA_READ_CONSUME_CHECK_CONSUMER) timestamp=9999 ms, used_size=9297920 bytes (22.7%)
(RDMA_READ_CONSUME_CHECK_CONSUMER) timestamp=9999 ms, used_size=9295872 bytes (22.7%)
(RDMA_READ_CONSUME_CHECK_CONSUMER) timestamp=9999 ms, used_size=9293824 bytes (22.7%)
(RDMA_READ_CONSUME_CHECK_CONSUMER) timestamp=9999 ms, used_size=9291776 bytes (22.7%)
(RDMA_READ_CONSUME_CHECK_CONSUMER) timestamp=9999 ms, used_size=9289728 bytes (22.7%)
(RDMA_READ_CONSUME_CHECK_CONSUMER) timestamp=9999 ms, used_size=9287680 bytes (22.7%)
(RDMA_READ_CONSUME_CHECK_CONSUMER) timestamp=9999 ms, used_size=9285632 bytes (22.7%)
(RDMA_READ_CONSUME_CHECK_CONSUMER) timestamp=9999 ms, used_size=9283584 bytes (22.7%)
(RDMA_READ_CONSUME_CHECK_CONSUMER) timestamp=9999 ms, used_size=9281536 bytes (22.7%)
(RDMA_READ_CONSUME_CHECK_CONSUMER) timestamp=9999 ms, used_size=9279488 bytes (22.7%)
(RDMA_READ_CONSUME_CHECK_CONSUMER) timestamp=9999 ms, used_size=9277440 bytes (22.6%)
(RDMA_READ_CONSUME_CHECK_CONSUMER) timestamp=9999 ms, used_size=9275392 bytes (22.6%)
(RDMA_READ_CONSUME_CHECK_CONSUMER) timestamp=9999 ms, used_size=9273344 bytes (22.6%)
(RDMA_READ_CONSUME_CHECK_CONSUMER) timestamp=9999 ms, used_size=9271296 bytes (22.6%)
(RDMA_READ_CONSUME_CHECK_CONSUMER) timestamp=9999 ms, used_size=9269248 bytes (22.6%)
(RDMA_READ_CONSUME_CHECK_CONSUMER) timestamp=9999 ms, used_size=9267200 bytes (22.6%)
(RDMA_READ_CONSUME_CHECK_CONSUMER) timestamp=9999 ms, used_size=9265152 bytes (22.6%)
(RDMA_READ_CONSUME_CHECK_CONSUMER) timestamp=9999 ms, used_size=9263104 bytes (22.6%)
(RDMA_READ_CONSUME_CHECK_CONSUMER) timestamp=9999 ms, used_size=9261056 bytes (22.6%)
(RDMA_READ_CONSUME_CHECK_CONSUMER) timestamp=9999 ms, used_size=9259008 bytes (22.6%)
(RDMA_READ_CONSUME_CHECK_CONSUMER) timestamp=9999 ms, used_size=9256960 bytes (22.6%)
(RDMA_READ_CONSUME_CHECK_CONSUMER) timestamp=9999 ms, used_size=9254912 bytes (22.6%)
(RDMA_READ_CONSUME_CHECK_CONSUMER) timestamp=9999 ms, used_size=9252864 bytes (22.6%)
(RDMA_READ_CONSUME_CHECK_CONSUMER) timestamp=9999 ms, used_size=9250816 bytes (22.6%)
(RDMA_READ_CONSUME_CHECK_CONSUMER) timestamp=9999 ms, used_size=9248768 bytes (22.6%)
(RDMA_READ_CONSUME_CHECK_CONSUMER) timestamp=9999 ms, used_size=9246720 bytes (22.6%)
(RDMA_READ_CONSUME_CHECK_CONSUMER) timestamp=9999 ms, used_size=9244672 bytes (22.6%)
(RDMA_READ_CONSUME_CHECK_CONSUMER) timestamp=9999 ms, used_size=9242624 bytes (22.6%)
(RDMA_READ_CONSUME_CHECK_CONSUMER) timestamp=9999 ms, used_size=9240576 bytes (22.6%)
(RDMA_READ_CONSUME_CHECK_CONSUMER) timestamp=9999 ms, used_size=9238528 bytes (22.6%)
(RDMA_READ_CONSUME_CHECK_CONSUMER) timestamp=9999 ms, used_size=9236480 bytes (22.6%)
(RDMA_READ_CONSUME_CHECK_CONSUMER) timestamp=9999 ms, used_size=9234432 bytes (22.5%)
(RDMA_READ_CONSUME_CHECK_CONSUMER) timestamp=9999 ms, used_size=9232384 bytes (22.5%)
(RDMA_READ_CONSUME_CHECK_CONSUMER) timestamp=9999 ms, used_size=9230336 bytes (22.5%)
(RDMA_READ_CONSUME_CHECK_CONSUMER) timestamp=9999 ms, used_size=9228288 bytes (22.5%)
(RDMA_READ_CONSUME_CHECK_CONSUMER) timestamp=9999 ms, used_size=9226240 bytes (22.5%)
(RDMA_READ_CONSUME_CHECK_CONSUMER) timestamp=9999 ms, used_size=9224192 bytes (22.5%)
(RDMA_READ_CONSUME_CHECK_CONSUMER) timestamp=9999 ms, used_size=9222144 bytes (22.5%)
(RDMA_READ_CONSUME_CHECK_CONSUMER) timestamp=9999 ms, used_size=9220096 bytes (22.5%)
(RDMA_READ_CONSUME_CHECK_CONSUMER) timestamp=9999 ms, used_size=9218048 bytes (22.5%)
(RDMA_READ_CONSUME_CHECK_CONSUMER) timestamp=9999 ms, used_size=9216000 bytes (22.5%)
(RDMA_READ_CONSUME_CHECK_CONSUMER) timestamp=9999 ms, used_size=9213952 bytes (22.5%)
(RDMA_READ_CONSUME_CHECK_CONSUMER) timestamp=9999 ms, used_size=9211904 bytes (22.5%)
(RDMA_READ_CONSUME_CHECK_CONSUMER) timestamp=9999 ms, used_size=9209856 bytes (22.5%)
(RDMA_READ_CONSUME_CHECK_CONSUMER) timestamp=9999 ms, used_size=9207808 bytes (22.5%)
(RDMA_READ_CONSUME_CHECK_CONSUMER) timestamp=9999 ms, used_size=9205760 bytes (22.5%)
(RDMA_READ_CONSUME_CHECK_CONSUMER) timestamp=9999 ms, used_size=9203712 bytes (22.5%)
(RDMA_READ_CONSUME_CHECK_CONSUMER) timestamp=9999 ms, used_size=9201664 bytes (22.5%)
(RDMA_READ_CONSUME_CHECK_CONSUMER) timestamp=9999 ms, used_size=9199616 bytes (22.5%)
(RDMA_READ_CONSUME_CHECK_CONSUMER) timestamp=9999 ms, used_size=9197568 bytes (22.5%)
(RDMA_READ_CONSUME_CHECK_CONSUMER) timestamp=9999 ms, used_size=9195520 bytes (22.4%)
(RDMA_READ_CONSUME_CHECK_CONSUMER) timestamp=9999 ms, used_size=9193472 bytes (22.4%)
(RDMA_READ_CONSUME_CHECK_CONSUMER) timestamp=9999 ms, used_size=9191424 bytes (22.4%)
(RDMA_READ_CONSUME_CHECK_CONSUMER) timestamp=9999 ms, used_size=9189376 bytes (22.4%)
(RDMA_READ_CONSUME_CHECK_CONSUMER) timestamp=9999 ms, used_size=9187328 bytes (22.4%)
(RDMA_READ_CONSUME_CHECK_CONSUMER) timestamp=9999 ms, used_size=9185280 bytes (22.4%)
(RDMA_READ_CONSUME_CHECK_CONSUMER) timestamp=9999 ms, used_size=9183232 bytes (22.4%)
(RDMA_READ_CONSUME_CHECK_CONSUMER) timestamp=9999 ms, used_size=9181184 bytes (22.4%)
(RDMA_READ_CONSUME_CHECK_CONSUMER) timestamp=9999 ms, used_size=9179136 bytes (22.4%)
(RDMA_READ_CONSUME_CHECK_CONSUMER) timestamp=9999 ms, used_size=9177088 bytes (22.4%)
(RDMA_READ_CONSUME_CHECK_CONSUMER) timestamp=9999 ms, used_size=9175040 bytes (22.4%)
(RDMA_READ_CONSUME_CHECK_CONSUMER) timestamp=9999 ms, used_size=9172992 bytes (22.4%)
(RDMA_READ_CONSUME_CHECK_CONSUMER) timestamp=9999 ms, used_size=9170944 bytes (22.4%)
(RDMA_READ_CONSUME_CHECK_CONSUMER) timestamp=9999 ms, used_size=9168896 bytes (22.4%)
(RDMA_READ_CONSUME_CHECK_CONSUMER) timestamp=9999 ms, used_size=9166848 bytes (22.4%)
(RDMA_READ_CONSUME_CHECK_CONSUMER) timestamp=9999 ms, used_size=9164800 bytes (22.4%)
(RDMA_READ_CONSUME_CHECK_CONSUMER) timestamp=9999 ms, used_size=9162752 bytes (22.4%)
(RDMA_READ_CONSUME_CHECK_CONSUMER) timestamp=9999 ms, used_size=9160704 bytes (22.4%)
(RDMA_READ_CONSUME_CHECK_CONSUMER) timestamp=9999 ms, used_size=9158656 bytes (22.4%)
(RDMA_READ_CONSUME_CHECK_CONSUMER) timestamp=9999 ms, used_size=9156608 bytes (22.4%)
(RDMA_READ_CONSUME_CHECK_CONSUMER) timestamp=9999 ms, used_size=9154560 bytes (22.4%)
(RDMA_READ_CONSUME_CHECK_CONSUMER) timestamp=9999 ms, used_size=9152512 bytes (22.3%)
(RDMA_READ_CONSUME_CHECK_CONSUMER) timestamp=9999 ms, used_size=9150464 bytes (22.3%)
(RDMA_READ_CONSUME_CHECK_CONSUMER) timestamp=9999 ms, used_size=9148416 bytes (22.3%)
(RDMA_READ_CONSUME_CHECK_CONSUMER) timestamp=9999 ms, used_size=9146368 bytes (22.3%)
(RDMA_READ_CONSUME_CHECK_CONSUMER) timestamp=9999 ms, used_size=9144320 bytes (22.3%)
(RDMA_READ_CONSUME_CHECK_CONSUMER) timestamp=9999 ms, used_size=9142272 bytes (22.3%)
(RDMA_READ_CONSUME_CHECK_CONSUMER) timestamp=9999 ms, used_size=9140224 bytes (22.3%)
(RDMA_READ_CONSUME_CHECK_CONSUMER) timestamp=9999 ms, used_size=9138176 bytes (22.3%)
(RDMA_READ_CONSUME_CHECK_CONSUMER) timestamp=9999 ms, used_size=9136128 bytes (22.3%)
(RDMA_READ_CONSUME_CHECK_CONSUMER) timestamp=9999 ms, used_size=9134080 bytes (22.3%)
(RDMA_READ_CONSUME_CHECK_CONSUMER) timestamp=9999 ms, used_size=9132032 bytes (22.3%)
(RDMA_READ_CONSUME_CHECK_CONSUMER) timestamp=9999 ms, used_size=9129984 bytes (22.3%)
(RDMA_READ_CONSUME_CHECK_CONSUMER) timestamp=9999 ms, used_size=9127936 bytes (22.3%)
(RDMA_READ_CONSUME_CHECK_CONSUMER) timestamp=9999 ms, used_size=9125888 bytes (22.3%)
(RDMA_READ_CONSUME_CHECK_CONSUMER) timestamp=9999 ms, used_size=9123840 bytes (22.3%)
(RDMA_READ_CONSUME_CHECK_CONSUMER) timestamp=9999 ms, used_size=9121792 bytes (22.3%)
(RDMA_READ_CONSUME_CHECK_CONSUMER) timestamp=9999 ms, used_size=9119744 bytes (22.3%)
(RDMA_READ_CONSUME_CHECK_CONSUMER) timestamp=9999 ms, used_size=9117696 bytes (22.3%)
(RDMA_READ_CONSUME_CHECK_CONSUMER) timestamp=9999 ms, used_size=9115648 bytes (22.3%)
(RDMA_READ_CONSUME_CHECK_CONSUMER) timestamp=9999 ms, used_size=9113600 bytes (22.2%)
(RDMA_READ_CONSUME_CHECK_CONSUMER) timestamp=9999 ms, used_size=9111552 bytes (22.2%)
(RDMA_READ_CONSUME_CHECK_CONSUMER) timestamp=9999 ms, used_size=9109504 bytes (22.2%)
(RDMA_READ_CONSUME_CHECK_CONSUMER) timestamp=9999 ms, used_size=9107456 bytes (22.2%)
(RDMA_READ_CONSUME_CHECK_CONSUMER) timestamp=9999 ms, used_size=9105408 bytes (22.2%)
(RDMA_READ_CONSUME_CHECK_CONSUMER) timestamp=9999 ms, used_size=9103360 bytes (22.2%)
(RDMA_READ_CONSUME_CHECK_CONSUMER) timestamp=9999 ms, used_size=9101312 bytes (22.2%)
(RDMA_READ_CONSUME_CHECK_CONSUMER) timestamp=9999 ms, used_size=9099264 bytes (22.2%)
(RDMA_READ_CONSUME_CHECK_CONSUMER) timestamp=9999 ms, used_size=9097216 bytes (22.2%)
(RDMA_READ_CONSUME_CHECK_CONSUMER) timestamp=9999 ms, used_size=9095168 bytes (22.2%)
(RDMA_READ_CONSUME_CHECK_CONSUMER) timestamp=9999 ms, used_size=9093120 bytes (22.2%)
(RDMA_READ_CONSUME_CHECK_CONSUMER) timestamp=9999 ms, used_size=9091072 bytes (22.2%)
(RDMA_READ_CONSUME_CHECK_CONSUMER) timestamp=9999 ms, used_size=9089024 bytes (22.2%)
(RDMA_READ_CONSUME_CHECK_CONSUMER) timestamp=9999 ms, used_size=9086976 bytes (22.2%)
(RDMA_READ_CONSUME_CHECK_CONSUMER) timestamp=9999 ms, used_size=9084928 bytes (22.2%)
(RDMA_READ_CONSUME_CHECK_CONSUMER) timestamp=9999 ms, used_size=9082880 bytes (22.2%)
(RDMA_READ_CONSUME_CHECK_CONSUMER) timestamp=9999 ms, used_size=9080832 bytes (22.2%)
(RDMA_READ_CONSUME_CHECK_CONSUMER) timestamp=9999 ms, used_size=9078784 bytes (22.2%)
(RDMA_READ_CONSUME_CHECK_CONSUMER) timestamp=9999 ms, used_size=9076736 bytes (22.2%)
(RDMA_READ_CONSUME_CHECK_CONSUMER) timestamp=9999 ms, used_size=9074688 bytes (22.2%)
(RDMA_READ_CONSUME_CHECK_CONSUMER) timestamp=9999 ms, used_size=9072640 bytes (22.1%)
(RDMA_READ_CONSUME_CHECK_CONSUMER) timestamp=10000 ms, used_size=9070592 bytes (22.1%)
(RDMA_READ_CONSUME_CHECK_CONSUMER) timestamp=10000 ms, used_size=9068544 bytes (22.1%)
(RDMA_READ_CONSUME_CHECK_CONSUMER) timestamp=10000 ms, used_size=9066496 bytes (22.1%)
(RDMA_READ_CONSUME_CHECK_CONSUMER) timestamp=10000 ms, used_size=9064448 bytes (22.1%)
(RDMA_READ_CONSUME_CHECK_CONSUMER) timestamp=10000 ms, used_size=9062400 bytes (22.1%)
(RDMA_READ_CONSUME_CHECK_CONSUMER) timestamp=10000 ms, used_size=9060352 bytes (22.1%)
(RDMA_READ_CONSUME_CHECK_CONSUMER) timestamp=10000 ms, used_size=9058304 bytes (22.1%)
(RDMA_READ_CONSUME_CHECK_CONSUMER) timestamp=10000 ms, used_size=9056256 bytes (22.1%)
(RDMA_READ_CONSUME_CHECK_CONSUMER) timestamp=10000 ms, used_size=9054208 bytes (22.1%)
(RDMA_READ_CONSUME_CHECK_CONSUMER) timestamp=10000 ms, used_size=9052160 bytes (22.1%)
(RDMA_READ_CONSUME_CHECK_CONSUMER) timestamp=10000 ms, used_size=9050112 bytes (22.1%)
(RDMA_READ_CONSUME_CHECK_CONSUMER) timestamp=10000 ms, used_size=9048064 bytes (22.1%)
(RDMA_READ_CONSUME_CHECK_CONSUMER) timestamp=10000 ms, used_size=9046016 bytes (22.1%)
(RDMA_READ_CONSUME_CHECK_CONSUMER) timestamp=10000 ms, used_size=9043968 bytes (22.1%)
(RDMA_READ_CONSUME_CHECK_CONSUMER) timestamp=10000 ms, used_size=9041920 bytes (22.1%)
(RDMA_READ_CONSUME_CHECK_CONSUMER) timestamp=10000 ms, used_size=9039872 bytes (22.1%)
(RDMA_READ_CONSUME_CHECK_CONSUMER) timestamp=10000 ms, used_size=9037824 bytes (22.1%)
(RDMA_READ_CONSUME_CHECK_CONSUMER) timestamp=10000 ms, used_size=9035776 bytes (22.1%)
(RDMA_READ_CONSUME_CHECK_CONSUMER) timestamp=10000 ms, used_size=9033728 bytes (22.1%)
(RDMA_READ_CONSUME_CHECK_CONSUMER) timestamp=10000 ms, used_size=9031680 bytes (22.1%)
(RDMA_READ_CONSUME_CHECK_CONSUMER) timestamp=10000 ms, used_size=9029632 bytes (22.0%)
(RDMA_READ_CONSUME_CHECK_CONSUMER) timestamp=10000 ms, used_size=9027584 bytes (22.0%)
(RDMA_READ_CONSUME_CHECK_CONSUMER) timestamp=10000 ms, used_size=9025536 bytes (22.0%)
(RDMA_READ_CONSUME_CHECK_CONSUMER) timestamp=10000 ms, used_size=9023488 bytes (22.0%)
(RDMA_READ_CONSUME_CHECK_CONSUMER) timestamp=10000 ms, used_size=9021440 bytes (22.0%)
(RDMA_READ_CONSUME_CHECK_CONSUMER) timestamp=10000 ms, used_size=9019392 bytes (22.0%)
(RDMA_READ_CONSUME_CHECK_CONSUMER) timestamp=10000 ms, used_size=9017344 bytes (22.0%)
(RDMA_READ_CONSUME_CHECK_CONSUMER) timestamp=10000 ms, used_size=9015296 bytes (22.0%)
(RDMA_READ_CONSUME_CHECK_CONSUMER) timestamp=10000 ms, used_size=9013248 bytes (22.0%)
(RDMA_READ_CONSUME_CHECK_CONSUMER) timestamp=10000 ms, used_size=9011200 bytes (22.0%)
(RDMA_READ_CONSUME_CHECK_CONSUMER) timestamp=10000 ms, used_size=9009152 bytes (22.0%)
(RDMA_READ_CONSUME_CHECK_CONSUMER) timestamp=10000 ms, used_size=9007104 bytes (22.0%)
(RDMA_READ_CONSUME_CHECK_CONSUMER) timestamp=10000 ms, used_size=9005056 bytes (22.0%)
(RDMA_READ_CONSUME_CHECK_CONSUMER) timestamp=10000 ms, used_size=9003008 bytes (22.0%)
(RDMA_READ_CONSUME_CHECK_CONSUMER) timestamp=10000 ms, used_size=9000960 bytes (22.0%)
(RDMA_READ_CONSUME_CHECK_CONSUMER) timestamp=10000 ms, used_size=8998912 bytes (22.0%)
(RDMA_READ_CONSUME_CHECK_CONSUMER) timestamp=10000 ms, used_size=8996864 bytes (22.0%)
(RDMA_READ_CONSUME_CHECK_CONSUMER) timestamp=10000 ms, used_size=8994816 bytes (22.0%)
(RDMA_READ_CONSUME_CHECK_CONSUMER) timestamp=10000 ms, used_size=8992768 bytes (22.0%)
(RDMA_READ_CONSUME_CHECK_CONSUMER) timestamp=10000 ms, used_size=8990720 bytes (21.9%)
(RDMA_READ_CONSUME_CHECK_CONSUMER) timestamp=10000 ms, used_size=8988672 bytes (21.9%)
(RDMA_READ_CONSUME_CHECK_CONSUMER) timestamp=10000 ms, used_size=8986624 bytes (21.9%)
(RDMA_READ_CONSUME_CHECK_CONSUMER) timestamp=10000 ms, used_size=8984576 bytes (21.9%)
(RDMA_READ_CONSUME_CHECK_CONSUMER) timestamp=10000 ms, used_size=8982528 bytes (21.9%)
(RDMA_READ_CONSUME_CHECK_CONSUMER) timestamp=10000 ms, used_size=8980480 bytes (21.9%)
(RDMA_READ_CONSUME_CHECK_CONSUMER) timestamp=10000 ms, used_size=8978432 bytes (21.9%)
(RDMA_READ_CONSUME_CHECK_CONSUMER) timestamp=10000 ms, used_size=8976384 bytes (21.9%)
(RDMA_READ_CONSUME_CHECK_CONSUMER) timestamp=10000 ms, used_size=8974336 bytes (21.9%)
(RDMA_READ_CONSUME_CHECK_CONSUMER) timestamp=10000 ms, used_size=8972288 bytes (21.9%)
(RDMA_READ_CONSUME_CHECK_CONSUMER) timestamp=10000 ms, used_size=8970240 bytes (21.9%)
(RDMA_READ_CONSUME_CHECK_CONSUMER) timestamp=10000 ms, used_size=8968192 bytes (21.9%)
(RDMA_READ_CONSUME_CHECK_CONSUMER) timestamp=10000 ms, used_size=8966144 bytes (21.9%)
(RDMA_READ_CONSUME_CHECK_CONSUMER) timestamp=10000 ms, used_size=8964096 bytes (21.9%)
(RDMA_READ_CONSUME_CHECK_CONSUMER) timestamp=10000 ms, used_size=8962048 bytes (21.9%)
(RDMA_READ_CONSUME_CHECK_CONSUMER) timestamp=10000 ms, used_size=8960000 bytes (21.9%)
(RDMA_READ_CONSUME_CHECK_CONSUMER) timestamp=10000 ms, used_size=8957952 bytes (21.9%)
(RDMA_READ_CONSUME_CHECK_CONSUMER) timestamp=10000 ms, used_size=8955904 bytes (21.9%)
(RDMA_READ_CONSUME_CHECK_CONSUMER) timestamp=10000 ms, used_size=8953856 bytes (21.9%)
(RDMA_READ_CONSUME_CHECK_CONSUMER) timestamp=10000 ms, used_size=8951808 bytes (21.9%)
(RDMA_READ_CONSUME_CHECK_CONSUMER) timestamp=10000 ms, used_size=8949760 bytes (21.9%)
(RDMA_READ_CONSUME_CHECK_CONSUMER) timestamp=10000 ms, used_size=8947712 bytes (21.8%)
(RDMA_READ_CONSUME_CHECK_CONSUMER) timestamp=10000 ms, used_size=8945664 bytes (21.8%)
(RDMA_READ_CONSUME_CHECK_CONSUMER) timestamp=10000 ms, used_size=8943616 bytes (21.8%)
(RDMA_READ_CONSUME_CHECK_CONSUMER) timestamp=10000 ms, used_size=8941568 bytes (21.8%)
(RDMA_READ_CONSUME_CHECK_CONSUMER) timestamp=10000 ms, used_size=8939520 bytes (21.8%)
(RDMA_READ_CONSUME_CHECK_CONSUMER) timestamp=10000 ms, used_size=8937472 bytes (21.8%)
(RDMA_READ_CONSUME_CHECK_CONSUMER) timestamp=10000 ms, used_size=8935424 bytes (21.8%)
(RDMA_READ_CONSUME_CHECK_CONSUMER) timestamp=10000 ms, used_size=8933376 bytes (21.8%)
(RDMA_READ_CONSUME_CHECK_CONSUMER) timestamp=10000 ms, used_size=8931328 bytes (21.8%)
(RDMA_READ_CONSUME_CHECK_CONSUMER) timestamp=10000 ms, used_size=8929280 bytes (21.8%)
(RDMA_READ_CONSUME_CHECK_CONSUMER) timestamp=10000 ms, used_size=8927232 bytes (21.8%)
(RDMA_READ_CONSUME_CHECK_CONSUMER) timestamp=10000 ms, used_size=8925184 bytes (21.8%)
(RDMA_READ_CONSUME_CHECK_CONSUMER) timestamp=10000 ms, used_size=8923136 bytes (21.8%)
(RDMA_READ_CONSUME_CHECK_CONSUMER) timestamp=10000 ms, used_size=8921088 bytes (21.8%)
(RDMA_READ_CONSUME_CHECK_CONSUMER) timestamp=10000 ms, used_size=8919040 bytes (21.8%)
(RDMA_READ_CONSUME_CHECK_CONSUMER) timestamp=10000 ms, used_size=8916992 bytes (21.8%)
(RDMA_READ_CONSUME_CHECK_CONSUMER) timestamp=10000 ms, used_size=8914944 bytes (21.8%)
(RDMA_READ_CONSUME_CHECK_CONSUMER) timestamp=10000 ms, used_size=8912896 bytes (21.8%)
(RDMA_READ_CONSUME_CHECK_CONSUMER) timestamp=10000 ms, used_size=8910848 bytes (21.8%)
(RDMA_READ_CONSUME_CHECK_CONSUMER) timestamp=10000 ms, used_size=8908800 bytes (21.8%)
(RDMA_READ_CONSUME_CHECK_CONSUMER) timestamp=10000 ms, used_size=8906752 bytes (21.7%)
(RDMA_READ_CONSUME_CHECK_CONSUMER) timestamp=10000 ms, used_size=8904704 bytes (21.7%)
(RDMA_READ_CONSUME_CHECK_CONSUMER) timestamp=10000 ms, used_size=8902656 bytes (21.7%)
(RDMA_READ_CONSUME_CHECK_CONSUMER) timestamp=10000 ms, used_size=8900608 bytes (21.7%)
(RDMA_READ_CONSUME_CHECK_CONSUMER) timestamp=10000 ms, used_size=8898560 bytes (21.7%)
(RDMA_READ_CONSUME_CHECK_CONSUMER) timestamp=10000 ms, used_size=8896512 bytes (21.7%)
(RDMA_READ_CONSUME_CHECK_CONSUMER) timestamp=10000 ms, used_size=8894464 bytes (21.7%)
(RDMA_READ_CONSUME_CHECK_CONSUMER) timestamp=10000 ms, used_size=8892416 bytes (21.7%)
(RDMA_READ_CONSUME_CHECK_CONSUMER) timestamp=10000 ms, used_size=8890368 bytes (21.7%)
(RDMA_READ_CONSUME_CHECK_CONSUMER) timestamp=10000 ms, used_size=8888320 bytes (21.7%)
(RDMA_READ_CONSUME_CHECK_CONSUMER) timestamp=10000 ms, used_size=8886272 bytes (21.7%)
(RDMA_READ_CONSUME_CHECK_CONSUMER) timestamp=10000 ms, used_size=8884224 bytes (21.7%)
(RDMA_READ_CONSUME_CHECK_CONSUMER) timestamp=10000 ms, used_size=8882176 bytes (21.7%)
(RDMA_READ_CONSUME_CHECK_CONSUMER) timestamp=10000 ms, used_size=8880128 bytes (21.7%)
(RDMA_READ_CONSUME_CHECK_CONSUMER) timestamp=10000 ms, used_size=8878080 bytes (21.7%)
(RDMA_READ_CONSUME_CHECK_CONSUMER) timestamp=10000 ms, used_size=8876032 bytes (21.7%)
(RDMA_READ_CONSUME_CHECK_CONSUMER) timestamp=10000 ms, used_size=8873984 bytes (21.7%)
(RDMA_READ_CONSUME_CHECK_CONSUMER) timestamp=10000 ms, used_size=8871936 bytes (21.7%)
(RDMA_READ_CONSUME_CHECK_CONSUMER) timestamp=10000 ms, used_size=8869888 bytes (21.7%)
(RDMA_READ_CONSUME_CHECK_CONSUMER) timestamp=10000 ms, used_size=8867840 bytes (21.6%)
(RDMA_READ_CONSUME_CHECK_CONSUMER) timestamp=10000 ms, used_size=8865792 bytes (21.6%)
(RDMA_READ_CONSUME_CHECK_CONSUMER) timestamp=10000 ms, used_size=8863744 bytes (21.6%)
(RDMA_READ_CONSUME_CHECK_CONSUMER) timestamp=10000 ms, used_size=8861696 bytes (21.6%)
(RDMA_READ_CONSUME_CHECK_CONSUMER) timestamp=10000 ms, used_size=8859648 bytes (21.6%)
(RDMA_READ_CONSUME_CHECK_CONSUMER) timestamp=10000 ms, used_size=8857600 bytes (21.6%)
(RDMA_READ_CONSUME_CHECK_CONSUMER) timestamp=10000 ms, used_size=8855552 bytes (21.6%)
(RDMA_READ_CONSUME_CHECK_CONSUMER) timestamp=10000 ms, used_size=8853504 bytes (21.6%)
(RDMA_READ_CONSUME_CHECK_CONSUMER) timestamp=10000 ms, used_size=8851456 bytes (21.6%)
(RDMA_READ_CONSUME_CHECK_CONSUMER) timestamp=10000 ms, used_size=8849408 bytes (21.6%)
(RDMA_READ_CONSUME_CHECK_CONSUMER) timestamp=10000 ms, used_size=8847360 bytes (21.6%)
(RDMA_READ_CONSUME_CHECK_CONSUMER) timestamp=10000 ms, used_size=8845312 bytes (21.6%)
(RDMA_READ_CONSUME_CHECK_CONSUMER) timestamp=10000 ms, used_size=8843264 bytes (21.6%)
(RDMA_READ_CONSUME_CHECK_CONSUMER) timestamp=10000 ms, used_size=8841216 bytes (21.6%)
(RDMA_READ_CONSUME_CHECK_CONSUMER) timestamp=10000 ms, used_size=8839168 bytes (21.6%)
(RDMA_READ_CONSUME_CHECK_CONSUMER) timestamp=10000 ms, used_size=8837120 bytes (21.6%)
(RDMA_READ_CONSUME_CHECK_CONSUMER) timestamp=10000 ms, used_size=8835072 bytes (21.6%)
(RDMA_READ_CONSUME_CHECK_CONSUMER) timestamp=10000 ms, used_size=8833024 bytes (21.6%)
(RDMA_READ_CONSUME_CHECK_CONSUMER) timestamp=10000 ms, used_size=8830976 bytes (21.6%)
(RDMA_READ_CONSUME_CHECK_CONSUMER) timestamp=10000 ms, used_size=8828928 bytes (21.6%)
(RDMA_READ_CONSUME_CHECK_CONSUMER) timestamp=10000 ms, used_size=8826880 bytes (21.6%)
(RDMA_READ_CONSUME_CHECK_CONSUMER) timestamp=10000 ms, used_size=8824832 bytes (21.5%)
(RDMA_READ_CONSUME_CHECK_CONSUMER) timestamp=10000 ms, used_size=8822784 bytes (21.5%)
(RDMA_READ_CONSUME_CHECK_CONSUMER) timestamp=10000 ms, used_size=8820736 bytes (21.5%)
(RDMA_READ_CONSUME_CHECK_CONSUMER) timestamp=10000 ms, used_size=8818688 bytes (21.5%)
(RDMA_READ_CONSUME_CHECK_CONSUMER) timestamp=10000 ms, used_size=8816640 bytes (21.5%)
(RDMA_READ_CONSUME_CHECK_CONSUMER) timestamp=10000 ms, used_size=8814592 bytes (21.5%)
(RDMA_READ_CONSUME_CHECK_CONSUMER) timestamp=10000 ms, used_size=8812544 bytes (21.5%)
(RDMA_READ_CONSUME_CHECK_CONSUMER) timestamp=10000 ms, used_size=8810496 bytes (21.5%)
(RDMA_READ_CONSUME_CHECK_CONSUMER) timestamp=10000 ms, used_size=8808448 bytes (21.5%)
(RDMA_READ_CONSUME_CHECK_CONSUMER) timestamp=10000 ms, used_size=8806400 bytes (21.5%)
(RDMA_READ_CONSUME_CHECK_CONSUMER) timestamp=10000 ms, used_size=8804352 bytes (21.5%)
(RDMA_READ_CONSUME_CHECK_CONSUMER) timestamp=10000 ms, used_size=8802304 bytes (21.5%)
(RDMA_READ_CONSUME_CHECK_CONSUMER) timestamp=10000 ms, used_size=8800256 bytes (21.5%)
(RDMA_READ_CONSUME_CHECK_CONSUMER) timestamp=10000 ms, used_size=8798208 bytes (21.5%)
(RDMA_READ_CONSUME_CHECK_CONSUMER) timestamp=10000 ms, used_size=8796160 bytes (21.5%)
(RDMA_READ_CONSUME_CHECK_CONSUMER) timestamp=10000 ms, used_size=8794112 bytes (21.5%)
(RDMA_READ_CONSUME_CHECK_CONSUMER) timestamp=10000 ms, used_size=8792064 bytes (21.5%)
(RDMA_READ_CONSUME_CHECK_CONSUMER) timestamp=10000 ms, used_size=8790016 bytes (21.5%)
(RDMA_READ_CONSUME_CHECK_CONSUMER) timestamp=10000 ms, used_size=8787968 bytes (21.5%)
(RDMA_READ_CONSUME_CHECK_CONSUMER) timestamp=10000 ms, used_size=8785920 bytes (21.4%)
(RDMA_READ_CONSUME_CHECK_CONSUMER) timestamp=10000 ms, used_size=8783872 bytes (21.4%)
(RDMA_READ_CONSUME_CHECK_CONSUMER) timestamp=10000 ms, used_size=8781824 bytes (21.4%)
(RDMA_READ_CONSUME_CHECK_CONSUMER) timestamp=10000 ms, used_size=8779776 bytes (21.4%)
(RDMA_READ_CONSUME_CHECK_CONSUMER) timestamp=10000 ms, used_size=8777728 bytes (21.4%)
(RDMA_READ_CONSUME_CHECK_CONSUMER) timestamp=10000 ms, used_size=8775680 bytes (21.4%)
(RDMA_READ_CONSUME_CHECK_CONSUMER) timestamp=10000 ms, used_size=8773632 bytes (21.4%)
(RDMA_READ_CONSUME_CHECK_CONSUMER) timestamp=10000 ms, used_size=8771584 bytes (21.4%)
(RDMA_READ_CONSUME_CHECK_CONSUMER) timestamp=10000 ms, used_size=8769536 bytes (21.4%)
(RDMA_READ_CONSUME_CHECK_CONSUMER) timestamp=10000 ms, used_size=8767488 bytes (21.4%)
(RDMA_READ_CONSUME_CHECK_CONSUMER) timestamp=10000 ms, used_size=8765440 bytes (21.4%)
(RDMA_READ_CONSUME_CHECK_CONSUMER) timestamp=10000 ms, used_size=8763392 bytes (21.4%)
(RDMA_READ_CONSUME_CHECK_CONSUMER) timestamp=10000 ms, used_size=8761344 bytes (21.4%)
(RDMA_READ_CONSUME_CHECK_CONSUMER) timestamp=10000 ms, used_size=8759296 bytes (21.4%)
(RDMA_READ_CONSUME_CHECK_CONSUMER) timestamp=10000 ms, used_size=8757248 bytes (21.4%)
(RDMA_READ_CONSUME_CHECK_CONSUMER) timestamp=10000 ms, used_size=8755200 bytes (21.4%)
(RDMA_READ_CONSUME_CHECK_CONSUMER) timestamp=10000 ms, used_size=8753152 bytes (21.4%)
(RDMA_READ_CONSUME_CHECK_CONSUMER) timestamp=10000 ms, used_size=8751104 bytes (21.4%)
(RDMA_READ_CONSUME_CHECK_CONSUMER) timestamp=10000 ms, used_size=8749056 bytes (21.4%)
(RDMA_READ_CONSUME_CHECK_CONSUMER) timestamp=10000 ms, used_size=8747008 bytes (21.4%)
(RDMA_READ_CONSUME_CHECK_CONSUMER) timestamp=10000 ms, used_size=8744960 bytes (21.4%)
(RDMA_READ_CONSUME_CHECK_CONSUMER) timestamp=10000 ms, used_size=8742912 bytes (21.3%)
(RDMA_READ_CONSUME_CHECK_CONSUMER) timestamp=10000 ms, used_size=8740864 bytes (21.3%)
(RDMA_READ_CONSUME_CHECK_CONSUMER) timestamp=10000 ms, used_size=8738816 bytes (21.3%)
(RDMA_READ_CONSUME_CHECK_CONSUMER) timestamp=10000 ms, used_size=8736768 bytes (21.3%)
(RDMA_READ_CONSUME_CHECK_CONSUMER) timestamp=10000 ms, used_size=8734720 bytes (21.3%)
(RDMA_READ_CONSUME_CHECK_CONSUMER) timestamp=10000 ms, used_size=8732672 bytes (21.3%)
(RDMA_READ_CONSUME_CHECK_CONSUMER) timestamp=10000 ms, used_size=8730624 bytes (21.3%)
(RDMA_READ_CONSUME_CHECK_CONSUMER) timestamp=10000 ms, used_size=8728576 bytes (21.3%)
(RDMA_READ_CONSUME_CHECK_CONSUMER) timestamp=10000 ms, used_size=8726528 bytes (21.3%)
(RDMA_READ_CONSUME_CHECK_CONSUMER) timestamp=10000 ms, used_size=8724480 bytes (21.3%)
(RDMA_READ_CONSUME_CHECK_CONSUMER) timestamp=10000 ms, used_size=8722432 bytes (21.3%)
(RDMA_READ_CONSUME_CHECK_CONSUMER) timestamp=10001 ms, used_size=8720384 bytes (21.3%)
(RDMA_READ_CONSUME_CHECK_CONSUMER) timestamp=10001 ms, used_size=8718336 bytes (21.3%)
(RDMA_READ_CONSUME_CHECK_CONSUMER) timestamp=10001 ms, used_size=8716288 bytes (21.3%)
(RDMA_READ_CONSUME_CHECK_CONSUMER) timestamp=10001 ms, used_size=8714240 bytes (21.3%)
(RDMA_READ_CONSUME_CHECK_CONSUMER) timestamp=10001 ms, used_size=8712192 bytes (21.3%)
(RDMA_READ_CONSUME_CHECK_CONSUMER) timestamp=10001 ms, used_size=8710144 bytes (21.3%)
(RDMA_READ_CONSUME_CHECK_CONSUMER) timestamp=10001 ms, used_size=8708096 bytes (21.3%)
(RDMA_READ_CONSUME_CHECK_CONSUMER) timestamp=10001 ms, used_size=8706048 bytes (21.3%)
(RDMA_READ_CONSUME_CHECK_CONSUMER) timestamp=10001 ms, used_size=8704000 bytes (21.2%)
(RDMA_READ_CONSUME_CHECK_CONSUMER) timestamp=10001 ms, used_size=8701952 bytes (21.2%)
(RDMA_READ_CONSUME_CHECK_CONSUMER) timestamp=10001 ms, used_size=8699904 bytes (21.2%)
(RDMA_READ_CONSUME_CHECK_CONSUMER) timestamp=10001 ms, used_size=8697856 bytes (21.2%)
(RDMA_READ_CONSUME_CHECK_CONSUMER) timestamp=10001 ms, used_size=8695808 bytes (21.2%)
(RDMA_READ_CONSUME_CHECK_CONSUMER) timestamp=10001 ms, used_size=8693760 bytes (21.2%)
(RDMA_READ_CONSUME_CHECK_CONSUMER) timestamp=10001 ms, used_size=8691712 bytes (21.2%)
(RDMA_READ_CONSUME_CHECK_CONSUMER) timestamp=10001 ms, used_size=8689664 bytes (21.2%)
(RDMA_READ_CONSUME_CHECK_CONSUMER) timestamp=10001 ms, used_size=8687616 bytes (21.2%)
(RDMA_READ_CONSUME_CHECK_CONSUMER) timestamp=10001 ms, used_size=8685568 bytes (21.2%)
(RDMA_READ_CONSUME_CHECK_CONSUMER) timestamp=10001 ms, used_size=8683520 bytes (21.2%)
(RDMA_READ_CONSUME_CHECK_CONSUMER) timestamp=10001 ms, used_size=8681472 bytes (21.2%)
(RDMA_READ_CONSUME_CHECK_CONSUMER) timestamp=10001 ms, used_size=8679424 bytes (21.2%)
(RDMA_READ_CONSUME_CHECK_CONSUMER) timestamp=10001 ms, used_size=8677376 bytes (21.2%)
(RDMA_READ_CONSUME_CHECK_CONSUMER) timestamp=10001 ms, used_size=8675328 bytes (21.2%)
(RDMA_READ_CONSUME_CHECK_CONSUMER) timestamp=10001 ms, used_size=8673280 bytes (21.2%)
(RDMA_READ_CONSUME_CHECK_CONSUMER) timestamp=10001 ms, used_size=8671232 bytes (21.2%)
(RDMA_READ_CONSUME_CHECK_CONSUMER) timestamp=10001 ms, used_size=8669184 bytes (21.2%)
(RDMA_READ_CONSUME_CHECK_CONSUMER) timestamp=10001 ms, used_size=8667136 bytes (21.2%)
(RDMA_READ_CONSUME_CHECK_CONSUMER) timestamp=10001 ms, used_size=8665088 bytes (21.2%)
(RDMA_READ_CONSUME_CHECK_CONSUMER) timestamp=10001 ms, used_size=8663040 bytes (21.1%)
(RDMA_READ_CONSUME_CHECK_CONSUMER) timestamp=10001 ms, used_size=8660992 bytes (21.1%)
(RDMA_READ_CONSUME_CHECK_CONSUMER) timestamp=10001 ms, used_size=8658944 bytes (21.1%)
(RDMA_READ_CONSUME_CHECK_CONSUMER) timestamp=10001 ms, used_size=8656896 bytes (21.1%)
(RDMA_READ_CONSUME_CHECK_CONSUMER) timestamp=10001 ms, used_size=8654848 bytes (21.1%)
(RDMA_READ_CONSUME_CHECK_CONSUMER) timestamp=10001 ms, used_size=8652800 bytes (21.1%)
(RDMA_READ_CONSUME_CHECK_CONSUMER) timestamp=10001 ms, used_size=8650752 bytes (21.1%)
(RDMA_READ_CONSUME_CHECK_CONSUMER) timestamp=10001 ms, used_size=8648704 bytes (21.1%)
(RDMA_READ_CONSUME_CHECK_CONSUMER) timestamp=10001 ms, used_size=8646656 bytes (21.1%)
(RDMA_READ_CONSUME_CHECK_CONSUMER) timestamp=10001 ms, used_size=8644608 bytes (21.1%)
(RDMA_READ_CONSUME_CHECK_CONSUMER) timestamp=10001 ms, used_size=8642560 bytes (21.1%)
(RDMA_READ_CONSUME_CHECK_CONSUMER) timestamp=10001 ms, used_size=8640512 bytes (21.1%)
(RDMA_READ_CONSUME_CHECK_CONSUMER) timestamp=10001 ms, used_size=8638464 bytes (21.1%)
(RDMA_READ_CONSUME_CHECK_CONSUMER) timestamp=10001 ms, used_size=8636416 bytes (21.1%)
(RDMA_READ_CONSUME_CHECK_CONSUMER) timestamp=10001 ms, used_size=8634368 bytes (21.1%)
(RDMA_READ_CONSUME_CHECK_CONSUMER) timestamp=10001 ms, used_size=8632320 bytes (21.1%)
(RDMA_READ_CONSUME_CHECK_CONSUMER) timestamp=10001 ms, used_size=8630272 bytes (21.1%)
(RDMA_READ_CONSUME_CHECK_CONSUMER) timestamp=10001 ms, used_size=8628224 bytes (21.1%)
(RDMA_READ_CONSUME_CHECK_CONSUMER) timestamp=10001 ms, used_size=8626176 bytes (21.1%)
(RDMA_READ_CONSUME_CHECK_CONSUMER) timestamp=10001 ms, used_size=8624128 bytes (21.1%)
(RDMA_READ_CONSUME_CHECK_CONSUMER) timestamp=10001 ms, used_size=8622080 bytes (21.1%)
(RDMA_READ_CONSUME_CHECK_CONSUMER) timestamp=10001 ms, used_size=8620032 bytes (21.0%)
(RDMA_READ_CONSUME_CHECK_CONSUMER) timestamp=10001 ms, used_size=8617984 bytes (21.0%)
(RDMA_READ_CONSUME_CHECK_CONSUMER) timestamp=10001 ms, used_size=8615936 bytes (21.0%)
(RDMA_READ_CONSUME_CHECK_CONSUMER) timestamp=10001 ms, used_size=8613888 bytes (21.0%)
(RDMA_READ_CONSUME_CHECK_CONSUMER) timestamp=10001 ms, used_size=8611840 bytes (21.0%)
(RDMA_READ_CONSUME_CHECK_CONSUMER) timestamp=10001 ms, used_size=8609792 bytes (21.0%)
(RDMA_READ_CONSUME_CHECK_CONSUMER) timestamp=10001 ms, used_size=8607744 bytes (21.0%)
(RDMA_READ_CONSUME_CHECK_CONSUMER) timestamp=10001 ms, used_size=8605696 bytes (21.0%)
(RDMA_READ_CONSUME_CHECK_CONSUMER) timestamp=10001 ms, used_size=8603648 bytes (21.0%)
(RDMA_READ_CONSUME_CHECK_CONSUMER) timestamp=10001 ms, used_size=8601600 bytes (21.0%)
(RDMA_READ_CONSUME_CHECK_CONSUMER) timestamp=10001 ms, used_size=8599552 bytes (21.0%)
(RDMA_READ_CONSUME_CHECK_CONSUMER) timestamp=10001 ms, used_size=8597504 bytes (21.0%)
(RDMA_READ_CONSUME_CHECK_CONSUMER) timestamp=10001 ms, used_size=8595456 bytes (21.0%)
(RDMA_READ_CONSUME_CHECK_CONSUMER) timestamp=10001 ms, used_size=8593408 bytes (21.0%)
(RDMA_READ_CONSUME_CHECK_CONSUMER) timestamp=10001 ms, used_size=8591360 bytes (21.0%)
(RDMA_READ_CONSUME_CHECK_CONSUMER) timestamp=10001 ms, used_size=8589312 bytes (21.0%)
(RDMA_READ_CONSUME_CHECK_CONSUMER) timestamp=10001 ms, used_size=8587264 bytes (21.0%)
(RDMA_READ_CONSUME_CHECK_CONSUMER) timestamp=10001 ms, used_size=8585216 bytes (21.0%)
(RDMA_READ_CONSUME_CHECK_CONSUMER) timestamp=10001 ms, used_size=8583168 bytes (21.0%)
(RDMA_READ_CONSUME_CHECK_CONSUMER) timestamp=10001 ms, used_size=8581120 bytes (20.9%)
(RDMA_READ_CONSUME_CHECK_CONSUMER) timestamp=10001 ms, used_size=8579072 bytes (20.9%)
(RDMA_READ_CONSUME_CHECK_CONSUMER) timestamp=10001 ms, used_size=8577024 bytes (20.9%)
(RDMA_READ_CONSUME_CHECK_CONSUMER) timestamp=10001 ms, used_size=8574976 bytes (20.9%)
(RDMA_READ_CONSUME_CHECK_CONSUMER) timestamp=10001 ms, used_size=8572928 bytes (20.9%)
(RDMA_READ_CONSUME_CHECK_CONSUMER) timestamp=10001 ms, used_size=8570880 bytes (20.9%)
(RDMA_READ_CONSUME_CHECK_CONSUMER) timestamp=10001 ms, used_size=8568832 bytes (20.9%)
(RDMA_READ_CONSUME_CHECK_CONSUMER) timestamp=10001 ms, used_size=8566784 bytes (20.9%)
(RDMA_READ_CONSUME_CHECK_CONSUMER) timestamp=10001 ms, used_size=8564736 bytes (20.9%)
(RDMA_READ_CONSUME_CHECK_CONSUMER) timestamp=10001 ms, used_size=8562688 bytes (20.9%)
(RDMA_READ_CONSUME_CHECK_CONSUMER) timestamp=10001 ms, used_size=8560640 bytes (20.9%)
(RDMA_READ_CONSUME_CHECK_CONSUMER) timestamp=10001 ms, used_size=8558592 bytes (20.9%)
(RDMA_READ_CONSUME_CHECK_CONSUMER) timestamp=10001 ms, used_size=8556544 bytes (20.9%)
(RDMA_READ_CONSUME_CHECK_CONSUMER) timestamp=10001 ms, used_size=8554496 bytes (20.9%)
(RDMA_READ_CONSUME_CHECK_CONSUMER) timestamp=10001 ms, used_size=8552448 bytes (20.9%)
(RDMA_READ_CONSUME_CHECK_CONSUMER) timestamp=10001 ms, used_size=8550400 bytes (20.9%)
(RDMA_READ_CONSUME_CHECK_CONSUMER) timestamp=10001 ms, used_size=8548352 bytes (20.9%)
(RDMA_READ_CONSUME_CHECK_CONSUMER) timestamp=10001 ms, used_size=8546304 bytes (20.9%)
(RDMA_READ_CONSUME_CHECK_CONSUMER) timestamp=10001 ms, used_size=8544256 bytes (20.9%)
(RDMA_READ_CONSUME_CHECK_CONSUMER) timestamp=10001 ms, used_size=8542208 bytes (20.9%)
(RDMA_READ_CONSUME_CHECK_CONSUMER) timestamp=10001 ms, used_size=8540160 bytes (20.9%)
(RDMA_READ_CONSUME_CHECK_CONSUMER) timestamp=10001 ms, used_size=8538112 bytes (20.8%)
(RDMA_READ_CONSUME_CHECK_CONSUMER) timestamp=10001 ms, used_size=8536064 bytes (20.8%)
(RDMA_READ_CONSUME_CHECK_CONSUMER) timestamp=10001 ms, used_size=8534016 bytes (20.8%)
(RDMA_READ_CONSUME_CHECK_CONSUMER) timestamp=10001 ms, used_size=8531968 bytes (20.8%)
(RDMA_READ_CONSUME_CHECK_CONSUMER) timestamp=10001 ms, used_size=8529920 bytes (20.8%)
(RDMA_READ_CONSUME_CHECK_CONSUMER) timestamp=10001 ms, used_size=8527872 bytes (20.8%)
(RDMA_READ_CONSUME_CHECK_CONSUMER) timestamp=10001 ms, used_size=8525824 bytes (20.8%)
(RDMA_READ_CONSUME_CHECK_CONSUMER) timestamp=10001 ms, used_size=8523776 bytes (20.8%)
(RDMA_READ_CONSUME_CHECK_CONSUMER) timestamp=10001 ms, used_size=8521728 bytes (20.8%)
(RDMA_READ_CONSUME_CHECK_CONSUMER) timestamp=10001 ms, used_size=8519680 bytes (20.8%)
(RDMA_READ_CONSUME_CHECK_CONSUMER) timestamp=10001 ms, used_size=8517632 bytes (20.8%)
(RDMA_READ_CONSUME_CHECK_CONSUMER) timestamp=10001 ms, used_size=8515584 bytes (20.8%)
(RDMA_READ_CONSUME_CHECK_CONSUMER) timestamp=10001 ms, used_size=8513536 bytes (20.8%)
(RDMA_READ_CONSUME_CHECK_CONSUMER) timestamp=10001 ms, used_size=8511488 bytes (20.8%)
(RDMA_READ_CONSUME_CHECK_CONSUMER) timestamp=10001 ms, used_size=8509440 bytes (20.8%)
(RDMA_READ_CONSUME_CHECK_CONSUMER) timestamp=10001 ms, used_size=8507392 bytes (20.8%)
(RDMA_READ_CONSUME_CHECK_CONSUMER) timestamp=10001 ms, used_size=8505344 bytes (20.8%)
(RDMA_READ_CONSUME_CHECK_CONSUMER) timestamp=10001 ms, used_size=8503296 bytes (20.8%)
(RDMA_READ_CONSUME_CHECK_CONSUMER) timestamp=10001 ms, used_size=8501248 bytes (20.8%)
(RDMA_READ_CONSUME_CHECK_CONSUMER) timestamp=10001 ms, used_size=8499200 bytes (20.8%)
(RDMA_READ_CONSUME_CHECK_CONSUMER) timestamp=10001 ms, used_size=8497152 bytes (20.7%)
(RDMA_READ_CONSUME_CHECK_CONSUMER) timestamp=10001 ms, used_size=8495104 bytes (20.7%)
(RDMA_READ_CONSUME_CHECK_CONSUMER) timestamp=10001 ms, used_size=8493056 bytes (20.7%)
(RDMA_READ_CONSUME_CHECK_CONSUMER) timestamp=10001 ms, used_size=8491008 bytes (20.7%)
(RDMA_READ_CONSUME_CHECK_CONSUMER) timestamp=10001 ms, used_size=8488960 bytes (20.7%)
(RDMA_READ_CONSUME_CHECK_CONSUMER) timestamp=10001 ms, used_size=8486912 bytes (20.7%)
(RDMA_READ_CONSUME_CHECK_CONSUMER) timestamp=10001 ms, used_size=8484864 bytes (20.7%)
(RDMA_READ_CONSUME_CHECK_CONSUMER) timestamp=10001 ms, used_size=8482816 bytes (20.7%)
(RDMA_READ_CONSUME_CHECK_CONSUMER) timestamp=10001 ms, used_size=8480768 bytes (20.7%)
(RDMA_READ_CONSUME_CHECK_CONSUMER) timestamp=10001 ms, used_size=8478720 bytes (20.7%)
(RDMA_READ_CONSUME_CHECK_CONSUMER) timestamp=10001 ms, used_size=8476672 bytes (20.7%)
(RDMA_READ_CONSUME_CHECK_CONSUMER) timestamp=10001 ms, used_size=8474624 bytes (20.7%)
(RDMA_READ_CONSUME_CHECK_CONSUMER) timestamp=10001 ms, used_size=8472576 bytes (20.7%)
(RDMA_READ_CONSUME_CHECK_CONSUMER) timestamp=10001 ms, used_size=8470528 bytes (20.7%)
(RDMA_READ_CONSUME_CHECK_CONSUMER) timestamp=10001 ms, used_size=8468480 bytes (20.7%)
(RDMA_READ_CONSUME_CHECK_CONSUMER) timestamp=10001 ms, used_size=8466432 bytes (20.7%)
(RDMA_READ_CONSUME_CHECK_CONSUMER) timestamp=10001 ms, used_size=8464384 bytes (20.7%)
(RDMA_READ_CONSUME_CHECK_CONSUMER) timestamp=10001 ms, used_size=8462336 bytes (20.7%)
(RDMA_READ_CONSUME_CHECK_CONSUMER) timestamp=10001 ms, used_size=8460288 bytes (20.7%)
(RDMA_READ_CONSUME_CHECK_CONSUMER) timestamp=10001 ms, used_size=8458240 bytes (20.6%)
(RDMA_READ_CONSUME_CHECK_CONSUMER) timestamp=10001 ms, used_size=8456192 bytes (20.6%)
(RDMA_READ_CONSUME_CHECK_CONSUMER) timestamp=10001 ms, used_size=8454144 bytes (20.6%)
(RDMA_READ_CONSUME_CHECK_CONSUMER) timestamp=10001 ms, used_size=8452096 bytes (20.6%)
(RDMA_READ_CONSUME_CHECK_CONSUMER) timestamp=10001 ms, used_size=8450048 bytes (20.6%)
(RDMA_READ_CONSUME_CHECK_CONSUMER) timestamp=10001 ms, used_size=8448000 bytes (20.6%)
(RDMA_READ_CONSUME_CHECK_CONSUMER) timestamp=10001 ms, used_size=8445952 bytes (20.6%)
(RDMA_READ_CONSUME_CHECK_CONSUMER) timestamp=10001 ms, used_size=8443904 bytes (20.6%)
(RDMA_READ_CONSUME_CHECK_CONSUMER) timestamp=10001 ms, used_size=8441856 bytes (20.6%)
(RDMA_READ_CONSUME_CHECK_CONSUMER) timestamp=10001 ms, used_size=8439808 bytes (20.6%)
(RDMA_READ_CONSUME_CHECK_CONSUMER) timestamp=10001 ms, used_size=8437760 bytes (20.6%)
(RDMA_READ_CONSUME_CHECK_CONSUMER) timestamp=10001 ms, used_size=8435712 bytes (20.6%)
(RDMA_READ_CONSUME_CHECK_CONSUMER) timestamp=10001 ms, used_size=8433664 bytes (20.6%)
(RDMA_READ_CONSUME_CHECK_CONSUMER) timestamp=10001 ms, used_size=8431616 bytes (20.6%)
(RDMA_READ_CONSUME_CHECK_CONSUMER) timestamp=10001 ms, used_size=8429568 bytes (20.6%)
(RDMA_READ_CONSUME_CHECK_CONSUMER) timestamp=10001 ms, used_size=8427520 bytes (20.6%)
(RDMA_READ_CONSUME_CHECK_CONSUMER) timestamp=10001 ms, used_size=8425472 bytes (20.6%)
(RDMA_READ_CONSUME_CHECK_CONSUMER) timestamp=10001 ms, used_size=8423424 bytes (20.6%)
(RDMA_READ_CONSUME_CHECK_CONSUMER) timestamp=10001 ms, used_size=8421376 bytes (20.6%)
(RDMA_READ_CONSUME_CHECK_CONSUMER) timestamp=10001 ms, used_size=8419328 bytes (20.6%)
(RDMA_READ_CONSUME_CHECK_CONSUMER) timestamp=10001 ms, used_size=8417280 bytes (20.6%)
(RDMA_READ_CONSUME_CHECK_CONSUMER) timestamp=10001 ms, used_size=8415232 bytes (20.5%)
(RDMA_READ_CONSUME_CHECK_CONSUMER) timestamp=10001 ms, used_size=8413184 bytes (20.5%)
(RDMA_READ_CONSUME_CHECK_CONSUMER) timestamp=10001 ms, used_size=8411136 bytes (20.5%)
(RDMA_READ_CONSUME_CHECK_CONSUMER) timestamp=10001 ms, used_size=8409088 bytes (20.5%)
(RDMA_READ_CONSUME_CHECK_CONSUMER) timestamp=10001 ms, used_size=8407040 bytes (20.5%)
(RDMA_READ_CONSUME_CHECK_CONSUMER) timestamp=10001 ms, used_size=8404992 bytes (20.5%)
(RDMA_READ_CONSUME_CHECK_CONSUMER) timestamp=10001 ms, used_size=8402944 bytes (20.5%)
(RDMA_READ_CONSUME_CHECK_CONSUMER) timestamp=10001 ms, used_size=8400896 bytes (20.5%)
(RDMA_READ_CONSUME_CHECK_CONSUMER) timestamp=10001 ms, used_size=8398848 bytes (20.5%)
(RDMA_READ_CONSUME_CHECK_CONSUMER) timestamp=10001 ms, used_size=8396800 bytes (20.5%)
(RDMA_READ_CONSUME_CHECK_CONSUMER) timestamp=10001 ms, used_size=8394752 bytes (20.5%)
(RDMA_READ_CONSUME_CHECK_CONSUMER) timestamp=10001 ms, used_size=8392704 bytes (20.5%)
(RDMA_READ_CONSUME_CHECK_CONSUMER) timestamp=10001 ms, used_size=8390656 bytes (20.5%)
(RDMA_READ_CONSUME_CHECK_CONSUMER) timestamp=10001 ms, used_size=8388608 bytes (20.5%)
(RDMA_READ_CONSUME_CHECK_CONSUMER) timestamp=10001 ms, used_size=8386560 bytes (20.5%)
(RDMA_READ_CONSUME_CHECK_CONSUMER) timestamp=10001 ms, used_size=8384512 bytes (20.5%)
(RDMA_READ_CONSUME_CHECK_CONSUMER) timestamp=10001 ms, used_size=8382464 bytes (20.5%)
(RDMA_READ_CONSUME_CHECK_CONSUMER) timestamp=10001 ms, used_size=8380416 bytes (20.5%)
(RDMA_READ_CONSUME_CHECK_CONSUMER) timestamp=10001 ms, used_size=8378368 bytes (20.5%)
(RDMA_READ_CONSUME_CHECK_CONSUMER) timestamp=10001 ms, used_size=8376320 bytes (20.4%)
(RDMA_READ_CONSUME_CHECK_CONSUMER) timestamp=10001 ms, used_size=8374272 bytes (20.4%)
(RDMA_READ_CONSUME_CHECK_CONSUMER) timestamp=10002 ms, used_size=8372224 bytes (20.4%)
(RDMA_READ_CONSUME_CHECK_CONSUMER) timestamp=10002 ms, used_size=8370176 bytes (20.4%)
(RDMA_READ_CONSUME_CHECK_CONSUMER) timestamp=10002 ms, used_size=8368128 bytes (20.4%)
(RDMA_READ_CONSUME_CHECK_CONSUMER) timestamp=10002 ms, used_size=8366080 bytes (20.4%)
(RDMA_READ_CONSUME_CHECK_CONSUMER) timestamp=10002 ms, used_size=8364032 bytes (20.4%)
(RDMA_READ_CONSUME_CHECK_CONSUMER) timestamp=10002 ms, used_size=8361984 bytes (20.4%)
(RDMA_READ_CONSUME_CHECK_CONSUMER) timestamp=10002 ms, used_size=8359936 bytes (20.4%)
(RDMA_READ_CONSUME_CHECK_CONSUMER) timestamp=10002 ms, used_size=8357888 bytes (20.4%)
(RDMA_READ_CONSUME_CHECK_CONSUMER) timestamp=10002 ms, used_size=8355840 bytes (20.4%)
(RDMA_READ_CONSUME_CHECK_CONSUMER) timestamp=10002 ms, used_size=8353792 bytes (20.4%)
(RDMA_READ_CONSUME_CHECK_CONSUMER) timestamp=10002 ms, used_size=8351744 bytes (20.4%)
(RDMA_READ_CONSUME_CHECK_CONSUMER) timestamp=10002 ms, used_size=8349696 bytes (20.4%)
(RDMA_READ_CONSUME_CHECK_CONSUMER) timestamp=10002 ms, used_size=8347648 bytes (20.4%)
(RDMA_READ_CONSUME_CHECK_CONSUMER) timestamp=10002 ms, used_size=8345600 bytes (20.4%)
(RDMA_READ_CONSUME_CHECK_CONSUMER) timestamp=10002 ms, used_size=8343552 bytes (20.4%)
(RDMA_READ_CONSUME_CHECK_CONSUMER) timestamp=10002 ms, used_size=8341504 bytes (20.4%)
(RDMA_READ_CONSUME_CHECK_CONSUMER) timestamp=10002 ms, used_size=8339456 bytes (20.4%)
(RDMA_READ_CONSUME_CHECK_CONSUMER) timestamp=10002 ms, used_size=8337408 bytes (20.4%)
(RDMA_READ_CONSUME_CHECK_CONSUMER) timestamp=10002 ms, used_size=8335360 bytes (20.4%)
(RDMA_READ_CONSUME_CHECK_CONSUMER) timestamp=10002 ms, used_size=8333312 bytes (20.3%)
(RDMA_READ_CONSUME_CHECK_CONSUMER) timestamp=10002 ms, used_size=8331264 bytes (20.3%)
(RDMA_READ_CONSUME_CHECK_CONSUMER) timestamp=10002 ms, used_size=8329216 bytes (20.3%)
(RDMA_READ_CONSUME_CHECK_CONSUMER) timestamp=10002 ms, used_size=8327168 bytes (20.3%)
(RDMA_READ_CONSUME_CHECK_CONSUMER) timestamp=10002 ms, used_size=8325120 bytes (20.3%)
(RDMA_READ_CONSUME_CHECK_CONSUMER) timestamp=10002 ms, used_size=8323072 bytes (20.3%)
(RDMA_READ_CONSUME_CHECK_CONSUMER) timestamp=10002 ms, used_size=8321024 bytes (20.3%)
(RDMA_READ_CONSUME_CHECK_CONSUMER) timestamp=10002 ms, used_size=8318976 bytes (20.3%)
(RDMA_READ_CONSUME_CHECK_CONSUMER) timestamp=10002 ms, used_size=8316928 bytes (20.3%)
(RDMA_READ_CONSUME_CHECK_CONSUMER) timestamp=10002 ms, used_size=8314880 bytes (20.3%)
(RDMA_READ_CONSUME_CHECK_CONSUMER) timestamp=10002 ms, used_size=8312832 bytes (20.3%)
(RDMA_READ_CONSUME_CHECK_CONSUMER) timestamp=10002 ms, used_size=8310784 bytes (20.3%)
(RDMA_READ_CONSUME_CHECK_CONSUMER) timestamp=10002 ms, used_size=8308736 bytes (20.3%)
(RDMA_READ_CONSUME_CHECK_CONSUMER) timestamp=10002 ms, used_size=8306688 bytes (20.3%)
(RDMA_READ_CONSUME_CHECK_CONSUMER) timestamp=10002 ms, used_size=8304640 bytes (20.3%)
(RDMA_READ_CONSUME_CHECK_CONSUMER) timestamp=10002 ms, used_size=8302592 bytes (20.3%)
(RDMA_READ_CONSUME_CHECK_CONSUMER) timestamp=10002 ms, used_size=8300544 bytes (20.3%)
(RDMA_READ_CONSUME_CHECK_CONSUMER) timestamp=10002 ms, used_size=8298496 bytes (20.3%)
(RDMA_READ_CONSUME_CHECK_CONSUMER) timestamp=10002 ms, used_size=8296448 bytes (20.3%)
(RDMA_READ_CONSUME_CHECK_CONSUMER) timestamp=10002 ms, used_size=8294400 bytes (20.2%)
(RDMA_READ_CONSUME_CHECK_CONSUMER) timestamp=10002 ms, used_size=8292352 bytes (20.2%)
(RDMA_READ_CONSUME_CHECK_CONSUMER) timestamp=10002 ms, used_size=8290304 bytes (20.2%)
(RDMA_READ_CONSUME_CHECK_CONSUMER) timestamp=10002 ms, used_size=8288256 bytes (20.2%)
(RDMA_READ_CONSUME_CHECK_CONSUMER) timestamp=10002 ms, used_size=8286208 bytes (20.2%)
(RDMA_READ_CONSUME_CHECK_CONSUMER) timestamp=10002 ms, used_size=8284160 bytes (20.2%)
(RDMA_READ_CONSUME_CHECK_CONSUMER) timestamp=10002 ms, used_size=8282112 bytes (20.2%)
(RDMA_READ_CONSUME_CHECK_CONSUMER) timestamp=10002 ms, used_size=8280064 bytes (20.2%)
(RDMA_READ_CONSUME_CHECK_CONSUMER) timestamp=10002 ms, used_size=8278016 bytes (20.2%)
(RDMA_READ_CONSUME_CHECK_CONSUMER) timestamp=10002 ms, used_size=8275968 bytes (20.2%)
(RDMA_READ_CONSUME_CHECK_CONSUMER) timestamp=10002 ms, used_size=8273920 bytes (20.2%)
(RDMA_READ_CONSUME_CHECK_CONSUMER) timestamp=10002 ms, used_size=8271872 bytes (20.2%)
(RDMA_READ_CONSUME_CHECK_CONSUMER) timestamp=10002 ms, used_size=8269824 bytes (20.2%)
(RDMA_READ_CONSUME_CHECK_CONSUMER) timestamp=10002 ms, used_size=8267776 bytes (20.2%)
(RDMA_READ_CONSUME_CHECK_CONSUMER) timestamp=10002 ms, used_size=8265728 bytes (20.2%)
(RDMA_READ_CONSUME_CHECK_CONSUMER) timestamp=10002 ms, used_size=8263680 bytes (20.2%)
(RDMA_READ_CONSUME_CHECK_CONSUMER) timestamp=10002 ms, used_size=8261632 bytes (20.2%)
(RDMA_READ_CONSUME_CHECK_CONSUMER) timestamp=10002 ms, used_size=8259584 bytes (20.2%)
(RDMA_READ_CONSUME_CHECK_CONSUMER) timestamp=10002 ms, used_size=8257536 bytes (20.2%)
(RDMA_READ_CONSUME_CHECK_CONSUMER) timestamp=10002 ms, used_size=8255488 bytes (20.2%)
(RDMA_READ_CONSUME_CHECK_CONSUMER) timestamp=10002 ms, used_size=8253440 bytes (20.1%)
(RDMA_READ_CONSUME_CHECK_CONSUMER) timestamp=10002 ms, used_size=8251392 bytes (20.1%)
(RDMA_READ_CONSUME_CHECK_CONSUMER) timestamp=10002 ms, used_size=8249344 bytes (20.1%)
(RDMA_READ_CONSUME_CHECK_CONSUMER) timestamp=10002 ms, used_size=8247296 bytes (20.1%)
(RDMA_READ_CONSUME_CHECK_CONSUMER) timestamp=10002 ms, used_size=8245248 bytes (20.1%)
(RDMA_READ_CONSUME_CHECK_CONSUMER) timestamp=10002 ms, used_size=8243200 bytes (20.1%)
(RDMA_READ_CONSUME_CHECK_CONSUMER) timestamp=10002 ms, used_size=8241152 bytes (20.1%)
(RDMA_READ_CONSUME_CHECK_CONSUMER) timestamp=10002 ms, used_size=8239104 bytes (20.1%)
(RDMA_READ_CONSUME_CHECK_CONSUMER) timestamp=10002 ms, used_size=8237056 bytes (20.1%)
(RDMA_READ_CONSUME_CHECK_CONSUMER) timestamp=10002 ms, used_size=8235008 bytes (20.1%)
(RDMA_READ_CONSUME_CHECK_CONSUMER) timestamp=10002 ms, used_size=8232960 bytes (20.1%)
(RDMA_READ_CONSUME_CHECK_CONSUMER) timestamp=10002 ms, used_size=8230912 bytes (20.1%)
(RDMA_READ_CONSUME_CHECK_CONSUMER) timestamp=10002 ms, used_size=8228864 bytes (20.1%)
(RDMA_READ_CONSUME_CHECK_CONSUMER) timestamp=10002 ms, used_size=8226816 bytes (20.1%)
(RDMA_READ_CONSUME_CHECK_CONSUMER) timestamp=10002 ms, used_size=8224768 bytes (20.1%)
(RDMA_READ_CONSUME_CHECK_CONSUMER) timestamp=10002 ms, used_size=8222720 bytes (20.1%)
(RDMA_READ_CONSUME_CHECK_CONSUMER) timestamp=10002 ms, used_size=8220672 bytes (20.1%)
(RDMA_READ_CONSUME_CHECK_CONSUMER) timestamp=10002 ms, used_size=8218624 bytes (20.1%)
(RDMA_READ_CONSUME_CHECK_CONSUMER) timestamp=10002 ms, used_size=8216576 bytes (20.1%)
(RDMA_READ_CONSUME_CHECK_CONSUMER) timestamp=10002 ms, used_size=8214528 bytes (20.1%)
(RDMA_READ_CONSUME_CHECK_CONSUMER) timestamp=10002 ms, used_size=8212480 bytes (20.1%)
(RDMA_READ_CONSUME_CHECK_CONSUMER) timestamp=10002 ms, used_size=8210432 bytes (20.0%)
(RDMA_READ_CONSUME_CHECK_CONSUMER) timestamp=10002 ms, used_size=8208384 bytes (20.0%)
(RDMA_READ_CONSUME_CHECK_CONSUMER) timestamp=10002 ms, used_size=8206336 bytes (20.0%)
(RDMA_READ_CONSUME_CHECK_CONSUMER) timestamp=10002 ms, used_size=8204288 bytes (20.0%)
(RDMA_READ_CONSUME_CHECK_CONSUMER) timestamp=10002 ms, used_size=8202240 bytes (20.0%)
(RDMA_READ_CONSUME_CHECK_CONSUMER) timestamp=10002 ms, used_size=8200192 bytes (20.0%)
(RDMA_READ_CONSUME_CHECK_CONSUMER) timestamp=10002 ms, used_size=8198144 bytes (20.0%)
(RDMA_READ_CONSUME_CHECK_CONSUMER) timestamp=10002 ms, used_size=8196096 bytes (20.0%)
(RDMA_READ_CONSUME_CHECK_CONSUMER) timestamp=10002 ms, used_size=8194048 bytes (20.0%)
(RDMA_READ_CONSUME_CHECK_CONSUMER) timestamp=10002 ms, used_size=8192000 bytes (20.0%)
(RDMA_READ_CONSUME_CHECK_CONSUMER) timestamp=10002 ms, used_size=8189952 bytes (20.0%)
(RDMA_READ_CONSUME_CHECK_CONSUMER) timestamp=10002 ms, used_size=8187904 bytes (20.0%)
(RDMA_READ_CONSUME_CHECK_CONSUMER) timestamp=10002 ms, used_size=8185856 bytes (20.0%)
(RDMA_READ_CONSUME_CHECK_CONSUMER) timestamp=10002 ms, used_size=8183808 bytes (20.0%)
(RDMA_READ_CONSUME_CHECK_CONSUMER) timestamp=10002 ms, used_size=8181760 bytes (20.0%)
(RDMA_READ_CONSUME_CHECK_CONSUMER) timestamp=10002 ms, used_size=8179712 bytes (20.0%)
(RDMA_READ_CONSUME_CHECK_CONSUMER) timestamp=10002 ms, used_size=8177664 bytes (20.0%)
(RDMA_READ_CONSUME_CHECK_CONSUMER) timestamp=10002 ms, used_size=8175616 bytes (20.0%)
(RDMA_READ_CONSUME_CHECK_CONSUMER) timestamp=10002 ms, used_size=8173568 bytes (20.0%)
(RDMA_READ_CONSUME_CHECK_CONSUMER) timestamp=10002 ms, used_size=8171520 bytes (19.9%)
(RDMA_READ_CONSUME_CHECK_CONSUMER) timestamp=10002 ms, used_size=8169472 bytes (19.9%)
(RDMA_READ_CONSUME_CHECK_CONSUMER) timestamp=10002 ms, used_size=8167424 bytes (19.9%)
(RDMA_READ_CONSUME_CHECK_CONSUMER) timestamp=10002 ms, used_size=8165376 bytes (19.9%)
(RDMA_READ_CONSUME_CHECK_CONSUMER) timestamp=10002 ms, used_size=8163328 bytes (19.9%)
(RDMA_READ_CONSUME_CHECK_CONSUMER) timestamp=10002 ms, used_size=8161280 bytes (19.9%)
(RDMA_READ_CONSUME_CHECK_CONSUMER) timestamp=10002 ms, used_size=8159232 bytes (19.9%)
(RDMA_READ_CONSUME_CHECK_CONSUMER) timestamp=10002 ms, used_size=8157184 bytes (19.9%)
(RDMA_READ_CONSUME_CHECK_CONSUMER) timestamp=10002 ms, used_size=8155136 bytes (19.9%)
(RDMA_READ_CONSUME_CHECK_CONSUMER) timestamp=10002 ms, used_size=8153088 bytes (19.9%)
(RDMA_READ_CONSUME_CHECK_CONSUMER) timestamp=10002 ms, used_size=8151040 bytes (19.9%)
(RDMA_READ_CONSUME_CHECK_CONSUMER) timestamp=10002 ms, used_size=8148992 bytes (19.9%)
(RDMA_READ_CONSUME_CHECK_CONSUMER) timestamp=10002 ms, used_size=8146944 bytes (19.9%)
(RDMA_READ_CONSUME_CHECK_CONSUMER) timestamp=10002 ms, used_size=8144896 bytes (19.9%)
(RDMA_READ_CONSUME_CHECK_CONSUMER) timestamp=10002 ms, used_size=8142848 bytes (19.9%)
(RDMA_READ_CONSUME_CHECK_CONSUMER) timestamp=10002 ms, used_size=8140800 bytes (19.9%)
(RDMA_READ_CONSUME_CHECK_CONSUMER) timestamp=10002 ms, used_size=8138752 bytes (19.9%)
(RDMA_READ_CONSUME_CHECK_CONSUMER) timestamp=10002 ms, used_size=8136704 bytes (19.9%)
(RDMA_READ_CONSUME_CHECK_CONSUMER) timestamp=10002 ms, used_size=8134656 bytes (19.9%)
(RDMA_READ_CONSUME_CHECK_CONSUMER) timestamp=10002 ms, used_size=8132608 bytes (19.9%)
(RDMA_READ_CONSUME_CHECK_CONSUMER) timestamp=10002 ms, used_size=8130560 bytes (19.9%)
(RDMA_READ_CONSUME_CHECK_CONSUMER) timestamp=10002 ms, used_size=8128512 bytes (19.8%)
(RDMA_READ_CONSUME_CHECK_CONSUMER) timestamp=10002 ms, used_size=8126464 bytes (19.8%)
(RDMA_READ_CONSUME_CHECK_CONSUMER) timestamp=10002 ms, used_size=8124416 bytes (19.8%)
(RDMA_READ_CONSUME_CHECK_CONSUMER) timestamp=10002 ms, used_size=8122368 bytes (19.8%)
(RDMA_READ_CONSUME_CHECK_CONSUMER) timestamp=10002 ms, used_size=8120320 bytes (19.8%)
(RDMA_READ_CONSUME_CHECK_CONSUMER) timestamp=10002 ms, used_size=8118272 bytes (19.8%)
(RDMA_READ_CONSUME_CHECK_CONSUMER) timestamp=10002 ms, used_size=8116224 bytes (19.8%)
(RDMA_READ_CONSUME_CHECK_CONSUMER) timestamp=10002 ms, used_size=8114176 bytes (19.8%)
(RDMA_READ_CONSUME_CHECK_CONSUMER) timestamp=10002 ms, used_size=8112128 bytes (19.8%)
(RDMA_READ_CONSUME_CHECK_CONSUMER) timestamp=10002 ms, used_size=8110080 bytes (19.8%)
(RDMA_READ_CONSUME_CHECK_CONSUMER) timestamp=10002 ms, used_size=8108032 bytes (19.8%)
(RDMA_READ_CONSUME_CHECK_CONSUMER) timestamp=10002 ms, used_size=8105984 bytes (19.8%)
(RDMA_READ_CONSUME_CHECK_CONSUMER) timestamp=10002 ms, used_size=8103936 bytes (19.8%)
(RDMA_READ_CONSUME_CHECK_CONSUMER) timestamp=10002 ms, used_size=8101888 bytes (19.8%)
(RDMA_READ_CONSUME_CHECK_CONSUMER) timestamp=10002 ms, used_size=8099840 bytes (19.8%)
(RDMA_READ_CONSUME_CHECK_CONSUMER) timestamp=10002 ms, used_size=8097792 bytes (19.8%)
(RDMA_READ_CONSUME_CHECK_CONSUMER) timestamp=10002 ms, used_size=8095744 bytes (19.8%)
(RDMA_READ_CONSUME_CHECK_CONSUMER) timestamp=10002 ms, used_size=8093696 bytes (19.8%)
(RDMA_READ_CONSUME_CHECK_CONSUMER) timestamp=10002 ms, used_size=8091648 bytes (19.8%)
(RDMA_READ_CONSUME_CHECK_CONSUMER) timestamp=10002 ms, used_size=8089600 bytes (19.8%)
(RDMA_READ_CONSUME_CHECK_CONSUMER) timestamp=10002 ms, used_size=8087552 bytes (19.7%)
(RDMA_READ_CONSUME_CHECK_CONSUMER) timestamp=10002 ms, used_size=8085504 bytes (19.7%)
(RDMA_READ_CONSUME_CHECK_CONSUMER) timestamp=10002 ms, used_size=8083456 bytes (19.7%)
(RDMA_READ_CONSUME_CHECK_CONSUMER) timestamp=10002 ms, used_size=8081408 bytes (19.7%)
(RDMA_READ_CONSUME_CHECK_CONSUMER) timestamp=10002 ms, used_size=8079360 bytes (19.7%)
(RDMA_READ_CONSUME_CHECK_CONSUMER) timestamp=10002 ms, used_size=8077312 bytes (19.7%)
(RDMA_READ_CONSUME_CHECK_CONSUMER) timestamp=10002 ms, used_size=8075264 bytes (19.7%)
(RDMA_READ_CONSUME_CHECK_CONSUMER) timestamp=10002 ms, used_size=8073216 bytes (19.7%)
(RDMA_READ_CONSUME_CHECK_CONSUMER) timestamp=10002 ms, used_size=8071168 bytes (19.7%)
(RDMA_READ_CONSUME_CHECK_CONSUMER) timestamp=10002 ms, used_size=8069120 bytes (19.7%)
(RDMA_READ_CONSUME_CHECK_CONSUMER) timestamp=10002 ms, used_size=8067072 bytes (19.7%)
(RDMA_READ_CONSUME_CHECK_CONSUMER) timestamp=10002 ms, used_size=8065024 bytes (19.7%)
(RDMA_READ_CONSUME_CHECK_CONSUMER) timestamp=10002 ms, used_size=8062976 bytes (19.7%)
(RDMA_READ_CONSUME_CHECK_CONSUMER) timestamp=10002 ms, used_size=8060928 bytes (19.7%)
(RDMA_READ_CONSUME_CHECK_CONSUMER) timestamp=10002 ms, used_size=8058880 bytes (19.7%)
(RDMA_READ_CONSUME_CHECK_CONSUMER) timestamp=10002 ms, used_size=8056832 bytes (19.7%)
(RDMA_READ_CONSUME_CHECK_CONSUMER) timestamp=10002 ms, used_size=8054784 bytes (19.7%)
(RDMA_READ_CONSUME_CHECK_CONSUMER) timestamp=10002 ms, used_size=8052736 bytes (19.7%)
(RDMA_READ_CONSUME_CHECK_CONSUMER) timestamp=10002 ms, used_size=8050688 bytes (19.7%)
(RDMA_READ_CONSUME_CHECK_CONSUMER) timestamp=10002 ms, used_size=8048640 bytes (19.6%)
(RDMA_READ_CONSUME_CHECK_CONSUMER) timestamp=10002 ms, used_size=8046592 bytes (19.6%)
(RDMA_READ_CONSUME_CHECK_CONSUMER) timestamp=10002 ms, used_size=8044544 bytes (19.6%)
(RDMA_READ_CONSUME_CHECK_CONSUMER) timestamp=10002 ms, used_size=8042496 bytes (19.6%)
(RDMA_READ_CONSUME_CHECK_CONSUMER) timestamp=10002 ms, used_size=8040448 bytes (19.6%)
(RDMA_READ_CONSUME_CHECK_CONSUMER) timestamp=10002 ms, used_size=8038400 bytes (19.6%)
(RDMA_READ_CONSUME_CHECK_CONSUMER) timestamp=10002 ms, used_size=8036352 bytes (19.6%)
(RDMA_READ_CONSUME_CHECK_CONSUMER) timestamp=10002 ms, used_size=8034304 bytes (19.6%)
(RDMA_READ_CONSUME_CHECK_CONSUMER) timestamp=10002 ms, used_size=8032256 bytes (19.6%)
(RDMA_READ_CONSUME_CHECK_CONSUMER) timestamp=10002 ms, used_size=8030208 bytes (19.6%)
(RDMA_READ_CONSUME_CHECK_CONSUMER) timestamp=10002 ms, used_size=8028160 bytes (19.6%)
(RDMA_READ_CONSUME_CHECK_CONSUMER) timestamp=10002 ms, used_size=8026112 bytes (19.6%)
(RDMA_READ_CONSUME_CHECK_CONSUMER) timestamp=10002 ms, used_size=8024064 bytes (19.6%)
(RDMA_READ_CONSUME_CHECK_CONSUMER) timestamp=10003 ms, used_size=8022016 bytes (19.6%)
(RDMA_READ_CONSUME_CHECK_CONSUMER) timestamp=10003 ms, used_size=8019968 bytes (19.6%)
(RDMA_READ_CONSUME_CHECK_CONSUMER) timestamp=10003 ms, used_size=8017920 bytes (19.6%)
(RDMA_READ_CONSUME_CHECK_CONSUMER) timestamp=10003 ms, used_size=8015872 bytes (19.6%)
(RDMA_READ_CONSUME_CHECK_CONSUMER) timestamp=10003 ms, used_size=8013824 bytes (19.6%)
(RDMA_READ_CONSUME_CHECK_CONSUMER) timestamp=10003 ms, used_size=8011776 bytes (19.6%)
(RDMA_READ_CONSUME_CHECK_CONSUMER) timestamp=10003 ms, used_size=8009728 bytes (19.6%)
(RDMA_READ_CONSUME_CHECK_CONSUMER) timestamp=10003 ms, used_size=8007680 bytes (19.6%)
(RDMA_READ_CONSUME_CHECK_CONSUMER) timestamp=10003 ms, used_size=8005632 bytes (19.5%)
(RDMA_READ_CONSUME_CHECK_CONSUMER) timestamp=10003 ms, used_size=8003584 bytes (19.5%)
(RDMA_READ_CONSUME_CHECK_CONSUMER) timestamp=10003 ms, used_size=8001536 bytes (19.5%)
(RDMA_READ_CONSUME_CHECK_CONSUMER) timestamp=10003 ms, used_size=7999488 bytes (19.5%)
(RDMA_READ_CONSUME_CHECK_CONSUMER) timestamp=10003 ms, used_size=7997440 bytes (19.5%)
(RDMA_READ_CONSUME_CHECK_CONSUMER) timestamp=10003 ms, used_size=7995392 bytes (19.5%)
(RDMA_READ_CONSUME_CHECK_CONSUMER) timestamp=10003 ms, used_size=7993344 bytes (19.5%)
(RDMA_READ_CONSUME_CHECK_CONSUMER) timestamp=10003 ms, used_size=7991296 bytes (19.5%)
(RDMA_READ_CONSUME_CHECK_CONSUMER) timestamp=10003 ms, used_size=7989248 bytes (19.5%)
(RDMA_READ_CONSUME_CHECK_CONSUMER) timestamp=10003 ms, used_size=7987200 bytes (19.5%)
(RDMA_READ_CONSUME_CHECK_CONSUMER) timestamp=10003 ms, used_size=7985152 bytes (19.5%)
(RDMA_READ_CONSUME_CHECK_CONSUMER) timestamp=10003 ms, used_size=7983104 bytes (19.5%)
(RDMA_READ_CONSUME_CHECK_CONSUMER) timestamp=10003 ms, used_size=7981056 bytes (19.5%)
(RDMA_READ_CONSUME_CHECK_CONSUMER) timestamp=10003 ms, used_size=7979008 bytes (19.5%)
(RDMA_READ_CONSUME_CHECK_CONSUMER) timestamp=10003 ms, used_size=7976960 bytes (19.5%)
(RDMA_READ_CONSUME_CHECK_CONSUMER) timestamp=10003 ms, used_size=7974912 bytes (19.5%)
(RDMA_READ_CONSUME_CHECK_CONSUMER) timestamp=10003 ms, used_size=7972864 bytes (19.5%)
(RDMA_READ_CONSUME_CHECK_CONSUMER) timestamp=10003 ms, used_size=7970816 bytes (19.5%)
(RDMA_READ_CONSUME_CHECK_CONSUMER) timestamp=10003 ms, used_size=7968768 bytes (19.5%)
(RDMA_READ_CONSUME_CHECK_CONSUMER) timestamp=10003 ms, used_size=7966720 bytes (19.4%)
(RDMA_READ_CONSUME_CHECK_CONSUMER) timestamp=10003 ms, used_size=7964672 bytes (19.4%)
(RDMA_READ_CONSUME_CHECK_CONSUMER) timestamp=10003 ms, used_size=7962624 bytes (19.4%)
(RDMA_READ_CONSUME_CHECK_CONSUMER) timestamp=10003 ms, used_size=7960576 bytes (19.4%)
(RDMA_READ_CONSUME_CHECK_CONSUMER) timestamp=10003 ms, used_size=7958528 bytes (19.4%)
(RDMA_READ_CONSUME_CHECK_CONSUMER) timestamp=10003 ms, used_size=7956480 bytes (19.4%)
(RDMA_READ_CONSUME_CHECK_CONSUMER) timestamp=10003 ms, used_size=7954432 bytes (19.4%)
(RDMA_READ_CONSUME_CHECK_CONSUMER) timestamp=10003 ms, used_size=7952384 bytes (19.4%)
(RDMA_READ_CONSUME_CHECK_CONSUMER) timestamp=10003 ms, used_size=7950336 bytes (19.4%)
(RDMA_READ_CONSUME_CHECK_CONSUMER) timestamp=10003 ms, used_size=7948288 bytes (19.4%)
(RDMA_READ_CONSUME_CHECK_CONSUMER) timestamp=10003 ms, used_size=7946240 bytes (19.4%)
(RDMA_READ_CONSUME_CHECK_CONSUMER) timestamp=10003 ms, used_size=7944192 bytes (19.4%)
(RDMA_READ_CONSUME_CHECK_CONSUMER) timestamp=10003 ms, used_size=7942144 bytes (19.4%)
(RDMA_READ_CONSUME_CHECK_CONSUMER) timestamp=10003 ms, used_size=7940096 bytes (19.4%)
(RDMA_READ_CONSUME_CHECK_CONSUMER) timestamp=10003 ms, used_size=7938048 bytes (19.4%)
(RDMA_READ_CONSUME_CHECK_CONSUMER) timestamp=10003 ms, used_size=7936000 bytes (19.4%)
(RDMA_READ_CONSUME_CHECK_CONSUMER) timestamp=10003 ms, used_size=7933952 bytes (19.4%)
(RDMA_READ_CONSUME_CHECK_CONSUMER) timestamp=10003 ms, used_size=7931904 bytes (19.4%)
(RDMA_READ_CONSUME_CHECK_CONSUMER) timestamp=10003 ms, used_size=7929856 bytes (19.4%)
(RDMA_READ_CONSUME_CHECK_CONSUMER) timestamp=10003 ms, used_size=7927808 bytes (19.4%)
(RDMA_READ_CONSUME_CHECK_CONSUMER) timestamp=10003 ms, used_size=7925760 bytes (19.4%)
(RDMA_READ_CONSUME_CHECK_CONSUMER) timestamp=10003 ms, used_size=7923712 bytes (19.3%)
(RDMA_READ_CONSUME_CHECK_CONSUMER) timestamp=10003 ms, used_size=7921664 bytes (19.3%)
(RDMA_READ_CONSUME_CHECK_CONSUMER) timestamp=10003 ms, used_size=7919616 bytes (19.3%)
(RDMA_READ_CONSUME_CHECK_CONSUMER) timestamp=10003 ms, used_size=7917568 bytes (19.3%)
(RDMA_READ_CONSUME_CHECK_CONSUMER) timestamp=10003 ms, used_size=7915520 bytes (19.3%)
(RDMA_READ_CONSUME_CHECK_CONSUMER) timestamp=10003 ms, used_size=7913472 bytes (19.3%)
(RDMA_READ_CONSUME_CHECK_CONSUMER) timestamp=10003 ms, used_size=7911424 bytes (19.3%)
(RDMA_READ_CONSUME_CHECK_CONSUMER) timestamp=10003 ms, used_size=7909376 bytes (19.3%)
(RDMA_READ_CONSUME_CHECK_CONSUMER) timestamp=10003 ms, used_size=7907328 bytes (19.3%)
(RDMA_READ_CONSUME_CHECK_CONSUMER) timestamp=10003 ms, used_size=7905280 bytes (19.3%)
(RDMA_READ_CONSUME_CHECK_CONSUMER) timestamp=10003 ms, used_size=7903232 bytes (19.3%)
(RDMA_READ_CONSUME_CHECK_CONSUMER) timestamp=10003 ms, used_size=7901184 bytes (19.3%)
(RDMA_READ_CONSUME_CHECK_CONSUMER) timestamp=10003 ms, used_size=7899136 bytes (19.3%)
(RDMA_READ_CONSUME_CHECK_CONSUMER) timestamp=10003 ms, used_size=7897088 bytes (19.3%)
(RDMA_READ_CONSUME_CHECK_CONSUMER) timestamp=10003 ms, used_size=7895040 bytes (19.3%)
(RDMA_READ_CONSUME_CHECK_CONSUMER) timestamp=10003 ms, used_size=7892992 bytes (19.3%)
(RDMA_READ_CONSUME_CHECK_CONSUMER) timestamp=10003 ms, used_size=7890944 bytes (19.3%)
(RDMA_READ_CONSUME_CHECK_CONSUMER) timestamp=10003 ms, used_size=7888896 bytes (19.3%)
(RDMA_READ_CONSUME_CHECK_CONSUMER) timestamp=10003 ms, used_size=7886848 bytes (19.3%)
(RDMA_READ_CONSUME_CHECK_CONSUMER) timestamp=10003 ms, used_size=7884800 bytes (19.2%)
(RDMA_READ_CONSUME_CHECK_CONSUMER) timestamp=10003 ms, used_size=7882752 bytes (19.2%)
(RDMA_READ_CONSUME_CHECK_CONSUMER) timestamp=10003 ms, used_size=7880704 bytes (19.2%)
(RDMA_READ_CONSUME_CHECK_CONSUMER) timestamp=10003 ms, used_size=7878656 bytes (19.2%)
(RDMA_READ_CONSUME_CHECK_CONSUMER) timestamp=10003 ms, used_size=7876608 bytes (19.2%)
(RDMA_READ_CONSUME_CHECK_CONSUMER) timestamp=10003 ms, used_size=7874560 bytes (19.2%)
(RDMA_READ_CONSUME_CHECK_CONSUMER) timestamp=10003 ms, used_size=7872512 bytes (19.2%)
(RDMA_READ_CONSUME_CHECK_CONSUMER) timestamp=10003 ms, used_size=7870464 bytes (19.2%)
(RDMA_READ_CONSUME_CHECK_CONSUMER) timestamp=10003 ms, used_size=7868416 bytes (19.2%)
(RDMA_READ_CONSUME_CHECK_CONSUMER) timestamp=10003 ms, used_size=7866368 bytes (19.2%)
(RDMA_READ_CONSUME_CHECK_CONSUMER) timestamp=10003 ms, used_size=7864320 bytes (19.2%)
(RDMA_READ_CONSUME_CHECK_CONSUMER) timestamp=10003 ms, used_size=7862272 bytes (19.2%)
(RDMA_READ_CONSUME_CHECK_CONSUMER) timestamp=10003 ms, used_size=7860224 bytes (19.2%)
(RDMA_READ_CONSUME_CHECK_CONSUMER) timestamp=10003 ms, used_size=7858176 bytes (19.2%)
(RDMA_READ_CONSUME_CHECK_CONSUMER) timestamp=10003 ms, used_size=7856128 bytes (19.2%)
(RDMA_READ_CONSUME_CHECK_CONSUMER) timestamp=10003 ms, used_size=7854080 bytes (19.2%)
(RDMA_READ_CONSUME_CHECK_CONSUMER) timestamp=10003 ms, used_size=7852032 bytes (19.2%)
(RDMA_READ_CONSUME_CHECK_CONSUMER) timestamp=10003 ms, used_size=7849984 bytes (19.2%)
(RDMA_READ_CONSUME_CHECK_CONSUMER) timestamp=10003 ms, used_size=7847936 bytes (19.2%)
(RDMA_READ_CONSUME_CHECK_CONSUMER) timestamp=10003 ms, used_size=7845888 bytes (19.2%)
(RDMA_READ_CONSUME_CHECK_CONSUMER) timestamp=10003 ms, used_size=7843840 bytes (19.1%)
(RDMA_READ_CONSUME_CHECK_CONSUMER) timestamp=10003 ms, used_size=7841792 bytes (19.1%)
(RDMA_READ_CONSUME_CHECK_CONSUMER) timestamp=10003 ms, used_size=7839744 bytes (19.1%)
(RDMA_READ_CONSUME_CHECK_CONSUMER) timestamp=10003 ms, used_size=7837696 bytes (19.1%)
(RDMA_READ_CONSUME_CHECK_CONSUMER) timestamp=10003 ms, used_size=7835648 bytes (19.1%)
(RDMA_READ_CONSUME_CHECK_CONSUMER) timestamp=10003 ms, used_size=7833600 bytes (19.1%)
(RDMA_READ_CONSUME_CHECK_CONSUMER) timestamp=10003 ms, used_size=7831552 bytes (19.1%)
(RDMA_READ_CONSUME_CHECK_CONSUMER) timestamp=10003 ms, used_size=7829504 bytes (19.1%)
(RDMA_READ_CONSUME_CHECK_CONSUMER) timestamp=10003 ms, used_size=7827456 bytes (19.1%)
(RDMA_READ_CONSUME_CHECK_CONSUMER) timestamp=10003 ms, used_size=7825408 bytes (19.1%)
(RDMA_READ_CONSUME_CHECK_CONSUMER) timestamp=10003 ms, used_size=7823360 bytes (19.1%)
(RDMA_READ_CONSUME_CHECK_CONSUMER) timestamp=10003 ms, used_size=7821312 bytes (19.1%)
(RDMA_READ_CONSUME_CHECK_CONSUMER) timestamp=10003 ms, used_size=7819264 bytes (19.1%)
(RDMA_READ_CONSUME_CHECK_CONSUMER) timestamp=10003 ms, used_size=7817216 bytes (19.1%)
(RDMA_READ_CONSUME_CHECK_CONSUMER) timestamp=10003 ms, used_size=7815168 bytes (19.1%)
(RDMA_READ_CONSUME_CHECK_CONSUMER) timestamp=10003 ms, used_size=7813120 bytes (19.1%)
(RDMA_READ_CONSUME_CHECK_CONSUMER) timestamp=10003 ms, used_size=7811072 bytes (19.1%)
(RDMA_READ_CONSUME_CHECK_CONSUMER) timestamp=10003 ms, used_size=7809024 bytes (19.1%)
(RDMA_READ_CONSUME_CHECK_CONSUMER) timestamp=10003 ms, used_size=7806976 bytes (19.1%)
(RDMA_READ_CONSUME_CHECK_CONSUMER) timestamp=10003 ms, used_size=7804928 bytes (19.1%)
(RDMA_READ_CONSUME_CHECK_CONSUMER) timestamp=10003 ms, used_size=7802880 bytes (19.1%)
(RDMA_READ_CONSUME_CHECK_CONSUMER) timestamp=10003 ms, used_size=7800832 bytes (19.0%)
(RDMA_READ_CONSUME_CHECK_CONSUMER) timestamp=10003 ms, used_size=7798784 bytes (19.0%)
(RDMA_READ_CONSUME_CHECK_CONSUMER) timestamp=10003 ms, used_size=7796736 bytes (19.0%)
(RDMA_READ_CONSUME_CHECK_CONSUMER) timestamp=10003 ms, used_size=7794688 bytes (19.0%)
(RDMA_READ_CONSUME_CHECK_CONSUMER) timestamp=10003 ms, used_size=7792640 bytes (19.0%)
(RDMA_READ_CONSUME_CHECK_CONSUMER) timestamp=10003 ms, used_size=7790592 bytes (19.0%)
(RDMA_READ_CONSUME_CHECK_CONSUMER) timestamp=10003 ms, used_size=7788544 bytes (19.0%)
(RDMA_READ_CONSUME_CHECK_CONSUMER) timestamp=10003 ms, used_size=7786496 bytes (19.0%)
(RDMA_READ_CONSUME_CHECK_CONSUMER) timestamp=10003 ms, used_size=7784448 bytes (19.0%)
(RDMA_READ_CONSUME_CHECK_CONSUMER) timestamp=10003 ms, used_size=7782400 bytes (19.0%)
(RDMA_READ_CONSUME_CHECK_CONSUMER) timestamp=10003 ms, used_size=7780352 bytes (19.0%)
(RDMA_READ_CONSUME_CHECK_CONSUMER) timestamp=10003 ms, used_size=7778304 bytes (19.0%)
(RDMA_READ_CONSUME_CHECK_CONSUMER) timestamp=10003 ms, used_size=7776256 bytes (19.0%)
(RDMA_READ_CONSUME_CHECK_CONSUMER) timestamp=10003 ms, used_size=7774208 bytes (19.0%)
(RDMA_READ_CONSUME_CHECK_CONSUMER) timestamp=10003 ms, used_size=7772160 bytes (19.0%)
(RDMA_READ_CONSUME_CHECK_CONSUMER) timestamp=10003 ms, used_size=7770112 bytes (19.0%)
(RDMA_READ_CONSUME_CHECK_CONSUMER) timestamp=10003 ms, used_size=7768064 bytes (19.0%)
(RDMA_READ_CONSUME_CHECK_CONSUMER) timestamp=10003 ms, used_size=7766016 bytes (19.0%)
(RDMA_READ_CONSUME_CHECK_CONSUMER) timestamp=10003 ms, used_size=7763968 bytes (19.0%)
(RDMA_READ_CONSUME_CHECK_CONSUMER) timestamp=10003 ms, used_size=7761920 bytes (18.9%)
(RDMA_READ_CONSUME_CHECK_CONSUMER) timestamp=10003 ms, used_size=7759872 bytes (18.9%)
(RDMA_READ_CONSUME_CHECK_CONSUMER) timestamp=10003 ms, used_size=7757824 bytes (18.9%)
(RDMA_READ_CONSUME_CHECK_CONSUMER) timestamp=10003 ms, used_size=7755776 bytes (18.9%)
(RDMA_READ_CONSUME_CHECK_CONSUMER) timestamp=10003 ms, used_size=7753728 bytes (18.9%)
(RDMA_READ_CONSUME_CHECK_CONSUMER) timestamp=10003 ms, used_size=7751680 bytes (18.9%)
(RDMA_READ_CONSUME_CHECK_CONSUMER) timestamp=10003 ms, used_size=7749632 bytes (18.9%)
(RDMA_READ_CONSUME_CHECK_CONSUMER) timestamp=10003 ms, used_size=7747584 bytes (18.9%)
(RDMA_READ_CONSUME_CHECK_CONSUMER) timestamp=10003 ms, used_size=7745536 bytes (18.9%)
(RDMA_READ_CONSUME_CHECK_CONSUMER) timestamp=10003 ms, used_size=7743488 bytes (18.9%)
(RDMA_READ_CONSUME_CHECK_CONSUMER) timestamp=10003 ms, used_size=7741440 bytes (18.9%)
(RDMA_READ_CONSUME_CHECK_CONSUMER) timestamp=10003 ms, used_size=7739392 bytes (18.9%)
(RDMA_READ_CONSUME_CHECK_CONSUMER) timestamp=10003 ms, used_size=7737344 bytes (18.9%)
(RDMA_READ_CONSUME_CHECK_CONSUMER) timestamp=10003 ms, used_size=7735296 bytes (18.9%)
(RDMA_READ_CONSUME_CHECK_CONSUMER) timestamp=10003 ms, used_size=7733248 bytes (18.9%)
(RDMA_READ_CONSUME_CHECK_CONSUMER) timestamp=10003 ms, used_size=7731200 bytes (18.9%)
(RDMA_READ_CONSUME_CHECK_CONSUMER) timestamp=10003 ms, used_size=7729152 bytes (18.9%)
(RDMA_READ_CONSUME_CHECK_CONSUMER) timestamp=10003 ms, used_size=7727104 bytes (18.9%)
(RDMA_READ_CONSUME_CHECK_CONSUMER) timestamp=10003 ms, used_size=7725056 bytes (18.9%)
(RDMA_READ_CONSUME_CHECK_CONSUMER) timestamp=10003 ms, used_size=7723008 bytes (18.9%)
(RDMA_READ_CONSUME_CHECK_CONSUMER) timestamp=10003 ms, used_size=7720960 bytes (18.9%)
(RDMA_READ_CONSUME_CHECK_CONSUMER) timestamp=10003 ms, used_size=7718912 bytes (18.8%)
(RDMA_READ_CONSUME_CHECK_CONSUMER) timestamp=10003 ms, used_size=7716864 bytes (18.8%)
(RDMA_READ_CONSUME_CHECK_CONSUMER) timestamp=10003 ms, used_size=7714816 bytes (18.8%)
(RDMA_READ_CONSUME_CHECK_CONSUMER) timestamp=10003 ms, used_size=7712768 bytes (18.8%)
(RDMA_READ_CONSUME_CHECK_CONSUMER) timestamp=10003 ms, used_size=7710720 bytes (18.8%)
(RDMA_READ_CONSUME_CHECK_CONSUMER) timestamp=10003 ms, used_size=7708672 bytes (18.8%)
(RDMA_READ_CONSUME_CHECK_CONSUMER) timestamp=10003 ms, used_size=7706624 bytes (18.8%)
(RDMA_READ_CONSUME_CHECK_CONSUMER) timestamp=10003 ms, used_size=7704576 bytes (18.8%)
(RDMA_READ_CONSUME_CHECK_CONSUMER) timestamp=10003 ms, used_size=7702528 bytes (18.8%)
(RDMA_READ_CONSUME_CHECK_CONSUMER) timestamp=10003 ms, used_size=7700480 bytes (18.8%)
(RDMA_READ_CONSUME_CHECK_CONSUMER) timestamp=10003 ms, used_size=7698432 bytes (18.8%)
(RDMA_READ_CONSUME_CHECK_CONSUMER) timestamp=10003 ms, used_size=7696384 bytes (18.8%)
(RDMA_READ_CONSUME_CHECK_CONSUMER) timestamp=10003 ms, used_size=7694336 bytes (18.8%)
(RDMA_READ_CONSUME_CHECK_CONSUMER) timestamp=10003 ms, used_size=7692288 bytes (18.8%)
(RDMA_READ_CONSUME_CHECK_CONSUMER) timestamp=10003 ms, used_size=7690240 bytes (18.8%)
(RDMA_READ_CONSUME_CHECK_CONSUMER) timestamp=10003 ms, used_size=7688192 bytes (18.8%)
(RDMA_READ_CONSUME_CHECK_CONSUMER) timestamp=10003 ms, used_size=7686144 bytes (18.8%)
(RDMA_READ_CONSUME_CHECK_CONSUMER) timestamp=10003 ms, used_size=7684096 bytes (18.8%)
(RDMA_READ_CONSUME_CHECK_CONSUMER) timestamp=10003 ms, used_size=7682048 bytes (18.8%)
(RDMA_READ_CONSUME_CHECK_CONSUMER) timestamp=10003 ms, used_size=7680000 bytes (18.8%)
(RDMA_READ_CONSUME_CHECK_CONSUMER) timestamp=10003 ms, used_size=7677952 bytes (18.7%)
(RDMA_READ_CONSUME_CHECK_CONSUMER) timestamp=10004 ms, used_size=7675904 bytes (18.7%)
(RDMA_READ_CONSUME_CHECK_CONSUMER) timestamp=10004 ms, used_size=7673856 bytes (18.7%)
(RDMA_READ_CONSUME_CHECK_CONSUMER) timestamp=10004 ms, used_size=7671808 bytes (18.7%)
(RDMA_READ_CONSUME_CHECK_CONSUMER) timestamp=10004 ms, used_size=7669760 bytes (18.7%)
(RDMA_READ_CONSUME_CHECK_CONSUMER) timestamp=10004 ms, used_size=7667712 bytes (18.7%)
(RDMA_READ_CONSUME_CHECK_CONSUMER) timestamp=10004 ms, used_size=7665664 bytes (18.7%)
(RDMA_READ_CONSUME_CHECK_CONSUMER) timestamp=10004 ms, used_size=7663616 bytes (18.7%)
(RDMA_READ_CONSUME_CHECK_CONSUMER) timestamp=10004 ms, used_size=7661568 bytes (18.7%)
(RDMA_READ_CONSUME_CHECK_CONSUMER) timestamp=10004 ms, used_size=7659520 bytes (18.7%)
(RDMA_READ_CONSUME_CHECK_CONSUMER) timestamp=10004 ms, used_size=7657472 bytes (18.7%)
(RDMA_READ_CONSUME_CHECK_CONSUMER) timestamp=10004 ms, used_size=7655424 bytes (18.7%)
(RDMA_READ_CONSUME_CHECK_CONSUMER) timestamp=10004 ms, used_size=7653376 bytes (18.7%)
(RDMA_READ_CONSUME_CHECK_CONSUMER) timestamp=10004 ms, used_size=7651328 bytes (18.7%)
(RDMA_READ_CONSUME_CHECK_CONSUMER) timestamp=10004 ms, used_size=7649280 bytes (18.7%)
(RDMA_READ_CONSUME_CHECK_CONSUMER) timestamp=10004 ms, used_size=7647232 bytes (18.7%)
(RDMA_READ_CONSUME_CHECK_CONSUMER) timestamp=10004 ms, used_size=7645184 bytes (18.7%)
(RDMA_READ_CONSUME_CHECK_CONSUMER) timestamp=10004 ms, used_size=7643136 bytes (18.7%)
(RDMA_READ_CONSUME_CHECK_CONSUMER) timestamp=10004 ms, used_size=7641088 bytes (18.7%)
(RDMA_READ_CONSUME_CHECK_CONSUMER) timestamp=10004 ms, used_size=7639040 bytes (18.6%)
(RDMA_READ_CONSUME_CHECK_CONSUMER) timestamp=10004 ms, used_size=7636992 bytes (18.6%)
(RDMA_READ_CONSUME_CHECK_CONSUMER) timestamp=10004 ms, used_size=7634944 bytes (18.6%)
(RDMA_READ_CONSUME_CHECK_CONSUMER) timestamp=10004 ms, used_size=7632896 bytes (18.6%)
(RDMA_READ_CONSUME_CHECK_CONSUMER) timestamp=10004 ms, used_size=7630848 bytes (18.6%)
(RDMA_READ_CONSUME_CHECK_CONSUMER) timestamp=10004 ms, used_size=7628800 bytes (18.6%)
(RDMA_READ_CONSUME_CHECK_CONSUMER) timestamp=10004 ms, used_size=7626752 bytes (18.6%)
(RDMA_READ_CONSUME_CHECK_CONSUMER) timestamp=10004 ms, used_size=7624704 bytes (18.6%)
(RDMA_READ_CONSUME_CHECK_CONSUMER) timestamp=10004 ms, used_size=7622656 bytes (18.6%)
(RDMA_READ_CONSUME_CHECK_CONSUMER) timestamp=10004 ms, used_size=7620608 bytes (18.6%)
(RDMA_READ_CONSUME_CHECK_CONSUMER) timestamp=10004 ms, used_size=7618560 bytes (18.6%)
(RDMA_READ_CONSUME_CHECK_CONSUMER) timestamp=10004 ms, used_size=7616512 bytes (18.6%)
(RDMA_READ_CONSUME_CHECK_CONSUMER) timestamp=10004 ms, used_size=7614464 bytes (18.6%)
(RDMA_READ_CONSUME_CHECK_CONSUMER) timestamp=10004 ms, used_size=7612416 bytes (18.6%)
(RDMA_READ_CONSUME_CHECK_CONSUMER) timestamp=10004 ms, used_size=7610368 bytes (18.6%)
(RDMA_READ_CONSUME_CHECK_CONSUMER) timestamp=10004 ms, used_size=7608320 bytes (18.6%)
(RDMA_READ_CONSUME_CHECK_CONSUMER) timestamp=10004 ms, used_size=7606272 bytes (18.6%)
(RDMA_READ_CONSUME_CHECK_CONSUMER) timestamp=10004 ms, used_size=7604224 bytes (18.6%)
(RDMA_READ_CONSUME_CHECK_CONSUMER) timestamp=10004 ms, used_size=7602176 bytes (18.6%)
(RDMA_READ_CONSUME_CHECK_CONSUMER) timestamp=10004 ms, used_size=7600128 bytes (18.6%)
(RDMA_READ_CONSUME_CHECK_CONSUMER) timestamp=10004 ms, used_size=7598080 bytes (18.6%)
(RDMA_READ_CONSUME_CHECK_CONSUMER) timestamp=10004 ms, used_size=7596032 bytes (18.5%)
(RDMA_READ_CONSUME_CHECK_CONSUMER) timestamp=10004 ms, used_size=7593984 bytes (18.5%)
(RDMA_READ_CONSUME_CHECK_CONSUMER) timestamp=10004 ms, used_size=7591936 bytes (18.5%)
(RDMA_READ_CONSUME_CHECK_CONSUMER) timestamp=10004 ms, used_size=7589888 bytes (18.5%)
(RDMA_READ_CONSUME_CHECK_CONSUMER) timestamp=10004 ms, used_size=7587840 bytes (18.5%)
(RDMA_READ_CONSUME_CHECK_CONSUMER) timestamp=10004 ms, used_size=7585792 bytes (18.5%)
(RDMA_READ_CONSUME_CHECK_CONSUMER) timestamp=10004 ms, used_size=7583744 bytes (18.5%)
(RDMA_READ_CONSUME_CHECK_CONSUMER) timestamp=10004 ms, used_size=7581696 bytes (18.5%)
(RDMA_READ_CONSUME_CHECK_CONSUMER) timestamp=10004 ms, used_size=7579648 bytes (18.5%)
(RDMA_READ_CONSUME_CHECK_CONSUMER) timestamp=10004 ms, used_size=7577600 bytes (18.5%)
(RDMA_READ_CONSUME_CHECK_CONSUMER) timestamp=10004 ms, used_size=7575552 bytes (18.5%)
(RDMA_READ_CONSUME_CHECK_CONSUMER) timestamp=10004 ms, used_size=7573504 bytes (18.5%)
(RDMA_READ_CONSUME_CHECK_CONSUMER) timestamp=10004 ms, used_size=7571456 bytes (18.5%)
(RDMA_READ_CONSUME_CHECK_CONSUMER) timestamp=10004 ms, used_size=7569408 bytes (18.5%)
(RDMA_READ_CONSUME_CHECK_CONSUMER) timestamp=10004 ms, used_size=7567360 bytes (18.5%)
(RDMA_READ_CONSUME_CHECK_CONSUMER) timestamp=10004 ms, used_size=7565312 bytes (18.5%)
(RDMA_READ_CONSUME_CHECK_CONSUMER) timestamp=10004 ms, used_size=7563264 bytes (18.5%)
(RDMA_READ_CONSUME_CHECK_CONSUMER) timestamp=10004 ms, used_size=7561216 bytes (18.5%)
(RDMA_READ_CONSUME_CHECK_CONSUMER) timestamp=10004 ms, used_size=7559168 bytes (18.5%)
(RDMA_READ_CONSUME_CHECK_CONSUMER) timestamp=10004 ms, used_size=7557120 bytes (18.4%)
(RDMA_READ_CONSUME_CHECK_CONSUMER) timestamp=10004 ms, used_size=7555072 bytes (18.4%)
(RDMA_READ_CONSUME_CHECK_CONSUMER) timestamp=10004 ms, used_size=7553024 bytes (18.4%)
(RDMA_READ_CONSUME_CHECK_CONSUMER) timestamp=10004 ms, used_size=7550976 bytes (18.4%)
(RDMA_READ_CONSUME_CHECK_CONSUMER) timestamp=10004 ms, used_size=7548928 bytes (18.4%)
(RDMA_READ_CONSUME_CHECK_CONSUMER) timestamp=10004 ms, used_size=7546880 bytes (18.4%)
(RDMA_READ_CONSUME_CHECK_CONSUMER) timestamp=10004 ms, used_size=7544832 bytes (18.4%)
(RDMA_READ_CONSUME_CHECK_CONSUMER) timestamp=10004 ms, used_size=7542784 bytes (18.4%)
(RDMA_READ_CONSUME_CHECK_CONSUMER) timestamp=10004 ms, used_size=7540736 bytes (18.4%)
(RDMA_READ_CONSUME_CHECK_CONSUMER) timestamp=10004 ms, used_size=7538688 bytes (18.4%)
(RDMA_READ_CONSUME_CHECK_CONSUMER) timestamp=10004 ms, used_size=7536640 bytes (18.4%)
(RDMA_READ_CONSUME_CHECK_CONSUMER) timestamp=10004 ms, used_size=7534592 bytes (18.4%)
(RDMA_READ_CONSUME_CHECK_CONSUMER) timestamp=10004 ms, used_size=7532544 bytes (18.4%)
(RDMA_READ_CONSUME_CHECK_CONSUMER) timestamp=10004 ms, used_size=7530496 bytes (18.4%)
(RDMA_READ_CONSUME_CHECK_CONSUMER) timestamp=10004 ms, used_size=7528448 bytes (18.4%)
(RDMA_READ_CONSUME_CHECK_CONSUMER) timestamp=10004 ms, used_size=7526400 bytes (18.4%)
(RDMA_READ_CONSUME_CHECK_CONSUMER) timestamp=10004 ms, used_size=7524352 bytes (18.4%)
(RDMA_READ_CONSUME_CHECK_CONSUMER) timestamp=10004 ms, used_size=7522304 bytes (18.4%)
(RDMA_READ_CONSUME_CHECK_CONSUMER) timestamp=10004 ms, used_size=7520256 bytes (18.4%)
(RDMA_READ_CONSUME_CHECK_CONSUMER) timestamp=10004 ms, used_size=7518208 bytes (18.4%)
(RDMA_READ_CONSUME_CHECK_CONSUMER) timestamp=10004 ms, used_size=7516160 bytes (18.4%)
(RDMA_READ_CONSUME_CHECK_CONSUMER) timestamp=10004 ms, used_size=7514112 bytes (18.3%)
(RDMA_READ_CONSUME_CHECK_CONSUMER) timestamp=10004 ms, used_size=7512064 bytes (18.3%)
(RDMA_READ_CONSUME_CHECK_CONSUMER) timestamp=10004 ms, used_size=7510016 bytes (18.3%)
(RDMA_READ_CONSUME_CHECK_CONSUMER) timestamp=10004 ms, used_size=7507968 bytes (18.3%)
(RDMA_READ_CONSUME_CHECK_CONSUMER) timestamp=10004 ms, used_size=7505920 bytes (18.3%)
(RDMA_READ_CONSUME_CHECK_CONSUMER) timestamp=10004 ms, used_size=7503872 bytes (18.3%)
(RDMA_READ_CONSUME_CHECK_CONSUMER) timestamp=10004 ms, used_size=7501824 bytes (18.3%)
(RDMA_READ_CONSUME_CHECK_CONSUMER) timestamp=10004 ms, used_size=7499776 bytes (18.3%)
(RDMA_READ_CONSUME_CHECK_CONSUMER) timestamp=10004 ms, used_size=7497728 bytes (18.3%)
(RDMA_READ_CONSUME_CHECK_CONSUMER) timestamp=10004 ms, used_size=7495680 bytes (18.3%)
(RDMA_READ_CONSUME_CHECK_CONSUMER) timestamp=10004 ms, used_size=7493632 bytes (18.3%)
(RDMA_READ_CONSUME_CHECK_CONSUMER) timestamp=10004 ms, used_size=7491584 bytes (18.3%)
(RDMA_READ_CONSUME_CHECK_CONSUMER) timestamp=10004 ms, used_size=7489536 bytes (18.3%)
(RDMA_READ_CONSUME_CHECK_CONSUMER) timestamp=10004 ms, used_size=7487488 bytes (18.3%)
(RDMA_READ_CONSUME_CHECK_CONSUMER) timestamp=10004 ms, used_size=7485440 bytes (18.3%)
(RDMA_READ_CONSUME_CHECK_CONSUMER) timestamp=10004 ms, used_size=7483392 bytes (18.3%)
(RDMA_READ_CONSUME_CHECK_CONSUMER) timestamp=10004 ms, used_size=7481344 bytes (18.3%)
(RDMA_READ_CONSUME_CHECK_CONSUMER) timestamp=10004 ms, used_size=7479296 bytes (18.3%)
(RDMA_READ_CONSUME_CHECK_CONSUMER) timestamp=10004 ms, used_size=7477248 bytes (18.3%)
(RDMA_READ_CONSUME_CHECK_CONSUMER) timestamp=10004 ms, used_size=7475200 bytes (18.2%)
(RDMA_READ_CONSUME_CHECK_CONSUMER) timestamp=10004 ms, used_size=7473152 bytes (18.2%)
(RDMA_READ_CONSUME_CHECK_CONSUMER) timestamp=10004 ms, used_size=7471104 bytes (18.2%)
(RDMA_READ_CONSUME_CHECK_CONSUMER) timestamp=10004 ms, used_size=7469056 bytes (18.2%)
(RDMA_READ_CONSUME_CHECK_CONSUMER) timestamp=10004 ms, used_size=7467008 bytes (18.2%)
(RDMA_READ_CONSUME_CHECK_CONSUMER) timestamp=10004 ms, used_size=7464960 bytes (18.2%)
(RDMA_READ_CONSUME_CHECK_CONSUMER) timestamp=10004 ms, used_size=7462912 bytes (18.2%)
(RDMA_READ_CONSUME_CHECK_CONSUMER) timestamp=10004 ms, used_size=7460864 bytes (18.2%)
(RDMA_READ_CONSUME_CHECK_CONSUMER) timestamp=10004 ms, used_size=7458816 bytes (18.2%)
(RDMA_READ_CONSUME_CHECK_CONSUMER) timestamp=10004 ms, used_size=7456768 bytes (18.2%)
(RDMA_READ_CONSUME_CHECK_CONSUMER) timestamp=10004 ms, used_size=7454720 bytes (18.2%)
(RDMA_READ_CONSUME_CHECK_CONSUMER) timestamp=10004 ms, used_size=7452672 bytes (18.2%)
(RDMA_READ_CONSUME_CHECK_CONSUMER) timestamp=10004 ms, used_size=7450624 bytes (18.2%)
(RDMA_READ_CONSUME_CHECK_CONSUMER) timestamp=10004 ms, used_size=7448576 bytes (18.2%)
(RDMA_READ_CONSUME_CHECK_CONSUMER) timestamp=10004 ms, used_size=7446528 bytes (18.2%)
(RDMA_READ_CONSUME_CHECK_CONSUMER) timestamp=10004 ms, used_size=7444480 bytes (18.2%)
(RDMA_READ_CONSUME_CHECK_CONSUMER) timestamp=10004 ms, used_size=7442432 bytes (18.2%)
(RDMA_READ_CONSUME_CHECK_CONSUMER) timestamp=10004 ms, used_size=7440384 bytes (18.2%)
(RDMA_READ_CONSUME_CHECK_CONSUMER) timestamp=10004 ms, used_size=7438336 bytes (18.2%)
(RDMA_READ_CONSUME_CHECK_CONSUMER) timestamp=10004 ms, used_size=7436288 bytes (18.2%)
(RDMA_READ_CONSUME_CHECK_CONSUMER) timestamp=10004 ms, used_size=7434240 bytes (18.1%)
(RDMA_READ_CONSUME_CHECK_CONSUMER) timestamp=10004 ms, used_size=7432192 bytes (18.1%)
(RDMA_READ_CONSUME_CHECK_CONSUMER) timestamp=10004 ms, used_size=7430144 bytes (18.1%)
(RDMA_READ_CONSUME_CHECK_CONSUMER) timestamp=10004 ms, used_size=7428096 bytes (18.1%)
(RDMA_READ_CONSUME_CHECK_CONSUMER) timestamp=10004 ms, used_size=7426048 bytes (18.1%)
(RDMA_READ_CONSUME_CHECK_CONSUMER) timestamp=10004 ms, used_size=7424000 bytes (18.1%)
(RDMA_READ_CONSUME_CHECK_CONSUMER) timestamp=10004 ms, used_size=7421952 bytes (18.1%)
(RDMA_READ_CONSUME_CHECK_CONSUMER) timestamp=10004 ms, used_size=7419904 bytes (18.1%)
(RDMA_READ_CONSUME_CHECK_CONSUMER) timestamp=10004 ms, used_size=7417856 bytes (18.1%)
(RDMA_READ_CONSUME_CHECK_CONSUMER) timestamp=10004 ms, used_size=7415808 bytes (18.1%)
(RDMA_READ_CONSUME_CHECK_CONSUMER) timestamp=10004 ms, used_size=7413760 bytes (18.1%)
(RDMA_READ_CONSUME_CHECK_CONSUMER) timestamp=10004 ms, used_size=7411712 bytes (18.1%)
(RDMA_READ_CONSUME_CHECK_CONSUMER) timestamp=10004 ms, used_size=7409664 bytes (18.1%)
(RDMA_READ_CONSUME_CHECK_CONSUMER) timestamp=10004 ms, used_size=7407616 bytes (18.1%)
(RDMA_READ_CONSUME_CHECK_CONSUMER) timestamp=10004 ms, used_size=7405568 bytes (18.1%)
(RDMA_READ_CONSUME_CHECK_CONSUMER) timestamp=10004 ms, used_size=7403520 bytes (18.1%)
(RDMA_READ_CONSUME_CHECK_CONSUMER) timestamp=10004 ms, used_size=7401472 bytes (18.1%)
(RDMA_READ_CONSUME_CHECK_CONSUMER) timestamp=10004 ms, used_size=7399424 bytes (18.1%)
(RDMA_READ_CONSUME_CHECK_CONSUMER) timestamp=10004 ms, used_size=7397376 bytes (18.1%)
(RDMA_READ_CONSUME_CHECK_CONSUMER) timestamp=10004 ms, used_size=7395328 bytes (18.1%)
(RDMA_READ_CONSUME_CHECK_CONSUMER) timestamp=10004 ms, used_size=7393280 bytes (18.1%)
(RDMA_READ_CONSUME_CHECK_CONSUMER) timestamp=10004 ms, used_size=7391232 bytes (18.0%)
(RDMA_READ_CONSUME_CHECK_CONSUMER) timestamp=10004 ms, used_size=7389184 bytes (18.0%)
(RDMA_READ_CONSUME_CHECK_CONSUMER) timestamp=10004 ms, used_size=7387136 bytes (18.0%)
(RDMA_READ_CONSUME_CHECK_CONSUMER) timestamp=10004 ms, used_size=7385088 bytes (18.0%)
(RDMA_READ_CONSUME_CHECK_CONSUMER) timestamp=10004 ms, used_size=7383040 bytes (18.0%)
(RDMA_READ_CONSUME_CHECK_CONSUMER) timestamp=10004 ms, used_size=7380992 bytes (18.0%)
(RDMA_READ_CONSUME_CHECK_CONSUMER) timestamp=10004 ms, used_size=7378944 bytes (18.0%)
(RDMA_READ_CONSUME_CHECK_CONSUMER) timestamp=10004 ms, used_size=7376896 bytes (18.0%)
(RDMA_READ_CONSUME_CHECK_CONSUMER) timestamp=10004 ms, used_size=7374848 bytes (18.0%)
(RDMA_READ_CONSUME_CHECK_CONSUMER) timestamp=10004 ms, used_size=7372800 bytes (18.0%)
(RDMA_READ_CONSUME_CHECK_CONSUMER) timestamp=10004 ms, used_size=7370752 bytes (18.0%)
(RDMA_READ_CONSUME_CHECK_CONSUMER) timestamp=10004 ms, used_size=7368704 bytes (18.0%)
(RDMA_READ_CONSUME_CHECK_CONSUMER) timestamp=10004 ms, used_size=7366656 bytes (18.0%)
(RDMA_READ_CONSUME_CHECK_CONSUMER) timestamp=10004 ms, used_size=7364608 bytes (18.0%)
(RDMA_READ_CONSUME_CHECK_CONSUMER) timestamp=10004 ms, used_size=7362560 bytes (18.0%)
(RDMA_READ_CONSUME_CHECK_CONSUMER) timestamp=10004 ms, used_size=7360512 bytes (18.0%)
(RDMA_READ_CONSUME_CHECK_CONSUMER) timestamp=10004 ms, used_size=7358464 bytes (18.0%)
(RDMA_READ_CONSUME_CHECK_CONSUMER) timestamp=10004 ms, used_size=7356416 bytes (18.0%)
(RDMA_READ_CONSUME_CHECK_CONSUMER) timestamp=10004 ms, used_size=7354368 bytes (18.0%)
(RDMA_READ_CONSUME_CHECK_CONSUMER) timestamp=10004 ms, used_size=7352320 bytes (17.9%)
(RDMA_READ_CONSUME_CHECK_CONSUMER) timestamp=10004 ms, used_size=7350272 bytes (17.9%)
(RDMA_READ_CONSUME_CHECK_CONSUMER) timestamp=10004 ms, used_size=7348224 bytes (17.9%)
(RDMA_READ_CONSUME_CHECK_CONSUMER) timestamp=10004 ms, used_size=7346176 bytes (17.9%)
(RDMA_READ_CONSUME_CHECK_CONSUMER) timestamp=10004 ms, used_size=7344128 bytes (17.9%)
(RDMA_READ_CONSUME_CHECK_CONSUMER) timestamp=10004 ms, used_size=7342080 bytes (17.9%)
(RDMA_READ_CONSUME_CHECK_CONSUMER) timestamp=10004 ms, used_size=7340032 bytes (17.9%)
(RDMA_READ_CONSUME_CHECK_CONSUMER) timestamp=10004 ms, used_size=7337984 bytes (17.9%)
(RDMA_READ_CONSUME_CHECK_CONSUMER) timestamp=10004 ms, used_size=7335936 bytes (17.9%)
(RDMA_READ_CONSUME_CHECK_CONSUMER) timestamp=10004 ms, used_size=7333888 bytes (17.9%)
(RDMA_READ_CONSUME_CHECK_CONSUMER) timestamp=10004 ms, used_size=7331840 bytes (17.9%)
(RDMA_READ_CONSUME_CHECK_CONSUMER) timestamp=10004 ms, used_size=7329792 bytes (17.9%)
(RDMA_READ_CONSUME_CHECK_CONSUMER) timestamp=10005 ms, used_size=7327744 bytes (17.9%)
(RDMA_READ_CONSUME_CHECK_CONSUMER) timestamp=10005 ms, used_size=7325696 bytes (17.9%)
(RDMA_READ_CONSUME_CHECK_CONSUMER) timestamp=10005 ms, used_size=7323648 bytes (17.9%)
(RDMA_READ_CONSUME_CHECK_CONSUMER) timestamp=10005 ms, used_size=7321600 bytes (17.9%)
(RDMA_READ_CONSUME_CHECK_CONSUMER) timestamp=10005 ms, used_size=7319552 bytes (17.9%)
(RDMA_READ_CONSUME_CHECK_CONSUMER) timestamp=10005 ms, used_size=7317504 bytes (17.9%)
(RDMA_READ_CONSUME_CHECK_CONSUMER) timestamp=10005 ms, used_size=7315456 bytes (17.9%)
(RDMA_READ_CONSUME_CHECK_CONSUMER) timestamp=10005 ms, used_size=7313408 bytes (17.9%)
(RDMA_READ_CONSUME_CHECK_CONSUMER) timestamp=10005 ms, used_size=7311360 bytes (17.9%)
(RDMA_READ_CONSUME_CHECK_CONSUMER) timestamp=10005 ms, used_size=7309312 bytes (17.8%)
(RDMA_READ_CONSUME_CHECK_CONSUMER) timestamp=10005 ms, used_size=7307264 bytes (17.8%)
(RDMA_READ_CONSUME_CHECK_CONSUMER) timestamp=10005 ms, used_size=7305216 bytes (17.8%)
(RDMA_READ_CONSUME_CHECK_CONSUMER) timestamp=10005 ms, used_size=7303168 bytes (17.8%)
(RDMA_READ_CONSUME_CHECK_CONSUMER) timestamp=10005 ms, used_size=7301120 bytes (17.8%)
(RDMA_READ_CONSUME_CHECK_CONSUMER) timestamp=10005 ms, used_size=7299072 bytes (17.8%)
(RDMA_READ_CONSUME_CHECK_CONSUMER) timestamp=10005 ms, used_size=7297024 bytes (17.8%)
(RDMA_READ_CONSUME_CHECK_CONSUMER) timestamp=10005 ms, used_size=7294976 bytes (17.8%)
(RDMA_READ_CONSUME_CHECK_CONSUMER) timestamp=10005 ms, used_size=7292928 bytes (17.8%)
(RDMA_READ_CONSUME_CHECK_CONSUMER) timestamp=10005 ms, used_size=7290880 bytes (17.8%)
(RDMA_READ_CONSUME_CHECK_CONSUMER) timestamp=10005 ms, used_size=7288832 bytes (17.8%)
(RDMA_READ_CONSUME_CHECK_CONSUMER) timestamp=10005 ms, used_size=7286784 bytes (17.8%)
(RDMA_READ_CONSUME_CHECK_CONSUMER) timestamp=10005 ms, used_size=7284736 bytes (17.8%)
(RDMA_READ_CONSUME_CHECK_CONSUMER) timestamp=10005 ms, used_size=7282688 bytes (17.8%)
(RDMA_READ_CONSUME_CHECK_CONSUMER) timestamp=10005 ms, used_size=7280640 bytes (17.8%)
(RDMA_READ_CONSUME_CHECK_CONSUMER) timestamp=10005 ms, used_size=7278592 bytes (17.8%)
(RDMA_READ_CONSUME_CHECK_CONSUMER) timestamp=10005 ms, used_size=7276544 bytes (17.8%)
(RDMA_READ_CONSUME_CHECK_CONSUMER) timestamp=10005 ms, used_size=7274496 bytes (17.8%)
(RDMA_READ_CONSUME_CHECK_CONSUMER) timestamp=10005 ms, used_size=7272448 bytes (17.8%)
(RDMA_READ_CONSUME_CHECK_CONSUMER) timestamp=10005 ms, used_size=7270400 bytes (17.8%)
(RDMA_READ_CONSUME_CHECK_CONSUMER) timestamp=10005 ms, used_size=7268352 bytes (17.7%)
(RDMA_READ_CONSUME_CHECK_CONSUMER) timestamp=10005 ms, used_size=7266304 bytes (17.7%)
(RDMA_READ_CONSUME_CHECK_CONSUMER) timestamp=10005 ms, used_size=7264256 bytes (17.7%)
(RDMA_READ_CONSUME_CHECK_CONSUMER) timestamp=10005 ms, used_size=7262208 bytes (17.7%)
(RDMA_READ_CONSUME_CHECK_CONSUMER) timestamp=10005 ms, used_size=7260160 bytes (17.7%)
(RDMA_READ_CONSUME_CHECK_CONSUMER) timestamp=10005 ms, used_size=7258112 bytes (17.7%)
(RDMA_READ_CONSUME_CHECK_CONSUMER) timestamp=10005 ms, used_size=7256064 bytes (17.7%)
(RDMA_READ_CONSUME_CHECK_CONSUMER) timestamp=10005 ms, used_size=7254016 bytes (17.7%)
(RDMA_READ_CONSUME_CHECK_CONSUMER) timestamp=10005 ms, used_size=7251968 bytes (17.7%)
(RDMA_READ_CONSUME_CHECK_CONSUMER) timestamp=10005 ms, used_size=7249920 bytes (17.7%)
(RDMA_READ_CONSUME_CHECK_CONSUMER) timestamp=10005 ms, used_size=7247872 bytes (17.7%)
(RDMA_READ_CONSUME_CHECK_CONSUMER) timestamp=10005 ms, used_size=7245824 bytes (17.7%)
(RDMA_READ_CONSUME_CHECK_CONSUMER) timestamp=10005 ms, used_size=7243776 bytes (17.7%)
(RDMA_READ_CONSUME_CHECK_CONSUMER) timestamp=10005 ms, used_size=7241728 bytes (17.7%)
(RDMA_READ_CONSUME_CHECK_CONSUMER) timestamp=10005 ms, used_size=7239680 bytes (17.7%)
(RDMA_READ_CONSUME_CHECK_CONSUMER) timestamp=10005 ms, used_size=7237632 bytes (17.7%)
(RDMA_READ_CONSUME_CHECK_CONSUMER) timestamp=10005 ms, used_size=7235584 bytes (17.7%)
(RDMA_READ_CONSUME_CHECK_CONSUMER) timestamp=10005 ms, used_size=7233536 bytes (17.7%)
(RDMA_READ_CONSUME_CHECK_CONSUMER) timestamp=10005 ms, used_size=7231488 bytes (17.7%)
(RDMA_READ_CONSUME_CHECK_CONSUMER) timestamp=10005 ms, used_size=7229440 bytes (17.6%)
(RDMA_READ_CONSUME_CHECK_CONSUMER) timestamp=10005 ms, used_size=7227392 bytes (17.6%)
(RDMA_READ_CONSUME_CHECK_CONSUMER) timestamp=10005 ms, used_size=7225344 bytes (17.6%)
(RDMA_READ_CONSUME_CHECK_CONSUMER) timestamp=10005 ms, used_size=7223296 bytes (17.6%)
(RDMA_READ_CONSUME_CHECK_CONSUMER) timestamp=10005 ms, used_size=7221248 bytes (17.6%)
(RDMA_READ_CONSUME_CHECK_CONSUMER) timestamp=10005 ms, used_size=7219200 bytes (17.6%)
(RDMA_READ_CONSUME_CHECK_CONSUMER) timestamp=10005 ms, used_size=7217152 bytes (17.6%)
(RDMA_READ_CONSUME_CHECK_CONSUMER) timestamp=10005 ms, used_size=7215104 bytes (17.6%)
(RDMA_READ_CONSUME_CHECK_CONSUMER) timestamp=10005 ms, used_size=7213056 bytes (17.6%)
(RDMA_READ_CONSUME_CHECK_CONSUMER) timestamp=10005 ms, used_size=7211008 bytes (17.6%)
(RDMA_READ_CONSUME_CHECK_CONSUMER) timestamp=10005 ms, used_size=7208960 bytes (17.6%)
(RDMA_READ_CONSUME_CHECK_CONSUMER) timestamp=10005 ms, used_size=7206912 bytes (17.6%)
(RDMA_READ_CONSUME_CHECK_CONSUMER) timestamp=10005 ms, used_size=7204864 bytes (17.6%)
(RDMA_READ_CONSUME_CHECK_CONSUMER) timestamp=10005 ms, used_size=7202816 bytes (17.6%)
(RDMA_READ_CONSUME_CHECK_CONSUMER) timestamp=10005 ms, used_size=7200768 bytes (17.6%)
(RDMA_READ_CONSUME_CHECK_CONSUMER) timestamp=10005 ms, used_size=7198720 bytes (17.6%)
(RDMA_READ_CONSUME_CHECK_CONSUMER) timestamp=10005 ms, used_size=7196672 bytes (17.6%)
(RDMA_READ_CONSUME_CHECK_CONSUMER) timestamp=10005 ms, used_size=7194624 bytes (17.6%)
(RDMA_READ_CONSUME_CHECK_CONSUMER) timestamp=10005 ms, used_size=7192576 bytes (17.6%)
(RDMA_READ_CONSUME_CHECK_CONSUMER) timestamp=10005 ms, used_size=7190528 bytes (17.6%)
(RDMA_READ_CONSUME_CHECK_CONSUMER) timestamp=10005 ms, used_size=7188480 bytes (17.6%)
(RDMA_READ_CONSUME_CHECK_CONSUMER) timestamp=10005 ms, used_size=7186432 bytes (17.5%)
(RDMA_READ_CONSUME_CHECK_CONSUMER) timestamp=10005 ms, used_size=7184384 bytes (17.5%)
(RDMA_READ_CONSUME_CHECK_CONSUMER) timestamp=10005 ms, used_size=7182336 bytes (17.5%)
(RDMA_READ_CONSUME_CHECK_CONSUMER) timestamp=10005 ms, used_size=7180288 bytes (17.5%)
(RDMA_READ_CONSUME_CHECK_CONSUMER) timestamp=10005 ms, used_size=7178240 bytes (17.5%)
(RDMA_READ_CONSUME_CHECK_CONSUMER) timestamp=10005 ms, used_size=7176192 bytes (17.5%)
(RDMA_READ_CONSUME_CHECK_CONSUMER) timestamp=10005 ms, used_size=7174144 bytes (17.5%)
(RDMA_READ_CONSUME_CHECK_CONSUMER) timestamp=10005 ms, used_size=7172096 bytes (17.5%)
(RDMA_READ_CONSUME_CHECK_CONSUMER) timestamp=10005 ms, used_size=7170048 bytes (17.5%)
(RDMA_READ_CONSUME_CHECK_CONSUMER) timestamp=10005 ms, used_size=7168000 bytes (17.5%)
(RDMA_READ_CONSUME_CHECK_CONSUMER) timestamp=10005 ms, used_size=7165952 bytes (17.5%)
(RDMA_READ_CONSUME_CHECK_CONSUMER) timestamp=10005 ms, used_size=7163904 bytes (17.5%)
(RDMA_READ_CONSUME_CHECK_CONSUMER) timestamp=10005 ms, used_size=7161856 bytes (17.5%)
(RDMA_READ_CONSUME_CHECK_CONSUMER) timestamp=10005 ms, used_size=7159808 bytes (17.5%)
(RDMA_READ_CONSUME_CHECK_CONSUMER) timestamp=10005 ms, used_size=7157760 bytes (17.5%)
(RDMA_READ_CONSUME_CHECK_CONSUMER) timestamp=10005 ms, used_size=7155712 bytes (17.5%)
(RDMA_READ_CONSUME_CHECK_CONSUMER) timestamp=10005 ms, used_size=7153664 bytes (17.5%)
(RDMA_READ_CONSUME_CHECK_CONSUMER) timestamp=10005 ms, used_size=7151616 bytes (17.5%)
(RDMA_READ_CONSUME_CHECK_CONSUMER) timestamp=10005 ms, used_size=7149568 bytes (17.5%)
(RDMA_READ_CONSUME_CHECK_CONSUMER) timestamp=10005 ms, used_size=7147520 bytes (17.4%)
(RDMA_READ_CONSUME_CHECK_CONSUMER) timestamp=10005 ms, used_size=7145472 bytes (17.4%)
(RDMA_READ_CONSUME_CHECK_CONSUMER) timestamp=10005 ms, used_size=7143424 bytes (17.4%)
(RDMA_READ_CONSUME_CHECK_CONSUMER) timestamp=10005 ms, used_size=7141376 bytes (17.4%)
(RDMA_READ_CONSUME_CHECK_CONSUMER) timestamp=10005 ms, used_size=7139328 bytes (17.4%)
(RDMA_READ_CONSUME_CHECK_CONSUMER) timestamp=10005 ms, used_size=7137280 bytes (17.4%)
(RDMA_READ_CONSUME_CHECK_CONSUMER) timestamp=10005 ms, used_size=7135232 bytes (17.4%)
(RDMA_READ_CONSUME_CHECK_CONSUMER) timestamp=10005 ms, used_size=7133184 bytes (17.4%)
(RDMA_READ_CONSUME_CHECK_CONSUMER) timestamp=10005 ms, used_size=7131136 bytes (17.4%)
(RDMA_READ_CONSUME_CHECK_CONSUMER) timestamp=10005 ms, used_size=7129088 bytes (17.4%)
(RDMA_READ_CONSUME_CHECK_CONSUMER) timestamp=10005 ms, used_size=7127040 bytes (17.4%)
(RDMA_READ_CONSUME_CHECK_CONSUMER) timestamp=10005 ms, used_size=7124992 bytes (17.4%)
(RDMA_READ_CONSUME_CHECK_CONSUMER) timestamp=10005 ms, used_size=7122944 bytes (17.4%)
(RDMA_READ_CONSUME_CHECK_CONSUMER) timestamp=10005 ms, used_size=7120896 bytes (17.4%)
(RDMA_READ_CONSUME_CHECK_CONSUMER) timestamp=10005 ms, used_size=7118848 bytes (17.4%)
(RDMA_READ_CONSUME_CHECK_CONSUMER) timestamp=10005 ms, used_size=7116800 bytes (17.4%)
(RDMA_READ_CONSUME_CHECK_CONSUMER) timestamp=10005 ms, used_size=7114752 bytes (17.4%)
(RDMA_READ_CONSUME_CHECK_CONSUMER) timestamp=10005 ms, used_size=7112704 bytes (17.4%)
(RDMA_READ_CONSUME_CHECK_CONSUMER) timestamp=10005 ms, used_size=7110656 bytes (17.4%)
(RDMA_READ_CONSUME_CHECK_CONSUMER) timestamp=10005 ms, used_size=7108608 bytes (17.4%)
(RDMA_READ_CONSUME_CHECK_CONSUMER) timestamp=10005 ms, used_size=7106560 bytes (17.4%)
(RDMA_READ_CONSUME_CHECK_CONSUMER) timestamp=10005 ms, used_size=7104512 bytes (17.3%)
(RDMA_READ_CONSUME_CHECK_CONSUMER) timestamp=10005 ms, used_size=7102464 bytes (17.3%)
(RDMA_READ_CONSUME_CHECK_CONSUMER) timestamp=10005 ms, used_size=7100416 bytes (17.3%)
(RDMA_READ_CONSUME_CHECK_CONSUMER) timestamp=10005 ms, used_size=7098368 bytes (17.3%)
(RDMA_READ_CONSUME_CHECK_CONSUMER) timestamp=10005 ms, used_size=7096320 bytes (17.3%)
(RDMA_READ_CONSUME_CHECK_CONSUMER) timestamp=10005 ms, used_size=7094272 bytes (17.3%)
(RDMA_READ_CONSUME_CHECK_CONSUMER) timestamp=10005 ms, used_size=7092224 bytes (17.3%)
(RDMA_READ_CONSUME_CHECK_CONSUMER) timestamp=10005 ms, used_size=7090176 bytes (17.3%)
(RDMA_READ_CONSUME_CHECK_CONSUMER) timestamp=10005 ms, used_size=7088128 bytes (17.3%)
(RDMA_READ_CONSUME_CHECK_CONSUMER) timestamp=10005 ms, used_size=7086080 bytes (17.3%)
(RDMA_READ_CONSUME_CHECK_CONSUMER) timestamp=10005 ms, used_size=7084032 bytes (17.3%)
(RDMA_READ_CONSUME_CHECK_CONSUMER) timestamp=10005 ms, used_size=7081984 bytes (17.3%)
(RDMA_READ_CONSUME_CHECK_CONSUMER) timestamp=10005 ms, used_size=7079936 bytes (17.3%)
(RDMA_READ_CONSUME_CHECK_CONSUMER) timestamp=10005 ms, used_size=7077888 bytes (17.3%)
(RDMA_READ_CONSUME_CHECK_CONSUMER) timestamp=10005 ms, used_size=7075840 bytes (17.3%)
(RDMA_READ_CONSUME_CHECK_CONSUMER) timestamp=10005 ms, used_size=7073792 bytes (17.3%)
(RDMA_READ_CONSUME_CHECK_CONSUMER) timestamp=10005 ms, used_size=7071744 bytes (17.3%)
(RDMA_READ_CONSUME_CHECK_CONSUMER) timestamp=10005 ms, used_size=7069696 bytes (17.3%)
(RDMA_READ_CONSUME_CHECK_CONSUMER) timestamp=10005 ms, used_size=7067648 bytes (17.3%)
(RDMA_READ_CONSUME_CHECK_CONSUMER) timestamp=10005 ms, used_size=7065600 bytes (17.2%)
(RDMA_READ_CONSUME_CHECK_CONSUMER) timestamp=10005 ms, used_size=7063552 bytes (17.2%)
(RDMA_READ_CONSUME_CHECK_CONSUMER) timestamp=10005 ms, used_size=7061504 bytes (17.2%)
(RDMA_READ_CONSUME_CHECK_CONSUMER) timestamp=10005 ms, used_size=7059456 bytes (17.2%)
(RDMA_READ_CONSUME_CHECK_CONSUMER) timestamp=10005 ms, used_size=7057408 bytes (17.2%)
(RDMA_READ_CONSUME_CHECK_CONSUMER) timestamp=10005 ms, used_size=7055360 bytes (17.2%)
(RDMA_READ_CONSUME_CHECK_CONSUMER) timestamp=10005 ms, used_size=7053312 bytes (17.2%)
(RDMA_READ_CONSUME_CHECK_CONSUMER) timestamp=10005 ms, used_size=7051264 bytes (17.2%)
(RDMA_READ_CONSUME_CHECK_CONSUMER) timestamp=10005 ms, used_size=7049216 bytes (17.2%)
(RDMA_READ_CONSUME_CHECK_CONSUMER) timestamp=10005 ms, used_size=7047168 bytes (17.2%)
(RDMA_READ_CONSUME_CHECK_CONSUMER) timestamp=10005 ms, used_size=7045120 bytes (17.2%)
(RDMA_READ_CONSUME_CHECK_CONSUMER) timestamp=10005 ms, used_size=7043072 bytes (17.2%)
(RDMA_READ_CONSUME_CHECK_CONSUMER) timestamp=10005 ms, used_size=7041024 bytes (17.2%)
(RDMA_READ_CONSUME_CHECK_CONSUMER) timestamp=10005 ms, used_size=7038976 bytes (17.2%)
(RDMA_READ_CONSUME_CHECK_CONSUMER) timestamp=10005 ms, used_size=7036928 bytes (17.2%)
(RDMA_READ_CONSUME_CHECK_CONSUMER) timestamp=10005 ms, used_size=7034880 bytes (17.2%)
(RDMA_READ_CONSUME_CHECK_CONSUMER) timestamp=10005 ms, used_size=7032832 bytes (17.2%)
(RDMA_READ_CONSUME_CHECK_CONSUMER) timestamp=10005 ms, used_size=7030784 bytes (17.2%)
(RDMA_READ_CONSUME_CHECK_CONSUMER) timestamp=10005 ms, used_size=7028736 bytes (17.2%)
(RDMA_READ_CONSUME_CHECK_CONSUMER) timestamp=10005 ms, used_size=7026688 bytes (17.2%)
(RDMA_READ_CONSUME_CHECK_CONSUMER) timestamp=10005 ms, used_size=7024640 bytes (17.1%)
(RDMA_READ_CONSUME_CHECK_CONSUMER) timestamp=10005 ms, used_size=7022592 bytes (17.1%)
(RDMA_READ_CONSUME_CHECK_CONSUMER) timestamp=10005 ms, used_size=7020544 bytes (17.1%)
(RDMA_READ_CONSUME_CHECK_CONSUMER) timestamp=10005 ms, used_size=7018496 bytes (17.1%)
(RDMA_READ_CONSUME_CHECK_CONSUMER) timestamp=10005 ms, used_size=7016448 bytes (17.1%)
(RDMA_READ_CONSUME_CHECK_CONSUMER) timestamp=10005 ms, used_size=7014400 bytes (17.1%)
(RDMA_READ_CONSUME_CHECK_CONSUMER) timestamp=10005 ms, used_size=7012352 bytes (17.1%)
(RDMA_READ_CONSUME_CHECK_CONSUMER) timestamp=10005 ms, used_size=7010304 bytes (17.1%)
(RDMA_READ_CONSUME_CHECK_CONSUMER) timestamp=10005 ms, used_size=7008256 bytes (17.1%)
(RDMA_READ_CONSUME_CHECK_CONSUMER) timestamp=10005 ms, used_size=7006208 bytes (17.1%)
(RDMA_READ_CONSUME_CHECK_CONSUMER) timestamp=10005 ms, used_size=7004160 bytes (17.1%)
(RDMA_READ_CONSUME_CHECK_CONSUMER) timestamp=10005 ms, used_size=7002112 bytes (17.1%)
(RDMA_READ_CONSUME_CHECK_CONSUMER) timestamp=10005 ms, used_size=7000064 bytes (17.1%)
(RDMA_READ_CONSUME_CHECK_CONSUMER) timestamp=10005 ms, used_size=6998016 bytes (17.1%)
(RDMA_READ_CONSUME_CHECK_CONSUMER) timestamp=10005 ms, used_size=6995968 bytes (17.1%)
(RDMA_READ_CONSUME_CHECK_CONSUMER) timestamp=10005 ms, used_size=6993920 bytes (17.1%)
(RDMA_READ_CONSUME_CHECK_CONSUMER) timestamp=10005 ms, used_size=6991872 bytes (17.1%)
(RDMA_READ_CONSUME_CHECK_CONSUMER) timestamp=10005 ms, used_size=6989824 bytes (17.1%)
(RDMA_READ_CONSUME_CHECK_CONSUMER) timestamp=10005 ms, used_size=6987776 bytes (17.1%)
(RDMA_READ_CONSUME_CHECK_CONSUMER) timestamp=10005 ms, used_size=6985728 bytes (17.1%)
(RDMA_READ_CONSUME_CHECK_CONSUMER) timestamp=10005 ms, used_size=6983680 bytes (17.1%)
(RDMA_READ_CONSUME_CHECK_CONSUMER) timestamp=10006 ms, used_size=6981632 bytes (17.0%)
(RDMA_READ_CONSUME_CHECK_CONSUMER) timestamp=10006 ms, used_size=6979584 bytes (17.0%)
(RDMA_READ_CONSUME_CHECK_CONSUMER) timestamp=10006 ms, used_size=6977536 bytes (17.0%)
(RDMA_READ_CONSUME_CHECK_CONSUMER) timestamp=10006 ms, used_size=6975488 bytes (17.0%)
(RDMA_READ_CONSUME_CHECK_CONSUMER) timestamp=10006 ms, used_size=6973440 bytes (17.0%)
(RDMA_READ_CONSUME_CHECK_CONSUMER) timestamp=10006 ms, used_size=6971392 bytes (17.0%)
(RDMA_READ_CONSUME_CHECK_CONSUMER) timestamp=10006 ms, used_size=6969344 bytes (17.0%)
(RDMA_READ_CONSUME_CHECK_CONSUMER) timestamp=10006 ms, used_size=6967296 bytes (17.0%)
(RDMA_READ_CONSUME_CHECK_CONSUMER) timestamp=10006 ms, used_size=6965248 bytes (17.0%)
(RDMA_READ_CONSUME_CHECK_CONSUMER) timestamp=10006 ms, used_size=6963200 bytes (17.0%)
(RDMA_READ_CONSUME_CHECK_CONSUMER) timestamp=10006 ms, used_size=6961152 bytes (17.0%)
(RDMA_READ_CONSUME_CHECK_CONSUMER) timestamp=10006 ms, used_size=6959104 bytes (17.0%)
(RDMA_READ_CONSUME_CHECK_CONSUMER) timestamp=10006 ms, used_size=6957056 bytes (17.0%)
(RDMA_READ_CONSUME_CHECK_CONSUMER) timestamp=10006 ms, used_size=6955008 bytes (17.0%)
(RDMA_READ_CONSUME_CHECK_CONSUMER) timestamp=10006 ms, used_size=6952960 bytes (17.0%)
(RDMA_READ_CONSUME_CHECK_CONSUMER) timestamp=10006 ms, used_size=6950912 bytes (17.0%)
(RDMA_READ_CONSUME_CHECK_CONSUMER) timestamp=10006 ms, used_size=6948864 bytes (17.0%)
(RDMA_READ_CONSUME_CHECK_CONSUMER) timestamp=10006 ms, used_size=6946816 bytes (17.0%)
(RDMA_READ_CONSUME_CHECK_CONSUMER) timestamp=10006 ms, used_size=6944768 bytes (17.0%)
(RDMA_READ_CONSUME_CHECK_CONSUMER) timestamp=10006 ms, used_size=6942720 bytes (16.9%)
(RDMA_READ_CONSUME_CHECK_CONSUMER) timestamp=10006 ms, used_size=6940672 bytes (16.9%)
(RDMA_READ_CONSUME_CHECK_CONSUMER) timestamp=10006 ms, used_size=6938624 bytes (16.9%)
(RDMA_READ_CONSUME_CHECK_CONSUMER) timestamp=10006 ms, used_size=6936576 bytes (16.9%)
(RDMA_READ_CONSUME_CHECK_CONSUMER) timestamp=10006 ms, used_size=6934528 bytes (16.9%)
(RDMA_READ_CONSUME_CHECK_CONSUMER) timestamp=10006 ms, used_size=6932480 bytes (16.9%)
(RDMA_READ_CONSUME_CHECK_CONSUMER) timestamp=10006 ms, used_size=6930432 bytes (16.9%)
(RDMA_READ_CONSUME_CHECK_CONSUMER) timestamp=10006 ms, used_size=6928384 bytes (16.9%)
(RDMA_READ_CONSUME_CHECK_CONSUMER) timestamp=10006 ms, used_size=6926336 bytes (16.9%)
(RDMA_READ_CONSUME_CHECK_CONSUMER) timestamp=10006 ms, used_size=6924288 bytes (16.9%)
(RDMA_READ_CONSUME_CHECK_CONSUMER) timestamp=10006 ms, used_size=6922240 bytes (16.9%)
(RDMA_READ_CONSUME_CHECK_CONSUMER) timestamp=10006 ms, used_size=6920192 bytes (16.9%)
(RDMA_READ_CONSUME_CHECK_CONSUMER) timestamp=10006 ms, used_size=6918144 bytes (16.9%)
(RDMA_READ_CONSUME_CHECK_CONSUMER) timestamp=10006 ms, used_size=6916096 bytes (16.9%)
(RDMA_READ_CONSUME_CHECK_CONSUMER) timestamp=10006 ms, used_size=6914048 bytes (16.9%)
(RDMA_READ_CONSUME_CHECK_CONSUMER) timestamp=10006 ms, used_size=6912000 bytes (16.9%)
(RDMA_READ_CONSUME_CHECK_CONSUMER) timestamp=10006 ms, used_size=6909952 bytes (16.9%)
(RDMA_READ_CONSUME_CHECK_CONSUMER) timestamp=10006 ms, used_size=6907904 bytes (16.9%)
(RDMA_READ_CONSUME_CHECK_CONSUMER) timestamp=10006 ms, used_size=6905856 bytes (16.9%)
(RDMA_READ_CONSUME_CHECK_CONSUMER) timestamp=10006 ms, used_size=6903808 bytes (16.9%)
(RDMA_READ_CONSUME_CHECK_CONSUMER) timestamp=10006 ms, used_size=6901760 bytes (16.9%)
(RDMA_READ_CONSUME_CHECK_CONSUMER) timestamp=10006 ms, used_size=6899712 bytes (16.8%)
(RDMA_READ_CONSUME_CHECK_CONSUMER) timestamp=10006 ms, used_size=6897664 bytes (16.8%)
(RDMA_READ_CONSUME_CHECK_CONSUMER) timestamp=10006 ms, used_size=6895616 bytes (16.8%)
(RDMA_READ_CONSUME_CHECK_CONSUMER) timestamp=10006 ms, used_size=6893568 bytes (16.8%)
(RDMA_READ_CONSUME_CHECK_CONSUMER) timestamp=10006 ms, used_size=6891520 bytes (16.8%)
(RDMA_READ_CONSUME_CHECK_CONSUMER) timestamp=10006 ms, used_size=6889472 bytes (16.8%)
(RDMA_READ_CONSUME_CHECK_CONSUMER) timestamp=10006 ms, used_size=6887424 bytes (16.8%)
(RDMA_READ_CONSUME_CHECK_CONSUMER) timestamp=10006 ms, used_size=6885376 bytes (16.8%)
(RDMA_READ_CONSUME_CHECK_CONSUMER) timestamp=10006 ms, used_size=6883328 bytes (16.8%)
(RDMA_READ_CONSUME_CHECK_CONSUMER) timestamp=10006 ms, used_size=6881280 bytes (16.8%)
(RDMA_READ_CONSUME_CHECK_CONSUMER) timestamp=10006 ms, used_size=6879232 bytes (16.8%)
(RDMA_READ_CONSUME_CHECK_CONSUMER) timestamp=10006 ms, used_size=6877184 bytes (16.8%)
(RDMA_READ_CONSUME_CHECK_CONSUMER) timestamp=10006 ms, used_size=6875136 bytes (16.8%)
(RDMA_READ_CONSUME_CHECK_CONSUMER) timestamp=10006 ms, used_size=6873088 bytes (16.8%)
(RDMA_READ_CONSUME_CHECK_CONSUMER) timestamp=10006 ms, used_size=6871040 bytes (16.8%)
(RDMA_READ_CONSUME_CHECK_CONSUMER) timestamp=10006 ms, used_size=6868992 bytes (16.8%)
(RDMA_READ_CONSUME_CHECK_CONSUMER) timestamp=10006 ms, used_size=6866944 bytes (16.8%)
(RDMA_READ_CONSUME_CHECK_CONSUMER) timestamp=10006 ms, used_size=6864896 bytes (16.8%)
(RDMA_READ_CONSUME_CHECK_CONSUMER) timestamp=10006 ms, used_size=6862848 bytes (16.8%)
(RDMA_READ_CONSUME_CHECK_CONSUMER) timestamp=10006 ms, used_size=6860800 bytes (16.8%)
(RDMA_READ_CONSUME_CHECK_CONSUMER) timestamp=10006 ms, used_size=6858752 bytes (16.7%)
(RDMA_READ_CONSUME_CHECK_CONSUMER) timestamp=10006 ms, used_size=6856704 bytes (16.7%)
(RDMA_READ_CONSUME_CHECK_CONSUMER) timestamp=10006 ms, used_size=6854656 bytes (16.7%)
(RDMA_READ_CONSUME_CHECK_CONSUMER) timestamp=10006 ms, used_size=6852608 bytes (16.7%)
(RDMA_READ_CONSUME_CHECK_CONSUMER) timestamp=10006 ms, used_size=6850560 bytes (16.7%)
(RDMA_READ_CONSUME_CHECK_CONSUMER) timestamp=10006 ms, used_size=6848512 bytes (16.7%)
(RDMA_READ_CONSUME_CHECK_CONSUMER) timestamp=10006 ms, used_size=6846464 bytes (16.7%)
(RDMA_READ_CONSUME_CHECK_CONSUMER) timestamp=10006 ms, used_size=6844416 bytes (16.7%)
(RDMA_READ_CONSUME_CHECK_CONSUMER) timestamp=10006 ms, used_size=6842368 bytes (16.7%)
(RDMA_READ_CONSUME_CHECK_CONSUMER) timestamp=10006 ms, used_size=6840320 bytes (16.7%)
(RDMA_READ_CONSUME_CHECK_CONSUMER) timestamp=10006 ms, used_size=6838272 bytes (16.7%)
(RDMA_READ_CONSUME_CHECK_CONSUMER) timestamp=10006 ms, used_size=6836224 bytes (16.7%)
(RDMA_READ_CONSUME_CHECK_CONSUMER) timestamp=10006 ms, used_size=6834176 bytes (16.7%)
(RDMA_READ_CONSUME_CHECK_CONSUMER) timestamp=10006 ms, used_size=6832128 bytes (16.7%)
(RDMA_READ_CONSUME_CHECK_CONSUMER) timestamp=10006 ms, used_size=6830080 bytes (16.7%)
(RDMA_READ_CONSUME_CHECK_CONSUMER) timestamp=10006 ms, used_size=6828032 bytes (16.7%)
(RDMA_READ_CONSUME_CHECK_CONSUMER) timestamp=10006 ms, used_size=6825984 bytes (16.7%)
(RDMA_READ_CONSUME_CHECK_CONSUMER) timestamp=10006 ms, used_size=6823936 bytes (16.7%)
(RDMA_READ_CONSUME_CHECK_CONSUMER) timestamp=10006 ms, used_size=6821888 bytes (16.7%)
(RDMA_READ_CONSUME_CHECK_CONSUMER) timestamp=10006 ms, used_size=6819840 bytes (16.6%)
(RDMA_READ_CONSUME_CHECK_CONSUMER) timestamp=10006 ms, used_size=6817792 bytes (16.6%)
(RDMA_READ_CONSUME_CHECK_CONSUMER) timestamp=10006 ms, used_size=6815744 bytes (16.6%)
(RDMA_READ_CONSUME_CHECK_CONSUMER) timestamp=10006 ms, used_size=6813696 bytes (16.6%)
(RDMA_READ_CONSUME_CHECK_CONSUMER) timestamp=10006 ms, used_size=6811648 bytes (16.6%)
(RDMA_READ_CONSUME_CHECK_CONSUMER) timestamp=10006 ms, used_size=6809600 bytes (16.6%)
(RDMA_READ_CONSUME_CHECK_CONSUMER) timestamp=10006 ms, used_size=6807552 bytes (16.6%)
(RDMA_READ_CONSUME_CHECK_CONSUMER) timestamp=10006 ms, used_size=6805504 bytes (16.6%)
(RDMA_READ_CONSUME_CHECK_CONSUMER) timestamp=10006 ms, used_size=6803456 bytes (16.6%)
(RDMA_READ_CONSUME_CHECK_CONSUMER) timestamp=10006 ms, used_size=6801408 bytes (16.6%)
(RDMA_READ_CONSUME_CHECK_CONSUMER) timestamp=10006 ms, used_size=6799360 bytes (16.6%)
(RDMA_READ_CONSUME_CHECK_CONSUMER) timestamp=10006 ms, used_size=6797312 bytes (16.6%)
(RDMA_READ_CONSUME_CHECK_CONSUMER) timestamp=10006 ms, used_size=6795264 bytes (16.6%)
(RDMA_READ_CONSUME_CHECK_CONSUMER) timestamp=10006 ms, used_size=6793216 bytes (16.6%)
(RDMA_READ_CONSUME_CHECK_CONSUMER) timestamp=10006 ms, used_size=6791168 bytes (16.6%)
(RDMA_READ_CONSUME_CHECK_CONSUMER) timestamp=10006 ms, used_size=6789120 bytes (16.6%)
(RDMA_READ_CONSUME_CHECK_CONSUMER) timestamp=10006 ms, used_size=6787072 bytes (16.6%)
(RDMA_READ_CONSUME_CHECK_CONSUMER) timestamp=10006 ms, used_size=6785024 bytes (16.6%)
(RDMA_READ_CONSUME_CHECK_CONSUMER) timestamp=10006 ms, used_size=6782976 bytes (16.6%)
(RDMA_READ_CONSUME_CHECK_CONSUMER) timestamp=10006 ms, used_size=6780928 bytes (16.6%)
(RDMA_READ_CONSUME_CHECK_CONSUMER) timestamp=10006 ms, used_size=6778880 bytes (16.6%)
(RDMA_READ_CONSUME_CHECK_CONSUMER) timestamp=10006 ms, used_size=6776832 bytes (16.5%)
(RDMA_READ_CONSUME_CHECK_CONSUMER) timestamp=10006 ms, used_size=6774784 bytes (16.5%)
(RDMA_READ_CONSUME_CHECK_CONSUMER) timestamp=10006 ms, used_size=6772736 bytes (16.5%)
(RDMA_READ_CONSUME_CHECK_CONSUMER) timestamp=10006 ms, used_size=6770688 bytes (16.5%)
(RDMA_READ_CONSUME_CHECK_CONSUMER) timestamp=10006 ms, used_size=6768640 bytes (16.5%)
(RDMA_READ_CONSUME_CHECK_CONSUMER) timestamp=10006 ms, used_size=6766592 bytes (16.5%)
(RDMA_READ_CONSUME_CHECK_CONSUMER) timestamp=10006 ms, used_size=6764544 bytes (16.5%)
(RDMA_READ_CONSUME_CHECK_CONSUMER) timestamp=10006 ms, used_size=6762496 bytes (16.5%)
(RDMA_READ_CONSUME_CHECK_CONSUMER) timestamp=10006 ms, used_size=6760448 bytes (16.5%)
(RDMA_READ_CONSUME_CHECK_CONSUMER) timestamp=10006 ms, used_size=6758400 bytes (16.5%)
(RDMA_READ_CONSUME_CHECK_CONSUMER) timestamp=10006 ms, used_size=6756352 bytes (16.5%)
(RDMA_READ_CONSUME_CHECK_CONSUMER) timestamp=10006 ms, used_size=6754304 bytes (16.5%)
(RDMA_READ_CONSUME_CHECK_CONSUMER) timestamp=10006 ms, used_size=6752256 bytes (16.5%)
(RDMA_READ_CONSUME_CHECK_CONSUMER) timestamp=10006 ms, used_size=6750208 bytes (16.5%)
(RDMA_READ_CONSUME_CHECK_CONSUMER) timestamp=10006 ms, used_size=6748160 bytes (16.5%)
(RDMA_READ_CONSUME_CHECK_CONSUMER) timestamp=10006 ms, used_size=6746112 bytes (16.5%)
(RDMA_READ_CONSUME_CHECK_CONSUMER) timestamp=10006 ms, used_size=6744064 bytes (16.5%)
(RDMA_READ_CONSUME_CHECK_CONSUMER) timestamp=10006 ms, used_size=6742016 bytes (16.5%)
(RDMA_READ_CONSUME_CHECK_CONSUMER) timestamp=10006 ms, used_size=6739968 bytes (16.5%)
(RDMA_READ_CONSUME_CHECK_CONSUMER) timestamp=10006 ms, used_size=6737920 bytes (16.4%)
(RDMA_READ_CONSUME_CHECK_CONSUMER) timestamp=10006 ms, used_size=6735872 bytes (16.4%)
(RDMA_READ_CONSUME_CHECK_CONSUMER) timestamp=10006 ms, used_size=6733824 bytes (16.4%)
(RDMA_READ_CONSUME_CHECK_CONSUMER) timestamp=10006 ms, used_size=6731776 bytes (16.4%)
(RDMA_READ_CONSUME_CHECK_CONSUMER) timestamp=10006 ms, used_size=6729728 bytes (16.4%)
(RDMA_READ_CONSUME_CHECK_CONSUMER) timestamp=10006 ms, used_size=6727680 bytes (16.4%)
(RDMA_READ_CONSUME_CHECK_CONSUMER) timestamp=10006 ms, used_size=6725632 bytes (16.4%)
(RDMA_READ_CONSUME_CHECK_CONSUMER) timestamp=10006 ms, used_size=6723584 bytes (16.4%)
(RDMA_READ_CONSUME_CHECK_CONSUMER) timestamp=10006 ms, used_size=6721536 bytes (16.4%)
(RDMA_READ_CONSUME_CHECK_CONSUMER) timestamp=10006 ms, used_size=6719488 bytes (16.4%)
(RDMA_READ_CONSUME_CHECK_CONSUMER) timestamp=10006 ms, used_size=6717440 bytes (16.4%)
(RDMA_READ_CONSUME_CHECK_CONSUMER) timestamp=10006 ms, used_size=6715392 bytes (16.4%)
(RDMA_READ_CONSUME_CHECK_CONSUMER) timestamp=10006 ms, used_size=6713344 bytes (16.4%)
(RDMA_READ_CONSUME_CHECK_CONSUMER) timestamp=10006 ms, used_size=6711296 bytes (16.4%)
(RDMA_READ_CONSUME_CHECK_CONSUMER) timestamp=10006 ms, used_size=6709248 bytes (16.4%)
(RDMA_READ_CONSUME_CHECK_CONSUMER) timestamp=10006 ms, used_size=6707200 bytes (16.4%)
(RDMA_READ_CONSUME_CHECK_CONSUMER) timestamp=10006 ms, used_size=6705152 bytes (16.4%)
(RDMA_READ_CONSUME_CHECK_CONSUMER) timestamp=10006 ms, used_size=6703104 bytes (16.4%)
(RDMA_READ_CONSUME_CHECK_CONSUMER) timestamp=10006 ms, used_size=6701056 bytes (16.4%)
(RDMA_READ_CONSUME_CHECK_CONSUMER) timestamp=10006 ms, used_size=6699008 bytes (16.4%)
(RDMA_READ_CONSUME_CHECK_CONSUMER) timestamp=10006 ms, used_size=6696960 bytes (16.4%)
(RDMA_READ_CONSUME_CHECK_CONSUMER) timestamp=10006 ms, used_size=6694912 bytes (16.3%)
(RDMA_READ_CONSUME_CHECK_CONSUMER) timestamp=10006 ms, used_size=6692864 bytes (16.3%)
(RDMA_READ_CONSUME_CHECK_CONSUMER) timestamp=10006 ms, used_size=6690816 bytes (16.3%)
(RDMA_READ_CONSUME_CHECK_CONSUMER) timestamp=10006 ms, used_size=6688768 bytes (16.3%)
(RDMA_READ_CONSUME_CHECK_CONSUMER) timestamp=10006 ms, used_size=6686720 bytes (16.3%)
(RDMA_READ_CONSUME_CHECK_CONSUMER) timestamp=10006 ms, used_size=6684672 bytes (16.3%)
(RDMA_READ_CONSUME_CHECK_CONSUMER) timestamp=10006 ms, used_size=6682624 bytes (16.3%)
(RDMA_READ_CONSUME_CHECK_CONSUMER) timestamp=10006 ms, used_size=6680576 bytes (16.3%)
(RDMA_READ_CONSUME_CHECK_CONSUMER) timestamp=10006 ms, used_size=6678528 bytes (16.3%)
(RDMA_READ_CONSUME_CHECK_CONSUMER) timestamp=10006 ms, used_size=6676480 bytes (16.3%)
(RDMA_READ_CONSUME_CHECK_CONSUMER) timestamp=10006 ms, used_size=6674432 bytes (16.3%)
(RDMA_READ_CONSUME_CHECK_CONSUMER) timestamp=10006 ms, used_size=6672384 bytes (16.3%)
(RDMA_READ_CONSUME_CHECK_CONSUMER) timestamp=10006 ms, used_size=6670336 bytes (16.3%)
(RDMA_READ_CONSUME_CHECK_CONSUMER) timestamp=10006 ms, used_size=6668288 bytes (16.3%)
(RDMA_READ_CONSUME_CHECK_CONSUMER) timestamp=10006 ms, used_size=6666240 bytes (16.3%)
(RDMA_READ_CONSUME_CHECK_CONSUMER) timestamp=10006 ms, used_size=6664192 bytes (16.3%)
(RDMA_READ_CONSUME_CHECK_CONSUMER) timestamp=10006 ms, used_size=6662144 bytes (16.3%)
(RDMA_READ_CONSUME_CHECK_CONSUMER) timestamp=10006 ms, used_size=6660096 bytes (16.3%)
(RDMA_READ_CONSUME_CHECK_CONSUMER) timestamp=10006 ms, used_size=6658048 bytes (16.3%)
(RDMA_READ_CONSUME_CHECK_CONSUMER) timestamp=10006 ms, used_size=6656000 bytes (16.2%)
(RDMA_READ_CONSUME_CHECK_CONSUMER) timestamp=10006 ms, used_size=6653952 bytes (16.2%)
(RDMA_READ_CONSUME_CHECK_CONSUMER) timestamp=10006 ms, used_size=6651904 bytes (16.2%)
(RDMA_READ_CONSUME_CHECK_CONSUMER) timestamp=10006 ms, used_size=6649856 bytes (16.2%)
(RDMA_READ_CONSUME_CHECK_CONSUMER) timestamp=10006 ms, used_size=6647808 bytes (16.2%)
(RDMA_READ_CONSUME_CHECK_CONSUMER) timestamp=10006 ms, used_size=6645760 bytes (16.2%)
(RDMA_READ_CONSUME_CHECK_CONSUMER) timestamp=10006 ms, used_size=6643712 bytes (16.2%)
(RDMA_READ_CONSUME_CHECK_CONSUMER) timestamp=10007 ms, used_size=6641664 bytes (16.2%)
(RDMA_READ_CONSUME_CHECK_CONSUMER) timestamp=10007 ms, used_size=6639616 bytes (16.2%)
(RDMA_READ_CONSUME_CHECK_CONSUMER) timestamp=10007 ms, used_size=6637568 bytes (16.2%)
(RDMA_READ_CONSUME_CHECK_CONSUMER) timestamp=10007 ms, used_size=6635520 bytes (16.2%)
(RDMA_READ_CONSUME_CHECK_CONSUMER) timestamp=10007 ms, used_size=6633472 bytes (16.2%)
(RDMA_READ_CONSUME_CHECK_CONSUMER) timestamp=10007 ms, used_size=6631424 bytes (16.2%)
(RDMA_READ_CONSUME_CHECK_CONSUMER) timestamp=10007 ms, used_size=6629376 bytes (16.2%)
(RDMA_READ_CONSUME_CHECK_CONSUMER) timestamp=10007 ms, used_size=6627328 bytes (16.2%)
(RDMA_READ_CONSUME_CHECK_CONSUMER) timestamp=10007 ms, used_size=6625280 bytes (16.2%)
(RDMA_READ_CONSUME_CHECK_CONSUMER) timestamp=10007 ms, used_size=6623232 bytes (16.2%)
(RDMA_READ_CONSUME_CHECK_CONSUMER) timestamp=10007 ms, used_size=6621184 bytes (16.2%)
(RDMA_READ_CONSUME_CHECK_CONSUMER) timestamp=10007 ms, used_size=6619136 bytes (16.2%)
(RDMA_READ_CONSUME_CHECK_CONSUMER) timestamp=10007 ms, used_size=6617088 bytes (16.2%)
(RDMA_READ_CONSUME_CHECK_CONSUMER) timestamp=10007 ms, used_size=6615040 bytes (16.1%)
(RDMA_READ_CONSUME_CHECK_CONSUMER) timestamp=10007 ms, used_size=6612992 bytes (16.1%)
(RDMA_READ_CONSUME_CHECK_CONSUMER) timestamp=10007 ms, used_size=6610944 bytes (16.1%)
(RDMA_READ_CONSUME_CHECK_CONSUMER) timestamp=10007 ms, used_size=6608896 bytes (16.1%)
(RDMA_READ_CONSUME_CHECK_CONSUMER) timestamp=10007 ms, used_size=6606848 bytes (16.1%)
(RDMA_READ_CONSUME_CHECK_CONSUMER) timestamp=10007 ms, used_size=6604800 bytes (16.1%)
(RDMA_READ_CONSUME_CHECK_CONSUMER) timestamp=10007 ms, used_size=6602752 bytes (16.1%)
(RDMA_READ_CONSUME_CHECK_CONSUMER) timestamp=10007 ms, used_size=6600704 bytes (16.1%)
(RDMA_READ_CONSUME_CHECK_CONSUMER) timestamp=10007 ms, used_size=6598656 bytes (16.1%)
(RDMA_READ_CONSUME_CHECK_CONSUMER) timestamp=10007 ms, used_size=6596608 bytes (16.1%)
(RDMA_READ_CONSUME_CHECK_CONSUMER) timestamp=10007 ms, used_size=6594560 bytes (16.1%)
(RDMA_READ_CONSUME_CHECK_CONSUMER) timestamp=10007 ms, used_size=6592512 bytes (16.1%)
(RDMA_READ_CONSUME_CHECK_CONSUMER) timestamp=10007 ms, used_size=6590464 bytes (16.1%)
(RDMA_READ_CONSUME_CHECK_CONSUMER) timestamp=10007 ms, used_size=6588416 bytes (16.1%)
(RDMA_READ_CONSUME_CHECK_CONSUMER) timestamp=10007 ms, used_size=6586368 bytes (16.1%)
(RDMA_READ_CONSUME_CHECK_CONSUMER) timestamp=10007 ms, used_size=6584320 bytes (16.1%)
(RDMA_READ_CONSUME_CHECK_CONSUMER) timestamp=10007 ms, used_size=6582272 bytes (16.1%)
(RDMA_READ_CONSUME_CHECK_CONSUMER) timestamp=10007 ms, used_size=6580224 bytes (16.1%)
(RDMA_READ_CONSUME_CHECK_CONSUMER) timestamp=10007 ms, used_size=6578176 bytes (16.1%)
(RDMA_READ_CONSUME_CHECK_CONSUMER) timestamp=10007 ms, used_size=6576128 bytes (16.1%)
(RDMA_READ_CONSUME_CHECK_CONSUMER) timestamp=10007 ms, used_size=6574080 bytes (16.1%)
(RDMA_READ_CONSUME_CHECK_CONSUMER) timestamp=10007 ms, used_size=6572032 bytes (16.0%)
(RDMA_READ_CONSUME_CHECK_CONSUMER) timestamp=10007 ms, used_size=6569984 bytes (16.0%)
(RDMA_READ_CONSUME_CHECK_CONSUMER) timestamp=10007 ms, used_size=6567936 bytes (16.0%)
(RDMA_READ_CONSUME_CHECK_CONSUMER) timestamp=10007 ms, used_size=6565888 bytes (16.0%)
(RDMA_READ_CONSUME_CHECK_CONSUMER) timestamp=10007 ms, used_size=6563840 bytes (16.0%)
(RDMA_READ_CONSUME_CHECK_CONSUMER) timestamp=10007 ms, used_size=6561792 bytes (16.0%)
(RDMA_READ_CONSUME_CHECK_CONSUMER) timestamp=10007 ms, used_size=6559744 bytes (16.0%)
(RDMA_READ_CONSUME_CHECK_CONSUMER) timestamp=10007 ms, used_size=6557696 bytes (16.0%)
(RDMA_READ_CONSUME_CHECK_CONSUMER) timestamp=10007 ms, used_size=6555648 bytes (16.0%)
(RDMA_READ_CONSUME_CHECK_CONSUMER) timestamp=10007 ms, used_size=6553600 bytes (16.0%)
(RDMA_READ_CONSUME_CHECK_CONSUMER) timestamp=10007 ms, used_size=6551552 bytes (16.0%)
(RDMA_READ_CONSUME_CHECK_CONSUMER) timestamp=10007 ms, used_size=6549504 bytes (16.0%)
(RDMA_READ_CONSUME_CHECK_CONSUMER) timestamp=10007 ms, used_size=6547456 bytes (16.0%)
(RDMA_READ_CONSUME_CHECK_CONSUMER) timestamp=10007 ms, used_size=6545408 bytes (16.0%)
(RDMA_READ_CONSUME_CHECK_CONSUMER) timestamp=10007 ms, used_size=6543360 bytes (16.0%)
(RDMA_READ_CONSUME_CHECK_CONSUMER) timestamp=10007 ms, used_size=6541312 bytes (16.0%)
(RDMA_READ_CONSUME_CHECK_CONSUMER) timestamp=10007 ms, used_size=6539264 bytes (16.0%)
(RDMA_READ_CONSUME_CHECK_CONSUMER) timestamp=10007 ms, used_size=6537216 bytes (16.0%)
(RDMA_READ_CONSUME_CHECK_CONSUMER) timestamp=10007 ms, used_size=6535168 bytes (16.0%)
(RDMA_READ_CONSUME_CHECK_CONSUMER) timestamp=10007 ms, used_size=6533120 bytes (15.9%)
(RDMA_READ_CONSUME_CHECK_CONSUMER) timestamp=10007 ms, used_size=6531072 bytes (15.9%)
(RDMA_READ_CONSUME_CHECK_CONSUMER) timestamp=10007 ms, used_size=6529024 bytes (15.9%)
(RDMA_READ_CONSUME_CHECK_CONSUMER) timestamp=10007 ms, used_size=6526976 bytes (15.9%)
(RDMA_READ_CONSUME_CHECK_CONSUMER) timestamp=10007 ms, used_size=6524928 bytes (15.9%)
(RDMA_READ_CONSUME_CHECK_CONSUMER) timestamp=10007 ms, used_size=6522880 bytes (15.9%)
(RDMA_READ_CONSUME_CHECK_CONSUMER) timestamp=10007 ms, used_size=6520832 bytes (15.9%)
(RDMA_READ_CONSUME_CHECK_CONSUMER) timestamp=10007 ms, used_size=6518784 bytes (15.9%)
(RDMA_READ_CONSUME_CHECK_CONSUMER) timestamp=10007 ms, used_size=6516736 bytes (15.9%)
(RDMA_READ_CONSUME_CHECK_CONSUMER) timestamp=10007 ms, used_size=6514688 bytes (15.9%)
(RDMA_READ_CONSUME_CHECK_CONSUMER) timestamp=10007 ms, used_size=6512640 bytes (15.9%)
(RDMA_READ_CONSUME_CHECK_CONSUMER) timestamp=10007 ms, used_size=6510592 bytes (15.9%)
(RDMA_READ_CONSUME_CHECK_CONSUMER) timestamp=10007 ms, used_size=6508544 bytes (15.9%)
(RDMA_READ_CONSUME_CHECK_CONSUMER) timestamp=10007 ms, used_size=6506496 bytes (15.9%)
(RDMA_READ_CONSUME_CHECK_CONSUMER) timestamp=10007 ms, used_size=6504448 bytes (15.9%)
(RDMA_READ_CONSUME_CHECK_CONSUMER) timestamp=10007 ms, used_size=6502400 bytes (15.9%)
(RDMA_READ_CONSUME_CHECK_CONSUMER) timestamp=10007 ms, used_size=6500352 bytes (15.9%)
(RDMA_READ_CONSUME_CHECK_CONSUMER) timestamp=10007 ms, used_size=6498304 bytes (15.9%)
(RDMA_READ_CONSUME_CHECK_CONSUMER) timestamp=10007 ms, used_size=6496256 bytes (15.9%)
(RDMA_READ_CONSUME_CHECK_CONSUMER) timestamp=10007 ms, used_size=6494208 bytes (15.9%)
(RDMA_READ_CONSUME_CHECK_CONSUMER) timestamp=10007 ms, used_size=6492160 bytes (15.8%)
(RDMA_READ_CONSUME_CHECK_CONSUMER) timestamp=10007 ms, used_size=6490112 bytes (15.8%)
(RDMA_READ_CONSUME_CHECK_CONSUMER) timestamp=10007 ms, used_size=6488064 bytes (15.8%)
(RDMA_READ_CONSUME_CHECK_CONSUMER) timestamp=10007 ms, used_size=6486016 bytes (15.8%)
(RDMA_READ_CONSUME_CHECK_CONSUMER) timestamp=10007 ms, used_size=6483968 bytes (15.8%)
(RDMA_READ_CONSUME_CHECK_CONSUMER) timestamp=10007 ms, used_size=6481920 bytes (15.8%)
(RDMA_READ_CONSUME_CHECK_CONSUMER) timestamp=10007 ms, used_size=6479872 bytes (15.8%)
(RDMA_READ_CONSUME_CHECK_CONSUMER) timestamp=10007 ms, used_size=6477824 bytes (15.8%)
(RDMA_READ_CONSUME_CHECK_CONSUMER) timestamp=10007 ms, used_size=6475776 bytes (15.8%)
(RDMA_READ_CONSUME_CHECK_CONSUMER) timestamp=10007 ms, used_size=6473728 bytes (15.8%)
(RDMA_READ_CONSUME_CHECK_CONSUMER) timestamp=10007 ms, used_size=6471680 bytes (15.8%)
(RDMA_READ_CONSUME_CHECK_CONSUMER) timestamp=10007 ms, used_size=6469632 bytes (15.8%)
(RDMA_READ_CONSUME_CHECK_CONSUMER) timestamp=10007 ms, used_size=6467584 bytes (15.8%)
(RDMA_READ_CONSUME_CHECK_CONSUMER) timestamp=10007 ms, used_size=6465536 bytes (15.8%)
(RDMA_READ_CONSUME_CHECK_CONSUMER) timestamp=10007 ms, used_size=6463488 bytes (15.8%)
(RDMA_READ_CONSUME_CHECK_CONSUMER) timestamp=10007 ms, used_size=6461440 bytes (15.8%)
(RDMA_READ_CONSUME_CHECK_CONSUMER) timestamp=10007 ms, used_size=6459392 bytes (15.8%)
(RDMA_READ_CONSUME_CHECK_CONSUMER) timestamp=10007 ms, used_size=6457344 bytes (15.8%)
(RDMA_READ_CONSUME_CHECK_CONSUMER) timestamp=10007 ms, used_size=6455296 bytes (15.8%)
(RDMA_READ_CONSUME_CHECK_CONSUMER) timestamp=10007 ms, used_size=6453248 bytes (15.8%)
(RDMA_READ_CONSUME_CHECK_CONSUMER) timestamp=10007 ms, used_size=6451200 bytes (15.8%)
(RDMA_READ_CONSUME_CHECK_CONSUMER) timestamp=10007 ms, used_size=6449152 bytes (15.7%)
(RDMA_READ_CONSUME_CHECK_CONSUMER) timestamp=10007 ms, used_size=6447104 bytes (15.7%)
(RDMA_READ_CONSUME_CHECK_CONSUMER) timestamp=10007 ms, used_size=6445056 bytes (15.7%)
(RDMA_READ_CONSUME_CHECK_CONSUMER) timestamp=10007 ms, used_size=6443008 bytes (15.7%)
(RDMA_READ_CONSUME_CHECK_CONSUMER) timestamp=10007 ms, used_size=6440960 bytes (15.7%)
(RDMA_READ_CONSUME_CHECK_CONSUMER) timestamp=10007 ms, used_size=6438912 bytes (15.7%)
(RDMA_READ_CONSUME_CHECK_CONSUMER) timestamp=10007 ms, used_size=6436864 bytes (15.7%)
(RDMA_READ_CONSUME_CHECK_CONSUMER) timestamp=10007 ms, used_size=6434816 bytes (15.7%)
(RDMA_READ_CONSUME_CHECK_CONSUMER) timestamp=10007 ms, used_size=6432768 bytes (15.7%)
(RDMA_READ_CONSUME_CHECK_CONSUMER) timestamp=10007 ms, used_size=6430720 bytes (15.7%)
(RDMA_READ_CONSUME_CHECK_CONSUMER) timestamp=10007 ms, used_size=6428672 bytes (15.7%)
(RDMA_READ_CONSUME_CHECK_CONSUMER) timestamp=10007 ms, used_size=6426624 bytes (15.7%)
(RDMA_READ_CONSUME_CHECK_CONSUMER) timestamp=10007 ms, used_size=6424576 bytes (15.7%)
(RDMA_READ_CONSUME_CHECK_CONSUMER) timestamp=10007 ms, used_size=6422528 bytes (15.7%)
(RDMA_READ_CONSUME_CHECK_CONSUMER) timestamp=10007 ms, used_size=6420480 bytes (15.7%)
(RDMA_READ_CONSUME_CHECK_CONSUMER) timestamp=10007 ms, used_size=6418432 bytes (15.7%)
(RDMA_READ_CONSUME_CHECK_CONSUMER) timestamp=10007 ms, used_size=6416384 bytes (15.7%)
(RDMA_READ_CONSUME_CHECK_CONSUMER) timestamp=10007 ms, used_size=6414336 bytes (15.7%)
(RDMA_READ_CONSUME_CHECK_CONSUMER) timestamp=10007 ms, used_size=6412288 bytes (15.7%)
(RDMA_READ_CONSUME_CHECK_CONSUMER) timestamp=10007 ms, used_size=6410240 bytes (15.7%)
(RDMA_READ_CONSUME_CHECK_CONSUMER) timestamp=10007 ms, used_size=6408192 bytes (15.6%)
(RDMA_READ_CONSUME_CHECK_CONSUMER) timestamp=10007 ms, used_size=6406144 bytes (15.6%)
(RDMA_READ_CONSUME_CHECK_CONSUMER) timestamp=10007 ms, used_size=6404096 bytes (15.6%)
(RDMA_READ_CONSUME_CHECK_CONSUMER) timestamp=10007 ms, used_size=6402048 bytes (15.6%)
(RDMA_READ_CONSUME_CHECK_CONSUMER) timestamp=10007 ms, used_size=6400000 bytes (15.6%)
(RDMA_READ_CONSUME_CHECK_CONSUMER) timestamp=10007 ms, used_size=6397952 bytes (15.6%)
(RDMA_READ_CONSUME_CHECK_CONSUMER) timestamp=10007 ms, used_size=6395904 bytes (15.6%)
(RDMA_READ_CONSUME_CHECK_CONSUMER) timestamp=10007 ms, used_size=6393856 bytes (15.6%)
(RDMA_READ_CONSUME_CHECK_CONSUMER) timestamp=10007 ms, used_size=6391808 bytes (15.6%)
(RDMA_READ_CONSUME_CHECK_CONSUMER) timestamp=10007 ms, used_size=6389760 bytes (15.6%)
(RDMA_READ_CONSUME_CHECK_CONSUMER) timestamp=10007 ms, used_size=6387712 bytes (15.6%)
(RDMA_READ_CONSUME_CHECK_CONSUMER) timestamp=10007 ms, used_size=6385664 bytes (15.6%)
(RDMA_READ_CONSUME_CHECK_CONSUMER) timestamp=10007 ms, used_size=6383616 bytes (15.6%)
(RDMA_READ_CONSUME_CHECK_CONSUMER) timestamp=10007 ms, used_size=6381568 bytes (15.6%)
(RDMA_READ_CONSUME_CHECK_CONSUMER) timestamp=10007 ms, used_size=6379520 bytes (15.6%)
(RDMA_READ_CONSUME_CHECK_CONSUMER) timestamp=10007 ms, used_size=6377472 bytes (15.6%)
(RDMA_READ_CONSUME_CHECK_CONSUMER) timestamp=10007 ms, used_size=6375424 bytes (15.6%)
(RDMA_READ_CONSUME_CHECK_CONSUMER) timestamp=10007 ms, used_size=6373376 bytes (15.6%)
(RDMA_READ_CONSUME_CHECK_CONSUMER) timestamp=10007 ms, used_size=6371328 bytes (15.6%)
(RDMA_READ_CONSUME_CHECK_CONSUMER) timestamp=10007 ms, used_size=6369280 bytes (15.6%)
(RDMA_READ_CONSUME_CHECK_CONSUMER) timestamp=10007 ms, used_size=6367232 bytes (15.5%)
(RDMA_READ_CONSUME_CHECK_CONSUMER) timestamp=10007 ms, used_size=6365184 bytes (15.5%)
(RDMA_READ_CONSUME_CHECK_CONSUMER) timestamp=10007 ms, used_size=6363136 bytes (15.5%)
(RDMA_READ_CONSUME_CHECK_CONSUMER) timestamp=10007 ms, used_size=6361088 bytes (15.5%)
(RDMA_READ_CONSUME_CHECK_CONSUMER) timestamp=10007 ms, used_size=6359040 bytes (15.5%)
(RDMA_READ_CONSUME_CHECK_CONSUMER) timestamp=10007 ms, used_size=6356992 bytes (15.5%)
(RDMA_READ_CONSUME_CHECK_CONSUMER) timestamp=10007 ms, used_size=6354944 bytes (15.5%)
(RDMA_READ_CONSUME_CHECK_CONSUMER) timestamp=10007 ms, used_size=6352896 bytes (15.5%)
(RDMA_READ_CONSUME_CHECK_CONSUMER) timestamp=10007 ms, used_size=6350848 bytes (15.5%)
(RDMA_READ_CONSUME_CHECK_CONSUMER) timestamp=10007 ms, used_size=6348800 bytes (15.5%)
(RDMA_READ_CONSUME_CHECK_CONSUMER) timestamp=10007 ms, used_size=6346752 bytes (15.5%)
(RDMA_READ_CONSUME_CHECK_CONSUMER) timestamp=10007 ms, used_size=6344704 bytes (15.5%)
(RDMA_READ_CONSUME_CHECK_CONSUMER) timestamp=10007 ms, used_size=6342656 bytes (15.5%)
(RDMA_READ_CONSUME_CHECK_CONSUMER) timestamp=10007 ms, used_size=6340608 bytes (15.5%)
(RDMA_READ_CONSUME_CHECK_CONSUMER) timestamp=10007 ms, used_size=6338560 bytes (15.5%)
(RDMA_READ_CONSUME_CHECK_CONSUMER) timestamp=10007 ms, used_size=6336512 bytes (15.5%)
(RDMA_READ_CONSUME_CHECK_CONSUMER) timestamp=10007 ms, used_size=6334464 bytes (15.5%)
(RDMA_READ_CONSUME_CHECK_CONSUMER) timestamp=10007 ms, used_size=6332416 bytes (15.5%)
(RDMA_READ_CONSUME_CHECK_CONSUMER) timestamp=10007 ms, used_size=6330368 bytes (15.5%)
(RDMA_READ_CONSUME_CHECK_CONSUMER) timestamp=10007 ms, used_size=6328320 bytes (15.4%)
(RDMA_READ_CONSUME_CHECK_CONSUMER) timestamp=10007 ms, used_size=6326272 bytes (15.4%)
(RDMA_READ_CONSUME_CHECK_CONSUMER) timestamp=10007 ms, used_size=6324224 bytes (15.4%)
(RDMA_READ_CONSUME_CHECK_CONSUMER) timestamp=10007 ms, used_size=6322176 bytes (15.4%)
(RDMA_READ_CONSUME_CHECK_CONSUMER) timestamp=10007 ms, used_size=6320128 bytes (15.4%)
(RDMA_READ_CONSUME_CHECK_CONSUMER) timestamp=10007 ms, used_size=6318080 bytes (15.4%)
(RDMA_READ_CONSUME_CHECK_CONSUMER) timestamp=10007 ms, used_size=6316032 bytes (15.4%)
(RDMA_READ_CONSUME_CHECK_CONSUMER) timestamp=10007 ms, used_size=6313984 bytes (15.4%)
(RDMA_READ_CONSUME_CHECK_CONSUMER) timestamp=10007 ms, used_size=6311936 bytes (15.4%)
(RDMA_READ_CONSUME_CHECK_CONSUMER) timestamp=10007 ms, used_size=6309888 bytes (15.4%)
(RDMA_READ_CONSUME_CHECK_CONSUMER) timestamp=10007 ms, used_size=6307840 bytes (15.4%)
(RDMA_READ_CONSUME_CHECK_CONSUMER) timestamp=10007 ms, used_size=6305792 bytes (15.4%)
(RDMA_READ_CONSUME_CHECK_CONSUMER) timestamp=10007 ms, used_size=6303744 bytes (15.4%)
(RDMA_READ_CONSUME_CHECK_CONSUMER) timestamp=10007 ms, used_size=6301696 bytes (15.4%)
(RDMA_READ_CONSUME_CHECK_CONSUMER) timestamp=10007 ms, used_size=6299648 bytes (15.4%)
(RDMA_READ_CONSUME_CHECK_CONSUMER) timestamp=10007 ms, used_size=6297600 bytes (15.4%)
(RDMA_READ_CONSUME_CHECK_CONSUMER) timestamp=10007 ms, used_size=6295552 bytes (15.4%)
(RDMA_READ_CONSUME_CHECK_CONSUMER) timestamp=10007 ms, used_size=6293504 bytes (15.4%)
(RDMA_READ_CONSUME_CHECK_CONSUMER) timestamp=10008 ms, used_size=6291456 bytes (15.4%)
(RDMA_READ_CONSUME_CHECK_CONSUMER) timestamp=10008 ms, used_size=6289408 bytes (15.4%)
(RDMA_READ_CONSUME_CHECK_CONSUMER) timestamp=10008 ms, used_size=6287360 bytes (15.3%)
(RDMA_READ_CONSUME_CHECK_CONSUMER) timestamp=10008 ms, used_size=6285312 bytes (15.3%)
(RDMA_READ_CONSUME_CHECK_CONSUMER) timestamp=10008 ms, used_size=6283264 bytes (15.3%)
(RDMA_READ_CONSUME_CHECK_CONSUMER) timestamp=10008 ms, used_size=6281216 bytes (15.3%)
(RDMA_READ_CONSUME_CHECK_CONSUMER) timestamp=10008 ms, used_size=6279168 bytes (15.3%)
(RDMA_READ_CONSUME_CHECK_CONSUMER) timestamp=10008 ms, used_size=6277120 bytes (15.3%)
(RDMA_READ_CONSUME_CHECK_CONSUMER) timestamp=10008 ms, used_size=6275072 bytes (15.3%)
(RDMA_READ_CONSUME_CHECK_CONSUMER) timestamp=10008 ms, used_size=6273024 bytes (15.3%)
(RDMA_READ_CONSUME_CHECK_CONSUMER) timestamp=10008 ms, used_size=6270976 bytes (15.3%)
(RDMA_READ_CONSUME_CHECK_CONSUMER) timestamp=10008 ms, used_size=6268928 bytes (15.3%)
(RDMA_READ_CONSUME_CHECK_CONSUMER) timestamp=10008 ms, used_size=6266880 bytes (15.3%)
(RDMA_READ_CONSUME_CHECK_CONSUMER) timestamp=10008 ms, used_size=6264832 bytes (15.3%)
(RDMA_READ_CONSUME_CHECK_CONSUMER) timestamp=10008 ms, used_size=6262784 bytes (15.3%)
(RDMA_READ_CONSUME_CHECK_CONSUMER) timestamp=10008 ms, used_size=6260736 bytes (15.3%)
(RDMA_READ_CONSUME_CHECK_CONSUMER) timestamp=10008 ms, used_size=6258688 bytes (15.3%)
(RDMA_READ_CONSUME_CHECK_CONSUMER) timestamp=10008 ms, used_size=6256640 bytes (15.3%)
(RDMA_READ_CONSUME_CHECK_CONSUMER) timestamp=10008 ms, used_size=6254592 bytes (15.3%)
(RDMA_READ_CONSUME_CHECK_CONSUMER) timestamp=10008 ms, used_size=6252544 bytes (15.3%)
(RDMA_READ_CONSUME_CHECK_CONSUMER) timestamp=10008 ms, used_size=6250496 bytes (15.3%)
(RDMA_READ_CONSUME_CHECK_CONSUMER) timestamp=10008 ms, used_size=6248448 bytes (15.3%)
(RDMA_READ_CONSUME_CHECK_CONSUMER) timestamp=10008 ms, used_size=6246400 bytes (15.2%)
(RDMA_READ_CONSUME_CHECK_CONSUMER) timestamp=10008 ms, used_size=6244352 bytes (15.2%)
(RDMA_READ_CONSUME_CHECK_CONSUMER) timestamp=10008 ms, used_size=6242304 bytes (15.2%)
(RDMA_READ_CONSUME_CHECK_CONSUMER) timestamp=10008 ms, used_size=6240256 bytes (15.2%)
(RDMA_READ_CONSUME_CHECK_CONSUMER) timestamp=10008 ms, used_size=6238208 bytes (15.2%)
(RDMA_READ_CONSUME_CHECK_CONSUMER) timestamp=10008 ms, used_size=6236160 bytes (15.2%)
(RDMA_READ_CONSUME_CHECK_CONSUMER) timestamp=10008 ms, used_size=6234112 bytes (15.2%)
(RDMA_READ_CONSUME_CHECK_CONSUMER) timestamp=10008 ms, used_size=6232064 bytes (15.2%)
(RDMA_READ_CONSUME_CHECK_CONSUMER) timestamp=10008 ms, used_size=6230016 bytes (15.2%)
(RDMA_READ_CONSUME_CHECK_CONSUMER) timestamp=10008 ms, used_size=6227968 bytes (15.2%)
(RDMA_READ_CONSUME_CHECK_CONSUMER) timestamp=10008 ms, used_size=6225920 bytes (15.2%)
(RDMA_READ_CONSUME_CHECK_CONSUMER) timestamp=10008 ms, used_size=6223872 bytes (15.2%)
(RDMA_READ_CONSUME_CHECK_CONSUMER) timestamp=10008 ms, used_size=6221824 bytes (15.2%)
(RDMA_READ_CONSUME_CHECK_CONSUMER) timestamp=10008 ms, used_size=6219776 bytes (15.2%)
(RDMA_READ_CONSUME_CHECK_CONSUMER) timestamp=10008 ms, used_size=6217728 bytes (15.2%)
(RDMA_READ_CONSUME_CHECK_CONSUMER) timestamp=10008 ms, used_size=6215680 bytes (15.2%)
(RDMA_READ_CONSUME_CHECK_CONSUMER) timestamp=10008 ms, used_size=6213632 bytes (15.2%)
(RDMA_READ_CONSUME_CHECK_CONSUMER) timestamp=10008 ms, used_size=6211584 bytes (15.2%)
(RDMA_READ_CONSUME_CHECK_CONSUMER) timestamp=10008 ms, used_size=6209536 bytes (15.2%)
(RDMA_READ_CONSUME_CHECK_CONSUMER) timestamp=10008 ms, used_size=6207488 bytes (15.2%)
(RDMA_READ_CONSUME_CHECK_CONSUMER) timestamp=10008 ms, used_size=6205440 bytes (15.2%)
(RDMA_READ_CONSUME_CHECK_CONSUMER) timestamp=10008 ms, used_size=6203392 bytes (15.1%)
(RDMA_READ_CONSUME_CHECK_CONSUMER) timestamp=10008 ms, used_size=6201344 bytes (15.1%)
(RDMA_READ_CONSUME_CHECK_CONSUMER) timestamp=10008 ms, used_size=6199296 bytes (15.1%)
(RDMA_READ_CONSUME_CHECK_CONSUMER) timestamp=10008 ms, used_size=6197248 bytes (15.1%)
(RDMA_READ_CONSUME_CHECK_CONSUMER) timestamp=10008 ms, used_size=6195200 bytes (15.1%)
(RDMA_READ_CONSUME_CHECK_CONSUMER) timestamp=10008 ms, used_size=6193152 bytes (15.1%)
(RDMA_READ_CONSUME_CHECK_CONSUMER) timestamp=10008 ms, used_size=6191104 bytes (15.1%)
(RDMA_READ_CONSUME_CHECK_CONSUMER) timestamp=10008 ms, used_size=6189056 bytes (15.1%)
(RDMA_READ_CONSUME_CHECK_CONSUMER) timestamp=10008 ms, used_size=6187008 bytes (15.1%)
(RDMA_READ_CONSUME_CHECK_CONSUMER) timestamp=10008 ms, used_size=6184960 bytes (15.1%)
(RDMA_READ_CONSUME_CHECK_CONSUMER) timestamp=10008 ms, used_size=6182912 bytes (15.1%)
(RDMA_READ_CONSUME_CHECK_CONSUMER) timestamp=10008 ms, used_size=6180864 bytes (15.1%)
(RDMA_READ_CONSUME_CHECK_CONSUMER) timestamp=10008 ms, used_size=6178816 bytes (15.1%)
(RDMA_READ_CONSUME_CHECK_CONSUMER) timestamp=10008 ms, used_size=6176768 bytes (15.1%)
(RDMA_READ_CONSUME_CHECK_CONSUMER) timestamp=10008 ms, used_size=6174720 bytes (15.1%)
(RDMA_READ_CONSUME_CHECK_CONSUMER) timestamp=10008 ms, used_size=6172672 bytes (15.1%)
(RDMA_READ_CONSUME_CHECK_CONSUMER) timestamp=10008 ms, used_size=6170624 bytes (15.1%)
(RDMA_READ_CONSUME_CHECK_CONSUMER) timestamp=10008 ms, used_size=6168576 bytes (15.1%)
(RDMA_READ_CONSUME_CHECK_CONSUMER) timestamp=10008 ms, used_size=6166528 bytes (15.1%)
(RDMA_READ_CONSUME_CHECK_CONSUMER) timestamp=10008 ms, used_size=6164480 bytes (15.1%)
(RDMA_READ_CONSUME_CHECK_CONSUMER) timestamp=10008 ms, used_size=6162432 bytes (15.0%)
(RDMA_READ_CONSUME_CHECK_CONSUMER) timestamp=10008 ms, used_size=6160384 bytes (15.0%)
(RDMA_READ_CONSUME_CHECK_CONSUMER) timestamp=10008 ms, used_size=6158336 bytes (15.0%)
(RDMA_READ_CONSUME_CHECK_CONSUMER) timestamp=10008 ms, used_size=6156288 bytes (15.0%)
(RDMA_READ_CONSUME_CHECK_CONSUMER) timestamp=10008 ms, used_size=6154240 bytes (15.0%)
(RDMA_READ_CONSUME_CHECK_CONSUMER) timestamp=10008 ms, used_size=6152192 bytes (15.0%)
(RDMA_READ_CONSUME_CHECK_CONSUMER) timestamp=10008 ms, used_size=6150144 bytes (15.0%)
(RDMA_READ_CONSUME_CHECK_CONSUMER) timestamp=10008 ms, used_size=6148096 bytes (15.0%)
(RDMA_READ_CONSUME_CHECK_CONSUMER) timestamp=10008 ms, used_size=6146048 bytes (15.0%)
(RDMA_READ_CONSUME_CHECK_CONSUMER) timestamp=10008 ms, used_size=6144000 bytes (15.0%)
(RDMA_READ_CONSUME_CHECK_CONSUMER) timestamp=10008 ms, used_size=6141952 bytes (15.0%)
(RDMA_READ_CONSUME_CHECK_CONSUMER) timestamp=10008 ms, used_size=6139904 bytes (15.0%)
(RDMA_READ_CONSUME_CHECK_CONSUMER) timestamp=10008 ms, used_size=6137856 bytes (15.0%)
(RDMA_READ_CONSUME_CHECK_CONSUMER) timestamp=10008 ms, used_size=6135808 bytes (15.0%)
(RDMA_READ_CONSUME_CHECK_CONSUMER) timestamp=10008 ms, used_size=6133760 bytes (15.0%)
(RDMA_READ_CONSUME_CHECK_CONSUMER) timestamp=10008 ms, used_size=6131712 bytes (15.0%)
(RDMA_READ_CONSUME_CHECK_CONSUMER) timestamp=10008 ms, used_size=6129664 bytes (15.0%)
(RDMA_READ_CONSUME_CHECK_CONSUMER) timestamp=10008 ms, used_size=6127616 bytes (15.0%)
(RDMA_READ_CONSUME_CHECK_CONSUMER) timestamp=10008 ms, used_size=6125568 bytes (15.0%)
(RDMA_READ_CONSUME_CHECK_CONSUMER) timestamp=10008 ms, used_size=6123520 bytes (14.9%)
(RDMA_READ_CONSUME_CHECK_CONSUMER) timestamp=10008 ms, used_size=6121472 bytes (14.9%)
(RDMA_READ_CONSUME_CHECK_CONSUMER) timestamp=10008 ms, used_size=6119424 bytes (14.9%)
(RDMA_READ_CONSUME_CHECK_CONSUMER) timestamp=10008 ms, used_size=6117376 bytes (14.9%)
(RDMA_READ_CONSUME_CHECK_CONSUMER) timestamp=10008 ms, used_size=6115328 bytes (14.9%)
(RDMA_READ_CONSUME_CHECK_CONSUMER) timestamp=10008 ms, used_size=6113280 bytes (14.9%)
(RDMA_READ_CONSUME_CHECK_CONSUMER) timestamp=10008 ms, used_size=6111232 bytes (14.9%)
(RDMA_READ_CONSUME_CHECK_CONSUMER) timestamp=10008 ms, used_size=6109184 bytes (14.9%)
(RDMA_READ_CONSUME_CHECK_CONSUMER) timestamp=10008 ms, used_size=6107136 bytes (14.9%)
(RDMA_READ_CONSUME_CHECK_CONSUMER) timestamp=10008 ms, used_size=6105088 bytes (14.9%)
(RDMA_READ_CONSUME_CHECK_CONSUMER) timestamp=10008 ms, used_size=6103040 bytes (14.9%)
(RDMA_READ_CONSUME_CHECK_CONSUMER) timestamp=10008 ms, used_size=6100992 bytes (14.9%)
(RDMA_READ_CONSUME_CHECK_CONSUMER) timestamp=10008 ms, used_size=6098944 bytes (14.9%)
(RDMA_READ_CONSUME_CHECK_CONSUMER) timestamp=10008 ms, used_size=6096896 bytes (14.9%)
(RDMA_READ_CONSUME_CHECK_CONSUMER) timestamp=10008 ms, used_size=6094848 bytes (14.9%)
(RDMA_READ_CONSUME_CHECK_CONSUMER) timestamp=10008 ms, used_size=6092800 bytes (14.9%)
(RDMA_READ_CONSUME_CHECK_CONSUMER) timestamp=10008 ms, used_size=6090752 bytes (14.9%)
(RDMA_READ_CONSUME_CHECK_CONSUMER) timestamp=10008 ms, used_size=6088704 bytes (14.9%)
(RDMA_READ_CONSUME_CHECK_CONSUMER) timestamp=10008 ms, used_size=6086656 bytes (14.9%)
(RDMA_READ_CONSUME_CHECK_CONSUMER) timestamp=10008 ms, used_size=6084608 bytes (14.9%)
(RDMA_READ_CONSUME_CHECK_CONSUMER) timestamp=10008 ms, used_size=6082560 bytes (14.8%)
(RDMA_READ_CONSUME_CHECK_CONSUMER) timestamp=10008 ms, used_size=6080512 bytes (14.8%)
(RDMA_READ_CONSUME_CHECK_CONSUMER) timestamp=10008 ms, used_size=6078464 bytes (14.8%)
(RDMA_READ_CONSUME_CHECK_CONSUMER) timestamp=10008 ms, used_size=6076416 bytes (14.8%)
(RDMA_READ_CONSUME_CHECK_CONSUMER) timestamp=10008 ms, used_size=6074368 bytes (14.8%)
(RDMA_READ_CONSUME_CHECK_CONSUMER) timestamp=10008 ms, used_size=6072320 bytes (14.8%)
(RDMA_READ_CONSUME_CHECK_CONSUMER) timestamp=10008 ms, used_size=6070272 bytes (14.8%)
(RDMA_READ_CONSUME_CHECK_CONSUMER) timestamp=10008 ms, used_size=6068224 bytes (14.8%)
(RDMA_READ_CONSUME_CHECK_CONSUMER) timestamp=10008 ms, used_size=6066176 bytes (14.8%)
(RDMA_READ_CONSUME_CHECK_CONSUMER) timestamp=10008 ms, used_size=6064128 bytes (14.8%)
(RDMA_READ_CONSUME_CHECK_CONSUMER) timestamp=10008 ms, used_size=6062080 bytes (14.8%)
(RDMA_READ_CONSUME_CHECK_CONSUMER) timestamp=10008 ms, used_size=6060032 bytes (14.8%)
(RDMA_READ_CONSUME_CHECK_CONSUMER) timestamp=10008 ms, used_size=6057984 bytes (14.8%)
(RDMA_READ_CONSUME_CHECK_CONSUMER) timestamp=10008 ms, used_size=6055936 bytes (14.8%)
(RDMA_READ_CONSUME_CHECK_CONSUMER) timestamp=10008 ms, used_size=6053888 bytes (14.8%)
(RDMA_READ_CONSUME_CHECK_CONSUMER) timestamp=10008 ms, used_size=6051840 bytes (14.8%)
(RDMA_READ_CONSUME_CHECK_CONSUMER) timestamp=10008 ms, used_size=6049792 bytes (14.8%)
(RDMA_READ_CONSUME_CHECK_CONSUMER) timestamp=10008 ms, used_size=6047744 bytes (14.8%)
(RDMA_READ_CONSUME_CHECK_CONSUMER) timestamp=10008 ms, used_size=6045696 bytes (14.8%)
(RDMA_READ_CONSUME_CHECK_CONSUMER) timestamp=10008 ms, used_size=6043648 bytes (14.8%)
(RDMA_READ_CONSUME_CHECK_CONSUMER) timestamp=10008 ms, used_size=6041600 bytes (14.8%)
(RDMA_READ_CONSUME_CHECK_CONSUMER) timestamp=10008 ms, used_size=6039552 bytes (14.7%)
(RDMA_READ_CONSUME_CHECK_CONSUMER) timestamp=10008 ms, used_size=6037504 bytes (14.7%)
(RDMA_READ_CONSUME_CHECK_CONSUMER) timestamp=10008 ms, used_size=6035456 bytes (14.7%)
(RDMA_READ_CONSUME_CHECK_CONSUMER) timestamp=10008 ms, used_size=6033408 bytes (14.7%)
(RDMA_READ_CONSUME_CHECK_CONSUMER) timestamp=10008 ms, used_size=6031360 bytes (14.7%)
(RDMA_READ_CONSUME_CHECK_CONSUMER) timestamp=10008 ms, used_size=6029312 bytes (14.7%)
(RDMA_READ_CONSUME_CHECK_CONSUMER) timestamp=10008 ms, used_size=6027264 bytes (14.7%)
(RDMA_READ_CONSUME_CHECK_CONSUMER) timestamp=10008 ms, used_size=6025216 bytes (14.7%)
(RDMA_READ_CONSUME_CHECK_CONSUMER) timestamp=10008 ms, used_size=6023168 bytes (14.7%)
(RDMA_READ_CONSUME_CHECK_CONSUMER) timestamp=10008 ms, used_size=6021120 bytes (14.7%)
(RDMA_READ_CONSUME_CHECK_CONSUMER) timestamp=10008 ms, used_size=6019072 bytes (14.7%)
(RDMA_READ_CONSUME_CHECK_CONSUMER) timestamp=10008 ms, used_size=6017024 bytes (14.7%)
(RDMA_READ_CONSUME_CHECK_CONSUMER) timestamp=10008 ms, used_size=6014976 bytes (14.7%)
(RDMA_READ_CONSUME_CHECK_CONSUMER) timestamp=10008 ms, used_size=6012928 bytes (14.7%)
(RDMA_READ_CONSUME_CHECK_CONSUMER) timestamp=10008 ms, used_size=6010880 bytes (14.7%)
(RDMA_READ_CONSUME_CHECK_CONSUMER) timestamp=10008 ms, used_size=6008832 bytes (14.7%)
(RDMA_READ_CONSUME_CHECK_CONSUMER) timestamp=10008 ms, used_size=6006784 bytes (14.7%)
(RDMA_READ_CONSUME_CHECK_CONSUMER) timestamp=10008 ms, used_size=6004736 bytes (14.7%)
(RDMA_READ_CONSUME_CHECK_CONSUMER) timestamp=10008 ms, used_size=6002688 bytes (14.7%)
(RDMA_READ_CONSUME_CHECK_CONSUMER) timestamp=10008 ms, used_size=6000640 bytes (14.7%)
(RDMA_READ_CONSUME_CHECK_CONSUMER) timestamp=10008 ms, used_size=5998592 bytes (14.6%)
(RDMA_READ_CONSUME_CHECK_CONSUMER) timestamp=10008 ms, used_size=5996544 bytes (14.6%)
(RDMA_READ_CONSUME_CHECK_CONSUMER) timestamp=10008 ms, used_size=5994496 bytes (14.6%)
(RDMA_READ_CONSUME_CHECK_CONSUMER) timestamp=10008 ms, used_size=5992448 bytes (14.6%)
(RDMA_READ_CONSUME_CHECK_CONSUMER) timestamp=10008 ms, used_size=5990400 bytes (14.6%)
(RDMA_READ_CONSUME_CHECK_CONSUMER) timestamp=10008 ms, used_size=5988352 bytes (14.6%)
(RDMA_READ_CONSUME_CHECK_CONSUMER) timestamp=10008 ms, used_size=5986304 bytes (14.6%)
(RDMA_READ_CONSUME_CHECK_CONSUMER) timestamp=10008 ms, used_size=5984256 bytes (14.6%)
(RDMA_READ_CONSUME_CHECK_CONSUMER) timestamp=10008 ms, used_size=5982208 bytes (14.6%)
(RDMA_READ_CONSUME_CHECK_CONSUMER) timestamp=10008 ms, used_size=5980160 bytes (14.6%)
(RDMA_READ_CONSUME_CHECK_CONSUMER) timestamp=10008 ms, used_size=5978112 bytes (14.6%)
(RDMA_READ_CONSUME_CHECK_CONSUMER) timestamp=10008 ms, used_size=5976064 bytes (14.6%)
(RDMA_READ_CONSUME_CHECK_CONSUMER) timestamp=10008 ms, used_size=5974016 bytes (14.6%)
(RDMA_READ_CONSUME_CHECK_CONSUMER) timestamp=10008 ms, used_size=5971968 bytes (14.6%)
(RDMA_READ_CONSUME_CHECK_CONSUMER) timestamp=10008 ms, used_size=5969920 bytes (14.6%)
(RDMA_READ_CONSUME_CHECK_CONSUMER) timestamp=10008 ms, used_size=5967872 bytes (14.6%)
(RDMA_READ_CONSUME_CHECK_CONSUMER) timestamp=10008 ms, used_size=5965824 bytes (14.6%)
(RDMA_READ_CONSUME_CHECK_CONSUMER) timestamp=10008 ms, used_size=5963776 bytes (14.6%)
(RDMA_READ_CONSUME_CHECK_CONSUMER) timestamp=10008 ms, used_size=5961728 bytes (14.6%)
(RDMA_READ_CONSUME_CHECK_CONSUMER) timestamp=10008 ms, used_size=5959680 bytes (14.6%)
(RDMA_READ_CONSUME_CHECK_CONSUMER) timestamp=10008 ms, used_size=5957632 bytes (14.5%)
(RDMA_READ_CONSUME_CHECK_CONSUMER) timestamp=10008 ms, used_size=5955584 bytes (14.5%)
(RDMA_READ_CONSUME_CHECK_CONSUMER) timestamp=10008 ms, used_size=5953536 bytes (14.5%)
(RDMA_READ_CONSUME_CHECK_CONSUMER) timestamp=10008 ms, used_size=5951488 bytes (14.5%)
(RDMA_READ_CONSUME_CHECK_CONSUMER) timestamp=10008 ms, used_size=5949440 bytes (14.5%)
(RDMA_READ_CONSUME_CHECK_CONSUMER) timestamp=10008 ms, used_size=5947392 bytes (14.5%)
(RDMA_READ_CONSUME_CHECK_CONSUMER) timestamp=10008 ms, used_size=5945344 bytes (14.5%)
(RDMA_READ_CONSUME_CHECK_CONSUMER) timestamp=10009 ms, used_size=5943296 bytes (14.5%)
(RDMA_READ_CONSUME_CHECK_CONSUMER) timestamp=10009 ms, used_size=5941248 bytes (14.5%)
(RDMA_READ_CONSUME_CHECK_CONSUMER) timestamp=10009 ms, used_size=5939200 bytes (14.5%)
(RDMA_READ_CONSUME_CHECK_CONSUMER) timestamp=10009 ms, used_size=5937152 bytes (14.5%)
(RDMA_READ_CONSUME_CHECK_CONSUMER) timestamp=10009 ms, used_size=5935104 bytes (14.5%)
(RDMA_READ_CONSUME_CHECK_CONSUMER) timestamp=10009 ms, used_size=5933056 bytes (14.5%)
(RDMA_READ_CONSUME_CHECK_CONSUMER) timestamp=10009 ms, used_size=5931008 bytes (14.5%)
(RDMA_READ_CONSUME_CHECK_CONSUMER) timestamp=10009 ms, used_size=5928960 bytes (14.5%)
(RDMA_READ_CONSUME_CHECK_CONSUMER) timestamp=10009 ms, used_size=5926912 bytes (14.5%)
(RDMA_READ_CONSUME_CHECK_CONSUMER) timestamp=10009 ms, used_size=5924864 bytes (14.5%)
(RDMA_READ_CONSUME_CHECK_CONSUMER) timestamp=10009 ms, used_size=5922816 bytes (14.5%)
(RDMA_READ_CONSUME_CHECK_CONSUMER) timestamp=10009 ms, used_size=5920768 bytes (14.5%)
(RDMA_READ_CONSUME_CHECK_CONSUMER) timestamp=10009 ms, used_size=5918720 bytes (14.4%)
(RDMA_READ_CONSUME_CHECK_CONSUMER) timestamp=10009 ms, used_size=5916672 bytes (14.4%)
(RDMA_READ_CONSUME_CHECK_CONSUMER) timestamp=10009 ms, used_size=5914624 bytes (14.4%)
(RDMA_READ_CONSUME_CHECK_CONSUMER) timestamp=10009 ms, used_size=5912576 bytes (14.4%)
(RDMA_READ_CONSUME_CHECK_CONSUMER) timestamp=10009 ms, used_size=5910528 bytes (14.4%)
(RDMA_READ_CONSUME_CHECK_CONSUMER) timestamp=10009 ms, used_size=5908480 bytes (14.4%)
(RDMA_READ_CONSUME_CHECK_CONSUMER) timestamp=10009 ms, used_size=5906432 bytes (14.4%)
(RDMA_READ_CONSUME_CHECK_CONSUMER) timestamp=10009 ms, used_size=5904384 bytes (14.4%)
(RDMA_READ_CONSUME_CHECK_CONSUMER) timestamp=10009 ms, used_size=5902336 bytes (14.4%)
(RDMA_READ_CONSUME_CHECK_CONSUMER) timestamp=10009 ms, used_size=5900288 bytes (14.4%)
(RDMA_READ_CONSUME_CHECK_CONSUMER) timestamp=10009 ms, used_size=5898240 bytes (14.4%)
(RDMA_READ_CONSUME_CHECK_CONSUMER) timestamp=10009 ms, used_size=5896192 bytes (14.4%)
(RDMA_READ_CONSUME_CHECK_CONSUMER) timestamp=10009 ms, used_size=5894144 bytes (14.4%)
(RDMA_READ_CONSUME_CHECK_CONSUMER) timestamp=10009 ms, used_size=5892096 bytes (14.4%)
(RDMA_READ_CONSUME_CHECK_CONSUMER) timestamp=10009 ms, used_size=5890048 bytes (14.4%)
(RDMA_READ_CONSUME_CHECK_CONSUMER) timestamp=10009 ms, used_size=5888000 bytes (14.4%)
(RDMA_READ_CONSUME_CHECK_CONSUMER) timestamp=10009 ms, used_size=5885952 bytes (14.4%)
(RDMA_READ_CONSUME_CHECK_CONSUMER) timestamp=10009 ms, used_size=5883904 bytes (14.4%)
(RDMA_READ_CONSUME_CHECK_CONSUMER) timestamp=10009 ms, used_size=5881856 bytes (14.4%)
(RDMA_READ_CONSUME_CHECK_CONSUMER) timestamp=10009 ms, used_size=5879808 bytes (14.4%)
(RDMA_READ_CONSUME_CHECK_CONSUMER) timestamp=10009 ms, used_size=5877760 bytes (14.3%)
(RDMA_READ_CONSUME_CHECK_CONSUMER) timestamp=10009 ms, used_size=5875712 bytes (14.3%)
(RDMA_READ_CONSUME_CHECK_CONSUMER) timestamp=10009 ms, used_size=5873664 bytes (14.3%)
(RDMA_READ_CONSUME_CHECK_CONSUMER) timestamp=10009 ms, used_size=5871616 bytes (14.3%)
(RDMA_READ_CONSUME_CHECK_CONSUMER) timestamp=10009 ms, used_size=5869568 bytes (14.3%)
(RDMA_READ_CONSUME_CHECK_CONSUMER) timestamp=10009 ms, used_size=5867520 bytes (14.3%)
(RDMA_READ_CONSUME_CHECK_CONSUMER) timestamp=10009 ms, used_size=5865472 bytes (14.3%)
(RDMA_READ_CONSUME_CHECK_CONSUMER) timestamp=10009 ms, used_size=5863424 bytes (14.3%)
(RDMA_READ_CONSUME_CHECK_CONSUMER) timestamp=10009 ms, used_size=5861376 bytes (14.3%)
(RDMA_READ_CONSUME_CHECK_CONSUMER) timestamp=10009 ms, used_size=5859328 bytes (14.3%)
(RDMA_READ_CONSUME_CHECK_CONSUMER) timestamp=10009 ms, used_size=5857280 bytes (14.3%)
(RDMA_READ_CONSUME_CHECK_CONSUMER) timestamp=10009 ms, used_size=5855232 bytes (14.3%)
(RDMA_READ_CONSUME_CHECK_CONSUMER) timestamp=10009 ms, used_size=5853184 bytes (14.3%)
(RDMA_READ_CONSUME_CHECK_CONSUMER) timestamp=10009 ms, used_size=5851136 bytes (14.3%)
(RDMA_READ_CONSUME_CHECK_CONSUMER) timestamp=10009 ms, used_size=5849088 bytes (14.3%)
(RDMA_READ_CONSUME_CHECK_CONSUMER) timestamp=10009 ms, used_size=5847040 bytes (14.3%)
(RDMA_READ_CONSUME_CHECK_CONSUMER) timestamp=10009 ms, used_size=5844992 bytes (14.3%)
(RDMA_READ_CONSUME_CHECK_CONSUMER) timestamp=10009 ms, used_size=5842944 bytes (14.3%)
(RDMA_READ_CONSUME_CHECK_CONSUMER) timestamp=10009 ms, used_size=5840896 bytes (14.3%)
(RDMA_READ_CONSUME_CHECK_CONSUMER) timestamp=10009 ms, used_size=5838848 bytes (14.3%)
(RDMA_READ_CONSUME_CHECK_CONSUMER) timestamp=10009 ms, used_size=5836800 bytes (14.2%)
(RDMA_READ_CONSUME_CHECK_CONSUMER) timestamp=10009 ms, used_size=5834752 bytes (14.2%)
(RDMA_READ_CONSUME_CHECK_CONSUMER) timestamp=10009 ms, used_size=5832704 bytes (14.2%)
(RDMA_READ_CONSUME_CHECK_CONSUMER) timestamp=10009 ms, used_size=5830656 bytes (14.2%)
(RDMA_READ_CONSUME_CHECK_CONSUMER) timestamp=10009 ms, used_size=5828608 bytes (14.2%)
(RDMA_READ_CONSUME_CHECK_CONSUMER) timestamp=10009 ms, used_size=5826560 bytes (14.2%)
(RDMA_READ_CONSUME_CHECK_CONSUMER) timestamp=10009 ms, used_size=5824512 bytes (14.2%)
(RDMA_READ_CONSUME_CHECK_CONSUMER) timestamp=10009 ms, used_size=5822464 bytes (14.2%)
(RDMA_READ_CONSUME_CHECK_CONSUMER) timestamp=10009 ms, used_size=5820416 bytes (14.2%)
(RDMA_READ_CONSUME_CHECK_CONSUMER) timestamp=10009 ms, used_size=5818368 bytes (14.2%)
(RDMA_READ_CONSUME_CHECK_CONSUMER) timestamp=10009 ms, used_size=5816320 bytes (14.2%)
(RDMA_READ_CONSUME_CHECK_CONSUMER) timestamp=10009 ms, used_size=5814272 bytes (14.2%)
(RDMA_READ_CONSUME_CHECK_CONSUMER) timestamp=10009 ms, used_size=5812224 bytes (14.2%)
(RDMA_READ_CONSUME_CHECK_CONSUMER) timestamp=10009 ms, used_size=5810176 bytes (14.2%)
(RDMA_READ_CONSUME_CHECK_CONSUMER) timestamp=10009 ms, used_size=5808128 bytes (14.2%)
(RDMA_READ_CONSUME_CHECK_CONSUMER) timestamp=10009 ms, used_size=5806080 bytes (14.2%)
(RDMA_READ_CONSUME_CHECK_CONSUMER) timestamp=10009 ms, used_size=5804032 bytes (14.2%)
(RDMA_READ_CONSUME_CHECK_CONSUMER) timestamp=10009 ms, used_size=5801984 bytes (14.2%)
(RDMA_READ_CONSUME_CHECK_CONSUMER) timestamp=10009 ms, used_size=5799936 bytes (14.2%)
(RDMA_READ_CONSUME_CHECK_CONSUMER) timestamp=10009 ms, used_size=5797888 bytes (14.2%)
(RDMA_READ_CONSUME_CHECK_CONSUMER) timestamp=10009 ms, used_size=5795840 bytes (14.2%)
(RDMA_READ_CONSUME_CHECK_CONSUMER) timestamp=10009 ms, used_size=5793792 bytes (14.1%)
(RDMA_READ_CONSUME_CHECK_CONSUMER) timestamp=10009 ms, used_size=5791744 bytes (14.1%)
(RDMA_READ_CONSUME_CHECK_CONSUMER) timestamp=10009 ms, used_size=5789696 bytes (14.1%)
(RDMA_READ_CONSUME_CHECK_CONSUMER) timestamp=10009 ms, used_size=5787648 bytes (14.1%)
(RDMA_READ_CONSUME_CHECK_CONSUMER) timestamp=10009 ms, used_size=5785600 bytes (14.1%)
(RDMA_READ_CONSUME_CHECK_CONSUMER) timestamp=10009 ms, used_size=5783552 bytes (14.1%)
(RDMA_READ_CONSUME_CHECK_CONSUMER) timestamp=10009 ms, used_size=5781504 bytes (14.1%)
(RDMA_READ_CONSUME_CHECK_CONSUMER) timestamp=10009 ms, used_size=5779456 bytes (14.1%)
(RDMA_READ_CONSUME_CHECK_CONSUMER) timestamp=10009 ms, used_size=5777408 bytes (14.1%)
(RDMA_READ_CONSUME_CHECK_CONSUMER) timestamp=10009 ms, used_size=5775360 bytes (14.1%)
(RDMA_READ_CONSUME_CHECK_CONSUMER) timestamp=10009 ms, used_size=5773312 bytes (14.1%)
(RDMA_READ_CONSUME_CHECK_CONSUMER) timestamp=10009 ms, used_size=5771264 bytes (14.1%)
(RDMA_READ_CONSUME_CHECK_CONSUMER) timestamp=10009 ms, used_size=5769216 bytes (14.1%)
(RDMA_READ_CONSUME_CHECK_CONSUMER) timestamp=10009 ms, used_size=5767168 bytes (14.1%)
(RDMA_READ_CONSUME_CHECK_CONSUMER) timestamp=10009 ms, used_size=5765120 bytes (14.1%)
(RDMA_READ_CONSUME_CHECK_CONSUMER) timestamp=10009 ms, used_size=5763072 bytes (14.1%)
(RDMA_READ_CONSUME_CHECK_CONSUMER) timestamp=10009 ms, used_size=5761024 bytes (14.1%)
(RDMA_READ_CONSUME_CHECK_CONSUMER) timestamp=10009 ms, used_size=5758976 bytes (14.1%)
(RDMA_READ_CONSUME_CHECK_CONSUMER) timestamp=10009 ms, used_size=5756928 bytes (14.1%)
(RDMA_READ_CONSUME_CHECK_CONSUMER) timestamp=10009 ms, used_size=5754880 bytes (14.1%)
(RDMA_READ_CONSUME_CHECK_CONSUMER) timestamp=10009 ms, used_size=5752832 bytes (14.0%)
(RDMA_READ_CONSUME_CHECK_CONSUMER) timestamp=10009 ms, used_size=5750784 bytes (14.0%)
(RDMA_READ_CONSUME_CHECK_CONSUMER) timestamp=10009 ms, used_size=5748736 bytes (14.0%)
(RDMA_READ_CONSUME_CHECK_CONSUMER) timestamp=10009 ms, used_size=5746688 bytes (14.0%)
(RDMA_READ_CONSUME_CHECK_CONSUMER) timestamp=10009 ms, used_size=5744640 bytes (14.0%)
(RDMA_READ_CONSUME_CHECK_CONSUMER) timestamp=10009 ms, used_size=5742592 bytes (14.0%)
(RDMA_READ_CONSUME_CHECK_CONSUMER) timestamp=10009 ms, used_size=5740544 bytes (14.0%)
(RDMA_READ_CONSUME_CHECK_CONSUMER) timestamp=10009 ms, used_size=5738496 bytes (14.0%)
(RDMA_READ_CONSUME_CHECK_CONSUMER) timestamp=10009 ms, used_size=5736448 bytes (14.0%)
(RDMA_READ_CONSUME_CHECK_CONSUMER) timestamp=10009 ms, used_size=5734400 bytes (14.0%)
(RDMA_READ_CONSUME_CHECK_CONSUMER) timestamp=10009 ms, used_size=5732352 bytes (14.0%)
(RDMA_READ_CONSUME_CHECK_CONSUMER) timestamp=10009 ms, used_size=5730304 bytes (14.0%)
(RDMA_READ_CONSUME_CHECK_CONSUMER) timestamp=10009 ms, used_size=5728256 bytes (14.0%)
(RDMA_READ_CONSUME_CHECK_CONSUMER) timestamp=10009 ms, used_size=5726208 bytes (14.0%)
(RDMA_READ_CONSUME_CHECK_CONSUMER) timestamp=10009 ms, used_size=5724160 bytes (14.0%)
(RDMA_READ_CONSUME_CHECK_CONSUMER) timestamp=10009 ms, used_size=5722112 bytes (14.0%)
(RDMA_READ_CONSUME_CHECK_CONSUMER) timestamp=10009 ms, used_size=5720064 bytes (14.0%)
(RDMA_READ_CONSUME_CHECK_CONSUMER) timestamp=10009 ms, used_size=5718016 bytes (14.0%)
(RDMA_READ_CONSUME_CHECK_CONSUMER) timestamp=10009 ms, used_size=5715968 bytes (14.0%)
(RDMA_READ_CONSUME_CHECK_CONSUMER) timestamp=10009 ms, used_size=5713920 bytes (13.9%)
(RDMA_READ_CONSUME_CHECK_CONSUMER) timestamp=10009 ms, used_size=5711872 bytes (13.9%)
(RDMA_READ_CONSUME_CHECK_CONSUMER) timestamp=10009 ms, used_size=5709824 bytes (13.9%)
(RDMA_READ_CONSUME_CHECK_CONSUMER) timestamp=10009 ms, used_size=5707776 bytes (13.9%)
(RDMA_READ_CONSUME_CHECK_CONSUMER) timestamp=10009 ms, used_size=5705728 bytes (13.9%)
(RDMA_READ_CONSUME_CHECK_CONSUMER) timestamp=10009 ms, used_size=5703680 bytes (13.9%)
(RDMA_READ_CONSUME_CHECK_CONSUMER) timestamp=10009 ms, used_size=5701632 bytes (13.9%)
(RDMA_READ_CONSUME_CHECK_CONSUMER) timestamp=10009 ms, used_size=5699584 bytes (13.9%)
(RDMA_READ_CONSUME_CHECK_CONSUMER) timestamp=10009 ms, used_size=5697536 bytes (13.9%)
(RDMA_READ_CONSUME_CHECK_CONSUMER) timestamp=10009 ms, used_size=5695488 bytes (13.9%)
(RDMA_READ_CONSUME_CHECK_CONSUMER) timestamp=10009 ms, used_size=5693440 bytes (13.9%)
(RDMA_READ_CONSUME_CHECK_CONSUMER) timestamp=10009 ms, used_size=5691392 bytes (13.9%)
(RDMA_READ_CONSUME_CHECK_CONSUMER) timestamp=10009 ms, used_size=5689344 bytes (13.9%)
(RDMA_READ_CONSUME_CHECK_CONSUMER) timestamp=10009 ms, used_size=5687296 bytes (13.9%)
(RDMA_READ_CONSUME_CHECK_CONSUMER) timestamp=10009 ms, used_size=5685248 bytes (13.9%)
(RDMA_READ_CONSUME_CHECK_CONSUMER) timestamp=10009 ms, used_size=5683200 bytes (13.9%)
(RDMA_READ_CONSUME_CHECK_CONSUMER) timestamp=10009 ms, used_size=5681152 bytes (13.9%)
(RDMA_READ_CONSUME_CHECK_CONSUMER) timestamp=10009 ms, used_size=5679104 bytes (13.9%)
(RDMA_READ_CONSUME_CHECK_CONSUMER) timestamp=10009 ms, used_size=5677056 bytes (13.9%)
(RDMA_READ_CONSUME_CHECK_CONSUMER) timestamp=10009 ms, used_size=5675008 bytes (13.9%)
(RDMA_READ_CONSUME_CHECK_CONSUMER) timestamp=10009 ms, used_size=5672960 bytes (13.8%)
(RDMA_READ_CONSUME_CHECK_CONSUMER) timestamp=10009 ms, used_size=5670912 bytes (13.8%)
(RDMA_READ_CONSUME_CHECK_CONSUMER) timestamp=10009 ms, used_size=5668864 bytes (13.8%)
(RDMA_READ_CONSUME_CHECK_CONSUMER) timestamp=10009 ms, used_size=5666816 bytes (13.8%)
(RDMA_READ_CONSUME_CHECK_CONSUMER) timestamp=10009 ms, used_size=5664768 bytes (13.8%)
(RDMA_READ_CONSUME_CHECK_CONSUMER) timestamp=10009 ms, used_size=5662720 bytes (13.8%)
(RDMA_READ_CONSUME_CHECK_CONSUMER) timestamp=10009 ms, used_size=5660672 bytes (13.8%)
(RDMA_READ_CONSUME_CHECK_CONSUMER) timestamp=10009 ms, used_size=5658624 bytes (13.8%)
(RDMA_READ_CONSUME_CHECK_CONSUMER) timestamp=10009 ms, used_size=5656576 bytes (13.8%)
(RDMA_READ_CONSUME_CHECK_CONSUMER) timestamp=10009 ms, used_size=5654528 bytes (13.8%)
(RDMA_READ_CONSUME_CHECK_CONSUMER) timestamp=10009 ms, used_size=5652480 bytes (13.8%)
(RDMA_READ_CONSUME_CHECK_CONSUMER) timestamp=10009 ms, used_size=5650432 bytes (13.8%)
(RDMA_READ_CONSUME_CHECK_CONSUMER) timestamp=10009 ms, used_size=5648384 bytes (13.8%)
(RDMA_READ_CONSUME_CHECK_CONSUMER) timestamp=10009 ms, used_size=5646336 bytes (13.8%)
(RDMA_READ_CONSUME_CHECK_CONSUMER) timestamp=10009 ms, used_size=5644288 bytes (13.8%)
(RDMA_READ_CONSUME_CHECK_CONSUMER) timestamp=10009 ms, used_size=5642240 bytes (13.8%)
(RDMA_READ_CONSUME_CHECK_CONSUMER) timestamp=10009 ms, used_size=5640192 bytes (13.8%)
(RDMA_READ_CONSUME_CHECK_CONSUMER) timestamp=10009 ms, used_size=5638144 bytes (13.8%)
(RDMA_READ_CONSUME_CHECK_CONSUMER) timestamp=10009 ms, used_size=5636096 bytes (13.8%)
(RDMA_READ_CONSUME_CHECK_CONSUMER) timestamp=10009 ms, used_size=5634048 bytes (13.8%)
(RDMA_READ_CONSUME_CHECK_CONSUMER) timestamp=10009 ms, used_size=5632000 bytes (13.8%)
(RDMA_READ_CONSUME_CHECK_CONSUMER) timestamp=10009 ms, used_size=5629952 bytes (13.7%)
(RDMA_READ_CONSUME_CHECK_CONSUMER) timestamp=10009 ms, used_size=5627904 bytes (13.7%)
(RDMA_READ_CONSUME_CHECK_CONSUMER) timestamp=10009 ms, used_size=5625856 bytes (13.7%)
(RDMA_READ_CONSUME_CHECK_CONSUMER) timestamp=10009 ms, used_size=5623808 bytes (13.7%)
(RDMA_READ_CONSUME_CHECK_CONSUMER) timestamp=10009 ms, used_size=5621760 bytes (13.7%)
(RDMA_READ_CONSUME_CHECK_CONSUMER) timestamp=10009 ms, used_size=5619712 bytes (13.7%)
(RDMA_READ_CONSUME_CHECK_CONSUMER) timestamp=10009 ms, used_size=5617664 bytes (13.7%)
(RDMA_READ_CONSUME_CHECK_CONSUMER) timestamp=10009 ms, used_size=5615616 bytes (13.7%)
(RDMA_READ_CONSUME_CHECK_CONSUMER) timestamp=10009 ms, used_size=5613568 bytes (13.7%)
(RDMA_READ_CONSUME_CHECK_CONSUMER) timestamp=10009 ms, used_size=5611520 bytes (13.7%)
(RDMA_READ_CONSUME_CHECK_CONSUMER) timestamp=10009 ms, used_size=5609472 bytes (13.7%)
(RDMA_READ_CONSUME_CHECK_CONSUMER) timestamp=10009 ms, used_size=5607424 bytes (13.7%)
(RDMA_READ_CONSUME_CHECK_CONSUMER) timestamp=10009 ms, used_size=5605376 bytes (13.7%)
(RDMA_READ_CONSUME_CHECK_CONSUMER) timestamp=10009 ms, used_size=5603328 bytes (13.7%)
(RDMA_READ_CONSUME_CHECK_CONSUMER) timestamp=10009 ms, used_size=5601280 bytes (13.7%)
(RDMA_READ_CONSUME_CHECK_CONSUMER) timestamp=10009 ms, used_size=5599232 bytes (13.7%)
(RDMA_READ_CONSUME_CHECK_CONSUMER) timestamp=10010 ms, used_size=5597184 bytes (13.7%)
(RDMA_READ_CONSUME_CHECK_CONSUMER) timestamp=10010 ms, used_size=5595136 bytes (13.7%)
(RDMA_READ_CONSUME_CHECK_CONSUMER) timestamp=10010 ms, used_size=5593088 bytes (13.7%)
(RDMA_READ_CONSUME_CHECK_CONSUMER) timestamp=10010 ms, used_size=5591040 bytes (13.7%)
(RDMA_READ_CONSUME_CHECK_CONSUMER) timestamp=10010 ms, used_size=5588992 bytes (13.6%)
(RDMA_READ_CONSUME_CHECK_CONSUMER) timestamp=10010 ms, used_size=5586944 bytes (13.6%)
(RDMA_READ_CONSUME_CHECK_CONSUMER) timestamp=10010 ms, used_size=5584896 bytes (13.6%)
(RDMA_READ_CONSUME_CHECK_CONSUMER) timestamp=10010 ms, used_size=5582848 bytes (13.6%)
(RDMA_READ_CONSUME_CHECK_CONSUMER) timestamp=10010 ms, used_size=5580800 bytes (13.6%)
(RDMA_READ_CONSUME_CHECK_CONSUMER) timestamp=10010 ms, used_size=5578752 bytes (13.6%)
(RDMA_READ_CONSUME_CHECK_CONSUMER) timestamp=10010 ms, used_size=5576704 bytes (13.6%)
(RDMA_READ_CONSUME_CHECK_CONSUMER) timestamp=10010 ms, used_size=5574656 bytes (13.6%)
(RDMA_READ_CONSUME_CHECK_CONSUMER) timestamp=10010 ms, used_size=5572608 bytes (13.6%)
(RDMA_READ_CONSUME_CHECK_CONSUMER) timestamp=10010 ms, used_size=5570560 bytes (13.6%)
(RDMA_READ_CONSUME_CHECK_CONSUMER) timestamp=10010 ms, used_size=5568512 bytes (13.6%)
(RDMA_READ_CONSUME_CHECK_CONSUMER) timestamp=10010 ms, used_size=5566464 bytes (13.6%)
(RDMA_READ_CONSUME_CHECK_CONSUMER) timestamp=10010 ms, used_size=5564416 bytes (13.6%)
(RDMA_READ_CONSUME_CHECK_CONSUMER) timestamp=10010 ms, used_size=5562368 bytes (13.6%)
(RDMA_READ_CONSUME_CHECK_CONSUMER) timestamp=10010 ms, used_size=5560320 bytes (13.6%)
(RDMA_READ_CONSUME_CHECK_CONSUMER) timestamp=10010 ms, used_size=5558272 bytes (13.6%)
(RDMA_READ_CONSUME_CHECK_CONSUMER) timestamp=10010 ms, used_size=5556224 bytes (13.6%)
(RDMA_READ_CONSUME_CHECK_CONSUMER) timestamp=10010 ms, used_size=5554176 bytes (13.6%)
(RDMA_READ_CONSUME_CHECK_CONSUMER) timestamp=10010 ms, used_size=5552128 bytes (13.6%)
(RDMA_READ_CONSUME_CHECK_CONSUMER) timestamp=10010 ms, used_size=5550080 bytes (13.6%)
(RDMA_READ_CONSUME_CHECK_CONSUMER) timestamp=10010 ms, used_size=5548032 bytes (13.5%)
(RDMA_READ_CONSUME_CHECK_CONSUMER) timestamp=10010 ms, used_size=5545984 bytes (13.5%)
(RDMA_READ_CONSUME_CHECK_CONSUMER) timestamp=10010 ms, used_size=5543936 bytes (13.5%)
(RDMA_READ_CONSUME_CHECK_CONSUMER) timestamp=10010 ms, used_size=5541888 bytes (13.5%)
(RDMA_READ_CONSUME_CHECK_CONSUMER) timestamp=10010 ms, used_size=5539840 bytes (13.5%)
(RDMA_READ_CONSUME_CHECK_CONSUMER) timestamp=10010 ms, used_size=5537792 bytes (13.5%)
(RDMA_READ_CONSUME_CHECK_CONSUMER) timestamp=10010 ms, used_size=5535744 bytes (13.5%)
(RDMA_READ_CONSUME_CHECK_CONSUMER) timestamp=10010 ms, used_size=5533696 bytes (13.5%)
(RDMA_READ_CONSUME_CHECK_CONSUMER) timestamp=10010 ms, used_size=5531648 bytes (13.5%)
(RDMA_READ_CONSUME_CHECK_CONSUMER) timestamp=10010 ms, used_size=5529600 bytes (13.5%)
(RDMA_READ_CONSUME_CHECK_CONSUMER) timestamp=10010 ms, used_size=5527552 bytes (13.5%)
(RDMA_READ_CONSUME_CHECK_CONSUMER) timestamp=10010 ms, used_size=5525504 bytes (13.5%)
(RDMA_READ_CONSUME_CHECK_CONSUMER) timestamp=10010 ms, used_size=5523456 bytes (13.5%)
(RDMA_READ_CONSUME_CHECK_CONSUMER) timestamp=10010 ms, used_size=5521408 bytes (13.5%)
(RDMA_READ_CONSUME_CHECK_CONSUMER) timestamp=10010 ms, used_size=5519360 bytes (13.5%)
(RDMA_READ_CONSUME_CHECK_CONSUMER) timestamp=10010 ms, used_size=5517312 bytes (13.5%)
(RDMA_READ_CONSUME_CHECK_CONSUMER) timestamp=10010 ms, used_size=5515264 bytes (13.5%)
(RDMA_READ_CONSUME_CHECK_CONSUMER) timestamp=10010 ms, used_size=5513216 bytes (13.5%)
(RDMA_READ_CONSUME_CHECK_CONSUMER) timestamp=10010 ms, used_size=5511168 bytes (13.5%)
(RDMA_READ_CONSUME_CHECK_CONSUMER) timestamp=10010 ms, used_size=5509120 bytes (13.4%)
(RDMA_READ_CONSUME_CHECK_CONSUMER) timestamp=10010 ms, used_size=5507072 bytes (13.4%)
(RDMA_READ_CONSUME_CHECK_CONSUMER) timestamp=10010 ms, used_size=5505024 bytes (13.4%)
(RDMA_READ_CONSUME_CHECK_CONSUMER) timestamp=10010 ms, used_size=5502976 bytes (13.4%)
(RDMA_READ_CONSUME_CHECK_CONSUMER) timestamp=10010 ms, used_size=5500928 bytes (13.4%)
(RDMA_READ_CONSUME_CHECK_CONSUMER) timestamp=10010 ms, used_size=5498880 bytes (13.4%)
(RDMA_READ_CONSUME_CHECK_CONSUMER) timestamp=10010 ms, used_size=5496832 bytes (13.4%)
(RDMA_READ_CONSUME_CHECK_CONSUMER) timestamp=10010 ms, used_size=5494784 bytes (13.4%)
(RDMA_READ_CONSUME_CHECK_CONSUMER) timestamp=10010 ms, used_size=5492736 bytes (13.4%)
(RDMA_READ_CONSUME_CHECK_CONSUMER) timestamp=10010 ms, used_size=5490688 bytes (13.4%)
(RDMA_READ_CONSUME_CHECK_CONSUMER) timestamp=10010 ms, used_size=5488640 bytes (13.4%)
(RDMA_READ_CONSUME_CHECK_CONSUMER) timestamp=10010 ms, used_size=5486592 bytes (13.4%)
(RDMA_READ_CONSUME_CHECK_CONSUMER) timestamp=10010 ms, used_size=5484544 bytes (13.4%)
(RDMA_READ_CONSUME_CHECK_CONSUMER) timestamp=10010 ms, used_size=5482496 bytes (13.4%)
(RDMA_READ_CONSUME_CHECK_CONSUMER) timestamp=10010 ms, used_size=5480448 bytes (13.4%)
(RDMA_READ_CONSUME_CHECK_CONSUMER) timestamp=10010 ms, used_size=5478400 bytes (13.4%)
(RDMA_READ_CONSUME_CHECK_CONSUMER) timestamp=10010 ms, used_size=5476352 bytes (13.4%)
(RDMA_READ_CONSUME_CHECK_CONSUMER) timestamp=10010 ms, used_size=5474304 bytes (13.4%)
(RDMA_READ_CONSUME_CHECK_CONSUMER) timestamp=10010 ms, used_size=5472256 bytes (13.4%)
(RDMA_READ_CONSUME_CHECK_CONSUMER) timestamp=10010 ms, used_size=5470208 bytes (13.4%)
(RDMA_READ_CONSUME_CHECK_CONSUMER) timestamp=10010 ms, used_size=5468160 bytes (13.3%)
(RDMA_READ_CONSUME_CHECK_CONSUMER) timestamp=10010 ms, used_size=5466112 bytes (13.3%)
(RDMA_READ_CONSUME_CHECK_CONSUMER) timestamp=10010 ms, used_size=5464064 bytes (13.3%)
(RDMA_READ_CONSUME_CHECK_CONSUMER) timestamp=10010 ms, used_size=5462016 bytes (13.3%)
(RDMA_READ_CONSUME_CHECK_CONSUMER) timestamp=10010 ms, used_size=5459968 bytes (13.3%)
(RDMA_READ_CONSUME_CHECK_CONSUMER) timestamp=10010 ms, used_size=5457920 bytes (13.3%)
(RDMA_READ_CONSUME_CHECK_CONSUMER) timestamp=10010 ms, used_size=5455872 bytes (13.3%)
(RDMA_READ_CONSUME_CHECK_CONSUMER) timestamp=10010 ms, used_size=5453824 bytes (13.3%)
(RDMA_READ_CONSUME_CHECK_CONSUMER) timestamp=10010 ms, used_size=5451776 bytes (13.3%)
(RDMA_READ_CONSUME_CHECK_CONSUMER) timestamp=10010 ms, used_size=5449728 bytes (13.3%)
(RDMA_READ_CONSUME_CHECK_CONSUMER) timestamp=10010 ms, used_size=5447680 bytes (13.3%)
(RDMA_READ_CONSUME_CHECK_CONSUMER) timestamp=10010 ms, used_size=5445632 bytes (13.3%)
(RDMA_READ_CONSUME_CHECK_CONSUMER) timestamp=10010 ms, used_size=5443584 bytes (13.3%)
(RDMA_READ_CONSUME_CHECK_CONSUMER) timestamp=10010 ms, used_size=5441536 bytes (13.3%)
(RDMA_READ_CONSUME_CHECK_CONSUMER) timestamp=10010 ms, used_size=5439488 bytes (13.3%)
(RDMA_READ_CONSUME_CHECK_CONSUMER) timestamp=10010 ms, used_size=5437440 bytes (13.3%)
(RDMA_READ_CONSUME_CHECK_CONSUMER) timestamp=10010 ms, used_size=5435392 bytes (13.3%)
(RDMA_READ_CONSUME_CHECK_CONSUMER) timestamp=10010 ms, used_size=5433344 bytes (13.3%)
(RDMA_READ_CONSUME_CHECK_CONSUMER) timestamp=10010 ms, used_size=5431296 bytes (13.3%)
(RDMA_READ_CONSUME_CHECK_CONSUMER) timestamp=10010 ms, used_size=5429248 bytes (13.3%)
(RDMA_READ_CONSUME_CHECK_CONSUMER) timestamp=10010 ms, used_size=5427200 bytes (13.2%)
(RDMA_READ_CONSUME_CHECK_CONSUMER) timestamp=10010 ms, used_size=5425152 bytes (13.2%)
(RDMA_READ_CONSUME_CHECK_CONSUMER) timestamp=10010 ms, used_size=5423104 bytes (13.2%)
(RDMA_READ_CONSUME_CHECK_CONSUMER) timestamp=10010 ms, used_size=5421056 bytes (13.2%)
(RDMA_READ_CONSUME_CHECK_CONSUMER) timestamp=10010 ms, used_size=5419008 bytes (13.2%)
(RDMA_READ_CONSUME_CHECK_CONSUMER) timestamp=10010 ms, used_size=5416960 bytes (13.2%)
(RDMA_READ_CONSUME_CHECK_CONSUMER) timestamp=10010 ms, used_size=5414912 bytes (13.2%)
(RDMA_READ_CONSUME_CHECK_CONSUMER) timestamp=10010 ms, used_size=5412864 bytes (13.2%)
(RDMA_READ_CONSUME_CHECK_CONSUMER) timestamp=10010 ms, used_size=5410816 bytes (13.2%)
(RDMA_READ_CONSUME_CHECK_CONSUMER) timestamp=10010 ms, used_size=5408768 bytes (13.2%)
(RDMA_READ_CONSUME_CHECK_CONSUMER) timestamp=10010 ms, used_size=5406720 bytes (13.2%)
(RDMA_READ_CONSUME_CHECK_CONSUMER) timestamp=10010 ms, used_size=5404672 bytes (13.2%)
(RDMA_READ_CONSUME_CHECK_CONSUMER) timestamp=10010 ms, used_size=5402624 bytes (13.2%)
(RDMA_READ_CONSUME_CHECK_CONSUMER) timestamp=10010 ms, used_size=5400576 bytes (13.2%)
(RDMA_READ_CONSUME_CHECK_CONSUMER) timestamp=10010 ms, used_size=5398528 bytes (13.2%)
(RDMA_READ_CONSUME_CHECK_CONSUMER) timestamp=10010 ms, used_size=5396480 bytes (13.2%)
(RDMA_READ_CONSUME_CHECK_CONSUMER) timestamp=10010 ms, used_size=5394432 bytes (13.2%)
(RDMA_READ_CONSUME_CHECK_CONSUMER) timestamp=10010 ms, used_size=5392384 bytes (13.2%)
(RDMA_READ_CONSUME_CHECK_CONSUMER) timestamp=10010 ms, used_size=5390336 bytes (13.2%)
(RDMA_READ_CONSUME_CHECK_CONSUMER) timestamp=10010 ms, used_size=5388288 bytes (13.2%)
(RDMA_READ_CONSUME_CHECK_CONSUMER) timestamp=10010 ms, used_size=5386240 bytes (13.2%)
(RDMA_READ_CONSUME_CHECK_CONSUMER) timestamp=10010 ms, used_size=5384192 bytes (13.1%)
(RDMA_READ_CONSUME_CHECK_CONSUMER) timestamp=10010 ms, used_size=5382144 bytes (13.1%)
(RDMA_READ_CONSUME_CHECK_CONSUMER) timestamp=10010 ms, used_size=5380096 bytes (13.1%)
(RDMA_READ_CONSUME_CHECK_CONSUMER) timestamp=10010 ms, used_size=5378048 bytes (13.1%)
(RDMA_READ_CONSUME_CHECK_CONSUMER) timestamp=10010 ms, used_size=5376000 bytes (13.1%)
(RDMA_READ_CONSUME_CHECK_CONSUMER) timestamp=10010 ms, used_size=5373952 bytes (13.1%)
(RDMA_READ_CONSUME_CHECK_CONSUMER) timestamp=10010 ms, used_size=5371904 bytes (13.1%)
(RDMA_READ_CONSUME_CHECK_CONSUMER) timestamp=10010 ms, used_size=5369856 bytes (13.1%)
(RDMA_READ_CONSUME_CHECK_CONSUMER) timestamp=10010 ms, used_size=5367808 bytes (13.1%)
(RDMA_READ_CONSUME_CHECK_CONSUMER) timestamp=10010 ms, used_size=5365760 bytes (13.1%)
(RDMA_READ_CONSUME_CHECK_CONSUMER) timestamp=10010 ms, used_size=5363712 bytes (13.1%)
(RDMA_READ_CONSUME_CHECK_CONSUMER) timestamp=10010 ms, used_size=5361664 bytes (13.1%)
(RDMA_READ_CONSUME_CHECK_CONSUMER) timestamp=10010 ms, used_size=5359616 bytes (13.1%)
(RDMA_READ_CONSUME_CHECK_CONSUMER) timestamp=10010 ms, used_size=5357568 bytes (13.1%)
(RDMA_READ_CONSUME_CHECK_CONSUMER) timestamp=10010 ms, used_size=5355520 bytes (13.1%)
(RDMA_READ_CONSUME_CHECK_CONSUMER) timestamp=10010 ms, used_size=5353472 bytes (13.1%)
(RDMA_READ_CONSUME_CHECK_CONSUMER) timestamp=10010 ms, used_size=5351424 bytes (13.1%)
(RDMA_READ_CONSUME_CHECK_CONSUMER) timestamp=10010 ms, used_size=5349376 bytes (13.1%)
(RDMA_READ_CONSUME_CHECK_CONSUMER) timestamp=10010 ms, used_size=5347328 bytes (13.1%)
(RDMA_READ_CONSUME_CHECK_CONSUMER) timestamp=10010 ms, used_size=5345280 bytes (13.1%)
(RDMA_READ_CONSUME_CHECK_CONSUMER) timestamp=10010 ms, used_size=5343232 bytes (13.0%)
(RDMA_READ_CONSUME_CHECK_CONSUMER) timestamp=10010 ms, used_size=5341184 bytes (13.0%)
(RDMA_READ_CONSUME_CHECK_CONSUMER) timestamp=10010 ms, used_size=5339136 bytes (13.0%)
(RDMA_READ_CONSUME_CHECK_CONSUMER) timestamp=10010 ms, used_size=5337088 bytes (13.0%)
(RDMA_READ_CONSUME_CHECK_CONSUMER) timestamp=10010 ms, used_size=5335040 bytes (13.0%)
(RDMA_READ_CONSUME_CHECK_CONSUMER) timestamp=10010 ms, used_size=5332992 bytes (13.0%)
(RDMA_READ_CONSUME_CHECK_CONSUMER) timestamp=10010 ms, used_size=5330944 bytes (13.0%)
(RDMA_READ_CONSUME_CHECK_CONSUMER) timestamp=10010 ms, used_size=5328896 bytes (13.0%)
(RDMA_READ_CONSUME_CHECK_CONSUMER) timestamp=10010 ms, used_size=5326848 bytes (13.0%)
(RDMA_READ_CONSUME_CHECK_CONSUMER) timestamp=10010 ms, used_size=5324800 bytes (13.0%)
(RDMA_READ_CONSUME_CHECK_CONSUMER) timestamp=10010 ms, used_size=5322752 bytes (13.0%)
(RDMA_READ_CONSUME_CHECK_CONSUMER) timestamp=10010 ms, used_size=5320704 bytes (13.0%)
(RDMA_READ_CONSUME_CHECK_CONSUMER) timestamp=10010 ms, used_size=5318656 bytes (13.0%)
(RDMA_READ_CONSUME_CHECK_CONSUMER) timestamp=10010 ms, used_size=5316608 bytes (13.0%)
(RDMA_READ_CONSUME_CHECK_CONSUMER) timestamp=10010 ms, used_size=5314560 bytes (13.0%)
(RDMA_READ_CONSUME_CHECK_CONSUMER) timestamp=10010 ms, used_size=5312512 bytes (13.0%)
(RDMA_READ_CONSUME_CHECK_CONSUMER) timestamp=10010 ms, used_size=5310464 bytes (13.0%)
(RDMA_READ_CONSUME_CHECK_CONSUMER) timestamp=10010 ms, used_size=5308416 bytes (13.0%)
(RDMA_READ_CONSUME_CHECK_CONSUMER) timestamp=10010 ms, used_size=5306368 bytes (13.0%)
(RDMA_READ_CONSUME_CHECK_CONSUMER) timestamp=10010 ms, used_size=5304320 bytes (12.9%)
(RDMA_READ_CONSUME_CHECK_CONSUMER) timestamp=10010 ms, used_size=5302272 bytes (12.9%)
(RDMA_READ_CONSUME_CHECK_CONSUMER) timestamp=10010 ms, used_size=5300224 bytes (12.9%)
(RDMA_READ_CONSUME_CHECK_CONSUMER) timestamp=10010 ms, used_size=5298176 bytes (12.9%)
(RDMA_READ_CONSUME_CHECK_CONSUMER) timestamp=10010 ms, used_size=5296128 bytes (12.9%)
(RDMA_READ_CONSUME_CHECK_CONSUMER) timestamp=10010 ms, used_size=5294080 bytes (12.9%)
(RDMA_READ_CONSUME_CHECK_CONSUMER) timestamp=10010 ms, used_size=5292032 bytes (12.9%)
(RDMA_READ_CONSUME_CHECK_CONSUMER) timestamp=10010 ms, used_size=5289984 bytes (12.9%)
(RDMA_READ_CONSUME_CHECK_CONSUMER) timestamp=10010 ms, used_size=5287936 bytes (12.9%)
(RDMA_READ_CONSUME_CHECK_CONSUMER) timestamp=10010 ms, used_size=5285888 bytes (12.9%)
(RDMA_READ_CONSUME_CHECK_CONSUMER) timestamp=10010 ms, used_size=5283840 bytes (12.9%)
(RDMA_READ_CONSUME_CHECK_CONSUMER) timestamp=10010 ms, used_size=5281792 bytes (12.9%)
(RDMA_READ_CONSUME_CHECK_CONSUMER) timestamp=10010 ms, used_size=5279744 bytes (12.9%)
(RDMA_READ_CONSUME_CHECK_CONSUMER) timestamp=10010 ms, used_size=5277696 bytes (12.9%)
(RDMA_READ_CONSUME_CHECK_CONSUMER) timestamp=10010 ms, used_size=5275648 bytes (12.9%)
(RDMA_READ_CONSUME_CHECK_CONSUMER) timestamp=10010 ms, used_size=5273600 bytes (12.9%)
(RDMA_READ_CONSUME_CHECK_CONSUMER) timestamp=10010 ms, used_size=5271552 bytes (12.9%)
(RDMA_READ_CONSUME_CHECK_CONSUMER) timestamp=10010 ms, used_size=5269504 bytes (12.9%)
(RDMA_READ_CONSUME_CHECK_CONSUMER) timestamp=10010 ms, used_size=5267456 bytes (12.9%)
(RDMA_READ_CONSUME_CHECK_CONSUMER) timestamp=10010 ms, used_size=5265408 bytes (12.9%)
(RDMA_READ_CONSUME_CHECK_CONSUMER) timestamp=10010 ms, used_size=5263360 bytes (12.8%)
(RDMA_READ_CONSUME_CHECK_CONSUMER) timestamp=10010 ms, used_size=5261312 bytes (12.8%)
(RDMA_READ_CONSUME_CHECK_CONSUMER) timestamp=10010 ms, used_size=5259264 bytes (12.8%)
(RDMA_READ_CONSUME_CHECK_CONSUMER) timestamp=10010 ms, used_size=5257216 bytes (12.8%)
(RDMA_READ_CONSUME_CHECK_CONSUMER) timestamp=10010 ms, used_size=5255168 bytes (12.8%)
(RDMA_READ_CONSUME_CHECK_CONSUMER) timestamp=10010 ms, used_size=5253120 bytes (12.8%)
(RDMA_READ_CONSUME_CHECK_CONSUMER) timestamp=10010 ms, used_size=5251072 bytes (12.8%)
(RDMA_READ_CONSUME_CHECK_CONSUMER) timestamp=10010 ms, used_size=5249024 bytes (12.8%)
(RDMA_READ_CONSUME_CHECK_CONSUMER) timestamp=10010 ms, used_size=5246976 bytes (12.8%)
(RDMA_READ_CONSUME_CHECK_CONSUMER) timestamp=10011 ms, used_size=5244928 bytes (12.8%)
(RDMA_READ_CONSUME_CHECK_CONSUMER) timestamp=10011 ms, used_size=5242880 bytes (12.8%)
(RDMA_READ_CONSUME_CHECK_CONSUMER) timestamp=10011 ms, used_size=5240832 bytes (12.8%)
(RDMA_READ_CONSUME_CHECK_CONSUMER) timestamp=10011 ms, used_size=5238784 bytes (12.8%)
(RDMA_READ_CONSUME_CHECK_CONSUMER) timestamp=10011 ms, used_size=5236736 bytes (12.8%)
(RDMA_READ_CONSUME_CHECK_CONSUMER) timestamp=10011 ms, used_size=5234688 bytes (12.8%)
(RDMA_READ_CONSUME_CHECK_CONSUMER) timestamp=10011 ms, used_size=5232640 bytes (12.8%)
(RDMA_READ_CONSUME_CHECK_CONSUMER) timestamp=10011 ms, used_size=5230592 bytes (12.8%)
(RDMA_READ_CONSUME_CHECK_CONSUMER) timestamp=10011 ms, used_size=5228544 bytes (12.8%)
(RDMA_READ_CONSUME_CHECK_CONSUMER) timestamp=10011 ms, used_size=5226496 bytes (12.8%)
(RDMA_READ_CONSUME_CHECK_CONSUMER) timestamp=10011 ms, used_size=5224448 bytes (12.8%)
(RDMA_READ_CONSUME_CHECK_CONSUMER) timestamp=10011 ms, used_size=5222400 bytes (12.8%)
(RDMA_READ_CONSUME_CHECK_CONSUMER) timestamp=10011 ms, used_size=5220352 bytes (12.7%)
(RDMA_READ_CONSUME_CHECK_CONSUMER) timestamp=10011 ms, used_size=5218304 bytes (12.7%)
(RDMA_READ_CONSUME_CHECK_CONSUMER) timestamp=10011 ms, used_size=5216256 bytes (12.7%)
(RDMA_READ_CONSUME_CHECK_CONSUMER) timestamp=10011 ms, used_size=5214208 bytes (12.7%)
(RDMA_READ_CONSUME_CHECK_CONSUMER) timestamp=10011 ms, used_size=5212160 bytes (12.7%)
(RDMA_READ_CONSUME_CHECK_CONSUMER) timestamp=10011 ms, used_size=5210112 bytes (12.7%)
(RDMA_READ_CONSUME_CHECK_CONSUMER) timestamp=10011 ms, used_size=5208064 bytes (12.7%)
(RDMA_READ_CONSUME_CHECK_CONSUMER) timestamp=10011 ms, used_size=5206016 bytes (12.7%)
(RDMA_READ_CONSUME_CHECK_CONSUMER) timestamp=10011 ms, used_size=5203968 bytes (12.7%)
(RDMA_READ_CONSUME_CHECK_CONSUMER) timestamp=10011 ms, used_size=5201920 bytes (12.7%)
(RDMA_READ_CONSUME_CHECK_CONSUMER) timestamp=10011 ms, used_size=5199872 bytes (12.7%)
(RDMA_READ_CONSUME_CHECK_CONSUMER) timestamp=10011 ms, used_size=5197824 bytes (12.7%)
(RDMA_READ_CONSUME_CHECK_CONSUMER) timestamp=10011 ms, used_size=5195776 bytes (12.7%)
(RDMA_READ_CONSUME_CHECK_CONSUMER) timestamp=10011 ms, used_size=5193728 bytes (12.7%)
(RDMA_READ_CONSUME_CHECK_CONSUMER) timestamp=10011 ms, used_size=5191680 bytes (12.7%)
(RDMA_READ_CONSUME_CHECK_CONSUMER) timestamp=10011 ms, used_size=5189632 bytes (12.7%)
(RDMA_READ_CONSUME_CHECK_CONSUMER) timestamp=10011 ms, used_size=5187584 bytes (12.7%)
(RDMA_READ_CONSUME_CHECK_CONSUMER) timestamp=10011 ms, used_size=5185536 bytes (12.7%)
(RDMA_READ_CONSUME_CHECK_CONSUMER) timestamp=10011 ms, used_size=5183488 bytes (12.7%)
(RDMA_READ_CONSUME_CHECK_CONSUMER) timestamp=10011 ms, used_size=5181440 bytes (12.7%)
(RDMA_READ_CONSUME_CHECK_CONSUMER) timestamp=10011 ms, used_size=5179392 bytes (12.6%)
(RDMA_READ_CONSUME_CHECK_CONSUMER) timestamp=10011 ms, used_size=5177344 bytes (12.6%)
(RDMA_READ_CONSUME_CHECK_CONSUMER) timestamp=10011 ms, used_size=5175296 bytes (12.6%)
(RDMA_READ_CONSUME_CHECK_CONSUMER) timestamp=10011 ms, used_size=5173248 bytes (12.6%)
(RDMA_READ_CONSUME_CHECK_CONSUMER) timestamp=10011 ms, used_size=5171200 bytes (12.6%)
(RDMA_READ_CONSUME_CHECK_CONSUMER) timestamp=10011 ms, used_size=5169152 bytes (12.6%)
(RDMA_READ_CONSUME_CHECK_CONSUMER) timestamp=10011 ms, used_size=5167104 bytes (12.6%)
(RDMA_READ_CONSUME_CHECK_CONSUMER) timestamp=10011 ms, used_size=5165056 bytes (12.6%)
(RDMA_READ_CONSUME_CHECK_CONSUMER) timestamp=10011 ms, used_size=5163008 bytes (12.6%)
(RDMA_READ_CONSUME_CHECK_CONSUMER) timestamp=10011 ms, used_size=5160960 bytes (12.6%)
(RDMA_READ_CONSUME_CHECK_CONSUMER) timestamp=10011 ms, used_size=5158912 bytes (12.6%)
(RDMA_READ_CONSUME_CHECK_CONSUMER) timestamp=10011 ms, used_size=5156864 bytes (12.6%)
(RDMA_READ_CONSUME_CHECK_CONSUMER) timestamp=10011 ms, used_size=5154816 bytes (12.6%)
(RDMA_READ_CONSUME_CHECK_CONSUMER) timestamp=10011 ms, used_size=5152768 bytes (12.6%)
(RDMA_READ_CONSUME_CHECK_CONSUMER) timestamp=10011 ms, used_size=5150720 bytes (12.6%)
(RDMA_READ_CONSUME_CHECK_CONSUMER) timestamp=10011 ms, used_size=5148672 bytes (12.6%)
(RDMA_READ_CONSUME_CHECK_CONSUMER) timestamp=10011 ms, used_size=5146624 bytes (12.6%)
(RDMA_READ_CONSUME_CHECK_CONSUMER) timestamp=10011 ms, used_size=5144576 bytes (12.6%)
(RDMA_READ_CONSUME_CHECK_CONSUMER) timestamp=10011 ms, used_size=5142528 bytes (12.6%)
(RDMA_READ_CONSUME_CHECK_CONSUMER) timestamp=10011 ms, used_size=5140480 bytes (12.6%)
(RDMA_READ_CONSUME_CHECK_CONSUMER) timestamp=10011 ms, used_size=5138432 bytes (12.5%)
(RDMA_READ_CONSUME_CHECK_CONSUMER) timestamp=10011 ms, used_size=5136384 bytes (12.5%)
(RDMA_READ_CONSUME_CHECK_CONSUMER) timestamp=10011 ms, used_size=5134336 bytes (12.5%)
(RDMA_READ_CONSUME_CHECK_CONSUMER) timestamp=10011 ms, used_size=5132288 bytes (12.5%)
(RDMA_READ_CONSUME_CHECK_CONSUMER) timestamp=10011 ms, used_size=5130240 bytes (12.5%)
(RDMA_READ_CONSUME_CHECK_CONSUMER) timestamp=10011 ms, used_size=5128192 bytes (12.5%)
(RDMA_READ_CONSUME_CHECK_CONSUMER) timestamp=10011 ms, used_size=5126144 bytes (12.5%)
(RDMA_READ_CONSUME_CHECK_CONSUMER) timestamp=10011 ms, used_size=5124096 bytes (12.5%)
(RDMA_READ_CONSUME_CHECK_CONSUMER) timestamp=10011 ms, used_size=5122048 bytes (12.5%)
(RDMA_READ_CONSUME_CHECK_CONSUMER) timestamp=10011 ms, used_size=5120000 bytes (12.5%)
(RDMA_READ_CONSUME_CHECK_CONSUMER) timestamp=10011 ms, used_size=5117952 bytes (12.5%)
(RDMA_READ_CONSUME_CHECK_CONSUMER) timestamp=10011 ms, used_size=5115904 bytes (12.5%)
(RDMA_READ_CONSUME_CHECK_CONSUMER) timestamp=10011 ms, used_size=5113856 bytes (12.5%)
(RDMA_READ_CONSUME_CHECK_CONSUMER) timestamp=10011 ms, used_size=5111808 bytes (12.5%)
(RDMA_READ_CONSUME_CHECK_CONSUMER) timestamp=10011 ms, used_size=5109760 bytes (12.5%)
(RDMA_READ_CONSUME_CHECK_CONSUMER) timestamp=10011 ms, used_size=5107712 bytes (12.5%)
(RDMA_READ_CONSUME_CHECK_CONSUMER) timestamp=10011 ms, used_size=5105664 bytes (12.5%)
(RDMA_READ_CONSUME_CHECK_CONSUMER) timestamp=10011 ms, used_size=5103616 bytes (12.5%)
(RDMA_READ_CONSUME_CHECK_CONSUMER) timestamp=10011 ms, used_size=5101568 bytes (12.5%)
(RDMA_READ_CONSUME_CHECK_CONSUMER) timestamp=10011 ms, used_size=5099520 bytes (12.4%)
(RDMA_READ_CONSUME_CHECK_CONSUMER) timestamp=10011 ms, used_size=5097472 bytes (12.4%)
(RDMA_READ_CONSUME_CHECK_CONSUMER) timestamp=10011 ms, used_size=5095424 bytes (12.4%)
(RDMA_READ_CONSUME_CHECK_CONSUMER) timestamp=10011 ms, used_size=5093376 bytes (12.4%)
(RDMA_READ_CONSUME_CHECK_CONSUMER) timestamp=10011 ms, used_size=5091328 bytes (12.4%)
(RDMA_READ_CONSUME_CHECK_CONSUMER) timestamp=10011 ms, used_size=5089280 bytes (12.4%)
(RDMA_READ_CONSUME_CHECK_CONSUMER) timestamp=10011 ms, used_size=5087232 bytes (12.4%)
(RDMA_READ_CONSUME_CHECK_CONSUMER) timestamp=10011 ms, used_size=5085184 bytes (12.4%)
(RDMA_READ_CONSUME_CHECK_CONSUMER) timestamp=10011 ms, used_size=5083136 bytes (12.4%)
(RDMA_READ_CONSUME_CHECK_CONSUMER) timestamp=10011 ms, used_size=5081088 bytes (12.4%)
(RDMA_READ_CONSUME_CHECK_CONSUMER) timestamp=10011 ms, used_size=5079040 bytes (12.4%)
(RDMA_READ_CONSUME_CHECK_CONSUMER) timestamp=10011 ms, used_size=5076992 bytes (12.4%)
(RDMA_READ_CONSUME_CHECK_CONSUMER) timestamp=10011 ms, used_size=5074944 bytes (12.4%)
(RDMA_READ_CONSUME_CHECK_CONSUMER) timestamp=10011 ms, used_size=5072896 bytes (12.4%)
(RDMA_READ_CONSUME_CHECK_CONSUMER) timestamp=10011 ms, used_size=5070848 bytes (12.4%)
(RDMA_READ_CONSUME_CHECK_CONSUMER) timestamp=10011 ms, used_size=5068800 bytes (12.4%)
(RDMA_READ_CONSUME_CHECK_CONSUMER) timestamp=10011 ms, used_size=5066752 bytes (12.4%)
(RDMA_READ_CONSUME_CHECK_CONSUMER) timestamp=10011 ms, used_size=5064704 bytes (12.4%)
(RDMA_READ_CONSUME_CHECK_CONSUMER) timestamp=10011 ms, used_size=5062656 bytes (12.4%)
(RDMA_READ_CONSUME_CHECK_CONSUMER) timestamp=10011 ms, used_size=5060608 bytes (12.4%)
(RDMA_READ_CONSUME_CHECK_CONSUMER) timestamp=10011 ms, used_size=5058560 bytes (12.3%)
(RDMA_READ_CONSUME_CHECK_CONSUMER) timestamp=10011 ms, used_size=5056512 bytes (12.3%)
(RDMA_READ_CONSUME_CHECK_CONSUMER) timestamp=10011 ms, used_size=5054464 bytes (12.3%)
(RDMA_READ_CONSUME_CHECK_CONSUMER) timestamp=10011 ms, used_size=5052416 bytes (12.3%)
(RDMA_READ_CONSUME_CHECK_CONSUMER) timestamp=10011 ms, used_size=5050368 bytes (12.3%)
(RDMA_READ_CONSUME_CHECK_CONSUMER) timestamp=10011 ms, used_size=5048320 bytes (12.3%)
(RDMA_READ_CONSUME_CHECK_CONSUMER) timestamp=10011 ms, used_size=5046272 bytes (12.3%)
(RDMA_READ_CONSUME_CHECK_CONSUMER) timestamp=10011 ms, used_size=5044224 bytes (12.3%)
(RDMA_READ_CONSUME_CHECK_CONSUMER) timestamp=10011 ms, used_size=5042176 bytes (12.3%)
(RDMA_READ_CONSUME_CHECK_CONSUMER) timestamp=10011 ms, used_size=5040128 bytes (12.3%)
(RDMA_READ_CONSUME_CHECK_CONSUMER) timestamp=10011 ms, used_size=5038080 bytes (12.3%)
(RDMA_READ_CONSUME_CHECK_CONSUMER) timestamp=10011 ms, used_size=5036032 bytes (12.3%)
(RDMA_READ_CONSUME_CHECK_CONSUMER) timestamp=10011 ms, used_size=5033984 bytes (12.3%)
(RDMA_READ_CONSUME_CHECK_CONSUMER) timestamp=10011 ms, used_size=5031936 bytes (12.3%)
(RDMA_READ_CONSUME_CHECK_CONSUMER) timestamp=10011 ms, used_size=5029888 bytes (12.3%)
(RDMA_READ_CONSUME_CHECK_CONSUMER) timestamp=10011 ms, used_size=5027840 bytes (12.3%)
(RDMA_READ_CONSUME_CHECK_CONSUMER) timestamp=10011 ms, used_size=5025792 bytes (12.3%)
(RDMA_READ_CONSUME_CHECK_CONSUMER) timestamp=10011 ms, used_size=5023744 bytes (12.3%)
(RDMA_READ_CONSUME_CHECK_CONSUMER) timestamp=10011 ms, used_size=5021696 bytes (12.3%)
(RDMA_READ_CONSUME_CHECK_CONSUMER) timestamp=10011 ms, used_size=5019648 bytes (12.3%)
(RDMA_READ_CONSUME_CHECK_CONSUMER) timestamp=10011 ms, used_size=5017600 bytes (12.2%)
(RDMA_READ_CONSUME_CHECK_CONSUMER) timestamp=10011 ms, used_size=5015552 bytes (12.2%)
(RDMA_READ_CONSUME_CHECK_CONSUMER) timestamp=10011 ms, used_size=5013504 bytes (12.2%)
(RDMA_READ_CONSUME_CHECK_CONSUMER) timestamp=10011 ms, used_size=5011456 bytes (12.2%)
(RDMA_READ_CONSUME_CHECK_CONSUMER) timestamp=10011 ms, used_size=5009408 bytes (12.2%)
(RDMA_READ_CONSUME_CHECK_CONSUMER) timestamp=10011 ms, used_size=5007360 bytes (12.2%)
(RDMA_READ_CONSUME_CHECK_CONSUMER) timestamp=10011 ms, used_size=5005312 bytes (12.2%)
(RDMA_READ_CONSUME_CHECK_CONSUMER) timestamp=10011 ms, used_size=5003264 bytes (12.2%)
(RDMA_READ_CONSUME_CHECK_CONSUMER) timestamp=10011 ms, used_size=5001216 bytes (12.2%)
(RDMA_READ_CONSUME_CHECK_CONSUMER) timestamp=10011 ms, used_size=4999168 bytes (12.2%)
(RDMA_READ_CONSUME_CHECK_CONSUMER) timestamp=10011 ms, used_size=4997120 bytes (12.2%)
(RDMA_READ_CONSUME_CHECK_CONSUMER) timestamp=10011 ms, used_size=4995072 bytes (12.2%)
(RDMA_READ_CONSUME_CHECK_CONSUMER) timestamp=10011 ms, used_size=4993024 bytes (12.2%)
(RDMA_READ_CONSUME_CHECK_CONSUMER) timestamp=10011 ms, used_size=4990976 bytes (12.2%)
(RDMA_READ_CONSUME_CHECK_CONSUMER) timestamp=10011 ms, used_size=4988928 bytes (12.2%)
(RDMA_READ_CONSUME_CHECK_CONSUMER) timestamp=10011 ms, used_size=4986880 bytes (12.2%)
(RDMA_READ_CONSUME_CHECK_CONSUMER) timestamp=10011 ms, used_size=4984832 bytes (12.2%)
(RDMA_READ_CONSUME_CHECK_CONSUMER) timestamp=10011 ms, used_size=4982784 bytes (12.2%)
(RDMA_READ_CONSUME_CHECK_CONSUMER) timestamp=10011 ms, used_size=4980736 bytes (12.2%)
(RDMA_READ_CONSUME_CHECK_CONSUMER) timestamp=10011 ms, used_size=4978688 bytes (12.2%)
(RDMA_READ_CONSUME_CHECK_CONSUMER) timestamp=10011 ms, used_size=4976640 bytes (12.2%)
(RDMA_READ_CONSUME_CHECK_CONSUMER) timestamp=10011 ms, used_size=4974592 bytes (12.1%)
(RDMA_READ_CONSUME_CHECK_CONSUMER) timestamp=10011 ms, used_size=4972544 bytes (12.1%)
(RDMA_READ_CONSUME_CHECK_CONSUMER) timestamp=10011 ms, used_size=4970496 bytes (12.1%)
(RDMA_READ_CONSUME_CHECK_CONSUMER) timestamp=10011 ms, used_size=4968448 bytes (12.1%)
(RDMA_READ_CONSUME_CHECK_CONSUMER) timestamp=10011 ms, used_size=4966400 bytes (12.1%)
(RDMA_READ_CONSUME_CHECK_CONSUMER) timestamp=10011 ms, used_size=4964352 bytes (12.1%)
(RDMA_READ_CONSUME_CHECK_CONSUMER) timestamp=10011 ms, used_size=4962304 bytes (12.1%)
(RDMA_READ_CONSUME_CHECK_CONSUMER) timestamp=10011 ms, used_size=4960256 bytes (12.1%)
(RDMA_READ_CONSUME_CHECK_CONSUMER) timestamp=10011 ms, used_size=4958208 bytes (12.1%)
(RDMA_READ_CONSUME_CHECK_CONSUMER) timestamp=10011 ms, used_size=4956160 bytes (12.1%)
(RDMA_READ_CONSUME_CHECK_CONSUMER) timestamp=10011 ms, used_size=4954112 bytes (12.1%)
(RDMA_READ_CONSUME_CHECK_CONSUMER) timestamp=10011 ms, used_size=4952064 bytes (12.1%)
(RDMA_READ_CONSUME_CHECK_CONSUMER) timestamp=10011 ms, used_size=4950016 bytes (12.1%)
(RDMA_READ_CONSUME_CHECK_CONSUMER) timestamp=10011 ms, used_size=4947968 bytes (12.1%)
(RDMA_READ_CONSUME_CHECK_CONSUMER) timestamp=10011 ms, used_size=4945920 bytes (12.1%)
(RDMA_READ_CONSUME_CHECK_CONSUMER) timestamp=10011 ms, used_size=4943872 bytes (12.1%)
(RDMA_READ_CONSUME_CHECK_CONSUMER) timestamp=10011 ms, used_size=4941824 bytes (12.1%)
(RDMA_READ_CONSUME_CHECK_CONSUMER) timestamp=10011 ms, used_size=4939776 bytes (12.1%)
(RDMA_READ_CONSUME_CHECK_CONSUMER) timestamp=10011 ms, used_size=4937728 bytes (12.1%)
(RDMA_READ_CONSUME_CHECK_CONSUMER) timestamp=10011 ms, used_size=4935680 bytes (12.1%)
(RDMA_READ_CONSUME_CHECK_CONSUMER) timestamp=10011 ms, used_size=4933632 bytes (12.0%)
(RDMA_READ_CONSUME_CHECK_CONSUMER) timestamp=10011 ms, used_size=4931584 bytes (12.0%)
(RDMA_READ_CONSUME_CHECK_CONSUMER) timestamp=10011 ms, used_size=4929536 bytes (12.0%)
(RDMA_READ_CONSUME_CHECK_CONSUMER) timestamp=10011 ms, used_size=4927488 bytes (12.0%)
(RDMA_READ_CONSUME_CHECK_CONSUMER) timestamp=10011 ms, used_size=4925440 bytes (12.0%)
(RDMA_READ_CONSUME_CHECK_CONSUMER) timestamp=10011 ms, used_size=4923392 bytes (12.0%)
(RDMA_READ_CONSUME_CHECK_CONSUMER) timestamp=10011 ms, used_size=4921344 bytes (12.0%)
(RDMA_READ_CONSUME_CHECK_CONSUMER) timestamp=10011 ms, used_size=4919296 bytes (12.0%)
(RDMA_READ_CONSUME_CHECK_CONSUMER) timestamp=10011 ms, used_size=4917248 bytes (12.0%)
(RDMA_READ_CONSUME_CHECK_CONSUMER) timestamp=10011 ms, used_size=4915200 bytes (12.0%)
(RDMA_READ_CONSUME_CHECK_CONSUMER) timestamp=10011 ms, used_size=4913152 bytes (12.0%)
(RDMA_READ_CONSUME_CHECK_CONSUMER) timestamp=10011 ms, used_size=4911104 bytes (12.0%)
(RDMA_READ_CONSUME_CHECK_CONSUMER) timestamp=10012 ms, used_size=4909056 bytes (12.0%)
(RDMA_READ_CONSUME_CHECK_CONSUMER) timestamp=10012 ms, used_size=4907008 bytes (12.0%)
(RDMA_READ_CONSUME_CHECK_CONSUMER) timestamp=10012 ms, used_size=4904960 bytes (12.0%)
(RDMA_READ_CONSUME_CHECK_CONSUMER) timestamp=10012 ms, used_size=4902912 bytes (12.0%)
(RDMA_READ_CONSUME_CHECK_CONSUMER) timestamp=10012 ms, used_size=4900864 bytes (12.0%)
(RDMA_READ_CONSUME_CHECK_CONSUMER) timestamp=10012 ms, used_size=4898816 bytes (12.0%)
(RDMA_READ_CONSUME_CHECK_CONSUMER) timestamp=10012 ms, used_size=4896768 bytes (12.0%)
(RDMA_READ_CONSUME_CHECK_CONSUMER) timestamp=10012 ms, used_size=4894720 bytes (11.9%)
(RDMA_READ_CONSUME_CHECK_CONSUMER) timestamp=10012 ms, used_size=4892672 bytes (11.9%)
(RDMA_READ_CONSUME_CHECK_CONSUMER) timestamp=10012 ms, used_size=4890624 bytes (11.9%)
(RDMA_READ_CONSUME_CHECK_CONSUMER) timestamp=10012 ms, used_size=4888576 bytes (11.9%)
(RDMA_READ_CONSUME_CHECK_CONSUMER) timestamp=10012 ms, used_size=4886528 bytes (11.9%)
(RDMA_READ_CONSUME_CHECK_CONSUMER) timestamp=10012 ms, used_size=4884480 bytes (11.9%)
(RDMA_READ_CONSUME_CHECK_CONSUMER) timestamp=10012 ms, used_size=4882432 bytes (11.9%)
(RDMA_READ_CONSUME_CHECK_CONSUMER) timestamp=10012 ms, used_size=4880384 bytes (11.9%)
(RDMA_READ_CONSUME_CHECK_CONSUMER) timestamp=10012 ms, used_size=4878336 bytes (11.9%)
(RDMA_READ_CONSUME_CHECK_CONSUMER) timestamp=10012 ms, used_size=4876288 bytes (11.9%)
(RDMA_READ_CONSUME_CHECK_CONSUMER) timestamp=10012 ms, used_size=4874240 bytes (11.9%)
(RDMA_READ_CONSUME_CHECK_CONSUMER) timestamp=10012 ms, used_size=4872192 bytes (11.9%)
(RDMA_READ_CONSUME_CHECK_CONSUMER) timestamp=10012 ms, used_size=4870144 bytes (11.9%)
(RDMA_READ_CONSUME_CHECK_CONSUMER) timestamp=10012 ms, used_size=4868096 bytes (11.9%)
(RDMA_READ_CONSUME_CHECK_CONSUMER) timestamp=10012 ms, used_size=4866048 bytes (11.9%)
(RDMA_READ_CONSUME_CHECK_CONSUMER) timestamp=10012 ms, used_size=4864000 bytes (11.9%)
(RDMA_READ_CONSUME_CHECK_CONSUMER) timestamp=10012 ms, used_size=4861952 bytes (11.9%)
(RDMA_READ_CONSUME_CHECK_CONSUMER) timestamp=10012 ms, used_size=4859904 bytes (11.9%)
(RDMA_READ_CONSUME_CHECK_CONSUMER) timestamp=10012 ms, used_size=4857856 bytes (11.9%)
(RDMA_READ_CONSUME_CHECK_CONSUMER) timestamp=10012 ms, used_size=4855808 bytes (11.9%)
(RDMA_READ_CONSUME_CHECK_CONSUMER) timestamp=10012 ms, used_size=4853760 bytes (11.8%)
(RDMA_READ_CONSUME_CHECK_CONSUMER) timestamp=10012 ms, used_size=4851712 bytes (11.8%)
(RDMA_READ_CONSUME_CHECK_CONSUMER) timestamp=10012 ms, used_size=4849664 bytes (11.8%)
(RDMA_READ_CONSUME_CHECK_CONSUMER) timestamp=10012 ms, used_size=4847616 bytes (11.8%)
(RDMA_READ_CONSUME_CHECK_CONSUMER) timestamp=10012 ms, used_size=4845568 bytes (11.8%)
(RDMA_READ_CONSUME_CHECK_CONSUMER) timestamp=10012 ms, used_size=4843520 bytes (11.8%)
(RDMA_READ_CONSUME_CHECK_CONSUMER) timestamp=10012 ms, used_size=4841472 bytes (11.8%)
(RDMA_READ_CONSUME_CHECK_CONSUMER) timestamp=10012 ms, used_size=4839424 bytes (11.8%)
(RDMA_READ_CONSUME_CHECK_CONSUMER) timestamp=10012 ms, used_size=4837376 bytes (11.8%)
(RDMA_READ_CONSUME_CHECK_CONSUMER) timestamp=10012 ms, used_size=4835328 bytes (11.8%)
(RDMA_READ_CONSUME_CHECK_CONSUMER) timestamp=10012 ms, used_size=4833280 bytes (11.8%)
(RDMA_READ_CONSUME_CHECK_CONSUMER) timestamp=10012 ms, used_size=4831232 bytes (11.8%)
(RDMA_READ_CONSUME_CHECK_CONSUMER) timestamp=10012 ms, used_size=4829184 bytes (11.8%)
(RDMA_READ_CONSUME_CHECK_CONSUMER) timestamp=10012 ms, used_size=4827136 bytes (11.8%)
(RDMA_READ_CONSUME_CHECK_CONSUMER) timestamp=10012 ms, used_size=4825088 bytes (11.8%)
(RDMA_READ_CONSUME_CHECK_CONSUMER) timestamp=10012 ms, used_size=4823040 bytes (11.8%)
(RDMA_READ_CONSUME_CHECK_CONSUMER) timestamp=10012 ms, used_size=4820992 bytes (11.8%)
(RDMA_READ_CONSUME_CHECK_CONSUMER) timestamp=10012 ms, used_size=4818944 bytes (11.8%)
(RDMA_READ_CONSUME_CHECK_CONSUMER) timestamp=10012 ms, used_size=4816896 bytes (11.8%)
(RDMA_READ_CONSUME_CHECK_CONSUMER) timestamp=10012 ms, used_size=4814848 bytes (11.8%)
(RDMA_READ_CONSUME_CHECK_CONSUMER) timestamp=10012 ms, used_size=4812800 bytes (11.8%)
(RDMA_READ_CONSUME_CHECK_CONSUMER) timestamp=10012 ms, used_size=4810752 bytes (11.7%)
(RDMA_READ_CONSUME_CHECK_CONSUMER) timestamp=10012 ms, used_size=4808704 bytes (11.7%)
(RDMA_READ_CONSUME_CHECK_CONSUMER) timestamp=10012 ms, used_size=4806656 bytes (11.7%)
(RDMA_READ_CONSUME_CHECK_CONSUMER) timestamp=10012 ms, used_size=4804608 bytes (11.7%)
(RDMA_READ_CONSUME_CHECK_CONSUMER) timestamp=10012 ms, used_size=4802560 bytes (11.7%)
(RDMA_READ_CONSUME_CHECK_CONSUMER) timestamp=10012 ms, used_size=4800512 bytes (11.7%)
(RDMA_READ_CONSUME_CHECK_CONSUMER) timestamp=10012 ms, used_size=4798464 bytes (11.7%)
(RDMA_READ_CONSUME_CHECK_CONSUMER) timestamp=10012 ms, used_size=4796416 bytes (11.7%)
(RDMA_READ_CONSUME_CHECK_CONSUMER) timestamp=10012 ms, used_size=4794368 bytes (11.7%)
(RDMA_READ_CONSUME_CHECK_CONSUMER) timestamp=10012 ms, used_size=4792320 bytes (11.7%)
(RDMA_READ_CONSUME_CHECK_CONSUMER) timestamp=10012 ms, used_size=4790272 bytes (11.7%)
(RDMA_READ_CONSUME_CHECK_CONSUMER) timestamp=10012 ms, used_size=4788224 bytes (11.7%)
(RDMA_READ_CONSUME_CHECK_CONSUMER) timestamp=10012 ms, used_size=4786176 bytes (11.7%)
(RDMA_READ_CONSUME_CHECK_CONSUMER) timestamp=10012 ms, used_size=4784128 bytes (11.7%)
(RDMA_READ_CONSUME_CHECK_CONSUMER) timestamp=10012 ms, used_size=4782080 bytes (11.7%)
(RDMA_READ_CONSUME_CHECK_CONSUMER) timestamp=10012 ms, used_size=4780032 bytes (11.7%)
(RDMA_READ_CONSUME_CHECK_CONSUMER) timestamp=10012 ms, used_size=4777984 bytes (11.7%)
(RDMA_READ_CONSUME_CHECK_CONSUMER) timestamp=10012 ms, used_size=4775936 bytes (11.7%)
(RDMA_READ_CONSUME_CHECK_CONSUMER) timestamp=10012 ms, used_size=4773888 bytes (11.7%)
(RDMA_READ_CONSUME_CHECK_CONSUMER) timestamp=10012 ms, used_size=4771840 bytes (11.7%)
(RDMA_READ_CONSUME_CHECK_CONSUMER) timestamp=10012 ms, used_size=4769792 bytes (11.6%)
(RDMA_READ_CONSUME_CHECK_CONSUMER) timestamp=10012 ms, used_size=4767744 bytes (11.6%)
(RDMA_READ_CONSUME_CHECK_CONSUMER) timestamp=10012 ms, used_size=4765696 bytes (11.6%)
(RDMA_READ_CONSUME_CHECK_CONSUMER) timestamp=10012 ms, used_size=4763648 bytes (11.6%)
(RDMA_READ_CONSUME_CHECK_CONSUMER) timestamp=10012 ms, used_size=4761600 bytes (11.6%)
(RDMA_READ_CONSUME_CHECK_CONSUMER) timestamp=10012 ms, used_size=4759552 bytes (11.6%)
(RDMA_READ_CONSUME_CHECK_CONSUMER) timestamp=10012 ms, used_size=4757504 bytes (11.6%)
(RDMA_READ_CONSUME_CHECK_CONSUMER) timestamp=10012 ms, used_size=4755456 bytes (11.6%)
(RDMA_READ_CONSUME_CHECK_CONSUMER) timestamp=10012 ms, used_size=4753408 bytes (11.6%)
(RDMA_READ_CONSUME_CHECK_CONSUMER) timestamp=10012 ms, used_size=4751360 bytes (11.6%)
(RDMA_READ_CONSUME_CHECK_CONSUMER) timestamp=10012 ms, used_size=4749312 bytes (11.6%)
(RDMA_READ_CONSUME_CHECK_CONSUMER) timestamp=10012 ms, used_size=4747264 bytes (11.6%)
(RDMA_READ_CONSUME_CHECK_CONSUMER) timestamp=10012 ms, used_size=4745216 bytes (11.6%)
(RDMA_READ_CONSUME_CHECK_CONSUMER) timestamp=10012 ms, used_size=4743168 bytes (11.6%)
(RDMA_READ_CONSUME_CHECK_CONSUMER) timestamp=10012 ms, used_size=4741120 bytes (11.6%)
(RDMA_READ_CONSUME_CHECK_CONSUMER) timestamp=10012 ms, used_size=4739072 bytes (11.6%)
(RDMA_READ_CONSUME_CHECK_CONSUMER) timestamp=10012 ms, used_size=4737024 bytes (11.6%)
(RDMA_READ_CONSUME_CHECK_CONSUMER) timestamp=10012 ms, used_size=4734976 bytes (11.6%)
(RDMA_READ_CONSUME_CHECK_CONSUMER) timestamp=10012 ms, used_size=4732928 bytes (11.6%)
(RDMA_READ_CONSUME_CHECK_CONSUMER) timestamp=10012 ms, used_size=4730880 bytes (11.6%)
(RDMA_READ_CONSUME_CHECK_CONSUMER) timestamp=10012 ms, used_size=4728832 bytes (11.5%)
(RDMA_READ_CONSUME_CHECK_CONSUMER) timestamp=10012 ms, used_size=4726784 bytes (11.5%)
(RDMA_READ_CONSUME_CHECK_CONSUMER) timestamp=10012 ms, used_size=4724736 bytes (11.5%)
(RDMA_READ_CONSUME_CHECK_CONSUMER) timestamp=10012 ms, used_size=4722688 bytes (11.5%)
(RDMA_READ_CONSUME_CHECK_CONSUMER) timestamp=10012 ms, used_size=4720640 bytes (11.5%)
(RDMA_READ_CONSUME_CHECK_CONSUMER) timestamp=10012 ms, used_size=4718592 bytes (11.5%)
(RDMA_READ_CONSUME_CHECK_CONSUMER) timestamp=10012 ms, used_size=4716544 bytes (11.5%)
(RDMA_READ_CONSUME_CHECK_CONSUMER) timestamp=10012 ms, used_size=4714496 bytes (11.5%)
(RDMA_READ_CONSUME_CHECK_CONSUMER) timestamp=10012 ms, used_size=4712448 bytes (11.5%)
(RDMA_READ_CONSUME_CHECK_CONSUMER) timestamp=10012 ms, used_size=4710400 bytes (11.5%)
(RDMA_READ_CONSUME_CHECK_CONSUMER) timestamp=10012 ms, used_size=4708352 bytes (11.5%)
(RDMA_READ_CONSUME_CHECK_CONSUMER) timestamp=10012 ms, used_size=4706304 bytes (11.5%)
(RDMA_READ_CONSUME_CHECK_CONSUMER) timestamp=10012 ms, used_size=4704256 bytes (11.5%)
(RDMA_READ_CONSUME_CHECK_CONSUMER) timestamp=10012 ms, used_size=4702208 bytes (11.5%)
(RDMA_READ_CONSUME_CHECK_CONSUMER) timestamp=10012 ms, used_size=4700160 bytes (11.5%)
(RDMA_READ_CONSUME_CHECK_CONSUMER) timestamp=10012 ms, used_size=4698112 bytes (11.5%)
(RDMA_READ_CONSUME_CHECK_CONSUMER) timestamp=10012 ms, used_size=4696064 bytes (11.5%)
(RDMA_READ_CONSUME_CHECK_CONSUMER) timestamp=10012 ms, used_size=4694016 bytes (11.5%)
(RDMA_READ_CONSUME_CHECK_CONSUMER) timestamp=10012 ms, used_size=4691968 bytes (11.5%)
(RDMA_READ_CONSUME_CHECK_CONSUMER) timestamp=10012 ms, used_size=4689920 bytes (11.4%)
(RDMA_READ_CONSUME_CHECK_CONSUMER) timestamp=10012 ms, used_size=4687872 bytes (11.4%)
(RDMA_READ_CONSUME_CHECK_CONSUMER) timestamp=10012 ms, used_size=4685824 bytes (11.4%)
(RDMA_READ_CONSUME_CHECK_CONSUMER) timestamp=10012 ms, used_size=4683776 bytes (11.4%)
(RDMA_READ_CONSUME_CHECK_CONSUMER) timestamp=10012 ms, used_size=4681728 bytes (11.4%)
(RDMA_READ_CONSUME_CHECK_CONSUMER) timestamp=10012 ms, used_size=4679680 bytes (11.4%)
(RDMA_READ_CONSUME_CHECK_CONSUMER) timestamp=10012 ms, used_size=4677632 bytes (11.4%)
(RDMA_READ_CONSUME_CHECK_CONSUMER) timestamp=10012 ms, used_size=4675584 bytes (11.4%)
(RDMA_READ_CONSUME_CHECK_CONSUMER) timestamp=10012 ms, used_size=4673536 bytes (11.4%)
(RDMA_READ_CONSUME_CHECK_CONSUMER) timestamp=10012 ms, used_size=4671488 bytes (11.4%)
(RDMA_READ_CONSUME_CHECK_CONSUMER) timestamp=10012 ms, used_size=4669440 bytes (11.4%)
(RDMA_READ_CONSUME_CHECK_CONSUMER) timestamp=10012 ms, used_size=4667392 bytes (11.4%)
(RDMA_READ_CONSUME_CHECK_CONSUMER) timestamp=10012 ms, used_size=4665344 bytes (11.4%)
(RDMA_READ_CONSUME_CHECK_CONSUMER) timestamp=10012 ms, used_size=4663296 bytes (11.4%)
(RDMA_READ_CONSUME_CHECK_CONSUMER) timestamp=10012 ms, used_size=4661248 bytes (11.4%)
(RDMA_READ_CONSUME_CHECK_CONSUMER) timestamp=10012 ms, used_size=4659200 bytes (11.4%)
(RDMA_READ_CONSUME_CHECK_CONSUMER) timestamp=10012 ms, used_size=4657152 bytes (11.4%)
(RDMA_READ_CONSUME_CHECK_CONSUMER) timestamp=10012 ms, used_size=4655104 bytes (11.4%)
(RDMA_READ_CONSUME_CHECK_CONSUMER) timestamp=10012 ms, used_size=4653056 bytes (11.4%)
(RDMA_READ_CONSUME_CHECK_CONSUMER) timestamp=10012 ms, used_size=4651008 bytes (11.4%)
(RDMA_READ_CONSUME_CHECK_CONSUMER) timestamp=10012 ms, used_size=4648960 bytes (11.3%)
(RDMA_READ_CONSUME_CHECK_CONSUMER) timestamp=10012 ms, used_size=4646912 bytes (11.3%)
(RDMA_READ_CONSUME_CHECK_CONSUMER) timestamp=10012 ms, used_size=4644864 bytes (11.3%)
(RDMA_READ_CONSUME_CHECK_CONSUMER) timestamp=10012 ms, used_size=4642816 bytes (11.3%)
(RDMA_READ_CONSUME_CHECK_CONSUMER) timestamp=10012 ms, used_size=4640768 bytes (11.3%)
(RDMA_READ_CONSUME_CHECK_CONSUMER) timestamp=10012 ms, used_size=4638720 bytes (11.3%)
(RDMA_READ_CONSUME_CHECK_CONSUMER) timestamp=10012 ms, used_size=4636672 bytes (11.3%)
(RDMA_READ_CONSUME_CHECK_CONSUMER) timestamp=10012 ms, used_size=4634624 bytes (11.3%)
(RDMA_READ_CONSUME_CHECK_CONSUMER) timestamp=10012 ms, used_size=4632576 bytes (11.3%)
(RDMA_READ_CONSUME_CHECK_CONSUMER) timestamp=10012 ms, used_size=4630528 bytes (11.3%)
(RDMA_READ_CONSUME_CHECK_CONSUMER) timestamp=10012 ms, used_size=4628480 bytes (11.3%)
(RDMA_READ_CONSUME_CHECK_CONSUMER) timestamp=10012 ms, used_size=4626432 bytes (11.3%)
(RDMA_READ_CONSUME_CHECK_CONSUMER) timestamp=10012 ms, used_size=4624384 bytes (11.3%)
(RDMA_READ_CONSUME_CHECK_CONSUMER) timestamp=10012 ms, used_size=4622336 bytes (11.3%)
(RDMA_READ_CONSUME_CHECK_CONSUMER) timestamp=10012 ms, used_size=4620288 bytes (11.3%)
(RDMA_READ_CONSUME_CHECK_CONSUMER) timestamp=10012 ms, used_size=4618240 bytes (11.3%)
(RDMA_READ_CONSUME_CHECK_CONSUMER) timestamp=10012 ms, used_size=4616192 bytes (11.3%)
(RDMA_READ_CONSUME_CHECK_CONSUMER) timestamp=10012 ms, used_size=4614144 bytes (11.3%)
(RDMA_READ_CONSUME_CHECK_CONSUMER) timestamp=10012 ms, used_size=4612096 bytes (11.3%)
(RDMA_READ_CONSUME_CHECK_CONSUMER) timestamp=10012 ms, used_size=4610048 bytes (11.3%)
(RDMA_READ_CONSUME_CHECK_CONSUMER) timestamp=10012 ms, used_size=4608000 bytes (11.2%)
(RDMA_READ_CONSUME_CHECK_CONSUMER) timestamp=10012 ms, used_size=4605952 bytes (11.2%)
(RDMA_READ_CONSUME_CHECK_CONSUMER) timestamp=10012 ms, used_size=4603904 bytes (11.2%)
(RDMA_READ_CONSUME_CHECK_CONSUMER) timestamp=10012 ms, used_size=4601856 bytes (11.2%)
(RDMA_READ_CONSUME_CHECK_CONSUMER) timestamp=10012 ms, used_size=4599808 bytes (11.2%)
(RDMA_READ_CONSUME_CHECK_CONSUMER) timestamp=10012 ms, used_size=4597760 bytes (11.2%)
(RDMA_READ_CONSUME_CHECK_CONSUMER) timestamp=10012 ms, used_size=4595712 bytes (11.2%)
(RDMA_READ_CONSUME_CHECK_CONSUMER) timestamp=10012 ms, used_size=4593664 bytes (11.2%)
(RDMA_READ_CONSUME_CHECK_CONSUMER) timestamp=10012 ms, used_size=4591616 bytes (11.2%)
(RDMA_READ_CONSUME_CHECK_CONSUMER) timestamp=10012 ms, used_size=4589568 bytes (11.2%)
(RDMA_READ_CONSUME_CHECK_CONSUMER) timestamp=10012 ms, used_size=4587520 bytes (11.2%)
(RDMA_READ_CONSUME_CHECK_CONSUMER) timestamp=10012 ms, used_size=4585472 bytes (11.2%)
(RDMA_READ_CONSUME_CHECK_CONSUMER) timestamp=10012 ms, used_size=4583424 bytes (11.2%)
(RDMA_READ_CONSUME_CHECK_CONSUMER) timestamp=10012 ms, used_size=4581376 bytes (11.2%)
(RDMA_READ_CONSUME_CHECK_CONSUMER) timestamp=10012 ms, used_size=4579328 bytes (11.2%)
(RDMA_READ_CONSUME_CHECK_CONSUMER) timestamp=10012 ms, used_size=4577280 bytes (11.2%)
(RDMA_READ_CONSUME_CHECK_CONSUMER) timestamp=10012 ms, used_size=4575232 bytes (11.2%)
(RDMA_READ_CONSUME_CHECK_CONSUMER) timestamp=10012 ms, used_size=4573184 bytes (11.2%)
(RDMA_READ_CONSUME_CHECK_CONSUMER) timestamp=10012 ms, used_size=4571136 bytes (11.2%)
(RDMA_READ_CONSUME_CHECK_CONSUMER) timestamp=10012 ms, used_size=4569088 bytes (11.2%)
(RDMA_READ_CONSUME_CHECK_CONSUMER) timestamp=10012 ms, used_size=4567040 bytes (11.2%)
(RDMA_READ_CONSUME_CHECK_CONSUMER) timestamp=10012 ms, used_size=4564992 bytes (11.1%)
(RDMA_READ_CONSUME_CHECK_CONSUMER) timestamp=10012 ms, used_size=4562944 bytes (11.1%)
(RDMA_READ_CONSUME_CHECK_CONSUMER) timestamp=10013 ms, used_size=4560896 bytes (11.1%)
(RDMA_READ_CONSUME_CHECK_CONSUMER) timestamp=10013 ms, used_size=4558848 bytes (11.1%)
(RDMA_READ_CONSUME_CHECK_CONSUMER) timestamp=10013 ms, used_size=4556800 bytes (11.1%)
(RDMA_READ_CONSUME_CHECK_CONSUMER) timestamp=10013 ms, used_size=4554752 bytes (11.1%)
(RDMA_READ_CONSUME_CHECK_CONSUMER) timestamp=10013 ms, used_size=4552704 bytes (11.1%)
(RDMA_READ_CONSUME_CHECK_CONSUMER) timestamp=10013 ms, used_size=4550656 bytes (11.1%)
(RDMA_READ_CONSUME_CHECK_CONSUMER) timestamp=10013 ms, used_size=4548608 bytes (11.1%)
(RDMA_READ_CONSUME_CHECK_CONSUMER) timestamp=10013 ms, used_size=4546560 bytes (11.1%)
(RDMA_READ_CONSUME_CHECK_CONSUMER) timestamp=10013 ms, used_size=4544512 bytes (11.1%)
(RDMA_READ_CONSUME_CHECK_CONSUMER) timestamp=10013 ms, used_size=4542464 bytes (11.1%)
(RDMA_READ_CONSUME_CHECK_CONSUMER) timestamp=10013 ms, used_size=4540416 bytes (11.1%)
(RDMA_READ_CONSUME_CHECK_CONSUMER) timestamp=10013 ms, used_size=4538368 bytes (11.1%)
(RDMA_READ_CONSUME_CHECK_CONSUMER) timestamp=10013 ms, used_size=4536320 bytes (11.1%)
(RDMA_READ_CONSUME_CHECK_CONSUMER) timestamp=10013 ms, used_size=4534272 bytes (11.1%)
(RDMA_READ_CONSUME_CHECK_CONSUMER) timestamp=10013 ms, used_size=4532224 bytes (11.1%)
(RDMA_READ_CONSUME_CHECK_CONSUMER) timestamp=10013 ms, used_size=4530176 bytes (11.1%)
(RDMA_READ_CONSUME_CHECK_CONSUMER) timestamp=10013 ms, used_size=4528128 bytes (11.1%)
(RDMA_READ_CONSUME_CHECK_CONSUMER) timestamp=10013 ms, used_size=4526080 bytes (11.1%)
(RDMA_READ_CONSUME_CHECK_CONSUMER) timestamp=10013 ms, used_size=4524032 bytes (11.0%)
(RDMA_READ_CONSUME_CHECK_CONSUMER) timestamp=10013 ms, used_size=4521984 bytes (11.0%)
(RDMA_READ_CONSUME_CHECK_CONSUMER) timestamp=10013 ms, used_size=4519936 bytes (11.0%)
(RDMA_READ_CONSUME_CHECK_CONSUMER) timestamp=10013 ms, used_size=4517888 bytes (11.0%)
(RDMA_READ_CONSUME_CHECK_CONSUMER) timestamp=10013 ms, used_size=4515840 bytes (11.0%)
(RDMA_READ_CONSUME_CHECK_CONSUMER) timestamp=10013 ms, used_size=4513792 bytes (11.0%)
(RDMA_READ_CONSUME_CHECK_CONSUMER) timestamp=10013 ms, used_size=4511744 bytes (11.0%)
(RDMA_READ_CONSUME_CHECK_CONSUMER) timestamp=10013 ms, used_size=4509696 bytes (11.0%)
(RDMA_READ_CONSUME_CHECK_CONSUMER) timestamp=10013 ms, used_size=4507648 bytes (11.0%)
(RDMA_READ_CONSUME_CHECK_CONSUMER) timestamp=10013 ms, used_size=4505600 bytes (11.0%)
(RDMA_READ_CONSUME_CHECK_CONSUMER) timestamp=10013 ms, used_size=4503552 bytes (11.0%)
(RDMA_READ_CONSUME_CHECK_CONSUMER) timestamp=10013 ms, used_size=4501504 bytes (11.0%)
(RDMA_READ_CONSUME_CHECK_CONSUMER) timestamp=10013 ms, used_size=4499456 bytes (11.0%)
(RDMA_READ_CONSUME_CHECK_CONSUMER) timestamp=10013 ms, used_size=4497408 bytes (11.0%)
(RDMA_READ_CONSUME_CHECK_CONSUMER) timestamp=10013 ms, used_size=4495360 bytes (11.0%)
(RDMA_READ_CONSUME_CHECK_CONSUMER) timestamp=10013 ms, used_size=4493312 bytes (11.0%)
(RDMA_READ_CONSUME_CHECK_CONSUMER) timestamp=10013 ms, used_size=4491264 bytes (11.0%)
(RDMA_READ_CONSUME_CHECK_CONSUMER) timestamp=10013 ms, used_size=4489216 bytes (11.0%)
(RDMA_READ_CONSUME_CHECK_CONSUMER) timestamp=10013 ms, used_size=4487168 bytes (11.0%)
(RDMA_READ_CONSUME_CHECK_CONSUMER) timestamp=10013 ms, used_size=4485120 bytes (10.9%)
(RDMA_READ_CONSUME_CHECK_CONSUMER) timestamp=10013 ms, used_size=4483072 bytes (10.9%)
(RDMA_READ_CONSUME_CHECK_CONSUMER) timestamp=10013 ms, used_size=4481024 bytes (10.9%)
(RDMA_READ_CONSUME_CHECK_CONSUMER) timestamp=10013 ms, used_size=4478976 bytes (10.9%)
(RDMA_READ_CONSUME_CHECK_CONSUMER) timestamp=10013 ms, used_size=4476928 bytes (10.9%)
(RDMA_READ_CONSUME_CHECK_CONSUMER) timestamp=10013 ms, used_size=4474880 bytes (10.9%)
(RDMA_READ_CONSUME_CHECK_CONSUMER) timestamp=10013 ms, used_size=4472832 bytes (10.9%)
(RDMA_READ_CONSUME_CHECK_CONSUMER) timestamp=10013 ms, used_size=4470784 bytes (10.9%)
(RDMA_READ_CONSUME_CHECK_CONSUMER) timestamp=10013 ms, used_size=4468736 bytes (10.9%)
(RDMA_READ_CONSUME_CHECK_CONSUMER) timestamp=10013 ms, used_size=4466688 bytes (10.9%)
(RDMA_READ_CONSUME_CHECK_CONSUMER) timestamp=10013 ms, used_size=4464640 bytes (10.9%)
(RDMA_READ_CONSUME_CHECK_CONSUMER) timestamp=10013 ms, used_size=4462592 bytes (10.9%)
(RDMA_READ_CONSUME_CHECK_CONSUMER) timestamp=10013 ms, used_size=4460544 bytes (10.9%)
(RDMA_READ_CONSUME_CHECK_CONSUMER) timestamp=10013 ms, used_size=4458496 bytes (10.9%)
(RDMA_READ_CONSUME_CHECK_CONSUMER) timestamp=10013 ms, used_size=4456448 bytes (10.9%)
(RDMA_READ_CONSUME_CHECK_CONSUMER) timestamp=10013 ms, used_size=4454400 bytes (10.9%)
(RDMA_READ_CONSUME_CHECK_CONSUMER) timestamp=10013 ms, used_size=4452352 bytes (10.9%)
(RDMA_READ_CONSUME_CHECK_CONSUMER) timestamp=10013 ms, used_size=4450304 bytes (10.9%)
(RDMA_READ_CONSUME_CHECK_CONSUMER) timestamp=10013 ms, used_size=4448256 bytes (10.9%)
(RDMA_READ_CONSUME_CHECK_CONSUMER) timestamp=10013 ms, used_size=4446208 bytes (10.9%)
(RDMA_READ_CONSUME_CHECK_CONSUMER) timestamp=10013 ms, used_size=4444160 bytes (10.8%)
(RDMA_READ_CONSUME_CHECK_CONSUMER) timestamp=10013 ms, used_size=4442112 bytes (10.8%)
(RDMA_READ_CONSUME_CHECK_CONSUMER) timestamp=10013 ms, used_size=4440064 bytes (10.8%)
(RDMA_READ_CONSUME_CHECK_CONSUMER) timestamp=10013 ms, used_size=4438016 bytes (10.8%)
(RDMA_READ_CONSUME_CHECK_CONSUMER) timestamp=10013 ms, used_size=4435968 bytes (10.8%)
(RDMA_READ_CONSUME_CHECK_CONSUMER) timestamp=10013 ms, used_size=4433920 bytes (10.8%)
(RDMA_READ_CONSUME_CHECK_CONSUMER) timestamp=10013 ms, used_size=4431872 bytes (10.8%)
(RDMA_READ_CONSUME_CHECK_CONSUMER) timestamp=10013 ms, used_size=4429824 bytes (10.8%)
(RDMA_READ_CONSUME_CHECK_CONSUMER) timestamp=10013 ms, used_size=4427776 bytes (10.8%)
(RDMA_READ_CONSUME_CHECK_CONSUMER) timestamp=10013 ms, used_size=4425728 bytes (10.8%)
(RDMA_READ_CONSUME_CHECK_CONSUMER) timestamp=10013 ms, used_size=4423680 bytes (10.8%)
(RDMA_READ_CONSUME_CHECK_CONSUMER) timestamp=10013 ms, used_size=4421632 bytes (10.8%)
(RDMA_READ_CONSUME_CHECK_CONSUMER) timestamp=10013 ms, used_size=4419584 bytes (10.8%)
(RDMA_READ_CONSUME_CHECK_CONSUMER) timestamp=10013 ms, used_size=4417536 bytes (10.8%)
(RDMA_READ_CONSUME_CHECK_CONSUMER) timestamp=10013 ms, used_size=4415488 bytes (10.8%)
(RDMA_READ_CONSUME_CHECK_CONSUMER) timestamp=10013 ms, used_size=4413440 bytes (10.8%)
(RDMA_READ_CONSUME_CHECK_CONSUMER) timestamp=10013 ms, used_size=4411392 bytes (10.8%)
(RDMA_READ_CONSUME_CHECK_CONSUMER) timestamp=10013 ms, used_size=4409344 bytes (10.8%)
(RDMA_READ_CONSUME_CHECK_CONSUMER) timestamp=10013 ms, used_size=4407296 bytes (10.8%)
(RDMA_READ_CONSUME_CHECK_CONSUMER) timestamp=10013 ms, used_size=4405248 bytes (10.8%)
(RDMA_READ_CONSUME_CHECK_CONSUMER) timestamp=10013 ms, used_size=4403200 bytes (10.8%)
(RDMA_READ_CONSUME_CHECK_CONSUMER) timestamp=10013 ms, used_size=4401152 bytes (10.7%)
(RDMA_READ_CONSUME_CHECK_CONSUMER) timestamp=10013 ms, used_size=4399104 bytes (10.7%)
(RDMA_READ_CONSUME_CHECK_CONSUMER) timestamp=10013 ms, used_size=4397056 bytes (10.7%)
(RDMA_READ_CONSUME_CHECK_CONSUMER) timestamp=10013 ms, used_size=4395008 bytes (10.7%)
(RDMA_READ_CONSUME_CHECK_CONSUMER) timestamp=10013 ms, used_size=4392960 bytes (10.7%)
(RDMA_READ_CONSUME_CHECK_CONSUMER) timestamp=10013 ms, used_size=4390912 bytes (10.7%)
(RDMA_READ_CONSUME_CHECK_CONSUMER) timestamp=10013 ms, used_size=4388864 bytes (10.7%)
(RDMA_READ_CONSUME_CHECK_CONSUMER) timestamp=10013 ms, used_size=4386816 bytes (10.7%)
(RDMA_READ_CONSUME_CHECK_CONSUMER) timestamp=10013 ms, used_size=4384768 bytes (10.7%)
(RDMA_READ_CONSUME_CHECK_CONSUMER) timestamp=10013 ms, used_size=4382720 bytes (10.7%)
(RDMA_READ_CONSUME_CHECK_CONSUMER) timestamp=10013 ms, used_size=4380672 bytes (10.7%)
(RDMA_READ_CONSUME_CHECK_CONSUMER) timestamp=10013 ms, used_size=4378624 bytes (10.7%)
(RDMA_READ_CONSUME_CHECK_CONSUMER) timestamp=10013 ms, used_size=4376576 bytes (10.7%)
(RDMA_READ_CONSUME_CHECK_CONSUMER) timestamp=10013 ms, used_size=4374528 bytes (10.7%)
(RDMA_READ_CONSUME_CHECK_CONSUMER) timestamp=10013 ms, used_size=4372480 bytes (10.7%)
(RDMA_READ_CONSUME_CHECK_CONSUMER) timestamp=10013 ms, used_size=4370432 bytes (10.7%)
(RDMA_READ_CONSUME_CHECK_CONSUMER) timestamp=10013 ms, used_size=4368384 bytes (10.7%)
(RDMA_READ_CONSUME_CHECK_CONSUMER) timestamp=10013 ms, used_size=4366336 bytes (10.7%)
(RDMA_READ_CONSUME_CHECK_CONSUMER) timestamp=10013 ms, used_size=4364288 bytes (10.7%)
(RDMA_READ_CONSUME_CHECK_CONSUMER) timestamp=10013 ms, used_size=4362240 bytes (10.7%)
(RDMA_READ_CONSUME_CHECK_CONSUMER) timestamp=10013 ms, used_size=4360192 bytes (10.6%)
(RDMA_READ_CONSUME_CHECK_CONSUMER) timestamp=10013 ms, used_size=4358144 bytes (10.6%)
(RDMA_READ_CONSUME_CHECK_CONSUMER) timestamp=10013 ms, used_size=4356096 bytes (10.6%)
(RDMA_READ_CONSUME_CHECK_CONSUMER) timestamp=10013 ms, used_size=4354048 bytes (10.6%)
(RDMA_READ_CONSUME_CHECK_CONSUMER) timestamp=10013 ms, used_size=4352000 bytes (10.6%)
(RDMA_READ_CONSUME_CHECK_CONSUMER) timestamp=10013 ms, used_size=4349952 bytes (10.6%)
(RDMA_READ_CONSUME_CHECK_CONSUMER) timestamp=10013 ms, used_size=4347904 bytes (10.6%)
(RDMA_READ_CONSUME_CHECK_CONSUMER) timestamp=10013 ms, used_size=4345856 bytes (10.6%)
(RDMA_READ_CONSUME_CHECK_CONSUMER) timestamp=10013 ms, used_size=4343808 bytes (10.6%)
(RDMA_READ_CONSUME_CHECK_CONSUMER) timestamp=10013 ms, used_size=4341760 bytes (10.6%)
(RDMA_READ_CONSUME_CHECK_CONSUMER) timestamp=10013 ms, used_size=4339712 bytes (10.6%)
(RDMA_READ_CONSUME_CHECK_CONSUMER) timestamp=10013 ms, used_size=4337664 bytes (10.6%)
(RDMA_READ_CONSUME_CHECK_CONSUMER) timestamp=10013 ms, used_size=4335616 bytes (10.6%)
(RDMA_READ_CONSUME_CHECK_CONSUMER) timestamp=10013 ms, used_size=4333568 bytes (10.6%)
(RDMA_READ_CONSUME_CHECK_CONSUMER) timestamp=10013 ms, used_size=4331520 bytes (10.6%)
(RDMA_READ_CONSUME_CHECK_CONSUMER) timestamp=10013 ms, used_size=4329472 bytes (10.6%)
(RDMA_READ_CONSUME_CHECK_CONSUMER) timestamp=10013 ms, used_size=4327424 bytes (10.6%)
(RDMA_READ_CONSUME_CHECK_CONSUMER) timestamp=10013 ms, used_size=4325376 bytes (10.6%)
(RDMA_READ_CONSUME_CHECK_CONSUMER) timestamp=10013 ms, used_size=4323328 bytes (10.6%)
(RDMA_READ_CONSUME_CHECK_CONSUMER) timestamp=10013 ms, used_size=4321280 bytes (10.6%)
(RDMA_READ_CONSUME_CHECK_CONSUMER) timestamp=10013 ms, used_size=4319232 bytes (10.5%)
(RDMA_READ_CONSUME_CHECK_CONSUMER) timestamp=10013 ms, used_size=4317184 bytes (10.5%)
(RDMA_READ_CONSUME_CHECK_CONSUMER) timestamp=10013 ms, used_size=4315136 bytes (10.5%)
(RDMA_READ_CONSUME_CHECK_CONSUMER) timestamp=10013 ms, used_size=4313088 bytes (10.5%)
(RDMA_READ_CONSUME_CHECK_CONSUMER) timestamp=10013 ms, used_size=4311040 bytes (10.5%)
(RDMA_READ_CONSUME_CHECK_CONSUMER) timestamp=10013 ms, used_size=4308992 bytes (10.5%)
(RDMA_READ_CONSUME_CHECK_CONSUMER) timestamp=10013 ms, used_size=4306944 bytes (10.5%)
(RDMA_READ_CONSUME_CHECK_CONSUMER) timestamp=10013 ms, used_size=4304896 bytes (10.5%)
(RDMA_READ_CONSUME_CHECK_CONSUMER) timestamp=10013 ms, used_size=4302848 bytes (10.5%)
(RDMA_READ_CONSUME_CHECK_CONSUMER) timestamp=10013 ms, used_size=4300800 bytes (10.5%)
(RDMA_READ_CONSUME_CHECK_CONSUMER) timestamp=10013 ms, used_size=4298752 bytes (10.5%)
(RDMA_READ_CONSUME_CHECK_CONSUMER) timestamp=10013 ms, used_size=4296704 bytes (10.5%)
(RDMA_READ_CONSUME_CHECK_CONSUMER) timestamp=10013 ms, used_size=4294656 bytes (10.5%)
(RDMA_READ_CONSUME_CHECK_CONSUMER) timestamp=10013 ms, used_size=4292608 bytes (10.5%)
(RDMA_READ_CONSUME_CHECK_CONSUMER) timestamp=10013 ms, used_size=4290560 bytes (10.5%)
(RDMA_READ_CONSUME_CHECK_CONSUMER) timestamp=10013 ms, used_size=4288512 bytes (10.5%)
(RDMA_READ_CONSUME_CHECK_CONSUMER) timestamp=10013 ms, used_size=4286464 bytes (10.5%)
(RDMA_READ_CONSUME_CHECK_CONSUMER) timestamp=10013 ms, used_size=4284416 bytes (10.5%)
(RDMA_READ_CONSUME_CHECK_CONSUMER) timestamp=10013 ms, used_size=4282368 bytes (10.5%)
(RDMA_READ_CONSUME_CHECK_CONSUMER) timestamp=10013 ms, used_size=4280320 bytes (10.4%)
(RDMA_READ_CONSUME_CHECK_CONSUMER) timestamp=10013 ms, used_size=4278272 bytes (10.4%)
(RDMA_READ_CONSUME_CHECK_CONSUMER) timestamp=10013 ms, used_size=4276224 bytes (10.4%)
(RDMA_READ_CONSUME_CHECK_CONSUMER) timestamp=10013 ms, used_size=4274176 bytes (10.4%)
(RDMA_READ_CONSUME_CHECK_CONSUMER) timestamp=10013 ms, used_size=4272128 bytes (10.4%)
(RDMA_READ_CONSUME_CHECK_CONSUMER) timestamp=10013 ms, used_size=4270080 bytes (10.4%)
(RDMA_READ_CONSUME_CHECK_CONSUMER) timestamp=10013 ms, used_size=4268032 bytes (10.4%)
(RDMA_READ_CONSUME_CHECK_CONSUMER) timestamp=10013 ms, used_size=4265984 bytes (10.4%)
(RDMA_READ_CONSUME_CHECK_CONSUMER) timestamp=10013 ms, used_size=4263936 bytes (10.4%)
(RDMA_READ_CONSUME_CHECK_CONSUMER) timestamp=10013 ms, used_size=4261888 bytes (10.4%)
(RDMA_READ_CONSUME_CHECK_CONSUMER) timestamp=10013 ms, used_size=4259840 bytes (10.4%)
(RDMA_READ_CONSUME_CHECK_CONSUMER) timestamp=10013 ms, used_size=4257792 bytes (10.4%)
(RDMA_READ_CONSUME_CHECK_CONSUMER) timestamp=10013 ms, used_size=4255744 bytes (10.4%)
(RDMA_READ_CONSUME_CHECK_CONSUMER) timestamp=10013 ms, used_size=4253696 bytes (10.4%)
(RDMA_READ_CONSUME_CHECK_CONSUMER) timestamp=10013 ms, used_size=4251648 bytes (10.4%)
(RDMA_READ_CONSUME_CHECK_CONSUMER) timestamp=10013 ms, used_size=4249600 bytes (10.4%)
(RDMA_READ_CONSUME_CHECK_CONSUMER) timestamp=10013 ms, used_size=4247552 bytes (10.4%)
(RDMA_READ_CONSUME_CHECK_CONSUMER) timestamp=10013 ms, used_size=4245504 bytes (10.4%)
(RDMA_READ_CONSUME_CHECK_CONSUMER) timestamp=10013 ms, used_size=4243456 bytes (10.4%)
(RDMA_READ_CONSUME_CHECK_CONSUMER) timestamp=10013 ms, used_size=4241408 bytes (10.4%)
(RDMA_READ_CONSUME_CHECK_CONSUMER) timestamp=10013 ms, used_size=4239360 bytes (10.3%)
(RDMA_READ_CONSUME_CHECK_CONSUMER) timestamp=10013 ms, used_size=4237312 bytes (10.3%)
(RDMA_READ_CONSUME_CHECK_CONSUMER) timestamp=10013 ms, used_size=4235264 bytes (10.3%)
(RDMA_READ_CONSUME_CHECK_CONSUMER) timestamp=10013 ms, used_size=4233216 bytes (10.3%)
(RDMA_READ_CONSUME_CHECK_CONSUMER) timestamp=10013 ms, used_size=4231168 bytes (10.3%)
(RDMA_READ_CONSUME_CHECK_CONSUMER) timestamp=10013 ms, used_size=4229120 bytes (10.3%)
(RDMA_READ_CONSUME_CHECK_CONSUMER) timestamp=10013 ms, used_size=4227072 bytes (10.3%)
(RDMA_READ_CONSUME_CHECK_CONSUMER) timestamp=10013 ms, used_size=4225024 bytes (10.3%)
(RDMA_READ_CONSUME_CHECK_CONSUMER) timestamp=10013 ms, used_size=4222976 bytes (10.3%)
(RDMA_READ_CONSUME_CHECK_CONSUMER) timestamp=10013 ms, used_size=4220928 bytes (10.3%)
(RDMA_READ_CONSUME_CHECK_CONSUMER) timestamp=10013 ms, used_size=4218880 bytes (10.3%)
(RDMA_READ_CONSUME_CHECK_CONSUMER) timestamp=10013 ms, used_size=4216832 bytes (10.3%)
(RDMA_READ_CONSUME_CHECK_CONSUMER) timestamp=10014 ms, used_size=4214784 bytes (10.3%)
(RDMA_READ_CONSUME_CHECK_CONSUMER) timestamp=10014 ms, used_size=4212736 bytes (10.3%)
(RDMA_READ_CONSUME_CHECK_CONSUMER) timestamp=10014 ms, used_size=4210688 bytes (10.3%)
(RDMA_READ_CONSUME_CHECK_CONSUMER) timestamp=10014 ms, used_size=4208640 bytes (10.3%)
(RDMA_READ_CONSUME_CHECK_CONSUMER) timestamp=10014 ms, used_size=4206592 bytes (10.3%)
(RDMA_READ_CONSUME_CHECK_CONSUMER) timestamp=10014 ms, used_size=4204544 bytes (10.3%)
(RDMA_READ_CONSUME_CHECK_CONSUMER) timestamp=10014 ms, used_size=4202496 bytes (10.3%)
(RDMA_READ_CONSUME_CHECK_CONSUMER) timestamp=10014 ms, used_size=4200448 bytes (10.3%)
(RDMA_READ_CONSUME_CHECK_CONSUMER) timestamp=10014 ms, used_size=4198400 bytes (10.2%)
(RDMA_READ_CONSUME_CHECK_CONSUMER) timestamp=10014 ms, used_size=4196352 bytes (10.2%)
(RDMA_READ_CONSUME_CHECK_CONSUMER) timestamp=10014 ms, used_size=4194304 bytes (10.2%)
(RDMA_READ_CONSUME_CHECK_CONSUMER) timestamp=10014 ms, used_size=4192256 bytes (10.2%)
(RDMA_READ_CONSUME_CHECK_CONSUMER) timestamp=10014 ms, used_size=4190208 bytes (10.2%)
(RDMA_READ_CONSUME_CHECK_CONSUMER) timestamp=10014 ms, used_size=4188160 bytes (10.2%)
(RDMA_READ_CONSUME_CHECK_CONSUMER) timestamp=10014 ms, used_size=4186112 bytes (10.2%)
(RDMA_READ_CONSUME_CHECK_CONSUMER) timestamp=10014 ms, used_size=4184064 bytes (10.2%)
(RDMA_READ_CONSUME_CHECK_CONSUMER) timestamp=10014 ms, used_size=4182016 bytes (10.2%)
(RDMA_READ_CONSUME_CHECK_CONSUMER) timestamp=10014 ms, used_size=4179968 bytes (10.2%)
(RDMA_READ_CONSUME_CHECK_CONSUMER) timestamp=10014 ms, used_size=4177920 bytes (10.2%)
(RDMA_READ_CONSUME_CHECK_CONSUMER) timestamp=10014 ms, used_size=4175872 bytes (10.2%)
(RDMA_READ_CONSUME_CHECK_CONSUMER) timestamp=10014 ms, used_size=4173824 bytes (10.2%)
(RDMA_READ_CONSUME_CHECK_CONSUMER) timestamp=10014 ms, used_size=4171776 bytes (10.2%)
(RDMA_READ_CONSUME_CHECK_CONSUMER) timestamp=10014 ms, used_size=4169728 bytes (10.2%)
(RDMA_READ_CONSUME_CHECK_CONSUMER) timestamp=10014 ms, used_size=4167680 bytes (10.2%)
(RDMA_READ_CONSUME_CHECK_CONSUMER) timestamp=10014 ms, used_size=4165632 bytes (10.2%)
(RDMA_READ_CONSUME_CHECK_CONSUMER) timestamp=10014 ms, used_size=4163584 bytes (10.2%)
(RDMA_READ_CONSUME_CHECK_CONSUMER) timestamp=10014 ms, used_size=4161536 bytes (10.2%)
(RDMA_READ_CONSUME_CHECK_CONSUMER) timestamp=10014 ms, used_size=4159488 bytes (10.2%)
(RDMA_READ_CONSUME_CHECK_CONSUMER) timestamp=10014 ms, used_size=4157440 bytes (10.2%)
(RDMA_READ_CONSUME_CHECK_CONSUMER) timestamp=10014 ms, used_size=4155392 bytes (10.1%)
(RDMA_READ_CONSUME_CHECK_CONSUMER) timestamp=10014 ms, used_size=4153344 bytes (10.1%)
(RDMA_READ_CONSUME_CHECK_CONSUMER) timestamp=10014 ms, used_size=4151296 bytes (10.1%)
(RDMA_READ_CONSUME_CHECK_CONSUMER) timestamp=10014 ms, used_size=4149248 bytes (10.1%)
(RDMA_READ_CONSUME_CHECK_CONSUMER) timestamp=10014 ms, used_size=4147200 bytes (10.1%)
(RDMA_READ_CONSUME_CHECK_CONSUMER) timestamp=10014 ms, used_size=4145152 bytes (10.1%)
(RDMA_READ_CONSUME_CHECK_CONSUMER) timestamp=10014 ms, used_size=4143104 bytes (10.1%)
(RDMA_READ_CONSUME_CHECK_CONSUMER) timestamp=10014 ms, used_size=4141056 bytes (10.1%)
(RDMA_READ_CONSUME_CHECK_CONSUMER) timestamp=10014 ms, used_size=4139008 bytes (10.1%)
(RDMA_READ_CONSUME_CHECK_CONSUMER) timestamp=10014 ms, used_size=4136960 bytes (10.1%)
(RDMA_READ_CONSUME_CHECK_CONSUMER) timestamp=10014 ms, used_size=4134912 bytes (10.1%)
(RDMA_READ_CONSUME_CHECK_CONSUMER) timestamp=10014 ms, used_size=4132864 bytes (10.1%)
(RDMA_READ_CONSUME_CHECK_CONSUMER) timestamp=10014 ms, used_size=4130816 bytes (10.1%)
(RDMA_READ_CONSUME_CHECK_CONSUMER) timestamp=10014 ms, used_size=4128768 bytes (10.1%)
(RDMA_READ_CONSUME_CHECK_CONSUMER) timestamp=10014 ms, used_size=4126720 bytes (10.1%)
(RDMA_READ_CONSUME_CHECK_CONSUMER) timestamp=10014 ms, used_size=4124672 bytes (10.1%)
(RDMA_READ_CONSUME_CHECK_CONSUMER) timestamp=10014 ms, used_size=4122624 bytes (10.1%)
(RDMA_READ_CONSUME_CHECK_CONSUMER) timestamp=10014 ms, used_size=4120576 bytes (10.1%)
(RDMA_READ_CONSUME_CHECK_CONSUMER) timestamp=10014 ms, used_size=4118528 bytes (10.1%)
(RDMA_READ_CONSUME_CHECK_CONSUMER) timestamp=10014 ms, used_size=4116480 bytes (10.1%)
(RDMA_READ_CONSUME_CHECK_CONSUMER) timestamp=10014 ms, used_size=4114432 bytes (10.0%)
(RDMA_READ_CONSUME_CHECK_CONSUMER) timestamp=10014 ms, used_size=4112384 bytes (10.0%)
(RDMA_READ_CONSUME_CHECK_CONSUMER) timestamp=10014 ms, used_size=4110336 bytes (10.0%)
(RDMA_READ_CONSUME_CHECK_CONSUMER) timestamp=10014 ms, used_size=4108288 bytes (10.0%)
(RDMA_READ_CONSUME_CHECK_CONSUMER) timestamp=10014 ms, used_size=4106240 bytes (10.0%)
(RDMA_READ_CONSUME_CHECK_CONSUMER) timestamp=10014 ms, used_size=4104192 bytes (10.0%)
(RDMA_READ_CONSUME_CHECK_CONSUMER) timestamp=10014 ms, used_size=4102144 bytes (10.0%)
(RDMA_READ_CONSUME_CHECK_CONSUMER) timestamp=10014 ms, used_size=4100096 bytes (10.0%)
(RDMA_READ_CONSUME_CHECK_CONSUMER) timestamp=10014 ms, used_size=4098048 bytes (10.0%)
(RDMA_READ_CONSUME_CHECK_CONSUMER) timestamp=10014 ms, used_size=4096000 bytes (10.0%)
(RDMA_READ_CONSUME_CHECK_CONSUMER) timestamp=10014 ms, used_size=4093952 bytes (10.0%)
(RDMA_READ_CONSUME_CHECK_CONSUMER) timestamp=10014 ms, used_size=4091904 bytes (10.0%)
(RDMA_READ_CONSUME_CHECK_CONSUMER) timestamp=10014 ms, used_size=4089856 bytes (10.0%)
(RDMA_READ_CONSUME_CHECK_CONSUMER) timestamp=10014 ms, used_size=4087808 bytes (10.0%)
(RDMA_READ_CONSUME_CHECK_CONSUMER) timestamp=10014 ms, used_size=4085760 bytes (10.0%)
(RDMA_READ_CONSUME_CHECK_CONSUMER) timestamp=10014 ms, used_size=4083712 bytes (10.0%)
(RDMA_READ_CONSUME_CHECK_CONSUMER) timestamp=10014 ms, used_size=4081664 bytes (10.0%)
(RDMA_READ_CONSUME_CHECK_CONSUMER) timestamp=10014 ms, used_size=4079616 bytes (10.0%)
(RDMA_READ_CONSUME_CHECK_CONSUMER) timestamp=10014 ms, used_size=4077568 bytes (10.0%)
(RDMA_READ_CONSUME_CHECK_CONSUMER) timestamp=10014 ms, used_size=4075520 bytes (9.9%)
(RDMA_READ_CONSUME_CHECK_CONSUMER) timestamp=10014 ms, used_size=4073472 bytes (9.9%)
(RDMA_READ_CONSUME_CHECK_CONSUMER) timestamp=10014 ms, used_size=4071424 bytes (9.9%)
(RDMA_READ_CONSUME_CHECK_CONSUMER) timestamp=10014 ms, used_size=4069376 bytes (9.9%)
(RDMA_READ_CONSUME_CHECK_CONSUMER) timestamp=10014 ms, used_size=4067328 bytes (9.9%)
(RDMA_READ_CONSUME_CHECK_CONSUMER) timestamp=10014 ms, used_size=4065280 bytes (9.9%)
(RDMA_READ_CONSUME_CHECK_CONSUMER) timestamp=10014 ms, used_size=4063232 bytes (9.9%)
(RDMA_READ_CONSUME_CHECK_CONSUMER) timestamp=10014 ms, used_size=4061184 bytes (9.9%)
(RDMA_READ_CONSUME_CHECK_CONSUMER) timestamp=10014 ms, used_size=4059136 bytes (9.9%)
(RDMA_READ_CONSUME_CHECK_CONSUMER) timestamp=10014 ms, used_size=4057088 bytes (9.9%)
(RDMA_READ_CONSUME_CHECK_CONSUMER) timestamp=10014 ms, used_size=4055040 bytes (9.9%)
(RDMA_READ_CONSUME_CHECK_CONSUMER) timestamp=10014 ms, used_size=4052992 bytes (9.9%)
(RDMA_READ_CONSUME_CHECK_CONSUMER) timestamp=10014 ms, used_size=4050944 bytes (9.9%)
(RDMA_READ_CONSUME_CHECK_CONSUMER) timestamp=10014 ms, used_size=4048896 bytes (9.9%)
(RDMA_READ_CONSUME_CHECK_CONSUMER) timestamp=10014 ms, used_size=4046848 bytes (9.9%)
(RDMA_READ_CONSUME_CHECK_CONSUMER) timestamp=10014 ms, used_size=4044800 bytes (9.9%)
(RDMA_READ_CONSUME_CHECK_CONSUMER) timestamp=10014 ms, used_size=4042752 bytes (9.9%)
(RDMA_READ_CONSUME_CHECK_CONSUMER) timestamp=10014 ms, used_size=4040704 bytes (9.9%)
(RDMA_READ_CONSUME_CHECK_CONSUMER) timestamp=10014 ms, used_size=4038656 bytes (9.9%)
(RDMA_READ_CONSUME_CHECK_CONSUMER) timestamp=10014 ms, used_size=4036608 bytes (9.9%)
(RDMA_READ_CONSUME_CHECK_CONSUMER) timestamp=10014 ms, used_size=4034560 bytes (9.8%)
(RDMA_READ_CONSUME_CHECK_CONSUMER) timestamp=10014 ms, used_size=4032512 bytes (9.8%)
(RDMA_READ_CONSUME_CHECK_CONSUMER) timestamp=10014 ms, used_size=4030464 bytes (9.8%)
(RDMA_READ_CONSUME_CHECK_CONSUMER) timestamp=10014 ms, used_size=4028416 bytes (9.8%)
(RDMA_READ_CONSUME_CHECK_CONSUMER) timestamp=10014 ms, used_size=4026368 bytes (9.8%)
(RDMA_READ_CONSUME_CHECK_CONSUMER) timestamp=10014 ms, used_size=4024320 bytes (9.8%)
(RDMA_READ_CONSUME_CHECK_CONSUMER) timestamp=10014 ms, used_size=4022272 bytes (9.8%)
(RDMA_READ_CONSUME_CHECK_CONSUMER) timestamp=10014 ms, used_size=4020224 bytes (9.8%)
(RDMA_READ_CONSUME_CHECK_CONSUMER) timestamp=10014 ms, used_size=4018176 bytes (9.8%)
(RDMA_READ_CONSUME_CHECK_CONSUMER) timestamp=10014 ms, used_size=4016128 bytes (9.8%)
(RDMA_READ_CONSUME_CHECK_CONSUMER) timestamp=10014 ms, used_size=4014080 bytes (9.8%)
(RDMA_READ_CONSUME_CHECK_CONSUMER) timestamp=10014 ms, used_size=4012032 bytes (9.8%)
(RDMA_READ_CONSUME_CHECK_CONSUMER) timestamp=10014 ms, used_size=4009984 bytes (9.8%)
(RDMA_READ_CONSUME_CHECK_CONSUMER) timestamp=10014 ms, used_size=4007936 bytes (9.8%)
(RDMA_READ_CONSUME_CHECK_CONSUMER) timestamp=10014 ms, used_size=4005888 bytes (9.8%)
(RDMA_READ_CONSUME_CHECK_CONSUMER) timestamp=10014 ms, used_size=4003840 bytes (9.8%)
(RDMA_READ_CONSUME_CHECK_CONSUMER) timestamp=10014 ms, used_size=4001792 bytes (9.8%)
(RDMA_READ_CONSUME_CHECK_CONSUMER) timestamp=10014 ms, used_size=3999744 bytes (9.8%)
(RDMA_READ_CONSUME_CHECK_CONSUMER) timestamp=10014 ms, used_size=3997696 bytes (9.8%)
(RDMA_READ_CONSUME_CHECK_CONSUMER) timestamp=10014 ms, used_size=3995648 bytes (9.8%)
(RDMA_READ_CONSUME_CHECK_CONSUMER) timestamp=10014 ms, used_size=3993600 bytes (9.8%)
(RDMA_READ_CONSUME_CHECK_CONSUMER) timestamp=10014 ms, used_size=3991552 bytes (9.7%)
(RDMA_READ_CONSUME_CHECK_CONSUMER) timestamp=10014 ms, used_size=3989504 bytes (9.7%)
(RDMA_READ_CONSUME_CHECK_CONSUMER) timestamp=10014 ms, used_size=3987456 bytes (9.7%)
(RDMA_READ_CONSUME_CHECK_CONSUMER) timestamp=10014 ms, used_size=3985408 bytes (9.7%)
(RDMA_READ_CONSUME_CHECK_CONSUMER) timestamp=10014 ms, used_size=3983360 bytes (9.7%)
(RDMA_READ_CONSUME_CHECK_CONSUMER) timestamp=10014 ms, used_size=3981312 bytes (9.7%)
(RDMA_READ_CONSUME_CHECK_CONSUMER) timestamp=10014 ms, used_size=3979264 bytes (9.7%)
(RDMA_READ_CONSUME_CHECK_CONSUMER) timestamp=10014 ms, used_size=3977216 bytes (9.7%)
(RDMA_READ_CONSUME_CHECK_CONSUMER) timestamp=10014 ms, used_size=3975168 bytes (9.7%)
(RDMA_READ_CONSUME_CHECK_CONSUMER) timestamp=10014 ms, used_size=3973120 bytes (9.7%)
(RDMA_READ_CONSUME_CHECK_CONSUMER) timestamp=10014 ms, used_size=3971072 bytes (9.7%)
(RDMA_READ_CONSUME_CHECK_CONSUMER) timestamp=10014 ms, used_size=3969024 bytes (9.7%)
(RDMA_READ_CONSUME_CHECK_CONSUMER) timestamp=10014 ms, used_size=3966976 bytes (9.7%)
(RDMA_READ_CONSUME_CHECK_CONSUMER) timestamp=10014 ms, used_size=3964928 bytes (9.7%)
(RDMA_READ_CONSUME_CHECK_CONSUMER) timestamp=10014 ms, used_size=3962880 bytes (9.7%)
(RDMA_READ_CONSUME_CHECK_CONSUMER) timestamp=10014 ms, used_size=3960832 bytes (9.7%)
(RDMA_READ_CONSUME_CHECK_CONSUMER) timestamp=10014 ms, used_size=3958784 bytes (9.7%)
(RDMA_READ_CONSUME_CHECK_CONSUMER) timestamp=10014 ms, used_size=3956736 bytes (9.7%)
(RDMA_READ_CONSUME_CHECK_CONSUMER) timestamp=10014 ms, used_size=3954688 bytes (9.7%)
(RDMA_READ_CONSUME_CHECK_CONSUMER) timestamp=10014 ms, used_size=3952640 bytes (9.7%)
(RDMA_READ_CONSUME_CHECK_CONSUMER) timestamp=10014 ms, used_size=3950592 bytes (9.6%)
(RDMA_READ_CONSUME_CHECK_CONSUMER) timestamp=10014 ms, used_size=3948544 bytes (9.6%)
(RDMA_READ_CONSUME_CHECK_CONSUMER) timestamp=10014 ms, used_size=3946496 bytes (9.6%)
(RDMA_READ_CONSUME_CHECK_CONSUMER) timestamp=10014 ms, used_size=3944448 bytes (9.6%)
(RDMA_READ_CONSUME_CHECK_CONSUMER) timestamp=10014 ms, used_size=3942400 bytes (9.6%)
(RDMA_READ_CONSUME_CHECK_CONSUMER) timestamp=10014 ms, used_size=3940352 bytes (9.6%)
(RDMA_READ_CONSUME_CHECK_CONSUMER) timestamp=10014 ms, used_size=3938304 bytes (9.6%)
(RDMA_READ_CONSUME_CHECK_CONSUMER) timestamp=10014 ms, used_size=3936256 bytes (9.6%)
(RDMA_READ_CONSUME_CHECK_CONSUMER) timestamp=10014 ms, used_size=3934208 bytes (9.6%)
(RDMA_READ_CONSUME_CHECK_CONSUMER) timestamp=10014 ms, used_size=3932160 bytes (9.6%)
(RDMA_READ_CONSUME_CHECK_CONSUMER) timestamp=10014 ms, used_size=3930112 bytes (9.6%)
(RDMA_READ_CONSUME_CHECK_CONSUMER) timestamp=10014 ms, used_size=3928064 bytes (9.6%)
(RDMA_READ_CONSUME_CHECK_CONSUMER) timestamp=10014 ms, used_size=3926016 bytes (9.6%)
(RDMA_READ_CONSUME_CHECK_CONSUMER) timestamp=10014 ms, used_size=3923968 bytes (9.6%)
(RDMA_READ_CONSUME_CHECK_CONSUMER) timestamp=10014 ms, used_size=3921920 bytes (9.6%)
(RDMA_READ_CONSUME_CHECK_CONSUMER) timestamp=10014 ms, used_size=3919872 bytes (9.6%)
(RDMA_READ_CONSUME_CHECK_CONSUMER) timestamp=10014 ms, used_size=3917824 bytes (9.6%)
(RDMA_READ_CONSUME_CHECK_CONSUMER) timestamp=10014 ms, used_size=3915776 bytes (9.6%)
(RDMA_READ_CONSUME_CHECK_CONSUMER) timestamp=10014 ms, used_size=3913728 bytes (9.6%)
(RDMA_READ_CONSUME_CHECK_CONSUMER) timestamp=10014 ms, used_size=3911680 bytes (9.6%)
(RDMA_READ_CONSUME_CHECK_CONSUMER) timestamp=10014 ms, used_size=3909632 bytes (9.5%)
(RDMA_READ_CONSUME_CHECK_CONSUMER) timestamp=10014 ms, used_size=3907584 bytes (9.5%)
(RDMA_READ_CONSUME_CHECK_CONSUMER) timestamp=10014 ms, used_size=3905536 bytes (9.5%)
(RDMA_READ_CONSUME_CHECK_CONSUMER) timestamp=10014 ms, used_size=3903488 bytes (9.5%)
(RDMA_READ_CONSUME_CHECK_CONSUMER) timestamp=10014 ms, used_size=3901440 bytes (9.5%)
(RDMA_READ_CONSUME_CHECK_CONSUMER) timestamp=10014 ms, used_size=3899392 bytes (9.5%)
(RDMA_READ_CONSUME_CHECK_CONSUMER) timestamp=10014 ms, used_size=3897344 bytes (9.5%)
(RDMA_READ_CONSUME_CHECK_CONSUMER) timestamp=10014 ms, used_size=3895296 bytes (9.5%)
(RDMA_READ_CONSUME_CHECK_CONSUMER) timestamp=10014 ms, used_size=3893248 bytes (9.5%)
(RDMA_READ_CONSUME_CHECK_CONSUMER) timestamp=10014 ms, used_size=3891200 bytes (9.5%)
(RDMA_READ_CONSUME_CHECK_CONSUMER) timestamp=10014 ms, used_size=3889152 bytes (9.5%)
(RDMA_READ_CONSUME_CHECK_CONSUMER) timestamp=10014 ms, used_size=3887104 bytes (9.5%)
(RDMA_READ_CONSUME_CHECK_CONSUMER) timestamp=10014 ms, used_size=3885056 bytes (9.5%)
(RDMA_READ_CONSUME_CHECK_CONSUMER) timestamp=10014 ms, used_size=3883008 bytes (9.5%)
(RDMA_READ_CONSUME_CHECK_CONSUMER) timestamp=10014 ms, used_size=3880960 bytes (9.5%)
(RDMA_READ_CONSUME_CHECK_CONSUMER) timestamp=10014 ms, used_size=3878912 bytes (9.5%)
(RDMA_READ_CONSUME_CHECK_CONSUMER) timestamp=10014 ms, used_size=3876864 bytes (9.5%)
(RDMA_READ_CONSUME_CHECK_CONSUMER) timestamp=10014 ms, used_size=3874816 bytes (9.5%)
(RDMA_READ_CONSUME_CHECK_CONSUMER) timestamp=10014 ms, used_size=3872768 bytes (9.5%)
(RDMA_READ_CONSUME_CHECK_CONSUMER) timestamp=10014 ms, used_size=3870720 bytes (9.4%)
(RDMA_READ_CONSUME_CHECK_CONSUMER) timestamp=10014 ms, used_size=3868672 bytes (9.4%)
(RDMA_READ_CONSUME_CHECK_CONSUMER) timestamp=10015 ms, used_size=3866624 bytes (9.4%)
(RDMA_READ_CONSUME_CHECK_CONSUMER) timestamp=10015 ms, used_size=3864576 bytes (9.4%)
(RDMA_READ_CONSUME_CHECK_CONSUMER) timestamp=10015 ms, used_size=3862528 bytes (9.4%)
(RDMA_READ_CONSUME_CHECK_CONSUMER) timestamp=10015 ms, used_size=3860480 bytes (9.4%)
(RDMA_READ_CONSUME_CHECK_CONSUMER) timestamp=10015 ms, used_size=3858432 bytes (9.4%)
(RDMA_READ_CONSUME_CHECK_CONSUMER) timestamp=10015 ms, used_size=3856384 bytes (9.4%)
(RDMA_READ_CONSUME_CHECK_CONSUMER) timestamp=10015 ms, used_size=3854336 bytes (9.4%)
(RDMA_READ_CONSUME_CHECK_CONSUMER) timestamp=10015 ms, used_size=3852288 bytes (9.4%)
(RDMA_READ_CONSUME_CHECK_CONSUMER) timestamp=10015 ms, used_size=3850240 bytes (9.4%)
(RDMA_READ_CONSUME_CHECK_CONSUMER) timestamp=10015 ms, used_size=3848192 bytes (9.4%)
(RDMA_READ_CONSUME_CHECK_CONSUMER) timestamp=10015 ms, used_size=3846144 bytes (9.4%)
(RDMA_READ_CONSUME_CHECK_CONSUMER) timestamp=10015 ms, used_size=3844096 bytes (9.4%)
(RDMA_READ_CONSUME_CHECK_CONSUMER) timestamp=10015 ms, used_size=3842048 bytes (9.4%)
(RDMA_READ_CONSUME_CHECK_CONSUMER) timestamp=10015 ms, used_size=3840000 bytes (9.4%)
(RDMA_READ_CONSUME_CHECK_CONSUMER) timestamp=10015 ms, used_size=3837952 bytes (9.4%)
(RDMA_READ_CONSUME_CHECK_CONSUMER) timestamp=10015 ms, used_size=3835904 bytes (9.4%)
(RDMA_READ_CONSUME_CHECK_CONSUMER) timestamp=10015 ms, used_size=3833856 bytes (9.4%)
(RDMA_READ_CONSUME_CHECK_CONSUMER) timestamp=10015 ms, used_size=3831808 bytes (9.4%)
(RDMA_READ_CONSUME_CHECK_CONSUMER) timestamp=10015 ms, used_size=3829760 bytes (9.3%)
(RDMA_READ_CONSUME_CHECK_CONSUMER) timestamp=10015 ms, used_size=3827712 bytes (9.3%)
(RDMA_READ_CONSUME_CHECK_CONSUMER) timestamp=10015 ms, used_size=3825664 bytes (9.3%)
(RDMA_READ_CONSUME_CHECK_CONSUMER) timestamp=10015 ms, used_size=3823616 bytes (9.3%)
(RDMA_READ_CONSUME_CHECK_CONSUMER) timestamp=10015 ms, used_size=3821568 bytes (9.3%)
(RDMA_READ_CONSUME_CHECK_CONSUMER) timestamp=10015 ms, used_size=3819520 bytes (9.3%)
(RDMA_READ_CONSUME_CHECK_CONSUMER) timestamp=10015 ms, used_size=3817472 bytes (9.3%)
(RDMA_READ_CONSUME_CHECK_CONSUMER) timestamp=10015 ms, used_size=3815424 bytes (9.3%)
(RDMA_READ_CONSUME_CHECK_CONSUMER) timestamp=10015 ms, used_size=3813376 bytes (9.3%)
(RDMA_READ_CONSUME_CHECK_CONSUMER) timestamp=10015 ms, used_size=3811328 bytes (9.3%)
(RDMA_READ_CONSUME_CHECK_CONSUMER) timestamp=10015 ms, used_size=3809280 bytes (9.3%)
(RDMA_READ_CONSUME_CHECK_CONSUMER) timestamp=10015 ms, used_size=3807232 bytes (9.3%)
(RDMA_READ_CONSUME_CHECK_CONSUMER) timestamp=10015 ms, used_size=3805184 bytes (9.3%)
(RDMA_READ_CONSUME_CHECK_CONSUMER) timestamp=10015 ms, used_size=3803136 bytes (9.3%)
(RDMA_READ_CONSUME_CHECK_CONSUMER) timestamp=10015 ms, used_size=3801088 bytes (9.3%)
(RDMA_READ_CONSUME_CHECK_CONSUMER) timestamp=10015 ms, used_size=3799040 bytes (9.3%)
(RDMA_READ_CONSUME_CHECK_CONSUMER) timestamp=10015 ms, used_size=3796992 bytes (9.3%)
(RDMA_READ_CONSUME_CHECK_CONSUMER) timestamp=10015 ms, used_size=3794944 bytes (9.3%)
(RDMA_READ_CONSUME_CHECK_CONSUMER) timestamp=10015 ms, used_size=3792896 bytes (9.3%)
(RDMA_READ_CONSUME_CHECK_CONSUMER) timestamp=10015 ms, used_size=3790848 bytes (9.3%)
(RDMA_READ_CONSUME_CHECK_CONSUMER) timestamp=10015 ms, used_size=3788800 bytes (9.2%)
(RDMA_READ_CONSUME_CHECK_CONSUMER) timestamp=10015 ms, used_size=3786752 bytes (9.2%)
(RDMA_READ_CONSUME_CHECK_CONSUMER) timestamp=10015 ms, used_size=3784704 bytes (9.2%)
(RDMA_READ_CONSUME_CHECK_CONSUMER) timestamp=10015 ms, used_size=3782656 bytes (9.2%)
(RDMA_READ_CONSUME_CHECK_CONSUMER) timestamp=10015 ms, used_size=3780608 bytes (9.2%)
(RDMA_READ_CONSUME_CHECK_CONSUMER) timestamp=10015 ms, used_size=3778560 bytes (9.2%)
(RDMA_READ_CONSUME_CHECK_CONSUMER) timestamp=10015 ms, used_size=3776512 bytes (9.2%)
(RDMA_READ_CONSUME_CHECK_CONSUMER) timestamp=10015 ms, used_size=3774464 bytes (9.2%)
(RDMA_READ_CONSUME_CHECK_CONSUMER) timestamp=10015 ms, used_size=3772416 bytes (9.2%)
(RDMA_READ_CONSUME_CHECK_CONSUMER) timestamp=10015 ms, used_size=3770368 bytes (9.2%)
(RDMA_READ_CONSUME_CHECK_CONSUMER) timestamp=10015 ms, used_size=3768320 bytes (9.2%)
(RDMA_READ_CONSUME_CHECK_CONSUMER) timestamp=10015 ms, used_size=3766272 bytes (9.2%)
(RDMA_READ_CONSUME_CHECK_CONSUMER) timestamp=10015 ms, used_size=3764224 bytes (9.2%)
(RDMA_READ_CONSUME_CHECK_CONSUMER) timestamp=10015 ms, used_size=3762176 bytes (9.2%)
(RDMA_READ_CONSUME_CHECK_CONSUMER) timestamp=10015 ms, used_size=3760128 bytes (9.2%)
(RDMA_READ_CONSUME_CHECK_CONSUMER) timestamp=10015 ms, used_size=3758080 bytes (9.2%)
(RDMA_READ_CONSUME_CHECK_CONSUMER) timestamp=10015 ms, used_size=3756032 bytes (9.2%)
(RDMA_READ_CONSUME_CHECK_CONSUMER) timestamp=10015 ms, used_size=3753984 bytes (9.2%)
(RDMA_READ_CONSUME_CHECK_CONSUMER) timestamp=10015 ms, used_size=3751936 bytes (9.2%)
(RDMA_READ_CONSUME_CHECK_CONSUMER) timestamp=10015 ms, used_size=3749888 bytes (9.2%)
(RDMA_READ_CONSUME_CHECK_CONSUMER) timestamp=10015 ms, used_size=3747840 bytes (9.2%)
(RDMA_READ_CONSUME_CHECK_CONSUMER) timestamp=10015 ms, used_size=3745792 bytes (9.1%)
(RDMA_READ_CONSUME_CHECK_CONSUMER) timestamp=10015 ms, used_size=3743744 bytes (9.1%)
(RDMA_READ_CONSUME_CHECK_CONSUMER) timestamp=10015 ms, used_size=3741696 bytes (9.1%)
(RDMA_READ_CONSUME_CHECK_CONSUMER) timestamp=10015 ms, used_size=3739648 bytes (9.1%)
(RDMA_READ_CONSUME_CHECK_CONSUMER) timestamp=10015 ms, used_size=3737600 bytes (9.1%)
(RDMA_READ_CONSUME_CHECK_CONSUMER) timestamp=10015 ms, used_size=3735552 bytes (9.1%)
(RDMA_READ_CONSUME_CHECK_CONSUMER) timestamp=10015 ms, used_size=3733504 bytes (9.1%)
(RDMA_READ_CONSUME_CHECK_CONSUMER) timestamp=10015 ms, used_size=3731456 bytes (9.1%)
(RDMA_READ_CONSUME_CHECK_CONSUMER) timestamp=10015 ms, used_size=3729408 bytes (9.1%)
(RDMA_READ_CONSUME_CHECK_CONSUMER) timestamp=10015 ms, used_size=3727360 bytes (9.1%)
(RDMA_READ_CONSUME_CHECK_CONSUMER) timestamp=10015 ms, used_size=3725312 bytes (9.1%)
(RDMA_READ_CONSUME_CHECK_CONSUMER) timestamp=10015 ms, used_size=3723264 bytes (9.1%)
(RDMA_READ_CONSUME_CHECK_CONSUMER) timestamp=10015 ms, used_size=3721216 bytes (9.1%)
(RDMA_READ_CONSUME_CHECK_CONSUMER) timestamp=10015 ms, used_size=3719168 bytes (9.1%)
(RDMA_READ_CONSUME_CHECK_CONSUMER) timestamp=10015 ms, used_size=3717120 bytes (9.1%)
(RDMA_READ_CONSUME_CHECK_CONSUMER) timestamp=10015 ms, used_size=3715072 bytes (9.1%)
(RDMA_READ_CONSUME_CHECK_CONSUMER) timestamp=10015 ms, used_size=3713024 bytes (9.1%)
(RDMA_READ_CONSUME_CHECK_CONSUMER) timestamp=10015 ms, used_size=3710976 bytes (9.1%)
(RDMA_READ_CONSUME_CHECK_CONSUMER) timestamp=10015 ms, used_size=3708928 bytes (9.1%)
(RDMA_READ_CONSUME_CHECK_CONSUMER) timestamp=10015 ms, used_size=3706880 bytes (9.1%)
(RDMA_READ_CONSUME_CHECK_CONSUMER) timestamp=10015 ms, used_size=3704832 bytes (9.0%)
(RDMA_READ_CONSUME_CHECK_CONSUMER) timestamp=10015 ms, used_size=3702784 bytes (9.0%)
(RDMA_READ_CONSUME_CHECK_CONSUMER) timestamp=10015 ms, used_size=3700736 bytes (9.0%)
(RDMA_READ_CONSUME_CHECK_CONSUMER) timestamp=10015 ms, used_size=3698688 bytes (9.0%)
(RDMA_READ_CONSUME_CHECK_CONSUMER) timestamp=10015 ms, used_size=3696640 bytes (9.0%)
(RDMA_READ_CONSUME_CHECK_CONSUMER) timestamp=10015 ms, used_size=3694592 bytes (9.0%)
(RDMA_READ_CONSUME_CHECK_CONSUMER) timestamp=10015 ms, used_size=3692544 bytes (9.0%)
(RDMA_READ_CONSUME_CHECK_CONSUMER) timestamp=10015 ms, used_size=3690496 bytes (9.0%)
(RDMA_READ_CONSUME_CHECK_CONSUMER) timestamp=10015 ms, used_size=3688448 bytes (9.0%)
(RDMA_READ_CONSUME_CHECK_CONSUMER) timestamp=10015 ms, used_size=3686400 bytes (9.0%)
(RDMA_READ_CONSUME_CHECK_CONSUMER) timestamp=10015 ms, used_size=3684352 bytes (9.0%)
(RDMA_READ_CONSUME_CHECK_CONSUMER) timestamp=10015 ms, used_size=3682304 bytes (9.0%)
(RDMA_READ_CONSUME_CHECK_CONSUMER) timestamp=10015 ms, used_size=3680256 bytes (9.0%)
(RDMA_READ_CONSUME_CHECK_CONSUMER) timestamp=10015 ms, used_size=3678208 bytes (9.0%)
(RDMA_READ_CONSUME_CHECK_CONSUMER) timestamp=10015 ms, used_size=3676160 bytes (9.0%)
(RDMA_READ_CONSUME_CHECK_CONSUMER) timestamp=10015 ms, used_size=3674112 bytes (9.0%)
(RDMA_READ_CONSUME_CHECK_CONSUMER) timestamp=10015 ms, used_size=3672064 bytes (9.0%)
(RDMA_READ_CONSUME_CHECK_CONSUMER) timestamp=10015 ms, used_size=3670016 bytes (9.0%)
(RDMA_READ_CONSUME_CHECK_CONSUMER) timestamp=10015 ms, used_size=3667968 bytes (9.0%)
(RDMA_READ_CONSUME_CHECK_CONSUMER) timestamp=10015 ms, used_size=3665920 bytes (8.9%)
(RDMA_READ_CONSUME_CHECK_CONSUMER) timestamp=10015 ms, used_size=3663872 bytes (8.9%)
(RDMA_READ_CONSUME_CHECK_CONSUMER) timestamp=10015 ms, used_size=3661824 bytes (8.9%)
(RDMA_READ_CONSUME_CHECK_CONSUMER) timestamp=10015 ms, used_size=3659776 bytes (8.9%)
(RDMA_READ_CONSUME_CHECK_CONSUMER) timestamp=10015 ms, used_size=3657728 bytes (8.9%)
(RDMA_READ_CONSUME_CHECK_CONSUMER) timestamp=10015 ms, used_size=3655680 bytes (8.9%)
(RDMA_READ_CONSUME_CHECK_CONSUMER) timestamp=10015 ms, used_size=3653632 bytes (8.9%)
(RDMA_READ_CONSUME_CHECK_CONSUMER) timestamp=10015 ms, used_size=3651584 bytes (8.9%)
(RDMA_READ_CONSUME_CHECK_CONSUMER) timestamp=10015 ms, used_size=3649536 bytes (8.9%)
(RDMA_READ_CONSUME_CHECK_CONSUMER) timestamp=10015 ms, used_size=3647488 bytes (8.9%)
(RDMA_READ_CONSUME_CHECK_CONSUMER) timestamp=10015 ms, used_size=3645440 bytes (8.9%)
(RDMA_READ_CONSUME_CHECK_CONSUMER) timestamp=10015 ms, used_size=3643392 bytes (8.9%)
(RDMA_READ_CONSUME_CHECK_CONSUMER) timestamp=10015 ms, used_size=3641344 bytes (8.9%)
(RDMA_READ_CONSUME_CHECK_CONSUMER) timestamp=10015 ms, used_size=3639296 bytes (8.9%)
(RDMA_READ_CONSUME_CHECK_CONSUMER) timestamp=10015 ms, used_size=3637248 bytes (8.9%)
(RDMA_READ_CONSUME_CHECK_CONSUMER) timestamp=10015 ms, used_size=3635200 bytes (8.9%)
(RDMA_READ_CONSUME_CHECK_CONSUMER) timestamp=10015 ms, used_size=3633152 bytes (8.9%)
(RDMA_READ_CONSUME_CHECK_CONSUMER) timestamp=10015 ms, used_size=3631104 bytes (8.9%)
(RDMA_READ_CONSUME_CHECK_CONSUMER) timestamp=10015 ms, used_size=3629056 bytes (8.9%)
(RDMA_READ_CONSUME_CHECK_CONSUMER) timestamp=10015 ms, used_size=3627008 bytes (8.9%)
(RDMA_READ_CONSUME_CHECK_CONSUMER) timestamp=10015 ms, used_size=3624960 bytes (8.8%)
(RDMA_READ_CONSUME_CHECK_CONSUMER) timestamp=10015 ms, used_size=3622912 bytes (8.8%)
(RDMA_READ_CONSUME_CHECK_CONSUMER) timestamp=10015 ms, used_size=3620864 bytes (8.8%)
(RDMA_READ_CONSUME_CHECK_CONSUMER) timestamp=10015 ms, used_size=3618816 bytes (8.8%)
(RDMA_READ_CONSUME_CHECK_CONSUMER) timestamp=10015 ms, used_size=3616768 bytes (8.8%)
(RDMA_READ_CONSUME_CHECK_CONSUMER) timestamp=10015 ms, used_size=3614720 bytes (8.8%)
(RDMA_READ_CONSUME_CHECK_CONSUMER) timestamp=10015 ms, used_size=3612672 bytes (8.8%)
(RDMA_READ_CONSUME_CHECK_CONSUMER) timestamp=10015 ms, used_size=3610624 bytes (8.8%)
(RDMA_READ_CONSUME_CHECK_CONSUMER) timestamp=10015 ms, used_size=3608576 bytes (8.8%)
(RDMA_READ_CONSUME_CHECK_CONSUMER) timestamp=10015 ms, used_size=3606528 bytes (8.8%)
(RDMA_READ_CONSUME_CHECK_CONSUMER) timestamp=10015 ms, used_size=3604480 bytes (8.8%)
(RDMA_READ_CONSUME_CHECK_CONSUMER) timestamp=10015 ms, used_size=3602432 bytes (8.8%)
(RDMA_READ_CONSUME_CHECK_CONSUMER) timestamp=10015 ms, used_size=3600384 bytes (8.8%)
(RDMA_READ_CONSUME_CHECK_CONSUMER) timestamp=10015 ms, used_size=3598336 bytes (8.8%)
(RDMA_READ_CONSUME_CHECK_CONSUMER) timestamp=10015 ms, used_size=3596288 bytes (8.8%)
(RDMA_READ_CONSUME_CHECK_CONSUMER) timestamp=10015 ms, used_size=3594240 bytes (8.8%)
(RDMA_READ_CONSUME_CHECK_CONSUMER) timestamp=10015 ms, used_size=3592192 bytes (8.8%)
(RDMA_READ_CONSUME_CHECK_CONSUMER) timestamp=10015 ms, used_size=3590144 bytes (8.8%)
(RDMA_READ_CONSUME_CHECK_CONSUMER) timestamp=10015 ms, used_size=3588096 bytes (8.8%)
(RDMA_READ_CONSUME_CHECK_CONSUMER) timestamp=10015 ms, used_size=3586048 bytes (8.8%)
(RDMA_READ_CONSUME_CHECK_CONSUMER) timestamp=10015 ms, used_size=3584000 bytes (8.8%)
(RDMA_READ_CONSUME_CHECK_CONSUMER) timestamp=10015 ms, used_size=3581952 bytes (8.7%)
(RDMA_READ_CONSUME_CHECK_CONSUMER) timestamp=10015 ms, used_size=3579904 bytes (8.7%)
(RDMA_READ_CONSUME_CHECK_CONSUMER) timestamp=10015 ms, used_size=3577856 bytes (8.7%)
(RDMA_READ_CONSUME_CHECK_CONSUMER) timestamp=10015 ms, used_size=3575808 bytes (8.7%)
(RDMA_READ_CONSUME_CHECK_CONSUMER) timestamp=10015 ms, used_size=3573760 bytes (8.7%)
(RDMA_READ_CONSUME_CHECK_CONSUMER) timestamp=10015 ms, used_size=3571712 bytes (8.7%)
(RDMA_READ_CONSUME_CHECK_CONSUMER) timestamp=10015 ms, used_size=3569664 bytes (8.7%)
(RDMA_READ_CONSUME_CHECK_CONSUMER) timestamp=10015 ms, used_size=3567616 bytes (8.7%)
(RDMA_READ_CONSUME_CHECK_CONSUMER) timestamp=10015 ms, used_size=3565568 bytes (8.7%)
(RDMA_READ_CONSUME_CHECK_CONSUMER) timestamp=10015 ms, used_size=3563520 bytes (8.7%)
(RDMA_READ_CONSUME_CHECK_CONSUMER) timestamp=10015 ms, used_size=3561472 bytes (8.7%)
(RDMA_READ_CONSUME_CHECK_CONSUMER) timestamp=10015 ms, used_size=3559424 bytes (8.7%)
(RDMA_READ_CONSUME_CHECK_CONSUMER) timestamp=10015 ms, used_size=3557376 bytes (8.7%)
(RDMA_READ_CONSUME_CHECK_CONSUMER) timestamp=10015 ms, used_size=3555328 bytes (8.7%)
(RDMA_READ_CONSUME_CHECK_CONSUMER) timestamp=10015 ms, used_size=3553280 bytes (8.7%)
(RDMA_READ_CONSUME_CHECK_CONSUMER) timestamp=10015 ms, used_size=3551232 bytes (8.7%)
(RDMA_READ_CONSUME_CHECK_CONSUMER) timestamp=10015 ms, used_size=3549184 bytes (8.7%)
(RDMA_READ_CONSUME_CHECK_CONSUMER) timestamp=10015 ms, used_size=3547136 bytes (8.7%)
(RDMA_READ_CONSUME_CHECK_CONSUMER) timestamp=10015 ms, used_size=3545088 bytes (8.7%)
(RDMA_READ_CONSUME_CHECK_CONSUMER) timestamp=10015 ms, used_size=3543040 bytes (8.7%)
(RDMA_READ_CONSUME_CHECK_CONSUMER) timestamp=10015 ms, used_size=3540992 bytes (8.6%)
(RDMA_READ_CONSUME_CHECK_CONSUMER) timestamp=10015 ms, used_size=3538944 bytes (8.6%)
(RDMA_READ_CONSUME_CHECK_CONSUMER) timestamp=10015 ms, used_size=3536896 bytes (8.6%)
(RDMA_READ_CONSUME_CHECK_CONSUMER) timestamp=10015 ms, used_size=3534848 bytes (8.6%)
(RDMA_READ_CONSUME_CHECK_CONSUMER) timestamp=10015 ms, used_size=3532800 bytes (8.6%)
(RDMA_READ_CONSUME_CHECK_CONSUMER) timestamp=10015 ms, used_size=3530752 bytes (8.6%)
(RDMA_READ_CONSUME_CHECK_CONSUMER) timestamp=10015 ms, used_size=3528704 bytes (8.6%)
(RDMA_READ_CONSUME_CHECK_CONSUMER) timestamp=10015 ms, used_size=3526656 bytes (8.6%)
(RDMA_READ_CONSUME_CHECK_CONSUMER) timestamp=10015 ms, used_size=3524608 bytes (8.6%)
(RDMA_READ_CONSUME_CHECK_CONSUMER) timestamp=10015 ms, used_size=3522560 bytes (8.6%)
(RDMA_READ_CONSUME_CHECK_CONSUMER) timestamp=10015 ms, used_size=3520512 bytes (8.6%)
(RDMA_READ_CONSUME_CHECK_CONSUMER) timestamp=10015 ms, used_size=3518464 bytes (8.6%)
(RDMA_READ_CONSUME_CHECK_CONSUMER) timestamp=10015 ms, used_size=3516416 bytes (8.6%)
(RDMA_READ_CONSUME_CHECK_CONSUMER) timestamp=10015 ms, used_size=3514368 bytes (8.6%)
(RDMA_READ_CONSUME_CHECK_CONSUMER) timestamp=10016 ms, used_size=3512320 bytes (8.6%)
(RDMA_READ_CONSUME_CHECK_CONSUMER) timestamp=10016 ms, used_size=3510272 bytes (8.6%)
(RDMA_READ_CONSUME_CHECK_CONSUMER) timestamp=10016 ms, used_size=3508224 bytes (8.6%)
(RDMA_READ_CONSUME_CHECK_CONSUMER) timestamp=10016 ms, used_size=3506176 bytes (8.6%)
(RDMA_READ_CONSUME_CHECK_CONSUMER) timestamp=10016 ms, used_size=3504128 bytes (8.6%)
(RDMA_READ_CONSUME_CHECK_CONSUMER) timestamp=10016 ms, used_size=3502080 bytes (8.6%)
(RDMA_READ_CONSUME_CHECK_CONSUMER) timestamp=10016 ms, used_size=3500032 bytes (8.5%)
(RDMA_READ_CONSUME_CHECK_CONSUMER) timestamp=10016 ms, used_size=3497984 bytes (8.5%)
(RDMA_READ_CONSUME_CHECK_CONSUMER) timestamp=10016 ms, used_size=3495936 bytes (8.5%)
(RDMA_READ_CONSUME_CHECK_CONSUMER) timestamp=10016 ms, used_size=3493888 bytes (8.5%)
(RDMA_READ_CONSUME_CHECK_CONSUMER) timestamp=10016 ms, used_size=3491840 bytes (8.5%)
(RDMA_READ_CONSUME_CHECK_CONSUMER) timestamp=10016 ms, used_size=3489792 bytes (8.5%)
(RDMA_READ_CONSUME_CHECK_CONSUMER) timestamp=10016 ms, used_size=3487744 bytes (8.5%)
(RDMA_READ_CONSUME_CHECK_CONSUMER) timestamp=10016 ms, used_size=3485696 bytes (8.5%)
(RDMA_READ_CONSUME_CHECK_CONSUMER) timestamp=10016 ms, used_size=3483648 bytes (8.5%)
(RDMA_READ_CONSUME_CHECK_CONSUMER) timestamp=10016 ms, used_size=3481600 bytes (8.5%)
(RDMA_READ_CONSUME_CHECK_CONSUMER) timestamp=10016 ms, used_size=3479552 bytes (8.5%)
(RDMA_READ_CONSUME_CHECK_CONSUMER) timestamp=10016 ms, used_size=3477504 bytes (8.5%)
(RDMA_READ_CONSUME_CHECK_CONSUMER) timestamp=10016 ms, used_size=3475456 bytes (8.5%)
(RDMA_READ_CONSUME_CHECK_CONSUMER) timestamp=10016 ms, used_size=3473408 bytes (8.5%)
(RDMA_READ_CONSUME_CHECK_CONSUMER) timestamp=10016 ms, used_size=3471360 bytes (8.5%)
(RDMA_READ_CONSUME_CHECK_CONSUMER) timestamp=10016 ms, used_size=3469312 bytes (8.5%)
(RDMA_READ_CONSUME_CHECK_CONSUMER) timestamp=10016 ms, used_size=3467264 bytes (8.5%)
(RDMA_READ_CONSUME_CHECK_CONSUMER) timestamp=10016 ms, used_size=3465216 bytes (8.5%)
(RDMA_READ_CONSUME_CHECK_CONSUMER) timestamp=10016 ms, used_size=3463168 bytes (8.5%)
(RDMA_READ_CONSUME_CHECK_CONSUMER) timestamp=10016 ms, used_size=3461120 bytes (8.4%)
(RDMA_READ_CONSUME_CHECK_CONSUMER) timestamp=10016 ms, used_size=3459072 bytes (8.4%)
(RDMA_READ_CONSUME_CHECK_CONSUMER) timestamp=10016 ms, used_size=3457024 bytes (8.4%)
(RDMA_READ_CONSUME_CHECK_CONSUMER) timestamp=10016 ms, used_size=3454976 bytes (8.4%)
(RDMA_READ_CONSUME_CHECK_CONSUMER) timestamp=10016 ms, used_size=3452928 bytes (8.4%)
(RDMA_READ_CONSUME_CHECK_CONSUMER) timestamp=10016 ms, used_size=3450880 bytes (8.4%)
(RDMA_READ_CONSUME_CHECK_CONSUMER) timestamp=10016 ms, used_size=3448832 bytes (8.4%)
(RDMA_READ_CONSUME_CHECK_CONSUMER) timestamp=10016 ms, used_size=3446784 bytes (8.4%)
(RDMA_READ_CONSUME_CHECK_CONSUMER) timestamp=10016 ms, used_size=3444736 bytes (8.4%)
(RDMA_READ_CONSUME_CHECK_CONSUMER) timestamp=10016 ms, used_size=3442688 bytes (8.4%)
(RDMA_READ_CONSUME_CHECK_CONSUMER) timestamp=10016 ms, used_size=3440640 bytes (8.4%)
(RDMA_READ_CONSUME_CHECK_CONSUMER) timestamp=10016 ms, used_size=3438592 bytes (8.4%)
(RDMA_READ_CONSUME_CHECK_CONSUMER) timestamp=10016 ms, used_size=3436544 bytes (8.4%)
(RDMA_READ_CONSUME_CHECK_CONSUMER) timestamp=10016 ms, used_size=3434496 bytes (8.4%)
(RDMA_READ_CONSUME_CHECK_CONSUMER) timestamp=10016 ms, used_size=3432448 bytes (8.4%)
(RDMA_READ_CONSUME_CHECK_CONSUMER) timestamp=10016 ms, used_size=3430400 bytes (8.4%)
(RDMA_READ_CONSUME_CHECK_CONSUMER) timestamp=10016 ms, used_size=3428352 bytes (8.4%)
(RDMA_READ_CONSUME_CHECK_CONSUMER) timestamp=10016 ms, used_size=3426304 bytes (8.4%)
(RDMA_READ_CONSUME_CHECK_CONSUMER) timestamp=10016 ms, used_size=3424256 bytes (8.4%)
(RDMA_READ_CONSUME_CHECK_CONSUMER) timestamp=10016 ms, used_size=3422208 bytes (8.4%)
(RDMA_READ_CONSUME_CHECK_CONSUMER) timestamp=10016 ms, used_size=3420160 bytes (8.3%)
(RDMA_READ_CONSUME_CHECK_CONSUMER) timestamp=10016 ms, used_size=3418112 bytes (8.3%)
(RDMA_READ_CONSUME_CHECK_CONSUMER) timestamp=10016 ms, used_size=3416064 bytes (8.3%)
(RDMA_READ_CONSUME_CHECK_CONSUMER) timestamp=10016 ms, used_size=3414016 bytes (8.3%)
(RDMA_READ_CONSUME_CHECK_CONSUMER) timestamp=10016 ms, used_size=3411968 bytes (8.3%)
(RDMA_READ_CONSUME_CHECK_CONSUMER) timestamp=10016 ms, used_size=3409920 bytes (8.3%)
(RDMA_READ_CONSUME_CHECK_CONSUMER) timestamp=10016 ms, used_size=3407872 bytes (8.3%)
(RDMA_READ_CONSUME_CHECK_CONSUMER) timestamp=10016 ms, used_size=3405824 bytes (8.3%)
(RDMA_READ_CONSUME_CHECK_CONSUMER) timestamp=10016 ms, used_size=3403776 bytes (8.3%)
(RDMA_READ_CONSUME_CHECK_CONSUMER) timestamp=10016 ms, used_size=3401728 bytes (8.3%)
(RDMA_READ_CONSUME_CHECK_CONSUMER) timestamp=10016 ms, used_size=3399680 bytes (8.3%)
(RDMA_READ_CONSUME_CHECK_CONSUMER) timestamp=10016 ms, used_size=3397632 bytes (8.3%)
(RDMA_READ_CONSUME_CHECK_CONSUMER) timestamp=10016 ms, used_size=3395584 bytes (8.3%)
(RDMA_READ_CONSUME_CHECK_CONSUMER) timestamp=10016 ms, used_size=3393536 bytes (8.3%)
(RDMA_READ_CONSUME_CHECK_CONSUMER) timestamp=10016 ms, used_size=3391488 bytes (8.3%)
(RDMA_READ_CONSUME_CHECK_CONSUMER) timestamp=10016 ms, used_size=3389440 bytes (8.3%)
(RDMA_READ_CONSUME_CHECK_CONSUMER) timestamp=10016 ms, used_size=3387392 bytes (8.3%)
(RDMA_READ_CONSUME_CHECK_CONSUMER) timestamp=10016 ms, used_size=3385344 bytes (8.3%)
(RDMA_READ_CONSUME_CHECK_CONSUMER) timestamp=10016 ms, used_size=3383296 bytes (8.3%)
(RDMA_READ_CONSUME_CHECK_CONSUMER) timestamp=10016 ms, used_size=3381248 bytes (8.3%)
(RDMA_READ_CONSUME_CHECK_CONSUMER) timestamp=10016 ms, used_size=3379200 bytes (8.2%)
(RDMA_READ_CONSUME_CHECK_CONSUMER) timestamp=10016 ms, used_size=3377152 bytes (8.2%)
(RDMA_READ_CONSUME_CHECK_CONSUMER) timestamp=10016 ms, used_size=3375104 bytes (8.2%)
(RDMA_READ_CONSUME_CHECK_CONSUMER) timestamp=10016 ms, used_size=3373056 bytes (8.2%)
(RDMA_READ_CONSUME_CHECK_CONSUMER) timestamp=10016 ms, used_size=3371008 bytes (8.2%)
(RDMA_READ_CONSUME_CHECK_CONSUMER) timestamp=10016 ms, used_size=3368960 bytes (8.2%)
(RDMA_READ_CONSUME_CHECK_CONSUMER) timestamp=10016 ms, used_size=3366912 bytes (8.2%)
(RDMA_READ_CONSUME_CHECK_CONSUMER) timestamp=10016 ms, used_size=3364864 bytes (8.2%)
(RDMA_READ_CONSUME_CHECK_CONSUMER) timestamp=10016 ms, used_size=3362816 bytes (8.2%)
(RDMA_READ_CONSUME_CHECK_CONSUMER) timestamp=10016 ms, used_size=3360768 bytes (8.2%)
(RDMA_READ_CONSUME_CHECK_CONSUMER) timestamp=10016 ms, used_size=3358720 bytes (8.2%)
(RDMA_READ_CONSUME_CHECK_CONSUMER) timestamp=10016 ms, used_size=3356672 bytes (8.2%)
(RDMA_READ_CONSUME_CHECK_CONSUMER) timestamp=10016 ms, used_size=3354624 bytes (8.2%)
(RDMA_READ_CONSUME_CHECK_CONSUMER) timestamp=10016 ms, used_size=3352576 bytes (8.2%)
(RDMA_READ_CONSUME_CHECK_CONSUMER) timestamp=10016 ms, used_size=3350528 bytes (8.2%)
(RDMA_READ_CONSUME_CHECK_CONSUMER) timestamp=10016 ms, used_size=3348480 bytes (8.2%)
(RDMA_READ_CONSUME_CHECK_CONSUMER) timestamp=10016 ms, used_size=3346432 bytes (8.2%)
(RDMA_READ_CONSUME_CHECK_CONSUMER) timestamp=10016 ms, used_size=3344384 bytes (8.2%)
(RDMA_READ_CONSUME_CHECK_CONSUMER) timestamp=10016 ms, used_size=3342336 bytes (8.2%)
(RDMA_READ_CONSUME_CHECK_CONSUMER) timestamp=10016 ms, used_size=3340288 bytes (8.2%)
(RDMA_READ_CONSUME_CHECK_CONSUMER) timestamp=10016 ms, used_size=3338240 bytes (8.2%)
(RDMA_READ_CONSUME_CHECK_CONSUMER) timestamp=10016 ms, used_size=3336192 bytes (8.1%)
(RDMA_READ_CONSUME_CHECK_CONSUMER) timestamp=10016 ms, used_size=3334144 bytes (8.1%)
(RDMA_READ_CONSUME_CHECK_CONSUMER) timestamp=10016 ms, used_size=3332096 bytes (8.1%)
(RDMA_READ_CONSUME_CHECK_CONSUMER) timestamp=10016 ms, used_size=3330048 bytes (8.1%)
(RDMA_READ_CONSUME_CHECK_CONSUMER) timestamp=10016 ms, used_size=3328000 bytes (8.1%)
(RDMA_READ_CONSUME_CHECK_CONSUMER) timestamp=10016 ms, used_size=3325952 bytes (8.1%)
(RDMA_READ_CONSUME_CHECK_CONSUMER) timestamp=10016 ms, used_size=3323904 bytes (8.1%)
(RDMA_READ_CONSUME_CHECK_CONSUMER) timestamp=10016 ms, used_size=3321856 bytes (8.1%)
(RDMA_READ_CONSUME_CHECK_CONSUMER) timestamp=10016 ms, used_size=3319808 bytes (8.1%)
(RDMA_READ_CONSUME_CHECK_CONSUMER) timestamp=10016 ms, used_size=3317760 bytes (8.1%)
(RDMA_READ_CONSUME_CHECK_CONSUMER) timestamp=10016 ms, used_size=3315712 bytes (8.1%)
(RDMA_READ_CONSUME_CHECK_CONSUMER) timestamp=10016 ms, used_size=3313664 bytes (8.1%)
(RDMA_READ_CONSUME_CHECK_CONSUMER) timestamp=10016 ms, used_size=3311616 bytes (8.1%)
(RDMA_READ_CONSUME_CHECK_CONSUMER) timestamp=10016 ms, used_size=3309568 bytes (8.1%)
(RDMA_READ_CONSUME_CHECK_CONSUMER) timestamp=10016 ms, used_size=3307520 bytes (8.1%)
(RDMA_READ_CONSUME_CHECK_CONSUMER) timestamp=10016 ms, used_size=3305472 bytes (8.1%)
(RDMA_READ_CONSUME_CHECK_CONSUMER) timestamp=10016 ms, used_size=3303424 bytes (8.1%)
(RDMA_READ_CONSUME_CHECK_CONSUMER) timestamp=10016 ms, used_size=3301376 bytes (8.1%)
(RDMA_READ_CONSUME_CHECK_CONSUMER) timestamp=10016 ms, used_size=3299328 bytes (8.1%)
(RDMA_READ_CONSUME_CHECK_CONSUMER) timestamp=10016 ms, used_size=3297280 bytes (8.1%)
(RDMA_READ_CONSUME_CHECK_CONSUMER) timestamp=10016 ms, used_size=3295232 bytes (8.0%)
(RDMA_READ_CONSUME_CHECK_CONSUMER) timestamp=10016 ms, used_size=3293184 bytes (8.0%)
(RDMA_READ_CONSUME_CHECK_CONSUMER) timestamp=10016 ms, used_size=3291136 bytes (8.0%)
(RDMA_READ_CONSUME_CHECK_CONSUMER) timestamp=10016 ms, used_size=3289088 bytes (8.0%)
(RDMA_READ_CONSUME_CHECK_CONSUMER) timestamp=10016 ms, used_size=3287040 bytes (8.0%)
(RDMA_READ_CONSUME_CHECK_CONSUMER) timestamp=10016 ms, used_size=3284992 bytes (8.0%)
(RDMA_READ_CONSUME_CHECK_CONSUMER) timestamp=10016 ms, used_size=3282944 bytes (8.0%)
(RDMA_READ_CONSUME_CHECK_CONSUMER) timestamp=10016 ms, used_size=3280896 bytes (8.0%)
(RDMA_READ_CONSUME_CHECK_CONSUMER) timestamp=10016 ms, used_size=3278848 bytes (8.0%)
(RDMA_READ_CONSUME_CHECK_CONSUMER) timestamp=10016 ms, used_size=3276800 bytes (8.0%)
(RDMA_READ_CONSUME_CHECK_CONSUMER) timestamp=10016 ms, used_size=3274752 bytes (8.0%)
(RDMA_READ_CONSUME_CHECK_CONSUMER) timestamp=10016 ms, used_size=3272704 bytes (8.0%)
(RDMA_READ_CONSUME_CHECK_CONSUMER) timestamp=10016 ms, used_size=3270656 bytes (8.0%)
(RDMA_READ_CONSUME_CHECK_CONSUMER) timestamp=10016 ms, used_size=3268608 bytes (8.0%)
(RDMA_READ_CONSUME_CHECK_CONSUMER) timestamp=10016 ms, used_size=3266560 bytes (8.0%)
(RDMA_READ_CONSUME_CHECK_CONSUMER) timestamp=10016 ms, used_size=3264512 bytes (8.0%)
(RDMA_READ_CONSUME_CHECK_CONSUMER) timestamp=10016 ms, used_size=3262464 bytes (8.0%)
(RDMA_READ_CONSUME_CHECK_CONSUMER) timestamp=10016 ms, used_size=3260416 bytes (8.0%)
(RDMA_READ_CONSUME_CHECK_CONSUMER) timestamp=10016 ms, used_size=3258368 bytes (8.0%)
(RDMA_READ_CONSUME_CHECK_CONSUMER) timestamp=10016 ms, used_size=3256320 bytes (8.0%)
(RDMA_READ_CONSUME_CHECK_CONSUMER) timestamp=10016 ms, used_size=3254272 bytes (7.9%)
(RDMA_READ_CONSUME_CHECK_CONSUMER) timestamp=10016 ms, used_size=3252224 bytes (7.9%)
(RDMA_READ_CONSUME_CHECK_CONSUMER) timestamp=10016 ms, used_size=3250176 bytes (7.9%)
(RDMA_READ_CONSUME_CHECK_CONSUMER) timestamp=10016 ms, used_size=3248128 bytes (7.9%)
(RDMA_READ_CONSUME_CHECK_CONSUMER) timestamp=10016 ms, used_size=3246080 bytes (7.9%)
(RDMA_READ_CONSUME_CHECK_CONSUMER) timestamp=10016 ms, used_size=3244032 bytes (7.9%)
(RDMA_READ_CONSUME_CHECK_CONSUMER) timestamp=10016 ms, used_size=3241984 bytes (7.9%)
(RDMA_READ_CONSUME_CHECK_CONSUMER) timestamp=10016 ms, used_size=3239936 bytes (7.9%)
(RDMA_READ_CONSUME_CHECK_CONSUMER) timestamp=10016 ms, used_size=3237888 bytes (7.9%)
(RDMA_READ_CONSUME_CHECK_CONSUMER) timestamp=10016 ms, used_size=3235840 bytes (7.9%)
(RDMA_READ_CONSUME_CHECK_CONSUMER) timestamp=10016 ms, used_size=3233792 bytes (7.9%)
(RDMA_READ_CONSUME_CHECK_CONSUMER) timestamp=10016 ms, used_size=3231744 bytes (7.9%)
(RDMA_READ_CONSUME_CHECK_CONSUMER) timestamp=10016 ms, used_size=3229696 bytes (7.9%)
(RDMA_READ_CONSUME_CHECK_CONSUMER) timestamp=10016 ms, used_size=3227648 bytes (7.9%)
(RDMA_READ_CONSUME_CHECK_CONSUMER) timestamp=10016 ms, used_size=3225600 bytes (7.9%)
(RDMA_READ_CONSUME_CHECK_CONSUMER) timestamp=10016 ms, used_size=3223552 bytes (7.9%)
(RDMA_READ_CONSUME_CHECK_CONSUMER) timestamp=10016 ms, used_size=3221504 bytes (7.9%)
(RDMA_READ_CONSUME_CHECK_CONSUMER) timestamp=10016 ms, used_size=3219456 bytes (7.9%)
(RDMA_READ_CONSUME_CHECK_CONSUMER) timestamp=10016 ms, used_size=3217408 bytes (7.9%)
(RDMA_READ_CONSUME_CHECK_CONSUMER) timestamp=10016 ms, used_size=3215360 bytes (7.8%)
(RDMA_READ_CONSUME_CHECK_CONSUMER) timestamp=10016 ms, used_size=3213312 bytes (7.8%)
(RDMA_READ_CONSUME_CHECK_CONSUMER) timestamp=10016 ms, used_size=3211264 bytes (7.8%)
(RDMA_READ_CONSUME_CHECK_CONSUMER) timestamp=10016 ms, used_size=3209216 bytes (7.8%)
(RDMA_READ_CONSUME_CHECK_CONSUMER) timestamp=10016 ms, used_size=3207168 bytes (7.8%)
(RDMA_READ_CONSUME_CHECK_CONSUMER) timestamp=10016 ms, used_size=3205120 bytes (7.8%)
(RDMA_READ_CONSUME_CHECK_CONSUMER) timestamp=10016 ms, used_size=3203072 bytes (7.8%)
(RDMA_READ_CONSUME_CHECK_CONSUMER) timestamp=10016 ms, used_size=3201024 bytes (7.8%)
(RDMA_READ_CONSUME_CHECK_CONSUMER) timestamp=10016 ms, used_size=3198976 bytes (7.8%)
(RDMA_READ_CONSUME_CHECK_CONSUMER) timestamp=10016 ms, used_size=3196928 bytes (7.8%)
(RDMA_READ_CONSUME_CHECK_CONSUMER) timestamp=10016 ms, used_size=3194880 bytes (7.8%)
(RDMA_READ_CONSUME_CHECK_CONSUMER) timestamp=10016 ms, used_size=3192832 bytes (7.8%)
(RDMA_READ_CONSUME_CHECK_CONSUMER) timestamp=10016 ms, used_size=3190784 bytes (7.8%)
(RDMA_READ_CONSUME_CHECK_CONSUMER) timestamp=10016 ms, used_size=3188736 bytes (7.8%)
(RDMA_READ_CONSUME_CHECK_CONSUMER) timestamp=10016 ms, used_size=3186688 bytes (7.8%)
(RDMA_READ_CONSUME_CHECK_CONSUMER) timestamp=10016 ms, used_size=3184640 bytes (7.8%)
(RDMA_READ_CONSUME_CHECK_CONSUMER) timestamp=10016 ms, used_size=3182592 bytes (7.8%)
(RDMA_READ_CONSUME_CHECK_CONSUMER) timestamp=10016 ms, used_size=3180544 bytes (7.8%)
(RDMA_READ_CONSUME_CHECK_CONSUMER) timestamp=10016 ms, used_size=3178496 bytes (7.8%)
(RDMA_READ_CONSUME_CHECK_CONSUMER) timestamp=10016 ms, used_size=3176448 bytes (7.8%)
(RDMA_READ_CONSUME_CHECK_CONSUMER) timestamp=10016 ms, used_size=3174400 bytes (7.8%)
(RDMA_READ_CONSUME_CHECK_CONSUMER) timestamp=10016 ms, used_size=3172352 bytes (7.7%)
(RDMA_READ_CONSUME_CHECK_CONSUMER) timestamp=10016 ms, used_size=3170304 bytes (7.7%)
(RDMA_READ_CONSUME_CHECK_CONSUMER) timestamp=10016 ms, used_size=3168256 bytes (7.7%)
(RDMA_READ_CONSUME_CHECK_CONSUMER) timestamp=10016 ms, used_size=3166208 bytes (7.7%)
(RDMA_READ_CONSUME_CHECK_CONSUMER) timestamp=10016 ms, used_size=3164160 bytes (7.7%)
(RDMA_READ_CONSUME_CHECK_CONSUMER) timestamp=10016 ms, used_size=3162112 bytes (7.7%)
(RDMA_READ_CONSUME_CHECK_CONSUMER) timestamp=10017 ms, used_size=3160064 bytes (7.7%)
(RDMA_READ_CONSUME_CHECK_CONSUMER) timestamp=10017 ms, used_size=3158016 bytes (7.7%)
(RDMA_READ_CONSUME_CHECK_CONSUMER) timestamp=10017 ms, used_size=3155968 bytes (7.7%)
(RDMA_READ_CONSUME_CHECK_CONSUMER) timestamp=10017 ms, used_size=3153920 bytes (7.7%)
(RDMA_READ_CONSUME_CHECK_CONSUMER) timestamp=10017 ms, used_size=3151872 bytes (7.7%)
(RDMA_READ_CONSUME_CHECK_CONSUMER) timestamp=10017 ms, used_size=3149824 bytes (7.7%)
(RDMA_READ_CONSUME_CHECK_CONSUMER) timestamp=10017 ms, used_size=3147776 bytes (7.7%)
(RDMA_READ_CONSUME_CHECK_CONSUMER) timestamp=10017 ms, used_size=3145728 bytes (7.7%)
(RDMA_READ_CONSUME_CHECK_CONSUMER) timestamp=10017 ms, used_size=3143680 bytes (7.7%)
(RDMA_READ_CONSUME_CHECK_CONSUMER) timestamp=10017 ms, used_size=3141632 bytes (7.7%)
(RDMA_READ_CONSUME_CHECK_CONSUMER) timestamp=10017 ms, used_size=3139584 bytes (7.7%)
(RDMA_READ_CONSUME_CHECK_CONSUMER) timestamp=10017 ms, used_size=3137536 bytes (7.7%)
(RDMA_READ_CONSUME_CHECK_CONSUMER) timestamp=10017 ms, used_size=3135488 bytes (7.7%)
(RDMA_READ_CONSUME_CHECK_CONSUMER) timestamp=10017 ms, used_size=3133440 bytes (7.7%)
(RDMA_READ_CONSUME_CHECK_CONSUMER) timestamp=10017 ms, used_size=3131392 bytes (7.6%)
(RDMA_READ_CONSUME_CHECK_CONSUMER) timestamp=10017 ms, used_size=3129344 bytes (7.6%)
(RDMA_READ_CONSUME_CHECK_CONSUMER) timestamp=10017 ms, used_size=3127296 bytes (7.6%)
(RDMA_READ_CONSUME_CHECK_CONSUMER) timestamp=10017 ms, used_size=3125248 bytes (7.6%)
(RDMA_READ_CONSUME_CHECK_CONSUMER) timestamp=10017 ms, used_size=3123200 bytes (7.6%)
(RDMA_READ_CONSUME_CHECK_CONSUMER) timestamp=10017 ms, used_size=3121152 bytes (7.6%)
(RDMA_READ_CONSUME_CHECK_CONSUMER) timestamp=10017 ms, used_size=3119104 bytes (7.6%)
(RDMA_READ_CONSUME_CHECK_CONSUMER) timestamp=10017 ms, used_size=3117056 bytes (7.6%)
(RDMA_READ_CONSUME_CHECK_CONSUMER) timestamp=10017 ms, used_size=3115008 bytes (7.6%)
(RDMA_READ_CONSUME_CHECK_CONSUMER) timestamp=10017 ms, used_size=3112960 bytes (7.6%)
(RDMA_READ_CONSUME_CHECK_CONSUMER) timestamp=10017 ms, used_size=3110912 bytes (7.6%)
(RDMA_READ_CONSUME_CHECK_CONSUMER) timestamp=10017 ms, used_size=3108864 bytes (7.6%)
(RDMA_READ_CONSUME_CHECK_CONSUMER) timestamp=10017 ms, used_size=3106816 bytes (7.6%)
(RDMA_READ_CONSUME_CHECK_CONSUMER) timestamp=10017 ms, used_size=3104768 bytes (7.6%)
(RDMA_READ_CONSUME_CHECK_CONSUMER) timestamp=10017 ms, used_size=3102720 bytes (7.6%)
(RDMA_READ_CONSUME_CHECK_CONSUMER) timestamp=10017 ms, used_size=3100672 bytes (7.6%)
(RDMA_READ_CONSUME_CHECK_CONSUMER) timestamp=10017 ms, used_size=3098624 bytes (7.6%)
(RDMA_READ_CONSUME_CHECK_CONSUMER) timestamp=10017 ms, used_size=3096576 bytes (7.6%)
(RDMA_READ_CONSUME_CHECK_CONSUMER) timestamp=10017 ms, used_size=3094528 bytes (7.6%)
(RDMA_READ_CONSUME_CHECK_CONSUMER) timestamp=10017 ms, used_size=3092480 bytes (7.5%)
(RDMA_READ_CONSUME_CHECK_CONSUMER) timestamp=10017 ms, used_size=3090432 bytes (7.5%)
(RDMA_READ_CONSUME_CHECK_CONSUMER) timestamp=10017 ms, used_size=3088384 bytes (7.5%)
(RDMA_READ_CONSUME_CHECK_CONSUMER) timestamp=10017 ms, used_size=3086336 bytes (7.5%)
(RDMA_READ_CONSUME_CHECK_CONSUMER) timestamp=10017 ms, used_size=3084288 bytes (7.5%)
(RDMA_READ_CONSUME_CHECK_CONSUMER) timestamp=10017 ms, used_size=3082240 bytes (7.5%)
(RDMA_READ_CONSUME_CHECK_CONSUMER) timestamp=10017 ms, used_size=3080192 bytes (7.5%)
(RDMA_READ_CONSUME_CHECK_CONSUMER) timestamp=10017 ms, used_size=3078144 bytes (7.5%)
(RDMA_READ_CONSUME_CHECK_CONSUMER) timestamp=10017 ms, used_size=3076096 bytes (7.5%)
(RDMA_READ_CONSUME_CHECK_CONSUMER) timestamp=10017 ms, used_size=3074048 bytes (7.5%)
(RDMA_READ_CONSUME_CHECK_CONSUMER) timestamp=10017 ms, used_size=3072000 bytes (7.5%)
(RDMA_READ_CONSUME_CHECK_CONSUMER) timestamp=10017 ms, used_size=3069952 bytes (7.5%)
(RDMA_READ_CONSUME_CHECK_CONSUMER) timestamp=10017 ms, used_size=3067904 bytes (7.5%)
(RDMA_READ_CONSUME_CHECK_CONSUMER) timestamp=10017 ms, used_size=3065856 bytes (7.5%)
(RDMA_READ_CONSUME_CHECK_CONSUMER) timestamp=10017 ms, used_size=3063808 bytes (7.5%)
(RDMA_READ_CONSUME_CHECK_CONSUMER) timestamp=10017 ms, used_size=3061760 bytes (7.5%)
(RDMA_READ_CONSUME_CHECK_CONSUMER) timestamp=10017 ms, used_size=3059712 bytes (7.5%)
(RDMA_READ_CONSUME_CHECK_CONSUMER) timestamp=10017 ms, used_size=3057664 bytes (7.5%)
(RDMA_READ_CONSUME_CHECK_CONSUMER) timestamp=10017 ms, used_size=3055616 bytes (7.5%)
(RDMA_READ_CONSUME_CHECK_CONSUMER) timestamp=10017 ms, used_size=3053568 bytes (7.5%)
(RDMA_READ_CONSUME_CHECK_CONSUMER) timestamp=10017 ms, used_size=3051520 bytes (7.5%)
(RDMA_READ_CONSUME_CHECK_CONSUMER) timestamp=10017 ms, used_size=3049472 bytes (7.4%)
(RDMA_READ_CONSUME_CHECK_CONSUMER) timestamp=10017 ms, used_size=3047424 bytes (7.4%)
(RDMA_READ_CONSUME_CHECK_CONSUMER) timestamp=10017 ms, used_size=3045376 bytes (7.4%)
(RDMA_READ_CONSUME_CHECK_CONSUMER) timestamp=10017 ms, used_size=3043328 bytes (7.4%)
(RDMA_READ_CONSUME_CHECK_CONSUMER) timestamp=10017 ms, used_size=3041280 bytes (7.4%)
(RDMA_READ_CONSUME_CHECK_CONSUMER) timestamp=10017 ms, used_size=3039232 bytes (7.4%)
(RDMA_READ_CONSUME_CHECK_CONSUMER) timestamp=10017 ms, used_size=3037184 bytes (7.4%)
(RDMA_READ_CONSUME_CHECK_CONSUMER) timestamp=10017 ms, used_size=3035136 bytes (7.4%)
(RDMA_READ_CONSUME_CHECK_CONSUMER) timestamp=10017 ms, used_size=3033088 bytes (7.4%)
(RDMA_READ_CONSUME_CHECK_CONSUMER) timestamp=10017 ms, used_size=3031040 bytes (7.4%)
(RDMA_READ_CONSUME_CHECK_CONSUMER) timestamp=10017 ms, used_size=3028992 bytes (7.4%)
(RDMA_READ_CONSUME_CHECK_CONSUMER) timestamp=10017 ms, used_size=3026944 bytes (7.4%)
(RDMA_READ_CONSUME_CHECK_CONSUMER) timestamp=10017 ms, used_size=3024896 bytes (7.4%)
(RDMA_READ_CONSUME_CHECK_CONSUMER) timestamp=10017 ms, used_size=3022848 bytes (7.4%)
(RDMA_READ_CONSUME_CHECK_CONSUMER) timestamp=10017 ms, used_size=3020800 bytes (7.4%)
(RDMA_READ_CONSUME_CHECK_CONSUMER) timestamp=10017 ms, used_size=3018752 bytes (7.4%)
(RDMA_READ_CONSUME_CHECK_CONSUMER) timestamp=10017 ms, used_size=3016704 bytes (7.4%)
(RDMA_READ_CONSUME_CHECK_CONSUMER) timestamp=10017 ms, used_size=3014656 bytes (7.4%)
(RDMA_READ_CONSUME_CHECK_CONSUMER) timestamp=10017 ms, used_size=3012608 bytes (7.4%)
(RDMA_READ_CONSUME_CHECK_CONSUMER) timestamp=10017 ms, used_size=3010560 bytes (7.3%)
(RDMA_READ_CONSUME_CHECK_CONSUMER) timestamp=10017 ms, used_size=3008512 bytes (7.3%)
(RDMA_READ_CONSUME_CHECK_CONSUMER) timestamp=10017 ms, used_size=3006464 bytes (7.3%)
(RDMA_READ_CONSUME_CHECK_CONSUMER) timestamp=10017 ms, used_size=3004416 bytes (7.3%)
(RDMA_READ_CONSUME_CHECK_CONSUMER) timestamp=10017 ms, used_size=3002368 bytes (7.3%)
(RDMA_READ_CONSUME_CHECK_CONSUMER) timestamp=10017 ms, used_size=3000320 bytes (7.3%)
(RDMA_READ_CONSUME_CHECK_CONSUMER) timestamp=10017 ms, used_size=2998272 bytes (7.3%)
(RDMA_READ_CONSUME_CHECK_CONSUMER) timestamp=10017 ms, used_size=2996224 bytes (7.3%)
(RDMA_READ_CONSUME_CHECK_CONSUMER) timestamp=10017 ms, used_size=2994176 bytes (7.3%)
(RDMA_READ_CONSUME_CHECK_CONSUMER) timestamp=10017 ms, used_size=2992128 bytes (7.3%)
(RDMA_READ_CONSUME_CHECK_CONSUMER) timestamp=10017 ms, used_size=2990080 bytes (7.3%)
(RDMA_READ_CONSUME_CHECK_CONSUMER) timestamp=10017 ms, used_size=2988032 bytes (7.3%)
(RDMA_READ_CONSUME_CHECK_CONSUMER) timestamp=10017 ms, used_size=2985984 bytes (7.3%)
(RDMA_READ_CONSUME_CHECK_CONSUMER) timestamp=10017 ms, used_size=2983936 bytes (7.3%)
(RDMA_READ_CONSUME_CHECK_CONSUMER) timestamp=10017 ms, used_size=2981888 bytes (7.3%)
(RDMA_READ_CONSUME_CHECK_CONSUMER) timestamp=10017 ms, used_size=2979840 bytes (7.3%)
(RDMA_READ_CONSUME_CHECK_CONSUMER) timestamp=10017 ms, used_size=2977792 bytes (7.3%)
(RDMA_READ_CONSUME_CHECK_CONSUMER) timestamp=10017 ms, used_size=2975744 bytes (7.3%)
(RDMA_READ_CONSUME_CHECK_CONSUMER) timestamp=10017 ms, used_size=2973696 bytes (7.3%)
(RDMA_READ_CONSUME_CHECK_CONSUMER) timestamp=10017 ms, used_size=2971648 bytes (7.3%)
(RDMA_READ_CONSUME_CHECK_CONSUMER) timestamp=10017 ms, used_size=2969600 bytes (7.2%)
(RDMA_READ_CONSUME_CHECK_CONSUMER) timestamp=10017 ms, used_size=2967552 bytes (7.2%)
(RDMA_READ_CONSUME_CHECK_CONSUMER) timestamp=10017 ms, used_size=2965504 bytes (7.2%)
(RDMA_READ_CONSUME_CHECK_CONSUMER) timestamp=10017 ms, used_size=2963456 bytes (7.2%)
(RDMA_READ_CONSUME_CHECK_CONSUMER) timestamp=10017 ms, used_size=2961408 bytes (7.2%)
(RDMA_READ_CONSUME_CHECK_CONSUMER) timestamp=10017 ms, used_size=2959360 bytes (7.2%)
(RDMA_READ_CONSUME_CHECK_CONSUMER) timestamp=10017 ms, used_size=2957312 bytes (7.2%)
(RDMA_READ_CONSUME_CHECK_CONSUMER) timestamp=10017 ms, used_size=2955264 bytes (7.2%)
(RDMA_READ_CONSUME_CHECK_CONSUMER) timestamp=10017 ms, used_size=2953216 bytes (7.2%)
(RDMA_READ_CONSUME_CHECK_CONSUMER) timestamp=10017 ms, used_size=2951168 bytes (7.2%)
(RDMA_READ_CONSUME_CHECK_CONSUMER) timestamp=10017 ms, used_size=2949120 bytes (7.2%)
(RDMA_READ_CONSUME_CHECK_CONSUMER) timestamp=10017 ms, used_size=2947072 bytes (7.2%)
(RDMA_READ_CONSUME_CHECK_CONSUMER) timestamp=10017 ms, used_size=2945024 bytes (7.2%)
(RDMA_READ_CONSUME_CHECK_CONSUMER) timestamp=10017 ms, used_size=2942976 bytes (7.2%)
(RDMA_READ_CONSUME_CHECK_CONSUMER) timestamp=10017 ms, used_size=2940928 bytes (7.2%)
(RDMA_READ_CONSUME_CHECK_CONSUMER) timestamp=10017 ms, used_size=2938880 bytes (7.2%)
(RDMA_READ_CONSUME_CHECK_CONSUMER) timestamp=10017 ms, used_size=2936832 bytes (7.2%)
(RDMA_READ_CONSUME_CHECK_CONSUMER) timestamp=10017 ms, used_size=2934784 bytes (7.2%)
(RDMA_READ_CONSUME_CHECK_CONSUMER) timestamp=10017 ms, used_size=2932736 bytes (7.2%)
(RDMA_READ_CONSUME_CHECK_CONSUMER) timestamp=10017 ms, used_size=2930688 bytes (7.2%)
(RDMA_READ_CONSUME_CHECK_CONSUMER) timestamp=10017 ms, used_size=2928640 bytes (7.2%)
(RDMA_READ_CONSUME_CHECK_CONSUMER) timestamp=10017 ms, used_size=2926592 bytes (7.1%)
(RDMA_READ_CONSUME_CHECK_CONSUMER) timestamp=10017 ms, used_size=2924544 bytes (7.1%)
(RDMA_READ_CONSUME_CHECK_CONSUMER) timestamp=10017 ms, used_size=2922496 bytes (7.1%)
(RDMA_READ_CONSUME_CHECK_CONSUMER) timestamp=10017 ms, used_size=2920448 bytes (7.1%)
(RDMA_READ_CONSUME_CHECK_CONSUMER) timestamp=10017 ms, used_size=2918400 bytes (7.1%)
(RDMA_READ_CONSUME_CHECK_CONSUMER) timestamp=10017 ms, used_size=2916352 bytes (7.1%)
(RDMA_READ_CONSUME_CHECK_CONSUMER) timestamp=10017 ms, used_size=2914304 bytes (7.1%)
(RDMA_READ_CONSUME_CHECK_CONSUMER) timestamp=10017 ms, used_size=2912256 bytes (7.1%)
(RDMA_READ_CONSUME_CHECK_CONSUMER) timestamp=10017 ms, used_size=2910208 bytes (7.1%)
(RDMA_READ_CONSUME_CHECK_CONSUMER) timestamp=10017 ms, used_size=2908160 bytes (7.1%)
(RDMA_READ_CONSUME_CHECK_CONSUMER) timestamp=10017 ms, used_size=2906112 bytes (7.1%)
(RDMA_READ_CONSUME_CHECK_CONSUMER) timestamp=10017 ms, used_size=2904064 bytes (7.1%)
(RDMA_READ_CONSUME_CHECK_CONSUMER) timestamp=10017 ms, used_size=2902016 bytes (7.1%)
(RDMA_READ_CONSUME_CHECK_CONSUMER) timestamp=10017 ms, used_size=2899968 bytes (7.1%)
(RDMA_READ_CONSUME_CHECK_CONSUMER) timestamp=10017 ms, used_size=2897920 bytes (7.1%)
(RDMA_READ_CONSUME_CHECK_CONSUMER) timestamp=10017 ms, used_size=2895872 bytes (7.1%)
(RDMA_READ_CONSUME_CHECK_CONSUMER) timestamp=10017 ms, used_size=2893824 bytes (7.1%)
(RDMA_READ_CONSUME_CHECK_CONSUMER) timestamp=10017 ms, used_size=2891776 bytes (7.1%)
(RDMA_READ_CONSUME_CHECK_CONSUMER) timestamp=10017 ms, used_size=2889728 bytes (7.1%)
(RDMA_READ_CONSUME_CHECK_CONSUMER) timestamp=10017 ms, used_size=2887680 bytes (7.0%)
(RDMA_READ_CONSUME_CHECK_CONSUMER) timestamp=10017 ms, used_size=2885632 bytes (7.0%)
(RDMA_READ_CONSUME_CHECK_CONSUMER) timestamp=10017 ms, used_size=2883584 bytes (7.0%)
(RDMA_READ_CONSUME_CHECK_CONSUMER) timestamp=10017 ms, used_size=2881536 bytes (7.0%)
(RDMA_READ_CONSUME_CHECK_CONSUMER) timestamp=10017 ms, used_size=2879488 bytes (7.0%)
(RDMA_READ_CONSUME_CHECK_CONSUMER) timestamp=10017 ms, used_size=2877440 bytes (7.0%)
(RDMA_READ_CONSUME_CHECK_CONSUMER) timestamp=10017 ms, used_size=2875392 bytes (7.0%)
(RDMA_READ_CONSUME_CHECK_CONSUMER) timestamp=10017 ms, used_size=2873344 bytes (7.0%)
(RDMA_READ_CONSUME_CHECK_CONSUMER) timestamp=10017 ms, used_size=2871296 bytes (7.0%)
(RDMA_READ_CONSUME_CHECK_CONSUMER) timestamp=10017 ms, used_size=2869248 bytes (7.0%)
(RDMA_READ_CONSUME_CHECK_CONSUMER) timestamp=10017 ms, used_size=2867200 bytes (7.0%)
(RDMA_READ_CONSUME_CHECK_CONSUMER) timestamp=10017 ms, used_size=2865152 bytes (7.0%)
(RDMA_READ_CONSUME_CHECK_CONSUMER) timestamp=10017 ms, used_size=2863104 bytes (7.0%)
(RDMA_READ_CONSUME_CHECK_CONSUMER) timestamp=10017 ms, used_size=2861056 bytes (7.0%)
(RDMA_READ_CONSUME_CHECK_CONSUMER) timestamp=10017 ms, used_size=2859008 bytes (7.0%)
(RDMA_READ_CONSUME_CHECK_CONSUMER) timestamp=10017 ms, used_size=2856960 bytes (7.0%)
(RDMA_READ_CONSUME_CHECK_CONSUMER) timestamp=10017 ms, used_size=2854912 bytes (7.0%)
(RDMA_READ_CONSUME_CHECK_CONSUMER) timestamp=10017 ms, used_size=2852864 bytes (7.0%)
(RDMA_READ_CONSUME_CHECK_CONSUMER) timestamp=10017 ms, used_size=2850816 bytes (7.0%)
(RDMA_READ_CONSUME_CHECK_CONSUMER) timestamp=10017 ms, used_size=2848768 bytes (7.0%)
(RDMA_READ_CONSUME_CHECK_CONSUMER) timestamp=10017 ms, used_size=2846720 bytes (7.0%)
(RDMA_READ_CONSUME_CHECK_CONSUMER) timestamp=10017 ms, used_size=2844672 bytes (6.9%)
(RDMA_READ_CONSUME_CHECK_CONSUMER) timestamp=10017 ms, used_size=2842624 bytes (6.9%)
(RDMA_READ_CONSUME_CHECK_CONSUMER) timestamp=10017 ms, used_size=2840576 bytes (6.9%)
(RDMA_READ_CONSUME_CHECK_CONSUMER) timestamp=10017 ms, used_size=2838528 bytes (6.9%)
(RDMA_READ_CONSUME_CHECK_CONSUMER) timestamp=10017 ms, used_size=2836480 bytes (6.9%)
(RDMA_READ_CONSUME_CHECK_CONSUMER) timestamp=10017 ms, used_size=2834432 bytes (6.9%)
(RDMA_READ_CONSUME_CHECK_CONSUMER) timestamp=10017 ms, used_size=2832384 bytes (6.9%)
(RDMA_READ_CONSUME_CHECK_CONSUMER) timestamp=10017 ms, used_size=2830336 bytes (6.9%)
(RDMA_READ_CONSUME_CHECK_CONSUMER) timestamp=10017 ms, used_size=2828288 bytes (6.9%)
(RDMA_READ_CONSUME_CHECK_CONSUMER) timestamp=10017 ms, used_size=2826240 bytes (6.9%)
(RDMA_READ_CONSUME_CHECK_CONSUMER) timestamp=10017 ms, used_size=2824192 bytes (6.9%)
(RDMA_READ_CONSUME_CHECK_CONSUMER) timestamp=10017 ms, used_size=2822144 bytes (6.9%)
(RDMA_READ_CONSUME_CHECK_CONSUMER) timestamp=10017 ms, used_size=2820096 bytes (6.9%)
(RDMA_READ_CONSUME_CHECK_CONSUMER) timestamp=10017 ms, used_size=2818048 bytes (6.9%)
(RDMA_READ_CONSUME_CHECK_CONSUMER) timestamp=10017 ms, used_size=2816000 bytes (6.9%)
(RDMA_READ_CONSUME_CHECK_CONSUMER) timestamp=10017 ms, used_size=2813952 bytes (6.9%)
(RDMA_READ_CONSUME_CHECK_CONSUMER) timestamp=10017 ms, used_size=2811904 bytes (6.9%)
(RDMA_READ_CONSUME_CHECK_CONSUMER) timestamp=10018 ms, used_size=2809856 bytes (6.9%)
(RDMA_READ_CONSUME_CHECK_CONSUMER) timestamp=10018 ms, used_size=2807808 bytes (6.9%)
(RDMA_READ_CONSUME_CHECK_CONSUMER) timestamp=10018 ms, used_size=2805760 bytes (6.8%)
(RDMA_READ_CONSUME_CHECK_CONSUMER) timestamp=10018 ms, used_size=2803712 bytes (6.8%)
(RDMA_READ_CONSUME_CHECK_CONSUMER) timestamp=10018 ms, used_size=2801664 bytes (6.8%)
(RDMA_READ_CONSUME_CHECK_CONSUMER) timestamp=10018 ms, used_size=2799616 bytes (6.8%)
(RDMA_READ_CONSUME_CHECK_CONSUMER) timestamp=10018 ms, used_size=2797568 bytes (6.8%)
(RDMA_READ_CONSUME_CHECK_CONSUMER) timestamp=10018 ms, used_size=2795520 bytes (6.8%)
(RDMA_READ_CONSUME_CHECK_CONSUMER) timestamp=10018 ms, used_size=2793472 bytes (6.8%)
(RDMA_READ_CONSUME_CHECK_CONSUMER) timestamp=10018 ms, used_size=2791424 bytes (6.8%)
(RDMA_READ_CONSUME_CHECK_CONSUMER) timestamp=10018 ms, used_size=2789376 bytes (6.8%)
(RDMA_READ_CONSUME_CHECK_CONSUMER) timestamp=10018 ms, used_size=2787328 bytes (6.8%)
(RDMA_READ_CONSUME_CHECK_CONSUMER) timestamp=10018 ms, used_size=2785280 bytes (6.8%)
(RDMA_READ_CONSUME_CHECK_CONSUMER) timestamp=10018 ms, used_size=2783232 bytes (6.8%)
(RDMA_READ_CONSUME_CHECK_CONSUMER) timestamp=10018 ms, used_size=2781184 bytes (6.8%)
(RDMA_READ_CONSUME_CHECK_CONSUMER) timestamp=10018 ms, used_size=2779136 bytes (6.8%)
(RDMA_READ_CONSUME_CHECK_CONSUMER) timestamp=10018 ms, used_size=2777088 bytes (6.8%)
(RDMA_READ_CONSUME_CHECK_CONSUMER) timestamp=10018 ms, used_size=2775040 bytes (6.8%)
(RDMA_READ_CONSUME_CHECK_CONSUMER) timestamp=10018 ms, used_size=2772992 bytes (6.8%)
(RDMA_READ_CONSUME_CHECK_CONSUMER) timestamp=10018 ms, used_size=2770944 bytes (6.8%)
(RDMA_READ_CONSUME_CHECK_CONSUMER) timestamp=10018 ms, used_size=2768896 bytes (6.8%)
(RDMA_READ_CONSUME_CHECK_CONSUMER) timestamp=10018 ms, used_size=2766848 bytes (6.8%)
(RDMA_READ_CONSUME_CHECK_CONSUMER) timestamp=10018 ms, used_size=2764800 bytes (6.8%)
(RDMA_READ_CONSUME_CHECK_CONSUMER) timestamp=10018 ms, used_size=2762752 bytes (6.7%)
(RDMA_READ_CONSUME_CHECK_CONSUMER) timestamp=10018 ms, used_size=2760704 bytes (6.7%)
(RDMA_READ_CONSUME_CHECK_CONSUMER) timestamp=10018 ms, used_size=2758656 bytes (6.7%)
(RDMA_READ_CONSUME_CHECK_CONSUMER) timestamp=10018 ms, used_size=2756608 bytes (6.7%)
(RDMA_READ_CONSUME_CHECK_CONSUMER) timestamp=10018 ms, used_size=2754560 bytes (6.7%)
(RDMA_READ_CONSUME_CHECK_CONSUMER) timestamp=10018 ms, used_size=2752512 bytes (6.7%)
(RDMA_READ_CONSUME_CHECK_CONSUMER) timestamp=10018 ms, used_size=2750464 bytes (6.7%)
(RDMA_READ_CONSUME_CHECK_CONSUMER) timestamp=10018 ms, used_size=2748416 bytes (6.7%)
(RDMA_READ_CONSUME_CHECK_CONSUMER) timestamp=10018 ms, used_size=2746368 bytes (6.7%)
(RDMA_READ_CONSUME_CHECK_CONSUMER) timestamp=10018 ms, used_size=2744320 bytes (6.7%)
(RDMA_READ_CONSUME_CHECK_CONSUMER) timestamp=10018 ms, used_size=2742272 bytes (6.7%)
(RDMA_READ_CONSUME_CHECK_CONSUMER) timestamp=10018 ms, used_size=2740224 bytes (6.7%)
(RDMA_READ_CONSUME_CHECK_CONSUMER) timestamp=10018 ms, used_size=2738176 bytes (6.7%)
(RDMA_READ_CONSUME_CHECK_CONSUMER) timestamp=10018 ms, used_size=2736128 bytes (6.7%)
(RDMA_READ_CONSUME_CHECK_CONSUMER) timestamp=10018 ms, used_size=2734080 bytes (6.7%)
(RDMA_READ_CONSUME_CHECK_CONSUMER) timestamp=10018 ms, used_size=2732032 bytes (6.7%)
(RDMA_READ_CONSUME_CHECK_CONSUMER) timestamp=10018 ms, used_size=2729984 bytes (6.7%)
(RDMA_READ_CONSUME_CHECK_CONSUMER) timestamp=10018 ms, used_size=2727936 bytes (6.7%)
(RDMA_READ_CONSUME_CHECK_CONSUMER) timestamp=10018 ms, used_size=2725888 bytes (6.7%)
(RDMA_READ_CONSUME_CHECK_CONSUMER) timestamp=10018 ms, used_size=2723840 bytes (6.7%)
(RDMA_READ_CONSUME_CHECK_CONSUMER) timestamp=10018 ms, used_size=2721792 bytes (6.6%)
(RDMA_READ_CONSUME_CHECK_CONSUMER) timestamp=10018 ms, used_size=2719744 bytes (6.6%)
(RDMA_READ_CONSUME_CHECK_CONSUMER) timestamp=10018 ms, used_size=2717696 bytes (6.6%)
(RDMA_READ_CONSUME_CHECK_CONSUMER) timestamp=10018 ms, used_size=2715648 bytes (6.6%)
(RDMA_READ_CONSUME_CHECK_CONSUMER) timestamp=10018 ms, used_size=2713600 bytes (6.6%)
(RDMA_READ_CONSUME_CHECK_CONSUMER) timestamp=10018 ms, used_size=2711552 bytes (6.6%)
(RDMA_READ_CONSUME_CHECK_CONSUMER) timestamp=10018 ms, used_size=2709504 bytes (6.6%)
(RDMA_READ_CONSUME_CHECK_CONSUMER) timestamp=10018 ms, used_size=2707456 bytes (6.6%)
(RDMA_READ_CONSUME_CHECK_CONSUMER) timestamp=10018 ms, used_size=2705408 bytes (6.6%)
(RDMA_READ_CONSUME_CHECK_CONSUMER) timestamp=10018 ms, used_size=2703360 bytes (6.6%)
(RDMA_READ_CONSUME_CHECK_CONSUMER) timestamp=10018 ms, used_size=2701312 bytes (6.6%)
(RDMA_READ_CONSUME_CHECK_CONSUMER) timestamp=10018 ms, used_size=2699264 bytes (6.6%)
(RDMA_READ_CONSUME_CHECK_CONSUMER) timestamp=10018 ms, used_size=2697216 bytes (6.6%)
(RDMA_READ_CONSUME_CHECK_CONSUMER) timestamp=10018 ms, used_size=2695168 bytes (6.6%)
(RDMA_READ_CONSUME_CHECK_CONSUMER) timestamp=10018 ms, used_size=2693120 bytes (6.6%)
(RDMA_READ_CONSUME_CHECK_CONSUMER) timestamp=10018 ms, used_size=2691072 bytes (6.6%)
(RDMA_READ_CONSUME_CHECK_CONSUMER) timestamp=10018 ms, used_size=2689024 bytes (6.6%)
(RDMA_READ_CONSUME_CHECK_CONSUMER) timestamp=10018 ms, used_size=2686976 bytes (6.6%)
(RDMA_READ_CONSUME_CHECK_CONSUMER) timestamp=10018 ms, used_size=2684928 bytes (6.6%)
(RDMA_READ_CONSUME_CHECK_CONSUMER) timestamp=10018 ms, used_size=2682880 bytes (6.5%)
(RDMA_READ_CONSUME_CHECK_CONSUMER) timestamp=10018 ms, used_size=2680832 bytes (6.5%)
(RDMA_READ_CONSUME_CHECK_CONSUMER) timestamp=10018 ms, used_size=2678784 bytes (6.5%)
(RDMA_READ_CONSUME_CHECK_CONSUMER) timestamp=10018 ms, used_size=2676736 bytes (6.5%)
(RDMA_READ_CONSUME_CHECK_CONSUMER) timestamp=10018 ms, used_size=2674688 bytes (6.5%)
(RDMA_READ_CONSUME_CHECK_CONSUMER) timestamp=10018 ms, used_size=2672640 bytes (6.5%)
(RDMA_READ_CONSUME_CHECK_CONSUMER) timestamp=10018 ms, used_size=2670592 bytes (6.5%)
(RDMA_READ_CONSUME_CHECK_CONSUMER) timestamp=10018 ms, used_size=2668544 bytes (6.5%)
(RDMA_READ_CONSUME_CHECK_CONSUMER) timestamp=10018 ms, used_size=2666496 bytes (6.5%)
(RDMA_READ_CONSUME_CHECK_CONSUMER) timestamp=10018 ms, used_size=2664448 bytes (6.5%)
(RDMA_READ_CONSUME_CHECK_CONSUMER) timestamp=10018 ms, used_size=2662400 bytes (6.5%)
(RDMA_READ_CONSUME_CHECK_CONSUMER) timestamp=10018 ms, used_size=2660352 bytes (6.5%)
(RDMA_READ_CONSUME_CHECK_CONSUMER) timestamp=10018 ms, used_size=2658304 bytes (6.5%)
(RDMA_READ_CONSUME_CHECK_CONSUMER) timestamp=10018 ms, used_size=2656256 bytes (6.5%)
(RDMA_READ_CONSUME_CHECK_CONSUMER) timestamp=10018 ms, used_size=2654208 bytes (6.5%)
(RDMA_READ_CONSUME_CHECK_CONSUMER) timestamp=10018 ms, used_size=2652160 bytes (6.5%)
(RDMA_READ_CONSUME_CHECK_CONSUMER) timestamp=10018 ms, used_size=2650112 bytes (6.5%)
(RDMA_READ_CONSUME_CHECK_CONSUMER) timestamp=10018 ms, used_size=2648064 bytes (6.5%)
(RDMA_READ_CONSUME_CHECK_CONSUMER) timestamp=10018 ms, used_size=2646016 bytes (6.5%)
(RDMA_READ_CONSUME_CHECK_CONSUMER) timestamp=10018 ms, used_size=2643968 bytes (6.5%)
(RDMA_READ_CONSUME_CHECK_CONSUMER) timestamp=10018 ms, used_size=2641920 bytes (6.5%)
(RDMA_READ_CONSUME_CHECK_CONSUMER) timestamp=10018 ms, used_size=2639872 bytes (6.4%)
(RDMA_READ_CONSUME_CHECK_CONSUMER) timestamp=10018 ms, used_size=2637824 bytes (6.4%)
(RDMA_READ_CONSUME_CHECK_CONSUMER) timestamp=10018 ms, used_size=2635776 bytes (6.4%)
(RDMA_READ_CONSUME_CHECK_CONSUMER) timestamp=10018 ms, used_size=2633728 bytes (6.4%)
(RDMA_READ_CONSUME_CHECK_CONSUMER) timestamp=10018 ms, used_size=2631680 bytes (6.4%)
(RDMA_READ_CONSUME_CHECK_CONSUMER) timestamp=10018 ms, used_size=2629632 bytes (6.4%)
(RDMA_READ_CONSUME_CHECK_CONSUMER) timestamp=10018 ms, used_size=2627584 bytes (6.4%)
(RDMA_READ_CONSUME_CHECK_CONSUMER) timestamp=10018 ms, used_size=2625536 bytes (6.4%)
(RDMA_READ_CONSUME_CHECK_CONSUMER) timestamp=10018 ms, used_size=2623488 bytes (6.4%)
(RDMA_READ_CONSUME_CHECK_CONSUMER) timestamp=10018 ms, used_size=2621440 bytes (6.4%)
(RDMA_READ_CONSUME_CHECK_CONSUMER) timestamp=10018 ms, used_size=2619392 bytes (6.4%)
(RDMA_READ_CONSUME_CHECK_CONSUMER) timestamp=10018 ms, used_size=2617344 bytes (6.4%)
(RDMA_READ_CONSUME_CHECK_CONSUMER) timestamp=10018 ms, used_size=2615296 bytes (6.4%)
(RDMA_READ_CONSUME_CHECK_CONSUMER) timestamp=10018 ms, used_size=2613248 bytes (6.4%)
(RDMA_READ_CONSUME_CHECK_CONSUMER) timestamp=10018 ms, used_size=2611200 bytes (6.4%)
(RDMA_READ_CONSUME_CHECK_CONSUMER) timestamp=10018 ms, used_size=2609152 bytes (6.4%)
(RDMA_READ_CONSUME_CHECK_CONSUMER) timestamp=10018 ms, used_size=2607104 bytes (6.4%)
(RDMA_READ_CONSUME_CHECK_CONSUMER) timestamp=10018 ms, used_size=2605056 bytes (6.4%)
(RDMA_READ_CONSUME_CHECK_CONSUMER) timestamp=10018 ms, used_size=2603008 bytes (6.4%)
(RDMA_READ_CONSUME_CHECK_CONSUMER) timestamp=10018 ms, used_size=2600960 bytes (6.3%)
(RDMA_READ_CONSUME_CHECK_CONSUMER) timestamp=10018 ms, used_size=2598912 bytes (6.3%)
(RDMA_READ_CONSUME_CHECK_CONSUMER) timestamp=10018 ms, used_size=2596864 bytes (6.3%)
(RDMA_READ_CONSUME_CHECK_CONSUMER) timestamp=10018 ms, used_size=2594816 bytes (6.3%)
(RDMA_READ_CONSUME_CHECK_CONSUMER) timestamp=10018 ms, used_size=2592768 bytes (6.3%)
(RDMA_READ_CONSUME_CHECK_CONSUMER) timestamp=10018 ms, used_size=2590720 bytes (6.3%)
(RDMA_READ_CONSUME_CHECK_CONSUMER) timestamp=10018 ms, used_size=2588672 bytes (6.3%)
(RDMA_READ_CONSUME_CHECK_CONSUMER) timestamp=10018 ms, used_size=2586624 bytes (6.3%)
(RDMA_READ_CONSUME_CHECK_CONSUMER) timestamp=10018 ms, used_size=2584576 bytes (6.3%)
(RDMA_READ_CONSUME_CHECK_CONSUMER) timestamp=10018 ms, used_size=2582528 bytes (6.3%)
(RDMA_READ_CONSUME_CHECK_CONSUMER) timestamp=10018 ms, used_size=2580480 bytes (6.3%)
(RDMA_READ_CONSUME_CHECK_CONSUMER) timestamp=10018 ms, used_size=2578432 bytes (6.3%)
(RDMA_READ_CONSUME_CHECK_CONSUMER) timestamp=10018 ms, used_size=2576384 bytes (6.3%)
(RDMA_READ_CONSUME_CHECK_CONSUMER) timestamp=10018 ms, used_size=2574336 bytes (6.3%)
(RDMA_READ_CONSUME_CHECK_CONSUMER) timestamp=10018 ms, used_size=2572288 bytes (6.3%)
(RDMA_READ_CONSUME_CHECK_CONSUMER) timestamp=10018 ms, used_size=2570240 bytes (6.3%)
(RDMA_READ_CONSUME_CHECK_CONSUMER) timestamp=10018 ms, used_size=2568192 bytes (6.3%)
(RDMA_READ_CONSUME_CHECK_CONSUMER) timestamp=10018 ms, used_size=2566144 bytes (6.3%)
(RDMA_READ_CONSUME_CHECK_CONSUMER) timestamp=10018 ms, used_size=2564096 bytes (6.3%)
(RDMA_READ_CONSUME_CHECK_CONSUMER) timestamp=10018 ms, used_size=2562048 bytes (6.3%)
(RDMA_READ_CONSUME_CHECK_CONSUMER) timestamp=10018 ms, used_size=2560000 bytes (6.2%)
(RDMA_READ_CONSUME_CHECK_CONSUMER) timestamp=10018 ms, used_size=2557952 bytes (6.2%)
(RDMA_READ_CONSUME_CHECK_CONSUMER) timestamp=10018 ms, used_size=2555904 bytes (6.2%)
(RDMA_READ_CONSUME_CHECK_CONSUMER) timestamp=10018 ms, used_size=2553856 bytes (6.2%)
(RDMA_READ_CONSUME_CHECK_CONSUMER) timestamp=10018 ms, used_size=2551808 bytes (6.2%)
(RDMA_READ_CONSUME_CHECK_CONSUMER) timestamp=10018 ms, used_size=2549760 bytes (6.2%)
(RDMA_READ_CONSUME_CHECK_CONSUMER) timestamp=10018 ms, used_size=2547712 bytes (6.2%)
(RDMA_READ_CONSUME_CHECK_CONSUMER) timestamp=10018 ms, used_size=2545664 bytes (6.2%)
(RDMA_READ_CONSUME_CHECK_CONSUMER) timestamp=10018 ms, used_size=2543616 bytes (6.2%)
(RDMA_READ_CONSUME_CHECK_CONSUMER) timestamp=10018 ms, used_size=2541568 bytes (6.2%)
(RDMA_READ_CONSUME_CHECK_CONSUMER) timestamp=10018 ms, used_size=2539520 bytes (6.2%)
(RDMA_READ_CONSUME_CHECK_CONSUMER) timestamp=10018 ms, used_size=2537472 bytes (6.2%)
(RDMA_READ_CONSUME_CHECK_CONSUMER) timestamp=10018 ms, used_size=2535424 bytes (6.2%)
(RDMA_READ_CONSUME_CHECK_CONSUMER) timestamp=10018 ms, used_size=2533376 bytes (6.2%)
(RDMA_READ_CONSUME_CHECK_CONSUMER) timestamp=10018 ms, used_size=2531328 bytes (6.2%)
(RDMA_READ_CONSUME_CHECK_CONSUMER) timestamp=10018 ms, used_size=2529280 bytes (6.2%)
(RDMA_READ_CONSUME_CHECK_CONSUMER) timestamp=10018 ms, used_size=2527232 bytes (6.2%)
(RDMA_READ_CONSUME_CHECK_CONSUMER) timestamp=10018 ms, used_size=2525184 bytes (6.2%)
(RDMA_READ_CONSUME_CHECK_CONSUMER) timestamp=10018 ms, used_size=2523136 bytes (6.2%)
(RDMA_READ_CONSUME_CHECK_CONSUMER) timestamp=10018 ms, used_size=2521088 bytes (6.2%)
(RDMA_READ_CONSUME_CHECK_CONSUMER) timestamp=10018 ms, used_size=2519040 bytes (6.2%)
(RDMA_READ_CONSUME_CHECK_CONSUMER) timestamp=10018 ms, used_size=2516992 bytes (6.1%)
(RDMA_READ_CONSUME_CHECK_CONSUMER) timestamp=10018 ms, used_size=2514944 bytes (6.1%)
(RDMA_READ_CONSUME_CHECK_CONSUMER) timestamp=10018 ms, used_size=2512896 bytes (6.1%)
(RDMA_READ_CONSUME_CHECK_CONSUMER) timestamp=10018 ms, used_size=2510848 bytes (6.1%)
(RDMA_READ_CONSUME_CHECK_CONSUMER) timestamp=10018 ms, used_size=2508800 bytes (6.1%)
(RDMA_READ_CONSUME_CHECK_CONSUMER) timestamp=10018 ms, used_size=2506752 bytes (6.1%)
(RDMA_READ_CONSUME_CHECK_CONSUMER) timestamp=10018 ms, used_size=2504704 bytes (6.1%)
(RDMA_READ_CONSUME_CHECK_CONSUMER) timestamp=10018 ms, used_size=2502656 bytes (6.1%)
(RDMA_READ_CONSUME_CHECK_CONSUMER) timestamp=10018 ms, used_size=2500608 bytes (6.1%)
(RDMA_READ_CONSUME_CHECK_CONSUMER) timestamp=10018 ms, used_size=2498560 bytes (6.1%)
(RDMA_READ_CONSUME_CHECK_CONSUMER) timestamp=10018 ms, used_size=2496512 bytes (6.1%)
(RDMA_READ_CONSUME_CHECK_CONSUMER) timestamp=10018 ms, used_size=2494464 bytes (6.1%)
(RDMA_READ_CONSUME_CHECK_CONSUMER) timestamp=10018 ms, used_size=2492416 bytes (6.1%)
(RDMA_READ_CONSUME_CHECK_CONSUMER) timestamp=10018 ms, used_size=2490368 bytes (6.1%)
(RDMA_READ_CONSUME_CHECK_CONSUMER) timestamp=10018 ms, used_size=2488320 bytes (6.1%)
(RDMA_READ_CONSUME_CHECK_CONSUMER) timestamp=10018 ms, used_size=2486272 bytes (6.1%)
(RDMA_READ_CONSUME_CHECK_CONSUMER) timestamp=10018 ms, used_size=2484224 bytes (6.1%)
(RDMA_READ_CONSUME_CHECK_CONSUMER) timestamp=10018 ms, used_size=2482176 bytes (6.1%)
(RDMA_READ_CONSUME_CHECK_CONSUMER) timestamp=10018 ms, used_size=2480128 bytes (6.1%)
(RDMA_READ_CONSUME_CHECK_CONSUMER) timestamp=10018 ms, used_size=2478080 bytes (6.0%)
(RDMA_READ_CONSUME_CHECK_CONSUMER) timestamp=10018 ms, used_size=2476032 bytes (6.0%)
(RDMA_READ_CONSUME_CHECK_CONSUMER) timestamp=10018 ms, used_size=2473984 bytes (6.0%)
(RDMA_READ_CONSUME_CHECK_CONSUMER) timestamp=10018 ms, used_size=2471936 bytes (6.0%)
(RDMA_READ_CONSUME_CHECK_CONSUMER) timestamp=10018 ms, used_size=2469888 bytes (6.0%)
(RDMA_READ_CONSUME_CHECK_CONSUMER) timestamp=10018 ms, used_size=2467840 bytes (6.0%)
(RDMA_READ_CONSUME_CHECK_CONSUMER) timestamp=10018 ms, used_size=2465792 bytes (6.0%)
(RDMA_READ_CONSUME_CHECK_CONSUMER) timestamp=10018 ms, used_size=2463744 bytes (6.0%)
(RDMA_READ_CONSUME_CHECK_CONSUMER) timestamp=10018 ms, used_size=2461696 bytes (6.0%)
(RDMA_READ_CONSUME_CHECK_CONSUMER) timestamp=10018 ms, used_size=2459648 bytes (6.0%)
(RDMA_READ_CONSUME_CHECK_CONSUMER) timestamp=10018 ms, used_size=2457600 bytes (6.0%)
(RDMA_READ_CONSUME_CHECK_CONSUMER) timestamp=10019 ms, used_size=2455552 bytes (6.0%)
(RDMA_READ_CONSUME_CHECK_CONSUMER) timestamp=10019 ms, used_size=2453504 bytes (6.0%)
(RDMA_READ_CONSUME_CHECK_CONSUMER) timestamp=10019 ms, used_size=2451456 bytes (6.0%)
(RDMA_READ_CONSUME_CHECK_CONSUMER) timestamp=10019 ms, used_size=2449408 bytes (6.0%)
(RDMA_READ_CONSUME_CHECK_CONSUMER) timestamp=10019 ms, used_size=2447360 bytes (6.0%)
(RDMA_READ_CONSUME_CHECK_CONSUMER) timestamp=10019 ms, used_size=2445312 bytes (6.0%)
(RDMA_READ_CONSUME_CHECK_CONSUMER) timestamp=10019 ms, used_size=2443264 bytes (6.0%)
(RDMA_READ_CONSUME_CHECK_CONSUMER) timestamp=10019 ms, used_size=2441216 bytes (6.0%)
(RDMA_READ_CONSUME_CHECK_CONSUMER) timestamp=10019 ms, used_size=2439168 bytes (6.0%)
(RDMA_READ_CONSUME_CHECK_CONSUMER) timestamp=10019 ms, used_size=2437120 bytes (6.0%)
(RDMA_READ_CONSUME_CHECK_CONSUMER) timestamp=10019 ms, used_size=2435072 bytes (5.9%)
(RDMA_READ_CONSUME_CHECK_CONSUMER) timestamp=10019 ms, used_size=2433024 bytes (5.9%)
(RDMA_READ_CONSUME_CHECK_CONSUMER) timestamp=10019 ms, used_size=2430976 bytes (5.9%)
(RDMA_READ_CONSUME_CHECK_CONSUMER) timestamp=10019 ms, used_size=2428928 bytes (5.9%)
(RDMA_READ_CONSUME_CHECK_CONSUMER) timestamp=10019 ms, used_size=2426880 bytes (5.9%)
(RDMA_READ_CONSUME_CHECK_CONSUMER) timestamp=10019 ms, used_size=2424832 bytes (5.9%)
(RDMA_READ_CONSUME_CHECK_CONSUMER) timestamp=10019 ms, used_size=2422784 bytes (5.9%)
(RDMA_READ_CONSUME_CHECK_CONSUMER) timestamp=10019 ms, used_size=2420736 bytes (5.9%)
(RDMA_READ_CONSUME_CHECK_CONSUMER) timestamp=10019 ms, used_size=2418688 bytes (5.9%)
(RDMA_READ_CONSUME_CHECK_CONSUMER) timestamp=10019 ms, used_size=2416640 bytes (5.9%)
(RDMA_READ_CONSUME_CHECK_CONSUMER) timestamp=10019 ms, used_size=2414592 bytes (5.9%)
(RDMA_READ_CONSUME_CHECK_CONSUMER) timestamp=10019 ms, used_size=2412544 bytes (5.9%)
(RDMA_READ_CONSUME_CHECK_CONSUMER) timestamp=10019 ms, used_size=2410496 bytes (5.9%)
(RDMA_READ_CONSUME_CHECK_CONSUMER) timestamp=10019 ms, used_size=2408448 bytes (5.9%)
(RDMA_READ_CONSUME_CHECK_CONSUMER) timestamp=10019 ms, used_size=2406400 bytes (5.9%)
(RDMA_READ_CONSUME_CHECK_CONSUMER) timestamp=10019 ms, used_size=2404352 bytes (5.9%)
(RDMA_READ_CONSUME_CHECK_CONSUMER) timestamp=10019 ms, used_size=2402304 bytes (5.9%)
(RDMA_READ_CONSUME_CHECK_CONSUMER) timestamp=10019 ms, used_size=2400256 bytes (5.9%)
(RDMA_READ_CONSUME_CHECK_CONSUMER) timestamp=10019 ms, used_size=2398208 bytes (5.9%)
(RDMA_READ_CONSUME_CHECK_CONSUMER) timestamp=10019 ms, used_size=2396160 bytes (5.8%)
(RDMA_READ_CONSUME_CHECK_CONSUMER) timestamp=10019 ms, used_size=2394112 bytes (5.8%)
(RDMA_READ_CONSUME_CHECK_CONSUMER) timestamp=10019 ms, used_size=2392064 bytes (5.8%)
(RDMA_READ_CONSUME_CHECK_CONSUMER) timestamp=10019 ms, used_size=2390016 bytes (5.8%)
(RDMA_READ_CONSUME_CHECK_CONSUMER) timestamp=10019 ms, used_size=2387968 bytes (5.8%)
(RDMA_READ_CONSUME_CHECK_CONSUMER) timestamp=10019 ms, used_size=2385920 bytes (5.8%)
(RDMA_READ_CONSUME_CHECK_CONSUMER) timestamp=10019 ms, used_size=2383872 bytes (5.8%)
(RDMA_READ_CONSUME_CHECK_CONSUMER) timestamp=10019 ms, used_size=2381824 bytes (5.8%)
(RDMA_READ_CONSUME_CHECK_CONSUMER) timestamp=10019 ms, used_size=2379776 bytes (5.8%)
(RDMA_READ_CONSUME_CHECK_CONSUMER) timestamp=10019 ms, used_size=2377728 bytes (5.8%)
(RDMA_READ_CONSUME_CHECK_CONSUMER) timestamp=10019 ms, used_size=2375680 bytes (5.8%)
(RDMA_READ_CONSUME_CHECK_CONSUMER) timestamp=10019 ms, used_size=2373632 bytes (5.8%)
(RDMA_READ_CONSUME_CHECK_CONSUMER) timestamp=10019 ms, used_size=2371584 bytes (5.8%)
(RDMA_READ_CONSUME_CHECK_CONSUMER) timestamp=10019 ms, used_size=2369536 bytes (5.8%)
(RDMA_READ_CONSUME_CHECK_CONSUMER) timestamp=10019 ms, used_size=2367488 bytes (5.8%)
(RDMA_READ_CONSUME_CHECK_CONSUMER) timestamp=10019 ms, used_size=2365440 bytes (5.8%)
(RDMA_READ_CONSUME_CHECK_CONSUMER) timestamp=10019 ms, used_size=2363392 bytes (5.8%)
(RDMA_READ_CONSUME_CHECK_CONSUMER) timestamp=10019 ms, used_size=2361344 bytes (5.8%)
(RDMA_READ_CONSUME_CHECK_CONSUMER) timestamp=10019 ms, used_size=2359296 bytes (5.8%)
(RDMA_READ_CONSUME_CHECK_CONSUMER) timestamp=10019 ms, used_size=2357248 bytes (5.8%)
(RDMA_READ_CONSUME_CHECK_CONSUMER) timestamp=10019 ms, used_size=2355200 bytes (5.8%)
(RDMA_READ_CONSUME_CHECK_CONSUMER) timestamp=10019 ms, used_size=2353152 bytes (5.7%)
(RDMA_READ_CONSUME_CHECK_CONSUMER) timestamp=10019 ms, used_size=2351104 bytes (5.7%)
(RDMA_READ_CONSUME_CHECK_CONSUMER) timestamp=10019 ms, used_size=2349056 bytes (5.7%)
(RDMA_READ_CONSUME_CHECK_CONSUMER) timestamp=10019 ms, used_size=2347008 bytes (5.7%)
(RDMA_READ_CONSUME_CHECK_CONSUMER) timestamp=10019 ms, used_size=2344960 bytes (5.7%)
(RDMA_READ_CONSUME_CHECK_CONSUMER) timestamp=10019 ms, used_size=2342912 bytes (5.7%)
(RDMA_READ_CONSUME_CHECK_CONSUMER) timestamp=10019 ms, used_size=2340864 bytes (5.7%)
(RDMA_READ_CONSUME_CHECK_CONSUMER) timestamp=10019 ms, used_size=2338816 bytes (5.7%)
(RDMA_READ_CONSUME_CHECK_CONSUMER) timestamp=10019 ms, used_size=2336768 bytes (5.7%)
(RDMA_READ_CONSUME_CHECK_CONSUMER) timestamp=10019 ms, used_size=2334720 bytes (5.7%)
(RDMA_READ_CONSUME_CHECK_CONSUMER) timestamp=10019 ms, used_size=2332672 bytes (5.7%)
(RDMA_READ_CONSUME_CHECK_CONSUMER) timestamp=10019 ms, used_size=2330624 bytes (5.7%)
(RDMA_READ_CONSUME_CHECK_CONSUMER) timestamp=10019 ms, used_size=2328576 bytes (5.7%)
(RDMA_READ_CONSUME_CHECK_CONSUMER) timestamp=10019 ms, used_size=2326528 bytes (5.7%)
(RDMA_READ_CONSUME_CHECK_CONSUMER) timestamp=10019 ms, used_size=2324480 bytes (5.7%)
(RDMA_READ_CONSUME_CHECK_CONSUMER) timestamp=10019 ms, used_size=2322432 bytes (5.7%)
(RDMA_READ_CONSUME_CHECK_CONSUMER) timestamp=10019 ms, used_size=2320384 bytes (5.7%)
(RDMA_READ_CONSUME_CHECK_CONSUMER) timestamp=10019 ms, used_size=2318336 bytes (5.7%)
(RDMA_READ_CONSUME_CHECK_CONSUMER) timestamp=10019 ms, used_size=2316288 bytes (5.7%)
(RDMA_READ_CONSUME_CHECK_CONSUMER) timestamp=10019 ms, used_size=2314240 bytes (5.7%)
(RDMA_READ_CONSUME_CHECK_CONSUMER) timestamp=10019 ms, used_size=2312192 bytes (5.6%)
(RDMA_READ_CONSUME_CHECK_CONSUMER) timestamp=10019 ms, used_size=2310144 bytes (5.6%)
(RDMA_READ_CONSUME_CHECK_CONSUMER) timestamp=10019 ms, used_size=2308096 bytes (5.6%)
(RDMA_READ_CONSUME_CHECK_CONSUMER) timestamp=10019 ms, used_size=2306048 bytes (5.6%)
(RDMA_READ_CONSUME_CHECK_CONSUMER) timestamp=10019 ms, used_size=2304000 bytes (5.6%)
(RDMA_READ_CONSUME_CHECK_CONSUMER) timestamp=10019 ms, used_size=2301952 bytes (5.6%)
(RDMA_READ_CONSUME_CHECK_CONSUMER) timestamp=10019 ms, used_size=2299904 bytes (5.6%)
(RDMA_READ_CONSUME_CHECK_CONSUMER) timestamp=10019 ms, used_size=2297856 bytes (5.6%)
(RDMA_READ_CONSUME_CHECK_CONSUMER) timestamp=10019 ms, used_size=2295808 bytes (5.6%)
(RDMA_READ_CONSUME_CHECK_CONSUMER) timestamp=10019 ms, used_size=2293760 bytes (5.6%)
(RDMA_READ_CONSUME_CHECK_CONSUMER) timestamp=10019 ms, used_size=2291712 bytes (5.6%)
(RDMA_READ_CONSUME_CHECK_CONSUMER) timestamp=10019 ms, used_size=2289664 bytes (5.6%)
(RDMA_READ_CONSUME_CHECK_CONSUMER) timestamp=10019 ms, used_size=2287616 bytes (5.6%)
(RDMA_READ_CONSUME_CHECK_CONSUMER) timestamp=10019 ms, used_size=2285568 bytes (5.6%)
(RDMA_READ_CONSUME_CHECK_CONSUMER) timestamp=10019 ms, used_size=2283520 bytes (5.6%)
(RDMA_READ_CONSUME_CHECK_CONSUMER) timestamp=10019 ms, used_size=2281472 bytes (5.6%)
(RDMA_READ_CONSUME_CHECK_CONSUMER) timestamp=10019 ms, used_size=2279424 bytes (5.6%)
(RDMA_READ_CONSUME_CHECK_CONSUMER) timestamp=10019 ms, used_size=2277376 bytes (5.6%)
(RDMA_READ_CONSUME_CHECK_CONSUMER) timestamp=10019 ms, used_size=2275328 bytes (5.6%)
(RDMA_READ_CONSUME_CHECK_CONSUMER) timestamp=10019 ms, used_size=2273280 bytes (5.5%)
(RDMA_READ_CONSUME_CHECK_CONSUMER) timestamp=10019 ms, used_size=2271232 bytes (5.5%)
(RDMA_READ_CONSUME_CHECK_CONSUMER) timestamp=10019 ms, used_size=2269184 bytes (5.5%)
(RDMA_READ_CONSUME_CHECK_CONSUMER) timestamp=10019 ms, used_size=2267136 bytes (5.5%)
(RDMA_READ_CONSUME_CHECK_CONSUMER) timestamp=10019 ms, used_size=2265088 bytes (5.5%)
(RDMA_READ_CONSUME_CHECK_CONSUMER) timestamp=10019 ms, used_size=2263040 bytes (5.5%)
(RDMA_READ_CONSUME_CHECK_CONSUMER) timestamp=10019 ms, used_size=2260992 bytes (5.5%)
(RDMA_READ_CONSUME_CHECK_CONSUMER) timestamp=10019 ms, used_size=2258944 bytes (5.5%)
(RDMA_READ_CONSUME_CHECK_CONSUMER) timestamp=10019 ms, used_size=2256896 bytes (5.5%)
(RDMA_READ_CONSUME_CHECK_CONSUMER) timestamp=10019 ms, used_size=2254848 bytes (5.5%)
(RDMA_READ_CONSUME_CHECK_CONSUMER) timestamp=10019 ms, used_size=2252800 bytes (5.5%)
(RDMA_READ_CONSUME_CHECK_CONSUMER) timestamp=10019 ms, used_size=2250752 bytes (5.5%)
(RDMA_READ_CONSUME_CHECK_CONSUMER) timestamp=10019 ms, used_size=2248704 bytes (5.5%)
(RDMA_READ_CONSUME_CHECK_CONSUMER) timestamp=10019 ms, used_size=2246656 bytes (5.5%)
(RDMA_READ_CONSUME_CHECK_CONSUMER) timestamp=10019 ms, used_size=2244608 bytes (5.5%)
(RDMA_READ_CONSUME_CHECK_CONSUMER) timestamp=10019 ms, used_size=2242560 bytes (5.5%)
(RDMA_READ_CONSUME_CHECK_CONSUMER) timestamp=10019 ms, used_size=2240512 bytes (5.5%)
(RDMA_READ_CONSUME_CHECK_CONSUMER) timestamp=10019 ms, used_size=2238464 bytes (5.5%)
(RDMA_READ_CONSUME_CHECK_CONSUMER) timestamp=10019 ms, used_size=2236416 bytes (5.5%)
(RDMA_READ_CONSUME_CHECK_CONSUMER) timestamp=10019 ms, used_size=2234368 bytes (5.5%)
(RDMA_READ_CONSUME_CHECK_CONSUMER) timestamp=10019 ms, used_size=2232320 bytes (5.5%)
(RDMA_READ_CONSUME_CHECK_CONSUMER) timestamp=10019 ms, used_size=2230272 bytes (5.4%)
(RDMA_READ_CONSUME_CHECK_CONSUMER) timestamp=10019 ms, used_size=2228224 bytes (5.4%)
(RDMA_READ_CONSUME_CHECK_CONSUMER) timestamp=10019 ms, used_size=2226176 bytes (5.4%)
(RDMA_READ_CONSUME_CHECK_CONSUMER) timestamp=10019 ms, used_size=2224128 bytes (5.4%)
(RDMA_READ_CONSUME_CHECK_CONSUMER) timestamp=10019 ms, used_size=2222080 bytes (5.4%)
(RDMA_READ_CONSUME_CHECK_CONSUMER) timestamp=10019 ms, used_size=2220032 bytes (5.4%)
(RDMA_READ_CONSUME_CHECK_CONSUMER) timestamp=10019 ms, used_size=2217984 bytes (5.4%)
(RDMA_READ_CONSUME_CHECK_CONSUMER) timestamp=10019 ms, used_size=2215936 bytes (5.4%)
(RDMA_READ_CONSUME_CHECK_CONSUMER) timestamp=10019 ms, used_size=2213888 bytes (5.4%)
(RDMA_READ_CONSUME_CHECK_CONSUMER) timestamp=10019 ms, used_size=2211840 bytes (5.4%)
(RDMA_READ_CONSUME_CHECK_CONSUMER) timestamp=10019 ms, used_size=2209792 bytes (5.4%)
(RDMA_READ_CONSUME_CHECK_CONSUMER) timestamp=10019 ms, used_size=2207744 bytes (5.4%)
(RDMA_READ_CONSUME_CHECK_CONSUMER) timestamp=10019 ms, used_size=2205696 bytes (5.4%)
(RDMA_READ_CONSUME_CHECK_CONSUMER) timestamp=10019 ms, used_size=2203648 bytes (5.4%)
(RDMA_READ_CONSUME_CHECK_CONSUMER) timestamp=10019 ms, used_size=2201600 bytes (5.4%)
(RDMA_READ_CONSUME_CHECK_CONSUMER) timestamp=10019 ms, used_size=2199552 bytes (5.4%)
(RDMA_READ_CONSUME_CHECK_CONSUMER) timestamp=10019 ms, used_size=2197504 bytes (5.4%)
(RDMA_READ_CONSUME_CHECK_CONSUMER) timestamp=10019 ms, used_size=2195456 bytes (5.4%)
(RDMA_READ_CONSUME_CHECK_CONSUMER) timestamp=10019 ms, used_size=2193408 bytes (5.4%)
(RDMA_READ_CONSUME_CHECK_CONSUMER) timestamp=10019 ms, used_size=2191360 bytes (5.3%)
(RDMA_READ_CONSUME_CHECK_CONSUMER) timestamp=10019 ms, used_size=2189312 bytes (5.3%)
(RDMA_READ_CONSUME_CHECK_CONSUMER) timestamp=10019 ms, used_size=2187264 bytes (5.3%)
(RDMA_READ_CONSUME_CHECK_CONSUMER) timestamp=10019 ms, used_size=2185216 bytes (5.3%)
(RDMA_READ_CONSUME_CHECK_CONSUMER) timestamp=10019 ms, used_size=2183168 bytes (5.3%)
(RDMA_READ_CONSUME_CHECK_CONSUMER) timestamp=10019 ms, used_size=2181120 bytes (5.3%)
(RDMA_READ_CONSUME_CHECK_CONSUMER) timestamp=10019 ms, used_size=2179072 bytes (5.3%)
(RDMA_READ_CONSUME_CHECK_CONSUMER) timestamp=10019 ms, used_size=2177024 bytes (5.3%)
(RDMA_READ_CONSUME_CHECK_CONSUMER) timestamp=10019 ms, used_size=2174976 bytes (5.3%)
(RDMA_READ_CONSUME_CHECK_CONSUMER) timestamp=10019 ms, used_size=2172928 bytes (5.3%)
(RDMA_READ_CONSUME_CHECK_CONSUMER) timestamp=10019 ms, used_size=2170880 bytes (5.3%)
(RDMA_READ_CONSUME_CHECK_CONSUMER) timestamp=10019 ms, used_size=2168832 bytes (5.3%)
(RDMA_READ_CONSUME_CHECK_CONSUMER) timestamp=10019 ms, used_size=2166784 bytes (5.3%)
(RDMA_READ_CONSUME_CHECK_CONSUMER) timestamp=10019 ms, used_size=2164736 bytes (5.3%)
(RDMA_READ_CONSUME_CHECK_CONSUMER) timestamp=10019 ms, used_size=2162688 bytes (5.3%)
(RDMA_READ_CONSUME_CHECK_CONSUMER) timestamp=10019 ms, used_size=2160640 bytes (5.3%)
(RDMA_READ_CONSUME_CHECK_CONSUMER) timestamp=10019 ms, used_size=2158592 bytes (5.3%)
(RDMA_READ_CONSUME_CHECK_CONSUMER) timestamp=10019 ms, used_size=2156544 bytes (5.3%)
(RDMA_READ_CONSUME_CHECK_CONSUMER) timestamp=10019 ms, used_size=2154496 bytes (5.3%)
(RDMA_READ_CONSUME_CHECK_CONSUMER) timestamp=10019 ms, used_size=2152448 bytes (5.3%)
(RDMA_READ_CONSUME_CHECK_CONSUMER) timestamp=10019 ms, used_size=2150400 bytes (5.2%)
(RDMA_READ_CONSUME_CHECK_CONSUMER) timestamp=10019 ms, used_size=2148352 bytes (5.2%)
(RDMA_READ_CONSUME_CHECK_CONSUMER) timestamp=10019 ms, used_size=2146304 bytes (5.2%)
(RDMA_READ_CONSUME_CHECK_CONSUMER) timestamp=10019 ms, used_size=2144256 bytes (5.2%)
(RDMA_READ_CONSUME_CHECK_CONSUMER) timestamp=10019 ms, used_size=2142208 bytes (5.2%)
(RDMA_READ_CONSUME_CHECK_CONSUMER) timestamp=10019 ms, used_size=2140160 bytes (5.2%)
(RDMA_READ_CONSUME_CHECK_CONSUMER) timestamp=10019 ms, used_size=2138112 bytes (5.2%)
(RDMA_READ_CONSUME_CHECK_CONSUMER) timestamp=10019 ms, used_size=2136064 bytes (5.2%)
(RDMA_READ_CONSUME_CHECK_CONSUMER) timestamp=10019 ms, used_size=2134016 bytes (5.2%)
(RDMA_READ_CONSUME_CHECK_CONSUMER) timestamp=10019 ms, used_size=2131968 bytes (5.2%)
(RDMA_READ_CONSUME_CHECK_CONSUMER) timestamp=10019 ms, used_size=2129920 bytes (5.2%)
(RDMA_READ_CONSUME_CHECK_CONSUMER) timestamp=10019 ms, used_size=2127872 bytes (5.2%)
(RDMA_READ_CONSUME_CHECK_CONSUMER) timestamp=10019 ms, used_size=2125824 bytes (5.2%)
(RDMA_READ_CONSUME_CHECK_CONSUMER) timestamp=10019 ms, used_size=2123776 bytes (5.2%)
(RDMA_READ_CONSUME_CHECK_CONSUMER) timestamp=10019 ms, used_size=2121728 bytes (5.2%)
(RDMA_READ_CONSUME_CHECK_CONSUMER) timestamp=10019 ms, used_size=2119680 bytes (5.2%)
(RDMA_READ_CONSUME_CHECK_CONSUMER) timestamp=10019 ms, used_size=2117632 bytes (5.2%)
(RDMA_READ_CONSUME_CHECK_CONSUMER) timestamp=10019 ms, used_size=2115584 bytes (5.2%)
(RDMA_READ_CONSUME_CHECK_CONSUMER) timestamp=10019 ms, used_size=2113536 bytes (5.2%)
(RDMA_READ_CONSUME_CHECK_CONSUMER) timestamp=10019 ms, used_size=2111488 bytes (5.2%)
(RDMA_READ_CONSUME_CHECK_CONSUMER) timestamp=10019 ms, used_size=2109440 bytes (5.2%)
(RDMA_READ_CONSUME_CHECK_CONSUMER) timestamp=10019 ms, used_size=2107392 bytes (5.1%)
(RDMA_READ_CONSUME_CHECK_CONSUMER) timestamp=10019 ms, used_size=2105344 bytes (5.1%)
(RDMA_READ_CONSUME_CHECK_CONSUMER) timestamp=10020 ms, used_size=2103296 bytes (5.1%)
(RDMA_READ_CONSUME_CHECK_CONSUMER) timestamp=10020 ms, used_size=2101248 bytes (5.1%)
(RDMA_READ_CONSUME_CHECK_CONSUMER) timestamp=10020 ms, used_size=2099200 bytes (5.1%)
(RDMA_READ_CONSUME_CHECK_CONSUMER) timestamp=10020 ms, used_size=2097152 bytes (5.1%)
(RDMA_READ_CONSUME_CHECK_CONSUMER) timestamp=10020 ms, used_size=2095104 bytes (5.1%)
(RDMA_READ_CONSUME_CHECK_CONSUMER) timestamp=10020 ms, used_size=2093056 bytes (5.1%)
(RDMA_READ_CONSUME_CHECK_CONSUMER) timestamp=10020 ms, used_size=2091008 bytes (5.1%)
(RDMA_READ_CONSUME_CHECK_CONSUMER) timestamp=10020 ms, used_size=2088960 bytes (5.1%)
(RDMA_READ_CONSUME_CHECK_CONSUMER) timestamp=10020 ms, used_size=2086912 bytes (5.1%)
(RDMA_READ_CONSUME_CHECK_CONSUMER) timestamp=10020 ms, used_size=2084864 bytes (5.1%)
(RDMA_READ_CONSUME_CHECK_CONSUMER) timestamp=10020 ms, used_size=2082816 bytes (5.1%)
(RDMA_READ_CONSUME_CHECK_CONSUMER) timestamp=10020 ms, used_size=2080768 bytes (5.1%)
(RDMA_READ_CONSUME_CHECK_CONSUMER) timestamp=10020 ms, used_size=2078720 bytes (5.1%)
(RDMA_READ_CONSUME_CHECK_CONSUMER) timestamp=10020 ms, used_size=2076672 bytes (5.1%)
(RDMA_READ_CONSUME_CHECK_CONSUMER) timestamp=10020 ms, used_size=2074624 bytes (5.1%)
(RDMA_READ_CONSUME_CHECK_CONSUMER) timestamp=10020 ms, used_size=2072576 bytes (5.1%)
(RDMA_READ_CONSUME_CHECK_CONSUMER) timestamp=10020 ms, used_size=2070528 bytes (5.1%)
(RDMA_READ_CONSUME_CHECK_CONSUMER) timestamp=10020 ms, used_size=2068480 bytes (5.0%)
(RDMA_READ_CONSUME_CHECK_CONSUMER) timestamp=10020 ms, used_size=2066432 bytes (5.0%)
(RDMA_READ_CONSUME_CHECK_CONSUMER) timestamp=10020 ms, used_size=2064384 bytes (5.0%)
(RDMA_READ_CONSUME_CHECK_CONSUMER) timestamp=10020 ms, used_size=2062336 bytes (5.0%)
(RDMA_READ_CONSUME_CHECK_CONSUMER) timestamp=10020 ms, used_size=2060288 bytes (5.0%)
(RDMA_READ_CONSUME_CHECK_CONSUMER) timestamp=10020 ms, used_size=2058240 bytes (5.0%)
(RDMA_READ_CONSUME_CHECK_CONSUMER) timestamp=10020 ms, used_size=2056192 bytes (5.0%)
(RDMA_READ_CONSUME_CHECK_CONSUMER) timestamp=10020 ms, used_size=2054144 bytes (5.0%)
(RDMA_READ_CONSUME_CHECK_CONSUMER) timestamp=10020 ms, used_size=2052096 bytes (5.0%)
(RDMA_READ_CONSUME_CHECK_CONSUMER) timestamp=10020 ms, used_size=2050048 bytes (5.0%)
(RDMA_READ_CONSUME_CHECK_CONSUMER) timestamp=10020 ms, used_size=2048000 bytes (5.0%)
(RDMA_READ_CONSUME_CHECK_CONSUMER) timestamp=10020 ms, used_size=2045952 bytes (5.0%)
(RDMA_READ_CONSUME_CHECK_CONSUMER) timestamp=10020 ms, used_size=2043904 bytes (5.0%)
(RDMA_READ_CONSUME_CHECK_CONSUMER) timestamp=10020 ms, used_size=2041856 bytes (5.0%)
(RDMA_READ_CONSUME_CHECK_CONSUMER) timestamp=10020 ms, used_size=2039808 bytes (5.0%)
(RDMA_READ_CONSUME_CHECK_CONSUMER) timestamp=10020 ms, used_size=2037760 bytes (5.0%)
(RDMA_READ_CONSUME_CHECK_CONSUMER) timestamp=10020 ms, used_size=2035712 bytes (5.0%)
(RDMA_READ_CONSUME_CHECK_CONSUMER) timestamp=10020 ms, used_size=2033664 bytes (5.0%)
(RDMA_READ_CONSUME_CHECK_CONSUMER) timestamp=10020 ms, used_size=2031616 bytes (5.0%)
(RDMA_READ_CONSUME_CHECK_CONSUMER) timestamp=10020 ms, used_size=2029568 bytes (5.0%)
(RDMA_READ_CONSUME_CHECK_CONSUMER) timestamp=10020 ms, used_size=2027520 bytes (5.0%)
(RDMA_READ_CONSUME_CHECK_CONSUMER) timestamp=10020 ms, used_size=2025472 bytes (4.9%)
(RDMA_READ_CONSUME_CHECK_CONSUMER) timestamp=10020 ms, used_size=2023424 bytes (4.9%)
(RDMA_READ_CONSUME_CHECK_CONSUMER) timestamp=10020 ms, used_size=2021376 bytes (4.9%)
(RDMA_READ_CONSUME_CHECK_CONSUMER) timestamp=10020 ms, used_size=2019328 bytes (4.9%)
(RDMA_READ_CONSUME_CHECK_CONSUMER) timestamp=10020 ms, used_size=2017280 bytes (4.9%)
(RDMA_READ_CONSUME_CHECK_CONSUMER) timestamp=10020 ms, used_size=2015232 bytes (4.9%)
(RDMA_READ_CONSUME_CHECK_CONSUMER) timestamp=10020 ms, used_size=2013184 bytes (4.9%)
(RDMA_READ_CONSUME_CHECK_CONSUMER) timestamp=10020 ms, used_size=2011136 bytes (4.9%)
(RDMA_READ_CONSUME_CHECK_CONSUMER) timestamp=10020 ms, used_size=2009088 bytes (4.9%)
(RDMA_READ_CONSUME_CHECK_CONSUMER) timestamp=10020 ms, used_size=2007040 bytes (4.9%)
(RDMA_READ_CONSUME_CHECK_CONSUMER) timestamp=10020 ms, used_size=2004992 bytes (4.9%)
(RDMA_READ_CONSUME_CHECK_CONSUMER) timestamp=10020 ms, used_size=2002944 bytes (4.9%)
(RDMA_READ_CONSUME_CHECK_CONSUMER) timestamp=10020 ms, used_size=2000896 bytes (4.9%)
(RDMA_READ_CONSUME_CHECK_CONSUMER) timestamp=10020 ms, used_size=1998848 bytes (4.9%)
(RDMA_READ_CONSUME_CHECK_CONSUMER) timestamp=10020 ms, used_size=1996800 bytes (4.9%)
(RDMA_READ_CONSUME_CHECK_CONSUMER) timestamp=10020 ms, used_size=1994752 bytes (4.9%)
(RDMA_READ_CONSUME_CHECK_CONSUMER) timestamp=10020 ms, used_size=1992704 bytes (4.9%)
(RDMA_READ_CONSUME_CHECK_CONSUMER) timestamp=10020 ms, used_size=1990656 bytes (4.9%)
(RDMA_READ_CONSUME_CHECK_CONSUMER) timestamp=10020 ms, used_size=1988608 bytes (4.9%)
(RDMA_READ_CONSUME_CHECK_CONSUMER) timestamp=10020 ms, used_size=1986560 bytes (4.8%)
(RDMA_READ_CONSUME_CHECK_CONSUMER) timestamp=10020 ms, used_size=1984512 bytes (4.8%)
(RDMA_READ_CONSUME_CHECK_CONSUMER) timestamp=10020 ms, used_size=1982464 bytes (4.8%)
(RDMA_READ_CONSUME_CHECK_CONSUMER) timestamp=10020 ms, used_size=1980416 bytes (4.8%)
(RDMA_READ_CONSUME_CHECK_CONSUMER) timestamp=10020 ms, used_size=1978368 bytes (4.8%)
(RDMA_READ_CONSUME_CHECK_CONSUMER) timestamp=10020 ms, used_size=1976320 bytes (4.8%)
(RDMA_READ_CONSUME_CHECK_CONSUMER) timestamp=10020 ms, used_size=1974272 bytes (4.8%)
(RDMA_READ_CONSUME_CHECK_CONSUMER) timestamp=10020 ms, used_size=1972224 bytes (4.8%)
(RDMA_READ_CONSUME_CHECK_CONSUMER) timestamp=10020 ms, used_size=1970176 bytes (4.8%)
(RDMA_READ_CONSUME_CHECK_CONSUMER) timestamp=10020 ms, used_size=1968128 bytes (4.8%)
(RDMA_READ_CONSUME_CHECK_CONSUMER) timestamp=10020 ms, used_size=1966080 bytes (4.8%)
(RDMA_READ_CONSUME_CHECK_CONSUMER) timestamp=10020 ms, used_size=1964032 bytes (4.8%)
(RDMA_READ_CONSUME_CHECK_CONSUMER) timestamp=10020 ms, used_size=1961984 bytes (4.8%)
(RDMA_READ_CONSUME_CHECK_CONSUMER) timestamp=10020 ms, used_size=1959936 bytes (4.8%)
(RDMA_READ_CONSUME_CHECK_CONSUMER) timestamp=10020 ms, used_size=1957888 bytes (4.8%)
(RDMA_READ_CONSUME_CHECK_CONSUMER) timestamp=10020 ms, used_size=1955840 bytes (4.8%)
(RDMA_READ_CONSUME_CHECK_CONSUMER) timestamp=10020 ms, used_size=1953792 bytes (4.8%)
(RDMA_READ_CONSUME_CHECK_CONSUMER) timestamp=10020 ms, used_size=1951744 bytes (4.8%)
(RDMA_READ_CONSUME_CHECK_CONSUMER) timestamp=10020 ms, used_size=1949696 bytes (4.8%)
(RDMA_READ_CONSUME_CHECK_CONSUMER) timestamp=10020 ms, used_size=1947648 bytes (4.8%)
(RDMA_READ_CONSUME_CHECK_CONSUMER) timestamp=10020 ms, used_size=1945600 bytes (4.8%)
(RDMA_READ_CONSUME_CHECK_CONSUMER) timestamp=10020 ms, used_size=1943552 bytes (4.7%)
(RDMA_READ_CONSUME_CHECK_CONSUMER) timestamp=10020 ms, used_size=1941504 bytes (4.7%)
(RDMA_READ_CONSUME_CHECK_CONSUMER) timestamp=10020 ms, used_size=1939456 bytes (4.7%)
(RDMA_READ_CONSUME_CHECK_CONSUMER) timestamp=10020 ms, used_size=1937408 bytes (4.7%)
(RDMA_READ_CONSUME_CHECK_CONSUMER) timestamp=10020 ms, used_size=1935360 bytes (4.7%)
(RDMA_READ_CONSUME_CHECK_CONSUMER) timestamp=10020 ms, used_size=1933312 bytes (4.7%)
(RDMA_READ_CONSUME_CHECK_CONSUMER) timestamp=10020 ms, used_size=1931264 bytes (4.7%)
(RDMA_READ_CONSUME_CHECK_CONSUMER) timestamp=10020 ms, used_size=1929216 bytes (4.7%)
(RDMA_READ_CONSUME_CHECK_CONSUMER) timestamp=10020 ms, used_size=1927168 bytes (4.7%)
(RDMA_READ_CONSUME_CHECK_CONSUMER) timestamp=10020 ms, used_size=1925120 bytes (4.7%)
(RDMA_READ_CONSUME_CHECK_CONSUMER) timestamp=10020 ms, used_size=1923072 bytes (4.7%)
(RDMA_READ_CONSUME_CHECK_CONSUMER) timestamp=10020 ms, used_size=1921024 bytes (4.7%)
(RDMA_READ_CONSUME_CHECK_CONSUMER) timestamp=10020 ms, used_size=1918976 bytes (4.7%)
(RDMA_READ_CONSUME_CHECK_CONSUMER) timestamp=10020 ms, used_size=1916928 bytes (4.7%)
(RDMA_READ_CONSUME_CHECK_CONSUMER) timestamp=10020 ms, used_size=1914880 bytes (4.7%)
(RDMA_READ_CONSUME_CHECK_CONSUMER) timestamp=10020 ms, used_size=1912832 bytes (4.7%)
(RDMA_READ_CONSUME_CHECK_CONSUMER) timestamp=10020 ms, used_size=1910784 bytes (4.7%)
(RDMA_READ_CONSUME_CHECK_CONSUMER) timestamp=10020 ms, used_size=1908736 bytes (4.7%)
(RDMA_READ_CONSUME_CHECK_CONSUMER) timestamp=10020 ms, used_size=1906688 bytes (4.7%)
(RDMA_READ_CONSUME_CHECK_CONSUMER) timestamp=10020 ms, used_size=1904640 bytes (4.7%)
(RDMA_READ_CONSUME_CHECK_CONSUMER) timestamp=10020 ms, used_size=1902592 bytes (4.6%)
(RDMA_READ_CONSUME_CHECK_CONSUMER) timestamp=10020 ms, used_size=1900544 bytes (4.6%)
(RDMA_READ_CONSUME_CHECK_CONSUMER) timestamp=10020 ms, used_size=1898496 bytes (4.6%)
(RDMA_READ_CONSUME_CHECK_CONSUMER) timestamp=10020 ms, used_size=1896448 bytes (4.6%)
(RDMA_READ_CONSUME_CHECK_CONSUMER) timestamp=10020 ms, used_size=1894400 bytes (4.6%)
(RDMA_READ_CONSUME_CHECK_CONSUMER) timestamp=10020 ms, used_size=1892352 bytes (4.6%)
(RDMA_READ_CONSUME_CHECK_CONSUMER) timestamp=10020 ms, used_size=1890304 bytes (4.6%)
(RDMA_READ_CONSUME_CHECK_CONSUMER) timestamp=10020 ms, used_size=1888256 bytes (4.6%)
(RDMA_READ_CONSUME_CHECK_CONSUMER) timestamp=10020 ms, used_size=1886208 bytes (4.6%)
(RDMA_READ_CONSUME_CHECK_CONSUMER) timestamp=10020 ms, used_size=1884160 bytes (4.6%)
(RDMA_READ_CONSUME_CHECK_CONSUMER) timestamp=10020 ms, used_size=1882112 bytes (4.6%)
(RDMA_READ_CONSUME_CHECK_CONSUMER) timestamp=10020 ms, used_size=1880064 bytes (4.6%)
(RDMA_READ_CONSUME_CHECK_CONSUMER) timestamp=10020 ms, used_size=1878016 bytes (4.6%)
(RDMA_READ_CONSUME_CHECK_CONSUMER) timestamp=10020 ms, used_size=1875968 bytes (4.6%)
(RDMA_READ_CONSUME_CHECK_CONSUMER) timestamp=10020 ms, used_size=1873920 bytes (4.6%)
(RDMA_READ_CONSUME_CHECK_CONSUMER) timestamp=10020 ms, used_size=1871872 bytes (4.6%)
(RDMA_READ_CONSUME_CHECK_CONSUMER) timestamp=10020 ms, used_size=1869824 bytes (4.6%)
(RDMA_READ_CONSUME_CHECK_CONSUMER) timestamp=10020 ms, used_size=1867776 bytes (4.6%)
(RDMA_READ_CONSUME_CHECK_CONSUMER) timestamp=10020 ms, used_size=1865728 bytes (4.6%)
(RDMA_READ_CONSUME_CHECK_CONSUMER) timestamp=10020 ms, used_size=1863680 bytes (4.5%)
(RDMA_READ_CONSUME_CHECK_CONSUMER) timestamp=10020 ms, used_size=1861632 bytes (4.5%)
(RDMA_READ_CONSUME_CHECK_CONSUMER) timestamp=10020 ms, used_size=1859584 bytes (4.5%)
(RDMA_READ_CONSUME_CHECK_CONSUMER) timestamp=10020 ms, used_size=1857536 bytes (4.5%)
(RDMA_READ_CONSUME_CHECK_CONSUMER) timestamp=10020 ms, used_size=1855488 bytes (4.5%)
(RDMA_READ_CONSUME_CHECK_CONSUMER) timestamp=10020 ms, used_size=1853440 bytes (4.5%)
(RDMA_READ_CONSUME_CHECK_CONSUMER) timestamp=10020 ms, used_size=1851392 bytes (4.5%)
(RDMA_READ_CONSUME_CHECK_CONSUMER) timestamp=10020 ms, used_size=1849344 bytes (4.5%)
(RDMA_READ_CONSUME_CHECK_CONSUMER) timestamp=10020 ms, used_size=1847296 bytes (4.5%)
(RDMA_READ_CONSUME_CHECK_CONSUMER) timestamp=10020 ms, used_size=1845248 bytes (4.5%)
(RDMA_READ_CONSUME_CHECK_CONSUMER) timestamp=10020 ms, used_size=1843200 bytes (4.5%)
(RDMA_READ_CONSUME_CHECK_CONSUMER) timestamp=10020 ms, used_size=1841152 bytes (4.5%)
(RDMA_READ_CONSUME_CHECK_CONSUMER) timestamp=10020 ms, used_size=1839104 bytes (4.5%)
(RDMA_READ_CONSUME_CHECK_CONSUMER) timestamp=10020 ms, used_size=1837056 bytes (4.5%)
(RDMA_READ_CONSUME_CHECK_CONSUMER) timestamp=10020 ms, used_size=1835008 bytes (4.5%)
(RDMA_READ_CONSUME_CHECK_CONSUMER) timestamp=10020 ms, used_size=1832960 bytes (4.5%)
(RDMA_READ_CONSUME_CHECK_CONSUMER) timestamp=10020 ms, used_size=1830912 bytes (4.5%)
(RDMA_READ_CONSUME_CHECK_CONSUMER) timestamp=10020 ms, used_size=1828864 bytes (4.5%)
(RDMA_READ_CONSUME_CHECK_CONSUMER) timestamp=10020 ms, used_size=1826816 bytes (4.5%)
(RDMA_READ_CONSUME_CHECK_CONSUMER) timestamp=10020 ms, used_size=1824768 bytes (4.5%)
(RDMA_READ_CONSUME_CHECK_CONSUMER) timestamp=10020 ms, used_size=1822720 bytes (4.5%)
(RDMA_READ_CONSUME_CHECK_CONSUMER) timestamp=10020 ms, used_size=1820672 bytes (4.4%)
(RDMA_READ_CONSUME_CHECK_CONSUMER) timestamp=10020 ms, used_size=1818624 bytes (4.4%)
(RDMA_READ_CONSUME_CHECK_CONSUMER) timestamp=10020 ms, used_size=1816576 bytes (4.4%)
(RDMA_READ_CONSUME_CHECK_CONSUMER) timestamp=10020 ms, used_size=1814528 bytes (4.4%)
(RDMA_READ_CONSUME_CHECK_CONSUMER) timestamp=10020 ms, used_size=1812480 bytes (4.4%)
(RDMA_READ_CONSUME_CHECK_CONSUMER) timestamp=10020 ms, used_size=1810432 bytes (4.4%)
(RDMA_READ_CONSUME_CHECK_CONSUMER) timestamp=10020 ms, used_size=1808384 bytes (4.4%)
(RDMA_READ_CONSUME_CHECK_CONSUMER) timestamp=10020 ms, used_size=1806336 bytes (4.4%)
(RDMA_READ_CONSUME_CHECK_CONSUMER) timestamp=10020 ms, used_size=1804288 bytes (4.4%)
(RDMA_READ_CONSUME_CHECK_CONSUMER) timestamp=10020 ms, used_size=1802240 bytes (4.4%)
(RDMA_READ_CONSUME_CHECK_CONSUMER) timestamp=10020 ms, used_size=1800192 bytes (4.4%)
(RDMA_READ_CONSUME_CHECK_CONSUMER) timestamp=10020 ms, used_size=1798144 bytes (4.4%)
(RDMA_READ_CONSUME_CHECK_CONSUMER) timestamp=10020 ms, used_size=1796096 bytes (4.4%)
(RDMA_READ_CONSUME_CHECK_CONSUMER) timestamp=10020 ms, used_size=1794048 bytes (4.4%)
(RDMA_READ_CONSUME_CHECK_CONSUMER) timestamp=10020 ms, used_size=1792000 bytes (4.4%)
(RDMA_READ_CONSUME_CHECK_CONSUMER) timestamp=10020 ms, used_size=1789952 bytes (4.4%)
(RDMA_READ_CONSUME_CHECK_CONSUMER) timestamp=10020 ms, used_size=1787904 bytes (4.4%)
(RDMA_READ_CONSUME_CHECK_CONSUMER) timestamp=10020 ms, used_size=1785856 bytes (4.4%)
(RDMA_READ_CONSUME_CHECK_CONSUMER) timestamp=10020 ms, used_size=1783808 bytes (4.4%)
(RDMA_READ_CONSUME_CHECK_CONSUMER) timestamp=10020 ms, used_size=1781760 bytes (4.3%)
(RDMA_READ_CONSUME_CHECK_CONSUMER) timestamp=10020 ms, used_size=1779712 bytes (4.3%)
(RDMA_READ_CONSUME_CHECK_CONSUMER) timestamp=10020 ms, used_size=1777664 bytes (4.3%)
(RDMA_READ_CONSUME_CHECK_CONSUMER) timestamp=10020 ms, used_size=1775616 bytes (4.3%)
(RDMA_READ_CONSUME_CHECK_CONSUMER) timestamp=10020 ms, used_size=1773568 bytes (4.3%)
(RDMA_READ_CONSUME_CHECK_CONSUMER) timestamp=10020 ms, used_size=1771520 bytes (4.3%)
(RDMA_READ_CONSUME_CHECK_CONSUMER) timestamp=10020 ms, used_size=1769472 bytes (4.3%)
(RDMA_READ_CONSUME_CHECK_CONSUMER) timestamp=10020 ms, used_size=1767424 bytes (4.3%)
(RDMA_READ_CONSUME_CHECK_CONSUMER) timestamp=10020 ms, used_size=1765376 bytes (4.3%)
(RDMA_READ_CONSUME_CHECK_CONSUMER) timestamp=10020 ms, used_size=1763328 bytes (4.3%)
(RDMA_READ_CONSUME_CHECK_CONSUMER) timestamp=10020 ms, used_size=1761280 bytes (4.3%)
(RDMA_READ_CONSUME_CHECK_CONSUMER) timestamp=10020 ms, used_size=1759232 bytes (4.3%)
(RDMA_READ_CONSUME_CHECK_CONSUMER) timestamp=10020 ms, used_size=1757184 bytes (4.3%)
(RDMA_READ_CONSUME_CHECK_CONSUMER) timestamp=10020 ms, used_size=1755136 bytes (4.3%)
(RDMA_READ_CONSUME_CHECK_CONSUMER) timestamp=10021 ms, used_size=1753088 bytes (4.3%)
(RDMA_READ_CONSUME_CHECK_CONSUMER) timestamp=10021 ms, used_size=1751040 bytes (4.3%)
(RDMA_READ_CONSUME_CHECK_CONSUMER) timestamp=10021 ms, used_size=1748992 bytes (4.3%)
(RDMA_READ_CONSUME_CHECK_CONSUMER) timestamp=10021 ms, used_size=1746944 bytes (4.3%)
(RDMA_READ_CONSUME_CHECK_CONSUMER) timestamp=10021 ms, used_size=1744896 bytes (4.3%)
(RDMA_READ_CONSUME_CHECK_CONSUMER) timestamp=10021 ms, used_size=1742848 bytes (4.3%)
(RDMA_READ_CONSUME_CHECK_CONSUMER) timestamp=10021 ms, used_size=1740800 bytes (4.2%)
(RDMA_READ_CONSUME_CHECK_CONSUMER) timestamp=10021 ms, used_size=1738752 bytes (4.2%)
(RDMA_READ_CONSUME_CHECK_CONSUMER) timestamp=10021 ms, used_size=1736704 bytes (4.2%)
(RDMA_READ_CONSUME_CHECK_CONSUMER) timestamp=10021 ms, used_size=1734656 bytes (4.2%)
(RDMA_READ_CONSUME_CHECK_CONSUMER) timestamp=10021 ms, used_size=1732608 bytes (4.2%)
(RDMA_READ_CONSUME_CHECK_CONSUMER) timestamp=10021 ms, used_size=1730560 bytes (4.2%)
(RDMA_READ_CONSUME_CHECK_CONSUMER) timestamp=10021 ms, used_size=1728512 bytes (4.2%)
(RDMA_READ_CONSUME_CHECK_CONSUMER) timestamp=10021 ms, used_size=1726464 bytes (4.2%)
(RDMA_READ_CONSUME_CHECK_CONSUMER) timestamp=10021 ms, used_size=1724416 bytes (4.2%)
(RDMA_READ_CONSUME_CHECK_CONSUMER) timestamp=10021 ms, used_size=1722368 bytes (4.2%)
(RDMA_READ_CONSUME_CHECK_CONSUMER) timestamp=10021 ms, used_size=1720320 bytes (4.2%)
(RDMA_READ_CONSUME_CHECK_CONSUMER) timestamp=10021 ms, used_size=1718272 bytes (4.2%)
(RDMA_READ_CONSUME_CHECK_CONSUMER) timestamp=10021 ms, used_size=1716224 bytes (4.2%)
(RDMA_READ_CONSUME_CHECK_CONSUMER) timestamp=10021 ms, used_size=1714176 bytes (4.2%)
(RDMA_READ_CONSUME_CHECK_CONSUMER) timestamp=10021 ms, used_size=1712128 bytes (4.2%)
(RDMA_READ_CONSUME_CHECK_CONSUMER) timestamp=10021 ms, used_size=1710080 bytes (4.2%)
(RDMA_READ_CONSUME_CHECK_CONSUMER) timestamp=10021 ms, used_size=1708032 bytes (4.2%)
(RDMA_READ_CONSUME_CHECK_CONSUMER) timestamp=10021 ms, used_size=1705984 bytes (4.2%)
(RDMA_READ_CONSUME_CHECK_CONSUMER) timestamp=10021 ms, used_size=1703936 bytes (4.2%)
(RDMA_READ_CONSUME_CHECK_CONSUMER) timestamp=10021 ms, used_size=1701888 bytes (4.2%)
(RDMA_READ_CONSUME_CHECK_CONSUMER) timestamp=10021 ms, used_size=1699840 bytes (4.2%)
(RDMA_READ_CONSUME_CHECK_CONSUMER) timestamp=10021 ms, used_size=1697792 bytes (4.1%)
(RDMA_READ_CONSUME_CHECK_CONSUMER) timestamp=10021 ms, used_size=1695744 bytes (4.1%)
(RDMA_READ_CONSUME_CHECK_CONSUMER) timestamp=10021 ms, used_size=1693696 bytes (4.1%)
(RDMA_READ_CONSUME_CHECK_CONSUMER) timestamp=10021 ms, used_size=1691648 bytes (4.1%)
(RDMA_READ_CONSUME_CHECK_CONSUMER) timestamp=10021 ms, used_size=1689600 bytes (4.1%)
(RDMA_READ_CONSUME_CHECK_CONSUMER) timestamp=10021 ms, used_size=1687552 bytes (4.1%)
(RDMA_READ_CONSUME_CHECK_CONSUMER) timestamp=10021 ms, used_size=1685504 bytes (4.1%)
(RDMA_READ_CONSUME_CHECK_CONSUMER) timestamp=10021 ms, used_size=1683456 bytes (4.1%)
(RDMA_READ_CONSUME_CHECK_CONSUMER) timestamp=10021 ms, used_size=1681408 bytes (4.1%)
(RDMA_READ_CONSUME_CHECK_CONSUMER) timestamp=10021 ms, used_size=1679360 bytes (4.1%)
(RDMA_READ_CONSUME_CHECK_CONSUMER) timestamp=10021 ms, used_size=1677312 bytes (4.1%)
(RDMA_READ_CONSUME_CHECK_CONSUMER) timestamp=10021 ms, used_size=1675264 bytes (4.1%)
(RDMA_READ_CONSUME_CHECK_CONSUMER) timestamp=10021 ms, used_size=1673216 bytes (4.1%)
(RDMA_READ_CONSUME_CHECK_CONSUMER) timestamp=10021 ms, used_size=1671168 bytes (4.1%)
(RDMA_READ_CONSUME_CHECK_CONSUMER) timestamp=10021 ms, used_size=1669120 bytes (4.1%)
(RDMA_READ_CONSUME_CHECK_CONSUMER) timestamp=10021 ms, used_size=1667072 bytes (4.1%)
(RDMA_READ_CONSUME_CHECK_CONSUMER) timestamp=10021 ms, used_size=1665024 bytes (4.1%)
(RDMA_READ_CONSUME_CHECK_CONSUMER) timestamp=10021 ms, used_size=1662976 bytes (4.1%)
(RDMA_READ_CONSUME_CHECK_CONSUMER) timestamp=10021 ms, used_size=1660928 bytes (4.1%)
(RDMA_READ_CONSUME_CHECK_CONSUMER) timestamp=10021 ms, used_size=1658880 bytes (4.0%)
(RDMA_READ_CONSUME_CHECK_CONSUMER) timestamp=10021 ms, used_size=1656832 bytes (4.0%)
(RDMA_READ_CONSUME_CHECK_CONSUMER) timestamp=10021 ms, used_size=1654784 bytes (4.0%)
(RDMA_READ_CONSUME_CHECK_CONSUMER) timestamp=10021 ms, used_size=1652736 bytes (4.0%)
(RDMA_READ_CONSUME_CHECK_CONSUMER) timestamp=10021 ms, used_size=1650688 bytes (4.0%)
(RDMA_READ_CONSUME_CHECK_CONSUMER) timestamp=10021 ms, used_size=1648640 bytes (4.0%)
(RDMA_READ_CONSUME_CHECK_CONSUMER) timestamp=10021 ms, used_size=1646592 bytes (4.0%)
(RDMA_READ_CONSUME_CHECK_CONSUMER) timestamp=10021 ms, used_size=1644544 bytes (4.0%)
(RDMA_READ_CONSUME_CHECK_CONSUMER) timestamp=10021 ms, used_size=1642496 bytes (4.0%)
(RDMA_READ_CONSUME_CHECK_CONSUMER) timestamp=10021 ms, used_size=1640448 bytes (4.0%)
(RDMA_READ_CONSUME_CHECK_CONSUMER) timestamp=10021 ms, used_size=1638400 bytes (4.0%)
(RDMA_READ_CONSUME_CHECK_CONSUMER) timestamp=10021 ms, used_size=1636352 bytes (4.0%)
(RDMA_READ_CONSUME_CHECK_CONSUMER) timestamp=10021 ms, used_size=1634304 bytes (4.0%)
(RDMA_READ_CONSUME_CHECK_CONSUMER) timestamp=10021 ms, used_size=1632256 bytes (4.0%)
(RDMA_READ_CONSUME_CHECK_CONSUMER) timestamp=10021 ms, used_size=1630208 bytes (4.0%)
(RDMA_READ_CONSUME_CHECK_CONSUMER) timestamp=10021 ms, used_size=1628160 bytes (4.0%)
(RDMA_READ_CONSUME_CHECK_CONSUMER) timestamp=10021 ms, used_size=1626112 bytes (4.0%)
(RDMA_READ_CONSUME_CHECK_CONSUMER) timestamp=10021 ms, used_size=1624064 bytes (4.0%)
(RDMA_READ_CONSUME_CHECK_CONSUMER) timestamp=10021 ms, used_size=1622016 bytes (4.0%)
(RDMA_READ_CONSUME_CHECK_CONSUMER) timestamp=10021 ms, used_size=1619968 bytes (4.0%)
(RDMA_READ_CONSUME_CHECK_CONSUMER) timestamp=10021 ms, used_size=1617920 bytes (4.0%)
(RDMA_READ_CONSUME_CHECK_CONSUMER) timestamp=10021 ms, used_size=1615872 bytes (3.9%)
(RDMA_READ_CONSUME_CHECK_CONSUMER) timestamp=10021 ms, used_size=1613824 bytes (3.9%)
(RDMA_READ_CONSUME_CHECK_CONSUMER) timestamp=10021 ms, used_size=1611776 bytes (3.9%)
(RDMA_READ_CONSUME_CHECK_CONSUMER) timestamp=10021 ms, used_size=1609728 bytes (3.9%)
(RDMA_READ_CONSUME_CHECK_CONSUMER) timestamp=10021 ms, used_size=1607680 bytes (3.9%)
(RDMA_READ_CONSUME_CHECK_CONSUMER) timestamp=10021 ms, used_size=1605632 bytes (3.9%)
(RDMA_READ_CONSUME_CHECK_CONSUMER) timestamp=10021 ms, used_size=1603584 bytes (3.9%)
(RDMA_READ_CONSUME_CHECK_CONSUMER) timestamp=10021 ms, used_size=1601536 bytes (3.9%)
(RDMA_READ_CONSUME_CHECK_CONSUMER) timestamp=10021 ms, used_size=1599488 bytes (3.9%)
(RDMA_READ_CONSUME_CHECK_CONSUMER) timestamp=10021 ms, used_size=1597440 bytes (3.9%)
(RDMA_READ_CONSUME_CHECK_CONSUMER) timestamp=10021 ms, used_size=1595392 bytes (3.9%)
(RDMA_READ_CONSUME_CHECK_CONSUMER) timestamp=10021 ms, used_size=1593344 bytes (3.9%)
(RDMA_READ_CONSUME_CHECK_CONSUMER) timestamp=10021 ms, used_size=1591296 bytes (3.9%)
(RDMA_READ_CONSUME_CHECK_CONSUMER) timestamp=10021 ms, used_size=1589248 bytes (3.9%)
(RDMA_READ_CONSUME_CHECK_CONSUMER) timestamp=10021 ms, used_size=1587200 bytes (3.9%)
(RDMA_READ_CONSUME_CHECK_CONSUMER) timestamp=10021 ms, used_size=1585152 bytes (3.9%)
(RDMA_READ_CONSUME_CHECK_CONSUMER) timestamp=10021 ms, used_size=1583104 bytes (3.9%)
(RDMA_READ_CONSUME_CHECK_CONSUMER) timestamp=10021 ms, used_size=1581056 bytes (3.9%)
(RDMA_READ_CONSUME_CHECK_CONSUMER) timestamp=10021 ms, used_size=1579008 bytes (3.9%)
(RDMA_READ_CONSUME_CHECK_CONSUMER) timestamp=10021 ms, used_size=1576960 bytes (3.9%)
(RDMA_READ_CONSUME_CHECK_CONSUMER) timestamp=10021 ms, used_size=1574912 bytes (3.8%)
(RDMA_READ_CONSUME_CHECK_CONSUMER) timestamp=10021 ms, used_size=1572864 bytes (3.8%)
(RDMA_READ_CONSUME_CHECK_CONSUMER) timestamp=10021 ms, used_size=1570816 bytes (3.8%)
(RDMA_READ_CONSUME_CHECK_CONSUMER) timestamp=10021 ms, used_size=1568768 bytes (3.8%)
(RDMA_READ_CONSUME_CHECK_CONSUMER) timestamp=10021 ms, used_size=1566720 bytes (3.8%)
(RDMA_READ_CONSUME_CHECK_CONSUMER) timestamp=10021 ms, used_size=1564672 bytes (3.8%)
(RDMA_READ_CONSUME_CHECK_CONSUMER) timestamp=10021 ms, used_size=1562624 bytes (3.8%)
(RDMA_READ_CONSUME_CHECK_CONSUMER) timestamp=10021 ms, used_size=1560576 bytes (3.8%)
(RDMA_READ_CONSUME_CHECK_CONSUMER) timestamp=10021 ms, used_size=1558528 bytes (3.8%)
(RDMA_READ_CONSUME_CHECK_CONSUMER) timestamp=10021 ms, used_size=1556480 bytes (3.8%)
(RDMA_READ_CONSUME_CHECK_CONSUMER) timestamp=10021 ms, used_size=1554432 bytes (3.8%)
(RDMA_READ_CONSUME_CHECK_CONSUMER) timestamp=10021 ms, used_size=1552384 bytes (3.8%)
(RDMA_READ_CONSUME_CHECK_CONSUMER) timestamp=10021 ms, used_size=1550336 bytes (3.8%)
(RDMA_READ_CONSUME_CHECK_CONSUMER) timestamp=10021 ms, used_size=1548288 bytes (3.8%)
(RDMA_READ_CONSUME_CHECK_CONSUMER) timestamp=10021 ms, used_size=1546240 bytes (3.8%)
(RDMA_READ_CONSUME_CHECK_CONSUMER) timestamp=10021 ms, used_size=1544192 bytes (3.8%)
(RDMA_READ_CONSUME_CHECK_CONSUMER) timestamp=10021 ms, used_size=1542144 bytes (3.8%)
(RDMA_READ_CONSUME_CHECK_CONSUMER) timestamp=10021 ms, used_size=1540096 bytes (3.8%)
(RDMA_READ_CONSUME_CHECK_CONSUMER) timestamp=10021 ms, used_size=1538048 bytes (3.8%)
(RDMA_READ_CONSUME_CHECK_CONSUMER) timestamp=10021 ms, used_size=1536000 bytes (3.8%)
(RDMA_READ_CONSUME_CHECK_CONSUMER) timestamp=10021 ms, used_size=1533952 bytes (3.7%)
(RDMA_READ_CONSUME_CHECK_CONSUMER) timestamp=10021 ms, used_size=1531904 bytes (3.7%)
(RDMA_READ_CONSUME_CHECK_CONSUMER) timestamp=10021 ms, used_size=1529856 bytes (3.7%)
(RDMA_READ_CONSUME_CHECK_CONSUMER) timestamp=10021 ms, used_size=1527808 bytes (3.7%)
(RDMA_READ_CONSUME_CHECK_CONSUMER) timestamp=10021 ms, used_size=1525760 bytes (3.7%)
(RDMA_READ_CONSUME_CHECK_CONSUMER) timestamp=10021 ms, used_size=1523712 bytes (3.7%)
(RDMA_READ_CONSUME_CHECK_CONSUMER) timestamp=10021 ms, used_size=1521664 bytes (3.7%)
(RDMA_READ_CONSUME_CHECK_CONSUMER) timestamp=10021 ms, used_size=1519616 bytes (3.7%)
(RDMA_READ_CONSUME_CHECK_CONSUMER) timestamp=10021 ms, used_size=1517568 bytes (3.7%)
(RDMA_READ_CONSUME_CHECK_CONSUMER) timestamp=10021 ms, used_size=1515520 bytes (3.7%)
(RDMA_READ_CONSUME_CHECK_CONSUMER) timestamp=10021 ms, used_size=1513472 bytes (3.7%)
(RDMA_READ_CONSUME_CHECK_CONSUMER) timestamp=10021 ms, used_size=1511424 bytes (3.7%)
(RDMA_READ_CONSUME_CHECK_CONSUMER) timestamp=10021 ms, used_size=1509376 bytes (3.7%)
(RDMA_READ_CONSUME_CHECK_CONSUMER) timestamp=10021 ms, used_size=1507328 bytes (3.7%)
(RDMA_READ_CONSUME_CHECK_CONSUMER) timestamp=10021 ms, used_size=1505280 bytes (3.7%)
(RDMA_READ_CONSUME_CHECK_CONSUMER) timestamp=10021 ms, used_size=1503232 bytes (3.7%)
(RDMA_READ_CONSUME_CHECK_CONSUMER) timestamp=10021 ms, used_size=1501184 bytes (3.7%)
(RDMA_READ_CONSUME_CHECK_CONSUMER) timestamp=10021 ms, used_size=1499136 bytes (3.7%)
(RDMA_READ_CONSUME_CHECK_CONSUMER) timestamp=10021 ms, used_size=1497088 bytes (3.7%)
(RDMA_READ_CONSUME_CHECK_CONSUMER) timestamp=10021 ms, used_size=1495040 bytes (3.6%)
(RDMA_READ_CONSUME_CHECK_CONSUMER) timestamp=10021 ms, used_size=1492992 bytes (3.6%)
(RDMA_READ_CONSUME_CHECK_CONSUMER) timestamp=10021 ms, used_size=1490944 bytes (3.6%)
(RDMA_READ_CONSUME_CHECK_CONSUMER) timestamp=10021 ms, used_size=1488896 bytes (3.6%)
(RDMA_READ_CONSUME_CHECK_CONSUMER) timestamp=10021 ms, used_size=1486848 bytes (3.6%)
(RDMA_READ_CONSUME_CHECK_CONSUMER) timestamp=10021 ms, used_size=1484800 bytes (3.6%)
(RDMA_READ_CONSUME_CHECK_CONSUMER) timestamp=10021 ms, used_size=1482752 bytes (3.6%)
(RDMA_READ_CONSUME_CHECK_CONSUMER) timestamp=10021 ms, used_size=1480704 bytes (3.6%)
(RDMA_READ_CONSUME_CHECK_CONSUMER) timestamp=10021 ms, used_size=1478656 bytes (3.6%)
(RDMA_READ_CONSUME_CHECK_CONSUMER) timestamp=10021 ms, used_size=1476608 bytes (3.6%)
(RDMA_READ_CONSUME_CHECK_CONSUMER) timestamp=10021 ms, used_size=1474560 bytes (3.6%)
(RDMA_READ_CONSUME_CHECK_CONSUMER) timestamp=10021 ms, used_size=1472512 bytes (3.6%)
(RDMA_READ_CONSUME_CHECK_CONSUMER) timestamp=10021 ms, used_size=1470464 bytes (3.6%)
(RDMA_READ_CONSUME_CHECK_CONSUMER) timestamp=10021 ms, used_size=1468416 bytes (3.6%)
(RDMA_READ_CONSUME_CHECK_CONSUMER) timestamp=10021 ms, used_size=1466368 bytes (3.6%)
(RDMA_READ_CONSUME_CHECK_CONSUMER) timestamp=10021 ms, used_size=1464320 bytes (3.6%)
(RDMA_READ_CONSUME_CHECK_CONSUMER) timestamp=10021 ms, used_size=1462272 bytes (3.6%)
(RDMA_READ_CONSUME_CHECK_CONSUMER) timestamp=10021 ms, used_size=1460224 bytes (3.6%)
(RDMA_READ_CONSUME_CHECK_CONSUMER) timestamp=10021 ms, used_size=1458176 bytes (3.6%)
(RDMA_READ_CONSUME_CHECK_CONSUMER) timestamp=10021 ms, used_size=1456128 bytes (3.6%)
(RDMA_READ_CONSUME_CHECK_CONSUMER) timestamp=10021 ms, used_size=1454080 bytes (3.5%)
(RDMA_READ_CONSUME_CHECK_CONSUMER) timestamp=10021 ms, used_size=1452032 bytes (3.5%)
(RDMA_READ_CONSUME_CHECK_CONSUMER) timestamp=10021 ms, used_size=1449984 bytes (3.5%)
(RDMA_READ_CONSUME_CHECK_CONSUMER) timestamp=10021 ms, used_size=1447936 bytes (3.5%)
(RDMA_READ_CONSUME_CHECK_CONSUMER) timestamp=10021 ms, used_size=1445888 bytes (3.5%)
(RDMA_READ_CONSUME_CHECK_CONSUMER) timestamp=10021 ms, used_size=1443840 bytes (3.5%)
(RDMA_READ_CONSUME_CHECK_CONSUMER) timestamp=10021 ms, used_size=1441792 bytes (3.5%)
(RDMA_READ_CONSUME_CHECK_CONSUMER) timestamp=10021 ms, used_size=1439744 bytes (3.5%)
(RDMA_READ_CONSUME_CHECK_CONSUMER) timestamp=10021 ms, used_size=1437696 bytes (3.5%)
(RDMA_READ_CONSUME_CHECK_CONSUMER) timestamp=10021 ms, used_size=1435648 bytes (3.5%)
(RDMA_READ_CONSUME_CHECK_CONSUMER) timestamp=10021 ms, used_size=1433600 bytes (3.5%)
(RDMA_READ_CONSUME_CHECK_CONSUMER) timestamp=10021 ms, used_size=1431552 bytes (3.5%)
(RDMA_READ_CONSUME_CHECK_CONSUMER) timestamp=10021 ms, used_size=1429504 bytes (3.5%)
(RDMA_READ_CONSUME_CHECK_CONSUMER) timestamp=10021 ms, used_size=1427456 bytes (3.5%)
(RDMA_READ_CONSUME_CHECK_CONSUMER) timestamp=10021 ms, used_size=1425408 bytes (3.5%)
(RDMA_READ_CONSUME_CHECK_CONSUMER) timestamp=10021 ms, used_size=1423360 bytes (3.5%)
(RDMA_READ_CONSUME_CHECK_CONSUMER) timestamp=10021 ms, used_size=1421312 bytes (3.5%)
(RDMA_READ_CONSUME_CHECK_CONSUMER) timestamp=10021 ms, used_size=1419264 bytes (3.5%)
(RDMA_READ_CONSUME_CHECK_CONSUMER) timestamp=10021 ms, used_size=1417216 bytes (3.5%)
(RDMA_READ_CONSUME_CHECK_CONSUMER) timestamp=10021 ms, used_size=1415168 bytes (3.5%)
(RDMA_READ_CONSUME_CHECK_CONSUMER) timestamp=10021 ms, used_size=1413120 bytes (3.5%)
(RDMA_READ_CONSUME_CHECK_CONSUMER) timestamp=10021 ms, used_size=1411072 bytes (3.4%)
(RDMA_READ_CONSUME_CHECK_CONSUMER) timestamp=10021 ms, used_size=1409024 bytes (3.4%)
(RDMA_READ_CONSUME_CHECK_CONSUMER) timestamp=10021 ms, used_size=1406976 bytes (3.4%)
(RDMA_READ_CONSUME_CHECK_CONSUMER) timestamp=10021 ms, used_size=1404928 bytes (3.4%)
(RDMA_READ_CONSUME_CHECK_CONSUMER) timestamp=10021 ms, used_size=1402880 bytes (3.4%)
(RDMA_READ_CONSUME_CHECK_CONSUMER) timestamp=10021 ms, used_size=1400832 bytes (3.4%)
(RDMA_READ_CONSUME_CHECK_CONSUMER) timestamp=10022 ms, used_size=1398784 bytes (3.4%)
(RDMA_READ_CONSUME_CHECK_CONSUMER) timestamp=10022 ms, used_size=1396736 bytes (3.4%)
(RDMA_READ_CONSUME_CHECK_CONSUMER) timestamp=10022 ms, used_size=1394688 bytes (3.4%)
(RDMA_READ_CONSUME_CHECK_CONSUMER) timestamp=10022 ms, used_size=1392640 bytes (3.4%)
(RDMA_READ_CONSUME_CHECK_CONSUMER) timestamp=10022 ms, used_size=1390592 bytes (3.4%)
(RDMA_READ_CONSUME_CHECK_CONSUMER) timestamp=10022 ms, used_size=1388544 bytes (3.4%)
(RDMA_READ_CONSUME_CHECK_CONSUMER) timestamp=10022 ms, used_size=1386496 bytes (3.4%)
(RDMA_READ_CONSUME_CHECK_CONSUMER) timestamp=10022 ms, used_size=1384448 bytes (3.4%)
(RDMA_READ_CONSUME_CHECK_CONSUMER) timestamp=10022 ms, used_size=1382400 bytes (3.4%)
(RDMA_READ_CONSUME_CHECK_CONSUMER) timestamp=10022 ms, used_size=1380352 bytes (3.4%)
(RDMA_READ_CONSUME_CHECK_CONSUMER) timestamp=10022 ms, used_size=1378304 bytes (3.4%)
(RDMA_READ_CONSUME_CHECK_CONSUMER) timestamp=10022 ms, used_size=1376256 bytes (3.4%)
(RDMA_READ_CONSUME_CHECK_CONSUMER) timestamp=10022 ms, used_size=1374208 bytes (3.4%)
(RDMA_READ_CONSUME_CHECK_CONSUMER) timestamp=10022 ms, used_size=1372160 bytes (3.4%)
(RDMA_READ_CONSUME_CHECK_CONSUMER) timestamp=10022 ms, used_size=1370112 bytes (3.3%)
(RDMA_READ_CONSUME_CHECK_CONSUMER) timestamp=10022 ms, used_size=1368064 bytes (3.3%)
(RDMA_READ_CONSUME_CHECK_CONSUMER) timestamp=10022 ms, used_size=1366016 bytes (3.3%)
(RDMA_READ_CONSUME_CHECK_CONSUMER) timestamp=10022 ms, used_size=1363968 bytes (3.3%)
(RDMA_READ_CONSUME_CHECK_CONSUMER) timestamp=10022 ms, used_size=1361920 bytes (3.3%)
(RDMA_READ_CONSUME_CHECK_CONSUMER) timestamp=10022 ms, used_size=1359872 bytes (3.3%)
(RDMA_READ_CONSUME_CHECK_CONSUMER) timestamp=10022 ms, used_size=1357824 bytes (3.3%)
(RDMA_READ_CONSUME_CHECK_CONSUMER) timestamp=10022 ms, used_size=1355776 bytes (3.3%)
(RDMA_READ_CONSUME_CHECK_CONSUMER) timestamp=10022 ms, used_size=1353728 bytes (3.3%)
(RDMA_READ_CONSUME_CHECK_CONSUMER) timestamp=10022 ms, used_size=1351680 bytes (3.3%)
(RDMA_READ_CONSUME_CHECK_CONSUMER) timestamp=10022 ms, used_size=1349632 bytes (3.3%)
(RDMA_READ_CONSUME_CHECK_CONSUMER) timestamp=10022 ms, used_size=1347584 bytes (3.3%)
(RDMA_READ_CONSUME_CHECK_CONSUMER) timestamp=10022 ms, used_size=1345536 bytes (3.3%)
(RDMA_READ_CONSUME_CHECK_CONSUMER) timestamp=10022 ms, used_size=1343488 bytes (3.3%)
(RDMA_READ_CONSUME_CHECK_CONSUMER) timestamp=10022 ms, used_size=1341440 bytes (3.3%)
(RDMA_READ_CONSUME_CHECK_CONSUMER) timestamp=10022 ms, used_size=1339392 bytes (3.3%)
(RDMA_READ_CONSUME_CHECK_CONSUMER) timestamp=10022 ms, used_size=1337344 bytes (3.3%)
(RDMA_READ_CONSUME_CHECK_CONSUMER) timestamp=10022 ms, used_size=1335296 bytes (3.3%)
(RDMA_READ_CONSUME_CHECK_CONSUMER) timestamp=10022 ms, used_size=1333248 bytes (3.3%)
(RDMA_READ_CONSUME_CHECK_CONSUMER) timestamp=10022 ms, used_size=1331200 bytes (3.2%)
(RDMA_READ_CONSUME_CHECK_CONSUMER) timestamp=10022 ms, used_size=1329152 bytes (3.2%)
(RDMA_READ_CONSUME_CHECK_CONSUMER) timestamp=10022 ms, used_size=1327104 bytes (3.2%)
(RDMA_READ_CONSUME_CHECK_CONSUMER) timestamp=10022 ms, used_size=1325056 bytes (3.2%)
(RDMA_READ_CONSUME_CHECK_CONSUMER) timestamp=10022 ms, used_size=1323008 bytes (3.2%)
(RDMA_READ_CONSUME_CHECK_CONSUMER) timestamp=10022 ms, used_size=1320960 bytes (3.2%)
(RDMA_READ_CONSUME_CHECK_CONSUMER) timestamp=10022 ms, used_size=1318912 bytes (3.2%)
(RDMA_READ_CONSUME_CHECK_CONSUMER) timestamp=10022 ms, used_size=1316864 bytes (3.2%)
(RDMA_READ_CONSUME_CHECK_CONSUMER) timestamp=10022 ms, used_size=1314816 bytes (3.2%)
(RDMA_READ_CONSUME_CHECK_CONSUMER) timestamp=10022 ms, used_size=1312768 bytes (3.2%)
(RDMA_READ_CONSUME_CHECK_CONSUMER) timestamp=10022 ms, used_size=1310720 bytes (3.2%)
(RDMA_READ_CONSUME_CHECK_CONSUMER) timestamp=10022 ms, used_size=1308672 bytes (3.2%)
(RDMA_READ_CONSUME_CHECK_CONSUMER) timestamp=10022 ms, used_size=1306624 bytes (3.2%)
(RDMA_READ_CONSUME_CHECK_CONSUMER) timestamp=10022 ms, used_size=1304576 bytes (3.2%)
(RDMA_READ_CONSUME_CHECK_CONSUMER) timestamp=10022 ms, used_size=1302528 bytes (3.2%)
(RDMA_READ_CONSUME_CHECK_CONSUMER) timestamp=10022 ms, used_size=1300480 bytes (3.2%)
(RDMA_READ_CONSUME_CHECK_CONSUMER) timestamp=10022 ms, used_size=1298432 bytes (3.2%)
(RDMA_READ_CONSUME_CHECK_CONSUMER) timestamp=10022 ms, used_size=1296384 bytes (3.2%)
(RDMA_READ_CONSUME_CHECK_CONSUMER) timestamp=10022 ms, used_size=1294336 bytes (3.2%)
(RDMA_READ_CONSUME_CHECK_CONSUMER) timestamp=10022 ms, used_size=1292288 bytes (3.2%)
(RDMA_READ_CONSUME_CHECK_CONSUMER) timestamp=10022 ms, used_size=1290240 bytes (3.1%)
(RDMA_READ_CONSUME_CHECK_CONSUMER) timestamp=10022 ms, used_size=1288192 bytes (3.1%)
(RDMA_READ_CONSUME_CHECK_CONSUMER) timestamp=10022 ms, used_size=1286144 bytes (3.1%)
(RDMA_READ_CONSUME_CHECK_CONSUMER) timestamp=10022 ms, used_size=1284096 bytes (3.1%)
(RDMA_READ_CONSUME_CHECK_CONSUMER) timestamp=10022 ms, used_size=1282048 bytes (3.1%)
(RDMA_READ_CONSUME_CHECK_CONSUMER) timestamp=10022 ms, used_size=1280000 bytes (3.1%)
(RDMA_READ_CONSUME_CHECK_CONSUMER) timestamp=10022 ms, used_size=1277952 bytes (3.1%)
(RDMA_READ_CONSUME_CHECK_CONSUMER) timestamp=10022 ms, used_size=1275904 bytes (3.1%)
(RDMA_READ_CONSUME_CHECK_CONSUMER) timestamp=10022 ms, used_size=1273856 bytes (3.1%)
(RDMA_READ_CONSUME_CHECK_CONSUMER) timestamp=10022 ms, used_size=1271808 bytes (3.1%)
(RDMA_READ_CONSUME_CHECK_CONSUMER) timestamp=10022 ms, used_size=1269760 bytes (3.1%)
(RDMA_READ_CONSUME_CHECK_CONSUMER) timestamp=10022 ms, used_size=1267712 bytes (3.1%)
(RDMA_READ_CONSUME_CHECK_CONSUMER) timestamp=10022 ms, used_size=1265664 bytes (3.1%)
(RDMA_READ_CONSUME_CHECK_CONSUMER) timestamp=10022 ms, used_size=1263616 bytes (3.1%)
(RDMA_READ_CONSUME_CHECK_CONSUMER) timestamp=10022 ms, used_size=1261568 bytes (3.1%)
(RDMA_READ_CONSUME_CHECK_CONSUMER) timestamp=10022 ms, used_size=1259520 bytes (3.1%)
(RDMA_READ_CONSUME_CHECK_CONSUMER) timestamp=10022 ms, used_size=1257472 bytes (3.1%)
(RDMA_READ_CONSUME_CHECK_CONSUMER) timestamp=10022 ms, used_size=1255424 bytes (3.1%)
(RDMA_READ_CONSUME_CHECK_CONSUMER) timestamp=10022 ms, used_size=1253376 bytes (3.1%)
(RDMA_READ_CONSUME_CHECK_CONSUMER) timestamp=10022 ms, used_size=1251328 bytes (3.1%)
(RDMA_READ_CONSUME_CHECK_CONSUMER) timestamp=10022 ms, used_size=1249280 bytes (3.0%)
(RDMA_READ_CONSUME_CHECK_CONSUMER) timestamp=10022 ms, used_size=1247232 bytes (3.0%)
(RDMA_READ_CONSUME_CHECK_CONSUMER) timestamp=10022 ms, used_size=1245184 bytes (3.0%)
(RDMA_READ_CONSUME_CHECK_CONSUMER) timestamp=10022 ms, used_size=1243136 bytes (3.0%)
(RDMA_READ_CONSUME_CHECK_CONSUMER) timestamp=10022 ms, used_size=1241088 bytes (3.0%)
(RDMA_READ_CONSUME_CHECK_CONSUMER) timestamp=10022 ms, used_size=1239040 bytes (3.0%)
(RDMA_READ_CONSUME_CHECK_CONSUMER) timestamp=10022 ms, used_size=1236992 bytes (3.0%)
(RDMA_READ_CONSUME_CHECK_CONSUMER) timestamp=10022 ms, used_size=1234944 bytes (3.0%)
(RDMA_READ_CONSUME_CHECK_CONSUMER) timestamp=10022 ms, used_size=1232896 bytes (3.0%)
(RDMA_READ_CONSUME_CHECK_CONSUMER) timestamp=10022 ms, used_size=1230848 bytes (3.0%)
(RDMA_READ_CONSUME_CHECK_CONSUMER) timestamp=10022 ms, used_size=1228800 bytes (3.0%)
(RDMA_READ_CONSUME_CHECK_CONSUMER) timestamp=10022 ms, used_size=1226752 bytes (3.0%)
(RDMA_READ_CONSUME_CHECK_CONSUMER) timestamp=10022 ms, used_size=1224704 bytes (3.0%)
(RDMA_READ_CONSUME_CHECK_CONSUMER) timestamp=10022 ms, used_size=1222656 bytes (3.0%)
(RDMA_READ_CONSUME_CHECK_CONSUMER) timestamp=10022 ms, used_size=1220608 bytes (3.0%)
(RDMA_READ_CONSUME_CHECK_CONSUMER) timestamp=10022 ms, used_size=1218560 bytes (3.0%)
(RDMA_READ_CONSUME_CHECK_CONSUMER) timestamp=10022 ms, used_size=1216512 bytes (3.0%)
(RDMA_READ_CONSUME_CHECK_CONSUMER) timestamp=10022 ms, used_size=1214464 bytes (3.0%)
(RDMA_READ_CONSUME_CHECK_CONSUMER) timestamp=10022 ms, used_size=1212416 bytes (3.0%)
(RDMA_READ_CONSUME_CHECK_CONSUMER) timestamp=10022 ms, used_size=1210368 bytes (3.0%)
(RDMA_READ_CONSUME_CHECK_CONSUMER) timestamp=10022 ms, used_size=1208320 bytes (3.0%)
(RDMA_READ_CONSUME_CHECK_CONSUMER) timestamp=10022 ms, used_size=1206272 bytes (2.9%)
(RDMA_READ_CONSUME_CHECK_CONSUMER) timestamp=10022 ms, used_size=1204224 bytes (2.9%)
(RDMA_READ_CONSUME_CHECK_CONSUMER) timestamp=10022 ms, used_size=1202176 bytes (2.9%)
(RDMA_READ_CONSUME_CHECK_CONSUMER) timestamp=10022 ms, used_size=1200128 bytes (2.9%)
(RDMA_READ_CONSUME_CHECK_CONSUMER) timestamp=10022 ms, used_size=1198080 bytes (2.9%)
(RDMA_READ_CONSUME_CHECK_CONSUMER) timestamp=10022 ms, used_size=1196032 bytes (2.9%)
(RDMA_READ_CONSUME_CHECK_CONSUMER) timestamp=10022 ms, used_size=1193984 bytes (2.9%)
(RDMA_READ_CONSUME_CHECK_CONSUMER) timestamp=10022 ms, used_size=1191936 bytes (2.9%)
(RDMA_READ_CONSUME_CHECK_CONSUMER) timestamp=10022 ms, used_size=1189888 bytes (2.9%)
(RDMA_READ_CONSUME_CHECK_CONSUMER) timestamp=10022 ms, used_size=1187840 bytes (2.9%)
(RDMA_READ_CONSUME_CHECK_CONSUMER) timestamp=10022 ms, used_size=1185792 bytes (2.9%)
(RDMA_READ_CONSUME_CHECK_CONSUMER) timestamp=10022 ms, used_size=1183744 bytes (2.9%)
(RDMA_READ_CONSUME_CHECK_CONSUMER) timestamp=10022 ms, used_size=1181696 bytes (2.9%)
(RDMA_READ_CONSUME_CHECK_CONSUMER) timestamp=10022 ms, used_size=1179648 bytes (2.9%)
(RDMA_READ_CONSUME_CHECK_CONSUMER) timestamp=10022 ms, used_size=1177600 bytes (2.9%)
(RDMA_READ_CONSUME_CHECK_CONSUMER) timestamp=10022 ms, used_size=1175552 bytes (2.9%)
(RDMA_READ_CONSUME_CHECK_CONSUMER) timestamp=10022 ms, used_size=1173504 bytes (2.9%)
(RDMA_READ_CONSUME_CHECK_CONSUMER) timestamp=10022 ms, used_size=1171456 bytes (2.9%)
(RDMA_READ_CONSUME_CHECK_CONSUMER) timestamp=10022 ms, used_size=1169408 bytes (2.9%)
(RDMA_READ_CONSUME_CHECK_CONSUMER) timestamp=10022 ms, used_size=1167360 bytes (2.9%)
(RDMA_READ_CONSUME_CHECK_CONSUMER) timestamp=10022 ms, used_size=1165312 bytes (2.8%)
(RDMA_READ_CONSUME_CHECK_CONSUMER) timestamp=10022 ms, used_size=1163264 bytes (2.8%)
(RDMA_READ_CONSUME_CHECK_CONSUMER) timestamp=10022 ms, used_size=1161216 bytes (2.8%)
(RDMA_READ_CONSUME_CHECK_CONSUMER) timestamp=10022 ms, used_size=1159168 bytes (2.8%)
(RDMA_READ_CONSUME_CHECK_CONSUMER) timestamp=10022 ms, used_size=1157120 bytes (2.8%)
(RDMA_READ_CONSUME_CHECK_CONSUMER) timestamp=10022 ms, used_size=1155072 bytes (2.8%)
(RDMA_READ_CONSUME_CHECK_CONSUMER) timestamp=10022 ms, used_size=1153024 bytes (2.8%)
(RDMA_READ_CONSUME_CHECK_CONSUMER) timestamp=10022 ms, used_size=1150976 bytes (2.8%)
(RDMA_READ_CONSUME_CHECK_CONSUMER) timestamp=10022 ms, used_size=1148928 bytes (2.8%)
(RDMA_READ_CONSUME_CHECK_CONSUMER) timestamp=10022 ms, used_size=1146880 bytes (2.8%)
(RDMA_READ_CONSUME_CHECK_CONSUMER) timestamp=10022 ms, used_size=1144832 bytes (2.8%)
(RDMA_READ_CONSUME_CHECK_CONSUMER) timestamp=10022 ms, used_size=1142784 bytes (2.8%)
(RDMA_READ_CONSUME_CHECK_CONSUMER) timestamp=10022 ms, used_size=1140736 bytes (2.8%)
(RDMA_READ_CONSUME_CHECK_CONSUMER) timestamp=10022 ms, used_size=1138688 bytes (2.8%)
(RDMA_READ_CONSUME_CHECK_CONSUMER) timestamp=10022 ms, used_size=1136640 bytes (2.8%)
(RDMA_READ_CONSUME_CHECK_CONSUMER) timestamp=10022 ms, used_size=1134592 bytes (2.8%)
(RDMA_READ_CONSUME_CHECK_CONSUMER) timestamp=10022 ms, used_size=1132544 bytes (2.8%)
(RDMA_READ_CONSUME_CHECK_CONSUMER) timestamp=10022 ms, used_size=1130496 bytes (2.8%)
(RDMA_READ_CONSUME_CHECK_CONSUMER) timestamp=10022 ms, used_size=1128448 bytes (2.8%)
(RDMA_READ_CONSUME_CHECK_CONSUMER) timestamp=10022 ms, used_size=1126400 bytes (2.8%)
(RDMA_READ_CONSUME_CHECK_CONSUMER) timestamp=10022 ms, used_size=1124352 bytes (2.7%)
(RDMA_READ_CONSUME_CHECK_CONSUMER) timestamp=10022 ms, used_size=1122304 bytes (2.7%)
(RDMA_READ_CONSUME_CHECK_CONSUMER) timestamp=10022 ms, used_size=1120256 bytes (2.7%)
(RDMA_READ_CONSUME_CHECK_CONSUMER) timestamp=10022 ms, used_size=1118208 bytes (2.7%)
(RDMA_READ_CONSUME_CHECK_CONSUMER) timestamp=10022 ms, used_size=1116160 bytes (2.7%)
(RDMA_READ_CONSUME_CHECK_CONSUMER) timestamp=10022 ms, used_size=1114112 bytes (2.7%)
(RDMA_READ_CONSUME_CHECK_CONSUMER) timestamp=10022 ms, used_size=1112064 bytes (2.7%)
(RDMA_READ_CONSUME_CHECK_CONSUMER) timestamp=10022 ms, used_size=1110016 bytes (2.7%)
(RDMA_READ_CONSUME_CHECK_CONSUMER) timestamp=10022 ms, used_size=1107968 bytes (2.7%)
(RDMA_READ_CONSUME_CHECK_CONSUMER) timestamp=10022 ms, used_size=1105920 bytes (2.7%)
(RDMA_READ_CONSUME_CHECK_CONSUMER) timestamp=10022 ms, used_size=1103872 bytes (2.7%)
(RDMA_READ_CONSUME_CHECK_CONSUMER) timestamp=10022 ms, used_size=1101824 bytes (2.7%)
(RDMA_READ_CONSUME_CHECK_CONSUMER) timestamp=10022 ms, used_size=1099776 bytes (2.7%)
(RDMA_READ_CONSUME_CHECK_CONSUMER) timestamp=10022 ms, used_size=1097728 bytes (2.7%)
(RDMA_READ_CONSUME_CHECK_CONSUMER) timestamp=10022 ms, used_size=1095680 bytes (2.7%)
(RDMA_READ_CONSUME_CHECK_CONSUMER) timestamp=10022 ms, used_size=1093632 bytes (2.7%)
(RDMA_READ_CONSUME_CHECK_CONSUMER) timestamp=10022 ms, used_size=1091584 bytes (2.7%)
(RDMA_READ_CONSUME_CHECK_CONSUMER) timestamp=10022 ms, used_size=1089536 bytes (2.7%)
(RDMA_READ_CONSUME_CHECK_CONSUMER) timestamp=10022 ms, used_size=1087488 bytes (2.7%)
(RDMA_READ_CONSUME_CHECK_CONSUMER) timestamp=10022 ms, used_size=1085440 bytes (2.6%)
(RDMA_READ_CONSUME_CHECK_CONSUMER) timestamp=10022 ms, used_size=1083392 bytes (2.6%)
(RDMA_READ_CONSUME_CHECK_CONSUMER) timestamp=10022 ms, used_size=1081344 bytes (2.6%)
(RDMA_READ_CONSUME_CHECK_CONSUMER) timestamp=10022 ms, used_size=1079296 bytes (2.6%)
(RDMA_READ_CONSUME_CHECK_CONSUMER) timestamp=10022 ms, used_size=1077248 bytes (2.6%)
(RDMA_READ_CONSUME_CHECK_CONSUMER) timestamp=10022 ms, used_size=1075200 bytes (2.6%)
(RDMA_READ_CONSUME_CHECK_CONSUMER) timestamp=10022 ms, used_size=1073152 bytes (2.6%)
(RDMA_READ_CONSUME_CHECK_CONSUMER) timestamp=10022 ms, used_size=1071104 bytes (2.6%)
(RDMA_READ_CONSUME_CHECK_CONSUMER) timestamp=10022 ms, used_size=1069056 bytes (2.6%)
(RDMA_READ_CONSUME_CHECK_CONSUMER) timestamp=10022 ms, used_size=1067008 bytes (2.6%)
(RDMA_READ_CONSUME_CHECK_CONSUMER) timestamp=10022 ms, used_size=1064960 bytes (2.6%)
(RDMA_READ_CONSUME_CHECK_CONSUMER) timestamp=10022 ms, used_size=1062912 bytes (2.6%)
(RDMA_READ_CONSUME_CHECK_CONSUMER) timestamp=10022 ms, used_size=1060864 bytes (2.6%)
(RDMA_READ_CONSUME_CHECK_CONSUMER) timestamp=10022 ms, used_size=1058816 bytes (2.6%)
(RDMA_READ_CONSUME_CHECK_CONSUMER) timestamp=10023 ms, used_size=1056768 bytes (2.6%)
(RDMA_READ_CONSUME_CHECK_CONSUMER) timestamp=10023 ms, used_size=1054720 bytes (2.6%)
(RDMA_READ_CONSUME_CHECK_CONSUMER) timestamp=10023 ms, used_size=1052672 bytes (2.6%)
(RDMA_READ_CONSUME_CHECK_CONSUMER) timestamp=10023 ms, used_size=1050624 bytes (2.6%)
(RDMA_READ_CONSUME_CHECK_CONSUMER) timestamp=10023 ms, used_size=1048576 bytes (2.6%)
(RDMA_READ_CONSUME_CHECK_CONSUMER) timestamp=10023 ms, used_size=1046528 bytes (2.6%)
(RDMA_READ_CONSUME_CHECK_CONSUMER) timestamp=10023 ms, used_size=1044480 bytes (2.5%)
(RDMA_READ_CONSUME_CHECK_CONSUMER) timestamp=10023 ms, used_size=1042432 bytes (2.5%)
(RDMA_READ_CONSUME_CHECK_CONSUMER) timestamp=10023 ms, used_size=1040384 bytes (2.5%)
(RDMA_READ_CONSUME_CHECK_CONSUMER) timestamp=10023 ms, used_size=1038336 bytes (2.5%)
(RDMA_READ_CONSUME_CHECK_CONSUMER) timestamp=10023 ms, used_size=1036288 bytes (2.5%)
(RDMA_READ_CONSUME_CHECK_CONSUMER) timestamp=10023 ms, used_size=1034240 bytes (2.5%)
(RDMA_READ_CONSUME_CHECK_CONSUMER) timestamp=10023 ms, used_size=1032192 bytes (2.5%)
(RDMA_READ_CONSUME_CHECK_CONSUMER) timestamp=10023 ms, used_size=1030144 bytes (2.5%)
(RDMA_READ_CONSUME_CHECK_CONSUMER) timestamp=10023 ms, used_size=1028096 bytes (2.5%)
(RDMA_READ_CONSUME_CHECK_CONSUMER) timestamp=10023 ms, used_size=1026048 bytes (2.5%)
(RDMA_READ_CONSUME_CHECK_CONSUMER) timestamp=10023 ms, used_size=1024000 bytes (2.5%)
(RDMA_READ_CONSUME_CHECK_CONSUMER) timestamp=10023 ms, used_size=1021952 bytes (2.5%)
(RDMA_READ_CONSUME_CHECK_CONSUMER) timestamp=10023 ms, used_size=1019904 bytes (2.5%)
(RDMA_READ_CONSUME_CHECK_CONSUMER) timestamp=10023 ms, used_size=1017856 bytes (2.5%)
(RDMA_READ_CONSUME_CHECK_CONSUMER) timestamp=10023 ms, used_size=1015808 bytes (2.5%)
(RDMA_READ_CONSUME_CHECK_CONSUMER) timestamp=10023 ms, used_size=1013760 bytes (2.5%)
(RDMA_READ_CONSUME_CHECK_CONSUMER) timestamp=10023 ms, used_size=1011712 bytes (2.5%)
(RDMA_READ_CONSUME_CHECK_CONSUMER) timestamp=10023 ms, used_size=1009664 bytes (2.5%)
(RDMA_READ_CONSUME_CHECK_CONSUMER) timestamp=10023 ms, used_size=1007616 bytes (2.5%)
(RDMA_READ_CONSUME_CHECK_CONSUMER) timestamp=10023 ms, used_size=1005568 bytes (2.5%)
(RDMA_READ_CONSUME_CHECK_CONSUMER) timestamp=10023 ms, used_size=1003520 bytes (2.5%)
(RDMA_READ_CONSUME_CHECK_CONSUMER) timestamp=10023 ms, used_size=1001472 bytes (2.4%)
(RDMA_READ_CONSUME_CHECK_CONSUMER) timestamp=10023 ms, used_size=999424 bytes (2.4%)
(RDMA_READ_CONSUME_CHECK_CONSUMER) timestamp=10023 ms, used_size=997376 bytes (2.4%)
(RDMA_READ_CONSUME_CHECK_CONSUMER) timestamp=10023 ms, used_size=995328 bytes (2.4%)
(RDMA_READ_CONSUME_CHECK_CONSUMER) timestamp=10023 ms, used_size=993280 bytes (2.4%)
(RDMA_READ_CONSUME_CHECK_CONSUMER) timestamp=10023 ms, used_size=991232 bytes (2.4%)
(RDMA_READ_CONSUME_CHECK_CONSUMER) timestamp=10023 ms, used_size=989184 bytes (2.4%)
(RDMA_READ_CONSUME_CHECK_CONSUMER) timestamp=10023 ms, used_size=987136 bytes (2.4%)
(RDMA_READ_CONSUME_CHECK_CONSUMER) timestamp=10023 ms, used_size=985088 bytes (2.4%)
(RDMA_READ_CONSUME_CHECK_CONSUMER) timestamp=10023 ms, used_size=983040 bytes (2.4%)
(RDMA_READ_CONSUME_CHECK_CONSUMER) timestamp=10023 ms, used_size=980992 bytes (2.4%)
(RDMA_READ_CONSUME_CHECK_CONSUMER) timestamp=10023 ms, used_size=978944 bytes (2.4%)
(RDMA_READ_CONSUME_CHECK_CONSUMER) timestamp=10023 ms, used_size=976896 bytes (2.4%)
(RDMA_READ_CONSUME_CHECK_CONSUMER) timestamp=10023 ms, used_size=974848 bytes (2.4%)
(RDMA_READ_CONSUME_CHECK_CONSUMER) timestamp=10023 ms, used_size=972800 bytes (2.4%)
(RDMA_READ_CONSUME_CHECK_CONSUMER) timestamp=10023 ms, used_size=970752 bytes (2.4%)
(RDMA_READ_CONSUME_CHECK_CONSUMER) timestamp=10023 ms, used_size=968704 bytes (2.4%)
(RDMA_READ_CONSUME_CHECK_CONSUMER) timestamp=10023 ms, used_size=966656 bytes (2.4%)
(RDMA_READ_CONSUME_CHECK_CONSUMER) timestamp=10023 ms, used_size=964608 bytes (2.4%)
(RDMA_READ_CONSUME_CHECK_CONSUMER) timestamp=10023 ms, used_size=962560 bytes (2.4%)
(RDMA_READ_CONSUME_CHECK_CONSUMER) timestamp=10023 ms, used_size=960512 bytes (2.3%)
(RDMA_READ_CONSUME_CHECK_CONSUMER) timestamp=10023 ms, used_size=958464 bytes (2.3%)
(RDMA_READ_CONSUME_CHECK_CONSUMER) timestamp=10023 ms, used_size=956416 bytes (2.3%)
(RDMA_READ_CONSUME_CHECK_CONSUMER) timestamp=10023 ms, used_size=954368 bytes (2.3%)
(RDMA_READ_CONSUME_CHECK_CONSUMER) timestamp=10023 ms, used_size=952320 bytes (2.3%)
(RDMA_READ_CONSUME_CHECK_CONSUMER) timestamp=10023 ms, used_size=950272 bytes (2.3%)
(RDMA_READ_CONSUME_CHECK_CONSUMER) timestamp=10023 ms, used_size=948224 bytes (2.3%)
(RDMA_READ_CONSUME_CHECK_CONSUMER) timestamp=10023 ms, used_size=946176 bytes (2.3%)
(RDMA_READ_CONSUME_CHECK_CONSUMER) timestamp=10023 ms, used_size=944128 bytes (2.3%)
(RDMA_READ_CONSUME_CHECK_CONSUMER) timestamp=10023 ms, used_size=942080 bytes (2.3%)
(RDMA_READ_CONSUME_CHECK_CONSUMER) timestamp=10023 ms, used_size=940032 bytes (2.3%)
(RDMA_READ_CONSUME_CHECK_CONSUMER) timestamp=10023 ms, used_size=937984 bytes (2.3%)
(RDMA_READ_CONSUME_CHECK_CONSUMER) timestamp=10023 ms, used_size=935936 bytes (2.3%)
(RDMA_READ_CONSUME_CHECK_CONSUMER) timestamp=10023 ms, used_size=933888 bytes (2.3%)
(RDMA_READ_CONSUME_CHECK_CONSUMER) timestamp=10023 ms, used_size=931840 bytes (2.3%)
(RDMA_READ_CONSUME_CHECK_CONSUMER) timestamp=10023 ms, used_size=929792 bytes (2.3%)
(RDMA_READ_CONSUME_CHECK_CONSUMER) timestamp=10023 ms, used_size=927744 bytes (2.3%)
(RDMA_READ_CONSUME_CHECK_CONSUMER) timestamp=10023 ms, used_size=925696 bytes (2.3%)
(RDMA_READ_CONSUME_CHECK_CONSUMER) timestamp=10023 ms, used_size=923648 bytes (2.3%)
(RDMA_READ_CONSUME_CHECK_CONSUMER) timestamp=10023 ms, used_size=921600 bytes (2.2%)
(RDMA_READ_CONSUME_CHECK_CONSUMER) timestamp=10023 ms, used_size=919552 bytes (2.2%)
(RDMA_READ_CONSUME_CHECK_CONSUMER) timestamp=10023 ms, used_size=917504 bytes (2.2%)
(RDMA_READ_CONSUME_CHECK_CONSUMER) timestamp=10023 ms, used_size=915456 bytes (2.2%)
(RDMA_READ_CONSUME_CHECK_CONSUMER) timestamp=10023 ms, used_size=913408 bytes (2.2%)
(RDMA_READ_CONSUME_CHECK_CONSUMER) timestamp=10023 ms, used_size=911360 bytes (2.2%)
(RDMA_READ_CONSUME_CHECK_CONSUMER) timestamp=10023 ms, used_size=909312 bytes (2.2%)
(RDMA_READ_CONSUME_CHECK_CONSUMER) timestamp=10023 ms, used_size=907264 bytes (2.2%)
(RDMA_READ_CONSUME_CHECK_CONSUMER) timestamp=10023 ms, used_size=905216 bytes (2.2%)
(RDMA_READ_CONSUME_CHECK_CONSUMER) timestamp=10023 ms, used_size=903168 bytes (2.2%)
(RDMA_READ_CONSUME_CHECK_CONSUMER) timestamp=10023 ms, used_size=901120 bytes (2.2%)
(RDMA_READ_CONSUME_CHECK_CONSUMER) timestamp=10023 ms, used_size=899072 bytes (2.2%)
(RDMA_READ_CONSUME_CHECK_CONSUMER) timestamp=10023 ms, used_size=897024 bytes (2.2%)
(RDMA_READ_CONSUME_CHECK_CONSUMER) timestamp=10023 ms, used_size=894976 bytes (2.2%)
(RDMA_READ_CONSUME_CHECK_CONSUMER) timestamp=10023 ms, used_size=892928 bytes (2.2%)
(RDMA_READ_CONSUME_CHECK_CONSUMER) timestamp=10023 ms, used_size=890880 bytes (2.2%)
(RDMA_READ_CONSUME_CHECK_CONSUMER) timestamp=10023 ms, used_size=888832 bytes (2.2%)
(RDMA_READ_CONSUME_CHECK_CONSUMER) timestamp=10023 ms, used_size=886784 bytes (2.2%)
(RDMA_READ_CONSUME_CHECK_CONSUMER) timestamp=10023 ms, used_size=884736 bytes (2.2%)
(RDMA_READ_CONSUME_CHECK_CONSUMER) timestamp=10023 ms, used_size=882688 bytes (2.2%)
(RDMA_READ_CONSUME_CHECK_CONSUMER) timestamp=10023 ms, used_size=880640 bytes (2.1%)
(RDMA_READ_CONSUME_CHECK_CONSUMER) timestamp=10023 ms, used_size=878592 bytes (2.1%)
(RDMA_READ_CONSUME_CHECK_CONSUMER) timestamp=10023 ms, used_size=876544 bytes (2.1%)
(RDMA_READ_CONSUME_CHECK_CONSUMER) timestamp=10023 ms, used_size=874496 bytes (2.1%)
(RDMA_READ_CONSUME_CHECK_CONSUMER) timestamp=10023 ms, used_size=872448 bytes (2.1%)
(RDMA_READ_CONSUME_CHECK_CONSUMER) timestamp=10023 ms, used_size=870400 bytes (2.1%)
(RDMA_READ_CONSUME_CHECK_CONSUMER) timestamp=10023 ms, used_size=868352 bytes (2.1%)
(RDMA_READ_CONSUME_CHECK_CONSUMER) timestamp=10023 ms, used_size=866304 bytes (2.1%)
(RDMA_READ_CONSUME_CHECK_CONSUMER) timestamp=10023 ms, used_size=864256 bytes (2.1%)
(RDMA_READ_CONSUME_CHECK_CONSUMER) timestamp=10023 ms, used_size=862208 bytes (2.1%)
(RDMA_READ_CONSUME_CHECK_CONSUMER) timestamp=10023 ms, used_size=860160 bytes (2.1%)
(RDMA_READ_CONSUME_CHECK_CONSUMER) timestamp=10023 ms, used_size=858112 bytes (2.1%)
(RDMA_READ_CONSUME_CHECK_CONSUMER) timestamp=10023 ms, used_size=856064 bytes (2.1%)
(RDMA_READ_CONSUME_CHECK_CONSUMER) timestamp=10023 ms, used_size=854016 bytes (2.1%)
(RDMA_READ_CONSUME_CHECK_CONSUMER) timestamp=10023 ms, used_size=851968 bytes (2.1%)
(RDMA_READ_CONSUME_CHECK_CONSUMER) timestamp=10023 ms, used_size=849920 bytes (2.1%)
(RDMA_READ_CONSUME_CHECK_CONSUMER) timestamp=10023 ms, used_size=847872 bytes (2.1%)
(RDMA_READ_CONSUME_CHECK_CONSUMER) timestamp=10023 ms, used_size=845824 bytes (2.1%)
(RDMA_READ_CONSUME_CHECK_CONSUMER) timestamp=10023 ms, used_size=843776 bytes (2.1%)
(RDMA_READ_CONSUME_CHECK_CONSUMER) timestamp=10023 ms, used_size=841728 bytes (2.1%)
(RDMA_READ_CONSUME_CHECK_CONSUMER) timestamp=10023 ms, used_size=839680 bytes (2.0%)
(RDMA_READ_CONSUME_CHECK_CONSUMER) timestamp=10023 ms, used_size=837632 bytes (2.0%)
(RDMA_READ_CONSUME_CHECK_CONSUMER) timestamp=10023 ms, used_size=835584 bytes (2.0%)
(RDMA_READ_CONSUME_CHECK_CONSUMER) timestamp=10023 ms, used_size=833536 bytes (2.0%)
(RDMA_READ_CONSUME_CHECK_CONSUMER) timestamp=10023 ms, used_size=831488 bytes (2.0%)
(RDMA_READ_CONSUME_CHECK_CONSUMER) timestamp=10023 ms, used_size=829440 bytes (2.0%)
(RDMA_READ_CONSUME_CHECK_CONSUMER) timestamp=10023 ms, used_size=827392 bytes (2.0%)
(RDMA_READ_CONSUME_CHECK_CONSUMER) timestamp=10023 ms, used_size=825344 bytes (2.0%)
(RDMA_READ_CONSUME_CHECK_CONSUMER) timestamp=10023 ms, used_size=823296 bytes (2.0%)
(RDMA_READ_CONSUME_CHECK_CONSUMER) timestamp=10023 ms, used_size=821248 bytes (2.0%)
(RDMA_READ_CONSUME_CHECK_CONSUMER) timestamp=10023 ms, used_size=819200 bytes (2.0%)
(RDMA_READ_CONSUME_CHECK_CONSUMER) timestamp=10023 ms, used_size=817152 bytes (2.0%)
(RDMA_READ_CONSUME_CHECK_CONSUMER) timestamp=10023 ms, used_size=815104 bytes (2.0%)
(RDMA_READ_CONSUME_CHECK_CONSUMER) timestamp=10023 ms, used_size=813056 bytes (2.0%)
(RDMA_READ_CONSUME_CHECK_CONSUMER) timestamp=10023 ms, used_size=811008 bytes (2.0%)
(RDMA_READ_CONSUME_CHECK_CONSUMER) timestamp=10023 ms, used_size=808960 bytes (2.0%)
(RDMA_READ_CONSUME_CHECK_CONSUMER) timestamp=10023 ms, used_size=806912 bytes (2.0%)
(RDMA_READ_CONSUME_CHECK_CONSUMER) timestamp=10023 ms, used_size=804864 bytes (2.0%)
(RDMA_READ_CONSUME_CHECK_CONSUMER) timestamp=10023 ms, used_size=802816 bytes (2.0%)
(RDMA_READ_CONSUME_CHECK_CONSUMER) timestamp=10023 ms, used_size=800768 bytes (2.0%)
(RDMA_READ_CONSUME_CHECK_CONSUMER) timestamp=10023 ms, used_size=798720 bytes (1.9%)
(RDMA_READ_CONSUME_CHECK_CONSUMER) timestamp=10023 ms, used_size=796672 bytes (1.9%)
(RDMA_READ_CONSUME_CHECK_CONSUMER) timestamp=10023 ms, used_size=794624 bytes (1.9%)
(RDMA_READ_CONSUME_CHECK_CONSUMER) timestamp=10023 ms, used_size=792576 bytes (1.9%)
(RDMA_READ_CONSUME_CHECK_CONSUMER) timestamp=10023 ms, used_size=790528 bytes (1.9%)
(RDMA_READ_CONSUME_CHECK_CONSUMER) timestamp=10023 ms, used_size=788480 bytes (1.9%)
(RDMA_READ_CONSUME_CHECK_CONSUMER) timestamp=10023 ms, used_size=786432 bytes (1.9%)
(RDMA_READ_CONSUME_CHECK_CONSUMER) timestamp=10023 ms, used_size=784384 bytes (1.9%)
(RDMA_READ_CONSUME_CHECK_CONSUMER) timestamp=10023 ms, used_size=782336 bytes (1.9%)
(RDMA_READ_CONSUME_CHECK_CONSUMER) timestamp=10023 ms, used_size=780288 bytes (1.9%)
(RDMA_READ_CONSUME_CHECK_CONSUMER) timestamp=10023 ms, used_size=778240 bytes (1.9%)
(RDMA_READ_CONSUME_CHECK_CONSUMER) timestamp=10023 ms, used_size=776192 bytes (1.9%)
(RDMA_READ_CONSUME_CHECK_CONSUMER) timestamp=10023 ms, used_size=774144 bytes (1.9%)
(RDMA_READ_CONSUME_CHECK_CONSUMER) timestamp=10023 ms, used_size=772096 bytes (1.9%)
(RDMA_READ_CONSUME_CHECK_CONSUMER) timestamp=10023 ms, used_size=770048 bytes (1.9%)
(RDMA_READ_CONSUME_CHECK_CONSUMER) timestamp=10023 ms, used_size=768000 bytes (1.9%)
(RDMA_READ_CONSUME_CHECK_CONSUMER) timestamp=10023 ms, used_size=765952 bytes (1.9%)
(RDMA_READ_CONSUME_CHECK_CONSUMER) timestamp=10023 ms, used_size=763904 bytes (1.9%)
(RDMA_READ_CONSUME_CHECK_CONSUMER) timestamp=10023 ms, used_size=761856 bytes (1.9%)
(RDMA_READ_CONSUME_CHECK_CONSUMER) timestamp=10023 ms, used_size=759808 bytes (1.9%)
(RDMA_READ_CONSUME_CHECK_CONSUMER) timestamp=10023 ms, used_size=757760 bytes (1.9%)
(RDMA_READ_CONSUME_CHECK_CONSUMER) timestamp=10023 ms, used_size=755712 bytes (1.8%)
(RDMA_READ_CONSUME_CHECK_CONSUMER) timestamp=10023 ms, used_size=753664 bytes (1.8%)
(RDMA_READ_CONSUME_CHECK_CONSUMER) timestamp=10023 ms, used_size=751616 bytes (1.8%)
(RDMA_READ_CONSUME_CHECK_CONSUMER) timestamp=10023 ms, used_size=749568 bytes (1.8%)
(RDMA_READ_CONSUME_CHECK_CONSUMER) timestamp=10023 ms, used_size=747520 bytes (1.8%)
(RDMA_READ_CONSUME_CHECK_CONSUMER) timestamp=10023 ms, used_size=745472 bytes (1.8%)
(RDMA_READ_CONSUME_CHECK_CONSUMER) timestamp=10023 ms, used_size=743424 bytes (1.8%)
(RDMA_READ_CONSUME_CHECK_CONSUMER) timestamp=10023 ms, used_size=741376 bytes (1.8%)
(RDMA_READ_CONSUME_CHECK_CONSUMER) timestamp=10023 ms, used_size=739328 bytes (1.8%)
(RDMA_READ_CONSUME_CHECK_CONSUMER) timestamp=10023 ms, used_size=737280 bytes (1.8%)
(RDMA_READ_CONSUME_CHECK_CONSUMER) timestamp=10023 ms, used_size=735232 bytes (1.8%)
(RDMA_READ_CONSUME_CHECK_CONSUMER) timestamp=10023 ms, used_size=733184 bytes (1.8%)
(RDMA_READ_CONSUME_CHECK_CONSUMER) timestamp=10023 ms, used_size=731136 bytes (1.8%)
(RDMA_READ_CONSUME_CHECK_CONSUMER) timestamp=10023 ms, used_size=729088 bytes (1.8%)
(RDMA_READ_CONSUME_CHECK_CONSUMER) timestamp=10023 ms, used_size=727040 bytes (1.8%)
(RDMA_READ_CONSUME_CHECK_CONSUMER) timestamp=10023 ms, used_size=724992 bytes (1.8%)
(RDMA_READ_CONSUME_CHECK_CONSUMER) timestamp=10023 ms, used_size=722944 bytes (1.8%)
(RDMA_READ_CONSUME_CHECK_CONSUMER) timestamp=10023 ms, used_size=720896 bytes (1.8%)
(RDMA_READ_CONSUME_CHECK_CONSUMER) timestamp=10023 ms, used_size=718848 bytes (1.8%)
(RDMA_READ_CONSUME_CHECK_CONSUMER) timestamp=10023 ms, used_size=716800 bytes (1.8%)
(RDMA_READ_CONSUME_CHECK_CONSUMER) timestamp=10023 ms, used_size=714752 bytes (1.7%)
(RDMA_READ_CONSUME_CHECK_CONSUMER) timestamp=10023 ms, used_size=712704 bytes (1.7%)
(RDMA_READ_CONSUME_CHECK_CONSUMER) timestamp=10023 ms, used_size=710656 bytes (1.7%)
(RDMA_READ_CONSUME_CHECK_CONSUMER) timestamp=10023 ms, used_size=708608 bytes (1.7%)
(RDMA_READ_CONSUME_CHECK_CONSUMER) timestamp=10023 ms, used_size=706560 bytes (1.7%)
(RDMA_READ_CONSUME_CHECK_CONSUMER) timestamp=10024 ms, used_size=704512 bytes (1.7%)
(RDMA_READ_CONSUME_CHECK_CONSUMER) timestamp=10024 ms, used_size=702464 bytes (1.7%)
(RDMA_READ_CONSUME_CHECK_CONSUMER) timestamp=10024 ms, used_size=700416 bytes (1.7%)
(RDMA_READ_CONSUME_CHECK_CONSUMER) timestamp=10024 ms, used_size=698368 bytes (1.7%)
(RDMA_READ_CONSUME_CHECK_CONSUMER) timestamp=10024 ms, used_size=696320 bytes (1.7%)
(RDMA_READ_CONSUME_CHECK_CONSUMER) timestamp=10024 ms, used_size=694272 bytes (1.7%)
(RDMA_READ_CONSUME_CHECK_CONSUMER) timestamp=10024 ms, used_size=692224 bytes (1.7%)
(RDMA_READ_CONSUME_CHECK_CONSUMER) timestamp=10024 ms, used_size=690176 bytes (1.7%)
(RDMA_READ_CONSUME_CHECK_CONSUMER) timestamp=10024 ms, used_size=688128 bytes (1.7%)
(RDMA_READ_CONSUME_CHECK_CONSUMER) timestamp=10024 ms, used_size=686080 bytes (1.7%)
(RDMA_READ_CONSUME_CHECK_CONSUMER) timestamp=10024 ms, used_size=684032 bytes (1.7%)
(RDMA_READ_CONSUME_CHECK_CONSUMER) timestamp=10024 ms, used_size=681984 bytes (1.7%)
(RDMA_READ_CONSUME_CHECK_CONSUMER) timestamp=10024 ms, used_size=679936 bytes (1.7%)
(RDMA_READ_CONSUME_CHECK_CONSUMER) timestamp=10024 ms, used_size=677888 bytes (1.7%)
(RDMA_READ_CONSUME_CHECK_CONSUMER) timestamp=10024 ms, used_size=675840 bytes (1.6%)
(RDMA_READ_CONSUME_CHECK_CONSUMER) timestamp=10024 ms, used_size=673792 bytes (1.6%)
(RDMA_READ_CONSUME_CHECK_CONSUMER) timestamp=10024 ms, used_size=671744 bytes (1.6%)
(RDMA_READ_CONSUME_CHECK_CONSUMER) timestamp=10024 ms, used_size=669696 bytes (1.6%)
(RDMA_READ_CONSUME_CHECK_CONSUMER) timestamp=10024 ms, used_size=667648 bytes (1.6%)
(RDMA_READ_CONSUME_CHECK_CONSUMER) timestamp=10024 ms, used_size=665600 bytes (1.6%)
(RDMA_READ_CONSUME_CHECK_CONSUMER) timestamp=10024 ms, used_size=663552 bytes (1.6%)
(RDMA_READ_CONSUME_CHECK_CONSUMER) timestamp=10024 ms, used_size=661504 bytes (1.6%)
(RDMA_READ_CONSUME_CHECK_CONSUMER) timestamp=10024 ms, used_size=659456 bytes (1.6%)
(RDMA_READ_CONSUME_CHECK_CONSUMER) timestamp=10024 ms, used_size=657408 bytes (1.6%)
(RDMA_READ_CONSUME_CHECK_CONSUMER) timestamp=10024 ms, used_size=655360 bytes (1.6%)
(RDMA_READ_CONSUME_CHECK_CONSUMER) timestamp=10024 ms, used_size=653312 bytes (1.6%)
(RDMA_READ_CONSUME_CHECK_CONSUMER) timestamp=10024 ms, used_size=651264 bytes (1.6%)
(RDMA_READ_CONSUME_CHECK_CONSUMER) timestamp=10024 ms, used_size=649216 bytes (1.6%)
(RDMA_READ_CONSUME_CHECK_CONSUMER) timestamp=10024 ms, used_size=647168 bytes (1.6%)
(RDMA_READ_CONSUME_CHECK_CONSUMER) timestamp=10024 ms, used_size=645120 bytes (1.6%)
(RDMA_READ_CONSUME_CHECK_CONSUMER) timestamp=10024 ms, used_size=643072 bytes (1.6%)
(RDMA_READ_CONSUME_CHECK_CONSUMER) timestamp=10024 ms, used_size=641024 bytes (1.6%)
(RDMA_READ_CONSUME_CHECK_CONSUMER) timestamp=10024 ms, used_size=638976 bytes (1.6%)
(RDMA_READ_CONSUME_CHECK_CONSUMER) timestamp=10024 ms, used_size=636928 bytes (1.6%)
(RDMA_READ_CONSUME_CHECK_CONSUMER) timestamp=10024 ms, used_size=634880 bytes (1.6%)
(RDMA_READ_CONSUME_CHECK_CONSUMER) timestamp=10024 ms, used_size=632832 bytes (1.5%)
(RDMA_READ_CONSUME_CHECK_CONSUMER) timestamp=10024 ms, used_size=630784 bytes (1.5%)
(RDMA_READ_CONSUME_CHECK_CONSUMER) timestamp=10024 ms, used_size=628736 bytes (1.5%)
(RDMA_READ_CONSUME_CHECK_CONSUMER) timestamp=10024 ms, used_size=626688 bytes (1.5%)
(RDMA_READ_CONSUME_CHECK_CONSUMER) timestamp=10024 ms, used_size=624640 bytes (1.5%)
(RDMA_READ_CONSUME_CHECK_CONSUMER) timestamp=10024 ms, used_size=622592 bytes (1.5%)
(RDMA_READ_CONSUME_CHECK_CONSUMER) timestamp=10024 ms, used_size=620544 bytes (1.5%)
(RDMA_READ_CONSUME_CHECK_CONSUMER) timestamp=10024 ms, used_size=618496 bytes (1.5%)
(RDMA_READ_CONSUME_CHECK_CONSUMER) timestamp=10024 ms, used_size=616448 bytes (1.5%)
(RDMA_READ_CONSUME_CHECK_CONSUMER) timestamp=10024 ms, used_size=614400 bytes (1.5%)
(RDMA_READ_CONSUME_CHECK_CONSUMER) timestamp=10024 ms, used_size=612352 bytes (1.5%)
(RDMA_READ_CONSUME_CHECK_CONSUMER) timestamp=10024 ms, used_size=610304 bytes (1.5%)
(RDMA_READ_CONSUME_CHECK_CONSUMER) timestamp=10024 ms, used_size=608256 bytes (1.5%)
(RDMA_READ_CONSUME_CHECK_CONSUMER) timestamp=10024 ms, used_size=606208 bytes (1.5%)
(RDMA_READ_CONSUME_CHECK_CONSUMER) timestamp=10024 ms, used_size=604160 bytes (1.5%)
(RDMA_READ_CONSUME_CHECK_CONSUMER) timestamp=10024 ms, used_size=602112 bytes (1.5%)
(RDMA_READ_CONSUME_CHECK_CONSUMER) timestamp=10024 ms, used_size=600064 bytes (1.5%)
(RDMA_READ_CONSUME_CHECK_CONSUMER) timestamp=10024 ms, used_size=598016 bytes (1.5%)
(RDMA_READ_CONSUME_CHECK_CONSUMER) timestamp=10024 ms, used_size=595968 bytes (1.5%)
(RDMA_READ_CONSUME_CHECK_CONSUMER) timestamp=10024 ms, used_size=593920 bytes (1.4%)
(RDMA_READ_CONSUME_CHECK_CONSUMER) timestamp=10024 ms, used_size=591872 bytes (1.4%)
(RDMA_READ_CONSUME_CHECK_CONSUMER) timestamp=10024 ms, used_size=589824 bytes (1.4%)
(RDMA_READ_CONSUME_CHECK_CONSUMER) timestamp=10024 ms, used_size=587776 bytes (1.4%)
(RDMA_READ_CONSUME_CHECK_CONSUMER) timestamp=10024 ms, used_size=585728 bytes (1.4%)
(RDMA_READ_CONSUME_CHECK_CONSUMER) timestamp=10024 ms, used_size=583680 bytes (1.4%)
(RDMA_READ_CONSUME_CHECK_CONSUMER) timestamp=10024 ms, used_size=581632 bytes (1.4%)
(RDMA_READ_CONSUME_CHECK_CONSUMER) timestamp=10024 ms, used_size=579584 bytes (1.4%)
(RDMA_READ_CONSUME_CHECK_CONSUMER) timestamp=10024 ms, used_size=577536 bytes (1.4%)
(RDMA_READ_CONSUME_CHECK_CONSUMER) timestamp=10024 ms, used_size=575488 bytes (1.4%)
(RDMA_READ_CONSUME_CHECK_CONSUMER) timestamp=10024 ms, used_size=573440 bytes (1.4%)
(RDMA_READ_CONSUME_CHECK_CONSUMER) timestamp=10024 ms, used_size=571392 bytes (1.4%)
(RDMA_READ_CONSUME_CHECK_CONSUMER) timestamp=10024 ms, used_size=569344 bytes (1.4%)
(RDMA_READ_CONSUME_CHECK_CONSUMER) timestamp=10024 ms, used_size=567296 bytes (1.4%)
(RDMA_READ_CONSUME_CHECK_CONSUMER) timestamp=10024 ms, used_size=565248 bytes (1.4%)
(RDMA_READ_CONSUME_CHECK_CONSUMER) timestamp=10024 ms, used_size=563200 bytes (1.4%)
(RDMA_READ_CONSUME_CHECK_CONSUMER) timestamp=10024 ms, used_size=561152 bytes (1.4%)
(RDMA_READ_CONSUME_CHECK_CONSUMER) timestamp=10024 ms, used_size=559104 bytes (1.4%)
(RDMA_READ_CONSUME_CHECK_CONSUMER) timestamp=10024 ms, used_size=557056 bytes (1.4%)
(RDMA_READ_CONSUME_CHECK_CONSUMER) timestamp=10024 ms, used_size=555008 bytes (1.4%)
(RDMA_READ_CONSUME_CHECK_CONSUMER) timestamp=10024 ms, used_size=552960 bytes (1.4%)
(RDMA_READ_CONSUME_CHECK_CONSUMER) timestamp=10024 ms, used_size=550912 bytes (1.3%)
(RDMA_READ_CONSUME_CHECK_CONSUMER) timestamp=10024 ms, used_size=548864 bytes (1.3%)
(RDMA_READ_CONSUME_CHECK_CONSUMER) timestamp=10024 ms, used_size=546816 bytes (1.3%)
(RDMA_READ_CONSUME_CHECK_CONSUMER) timestamp=10024 ms, used_size=544768 bytes (1.3%)
(RDMA_READ_CONSUME_CHECK_CONSUMER) timestamp=10024 ms, used_size=542720 bytes (1.3%)
(RDMA_READ_CONSUME_CHECK_CONSUMER) timestamp=10024 ms, used_size=540672 bytes (1.3%)
(RDMA_READ_CONSUME_CHECK_CONSUMER) timestamp=10024 ms, used_size=538624 bytes (1.3%)
(RDMA_READ_CONSUME_CHECK_CONSUMER) timestamp=10024 ms, used_size=536576 bytes (1.3%)
(RDMA_READ_CONSUME_CHECK_CONSUMER) timestamp=10024 ms, used_size=534528 bytes (1.3%)
(RDMA_READ_CONSUME_CHECK_CONSUMER) timestamp=10024 ms, used_size=532480 bytes (1.3%)
(RDMA_READ_CONSUME_CHECK_CONSUMER) timestamp=10024 ms, used_size=530432 bytes (1.3%)
(RDMA_READ_CONSUME_CHECK_CONSUMER) timestamp=10024 ms, used_size=528384 bytes (1.3%)
(RDMA_READ_CONSUME_CHECK_CONSUMER) timestamp=10024 ms, used_size=526336 bytes (1.3%)
(RDMA_READ_CONSUME_CHECK_CONSUMER) timestamp=10024 ms, used_size=524288 bytes (1.3%)
(RDMA_READ_CONSUME_CHECK_CONSUMER) timestamp=10024 ms, used_size=522240 bytes (1.3%)
(RDMA_READ_CONSUME_CHECK_CONSUMER) timestamp=10024 ms, used_size=520192 bytes (1.3%)
(RDMA_READ_CONSUME_CHECK_CONSUMER) timestamp=10024 ms, used_size=518144 bytes (1.3%)
(RDMA_READ_CONSUME_CHECK_CONSUMER) timestamp=10024 ms, used_size=516096 bytes (1.3%)
(RDMA_READ_CONSUME_CHECK_CONSUMER) timestamp=10024 ms, used_size=514048 bytes (1.3%)
(RDMA_READ_CONSUME_CHECK_CONSUMER) timestamp=10024 ms, used_size=512000 bytes (1.2%)
(RDMA_READ_CONSUME_CHECK_CONSUMER) timestamp=10024 ms, used_size=509952 bytes (1.2%)
(RDMA_READ_CONSUME_CHECK_CONSUMER) timestamp=10024 ms, used_size=507904 bytes (1.2%)
(RDMA_READ_CONSUME_CHECK_CONSUMER) timestamp=10024 ms, used_size=505856 bytes (1.2%)
(RDMA_READ_CONSUME_CHECK_CONSUMER) timestamp=10024 ms, used_size=503808 bytes (1.2%)
(RDMA_READ_CONSUME_CHECK_CONSUMER) timestamp=10024 ms, used_size=501760 bytes (1.2%)
(RDMA_READ_CONSUME_CHECK_CONSUMER) timestamp=10024 ms, used_size=499712 bytes (1.2%)
(RDMA_READ_CONSUME_CHECK_CONSUMER) timestamp=10024 ms, used_size=497664 bytes (1.2%)
(RDMA_READ_CONSUME_CHECK_CONSUMER) timestamp=10024 ms, used_size=495616 bytes (1.2%)
(RDMA_READ_CONSUME_CHECK_CONSUMER) timestamp=10024 ms, used_size=493568 bytes (1.2%)
(RDMA_READ_CONSUME_CHECK_CONSUMER) timestamp=10024 ms, used_size=491520 bytes (1.2%)
(RDMA_READ_CONSUME_CHECK_CONSUMER) timestamp=10024 ms, used_size=489472 bytes (1.2%)
(RDMA_READ_CONSUME_CHECK_CONSUMER) timestamp=10024 ms, used_size=487424 bytes (1.2%)
(RDMA_READ_CONSUME_CHECK_CONSUMER) timestamp=10024 ms, used_size=485376 bytes (1.2%)
(RDMA_READ_CONSUME_CHECK_CONSUMER) timestamp=10024 ms, used_size=483328 bytes (1.2%)
(RDMA_READ_CONSUME_CHECK_CONSUMER) timestamp=10024 ms, used_size=481280 bytes (1.2%)
(RDMA_READ_CONSUME_CHECK_CONSUMER) timestamp=10024 ms, used_size=479232 bytes (1.2%)
(RDMA_READ_CONSUME_CHECK_CONSUMER) timestamp=10024 ms, used_size=477184 bytes (1.2%)
(RDMA_READ_CONSUME_CHECK_CONSUMER) timestamp=10024 ms, used_size=475136 bytes (1.2%)
(RDMA_READ_CONSUME_CHECK_CONSUMER) timestamp=10024 ms, used_size=473088 bytes (1.2%)
(RDMA_READ_CONSUME_CHECK_CONSUMER) timestamp=10024 ms, used_size=471040 bytes (1.1%)
(RDMA_READ_CONSUME_CHECK_CONSUMER) timestamp=10024 ms, used_size=468992 bytes (1.1%)
(RDMA_READ_CONSUME_CHECK_CONSUMER) timestamp=10024 ms, used_size=466944 bytes (1.1%)
(RDMA_READ_CONSUME_CHECK_CONSUMER) timestamp=10024 ms, used_size=464896 bytes (1.1%)
(RDMA_READ_CONSUME_CHECK_CONSUMER) timestamp=10024 ms, used_size=462848 bytes (1.1%)
(RDMA_READ_CONSUME_CHECK_CONSUMER) timestamp=10024 ms, used_size=460800 bytes (1.1%)
(RDMA_READ_CONSUME_CHECK_CONSUMER) timestamp=10024 ms, used_size=458752 bytes (1.1%)
(RDMA_READ_CONSUME_CHECK_CONSUMER) timestamp=10024 ms, used_size=456704 bytes (1.1%)
(RDMA_READ_CONSUME_CHECK_CONSUMER) timestamp=10024 ms, used_size=454656 bytes (1.1%)
(RDMA_READ_CONSUME_CHECK_CONSUMER) timestamp=10024 ms, used_size=452608 bytes (1.1%)
(RDMA_READ_CONSUME_CHECK_CONSUMER) timestamp=10024 ms, used_size=450560 bytes (1.1%)
(RDMA_READ_CONSUME_CHECK_CONSUMER) timestamp=10024 ms, used_size=448512 bytes (1.1%)
(RDMA_READ_CONSUME_CHECK_CONSUMER) timestamp=10024 ms, used_size=446464 bytes (1.1%)
(RDMA_READ_CONSUME_CHECK_CONSUMER) timestamp=10024 ms, used_size=444416 bytes (1.1%)
(RDMA_READ_CONSUME_CHECK_CONSUMER) timestamp=10024 ms, used_size=442368 bytes (1.1%)
(RDMA_READ_CONSUME_CHECK_CONSUMER) timestamp=10024 ms, used_size=440320 bytes (1.1%)
(RDMA_READ_CONSUME_CHECK_CONSUMER) timestamp=10024 ms, used_size=438272 bytes (1.1%)
(RDMA_READ_CONSUME_CHECK_CONSUMER) timestamp=10024 ms, used_size=436224 bytes (1.1%)
(RDMA_READ_CONSUME_CHECK_CONSUMER) timestamp=10024 ms, used_size=434176 bytes (1.1%)
(RDMA_READ_CONSUME_CHECK_CONSUMER) timestamp=10024 ms, used_size=432128 bytes (1.1%)
(RDMA_READ_CONSUME_CHECK_CONSUMER) timestamp=10024 ms, used_size=430080 bytes (1.1%)
(RDMA_READ_CONSUME_CHECK_CONSUMER) timestamp=10024 ms, used_size=428032 bytes (1.0%)
(RDMA_READ_CONSUME_CHECK_CONSUMER) timestamp=10024 ms, used_size=425984 bytes (1.0%)
(RDMA_READ_CONSUME_CHECK_CONSUMER) timestamp=10024 ms, used_size=423936 bytes (1.0%)
(RDMA_READ_CONSUME_CHECK_CONSUMER) timestamp=10024 ms, used_size=421888 bytes (1.0%)
(RDMA_READ_CONSUME_CHECK_CONSUMER) timestamp=10024 ms, used_size=419840 bytes (1.0%)
(RDMA_READ_CONSUME_CHECK_CONSUMER) timestamp=10024 ms, used_size=417792 bytes (1.0%)
(RDMA_READ_CONSUME_CHECK_CONSUMER) timestamp=10024 ms, used_size=415744 bytes (1.0%)
(RDMA_READ_CONSUME_CHECK_CONSUMER) timestamp=10024 ms, used_size=413696 bytes (1.0%)
(RDMA_READ_CONSUME_CHECK_CONSUMER) timestamp=10024 ms, used_size=411648 bytes (1.0%)
(RDMA_READ_CONSUME_CHECK_CONSUMER) timestamp=10024 ms, used_size=409600 bytes (1.0%)
(RDMA_READ_CONSUME_CHECK_CONSUMER) timestamp=10024 ms, used_size=407552 bytes (1.0%)
(RDMA_READ_CONSUME_CHECK_CONSUMER) timestamp=10024 ms, used_size=405504 bytes (1.0%)
(RDMA_READ_CONSUME_CHECK_CONSUMER) timestamp=10024 ms, used_size=403456 bytes (1.0%)
(RDMA_READ_CONSUME_CHECK_CONSUMER) timestamp=10024 ms, used_size=401408 bytes (1.0%)
(RDMA_READ_CONSUME_CHECK_CONSUMER) timestamp=10024 ms, used_size=399360 bytes (1.0%)
(RDMA_READ_CONSUME_CHECK_CONSUMER) timestamp=10024 ms, used_size=397312 bytes (1.0%)
(RDMA_READ_CONSUME_CHECK_CONSUMER) timestamp=10024 ms, used_size=395264 bytes (1.0%)
(RDMA_READ_CONSUME_CHECK_CONSUMER) timestamp=10024 ms, used_size=393216 bytes (1.0%)
(RDMA_READ_CONSUME_CHECK_CONSUMER) timestamp=10024 ms, used_size=391168 bytes (1.0%)
(RDMA_READ_CONSUME_CHECK_CONSUMER) timestamp=10024 ms, used_size=389120 bytes (0.9%)
(RDMA_READ_CONSUME_CHECK_CONSUMER) timestamp=10024 ms, used_size=387072 bytes (0.9%)
(RDMA_READ_CONSUME_CHECK_CONSUMER) timestamp=10024 ms, used_size=385024 bytes (0.9%)
(RDMA_READ_CONSUME_CHECK_CONSUMER) timestamp=10024 ms, used_size=382976 bytes (0.9%)
(RDMA_READ_CONSUME_CHECK_CONSUMER) timestamp=10024 ms, used_size=380928 bytes (0.9%)
(RDMA_READ_CONSUME_CHECK_CONSUMER) timestamp=10024 ms, used_size=378880 bytes (0.9%)
(RDMA_READ_CONSUME_CHECK_CONSUMER) timestamp=10024 ms, used_size=376832 bytes (0.9%)
(RDMA_READ_CONSUME_CHECK_CONSUMER) timestamp=10024 ms, used_size=374784 bytes (0.9%)
(RDMA_READ_CONSUME_CHECK_CONSUMER) timestamp=10024 ms, used_size=372736 bytes (0.9%)
(RDMA_READ_CONSUME_CHECK_CONSUMER) timestamp=10024 ms, used_size=370688 bytes (0.9%)
(RDMA_READ_CONSUME_CHECK_CONSUMER) timestamp=10024 ms, used_size=368640 bytes (0.9%)
(RDMA_READ_CONSUME_CHECK_CONSUMER) timestamp=10024 ms, used_size=366592 bytes (0.9%)
(RDMA_READ_CONSUME_CHECK_CONSUMER) timestamp=10024 ms, used_size=364544 bytes (0.9%)
(RDMA_READ_CONSUME_CHECK_CONSUMER) timestamp=10024 ms, used_size=362496 bytes (0.9%)
(RDMA_READ_CONSUME_CHECK_CONSUMER) timestamp=10024 ms, used_size=360448 bytes (0.9%)
(RDMA_READ_CONSUME_CHECK_CONSUMER) timestamp=10024 ms, used_size=358400 bytes (0.9%)
(RDMA_READ_CONSUME_CHECK_CONSUMER) timestamp=10025 ms, used_size=356352 bytes (0.9%)
(RDMA_READ_CONSUME_CHECK_CONSUMER) timestamp=10025 ms, used_size=354304 bytes (0.9%)
(RDMA_READ_CONSUME_CHECK_CONSUMER) timestamp=10025 ms, used_size=352256 bytes (0.9%)
(RDMA_READ_CONSUME_CHECK_CONSUMER) timestamp=10025 ms, used_size=350208 bytes (0.9%)
(RDMA_READ_CONSUME_CHECK_CONSUMER) timestamp=10025 ms, used_size=348160 bytes (0.8%)
(RDMA_READ_CONSUME_CHECK_CONSUMER) timestamp=10025 ms, used_size=346112 bytes (0.8%)
(RDMA_READ_CONSUME_CHECK_CONSUMER) timestamp=10025 ms, used_size=344064 bytes (0.8%)
(RDMA_READ_CONSUME_CHECK_CONSUMER) timestamp=10025 ms, used_size=342016 bytes (0.8%)
(RDMA_READ_CONSUME_CHECK_CONSUMER) timestamp=10025 ms, used_size=339968 bytes (0.8%)
(RDMA_READ_CONSUME_CHECK_CONSUMER) timestamp=10025 ms, used_size=337920 bytes (0.8%)
(RDMA_READ_CONSUME_CHECK_CONSUMER) timestamp=10025 ms, used_size=335872 bytes (0.8%)
(RDMA_READ_CONSUME_CHECK_CONSUMER) timestamp=10025 ms, used_size=333824 bytes (0.8%)
(RDMA_READ_CONSUME_CHECK_CONSUMER) timestamp=10025 ms, used_size=331776 bytes (0.8%)
(RDMA_READ_CONSUME_CHECK_CONSUMER) timestamp=10025 ms, used_size=329728 bytes (0.8%)
(RDMA_READ_CONSUME_CHECK_CONSUMER) timestamp=10025 ms, used_size=327680 bytes (0.8%)
(RDMA_READ_CONSUME_CHECK_CONSUMER) timestamp=10025 ms, used_size=325632 bytes (0.8%)
(RDMA_READ_CONSUME_CHECK_CONSUMER) timestamp=10025 ms, used_size=323584 bytes (0.8%)
(RDMA_READ_CONSUME_CHECK_CONSUMER) timestamp=10025 ms, used_size=321536 bytes (0.8%)
(RDMA_READ_CONSUME_CHECK_CONSUMER) timestamp=10025 ms, used_size=319488 bytes (0.8%)
(RDMA_READ_CONSUME_CHECK_CONSUMER) timestamp=10025 ms, used_size=317440 bytes (0.8%)
(RDMA_READ_CONSUME_CHECK_CONSUMER) timestamp=10025 ms, used_size=315392 bytes (0.8%)
(RDMA_READ_CONSUME_CHECK_CONSUMER) timestamp=10025 ms, used_size=313344 bytes (0.8%)
(RDMA_READ_CONSUME_CHECK_CONSUMER) timestamp=10025 ms, used_size=311296 bytes (0.8%)
(RDMA_READ_CONSUME_CHECK_CONSUMER) timestamp=10025 ms, used_size=309248 bytes (0.8%)
(RDMA_READ_CONSUME_CHECK_CONSUMER) timestamp=10025 ms, used_size=307200 bytes (0.8%)
(RDMA_READ_CONSUME_CHECK_CONSUMER) timestamp=10025 ms, used_size=305152 bytes (0.7%)
(RDMA_READ_CONSUME_CHECK_CONSUMER) timestamp=10025 ms, used_size=303104 bytes (0.7%)
(RDMA_READ_CONSUME_CHECK_CONSUMER) timestamp=10025 ms, used_size=301056 bytes (0.7%)
(RDMA_READ_CONSUME_CHECK_CONSUMER) timestamp=10025 ms, used_size=299008 bytes (0.7%)
(RDMA_READ_CONSUME_CHECK_CONSUMER) timestamp=10025 ms, used_size=296960 bytes (0.7%)
(RDMA_READ_CONSUME_CHECK_CONSUMER) timestamp=10025 ms, used_size=294912 bytes (0.7%)
(RDMA_READ_CONSUME_CHECK_CONSUMER) timestamp=10025 ms, used_size=292864 bytes (0.7%)
(RDMA_READ_CONSUME_CHECK_CONSUMER) timestamp=10025 ms, used_size=290816 bytes (0.7%)
(RDMA_READ_CONSUME_CHECK_CONSUMER) timestamp=10025 ms, used_size=288768 bytes (0.7%)
(RDMA_READ_CONSUME_CHECK_CONSUMER) timestamp=10025 ms, used_size=286720 bytes (0.7%)
(RDMA_READ_CONSUME_CHECK_CONSUMER) timestamp=10025 ms, used_size=284672 bytes (0.7%)
(RDMA_READ_CONSUME_CHECK_CONSUMER) timestamp=10025 ms, used_size=282624 bytes (0.7%)
(RDMA_READ_CONSUME_CHECK_CONSUMER) timestamp=10025 ms, used_size=280576 bytes (0.7%)
(RDMA_READ_CONSUME_CHECK_CONSUMER) timestamp=10025 ms, used_size=278528 bytes (0.7%)
(RDMA_READ_CONSUME_CHECK_CONSUMER) timestamp=10025 ms, used_size=276480 bytes (0.7%)
(RDMA_READ_CONSUME_CHECK_CONSUMER) timestamp=10025 ms, used_size=274432 bytes (0.7%)
(RDMA_READ_CONSUME_CHECK_CONSUMER) timestamp=10025 ms, used_size=272384 bytes (0.7%)
(RDMA_READ_CONSUME_CHECK_CONSUMER) timestamp=10025 ms, used_size=270336 bytes (0.7%)
(RDMA_READ_CONSUME_CHECK_CONSUMER) timestamp=10025 ms, used_size=268288 bytes (0.7%)
(RDMA_READ_CONSUME_CHECK_CONSUMER) timestamp=10025 ms, used_size=266240 bytes (0.7%)
(RDMA_READ_CONSUME_CHECK_CONSUMER) timestamp=10025 ms, used_size=264192 bytes (0.6%)
(RDMA_READ_CONSUME_CHECK_CONSUMER) timestamp=10025 ms, used_size=262144 bytes (0.6%)
(RDMA_READ_CONSUME_CHECK_CONSUMER) timestamp=10025 ms, used_size=260096 bytes (0.6%)
(RDMA_READ_CONSUME_CHECK_CONSUMER) timestamp=10025 ms, used_size=258048 bytes (0.6%)
(RDMA_READ_CONSUME_CHECK_CONSUMER) timestamp=10025 ms, used_size=256000 bytes (0.6%)
(RDMA_READ_CONSUME_CHECK_CONSUMER) timestamp=10025 ms, used_size=253952 bytes (0.6%)
(RDMA_READ_CONSUME_CHECK_CONSUMER) timestamp=10025 ms, used_size=251904 bytes (0.6%)
(RDMA_READ_CONSUME_CHECK_CONSUMER) timestamp=10025 ms, used_size=249856 bytes (0.6%)
(RDMA_READ_CONSUME_CHECK_CONSUMER) timestamp=10025 ms, used_size=247808 bytes (0.6%)
(RDMA_READ_CONSUME_CHECK_CONSUMER) timestamp=10025 ms, used_size=245760 bytes (0.6%)
(RDMA_READ_CONSUME_CHECK_CONSUMER) timestamp=10025 ms, used_size=243712 bytes (0.6%)
(RDMA_READ_CONSUME_CHECK_CONSUMER) timestamp=10025 ms, used_size=241664 bytes (0.6%)
(RDMA_READ_CONSUME_CHECK_CONSUMER) timestamp=10025 ms, used_size=239616 bytes (0.6%)
(RDMA_READ_CONSUME_CHECK_CONSUMER) timestamp=10025 ms, used_size=237568 bytes (0.6%)
(RDMA_READ_CONSUME_CHECK_CONSUMER) timestamp=10025 ms, used_size=235520 bytes (0.6%)
(RDMA_READ_CONSUME_CHECK_CONSUMER) timestamp=10025 ms, used_size=233472 bytes (0.6%)
(RDMA_READ_CONSUME_CHECK_CONSUMER) timestamp=10025 ms, used_size=231424 bytes (0.6%)
(RDMA_READ_CONSUME_CHECK_CONSUMER) timestamp=10025 ms, used_size=229376 bytes (0.6%)
(RDMA_READ_CONSUME_CHECK_CONSUMER) timestamp=10025 ms, used_size=227328 bytes (0.6%)
(RDMA_READ_CONSUME_CHECK_CONSUMER) timestamp=10025 ms, used_size=225280 bytes (0.6%)
(RDMA_READ_CONSUME_CHECK_CONSUMER) timestamp=10025 ms, used_size=223232 bytes (0.5%)
(RDMA_READ_CONSUME_CHECK_CONSUMER) timestamp=10025 ms, used_size=221184 bytes (0.5%)
(RDMA_READ_CONSUME_CHECK_CONSUMER) timestamp=10025 ms, used_size=219136 bytes (0.5%)
(RDMA_READ_CONSUME_CHECK_CONSUMER) timestamp=10025 ms, used_size=217088 bytes (0.5%)
(RDMA_READ_CONSUME_CHECK_CONSUMER) timestamp=10025 ms, used_size=215040 bytes (0.5%)
(RDMA_READ_CONSUME_CHECK_CONSUMER) timestamp=10025 ms, used_size=212992 bytes (0.5%)
(RDMA_READ_CONSUME_CHECK_CONSUMER) timestamp=10025 ms, used_size=210944 bytes (0.5%)
(RDMA_READ_CONSUME_CHECK_CONSUMER) timestamp=10025 ms, used_size=208896 bytes (0.5%)
(RDMA_READ_CONSUME_CHECK_CONSUMER) timestamp=10025 ms, used_size=206848 bytes (0.5%)
(RDMA_READ_CONSUME_CHECK_CONSUMER) timestamp=10025 ms, used_size=204800 bytes (0.5%)
(RDMA_READ_CONSUME_CHECK_CONSUMER) timestamp=10025 ms, used_size=202752 bytes (0.5%)
(RDMA_READ_CONSUME_CHECK_CONSUMER) timestamp=10025 ms, used_size=200704 bytes (0.5%)
(RDMA_READ_CONSUME_CHECK_CONSUMER) timestamp=10025 ms, used_size=198656 bytes (0.5%)
(RDMA_READ_CONSUME_CHECK_CONSUMER) timestamp=10025 ms, used_size=196608 bytes (0.5%)
(RDMA_READ_CONSUME_CHECK_CONSUMER) timestamp=10025 ms, used_size=194560 bytes (0.5%)
(RDMA_READ_CONSUME_CHECK_CONSUMER) timestamp=10025 ms, used_size=192512 bytes (0.5%)
(RDMA_READ_CONSUME_CHECK_CONSUMER) timestamp=10025 ms, used_size=190464 bytes (0.5%)
(RDMA_READ_CONSUME_CHECK_CONSUMER) timestamp=10025 ms, used_size=188416 bytes (0.5%)
(RDMA_READ_CONSUME_CHECK_CONSUMER) timestamp=10025 ms, used_size=186368 bytes (0.5%)
(RDMA_READ_CONSUME_CHECK_CONSUMER) timestamp=10025 ms, used_size=184320 bytes (0.5%)
(RDMA_READ_CONSUME_CHECK_CONSUMER) timestamp=10025 ms, used_size=182272 bytes (0.4%)
(RDMA_READ_CONSUME_CHECK_CONSUMER) timestamp=10025 ms, used_size=180224 bytes (0.4%)
(RDMA_READ_CONSUME_CHECK_CONSUMER) timestamp=10025 ms, used_size=178176 bytes (0.4%)
(RDMA_READ_CONSUME_CHECK_CONSUMER) timestamp=10025 ms, used_size=176128 bytes (0.4%)
(RDMA_READ_CONSUME_CHECK_CONSUMER) timestamp=10025 ms, used_size=174080 bytes (0.4%)
(RDMA_READ_CONSUME_CHECK_CONSUMER) timestamp=10025 ms, used_size=172032 bytes (0.4%)
(RDMA_READ_CONSUME_CHECK_CONSUMER) timestamp=10025 ms, used_size=169984 bytes (0.4%)
(RDMA_READ_CONSUME_CHECK_CONSUMER) timestamp=10025 ms, used_size=167936 bytes (0.4%)
(RDMA_READ_CONSUME_CHECK_CONSUMER) timestamp=10025 ms, used_size=165888 bytes (0.4%)
(RDMA_READ_CONSUME_CHECK_CONSUMER) timestamp=10025 ms, used_size=163840 bytes (0.4%)
(RDMA_READ_CONSUME_CHECK_CONSUMER) timestamp=10025 ms, used_size=161792 bytes (0.4%)
(RDMA_READ_CONSUME_CHECK_CONSUMER) timestamp=10025 ms, used_size=159744 bytes (0.4%)
(RDMA_READ_CONSUME_CHECK_CONSUMER) timestamp=10025 ms, used_size=157696 bytes (0.4%)
(RDMA_READ_CONSUME_CHECK_CONSUMER) timestamp=10025 ms, used_size=155648 bytes (0.4%)
(RDMA_READ_CONSUME_CHECK_CONSUMER) timestamp=10025 ms, used_size=153600 bytes (0.4%)
(RDMA_READ_CONSUME_CHECK_CONSUMER) timestamp=10025 ms, used_size=151552 bytes (0.4%)
(RDMA_READ_CONSUME_CHECK_CONSUMER) timestamp=10025 ms, used_size=149504 bytes (0.4%)
(RDMA_READ_CONSUME_CHECK_CONSUMER) timestamp=10025 ms, used_size=147456 bytes (0.4%)
(RDMA_READ_CONSUME_CHECK_CONSUMER) timestamp=10025 ms, used_size=145408 bytes (0.4%)
(RDMA_READ_CONSUME_CHECK_CONSUMER) timestamp=10025 ms, used_size=143360 bytes (0.3%)
(RDMA_READ_CONSUME_CHECK_CONSUMER) timestamp=10025 ms, used_size=141312 bytes (0.3%)
(RDMA_READ_CONSUME_CHECK_CONSUMER) timestamp=10025 ms, used_size=139264 bytes (0.3%)
(RDMA_READ_CONSUME_CHECK_CONSUMER) timestamp=10025 ms, used_size=137216 bytes (0.3%)
(RDMA_READ_CONSUME_CHECK_CONSUMER) timestamp=10025 ms, used_size=135168 bytes (0.3%)
(RDMA_READ_CONSUME_CHECK_CONSUMER) timestamp=10025 ms, used_size=133120 bytes (0.3%)
(RDMA_READ_CONSUME_CHECK_CONSUMER) timestamp=10025 ms, used_size=131072 bytes (0.3%)
(RDMA_READ_CONSUME_CHECK_CONSUMER) timestamp=10025 ms, used_size=129024 bytes (0.3%)
(RDMA_READ_CONSUME_CHECK_CONSUMER) timestamp=10025 ms, used_size=126976 bytes (0.3%)
(RDMA_READ_CONSUME_CHECK_CONSUMER) timestamp=10025 ms, used_size=124928 bytes (0.3%)
(RDMA_READ_CONSUME_CHECK_CONSUMER) timestamp=10025 ms, used_size=122880 bytes (0.3%)
(RDMA_READ_CONSUME_CHECK_CONSUMER) timestamp=10025 ms, used_size=120832 bytes (0.3%)
(RDMA_READ_CONSUME_CHECK_CONSUMER) timestamp=10025 ms, used_size=118784 bytes (0.3%)
(RDMA_READ_CONSUME_CHECK_CONSUMER) timestamp=10025 ms, used_size=116736 bytes (0.3%)
(RDMA_READ_CONSUME_CHECK_CONSUMER) timestamp=10025 ms, used_size=114688 bytes (0.3%)
(RDMA_READ_CONSUME_CHECK_CONSUMER) timestamp=10025 ms, used_size=112640 bytes (0.3%)
(RDMA_READ_CONSUME_CHECK_CONSUMER) timestamp=10025 ms, used_size=110592 bytes (0.3%)
(RDMA_READ_CONSUME_CHECK_CONSUMER) timestamp=10025 ms, used_size=108544 bytes (0.3%)
(RDMA_READ_CONSUME_CHECK_CONSUMER) timestamp=10025 ms, used_size=106496 bytes (0.3%)
(RDMA_READ_CONSUME_CHECK_CONSUMER) timestamp=10025 ms, used_size=104448 bytes (0.3%)
(RDMA_READ_CONSUME_CHECK_CONSUMER) timestamp=10025 ms, used_size=102400 bytes (0.2%)
(RDMA_READ_CONSUME_CHECK_CONSUMER) timestamp=10025 ms, used_size=100352 bytes (0.2%)
(RDMA_READ_CONSUME_CHECK_CONSUMER) timestamp=10025 ms, used_size=98304 bytes (0.2%)
(RDMA_READ_CONSUME_CHECK_CONSUMER) timestamp=10025 ms, used_size=96256 bytes (0.2%)
(RDMA_READ_CONSUME_CHECK_CONSUMER) timestamp=10025 ms, used_size=94208 bytes (0.2%)
(RDMA_READ_CONSUME_CHECK_CONSUMER) timestamp=10025 ms, used_size=92160 bytes (0.2%)
(RDMA_READ_CONSUME_CHECK_CONSUMER) timestamp=10025 ms, used_size=90112 bytes (0.2%)
(RDMA_READ_CONSUME_CHECK_CONSUMER) timestamp=10025 ms, used_size=88064 bytes (0.2%)
(RDMA_READ_CONSUME_CHECK_CONSUMER) timestamp=10025 ms, used_size=86016 bytes (0.2%)
(RDMA_READ_CONSUME_CHECK_CONSUMER) timestamp=10025 ms, used_size=83968 bytes (0.2%)
(RDMA_READ_CONSUME_CHECK_CONSUMER) timestamp=10025 ms, used_size=81920 bytes (0.2%)
(RDMA_READ_CONSUME_CHECK_CONSUMER) timestamp=10025 ms, used_size=79872 bytes (0.2%)
(RDMA_READ_CONSUME_CHECK_CONSUMER) timestamp=10025 ms, used_size=77824 bytes (0.2%)
(RDMA_READ_CONSUME_CHECK_CONSUMER) timestamp=10025 ms, used_size=75776 bytes (0.2%)
(RDMA_READ_CONSUME_CHECK_CONSUMER) timestamp=10025 ms, used_size=73728 bytes (0.2%)
(RDMA_READ_CONSUME_CHECK_CONSUMER) timestamp=10025 ms, used_size=71680 bytes (0.2%)
(RDMA_READ_CONSUME_CHECK_CONSUMER) timestamp=10025 ms, used_size=69632 bytes (0.2%)
(RDMA_READ_CONSUME_CHECK_CONSUMER) timestamp=10025 ms, used_size=67584 bytes (0.2%)
(RDMA_READ_CONSUME_CHECK_CONSUMER) timestamp=10025 ms, used_size=65536 bytes (0.2%)
(RDMA_READ_CONSUME_CHECK_CONSUMER) timestamp=10025 ms, used_size=63488 bytes (0.2%)
(RDMA_READ_CONSUME_CHECK_CONSUMER) timestamp=10025 ms, used_size=61440 bytes (0.1%)
(RDMA_READ_CONSUME_CHECK_CONSUMER) timestamp=10025 ms, used_size=59392 bytes (0.1%)
(RDMA_READ_CONSUME_CHECK_CONSUMER) timestamp=10025 ms, used_size=57344 bytes (0.1%)
(RDMA_READ_CONSUME_CHECK_CONSUMER) timestamp=10025 ms, used_size=55296 bytes (0.1%)
(RDMA_READ_CONSUME_CHECK_CONSUMER) timestamp=10025 ms, used_size=53248 bytes (0.1%)
(RDMA_READ_CONSUME_CHECK_CONSUMER) timestamp=10025 ms, used_size=51200 bytes (0.1%)
(RDMA_READ_CONSUME_CHECK_CONSUMER) timestamp=10025 ms, used_size=49152 bytes (0.1%)
(RDMA_READ_CONSUME_CHECK_CONSUMER) timestamp=10025 ms, used_size=47104 bytes (0.1%)
(RDMA_READ_CONSUME_CHECK_CONSUMER) timestamp=10025 ms, used_size=45056 bytes (0.1%)
(RDMA_READ_CONSUME_CHECK_CONSUMER) timestamp=10025 ms, used_size=43008 bytes (0.1%)
(RDMA_READ_CONSUME_CHECK_CONSUMER) timestamp=10025 ms, used_size=40960 bytes (0.1%)
(RDMA_READ_CONSUME_CHECK_CONSUMER) timestamp=10025 ms, used_size=38912 bytes (0.1%)
(RDMA_READ_CONSUME_CHECK_CONSUMER) timestamp=10025 ms, used_size=36864 bytes (0.1%)
(RDMA_READ_CONSUME_CHECK_CONSUMER) timestamp=10025 ms, used_size=34816 bytes (0.1%)
(RDMA_READ_CONSUME_CHECK_CONSUMER) timestamp=10025 ms, used_size=32768 bytes (0.1%)
(RDMA_READ_CONSUME_CHECK_CONSUMER) timestamp=10025 ms, used_size=30720 bytes (0.1%)
(RDMA_READ_CONSUME_CHECK_CONSUMER) timestamp=10025 ms, used_size=28672 bytes (0.1%)
(RDMA_READ_CONSUME_CHECK_CONSUMER) timestamp=10025 ms, used_size=26624 bytes (0.1%)
(RDMA_READ_CONSUME_CHECK_CONSUMER) timestamp=10025 ms, used_size=24576 bytes (0.1%)
(RDMA_READ_CONSUME_CHECK_CONSUMER) timestamp=10025 ms, used_size=22528 bytes (0.1%)
(RDMA_READ_CONSUME_CHECK_CONSUMER) timestamp=10025 ms, used_size=20480 bytes (0.1%)
(RDMA_READ_CONSUME_CHECK_CONSUMER) timestamp=10025 ms, used_size=18432 bytes (0.0%)
(RDMA_READ_CONSUME_CHECK_CONSUMER) timestamp=10025 ms, used_size=16384 bytes (0.0%)
(RDMA_READ_CONSUME_CHECK_CONSUMER) timestamp=10025 ms, used_size=14336 bytes (0.0%)
(RDMA_READ_CONSUME_CHECK_CONSUMER) timestamp=10026 ms, used_size=12288 bytes (0.0%)
(RDMA_READ_CONSUME_CHECK_CONSUMER) timestamp=10026 ms, used_size=10240 bytes (0.0%)
(RDMA_READ_CONSUME_CHECK_CONSUMER) timestamp=10026 ms, used_size=8192 bytes (0.0%)
(RDMA_READ_CONSUME_CHECK_CONSUMER) timestamp=10026 ms, used_size=6144 bytes (0.0%)
(RDMA_READ_CONSUME_CHECK_CONSUMER) timestamp=10026 ms, used_size=4096 bytes (0.0%)
(RDMA_READ_CONSUME_CHECK_CONSUMER) timestamp=10026 ms, used_size=2048 bytes (0.0%)
(RDMA_READ_CONSUME_CHECK_CONSUMER) timestamp=10026 ms, used_size=0 bytes (0.0%)
(RDMA_READ_CONSUME_CHECK) Cycle 7, Batch 2: CRC32 OK (0xcee97786), 3616 messages verified
t1:0:8406192402:119946461:40960000
(RDMA_READ_CONSUME_CHECK) Cycle 7 completed
(RDMA_READ_CONSUME_CHECK) Starting cycle 8
(RDMA_READ_CONSUME_CHECK_CONSUMER) timestamp=10026 ms, used_size=7403520 bytes (18.1%)
(RDMA_READ_CONSUME_CHECK_CONSUMER) timestamp=10087 ms, used_size=7401472 bytes (18.1%)
(RDMA_READ_CONSUME_CHECK_CONSUMER) timestamp=10087 ms, used_size=7399424 bytes (18.1%)
(RDMA_READ_CONSUME_CHECK_CONSUMER) timestamp=10087 ms, used_size=7397376 bytes (18.1%)
(RDMA_READ_CONSUME_CHECK_CONSUMER) timestamp=10087 ms, used_size=7395328 bytes (18.1%)
(RDMA_READ_CONSUME_CHECK_CONSUMER) timestamp=10087 ms, used_size=7393280 bytes (18.1%)
(RDMA_READ_CONSUME_CHECK_CONSUMER) timestamp=10087 ms, used_size=7391232 bytes (18.0%)
(RDMA_READ_CONSUME_CHECK_CONSUMER) timestamp=10087 ms, used_size=7389184 bytes (18.0%)
(RDMA_READ_CONSUME_CHECK_CONSUMER) timestamp=10087 ms, used_size=7387136 bytes (18.0%)
(RDMA_READ_CONSUME_CHECK_CONSUMER) timestamp=10087 ms, used_size=7385088 bytes (18.0%)
(RDMA_READ_CONSUME_CHECK_CONSUMER) timestamp=10087 ms, used_size=7383040 bytes (18.0%)
(RDMA_READ_CONSUME_CHECK_CONSUMER) timestamp=10087 ms, used_size=7380992 bytes (18.0%)
(RDMA_READ_CONSUME_CHECK_CONSUMER) timestamp=10087 ms, used_size=7378944 bytes (18.0%)
(RDMA_READ_CONSUME_CHECK_CONSUMER) timestamp=10087 ms, used_size=7376896 bytes (18.0%)
(RDMA_READ_CONSUME_CHECK_CONSUMER) timestamp=10087 ms, used_size=7374848 bytes (18.0%)
(RDMA_READ_CONSUME_CHECK_CONSUMER) timestamp=10087 ms, used_size=7372800 bytes (18.0%)
(RDMA_READ_CONSUME_CHECK_CONSUMER) timestamp=10087 ms, used_size=7370752 bytes (18.0%)
(RDMA_READ_CONSUME_CHECK_CONSUMER) timestamp=10087 ms, used_size=7368704 bytes (18.0%)
(RDMA_READ_CONSUME_CHECK_CONSUMER) timestamp=10087 ms, used_size=7366656 bytes (18.0%)
(RDMA_READ_CONSUME_CHECK_CONSUMER) timestamp=10087 ms, used_size=7364608 bytes (18.0%)
(RDMA_READ_CONSUME_CHECK_CONSUMER) timestamp=10087 ms, used_size=7362560 bytes (18.0%)
(RDMA_READ_CONSUME_CHECK_CONSUMER) timestamp=10087 ms, used_size=7360512 bytes (18.0%)
(RDMA_READ_CONSUME_CHECK_CONSUMER) timestamp=10087 ms, used_size=7358464 bytes (18.0%)
(RDMA_READ_CONSUME_CHECK_CONSUMER) timestamp=10087 ms, used_size=7356416 bytes (18.0%)
(RDMA_READ_CONSUME_CHECK_CONSUMER) timestamp=10087 ms, used_size=7354368 bytes (18.0%)
(RDMA_READ_CONSUME_CHECK_CONSUMER) timestamp=10087 ms, used_size=7352320 bytes (17.9%)
(RDMA_READ_CONSUME_CHECK_CONSUMER) timestamp=10087 ms, used_size=7350272 bytes (17.9%)
(RDMA_READ_CONSUME_CHECK_CONSUMER) timestamp=10087 ms, used_size=7348224 bytes (17.9%)
(RDMA_READ_CONSUME_CHECK_CONSUMER) timestamp=10087 ms, used_size=7346176 bytes (17.9%)
(RDMA_READ_CONSUME_CHECK_CONSUMER) timestamp=10087 ms, used_size=7344128 bytes (17.9%)
(RDMA_READ_CONSUME_CHECK_CONSUMER) timestamp=10087 ms, used_size=7342080 bytes (17.9%)
(RDMA_READ_CONSUME_CHECK_CONSUMER) timestamp=10087 ms, used_size=7340032 bytes (17.9%)
(RDMA_READ_CONSUME_CHECK_CONSUMER) timestamp=10087 ms, used_size=7337984 bytes (17.9%)
(RDMA_READ_CONSUME_CHECK_CONSUMER) timestamp=10087 ms, used_size=7335936 bytes (17.9%)
(RDMA_READ_CONSUME_CHECK_CONSUMER) timestamp=10087 ms, used_size=7333888 bytes (17.9%)
(RDMA_READ_CONSUME_CHECK_CONSUMER) timestamp=10087 ms, used_size=7331840 bytes (17.9%)
(RDMA_READ_CONSUME_CHECK_CONSUMER) timestamp=10087 ms, used_size=7329792 bytes (17.9%)
(RDMA_READ_CONSUME_CHECK_CONSUMER) timestamp=10087 ms, used_size=7327744 bytes (17.9%)
(RDMA_READ_CONSUME_CHECK_CONSUMER) timestamp=10087 ms, used_size=7325696 bytes (17.9%)
(RDMA_READ_CONSUME_CHECK_CONSUMER) timestamp=10087 ms, used_size=7323648 bytes (17.9%)
(RDMA_READ_CONSUME_CHECK_CONSUMER) timestamp=10087 ms, used_size=7321600 bytes (17.9%)
(RDMA_READ_CONSUME_CHECK_CONSUMER) timestamp=10087 ms, used_size=7319552 bytes (17.9%)
(RDMA_READ_CONSUME_CHECK_CONSUMER) timestamp=10088 ms, used_size=7317504 bytes (17.9%)
(RDMA_READ_CONSUME_CHECK_CONSUMER) timestamp=10088 ms, used_size=7315456 bytes (17.9%)
(RDMA_READ_CONSUME_CHECK_CONSUMER) timestamp=10088 ms, used_size=7313408 bytes (17.9%)
(RDMA_READ_CONSUME_CHECK_CONSUMER) timestamp=10088 ms, used_size=7311360 bytes (17.9%)
(RDMA_READ_CONSUME_CHECK_CONSUMER) timestamp=10088 ms, used_size=7309312 bytes (17.8%)
(RDMA_READ_CONSUME_CHECK_CONSUMER) timestamp=10088 ms, used_size=7307264 bytes (17.8%)
(RDMA_READ_CONSUME_CHECK_CONSUMER) timestamp=10088 ms, used_size=7305216 bytes (17.8%)
(RDMA_READ_CONSUME_CHECK_CONSUMER) timestamp=10088 ms, used_size=7303168 bytes (17.8%)
(RDMA_READ_CONSUME_CHECK_CONSUMER) timestamp=10088 ms, used_size=7301120 bytes (17.8%)
(RDMA_READ_CONSUME_CHECK_CONSUMER) timestamp=10088 ms, used_size=7299072 bytes (17.8%)
(RDMA_READ_CONSUME_CHECK_CONSUMER) timestamp=10088 ms, used_size=7297024 bytes (17.8%)
(RDMA_READ_CONSUME_CHECK_CONSUMER) timestamp=10088 ms, used_size=7294976 bytes (17.8%)
(RDMA_READ_CONSUME_CHECK_CONSUMER) timestamp=10088 ms, used_size=7292928 bytes (17.8%)
(RDMA_READ_CONSUME_CHECK_CONSUMER) timestamp=10088 ms, used_size=7290880 bytes (17.8%)
(RDMA_READ_CONSUME_CHECK_CONSUMER) timestamp=10088 ms, used_size=7288832 bytes (17.8%)
(RDMA_READ_CONSUME_CHECK_CONSUMER) timestamp=10088 ms, used_size=7286784 bytes (17.8%)
(RDMA_READ_CONSUME_CHECK_CONSUMER) timestamp=10088 ms, used_size=7284736 bytes (17.8%)
(RDMA_READ_CONSUME_CHECK_CONSUMER) timestamp=10088 ms, used_size=7282688 bytes (17.8%)
(RDMA_READ_CONSUME_CHECK_CONSUMER) timestamp=10088 ms, used_size=7280640 bytes (17.8%)
(RDMA_READ_CONSUME_CHECK_CONSUMER) timestamp=10088 ms, used_size=7278592 bytes (17.8%)
(RDMA_READ_CONSUME_CHECK_CONSUMER) timestamp=10088 ms, used_size=7276544 bytes (17.8%)
(RDMA_READ_CONSUME_CHECK_CONSUMER) timestamp=10088 ms, used_size=7274496 bytes (17.8%)
(RDMA_READ_CONSUME_CHECK_CONSUMER) timestamp=10088 ms, used_size=7272448 bytes (17.8%)
(RDMA_READ_CONSUME_CHECK_CONSUMER) timestamp=10088 ms, used_size=7270400 bytes (17.8%)
(RDMA_READ_CONSUME_CHECK_CONSUMER) timestamp=10088 ms, used_size=7268352 bytes (17.7%)
(RDMA_READ_CONSUME_CHECK_CONSUMER) timestamp=10088 ms, used_size=7266304 bytes (17.7%)
(RDMA_READ_CONSUME_CHECK_CONSUMER) timestamp=10088 ms, used_size=7264256 bytes (17.7%)
(RDMA_READ_CONSUME_CHECK_CONSUMER) timestamp=10088 ms, used_size=7262208 bytes (17.7%)
(RDMA_READ_CONSUME_CHECK_CONSUMER) timestamp=10088 ms, used_size=7260160 bytes (17.7%)
(RDMA_READ_CONSUME_CHECK_CONSUMER) timestamp=10088 ms, used_size=7258112 bytes (17.7%)
(RDMA_READ_CONSUME_CHECK_CONSUMER) timestamp=10088 ms, used_size=7256064 bytes (17.7%)
(RDMA_READ_CONSUME_CHECK_CONSUMER) timestamp=10088 ms, used_size=7254016 bytes (17.7%)
(RDMA_READ_CONSUME_CHECK_CONSUMER) timestamp=10088 ms, used_size=7251968 bytes (17.7%)
(RDMA_READ_CONSUME_CHECK_CONSUMER) timestamp=10088 ms, used_size=7249920 bytes (17.7%)
(RDMA_READ_CONSUME_CHECK_CONSUMER) timestamp=10088 ms, used_size=7247872 bytes (17.7%)
(RDMA_READ_CONSUME_CHECK_CONSUMER) timestamp=10088 ms, used_size=7245824 bytes (17.7%)
(RDMA_READ_CONSUME_CHECK_CONSUMER) timestamp=10088 ms, used_size=7243776 bytes (17.7%)
(RDMA_READ_CONSUME_CHECK_CONSUMER) timestamp=10088 ms, used_size=7241728 bytes (17.7%)
(RDMA_READ_CONSUME_CHECK_CONSUMER) timestamp=10088 ms, used_size=7239680 bytes (17.7%)
(RDMA_READ_CONSUME_CHECK_CONSUMER) timestamp=10088 ms, used_size=7237632 bytes (17.7%)
(RDMA_READ_CONSUME_CHECK_CONSUMER) timestamp=10088 ms, used_size=7235584 bytes (17.7%)
(RDMA_READ_CONSUME_CHECK_CONSUMER) timestamp=10088 ms, used_size=7233536 bytes (17.7%)
(RDMA_READ_CONSUME_CHECK_CONSUMER) timestamp=10088 ms, used_size=7231488 bytes (17.7%)
(RDMA_READ_CONSUME_CHECK_CONSUMER) timestamp=10088 ms, used_size=7229440 bytes (17.6%)
(RDMA_READ_CONSUME_CHECK_CONSUMER) timestamp=10088 ms, used_size=7227392 bytes (17.6%)
(RDMA_READ_CONSUME_CHECK_CONSUMER) timestamp=10088 ms, used_size=7225344 bytes (17.6%)
(RDMA_READ_CONSUME_CHECK_CONSUMER) timestamp=10088 ms, used_size=7223296 bytes (17.6%)
(RDMA_READ_CONSUME_CHECK_CONSUMER) timestamp=10088 ms, used_size=7221248 bytes (17.6%)
(RDMA_READ_CONSUME_CHECK_CONSUMER) timestamp=10088 ms, used_size=7219200 bytes (17.6%)
(RDMA_READ_CONSUME_CHECK_CONSUMER) timestamp=10088 ms, used_size=7217152 bytes (17.6%)
(RDMA_READ_CONSUME_CHECK_CONSUMER) timestamp=10088 ms, used_size=7215104 bytes (17.6%)
(RDMA_READ_CONSUME_CHECK_CONSUMER) timestamp=10088 ms, used_size=7213056 bytes (17.6%)
(RDMA_READ_CONSUME_CHECK_CONSUMER) timestamp=10088 ms, used_size=7211008 bytes (17.6%)
(RDMA_READ_CONSUME_CHECK_CONSUMER) timestamp=10088 ms, used_size=7208960 bytes (17.6%)
(RDMA_READ_CONSUME_CHECK_CONSUMER) timestamp=10088 ms, used_size=7206912 bytes (17.6%)
(RDMA_READ_CONSUME_CHECK_CONSUMER) timestamp=10088 ms, used_size=7204864 bytes (17.6%)
(RDMA_READ_CONSUME_CHECK_CONSUMER) timestamp=10088 ms, used_size=7202816 bytes (17.6%)
(RDMA_READ_CONSUME_CHECK_CONSUMER) timestamp=10088 ms, used_size=7200768 bytes (17.6%)
(RDMA_READ_CONSUME_CHECK_CONSUMER) timestamp=10088 ms, used_size=7198720 bytes (17.6%)
(RDMA_READ_CONSUME_CHECK_CONSUMER) timestamp=10088 ms, used_size=7196672 bytes (17.6%)
(RDMA_READ_CONSUME_CHECK_CONSUMER) timestamp=10088 ms, used_size=7194624 bytes (17.6%)
(RDMA_READ_CONSUME_CHECK_CONSUMER) timestamp=10088 ms, used_size=7192576 bytes (17.6%)
(RDMA_READ_CONSUME_CHECK_CONSUMER) timestamp=10088 ms, used_size=7190528 bytes (17.6%)
(RDMA_READ_CONSUME_CHECK_CONSUMER) timestamp=10088 ms, used_size=7188480 bytes (17.6%)
(RDMA_READ_CONSUME_CHECK_CONSUMER) timestamp=10088 ms, used_size=7186432 bytes (17.5%)
(RDMA_READ_CONSUME_CHECK_CONSUMER) timestamp=10088 ms, used_size=7184384 bytes (17.5%)
(RDMA_READ_CONSUME_CHECK_CONSUMER) timestamp=10088 ms, used_size=7182336 bytes (17.5%)
(RDMA_READ_CONSUME_CHECK_CONSUMER) timestamp=10088 ms, used_size=7180288 bytes (17.5%)
(RDMA_READ_CONSUME_CHECK_CONSUMER) timestamp=10088 ms, used_size=7178240 bytes (17.5%)
(RDMA_READ_CONSUME_CHECK_CONSUMER) timestamp=10088 ms, used_size=7176192 bytes (17.5%)
(RDMA_READ_CONSUME_CHECK_CONSUMER) timestamp=10088 ms, used_size=7174144 bytes (17.5%)
(RDMA_READ_CONSUME_CHECK_CONSUMER) timestamp=10088 ms, used_size=7172096 bytes (17.5%)
(RDMA_READ_CONSUME_CHECK_CONSUMER) timestamp=10088 ms, used_size=7170048 bytes (17.5%)
(RDMA_READ_CONSUME_CHECK_CONSUMER) timestamp=10088 ms, used_size=7168000 bytes (17.5%)
(RDMA_READ_CONSUME_CHECK_CONSUMER) timestamp=10088 ms, used_size=7165952 bytes (17.5%)
(RDMA_READ_CONSUME_CHECK_CONSUMER) timestamp=10088 ms, used_size=7163904 bytes (17.5%)
(RDMA_READ_CONSUME_CHECK_CONSUMER) timestamp=10088 ms, used_size=7161856 bytes (17.5%)
(RDMA_READ_CONSUME_CHECK_CONSUMER) timestamp=10088 ms, used_size=7159808 bytes (17.5%)
(RDMA_READ_CONSUME_CHECK_CONSUMER) timestamp=10088 ms, used_size=7157760 bytes (17.5%)
(RDMA_READ_CONSUME_CHECK_CONSUMER) timestamp=10088 ms, used_size=7155712 bytes (17.5%)
(RDMA_READ_CONSUME_CHECK_CONSUMER) timestamp=10088 ms, used_size=7153664 bytes (17.5%)
(RDMA_READ_CONSUME_CHECK_CONSUMER) timestamp=10088 ms, used_size=7151616 bytes (17.5%)
(RDMA_READ_CONSUME_CHECK_CONSUMER) timestamp=10088 ms, used_size=7149568 bytes (17.5%)
(RDMA_READ_CONSUME_CHECK_CONSUMER) timestamp=10088 ms, used_size=7147520 bytes (17.4%)
(RDMA_READ_CONSUME_CHECK_CONSUMER) timestamp=10088 ms, used_size=7145472 bytes (17.4%)
(RDMA_READ_CONSUME_CHECK_CONSUMER) timestamp=10088 ms, used_size=7143424 bytes (17.4%)
(RDMA_READ_CONSUME_CHECK_CONSUMER) timestamp=10088 ms, used_size=7141376 bytes (17.4%)
(RDMA_READ_CONSUME_CHECK_CONSUMER) timestamp=10088 ms, used_size=7139328 bytes (17.4%)
(RDMA_READ_CONSUME_CHECK_CONSUMER) timestamp=10088 ms, used_size=7137280 bytes (17.4%)
(RDMA_READ_CONSUME_CHECK_CONSUMER) timestamp=10088 ms, used_size=7135232 bytes (17.4%)
(RDMA_READ_CONSUME_CHECK_CONSUMER) timestamp=10088 ms, used_size=7133184 bytes (17.4%)
(RDMA_READ_CONSUME_CHECK_CONSUMER) timestamp=10088 ms, used_size=7131136 bytes (17.4%)
(RDMA_READ_CONSUME_CHECK_CONSUMER) timestamp=10088 ms, used_size=7129088 bytes (17.4%)
(RDMA_READ_CONSUME_CHECK_CONSUMER) timestamp=10088 ms, used_size=7127040 bytes (17.4%)
(RDMA_READ_CONSUME_CHECK_CONSUMER) timestamp=10088 ms, used_size=7124992 bytes (17.4%)
(RDMA_READ_CONSUME_CHECK_CONSUMER) timestamp=10088 ms, used_size=7122944 bytes (17.4%)
(RDMA_READ_CONSUME_CHECK_CONSUMER) timestamp=10088 ms, used_size=7120896 bytes (17.4%)
(RDMA_READ_CONSUME_CHECK_CONSUMER) timestamp=10088 ms, used_size=7118848 bytes (17.4%)
(RDMA_READ_CONSUME_CHECK_CONSUMER) timestamp=10088 ms, used_size=7116800 bytes (17.4%)
(RDMA_READ_CONSUME_CHECK_CONSUMER) timestamp=10088 ms, used_size=7114752 bytes (17.4%)
(RDMA_READ_CONSUME_CHECK_CONSUMER) timestamp=10088 ms, used_size=7112704 bytes (17.4%)
(RDMA_READ_CONSUME_CHECK_CONSUMER) timestamp=10088 ms, used_size=7110656 bytes (17.4%)
(RDMA_READ_CONSUME_CHECK_CONSUMER) timestamp=10088 ms, used_size=7108608 bytes (17.4%)
(RDMA_READ_CONSUME_CHECK_CONSUMER) timestamp=10088 ms, used_size=7106560 bytes (17.4%)
(RDMA_READ_CONSUME_CHECK_CONSUMER) timestamp=10088 ms, used_size=7104512 bytes (17.3%)
(RDMA_READ_CONSUME_CHECK_CONSUMER) timestamp=10088 ms, used_size=7102464 bytes (17.3%)
(RDMA_READ_CONSUME_CHECK_CONSUMER) timestamp=10088 ms, used_size=7100416 bytes (17.3%)
(RDMA_READ_CONSUME_CHECK_CONSUMER) timestamp=10088 ms, used_size=7098368 bytes (17.3%)
(RDMA_READ_CONSUME_CHECK_CONSUMER) timestamp=10088 ms, used_size=7096320 bytes (17.3%)
(RDMA_READ_CONSUME_CHECK_CONSUMER) timestamp=10088 ms, used_size=7094272 bytes (17.3%)
(RDMA_READ_CONSUME_CHECK_CONSUMER) timestamp=10088 ms, used_size=7092224 bytes (17.3%)
(RDMA_READ_CONSUME_CHECK_CONSUMER) timestamp=10088 ms, used_size=7090176 bytes (17.3%)
(RDMA_READ_CONSUME_CHECK_CONSUMER) timestamp=10088 ms, used_size=7088128 bytes (17.3%)
(RDMA_READ_CONSUME_CHECK_CONSUMER) timestamp=10088 ms, used_size=7086080 bytes (17.3%)
(RDMA_READ_CONSUME_CHECK_CONSUMER) timestamp=10088 ms, used_size=7084032 bytes (17.3%)
(RDMA_READ_CONSUME_CHECK_CONSUMER) timestamp=10088 ms, used_size=7081984 bytes (17.3%)
(RDMA_READ_CONSUME_CHECK_CONSUMER) timestamp=10088 ms, used_size=7079936 bytes (17.3%)
(RDMA_READ_CONSUME_CHECK_CONSUMER) timestamp=10088 ms, used_size=7077888 bytes (17.3%)
(RDMA_READ_CONSUME_CHECK_CONSUMER) timestamp=10088 ms, used_size=7075840 bytes (17.3%)
(RDMA_READ_CONSUME_CHECK_CONSUMER) timestamp=10088 ms, used_size=7073792 bytes (17.3%)
(RDMA_READ_CONSUME_CHECK_CONSUMER) timestamp=10088 ms, used_size=7071744 bytes (17.3%)
(RDMA_READ_CONSUME_CHECK_CONSUMER) timestamp=10088 ms, used_size=7069696 bytes (17.3%)
(RDMA_READ_CONSUME_CHECK_CONSUMER) timestamp=10088 ms, used_size=7067648 bytes (17.3%)
(RDMA_READ_CONSUME_CHECK_CONSUMER) timestamp=10088 ms, used_size=7065600 bytes (17.2%)
(RDMA_READ_CONSUME_CHECK_CONSUMER) timestamp=10088 ms, used_size=7063552 bytes (17.2%)
(RDMA_READ_CONSUME_CHECK_CONSUMER) timestamp=10088 ms, used_size=7061504 bytes (17.2%)
(RDMA_READ_CONSUME_CHECK_CONSUMER) timestamp=10088 ms, used_size=7059456 bytes (17.2%)
(RDMA_READ_CONSUME_CHECK_CONSUMER) timestamp=10088 ms, used_size=7057408 bytes (17.2%)
(RDMA_READ_CONSUME_CHECK_CONSUMER) timestamp=10088 ms, used_size=7055360 bytes (17.2%)
(RDMA_READ_CONSUME_CHECK_CONSUMER) timestamp=10088 ms, used_size=7053312 bytes (17.2%)
(RDMA_READ_CONSUME_CHECK_CONSUMER) timestamp=10088 ms, used_size=7051264 bytes (17.2%)
(RDMA_READ_CONSUME_CHECK_CONSUMER) timestamp=10088 ms, used_size=7049216 bytes (17.2%)
(RDMA_READ_CONSUME_CHECK_CONSUMER) timestamp=10088 ms, used_size=7047168 bytes (17.2%)
(RDMA_READ_CONSUME_CHECK_CONSUMER) timestamp=10088 ms, used_size=7045120 bytes (17.2%)
(RDMA_READ_CONSUME_CHECK_CONSUMER) timestamp=10088 ms, used_size=7043072 bytes (17.2%)
(RDMA_READ_CONSUME_CHECK_CONSUMER) timestamp=10088 ms, used_size=7041024 bytes (17.2%)
(RDMA_READ_CONSUME_CHECK_CONSUMER) timestamp=10088 ms, used_size=7038976 bytes (17.2%)
(RDMA_READ_CONSUME_CHECK_CONSUMER) timestamp=10088 ms, used_size=7036928 bytes (17.2%)
(RDMA_READ_CONSUME_CHECK_CONSUMER) timestamp=10088 ms, used_size=7034880 bytes (17.2%)
(RDMA_READ_CONSUME_CHECK_CONSUMER) timestamp=10088 ms, used_size=7032832 bytes (17.2%)
(RDMA_READ_CONSUME_CHECK_CONSUMER) timestamp=10088 ms, used_size=7030784 bytes (17.2%)
(RDMA_READ_CONSUME_CHECK_CONSUMER) timestamp=10088 ms, used_size=7028736 bytes (17.2%)
(RDMA_READ_CONSUME_CHECK_CONSUMER) timestamp=10088 ms, used_size=7026688 bytes (17.2%)
(RDMA_READ_CONSUME_CHECK_CONSUMER) timestamp=10088 ms, used_size=7024640 bytes (17.1%)
(RDMA_READ_CONSUME_CHECK_CONSUMER) timestamp=10088 ms, used_size=7022592 bytes (17.1%)
(RDMA_READ_CONSUME_CHECK_CONSUMER) timestamp=10088 ms, used_size=7020544 bytes (17.1%)
(RDMA_READ_CONSUME_CHECK_CONSUMER) timestamp=10088 ms, used_size=7018496 bytes (17.1%)
(RDMA_READ_CONSUME_CHECK_CONSUMER) timestamp=10088 ms, used_size=7016448 bytes (17.1%)
(RDMA_READ_CONSUME_CHECK_CONSUMER) timestamp=10088 ms, used_size=7014400 bytes (17.1%)
(RDMA_READ_CONSUME_CHECK_CONSUMER) timestamp=10088 ms, used_size=7012352 bytes (17.1%)
(RDMA_READ_CONSUME_CHECK_CONSUMER) timestamp=10088 ms, used_size=7010304 bytes (17.1%)
(RDMA_READ_CONSUME_CHECK_CONSUMER) timestamp=10088 ms, used_size=7008256 bytes (17.1%)
(RDMA_READ_CONSUME_CHECK_CONSUMER) timestamp=10088 ms, used_size=7006208 bytes (17.1%)
(RDMA_READ_CONSUME_CHECK_CONSUMER) timestamp=10088 ms, used_size=7004160 bytes (17.1%)
(RDMA_READ_CONSUME_CHECK_CONSUMER) timestamp=10088 ms, used_size=7002112 bytes (17.1%)
(RDMA_READ_CONSUME_CHECK_CONSUMER) timestamp=10088 ms, used_size=7000064 bytes (17.1%)
(RDMA_READ_CONSUME_CHECK_CONSUMER) timestamp=10088 ms, used_size=6998016 bytes (17.1%)
(RDMA_READ_CONSUME_CHECK_CONSUMER) timestamp=10088 ms, used_size=6995968 bytes (17.1%)
(RDMA_READ_CONSUME_CHECK_CONSUMER) timestamp=10088 ms, used_size=6993920 bytes (17.1%)
(RDMA_READ_CONSUME_CHECK_CONSUMER) timestamp=10088 ms, used_size=6991872 bytes (17.1%)
(RDMA_READ_CONSUME_CHECK_CONSUMER) timestamp=10088 ms, used_size=6989824 bytes (17.1%)
(RDMA_READ_CONSUME_CHECK_CONSUMER) timestamp=10088 ms, used_size=6987776 bytes (17.1%)
(RDMA_READ_CONSUME_CHECK_CONSUMER) timestamp=10088 ms, used_size=6985728 bytes (17.1%)
(RDMA_READ_CONSUME_CHECK_CONSUMER) timestamp=10088 ms, used_size=6983680 bytes (17.1%)
(RDMA_READ_CONSUME_CHECK_CONSUMER) timestamp=10088 ms, used_size=6981632 bytes (17.0%)
(RDMA_READ_CONSUME_CHECK_CONSUMER) timestamp=10088 ms, used_size=6979584 bytes (17.0%)
(RDMA_READ_CONSUME_CHECK_CONSUMER) timestamp=10088 ms, used_size=6977536 bytes (17.0%)
(RDMA_READ_CONSUME_CHECK_CONSUMER) timestamp=10088 ms, used_size=6975488 bytes (17.0%)
(RDMA_READ_CONSUME_CHECK_CONSUMER) timestamp=10088 ms, used_size=6973440 bytes (17.0%)
(RDMA_READ_CONSUME_CHECK_CONSUMER) timestamp=10088 ms, used_size=6971392 bytes (17.0%)
(RDMA_READ_CONSUME_CHECK_CONSUMER) timestamp=10088 ms, used_size=6969344 bytes (17.0%)
(RDMA_READ_CONSUME_CHECK_CONSUMER) timestamp=10089 ms, used_size=6967296 bytes (17.0%)
(RDMA_READ_CONSUME_CHECK_CONSUMER) timestamp=10089 ms, used_size=6965248 bytes (17.0%)
(RDMA_READ_CONSUME_CHECK_CONSUMER) timestamp=10089 ms, used_size=6963200 bytes (17.0%)
(RDMA_READ_CONSUME_CHECK_CONSUMER) timestamp=10089 ms, used_size=6961152 bytes (17.0%)
(RDMA_READ_CONSUME_CHECK_CONSUMER) timestamp=10089 ms, used_size=6959104 bytes (17.0%)
(RDMA_READ_CONSUME_CHECK_CONSUMER) timestamp=10089 ms, used_size=6957056 bytes (17.0%)
(RDMA_READ_CONSUME_CHECK_CONSUMER) timestamp=10089 ms, used_size=6955008 bytes (17.0%)
(RDMA_READ_CONSUME_CHECK_CONSUMER) timestamp=10089 ms, used_size=6952960 bytes (17.0%)
(RDMA_READ_CONSUME_CHECK_CONSUMER) timestamp=10089 ms, used_size=6950912 bytes (17.0%)
(RDMA_READ_CONSUME_CHECK_CONSUMER) timestamp=10089 ms, used_size=6948864 bytes (17.0%)
(RDMA_READ_CONSUME_CHECK_CONSUMER) timestamp=10089 ms, used_size=6946816 bytes (17.0%)
(RDMA_READ_CONSUME_CHECK_CONSUMER) timestamp=10089 ms, used_size=6944768 bytes (17.0%)
(RDMA_READ_CONSUME_CHECK_CONSUMER) timestamp=10089 ms, used_size=6942720 bytes (16.9%)
(RDMA_READ_CONSUME_CHECK_CONSUMER) timestamp=10089 ms, used_size=6940672 bytes (16.9%)
(RDMA_READ_CONSUME_CHECK_CONSUMER) timestamp=10089 ms, used_size=6938624 bytes (16.9%)
(RDMA_READ_CONSUME_CHECK_CONSUMER) timestamp=10089 ms, used_size=6936576 bytes (16.9%)
(RDMA_READ_CONSUME_CHECK_CONSUMER) timestamp=10089 ms, used_size=6934528 bytes (16.9%)
(RDMA_READ_CONSUME_CHECK_CONSUMER) timestamp=10089 ms, used_size=6932480 bytes (16.9%)
(RDMA_READ_CONSUME_CHECK_CONSUMER) timestamp=10089 ms, used_size=6930432 bytes (16.9%)
(RDMA_READ_CONSUME_CHECK_CONSUMER) timestamp=10089 ms, used_size=6928384 bytes (16.9%)
(RDMA_READ_CONSUME_CHECK_CONSUMER) timestamp=10089 ms, used_size=6926336 bytes (16.9%)
(RDMA_READ_CONSUME_CHECK_CONSUMER) timestamp=10089 ms, used_size=6924288 bytes (16.9%)
(RDMA_READ_CONSUME_CHECK_CONSUMER) timestamp=10089 ms, used_size=6922240 bytes (16.9%)
(RDMA_READ_CONSUME_CHECK_CONSUMER) timestamp=10089 ms, used_size=6920192 bytes (16.9%)
(RDMA_READ_CONSUME_CHECK_CONSUMER) timestamp=10089 ms, used_size=6918144 bytes (16.9%)
(RDMA_READ_CONSUME_CHECK_CONSUMER) timestamp=10089 ms, used_size=6916096 bytes (16.9%)
(RDMA_READ_CONSUME_CHECK_CONSUMER) timestamp=10089 ms, used_size=6914048 bytes (16.9%)
(RDMA_READ_CONSUME_CHECK_CONSUMER) timestamp=10089 ms, used_size=6912000 bytes (16.9%)
(RDMA_READ_CONSUME_CHECK_CONSUMER) timestamp=10089 ms, used_size=6909952 bytes (16.9%)
(RDMA_READ_CONSUME_CHECK_CONSUMER) timestamp=10089 ms, used_size=6907904 bytes (16.9%)
(RDMA_READ_CONSUME_CHECK_CONSUMER) timestamp=10089 ms, used_size=6905856 bytes (16.9%)
(RDMA_READ_CONSUME_CHECK_CONSUMER) timestamp=10089 ms, used_size=6903808 bytes (16.9%)
(RDMA_READ_CONSUME_CHECK_CONSUMER) timestamp=10089 ms, used_size=6901760 bytes (16.9%)
(RDMA_READ_CONSUME_CHECK_CONSUMER) timestamp=10089 ms, used_size=6899712 bytes (16.8%)
(RDMA_READ_CONSUME_CHECK_CONSUMER) timestamp=10089 ms, used_size=6897664 bytes (16.8%)
(RDMA_READ_CONSUME_CHECK_CONSUMER) timestamp=10089 ms, used_size=6895616 bytes (16.8%)
(RDMA_READ_CONSUME_CHECK_CONSUMER) timestamp=10089 ms, used_size=6893568 bytes (16.8%)
(RDMA_READ_CONSUME_CHECK_CONSUMER) timestamp=10089 ms, used_size=6891520 bytes (16.8%)
(RDMA_READ_CONSUME_CHECK_CONSUMER) timestamp=10089 ms, used_size=6889472 bytes (16.8%)
(RDMA_READ_CONSUME_CHECK_CONSUMER) timestamp=10089 ms, used_size=6887424 bytes (16.8%)
(RDMA_READ_CONSUME_CHECK_CONSUMER) timestamp=10089 ms, used_size=6885376 bytes (16.8%)
(RDMA_READ_CONSUME_CHECK_CONSUMER) timestamp=10089 ms, used_size=6883328 bytes (16.8%)
(RDMA_READ_CONSUME_CHECK_CONSUMER) timestamp=10089 ms, used_size=6881280 bytes (16.8%)
(RDMA_READ_CONSUME_CHECK_CONSUMER) timestamp=10089 ms, used_size=6879232 bytes (16.8%)
(RDMA_READ_CONSUME_CHECK_CONSUMER) timestamp=10089 ms, used_size=6877184 bytes (16.8%)
(RDMA_READ_CONSUME_CHECK_CONSUMER) timestamp=10089 ms, used_size=6875136 bytes (16.8%)
(RDMA_READ_CONSUME_CHECK_CONSUMER) timestamp=10089 ms, used_size=6873088 bytes (16.8%)
(RDMA_READ_CONSUME_CHECK_CONSUMER) timestamp=10089 ms, used_size=6871040 bytes (16.8%)
(RDMA_READ_CONSUME_CHECK_CONSUMER) timestamp=10089 ms, used_size=6868992 bytes (16.8%)
(RDMA_READ_CONSUME_CHECK_CONSUMER) timestamp=10089 ms, used_size=6866944 bytes (16.8%)
(RDMA_READ_CONSUME_CHECK_CONSUMER) timestamp=10089 ms, used_size=6864896 bytes (16.8%)
(RDMA_READ_CONSUME_CHECK_CONSUMER) timestamp=10089 ms, used_size=6862848 bytes (16.8%)
(RDMA_READ_CONSUME_CHECK_CONSUMER) timestamp=10089 ms, used_size=6860800 bytes (16.8%)
(RDMA_READ_CONSUME_CHECK_CONSUMER) timestamp=10089 ms, used_size=6858752 bytes (16.7%)
(RDMA_READ_CONSUME_CHECK_CONSUMER) timestamp=10089 ms, used_size=6856704 bytes (16.7%)
(RDMA_READ_CONSUME_CHECK_CONSUMER) timestamp=10089 ms, used_size=6854656 bytes (16.7%)
(RDMA_READ_CONSUME_CHECK_CONSUMER) timestamp=10089 ms, used_size=6852608 bytes (16.7%)
(RDMA_READ_CONSUME_CHECK_CONSUMER) timestamp=10089 ms, used_size=6850560 bytes (16.7%)
(RDMA_READ_CONSUME_CHECK_CONSUMER) timestamp=10089 ms, used_size=6848512 bytes (16.7%)
(RDMA_READ_CONSUME_CHECK_CONSUMER) timestamp=10089 ms, used_size=6846464 bytes (16.7%)
(RDMA_READ_CONSUME_CHECK_CONSUMER) timestamp=10089 ms, used_size=6844416 bytes (16.7%)
(RDMA_READ_CONSUME_CHECK_CONSUMER) timestamp=10089 ms, used_size=6842368 bytes (16.7%)
(RDMA_READ_CONSUME_CHECK_CONSUMER) timestamp=10089 ms, used_size=6840320 bytes (16.7%)
(RDMA_READ_CONSUME_CHECK_CONSUMER) timestamp=10089 ms, used_size=6838272 bytes (16.7%)
(RDMA_READ_CONSUME_CHECK_CONSUMER) timestamp=10089 ms, used_size=6836224 bytes (16.7%)
(RDMA_READ_CONSUME_CHECK_CONSUMER) timestamp=10089 ms, used_size=6834176 bytes (16.7%)
(RDMA_READ_CONSUME_CHECK_CONSUMER) timestamp=10089 ms, used_size=6832128 bytes (16.7%)
(RDMA_READ_CONSUME_CHECK_CONSUMER) timestamp=10089 ms, used_size=6830080 bytes (16.7%)
(RDMA_READ_CONSUME_CHECK_CONSUMER) timestamp=10089 ms, used_size=6828032 bytes (16.7%)
(RDMA_READ_CONSUME_CHECK_CONSUMER) timestamp=10089 ms, used_size=6825984 bytes (16.7%)
(RDMA_READ_CONSUME_CHECK_CONSUMER) timestamp=10089 ms, used_size=6823936 bytes (16.7%)
(RDMA_READ_CONSUME_CHECK_CONSUMER) timestamp=10089 ms, used_size=6821888 bytes (16.7%)
(RDMA_READ_CONSUME_CHECK_CONSUMER) timestamp=10089 ms, used_size=6819840 bytes (16.6%)
(RDMA_READ_CONSUME_CHECK_CONSUMER) timestamp=10089 ms, used_size=6817792 bytes (16.6%)
(RDMA_READ_CONSUME_CHECK_CONSUMER) timestamp=10089 ms, used_size=6815744 bytes (16.6%)
(RDMA_READ_CONSUME_CHECK_CONSUMER) timestamp=10089 ms, used_size=6813696 bytes (16.6%)
(RDMA_READ_CONSUME_CHECK_CONSUMER) timestamp=10089 ms, used_size=6811648 bytes (16.6%)
(RDMA_READ_CONSUME_CHECK_CONSUMER) timestamp=10089 ms, used_size=6809600 bytes (16.6%)
(RDMA_READ_CONSUME_CHECK_CONSUMER) timestamp=10089 ms, used_size=6807552 bytes (16.6%)
(RDMA_READ_CONSUME_CHECK_CONSUMER) timestamp=10089 ms, used_size=6805504 bytes (16.6%)
(RDMA_READ_CONSUME_CHECK_CONSUMER) timestamp=10089 ms, used_size=6803456 bytes (16.6%)
(RDMA_READ_CONSUME_CHECK_CONSUMER) timestamp=10089 ms, used_size=6801408 bytes (16.6%)
(RDMA_READ_CONSUME_CHECK_CONSUMER) timestamp=10089 ms, used_size=6799360 bytes (16.6%)
(RDMA_READ_CONSUME_CHECK_CONSUMER) timestamp=10089 ms, used_size=6797312 bytes (16.6%)
(RDMA_READ_CONSUME_CHECK_CONSUMER) timestamp=10089 ms, used_size=6795264 bytes (16.6%)
(RDMA_READ_CONSUME_CHECK_CONSUMER) timestamp=10089 ms, used_size=6793216 bytes (16.6%)
(RDMA_READ_CONSUME_CHECK_CONSUMER) timestamp=10089 ms, used_size=6791168 bytes (16.6%)
(RDMA_READ_CONSUME_CHECK_CONSUMER) timestamp=10089 ms, used_size=6789120 bytes (16.6%)
(RDMA_READ_CONSUME_CHECK_CONSUMER) timestamp=10089 ms, used_size=6787072 bytes (16.6%)
(RDMA_READ_CONSUME_CHECK_CONSUMER) timestamp=10089 ms, used_size=6785024 bytes (16.6%)
(RDMA_READ_CONSUME_CHECK_CONSUMER) timestamp=10089 ms, used_size=6782976 bytes (16.6%)
(RDMA_READ_CONSUME_CHECK_CONSUMER) timestamp=10089 ms, used_size=6780928 bytes (16.6%)
(RDMA_READ_CONSUME_CHECK_CONSUMER) timestamp=10089 ms, used_size=6778880 bytes (16.6%)
(RDMA_READ_CONSUME_CHECK_CONSUMER) timestamp=10089 ms, used_size=6776832 bytes (16.5%)
(RDMA_READ_CONSUME_CHECK_CONSUMER) timestamp=10089 ms, used_size=6774784 bytes (16.5%)
(RDMA_READ_CONSUME_CHECK_CONSUMER) timestamp=10089 ms, used_size=6772736 bytes (16.5%)
(RDMA_READ_CONSUME_CHECK_CONSUMER) timestamp=10089 ms, used_size=6770688 bytes (16.5%)
(RDMA_READ_CONSUME_CHECK_CONSUMER) timestamp=10089 ms, used_size=6768640 bytes (16.5%)
(RDMA_READ_CONSUME_CHECK_CONSUMER) timestamp=10089 ms, used_size=6766592 bytes (16.5%)
(RDMA_READ_CONSUME_CHECK_CONSUMER) timestamp=10089 ms, used_size=6764544 bytes (16.5%)
(RDMA_READ_CONSUME_CHECK_CONSUMER) timestamp=10089 ms, used_size=6762496 bytes (16.5%)
(RDMA_READ_CONSUME_CHECK_CONSUMER) timestamp=10089 ms, used_size=6760448 bytes (16.5%)
(RDMA_READ_CONSUME_CHECK_CONSUMER) timestamp=10089 ms, used_size=6758400 bytes (16.5%)
(RDMA_READ_CONSUME_CHECK_CONSUMER) timestamp=10089 ms, used_size=6756352 bytes (16.5%)
(RDMA_READ_CONSUME_CHECK_CONSUMER) timestamp=10089 ms, used_size=6754304 bytes (16.5%)
(RDMA_READ_CONSUME_CHECK_CONSUMER) timestamp=10089 ms, used_size=6752256 bytes (16.5%)
(RDMA_READ_CONSUME_CHECK_CONSUMER) timestamp=10089 ms, used_size=6750208 bytes (16.5%)
(RDMA_READ_CONSUME_CHECK_CONSUMER) timestamp=10089 ms, used_size=6748160 bytes (16.5%)
(RDMA_READ_CONSUME_CHECK_CONSUMER) timestamp=10089 ms, used_size=6746112 bytes (16.5%)
(RDMA_READ_CONSUME_CHECK_CONSUMER) timestamp=10089 ms, used_size=6744064 bytes (16.5%)
(RDMA_READ_CONSUME_CHECK_CONSUMER) timestamp=10089 ms, used_size=6742016 bytes (16.5%)
(RDMA_READ_CONSUME_CHECK_CONSUMER) timestamp=10089 ms, used_size=6739968 bytes (16.5%)
(RDMA_READ_CONSUME_CHECK_CONSUMER) timestamp=10089 ms, used_size=6737920 bytes (16.4%)
(RDMA_READ_CONSUME_CHECK_CONSUMER) timestamp=10089 ms, used_size=6735872 bytes (16.4%)
(RDMA_READ_CONSUME_CHECK_CONSUMER) timestamp=10089 ms, used_size=6733824 bytes (16.4%)
(RDMA_READ_CONSUME_CHECK_CONSUMER) timestamp=10089 ms, used_size=6731776 bytes (16.4%)
(RDMA_READ_CONSUME_CHECK_CONSUMER) timestamp=10089 ms, used_size=6729728 bytes (16.4%)
(RDMA_READ_CONSUME_CHECK_CONSUMER) timestamp=10089 ms, used_size=6727680 bytes (16.4%)
(RDMA_READ_CONSUME_CHECK_CONSUMER) timestamp=10089 ms, used_size=6725632 bytes (16.4%)
(RDMA_READ_CONSUME_CHECK_CONSUMER) timestamp=10089 ms, used_size=6723584 bytes (16.4%)
(RDMA_READ_CONSUME_CHECK_CONSUMER) timestamp=10089 ms, used_size=6721536 bytes (16.4%)
(RDMA_READ_CONSUME_CHECK_CONSUMER) timestamp=10089 ms, used_size=6719488 bytes (16.4%)
(RDMA_READ_CONSUME_CHECK_CONSUMER) timestamp=10089 ms, used_size=6717440 bytes (16.4%)
(RDMA_READ_CONSUME_CHECK_CONSUMER) timestamp=10089 ms, used_size=6715392 bytes (16.4%)
(RDMA_READ_CONSUME_CHECK_CONSUMER) timestamp=10089 ms, used_size=6713344 bytes (16.4%)
(RDMA_READ_CONSUME_CHECK_CONSUMER) timestamp=10089 ms, used_size=6711296 bytes (16.4%)
(RDMA_READ_CONSUME_CHECK_CONSUMER) timestamp=10089 ms, used_size=6709248 bytes (16.4%)
(RDMA_READ_CONSUME_CHECK_CONSUMER) timestamp=10089 ms, used_size=6707200 bytes (16.4%)
(RDMA_READ_CONSUME_CHECK_CONSUMER) timestamp=10089 ms, used_size=6705152 bytes (16.4%)
(RDMA_READ_CONSUME_CHECK_CONSUMER) timestamp=10089 ms, used_size=6703104 bytes (16.4%)
(RDMA_READ_CONSUME_CHECK_CONSUMER) timestamp=10089 ms, used_size=6701056 bytes (16.4%)
(RDMA_READ_CONSUME_CHECK_CONSUMER) timestamp=10089 ms, used_size=6699008 bytes (16.4%)
(RDMA_READ_CONSUME_CHECK_CONSUMER) timestamp=10089 ms, used_size=6696960 bytes (16.4%)
(RDMA_READ_CONSUME_CHECK_CONSUMER) timestamp=10089 ms, used_size=6694912 bytes (16.3%)
(RDMA_READ_CONSUME_CHECK_CONSUMER) timestamp=10089 ms, used_size=6692864 bytes (16.3%)
(RDMA_READ_CONSUME_CHECK_CONSUMER) timestamp=10089 ms, used_size=6690816 bytes (16.3%)
(RDMA_READ_CONSUME_CHECK_CONSUMER) timestamp=10089 ms, used_size=6688768 bytes (16.3%)
(RDMA_READ_CONSUME_CHECK_CONSUMER) timestamp=10089 ms, used_size=6686720 bytes (16.3%)
(RDMA_READ_CONSUME_CHECK_CONSUMER) timestamp=10089 ms, used_size=6684672 bytes (16.3%)
(RDMA_READ_CONSUME_CHECK_CONSUMER) timestamp=10089 ms, used_size=6682624 bytes (16.3%)
(RDMA_READ_CONSUME_CHECK_CONSUMER) timestamp=10089 ms, used_size=6680576 bytes (16.3%)
(RDMA_READ_CONSUME_CHECK_CONSUMER) timestamp=10089 ms, used_size=6678528 bytes (16.3%)
(RDMA_READ_CONSUME_CHECK_CONSUMER) timestamp=10089 ms, used_size=6676480 bytes (16.3%)
(RDMA_READ_CONSUME_CHECK_CONSUMER) timestamp=10089 ms, used_size=6674432 bytes (16.3%)
(RDMA_READ_CONSUME_CHECK_CONSUMER) timestamp=10089 ms, used_size=6672384 bytes (16.3%)
(RDMA_READ_CONSUME_CHECK_CONSUMER) timestamp=10089 ms, used_size=6670336 bytes (16.3%)
(RDMA_READ_CONSUME_CHECK_CONSUMER) timestamp=10089 ms, used_size=6668288 bytes (16.3%)
(RDMA_READ_CONSUME_CHECK_CONSUMER) timestamp=10089 ms, used_size=6666240 bytes (16.3%)
(RDMA_READ_CONSUME_CHECK_CONSUMER) timestamp=10089 ms, used_size=6664192 bytes (16.3%)
(RDMA_READ_CONSUME_CHECK_CONSUMER) timestamp=10089 ms, used_size=6662144 bytes (16.3%)
(RDMA_READ_CONSUME_CHECK_CONSUMER) timestamp=10089 ms, used_size=6660096 bytes (16.3%)
(RDMA_READ_CONSUME_CHECK_CONSUMER) timestamp=10089 ms, used_size=6658048 bytes (16.3%)
(RDMA_READ_CONSUME_CHECK_CONSUMER) timestamp=10089 ms, used_size=6656000 bytes (16.2%)
(RDMA_READ_CONSUME_CHECK_CONSUMER) timestamp=10089 ms, used_size=6653952 bytes (16.2%)
(RDMA_READ_CONSUME_CHECK_CONSUMER) timestamp=10089 ms, used_size=6651904 bytes (16.2%)
(RDMA_READ_CONSUME_CHECK_CONSUMER) timestamp=10089 ms, used_size=6649856 bytes (16.2%)
(RDMA_READ_CONSUME_CHECK_CONSUMER) timestamp=10089 ms, used_size=6647808 bytes (16.2%)
(RDMA_READ_CONSUME_CHECK_CONSUMER) timestamp=10089 ms, used_size=6645760 bytes (16.2%)
(RDMA_READ_CONSUME_CHECK_CONSUMER) timestamp=10089 ms, used_size=6643712 bytes (16.2%)
(RDMA_READ_CONSUME_CHECK_CONSUMER) timestamp=10089 ms, used_size=6641664 bytes (16.2%)
(RDMA_READ_CONSUME_CHECK_CONSUMER) timestamp=10089 ms, used_size=6639616 bytes (16.2%)
(RDMA_READ_CONSUME_CHECK_CONSUMER) timestamp=10089 ms, used_size=6637568 bytes (16.2%)
(RDMA_READ_CONSUME_CHECK_CONSUMER) timestamp=10089 ms, used_size=6635520 bytes (16.2%)
(RDMA_READ_CONSUME_CHECK_CONSUMER) timestamp=10089 ms, used_size=6633472 bytes (16.2%)
(RDMA_READ_CONSUME_CHECK_CONSUMER) timestamp=10089 ms, used_size=6631424 bytes (16.2%)
(RDMA_READ_CONSUME_CHECK_CONSUMER) timestamp=10089 ms, used_size=6629376 bytes (16.2%)
(RDMA_READ_CONSUME_CHECK_CONSUMER) timestamp=10089 ms, used_size=6627328 bytes (16.2%)
(RDMA_READ_CONSUME_CHECK_CONSUMER) timestamp=10089 ms, used_size=6625280 bytes (16.2%)
(RDMA_READ_CONSUME_CHECK_CONSUMER) timestamp=10089 ms, used_size=6623232 bytes (16.2%)
(RDMA_READ_CONSUME_CHECK_CONSUMER) timestamp=10089 ms, used_size=6621184 bytes (16.2%)
(RDMA_READ_CONSUME_CHECK_CONSUMER) timestamp=10089 ms, used_size=6619136 bytes (16.2%)
(RDMA_READ_CONSUME_CHECK_CONSUMER) timestamp=10090 ms, used_size=6617088 bytes (16.2%)
(RDMA_READ_CONSUME_CHECK_CONSUMER) timestamp=10090 ms, used_size=6615040 bytes (16.1%)
(RDMA_READ_CONSUME_CHECK_CONSUMER) timestamp=10090 ms, used_size=6612992 bytes (16.1%)
(RDMA_READ_CONSUME_CHECK_CONSUMER) timestamp=10090 ms, used_size=6610944 bytes (16.1%)
(RDMA_READ_CONSUME_CHECK_CONSUMER) timestamp=10090 ms, used_size=6608896 bytes (16.1%)
(RDMA_READ_CONSUME_CHECK_CONSUMER) timestamp=10090 ms, used_size=6606848 bytes (16.1%)
(RDMA_READ_CONSUME_CHECK_CONSUMER) timestamp=10090 ms, used_size=6604800 bytes (16.1%)
(RDMA_READ_CONSUME_CHECK_CONSUMER) timestamp=10090 ms, used_size=6602752 bytes (16.1%)
(RDMA_READ_CONSUME_CHECK_CONSUMER) timestamp=10090 ms, used_size=6600704 bytes (16.1%)
(RDMA_READ_CONSUME_CHECK_CONSUMER) timestamp=10090 ms, used_size=6598656 bytes (16.1%)
(RDMA_READ_CONSUME_CHECK_CONSUMER) timestamp=10090 ms, used_size=6596608 bytes (16.1%)
(RDMA_READ_CONSUME_CHECK_CONSUMER) timestamp=10090 ms, used_size=6594560 bytes (16.1%)
(RDMA_READ_CONSUME_CHECK_CONSUMER) timestamp=10090 ms, used_size=6592512 bytes (16.1%)
(RDMA_READ_CONSUME_CHECK_CONSUMER) timestamp=10090 ms, used_size=6590464 bytes (16.1%)
(RDMA_READ_CONSUME_CHECK_CONSUMER) timestamp=10090 ms, used_size=6588416 bytes (16.1%)
(RDMA_READ_CONSUME_CHECK_CONSUMER) timestamp=10090 ms, used_size=6586368 bytes (16.1%)
(RDMA_READ_CONSUME_CHECK_CONSUMER) timestamp=10090 ms, used_size=6584320 bytes (16.1%)
(RDMA_READ_CONSUME_CHECK_CONSUMER) timestamp=10090 ms, used_size=6582272 bytes (16.1%)
(RDMA_READ_CONSUME_CHECK_CONSUMER) timestamp=10090 ms, used_size=6580224 bytes (16.1%)
(RDMA_READ_CONSUME_CHECK_CONSUMER) timestamp=10090 ms, used_size=6578176 bytes (16.1%)
(RDMA_READ_CONSUME_CHECK_CONSUMER) timestamp=10090 ms, used_size=6576128 bytes (16.1%)
(RDMA_READ_CONSUME_CHECK_CONSUMER) timestamp=10090 ms, used_size=6574080 bytes (16.1%)
(RDMA_READ_CONSUME_CHECK_CONSUMER) timestamp=10090 ms, used_size=6572032 bytes (16.0%)
(RDMA_READ_CONSUME_CHECK_CONSUMER) timestamp=10090 ms, used_size=6569984 bytes (16.0%)
(RDMA_READ_CONSUME_CHECK_CONSUMER) timestamp=10090 ms, used_size=6567936 bytes (16.0%)
(RDMA_READ_CONSUME_CHECK_CONSUMER) timestamp=10090 ms, used_size=6565888 bytes (16.0%)
(RDMA_READ_CONSUME_CHECK_CONSUMER) timestamp=10090 ms, used_size=6563840 bytes (16.0%)
(RDMA_READ_CONSUME_CHECK_CONSUMER) timestamp=10090 ms, used_size=6561792 bytes (16.0%)
(RDMA_READ_CONSUME_CHECK_CONSUMER) timestamp=10090 ms, used_size=6559744 bytes (16.0%)
(RDMA_READ_CONSUME_CHECK_CONSUMER) timestamp=10090 ms, used_size=6557696 bytes (16.0%)
(RDMA_READ_CONSUME_CHECK_CONSUMER) timestamp=10090 ms, used_size=6555648 bytes (16.0%)
(RDMA_READ_CONSUME_CHECK_CONSUMER) timestamp=10090 ms, used_size=6553600 bytes (16.0%)
(RDMA_READ_CONSUME_CHECK_CONSUMER) timestamp=10090 ms, used_size=6551552 bytes (16.0%)
(RDMA_READ_CONSUME_CHECK_CONSUMER) timestamp=10090 ms, used_size=6549504 bytes (16.0%)
(RDMA_READ_CONSUME_CHECK_CONSUMER) timestamp=10090 ms, used_size=6547456 bytes (16.0%)
(RDMA_READ_CONSUME_CHECK_CONSUMER) timestamp=10090 ms, used_size=6545408 bytes (16.0%)
(RDMA_READ_CONSUME_CHECK_CONSUMER) timestamp=10090 ms, used_size=6543360 bytes (16.0%)
(RDMA_READ_CONSUME_CHECK_CONSUMER) timestamp=10090 ms, used_size=6541312 bytes (16.0%)
(RDMA_READ_CONSUME_CHECK_CONSUMER) timestamp=10090 ms, used_size=6539264 bytes (16.0%)
(RDMA_READ_CONSUME_CHECK_CONSUMER) timestamp=10090 ms, used_size=6537216 bytes (16.0%)
(RDMA_READ_CONSUME_CHECK_CONSUMER) timestamp=10090 ms, used_size=6535168 bytes (16.0%)
(RDMA_READ_CONSUME_CHECK_CONSUMER) timestamp=10090 ms, used_size=6533120 bytes (15.9%)
(RDMA_READ_CONSUME_CHECK_CONSUMER) timestamp=10090 ms, used_size=6531072 bytes (15.9%)
(RDMA_READ_CONSUME_CHECK_CONSUMER) timestamp=10090 ms, used_size=6529024 bytes (15.9%)
(RDMA_READ_CONSUME_CHECK_CONSUMER) timestamp=10090 ms, used_size=6526976 bytes (15.9%)
(RDMA_READ_CONSUME_CHECK_CONSUMER) timestamp=10090 ms, used_size=6524928 bytes (15.9%)
(RDMA_READ_CONSUME_CHECK_CONSUMER) timestamp=10090 ms, used_size=6522880 bytes (15.9%)
(RDMA_READ_CONSUME_CHECK_CONSUMER) timestamp=10090 ms, used_size=6520832 bytes (15.9%)
(RDMA_READ_CONSUME_CHECK_CONSUMER) timestamp=10090 ms, used_size=6518784 bytes (15.9%)
(RDMA_READ_CONSUME_CHECK_CONSUMER) timestamp=10090 ms, used_size=6516736 bytes (15.9%)
(RDMA_READ_CONSUME_CHECK_CONSUMER) timestamp=10090 ms, used_size=6514688 bytes (15.9%)
(RDMA_READ_CONSUME_CHECK_CONSUMER) timestamp=10090 ms, used_size=6512640 bytes (15.9%)
(RDMA_READ_CONSUME_CHECK_CONSUMER) timestamp=10090 ms, used_size=6510592 bytes (15.9%)
(RDMA_READ_CONSUME_CHECK_CONSUMER) timestamp=10090 ms, used_size=6508544 bytes (15.9%)
(RDMA_READ_CONSUME_CHECK_CONSUMER) timestamp=10090 ms, used_size=6506496 bytes (15.9%)
(RDMA_READ_CONSUME_CHECK_CONSUMER) timestamp=10090 ms, used_size=6504448 bytes (15.9%)
(RDMA_READ_CONSUME_CHECK_CONSUMER) timestamp=10090 ms, used_size=6502400 bytes (15.9%)
(RDMA_READ_CONSUME_CHECK_CONSUMER) timestamp=10090 ms, used_size=6500352 bytes (15.9%)
(RDMA_READ_CONSUME_CHECK_CONSUMER) timestamp=10090 ms, used_size=6498304 bytes (15.9%)
(RDMA_READ_CONSUME_CHECK_CONSUMER) timestamp=10090 ms, used_size=6496256 bytes (15.9%)
(RDMA_READ_CONSUME_CHECK_CONSUMER) timestamp=10090 ms, used_size=6494208 bytes (15.9%)
(RDMA_READ_CONSUME_CHECK_CONSUMER) timestamp=10090 ms, used_size=6492160 bytes (15.8%)
(RDMA_READ_CONSUME_CHECK_CONSUMER) timestamp=10090 ms, used_size=6490112 bytes (15.8%)
(RDMA_READ_CONSUME_CHECK_CONSUMER) timestamp=10090 ms, used_size=6488064 bytes (15.8%)
(RDMA_READ_CONSUME_CHECK_CONSUMER) timestamp=10090 ms, used_size=6486016 bytes (15.8%)
(RDMA_READ_CONSUME_CHECK_CONSUMER) timestamp=10090 ms, used_size=6483968 bytes (15.8%)
(RDMA_READ_CONSUME_CHECK_CONSUMER) timestamp=10090 ms, used_size=6481920 bytes (15.8%)
(RDMA_READ_CONSUME_CHECK_CONSUMER) timestamp=10090 ms, used_size=6479872 bytes (15.8%)
(RDMA_READ_CONSUME_CHECK_CONSUMER) timestamp=10090 ms, used_size=6477824 bytes (15.8%)
(RDMA_READ_CONSUME_CHECK_CONSUMER) timestamp=10090 ms, used_size=6475776 bytes (15.8%)
(RDMA_READ_CONSUME_CHECK_CONSUMER) timestamp=10090 ms, used_size=6473728 bytes (15.8%)
(RDMA_READ_CONSUME_CHECK_CONSUMER) timestamp=10090 ms, used_size=6471680 bytes (15.8%)
(RDMA_READ_CONSUME_CHECK_CONSUMER) timestamp=10090 ms, used_size=6469632 bytes (15.8%)
(RDMA_READ_CONSUME_CHECK_CONSUMER) timestamp=10090 ms, used_size=6467584 bytes (15.8%)
(RDMA_READ_CONSUME_CHECK_CONSUMER) timestamp=10090 ms, used_size=6465536 bytes (15.8%)
(RDMA_READ_CONSUME_CHECK_CONSUMER) timestamp=10090 ms, used_size=6463488 bytes (15.8%)
(RDMA_READ_CONSUME_CHECK_CONSUMER) timestamp=10090 ms, used_size=6461440 bytes (15.8%)
(RDMA_READ_CONSUME_CHECK_CONSUMER) timestamp=10090 ms, used_size=6459392 bytes (15.8%)
(RDMA_READ_CONSUME_CHECK_CONSUMER) timestamp=10090 ms, used_size=6457344 bytes (15.8%)
(RDMA_READ_CONSUME_CHECK_CONSUMER) timestamp=10090 ms, used_size=6455296 bytes (15.8%)
(RDMA_READ_CONSUME_CHECK_CONSUMER) timestamp=10090 ms, used_size=6453248 bytes (15.8%)
(RDMA_READ_CONSUME_CHECK_CONSUMER) timestamp=10090 ms, used_size=6451200 bytes (15.8%)
(RDMA_READ_CONSUME_CHECK_CONSUMER) timestamp=10090 ms, used_size=6449152 bytes (15.7%)
(RDMA_READ_CONSUME_CHECK_CONSUMER) timestamp=10090 ms, used_size=6447104 bytes (15.7%)
(RDMA_READ_CONSUME_CHECK_CONSUMER) timestamp=10090 ms, used_size=6445056 bytes (15.7%)
(RDMA_READ_CONSUME_CHECK_CONSUMER) timestamp=10090 ms, used_size=6443008 bytes (15.7%)
(RDMA_READ_CONSUME_CHECK_CONSUMER) timestamp=10090 ms, used_size=6440960 bytes (15.7%)
(RDMA_READ_CONSUME_CHECK_CONSUMER) timestamp=10090 ms, used_size=6438912 bytes (15.7%)
(RDMA_READ_CONSUME_CHECK_CONSUMER) timestamp=10090 ms, used_size=6436864 bytes (15.7%)
(RDMA_READ_CONSUME_CHECK_CONSUMER) timestamp=10090 ms, used_size=6434816 bytes (15.7%)
(RDMA_READ_CONSUME_CHECK_CONSUMER) timestamp=10090 ms, used_size=6432768 bytes (15.7%)
(RDMA_READ_CONSUME_CHECK_CONSUMER) timestamp=10090 ms, used_size=6430720 bytes (15.7%)
(RDMA_READ_CONSUME_CHECK_CONSUMER) timestamp=10090 ms, used_size=6428672 bytes (15.7%)
(RDMA_READ_CONSUME_CHECK_CONSUMER) timestamp=10090 ms, used_size=6426624 bytes (15.7%)
(RDMA_READ_CONSUME_CHECK_CONSUMER) timestamp=10090 ms, used_size=6424576 bytes (15.7%)
(RDMA_READ_CONSUME_CHECK_CONSUMER) timestamp=10090 ms, used_size=6422528 bytes (15.7%)
(RDMA_READ_CONSUME_CHECK_CONSUMER) timestamp=10090 ms, used_size=6420480 bytes (15.7%)
(RDMA_READ_CONSUME_CHECK_CONSUMER) timestamp=10090 ms, used_size=6418432 bytes (15.7%)
(RDMA_READ_CONSUME_CHECK_CONSUMER) timestamp=10090 ms, used_size=6416384 bytes (15.7%)
(RDMA_READ_CONSUME_CHECK_CONSUMER) timestamp=10090 ms, used_size=6414336 bytes (15.7%)
(RDMA_READ_CONSUME_CHECK_CONSUMER) timestamp=10090 ms, used_size=6412288 bytes (15.7%)
(RDMA_READ_CONSUME_CHECK_CONSUMER) timestamp=10090 ms, used_size=6410240 bytes (15.7%)
(RDMA_READ_CONSUME_CHECK_CONSUMER) timestamp=10090 ms, used_size=6408192 bytes (15.6%)
(RDMA_READ_CONSUME_CHECK_CONSUMER) timestamp=10090 ms, used_size=6406144 bytes (15.6%)
(RDMA_READ_CONSUME_CHECK_CONSUMER) timestamp=10090 ms, used_size=6404096 bytes (15.6%)
(RDMA_READ_CONSUME_CHECK_CONSUMER) timestamp=10090 ms, used_size=6402048 bytes (15.6%)
(RDMA_READ_CONSUME_CHECK_CONSUMER) timestamp=10090 ms, used_size=6400000 bytes (15.6%)
(RDMA_READ_CONSUME_CHECK_CONSUMER) timestamp=10090 ms, used_size=6397952 bytes (15.6%)
(RDMA_READ_CONSUME_CHECK_CONSUMER) timestamp=10090 ms, used_size=6395904 bytes (15.6%)
(RDMA_READ_CONSUME_CHECK_CONSUMER) timestamp=10090 ms, used_size=6393856 bytes (15.6%)
(RDMA_READ_CONSUME_CHECK_CONSUMER) timestamp=10090 ms, used_size=6391808 bytes (15.6%)
(RDMA_READ_CONSUME_CHECK_CONSUMER) timestamp=10090 ms, used_size=6389760 bytes (15.6%)
(RDMA_READ_CONSUME_CHECK_CONSUMER) timestamp=10090 ms, used_size=6387712 bytes (15.6%)
(RDMA_READ_CONSUME_CHECK_CONSUMER) timestamp=10090 ms, used_size=6385664 bytes (15.6%)
(RDMA_READ_CONSUME_CHECK_CONSUMER) timestamp=10090 ms, used_size=6383616 bytes (15.6%)
(RDMA_READ_CONSUME_CHECK_CONSUMER) timestamp=10090 ms, used_size=6381568 bytes (15.6%)
(RDMA_READ_CONSUME_CHECK_CONSUMER) timestamp=10090 ms, used_size=6379520 bytes (15.6%)
(RDMA_READ_CONSUME_CHECK_CONSUMER) timestamp=10090 ms, used_size=6377472 bytes (15.6%)
(RDMA_READ_CONSUME_CHECK_CONSUMER) timestamp=10090 ms, used_size=6375424 bytes (15.6%)
(RDMA_READ_CONSUME_CHECK_CONSUMER) timestamp=10090 ms, used_size=6373376 bytes (15.6%)
(RDMA_READ_CONSUME_CHECK_CONSUMER) timestamp=10090 ms, used_size=6371328 bytes (15.6%)
(RDMA_READ_CONSUME_CHECK_CONSUMER) timestamp=10090 ms, used_size=6369280 bytes (15.6%)
(RDMA_READ_CONSUME_CHECK_CONSUMER) timestamp=10090 ms, used_size=6367232 bytes (15.5%)
(RDMA_READ_CONSUME_CHECK_CONSUMER) timestamp=10090 ms, used_size=6365184 bytes (15.5%)
(RDMA_READ_CONSUME_CHECK_CONSUMER) timestamp=10090 ms, used_size=6363136 bytes (15.5%)
(RDMA_READ_CONSUME_CHECK_CONSUMER) timestamp=10090 ms, used_size=6361088 bytes (15.5%)
(RDMA_READ_CONSUME_CHECK_CONSUMER) timestamp=10090 ms, used_size=6359040 bytes (15.5%)
(RDMA_READ_CONSUME_CHECK_CONSUMER) timestamp=10090 ms, used_size=6356992 bytes (15.5%)
(RDMA_READ_CONSUME_CHECK_CONSUMER) timestamp=10090 ms, used_size=6354944 bytes (15.5%)
(RDMA_READ_CONSUME_CHECK_CONSUMER) timestamp=10090 ms, used_size=6352896 bytes (15.5%)
(RDMA_READ_CONSUME_CHECK_CONSUMER) timestamp=10090 ms, used_size=6350848 bytes (15.5%)
(RDMA_READ_CONSUME_CHECK_CONSUMER) timestamp=10090 ms, used_size=6348800 bytes (15.5%)
(RDMA_READ_CONSUME_CHECK_CONSUMER) timestamp=10090 ms, used_size=6346752 bytes (15.5%)
(RDMA_READ_CONSUME_CHECK_CONSUMER) timestamp=10090 ms, used_size=6344704 bytes (15.5%)
(RDMA_READ_CONSUME_CHECK_CONSUMER) timestamp=10090 ms, used_size=6342656 bytes (15.5%)
(RDMA_READ_CONSUME_CHECK_CONSUMER) timestamp=10090 ms, used_size=6340608 bytes (15.5%)
(RDMA_READ_CONSUME_CHECK_CONSUMER) timestamp=10090 ms, used_size=6338560 bytes (15.5%)
(RDMA_READ_CONSUME_CHECK_CONSUMER) timestamp=10090 ms, used_size=6336512 bytes (15.5%)
(RDMA_READ_CONSUME_CHECK_CONSUMER) timestamp=10090 ms, used_size=6334464 bytes (15.5%)
(RDMA_READ_CONSUME_CHECK_CONSUMER) timestamp=10090 ms, used_size=6332416 bytes (15.5%)
(RDMA_READ_CONSUME_CHECK_CONSUMER) timestamp=10090 ms, used_size=6330368 bytes (15.5%)
(RDMA_READ_CONSUME_CHECK_CONSUMER) timestamp=10090 ms, used_size=6328320 bytes (15.4%)
(RDMA_READ_CONSUME_CHECK_CONSUMER) timestamp=10090 ms, used_size=6326272 bytes (15.4%)
(RDMA_READ_CONSUME_CHECK_CONSUMER) timestamp=10090 ms, used_size=6324224 bytes (15.4%)
(RDMA_READ_CONSUME_CHECK_CONSUMER) timestamp=10090 ms, used_size=6322176 bytes (15.4%)
(RDMA_READ_CONSUME_CHECK_CONSUMER) timestamp=10090 ms, used_size=6320128 bytes (15.4%)
(RDMA_READ_CONSUME_CHECK_CONSUMER) timestamp=10090 ms, used_size=6318080 bytes (15.4%)
(RDMA_READ_CONSUME_CHECK_CONSUMER) timestamp=10090 ms, used_size=6316032 bytes (15.4%)
(RDMA_READ_CONSUME_CHECK_CONSUMER) timestamp=10090 ms, used_size=6313984 bytes (15.4%)
(RDMA_READ_CONSUME_CHECK_CONSUMER) timestamp=10090 ms, used_size=6311936 bytes (15.4%)
(RDMA_READ_CONSUME_CHECK_CONSUMER) timestamp=10090 ms, used_size=6309888 bytes (15.4%)
(RDMA_READ_CONSUME_CHECK_CONSUMER) timestamp=10090 ms, used_size=6307840 bytes (15.4%)
(RDMA_READ_CONSUME_CHECK_CONSUMER) timestamp=10090 ms, used_size=6305792 bytes (15.4%)
(RDMA_READ_CONSUME_CHECK_CONSUMER) timestamp=10090 ms, used_size=6303744 bytes (15.4%)
(RDMA_READ_CONSUME_CHECK_CONSUMER) timestamp=10090 ms, used_size=6301696 bytes (15.4%)
(RDMA_READ_CONSUME_CHECK_CONSUMER) timestamp=10090 ms, used_size=6299648 bytes (15.4%)
(RDMA_READ_CONSUME_CHECK_CONSUMER) timestamp=10090 ms, used_size=6297600 bytes (15.4%)
(RDMA_READ_CONSUME_CHECK_CONSUMER) timestamp=10090 ms, used_size=6295552 bytes (15.4%)
(RDMA_READ_CONSUME_CHECK_CONSUMER) timestamp=10090 ms, used_size=6293504 bytes (15.4%)
(RDMA_READ_CONSUME_CHECK_CONSUMER) timestamp=10090 ms, used_size=6291456 bytes (15.4%)
(RDMA_READ_CONSUME_CHECK_CONSUMER) timestamp=10090 ms, used_size=6289408 bytes (15.4%)
(RDMA_READ_CONSUME_CHECK_CONSUMER) timestamp=10090 ms, used_size=6287360 bytes (15.3%)
(RDMA_READ_CONSUME_CHECK_CONSUMER) timestamp=10090 ms, used_size=6285312 bytes (15.3%)
(RDMA_READ_CONSUME_CHECK_CONSUMER) timestamp=10090 ms, used_size=6283264 bytes (15.3%)
(RDMA_READ_CONSUME_CHECK_CONSUMER) timestamp=10090 ms, used_size=6281216 bytes (15.3%)
(RDMA_READ_CONSUME_CHECK_CONSUMER) timestamp=10090 ms, used_size=6279168 bytes (15.3%)
(RDMA_READ_CONSUME_CHECK_CONSUMER) timestamp=10090 ms, used_size=6277120 bytes (15.3%)
(RDMA_READ_CONSUME_CHECK_CONSUMER) timestamp=10090 ms, used_size=6275072 bytes (15.3%)
(RDMA_READ_CONSUME_CHECK_CONSUMER) timestamp=10090 ms, used_size=6273024 bytes (15.3%)
(RDMA_READ_CONSUME_CHECK_CONSUMER) timestamp=10090 ms, used_size=6270976 bytes (15.3%)
(RDMA_READ_CONSUME_CHECK_CONSUMER) timestamp=10090 ms, used_size=6268928 bytes (15.3%)
(RDMA_READ_CONSUME_CHECK_CONSUMER) timestamp=10091 ms, used_size=6266880 bytes (15.3%)
(RDMA_READ_CONSUME_CHECK_CONSUMER) timestamp=10091 ms, used_size=6264832 bytes (15.3%)
(RDMA_READ_CONSUME_CHECK_CONSUMER) timestamp=10091 ms, used_size=6262784 bytes (15.3%)
(RDMA_READ_CONSUME_CHECK_CONSUMER) timestamp=10091 ms, used_size=6260736 bytes (15.3%)
(RDMA_READ_CONSUME_CHECK_CONSUMER) timestamp=10091 ms, used_size=6258688 bytes (15.3%)
(RDMA_READ_CONSUME_CHECK_CONSUMER) timestamp=10091 ms, used_size=6256640 bytes (15.3%)
(RDMA_READ_CONSUME_CHECK_CONSUMER) timestamp=10091 ms, used_size=6254592 bytes (15.3%)
(RDMA_READ_CONSUME_CHECK_CONSUMER) timestamp=10091 ms, used_size=6252544 bytes (15.3%)
(RDMA_READ_CONSUME_CHECK_CONSUMER) timestamp=10091 ms, used_size=6250496 bytes (15.3%)
(RDMA_READ_CONSUME_CHECK_CONSUMER) timestamp=10091 ms, used_size=6248448 bytes (15.3%)
(RDMA_READ_CONSUME_CHECK_CONSUMER) timestamp=10091 ms, used_size=6246400 bytes (15.2%)
(RDMA_READ_CONSUME_CHECK_CONSUMER) timestamp=10091 ms, used_size=6244352 bytes (15.2%)
(RDMA_READ_CONSUME_CHECK_CONSUMER) timestamp=10091 ms, used_size=6242304 bytes (15.2%)
(RDMA_READ_CONSUME_CHECK_CONSUMER) timestamp=10091 ms, used_size=6240256 bytes (15.2%)
(RDMA_READ_CONSUME_CHECK_CONSUMER) timestamp=10091 ms, used_size=6238208 bytes (15.2%)
(RDMA_READ_CONSUME_CHECK_CONSUMER) timestamp=10091 ms, used_size=6236160 bytes (15.2%)
(RDMA_READ_CONSUME_CHECK_CONSUMER) timestamp=10091 ms, used_size=6234112 bytes (15.2%)
(RDMA_READ_CONSUME_CHECK_CONSUMER) timestamp=10091 ms, used_size=6232064 bytes (15.2%)
(RDMA_READ_CONSUME_CHECK_CONSUMER) timestamp=10091 ms, used_size=6230016 bytes (15.2%)
(RDMA_READ_CONSUME_CHECK_CONSUMER) timestamp=10091 ms, used_size=6227968 bytes (15.2%)
(RDMA_READ_CONSUME_CHECK_CONSUMER) timestamp=10091 ms, used_size=6225920 bytes (15.2%)
(RDMA_READ_CONSUME_CHECK_CONSUMER) timestamp=10091 ms, used_size=6223872 bytes (15.2%)
(RDMA_READ_CONSUME_CHECK_CONSUMER) timestamp=10091 ms, used_size=6221824 bytes (15.2%)
(RDMA_READ_CONSUME_CHECK_CONSUMER) timestamp=10091 ms, used_size=6219776 bytes (15.2%)
(RDMA_READ_CONSUME_CHECK_CONSUMER) timestamp=10091 ms, used_size=6217728 bytes (15.2%)
(RDMA_READ_CONSUME_CHECK_CONSUMER) timestamp=10091 ms, used_size=6215680 bytes (15.2%)
(RDMA_READ_CONSUME_CHECK_CONSUMER) timestamp=10091 ms, used_size=6213632 bytes (15.2%)
(RDMA_READ_CONSUME_CHECK_CONSUMER) timestamp=10091 ms, used_size=6211584 bytes (15.2%)
(RDMA_READ_CONSUME_CHECK_CONSUMER) timestamp=10091 ms, used_size=6209536 bytes (15.2%)
(RDMA_READ_CONSUME_CHECK_CONSUMER) timestamp=10091 ms, used_size=6207488 bytes (15.2%)
(RDMA_READ_CONSUME_CHECK_CONSUMER) timestamp=10091 ms, used_size=6205440 bytes (15.2%)
(RDMA_READ_CONSUME_CHECK_CONSUMER) timestamp=10091 ms, used_size=6203392 bytes (15.1%)
(RDMA_READ_CONSUME_CHECK_CONSUMER) timestamp=10091 ms, used_size=6201344 bytes (15.1%)
(RDMA_READ_CONSUME_CHECK_CONSUMER) timestamp=10091 ms, used_size=6199296 bytes (15.1%)
(RDMA_READ_CONSUME_CHECK_CONSUMER) timestamp=10091 ms, used_size=6197248 bytes (15.1%)
(RDMA_READ_CONSUME_CHECK_CONSUMER) timestamp=10091 ms, used_size=6195200 bytes (15.1%)
(RDMA_READ_CONSUME_CHECK_CONSUMER) timestamp=10091 ms, used_size=6193152 bytes (15.1%)
(RDMA_READ_CONSUME_CHECK_CONSUMER) timestamp=10091 ms, used_size=6191104 bytes (15.1%)
(RDMA_READ_CONSUME_CHECK_CONSUMER) timestamp=10091 ms, used_size=6189056 bytes (15.1%)
(RDMA_READ_CONSUME_CHECK_CONSUMER) timestamp=10091 ms, used_size=6187008 bytes (15.1%)
(RDMA_READ_CONSUME_CHECK_CONSUMER) timestamp=10091 ms, used_size=6184960 bytes (15.1%)
(RDMA_READ_CONSUME_CHECK_CONSUMER) timestamp=10091 ms, used_size=6182912 bytes (15.1%)
(RDMA_READ_CONSUME_CHECK_CONSUMER) timestamp=10091 ms, used_size=6180864 bytes (15.1%)
(RDMA_READ_CONSUME_CHECK_CONSUMER) timestamp=10091 ms, used_size=6178816 bytes (15.1%)
(RDMA_READ_CONSUME_CHECK_CONSUMER) timestamp=10091 ms, used_size=6176768 bytes (15.1%)
(RDMA_READ_CONSUME_CHECK_CONSUMER) timestamp=10091 ms, used_size=6174720 bytes (15.1%)
(RDMA_READ_CONSUME_CHECK_CONSUMER) timestamp=10091 ms, used_size=6172672 bytes (15.1%)
(RDMA_READ_CONSUME_CHECK_CONSUMER) timestamp=10091 ms, used_size=6170624 bytes (15.1%)
(RDMA_READ_CONSUME_CHECK_CONSUMER) timestamp=10091 ms, used_size=6168576 bytes (15.1%)
(RDMA_READ_CONSUME_CHECK_CONSUMER) timestamp=10091 ms, used_size=6166528 bytes (15.1%)
(RDMA_READ_CONSUME_CHECK_CONSUMER) timestamp=10091 ms, used_size=6164480 bytes (15.1%)
(RDMA_READ_CONSUME_CHECK_CONSUMER) timestamp=10091 ms, used_size=6162432 bytes (15.0%)
(RDMA_READ_CONSUME_CHECK_CONSUMER) timestamp=10091 ms, used_size=6160384 bytes (15.0%)
(RDMA_READ_CONSUME_CHECK_CONSUMER) timestamp=10091 ms, used_size=6158336 bytes (15.0%)
(RDMA_READ_CONSUME_CHECK_CONSUMER) timestamp=10091 ms, used_size=6156288 bytes (15.0%)
(RDMA_READ_CONSUME_CHECK_CONSUMER) timestamp=10091 ms, used_size=6154240 bytes (15.0%)
(RDMA_READ_CONSUME_CHECK_CONSUMER) timestamp=10091 ms, used_size=6152192 bytes (15.0%)
(RDMA_READ_CONSUME_CHECK_CONSUMER) timestamp=10091 ms, used_size=6150144 bytes (15.0%)
(RDMA_READ_CONSUME_CHECK_CONSUMER) timestamp=10091 ms, used_size=6148096 bytes (15.0%)
(RDMA_READ_CONSUME_CHECK_CONSUMER) timestamp=10091 ms, used_size=6146048 bytes (15.0%)
(RDMA_READ_CONSUME_CHECK_CONSUMER) timestamp=10091 ms, used_size=6144000 bytes (15.0%)
(RDMA_READ_CONSUME_CHECK_CONSUMER) timestamp=10091 ms, used_size=6141952 bytes (15.0%)
(RDMA_READ_CONSUME_CHECK_CONSUMER) timestamp=10091 ms, used_size=6139904 bytes (15.0%)
(RDMA_READ_CONSUME_CHECK_CONSUMER) timestamp=10091 ms, used_size=6137856 bytes (15.0%)
(RDMA_READ_CONSUME_CHECK_CONSUMER) timestamp=10091 ms, used_size=6135808 bytes (15.0%)
(RDMA_READ_CONSUME_CHECK_CONSUMER) timestamp=10091 ms, used_size=6133760 bytes (15.0%)
(RDMA_READ_CONSUME_CHECK_CONSUMER) timestamp=10091 ms, used_size=6131712 bytes (15.0%)
(RDMA_READ_CONSUME_CHECK_CONSUMER) timestamp=10091 ms, used_size=6129664 bytes (15.0%)
(RDMA_READ_CONSUME_CHECK_CONSUMER) timestamp=10091 ms, used_size=6127616 bytes (15.0%)
(RDMA_READ_CONSUME_CHECK_CONSUMER) timestamp=10091 ms, used_size=6125568 bytes (15.0%)
(RDMA_READ_CONSUME_CHECK_CONSUMER) timestamp=10091 ms, used_size=6123520 bytes (14.9%)
(RDMA_READ_CONSUME_CHECK_CONSUMER) timestamp=10091 ms, used_size=6121472 bytes (14.9%)
(RDMA_READ_CONSUME_CHECK_CONSUMER) timestamp=10091 ms, used_size=6119424 bytes (14.9%)
(RDMA_READ_CONSUME_CHECK_CONSUMER) timestamp=10091 ms, used_size=6117376 bytes (14.9%)
(RDMA_READ_CONSUME_CHECK_CONSUMER) timestamp=10091 ms, used_size=6115328 bytes (14.9%)
(RDMA_READ_CONSUME_CHECK_CONSUMER) timestamp=10091 ms, used_size=6113280 bytes (14.9%)
(RDMA_READ_CONSUME_CHECK_CONSUMER) timestamp=10091 ms, used_size=6111232 bytes (14.9%)
(RDMA_READ_CONSUME_CHECK_CONSUMER) timestamp=10091 ms, used_size=6109184 bytes (14.9%)
(RDMA_READ_CONSUME_CHECK_CONSUMER) timestamp=10091 ms, used_size=6107136 bytes (14.9%)
(RDMA_READ_CONSUME_CHECK_CONSUMER) timestamp=10091 ms, used_size=6105088 bytes (14.9%)
(RDMA_READ_CONSUME_CHECK_CONSUMER) timestamp=10091 ms, used_size=6103040 bytes (14.9%)
(RDMA_READ_CONSUME_CHECK_CONSUMER) timestamp=10091 ms, used_size=6100992 bytes (14.9%)
(RDMA_READ_CONSUME_CHECK_CONSUMER) timestamp=10091 ms, used_size=6098944 bytes (14.9%)
(RDMA_READ_CONSUME_CHECK_CONSUMER) timestamp=10091 ms, used_size=6096896 bytes (14.9%)
(RDMA_READ_CONSUME_CHECK_CONSUMER) timestamp=10091 ms, used_size=6094848 bytes (14.9%)
(RDMA_READ_CONSUME_CHECK_CONSUMER) timestamp=10091 ms, used_size=6092800 bytes (14.9%)
(RDMA_READ_CONSUME_CHECK_CONSUMER) timestamp=10091 ms, used_size=6090752 bytes (14.9%)
(RDMA_READ_CONSUME_CHECK_CONSUMER) timestamp=10091 ms, used_size=6088704 bytes (14.9%)
(RDMA_READ_CONSUME_CHECK_CONSUMER) timestamp=10091 ms, used_size=6086656 bytes (14.9%)
(RDMA_READ_CONSUME_CHECK_CONSUMER) timestamp=10091 ms, used_size=6084608 bytes (14.9%)
(RDMA_READ_CONSUME_CHECK_CONSUMER) timestamp=10091 ms, used_size=6082560 bytes (14.8%)
(RDMA_READ_CONSUME_CHECK_CONSUMER) timestamp=10091 ms, used_size=6080512 bytes (14.8%)
(RDMA_READ_CONSUME_CHECK_CONSUMER) timestamp=10091 ms, used_size=6078464 bytes (14.8%)
(RDMA_READ_CONSUME_CHECK_CONSUMER) timestamp=10091 ms, used_size=6076416 bytes (14.8%)
(RDMA_READ_CONSUME_CHECK_CONSUMER) timestamp=10091 ms, used_size=6074368 bytes (14.8%)
(RDMA_READ_CONSUME_CHECK_CONSUMER) timestamp=10091 ms, used_size=6072320 bytes (14.8%)
(RDMA_READ_CONSUME_CHECK_CONSUMER) timestamp=10091 ms, used_size=6070272 bytes (14.8%)
(RDMA_READ_CONSUME_CHECK_CONSUMER) timestamp=10091 ms, used_size=6068224 bytes (14.8%)
(RDMA_READ_CONSUME_CHECK_CONSUMER) timestamp=10091 ms, used_size=6066176 bytes (14.8%)
(RDMA_READ_CONSUME_CHECK_CONSUMER) timestamp=10091 ms, used_size=6064128 bytes (14.8%)
(RDMA_READ_CONSUME_CHECK_CONSUMER) timestamp=10091 ms, used_size=6062080 bytes (14.8%)
(RDMA_READ_CONSUME_CHECK_CONSUMER) timestamp=10091 ms, used_size=6060032 bytes (14.8%)
(RDMA_READ_CONSUME_CHECK_CONSUMER) timestamp=10091 ms, used_size=6057984 bytes (14.8%)
(RDMA_READ_CONSUME_CHECK_CONSUMER) timestamp=10091 ms, used_size=6055936 bytes (14.8%)
(RDMA_READ_CONSUME_CHECK_CONSUMER) timestamp=10091 ms, used_size=6053888 bytes (14.8%)
(RDMA_READ_CONSUME_CHECK_CONSUMER) timestamp=10091 ms, used_size=6051840 bytes (14.8%)
(RDMA_READ_CONSUME_CHECK_CONSUMER) timestamp=10091 ms, used_size=6049792 bytes (14.8%)
(RDMA_READ_CONSUME_CHECK_CONSUMER) timestamp=10091 ms, used_size=6047744 bytes (14.8%)
(RDMA_READ_CONSUME_CHECK_CONSUMER) timestamp=10091 ms, used_size=6045696 bytes (14.8%)
(RDMA_READ_CONSUME_CHECK_CONSUMER) timestamp=10091 ms, used_size=6043648 bytes (14.8%)
(RDMA_READ_CONSUME_CHECK_CONSUMER) timestamp=10091 ms, used_size=6041600 bytes (14.8%)
(RDMA_READ_CONSUME_CHECK_CONSUMER) timestamp=10091 ms, used_size=6039552 bytes (14.7%)
(RDMA_READ_CONSUME_CHECK_CONSUMER) timestamp=10091 ms, used_size=6037504 bytes (14.7%)
(RDMA_READ_CONSUME_CHECK_CONSUMER) timestamp=10091 ms, used_size=6035456 bytes (14.7%)
(RDMA_READ_CONSUME_CHECK_CONSUMER) timestamp=10091 ms, used_size=6033408 bytes (14.7%)
(RDMA_READ_CONSUME_CHECK_CONSUMER) timestamp=10091 ms, used_size=6031360 bytes (14.7%)
(RDMA_READ_CONSUME_CHECK_CONSUMER) timestamp=10091 ms, used_size=6029312 bytes (14.7%)
(RDMA_READ_CONSUME_CHECK_CONSUMER) timestamp=10091 ms, used_size=6027264 bytes (14.7%)
(RDMA_READ_CONSUME_CHECK_CONSUMER) timestamp=10091 ms, used_size=6025216 bytes (14.7%)
(RDMA_READ_CONSUME_CHECK_CONSUMER) timestamp=10091 ms, used_size=6023168 bytes (14.7%)
(RDMA_READ_CONSUME_CHECK_CONSUMER) timestamp=10091 ms, used_size=6021120 bytes (14.7%)
(RDMA_READ_CONSUME_CHECK_CONSUMER) timestamp=10091 ms, used_size=6019072 bytes (14.7%)
(RDMA_READ_CONSUME_CHECK_CONSUMER) timestamp=10091 ms, used_size=6017024 bytes (14.7%)
(RDMA_READ_CONSUME_CHECK_CONSUMER) timestamp=10091 ms, used_size=6014976 bytes (14.7%)
(RDMA_READ_CONSUME_CHECK_CONSUMER) timestamp=10091 ms, used_size=6012928 bytes (14.7%)
(RDMA_READ_CONSUME_CHECK_CONSUMER) timestamp=10091 ms, used_size=6010880 bytes (14.7%)
(RDMA_READ_CONSUME_CHECK_CONSUMER) timestamp=10091 ms, used_size=6008832 bytes (14.7%)
(RDMA_READ_CONSUME_CHECK_CONSUMER) timestamp=10091 ms, used_size=6006784 bytes (14.7%)
(RDMA_READ_CONSUME_CHECK_CONSUMER) timestamp=10091 ms, used_size=6004736 bytes (14.7%)
(RDMA_READ_CONSUME_CHECK_CONSUMER) timestamp=10091 ms, used_size=6002688 bytes (14.7%)
(RDMA_READ_CONSUME_CHECK_CONSUMER) timestamp=10091 ms, used_size=6000640 bytes (14.7%)
(RDMA_READ_CONSUME_CHECK_CONSUMER) timestamp=10091 ms, used_size=5998592 bytes (14.6%)
(RDMA_READ_CONSUME_CHECK_CONSUMER) timestamp=10091 ms, used_size=5996544 bytes (14.6%)
(RDMA_READ_CONSUME_CHECK_CONSUMER) timestamp=10091 ms, used_size=5994496 bytes (14.6%)
(RDMA_READ_CONSUME_CHECK_CONSUMER) timestamp=10091 ms, used_size=5992448 bytes (14.6%)
(RDMA_READ_CONSUME_CHECK_CONSUMER) timestamp=10091 ms, used_size=5990400 bytes (14.6%)
(RDMA_READ_CONSUME_CHECK_CONSUMER) timestamp=10091 ms, used_size=5988352 bytes (14.6%)
(RDMA_READ_CONSUME_CHECK_CONSUMER) timestamp=10091 ms, used_size=5986304 bytes (14.6%)
(RDMA_READ_CONSUME_CHECK_CONSUMER) timestamp=10091 ms, used_size=5984256 bytes (14.6%)
(RDMA_READ_CONSUME_CHECK_CONSUMER) timestamp=10091 ms, used_size=5982208 bytes (14.6%)
(RDMA_READ_CONSUME_CHECK_CONSUMER) timestamp=10091 ms, used_size=5980160 bytes (14.6%)
(RDMA_READ_CONSUME_CHECK_CONSUMER) timestamp=10091 ms, used_size=5978112 bytes (14.6%)
(RDMA_READ_CONSUME_CHECK_CONSUMER) timestamp=10091 ms, used_size=5976064 bytes (14.6%)
(RDMA_READ_CONSUME_CHECK_CONSUMER) timestamp=10091 ms, used_size=5974016 bytes (14.6%)
(RDMA_READ_CONSUME_CHECK_CONSUMER) timestamp=10091 ms, used_size=5971968 bytes (14.6%)
(RDMA_READ_CONSUME_CHECK_CONSUMER) timestamp=10091 ms, used_size=5969920 bytes (14.6%)
(RDMA_READ_CONSUME_CHECK_CONSUMER) timestamp=10091 ms, used_size=5967872 bytes (14.6%)
(RDMA_READ_CONSUME_CHECK_CONSUMER) timestamp=10091 ms, used_size=5965824 bytes (14.6%)
(RDMA_READ_CONSUME_CHECK_CONSUMER) timestamp=10091 ms, used_size=5963776 bytes (14.6%)
(RDMA_READ_CONSUME_CHECK_CONSUMER) timestamp=10091 ms, used_size=5961728 bytes (14.6%)
(RDMA_READ_CONSUME_CHECK_CONSUMER) timestamp=10091 ms, used_size=5959680 bytes (14.6%)
(RDMA_READ_CONSUME_CHECK_CONSUMER) timestamp=10091 ms, used_size=5957632 bytes (14.5%)
(RDMA_READ_CONSUME_CHECK_CONSUMER) timestamp=10091 ms, used_size=5955584 bytes (14.5%)
(RDMA_READ_CONSUME_CHECK_CONSUMER) timestamp=10091 ms, used_size=5953536 bytes (14.5%)
(RDMA_READ_CONSUME_CHECK_CONSUMER) timestamp=10091 ms, used_size=5951488 bytes (14.5%)
(RDMA_READ_CONSUME_CHECK_CONSUMER) timestamp=10091 ms, used_size=5949440 bytes (14.5%)
(RDMA_READ_CONSUME_CHECK_CONSUMER) timestamp=10091 ms, used_size=5947392 bytes (14.5%)
(RDMA_READ_CONSUME_CHECK_CONSUMER) timestamp=10091 ms, used_size=5945344 bytes (14.5%)
(RDMA_READ_CONSUME_CHECK_CONSUMER) timestamp=10091 ms, used_size=5943296 bytes (14.5%)
(RDMA_READ_CONSUME_CHECK_CONSUMER) timestamp=10091 ms, used_size=5941248 bytes (14.5%)
(RDMA_READ_CONSUME_CHECK_CONSUMER) timestamp=10091 ms, used_size=5939200 bytes (14.5%)
(RDMA_READ_CONSUME_CHECK_CONSUMER) timestamp=10091 ms, used_size=5937152 bytes (14.5%)
(RDMA_READ_CONSUME_CHECK_CONSUMER) timestamp=10091 ms, used_size=5935104 bytes (14.5%)
(RDMA_READ_CONSUME_CHECK_CONSUMER) timestamp=10091 ms, used_size=5933056 bytes (14.5%)
(RDMA_READ_CONSUME_CHECK_CONSUMER) timestamp=10091 ms, used_size=5931008 bytes (14.5%)
(RDMA_READ_CONSUME_CHECK_CONSUMER) timestamp=10091 ms, used_size=5928960 bytes (14.5%)
(RDMA_READ_CONSUME_CHECK_CONSUMER) timestamp=10091 ms, used_size=5926912 bytes (14.5%)
(RDMA_READ_CONSUME_CHECK_CONSUMER) timestamp=10091 ms, used_size=5924864 bytes (14.5%)
(RDMA_READ_CONSUME_CHECK_CONSUMER) timestamp=10091 ms, used_size=5922816 bytes (14.5%)
(RDMA_READ_CONSUME_CHECK_CONSUMER) timestamp=10091 ms, used_size=5920768 bytes (14.5%)
(RDMA_READ_CONSUME_CHECK_CONSUMER) timestamp=10091 ms, used_size=5918720 bytes (14.4%)
(RDMA_READ_CONSUME_CHECK_CONSUMER) timestamp=10091 ms, used_size=5916672 bytes (14.4%)
(RDMA_READ_CONSUME_CHECK_CONSUMER) timestamp=10092 ms, used_size=5914624 bytes (14.4%)
(RDMA_READ_CONSUME_CHECK_CONSUMER) timestamp=10092 ms, used_size=5912576 bytes (14.4%)
(RDMA_READ_CONSUME_CHECK_CONSUMER) timestamp=10092 ms, used_size=5910528 bytes (14.4%)
(RDMA_READ_CONSUME_CHECK_CONSUMER) timestamp=10092 ms, used_size=5908480 bytes (14.4%)
(RDMA_READ_CONSUME_CHECK_CONSUMER) timestamp=10092 ms, used_size=5906432 bytes (14.4%)
(RDMA_READ_CONSUME_CHECK_CONSUMER) timestamp=10092 ms, used_size=5904384 bytes (14.4%)
(RDMA_READ_CONSUME_CHECK_CONSUMER) timestamp=10092 ms, used_size=5902336 bytes (14.4%)
(RDMA_READ_CONSUME_CHECK_CONSUMER) timestamp=10092 ms, used_size=5900288 bytes (14.4%)
(RDMA_READ_CONSUME_CHECK_CONSUMER) timestamp=10092 ms, used_size=5898240 bytes (14.4%)
(RDMA_READ_CONSUME_CHECK_CONSUMER) timestamp=10092 ms, used_size=5896192 bytes (14.4%)
(RDMA_READ_CONSUME_CHECK_CONSUMER) timestamp=10092 ms, used_size=5894144 bytes (14.4%)
(RDMA_READ_CONSUME_CHECK_CONSUMER) timestamp=10092 ms, used_size=5892096 bytes (14.4%)
(RDMA_READ_CONSUME_CHECK_CONSUMER) timestamp=10092 ms, used_size=5890048 bytes (14.4%)
(RDMA_READ_CONSUME_CHECK_CONSUMER) timestamp=10092 ms, used_size=5888000 bytes (14.4%)
(RDMA_READ_CONSUME_CHECK_CONSUMER) timestamp=10092 ms, used_size=5885952 bytes (14.4%)
(RDMA_READ_CONSUME_CHECK_CONSUMER) timestamp=10092 ms, used_size=5883904 bytes (14.4%)
(RDMA_READ_CONSUME_CHECK_CONSUMER) timestamp=10092 ms, used_size=5881856 bytes (14.4%)
(RDMA_READ_CONSUME_CHECK_CONSUMER) timestamp=10092 ms, used_size=5879808 bytes (14.4%)
(RDMA_READ_CONSUME_CHECK_CONSUMER) timestamp=10092 ms, used_size=5877760 bytes (14.3%)
(RDMA_READ_CONSUME_CHECK_CONSUMER) timestamp=10092 ms, used_size=5875712 bytes (14.3%)
(RDMA_READ_CONSUME_CHECK_CONSUMER) timestamp=10092 ms, used_size=5873664 bytes (14.3%)
(RDMA_READ_CONSUME_CHECK_CONSUMER) timestamp=10092 ms, used_size=5871616 bytes (14.3%)
(RDMA_READ_CONSUME_CHECK_CONSUMER) timestamp=10092 ms, used_size=5869568 bytes (14.3%)
(RDMA_READ_CONSUME_CHECK_CONSUMER) timestamp=10092 ms, used_size=5867520 bytes (14.3%)
(RDMA_READ_CONSUME_CHECK_CONSUMER) timestamp=10092 ms, used_size=5865472 bytes (14.3%)
(RDMA_READ_CONSUME_CHECK_CONSUMER) timestamp=10092 ms, used_size=5863424 bytes (14.3%)
(RDMA_READ_CONSUME_CHECK_CONSUMER) timestamp=10092 ms, used_size=5861376 bytes (14.3%)
(RDMA_READ_CONSUME_CHECK_CONSUMER) timestamp=10092 ms, used_size=5859328 bytes (14.3%)
(RDMA_READ_CONSUME_CHECK_CONSUMER) timestamp=10092 ms, used_size=5857280 bytes (14.3%)
(RDMA_READ_CONSUME_CHECK_CONSUMER) timestamp=10092 ms, used_size=5855232 bytes (14.3%)
(RDMA_READ_CONSUME_CHECK_CONSUMER) timestamp=10092 ms, used_size=5853184 bytes (14.3%)
(RDMA_READ_CONSUME_CHECK_CONSUMER) timestamp=10092 ms, used_size=5851136 bytes (14.3%)
(RDMA_READ_CONSUME_CHECK_CONSUMER) timestamp=10092 ms, used_size=5849088 bytes (14.3%)
(RDMA_READ_CONSUME_CHECK_CONSUMER) timestamp=10092 ms, used_size=5847040 bytes (14.3%)
(RDMA_READ_CONSUME_CHECK_CONSUMER) timestamp=10092 ms, used_size=5844992 bytes (14.3%)
(RDMA_READ_CONSUME_CHECK_CONSUMER) timestamp=10092 ms, used_size=5842944 bytes (14.3%)
(RDMA_READ_CONSUME_CHECK_CONSUMER) timestamp=10092 ms, used_size=5840896 bytes (14.3%)
(RDMA_READ_CONSUME_CHECK_CONSUMER) timestamp=10092 ms, used_size=5838848 bytes (14.3%)
(RDMA_READ_CONSUME_CHECK_CONSUMER) timestamp=10092 ms, used_size=5836800 bytes (14.2%)
(RDMA_READ_CONSUME_CHECK_CONSUMER) timestamp=10092 ms, used_size=5834752 bytes (14.2%)
(RDMA_READ_CONSUME_CHECK_CONSUMER) timestamp=10092 ms, used_size=5832704 bytes (14.2%)
(RDMA_READ_CONSUME_CHECK_CONSUMER) timestamp=10092 ms, used_size=5830656 bytes (14.2%)
(RDMA_READ_CONSUME_CHECK_CONSUMER) timestamp=10092 ms, used_size=5828608 bytes (14.2%)
(RDMA_READ_CONSUME_CHECK_CONSUMER) timestamp=10092 ms, used_size=5826560 bytes (14.2%)
(RDMA_READ_CONSUME_CHECK_CONSUMER) timestamp=10092 ms, used_size=5824512 bytes (14.2%)
(RDMA_READ_CONSUME_CHECK_CONSUMER) timestamp=10092 ms, used_size=5822464 bytes (14.2%)
(RDMA_READ_CONSUME_CHECK_CONSUMER) timestamp=10092 ms, used_size=5820416 bytes (14.2%)
(RDMA_READ_CONSUME_CHECK_CONSUMER) timestamp=10092 ms, used_size=5818368 bytes (14.2%)
(RDMA_READ_CONSUME_CHECK_CONSUMER) timestamp=10092 ms, used_size=5816320 bytes (14.2%)
(RDMA_READ_CONSUME_CHECK_CONSUMER) timestamp=10092 ms, used_size=5814272 bytes (14.2%)
(RDMA_READ_CONSUME_CHECK_CONSUMER) timestamp=10092 ms, used_size=5812224 bytes (14.2%)
(RDMA_READ_CONSUME_CHECK_CONSUMER) timestamp=10092 ms, used_size=5810176 bytes (14.2%)
(RDMA_READ_CONSUME_CHECK_CONSUMER) timestamp=10092 ms, used_size=5808128 bytes (14.2%)
(RDMA_READ_CONSUME_CHECK_CONSUMER) timestamp=10092 ms, used_size=5806080 bytes (14.2%)
(RDMA_READ_CONSUME_CHECK_CONSUMER) timestamp=10092 ms, used_size=5804032 bytes (14.2%)
(RDMA_READ_CONSUME_CHECK_CONSUMER) timestamp=10092 ms, used_size=5801984 bytes (14.2%)
(RDMA_READ_CONSUME_CHECK_CONSUMER) timestamp=10092 ms, used_size=5799936 bytes (14.2%)
(RDMA_READ_CONSUME_CHECK_CONSUMER) timestamp=10092 ms, used_size=5797888 bytes (14.2%)
(RDMA_READ_CONSUME_CHECK_CONSUMER) timestamp=10092 ms, used_size=5795840 bytes (14.2%)
(RDMA_READ_CONSUME_CHECK_CONSUMER) timestamp=10092 ms, used_size=5793792 bytes (14.1%)
(RDMA_READ_CONSUME_CHECK_CONSUMER) timestamp=10092 ms, used_size=5791744 bytes (14.1%)
(RDMA_READ_CONSUME_CHECK_CONSUMER) timestamp=10092 ms, used_size=5789696 bytes (14.1%)
(RDMA_READ_CONSUME_CHECK_CONSUMER) timestamp=10092 ms, used_size=5787648 bytes (14.1%)
(RDMA_READ_CONSUME_CHECK_CONSUMER) timestamp=10092 ms, used_size=5785600 bytes (14.1%)
(RDMA_READ_CONSUME_CHECK_CONSUMER) timestamp=10092 ms, used_size=5783552 bytes (14.1%)
(RDMA_READ_CONSUME_CHECK_CONSUMER) timestamp=10092 ms, used_size=5781504 bytes (14.1%)
(RDMA_READ_CONSUME_CHECK_CONSUMER) timestamp=10092 ms, used_size=5779456 bytes (14.1%)
(RDMA_READ_CONSUME_CHECK_CONSUMER) timestamp=10092 ms, used_size=5777408 bytes (14.1%)
(RDMA_READ_CONSUME_CHECK_CONSUMER) timestamp=10092 ms, used_size=5775360 bytes (14.1%)
(RDMA_READ_CONSUME_CHECK_CONSUMER) timestamp=10092 ms, used_size=5773312 bytes (14.1%)
(RDMA_READ_CONSUME_CHECK_CONSUMER) timestamp=10092 ms, used_size=5771264 bytes (14.1%)
(RDMA_READ_CONSUME_CHECK_CONSUMER) timestamp=10092 ms, used_size=5769216 bytes (14.1%)
(RDMA_READ_CONSUME_CHECK_CONSUMER) timestamp=10092 ms, used_size=5767168 bytes (14.1%)
(RDMA_READ_CONSUME_CHECK_CONSUMER) timestamp=10092 ms, used_size=5765120 bytes (14.1%)
(RDMA_READ_CONSUME_CHECK_CONSUMER) timestamp=10092 ms, used_size=5763072 bytes (14.1%)
(RDMA_READ_CONSUME_CHECK_CONSUMER) timestamp=10092 ms, used_size=5761024 bytes (14.1%)
(RDMA_READ_CONSUME_CHECK_CONSUMER) timestamp=10092 ms, used_size=5758976 bytes (14.1%)
(RDMA_READ_CONSUME_CHECK_CONSUMER) timestamp=10092 ms, used_size=5756928 bytes (14.1%)
(RDMA_READ_CONSUME_CHECK_CONSUMER) timestamp=10092 ms, used_size=5754880 bytes (14.1%)
(RDMA_READ_CONSUME_CHECK_CONSUMER) timestamp=10092 ms, used_size=5752832 bytes (14.0%)
(RDMA_READ_CONSUME_CHECK_CONSUMER) timestamp=10092 ms, used_size=5750784 bytes (14.0%)
(RDMA_READ_CONSUME_CHECK_CONSUMER) timestamp=10092 ms, used_size=5748736 bytes (14.0%)
(RDMA_READ_CONSUME_CHECK_CONSUMER) timestamp=10092 ms, used_size=5746688 bytes (14.0%)
(RDMA_READ_CONSUME_CHECK_CONSUMER) timestamp=10092 ms, used_size=5744640 bytes (14.0%)
(RDMA_READ_CONSUME_CHECK_CONSUMER) timestamp=10092 ms, used_size=5742592 bytes (14.0%)
(RDMA_READ_CONSUME_CHECK_CONSUMER) timestamp=10092 ms, used_size=5740544 bytes (14.0%)
(RDMA_READ_CONSUME_CHECK_CONSUMER) timestamp=10092 ms, used_size=5738496 bytes (14.0%)
(RDMA_READ_CONSUME_CHECK_CONSUMER) timestamp=10092 ms, used_size=5736448 bytes (14.0%)
(RDMA_READ_CONSUME_CHECK_CONSUMER) timestamp=10092 ms, used_size=5734400 bytes (14.0%)
(RDMA_READ_CONSUME_CHECK_CONSUMER) timestamp=10092 ms, used_size=5732352 bytes (14.0%)
(RDMA_READ_CONSUME_CHECK_CONSUMER) timestamp=10092 ms, used_size=5730304 bytes (14.0%)
(RDMA_READ_CONSUME_CHECK_CONSUMER) timestamp=10092 ms, used_size=5728256 bytes (14.0%)
(RDMA_READ_CONSUME_CHECK_CONSUMER) timestamp=10092 ms, used_size=5726208 bytes (14.0%)
(RDMA_READ_CONSUME_CHECK_CONSUMER) timestamp=10092 ms, used_size=5724160 bytes (14.0%)
(RDMA_READ_CONSUME_CHECK_CONSUMER) timestamp=10092 ms, used_size=5722112 bytes (14.0%)
(RDMA_READ_CONSUME_CHECK_CONSUMER) timestamp=10092 ms, used_size=5720064 bytes (14.0%)
(RDMA_READ_CONSUME_CHECK_CONSUMER) timestamp=10092 ms, used_size=5718016 bytes (14.0%)
(RDMA_READ_CONSUME_CHECK_CONSUMER) timestamp=10092 ms, used_size=5715968 bytes (14.0%)
(RDMA_READ_CONSUME_CHECK_CONSUMER) timestamp=10092 ms, used_size=5713920 bytes (13.9%)
(RDMA_READ_CONSUME_CHECK_CONSUMER) timestamp=10092 ms, used_size=5711872 bytes (13.9%)
(RDMA_READ_CONSUME_CHECK_CONSUMER) timestamp=10092 ms, used_size=5709824 bytes (13.9%)
(RDMA_READ_CONSUME_CHECK_CONSUMER) timestamp=10092 ms, used_size=5707776 bytes (13.9%)
(RDMA_READ_CONSUME_CHECK_CONSUMER) timestamp=10092 ms, used_size=5705728 bytes (13.9%)
(RDMA_READ_CONSUME_CHECK_CONSUMER) timestamp=10092 ms, used_size=5703680 bytes (13.9%)
(RDMA_READ_CONSUME_CHECK_CONSUMER) timestamp=10092 ms, used_size=5701632 bytes (13.9%)
(RDMA_READ_CONSUME_CHECK_CONSUMER) timestamp=10092 ms, used_size=5699584 bytes (13.9%)
(RDMA_READ_CONSUME_CHECK_CONSUMER) timestamp=10092 ms, used_size=5697536 bytes (13.9%)
(RDMA_READ_CONSUME_CHECK_CONSUMER) timestamp=10092 ms, used_size=5695488 bytes (13.9%)
(RDMA_READ_CONSUME_CHECK_CONSUMER) timestamp=10092 ms, used_size=5693440 bytes (13.9%)
(RDMA_READ_CONSUME_CHECK_CONSUMER) timestamp=10092 ms, used_size=5691392 bytes (13.9%)
(RDMA_READ_CONSUME_CHECK_CONSUMER) timestamp=10092 ms, used_size=5689344 bytes (13.9%)
(RDMA_READ_CONSUME_CHECK_CONSUMER) timestamp=10092 ms, used_size=5687296 bytes (13.9%)
(RDMA_READ_CONSUME_CHECK_CONSUMER) timestamp=10092 ms, used_size=5685248 bytes (13.9%)
(RDMA_READ_CONSUME_CHECK_CONSUMER) timestamp=10092 ms, used_size=5683200 bytes (13.9%)
(RDMA_READ_CONSUME_CHECK_CONSUMER) timestamp=10092 ms, used_size=5681152 bytes (13.9%)
(RDMA_READ_CONSUME_CHECK_CONSUMER) timestamp=10092 ms, used_size=5679104 bytes (13.9%)
(RDMA_READ_CONSUME_CHECK_CONSUMER) timestamp=10092 ms, used_size=5677056 bytes (13.9%)
(RDMA_READ_CONSUME_CHECK_CONSUMER) timestamp=10092 ms, used_size=5675008 bytes (13.9%)
(RDMA_READ_CONSUME_CHECK_CONSUMER) timestamp=10092 ms, used_size=5672960 bytes (13.8%)
(RDMA_READ_CONSUME_CHECK_CONSUMER) timestamp=10092 ms, used_size=5670912 bytes (13.8%)
(RDMA_READ_CONSUME_CHECK_CONSUMER) timestamp=10092 ms, used_size=5668864 bytes (13.8%)
(RDMA_READ_CONSUME_CHECK_CONSUMER) timestamp=10092 ms, used_size=5666816 bytes (13.8%)
(RDMA_READ_CONSUME_CHECK_CONSUMER) timestamp=10092 ms, used_size=5664768 bytes (13.8%)
(RDMA_READ_CONSUME_CHECK_CONSUMER) timestamp=10092 ms, used_size=5662720 bytes (13.8%)
(RDMA_READ_CONSUME_CHECK_CONSUMER) timestamp=10092 ms, used_size=5660672 bytes (13.8%)
(RDMA_READ_CONSUME_CHECK_CONSUMER) timestamp=10092 ms, used_size=5658624 bytes (13.8%)
(RDMA_READ_CONSUME_CHECK_CONSUMER) timestamp=10092 ms, used_size=5656576 bytes (13.8%)
(RDMA_READ_CONSUME_CHECK_CONSUMER) timestamp=10092 ms, used_size=5654528 bytes (13.8%)
(RDMA_READ_CONSUME_CHECK_CONSUMER) timestamp=10092 ms, used_size=5652480 bytes (13.8%)
(RDMA_READ_CONSUME_CHECK_CONSUMER) timestamp=10092 ms, used_size=5650432 bytes (13.8%)
(RDMA_READ_CONSUME_CHECK_CONSUMER) timestamp=10092 ms, used_size=5648384 bytes (13.8%)
(RDMA_READ_CONSUME_CHECK_CONSUMER) timestamp=10092 ms, used_size=5646336 bytes (13.8%)
(RDMA_READ_CONSUME_CHECK_CONSUMER) timestamp=10092 ms, used_size=5644288 bytes (13.8%)
(RDMA_READ_CONSUME_CHECK_CONSUMER) timestamp=10092 ms, used_size=5642240 bytes (13.8%)
(RDMA_READ_CONSUME_CHECK_CONSUMER) timestamp=10092 ms, used_size=5640192 bytes (13.8%)
(RDMA_READ_CONSUME_CHECK_CONSUMER) timestamp=10092 ms, used_size=5638144 bytes (13.8%)
(RDMA_READ_CONSUME_CHECK_CONSUMER) timestamp=10092 ms, used_size=5636096 bytes (13.8%)
(RDMA_READ_CONSUME_CHECK_CONSUMER) timestamp=10092 ms, used_size=5634048 bytes (13.8%)
(RDMA_READ_CONSUME_CHECK_CONSUMER) timestamp=10092 ms, used_size=5632000 bytes (13.8%)
(RDMA_READ_CONSUME_CHECK_CONSUMER) timestamp=10092 ms, used_size=5629952 bytes (13.7%)
(RDMA_READ_CONSUME_CHECK_CONSUMER) timestamp=10092 ms, used_size=5627904 bytes (13.7%)
(RDMA_READ_CONSUME_CHECK_CONSUMER) timestamp=10092 ms, used_size=5625856 bytes (13.7%)
(RDMA_READ_CONSUME_CHECK_CONSUMER) timestamp=10092 ms, used_size=5623808 bytes (13.7%)
(RDMA_READ_CONSUME_CHECK_CONSUMER) timestamp=10092 ms, used_size=5621760 bytes (13.7%)
(RDMA_READ_CONSUME_CHECK_CONSUMER) timestamp=10092 ms, used_size=5619712 bytes (13.7%)
(RDMA_READ_CONSUME_CHECK_CONSUMER) timestamp=10092 ms, used_size=5617664 bytes (13.7%)
(RDMA_READ_CONSUME_CHECK_CONSUMER) timestamp=10092 ms, used_size=5615616 bytes (13.7%)
(RDMA_READ_CONSUME_CHECK_CONSUMER) timestamp=10092 ms, used_size=5613568 bytes (13.7%)
(RDMA_READ_CONSUME_CHECK_CONSUMER) timestamp=10092 ms, used_size=5611520 bytes (13.7%)
(RDMA_READ_CONSUME_CHECK_CONSUMER) timestamp=10092 ms, used_size=5609472 bytes (13.7%)
(RDMA_READ_CONSUME_CHECK_CONSUMER) timestamp=10092 ms, used_size=5607424 bytes (13.7%)
(RDMA_READ_CONSUME_CHECK_CONSUMER) timestamp=10092 ms, used_size=5605376 bytes (13.7%)
(RDMA_READ_CONSUME_CHECK_CONSUMER) timestamp=10092 ms, used_size=5603328 bytes (13.7%)
(RDMA_READ_CONSUME_CHECK_CONSUMER) timestamp=10092 ms, used_size=5601280 bytes (13.7%)
(RDMA_READ_CONSUME_CHECK_CONSUMER) timestamp=10092 ms, used_size=5599232 bytes (13.7%)
(RDMA_READ_CONSUME_CHECK_CONSUMER) timestamp=10092 ms, used_size=5597184 bytes (13.7%)
(RDMA_READ_CONSUME_CHECK_CONSUMER) timestamp=10092 ms, used_size=5595136 bytes (13.7%)
(RDMA_READ_CONSUME_CHECK_CONSUMER) timestamp=10092 ms, used_size=5593088 bytes (13.7%)
(RDMA_READ_CONSUME_CHECK_CONSUMER) timestamp=10092 ms, used_size=5591040 bytes (13.7%)
(RDMA_READ_CONSUME_CHECK_CONSUMER) timestamp=10092 ms, used_size=5588992 bytes (13.6%)
(RDMA_READ_CONSUME_CHECK_CONSUMER) timestamp=10092 ms, used_size=5586944 bytes (13.6%)
(RDMA_READ_CONSUME_CHECK_CONSUMER) timestamp=10092 ms, used_size=5584896 bytes (13.6%)
(RDMA_READ_CONSUME_CHECK_CONSUMER) timestamp=10092 ms, used_size=5582848 bytes (13.6%)
(RDMA_READ_CONSUME_CHECK_CONSUMER) timestamp=10092 ms, used_size=5580800 bytes (13.6%)
(RDMA_READ_CONSUME_CHECK_CONSUMER) timestamp=10092 ms, used_size=5578752 bytes (13.6%)
(RDMA_READ_CONSUME_CHECK_CONSUMER) timestamp=10092 ms, used_size=5576704 bytes (13.6%)
(RDMA_READ_CONSUME_CHECK_CONSUMER) timestamp=10092 ms, used_size=5574656 bytes (13.6%)
(RDMA_READ_CONSUME_CHECK_CONSUMER) timestamp=10092 ms, used_size=5572608 bytes (13.6%)
(RDMA_READ_CONSUME_CHECK_CONSUMER) timestamp=10092 ms, used_size=5570560 bytes (13.6%)
(RDMA_READ_CONSUME_CHECK_CONSUMER) timestamp=10092 ms, used_size=5568512 bytes (13.6%)
(RDMA_READ_CONSUME_CHECK_CONSUMER) timestamp=10093 ms, used_size=5566464 bytes (13.6%)
(RDMA_READ_CONSUME_CHECK_CONSUMER) timestamp=10093 ms, used_size=5564416 bytes (13.6%)
(RDMA_READ_CONSUME_CHECK_CONSUMER) timestamp=10093 ms, used_size=5562368 bytes (13.6%)
(RDMA_READ_CONSUME_CHECK_CONSUMER) timestamp=10093 ms, used_size=5560320 bytes (13.6%)
(RDMA_READ_CONSUME_CHECK_CONSUMER) timestamp=10093 ms, used_size=5558272 bytes (13.6%)
(RDMA_READ_CONSUME_CHECK_CONSUMER) timestamp=10093 ms, used_size=5556224 bytes (13.6%)
(RDMA_READ_CONSUME_CHECK_CONSUMER) timestamp=10093 ms, used_size=5554176 bytes (13.6%)
(RDMA_READ_CONSUME_CHECK_CONSUMER) timestamp=10093 ms, used_size=5552128 bytes (13.6%)
(RDMA_READ_CONSUME_CHECK_CONSUMER) timestamp=10093 ms, used_size=5550080 bytes (13.6%)
(RDMA_READ_CONSUME_CHECK_CONSUMER) timestamp=10093 ms, used_size=5548032 bytes (13.5%)
(RDMA_READ_CONSUME_CHECK_CONSUMER) timestamp=10093 ms, used_size=5545984 bytes (13.5%)
(RDMA_READ_CONSUME_CHECK_CONSUMER) timestamp=10093 ms, used_size=5543936 bytes (13.5%)
(RDMA_READ_CONSUME_CHECK_CONSUMER) timestamp=10093 ms, used_size=5541888 bytes (13.5%)
(RDMA_READ_CONSUME_CHECK_CONSUMER) timestamp=10093 ms, used_size=5539840 bytes (13.5%)
(RDMA_READ_CONSUME_CHECK_CONSUMER) timestamp=10093 ms, used_size=5537792 bytes (13.5%)
(RDMA_READ_CONSUME_CHECK_CONSUMER) timestamp=10093 ms, used_size=5535744 bytes (13.5%)
(RDMA_READ_CONSUME_CHECK_CONSUMER) timestamp=10093 ms, used_size=5533696 bytes (13.5%)
(RDMA_READ_CONSUME_CHECK_CONSUMER) timestamp=10093 ms, used_size=5531648 bytes (13.5%)
(RDMA_READ_CONSUME_CHECK_CONSUMER) timestamp=10093 ms, used_size=5529600 bytes (13.5%)
(RDMA_READ_CONSUME_CHECK_CONSUMER) timestamp=10093 ms, used_size=5527552 bytes (13.5%)
(RDMA_READ_CONSUME_CHECK_CONSUMER) timestamp=10093 ms, used_size=5525504 bytes (13.5%)
(RDMA_READ_CONSUME_CHECK_CONSUMER) timestamp=10093 ms, used_size=5523456 bytes (13.5%)
(RDMA_READ_CONSUME_CHECK_CONSUMER) timestamp=10093 ms, used_size=5521408 bytes (13.5%)
(RDMA_READ_CONSUME_CHECK_CONSUMER) timestamp=10093 ms, used_size=5519360 bytes (13.5%)
(RDMA_READ_CONSUME_CHECK_CONSUMER) timestamp=10093 ms, used_size=5517312 bytes (13.5%)
(RDMA_READ_CONSUME_CHECK_CONSUMER) timestamp=10093 ms, used_size=5515264 bytes (13.5%)
(RDMA_READ_CONSUME_CHECK_CONSUMER) timestamp=10093 ms, used_size=5513216 bytes (13.5%)
(RDMA_READ_CONSUME_CHECK_CONSUMER) timestamp=10093 ms, used_size=5511168 bytes (13.5%)
(RDMA_READ_CONSUME_CHECK_CONSUMER) timestamp=10093 ms, used_size=5509120 bytes (13.4%)
(RDMA_READ_CONSUME_CHECK_CONSUMER) timestamp=10093 ms, used_size=5507072 bytes (13.4%)
(RDMA_READ_CONSUME_CHECK_CONSUMER) timestamp=10093 ms, used_size=5505024 bytes (13.4%)
(RDMA_READ_CONSUME_CHECK_CONSUMER) timestamp=10093 ms, used_size=5502976 bytes (13.4%)
(RDMA_READ_CONSUME_CHECK_CONSUMER) timestamp=10093 ms, used_size=5500928 bytes (13.4%)
(RDMA_READ_CONSUME_CHECK_CONSUMER) timestamp=10093 ms, used_size=5498880 bytes (13.4%)
(RDMA_READ_CONSUME_CHECK_CONSUMER) timestamp=10093 ms, used_size=5496832 bytes (13.4%)
(RDMA_READ_CONSUME_CHECK_CONSUMER) timestamp=10093 ms, used_size=5494784 bytes (13.4%)
(RDMA_READ_CONSUME_CHECK_CONSUMER) timestamp=10093 ms, used_size=5492736 bytes (13.4%)
(RDMA_READ_CONSUME_CHECK_CONSUMER) timestamp=10093 ms, used_size=5490688 bytes (13.4%)
(RDMA_READ_CONSUME_CHECK_CONSUMER) timestamp=10093 ms, used_size=5488640 bytes (13.4%)
(RDMA_READ_CONSUME_CHECK_CONSUMER) timestamp=10093 ms, used_size=5486592 bytes (13.4%)
(RDMA_READ_CONSUME_CHECK_CONSUMER) timestamp=10093 ms, used_size=5484544 bytes (13.4%)
(RDMA_READ_CONSUME_CHECK_CONSUMER) timestamp=10093 ms, used_size=5482496 bytes (13.4%)
(RDMA_READ_CONSUME_CHECK_CONSUMER) timestamp=10093 ms, used_size=5480448 bytes (13.4%)
(RDMA_READ_CONSUME_CHECK_CONSUMER) timestamp=10093 ms, used_size=5478400 bytes (13.4%)
(RDMA_READ_CONSUME_CHECK_CONSUMER) timestamp=10093 ms, used_size=5476352 bytes (13.4%)
(RDMA_READ_CONSUME_CHECK_CONSUMER) timestamp=10093 ms, used_size=5474304 bytes (13.4%)
(RDMA_READ_CONSUME_CHECK_CONSUMER) timestamp=10093 ms, used_size=5472256 bytes (13.4%)
(RDMA_READ_CONSUME_CHECK_CONSUMER) timestamp=10093 ms, used_size=5470208 bytes (13.4%)
(RDMA_READ_CONSUME_CHECK_CONSUMER) timestamp=10093 ms, used_size=5468160 bytes (13.3%)
(RDMA_READ_CONSUME_CHECK_CONSUMER) timestamp=10093 ms, used_size=5466112 bytes (13.3%)
(RDMA_READ_CONSUME_CHECK_CONSUMER) timestamp=10093 ms, used_size=5464064 bytes (13.3%)
(RDMA_READ_CONSUME_CHECK_CONSUMER) timestamp=10093 ms, used_size=5462016 bytes (13.3%)
(RDMA_READ_CONSUME_CHECK_CONSUMER) timestamp=10093 ms, used_size=5459968 bytes (13.3%)
(RDMA_READ_CONSUME_CHECK_CONSUMER) timestamp=10093 ms, used_size=5457920 bytes (13.3%)
(RDMA_READ_CONSUME_CHECK_CONSUMER) timestamp=10093 ms, used_size=5455872 bytes (13.3%)
(RDMA_READ_CONSUME_CHECK_CONSUMER) timestamp=10093 ms, used_size=5453824 bytes (13.3%)
(RDMA_READ_CONSUME_CHECK_CONSUMER) timestamp=10093 ms, used_size=5451776 bytes (13.3%)
(RDMA_READ_CONSUME_CHECK_CONSUMER) timestamp=10093 ms, used_size=5449728 bytes (13.3%)
(RDMA_READ_CONSUME_CHECK_CONSUMER) timestamp=10093 ms, used_size=5447680 bytes (13.3%)
(RDMA_READ_CONSUME_CHECK_CONSUMER) timestamp=10093 ms, used_size=5445632 bytes (13.3%)
(RDMA_READ_CONSUME_CHECK_CONSUMER) timestamp=10093 ms, used_size=5443584 bytes (13.3%)
(RDMA_READ_CONSUME_CHECK_CONSUMER) timestamp=10093 ms, used_size=5441536 bytes (13.3%)
(RDMA_READ_CONSUME_CHECK_CONSUMER) timestamp=10093 ms, used_size=5439488 bytes (13.3%)
(RDMA_READ_CONSUME_CHECK_CONSUMER) timestamp=10093 ms, used_size=5437440 bytes (13.3%)
(RDMA_READ_CONSUME_CHECK_CONSUMER) timestamp=10093 ms, used_size=5435392 bytes (13.3%)
(RDMA_READ_CONSUME_CHECK_CONSUMER) timestamp=10093 ms, used_size=5433344 bytes (13.3%)
(RDMA_READ_CONSUME_CHECK_CONSUMER) timestamp=10093 ms, used_size=5431296 bytes (13.3%)
(RDMA_READ_CONSUME_CHECK_CONSUMER) timestamp=10093 ms, used_size=5429248 bytes (13.3%)
(RDMA_READ_CONSUME_CHECK_CONSUMER) timestamp=10093 ms, used_size=5427200 bytes (13.2%)
(RDMA_READ_CONSUME_CHECK_CONSUMER) timestamp=10093 ms, used_size=5425152 bytes (13.2%)
(RDMA_READ_CONSUME_CHECK_CONSUMER) timestamp=10093 ms, used_size=5423104 bytes (13.2%)
(RDMA_READ_CONSUME_CHECK_CONSUMER) timestamp=10093 ms, used_size=5421056 bytes (13.2%)
(RDMA_READ_CONSUME_CHECK_CONSUMER) timestamp=10093 ms, used_size=5419008 bytes (13.2%)
(RDMA_READ_CONSUME_CHECK_CONSUMER) timestamp=10093 ms, used_size=5416960 bytes (13.2%)
(RDMA_READ_CONSUME_CHECK_CONSUMER) timestamp=10093 ms, used_size=5414912 bytes (13.2%)
(RDMA_READ_CONSUME_CHECK_CONSUMER) timestamp=10093 ms, used_size=5412864 bytes (13.2%)
(RDMA_READ_CONSUME_CHECK_CONSUMER) timestamp=10093 ms, used_size=5410816 bytes (13.2%)
(RDMA_READ_CONSUME_CHECK_CONSUMER) timestamp=10093 ms, used_size=5408768 bytes (13.2%)
(RDMA_READ_CONSUME_CHECK_CONSUMER) timestamp=10093 ms, used_size=5406720 bytes (13.2%)
(RDMA_READ_CONSUME_CHECK_CONSUMER) timestamp=10093 ms, used_size=5404672 bytes (13.2%)
(RDMA_READ_CONSUME_CHECK_CONSUMER) timestamp=10093 ms, used_size=5402624 bytes (13.2%)
(RDMA_READ_CONSUME_CHECK_CONSUMER) timestamp=10093 ms, used_size=5400576 bytes (13.2%)
(RDMA_READ_CONSUME_CHECK_CONSUMER) timestamp=10093 ms, used_size=5398528 bytes (13.2%)
(RDMA_READ_CONSUME_CHECK_CONSUMER) timestamp=10093 ms, used_size=5396480 bytes (13.2%)
(RDMA_READ_CONSUME_CHECK_CONSUMER) timestamp=10093 ms, used_size=5394432 bytes (13.2%)
(RDMA_READ_CONSUME_CHECK_CONSUMER) timestamp=10093 ms, used_size=5392384 bytes (13.2%)
(RDMA_READ_CONSUME_CHECK_CONSUMER) timestamp=10093 ms, used_size=5390336 bytes (13.2%)
(RDMA_READ_CONSUME_CHECK_CONSUMER) timestamp=10093 ms, used_size=5388288 bytes (13.2%)
(RDMA_READ_CONSUME_CHECK_CONSUMER) timestamp=10093 ms, used_size=5386240 bytes (13.2%)
(RDMA_READ_CONSUME_CHECK_CONSUMER) timestamp=10093 ms, used_size=5384192 bytes (13.1%)
(RDMA_READ_CONSUME_CHECK_CONSUMER) timestamp=10093 ms, used_size=5382144 bytes (13.1%)
(RDMA_READ_CONSUME_CHECK_CONSUMER) timestamp=10093 ms, used_size=5380096 bytes (13.1%)
(RDMA_READ_CONSUME_CHECK_CONSUMER) timestamp=10093 ms, used_size=5378048 bytes (13.1%)
(RDMA_READ_CONSUME_CHECK_CONSUMER) timestamp=10093 ms, used_size=5376000 bytes (13.1%)
(RDMA_READ_CONSUME_CHECK_CONSUMER) timestamp=10093 ms, used_size=5373952 bytes (13.1%)
(RDMA_READ_CONSUME_CHECK_CONSUMER) timestamp=10093 ms, used_size=5371904 bytes (13.1%)
(RDMA_READ_CONSUME_CHECK_CONSUMER) timestamp=10093 ms, used_size=5369856 bytes (13.1%)
(RDMA_READ_CONSUME_CHECK_CONSUMER) timestamp=10093 ms, used_size=5367808 bytes (13.1%)
(RDMA_READ_CONSUME_CHECK_CONSUMER) timestamp=10093 ms, used_size=5365760 bytes (13.1%)
(RDMA_READ_CONSUME_CHECK_CONSUMER) timestamp=10093 ms, used_size=5363712 bytes (13.1%)
(RDMA_READ_CONSUME_CHECK_CONSUMER) timestamp=10093 ms, used_size=5361664 bytes (13.1%)
(RDMA_READ_CONSUME_CHECK_CONSUMER) timestamp=10093 ms, used_size=5359616 bytes (13.1%)
(RDMA_READ_CONSUME_CHECK_CONSUMER) timestamp=10093 ms, used_size=5357568 bytes (13.1%)
(RDMA_READ_CONSUME_CHECK_CONSUMER) timestamp=10093 ms, used_size=5355520 bytes (13.1%)
(RDMA_READ_CONSUME_CHECK_CONSUMER) timestamp=10093 ms, used_size=5353472 bytes (13.1%)
(RDMA_READ_CONSUME_CHECK_CONSUMER) timestamp=10093 ms, used_size=5351424 bytes (13.1%)
(RDMA_READ_CONSUME_CHECK_CONSUMER) timestamp=10093 ms, used_size=5349376 bytes (13.1%)
(RDMA_READ_CONSUME_CHECK_CONSUMER) timestamp=10093 ms, used_size=5347328 bytes (13.1%)
(RDMA_READ_CONSUME_CHECK_CONSUMER) timestamp=10093 ms, used_size=5345280 bytes (13.1%)
(RDMA_READ_CONSUME_CHECK_CONSUMER) timestamp=10093 ms, used_size=5343232 bytes (13.0%)
(RDMA_READ_CONSUME_CHECK_CONSUMER) timestamp=10093 ms, used_size=5341184 bytes (13.0%)
(RDMA_READ_CONSUME_CHECK_CONSUMER) timestamp=10093 ms, used_size=5339136 bytes (13.0%)
(RDMA_READ_CONSUME_CHECK_CONSUMER) timestamp=10093 ms, used_size=5337088 bytes (13.0%)
(RDMA_READ_CONSUME_CHECK_CONSUMER) timestamp=10093 ms, used_size=5335040 bytes (13.0%)
(RDMA_READ_CONSUME_CHECK_CONSUMER) timestamp=10093 ms, used_size=5332992 bytes (13.0%)
(RDMA_READ_CONSUME_CHECK_CONSUMER) timestamp=10093 ms, used_size=5330944 bytes (13.0%)
(RDMA_READ_CONSUME_CHECK_CONSUMER) timestamp=10093 ms, used_size=5328896 bytes (13.0%)
(RDMA_READ_CONSUME_CHECK_CONSUMER) timestamp=10093 ms, used_size=5326848 bytes (13.0%)
(RDMA_READ_CONSUME_CHECK_CONSUMER) timestamp=10093 ms, used_size=5324800 bytes (13.0%)
(RDMA_READ_CONSUME_CHECK_CONSUMER) timestamp=10093 ms, used_size=5322752 bytes (13.0%)
(RDMA_READ_CONSUME_CHECK_CONSUMER) timestamp=10093 ms, used_size=5320704 bytes (13.0%)
(RDMA_READ_CONSUME_CHECK_CONSUMER) timestamp=10093 ms, used_size=5318656 bytes (13.0%)
(RDMA_READ_CONSUME_CHECK_CONSUMER) timestamp=10093 ms, used_size=5316608 bytes (13.0%)
(RDMA_READ_CONSUME_CHECK_CONSUMER) timestamp=10093 ms, used_size=5314560 bytes (13.0%)
(RDMA_READ_CONSUME_CHECK_CONSUMER) timestamp=10093 ms, used_size=5312512 bytes (13.0%)
(RDMA_READ_CONSUME_CHECK_CONSUMER) timestamp=10093 ms, used_size=5310464 bytes (13.0%)
(RDMA_READ_CONSUME_CHECK_CONSUMER) timestamp=10093 ms, used_size=5308416 bytes (13.0%)
(RDMA_READ_CONSUME_CHECK_CONSUMER) timestamp=10093 ms, used_size=5306368 bytes (13.0%)
(RDMA_READ_CONSUME_CHECK_CONSUMER) timestamp=10093 ms, used_size=5304320 bytes (12.9%)
(RDMA_READ_CONSUME_CHECK_CONSUMER) timestamp=10093 ms, used_size=5302272 bytes (12.9%)
(RDMA_READ_CONSUME_CHECK_CONSUMER) timestamp=10093 ms, used_size=5300224 bytes (12.9%)
(RDMA_READ_CONSUME_CHECK_CONSUMER) timestamp=10093 ms, used_size=5298176 bytes (12.9%)
(RDMA_READ_CONSUME_CHECK_CONSUMER) timestamp=10093 ms, used_size=5296128 bytes (12.9%)
(RDMA_READ_CONSUME_CHECK_CONSUMER) timestamp=10093 ms, used_size=5294080 bytes (12.9%)
(RDMA_READ_CONSUME_CHECK_CONSUMER) timestamp=10093 ms, used_size=5292032 bytes (12.9%)
(RDMA_READ_CONSUME_CHECK_CONSUMER) timestamp=10093 ms, used_size=5289984 bytes (12.9%)
(RDMA_READ_CONSUME_CHECK_CONSUMER) timestamp=10093 ms, used_size=5287936 bytes (12.9%)
(RDMA_READ_CONSUME_CHECK_CONSUMER) timestamp=10093 ms, used_size=5285888 bytes (12.9%)
(RDMA_READ_CONSUME_CHECK_CONSUMER) timestamp=10093 ms, used_size=5283840 bytes (12.9%)
(RDMA_READ_CONSUME_CHECK_CONSUMER) timestamp=10093 ms, used_size=5281792 bytes (12.9%)
(RDMA_READ_CONSUME_CHECK_CONSUMER) timestamp=10093 ms, used_size=5279744 bytes (12.9%)
(RDMA_READ_CONSUME_CHECK_CONSUMER) timestamp=10093 ms, used_size=5277696 bytes (12.9%)
(RDMA_READ_CONSUME_CHECK_CONSUMER) timestamp=10093 ms, used_size=5275648 bytes (12.9%)
(RDMA_READ_CONSUME_CHECK_CONSUMER) timestamp=10093 ms, used_size=5273600 bytes (12.9%)
(RDMA_READ_CONSUME_CHECK_CONSUMER) timestamp=10093 ms, used_size=5271552 bytes (12.9%)
(RDMA_READ_CONSUME_CHECK_CONSUMER) timestamp=10093 ms, used_size=5269504 bytes (12.9%)
(RDMA_READ_CONSUME_CHECK_CONSUMER) timestamp=10093 ms, used_size=5267456 bytes (12.9%)
(RDMA_READ_CONSUME_CHECK_CONSUMER) timestamp=10093 ms, used_size=5265408 bytes (12.9%)
(RDMA_READ_CONSUME_CHECK_CONSUMER) timestamp=10093 ms, used_size=5263360 bytes (12.8%)
(RDMA_READ_CONSUME_CHECK_CONSUMER) timestamp=10093 ms, used_size=5261312 bytes (12.8%)
(RDMA_READ_CONSUME_CHECK_CONSUMER) timestamp=10093 ms, used_size=5259264 bytes (12.8%)
(RDMA_READ_CONSUME_CHECK_CONSUMER) timestamp=10093 ms, used_size=5257216 bytes (12.8%)
(RDMA_READ_CONSUME_CHECK_CONSUMER) timestamp=10093 ms, used_size=5255168 bytes (12.8%)
(RDMA_READ_CONSUME_CHECK_CONSUMER) timestamp=10093 ms, used_size=5253120 bytes (12.8%)
(RDMA_READ_CONSUME_CHECK_CONSUMER) timestamp=10093 ms, used_size=5251072 bytes (12.8%)
(RDMA_READ_CONSUME_CHECK_CONSUMER) timestamp=10093 ms, used_size=5249024 bytes (12.8%)
(RDMA_READ_CONSUME_CHECK_CONSUMER) timestamp=10093 ms, used_size=5246976 bytes (12.8%)
(RDMA_READ_CONSUME_CHECK_CONSUMER) timestamp=10093 ms, used_size=5244928 bytes (12.8%)
(RDMA_READ_CONSUME_CHECK_CONSUMER) timestamp=10093 ms, used_size=5242880 bytes (12.8%)
(RDMA_READ_CONSUME_CHECK_CONSUMER) timestamp=10093 ms, used_size=5240832 bytes (12.8%)
(RDMA_READ_CONSUME_CHECK_CONSUMER) timestamp=10093 ms, used_size=5238784 bytes (12.8%)
(RDMA_READ_CONSUME_CHECK_CONSUMER) timestamp=10093 ms, used_size=5236736 bytes (12.8%)
(RDMA_READ_CONSUME_CHECK_CONSUMER) timestamp=10093 ms, used_size=5234688 bytes (12.8%)
(RDMA_READ_CONSUME_CHECK_CONSUMER) timestamp=10093 ms, used_size=5232640 bytes (12.8%)
(RDMA_READ_CONSUME_CHECK_CONSUMER) timestamp=10093 ms, used_size=5230592 bytes (12.8%)
(RDMA_READ_CONSUME_CHECK_CONSUMER) timestamp=10093 ms, used_size=5228544 bytes (12.8%)
(RDMA_READ_CONSUME_CHECK_CONSUMER) timestamp=10093 ms, used_size=5226496 bytes (12.8%)
(RDMA_READ_CONSUME_CHECK_CONSUMER) timestamp=10093 ms, used_size=5224448 bytes (12.8%)
(RDMA_READ_CONSUME_CHECK_CONSUMER) timestamp=10093 ms, used_size=5222400 bytes (12.8%)
(RDMA_READ_CONSUME_CHECK_CONSUMER) timestamp=10093 ms, used_size=5220352 bytes (12.7%)
(RDMA_READ_CONSUME_CHECK_CONSUMER) timestamp=10094 ms, used_size=5218304 bytes (12.7%)
(RDMA_READ_CONSUME_CHECK_CONSUMER) timestamp=10094 ms, used_size=5216256 bytes (12.7%)
(RDMA_READ_CONSUME_CHECK_CONSUMER) timestamp=10094 ms, used_size=5214208 bytes (12.7%)
(RDMA_READ_CONSUME_CHECK_CONSUMER) timestamp=10094 ms, used_size=5212160 bytes (12.7%)
(RDMA_READ_CONSUME_CHECK_CONSUMER) timestamp=10094 ms, used_size=5210112 bytes (12.7%)
(RDMA_READ_CONSUME_CHECK_CONSUMER) timestamp=10094 ms, used_size=5208064 bytes (12.7%)
(RDMA_READ_CONSUME_CHECK_CONSUMER) timestamp=10094 ms, used_size=5206016 bytes (12.7%)
(RDMA_READ_CONSUME_CHECK_CONSUMER) timestamp=10094 ms, used_size=5203968 bytes (12.7%)
(RDMA_READ_CONSUME_CHECK_CONSUMER) timestamp=10094 ms, used_size=5201920 bytes (12.7%)
(RDMA_READ_CONSUME_CHECK_CONSUMER) timestamp=10094 ms, used_size=5199872 bytes (12.7%)
(RDMA_READ_CONSUME_CHECK_CONSUMER) timestamp=10094 ms, used_size=5197824 bytes (12.7%)
(RDMA_READ_CONSUME_CHECK_CONSUMER) timestamp=10094 ms, used_size=5195776 bytes (12.7%)
(RDMA_READ_CONSUME_CHECK_CONSUMER) timestamp=10094 ms, used_size=5193728 bytes (12.7%)
(RDMA_READ_CONSUME_CHECK_CONSUMER) timestamp=10094 ms, used_size=5191680 bytes (12.7%)
(RDMA_READ_CONSUME_CHECK_CONSUMER) timestamp=10094 ms, used_size=5189632 bytes (12.7%)
(RDMA_READ_CONSUME_CHECK_CONSUMER) timestamp=10094 ms, used_size=5187584 bytes (12.7%)
(RDMA_READ_CONSUME_CHECK_CONSUMER) timestamp=10094 ms, used_size=5185536 bytes (12.7%)
(RDMA_READ_CONSUME_CHECK_CONSUMER) timestamp=10094 ms, used_size=5183488 bytes (12.7%)
(RDMA_READ_CONSUME_CHECK_CONSUMER) timestamp=10094 ms, used_size=5181440 bytes (12.7%)
(RDMA_READ_CONSUME_CHECK_CONSUMER) timestamp=10094 ms, used_size=5179392 bytes (12.6%)
(RDMA_READ_CONSUME_CHECK_CONSUMER) timestamp=10094 ms, used_size=5177344 bytes (12.6%)
(RDMA_READ_CONSUME_CHECK_CONSUMER) timestamp=10094 ms, used_size=5175296 bytes (12.6%)
(RDMA_READ_CONSUME_CHECK_CONSUMER) timestamp=10094 ms, used_size=5173248 bytes (12.6%)
(RDMA_READ_CONSUME_CHECK_CONSUMER) timestamp=10094 ms, used_size=5171200 bytes (12.6%)
(RDMA_READ_CONSUME_CHECK_CONSUMER) timestamp=10094 ms, used_size=5169152 bytes (12.6%)
(RDMA_READ_CONSUME_CHECK_CONSUMER) timestamp=10094 ms, used_size=5167104 bytes (12.6%)
(RDMA_READ_CONSUME_CHECK_CONSUMER) timestamp=10094 ms, used_size=5165056 bytes (12.6%)
(RDMA_READ_CONSUME_CHECK_CONSUMER) timestamp=10094 ms, used_size=5163008 bytes (12.6%)
(RDMA_READ_CONSUME_CHECK_CONSUMER) timestamp=10094 ms, used_size=5160960 bytes (12.6%)
(RDMA_READ_CONSUME_CHECK_CONSUMER) timestamp=10094 ms, used_size=5158912 bytes (12.6%)
(RDMA_READ_CONSUME_CHECK_CONSUMER) timestamp=10094 ms, used_size=5156864 bytes (12.6%)
(RDMA_READ_CONSUME_CHECK_CONSUMER) timestamp=10094 ms, used_size=5154816 bytes (12.6%)
(RDMA_READ_CONSUME_CHECK_CONSUMER) timestamp=10094 ms, used_size=5152768 bytes (12.6%)
(RDMA_READ_CONSUME_CHECK_CONSUMER) timestamp=10094 ms, used_size=5150720 bytes (12.6%)
(RDMA_READ_CONSUME_CHECK_CONSUMER) timestamp=10094 ms, used_size=5148672 bytes (12.6%)
(RDMA_READ_CONSUME_CHECK_CONSUMER) timestamp=10094 ms, used_size=5146624 bytes (12.6%)
(RDMA_READ_CONSUME_CHECK_CONSUMER) timestamp=10094 ms, used_size=5144576 bytes (12.6%)
(RDMA_READ_CONSUME_CHECK_CONSUMER) timestamp=10094 ms, used_size=5142528 bytes (12.6%)
(RDMA_READ_CONSUME_CHECK_CONSUMER) timestamp=10094 ms, used_size=5140480 bytes (12.6%)
(RDMA_READ_CONSUME_CHECK_CONSUMER) timestamp=10094 ms, used_size=5138432 bytes (12.5%)
(RDMA_READ_CONSUME_CHECK_CONSUMER) timestamp=10094 ms, used_size=5136384 bytes (12.5%)
(RDMA_READ_CONSUME_CHECK_CONSUMER) timestamp=10094 ms, used_size=5134336 bytes (12.5%)
(RDMA_READ_CONSUME_CHECK_CONSUMER) timestamp=10094 ms, used_size=5132288 bytes (12.5%)
(RDMA_READ_CONSUME_CHECK_CONSUMER) timestamp=10094 ms, used_size=5130240 bytes (12.5%)
(RDMA_READ_CONSUME_CHECK_CONSUMER) timestamp=10094 ms, used_size=5128192 bytes (12.5%)
(RDMA_READ_CONSUME_CHECK_CONSUMER) timestamp=10094 ms, used_size=5126144 bytes (12.5%)
(RDMA_READ_CONSUME_CHECK_CONSUMER) timestamp=10094 ms, used_size=5124096 bytes (12.5%)
(RDMA_READ_CONSUME_CHECK_CONSUMER) timestamp=10094 ms, used_size=5122048 bytes (12.5%)
(RDMA_READ_CONSUME_CHECK_CONSUMER) timestamp=10094 ms, used_size=5120000 bytes (12.5%)
(RDMA_READ_CONSUME_CHECK_CONSUMER) timestamp=10094 ms, used_size=5117952 bytes (12.5%)
(RDMA_READ_CONSUME_CHECK_CONSUMER) timestamp=10094 ms, used_size=5115904 bytes (12.5%)
(RDMA_READ_CONSUME_CHECK_CONSUMER) timestamp=10094 ms, used_size=5113856 bytes (12.5%)
(RDMA_READ_CONSUME_CHECK_CONSUMER) timestamp=10094 ms, used_size=5111808 bytes (12.5%)
(RDMA_READ_CONSUME_CHECK_CONSUMER) timestamp=10094 ms, used_size=5109760 bytes (12.5%)
(RDMA_READ_CONSUME_CHECK_CONSUMER) timestamp=10094 ms, used_size=5107712 bytes (12.5%)
(RDMA_READ_CONSUME_CHECK_CONSUMER) timestamp=10094 ms, used_size=5105664 bytes (12.5%)
(RDMA_READ_CONSUME_CHECK_CONSUMER) timestamp=10094 ms, used_size=5103616 bytes (12.5%)
(RDMA_READ_CONSUME_CHECK_CONSUMER) timestamp=10094 ms, used_size=5101568 bytes (12.5%)
(RDMA_READ_CONSUME_CHECK_CONSUMER) timestamp=10094 ms, used_size=5099520 bytes (12.4%)
(RDMA_READ_CONSUME_CHECK_CONSUMER) timestamp=10094 ms, used_size=5097472 bytes (12.4%)
(RDMA_READ_CONSUME_CHECK_CONSUMER) timestamp=10094 ms, used_size=5095424 bytes (12.4%)
(RDMA_READ_CONSUME_CHECK_CONSUMER) timestamp=10094 ms, used_size=5093376 bytes (12.4%)
(RDMA_READ_CONSUME_CHECK_CONSUMER) timestamp=10094 ms, used_size=5091328 bytes (12.4%)
(RDMA_READ_CONSUME_CHECK_CONSUMER) timestamp=10094 ms, used_size=5089280 bytes (12.4%)
(RDMA_READ_CONSUME_CHECK_CONSUMER) timestamp=10094 ms, used_size=5087232 bytes (12.4%)
(RDMA_READ_CONSUME_CHECK_CONSUMER) timestamp=10094 ms, used_size=5085184 bytes (12.4%)
(RDMA_READ_CONSUME_CHECK_CONSUMER) timestamp=10094 ms, used_size=5083136 bytes (12.4%)
(RDMA_READ_CONSUME_CHECK_CONSUMER) timestamp=10094 ms, used_size=5081088 bytes (12.4%)
(RDMA_READ_CONSUME_CHECK_CONSUMER) timestamp=10094 ms, used_size=5079040 bytes (12.4%)
(RDMA_READ_CONSUME_CHECK_CONSUMER) timestamp=10094 ms, used_size=5076992 bytes (12.4%)
(RDMA_READ_CONSUME_CHECK_CONSUMER) timestamp=10094 ms, used_size=5074944 bytes (12.4%)
(RDMA_READ_CONSUME_CHECK_CONSUMER) timestamp=10094 ms, used_size=5072896 bytes (12.4%)
(RDMA_READ_CONSUME_CHECK_CONSUMER) timestamp=10094 ms, used_size=5070848 bytes (12.4%)
(RDMA_READ_CONSUME_CHECK_CONSUMER) timestamp=10094 ms, used_size=5068800 bytes (12.4%)
(RDMA_READ_CONSUME_CHECK_CONSUMER) timestamp=10094 ms, used_size=5066752 bytes (12.4%)
(RDMA_READ_CONSUME_CHECK_CONSUMER) timestamp=10094 ms, used_size=5064704 bytes (12.4%)
(RDMA_READ_CONSUME_CHECK_CONSUMER) timestamp=10094 ms, used_size=5062656 bytes (12.4%)
(RDMA_READ_CONSUME_CHECK_CONSUMER) timestamp=10094 ms, used_size=5060608 bytes (12.4%)
(RDMA_READ_CONSUME_CHECK_CONSUMER) timestamp=10094 ms, used_size=5058560 bytes (12.3%)
(RDMA_READ_CONSUME_CHECK_CONSUMER) timestamp=10094 ms, used_size=5056512 bytes (12.3%)
(RDMA_READ_CONSUME_CHECK_CONSUMER) timestamp=10094 ms, used_size=5054464 bytes (12.3%)
(RDMA_READ_CONSUME_CHECK_CONSUMER) timestamp=10094 ms, used_size=5052416 bytes (12.3%)
(RDMA_READ_CONSUME_CHECK_CONSUMER) timestamp=10094 ms, used_size=5050368 bytes (12.3%)
(RDMA_READ_CONSUME_CHECK_CONSUMER) timestamp=10094 ms, used_size=5048320 bytes (12.3%)
(RDMA_READ_CONSUME_CHECK_CONSUMER) timestamp=10094 ms, used_size=5046272 bytes (12.3%)
(RDMA_READ_CONSUME_CHECK_CONSUMER) timestamp=10094 ms, used_size=5044224 bytes (12.3%)
(RDMA_READ_CONSUME_CHECK_CONSUMER) timestamp=10094 ms, used_size=5042176 bytes (12.3%)
(RDMA_READ_CONSUME_CHECK_CONSUMER) timestamp=10094 ms, used_size=5040128 bytes (12.3%)
(RDMA_READ_CONSUME_CHECK_CONSUMER) timestamp=10094 ms, used_size=5038080 bytes (12.3%)
(RDMA_READ_CONSUME_CHECK_CONSUMER) timestamp=10094 ms, used_size=5036032 bytes (12.3%)
(RDMA_READ_CONSUME_CHECK_CONSUMER) timestamp=10094 ms, used_size=5033984 bytes (12.3%)
(RDMA_READ_CONSUME_CHECK_CONSUMER) timestamp=10094 ms, used_size=5031936 bytes (12.3%)
(RDMA_READ_CONSUME_CHECK_CONSUMER) timestamp=10094 ms, used_size=5029888 bytes (12.3%)
(RDMA_READ_CONSUME_CHECK_CONSUMER) timestamp=10094 ms, used_size=5027840 bytes (12.3%)
(RDMA_READ_CONSUME_CHECK_CONSUMER) timestamp=10094 ms, used_size=5025792 bytes (12.3%)
(RDMA_READ_CONSUME_CHECK_CONSUMER) timestamp=10094 ms, used_size=5023744 bytes (12.3%)
(RDMA_READ_CONSUME_CHECK_CONSUMER) timestamp=10094 ms, used_size=5021696 bytes (12.3%)
(RDMA_READ_CONSUME_CHECK_CONSUMER) timestamp=10094 ms, used_size=5019648 bytes (12.3%)
(RDMA_READ_CONSUME_CHECK_CONSUMER) timestamp=10094 ms, used_size=5017600 bytes (12.2%)
(RDMA_READ_CONSUME_CHECK_CONSUMER) timestamp=10094 ms, used_size=5015552 bytes (12.2%)
(RDMA_READ_CONSUME_CHECK_CONSUMER) timestamp=10094 ms, used_size=5013504 bytes (12.2%)
(RDMA_READ_CONSUME_CHECK_CONSUMER) timestamp=10094 ms, used_size=5011456 bytes (12.2%)
(RDMA_READ_CONSUME_CHECK_CONSUMER) timestamp=10094 ms, used_size=5009408 bytes (12.2%)
(RDMA_READ_CONSUME_CHECK_CONSUMER) timestamp=10094 ms, used_size=5007360 bytes (12.2%)
(RDMA_READ_CONSUME_CHECK_CONSUMER) timestamp=10094 ms, used_size=5005312 bytes (12.2%)
(RDMA_READ_CONSUME_CHECK_CONSUMER) timestamp=10094 ms, used_size=5003264 bytes (12.2%)
(RDMA_READ_CONSUME_CHECK_CONSUMER) timestamp=10094 ms, used_size=5001216 bytes (12.2%)
(RDMA_READ_CONSUME_CHECK_CONSUMER) timestamp=10094 ms, used_size=4999168 bytes (12.2%)
(RDMA_READ_CONSUME_CHECK_CONSUMER) timestamp=10094 ms, used_size=4997120 bytes (12.2%)
(RDMA_READ_CONSUME_CHECK_CONSUMER) timestamp=10094 ms, used_size=4995072 bytes (12.2%)
(RDMA_READ_CONSUME_CHECK_CONSUMER) timestamp=10094 ms, used_size=4993024 bytes (12.2%)
(RDMA_READ_CONSUME_CHECK_CONSUMER) timestamp=10094 ms, used_size=4990976 bytes (12.2%)
(RDMA_READ_CONSUME_CHECK_CONSUMER) timestamp=10094 ms, used_size=4988928 bytes (12.2%)
(RDMA_READ_CONSUME_CHECK_CONSUMER) timestamp=10094 ms, used_size=4986880 bytes (12.2%)
(RDMA_READ_CONSUME_CHECK_CONSUMER) timestamp=10094 ms, used_size=4984832 bytes (12.2%)
(RDMA_READ_CONSUME_CHECK_CONSUMER) timestamp=10094 ms, used_size=4982784 bytes (12.2%)
(RDMA_READ_CONSUME_CHECK_CONSUMER) timestamp=10094 ms, used_size=4980736 bytes (12.2%)
(RDMA_READ_CONSUME_CHECK_CONSUMER) timestamp=10094 ms, used_size=4978688 bytes (12.2%)
(RDMA_READ_CONSUME_CHECK_CONSUMER) timestamp=10094 ms, used_size=4976640 bytes (12.2%)
(RDMA_READ_CONSUME_CHECK_CONSUMER) timestamp=10094 ms, used_size=4974592 bytes (12.1%)
(RDMA_READ_CONSUME_CHECK_CONSUMER) timestamp=10094 ms, used_size=4972544 bytes (12.1%)
(RDMA_READ_CONSUME_CHECK_CONSUMER) timestamp=10094 ms, used_size=4970496 bytes (12.1%)
(RDMA_READ_CONSUME_CHECK_CONSUMER) timestamp=10094 ms, used_size=4968448 bytes (12.1%)
(RDMA_READ_CONSUME_CHECK_CONSUMER) timestamp=10094 ms, used_size=4966400 bytes (12.1%)
(RDMA_READ_CONSUME_CHECK_CONSUMER) timestamp=10094 ms, used_size=4964352 bytes (12.1%)
(RDMA_READ_CONSUME_CHECK_CONSUMER) timestamp=10094 ms, used_size=4962304 bytes (12.1%)
(RDMA_READ_CONSUME_CHECK_CONSUMER) timestamp=10094 ms, used_size=4960256 bytes (12.1%)
(RDMA_READ_CONSUME_CHECK_CONSUMER) timestamp=10094 ms, used_size=4958208 bytes (12.1%)
(RDMA_READ_CONSUME_CHECK_CONSUMER) timestamp=10094 ms, used_size=4956160 bytes (12.1%)
(RDMA_READ_CONSUME_CHECK_CONSUMER) timestamp=10094 ms, used_size=4954112 bytes (12.1%)
(RDMA_READ_CONSUME_CHECK_CONSUMER) timestamp=10094 ms, used_size=4952064 bytes (12.1%)
(RDMA_READ_CONSUME_CHECK_CONSUMER) timestamp=10094 ms, used_size=4950016 bytes (12.1%)
(RDMA_READ_CONSUME_CHECK_CONSUMER) timestamp=10094 ms, used_size=4947968 bytes (12.1%)
(RDMA_READ_CONSUME_CHECK_CONSUMER) timestamp=10094 ms, used_size=4945920 bytes (12.1%)
(RDMA_READ_CONSUME_CHECK_CONSUMER) timestamp=10094 ms, used_size=4943872 bytes (12.1%)
(RDMA_READ_CONSUME_CHECK_CONSUMER) timestamp=10094 ms, used_size=4941824 bytes (12.1%)
(RDMA_READ_CONSUME_CHECK_CONSUMER) timestamp=10094 ms, used_size=4939776 bytes (12.1%)
(RDMA_READ_CONSUME_CHECK_CONSUMER) timestamp=10094 ms, used_size=4937728 bytes (12.1%)
(RDMA_READ_CONSUME_CHECK_CONSUMER) timestamp=10094 ms, used_size=4935680 bytes (12.1%)
(RDMA_READ_CONSUME_CHECK_CONSUMER) timestamp=10094 ms, used_size=4933632 bytes (12.0%)
(RDMA_READ_CONSUME_CHECK_CONSUMER) timestamp=10094 ms, used_size=4931584 bytes (12.0%)
(RDMA_READ_CONSUME_CHECK_CONSUMER) timestamp=10094 ms, used_size=4929536 bytes (12.0%)
(RDMA_READ_CONSUME_CHECK_CONSUMER) timestamp=10094 ms, used_size=4927488 bytes (12.0%)
(RDMA_READ_CONSUME_CHECK_CONSUMER) timestamp=10094 ms, used_size=4925440 bytes (12.0%)
(RDMA_READ_CONSUME_CHECK_CONSUMER) timestamp=10094 ms, used_size=4923392 bytes (12.0%)
(RDMA_READ_CONSUME_CHECK_CONSUMER) timestamp=10094 ms, used_size=4921344 bytes (12.0%)
(RDMA_READ_CONSUME_CHECK_CONSUMER) timestamp=10094 ms, used_size=4919296 bytes (12.0%)
(RDMA_READ_CONSUME_CHECK_CONSUMER) timestamp=10094 ms, used_size=4917248 bytes (12.0%)
(RDMA_READ_CONSUME_CHECK_CONSUMER) timestamp=10094 ms, used_size=4915200 bytes (12.0%)
(RDMA_READ_CONSUME_CHECK_CONSUMER) timestamp=10094 ms, used_size=4913152 bytes (12.0%)
(RDMA_READ_CONSUME_CHECK_CONSUMER) timestamp=10094 ms, used_size=4911104 bytes (12.0%)
(RDMA_READ_CONSUME_CHECK_CONSUMER) timestamp=10094 ms, used_size=4909056 bytes (12.0%)
(RDMA_READ_CONSUME_CHECK_CONSUMER) timestamp=10094 ms, used_size=4907008 bytes (12.0%)
(RDMA_READ_CONSUME_CHECK_CONSUMER) timestamp=10094 ms, used_size=4904960 bytes (12.0%)
(RDMA_READ_CONSUME_CHECK_CONSUMER) timestamp=10094 ms, used_size=4902912 bytes (12.0%)
(RDMA_READ_CONSUME_CHECK_CONSUMER) timestamp=10094 ms, used_size=4900864 bytes (12.0%)
(RDMA_READ_CONSUME_CHECK_CONSUMER) timestamp=10094 ms, used_size=4898816 bytes (12.0%)
(RDMA_READ_CONSUME_CHECK_CONSUMER) timestamp=10094 ms, used_size=4896768 bytes (12.0%)
(RDMA_READ_CONSUME_CHECK_CONSUMER) timestamp=10094 ms, used_size=4894720 bytes (11.9%)
(RDMA_READ_CONSUME_CHECK_CONSUMER) timestamp=10094 ms, used_size=4892672 bytes (11.9%)
(RDMA_READ_CONSUME_CHECK_CONSUMER) timestamp=10094 ms, used_size=4890624 bytes (11.9%)
(RDMA_READ_CONSUME_CHECK_CONSUMER) timestamp=10094 ms, used_size=4888576 bytes (11.9%)
(RDMA_READ_CONSUME_CHECK_CONSUMER) timestamp=10094 ms, used_size=4886528 bytes (11.9%)
(RDMA_READ_CONSUME_CHECK_CONSUMER) timestamp=10094 ms, used_size=4884480 bytes (11.9%)
(RDMA_READ_CONSUME_CHECK_CONSUMER) timestamp=10094 ms, used_size=4882432 bytes (11.9%)
(RDMA_READ_CONSUME_CHECK_CONSUMER) timestamp=10094 ms, used_size=4880384 bytes (11.9%)
(RDMA_READ_CONSUME_CHECK_CONSUMER) timestamp=10094 ms, used_size=4878336 bytes (11.9%)
(RDMA_READ_CONSUME_CHECK_CONSUMER) timestamp=10094 ms, used_size=4876288 bytes (11.9%)
(RDMA_READ_CONSUME_CHECK_CONSUMER) timestamp=10094 ms, used_size=4874240 bytes (11.9%)
(RDMA_READ_CONSUME_CHECK_CONSUMER) timestamp=10094 ms, used_size=4872192 bytes (11.9%)
(RDMA_READ_CONSUME_CHECK_CONSUMER) timestamp=10094 ms, used_size=4870144 bytes (11.9%)
(RDMA_READ_CONSUME_CHECK_CONSUMER) timestamp=10095 ms, used_size=4868096 bytes (11.9%)
(RDMA_READ_CONSUME_CHECK_CONSUMER) timestamp=10095 ms, used_size=4866048 bytes (11.9%)
(RDMA_READ_CONSUME_CHECK_CONSUMER) timestamp=10095 ms, used_size=4864000 bytes (11.9%)
(RDMA_READ_CONSUME_CHECK_CONSUMER) timestamp=10095 ms, used_size=4861952 bytes (11.9%)
(RDMA_READ_CONSUME_CHECK_CONSUMER) timestamp=10095 ms, used_size=4859904 bytes (11.9%)
(RDMA_READ_CONSUME_CHECK_CONSUMER) timestamp=10095 ms, used_size=4857856 bytes (11.9%)
(RDMA_READ_CONSUME_CHECK_CONSUMER) timestamp=10095 ms, used_size=4855808 bytes (11.9%)
(RDMA_READ_CONSUME_CHECK_CONSUMER) timestamp=10095 ms, used_size=4853760 bytes (11.8%)
(RDMA_READ_CONSUME_CHECK_CONSUMER) timestamp=10095 ms, used_size=4851712 bytes (11.8%)
(RDMA_READ_CONSUME_CHECK_CONSUMER) timestamp=10095 ms, used_size=4849664 bytes (11.8%)
(RDMA_READ_CONSUME_CHECK_CONSUMER) timestamp=10095 ms, used_size=4847616 bytes (11.8%)
(RDMA_READ_CONSUME_CHECK_CONSUMER) timestamp=10095 ms, used_size=4845568 bytes (11.8%)
(RDMA_READ_CONSUME_CHECK_CONSUMER) timestamp=10095 ms, used_size=4843520 bytes (11.8%)
(RDMA_READ_CONSUME_CHECK_CONSUMER) timestamp=10095 ms, used_size=4841472 bytes (11.8%)
(RDMA_READ_CONSUME_CHECK_CONSUMER) timestamp=10095 ms, used_size=4839424 bytes (11.8%)
(RDMA_READ_CONSUME_CHECK_CONSUMER) timestamp=10095 ms, used_size=4837376 bytes (11.8%)
(RDMA_READ_CONSUME_CHECK_CONSUMER) timestamp=10095 ms, used_size=4835328 bytes (11.8%)
(RDMA_READ_CONSUME_CHECK_CONSUMER) timestamp=10095 ms, used_size=4833280 bytes (11.8%)
(RDMA_READ_CONSUME_CHECK_CONSUMER) timestamp=10095 ms, used_size=4831232 bytes (11.8%)
(RDMA_READ_CONSUME_CHECK_CONSUMER) timestamp=10095 ms, used_size=4829184 bytes (11.8%)
(RDMA_READ_CONSUME_CHECK_CONSUMER) timestamp=10095 ms, used_size=4827136 bytes (11.8%)
(RDMA_READ_CONSUME_CHECK_CONSUMER) timestamp=10095 ms, used_size=4825088 bytes (11.8%)
(RDMA_READ_CONSUME_CHECK_CONSUMER) timestamp=10095 ms, used_size=4823040 bytes (11.8%)
(RDMA_READ_CONSUME_CHECK_CONSUMER) timestamp=10095 ms, used_size=4820992 bytes (11.8%)
(RDMA_READ_CONSUME_CHECK_CONSUMER) timestamp=10095 ms, used_size=4818944 bytes (11.8%)
(RDMA_READ_CONSUME_CHECK_CONSUMER) timestamp=10095 ms, used_size=4816896 bytes (11.8%)
(RDMA_READ_CONSUME_CHECK_CONSUMER) timestamp=10095 ms, used_size=4814848 bytes (11.8%)
(RDMA_READ_CONSUME_CHECK_CONSUMER) timestamp=10095 ms, used_size=4812800 bytes (11.8%)
(RDMA_READ_CONSUME_CHECK_CONSUMER) timestamp=10095 ms, used_size=4810752 bytes (11.7%)
(RDMA_READ_CONSUME_CHECK_CONSUMER) timestamp=10095 ms, used_size=4808704 bytes (11.7%)
(RDMA_READ_CONSUME_CHECK_CONSUMER) timestamp=10095 ms, used_size=4806656 bytes (11.7%)
(RDMA_READ_CONSUME_CHECK_CONSUMER) timestamp=10095 ms, used_size=4804608 bytes (11.7%)
(RDMA_READ_CONSUME_CHECK_CONSUMER) timestamp=10095 ms, used_size=4802560 bytes (11.7%)
(RDMA_READ_CONSUME_CHECK_CONSUMER) timestamp=10095 ms, used_size=4800512 bytes (11.7%)
(RDMA_READ_CONSUME_CHECK_CONSUMER) timestamp=10095 ms, used_size=4798464 bytes (11.7%)
(RDMA_READ_CONSUME_CHECK_CONSUMER) timestamp=10095 ms, used_size=4796416 bytes (11.7%)
(RDMA_READ_CONSUME_CHECK_CONSUMER) timestamp=10095 ms, used_size=4794368 bytes (11.7%)
(RDMA_READ_CONSUME_CHECK_CONSUMER) timestamp=10095 ms, used_size=4792320 bytes (11.7%)
(RDMA_READ_CONSUME_CHECK_CONSUMER) timestamp=10095 ms, used_size=4790272 bytes (11.7%)
(RDMA_READ_CONSUME_CHECK_CONSUMER) timestamp=10095 ms, used_size=4788224 bytes (11.7%)
(RDMA_READ_CONSUME_CHECK_CONSUMER) timestamp=10095 ms, used_size=4786176 bytes (11.7%)
(RDMA_READ_CONSUME_CHECK_CONSUMER) timestamp=10095 ms, used_size=4784128 bytes (11.7%)
(RDMA_READ_CONSUME_CHECK_CONSUMER) timestamp=10095 ms, used_size=4782080 bytes (11.7%)
(RDMA_READ_CONSUME_CHECK_CONSUMER) timestamp=10095 ms, used_size=4780032 bytes (11.7%)
(RDMA_READ_CONSUME_CHECK_CONSUMER) timestamp=10095 ms, used_size=4777984 bytes (11.7%)
(RDMA_READ_CONSUME_CHECK_CONSUMER) timestamp=10095 ms, used_size=4775936 bytes (11.7%)
(RDMA_READ_CONSUME_CHECK_CONSUMER) timestamp=10095 ms, used_size=4773888 bytes (11.7%)
(RDMA_READ_CONSUME_CHECK_CONSUMER) timestamp=10095 ms, used_size=4771840 bytes (11.7%)
(RDMA_READ_CONSUME_CHECK_CONSUMER) timestamp=10095 ms, used_size=4769792 bytes (11.6%)
(RDMA_READ_CONSUME_CHECK_CONSUMER) timestamp=10095 ms, used_size=4767744 bytes (11.6%)
(RDMA_READ_CONSUME_CHECK_CONSUMER) timestamp=10095 ms, used_size=4765696 bytes (11.6%)
(RDMA_READ_CONSUME_CHECK_CONSUMER) timestamp=10095 ms, used_size=4763648 bytes (11.6%)
(RDMA_READ_CONSUME_CHECK_CONSUMER) timestamp=10095 ms, used_size=4761600 bytes (11.6%)
(RDMA_READ_CONSUME_CHECK_CONSUMER) timestamp=10095 ms, used_size=4759552 bytes (11.6%)
(RDMA_READ_CONSUME_CHECK_CONSUMER) timestamp=10095 ms, used_size=4757504 bytes (11.6%)
(RDMA_READ_CONSUME_CHECK_CONSUMER) timestamp=10095 ms, used_size=4755456 bytes (11.6%)
(RDMA_READ_CONSUME_CHECK_CONSUMER) timestamp=10095 ms, used_size=4753408 bytes (11.6%)
(RDMA_READ_CONSUME_CHECK_CONSUMER) timestamp=10095 ms, used_size=4751360 bytes (11.6%)
(RDMA_READ_CONSUME_CHECK_CONSUMER) timestamp=10095 ms, used_size=4749312 bytes (11.6%)
(RDMA_READ_CONSUME_CHECK_CONSUMER) timestamp=10095 ms, used_size=4747264 bytes (11.6%)
(RDMA_READ_CONSUME_CHECK_CONSUMER) timestamp=10095 ms, used_size=4745216 bytes (11.6%)
(RDMA_READ_CONSUME_CHECK_CONSUMER) timestamp=10095 ms, used_size=4743168 bytes (11.6%)
(RDMA_READ_CONSUME_CHECK_CONSUMER) timestamp=10095 ms, used_size=4741120 bytes (11.6%)
(RDMA_READ_CONSUME_CHECK_CONSUMER) timestamp=10095 ms, used_size=4739072 bytes (11.6%)
(RDMA_READ_CONSUME_CHECK_CONSUMER) timestamp=10095 ms, used_size=4737024 bytes (11.6%)
(RDMA_READ_CONSUME_CHECK_CONSUMER) timestamp=10095 ms, used_size=4734976 bytes (11.6%)
(RDMA_READ_CONSUME_CHECK_CONSUMER) timestamp=10095 ms, used_size=4732928 bytes (11.6%)
(RDMA_READ_CONSUME_CHECK_CONSUMER) timestamp=10095 ms, used_size=4730880 bytes (11.6%)
(RDMA_READ_CONSUME_CHECK_CONSUMER) timestamp=10095 ms, used_size=4728832 bytes (11.5%)
(RDMA_READ_CONSUME_CHECK_CONSUMER) timestamp=10095 ms, used_size=4726784 bytes (11.5%)
(RDMA_READ_CONSUME_CHECK_CONSUMER) timestamp=10095 ms, used_size=4724736 bytes (11.5%)
(RDMA_READ_CONSUME_CHECK_CONSUMER) timestamp=10095 ms, used_size=4722688 bytes (11.5%)
(RDMA_READ_CONSUME_CHECK_CONSUMER) timestamp=10095 ms, used_size=4720640 bytes (11.5%)
(RDMA_READ_CONSUME_CHECK_CONSUMER) timestamp=10095 ms, used_size=4718592 bytes (11.5%)
(RDMA_READ_CONSUME_CHECK_CONSUMER) timestamp=10095 ms, used_size=4716544 bytes (11.5%)
(RDMA_READ_CONSUME_CHECK_CONSUMER) timestamp=10095 ms, used_size=4714496 bytes (11.5%)
(RDMA_READ_CONSUME_CHECK_CONSUMER) timestamp=10095 ms, used_size=4712448 bytes (11.5%)
(RDMA_READ_CONSUME_CHECK_CONSUMER) timestamp=10095 ms, used_size=4710400 bytes (11.5%)
(RDMA_READ_CONSUME_CHECK_CONSUMER) timestamp=10095 ms, used_size=4708352 bytes (11.5%)
(RDMA_READ_CONSUME_CHECK_CONSUMER) timestamp=10095 ms, used_size=4706304 bytes (11.5%)
(RDMA_READ_CONSUME_CHECK_CONSUMER) timestamp=10095 ms, used_size=4704256 bytes (11.5%)
(RDMA_READ_CONSUME_CHECK_CONSUMER) timestamp=10095 ms, used_size=4702208 bytes (11.5%)
(RDMA_READ_CONSUME_CHECK_CONSUMER) timestamp=10095 ms, used_size=4700160 bytes (11.5%)
(RDMA_READ_CONSUME_CHECK_CONSUMER) timestamp=10095 ms, used_size=4698112 bytes (11.5%)
(RDMA_READ_CONSUME_CHECK_CONSUMER) timestamp=10095 ms, used_size=4696064 bytes (11.5%)
(RDMA_READ_CONSUME_CHECK_CONSUMER) timestamp=10095 ms, used_size=4694016 bytes (11.5%)
(RDMA_READ_CONSUME_CHECK_CONSUMER) timestamp=10095 ms, used_size=4691968 bytes (11.5%)
(RDMA_READ_CONSUME_CHECK_CONSUMER) timestamp=10095 ms, used_size=4689920 bytes (11.4%)
(RDMA_READ_CONSUME_CHECK_CONSUMER) timestamp=10095 ms, used_size=4687872 bytes (11.4%)
(RDMA_READ_CONSUME_CHECK_CONSUMER) timestamp=10095 ms, used_size=4685824 bytes (11.4%)
(RDMA_READ_CONSUME_CHECK_CONSUMER) timestamp=10095 ms, used_size=4683776 bytes (11.4%)
(RDMA_READ_CONSUME_CHECK_CONSUMER) timestamp=10095 ms, used_size=4681728 bytes (11.4%)
(RDMA_READ_CONSUME_CHECK_CONSUMER) timestamp=10095 ms, used_size=4679680 bytes (11.4%)
(RDMA_READ_CONSUME_CHECK_CONSUMER) timestamp=10095 ms, used_size=4677632 bytes (11.4%)
(RDMA_READ_CONSUME_CHECK_CONSUMER) timestamp=10095 ms, used_size=4675584 bytes (11.4%)
(RDMA_READ_CONSUME_CHECK_CONSUMER) timestamp=10095 ms, used_size=4673536 bytes (11.4%)
(RDMA_READ_CONSUME_CHECK_CONSUMER) timestamp=10095 ms, used_size=4671488 bytes (11.4%)
(RDMA_READ_CONSUME_CHECK_CONSUMER) timestamp=10095 ms, used_size=4669440 bytes (11.4%)
(RDMA_READ_CONSUME_CHECK_CONSUMER) timestamp=10095 ms, used_size=4667392 bytes (11.4%)
(RDMA_READ_CONSUME_CHECK_CONSUMER) timestamp=10095 ms, used_size=4665344 bytes (11.4%)
(RDMA_READ_CONSUME_CHECK_CONSUMER) timestamp=10095 ms, used_size=4663296 bytes (11.4%)
(RDMA_READ_CONSUME_CHECK_CONSUMER) timestamp=10095 ms, used_size=4661248 bytes (11.4%)
(RDMA_READ_CONSUME_CHECK_CONSUMER) timestamp=10095 ms, used_size=4659200 bytes (11.4%)
(RDMA_READ_CONSUME_CHECK_CONSUMER) timestamp=10095 ms, used_size=4657152 bytes (11.4%)
(RDMA_READ_CONSUME_CHECK_CONSUMER) timestamp=10095 ms, used_size=4655104 bytes (11.4%)
(RDMA_READ_CONSUME_CHECK_CONSUMER) timestamp=10095 ms, used_size=4653056 bytes (11.4%)
(RDMA_READ_CONSUME_CHECK_CONSUMER) timestamp=10095 ms, used_size=4651008 bytes (11.4%)
(RDMA_READ_CONSUME_CHECK_CONSUMER) timestamp=10095 ms, used_size=4648960 bytes (11.3%)
(RDMA_READ_CONSUME_CHECK_CONSUMER) timestamp=10095 ms, used_size=4646912 bytes (11.3%)
(RDMA_READ_CONSUME_CHECK_CONSUMER) timestamp=10095 ms, used_size=4644864 bytes (11.3%)
(RDMA_READ_CONSUME_CHECK_CONSUMER) timestamp=10095 ms, used_size=4642816 bytes (11.3%)
(RDMA_READ_CONSUME_CHECK_CONSUMER) timestamp=10095 ms, used_size=4640768 bytes (11.3%)
(RDMA_READ_CONSUME_CHECK_CONSUMER) timestamp=10095 ms, used_size=4638720 bytes (11.3%)
(RDMA_READ_CONSUME_CHECK_CONSUMER) timestamp=10095 ms, used_size=4636672 bytes (11.3%)
(RDMA_READ_CONSUME_CHECK_CONSUMER) timestamp=10095 ms, used_size=4634624 bytes (11.3%)
(RDMA_READ_CONSUME_CHECK_CONSUMER) timestamp=10095 ms, used_size=4632576 bytes (11.3%)
(RDMA_READ_CONSUME_CHECK_CONSUMER) timestamp=10095 ms, used_size=4630528 bytes (11.3%)
(RDMA_READ_CONSUME_CHECK_CONSUMER) timestamp=10095 ms, used_size=4628480 bytes (11.3%)
(RDMA_READ_CONSUME_CHECK_CONSUMER) timestamp=10095 ms, used_size=4626432 bytes (11.3%)
(RDMA_READ_CONSUME_CHECK_CONSUMER) timestamp=10095 ms, used_size=4624384 bytes (11.3%)
(RDMA_READ_CONSUME_CHECK_CONSUMER) timestamp=10095 ms, used_size=4622336 bytes (11.3%)
(RDMA_READ_CONSUME_CHECK_CONSUMER) timestamp=10095 ms, used_size=4620288 bytes (11.3%)
(RDMA_READ_CONSUME_CHECK_CONSUMER) timestamp=10095 ms, used_size=4618240 bytes (11.3%)
(RDMA_READ_CONSUME_CHECK_CONSUMER) timestamp=10095 ms, used_size=4616192 bytes (11.3%)
(RDMA_READ_CONSUME_CHECK_CONSUMER) timestamp=10095 ms, used_size=4614144 bytes (11.3%)
(RDMA_READ_CONSUME_CHECK_CONSUMER) timestamp=10095 ms, used_size=4612096 bytes (11.3%)
(RDMA_READ_CONSUME_CHECK_CONSUMER) timestamp=10095 ms, used_size=4610048 bytes (11.3%)
(RDMA_READ_CONSUME_CHECK_CONSUMER) timestamp=10095 ms, used_size=4608000 bytes (11.2%)
(RDMA_READ_CONSUME_CHECK_CONSUMER) timestamp=10095 ms, used_size=4605952 bytes (11.2%)
(RDMA_READ_CONSUME_CHECK_CONSUMER) timestamp=10095 ms, used_size=4603904 bytes (11.2%)
(RDMA_READ_CONSUME_CHECK_CONSUMER) timestamp=10095 ms, used_size=4601856 bytes (11.2%)
(RDMA_READ_CONSUME_CHECK_CONSUMER) timestamp=10095 ms, used_size=4599808 bytes (11.2%)
(RDMA_READ_CONSUME_CHECK_CONSUMER) timestamp=10095 ms, used_size=4597760 bytes (11.2%)
(RDMA_READ_CONSUME_CHECK_CONSUMER) timestamp=10095 ms, used_size=4595712 bytes (11.2%)
(RDMA_READ_CONSUME_CHECK_CONSUMER) timestamp=10095 ms, used_size=4593664 bytes (11.2%)
(RDMA_READ_CONSUME_CHECK_CONSUMER) timestamp=10095 ms, used_size=4591616 bytes (11.2%)
(RDMA_READ_CONSUME_CHECK_CONSUMER) timestamp=10095 ms, used_size=4589568 bytes (11.2%)
(RDMA_READ_CONSUME_CHECK_CONSUMER) timestamp=10095 ms, used_size=4587520 bytes (11.2%)
(RDMA_READ_CONSUME_CHECK_CONSUMER) timestamp=10095 ms, used_size=4585472 bytes (11.2%)
(RDMA_READ_CONSUME_CHECK_CONSUMER) timestamp=10095 ms, used_size=4583424 bytes (11.2%)
(RDMA_READ_CONSUME_CHECK_CONSUMER) timestamp=10095 ms, used_size=4581376 bytes (11.2%)
(RDMA_READ_CONSUME_CHECK_CONSUMER) timestamp=10095 ms, used_size=4579328 bytes (11.2%)
(RDMA_READ_CONSUME_CHECK_CONSUMER) timestamp=10095 ms, used_size=4577280 bytes (11.2%)
(RDMA_READ_CONSUME_CHECK_CONSUMER) timestamp=10095 ms, used_size=4575232 bytes (11.2%)
(RDMA_READ_CONSUME_CHECK_CONSUMER) timestamp=10095 ms, used_size=4573184 bytes (11.2%)
(RDMA_READ_CONSUME_CHECK_CONSUMER) timestamp=10095 ms, used_size=4571136 bytes (11.2%)
(RDMA_READ_CONSUME_CHECK_CONSUMER) timestamp=10095 ms, used_size=4569088 bytes (11.2%)
(RDMA_READ_CONSUME_CHECK_CONSUMER) timestamp=10095 ms, used_size=4567040 bytes (11.2%)
(RDMA_READ_CONSUME_CHECK_CONSUMER) timestamp=10095 ms, used_size=4564992 bytes (11.1%)
(RDMA_READ_CONSUME_CHECK_CONSUMER) timestamp=10095 ms, used_size=4562944 bytes (11.1%)
(RDMA_READ_CONSUME_CHECK_CONSUMER) timestamp=10095 ms, used_size=4560896 bytes (11.1%)
(RDMA_READ_CONSUME_CHECK_CONSUMER) timestamp=10095 ms, used_size=4558848 bytes (11.1%)
(RDMA_READ_CONSUME_CHECK_CONSUMER) timestamp=10095 ms, used_size=4556800 bytes (11.1%)
(RDMA_READ_CONSUME_CHECK_CONSUMER) timestamp=10095 ms, used_size=4554752 bytes (11.1%)
(RDMA_READ_CONSUME_CHECK_CONSUMER) timestamp=10095 ms, used_size=4552704 bytes (11.1%)
(RDMA_READ_CONSUME_CHECK_CONSUMER) timestamp=10095 ms, used_size=4550656 bytes (11.1%)
(RDMA_READ_CONSUME_CHECK_CONSUMER) timestamp=10095 ms, used_size=4548608 bytes (11.1%)
(RDMA_READ_CONSUME_CHECK_CONSUMER) timestamp=10095 ms, used_size=4546560 bytes (11.1%)
(RDMA_READ_CONSUME_CHECK_CONSUMER) timestamp=10095 ms, used_size=4544512 bytes (11.1%)
(RDMA_READ_CONSUME_CHECK_CONSUMER) timestamp=10095 ms, used_size=4542464 bytes (11.1%)
(RDMA_READ_CONSUME_CHECK_CONSUMER) timestamp=10095 ms, used_size=4540416 bytes (11.1%)
(RDMA_READ_CONSUME_CHECK_CONSUMER) timestamp=10095 ms, used_size=4538368 bytes (11.1%)
(RDMA_READ_CONSUME_CHECK_CONSUMER) timestamp=10095 ms, used_size=4536320 bytes (11.1%)
(RDMA_READ_CONSUME_CHECK_CONSUMER) timestamp=10095 ms, used_size=4534272 bytes (11.1%)
(RDMA_READ_CONSUME_CHECK_CONSUMER) timestamp=10095 ms, used_size=4532224 bytes (11.1%)
(RDMA_READ_CONSUME_CHECK_CONSUMER) timestamp=10095 ms, used_size=4530176 bytes (11.1%)
(RDMA_READ_CONSUME_CHECK_CONSUMER) timestamp=10095 ms, used_size=4528128 bytes (11.1%)
(RDMA_READ_CONSUME_CHECK_CONSUMER) timestamp=10095 ms, used_size=4526080 bytes (11.1%)
(RDMA_READ_CONSUME_CHECK_CONSUMER) timestamp=10095 ms, used_size=4524032 bytes (11.0%)
(RDMA_READ_CONSUME_CHECK_CONSUMER) timestamp=10095 ms, used_size=4521984 bytes (11.0%)
(RDMA_READ_CONSUME_CHECK_CONSUMER) timestamp=10095 ms, used_size=4519936 bytes (11.0%)
(RDMA_READ_CONSUME_CHECK_CONSUMER) timestamp=10095 ms, used_size=4517888 bytes (11.0%)
(RDMA_READ_CONSUME_CHECK_CONSUMER) timestamp=10095 ms, used_size=4515840 bytes (11.0%)
(RDMA_READ_CONSUME_CHECK_CONSUMER) timestamp=10096 ms, used_size=4513792 bytes (11.0%)
(RDMA_READ_CONSUME_CHECK_CONSUMER) timestamp=10096 ms, used_size=4511744 bytes (11.0%)
(RDMA_READ_CONSUME_CHECK_CONSUMER) timestamp=10096 ms, used_size=4509696 bytes (11.0%)
(RDMA_READ_CONSUME_CHECK_CONSUMER) timestamp=10096 ms, used_size=4507648 bytes (11.0%)
(RDMA_READ_CONSUME_CHECK_CONSUMER) timestamp=10096 ms, used_size=4505600 bytes (11.0%)
(RDMA_READ_CONSUME_CHECK_CONSUMER) timestamp=10096 ms, used_size=4503552 bytes (11.0%)
(RDMA_READ_CONSUME_CHECK_CONSUMER) timestamp=10096 ms, used_size=4501504 bytes (11.0%)
(RDMA_READ_CONSUME_CHECK_CONSUMER) timestamp=10096 ms, used_size=4499456 bytes (11.0%)
(RDMA_READ_CONSUME_CHECK_CONSUMER) timestamp=10096 ms, used_size=4497408 bytes (11.0%)
(RDMA_READ_CONSUME_CHECK_CONSUMER) timestamp=10096 ms, used_size=4495360 bytes (11.0%)
(RDMA_READ_CONSUME_CHECK_CONSUMER) timestamp=10096 ms, used_size=4493312 bytes (11.0%)
(RDMA_READ_CONSUME_CHECK_CONSUMER) timestamp=10096 ms, used_size=4491264 bytes (11.0%)
(RDMA_READ_CONSUME_CHECK_CONSUMER) timestamp=10096 ms, used_size=4489216 bytes (11.0%)
(RDMA_READ_CONSUME_CHECK_CONSUMER) timestamp=10096 ms, used_size=4487168 bytes (11.0%)
(RDMA_READ_CONSUME_CHECK_CONSUMER) timestamp=10096 ms, used_size=4485120 bytes (10.9%)
(RDMA_READ_CONSUME_CHECK_CONSUMER) timestamp=10096 ms, used_size=4483072 bytes (10.9%)
(RDMA_READ_CONSUME_CHECK_CONSUMER) timestamp=10096 ms, used_size=4481024 bytes (10.9%)
(RDMA_READ_CONSUME_CHECK_CONSUMER) timestamp=10096 ms, used_size=4478976 bytes (10.9%)
(RDMA_READ_CONSUME_CHECK_CONSUMER) timestamp=10096 ms, used_size=4476928 bytes (10.9%)
(RDMA_READ_CONSUME_CHECK_CONSUMER) timestamp=10096 ms, used_size=4474880 bytes (10.9%)
(RDMA_READ_CONSUME_CHECK_CONSUMER) timestamp=10096 ms, used_size=4472832 bytes (10.9%)
(RDMA_READ_CONSUME_CHECK_CONSUMER) timestamp=10096 ms, used_size=4470784 bytes (10.9%)
(RDMA_READ_CONSUME_CHECK_CONSUMER) timestamp=10096 ms, used_size=4468736 bytes (10.9%)
(RDMA_READ_CONSUME_CHECK_CONSUMER) timestamp=10096 ms, used_size=4466688 bytes (10.9%)
(RDMA_READ_CONSUME_CHECK_CONSUMER) timestamp=10096 ms, used_size=4464640 bytes (10.9%)
(RDMA_READ_CONSUME_CHECK_CONSUMER) timestamp=10096 ms, used_size=4462592 bytes (10.9%)
(RDMA_READ_CONSUME_CHECK_CONSUMER) timestamp=10096 ms, used_size=4460544 bytes (10.9%)
(RDMA_READ_CONSUME_CHECK_CONSUMER) timestamp=10096 ms, used_size=4458496 bytes (10.9%)
(RDMA_READ_CONSUME_CHECK_CONSUMER) timestamp=10096 ms, used_size=4456448 bytes (10.9%)
(RDMA_READ_CONSUME_CHECK_CONSUMER) timestamp=10096 ms, used_size=4454400 bytes (10.9%)
(RDMA_READ_CONSUME_CHECK_CONSUMER) timestamp=10096 ms, used_size=4452352 bytes (10.9%)
(RDMA_READ_CONSUME_CHECK_CONSUMER) timestamp=10096 ms, used_size=4450304 bytes (10.9%)
(RDMA_READ_CONSUME_CHECK_CONSUMER) timestamp=10096 ms, used_size=4448256 bytes (10.9%)
(RDMA_READ_CONSUME_CHECK_CONSUMER) timestamp=10096 ms, used_size=4446208 bytes (10.9%)
(RDMA_READ_CONSUME_CHECK_CONSUMER) timestamp=10096 ms, used_size=4444160 bytes (10.8%)
(RDMA_READ_CONSUME_CHECK_CONSUMER) timestamp=10096 ms, used_size=4442112 bytes (10.8%)
(RDMA_READ_CONSUME_CHECK_CONSUMER) timestamp=10096 ms, used_size=4440064 bytes (10.8%)
(RDMA_READ_CONSUME_CHECK_CONSUMER) timestamp=10096 ms, used_size=4438016 bytes (10.8%)
(RDMA_READ_CONSUME_CHECK_CONSUMER) timestamp=10096 ms, used_size=4435968 bytes (10.8%)
(RDMA_READ_CONSUME_CHECK_CONSUMER) timestamp=10096 ms, used_size=4433920 bytes (10.8%)
(RDMA_READ_CONSUME_CHECK_CONSUMER) timestamp=10096 ms, used_size=4431872 bytes (10.8%)
(RDMA_READ_CONSUME_CHECK_CONSUMER) timestamp=10096 ms, used_size=4429824 bytes (10.8%)
(RDMA_READ_CONSUME_CHECK_CONSUMER) timestamp=10096 ms, used_size=4427776 bytes (10.8%)
(RDMA_READ_CONSUME_CHECK_CONSUMER) timestamp=10096 ms, used_size=4425728 bytes (10.8%)
(RDMA_READ_CONSUME_CHECK_CONSUMER) timestamp=10096 ms, used_size=4423680 bytes (10.8%)
(RDMA_READ_CONSUME_CHECK_CONSUMER) timestamp=10096 ms, used_size=4421632 bytes (10.8%)
(RDMA_READ_CONSUME_CHECK_CONSUMER) timestamp=10096 ms, used_size=4419584 bytes (10.8%)
(RDMA_READ_CONSUME_CHECK_CONSUMER) timestamp=10096 ms, used_size=4417536 bytes (10.8%)
(RDMA_READ_CONSUME_CHECK_CONSUMER) timestamp=10096 ms, used_size=4415488 bytes (10.8%)
(RDMA_READ_CONSUME_CHECK_CONSUMER) timestamp=10096 ms, used_size=4413440 bytes (10.8%)
(RDMA_READ_CONSUME_CHECK_CONSUMER) timestamp=10096 ms, used_size=4411392 bytes (10.8%)
(RDMA_READ_CONSUME_CHECK_CONSUMER) timestamp=10096 ms, used_size=4409344 bytes (10.8%)
(RDMA_READ_CONSUME_CHECK_CONSUMER) timestamp=10096 ms, used_size=4407296 bytes (10.8%)
(RDMA_READ_CONSUME_CHECK_CONSUMER) timestamp=10096 ms, used_size=4405248 bytes (10.8%)
(RDMA_READ_CONSUME_CHECK_CONSUMER) timestamp=10096 ms, used_size=4403200 bytes (10.8%)
(RDMA_READ_CONSUME_CHECK_CONSUMER) timestamp=10096 ms, used_size=4401152 bytes (10.7%)
(RDMA_READ_CONSUME_CHECK_CONSUMER) timestamp=10096 ms, used_size=4399104 bytes (10.7%)
(RDMA_READ_CONSUME_CHECK_CONSUMER) timestamp=10096 ms, used_size=4397056 bytes (10.7%)
(RDMA_READ_CONSUME_CHECK_CONSUMER) timestamp=10096 ms, used_size=4395008 bytes (10.7%)
(RDMA_READ_CONSUME_CHECK_CONSUMER) timestamp=10096 ms, used_size=4392960 bytes (10.7%)
(RDMA_READ_CONSUME_CHECK_CONSUMER) timestamp=10096 ms, used_size=4390912 bytes (10.7%)
(RDMA_READ_CONSUME_CHECK_CONSUMER) timestamp=10096 ms, used_size=4388864 bytes (10.7%)
(RDMA_READ_CONSUME_CHECK_CONSUMER) timestamp=10096 ms, used_size=4386816 bytes (10.7%)
(RDMA_READ_CONSUME_CHECK_CONSUMER) timestamp=10096 ms, used_size=4384768 bytes (10.7%)
(RDMA_READ_CONSUME_CHECK_CONSUMER) timestamp=10096 ms, used_size=4382720 bytes (10.7%)
(RDMA_READ_CONSUME_CHECK_CONSUMER) timestamp=10096 ms, used_size=4380672 bytes (10.7%)
(RDMA_READ_CONSUME_CHECK_CONSUMER) timestamp=10096 ms, used_size=4378624 bytes (10.7%)
(RDMA_READ_CONSUME_CHECK_CONSUMER) timestamp=10096 ms, used_size=4376576 bytes (10.7%)
(RDMA_READ_CONSUME_CHECK_CONSUMER) timestamp=10096 ms, used_size=4374528 bytes (10.7%)
(RDMA_READ_CONSUME_CHECK_CONSUMER) timestamp=10096 ms, used_size=4372480 bytes (10.7%)
(RDMA_READ_CONSUME_CHECK_CONSUMER) timestamp=10096 ms, used_size=4370432 bytes (10.7%)
(RDMA_READ_CONSUME_CHECK_CONSUMER) timestamp=10096 ms, used_size=4368384 bytes (10.7%)
(RDMA_READ_CONSUME_CHECK_CONSUMER) timestamp=10096 ms, used_size=4366336 bytes (10.7%)
(RDMA_READ_CONSUME_CHECK_CONSUMER) timestamp=10096 ms, used_size=4364288 bytes (10.7%)
(RDMA_READ_CONSUME_CHECK_CONSUMER) timestamp=10096 ms, used_size=4362240 bytes (10.7%)
(RDMA_READ_CONSUME_CHECK_CONSUMER) timestamp=10096 ms, used_size=4360192 bytes (10.6%)
(RDMA_READ_CONSUME_CHECK_CONSUMER) timestamp=10096 ms, used_size=4358144 bytes (10.6%)
(RDMA_READ_CONSUME_CHECK_CONSUMER) timestamp=10096 ms, used_size=4356096 bytes (10.6%)
(RDMA_READ_CONSUME_CHECK_CONSUMER) timestamp=10096 ms, used_size=4354048 bytes (10.6%)
(RDMA_READ_CONSUME_CHECK_CONSUMER) timestamp=10096 ms, used_size=4352000 bytes (10.6%)
(RDMA_READ_CONSUME_CHECK_CONSUMER) timestamp=10096 ms, used_size=4349952 bytes (10.6%)
(RDMA_READ_CONSUME_CHECK_CONSUMER) timestamp=10096 ms, used_size=4347904 bytes (10.6%)
(RDMA_READ_CONSUME_CHECK_CONSUMER) timestamp=10096 ms, used_size=4345856 bytes (10.6%)
(RDMA_READ_CONSUME_CHECK_CONSUMER) timestamp=10096 ms, used_size=4343808 bytes (10.6%)
(RDMA_READ_CONSUME_CHECK_CONSUMER) timestamp=10096 ms, used_size=4341760 bytes (10.6%)
(RDMA_READ_CONSUME_CHECK_CONSUMER) timestamp=10096 ms, used_size=4339712 bytes (10.6%)
(RDMA_READ_CONSUME_CHECK_CONSUMER) timestamp=10096 ms, used_size=4337664 bytes (10.6%)
(RDMA_READ_CONSUME_CHECK_CONSUMER) timestamp=10096 ms, used_size=4335616 bytes (10.6%)
(RDMA_READ_CONSUME_CHECK_CONSUMER) timestamp=10096 ms, used_size=4333568 bytes (10.6%)
(RDMA_READ_CONSUME_CHECK_CONSUMER) timestamp=10096 ms, used_size=4331520 bytes (10.6%)
(RDMA_READ_CONSUME_CHECK_CONSUMER) timestamp=10096 ms, used_size=4329472 bytes (10.6%)
(RDMA_READ_CONSUME_CHECK_CONSUMER) timestamp=10096 ms, used_size=4327424 bytes (10.6%)
(RDMA_READ_CONSUME_CHECK_CONSUMER) timestamp=10096 ms, used_size=4325376 bytes (10.6%)
(RDMA_READ_CONSUME_CHECK_CONSUMER) timestamp=10096 ms, used_size=4323328 bytes (10.6%)
(RDMA_READ_CONSUME_CHECK_CONSUMER) timestamp=10096 ms, used_size=4321280 bytes (10.6%)
(RDMA_READ_CONSUME_CHECK_CONSUMER) timestamp=10096 ms, used_size=4319232 bytes (10.5%)
(RDMA_READ_CONSUME_CHECK_CONSUMER) timestamp=10096 ms, used_size=4317184 bytes (10.5%)
(RDMA_READ_CONSUME_CHECK_CONSUMER) timestamp=10096 ms, used_size=4315136 bytes (10.5%)
(RDMA_READ_CONSUME_CHECK_CONSUMER) timestamp=10096 ms, used_size=4313088 bytes (10.5%)
(RDMA_READ_CONSUME_CHECK_CONSUMER) timestamp=10096 ms, used_size=4311040 bytes (10.5%)
(RDMA_READ_CONSUME_CHECK_CONSUMER) timestamp=10096 ms, used_size=4308992 bytes (10.5%)
(RDMA_READ_CONSUME_CHECK_CONSUMER) timestamp=10096 ms, used_size=4306944 bytes (10.5%)
(RDMA_READ_CONSUME_CHECK_CONSUMER) timestamp=10096 ms, used_size=4304896 bytes (10.5%)
(RDMA_READ_CONSUME_CHECK_CONSUMER) timestamp=10096 ms, used_size=4302848 bytes (10.5%)
(RDMA_READ_CONSUME_CHECK_CONSUMER) timestamp=10096 ms, used_size=4300800 bytes (10.5%)
(RDMA_READ_CONSUME_CHECK_CONSUMER) timestamp=10096 ms, used_size=4298752 bytes (10.5%)
(RDMA_READ_CONSUME_CHECK_CONSUMER) timestamp=10096 ms, used_size=4296704 bytes (10.5%)
(RDMA_READ_CONSUME_CHECK_CONSUMER) timestamp=10096 ms, used_size=4294656 bytes (10.5%)
(RDMA_READ_CONSUME_CHECK_CONSUMER) timestamp=10096 ms, used_size=4292608 bytes (10.5%)
(RDMA_READ_CONSUME_CHECK_CONSUMER) timestamp=10096 ms, used_size=4290560 bytes (10.5%)
(RDMA_READ_CONSUME_CHECK_CONSUMER) timestamp=10096 ms, used_size=4288512 bytes (10.5%)
(RDMA_READ_CONSUME_CHECK_CONSUMER) timestamp=10096 ms, used_size=4286464 bytes (10.5%)
(RDMA_READ_CONSUME_CHECK_CONSUMER) timestamp=10096 ms, used_size=4284416 bytes (10.5%)
(RDMA_READ_CONSUME_CHECK_CONSUMER) timestamp=10096 ms, used_size=4282368 bytes (10.5%)
(RDMA_READ_CONSUME_CHECK_CONSUMER) timestamp=10096 ms, used_size=4280320 bytes (10.4%)
(RDMA_READ_CONSUME_CHECK_CONSUMER) timestamp=10096 ms, used_size=4278272 bytes (10.4%)
(RDMA_READ_CONSUME_CHECK_CONSUMER) timestamp=10096 ms, used_size=4276224 bytes (10.4%)
(RDMA_READ_CONSUME_CHECK_CONSUMER) timestamp=10096 ms, used_size=4274176 bytes (10.4%)
(RDMA_READ_CONSUME_CHECK_CONSUMER) timestamp=10096 ms, used_size=4272128 bytes (10.4%)
(RDMA_READ_CONSUME_CHECK_CONSUMER) timestamp=10096 ms, used_size=4270080 bytes (10.4%)
(RDMA_READ_CONSUME_CHECK_CONSUMER) timestamp=10096 ms, used_size=4268032 bytes (10.4%)
(RDMA_READ_CONSUME_CHECK_CONSUMER) timestamp=10096 ms, used_size=4265984 bytes (10.4%)
(RDMA_READ_CONSUME_CHECK_CONSUMER) timestamp=10096 ms, used_size=4263936 bytes (10.4%)
(RDMA_READ_CONSUME_CHECK_CONSUMER) timestamp=10096 ms, used_size=4261888 bytes (10.4%)
(RDMA_READ_CONSUME_CHECK_CONSUMER) timestamp=10096 ms, used_size=4259840 bytes (10.4%)
(RDMA_READ_CONSUME_CHECK_CONSUMER) timestamp=10096 ms, used_size=4257792 bytes (10.4%)
(RDMA_READ_CONSUME_CHECK_CONSUMER) timestamp=10096 ms, used_size=4255744 bytes (10.4%)
(RDMA_READ_CONSUME_CHECK_CONSUMER) timestamp=10096 ms, used_size=4253696 bytes (10.4%)
(RDMA_READ_CONSUME_CHECK_CONSUMER) timestamp=10096 ms, used_size=4251648 bytes (10.4%)
(RDMA_READ_CONSUME_CHECK_CONSUMER) timestamp=10096 ms, used_size=4249600 bytes (10.4%)
(RDMA_READ_CONSUME_CHECK_CONSUMER) timestamp=10096 ms, used_size=4247552 bytes (10.4%)
(RDMA_READ_CONSUME_CHECK_CONSUMER) timestamp=10096 ms, used_size=4245504 bytes (10.4%)
(RDMA_READ_CONSUME_CHECK_CONSUMER) timestamp=10096 ms, used_size=4243456 bytes (10.4%)
(RDMA_READ_CONSUME_CHECK_CONSUMER) timestamp=10096 ms, used_size=4241408 bytes (10.4%)
(RDMA_READ_CONSUME_CHECK_CONSUMER) timestamp=10096 ms, used_size=4239360 bytes (10.3%)
(RDMA_READ_CONSUME_CHECK_CONSUMER) timestamp=10096 ms, used_size=4237312 bytes (10.3%)
(RDMA_READ_CONSUME_CHECK_CONSUMER) timestamp=10096 ms, used_size=4235264 bytes (10.3%)
(RDMA_READ_CONSUME_CHECK_CONSUMER) timestamp=10096 ms, used_size=4233216 bytes (10.3%)
(RDMA_READ_CONSUME_CHECK_CONSUMER) timestamp=10096 ms, used_size=4231168 bytes (10.3%)
(RDMA_READ_CONSUME_CHECK_CONSUMER) timestamp=10096 ms, used_size=4229120 bytes (10.3%)
(RDMA_READ_CONSUME_CHECK_CONSUMER) timestamp=10096 ms, used_size=4227072 bytes (10.3%)
(RDMA_READ_CONSUME_CHECK_CONSUMER) timestamp=10096 ms, used_size=4225024 bytes (10.3%)
(RDMA_READ_CONSUME_CHECK_CONSUMER) timestamp=10096 ms, used_size=4222976 bytes (10.3%)
(RDMA_READ_CONSUME_CHECK_CONSUMER) timestamp=10096 ms, used_size=4220928 bytes (10.3%)
(RDMA_READ_CONSUME_CHECK_CONSUMER) timestamp=10096 ms, used_size=4218880 bytes (10.3%)
(RDMA_READ_CONSUME_CHECK_CONSUMER) timestamp=10096 ms, used_size=4216832 bytes (10.3%)
(RDMA_READ_CONSUME_CHECK_CONSUMER) timestamp=10096 ms, used_size=4214784 bytes (10.3%)
(RDMA_READ_CONSUME_CHECK_CONSUMER) timestamp=10096 ms, used_size=4212736 bytes (10.3%)
(RDMA_READ_CONSUME_CHECK_CONSUMER) timestamp=10096 ms, used_size=4210688 bytes (10.3%)
(RDMA_READ_CONSUME_CHECK_CONSUMER) timestamp=10096 ms, used_size=4208640 bytes (10.3%)
(RDMA_READ_CONSUME_CHECK_CONSUMER) timestamp=10096 ms, used_size=4206592 bytes (10.3%)
(RDMA_READ_CONSUME_CHECK_CONSUMER) timestamp=10096 ms, used_size=4204544 bytes (10.3%)
(RDMA_READ_CONSUME_CHECK_CONSUMER) timestamp=10096 ms, used_size=4202496 bytes (10.3%)
(RDMA_READ_CONSUME_CHECK_CONSUMER) timestamp=10096 ms, used_size=4200448 bytes (10.3%)
(RDMA_READ_CONSUME_CHECK_CONSUMER) timestamp=10096 ms, used_size=4198400 bytes (10.2%)
(RDMA_READ_CONSUME_CHECK_CONSUMER) timestamp=10096 ms, used_size=4196352 bytes (10.2%)
(RDMA_READ_CONSUME_CHECK_CONSUMER) timestamp=10096 ms, used_size=4194304 bytes (10.2%)
(RDMA_READ_CONSUME_CHECK_CONSUMER) timestamp=10096 ms, used_size=4192256 bytes (10.2%)
(RDMA_READ_CONSUME_CHECK_CONSUMER) timestamp=10096 ms, used_size=4190208 bytes (10.2%)
(RDMA_READ_CONSUME_CHECK_CONSUMER) timestamp=10096 ms, used_size=4188160 bytes (10.2%)
(RDMA_READ_CONSUME_CHECK_CONSUMER) timestamp=10096 ms, used_size=4186112 bytes (10.2%)
(RDMA_READ_CONSUME_CHECK_CONSUMER) timestamp=10096 ms, used_size=4184064 bytes (10.2%)
(RDMA_READ_CONSUME_CHECK_CONSUMER) timestamp=10096 ms, used_size=4182016 bytes (10.2%)
(RDMA_READ_CONSUME_CHECK_CONSUMER) timestamp=10096 ms, used_size=4179968 bytes (10.2%)
(RDMA_READ_CONSUME_CHECK_CONSUMER) timestamp=10096 ms, used_size=4177920 bytes (10.2%)
(RDMA_READ_CONSUME_CHECK_CONSUMER) timestamp=10096 ms, used_size=4175872 bytes (10.2%)
(RDMA_READ_CONSUME_CHECK_CONSUMER) timestamp=10096 ms, used_size=4173824 bytes (10.2%)
(RDMA_READ_CONSUME_CHECK_CONSUMER) timestamp=10096 ms, used_size=4171776 bytes (10.2%)
(RDMA_READ_CONSUME_CHECK_CONSUMER) timestamp=10097 ms, used_size=4169728 bytes (10.2%)
(RDMA_READ_CONSUME_CHECK_CONSUMER) timestamp=10097 ms, used_size=4167680 bytes (10.2%)
(RDMA_READ_CONSUME_CHECK_CONSUMER) timestamp=10097 ms, used_size=4165632 bytes (10.2%)
(RDMA_READ_CONSUME_CHECK_CONSUMER) timestamp=10097 ms, used_size=4163584 bytes (10.2%)
(RDMA_READ_CONSUME_CHECK_CONSUMER) timestamp=10097 ms, used_size=4161536 bytes (10.2%)
(RDMA_READ_CONSUME_CHECK_CONSUMER) timestamp=10097 ms, used_size=4159488 bytes (10.2%)
(RDMA_READ_CONSUME_CHECK_CONSUMER) timestamp=10097 ms, used_size=4157440 bytes (10.2%)
(RDMA_READ_CONSUME_CHECK_CONSUMER) timestamp=10097 ms, used_size=4155392 bytes (10.1%)
(RDMA_READ_CONSUME_CHECK_CONSUMER) timestamp=10097 ms, used_size=4153344 bytes (10.1%)
(RDMA_READ_CONSUME_CHECK_CONSUMER) timestamp=10097 ms, used_size=4151296 bytes (10.1%)
(RDMA_READ_CONSUME_CHECK_CONSUMER) timestamp=10097 ms, used_size=4149248 bytes (10.1%)
(RDMA_READ_CONSUME_CHECK_CONSUMER) timestamp=10097 ms, used_size=4147200 bytes (10.1%)
(RDMA_READ_CONSUME_CHECK_CONSUMER) timestamp=10097 ms, used_size=4145152 bytes (10.1%)
(RDMA_READ_CONSUME_CHECK_CONSUMER) timestamp=10097 ms, used_size=4143104 bytes (10.1%)
(RDMA_READ_CONSUME_CHECK_CONSUMER) timestamp=10097 ms, used_size=4141056 bytes (10.1%)
(RDMA_READ_CONSUME_CHECK_CONSUMER) timestamp=10097 ms, used_size=4139008 bytes (10.1%)
(RDMA_READ_CONSUME_CHECK_CONSUMER) timestamp=10097 ms, used_size=4136960 bytes (10.1%)
(RDMA_READ_CONSUME_CHECK_CONSUMER) timestamp=10097 ms, used_size=4134912 bytes (10.1%)
(RDMA_READ_CONSUME_CHECK_CONSUMER) timestamp=10097 ms, used_size=4132864 bytes (10.1%)
(RDMA_READ_CONSUME_CHECK_CONSUMER) timestamp=10097 ms, used_size=4130816 bytes (10.1%)
(RDMA_READ_CONSUME_CHECK_CONSUMER) timestamp=10097 ms, used_size=4128768 bytes (10.1%)
(RDMA_READ_CONSUME_CHECK_CONSUMER) timestamp=10097 ms, used_size=4126720 bytes (10.1%)
(RDMA_READ_CONSUME_CHECK_CONSUMER) timestamp=10097 ms, used_size=4124672 bytes (10.1%)
(RDMA_READ_CONSUME_CHECK_CONSUMER) timestamp=10097 ms, used_size=4122624 bytes (10.1%)
(RDMA_READ_CONSUME_CHECK_CONSUMER) timestamp=10097 ms, used_size=4120576 bytes (10.1%)
(RDMA_READ_CONSUME_CHECK_CONSUMER) timestamp=10097 ms, used_size=4118528 bytes (10.1%)
(RDMA_READ_CONSUME_CHECK_CONSUMER) timestamp=10097 ms, used_size=4116480 bytes (10.1%)
(RDMA_READ_CONSUME_CHECK_CONSUMER) timestamp=10097 ms, used_size=4114432 bytes (10.0%)
(RDMA_READ_CONSUME_CHECK_CONSUMER) timestamp=10097 ms, used_size=4112384 bytes (10.0%)
(RDMA_READ_CONSUME_CHECK_CONSUMER) timestamp=10097 ms, used_size=4110336 bytes (10.0%)
(RDMA_READ_CONSUME_CHECK_CONSUMER) timestamp=10097 ms, used_size=4108288 bytes (10.0%)
(RDMA_READ_CONSUME_CHECK_CONSUMER) timestamp=10097 ms, used_size=4106240 bytes (10.0%)
(RDMA_READ_CONSUME_CHECK_CONSUMER) timestamp=10097 ms, used_size=4104192 bytes (10.0%)
(RDMA_READ_CONSUME_CHECK_CONSUMER) timestamp=10097 ms, used_size=4102144 bytes (10.0%)
(RDMA_READ_CONSUME_CHECK_CONSUMER) timestamp=10097 ms, used_size=4100096 bytes (10.0%)
(RDMA_READ_CONSUME_CHECK_CONSUMER) timestamp=10097 ms, used_size=4098048 bytes (10.0%)
(RDMA_READ_CONSUME_CHECK_CONSUMER) timestamp=10097 ms, used_size=4096000 bytes (10.0%)
(RDMA_READ_CONSUME_CHECK_CONSUMER) timestamp=10097 ms, used_size=4093952 bytes (10.0%)
(RDMA_READ_CONSUME_CHECK_CONSUMER) timestamp=10097 ms, used_size=4091904 bytes (10.0%)
(RDMA_READ_CONSUME_CHECK_CONSUMER) timestamp=10097 ms, used_size=4089856 bytes (10.0%)
(RDMA_READ_CONSUME_CHECK_CONSUMER) timestamp=10097 ms, used_size=4087808 bytes (10.0%)
(RDMA_READ_CONSUME_CHECK_CONSUMER) timestamp=10097 ms, used_size=4085760 bytes (10.0%)
(RDMA_READ_CONSUME_CHECK_CONSUMER) timestamp=10097 ms, used_size=4083712 bytes (10.0%)
(RDMA_READ_CONSUME_CHECK_CONSUMER) timestamp=10097 ms, used_size=4081664 bytes (10.0%)
(RDMA_READ_CONSUME_CHECK_CONSUMER) timestamp=10097 ms, used_size=4079616 bytes (10.0%)
(RDMA_READ_CONSUME_CHECK_CONSUMER) timestamp=10097 ms, used_size=4077568 bytes (10.0%)
(RDMA_READ_CONSUME_CHECK_CONSUMER) timestamp=10097 ms, used_size=4075520 bytes (9.9%)
(RDMA_READ_CONSUME_CHECK_CONSUMER) timestamp=10097 ms, used_size=4073472 bytes (9.9%)
(RDMA_READ_CONSUME_CHECK_CONSUMER) timestamp=10097 ms, used_size=4071424 bytes (9.9%)
(RDMA_READ_CONSUME_CHECK_CONSUMER) timestamp=10097 ms, used_size=4069376 bytes (9.9%)
(RDMA_READ_CONSUME_CHECK_CONSUMER) timestamp=10097 ms, used_size=4067328 bytes (9.9%)
(RDMA_READ_CONSUME_CHECK_CONSUMER) timestamp=10097 ms, used_size=4065280 bytes (9.9%)
(RDMA_READ_CONSUME_CHECK_CONSUMER) timestamp=10097 ms, used_size=4063232 bytes (9.9%)
(RDMA_READ_CONSUME_CHECK_CONSUMER) timestamp=10097 ms, used_size=4061184 bytes (9.9%)
(RDMA_READ_CONSUME_CHECK_CONSUMER) timestamp=10097 ms, used_size=4059136 bytes (9.9%)
(RDMA_READ_CONSUME_CHECK_CONSUMER) timestamp=10097 ms, used_size=4057088 bytes (9.9%)
(RDMA_READ_CONSUME_CHECK_CONSUMER) timestamp=10097 ms, used_size=4055040 bytes (9.9%)
(RDMA_READ_CONSUME_CHECK_CONSUMER) timestamp=10097 ms, used_size=4052992 bytes (9.9%)
(RDMA_READ_CONSUME_CHECK_CONSUMER) timestamp=10097 ms, used_size=4050944 bytes (9.9%)
(RDMA_READ_CONSUME_CHECK_CONSUMER) timestamp=10097 ms, used_size=4048896 bytes (9.9%)
(RDMA_READ_CONSUME_CHECK_CONSUMER) timestamp=10097 ms, used_size=4046848 bytes (9.9%)
(RDMA_READ_CONSUME_CHECK_CONSUMER) timestamp=10097 ms, used_size=4044800 bytes (9.9%)
(RDMA_READ_CONSUME_CHECK_CONSUMER) timestamp=10097 ms, used_size=4042752 bytes (9.9%)
(RDMA_READ_CONSUME_CHECK_CONSUMER) timestamp=10097 ms, used_size=4040704 bytes (9.9%)
(RDMA_READ_CONSUME_CHECK_CONSUMER) timestamp=10097 ms, used_size=4038656 bytes (9.9%)
(RDMA_READ_CONSUME_CHECK_CONSUMER) timestamp=10097 ms, used_size=4036608 bytes (9.9%)
(RDMA_READ_CONSUME_CHECK_CONSUMER) timestamp=10097 ms, used_size=4034560 bytes (9.8%)
(RDMA_READ_CONSUME_CHECK_CONSUMER) timestamp=10097 ms, used_size=4032512 bytes (9.8%)
(RDMA_READ_CONSUME_CHECK_CONSUMER) timestamp=10097 ms, used_size=4030464 bytes (9.8%)
(RDMA_READ_CONSUME_CHECK_CONSUMER) timestamp=10097 ms, used_size=4028416 bytes (9.8%)
(RDMA_READ_CONSUME_CHECK_CONSUMER) timestamp=10097 ms, used_size=4026368 bytes (9.8%)
(RDMA_READ_CONSUME_CHECK_CONSUMER) timestamp=10097 ms, used_size=4024320 bytes (9.8%)
(RDMA_READ_CONSUME_CHECK_CONSUMER) timestamp=10097 ms, used_size=4022272 bytes (9.8%)
(RDMA_READ_CONSUME_CHECK_CONSUMER) timestamp=10097 ms, used_size=4020224 bytes (9.8%)
(RDMA_READ_CONSUME_CHECK_CONSUMER) timestamp=10097 ms, used_size=4018176 bytes (9.8%)
(RDMA_READ_CONSUME_CHECK_CONSUMER) timestamp=10097 ms, used_size=4016128 bytes (9.8%)
(RDMA_READ_CONSUME_CHECK_CONSUMER) timestamp=10097 ms, used_size=4014080 bytes (9.8%)
(RDMA_READ_CONSUME_CHECK_CONSUMER) timestamp=10097 ms, used_size=4012032 bytes (9.8%)
(RDMA_READ_CONSUME_CHECK_CONSUMER) timestamp=10097 ms, used_size=4009984 bytes (9.8%)
(RDMA_READ_CONSUME_CHECK_CONSUMER) timestamp=10097 ms, used_size=4007936 bytes (9.8%)
(RDMA_READ_CONSUME_CHECK_CONSUMER) timestamp=10097 ms, used_size=4005888 bytes (9.8%)
(RDMA_READ_CONSUME_CHECK_CONSUMER) timestamp=10097 ms, used_size=4003840 bytes (9.8%)
(RDMA_READ_CONSUME_CHECK_CONSUMER) timestamp=10097 ms, used_size=4001792 bytes (9.8%)
(RDMA_READ_CONSUME_CHECK_CONSUMER) timestamp=10097 ms, used_size=3999744 bytes (9.8%)
(RDMA_READ_CONSUME_CHECK_CONSUMER) timestamp=10097 ms, used_size=3997696 bytes (9.8%)
(RDMA_READ_CONSUME_CHECK_CONSUMER) timestamp=10097 ms, used_size=3995648 bytes (9.8%)
(RDMA_READ_CONSUME_CHECK_CONSUMER) timestamp=10097 ms, used_size=3993600 bytes (9.8%)
(RDMA_READ_CONSUME_CHECK_CONSUMER) timestamp=10097 ms, used_size=3991552 bytes (9.7%)
(RDMA_READ_CONSUME_CHECK_CONSUMER) timestamp=10097 ms, used_size=3989504 bytes (9.7%)
(RDMA_READ_CONSUME_CHECK_CONSUMER) timestamp=10097 ms, used_size=3987456 bytes (9.7%)
(RDMA_READ_CONSUME_CHECK_CONSUMER) timestamp=10097 ms, used_size=3985408 bytes (9.7%)
(RDMA_READ_CONSUME_CHECK_CONSUMER) timestamp=10097 ms, used_size=3983360 bytes (9.7%)
(RDMA_READ_CONSUME_CHECK_CONSUMER) timestamp=10097 ms, used_size=3981312 bytes (9.7%)
(RDMA_READ_CONSUME_CHECK_CONSUMER) timestamp=10097 ms, used_size=3979264 bytes (9.7%)
(RDMA_READ_CONSUME_CHECK_CONSUMER) timestamp=10097 ms, used_size=3977216 bytes (9.7%)
(RDMA_READ_CONSUME_CHECK_CONSUMER) timestamp=10097 ms, used_size=3975168 bytes (9.7%)
(RDMA_READ_CONSUME_CHECK_CONSUMER) timestamp=10097 ms, used_size=3973120 bytes (9.7%)
(RDMA_READ_CONSUME_CHECK_CONSUMER) timestamp=10097 ms, used_size=3971072 bytes (9.7%)
(RDMA_READ_CONSUME_CHECK_CONSUMER) timestamp=10097 ms, used_size=3969024 bytes (9.7%)
(RDMA_READ_CONSUME_CHECK_CONSUMER) timestamp=10097 ms, used_size=3966976 bytes (9.7%)
(RDMA_READ_CONSUME_CHECK_CONSUMER) timestamp=10097 ms, used_size=3964928 bytes (9.7%)
(RDMA_READ_CONSUME_CHECK_CONSUMER) timestamp=10097 ms, used_size=3962880 bytes (9.7%)
(RDMA_READ_CONSUME_CHECK_CONSUMER) timestamp=10097 ms, used_size=3960832 bytes (9.7%)
(RDMA_READ_CONSUME_CHECK_CONSUMER) timestamp=10097 ms, used_size=3958784 bytes (9.7%)
(RDMA_READ_CONSUME_CHECK_CONSUMER) timestamp=10097 ms, used_size=3956736 bytes (9.7%)
(RDMA_READ_CONSUME_CHECK_CONSUMER) timestamp=10097 ms, used_size=3954688 bytes (9.7%)
(RDMA_READ_CONSUME_CHECK_CONSUMER) timestamp=10097 ms, used_size=3952640 bytes (9.7%)
(RDMA_READ_CONSUME_CHECK_CONSUMER) timestamp=10097 ms, used_size=3950592 bytes (9.6%)
(RDMA_READ_CONSUME_CHECK_CONSUMER) timestamp=10097 ms, used_size=3948544 bytes (9.6%)
(RDMA_READ_CONSUME_CHECK_CONSUMER) timestamp=10097 ms, used_size=3946496 bytes (9.6%)
(RDMA_READ_CONSUME_CHECK_CONSUMER) timestamp=10097 ms, used_size=3944448 bytes (9.6%)
(RDMA_READ_CONSUME_CHECK_CONSUMER) timestamp=10097 ms, used_size=3942400 bytes (9.6%)
(RDMA_READ_CONSUME_CHECK_CONSUMER) timestamp=10097 ms, used_size=3940352 bytes (9.6%)
(RDMA_READ_CONSUME_CHECK_CONSUMER) timestamp=10097 ms, used_size=3938304 bytes (9.6%)
(RDMA_READ_CONSUME_CHECK_CONSUMER) timestamp=10097 ms, used_size=3936256 bytes (9.6%)
(RDMA_READ_CONSUME_CHECK_CONSUMER) timestamp=10097 ms, used_size=3934208 bytes (9.6%)
(RDMA_READ_CONSUME_CHECK_CONSUMER) timestamp=10097 ms, used_size=3932160 bytes (9.6%)
(RDMA_READ_CONSUME_CHECK_CONSUMER) timestamp=10097 ms, used_size=3930112 bytes (9.6%)
(RDMA_READ_CONSUME_CHECK_CONSUMER) timestamp=10097 ms, used_size=3928064 bytes (9.6%)
(RDMA_READ_CONSUME_CHECK_CONSUMER) timestamp=10097 ms, used_size=3926016 bytes (9.6%)
(RDMA_READ_CONSUME_CHECK_CONSUMER) timestamp=10097 ms, used_size=3923968 bytes (9.6%)
(RDMA_READ_CONSUME_CHECK_CONSUMER) timestamp=10097 ms, used_size=3921920 bytes (9.6%)
(RDMA_READ_CONSUME_CHECK_CONSUMER) timestamp=10097 ms, used_size=3919872 bytes (9.6%)
(RDMA_READ_CONSUME_CHECK_CONSUMER) timestamp=10097 ms, used_size=3917824 bytes (9.6%)
(RDMA_READ_CONSUME_CHECK_CONSUMER) timestamp=10097 ms, used_size=3915776 bytes (9.6%)
(RDMA_READ_CONSUME_CHECK_CONSUMER) timestamp=10097 ms, used_size=3913728 bytes (9.6%)
(RDMA_READ_CONSUME_CHECK_CONSUMER) timestamp=10097 ms, used_size=3911680 bytes (9.6%)
(RDMA_READ_CONSUME_CHECK_CONSUMER) timestamp=10097 ms, used_size=3909632 bytes (9.5%)
(RDMA_READ_CONSUME_CHECK_CONSUMER) timestamp=10097 ms, used_size=3907584 bytes (9.5%)
(RDMA_READ_CONSUME_CHECK_CONSUMER) timestamp=10097 ms, used_size=3905536 bytes (9.5%)
(RDMA_READ_CONSUME_CHECK_CONSUMER) timestamp=10097 ms, used_size=3903488 bytes (9.5%)
(RDMA_READ_CONSUME_CHECK_CONSUMER) timestamp=10097 ms, used_size=3901440 bytes (9.5%)
(RDMA_READ_CONSUME_CHECK_CONSUMER) timestamp=10097 ms, used_size=3899392 bytes (9.5%)
(RDMA_READ_CONSUME_CHECK_CONSUMER) timestamp=10097 ms, used_size=3897344 bytes (9.5%)
(RDMA_READ_CONSUME_CHECK_CONSUMER) timestamp=10097 ms, used_size=3895296 bytes (9.5%)
(RDMA_READ_CONSUME_CHECK_CONSUMER) timestamp=10097 ms, used_size=3893248 bytes (9.5%)
(RDMA_READ_CONSUME_CHECK_CONSUMER) timestamp=10097 ms, used_size=3891200 bytes (9.5%)
(RDMA_READ_CONSUME_CHECK_CONSUMER) timestamp=10097 ms, used_size=3889152 bytes (9.5%)
(RDMA_READ_CONSUME_CHECK_CONSUMER) timestamp=10097 ms, used_size=3887104 bytes (9.5%)
(RDMA_READ_CONSUME_CHECK_CONSUMER) timestamp=10097 ms, used_size=3885056 bytes (9.5%)
(RDMA_READ_CONSUME_CHECK_CONSUMER) timestamp=10097 ms, used_size=3883008 bytes (9.5%)
(RDMA_READ_CONSUME_CHECK_CONSUMER) timestamp=10097 ms, used_size=3880960 bytes (9.5%)
(RDMA_READ_CONSUME_CHECK_CONSUMER) timestamp=10097 ms, used_size=3878912 bytes (9.5%)
(RDMA_READ_CONSUME_CHECK_CONSUMER) timestamp=10097 ms, used_size=3876864 bytes (9.5%)
(RDMA_READ_CONSUME_CHECK_CONSUMER) timestamp=10097 ms, used_size=3874816 bytes (9.5%)
(RDMA_READ_CONSUME_CHECK_CONSUMER) timestamp=10097 ms, used_size=3872768 bytes (9.5%)
(RDMA_READ_CONSUME_CHECK_CONSUMER) timestamp=10097 ms, used_size=3870720 bytes (9.4%)
(RDMA_READ_CONSUME_CHECK_CONSUMER) timestamp=10097 ms, used_size=3868672 bytes (9.4%)
(RDMA_READ_CONSUME_CHECK_CONSUMER) timestamp=10097 ms, used_size=3866624 bytes (9.4%)
(RDMA_READ_CONSUME_CHECK_CONSUMER) timestamp=10097 ms, used_size=3864576 bytes (9.4%)
(RDMA_READ_CONSUME_CHECK_CONSUMER) timestamp=10097 ms, used_size=3862528 bytes (9.4%)
(RDMA_READ_CONSUME_CHECK_CONSUMER) timestamp=10097 ms, used_size=3860480 bytes (9.4%)
(RDMA_READ_CONSUME_CHECK_CONSUMER) timestamp=10097 ms, used_size=3858432 bytes (9.4%)
(RDMA_READ_CONSUME_CHECK_CONSUMER) timestamp=10097 ms, used_size=3856384 bytes (9.4%)
(RDMA_READ_CONSUME_CHECK_CONSUMER) timestamp=10097 ms, used_size=3854336 bytes (9.4%)
(RDMA_READ_CONSUME_CHECK_CONSUMER) timestamp=10097 ms, used_size=3852288 bytes (9.4%)
(RDMA_READ_CONSUME_CHECK_CONSUMER) timestamp=10097 ms, used_size=3850240 bytes (9.4%)
(RDMA_READ_CONSUME_CHECK_CONSUMER) timestamp=10097 ms, used_size=3848192 bytes (9.4%)
(RDMA_READ_CONSUME_CHECK_CONSUMER) timestamp=10097 ms, used_size=3846144 bytes (9.4%)
(RDMA_READ_CONSUME_CHECK_CONSUMER) timestamp=10097 ms, used_size=3844096 bytes (9.4%)
(RDMA_READ_CONSUME_CHECK_CONSUMER) timestamp=10097 ms, used_size=3842048 bytes (9.4%)
(RDMA_READ_CONSUME_CHECK_CONSUMER) timestamp=10097 ms, used_size=3840000 bytes (9.4%)
(RDMA_READ_CONSUME_CHECK_CONSUMER) timestamp=10097 ms, used_size=3837952 bytes (9.4%)
(RDMA_READ_CONSUME_CHECK_CONSUMER) timestamp=10097 ms, used_size=3835904 bytes (9.4%)
(RDMA_READ_CONSUME_CHECK_CONSUMER) timestamp=10097 ms, used_size=3833856 bytes (9.4%)
(RDMA_READ_CONSUME_CHECK_CONSUMER) timestamp=10097 ms, used_size=3831808 bytes (9.4%)
(RDMA_READ_CONSUME_CHECK_CONSUMER) timestamp=10097 ms, used_size=3829760 bytes (9.3%)
(RDMA_READ_CONSUME_CHECK_CONSUMER) timestamp=10097 ms, used_size=3827712 bytes (9.3%)
(RDMA_READ_CONSUME_CHECK_CONSUMER) timestamp=10097 ms, used_size=3825664 bytes (9.3%)
(RDMA_READ_CONSUME_CHECK_CONSUMER) timestamp=10098 ms, used_size=3823616 bytes (9.3%)
(RDMA_READ_CONSUME_CHECK_CONSUMER) timestamp=10098 ms, used_size=3821568 bytes (9.3%)
(RDMA_READ_CONSUME_CHECK_CONSUMER) timestamp=10098 ms, used_size=3819520 bytes (9.3%)
(RDMA_READ_CONSUME_CHECK_CONSUMER) timestamp=10098 ms, used_size=3817472 bytes (9.3%)
(RDMA_READ_CONSUME_CHECK_CONSUMER) timestamp=10098 ms, used_size=3815424 bytes (9.3%)
(RDMA_READ_CONSUME_CHECK_CONSUMER) timestamp=10098 ms, used_size=3813376 bytes (9.3%)
(RDMA_READ_CONSUME_CHECK_CONSUMER) timestamp=10098 ms, used_size=3811328 bytes (9.3%)
(RDMA_READ_CONSUME_CHECK_CONSUMER) timestamp=10098 ms, used_size=3809280 bytes (9.3%)
(RDMA_READ_CONSUME_CHECK_CONSUMER) timestamp=10098 ms, used_size=3807232 bytes (9.3%)
(RDMA_READ_CONSUME_CHECK_CONSUMER) timestamp=10098 ms, used_size=3805184 bytes (9.3%)
(RDMA_READ_CONSUME_CHECK_CONSUMER) timestamp=10098 ms, used_size=3803136 bytes (9.3%)
(RDMA_READ_CONSUME_CHECK_CONSUMER) timestamp=10098 ms, used_size=3801088 bytes (9.3%)
(RDMA_READ_CONSUME_CHECK_CONSUMER) timestamp=10098 ms, used_size=3799040 bytes (9.3%)
(RDMA_READ_CONSUME_CHECK_CONSUMER) timestamp=10098 ms, used_size=3796992 bytes (9.3%)
(RDMA_READ_CONSUME_CHECK_CONSUMER) timestamp=10098 ms, used_size=3794944 bytes (9.3%)
(RDMA_READ_CONSUME_CHECK_CONSUMER) timestamp=10098 ms, used_size=3792896 bytes (9.3%)
(RDMA_READ_CONSUME_CHECK_CONSUMER) timestamp=10098 ms, used_size=3790848 bytes (9.3%)
(RDMA_READ_CONSUME_CHECK_CONSUMER) timestamp=10098 ms, used_size=3788800 bytes (9.2%)
(RDMA_READ_CONSUME_CHECK_CONSUMER) timestamp=10098 ms, used_size=3786752 bytes (9.2%)
(RDMA_READ_CONSUME_CHECK_CONSUMER) timestamp=10098 ms, used_size=3784704 bytes (9.2%)
(RDMA_READ_CONSUME_CHECK_CONSUMER) timestamp=10098 ms, used_size=3782656 bytes (9.2%)
(RDMA_READ_CONSUME_CHECK_CONSUMER) timestamp=10098 ms, used_size=3780608 bytes (9.2%)
(RDMA_READ_CONSUME_CHECK_CONSUMER) timestamp=10098 ms, used_size=3778560 bytes (9.2%)
(RDMA_READ_CONSUME_CHECK_CONSUMER) timestamp=10098 ms, used_size=3776512 bytes (9.2%)
(RDMA_READ_CONSUME_CHECK_CONSUMER) timestamp=10098 ms, used_size=3774464 bytes (9.2%)
(RDMA_READ_CONSUME_CHECK_CONSUMER) timestamp=10098 ms, used_size=3772416 bytes (9.2%)
(RDMA_READ_CONSUME_CHECK_CONSUMER) timestamp=10098 ms, used_size=3770368 bytes (9.2%)
(RDMA_READ_CONSUME_CHECK_CONSUMER) timestamp=10098 ms, used_size=3768320 bytes (9.2%)
(RDMA_READ_CONSUME_CHECK_CONSUMER) timestamp=10098 ms, used_size=3766272 bytes (9.2%)
(RDMA_READ_CONSUME_CHECK_CONSUMER) timestamp=10098 ms, used_size=3764224 bytes (9.2%)
(RDMA_READ_CONSUME_CHECK_CONSUMER) timestamp=10098 ms, used_size=3762176 bytes (9.2%)
(RDMA_READ_CONSUME_CHECK_CONSUMER) timestamp=10098 ms, used_size=3760128 bytes (9.2%)
(RDMA_READ_CONSUME_CHECK_CONSUMER) timestamp=10098 ms, used_size=3758080 bytes (9.2%)
(RDMA_READ_CONSUME_CHECK_CONSUMER) timestamp=10098 ms, used_size=3756032 bytes (9.2%)
(RDMA_READ_CONSUME_CHECK_CONSUMER) timestamp=10098 ms, used_size=3753984 bytes (9.2%)
(RDMA_READ_CONSUME_CHECK_CONSUMER) timestamp=10098 ms, used_size=3751936 bytes (9.2%)
(RDMA_READ_CONSUME_CHECK_CONSUMER) timestamp=10098 ms, used_size=3749888 bytes (9.2%)
(RDMA_READ_CONSUME_CHECK_CONSUMER) timestamp=10098 ms, used_size=3747840 bytes (9.2%)
(RDMA_READ_CONSUME_CHECK_CONSUMER) timestamp=10098 ms, used_size=3745792 bytes (9.1%)
(RDMA_READ_CONSUME_CHECK_CONSUMER) timestamp=10098 ms, used_size=3743744 bytes (9.1%)
(RDMA_READ_CONSUME_CHECK_CONSUMER) timestamp=10098 ms, used_size=3741696 bytes (9.1%)
(RDMA_READ_CONSUME_CHECK_CONSUMER) timestamp=10098 ms, used_size=3739648 bytes (9.1%)
(RDMA_READ_CONSUME_CHECK_CONSUMER) timestamp=10098 ms, used_size=3737600 bytes (9.1%)
(RDMA_READ_CONSUME_CHECK_CONSUMER) timestamp=10098 ms, used_size=3735552 bytes (9.1%)
(RDMA_READ_CONSUME_CHECK_CONSUMER) timestamp=10098 ms, used_size=3733504 bytes (9.1%)
(RDMA_READ_CONSUME_CHECK_CONSUMER) timestamp=10098 ms, used_size=3731456 bytes (9.1%)
(RDMA_READ_CONSUME_CHECK_CONSUMER) timestamp=10098 ms, used_size=3729408 bytes (9.1%)
(RDMA_READ_CONSUME_CHECK_CONSUMER) timestamp=10098 ms, used_size=3727360 bytes (9.1%)
(RDMA_READ_CONSUME_CHECK_CONSUMER) timestamp=10098 ms, used_size=3725312 bytes (9.1%)
(RDMA_READ_CONSUME_CHECK_CONSUMER) timestamp=10098 ms, used_size=3723264 bytes (9.1%)
(RDMA_READ_CONSUME_CHECK_CONSUMER) timestamp=10098 ms, used_size=3721216 bytes (9.1%)
(RDMA_READ_CONSUME_CHECK_CONSUMER) timestamp=10098 ms, used_size=3719168 bytes (9.1%)
(RDMA_READ_CONSUME_CHECK_CONSUMER) timestamp=10098 ms, used_size=3717120 bytes (9.1%)
(RDMA_READ_CONSUME_CHECK_CONSUMER) timestamp=10098 ms, used_size=3715072 bytes (9.1%)
(RDMA_READ_CONSUME_CHECK_CONSUMER) timestamp=10098 ms, used_size=3713024 bytes (9.1%)
(RDMA_READ_CONSUME_CHECK_CONSUMER) timestamp=10098 ms, used_size=3710976 bytes (9.1%)
(RDMA_READ_CONSUME_CHECK_CONSUMER) timestamp=10098 ms, used_size=3708928 bytes (9.1%)
(RDMA_READ_CONSUME_CHECK_CONSUMER) timestamp=10098 ms, used_size=3706880 bytes (9.1%)
(RDMA_READ_CONSUME_CHECK_CONSUMER) timestamp=10098 ms, used_size=3704832 bytes (9.0%)
(RDMA_READ_CONSUME_CHECK_CONSUMER) timestamp=10098 ms, used_size=3702784 bytes (9.0%)
(RDMA_READ_CONSUME_CHECK_CONSUMER) timestamp=10098 ms, used_size=3700736 bytes (9.0%)
(RDMA_READ_CONSUME_CHECK_CONSUMER) timestamp=10098 ms, used_size=3698688 bytes (9.0%)
(RDMA_READ_CONSUME_CHECK_CONSUMER) timestamp=10098 ms, used_size=3696640 bytes (9.0%)
(RDMA_READ_CONSUME_CHECK_CONSUMER) timestamp=10098 ms, used_size=3694592 bytes (9.0%)
(RDMA_READ_CONSUME_CHECK_CONSUMER) timestamp=10098 ms, used_size=3692544 bytes (9.0%)
(RDMA_READ_CONSUME_CHECK_CONSUMER) timestamp=10098 ms, used_size=3690496 bytes (9.0%)
(RDMA_READ_CONSUME_CHECK_CONSUMER) timestamp=10098 ms, used_size=3688448 bytes (9.0%)
(RDMA_READ_CONSUME_CHECK_CONSUMER) timestamp=10098 ms, used_size=3686400 bytes (9.0%)
(RDMA_READ_CONSUME_CHECK_CONSUMER) timestamp=10098 ms, used_size=3684352 bytes (9.0%)
(RDMA_READ_CONSUME_CHECK_CONSUMER) timestamp=10098 ms, used_size=3682304 bytes (9.0%)
(RDMA_READ_CONSUME_CHECK_CONSUMER) timestamp=10098 ms, used_size=3680256 bytes (9.0%)
(RDMA_READ_CONSUME_CHECK_CONSUMER) timestamp=10098 ms, used_size=3678208 bytes (9.0%)
(RDMA_READ_CONSUME_CHECK_CONSUMER) timestamp=10098 ms, used_size=3676160 bytes (9.0%)
(RDMA_READ_CONSUME_CHECK_CONSUMER) timestamp=10098 ms, used_size=3674112 bytes (9.0%)
(RDMA_READ_CONSUME_CHECK_CONSUMER) timestamp=10098 ms, used_size=3672064 bytes (9.0%)
(RDMA_READ_CONSUME_CHECK_CONSUMER) timestamp=10098 ms, used_size=3670016 bytes (9.0%)
(RDMA_READ_CONSUME_CHECK_CONSUMER) timestamp=10098 ms, used_size=3667968 bytes (9.0%)
(RDMA_READ_CONSUME_CHECK_CONSUMER) timestamp=10098 ms, used_size=3665920 bytes (8.9%)
(RDMA_READ_CONSUME_CHECK_CONSUMER) timestamp=10098 ms, used_size=3663872 bytes (8.9%)
(RDMA_READ_CONSUME_CHECK_CONSUMER) timestamp=10098 ms, used_size=3661824 bytes (8.9%)
(RDMA_READ_CONSUME_CHECK_CONSUMER) timestamp=10098 ms, used_size=3659776 bytes (8.9%)
(RDMA_READ_CONSUME_CHECK_CONSUMER) timestamp=10098 ms, used_size=3657728 bytes (8.9%)
(RDMA_READ_CONSUME_CHECK_CONSUMER) timestamp=10098 ms, used_size=3655680 bytes (8.9%)
(RDMA_READ_CONSUME_CHECK_CONSUMER) timestamp=10098 ms, used_size=3653632 bytes (8.9%)
(RDMA_READ_CONSUME_CHECK_CONSUMER) timestamp=10098 ms, used_size=3651584 bytes (8.9%)
(RDMA_READ_CONSUME_CHECK_CONSUMER) timestamp=10098 ms, used_size=3649536 bytes (8.9%)
(RDMA_READ_CONSUME_CHECK_CONSUMER) timestamp=10098 ms, used_size=3647488 bytes (8.9%)
(RDMA_READ_CONSUME_CHECK_CONSUMER) timestamp=10098 ms, used_size=3645440 bytes (8.9%)
(RDMA_READ_CONSUME_CHECK_CONSUMER) timestamp=10098 ms, used_size=3643392 bytes (8.9%)
(RDMA_READ_CONSUME_CHECK_CONSUMER) timestamp=10098 ms, used_size=3641344 bytes (8.9%)
(RDMA_READ_CONSUME_CHECK_CONSUMER) timestamp=10098 ms, used_size=3639296 bytes (8.9%)
(RDMA_READ_CONSUME_CHECK_CONSUMER) timestamp=10098 ms, used_size=3637248 bytes (8.9%)
(RDMA_READ_CONSUME_CHECK_CONSUMER) timestamp=10098 ms, used_size=3635200 bytes (8.9%)
(RDMA_READ_CONSUME_CHECK_CONSUMER) timestamp=10098 ms, used_size=3633152 bytes (8.9%)
(RDMA_READ_CONSUME_CHECK_CONSUMER) timestamp=10098 ms, used_size=3631104 bytes (8.9%)
(RDMA_READ_CONSUME_CHECK_CONSUMER) timestamp=10098 ms, used_size=3629056 bytes (8.9%)
(RDMA_READ_CONSUME_CHECK_CONSUMER) timestamp=10098 ms, used_size=3627008 bytes (8.9%)
(RDMA_READ_CONSUME_CHECK_CONSUMER) timestamp=10098 ms, used_size=3624960 bytes (8.8%)
(RDMA_READ_CONSUME_CHECK_CONSUMER) timestamp=10098 ms, used_size=3622912 bytes (8.8%)
(RDMA_READ_CONSUME_CHECK_CONSUMER) timestamp=10098 ms, used_size=3620864 bytes (8.8%)
(RDMA_READ_CONSUME_CHECK_CONSUMER) timestamp=10098 ms, used_size=3618816 bytes (8.8%)
(RDMA_READ_CONSUME_CHECK_CONSUMER) timestamp=10098 ms, used_size=3616768 bytes (8.8%)
(RDMA_READ_CONSUME_CHECK_CONSUMER) timestamp=10098 ms, used_size=3614720 bytes (8.8%)
(RDMA_READ_CONSUME_CHECK_CONSUMER) timestamp=10098 ms, used_size=3612672 bytes (8.8%)
(RDMA_READ_CONSUME_CHECK_CONSUMER) timestamp=10098 ms, used_size=3610624 bytes (8.8%)
(RDMA_READ_CONSUME_CHECK_CONSUMER) timestamp=10098 ms, used_size=3608576 bytes (8.8%)
(RDMA_READ_CONSUME_CHECK_CONSUMER) timestamp=10098 ms, used_size=3606528 bytes (8.8%)
(RDMA_READ_CONSUME_CHECK_CONSUMER) timestamp=10098 ms, used_size=3604480 bytes (8.8%)
(RDMA_READ_CONSUME_CHECK_CONSUMER) timestamp=10098 ms, used_size=3602432 bytes (8.8%)
(RDMA_READ_CONSUME_CHECK_CONSUMER) timestamp=10098 ms, used_size=3600384 bytes (8.8%)
(RDMA_READ_CONSUME_CHECK_CONSUMER) timestamp=10098 ms, used_size=3598336 bytes (8.8%)
(RDMA_READ_CONSUME_CHECK_CONSUMER) timestamp=10098 ms, used_size=3596288 bytes (8.8%)
(RDMA_READ_CONSUME_CHECK_CONSUMER) timestamp=10098 ms, used_size=3594240 bytes (8.8%)
(RDMA_READ_CONSUME_CHECK_CONSUMER) timestamp=10098 ms, used_size=3592192 bytes (8.8%)
(RDMA_READ_CONSUME_CHECK_CONSUMER) timestamp=10098 ms, used_size=3590144 bytes (8.8%)
(RDMA_READ_CONSUME_CHECK_CONSUMER) timestamp=10098 ms, used_size=3588096 bytes (8.8%)
(RDMA_READ_CONSUME_CHECK_CONSUMER) timestamp=10098 ms, used_size=3586048 bytes (8.8%)
(RDMA_READ_CONSUME_CHECK_CONSUMER) timestamp=10098 ms, used_size=3584000 bytes (8.8%)
(RDMA_READ_CONSUME_CHECK_CONSUMER) timestamp=10098 ms, used_size=3581952 bytes (8.7%)
(RDMA_READ_CONSUME_CHECK_CONSUMER) timestamp=10098 ms, used_size=3579904 bytes (8.7%)
(RDMA_READ_CONSUME_CHECK_CONSUMER) timestamp=10098 ms, used_size=3577856 bytes (8.7%)
(RDMA_READ_CONSUME_CHECK_CONSUMER) timestamp=10098 ms, used_size=3575808 bytes (8.7%)
(RDMA_READ_CONSUME_CHECK_CONSUMER) timestamp=10098 ms, used_size=3573760 bytes (8.7%)
(RDMA_READ_CONSUME_CHECK_CONSUMER) timestamp=10098 ms, used_size=3571712 bytes (8.7%)
(RDMA_READ_CONSUME_CHECK_CONSUMER) timestamp=10098 ms, used_size=3569664 bytes (8.7%)
(RDMA_READ_CONSUME_CHECK_CONSUMER) timestamp=10098 ms, used_size=3567616 bytes (8.7%)
(RDMA_READ_CONSUME_CHECK_CONSUMER) timestamp=10098 ms, used_size=3565568 bytes (8.7%)
(RDMA_READ_CONSUME_CHECK_CONSUMER) timestamp=10098 ms, used_size=3563520 bytes (8.7%)
(RDMA_READ_CONSUME_CHECK_CONSUMER) timestamp=10098 ms, used_size=3561472 bytes (8.7%)
(RDMA_READ_CONSUME_CHECK_CONSUMER) timestamp=10098 ms, used_size=3559424 bytes (8.7%)
(RDMA_READ_CONSUME_CHECK_CONSUMER) timestamp=10098 ms, used_size=3557376 bytes (8.7%)
(RDMA_READ_CONSUME_CHECK_CONSUMER) timestamp=10098 ms, used_size=3555328 bytes (8.7%)
(RDMA_READ_CONSUME_CHECK_CONSUMER) timestamp=10098 ms, used_size=3553280 bytes (8.7%)
(RDMA_READ_CONSUME_CHECK_CONSUMER) timestamp=10098 ms, used_size=3551232 bytes (8.7%)
(RDMA_READ_CONSUME_CHECK_CONSUMER) timestamp=10098 ms, used_size=3549184 bytes (8.7%)
(RDMA_READ_CONSUME_CHECK_CONSUMER) timestamp=10098 ms, used_size=3547136 bytes (8.7%)
(RDMA_READ_CONSUME_CHECK_CONSUMER) timestamp=10098 ms, used_size=3545088 bytes (8.7%)
(RDMA_READ_CONSUME_CHECK_CONSUMER) timestamp=10098 ms, used_size=3543040 bytes (8.7%)
(RDMA_READ_CONSUME_CHECK_CONSUMER) timestamp=10098 ms, used_size=3540992 bytes (8.6%)
(RDMA_READ_CONSUME_CHECK_CONSUMER) timestamp=10098 ms, used_size=3538944 bytes (8.6%)
(RDMA_READ_CONSUME_CHECK_CONSUMER) timestamp=10098 ms, used_size=3536896 bytes (8.6%)
(RDMA_READ_CONSUME_CHECK_CONSUMER) timestamp=10098 ms, used_size=3534848 bytes (8.6%)
(RDMA_READ_CONSUME_CHECK_CONSUMER) timestamp=10098 ms, used_size=3532800 bytes (8.6%)
(RDMA_READ_CONSUME_CHECK_CONSUMER) timestamp=10098 ms, used_size=3530752 bytes (8.6%)
(RDMA_READ_CONSUME_CHECK_CONSUMER) timestamp=10098 ms, used_size=3528704 bytes (8.6%)
(RDMA_READ_CONSUME_CHECK_CONSUMER) timestamp=10098 ms, used_size=3526656 bytes (8.6%)
(RDMA_READ_CONSUME_CHECK_CONSUMER) timestamp=10098 ms, used_size=3524608 bytes (8.6%)
(RDMA_READ_CONSUME_CHECK_CONSUMER) timestamp=10098 ms, used_size=3522560 bytes (8.6%)
(RDMA_READ_CONSUME_CHECK_CONSUMER) timestamp=10098 ms, used_size=3520512 bytes (8.6%)
(RDMA_READ_CONSUME_CHECK_CONSUMER) timestamp=10098 ms, used_size=3518464 bytes (8.6%)
(RDMA_READ_CONSUME_CHECK_CONSUMER) timestamp=10098 ms, used_size=3516416 bytes (8.6%)
(RDMA_READ_CONSUME_CHECK_CONSUMER) timestamp=10098 ms, used_size=3514368 bytes (8.6%)
(RDMA_READ_CONSUME_CHECK_CONSUMER) timestamp=10098 ms, used_size=3512320 bytes (8.6%)
(RDMA_READ_CONSUME_CHECK_CONSUMER) timestamp=10098 ms, used_size=3510272 bytes (8.6%)
(RDMA_READ_CONSUME_CHECK_CONSUMER) timestamp=10098 ms, used_size=3508224 bytes (8.6%)
(RDMA_READ_CONSUME_CHECK_CONSUMER) timestamp=10098 ms, used_size=3506176 bytes (8.6%)
(RDMA_READ_CONSUME_CHECK_CONSUMER) timestamp=10098 ms, used_size=3504128 bytes (8.6%)
(RDMA_READ_CONSUME_CHECK_CONSUMER) timestamp=10098 ms, used_size=3502080 bytes (8.6%)
(RDMA_READ_CONSUME_CHECK_CONSUMER) timestamp=10098 ms, used_size=3500032 bytes (8.5%)
(RDMA_READ_CONSUME_CHECK_CONSUMER) timestamp=10098 ms, used_size=3497984 bytes (8.5%)
(RDMA_READ_CONSUME_CHECK_CONSUMER) timestamp=10098 ms, used_size=3495936 bytes (8.5%)
(RDMA_READ_CONSUME_CHECK_CONSUMER) timestamp=10098 ms, used_size=3493888 bytes (8.5%)
(RDMA_READ_CONSUME_CHECK_CONSUMER) timestamp=10098 ms, used_size=3491840 bytes (8.5%)
(RDMA_READ_CONSUME_CHECK_CONSUMER) timestamp=10098 ms, used_size=3489792 bytes (8.5%)
(RDMA_READ_CONSUME_CHECK_CONSUMER) timestamp=10098 ms, used_size=3487744 bytes (8.5%)
(RDMA_READ_CONSUME_CHECK_CONSUMER) timestamp=10098 ms, used_size=3485696 bytes (8.5%)
(RDMA_READ_CONSUME_CHECK_CONSUMER) timestamp=10098 ms, used_size=3483648 bytes (8.5%)
(RDMA_READ_CONSUME_CHECK_CONSUMER) timestamp=10098 ms, used_size=3481600 bytes (8.5%)
(RDMA_READ_CONSUME_CHECK_CONSUMER) timestamp=10098 ms, used_size=3479552 bytes (8.5%)
(RDMA_READ_CONSUME_CHECK_CONSUMER) timestamp=10098 ms, used_size=3477504 bytes (8.5%)
(RDMA_READ_CONSUME_CHECK_CONSUMER) timestamp=10098 ms, used_size=3475456 bytes (8.5%)
(RDMA_READ_CONSUME_CHECK_CONSUMER) timestamp=10098 ms, used_size=3473408 bytes (8.5%)
(RDMA_READ_CONSUME_CHECK_CONSUMER) timestamp=10098 ms, used_size=3471360 bytes (8.5%)
(RDMA_READ_CONSUME_CHECK_CONSUMER) timestamp=10099 ms, used_size=3469312 bytes (8.5%)
(RDMA_READ_CONSUME_CHECK_CONSUMER) timestamp=10099 ms, used_size=3467264 bytes (8.5%)
(RDMA_READ_CONSUME_CHECK_CONSUMER) timestamp=10099 ms, used_size=3465216 bytes (8.5%)
(RDMA_READ_CONSUME_CHECK_CONSUMER) timestamp=10099 ms, used_size=3463168 bytes (8.5%)
(RDMA_READ_CONSUME_CHECK_CONSUMER) timestamp=10099 ms, used_size=3461120 bytes (8.4%)
(RDMA_READ_CONSUME_CHECK_CONSUMER) timestamp=10099 ms, used_size=3459072 bytes (8.4%)
(RDMA_READ_CONSUME_CHECK_CONSUMER) timestamp=10099 ms, used_size=3457024 bytes (8.4%)
(RDMA_READ_CONSUME_CHECK_CONSUMER) timestamp=10099 ms, used_size=3454976 bytes (8.4%)
(RDMA_READ_CONSUME_CHECK_CONSUMER) timestamp=10099 ms, used_size=3452928 bytes (8.4%)
(RDMA_READ_CONSUME_CHECK_CONSUMER) timestamp=10099 ms, used_size=3450880 bytes (8.4%)
(RDMA_READ_CONSUME_CHECK_CONSUMER) timestamp=10099 ms, used_size=3448832 bytes (8.4%)
(RDMA_READ_CONSUME_CHECK_CONSUMER) timestamp=10099 ms, used_size=3446784 bytes (8.4%)
(RDMA_READ_CONSUME_CHECK_CONSUMER) timestamp=10099 ms, used_size=3444736 bytes (8.4%)
(RDMA_READ_CONSUME_CHECK_CONSUMER) timestamp=10099 ms, used_size=3442688 bytes (8.4%)
(RDMA_READ_CONSUME_CHECK_CONSUMER) timestamp=10099 ms, used_size=3440640 bytes (8.4%)
(RDMA_READ_CONSUME_CHECK_CONSUMER) timestamp=10099 ms, used_size=3438592 bytes (8.4%)
(RDMA_READ_CONSUME_CHECK_CONSUMER) timestamp=10099 ms, used_size=3436544 bytes (8.4%)
(RDMA_READ_CONSUME_CHECK_CONSUMER) timestamp=10099 ms, used_size=3434496 bytes (8.4%)
(RDMA_READ_CONSUME_CHECK_CONSUMER) timestamp=10099 ms, used_size=3432448 bytes (8.4%)
(RDMA_READ_CONSUME_CHECK_CONSUMER) timestamp=10099 ms, used_size=3430400 bytes (8.4%)
(RDMA_READ_CONSUME_CHECK_CONSUMER) timestamp=10099 ms, used_size=3428352 bytes (8.4%)
(RDMA_READ_CONSUME_CHECK_CONSUMER) timestamp=10099 ms, used_size=3426304 bytes (8.4%)
(RDMA_READ_CONSUME_CHECK_CONSUMER) timestamp=10099 ms, used_size=3424256 bytes (8.4%)
(RDMA_READ_CONSUME_CHECK_CONSUMER) timestamp=10099 ms, used_size=3422208 bytes (8.4%)
(RDMA_READ_CONSUME_CHECK_CONSUMER) timestamp=10099 ms, used_size=3420160 bytes (8.3%)
(RDMA_READ_CONSUME_CHECK_CONSUMER) timestamp=10099 ms, used_size=3418112 bytes (8.3%)
(RDMA_READ_CONSUME_CHECK_CONSUMER) timestamp=10099 ms, used_size=3416064 bytes (8.3%)
(RDMA_READ_CONSUME_CHECK_CONSUMER) timestamp=10099 ms, used_size=3414016 bytes (8.3%)
(RDMA_READ_CONSUME_CHECK_CONSUMER) timestamp=10099 ms, used_size=3411968 bytes (8.3%)
(RDMA_READ_CONSUME_CHECK_CONSUMER) timestamp=10099 ms, used_size=3409920 bytes (8.3%)
(RDMA_READ_CONSUME_CHECK_CONSUMER) timestamp=10099 ms, used_size=3407872 bytes (8.3%)
(RDMA_READ_CONSUME_CHECK_CONSUMER) timestamp=10099 ms, used_size=3405824 bytes (8.3%)
(RDMA_READ_CONSUME_CHECK_CONSUMER) timestamp=10099 ms, used_size=3403776 bytes (8.3%)
(RDMA_READ_CONSUME_CHECK_CONSUMER) timestamp=10099 ms, used_size=3401728 bytes (8.3%)
(RDMA_READ_CONSUME_CHECK_CONSUMER) timestamp=10099 ms, used_size=3399680 bytes (8.3%)
(RDMA_READ_CONSUME_CHECK_CONSUMER) timestamp=10099 ms, used_size=3397632 bytes (8.3%)
(RDMA_READ_CONSUME_CHECK_CONSUMER) timestamp=10099 ms, used_size=3395584 bytes (8.3%)
(RDMA_READ_CONSUME_CHECK_CONSUMER) timestamp=10099 ms, used_size=3393536 bytes (8.3%)
(RDMA_READ_CONSUME_CHECK_CONSUMER) timestamp=10099 ms, used_size=3391488 bytes (8.3%)
(RDMA_READ_CONSUME_CHECK_CONSUMER) timestamp=10099 ms, used_size=3389440 bytes (8.3%)
(RDMA_READ_CONSUME_CHECK_CONSUMER) timestamp=10099 ms, used_size=3387392 bytes (8.3%)
(RDMA_READ_CONSUME_CHECK_CONSUMER) timestamp=10099 ms, used_size=3385344 bytes (8.3%)
(RDMA_READ_CONSUME_CHECK_CONSUMER) timestamp=10099 ms, used_size=3383296 bytes (8.3%)
(RDMA_READ_CONSUME_CHECK_CONSUMER) timestamp=10099 ms, used_size=3381248 bytes (8.3%)
(RDMA_READ_CONSUME_CHECK_CONSUMER) timestamp=10099 ms, used_size=3379200 bytes (8.2%)
(RDMA_READ_CONSUME_CHECK_CONSUMER) timestamp=10099 ms, used_size=3377152 bytes (8.2%)
(RDMA_READ_CONSUME_CHECK_CONSUMER) timestamp=10099 ms, used_size=3375104 bytes (8.2%)
(RDMA_READ_CONSUME_CHECK_CONSUMER) timestamp=10099 ms, used_size=3373056 bytes (8.2%)
(RDMA_READ_CONSUME_CHECK_CONSUMER) timestamp=10099 ms, used_size=3371008 bytes (8.2%)
(RDMA_READ_CONSUME_CHECK_CONSUMER) timestamp=10099 ms, used_size=3368960 bytes (8.2%)
(RDMA_READ_CONSUME_CHECK_CONSUMER) timestamp=10099 ms, used_size=3366912 bytes (8.2%)
(RDMA_READ_CONSUME_CHECK_CONSUMER) timestamp=10099 ms, used_size=3364864 bytes (8.2%)
(RDMA_READ_CONSUME_CHECK_CONSUMER) timestamp=10099 ms, used_size=3362816 bytes (8.2%)
(RDMA_READ_CONSUME_CHECK_CONSUMER) timestamp=10099 ms, used_size=3360768 bytes (8.2%)
(RDMA_READ_CONSUME_CHECK_CONSUMER) timestamp=10099 ms, used_size=3358720 bytes (8.2%)
(RDMA_READ_CONSUME_CHECK_CONSUMER) timestamp=10099 ms, used_size=3356672 bytes (8.2%)
(RDMA_READ_CONSUME_CHECK_CONSUMER) timestamp=10099 ms, used_size=3354624 bytes (8.2%)
(RDMA_READ_CONSUME_CHECK_CONSUMER) timestamp=10099 ms, used_size=3352576 bytes (8.2%)
(RDMA_READ_CONSUME_CHECK_CONSUMER) timestamp=10099 ms, used_size=3350528 bytes (8.2%)
(RDMA_READ_CONSUME_CHECK_CONSUMER) timestamp=10099 ms, used_size=3348480 bytes (8.2%)
(RDMA_READ_CONSUME_CHECK_CONSUMER) timestamp=10099 ms, used_size=3346432 bytes (8.2%)
(RDMA_READ_CONSUME_CHECK_CONSUMER) timestamp=10099 ms, used_size=3344384 bytes (8.2%)
(RDMA_READ_CONSUME_CHECK_CONSUMER) timestamp=10099 ms, used_size=3342336 bytes (8.2%)
(RDMA_READ_CONSUME_CHECK_CONSUMER) timestamp=10099 ms, used_size=3340288 bytes (8.2%)
(RDMA_READ_CONSUME_CHECK_CONSUMER) timestamp=10099 ms, used_size=3338240 bytes (8.2%)
(RDMA_READ_CONSUME_CHECK_CONSUMER) timestamp=10099 ms, used_size=3336192 bytes (8.1%)
(RDMA_READ_CONSUME_CHECK_CONSUMER) timestamp=10099 ms, used_size=3334144 bytes (8.1%)
(RDMA_READ_CONSUME_CHECK_CONSUMER) timestamp=10099 ms, used_size=3332096 bytes (8.1%)
(RDMA_READ_CONSUME_CHECK_CONSUMER) timestamp=10099 ms, used_size=3330048 bytes (8.1%)
(RDMA_READ_CONSUME_CHECK_CONSUMER) timestamp=10099 ms, used_size=3328000 bytes (8.1%)
(RDMA_READ_CONSUME_CHECK_CONSUMER) timestamp=10099 ms, used_size=3325952 bytes (8.1%)
(RDMA_READ_CONSUME_CHECK_CONSUMER) timestamp=10099 ms, used_size=3323904 bytes (8.1%)
(RDMA_READ_CONSUME_CHECK_CONSUMER) timestamp=10099 ms, used_size=3321856 bytes (8.1%)
(RDMA_READ_CONSUME_CHECK_CONSUMER) timestamp=10099 ms, used_size=3319808 bytes (8.1%)
(RDMA_READ_CONSUME_CHECK_CONSUMER) timestamp=10099 ms, used_size=3317760 bytes (8.1%)
(RDMA_READ_CONSUME_CHECK_CONSUMER) timestamp=10099 ms, used_size=3315712 bytes (8.1%)
(RDMA_READ_CONSUME_CHECK_CONSUMER) timestamp=10099 ms, used_size=3313664 bytes (8.1%)
(RDMA_READ_CONSUME_CHECK_CONSUMER) timestamp=10099 ms, used_size=3311616 bytes (8.1%)
(RDMA_READ_CONSUME_CHECK_CONSUMER) timestamp=10099 ms, used_size=3309568 bytes (8.1%)
(RDMA_READ_CONSUME_CHECK_CONSUMER) timestamp=10099 ms, used_size=3307520 bytes (8.1%)
(RDMA_READ_CONSUME_CHECK_CONSUMER) timestamp=10099 ms, used_size=3305472 bytes (8.1%)
(RDMA_READ_CONSUME_CHECK_CONSUMER) timestamp=10099 ms, used_size=3303424 bytes (8.1%)
(RDMA_READ_CONSUME_CHECK_CONSUMER) timestamp=10099 ms, used_size=3301376 bytes (8.1%)
(RDMA_READ_CONSUME_CHECK_CONSUMER) timestamp=10099 ms, used_size=3299328 bytes (8.1%)
(RDMA_READ_CONSUME_CHECK_CONSUMER) timestamp=10099 ms, used_size=3297280 bytes (8.1%)
(RDMA_READ_CONSUME_CHECK_CONSUMER) timestamp=10099 ms, used_size=3295232 bytes (8.0%)
(RDMA_READ_CONSUME_CHECK_CONSUMER) timestamp=10099 ms, used_size=3293184 bytes (8.0%)
(RDMA_READ_CONSUME_CHECK_CONSUMER) timestamp=10099 ms, used_size=3291136 bytes (8.0%)
(RDMA_READ_CONSUME_CHECK_CONSUMER) timestamp=10099 ms, used_size=3289088 bytes (8.0%)
(RDMA_READ_CONSUME_CHECK_CONSUMER) timestamp=10099 ms, used_size=3287040 bytes (8.0%)
(RDMA_READ_CONSUME_CHECK_CONSUMER) timestamp=10099 ms, used_size=3284992 bytes (8.0%)
(RDMA_READ_CONSUME_CHECK_CONSUMER) timestamp=10099 ms, used_size=3282944 bytes (8.0%)
(RDMA_READ_CONSUME_CHECK_CONSUMER) timestamp=10099 ms, used_size=3280896 bytes (8.0%)
(RDMA_READ_CONSUME_CHECK_CONSUMER) timestamp=10099 ms, used_size=3278848 bytes (8.0%)
(RDMA_READ_CONSUME_CHECK_CONSUMER) timestamp=10099 ms, used_size=3276800 bytes (8.0%)
(RDMA_READ_CONSUME_CHECK_CONSUMER) timestamp=10099 ms, used_size=3274752 bytes (8.0%)
(RDMA_READ_CONSUME_CHECK_CONSUMER) timestamp=10099 ms, used_size=3272704 bytes (8.0%)
(RDMA_READ_CONSUME_CHECK_CONSUMER) timestamp=10099 ms, used_size=3270656 bytes (8.0%)
(RDMA_READ_CONSUME_CHECK_CONSUMER) timestamp=10099 ms, used_size=3268608 bytes (8.0%)
(RDMA_READ_CONSUME_CHECK_CONSUMER) timestamp=10099 ms, used_size=3266560 bytes (8.0%)
(RDMA_READ_CONSUME_CHECK_CONSUMER) timestamp=10099 ms, used_size=3264512 bytes (8.0%)
(RDMA_READ_CONSUME_CHECK_CONSUMER) timestamp=10099 ms, used_size=3262464 bytes (8.0%)
(RDMA_READ_CONSUME_CHECK_CONSUMER) timestamp=10099 ms, used_size=3260416 bytes (8.0%)
(RDMA_READ_CONSUME_CHECK_CONSUMER) timestamp=10099 ms, used_size=3258368 bytes (8.0%)
(RDMA_READ_CONSUME_CHECK_CONSUMER) timestamp=10099 ms, used_size=3256320 bytes (8.0%)
(RDMA_READ_CONSUME_CHECK_CONSUMER) timestamp=10099 ms, used_size=3254272 bytes (7.9%)
(RDMA_READ_CONSUME_CHECK_CONSUMER) timestamp=10099 ms, used_size=3252224 bytes (7.9%)
(RDMA_READ_CONSUME_CHECK_CONSUMER) timestamp=10099 ms, used_size=3250176 bytes (7.9%)
(RDMA_READ_CONSUME_CHECK_CONSUMER) timestamp=10099 ms, used_size=3248128 bytes (7.9%)
(RDMA_READ_CONSUME_CHECK_CONSUMER) timestamp=10099 ms, used_size=3246080 bytes (7.9%)
(RDMA_READ_CONSUME_CHECK_CONSUMER) timestamp=10099 ms, used_size=3244032 bytes (7.9%)
(RDMA_READ_CONSUME_CHECK_CONSUMER) timestamp=10099 ms, used_size=3241984 bytes (7.9%)
(RDMA_READ_CONSUME_CHECK_CONSUMER) timestamp=10099 ms, used_size=3239936 bytes (7.9%)
(RDMA_READ_CONSUME_CHECK_CONSUMER) timestamp=10099 ms, used_size=3237888 bytes (7.9%)
(RDMA_READ_CONSUME_CHECK_CONSUMER) timestamp=10099 ms, used_size=3235840 bytes (7.9%)
(RDMA_READ_CONSUME_CHECK_CONSUMER) timestamp=10099 ms, used_size=3233792 bytes (7.9%)
(RDMA_READ_CONSUME_CHECK_CONSUMER) timestamp=10099 ms, used_size=3231744 bytes (7.9%)
(RDMA_READ_CONSUME_CHECK_CONSUMER) timestamp=10099 ms, used_size=3229696 bytes (7.9%)
(RDMA_READ_CONSUME_CHECK_CONSUMER) timestamp=10099 ms, used_size=3227648 bytes (7.9%)
(RDMA_READ_CONSUME_CHECK_CONSUMER) timestamp=10099 ms, used_size=3225600 bytes (7.9%)
(RDMA_READ_CONSUME_CHECK_CONSUMER) timestamp=10099 ms, used_size=3223552 bytes (7.9%)
(RDMA_READ_CONSUME_CHECK_CONSUMER) timestamp=10099 ms, used_size=3221504 bytes (7.9%)
(RDMA_READ_CONSUME_CHECK_CONSUMER) timestamp=10099 ms, used_size=3219456 bytes (7.9%)
(RDMA_READ_CONSUME_CHECK_CONSUMER) timestamp=10099 ms, used_size=3217408 bytes (7.9%)
(RDMA_READ_CONSUME_CHECK_CONSUMER) timestamp=10099 ms, used_size=3215360 bytes (7.8%)
(RDMA_READ_CONSUME_CHECK_CONSUMER) timestamp=10099 ms, used_size=3213312 bytes (7.8%)
(RDMA_READ_CONSUME_CHECK_CONSUMER) timestamp=10099 ms, used_size=3211264 bytes (7.8%)
(RDMA_READ_CONSUME_CHECK_CONSUMER) timestamp=10099 ms, used_size=3209216 bytes (7.8%)
(RDMA_READ_CONSUME_CHECK_CONSUMER) timestamp=10099 ms, used_size=3207168 bytes (7.8%)
(RDMA_READ_CONSUME_CHECK_CONSUMER) timestamp=10099 ms, used_size=3205120 bytes (7.8%)
(RDMA_READ_CONSUME_CHECK_CONSUMER) timestamp=10099 ms, used_size=3203072 bytes (7.8%)
(RDMA_READ_CONSUME_CHECK_CONSUMER) timestamp=10099 ms, used_size=3201024 bytes (7.8%)
(RDMA_READ_CONSUME_CHECK_CONSUMER) timestamp=10099 ms, used_size=3198976 bytes (7.8%)
(RDMA_READ_CONSUME_CHECK_CONSUMER) timestamp=10099 ms, used_size=3196928 bytes (7.8%)
(RDMA_READ_CONSUME_CHECK_CONSUMER) timestamp=10099 ms, used_size=3194880 bytes (7.8%)
(RDMA_READ_CONSUME_CHECK_CONSUMER) timestamp=10099 ms, used_size=3192832 bytes (7.8%)
(RDMA_READ_CONSUME_CHECK_CONSUMER) timestamp=10099 ms, used_size=3190784 bytes (7.8%)
(RDMA_READ_CONSUME_CHECK_CONSUMER) timestamp=10099 ms, used_size=3188736 bytes (7.8%)
(RDMA_READ_CONSUME_CHECK_CONSUMER) timestamp=10099 ms, used_size=3186688 bytes (7.8%)
(RDMA_READ_CONSUME_CHECK_CONSUMER) timestamp=10099 ms, used_size=3184640 bytes (7.8%)
(RDMA_READ_CONSUME_CHECK_CONSUMER) timestamp=10099 ms, used_size=3182592 bytes (7.8%)
(RDMA_READ_CONSUME_CHECK_CONSUMER) timestamp=10099 ms, used_size=3180544 bytes (7.8%)
(RDMA_READ_CONSUME_CHECK_CONSUMER) timestamp=10099 ms, used_size=3178496 bytes (7.8%)
(RDMA_READ_CONSUME_CHECK_CONSUMER) timestamp=10099 ms, used_size=3176448 bytes (7.8%)
(RDMA_READ_CONSUME_CHECK_CONSUMER) timestamp=10099 ms, used_size=3174400 bytes (7.8%)
(RDMA_READ_CONSUME_CHECK_CONSUMER) timestamp=10099 ms, used_size=3172352 bytes (7.7%)
(RDMA_READ_CONSUME_CHECK_CONSUMER) timestamp=10099 ms, used_size=3170304 bytes (7.7%)
(RDMA_READ_CONSUME_CHECK_CONSUMER) timestamp=10099 ms, used_size=3168256 bytes (7.7%)
(RDMA_READ_CONSUME_CHECK_CONSUMER) timestamp=10099 ms, used_size=3166208 bytes (7.7%)
(RDMA_READ_CONSUME_CHECK_CONSUMER) timestamp=10099 ms, used_size=3164160 bytes (7.7%)
(RDMA_READ_CONSUME_CHECK_CONSUMER) timestamp=10099 ms, used_size=3162112 bytes (7.7%)
(RDMA_READ_CONSUME_CHECK_CONSUMER) timestamp=10099 ms, used_size=3160064 bytes (7.7%)
(RDMA_READ_CONSUME_CHECK_CONSUMER) timestamp=10099 ms, used_size=3158016 bytes (7.7%)
(RDMA_READ_CONSUME_CHECK_CONSUMER) timestamp=10099 ms, used_size=3155968 bytes (7.7%)
(RDMA_READ_CONSUME_CHECK_CONSUMER) timestamp=10099 ms, used_size=3153920 bytes (7.7%)
(RDMA_READ_CONSUME_CHECK_CONSUMER) timestamp=10099 ms, used_size=3151872 bytes (7.7%)
(RDMA_READ_CONSUME_CHECK_CONSUMER) timestamp=10099 ms, used_size=3149824 bytes (7.7%)
(RDMA_READ_CONSUME_CHECK_CONSUMER) timestamp=10099 ms, used_size=3147776 bytes (7.7%)
(RDMA_READ_CONSUME_CHECK_CONSUMER) timestamp=10099 ms, used_size=3145728 bytes (7.7%)
(RDMA_READ_CONSUME_CHECK_CONSUMER) timestamp=10099 ms, used_size=3143680 bytes (7.7%)
(RDMA_READ_CONSUME_CHECK_CONSUMER) timestamp=10099 ms, used_size=3141632 bytes (7.7%)
(RDMA_READ_CONSUME_CHECK_CONSUMER) timestamp=10099 ms, used_size=3139584 bytes (7.7%)
(RDMA_READ_CONSUME_CHECK_CONSUMER) timestamp=10099 ms, used_size=3137536 bytes (7.7%)
(RDMA_READ_CONSUME_CHECK_CONSUMER) timestamp=10099 ms, used_size=3135488 bytes (7.7%)
(RDMA_READ_CONSUME_CHECK_CONSUMER) timestamp=10099 ms, used_size=3133440 bytes (7.7%)
(RDMA_READ_CONSUME_CHECK_CONSUMER) timestamp=10099 ms, used_size=3131392 bytes (7.6%)
(RDMA_READ_CONSUME_CHECK_CONSUMER) timestamp=10099 ms, used_size=3129344 bytes (7.6%)
(RDMA_READ_CONSUME_CHECK_CONSUMER) timestamp=10099 ms, used_size=3127296 bytes (7.6%)
(RDMA_READ_CONSUME_CHECK_CONSUMER) timestamp=10099 ms, used_size=3125248 bytes (7.6%)
(RDMA_READ_CONSUME_CHECK_CONSUMER) timestamp=10099 ms, used_size=3123200 bytes (7.6%)
(RDMA_READ_CONSUME_CHECK_CONSUMER) timestamp=10099 ms, used_size=3121152 bytes (7.6%)
(RDMA_READ_CONSUME_CHECK_CONSUMER) timestamp=10100 ms, used_size=3119104 bytes (7.6%)
(RDMA_READ_CONSUME_CHECK_CONSUMER) timestamp=10100 ms, used_size=3117056 bytes (7.6%)
(RDMA_READ_CONSUME_CHECK_CONSUMER) timestamp=10100 ms, used_size=3115008 bytes (7.6%)
(RDMA_READ_CONSUME_CHECK_CONSUMER) timestamp=10100 ms, used_size=3112960 bytes (7.6%)
(RDMA_READ_CONSUME_CHECK_CONSUMER) timestamp=10100 ms, used_size=3110912 bytes (7.6%)
(RDMA_READ_CONSUME_CHECK_CONSUMER) timestamp=10100 ms, used_size=3108864 bytes (7.6%)
(RDMA_READ_CONSUME_CHECK_CONSUMER) timestamp=10100 ms, used_size=3106816 bytes (7.6%)
(RDMA_READ_CONSUME_CHECK_CONSUMER) timestamp=10100 ms, used_size=3104768 bytes (7.6%)
(RDMA_READ_CONSUME_CHECK_CONSUMER) timestamp=10100 ms, used_size=3102720 bytes (7.6%)
(RDMA_READ_CONSUME_CHECK_CONSUMER) timestamp=10100 ms, used_size=3100672 bytes (7.6%)
(RDMA_READ_CONSUME_CHECK_CONSUMER) timestamp=10100 ms, used_size=3098624 bytes (7.6%)
(RDMA_READ_CONSUME_CHECK_CONSUMER) timestamp=10100 ms, used_size=3096576 bytes (7.6%)
(RDMA_READ_CONSUME_CHECK_CONSUMER) timestamp=10100 ms, used_size=3094528 bytes (7.6%)
(RDMA_READ_CONSUME_CHECK_CONSUMER) timestamp=10100 ms, used_size=3092480 bytes (7.5%)
(RDMA_READ_CONSUME_CHECK_CONSUMER) timestamp=10100 ms, used_size=3090432 bytes (7.5%)
(RDMA_READ_CONSUME_CHECK_CONSUMER) timestamp=10100 ms, used_size=3088384 bytes (7.5%)
(RDMA_READ_CONSUME_CHECK_CONSUMER) timestamp=10100 ms, used_size=3086336 bytes (7.5%)
(RDMA_READ_CONSUME_CHECK_CONSUMER) timestamp=10100 ms, used_size=3084288 bytes (7.5%)
(RDMA_READ_CONSUME_CHECK_CONSUMER) timestamp=10100 ms, used_size=3082240 bytes (7.5%)
(RDMA_READ_CONSUME_CHECK_CONSUMER) timestamp=10100 ms, used_size=3080192 bytes (7.5%)
(RDMA_READ_CONSUME_CHECK_CONSUMER) timestamp=10100 ms, used_size=3078144 bytes (7.5%)
(RDMA_READ_CONSUME_CHECK_CONSUMER) timestamp=10100 ms, used_size=3076096 bytes (7.5%)
(RDMA_READ_CONSUME_CHECK_CONSUMER) timestamp=10100 ms, used_size=3074048 bytes (7.5%)
(RDMA_READ_CONSUME_CHECK_CONSUMER) timestamp=10100 ms, used_size=3072000 bytes (7.5%)
(RDMA_READ_CONSUME_CHECK_CONSUMER) timestamp=10100 ms, used_size=3069952 bytes (7.5%)
(RDMA_READ_CONSUME_CHECK_CONSUMER) timestamp=10100 ms, used_size=3067904 bytes (7.5%)
(RDMA_READ_CONSUME_CHECK_CONSUMER) timestamp=10100 ms, used_size=3065856 bytes (7.5%)
(RDMA_READ_CONSUME_CHECK_CONSUMER) timestamp=10100 ms, used_size=3063808 bytes (7.5%)
(RDMA_READ_CONSUME_CHECK_CONSUMER) timestamp=10100 ms, used_size=3061760 bytes (7.5%)
(RDMA_READ_CONSUME_CHECK_CONSUMER) timestamp=10100 ms, used_size=3059712 bytes (7.5%)
(RDMA_READ_CONSUME_CHECK_CONSUMER) timestamp=10100 ms, used_size=3057664 bytes (7.5%)
(RDMA_READ_CONSUME_CHECK_CONSUMER) timestamp=10100 ms, used_size=3055616 bytes (7.5%)
(RDMA_READ_CONSUME_CHECK_CONSUMER) timestamp=10100 ms, used_size=3053568 bytes (7.5%)
(RDMA_READ_CONSUME_CHECK_CONSUMER) timestamp=10100 ms, used_size=3051520 bytes (7.5%)
(RDMA_READ_CONSUME_CHECK_CONSUMER) timestamp=10100 ms, used_size=3049472 bytes (7.4%)
(RDMA_READ_CONSUME_CHECK_CONSUMER) timestamp=10100 ms, used_size=3047424 bytes (7.4%)
(RDMA_READ_CONSUME_CHECK_CONSUMER) timestamp=10100 ms, used_size=3045376 bytes (7.4%)
(RDMA_READ_CONSUME_CHECK_CONSUMER) timestamp=10100 ms, used_size=3043328 bytes (7.4%)
(RDMA_READ_CONSUME_CHECK_CONSUMER) timestamp=10100 ms, used_size=3041280 bytes (7.4%)
(RDMA_READ_CONSUME_CHECK_CONSUMER) timestamp=10100 ms, used_size=3039232 bytes (7.4%)
(RDMA_READ_CONSUME_CHECK_CONSUMER) timestamp=10100 ms, used_size=3037184 bytes (7.4%)
(RDMA_READ_CONSUME_CHECK_CONSUMER) timestamp=10100 ms, used_size=3035136 bytes (7.4%)
(RDMA_READ_CONSUME_CHECK_CONSUMER) timestamp=10100 ms, used_size=3033088 bytes (7.4%)
(RDMA_READ_CONSUME_CHECK_CONSUMER) timestamp=10100 ms, used_size=3031040 bytes (7.4%)
(RDMA_READ_CONSUME_CHECK_CONSUMER) timestamp=10100 ms, used_size=3028992 bytes (7.4%)
(RDMA_READ_CONSUME_CHECK_CONSUMER) timestamp=10100 ms, used_size=3026944 bytes (7.4%)
(RDMA_READ_CONSUME_CHECK_CONSUMER) timestamp=10100 ms, used_size=3024896 bytes (7.4%)
(RDMA_READ_CONSUME_CHECK_CONSUMER) timestamp=10100 ms, used_size=3022848 bytes (7.4%)
(RDMA_READ_CONSUME_CHECK_CONSUMER) timestamp=10100 ms, used_size=3020800 bytes (7.4%)
(RDMA_READ_CONSUME_CHECK_CONSUMER) timestamp=10100 ms, used_size=3018752 bytes (7.4%)
(RDMA_READ_CONSUME_CHECK_CONSUMER) timestamp=10100 ms, used_size=3016704 bytes (7.4%)
(RDMA_READ_CONSUME_CHECK_CONSUMER) timestamp=10100 ms, used_size=3014656 bytes (7.4%)
(RDMA_READ_CONSUME_CHECK_CONSUMER) timestamp=10100 ms, used_size=3012608 bytes (7.4%)
(RDMA_READ_CONSUME_CHECK_CONSUMER) timestamp=10100 ms, used_size=3010560 bytes (7.3%)
(RDMA_READ_CONSUME_CHECK_CONSUMER) timestamp=10100 ms, used_size=3008512 bytes (7.3%)
(RDMA_READ_CONSUME_CHECK_CONSUMER) timestamp=10100 ms, used_size=3006464 bytes (7.3%)
(RDMA_READ_CONSUME_CHECK_CONSUMER) timestamp=10100 ms, used_size=3004416 bytes (7.3%)
(RDMA_READ_CONSUME_CHECK_CONSUMER) timestamp=10100 ms, used_size=3002368 bytes (7.3%)
(RDMA_READ_CONSUME_CHECK_CONSUMER) timestamp=10100 ms, used_size=3000320 bytes (7.3%)
(RDMA_READ_CONSUME_CHECK_CONSUMER) timestamp=10100 ms, used_size=2998272 bytes (7.3%)
(RDMA_READ_CONSUME_CHECK_CONSUMER) timestamp=10100 ms, used_size=2996224 bytes (7.3%)
(RDMA_READ_CONSUME_CHECK_CONSUMER) timestamp=10100 ms, used_size=2994176 bytes (7.3%)
(RDMA_READ_CONSUME_CHECK_CONSUMER) timestamp=10100 ms, used_size=2992128 bytes (7.3%)
(RDMA_READ_CONSUME_CHECK_CONSUMER) timestamp=10100 ms, used_size=2990080 bytes (7.3%)
(RDMA_READ_CONSUME_CHECK_CONSUMER) timestamp=10100 ms, used_size=2988032 bytes (7.3%)
(RDMA_READ_CONSUME_CHECK_CONSUMER) timestamp=10100 ms, used_size=2985984 bytes (7.3%)
(RDMA_READ_CONSUME_CHECK_CONSUMER) timestamp=10100 ms, used_size=2983936 bytes (7.3%)
(RDMA_READ_CONSUME_CHECK_CONSUMER) timestamp=10100 ms, used_size=2981888 bytes (7.3%)
(RDMA_READ_CONSUME_CHECK_CONSUMER) timestamp=10100 ms, used_size=2979840 bytes (7.3%)
(RDMA_READ_CONSUME_CHECK_CONSUMER) timestamp=10100 ms, used_size=2977792 bytes (7.3%)
(RDMA_READ_CONSUME_CHECK_CONSUMER) timestamp=10100 ms, used_size=2975744 bytes (7.3%)
(RDMA_READ_CONSUME_CHECK_CONSUMER) timestamp=10100 ms, used_size=2973696 bytes (7.3%)
(RDMA_READ_CONSUME_CHECK_CONSUMER) timestamp=10100 ms, used_size=2971648 bytes (7.3%)
(RDMA_READ_CONSUME_CHECK_CONSUMER) timestamp=10100 ms, used_size=2969600 bytes (7.2%)
(RDMA_READ_CONSUME_CHECK_CONSUMER) timestamp=10100 ms, used_size=2967552 bytes (7.2%)
(RDMA_READ_CONSUME_CHECK_CONSUMER) timestamp=10100 ms, used_size=2965504 bytes (7.2%)
(RDMA_READ_CONSUME_CHECK_CONSUMER) timestamp=10100 ms, used_size=2963456 bytes (7.2%)
(RDMA_READ_CONSUME_CHECK_CONSUMER) timestamp=10100 ms, used_size=2961408 bytes (7.2%)
(RDMA_READ_CONSUME_CHECK_CONSUMER) timestamp=10100 ms, used_size=2959360 bytes (7.2%)
(RDMA_READ_CONSUME_CHECK_CONSUMER) timestamp=10100 ms, used_size=2957312 bytes (7.2%)
(RDMA_READ_CONSUME_CHECK_CONSUMER) timestamp=10100 ms, used_size=2955264 bytes (7.2%)
(RDMA_READ_CONSUME_CHECK_CONSUMER) timestamp=10100 ms, used_size=2953216 bytes (7.2%)
(RDMA_READ_CONSUME_CHECK_CONSUMER) timestamp=10100 ms, used_size=2951168 bytes (7.2%)
(RDMA_READ_CONSUME_CHECK_CONSUMER) timestamp=10100 ms, used_size=2949120 bytes (7.2%)
(RDMA_READ_CONSUME_CHECK_CONSUMER) timestamp=10100 ms, used_size=2947072 bytes (7.2%)
(RDMA_READ_CONSUME_CHECK_CONSUMER) timestamp=10100 ms, used_size=2945024 bytes (7.2%)
(RDMA_READ_CONSUME_CHECK_CONSUMER) timestamp=10100 ms, used_size=2942976 bytes (7.2%)
(RDMA_READ_CONSUME_CHECK_CONSUMER) timestamp=10100 ms, used_size=2940928 bytes (7.2%)
(RDMA_READ_CONSUME_CHECK_CONSUMER) timestamp=10100 ms, used_size=2938880 bytes (7.2%)
(RDMA_READ_CONSUME_CHECK_CONSUMER) timestamp=10100 ms, used_size=2936832 bytes (7.2%)
(RDMA_READ_CONSUME_CHECK_CONSUMER) timestamp=10100 ms, used_size=2934784 bytes (7.2%)
(RDMA_READ_CONSUME_CHECK_CONSUMER) timestamp=10100 ms, used_size=2932736 bytes (7.2%)
(RDMA_READ_CONSUME_CHECK_CONSUMER) timestamp=10100 ms, used_size=2930688 bytes (7.2%)
(RDMA_READ_CONSUME_CHECK_CONSUMER) timestamp=10100 ms, used_size=2928640 bytes (7.2%)
(RDMA_READ_CONSUME_CHECK_CONSUMER) timestamp=10100 ms, used_size=2926592 bytes (7.1%)
(RDMA_READ_CONSUME_CHECK_CONSUMER) timestamp=10100 ms, used_size=2924544 bytes (7.1%)
(RDMA_READ_CONSUME_CHECK_CONSUMER) timestamp=10100 ms, used_size=2922496 bytes (7.1%)
(RDMA_READ_CONSUME_CHECK_CONSUMER) timestamp=10100 ms, used_size=2920448 bytes (7.1%)
(RDMA_READ_CONSUME_CHECK_CONSUMER) timestamp=10100 ms, used_size=2918400 bytes (7.1%)
(RDMA_READ_CONSUME_CHECK_CONSUMER) timestamp=10100 ms, used_size=2916352 bytes (7.1%)
(RDMA_READ_CONSUME_CHECK_CONSUMER) timestamp=10100 ms, used_size=2914304 bytes (7.1%)
(RDMA_READ_CONSUME_CHECK_CONSUMER) timestamp=10100 ms, used_size=2912256 bytes (7.1%)
(RDMA_READ_CONSUME_CHECK_CONSUMER) timestamp=10100 ms, used_size=2910208 bytes (7.1%)
(RDMA_READ_CONSUME_CHECK_CONSUMER) timestamp=10100 ms, used_size=2908160 bytes (7.1%)
(RDMA_READ_CONSUME_CHECK_CONSUMER) timestamp=10100 ms, used_size=2906112 bytes (7.1%)
(RDMA_READ_CONSUME_CHECK_CONSUMER) timestamp=10100 ms, used_size=2904064 bytes (7.1%)
(RDMA_READ_CONSUME_CHECK_CONSUMER) timestamp=10100 ms, used_size=2902016 bytes (7.1%)
(RDMA_READ_CONSUME_CHECK_CONSUMER) timestamp=10100 ms, used_size=2899968 bytes (7.1%)
(RDMA_READ_CONSUME_CHECK_CONSUMER) timestamp=10100 ms, used_size=2897920 bytes (7.1%)
(RDMA_READ_CONSUME_CHECK_CONSUMER) timestamp=10100 ms, used_size=2895872 bytes (7.1%)
(RDMA_READ_CONSUME_CHECK_CONSUMER) timestamp=10100 ms, used_size=2893824 bytes (7.1%)
(RDMA_READ_CONSUME_CHECK_CONSUMER) timestamp=10100 ms, used_size=2891776 bytes (7.1%)
(RDMA_READ_CONSUME_CHECK_CONSUMER) timestamp=10100 ms, used_size=2889728 bytes (7.1%)
(RDMA_READ_CONSUME_CHECK_CONSUMER) timestamp=10100 ms, used_size=2887680 bytes (7.0%)
(RDMA_READ_CONSUME_CHECK_CONSUMER) timestamp=10100 ms, used_size=2885632 bytes (7.0%)
(RDMA_READ_CONSUME_CHECK_CONSUMER) timestamp=10100 ms, used_size=2883584 bytes (7.0%)
(RDMA_READ_CONSUME_CHECK_CONSUMER) timestamp=10100 ms, used_size=2881536 bytes (7.0%)
(RDMA_READ_CONSUME_CHECK_CONSUMER) timestamp=10100 ms, used_size=2879488 bytes (7.0%)
(RDMA_READ_CONSUME_CHECK_CONSUMER) timestamp=10100 ms, used_size=2877440 bytes (7.0%)
(RDMA_READ_CONSUME_CHECK_CONSUMER) timestamp=10100 ms, used_size=2875392 bytes (7.0%)
(RDMA_READ_CONSUME_CHECK_CONSUMER) timestamp=10100 ms, used_size=2873344 bytes (7.0%)
(RDMA_READ_CONSUME_CHECK_CONSUMER) timestamp=10100 ms, used_size=2871296 bytes (7.0%)
(RDMA_READ_CONSUME_CHECK_CONSUMER) timestamp=10100 ms, used_size=2869248 bytes (7.0%)
(RDMA_READ_CONSUME_CHECK_CONSUMER) timestamp=10100 ms, used_size=2867200 bytes (7.0%)
(RDMA_READ_CONSUME_CHECK_CONSUMER) timestamp=10100 ms, used_size=2865152 bytes (7.0%)
(RDMA_READ_CONSUME_CHECK_CONSUMER) timestamp=10100 ms, used_size=2863104 bytes (7.0%)
(RDMA_READ_CONSUME_CHECK_CONSUMER) timestamp=10100 ms, used_size=2861056 bytes (7.0%)
(RDMA_READ_CONSUME_CHECK_CONSUMER) timestamp=10100 ms, used_size=2859008 bytes (7.0%)
(RDMA_READ_CONSUME_CHECK_CONSUMER) timestamp=10100 ms, used_size=2856960 bytes (7.0%)
(RDMA_READ_CONSUME_CHECK_CONSUMER) timestamp=10100 ms, used_size=2854912 bytes (7.0%)
(RDMA_READ_CONSUME_CHECK_CONSUMER) timestamp=10100 ms, used_size=2852864 bytes (7.0%)
(RDMA_READ_CONSUME_CHECK_CONSUMER) timestamp=10100 ms, used_size=2850816 bytes (7.0%)
(RDMA_READ_CONSUME_CHECK_CONSUMER) timestamp=10100 ms, used_size=2848768 bytes (7.0%)
(RDMA_READ_CONSUME_CHECK_CONSUMER) timestamp=10100 ms, used_size=2846720 bytes (7.0%)
(RDMA_READ_CONSUME_CHECK_CONSUMER) timestamp=10100 ms, used_size=2844672 bytes (6.9%)
(RDMA_READ_CONSUME_CHECK_CONSUMER) timestamp=10100 ms, used_size=2842624 bytes (6.9%)
(RDMA_READ_CONSUME_CHECK_CONSUMER) timestamp=10100 ms, used_size=2840576 bytes (6.9%)
(RDMA_READ_CONSUME_CHECK_CONSUMER) timestamp=10100 ms, used_size=2838528 bytes (6.9%)
(RDMA_READ_CONSUME_CHECK_CONSUMER) timestamp=10100 ms, used_size=2836480 bytes (6.9%)
(RDMA_READ_CONSUME_CHECK_CONSUMER) timestamp=10100 ms, used_size=2834432 bytes (6.9%)
(RDMA_READ_CONSUME_CHECK_CONSUMER) timestamp=10100 ms, used_size=2832384 bytes (6.9%)
(RDMA_READ_CONSUME_CHECK_CONSUMER) timestamp=10100 ms, used_size=2830336 bytes (6.9%)
(RDMA_READ_CONSUME_CHECK_CONSUMER) timestamp=10100 ms, used_size=2828288 bytes (6.9%)
(RDMA_READ_CONSUME_CHECK_CONSUMER) timestamp=10100 ms, used_size=2826240 bytes (6.9%)
(RDMA_READ_CONSUME_CHECK_CONSUMER) timestamp=10100 ms, used_size=2824192 bytes (6.9%)
(RDMA_READ_CONSUME_CHECK_CONSUMER) timestamp=10100 ms, used_size=2822144 bytes (6.9%)
(RDMA_READ_CONSUME_CHECK_CONSUMER) timestamp=10100 ms, used_size=2820096 bytes (6.9%)
(RDMA_READ_CONSUME_CHECK_CONSUMER) timestamp=10100 ms, used_size=2818048 bytes (6.9%)
(RDMA_READ_CONSUME_CHECK_CONSUMER) timestamp=10100 ms, used_size=2816000 bytes (6.9%)
(RDMA_READ_CONSUME_CHECK_CONSUMER) timestamp=10100 ms, used_size=2813952 bytes (6.9%)
(RDMA_READ_CONSUME_CHECK_CONSUMER) timestamp=10100 ms, used_size=2811904 bytes (6.9%)
(RDMA_READ_CONSUME_CHECK_CONSUMER) timestamp=10100 ms, used_size=2809856 bytes (6.9%)
(RDMA_READ_CONSUME_CHECK_CONSUMER) timestamp=10100 ms, used_size=2807808 bytes (6.9%)
(RDMA_READ_CONSUME_CHECK_CONSUMER) timestamp=10100 ms, used_size=2805760 bytes (6.8%)
(RDMA_READ_CONSUME_CHECK_CONSUMER) timestamp=10100 ms, used_size=2803712 bytes (6.8%)
(RDMA_READ_CONSUME_CHECK_CONSUMER) timestamp=10100 ms, used_size=2801664 bytes (6.8%)
(RDMA_READ_CONSUME_CHECK_CONSUMER) timestamp=10100 ms, used_size=2799616 bytes (6.8%)
(RDMA_READ_CONSUME_CHECK_CONSUMER) timestamp=10100 ms, used_size=2797568 bytes (6.8%)
(RDMA_READ_CONSUME_CHECK_CONSUMER) timestamp=10100 ms, used_size=2795520 bytes (6.8%)
(RDMA_READ_CONSUME_CHECK_CONSUMER) timestamp=10100 ms, used_size=2793472 bytes (6.8%)
(RDMA_READ_CONSUME_CHECK_CONSUMER) timestamp=10100 ms, used_size=2791424 bytes (6.8%)
(RDMA_READ_CONSUME_CHECK_CONSUMER) timestamp=10100 ms, used_size=2789376 bytes (6.8%)
(RDMA_READ_CONSUME_CHECK_CONSUMER) timestamp=10100 ms, used_size=2787328 bytes (6.8%)
(RDMA_READ_CONSUME_CHECK_CONSUMER) timestamp=10100 ms, used_size=2785280 bytes (6.8%)
(RDMA_READ_CONSUME_CHECK_CONSUMER) timestamp=10100 ms, used_size=2783232 bytes (6.8%)
(RDMA_READ_CONSUME_CHECK_CONSUMER) timestamp=10100 ms, used_size=2781184 bytes (6.8%)
(RDMA_READ_CONSUME_CHECK_CONSUMER) timestamp=10100 ms, used_size=2779136 bytes (6.8%)
(RDMA_READ_CONSUME_CHECK_CONSUMER) timestamp=10100 ms, used_size=2777088 bytes (6.8%)
(RDMA_READ_CONSUME_CHECK_CONSUMER) timestamp=10101 ms, used_size=2775040 bytes (6.8%)
(RDMA_READ_CONSUME_CHECK_CONSUMER) timestamp=10101 ms, used_size=2772992 bytes (6.8%)
(RDMA_READ_CONSUME_CHECK_CONSUMER) timestamp=10101 ms, used_size=2770944 bytes (6.8%)
(RDMA_READ_CONSUME_CHECK_CONSUMER) timestamp=10101 ms, used_size=2768896 bytes (6.8%)
(RDMA_READ_CONSUME_CHECK_CONSUMER) timestamp=10101 ms, used_size=2766848 bytes (6.8%)
(RDMA_READ_CONSUME_CHECK_CONSUMER) timestamp=10101 ms, used_size=2764800 bytes (6.8%)
(RDMA_READ_CONSUME_CHECK_CONSUMER) timestamp=10101 ms, used_size=2762752 bytes (6.7%)
(RDMA_READ_CONSUME_CHECK_CONSUMER) timestamp=10101 ms, used_size=2760704 bytes (6.7%)
(RDMA_READ_CONSUME_CHECK_CONSUMER) timestamp=10101 ms, used_size=2758656 bytes (6.7%)
(RDMA_READ_CONSUME_CHECK_CONSUMER) timestamp=10101 ms, used_size=2756608 bytes (6.7%)
(RDMA_READ_CONSUME_CHECK_CONSUMER) timestamp=10101 ms, used_size=2754560 bytes (6.7%)
(RDMA_READ_CONSUME_CHECK_CONSUMER) timestamp=10101 ms, used_size=2752512 bytes (6.7%)
(RDMA_READ_CONSUME_CHECK_CONSUMER) timestamp=10101 ms, used_size=2750464 bytes (6.7%)
(RDMA_READ_CONSUME_CHECK_CONSUMER) timestamp=10101 ms, used_size=2748416 bytes (6.7%)
(RDMA_READ_CONSUME_CHECK_CONSUMER) timestamp=10101 ms, used_size=2746368 bytes (6.7%)
(RDMA_READ_CONSUME_CHECK_CONSUMER) timestamp=10101 ms, used_size=2744320 bytes (6.7%)
(RDMA_READ_CONSUME_CHECK_CONSUMER) timestamp=10101 ms, used_size=2742272 bytes (6.7%)
(RDMA_READ_CONSUME_CHECK_CONSUMER) timestamp=10101 ms, used_size=2740224 bytes (6.7%)
(RDMA_READ_CONSUME_CHECK_CONSUMER) timestamp=10101 ms, used_size=2738176 bytes (6.7%)
(RDMA_READ_CONSUME_CHECK_CONSUMER) timestamp=10101 ms, used_size=2736128 bytes (6.7%)
(RDMA_READ_CONSUME_CHECK_CONSUMER) timestamp=10101 ms, used_size=2734080 bytes (6.7%)
(RDMA_READ_CONSUME_CHECK_CONSUMER) timestamp=10101 ms, used_size=2732032 bytes (6.7%)
(RDMA_READ_CONSUME_CHECK_CONSUMER) timestamp=10101 ms, used_size=2729984 bytes (6.7%)
(RDMA_READ_CONSUME_CHECK_CONSUMER) timestamp=10101 ms, used_size=2727936 bytes (6.7%)
(RDMA_READ_CONSUME_CHECK_CONSUMER) timestamp=10101 ms, used_size=2725888 bytes (6.7%)
(RDMA_READ_CONSUME_CHECK_CONSUMER) timestamp=10101 ms, used_size=2723840 bytes (6.7%)
(RDMA_READ_CONSUME_CHECK_CONSUMER) timestamp=10101 ms, used_size=2721792 bytes (6.6%)
(RDMA_READ_CONSUME_CHECK_CONSUMER) timestamp=10101 ms, used_size=2719744 bytes (6.6%)
(RDMA_READ_CONSUME_CHECK_CONSUMER) timestamp=10101 ms, used_size=2717696 bytes (6.6%)
(RDMA_READ_CONSUME_CHECK_CONSUMER) timestamp=10101 ms, used_size=2715648 bytes (6.6%)
(RDMA_READ_CONSUME_CHECK_CONSUMER) timestamp=10101 ms, used_size=2713600 bytes (6.6%)
(RDMA_READ_CONSUME_CHECK_CONSUMER) timestamp=10101 ms, used_size=2711552 bytes (6.6%)
(RDMA_READ_CONSUME_CHECK_CONSUMER) timestamp=10101 ms, used_size=2709504 bytes (6.6%)
(RDMA_READ_CONSUME_CHECK_CONSUMER) timestamp=10101 ms, used_size=2707456 bytes (6.6%)
(RDMA_READ_CONSUME_CHECK_CONSUMER) timestamp=10101 ms, used_size=2705408 bytes (6.6%)
(RDMA_READ_CONSUME_CHECK_CONSUMER) timestamp=10101 ms, used_size=2703360 bytes (6.6%)
(RDMA_READ_CONSUME_CHECK_CONSUMER) timestamp=10101 ms, used_size=2701312 bytes (6.6%)
(RDMA_READ_CONSUME_CHECK_CONSUMER) timestamp=10101 ms, used_size=2699264 bytes (6.6%)
(RDMA_READ_CONSUME_CHECK_CONSUMER) timestamp=10101 ms, used_size=2697216 bytes (6.6%)
(RDMA_READ_CONSUME_CHECK_CONSUMER) timestamp=10101 ms, used_size=2695168 bytes (6.6%)
(RDMA_READ_CONSUME_CHECK_CONSUMER) timestamp=10101 ms, used_size=2693120 bytes (6.6%)
(RDMA_READ_CONSUME_CHECK_CONSUMER) timestamp=10101 ms, used_size=2691072 bytes (6.6%)
(RDMA_READ_CONSUME_CHECK_CONSUMER) timestamp=10101 ms, used_size=2689024 bytes (6.6%)
(RDMA_READ_CONSUME_CHECK_CONSUMER) timestamp=10101 ms, used_size=2686976 bytes (6.6%)
(RDMA_READ_CONSUME_CHECK_CONSUMER) timestamp=10101 ms, used_size=2684928 bytes (6.6%)
(RDMA_READ_CONSUME_CHECK_CONSUMER) timestamp=10101 ms, used_size=2682880 bytes (6.5%)
(RDMA_READ_CONSUME_CHECK_CONSUMER) timestamp=10101 ms, used_size=2680832 bytes (6.5%)
(RDMA_READ_CONSUME_CHECK_CONSUMER) timestamp=10101 ms, used_size=2678784 bytes (6.5%)
(RDMA_READ_CONSUME_CHECK_CONSUMER) timestamp=10101 ms, used_size=2676736 bytes (6.5%)
(RDMA_READ_CONSUME_CHECK_CONSUMER) timestamp=10101 ms, used_size=2674688 bytes (6.5%)
(RDMA_READ_CONSUME_CHECK_CONSUMER) timestamp=10101 ms, used_size=2672640 bytes (6.5%)
(RDMA_READ_CONSUME_CHECK_CONSUMER) timestamp=10101 ms, used_size=2670592 bytes (6.5%)
(RDMA_READ_CONSUME_CHECK_CONSUMER) timestamp=10101 ms, used_size=2668544 bytes (6.5%)
(RDMA_READ_CONSUME_CHECK_CONSUMER) timestamp=10101 ms, used_size=2666496 bytes (6.5%)
(RDMA_READ_CONSUME_CHECK_CONSUMER) timestamp=10101 ms, used_size=2664448 bytes (6.5%)
(RDMA_READ_CONSUME_CHECK_CONSUMER) timestamp=10101 ms, used_size=2662400 bytes (6.5%)
(RDMA_READ_CONSUME_CHECK_CONSUMER) timestamp=10101 ms, used_size=2660352 bytes (6.5%)
(RDMA_READ_CONSUME_CHECK_CONSUMER) timestamp=10101 ms, used_size=2658304 bytes (6.5%)
(RDMA_READ_CONSUME_CHECK_CONSUMER) timestamp=10101 ms, used_size=2656256 bytes (6.5%)
(RDMA_READ_CONSUME_CHECK_CONSUMER) timestamp=10101 ms, used_size=2654208 bytes (6.5%)
(RDMA_READ_CONSUME_CHECK_CONSUMER) timestamp=10101 ms, used_size=2652160 bytes (6.5%)
(RDMA_READ_CONSUME_CHECK_CONSUMER) timestamp=10101 ms, used_size=2650112 bytes (6.5%)
(RDMA_READ_CONSUME_CHECK_CONSUMER) timestamp=10101 ms, used_size=2648064 bytes (6.5%)
(RDMA_READ_CONSUME_CHECK_CONSUMER) timestamp=10101 ms, used_size=2646016 bytes (6.5%)
(RDMA_READ_CONSUME_CHECK_CONSUMER) timestamp=10101 ms, used_size=2643968 bytes (6.5%)
(RDMA_READ_CONSUME_CHECK_CONSUMER) timestamp=10101 ms, used_size=2641920 bytes (6.5%)
(RDMA_READ_CONSUME_CHECK_CONSUMER) timestamp=10101 ms, used_size=2639872 bytes (6.4%)
(RDMA_READ_CONSUME_CHECK_CONSUMER) timestamp=10101 ms, used_size=2637824 bytes (6.4%)
(RDMA_READ_CONSUME_CHECK_CONSUMER) timestamp=10101 ms, used_size=2635776 bytes (6.4%)
(RDMA_READ_CONSUME_CHECK_CONSUMER) timestamp=10101 ms, used_size=2633728 bytes (6.4%)
(RDMA_READ_CONSUME_CHECK_CONSUMER) timestamp=10101 ms, used_size=2631680 bytes (6.4%)
(RDMA_READ_CONSUME_CHECK_CONSUMER) timestamp=10101 ms, used_size=2629632 bytes (6.4%)
(RDMA_READ_CONSUME_CHECK_CONSUMER) timestamp=10101 ms, used_size=2627584 bytes (6.4%)
(RDMA_READ_CONSUME_CHECK_CONSUMER) timestamp=10101 ms, used_size=2625536 bytes (6.4%)
(RDMA_READ_CONSUME_CHECK_CONSUMER) timestamp=10101 ms, used_size=2623488 bytes (6.4%)
(RDMA_READ_CONSUME_CHECK_CONSUMER) timestamp=10101 ms, used_size=2621440 bytes (6.4%)
(RDMA_READ_CONSUME_CHECK_CONSUMER) timestamp=10101 ms, used_size=2619392 bytes (6.4%)
(RDMA_READ_CONSUME_CHECK_CONSUMER) timestamp=10101 ms, used_size=2617344 bytes (6.4%)
(RDMA_READ_CONSUME_CHECK_CONSUMER) timestamp=10101 ms, used_size=2615296 bytes (6.4%)
(RDMA_READ_CONSUME_CHECK_CONSUMER) timestamp=10101 ms, used_size=2613248 bytes (6.4%)
(RDMA_READ_CONSUME_CHECK_CONSUMER) timestamp=10101 ms, used_size=2611200 bytes (6.4%)
(RDMA_READ_CONSUME_CHECK_CONSUMER) timestamp=10101 ms, used_size=2609152 bytes (6.4%)
(RDMA_READ_CONSUME_CHECK_CONSUMER) timestamp=10101 ms, used_size=2607104 bytes (6.4%)
(RDMA_READ_CONSUME_CHECK_CONSUMER) timestamp=10101 ms, used_size=2605056 bytes (6.4%)
(RDMA_READ_CONSUME_CHECK_CONSUMER) timestamp=10101 ms, used_size=2603008 bytes (6.4%)
(RDMA_READ_CONSUME_CHECK_CONSUMER) timestamp=10101 ms, used_size=2600960 bytes (6.3%)
(RDMA_READ_CONSUME_CHECK_CONSUMER) timestamp=10101 ms, used_size=2598912 bytes (6.3%)
(RDMA_READ_CONSUME_CHECK_CONSUMER) timestamp=10101 ms, used_size=2596864 bytes (6.3%)
(RDMA_READ_CONSUME_CHECK_CONSUMER) timestamp=10101 ms, used_size=2594816 bytes (6.3%)
(RDMA_READ_CONSUME_CHECK_CONSUMER) timestamp=10101 ms, used_size=2592768 bytes (6.3%)
(RDMA_READ_CONSUME_CHECK_CONSUMER) timestamp=10101 ms, used_size=2590720 bytes (6.3%)
(RDMA_READ_CONSUME_CHECK_CONSUMER) timestamp=10101 ms, used_size=2588672 bytes (6.3%)
(RDMA_READ_CONSUME_CHECK_CONSUMER) timestamp=10101 ms, used_size=2586624 bytes (6.3%)
(RDMA_READ_CONSUME_CHECK_CONSUMER) timestamp=10101 ms, used_size=2584576 bytes (6.3%)
(RDMA_READ_CONSUME_CHECK_CONSUMER) timestamp=10101 ms, used_size=2582528 bytes (6.3%)
(RDMA_READ_CONSUME_CHECK_CONSUMER) timestamp=10101 ms, used_size=2580480 bytes (6.3%)
(RDMA_READ_CONSUME_CHECK_CONSUMER) timestamp=10101 ms, used_size=2578432 bytes (6.3%)
(RDMA_READ_CONSUME_CHECK_CONSUMER) timestamp=10101 ms, used_size=2576384 bytes (6.3%)
(RDMA_READ_CONSUME_CHECK_CONSUMER) timestamp=10101 ms, used_size=2574336 bytes (6.3%)
(RDMA_READ_CONSUME_CHECK_CONSUMER) timestamp=10101 ms, used_size=2572288 bytes (6.3%)
(RDMA_READ_CONSUME_CHECK_CONSUMER) timestamp=10101 ms, used_size=2570240 bytes (6.3%)
(RDMA_READ_CONSUME_CHECK_CONSUMER) timestamp=10101 ms, used_size=2568192 bytes (6.3%)
(RDMA_READ_CONSUME_CHECK_CONSUMER) timestamp=10101 ms, used_size=2566144 bytes (6.3%)
(RDMA_READ_CONSUME_CHECK_CONSUMER) timestamp=10101 ms, used_size=2564096 bytes (6.3%)
(RDMA_READ_CONSUME_CHECK_CONSUMER) timestamp=10101 ms, used_size=2562048 bytes (6.3%)
(RDMA_READ_CONSUME_CHECK_CONSUMER) timestamp=10101 ms, used_size=2560000 bytes (6.2%)
(RDMA_READ_CONSUME_CHECK_CONSUMER) timestamp=10101 ms, used_size=2557952 bytes (6.2%)
(RDMA_READ_CONSUME_CHECK_CONSUMER) timestamp=10101 ms, used_size=2555904 bytes (6.2%)
(RDMA_READ_CONSUME_CHECK_CONSUMER) timestamp=10101 ms, used_size=2553856 bytes (6.2%)
(RDMA_READ_CONSUME_CHECK_CONSUMER) timestamp=10101 ms, used_size=2551808 bytes (6.2%)
(RDMA_READ_CONSUME_CHECK_CONSUMER) timestamp=10101 ms, used_size=2549760 bytes (6.2%)
(RDMA_READ_CONSUME_CHECK_CONSUMER) timestamp=10101 ms, used_size=2547712 bytes (6.2%)
(RDMA_READ_CONSUME_CHECK_CONSUMER) timestamp=10101 ms, used_size=2545664 bytes (6.2%)
(RDMA_READ_CONSUME_CHECK_CONSUMER) timestamp=10101 ms, used_size=2543616 bytes (6.2%)
(RDMA_READ_CONSUME_CHECK_CONSUMER) timestamp=10101 ms, used_size=2541568 bytes (6.2%)
(RDMA_READ_CONSUME_CHECK_CONSUMER) timestamp=10101 ms, used_size=2539520 bytes (6.2%)
(RDMA_READ_CONSUME_CHECK_CONSUMER) timestamp=10101 ms, used_size=2537472 bytes (6.2%)
(RDMA_READ_CONSUME_CHECK_CONSUMER) timestamp=10101 ms, used_size=2535424 bytes (6.2%)
(RDMA_READ_CONSUME_CHECK_CONSUMER) timestamp=10101 ms, used_size=2533376 bytes (6.2%)
(RDMA_READ_CONSUME_CHECK_CONSUMER) timestamp=10101 ms, used_size=2531328 bytes (6.2%)
(RDMA_READ_CONSUME_CHECK_CONSUMER) timestamp=10101 ms, used_size=2529280 bytes (6.2%)
(RDMA_READ_CONSUME_CHECK_CONSUMER) timestamp=10101 ms, used_size=2527232 bytes (6.2%)
(RDMA_READ_CONSUME_CHECK_CONSUMER) timestamp=10101 ms, used_size=2525184 bytes (6.2%)
(RDMA_READ_CONSUME_CHECK_CONSUMER) timestamp=10101 ms, used_size=2523136 bytes (6.2%)
(RDMA_READ_CONSUME_CHECK_CONSUMER) timestamp=10101 ms, used_size=2521088 bytes (6.2%)
(RDMA_READ_CONSUME_CHECK_CONSUMER) timestamp=10101 ms, used_size=2519040 bytes (6.2%)
(RDMA_READ_CONSUME_CHECK_CONSUMER) timestamp=10101 ms, used_size=2516992 bytes (6.1%)
(RDMA_READ_CONSUME_CHECK_CONSUMER) timestamp=10101 ms, used_size=2514944 bytes (6.1%)
(RDMA_READ_CONSUME_CHECK_CONSUMER) timestamp=10101 ms, used_size=2512896 bytes (6.1%)
(RDMA_READ_CONSUME_CHECK_CONSUMER) timestamp=10101 ms, used_size=2510848 bytes (6.1%)
(RDMA_READ_CONSUME_CHECK_CONSUMER) timestamp=10101 ms, used_size=2508800 bytes (6.1%)
(RDMA_READ_CONSUME_CHECK_CONSUMER) timestamp=10101 ms, used_size=2506752 bytes (6.1%)
(RDMA_READ_CONSUME_CHECK_CONSUMER) timestamp=10101 ms, used_size=2504704 bytes (6.1%)
(RDMA_READ_CONSUME_CHECK_CONSUMER) timestamp=10101 ms, used_size=2502656 bytes (6.1%)
(RDMA_READ_CONSUME_CHECK_CONSUMER) timestamp=10101 ms, used_size=2500608 bytes (6.1%)
(RDMA_READ_CONSUME_CHECK_CONSUMER) timestamp=10101 ms, used_size=2498560 bytes (6.1%)
(RDMA_READ_CONSUME_CHECK_CONSUMER) timestamp=10101 ms, used_size=2496512 bytes (6.1%)
(RDMA_READ_CONSUME_CHECK_CONSUMER) timestamp=10101 ms, used_size=2494464 bytes (6.1%)
(RDMA_READ_CONSUME_CHECK_CONSUMER) timestamp=10101 ms, used_size=2492416 bytes (6.1%)
(RDMA_READ_CONSUME_CHECK_CONSUMER) timestamp=10101 ms, used_size=2490368 bytes (6.1%)
(RDMA_READ_CONSUME_CHECK_CONSUMER) timestamp=10101 ms, used_size=2488320 bytes (6.1%)
(RDMA_READ_CONSUME_CHECK_CONSUMER) timestamp=10101 ms, used_size=2486272 bytes (6.1%)
(RDMA_READ_CONSUME_CHECK_CONSUMER) timestamp=10101 ms, used_size=2484224 bytes (6.1%)
(RDMA_READ_CONSUME_CHECK_CONSUMER) timestamp=10101 ms, used_size=2482176 bytes (6.1%)
(RDMA_READ_CONSUME_CHECK_CONSUMER) timestamp=10101 ms, used_size=2480128 bytes (6.1%)
(RDMA_READ_CONSUME_CHECK_CONSUMER) timestamp=10101 ms, used_size=2478080 bytes (6.0%)
(RDMA_READ_CONSUME_CHECK_CONSUMER) timestamp=10101 ms, used_size=2476032 bytes (6.0%)
(RDMA_READ_CONSUME_CHECK_CONSUMER) timestamp=10101 ms, used_size=2473984 bytes (6.0%)
(RDMA_READ_CONSUME_CHECK_CONSUMER) timestamp=10101 ms, used_size=2471936 bytes (6.0%)
(RDMA_READ_CONSUME_CHECK_CONSUMER) timestamp=10101 ms, used_size=2469888 bytes (6.0%)
(RDMA_READ_CONSUME_CHECK_CONSUMER) timestamp=10101 ms, used_size=2467840 bytes (6.0%)
(RDMA_READ_CONSUME_CHECK_CONSUMER) timestamp=10101 ms, used_size=2465792 bytes (6.0%)
(RDMA_READ_CONSUME_CHECK_CONSUMER) timestamp=10101 ms, used_size=2463744 bytes (6.0%)
(RDMA_READ_CONSUME_CHECK_CONSUMER) timestamp=10101 ms, used_size=2461696 bytes (6.0%)
(RDMA_READ_CONSUME_CHECK_CONSUMER) timestamp=10101 ms, used_size=2459648 bytes (6.0%)
(RDMA_READ_CONSUME_CHECK_CONSUMER) timestamp=10101 ms, used_size=2457600 bytes (6.0%)
(RDMA_READ_CONSUME_CHECK_CONSUMER) timestamp=10101 ms, used_size=2455552 bytes (6.0%)
(RDMA_READ_CONSUME_CHECK_CONSUMER) timestamp=10101 ms, used_size=2453504 bytes (6.0%)
(RDMA_READ_CONSUME_CHECK_CONSUMER) timestamp=10101 ms, used_size=2451456 bytes (6.0%)
(RDMA_READ_CONSUME_CHECK_CONSUMER) timestamp=10101 ms, used_size=2449408 bytes (6.0%)
(RDMA_READ_CONSUME_CHECK_CONSUMER) timestamp=10101 ms, used_size=2447360 bytes (6.0%)
(RDMA_READ_CONSUME_CHECK_CONSUMER) timestamp=10101 ms, used_size=2445312 bytes (6.0%)
(RDMA_READ_CONSUME_CHECK_CONSUMER) timestamp=10101 ms, used_size=2443264 bytes (6.0%)
(RDMA_READ_CONSUME_CHECK_CONSUMER) timestamp=10101 ms, used_size=2441216 bytes (6.0%)
(RDMA_READ_CONSUME_CHECK_CONSUMER) timestamp=10101 ms, used_size=2439168 bytes (6.0%)
(RDMA_READ_CONSUME_CHECK_CONSUMER) timestamp=10101 ms, used_size=2437120 bytes (6.0%)
(RDMA_READ_CONSUME_CHECK_CONSUMER) timestamp=10101 ms, used_size=2435072 bytes (5.9%)
(RDMA_READ_CONSUME_CHECK_CONSUMER) timestamp=10101 ms, used_size=2433024 bytes (5.9%)
(RDMA_READ_CONSUME_CHECK_CONSUMER) timestamp=10101 ms, used_size=2430976 bytes (5.9%)
(RDMA_READ_CONSUME_CHECK_CONSUMER) timestamp=10101 ms, used_size=2428928 bytes (5.9%)
(RDMA_READ_CONSUME_CHECK_CONSUMER) timestamp=10101 ms, used_size=2426880 bytes (5.9%)
(RDMA_READ_CONSUME_CHECK_CONSUMER) timestamp=10101 ms, used_size=2424832 bytes (5.9%)
(RDMA_READ_CONSUME_CHECK_CONSUMER) timestamp=10101 ms, used_size=2422784 bytes (5.9%)
(RDMA_READ_CONSUME_CHECK_CONSUMER) timestamp=10102 ms, used_size=2420736 bytes (5.9%)
(RDMA_READ_CONSUME_CHECK_CONSUMER) timestamp=10102 ms, used_size=2418688 bytes (5.9%)
(RDMA_READ_CONSUME_CHECK_CONSUMER) timestamp=10102 ms, used_size=2416640 bytes (5.9%)
(RDMA_READ_CONSUME_CHECK_CONSUMER) timestamp=10102 ms, used_size=2414592 bytes (5.9%)
(RDMA_READ_CONSUME_CHECK_CONSUMER) timestamp=10102 ms, used_size=2412544 bytes (5.9%)
(RDMA_READ_CONSUME_CHECK_CONSUMER) timestamp=10102 ms, used_size=2410496 bytes (5.9%)
(RDMA_READ_CONSUME_CHECK_CONSUMER) timestamp=10102 ms, used_size=2408448 bytes (5.9%)
(RDMA_READ_CONSUME_CHECK_CONSUMER) timestamp=10102 ms, used_size=2406400 bytes (5.9%)
(RDMA_READ_CONSUME_CHECK_CONSUMER) timestamp=10102 ms, used_size=2404352 bytes (5.9%)
(RDMA_READ_CONSUME_CHECK_CONSUMER) timestamp=10102 ms, used_size=2402304 bytes (5.9%)
(RDMA_READ_CONSUME_CHECK_CONSUMER) timestamp=10102 ms, used_size=2400256 bytes (5.9%)
(RDMA_READ_CONSUME_CHECK_CONSUMER) timestamp=10102 ms, used_size=2398208 bytes (5.9%)
(RDMA_READ_CONSUME_CHECK_CONSUMER) timestamp=10102 ms, used_size=2396160 bytes (5.8%)
(RDMA_READ_CONSUME_CHECK_CONSUMER) timestamp=10102 ms, used_size=2394112 bytes (5.8%)
(RDMA_READ_CONSUME_CHECK_CONSUMER) timestamp=10102 ms, used_size=2392064 bytes (5.8%)
(RDMA_READ_CONSUME_CHECK_CONSUMER) timestamp=10102 ms, used_size=2390016 bytes (5.8%)
(RDMA_READ_CONSUME_CHECK_CONSUMER) timestamp=10102 ms, used_size=2387968 bytes (5.8%)
(RDMA_READ_CONSUME_CHECK_CONSUMER) timestamp=10102 ms, used_size=2385920 bytes (5.8%)
(RDMA_READ_CONSUME_CHECK_CONSUMER) timestamp=10102 ms, used_size=2383872 bytes (5.8%)
(RDMA_READ_CONSUME_CHECK_CONSUMER) timestamp=10102 ms, used_size=2381824 bytes (5.8%)
(RDMA_READ_CONSUME_CHECK_CONSUMER) timestamp=10102 ms, used_size=2379776 bytes (5.8%)
(RDMA_READ_CONSUME_CHECK_CONSUMER) timestamp=10102 ms, used_size=2377728 bytes (5.8%)
(RDMA_READ_CONSUME_CHECK_CONSUMER) timestamp=10102 ms, used_size=2375680 bytes (5.8%)
(RDMA_READ_CONSUME_CHECK_CONSUMER) timestamp=10102 ms, used_size=2373632 bytes (5.8%)
(RDMA_READ_CONSUME_CHECK_CONSUMER) timestamp=10102 ms, used_size=2371584 bytes (5.8%)
(RDMA_READ_CONSUME_CHECK_CONSUMER) timestamp=10102 ms, used_size=2369536 bytes (5.8%)
(RDMA_READ_CONSUME_CHECK_CONSUMER) timestamp=10102 ms, used_size=2367488 bytes (5.8%)
(RDMA_READ_CONSUME_CHECK_CONSUMER) timestamp=10102 ms, used_size=2365440 bytes (5.8%)
(RDMA_READ_CONSUME_CHECK_CONSUMER) timestamp=10102 ms, used_size=2363392 bytes (5.8%)
(RDMA_READ_CONSUME_CHECK_CONSUMER) timestamp=10102 ms, used_size=2361344 bytes (5.8%)
(RDMA_READ_CONSUME_CHECK_CONSUMER) timestamp=10102 ms, used_size=2359296 bytes (5.8%)
(RDMA_READ_CONSUME_CHECK_CONSUMER) timestamp=10102 ms, used_size=2357248 bytes (5.8%)
(RDMA_READ_CONSUME_CHECK_CONSUMER) timestamp=10102 ms, used_size=2355200 bytes (5.8%)
(RDMA_READ_CONSUME_CHECK_CONSUMER) timestamp=10102 ms, used_size=2353152 bytes (5.7%)
(RDMA_READ_CONSUME_CHECK_CONSUMER) timestamp=10102 ms, used_size=2351104 bytes (5.7%)
(RDMA_READ_CONSUME_CHECK_CONSUMER) timestamp=10102 ms, used_size=2349056 bytes (5.7%)
(RDMA_READ_CONSUME_CHECK_CONSUMER) timestamp=10102 ms, used_size=2347008 bytes (5.7%)
(RDMA_READ_CONSUME_CHECK_CONSUMER) timestamp=10102 ms, used_size=2344960 bytes (5.7%)
(RDMA_READ_CONSUME_CHECK_CONSUMER) timestamp=10102 ms, used_size=2342912 bytes (5.7%)
(RDMA_READ_CONSUME_CHECK_CONSUMER) timestamp=10102 ms, used_size=2340864 bytes (5.7%)
(RDMA_READ_CONSUME_CHECK_CONSUMER) timestamp=10102 ms, used_size=2338816 bytes (5.7%)
(RDMA_READ_CONSUME_CHECK_CONSUMER) timestamp=10102 ms, used_size=2336768 bytes (5.7%)
(RDMA_READ_CONSUME_CHECK_CONSUMER) timestamp=10102 ms, used_size=2334720 bytes (5.7%)
(RDMA_READ_CONSUME_CHECK_CONSUMER) timestamp=10102 ms, used_size=2332672 bytes (5.7%)
(RDMA_READ_CONSUME_CHECK_CONSUMER) timestamp=10102 ms, used_size=2330624 bytes (5.7%)
(RDMA_READ_CONSUME_CHECK_CONSUMER) timestamp=10102 ms, used_size=2328576 bytes (5.7%)
(RDMA_READ_CONSUME_CHECK_CONSUMER) timestamp=10102 ms, used_size=2326528 bytes (5.7%)
(RDMA_READ_CONSUME_CHECK_CONSUMER) timestamp=10102 ms, used_size=2324480 bytes (5.7%)
(RDMA_READ_CONSUME_CHECK_CONSUMER) timestamp=10102 ms, used_size=2322432 bytes (5.7%)
(RDMA_READ_CONSUME_CHECK_CONSUMER) timestamp=10102 ms, used_size=2320384 bytes (5.7%)
(RDMA_READ_CONSUME_CHECK_CONSUMER) timestamp=10102 ms, used_size=2318336 bytes (5.7%)
(RDMA_READ_CONSUME_CHECK_CONSUMER) timestamp=10102 ms, used_size=2316288 bytes (5.7%)
(RDMA_READ_CONSUME_CHECK_CONSUMER) timestamp=10102 ms, used_size=2314240 bytes (5.7%)
(RDMA_READ_CONSUME_CHECK_CONSUMER) timestamp=10102 ms, used_size=2312192 bytes (5.6%)
(RDMA_READ_CONSUME_CHECK_CONSUMER) timestamp=10102 ms, used_size=2310144 bytes (5.6%)
(RDMA_READ_CONSUME_CHECK_CONSUMER) timestamp=10102 ms, used_size=2308096 bytes (5.6%)
(RDMA_READ_CONSUME_CHECK_CONSUMER) timestamp=10102 ms, used_size=2306048 bytes (5.6%)
(RDMA_READ_CONSUME_CHECK_CONSUMER) timestamp=10102 ms, used_size=2304000 bytes (5.6%)
(RDMA_READ_CONSUME_CHECK_CONSUMER) timestamp=10102 ms, used_size=2301952 bytes (5.6%)
(RDMA_READ_CONSUME_CHECK_CONSUMER) timestamp=10102 ms, used_size=2299904 bytes (5.6%)
(RDMA_READ_CONSUME_CHECK_CONSUMER) timestamp=10102 ms, used_size=2297856 bytes (5.6%)
(RDMA_READ_CONSUME_CHECK_CONSUMER) timestamp=10102 ms, used_size=2295808 bytes (5.6%)
(RDMA_READ_CONSUME_CHECK_CONSUMER) timestamp=10102 ms, used_size=2293760 bytes (5.6%)
(RDMA_READ_CONSUME_CHECK_CONSUMER) timestamp=10102 ms, used_size=2291712 bytes (5.6%)
(RDMA_READ_CONSUME_CHECK_CONSUMER) timestamp=10102 ms, used_size=2289664 bytes (5.6%)
(RDMA_READ_CONSUME_CHECK_CONSUMER) timestamp=10102 ms, used_size=2287616 bytes (5.6%)
(RDMA_READ_CONSUME_CHECK_CONSUMER) timestamp=10102 ms, used_size=2285568 bytes (5.6%)
(RDMA_READ_CONSUME_CHECK_CONSUMER) timestamp=10102 ms, used_size=2283520 bytes (5.6%)
(RDMA_READ_CONSUME_CHECK_CONSUMER) timestamp=10102 ms, used_size=2281472 bytes (5.6%)
(RDMA_READ_CONSUME_CHECK_CONSUMER) timestamp=10102 ms, used_size=2279424 bytes (5.6%)
(RDMA_READ_CONSUME_CHECK_CONSUMER) timestamp=10102 ms, used_size=2277376 bytes (5.6%)
(RDMA_READ_CONSUME_CHECK_CONSUMER) timestamp=10102 ms, used_size=2275328 bytes (5.6%)
(RDMA_READ_CONSUME_CHECK_CONSUMER) timestamp=10102 ms, used_size=2273280 bytes (5.5%)
(RDMA_READ_CONSUME_CHECK_CONSUMER) timestamp=10102 ms, used_size=2271232 bytes (5.5%)
(RDMA_READ_CONSUME_CHECK_CONSUMER) timestamp=10102 ms, used_size=2269184 bytes (5.5%)
(RDMA_READ_CONSUME_CHECK_CONSUMER) timestamp=10102 ms, used_size=2267136 bytes (5.5%)
(RDMA_READ_CONSUME_CHECK_CONSUMER) timestamp=10102 ms, used_size=2265088 bytes (5.5%)
(RDMA_READ_CONSUME_CHECK_CONSUMER) timestamp=10102 ms, used_size=2263040 bytes (5.5%)
(RDMA_READ_CONSUME_CHECK_CONSUMER) timestamp=10102 ms, used_size=2260992 bytes (5.5%)
(RDMA_READ_CONSUME_CHECK_CONSUMER) timestamp=10102 ms, used_size=2258944 bytes (5.5%)
(RDMA_READ_CONSUME_CHECK_CONSUMER) timestamp=10102 ms, used_size=2256896 bytes (5.5%)
(RDMA_READ_CONSUME_CHECK_CONSUMER) timestamp=10102 ms, used_size=2254848 bytes (5.5%)
(RDMA_READ_CONSUME_CHECK_CONSUMER) timestamp=10102 ms, used_size=2252800 bytes (5.5%)
(RDMA_READ_CONSUME_CHECK_CONSUMER) timestamp=10102 ms, used_size=2250752 bytes (5.5%)
(RDMA_READ_CONSUME_CHECK_CONSUMER) timestamp=10102 ms, used_size=2248704 bytes (5.5%)
(RDMA_READ_CONSUME_CHECK_CONSUMER) timestamp=10102 ms, used_size=2246656 bytes (5.5%)
(RDMA_READ_CONSUME_CHECK_CONSUMER) timestamp=10102 ms, used_size=2244608 bytes (5.5%)
(RDMA_READ_CONSUME_CHECK_CONSUMER) timestamp=10102 ms, used_size=2242560 bytes (5.5%)
(RDMA_READ_CONSUME_CHECK_CONSUMER) timestamp=10102 ms, used_size=2240512 bytes (5.5%)
(RDMA_READ_CONSUME_CHECK_CONSUMER) timestamp=10102 ms, used_size=2238464 bytes (5.5%)
(RDMA_READ_CONSUME_CHECK_CONSUMER) timestamp=10102 ms, used_size=2236416 bytes (5.5%)
(RDMA_READ_CONSUME_CHECK_CONSUMER) timestamp=10102 ms, used_size=2234368 bytes (5.5%)
(RDMA_READ_CONSUME_CHECK_CONSUMER) timestamp=10102 ms, used_size=2232320 bytes (5.5%)
(RDMA_READ_CONSUME_CHECK_CONSUMER) timestamp=10102 ms, used_size=2230272 bytes (5.4%)
(RDMA_READ_CONSUME_CHECK_CONSUMER) timestamp=10102 ms, used_size=2228224 bytes (5.4%)
(RDMA_READ_CONSUME_CHECK_CONSUMER) timestamp=10102 ms, used_size=2226176 bytes (5.4%)
(RDMA_READ_CONSUME_CHECK_CONSUMER) timestamp=10102 ms, used_size=2224128 bytes (5.4%)
(RDMA_READ_CONSUME_CHECK_CONSUMER) timestamp=10102 ms, used_size=2222080 bytes (5.4%)
(RDMA_READ_CONSUME_CHECK_CONSUMER) timestamp=10102 ms, used_size=2220032 bytes (5.4%)
(RDMA_READ_CONSUME_CHECK_CONSUMER) timestamp=10102 ms, used_size=2217984 bytes (5.4%)
(RDMA_READ_CONSUME_CHECK_CONSUMER) timestamp=10102 ms, used_size=2215936 bytes (5.4%)
(RDMA_READ_CONSUME_CHECK_CONSUMER) timestamp=10102 ms, used_size=2213888 bytes (5.4%)
(RDMA_READ_CONSUME_CHECK_CONSUMER) timestamp=10102 ms, used_size=2211840 bytes (5.4%)
(RDMA_READ_CONSUME_CHECK_CONSUMER) timestamp=10102 ms, used_size=2209792 bytes (5.4%)
(RDMA_READ_CONSUME_CHECK_CONSUMER) timestamp=10102 ms, used_size=2207744 bytes (5.4%)
(RDMA_READ_CONSUME_CHECK_CONSUMER) timestamp=10102 ms, used_size=2205696 bytes (5.4%)
(RDMA_READ_CONSUME_CHECK_CONSUMER) timestamp=10102 ms, used_size=2203648 bytes (5.4%)
(RDMA_READ_CONSUME_CHECK_CONSUMER) timestamp=10102 ms, used_size=2201600 bytes (5.4%)
(RDMA_READ_CONSUME_CHECK_CONSUMER) timestamp=10102 ms, used_size=2199552 bytes (5.4%)
(RDMA_READ_CONSUME_CHECK_CONSUMER) timestamp=10102 ms, used_size=2197504 bytes (5.4%)
(RDMA_READ_CONSUME_CHECK_CONSUMER) timestamp=10102 ms, used_size=2195456 bytes (5.4%)
(RDMA_READ_CONSUME_CHECK_CONSUMER) timestamp=10102 ms, used_size=2193408 bytes (5.4%)
(RDMA_READ_CONSUME_CHECK_CONSUMER) timestamp=10102 ms, used_size=2191360 bytes (5.3%)
(RDMA_READ_CONSUME_CHECK_CONSUMER) timestamp=10102 ms, used_size=2189312 bytes (5.3%)
(RDMA_READ_CONSUME_CHECK_CONSUMER) timestamp=10102 ms, used_size=2187264 bytes (5.3%)
(RDMA_READ_CONSUME_CHECK_CONSUMER) timestamp=10102 ms, used_size=2185216 bytes (5.3%)
(RDMA_READ_CONSUME_CHECK_CONSUMER) timestamp=10102 ms, used_size=2183168 bytes (5.3%)
(RDMA_READ_CONSUME_CHECK_CONSUMER) timestamp=10102 ms, used_size=2181120 bytes (5.3%)
(RDMA_READ_CONSUME_CHECK_CONSUMER) timestamp=10102 ms, used_size=2179072 bytes (5.3%)
(RDMA_READ_CONSUME_CHECK_CONSUMER) timestamp=10102 ms, used_size=2177024 bytes (5.3%)
(RDMA_READ_CONSUME_CHECK_CONSUMER) timestamp=10102 ms, used_size=2174976 bytes (5.3%)
(RDMA_READ_CONSUME_CHECK_CONSUMER) timestamp=10102 ms, used_size=2172928 bytes (5.3%)
(RDMA_READ_CONSUME_CHECK_CONSUMER) timestamp=10102 ms, used_size=2170880 bytes (5.3%)
(RDMA_READ_CONSUME_CHECK_CONSUMER) timestamp=10102 ms, used_size=2168832 bytes (5.3%)
(RDMA_READ_CONSUME_CHECK_CONSUMER) timestamp=10102 ms, used_size=2166784 bytes (5.3%)
(RDMA_READ_CONSUME_CHECK_CONSUMER) timestamp=10102 ms, used_size=2164736 bytes (5.3%)
(RDMA_READ_CONSUME_CHECK_CONSUMER) timestamp=10102 ms, used_size=2162688 bytes (5.3%)
(RDMA_READ_CONSUME_CHECK_CONSUMER) timestamp=10102 ms, used_size=2160640 bytes (5.3%)
(RDMA_READ_CONSUME_CHECK_CONSUMER) timestamp=10102 ms, used_size=2158592 bytes (5.3%)
(RDMA_READ_CONSUME_CHECK_CONSUMER) timestamp=10102 ms, used_size=2156544 bytes (5.3%)
(RDMA_READ_CONSUME_CHECK_CONSUMER) timestamp=10102 ms, used_size=2154496 bytes (5.3%)
(RDMA_READ_CONSUME_CHECK_CONSUMER) timestamp=10102 ms, used_size=2152448 bytes (5.3%)
(RDMA_READ_CONSUME_CHECK_CONSUMER) timestamp=10102 ms, used_size=2150400 bytes (5.2%)
(RDMA_READ_CONSUME_CHECK_CONSUMER) timestamp=10102 ms, used_size=2148352 bytes (5.2%)
(RDMA_READ_CONSUME_CHECK_CONSUMER) timestamp=10102 ms, used_size=2146304 bytes (5.2%)
(RDMA_READ_CONSUME_CHECK_CONSUMER) timestamp=10102 ms, used_size=2144256 bytes (5.2%)
(RDMA_READ_CONSUME_CHECK_CONSUMER) timestamp=10102 ms, used_size=2142208 bytes (5.2%)
(RDMA_READ_CONSUME_CHECK_CONSUMER) timestamp=10102 ms, used_size=2140160 bytes (5.2%)
(RDMA_READ_CONSUME_CHECK_CONSUMER) timestamp=10102 ms, used_size=2138112 bytes (5.2%)
(RDMA_READ_CONSUME_CHECK_CONSUMER) timestamp=10102 ms, used_size=2136064 bytes (5.2%)
(RDMA_READ_CONSUME_CHECK_CONSUMER) timestamp=10102 ms, used_size=2134016 bytes (5.2%)
(RDMA_READ_CONSUME_CHECK_CONSUMER) timestamp=10102 ms, used_size=2131968 bytes (5.2%)
(RDMA_READ_CONSUME_CHECK_CONSUMER) timestamp=10102 ms, used_size=2129920 bytes (5.2%)
(RDMA_READ_CONSUME_CHECK_CONSUMER) timestamp=10102 ms, used_size=2127872 bytes (5.2%)
(RDMA_READ_CONSUME_CHECK_CONSUMER) timestamp=10102 ms, used_size=2125824 bytes (5.2%)
(RDMA_READ_CONSUME_CHECK_CONSUMER) timestamp=10102 ms, used_size=2123776 bytes (5.2%)
(RDMA_READ_CONSUME_CHECK_CONSUMER) timestamp=10102 ms, used_size=2121728 bytes (5.2%)
(RDMA_READ_CONSUME_CHECK_CONSUMER) timestamp=10102 ms, used_size=2119680 bytes (5.2%)
(RDMA_READ_CONSUME_CHECK_CONSUMER) timestamp=10102 ms, used_size=2117632 bytes (5.2%)
(RDMA_READ_CONSUME_CHECK_CONSUMER) timestamp=10102 ms, used_size=2115584 bytes (5.2%)
(RDMA_READ_CONSUME_CHECK_CONSUMER) timestamp=10102 ms, used_size=2113536 bytes (5.2%)
(RDMA_READ_CONSUME_CHECK_CONSUMER) timestamp=10102 ms, used_size=2111488 bytes (5.2%)
(RDMA_READ_CONSUME_CHECK_CONSUMER) timestamp=10102 ms, used_size=2109440 bytes (5.2%)
(RDMA_READ_CONSUME_CHECK_CONSUMER) timestamp=10102 ms, used_size=2107392 bytes (5.1%)
(RDMA_READ_CONSUME_CHECK_CONSUMER) timestamp=10102 ms, used_size=2105344 bytes (5.1%)
(RDMA_READ_CONSUME_CHECK_CONSUMER) timestamp=10102 ms, used_size=2103296 bytes (5.1%)
(RDMA_READ_CONSUME_CHECK_CONSUMER) timestamp=10102 ms, used_size=2101248 bytes (5.1%)
(RDMA_READ_CONSUME_CHECK_CONSUMER) timestamp=10102 ms, used_size=2099200 bytes (5.1%)
(RDMA_READ_CONSUME_CHECK_CONSUMER) timestamp=10102 ms, used_size=2097152 bytes (5.1%)
(RDMA_READ_CONSUME_CHECK_CONSUMER) timestamp=10102 ms, used_size=2095104 bytes (5.1%)
(RDMA_READ_CONSUME_CHECK_CONSUMER) timestamp=10102 ms, used_size=2093056 bytes (5.1%)
(RDMA_READ_CONSUME_CHECK_CONSUMER) timestamp=10102 ms, used_size=2091008 bytes (5.1%)
(RDMA_READ_CONSUME_CHECK_CONSUMER) timestamp=10102 ms, used_size=2088960 bytes (5.1%)
(RDMA_READ_CONSUME_CHECK_CONSUMER) timestamp=10102 ms, used_size=2086912 bytes (5.1%)
(RDMA_READ_CONSUME_CHECK_CONSUMER) timestamp=10102 ms, used_size=2084864 bytes (5.1%)
(RDMA_READ_CONSUME_CHECK_CONSUMER) timestamp=10102 ms, used_size=2082816 bytes (5.1%)
(RDMA_READ_CONSUME_CHECK_CONSUMER) timestamp=10102 ms, used_size=2080768 bytes (5.1%)
(RDMA_READ_CONSUME_CHECK_CONSUMER) timestamp=10102 ms, used_size=2078720 bytes (5.1%)
(RDMA_READ_CONSUME_CHECK_CONSUMER) timestamp=10102 ms, used_size=2076672 bytes (5.1%)
(RDMA_READ_CONSUME_CHECK_CONSUMER) timestamp=10102 ms, used_size=2074624 bytes (5.1%)
(RDMA_READ_CONSUME_CHECK_CONSUMER) timestamp=10102 ms, used_size=2072576 bytes (5.1%)
(RDMA_READ_CONSUME_CHECK_CONSUMER) timestamp=10102 ms, used_size=2070528 bytes (5.1%)
(RDMA_READ_CONSUME_CHECK_CONSUMER) timestamp=10102 ms, used_size=2068480 bytes (5.0%)
(RDMA_READ_CONSUME_CHECK_CONSUMER) timestamp=10102 ms, used_size=2066432 bytes (5.0%)
(RDMA_READ_CONSUME_CHECK_CONSUMER) timestamp=10102 ms, used_size=2064384 bytes (5.0%)
(RDMA_READ_CONSUME_CHECK_CONSUMER) timestamp=10103 ms, used_size=2062336 bytes (5.0%)
(RDMA_READ_CONSUME_CHECK_CONSUMER) timestamp=10103 ms, used_size=2060288 bytes (5.0%)
(RDMA_READ_CONSUME_CHECK_CONSUMER) timestamp=10103 ms, used_size=2058240 bytes (5.0%)
(RDMA_READ_CONSUME_CHECK_CONSUMER) timestamp=10103 ms, used_size=2056192 bytes (5.0%)
(RDMA_READ_CONSUME_CHECK_CONSUMER) timestamp=10103 ms, used_size=2054144 bytes (5.0%)
(RDMA_READ_CONSUME_CHECK_CONSUMER) timestamp=10103 ms, used_size=2052096 bytes (5.0%)
(RDMA_READ_CONSUME_CHECK_CONSUMER) timestamp=10103 ms, used_size=2050048 bytes (5.0%)
(RDMA_READ_CONSUME_CHECK_CONSUMER) timestamp=10103 ms, used_size=2048000 bytes (5.0%)
(RDMA_READ_CONSUME_CHECK_CONSUMER) timestamp=10103 ms, used_size=2045952 bytes (5.0%)
(RDMA_READ_CONSUME_CHECK_CONSUMER) timestamp=10103 ms, used_size=2043904 bytes (5.0%)
(RDMA_READ_CONSUME_CHECK_CONSUMER) timestamp=10103 ms, used_size=2041856 bytes (5.0%)
(RDMA_READ_CONSUME_CHECK_CONSUMER) timestamp=10103 ms, used_size=2039808 bytes (5.0%)
(RDMA_READ_CONSUME_CHECK_CONSUMER) timestamp=10103 ms, used_size=2037760 bytes (5.0%)
(RDMA_READ_CONSUME_CHECK_CONSUMER) timestamp=10103 ms, used_size=2035712 bytes (5.0%)
(RDMA_READ_CONSUME_CHECK_CONSUMER) timestamp=10103 ms, used_size=2033664 bytes (5.0%)
(RDMA_READ_CONSUME_CHECK_CONSUMER) timestamp=10103 ms, used_size=2031616 bytes (5.0%)
(RDMA_READ_CONSUME_CHECK_CONSUMER) timestamp=10103 ms, used_size=2029568 bytes (5.0%)
(RDMA_READ_CONSUME_CHECK_CONSUMER) timestamp=10103 ms, used_size=2027520 bytes (5.0%)
(RDMA_READ_CONSUME_CHECK_CONSUMER) timestamp=10103 ms, used_size=2025472 bytes (4.9%)
(RDMA_READ_CONSUME_CHECK_CONSUMER) timestamp=10103 ms, used_size=2023424 bytes (4.9%)
(RDMA_READ_CONSUME_CHECK_CONSUMER) timestamp=10103 ms, used_size=2021376 bytes (4.9%)
(RDMA_READ_CONSUME_CHECK_CONSUMER) timestamp=10103 ms, used_size=2019328 bytes (4.9%)
(RDMA_READ_CONSUME_CHECK_CONSUMER) timestamp=10103 ms, used_size=2017280 bytes (4.9%)
(RDMA_READ_CONSUME_CHECK_CONSUMER) timestamp=10103 ms, used_size=2015232 bytes (4.9%)
(RDMA_READ_CONSUME_CHECK_CONSUMER) timestamp=10103 ms, used_size=2013184 bytes (4.9%)
(RDMA_READ_CONSUME_CHECK_CONSUMER) timestamp=10103 ms, used_size=2011136 bytes (4.9%)
(RDMA_READ_CONSUME_CHECK_CONSUMER) timestamp=10103 ms, used_size=2009088 bytes (4.9%)
(RDMA_READ_CONSUME_CHECK_CONSUMER) timestamp=10103 ms, used_size=2007040 bytes (4.9%)
(RDMA_READ_CONSUME_CHECK_CONSUMER) timestamp=10103 ms, used_size=2004992 bytes (4.9%)
(RDMA_READ_CONSUME_CHECK_CONSUMER) timestamp=10103 ms, used_size=2002944 bytes (4.9%)
(RDMA_READ_CONSUME_CHECK_CONSUMER) timestamp=10103 ms, used_size=2000896 bytes (4.9%)
(RDMA_READ_CONSUME_CHECK_CONSUMER) timestamp=10103 ms, used_size=1998848 bytes (4.9%)
(RDMA_READ_CONSUME_CHECK_CONSUMER) timestamp=10103 ms, used_size=1996800 bytes (4.9%)
(RDMA_READ_CONSUME_CHECK_CONSUMER) timestamp=10103 ms, used_size=1994752 bytes (4.9%)
(RDMA_READ_CONSUME_CHECK_CONSUMER) timestamp=10103 ms, used_size=1992704 bytes (4.9%)
(RDMA_READ_CONSUME_CHECK_CONSUMER) timestamp=10103 ms, used_size=1990656 bytes (4.9%)
(RDMA_READ_CONSUME_CHECK_CONSUMER) timestamp=10103 ms, used_size=1988608 bytes (4.9%)
(RDMA_READ_CONSUME_CHECK_CONSUMER) timestamp=10103 ms, used_size=1986560 bytes (4.8%)
(RDMA_READ_CONSUME_CHECK_CONSUMER) timestamp=10103 ms, used_size=1984512 bytes (4.8%)
(RDMA_READ_CONSUME_CHECK_CONSUMER) timestamp=10103 ms, used_size=1982464 bytes (4.8%)
(RDMA_READ_CONSUME_CHECK_CONSUMER) timestamp=10103 ms, used_size=1980416 bytes (4.8%)
(RDMA_READ_CONSUME_CHECK_CONSUMER) timestamp=10103 ms, used_size=1978368 bytes (4.8%)
(RDMA_READ_CONSUME_CHECK_CONSUMER) timestamp=10103 ms, used_size=1976320 bytes (4.8%)
(RDMA_READ_CONSUME_CHECK_CONSUMER) timestamp=10103 ms, used_size=1974272 bytes (4.8%)
(RDMA_READ_CONSUME_CHECK_CONSUMER) timestamp=10103 ms, used_size=1972224 bytes (4.8%)
(RDMA_READ_CONSUME_CHECK_CONSUMER) timestamp=10103 ms, used_size=1970176 bytes (4.8%)
(RDMA_READ_CONSUME_CHECK_CONSUMER) timestamp=10103 ms, used_size=1968128 bytes (4.8%)
(RDMA_READ_CONSUME_CHECK_CONSUMER) timestamp=10103 ms, used_size=1966080 bytes (4.8%)
(RDMA_READ_CONSUME_CHECK_CONSUMER) timestamp=10103 ms, used_size=1964032 bytes (4.8%)
(RDMA_READ_CONSUME_CHECK_CONSUMER) timestamp=10103 ms, used_size=1961984 bytes (4.8%)
(RDMA_READ_CONSUME_CHECK_CONSUMER) timestamp=10103 ms, used_size=1959936 bytes (4.8%)
(RDMA_READ_CONSUME_CHECK_CONSUMER) timestamp=10103 ms, used_size=1957888 bytes (4.8%)
(RDMA_READ_CONSUME_CHECK_CONSUMER) timestamp=10103 ms, used_size=1955840 bytes (4.8%)
(RDMA_READ_CONSUME_CHECK_CONSUMER) timestamp=10103 ms, used_size=1953792 bytes (4.8%)
(RDMA_READ_CONSUME_CHECK_CONSUMER) timestamp=10103 ms, used_size=1951744 bytes (4.8%)
(RDMA_READ_CONSUME_CHECK_CONSUMER) timestamp=10103 ms, used_size=1949696 bytes (4.8%)
(RDMA_READ_CONSUME_CHECK_CONSUMER) timestamp=10103 ms, used_size=1947648 bytes (4.8%)
(RDMA_READ_CONSUME_CHECK_CONSUMER) timestamp=10103 ms, used_size=1945600 bytes (4.8%)
(RDMA_READ_CONSUME_CHECK_CONSUMER) timestamp=10103 ms, used_size=1943552 bytes (4.7%)
(RDMA_READ_CONSUME_CHECK_CONSUMER) timestamp=10103 ms, used_size=1941504 bytes (4.7%)
(RDMA_READ_CONSUME_CHECK_CONSUMER) timestamp=10103 ms, used_size=1939456 bytes (4.7%)
(RDMA_READ_CONSUME_CHECK_CONSUMER) timestamp=10103 ms, used_size=1937408 bytes (4.7%)
(RDMA_READ_CONSUME_CHECK_CONSUMER) timestamp=10103 ms, used_size=1935360 bytes (4.7%)
(RDMA_READ_CONSUME_CHECK_CONSUMER) timestamp=10103 ms, used_size=1933312 bytes (4.7%)
(RDMA_READ_CONSUME_CHECK_CONSUMER) timestamp=10103 ms, used_size=1931264 bytes (4.7%)
(RDMA_READ_CONSUME_CHECK_CONSUMER) timestamp=10103 ms, used_size=1929216 bytes (4.7%)
(RDMA_READ_CONSUME_CHECK_CONSUMER) timestamp=10103 ms, used_size=1927168 bytes (4.7%)
(RDMA_READ_CONSUME_CHECK_CONSUMER) timestamp=10103 ms, used_size=1925120 bytes (4.7%)
(RDMA_READ_CONSUME_CHECK_CONSUMER) timestamp=10103 ms, used_size=1923072 bytes (4.7%)
(RDMA_READ_CONSUME_CHECK_CONSUMER) timestamp=10103 ms, used_size=1921024 bytes (4.7%)
(RDMA_READ_CONSUME_CHECK_CONSUMER) timestamp=10103 ms, used_size=1918976 bytes (4.7%)
(RDMA_READ_CONSUME_CHECK_CONSUMER) timestamp=10103 ms, used_size=1916928 bytes (4.7%)
(RDMA_READ_CONSUME_CHECK_CONSUMER) timestamp=10103 ms, used_size=1914880 bytes (4.7%)
(RDMA_READ_CONSUME_CHECK_CONSUMER) timestamp=10103 ms, used_size=1912832 bytes (4.7%)
(RDMA_READ_CONSUME_CHECK_CONSUMER) timestamp=10103 ms, used_size=1910784 bytes (4.7%)
(RDMA_READ_CONSUME_CHECK_CONSUMER) timestamp=10103 ms, used_size=1908736 bytes (4.7%)
(RDMA_READ_CONSUME_CHECK_CONSUMER) timestamp=10103 ms, used_size=1906688 bytes (4.7%)
(RDMA_READ_CONSUME_CHECK_CONSUMER) timestamp=10103 ms, used_size=1904640 bytes (4.7%)
(RDMA_READ_CONSUME_CHECK_CONSUMER) timestamp=10103 ms, used_size=1902592 bytes (4.6%)
(RDMA_READ_CONSUME_CHECK_CONSUMER) timestamp=10103 ms, used_size=1900544 bytes (4.6%)
(RDMA_READ_CONSUME_CHECK_CONSUMER) timestamp=10103 ms, used_size=1898496 bytes (4.6%)
(RDMA_READ_CONSUME_CHECK_CONSUMER) timestamp=10103 ms, used_size=1896448 bytes (4.6%)
(RDMA_READ_CONSUME_CHECK_CONSUMER) timestamp=10103 ms, used_size=1894400 bytes (4.6%)
(RDMA_READ_CONSUME_CHECK_CONSUMER) timestamp=10103 ms, used_size=1892352 bytes (4.6%)
(RDMA_READ_CONSUME_CHECK_CONSUMER) timestamp=10103 ms, used_size=1890304 bytes (4.6%)
(RDMA_READ_CONSUME_CHECK_CONSUMER) timestamp=10103 ms, used_size=1888256 bytes (4.6%)
(RDMA_READ_CONSUME_CHECK_CONSUMER) timestamp=10103 ms, used_size=1886208 bytes (4.6%)
(RDMA_READ_CONSUME_CHECK_CONSUMER) timestamp=10103 ms, used_size=1884160 bytes (4.6%)
(RDMA_READ_CONSUME_CHECK_CONSUMER) timestamp=10103 ms, used_size=1882112 bytes (4.6%)
(RDMA_READ_CONSUME_CHECK_CONSUMER) timestamp=10103 ms, used_size=1880064 bytes (4.6%)
(RDMA_READ_CONSUME_CHECK_CONSUMER) timestamp=10103 ms, used_size=1878016 bytes (4.6%)
(RDMA_READ_CONSUME_CHECK_CONSUMER) timestamp=10103 ms, used_size=1875968 bytes (4.6%)
(RDMA_READ_CONSUME_CHECK_CONSUMER) timestamp=10103 ms, used_size=1873920 bytes (4.6%)
(RDMA_READ_CONSUME_CHECK_CONSUMER) timestamp=10103 ms, used_size=1871872 bytes (4.6%)
(RDMA_READ_CONSUME_CHECK_CONSUMER) timestamp=10103 ms, used_size=1869824 bytes (4.6%)
(RDMA_READ_CONSUME_CHECK_CONSUMER) timestamp=10103 ms, used_size=1867776 bytes (4.6%)
(RDMA_READ_CONSUME_CHECK_CONSUMER) timestamp=10103 ms, used_size=1865728 bytes (4.6%)
(RDMA_READ_CONSUME_CHECK_CONSUMER) timestamp=10103 ms, used_size=1863680 bytes (4.5%)
(RDMA_READ_CONSUME_CHECK_CONSUMER) timestamp=10103 ms, used_size=1861632 bytes (4.5%)
(RDMA_READ_CONSUME_CHECK_CONSUMER) timestamp=10103 ms, used_size=1859584 bytes (4.5%)
(RDMA_READ_CONSUME_CHECK_CONSUMER) timestamp=10103 ms, used_size=1857536 bytes (4.5%)
(RDMA_READ_CONSUME_CHECK_CONSUMER) timestamp=10103 ms, used_size=1855488 bytes (4.5%)
(RDMA_READ_CONSUME_CHECK_CONSUMER) timestamp=10103 ms, used_size=1853440 bytes (4.5%)
(RDMA_READ_CONSUME_CHECK_CONSUMER) timestamp=10103 ms, used_size=1851392 bytes (4.5%)
(RDMA_READ_CONSUME_CHECK_CONSUMER) timestamp=10103 ms, used_size=1849344 bytes (4.5%)
(RDMA_READ_CONSUME_CHECK_CONSUMER) timestamp=10103 ms, used_size=1847296 bytes (4.5%)
(RDMA_READ_CONSUME_CHECK_CONSUMER) timestamp=10103 ms, used_size=1845248 bytes (4.5%)
(RDMA_READ_CONSUME_CHECK_CONSUMER) timestamp=10103 ms, used_size=1843200 bytes (4.5%)
(RDMA_READ_CONSUME_CHECK_CONSUMER) timestamp=10103 ms, used_size=1841152 bytes (4.5%)
(RDMA_READ_CONSUME_CHECK_CONSUMER) timestamp=10103 ms, used_size=1839104 bytes (4.5%)
(RDMA_READ_CONSUME_CHECK_CONSUMER) timestamp=10103 ms, used_size=1837056 bytes (4.5%)
(RDMA_READ_CONSUME_CHECK_CONSUMER) timestamp=10103 ms, used_size=1835008 bytes (4.5%)
(RDMA_READ_CONSUME_CHECK_CONSUMER) timestamp=10103 ms, used_size=1832960 bytes (4.5%)
(RDMA_READ_CONSUME_CHECK_CONSUMER) timestamp=10103 ms, used_size=1830912 bytes (4.5%)
(RDMA_READ_CONSUME_CHECK_CONSUMER) timestamp=10103 ms, used_size=1828864 bytes (4.5%)
(RDMA_READ_CONSUME_CHECK_CONSUMER) timestamp=10103 ms, used_size=1826816 bytes (4.5%)
(RDMA_READ_CONSUME_CHECK_CONSUMER) timestamp=10103 ms, used_size=1824768 bytes (4.5%)
(RDMA_READ_CONSUME_CHECK_CONSUMER) timestamp=10103 ms, used_size=1822720 bytes (4.5%)
(RDMA_READ_CONSUME_CHECK_CONSUMER) timestamp=10103 ms, used_size=1820672 bytes (4.4%)
(RDMA_READ_CONSUME_CHECK_CONSUMER) timestamp=10103 ms, used_size=1818624 bytes (4.4%)
(RDMA_READ_CONSUME_CHECK_CONSUMER) timestamp=10103 ms, used_size=1816576 bytes (4.4%)
(RDMA_READ_CONSUME_CHECK_CONSUMER) timestamp=10103 ms, used_size=1814528 bytes (4.4%)
(RDMA_READ_CONSUME_CHECK_CONSUMER) timestamp=10103 ms, used_size=1812480 bytes (4.4%)
(RDMA_READ_CONSUME_CHECK_CONSUMER) timestamp=10103 ms, used_size=1810432 bytes (4.4%)
(RDMA_READ_CONSUME_CHECK_CONSUMER) timestamp=10103 ms, used_size=1808384 bytes (4.4%)
(RDMA_READ_CONSUME_CHECK_CONSUMER) timestamp=10103 ms, used_size=1806336 bytes (4.4%)
(RDMA_READ_CONSUME_CHECK_CONSUMER) timestamp=10103 ms, used_size=1804288 bytes (4.4%)
(RDMA_READ_CONSUME_CHECK_CONSUMER) timestamp=10103 ms, used_size=1802240 bytes (4.4%)
(RDMA_READ_CONSUME_CHECK_CONSUMER) timestamp=10103 ms, used_size=1800192 bytes (4.4%)
(RDMA_READ_CONSUME_CHECK_CONSUMER) timestamp=10103 ms, used_size=1798144 bytes (4.4%)
(RDMA_READ_CONSUME_CHECK_CONSUMER) timestamp=10103 ms, used_size=1796096 bytes (4.4%)
(RDMA_READ_CONSUME_CHECK_CONSUMER) timestamp=10103 ms, used_size=1794048 bytes (4.4%)
(RDMA_READ_CONSUME_CHECK_CONSUMER) timestamp=10103 ms, used_size=1792000 bytes (4.4%)
(RDMA_READ_CONSUME_CHECK_CONSUMER) timestamp=10103 ms, used_size=1789952 bytes (4.4%)
(RDMA_READ_CONSUME_CHECK_CONSUMER) timestamp=10103 ms, used_size=1787904 bytes (4.4%)
(RDMA_READ_CONSUME_CHECK_CONSUMER) timestamp=10103 ms, used_size=1785856 bytes (4.4%)
(RDMA_READ_CONSUME_CHECK_CONSUMER) timestamp=10103 ms, used_size=1783808 bytes (4.4%)
(RDMA_READ_CONSUME_CHECK_CONSUMER) timestamp=10103 ms, used_size=1781760 bytes (4.3%)
(RDMA_READ_CONSUME_CHECK_CONSUMER) timestamp=10103 ms, used_size=1779712 bytes (4.3%)
(RDMA_READ_CONSUME_CHECK_CONSUMER) timestamp=10103 ms, used_size=1777664 bytes (4.3%)
(RDMA_READ_CONSUME_CHECK_CONSUMER) timestamp=10103 ms, used_size=1775616 bytes (4.3%)
(RDMA_READ_CONSUME_CHECK_CONSUMER) timestamp=10103 ms, used_size=1773568 bytes (4.3%)
(RDMA_READ_CONSUME_CHECK_CONSUMER) timestamp=10103 ms, used_size=1771520 bytes (4.3%)
(RDMA_READ_CONSUME_CHECK_CONSUMER) timestamp=10103 ms, used_size=1769472 bytes (4.3%)
(RDMA_READ_CONSUME_CHECK_CONSUMER) timestamp=10103 ms, used_size=1767424 bytes (4.3%)
(RDMA_READ_CONSUME_CHECK_CONSUMER) timestamp=10103 ms, used_size=1765376 bytes (4.3%)
(RDMA_READ_CONSUME_CHECK_CONSUMER) timestamp=10103 ms, used_size=1763328 bytes (4.3%)
(RDMA_READ_CONSUME_CHECK_CONSUMER) timestamp=10103 ms, used_size=1761280 bytes (4.3%)
(RDMA_READ_CONSUME_CHECK_CONSUMER) timestamp=10103 ms, used_size=1759232 bytes (4.3%)
(RDMA_READ_CONSUME_CHECK_CONSUMER) timestamp=10103 ms, used_size=1757184 bytes (4.3%)
(RDMA_READ_CONSUME_CHECK_CONSUMER) timestamp=10103 ms, used_size=1755136 bytes (4.3%)
(RDMA_READ_CONSUME_CHECK_CONSUMER) timestamp=10103 ms, used_size=1753088 bytes (4.3%)
(RDMA_READ_CONSUME_CHECK_CONSUMER) timestamp=10103 ms, used_size=1751040 bytes (4.3%)
(RDMA_READ_CONSUME_CHECK_CONSUMER) timestamp=10103 ms, used_size=1748992 bytes (4.3%)
(RDMA_READ_CONSUME_CHECK_CONSUMER) timestamp=10103 ms, used_size=1746944 bytes (4.3%)
(RDMA_READ_CONSUME_CHECK_CONSUMER) timestamp=10103 ms, used_size=1744896 bytes (4.3%)
(RDMA_READ_CONSUME_CHECK_CONSUMER) timestamp=10103 ms, used_size=1742848 bytes (4.3%)
(RDMA_READ_CONSUME_CHECK_CONSUMER) timestamp=10103 ms, used_size=1740800 bytes (4.2%)
(RDMA_READ_CONSUME_CHECK_CONSUMER) timestamp=10103 ms, used_size=1738752 bytes (4.2%)
(RDMA_READ_CONSUME_CHECK_CONSUMER) timestamp=10103 ms, used_size=1736704 bytes (4.2%)
(RDMA_READ_CONSUME_CHECK_CONSUMER) timestamp=10103 ms, used_size=1734656 bytes (4.2%)
(RDMA_READ_CONSUME_CHECK_CONSUMER) timestamp=10103 ms, used_size=1732608 bytes (4.2%)
(RDMA_READ_CONSUME_CHECK_CONSUMER) timestamp=10103 ms, used_size=1730560 bytes (4.2%)
(RDMA_READ_CONSUME_CHECK_CONSUMER) timestamp=10103 ms, used_size=1728512 bytes (4.2%)
(RDMA_READ_CONSUME_CHECK_CONSUMER) timestamp=10103 ms, used_size=1726464 bytes (4.2%)
(RDMA_READ_CONSUME_CHECK_CONSUMER) timestamp=10103 ms, used_size=1724416 bytes (4.2%)
(RDMA_READ_CONSUME_CHECK_CONSUMER) timestamp=10103 ms, used_size=1722368 bytes (4.2%)
(RDMA_READ_CONSUME_CHECK_CONSUMER) timestamp=10103 ms, used_size=1720320 bytes (4.2%)
(RDMA_READ_CONSUME_CHECK_CONSUMER) timestamp=10103 ms, used_size=1718272 bytes (4.2%)
(RDMA_READ_CONSUME_CHECK_CONSUMER) timestamp=10103 ms, used_size=1716224 bytes (4.2%)
(RDMA_READ_CONSUME_CHECK_CONSUMER) timestamp=10104 ms, used_size=1714176 bytes (4.2%)
(RDMA_READ_CONSUME_CHECK_CONSUMER) timestamp=10104 ms, used_size=1712128 bytes (4.2%)
(RDMA_READ_CONSUME_CHECK_CONSUMER) timestamp=10104 ms, used_size=1710080 bytes (4.2%)
(RDMA_READ_CONSUME_CHECK_CONSUMER) timestamp=10104 ms, used_size=1708032 bytes (4.2%)
(RDMA_READ_CONSUME_CHECK_CONSUMER) timestamp=10104 ms, used_size=1705984 bytes (4.2%)
(RDMA_READ_CONSUME_CHECK_CONSUMER) timestamp=10104 ms, used_size=1703936 bytes (4.2%)
(RDMA_READ_CONSUME_CHECK_CONSUMER) timestamp=10104 ms, used_size=1701888 bytes (4.2%)
(RDMA_READ_CONSUME_CHECK_CONSUMER) timestamp=10104 ms, used_size=1699840 bytes (4.2%)
(RDMA_READ_CONSUME_CHECK_CONSUMER) timestamp=10104 ms, used_size=1697792 bytes (4.1%)
(RDMA_READ_CONSUME_CHECK_CONSUMER) timestamp=10104 ms, used_size=1695744 bytes (4.1%)
(RDMA_READ_CONSUME_CHECK_CONSUMER) timestamp=10104 ms, used_size=1693696 bytes (4.1%)
(RDMA_READ_CONSUME_CHECK_CONSUMER) timestamp=10104 ms, used_size=1691648 bytes (4.1%)
(RDMA_READ_CONSUME_CHECK_CONSUMER) timestamp=10104 ms, used_size=1689600 bytes (4.1%)
(RDMA_READ_CONSUME_CHECK_CONSUMER) timestamp=10104 ms, used_size=1687552 bytes (4.1%)
(RDMA_READ_CONSUME_CHECK_CONSUMER) timestamp=10104 ms, used_size=1685504 bytes (4.1%)
(RDMA_READ_CONSUME_CHECK_CONSUMER) timestamp=10104 ms, used_size=1683456 bytes (4.1%)
(RDMA_READ_CONSUME_CHECK_CONSUMER) timestamp=10104 ms, used_size=1681408 bytes (4.1%)
(RDMA_READ_CONSUME_CHECK_CONSUMER) timestamp=10104 ms, used_size=1679360 bytes (4.1%)
(RDMA_READ_CONSUME_CHECK_CONSUMER) timestamp=10104 ms, used_size=1677312 bytes (4.1%)
(RDMA_READ_CONSUME_CHECK_CONSUMER) timestamp=10104 ms, used_size=1675264 bytes (4.1%)
(RDMA_READ_CONSUME_CHECK_CONSUMER) timestamp=10104 ms, used_size=1673216 bytes (4.1%)
(RDMA_READ_CONSUME_CHECK_CONSUMER) timestamp=10104 ms, used_size=1671168 bytes (4.1%)
(RDMA_READ_CONSUME_CHECK_CONSUMER) timestamp=10104 ms, used_size=1669120 bytes (4.1%)
(RDMA_READ_CONSUME_CHECK_CONSUMER) timestamp=10104 ms, used_size=1667072 bytes (4.1%)
(RDMA_READ_CONSUME_CHECK_CONSUMER) timestamp=10104 ms, used_size=1665024 bytes (4.1%)
(RDMA_READ_CONSUME_CHECK_CONSUMER) timestamp=10104 ms, used_size=1662976 bytes (4.1%)
(RDMA_READ_CONSUME_CHECK_CONSUMER) timestamp=10104 ms, used_size=1660928 bytes (4.1%)
(RDMA_READ_CONSUME_CHECK_CONSUMER) timestamp=10104 ms, used_size=1658880 bytes (4.0%)
(RDMA_READ_CONSUME_CHECK_CONSUMER) timestamp=10104 ms, used_size=1656832 bytes (4.0%)
(RDMA_READ_CONSUME_CHECK_CONSUMER) timestamp=10104 ms, used_size=1654784 bytes (4.0%)
(RDMA_READ_CONSUME_CHECK_CONSUMER) timestamp=10104 ms, used_size=1652736 bytes (4.0%)
(RDMA_READ_CONSUME_CHECK_CONSUMER) timestamp=10104 ms, used_size=1650688 bytes (4.0%)
(RDMA_READ_CONSUME_CHECK_CONSUMER) timestamp=10104 ms, used_size=1648640 bytes (4.0%)
(RDMA_READ_CONSUME_CHECK_CONSUMER) timestamp=10104 ms, used_size=1646592 bytes (4.0%)
(RDMA_READ_CONSUME_CHECK_CONSUMER) timestamp=10104 ms, used_size=1644544 bytes (4.0%)
(RDMA_READ_CONSUME_CHECK_CONSUMER) timestamp=10104 ms, used_size=1642496 bytes (4.0%)
(RDMA_READ_CONSUME_CHECK_CONSUMER) timestamp=10104 ms, used_size=1640448 bytes (4.0%)
(RDMA_READ_CONSUME_CHECK_CONSUMER) timestamp=10104 ms, used_size=1638400 bytes (4.0%)
(RDMA_READ_CONSUME_CHECK_CONSUMER) timestamp=10104 ms, used_size=1636352 bytes (4.0%)
(RDMA_READ_CONSUME_CHECK_CONSUMER) timestamp=10104 ms, used_size=1634304 bytes (4.0%)
(RDMA_READ_CONSUME_CHECK_CONSUMER) timestamp=10104 ms, used_size=1632256 bytes (4.0%)
(RDMA_READ_CONSUME_CHECK_CONSUMER) timestamp=10104 ms, used_size=1630208 bytes (4.0%)
(RDMA_READ_CONSUME_CHECK_CONSUMER) timestamp=10104 ms, used_size=1628160 bytes (4.0%)
(RDMA_READ_CONSUME_CHECK_CONSUMER) timestamp=10104 ms, used_size=1626112 bytes (4.0%)
(RDMA_READ_CONSUME_CHECK_CONSUMER) timestamp=10104 ms, used_size=1624064 bytes (4.0%)
(RDMA_READ_CONSUME_CHECK_CONSUMER) timestamp=10104 ms, used_size=1622016 bytes (4.0%)
(RDMA_READ_CONSUME_CHECK_CONSUMER) timestamp=10104 ms, used_size=1619968 bytes (4.0%)
(RDMA_READ_CONSUME_CHECK_CONSUMER) timestamp=10104 ms, used_size=1617920 bytes (4.0%)
(RDMA_READ_CONSUME_CHECK_CONSUMER) timestamp=10104 ms, used_size=1615872 bytes (3.9%)
(RDMA_READ_CONSUME_CHECK_CONSUMER) timestamp=10104 ms, used_size=1613824 bytes (3.9%)
(RDMA_READ_CONSUME_CHECK_CONSUMER) timestamp=10104 ms, used_size=1611776 bytes (3.9%)
(RDMA_READ_CONSUME_CHECK_CONSUMER) timestamp=10104 ms, used_size=1609728 bytes (3.9%)
(RDMA_READ_CONSUME_CHECK_CONSUMER) timestamp=10104 ms, used_size=1607680 bytes (3.9%)
(RDMA_READ_CONSUME_CHECK_CONSUMER) timestamp=10104 ms, used_size=1605632 bytes (3.9%)
(RDMA_READ_CONSUME_CHECK_CONSUMER) timestamp=10104 ms, used_size=1603584 bytes (3.9%)
(RDMA_READ_CONSUME_CHECK_CONSUMER) timestamp=10104 ms, used_size=1601536 bytes (3.9%)
(RDMA_READ_CONSUME_CHECK_CONSUMER) timestamp=10104 ms, used_size=1599488 bytes (3.9%)
(RDMA_READ_CONSUME_CHECK_CONSUMER) timestamp=10104 ms, used_size=1597440 bytes (3.9%)
(RDMA_READ_CONSUME_CHECK_CONSUMER) timestamp=10104 ms, used_size=1595392 bytes (3.9%)
(RDMA_READ_CONSUME_CHECK_CONSUMER) timestamp=10104 ms, used_size=1593344 bytes (3.9%)
(RDMA_READ_CONSUME_CHECK_CONSUMER) timestamp=10104 ms, used_size=1591296 bytes (3.9%)
(RDMA_READ_CONSUME_CHECK_CONSUMER) timestamp=10104 ms, used_size=1589248 bytes (3.9%)
(RDMA_READ_CONSUME_CHECK_CONSUMER) timestamp=10104 ms, used_size=1587200 bytes (3.9%)
(RDMA_READ_CONSUME_CHECK_CONSUMER) timestamp=10104 ms, used_size=1585152 bytes (3.9%)
(RDMA_READ_CONSUME_CHECK_CONSUMER) timestamp=10104 ms, used_size=1583104 bytes (3.9%)
(RDMA_READ_CONSUME_CHECK_CONSUMER) timestamp=10104 ms, used_size=1581056 bytes (3.9%)
(RDMA_READ_CONSUME_CHECK_CONSUMER) timestamp=10104 ms, used_size=1579008 bytes (3.9%)
(RDMA_READ_CONSUME_CHECK_CONSUMER) timestamp=10104 ms, used_size=1576960 bytes (3.9%)
(RDMA_READ_CONSUME_CHECK_CONSUMER) timestamp=10104 ms, used_size=1574912 bytes (3.8%)
(RDMA_READ_CONSUME_CHECK_CONSUMER) timestamp=10104 ms, used_size=1572864 bytes (3.8%)
(RDMA_READ_CONSUME_CHECK_CONSUMER) timestamp=10104 ms, used_size=1570816 bytes (3.8%)
(RDMA_READ_CONSUME_CHECK_CONSUMER) timestamp=10104 ms, used_size=1568768 bytes (3.8%)
(RDMA_READ_CONSUME_CHECK_CONSUMER) timestamp=10104 ms, used_size=1566720 bytes (3.8%)
(RDMA_READ_CONSUME_CHECK_CONSUMER) timestamp=10104 ms, used_size=1564672 bytes (3.8%)
(RDMA_READ_CONSUME_CHECK_CONSUMER) timestamp=10104 ms, used_size=1562624 bytes (3.8%)
(RDMA_READ_CONSUME_CHECK_CONSUMER) timestamp=10104 ms, used_size=1560576 bytes (3.8%)
(RDMA_READ_CONSUME_CHECK_CONSUMER) timestamp=10104 ms, used_size=1558528 bytes (3.8%)
(RDMA_READ_CONSUME_CHECK_CONSUMER) timestamp=10104 ms, used_size=1556480 bytes (3.8%)
(RDMA_READ_CONSUME_CHECK_CONSUMER) timestamp=10104 ms, used_size=1554432 bytes (3.8%)
(RDMA_READ_CONSUME_CHECK_CONSUMER) timestamp=10104 ms, used_size=1552384 bytes (3.8%)
(RDMA_READ_CONSUME_CHECK_CONSUMER) timestamp=10104 ms, used_size=1550336 bytes (3.8%)
(RDMA_READ_CONSUME_CHECK_CONSUMER) timestamp=10104 ms, used_size=1548288 bytes (3.8%)
(RDMA_READ_CONSUME_CHECK_CONSUMER) timestamp=10104 ms, used_size=1546240 bytes (3.8%)
(RDMA_READ_CONSUME_CHECK_CONSUMER) timestamp=10104 ms, used_size=1544192 bytes (3.8%)
(RDMA_READ_CONSUME_CHECK_CONSUMER) timestamp=10104 ms, used_size=1542144 bytes (3.8%)
(RDMA_READ_CONSUME_CHECK_CONSUMER) timestamp=10104 ms, used_size=1540096 bytes (3.8%)
(RDMA_READ_CONSUME_CHECK_CONSUMER) timestamp=10104 ms, used_size=1538048 bytes (3.8%)
(RDMA_READ_CONSUME_CHECK_CONSUMER) timestamp=10104 ms, used_size=1536000 bytes (3.8%)
(RDMA_READ_CONSUME_CHECK_CONSUMER) timestamp=10104 ms, used_size=1533952 bytes (3.7%)
(RDMA_READ_CONSUME_CHECK_CONSUMER) timestamp=10104 ms, used_size=1531904 bytes (3.7%)
(RDMA_READ_CONSUME_CHECK_CONSUMER) timestamp=10104 ms, used_size=1529856 bytes (3.7%)
(RDMA_READ_CONSUME_CHECK_CONSUMER) timestamp=10104 ms, used_size=1527808 bytes (3.7%)
(RDMA_READ_CONSUME_CHECK_CONSUMER) timestamp=10104 ms, used_size=1525760 bytes (3.7%)
(RDMA_READ_CONSUME_CHECK_CONSUMER) timestamp=10104 ms, used_size=1523712 bytes (3.7%)
(RDMA_READ_CONSUME_CHECK_CONSUMER) timestamp=10104 ms, used_size=1521664 bytes (3.7%)
(RDMA_READ_CONSUME_CHECK_CONSUMER) timestamp=10104 ms, used_size=1519616 bytes (3.7%)
(RDMA_READ_CONSUME_CHECK_CONSUMER) timestamp=10104 ms, used_size=1517568 bytes (3.7%)
(RDMA_READ_CONSUME_CHECK_CONSUMER) timestamp=10104 ms, used_size=1515520 bytes (3.7%)
(RDMA_READ_CONSUME_CHECK_CONSUMER) timestamp=10104 ms, used_size=1513472 bytes (3.7%)
(RDMA_READ_CONSUME_CHECK_CONSUMER) timestamp=10104 ms, used_size=1511424 bytes (3.7%)
(RDMA_READ_CONSUME_CHECK_CONSUMER) timestamp=10104 ms, used_size=1509376 bytes (3.7%)
(RDMA_READ_CONSUME_CHECK_CONSUMER) timestamp=10104 ms, used_size=1507328 bytes (3.7%)
(RDMA_READ_CONSUME_CHECK_CONSUMER) timestamp=10104 ms, used_size=1505280 bytes (3.7%)
(RDMA_READ_CONSUME_CHECK_CONSUMER) timestamp=10104 ms, used_size=1503232 bytes (3.7%)
(RDMA_READ_CONSUME_CHECK_CONSUMER) timestamp=10104 ms, used_size=1501184 bytes (3.7%)
(RDMA_READ_CONSUME_CHECK_CONSUMER) timestamp=10104 ms, used_size=1499136 bytes (3.7%)
(RDMA_READ_CONSUME_CHECK_CONSUMER) timestamp=10104 ms, used_size=1497088 bytes (3.7%)
(RDMA_READ_CONSUME_CHECK_CONSUMER) timestamp=10104 ms, used_size=1495040 bytes (3.6%)
(RDMA_READ_CONSUME_CHECK_CONSUMER) timestamp=10104 ms, used_size=1492992 bytes (3.6%)
(RDMA_READ_CONSUME_CHECK_CONSUMER) timestamp=10104 ms, used_size=1490944 bytes (3.6%)
(RDMA_READ_CONSUME_CHECK_CONSUMER) timestamp=10104 ms, used_size=1488896 bytes (3.6%)
(RDMA_READ_CONSUME_CHECK_CONSUMER) timestamp=10104 ms, used_size=1486848 bytes (3.6%)
(RDMA_READ_CONSUME_CHECK_CONSUMER) timestamp=10104 ms, used_size=1484800 bytes (3.6%)
(RDMA_READ_CONSUME_CHECK_CONSUMER) timestamp=10104 ms, used_size=1482752 bytes (3.6%)
(RDMA_READ_CONSUME_CHECK_CONSUMER) timestamp=10104 ms, used_size=1480704 bytes (3.6%)
(RDMA_READ_CONSUME_CHECK_CONSUMER) timestamp=10104 ms, used_size=1478656 bytes (3.6%)
(RDMA_READ_CONSUME_CHECK_CONSUMER) timestamp=10104 ms, used_size=1476608 bytes (3.6%)
(RDMA_READ_CONSUME_CHECK_CONSUMER) timestamp=10104 ms, used_size=1474560 bytes (3.6%)
(RDMA_READ_CONSUME_CHECK_CONSUMER) timestamp=10104 ms, used_size=1472512 bytes (3.6%)
(RDMA_READ_CONSUME_CHECK_CONSUMER) timestamp=10104 ms, used_size=1470464 bytes (3.6%)
(RDMA_READ_CONSUME_CHECK_CONSUMER) timestamp=10104 ms, used_size=1468416 bytes (3.6%)
(RDMA_READ_CONSUME_CHECK_CONSUMER) timestamp=10104 ms, used_size=1466368 bytes (3.6%)
(RDMA_READ_CONSUME_CHECK_CONSUMER) timestamp=10104 ms, used_size=1464320 bytes (3.6%)
(RDMA_READ_CONSUME_CHECK_CONSUMER) timestamp=10104 ms, used_size=1462272 bytes (3.6%)
(RDMA_READ_CONSUME_CHECK_CONSUMER) timestamp=10104 ms, used_size=1460224 bytes (3.6%)
(RDMA_READ_CONSUME_CHECK_CONSUMER) timestamp=10104 ms, used_size=1458176 bytes (3.6%)
(RDMA_READ_CONSUME_CHECK_CONSUMER) timestamp=10104 ms, used_size=1456128 bytes (3.6%)
(RDMA_READ_CONSUME_CHECK_CONSUMER) timestamp=10104 ms, used_size=1454080 bytes (3.5%)
(RDMA_READ_CONSUME_CHECK_CONSUMER) timestamp=10104 ms, used_size=1452032 bytes (3.5%)
(RDMA_READ_CONSUME_CHECK_CONSUMER) timestamp=10104 ms, used_size=1449984 bytes (3.5%)
(RDMA_READ_CONSUME_CHECK_CONSUMER) timestamp=10104 ms, used_size=1447936 bytes (3.5%)
(RDMA_READ_CONSUME_CHECK_CONSUMER) timestamp=10104 ms, used_size=1445888 bytes (3.5%)
(RDMA_READ_CONSUME_CHECK_CONSUMER) timestamp=10104 ms, used_size=1443840 bytes (3.5%)
(RDMA_READ_CONSUME_CHECK_CONSUMER) timestamp=10104 ms, used_size=1441792 bytes (3.5%)
(RDMA_READ_CONSUME_CHECK_CONSUMER) timestamp=10104 ms, used_size=1439744 bytes (3.5%)
(RDMA_READ_CONSUME_CHECK_CONSUMER) timestamp=10104 ms, used_size=1437696 bytes (3.5%)
(RDMA_READ_CONSUME_CHECK_CONSUMER) timestamp=10104 ms, used_size=1435648 bytes (3.5%)
(RDMA_READ_CONSUME_CHECK_CONSUMER) timestamp=10104 ms, used_size=1433600 bytes (3.5%)
(RDMA_READ_CONSUME_CHECK_CONSUMER) timestamp=10104 ms, used_size=1431552 bytes (3.5%)
(RDMA_READ_CONSUME_CHECK_CONSUMER) timestamp=10104 ms, used_size=1429504 bytes (3.5%)
(RDMA_READ_CONSUME_CHECK_CONSUMER) timestamp=10104 ms, used_size=1427456 bytes (3.5%)
(RDMA_READ_CONSUME_CHECK_CONSUMER) timestamp=10104 ms, used_size=1425408 bytes (3.5%)
(RDMA_READ_CONSUME_CHECK_CONSUMER) timestamp=10104 ms, used_size=1423360 bytes (3.5%)
(RDMA_READ_CONSUME_CHECK_CONSUMER) timestamp=10104 ms, used_size=1421312 bytes (3.5%)
(RDMA_READ_CONSUME_CHECK_CONSUMER) timestamp=10104 ms, used_size=1419264 bytes (3.5%)
(RDMA_READ_CONSUME_CHECK_CONSUMER) timestamp=10104 ms, used_size=1417216 bytes (3.5%)
(RDMA_READ_CONSUME_CHECK_CONSUMER) timestamp=10104 ms, used_size=1415168 bytes (3.5%)
(RDMA_READ_CONSUME_CHECK_CONSUMER) timestamp=10104 ms, used_size=1413120 bytes (3.5%)
(RDMA_READ_CONSUME_CHECK_CONSUMER) timestamp=10104 ms, used_size=1411072 bytes (3.4%)
(RDMA_READ_CONSUME_CHECK_CONSUMER) timestamp=10104 ms, used_size=1409024 bytes (3.4%)
(RDMA_READ_CONSUME_CHECK_CONSUMER) timestamp=10104 ms, used_size=1406976 bytes (3.4%)
(RDMA_READ_CONSUME_CHECK_CONSUMER) timestamp=10104 ms, used_size=1404928 bytes (3.4%)
(RDMA_READ_CONSUME_CHECK_CONSUMER) timestamp=10104 ms, used_size=1402880 bytes (3.4%)
(RDMA_READ_CONSUME_CHECK_CONSUMER) timestamp=10104 ms, used_size=1400832 bytes (3.4%)
(RDMA_READ_CONSUME_CHECK_CONSUMER) timestamp=10104 ms, used_size=1398784 bytes (3.4%)
(RDMA_READ_CONSUME_CHECK_CONSUMER) timestamp=10104 ms, used_size=1396736 bytes (3.4%)
(RDMA_READ_CONSUME_CHECK_CONSUMER) timestamp=10104 ms, used_size=1394688 bytes (3.4%)
(RDMA_READ_CONSUME_CHECK_CONSUMER) timestamp=10104 ms, used_size=1392640 bytes (3.4%)
(RDMA_READ_CONSUME_CHECK_CONSUMER) timestamp=10104 ms, used_size=1390592 bytes (3.4%)
(RDMA_READ_CONSUME_CHECK_CONSUMER) timestamp=10104 ms, used_size=1388544 bytes (3.4%)
(RDMA_READ_CONSUME_CHECK_CONSUMER) timestamp=10104 ms, used_size=1386496 bytes (3.4%)
(RDMA_READ_CONSUME_CHECK_CONSUMER) timestamp=10104 ms, used_size=1384448 bytes (3.4%)
(RDMA_READ_CONSUME_CHECK_CONSUMER) timestamp=10104 ms, used_size=1382400 bytes (3.4%)
(RDMA_READ_CONSUME_CHECK_CONSUMER) timestamp=10104 ms, used_size=1380352 bytes (3.4%)
(RDMA_READ_CONSUME_CHECK_CONSUMER) timestamp=10104 ms, used_size=1378304 bytes (3.4%)
(RDMA_READ_CONSUME_CHECK_CONSUMER) timestamp=10104 ms, used_size=1376256 bytes (3.4%)
(RDMA_READ_CONSUME_CHECK_CONSUMER) timestamp=10104 ms, used_size=1374208 bytes (3.4%)
(RDMA_READ_CONSUME_CHECK_CONSUMER) timestamp=10104 ms, used_size=1372160 bytes (3.4%)
(RDMA_READ_CONSUME_CHECK_CONSUMER) timestamp=10104 ms, used_size=1370112 bytes (3.3%)
(RDMA_READ_CONSUME_CHECK_CONSUMER) timestamp=10104 ms, used_size=1368064 bytes (3.3%)
(RDMA_READ_CONSUME_CHECK_CONSUMER) timestamp=10104 ms, used_size=1366016 bytes (3.3%)
(RDMA_READ_CONSUME_CHECK_CONSUMER) timestamp=10104 ms, used_size=1363968 bytes (3.3%)
(RDMA_READ_CONSUME_CHECK_CONSUMER) timestamp=10104 ms, used_size=1361920 bytes (3.3%)
(RDMA_READ_CONSUME_CHECK_CONSUMER) timestamp=10105 ms, used_size=1359872 bytes (3.3%)
(RDMA_READ_CONSUME_CHECK_CONSUMER) timestamp=10105 ms, used_size=1357824 bytes (3.3%)
(RDMA_READ_CONSUME_CHECK_CONSUMER) timestamp=10105 ms, used_size=1355776 bytes (3.3%)
(RDMA_READ_CONSUME_CHECK_CONSUMER) timestamp=10105 ms, used_size=1353728 bytes (3.3%)
(RDMA_READ_CONSUME_CHECK_CONSUMER) timestamp=10105 ms, used_size=1351680 bytes (3.3%)
(RDMA_READ_CONSUME_CHECK_CONSUMER) timestamp=10105 ms, used_size=1349632 bytes (3.3%)
(RDMA_READ_CONSUME_CHECK_CONSUMER) timestamp=10105 ms, used_size=1347584 bytes (3.3%)
(RDMA_READ_CONSUME_CHECK_CONSUMER) timestamp=10105 ms, used_size=1345536 bytes (3.3%)
(RDMA_READ_CONSUME_CHECK_CONSUMER) timestamp=10105 ms, used_size=1343488 bytes (3.3%)
(RDMA_READ_CONSUME_CHECK_CONSUMER) timestamp=10105 ms, used_size=1341440 bytes (3.3%)
(RDMA_READ_CONSUME_CHECK_CONSUMER) timestamp=10105 ms, used_size=1339392 bytes (3.3%)
(RDMA_READ_CONSUME_CHECK_CONSUMER) timestamp=10105 ms, used_size=1337344 bytes (3.3%)
(RDMA_READ_CONSUME_CHECK_CONSUMER) timestamp=10105 ms, used_size=1335296 bytes (3.3%)
(RDMA_READ_CONSUME_CHECK_CONSUMER) timestamp=10105 ms, used_size=1333248 bytes (3.3%)
(RDMA_READ_CONSUME_CHECK_CONSUMER) timestamp=10105 ms, used_size=1331200 bytes (3.2%)
(RDMA_READ_CONSUME_CHECK_CONSUMER) timestamp=10105 ms, used_size=1329152 bytes (3.2%)
(RDMA_READ_CONSUME_CHECK_CONSUMER) timestamp=10105 ms, used_size=1327104 bytes (3.2%)
(RDMA_READ_CONSUME_CHECK_CONSUMER) timestamp=10105 ms, used_size=1325056 bytes (3.2%)
(RDMA_READ_CONSUME_CHECK_CONSUMER) timestamp=10105 ms, used_size=1323008 bytes (3.2%)
(RDMA_READ_CONSUME_CHECK_CONSUMER) timestamp=10105 ms, used_size=1320960 bytes (3.2%)
(RDMA_READ_CONSUME_CHECK_CONSUMER) timestamp=10105 ms, used_size=1318912 bytes (3.2%)
(RDMA_READ_CONSUME_CHECK_CONSUMER) timestamp=10105 ms, used_size=1316864 bytes (3.2%)
(RDMA_READ_CONSUME_CHECK_CONSUMER) timestamp=10105 ms, used_size=1314816 bytes (3.2%)
(RDMA_READ_CONSUME_CHECK_CONSUMER) timestamp=10105 ms, used_size=1312768 bytes (3.2%)
(RDMA_READ_CONSUME_CHECK_CONSUMER) timestamp=10105 ms, used_size=1310720 bytes (3.2%)
(RDMA_READ_CONSUME_CHECK_CONSUMER) timestamp=10105 ms, used_size=1308672 bytes (3.2%)
(RDMA_READ_CONSUME_CHECK_CONSUMER) timestamp=10105 ms, used_size=1306624 bytes (3.2%)
(RDMA_READ_CONSUME_CHECK_CONSUMER) timestamp=10105 ms, used_size=1304576 bytes (3.2%)
(RDMA_READ_CONSUME_CHECK_CONSUMER) timestamp=10105 ms, used_size=1302528 bytes (3.2%)
(RDMA_READ_CONSUME_CHECK_CONSUMER) timestamp=10105 ms, used_size=1300480 bytes (3.2%)
(RDMA_READ_CONSUME_CHECK_CONSUMER) timestamp=10105 ms, used_size=1298432 bytes (3.2%)
(RDMA_READ_CONSUME_CHECK_CONSUMER) timestamp=10105 ms, used_size=1296384 bytes (3.2%)
(RDMA_READ_CONSUME_CHECK_CONSUMER) timestamp=10105 ms, used_size=1294336 bytes (3.2%)
(RDMA_READ_CONSUME_CHECK_CONSUMER) timestamp=10105 ms, used_size=1292288 bytes (3.2%)
(RDMA_READ_CONSUME_CHECK_CONSUMER) timestamp=10105 ms, used_size=1290240 bytes (3.1%)
(RDMA_READ_CONSUME_CHECK_CONSUMER) timestamp=10105 ms, used_size=1288192 bytes (3.1%)
(RDMA_READ_CONSUME_CHECK_CONSUMER) timestamp=10105 ms, used_size=1286144 bytes (3.1%)
(RDMA_READ_CONSUME_CHECK_CONSUMER) timestamp=10105 ms, used_size=1284096 bytes (3.1%)
(RDMA_READ_CONSUME_CHECK_CONSUMER) timestamp=10105 ms, used_size=1282048 bytes (3.1%)
(RDMA_READ_CONSUME_CHECK_CONSUMER) timestamp=10105 ms, used_size=1280000 bytes (3.1%)
(RDMA_READ_CONSUME_CHECK_CONSUMER) timestamp=10105 ms, used_size=1277952 bytes (3.1%)
(RDMA_READ_CONSUME_CHECK_CONSUMER) timestamp=10105 ms, used_size=1275904 bytes (3.1%)
(RDMA_READ_CONSUME_CHECK_CONSUMER) timestamp=10105 ms, used_size=1273856 bytes (3.1%)
(RDMA_READ_CONSUME_CHECK_CONSUMER) timestamp=10105 ms, used_size=1271808 bytes (3.1%)
(RDMA_READ_CONSUME_CHECK_CONSUMER) timestamp=10105 ms, used_size=1269760 bytes (3.1%)
(RDMA_READ_CONSUME_CHECK_CONSUMER) timestamp=10105 ms, used_size=1267712 bytes (3.1%)
(RDMA_READ_CONSUME_CHECK_CONSUMER) timestamp=10105 ms, used_size=1265664 bytes (3.1%)
(RDMA_READ_CONSUME_CHECK_CONSUMER) timestamp=10105 ms, used_size=1263616 bytes (3.1%)
(RDMA_READ_CONSUME_CHECK_CONSUMER) timestamp=10105 ms, used_size=1261568 bytes (3.1%)
(RDMA_READ_CONSUME_CHECK_CONSUMER) timestamp=10105 ms, used_size=1259520 bytes (3.1%)
(RDMA_READ_CONSUME_CHECK_CONSUMER) timestamp=10105 ms, used_size=1257472 bytes (3.1%)
(RDMA_READ_CONSUME_CHECK_CONSUMER) timestamp=10105 ms, used_size=1255424 bytes (3.1%)
(RDMA_READ_CONSUME_CHECK_CONSUMER) timestamp=10105 ms, used_size=1253376 bytes (3.1%)
(RDMA_READ_CONSUME_CHECK_CONSUMER) timestamp=10105 ms, used_size=1251328 bytes (3.1%)
(RDMA_READ_CONSUME_CHECK_CONSUMER) timestamp=10105 ms, used_size=1249280 bytes (3.0%)
(RDMA_READ_CONSUME_CHECK_CONSUMER) timestamp=10105 ms, used_size=1247232 bytes (3.0%)
(RDMA_READ_CONSUME_CHECK_CONSUMER) timestamp=10105 ms, used_size=1245184 bytes (3.0%)
(RDMA_READ_CONSUME_CHECK_CONSUMER) timestamp=10105 ms, used_size=1243136 bytes (3.0%)
(RDMA_READ_CONSUME_CHECK_CONSUMER) timestamp=10105 ms, used_size=1241088 bytes (3.0%)
(RDMA_READ_CONSUME_CHECK_CONSUMER) timestamp=10105 ms, used_size=1239040 bytes (3.0%)
(RDMA_READ_CONSUME_CHECK_CONSUMER) timestamp=10105 ms, used_size=1236992 bytes (3.0%)
(RDMA_READ_CONSUME_CHECK_CONSUMER) timestamp=10105 ms, used_size=1234944 bytes (3.0%)
(RDMA_READ_CONSUME_CHECK_CONSUMER) timestamp=10105 ms, used_size=1232896 bytes (3.0%)
(RDMA_READ_CONSUME_CHECK_CONSUMER) timestamp=10105 ms, used_size=1230848 bytes (3.0%)
(RDMA_READ_CONSUME_CHECK_CONSUMER) timestamp=10105 ms, used_size=1228800 bytes (3.0%)
(RDMA_READ_CONSUME_CHECK_CONSUMER) timestamp=10105 ms, used_size=1226752 bytes (3.0%)
(RDMA_READ_CONSUME_CHECK_CONSUMER) timestamp=10105 ms, used_size=1224704 bytes (3.0%)
(RDMA_READ_CONSUME_CHECK_CONSUMER) timestamp=10105 ms, used_size=1222656 bytes (3.0%)
(RDMA_READ_CONSUME_CHECK_CONSUMER) timestamp=10105 ms, used_size=1220608 bytes (3.0%)
(RDMA_READ_CONSUME_CHECK_CONSUMER) timestamp=10105 ms, used_size=1218560 bytes (3.0%)
(RDMA_READ_CONSUME_CHECK_CONSUMER) timestamp=10105 ms, used_size=1216512 bytes (3.0%)
(RDMA_READ_CONSUME_CHECK_CONSUMER) timestamp=10105 ms, used_size=1214464 bytes (3.0%)
(RDMA_READ_CONSUME_CHECK_CONSUMER) timestamp=10105 ms, used_size=1212416 bytes (3.0%)
(RDMA_READ_CONSUME_CHECK_CONSUMER) timestamp=10105 ms, used_size=1210368 bytes (3.0%)
(RDMA_READ_CONSUME_CHECK_CONSUMER) timestamp=10105 ms, used_size=1208320 bytes (3.0%)
(RDMA_READ_CONSUME_CHECK_CONSUMER) timestamp=10105 ms, used_size=1206272 bytes (2.9%)
(RDMA_READ_CONSUME_CHECK_CONSUMER) timestamp=10105 ms, used_size=1204224 bytes (2.9%)
(RDMA_READ_CONSUME_CHECK_CONSUMER) timestamp=10105 ms, used_size=1202176 bytes (2.9%)
(RDMA_READ_CONSUME_CHECK_CONSUMER) timestamp=10105 ms, used_size=1200128 bytes (2.9%)
(RDMA_READ_CONSUME_CHECK_CONSUMER) timestamp=10105 ms, used_size=1198080 bytes (2.9%)
(RDMA_READ_CONSUME_CHECK_CONSUMER) timestamp=10105 ms, used_size=1196032 bytes (2.9%)
(RDMA_READ_CONSUME_CHECK_CONSUMER) timestamp=10105 ms, used_size=1193984 bytes (2.9%)
(RDMA_READ_CONSUME_CHECK_CONSUMER) timestamp=10105 ms, used_size=1191936 bytes (2.9%)
(RDMA_READ_CONSUME_CHECK_CONSUMER) timestamp=10105 ms, used_size=1189888 bytes (2.9%)
(RDMA_READ_CONSUME_CHECK_CONSUMER) timestamp=10105 ms, used_size=1187840 bytes (2.9%)
(RDMA_READ_CONSUME_CHECK_CONSUMER) timestamp=10105 ms, used_size=1185792 bytes (2.9%)
(RDMA_READ_CONSUME_CHECK_CONSUMER) timestamp=10105 ms, used_size=1183744 bytes (2.9%)
(RDMA_READ_CONSUME_CHECK_CONSUMER) timestamp=10105 ms, used_size=1181696 bytes (2.9%)
(RDMA_READ_CONSUME_CHECK_CONSUMER) timestamp=10105 ms, used_size=1179648 bytes (2.9%)
(RDMA_READ_CONSUME_CHECK_CONSUMER) timestamp=10105 ms, used_size=1177600 bytes (2.9%)
(RDMA_READ_CONSUME_CHECK_CONSUMER) timestamp=10105 ms, used_size=1175552 bytes (2.9%)
(RDMA_READ_CONSUME_CHECK_CONSUMER) timestamp=10105 ms, used_size=1173504 bytes (2.9%)
(RDMA_READ_CONSUME_CHECK_CONSUMER) timestamp=10105 ms, used_size=1171456 bytes (2.9%)
(RDMA_READ_CONSUME_CHECK_CONSUMER) timestamp=10105 ms, used_size=1169408 bytes (2.9%)
(RDMA_READ_CONSUME_CHECK_CONSUMER) timestamp=10105 ms, used_size=1167360 bytes (2.9%)
(RDMA_READ_CONSUME_CHECK_CONSUMER) timestamp=10105 ms, used_size=1165312 bytes (2.8%)
(RDMA_READ_CONSUME_CHECK_CONSUMER) timestamp=10105 ms, used_size=1163264 bytes (2.8%)
(RDMA_READ_CONSUME_CHECK_CONSUMER) timestamp=10105 ms, used_size=1161216 bytes (2.8%)
(RDMA_READ_CONSUME_CHECK_CONSUMER) timestamp=10105 ms, used_size=1159168 bytes (2.8%)
(RDMA_READ_CONSUME_CHECK_CONSUMER) timestamp=10105 ms, used_size=1157120 bytes (2.8%)
(RDMA_READ_CONSUME_CHECK_CONSUMER) timestamp=10105 ms, used_size=1155072 bytes (2.8%)
(RDMA_READ_CONSUME_CHECK_CONSUMER) timestamp=10105 ms, used_size=1153024 bytes (2.8%)
(RDMA_READ_CONSUME_CHECK_CONSUMER) timestamp=10105 ms, used_size=1150976 bytes (2.8%)
(RDMA_READ_CONSUME_CHECK_CONSUMER) timestamp=10105 ms, used_size=1148928 bytes (2.8%)
(RDMA_READ_CONSUME_CHECK_CONSUMER) timestamp=10105 ms, used_size=1146880 bytes (2.8%)
(RDMA_READ_CONSUME_CHECK_CONSUMER) timestamp=10105 ms, used_size=1144832 bytes (2.8%)
(RDMA_READ_CONSUME_CHECK_CONSUMER) timestamp=10105 ms, used_size=1142784 bytes (2.8%)
(RDMA_READ_CONSUME_CHECK_CONSUMER) timestamp=10105 ms, used_size=1140736 bytes (2.8%)
(RDMA_READ_CONSUME_CHECK_CONSUMER) timestamp=10105 ms, used_size=1138688 bytes (2.8%)
(RDMA_READ_CONSUME_CHECK_CONSUMER) timestamp=10105 ms, used_size=1136640 bytes (2.8%)
(RDMA_READ_CONSUME_CHECK_CONSUMER) timestamp=10105 ms, used_size=1134592 bytes (2.8%)
(RDMA_READ_CONSUME_CHECK_CONSUMER) timestamp=10105 ms, used_size=1132544 bytes (2.8%)
(RDMA_READ_CONSUME_CHECK_CONSUMER) timestamp=10105 ms, used_size=1130496 bytes (2.8%)
(RDMA_READ_CONSUME_CHECK_CONSUMER) timestamp=10105 ms, used_size=1128448 bytes (2.8%)
(RDMA_READ_CONSUME_CHECK_CONSUMER) timestamp=10105 ms, used_size=1126400 bytes (2.8%)
(RDMA_READ_CONSUME_CHECK_CONSUMER) timestamp=10105 ms, used_size=1124352 bytes (2.7%)
(RDMA_READ_CONSUME_CHECK_CONSUMER) timestamp=10105 ms, used_size=1122304 bytes (2.7%)
(RDMA_READ_CONSUME_CHECK_CONSUMER) timestamp=10105 ms, used_size=1120256 bytes (2.7%)
(RDMA_READ_CONSUME_CHECK_CONSUMER) timestamp=10105 ms, used_size=1118208 bytes (2.7%)
(RDMA_READ_CONSUME_CHECK_CONSUMER) timestamp=10105 ms, used_size=1116160 bytes (2.7%)
(RDMA_READ_CONSUME_CHECK_CONSUMER) timestamp=10105 ms, used_size=1114112 bytes (2.7%)
(RDMA_READ_CONSUME_CHECK_CONSUMER) timestamp=10105 ms, used_size=1112064 bytes (2.7%)
(RDMA_READ_CONSUME_CHECK_CONSUMER) timestamp=10105 ms, used_size=1110016 bytes (2.7%)
(RDMA_READ_CONSUME_CHECK_CONSUMER) timestamp=10105 ms, used_size=1107968 bytes (2.7%)
(RDMA_READ_CONSUME_CHECK_CONSUMER) timestamp=10105 ms, used_size=1105920 bytes (2.7%)
(RDMA_READ_CONSUME_CHECK_CONSUMER) timestamp=10105 ms, used_size=1103872 bytes (2.7%)
(RDMA_READ_CONSUME_CHECK_CONSUMER) timestamp=10105 ms, used_size=1101824 bytes (2.7%)
(RDMA_READ_CONSUME_CHECK_CONSUMER) timestamp=10105 ms, used_size=1099776 bytes (2.7%)
(RDMA_READ_CONSUME_CHECK_CONSUMER) timestamp=10105 ms, used_size=1097728 bytes (2.7%)
(RDMA_READ_CONSUME_CHECK_CONSUMER) timestamp=10105 ms, used_size=1095680 bytes (2.7%)
(RDMA_READ_CONSUME_CHECK_CONSUMER) timestamp=10105 ms, used_size=1093632 bytes (2.7%)
(RDMA_READ_CONSUME_CHECK_CONSUMER) timestamp=10105 ms, used_size=1091584 bytes (2.7%)
(RDMA_READ_CONSUME_CHECK_CONSUMER) timestamp=10105 ms, used_size=1089536 bytes (2.7%)
(RDMA_READ_CONSUME_CHECK_CONSUMER) timestamp=10105 ms, used_size=1087488 bytes (2.7%)
(RDMA_READ_CONSUME_CHECK_CONSUMER) timestamp=10105 ms, used_size=1085440 bytes (2.6%)
(RDMA_READ_CONSUME_CHECK_CONSUMER) timestamp=10105 ms, used_size=1083392 bytes (2.6%)
(RDMA_READ_CONSUME_CHECK_CONSUMER) timestamp=10105 ms, used_size=1081344 bytes (2.6%)
(RDMA_READ_CONSUME_CHECK_CONSUMER) timestamp=10105 ms, used_size=1079296 bytes (2.6%)
(RDMA_READ_CONSUME_CHECK_CONSUMER) timestamp=10105 ms, used_size=1077248 bytes (2.6%)
(RDMA_READ_CONSUME_CHECK_CONSUMER) timestamp=10105 ms, used_size=1075200 bytes (2.6%)
(RDMA_READ_CONSUME_CHECK_CONSUMER) timestamp=10105 ms, used_size=1073152 bytes (2.6%)
(RDMA_READ_CONSUME_CHECK_CONSUMER) timestamp=10105 ms, used_size=1071104 bytes (2.6%)
(RDMA_READ_CONSUME_CHECK_CONSUMER) timestamp=10105 ms, used_size=1069056 bytes (2.6%)
(RDMA_READ_CONSUME_CHECK_CONSUMER) timestamp=10105 ms, used_size=1067008 bytes (2.6%)
(RDMA_READ_CONSUME_CHECK_CONSUMER) timestamp=10105 ms, used_size=1064960 bytes (2.6%)
(RDMA_READ_CONSUME_CHECK_CONSUMER) timestamp=10105 ms, used_size=1062912 bytes (2.6%)
(RDMA_READ_CONSUME_CHECK_CONSUMER) timestamp=10105 ms, used_size=1060864 bytes (2.6%)
(RDMA_READ_CONSUME_CHECK_CONSUMER) timestamp=10105 ms, used_size=1058816 bytes (2.6%)
(RDMA_READ_CONSUME_CHECK_CONSUMER) timestamp=10105 ms, used_size=1056768 bytes (2.6%)
(RDMA_READ_CONSUME_CHECK_CONSUMER) timestamp=10105 ms, used_size=1054720 bytes (2.6%)
(RDMA_READ_CONSUME_CHECK_CONSUMER) timestamp=10105 ms, used_size=1052672 bytes (2.6%)
(RDMA_READ_CONSUME_CHECK_CONSUMER) timestamp=10105 ms, used_size=1050624 bytes (2.6%)
(RDMA_READ_CONSUME_CHECK_CONSUMER) timestamp=10105 ms, used_size=1048576 bytes (2.6%)
(RDMA_READ_CONSUME_CHECK_CONSUMER) timestamp=10105 ms, used_size=1046528 bytes (2.6%)
(RDMA_READ_CONSUME_CHECK_CONSUMER) timestamp=10105 ms, used_size=1044480 bytes (2.5%)
(RDMA_READ_CONSUME_CHECK_CONSUMER) timestamp=10105 ms, used_size=1042432 bytes (2.5%)
(RDMA_READ_CONSUME_CHECK_CONSUMER) timestamp=10105 ms, used_size=1040384 bytes (2.5%)
(RDMA_READ_CONSUME_CHECK_CONSUMER) timestamp=10105 ms, used_size=1038336 bytes (2.5%)
(RDMA_READ_CONSUME_CHECK_CONSUMER) timestamp=10105 ms, used_size=1036288 bytes (2.5%)
(RDMA_READ_CONSUME_CHECK_CONSUMER) timestamp=10105 ms, used_size=1034240 bytes (2.5%)
(RDMA_READ_CONSUME_CHECK_CONSUMER) timestamp=10105 ms, used_size=1032192 bytes (2.5%)
(RDMA_READ_CONSUME_CHECK_CONSUMER) timestamp=10105 ms, used_size=1030144 bytes (2.5%)
(RDMA_READ_CONSUME_CHECK_CONSUMER) timestamp=10105 ms, used_size=1028096 bytes (2.5%)
(RDMA_READ_CONSUME_CHECK_CONSUMER) timestamp=10105 ms, used_size=1026048 bytes (2.5%)
(RDMA_READ_CONSUME_CHECK_CONSUMER) timestamp=10105 ms, used_size=1024000 bytes (2.5%)
(RDMA_READ_CONSUME_CHECK_CONSUMER) timestamp=10105 ms, used_size=1021952 bytes (2.5%)
(RDMA_READ_CONSUME_CHECK_CONSUMER) timestamp=10105 ms, used_size=1019904 bytes (2.5%)
(RDMA_READ_CONSUME_CHECK_CONSUMER) timestamp=10105 ms, used_size=1017856 bytes (2.5%)
(RDMA_READ_CONSUME_CHECK_CONSUMER) timestamp=10105 ms, used_size=1015808 bytes (2.5%)
(RDMA_READ_CONSUME_CHECK_CONSUMER) timestamp=10105 ms, used_size=1013760 bytes (2.5%)
(RDMA_READ_CONSUME_CHECK_CONSUMER) timestamp=10105 ms, used_size=1011712 bytes (2.5%)
(RDMA_READ_CONSUME_CHECK_CONSUMER) timestamp=10105 ms, used_size=1009664 bytes (2.5%)
(RDMA_READ_CONSUME_CHECK_CONSUMER) timestamp=10105 ms, used_size=1007616 bytes (2.5%)
(RDMA_READ_CONSUME_CHECK_CONSUMER) timestamp=10105 ms, used_size=1005568 bytes (2.5%)
(RDMA_READ_CONSUME_CHECK_CONSUMER) timestamp=10105 ms, used_size=1003520 bytes (2.5%)
(RDMA_READ_CONSUME_CHECK_CONSUMER) timestamp=10105 ms, used_size=1001472 bytes (2.4%)
(RDMA_READ_CONSUME_CHECK_CONSUMER) timestamp=10106 ms, used_size=999424 bytes (2.4%)
(RDMA_READ_CONSUME_CHECK_CONSUMER) timestamp=10106 ms, used_size=997376 bytes (2.4%)
(RDMA_READ_CONSUME_CHECK_CONSUMER) timestamp=10106 ms, used_size=995328 bytes (2.4%)
(RDMA_READ_CONSUME_CHECK_CONSUMER) timestamp=10106 ms, used_size=993280 bytes (2.4%)
(RDMA_READ_CONSUME_CHECK_CONSUMER) timestamp=10106 ms, used_size=991232 bytes (2.4%)
(RDMA_READ_CONSUME_CHECK_CONSUMER) timestamp=10106 ms, used_size=989184 bytes (2.4%)
(RDMA_READ_CONSUME_CHECK_CONSUMER) timestamp=10106 ms, used_size=987136 bytes (2.4%)
(RDMA_READ_CONSUME_CHECK_CONSUMER) timestamp=10106 ms, used_size=985088 bytes (2.4%)
(RDMA_READ_CONSUME_CHECK_CONSUMER) timestamp=10106 ms, used_size=983040 bytes (2.4%)
(RDMA_READ_CONSUME_CHECK_CONSUMER) timestamp=10106 ms, used_size=980992 bytes (2.4%)
(RDMA_READ_CONSUME_CHECK_CONSUMER) timestamp=10106 ms, used_size=978944 bytes (2.4%)
(RDMA_READ_CONSUME_CHECK_CONSUMER) timestamp=10106 ms, used_size=976896 bytes (2.4%)
(RDMA_READ_CONSUME_CHECK_CONSUMER) timestamp=10106 ms, used_size=974848 bytes (2.4%)
(RDMA_READ_CONSUME_CHECK_CONSUMER) timestamp=10106 ms, used_size=972800 bytes (2.4%)
(RDMA_READ_CONSUME_CHECK_CONSUMER) timestamp=10106 ms, used_size=970752 bytes (2.4%)
(RDMA_READ_CONSUME_CHECK_CONSUMER) timestamp=10106 ms, used_size=968704 bytes (2.4%)
(RDMA_READ_CONSUME_CHECK_CONSUMER) timestamp=10106 ms, used_size=966656 bytes (2.4%)
(RDMA_READ_CONSUME_CHECK_CONSUMER) timestamp=10106 ms, used_size=964608 bytes (2.4%)
(RDMA_READ_CONSUME_CHECK_CONSUMER) timestamp=10106 ms, used_size=962560 bytes (2.4%)
(RDMA_READ_CONSUME_CHECK_CONSUMER) timestamp=10106 ms, used_size=960512 bytes (2.3%)
(RDMA_READ_CONSUME_CHECK_CONSUMER) timestamp=10106 ms, used_size=958464 bytes (2.3%)
(RDMA_READ_CONSUME_CHECK_CONSUMER) timestamp=10106 ms, used_size=956416 bytes (2.3%)
(RDMA_READ_CONSUME_CHECK_CONSUMER) timestamp=10106 ms, used_size=954368 bytes (2.3%)
(RDMA_READ_CONSUME_CHECK_CONSUMER) timestamp=10106 ms, used_size=952320 bytes (2.3%)
(RDMA_READ_CONSUME_CHECK_CONSUMER) timestamp=10106 ms, used_size=950272 bytes (2.3%)
(RDMA_READ_CONSUME_CHECK_CONSUMER) timestamp=10106 ms, used_size=948224 bytes (2.3%)
(RDMA_READ_CONSUME_CHECK_CONSUMER) timestamp=10106 ms, used_size=946176 bytes (2.3%)
(RDMA_READ_CONSUME_CHECK_CONSUMER) timestamp=10106 ms, used_size=944128 bytes (2.3%)
(RDMA_READ_CONSUME_CHECK_CONSUMER) timestamp=10106 ms, used_size=942080 bytes (2.3%)
(RDMA_READ_CONSUME_CHECK_CONSUMER) timestamp=10106 ms, used_size=940032 bytes (2.3%)
(RDMA_READ_CONSUME_CHECK_CONSUMER) timestamp=10106 ms, used_size=937984 bytes (2.3%)
(RDMA_READ_CONSUME_CHECK_CONSUMER) timestamp=10106 ms, used_size=935936 bytes (2.3%)
(RDMA_READ_CONSUME_CHECK_CONSUMER) timestamp=10106 ms, used_size=933888 bytes (2.3%)
(RDMA_READ_CONSUME_CHECK_CONSUMER) timestamp=10106 ms, used_size=931840 bytes (2.3%)
(RDMA_READ_CONSUME_CHECK_CONSUMER) timestamp=10106 ms, used_size=929792 bytes (2.3%)
(RDMA_READ_CONSUME_CHECK_CONSUMER) timestamp=10106 ms, used_size=927744 bytes (2.3%)
(RDMA_READ_CONSUME_CHECK_CONSUMER) timestamp=10106 ms, used_size=925696 bytes (2.3%)
(RDMA_READ_CONSUME_CHECK_CONSUMER) timestamp=10106 ms, used_size=923648 bytes (2.3%)
(RDMA_READ_CONSUME_CHECK_CONSUMER) timestamp=10106 ms, used_size=921600 bytes (2.2%)
(RDMA_READ_CONSUME_CHECK_CONSUMER) timestamp=10106 ms, used_size=919552 bytes (2.2%)
(RDMA_READ_CONSUME_CHECK_CONSUMER) timestamp=10106 ms, used_size=917504 bytes (2.2%)
(RDMA_READ_CONSUME_CHECK_CONSUMER) timestamp=10106 ms, used_size=915456 bytes (2.2%)
(RDMA_READ_CONSUME_CHECK_CONSUMER) timestamp=10106 ms, used_size=913408 bytes (2.2%)
(RDMA_READ_CONSUME_CHECK_CONSUMER) timestamp=10106 ms, used_size=911360 bytes (2.2%)
(RDMA_READ_CONSUME_CHECK_CONSUMER) timestamp=10106 ms, used_size=909312 bytes (2.2%)
(RDMA_READ_CONSUME_CHECK_CONSUMER) timestamp=10106 ms, used_size=907264 bytes (2.2%)
(RDMA_READ_CONSUME_CHECK_CONSUMER) timestamp=10106 ms, used_size=905216 bytes (2.2%)
(RDMA_READ_CONSUME_CHECK_CONSUMER) timestamp=10106 ms, used_size=903168 bytes (2.2%)
(RDMA_READ_CONSUME_CHECK_CONSUMER) timestamp=10106 ms, used_size=901120 bytes (2.2%)
(RDMA_READ_CONSUME_CHECK_CONSUMER) timestamp=10106 ms, used_size=899072 bytes (2.2%)
(RDMA_READ_CONSUME_CHECK_CONSUMER) timestamp=10106 ms, used_size=897024 bytes (2.2%)
(RDMA_READ_CONSUME_CHECK_CONSUMER) timestamp=10106 ms, used_size=894976 bytes (2.2%)
(RDMA_READ_CONSUME_CHECK_CONSUMER) timestamp=10106 ms, used_size=892928 bytes (2.2%)
(RDMA_READ_CONSUME_CHECK_CONSUMER) timestamp=10106 ms, used_size=890880 bytes (2.2%)
(RDMA_READ_CONSUME_CHECK_CONSUMER) timestamp=10106 ms, used_size=888832 bytes (2.2%)
(RDMA_READ_CONSUME_CHECK_CONSUMER) timestamp=10106 ms, used_size=886784 bytes (2.2%)
(RDMA_READ_CONSUME_CHECK_CONSUMER) timestamp=10106 ms, used_size=884736 bytes (2.2%)
(RDMA_READ_CONSUME_CHECK_CONSUMER) timestamp=10106 ms, used_size=882688 bytes (2.2%)
(RDMA_READ_CONSUME_CHECK_CONSUMER) timestamp=10106 ms, used_size=880640 bytes (2.1%)
(RDMA_READ_CONSUME_CHECK_CONSUMER) timestamp=10106 ms, used_size=878592 bytes (2.1%)
(RDMA_READ_CONSUME_CHECK_CONSUMER) timestamp=10106 ms, used_size=876544 bytes (2.1%)
(RDMA_READ_CONSUME_CHECK_CONSUMER) timestamp=10106 ms, used_size=874496 bytes (2.1%)
(RDMA_READ_CONSUME_CHECK_CONSUMER) timestamp=10106 ms, used_size=872448 bytes (2.1%)
(RDMA_READ_CONSUME_CHECK_CONSUMER) timestamp=10106 ms, used_size=870400 bytes (2.1%)
(RDMA_READ_CONSUME_CHECK_CONSUMER) timestamp=10106 ms, used_size=868352 bytes (2.1%)
(RDMA_READ_CONSUME_CHECK_CONSUMER) timestamp=10106 ms, used_size=866304 bytes (2.1%)
(RDMA_READ_CONSUME_CHECK_CONSUMER) timestamp=10106 ms, used_size=864256 bytes (2.1%)
(RDMA_READ_CONSUME_CHECK_CONSUMER) timestamp=10106 ms, used_size=862208 bytes (2.1%)
(RDMA_READ_CONSUME_CHECK_CONSUMER) timestamp=10106 ms, used_size=860160 bytes (2.1%)
(RDMA_READ_CONSUME_CHECK_CONSUMER) timestamp=10106 ms, used_size=858112 bytes (2.1%)
(RDMA_READ_CONSUME_CHECK_CONSUMER) timestamp=10106 ms, used_size=856064 bytes (2.1%)
(RDMA_READ_CONSUME_CHECK_CONSUMER) timestamp=10106 ms, used_size=854016 bytes (2.1%)
(RDMA_READ_CONSUME_CHECK_CONSUMER) timestamp=10106 ms, used_size=851968 bytes (2.1%)
(RDMA_READ_CONSUME_CHECK_CONSUMER) timestamp=10106 ms, used_size=849920 bytes (2.1%)
(RDMA_READ_CONSUME_CHECK_CONSUMER) timestamp=10106 ms, used_size=847872 bytes (2.1%)
(RDMA_READ_CONSUME_CHECK_CONSUMER) timestamp=10106 ms, used_size=845824 bytes (2.1%)
(RDMA_READ_CONSUME_CHECK_CONSUMER) timestamp=10106 ms, used_size=843776 bytes (2.1%)
(RDMA_READ_CONSUME_CHECK_CONSUMER) timestamp=10106 ms, used_size=841728 bytes (2.1%)
(RDMA_READ_CONSUME_CHECK_CONSUMER) timestamp=10106 ms, used_size=839680 bytes (2.0%)
(RDMA_READ_CONSUME_CHECK_CONSUMER) timestamp=10106 ms, used_size=837632 bytes (2.0%)
(RDMA_READ_CONSUME_CHECK_CONSUMER) timestamp=10106 ms, used_size=835584 bytes (2.0%)
(RDMA_READ_CONSUME_CHECK_CONSUMER) timestamp=10106 ms, used_size=833536 bytes (2.0%)
(RDMA_READ_CONSUME_CHECK_CONSUMER) timestamp=10106 ms, used_size=831488 bytes (2.0%)
(RDMA_READ_CONSUME_CHECK_CONSUMER) timestamp=10106 ms, used_size=829440 bytes (2.0%)
(RDMA_READ_CONSUME_CHECK_CONSUMER) timestamp=10106 ms, used_size=827392 bytes (2.0%)
(RDMA_READ_CONSUME_CHECK_CONSUMER) timestamp=10106 ms, used_size=825344 bytes (2.0%)
(RDMA_READ_CONSUME_CHECK_CONSUMER) timestamp=10106 ms, used_size=823296 bytes (2.0%)
(RDMA_READ_CONSUME_CHECK_CONSUMER) timestamp=10106 ms, used_size=821248 bytes (2.0%)
(RDMA_READ_CONSUME_CHECK_CONSUMER) timestamp=10106 ms, used_size=819200 bytes (2.0%)
(RDMA_READ_CONSUME_CHECK_CONSUMER) timestamp=10106 ms, used_size=817152 bytes (2.0%)
(RDMA_READ_CONSUME_CHECK_CONSUMER) timestamp=10106 ms, used_size=815104 bytes (2.0%)
(RDMA_READ_CONSUME_CHECK_CONSUMER) timestamp=10106 ms, used_size=813056 bytes (2.0%)
(RDMA_READ_CONSUME_CHECK_CONSUMER) timestamp=10106 ms, used_size=811008 bytes (2.0%)
(RDMA_READ_CONSUME_CHECK_CONSUMER) timestamp=10106 ms, used_size=808960 bytes (2.0%)
(RDMA_READ_CONSUME_CHECK_CONSUMER) timestamp=10106 ms, used_size=806912 bytes (2.0%)
(RDMA_READ_CONSUME_CHECK_CONSUMER) timestamp=10106 ms, used_size=804864 bytes (2.0%)
(RDMA_READ_CONSUME_CHECK_CONSUMER) timestamp=10106 ms, used_size=802816 bytes (2.0%)
(RDMA_READ_CONSUME_CHECK_CONSUMER) timestamp=10106 ms, used_size=800768 bytes (2.0%)
(RDMA_READ_CONSUME_CHECK_CONSUMER) timestamp=10106 ms, used_size=798720 bytes (1.9%)
(RDMA_READ_CONSUME_CHECK_CONSUMER) timestamp=10106 ms, used_size=796672 bytes (1.9%)
(RDMA_READ_CONSUME_CHECK_CONSUMER) timestamp=10106 ms, used_size=794624 bytes (1.9%)
(RDMA_READ_CONSUME_CHECK_CONSUMER) timestamp=10106 ms, used_size=792576 bytes (1.9%)
(RDMA_READ_CONSUME_CHECK_CONSUMER) timestamp=10106 ms, used_size=790528 bytes (1.9%)
(RDMA_READ_CONSUME_CHECK_CONSUMER) timestamp=10106 ms, used_size=788480 bytes (1.9%)
(RDMA_READ_CONSUME_CHECK_CONSUMER) timestamp=10106 ms, used_size=786432 bytes (1.9%)
(RDMA_READ_CONSUME_CHECK_CONSUMER) timestamp=10106 ms, used_size=784384 bytes (1.9%)
(RDMA_READ_CONSUME_CHECK_CONSUMER) timestamp=10106 ms, used_size=782336 bytes (1.9%)
(RDMA_READ_CONSUME_CHECK_CONSUMER) timestamp=10106 ms, used_size=780288 bytes (1.9%)
(RDMA_READ_CONSUME_CHECK_CONSUMER) timestamp=10106 ms, used_size=778240 bytes (1.9%)
(RDMA_READ_CONSUME_CHECK_CONSUMER) timestamp=10106 ms, used_size=776192 bytes (1.9%)
(RDMA_READ_CONSUME_CHECK_CONSUMER) timestamp=10106 ms, used_size=774144 bytes (1.9%)
(RDMA_READ_CONSUME_CHECK_CONSUMER) timestamp=10106 ms, used_size=772096 bytes (1.9%)
(RDMA_READ_CONSUME_CHECK_CONSUMER) timestamp=10106 ms, used_size=770048 bytes (1.9%)
(RDMA_READ_CONSUME_CHECK_CONSUMER) timestamp=10106 ms, used_size=768000 bytes (1.9%)
(RDMA_READ_CONSUME_CHECK_CONSUMER) timestamp=10106 ms, used_size=765952 bytes (1.9%)
(RDMA_READ_CONSUME_CHECK_CONSUMER) timestamp=10106 ms, used_size=763904 bytes (1.9%)
(RDMA_READ_CONSUME_CHECK_CONSUMER) timestamp=10106 ms, used_size=761856 bytes (1.9%)
(RDMA_READ_CONSUME_CHECK_CONSUMER) timestamp=10106 ms, used_size=759808 bytes (1.9%)
(RDMA_READ_CONSUME_CHECK_CONSUMER) timestamp=10106 ms, used_size=757760 bytes (1.9%)
(RDMA_READ_CONSUME_CHECK_CONSUMER) timestamp=10106 ms, used_size=755712 bytes (1.8%)
(RDMA_READ_CONSUME_CHECK_CONSUMER) timestamp=10106 ms, used_size=753664 bytes (1.8%)
(RDMA_READ_CONSUME_CHECK_CONSUMER) timestamp=10106 ms, used_size=751616 bytes (1.8%)
(RDMA_READ_CONSUME_CHECK_CONSUMER) timestamp=10106 ms, used_size=749568 bytes (1.8%)
(RDMA_READ_CONSUME_CHECK_CONSUMER) timestamp=10106 ms, used_size=747520 bytes (1.8%)
(RDMA_READ_CONSUME_CHECK_CONSUMER) timestamp=10106 ms, used_size=745472 bytes (1.8%)
(RDMA_READ_CONSUME_CHECK_CONSUMER) timestamp=10106 ms, used_size=743424 bytes (1.8%)
(RDMA_READ_CONSUME_CHECK_CONSUMER) timestamp=10106 ms, used_size=741376 bytes (1.8%)
(RDMA_READ_CONSUME_CHECK_CONSUMER) timestamp=10106 ms, used_size=739328 bytes (1.8%)
(RDMA_READ_CONSUME_CHECK_CONSUMER) timestamp=10106 ms, used_size=737280 bytes (1.8%)
(RDMA_READ_CONSUME_CHECK_CONSUMER) timestamp=10106 ms, used_size=735232 bytes (1.8%)
(RDMA_READ_CONSUME_CHECK_CONSUMER) timestamp=10106 ms, used_size=733184 bytes (1.8%)
(RDMA_READ_CONSUME_CHECK_CONSUMER) timestamp=10106 ms, used_size=731136 bytes (1.8%)
(RDMA_READ_CONSUME_CHECK_CONSUMER) timestamp=10106 ms, used_size=729088 bytes (1.8%)
(RDMA_READ_CONSUME_CHECK_CONSUMER) timestamp=10106 ms, used_size=727040 bytes (1.8%)
(RDMA_READ_CONSUME_CHECK_CONSUMER) timestamp=10106 ms, used_size=724992 bytes (1.8%)
(RDMA_READ_CONSUME_CHECK_CONSUMER) timestamp=10106 ms, used_size=722944 bytes (1.8%)
(RDMA_READ_CONSUME_CHECK_CONSUMER) timestamp=10106 ms, used_size=720896 bytes (1.8%)
(RDMA_READ_CONSUME_CHECK_CONSUMER) timestamp=10106 ms, used_size=718848 bytes (1.8%)
(RDMA_READ_CONSUME_CHECK_CONSUMER) timestamp=10106 ms, used_size=716800 bytes (1.8%)
(RDMA_READ_CONSUME_CHECK_CONSUMER) timestamp=10106 ms, used_size=714752 bytes (1.7%)
(RDMA_READ_CONSUME_CHECK_CONSUMER) timestamp=10106 ms, used_size=712704 bytes (1.7%)
(RDMA_READ_CONSUME_CHECK_CONSUMER) timestamp=10106 ms, used_size=710656 bytes (1.7%)
(RDMA_READ_CONSUME_CHECK_CONSUMER) timestamp=10106 ms, used_size=708608 bytes (1.7%)
(RDMA_READ_CONSUME_CHECK_CONSUMER) timestamp=10106 ms, used_size=706560 bytes (1.7%)
(RDMA_READ_CONSUME_CHECK_CONSUMER) timestamp=10106 ms, used_size=704512 bytes (1.7%)
(RDMA_READ_CONSUME_CHECK_CONSUMER) timestamp=10106 ms, used_size=702464 bytes (1.7%)
(RDMA_READ_CONSUME_CHECK_CONSUMER) timestamp=10106 ms, used_size=700416 bytes (1.7%)
(RDMA_READ_CONSUME_CHECK_CONSUMER) timestamp=10106 ms, used_size=698368 bytes (1.7%)
(RDMA_READ_CONSUME_CHECK_CONSUMER) timestamp=10106 ms, used_size=696320 bytes (1.7%)
(RDMA_READ_CONSUME_CHECK_CONSUMER) timestamp=10106 ms, used_size=694272 bytes (1.7%)
(RDMA_READ_CONSUME_CHECK_CONSUMER) timestamp=10106 ms, used_size=692224 bytes (1.7%)
(RDMA_READ_CONSUME_CHECK_CONSUMER) timestamp=10106 ms, used_size=690176 bytes (1.7%)
(RDMA_READ_CONSUME_CHECK_CONSUMER) timestamp=10106 ms, used_size=688128 bytes (1.7%)
(RDMA_READ_CONSUME_CHECK_CONSUMER) timestamp=10106 ms, used_size=686080 bytes (1.7%)
(RDMA_READ_CONSUME_CHECK_CONSUMER) timestamp=10106 ms, used_size=684032 bytes (1.7%)
(RDMA_READ_CONSUME_CHECK_CONSUMER) timestamp=10106 ms, used_size=681984 bytes (1.7%)
(RDMA_READ_CONSUME_CHECK_CONSUMER) timestamp=10106 ms, used_size=679936 bytes (1.7%)
(RDMA_READ_CONSUME_CHECK_CONSUMER) timestamp=10106 ms, used_size=677888 bytes (1.7%)
(RDMA_READ_CONSUME_CHECK_CONSUMER) timestamp=10106 ms, used_size=675840 bytes (1.6%)
(RDMA_READ_CONSUME_CHECK_CONSUMER) timestamp=10106 ms, used_size=673792 bytes (1.6%)
(RDMA_READ_CONSUME_CHECK_CONSUMER) timestamp=10106 ms, used_size=671744 bytes (1.6%)
(RDMA_READ_CONSUME_CHECK_CONSUMER) timestamp=10106 ms, used_size=669696 bytes (1.6%)
(RDMA_READ_CONSUME_CHECK_CONSUMER) timestamp=10106 ms, used_size=667648 bytes (1.6%)
(RDMA_READ_CONSUME_CHECK_CONSUMER) timestamp=10106 ms, used_size=665600 bytes (1.6%)
(RDMA_READ_CONSUME_CHECK_CONSUMER) timestamp=10106 ms, used_size=663552 bytes (1.6%)
(RDMA_READ_CONSUME_CHECK_CONSUMER) timestamp=10106 ms, used_size=661504 bytes (1.6%)
(RDMA_READ_CONSUME_CHECK_CONSUMER) timestamp=10106 ms, used_size=659456 bytes (1.6%)
(RDMA_READ_CONSUME_CHECK_CONSUMER) timestamp=10106 ms, used_size=657408 bytes (1.6%)
(RDMA_READ_CONSUME_CHECK_CONSUMER) timestamp=10106 ms, used_size=655360 bytes (1.6%)
(RDMA_READ_CONSUME_CHECK_CONSUMER) timestamp=10106 ms, used_size=653312 bytes (1.6%)
(RDMA_READ_CONSUME_CHECK_CONSUMER) timestamp=10106 ms, used_size=651264 bytes (1.6%)
(RDMA_READ_CONSUME_CHECK_CONSUMER) timestamp=10106 ms, used_size=649216 bytes (1.6%)
(RDMA_READ_CONSUME_CHECK_CONSUMER) timestamp=10106 ms, used_size=647168 bytes (1.6%)
(RDMA_READ_CONSUME_CHECK_CONSUMER) timestamp=10106 ms, used_size=645120 bytes (1.6%)
(RDMA_READ_CONSUME_CHECK_CONSUMER) timestamp=10107 ms, used_size=643072 bytes (1.6%)
(RDMA_READ_CONSUME_CHECK_CONSUMER) timestamp=10107 ms, used_size=641024 bytes (1.6%)
(RDMA_READ_CONSUME_CHECK_CONSUMER) timestamp=10107 ms, used_size=638976 bytes (1.6%)
(RDMA_READ_CONSUME_CHECK_CONSUMER) timestamp=10107 ms, used_size=636928 bytes (1.6%)
(RDMA_READ_CONSUME_CHECK_CONSUMER) timestamp=10107 ms, used_size=634880 bytes (1.6%)
(RDMA_READ_CONSUME_CHECK_CONSUMER) timestamp=10107 ms, used_size=632832 bytes (1.5%)
(RDMA_READ_CONSUME_CHECK_CONSUMER) timestamp=10107 ms, used_size=630784 bytes (1.5%)
(RDMA_READ_CONSUME_CHECK_CONSUMER) timestamp=10107 ms, used_size=628736 bytes (1.5%)
(RDMA_READ_CONSUME_CHECK_CONSUMER) timestamp=10107 ms, used_size=626688 bytes (1.5%)
(RDMA_READ_CONSUME_CHECK_CONSUMER) timestamp=10107 ms, used_size=624640 bytes (1.5%)
(RDMA_READ_CONSUME_CHECK_CONSUMER) timestamp=10107 ms, used_size=622592 bytes (1.5%)
(RDMA_READ_CONSUME_CHECK_CONSUMER) timestamp=10107 ms, used_size=620544 bytes (1.5%)
(RDMA_READ_CONSUME_CHECK_CONSUMER) timestamp=10107 ms, used_size=618496 bytes (1.5%)
(RDMA_READ_CONSUME_CHECK_CONSUMER) timestamp=10107 ms, used_size=616448 bytes (1.5%)
(RDMA_READ_CONSUME_CHECK_CONSUMER) timestamp=10107 ms, used_size=614400 bytes (1.5%)
(RDMA_READ_CONSUME_CHECK_CONSUMER) timestamp=10107 ms, used_size=612352 bytes (1.5%)
(RDMA_READ_CONSUME_CHECK_CONSUMER) timestamp=10107 ms, used_size=610304 bytes (1.5%)
(RDMA_READ_CONSUME_CHECK_CONSUMER) timestamp=10107 ms, used_size=608256 bytes (1.5%)
(RDMA_READ_CONSUME_CHECK_CONSUMER) timestamp=10107 ms, used_size=606208 bytes (1.5%)
(RDMA_READ_CONSUME_CHECK_CONSUMER) timestamp=10107 ms, used_size=604160 bytes (1.5%)
(RDMA_READ_CONSUME_CHECK_CONSUMER) timestamp=10107 ms, used_size=602112 bytes (1.5%)
(RDMA_READ_CONSUME_CHECK_CONSUMER) timestamp=10107 ms, used_size=600064 bytes (1.5%)
(RDMA_READ_CONSUME_CHECK_CONSUMER) timestamp=10107 ms, used_size=598016 bytes (1.5%)
(RDMA_READ_CONSUME_CHECK_CONSUMER) timestamp=10107 ms, used_size=595968 bytes (1.5%)
(RDMA_READ_CONSUME_CHECK_CONSUMER) timestamp=10107 ms, used_size=593920 bytes (1.4%)
(RDMA_READ_CONSUME_CHECK_CONSUMER) timestamp=10107 ms, used_size=591872 bytes (1.4%)
(RDMA_READ_CONSUME_CHECK_CONSUMER) timestamp=10107 ms, used_size=589824 bytes (1.4%)
(RDMA_READ_CONSUME_CHECK_CONSUMER) timestamp=10107 ms, used_size=587776 bytes (1.4%)
(RDMA_READ_CONSUME_CHECK_CONSUMER) timestamp=10107 ms, used_size=585728 bytes (1.4%)
(RDMA_READ_CONSUME_CHECK_CONSUMER) timestamp=10107 ms, used_size=583680 bytes (1.4%)
(RDMA_READ_CONSUME_CHECK_CONSUMER) timestamp=10107 ms, used_size=581632 bytes (1.4%)
(RDMA_READ_CONSUME_CHECK_CONSUMER) timestamp=10107 ms, used_size=579584 bytes (1.4%)
(RDMA_READ_CONSUME_CHECK_CONSUMER) timestamp=10107 ms, used_size=577536 bytes (1.4%)
(RDMA_READ_CONSUME_CHECK_CONSUMER) timestamp=10107 ms, used_size=575488 bytes (1.4%)
(RDMA_READ_CONSUME_CHECK_CONSUMER) timestamp=10107 ms, used_size=573440 bytes (1.4%)
(RDMA_READ_CONSUME_CHECK_CONSUMER) timestamp=10107 ms, used_size=571392 bytes (1.4%)
(RDMA_READ_CONSUME_CHECK_CONSUMER) timestamp=10107 ms, used_size=569344 bytes (1.4%)
(RDMA_READ_CONSUME_CHECK_CONSUMER) timestamp=10107 ms, used_size=567296 bytes (1.4%)
(RDMA_READ_CONSUME_CHECK_CONSUMER) timestamp=10107 ms, used_size=565248 bytes (1.4%)
(RDMA_READ_CONSUME_CHECK_CONSUMER) timestamp=10107 ms, used_size=563200 bytes (1.4%)
(RDMA_READ_CONSUME_CHECK_CONSUMER) timestamp=10107 ms, used_size=561152 bytes (1.4%)
(RDMA_READ_CONSUME_CHECK_CONSUMER) timestamp=10107 ms, used_size=559104 bytes (1.4%)
(RDMA_READ_CONSUME_CHECK_CONSUMER) timestamp=10107 ms, used_size=557056 bytes (1.4%)
(RDMA_READ_CONSUME_CHECK_CONSUMER) timestamp=10107 ms, used_size=555008 bytes (1.4%)
(RDMA_READ_CONSUME_CHECK_CONSUMER) timestamp=10107 ms, used_size=552960 bytes (1.4%)
(RDMA_READ_CONSUME_CHECK_CONSUMER) timestamp=10107 ms, used_size=550912 bytes (1.3%)
(RDMA_READ_CONSUME_CHECK_CONSUMER) timestamp=10107 ms, used_size=548864 bytes (1.3%)
(RDMA_READ_CONSUME_CHECK_CONSUMER) timestamp=10107 ms, used_size=546816 bytes (1.3%)
(RDMA_READ_CONSUME_CHECK_CONSUMER) timestamp=10107 ms, used_size=544768 bytes (1.3%)
(RDMA_READ_CONSUME_CHECK_CONSUMER) timestamp=10107 ms, used_size=542720 bytes (1.3%)
(RDMA_READ_CONSUME_CHECK_CONSUMER) timestamp=10107 ms, used_size=540672 bytes (1.3%)
(RDMA_READ_CONSUME_CHECK_CONSUMER) timestamp=10107 ms, used_size=538624 bytes (1.3%)
(RDMA_READ_CONSUME_CHECK_CONSUMER) timestamp=10107 ms, used_size=536576 bytes (1.3%)
(RDMA_READ_CONSUME_CHECK_CONSUMER) timestamp=10107 ms, used_size=534528 bytes (1.3%)
(RDMA_READ_CONSUME_CHECK_CONSUMER) timestamp=10107 ms, used_size=532480 bytes (1.3%)
(RDMA_READ_CONSUME_CHECK_CONSUMER) timestamp=10107 ms, used_size=530432 bytes (1.3%)
(RDMA_READ_CONSUME_CHECK_CONSUMER) timestamp=10107 ms, used_size=528384 bytes (1.3%)
(RDMA_READ_CONSUME_CHECK_CONSUMER) timestamp=10107 ms, used_size=526336 bytes (1.3%)
(RDMA_READ_CONSUME_CHECK_CONSUMER) timestamp=10107 ms, used_size=524288 bytes (1.3%)
(RDMA_READ_CONSUME_CHECK_CONSUMER) timestamp=10107 ms, used_size=522240 bytes (1.3%)
(RDMA_READ_CONSUME_CHECK_CONSUMER) timestamp=10107 ms, used_size=520192 bytes (1.3%)
(RDMA_READ_CONSUME_CHECK_CONSUMER) timestamp=10107 ms, used_size=518144 bytes (1.3%)
(RDMA_READ_CONSUME_CHECK_CONSUMER) timestamp=10107 ms, used_size=516096 bytes (1.3%)
(RDMA_READ_CONSUME_CHECK_CONSUMER) timestamp=10107 ms, used_size=514048 bytes (1.3%)
(RDMA_READ_CONSUME_CHECK_CONSUMER) timestamp=10107 ms, used_size=512000 bytes (1.2%)
(RDMA_READ_CONSUME_CHECK_CONSUMER) timestamp=10107 ms, used_size=509952 bytes (1.2%)
(RDMA_READ_CONSUME_CHECK_CONSUMER) timestamp=10107 ms, used_size=507904 bytes (1.2%)
(RDMA_READ_CONSUME_CHECK_CONSUMER) timestamp=10107 ms, used_size=505856 bytes (1.2%)
(RDMA_READ_CONSUME_CHECK_CONSUMER) timestamp=10107 ms, used_size=503808 bytes (1.2%)
(RDMA_READ_CONSUME_CHECK_CONSUMER) timestamp=10107 ms, used_size=501760 bytes (1.2%)
(RDMA_READ_CONSUME_CHECK_CONSUMER) timestamp=10107 ms, used_size=499712 bytes (1.2%)
(RDMA_READ_CONSUME_CHECK_CONSUMER) timestamp=10107 ms, used_size=497664 bytes (1.2%)
(RDMA_READ_CONSUME_CHECK_CONSUMER) timestamp=10107 ms, used_size=495616 bytes (1.2%)
(RDMA_READ_CONSUME_CHECK_CONSUMER) timestamp=10107 ms, used_size=493568 bytes (1.2%)
(RDMA_READ_CONSUME_CHECK_CONSUMER) timestamp=10107 ms, used_size=491520 bytes (1.2%)
(RDMA_READ_CONSUME_CHECK_CONSUMER) timestamp=10107 ms, used_size=489472 bytes (1.2%)
(RDMA_READ_CONSUME_CHECK_CONSUMER) timestamp=10107 ms, used_size=487424 bytes (1.2%)
(RDMA_READ_CONSUME_CHECK_CONSUMER) timestamp=10107 ms, used_size=485376 bytes (1.2%)
(RDMA_READ_CONSUME_CHECK_CONSUMER) timestamp=10107 ms, used_size=483328 bytes (1.2%)
(RDMA_READ_CONSUME_CHECK_CONSUMER) timestamp=10107 ms, used_size=481280 bytes (1.2%)
(RDMA_READ_CONSUME_CHECK_CONSUMER) timestamp=10107 ms, used_size=479232 bytes (1.2%)
(RDMA_READ_CONSUME_CHECK_CONSUMER) timestamp=10107 ms, used_size=477184 bytes (1.2%)
(RDMA_READ_CONSUME_CHECK_CONSUMER) timestamp=10107 ms, used_size=475136 bytes (1.2%)
(RDMA_READ_CONSUME_CHECK_CONSUMER) timestamp=10107 ms, used_size=473088 bytes (1.2%)
(RDMA_READ_CONSUME_CHECK_CONSUMER) timestamp=10107 ms, used_size=471040 bytes (1.1%)
(RDMA_READ_CONSUME_CHECK_CONSUMER) timestamp=10107 ms, used_size=468992 bytes (1.1%)
(RDMA_READ_CONSUME_CHECK_CONSUMER) timestamp=10107 ms, used_size=466944 bytes (1.1%)
(RDMA_READ_CONSUME_CHECK_CONSUMER) timestamp=10107 ms, used_size=464896 bytes (1.1%)
(RDMA_READ_CONSUME_CHECK_CONSUMER) timestamp=10107 ms, used_size=462848 bytes (1.1%)
(RDMA_READ_CONSUME_CHECK_CONSUMER) timestamp=10107 ms, used_size=460800 bytes (1.1%)
(RDMA_READ_CONSUME_CHECK_CONSUMER) timestamp=10107 ms, used_size=458752 bytes (1.1%)
(RDMA_READ_CONSUME_CHECK_CONSUMER) timestamp=10107 ms, used_size=456704 bytes (1.1%)
(RDMA_READ_CONSUME_CHECK_CONSUMER) timestamp=10107 ms, used_size=454656 bytes (1.1%)
(RDMA_READ_CONSUME_CHECK_CONSUMER) timestamp=10107 ms, used_size=452608 bytes (1.1%)
(RDMA_READ_CONSUME_CHECK_CONSUMER) timestamp=10107 ms, used_size=450560 bytes (1.1%)
(RDMA_READ_CONSUME_CHECK_CONSUMER) timestamp=10107 ms, used_size=448512 bytes (1.1%)
(RDMA_READ_CONSUME_CHECK_CONSUMER) timestamp=10107 ms, used_size=446464 bytes (1.1%)
(RDMA_READ_CONSUME_CHECK_CONSUMER) timestamp=10107 ms, used_size=444416 bytes (1.1%)
(RDMA_READ_CONSUME_CHECK_CONSUMER) timestamp=10107 ms, used_size=442368 bytes (1.1%)
(RDMA_READ_CONSUME_CHECK_CONSUMER) timestamp=10107 ms, used_size=440320 bytes (1.1%)
(RDMA_READ_CONSUME_CHECK_CONSUMER) timestamp=10107 ms, used_size=438272 bytes (1.1%)
(RDMA_READ_CONSUME_CHECK_CONSUMER) timestamp=10107 ms, used_size=436224 bytes (1.1%)
(RDMA_READ_CONSUME_CHECK_CONSUMER) timestamp=10107 ms, used_size=434176 bytes (1.1%)
(RDMA_READ_CONSUME_CHECK_CONSUMER) timestamp=10107 ms, used_size=432128 bytes (1.1%)
(RDMA_READ_CONSUME_CHECK_CONSUMER) timestamp=10107 ms, used_size=430080 bytes (1.1%)
(RDMA_READ_CONSUME_CHECK_CONSUMER) timestamp=10107 ms, used_size=428032 bytes (1.0%)
(RDMA_READ_CONSUME_CHECK_CONSUMER) timestamp=10107 ms, used_size=425984 bytes (1.0%)
(RDMA_READ_CONSUME_CHECK_CONSUMER) timestamp=10107 ms, used_size=423936 bytes (1.0%)
(RDMA_READ_CONSUME_CHECK_CONSUMER) timestamp=10107 ms, used_size=421888 bytes (1.0%)
(RDMA_READ_CONSUME_CHECK_CONSUMER) timestamp=10107 ms, used_size=419840 bytes (1.0%)
(RDMA_READ_CONSUME_CHECK_CONSUMER) timestamp=10107 ms, used_size=417792 bytes (1.0%)
(RDMA_READ_CONSUME_CHECK_CONSUMER) timestamp=10107 ms, used_size=415744 bytes (1.0%)
(RDMA_READ_CONSUME_CHECK_CONSUMER) timestamp=10107 ms, used_size=413696 bytes (1.0%)
(RDMA_READ_CONSUME_CHECK_CONSUMER) timestamp=10107 ms, used_size=411648 bytes (1.0%)
(RDMA_READ_CONSUME_CHECK_CONSUMER) timestamp=10107 ms, used_size=409600 bytes (1.0%)
(RDMA_READ_CONSUME_CHECK_CONSUMER) timestamp=10107 ms, used_size=407552 bytes (1.0%)
(RDMA_READ_CONSUME_CHECK_CONSUMER) timestamp=10107 ms, used_size=405504 bytes (1.0%)
(RDMA_READ_CONSUME_CHECK_CONSUMER) timestamp=10107 ms, used_size=403456 bytes (1.0%)
(RDMA_READ_CONSUME_CHECK_CONSUMER) timestamp=10107 ms, used_size=401408 bytes (1.0%)
(RDMA_READ_CONSUME_CHECK_CONSUMER) timestamp=10107 ms, used_size=399360 bytes (1.0%)
(RDMA_READ_CONSUME_CHECK_CONSUMER) timestamp=10107 ms, used_size=397312 bytes (1.0%)
(RDMA_READ_CONSUME_CHECK_CONSUMER) timestamp=10107 ms, used_size=395264 bytes (1.0%)
(RDMA_READ_CONSUME_CHECK_CONSUMER) timestamp=10107 ms, used_size=393216 bytes (1.0%)
(RDMA_READ_CONSUME_CHECK_CONSUMER) timestamp=10107 ms, used_size=391168 bytes (1.0%)
(RDMA_READ_CONSUME_CHECK_CONSUMER) timestamp=10107 ms, used_size=389120 bytes (0.9%)
(RDMA_READ_CONSUME_CHECK_CONSUMER) timestamp=10107 ms, used_size=387072 bytes (0.9%)
(RDMA_READ_CONSUME_CHECK_CONSUMER) timestamp=10107 ms, used_size=385024 bytes (0.9%)
(RDMA_READ_CONSUME_CHECK_CONSUMER) timestamp=10107 ms, used_size=382976 bytes (0.9%)
(RDMA_READ_CONSUME_CHECK_CONSUMER) timestamp=10107 ms, used_size=380928 bytes (0.9%)
(RDMA_READ_CONSUME_CHECK_CONSUMER) timestamp=10107 ms, used_size=378880 bytes (0.9%)
(RDMA_READ_CONSUME_CHECK_CONSUMER) timestamp=10107 ms, used_size=376832 bytes (0.9%)
(RDMA_READ_CONSUME_CHECK_CONSUMER) timestamp=10107 ms, used_size=374784 bytes (0.9%)
(RDMA_READ_CONSUME_CHECK_CONSUMER) timestamp=10107 ms, used_size=372736 bytes (0.9%)
(RDMA_READ_CONSUME_CHECK_CONSUMER) timestamp=10107 ms, used_size=370688 bytes (0.9%)
(RDMA_READ_CONSUME_CHECK_CONSUMER) timestamp=10107 ms, used_size=368640 bytes (0.9%)
(RDMA_READ_CONSUME_CHECK_CONSUMER) timestamp=10107 ms, used_size=366592 bytes (0.9%)
(RDMA_READ_CONSUME_CHECK_CONSUMER) timestamp=10107 ms, used_size=364544 bytes (0.9%)
(RDMA_READ_CONSUME_CHECK_CONSUMER) timestamp=10107 ms, used_size=362496 bytes (0.9%)
(RDMA_READ_CONSUME_CHECK_CONSUMER) timestamp=10107 ms, used_size=360448 bytes (0.9%)
(RDMA_READ_CONSUME_CHECK_CONSUMER) timestamp=10107 ms, used_size=358400 bytes (0.9%)
(RDMA_READ_CONSUME_CHECK_CONSUMER) timestamp=10107 ms, used_size=356352 bytes (0.9%)
(RDMA_READ_CONSUME_CHECK_CONSUMER) timestamp=10107 ms, used_size=354304 bytes (0.9%)
(RDMA_READ_CONSUME_CHECK_CONSUMER) timestamp=10107 ms, used_size=352256 bytes (0.9%)
(RDMA_READ_CONSUME_CHECK_CONSUMER) timestamp=10107 ms, used_size=350208 bytes (0.9%)
(RDMA_READ_CONSUME_CHECK_CONSUMER) timestamp=10107 ms, used_size=348160 bytes (0.8%)
(RDMA_READ_CONSUME_CHECK_CONSUMER) timestamp=10107 ms, used_size=346112 bytes (0.8%)
(RDMA_READ_CONSUME_CHECK_CONSUMER) timestamp=10107 ms, used_size=344064 bytes (0.8%)
(RDMA_READ_CONSUME_CHECK_CONSUMER) timestamp=10107 ms, used_size=342016 bytes (0.8%)
(RDMA_READ_CONSUME_CHECK_CONSUMER) timestamp=10107 ms, used_size=339968 bytes (0.8%)
(RDMA_READ_CONSUME_CHECK_CONSUMER) timestamp=10107 ms, used_size=337920 bytes (0.8%)
(RDMA_READ_CONSUME_CHECK_CONSUMER) timestamp=10107 ms, used_size=335872 bytes (0.8%)
(RDMA_READ_CONSUME_CHECK_CONSUMER) timestamp=10107 ms, used_size=333824 bytes (0.8%)
(RDMA_READ_CONSUME_CHECK_CONSUMER) timestamp=10107 ms, used_size=331776 bytes (0.8%)
(RDMA_READ_CONSUME_CHECK_CONSUMER) timestamp=10107 ms, used_size=329728 bytes (0.8%)
(RDMA_READ_CONSUME_CHECK_CONSUMER) timestamp=10107 ms, used_size=327680 bytes (0.8%)
(RDMA_READ_CONSUME_CHECK_CONSUMER) timestamp=10107 ms, used_size=325632 bytes (0.8%)
(RDMA_READ_CONSUME_CHECK_CONSUMER) timestamp=10107 ms, used_size=323584 bytes (0.8%)
(RDMA_READ_CONSUME_CHECK_CONSUMER) timestamp=10107 ms, used_size=321536 bytes (0.8%)
(RDMA_READ_CONSUME_CHECK_CONSUMER) timestamp=10107 ms, used_size=319488 bytes (0.8%)
(RDMA_READ_CONSUME_CHECK_CONSUMER) timestamp=10107 ms, used_size=317440 bytes (0.8%)
(RDMA_READ_CONSUME_CHECK_CONSUMER) timestamp=10107 ms, used_size=315392 bytes (0.8%)
(RDMA_READ_CONSUME_CHECK_CONSUMER) timestamp=10107 ms, used_size=313344 bytes (0.8%)
(RDMA_READ_CONSUME_CHECK_CONSUMER) timestamp=10107 ms, used_size=311296 bytes (0.8%)
(RDMA_READ_CONSUME_CHECK_CONSUMER) timestamp=10107 ms, used_size=309248 bytes (0.8%)
(RDMA_READ_CONSUME_CHECK_CONSUMER) timestamp=10107 ms, used_size=307200 bytes (0.8%)
(RDMA_READ_CONSUME_CHECK_CONSUMER) timestamp=10107 ms, used_size=305152 bytes (0.7%)
(RDMA_READ_CONSUME_CHECK_CONSUMER) timestamp=10107 ms, used_size=303104 bytes (0.7%)
(RDMA_READ_CONSUME_CHECK_CONSUMER) timestamp=10107 ms, used_size=301056 bytes (0.7%)
(RDMA_READ_CONSUME_CHECK_CONSUMER) timestamp=10107 ms, used_size=299008 bytes (0.7%)
(RDMA_READ_CONSUME_CHECK_CONSUMER) timestamp=10107 ms, used_size=296960 bytes (0.7%)
(RDMA_READ_CONSUME_CHECK_CONSUMER) timestamp=10108 ms, used_size=294912 bytes (0.7%)
(RDMA_READ_CONSUME_CHECK_CONSUMER) timestamp=10108 ms, used_size=292864 bytes (0.7%)
(RDMA_READ_CONSUME_CHECK_CONSUMER) timestamp=10108 ms, used_size=290816 bytes (0.7%)
(RDMA_READ_CONSUME_CHECK_CONSUMER) timestamp=10108 ms, used_size=288768 bytes (0.7%)
(RDMA_READ_CONSUME_CHECK_CONSUMER) timestamp=10108 ms, used_size=286720 bytes (0.7%)
(RDMA_READ_CONSUME_CHECK_CONSUMER) timestamp=10108 ms, used_size=284672 bytes (0.7%)
(RDMA_READ_CONSUME_CHECK_CONSUMER) timestamp=10108 ms, used_size=282624 bytes (0.7%)
(RDMA_READ_CONSUME_CHECK_CONSUMER) timestamp=10108 ms, used_size=280576 bytes (0.7%)
(RDMA_READ_CONSUME_CHECK_CONSUMER) timestamp=10108 ms, used_size=278528 bytes (0.7%)
(RDMA_READ_CONSUME_CHECK_CONSUMER) timestamp=10108 ms, used_size=276480 bytes (0.7%)
(RDMA_READ_CONSUME_CHECK_CONSUMER) timestamp=10108 ms, used_size=274432 bytes (0.7%)
(RDMA_READ_CONSUME_CHECK_CONSUMER) timestamp=10108 ms, used_size=272384 bytes (0.7%)
(RDMA_READ_CONSUME_CHECK_CONSUMER) timestamp=10108 ms, used_size=270336 bytes (0.7%)
(RDMA_READ_CONSUME_CHECK_CONSUMER) timestamp=10108 ms, used_size=268288 bytes (0.7%)
(RDMA_READ_CONSUME_CHECK_CONSUMER) timestamp=10108 ms, used_size=266240 bytes (0.7%)
(RDMA_READ_CONSUME_CHECK_CONSUMER) timestamp=10108 ms, used_size=264192 bytes (0.6%)
(RDMA_READ_CONSUME_CHECK_CONSUMER) timestamp=10108 ms, used_size=262144 bytes (0.6%)
(RDMA_READ_CONSUME_CHECK_CONSUMER) timestamp=10108 ms, used_size=260096 bytes (0.6%)
(RDMA_READ_CONSUME_CHECK_CONSUMER) timestamp=10108 ms, used_size=258048 bytes (0.6%)
(RDMA_READ_CONSUME_CHECK_CONSUMER) timestamp=10108 ms, used_size=256000 bytes (0.6%)
(RDMA_READ_CONSUME_CHECK_CONSUMER) timestamp=10108 ms, used_size=253952 bytes (0.6%)
(RDMA_READ_CONSUME_CHECK_CONSUMER) timestamp=10108 ms, used_size=251904 bytes (0.6%)
(RDMA_READ_CONSUME_CHECK_CONSUMER) timestamp=10108 ms, used_size=249856 bytes (0.6%)
(RDMA_READ_CONSUME_CHECK_CONSUMER) timestamp=10108 ms, used_size=247808 bytes (0.6%)
(RDMA_READ_CONSUME_CHECK_CONSUMER) timestamp=10108 ms, used_size=245760 bytes (0.6%)
(RDMA_READ_CONSUME_CHECK_CONSUMER) timestamp=10108 ms, used_size=243712 bytes (0.6%)
(RDMA_READ_CONSUME_CHECK_CONSUMER) timestamp=10108 ms, used_size=241664 bytes (0.6%)
(RDMA_READ_CONSUME_CHECK_CONSUMER) timestamp=10108 ms, used_size=239616 bytes (0.6%)
(RDMA_READ_CONSUME_CHECK_CONSUMER) timestamp=10108 ms, used_size=237568 bytes (0.6%)
(RDMA_READ_CONSUME_CHECK_CONSUMER) timestamp=10108 ms, used_size=235520 bytes (0.6%)
(RDMA_READ_CONSUME_CHECK_CONSUMER) timestamp=10108 ms, used_size=233472 bytes (0.6%)
(RDMA_READ_CONSUME_CHECK_CONSUMER) timestamp=10108 ms, used_size=231424 bytes (0.6%)
(RDMA_READ_CONSUME_CHECK_CONSUMER) timestamp=10108 ms, used_size=229376 bytes (0.6%)
(RDMA_READ_CONSUME_CHECK_CONSUMER) timestamp=10108 ms, used_size=227328 bytes (0.6%)
(RDMA_READ_CONSUME_CHECK_CONSUMER) timestamp=10108 ms, used_size=225280 bytes (0.6%)
(RDMA_READ_CONSUME_CHECK_CONSUMER) timestamp=10108 ms, used_size=223232 bytes (0.5%)
(RDMA_READ_CONSUME_CHECK_CONSUMER) timestamp=10108 ms, used_size=221184 bytes (0.5%)
(RDMA_READ_CONSUME_CHECK_CONSUMER) timestamp=10108 ms, used_size=219136 bytes (0.5%)
(RDMA_READ_CONSUME_CHECK_CONSUMER) timestamp=10108 ms, used_size=217088 bytes (0.5%)
(RDMA_READ_CONSUME_CHECK_CONSUMER) timestamp=10108 ms, used_size=215040 bytes (0.5%)
(RDMA_READ_CONSUME_CHECK_CONSUMER) timestamp=10108 ms, used_size=212992 bytes (0.5%)
(RDMA_READ_CONSUME_CHECK_CONSUMER) timestamp=10108 ms, used_size=210944 bytes (0.5%)
(RDMA_READ_CONSUME_CHECK_CONSUMER) timestamp=10108 ms, used_size=208896 bytes (0.5%)
(RDMA_READ_CONSUME_CHECK_CONSUMER) timestamp=10108 ms, used_size=206848 bytes (0.5%)
(RDMA_READ_CONSUME_CHECK_CONSUMER) timestamp=10108 ms, used_size=204800 bytes (0.5%)
(RDMA_READ_CONSUME_CHECK_CONSUMER) timestamp=10108 ms, used_size=202752 bytes (0.5%)
(RDMA_READ_CONSUME_CHECK_CONSUMER) timestamp=10108 ms, used_size=200704 bytes (0.5%)
(RDMA_READ_CONSUME_CHECK_CONSUMER) timestamp=10108 ms, used_size=198656 bytes (0.5%)
(RDMA_READ_CONSUME_CHECK_CONSUMER) timestamp=10108 ms, used_size=196608 bytes (0.5%)
(RDMA_READ_CONSUME_CHECK_CONSUMER) timestamp=10108 ms, used_size=194560 bytes (0.5%)
(RDMA_READ_CONSUME_CHECK_CONSUMER) timestamp=10108 ms, used_size=192512 bytes (0.5%)
(RDMA_READ_CONSUME_CHECK_CONSUMER) timestamp=10108 ms, used_size=190464 bytes (0.5%)
(RDMA_READ_CONSUME_CHECK_CONSUMER) timestamp=10108 ms, used_size=188416 bytes (0.5%)
(RDMA_READ_CONSUME_CHECK_CONSUMER) timestamp=10108 ms, used_size=186368 bytes (0.5%)
(RDMA_READ_CONSUME_CHECK_CONSUMER) timestamp=10108 ms, used_size=184320 bytes (0.5%)
(RDMA_READ_CONSUME_CHECK_CONSUMER) timestamp=10108 ms, used_size=182272 bytes (0.4%)
(RDMA_READ_CONSUME_CHECK_CONSUMER) timestamp=10108 ms, used_size=180224 bytes (0.4%)
(RDMA_READ_CONSUME_CHECK_CONSUMER) timestamp=10108 ms, used_size=178176 bytes (0.4%)
(RDMA_READ_CONSUME_CHECK_CONSUMER) timestamp=10108 ms, used_size=176128 bytes (0.4%)
(RDMA_READ_CONSUME_CHECK_CONSUMER) timestamp=10108 ms, used_size=174080 bytes (0.4%)
(RDMA_READ_CONSUME_CHECK_CONSUMER) timestamp=10108 ms, used_size=172032 bytes (0.4%)
(RDMA_READ_CONSUME_CHECK_CONSUMER) timestamp=10108 ms, used_size=169984 bytes (0.4%)
(RDMA_READ_CONSUME_CHECK_CONSUMER) timestamp=10108 ms, used_size=167936 bytes (0.4%)
(RDMA_READ_CONSUME_CHECK_CONSUMER) timestamp=10108 ms, used_size=165888 bytes (0.4%)
(RDMA_READ_CONSUME_CHECK_CONSUMER) timestamp=10108 ms, used_size=163840 bytes (0.4%)
(RDMA_READ_CONSUME_CHECK_CONSUMER) timestamp=10108 ms, used_size=161792 bytes (0.4%)
(RDMA_READ_CONSUME_CHECK_CONSUMER) timestamp=10108 ms, used_size=159744 bytes (0.4%)
(RDMA_READ_CONSUME_CHECK_CONSUMER) timestamp=10108 ms, used_size=157696 bytes (0.4%)
(RDMA_READ_CONSUME_CHECK_CONSUMER) timestamp=10108 ms, used_size=155648 bytes (0.4%)
(RDMA_READ_CONSUME_CHECK_CONSUMER) timestamp=10108 ms, used_size=153600 bytes (0.4%)
(RDMA_READ_CONSUME_CHECK_CONSUMER) timestamp=10108 ms, used_size=151552 bytes (0.4%)
(RDMA_READ_CONSUME_CHECK_CONSUMER) timestamp=10108 ms, used_size=149504 bytes (0.4%)
(RDMA_READ_CONSUME_CHECK_CONSUMER) timestamp=10108 ms, used_size=147456 bytes (0.4%)
(RDMA_READ_CONSUME_CHECK_CONSUMER) timestamp=10108 ms, used_size=145408 bytes (0.4%)
(RDMA_READ_CONSUME_CHECK_CONSUMER) timestamp=10108 ms, used_size=143360 bytes (0.3%)
(RDMA_READ_CONSUME_CHECK_CONSUMER) timestamp=10108 ms, used_size=141312 bytes (0.3%)
(RDMA_READ_CONSUME_CHECK_CONSUMER) timestamp=10108 ms, used_size=139264 bytes (0.3%)
(RDMA_READ_CONSUME_CHECK_CONSUMER) timestamp=10108 ms, used_size=137216 bytes (0.3%)
(RDMA_READ_CONSUME_CHECK_CONSUMER) timestamp=10108 ms, used_size=135168 bytes (0.3%)
(RDMA_READ_CONSUME_CHECK_CONSUMER) timestamp=10108 ms, used_size=133120 bytes (0.3%)
(RDMA_READ_CONSUME_CHECK_CONSUMER) timestamp=10108 ms, used_size=131072 bytes (0.3%)
(RDMA_READ_CONSUME_CHECK_CONSUMER) timestamp=10108 ms, used_size=129024 bytes (0.3%)
(RDMA_READ_CONSUME_CHECK_CONSUMER) timestamp=10108 ms, used_size=126976 bytes (0.3%)
(RDMA_READ_CONSUME_CHECK_CONSUMER) timestamp=10108 ms, used_size=124928 bytes (0.3%)
(RDMA_READ_CONSUME_CHECK_CONSUMER) timestamp=10108 ms, used_size=122880 bytes (0.3%)
(RDMA_READ_CONSUME_CHECK_CONSUMER) timestamp=10108 ms, used_size=120832 bytes (0.3%)
(RDMA_READ_CONSUME_CHECK_CONSUMER) timestamp=10108 ms, used_size=118784 bytes (0.3%)
(RDMA_READ_CONSUME_CHECK_CONSUMER) timestamp=10108 ms, used_size=116736 bytes (0.3%)
(RDMA_READ_CONSUME_CHECK_CONSUMER) timestamp=10108 ms, used_size=114688 bytes (0.3%)
(RDMA_READ_CONSUME_CHECK_CONSUMER) timestamp=10108 ms, used_size=112640 bytes (0.3%)
(RDMA_READ_CONSUME_CHECK_CONSUMER) timestamp=10108 ms, used_size=110592 bytes (0.3%)
(RDMA_READ_CONSUME_CHECK_CONSUMER) timestamp=10108 ms, used_size=108544 bytes (0.3%)
(RDMA_READ_CONSUME_CHECK_CONSUMER) timestamp=10108 ms, used_size=106496 bytes (0.3%)
(RDMA_READ_CONSUME_CHECK_CONSUMER) timestamp=10108 ms, used_size=104448 bytes (0.3%)
(RDMA_READ_CONSUME_CHECK_CONSUMER) timestamp=10108 ms, used_size=102400 bytes (0.2%)
(RDMA_READ_CONSUME_CHECK_CONSUMER) timestamp=10108 ms, used_size=100352 bytes (0.2%)
(RDMA_READ_CONSUME_CHECK_CONSUMER) timestamp=10108 ms, used_size=98304 bytes (0.2%)
(RDMA_READ_CONSUME_CHECK_CONSUMER) timestamp=10108 ms, used_size=96256 bytes (0.2%)
(RDMA_READ_CONSUME_CHECK_CONSUMER) timestamp=10108 ms, used_size=94208 bytes (0.2%)
(RDMA_READ_CONSUME_CHECK_CONSUMER) timestamp=10108 ms, used_size=92160 bytes (0.2%)
(RDMA_READ_CONSUME_CHECK_CONSUMER) timestamp=10108 ms, used_size=90112 bytes (0.2%)
(RDMA_READ_CONSUME_CHECK_CONSUMER) timestamp=10108 ms, used_size=88064 bytes (0.2%)
(RDMA_READ_CONSUME_CHECK_CONSUMER) timestamp=10108 ms, used_size=86016 bytes (0.2%)
(RDMA_READ_CONSUME_CHECK_CONSUMER) timestamp=10108 ms, used_size=83968 bytes (0.2%)
(RDMA_READ_CONSUME_CHECK_CONSUMER) timestamp=10108 ms, used_size=81920 bytes (0.2%)
(RDMA_READ_CONSUME_CHECK_CONSUMER) timestamp=10108 ms, used_size=79872 bytes (0.2%)
(RDMA_READ_CONSUME_CHECK_CONSUMER) timestamp=10108 ms, used_size=77824 bytes (0.2%)
(RDMA_READ_CONSUME_CHECK_CONSUMER) timestamp=10108 ms, used_size=75776 bytes (0.2%)
(RDMA_READ_CONSUME_CHECK_CONSUMER) timestamp=10108 ms, used_size=73728 bytes (0.2%)
(RDMA_READ_CONSUME_CHECK_CONSUMER) timestamp=10108 ms, used_size=71680 bytes (0.2%)
(RDMA_READ_CONSUME_CHECK_CONSUMER) timestamp=10108 ms, used_size=69632 bytes (0.2%)
(RDMA_READ_CONSUME_CHECK_CONSUMER) timestamp=10108 ms, used_size=67584 bytes (0.2%)
(RDMA_READ_CONSUME_CHECK_CONSUMER) timestamp=10108 ms, used_size=65536 bytes (0.2%)
(RDMA_READ_CONSUME_CHECK_CONSUMER) timestamp=10108 ms, used_size=63488 bytes (0.2%)
(RDMA_READ_CONSUME_CHECK_CONSUMER) timestamp=10108 ms, used_size=61440 bytes (0.1%)
(RDMA_READ_CONSUME_CHECK_CONSUMER) timestamp=10108 ms, used_size=59392 bytes (0.1%)
(RDMA_READ_CONSUME_CHECK_CONSUMER) timestamp=10108 ms, used_size=57344 bytes (0.1%)
(RDMA_READ_CONSUME_CHECK_CONSUMER) timestamp=10108 ms, used_size=55296 bytes (0.1%)
(RDMA_READ_CONSUME_CHECK_CONSUMER) timestamp=10108 ms, used_size=53248 bytes (0.1%)
(RDMA_READ_CONSUME_CHECK_CONSUMER) timestamp=10108 ms, used_size=51200 bytes (0.1%)
(RDMA_READ_CONSUME_CHECK_CONSUMER) timestamp=10108 ms, used_size=49152 bytes (0.1%)
(RDMA_READ_CONSUME_CHECK_CONSUMER) timestamp=10108 ms, used_size=47104 bytes (0.1%)
(RDMA_READ_CONSUME_CHECK_CONSUMER) timestamp=10108 ms, used_size=45056 bytes (0.1%)
(RDMA_READ_CONSUME_CHECK_CONSUMER) timestamp=10108 ms, used_size=43008 bytes (0.1%)
(RDMA_READ_CONSUME_CHECK_CONSUMER) timestamp=10108 ms, used_size=40960 bytes (0.1%)
(RDMA_READ_CONSUME_CHECK_CONSUMER) timestamp=10108 ms, used_size=38912 bytes (0.1%)
(RDMA_READ_CONSUME_CHECK_CONSUMER) timestamp=10108 ms, used_size=36864 bytes (0.1%)
(RDMA_READ_CONSUME_CHECK_CONSUMER) timestamp=10108 ms, used_size=34816 bytes (0.1%)
(RDMA_READ_CONSUME_CHECK_CONSUMER) timestamp=10108 ms, used_size=32768 bytes (0.1%)
(RDMA_READ_CONSUME_CHECK_CONSUMER) timestamp=10108 ms, used_size=30720 bytes (0.1%)
(RDMA_READ_CONSUME_CHECK_CONSUMER) timestamp=10108 ms, used_size=28672 bytes (0.1%)
(RDMA_READ_CONSUME_CHECK_CONSUMER) timestamp=10108 ms, used_size=26624 bytes (0.1%)
(RDMA_READ_CONSUME_CHECK_CONSUMER) timestamp=10108 ms, used_size=24576 bytes (0.1%)
(RDMA_READ_CONSUME_CHECK_CONSUMER) timestamp=10108 ms, used_size=22528 bytes (0.1%)
(RDMA_READ_CONSUME_CHECK_CONSUMER) timestamp=10108 ms, used_size=20480 bytes (0.1%)
(RDMA_READ_CONSUME_CHECK_CONSUMER) timestamp=10108 ms, used_size=18432 bytes (0.0%)
(RDMA_READ_CONSUME_CHECK_CONSUMER) timestamp=10108 ms, used_size=16384 bytes (0.0%)
(RDMA_READ_CONSUME_CHECK_CONSUMER) timestamp=10108 ms, used_size=14336 bytes (0.0%)
(RDMA_READ_CONSUME_CHECK_CONSUMER) timestamp=10108 ms, used_size=12288 bytes (0.0%)
(RDMA_READ_CONSUME_CHECK_CONSUMER) timestamp=10108 ms, used_size=10240 bytes (0.0%)
(RDMA_READ_CONSUME_CHECK_CONSUMER) timestamp=10108 ms, used_size=8192 bytes (0.0%)
(RDMA_READ_CONSUME_CHECK_CONSUMER) timestamp=10108 ms, used_size=6144 bytes (0.0%)
(RDMA_READ_CONSUME_CHECK_CONSUMER) timestamp=10108 ms, used_size=4096 bytes (0.0%)
(RDMA_READ_CONSUME_CHECK_CONSUMER) timestamp=10108 ms, used_size=2048 bytes (0.0%)
(RDMA_READ_CONSUME_CHECK_CONSUMER) timestamp=10108 ms, used_size=0 bytes (0.0%)
(RDMA_READ_CONSUME_CHECK) Cycle 8, Batch 0: CRC32 OK (0xbeaa30f3), 8192 messages verified
(RDMA_READ_CONSUME_CHECK_CONSUMER) timestamp=10108 ms, used_size=16775168 bytes (41.0%)
(RDMA_READ_CONSUME_CHECK_CONSUMER) timestamp=11131 ms, used_size=16773120 bytes (41.0%)
(RDMA_READ_CONSUME_CHECK_CONSUMER) timestamp=11131 ms, used_size=16771072 bytes (40.9%)
(RDMA_READ_CONSUME_CHECK_CONSUMER) timestamp=11131 ms, used_size=16769024 bytes (40.9%)
(RDMA_READ_CONSUME_CHECK_CONSUMER) timestamp=11131 ms, used_size=16766976 bytes (40.9%)
(RDMA_READ_CONSUME_CHECK_CONSUMER) timestamp=11131 ms, used_size=16764928 bytes (40.9%)
(RDMA_READ_CONSUME_CHECK_CONSUMER) timestamp=11131 ms, used_size=16762880 bytes (40.9%)
(RDMA_READ_CONSUME_CHECK_CONSUMER) timestamp=11131 ms, used_size=16760832 bytes (40.9%)
(RDMA_READ_CONSUME_CHECK_CONSUMER) timestamp=11131 ms, used_size=16758784 bytes (40.9%)
(RDMA_READ_CONSUME_CHECK_CONSUMER) timestamp=11131 ms, used_size=16756736 bytes (40.9%)
(RDMA_READ_CONSUME_CHECK_CONSUMER) timestamp=11131 ms, used_size=16754688 bytes (40.9%)
(RDMA_READ_CONSUME_CHECK_CONSUMER) timestamp=11131 ms, used_size=16752640 bytes (40.9%)
(RDMA_READ_CONSUME_CHECK_CONSUMER) timestamp=11131 ms, used_size=16750592 bytes (40.9%)
(RDMA_READ_CONSUME_CHECK_CONSUMER) timestamp=11131 ms, used_size=16748544 bytes (40.9%)
(RDMA_READ_CONSUME_CHECK_CONSUMER) timestamp=11131 ms, used_size=16746496 bytes (40.9%)
(RDMA_READ_CONSUME_CHECK_CONSUMER) timestamp=11131 ms, used_size=16744448 bytes (40.9%)
(RDMA_READ_CONSUME_CHECK_CONSUMER) timestamp=11131 ms, used_size=16742400 bytes (40.9%)
(RDMA_READ_CONSUME_CHECK_CONSUMER) timestamp=11131 ms, used_size=16740352 bytes (40.9%)
(RDMA_READ_CONSUME_CHECK_CONSUMER) timestamp=11131 ms, used_size=16738304 bytes (40.9%)
(RDMA_READ_CONSUME_CHECK_CONSUMER) timestamp=11131 ms, used_size=16736256 bytes (40.9%)
(RDMA_READ_CONSUME_CHECK_CONSUMER) timestamp=11131 ms, used_size=16734208 bytes (40.9%)
(RDMA_READ_CONSUME_CHECK_CONSUMER) timestamp=11131 ms, used_size=16732160 bytes (40.9%)
(RDMA_READ_CONSUME_CHECK_CONSUMER) timestamp=11131 ms, used_size=16730112 bytes (40.8%)
(RDMA_READ_CONSUME_CHECK_CONSUMER) timestamp=11131 ms, used_size=16728064 bytes (40.8%)
(RDMA_READ_CONSUME_CHECK_CONSUMER) timestamp=11131 ms, used_size=16726016 bytes (40.8%)
(RDMA_READ_CONSUME_CHECK_CONSUMER) timestamp=11131 ms, used_size=16723968 bytes (40.8%)
(RDMA_READ_CONSUME_CHECK_CONSUMER) timestamp=11131 ms, used_size=16721920 bytes (40.8%)
(RDMA_READ_CONSUME_CHECK_CONSUMER) timestamp=11131 ms, used_size=16719872 bytes (40.8%)
(RDMA_READ_CONSUME_CHECK_CONSUMER) timestamp=11131 ms, used_size=16717824 bytes (40.8%)
(RDMA_READ_CONSUME_CHECK_CONSUMER) timestamp=11131 ms, used_size=16715776 bytes (40.8%)
(RDMA_READ_CONSUME_CHECK_CONSUMER) timestamp=11131 ms, used_size=16713728 bytes (40.8%)
(RDMA_READ_CONSUME_CHECK_CONSUMER) timestamp=11131 ms, used_size=16711680 bytes (40.8%)
(RDMA_READ_CONSUME_CHECK_CONSUMER) timestamp=11131 ms, used_size=16709632 bytes (40.8%)
(RDMA_READ_CONSUME_CHECK_CONSUMER) timestamp=11131 ms, used_size=16707584 bytes (40.8%)
(RDMA_READ_CONSUME_CHECK_CONSUMER) timestamp=11131 ms, used_size=16705536 bytes (40.8%)
(RDMA_READ_CONSUME_CHECK_CONSUMER) timestamp=11131 ms, used_size=16703488 bytes (40.8%)
(RDMA_READ_CONSUME_CHECK_CONSUMER) timestamp=11131 ms, used_size=16701440 bytes (40.8%)
(RDMA_READ_CONSUME_CHECK_CONSUMER) timestamp=11131 ms, used_size=16699392 bytes (40.8%)
(RDMA_READ_CONSUME_CHECK_CONSUMER) timestamp=11131 ms, used_size=16697344 bytes (40.8%)
(RDMA_READ_CONSUME_CHECK_CONSUMER) timestamp=11131 ms, used_size=16695296 bytes (40.8%)
(RDMA_READ_CONSUME_CHECK_CONSUMER) timestamp=11131 ms, used_size=16693248 bytes (40.8%)
(RDMA_READ_CONSUME_CHECK_CONSUMER) timestamp=11131 ms, used_size=16691200 bytes (40.8%)
(RDMA_READ_CONSUME_CHECK_CONSUMER) timestamp=11131 ms, used_size=16689152 bytes (40.7%)
(RDMA_READ_CONSUME_CHECK_CONSUMER) timestamp=11131 ms, used_size=16687104 bytes (40.7%)
(RDMA_READ_CONSUME_CHECK_CONSUMER) timestamp=11131 ms, used_size=16685056 bytes (40.7%)
(RDMA_READ_CONSUME_CHECK_CONSUMER) timestamp=11131 ms, used_size=16683008 bytes (40.7%)
(RDMA_READ_CONSUME_CHECK_CONSUMER) timestamp=11131 ms, used_size=16680960 bytes (40.7%)
(RDMA_READ_CONSUME_CHECK_CONSUMER) timestamp=11131 ms, used_size=16678912 bytes (40.7%)
(RDMA_READ_CONSUME_CHECK_CONSUMER) timestamp=11131 ms, used_size=16676864 bytes (40.7%)
(RDMA_READ_CONSUME_CHECK_CONSUMER) timestamp=11131 ms, used_size=16674816 bytes (40.7%)
(RDMA_READ_CONSUME_CHECK_CONSUMER) timestamp=11131 ms, used_size=16672768 bytes (40.7%)
(RDMA_READ_CONSUME_CHECK_CONSUMER) timestamp=11131 ms, used_size=16670720 bytes (40.7%)
(RDMA_READ_CONSUME_CHECK_CONSUMER) timestamp=11131 ms, used_size=16668672 bytes (40.7%)
(RDMA_READ_CONSUME_CHECK_CONSUMER) timestamp=11131 ms, used_size=16666624 bytes (40.7%)
(RDMA_READ_CONSUME_CHECK_CONSUMER) timestamp=11131 ms, used_size=16664576 bytes (40.7%)
(RDMA_READ_CONSUME_CHECK_CONSUMER) timestamp=11131 ms, used_size=16662528 bytes (40.7%)
(RDMA_READ_CONSUME_CHECK_CONSUMER) timestamp=11131 ms, used_size=16660480 bytes (40.7%)
(RDMA_READ_CONSUME_CHECK_CONSUMER) timestamp=11131 ms, used_size=16658432 bytes (40.7%)
(RDMA_READ_CONSUME_CHECK_CONSUMER) timestamp=11131 ms, used_size=16656384 bytes (40.7%)
(RDMA_READ_CONSUME_CHECK_CONSUMER) timestamp=11131 ms, used_size=16654336 bytes (40.7%)
(RDMA_READ_CONSUME_CHECK_CONSUMER) timestamp=11131 ms, used_size=16652288 bytes (40.7%)
(RDMA_READ_CONSUME_CHECK_CONSUMER) timestamp=11131 ms, used_size=16650240 bytes (40.6%)
(RDMA_READ_CONSUME_CHECK_CONSUMER) timestamp=11131 ms, used_size=16648192 bytes (40.6%)
(RDMA_READ_CONSUME_CHECK_CONSUMER) timestamp=11131 ms, used_size=16646144 bytes (40.6%)
(RDMA_READ_CONSUME_CHECK_CONSUMER) timestamp=11131 ms, used_size=16644096 bytes (40.6%)
(RDMA_READ_CONSUME_CHECK_CONSUMER) timestamp=11131 ms, used_size=16642048 bytes (40.6%)
(RDMA_READ_CONSUME_CHECK_CONSUMER) timestamp=11131 ms, used_size=16640000 bytes (40.6%)
(RDMA_READ_CONSUME_CHECK_CONSUMER) timestamp=11131 ms, used_size=16637952 bytes (40.6%)
(RDMA_READ_CONSUME_CHECK_CONSUMER) timestamp=11131 ms, used_size=16635904 bytes (40.6%)
(RDMA_READ_CONSUME_CHECK_CONSUMER) timestamp=11131 ms, used_size=16633856 bytes (40.6%)
(RDMA_READ_CONSUME_CHECK_CONSUMER) timestamp=11131 ms, used_size=16631808 bytes (40.6%)
(RDMA_READ_CONSUME_CHECK_CONSUMER) timestamp=11131 ms, used_size=16629760 bytes (40.6%)
(RDMA_READ_CONSUME_CHECK_CONSUMER) timestamp=11131 ms, used_size=16627712 bytes (40.6%)
(RDMA_READ_CONSUME_CHECK_CONSUMER) timestamp=11131 ms, used_size=16625664 bytes (40.6%)
(RDMA_READ_CONSUME_CHECK_CONSUMER) timestamp=11131 ms, used_size=16623616 bytes (40.6%)
(RDMA_READ_CONSUME_CHECK_CONSUMER) timestamp=11131 ms, used_size=16621568 bytes (40.6%)
(RDMA_READ_CONSUME_CHECK_CONSUMER) timestamp=11131 ms, used_size=16619520 bytes (40.6%)
(RDMA_READ_CONSUME_CHECK_CONSUMER) timestamp=11131 ms, used_size=16617472 bytes (40.6%)
(RDMA_READ_CONSUME_CHECK_CONSUMER) timestamp=11131 ms, used_size=16615424 bytes (40.6%)
(RDMA_READ_CONSUME_CHECK_CONSUMER) timestamp=11131 ms, used_size=16613376 bytes (40.6%)
(RDMA_READ_CONSUME_CHECK_CONSUMER) timestamp=11132 ms, used_size=16611328 bytes (40.6%)
(RDMA_READ_CONSUME_CHECK_CONSUMER) timestamp=11132 ms, used_size=16609280 bytes (40.5%)
(RDMA_READ_CONSUME_CHECK_CONSUMER) timestamp=11132 ms, used_size=16607232 bytes (40.5%)
(RDMA_READ_CONSUME_CHECK_CONSUMER) timestamp=11132 ms, used_size=16605184 bytes (40.5%)
(RDMA_READ_CONSUME_CHECK_CONSUMER) timestamp=11132 ms, used_size=16603136 bytes (40.5%)
(RDMA_READ_CONSUME_CHECK_CONSUMER) timestamp=11132 ms, used_size=16601088 bytes (40.5%)
(RDMA_READ_CONSUME_CHECK_CONSUMER) timestamp=11132 ms, used_size=16599040 bytes (40.5%)
(RDMA_READ_CONSUME_CHECK_CONSUMER) timestamp=11132 ms, used_size=16596992 bytes (40.5%)
(RDMA_READ_CONSUME_CHECK_CONSUMER) timestamp=11132 ms, used_size=16594944 bytes (40.5%)
(RDMA_READ_CONSUME_CHECK_CONSUMER) timestamp=11132 ms, used_size=16592896 bytes (40.5%)
(RDMA_READ_CONSUME_CHECK_CONSUMER) timestamp=11132 ms, used_size=16590848 bytes (40.5%)
(RDMA_READ_CONSUME_CHECK_CONSUMER) timestamp=11132 ms, used_size=16588800 bytes (40.5%)
(RDMA_READ_CONSUME_CHECK_CONSUMER) timestamp=11132 ms, used_size=16586752 bytes (40.5%)
(RDMA_READ_CONSUME_CHECK_CONSUMER) timestamp=11132 ms, used_size=16584704 bytes (40.5%)
(RDMA_READ_CONSUME_CHECK_CONSUMER) timestamp=11132 ms, used_size=16582656 bytes (40.5%)
(RDMA_READ_CONSUME_CHECK_CONSUMER) timestamp=11132 ms, used_size=16580608 bytes (40.5%)
(RDMA_READ_CONSUME_CHECK_CONSUMER) timestamp=11132 ms, used_size=16578560 bytes (40.5%)
(RDMA_READ_CONSUME_CHECK_CONSUMER) timestamp=11132 ms, used_size=16576512 bytes (40.5%)
(RDMA_READ_CONSUME_CHECK_CONSUMER) timestamp=11132 ms, used_size=16574464 bytes (40.5%)
(RDMA_READ_CONSUME_CHECK_CONSUMER) timestamp=11132 ms, used_size=16572416 bytes (40.5%)
(RDMA_READ_CONSUME_CHECK_CONSUMER) timestamp=11132 ms, used_size=16570368 bytes (40.5%)
(RDMA_READ_CONSUME_CHECK_CONSUMER) timestamp=11132 ms, used_size=16568320 bytes (40.5%)
(RDMA_READ_CONSUME_CHECK_CONSUMER) timestamp=11132 ms, used_size=16566272 bytes (40.4%)
(RDMA_READ_CONSUME_CHECK_CONSUMER) timestamp=11132 ms, used_size=16564224 bytes (40.4%)
(RDMA_READ_CONSUME_CHECK_CONSUMER) timestamp=11132 ms, used_size=16562176 bytes (40.4%)
(RDMA_READ_CONSUME_CHECK_CONSUMER) timestamp=11132 ms, used_size=16560128 bytes (40.4%)
(RDMA_READ_CONSUME_CHECK_CONSUMER) timestamp=11132 ms, used_size=16558080 bytes (40.4%)
(RDMA_READ_CONSUME_CHECK_CONSUMER) timestamp=11132 ms, used_size=16556032 bytes (40.4%)
(RDMA_READ_CONSUME_CHECK_CONSUMER) timestamp=11132 ms, used_size=16553984 bytes (40.4%)
(RDMA_READ_CONSUME_CHECK_CONSUMER) timestamp=11132 ms, used_size=16551936 bytes (40.4%)
(RDMA_READ_CONSUME_CHECK_CONSUMER) timestamp=11132 ms, used_size=16549888 bytes (40.4%)
(RDMA_READ_CONSUME_CHECK_CONSUMER) timestamp=11132 ms, used_size=16547840 bytes (40.4%)
(RDMA_READ_CONSUME_CHECK_CONSUMER) timestamp=11132 ms, used_size=16545792 bytes (40.4%)
(RDMA_READ_CONSUME_CHECK_CONSUMER) timestamp=11132 ms, used_size=16543744 bytes (40.4%)
(RDMA_READ_CONSUME_CHECK_CONSUMER) timestamp=11132 ms, used_size=16541696 bytes (40.4%)
(RDMA_READ_CONSUME_CHECK_CONSUMER) timestamp=11132 ms, used_size=16539648 bytes (40.4%)
(RDMA_READ_CONSUME_CHECK_CONSUMER) timestamp=11132 ms, used_size=16537600 bytes (40.4%)
(RDMA_READ_CONSUME_CHECK_CONSUMER) timestamp=11132 ms, used_size=16535552 bytes (40.4%)
(RDMA_READ_CONSUME_CHECK_CONSUMER) timestamp=11132 ms, used_size=16533504 bytes (40.4%)
(RDMA_READ_CONSUME_CHECK_CONSUMER) timestamp=11132 ms, used_size=16531456 bytes (40.4%)
(RDMA_READ_CONSUME_CHECK_CONSUMER) timestamp=11132 ms, used_size=16529408 bytes (40.4%)
(RDMA_READ_CONSUME_CHECK_CONSUMER) timestamp=11132 ms, used_size=16527360 bytes (40.4%)
(RDMA_READ_CONSUME_CHECK_CONSUMER) timestamp=11132 ms, used_size=16525312 bytes (40.3%)
(RDMA_READ_CONSUME_CHECK_CONSUMER) timestamp=11132 ms, used_size=16523264 bytes (40.3%)
(RDMA_READ_CONSUME_CHECK_CONSUMER) timestamp=11132 ms, used_size=16521216 bytes (40.3%)
(RDMA_READ_CONSUME_CHECK_CONSUMER) timestamp=11132 ms, used_size=16519168 bytes (40.3%)
(RDMA_READ_CONSUME_CHECK_CONSUMER) timestamp=11132 ms, used_size=16517120 bytes (40.3%)
(RDMA_READ_CONSUME_CHECK_CONSUMER) timestamp=11132 ms, used_size=16515072 bytes (40.3%)
(RDMA_READ_CONSUME_CHECK_CONSUMER) timestamp=11132 ms, used_size=16513024 bytes (40.3%)
(RDMA_READ_CONSUME_CHECK_CONSUMER) timestamp=11132 ms, used_size=16510976 bytes (40.3%)
(RDMA_READ_CONSUME_CHECK_CONSUMER) timestamp=11132 ms, used_size=16508928 bytes (40.3%)
(RDMA_READ_CONSUME_CHECK_CONSUMER) timestamp=11132 ms, used_size=16506880 bytes (40.3%)
(RDMA_READ_CONSUME_CHECK_CONSUMER) timestamp=11132 ms, used_size=16504832 bytes (40.3%)
(RDMA_READ_CONSUME_CHECK_CONSUMER) timestamp=11132 ms, used_size=16502784 bytes (40.3%)
(RDMA_READ_CONSUME_CHECK_CONSUMER) timestamp=11132 ms, used_size=16500736 bytes (40.3%)
(RDMA_READ_CONSUME_CHECK_CONSUMER) timestamp=11132 ms, used_size=16498688 bytes (40.3%)
(RDMA_READ_CONSUME_CHECK_CONSUMER) timestamp=11132 ms, used_size=16496640 bytes (40.3%)
(RDMA_READ_CONSUME_CHECK_CONSUMER) timestamp=11132 ms, used_size=16494592 bytes (40.3%)
(RDMA_READ_CONSUME_CHECK_CONSUMER) timestamp=11132 ms, used_size=16492544 bytes (40.3%)
(RDMA_READ_CONSUME_CHECK_CONSUMER) timestamp=11132 ms, used_size=16490496 bytes (40.3%)
(RDMA_READ_CONSUME_CHECK_CONSUMER) timestamp=11132 ms, used_size=16488448 bytes (40.3%)
(RDMA_READ_CONSUME_CHECK_CONSUMER) timestamp=11132 ms, used_size=16486400 bytes (40.2%)
(RDMA_READ_CONSUME_CHECK_CONSUMER) timestamp=11132 ms, used_size=16484352 bytes (40.2%)
(RDMA_READ_CONSUME_CHECK_CONSUMER) timestamp=11132 ms, used_size=16482304 bytes (40.2%)
(RDMA_READ_CONSUME_CHECK_CONSUMER) timestamp=11132 ms, used_size=16480256 bytes (40.2%)
(RDMA_READ_CONSUME_CHECK_CONSUMER) timestamp=11132 ms, used_size=16478208 bytes (40.2%)
(RDMA_READ_CONSUME_CHECK_CONSUMER) timestamp=11132 ms, used_size=16476160 bytes (40.2%)
(RDMA_READ_CONSUME_CHECK_CONSUMER) timestamp=11132 ms, used_size=16474112 bytes (40.2%)
(RDMA_READ_CONSUME_CHECK_CONSUMER) timestamp=11132 ms, used_size=16472064 bytes (40.2%)
(RDMA_READ_CONSUME_CHECK_CONSUMER) timestamp=11132 ms, used_size=16470016 bytes (40.2%)
(RDMA_READ_CONSUME_CHECK_CONSUMER) timestamp=11132 ms, used_size=16467968 bytes (40.2%)
(RDMA_READ_CONSUME_CHECK_CONSUMER) timestamp=11132 ms, used_size=16465920 bytes (40.2%)
(RDMA_READ_CONSUME_CHECK_CONSUMER) timestamp=11132 ms, used_size=16463872 bytes (40.2%)
(RDMA_READ_CONSUME_CHECK_CONSUMER) timestamp=11132 ms, used_size=16461824 bytes (40.2%)
(RDMA_READ_CONSUME_CHECK_CONSUMER) timestamp=11132 ms, used_size=16459776 bytes (40.2%)
(RDMA_READ_CONSUME_CHECK_CONSUMER) timestamp=11132 ms, used_size=16457728 bytes (40.2%)
(RDMA_READ_CONSUME_CHECK_CONSUMER) timestamp=11132 ms, used_size=16455680 bytes (40.2%)
(RDMA_READ_CONSUME_CHECK_CONSUMER) timestamp=11132 ms, used_size=16453632 bytes (40.2%)
(RDMA_READ_CONSUME_CHECK_CONSUMER) timestamp=11132 ms, used_size=16451584 bytes (40.2%)
(RDMA_READ_CONSUME_CHECK_CONSUMER) timestamp=11132 ms, used_size=16449536 bytes (40.2%)
(RDMA_READ_CONSUME_CHECK_CONSUMER) timestamp=11132 ms, used_size=16447488 bytes (40.2%)
(RDMA_READ_CONSUME_CHECK_CONSUMER) timestamp=11132 ms, used_size=16445440 bytes (40.1%)
(RDMA_READ_CONSUME_CHECK_CONSUMER) timestamp=11132 ms, used_size=16443392 bytes (40.1%)
(RDMA_READ_CONSUME_CHECK_CONSUMER) timestamp=11132 ms, used_size=16441344 bytes (40.1%)
(RDMA_READ_CONSUME_CHECK_CONSUMER) timestamp=11132 ms, used_size=16439296 bytes (40.1%)
(RDMA_READ_CONSUME_CHECK_CONSUMER) timestamp=11132 ms, used_size=16437248 bytes (40.1%)
(RDMA_READ_CONSUME_CHECK_CONSUMER) timestamp=11132 ms, used_size=16435200 bytes (40.1%)
(RDMA_READ_CONSUME_CHECK_CONSUMER) timestamp=11132 ms, used_size=16433152 bytes (40.1%)
(RDMA_READ_CONSUME_CHECK_CONSUMER) timestamp=11132 ms, used_size=16431104 bytes (40.1%)
(RDMA_READ_CONSUME_CHECK_CONSUMER) timestamp=11132 ms, used_size=16429056 bytes (40.1%)
(RDMA_READ_CONSUME_CHECK_CONSUMER) timestamp=11132 ms, used_size=16427008 bytes (40.1%)
(RDMA_READ_CONSUME_CHECK_CONSUMER) timestamp=11132 ms, used_size=16424960 bytes (40.1%)
(RDMA_READ_CONSUME_CHECK_CONSUMER) timestamp=11132 ms, used_size=16422912 bytes (40.1%)
(RDMA_READ_CONSUME_CHECK_CONSUMER) timestamp=11132 ms, used_size=16420864 bytes (40.1%)
(RDMA_READ_CONSUME_CHECK_CONSUMER) timestamp=11132 ms, used_size=16418816 bytes (40.1%)
(RDMA_READ_CONSUME_CHECK_CONSUMER) timestamp=11132 ms, used_size=16416768 bytes (40.1%)
(RDMA_READ_CONSUME_CHECK_CONSUMER) timestamp=11132 ms, used_size=16414720 bytes (40.1%)
(RDMA_READ_CONSUME_CHECK_CONSUMER) timestamp=11132 ms, used_size=16412672 bytes (40.1%)
(RDMA_READ_CONSUME_CHECK_CONSUMER) timestamp=11132 ms, used_size=16410624 bytes (40.1%)
(RDMA_READ_CONSUME_CHECK_CONSUMER) timestamp=11132 ms, used_size=16408576 bytes (40.1%)
(RDMA_READ_CONSUME_CHECK_CONSUMER) timestamp=11132 ms, used_size=16406528 bytes (40.1%)
(RDMA_READ_CONSUME_CHECK_CONSUMER) timestamp=11132 ms, used_size=16404480 bytes (40.0%)
(RDMA_READ_CONSUME_CHECK_CONSUMER) timestamp=11132 ms, used_size=16402432 bytes (40.0%)
(RDMA_READ_CONSUME_CHECK_CONSUMER) timestamp=11132 ms, used_size=16400384 bytes (40.0%)
(RDMA_READ_CONSUME_CHECK_CONSUMER) timestamp=11132 ms, used_size=16398336 bytes (40.0%)
(RDMA_READ_CONSUME_CHECK_CONSUMER) timestamp=11132 ms, used_size=16396288 bytes (40.0%)
(RDMA_READ_CONSUME_CHECK_CONSUMER) timestamp=11132 ms, used_size=16394240 bytes (40.0%)
(RDMA_READ_CONSUME_CHECK_CONSUMER) timestamp=11132 ms, used_size=16392192 bytes (40.0%)
(RDMA_READ_CONSUME_CHECK_CONSUMER) timestamp=11132 ms, used_size=16390144 bytes (40.0%)
(RDMA_READ_CONSUME_CHECK_CONSUMER) timestamp=11132 ms, used_size=16388096 bytes (40.0%)
(RDMA_READ_CONSUME_CHECK_CONSUMER) timestamp=11132 ms, used_size=16386048 bytes (40.0%)
(RDMA_READ_CONSUME_CHECK_CONSUMER) timestamp=11132 ms, used_size=16384000 bytes (40.0%)
(RDMA_READ_CONSUME_CHECK_CONSUMER) timestamp=11132 ms, used_size=16381952 bytes (40.0%)
(RDMA_READ_CONSUME_CHECK_CONSUMER) timestamp=11132 ms, used_size=16379904 bytes (40.0%)
(RDMA_READ_CONSUME_CHECK_CONSUMER) timestamp=11132 ms, used_size=16377856 bytes (40.0%)
(RDMA_READ_CONSUME_CHECK_CONSUMER) timestamp=11132 ms, used_size=16375808 bytes (40.0%)
(RDMA_READ_CONSUME_CHECK_CONSUMER) timestamp=11132 ms, used_size=16373760 bytes (40.0%)
(RDMA_READ_CONSUME_CHECK_CONSUMER) timestamp=11132 ms, used_size=16371712 bytes (40.0%)
(RDMA_READ_CONSUME_CHECK_CONSUMER) timestamp=11132 ms, used_size=16369664 bytes (40.0%)
(RDMA_READ_CONSUME_CHECK_CONSUMER) timestamp=11132 ms, used_size=16367616 bytes (40.0%)
(RDMA_READ_CONSUME_CHECK_CONSUMER) timestamp=11132 ms, used_size=16365568 bytes (40.0%)
(RDMA_READ_CONSUME_CHECK_CONSUMER) timestamp=11132 ms, used_size=16363520 bytes (40.0%)
(RDMA_READ_CONSUME_CHECK_CONSUMER) timestamp=11132 ms, used_size=16361472 bytes (39.9%)
(RDMA_READ_CONSUME_CHECK_CONSUMER) timestamp=11132 ms, used_size=16359424 bytes (39.9%)
(RDMA_READ_CONSUME_CHECK_CONSUMER) timestamp=11132 ms, used_size=16357376 bytes (39.9%)
(RDMA_READ_CONSUME_CHECK_CONSUMER) timestamp=11132 ms, used_size=16355328 bytes (39.9%)
(RDMA_READ_CONSUME_CHECK_CONSUMER) timestamp=11132 ms, used_size=16353280 bytes (39.9%)
(RDMA_READ_CONSUME_CHECK_CONSUMER) timestamp=11132 ms, used_size=16351232 bytes (39.9%)
(RDMA_READ_CONSUME_CHECK_CONSUMER) timestamp=11132 ms, used_size=16349184 bytes (39.9%)
(RDMA_READ_CONSUME_CHECK_CONSUMER) timestamp=11132 ms, used_size=16347136 bytes (39.9%)
(RDMA_READ_CONSUME_CHECK_CONSUMER) timestamp=11132 ms, used_size=16345088 bytes (39.9%)
(RDMA_READ_CONSUME_CHECK_CONSUMER) timestamp=11132 ms, used_size=16343040 bytes (39.9%)
(RDMA_READ_CONSUME_CHECK_CONSUMER) timestamp=11132 ms, used_size=16340992 bytes (39.9%)
(RDMA_READ_CONSUME_CHECK_CONSUMER) timestamp=11132 ms, used_size=16338944 bytes (39.9%)
(RDMA_READ_CONSUME_CHECK_CONSUMER) timestamp=11132 ms, used_size=16336896 bytes (39.9%)
(RDMA_READ_CONSUME_CHECK_CONSUMER) timestamp=11132 ms, used_size=16334848 bytes (39.9%)
(RDMA_READ_CONSUME_CHECK_CONSUMER) timestamp=11132 ms, used_size=16332800 bytes (39.9%)
(RDMA_READ_CONSUME_CHECK_CONSUMER) timestamp=11132 ms, used_size=16330752 bytes (39.9%)
(RDMA_READ_CONSUME_CHECK_CONSUMER) timestamp=11132 ms, used_size=16328704 bytes (39.9%)
(RDMA_READ_CONSUME_CHECK_CONSUMER) timestamp=11132 ms, used_size=16326656 bytes (39.9%)
(RDMA_READ_CONSUME_CHECK_CONSUMER) timestamp=11132 ms, used_size=16324608 bytes (39.9%)
(RDMA_READ_CONSUME_CHECK_CONSUMER) timestamp=11132 ms, used_size=16322560 bytes (39.9%)
(RDMA_READ_CONSUME_CHECK_CONSUMER) timestamp=11132 ms, used_size=16320512 bytes (39.8%)
(RDMA_READ_CONSUME_CHECK_CONSUMER) timestamp=11132 ms, used_size=16318464 bytes (39.8%)
(RDMA_READ_CONSUME_CHECK_CONSUMER) timestamp=11132 ms, used_size=16316416 bytes (39.8%)
(RDMA_READ_CONSUME_CHECK_CONSUMER) timestamp=11132 ms, used_size=16314368 bytes (39.8%)
(RDMA_READ_CONSUME_CHECK_CONSUMER) timestamp=11132 ms, used_size=16312320 bytes (39.8%)
(RDMA_READ_CONSUME_CHECK_CONSUMER) timestamp=11132 ms, used_size=16310272 bytes (39.8%)
(RDMA_READ_CONSUME_CHECK_CONSUMER) timestamp=11132 ms, used_size=16308224 bytes (39.8%)
(RDMA_READ_CONSUME_CHECK_CONSUMER) timestamp=11132 ms, used_size=16306176 bytes (39.8%)
(RDMA_READ_CONSUME_CHECK_CONSUMER) timestamp=11132 ms, used_size=16304128 bytes (39.8%)
(RDMA_READ_CONSUME_CHECK_CONSUMER) timestamp=11132 ms, used_size=16302080 bytes (39.8%)
(RDMA_READ_CONSUME_CHECK_CONSUMER) timestamp=11132 ms, used_size=16300032 bytes (39.8%)
(RDMA_READ_CONSUME_CHECK_CONSUMER) timestamp=11132 ms, used_size=16297984 bytes (39.8%)
(RDMA_READ_CONSUME_CHECK_CONSUMER) timestamp=11132 ms, used_size=16295936 bytes (39.8%)
(RDMA_READ_CONSUME_CHECK_CONSUMER) timestamp=11132 ms, used_size=16293888 bytes (39.8%)
(RDMA_READ_CONSUME_CHECK_CONSUMER) timestamp=11132 ms, used_size=16291840 bytes (39.8%)
(RDMA_READ_CONSUME_CHECK_CONSUMER) timestamp=11132 ms, used_size=16289792 bytes (39.8%)
(RDMA_READ_CONSUME_CHECK_CONSUMER) timestamp=11132 ms, used_size=16287744 bytes (39.8%)
(RDMA_READ_CONSUME_CHECK_CONSUMER) timestamp=11132 ms, used_size=16285696 bytes (39.8%)
(RDMA_READ_CONSUME_CHECK_CONSUMER) timestamp=11132 ms, used_size=16283648 bytes (39.8%)
(RDMA_READ_CONSUME_CHECK_CONSUMER) timestamp=11132 ms, used_size=16281600 bytes (39.8%)
(RDMA_READ_CONSUME_CHECK_CONSUMER) timestamp=11132 ms, used_size=16279552 bytes (39.7%)
(RDMA_READ_CONSUME_CHECK_CONSUMER) timestamp=11132 ms, used_size=16277504 bytes (39.7%)
(RDMA_READ_CONSUME_CHECK_CONSUMER) timestamp=11132 ms, used_size=16275456 bytes (39.7%)
(RDMA_READ_CONSUME_CHECK_CONSUMER) timestamp=11132 ms, used_size=16273408 bytes (39.7%)
(RDMA_READ_CONSUME_CHECK_CONSUMER) timestamp=11132 ms, used_size=16271360 bytes (39.7%)
(RDMA_READ_CONSUME_CHECK_CONSUMER) timestamp=11132 ms, used_size=16269312 bytes (39.7%)
(RDMA_READ_CONSUME_CHECK_CONSUMER) timestamp=11132 ms, used_size=16267264 bytes (39.7%)
(RDMA_READ_CONSUME_CHECK_CONSUMER) timestamp=11132 ms, used_size=16265216 bytes (39.7%)
(RDMA_READ_CONSUME_CHECK_CONSUMER) timestamp=11133 ms, used_size=16263168 bytes (39.7%)
(RDMA_READ_CONSUME_CHECK_CONSUMER) timestamp=11133 ms, used_size=16261120 bytes (39.7%)
(RDMA_READ_CONSUME_CHECK_CONSUMER) timestamp=11133 ms, used_size=16259072 bytes (39.7%)
(RDMA_READ_CONSUME_CHECK_CONSUMER) timestamp=11133 ms, used_size=16257024 bytes (39.7%)
(RDMA_READ_CONSUME_CHECK_CONSUMER) timestamp=11133 ms, used_size=16254976 bytes (39.7%)
(RDMA_READ_CONSUME_CHECK_CONSUMER) timestamp=11133 ms, used_size=16252928 bytes (39.7%)
(RDMA_READ_CONSUME_CHECK_CONSUMER) timestamp=11133 ms, used_size=16250880 bytes (39.7%)
(RDMA_READ_CONSUME_CHECK_CONSUMER) timestamp=11133 ms, used_size=16248832 bytes (39.7%)
(RDMA_READ_CONSUME_CHECK_CONSUMER) timestamp=11133 ms, used_size=16246784 bytes (39.7%)
(RDMA_READ_CONSUME_CHECK_CONSUMER) timestamp=11133 ms, used_size=16244736 bytes (39.7%)
(RDMA_READ_CONSUME_CHECK_CONSUMER) timestamp=11133 ms, used_size=16242688 bytes (39.7%)
(RDMA_READ_CONSUME_CHECK_CONSUMER) timestamp=11133 ms, used_size=16240640 bytes (39.6%)
(RDMA_READ_CONSUME_CHECK_CONSUMER) timestamp=11133 ms, used_size=16238592 bytes (39.6%)
(RDMA_READ_CONSUME_CHECK_CONSUMER) timestamp=11133 ms, used_size=16236544 bytes (39.6%)
(RDMA_READ_CONSUME_CHECK_CONSUMER) timestamp=11133 ms, used_size=16234496 bytes (39.6%)
(RDMA_READ_CONSUME_CHECK_CONSUMER) timestamp=11133 ms, used_size=16232448 bytes (39.6%)
(RDMA_READ_CONSUME_CHECK_CONSUMER) timestamp=11133 ms, used_size=16230400 bytes (39.6%)
(RDMA_READ_CONSUME_CHECK_CONSUMER) timestamp=11133 ms, used_size=16228352 bytes (39.6%)
(RDMA_READ_CONSUME_CHECK_CONSUMER) timestamp=11133 ms, used_size=16226304 bytes (39.6%)
(RDMA_READ_CONSUME_CHECK_CONSUMER) timestamp=11133 ms, used_size=16224256 bytes (39.6%)
(RDMA_READ_CONSUME_CHECK_CONSUMER) timestamp=11133 ms, used_size=16222208 bytes (39.6%)
(RDMA_READ_CONSUME_CHECK_CONSUMER) timestamp=11133 ms, used_size=16220160 bytes (39.6%)
(RDMA_READ_CONSUME_CHECK_CONSUMER) timestamp=11133 ms, used_size=16218112 bytes (39.6%)
(RDMA_READ_CONSUME_CHECK_CONSUMER) timestamp=11133 ms, used_size=16216064 bytes (39.6%)
(RDMA_READ_CONSUME_CHECK_CONSUMER) timestamp=11133 ms, used_size=16214016 bytes (39.6%)
(RDMA_READ_CONSUME_CHECK_CONSUMER) timestamp=11133 ms, used_size=16211968 bytes (39.6%)
(RDMA_READ_CONSUME_CHECK_CONSUMER) timestamp=11133 ms, used_size=16209920 bytes (39.6%)
(RDMA_READ_CONSUME_CHECK_CONSUMER) timestamp=11133 ms, used_size=16207872 bytes (39.6%)
(RDMA_READ_CONSUME_CHECK_CONSUMER) timestamp=11133 ms, used_size=16205824 bytes (39.6%)
(RDMA_READ_CONSUME_CHECK_CONSUMER) timestamp=11133 ms, used_size=16203776 bytes (39.6%)
(RDMA_READ_CONSUME_CHECK_CONSUMER) timestamp=11133 ms, used_size=16201728 bytes (39.6%)
(RDMA_READ_CONSUME_CHECK_CONSUMER) timestamp=11133 ms, used_size=16199680 bytes (39.5%)
(RDMA_READ_CONSUME_CHECK_CONSUMER) timestamp=11133 ms, used_size=16197632 bytes (39.5%)
(RDMA_READ_CONSUME_CHECK_CONSUMER) timestamp=11133 ms, used_size=16195584 bytes (39.5%)
(RDMA_READ_CONSUME_CHECK_CONSUMER) timestamp=11133 ms, used_size=16193536 bytes (39.5%)
(RDMA_READ_CONSUME_CHECK_CONSUMER) timestamp=11133 ms, used_size=16191488 bytes (39.5%)
(RDMA_READ_CONSUME_CHECK_CONSUMER) timestamp=11133 ms, used_size=16189440 bytes (39.5%)
(RDMA_READ_CONSUME_CHECK_CONSUMER) timestamp=11133 ms, used_size=16187392 bytes (39.5%)
(RDMA_READ_CONSUME_CHECK_CONSUMER) timestamp=11133 ms, used_size=16185344 bytes (39.5%)
(RDMA_READ_CONSUME_CHECK_CONSUMER) timestamp=11133 ms, used_size=16183296 bytes (39.5%)
(RDMA_READ_CONSUME_CHECK_CONSUMER) timestamp=11133 ms, used_size=16181248 bytes (39.5%)
(RDMA_READ_CONSUME_CHECK_CONSUMER) timestamp=11133 ms, used_size=16179200 bytes (39.5%)
(RDMA_READ_CONSUME_CHECK_CONSUMER) timestamp=11133 ms, used_size=16177152 bytes (39.5%)
(RDMA_READ_CONSUME_CHECK_CONSUMER) timestamp=11133 ms, used_size=16175104 bytes (39.5%)
(RDMA_READ_CONSUME_CHECK_CONSUMER) timestamp=11133 ms, used_size=16173056 bytes (39.5%)
(RDMA_READ_CONSUME_CHECK_CONSUMER) timestamp=11133 ms, used_size=16171008 bytes (39.5%)
(RDMA_READ_CONSUME_CHECK_CONSUMER) timestamp=11133 ms, used_size=16168960 bytes (39.5%)
(RDMA_READ_CONSUME_CHECK_CONSUMER) timestamp=11133 ms, used_size=16166912 bytes (39.5%)
(RDMA_READ_CONSUME_CHECK_CONSUMER) timestamp=11133 ms, used_size=16164864 bytes (39.5%)
(RDMA_READ_CONSUME_CHECK_CONSUMER) timestamp=11133 ms, used_size=16162816 bytes (39.5%)
(RDMA_READ_CONSUME_CHECK_CONSUMER) timestamp=11133 ms, used_size=16160768 bytes (39.5%)
(RDMA_READ_CONSUME_CHECK_CONSUMER) timestamp=11133 ms, used_size=16158720 bytes (39.5%)
(RDMA_READ_CONSUME_CHECK_CONSUMER) timestamp=11133 ms, used_size=16156672 bytes (39.4%)
(RDMA_READ_CONSUME_CHECK_CONSUMER) timestamp=11133 ms, used_size=16154624 bytes (39.4%)
(RDMA_READ_CONSUME_CHECK_CONSUMER) timestamp=11133 ms, used_size=16152576 bytes (39.4%)
(RDMA_READ_CONSUME_CHECK_CONSUMER) timestamp=11133 ms, used_size=16150528 bytes (39.4%)
(RDMA_READ_CONSUME_CHECK_CONSUMER) timestamp=11133 ms, used_size=16148480 bytes (39.4%)
(RDMA_READ_CONSUME_CHECK_CONSUMER) timestamp=11133 ms, used_size=16146432 bytes (39.4%)
(RDMA_READ_CONSUME_CHECK_CONSUMER) timestamp=11133 ms, used_size=16144384 bytes (39.4%)
(RDMA_READ_CONSUME_CHECK_CONSUMER) timestamp=11133 ms, used_size=16142336 bytes (39.4%)
(RDMA_READ_CONSUME_CHECK_CONSUMER) timestamp=11133 ms, used_size=16140288 bytes (39.4%)
(RDMA_READ_CONSUME_CHECK_CONSUMER) timestamp=11133 ms, used_size=16138240 bytes (39.4%)
(RDMA_READ_CONSUME_CHECK_CONSUMER) timestamp=11133 ms, used_size=16136192 bytes (39.4%)
(RDMA_READ_CONSUME_CHECK_CONSUMER) timestamp=11133 ms, used_size=16134144 bytes (39.4%)
(RDMA_READ_CONSUME_CHECK_CONSUMER) timestamp=11133 ms, used_size=16132096 bytes (39.4%)
(RDMA_READ_CONSUME_CHECK_CONSUMER) timestamp=11133 ms, used_size=16130048 bytes (39.4%)
(RDMA_READ_CONSUME_CHECK_CONSUMER) timestamp=11133 ms, used_size=16128000 bytes (39.4%)
(RDMA_READ_CONSUME_CHECK_CONSUMER) timestamp=11133 ms, used_size=16125952 bytes (39.4%)
(RDMA_READ_CONSUME_CHECK_CONSUMER) timestamp=11133 ms, used_size=16123904 bytes (39.4%)
(RDMA_READ_CONSUME_CHECK_CONSUMER) timestamp=11133 ms, used_size=16121856 bytes (39.4%)
(RDMA_READ_CONSUME_CHECK_CONSUMER) timestamp=11133 ms, used_size=16119808 bytes (39.4%)
(RDMA_READ_CONSUME_CHECK_CONSUMER) timestamp=11133 ms, used_size=16117760 bytes (39.4%)
(RDMA_READ_CONSUME_CHECK_CONSUMER) timestamp=11133 ms, used_size=16115712 bytes (39.3%)
(RDMA_READ_CONSUME_CHECK_CONSUMER) timestamp=11133 ms, used_size=16113664 bytes (39.3%)
(RDMA_READ_CONSUME_CHECK_CONSUMER) timestamp=11133 ms, used_size=16111616 bytes (39.3%)
(RDMA_READ_CONSUME_CHECK_CONSUMER) timestamp=11133 ms, used_size=16109568 bytes (39.3%)
(RDMA_READ_CONSUME_CHECK_CONSUMER) timestamp=11133 ms, used_size=16107520 bytes (39.3%)
(RDMA_READ_CONSUME_CHECK_CONSUMER) timestamp=11133 ms, used_size=16105472 bytes (39.3%)
(RDMA_READ_CONSUME_CHECK_CONSUMER) timestamp=11133 ms, used_size=16103424 bytes (39.3%)
(RDMA_READ_CONSUME_CHECK_CONSUMER) timestamp=11133 ms, used_size=16101376 bytes (39.3%)
(RDMA_READ_CONSUME_CHECK_CONSUMER) timestamp=11133 ms, used_size=16099328 bytes (39.3%)
(RDMA_READ_CONSUME_CHECK_CONSUMER) timestamp=11133 ms, used_size=16097280 bytes (39.3%)
(RDMA_READ_CONSUME_CHECK_CONSUMER) timestamp=11133 ms, used_size=16095232 bytes (39.3%)
(RDMA_READ_CONSUME_CHECK_CONSUMER) timestamp=11133 ms, used_size=16093184 bytes (39.3%)
(RDMA_READ_CONSUME_CHECK_CONSUMER) timestamp=11133 ms, used_size=16091136 bytes (39.3%)
(RDMA_READ_CONSUME_CHECK_CONSUMER) timestamp=11133 ms, used_size=16089088 bytes (39.3%)
(RDMA_READ_CONSUME_CHECK_CONSUMER) timestamp=11133 ms, used_size=16087040 bytes (39.3%)
(RDMA_READ_CONSUME_CHECK_CONSUMER) timestamp=11133 ms, used_size=16084992 bytes (39.3%)
(RDMA_READ_CONSUME_CHECK_CONSUMER) timestamp=11133 ms, used_size=16082944 bytes (39.3%)
(RDMA_READ_CONSUME_CHECK_CONSUMER) timestamp=11133 ms, used_size=16080896 bytes (39.3%)
(RDMA_READ_CONSUME_CHECK_CONSUMER) timestamp=11133 ms, used_size=16078848 bytes (39.3%)
(RDMA_READ_CONSUME_CHECK_CONSUMER) timestamp=11133 ms, used_size=16076800 bytes (39.2%)
(RDMA_READ_CONSUME_CHECK_CONSUMER) timestamp=11133 ms, used_size=16074752 bytes (39.2%)
(RDMA_READ_CONSUME_CHECK_CONSUMER) timestamp=11133 ms, used_size=16072704 bytes (39.2%)
(RDMA_READ_CONSUME_CHECK_CONSUMER) timestamp=11133 ms, used_size=16070656 bytes (39.2%)
(RDMA_READ_CONSUME_CHECK_CONSUMER) timestamp=11133 ms, used_size=16068608 bytes (39.2%)
(RDMA_READ_CONSUME_CHECK_CONSUMER) timestamp=11133 ms, used_size=16066560 bytes (39.2%)
(RDMA_READ_CONSUME_CHECK_CONSUMER) timestamp=11133 ms, used_size=16064512 bytes (39.2%)
(RDMA_READ_CONSUME_CHECK_CONSUMER) timestamp=11133 ms, used_size=16062464 bytes (39.2%)
(RDMA_READ_CONSUME_CHECK_CONSUMER) timestamp=11133 ms, used_size=16060416 bytes (39.2%)
(RDMA_READ_CONSUME_CHECK_CONSUMER) timestamp=11133 ms, used_size=16058368 bytes (39.2%)
(RDMA_READ_CONSUME_CHECK_CONSUMER) timestamp=11133 ms, used_size=16056320 bytes (39.2%)
(RDMA_READ_CONSUME_CHECK_CONSUMER) timestamp=11133 ms, used_size=16054272 bytes (39.2%)
(RDMA_READ_CONSUME_CHECK_CONSUMER) timestamp=11133 ms, used_size=16052224 bytes (39.2%)
(RDMA_READ_CONSUME_CHECK_CONSUMER) timestamp=11133 ms, used_size=16050176 bytes (39.2%)
(RDMA_READ_CONSUME_CHECK_CONSUMER) timestamp=11133 ms, used_size=16048128 bytes (39.2%)
(RDMA_READ_CONSUME_CHECK_CONSUMER) timestamp=11133 ms, used_size=16046080 bytes (39.2%)
(RDMA_READ_CONSUME_CHECK_CONSUMER) timestamp=11133 ms, used_size=16044032 bytes (39.2%)
(RDMA_READ_CONSUME_CHECK_CONSUMER) timestamp=11133 ms, used_size=16041984 bytes (39.2%)
(RDMA_READ_CONSUME_CHECK_CONSUMER) timestamp=11133 ms, used_size=16039936 bytes (39.2%)
(RDMA_READ_CONSUME_CHECK_CONSUMER) timestamp=11133 ms, used_size=16037888 bytes (39.2%)
(RDMA_READ_CONSUME_CHECK_CONSUMER) timestamp=11133 ms, used_size=16035840 bytes (39.1%)
(RDMA_READ_CONSUME_CHECK_CONSUMER) timestamp=11133 ms, used_size=16033792 bytes (39.1%)
(RDMA_READ_CONSUME_CHECK_CONSUMER) timestamp=11133 ms, used_size=16031744 bytes (39.1%)
(RDMA_READ_CONSUME_CHECK_CONSUMER) timestamp=11133 ms, used_size=16029696 bytes (39.1%)
(RDMA_READ_CONSUME_CHECK_CONSUMER) timestamp=11133 ms, used_size=16027648 bytes (39.1%)
(RDMA_READ_CONSUME_CHECK_CONSUMER) timestamp=11133 ms, used_size=16025600 bytes (39.1%)
(RDMA_READ_CONSUME_CHECK_CONSUMER) timestamp=11133 ms, used_size=16023552 bytes (39.1%)
(RDMA_READ_CONSUME_CHECK_CONSUMER) timestamp=11133 ms, used_size=16021504 bytes (39.1%)
(RDMA_READ_CONSUME_CHECK_CONSUMER) timestamp=11133 ms, used_size=16019456 bytes (39.1%)
(RDMA_READ_CONSUME_CHECK_CONSUMER) timestamp=11133 ms, used_size=16017408 bytes (39.1%)
(RDMA_READ_CONSUME_CHECK_CONSUMER) timestamp=11133 ms, used_size=16015360 bytes (39.1%)
(RDMA_READ_CONSUME_CHECK_CONSUMER) timestamp=11133 ms, used_size=16013312 bytes (39.1%)
(RDMA_READ_CONSUME_CHECK_CONSUMER) timestamp=11133 ms, used_size=16011264 bytes (39.1%)
(RDMA_READ_CONSUME_CHECK_CONSUMER) timestamp=11133 ms, used_size=16009216 bytes (39.1%)
(RDMA_READ_CONSUME_CHECK_CONSUMER) timestamp=11133 ms, used_size=16007168 bytes (39.1%)
(RDMA_READ_CONSUME_CHECK_CONSUMER) timestamp=11133 ms, used_size=16005120 bytes (39.1%)
(RDMA_READ_CONSUME_CHECK_CONSUMER) timestamp=11133 ms, used_size=16003072 bytes (39.1%)
(RDMA_READ_CONSUME_CHECK_CONSUMER) timestamp=11133 ms, used_size=16001024 bytes (39.1%)
(RDMA_READ_CONSUME_CHECK_CONSUMER) timestamp=11133 ms, used_size=15998976 bytes (39.1%)
(RDMA_READ_CONSUME_CHECK_CONSUMER) timestamp=11133 ms, used_size=15996928 bytes (39.1%)
(RDMA_READ_CONSUME_CHECK_CONSUMER) timestamp=11133 ms, used_size=15994880 bytes (39.0%)
(RDMA_READ_CONSUME_CHECK_CONSUMER) timestamp=11133 ms, used_size=15992832 bytes (39.0%)
(RDMA_READ_CONSUME_CHECK_CONSUMER) timestamp=11133 ms, used_size=15990784 bytes (39.0%)
(RDMA_READ_CONSUME_CHECK_CONSUMER) timestamp=11133 ms, used_size=15988736 bytes (39.0%)
(RDMA_READ_CONSUME_CHECK_CONSUMER) timestamp=11133 ms, used_size=15986688 bytes (39.0%)
(RDMA_READ_CONSUME_CHECK_CONSUMER) timestamp=11133 ms, used_size=15984640 bytes (39.0%)
(RDMA_READ_CONSUME_CHECK_CONSUMER) timestamp=11133 ms, used_size=15982592 bytes (39.0%)
(RDMA_READ_CONSUME_CHECK_CONSUMER) timestamp=11133 ms, used_size=15980544 bytes (39.0%)
(RDMA_READ_CONSUME_CHECK_CONSUMER) timestamp=11133 ms, used_size=15978496 bytes (39.0%)
(RDMA_READ_CONSUME_CHECK_CONSUMER) timestamp=11133 ms, used_size=15976448 bytes (39.0%)
(RDMA_READ_CONSUME_CHECK_CONSUMER) timestamp=11133 ms, used_size=15974400 bytes (39.0%)
(RDMA_READ_CONSUME_CHECK_CONSUMER) timestamp=11133 ms, used_size=15972352 bytes (39.0%)
(RDMA_READ_CONSUME_CHECK_CONSUMER) timestamp=11133 ms, used_size=15970304 bytes (39.0%)
(RDMA_READ_CONSUME_CHECK_CONSUMER) timestamp=11133 ms, used_size=15968256 bytes (39.0%)
(RDMA_READ_CONSUME_CHECK_CONSUMER) timestamp=11133 ms, used_size=15966208 bytes (39.0%)
(RDMA_READ_CONSUME_CHECK_CONSUMER) timestamp=11133 ms, used_size=15964160 bytes (39.0%)
(RDMA_READ_CONSUME_CHECK_CONSUMER) timestamp=11133 ms, used_size=15962112 bytes (39.0%)
(RDMA_READ_CONSUME_CHECK_CONSUMER) timestamp=11133 ms, used_size=15960064 bytes (39.0%)
(RDMA_READ_CONSUME_CHECK_CONSUMER) timestamp=11133 ms, used_size=15958016 bytes (39.0%)
(RDMA_READ_CONSUME_CHECK_CONSUMER) timestamp=11133 ms, used_size=15955968 bytes (39.0%)
(RDMA_READ_CONSUME_CHECK_CONSUMER) timestamp=11133 ms, used_size=15953920 bytes (39.0%)
(RDMA_READ_CONSUME_CHECK_CONSUMER) timestamp=11133 ms, used_size=15951872 bytes (38.9%)
(RDMA_READ_CONSUME_CHECK_CONSUMER) timestamp=11133 ms, used_size=15949824 bytes (38.9%)
(RDMA_READ_CONSUME_CHECK_CONSUMER) timestamp=11133 ms, used_size=15947776 bytes (38.9%)
(RDMA_READ_CONSUME_CHECK_CONSUMER) timestamp=11133 ms, used_size=15945728 bytes (38.9%)
(RDMA_READ_CONSUME_CHECK_CONSUMER) timestamp=11133 ms, used_size=15943680 bytes (38.9%)
(RDMA_READ_CONSUME_CHECK_CONSUMER) timestamp=11133 ms, used_size=15941632 bytes (38.9%)
(RDMA_READ_CONSUME_CHECK_CONSUMER) timestamp=11133 ms, used_size=15939584 bytes (38.9%)
(RDMA_READ_CONSUME_CHECK_CONSUMER) timestamp=11133 ms, used_size=15937536 bytes (38.9%)
(RDMA_READ_CONSUME_CHECK_CONSUMER) timestamp=11133 ms, used_size=15935488 bytes (38.9%)
(RDMA_READ_CONSUME_CHECK_CONSUMER) timestamp=11133 ms, used_size=15933440 bytes (38.9%)
(RDMA_READ_CONSUME_CHECK_CONSUMER) timestamp=11133 ms, used_size=15931392 bytes (38.9%)
(RDMA_READ_CONSUME_CHECK_CONSUMER) timestamp=11133 ms, used_size=15929344 bytes (38.9%)
(RDMA_READ_CONSUME_CHECK_CONSUMER) timestamp=11133 ms, used_size=15927296 bytes (38.9%)
(RDMA_READ_CONSUME_CHECK_CONSUMER) timestamp=11133 ms, used_size=15925248 bytes (38.9%)
(RDMA_READ_CONSUME_CHECK_CONSUMER) timestamp=11133 ms, used_size=15923200 bytes (38.9%)
(RDMA_READ_CONSUME_CHECK_CONSUMER) timestamp=11133 ms, used_size=15921152 bytes (38.9%)
(RDMA_READ_CONSUME_CHECK_CONSUMER) timestamp=11133 ms, used_size=15919104 bytes (38.9%)
(RDMA_READ_CONSUME_CHECK_CONSUMER) timestamp=11133 ms, used_size=15917056 bytes (38.9%)
(RDMA_READ_CONSUME_CHECK_CONSUMER) timestamp=11133 ms, used_size=15915008 bytes (38.9%)
(RDMA_READ_CONSUME_CHECK_CONSUMER) timestamp=11133 ms, used_size=15912960 bytes (38.9%)
(RDMA_READ_CONSUME_CHECK_CONSUMER) timestamp=11133 ms, used_size=15910912 bytes (38.8%)
(RDMA_READ_CONSUME_CHECK_CONSUMER) timestamp=11134 ms, used_size=15908864 bytes (38.8%)
(RDMA_READ_CONSUME_CHECK_CONSUMER) timestamp=11134 ms, used_size=15906816 bytes (38.8%)
(RDMA_READ_CONSUME_CHECK_CONSUMER) timestamp=11134 ms, used_size=15904768 bytes (38.8%)
(RDMA_READ_CONSUME_CHECK_CONSUMER) timestamp=11134 ms, used_size=15902720 bytes (38.8%)
(RDMA_READ_CONSUME_CHECK_CONSUMER) timestamp=11134 ms, used_size=15900672 bytes (38.8%)
(RDMA_READ_CONSUME_CHECK_CONSUMER) timestamp=11134 ms, used_size=15898624 bytes (38.8%)
(RDMA_READ_CONSUME_CHECK_CONSUMER) timestamp=11134 ms, used_size=15896576 bytes (38.8%)
(RDMA_READ_CONSUME_CHECK_CONSUMER) timestamp=11134 ms, used_size=15894528 bytes (38.8%)
(RDMA_READ_CONSUME_CHECK_CONSUMER) timestamp=11134 ms, used_size=15892480 bytes (38.8%)
(RDMA_READ_CONSUME_CHECK_CONSUMER) timestamp=11134 ms, used_size=15890432 bytes (38.8%)
(RDMA_READ_CONSUME_CHECK_CONSUMER) timestamp=11134 ms, used_size=15888384 bytes (38.8%)
(RDMA_READ_CONSUME_CHECK_CONSUMER) timestamp=11134 ms, used_size=15886336 bytes (38.8%)
(RDMA_READ_CONSUME_CHECK_CONSUMER) timestamp=11134 ms, used_size=15884288 bytes (38.8%)
(RDMA_READ_CONSUME_CHECK_CONSUMER) timestamp=11134 ms, used_size=15882240 bytes (38.8%)
(RDMA_READ_CONSUME_CHECK_CONSUMER) timestamp=11134 ms, used_size=15880192 bytes (38.8%)
(RDMA_READ_CONSUME_CHECK_CONSUMER) timestamp=11134 ms, used_size=15878144 bytes (38.8%)
(RDMA_READ_CONSUME_CHECK_CONSUMER) timestamp=11134 ms, used_size=15876096 bytes (38.8%)
(RDMA_READ_CONSUME_CHECK_CONSUMER) timestamp=11134 ms, used_size=15874048 bytes (38.8%)
(RDMA_READ_CONSUME_CHECK_CONSUMER) timestamp=11134 ms, used_size=15872000 bytes (38.8%)
(RDMA_READ_CONSUME_CHECK_CONSUMER) timestamp=11134 ms, used_size=15869952 bytes (38.7%)
(RDMA_READ_CONSUME_CHECK_CONSUMER) timestamp=11134 ms, used_size=15867904 bytes (38.7%)
(RDMA_READ_CONSUME_CHECK_CONSUMER) timestamp=11134 ms, used_size=15865856 bytes (38.7%)
(RDMA_READ_CONSUME_CHECK_CONSUMER) timestamp=11134 ms, used_size=15863808 bytes (38.7%)
(RDMA_READ_CONSUME_CHECK_CONSUMER) timestamp=11134 ms, used_size=15861760 bytes (38.7%)
(RDMA_READ_CONSUME_CHECK_CONSUMER) timestamp=11134 ms, used_size=15859712 bytes (38.7%)
(RDMA_READ_CONSUME_CHECK_CONSUMER) timestamp=11134 ms, used_size=15857664 bytes (38.7%)
(RDMA_READ_CONSUME_CHECK_CONSUMER) timestamp=11134 ms, used_size=15855616 bytes (38.7%)
(RDMA_READ_CONSUME_CHECK_CONSUMER) timestamp=11134 ms, used_size=15853568 bytes (38.7%)
(RDMA_READ_CONSUME_CHECK_CONSUMER) timestamp=11134 ms, used_size=15851520 bytes (38.7%)
(RDMA_READ_CONSUME_CHECK_CONSUMER) timestamp=11134 ms, used_size=15849472 bytes (38.7%)
(RDMA_READ_CONSUME_CHECK_CONSUMER) timestamp=11134 ms, used_size=15847424 bytes (38.7%)
(RDMA_READ_CONSUME_CHECK_CONSUMER) timestamp=11134 ms, used_size=15845376 bytes (38.7%)
(RDMA_READ_CONSUME_CHECK_CONSUMER) timestamp=11134 ms, used_size=15843328 bytes (38.7%)
(RDMA_READ_CONSUME_CHECK_CONSUMER) timestamp=11134 ms, used_size=15841280 bytes (38.7%)
(RDMA_READ_CONSUME_CHECK_CONSUMER) timestamp=11134 ms, used_size=15839232 bytes (38.7%)
(RDMA_READ_CONSUME_CHECK_CONSUMER) timestamp=11134 ms, used_size=15837184 bytes (38.7%)
(RDMA_READ_CONSUME_CHECK_CONSUMER) timestamp=11134 ms, used_size=15835136 bytes (38.7%)
(RDMA_READ_CONSUME_CHECK_CONSUMER) timestamp=11134 ms, used_size=15833088 bytes (38.7%)
(RDMA_READ_CONSUME_CHECK_CONSUMER) timestamp=11134 ms, used_size=15831040 bytes (38.6%)
(RDMA_READ_CONSUME_CHECK_CONSUMER) timestamp=11134 ms, used_size=15828992 bytes (38.6%)
(RDMA_READ_CONSUME_CHECK_CONSUMER) timestamp=11134 ms, used_size=15826944 bytes (38.6%)
(RDMA_READ_CONSUME_CHECK_CONSUMER) timestamp=11134 ms, used_size=15824896 bytes (38.6%)
(RDMA_READ_CONSUME_CHECK_CONSUMER) timestamp=11134 ms, used_size=15822848 bytes (38.6%)
(RDMA_READ_CONSUME_CHECK_CONSUMER) timestamp=11134 ms, used_size=15820800 bytes (38.6%)
(RDMA_READ_CONSUME_CHECK_CONSUMER) timestamp=11134 ms, used_size=15818752 bytes (38.6%)
(RDMA_READ_CONSUME_CHECK_CONSUMER) timestamp=11134 ms, used_size=15816704 bytes (38.6%)
(RDMA_READ_CONSUME_CHECK_CONSUMER) timestamp=11134 ms, used_size=15814656 bytes (38.6%)
(RDMA_READ_CONSUME_CHECK_CONSUMER) timestamp=11134 ms, used_size=15812608 bytes (38.6%)
(RDMA_READ_CONSUME_CHECK_CONSUMER) timestamp=11134 ms, used_size=15810560 bytes (38.6%)
(RDMA_READ_CONSUME_CHECK_CONSUMER) timestamp=11134 ms, used_size=15808512 bytes (38.6%)
(RDMA_READ_CONSUME_CHECK_CONSUMER) timestamp=11134 ms, used_size=15806464 bytes (38.6%)
(RDMA_READ_CONSUME_CHECK_CONSUMER) timestamp=11134 ms, used_size=15804416 bytes (38.6%)
(RDMA_READ_CONSUME_CHECK_CONSUMER) timestamp=11134 ms, used_size=15802368 bytes (38.6%)
(RDMA_READ_CONSUME_CHECK_CONSUMER) timestamp=11134 ms, used_size=15800320 bytes (38.6%)
(RDMA_READ_CONSUME_CHECK_CONSUMER) timestamp=11134 ms, used_size=15798272 bytes (38.6%)
(RDMA_READ_CONSUME_CHECK_CONSUMER) timestamp=11134 ms, used_size=15796224 bytes (38.6%)
(RDMA_READ_CONSUME_CHECK_CONSUMER) timestamp=11134 ms, used_size=15794176 bytes (38.6%)
(RDMA_READ_CONSUME_CHECK_CONSUMER) timestamp=11134 ms, used_size=15792128 bytes (38.6%)
(RDMA_READ_CONSUME_CHECK_CONSUMER) timestamp=11134 ms, used_size=15790080 bytes (38.5%)
(RDMA_READ_CONSUME_CHECK_CONSUMER) timestamp=11134 ms, used_size=15788032 bytes (38.5%)
(RDMA_READ_CONSUME_CHECK_CONSUMER) timestamp=11134 ms, used_size=15785984 bytes (38.5%)
(RDMA_READ_CONSUME_CHECK_CONSUMER) timestamp=11134 ms, used_size=15783936 bytes (38.5%)
(RDMA_READ_CONSUME_CHECK_CONSUMER) timestamp=11134 ms, used_size=15781888 bytes (38.5%)
(RDMA_READ_CONSUME_CHECK_CONSUMER) timestamp=11134 ms, used_size=15779840 bytes (38.5%)
(RDMA_READ_CONSUME_CHECK_CONSUMER) timestamp=11134 ms, used_size=15777792 bytes (38.5%)
(RDMA_READ_CONSUME_CHECK_CONSUMER) timestamp=11134 ms, used_size=15775744 bytes (38.5%)
(RDMA_READ_CONSUME_CHECK_CONSUMER) timestamp=11134 ms, used_size=15773696 bytes (38.5%)
(RDMA_READ_CONSUME_CHECK_CONSUMER) timestamp=11134 ms, used_size=15771648 bytes (38.5%)
(RDMA_READ_CONSUME_CHECK_CONSUMER) timestamp=11134 ms, used_size=15769600 bytes (38.5%)
(RDMA_READ_CONSUME_CHECK_CONSUMER) timestamp=11134 ms, used_size=15767552 bytes (38.5%)
(RDMA_READ_CONSUME_CHECK_CONSUMER) timestamp=11134 ms, used_size=15765504 bytes (38.5%)
(RDMA_READ_CONSUME_CHECK_CONSUMER) timestamp=11134 ms, used_size=15763456 bytes (38.5%)
(RDMA_READ_CONSUME_CHECK_CONSUMER) timestamp=11134 ms, used_size=15761408 bytes (38.5%)
(RDMA_READ_CONSUME_CHECK_CONSUMER) timestamp=11134 ms, used_size=15759360 bytes (38.5%)
(RDMA_READ_CONSUME_CHECK_CONSUMER) timestamp=11134 ms, used_size=15757312 bytes (38.5%)
(RDMA_READ_CONSUME_CHECK_CONSUMER) timestamp=11134 ms, used_size=15755264 bytes (38.5%)
(RDMA_READ_CONSUME_CHECK_CONSUMER) timestamp=11134 ms, used_size=15753216 bytes (38.5%)
(RDMA_READ_CONSUME_CHECK_CONSUMER) timestamp=11134 ms, used_size=15751168 bytes (38.5%)
(RDMA_READ_CONSUME_CHECK_CONSUMER) timestamp=11134 ms, used_size=15749120 bytes (38.5%)
(RDMA_READ_CONSUME_CHECK_CONSUMER) timestamp=11134 ms, used_size=15747072 bytes (38.4%)
(RDMA_READ_CONSUME_CHECK_CONSUMER) timestamp=11134 ms, used_size=15745024 bytes (38.4%)
(RDMA_READ_CONSUME_CHECK_CONSUMER) timestamp=11134 ms, used_size=15742976 bytes (38.4%)
(RDMA_READ_CONSUME_CHECK_CONSUMER) timestamp=11134 ms, used_size=15740928 bytes (38.4%)
(RDMA_READ_CONSUME_CHECK_CONSUMER) timestamp=11134 ms, used_size=15738880 bytes (38.4%)
(RDMA_READ_CONSUME_CHECK_CONSUMER) timestamp=11134 ms, used_size=15736832 bytes (38.4%)
(RDMA_READ_CONSUME_CHECK_CONSUMER) timestamp=11134 ms, used_size=15734784 bytes (38.4%)
(RDMA_READ_CONSUME_CHECK_CONSUMER) timestamp=11134 ms, used_size=15732736 bytes (38.4%)
(RDMA_READ_CONSUME_CHECK_CONSUMER) timestamp=11134 ms, used_size=15730688 bytes (38.4%)
(RDMA_READ_CONSUME_CHECK_CONSUMER) timestamp=11134 ms, used_size=15728640 bytes (38.4%)
(RDMA_READ_CONSUME_CHECK_CONSUMER) timestamp=11134 ms, used_size=15726592 bytes (38.4%)
(RDMA_READ_CONSUME_CHECK_CONSUMER) timestamp=11134 ms, used_size=15724544 bytes (38.4%)
(RDMA_READ_CONSUME_CHECK_CONSUMER) timestamp=11134 ms, used_size=15722496 bytes (38.4%)
(RDMA_READ_CONSUME_CHECK_CONSUMER) timestamp=11134 ms, used_size=15720448 bytes (38.4%)
(RDMA_READ_CONSUME_CHECK_CONSUMER) timestamp=11134 ms, used_size=15718400 bytes (38.4%)
(RDMA_READ_CONSUME_CHECK_CONSUMER) timestamp=11134 ms, used_size=15716352 bytes (38.4%)
(RDMA_READ_CONSUME_CHECK_CONSUMER) timestamp=11134 ms, used_size=15714304 bytes (38.4%)
(RDMA_READ_CONSUME_CHECK_CONSUMER) timestamp=11134 ms, used_size=15712256 bytes (38.4%)
(RDMA_READ_CONSUME_CHECK_CONSUMER) timestamp=11134 ms, used_size=15710208 bytes (38.4%)
(RDMA_READ_CONSUME_CHECK_CONSUMER) timestamp=11134 ms, used_size=15708160 bytes (38.4%)
(RDMA_READ_CONSUME_CHECK_CONSUMER) timestamp=11134 ms, used_size=15706112 bytes (38.3%)
(RDMA_READ_CONSUME_CHECK_CONSUMER) timestamp=11134 ms, used_size=15704064 bytes (38.3%)
(RDMA_READ_CONSUME_CHECK_CONSUMER) timestamp=11134 ms, used_size=15702016 bytes (38.3%)
(RDMA_READ_CONSUME_CHECK_CONSUMER) timestamp=11134 ms, used_size=15699968 bytes (38.3%)
(RDMA_READ_CONSUME_CHECK_CONSUMER) timestamp=11134 ms, used_size=15697920 bytes (38.3%)
(RDMA_READ_CONSUME_CHECK_CONSUMER) timestamp=11134 ms, used_size=15695872 bytes (38.3%)
(RDMA_READ_CONSUME_CHECK_CONSUMER) timestamp=11134 ms, used_size=15693824 bytes (38.3%)
(RDMA_READ_CONSUME_CHECK_CONSUMER) timestamp=11134 ms, used_size=15691776 bytes (38.3%)
(RDMA_READ_CONSUME_CHECK_CONSUMER) timestamp=11134 ms, used_size=15689728 bytes (38.3%)
(RDMA_READ_CONSUME_CHECK_CONSUMER) timestamp=11134 ms, used_size=15687680 bytes (38.3%)
(RDMA_READ_CONSUME_CHECK_CONSUMER) timestamp=11134 ms, used_size=15685632 bytes (38.3%)
(RDMA_READ_CONSUME_CHECK_CONSUMER) timestamp=11134 ms, used_size=15683584 bytes (38.3%)
(RDMA_READ_CONSUME_CHECK_CONSUMER) timestamp=11134 ms, used_size=15681536 bytes (38.3%)
(RDMA_READ_CONSUME_CHECK_CONSUMER) timestamp=11134 ms, used_size=15679488 bytes (38.3%)
(RDMA_READ_CONSUME_CHECK_CONSUMER) timestamp=11134 ms, used_size=15677440 bytes (38.3%)
(RDMA_READ_CONSUME_CHECK_CONSUMER) timestamp=11134 ms, used_size=15675392 bytes (38.3%)
(RDMA_READ_CONSUME_CHECK_CONSUMER) timestamp=11134 ms, used_size=15673344 bytes (38.3%)
(RDMA_READ_CONSUME_CHECK_CONSUMER) timestamp=11134 ms, used_size=15671296 bytes (38.3%)
(RDMA_READ_CONSUME_CHECK_CONSUMER) timestamp=11134 ms, used_size=15669248 bytes (38.3%)
(RDMA_READ_CONSUME_CHECK_CONSUMER) timestamp=11134 ms, used_size=15667200 bytes (38.2%)
(RDMA_READ_CONSUME_CHECK_CONSUMER) timestamp=11134 ms, used_size=15665152 bytes (38.2%)
(RDMA_READ_CONSUME_CHECK_CONSUMER) timestamp=11134 ms, used_size=15663104 bytes (38.2%)
(RDMA_READ_CONSUME_CHECK_CONSUMER) timestamp=11134 ms, used_size=15661056 bytes (38.2%)
(RDMA_READ_CONSUME_CHECK_CONSUMER) timestamp=11134 ms, used_size=15659008 bytes (38.2%)
(RDMA_READ_CONSUME_CHECK_CONSUMER) timestamp=11134 ms, used_size=15656960 bytes (38.2%)
(RDMA_READ_CONSUME_CHECK_CONSUMER) timestamp=11134 ms, used_size=15654912 bytes (38.2%)
(RDMA_READ_CONSUME_CHECK_CONSUMER) timestamp=11134 ms, used_size=15652864 bytes (38.2%)
(RDMA_READ_CONSUME_CHECK_CONSUMER) timestamp=11134 ms, used_size=15650816 bytes (38.2%)
(RDMA_READ_CONSUME_CHECK_CONSUMER) timestamp=11134 ms, used_size=15648768 bytes (38.2%)
(RDMA_READ_CONSUME_CHECK_CONSUMER) timestamp=11134 ms, used_size=15646720 bytes (38.2%)
(RDMA_READ_CONSUME_CHECK_CONSUMER) timestamp=11134 ms, used_size=15644672 bytes (38.2%)
(RDMA_READ_CONSUME_CHECK_CONSUMER) timestamp=11134 ms, used_size=15642624 bytes (38.2%)
(RDMA_READ_CONSUME_CHECK_CONSUMER) timestamp=11134 ms, used_size=15640576 bytes (38.2%)
(RDMA_READ_CONSUME_CHECK_CONSUMER) timestamp=11134 ms, used_size=15638528 bytes (38.2%)
(RDMA_READ_CONSUME_CHECK_CONSUMER) timestamp=11134 ms, used_size=15636480 bytes (38.2%)
(RDMA_READ_CONSUME_CHECK_CONSUMER) timestamp=11134 ms, used_size=15634432 bytes (38.2%)
(RDMA_READ_CONSUME_CHECK_CONSUMER) timestamp=11134 ms, used_size=15632384 bytes (38.2%)
(RDMA_READ_CONSUME_CHECK_CONSUMER) timestamp=11134 ms, used_size=15630336 bytes (38.2%)
(RDMA_READ_CONSUME_CHECK_CONSUMER) timestamp=11134 ms, used_size=15628288 bytes (38.2%)
(RDMA_READ_CONSUME_CHECK_CONSUMER) timestamp=11134 ms, used_size=15626240 bytes (38.1%)
(RDMA_READ_CONSUME_CHECK_CONSUMER) timestamp=11134 ms, used_size=15624192 bytes (38.1%)
(RDMA_READ_CONSUME_CHECK_CONSUMER) timestamp=11134 ms, used_size=15622144 bytes (38.1%)
(RDMA_READ_CONSUME_CHECK_CONSUMER) timestamp=11134 ms, used_size=15620096 bytes (38.1%)
(RDMA_READ_CONSUME_CHECK_CONSUMER) timestamp=11134 ms, used_size=15618048 bytes (38.1%)
(RDMA_READ_CONSUME_CHECK_CONSUMER) timestamp=11134 ms, used_size=15616000 bytes (38.1%)
(RDMA_READ_CONSUME_CHECK_CONSUMER) timestamp=11134 ms, used_size=15613952 bytes (38.1%)
(RDMA_READ_CONSUME_CHECK_CONSUMER) timestamp=11134 ms, used_size=15611904 bytes (38.1%)
(RDMA_READ_CONSUME_CHECK_CONSUMER) timestamp=11134 ms, used_size=15609856 bytes (38.1%)
(RDMA_READ_CONSUME_CHECK_CONSUMER) timestamp=11134 ms, used_size=15607808 bytes (38.1%)
(RDMA_READ_CONSUME_CHECK_CONSUMER) timestamp=11134 ms, used_size=15605760 bytes (38.1%)
(RDMA_READ_CONSUME_CHECK_CONSUMER) timestamp=11134 ms, used_size=15603712 bytes (38.1%)
(RDMA_READ_CONSUME_CHECK_CONSUMER) timestamp=11134 ms, used_size=15601664 bytes (38.1%)
(RDMA_READ_CONSUME_CHECK_CONSUMER) timestamp=11134 ms, used_size=15599616 bytes (38.1%)
(RDMA_READ_CONSUME_CHECK_CONSUMER) timestamp=11134 ms, used_size=15597568 bytes (38.1%)
(RDMA_READ_CONSUME_CHECK_CONSUMER) timestamp=11134 ms, used_size=15595520 bytes (38.1%)
(RDMA_READ_CONSUME_CHECK_CONSUMER) timestamp=11134 ms, used_size=15593472 bytes (38.1%)
(RDMA_READ_CONSUME_CHECK_CONSUMER) timestamp=11134 ms, used_size=15591424 bytes (38.1%)
(RDMA_READ_CONSUME_CHECK_CONSUMER) timestamp=11134 ms, used_size=15589376 bytes (38.1%)
(RDMA_READ_CONSUME_CHECK_CONSUMER) timestamp=11134 ms, used_size=15587328 bytes (38.1%)
(RDMA_READ_CONSUME_CHECK_CONSUMER) timestamp=11134 ms, used_size=15585280 bytes (38.0%)
(RDMA_READ_CONSUME_CHECK_CONSUMER) timestamp=11134 ms, used_size=15583232 bytes (38.0%)
(RDMA_READ_CONSUME_CHECK_CONSUMER) timestamp=11134 ms, used_size=15581184 bytes (38.0%)
(RDMA_READ_CONSUME_CHECK_CONSUMER) timestamp=11134 ms, used_size=15579136 bytes (38.0%)
(RDMA_READ_CONSUME_CHECK_CONSUMER) timestamp=11134 ms, used_size=15577088 bytes (38.0%)
(RDMA_READ_CONSUME_CHECK_CONSUMER) timestamp=11134 ms, used_size=15575040 bytes (38.0%)
(RDMA_READ_CONSUME_CHECK_CONSUMER) timestamp=11134 ms, used_size=15572992 bytes (38.0%)
(RDMA_READ_CONSUME_CHECK_CONSUMER) timestamp=11134 ms, used_size=15570944 bytes (38.0%)
(RDMA_READ_CONSUME_CHECK_CONSUMER) timestamp=11134 ms, used_size=15568896 bytes (38.0%)
(RDMA_READ_CONSUME_CHECK_CONSUMER) timestamp=11134 ms, used_size=15566848 bytes (38.0%)
(RDMA_READ_CONSUME_CHECK_CONSUMER) timestamp=11134 ms, used_size=15564800 bytes (38.0%)
(RDMA_READ_CONSUME_CHECK_CONSUMER) timestamp=11134 ms, used_size=15562752 bytes (38.0%)
(RDMA_READ_CONSUME_CHECK_CONSUMER) timestamp=11134 ms, used_size=15560704 bytes (38.0%)
(RDMA_READ_CONSUME_CHECK_CONSUMER) timestamp=11134 ms, used_size=15558656 bytes (38.0%)
(RDMA_READ_CONSUME_CHECK_CONSUMER) timestamp=11134 ms, used_size=15556608 bytes (38.0%)
(RDMA_READ_CONSUME_CHECK_CONSUMER) timestamp=11135 ms, used_size=15554560 bytes (38.0%)
(RDMA_READ_CONSUME_CHECK_CONSUMER) timestamp=11135 ms, used_size=15552512 bytes (38.0%)
(RDMA_READ_CONSUME_CHECK_CONSUMER) timestamp=11135 ms, used_size=15550464 bytes (38.0%)
(RDMA_READ_CONSUME_CHECK_CONSUMER) timestamp=11135 ms, used_size=15548416 bytes (38.0%)
(RDMA_READ_CONSUME_CHECK_CONSUMER) timestamp=11135 ms, used_size=15546368 bytes (38.0%)
(RDMA_READ_CONSUME_CHECK_CONSUMER) timestamp=11135 ms, used_size=15544320 bytes (38.0%)
(RDMA_READ_CONSUME_CHECK_CONSUMER) timestamp=11135 ms, used_size=15542272 bytes (37.9%)
(RDMA_READ_CONSUME_CHECK_CONSUMER) timestamp=11135 ms, used_size=15540224 bytes (37.9%)
(RDMA_READ_CONSUME_CHECK_CONSUMER) timestamp=11135 ms, used_size=15538176 bytes (37.9%)
(RDMA_READ_CONSUME_CHECK_CONSUMER) timestamp=11135 ms, used_size=15536128 bytes (37.9%)
(RDMA_READ_CONSUME_CHECK_CONSUMER) timestamp=11135 ms, used_size=15534080 bytes (37.9%)
(RDMA_READ_CONSUME_CHECK_CONSUMER) timestamp=11135 ms, used_size=15532032 bytes (37.9%)
(RDMA_READ_CONSUME_CHECK_CONSUMER) timestamp=11135 ms, used_size=15529984 bytes (37.9%)
(RDMA_READ_CONSUME_CHECK_CONSUMER) timestamp=11135 ms, used_size=15527936 bytes (37.9%)
(RDMA_READ_CONSUME_CHECK_CONSUMER) timestamp=11135 ms, used_size=15525888 bytes (37.9%)
(RDMA_READ_CONSUME_CHECK_CONSUMER) timestamp=11135 ms, used_size=15523840 bytes (37.9%)
(RDMA_READ_CONSUME_CHECK_CONSUMER) timestamp=11135 ms, used_size=15521792 bytes (37.9%)
(RDMA_READ_CONSUME_CHECK_CONSUMER) timestamp=11135 ms, used_size=15519744 bytes (37.9%)
(RDMA_READ_CONSUME_CHECK_CONSUMER) timestamp=11135 ms, used_size=15517696 bytes (37.9%)
(RDMA_READ_CONSUME_CHECK_CONSUMER) timestamp=11135 ms, used_size=15515648 bytes (37.9%)
(RDMA_READ_CONSUME_CHECK_CONSUMER) timestamp=11135 ms, used_size=15513600 bytes (37.9%)
(RDMA_READ_CONSUME_CHECK_CONSUMER) timestamp=11135 ms, used_size=15511552 bytes (37.9%)
(RDMA_READ_CONSUME_CHECK_CONSUMER) timestamp=11135 ms, used_size=15509504 bytes (37.9%)
(RDMA_READ_CONSUME_CHECK_CONSUMER) timestamp=11135 ms, used_size=15507456 bytes (37.9%)
(RDMA_READ_CONSUME_CHECK_CONSUMER) timestamp=11135 ms, used_size=15505408 bytes (37.9%)
(RDMA_READ_CONSUME_CHECK_CONSUMER) timestamp=11135 ms, used_size=15503360 bytes (37.9%)
(RDMA_READ_CONSUME_CHECK_CONSUMER) timestamp=11135 ms, used_size=15501312 bytes (37.8%)
(RDMA_READ_CONSUME_CHECK_CONSUMER) timestamp=11135 ms, used_size=15499264 bytes (37.8%)
(RDMA_READ_CONSUME_CHECK_CONSUMER) timestamp=11135 ms, used_size=15497216 bytes (37.8%)
(RDMA_READ_CONSUME_CHECK_CONSUMER) timestamp=11135 ms, used_size=15495168 bytes (37.8%)
(RDMA_READ_CONSUME_CHECK_CONSUMER) timestamp=11135 ms, used_size=15493120 bytes (37.8%)
(RDMA_READ_CONSUME_CHECK_CONSUMER) timestamp=11135 ms, used_size=15491072 bytes (37.8%)
(RDMA_READ_CONSUME_CHECK_CONSUMER) timestamp=11135 ms, used_size=15489024 bytes (37.8%)
(RDMA_READ_CONSUME_CHECK_CONSUMER) timestamp=11135 ms, used_size=15486976 bytes (37.8%)
(RDMA_READ_CONSUME_CHECK_CONSUMER) timestamp=11135 ms, used_size=15484928 bytes (37.8%)
(RDMA_READ_CONSUME_CHECK_CONSUMER) timestamp=11135 ms, used_size=15482880 bytes (37.8%)
(RDMA_READ_CONSUME_CHECK_CONSUMER) timestamp=11135 ms, used_size=15480832 bytes (37.8%)
(RDMA_READ_CONSUME_CHECK_CONSUMER) timestamp=11135 ms, used_size=15478784 bytes (37.8%)
(RDMA_READ_CONSUME_CHECK_CONSUMER) timestamp=11135 ms, used_size=15476736 bytes (37.8%)
(RDMA_READ_CONSUME_CHECK_CONSUMER) timestamp=11135 ms, used_size=15474688 bytes (37.8%)
(RDMA_READ_CONSUME_CHECK_CONSUMER) timestamp=11135 ms, used_size=15472640 bytes (37.8%)
(RDMA_READ_CONSUME_CHECK_CONSUMER) timestamp=11135 ms, used_size=15470592 bytes (37.8%)
(RDMA_READ_CONSUME_CHECK_CONSUMER) timestamp=11135 ms, used_size=15468544 bytes (37.8%)
(RDMA_READ_CONSUME_CHECK_CONSUMER) timestamp=11135 ms, used_size=15466496 bytes (37.8%)
(RDMA_READ_CONSUME_CHECK_CONSUMER) timestamp=11135 ms, used_size=15464448 bytes (37.8%)
(RDMA_READ_CONSUME_CHECK_CONSUMER) timestamp=11135 ms, used_size=15462400 bytes (37.8%)
(RDMA_READ_CONSUME_CHECK_CONSUMER) timestamp=11135 ms, used_size=15460352 bytes (37.7%)
(RDMA_READ_CONSUME_CHECK_CONSUMER) timestamp=11135 ms, used_size=15458304 bytes (37.7%)
(RDMA_READ_CONSUME_CHECK_CONSUMER) timestamp=11135 ms, used_size=15456256 bytes (37.7%)
(RDMA_READ_CONSUME_CHECK_CONSUMER) timestamp=11135 ms, used_size=15454208 bytes (37.7%)
(RDMA_READ_CONSUME_CHECK_CONSUMER) timestamp=11135 ms, used_size=15452160 bytes (37.7%)
(RDMA_READ_CONSUME_CHECK_CONSUMER) timestamp=11135 ms, used_size=15450112 bytes (37.7%)
(RDMA_READ_CONSUME_CHECK_CONSUMER) timestamp=11135 ms, used_size=15448064 bytes (37.7%)
(RDMA_READ_CONSUME_CHECK_CONSUMER) timestamp=11135 ms, used_size=15446016 bytes (37.7%)
(RDMA_READ_CONSUME_CHECK_CONSUMER) timestamp=11135 ms, used_size=15443968 bytes (37.7%)
(RDMA_READ_CONSUME_CHECK_CONSUMER) timestamp=11135 ms, used_size=15441920 bytes (37.7%)
(RDMA_READ_CONSUME_CHECK_CONSUMER) timestamp=11135 ms, used_size=15439872 bytes (37.7%)
(RDMA_READ_CONSUME_CHECK_CONSUMER) timestamp=11135 ms, used_size=15437824 bytes (37.7%)
(RDMA_READ_CONSUME_CHECK_CONSUMER) timestamp=11135 ms, used_size=15435776 bytes (37.7%)
(RDMA_READ_CONSUME_CHECK_CONSUMER) timestamp=11135 ms, used_size=15433728 bytes (37.7%)
(RDMA_READ_CONSUME_CHECK_CONSUMER) timestamp=11135 ms, used_size=15431680 bytes (37.7%)
(RDMA_READ_CONSUME_CHECK_CONSUMER) timestamp=11135 ms, used_size=15429632 bytes (37.7%)
(RDMA_READ_CONSUME_CHECK_CONSUMER) timestamp=11135 ms, used_size=15427584 bytes (37.7%)
(RDMA_READ_CONSUME_CHECK_CONSUMER) timestamp=11135 ms, used_size=15425536 bytes (37.7%)
(RDMA_READ_CONSUME_CHECK_CONSUMER) timestamp=11135 ms, used_size=15423488 bytes (37.7%)
(RDMA_READ_CONSUME_CHECK_CONSUMER) timestamp=11135 ms, used_size=15421440 bytes (37.6%)
(RDMA_READ_CONSUME_CHECK_CONSUMER) timestamp=11135 ms, used_size=15419392 bytes (37.6%)
(RDMA_READ_CONSUME_CHECK_CONSUMER) timestamp=11135 ms, used_size=15417344 bytes (37.6%)
(RDMA_READ_CONSUME_CHECK_CONSUMER) timestamp=11135 ms, used_size=15415296 bytes (37.6%)
(RDMA_READ_CONSUME_CHECK_CONSUMER) timestamp=11135 ms, used_size=15413248 bytes (37.6%)
(RDMA_READ_CONSUME_CHECK_CONSUMER) timestamp=11135 ms, used_size=15411200 bytes (37.6%)
(RDMA_READ_CONSUME_CHECK_CONSUMER) timestamp=11135 ms, used_size=15409152 bytes (37.6%)
(RDMA_READ_CONSUME_CHECK_CONSUMER) timestamp=11135 ms, used_size=15407104 bytes (37.6%)
(RDMA_READ_CONSUME_CHECK_CONSUMER) timestamp=11135 ms, used_size=15405056 bytes (37.6%)
(RDMA_READ_CONSUME_CHECK_CONSUMER) timestamp=11135 ms, used_size=15403008 bytes (37.6%)
(RDMA_READ_CONSUME_CHECK_CONSUMER) timestamp=11135 ms, used_size=15400960 bytes (37.6%)
(RDMA_READ_CONSUME_CHECK_CONSUMER) timestamp=11135 ms, used_size=15398912 bytes (37.6%)
(RDMA_READ_CONSUME_CHECK_CONSUMER) timestamp=11135 ms, used_size=15396864 bytes (37.6%)
(RDMA_READ_CONSUME_CHECK_CONSUMER) timestamp=11135 ms, used_size=15394816 bytes (37.6%)
(RDMA_READ_CONSUME_CHECK_CONSUMER) timestamp=11135 ms, used_size=15392768 bytes (37.6%)
(RDMA_READ_CONSUME_CHECK_CONSUMER) timestamp=11135 ms, used_size=15390720 bytes (37.6%)
(RDMA_READ_CONSUME_CHECK_CONSUMER) timestamp=11135 ms, used_size=15388672 bytes (37.6%)
(RDMA_READ_CONSUME_CHECK_CONSUMER) timestamp=11135 ms, used_size=15386624 bytes (37.6%)
(RDMA_READ_CONSUME_CHECK_CONSUMER) timestamp=11135 ms, used_size=15384576 bytes (37.6%)
(RDMA_READ_CONSUME_CHECK_CONSUMER) timestamp=11135 ms, used_size=15382528 bytes (37.6%)
(RDMA_READ_CONSUME_CHECK_CONSUMER) timestamp=11135 ms, used_size=15380480 bytes (37.5%)
(RDMA_READ_CONSUME_CHECK_CONSUMER) timestamp=11135 ms, used_size=15378432 bytes (37.5%)
(RDMA_READ_CONSUME_CHECK_CONSUMER) timestamp=11135 ms, used_size=15376384 bytes (37.5%)
(RDMA_READ_CONSUME_CHECK_CONSUMER) timestamp=11135 ms, used_size=15374336 bytes (37.5%)
(RDMA_READ_CONSUME_CHECK_CONSUMER) timestamp=11135 ms, used_size=15372288 bytes (37.5%)
(RDMA_READ_CONSUME_CHECK_CONSUMER) timestamp=11135 ms, used_size=15370240 bytes (37.5%)
(RDMA_READ_CONSUME_CHECK_CONSUMER) timestamp=11135 ms, used_size=15368192 bytes (37.5%)
(RDMA_READ_CONSUME_CHECK_CONSUMER) timestamp=11135 ms, used_size=15366144 bytes (37.5%)
(RDMA_READ_CONSUME_CHECK_CONSUMER) timestamp=11135 ms, used_size=15364096 bytes (37.5%)
(RDMA_READ_CONSUME_CHECK_CONSUMER) timestamp=11135 ms, used_size=15362048 bytes (37.5%)
(RDMA_READ_CONSUME_CHECK_CONSUMER) timestamp=11135 ms, used_size=15360000 bytes (37.5%)
(RDMA_READ_CONSUME_CHECK_CONSUMER) timestamp=11135 ms, used_size=15357952 bytes (37.5%)
(RDMA_READ_CONSUME_CHECK_CONSUMER) timestamp=11135 ms, used_size=15355904 bytes (37.5%)
(RDMA_READ_CONSUME_CHECK_CONSUMER) timestamp=11135 ms, used_size=15353856 bytes (37.5%)
(RDMA_READ_CONSUME_CHECK_CONSUMER) timestamp=11135 ms, used_size=15351808 bytes (37.5%)
(RDMA_READ_CONSUME_CHECK_CONSUMER) timestamp=11135 ms, used_size=15349760 bytes (37.5%)
(RDMA_READ_CONSUME_CHECK_CONSUMER) timestamp=11135 ms, used_size=15347712 bytes (37.5%)
(RDMA_READ_CONSUME_CHECK_CONSUMER) timestamp=11135 ms, used_size=15345664 bytes (37.5%)
(RDMA_READ_CONSUME_CHECK_CONSUMER) timestamp=11135 ms, used_size=15343616 bytes (37.5%)
(RDMA_READ_CONSUME_CHECK_CONSUMER) timestamp=11135 ms, used_size=15341568 bytes (37.5%)
(RDMA_READ_CONSUME_CHECK_CONSUMER) timestamp=11135 ms, used_size=15339520 bytes (37.5%)
(RDMA_READ_CONSUME_CHECK_CONSUMER) timestamp=11135 ms, used_size=15337472 bytes (37.4%)
(RDMA_READ_CONSUME_CHECK_CONSUMER) timestamp=11135 ms, used_size=15335424 bytes (37.4%)
(RDMA_READ_CONSUME_CHECK_CONSUMER) timestamp=11135 ms, used_size=15333376 bytes (37.4%)
(RDMA_READ_CONSUME_CHECK_CONSUMER) timestamp=11135 ms, used_size=15331328 bytes (37.4%)
(RDMA_READ_CONSUME_CHECK_CONSUMER) timestamp=11135 ms, used_size=15329280 bytes (37.4%)
(RDMA_READ_CONSUME_CHECK_CONSUMER) timestamp=11135 ms, used_size=15327232 bytes (37.4%)
(RDMA_READ_CONSUME_CHECK_CONSUMER) timestamp=11135 ms, used_size=15325184 bytes (37.4%)
(RDMA_READ_CONSUME_CHECK_CONSUMER) timestamp=11135 ms, used_size=15323136 bytes (37.4%)
(RDMA_READ_CONSUME_CHECK_CONSUMER) timestamp=11135 ms, used_size=15321088 bytes (37.4%)
(RDMA_READ_CONSUME_CHECK_CONSUMER) timestamp=11135 ms, used_size=15319040 bytes (37.4%)
(RDMA_READ_CONSUME_CHECK_CONSUMER) timestamp=11135 ms, used_size=15316992 bytes (37.4%)
(RDMA_READ_CONSUME_CHECK_CONSUMER) timestamp=11135 ms, used_size=15314944 bytes (37.4%)
(RDMA_READ_CONSUME_CHECK_CONSUMER) timestamp=11135 ms, used_size=15312896 bytes (37.4%)
(RDMA_READ_CONSUME_CHECK_CONSUMER) timestamp=11135 ms, used_size=15310848 bytes (37.4%)
(RDMA_READ_CONSUME_CHECK_CONSUMER) timestamp=11135 ms, used_size=15308800 bytes (37.4%)
(RDMA_READ_CONSUME_CHECK_CONSUMER) timestamp=11135 ms, used_size=15306752 bytes (37.4%)
(RDMA_READ_CONSUME_CHECK_CONSUMER) timestamp=11135 ms, used_size=15304704 bytes (37.4%)
(RDMA_READ_CONSUME_CHECK_CONSUMER) timestamp=11135 ms, used_size=15302656 bytes (37.4%)
(RDMA_READ_CONSUME_CHECK_CONSUMER) timestamp=11135 ms, used_size=15300608 bytes (37.4%)
(RDMA_READ_CONSUME_CHECK_CONSUMER) timestamp=11135 ms, used_size=15298560 bytes (37.4%)
(RDMA_READ_CONSUME_CHECK_CONSUMER) timestamp=11135 ms, used_size=15296512 bytes (37.3%)
(RDMA_READ_CONSUME_CHECK_CONSUMER) timestamp=11135 ms, used_size=15294464 bytes (37.3%)
(RDMA_READ_CONSUME_CHECK_CONSUMER) timestamp=11135 ms, used_size=15292416 bytes (37.3%)
(RDMA_READ_CONSUME_CHECK_CONSUMER) timestamp=11135 ms, used_size=15290368 bytes (37.3%)
(RDMA_READ_CONSUME_CHECK_CONSUMER) timestamp=11135 ms, used_size=15288320 bytes (37.3%)
(RDMA_READ_CONSUME_CHECK_CONSUMER) timestamp=11135 ms, used_size=15286272 bytes (37.3%)
(RDMA_READ_CONSUME_CHECK_CONSUMER) timestamp=11135 ms, used_size=15284224 bytes (37.3%)
(RDMA_READ_CONSUME_CHECK_CONSUMER) timestamp=11135 ms, used_size=15282176 bytes (37.3%)
(RDMA_READ_CONSUME_CHECK_CONSUMER) timestamp=11135 ms, used_size=15280128 bytes (37.3%)
(RDMA_READ_CONSUME_CHECK_CONSUMER) timestamp=11135 ms, used_size=15278080 bytes (37.3%)
(RDMA_READ_CONSUME_CHECK_CONSUMER) timestamp=11135 ms, used_size=15276032 bytes (37.3%)
(RDMA_READ_CONSUME_CHECK_CONSUMER) timestamp=11135 ms, used_size=15273984 bytes (37.3%)
(RDMA_READ_CONSUME_CHECK_CONSUMER) timestamp=11135 ms, used_size=15271936 bytes (37.3%)
(RDMA_READ_CONSUME_CHECK_CONSUMER) timestamp=11135 ms, used_size=15269888 bytes (37.3%)
(RDMA_READ_CONSUME_CHECK_CONSUMER) timestamp=11135 ms, used_size=15267840 bytes (37.3%)
(RDMA_READ_CONSUME_CHECK_CONSUMER) timestamp=11135 ms, used_size=15265792 bytes (37.3%)
(RDMA_READ_CONSUME_CHECK_CONSUMER) timestamp=11135 ms, used_size=15263744 bytes (37.3%)
(RDMA_READ_CONSUME_CHECK_CONSUMER) timestamp=11135 ms, used_size=15261696 bytes (37.3%)
(RDMA_READ_CONSUME_CHECK_CONSUMER) timestamp=11135 ms, used_size=15259648 bytes (37.3%)
(RDMA_READ_CONSUME_CHECK_CONSUMER) timestamp=11135 ms, used_size=15257600 bytes (37.2%)
(RDMA_READ_CONSUME_CHECK_CONSUMER) timestamp=11135 ms, used_size=15255552 bytes (37.2%)
(RDMA_READ_CONSUME_CHECK_CONSUMER) timestamp=11135 ms, used_size=15253504 bytes (37.2%)
(RDMA_READ_CONSUME_CHECK_CONSUMER) timestamp=11135 ms, used_size=15251456 bytes (37.2%)
(RDMA_READ_CONSUME_CHECK_CONSUMER) timestamp=11135 ms, used_size=15249408 bytes (37.2%)
(RDMA_READ_CONSUME_CHECK_CONSUMER) timestamp=11135 ms, used_size=15247360 bytes (37.2%)
(RDMA_READ_CONSUME_CHECK_CONSUMER) timestamp=11135 ms, used_size=15245312 bytes (37.2%)
(RDMA_READ_CONSUME_CHECK_CONSUMER) timestamp=11135 ms, used_size=15243264 bytes (37.2%)
(RDMA_READ_CONSUME_CHECK_CONSUMER) timestamp=11135 ms, used_size=15241216 bytes (37.2%)
(RDMA_READ_CONSUME_CHECK_CONSUMER) timestamp=11135 ms, used_size=15239168 bytes (37.2%)
(RDMA_READ_CONSUME_CHECK_CONSUMER) timestamp=11135 ms, used_size=15237120 bytes (37.2%)
(RDMA_READ_CONSUME_CHECK_CONSUMER) timestamp=11135 ms, used_size=15235072 bytes (37.2%)
(RDMA_READ_CONSUME_CHECK_CONSUMER) timestamp=11135 ms, used_size=15233024 bytes (37.2%)
(RDMA_READ_CONSUME_CHECK_CONSUMER) timestamp=11135 ms, used_size=15230976 bytes (37.2%)
(RDMA_READ_CONSUME_CHECK_CONSUMER) timestamp=11135 ms, used_size=15228928 bytes (37.2%)
(RDMA_READ_CONSUME_CHECK_CONSUMER) timestamp=11135 ms, used_size=15226880 bytes (37.2%)
(RDMA_READ_CONSUME_CHECK_CONSUMER) timestamp=11135 ms, used_size=15224832 bytes (37.2%)
(RDMA_READ_CONSUME_CHECK_CONSUMER) timestamp=11135 ms, used_size=15222784 bytes (37.2%)
(RDMA_READ_CONSUME_CHECK_CONSUMER) timestamp=11135 ms, used_size=15220736 bytes (37.2%)
(RDMA_READ_CONSUME_CHECK_CONSUMER) timestamp=11135 ms, used_size=15218688 bytes (37.2%)
(RDMA_READ_CONSUME_CHECK_CONSUMER) timestamp=11135 ms, used_size=15216640 bytes (37.1%)
(RDMA_READ_CONSUME_CHECK_CONSUMER) timestamp=11135 ms, used_size=15214592 bytes (37.1%)
(RDMA_READ_CONSUME_CHECK_CONSUMER) timestamp=11135 ms, used_size=15212544 bytes (37.1%)
(RDMA_READ_CONSUME_CHECK_CONSUMER) timestamp=11135 ms, used_size=15210496 bytes (37.1%)
(RDMA_READ_CONSUME_CHECK_CONSUMER) timestamp=11135 ms, used_size=15208448 bytes (37.1%)
(RDMA_READ_CONSUME_CHECK_CONSUMER) timestamp=11135 ms, used_size=15206400 bytes (37.1%)
(RDMA_READ_CONSUME_CHECK_CONSUMER) timestamp=11136 ms, used_size=15204352 bytes (37.1%)
(RDMA_READ_CONSUME_CHECK_CONSUMER) timestamp=11136 ms, used_size=15202304 bytes (37.1%)
(RDMA_READ_CONSUME_CHECK_CONSUMER) timestamp=11136 ms, used_size=15200256 bytes (37.1%)
(RDMA_READ_CONSUME_CHECK_CONSUMER) timestamp=11136 ms, used_size=15198208 bytes (37.1%)
(RDMA_READ_CONSUME_CHECK_CONSUMER) timestamp=11136 ms, used_size=15196160 bytes (37.1%)
(RDMA_READ_CONSUME_CHECK_CONSUMER) timestamp=11136 ms, used_size=15194112 bytes (37.1%)
(RDMA_READ_CONSUME_CHECK_CONSUMER) timestamp=11136 ms, used_size=15192064 bytes (37.1%)
(RDMA_READ_CONSUME_CHECK_CONSUMER) timestamp=11136 ms, used_size=15190016 bytes (37.1%)
(RDMA_READ_CONSUME_CHECK_CONSUMER) timestamp=11136 ms, used_size=15187968 bytes (37.1%)
(RDMA_READ_CONSUME_CHECK_CONSUMER) timestamp=11136 ms, used_size=15185920 bytes (37.1%)
(RDMA_READ_CONSUME_CHECK_CONSUMER) timestamp=11136 ms, used_size=15183872 bytes (37.1%)
(RDMA_READ_CONSUME_CHECK_CONSUMER) timestamp=11136 ms, used_size=15181824 bytes (37.1%)
(RDMA_READ_CONSUME_CHECK_CONSUMER) timestamp=11136 ms, used_size=15179776 bytes (37.1%)
(RDMA_READ_CONSUME_CHECK_CONSUMER) timestamp=11136 ms, used_size=15177728 bytes (37.1%)
(RDMA_READ_CONSUME_CHECK_CONSUMER) timestamp=11136 ms, used_size=15175680 bytes (37.0%)
(RDMA_READ_CONSUME_CHECK_CONSUMER) timestamp=11136 ms, used_size=15173632 bytes (37.0%)
(RDMA_READ_CONSUME_CHECK_CONSUMER) timestamp=11136 ms, used_size=15171584 bytes (37.0%)
(RDMA_READ_CONSUME_CHECK_CONSUMER) timestamp=11136 ms, used_size=15169536 bytes (37.0%)
(RDMA_READ_CONSUME_CHECK_CONSUMER) timestamp=11136 ms, used_size=15167488 bytes (37.0%)
(RDMA_READ_CONSUME_CHECK_CONSUMER) timestamp=11136 ms, used_size=15165440 bytes (37.0%)
(RDMA_READ_CONSUME_CHECK_CONSUMER) timestamp=11136 ms, used_size=15163392 bytes (37.0%)
(RDMA_READ_CONSUME_CHECK_CONSUMER) timestamp=11136 ms, used_size=15161344 bytes (37.0%)
(RDMA_READ_CONSUME_CHECK_CONSUMER) timestamp=11136 ms, used_size=15159296 bytes (37.0%)
(RDMA_READ_CONSUME_CHECK_CONSUMER) timestamp=11136 ms, used_size=15157248 bytes (37.0%)
(RDMA_READ_CONSUME_CHECK_CONSUMER) timestamp=11136 ms, used_size=15155200 bytes (37.0%)
(RDMA_READ_CONSUME_CHECK_CONSUMER) timestamp=11136 ms, used_size=15153152 bytes (37.0%)
(RDMA_READ_CONSUME_CHECK_CONSUMER) timestamp=11136 ms, used_size=15151104 bytes (37.0%)
(RDMA_READ_CONSUME_CHECK_CONSUMER) timestamp=11136 ms, used_size=15149056 bytes (37.0%)
(RDMA_READ_CONSUME_CHECK_CONSUMER) timestamp=11136 ms, used_size=15147008 bytes (37.0%)
(RDMA_READ_CONSUME_CHECK_CONSUMER) timestamp=11136 ms, used_size=15144960 bytes (37.0%)
(RDMA_READ_CONSUME_CHECK_CONSUMER) timestamp=11136 ms, used_size=15142912 bytes (37.0%)
(RDMA_READ_CONSUME_CHECK_CONSUMER) timestamp=11136 ms, used_size=15140864 bytes (37.0%)
(RDMA_READ_CONSUME_CHECK_CONSUMER) timestamp=11136 ms, used_size=15138816 bytes (37.0%)
(RDMA_READ_CONSUME_CHECK_CONSUMER) timestamp=11136 ms, used_size=15136768 bytes (37.0%)
(RDMA_READ_CONSUME_CHECK_CONSUMER) timestamp=11136 ms, used_size=15134720 bytes (37.0%)
(RDMA_READ_CONSUME_CHECK_CONSUMER) timestamp=11136 ms, used_size=15132672 bytes (36.9%)
(RDMA_READ_CONSUME_CHECK_CONSUMER) timestamp=11136 ms, used_size=15130624 bytes (36.9%)
(RDMA_READ_CONSUME_CHECK_CONSUMER) timestamp=11136 ms, used_size=15128576 bytes (36.9%)
(RDMA_READ_CONSUME_CHECK_CONSUMER) timestamp=11136 ms, used_size=15126528 bytes (36.9%)
(RDMA_READ_CONSUME_CHECK_CONSUMER) timestamp=11136 ms, used_size=15124480 bytes (36.9%)
(RDMA_READ_CONSUME_CHECK_CONSUMER) timestamp=11136 ms, used_size=15122432 bytes (36.9%)
(RDMA_READ_CONSUME_CHECK_CONSUMER) timestamp=11136 ms, used_size=15120384 bytes (36.9%)
(RDMA_READ_CONSUME_CHECK_CONSUMER) timestamp=11136 ms, used_size=15118336 bytes (36.9%)
(RDMA_READ_CONSUME_CHECK_CONSUMER) timestamp=11136 ms, used_size=15116288 bytes (36.9%)
(RDMA_READ_CONSUME_CHECK_CONSUMER) timestamp=11136 ms, used_size=15114240 bytes (36.9%)
(RDMA_READ_CONSUME_CHECK_CONSUMER) timestamp=11136 ms, used_size=15112192 bytes (36.9%)
(RDMA_READ_CONSUME_CHECK_CONSUMER) timestamp=11136 ms, used_size=15110144 bytes (36.9%)
(RDMA_READ_CONSUME_CHECK_CONSUMER) timestamp=11136 ms, used_size=15108096 bytes (36.9%)
(RDMA_READ_CONSUME_CHECK_CONSUMER) timestamp=11136 ms, used_size=15106048 bytes (36.9%)
(RDMA_READ_CONSUME_CHECK_CONSUMER) timestamp=11136 ms, used_size=15104000 bytes (36.9%)
(RDMA_READ_CONSUME_CHECK_CONSUMER) timestamp=11136 ms, used_size=15101952 bytes (36.9%)
(RDMA_READ_CONSUME_CHECK_CONSUMER) timestamp=11136 ms, used_size=15099904 bytes (36.9%)
(RDMA_READ_CONSUME_CHECK_CONSUMER) timestamp=11136 ms, used_size=15097856 bytes (36.9%)
(RDMA_READ_CONSUME_CHECK_CONSUMER) timestamp=11136 ms, used_size=15095808 bytes (36.9%)
(RDMA_READ_CONSUME_CHECK_CONSUMER) timestamp=11136 ms, used_size=15093760 bytes (36.9%)
(RDMA_READ_CONSUME_CHECK_CONSUMER) timestamp=11136 ms, used_size=15091712 bytes (36.8%)
(RDMA_READ_CONSUME_CHECK_CONSUMER) timestamp=11136 ms, used_size=15089664 bytes (36.8%)
(RDMA_READ_CONSUME_CHECK_CONSUMER) timestamp=11136 ms, used_size=15087616 bytes (36.8%)
(RDMA_READ_CONSUME_CHECK_CONSUMER) timestamp=11136 ms, used_size=15085568 bytes (36.8%)
(RDMA_READ_CONSUME_CHECK_CONSUMER) timestamp=11136 ms, used_size=15083520 bytes (36.8%)
(RDMA_READ_CONSUME_CHECK_CONSUMER) timestamp=11136 ms, used_size=15081472 bytes (36.8%)
(RDMA_READ_CONSUME_CHECK_CONSUMER) timestamp=11136 ms, used_size=15079424 bytes (36.8%)
(RDMA_READ_CONSUME_CHECK_CONSUMER) timestamp=11136 ms, used_size=15077376 bytes (36.8%)
(RDMA_READ_CONSUME_CHECK_CONSUMER) timestamp=11136 ms, used_size=15075328 bytes (36.8%)
(RDMA_READ_CONSUME_CHECK_CONSUMER) timestamp=11136 ms, used_size=15073280 bytes (36.8%)
(RDMA_READ_CONSUME_CHECK_CONSUMER) timestamp=11136 ms, used_size=15071232 bytes (36.8%)
(RDMA_READ_CONSUME_CHECK_CONSUMER) timestamp=11136 ms, used_size=15069184 bytes (36.8%)
(RDMA_READ_CONSUME_CHECK_CONSUMER) timestamp=11136 ms, used_size=15067136 bytes (36.8%)
(RDMA_READ_CONSUME_CHECK_CONSUMER) timestamp=11136 ms, used_size=15065088 bytes (36.8%)
(RDMA_READ_CONSUME_CHECK_CONSUMER) timestamp=11136 ms, used_size=15063040 bytes (36.8%)
(RDMA_READ_CONSUME_CHECK_CONSUMER) timestamp=11136 ms, used_size=15060992 bytes (36.8%)
(RDMA_READ_CONSUME_CHECK_CONSUMER) timestamp=11136 ms, used_size=15058944 bytes (36.8%)
(RDMA_READ_CONSUME_CHECK_CONSUMER) timestamp=11136 ms, used_size=15056896 bytes (36.8%)
(RDMA_READ_CONSUME_CHECK_CONSUMER) timestamp=11136 ms, used_size=15054848 bytes (36.8%)
(RDMA_READ_CONSUME_CHECK_CONSUMER) timestamp=11136 ms, used_size=15052800 bytes (36.8%)
(RDMA_READ_CONSUME_CHECK_CONSUMER) timestamp=11136 ms, used_size=15050752 bytes (36.7%)
(RDMA_READ_CONSUME_CHECK_CONSUMER) timestamp=11136 ms, used_size=15048704 bytes (36.7%)
(RDMA_READ_CONSUME_CHECK_CONSUMER) timestamp=11136 ms, used_size=15046656 bytes (36.7%)
(RDMA_READ_CONSUME_CHECK_CONSUMER) timestamp=11136 ms, used_size=15044608 bytes (36.7%)
(RDMA_READ_CONSUME_CHECK_CONSUMER) timestamp=11136 ms, used_size=15042560 bytes (36.7%)
(RDMA_READ_CONSUME_CHECK_CONSUMER) timestamp=11136 ms, used_size=15040512 bytes (36.7%)
(RDMA_READ_CONSUME_CHECK_CONSUMER) timestamp=11136 ms, used_size=15038464 bytes (36.7%)
(RDMA_READ_CONSUME_CHECK_CONSUMER) timestamp=11136 ms, used_size=15036416 bytes (36.7%)
(RDMA_READ_CONSUME_CHECK_CONSUMER) timestamp=11136 ms, used_size=15034368 bytes (36.7%)
(RDMA_READ_CONSUME_CHECK_CONSUMER) timestamp=11136 ms, used_size=15032320 bytes (36.7%)
(RDMA_READ_CONSUME_CHECK_CONSUMER) timestamp=11136 ms, used_size=15030272 bytes (36.7%)
(RDMA_READ_CONSUME_CHECK_CONSUMER) timestamp=11136 ms, used_size=15028224 bytes (36.7%)
(RDMA_READ_CONSUME_CHECK_CONSUMER) timestamp=11136 ms, used_size=15026176 bytes (36.7%)
(RDMA_READ_CONSUME_CHECK_CONSUMER) timestamp=11136 ms, used_size=15024128 bytes (36.7%)
(RDMA_READ_CONSUME_CHECK_CONSUMER) timestamp=11136 ms, used_size=15022080 bytes (36.7%)
(RDMA_READ_CONSUME_CHECK_CONSUMER) timestamp=11136 ms, used_size=15020032 bytes (36.7%)
(RDMA_READ_CONSUME_CHECK_CONSUMER) timestamp=11136 ms, used_size=15017984 bytes (36.7%)
(RDMA_READ_CONSUME_CHECK_CONSUMER) timestamp=11136 ms, used_size=15015936 bytes (36.7%)
(RDMA_READ_CONSUME_CHECK_CONSUMER) timestamp=11136 ms, used_size=15013888 bytes (36.7%)
(RDMA_READ_CONSUME_CHECK_CONSUMER) timestamp=11136 ms, used_size=15011840 bytes (36.6%)
(RDMA_READ_CONSUME_CHECK_CONSUMER) timestamp=11136 ms, used_size=15009792 bytes (36.6%)
(RDMA_READ_CONSUME_CHECK_CONSUMER) timestamp=11136 ms, used_size=15007744 bytes (36.6%)
(RDMA_READ_CONSUME_CHECK_CONSUMER) timestamp=11136 ms, used_size=15005696 bytes (36.6%)
(RDMA_READ_CONSUME_CHECK_CONSUMER) timestamp=11136 ms, used_size=15003648 bytes (36.6%)
(RDMA_READ_CONSUME_CHECK_CONSUMER) timestamp=11136 ms, used_size=15001600 bytes (36.6%)
(RDMA_READ_CONSUME_CHECK_CONSUMER) timestamp=11136 ms, used_size=14999552 bytes (36.6%)
(RDMA_READ_CONSUME_CHECK_CONSUMER) timestamp=11136 ms, used_size=14997504 bytes (36.6%)
(RDMA_READ_CONSUME_CHECK_CONSUMER) timestamp=11136 ms, used_size=14995456 bytes (36.6%)
(RDMA_READ_CONSUME_CHECK_CONSUMER) timestamp=11136 ms, used_size=14993408 bytes (36.6%)
(RDMA_READ_CONSUME_CHECK_CONSUMER) timestamp=11136 ms, used_size=14991360 bytes (36.6%)
(RDMA_READ_CONSUME_CHECK_CONSUMER) timestamp=11136 ms, used_size=14989312 bytes (36.6%)
(RDMA_READ_CONSUME_CHECK_CONSUMER) timestamp=11136 ms, used_size=14987264 bytes (36.6%)
(RDMA_READ_CONSUME_CHECK_CONSUMER) timestamp=11136 ms, used_size=14985216 bytes (36.6%)
(RDMA_READ_CONSUME_CHECK_CONSUMER) timestamp=11136 ms, used_size=14983168 bytes (36.6%)
(RDMA_READ_CONSUME_CHECK_CONSUMER) timestamp=11136 ms, used_size=14981120 bytes (36.6%)
(RDMA_READ_CONSUME_CHECK_CONSUMER) timestamp=11136 ms, used_size=14979072 bytes (36.6%)
(RDMA_READ_CONSUME_CHECK_CONSUMER) timestamp=11136 ms, used_size=14977024 bytes (36.6%)
(RDMA_READ_CONSUME_CHECK_CONSUMER) timestamp=11136 ms, used_size=14974976 bytes (36.6%)
(RDMA_READ_CONSUME_CHECK_CONSUMER) timestamp=11136 ms, used_size=14972928 bytes (36.6%)
(RDMA_READ_CONSUME_CHECK_CONSUMER) timestamp=11136 ms, used_size=14970880 bytes (36.5%)
(RDMA_READ_CONSUME_CHECK_CONSUMER) timestamp=11136 ms, used_size=14968832 bytes (36.5%)
(RDMA_READ_CONSUME_CHECK_CONSUMER) timestamp=11136 ms, used_size=14966784 bytes (36.5%)
(RDMA_READ_CONSUME_CHECK_CONSUMER) timestamp=11136 ms, used_size=14964736 bytes (36.5%)
(RDMA_READ_CONSUME_CHECK_CONSUMER) timestamp=11136 ms, used_size=14962688 bytes (36.5%)
(RDMA_READ_CONSUME_CHECK_CONSUMER) timestamp=11136 ms, used_size=14960640 bytes (36.5%)
(RDMA_READ_CONSUME_CHECK_CONSUMER) timestamp=11136 ms, used_size=14958592 bytes (36.5%)
(RDMA_READ_CONSUME_CHECK_CONSUMER) timestamp=11136 ms, used_size=14956544 bytes (36.5%)
(RDMA_READ_CONSUME_CHECK_CONSUMER) timestamp=11136 ms, used_size=14954496 bytes (36.5%)
(RDMA_READ_CONSUME_CHECK_CONSUMER) timestamp=11136 ms, used_size=14952448 bytes (36.5%)
(RDMA_READ_CONSUME_CHECK_CONSUMER) timestamp=11136 ms, used_size=14950400 bytes (36.5%)
(RDMA_READ_CONSUME_CHECK_CONSUMER) timestamp=11136 ms, used_size=14948352 bytes (36.5%)
(RDMA_READ_CONSUME_CHECK_CONSUMER) timestamp=11136 ms, used_size=14946304 bytes (36.5%)
(RDMA_READ_CONSUME_CHECK_CONSUMER) timestamp=11136 ms, used_size=14944256 bytes (36.5%)
(RDMA_READ_CONSUME_CHECK_CONSUMER) timestamp=11136 ms, used_size=14942208 bytes (36.5%)
(RDMA_READ_CONSUME_CHECK_CONSUMER) timestamp=11136 ms, used_size=14940160 bytes (36.5%)
(RDMA_READ_CONSUME_CHECK_CONSUMER) timestamp=11136 ms, used_size=14938112 bytes (36.5%)
(RDMA_READ_CONSUME_CHECK_CONSUMER) timestamp=11136 ms, used_size=14936064 bytes (36.5%)
(RDMA_READ_CONSUME_CHECK_CONSUMER) timestamp=11136 ms, used_size=14934016 bytes (36.5%)
(RDMA_READ_CONSUME_CHECK_CONSUMER) timestamp=11136 ms, used_size=14931968 bytes (36.5%)
(RDMA_READ_CONSUME_CHECK_CONSUMER) timestamp=11136 ms, used_size=14929920 bytes (36.5%)
(RDMA_READ_CONSUME_CHECK_CONSUMER) timestamp=11136 ms, used_size=14927872 bytes (36.4%)
(RDMA_READ_CONSUME_CHECK_CONSUMER) timestamp=11136 ms, used_size=14925824 bytes (36.4%)
(RDMA_READ_CONSUME_CHECK_CONSUMER) timestamp=11136 ms, used_size=14923776 bytes (36.4%)
(RDMA_READ_CONSUME_CHECK_CONSUMER) timestamp=11136 ms, used_size=14921728 bytes (36.4%)
(RDMA_READ_CONSUME_CHECK_CONSUMER) timestamp=11136 ms, used_size=14919680 bytes (36.4%)
(RDMA_READ_CONSUME_CHECK_CONSUMER) timestamp=11136 ms, used_size=14917632 bytes (36.4%)
(RDMA_READ_CONSUME_CHECK_CONSUMER) timestamp=11136 ms, used_size=14915584 bytes (36.4%)
(RDMA_READ_CONSUME_CHECK_CONSUMER) timestamp=11136 ms, used_size=14913536 bytes (36.4%)
(RDMA_READ_CONSUME_CHECK_CONSUMER) timestamp=11136 ms, used_size=14911488 bytes (36.4%)
(RDMA_READ_CONSUME_CHECK_CONSUMER) timestamp=11136 ms, used_size=14909440 bytes (36.4%)
(RDMA_READ_CONSUME_CHECK_CONSUMER) timestamp=11136 ms, used_size=14907392 bytes (36.4%)
(RDMA_READ_CONSUME_CHECK_CONSUMER) timestamp=11136 ms, used_size=14905344 bytes (36.4%)
(RDMA_READ_CONSUME_CHECK_CONSUMER) timestamp=11136 ms, used_size=14903296 bytes (36.4%)
(RDMA_READ_CONSUME_CHECK_CONSUMER) timestamp=11136 ms, used_size=14901248 bytes (36.4%)
(RDMA_READ_CONSUME_CHECK_CONSUMER) timestamp=11136 ms, used_size=14899200 bytes (36.4%)
(RDMA_READ_CONSUME_CHECK_CONSUMER) timestamp=11136 ms, used_size=14897152 bytes (36.4%)
(RDMA_READ_CONSUME_CHECK_CONSUMER) timestamp=11136 ms, used_size=14895104 bytes (36.4%)
(RDMA_READ_CONSUME_CHECK_CONSUMER) timestamp=11136 ms, used_size=14893056 bytes (36.4%)
(RDMA_READ_CONSUME_CHECK_CONSUMER) timestamp=11136 ms, used_size=14891008 bytes (36.4%)
(RDMA_READ_CONSUME_CHECK_CONSUMER) timestamp=11136 ms, used_size=14888960 bytes (36.4%)
(RDMA_READ_CONSUME_CHECK_CONSUMER) timestamp=11136 ms, used_size=14886912 bytes (36.3%)
(RDMA_READ_CONSUME_CHECK_CONSUMER) timestamp=11136 ms, used_size=14884864 bytes (36.3%)
(RDMA_READ_CONSUME_CHECK_CONSUMER) timestamp=11136 ms, used_size=14882816 bytes (36.3%)
(RDMA_READ_CONSUME_CHECK_CONSUMER) timestamp=11136 ms, used_size=14880768 bytes (36.3%)
(RDMA_READ_CONSUME_CHECK_CONSUMER) timestamp=11136 ms, used_size=14878720 bytes (36.3%)
(RDMA_READ_CONSUME_CHECK_CONSUMER) timestamp=11136 ms, used_size=14876672 bytes (36.3%)
(RDMA_READ_CONSUME_CHECK_CONSUMER) timestamp=11136 ms, used_size=14874624 bytes (36.3%)
(RDMA_READ_CONSUME_CHECK_CONSUMER) timestamp=11136 ms, used_size=14872576 bytes (36.3%)
(RDMA_READ_CONSUME_CHECK_CONSUMER) timestamp=11136 ms, used_size=14870528 bytes (36.3%)
(RDMA_READ_CONSUME_CHECK_CONSUMER) timestamp=11136 ms, used_size=14868480 bytes (36.3%)
(RDMA_READ_CONSUME_CHECK_CONSUMER) timestamp=11136 ms, used_size=14866432 bytes (36.3%)
(RDMA_READ_CONSUME_CHECK_CONSUMER) timestamp=11136 ms, used_size=14864384 bytes (36.3%)
(RDMA_READ_CONSUME_CHECK_CONSUMER) timestamp=11136 ms, used_size=14862336 bytes (36.3%)
(RDMA_READ_CONSUME_CHECK_CONSUMER) timestamp=11136 ms, used_size=14860288 bytes (36.3%)
(RDMA_READ_CONSUME_CHECK_CONSUMER) timestamp=11136 ms, used_size=14858240 bytes (36.3%)
(RDMA_READ_CONSUME_CHECK_CONSUMER) timestamp=11136 ms, used_size=14856192 bytes (36.3%)
(RDMA_READ_CONSUME_CHECK_CONSUMER) timestamp=11136 ms, used_size=14854144 bytes (36.3%)
(RDMA_READ_CONSUME_CHECK_CONSUMER) timestamp=11136 ms, used_size=14852096 bytes (36.3%)
(RDMA_READ_CONSUME_CHECK_CONSUMER) timestamp=11136 ms, used_size=14850048 bytes (36.3%)
(RDMA_READ_CONSUME_CHECK_CONSUMER) timestamp=11136 ms, used_size=14848000 bytes (36.2%)
(RDMA_READ_CONSUME_CHECK_CONSUMER) timestamp=11137 ms, used_size=14845952 bytes (36.2%)
(RDMA_READ_CONSUME_CHECK_CONSUMER) timestamp=11137 ms, used_size=14843904 bytes (36.2%)
(RDMA_READ_CONSUME_CHECK_CONSUMER) timestamp=11137 ms, used_size=14841856 bytes (36.2%)
(RDMA_READ_CONSUME_CHECK_CONSUMER) timestamp=11137 ms, used_size=14839808 bytes (36.2%)
(RDMA_READ_CONSUME_CHECK_CONSUMER) timestamp=11137 ms, used_size=14837760 bytes (36.2%)
(RDMA_READ_CONSUME_CHECK_CONSUMER) timestamp=11137 ms, used_size=14835712 bytes (36.2%)
(RDMA_READ_CONSUME_CHECK_CONSUMER) timestamp=11137 ms, used_size=14833664 bytes (36.2%)
(RDMA_READ_CONSUME_CHECK_CONSUMER) timestamp=11137 ms, used_size=14831616 bytes (36.2%)
(RDMA_READ_CONSUME_CHECK_CONSUMER) timestamp=11137 ms, used_size=14829568 bytes (36.2%)
(RDMA_READ_CONSUME_CHECK_CONSUMER) timestamp=11137 ms, used_size=14827520 bytes (36.2%)
(RDMA_READ_CONSUME_CHECK_CONSUMER) timestamp=11137 ms, used_size=14825472 bytes (36.2%)
(RDMA_READ_CONSUME_CHECK_CONSUMER) timestamp=11137 ms, used_size=14823424 bytes (36.2%)
(RDMA_READ_CONSUME_CHECK_CONSUMER) timestamp=11137 ms, used_size=14821376 bytes (36.2%)
(RDMA_READ_CONSUME_CHECK_CONSUMER) timestamp=11137 ms, used_size=14819328 bytes (36.2%)
(RDMA_READ_CONSUME_CHECK_CONSUMER) timestamp=11137 ms, used_size=14817280 bytes (36.2%)
(RDMA_READ_CONSUME_CHECK_CONSUMER) timestamp=11137 ms, used_size=14815232 bytes (36.2%)
(RDMA_READ_CONSUME_CHECK_CONSUMER) timestamp=11137 ms, used_size=14813184 bytes (36.2%)
(RDMA_READ_CONSUME_CHECK_CONSUMER) timestamp=11137 ms, used_size=14811136 bytes (36.2%)
(RDMA_READ_CONSUME_CHECK_CONSUMER) timestamp=11137 ms, used_size=14809088 bytes (36.2%)
(RDMA_READ_CONSUME_CHECK_CONSUMER) timestamp=11137 ms, used_size=14807040 bytes (36.1%)
(RDMA_READ_CONSUME_CHECK_CONSUMER) timestamp=11137 ms, used_size=14804992 bytes (36.1%)
(RDMA_READ_CONSUME_CHECK_CONSUMER) timestamp=11137 ms, used_size=14802944 bytes (36.1%)
(RDMA_READ_CONSUME_CHECK_CONSUMER) timestamp=11137 ms, used_size=14800896 bytes (36.1%)
(RDMA_READ_CONSUME_CHECK_CONSUMER) timestamp=11137 ms, used_size=14798848 bytes (36.1%)
(RDMA_READ_CONSUME_CHECK_CONSUMER) timestamp=11137 ms, used_size=14796800 bytes (36.1%)
(RDMA_READ_CONSUME_CHECK_CONSUMER) timestamp=11137 ms, used_size=14794752 bytes (36.1%)
(RDMA_READ_CONSUME_CHECK_CONSUMER) timestamp=11137 ms, used_size=14792704 bytes (36.1%)
(RDMA_READ_CONSUME_CHECK_CONSUMER) timestamp=11137 ms, used_size=14790656 bytes (36.1%)
(RDMA_READ_CONSUME_CHECK_CONSUMER) timestamp=11137 ms, used_size=14788608 bytes (36.1%)
(RDMA_READ_CONSUME_CHECK_CONSUMER) timestamp=11137 ms, used_size=14786560 bytes (36.1%)
(RDMA_READ_CONSUME_CHECK_CONSUMER) timestamp=11137 ms, used_size=14784512 bytes (36.1%)
(RDMA_READ_CONSUME_CHECK_CONSUMER) timestamp=11137 ms, used_size=14782464 bytes (36.1%)
(RDMA_READ_CONSUME_CHECK_CONSUMER) timestamp=11137 ms, used_size=14780416 bytes (36.1%)
(RDMA_READ_CONSUME_CHECK_CONSUMER) timestamp=11137 ms, used_size=14778368 bytes (36.1%)
(RDMA_READ_CONSUME_CHECK_CONSUMER) timestamp=11137 ms, used_size=14776320 bytes (36.1%)
(RDMA_READ_CONSUME_CHECK_CONSUMER) timestamp=11137 ms, used_size=14774272 bytes (36.1%)
(RDMA_READ_CONSUME_CHECK_CONSUMER) timestamp=11137 ms, used_size=14772224 bytes (36.1%)
(RDMA_READ_CONSUME_CHECK_CONSUMER) timestamp=11137 ms, used_size=14770176 bytes (36.1%)
(RDMA_READ_CONSUME_CHECK_CONSUMER) timestamp=11137 ms, used_size=14768128 bytes (36.1%)
(RDMA_READ_CONSUME_CHECK_CONSUMER) timestamp=11137 ms, used_size=14766080 bytes (36.0%)
(RDMA_READ_CONSUME_CHECK_CONSUMER) timestamp=11137 ms, used_size=14764032 bytes (36.0%)
(RDMA_READ_CONSUME_CHECK_CONSUMER) timestamp=11137 ms, used_size=14761984 bytes (36.0%)
(RDMA_READ_CONSUME_CHECK_CONSUMER) timestamp=11137 ms, used_size=14759936 bytes (36.0%)
(RDMA_READ_CONSUME_CHECK_CONSUMER) timestamp=11137 ms, used_size=14757888 bytes (36.0%)
(RDMA_READ_CONSUME_CHECK_CONSUMER) timestamp=11137 ms, used_size=14755840 bytes (36.0%)
(RDMA_READ_CONSUME_CHECK_CONSUMER) timestamp=11137 ms, used_size=14753792 bytes (36.0%)
(RDMA_READ_CONSUME_CHECK_CONSUMER) timestamp=11137 ms, used_size=14751744 bytes (36.0%)
(RDMA_READ_CONSUME_CHECK_CONSUMER) timestamp=11137 ms, used_size=14749696 bytes (36.0%)
(RDMA_READ_CONSUME_CHECK_CONSUMER) timestamp=11137 ms, used_size=14747648 bytes (36.0%)
(RDMA_READ_CONSUME_CHECK_CONSUMER) timestamp=11137 ms, used_size=14745600 bytes (36.0%)
(RDMA_READ_CONSUME_CHECK_CONSUMER) timestamp=11137 ms, used_size=14743552 bytes (36.0%)
(RDMA_READ_CONSUME_CHECK_CONSUMER) timestamp=11137 ms, used_size=14741504 bytes (36.0%)
(RDMA_READ_CONSUME_CHECK_CONSUMER) timestamp=11137 ms, used_size=14739456 bytes (36.0%)
(RDMA_READ_CONSUME_CHECK_CONSUMER) timestamp=11137 ms, used_size=14737408 bytes (36.0%)
(RDMA_READ_CONSUME_CHECK_CONSUMER) timestamp=11137 ms, used_size=14735360 bytes (36.0%)
(RDMA_READ_CONSUME_CHECK_CONSUMER) timestamp=11137 ms, used_size=14733312 bytes (36.0%)
(RDMA_READ_CONSUME_CHECK_CONSUMER) timestamp=11137 ms, used_size=14731264 bytes (36.0%)
(RDMA_READ_CONSUME_CHECK_CONSUMER) timestamp=11137 ms, used_size=14729216 bytes (36.0%)
(RDMA_READ_CONSUME_CHECK_CONSUMER) timestamp=11137 ms, used_size=14727168 bytes (36.0%)
(RDMA_READ_CONSUME_CHECK_CONSUMER) timestamp=11137 ms, used_size=14725120 bytes (36.0%)
(RDMA_READ_CONSUME_CHECK_CONSUMER) timestamp=11137 ms, used_size=14723072 bytes (35.9%)
(RDMA_READ_CONSUME_CHECK_CONSUMER) timestamp=11137 ms, used_size=14721024 bytes (35.9%)
(RDMA_READ_CONSUME_CHECK_CONSUMER) timestamp=11137 ms, used_size=14718976 bytes (35.9%)
(RDMA_READ_CONSUME_CHECK_CONSUMER) timestamp=11137 ms, used_size=14716928 bytes (35.9%)
(RDMA_READ_CONSUME_CHECK_CONSUMER) timestamp=11137 ms, used_size=14714880 bytes (35.9%)
(RDMA_READ_CONSUME_CHECK_CONSUMER) timestamp=11137 ms, used_size=14712832 bytes (35.9%)
(RDMA_READ_CONSUME_CHECK_CONSUMER) timestamp=11137 ms, used_size=14710784 bytes (35.9%)
(RDMA_READ_CONSUME_CHECK_CONSUMER) timestamp=11137 ms, used_size=14708736 bytes (35.9%)
(RDMA_READ_CONSUME_CHECK_CONSUMER) timestamp=11137 ms, used_size=14706688 bytes (35.9%)
(RDMA_READ_CONSUME_CHECK_CONSUMER) timestamp=11137 ms, used_size=14704640 bytes (35.9%)
(RDMA_READ_CONSUME_CHECK_CONSUMER) timestamp=11137 ms, used_size=14702592 bytes (35.9%)
(RDMA_READ_CONSUME_CHECK_CONSUMER) timestamp=11137 ms, used_size=14700544 bytes (35.9%)
(RDMA_READ_CONSUME_CHECK_CONSUMER) timestamp=11137 ms, used_size=14698496 bytes (35.9%)
(RDMA_READ_CONSUME_CHECK_CONSUMER) timestamp=11137 ms, used_size=14696448 bytes (35.9%)
(RDMA_READ_CONSUME_CHECK_CONSUMER) timestamp=11137 ms, used_size=14694400 bytes (35.9%)
(RDMA_READ_CONSUME_CHECK_CONSUMER) timestamp=11137 ms, used_size=14692352 bytes (35.9%)
(RDMA_READ_CONSUME_CHECK_CONSUMER) timestamp=11137 ms, used_size=14690304 bytes (35.9%)
(RDMA_READ_CONSUME_CHECK_CONSUMER) timestamp=11137 ms, used_size=14688256 bytes (35.9%)
(RDMA_READ_CONSUME_CHECK_CONSUMER) timestamp=11137 ms, used_size=14686208 bytes (35.9%)
(RDMA_READ_CONSUME_CHECK_CONSUMER) timestamp=11137 ms, used_size=14684160 bytes (35.9%)
(RDMA_READ_CONSUME_CHECK_CONSUMER) timestamp=11137 ms, used_size=14682112 bytes (35.8%)
(RDMA_READ_CONSUME_CHECK_CONSUMER) timestamp=11137 ms, used_size=14680064 bytes (35.8%)
(RDMA_READ_CONSUME_CHECK_CONSUMER) timestamp=11137 ms, used_size=14678016 bytes (35.8%)
(RDMA_READ_CONSUME_CHECK_CONSUMER) timestamp=11137 ms, used_size=14675968 bytes (35.8%)
(RDMA_READ_CONSUME_CHECK_CONSUMER) timestamp=11137 ms, used_size=14673920 bytes (35.8%)
(RDMA_READ_CONSUME_CHECK_CONSUMER) timestamp=11137 ms, used_size=14671872 bytes (35.8%)
(RDMA_READ_CONSUME_CHECK_CONSUMER) timestamp=11137 ms, used_size=14669824 bytes (35.8%)
(RDMA_READ_CONSUME_CHECK_CONSUMER) timestamp=11137 ms, used_size=14667776 bytes (35.8%)
(RDMA_READ_CONSUME_CHECK_CONSUMER) timestamp=11137 ms, used_size=14665728 bytes (35.8%)
(RDMA_READ_CONSUME_CHECK_CONSUMER) timestamp=11137 ms, used_size=14663680 bytes (35.8%)
(RDMA_READ_CONSUME_CHECK_CONSUMER) timestamp=11137 ms, used_size=14661632 bytes (35.8%)
(RDMA_READ_CONSUME_CHECK_CONSUMER) timestamp=11137 ms, used_size=14659584 bytes (35.8%)
(RDMA_READ_CONSUME_CHECK_CONSUMER) timestamp=11137 ms, used_size=14657536 bytes (35.8%)
(RDMA_READ_CONSUME_CHECK_CONSUMER) timestamp=11137 ms, used_size=14655488 bytes (35.8%)
(RDMA_READ_CONSUME_CHECK_CONSUMER) timestamp=11137 ms, used_size=14653440 bytes (35.8%)
(RDMA_READ_CONSUME_CHECK_CONSUMER) timestamp=11137 ms, used_size=14651392 bytes (35.8%)
(RDMA_READ_CONSUME_CHECK_CONSUMER) timestamp=11137 ms, used_size=14649344 bytes (35.8%)
(RDMA_READ_CONSUME_CHECK_CONSUMER) timestamp=11137 ms, used_size=14647296 bytes (35.8%)
(RDMA_READ_CONSUME_CHECK_CONSUMER) timestamp=11137 ms, used_size=14645248 bytes (35.8%)
(RDMA_READ_CONSUME_CHECK_CONSUMER) timestamp=11137 ms, used_size=14643200 bytes (35.8%)
(RDMA_READ_CONSUME_CHECK_CONSUMER) timestamp=11137 ms, used_size=14641152 bytes (35.7%)
(RDMA_READ_CONSUME_CHECK_CONSUMER) timestamp=11137 ms, used_size=14639104 bytes (35.7%)
(RDMA_READ_CONSUME_CHECK_CONSUMER) timestamp=11137 ms, used_size=14637056 bytes (35.7%)
(RDMA_READ_CONSUME_CHECK_CONSUMER) timestamp=11137 ms, used_size=14635008 bytes (35.7%)
(RDMA_READ_CONSUME_CHECK_CONSUMER) timestamp=11137 ms, used_size=14632960 bytes (35.7%)
(RDMA_READ_CONSUME_CHECK_CONSUMER) timestamp=11137 ms, used_size=14630912 bytes (35.7%)
(RDMA_READ_CONSUME_CHECK_CONSUMER) timestamp=11137 ms, used_size=14628864 bytes (35.7%)
(RDMA_READ_CONSUME_CHECK_CONSUMER) timestamp=11137 ms, used_size=14626816 bytes (35.7%)
(RDMA_READ_CONSUME_CHECK_CONSUMER) timestamp=11137 ms, used_size=14624768 bytes (35.7%)
(RDMA_READ_CONSUME_CHECK_CONSUMER) timestamp=11137 ms, used_size=14622720 bytes (35.7%)
(RDMA_READ_CONSUME_CHECK_CONSUMER) timestamp=11137 ms, used_size=14620672 bytes (35.7%)
(RDMA_READ_CONSUME_CHECK_CONSUMER) timestamp=11137 ms, used_size=14618624 bytes (35.7%)
(RDMA_READ_CONSUME_CHECK_CONSUMER) timestamp=11137 ms, used_size=14616576 bytes (35.7%)
(RDMA_READ_CONSUME_CHECK_CONSUMER) timestamp=11137 ms, used_size=14614528 bytes (35.7%)
(RDMA_READ_CONSUME_CHECK_CONSUMER) timestamp=11137 ms, used_size=14612480 bytes (35.7%)
(RDMA_READ_CONSUME_CHECK_CONSUMER) timestamp=11137 ms, used_size=14610432 bytes (35.7%)
(RDMA_READ_CONSUME_CHECK_CONSUMER) timestamp=11137 ms, used_size=14608384 bytes (35.7%)
(RDMA_READ_CONSUME_CHECK_CONSUMER) timestamp=11137 ms, used_size=14606336 bytes (35.7%)
(RDMA_READ_CONSUME_CHECK_CONSUMER) timestamp=11137 ms, used_size=14604288 bytes (35.7%)
(RDMA_READ_CONSUME_CHECK_CONSUMER) timestamp=11137 ms, used_size=14602240 bytes (35.6%)
(RDMA_READ_CONSUME_CHECK_CONSUMER) timestamp=11137 ms, used_size=14600192 bytes (35.6%)
(RDMA_READ_CONSUME_CHECK_CONSUMER) timestamp=11137 ms, used_size=14598144 bytes (35.6%)
(RDMA_READ_CONSUME_CHECK_CONSUMER) timestamp=11137 ms, used_size=14596096 bytes (35.6%)
(RDMA_READ_CONSUME_CHECK_CONSUMER) timestamp=11137 ms, used_size=14594048 bytes (35.6%)
(RDMA_READ_CONSUME_CHECK_CONSUMER) timestamp=11137 ms, used_size=14592000 bytes (35.6%)
(RDMA_READ_CONSUME_CHECK_CONSUMER) timestamp=11137 ms, used_size=14589952 bytes (35.6%)
(RDMA_READ_CONSUME_CHECK_CONSUMER) timestamp=11137 ms, used_size=14587904 bytes (35.6%)
(RDMA_READ_CONSUME_CHECK_CONSUMER) timestamp=11137 ms, used_size=14585856 bytes (35.6%)
(RDMA_READ_CONSUME_CHECK_CONSUMER) timestamp=11137 ms, used_size=14583808 bytes (35.6%)
(RDMA_READ_CONSUME_CHECK_CONSUMER) timestamp=11137 ms, used_size=14581760 bytes (35.6%)
(RDMA_READ_CONSUME_CHECK_CONSUMER) timestamp=11137 ms, used_size=14579712 bytes (35.6%)
(RDMA_READ_CONSUME_CHECK_CONSUMER) timestamp=11137 ms, used_size=14577664 bytes (35.6%)
(RDMA_READ_CONSUME_CHECK_CONSUMER) timestamp=11137 ms, used_size=14575616 bytes (35.6%)
(RDMA_READ_CONSUME_CHECK_CONSUMER) timestamp=11137 ms, used_size=14573568 bytes (35.6%)
(RDMA_READ_CONSUME_CHECK_CONSUMER) timestamp=11137 ms, used_size=14571520 bytes (35.6%)
(RDMA_READ_CONSUME_CHECK_CONSUMER) timestamp=11137 ms, used_size=14569472 bytes (35.6%)
(RDMA_READ_CONSUME_CHECK_CONSUMER) timestamp=11137 ms, used_size=14567424 bytes (35.6%)
(RDMA_READ_CONSUME_CHECK_CONSUMER) timestamp=11137 ms, used_size=14565376 bytes (35.6%)
(RDMA_READ_CONSUME_CHECK_CONSUMER) timestamp=11137 ms, used_size=14563328 bytes (35.6%)
(RDMA_READ_CONSUME_CHECK_CONSUMER) timestamp=11137 ms, used_size=14561280 bytes (35.5%)
(RDMA_READ_CONSUME_CHECK_CONSUMER) timestamp=11137 ms, used_size=14559232 bytes (35.5%)
(RDMA_READ_CONSUME_CHECK_CONSUMER) timestamp=11137 ms, used_size=14557184 bytes (35.5%)
(RDMA_READ_CONSUME_CHECK_CONSUMER) timestamp=11137 ms, used_size=14555136 bytes (35.5%)
(RDMA_READ_CONSUME_CHECK_CONSUMER) timestamp=11137 ms, used_size=14553088 bytes (35.5%)
(RDMA_READ_CONSUME_CHECK_CONSUMER) timestamp=11137 ms, used_size=14551040 bytes (35.5%)
(RDMA_READ_CONSUME_CHECK_CONSUMER) timestamp=11137 ms, used_size=14548992 bytes (35.5%)
(RDMA_READ_CONSUME_CHECK_CONSUMER) timestamp=11137 ms, used_size=14546944 bytes (35.5%)
(RDMA_READ_CONSUME_CHECK_CONSUMER) timestamp=11137 ms, used_size=14544896 bytes (35.5%)
(RDMA_READ_CONSUME_CHECK_CONSUMER) timestamp=11137 ms, used_size=14542848 bytes (35.5%)
(RDMA_READ_CONSUME_CHECK_CONSUMER) timestamp=11137 ms, used_size=14540800 bytes (35.5%)
(RDMA_READ_CONSUME_CHECK_CONSUMER) timestamp=11137 ms, used_size=14538752 bytes (35.5%)
(RDMA_READ_CONSUME_CHECK_CONSUMER) timestamp=11137 ms, used_size=14536704 bytes (35.5%)
(RDMA_READ_CONSUME_CHECK_CONSUMER) timestamp=11137 ms, used_size=14534656 bytes (35.5%)
(RDMA_READ_CONSUME_CHECK_CONSUMER) timestamp=11137 ms, used_size=14532608 bytes (35.5%)
(RDMA_READ_CONSUME_CHECK_CONSUMER) timestamp=11137 ms, used_size=14530560 bytes (35.5%)
(RDMA_READ_CONSUME_CHECK_CONSUMER) timestamp=11137 ms, used_size=14528512 bytes (35.5%)
(RDMA_READ_CONSUME_CHECK_CONSUMER) timestamp=11137 ms, used_size=14526464 bytes (35.5%)
(RDMA_READ_CONSUME_CHECK_CONSUMER) timestamp=11137 ms, used_size=14524416 bytes (35.5%)
(RDMA_READ_CONSUME_CHECK_CONSUMER) timestamp=11137 ms, used_size=14522368 bytes (35.5%)
(RDMA_READ_CONSUME_CHECK_CONSUMER) timestamp=11137 ms, used_size=14520320 bytes (35.5%)
(RDMA_READ_CONSUME_CHECK_CONSUMER) timestamp=11137 ms, used_size=14518272 bytes (35.4%)
(RDMA_READ_CONSUME_CHECK_CONSUMER) timestamp=11137 ms, used_size=14516224 bytes (35.4%)
(RDMA_READ_CONSUME_CHECK_CONSUMER) timestamp=11137 ms, used_size=14514176 bytes (35.4%)
(RDMA_READ_CONSUME_CHECK_CONSUMER) timestamp=11137 ms, used_size=14512128 bytes (35.4%)
(RDMA_READ_CONSUME_CHECK_CONSUMER) timestamp=11137 ms, used_size=14510080 bytes (35.4%)
(RDMA_READ_CONSUME_CHECK_CONSUMER) timestamp=11137 ms, used_size=14508032 bytes (35.4%)
(RDMA_READ_CONSUME_CHECK_CONSUMER) timestamp=11137 ms, used_size=14505984 bytes (35.4%)
(RDMA_READ_CONSUME_CHECK_CONSUMER) timestamp=11137 ms, used_size=14503936 bytes (35.4%)
(RDMA_READ_CONSUME_CHECK_CONSUMER) timestamp=11137 ms, used_size=14501888 bytes (35.4%)
(RDMA_READ_CONSUME_CHECK_CONSUMER) timestamp=11137 ms, used_size=14499840 bytes (35.4%)
(RDMA_READ_CONSUME_CHECK_CONSUMER) timestamp=11137 ms, used_size=14497792 bytes (35.4%)
(RDMA_READ_CONSUME_CHECK_CONSUMER) timestamp=11137 ms, used_size=14495744 bytes (35.4%)
(RDMA_READ_CONSUME_CHECK_CONSUMER) timestamp=11137 ms, used_size=14493696 bytes (35.4%)
(RDMA_READ_CONSUME_CHECK_CONSUMER) timestamp=11138 ms, used_size=14491648 bytes (35.4%)
(RDMA_READ_CONSUME_CHECK_CONSUMER) timestamp=11138 ms, used_size=14489600 bytes (35.4%)
(RDMA_READ_CONSUME_CHECK_CONSUMER) timestamp=11138 ms, used_size=14487552 bytes (35.4%)
(RDMA_READ_CONSUME_CHECK_CONSUMER) timestamp=11138 ms, used_size=14485504 bytes (35.4%)
(RDMA_READ_CONSUME_CHECK_CONSUMER) timestamp=11138 ms, used_size=14483456 bytes (35.4%)
(RDMA_READ_CONSUME_CHECK_CONSUMER) timestamp=11138 ms, used_size=14481408 bytes (35.4%)
(RDMA_READ_CONSUME_CHECK_CONSUMER) timestamp=11138 ms, used_size=14479360 bytes (35.4%)
(RDMA_READ_CONSUME_CHECK_CONSUMER) timestamp=11138 ms, used_size=14477312 bytes (35.3%)
(RDMA_READ_CONSUME_CHECK_CONSUMER) timestamp=11138 ms, used_size=14475264 bytes (35.3%)
(RDMA_READ_CONSUME_CHECK_CONSUMER) timestamp=11138 ms, used_size=14473216 bytes (35.3%)
(RDMA_READ_CONSUME_CHECK_CONSUMER) timestamp=11138 ms, used_size=14471168 bytes (35.3%)
(RDMA_READ_CONSUME_CHECK_CONSUMER) timestamp=11138 ms, used_size=14469120 bytes (35.3%)
(RDMA_READ_CONSUME_CHECK_CONSUMER) timestamp=11138 ms, used_size=14467072 bytes (35.3%)
(RDMA_READ_CONSUME_CHECK_CONSUMER) timestamp=11138 ms, used_size=14465024 bytes (35.3%)
(RDMA_READ_CONSUME_CHECK_CONSUMER) timestamp=11138 ms, used_size=14462976 bytes (35.3%)
(RDMA_READ_CONSUME_CHECK_CONSUMER) timestamp=11138 ms, used_size=14460928 bytes (35.3%)
(RDMA_READ_CONSUME_CHECK_CONSUMER) timestamp=11138 ms, used_size=14458880 bytes (35.3%)
(RDMA_READ_CONSUME_CHECK_CONSUMER) timestamp=11138 ms, used_size=14456832 bytes (35.3%)
(RDMA_READ_CONSUME_CHECK_CONSUMER) timestamp=11138 ms, used_size=14454784 bytes (35.3%)
(RDMA_READ_CONSUME_CHECK_CONSUMER) timestamp=11138 ms, used_size=14452736 bytes (35.3%)
(RDMA_READ_CONSUME_CHECK_CONSUMER) timestamp=11138 ms, used_size=14450688 bytes (35.3%)
(RDMA_READ_CONSUME_CHECK_CONSUMER) timestamp=11138 ms, used_size=14448640 bytes (35.3%)
(RDMA_READ_CONSUME_CHECK_CONSUMER) timestamp=11138 ms, used_size=14446592 bytes (35.3%)
(RDMA_READ_CONSUME_CHECK_CONSUMER) timestamp=11138 ms, used_size=14444544 bytes (35.3%)
(RDMA_READ_CONSUME_CHECK_CONSUMER) timestamp=11138 ms, used_size=14442496 bytes (35.3%)
(RDMA_READ_CONSUME_CHECK_CONSUMER) timestamp=11138 ms, used_size=14440448 bytes (35.3%)
(RDMA_READ_CONSUME_CHECK_CONSUMER) timestamp=11138 ms, used_size=14438400 bytes (35.2%)
(RDMA_READ_CONSUME_CHECK_CONSUMER) timestamp=11138 ms, used_size=14436352 bytes (35.2%)
(RDMA_READ_CONSUME_CHECK_CONSUMER) timestamp=11138 ms, used_size=14434304 bytes (35.2%)
(RDMA_READ_CONSUME_CHECK_CONSUMER) timestamp=11138 ms, used_size=14432256 bytes (35.2%)
(RDMA_READ_CONSUME_CHECK_CONSUMER) timestamp=11138 ms, used_size=14430208 bytes (35.2%)
(RDMA_READ_CONSUME_CHECK_CONSUMER) timestamp=11138 ms, used_size=14428160 bytes (35.2%)
(RDMA_READ_CONSUME_CHECK_CONSUMER) timestamp=11138 ms, used_size=14426112 bytes (35.2%)
(RDMA_READ_CONSUME_CHECK_CONSUMER) timestamp=11138 ms, used_size=14424064 bytes (35.2%)
(RDMA_READ_CONSUME_CHECK_CONSUMER) timestamp=11138 ms, used_size=14422016 bytes (35.2%)
(RDMA_READ_CONSUME_CHECK_CONSUMER) timestamp=11138 ms, used_size=14419968 bytes (35.2%)
(RDMA_READ_CONSUME_CHECK_CONSUMER) timestamp=11138 ms, used_size=14417920 bytes (35.2%)
(RDMA_READ_CONSUME_CHECK_CONSUMER) timestamp=11138 ms, used_size=14415872 bytes (35.2%)
(RDMA_READ_CONSUME_CHECK_CONSUMER) timestamp=11138 ms, used_size=14413824 bytes (35.2%)
(RDMA_READ_CONSUME_CHECK_CONSUMER) timestamp=11138 ms, used_size=14411776 bytes (35.2%)
(RDMA_READ_CONSUME_CHECK_CONSUMER) timestamp=11138 ms, used_size=14409728 bytes (35.2%)
(RDMA_READ_CONSUME_CHECK_CONSUMER) timestamp=11138 ms, used_size=14407680 bytes (35.2%)
(RDMA_READ_CONSUME_CHECK_CONSUMER) timestamp=11138 ms, used_size=14405632 bytes (35.2%)
(RDMA_READ_CONSUME_CHECK_CONSUMER) timestamp=11138 ms, used_size=14403584 bytes (35.2%)
(RDMA_READ_CONSUME_CHECK_CONSUMER) timestamp=11138 ms, used_size=14401536 bytes (35.2%)
(RDMA_READ_CONSUME_CHECK_CONSUMER) timestamp=11138 ms, used_size=14399488 bytes (35.2%)
(RDMA_READ_CONSUME_CHECK_CONSUMER) timestamp=11138 ms, used_size=14397440 bytes (35.1%)
(RDMA_READ_CONSUME_CHECK_CONSUMER) timestamp=11138 ms, used_size=14395392 bytes (35.1%)
(RDMA_READ_CONSUME_CHECK_CONSUMER) timestamp=11138 ms, used_size=14393344 bytes (35.1%)
(RDMA_READ_CONSUME_CHECK_CONSUMER) timestamp=11138 ms, used_size=14391296 bytes (35.1%)
(RDMA_READ_CONSUME_CHECK_CONSUMER) timestamp=11138 ms, used_size=14389248 bytes (35.1%)
(RDMA_READ_CONSUME_CHECK_CONSUMER) timestamp=11138 ms, used_size=14387200 bytes (35.1%)
(RDMA_READ_CONSUME_CHECK_CONSUMER) timestamp=11138 ms, used_size=14385152 bytes (35.1%)
(RDMA_READ_CONSUME_CHECK_CONSUMER) timestamp=11138 ms, used_size=14383104 bytes (35.1%)
(RDMA_READ_CONSUME_CHECK_CONSUMER) timestamp=11138 ms, used_size=14381056 bytes (35.1%)
(RDMA_READ_CONSUME_CHECK_CONSUMER) timestamp=11138 ms, used_size=14379008 bytes (35.1%)
(RDMA_READ_CONSUME_CHECK_CONSUMER) timestamp=11138 ms, used_size=14376960 bytes (35.1%)
(RDMA_READ_CONSUME_CHECK_CONSUMER) timestamp=11138 ms, used_size=14374912 bytes (35.1%)
(RDMA_READ_CONSUME_CHECK_CONSUMER) timestamp=11138 ms, used_size=14372864 bytes (35.1%)
(RDMA_READ_CONSUME_CHECK_CONSUMER) timestamp=11138 ms, used_size=14370816 bytes (35.1%)
(RDMA_READ_CONSUME_CHECK_CONSUMER) timestamp=11138 ms, used_size=14368768 bytes (35.1%)
(RDMA_READ_CONSUME_CHECK_CONSUMER) timestamp=11138 ms, used_size=14366720 bytes (35.1%)
(RDMA_READ_CONSUME_CHECK_CONSUMER) timestamp=11138 ms, used_size=14364672 bytes (35.1%)
(RDMA_READ_CONSUME_CHECK_CONSUMER) timestamp=11138 ms, used_size=14362624 bytes (35.1%)
(RDMA_READ_CONSUME_CHECK_CONSUMER) timestamp=11138 ms, used_size=14360576 bytes (35.1%)
(RDMA_READ_CONSUME_CHECK_CONSUMER) timestamp=11138 ms, used_size=14358528 bytes (35.1%)
(RDMA_READ_CONSUME_CHECK_CONSUMER) timestamp=11138 ms, used_size=14356480 bytes (35.0%)
(RDMA_READ_CONSUME_CHECK_CONSUMER) timestamp=11138 ms, used_size=14354432 bytes (35.0%)
(RDMA_READ_CONSUME_CHECK_CONSUMER) timestamp=11138 ms, used_size=14352384 bytes (35.0%)
(RDMA_READ_CONSUME_CHECK_CONSUMER) timestamp=11138 ms, used_size=14350336 bytes (35.0%)
(RDMA_READ_CONSUME_CHECK_CONSUMER) timestamp=11138 ms, used_size=14348288 bytes (35.0%)
(RDMA_READ_CONSUME_CHECK_CONSUMER) timestamp=11138 ms, used_size=14346240 bytes (35.0%)
(RDMA_READ_CONSUME_CHECK_CONSUMER) timestamp=11138 ms, used_size=14344192 bytes (35.0%)
(RDMA_READ_CONSUME_CHECK_CONSUMER) timestamp=11138 ms, used_size=14342144 bytes (35.0%)
(RDMA_READ_CONSUME_CHECK_CONSUMER) timestamp=11138 ms, used_size=14340096 bytes (35.0%)
(RDMA_READ_CONSUME_CHECK_CONSUMER) timestamp=11138 ms, used_size=14338048 bytes (35.0%)
(RDMA_READ_CONSUME_CHECK_CONSUMER) timestamp=11138 ms, used_size=14336000 bytes (35.0%)
(RDMA_READ_CONSUME_CHECK_CONSUMER) timestamp=11138 ms, used_size=14333952 bytes (35.0%)
(RDMA_READ_CONSUME_CHECK_CONSUMER) timestamp=11138 ms, used_size=14331904 bytes (35.0%)
(RDMA_READ_CONSUME_CHECK_CONSUMER) timestamp=11138 ms, used_size=14329856 bytes (35.0%)
(RDMA_READ_CONSUME_CHECK_CONSUMER) timestamp=11138 ms, used_size=14327808 bytes (35.0%)
(RDMA_READ_CONSUME_CHECK_CONSUMER) timestamp=11138 ms, used_size=14325760 bytes (35.0%)
(RDMA_READ_CONSUME_CHECK_CONSUMER) timestamp=11138 ms, used_size=14323712 bytes (35.0%)
(RDMA_READ_CONSUME_CHECK_CONSUMER) timestamp=11138 ms, used_size=14321664 bytes (35.0%)
(RDMA_READ_CONSUME_CHECK_CONSUMER) timestamp=11138 ms, used_size=14319616 bytes (35.0%)
(RDMA_READ_CONSUME_CHECK_CONSUMER) timestamp=11138 ms, used_size=14317568 bytes (35.0%)
(RDMA_READ_CONSUME_CHECK_CONSUMER) timestamp=11138 ms, used_size=14315520 bytes (35.0%)
(RDMA_READ_CONSUME_CHECK_CONSUMER) timestamp=11138 ms, used_size=14313472 bytes (34.9%)
(RDMA_READ_CONSUME_CHECK_CONSUMER) timestamp=11138 ms, used_size=14311424 bytes (34.9%)
(RDMA_READ_CONSUME_CHECK_CONSUMER) timestamp=11138 ms, used_size=14309376 bytes (34.9%)
(RDMA_READ_CONSUME_CHECK_CONSUMER) timestamp=11138 ms, used_size=14307328 bytes (34.9%)
(RDMA_READ_CONSUME_CHECK_CONSUMER) timestamp=11138 ms, used_size=14305280 bytes (34.9%)
(RDMA_READ_CONSUME_CHECK_CONSUMER) timestamp=11138 ms, used_size=14303232 bytes (34.9%)
(RDMA_READ_CONSUME_CHECK_CONSUMER) timestamp=11138 ms, used_size=14301184 bytes (34.9%)
(RDMA_READ_CONSUME_CHECK_CONSUMER) timestamp=11138 ms, used_size=14299136 bytes (34.9%)
(RDMA_READ_CONSUME_CHECK_CONSUMER) timestamp=11138 ms, used_size=14297088 bytes (34.9%)
(RDMA_READ_CONSUME_CHECK_CONSUMER) timestamp=11138 ms, used_size=14295040 bytes (34.9%)
(RDMA_READ_CONSUME_CHECK_CONSUMER) timestamp=11138 ms, used_size=14292992 bytes (34.9%)
(RDMA_READ_CONSUME_CHECK_CONSUMER) timestamp=11138 ms, used_size=14290944 bytes (34.9%)
(RDMA_READ_CONSUME_CHECK_CONSUMER) timestamp=11138 ms, used_size=14288896 bytes (34.9%)
(RDMA_READ_CONSUME_CHECK_CONSUMER) timestamp=11138 ms, used_size=14286848 bytes (34.9%)
(RDMA_READ_CONSUME_CHECK_CONSUMER) timestamp=11138 ms, used_size=14284800 bytes (34.9%)
(RDMA_READ_CONSUME_CHECK_CONSUMER) timestamp=11138 ms, used_size=14282752 bytes (34.9%)
(RDMA_READ_CONSUME_CHECK_CONSUMER) timestamp=11138 ms, used_size=14280704 bytes (34.9%)
(RDMA_READ_CONSUME_CHECK_CONSUMER) timestamp=11138 ms, used_size=14278656 bytes (34.9%)
(RDMA_READ_CONSUME_CHECK_CONSUMER) timestamp=11138 ms, used_size=14276608 bytes (34.9%)
(RDMA_READ_CONSUME_CHECK_CONSUMER) timestamp=11138 ms, used_size=14274560 bytes (34.9%)
(RDMA_READ_CONSUME_CHECK_CONSUMER) timestamp=11138 ms, used_size=14272512 bytes (34.8%)
(RDMA_READ_CONSUME_CHECK_CONSUMER) timestamp=11138 ms, used_size=14270464 bytes (34.8%)
(RDMA_READ_CONSUME_CHECK_CONSUMER) timestamp=11138 ms, used_size=14268416 bytes (34.8%)
(RDMA_READ_CONSUME_CHECK_CONSUMER) timestamp=11138 ms, used_size=14266368 bytes (34.8%)
(RDMA_READ_CONSUME_CHECK_CONSUMER) timestamp=11138 ms, used_size=14264320 bytes (34.8%)
(RDMA_READ_CONSUME_CHECK_CONSUMER) timestamp=11138 ms, used_size=14262272 bytes (34.8%)
(RDMA_READ_CONSUME_CHECK_CONSUMER) timestamp=11138 ms, used_size=14260224 bytes (34.8%)
(RDMA_READ_CONSUME_CHECK_CONSUMER) timestamp=11138 ms, used_size=14258176 bytes (34.8%)
(RDMA_READ_CONSUME_CHECK_CONSUMER) timestamp=11138 ms, used_size=14256128 bytes (34.8%)
(RDMA_READ_CONSUME_CHECK_CONSUMER) timestamp=11138 ms, used_size=14254080 bytes (34.8%)
(RDMA_READ_CONSUME_CHECK_CONSUMER) timestamp=11138 ms, used_size=14252032 bytes (34.8%)
(RDMA_READ_CONSUME_CHECK_CONSUMER) timestamp=11138 ms, used_size=14249984 bytes (34.8%)
(RDMA_READ_CONSUME_CHECK_CONSUMER) timestamp=11138 ms, used_size=14247936 bytes (34.8%)
(RDMA_READ_CONSUME_CHECK_CONSUMER) timestamp=11138 ms, used_size=14245888 bytes (34.8%)
(RDMA_READ_CONSUME_CHECK_CONSUMER) timestamp=11138 ms, used_size=14243840 bytes (34.8%)
(RDMA_READ_CONSUME_CHECK_CONSUMER) timestamp=11138 ms, used_size=14241792 bytes (34.8%)
(RDMA_READ_CONSUME_CHECK_CONSUMER) timestamp=11138 ms, used_size=14239744 bytes (34.8%)
(RDMA_READ_CONSUME_CHECK_CONSUMER) timestamp=11138 ms, used_size=14237696 bytes (34.8%)
(RDMA_READ_CONSUME_CHECK_CONSUMER) timestamp=11138 ms, used_size=14235648 bytes (34.8%)
(RDMA_READ_CONSUME_CHECK_CONSUMER) timestamp=11138 ms, used_size=14233600 bytes (34.8%)
(RDMA_READ_CONSUME_CHECK_CONSUMER) timestamp=11138 ms, used_size=14231552 bytes (34.7%)
(RDMA_READ_CONSUME_CHECK_CONSUMER) timestamp=11138 ms, used_size=14229504 bytes (34.7%)
(RDMA_READ_CONSUME_CHECK_CONSUMER) timestamp=11138 ms, used_size=14227456 bytes (34.7%)
(RDMA_READ_CONSUME_CHECK_CONSUMER) timestamp=11138 ms, used_size=14225408 bytes (34.7%)
(RDMA_READ_CONSUME_CHECK_CONSUMER) timestamp=11138 ms, used_size=14223360 bytes (34.7%)
(RDMA_READ_CONSUME_CHECK_CONSUMER) timestamp=11138 ms, used_size=14221312 bytes (34.7%)
(RDMA_READ_CONSUME_CHECK_CONSUMER) timestamp=11138 ms, used_size=14219264 bytes (34.7%)
(RDMA_READ_CONSUME_CHECK_CONSUMER) timestamp=11138 ms, used_size=14217216 bytes (34.7%)
(RDMA_READ_CONSUME_CHECK_CONSUMER) timestamp=11138 ms, used_size=14215168 bytes (34.7%)
(RDMA_READ_CONSUME_CHECK_CONSUMER) timestamp=11138 ms, used_size=14213120 bytes (34.7%)
(RDMA_READ_CONSUME_CHECK_CONSUMER) timestamp=11138 ms, used_size=14211072 bytes (34.7%)
(RDMA_READ_CONSUME_CHECK_CONSUMER) timestamp=11138 ms, used_size=14209024 bytes (34.7%)
(RDMA_READ_CONSUME_CHECK_CONSUMER) timestamp=11138 ms, used_size=14206976 bytes (34.7%)
(RDMA_READ_CONSUME_CHECK_CONSUMER) timestamp=11138 ms, used_size=14204928 bytes (34.7%)
(RDMA_READ_CONSUME_CHECK_CONSUMER) timestamp=11138 ms, used_size=14202880 bytes (34.7%)
(RDMA_READ_CONSUME_CHECK_CONSUMER) timestamp=11138 ms, used_size=14200832 bytes (34.7%)
(RDMA_READ_CONSUME_CHECK_CONSUMER) timestamp=11138 ms, used_size=14198784 bytes (34.7%)
(RDMA_READ_CONSUME_CHECK_CONSUMER) timestamp=11138 ms, used_size=14196736 bytes (34.7%)
(RDMA_READ_CONSUME_CHECK_CONSUMER) timestamp=11138 ms, used_size=14194688 bytes (34.7%)
(RDMA_READ_CONSUME_CHECK_CONSUMER) timestamp=11138 ms, used_size=14192640 bytes (34.6%)
(RDMA_READ_CONSUME_CHECK_CONSUMER) timestamp=11138 ms, used_size=14190592 bytes (34.6%)
(RDMA_READ_CONSUME_CHECK_CONSUMER) timestamp=11138 ms, used_size=14188544 bytes (34.6%)
(RDMA_READ_CONSUME_CHECK_CONSUMER) timestamp=11138 ms, used_size=14186496 bytes (34.6%)
(RDMA_READ_CONSUME_CHECK_CONSUMER) timestamp=11138 ms, used_size=14184448 bytes (34.6%)
(RDMA_READ_CONSUME_CHECK_CONSUMER) timestamp=11138 ms, used_size=14182400 bytes (34.6%)
(RDMA_READ_CONSUME_CHECK_CONSUMER) timestamp=11138 ms, used_size=14180352 bytes (34.6%)
(RDMA_READ_CONSUME_CHECK_CONSUMER) timestamp=11138 ms, used_size=14178304 bytes (34.6%)
(RDMA_READ_CONSUME_CHECK_CONSUMER) timestamp=11138 ms, used_size=14176256 bytes (34.6%)
(RDMA_READ_CONSUME_CHECK_CONSUMER) timestamp=11138 ms, used_size=14174208 bytes (34.6%)
(RDMA_READ_CONSUME_CHECK_CONSUMER) timestamp=11138 ms, used_size=14172160 bytes (34.6%)
(RDMA_READ_CONSUME_CHECK_CONSUMER) timestamp=11138 ms, used_size=14170112 bytes (34.6%)
(RDMA_READ_CONSUME_CHECK_CONSUMER) timestamp=11138 ms, used_size=14168064 bytes (34.6%)
(RDMA_READ_CONSUME_CHECK_CONSUMER) timestamp=11138 ms, used_size=14166016 bytes (34.6%)
(RDMA_READ_CONSUME_CHECK_CONSUMER) timestamp=11138 ms, used_size=14163968 bytes (34.6%)
(RDMA_READ_CONSUME_CHECK_CONSUMER) timestamp=11138 ms, used_size=14161920 bytes (34.6%)
(RDMA_READ_CONSUME_CHECK_CONSUMER) timestamp=11138 ms, used_size=14159872 bytes (34.6%)
(RDMA_READ_CONSUME_CHECK_CONSUMER) timestamp=11138 ms, used_size=14157824 bytes (34.6%)
(RDMA_READ_CONSUME_CHECK_CONSUMER) timestamp=11138 ms, used_size=14155776 bytes (34.6%)
(RDMA_READ_CONSUME_CHECK_CONSUMER) timestamp=11138 ms, used_size=14153728 bytes (34.6%)
(RDMA_READ_CONSUME_CHECK_CONSUMER) timestamp=11138 ms, used_size=14151680 bytes (34.5%)
(RDMA_READ_CONSUME_CHECK_CONSUMER) timestamp=11138 ms, used_size=14149632 bytes (34.5%)
(RDMA_READ_CONSUME_CHECK_CONSUMER) timestamp=11138 ms, used_size=14147584 bytes (34.5%)
(RDMA_READ_CONSUME_CHECK_CONSUMER) timestamp=11138 ms, used_size=14145536 bytes (34.5%)
(RDMA_READ_CONSUME_CHECK_CONSUMER) timestamp=11138 ms, used_size=14143488 bytes (34.5%)
(RDMA_READ_CONSUME_CHECK_CONSUMER) timestamp=11138 ms, used_size=14141440 bytes (34.5%)
(RDMA_READ_CONSUME_CHECK_CONSUMER) timestamp=11138 ms, used_size=14139392 bytes (34.5%)
(RDMA_READ_CONSUME_CHECK_CONSUMER) timestamp=11138 ms, used_size=14137344 bytes (34.5%)
(RDMA_READ_CONSUME_CHECK_CONSUMER) timestamp=11139 ms, used_size=14135296 bytes (34.5%)
(RDMA_READ_CONSUME_CHECK_CONSUMER) timestamp=11139 ms, used_size=14133248 bytes (34.5%)
(RDMA_READ_CONSUME_CHECK_CONSUMER) timestamp=11139 ms, used_size=14131200 bytes (34.5%)
(RDMA_READ_CONSUME_CHECK_CONSUMER) timestamp=11139 ms, used_size=14129152 bytes (34.5%)
(RDMA_READ_CONSUME_CHECK_CONSUMER) timestamp=11139 ms, used_size=14127104 bytes (34.5%)
(RDMA_READ_CONSUME_CHECK_CONSUMER) timestamp=11139 ms, used_size=14125056 bytes (34.5%)
(RDMA_READ_CONSUME_CHECK_CONSUMER) timestamp=11139 ms, used_size=14123008 bytes (34.5%)
(RDMA_READ_CONSUME_CHECK_CONSUMER) timestamp=11139 ms, used_size=14120960 bytes (34.5%)
(RDMA_READ_CONSUME_CHECK_CONSUMER) timestamp=11139 ms, used_size=14118912 bytes (34.5%)
(RDMA_READ_CONSUME_CHECK_CONSUMER) timestamp=11139 ms, used_size=14116864 bytes (34.5%)
(RDMA_READ_CONSUME_CHECK_CONSUMER) timestamp=11139 ms, used_size=14114816 bytes (34.5%)
(RDMA_READ_CONSUME_CHECK_CONSUMER) timestamp=11139 ms, used_size=14112768 bytes (34.5%)
(RDMA_READ_CONSUME_CHECK_CONSUMER) timestamp=11139 ms, used_size=14110720 bytes (34.5%)
(RDMA_READ_CONSUME_CHECK_CONSUMER) timestamp=11139 ms, used_size=14108672 bytes (34.4%)
(RDMA_READ_CONSUME_CHECK_CONSUMER) timestamp=11139 ms, used_size=14106624 bytes (34.4%)
(RDMA_READ_CONSUME_CHECK_CONSUMER) timestamp=11139 ms, used_size=14104576 bytes (34.4%)
(RDMA_READ_CONSUME_CHECK_CONSUMER) timestamp=11139 ms, used_size=14102528 bytes (34.4%)
(RDMA_READ_CONSUME_CHECK_CONSUMER) timestamp=11139 ms, used_size=14100480 bytes (34.4%)
(RDMA_READ_CONSUME_CHECK_CONSUMER) timestamp=11139 ms, used_size=14098432 bytes (34.4%)
(RDMA_READ_CONSUME_CHECK_CONSUMER) timestamp=11139 ms, used_size=14096384 bytes (34.4%)
(RDMA_READ_CONSUME_CHECK_CONSUMER) timestamp=11139 ms, used_size=14094336 bytes (34.4%)
(RDMA_READ_CONSUME_CHECK_CONSUMER) timestamp=11139 ms, used_size=14092288 bytes (34.4%)
(RDMA_READ_CONSUME_CHECK_CONSUMER) timestamp=11139 ms, used_size=14090240 bytes (34.4%)
(RDMA_READ_CONSUME_CHECK_CONSUMER) timestamp=11139 ms, used_size=14088192 bytes (34.4%)
(RDMA_READ_CONSUME_CHECK_CONSUMER) timestamp=11139 ms, used_size=14086144 bytes (34.4%)
(RDMA_READ_CONSUME_CHECK_CONSUMER) timestamp=11139 ms, used_size=14084096 bytes (34.4%)
(RDMA_READ_CONSUME_CHECK_CONSUMER) timestamp=11139 ms, used_size=14082048 bytes (34.4%)
(RDMA_READ_CONSUME_CHECK_CONSUMER) timestamp=11139 ms, used_size=14080000 bytes (34.4%)
(RDMA_READ_CONSUME_CHECK_CONSUMER) timestamp=11139 ms, used_size=14077952 bytes (34.4%)
(RDMA_READ_CONSUME_CHECK_CONSUMER) timestamp=11139 ms, used_size=14075904 bytes (34.4%)
(RDMA_READ_CONSUME_CHECK_CONSUMER) timestamp=11139 ms, used_size=14073856 bytes (34.4%)
(RDMA_READ_CONSUME_CHECK_CONSUMER) timestamp=11139 ms, used_size=14071808 bytes (34.4%)
(RDMA_READ_CONSUME_CHECK_CONSUMER) timestamp=11139 ms, used_size=14069760 bytes (34.4%)
(RDMA_READ_CONSUME_CHECK_CONSUMER) timestamp=11139 ms, used_size=14067712 bytes (34.3%)
(RDMA_READ_CONSUME_CHECK_CONSUMER) timestamp=11139 ms, used_size=14065664 bytes (34.3%)
(RDMA_READ_CONSUME_CHECK_CONSUMER) timestamp=11139 ms, used_size=14063616 bytes (34.3%)
(RDMA_READ_CONSUME_CHECK_CONSUMER) timestamp=11139 ms, used_size=14061568 bytes (34.3%)
(RDMA_READ_CONSUME_CHECK_CONSUMER) timestamp=11139 ms, used_size=14059520 bytes (34.3%)
(RDMA_READ_CONSUME_CHECK_CONSUMER) timestamp=11139 ms, used_size=14057472 bytes (34.3%)
(RDMA_READ_CONSUME_CHECK_CONSUMER) timestamp=11139 ms, used_size=14055424 bytes (34.3%)
(RDMA_READ_CONSUME_CHECK_CONSUMER) timestamp=11139 ms, used_size=14053376 bytes (34.3%)
(RDMA_READ_CONSUME_CHECK_CONSUMER) timestamp=11139 ms, used_size=14051328 bytes (34.3%)
(RDMA_READ_CONSUME_CHECK_CONSUMER) timestamp=11139 ms, used_size=14049280 bytes (34.3%)
(RDMA_READ_CONSUME_CHECK_CONSUMER) timestamp=11139 ms, used_size=14047232 bytes (34.3%)
(RDMA_READ_CONSUME_CHECK_CONSUMER) timestamp=11139 ms, used_size=14045184 bytes (34.3%)
(RDMA_READ_CONSUME_CHECK_CONSUMER) timestamp=11139 ms, used_size=14043136 bytes (34.3%)
(RDMA_READ_CONSUME_CHECK_CONSUMER) timestamp=11139 ms, used_size=14041088 bytes (34.3%)
(RDMA_READ_CONSUME_CHECK_CONSUMER) timestamp=11139 ms, used_size=14039040 bytes (34.3%)
(RDMA_READ_CONSUME_CHECK_CONSUMER) timestamp=11139 ms, used_size=14036992 bytes (34.3%)
(RDMA_READ_CONSUME_CHECK_CONSUMER) timestamp=11139 ms, used_size=14034944 bytes (34.3%)
(RDMA_READ_CONSUME_CHECK_CONSUMER) timestamp=11139 ms, used_size=14032896 bytes (34.3%)
(RDMA_READ_CONSUME_CHECK_CONSUMER) timestamp=11139 ms, used_size=14030848 bytes (34.3%)
(RDMA_READ_CONSUME_CHECK_CONSUMER) timestamp=11139 ms, used_size=14028800 bytes (34.2%)
(RDMA_READ_CONSUME_CHECK_CONSUMER) timestamp=11139 ms, used_size=14026752 bytes (34.2%)
(RDMA_READ_CONSUME_CHECK_CONSUMER) timestamp=11139 ms, used_size=14024704 bytes (34.2%)
(RDMA_READ_CONSUME_CHECK_CONSUMER) timestamp=11139 ms, used_size=14022656 bytes (34.2%)
(RDMA_READ_CONSUME_CHECK_CONSUMER) timestamp=11139 ms, used_size=14020608 bytes (34.2%)
(RDMA_READ_CONSUME_CHECK_CONSUMER) timestamp=11139 ms, used_size=14018560 bytes (34.2%)
(RDMA_READ_CONSUME_CHECK_CONSUMER) timestamp=11139 ms, used_size=14016512 bytes (34.2%)
(RDMA_READ_CONSUME_CHECK_CONSUMER) timestamp=11139 ms, used_size=14014464 bytes (34.2%)
(RDMA_READ_CONSUME_CHECK_CONSUMER) timestamp=11139 ms, used_size=14012416 bytes (34.2%)
(RDMA_READ_CONSUME_CHECK_CONSUMER) timestamp=11139 ms, used_size=14010368 bytes (34.2%)
(RDMA_READ_CONSUME_CHECK_CONSUMER) timestamp=11139 ms, used_size=14008320 bytes (34.2%)
(RDMA_READ_CONSUME_CHECK_CONSUMER) timestamp=11139 ms, used_size=14006272 bytes (34.2%)
(RDMA_READ_CONSUME_CHECK_CONSUMER) timestamp=11139 ms, used_size=14004224 bytes (34.2%)
(RDMA_READ_CONSUME_CHECK_CONSUMER) timestamp=11139 ms, used_size=14002176 bytes (34.2%)
(RDMA_READ_CONSUME_CHECK_CONSUMER) timestamp=11139 ms, used_size=14000128 bytes (34.2%)
(RDMA_READ_CONSUME_CHECK_CONSUMER) timestamp=11139 ms, used_size=13998080 bytes (34.2%)
(RDMA_READ_CONSUME_CHECK_CONSUMER) timestamp=11139 ms, used_size=13996032 bytes (34.2%)
(RDMA_READ_CONSUME_CHECK_CONSUMER) timestamp=11139 ms, used_size=13993984 bytes (34.2%)
(RDMA_READ_CONSUME_CHECK_CONSUMER) timestamp=11139 ms, used_size=13991936 bytes (34.2%)
(RDMA_READ_CONSUME_CHECK_CONSUMER) timestamp=11139 ms, used_size=13989888 bytes (34.2%)
(RDMA_READ_CONSUME_CHECK_CONSUMER) timestamp=11139 ms, used_size=13987840 bytes (34.1%)
(RDMA_READ_CONSUME_CHECK_CONSUMER) timestamp=11139 ms, used_size=13985792 bytes (34.1%)
(RDMA_READ_CONSUME_CHECK_CONSUMER) timestamp=11139 ms, used_size=13983744 bytes (34.1%)
(RDMA_READ_CONSUME_CHECK_CONSUMER) timestamp=11139 ms, used_size=13981696 bytes (34.1%)
(RDMA_READ_CONSUME_CHECK_CONSUMER) timestamp=11139 ms, used_size=13979648 bytes (34.1%)
(RDMA_READ_CONSUME_CHECK_CONSUMER) timestamp=11139 ms, used_size=13977600 bytes (34.1%)
(RDMA_READ_CONSUME_CHECK_CONSUMER) timestamp=11139 ms, used_size=13975552 bytes (34.1%)
(RDMA_READ_CONSUME_CHECK_CONSUMER) timestamp=11139 ms, used_size=13973504 bytes (34.1%)
(RDMA_READ_CONSUME_CHECK_CONSUMER) timestamp=11139 ms, used_size=13971456 bytes (34.1%)
(RDMA_READ_CONSUME_CHECK_CONSUMER) timestamp=11139 ms, used_size=13969408 bytes (34.1%)
(RDMA_READ_CONSUME_CHECK_CONSUMER) timestamp=11139 ms, used_size=13967360 bytes (34.1%)
(RDMA_READ_CONSUME_CHECK_CONSUMER) timestamp=11139 ms, used_size=13965312 bytes (34.1%)
(RDMA_READ_CONSUME_CHECK_CONSUMER) timestamp=11139 ms, used_size=13963264 bytes (34.1%)
(RDMA_READ_CONSUME_CHECK_CONSUMER) timestamp=11139 ms, used_size=13961216 bytes (34.1%)
(RDMA_READ_CONSUME_CHECK_CONSUMER) timestamp=11139 ms, used_size=13959168 bytes (34.1%)
(RDMA_READ_CONSUME_CHECK_CONSUMER) timestamp=11139 ms, used_size=13957120 bytes (34.1%)
(RDMA_READ_CONSUME_CHECK_CONSUMER) timestamp=11139 ms, used_size=13955072 bytes (34.1%)
(RDMA_READ_CONSUME_CHECK_CONSUMER) timestamp=11139 ms, used_size=13953024 bytes (34.1%)
(RDMA_READ_CONSUME_CHECK_CONSUMER) timestamp=11139 ms, used_size=13950976 bytes (34.1%)
(RDMA_READ_CONSUME_CHECK_CONSUMER) timestamp=11139 ms, used_size=13948928 bytes (34.1%)
(RDMA_READ_CONSUME_CHECK_CONSUMER) timestamp=11139 ms, used_size=13946880 bytes (34.0%)
(RDMA_READ_CONSUME_CHECK_CONSUMER) timestamp=11139 ms, used_size=13944832 bytes (34.0%)
(RDMA_READ_CONSUME_CHECK_CONSUMER) timestamp=11139 ms, used_size=13942784 bytes (34.0%)
(RDMA_READ_CONSUME_CHECK_CONSUMER) timestamp=11139 ms, used_size=13940736 bytes (34.0%)
(RDMA_READ_CONSUME_CHECK_CONSUMER) timestamp=11139 ms, used_size=13938688 bytes (34.0%)
(RDMA_READ_CONSUME_CHECK_CONSUMER) timestamp=11139 ms, used_size=13936640 bytes (34.0%)
(RDMA_READ_CONSUME_CHECK_CONSUMER) timestamp=11139 ms, used_size=13934592 bytes (34.0%)
(RDMA_READ_CONSUME_CHECK_CONSUMER) timestamp=11139 ms, used_size=13932544 bytes (34.0%)
(RDMA_READ_CONSUME_CHECK_CONSUMER) timestamp=11139 ms, used_size=13930496 bytes (34.0%)
(RDMA_READ_CONSUME_CHECK_CONSUMER) timestamp=11139 ms, used_size=13928448 bytes (34.0%)
(RDMA_READ_CONSUME_CHECK_CONSUMER) timestamp=11139 ms, used_size=13926400 bytes (34.0%)
(RDMA_READ_CONSUME_CHECK_CONSUMER) timestamp=11139 ms, used_size=13924352 bytes (34.0%)
(RDMA_READ_CONSUME_CHECK_CONSUMER) timestamp=11139 ms, used_size=13922304 bytes (34.0%)
(RDMA_READ_CONSUME_CHECK_CONSUMER) timestamp=11139 ms, used_size=13920256 bytes (34.0%)
(RDMA_READ_CONSUME_CHECK_CONSUMER) timestamp=11139 ms, used_size=13918208 bytes (34.0%)
(RDMA_READ_CONSUME_CHECK_CONSUMER) timestamp=11139 ms, used_size=13916160 bytes (34.0%)
(RDMA_READ_CONSUME_CHECK_CONSUMER) timestamp=11139 ms, used_size=13914112 bytes (34.0%)
(RDMA_READ_CONSUME_CHECK_CONSUMER) timestamp=11139 ms, used_size=13912064 bytes (34.0%)
(RDMA_READ_CONSUME_CHECK_CONSUMER) timestamp=11139 ms, used_size=13910016 bytes (34.0%)
(RDMA_READ_CONSUME_CHECK_CONSUMER) timestamp=11139 ms, used_size=13907968 bytes (34.0%)
(RDMA_READ_CONSUME_CHECK_CONSUMER) timestamp=11139 ms, used_size=13905920 bytes (34.0%)
(RDMA_READ_CONSUME_CHECK_CONSUMER) timestamp=11139 ms, used_size=13903872 bytes (33.9%)
(RDMA_READ_CONSUME_CHECK_CONSUMER) timestamp=11139 ms, used_size=13901824 bytes (33.9%)
(RDMA_READ_CONSUME_CHECK_CONSUMER) timestamp=11139 ms, used_size=13899776 bytes (33.9%)
(RDMA_READ_CONSUME_CHECK_CONSUMER) timestamp=11139 ms, used_size=13897728 bytes (33.9%)
(RDMA_READ_CONSUME_CHECK_CONSUMER) timestamp=11139 ms, used_size=13895680 bytes (33.9%)
(RDMA_READ_CONSUME_CHECK_CONSUMER) timestamp=11139 ms, used_size=13893632 bytes (33.9%)
(RDMA_READ_CONSUME_CHECK_CONSUMER) timestamp=11139 ms, used_size=13891584 bytes (33.9%)
(RDMA_READ_CONSUME_CHECK_CONSUMER) timestamp=11139 ms, used_size=13889536 bytes (33.9%)
(RDMA_READ_CONSUME_CHECK_CONSUMER) timestamp=11139 ms, used_size=13887488 bytes (33.9%)
(RDMA_READ_CONSUME_CHECK_CONSUMER) timestamp=11139 ms, used_size=13885440 bytes (33.9%)
(RDMA_READ_CONSUME_CHECK_CONSUMER) timestamp=11139 ms, used_size=13883392 bytes (33.9%)
(RDMA_READ_CONSUME_CHECK_CONSUMER) timestamp=11139 ms, used_size=13881344 bytes (33.9%)
(RDMA_READ_CONSUME_CHECK_CONSUMER) timestamp=11139 ms, used_size=13879296 bytes (33.9%)
(RDMA_READ_CONSUME_CHECK_CONSUMER) timestamp=11139 ms, used_size=13877248 bytes (33.9%)
(RDMA_READ_CONSUME_CHECK_CONSUMER) timestamp=11139 ms, used_size=13875200 bytes (33.9%)
(RDMA_READ_CONSUME_CHECK_CONSUMER) timestamp=11139 ms, used_size=13873152 bytes (33.9%)
(RDMA_READ_CONSUME_CHECK_CONSUMER) timestamp=11139 ms, used_size=13871104 bytes (33.9%)
(RDMA_READ_CONSUME_CHECK_CONSUMER) timestamp=11139 ms, used_size=13869056 bytes (33.9%)
(RDMA_READ_CONSUME_CHECK_CONSUMER) timestamp=11139 ms, used_size=13867008 bytes (33.9%)
(RDMA_READ_CONSUME_CHECK_CONSUMER) timestamp=11139 ms, used_size=13864960 bytes (33.9%)
(RDMA_READ_CONSUME_CHECK_CONSUMER) timestamp=11139 ms, used_size=13862912 bytes (33.8%)
(RDMA_READ_CONSUME_CHECK_CONSUMER) timestamp=11139 ms, used_size=13860864 bytes (33.8%)
(RDMA_READ_CONSUME_CHECK_CONSUMER) timestamp=11139 ms, used_size=13858816 bytes (33.8%)
(RDMA_READ_CONSUME_CHECK_CONSUMER) timestamp=11139 ms, used_size=13856768 bytes (33.8%)
(RDMA_READ_CONSUME_CHECK_CONSUMER) timestamp=11139 ms, used_size=13854720 bytes (33.8%)
(RDMA_READ_CONSUME_CHECK_CONSUMER) timestamp=11139 ms, used_size=13852672 bytes (33.8%)
(RDMA_READ_CONSUME_CHECK_CONSUMER) timestamp=11139 ms, used_size=13850624 bytes (33.8%)
(RDMA_READ_CONSUME_CHECK_CONSUMER) timestamp=11139 ms, used_size=13848576 bytes (33.8%)
(RDMA_READ_CONSUME_CHECK_CONSUMER) timestamp=11139 ms, used_size=13846528 bytes (33.8%)
(RDMA_READ_CONSUME_CHECK_CONSUMER) timestamp=11139 ms, used_size=13844480 bytes (33.8%)
(RDMA_READ_CONSUME_CHECK_CONSUMER) timestamp=11139 ms, used_size=13842432 bytes (33.8%)
(RDMA_READ_CONSUME_CHECK_CONSUMER) timestamp=11139 ms, used_size=13840384 bytes (33.8%)
(RDMA_READ_CONSUME_CHECK_CONSUMER) timestamp=11139 ms, used_size=13838336 bytes (33.8%)
(RDMA_READ_CONSUME_CHECK_CONSUMER) timestamp=11139 ms, used_size=13836288 bytes (33.8%)
(RDMA_READ_CONSUME_CHECK_CONSUMER) timestamp=11139 ms, used_size=13834240 bytes (33.8%)
(RDMA_READ_CONSUME_CHECK_CONSUMER) timestamp=11139 ms, used_size=13832192 bytes (33.8%)
(RDMA_READ_CONSUME_CHECK_CONSUMER) timestamp=11139 ms, used_size=13830144 bytes (33.8%)
(RDMA_READ_CONSUME_CHECK_CONSUMER) timestamp=11139 ms, used_size=13828096 bytes (33.8%)
(RDMA_READ_CONSUME_CHECK_CONSUMER) timestamp=11139 ms, used_size=13826048 bytes (33.8%)
(RDMA_READ_CONSUME_CHECK_CONSUMER) timestamp=11139 ms, used_size=13824000 bytes (33.8%)
(RDMA_READ_CONSUME_CHECK_CONSUMER) timestamp=11139 ms, used_size=13821952 bytes (33.7%)
(RDMA_READ_CONSUME_CHECK_CONSUMER) timestamp=11139 ms, used_size=13819904 bytes (33.7%)
(RDMA_READ_CONSUME_CHECK_CONSUMER) timestamp=11139 ms, used_size=13817856 bytes (33.7%)
(RDMA_READ_CONSUME_CHECK_CONSUMER) timestamp=11139 ms, used_size=13815808 bytes (33.7%)
(RDMA_READ_CONSUME_CHECK_CONSUMER) timestamp=11139 ms, used_size=13813760 bytes (33.7%)
(RDMA_READ_CONSUME_CHECK_CONSUMER) timestamp=11139 ms, used_size=13811712 bytes (33.7%)
(RDMA_READ_CONSUME_CHECK_CONSUMER) timestamp=11139 ms, used_size=13809664 bytes (33.7%)
(RDMA_READ_CONSUME_CHECK_CONSUMER) timestamp=11139 ms, used_size=13807616 bytes (33.7%)
(RDMA_READ_CONSUME_CHECK_CONSUMER) timestamp=11139 ms, used_size=13805568 bytes (33.7%)
(RDMA_READ_CONSUME_CHECK_CONSUMER) timestamp=11139 ms, used_size=13803520 bytes (33.7%)
(RDMA_READ_CONSUME_CHECK_CONSUMER) timestamp=11139 ms, used_size=13801472 bytes (33.7%)
(RDMA_READ_CONSUME_CHECK_CONSUMER) timestamp=11139 ms, used_size=13799424 bytes (33.7%)
(RDMA_READ_CONSUME_CHECK_CONSUMER) timestamp=11139 ms, used_size=13797376 bytes (33.7%)
(RDMA_READ_CONSUME_CHECK_CONSUMER) timestamp=11139 ms, used_size=13795328 bytes (33.7%)
(RDMA_READ_CONSUME_CHECK_CONSUMER) timestamp=11139 ms, used_size=13793280 bytes (33.7%)
(RDMA_READ_CONSUME_CHECK_CONSUMER) timestamp=11139 ms, used_size=13791232 bytes (33.7%)
(RDMA_READ_CONSUME_CHECK_CONSUMER) timestamp=11139 ms, used_size=13789184 bytes (33.7%)
(RDMA_READ_CONSUME_CHECK_CONSUMER) timestamp=11139 ms, used_size=13787136 bytes (33.7%)
(RDMA_READ_CONSUME_CHECK_CONSUMER) timestamp=11139 ms, used_size=13785088 bytes (33.7%)
(RDMA_READ_CONSUME_CHECK_CONSUMER) timestamp=11139 ms, used_size=13783040 bytes (33.6%)
(RDMA_READ_CONSUME_CHECK_CONSUMER) timestamp=11139 ms, used_size=13780992 bytes (33.6%)
(RDMA_READ_CONSUME_CHECK_CONSUMER) timestamp=11140 ms, used_size=13778944 bytes (33.6%)
(RDMA_READ_CONSUME_CHECK_CONSUMER) timestamp=11140 ms, used_size=13776896 bytes (33.6%)
(RDMA_READ_CONSUME_CHECK_CONSUMER) timestamp=11140 ms, used_size=13774848 bytes (33.6%)
(RDMA_READ_CONSUME_CHECK_CONSUMER) timestamp=11140 ms, used_size=13772800 bytes (33.6%)
(RDMA_READ_CONSUME_CHECK_CONSUMER) timestamp=11140 ms, used_size=13770752 bytes (33.6%)
(RDMA_READ_CONSUME_CHECK_CONSUMER) timestamp=11140 ms, used_size=13768704 bytes (33.6%)
(RDMA_READ_CONSUME_CHECK_CONSUMER) timestamp=11140 ms, used_size=13766656 bytes (33.6%)
(RDMA_READ_CONSUME_CHECK_CONSUMER) timestamp=11140 ms, used_size=13764608 bytes (33.6%)
(RDMA_READ_CONSUME_CHECK_CONSUMER) timestamp=11140 ms, used_size=13762560 bytes (33.6%)
(RDMA_READ_CONSUME_CHECK_CONSUMER) timestamp=11140 ms, used_size=13760512 bytes (33.6%)
(RDMA_READ_CONSUME_CHECK_CONSUMER) timestamp=11140 ms, used_size=13758464 bytes (33.6%)
(RDMA_READ_CONSUME_CHECK_CONSUMER) timestamp=11140 ms, used_size=13756416 bytes (33.6%)
(RDMA_READ_CONSUME_CHECK_CONSUMER) timestamp=11140 ms, used_size=13754368 bytes (33.6%)
(RDMA_READ_CONSUME_CHECK_CONSUMER) timestamp=11140 ms, used_size=13752320 bytes (33.6%)
(RDMA_READ_CONSUME_CHECK_CONSUMER) timestamp=11140 ms, used_size=13750272 bytes (33.6%)
(RDMA_READ_CONSUME_CHECK_CONSUMER) timestamp=11140 ms, used_size=13748224 bytes (33.6%)
(RDMA_READ_CONSUME_CHECK_CONSUMER) timestamp=11140 ms, used_size=13746176 bytes (33.6%)
(RDMA_READ_CONSUME_CHECK_CONSUMER) timestamp=11140 ms, used_size=13744128 bytes (33.6%)
(RDMA_READ_CONSUME_CHECK_CONSUMER) timestamp=11140 ms, used_size=13742080 bytes (33.5%)
(RDMA_READ_CONSUME_CHECK_CONSUMER) timestamp=11140 ms, used_size=13740032 bytes (33.5%)
(RDMA_READ_CONSUME_CHECK_CONSUMER) timestamp=11140 ms, used_size=13737984 bytes (33.5%)
(RDMA_READ_CONSUME_CHECK_CONSUMER) timestamp=11140 ms, used_size=13735936 bytes (33.5%)
(RDMA_READ_CONSUME_CHECK_CONSUMER) timestamp=11140 ms, used_size=13733888 bytes (33.5%)
(RDMA_READ_CONSUME_CHECK_CONSUMER) timestamp=11140 ms, used_size=13731840 bytes (33.5%)
(RDMA_READ_CONSUME_CHECK_CONSUMER) timestamp=11140 ms, used_size=13729792 bytes (33.5%)
(RDMA_READ_CONSUME_CHECK_CONSUMER) timestamp=11140 ms, used_size=13727744 bytes (33.5%)
(RDMA_READ_CONSUME_CHECK_CONSUMER) timestamp=11140 ms, used_size=13725696 bytes (33.5%)
(RDMA_READ_CONSUME_CHECK_CONSUMER) timestamp=11140 ms, used_size=13723648 bytes (33.5%)
(RDMA_READ_CONSUME_CHECK_CONSUMER) timestamp=11140 ms, used_size=13721600 bytes (33.5%)
(RDMA_READ_CONSUME_CHECK_CONSUMER) timestamp=11140 ms, used_size=13719552 bytes (33.5%)
(RDMA_READ_CONSUME_CHECK_CONSUMER) timestamp=11140 ms, used_size=13717504 bytes (33.5%)
(RDMA_READ_CONSUME_CHECK_CONSUMER) timestamp=11140 ms, used_size=13715456 bytes (33.5%)
(RDMA_READ_CONSUME_CHECK_CONSUMER) timestamp=11140 ms, used_size=13713408 bytes (33.5%)
(RDMA_READ_CONSUME_CHECK_CONSUMER) timestamp=11140 ms, used_size=13711360 bytes (33.5%)
(RDMA_READ_CONSUME_CHECK_CONSUMER) timestamp=11140 ms, used_size=13709312 bytes (33.5%)
(RDMA_READ_CONSUME_CHECK_CONSUMER) timestamp=11140 ms, used_size=13707264 bytes (33.5%)
(RDMA_READ_CONSUME_CHECK_CONSUMER) timestamp=11140 ms, used_size=13705216 bytes (33.5%)
(RDMA_READ_CONSUME_CHECK_CONSUMER) timestamp=11140 ms, used_size=13703168 bytes (33.5%)
(RDMA_READ_CONSUME_CHECK_CONSUMER) timestamp=11140 ms, used_size=13701120 bytes (33.5%)
(RDMA_READ_CONSUME_CHECK_CONSUMER) timestamp=11140 ms, used_size=13699072 bytes (33.4%)
(RDMA_READ_CONSUME_CHECK_CONSUMER) timestamp=11140 ms, used_size=13697024 bytes (33.4%)
(RDMA_READ_CONSUME_CHECK_CONSUMER) timestamp=11140 ms, used_size=13694976 bytes (33.4%)
(RDMA_READ_CONSUME_CHECK_CONSUMER) timestamp=11140 ms, used_size=13692928 bytes (33.4%)
(RDMA_READ_CONSUME_CHECK_CONSUMER) timestamp=11140 ms, used_size=13690880 bytes (33.4%)
(RDMA_READ_CONSUME_CHECK_CONSUMER) timestamp=11140 ms, used_size=13688832 bytes (33.4%)
(RDMA_READ_CONSUME_CHECK_CONSUMER) timestamp=11140 ms, used_size=13686784 bytes (33.4%)
(RDMA_READ_CONSUME_CHECK_CONSUMER) timestamp=11140 ms, used_size=13684736 bytes (33.4%)
(RDMA_READ_CONSUME_CHECK_CONSUMER) timestamp=11140 ms, used_size=13682688 bytes (33.4%)
(RDMA_READ_CONSUME_CHECK_CONSUMER) timestamp=11140 ms, used_size=13680640 bytes (33.4%)
(RDMA_READ_CONSUME_CHECK_CONSUMER) timestamp=11140 ms, used_size=13678592 bytes (33.4%)
(RDMA_READ_CONSUME_CHECK_CONSUMER) timestamp=11140 ms, used_size=13676544 bytes (33.4%)
(RDMA_READ_CONSUME_CHECK_CONSUMER) timestamp=11140 ms, used_size=13674496 bytes (33.4%)
(RDMA_READ_CONSUME_CHECK_CONSUMER) timestamp=11140 ms, used_size=13672448 bytes (33.4%)
(RDMA_READ_CONSUME_CHECK_CONSUMER) timestamp=11140 ms, used_size=13670400 bytes (33.4%)
(RDMA_READ_CONSUME_CHECK_CONSUMER) timestamp=11140 ms, used_size=13668352 bytes (33.4%)
(RDMA_READ_CONSUME_CHECK_CONSUMER) timestamp=11140 ms, used_size=13666304 bytes (33.4%)
(RDMA_READ_CONSUME_CHECK_CONSUMER) timestamp=11140 ms, used_size=13664256 bytes (33.4%)
(RDMA_READ_CONSUME_CHECK_CONSUMER) timestamp=11140 ms, used_size=13662208 bytes (33.4%)
(RDMA_READ_CONSUME_CHECK_CONSUMER) timestamp=11140 ms, used_size=13660160 bytes (33.4%)
(RDMA_READ_CONSUME_CHECK_CONSUMER) timestamp=11140 ms, used_size=13658112 bytes (33.3%)
(RDMA_READ_CONSUME_CHECK_CONSUMER) timestamp=11140 ms, used_size=13656064 bytes (33.3%)
(RDMA_READ_CONSUME_CHECK_CONSUMER) timestamp=11140 ms, used_size=13654016 bytes (33.3%)
(RDMA_READ_CONSUME_CHECK_CONSUMER) timestamp=11140 ms, used_size=13651968 bytes (33.3%)
(RDMA_READ_CONSUME_CHECK_CONSUMER) timestamp=11140 ms, used_size=13649920 bytes (33.3%)
(RDMA_READ_CONSUME_CHECK_CONSUMER) timestamp=11140 ms, used_size=13647872 bytes (33.3%)
(RDMA_READ_CONSUME_CHECK_CONSUMER) timestamp=11140 ms, used_size=13645824 bytes (33.3%)
(RDMA_READ_CONSUME_CHECK_CONSUMER) timestamp=11140 ms, used_size=13643776 bytes (33.3%)
(RDMA_READ_CONSUME_CHECK_CONSUMER) timestamp=11140 ms, used_size=13641728 bytes (33.3%)
(RDMA_READ_CONSUME_CHECK_CONSUMER) timestamp=11140 ms, used_size=13639680 bytes (33.3%)
(RDMA_READ_CONSUME_CHECK_CONSUMER) timestamp=11140 ms, used_size=13637632 bytes (33.3%)
(RDMA_READ_CONSUME_CHECK_CONSUMER) timestamp=11140 ms, used_size=13635584 bytes (33.3%)
(RDMA_READ_CONSUME_CHECK_CONSUMER) timestamp=11140 ms, used_size=13633536 bytes (33.3%)
(RDMA_READ_CONSUME_CHECK_CONSUMER) timestamp=11140 ms, used_size=13631488 bytes (33.3%)
(RDMA_READ_CONSUME_CHECK_CONSUMER) timestamp=11140 ms, used_size=13629440 bytes (33.3%)
(RDMA_READ_CONSUME_CHECK_CONSUMER) timestamp=11140 ms, used_size=13627392 bytes (33.3%)
(RDMA_READ_CONSUME_CHECK_CONSUMER) timestamp=11140 ms, used_size=13625344 bytes (33.3%)
(RDMA_READ_CONSUME_CHECK_CONSUMER) timestamp=11140 ms, used_size=13623296 bytes (33.3%)
(RDMA_READ_CONSUME_CHECK_CONSUMER) timestamp=11140 ms, used_size=13621248 bytes (33.3%)
(RDMA_READ_CONSUME_CHECK_CONSUMER) timestamp=11140 ms, used_size=13619200 bytes (33.2%)
(RDMA_READ_CONSUME_CHECK_CONSUMER) timestamp=11140 ms, used_size=13617152 bytes (33.2%)
(RDMA_READ_CONSUME_CHECK_CONSUMER) timestamp=11140 ms, used_size=13615104 bytes (33.2%)
(RDMA_READ_CONSUME_CHECK_CONSUMER) timestamp=11140 ms, used_size=13613056 bytes (33.2%)
(RDMA_READ_CONSUME_CHECK_CONSUMER) timestamp=11140 ms, used_size=13611008 bytes (33.2%)
(RDMA_READ_CONSUME_CHECK_CONSUMER) timestamp=11140 ms, used_size=13608960 bytes (33.2%)
(RDMA_READ_CONSUME_CHECK_CONSUMER) timestamp=11140 ms, used_size=13606912 bytes (33.2%)
(RDMA_READ_CONSUME_CHECK_CONSUMER) timestamp=11140 ms, used_size=13604864 bytes (33.2%)
(RDMA_READ_CONSUME_CHECK_CONSUMER) timestamp=11140 ms, used_size=13602816 bytes (33.2%)
(RDMA_READ_CONSUME_CHECK_CONSUMER) timestamp=11140 ms, used_size=13600768 bytes (33.2%)
(RDMA_READ_CONSUME_CHECK_CONSUMER) timestamp=11140 ms, used_size=13598720 bytes (33.2%)
(RDMA_READ_CONSUME_CHECK_CONSUMER) timestamp=11140 ms, used_size=13596672 bytes (33.2%)
(RDMA_READ_CONSUME_CHECK_CONSUMER) timestamp=11140 ms, used_size=13594624 bytes (33.2%)
(RDMA_READ_CONSUME_CHECK_CONSUMER) timestamp=11140 ms, used_size=13592576 bytes (33.2%)
(RDMA_READ_CONSUME_CHECK_CONSUMER) timestamp=11140 ms, used_size=13590528 bytes (33.2%)
(RDMA_READ_CONSUME_CHECK_CONSUMER) timestamp=11140 ms, used_size=13588480 bytes (33.2%)
(RDMA_READ_CONSUME_CHECK_CONSUMER) timestamp=11140 ms, used_size=13586432 bytes (33.2%)
(RDMA_READ_CONSUME_CHECK_CONSUMER) timestamp=11140 ms, used_size=13584384 bytes (33.2%)
(RDMA_READ_CONSUME_CHECK_CONSUMER) timestamp=11140 ms, used_size=13582336 bytes (33.2%)
(RDMA_READ_CONSUME_CHECK_CONSUMER) timestamp=11140 ms, used_size=13580288 bytes (33.2%)
(RDMA_READ_CONSUME_CHECK_CONSUMER) timestamp=11140 ms, used_size=13578240 bytes (33.1%)
(RDMA_READ_CONSUME_CHECK_CONSUMER) timestamp=11140 ms, used_size=13576192 bytes (33.1%)
(RDMA_READ_CONSUME_CHECK_CONSUMER) timestamp=11140 ms, used_size=13574144 bytes (33.1%)
(RDMA_READ_CONSUME_CHECK_CONSUMER) timestamp=11140 ms, used_size=13572096 bytes (33.1%)
(RDMA_READ_CONSUME_CHECK_CONSUMER) timestamp=11140 ms, used_size=13570048 bytes (33.1%)
(RDMA_READ_CONSUME_CHECK_CONSUMER) timestamp=11140 ms, used_size=13568000 bytes (33.1%)
(RDMA_READ_CONSUME_CHECK_CONSUMER) timestamp=11140 ms, used_size=13565952 bytes (33.1%)
(RDMA_READ_CONSUME_CHECK_CONSUMER) timestamp=11140 ms, used_size=13563904 bytes (33.1%)
(RDMA_READ_CONSUME_CHECK_CONSUMER) timestamp=11140 ms, used_size=13561856 bytes (33.1%)
(RDMA_READ_CONSUME_CHECK_CONSUMER) timestamp=11140 ms, used_size=13559808 bytes (33.1%)
(RDMA_READ_CONSUME_CHECK_CONSUMER) timestamp=11140 ms, used_size=13557760 bytes (33.1%)
(RDMA_READ_CONSUME_CHECK_CONSUMER) timestamp=11140 ms, used_size=13555712 bytes (33.1%)
(RDMA_READ_CONSUME_CHECK_CONSUMER) timestamp=11140 ms, used_size=13553664 bytes (33.1%)
(RDMA_READ_CONSUME_CHECK_CONSUMER) timestamp=11140 ms, used_size=13551616 bytes (33.1%)
(RDMA_READ_CONSUME_CHECK_CONSUMER) timestamp=11140 ms, used_size=13549568 bytes (33.1%)
(RDMA_READ_CONSUME_CHECK_CONSUMER) timestamp=11140 ms, used_size=13547520 bytes (33.1%)
(RDMA_READ_CONSUME_CHECK_CONSUMER) timestamp=11140 ms, used_size=13545472 bytes (33.1%)
(RDMA_READ_CONSUME_CHECK_CONSUMER) timestamp=11140 ms, used_size=13543424 bytes (33.1%)
(RDMA_READ_CONSUME_CHECK_CONSUMER) timestamp=11140 ms, used_size=13541376 bytes (33.1%)
(RDMA_READ_CONSUME_CHECK_CONSUMER) timestamp=11140 ms, used_size=13539328 bytes (33.1%)
(RDMA_READ_CONSUME_CHECK_CONSUMER) timestamp=11140 ms, used_size=13537280 bytes (33.0%)
(RDMA_READ_CONSUME_CHECK_CONSUMER) timestamp=11140 ms, used_size=13535232 bytes (33.0%)
(RDMA_READ_CONSUME_CHECK_CONSUMER) timestamp=11140 ms, used_size=13533184 bytes (33.0%)
(RDMA_READ_CONSUME_CHECK_CONSUMER) timestamp=11140 ms, used_size=13531136 bytes (33.0%)
(RDMA_READ_CONSUME_CHECK_CONSUMER) timestamp=11140 ms, used_size=13529088 bytes (33.0%)
(RDMA_READ_CONSUME_CHECK_CONSUMER) timestamp=11140 ms, used_size=13527040 bytes (33.0%)
(RDMA_READ_CONSUME_CHECK_CONSUMER) timestamp=11140 ms, used_size=13524992 bytes (33.0%)
(RDMA_READ_CONSUME_CHECK_CONSUMER) timestamp=11140 ms, used_size=13522944 bytes (33.0%)
(RDMA_READ_CONSUME_CHECK_CONSUMER) timestamp=11140 ms, used_size=13520896 bytes (33.0%)
(RDMA_READ_CONSUME_CHECK_CONSUMER) timestamp=11140 ms, used_size=13518848 bytes (33.0%)
(RDMA_READ_CONSUME_CHECK_CONSUMER) timestamp=11140 ms, used_size=13516800 bytes (33.0%)
(RDMA_READ_CONSUME_CHECK_CONSUMER) timestamp=11140 ms, used_size=13514752 bytes (33.0%)
(RDMA_READ_CONSUME_CHECK_CONSUMER) timestamp=11140 ms, used_size=13512704 bytes (33.0%)
(RDMA_READ_CONSUME_CHECK_CONSUMER) timestamp=11140 ms, used_size=13510656 bytes (33.0%)
(RDMA_READ_CONSUME_CHECK_CONSUMER) timestamp=11140 ms, used_size=13508608 bytes (33.0%)
(RDMA_READ_CONSUME_CHECK_CONSUMER) timestamp=11140 ms, used_size=13506560 bytes (33.0%)
(RDMA_READ_CONSUME_CHECK_CONSUMER) timestamp=11140 ms, used_size=13504512 bytes (33.0%)
(RDMA_READ_CONSUME_CHECK_CONSUMER) timestamp=11140 ms, used_size=13502464 bytes (33.0%)
(RDMA_READ_CONSUME_CHECK_CONSUMER) timestamp=11140 ms, used_size=13500416 bytes (33.0%)
(RDMA_READ_CONSUME_CHECK_CONSUMER) timestamp=11140 ms, used_size=13498368 bytes (33.0%)
(RDMA_READ_CONSUME_CHECK_CONSUMER) timestamp=11140 ms, used_size=13496320 bytes (33.0%)
(RDMA_READ_CONSUME_CHECK_CONSUMER) timestamp=11140 ms, used_size=13494272 bytes (32.9%)
(RDMA_READ_CONSUME_CHECK_CONSUMER) timestamp=11140 ms, used_size=13492224 bytes (32.9%)
(RDMA_READ_CONSUME_CHECK_CONSUMER) timestamp=11140 ms, used_size=13490176 bytes (32.9%)
(RDMA_READ_CONSUME_CHECK_CONSUMER) timestamp=11140 ms, used_size=13488128 bytes (32.9%)
(RDMA_READ_CONSUME_CHECK_CONSUMER) timestamp=11140 ms, used_size=13486080 bytes (32.9%)
(RDMA_READ_CONSUME_CHECK_CONSUMER) timestamp=11140 ms, used_size=13484032 bytes (32.9%)
(RDMA_READ_CONSUME_CHECK_CONSUMER) timestamp=11140 ms, used_size=13481984 bytes (32.9%)
(RDMA_READ_CONSUME_CHECK_CONSUMER) timestamp=11140 ms, used_size=13479936 bytes (32.9%)
(RDMA_READ_CONSUME_CHECK_CONSUMER) timestamp=11140 ms, used_size=13477888 bytes (32.9%)
(RDMA_READ_CONSUME_CHECK_CONSUMER) timestamp=11140 ms, used_size=13475840 bytes (32.9%)
(RDMA_READ_CONSUME_CHECK_CONSUMER) timestamp=11140 ms, used_size=13473792 bytes (32.9%)
(RDMA_READ_CONSUME_CHECK_CONSUMER) timestamp=11140 ms, used_size=13471744 bytes (32.9%)
(RDMA_READ_CONSUME_CHECK_CONSUMER) timestamp=11140 ms, used_size=13469696 bytes (32.9%)
(RDMA_READ_CONSUME_CHECK_CONSUMER) timestamp=11140 ms, used_size=13467648 bytes (32.9%)
(RDMA_READ_CONSUME_CHECK_CONSUMER) timestamp=11140 ms, used_size=13465600 bytes (32.9%)
(RDMA_READ_CONSUME_CHECK_CONSUMER) timestamp=11140 ms, used_size=13463552 bytes (32.9%)
(RDMA_READ_CONSUME_CHECK_CONSUMER) timestamp=11140 ms, used_size=13461504 bytes (32.9%)
(RDMA_READ_CONSUME_CHECK_CONSUMER) timestamp=11140 ms, used_size=13459456 bytes (32.9%)
(RDMA_READ_CONSUME_CHECK_CONSUMER) timestamp=11140 ms, used_size=13457408 bytes (32.9%)
(RDMA_READ_CONSUME_CHECK_CONSUMER) timestamp=11140 ms, used_size=13455360 bytes (32.9%)
(RDMA_READ_CONSUME_CHECK_CONSUMER) timestamp=11140 ms, used_size=13453312 bytes (32.8%)
(RDMA_READ_CONSUME_CHECK_CONSUMER) timestamp=11140 ms, used_size=13451264 bytes (32.8%)
(RDMA_READ_CONSUME_CHECK_CONSUMER) timestamp=11140 ms, used_size=13449216 bytes (32.8%)
(RDMA_READ_CONSUME_CHECK_CONSUMER) timestamp=11140 ms, used_size=13447168 bytes (32.8%)
(RDMA_READ_CONSUME_CHECK_CONSUMER) timestamp=11140 ms, used_size=13445120 bytes (32.8%)
(RDMA_READ_CONSUME_CHECK_CONSUMER) timestamp=11140 ms, used_size=13443072 bytes (32.8%)
(RDMA_READ_CONSUME_CHECK_CONSUMER) timestamp=11140 ms, used_size=13441024 bytes (32.8%)
(RDMA_READ_CONSUME_CHECK_CONSUMER) timestamp=11140 ms, used_size=13438976 bytes (32.8%)
(RDMA_READ_CONSUME_CHECK_CONSUMER) timestamp=11140 ms, used_size=13436928 bytes (32.8%)
(RDMA_READ_CONSUME_CHECK_CONSUMER) timestamp=11140 ms, used_size=13434880 bytes (32.8%)
(RDMA_READ_CONSUME_CHECK_CONSUMER) timestamp=11140 ms, used_size=13432832 bytes (32.8%)
(RDMA_READ_CONSUME_CHECK_CONSUMER) timestamp=11140 ms, used_size=13430784 bytes (32.8%)
(RDMA_READ_CONSUME_CHECK_CONSUMER) timestamp=11140 ms, used_size=13428736 bytes (32.8%)
(RDMA_READ_CONSUME_CHECK_CONSUMER) timestamp=11140 ms, used_size=13426688 bytes (32.8%)
(RDMA_READ_CONSUME_CHECK_CONSUMER) timestamp=11141 ms, used_size=13424640 bytes (32.8%)
(RDMA_READ_CONSUME_CHECK_CONSUMER) timestamp=11141 ms, used_size=13422592 bytes (32.8%)
(RDMA_READ_CONSUME_CHECK_CONSUMER) timestamp=11141 ms, used_size=13420544 bytes (32.8%)
(RDMA_READ_CONSUME_CHECK_CONSUMER) timestamp=11141 ms, used_size=13418496 bytes (32.8%)
(RDMA_READ_CONSUME_CHECK_CONSUMER) timestamp=11141 ms, used_size=13416448 bytes (32.8%)
(RDMA_READ_CONSUME_CHECK_CONSUMER) timestamp=11141 ms, used_size=13414400 bytes (32.8%)
(RDMA_READ_CONSUME_CHECK_CONSUMER) timestamp=11141 ms, used_size=13412352 bytes (32.7%)
(RDMA_READ_CONSUME_CHECK_CONSUMER) timestamp=11141 ms, used_size=13410304 bytes (32.7%)
(RDMA_READ_CONSUME_CHECK_CONSUMER) timestamp=11141 ms, used_size=13408256 bytes (32.7%)
(RDMA_READ_CONSUME_CHECK_CONSUMER) timestamp=11141 ms, used_size=13406208 bytes (32.7%)
(RDMA_READ_CONSUME_CHECK_CONSUMER) timestamp=11141 ms, used_size=13404160 bytes (32.7%)
(RDMA_READ_CONSUME_CHECK_CONSUMER) timestamp=11141 ms, used_size=13402112 bytes (32.7%)
(RDMA_READ_CONSUME_CHECK_CONSUMER) timestamp=11141 ms, used_size=13400064 bytes (32.7%)
(RDMA_READ_CONSUME_CHECK_CONSUMER) timestamp=11141 ms, used_size=13398016 bytes (32.7%)
(RDMA_READ_CONSUME_CHECK_CONSUMER) timestamp=11141 ms, used_size=13395968 bytes (32.7%)
(RDMA_READ_CONSUME_CHECK_CONSUMER) timestamp=11141 ms, used_size=13393920 bytes (32.7%)
(RDMA_READ_CONSUME_CHECK_CONSUMER) timestamp=11141 ms, used_size=13391872 bytes (32.7%)
(RDMA_READ_CONSUME_CHECK_CONSUMER) timestamp=11141 ms, used_size=13389824 bytes (32.7%)
(RDMA_READ_CONSUME_CHECK_CONSUMER) timestamp=11141 ms, used_size=13387776 bytes (32.7%)
(RDMA_READ_CONSUME_CHECK_CONSUMER) timestamp=11141 ms, used_size=13385728 bytes (32.7%)
(RDMA_READ_CONSUME_CHECK_CONSUMER) timestamp=11141 ms, used_size=13383680 bytes (32.7%)
(RDMA_READ_CONSUME_CHECK_CONSUMER) timestamp=11141 ms, used_size=13381632 bytes (32.7%)
(RDMA_READ_CONSUME_CHECK_CONSUMER) timestamp=11141 ms, used_size=13379584 bytes (32.7%)
(RDMA_READ_CONSUME_CHECK_CONSUMER) timestamp=11141 ms, used_size=13377536 bytes (32.7%)
(RDMA_READ_CONSUME_CHECK_CONSUMER) timestamp=11141 ms, used_size=13375488 bytes (32.7%)
(RDMA_READ_CONSUME_CHECK_CONSUMER) timestamp=11141 ms, used_size=13373440 bytes (32.6%)
(RDMA_READ_CONSUME_CHECK_CONSUMER) timestamp=11141 ms, used_size=13371392 bytes (32.6%)
(RDMA_READ_CONSUME_CHECK_CONSUMER) timestamp=11141 ms, used_size=13369344 bytes (32.6%)
(RDMA_READ_CONSUME_CHECK_CONSUMER) timestamp=11141 ms, used_size=13367296 bytes (32.6%)
(RDMA_READ_CONSUME_CHECK_CONSUMER) timestamp=11141 ms, used_size=13365248 bytes (32.6%)
(RDMA_READ_CONSUME_CHECK_CONSUMER) timestamp=11141 ms, used_size=13363200 bytes (32.6%)
(RDMA_READ_CONSUME_CHECK_CONSUMER) timestamp=11141 ms, used_size=13361152 bytes (32.6%)
(RDMA_READ_CONSUME_CHECK_CONSUMER) timestamp=11141 ms, used_size=13359104 bytes (32.6%)
(RDMA_READ_CONSUME_CHECK_CONSUMER) timestamp=11141 ms, used_size=13357056 bytes (32.6%)
(RDMA_READ_CONSUME_CHECK_CONSUMER) timestamp=11141 ms, used_size=13355008 bytes (32.6%)
(RDMA_READ_CONSUME_CHECK_CONSUMER) timestamp=11141 ms, used_size=13352960 bytes (32.6%)
(RDMA_READ_CONSUME_CHECK_CONSUMER) timestamp=11141 ms, used_size=13350912 bytes (32.6%)
(RDMA_READ_CONSUME_CHECK_CONSUMER) timestamp=11141 ms, used_size=13348864 bytes (32.6%)
(RDMA_READ_CONSUME_CHECK_CONSUMER) timestamp=11141 ms, used_size=13346816 bytes (32.6%)
(RDMA_READ_CONSUME_CHECK_CONSUMER) timestamp=11141 ms, used_size=13344768 bytes (32.6%)
(RDMA_READ_CONSUME_CHECK_CONSUMER) timestamp=11141 ms, used_size=13342720 bytes (32.6%)
(RDMA_READ_CONSUME_CHECK_CONSUMER) timestamp=11141 ms, used_size=13340672 bytes (32.6%)
(RDMA_READ_CONSUME_CHECK_CONSUMER) timestamp=11141 ms, used_size=13338624 bytes (32.6%)
(RDMA_READ_CONSUME_CHECK_CONSUMER) timestamp=11141 ms, used_size=13336576 bytes (32.6%)
(RDMA_READ_CONSUME_CHECK_CONSUMER) timestamp=11141 ms, used_size=13334528 bytes (32.6%)
(RDMA_READ_CONSUME_CHECK_CONSUMER) timestamp=11141 ms, used_size=13332480 bytes (32.5%)
(RDMA_READ_CONSUME_CHECK_CONSUMER) timestamp=11141 ms, used_size=13330432 bytes (32.5%)
(RDMA_READ_CONSUME_CHECK_CONSUMER) timestamp=11141 ms, used_size=13328384 bytes (32.5%)
(RDMA_READ_CONSUME_CHECK_CONSUMER) timestamp=11141 ms, used_size=13326336 bytes (32.5%)
(RDMA_READ_CONSUME_CHECK_CONSUMER) timestamp=11141 ms, used_size=13324288 bytes (32.5%)
(RDMA_READ_CONSUME_CHECK_CONSUMER) timestamp=11141 ms, used_size=13322240 bytes (32.5%)
(RDMA_READ_CONSUME_CHECK_CONSUMER) timestamp=11141 ms, used_size=13320192 bytes (32.5%)
(RDMA_READ_CONSUME_CHECK_CONSUMER) timestamp=11141 ms, used_size=13318144 bytes (32.5%)
(RDMA_READ_CONSUME_CHECK_CONSUMER) timestamp=11141 ms, used_size=13316096 bytes (32.5%)
(RDMA_READ_CONSUME_CHECK_CONSUMER) timestamp=11141 ms, used_size=13314048 bytes (32.5%)
(RDMA_READ_CONSUME_CHECK_CONSUMER) timestamp=11141 ms, used_size=13312000 bytes (32.5%)
(RDMA_READ_CONSUME_CHECK_CONSUMER) timestamp=11141 ms, used_size=13309952 bytes (32.5%)
(RDMA_READ_CONSUME_CHECK_CONSUMER) timestamp=11141 ms, used_size=13307904 bytes (32.5%)
(RDMA_READ_CONSUME_CHECK_CONSUMER) timestamp=11141 ms, used_size=13305856 bytes (32.5%)
(RDMA_READ_CONSUME_CHECK_CONSUMER) timestamp=11141 ms, used_size=13303808 bytes (32.5%)
(RDMA_READ_CONSUME_CHECK_CONSUMER) timestamp=11141 ms, used_size=13301760 bytes (32.5%)
(RDMA_READ_CONSUME_CHECK_CONSUMER) timestamp=11141 ms, used_size=13299712 bytes (32.5%)
(RDMA_READ_CONSUME_CHECK_CONSUMER) timestamp=11141 ms, used_size=13297664 bytes (32.5%)
(RDMA_READ_CONSUME_CHECK_CONSUMER) timestamp=11141 ms, used_size=13295616 bytes (32.5%)
(RDMA_READ_CONSUME_CHECK_CONSUMER) timestamp=11141 ms, used_size=13293568 bytes (32.5%)
(RDMA_READ_CONSUME_CHECK_CONSUMER) timestamp=11141 ms, used_size=13291520 bytes (32.5%)
(RDMA_READ_CONSUME_CHECK_CONSUMER) timestamp=11141 ms, used_size=13289472 bytes (32.4%)
(RDMA_READ_CONSUME_CHECK_CONSUMER) timestamp=11141 ms, used_size=13287424 bytes (32.4%)
(RDMA_READ_CONSUME_CHECK_CONSUMER) timestamp=11141 ms, used_size=13285376 bytes (32.4%)
(RDMA_READ_CONSUME_CHECK_CONSUMER) timestamp=11141 ms, used_size=13283328 bytes (32.4%)
(RDMA_READ_CONSUME_CHECK_CONSUMER) timestamp=11141 ms, used_size=13281280 bytes (32.4%)
(RDMA_READ_CONSUME_CHECK_CONSUMER) timestamp=11141 ms, used_size=13279232 bytes (32.4%)
(RDMA_READ_CONSUME_CHECK_CONSUMER) timestamp=11141 ms, used_size=13277184 bytes (32.4%)
(RDMA_READ_CONSUME_CHECK_CONSUMER) timestamp=11141 ms, used_size=13275136 bytes (32.4%)
(RDMA_READ_CONSUME_CHECK_CONSUMER) timestamp=11141 ms, used_size=13273088 bytes (32.4%)
(RDMA_READ_CONSUME_CHECK_CONSUMER) timestamp=11141 ms, used_size=13271040 bytes (32.4%)
(RDMA_READ_CONSUME_CHECK_CONSUMER) timestamp=11141 ms, used_size=13268992 bytes (32.4%)
(RDMA_READ_CONSUME_CHECK_CONSUMER) timestamp=11141 ms, used_size=13266944 bytes (32.4%)
(RDMA_READ_CONSUME_CHECK_CONSUMER) timestamp=11141 ms, used_size=13264896 bytes (32.4%)
(RDMA_READ_CONSUME_CHECK_CONSUMER) timestamp=11141 ms, used_size=13262848 bytes (32.4%)
(RDMA_READ_CONSUME_CHECK_CONSUMER) timestamp=11141 ms, used_size=13260800 bytes (32.4%)
(RDMA_READ_CONSUME_CHECK_CONSUMER) timestamp=11141 ms, used_size=13258752 bytes (32.4%)
(RDMA_READ_CONSUME_CHECK_CONSUMER) timestamp=11141 ms, used_size=13256704 bytes (32.4%)
(RDMA_READ_CONSUME_CHECK_CONSUMER) timestamp=11141 ms, used_size=13254656 bytes (32.4%)
(RDMA_READ_CONSUME_CHECK_CONSUMER) timestamp=11141 ms, used_size=13252608 bytes (32.4%)
(RDMA_READ_CONSUME_CHECK_CONSUMER) timestamp=11141 ms, used_size=13250560 bytes (32.4%)
(RDMA_READ_CONSUME_CHECK_CONSUMER) timestamp=11141 ms, used_size=13248512 bytes (32.3%)
(RDMA_READ_CONSUME_CHECK_CONSUMER) timestamp=11141 ms, used_size=13246464 bytes (32.3%)
(RDMA_READ_CONSUME_CHECK_CONSUMER) timestamp=11141 ms, used_size=13244416 bytes (32.3%)
(RDMA_READ_CONSUME_CHECK_CONSUMER) timestamp=11141 ms, used_size=13242368 bytes (32.3%)
(RDMA_READ_CONSUME_CHECK_CONSUMER) timestamp=11141 ms, used_size=13240320 bytes (32.3%)
(RDMA_READ_CONSUME_CHECK_CONSUMER) timestamp=11141 ms, used_size=13238272 bytes (32.3%)
(RDMA_READ_CONSUME_CHECK_CONSUMER) timestamp=11141 ms, used_size=13236224 bytes (32.3%)
(RDMA_READ_CONSUME_CHECK_CONSUMER) timestamp=11141 ms, used_size=13234176 bytes (32.3%)
(RDMA_READ_CONSUME_CHECK_CONSUMER) timestamp=11141 ms, used_size=13232128 bytes (32.3%)
(RDMA_READ_CONSUME_CHECK_CONSUMER) timestamp=11141 ms, used_size=13230080 bytes (32.3%)
(RDMA_READ_CONSUME_CHECK_CONSUMER) timestamp=11141 ms, used_size=13228032 bytes (32.3%)
(RDMA_READ_CONSUME_CHECK_CONSUMER) timestamp=11141 ms, used_size=13225984 bytes (32.3%)
(RDMA_READ_CONSUME_CHECK_CONSUMER) timestamp=11141 ms, used_size=13223936 bytes (32.3%)
(RDMA_READ_CONSUME_CHECK_CONSUMER) timestamp=11141 ms, used_size=13221888 bytes (32.3%)
(RDMA_READ_CONSUME_CHECK_CONSUMER) timestamp=11141 ms, used_size=13219840 bytes (32.3%)
(RDMA_READ_CONSUME_CHECK_CONSUMER) timestamp=11141 ms, used_size=13217792 bytes (32.3%)
(RDMA_READ_CONSUME_CHECK_CONSUMER) timestamp=11141 ms, used_size=13215744 bytes (32.3%)
(RDMA_READ_CONSUME_CHECK_CONSUMER) timestamp=11141 ms, used_size=13213696 bytes (32.3%)
(RDMA_READ_CONSUME_CHECK_CONSUMER) timestamp=11141 ms, used_size=13211648 bytes (32.3%)
(RDMA_READ_CONSUME_CHECK_CONSUMER) timestamp=11141 ms, used_size=13209600 bytes (32.2%)
(RDMA_READ_CONSUME_CHECK_CONSUMER) timestamp=11141 ms, used_size=13207552 bytes (32.2%)
(RDMA_READ_CONSUME_CHECK_CONSUMER) timestamp=11141 ms, used_size=13205504 bytes (32.2%)
(RDMA_READ_CONSUME_CHECK_CONSUMER) timestamp=11141 ms, used_size=13203456 bytes (32.2%)
(RDMA_READ_CONSUME_CHECK_CONSUMER) timestamp=11141 ms, used_size=13201408 bytes (32.2%)
(RDMA_READ_CONSUME_CHECK_CONSUMER) timestamp=11141 ms, used_size=13199360 bytes (32.2%)
(RDMA_READ_CONSUME_CHECK_CONSUMER) timestamp=11141 ms, used_size=13197312 bytes (32.2%)
(RDMA_READ_CONSUME_CHECK_CONSUMER) timestamp=11141 ms, used_size=13195264 bytes (32.2%)
(RDMA_READ_CONSUME_CHECK_CONSUMER) timestamp=11141 ms, used_size=13193216 bytes (32.2%)
(RDMA_READ_CONSUME_CHECK_CONSUMER) timestamp=11141 ms, used_size=13191168 bytes (32.2%)
(RDMA_READ_CONSUME_CHECK_CONSUMER) timestamp=11141 ms, used_size=13189120 bytes (32.2%)
(RDMA_READ_CONSUME_CHECK_CONSUMER) timestamp=11141 ms, used_size=13187072 bytes (32.2%)
(RDMA_READ_CONSUME_CHECK_CONSUMER) timestamp=11141 ms, used_size=13185024 bytes (32.2%)
(RDMA_READ_CONSUME_CHECK_CONSUMER) timestamp=11141 ms, used_size=13182976 bytes (32.2%)
(RDMA_READ_CONSUME_CHECK_CONSUMER) timestamp=11141 ms, used_size=13180928 bytes (32.2%)
(RDMA_READ_CONSUME_CHECK_CONSUMER) timestamp=11141 ms, used_size=13178880 bytes (32.2%)
(RDMA_READ_CONSUME_CHECK_CONSUMER) timestamp=11141 ms, used_size=13176832 bytes (32.2%)
(RDMA_READ_CONSUME_CHECK_CONSUMER) timestamp=11141 ms, used_size=13174784 bytes (32.2%)
(RDMA_READ_CONSUME_CHECK_CONSUMER) timestamp=11141 ms, used_size=13172736 bytes (32.2%)
(RDMA_READ_CONSUME_CHECK_CONSUMER) timestamp=11141 ms, used_size=13170688 bytes (32.2%)
(RDMA_READ_CONSUME_CHECK_CONSUMER) timestamp=11141 ms, used_size=13168640 bytes (32.1%)
(RDMA_READ_CONSUME_CHECK_CONSUMER) timestamp=11141 ms, used_size=13166592 bytes (32.1%)
(RDMA_READ_CONSUME_CHECK_CONSUMER) timestamp=11141 ms, used_size=13164544 bytes (32.1%)
(RDMA_READ_CONSUME_CHECK_CONSUMER) timestamp=11141 ms, used_size=13162496 bytes (32.1%)
(RDMA_READ_CONSUME_CHECK_CONSUMER) timestamp=11141 ms, used_size=13160448 bytes (32.1%)
(RDMA_READ_CONSUME_CHECK_CONSUMER) timestamp=11141 ms, used_size=13158400 bytes (32.1%)
(RDMA_READ_CONSUME_CHECK_CONSUMER) timestamp=11141 ms, used_size=13156352 bytes (32.1%)
(RDMA_READ_CONSUME_CHECK_CONSUMER) timestamp=11141 ms, used_size=13154304 bytes (32.1%)
(RDMA_READ_CONSUME_CHECK_CONSUMER) timestamp=11141 ms, used_size=13152256 bytes (32.1%)
(RDMA_READ_CONSUME_CHECK_CONSUMER) timestamp=11141 ms, used_size=13150208 bytes (32.1%)
(RDMA_READ_CONSUME_CHECK_CONSUMER) timestamp=11141 ms, used_size=13148160 bytes (32.1%)
(RDMA_READ_CONSUME_CHECK_CONSUMER) timestamp=11141 ms, used_size=13146112 bytes (32.1%)
(RDMA_READ_CONSUME_CHECK_CONSUMER) timestamp=11141 ms, used_size=13144064 bytes (32.1%)
(RDMA_READ_CONSUME_CHECK_CONSUMER) timestamp=11141 ms, used_size=13142016 bytes (32.1%)
(RDMA_READ_CONSUME_CHECK_CONSUMER) timestamp=11141 ms, used_size=13139968 bytes (32.1%)
(RDMA_READ_CONSUME_CHECK_CONSUMER) timestamp=11141 ms, used_size=13137920 bytes (32.1%)
(RDMA_READ_CONSUME_CHECK_CONSUMER) timestamp=11141 ms, used_size=13135872 bytes (32.1%)
(RDMA_READ_CONSUME_CHECK_CONSUMER) timestamp=11141 ms, used_size=13133824 bytes (32.1%)
(RDMA_READ_CONSUME_CHECK_CONSUMER) timestamp=11141 ms, used_size=13131776 bytes (32.1%)
(RDMA_READ_CONSUME_CHECK_CONSUMER) timestamp=11141 ms, used_size=13129728 bytes (32.1%)
(RDMA_READ_CONSUME_CHECK_CONSUMER) timestamp=11141 ms, used_size=13127680 bytes (32.0%)
(RDMA_READ_CONSUME_CHECK_CONSUMER) timestamp=11141 ms, used_size=13125632 bytes (32.0%)
(RDMA_READ_CONSUME_CHECK_CONSUMER) timestamp=11141 ms, used_size=13123584 bytes (32.0%)
(RDMA_READ_CONSUME_CHECK_CONSUMER) timestamp=11141 ms, used_size=13121536 bytes (32.0%)
(RDMA_READ_CONSUME_CHECK_CONSUMER) timestamp=11141 ms, used_size=13119488 bytes (32.0%)
(RDMA_READ_CONSUME_CHECK_CONSUMER) timestamp=11141 ms, used_size=13117440 bytes (32.0%)
(RDMA_READ_CONSUME_CHECK_CONSUMER) timestamp=11141 ms, used_size=13115392 bytes (32.0%)
(RDMA_READ_CONSUME_CHECK_CONSUMER) timestamp=11141 ms, used_size=13113344 bytes (32.0%)
(RDMA_READ_CONSUME_CHECK_CONSUMER) timestamp=11141 ms, used_size=13111296 bytes (32.0%)
(RDMA_READ_CONSUME_CHECK_CONSUMER) timestamp=11141 ms, used_size=13109248 bytes (32.0%)
(RDMA_READ_CONSUME_CHECK_CONSUMER) timestamp=11141 ms, used_size=13107200 bytes (32.0%)
(RDMA_READ_CONSUME_CHECK_CONSUMER) timestamp=11141 ms, used_size=13105152 bytes (32.0%)
(RDMA_READ_CONSUME_CHECK_CONSUMER) timestamp=11141 ms, used_size=13103104 bytes (32.0%)
(RDMA_READ_CONSUME_CHECK_CONSUMER) timestamp=11141 ms, used_size=13101056 bytes (32.0%)
(RDMA_READ_CONSUME_CHECK_CONSUMER) timestamp=11141 ms, used_size=13099008 bytes (32.0%)
(RDMA_READ_CONSUME_CHECK_CONSUMER) timestamp=11141 ms, used_size=13096960 bytes (32.0%)
(RDMA_READ_CONSUME_CHECK_CONSUMER) timestamp=11141 ms, used_size=13094912 bytes (32.0%)
(RDMA_READ_CONSUME_CHECK_CONSUMER) timestamp=11141 ms, used_size=13092864 bytes (32.0%)
(RDMA_READ_CONSUME_CHECK_CONSUMER) timestamp=11141 ms, used_size=13090816 bytes (32.0%)
(RDMA_READ_CONSUME_CHECK_CONSUMER) timestamp=11141 ms, used_size=13088768 bytes (32.0%)
(RDMA_READ_CONSUME_CHECK_CONSUMER) timestamp=11141 ms, used_size=13086720 bytes (31.9%)
(RDMA_READ_CONSUME_CHECK_CONSUMER) timestamp=11141 ms, used_size=13084672 bytes (31.9%)
(RDMA_READ_CONSUME_CHECK_CONSUMER) timestamp=11141 ms, used_size=13082624 bytes (31.9%)
(RDMA_READ_CONSUME_CHECK_CONSUMER) timestamp=11141 ms, used_size=13080576 bytes (31.9%)
(RDMA_READ_CONSUME_CHECK_CONSUMER) timestamp=11141 ms, used_size=13078528 bytes (31.9%)
(RDMA_READ_CONSUME_CHECK_CONSUMER) timestamp=11141 ms, used_size=13076480 bytes (31.9%)
(RDMA_READ_CONSUME_CHECK_CONSUMER) timestamp=11141 ms, used_size=13074432 bytes (31.9%)
(RDMA_READ_CONSUME_CHECK_CONSUMER) timestamp=11141 ms, used_size=13072384 bytes (31.9%)
(RDMA_READ_CONSUME_CHECK_CONSUMER) timestamp=11141 ms, used_size=13070336 bytes (31.9%)
(RDMA_READ_CONSUME_CHECK_CONSUMER) timestamp=11142 ms, used_size=13068288 bytes (31.9%)
(RDMA_READ_CONSUME_CHECK_CONSUMER) timestamp=11142 ms, used_size=13066240 bytes (31.9%)
(RDMA_READ_CONSUME_CHECK_CONSUMER) timestamp=11142 ms, used_size=13064192 bytes (31.9%)
(RDMA_READ_CONSUME_CHECK_CONSUMER) timestamp=11142 ms, used_size=13062144 bytes (31.9%)
(RDMA_READ_CONSUME_CHECK_CONSUMER) timestamp=11142 ms, used_size=13060096 bytes (31.9%)
(RDMA_READ_CONSUME_CHECK_CONSUMER) timestamp=11142 ms, used_size=13058048 bytes (31.9%)
(RDMA_READ_CONSUME_CHECK_CONSUMER) timestamp=11142 ms, used_size=13056000 bytes (31.9%)
(RDMA_READ_CONSUME_CHECK_CONSUMER) timestamp=11142 ms, used_size=13053952 bytes (31.9%)
(RDMA_READ_CONSUME_CHECK_CONSUMER) timestamp=11142 ms, used_size=13051904 bytes (31.9%)
(RDMA_READ_CONSUME_CHECK_CONSUMER) timestamp=11142 ms, used_size=13049856 bytes (31.9%)
(RDMA_READ_CONSUME_CHECK_CONSUMER) timestamp=11142 ms, used_size=13047808 bytes (31.9%)
(RDMA_READ_CONSUME_CHECK_CONSUMER) timestamp=11142 ms, used_size=13045760 bytes (31.9%)
(RDMA_READ_CONSUME_CHECK_CONSUMER) timestamp=11142 ms, used_size=13043712 bytes (31.8%)
(RDMA_READ_CONSUME_CHECK_CONSUMER) timestamp=11142 ms, used_size=13041664 bytes (31.8%)
(RDMA_READ_CONSUME_CHECK_CONSUMER) timestamp=11142 ms, used_size=13039616 bytes (31.8%)
(RDMA_READ_CONSUME_CHECK_CONSUMER) timestamp=11142 ms, used_size=13037568 bytes (31.8%)
(RDMA_READ_CONSUME_CHECK_CONSUMER) timestamp=11142 ms, used_size=13035520 bytes (31.8%)
(RDMA_READ_CONSUME_CHECK_CONSUMER) timestamp=11142 ms, used_size=13033472 bytes (31.8%)
(RDMA_READ_CONSUME_CHECK_CONSUMER) timestamp=11142 ms, used_size=13031424 bytes (31.8%)
(RDMA_READ_CONSUME_CHECK_CONSUMER) timestamp=11142 ms, used_size=13029376 bytes (31.8%)
(RDMA_READ_CONSUME_CHECK_CONSUMER) timestamp=11142 ms, used_size=13027328 bytes (31.8%)
(RDMA_READ_CONSUME_CHECK_CONSUMER) timestamp=11142 ms, used_size=13025280 bytes (31.8%)
(RDMA_READ_CONSUME_CHECK_CONSUMER) timestamp=11142 ms, used_size=13023232 bytes (31.8%)
(RDMA_READ_CONSUME_CHECK_CONSUMER) timestamp=11142 ms, used_size=13021184 bytes (31.8%)
(RDMA_READ_CONSUME_CHECK_CONSUMER) timestamp=11142 ms, used_size=13019136 bytes (31.8%)
(RDMA_READ_CONSUME_CHECK_CONSUMER) timestamp=11142 ms, used_size=13017088 bytes (31.8%)
(RDMA_READ_CONSUME_CHECK_CONSUMER) timestamp=11142 ms, used_size=13015040 bytes (31.8%)
(RDMA_READ_CONSUME_CHECK_CONSUMER) timestamp=11142 ms, used_size=13012992 bytes (31.8%)
(RDMA_READ_CONSUME_CHECK_CONSUMER) timestamp=11142 ms, used_size=13010944 bytes (31.8%)
(RDMA_READ_CONSUME_CHECK_CONSUMER) timestamp=11142 ms, used_size=13008896 bytes (31.8%)
(RDMA_READ_CONSUME_CHECK_CONSUMER) timestamp=11142 ms, used_size=13006848 bytes (31.8%)
(RDMA_READ_CONSUME_CHECK_CONSUMER) timestamp=11142 ms, used_size=13004800 bytes (31.8%)
(RDMA_READ_CONSUME_CHECK_CONSUMER) timestamp=11142 ms, used_size=13002752 bytes (31.7%)
(RDMA_READ_CONSUME_CHECK_CONSUMER) timestamp=11142 ms, used_size=13000704 bytes (31.7%)
(RDMA_READ_CONSUME_CHECK_CONSUMER) timestamp=11142 ms, used_size=12998656 bytes (31.7%)
(RDMA_READ_CONSUME_CHECK_CONSUMER) timestamp=11142 ms, used_size=12996608 bytes (31.7%)
(RDMA_READ_CONSUME_CHECK_CONSUMER) timestamp=11142 ms, used_size=12994560 bytes (31.7%)
(RDMA_READ_CONSUME_CHECK_CONSUMER) timestamp=11142 ms, used_size=12992512 bytes (31.7%)
(RDMA_READ_CONSUME_CHECK_CONSUMER) timestamp=11142 ms, used_size=12990464 bytes (31.7%)
(RDMA_READ_CONSUME_CHECK_CONSUMER) timestamp=11142 ms, used_size=12988416 bytes (31.7%)
(RDMA_READ_CONSUME_CHECK_CONSUMER) timestamp=11142 ms, used_size=12986368 bytes (31.7%)
(RDMA_READ_CONSUME_CHECK_CONSUMER) timestamp=11142 ms, used_size=12984320 bytes (31.7%)
(RDMA_READ_CONSUME_CHECK_CONSUMER) timestamp=11142 ms, used_size=12982272 bytes (31.7%)
(RDMA_READ_CONSUME_CHECK_CONSUMER) timestamp=11142 ms, used_size=12980224 bytes (31.7%)
(RDMA_READ_CONSUME_CHECK_CONSUMER) timestamp=11142 ms, used_size=12978176 bytes (31.7%)
(RDMA_READ_CONSUME_CHECK_CONSUMER) timestamp=11142 ms, used_size=12976128 bytes (31.7%)
(RDMA_READ_CONSUME_CHECK_CONSUMER) timestamp=11142 ms, used_size=12974080 bytes (31.7%)
(RDMA_READ_CONSUME_CHECK_CONSUMER) timestamp=11142 ms, used_size=12972032 bytes (31.7%)
(RDMA_READ_CONSUME_CHECK_CONSUMER) timestamp=11142 ms, used_size=12969984 bytes (31.7%)
(RDMA_READ_CONSUME_CHECK_CONSUMER) timestamp=11142 ms, used_size=12967936 bytes (31.7%)
(RDMA_READ_CONSUME_CHECK_CONSUMER) timestamp=11142 ms, used_size=12965888 bytes (31.7%)
(RDMA_READ_CONSUME_CHECK_CONSUMER) timestamp=11142 ms, used_size=12963840 bytes (31.6%)
(RDMA_READ_CONSUME_CHECK_CONSUMER) timestamp=11142 ms, used_size=12961792 bytes (31.6%)
(RDMA_READ_CONSUME_CHECK_CONSUMER) timestamp=11142 ms, used_size=12959744 bytes (31.6%)
(RDMA_READ_CONSUME_CHECK_CONSUMER) timestamp=11142 ms, used_size=12957696 bytes (31.6%)
(RDMA_READ_CONSUME_CHECK_CONSUMER) timestamp=11142 ms, used_size=12955648 bytes (31.6%)
(RDMA_READ_CONSUME_CHECK_CONSUMER) timestamp=11142 ms, used_size=12953600 bytes (31.6%)
(RDMA_READ_CONSUME_CHECK_CONSUMER) timestamp=11142 ms, used_size=12951552 bytes (31.6%)
(RDMA_READ_CONSUME_CHECK_CONSUMER) timestamp=11142 ms, used_size=12949504 bytes (31.6%)
(RDMA_READ_CONSUME_CHECK_CONSUMER) timestamp=11142 ms, used_size=12947456 bytes (31.6%)
(RDMA_READ_CONSUME_CHECK_CONSUMER) timestamp=11142 ms, used_size=12945408 bytes (31.6%)
(RDMA_READ_CONSUME_CHECK_CONSUMER) timestamp=11142 ms, used_size=12943360 bytes (31.6%)
(RDMA_READ_CONSUME_CHECK_CONSUMER) timestamp=11142 ms, used_size=12941312 bytes (31.6%)
(RDMA_READ_CONSUME_CHECK_CONSUMER) timestamp=11142 ms, used_size=12939264 bytes (31.6%)
(RDMA_READ_CONSUME_CHECK_CONSUMER) timestamp=11142 ms, used_size=12937216 bytes (31.6%)
(RDMA_READ_CONSUME_CHECK_CONSUMER) timestamp=11142 ms, used_size=12935168 bytes (31.6%)
(RDMA_READ_CONSUME_CHECK_CONSUMER) timestamp=11142 ms, used_size=12933120 bytes (31.6%)
(RDMA_READ_CONSUME_CHECK_CONSUMER) timestamp=11142 ms, used_size=12931072 bytes (31.6%)
(RDMA_READ_CONSUME_CHECK_CONSUMER) timestamp=11142 ms, used_size=12929024 bytes (31.6%)
(RDMA_READ_CONSUME_CHECK_CONSUMER) timestamp=11142 ms, used_size=12926976 bytes (31.6%)
(RDMA_READ_CONSUME_CHECK_CONSUMER) timestamp=11142 ms, used_size=12924928 bytes (31.6%)
(RDMA_READ_CONSUME_CHECK_CONSUMER) timestamp=11142 ms, used_size=12922880 bytes (31.6%)
(RDMA_READ_CONSUME_CHECK_CONSUMER) timestamp=11142 ms, used_size=12920832 bytes (31.5%)
(RDMA_READ_CONSUME_CHECK_CONSUMER) timestamp=11142 ms, used_size=12918784 bytes (31.5%)
(RDMA_READ_CONSUME_CHECK_CONSUMER) timestamp=11142 ms, used_size=12916736 bytes (31.5%)
(RDMA_READ_CONSUME_CHECK_CONSUMER) timestamp=11142 ms, used_size=12914688 bytes (31.5%)
(RDMA_READ_CONSUME_CHECK_CONSUMER) timestamp=11142 ms, used_size=12912640 bytes (31.5%)
(RDMA_READ_CONSUME_CHECK_CONSUMER) timestamp=11142 ms, used_size=12910592 bytes (31.5%)
(RDMA_READ_CONSUME_CHECK_CONSUMER) timestamp=11142 ms, used_size=12908544 bytes (31.5%)
(RDMA_READ_CONSUME_CHECK_CONSUMER) timestamp=11142 ms, used_size=12906496 bytes (31.5%)
(RDMA_READ_CONSUME_CHECK_CONSUMER) timestamp=11142 ms, used_size=12904448 bytes (31.5%)
(RDMA_READ_CONSUME_CHECK_CONSUMER) timestamp=11142 ms, used_size=12902400 bytes (31.5%)
(RDMA_READ_CONSUME_CHECK_CONSUMER) timestamp=11142 ms, used_size=12900352 bytes (31.5%)
(RDMA_READ_CONSUME_CHECK_CONSUMER) timestamp=11142 ms, used_size=12898304 bytes (31.5%)
(RDMA_READ_CONSUME_CHECK_CONSUMER) timestamp=11142 ms, used_size=12896256 bytes (31.5%)
(RDMA_READ_CONSUME_CHECK_CONSUMER) timestamp=11142 ms, used_size=12894208 bytes (31.5%)
(RDMA_READ_CONSUME_CHECK_CONSUMER) timestamp=11142 ms, used_size=12892160 bytes (31.5%)
(RDMA_READ_CONSUME_CHECK_CONSUMER) timestamp=11142 ms, used_size=12890112 bytes (31.5%)
(RDMA_READ_CONSUME_CHECK_CONSUMER) timestamp=11142 ms, used_size=12888064 bytes (31.5%)
(RDMA_READ_CONSUME_CHECK_CONSUMER) timestamp=11142 ms, used_size=12886016 bytes (31.5%)
(RDMA_READ_CONSUME_CHECK_CONSUMER) timestamp=11142 ms, used_size=12883968 bytes (31.5%)
(RDMA_READ_CONSUME_CHECK_CONSUMER) timestamp=11142 ms, used_size=12881920 bytes (31.4%)
(RDMA_READ_CONSUME_CHECK_CONSUMER) timestamp=11142 ms, used_size=12879872 bytes (31.4%)
(RDMA_READ_CONSUME_CHECK_CONSUMER) timestamp=11142 ms, used_size=12877824 bytes (31.4%)
(RDMA_READ_CONSUME_CHECK_CONSUMER) timestamp=11142 ms, used_size=12875776 bytes (31.4%)
(RDMA_READ_CONSUME_CHECK_CONSUMER) timestamp=11142 ms, used_size=12873728 bytes (31.4%)
(RDMA_READ_CONSUME_CHECK_CONSUMER) timestamp=11142 ms, used_size=12871680 bytes (31.4%)
(RDMA_READ_CONSUME_CHECK_CONSUMER) timestamp=11142 ms, used_size=12869632 bytes (31.4%)
(RDMA_READ_CONSUME_CHECK_CONSUMER) timestamp=11142 ms, used_size=12867584 bytes (31.4%)
(RDMA_READ_CONSUME_CHECK_CONSUMER) timestamp=11142 ms, used_size=12865536 bytes (31.4%)
(RDMA_READ_CONSUME_CHECK_CONSUMER) timestamp=11142 ms, used_size=12863488 bytes (31.4%)
(RDMA_READ_CONSUME_CHECK_CONSUMER) timestamp=11142 ms, used_size=12861440 bytes (31.4%)
(RDMA_READ_CONSUME_CHECK_CONSUMER) timestamp=11142 ms, used_size=12859392 bytes (31.4%)
(RDMA_READ_CONSUME_CHECK_CONSUMER) timestamp=11142 ms, used_size=12857344 bytes (31.4%)
(RDMA_READ_CONSUME_CHECK_CONSUMER) timestamp=11142 ms, used_size=12855296 bytes (31.4%)
(RDMA_READ_CONSUME_CHECK_CONSUMER) timestamp=11142 ms, used_size=12853248 bytes (31.4%)
(RDMA_READ_CONSUME_CHECK_CONSUMER) timestamp=11142 ms, used_size=12851200 bytes (31.4%)
(RDMA_READ_CONSUME_CHECK_CONSUMER) timestamp=11142 ms, used_size=12849152 bytes (31.4%)
(RDMA_READ_CONSUME_CHECK_CONSUMER) timestamp=11142 ms, used_size=12847104 bytes (31.4%)
(RDMA_READ_CONSUME_CHECK_CONSUMER) timestamp=11142 ms, used_size=12845056 bytes (31.4%)
(RDMA_READ_CONSUME_CHECK_CONSUMER) timestamp=11142 ms, used_size=12843008 bytes (31.4%)
(RDMA_READ_CONSUME_CHECK_CONSUMER) timestamp=11142 ms, used_size=12840960 bytes (31.4%)
(RDMA_READ_CONSUME_CHECK_CONSUMER) timestamp=11142 ms, used_size=12838912 bytes (31.3%)
(RDMA_READ_CONSUME_CHECK_CONSUMER) timestamp=11142 ms, used_size=12836864 bytes (31.3%)
(RDMA_READ_CONSUME_CHECK_CONSUMER) timestamp=11142 ms, used_size=12834816 bytes (31.3%)
(RDMA_READ_CONSUME_CHECK_CONSUMER) timestamp=11142 ms, used_size=12832768 bytes (31.3%)
(RDMA_READ_CONSUME_CHECK_CONSUMER) timestamp=11142 ms, used_size=12830720 bytes (31.3%)
(RDMA_READ_CONSUME_CHECK_CONSUMER) timestamp=11142 ms, used_size=12828672 bytes (31.3%)
(RDMA_READ_CONSUME_CHECK_CONSUMER) timestamp=11142 ms, used_size=12826624 bytes (31.3%)
(RDMA_READ_CONSUME_CHECK_CONSUMER) timestamp=11142 ms, used_size=12824576 bytes (31.3%)
(RDMA_READ_CONSUME_CHECK_CONSUMER) timestamp=11142 ms, used_size=12822528 bytes (31.3%)
(RDMA_READ_CONSUME_CHECK_CONSUMER) timestamp=11142 ms, used_size=12820480 bytes (31.3%)
(RDMA_READ_CONSUME_CHECK_CONSUMER) timestamp=11142 ms, used_size=12818432 bytes (31.3%)
(RDMA_READ_CONSUME_CHECK_CONSUMER) timestamp=11142 ms, used_size=12816384 bytes (31.3%)
(RDMA_READ_CONSUME_CHECK_CONSUMER) timestamp=11142 ms, used_size=12814336 bytes (31.3%)
(RDMA_READ_CONSUME_CHECK_CONSUMER) timestamp=11142 ms, used_size=12812288 bytes (31.3%)
(RDMA_READ_CONSUME_CHECK_CONSUMER) timestamp=11142 ms, used_size=12810240 bytes (31.3%)
(RDMA_READ_CONSUME_CHECK_CONSUMER) timestamp=11142 ms, used_size=12808192 bytes (31.3%)
(RDMA_READ_CONSUME_CHECK_CONSUMER) timestamp=11142 ms, used_size=12806144 bytes (31.3%)
(RDMA_READ_CONSUME_CHECK_CONSUMER) timestamp=11142 ms, used_size=12804096 bytes (31.3%)
(RDMA_READ_CONSUME_CHECK_CONSUMER) timestamp=11142 ms, used_size=12802048 bytes (31.3%)
(RDMA_READ_CONSUME_CHECK_CONSUMER) timestamp=11142 ms, used_size=12800000 bytes (31.2%)
(RDMA_READ_CONSUME_CHECK_CONSUMER) timestamp=11142 ms, used_size=12797952 bytes (31.2%)
(RDMA_READ_CONSUME_CHECK_CONSUMER) timestamp=11142 ms, used_size=12795904 bytes (31.2%)
(RDMA_READ_CONSUME_CHECK_CONSUMER) timestamp=11142 ms, used_size=12793856 bytes (31.2%)
(RDMA_READ_CONSUME_CHECK_CONSUMER) timestamp=11142 ms, used_size=12791808 bytes (31.2%)
(RDMA_READ_CONSUME_CHECK_CONSUMER) timestamp=11142 ms, used_size=12789760 bytes (31.2%)
(RDMA_READ_CONSUME_CHECK_CONSUMER) timestamp=11142 ms, used_size=12787712 bytes (31.2%)
(RDMA_READ_CONSUME_CHECK_CONSUMER) timestamp=11142 ms, used_size=12785664 bytes (31.2%)
(RDMA_READ_CONSUME_CHECK_CONSUMER) timestamp=11142 ms, used_size=12783616 bytes (31.2%)
(RDMA_READ_CONSUME_CHECK_CONSUMER) timestamp=11142 ms, used_size=12781568 bytes (31.2%)
(RDMA_READ_CONSUME_CHECK_CONSUMER) timestamp=11142 ms, used_size=12779520 bytes (31.2%)
(RDMA_READ_CONSUME_CHECK_CONSUMER) timestamp=11142 ms, used_size=12777472 bytes (31.2%)
(RDMA_READ_CONSUME_CHECK_CONSUMER) timestamp=11142 ms, used_size=12775424 bytes (31.2%)
(RDMA_READ_CONSUME_CHECK_CONSUMER) timestamp=11142 ms, used_size=12773376 bytes (31.2%)
(RDMA_READ_CONSUME_CHECK_CONSUMER) timestamp=11142 ms, used_size=12771328 bytes (31.2%)
(RDMA_READ_CONSUME_CHECK_CONSUMER) timestamp=11142 ms, used_size=12769280 bytes (31.2%)
(RDMA_READ_CONSUME_CHECK_CONSUMER) timestamp=11142 ms, used_size=12767232 bytes (31.2%)
(RDMA_READ_CONSUME_CHECK_CONSUMER) timestamp=11142 ms, used_size=12765184 bytes (31.2%)
(RDMA_READ_CONSUME_CHECK_CONSUMER) timestamp=11142 ms, used_size=12763136 bytes (31.2%)
(RDMA_READ_CONSUME_CHECK_CONSUMER) timestamp=11142 ms, used_size=12761088 bytes (31.2%)
(RDMA_READ_CONSUME_CHECK_CONSUMER) timestamp=11142 ms, used_size=12759040 bytes (31.1%)
(RDMA_READ_CONSUME_CHECK_CONSUMER) timestamp=11142 ms, used_size=12756992 bytes (31.1%)
(RDMA_READ_CONSUME_CHECK_CONSUMER) timestamp=11142 ms, used_size=12754944 bytes (31.1%)
(RDMA_READ_CONSUME_CHECK_CONSUMER) timestamp=11142 ms, used_size=12752896 bytes (31.1%)
(RDMA_READ_CONSUME_CHECK_CONSUMER) timestamp=11142 ms, used_size=12750848 bytes (31.1%)
(RDMA_READ_CONSUME_CHECK_CONSUMER) timestamp=11142 ms, used_size=12748800 bytes (31.1%)
(RDMA_READ_CONSUME_CHECK_CONSUMER) timestamp=11142 ms, used_size=12746752 bytes (31.1%)
(RDMA_READ_CONSUME_CHECK_CONSUMER) timestamp=11142 ms, used_size=12744704 bytes (31.1%)
(RDMA_READ_CONSUME_CHECK_CONSUMER) timestamp=11142 ms, used_size=12742656 bytes (31.1%)
(RDMA_READ_CONSUME_CHECK_CONSUMER) timestamp=11142 ms, used_size=12740608 bytes (31.1%)
(RDMA_READ_CONSUME_CHECK_CONSUMER) timestamp=11142 ms, used_size=12738560 bytes (31.1%)
(RDMA_READ_CONSUME_CHECK_CONSUMER) timestamp=11142 ms, used_size=12736512 bytes (31.1%)
(RDMA_READ_CONSUME_CHECK_CONSUMER) timestamp=11142 ms, used_size=12734464 bytes (31.1%)
(RDMA_READ_CONSUME_CHECK_CONSUMER) timestamp=11142 ms, used_size=12732416 bytes (31.1%)
(RDMA_READ_CONSUME_CHECK_CONSUMER) timestamp=11142 ms, used_size=12730368 bytes (31.1%)
(RDMA_READ_CONSUME_CHECK_CONSUMER) timestamp=11142 ms, used_size=12728320 bytes (31.1%)
(RDMA_READ_CONSUME_CHECK_CONSUMER) timestamp=11142 ms, used_size=12726272 bytes (31.1%)
(RDMA_READ_CONSUME_CHECK_CONSUMER) timestamp=11142 ms, used_size=12724224 bytes (31.1%)
(RDMA_READ_CONSUME_CHECK_CONSUMER) timestamp=11142 ms, used_size=12722176 bytes (31.1%)
(RDMA_READ_CONSUME_CHECK_CONSUMER) timestamp=11142 ms, used_size=12720128 bytes (31.1%)
(RDMA_READ_CONSUME_CHECK_CONSUMER) timestamp=11142 ms, used_size=12718080 bytes (31.1%)
(RDMA_READ_CONSUME_CHECK_CONSUMER) timestamp=11143 ms, used_size=12716032 bytes (31.0%)
(RDMA_READ_CONSUME_CHECK_CONSUMER) timestamp=11143 ms, used_size=12713984 bytes (31.0%)
(RDMA_READ_CONSUME_CHECK_CONSUMER) timestamp=11143 ms, used_size=12711936 bytes (31.0%)
(RDMA_READ_CONSUME_CHECK_CONSUMER) timestamp=11143 ms, used_size=12709888 bytes (31.0%)
(RDMA_READ_CONSUME_CHECK_CONSUMER) timestamp=11143 ms, used_size=12707840 bytes (31.0%)
(RDMA_READ_CONSUME_CHECK_CONSUMER) timestamp=11143 ms, used_size=12705792 bytes (31.0%)
(RDMA_READ_CONSUME_CHECK_CONSUMER) timestamp=11143 ms, used_size=12703744 bytes (31.0%)
(RDMA_READ_CONSUME_CHECK_CONSUMER) timestamp=11143 ms, used_size=12701696 bytes (31.0%)
(RDMA_READ_CONSUME_CHECK_CONSUMER) timestamp=11143 ms, used_size=12699648 bytes (31.0%)
(RDMA_READ_CONSUME_CHECK_CONSUMER) timestamp=11143 ms, used_size=12697600 bytes (31.0%)
(RDMA_READ_CONSUME_CHECK_CONSUMER) timestamp=11143 ms, used_size=12695552 bytes (31.0%)
(RDMA_READ_CONSUME_CHECK_CONSUMER) timestamp=11143 ms, used_size=12693504 bytes (31.0%)
(RDMA_READ_CONSUME_CHECK_CONSUMER) timestamp=11143 ms, used_size=12691456 bytes (31.0%)
(RDMA_READ_CONSUME_CHECK_CONSUMER) timestamp=11143 ms, used_size=12689408 bytes (31.0%)
(RDMA_READ_CONSUME_CHECK_CONSUMER) timestamp=11143 ms, used_size=12687360 bytes (31.0%)
(RDMA_READ_CONSUME_CHECK_CONSUMER) timestamp=11143 ms, used_size=12685312 bytes (31.0%)
(RDMA_READ_CONSUME_CHECK_CONSUMER) timestamp=11143 ms, used_size=12683264 bytes (31.0%)
(RDMA_READ_CONSUME_CHECK_CONSUMER) timestamp=11143 ms, used_size=12681216 bytes (31.0%)
(RDMA_READ_CONSUME_CHECK_CONSUMER) timestamp=11143 ms, used_size=12679168 bytes (31.0%)
(RDMA_READ_CONSUME_CHECK_CONSUMER) timestamp=11143 ms, used_size=12677120 bytes (30.9%)
(RDMA_READ_CONSUME_CHECK_CONSUMER) timestamp=11143 ms, used_size=12675072 bytes (30.9%)
(RDMA_READ_CONSUME_CHECK_CONSUMER) timestamp=11143 ms, used_size=12673024 bytes (30.9%)
(RDMA_READ_CONSUME_CHECK_CONSUMER) timestamp=11143 ms, used_size=12670976 bytes (30.9%)
(RDMA_READ_CONSUME_CHECK_CONSUMER) timestamp=11143 ms, used_size=12668928 bytes (30.9%)
(RDMA_READ_CONSUME_CHECK_CONSUMER) timestamp=11143 ms, used_size=12666880 bytes (30.9%)
(RDMA_READ_CONSUME_CHECK_CONSUMER) timestamp=11143 ms, used_size=12664832 bytes (30.9%)
(RDMA_READ_CONSUME_CHECK_CONSUMER) timestamp=11143 ms, used_size=12662784 bytes (30.9%)
(RDMA_READ_CONSUME_CHECK_CONSUMER) timestamp=11143 ms, used_size=12660736 bytes (30.9%)
(RDMA_READ_CONSUME_CHECK_CONSUMER) timestamp=11143 ms, used_size=12658688 bytes (30.9%)
(RDMA_READ_CONSUME_CHECK_CONSUMER) timestamp=11143 ms, used_size=12656640 bytes (30.9%)
(RDMA_READ_CONSUME_CHECK_CONSUMER) timestamp=11143 ms, used_size=12654592 bytes (30.9%)
(RDMA_READ_CONSUME_CHECK_CONSUMER) timestamp=11143 ms, used_size=12652544 bytes (30.9%)
(RDMA_READ_CONSUME_CHECK_CONSUMER) timestamp=11143 ms, used_size=12650496 bytes (30.9%)
(RDMA_READ_CONSUME_CHECK_CONSUMER) timestamp=11143 ms, used_size=12648448 bytes (30.9%)
(RDMA_READ_CONSUME_CHECK_CONSUMER) timestamp=11143 ms, used_size=12646400 bytes (30.9%)
(RDMA_READ_CONSUME_CHECK_CONSUMER) timestamp=11143 ms, used_size=12644352 bytes (30.9%)
(RDMA_READ_CONSUME_CHECK_CONSUMER) timestamp=11143 ms, used_size=12642304 bytes (30.9%)
(RDMA_READ_CONSUME_CHECK_CONSUMER) timestamp=11143 ms, used_size=12640256 bytes (30.9%)
(RDMA_READ_CONSUME_CHECK_CONSUMER) timestamp=11143 ms, used_size=12638208 bytes (30.9%)
(RDMA_READ_CONSUME_CHECK_CONSUMER) timestamp=11143 ms, used_size=12636160 bytes (30.9%)
(RDMA_READ_CONSUME_CHECK_CONSUMER) timestamp=11143 ms, used_size=12634112 bytes (30.8%)
(RDMA_READ_CONSUME_CHECK_CONSUMER) timestamp=11143 ms, used_size=12632064 bytes (30.8%)
(RDMA_READ_CONSUME_CHECK_CONSUMER) timestamp=11143 ms, used_size=12630016 bytes (30.8%)
(RDMA_READ_CONSUME_CHECK_CONSUMER) timestamp=11143 ms, used_size=12627968 bytes (30.8%)
(RDMA_READ_CONSUME_CHECK_CONSUMER) timestamp=11143 ms, used_size=12625920 bytes (30.8%)
(RDMA_READ_CONSUME_CHECK_CONSUMER) timestamp=11143 ms, used_size=12623872 bytes (30.8%)
(RDMA_READ_CONSUME_CHECK_CONSUMER) timestamp=11143 ms, used_size=12621824 bytes (30.8%)
(RDMA_READ_CONSUME_CHECK_CONSUMER) timestamp=11143 ms, used_size=12619776 bytes (30.8%)
(RDMA_READ_CONSUME_CHECK_CONSUMER) timestamp=11143 ms, used_size=12617728 bytes (30.8%)
(RDMA_READ_CONSUME_CHECK_CONSUMER) timestamp=11143 ms, used_size=12615680 bytes (30.8%)
(RDMA_READ_CONSUME_CHECK_CONSUMER) timestamp=11143 ms, used_size=12613632 bytes (30.8%)
(RDMA_READ_CONSUME_CHECK_CONSUMER) timestamp=11143 ms, used_size=12611584 bytes (30.8%)
(RDMA_READ_CONSUME_CHECK_CONSUMER) timestamp=11143 ms, used_size=12609536 bytes (30.8%)
(RDMA_READ_CONSUME_CHECK_CONSUMER) timestamp=11143 ms, used_size=12607488 bytes (30.8%)
(RDMA_READ_CONSUME_CHECK_CONSUMER) timestamp=11143 ms, used_size=12605440 bytes (30.8%)
(RDMA_READ_CONSUME_CHECK_CONSUMER) timestamp=11143 ms, used_size=12603392 bytes (30.8%)
(RDMA_READ_CONSUME_CHECK_CONSUMER) timestamp=11143 ms, used_size=12601344 bytes (30.8%)
(RDMA_READ_CONSUME_CHECK_CONSUMER) timestamp=11143 ms, used_size=12599296 bytes (30.8%)
(RDMA_READ_CONSUME_CHECK_CONSUMER) timestamp=11143 ms, used_size=12597248 bytes (30.8%)
(RDMA_READ_CONSUME_CHECK_CONSUMER) timestamp=11143 ms, used_size=12595200 bytes (30.8%)
(RDMA_READ_CONSUME_CHECK_CONSUMER) timestamp=11143 ms, used_size=12593152 bytes (30.7%)
(RDMA_READ_CONSUME_CHECK_CONSUMER) timestamp=11143 ms, used_size=12591104 bytes (30.7%)
(RDMA_READ_CONSUME_CHECK_CONSUMER) timestamp=11143 ms, used_size=12589056 bytes (30.7%)
(RDMA_READ_CONSUME_CHECK_CONSUMER) timestamp=11143 ms, used_size=12587008 bytes (30.7%)
(RDMA_READ_CONSUME_CHECK_CONSUMER) timestamp=11143 ms, used_size=12584960 bytes (30.7%)
(RDMA_READ_CONSUME_CHECK_CONSUMER) timestamp=11143 ms, used_size=12582912 bytes (30.7%)
(RDMA_READ_CONSUME_CHECK_CONSUMER) timestamp=11143 ms, used_size=12580864 bytes (30.7%)
(RDMA_READ_CONSUME_CHECK_CONSUMER) timestamp=11143 ms, used_size=12578816 bytes (30.7%)
(RDMA_READ_CONSUME_CHECK_CONSUMER) timestamp=11143 ms, used_size=12576768 bytes (30.7%)
(RDMA_READ_CONSUME_CHECK_CONSUMER) timestamp=11143 ms, used_size=12574720 bytes (30.7%)
(RDMA_READ_CONSUME_CHECK_CONSUMER) timestamp=11143 ms, used_size=12572672 bytes (30.7%)
(RDMA_READ_CONSUME_CHECK_CONSUMER) timestamp=11143 ms, used_size=12570624 bytes (30.7%)
(RDMA_READ_CONSUME_CHECK_CONSUMER) timestamp=11143 ms, used_size=12568576 bytes (30.7%)
(RDMA_READ_CONSUME_CHECK_CONSUMER) timestamp=11143 ms, used_size=12566528 bytes (30.7%)
(RDMA_READ_CONSUME_CHECK_CONSUMER) timestamp=11143 ms, used_size=12564480 bytes (30.7%)
(RDMA_READ_CONSUME_CHECK_CONSUMER) timestamp=11143 ms, used_size=12562432 bytes (30.7%)
(RDMA_READ_CONSUME_CHECK_CONSUMER) timestamp=11143 ms, used_size=12560384 bytes (30.7%)
(RDMA_READ_CONSUME_CHECK_CONSUMER) timestamp=11143 ms, used_size=12558336 bytes (30.7%)
(RDMA_READ_CONSUME_CHECK_CONSUMER) timestamp=11143 ms, used_size=12556288 bytes (30.7%)
(RDMA_READ_CONSUME_CHECK_CONSUMER) timestamp=11143 ms, used_size=12554240 bytes (30.6%)
(RDMA_READ_CONSUME_CHECK_CONSUMER) timestamp=11143 ms, used_size=12552192 bytes (30.6%)
(RDMA_READ_CONSUME_CHECK_CONSUMER) timestamp=11143 ms, used_size=12550144 bytes (30.6%)
(RDMA_READ_CONSUME_CHECK_CONSUMER) timestamp=11143 ms, used_size=12548096 bytes (30.6%)
(RDMA_READ_CONSUME_CHECK_CONSUMER) timestamp=11143 ms, used_size=12546048 bytes (30.6%)
(RDMA_READ_CONSUME_CHECK_CONSUMER) timestamp=11143 ms, used_size=12544000 bytes (30.6%)
(RDMA_READ_CONSUME_CHECK_CONSUMER) timestamp=11143 ms, used_size=12541952 bytes (30.6%)
(RDMA_READ_CONSUME_CHECK_CONSUMER) timestamp=11143 ms, used_size=12539904 bytes (30.6%)
(RDMA_READ_CONSUME_CHECK_CONSUMER) timestamp=11143 ms, used_size=12537856 bytes (30.6%)
(RDMA_READ_CONSUME_CHECK_CONSUMER) timestamp=11143 ms, used_size=12535808 bytes (30.6%)
(RDMA_READ_CONSUME_CHECK_CONSUMER) timestamp=11143 ms, used_size=12533760 bytes (30.6%)
(RDMA_READ_CONSUME_CHECK_CONSUMER) timestamp=11143 ms, used_size=12531712 bytes (30.6%)
(RDMA_READ_CONSUME_CHECK_CONSUMER) timestamp=11143 ms, used_size=12529664 bytes (30.6%)
(RDMA_READ_CONSUME_CHECK_CONSUMER) timestamp=11143 ms, used_size=12527616 bytes (30.6%)
(RDMA_READ_CONSUME_CHECK_CONSUMER) timestamp=11143 ms, used_size=12525568 bytes (30.6%)
(RDMA_READ_CONSUME_CHECK_CONSUMER) timestamp=11143 ms, used_size=12523520 bytes (30.6%)
(RDMA_READ_CONSUME_CHECK_CONSUMER) timestamp=11143 ms, used_size=12521472 bytes (30.6%)
(RDMA_READ_CONSUME_CHECK_CONSUMER) timestamp=11143 ms, used_size=12519424 bytes (30.6%)
(RDMA_READ_CONSUME_CHECK_CONSUMER) timestamp=11143 ms, used_size=12517376 bytes (30.6%)
(RDMA_READ_CONSUME_CHECK_CONSUMER) timestamp=11143 ms, used_size=12515328 bytes (30.6%)
(RDMA_READ_CONSUME_CHECK_CONSUMER) timestamp=11143 ms, used_size=12513280 bytes (30.6%)
(RDMA_READ_CONSUME_CHECK_CONSUMER) timestamp=11143 ms, used_size=12511232 bytes (30.5%)
(RDMA_READ_CONSUME_CHECK_CONSUMER) timestamp=11143 ms, used_size=12509184 bytes (30.5%)
(RDMA_READ_CONSUME_CHECK_CONSUMER) timestamp=11143 ms, used_size=12507136 bytes (30.5%)
(RDMA_READ_CONSUME_CHECK_CONSUMER) timestamp=11143 ms, used_size=12505088 bytes (30.5%)
(RDMA_READ_CONSUME_CHECK_CONSUMER) timestamp=11143 ms, used_size=12503040 bytes (30.5%)
(RDMA_READ_CONSUME_CHECK_CONSUMER) timestamp=11143 ms, used_size=12500992 bytes (30.5%)
(RDMA_READ_CONSUME_CHECK_CONSUMER) timestamp=11143 ms, used_size=12498944 bytes (30.5%)
(RDMA_READ_CONSUME_CHECK_CONSUMER) timestamp=11143 ms, used_size=12496896 bytes (30.5%)
(RDMA_READ_CONSUME_CHECK_CONSUMER) timestamp=11143 ms, used_size=12494848 bytes (30.5%)
(RDMA_READ_CONSUME_CHECK_CONSUMER) timestamp=11143 ms, used_size=12492800 bytes (30.5%)
(RDMA_READ_CONSUME_CHECK_CONSUMER) timestamp=11143 ms, used_size=12490752 bytes (30.5%)
(RDMA_READ_CONSUME_CHECK_CONSUMER) timestamp=11143 ms, used_size=12488704 bytes (30.5%)
(RDMA_READ_CONSUME_CHECK_CONSUMER) timestamp=11143 ms, used_size=12486656 bytes (30.5%)
(RDMA_READ_CONSUME_CHECK_CONSUMER) timestamp=11143 ms, used_size=12484608 bytes (30.5%)
(RDMA_READ_CONSUME_CHECK_CONSUMER) timestamp=11143 ms, used_size=12482560 bytes (30.5%)
(RDMA_READ_CONSUME_CHECK_CONSUMER) timestamp=11143 ms, used_size=12480512 bytes (30.5%)
(RDMA_READ_CONSUME_CHECK_CONSUMER) timestamp=11143 ms, used_size=12478464 bytes (30.5%)
(RDMA_READ_CONSUME_CHECK_CONSUMER) timestamp=11143 ms, used_size=12476416 bytes (30.5%)
(RDMA_READ_CONSUME_CHECK_CONSUMER) timestamp=11143 ms, used_size=12474368 bytes (30.5%)
(RDMA_READ_CONSUME_CHECK_CONSUMER) timestamp=11143 ms, used_size=12472320 bytes (30.4%)
(RDMA_READ_CONSUME_CHECK_CONSUMER) timestamp=11143 ms, used_size=12470272 bytes (30.4%)
(RDMA_READ_CONSUME_CHECK_CONSUMER) timestamp=11143 ms, used_size=12468224 bytes (30.4%)
(RDMA_READ_CONSUME_CHECK_CONSUMER) timestamp=11143 ms, used_size=12466176 bytes (30.4%)
(RDMA_READ_CONSUME_CHECK_CONSUMER) timestamp=11143 ms, used_size=12464128 bytes (30.4%)
(RDMA_READ_CONSUME_CHECK_CONSUMER) timestamp=11143 ms, used_size=12462080 bytes (30.4%)
(RDMA_READ_CONSUME_CHECK_CONSUMER) timestamp=11143 ms, used_size=12460032 bytes (30.4%)
(RDMA_READ_CONSUME_CHECK_CONSUMER) timestamp=11143 ms, used_size=12457984 bytes (30.4%)
(RDMA_READ_CONSUME_CHECK_CONSUMER) timestamp=11143 ms, used_size=12455936 bytes (30.4%)
(RDMA_READ_CONSUME_CHECK_CONSUMER) timestamp=11143 ms, used_size=12453888 bytes (30.4%)
(RDMA_READ_CONSUME_CHECK_CONSUMER) timestamp=11143 ms, used_size=12451840 bytes (30.4%)
(RDMA_READ_CONSUME_CHECK_CONSUMER) timestamp=11143 ms, used_size=12449792 bytes (30.4%)
(RDMA_READ_CONSUME_CHECK_CONSUMER) timestamp=11143 ms, used_size=12447744 bytes (30.4%)
(RDMA_READ_CONSUME_CHECK_CONSUMER) timestamp=11143 ms, used_size=12445696 bytes (30.4%)
(RDMA_READ_CONSUME_CHECK_CONSUMER) timestamp=11143 ms, used_size=12443648 bytes (30.4%)
(RDMA_READ_CONSUME_CHECK_CONSUMER) timestamp=11143 ms, used_size=12441600 bytes (30.4%)
(RDMA_READ_CONSUME_CHECK_CONSUMER) timestamp=11143 ms, used_size=12439552 bytes (30.4%)
(RDMA_READ_CONSUME_CHECK_CONSUMER) timestamp=11143 ms, used_size=12437504 bytes (30.4%)
(RDMA_READ_CONSUME_CHECK_CONSUMER) timestamp=11143 ms, used_size=12435456 bytes (30.4%)
(RDMA_READ_CONSUME_CHECK_CONSUMER) timestamp=11143 ms, used_size=12433408 bytes (30.4%)
(RDMA_READ_CONSUME_CHECK_CONSUMER) timestamp=11143 ms, used_size=12431360 bytes (30.4%)
(RDMA_READ_CONSUME_CHECK_CONSUMER) timestamp=11143 ms, used_size=12429312 bytes (30.3%)
(RDMA_READ_CONSUME_CHECK_CONSUMER) timestamp=11143 ms, used_size=12427264 bytes (30.3%)
(RDMA_READ_CONSUME_CHECK_CONSUMER) timestamp=11143 ms, used_size=12425216 bytes (30.3%)
(RDMA_READ_CONSUME_CHECK_CONSUMER) timestamp=11143 ms, used_size=12423168 bytes (30.3%)
(RDMA_READ_CONSUME_CHECK_CONSUMER) timestamp=11143 ms, used_size=12421120 bytes (30.3%)
(RDMA_READ_CONSUME_CHECK_CONSUMER) timestamp=11143 ms, used_size=12419072 bytes (30.3%)
(RDMA_READ_CONSUME_CHECK_CONSUMER) timestamp=11143 ms, used_size=12417024 bytes (30.3%)
(RDMA_READ_CONSUME_CHECK_CONSUMER) timestamp=11143 ms, used_size=12414976 bytes (30.3%)
(RDMA_READ_CONSUME_CHECK_CONSUMER) timestamp=11143 ms, used_size=12412928 bytes (30.3%)
(RDMA_READ_CONSUME_CHECK_CONSUMER) timestamp=11143 ms, used_size=12410880 bytes (30.3%)
(RDMA_READ_CONSUME_CHECK_CONSUMER) timestamp=11143 ms, used_size=12408832 bytes (30.3%)
(RDMA_READ_CONSUME_CHECK_CONSUMER) timestamp=11143 ms, used_size=12406784 bytes (30.3%)
(RDMA_READ_CONSUME_CHECK_CONSUMER) timestamp=11143 ms, used_size=12404736 bytes (30.3%)
(RDMA_READ_CONSUME_CHECK_CONSUMER) timestamp=11143 ms, used_size=12402688 bytes (30.3%)
(RDMA_READ_CONSUME_CHECK_CONSUMER) timestamp=11143 ms, used_size=12400640 bytes (30.3%)
(RDMA_READ_CONSUME_CHECK_CONSUMER) timestamp=11143 ms, used_size=12398592 bytes (30.3%)
(RDMA_READ_CONSUME_CHECK_CONSUMER) timestamp=11143 ms, used_size=12396544 bytes (30.3%)
(RDMA_READ_CONSUME_CHECK_CONSUMER) timestamp=11143 ms, used_size=12394496 bytes (30.3%)
(RDMA_READ_CONSUME_CHECK_CONSUMER) timestamp=11143 ms, used_size=12392448 bytes (30.3%)
(RDMA_READ_CONSUME_CHECK_CONSUMER) timestamp=11143 ms, used_size=12390400 bytes (30.2%)
(RDMA_READ_CONSUME_CHECK_CONSUMER) timestamp=11143 ms, used_size=12388352 bytes (30.2%)
(RDMA_READ_CONSUME_CHECK_CONSUMER) timestamp=11143 ms, used_size=12386304 bytes (30.2%)
(RDMA_READ_CONSUME_CHECK_CONSUMER) timestamp=11143 ms, used_size=12384256 bytes (30.2%)
(RDMA_READ_CONSUME_CHECK_CONSUMER) timestamp=11143 ms, used_size=12382208 bytes (30.2%)
(RDMA_READ_CONSUME_CHECK_CONSUMER) timestamp=11143 ms, used_size=12380160 bytes (30.2%)
(RDMA_READ_CONSUME_CHECK_CONSUMER) timestamp=11143 ms, used_size=12378112 bytes (30.2%)
(RDMA_READ_CONSUME_CHECK_CONSUMER) timestamp=11143 ms, used_size=12376064 bytes (30.2%)
(RDMA_READ_CONSUME_CHECK_CONSUMER) timestamp=11143 ms, used_size=12374016 bytes (30.2%)
(RDMA_READ_CONSUME_CHECK_CONSUMER) timestamp=11143 ms, used_size=12371968 bytes (30.2%)
(RDMA_READ_CONSUME_CHECK_CONSUMER) timestamp=11143 ms, used_size=12369920 bytes (30.2%)
(RDMA_READ_CONSUME_CHECK_CONSUMER) timestamp=11143 ms, used_size=12367872 bytes (30.2%)
(RDMA_READ_CONSUME_CHECK_CONSUMER) timestamp=11144 ms, used_size=12365824 bytes (30.2%)
(RDMA_READ_CONSUME_CHECK_CONSUMER) timestamp=11144 ms, used_size=12363776 bytes (30.2%)
(RDMA_READ_CONSUME_CHECK_CONSUMER) timestamp=11144 ms, used_size=12361728 bytes (30.2%)
(RDMA_READ_CONSUME_CHECK_CONSUMER) timestamp=11144 ms, used_size=12359680 bytes (30.2%)
(RDMA_READ_CONSUME_CHECK_CONSUMER) timestamp=11144 ms, used_size=12357632 bytes (30.2%)
(RDMA_READ_CONSUME_CHECK_CONSUMER) timestamp=11144 ms, used_size=12355584 bytes (30.2%)
(RDMA_READ_CONSUME_CHECK_CONSUMER) timestamp=11144 ms, used_size=12353536 bytes (30.2%)
(RDMA_READ_CONSUME_CHECK_CONSUMER) timestamp=11144 ms, used_size=12351488 bytes (30.2%)
(RDMA_READ_CONSUME_CHECK_CONSUMER) timestamp=11144 ms, used_size=12349440 bytes (30.1%)
(RDMA_READ_CONSUME_CHECK_CONSUMER) timestamp=11144 ms, used_size=12347392 bytes (30.1%)
(RDMA_READ_CONSUME_CHECK_CONSUMER) timestamp=11144 ms, used_size=12345344 bytes (30.1%)
(RDMA_READ_CONSUME_CHECK_CONSUMER) timestamp=11144 ms, used_size=12343296 bytes (30.1%)
(RDMA_READ_CONSUME_CHECK_CONSUMER) timestamp=11144 ms, used_size=12341248 bytes (30.1%)
(RDMA_READ_CONSUME_CHECK_CONSUMER) timestamp=11144 ms, used_size=12339200 bytes (30.1%)
(RDMA_READ_CONSUME_CHECK_CONSUMER) timestamp=11144 ms, used_size=12337152 bytes (30.1%)
(RDMA_READ_CONSUME_CHECK_CONSUMER) timestamp=11144 ms, used_size=12335104 bytes (30.1%)
(RDMA_READ_CONSUME_CHECK_CONSUMER) timestamp=11144 ms, used_size=12333056 bytes (30.1%)
(RDMA_READ_CONSUME_CHECK_CONSUMER) timestamp=11144 ms, used_size=12331008 bytes (30.1%)
(RDMA_READ_CONSUME_CHECK_CONSUMER) timestamp=11144 ms, used_size=12328960 bytes (30.1%)
(RDMA_READ_CONSUME_CHECK_CONSUMER) timestamp=11144 ms, used_size=12326912 bytes (30.1%)
(RDMA_READ_CONSUME_CHECK_CONSUMER) timestamp=11144 ms, used_size=12324864 bytes (30.1%)
(RDMA_READ_CONSUME_CHECK_CONSUMER) timestamp=11144 ms, used_size=12322816 bytes (30.1%)
(RDMA_READ_CONSUME_CHECK_CONSUMER) timestamp=11144 ms, used_size=12320768 bytes (30.1%)
(RDMA_READ_CONSUME_CHECK_CONSUMER) timestamp=11144 ms, used_size=12318720 bytes (30.1%)
(RDMA_READ_CONSUME_CHECK_CONSUMER) timestamp=11144 ms, used_size=12316672 bytes (30.1%)
(RDMA_READ_CONSUME_CHECK_CONSUMER) timestamp=11144 ms, used_size=12314624 bytes (30.1%)
(RDMA_READ_CONSUME_CHECK_CONSUMER) timestamp=11144 ms, used_size=12312576 bytes (30.1%)
(RDMA_READ_CONSUME_CHECK_CONSUMER) timestamp=11144 ms, used_size=12310528 bytes (30.1%)
(RDMA_READ_CONSUME_CHECK_CONSUMER) timestamp=11144 ms, used_size=12308480 bytes (30.1%)
(RDMA_READ_CONSUME_CHECK_CONSUMER) timestamp=11144 ms, used_size=12306432 bytes (30.0%)
(RDMA_READ_CONSUME_CHECK_CONSUMER) timestamp=11144 ms, used_size=12304384 bytes (30.0%)
(RDMA_READ_CONSUME_CHECK_CONSUMER) timestamp=11144 ms, used_size=12302336 bytes (30.0%)
(RDMA_READ_CONSUME_CHECK_CONSUMER) timestamp=11144 ms, used_size=12300288 bytes (30.0%)
(RDMA_READ_CONSUME_CHECK_CONSUMER) timestamp=11144 ms, used_size=12298240 bytes (30.0%)
(RDMA_READ_CONSUME_CHECK_CONSUMER) timestamp=11144 ms, used_size=12296192 bytes (30.0%)
(RDMA_READ_CONSUME_CHECK_CONSUMER) timestamp=11144 ms, used_size=12294144 bytes (30.0%)
(RDMA_READ_CONSUME_CHECK_CONSUMER) timestamp=11144 ms, used_size=12292096 bytes (30.0%)
(RDMA_READ_CONSUME_CHECK_CONSUMER) timestamp=11144 ms, used_size=12290048 bytes (30.0%)
(RDMA_READ_CONSUME_CHECK_CONSUMER) timestamp=11144 ms, used_size=12288000 bytes (30.0%)
(RDMA_READ_CONSUME_CHECK_CONSUMER) timestamp=11144 ms, used_size=12285952 bytes (30.0%)
(RDMA_READ_CONSUME_CHECK_CONSUMER) timestamp=11144 ms, used_size=12283904 bytes (30.0%)
(RDMA_READ_CONSUME_CHECK_CONSUMER) timestamp=11144 ms, used_size=12281856 bytes (30.0%)
(RDMA_READ_CONSUME_CHECK_CONSUMER) timestamp=11144 ms, used_size=12279808 bytes (30.0%)
(RDMA_READ_CONSUME_CHECK_CONSUMER) timestamp=11144 ms, used_size=12277760 bytes (30.0%)
(RDMA_READ_CONSUME_CHECK_CONSUMER) timestamp=11144 ms, used_size=12275712 bytes (30.0%)
(RDMA_READ_CONSUME_CHECK_CONSUMER) timestamp=11144 ms, used_size=12273664 bytes (30.0%)
(RDMA_READ_CONSUME_CHECK_CONSUMER) timestamp=11144 ms, used_size=12271616 bytes (30.0%)
(RDMA_READ_CONSUME_CHECK_CONSUMER) timestamp=11144 ms, used_size=12269568 bytes (30.0%)
(RDMA_READ_CONSUME_CHECK_CONSUMER) timestamp=11144 ms, used_size=12267520 bytes (29.9%)
(RDMA_READ_CONSUME_CHECK_CONSUMER) timestamp=11144 ms, used_size=12265472 bytes (29.9%)
(RDMA_READ_CONSUME_CHECK_CONSUMER) timestamp=11144 ms, used_size=12263424 bytes (29.9%)
(RDMA_READ_CONSUME_CHECK_CONSUMER) timestamp=11144 ms, used_size=12261376 bytes (29.9%)
(RDMA_READ_CONSUME_CHECK_CONSUMER) timestamp=11144 ms, used_size=12259328 bytes (29.9%)
(RDMA_READ_CONSUME_CHECK_CONSUMER) timestamp=11144 ms, used_size=12257280 bytes (29.9%)
(RDMA_READ_CONSUME_CHECK_CONSUMER) timestamp=11144 ms, used_size=12255232 bytes (29.9%)
(RDMA_READ_CONSUME_CHECK_CONSUMER) timestamp=11144 ms, used_size=12253184 bytes (29.9%)
(RDMA_READ_CONSUME_CHECK_CONSUMER) timestamp=11144 ms, used_size=12251136 bytes (29.9%)
(RDMA_READ_CONSUME_CHECK_CONSUMER) timestamp=11144 ms, used_size=12249088 bytes (29.9%)
(RDMA_READ_CONSUME_CHECK_CONSUMER) timestamp=11144 ms, used_size=12247040 bytes (29.9%)
(RDMA_READ_CONSUME_CHECK_CONSUMER) timestamp=11144 ms, used_size=12244992 bytes (29.9%)
(RDMA_READ_CONSUME_CHECK_CONSUMER) timestamp=11144 ms, used_size=12242944 bytes (29.9%)
(RDMA_READ_CONSUME_CHECK_CONSUMER) timestamp=11144 ms, used_size=12240896 bytes (29.9%)
(RDMA_READ_CONSUME_CHECK_CONSUMER) timestamp=11144 ms, used_size=12238848 bytes (29.9%)
(RDMA_READ_CONSUME_CHECK_CONSUMER) timestamp=11144 ms, used_size=12236800 bytes (29.9%)
(RDMA_READ_CONSUME_CHECK_CONSUMER) timestamp=11144 ms, used_size=12234752 bytes (29.9%)
(RDMA_READ_CONSUME_CHECK_CONSUMER) timestamp=11144 ms, used_size=12232704 bytes (29.9%)
(RDMA_READ_CONSUME_CHECK_CONSUMER) timestamp=11144 ms, used_size=12230656 bytes (29.9%)
(RDMA_READ_CONSUME_CHECK_CONSUMER) timestamp=11144 ms, used_size=12228608 bytes (29.9%)
(RDMA_READ_CONSUME_CHECK_CONSUMER) timestamp=11144 ms, used_size=12226560 bytes (29.9%)
(RDMA_READ_CONSUME_CHECK_CONSUMER) timestamp=11144 ms, used_size=12224512 bytes (29.8%)
(RDMA_READ_CONSUME_CHECK_CONSUMER) timestamp=11144 ms, used_size=12222464 bytes (29.8%)
(RDMA_READ_CONSUME_CHECK_CONSUMER) timestamp=11144 ms, used_size=12220416 bytes (29.8%)
(RDMA_READ_CONSUME_CHECK_CONSUMER) timestamp=11144 ms, used_size=12218368 bytes (29.8%)
(RDMA_READ_CONSUME_CHECK_CONSUMER) timestamp=11144 ms, used_size=12216320 bytes (29.8%)
(RDMA_READ_CONSUME_CHECK_CONSUMER) timestamp=11144 ms, used_size=12214272 bytes (29.8%)
(RDMA_READ_CONSUME_CHECK_CONSUMER) timestamp=11144 ms, used_size=12212224 bytes (29.8%)
(RDMA_READ_CONSUME_CHECK_CONSUMER) timestamp=11144 ms, used_size=12210176 bytes (29.8%)
(RDMA_READ_CONSUME_CHECK_CONSUMER) timestamp=11144 ms, used_size=12208128 bytes (29.8%)
(RDMA_READ_CONSUME_CHECK_CONSUMER) timestamp=11144 ms, used_size=12206080 bytes (29.8%)
(RDMA_READ_CONSUME_CHECK_CONSUMER) timestamp=11144 ms, used_size=12204032 bytes (29.8%)
(RDMA_READ_CONSUME_CHECK_CONSUMER) timestamp=11144 ms, used_size=12201984 bytes (29.8%)
(RDMA_READ_CONSUME_CHECK_CONSUMER) timestamp=11144 ms, used_size=12199936 bytes (29.8%)
(RDMA_READ_CONSUME_CHECK_CONSUMER) timestamp=11144 ms, used_size=12197888 bytes (29.8%)
(RDMA_READ_CONSUME_CHECK_CONSUMER) timestamp=11144 ms, used_size=12195840 bytes (29.8%)
(RDMA_READ_CONSUME_CHECK_CONSUMER) timestamp=11144 ms, used_size=12193792 bytes (29.8%)
(RDMA_READ_CONSUME_CHECK_CONSUMER) timestamp=11144 ms, used_size=12191744 bytes (29.8%)
(RDMA_READ_CONSUME_CHECK_CONSUMER) timestamp=11144 ms, used_size=12189696 bytes (29.8%)
(RDMA_READ_CONSUME_CHECK_CONSUMER) timestamp=11144 ms, used_size=12187648 bytes (29.8%)
(RDMA_READ_CONSUME_CHECK_CONSUMER) timestamp=11144 ms, used_size=12185600 bytes (29.8%)
(RDMA_READ_CONSUME_CHECK_CONSUMER) timestamp=11144 ms, used_size=12183552 bytes (29.7%)
(RDMA_READ_CONSUME_CHECK_CONSUMER) timestamp=11144 ms, used_size=12181504 bytes (29.7%)
(RDMA_READ_CONSUME_CHECK_CONSUMER) timestamp=11144 ms, used_size=12179456 bytes (29.7%)
(RDMA_READ_CONSUME_CHECK_CONSUMER) timestamp=11144 ms, used_size=12177408 bytes (29.7%)
(RDMA_READ_CONSUME_CHECK_CONSUMER) timestamp=11144 ms, used_size=12175360 bytes (29.7%)
(RDMA_READ_CONSUME_CHECK_CONSUMER) timestamp=11144 ms, used_size=12173312 bytes (29.7%)
(RDMA_READ_CONSUME_CHECK_CONSUMER) timestamp=11144 ms, used_size=12171264 bytes (29.7%)
(RDMA_READ_CONSUME_CHECK_CONSUMER) timestamp=11144 ms, used_size=12169216 bytes (29.7%)
(RDMA_READ_CONSUME_CHECK_CONSUMER) timestamp=11144 ms, used_size=12167168 bytes (29.7%)
(RDMA_READ_CONSUME_CHECK_CONSUMER) timestamp=11144 ms, used_size=12165120 bytes (29.7%)
(RDMA_READ_CONSUME_CHECK_CONSUMER) timestamp=11144 ms, used_size=12163072 bytes (29.7%)
(RDMA_READ_CONSUME_CHECK_CONSUMER) timestamp=11144 ms, used_size=12161024 bytes (29.7%)
(RDMA_READ_CONSUME_CHECK_CONSUMER) timestamp=11144 ms, used_size=12158976 bytes (29.7%)
(RDMA_READ_CONSUME_CHECK_CONSUMER) timestamp=11144 ms, used_size=12156928 bytes (29.7%)
(RDMA_READ_CONSUME_CHECK_CONSUMER) timestamp=11144 ms, used_size=12154880 bytes (29.7%)
(RDMA_READ_CONSUME_CHECK_CONSUMER) timestamp=11144 ms, used_size=12152832 bytes (29.7%)
(RDMA_READ_CONSUME_CHECK_CONSUMER) timestamp=11144 ms, used_size=12150784 bytes (29.7%)
(RDMA_READ_CONSUME_CHECK_CONSUMER) timestamp=11144 ms, used_size=12148736 bytes (29.7%)
(RDMA_READ_CONSUME_CHECK_CONSUMER) timestamp=11144 ms, used_size=12146688 bytes (29.7%)
(RDMA_READ_CONSUME_CHECK_CONSUMER) timestamp=11144 ms, used_size=12144640 bytes (29.6%)
(RDMA_READ_CONSUME_CHECK_CONSUMER) timestamp=11144 ms, used_size=12142592 bytes (29.6%)
(RDMA_READ_CONSUME_CHECK_CONSUMER) timestamp=11144 ms, used_size=12140544 bytes (29.6%)
(RDMA_READ_CONSUME_CHECK_CONSUMER) timestamp=11144 ms, used_size=12138496 bytes (29.6%)
(RDMA_READ_CONSUME_CHECK_CONSUMER) timestamp=11144 ms, used_size=12136448 bytes (29.6%)
(RDMA_READ_CONSUME_CHECK_CONSUMER) timestamp=11144 ms, used_size=12134400 bytes (29.6%)
(RDMA_READ_CONSUME_CHECK_CONSUMER) timestamp=11144 ms, used_size=12132352 bytes (29.6%)
(RDMA_READ_CONSUME_CHECK_CONSUMER) timestamp=11144 ms, used_size=12130304 bytes (29.6%)
(RDMA_READ_CONSUME_CHECK_CONSUMER) timestamp=11144 ms, used_size=12128256 bytes (29.6%)
(RDMA_READ_CONSUME_CHECK_CONSUMER) timestamp=11144 ms, used_size=12126208 bytes (29.6%)
(RDMA_READ_CONSUME_CHECK_CONSUMER) timestamp=11144 ms, used_size=12124160 bytes (29.6%)
(RDMA_READ_CONSUME_CHECK_CONSUMER) timestamp=11144 ms, used_size=12122112 bytes (29.6%)
(RDMA_READ_CONSUME_CHECK_CONSUMER) timestamp=11144 ms, used_size=12120064 bytes (29.6%)
(RDMA_READ_CONSUME_CHECK_CONSUMER) timestamp=11144 ms, used_size=12118016 bytes (29.6%)
(RDMA_READ_CONSUME_CHECK_CONSUMER) timestamp=11144 ms, used_size=12115968 bytes (29.6%)
(RDMA_READ_CONSUME_CHECK_CONSUMER) timestamp=11144 ms, used_size=12113920 bytes (29.6%)
(RDMA_READ_CONSUME_CHECK_CONSUMER) timestamp=11144 ms, used_size=12111872 bytes (29.6%)
(RDMA_READ_CONSUME_CHECK_CONSUMER) timestamp=11144 ms, used_size=12109824 bytes (29.6%)
(RDMA_READ_CONSUME_CHECK_CONSUMER) timestamp=11144 ms, used_size=12107776 bytes (29.6%)
(RDMA_READ_CONSUME_CHECK_CONSUMER) timestamp=11144 ms, used_size=12105728 bytes (29.6%)
(RDMA_READ_CONSUME_CHECK_CONSUMER) timestamp=11144 ms, used_size=12103680 bytes (29.6%)
(RDMA_READ_CONSUME_CHECK_CONSUMER) timestamp=11144 ms, used_size=12101632 bytes (29.5%)
(RDMA_READ_CONSUME_CHECK_CONSUMER) timestamp=11144 ms, used_size=12099584 bytes (29.5%)
(RDMA_READ_CONSUME_CHECK_CONSUMER) timestamp=11144 ms, used_size=12097536 bytes (29.5%)
(RDMA_READ_CONSUME_CHECK_CONSUMER) timestamp=11144 ms, used_size=12095488 bytes (29.5%)
(RDMA_READ_CONSUME_CHECK_CONSUMER) timestamp=11144 ms, used_size=12093440 bytes (29.5%)
(RDMA_READ_CONSUME_CHECK_CONSUMER) timestamp=11144 ms, used_size=12091392 bytes (29.5%)
(RDMA_READ_CONSUME_CHECK_CONSUMER) timestamp=11144 ms, used_size=12089344 bytes (29.5%)
(RDMA_READ_CONSUME_CHECK_CONSUMER) timestamp=11144 ms, used_size=12087296 bytes (29.5%)
(RDMA_READ_CONSUME_CHECK_CONSUMER) timestamp=11144 ms, used_size=12085248 bytes (29.5%)
(RDMA_READ_CONSUME_CHECK_CONSUMER) timestamp=11144 ms, used_size=12083200 bytes (29.5%)
(RDMA_READ_CONSUME_CHECK_CONSUMER) timestamp=11144 ms, used_size=12081152 bytes (29.5%)
(RDMA_READ_CONSUME_CHECK_CONSUMER) timestamp=11144 ms, used_size=12079104 bytes (29.5%)
(RDMA_READ_CONSUME_CHECK_CONSUMER) timestamp=11144 ms, used_size=12077056 bytes (29.5%)
(RDMA_READ_CONSUME_CHECK_CONSUMER) timestamp=11144 ms, used_size=12075008 bytes (29.5%)
(RDMA_READ_CONSUME_CHECK_CONSUMER) timestamp=11144 ms, used_size=12072960 bytes (29.5%)
(RDMA_READ_CONSUME_CHECK_CONSUMER) timestamp=11144 ms, used_size=12070912 bytes (29.5%)
(RDMA_READ_CONSUME_CHECK_CONSUMER) timestamp=11144 ms, used_size=12068864 bytes (29.5%)
(RDMA_READ_CONSUME_CHECK_CONSUMER) timestamp=11144 ms, used_size=12066816 bytes (29.5%)
(RDMA_READ_CONSUME_CHECK_CONSUMER) timestamp=11144 ms, used_size=12064768 bytes (29.5%)
(RDMA_READ_CONSUME_CHECK_CONSUMER) timestamp=11144 ms, used_size=12062720 bytes (29.4%)
(RDMA_READ_CONSUME_CHECK_CONSUMER) timestamp=11144 ms, used_size=12060672 bytes (29.4%)
(RDMA_READ_CONSUME_CHECK_CONSUMER) timestamp=11144 ms, used_size=12058624 bytes (29.4%)
(RDMA_READ_CONSUME_CHECK_CONSUMER) timestamp=11144 ms, used_size=12056576 bytes (29.4%)
(RDMA_READ_CONSUME_CHECK_CONSUMER) timestamp=11144 ms, used_size=12054528 bytes (29.4%)
(RDMA_READ_CONSUME_CHECK_CONSUMER) timestamp=11144 ms, used_size=12052480 bytes (29.4%)
(RDMA_READ_CONSUME_CHECK_CONSUMER) timestamp=11144 ms, used_size=12050432 bytes (29.4%)
(RDMA_READ_CONSUME_CHECK_CONSUMER) timestamp=11144 ms, used_size=12048384 bytes (29.4%)
(RDMA_READ_CONSUME_CHECK_CONSUMER) timestamp=11144 ms, used_size=12046336 bytes (29.4%)
(RDMA_READ_CONSUME_CHECK_CONSUMER) timestamp=11144 ms, used_size=12044288 bytes (29.4%)
(RDMA_READ_CONSUME_CHECK_CONSUMER) timestamp=11144 ms, used_size=12042240 bytes (29.4%)
(RDMA_READ_CONSUME_CHECK_CONSUMER) timestamp=11144 ms, used_size=12040192 bytes (29.4%)
(RDMA_READ_CONSUME_CHECK_CONSUMER) timestamp=11144 ms, used_size=12038144 bytes (29.4%)
(RDMA_READ_CONSUME_CHECK_CONSUMER) timestamp=11144 ms, used_size=12036096 bytes (29.4%)
(RDMA_READ_CONSUME_CHECK_CONSUMER) timestamp=11144 ms, used_size=12034048 bytes (29.4%)
(RDMA_READ_CONSUME_CHECK_CONSUMER) timestamp=11144 ms, used_size=12032000 bytes (29.4%)
(RDMA_READ_CONSUME_CHECK_CONSUMER) timestamp=11144 ms, used_size=12029952 bytes (29.4%)
(RDMA_READ_CONSUME_CHECK_CONSUMER) timestamp=11144 ms, used_size=12027904 bytes (29.4%)
(RDMA_READ_CONSUME_CHECK_CONSUMER) timestamp=11144 ms, used_size=12025856 bytes (29.4%)
(RDMA_READ_CONSUME_CHECK_CONSUMER) timestamp=11144 ms, used_size=12023808 bytes (29.4%)
(RDMA_READ_CONSUME_CHECK_CONSUMER) timestamp=11144 ms, used_size=12021760 bytes (29.4%)
(RDMA_READ_CONSUME_CHECK_CONSUMER) timestamp=11144 ms, used_size=12019712 bytes (29.3%)
(RDMA_READ_CONSUME_CHECK_CONSUMER) timestamp=11144 ms, used_size=12017664 bytes (29.3%)
(RDMA_READ_CONSUME_CHECK_CONSUMER) timestamp=11144 ms, used_size=12015616 bytes (29.3%)
(RDMA_READ_CONSUME_CHECK_CONSUMER) timestamp=11144 ms, used_size=12013568 bytes (29.3%)
(RDMA_READ_CONSUME_CHECK_CONSUMER) timestamp=11145 ms, used_size=12011520 bytes (29.3%)
(RDMA_READ_CONSUME_CHECK_CONSUMER) timestamp=11145 ms, used_size=12009472 bytes (29.3%)
(RDMA_READ_CONSUME_CHECK_CONSUMER) timestamp=11145 ms, used_size=12007424 bytes (29.3%)
(RDMA_READ_CONSUME_CHECK_CONSUMER) timestamp=11145 ms, used_size=12005376 bytes (29.3%)
(RDMA_READ_CONSUME_CHECK_CONSUMER) timestamp=11145 ms, used_size=12003328 bytes (29.3%)
(RDMA_READ_CONSUME_CHECK_CONSUMER) timestamp=11145 ms, used_size=12001280 bytes (29.3%)
(RDMA_READ_CONSUME_CHECK_CONSUMER) timestamp=11145 ms, used_size=11999232 bytes (29.3%)
(RDMA_READ_CONSUME_CHECK_CONSUMER) timestamp=11145 ms, used_size=11997184 bytes (29.3%)
(RDMA_READ_CONSUME_CHECK_CONSUMER) timestamp=11145 ms, used_size=11995136 bytes (29.3%)
(RDMA_READ_CONSUME_CHECK_CONSUMER) timestamp=11145 ms, used_size=11993088 bytes (29.3%)
(RDMA_READ_CONSUME_CHECK_CONSUMER) timestamp=11145 ms, used_size=11991040 bytes (29.3%)
(RDMA_READ_CONSUME_CHECK_CONSUMER) timestamp=11145 ms, used_size=11988992 bytes (29.3%)
(RDMA_READ_CONSUME_CHECK_CONSUMER) timestamp=11145 ms, used_size=11986944 bytes (29.3%)
(RDMA_READ_CONSUME_CHECK_CONSUMER) timestamp=11145 ms, used_size=11984896 bytes (29.3%)
(RDMA_READ_CONSUME_CHECK_CONSUMER) timestamp=11145 ms, used_size=11982848 bytes (29.3%)
(RDMA_READ_CONSUME_CHECK_CONSUMER) timestamp=11145 ms, used_size=11980800 bytes (29.2%)
(RDMA_READ_CONSUME_CHECK_CONSUMER) timestamp=11145 ms, used_size=11978752 bytes (29.2%)
(RDMA_READ_CONSUME_CHECK_CONSUMER) timestamp=11145 ms, used_size=11976704 bytes (29.2%)
(RDMA_READ_CONSUME_CHECK_CONSUMER) timestamp=11145 ms, used_size=11974656 bytes (29.2%)
(RDMA_READ_CONSUME_CHECK_CONSUMER) timestamp=11145 ms, used_size=11972608 bytes (29.2%)
(RDMA_READ_CONSUME_CHECK_CONSUMER) timestamp=11145 ms, used_size=11970560 bytes (29.2%)
(RDMA_READ_CONSUME_CHECK_CONSUMER) timestamp=11145 ms, used_size=11968512 bytes (29.2%)
(RDMA_READ_CONSUME_CHECK_CONSUMER) timestamp=11145 ms, used_size=11966464 bytes (29.2%)
(RDMA_READ_CONSUME_CHECK_CONSUMER) timestamp=11145 ms, used_size=11964416 bytes (29.2%)
(RDMA_READ_CONSUME_CHECK_CONSUMER) timestamp=11145 ms, used_size=11962368 bytes (29.2%)
(RDMA_READ_CONSUME_CHECK_CONSUMER) timestamp=11145 ms, used_size=11960320 bytes (29.2%)
(RDMA_READ_CONSUME_CHECK_CONSUMER) timestamp=11145 ms, used_size=11958272 bytes (29.2%)
(RDMA_READ_CONSUME_CHECK_CONSUMER) timestamp=11145 ms, used_size=11956224 bytes (29.2%)
(RDMA_READ_CONSUME_CHECK_CONSUMER) timestamp=11145 ms, used_size=11954176 bytes (29.2%)
(RDMA_READ_CONSUME_CHECK_CONSUMER) timestamp=11145 ms, used_size=11952128 bytes (29.2%)
(RDMA_READ_CONSUME_CHECK_CONSUMER) timestamp=11145 ms, used_size=11950080 bytes (29.2%)
(RDMA_READ_CONSUME_CHECK_CONSUMER) timestamp=11145 ms, used_size=11948032 bytes (29.2%)
(RDMA_READ_CONSUME_CHECK_CONSUMER) timestamp=11145 ms, used_size=11945984 bytes (29.2%)
(RDMA_READ_CONSUME_CHECK_CONSUMER) timestamp=11145 ms, used_size=11943936 bytes (29.2%)
(RDMA_READ_CONSUME_CHECK_CONSUMER) timestamp=11145 ms, used_size=11941888 bytes (29.2%)
(RDMA_READ_CONSUME_CHECK_CONSUMER) timestamp=11145 ms, used_size=11939840 bytes (29.1%)
(RDMA_READ_CONSUME_CHECK_CONSUMER) timestamp=11145 ms, used_size=11937792 bytes (29.1%)
(RDMA_READ_CONSUME_CHECK_CONSUMER) timestamp=11145 ms, used_size=11935744 bytes (29.1%)
(RDMA_READ_CONSUME_CHECK_CONSUMER) timestamp=11145 ms, used_size=11933696 bytes (29.1%)
(RDMA_READ_CONSUME_CHECK_CONSUMER) timestamp=11145 ms, used_size=11931648 bytes (29.1%)
(RDMA_READ_CONSUME_CHECK_CONSUMER) timestamp=11145 ms, used_size=11929600 bytes (29.1%)
(RDMA_READ_CONSUME_CHECK_CONSUMER) timestamp=11145 ms, used_size=11927552 bytes (29.1%)
(RDMA_READ_CONSUME_CHECK_CONSUMER) timestamp=11145 ms, used_size=11925504 bytes (29.1%)
(RDMA_READ_CONSUME_CHECK_CONSUMER) timestamp=11145 ms, used_size=11923456 bytes (29.1%)
(RDMA_READ_CONSUME_CHECK_CONSUMER) timestamp=11145 ms, used_size=11921408 bytes (29.1%)
(RDMA_READ_CONSUME_CHECK_CONSUMER) timestamp=11145 ms, used_size=11919360 bytes (29.1%)
(RDMA_READ_CONSUME_CHECK_CONSUMER) timestamp=11145 ms, used_size=11917312 bytes (29.1%)
(RDMA_READ_CONSUME_CHECK_CONSUMER) timestamp=11145 ms, used_size=11915264 bytes (29.1%)
(RDMA_READ_CONSUME_CHECK_CONSUMER) timestamp=11145 ms, used_size=11913216 bytes (29.1%)
(RDMA_READ_CONSUME_CHECK_CONSUMER) timestamp=11145 ms, used_size=11911168 bytes (29.1%)
(RDMA_READ_CONSUME_CHECK_CONSUMER) timestamp=11145 ms, used_size=11909120 bytes (29.1%)
(RDMA_READ_CONSUME_CHECK_CONSUMER) timestamp=11145 ms, used_size=11907072 bytes (29.1%)
(RDMA_READ_CONSUME_CHECK_CONSUMER) timestamp=11145 ms, used_size=11905024 bytes (29.1%)
(RDMA_READ_CONSUME_CHECK_CONSUMER) timestamp=11145 ms, used_size=11902976 bytes (29.1%)
(RDMA_READ_CONSUME_CHECK_CONSUMER) timestamp=11145 ms, used_size=11900928 bytes (29.1%)
(RDMA_READ_CONSUME_CHECK_CONSUMER) timestamp=11145 ms, used_size=11898880 bytes (29.1%)
(RDMA_READ_CONSUME_CHECK_CONSUMER) timestamp=11145 ms, used_size=11896832 bytes (29.0%)
(RDMA_READ_CONSUME_CHECK_CONSUMER) timestamp=11145 ms, used_size=11894784 bytes (29.0%)
(RDMA_READ_CONSUME_CHECK_CONSUMER) timestamp=11145 ms, used_size=11892736 bytes (29.0%)
(RDMA_READ_CONSUME_CHECK_CONSUMER) timestamp=11145 ms, used_size=11890688 bytes (29.0%)
(RDMA_READ_CONSUME_CHECK_CONSUMER) timestamp=11145 ms, used_size=11888640 bytes (29.0%)
(RDMA_READ_CONSUME_CHECK_CONSUMER) timestamp=11145 ms, used_size=11886592 bytes (29.0%)
(RDMA_READ_CONSUME_CHECK_CONSUMER) timestamp=11145 ms, used_size=11884544 bytes (29.0%)
(RDMA_READ_CONSUME_CHECK_CONSUMER) timestamp=11145 ms, used_size=11882496 bytes (29.0%)
(RDMA_READ_CONSUME_CHECK_CONSUMER) timestamp=11145 ms, used_size=11880448 bytes (29.0%)
(RDMA_READ_CONSUME_CHECK_CONSUMER) timestamp=11145 ms, used_size=11878400 bytes (29.0%)
(RDMA_READ_CONSUME_CHECK_CONSUMER) timestamp=11145 ms, used_size=11876352 bytes (29.0%)
(RDMA_READ_CONSUME_CHECK_CONSUMER) timestamp=11145 ms, used_size=11874304 bytes (29.0%)
(RDMA_READ_CONSUME_CHECK_CONSUMER) timestamp=11145 ms, used_size=11872256 bytes (29.0%)
(RDMA_READ_CONSUME_CHECK_CONSUMER) timestamp=11145 ms, used_size=11870208 bytes (29.0%)
(RDMA_READ_CONSUME_CHECK_CONSUMER) timestamp=11145 ms, used_size=11868160 bytes (29.0%)
(RDMA_READ_CONSUME_CHECK_CONSUMER) timestamp=11145 ms, used_size=11866112 bytes (29.0%)
(RDMA_READ_CONSUME_CHECK_CONSUMER) timestamp=11145 ms, used_size=11864064 bytes (29.0%)
(RDMA_READ_CONSUME_CHECK_CONSUMER) timestamp=11145 ms, used_size=11862016 bytes (29.0%)
(RDMA_READ_CONSUME_CHECK_CONSUMER) timestamp=11145 ms, used_size=11859968 bytes (29.0%)
(RDMA_READ_CONSUME_CHECK_CONSUMER) timestamp=11145 ms, used_size=11857920 bytes (28.9%)
(RDMA_READ_CONSUME_CHECK_CONSUMER) timestamp=11145 ms, used_size=11855872 bytes (28.9%)
(RDMA_READ_CONSUME_CHECK_CONSUMER) timestamp=11145 ms, used_size=11853824 bytes (28.9%)
(RDMA_READ_CONSUME_CHECK_CONSUMER) timestamp=11145 ms, used_size=11851776 bytes (28.9%)
(RDMA_READ_CONSUME_CHECK_CONSUMER) timestamp=11145 ms, used_size=11849728 bytes (28.9%)
(RDMA_READ_CONSUME_CHECK_CONSUMER) timestamp=11145 ms, used_size=11847680 bytes (28.9%)
(RDMA_READ_CONSUME_CHECK_CONSUMER) timestamp=11145 ms, used_size=11845632 bytes (28.9%)
(RDMA_READ_CONSUME_CHECK_CONSUMER) timestamp=11145 ms, used_size=11843584 bytes (28.9%)
(RDMA_READ_CONSUME_CHECK_CONSUMER) timestamp=11145 ms, used_size=11841536 bytes (28.9%)
(RDMA_READ_CONSUME_CHECK_CONSUMER) timestamp=11145 ms, used_size=11839488 bytes (28.9%)
(RDMA_READ_CONSUME_CHECK_CONSUMER) timestamp=11145 ms, used_size=11837440 bytes (28.9%)
(RDMA_READ_CONSUME_CHECK_CONSUMER) timestamp=11145 ms, used_size=11835392 bytes (28.9%)
(RDMA_READ_CONSUME_CHECK_CONSUMER) timestamp=11145 ms, used_size=11833344 bytes (28.9%)
(RDMA_READ_CONSUME_CHECK_CONSUMER) timestamp=11145 ms, used_size=11831296 bytes (28.9%)
(RDMA_READ_CONSUME_CHECK_CONSUMER) timestamp=11145 ms, used_size=11829248 bytes (28.9%)
(RDMA_READ_CONSUME_CHECK_CONSUMER) timestamp=11145 ms, used_size=11827200 bytes (28.9%)
(RDMA_READ_CONSUME_CHECK_CONSUMER) timestamp=11145 ms, used_size=11825152 bytes (28.9%)
(RDMA_READ_CONSUME_CHECK_CONSUMER) timestamp=11145 ms, used_size=11823104 bytes (28.9%)
(RDMA_READ_CONSUME_CHECK_CONSUMER) timestamp=11145 ms, used_size=11821056 bytes (28.9%)
(RDMA_READ_CONSUME_CHECK_CONSUMER) timestamp=11145 ms, used_size=11819008 bytes (28.9%)
(RDMA_READ_CONSUME_CHECK_CONSUMER) timestamp=11145 ms, used_size=11816960 bytes (28.9%)
(RDMA_READ_CONSUME_CHECK_CONSUMER) timestamp=11145 ms, used_size=11814912 bytes (28.8%)
(RDMA_READ_CONSUME_CHECK_CONSUMER) timestamp=11145 ms, used_size=11812864 bytes (28.8%)
(RDMA_READ_CONSUME_CHECK_CONSUMER) timestamp=11145 ms, used_size=11810816 bytes (28.8%)
(RDMA_READ_CONSUME_CHECK_CONSUMER) timestamp=11145 ms, used_size=11808768 bytes (28.8%)
(RDMA_READ_CONSUME_CHECK_CONSUMER) timestamp=11145 ms, used_size=11806720 bytes (28.8%)
(RDMA_READ_CONSUME_CHECK_CONSUMER) timestamp=11145 ms, used_size=11804672 bytes (28.8%)
(RDMA_READ_CONSUME_CHECK_CONSUMER) timestamp=11145 ms, used_size=11802624 bytes (28.8%)
(RDMA_READ_CONSUME_CHECK_CONSUMER) timestamp=11145 ms, used_size=11800576 bytes (28.8%)
(RDMA_READ_CONSUME_CHECK_CONSUMER) timestamp=11145 ms, used_size=11798528 bytes (28.8%)
(RDMA_READ_CONSUME_CHECK_CONSUMER) timestamp=11145 ms, used_size=11796480 bytes (28.8%)
(RDMA_READ_CONSUME_CHECK_CONSUMER) timestamp=11145 ms, used_size=11794432 bytes (28.8%)
(RDMA_READ_CONSUME_CHECK_CONSUMER) timestamp=11145 ms, used_size=11792384 bytes (28.8%)
(RDMA_READ_CONSUME_CHECK_CONSUMER) timestamp=11145 ms, used_size=11790336 bytes (28.8%)
(RDMA_READ_CONSUME_CHECK_CONSUMER) timestamp=11145 ms, used_size=11788288 bytes (28.8%)
(RDMA_READ_CONSUME_CHECK_CONSUMER) timestamp=11145 ms, used_size=11786240 bytes (28.8%)
(RDMA_READ_CONSUME_CHECK_CONSUMER) timestamp=11145 ms, used_size=11784192 bytes (28.8%)
(RDMA_READ_CONSUME_CHECK_CONSUMER) timestamp=11145 ms, used_size=11782144 bytes (28.8%)
(RDMA_READ_CONSUME_CHECK_CONSUMER) timestamp=11145 ms, used_size=11780096 bytes (28.8%)
(RDMA_READ_CONSUME_CHECK_CONSUMER) timestamp=11145 ms, used_size=11778048 bytes (28.8%)
(RDMA_READ_CONSUME_CHECK_CONSUMER) timestamp=11145 ms, used_size=11776000 bytes (28.8%)
(RDMA_READ_CONSUME_CHECK_CONSUMER) timestamp=11145 ms, used_size=11773952 bytes (28.7%)
(RDMA_READ_CONSUME_CHECK_CONSUMER) timestamp=11145 ms, used_size=11771904 bytes (28.7%)
(RDMA_READ_CONSUME_CHECK_CONSUMER) timestamp=11145 ms, used_size=11769856 bytes (28.7%)
(RDMA_READ_CONSUME_CHECK_CONSUMER) timestamp=11145 ms, used_size=11767808 bytes (28.7%)
(RDMA_READ_CONSUME_CHECK_CONSUMER) timestamp=11145 ms, used_size=11765760 bytes (28.7%)
(RDMA_READ_CONSUME_CHECK_CONSUMER) timestamp=11145 ms, used_size=11763712 bytes (28.7%)
(RDMA_READ_CONSUME_CHECK_CONSUMER) timestamp=11145 ms, used_size=11761664 bytes (28.7%)
(RDMA_READ_CONSUME_CHECK_CONSUMER) timestamp=11145 ms, used_size=11759616 bytes (28.7%)
(RDMA_READ_CONSUME_CHECK_CONSUMER) timestamp=11145 ms, used_size=11757568 bytes (28.7%)
(RDMA_READ_CONSUME_CHECK_CONSUMER) timestamp=11145 ms, used_size=11755520 bytes (28.7%)
(RDMA_READ_CONSUME_CHECK_CONSUMER) timestamp=11145 ms, used_size=11753472 bytes (28.7%)
(RDMA_READ_CONSUME_CHECK_CONSUMER) timestamp=11145 ms, used_size=11751424 bytes (28.7%)
(RDMA_READ_CONSUME_CHECK_CONSUMER) timestamp=11145 ms, used_size=11749376 bytes (28.7%)
(RDMA_READ_CONSUME_CHECK_CONSUMER) timestamp=11145 ms, used_size=11747328 bytes (28.7%)
(RDMA_READ_CONSUME_CHECK_CONSUMER) timestamp=11145 ms, used_size=11745280 bytes (28.7%)
(RDMA_READ_CONSUME_CHECK_CONSUMER) timestamp=11145 ms, used_size=11743232 bytes (28.7%)
(RDMA_READ_CONSUME_CHECK_CONSUMER) timestamp=11145 ms, used_size=11741184 bytes (28.7%)
(RDMA_READ_CONSUME_CHECK_CONSUMER) timestamp=11145 ms, used_size=11739136 bytes (28.7%)
(RDMA_READ_CONSUME_CHECK_CONSUMER) timestamp=11145 ms, used_size=11737088 bytes (28.7%)
(RDMA_READ_CONSUME_CHECK_CONSUMER) timestamp=11145 ms, used_size=11735040 bytes (28.6%)
(RDMA_READ_CONSUME_CHECK_CONSUMER) timestamp=11145 ms, used_size=11732992 bytes (28.6%)
(RDMA_READ_CONSUME_CHECK_CONSUMER) timestamp=11145 ms, used_size=11730944 bytes (28.6%)
(RDMA_READ_CONSUME_CHECK_CONSUMER) timestamp=11145 ms, used_size=11728896 bytes (28.6%)
(RDMA_READ_CONSUME_CHECK_CONSUMER) timestamp=11145 ms, used_size=11726848 bytes (28.6%)
(RDMA_READ_CONSUME_CHECK_CONSUMER) timestamp=11145 ms, used_size=11724800 bytes (28.6%)
(RDMA_READ_CONSUME_CHECK_CONSUMER) timestamp=11145 ms, used_size=11722752 bytes (28.6%)
(RDMA_READ_CONSUME_CHECK_CONSUMER) timestamp=11145 ms, used_size=11720704 bytes (28.6%)
(RDMA_READ_CONSUME_CHECK_CONSUMER) timestamp=11145 ms, used_size=11718656 bytes (28.6%)
(RDMA_READ_CONSUME_CHECK_CONSUMER) timestamp=11145 ms, used_size=11716608 bytes (28.6%)
(RDMA_READ_CONSUME_CHECK_CONSUMER) timestamp=11145 ms, used_size=11714560 bytes (28.6%)
(RDMA_READ_CONSUME_CHECK_CONSUMER) timestamp=11145 ms, used_size=11712512 bytes (28.6%)
(RDMA_READ_CONSUME_CHECK_CONSUMER) timestamp=11145 ms, used_size=11710464 bytes (28.6%)
(RDMA_READ_CONSUME_CHECK_CONSUMER) timestamp=11145 ms, used_size=11708416 bytes (28.6%)
(RDMA_READ_CONSUME_CHECK_CONSUMER) timestamp=11145 ms, used_size=11706368 bytes (28.6%)
(RDMA_READ_CONSUME_CHECK_CONSUMER) timestamp=11145 ms, used_size=11704320 bytes (28.6%)
(RDMA_READ_CONSUME_CHECK_CONSUMER) timestamp=11145 ms, used_size=11702272 bytes (28.6%)
(RDMA_READ_CONSUME_CHECK_CONSUMER) timestamp=11145 ms, used_size=11700224 bytes (28.6%)
(RDMA_READ_CONSUME_CHECK_CONSUMER) timestamp=11145 ms, used_size=11698176 bytes (28.6%)
(RDMA_READ_CONSUME_CHECK_CONSUMER) timestamp=11145 ms, used_size=11696128 bytes (28.6%)
(RDMA_READ_CONSUME_CHECK_CONSUMER) timestamp=11145 ms, used_size=11694080 bytes (28.6%)
(RDMA_READ_CONSUME_CHECK_CONSUMER) timestamp=11145 ms, used_size=11692032 bytes (28.5%)
(RDMA_READ_CONSUME_CHECK_CONSUMER) timestamp=11145 ms, used_size=11689984 bytes (28.5%)
(RDMA_READ_CONSUME_CHECK_CONSUMER) timestamp=11145 ms, used_size=11687936 bytes (28.5%)
(RDMA_READ_CONSUME_CHECK_CONSUMER) timestamp=11145 ms, used_size=11685888 bytes (28.5%)
(RDMA_READ_CONSUME_CHECK_CONSUMER) timestamp=11145 ms, used_size=11683840 bytes (28.5%)
(RDMA_READ_CONSUME_CHECK_CONSUMER) timestamp=11145 ms, used_size=11681792 bytes (28.5%)
(RDMA_READ_CONSUME_CHECK_CONSUMER) timestamp=11145 ms, used_size=11679744 bytes (28.5%)
(RDMA_READ_CONSUME_CHECK_CONSUMER) timestamp=11145 ms, used_size=11677696 bytes (28.5%)
(RDMA_READ_CONSUME_CHECK_CONSUMER) timestamp=11145 ms, used_size=11675648 bytes (28.5%)
(RDMA_READ_CONSUME_CHECK_CONSUMER) timestamp=11145 ms, used_size=11673600 bytes (28.5%)
(RDMA_READ_CONSUME_CHECK_CONSUMER) timestamp=11145 ms, used_size=11671552 bytes (28.5%)
(RDMA_READ_CONSUME_CHECK_CONSUMER) timestamp=11145 ms, used_size=11669504 bytes (28.5%)
(RDMA_READ_CONSUME_CHECK_CONSUMER) timestamp=11145 ms, used_size=11667456 bytes (28.5%)
(RDMA_READ_CONSUME_CHECK_CONSUMER) timestamp=11145 ms, used_size=11665408 bytes (28.5%)
(RDMA_READ_CONSUME_CHECK_CONSUMER) timestamp=11145 ms, used_size=11663360 bytes (28.5%)
(RDMA_READ_CONSUME_CHECK_CONSUMER) timestamp=11145 ms, used_size=11661312 bytes (28.5%)
(RDMA_READ_CONSUME_CHECK_CONSUMER) timestamp=11145 ms, used_size=11659264 bytes (28.5%)
(RDMA_READ_CONSUME_CHECK_CONSUMER) timestamp=11145 ms, used_size=11657216 bytes (28.5%)
(RDMA_READ_CONSUME_CHECK_CONSUMER) timestamp=11145 ms, used_size=11655168 bytes (28.5%)
(RDMA_READ_CONSUME_CHECK_CONSUMER) timestamp=11146 ms, used_size=11653120 bytes (28.4%)
(RDMA_READ_CONSUME_CHECK_CONSUMER) timestamp=11146 ms, used_size=11651072 bytes (28.4%)
(RDMA_READ_CONSUME_CHECK_CONSUMER) timestamp=11146 ms, used_size=11649024 bytes (28.4%)
(RDMA_READ_CONSUME_CHECK_CONSUMER) timestamp=11146 ms, used_size=11646976 bytes (28.4%)
(RDMA_READ_CONSUME_CHECK_CONSUMER) timestamp=11146 ms, used_size=11644928 bytes (28.4%)
(RDMA_READ_CONSUME_CHECK_CONSUMER) timestamp=11146 ms, used_size=11642880 bytes (28.4%)
(RDMA_READ_CONSUME_CHECK_CONSUMER) timestamp=11146 ms, used_size=11640832 bytes (28.4%)
(RDMA_READ_CONSUME_CHECK_CONSUMER) timestamp=11146 ms, used_size=11638784 bytes (28.4%)
(RDMA_READ_CONSUME_CHECK_CONSUMER) timestamp=11146 ms, used_size=11636736 bytes (28.4%)
(RDMA_READ_CONSUME_CHECK_CONSUMER) timestamp=11146 ms, used_size=11634688 bytes (28.4%)
(RDMA_READ_CONSUME_CHECK_CONSUMER) timestamp=11146 ms, used_size=11632640 bytes (28.4%)
(RDMA_READ_CONSUME_CHECK_CONSUMER) timestamp=11146 ms, used_size=11630592 bytes (28.4%)
(RDMA_READ_CONSUME_CHECK_CONSUMER) timestamp=11146 ms, used_size=11628544 bytes (28.4%)
(RDMA_READ_CONSUME_CHECK_CONSUMER) timestamp=11146 ms, used_size=11626496 bytes (28.4%)
(RDMA_READ_CONSUME_CHECK_CONSUMER) timestamp=11146 ms, used_size=11624448 bytes (28.4%)
(RDMA_READ_CONSUME_CHECK_CONSUMER) timestamp=11146 ms, used_size=11622400 bytes (28.4%)
(RDMA_READ_CONSUME_CHECK_CONSUMER) timestamp=11146 ms, used_size=11620352 bytes (28.4%)
(RDMA_READ_CONSUME_CHECK_CONSUMER) timestamp=11146 ms, used_size=11618304 bytes (28.4%)
(RDMA_READ_CONSUME_CHECK_CONSUMER) timestamp=11146 ms, used_size=11616256 bytes (28.4%)
(RDMA_READ_CONSUME_CHECK_CONSUMER) timestamp=11146 ms, used_size=11614208 bytes (28.4%)
(RDMA_READ_CONSUME_CHECK_CONSUMER) timestamp=11146 ms, used_size=11612160 bytes (28.4%)
(RDMA_READ_CONSUME_CHECK_CONSUMER) timestamp=11146 ms, used_size=11610112 bytes (28.3%)
(RDMA_READ_CONSUME_CHECK_CONSUMER) timestamp=11146 ms, used_size=11608064 bytes (28.3%)
(RDMA_READ_CONSUME_CHECK_CONSUMER) timestamp=11146 ms, used_size=11606016 bytes (28.3%)
(RDMA_READ_CONSUME_CHECK_CONSUMER) timestamp=11146 ms, used_size=11603968 bytes (28.3%)
(RDMA_READ_CONSUME_CHECK_CONSUMER) timestamp=11146 ms, used_size=11601920 bytes (28.3%)
(RDMA_READ_CONSUME_CHECK_CONSUMER) timestamp=11146 ms, used_size=11599872 bytes (28.3%)
(RDMA_READ_CONSUME_CHECK_CONSUMER) timestamp=11146 ms, used_size=11597824 bytes (28.3%)
(RDMA_READ_CONSUME_CHECK_CONSUMER) timestamp=11146 ms, used_size=11595776 bytes (28.3%)
(RDMA_READ_CONSUME_CHECK_CONSUMER) timestamp=11146 ms, used_size=11593728 bytes (28.3%)
(RDMA_READ_CONSUME_CHECK_CONSUMER) timestamp=11146 ms, used_size=11591680 bytes (28.3%)
(RDMA_READ_CONSUME_CHECK_CONSUMER) timestamp=11146 ms, used_size=11589632 bytes (28.3%)
(RDMA_READ_CONSUME_CHECK_CONSUMER) timestamp=11146 ms, used_size=11587584 bytes (28.3%)
(RDMA_READ_CONSUME_CHECK_CONSUMER) timestamp=11146 ms, used_size=11585536 bytes (28.3%)
(RDMA_READ_CONSUME_CHECK_CONSUMER) timestamp=11146 ms, used_size=11583488 bytes (28.3%)
(RDMA_READ_CONSUME_CHECK_CONSUMER) timestamp=11146 ms, used_size=11581440 bytes (28.3%)
(RDMA_READ_CONSUME_CHECK_CONSUMER) timestamp=11146 ms, used_size=11579392 bytes (28.3%)
(RDMA_READ_CONSUME_CHECK_CONSUMER) timestamp=11146 ms, used_size=11577344 bytes (28.3%)
(RDMA_READ_CONSUME_CHECK_CONSUMER) timestamp=11146 ms, used_size=11575296 bytes (28.3%)
(RDMA_READ_CONSUME_CHECK_CONSUMER) timestamp=11146 ms, used_size=11573248 bytes (28.3%)
(RDMA_READ_CONSUME_CHECK_CONSUMER) timestamp=11146 ms, used_size=11571200 bytes (28.2%)
(RDMA_READ_CONSUME_CHECK_CONSUMER) timestamp=11146 ms, used_size=11569152 bytes (28.2%)
(RDMA_READ_CONSUME_CHECK_CONSUMER) timestamp=11146 ms, used_size=11567104 bytes (28.2%)
(RDMA_READ_CONSUME_CHECK_CONSUMER) timestamp=11146 ms, used_size=11565056 bytes (28.2%)
(RDMA_READ_CONSUME_CHECK_CONSUMER) timestamp=11146 ms, used_size=11563008 bytes (28.2%)
(RDMA_READ_CONSUME_CHECK_CONSUMER) timestamp=11146 ms, used_size=11560960 bytes (28.2%)
(RDMA_READ_CONSUME_CHECK_CONSUMER) timestamp=11146 ms, used_size=11558912 bytes (28.2%)
(RDMA_READ_CONSUME_CHECK_CONSUMER) timestamp=11146 ms, used_size=11556864 bytes (28.2%)
(RDMA_READ_CONSUME_CHECK_CONSUMER) timestamp=11146 ms, used_size=11554816 bytes (28.2%)
(RDMA_READ_CONSUME_CHECK_CONSUMER) timestamp=11146 ms, used_size=11552768 bytes (28.2%)
(RDMA_READ_CONSUME_CHECK_CONSUMER) timestamp=11146 ms, used_size=11550720 bytes (28.2%)
(RDMA_READ_CONSUME_CHECK_CONSUMER) timestamp=11146 ms, used_size=11548672 bytes (28.2%)
(RDMA_READ_CONSUME_CHECK_CONSUMER) timestamp=11146 ms, used_size=11546624 bytes (28.2%)
(RDMA_READ_CONSUME_CHECK_CONSUMER) timestamp=11146 ms, used_size=11544576 bytes (28.2%)
(RDMA_READ_CONSUME_CHECK_CONSUMER) timestamp=11146 ms, used_size=11542528 bytes (28.2%)
(RDMA_READ_CONSUME_CHECK_CONSUMER) timestamp=11146 ms, used_size=11540480 bytes (28.2%)
(RDMA_READ_CONSUME_CHECK_CONSUMER) timestamp=11146 ms, used_size=11538432 bytes (28.2%)
(RDMA_READ_CONSUME_CHECK_CONSUMER) timestamp=11146 ms, used_size=11536384 bytes (28.2%)
(RDMA_READ_CONSUME_CHECK_CONSUMER) timestamp=11146 ms, used_size=11534336 bytes (28.2%)
(RDMA_READ_CONSUME_CHECK_CONSUMER) timestamp=11146 ms, used_size=11532288 bytes (28.2%)
(RDMA_READ_CONSUME_CHECK_CONSUMER) timestamp=11146 ms, used_size=11530240 bytes (28.1%)
(RDMA_READ_CONSUME_CHECK_CONSUMER) timestamp=11146 ms, used_size=11528192 bytes (28.1%)
(RDMA_READ_CONSUME_CHECK_CONSUMER) timestamp=11146 ms, used_size=11526144 bytes (28.1%)
(RDMA_READ_CONSUME_CHECK_CONSUMER) timestamp=11146 ms, used_size=11524096 bytes (28.1%)
(RDMA_READ_CONSUME_CHECK_CONSUMER) timestamp=11146 ms, used_size=11522048 bytes (28.1%)
(RDMA_READ_CONSUME_CHECK_CONSUMER) timestamp=11146 ms, used_size=11520000 bytes (28.1%)
(RDMA_READ_CONSUME_CHECK_CONSUMER) timestamp=11146 ms, used_size=11517952 bytes (28.1%)
(RDMA_READ_CONSUME_CHECK_CONSUMER) timestamp=11146 ms, used_size=11515904 bytes (28.1%)
(RDMA_READ_CONSUME_CHECK_CONSUMER) timestamp=11146 ms, used_size=11513856 bytes (28.1%)
(RDMA_READ_CONSUME_CHECK_CONSUMER) timestamp=11146 ms, used_size=11511808 bytes (28.1%)
(RDMA_READ_CONSUME_CHECK_CONSUMER) timestamp=11146 ms, used_size=11509760 bytes (28.1%)
(RDMA_READ_CONSUME_CHECK_CONSUMER) timestamp=11146 ms, used_size=11507712 bytes (28.1%)
(RDMA_READ_CONSUME_CHECK_CONSUMER) timestamp=11146 ms, used_size=11505664 bytes (28.1%)
(RDMA_READ_CONSUME_CHECK_CONSUMER) timestamp=11146 ms, used_size=11503616 bytes (28.1%)
(RDMA_READ_CONSUME_CHECK_CONSUMER) timestamp=11146 ms, used_size=11501568 bytes (28.1%)
(RDMA_READ_CONSUME_CHECK_CONSUMER) timestamp=11146 ms, used_size=11499520 bytes (28.1%)
(RDMA_READ_CONSUME_CHECK_CONSUMER) timestamp=11146 ms, used_size=11497472 bytes (28.1%)
(RDMA_READ_CONSUME_CHECK_CONSUMER) timestamp=11146 ms, used_size=11495424 bytes (28.1%)
(RDMA_READ_CONSUME_CHECK_CONSUMER) timestamp=11146 ms, used_size=11493376 bytes (28.1%)
(RDMA_READ_CONSUME_CHECK_CONSUMER) timestamp=11146 ms, used_size=11491328 bytes (28.1%)
(RDMA_READ_CONSUME_CHECK_CONSUMER) timestamp=11146 ms, used_size=11489280 bytes (28.1%)
(RDMA_READ_CONSUME_CHECK_CONSUMER) timestamp=11146 ms, used_size=11487232 bytes (28.0%)
(RDMA_READ_CONSUME_CHECK_CONSUMER) timestamp=11146 ms, used_size=11485184 bytes (28.0%)
(RDMA_READ_CONSUME_CHECK_CONSUMER) timestamp=11146 ms, used_size=11483136 bytes (28.0%)
(RDMA_READ_CONSUME_CHECK_CONSUMER) timestamp=11146 ms, used_size=11481088 bytes (28.0%)
(RDMA_READ_CONSUME_CHECK_CONSUMER) timestamp=11146 ms, used_size=11479040 bytes (28.0%)
(RDMA_READ_CONSUME_CHECK_CONSUMER) timestamp=11146 ms, used_size=11476992 bytes (28.0%)
(RDMA_READ_CONSUME_CHECK_CONSUMER) timestamp=11146 ms, used_size=11474944 bytes (28.0%)
(RDMA_READ_CONSUME_CHECK_CONSUMER) timestamp=11146 ms, used_size=11472896 bytes (28.0%)
(RDMA_READ_CONSUME_CHECK_CONSUMER) timestamp=11146 ms, used_size=11470848 bytes (28.0%)
(RDMA_READ_CONSUME_CHECK_CONSUMER) timestamp=11146 ms, used_size=11468800 bytes (28.0%)
(RDMA_READ_CONSUME_CHECK_CONSUMER) timestamp=11146 ms, used_size=11466752 bytes (28.0%)
(RDMA_READ_CONSUME_CHECK_CONSUMER) timestamp=11146 ms, used_size=11464704 bytes (28.0%)
(RDMA_READ_CONSUME_CHECK_CONSUMER) timestamp=11146 ms, used_size=11462656 bytes (28.0%)
(RDMA_READ_CONSUME_CHECK_CONSUMER) timestamp=11146 ms, used_size=11460608 bytes (28.0%)
(RDMA_READ_CONSUME_CHECK_CONSUMER) timestamp=11146 ms, used_size=11458560 bytes (28.0%)
(RDMA_READ_CONSUME_CHECK_CONSUMER) timestamp=11146 ms, used_size=11456512 bytes (28.0%)
(RDMA_READ_CONSUME_CHECK_CONSUMER) timestamp=11146 ms, used_size=11454464 bytes (28.0%)
(RDMA_READ_CONSUME_CHECK_CONSUMER) timestamp=11146 ms, used_size=11452416 bytes (28.0%)
(RDMA_READ_CONSUME_CHECK_CONSUMER) timestamp=11146 ms, used_size=11450368 bytes (28.0%)
(RDMA_READ_CONSUME_CHECK_CONSUMER) timestamp=11146 ms, used_size=11448320 bytes (27.9%)
(RDMA_READ_CONSUME_CHECK_CONSUMER) timestamp=11146 ms, used_size=11446272 bytes (27.9%)
(RDMA_READ_CONSUME_CHECK_CONSUMER) timestamp=11146 ms, used_size=11444224 bytes (27.9%)
(RDMA_READ_CONSUME_CHECK_CONSUMER) timestamp=11146 ms, used_size=11442176 bytes (27.9%)
(RDMA_READ_CONSUME_CHECK_CONSUMER) timestamp=11146 ms, used_size=11440128 bytes (27.9%)
(RDMA_READ_CONSUME_CHECK_CONSUMER) timestamp=11146 ms, used_size=11438080 bytes (27.9%)
(RDMA_READ_CONSUME_CHECK_CONSUMER) timestamp=11146 ms, used_size=11436032 bytes (27.9%)
(RDMA_READ_CONSUME_CHECK_CONSUMER) timestamp=11146 ms, used_size=11433984 bytes (27.9%)
(RDMA_READ_CONSUME_CHECK_CONSUMER) timestamp=11146 ms, used_size=11431936 bytes (27.9%)
(RDMA_READ_CONSUME_CHECK_CONSUMER) timestamp=11146 ms, used_size=11429888 bytes (27.9%)
(RDMA_READ_CONSUME_CHECK_CONSUMER) timestamp=11146 ms, used_size=11427840 bytes (27.9%)
(RDMA_READ_CONSUME_CHECK_CONSUMER) timestamp=11146 ms, used_size=11425792 bytes (27.9%)
(RDMA_READ_CONSUME_CHECK_CONSUMER) timestamp=11146 ms, used_size=11423744 bytes (27.9%)
(RDMA_READ_CONSUME_CHECK_CONSUMER) timestamp=11146 ms, used_size=11421696 bytes (27.9%)
(RDMA_READ_CONSUME_CHECK_CONSUMER) timestamp=11146 ms, used_size=11419648 bytes (27.9%)
(RDMA_READ_CONSUME_CHECK_CONSUMER) timestamp=11146 ms, used_size=11417600 bytes (27.9%)
(RDMA_READ_CONSUME_CHECK_CONSUMER) timestamp=11146 ms, used_size=11415552 bytes (27.9%)
(RDMA_READ_CONSUME_CHECK_CONSUMER) timestamp=11146 ms, used_size=11413504 bytes (27.9%)
(RDMA_READ_CONSUME_CHECK_CONSUMER) timestamp=11146 ms, used_size=11411456 bytes (27.9%)
(RDMA_READ_CONSUME_CHECK_CONSUMER) timestamp=11146 ms, used_size=11409408 bytes (27.9%)
(RDMA_READ_CONSUME_CHECK_CONSUMER) timestamp=11146 ms, used_size=11407360 bytes (27.9%)
(RDMA_READ_CONSUME_CHECK_CONSUMER) timestamp=11146 ms, used_size=11405312 bytes (27.8%)
(RDMA_READ_CONSUME_CHECK_CONSUMER) timestamp=11146 ms, used_size=11403264 bytes (27.8%)
(RDMA_READ_CONSUME_CHECK_CONSUMER) timestamp=11146 ms, used_size=11401216 bytes (27.8%)
(RDMA_READ_CONSUME_CHECK_CONSUMER) timestamp=11146 ms, used_size=11399168 bytes (27.8%)
(RDMA_READ_CONSUME_CHECK_CONSUMER) timestamp=11146 ms, used_size=11397120 bytes (27.8%)
(RDMA_READ_CONSUME_CHECK_CONSUMER) timestamp=11146 ms, used_size=11395072 bytes (27.8%)
(RDMA_READ_CONSUME_CHECK_CONSUMER) timestamp=11146 ms, used_size=11393024 bytes (27.8%)
(RDMA_READ_CONSUME_CHECK_CONSUMER) timestamp=11146 ms, used_size=11390976 bytes (27.8%)
(RDMA_READ_CONSUME_CHECK_CONSUMER) timestamp=11146 ms, used_size=11388928 bytes (27.8%)
(RDMA_READ_CONSUME_CHECK_CONSUMER) timestamp=11146 ms, used_size=11386880 bytes (27.8%)
(RDMA_READ_CONSUME_CHECK_CONSUMER) timestamp=11146 ms, used_size=11384832 bytes (27.8%)
(RDMA_READ_CONSUME_CHECK_CONSUMER) timestamp=11146 ms, used_size=11382784 bytes (27.8%)
(RDMA_READ_CONSUME_CHECK_CONSUMER) timestamp=11146 ms, used_size=11380736 bytes (27.8%)
(RDMA_READ_CONSUME_CHECK_CONSUMER) timestamp=11146 ms, used_size=11378688 bytes (27.8%)
(RDMA_READ_CONSUME_CHECK_CONSUMER) timestamp=11146 ms, used_size=11376640 bytes (27.8%)
(RDMA_READ_CONSUME_CHECK_CONSUMER) timestamp=11146 ms, used_size=11374592 bytes (27.8%)
(RDMA_READ_CONSUME_CHECK_CONSUMER) timestamp=11146 ms, used_size=11372544 bytes (27.8%)
(RDMA_READ_CONSUME_CHECK_CONSUMER) timestamp=11146 ms, used_size=11370496 bytes (27.8%)
(RDMA_READ_CONSUME_CHECK_CONSUMER) timestamp=11146 ms, used_size=11368448 bytes (27.8%)
(RDMA_READ_CONSUME_CHECK_CONSUMER) timestamp=11146 ms, used_size=11366400 bytes (27.8%)
(RDMA_READ_CONSUME_CHECK_CONSUMER) timestamp=11146 ms, used_size=11364352 bytes (27.7%)
(RDMA_READ_CONSUME_CHECK_CONSUMER) timestamp=11146 ms, used_size=11362304 bytes (27.7%)
(RDMA_READ_CONSUME_CHECK_CONSUMER) timestamp=11146 ms, used_size=11360256 bytes (27.7%)
(RDMA_READ_CONSUME_CHECK_CONSUMER) timestamp=11146 ms, used_size=11358208 bytes (27.7%)
(RDMA_READ_CONSUME_CHECK_CONSUMER) timestamp=11146 ms, used_size=11356160 bytes (27.7%)
(RDMA_READ_CONSUME_CHECK_CONSUMER) timestamp=11146 ms, used_size=11354112 bytes (27.7%)
(RDMA_READ_CONSUME_CHECK_CONSUMER) timestamp=11146 ms, used_size=11352064 bytes (27.7%)
(RDMA_READ_CONSUME_CHECK_CONSUMER) timestamp=11146 ms, used_size=11350016 bytes (27.7%)
(RDMA_READ_CONSUME_CHECK_CONSUMER) timestamp=11146 ms, used_size=11347968 bytes (27.7%)
(RDMA_READ_CONSUME_CHECK_CONSUMER) timestamp=11146 ms, used_size=11345920 bytes (27.7%)
(RDMA_READ_CONSUME_CHECK_CONSUMER) timestamp=11146 ms, used_size=11343872 bytes (27.7%)
(RDMA_READ_CONSUME_CHECK_CONSUMER) timestamp=11146 ms, used_size=11341824 bytes (27.7%)
(RDMA_READ_CONSUME_CHECK_CONSUMER) timestamp=11146 ms, used_size=11339776 bytes (27.7%)
(RDMA_READ_CONSUME_CHECK_CONSUMER) timestamp=11146 ms, used_size=11337728 bytes (27.7%)
(RDMA_READ_CONSUME_CHECK_CONSUMER) timestamp=11146 ms, used_size=11335680 bytes (27.7%)
(RDMA_READ_CONSUME_CHECK_CONSUMER) timestamp=11146 ms, used_size=11333632 bytes (27.7%)
(RDMA_READ_CONSUME_CHECK_CONSUMER) timestamp=11146 ms, used_size=11331584 bytes (27.7%)
(RDMA_READ_CONSUME_CHECK_CONSUMER) timestamp=11146 ms, used_size=11329536 bytes (27.7%)
(RDMA_READ_CONSUME_CHECK_CONSUMER) timestamp=11146 ms, used_size=11327488 bytes (27.7%)
(RDMA_READ_CONSUME_CHECK_CONSUMER) timestamp=11146 ms, used_size=11325440 bytes (27.6%)
(RDMA_READ_CONSUME_CHECK_CONSUMER) timestamp=11146 ms, used_size=11323392 bytes (27.6%)
(RDMA_READ_CONSUME_CHECK_CONSUMER) timestamp=11146 ms, used_size=11321344 bytes (27.6%)
(RDMA_READ_CONSUME_CHECK_CONSUMER) timestamp=11146 ms, used_size=11319296 bytes (27.6%)
(RDMA_READ_CONSUME_CHECK_CONSUMER) timestamp=11146 ms, used_size=11317248 bytes (27.6%)
(RDMA_READ_CONSUME_CHECK_CONSUMER) timestamp=11146 ms, used_size=11315200 bytes (27.6%)
(RDMA_READ_CONSUME_CHECK_CONSUMER) timestamp=11146 ms, used_size=11313152 bytes (27.6%)
(RDMA_READ_CONSUME_CHECK_CONSUMER) timestamp=11146 ms, used_size=11311104 bytes (27.6%)
(RDMA_READ_CONSUME_CHECK_CONSUMER) timestamp=11146 ms, used_size=11309056 bytes (27.6%)
(RDMA_READ_CONSUME_CHECK_CONSUMER) timestamp=11146 ms, used_size=11307008 bytes (27.6%)
(RDMA_READ_CONSUME_CHECK_CONSUMER) timestamp=11146 ms, used_size=11304960 bytes (27.6%)
(RDMA_READ_CONSUME_CHECK_CONSUMER) timestamp=11146 ms, used_size=11302912 bytes (27.6%)
(RDMA_READ_CONSUME_CHECK_CONSUMER) timestamp=11146 ms, used_size=11300864 bytes (27.6%)
(RDMA_READ_CONSUME_CHECK_CONSUMER) timestamp=11146 ms, used_size=11298816 bytes (27.6%)
(RDMA_READ_CONSUME_CHECK_CONSUMER) timestamp=11147 ms, used_size=11296768 bytes (27.6%)
(RDMA_READ_CONSUME_CHECK_CONSUMER) timestamp=11147 ms, used_size=11294720 bytes (27.6%)
(RDMA_READ_CONSUME_CHECK_CONSUMER) timestamp=11147 ms, used_size=11292672 bytes (27.6%)
(RDMA_READ_CONSUME_CHECK_CONSUMER) timestamp=11147 ms, used_size=11290624 bytes (27.6%)
(RDMA_READ_CONSUME_CHECK_CONSUMER) timestamp=11147 ms, used_size=11288576 bytes (27.6%)
(RDMA_READ_CONSUME_CHECK_CONSUMER) timestamp=11147 ms, used_size=11286528 bytes (27.6%)
(RDMA_READ_CONSUME_CHECK_CONSUMER) timestamp=11147 ms, used_size=11284480 bytes (27.6%)
(RDMA_READ_CONSUME_CHECK_CONSUMER) timestamp=11147 ms, used_size=11282432 bytes (27.5%)
(RDMA_READ_CONSUME_CHECK_CONSUMER) timestamp=11147 ms, used_size=11280384 bytes (27.5%)
(RDMA_READ_CONSUME_CHECK_CONSUMER) timestamp=11147 ms, used_size=11278336 bytes (27.5%)
(RDMA_READ_CONSUME_CHECK_CONSUMER) timestamp=11147 ms, used_size=11276288 bytes (27.5%)
(RDMA_READ_CONSUME_CHECK_CONSUMER) timestamp=11147 ms, used_size=11274240 bytes (27.5%)
(RDMA_READ_CONSUME_CHECK_CONSUMER) timestamp=11147 ms, used_size=11272192 bytes (27.5%)
(RDMA_READ_CONSUME_CHECK_CONSUMER) timestamp=11147 ms, used_size=11270144 bytes (27.5%)
(RDMA_READ_CONSUME_CHECK_CONSUMER) timestamp=11147 ms, used_size=11268096 bytes (27.5%)
(RDMA_READ_CONSUME_CHECK_CONSUMER) timestamp=11147 ms, used_size=11266048 bytes (27.5%)
(RDMA_READ_CONSUME_CHECK_CONSUMER) timestamp=11147 ms, used_size=11264000 bytes (27.5%)
(RDMA_READ_CONSUME_CHECK_CONSUMER) timestamp=11147 ms, used_size=11261952 bytes (27.5%)
(RDMA_READ_CONSUME_CHECK_CONSUMER) timestamp=11147 ms, used_size=11259904 bytes (27.5%)
(RDMA_READ_CONSUME_CHECK_CONSUMER) timestamp=11147 ms, used_size=11257856 bytes (27.5%)
(RDMA_READ_CONSUME_CHECK_CONSUMER) timestamp=11147 ms, used_size=11255808 bytes (27.5%)
(RDMA_READ_CONSUME_CHECK_CONSUMER) timestamp=11147 ms, used_size=11253760 bytes (27.5%)
(RDMA_READ_CONSUME_CHECK_CONSUMER) timestamp=11147 ms, used_size=11251712 bytes (27.5%)
(RDMA_READ_CONSUME_CHECK_CONSUMER) timestamp=11147 ms, used_size=11249664 bytes (27.5%)
(RDMA_READ_CONSUME_CHECK_CONSUMER) timestamp=11147 ms, used_size=11247616 bytes (27.5%)
(RDMA_READ_CONSUME_CHECK_CONSUMER) timestamp=11147 ms, used_size=11245568 bytes (27.5%)
(RDMA_READ_CONSUME_CHECK_CONSUMER) timestamp=11147 ms, used_size=11243520 bytes (27.4%)
(RDMA_READ_CONSUME_CHECK_CONSUMER) timestamp=11147 ms, used_size=11241472 bytes (27.4%)
(RDMA_READ_CONSUME_CHECK_CONSUMER) timestamp=11147 ms, used_size=11239424 bytes (27.4%)
(RDMA_READ_CONSUME_CHECK_CONSUMER) timestamp=11147 ms, used_size=11237376 bytes (27.4%)
(RDMA_READ_CONSUME_CHECK_CONSUMER) timestamp=11147 ms, used_size=11235328 bytes (27.4%)
(RDMA_READ_CONSUME_CHECK_CONSUMER) timestamp=11147 ms, used_size=11233280 bytes (27.4%)
(RDMA_READ_CONSUME_CHECK_CONSUMER) timestamp=11147 ms, used_size=11231232 bytes (27.4%)
(RDMA_READ_CONSUME_CHECK_CONSUMER) timestamp=11147 ms, used_size=11229184 bytes (27.4%)
(RDMA_READ_CONSUME_CHECK_CONSUMER) timestamp=11147 ms, used_size=11227136 bytes (27.4%)
(RDMA_READ_CONSUME_CHECK_CONSUMER) timestamp=11147 ms, used_size=11225088 bytes (27.4%)
(RDMA_READ_CONSUME_CHECK_CONSUMER) timestamp=11147 ms, used_size=11223040 bytes (27.4%)
(RDMA_READ_CONSUME_CHECK_CONSUMER) timestamp=11147 ms, used_size=11220992 bytes (27.4%)
(RDMA_READ_CONSUME_CHECK_CONSUMER) timestamp=11147 ms, used_size=11218944 bytes (27.4%)
(RDMA_READ_CONSUME_CHECK_CONSUMER) timestamp=11147 ms, used_size=11216896 bytes (27.4%)
(RDMA_READ_CONSUME_CHECK_CONSUMER) timestamp=11147 ms, used_size=11214848 bytes (27.4%)
(RDMA_READ_CONSUME_CHECK_CONSUMER) timestamp=11147 ms, used_size=11212800 bytes (27.4%)
(RDMA_READ_CONSUME_CHECK_CONSUMER) timestamp=11147 ms, used_size=11210752 bytes (27.4%)
(RDMA_READ_CONSUME_CHECK_CONSUMER) timestamp=11147 ms, used_size=11208704 bytes (27.4%)
(RDMA_READ_CONSUME_CHECK_CONSUMER) timestamp=11147 ms, used_size=11206656 bytes (27.4%)
(RDMA_READ_CONSUME_CHECK_CONSUMER) timestamp=11147 ms, used_size=11204608 bytes (27.4%)
(RDMA_READ_CONSUME_CHECK_CONSUMER) timestamp=11147 ms, used_size=11202560 bytes (27.4%)
(RDMA_READ_CONSUME_CHECK_CONSUMER) timestamp=11147 ms, used_size=11200512 bytes (27.3%)
(RDMA_READ_CONSUME_CHECK_CONSUMER) timestamp=11147 ms, used_size=11198464 bytes (27.3%)
(RDMA_READ_CONSUME_CHECK_CONSUMER) timestamp=11147 ms, used_size=11196416 bytes (27.3%)
(RDMA_READ_CONSUME_CHECK_CONSUMER) timestamp=11147 ms, used_size=11194368 bytes (27.3%)
(RDMA_READ_CONSUME_CHECK_CONSUMER) timestamp=11147 ms, used_size=11192320 bytes (27.3%)
(RDMA_READ_CONSUME_CHECK_CONSUMER) timestamp=11147 ms, used_size=11190272 bytes (27.3%)
(RDMA_READ_CONSUME_CHECK_CONSUMER) timestamp=11147 ms, used_size=11188224 bytes (27.3%)
(RDMA_READ_CONSUME_CHECK_CONSUMER) timestamp=11147 ms, used_size=11186176 bytes (27.3%)
(RDMA_READ_CONSUME_CHECK_CONSUMER) timestamp=11147 ms, used_size=11184128 bytes (27.3%)
(RDMA_READ_CONSUME_CHECK_CONSUMER) timestamp=11147 ms, used_size=11182080 bytes (27.3%)
(RDMA_READ_CONSUME_CHECK_CONSUMER) timestamp=11147 ms, used_size=11180032 bytes (27.3%)
(RDMA_READ_CONSUME_CHECK_CONSUMER) timestamp=11147 ms, used_size=11177984 bytes (27.3%)
(RDMA_READ_CONSUME_CHECK_CONSUMER) timestamp=11147 ms, used_size=11175936 bytes (27.3%)
(RDMA_READ_CONSUME_CHECK_CONSUMER) timestamp=11147 ms, used_size=11173888 bytes (27.3%)
(RDMA_READ_CONSUME_CHECK_CONSUMER) timestamp=11147 ms, used_size=11171840 bytes (27.3%)
(RDMA_READ_CONSUME_CHECK_CONSUMER) timestamp=11147 ms, used_size=11169792 bytes (27.3%)
(RDMA_READ_CONSUME_CHECK_CONSUMER) timestamp=11147 ms, used_size=11167744 bytes (27.3%)
(RDMA_READ_CONSUME_CHECK_CONSUMER) timestamp=11147 ms, used_size=11165696 bytes (27.3%)
(RDMA_READ_CONSUME_CHECK_CONSUMER) timestamp=11147 ms, used_size=11163648 bytes (27.3%)
(RDMA_READ_CONSUME_CHECK_CONSUMER) timestamp=11147 ms, used_size=11161600 bytes (27.2%)
(RDMA_READ_CONSUME_CHECK_CONSUMER) timestamp=11147 ms, used_size=11159552 bytes (27.2%)
(RDMA_READ_CONSUME_CHECK_CONSUMER) timestamp=11147 ms, used_size=11157504 bytes (27.2%)
(RDMA_READ_CONSUME_CHECK_CONSUMER) timestamp=11147 ms, used_size=11155456 bytes (27.2%)
(RDMA_READ_CONSUME_CHECK_CONSUMER) timestamp=11147 ms, used_size=11153408 bytes (27.2%)
(RDMA_READ_CONSUME_CHECK_CONSUMER) timestamp=11147 ms, used_size=11151360 bytes (27.2%)
(RDMA_READ_CONSUME_CHECK_CONSUMER) timestamp=11147 ms, used_size=11149312 bytes (27.2%)
(RDMA_READ_CONSUME_CHECK_CONSUMER) timestamp=11147 ms, used_size=11147264 bytes (27.2%)
(RDMA_READ_CONSUME_CHECK_CONSUMER) timestamp=11147 ms, used_size=11145216 bytes (27.2%)
(RDMA_READ_CONSUME_CHECK_CONSUMER) timestamp=11147 ms, used_size=11143168 bytes (27.2%)
(RDMA_READ_CONSUME_CHECK_CONSUMER) timestamp=11147 ms, used_size=11141120 bytes (27.2%)
(RDMA_READ_CONSUME_CHECK_CONSUMER) timestamp=11147 ms, used_size=11139072 bytes (27.2%)
(RDMA_READ_CONSUME_CHECK_CONSUMER) timestamp=11147 ms, used_size=11137024 bytes (27.2%)
(RDMA_READ_CONSUME_CHECK_CONSUMER) timestamp=11147 ms, used_size=11134976 bytes (27.2%)
(RDMA_READ_CONSUME_CHECK_CONSUMER) timestamp=11147 ms, used_size=11132928 bytes (27.2%)
(RDMA_READ_CONSUME_CHECK_CONSUMER) timestamp=11147 ms, used_size=11130880 bytes (27.2%)
(RDMA_READ_CONSUME_CHECK_CONSUMER) timestamp=11147 ms, used_size=11128832 bytes (27.2%)
(RDMA_READ_CONSUME_CHECK_CONSUMER) timestamp=11147 ms, used_size=11126784 bytes (27.2%)
(RDMA_READ_CONSUME_CHECK_CONSUMER) timestamp=11147 ms, used_size=11124736 bytes (27.2%)
(RDMA_READ_CONSUME_CHECK_CONSUMER) timestamp=11147 ms, used_size=11122688 bytes (27.2%)
(RDMA_READ_CONSUME_CHECK_CONSUMER) timestamp=11147 ms, used_size=11120640 bytes (27.1%)
(RDMA_READ_CONSUME_CHECK_CONSUMER) timestamp=11147 ms, used_size=11118592 bytes (27.1%)
(RDMA_READ_CONSUME_CHECK_CONSUMER) timestamp=11147 ms, used_size=11116544 bytes (27.1%)
(RDMA_READ_CONSUME_CHECK_CONSUMER) timestamp=11147 ms, used_size=11114496 bytes (27.1%)
(RDMA_READ_CONSUME_CHECK_CONSUMER) timestamp=11147 ms, used_size=11112448 bytes (27.1%)
(RDMA_READ_CONSUME_CHECK_CONSUMER) timestamp=11147 ms, used_size=11110400 bytes (27.1%)
(RDMA_READ_CONSUME_CHECK_CONSUMER) timestamp=11147 ms, used_size=11108352 bytes (27.1%)
(RDMA_READ_CONSUME_CHECK_CONSUMER) timestamp=11147 ms, used_size=11106304 bytes (27.1%)
(RDMA_READ_CONSUME_CHECK_CONSUMER) timestamp=11147 ms, used_size=11104256 bytes (27.1%)
(RDMA_READ_CONSUME_CHECK_CONSUMER) timestamp=11147 ms, used_size=11102208 bytes (27.1%)
(RDMA_READ_CONSUME_CHECK_CONSUMER) timestamp=11147 ms, used_size=11100160 bytes (27.1%)
(RDMA_READ_CONSUME_CHECK_CONSUMER) timestamp=11147 ms, used_size=11098112 bytes (27.1%)
(RDMA_READ_CONSUME_CHECK_CONSUMER) timestamp=11147 ms, used_size=11096064 bytes (27.1%)
(RDMA_READ_CONSUME_CHECK_CONSUMER) timestamp=11147 ms, used_size=11094016 bytes (27.1%)
(RDMA_READ_CONSUME_CHECK_CONSUMER) timestamp=11147 ms, used_size=11091968 bytes (27.1%)
(RDMA_READ_CONSUME_CHECK_CONSUMER) timestamp=11147 ms, used_size=11089920 bytes (27.1%)
(RDMA_READ_CONSUME_CHECK_CONSUMER) timestamp=11147 ms, used_size=11087872 bytes (27.1%)
(RDMA_READ_CONSUME_CHECK_CONSUMER) timestamp=11147 ms, used_size=11085824 bytes (27.1%)
(RDMA_READ_CONSUME_CHECK_CONSUMER) timestamp=11147 ms, used_size=11083776 bytes (27.1%)
(RDMA_READ_CONSUME_CHECK_CONSUMER) timestamp=11147 ms, used_size=11081728 bytes (27.1%)
(RDMA_READ_CONSUME_CHECK_CONSUMER) timestamp=11147 ms, used_size=11079680 bytes (27.1%)
(RDMA_READ_CONSUME_CHECK_CONSUMER) timestamp=11147 ms, used_size=11077632 bytes (27.0%)
(RDMA_READ_CONSUME_CHECK_CONSUMER) timestamp=11147 ms, used_size=11075584 bytes (27.0%)
(RDMA_READ_CONSUME_CHECK_CONSUMER) timestamp=11147 ms, used_size=11073536 bytes (27.0%)
(RDMA_READ_CONSUME_CHECK_CONSUMER) timestamp=11147 ms, used_size=11071488 bytes (27.0%)
(RDMA_READ_CONSUME_CHECK_CONSUMER) timestamp=11147 ms, used_size=11069440 bytes (27.0%)
(RDMA_READ_CONSUME_CHECK_CONSUMER) timestamp=11147 ms, used_size=11067392 bytes (27.0%)
(RDMA_READ_CONSUME_CHECK_CONSUMER) timestamp=11147 ms, used_size=11065344 bytes (27.0%)
(RDMA_READ_CONSUME_CHECK_CONSUMER) timestamp=11147 ms, used_size=11063296 bytes (27.0%)
(RDMA_READ_CONSUME_CHECK_CONSUMER) timestamp=11147 ms, used_size=11061248 bytes (27.0%)
(RDMA_READ_CONSUME_CHECK_CONSUMER) timestamp=11147 ms, used_size=11059200 bytes (27.0%)
(RDMA_READ_CONSUME_CHECK_CONSUMER) timestamp=11147 ms, used_size=11057152 bytes (27.0%)
(RDMA_READ_CONSUME_CHECK_CONSUMER) timestamp=11147 ms, used_size=11055104 bytes (27.0%)
(RDMA_READ_CONSUME_CHECK_CONSUMER) timestamp=11147 ms, used_size=11053056 bytes (27.0%)
(RDMA_READ_CONSUME_CHECK_CONSUMER) timestamp=11147 ms, used_size=11051008 bytes (27.0%)
(RDMA_READ_CONSUME_CHECK_CONSUMER) timestamp=11147 ms, used_size=11048960 bytes (27.0%)
(RDMA_READ_CONSUME_CHECK_CONSUMER) timestamp=11147 ms, used_size=11046912 bytes (27.0%)
(RDMA_READ_CONSUME_CHECK_CONSUMER) timestamp=11147 ms, used_size=11044864 bytes (27.0%)
(RDMA_READ_CONSUME_CHECK_CONSUMER) timestamp=11147 ms, used_size=11042816 bytes (27.0%)
(RDMA_READ_CONSUME_CHECK_CONSUMER) timestamp=11147 ms, used_size=11040768 bytes (27.0%)
(RDMA_READ_CONSUME_CHECK_CONSUMER) timestamp=11147 ms, used_size=11038720 bytes (26.9%)
(RDMA_READ_CONSUME_CHECK_CONSUMER) timestamp=11147 ms, used_size=11036672 bytes (26.9%)
(RDMA_READ_CONSUME_CHECK_CONSUMER) timestamp=11147 ms, used_size=11034624 bytes (26.9%)
(RDMA_READ_CONSUME_CHECK_CONSUMER) timestamp=11147 ms, used_size=11032576 bytes (26.9%)
(RDMA_READ_CONSUME_CHECK_CONSUMER) timestamp=11147 ms, used_size=11030528 bytes (26.9%)
(RDMA_READ_CONSUME_CHECK_CONSUMER) timestamp=11147 ms, used_size=11028480 bytes (26.9%)
(RDMA_READ_CONSUME_CHECK_CONSUMER) timestamp=11147 ms, used_size=11026432 bytes (26.9%)
(RDMA_READ_CONSUME_CHECK_CONSUMER) timestamp=11147 ms, used_size=11024384 bytes (26.9%)
(RDMA_READ_CONSUME_CHECK_CONSUMER) timestamp=11147 ms, used_size=11022336 bytes (26.9%)
(RDMA_READ_CONSUME_CHECK_CONSUMER) timestamp=11147 ms, used_size=11020288 bytes (26.9%)
(RDMA_READ_CONSUME_CHECK_CONSUMER) timestamp=11147 ms, used_size=11018240 bytes (26.9%)
(RDMA_READ_CONSUME_CHECK_CONSUMER) timestamp=11147 ms, used_size=11016192 bytes (26.9%)
(RDMA_READ_CONSUME_CHECK_CONSUMER) timestamp=11147 ms, used_size=11014144 bytes (26.9%)
(RDMA_READ_CONSUME_CHECK_CONSUMER) timestamp=11147 ms, used_size=11012096 bytes (26.9%)
(RDMA_READ_CONSUME_CHECK_CONSUMER) timestamp=11147 ms, used_size=11010048 bytes (26.9%)
(RDMA_READ_CONSUME_CHECK_CONSUMER) timestamp=11147 ms, used_size=11008000 bytes (26.9%)
(RDMA_READ_CONSUME_CHECK_CONSUMER) timestamp=11147 ms, used_size=11005952 bytes (26.9%)
(RDMA_READ_CONSUME_CHECK_CONSUMER) timestamp=11147 ms, used_size=11003904 bytes (26.9%)
(RDMA_READ_CONSUME_CHECK_CONSUMER) timestamp=11147 ms, used_size=11001856 bytes (26.9%)
(RDMA_READ_CONSUME_CHECK_CONSUMER) timestamp=11147 ms, used_size=10999808 bytes (26.9%)
(RDMA_READ_CONSUME_CHECK_CONSUMER) timestamp=11147 ms, used_size=10997760 bytes (26.9%)
(RDMA_READ_CONSUME_CHECK_CONSUMER) timestamp=11147 ms, used_size=10995712 bytes (26.8%)
(RDMA_READ_CONSUME_CHECK_CONSUMER) timestamp=11147 ms, used_size=10993664 bytes (26.8%)
(RDMA_READ_CONSUME_CHECK_CONSUMER) timestamp=11147 ms, used_size=10991616 bytes (26.8%)
(RDMA_READ_CONSUME_CHECK_CONSUMER) timestamp=11147 ms, used_size=10989568 bytes (26.8%)
(RDMA_READ_CONSUME_CHECK_CONSUMER) timestamp=11147 ms, used_size=10987520 bytes (26.8%)
(RDMA_READ_CONSUME_CHECK_CONSUMER) timestamp=11147 ms, used_size=10985472 bytes (26.8%)
(RDMA_READ_CONSUME_CHECK_CONSUMER) timestamp=11147 ms, used_size=10983424 bytes (26.8%)
(RDMA_READ_CONSUME_CHECK_CONSUMER) timestamp=11147 ms, used_size=10981376 bytes (26.8%)
(RDMA_READ_CONSUME_CHECK_CONSUMER) timestamp=11147 ms, used_size=10979328 bytes (26.8%)
(RDMA_READ_CONSUME_CHECK_CONSUMER) timestamp=11147 ms, used_size=10977280 bytes (26.8%)
(RDMA_READ_CONSUME_CHECK_CONSUMER) timestamp=11147 ms, used_size=10975232 bytes (26.8%)
(RDMA_READ_CONSUME_CHECK_CONSUMER) timestamp=11147 ms, used_size=10973184 bytes (26.8%)
(RDMA_READ_CONSUME_CHECK_CONSUMER) timestamp=11147 ms, used_size=10971136 bytes (26.8%)
(RDMA_READ_CONSUME_CHECK_CONSUMER) timestamp=11147 ms, used_size=10969088 bytes (26.8%)
(RDMA_READ_CONSUME_CHECK_CONSUMER) timestamp=11147 ms, used_size=10967040 bytes (26.8%)
(RDMA_READ_CONSUME_CHECK_CONSUMER) timestamp=11147 ms, used_size=10964992 bytes (26.8%)
(RDMA_READ_CONSUME_CHECK_CONSUMER) timestamp=11147 ms, used_size=10962944 bytes (26.8%)
(RDMA_READ_CONSUME_CHECK_CONSUMER) timestamp=11147 ms, used_size=10960896 bytes (26.8%)
(RDMA_READ_CONSUME_CHECK_CONSUMER) timestamp=11147 ms, used_size=10958848 bytes (26.8%)
(RDMA_READ_CONSUME_CHECK_CONSUMER) timestamp=11147 ms, used_size=10956800 bytes (26.8%)
(RDMA_READ_CONSUME_CHECK_CONSUMER) timestamp=11147 ms, used_size=10954752 bytes (26.7%)
(RDMA_READ_CONSUME_CHECK_CONSUMER) timestamp=11147 ms, used_size=10952704 bytes (26.7%)
(RDMA_READ_CONSUME_CHECK_CONSUMER) timestamp=11147 ms, used_size=10950656 bytes (26.7%)
(RDMA_READ_CONSUME_CHECK_CONSUMER) timestamp=11147 ms, used_size=10948608 bytes (26.7%)
(RDMA_READ_CONSUME_CHECK_CONSUMER) timestamp=11147 ms, used_size=10946560 bytes (26.7%)
(RDMA_READ_CONSUME_CHECK_CONSUMER) timestamp=11148 ms, used_size=10944512 bytes (26.7%)
(RDMA_READ_CONSUME_CHECK_CONSUMER) timestamp=11148 ms, used_size=10942464 bytes (26.7%)
(RDMA_READ_CONSUME_CHECK_CONSUMER) timestamp=11148 ms, used_size=10940416 bytes (26.7%)
(RDMA_READ_CONSUME_CHECK_CONSUMER) timestamp=11148 ms, used_size=10938368 bytes (26.7%)
(RDMA_READ_CONSUME_CHECK_CONSUMER) timestamp=11148 ms, used_size=10936320 bytes (26.7%)
(RDMA_READ_CONSUME_CHECK_CONSUMER) timestamp=11148 ms, used_size=10934272 bytes (26.7%)
(RDMA_READ_CONSUME_CHECK_CONSUMER) timestamp=11148 ms, used_size=10932224 bytes (26.7%)
(RDMA_READ_CONSUME_CHECK_CONSUMER) timestamp=11148 ms, used_size=10930176 bytes (26.7%)
(RDMA_READ_CONSUME_CHECK_CONSUMER) timestamp=11148 ms, used_size=10928128 bytes (26.7%)
(RDMA_READ_CONSUME_CHECK_CONSUMER) timestamp=11148 ms, used_size=10926080 bytes (26.7%)
(RDMA_READ_CONSUME_CHECK_CONSUMER) timestamp=11148 ms, used_size=10924032 bytes (26.7%)
(RDMA_READ_CONSUME_CHECK_CONSUMER) timestamp=11148 ms, used_size=10921984 bytes (26.7%)
(RDMA_READ_CONSUME_CHECK_CONSUMER) timestamp=11148 ms, used_size=10919936 bytes (26.7%)
(RDMA_READ_CONSUME_CHECK_CONSUMER) timestamp=11148 ms, used_size=10917888 bytes (26.7%)
(RDMA_READ_CONSUME_CHECK_CONSUMER) timestamp=11148 ms, used_size=10915840 bytes (26.6%)
(RDMA_READ_CONSUME_CHECK_CONSUMER) timestamp=11148 ms, used_size=10913792 bytes (26.6%)
(RDMA_READ_CONSUME_CHECK_CONSUMER) timestamp=11148 ms, used_size=10911744 bytes (26.6%)
(RDMA_READ_CONSUME_CHECK_CONSUMER) timestamp=11148 ms, used_size=10909696 bytes (26.6%)
(RDMA_READ_CONSUME_CHECK_CONSUMER) timestamp=11148 ms, used_size=10907648 bytes (26.6%)
(RDMA_READ_CONSUME_CHECK_CONSUMER) timestamp=11148 ms, used_size=10905600 bytes (26.6%)
(RDMA_READ_CONSUME_CHECK_CONSUMER) timestamp=11148 ms, used_size=10903552 bytes (26.6%)
(RDMA_READ_CONSUME_CHECK_CONSUMER) timestamp=11148 ms, used_size=10901504 bytes (26.6%)
(RDMA_READ_CONSUME_CHECK_CONSUMER) timestamp=11148 ms, used_size=10899456 bytes (26.6%)
(RDMA_READ_CONSUME_CHECK_CONSUMER) timestamp=11148 ms, used_size=10897408 bytes (26.6%)
(RDMA_READ_CONSUME_CHECK_CONSUMER) timestamp=11148 ms, used_size=10895360 bytes (26.6%)
(RDMA_READ_CONSUME_CHECK_CONSUMER) timestamp=11148 ms, used_size=10893312 bytes (26.6%)
(RDMA_READ_CONSUME_CHECK_CONSUMER) timestamp=11148 ms, used_size=10891264 bytes (26.6%)
(RDMA_READ_CONSUME_CHECK_CONSUMER) timestamp=11148 ms, used_size=10889216 bytes (26.6%)
(RDMA_READ_CONSUME_CHECK_CONSUMER) timestamp=11148 ms, used_size=10887168 bytes (26.6%)
(RDMA_READ_CONSUME_CHECK_CONSUMER) timestamp=11148 ms, used_size=10885120 bytes (26.6%)
(RDMA_READ_CONSUME_CHECK_CONSUMER) timestamp=11148 ms, used_size=10883072 bytes (26.6%)
(RDMA_READ_CONSUME_CHECK_CONSUMER) timestamp=11148 ms, used_size=10881024 bytes (26.6%)
(RDMA_READ_CONSUME_CHECK_CONSUMER) timestamp=11148 ms, used_size=10878976 bytes (26.6%)
(RDMA_READ_CONSUME_CHECK_CONSUMER) timestamp=11148 ms, used_size=10876928 bytes (26.6%)
(RDMA_READ_CONSUME_CHECK_CONSUMER) timestamp=11148 ms, used_size=10874880 bytes (26.6%)
(RDMA_READ_CONSUME_CHECK_CONSUMER) timestamp=11148 ms, used_size=10872832 bytes (26.5%)
(RDMA_READ_CONSUME_CHECK_CONSUMER) timestamp=11148 ms, used_size=10870784 bytes (26.5%)
(RDMA_READ_CONSUME_CHECK_CONSUMER) timestamp=11148 ms, used_size=10868736 bytes (26.5%)
(RDMA_READ_CONSUME_CHECK_CONSUMER) timestamp=11148 ms, used_size=10866688 bytes (26.5%)
(RDMA_READ_CONSUME_CHECK_CONSUMER) timestamp=11148 ms, used_size=10864640 bytes (26.5%)
(RDMA_READ_CONSUME_CHECK_CONSUMER) timestamp=11148 ms, used_size=10862592 bytes (26.5%)
(RDMA_READ_CONSUME_CHECK_CONSUMER) timestamp=11148 ms, used_size=10860544 bytes (26.5%)
(RDMA_READ_CONSUME_CHECK_CONSUMER) timestamp=11148 ms, used_size=10858496 bytes (26.5%)
(RDMA_READ_CONSUME_CHECK_CONSUMER) timestamp=11148 ms, used_size=10856448 bytes (26.5%)
(RDMA_READ_CONSUME_CHECK_CONSUMER) timestamp=11148 ms, used_size=10854400 bytes (26.5%)
(RDMA_READ_CONSUME_CHECK_CONSUMER) timestamp=11148 ms, used_size=10852352 bytes (26.5%)
(RDMA_READ_CONSUME_CHECK_CONSUMER) timestamp=11148 ms, used_size=10850304 bytes (26.5%)
(RDMA_READ_CONSUME_CHECK_CONSUMER) timestamp=11148 ms, used_size=10848256 bytes (26.5%)
(RDMA_READ_CONSUME_CHECK_CONSUMER) timestamp=11148 ms, used_size=10846208 bytes (26.5%)
(RDMA_READ_CONSUME_CHECK_CONSUMER) timestamp=11148 ms, used_size=10844160 bytes (26.5%)
(RDMA_READ_CONSUME_CHECK_CONSUMER) timestamp=11148 ms, used_size=10842112 bytes (26.5%)
(RDMA_READ_CONSUME_CHECK_CONSUMER) timestamp=11148 ms, used_size=10840064 bytes (26.5%)
(RDMA_READ_CONSUME_CHECK_CONSUMER) timestamp=11148 ms, used_size=10838016 bytes (26.5%)
(RDMA_READ_CONSUME_CHECK_CONSUMER) timestamp=11148 ms, used_size=10835968 bytes (26.5%)
(RDMA_READ_CONSUME_CHECK_CONSUMER) timestamp=11148 ms, used_size=10833920 bytes (26.4%)
(RDMA_READ_CONSUME_CHECK_CONSUMER) timestamp=11148 ms, used_size=10831872 bytes (26.4%)
(RDMA_READ_CONSUME_CHECK_CONSUMER) timestamp=11148 ms, used_size=10829824 bytes (26.4%)
(RDMA_READ_CONSUME_CHECK_CONSUMER) timestamp=11148 ms, used_size=10827776 bytes (26.4%)
(RDMA_READ_CONSUME_CHECK_CONSUMER) timestamp=11148 ms, used_size=10825728 bytes (26.4%)
(RDMA_READ_CONSUME_CHECK_CONSUMER) timestamp=11148 ms, used_size=10823680 bytes (26.4%)
(RDMA_READ_CONSUME_CHECK_CONSUMER) timestamp=11148 ms, used_size=10821632 bytes (26.4%)
(RDMA_READ_CONSUME_CHECK_CONSUMER) timestamp=11148 ms, used_size=10819584 bytes (26.4%)
(RDMA_READ_CONSUME_CHECK_CONSUMER) timestamp=11148 ms, used_size=10817536 bytes (26.4%)
(RDMA_READ_CONSUME_CHECK_CONSUMER) timestamp=11148 ms, used_size=10815488 bytes (26.4%)
(RDMA_READ_CONSUME_CHECK_CONSUMER) timestamp=11148 ms, used_size=10813440 bytes (26.4%)
(RDMA_READ_CONSUME_CHECK_CONSUMER) timestamp=11148 ms, used_size=10811392 bytes (26.4%)
(RDMA_READ_CONSUME_CHECK_CONSUMER) timestamp=11148 ms, used_size=10809344 bytes (26.4%)
(RDMA_READ_CONSUME_CHECK_CONSUMER) timestamp=11148 ms, used_size=10807296 bytes (26.4%)
(RDMA_READ_CONSUME_CHECK_CONSUMER) timestamp=11148 ms, used_size=10805248 bytes (26.4%)
(RDMA_READ_CONSUME_CHECK_CONSUMER) timestamp=11148 ms, used_size=10803200 bytes (26.4%)
(RDMA_READ_CONSUME_CHECK_CONSUMER) timestamp=11148 ms, used_size=10801152 bytes (26.4%)
(RDMA_READ_CONSUME_CHECK_CONSUMER) timestamp=11148 ms, used_size=10799104 bytes (26.4%)
(RDMA_READ_CONSUME_CHECK_CONSUMER) timestamp=11148 ms, used_size=10797056 bytes (26.4%)
(RDMA_READ_CONSUME_CHECK_CONSUMER) timestamp=11148 ms, used_size=10795008 bytes (26.4%)
(RDMA_READ_CONSUME_CHECK_CONSUMER) timestamp=11148 ms, used_size=10792960 bytes (26.4%)
(RDMA_READ_CONSUME_CHECK_CONSUMER) timestamp=11148 ms, used_size=10790912 bytes (26.3%)
(RDMA_READ_CONSUME_CHECK_CONSUMER) timestamp=11148 ms, used_size=10788864 bytes (26.3%)
(RDMA_READ_CONSUME_CHECK_CONSUMER) timestamp=11148 ms, used_size=10786816 bytes (26.3%)
(RDMA_READ_CONSUME_CHECK_CONSUMER) timestamp=11148 ms, used_size=10784768 bytes (26.3%)
(RDMA_READ_CONSUME_CHECK_CONSUMER) timestamp=11148 ms, used_size=10782720 bytes (26.3%)
(RDMA_READ_CONSUME_CHECK_CONSUMER) timestamp=11148 ms, used_size=10780672 bytes (26.3%)
(RDMA_READ_CONSUME_CHECK_CONSUMER) timestamp=11148 ms, used_size=10778624 bytes (26.3%)
(RDMA_READ_CONSUME_CHECK_CONSUMER) timestamp=11148 ms, used_size=10776576 bytes (26.3%)
(RDMA_READ_CONSUME_CHECK_CONSUMER) timestamp=11148 ms, used_size=10774528 bytes (26.3%)
(RDMA_READ_CONSUME_CHECK_CONSUMER) timestamp=11148 ms, used_size=10772480 bytes (26.3%)
(RDMA_READ_CONSUME_CHECK_CONSUMER) timestamp=11148 ms, used_size=10770432 bytes (26.3%)
(RDMA_READ_CONSUME_CHECK_CONSUMER) timestamp=11148 ms, used_size=10768384 bytes (26.3%)
(RDMA_READ_CONSUME_CHECK_CONSUMER) timestamp=11148 ms, used_size=10766336 bytes (26.3%)
(RDMA_READ_CONSUME_CHECK_CONSUMER) timestamp=11148 ms, used_size=10764288 bytes (26.3%)
(RDMA_READ_CONSUME_CHECK_CONSUMER) timestamp=11148 ms, used_size=10762240 bytes (26.3%)
(RDMA_READ_CONSUME_CHECK_CONSUMER) timestamp=11148 ms, used_size=10760192 bytes (26.3%)
(RDMA_READ_CONSUME_CHECK_CONSUMER) timestamp=11148 ms, used_size=10758144 bytes (26.3%)
(RDMA_READ_CONSUME_CHECK_CONSUMER) timestamp=11148 ms, used_size=10756096 bytes (26.3%)
(RDMA_READ_CONSUME_CHECK_CONSUMER) timestamp=11148 ms, used_size=10754048 bytes (26.3%)
(RDMA_READ_CONSUME_CHECK_CONSUMER) timestamp=11148 ms, used_size=10752000 bytes (26.2%)
(RDMA_READ_CONSUME_CHECK_CONSUMER) timestamp=11148 ms, used_size=10749952 bytes (26.2%)
(RDMA_READ_CONSUME_CHECK_CONSUMER) timestamp=11148 ms, used_size=10747904 bytes (26.2%)
(RDMA_READ_CONSUME_CHECK_CONSUMER) timestamp=11148 ms, used_size=10745856 bytes (26.2%)
(RDMA_READ_CONSUME_CHECK_CONSUMER) timestamp=11148 ms, used_size=10743808 bytes (26.2%)
(RDMA_READ_CONSUME_CHECK_CONSUMER) timestamp=11148 ms, used_size=10741760 bytes (26.2%)
(RDMA_READ_CONSUME_CHECK_CONSUMER) timestamp=11148 ms, used_size=10739712 bytes (26.2%)
(RDMA_READ_CONSUME_CHECK_CONSUMER) timestamp=11148 ms, used_size=10737664 bytes (26.2%)
(RDMA_READ_CONSUME_CHECK_CONSUMER) timestamp=11148 ms, used_size=10735616 bytes (26.2%)
(RDMA_READ_CONSUME_CHECK_CONSUMER) timestamp=11148 ms, used_size=10733568 bytes (26.2%)
(RDMA_READ_CONSUME_CHECK_CONSUMER) timestamp=11148 ms, used_size=10731520 bytes (26.2%)
(RDMA_READ_CONSUME_CHECK_CONSUMER) timestamp=11148 ms, used_size=10729472 bytes (26.2%)
(RDMA_READ_CONSUME_CHECK_CONSUMER) timestamp=11148 ms, used_size=10727424 bytes (26.2%)
(RDMA_READ_CONSUME_CHECK_CONSUMER) timestamp=11148 ms, used_size=10725376 bytes (26.2%)
(RDMA_READ_CONSUME_CHECK_CONSUMER) timestamp=11148 ms, used_size=10723328 bytes (26.2%)
(RDMA_READ_CONSUME_CHECK_CONSUMER) timestamp=11148 ms, used_size=10721280 bytes (26.2%)
(RDMA_READ_CONSUME_CHECK_CONSUMER) timestamp=11148 ms, used_size=10719232 bytes (26.2%)
(RDMA_READ_CONSUME_CHECK_CONSUMER) timestamp=11148 ms, used_size=10717184 bytes (26.2%)
(RDMA_READ_CONSUME_CHECK_CONSUMER) timestamp=11148 ms, used_size=10715136 bytes (26.2%)
(RDMA_READ_CONSUME_CHECK_CONSUMER) timestamp=11148 ms, used_size=10713088 bytes (26.2%)
(RDMA_READ_CONSUME_CHECK_CONSUMER) timestamp=11148 ms, used_size=10711040 bytes (26.1%)
(RDMA_READ_CONSUME_CHECK_CONSUMER) timestamp=11148 ms, used_size=10708992 bytes (26.1%)
(RDMA_READ_CONSUME_CHECK_CONSUMER) timestamp=11148 ms, used_size=10706944 bytes (26.1%)
(RDMA_READ_CONSUME_CHECK_CONSUMER) timestamp=11148 ms, used_size=10704896 bytes (26.1%)
(RDMA_READ_CONSUME_CHECK_CONSUMER) timestamp=11148 ms, used_size=10702848 bytes (26.1%)
(RDMA_READ_CONSUME_CHECK_CONSUMER) timestamp=11148 ms, used_size=10700800 bytes (26.1%)
(RDMA_READ_CONSUME_CHECK_CONSUMER) timestamp=11148 ms, used_size=10698752 bytes (26.1%)
(RDMA_READ_CONSUME_CHECK_CONSUMER) timestamp=11148 ms, used_size=10696704 bytes (26.1%)
(RDMA_READ_CONSUME_CHECK_CONSUMER) timestamp=11148 ms, used_size=10694656 bytes (26.1%)
(RDMA_READ_CONSUME_CHECK_CONSUMER) timestamp=11148 ms, used_size=10692608 bytes (26.1%)
(RDMA_READ_CONSUME_CHECK_CONSUMER) timestamp=11148 ms, used_size=10690560 bytes (26.1%)
(RDMA_READ_CONSUME_CHECK_CONSUMER) timestamp=11148 ms, used_size=10688512 bytes (26.1%)
(RDMA_READ_CONSUME_CHECK_CONSUMER) timestamp=11148 ms, used_size=10686464 bytes (26.1%)
(RDMA_READ_CONSUME_CHECK_CONSUMER) timestamp=11148 ms, used_size=10684416 bytes (26.1%)
(RDMA_READ_CONSUME_CHECK_CONSUMER) timestamp=11148 ms, used_size=10682368 bytes (26.1%)
(RDMA_READ_CONSUME_CHECK_CONSUMER) timestamp=11148 ms, used_size=10680320 bytes (26.1%)
(RDMA_READ_CONSUME_CHECK_CONSUMER) timestamp=11148 ms, used_size=10678272 bytes (26.1%)
(RDMA_READ_CONSUME_CHECK_CONSUMER) timestamp=11148 ms, used_size=10676224 bytes (26.1%)
(RDMA_READ_CONSUME_CHECK_CONSUMER) timestamp=11148 ms, used_size=10674176 bytes (26.1%)
(RDMA_READ_CONSUME_CHECK_CONSUMER) timestamp=11148 ms, used_size=10672128 bytes (26.1%)
(RDMA_READ_CONSUME_CHECK_CONSUMER) timestamp=11148 ms, used_size=10670080 bytes (26.1%)
(RDMA_READ_CONSUME_CHECK_CONSUMER) timestamp=11148 ms, used_size=10668032 bytes (26.0%)
(RDMA_READ_CONSUME_CHECK_CONSUMER) timestamp=11148 ms, used_size=10665984 bytes (26.0%)
(RDMA_READ_CONSUME_CHECK_CONSUMER) timestamp=11148 ms, used_size=10663936 bytes (26.0%)
(RDMA_READ_CONSUME_CHECK_CONSUMER) timestamp=11148 ms, used_size=10661888 bytes (26.0%)
(RDMA_READ_CONSUME_CHECK_CONSUMER) timestamp=11148 ms, used_size=10659840 bytes (26.0%)
(RDMA_READ_CONSUME_CHECK_CONSUMER) timestamp=11148 ms, used_size=10657792 bytes (26.0%)
(RDMA_READ_CONSUME_CHECK_CONSUMER) timestamp=11148 ms, used_size=10655744 bytes (26.0%)
(RDMA_READ_CONSUME_CHECK_CONSUMER) timestamp=11148 ms, used_size=10653696 bytes (26.0%)
(RDMA_READ_CONSUME_CHECK_CONSUMER) timestamp=11148 ms, used_size=10651648 bytes (26.0%)
(RDMA_READ_CONSUME_CHECK_CONSUMER) timestamp=11148 ms, used_size=10649600 bytes (26.0%)
(RDMA_READ_CONSUME_CHECK_CONSUMER) timestamp=11148 ms, used_size=10647552 bytes (26.0%)
(RDMA_READ_CONSUME_CHECK_CONSUMER) timestamp=11148 ms, used_size=10645504 bytes (26.0%)
(RDMA_READ_CONSUME_CHECK_CONSUMER) timestamp=11148 ms, used_size=10643456 bytes (26.0%)
(RDMA_READ_CONSUME_CHECK_CONSUMER) timestamp=11148 ms, used_size=10641408 bytes (26.0%)
(RDMA_READ_CONSUME_CHECK_CONSUMER) timestamp=11148 ms, used_size=10639360 bytes (26.0%)
(RDMA_READ_CONSUME_CHECK_CONSUMER) timestamp=11148 ms, used_size=10637312 bytes (26.0%)
(RDMA_READ_CONSUME_CHECK_CONSUMER) timestamp=11148 ms, used_size=10635264 bytes (26.0%)
(RDMA_READ_CONSUME_CHECK_CONSUMER) timestamp=11148 ms, used_size=10633216 bytes (26.0%)
(RDMA_READ_CONSUME_CHECK_CONSUMER) timestamp=11148 ms, used_size=10631168 bytes (26.0%)
(RDMA_READ_CONSUME_CHECK_CONSUMER) timestamp=11148 ms, used_size=10629120 bytes (25.9%)
(RDMA_READ_CONSUME_CHECK_CONSUMER) timestamp=11148 ms, used_size=10627072 bytes (25.9%)
(RDMA_READ_CONSUME_CHECK_CONSUMER) timestamp=11148 ms, used_size=10625024 bytes (25.9%)
(RDMA_READ_CONSUME_CHECK_CONSUMER) timestamp=11148 ms, used_size=10622976 bytes (25.9%)
(RDMA_READ_CONSUME_CHECK_CONSUMER) timestamp=11148 ms, used_size=10620928 bytes (25.9%)
(RDMA_READ_CONSUME_CHECK_CONSUMER) timestamp=11148 ms, used_size=10618880 bytes (25.9%)
(RDMA_READ_CONSUME_CHECK_CONSUMER) timestamp=11148 ms, used_size=10616832 bytes (25.9%)
(RDMA_READ_CONSUME_CHECK_CONSUMER) timestamp=11148 ms, used_size=10614784 bytes (25.9%)
(RDMA_READ_CONSUME_CHECK_CONSUMER) timestamp=11148 ms, used_size=10612736 bytes (25.9%)
(RDMA_READ_CONSUME_CHECK_CONSUMER) timestamp=11148 ms, used_size=10610688 bytes (25.9%)
(RDMA_READ_CONSUME_CHECK_CONSUMER) timestamp=11148 ms, used_size=10608640 bytes (25.9%)
(RDMA_READ_CONSUME_CHECK_CONSUMER) timestamp=11148 ms, used_size=10606592 bytes (25.9%)
(RDMA_READ_CONSUME_CHECK_CONSUMER) timestamp=11148 ms, used_size=10604544 bytes (25.9%)
(RDMA_READ_CONSUME_CHECK_CONSUMER) timestamp=11148 ms, used_size=10602496 bytes (25.9%)
(RDMA_READ_CONSUME_CHECK_CONSUMER) timestamp=11148 ms, used_size=10600448 bytes (25.9%)
(RDMA_READ_CONSUME_CHECK_CONSUMER) timestamp=11148 ms, used_size=10598400 bytes (25.9%)
(RDMA_READ_CONSUME_CHECK_CONSUMER) timestamp=11148 ms, used_size=10596352 bytes (25.9%)
(RDMA_READ_CONSUME_CHECK_CONSUMER) timestamp=11149 ms, used_size=10594304 bytes (25.9%)
(RDMA_READ_CONSUME_CHECK_CONSUMER) timestamp=11149 ms, used_size=10592256 bytes (25.9%)
(RDMA_READ_CONSUME_CHECK_CONSUMER) timestamp=11149 ms, used_size=10590208 bytes (25.9%)
(RDMA_READ_CONSUME_CHECK_CONSUMER) timestamp=11149 ms, used_size=10588160 bytes (25.9%)
(RDMA_READ_CONSUME_CHECK_CONSUMER) timestamp=11149 ms, used_size=10586112 bytes (25.8%)
(RDMA_READ_CONSUME_CHECK_CONSUMER) timestamp=11149 ms, used_size=10584064 bytes (25.8%)
(RDMA_READ_CONSUME_CHECK_CONSUMER) timestamp=11149 ms, used_size=10582016 bytes (25.8%)
(RDMA_READ_CONSUME_CHECK_CONSUMER) timestamp=11149 ms, used_size=10579968 bytes (25.8%)
(RDMA_READ_CONSUME_CHECK_CONSUMER) timestamp=11149 ms, used_size=10577920 bytes (25.8%)
(RDMA_READ_CONSUME_CHECK_CONSUMER) timestamp=11149 ms, used_size=10575872 bytes (25.8%)
(RDMA_READ_CONSUME_CHECK_CONSUMER) timestamp=11149 ms, used_size=10573824 bytes (25.8%)
(RDMA_READ_CONSUME_CHECK_CONSUMER) timestamp=11149 ms, used_size=10571776 bytes (25.8%)
(RDMA_READ_CONSUME_CHECK_CONSUMER) timestamp=11149 ms, used_size=10569728 bytes (25.8%)
(RDMA_READ_CONSUME_CHECK_CONSUMER) timestamp=11149 ms, used_size=10567680 bytes (25.8%)
(RDMA_READ_CONSUME_CHECK_CONSUMER) timestamp=11149 ms, used_size=10565632 bytes (25.8%)
(RDMA_READ_CONSUME_CHECK_CONSUMER) timestamp=11149 ms, used_size=10563584 bytes (25.8%)
(RDMA_READ_CONSUME_CHECK_CONSUMER) timestamp=11149 ms, used_size=10561536 bytes (25.8%)
(RDMA_READ_CONSUME_CHECK_CONSUMER) timestamp=11149 ms, used_size=10559488 bytes (25.8%)
(RDMA_READ_CONSUME_CHECK_CONSUMER) timestamp=11149 ms, used_size=10557440 bytes (25.8%)
(RDMA_READ_CONSUME_CHECK_CONSUMER) timestamp=11149 ms, used_size=10555392 bytes (25.8%)
(RDMA_READ_CONSUME_CHECK_CONSUMER) timestamp=11149 ms, used_size=10553344 bytes (25.8%)
(RDMA_READ_CONSUME_CHECK_CONSUMER) timestamp=11149 ms, used_size=10551296 bytes (25.8%)
(RDMA_READ_CONSUME_CHECK_CONSUMER) timestamp=11149 ms, used_size=10549248 bytes (25.8%)
(RDMA_READ_CONSUME_CHECK_CONSUMER) timestamp=11149 ms, used_size=10547200 bytes (25.8%)
(RDMA_READ_CONSUME_CHECK_CONSUMER) timestamp=11149 ms, used_size=10545152 bytes (25.7%)
(RDMA_READ_CONSUME_CHECK_CONSUMER) timestamp=11149 ms, used_size=10543104 bytes (25.7%)
(RDMA_READ_CONSUME_CHECK_CONSUMER) timestamp=11149 ms, used_size=10541056 bytes (25.7%)
(RDMA_READ_CONSUME_CHECK_CONSUMER) timestamp=11149 ms, used_size=10539008 bytes (25.7%)
(RDMA_READ_CONSUME_CHECK_CONSUMER) timestamp=11149 ms, used_size=10536960 bytes (25.7%)
(RDMA_READ_CONSUME_CHECK_CONSUMER) timestamp=11149 ms, used_size=10534912 bytes (25.7%)
(RDMA_READ_CONSUME_CHECK_CONSUMER) timestamp=11149 ms, used_size=10532864 bytes (25.7%)
(RDMA_READ_CONSUME_CHECK_CONSUMER) timestamp=11149 ms, used_size=10530816 bytes (25.7%)
(RDMA_READ_CONSUME_CHECK_CONSUMER) timestamp=11149 ms, used_size=10528768 bytes (25.7%)
(RDMA_READ_CONSUME_CHECK_CONSUMER) timestamp=11149 ms, used_size=10526720 bytes (25.7%)
(RDMA_READ_CONSUME_CHECK_CONSUMER) timestamp=11149 ms, used_size=10524672 bytes (25.7%)
(RDMA_READ_CONSUME_CHECK_CONSUMER) timestamp=11149 ms, used_size=10522624 bytes (25.7%)
(RDMA_READ_CONSUME_CHECK_CONSUMER) timestamp=11149 ms, used_size=10520576 bytes (25.7%)
(RDMA_READ_CONSUME_CHECK_CONSUMER) timestamp=11149 ms, used_size=10518528 bytes (25.7%)
(RDMA_READ_CONSUME_CHECK_CONSUMER) timestamp=11149 ms, used_size=10516480 bytes (25.7%)
(RDMA_READ_CONSUME_CHECK_CONSUMER) timestamp=11149 ms, used_size=10514432 bytes (25.7%)
(RDMA_READ_CONSUME_CHECK_CONSUMER) timestamp=11149 ms, used_size=10512384 bytes (25.7%)
(RDMA_READ_CONSUME_CHECK_CONSUMER) timestamp=11149 ms, used_size=10510336 bytes (25.7%)
(RDMA_READ_CONSUME_CHECK_CONSUMER) timestamp=11149 ms, used_size=10508288 bytes (25.7%)
(RDMA_READ_CONSUME_CHECK_CONSUMER) timestamp=11149 ms, used_size=10506240 bytes (25.6%)
(RDMA_READ_CONSUME_CHECK_CONSUMER) timestamp=11149 ms, used_size=10504192 bytes (25.6%)
(RDMA_READ_CONSUME_CHECK_CONSUMER) timestamp=11149 ms, used_size=10502144 bytes (25.6%)
(RDMA_READ_CONSUME_CHECK_CONSUMER) timestamp=11149 ms, used_size=10500096 bytes (25.6%)
(RDMA_READ_CONSUME_CHECK_CONSUMER) timestamp=11149 ms, used_size=10498048 bytes (25.6%)
(RDMA_READ_CONSUME_CHECK_CONSUMER) timestamp=11149 ms, used_size=10496000 bytes (25.6%)
(RDMA_READ_CONSUME_CHECK_CONSUMER) timestamp=11149 ms, used_size=10493952 bytes (25.6%)
(RDMA_READ_CONSUME_CHECK_CONSUMER) timestamp=11149 ms, used_size=10491904 bytes (25.6%)
(RDMA_READ_CONSUME_CHECK_CONSUMER) timestamp=11149 ms, used_size=10489856 bytes (25.6%)
(RDMA_READ_CONSUME_CHECK_CONSUMER) timestamp=11149 ms, used_size=10487808 bytes (25.6%)
(RDMA_READ_CONSUME_CHECK_CONSUMER) timestamp=11149 ms, used_size=10485760 bytes (25.6%)
(RDMA_READ_CONSUME_CHECK_CONSUMER) timestamp=11149 ms, used_size=10483712 bytes (25.6%)
(RDMA_READ_CONSUME_CHECK_CONSUMER) timestamp=11149 ms, used_size=10481664 bytes (25.6%)
(RDMA_READ_CONSUME_CHECK_CONSUMER) timestamp=11149 ms, used_size=10479616 bytes (25.6%)
(RDMA_READ_CONSUME_CHECK_CONSUMER) timestamp=11149 ms, used_size=10477568 bytes (25.6%)
(RDMA_READ_CONSUME_CHECK_CONSUMER) timestamp=11149 ms, used_size=10475520 bytes (25.6%)
(RDMA_READ_CONSUME_CHECK_CONSUMER) timestamp=11149 ms, used_size=10473472 bytes (25.6%)
(RDMA_READ_CONSUME_CHECK_CONSUMER) timestamp=11149 ms, used_size=10471424 bytes (25.6%)
(RDMA_READ_CONSUME_CHECK_CONSUMER) timestamp=11149 ms, used_size=10469376 bytes (25.6%)
(RDMA_READ_CONSUME_CHECK_CONSUMER) timestamp=11149 ms, used_size=10467328 bytes (25.6%)
(RDMA_READ_CONSUME_CHECK_CONSUMER) timestamp=11149 ms, used_size=10465280 bytes (25.6%)
(RDMA_READ_CONSUME_CHECK_CONSUMER) timestamp=11149 ms, used_size=10463232 bytes (25.5%)
(RDMA_READ_CONSUME_CHECK_CONSUMER) timestamp=11149 ms, used_size=10461184 bytes (25.5%)
(RDMA_READ_CONSUME_CHECK_CONSUMER) timestamp=11149 ms, used_size=10459136 bytes (25.5%)
(RDMA_READ_CONSUME_CHECK_CONSUMER) timestamp=11149 ms, used_size=10457088 bytes (25.5%)
(RDMA_READ_CONSUME_CHECK_CONSUMER) timestamp=11149 ms, used_size=10455040 bytes (25.5%)
(RDMA_READ_CONSUME_CHECK_CONSUMER) timestamp=11149 ms, used_size=10452992 bytes (25.5%)
(RDMA_READ_CONSUME_CHECK_CONSUMER) timestamp=11149 ms, used_size=10450944 bytes (25.5%)
(RDMA_READ_CONSUME_CHECK_CONSUMER) timestamp=11149 ms, used_size=10448896 bytes (25.5%)
(RDMA_READ_CONSUME_CHECK_CONSUMER) timestamp=11149 ms, used_size=10446848 bytes (25.5%)
(RDMA_READ_CONSUME_CHECK_CONSUMER) timestamp=11149 ms, used_size=10444800 bytes (25.5%)
(RDMA_READ_CONSUME_CHECK_CONSUMER) timestamp=11149 ms, used_size=10442752 bytes (25.5%)
(RDMA_READ_CONSUME_CHECK_CONSUMER) timestamp=11149 ms, used_size=10440704 bytes (25.5%)
(RDMA_READ_CONSUME_CHECK_CONSUMER) timestamp=11149 ms, used_size=10438656 bytes (25.5%)
(RDMA_READ_CONSUME_CHECK_CONSUMER) timestamp=11149 ms, used_size=10436608 bytes (25.5%)
(RDMA_READ_CONSUME_CHECK_CONSUMER) timestamp=11149 ms, used_size=10434560 bytes (25.5%)
(RDMA_READ_CONSUME_CHECK_CONSUMER) timestamp=11149 ms, used_size=10432512 bytes (25.5%)
(RDMA_READ_CONSUME_CHECK_CONSUMER) timestamp=11149 ms, used_size=10430464 bytes (25.5%)
(RDMA_READ_CONSUME_CHECK_CONSUMER) timestamp=11149 ms, used_size=10428416 bytes (25.5%)
(RDMA_READ_CONSUME_CHECK_CONSUMER) timestamp=11149 ms, used_size=10426368 bytes (25.5%)
(RDMA_READ_CONSUME_CHECK_CONSUMER) timestamp=11149 ms, used_size=10424320 bytes (25.4%)
(RDMA_READ_CONSUME_CHECK_CONSUMER) timestamp=11149 ms, used_size=10422272 bytes (25.4%)
(RDMA_READ_CONSUME_CHECK_CONSUMER) timestamp=11149 ms, used_size=10420224 bytes (25.4%)
(RDMA_READ_CONSUME_CHECK_CONSUMER) timestamp=11149 ms, used_size=10418176 bytes (25.4%)
(RDMA_READ_CONSUME_CHECK_CONSUMER) timestamp=11149 ms, used_size=10416128 bytes (25.4%)
(RDMA_READ_CONSUME_CHECK_CONSUMER) timestamp=11149 ms, used_size=10414080 bytes (25.4%)
(RDMA_READ_CONSUME_CHECK_CONSUMER) timestamp=11149 ms, used_size=10412032 bytes (25.4%)
(RDMA_READ_CONSUME_CHECK_CONSUMER) timestamp=11149 ms, used_size=10409984 bytes (25.4%)
(RDMA_READ_CONSUME_CHECK_CONSUMER) timestamp=11149 ms, used_size=10407936 bytes (25.4%)
(RDMA_READ_CONSUME_CHECK_CONSUMER) timestamp=11149 ms, used_size=10405888 bytes (25.4%)
(RDMA_READ_CONSUME_CHECK_CONSUMER) timestamp=11149 ms, used_size=10403840 bytes (25.4%)
(RDMA_READ_CONSUME_CHECK_CONSUMER) timestamp=11149 ms, used_size=10401792 bytes (25.4%)
(RDMA_READ_CONSUME_CHECK_CONSUMER) timestamp=11149 ms, used_size=10399744 bytes (25.4%)
(RDMA_READ_CONSUME_CHECK_CONSUMER) timestamp=11149 ms, used_size=10397696 bytes (25.4%)
(RDMA_READ_CONSUME_CHECK_CONSUMER) timestamp=11149 ms, used_size=10395648 bytes (25.4%)
(RDMA_READ_CONSUME_CHECK_CONSUMER) timestamp=11149 ms, used_size=10393600 bytes (25.4%)
(RDMA_READ_CONSUME_CHECK_CONSUMER) timestamp=11149 ms, used_size=10391552 bytes (25.4%)
(RDMA_READ_CONSUME_CHECK_CONSUMER) timestamp=11149 ms, used_size=10389504 bytes (25.4%)
(RDMA_READ_CONSUME_CHECK_CONSUMER) timestamp=11149 ms, used_size=10387456 bytes (25.4%)
(RDMA_READ_CONSUME_CHECK_CONSUMER) timestamp=11149 ms, used_size=10385408 bytes (25.4%)
(RDMA_READ_CONSUME_CHECK_CONSUMER) timestamp=11149 ms, used_size=10383360 bytes (25.4%)
(RDMA_READ_CONSUME_CHECK_CONSUMER) timestamp=11149 ms, used_size=10381312 bytes (25.3%)
(RDMA_READ_CONSUME_CHECK_CONSUMER) timestamp=11149 ms, used_size=10379264 bytes (25.3%)
(RDMA_READ_CONSUME_CHECK_CONSUMER) timestamp=11149 ms, used_size=10377216 bytes (25.3%)
(RDMA_READ_CONSUME_CHECK_CONSUMER) timestamp=11149 ms, used_size=10375168 bytes (25.3%)
(RDMA_READ_CONSUME_CHECK_CONSUMER) timestamp=11149 ms, used_size=10373120 bytes (25.3%)
(RDMA_READ_CONSUME_CHECK_CONSUMER) timestamp=11149 ms, used_size=10371072 bytes (25.3%)
(RDMA_READ_CONSUME_CHECK_CONSUMER) timestamp=11149 ms, used_size=10369024 bytes (25.3%)
(RDMA_READ_CONSUME_CHECK_CONSUMER) timestamp=11149 ms, used_size=10366976 bytes (25.3%)
(RDMA_READ_CONSUME_CHECK_CONSUMER) timestamp=11149 ms, used_size=10364928 bytes (25.3%)
(RDMA_READ_CONSUME_CHECK_CONSUMER) timestamp=11149 ms, used_size=10362880 bytes (25.3%)
(RDMA_READ_CONSUME_CHECK_CONSUMER) timestamp=11149 ms, used_size=10360832 bytes (25.3%)
(RDMA_READ_CONSUME_CHECK_CONSUMER) timestamp=11149 ms, used_size=10358784 bytes (25.3%)
(RDMA_READ_CONSUME_CHECK_CONSUMER) timestamp=11149 ms, used_size=10356736 bytes (25.3%)
(RDMA_READ_CONSUME_CHECK_CONSUMER) timestamp=11149 ms, used_size=10354688 bytes (25.3%)
(RDMA_READ_CONSUME_CHECK_CONSUMER) timestamp=11149 ms, used_size=10352640 bytes (25.3%)
(RDMA_READ_CONSUME_CHECK_CONSUMER) timestamp=11149 ms, used_size=10350592 bytes (25.3%)
(RDMA_READ_CONSUME_CHECK_CONSUMER) timestamp=11149 ms, used_size=10348544 bytes (25.3%)
(RDMA_READ_CONSUME_CHECK_CONSUMER) timestamp=11149 ms, used_size=10346496 bytes (25.3%)
(RDMA_READ_CONSUME_CHECK_CONSUMER) timestamp=11149 ms, used_size=10344448 bytes (25.3%)
(RDMA_READ_CONSUME_CHECK_CONSUMER) timestamp=11149 ms, used_size=10342400 bytes (25.2%)
(RDMA_READ_CONSUME_CHECK_CONSUMER) timestamp=11149 ms, used_size=10340352 bytes (25.2%)
(RDMA_READ_CONSUME_CHECK_CONSUMER) timestamp=11149 ms, used_size=10338304 bytes (25.2%)
(RDMA_READ_CONSUME_CHECK_CONSUMER) timestamp=11149 ms, used_size=10336256 bytes (25.2%)
(RDMA_READ_CONSUME_CHECK_CONSUMER) timestamp=11149 ms, used_size=10334208 bytes (25.2%)
(RDMA_READ_CONSUME_CHECK_CONSUMER) timestamp=11149 ms, used_size=10332160 bytes (25.2%)
(RDMA_READ_CONSUME_CHECK_CONSUMER) timestamp=11149 ms, used_size=10330112 bytes (25.2%)
(RDMA_READ_CONSUME_CHECK_CONSUMER) timestamp=11149 ms, used_size=10328064 bytes (25.2%)
(RDMA_READ_CONSUME_CHECK_CONSUMER) timestamp=11149 ms, used_size=10326016 bytes (25.2%)
(RDMA_READ_CONSUME_CHECK_CONSUMER) timestamp=11149 ms, used_size=10323968 bytes (25.2%)
(RDMA_READ_CONSUME_CHECK_CONSUMER) timestamp=11149 ms, used_size=10321920 bytes (25.2%)
(RDMA_READ_CONSUME_CHECK_CONSUMER) timestamp=11149 ms, used_size=10319872 bytes (25.2%)
(RDMA_READ_CONSUME_CHECK_CONSUMER) timestamp=11149 ms, used_size=10317824 bytes (25.2%)
(RDMA_READ_CONSUME_CHECK_CONSUMER) timestamp=11149 ms, used_size=10315776 bytes (25.2%)
(RDMA_READ_CONSUME_CHECK_CONSUMER) timestamp=11149 ms, used_size=10313728 bytes (25.2%)
(RDMA_READ_CONSUME_CHECK_CONSUMER) timestamp=11149 ms, used_size=10311680 bytes (25.2%)
(RDMA_READ_CONSUME_CHECK_CONSUMER) timestamp=11149 ms, used_size=10309632 bytes (25.2%)
(RDMA_READ_CONSUME_CHECK_CONSUMER) timestamp=11149 ms, used_size=10307584 bytes (25.2%)
(RDMA_READ_CONSUME_CHECK_CONSUMER) timestamp=11149 ms, used_size=10305536 bytes (25.2%)
(RDMA_READ_CONSUME_CHECK_CONSUMER) timestamp=11149 ms, used_size=10303488 bytes (25.2%)
(RDMA_READ_CONSUME_CHECK_CONSUMER) timestamp=11149 ms, used_size=10301440 bytes (25.1%)
(RDMA_READ_CONSUME_CHECK_CONSUMER) timestamp=11149 ms, used_size=10299392 bytes (25.1%)
(RDMA_READ_CONSUME_CHECK_CONSUMER) timestamp=11149 ms, used_size=10297344 bytes (25.1%)
(RDMA_READ_CONSUME_CHECK_CONSUMER) timestamp=11149 ms, used_size=10295296 bytes (25.1%)
(RDMA_READ_CONSUME_CHECK_CONSUMER) timestamp=11149 ms, used_size=10293248 bytes (25.1%)
(RDMA_READ_CONSUME_CHECK_CONSUMER) timestamp=11149 ms, used_size=10291200 bytes (25.1%)
(RDMA_READ_CONSUME_CHECK_CONSUMER) timestamp=11149 ms, used_size=10289152 bytes (25.1%)
(RDMA_READ_CONSUME_CHECK_CONSUMER) timestamp=11149 ms, used_size=10287104 bytes (25.1%)
(RDMA_READ_CONSUME_CHECK_CONSUMER) timestamp=11149 ms, used_size=10285056 bytes (25.1%)
(RDMA_READ_CONSUME_CHECK_CONSUMER) timestamp=11149 ms, used_size=10283008 bytes (25.1%)
(RDMA_READ_CONSUME_CHECK_CONSUMER) timestamp=11149 ms, used_size=10280960 bytes (25.1%)
(RDMA_READ_CONSUME_CHECK_CONSUMER) timestamp=11149 ms, used_size=10278912 bytes (25.1%)
(RDMA_READ_CONSUME_CHECK_CONSUMER) timestamp=11149 ms, used_size=10276864 bytes (25.1%)
(RDMA_READ_CONSUME_CHECK_CONSUMER) timestamp=11149 ms, used_size=10274816 bytes (25.1%)
(RDMA_READ_CONSUME_CHECK_CONSUMER) timestamp=11149 ms, used_size=10272768 bytes (25.1%)
(RDMA_READ_CONSUME_CHECK_CONSUMER) timestamp=11149 ms, used_size=10270720 bytes (25.1%)
(RDMA_READ_CONSUME_CHECK_CONSUMER) timestamp=11149 ms, used_size=10268672 bytes (25.1%)
(RDMA_READ_CONSUME_CHECK_CONSUMER) timestamp=11149 ms, used_size=10266624 bytes (25.1%)
(RDMA_READ_CONSUME_CHECK_CONSUMER) timestamp=11149 ms, used_size=10264576 bytes (25.1%)
(RDMA_READ_CONSUME_CHECK_CONSUMER) timestamp=11149 ms, used_size=10262528 bytes (25.1%)
(RDMA_READ_CONSUME_CHECK_CONSUMER) timestamp=11149 ms, used_size=10260480 bytes (25.1%)
(RDMA_READ_CONSUME_CHECK_CONSUMER) timestamp=11149 ms, used_size=10258432 bytes (25.0%)
(RDMA_READ_CONSUME_CHECK_CONSUMER) timestamp=11149 ms, used_size=10256384 bytes (25.0%)
(RDMA_READ_CONSUME_CHECK_CONSUMER) timestamp=11149 ms, used_size=10254336 bytes (25.0%)
(RDMA_READ_CONSUME_CHECK_CONSUMER) timestamp=11149 ms, used_size=10252288 bytes (25.0%)
(RDMA_READ_CONSUME_CHECK_CONSUMER) timestamp=11149 ms, used_size=10250240 bytes (25.0%)
(RDMA_READ_CONSUME_CHECK_CONSUMER) timestamp=11149 ms, used_size=10248192 bytes (25.0%)
(RDMA_READ_CONSUME_CHECK_CONSUMER) timestamp=11149 ms, used_size=10246144 bytes (25.0%)
(RDMA_READ_CONSUME_CHECK_CONSUMER) timestamp=11150 ms, used_size=10244096 bytes (25.0%)
(RDMA_READ_CONSUME_CHECK_CONSUMER) timestamp=11150 ms, used_size=10242048 bytes (25.0%)
(RDMA_READ_CONSUME_CHECK_CONSUMER) timestamp=11150 ms, used_size=10240000 bytes (25.0%)
(RDMA_READ_CONSUME_CHECK_CONSUMER) timestamp=11150 ms, used_size=10237952 bytes (25.0%)
(RDMA_READ_CONSUME_CHECK_CONSUMER) timestamp=11150 ms, used_size=10235904 bytes (25.0%)
(RDMA_READ_CONSUME_CHECK_CONSUMER) timestamp=11150 ms, used_size=10233856 bytes (25.0%)
(RDMA_READ_CONSUME_CHECK_CONSUMER) timestamp=11150 ms, used_size=10231808 bytes (25.0%)
(RDMA_READ_CONSUME_CHECK_CONSUMER) timestamp=11150 ms, used_size=10229760 bytes (25.0%)
(RDMA_READ_CONSUME_CHECK_CONSUMER) timestamp=11150 ms, used_size=10227712 bytes (25.0%)
(RDMA_READ_CONSUME_CHECK_CONSUMER) timestamp=11150 ms, used_size=10225664 bytes (25.0%)
(RDMA_READ_CONSUME_CHECK_CONSUMER) timestamp=11150 ms, used_size=10223616 bytes (25.0%)
(RDMA_READ_CONSUME_CHECK_CONSUMER) timestamp=11150 ms, used_size=10221568 bytes (25.0%)
(RDMA_READ_CONSUME_CHECK_CONSUMER) timestamp=11150 ms, used_size=10219520 bytes (24.9%)
(RDMA_READ_CONSUME_CHECK_CONSUMER) timestamp=11150 ms, used_size=10217472 bytes (24.9%)
(RDMA_READ_CONSUME_CHECK_CONSUMER) timestamp=11150 ms, used_size=10215424 bytes (24.9%)
(RDMA_READ_CONSUME_CHECK_CONSUMER) timestamp=11150 ms, used_size=10213376 bytes (24.9%)
(RDMA_READ_CONSUME_CHECK_CONSUMER) timestamp=11150 ms, used_size=10211328 bytes (24.9%)
(RDMA_READ_CONSUME_CHECK_CONSUMER) timestamp=11150 ms, used_size=10209280 bytes (24.9%)
(RDMA_READ_CONSUME_CHECK_CONSUMER) timestamp=11150 ms, used_size=10207232 bytes (24.9%)
(RDMA_READ_CONSUME_CHECK_CONSUMER) timestamp=11150 ms, used_size=10205184 bytes (24.9%)
(RDMA_READ_CONSUME_CHECK_CONSUMER) timestamp=11150 ms, used_size=10203136 bytes (24.9%)
(RDMA_READ_CONSUME_CHECK_CONSUMER) timestamp=11150 ms, used_size=10201088 bytes (24.9%)
(RDMA_READ_CONSUME_CHECK_CONSUMER) timestamp=11150 ms, used_size=10199040 bytes (24.9%)
(RDMA_READ_CONSUME_CHECK_CONSUMER) timestamp=11150 ms, used_size=10196992 bytes (24.9%)
(RDMA_READ_CONSUME_CHECK_CONSUMER) timestamp=11150 ms, used_size=10194944 bytes (24.9%)
(RDMA_READ_CONSUME_CHECK_CONSUMER) timestamp=11150 ms, used_size=10192896 bytes (24.9%)
(RDMA_READ_CONSUME_CHECK_CONSUMER) timestamp=11150 ms, used_size=10190848 bytes (24.9%)
(RDMA_READ_CONSUME_CHECK_CONSUMER) timestamp=11150 ms, used_size=10188800 bytes (24.9%)
(RDMA_READ_CONSUME_CHECK_CONSUMER) timestamp=11150 ms, used_size=10186752 bytes (24.9%)
(RDMA_READ_CONSUME_CHECK_CONSUMER) timestamp=11150 ms, used_size=10184704 bytes (24.9%)
(RDMA_READ_CONSUME_CHECK_CONSUMER) timestamp=11150 ms, used_size=10182656 bytes (24.9%)
(RDMA_READ_CONSUME_CHECK_CONSUMER) timestamp=11150 ms, used_size=10180608 bytes (24.9%)
(RDMA_READ_CONSUME_CHECK_CONSUMER) timestamp=11150 ms, used_size=10178560 bytes (24.9%)
(RDMA_READ_CONSUME_CHECK_CONSUMER) timestamp=11150 ms, used_size=10176512 bytes (24.8%)
(RDMA_READ_CONSUME_CHECK_CONSUMER) timestamp=11150 ms, used_size=10174464 bytes (24.8%)
(RDMA_READ_CONSUME_CHECK_CONSUMER) timestamp=11150 ms, used_size=10172416 bytes (24.8%)
(RDMA_READ_CONSUME_CHECK_CONSUMER) timestamp=11150 ms, used_size=10170368 bytes (24.8%)
(RDMA_READ_CONSUME_CHECK_CONSUMER) timestamp=11150 ms, used_size=10168320 bytes (24.8%)
(RDMA_READ_CONSUME_CHECK_CONSUMER) timestamp=11150 ms, used_size=10166272 bytes (24.8%)
(RDMA_READ_CONSUME_CHECK_CONSUMER) timestamp=11150 ms, used_size=10164224 bytes (24.8%)
(RDMA_READ_CONSUME_CHECK_CONSUMER) timestamp=11150 ms, used_size=10162176 bytes (24.8%)
(RDMA_READ_CONSUME_CHECK_CONSUMER) timestamp=11150 ms, used_size=10160128 bytes (24.8%)
(RDMA_READ_CONSUME_CHECK_CONSUMER) timestamp=11150 ms, used_size=10158080 bytes (24.8%)
(RDMA_READ_CONSUME_CHECK_CONSUMER) timestamp=11150 ms, used_size=10156032 bytes (24.8%)
(RDMA_READ_CONSUME_CHECK_CONSUMER) timestamp=11150 ms, used_size=10153984 bytes (24.8%)
(RDMA_READ_CONSUME_CHECK_CONSUMER) timestamp=11150 ms, used_size=10151936 bytes (24.8%)
(RDMA_READ_CONSUME_CHECK_CONSUMER) timestamp=11150 ms, used_size=10149888 bytes (24.8%)
(RDMA_READ_CONSUME_CHECK_CONSUMER) timestamp=11150 ms, used_size=10147840 bytes (24.8%)
(RDMA_READ_CONSUME_CHECK_CONSUMER) timestamp=11150 ms, used_size=10145792 bytes (24.8%)
(RDMA_READ_CONSUME_CHECK_CONSUMER) timestamp=11150 ms, used_size=10143744 bytes (24.8%)
(RDMA_READ_CONSUME_CHECK_CONSUMER) timestamp=11150 ms, used_size=10141696 bytes (24.8%)
(RDMA_READ_CONSUME_CHECK_CONSUMER) timestamp=11150 ms, used_size=10139648 bytes (24.8%)
(RDMA_READ_CONSUME_CHECK_CONSUMER) timestamp=11150 ms, used_size=10137600 bytes (24.8%)
(RDMA_READ_CONSUME_CHECK_CONSUMER) timestamp=11150 ms, used_size=10135552 bytes (24.7%)
(RDMA_READ_CONSUME_CHECK_CONSUMER) timestamp=11150 ms, used_size=10133504 bytes (24.7%)
(RDMA_READ_CONSUME_CHECK_CONSUMER) timestamp=11150 ms, used_size=10131456 bytes (24.7%)
(RDMA_READ_CONSUME_CHECK_CONSUMER) timestamp=11150 ms, used_size=10129408 bytes (24.7%)
(RDMA_READ_CONSUME_CHECK_CONSUMER) timestamp=11150 ms, used_size=10127360 bytes (24.7%)
(RDMA_READ_CONSUME_CHECK_CONSUMER) timestamp=11150 ms, used_size=10125312 bytes (24.7%)
(RDMA_READ_CONSUME_CHECK_CONSUMER) timestamp=11150 ms, used_size=10123264 bytes (24.7%)
(RDMA_READ_CONSUME_CHECK_CONSUMER) timestamp=11150 ms, used_size=10121216 bytes (24.7%)
(RDMA_READ_CONSUME_CHECK_CONSUMER) timestamp=11150 ms, used_size=10119168 bytes (24.7%)
(RDMA_READ_CONSUME_CHECK_CONSUMER) timestamp=11150 ms, used_size=10117120 bytes (24.7%)
(RDMA_READ_CONSUME_CHECK_CONSUMER) timestamp=11150 ms, used_size=10115072 bytes (24.7%)
(RDMA_READ_CONSUME_CHECK_CONSUMER) timestamp=11150 ms, used_size=10113024 bytes (24.7%)
(RDMA_READ_CONSUME_CHECK_CONSUMER) timestamp=11150 ms, used_size=10110976 bytes (24.7%)
(RDMA_READ_CONSUME_CHECK_CONSUMER) timestamp=11150 ms, used_size=10108928 bytes (24.7%)
(RDMA_READ_CONSUME_CHECK_CONSUMER) timestamp=11150 ms, used_size=10106880 bytes (24.7%)
(RDMA_READ_CONSUME_CHECK_CONSUMER) timestamp=11150 ms, used_size=10104832 bytes (24.7%)
(RDMA_READ_CONSUME_CHECK_CONSUMER) timestamp=11150 ms, used_size=10102784 bytes (24.7%)
(RDMA_READ_CONSUME_CHECK_CONSUMER) timestamp=11150 ms, used_size=10100736 bytes (24.7%)
(RDMA_READ_CONSUME_CHECK_CONSUMER) timestamp=11150 ms, used_size=10098688 bytes (24.7%)
(RDMA_READ_CONSUME_CHECK_CONSUMER) timestamp=11150 ms, used_size=10096640 bytes (24.6%)
(RDMA_READ_CONSUME_CHECK_CONSUMER) timestamp=11150 ms, used_size=10094592 bytes (24.6%)
(RDMA_READ_CONSUME_CHECK_CONSUMER) timestamp=11150 ms, used_size=10092544 bytes (24.6%)
(RDMA_READ_CONSUME_CHECK_CONSUMER) timestamp=11150 ms, used_size=10090496 bytes (24.6%)
(RDMA_READ_CONSUME_CHECK_CONSUMER) timestamp=11150 ms, used_size=10088448 bytes (24.6%)
(RDMA_READ_CONSUME_CHECK_CONSUMER) timestamp=11150 ms, used_size=10086400 bytes (24.6%)
(RDMA_READ_CONSUME_CHECK_CONSUMER) timestamp=11150 ms, used_size=10084352 bytes (24.6%)
(RDMA_READ_CONSUME_CHECK_CONSUMER) timestamp=11150 ms, used_size=10082304 bytes (24.6%)
(RDMA_READ_CONSUME_CHECK_CONSUMER) timestamp=11150 ms, used_size=10080256 bytes (24.6%)
(RDMA_READ_CONSUME_CHECK_CONSUMER) timestamp=11150 ms, used_size=10078208 bytes (24.6%)
(RDMA_READ_CONSUME_CHECK_CONSUMER) timestamp=11150 ms, used_size=10076160 bytes (24.6%)
(RDMA_READ_CONSUME_CHECK_CONSUMER) timestamp=11150 ms, used_size=10074112 bytes (24.6%)
(RDMA_READ_CONSUME_CHECK_CONSUMER) timestamp=11150 ms, used_size=10072064 bytes (24.6%)
(RDMA_READ_CONSUME_CHECK_CONSUMER) timestamp=11150 ms, used_size=10070016 bytes (24.6%)
(RDMA_READ_CONSUME_CHECK_CONSUMER) timestamp=11150 ms, used_size=10067968 bytes (24.6%)
(RDMA_READ_CONSUME_CHECK_CONSUMER) timestamp=11150 ms, used_size=10065920 bytes (24.6%)
(RDMA_READ_CONSUME_CHECK_CONSUMER) timestamp=11150 ms, used_size=10063872 bytes (24.6%)
(RDMA_READ_CONSUME_CHECK_CONSUMER) timestamp=11150 ms, used_size=10061824 bytes (24.6%)
(RDMA_READ_CONSUME_CHECK_CONSUMER) timestamp=11150 ms, used_size=10059776 bytes (24.6%)
(RDMA_READ_CONSUME_CHECK_CONSUMER) timestamp=11150 ms, used_size=10057728 bytes (24.6%)
(RDMA_READ_CONSUME_CHECK_CONSUMER) timestamp=11150 ms, used_size=10055680 bytes (24.6%)
(RDMA_READ_CONSUME_CHECK_CONSUMER) timestamp=11150 ms, used_size=10053632 bytes (24.5%)
(RDMA_READ_CONSUME_CHECK_CONSUMER) timestamp=11150 ms, used_size=10051584 bytes (24.5%)
(RDMA_READ_CONSUME_CHECK_CONSUMER) timestamp=11150 ms, used_size=10049536 bytes (24.5%)
(RDMA_READ_CONSUME_CHECK_CONSUMER) timestamp=11150 ms, used_size=10047488 bytes (24.5%)
(RDMA_READ_CONSUME_CHECK_CONSUMER) timestamp=11150 ms, used_size=10045440 bytes (24.5%)
(RDMA_READ_CONSUME_CHECK_CONSUMER) timestamp=11150 ms, used_size=10043392 bytes (24.5%)
(RDMA_READ_CONSUME_CHECK_CONSUMER) timestamp=11150 ms, used_size=10041344 bytes (24.5%)
(RDMA_READ_CONSUME_CHECK_CONSUMER) timestamp=11150 ms, used_size=10039296 bytes (24.5%)
(RDMA_READ_CONSUME_CHECK_CONSUMER) timestamp=11150 ms, used_size=10037248 bytes (24.5%)
(RDMA_READ_CONSUME_CHECK_CONSUMER) timestamp=11150 ms, used_size=10035200 bytes (24.5%)
(RDMA_READ_CONSUME_CHECK_CONSUMER) timestamp=11150 ms, used_size=10033152 bytes (24.5%)
(RDMA_READ_CONSUME_CHECK_CONSUMER) timestamp=11150 ms, used_size=10031104 bytes (24.5%)
(RDMA_READ_CONSUME_CHECK_CONSUMER) timestamp=11150 ms, used_size=10029056 bytes (24.5%)
(RDMA_READ_CONSUME_CHECK_CONSUMER) timestamp=11150 ms, used_size=10027008 bytes (24.5%)
(RDMA_READ_CONSUME_CHECK_CONSUMER) timestamp=11150 ms, used_size=10024960 bytes (24.5%)
(RDMA_READ_CONSUME_CHECK_CONSUMER) timestamp=11150 ms, used_size=10022912 bytes (24.5%)
(RDMA_READ_CONSUME_CHECK_CONSUMER) timestamp=11150 ms, used_size=10020864 bytes (24.5%)
(RDMA_READ_CONSUME_CHECK_CONSUMER) timestamp=11150 ms, used_size=10018816 bytes (24.5%)
(RDMA_READ_CONSUME_CHECK_CONSUMER) timestamp=11150 ms, used_size=10016768 bytes (24.5%)
(RDMA_READ_CONSUME_CHECK_CONSUMER) timestamp=11150 ms, used_size=10014720 bytes (24.4%)
(RDMA_READ_CONSUME_CHECK_CONSUMER) timestamp=11150 ms, used_size=10012672 bytes (24.4%)
(RDMA_READ_CONSUME_CHECK_CONSUMER) timestamp=11150 ms, used_size=10010624 bytes (24.4%)
(RDMA_READ_CONSUME_CHECK_CONSUMER) timestamp=11150 ms, used_size=10008576 bytes (24.4%)
(RDMA_READ_CONSUME_CHECK_CONSUMER) timestamp=11150 ms, used_size=10006528 bytes (24.4%)
(RDMA_READ_CONSUME_CHECK_CONSUMER) timestamp=11150 ms, used_size=10004480 bytes (24.4%)
(RDMA_READ_CONSUME_CHECK_CONSUMER) timestamp=11150 ms, used_size=10002432 bytes (24.4%)
(RDMA_READ_CONSUME_CHECK_CONSUMER) timestamp=11150 ms, used_size=10000384 bytes (24.4%)
(RDMA_READ_CONSUME_CHECK_CONSUMER) timestamp=11150 ms, used_size=9998336 bytes (24.4%)
(RDMA_READ_CONSUME_CHECK_CONSUMER) timestamp=11150 ms, used_size=9996288 bytes (24.4%)
(RDMA_READ_CONSUME_CHECK_CONSUMER) timestamp=11150 ms, used_size=9994240 bytes (24.4%)
(RDMA_READ_CONSUME_CHECK_CONSUMER) timestamp=11150 ms, used_size=9992192 bytes (24.4%)
(RDMA_READ_CONSUME_CHECK_CONSUMER) timestamp=11150 ms, used_size=9990144 bytes (24.4%)
(RDMA_READ_CONSUME_CHECK_CONSUMER) timestamp=11150 ms, used_size=9988096 bytes (24.4%)
(RDMA_READ_CONSUME_CHECK_CONSUMER) timestamp=11150 ms, used_size=9986048 bytes (24.4%)
(RDMA_READ_CONSUME_CHECK_CONSUMER) timestamp=11150 ms, used_size=9984000 bytes (24.4%)
(RDMA_READ_CONSUME_CHECK_CONSUMER) timestamp=11150 ms, used_size=9981952 bytes (24.4%)
(RDMA_READ_CONSUME_CHECK_CONSUMER) timestamp=11150 ms, used_size=9979904 bytes (24.4%)
(RDMA_READ_CONSUME_CHECK_CONSUMER) timestamp=11150 ms, used_size=9977856 bytes (24.4%)
(RDMA_READ_CONSUME_CHECK_CONSUMER) timestamp=11150 ms, used_size=9975808 bytes (24.4%)
(RDMA_READ_CONSUME_CHECK_CONSUMER) timestamp=11150 ms, used_size=9973760 bytes (24.4%)
(RDMA_READ_CONSUME_CHECK_CONSUMER) timestamp=11150 ms, used_size=9971712 bytes (24.3%)
(RDMA_READ_CONSUME_CHECK_CONSUMER) timestamp=11150 ms, used_size=9969664 bytes (24.3%)
(RDMA_READ_CONSUME_CHECK_CONSUMER) timestamp=11150 ms, used_size=9967616 bytes (24.3%)
(RDMA_READ_CONSUME_CHECK_CONSUMER) timestamp=11150 ms, used_size=9965568 bytes (24.3%)
(RDMA_READ_CONSUME_CHECK_CONSUMER) timestamp=11150 ms, used_size=9963520 bytes (24.3%)
(RDMA_READ_CONSUME_CHECK_CONSUMER) timestamp=11150 ms, used_size=9961472 bytes (24.3%)
(RDMA_READ_CONSUME_CHECK_CONSUMER) timestamp=11150 ms, used_size=9959424 bytes (24.3%)
(RDMA_READ_CONSUME_CHECK_CONSUMER) timestamp=11150 ms, used_size=9957376 bytes (24.3%)
(RDMA_READ_CONSUME_CHECK_CONSUMER) timestamp=11150 ms, used_size=9955328 bytes (24.3%)
(RDMA_READ_CONSUME_CHECK_CONSUMER) timestamp=11150 ms, used_size=9953280 bytes (24.3%)
(RDMA_READ_CONSUME_CHECK_CONSUMER) timestamp=11150 ms, used_size=9951232 bytes (24.3%)
(RDMA_READ_CONSUME_CHECK_CONSUMER) timestamp=11150 ms, used_size=9949184 bytes (24.3%)
(RDMA_READ_CONSUME_CHECK_CONSUMER) timestamp=11150 ms, used_size=9947136 bytes (24.3%)
(RDMA_READ_CONSUME_CHECK_CONSUMER) timestamp=11150 ms, used_size=9945088 bytes (24.3%)
(RDMA_READ_CONSUME_CHECK_CONSUMER) timestamp=11150 ms, used_size=9943040 bytes (24.3%)
(RDMA_READ_CONSUME_CHECK_CONSUMER) timestamp=11150 ms, used_size=9940992 bytes (24.3%)
(RDMA_READ_CONSUME_CHECK_CONSUMER) timestamp=11150 ms, used_size=9938944 bytes (24.3%)
(RDMA_READ_CONSUME_CHECK_CONSUMER) timestamp=11150 ms, used_size=9936896 bytes (24.3%)
(RDMA_READ_CONSUME_CHECK_CONSUMER) timestamp=11150 ms, used_size=9934848 bytes (24.3%)
(RDMA_READ_CONSUME_CHECK_CONSUMER) timestamp=11150 ms, used_size=9932800 bytes (24.2%)
(RDMA_READ_CONSUME_CHECK_CONSUMER) timestamp=11150 ms, used_size=9930752 bytes (24.2%)
(RDMA_READ_CONSUME_CHECK_CONSUMER) timestamp=11150 ms, used_size=9928704 bytes (24.2%)
(RDMA_READ_CONSUME_CHECK_CONSUMER) timestamp=11150 ms, used_size=9926656 bytes (24.2%)
(RDMA_READ_CONSUME_CHECK_CONSUMER) timestamp=11150 ms, used_size=9924608 bytes (24.2%)
(RDMA_READ_CONSUME_CHECK_CONSUMER) timestamp=11150 ms, used_size=9922560 bytes (24.2%)
(RDMA_READ_CONSUME_CHECK_CONSUMER) timestamp=11150 ms, used_size=9920512 bytes (24.2%)
(RDMA_READ_CONSUME_CHECK_CONSUMER) timestamp=11150 ms, used_size=9918464 bytes (24.2%)
(RDMA_READ_CONSUME_CHECK_CONSUMER) timestamp=11150 ms, used_size=9916416 bytes (24.2%)
(RDMA_READ_CONSUME_CHECK_CONSUMER) timestamp=11150 ms, used_size=9914368 bytes (24.2%)
(RDMA_READ_CONSUME_CHECK_CONSUMER) timestamp=11150 ms, used_size=9912320 bytes (24.2%)
(RDMA_READ_CONSUME_CHECK_CONSUMER) timestamp=11150 ms, used_size=9910272 bytes (24.2%)
(RDMA_READ_CONSUME_CHECK_CONSUMER) timestamp=11150 ms, used_size=9908224 bytes (24.2%)
(RDMA_READ_CONSUME_CHECK_CONSUMER) timestamp=11150 ms, used_size=9906176 bytes (24.2%)
(RDMA_READ_CONSUME_CHECK_CONSUMER) timestamp=11150 ms, used_size=9904128 bytes (24.2%)
(RDMA_READ_CONSUME_CHECK_CONSUMER) timestamp=11150 ms, used_size=9902080 bytes (24.2%)
(RDMA_READ_CONSUME_CHECK_CONSUMER) timestamp=11150 ms, used_size=9900032 bytes (24.2%)
(RDMA_READ_CONSUME_CHECK_CONSUMER) timestamp=11151 ms, used_size=9897984 bytes (24.2%)
(RDMA_READ_CONSUME_CHECK_CONSUMER) timestamp=11151 ms, used_size=9895936 bytes (24.2%)
(RDMA_READ_CONSUME_CHECK_CONSUMER) timestamp=11151 ms, used_size=9893888 bytes (24.2%)
(RDMA_READ_CONSUME_CHECK_CONSUMER) timestamp=11151 ms, used_size=9891840 bytes (24.1%)
(RDMA_READ_CONSUME_CHECK_CONSUMER) timestamp=11151 ms, used_size=9889792 bytes (24.1%)
(RDMA_READ_CONSUME_CHECK_CONSUMER) timestamp=11151 ms, used_size=9887744 bytes (24.1%)
(RDMA_READ_CONSUME_CHECK_CONSUMER) timestamp=11151 ms, used_size=9885696 bytes (24.1%)
(RDMA_READ_CONSUME_CHECK_CONSUMER) timestamp=11151 ms, used_size=9883648 bytes (24.1%)
(RDMA_READ_CONSUME_CHECK_CONSUMER) timestamp=11151 ms, used_size=9881600 bytes (24.1%)
(RDMA_READ_CONSUME_CHECK_CONSUMER) timestamp=11151 ms, used_size=9879552 bytes (24.1%)
(RDMA_READ_CONSUME_CHECK_CONSUMER) timestamp=11151 ms, used_size=9877504 bytes (24.1%)
(RDMA_READ_CONSUME_CHECK_CONSUMER) timestamp=11151 ms, used_size=9875456 bytes (24.1%)
(RDMA_READ_CONSUME_CHECK_CONSUMER) timestamp=11151 ms, used_size=9873408 bytes (24.1%)
(RDMA_READ_CONSUME_CHECK_CONSUMER) timestamp=11151 ms, used_size=9871360 bytes (24.1%)
(RDMA_READ_CONSUME_CHECK_CONSUMER) timestamp=11151 ms, used_size=9869312 bytes (24.1%)
(RDMA_READ_CONSUME_CHECK_CONSUMER) timestamp=11151 ms, used_size=9867264 bytes (24.1%)
(RDMA_READ_CONSUME_CHECK_CONSUMER) timestamp=11151 ms, used_size=9865216 bytes (24.1%)
(RDMA_READ_CONSUME_CHECK_CONSUMER) timestamp=11151 ms, used_size=9863168 bytes (24.1%)
(RDMA_READ_CONSUME_CHECK_CONSUMER) timestamp=11151 ms, used_size=9861120 bytes (24.1%)
(RDMA_READ_CONSUME_CHECK_CONSUMER) timestamp=11151 ms, used_size=9859072 bytes (24.1%)
(RDMA_READ_CONSUME_CHECK_CONSUMER) timestamp=11151 ms, used_size=9857024 bytes (24.1%)
(RDMA_READ_CONSUME_CHECK_CONSUMER) timestamp=11151 ms, used_size=9854976 bytes (24.1%)
(RDMA_READ_CONSUME_CHECK_CONSUMER) timestamp=11151 ms, used_size=9852928 bytes (24.1%)
(RDMA_READ_CONSUME_CHECK_CONSUMER) timestamp=11151 ms, used_size=9850880 bytes (24.1%)
(RDMA_READ_CONSUME_CHECK_CONSUMER) timestamp=11151 ms, used_size=9848832 bytes (24.0%)
(RDMA_READ_CONSUME_CHECK_CONSUMER) timestamp=11151 ms, used_size=9846784 bytes (24.0%)
(RDMA_READ_CONSUME_CHECK_CONSUMER) timestamp=11151 ms, used_size=9844736 bytes (24.0%)
(RDMA_READ_CONSUME_CHECK_CONSUMER) timestamp=11151 ms, used_size=9842688 bytes (24.0%)
(RDMA_READ_CONSUME_CHECK_CONSUMER) timestamp=11151 ms, used_size=9840640 bytes (24.0%)
(RDMA_READ_CONSUME_CHECK_CONSUMER) timestamp=11151 ms, used_size=9838592 bytes (24.0%)
(RDMA_READ_CONSUME_CHECK_CONSUMER) timestamp=11151 ms, used_size=9836544 bytes (24.0%)
(RDMA_READ_CONSUME_CHECK_CONSUMER) timestamp=11151 ms, used_size=9834496 bytes (24.0%)
(RDMA_READ_CONSUME_CHECK_CONSUMER) timestamp=11151 ms, used_size=9832448 bytes (24.0%)
(RDMA_READ_CONSUME_CHECK_CONSUMER) timestamp=11151 ms, used_size=9830400 bytes (24.0%)
(RDMA_READ_CONSUME_CHECK_CONSUMER) timestamp=11151 ms, used_size=9828352 bytes (24.0%)
(RDMA_READ_CONSUME_CHECK_CONSUMER) timestamp=11151 ms, used_size=9826304 bytes (24.0%)
(RDMA_READ_CONSUME_CHECK_CONSUMER) timestamp=11151 ms, used_size=9824256 bytes (24.0%)
(RDMA_READ_CONSUME_CHECK_CONSUMER) timestamp=11151 ms, used_size=9822208 bytes (24.0%)
(RDMA_READ_CONSUME_CHECK_CONSUMER) timestamp=11151 ms, used_size=9820160 bytes (24.0%)
(RDMA_READ_CONSUME_CHECK_CONSUMER) timestamp=11151 ms, used_size=9818112 bytes (24.0%)
(RDMA_READ_CONSUME_CHECK_CONSUMER) timestamp=11151 ms, used_size=9816064 bytes (24.0%)
(RDMA_READ_CONSUME_CHECK_CONSUMER) timestamp=11151 ms, used_size=9814016 bytes (24.0%)
(RDMA_READ_CONSUME_CHECK_CONSUMER) timestamp=11151 ms, used_size=9811968 bytes (24.0%)
(RDMA_READ_CONSUME_CHECK_CONSUMER) timestamp=11151 ms, used_size=9809920 bytes (23.9%)
(RDMA_READ_CONSUME_CHECK_CONSUMER) timestamp=11151 ms, used_size=9807872 bytes (23.9%)
(RDMA_READ_CONSUME_CHECK_CONSUMER) timestamp=11151 ms, used_size=9805824 bytes (23.9%)
(RDMA_READ_CONSUME_CHECK_CONSUMER) timestamp=11151 ms, used_size=9803776 bytes (23.9%)
(RDMA_READ_CONSUME_CHECK_CONSUMER) timestamp=11151 ms, used_size=9801728 bytes (23.9%)
(RDMA_READ_CONSUME_CHECK_CONSUMER) timestamp=11151 ms, used_size=9799680 bytes (23.9%)
(RDMA_READ_CONSUME_CHECK_CONSUMER) timestamp=11151 ms, used_size=9797632 bytes (23.9%)
(RDMA_READ_CONSUME_CHECK_CONSUMER) timestamp=11151 ms, used_size=9795584 bytes (23.9%)
(RDMA_READ_CONSUME_CHECK_CONSUMER) timestamp=11151 ms, used_size=9793536 bytes (23.9%)
(RDMA_READ_CONSUME_CHECK_CONSUMER) timestamp=11151 ms, used_size=9791488 bytes (23.9%)
(RDMA_READ_CONSUME_CHECK_CONSUMER) timestamp=11151 ms, used_size=9789440 bytes (23.9%)
(RDMA_READ_CONSUME_CHECK_CONSUMER) timestamp=11151 ms, used_size=9787392 bytes (23.9%)
(RDMA_READ_CONSUME_CHECK_CONSUMER) timestamp=11151 ms, used_size=9785344 bytes (23.9%)
(RDMA_READ_CONSUME_CHECK_CONSUMER) timestamp=11151 ms, used_size=9783296 bytes (23.9%)
(RDMA_READ_CONSUME_CHECK_CONSUMER) timestamp=11151 ms, used_size=9781248 bytes (23.9%)
(RDMA_READ_CONSUME_CHECK_CONSUMER) timestamp=11151 ms, used_size=9779200 bytes (23.9%)
(RDMA_READ_CONSUME_CHECK_CONSUMER) timestamp=11151 ms, used_size=9777152 bytes (23.9%)
(RDMA_READ_CONSUME_CHECK_CONSUMER) timestamp=11151 ms, used_size=9775104 bytes (23.9%)
(RDMA_READ_CONSUME_CHECK_CONSUMER) timestamp=11151 ms, used_size=9773056 bytes (23.9%)
(RDMA_READ_CONSUME_CHECK_CONSUMER) timestamp=11151 ms, used_size=9771008 bytes (23.9%)
(RDMA_READ_CONSUME_CHECK_CONSUMER) timestamp=11151 ms, used_size=9768960 bytes (23.9%)
(RDMA_READ_CONSUME_CHECK_CONSUMER) timestamp=11151 ms, used_size=9766912 bytes (23.8%)
(RDMA_READ_CONSUME_CHECK_CONSUMER) timestamp=11151 ms, used_size=9764864 bytes (23.8%)
(RDMA_READ_CONSUME_CHECK_CONSUMER) timestamp=11151 ms, used_size=9762816 bytes (23.8%)
(RDMA_READ_CONSUME_CHECK_CONSUMER) timestamp=11151 ms, used_size=9760768 bytes (23.8%)
(RDMA_READ_CONSUME_CHECK_CONSUMER) timestamp=11151 ms, used_size=9758720 bytes (23.8%)
(RDMA_READ_CONSUME_CHECK_CONSUMER) timestamp=11151 ms, used_size=9756672 bytes (23.8%)
(RDMA_READ_CONSUME_CHECK_CONSUMER) timestamp=11151 ms, used_size=9754624 bytes (23.8%)
(RDMA_READ_CONSUME_CHECK_CONSUMER) timestamp=11151 ms, used_size=9752576 bytes (23.8%)
(RDMA_READ_CONSUME_CHECK_CONSUMER) timestamp=11151 ms, used_size=9750528 bytes (23.8%)
(RDMA_READ_CONSUME_CHECK_CONSUMER) timestamp=11151 ms, used_size=9748480 bytes (23.8%)
(RDMA_READ_CONSUME_CHECK_CONSUMER) timestamp=11151 ms, used_size=9746432 bytes (23.8%)
(RDMA_READ_CONSUME_CHECK_CONSUMER) timestamp=11151 ms, used_size=9744384 bytes (23.8%)
(RDMA_READ_CONSUME_CHECK_CONSUMER) timestamp=11151 ms, used_size=9742336 bytes (23.8%)
(RDMA_READ_CONSUME_CHECK_CONSUMER) timestamp=11151 ms, used_size=9740288 bytes (23.8%)
(RDMA_READ_CONSUME_CHECK_CONSUMER) timestamp=11151 ms, used_size=9738240 bytes (23.8%)
(RDMA_READ_CONSUME_CHECK_CONSUMER) timestamp=11151 ms, used_size=9736192 bytes (23.8%)
(RDMA_READ_CONSUME_CHECK_CONSUMER) timestamp=11151 ms, used_size=9734144 bytes (23.8%)
(RDMA_READ_CONSUME_CHECK_CONSUMER) timestamp=11151 ms, used_size=9732096 bytes (23.8%)
(RDMA_READ_CONSUME_CHECK_CONSUMER) timestamp=11151 ms, used_size=9730048 bytes (23.8%)
(RDMA_READ_CONSUME_CHECK_CONSUMER) timestamp=11151 ms, used_size=9728000 bytes (23.8%)
(RDMA_READ_CONSUME_CHECK_CONSUMER) timestamp=11151 ms, used_size=9725952 bytes (23.7%)
(RDMA_READ_CONSUME_CHECK_CONSUMER) timestamp=11151 ms, used_size=9723904 bytes (23.7%)
(RDMA_READ_CONSUME_CHECK_CONSUMER) timestamp=11151 ms, used_size=9721856 bytes (23.7%)
(RDMA_READ_CONSUME_CHECK_CONSUMER) timestamp=11151 ms, used_size=9719808 bytes (23.7%)
(RDMA_READ_CONSUME_CHECK_CONSUMER) timestamp=11151 ms, used_size=9717760 bytes (23.7%)
(RDMA_READ_CONSUME_CHECK_CONSUMER) timestamp=11151 ms, used_size=9715712 bytes (23.7%)
(RDMA_READ_CONSUME_CHECK_CONSUMER) timestamp=11151 ms, used_size=9713664 bytes (23.7%)
(RDMA_READ_CONSUME_CHECK_CONSUMER) timestamp=11151 ms, used_size=9711616 bytes (23.7%)
(RDMA_READ_CONSUME_CHECK_CONSUMER) timestamp=11151 ms, used_size=9709568 bytes (23.7%)
(RDMA_READ_CONSUME_CHECK_CONSUMER) timestamp=11151 ms, used_size=9707520 bytes (23.7%)
(RDMA_READ_CONSUME_CHECK_CONSUMER) timestamp=11151 ms, used_size=9705472 bytes (23.7%)
(RDMA_READ_CONSUME_CHECK_CONSUMER) timestamp=11151 ms, used_size=9703424 bytes (23.7%)
(RDMA_READ_CONSUME_CHECK_CONSUMER) timestamp=11151 ms, used_size=9701376 bytes (23.7%)
(RDMA_READ_CONSUME_CHECK_CONSUMER) timestamp=11151 ms, used_size=9699328 bytes (23.7%)
(RDMA_READ_CONSUME_CHECK_CONSUMER) timestamp=11151 ms, used_size=9697280 bytes (23.7%)
(RDMA_READ_CONSUME_CHECK_CONSUMER) timestamp=11151 ms, used_size=9695232 bytes (23.7%)
(RDMA_READ_CONSUME_CHECK_CONSUMER) timestamp=11151 ms, used_size=9693184 bytes (23.7%)
(RDMA_READ_CONSUME_CHECK_CONSUMER) timestamp=11151 ms, used_size=9691136 bytes (23.7%)
(RDMA_READ_CONSUME_CHECK_CONSUMER) timestamp=11151 ms, used_size=9689088 bytes (23.7%)
(RDMA_READ_CONSUME_CHECK_CONSUMER) timestamp=11151 ms, used_size=9687040 bytes (23.6%)
(RDMA_READ_CONSUME_CHECK_CONSUMER) timestamp=11151 ms, used_size=9684992 bytes (23.6%)
(RDMA_READ_CONSUME_CHECK_CONSUMER) timestamp=11151 ms, used_size=9682944 bytes (23.6%)
(RDMA_READ_CONSUME_CHECK_CONSUMER) timestamp=11151 ms, used_size=9680896 bytes (23.6%)
(RDMA_READ_CONSUME_CHECK_CONSUMER) timestamp=11151 ms, used_size=9678848 bytes (23.6%)
(RDMA_READ_CONSUME_CHECK_CONSUMER) timestamp=11151 ms, used_size=9676800 bytes (23.6%)
(RDMA_READ_CONSUME_CHECK_CONSUMER) timestamp=11151 ms, used_size=9674752 bytes (23.6%)
(RDMA_READ_CONSUME_CHECK_CONSUMER) timestamp=11151 ms, used_size=9672704 bytes (23.6%)
(RDMA_READ_CONSUME_CHECK_CONSUMER) timestamp=11151 ms, used_size=9670656 bytes (23.6%)
(RDMA_READ_CONSUME_CHECK_CONSUMER) timestamp=11151 ms, used_size=9668608 bytes (23.6%)
(RDMA_READ_CONSUME_CHECK_CONSUMER) timestamp=11151 ms, used_size=9666560 bytes (23.6%)
(RDMA_READ_CONSUME_CHECK_CONSUMER) timestamp=11151 ms, used_size=9664512 bytes (23.6%)
(RDMA_READ_CONSUME_CHECK_CONSUMER) timestamp=11151 ms, used_size=9662464 bytes (23.6%)
(RDMA_READ_CONSUME_CHECK_CONSUMER) timestamp=11151 ms, used_size=9660416 bytes (23.6%)
(RDMA_READ_CONSUME_CHECK_CONSUMER) timestamp=11151 ms, used_size=9658368 bytes (23.6%)
(RDMA_READ_CONSUME_CHECK_CONSUMER) timestamp=11151 ms, used_size=9656320 bytes (23.6%)
(RDMA_READ_CONSUME_CHECK_CONSUMER) timestamp=11151 ms, used_size=9654272 bytes (23.6%)
(RDMA_READ_CONSUME_CHECK_CONSUMER) timestamp=11151 ms, used_size=9652224 bytes (23.6%)
(RDMA_READ_CONSUME_CHECK_CONSUMER) timestamp=11151 ms, used_size=9650176 bytes (23.6%)
(RDMA_READ_CONSUME_CHECK_CONSUMER) timestamp=11151 ms, used_size=9648128 bytes (23.6%)
(RDMA_READ_CONSUME_CHECK_CONSUMER) timestamp=11151 ms, used_size=9646080 bytes (23.6%)
(RDMA_READ_CONSUME_CHECK_CONSUMER) timestamp=11151 ms, used_size=9644032 bytes (23.5%)
(RDMA_READ_CONSUME_CHECK_CONSUMER) timestamp=11151 ms, used_size=9641984 bytes (23.5%)
(RDMA_READ_CONSUME_CHECK_CONSUMER) timestamp=11151 ms, used_size=9639936 bytes (23.5%)
(RDMA_READ_CONSUME_CHECK_CONSUMER) timestamp=11151 ms, used_size=9637888 bytes (23.5%)
(RDMA_READ_CONSUME_CHECK_CONSUMER) timestamp=11151 ms, used_size=9635840 bytes (23.5%)
(RDMA_READ_CONSUME_CHECK_CONSUMER) timestamp=11151 ms, used_size=9633792 bytes (23.5%)
(RDMA_READ_CONSUME_CHECK_CONSUMER) timestamp=11151 ms, used_size=9631744 bytes (23.5%)
(RDMA_READ_CONSUME_CHECK_CONSUMER) timestamp=11151 ms, used_size=9629696 bytes (23.5%)
(RDMA_READ_CONSUME_CHECK_CONSUMER) timestamp=11151 ms, used_size=9627648 bytes (23.5%)
(RDMA_READ_CONSUME_CHECK_CONSUMER) timestamp=11151 ms, used_size=9625600 bytes (23.5%)
(RDMA_READ_CONSUME_CHECK_CONSUMER) timestamp=11151 ms, used_size=9623552 bytes (23.5%)
(RDMA_READ_CONSUME_CHECK_CONSUMER) timestamp=11151 ms, used_size=9621504 bytes (23.5%)
(RDMA_READ_CONSUME_CHECK_CONSUMER) timestamp=11151 ms, used_size=9619456 bytes (23.5%)
(RDMA_READ_CONSUME_CHECK_CONSUMER) timestamp=11151 ms, used_size=9617408 bytes (23.5%)
(RDMA_READ_CONSUME_CHECK_CONSUMER) timestamp=11151 ms, used_size=9615360 bytes (23.5%)
(RDMA_READ_CONSUME_CHECK_CONSUMER) timestamp=11151 ms, used_size=9613312 bytes (23.5%)
(RDMA_READ_CONSUME_CHECK_CONSUMER) timestamp=11151 ms, used_size=9611264 bytes (23.5%)
(RDMA_READ_CONSUME_CHECK_CONSUMER) timestamp=11151 ms, used_size=9609216 bytes (23.5%)
(RDMA_READ_CONSUME_CHECK_CONSUMER) timestamp=11151 ms, used_size=9607168 bytes (23.5%)
(RDMA_READ_CONSUME_CHECK_CONSUMER) timestamp=11151 ms, used_size=9605120 bytes (23.4%)
(RDMA_READ_CONSUME_CHECK_CONSUMER) timestamp=11151 ms, used_size=9603072 bytes (23.4%)
(RDMA_READ_CONSUME_CHECK_CONSUMER) timestamp=11151 ms, used_size=9601024 bytes (23.4%)
(RDMA_READ_CONSUME_CHECK_CONSUMER) timestamp=11151 ms, used_size=9598976 bytes (23.4%)
(RDMA_READ_CONSUME_CHECK_CONSUMER) timestamp=11151 ms, used_size=9596928 bytes (23.4%)
(RDMA_READ_CONSUME_CHECK_CONSUMER) timestamp=11151 ms, used_size=9594880 bytes (23.4%)
(RDMA_READ_CONSUME_CHECK_CONSUMER) timestamp=11151 ms, used_size=9592832 bytes (23.4%)
(RDMA_READ_CONSUME_CHECK_CONSUMER) timestamp=11151 ms, used_size=9590784 bytes (23.4%)
(RDMA_READ_CONSUME_CHECK_CONSUMER) timestamp=11151 ms, used_size=9588736 bytes (23.4%)
(RDMA_READ_CONSUME_CHECK_CONSUMER) timestamp=11151 ms, used_size=9586688 bytes (23.4%)
(RDMA_READ_CONSUME_CHECK_CONSUMER) timestamp=11151 ms, used_size=9584640 bytes (23.4%)
(RDMA_READ_CONSUME_CHECK_CONSUMER) timestamp=11151 ms, used_size=9582592 bytes (23.4%)
(RDMA_READ_CONSUME_CHECK_CONSUMER) timestamp=11151 ms, used_size=9580544 bytes (23.4%)
(RDMA_READ_CONSUME_CHECK_CONSUMER) timestamp=11151 ms, used_size=9578496 bytes (23.4%)
(RDMA_READ_CONSUME_CHECK_CONSUMER) timestamp=11151 ms, used_size=9576448 bytes (23.4%)
(RDMA_READ_CONSUME_CHECK_CONSUMER) timestamp=11151 ms, used_size=9574400 bytes (23.4%)
(RDMA_READ_CONSUME_CHECK_CONSUMER) timestamp=11151 ms, used_size=9572352 bytes (23.4%)
(RDMA_READ_CONSUME_CHECK_CONSUMER) timestamp=11151 ms, used_size=9570304 bytes (23.4%)
(RDMA_READ_CONSUME_CHECK_CONSUMER) timestamp=11151 ms, used_size=9568256 bytes (23.4%)
(RDMA_READ_CONSUME_CHECK_CONSUMER) timestamp=11151 ms, used_size=9566208 bytes (23.4%)
(RDMA_READ_CONSUME_CHECK_CONSUMER) timestamp=11151 ms, used_size=9564160 bytes (23.4%)
(RDMA_READ_CONSUME_CHECK_CONSUMER) timestamp=11151 ms, used_size=9562112 bytes (23.3%)
(RDMA_READ_CONSUME_CHECK_CONSUMER) timestamp=11151 ms, used_size=9560064 bytes (23.3%)
(RDMA_READ_CONSUME_CHECK_CONSUMER) timestamp=11151 ms, used_size=9558016 bytes (23.3%)
(RDMA_READ_CONSUME_CHECK_CONSUMER) timestamp=11151 ms, used_size=9555968 bytes (23.3%)
(RDMA_READ_CONSUME_CHECK_CONSUMER) timestamp=11151 ms, used_size=9553920 bytes (23.3%)
(RDMA_READ_CONSUME_CHECK_CONSUMER) timestamp=11151 ms, used_size=9551872 bytes (23.3%)
(RDMA_READ_CONSUME_CHECK_CONSUMER) timestamp=11151 ms, used_size=9549824 bytes (23.3%)
(RDMA_READ_CONSUME_CHECK_CONSUMER) timestamp=11152 ms, used_size=9547776 bytes (23.3%)
(RDMA_READ_CONSUME_CHECK_CONSUMER) timestamp=11152 ms, used_size=9545728 bytes (23.3%)
(RDMA_READ_CONSUME_CHECK_CONSUMER) timestamp=11152 ms, used_size=9543680 bytes (23.3%)
(RDMA_READ_CONSUME_CHECK_CONSUMER) timestamp=11152 ms, used_size=9541632 bytes (23.3%)
(RDMA_READ_CONSUME_CHECK_CONSUMER) timestamp=11152 ms, used_size=9539584 bytes (23.3%)
(RDMA_READ_CONSUME_CHECK_CONSUMER) timestamp=11152 ms, used_size=9537536 bytes (23.3%)
(RDMA_READ_CONSUME_CHECK_CONSUMER) timestamp=11152 ms, used_size=9535488 bytes (23.3%)
(RDMA_READ_CONSUME_CHECK_CONSUMER) timestamp=11152 ms, used_size=9533440 bytes (23.3%)
(RDMA_READ_CONSUME_CHECK_CONSUMER) timestamp=11152 ms, used_size=9531392 bytes (23.3%)
(RDMA_READ_CONSUME_CHECK_CONSUMER) timestamp=11152 ms, used_size=9529344 bytes (23.3%)
(RDMA_READ_CONSUME_CHECK_CONSUMER) timestamp=11152 ms, used_size=9527296 bytes (23.3%)
(RDMA_READ_CONSUME_CHECK_CONSUMER) timestamp=11152 ms, used_size=9525248 bytes (23.3%)
(RDMA_READ_CONSUME_CHECK_CONSUMER) timestamp=11152 ms, used_size=9523200 bytes (23.2%)
(RDMA_READ_CONSUME_CHECK_CONSUMER) timestamp=11152 ms, used_size=9521152 bytes (23.2%)
(RDMA_READ_CONSUME_CHECK_CONSUMER) timestamp=11152 ms, used_size=9519104 bytes (23.2%)
(RDMA_READ_CONSUME_CHECK_CONSUMER) timestamp=11152 ms, used_size=9517056 bytes (23.2%)
(RDMA_READ_CONSUME_CHECK_CONSUMER) timestamp=11152 ms, used_size=9515008 bytes (23.2%)
(RDMA_READ_CONSUME_CHECK_CONSUMER) timestamp=11152 ms, used_size=9512960 bytes (23.2%)
(RDMA_READ_CONSUME_CHECK_CONSUMER) timestamp=11152 ms, used_size=9510912 bytes (23.2%)
(RDMA_READ_CONSUME_CHECK_CONSUMER) timestamp=11152 ms, used_size=9508864 bytes (23.2%)
(RDMA_READ_CONSUME_CHECK_CONSUMER) timestamp=11152 ms, used_size=9506816 bytes (23.2%)
(RDMA_READ_CONSUME_CHECK_CONSUMER) timestamp=11152 ms, used_size=9504768 bytes (23.2%)
(RDMA_READ_CONSUME_CHECK_CONSUMER) timestamp=11152 ms, used_size=9502720 bytes (23.2%)
(RDMA_READ_CONSUME_CHECK_CONSUMER) timestamp=11152 ms, used_size=9500672 bytes (23.2%)
(RDMA_READ_CONSUME_CHECK_CONSUMER) timestamp=11152 ms, used_size=9498624 bytes (23.2%)
(RDMA_READ_CONSUME_CHECK_CONSUMER) timestamp=11152 ms, used_size=9496576 bytes (23.2%)
(RDMA_READ_CONSUME_CHECK_CONSUMER) timestamp=11152 ms, used_size=9494528 bytes (23.2%)
(RDMA_READ_CONSUME_CHECK_CONSUMER) timestamp=11152 ms, used_size=9492480 bytes (23.2%)
(RDMA_READ_CONSUME_CHECK_CONSUMER) timestamp=11152 ms, used_size=9490432 bytes (23.2%)
(RDMA_READ_CONSUME_CHECK_CONSUMER) timestamp=11152 ms, used_size=9488384 bytes (23.2%)
(RDMA_READ_CONSUME_CHECK_CONSUMER) timestamp=11152 ms, used_size=9486336 bytes (23.2%)
(RDMA_READ_CONSUME_CHECK_CONSUMER) timestamp=11152 ms, used_size=9484288 bytes (23.2%)
(RDMA_READ_CONSUME_CHECK_CONSUMER) timestamp=11152 ms, used_size=9482240 bytes (23.1%)
(RDMA_READ_CONSUME_CHECK_CONSUMER) timestamp=11152 ms, used_size=9480192 bytes (23.1%)
(RDMA_READ_CONSUME_CHECK_CONSUMER) timestamp=11152 ms, used_size=9478144 bytes (23.1%)
(RDMA_READ_CONSUME_CHECK_CONSUMER) timestamp=11152 ms, used_size=9476096 bytes (23.1%)
(RDMA_READ_CONSUME_CHECK_CONSUMER) timestamp=11152 ms, used_size=9474048 bytes (23.1%)
(RDMA_READ_CONSUME_CHECK_CONSUMER) timestamp=11152 ms, used_size=9472000 bytes (23.1%)
(RDMA_READ_CONSUME_CHECK_CONSUMER) timestamp=11152 ms, used_size=9469952 bytes (23.1%)
(RDMA_READ_CONSUME_CHECK_CONSUMER) timestamp=11152 ms, used_size=9467904 bytes (23.1%)
(RDMA_READ_CONSUME_CHECK_CONSUMER) timestamp=11152 ms, used_size=9465856 bytes (23.1%)
(RDMA_READ_CONSUME_CHECK_CONSUMER) timestamp=11152 ms, used_size=9463808 bytes (23.1%)
(RDMA_READ_CONSUME_CHECK_CONSUMER) timestamp=11152 ms, used_size=9461760 bytes (23.1%)
(RDMA_READ_CONSUME_CHECK_CONSUMER) timestamp=11152 ms, used_size=9459712 bytes (23.1%)
(RDMA_READ_CONSUME_CHECK_CONSUMER) timestamp=11152 ms, used_size=9457664 bytes (23.1%)
(RDMA_READ_CONSUME_CHECK_CONSUMER) timestamp=11152 ms, used_size=9455616 bytes (23.1%)
(RDMA_READ_CONSUME_CHECK_CONSUMER) timestamp=11152 ms, used_size=9453568 bytes (23.1%)
(RDMA_READ_CONSUME_CHECK_CONSUMER) timestamp=11152 ms, used_size=9451520 bytes (23.1%)
(RDMA_READ_CONSUME_CHECK_CONSUMER) timestamp=11152 ms, used_size=9449472 bytes (23.1%)
(RDMA_READ_CONSUME_CHECK_CONSUMER) timestamp=11152 ms, used_size=9447424 bytes (23.1%)
(RDMA_READ_CONSUME_CHECK_CONSUMER) timestamp=11152 ms, used_size=9445376 bytes (23.1%)
(RDMA_READ_CONSUME_CHECK_CONSUMER) timestamp=11152 ms, used_size=9443328 bytes (23.1%)
(RDMA_READ_CONSUME_CHECK_CONSUMER) timestamp=11152 ms, used_size=9441280 bytes (23.1%)
(RDMA_READ_CONSUME_CHECK_CONSUMER) timestamp=11152 ms, used_size=9439232 bytes (23.0%)
(RDMA_READ_CONSUME_CHECK_CONSUMER) timestamp=11152 ms, used_size=9437184 bytes (23.0%)
(RDMA_READ_CONSUME_CHECK_CONSUMER) timestamp=11152 ms, used_size=9435136 bytes (23.0%)
(RDMA_READ_CONSUME_CHECK_CONSUMER) timestamp=11152 ms, used_size=9433088 bytes (23.0%)
(RDMA_READ_CONSUME_CHECK_CONSUMER) timestamp=11152 ms, used_size=9431040 bytes (23.0%)
(RDMA_READ_CONSUME_CHECK_CONSUMER) timestamp=11152 ms, used_size=9428992 bytes (23.0%)
(RDMA_READ_CONSUME_CHECK_CONSUMER) timestamp=11152 ms, used_size=9426944 bytes (23.0%)
(RDMA_READ_CONSUME_CHECK_CONSUMER) timestamp=11152 ms, used_size=9424896 bytes (23.0%)
(RDMA_READ_CONSUME_CHECK_CONSUMER) timestamp=11152 ms, used_size=9422848 bytes (23.0%)
(RDMA_READ_CONSUME_CHECK_CONSUMER) timestamp=11152 ms, used_size=9420800 bytes (23.0%)
(RDMA_READ_CONSUME_CHECK_CONSUMER) timestamp=11152 ms, used_size=9418752 bytes (23.0%)
(RDMA_READ_CONSUME_CHECK_CONSUMER) timestamp=11152 ms, used_size=9416704 bytes (23.0%)
(RDMA_READ_CONSUME_CHECK_CONSUMER) timestamp=11152 ms, used_size=9414656 bytes (23.0%)
(RDMA_READ_CONSUME_CHECK_CONSUMER) timestamp=11152 ms, used_size=9412608 bytes (23.0%)
(RDMA_READ_CONSUME_CHECK_CONSUMER) timestamp=11152 ms, used_size=9410560 bytes (23.0%)
(RDMA_READ_CONSUME_CHECK_CONSUMER) timestamp=11152 ms, used_size=9408512 bytes (23.0%)
(RDMA_READ_CONSUME_CHECK_CONSUMER) timestamp=11152 ms, used_size=9406464 bytes (23.0%)
(RDMA_READ_CONSUME_CHECK_CONSUMER) timestamp=11152 ms, used_size=9404416 bytes (23.0%)
(RDMA_READ_CONSUME_CHECK_CONSUMER) timestamp=11152 ms, used_size=9402368 bytes (23.0%)
(RDMA_READ_CONSUME_CHECK_CONSUMER) timestamp=11152 ms, used_size=9400320 bytes (22.9%)
(RDMA_READ_CONSUME_CHECK_CONSUMER) timestamp=11152 ms, used_size=9398272 bytes (22.9%)
(RDMA_READ_CONSUME_CHECK_CONSUMER) timestamp=11152 ms, used_size=9396224 bytes (22.9%)
(RDMA_READ_CONSUME_CHECK_CONSUMER) timestamp=11152 ms, used_size=9394176 bytes (22.9%)
(RDMA_READ_CONSUME_CHECK_CONSUMER) timestamp=11152 ms, used_size=9392128 bytes (22.9%)
(RDMA_READ_CONSUME_CHECK_CONSUMER) timestamp=11152 ms, used_size=9390080 bytes (22.9%)
(RDMA_READ_CONSUME_CHECK_CONSUMER) timestamp=11152 ms, used_size=9388032 bytes (22.9%)
(RDMA_READ_CONSUME_CHECK_CONSUMER) timestamp=11152 ms, used_size=9385984 bytes (22.9%)
(RDMA_READ_CONSUME_CHECK_CONSUMER) timestamp=11152 ms, used_size=9383936 bytes (22.9%)
(RDMA_READ_CONSUME_CHECK_CONSUMER) timestamp=11152 ms, used_size=9381888 bytes (22.9%)
(RDMA_READ_CONSUME_CHECK_CONSUMER) timestamp=11152 ms, used_size=9379840 bytes (22.9%)
(RDMA_READ_CONSUME_CHECK_CONSUMER) timestamp=11152 ms, used_size=9377792 bytes (22.9%)
(RDMA_READ_CONSUME_CHECK_CONSUMER) timestamp=11152 ms, used_size=9375744 bytes (22.9%)
(RDMA_READ_CONSUME_CHECK_CONSUMER) timestamp=11152 ms, used_size=9373696 bytes (22.9%)
(RDMA_READ_CONSUME_CHECK_CONSUMER) timestamp=11152 ms, used_size=9371648 bytes (22.9%)
(RDMA_READ_CONSUME_CHECK_CONSUMER) timestamp=11152 ms, used_size=9369600 bytes (22.9%)
(RDMA_READ_CONSUME_CHECK_CONSUMER) timestamp=11152 ms, used_size=9367552 bytes (22.9%)
(RDMA_READ_CONSUME_CHECK_CONSUMER) timestamp=11152 ms, used_size=9365504 bytes (22.9%)
(RDMA_READ_CONSUME_CHECK_CONSUMER) timestamp=11152 ms, used_size=9363456 bytes (22.9%)
(RDMA_READ_CONSUME_CHECK_CONSUMER) timestamp=11152 ms, used_size=9361408 bytes (22.9%)
(RDMA_READ_CONSUME_CHECK_CONSUMER) timestamp=11152 ms, used_size=9359360 bytes (22.9%)
(RDMA_READ_CONSUME_CHECK_CONSUMER) timestamp=11152 ms, used_size=9357312 bytes (22.8%)
(RDMA_READ_CONSUME_CHECK_CONSUMER) timestamp=11152 ms, used_size=9355264 bytes (22.8%)
(RDMA_READ_CONSUME_CHECK_CONSUMER) timestamp=11152 ms, used_size=9353216 bytes (22.8%)
(RDMA_READ_CONSUME_CHECK_CONSUMER) timestamp=11152 ms, used_size=9351168 bytes (22.8%)
(RDMA_READ_CONSUME_CHECK_CONSUMER) timestamp=11152 ms, used_size=9349120 bytes (22.8%)
(RDMA_READ_CONSUME_CHECK_CONSUMER) timestamp=11152 ms, used_size=9347072 bytes (22.8%)
(RDMA_READ_CONSUME_CHECK_CONSUMER) timestamp=11152 ms, used_size=9345024 bytes (22.8%)
(RDMA_READ_CONSUME_CHECK_CONSUMER) timestamp=11152 ms, used_size=9342976 bytes (22.8%)
(RDMA_READ_CONSUME_CHECK_CONSUMER) timestamp=11152 ms, used_size=9340928 bytes (22.8%)
(RDMA_READ_CONSUME_CHECK_CONSUMER) timestamp=11152 ms, used_size=9338880 bytes (22.8%)
(RDMA_READ_CONSUME_CHECK_CONSUMER) timestamp=11152 ms, used_size=9336832 bytes (22.8%)
(RDMA_READ_CONSUME_CHECK_CONSUMER) timestamp=11152 ms, used_size=9334784 bytes (22.8%)
(RDMA_READ_CONSUME_CHECK_CONSUMER) timestamp=11152 ms, used_size=9332736 bytes (22.8%)
(RDMA_READ_CONSUME_CHECK_CONSUMER) timestamp=11152 ms, used_size=9330688 bytes (22.8%)
(RDMA_READ_CONSUME_CHECK_CONSUMER) timestamp=11152 ms, used_size=9328640 bytes (22.8%)
(RDMA_READ_CONSUME_CHECK_CONSUMER) timestamp=11152 ms, used_size=9326592 bytes (22.8%)
(RDMA_READ_CONSUME_CHECK_CONSUMER) timestamp=11152 ms, used_size=9324544 bytes (22.8%)
(RDMA_READ_CONSUME_CHECK_CONSUMER) timestamp=11152 ms, used_size=9322496 bytes (22.8%)
(RDMA_READ_CONSUME_CHECK_CONSUMER) timestamp=11152 ms, used_size=9320448 bytes (22.8%)
(RDMA_READ_CONSUME_CHECK_CONSUMER) timestamp=11152 ms, used_size=9318400 bytes (22.8%)
(RDMA_READ_CONSUME_CHECK_CONSUMER) timestamp=11152 ms, used_size=9316352 bytes (22.7%)
(RDMA_READ_CONSUME_CHECK_CONSUMER) timestamp=11152 ms, used_size=9314304 bytes (22.7%)
(RDMA_READ_CONSUME_CHECK_CONSUMER) timestamp=11152 ms, used_size=9312256 bytes (22.7%)
(RDMA_READ_CONSUME_CHECK_CONSUMER) timestamp=11152 ms, used_size=9310208 bytes (22.7%)
(RDMA_READ_CONSUME_CHECK_CONSUMER) timestamp=11152 ms, used_size=9308160 bytes (22.7%)
(RDMA_READ_CONSUME_CHECK_CONSUMER) timestamp=11152 ms, used_size=9306112 bytes (22.7%)
(RDMA_READ_CONSUME_CHECK_CONSUMER) timestamp=11152 ms, used_size=9304064 bytes (22.7%)
(RDMA_READ_CONSUME_CHECK_CONSUMER) timestamp=11152 ms, used_size=9302016 bytes (22.7%)
(RDMA_READ_CONSUME_CHECK_CONSUMER) timestamp=11152 ms, used_size=9299968 bytes (22.7%)
(RDMA_READ_CONSUME_CHECK_CONSUMER) timestamp=11152 ms, used_size=9297920 bytes (22.7%)
(RDMA_READ_CONSUME_CHECK_CONSUMER) timestamp=11152 ms, used_size=9295872 bytes (22.7%)
(RDMA_READ_CONSUME_CHECK_CONSUMER) timestamp=11152 ms, used_size=9293824 bytes (22.7%)
(RDMA_READ_CONSUME_CHECK_CONSUMER) timestamp=11152 ms, used_size=9291776 bytes (22.7%)
(RDMA_READ_CONSUME_CHECK_CONSUMER) timestamp=11152 ms, used_size=9289728 bytes (22.7%)
(RDMA_READ_CONSUME_CHECK_CONSUMER) timestamp=11152 ms, used_size=9287680 bytes (22.7%)
(RDMA_READ_CONSUME_CHECK_CONSUMER) timestamp=11152 ms, used_size=9285632 bytes (22.7%)
(RDMA_READ_CONSUME_CHECK_CONSUMER) timestamp=11152 ms, used_size=9283584 bytes (22.7%)
(RDMA_READ_CONSUME_CHECK_CONSUMER) timestamp=11152 ms, used_size=9281536 bytes (22.7%)
(RDMA_READ_CONSUME_CHECK_CONSUMER) timestamp=11152 ms, used_size=9279488 bytes (22.7%)
(RDMA_READ_CONSUME_CHECK_CONSUMER) timestamp=11152 ms, used_size=9277440 bytes (22.6%)
(RDMA_READ_CONSUME_CHECK_CONSUMER) timestamp=11152 ms, used_size=9275392 bytes (22.6%)
(RDMA_READ_CONSUME_CHECK_CONSUMER) timestamp=11152 ms, used_size=9273344 bytes (22.6%)
(RDMA_READ_CONSUME_CHECK_CONSUMER) timestamp=11152 ms, used_size=9271296 bytes (22.6%)
(RDMA_READ_CONSUME_CHECK_CONSUMER) timestamp=11152 ms, used_size=9269248 bytes (22.6%)
(RDMA_READ_CONSUME_CHECK_CONSUMER) timestamp=11152 ms, used_size=9267200 bytes (22.6%)
(RDMA_READ_CONSUME_CHECK_CONSUMER) timestamp=11152 ms, used_size=9265152 bytes (22.6%)
(RDMA_READ_CONSUME_CHECK_CONSUMER) timestamp=11152 ms, used_size=9263104 bytes (22.6%)
(RDMA_READ_CONSUME_CHECK_CONSUMER) timestamp=11152 ms, used_size=9261056 bytes (22.6%)
(RDMA_READ_CONSUME_CHECK_CONSUMER) timestamp=11152 ms, used_size=9259008 bytes (22.6%)
(RDMA_READ_CONSUME_CHECK_CONSUMER) timestamp=11152 ms, used_size=9256960 bytes (22.6%)
(RDMA_READ_CONSUME_CHECK_CONSUMER) timestamp=11152 ms, used_size=9254912 bytes (22.6%)
(RDMA_READ_CONSUME_CHECK_CONSUMER) timestamp=11152 ms, used_size=9252864 bytes (22.6%)
(RDMA_READ_CONSUME_CHECK_CONSUMER) timestamp=11152 ms, used_size=9250816 bytes (22.6%)
(RDMA_READ_CONSUME_CHECK_CONSUMER) timestamp=11152 ms, used_size=9248768 bytes (22.6%)
(RDMA_READ_CONSUME_CHECK_CONSUMER) timestamp=11152 ms, used_size=9246720 bytes (22.6%)
(RDMA_READ_CONSUME_CHECK_CONSUMER) timestamp=11152 ms, used_size=9244672 bytes (22.6%)
(RDMA_READ_CONSUME_CHECK_CONSUMER) timestamp=11152 ms, used_size=9242624 bytes (22.6%)
(RDMA_READ_CONSUME_CHECK_CONSUMER) timestamp=11152 ms, used_size=9240576 bytes (22.6%)
(RDMA_READ_CONSUME_CHECK_CONSUMER) timestamp=11152 ms, used_size=9238528 bytes (22.6%)
(RDMA_READ_CONSUME_CHECK_CONSUMER) timestamp=11152 ms, used_size=9236480 bytes (22.6%)
(RDMA_READ_CONSUME_CHECK_CONSUMER) timestamp=11152 ms, used_size=9234432 bytes (22.5%)
(RDMA_READ_CONSUME_CHECK_CONSUMER) timestamp=11152 ms, used_size=9232384 bytes (22.5%)
(RDMA_READ_CONSUME_CHECK_CONSUMER) timestamp=11152 ms, used_size=9230336 bytes (22.5%)
(RDMA_READ_CONSUME_CHECK_CONSUMER) timestamp=11152 ms, used_size=9228288 bytes (22.5%)
(RDMA_READ_CONSUME_CHECK_CONSUMER) timestamp=11152 ms, used_size=9226240 bytes (22.5%)
(RDMA_READ_CONSUME_CHECK_CONSUMER) timestamp=11152 ms, used_size=9224192 bytes (22.5%)
(RDMA_READ_CONSUME_CHECK_CONSUMER) timestamp=11152 ms, used_size=9222144 bytes (22.5%)
(RDMA_READ_CONSUME_CHECK_CONSUMER) timestamp=11152 ms, used_size=9220096 bytes (22.5%)
(RDMA_READ_CONSUME_CHECK_CONSUMER) timestamp=11152 ms, used_size=9218048 bytes (22.5%)
(RDMA_READ_CONSUME_CHECK_CONSUMER) timestamp=11152 ms, used_size=9216000 bytes (22.5%)
(RDMA_READ_CONSUME_CHECK_CONSUMER) timestamp=11152 ms, used_size=9213952 bytes (22.5%)
(RDMA_READ_CONSUME_CHECK_CONSUMER) timestamp=11152 ms, used_size=9211904 bytes (22.5%)
(RDMA_READ_CONSUME_CHECK_CONSUMER) timestamp=11152 ms, used_size=9209856 bytes (22.5%)
(RDMA_READ_CONSUME_CHECK_CONSUMER) timestamp=11152 ms, used_size=9207808 bytes (22.5%)
(RDMA_READ_CONSUME_CHECK_CONSUMER) timestamp=11152 ms, used_size=9205760 bytes (22.5%)
(RDMA_READ_CONSUME_CHECK_CONSUMER) timestamp=11152 ms, used_size=9203712 bytes (22.5%)
(RDMA_READ_CONSUME_CHECK_CONSUMER) timestamp=11152 ms, used_size=9201664 bytes (22.5%)
(RDMA_READ_CONSUME_CHECK_CONSUMER) timestamp=11152 ms, used_size=9199616 bytes (22.5%)
(RDMA_READ_CONSUME_CHECK_CONSUMER) timestamp=11152 ms, used_size=9197568 bytes (22.5%)
(RDMA_READ_CONSUME_CHECK_CONSUMER) timestamp=11152 ms, used_size=9195520 bytes (22.4%)
(RDMA_READ_CONSUME_CHECK_CONSUMER) timestamp=11153 ms, used_size=9193472 bytes (22.4%)
(RDMA_READ_CONSUME_CHECK_CONSUMER) timestamp=11153 ms, used_size=9191424 bytes (22.4%)
(RDMA_READ_CONSUME_CHECK_CONSUMER) timestamp=11153 ms, used_size=9189376 bytes (22.4%)
(RDMA_READ_CONSUME_CHECK_CONSUMER) timestamp=11153 ms, used_size=9187328 bytes (22.4%)
(RDMA_READ_CONSUME_CHECK_CONSUMER) timestamp=11153 ms, used_size=9185280 bytes (22.4%)
(RDMA_READ_CONSUME_CHECK_CONSUMER) timestamp=11153 ms, used_size=9183232 bytes (22.4%)
(RDMA_READ_CONSUME_CHECK_CONSUMER) timestamp=11153 ms, used_size=9181184 bytes (22.4%)
(RDMA_READ_CONSUME_CHECK_CONSUMER) timestamp=11153 ms, used_size=9179136 bytes (22.4%)
(RDMA_READ_CONSUME_CHECK_CONSUMER) timestamp=11153 ms, used_size=9177088 bytes (22.4%)
(RDMA_READ_CONSUME_CHECK_CONSUMER) timestamp=11153 ms, used_size=9175040 bytes (22.4%)
(RDMA_READ_CONSUME_CHECK_CONSUMER) timestamp=11153 ms, used_size=9172992 bytes (22.4%)
(RDMA_READ_CONSUME_CHECK_CONSUMER) timestamp=11153 ms, used_size=9170944 bytes (22.4%)
(RDMA_READ_CONSUME_CHECK_CONSUMER) timestamp=11153 ms, used_size=9168896 bytes (22.4%)
(RDMA_READ_CONSUME_CHECK_CONSUMER) timestamp=11153 ms, used_size=9166848 bytes (22.4%)
(RDMA_READ_CONSUME_CHECK_CONSUMER) timestamp=11153 ms, used_size=9164800 bytes (22.4%)
(RDMA_READ_CONSUME_CHECK_CONSUMER) timestamp=11153 ms, used_size=9162752 bytes (22.4%)
(RDMA_READ_CONSUME_CHECK_CONSUMER) timestamp=11153 ms, used_size=9160704 bytes (22.4%)
(RDMA_READ_CONSUME_CHECK_CONSUMER) timestamp=11153 ms, used_size=9158656 bytes (22.4%)
(RDMA_READ_CONSUME_CHECK_CONSUMER) timestamp=11153 ms, used_size=9156608 bytes (22.4%)
(RDMA_READ_CONSUME_CHECK_CONSUMER) timestamp=11153 ms, used_size=9154560 bytes (22.4%)
(RDMA_READ_CONSUME_CHECK_CONSUMER) timestamp=11153 ms, used_size=9152512 bytes (22.3%)
(RDMA_READ_CONSUME_CHECK_CONSUMER) timestamp=11153 ms, used_size=9150464 bytes (22.3%)
(RDMA_READ_CONSUME_CHECK_CONSUMER) timestamp=11153 ms, used_size=9148416 bytes (22.3%)
(RDMA_READ_CONSUME_CHECK_CONSUMER) timestamp=11153 ms, used_size=9146368 bytes (22.3%)
(RDMA_READ_CONSUME_CHECK_CONSUMER) timestamp=11153 ms, used_size=9144320 bytes (22.3%)
(RDMA_READ_CONSUME_CHECK_CONSUMER) timestamp=11153 ms, used_size=9142272 bytes (22.3%)
(RDMA_READ_CONSUME_CHECK_CONSUMER) timestamp=11153 ms, used_size=9140224 bytes (22.3%)
(RDMA_READ_CONSUME_CHECK_CONSUMER) timestamp=11153 ms, used_size=9138176 bytes (22.3%)
(RDMA_READ_CONSUME_CHECK_CONSUMER) timestamp=11153 ms, used_size=9136128 bytes (22.3%)
(RDMA_READ_CONSUME_CHECK_CONSUMER) timestamp=11153 ms, used_size=9134080 bytes (22.3%)
(RDMA_READ_CONSUME_CHECK_CONSUMER) timestamp=11153 ms, used_size=9132032 bytes (22.3%)
(RDMA_READ_CONSUME_CHECK_CONSUMER) timestamp=11153 ms, used_size=9129984 bytes (22.3%)
(RDMA_READ_CONSUME_CHECK_CONSUMER) timestamp=11153 ms, used_size=9127936 bytes (22.3%)
(RDMA_READ_CONSUME_CHECK_CONSUMER) timestamp=11153 ms, used_size=9125888 bytes (22.3%)
(RDMA_READ_CONSUME_CHECK_CONSUMER) timestamp=11153 ms, used_size=9123840 bytes (22.3%)
(RDMA_READ_CONSUME_CHECK_CONSUMER) timestamp=11153 ms, used_size=9121792 bytes (22.3%)
(RDMA_READ_CONSUME_CHECK_CONSUMER) timestamp=11153 ms, used_size=9119744 bytes (22.3%)
(RDMA_READ_CONSUME_CHECK_CONSUMER) timestamp=11153 ms, used_size=9117696 bytes (22.3%)
(RDMA_READ_CONSUME_CHECK_CONSUMER) timestamp=11153 ms, used_size=9115648 bytes (22.3%)
(RDMA_READ_CONSUME_CHECK_CONSUMER) timestamp=11153 ms, used_size=9113600 bytes (22.2%)
(RDMA_READ_CONSUME_CHECK_CONSUMER) timestamp=11153 ms, used_size=9111552 bytes (22.2%)
(RDMA_READ_CONSUME_CHECK_CONSUMER) timestamp=11153 ms, used_size=9109504 bytes (22.2%)
(RDMA_READ_CONSUME_CHECK_CONSUMER) timestamp=11153 ms, used_size=9107456 bytes (22.2%)
(RDMA_READ_CONSUME_CHECK_CONSUMER) timestamp=11153 ms, used_size=9105408 bytes (22.2%)
(RDMA_READ_CONSUME_CHECK_CONSUMER) timestamp=11153 ms, used_size=9103360 bytes (22.2%)
(RDMA_READ_CONSUME_CHECK_CONSUMER) timestamp=11153 ms, used_size=9101312 bytes (22.2%)
(RDMA_READ_CONSUME_CHECK_CONSUMER) timestamp=11153 ms, used_size=9099264 bytes (22.2%)
(RDMA_READ_CONSUME_CHECK_CONSUMER) timestamp=11153 ms, used_size=9097216 bytes (22.2%)
(RDMA_READ_CONSUME_CHECK_CONSUMER) timestamp=11153 ms, used_size=9095168 bytes (22.2%)
(RDMA_READ_CONSUME_CHECK_CONSUMER) timestamp=11153 ms, used_size=9093120 bytes (22.2%)
(RDMA_READ_CONSUME_CHECK_CONSUMER) timestamp=11153 ms, used_size=9091072 bytes (22.2%)
(RDMA_READ_CONSUME_CHECK_CONSUMER) timestamp=11153 ms, used_size=9089024 bytes (22.2%)
(RDMA_READ_CONSUME_CHECK_CONSUMER) timestamp=11153 ms, used_size=9086976 bytes (22.2%)
(RDMA_READ_CONSUME_CHECK_CONSUMER) timestamp=11153 ms, used_size=9084928 bytes (22.2%)
(RDMA_READ_CONSUME_CHECK_CONSUMER) timestamp=11153 ms, used_size=9082880 bytes (22.2%)
(RDMA_READ_CONSUME_CHECK_CONSUMER) timestamp=11153 ms, used_size=9080832 bytes (22.2%)
(RDMA_READ_CONSUME_CHECK_CONSUMER) timestamp=11153 ms, used_size=9078784 bytes (22.2%)
(RDMA_READ_CONSUME_CHECK_CONSUMER) timestamp=11153 ms, used_size=9076736 bytes (22.2%)
(RDMA_READ_CONSUME_CHECK_CONSUMER) timestamp=11153 ms, used_size=9074688 bytes (22.2%)
(RDMA_READ_CONSUME_CHECK_CONSUMER) timestamp=11153 ms, used_size=9072640 bytes (22.1%)
(RDMA_READ_CONSUME_CHECK_CONSUMER) timestamp=11153 ms, used_size=9070592 bytes (22.1%)
(RDMA_READ_CONSUME_CHECK_CONSUMER) timestamp=11153 ms, used_size=9068544 bytes (22.1%)
(RDMA_READ_CONSUME_CHECK_CONSUMER) timestamp=11153 ms, used_size=9066496 bytes (22.1%)
(RDMA_READ_CONSUME_CHECK_CONSUMER) timestamp=11153 ms, used_size=9064448 bytes (22.1%)
(RDMA_READ_CONSUME_CHECK_CONSUMER) timestamp=11153 ms, used_size=9062400 bytes (22.1%)
(RDMA_READ_CONSUME_CHECK_CONSUMER) timestamp=11153 ms, used_size=9060352 bytes (22.1%)
(RDMA_READ_CONSUME_CHECK_CONSUMER) timestamp=11153 ms, used_size=9058304 bytes (22.1%)
(RDMA_READ_CONSUME_CHECK_CONSUMER) timestamp=11153 ms, used_size=9056256 bytes (22.1%)
(RDMA_READ_CONSUME_CHECK_CONSUMER) timestamp=11153 ms, used_size=9054208 bytes (22.1%)
(RDMA_READ_CONSUME_CHECK_CONSUMER) timestamp=11153 ms, used_size=9052160 bytes (22.1%)
(RDMA_READ_CONSUME_CHECK_CONSUMER) timestamp=11153 ms, used_size=9050112 bytes (22.1%)
(RDMA_READ_CONSUME_CHECK_CONSUMER) timestamp=11153 ms, used_size=9048064 bytes (22.1%)
(RDMA_READ_CONSUME_CHECK_CONSUMER) timestamp=11153 ms, used_size=9046016 bytes (22.1%)
(RDMA_READ_CONSUME_CHECK_CONSUMER) timestamp=11153 ms, used_size=9043968 bytes (22.1%)
(RDMA_READ_CONSUME_CHECK_CONSUMER) timestamp=11153 ms, used_size=9041920 bytes (22.1%)
(RDMA_READ_CONSUME_CHECK_CONSUMER) timestamp=11153 ms, used_size=9039872 bytes (22.1%)
(RDMA_READ_CONSUME_CHECK_CONSUMER) timestamp=11153 ms, used_size=9037824 bytes (22.1%)
(RDMA_READ_CONSUME_CHECK_CONSUMER) timestamp=11153 ms, used_size=9035776 bytes (22.1%)
(RDMA_READ_CONSUME_CHECK_CONSUMER) timestamp=11153 ms, used_size=9033728 bytes (22.1%)
(RDMA_READ_CONSUME_CHECK_CONSUMER) timestamp=11153 ms, used_size=9031680 bytes (22.1%)
(RDMA_READ_CONSUME_CHECK_CONSUMER) timestamp=11153 ms, used_size=9029632 bytes (22.0%)
(RDMA_READ_CONSUME_CHECK_CONSUMER) timestamp=11153 ms, used_size=9027584 bytes (22.0%)
(RDMA_READ_CONSUME_CHECK_CONSUMER) timestamp=11153 ms, used_size=9025536 bytes (22.0%)
(RDMA_READ_CONSUME_CHECK_CONSUMER) timestamp=11153 ms, used_size=9023488 bytes (22.0%)
(RDMA_READ_CONSUME_CHECK_CONSUMER) timestamp=11153 ms, used_size=9021440 bytes (22.0%)
(RDMA_READ_CONSUME_CHECK_CONSUMER) timestamp=11153 ms, used_size=9019392 bytes (22.0%)
(RDMA_READ_CONSUME_CHECK_CONSUMER) timestamp=11153 ms, used_size=9017344 bytes (22.0%)
(RDMA_READ_CONSUME_CHECK_CONSUMER) timestamp=11153 ms, used_size=9015296 bytes (22.0%)
(RDMA_READ_CONSUME_CHECK_CONSUMER) timestamp=11153 ms, used_size=9013248 bytes (22.0%)
(RDMA_READ_CONSUME_CHECK_CONSUMER) timestamp=11153 ms, used_size=9011200 bytes (22.0%)
(RDMA_READ_CONSUME_CHECK_CONSUMER) timestamp=11153 ms, used_size=9009152 bytes (22.0%)
(RDMA_READ_CONSUME_CHECK_CONSUMER) timestamp=11153 ms, used_size=9007104 bytes (22.0%)
(RDMA_READ_CONSUME_CHECK_CONSUMER) timestamp=11153 ms, used_size=9005056 bytes (22.0%)
(RDMA_READ_CONSUME_CHECK_CONSUMER) timestamp=11153 ms, used_size=9003008 bytes (22.0%)
(RDMA_READ_CONSUME_CHECK_CONSUMER) timestamp=11153 ms, used_size=9000960 bytes (22.0%)
(RDMA_READ_CONSUME_CHECK_CONSUMER) timestamp=11153 ms, used_size=8998912 bytes (22.0%)
(RDMA_READ_CONSUME_CHECK_CONSUMER) timestamp=11153 ms, used_size=8996864 bytes (22.0%)
(RDMA_READ_CONSUME_CHECK_CONSUMER) timestamp=11153 ms, used_size=8994816 bytes (22.0%)
(RDMA_READ_CONSUME_CHECK_CONSUMER) timestamp=11153 ms, used_size=8992768 bytes (22.0%)
(RDMA_READ_CONSUME_CHECK_CONSUMER) timestamp=11153 ms, used_size=8990720 bytes (21.9%)
(RDMA_READ_CONSUME_CHECK_CONSUMER) timestamp=11153 ms, used_size=8988672 bytes (21.9%)
(RDMA_READ_CONSUME_CHECK_CONSUMER) timestamp=11153 ms, used_size=8986624 bytes (21.9%)
(RDMA_READ_CONSUME_CHECK_CONSUMER) timestamp=11153 ms, used_size=8984576 bytes (21.9%)
(RDMA_READ_CONSUME_CHECK_CONSUMER) timestamp=11153 ms, used_size=8982528 bytes (21.9%)
(RDMA_READ_CONSUME_CHECK_CONSUMER) timestamp=11153 ms, used_size=8980480 bytes (21.9%)
(RDMA_READ_CONSUME_CHECK_CONSUMER) timestamp=11153 ms, used_size=8978432 bytes (21.9%)
(RDMA_READ_CONSUME_CHECK_CONSUMER) timestamp=11153 ms, used_size=8976384 bytes (21.9%)
(RDMA_READ_CONSUME_CHECK_CONSUMER) timestamp=11153 ms, used_size=8974336 bytes (21.9%)
(RDMA_READ_CONSUME_CHECK_CONSUMER) timestamp=11153 ms, used_size=8972288 bytes (21.9%)
(RDMA_READ_CONSUME_CHECK_CONSUMER) timestamp=11153 ms, used_size=8970240 bytes (21.9%)
(RDMA_READ_CONSUME_CHECK_CONSUMER) timestamp=11153 ms, used_size=8968192 bytes (21.9%)
(RDMA_READ_CONSUME_CHECK_CONSUMER) timestamp=11153 ms, used_size=8966144 bytes (21.9%)
(RDMA_READ_CONSUME_CHECK_CONSUMER) timestamp=11153 ms, used_size=8964096 bytes (21.9%)
(RDMA_READ_CONSUME_CHECK_CONSUMER) timestamp=11153 ms, used_size=8962048 bytes (21.9%)
(RDMA_READ_CONSUME_CHECK_CONSUMER) timestamp=11153 ms, used_size=8960000 bytes (21.9%)
(RDMA_READ_CONSUME_CHECK_CONSUMER) timestamp=11153 ms, used_size=8957952 bytes (21.9%)
(RDMA_READ_CONSUME_CHECK_CONSUMER) timestamp=11153 ms, used_size=8955904 bytes (21.9%)
(RDMA_READ_CONSUME_CHECK_CONSUMER) timestamp=11153 ms, used_size=8953856 bytes (21.9%)
(RDMA_READ_CONSUME_CHECK_CONSUMER) timestamp=11153 ms, used_size=8951808 bytes (21.9%)
(RDMA_READ_CONSUME_CHECK_CONSUMER) timestamp=11153 ms, used_size=8949760 bytes (21.9%)
(RDMA_READ_CONSUME_CHECK_CONSUMER) timestamp=11153 ms, used_size=8947712 bytes (21.8%)
(RDMA_READ_CONSUME_CHECK_CONSUMER) timestamp=11153 ms, used_size=8945664 bytes (21.8%)
(RDMA_READ_CONSUME_CHECK_CONSUMER) timestamp=11153 ms, used_size=8943616 bytes (21.8%)
(RDMA_READ_CONSUME_CHECK_CONSUMER) timestamp=11153 ms, used_size=8941568 bytes (21.8%)
(RDMA_READ_CONSUME_CHECK_CONSUMER) timestamp=11153 ms, used_size=8939520 bytes (21.8%)
(RDMA_READ_CONSUME_CHECK_CONSUMER) timestamp=11153 ms, used_size=8937472 bytes (21.8%)
(RDMA_READ_CONSUME_CHECK_CONSUMER) timestamp=11153 ms, used_size=8935424 bytes (21.8%)
(RDMA_READ_CONSUME_CHECK_CONSUMER) timestamp=11153 ms, used_size=8933376 bytes (21.8%)
(RDMA_READ_CONSUME_CHECK_CONSUMER) timestamp=11153 ms, used_size=8931328 bytes (21.8%)
(RDMA_READ_CONSUME_CHECK_CONSUMER) timestamp=11153 ms, used_size=8929280 bytes (21.8%)
(RDMA_READ_CONSUME_CHECK_CONSUMER) timestamp=11153 ms, used_size=8927232 bytes (21.8%)
(RDMA_READ_CONSUME_CHECK_CONSUMER) timestamp=11153 ms, used_size=8925184 bytes (21.8%)
(RDMA_READ_CONSUME_CHECK_CONSUMER) timestamp=11153 ms, used_size=8923136 bytes (21.8%)
(RDMA_READ_CONSUME_CHECK_CONSUMER) timestamp=11153 ms, used_size=8921088 bytes (21.8%)
(RDMA_READ_CONSUME_CHECK_CONSUMER) timestamp=11153 ms, used_size=8919040 bytes (21.8%)
(RDMA_READ_CONSUME_CHECK_CONSUMER) timestamp=11153 ms, used_size=8916992 bytes (21.8%)
(RDMA_READ_CONSUME_CHECK_CONSUMER) timestamp=11153 ms, used_size=8914944 bytes (21.8%)
(RDMA_READ_CONSUME_CHECK_CONSUMER) timestamp=11153 ms, used_size=8912896 bytes (21.8%)
(RDMA_READ_CONSUME_CHECK_CONSUMER) timestamp=11153 ms, used_size=8910848 bytes (21.8%)
(RDMA_READ_CONSUME_CHECK_CONSUMER) timestamp=11153 ms, used_size=8908800 bytes (21.8%)
(RDMA_READ_CONSUME_CHECK_CONSUMER) timestamp=11153 ms, used_size=8906752 bytes (21.7%)
(RDMA_READ_CONSUME_CHECK_CONSUMER) timestamp=11153 ms, used_size=8904704 bytes (21.7%)
(RDMA_READ_CONSUME_CHECK_CONSUMER) timestamp=11153 ms, used_size=8902656 bytes (21.7%)
(RDMA_READ_CONSUME_CHECK_CONSUMER) timestamp=11153 ms, used_size=8900608 bytes (21.7%)
(RDMA_READ_CONSUME_CHECK_CONSUMER) timestamp=11153 ms, used_size=8898560 bytes (21.7%)
(RDMA_READ_CONSUME_CHECK_CONSUMER) timestamp=11153 ms, used_size=8896512 bytes (21.7%)
(RDMA_READ_CONSUME_CHECK_CONSUMER) timestamp=11153 ms, used_size=8894464 bytes (21.7%)
(RDMA_READ_CONSUME_CHECK_CONSUMER) timestamp=11153 ms, used_size=8892416 bytes (21.7%)
(RDMA_READ_CONSUME_CHECK_CONSUMER) timestamp=11153 ms, used_size=8890368 bytes (21.7%)
(RDMA_READ_CONSUME_CHECK_CONSUMER) timestamp=11153 ms, used_size=8888320 bytes (21.7%)
(RDMA_READ_CONSUME_CHECK_CONSUMER) timestamp=11153 ms, used_size=8886272 bytes (21.7%)
(RDMA_READ_CONSUME_CHECK_CONSUMER) timestamp=11153 ms, used_size=8884224 bytes (21.7%)
(RDMA_READ_CONSUME_CHECK_CONSUMER) timestamp=11153 ms, used_size=8882176 bytes (21.7%)
(RDMA_READ_CONSUME_CHECK_CONSUMER) timestamp=11153 ms, used_size=8880128 bytes (21.7%)
(RDMA_READ_CONSUME_CHECK_CONSUMER) timestamp=11153 ms, used_size=8878080 bytes (21.7%)
(RDMA_READ_CONSUME_CHECK_CONSUMER) timestamp=11153 ms, used_size=8876032 bytes (21.7%)
(RDMA_READ_CONSUME_CHECK_CONSUMER) timestamp=11153 ms, used_size=8873984 bytes (21.7%)
(RDMA_READ_CONSUME_CHECK_CONSUMER) timestamp=11153 ms, used_size=8871936 bytes (21.7%)
(RDMA_READ_CONSUME_CHECK_CONSUMER) timestamp=11153 ms, used_size=8869888 bytes (21.7%)
(RDMA_READ_CONSUME_CHECK_CONSUMER) timestamp=11153 ms, used_size=8867840 bytes (21.6%)
(RDMA_READ_CONSUME_CHECK_CONSUMER) timestamp=11153 ms, used_size=8865792 bytes (21.6%)
(RDMA_READ_CONSUME_CHECK_CONSUMER) timestamp=11153 ms, used_size=8863744 bytes (21.6%)
(RDMA_READ_CONSUME_CHECK_CONSUMER) timestamp=11153 ms, used_size=8861696 bytes (21.6%)
(RDMA_READ_CONSUME_CHECK_CONSUMER) timestamp=11153 ms, used_size=8859648 bytes (21.6%)
(RDMA_READ_CONSUME_CHECK_CONSUMER) timestamp=11153 ms, used_size=8857600 bytes (21.6%)
(RDMA_READ_CONSUME_CHECK_CONSUMER) timestamp=11153 ms, used_size=8855552 bytes (21.6%)
(RDMA_READ_CONSUME_CHECK_CONSUMER) timestamp=11153 ms, used_size=8853504 bytes (21.6%)
(RDMA_READ_CONSUME_CHECK_CONSUMER) timestamp=11153 ms, used_size=8851456 bytes (21.6%)
(RDMA_READ_CONSUME_CHECK_CONSUMER) timestamp=11153 ms, used_size=8849408 bytes (21.6%)
(RDMA_READ_CONSUME_CHECK_CONSUMER) timestamp=11153 ms, used_size=8847360 bytes (21.6%)
(RDMA_READ_CONSUME_CHECK_CONSUMER) timestamp=11153 ms, used_size=8845312 bytes (21.6%)
(RDMA_READ_CONSUME_CHECK_CONSUMER) timestamp=11153 ms, used_size=8843264 bytes (21.6%)
(RDMA_READ_CONSUME_CHECK_CONSUMER) timestamp=11153 ms, used_size=8841216 bytes (21.6%)
(RDMA_READ_CONSUME_CHECK_CONSUMER) timestamp=11154 ms, used_size=8839168 bytes (21.6%)
(RDMA_READ_CONSUME_CHECK_CONSUMER) timestamp=11154 ms, used_size=8837120 bytes (21.6%)
(RDMA_READ_CONSUME_CHECK_CONSUMER) timestamp=11154 ms, used_size=8835072 bytes (21.6%)
(RDMA_READ_CONSUME_CHECK_CONSUMER) timestamp=11154 ms, used_size=8833024 bytes (21.6%)
(RDMA_READ_CONSUME_CHECK_CONSUMER) timestamp=11154 ms, used_size=8830976 bytes (21.6%)
(RDMA_READ_CONSUME_CHECK_CONSUMER) timestamp=11154 ms, used_size=8828928 bytes (21.6%)
(RDMA_READ_CONSUME_CHECK_CONSUMER) timestamp=11154 ms, used_size=8826880 bytes (21.6%)
(RDMA_READ_CONSUME_CHECK_CONSUMER) timestamp=11154 ms, used_size=8824832 bytes (21.5%)
(RDMA_READ_CONSUME_CHECK_CONSUMER) timestamp=11154 ms, used_size=8822784 bytes (21.5%)
(RDMA_READ_CONSUME_CHECK_CONSUMER) timestamp=11154 ms, used_size=8820736 bytes (21.5%)
(RDMA_READ_CONSUME_CHECK_CONSUMER) timestamp=11154 ms, used_size=8818688 bytes (21.5%)
(RDMA_READ_CONSUME_CHECK_CONSUMER) timestamp=11154 ms, used_size=8816640 bytes (21.5%)
(RDMA_READ_CONSUME_CHECK_CONSUMER) timestamp=11154 ms, used_size=8814592 bytes (21.5%)
(RDMA_READ_CONSUME_CHECK_CONSUMER) timestamp=11154 ms, used_size=8812544 bytes (21.5%)
(RDMA_READ_CONSUME_CHECK_CONSUMER) timestamp=11154 ms, used_size=8810496 bytes (21.5%)
(RDMA_READ_CONSUME_CHECK_CONSUMER) timestamp=11154 ms, used_size=8808448 bytes (21.5%)
(RDMA_READ_CONSUME_CHECK_CONSUMER) timestamp=11154 ms, used_size=8806400 bytes (21.5%)
(RDMA_READ_CONSUME_CHECK_CONSUMER) timestamp=11154 ms, used_size=8804352 bytes (21.5%)
(RDMA_READ_CONSUME_CHECK_CONSUMER) timestamp=11154 ms, used_size=8802304 bytes (21.5%)
(RDMA_READ_CONSUME_CHECK_CONSUMER) timestamp=11154 ms, used_size=8800256 bytes (21.5%)
(RDMA_READ_CONSUME_CHECK_CONSUMER) timestamp=11154 ms, used_size=8798208 bytes (21.5%)
(RDMA_READ_CONSUME_CHECK_CONSUMER) timestamp=11154 ms, used_size=8796160 bytes (21.5%)
(RDMA_READ_CONSUME_CHECK_CONSUMER) timestamp=11154 ms, used_size=8794112 bytes (21.5%)
(RDMA_READ_CONSUME_CHECK_CONSUMER) timestamp=11154 ms, used_size=8792064 bytes (21.5%)
(RDMA_READ_CONSUME_CHECK_CONSUMER) timestamp=11154 ms, used_size=8790016 bytes (21.5%)
(RDMA_READ_CONSUME_CHECK_CONSUMER) timestamp=11154 ms, used_size=8787968 bytes (21.5%)
(RDMA_READ_CONSUME_CHECK_CONSUMER) timestamp=11154 ms, used_size=8785920 bytes (21.4%)
(RDMA_READ_CONSUME_CHECK_CONSUMER) timestamp=11154 ms, used_size=8783872 bytes (21.4%)
(RDMA_READ_CONSUME_CHECK_CONSUMER) timestamp=11154 ms, used_size=8781824 bytes (21.4%)
(RDMA_READ_CONSUME_CHECK_CONSUMER) timestamp=11154 ms, used_size=8779776 bytes (21.4%)
(RDMA_READ_CONSUME_CHECK_CONSUMER) timestamp=11154 ms, used_size=8777728 bytes (21.4%)
(RDMA_READ_CONSUME_CHECK_CONSUMER) timestamp=11154 ms, used_size=8775680 bytes (21.4%)
(RDMA_READ_CONSUME_CHECK_CONSUMER) timestamp=11154 ms, used_size=8773632 bytes (21.4%)
(RDMA_READ_CONSUME_CHECK_CONSUMER) timestamp=11154 ms, used_size=8771584 bytes (21.4%)
(RDMA_READ_CONSUME_CHECK_CONSUMER) timestamp=11154 ms, used_size=8769536 bytes (21.4%)
(RDMA_READ_CONSUME_CHECK_CONSUMER) timestamp=11154 ms, used_size=8767488 bytes (21.4%)
(RDMA_READ_CONSUME_CHECK_CONSUMER) timestamp=11154 ms, used_size=8765440 bytes (21.4%)
(RDMA_READ_CONSUME_CHECK_CONSUMER) timestamp=11154 ms, used_size=8763392 bytes (21.4%)
(RDMA_READ_CONSUME_CHECK_CONSUMER) timestamp=11154 ms, used_size=8761344 bytes (21.4%)
(RDMA_READ_CONSUME_CHECK_CONSUMER) timestamp=11154 ms, used_size=8759296 bytes (21.4%)
(RDMA_READ_CONSUME_CHECK_CONSUMER) timestamp=11154 ms, used_size=8757248 bytes (21.4%)
(RDMA_READ_CONSUME_CHECK_CONSUMER) timestamp=11154 ms, used_size=8755200 bytes (21.4%)
(RDMA_READ_CONSUME_CHECK_CONSUMER) timestamp=11154 ms, used_size=8753152 bytes (21.4%)
(RDMA_READ_CONSUME_CHECK_CONSUMER) timestamp=11154 ms, used_size=8751104 bytes (21.4%)
(RDMA_READ_CONSUME_CHECK_CONSUMER) timestamp=11154 ms, used_size=8749056 bytes (21.4%)
(RDMA_READ_CONSUME_CHECK_CONSUMER) timestamp=11154 ms, used_size=8747008 bytes (21.4%)
(RDMA_READ_CONSUME_CHECK_CONSUMER) timestamp=11154 ms, used_size=8744960 bytes (21.4%)
(RDMA_READ_CONSUME_CHECK_CONSUMER) timestamp=11154 ms, used_size=8742912 bytes (21.3%)
(RDMA_READ_CONSUME_CHECK_CONSUMER) timestamp=11154 ms, used_size=8740864 bytes (21.3%)
(RDMA_READ_CONSUME_CHECK_CONSUMER) timestamp=11154 ms, used_size=8738816 bytes (21.3%)
(RDMA_READ_CONSUME_CHECK_CONSUMER) timestamp=11154 ms, used_size=8736768 bytes (21.3%)
(RDMA_READ_CONSUME_CHECK_CONSUMER) timestamp=11154 ms, used_size=8734720 bytes (21.3%)
(RDMA_READ_CONSUME_CHECK_CONSUMER) timestamp=11154 ms, used_size=8732672 bytes (21.3%)
(RDMA_READ_CONSUME_CHECK_CONSUMER) timestamp=11154 ms, used_size=8730624 bytes (21.3%)
(RDMA_READ_CONSUME_CHECK_CONSUMER) timestamp=11154 ms, used_size=8728576 bytes (21.3%)
(RDMA_READ_CONSUME_CHECK_CONSUMER) timestamp=11154 ms, used_size=8726528 bytes (21.3%)
(RDMA_READ_CONSUME_CHECK_CONSUMER) timestamp=11154 ms, used_size=8724480 bytes (21.3%)
(RDMA_READ_CONSUME_CHECK_CONSUMER) timestamp=11154 ms, used_size=8722432 bytes (21.3%)
(RDMA_READ_CONSUME_CHECK_CONSUMER) timestamp=11154 ms, used_size=8720384 bytes (21.3%)
(RDMA_READ_CONSUME_CHECK_CONSUMER) timestamp=11154 ms, used_size=8718336 bytes (21.3%)
(RDMA_READ_CONSUME_CHECK_CONSUMER) timestamp=11154 ms, used_size=8716288 bytes (21.3%)
(RDMA_READ_CONSUME_CHECK_CONSUMER) timestamp=11154 ms, used_size=8714240 bytes (21.3%)
(RDMA_READ_CONSUME_CHECK_CONSUMER) timestamp=11154 ms, used_size=8712192 bytes (21.3%)
(RDMA_READ_CONSUME_CHECK_CONSUMER) timestamp=11154 ms, used_size=8710144 bytes (21.3%)
(RDMA_READ_CONSUME_CHECK_CONSUMER) timestamp=11154 ms, used_size=8708096 bytes (21.3%)
(RDMA_READ_CONSUME_CHECK_CONSUMER) timestamp=11154 ms, used_size=8706048 bytes (21.3%)
(RDMA_READ_CONSUME_CHECK_CONSUMER) timestamp=11154 ms, used_size=8704000 bytes (21.2%)
(RDMA_READ_CONSUME_CHECK_CONSUMER) timestamp=11154 ms, used_size=8701952 bytes (21.2%)
(RDMA_READ_CONSUME_CHECK_CONSUMER) timestamp=11154 ms, used_size=8699904 bytes (21.2%)
(RDMA_READ_CONSUME_CHECK_CONSUMER) timestamp=11154 ms, used_size=8697856 bytes (21.2%)
(RDMA_READ_CONSUME_CHECK_CONSUMER) timestamp=11154 ms, used_size=8695808 bytes (21.2%)
(RDMA_READ_CONSUME_CHECK_CONSUMER) timestamp=11154 ms, used_size=8693760 bytes (21.2%)
(RDMA_READ_CONSUME_CHECK_CONSUMER) timestamp=11154 ms, used_size=8691712 bytes (21.2%)
(RDMA_READ_CONSUME_CHECK_CONSUMER) timestamp=11154 ms, used_size=8689664 bytes (21.2%)
(RDMA_READ_CONSUME_CHECK_CONSUMER) timestamp=11154 ms, used_size=8687616 bytes (21.2%)
(RDMA_READ_CONSUME_CHECK_CONSUMER) timestamp=11154 ms, used_size=8685568 bytes (21.2%)
(RDMA_READ_CONSUME_CHECK_CONSUMER) timestamp=11154 ms, used_size=8683520 bytes (21.2%)
(RDMA_READ_CONSUME_CHECK_CONSUMER) timestamp=11154 ms, used_size=8681472 bytes (21.2%)
(RDMA_READ_CONSUME_CHECK_CONSUMER) timestamp=11154 ms, used_size=8679424 bytes (21.2%)
(RDMA_READ_CONSUME_CHECK_CONSUMER) timestamp=11154 ms, used_size=8677376 bytes (21.2%)
(RDMA_READ_CONSUME_CHECK_CONSUMER) timestamp=11154 ms, used_size=8675328 bytes (21.2%)
(RDMA_READ_CONSUME_CHECK_CONSUMER) timestamp=11154 ms, used_size=8673280 bytes (21.2%)
(RDMA_READ_CONSUME_CHECK_CONSUMER) timestamp=11154 ms, used_size=8671232 bytes (21.2%)
(RDMA_READ_CONSUME_CHECK_CONSUMER) timestamp=11154 ms, used_size=8669184 bytes (21.2%)
(RDMA_READ_CONSUME_CHECK_CONSUMER) timestamp=11154 ms, used_size=8667136 bytes (21.2%)
(RDMA_READ_CONSUME_CHECK_CONSUMER) timestamp=11154 ms, used_size=8665088 bytes (21.2%)
(RDMA_READ_CONSUME_CHECK_CONSUMER) timestamp=11154 ms, used_size=8663040 bytes (21.1%)
(RDMA_READ_CONSUME_CHECK_CONSUMER) timestamp=11154 ms, used_size=8660992 bytes (21.1%)
(RDMA_READ_CONSUME_CHECK_CONSUMER) timestamp=11154 ms, used_size=8658944 bytes (21.1%)
(RDMA_READ_CONSUME_CHECK_CONSUMER) timestamp=11154 ms, used_size=8656896 bytes (21.1%)
(RDMA_READ_CONSUME_CHECK_CONSUMER) timestamp=11154 ms, used_size=8654848 bytes (21.1%)
(RDMA_READ_CONSUME_CHECK_CONSUMER) timestamp=11154 ms, used_size=8652800 bytes (21.1%)
(RDMA_READ_CONSUME_CHECK_CONSUMER) timestamp=11154 ms, used_size=8650752 bytes (21.1%)
(RDMA_READ_CONSUME_CHECK_CONSUMER) timestamp=11154 ms, used_size=8648704 bytes (21.1%)
(RDMA_READ_CONSUME_CHECK_CONSUMER) timestamp=11154 ms, used_size=8646656 bytes (21.1%)
(RDMA_READ_CONSUME_CHECK_CONSUMER) timestamp=11154 ms, used_size=8644608 bytes (21.1%)
(RDMA_READ_CONSUME_CHECK_CONSUMER) timestamp=11154 ms, used_size=8642560 bytes (21.1%)
(RDMA_READ_CONSUME_CHECK_CONSUMER) timestamp=11154 ms, used_size=8640512 bytes (21.1%)
(RDMA_READ_CONSUME_CHECK_CONSUMER) timestamp=11154 ms, used_size=8638464 bytes (21.1%)
(RDMA_READ_CONSUME_CHECK_CONSUMER) timestamp=11154 ms, used_size=8636416 bytes (21.1%)
(RDMA_READ_CONSUME_CHECK_CONSUMER) timestamp=11154 ms, used_size=8634368 bytes (21.1%)
(RDMA_READ_CONSUME_CHECK_CONSUMER) timestamp=11154 ms, used_size=8632320 bytes (21.1%)
(RDMA_READ_CONSUME_CHECK_CONSUMER) timestamp=11154 ms, used_size=8630272 bytes (21.1%)
(RDMA_READ_CONSUME_CHECK_CONSUMER) timestamp=11154 ms, used_size=8628224 bytes (21.1%)
(RDMA_READ_CONSUME_CHECK_CONSUMER) timestamp=11154 ms, used_size=8626176 bytes (21.1%)
(RDMA_READ_CONSUME_CHECK_CONSUMER) timestamp=11154 ms, used_size=8624128 bytes (21.1%)
(RDMA_READ_CONSUME_CHECK_CONSUMER) timestamp=11154 ms, used_size=8622080 bytes (21.1%)
(RDMA_READ_CONSUME_CHECK_CONSUMER) timestamp=11154 ms, used_size=8620032 bytes (21.0%)
(RDMA_READ_CONSUME_CHECK_CONSUMER) timestamp=11154 ms, used_size=8617984 bytes (21.0%)
(RDMA_READ_CONSUME_CHECK_CONSUMER) timestamp=11154 ms, used_size=8615936 bytes (21.0%)
(RDMA_READ_CONSUME_CHECK_CONSUMER) timestamp=11154 ms, used_size=8613888 bytes (21.0%)
(RDMA_READ_CONSUME_CHECK_CONSUMER) timestamp=11154 ms, used_size=8611840 bytes (21.0%)
(RDMA_READ_CONSUME_CHECK_CONSUMER) timestamp=11154 ms, used_size=8609792 bytes (21.0%)
(RDMA_READ_CONSUME_CHECK_CONSUMER) timestamp=11154 ms, used_size=8607744 bytes (21.0%)
(RDMA_READ_CONSUME_CHECK_CONSUMER) timestamp=11154 ms, used_size=8605696 bytes (21.0%)
(RDMA_READ_CONSUME_CHECK_CONSUMER) timestamp=11154 ms, used_size=8603648 bytes (21.0%)
(RDMA_READ_CONSUME_CHECK_CONSUMER) timestamp=11154 ms, used_size=8601600 bytes (21.0%)
(RDMA_READ_CONSUME_CHECK_CONSUMER) timestamp=11154 ms, used_size=8599552 bytes (21.0%)
(RDMA_READ_CONSUME_CHECK_CONSUMER) timestamp=11154 ms, used_size=8597504 bytes (21.0%)
(RDMA_READ_CONSUME_CHECK_CONSUMER) timestamp=11154 ms, used_size=8595456 bytes (21.0%)
(RDMA_READ_CONSUME_CHECK_CONSUMER) timestamp=11154 ms, used_size=8593408 bytes (21.0%)
(RDMA_READ_CONSUME_CHECK_CONSUMER) timestamp=11154 ms, used_size=8591360 bytes (21.0%)
(RDMA_READ_CONSUME_CHECK_CONSUMER) timestamp=11154 ms, used_size=8589312 bytes (21.0%)
(RDMA_READ_CONSUME_CHECK_CONSUMER) timestamp=11154 ms, used_size=8587264 bytes (21.0%)
(RDMA_READ_CONSUME_CHECK_CONSUMER) timestamp=11154 ms, used_size=8585216 bytes (21.0%)
(RDMA_READ_CONSUME_CHECK_CONSUMER) timestamp=11154 ms, used_size=8583168 bytes (21.0%)
(RDMA_READ_CONSUME_CHECK_CONSUMER) timestamp=11154 ms, used_size=8581120 bytes (20.9%)
(RDMA_READ_CONSUME_CHECK_CONSUMER) timestamp=11154 ms, used_size=8579072 bytes (20.9%)
(RDMA_READ_CONSUME_CHECK_CONSUMER) timestamp=11154 ms, used_size=8577024 bytes (20.9%)
(RDMA_READ_CONSUME_CHECK_CONSUMER) timestamp=11154 ms, used_size=8574976 bytes (20.9%)
(RDMA_READ_CONSUME_CHECK_CONSUMER) timestamp=11154 ms, used_size=8572928 bytes (20.9%)
(RDMA_READ_CONSUME_CHECK_CONSUMER) timestamp=11154 ms, used_size=8570880 bytes (20.9%)
(RDMA_READ_CONSUME_CHECK_CONSUMER) timestamp=11154 ms, used_size=8568832 bytes (20.9%)
(RDMA_READ_CONSUME_CHECK_CONSUMER) timestamp=11154 ms, used_size=8566784 bytes (20.9%)
(RDMA_READ_CONSUME_CHECK_CONSUMER) timestamp=11154 ms, used_size=8564736 bytes (20.9%)
(RDMA_READ_CONSUME_CHECK_CONSUMER) timestamp=11154 ms, used_size=8562688 bytes (20.9%)
(RDMA_READ_CONSUME_CHECK_CONSUMER) timestamp=11154 ms, used_size=8560640 bytes (20.9%)
(RDMA_READ_CONSUME_CHECK_CONSUMER) timestamp=11154 ms, used_size=8558592 bytes (20.9%)
(RDMA_READ_CONSUME_CHECK_CONSUMER) timestamp=11154 ms, used_size=8556544 bytes (20.9%)
(RDMA_READ_CONSUME_CHECK_CONSUMER) timestamp=11154 ms, used_size=8554496 bytes (20.9%)
(RDMA_READ_CONSUME_CHECK_CONSUMER) timestamp=11154 ms, used_size=8552448 bytes (20.9%)
(RDMA_READ_CONSUME_CHECK_CONSUMER) timestamp=11154 ms, used_size=8550400 bytes (20.9%)
(RDMA_READ_CONSUME_CHECK_CONSUMER) timestamp=11154 ms, used_size=8548352 bytes (20.9%)
(RDMA_READ_CONSUME_CHECK_CONSUMER) timestamp=11154 ms, used_size=8546304 bytes (20.9%)
(RDMA_READ_CONSUME_CHECK_CONSUMER) timestamp=11154 ms, used_size=8544256 bytes (20.9%)
(RDMA_READ_CONSUME_CHECK_CONSUMER) timestamp=11154 ms, used_size=8542208 bytes (20.9%)
(RDMA_READ_CONSUME_CHECK_CONSUMER) timestamp=11154 ms, used_size=8540160 bytes (20.9%)
(RDMA_READ_CONSUME_CHECK_CONSUMER) timestamp=11154 ms, used_size=8538112 bytes (20.8%)
(RDMA_READ_CONSUME_CHECK_CONSUMER) timestamp=11154 ms, used_size=8536064 bytes (20.8%)
(RDMA_READ_CONSUME_CHECK_CONSUMER) timestamp=11154 ms, used_size=8534016 bytes (20.8%)
(RDMA_READ_CONSUME_CHECK_CONSUMER) timestamp=11154 ms, used_size=8531968 bytes (20.8%)
(RDMA_READ_CONSUME_CHECK_CONSUMER) timestamp=11154 ms, used_size=8529920 bytes (20.8%)
(RDMA_READ_CONSUME_CHECK_CONSUMER) timestamp=11154 ms, used_size=8527872 bytes (20.8%)
(RDMA_READ_CONSUME_CHECK_CONSUMER) timestamp=11154 ms, used_size=8525824 bytes (20.8%)
(RDMA_READ_CONSUME_CHECK_CONSUMER) timestamp=11154 ms, used_size=8523776 bytes (20.8%)
(RDMA_READ_CONSUME_CHECK_CONSUMER) timestamp=11154 ms, used_size=8521728 bytes (20.8%)
(RDMA_READ_CONSUME_CHECK_CONSUMER) timestamp=11154 ms, used_size=8519680 bytes (20.8%)
(RDMA_READ_CONSUME_CHECK_CONSUMER) timestamp=11154 ms, used_size=8517632 bytes (20.8%)
(RDMA_READ_CONSUME_CHECK_CONSUMER) timestamp=11154 ms, used_size=8515584 bytes (20.8%)
(RDMA_READ_CONSUME_CHECK_CONSUMER) timestamp=11154 ms, used_size=8513536 bytes (20.8%)
(RDMA_READ_CONSUME_CHECK_CONSUMER) timestamp=11154 ms, used_size=8511488 bytes (20.8%)
(RDMA_READ_CONSUME_CHECK_CONSUMER) timestamp=11154 ms, used_size=8509440 bytes (20.8%)
(RDMA_READ_CONSUME_CHECK_CONSUMER) timestamp=11154 ms, used_size=8507392 bytes (20.8%)
(RDMA_READ_CONSUME_CHECK_CONSUMER) timestamp=11154 ms, used_size=8505344 bytes (20.8%)
(RDMA_READ_CONSUME_CHECK_CONSUMER) timestamp=11154 ms, used_size=8503296 bytes (20.8%)
(RDMA_READ_CONSUME_CHECK_CONSUMER) timestamp=11154 ms, used_size=8501248 bytes (20.8%)
(RDMA_READ_CONSUME_CHECK_CONSUMER) timestamp=11154 ms, used_size=8499200 bytes (20.8%)
(RDMA_READ_CONSUME_CHECK_CONSUMER) timestamp=11154 ms, used_size=8497152 bytes (20.7%)
(RDMA_READ_CONSUME_CHECK_CONSUMER) timestamp=11154 ms, used_size=8495104 bytes (20.7%)
(RDMA_READ_CONSUME_CHECK_CONSUMER) timestamp=11154 ms, used_size=8493056 bytes (20.7%)
(RDMA_READ_CONSUME_CHECK_CONSUMER) timestamp=11154 ms, used_size=8491008 bytes (20.7%)
(RDMA_READ_CONSUME_CHECK_CONSUMER) timestamp=11155 ms, used_size=8488960 bytes (20.7%)
(RDMA_READ_CONSUME_CHECK_CONSUMER) timestamp=11155 ms, used_size=8486912 bytes (20.7%)
(RDMA_READ_CONSUME_CHECK_CONSUMER) timestamp=11155 ms, used_size=8484864 bytes (20.7%)
(RDMA_READ_CONSUME_CHECK_CONSUMER) timestamp=11155 ms, used_size=8482816 bytes (20.7%)
(RDMA_READ_CONSUME_CHECK_CONSUMER) timestamp=11155 ms, used_size=8480768 bytes (20.7%)
(RDMA_READ_CONSUME_CHECK_CONSUMER) timestamp=11155 ms, used_size=8478720 bytes (20.7%)
(RDMA_READ_CONSUME_CHECK_CONSUMER) timestamp=11155 ms, used_size=8476672 bytes (20.7%)
(RDMA_READ_CONSUME_CHECK_CONSUMER) timestamp=11155 ms, used_size=8474624 bytes (20.7%)
(RDMA_READ_CONSUME_CHECK_CONSUMER) timestamp=11155 ms, used_size=8472576 bytes (20.7%)
(RDMA_READ_CONSUME_CHECK_CONSUMER) timestamp=11155 ms, used_size=8470528 bytes (20.7%)
(RDMA_READ_CONSUME_CHECK_CONSUMER) timestamp=11155 ms, used_size=8468480 bytes (20.7%)
(RDMA_READ_CONSUME_CHECK_CONSUMER) timestamp=11155 ms, used_size=8466432 bytes (20.7%)
(RDMA_READ_CONSUME_CHECK_CONSUMER) timestamp=11155 ms, used_size=8464384 bytes (20.7%)
(RDMA_READ_CONSUME_CHECK_CONSUMER) timestamp=11155 ms, used_size=8462336 bytes (20.7%)
(RDMA_READ_CONSUME_CHECK_CONSUMER) timestamp=11155 ms, used_size=8460288 bytes (20.7%)
(RDMA_READ_CONSUME_CHECK_CONSUMER) timestamp=11155 ms, used_size=8458240 bytes (20.6%)
(RDMA_READ_CONSUME_CHECK_CONSUMER) timestamp=11155 ms, used_size=8456192 bytes (20.6%)
(RDMA_READ_CONSUME_CHECK_CONSUMER) timestamp=11155 ms, used_size=8454144 bytes (20.6%)
(RDMA_READ_CONSUME_CHECK_CONSUMER) timestamp=11155 ms, used_size=8452096 bytes (20.6%)
(RDMA_READ_CONSUME_CHECK_CONSUMER) timestamp=11155 ms, used_size=8450048 bytes (20.6%)
(RDMA_READ_CONSUME_CHECK_CONSUMER) timestamp=11155 ms, used_size=8448000 bytes (20.6%)
(RDMA_READ_CONSUME_CHECK_CONSUMER) timestamp=11155 ms, used_size=8445952 bytes (20.6%)
(RDMA_READ_CONSUME_CHECK_CONSUMER) timestamp=11155 ms, used_size=8443904 bytes (20.6%)
(RDMA_READ_CONSUME_CHECK_CONSUMER) timestamp=11155 ms, used_size=8441856 bytes (20.6%)
(RDMA_READ_CONSUME_CHECK_CONSUMER) timestamp=11155 ms, used_size=8439808 bytes (20.6%)
(RDMA_READ_CONSUME_CHECK_CONSUMER) timestamp=11155 ms, used_size=8437760 bytes (20.6%)
(RDMA_READ_CONSUME_CHECK_CONSUMER) timestamp=11155 ms, used_size=8435712 bytes (20.6%)
(RDMA_READ_CONSUME_CHECK_CONSUMER) timestamp=11155 ms, used_size=8433664 bytes (20.6%)
(RDMA_READ_CONSUME_CHECK_CONSUMER) timestamp=11155 ms, used_size=8431616 bytes (20.6%)
(RDMA_READ_CONSUME_CHECK_CONSUMER) timestamp=11155 ms, used_size=8429568 bytes (20.6%)
(RDMA_READ_CONSUME_CHECK_CONSUMER) timestamp=11155 ms, used_size=8427520 bytes (20.6%)
(RDMA_READ_CONSUME_CHECK_CONSUMER) timestamp=11155 ms, used_size=8425472 bytes (20.6%)
(RDMA_READ_CONSUME_CHECK_CONSUMER) timestamp=11155 ms, used_size=8423424 bytes (20.6%)
(RDMA_READ_CONSUME_CHECK_CONSUMER) timestamp=11155 ms, used_size=8421376 bytes (20.6%)
(RDMA_READ_CONSUME_CHECK_CONSUMER) timestamp=11155 ms, used_size=8419328 bytes (20.6%)
(RDMA_READ_CONSUME_CHECK_CONSUMER) timestamp=11155 ms, used_size=8417280 bytes (20.6%)
(RDMA_READ_CONSUME_CHECK_CONSUMER) timestamp=11155 ms, used_size=8415232 bytes (20.5%)
(RDMA_READ_CONSUME_CHECK_CONSUMER) timestamp=11155 ms, used_size=8413184 bytes (20.5%)
(RDMA_READ_CONSUME_CHECK_CONSUMER) timestamp=11155 ms, used_size=8411136 bytes (20.5%)
(RDMA_READ_CONSUME_CHECK_CONSUMER) timestamp=11155 ms, used_size=8409088 bytes (20.5%)
(RDMA_READ_CONSUME_CHECK_CONSUMER) timestamp=11155 ms, used_size=8407040 bytes (20.5%)
(RDMA_READ_CONSUME_CHECK_CONSUMER) timestamp=11155 ms, used_size=8404992 bytes (20.5%)
(RDMA_READ_CONSUME_CHECK_CONSUMER) timestamp=11155 ms, used_size=8402944 bytes (20.5%)
(RDMA_READ_CONSUME_CHECK_CONSUMER) timestamp=11155 ms, used_size=8400896 bytes (20.5%)
(RDMA_READ_CONSUME_CHECK_CONSUMER) timestamp=11155 ms, used_size=8398848 bytes (20.5%)
(RDMA_READ_CONSUME_CHECK_CONSUMER) timestamp=11155 ms, used_size=8396800 bytes (20.5%)
(RDMA_READ_CONSUME_CHECK_CONSUMER) timestamp=11155 ms, used_size=8394752 bytes (20.5%)
(RDMA_READ_CONSUME_CHECK_CONSUMER) timestamp=11155 ms, used_size=8392704 bytes (20.5%)
(RDMA_READ_CONSUME_CHECK_CONSUMER) timestamp=11155 ms, used_size=8390656 bytes (20.5%)
(RDMA_READ_CONSUME_CHECK_CONSUMER) timestamp=11155 ms, used_size=8388608 bytes (20.5%)
(RDMA_READ_CONSUME_CHECK_CONSUMER) timestamp=11155 ms, used_size=8386560 bytes (20.5%)
(RDMA_READ_CONSUME_CHECK_CONSUMER) timestamp=11155 ms, used_size=8384512 bytes (20.5%)
(RDMA_READ_CONSUME_CHECK_CONSUMER) timestamp=11155 ms, used_size=8382464 bytes (20.5%)
(RDMA_READ_CONSUME_CHECK_CONSUMER) timestamp=11155 ms, used_size=8380416 bytes (20.5%)
(RDMA_READ_CONSUME_CHECK_CONSUMER) timestamp=11155 ms, used_size=8378368 bytes (20.5%)
(RDMA_READ_CONSUME_CHECK_CONSUMER) timestamp=11155 ms, used_size=8376320 bytes (20.4%)
(RDMA_READ_CONSUME_CHECK_CONSUMER) timestamp=11155 ms, used_size=8374272 bytes (20.4%)
(RDMA_READ_CONSUME_CHECK_CONSUMER) timestamp=11155 ms, used_size=8372224 bytes (20.4%)
(RDMA_READ_CONSUME_CHECK_CONSUMER) timestamp=11155 ms, used_size=8370176 bytes (20.4%)
(RDMA_READ_CONSUME_CHECK_CONSUMER) timestamp=11155 ms, used_size=8368128 bytes (20.4%)
(RDMA_READ_CONSUME_CHECK_CONSUMER) timestamp=11155 ms, used_size=8366080 bytes (20.4%)
(RDMA_READ_CONSUME_CHECK_CONSUMER) timestamp=11155 ms, used_size=8364032 bytes (20.4%)
(RDMA_READ_CONSUME_CHECK_CONSUMER) timestamp=11155 ms, used_size=8361984 bytes (20.4%)
(RDMA_READ_CONSUME_CHECK_CONSUMER) timestamp=11155 ms, used_size=8359936 bytes (20.4%)
(RDMA_READ_CONSUME_CHECK_CONSUMER) timestamp=11155 ms, used_size=8357888 bytes (20.4%)
(RDMA_READ_CONSUME_CHECK_CONSUMER) timestamp=11155 ms, used_size=8355840 bytes (20.4%)
(RDMA_READ_CONSUME_CHECK_CONSUMER) timestamp=11155 ms, used_size=8353792 bytes (20.4%)
(RDMA_READ_CONSUME_CHECK_CONSUMER) timestamp=11155 ms, used_size=8351744 bytes (20.4%)
(RDMA_READ_CONSUME_CHECK_CONSUMER) timestamp=11155 ms, used_size=8349696 bytes (20.4%)
(RDMA_READ_CONSUME_CHECK_CONSUMER) timestamp=11155 ms, used_size=8347648 bytes (20.4%)
(RDMA_READ_CONSUME_CHECK_CONSUMER) timestamp=11155 ms, used_size=8345600 bytes (20.4%)
(RDMA_READ_CONSUME_CHECK_CONSUMER) timestamp=11155 ms, used_size=8343552 bytes (20.4%)
(RDMA_READ_CONSUME_CHECK_CONSUMER) timestamp=11155 ms, used_size=8341504 bytes (20.4%)
(RDMA_READ_CONSUME_CHECK_CONSUMER) timestamp=11155 ms, used_size=8339456 bytes (20.4%)
(RDMA_READ_CONSUME_CHECK_CONSUMER) timestamp=11155 ms, used_size=8337408 bytes (20.4%)
(RDMA_READ_CONSUME_CHECK_CONSUMER) timestamp=11155 ms, used_size=8335360 bytes (20.4%)
(RDMA_READ_CONSUME_CHECK_CONSUMER) timestamp=11155 ms, used_size=8333312 bytes (20.3%)
(RDMA_READ_CONSUME_CHECK_CONSUMER) timestamp=11155 ms, used_size=8331264 bytes (20.3%)
(RDMA_READ_CONSUME_CHECK_CONSUMER) timestamp=11155 ms, used_size=8329216 bytes (20.3%)
(RDMA_READ_CONSUME_CHECK_CONSUMER) timestamp=11155 ms, used_size=8327168 bytes (20.3%)
(RDMA_READ_CONSUME_CHECK_CONSUMER) timestamp=11155 ms, used_size=8325120 bytes (20.3%)
(RDMA_READ_CONSUME_CHECK_CONSUMER) timestamp=11155 ms, used_size=8323072 bytes (20.3%)
(RDMA_READ_CONSUME_CHECK_CONSUMER) timestamp=11155 ms, used_size=8321024 bytes (20.3%)
(RDMA_READ_CONSUME_CHECK_CONSUMER) timestamp=11155 ms, used_size=8318976 bytes (20.3%)
(RDMA_READ_CONSUME_CHECK_CONSUMER) timestamp=11155 ms, used_size=8316928 bytes (20.3%)
(RDMA_READ_CONSUME_CHECK_CONSUMER) timestamp=11155 ms, used_size=8314880 bytes (20.3%)
(RDMA_READ_CONSUME_CHECK_CONSUMER) timestamp=11155 ms, used_size=8312832 bytes (20.3%)
(RDMA_READ_CONSUME_CHECK_CONSUMER) timestamp=11155 ms, used_size=8310784 bytes (20.3%)
(RDMA_READ_CONSUME_CHECK_CONSUMER) timestamp=11155 ms, used_size=8308736 bytes (20.3%)
(RDMA_READ_CONSUME_CHECK_CONSUMER) timestamp=11155 ms, used_size=8306688 bytes (20.3%)
(RDMA_READ_CONSUME_CHECK_CONSUMER) timestamp=11155 ms, used_size=8304640 bytes (20.3%)
(RDMA_READ_CONSUME_CHECK_CONSUMER) timestamp=11155 ms, used_size=8302592 bytes (20.3%)
(RDMA_READ_CONSUME_CHECK_CONSUMER) timestamp=11155 ms, used_size=8300544 bytes (20.3%)
(RDMA_READ_CONSUME_CHECK_CONSUMER) timestamp=11155 ms, used_size=8298496 bytes (20.3%)
(RDMA_READ_CONSUME_CHECK_CONSUMER) timestamp=11155 ms, used_size=8296448 bytes (20.3%)
(RDMA_READ_CONSUME_CHECK_CONSUMER) timestamp=11155 ms, used_size=8294400 bytes (20.2%)
(RDMA_READ_CONSUME_CHECK_CONSUMER) timestamp=11155 ms, used_size=8292352 bytes (20.2%)
(RDMA_READ_CONSUME_CHECK_CONSUMER) timestamp=11155 ms, used_size=8290304 bytes (20.2%)
(RDMA_READ_CONSUME_CHECK_CONSUMER) timestamp=11155 ms, used_size=8288256 bytes (20.2%)
(RDMA_READ_CONSUME_CHECK_CONSUMER) timestamp=11155 ms, used_size=8286208 bytes (20.2%)
(RDMA_READ_CONSUME_CHECK_CONSUMER) timestamp=11155 ms, used_size=8284160 bytes (20.2%)
(RDMA_READ_CONSUME_CHECK_CONSUMER) timestamp=11155 ms, used_size=8282112 bytes (20.2%)
(RDMA_READ_CONSUME_CHECK_CONSUMER) timestamp=11155 ms, used_size=8280064 bytes (20.2%)
(RDMA_READ_CONSUME_CHECK_CONSUMER) timestamp=11155 ms, used_size=8278016 bytes (20.2%)
(RDMA_READ_CONSUME_CHECK_CONSUMER) timestamp=11155 ms, used_size=8275968 bytes (20.2%)
(RDMA_READ_CONSUME_CHECK_CONSUMER) timestamp=11155 ms, used_size=8273920 bytes (20.2%)
(RDMA_READ_CONSUME_CHECK_CONSUMER) timestamp=11155 ms, used_size=8271872 bytes (20.2%)
(RDMA_READ_CONSUME_CHECK_CONSUMER) timestamp=11155 ms, used_size=8269824 bytes (20.2%)
(RDMA_READ_CONSUME_CHECK_CONSUMER) timestamp=11155 ms, used_size=8267776 bytes (20.2%)
(RDMA_READ_CONSUME_CHECK_CONSUMER) timestamp=11155 ms, used_size=8265728 bytes (20.2%)
(RDMA_READ_CONSUME_CHECK_CONSUMER) timestamp=11155 ms, used_size=8263680 bytes (20.2%)
(RDMA_READ_CONSUME_CHECK_CONSUMER) timestamp=11155 ms, used_size=8261632 bytes (20.2%)
(RDMA_READ_CONSUME_CHECK_CONSUMER) timestamp=11155 ms, used_size=8259584 bytes (20.2%)
(RDMA_READ_CONSUME_CHECK_CONSUMER) timestamp=11155 ms, used_size=8257536 bytes (20.2%)
(RDMA_READ_CONSUME_CHECK_CONSUMER) timestamp=11155 ms, used_size=8255488 bytes (20.2%)
(RDMA_READ_CONSUME_CHECK_CONSUMER) timestamp=11155 ms, used_size=8253440 bytes (20.1%)
(RDMA_READ_CONSUME_CHECK_CONSUMER) timestamp=11155 ms, used_size=8251392 bytes (20.1%)
(RDMA_READ_CONSUME_CHECK_CONSUMER) timestamp=11155 ms, used_size=8249344 bytes (20.1%)
(RDMA_READ_CONSUME_CHECK_CONSUMER) timestamp=11155 ms, used_size=8247296 bytes (20.1%)
(RDMA_READ_CONSUME_CHECK_CONSUMER) timestamp=11155 ms, used_size=8245248 bytes (20.1%)
(RDMA_READ_CONSUME_CHECK_CONSUMER) timestamp=11155 ms, used_size=8243200 bytes (20.1%)
(RDMA_READ_CONSUME_CHECK_CONSUMER) timestamp=11155 ms, used_size=8241152 bytes (20.1%)
(RDMA_READ_CONSUME_CHECK_CONSUMER) timestamp=11155 ms, used_size=8239104 bytes (20.1%)
(RDMA_READ_CONSUME_CHECK_CONSUMER) timestamp=11155 ms, used_size=8237056 bytes (20.1%)
(RDMA_READ_CONSUME_CHECK_CONSUMER) timestamp=11155 ms, used_size=8235008 bytes (20.1%)
(RDMA_READ_CONSUME_CHECK_CONSUMER) timestamp=11155 ms, used_size=8232960 bytes (20.1%)
(RDMA_READ_CONSUME_CHECK_CONSUMER) timestamp=11155 ms, used_size=8230912 bytes (20.1%)
(RDMA_READ_CONSUME_CHECK_CONSUMER) timestamp=11155 ms, used_size=8228864 bytes (20.1%)
(RDMA_READ_CONSUME_CHECK_CONSUMER) timestamp=11155 ms, used_size=8226816 bytes (20.1%)
(RDMA_READ_CONSUME_CHECK_CONSUMER) timestamp=11155 ms, used_size=8224768 bytes (20.1%)
(RDMA_READ_CONSUME_CHECK_CONSUMER) timestamp=11155 ms, used_size=8222720 bytes (20.1%)
(RDMA_READ_CONSUME_CHECK_CONSUMER) timestamp=11155 ms, used_size=8220672 bytes (20.1%)
(RDMA_READ_CONSUME_CHECK_CONSUMER) timestamp=11155 ms, used_size=8218624 bytes (20.1%)
(RDMA_READ_CONSUME_CHECK_CONSUMER) timestamp=11155 ms, used_size=8216576 bytes (20.1%)
(RDMA_READ_CONSUME_CHECK_CONSUMER) timestamp=11155 ms, used_size=8214528 bytes (20.1%)
(RDMA_READ_CONSUME_CHECK_CONSUMER) timestamp=11155 ms, used_size=8212480 bytes (20.1%)
(RDMA_READ_CONSUME_CHECK_CONSUMER) timestamp=11155 ms, used_size=8210432 bytes (20.0%)
(RDMA_READ_CONSUME_CHECK_CONSUMER) timestamp=11155 ms, used_size=8208384 bytes (20.0%)
(RDMA_READ_CONSUME_CHECK_CONSUMER) timestamp=11155 ms, used_size=8206336 bytes (20.0%)
(RDMA_READ_CONSUME_CHECK_CONSUMER) timestamp=11155 ms, used_size=8204288 bytes (20.0%)
(RDMA_READ_CONSUME_CHECK_CONSUMER) timestamp=11155 ms, used_size=8202240 bytes (20.0%)
(RDMA_READ_CONSUME_CHECK_CONSUMER) timestamp=11155 ms, used_size=8200192 bytes (20.0%)
(RDMA_READ_CONSUME_CHECK_CONSUMER) timestamp=11155 ms, used_size=8198144 bytes (20.0%)
(RDMA_READ_CONSUME_CHECK_CONSUMER) timestamp=11155 ms, used_size=8196096 bytes (20.0%)
(RDMA_READ_CONSUME_CHECK_CONSUMER) timestamp=11155 ms, used_size=8194048 bytes (20.0%)
(RDMA_READ_CONSUME_CHECK_CONSUMER) timestamp=11155 ms, used_size=8192000 bytes (20.0%)
(RDMA_READ_CONSUME_CHECK_CONSUMER) timestamp=11155 ms, used_size=8189952 bytes (20.0%)
(RDMA_READ_CONSUME_CHECK_CONSUMER) timestamp=11155 ms, used_size=8187904 bytes (20.0%)
(RDMA_READ_CONSUME_CHECK_CONSUMER) timestamp=11155 ms, used_size=8185856 bytes (20.0%)
(RDMA_READ_CONSUME_CHECK_CONSUMER) timestamp=11155 ms, used_size=8183808 bytes (20.0%)
(RDMA_READ_CONSUME_CHECK_CONSUMER) timestamp=11155 ms, used_size=8181760 bytes (20.0%)
(RDMA_READ_CONSUME_CHECK_CONSUMER) timestamp=11155 ms, used_size=8179712 bytes (20.0%)
(RDMA_READ_CONSUME_CHECK_CONSUMER) timestamp=11155 ms, used_size=8177664 bytes (20.0%)
(RDMA_READ_CONSUME_CHECK_CONSUMER) timestamp=11155 ms, used_size=8175616 bytes (20.0%)
(RDMA_READ_CONSUME_CHECK_CONSUMER) timestamp=11155 ms, used_size=8173568 bytes (20.0%)
(RDMA_READ_CONSUME_CHECK_CONSUMER) timestamp=11155 ms, used_size=8171520 bytes (19.9%)
(RDMA_READ_CONSUME_CHECK_CONSUMER) timestamp=11155 ms, used_size=8169472 bytes (19.9%)
(RDMA_READ_CONSUME_CHECK_CONSUMER) timestamp=11155 ms, used_size=8167424 bytes (19.9%)
(RDMA_READ_CONSUME_CHECK_CONSUMER) timestamp=11155 ms, used_size=8165376 bytes (19.9%)
(RDMA_READ_CONSUME_CHECK_CONSUMER) timestamp=11155 ms, used_size=8163328 bytes (19.9%)
(RDMA_READ_CONSUME_CHECK_CONSUMER) timestamp=11155 ms, used_size=8161280 bytes (19.9%)
(RDMA_READ_CONSUME_CHECK_CONSUMER) timestamp=11155 ms, used_size=8159232 bytes (19.9%)
(RDMA_READ_CONSUME_CHECK_CONSUMER) timestamp=11155 ms, used_size=8157184 bytes (19.9%)
(RDMA_READ_CONSUME_CHECK_CONSUMER) timestamp=11155 ms, used_size=8155136 bytes (19.9%)
(RDMA_READ_CONSUME_CHECK_CONSUMER) timestamp=11155 ms, used_size=8153088 bytes (19.9%)
(RDMA_READ_CONSUME_CHECK_CONSUMER) timestamp=11155 ms, used_size=8151040 bytes (19.9%)
(RDMA_READ_CONSUME_CHECK_CONSUMER) timestamp=11155 ms, used_size=8148992 bytes (19.9%)
(RDMA_READ_CONSUME_CHECK_CONSUMER) timestamp=11155 ms, used_size=8146944 bytes (19.9%)
(RDMA_READ_CONSUME_CHECK_CONSUMER) timestamp=11155 ms, used_size=8144896 bytes (19.9%)
(RDMA_READ_CONSUME_CHECK_CONSUMER) timestamp=11155 ms, used_size=8142848 bytes (19.9%)
(RDMA_READ_CONSUME_CHECK_CONSUMER) timestamp=11155 ms, used_size=8140800 bytes (19.9%)
(RDMA_READ_CONSUME_CHECK_CONSUMER) timestamp=11155 ms, used_size=8138752 bytes (19.9%)
(RDMA_READ_CONSUME_CHECK_CONSUMER) timestamp=11155 ms, used_size=8136704 bytes (19.9%)
(RDMA_READ_CONSUME_CHECK_CONSUMER) timestamp=11156 ms, used_size=8134656 bytes (19.9%)
(RDMA_READ_CONSUME_CHECK_CONSUMER) timestamp=11156 ms, used_size=8132608 bytes (19.9%)
(RDMA_READ_CONSUME_CHECK_CONSUMER) timestamp=11156 ms, used_size=8130560 bytes (19.9%)
(RDMA_READ_CONSUME_CHECK_CONSUMER) timestamp=11156 ms, used_size=8128512 bytes (19.8%)
(RDMA_READ_CONSUME_CHECK_CONSUMER) timestamp=11156 ms, used_size=8126464 bytes (19.8%)
(RDMA_READ_CONSUME_CHECK_CONSUMER) timestamp=11156 ms, used_size=8124416 bytes (19.8%)
(RDMA_READ_CONSUME_CHECK_CONSUMER) timestamp=11156 ms, used_size=8122368 bytes (19.8%)
(RDMA_READ_CONSUME_CHECK_CONSUMER) timestamp=11156 ms, used_size=8120320 bytes (19.8%)
(RDMA_READ_CONSUME_CHECK_CONSUMER) timestamp=11156 ms, used_size=8118272 bytes (19.8%)
(RDMA_READ_CONSUME_CHECK_CONSUMER) timestamp=11156 ms, used_size=8116224 bytes (19.8%)
(RDMA_READ_CONSUME_CHECK_CONSUMER) timestamp=11156 ms, used_size=8114176 bytes (19.8%)
(RDMA_READ_CONSUME_CHECK_CONSUMER) timestamp=11156 ms, used_size=8112128 bytes (19.8%)
(RDMA_READ_CONSUME_CHECK_CONSUMER) timestamp=11156 ms, used_size=8110080 bytes (19.8%)
(RDMA_READ_CONSUME_CHECK_CONSUMER) timestamp=11156 ms, used_size=8108032 bytes (19.8%)
(RDMA_READ_CONSUME_CHECK_CONSUMER) timestamp=11156 ms, used_size=8105984 bytes (19.8%)
(RDMA_READ_CONSUME_CHECK_CONSUMER) timestamp=11156 ms, used_size=8103936 bytes (19.8%)
(RDMA_READ_CONSUME_CHECK_CONSUMER) timestamp=11156 ms, used_size=8101888 bytes (19.8%)
(RDMA_READ_CONSUME_CHECK_CONSUMER) timestamp=11156 ms, used_size=8099840 bytes (19.8%)
(RDMA_READ_CONSUME_CHECK_CONSUMER) timestamp=11156 ms, used_size=8097792 bytes (19.8%)
(RDMA_READ_CONSUME_CHECK_CONSUMER) timestamp=11156 ms, used_size=8095744 bytes (19.8%)
(RDMA_READ_CONSUME_CHECK_CONSUMER) timestamp=11156 ms, used_size=8093696 bytes (19.8%)
(RDMA_READ_CONSUME_CHECK_CONSUMER) timestamp=11156 ms, used_size=8091648 bytes (19.8%)
(RDMA_READ_CONSUME_CHECK_CONSUMER) timestamp=11156 ms, used_size=8089600 bytes (19.8%)
(RDMA_READ_CONSUME_CHECK_CONSUMER) timestamp=11156 ms, used_size=8087552 bytes (19.7%)
(RDMA_READ_CONSUME_CHECK_CONSUMER) timestamp=11156 ms, used_size=8085504 bytes (19.7%)
(RDMA_READ_CONSUME_CHECK_CONSUMER) timestamp=11156 ms, used_size=8083456 bytes (19.7%)
(RDMA_READ_CONSUME_CHECK_CONSUMER) timestamp=11156 ms, used_size=8081408 bytes (19.7%)
(RDMA_READ_CONSUME_CHECK_CONSUMER) timestamp=11156 ms, used_size=8079360 bytes (19.7%)
(RDMA_READ_CONSUME_CHECK_CONSUMER) timestamp=11156 ms, used_size=8077312 bytes (19.7%)
(RDMA_READ_CONSUME_CHECK_CONSUMER) timestamp=11156 ms, used_size=8075264 bytes (19.7%)
(RDMA_READ_CONSUME_CHECK_CONSUMER) timestamp=11156 ms, used_size=8073216 bytes (19.7%)
(RDMA_READ_CONSUME_CHECK_CONSUMER) timestamp=11156 ms, used_size=8071168 bytes (19.7%)
(RDMA_READ_CONSUME_CHECK_CONSUMER) timestamp=11156 ms, used_size=8069120 bytes (19.7%)
(RDMA_READ_CONSUME_CHECK_CONSUMER) timestamp=11156 ms, used_size=8067072 bytes (19.7%)
(RDMA_READ_CONSUME_CHECK_CONSUMER) timestamp=11156 ms, used_size=8065024 bytes (19.7%)
(RDMA_READ_CONSUME_CHECK_CONSUMER) timestamp=11156 ms, used_size=8062976 bytes (19.7%)
(RDMA_READ_CONSUME_CHECK_CONSUMER) timestamp=11156 ms, used_size=8060928 bytes (19.7%)
(RDMA_READ_CONSUME_CHECK_CONSUMER) timestamp=11156 ms, used_size=8058880 bytes (19.7%)
(RDMA_READ_CONSUME_CHECK_CONSUMER) timestamp=11156 ms, used_size=8056832 bytes (19.7%)
(RDMA_READ_CONSUME_CHECK_CONSUMER) timestamp=11156 ms, used_size=8054784 bytes (19.7%)
(RDMA_READ_CONSUME_CHECK_CONSUMER) timestamp=11156 ms, used_size=8052736 bytes (19.7%)
(RDMA_READ_CONSUME_CHECK_CONSUMER) timestamp=11156 ms, used_size=8050688 bytes (19.7%)
(RDMA_READ_CONSUME_CHECK_CONSUMER) timestamp=11156 ms, used_size=8048640 bytes (19.6%)
(RDMA_READ_CONSUME_CHECK_CONSUMER) timestamp=11156 ms, used_size=8046592 bytes (19.6%)
(RDMA_READ_CONSUME_CHECK_CONSUMER) timestamp=11156 ms, used_size=8044544 bytes (19.6%)
(RDMA_READ_CONSUME_CHECK_CONSUMER) timestamp=11156 ms, used_size=8042496 bytes (19.6%)
(RDMA_READ_CONSUME_CHECK_CONSUMER) timestamp=11156 ms, used_size=8040448 bytes (19.6%)
(RDMA_READ_CONSUME_CHECK_CONSUMER) timestamp=11156 ms, used_size=8038400 bytes (19.6%)
(RDMA_READ_CONSUME_CHECK_CONSUMER) timestamp=11156 ms, used_size=8036352 bytes (19.6%)
(RDMA_READ_CONSUME_CHECK_CONSUMER) timestamp=11156 ms, used_size=8034304 bytes (19.6%)
(RDMA_READ_CONSUME_CHECK_CONSUMER) timestamp=11156 ms, used_size=8032256 bytes (19.6%)
(RDMA_READ_CONSUME_CHECK_CONSUMER) timestamp=11156 ms, used_size=8030208 bytes (19.6%)
(RDMA_READ_CONSUME_CHECK_CONSUMER) timestamp=11156 ms, used_size=8028160 bytes (19.6%)
(RDMA_READ_CONSUME_CHECK_CONSUMER) timestamp=11156 ms, used_size=8026112 bytes (19.6%)
(RDMA_READ_CONSUME_CHECK_CONSUMER) timestamp=11156 ms, used_size=8024064 bytes (19.6%)
(RDMA_READ_CONSUME_CHECK_CONSUMER) timestamp=11156 ms, used_size=8022016 bytes (19.6%)
(RDMA_READ_CONSUME_CHECK_CONSUMER) timestamp=11156 ms, used_size=8019968 bytes (19.6%)
(RDMA_READ_CONSUME_CHECK_CONSUMER) timestamp=11156 ms, used_size=8017920 bytes (19.6%)
(RDMA_READ_CONSUME_CHECK_CONSUMER) timestamp=11156 ms, used_size=8015872 bytes (19.6%)
(RDMA_READ_CONSUME_CHECK_CONSUMER) timestamp=11156 ms, used_size=8013824 bytes (19.6%)
(RDMA_READ_CONSUME_CHECK_CONSUMER) timestamp=11156 ms, used_size=8011776 bytes (19.6%)
(RDMA_READ_CONSUME_CHECK_CONSUMER) timestamp=11156 ms, used_size=8009728 bytes (19.6%)
(RDMA_READ_CONSUME_CHECK_CONSUMER) timestamp=11156 ms, used_size=8007680 bytes (19.6%)
(RDMA_READ_CONSUME_CHECK_CONSUMER) timestamp=11156 ms, used_size=8005632 bytes (19.5%)
(RDMA_READ_CONSUME_CHECK_CONSUMER) timestamp=11156 ms, used_size=8003584 bytes (19.5%)
(RDMA_READ_CONSUME_CHECK_CONSUMER) timestamp=11156 ms, used_size=8001536 bytes (19.5%)
(RDMA_READ_CONSUME_CHECK_CONSUMER) timestamp=11156 ms, used_size=7999488 bytes (19.5%)
(RDMA_READ_CONSUME_CHECK_CONSUMER) timestamp=11156 ms, used_size=7997440 bytes (19.5%)
(RDMA_READ_CONSUME_CHECK_CONSUMER) timestamp=11156 ms, used_size=7995392 bytes (19.5%)
(RDMA_READ_CONSUME_CHECK_CONSUMER) timestamp=11156 ms, used_size=7993344 bytes (19.5%)
(RDMA_READ_CONSUME_CHECK_CONSUMER) timestamp=11156 ms, used_size=7991296 bytes (19.5%)
(RDMA_READ_CONSUME_CHECK_CONSUMER) timestamp=11156 ms, used_size=7989248 bytes (19.5%)
(RDMA_READ_CONSUME_CHECK_CONSUMER) timestamp=11156 ms, used_size=7987200 bytes (19.5%)
(RDMA_READ_CONSUME_CHECK_CONSUMER) timestamp=11156 ms, used_size=7985152 bytes (19.5%)
(RDMA_READ_CONSUME_CHECK_CONSUMER) timestamp=11156 ms, used_size=7983104 bytes (19.5%)
(RDMA_READ_CONSUME_CHECK_CONSUMER) timestamp=11156 ms, used_size=7981056 bytes (19.5%)
(RDMA_READ_CONSUME_CHECK_CONSUMER) timestamp=11156 ms, used_size=7979008 bytes (19.5%)
(RDMA_READ_CONSUME_CHECK_CONSUMER) timestamp=11156 ms, used_size=7976960 bytes (19.5%)
(RDMA_READ_CONSUME_CHECK_CONSUMER) timestamp=11156 ms, used_size=7974912 bytes (19.5%)
(RDMA_READ_CONSUME_CHECK_CONSUMER) timestamp=11156 ms, used_size=7972864 bytes (19.5%)
(RDMA_READ_CONSUME_CHECK_CONSUMER) timestamp=11156 ms, used_size=7970816 bytes (19.5%)
(RDMA_READ_CONSUME_CHECK_CONSUMER) timestamp=11156 ms, used_size=7968768 bytes (19.5%)
(RDMA_READ_CONSUME_CHECK_CONSUMER) timestamp=11156 ms, used_size=7966720 bytes (19.4%)
(RDMA_READ_CONSUME_CHECK_CONSUMER) timestamp=11156 ms, used_size=7964672 bytes (19.4%)
(RDMA_READ_CONSUME_CHECK_CONSUMER) timestamp=11156 ms, used_size=7962624 bytes (19.4%)
(RDMA_READ_CONSUME_CHECK_CONSUMER) timestamp=11156 ms, used_size=7960576 bytes (19.4%)
(RDMA_READ_CONSUME_CHECK_CONSUMER) timestamp=11156 ms, used_size=7958528 bytes (19.4%)
(RDMA_READ_CONSUME_CHECK_CONSUMER) timestamp=11156 ms, used_size=7956480 bytes (19.4%)
(RDMA_READ_CONSUME_CHECK_CONSUMER) timestamp=11156 ms, used_size=7954432 bytes (19.4%)
(RDMA_READ_CONSUME_CHECK_CONSUMER) timestamp=11156 ms, used_size=7952384 bytes (19.4%)
(RDMA_READ_CONSUME_CHECK_CONSUMER) timestamp=11156 ms, used_size=7950336 bytes (19.4%)
(RDMA_READ_CONSUME_CHECK_CONSUMER) timestamp=11156 ms, used_size=7948288 bytes (19.4%)
(RDMA_READ_CONSUME_CHECK_CONSUMER) timestamp=11156 ms, used_size=7946240 bytes (19.4%)
(RDMA_READ_CONSUME_CHECK_CONSUMER) timestamp=11156 ms, used_size=7944192 bytes (19.4%)
(RDMA_READ_CONSUME_CHECK_CONSUMER) timestamp=11156 ms, used_size=7942144 bytes (19.4%)
(RDMA_READ_CONSUME_CHECK_CONSUMER) timestamp=11156 ms, used_size=7940096 bytes (19.4%)
(RDMA_READ_CONSUME_CHECK_CONSUMER) timestamp=11156 ms, used_size=7938048 bytes (19.4%)
(RDMA_READ_CONSUME_CHECK_CONSUMER) timestamp=11156 ms, used_size=7936000 bytes (19.4%)
(RDMA_READ_CONSUME_CHECK_CONSUMER) timestamp=11156 ms, used_size=7933952 bytes (19.4%)
(RDMA_READ_CONSUME_CHECK_CONSUMER) timestamp=11156 ms, used_size=7931904 bytes (19.4%)
(RDMA_READ_CONSUME_CHECK_CONSUMER) timestamp=11156 ms, used_size=7929856 bytes (19.4%)
(RDMA_READ_CONSUME_CHECK_CONSUMER) timestamp=11156 ms, used_size=7927808 bytes (19.4%)
(RDMA_READ_CONSUME_CHECK_CONSUMER) timestamp=11156 ms, used_size=7925760 bytes (19.4%)
(RDMA_READ_CONSUME_CHECK_CONSUMER) timestamp=11156 ms, used_size=7923712 bytes (19.3%)
(RDMA_READ_CONSUME_CHECK_CONSUMER) timestamp=11156 ms, used_size=7921664 bytes (19.3%)
(RDMA_READ_CONSUME_CHECK_CONSUMER) timestamp=11156 ms, used_size=7919616 bytes (19.3%)
(RDMA_READ_CONSUME_CHECK_CONSUMER) timestamp=11156 ms, used_size=7917568 bytes (19.3%)
(RDMA_READ_CONSUME_CHECK_CONSUMER) timestamp=11156 ms, used_size=7915520 bytes (19.3%)
(RDMA_READ_CONSUME_CHECK_CONSUMER) timestamp=11156 ms, used_size=7913472 bytes (19.3%)
(RDMA_READ_CONSUME_CHECK_CONSUMER) timestamp=11156 ms, used_size=7911424 bytes (19.3%)
(RDMA_READ_CONSUME_CHECK_CONSUMER) timestamp=11156 ms, used_size=7909376 bytes (19.3%)
(RDMA_READ_CONSUME_CHECK_CONSUMER) timestamp=11156 ms, used_size=7907328 bytes (19.3%)
(RDMA_READ_CONSUME_CHECK_CONSUMER) timestamp=11156 ms, used_size=7905280 bytes (19.3%)
(RDMA_READ_CONSUME_CHECK_CONSUMER) timestamp=11156 ms, used_size=7903232 bytes (19.3%)
(RDMA_READ_CONSUME_CHECK_CONSUMER) timestamp=11156 ms, used_size=7901184 bytes (19.3%)
(RDMA_READ_CONSUME_CHECK_CONSUMER) timestamp=11156 ms, used_size=7899136 bytes (19.3%)
(RDMA_READ_CONSUME_CHECK_CONSUMER) timestamp=11156 ms, used_size=7897088 bytes (19.3%)
(RDMA_READ_CONSUME_CHECK_CONSUMER) timestamp=11156 ms, used_size=7895040 bytes (19.3%)
(RDMA_READ_CONSUME_CHECK_CONSUMER) timestamp=11156 ms, used_size=7892992 bytes (19.3%)
(RDMA_READ_CONSUME_CHECK_CONSUMER) timestamp=11156 ms, used_size=7890944 bytes (19.3%)
(RDMA_READ_CONSUME_CHECK_CONSUMER) timestamp=11156 ms, used_size=7888896 bytes (19.3%)
(RDMA_READ_CONSUME_CHECK_CONSUMER) timestamp=11156 ms, used_size=7886848 bytes (19.3%)
(RDMA_READ_CONSUME_CHECK_CONSUMER) timestamp=11156 ms, used_size=7884800 bytes (19.2%)
(RDMA_READ_CONSUME_CHECK_CONSUMER) timestamp=11156 ms, used_size=7882752 bytes (19.2%)
(RDMA_READ_CONSUME_CHECK_CONSUMER) timestamp=11156 ms, used_size=7880704 bytes (19.2%)
(RDMA_READ_CONSUME_CHECK_CONSUMER) timestamp=11156 ms, used_size=7878656 bytes (19.2%)
(RDMA_READ_CONSUME_CHECK_CONSUMER) timestamp=11156 ms, used_size=7876608 bytes (19.2%)
(RDMA_READ_CONSUME_CHECK_CONSUMER) timestamp=11156 ms, used_size=7874560 bytes (19.2%)
(RDMA_READ_CONSUME_CHECK_CONSUMER) timestamp=11156 ms, used_size=7872512 bytes (19.2%)
(RDMA_READ_CONSUME_CHECK_CONSUMER) timestamp=11156 ms, used_size=7870464 bytes (19.2%)
(RDMA_READ_CONSUME_CHECK_CONSUMER) timestamp=11156 ms, used_size=7868416 bytes (19.2%)
(RDMA_READ_CONSUME_CHECK_CONSUMER) timestamp=11156 ms, used_size=7866368 bytes (19.2%)
(RDMA_READ_CONSUME_CHECK_CONSUMER) timestamp=11156 ms, used_size=7864320 bytes (19.2%)
(RDMA_READ_CONSUME_CHECK_CONSUMER) timestamp=11156 ms, used_size=7862272 bytes (19.2%)
(RDMA_READ_CONSUME_CHECK_CONSUMER) timestamp=11156 ms, used_size=7860224 bytes (19.2%)
(RDMA_READ_CONSUME_CHECK_CONSUMER) timestamp=11156 ms, used_size=7858176 bytes (19.2%)
(RDMA_READ_CONSUME_CHECK_CONSUMER) timestamp=11156 ms, used_size=7856128 bytes (19.2%)
(RDMA_READ_CONSUME_CHECK_CONSUMER) timestamp=11156 ms, used_size=7854080 bytes (19.2%)
(RDMA_READ_CONSUME_CHECK_CONSUMER) timestamp=11156 ms, used_size=7852032 bytes (19.2%)
(RDMA_READ_CONSUME_CHECK_CONSUMER) timestamp=11156 ms, used_size=7849984 bytes (19.2%)
(RDMA_READ_CONSUME_CHECK_CONSUMER) timestamp=11156 ms, used_size=7847936 bytes (19.2%)
(RDMA_READ_CONSUME_CHECK_CONSUMER) timestamp=11156 ms, used_size=7845888 bytes (19.2%)
(RDMA_READ_CONSUME_CHECK_CONSUMER) timestamp=11156 ms, used_size=7843840 bytes (19.1%)
(RDMA_READ_CONSUME_CHECK_CONSUMER) timestamp=11156 ms, used_size=7841792 bytes (19.1%)
(RDMA_READ_CONSUME_CHECK_CONSUMER) timestamp=11156 ms, used_size=7839744 bytes (19.1%)
(RDMA_READ_CONSUME_CHECK_CONSUMER) timestamp=11156 ms, used_size=7837696 bytes (19.1%)
(RDMA_READ_CONSUME_CHECK_CONSUMER) timestamp=11156 ms, used_size=7835648 bytes (19.1%)
(RDMA_READ_CONSUME_CHECK_CONSUMER) timestamp=11156 ms, used_size=7833600 bytes (19.1%)
(RDMA_READ_CONSUME_CHECK_CONSUMER) timestamp=11156 ms, used_size=7831552 bytes (19.1%)
(RDMA_READ_CONSUME_CHECK_CONSUMER) timestamp=11156 ms, used_size=7829504 bytes (19.1%)
(RDMA_READ_CONSUME_CHECK_CONSUMER) timestamp=11156 ms, used_size=7827456 bytes (19.1%)
(RDMA_READ_CONSUME_CHECK_CONSUMER) timestamp=11156 ms, used_size=7825408 bytes (19.1%)
(RDMA_READ_CONSUME_CHECK_CONSUMER) timestamp=11156 ms, used_size=7823360 bytes (19.1%)
(RDMA_READ_CONSUME_CHECK_CONSUMER) timestamp=11156 ms, used_size=7821312 bytes (19.1%)
(RDMA_READ_CONSUME_CHECK_CONSUMER) timestamp=11156 ms, used_size=7819264 bytes (19.1%)
(RDMA_READ_CONSUME_CHECK_CONSUMER) timestamp=11156 ms, used_size=7817216 bytes (19.1%)
(RDMA_READ_CONSUME_CHECK_CONSUMER) timestamp=11156 ms, used_size=7815168 bytes (19.1%)
(RDMA_READ_CONSUME_CHECK_CONSUMER) timestamp=11156 ms, used_size=7813120 bytes (19.1%)
(RDMA_READ_CONSUME_CHECK_CONSUMER) timestamp=11156 ms, used_size=7811072 bytes (19.1%)
(RDMA_READ_CONSUME_CHECK_CONSUMER) timestamp=11156 ms, used_size=7809024 bytes (19.1%)
(RDMA_READ_CONSUME_CHECK_CONSUMER) timestamp=11156 ms, used_size=7806976 bytes (19.1%)
(RDMA_READ_CONSUME_CHECK_CONSUMER) timestamp=11156 ms, used_size=7804928 bytes (19.1%)
(RDMA_READ_CONSUME_CHECK_CONSUMER) timestamp=11156 ms, used_size=7802880 bytes (19.1%)
(RDMA_READ_CONSUME_CHECK_CONSUMER) timestamp=11156 ms, used_size=7800832 bytes (19.0%)
(RDMA_READ_CONSUME_CHECK_CONSUMER) timestamp=11156 ms, used_size=7798784 bytes (19.0%)
(RDMA_READ_CONSUME_CHECK_CONSUMER) timestamp=11156 ms, used_size=7796736 bytes (19.0%)
(RDMA_READ_CONSUME_CHECK_CONSUMER) timestamp=11156 ms, used_size=7794688 bytes (19.0%)
(RDMA_READ_CONSUME_CHECK_CONSUMER) timestamp=11156 ms, used_size=7792640 bytes (19.0%)
(RDMA_READ_CONSUME_CHECK_CONSUMER) timestamp=11156 ms, used_size=7790592 bytes (19.0%)
(RDMA_READ_CONSUME_CHECK_CONSUMER) timestamp=11156 ms, used_size=7788544 bytes (19.0%)
(RDMA_READ_CONSUME_CHECK_CONSUMER) timestamp=11156 ms, used_size=7786496 bytes (19.0%)
(RDMA_READ_CONSUME_CHECK_CONSUMER) timestamp=11156 ms, used_size=7784448 bytes (19.0%)
(RDMA_READ_CONSUME_CHECK_CONSUMER) timestamp=11156 ms, used_size=7782400 bytes (19.0%)
(RDMA_READ_CONSUME_CHECK_CONSUMER) timestamp=11157 ms, used_size=7780352 bytes (19.0%)
(RDMA_READ_CONSUME_CHECK_CONSUMER) timestamp=11157 ms, used_size=7778304 bytes (19.0%)
(RDMA_READ_CONSUME_CHECK_CONSUMER) timestamp=11157 ms, used_size=7776256 bytes (19.0%)
(RDMA_READ_CONSUME_CHECK_CONSUMER) timestamp=11157 ms, used_size=7774208 bytes (19.0%)
(RDMA_READ_CONSUME_CHECK_CONSUMER) timestamp=11157 ms, used_size=7772160 bytes (19.0%)
(RDMA_READ_CONSUME_CHECK_CONSUMER) timestamp=11157 ms, used_size=7770112 bytes (19.0%)
(RDMA_READ_CONSUME_CHECK_CONSUMER) timestamp=11157 ms, used_size=7768064 bytes (19.0%)
(RDMA_READ_CONSUME_CHECK_CONSUMER) timestamp=11157 ms, used_size=7766016 bytes (19.0%)
(RDMA_READ_CONSUME_CHECK_CONSUMER) timestamp=11157 ms, used_size=7763968 bytes (19.0%)
(RDMA_READ_CONSUME_CHECK_CONSUMER) timestamp=11157 ms, used_size=7761920 bytes (18.9%)
(RDMA_READ_CONSUME_CHECK_CONSUMER) timestamp=11157 ms, used_size=7759872 bytes (18.9%)
(RDMA_READ_CONSUME_CHECK_CONSUMER) timestamp=11157 ms, used_size=7757824 bytes (18.9%)
(RDMA_READ_CONSUME_CHECK_CONSUMER) timestamp=11157 ms, used_size=7755776 bytes (18.9%)
(RDMA_READ_CONSUME_CHECK_CONSUMER) timestamp=11157 ms, used_size=7753728 bytes (18.9%)
(RDMA_READ_CONSUME_CHECK_CONSUMER) timestamp=11157 ms, used_size=7751680 bytes (18.9%)
(RDMA_READ_CONSUME_CHECK_CONSUMER) timestamp=11157 ms, used_size=7749632 bytes (18.9%)
(RDMA_READ_CONSUME_CHECK_CONSUMER) timestamp=11157 ms, used_size=7747584 bytes (18.9%)
(RDMA_READ_CONSUME_CHECK_CONSUMER) timestamp=11157 ms, used_size=7745536 bytes (18.9%)
(RDMA_READ_CONSUME_CHECK_CONSUMER) timestamp=11157 ms, used_size=7743488 bytes (18.9%)
(RDMA_READ_CONSUME_CHECK_CONSUMER) timestamp=11157 ms, used_size=7741440 bytes (18.9%)
(RDMA_READ_CONSUME_CHECK_CONSUMER) timestamp=11157 ms, used_size=7739392 bytes (18.9%)
(RDMA_READ_CONSUME_CHECK_CONSUMER) timestamp=11157 ms, used_size=7737344 bytes (18.9%)
(RDMA_READ_CONSUME_CHECK_CONSUMER) timestamp=11157 ms, used_size=7735296 bytes (18.9%)
(RDMA_READ_CONSUME_CHECK_CONSUMER) timestamp=11157 ms, used_size=7733248 bytes (18.9%)
(RDMA_READ_CONSUME_CHECK_CONSUMER) timestamp=11157 ms, used_size=7731200 bytes (18.9%)
(RDMA_READ_CONSUME_CHECK_CONSUMER) timestamp=11157 ms, used_size=7729152 bytes (18.9%)
(RDMA_READ_CONSUME_CHECK_CONSUMER) timestamp=11157 ms, used_size=7727104 bytes (18.9%)
(RDMA_READ_CONSUME_CHECK_CONSUMER) timestamp=11157 ms, used_size=7725056 bytes (18.9%)
(RDMA_READ_CONSUME_CHECK_CONSUMER) timestamp=11157 ms, used_size=7723008 bytes (18.9%)
(RDMA_READ_CONSUME_CHECK_CONSUMER) timestamp=11157 ms, used_size=7720960 bytes (18.9%)
(RDMA_READ_CONSUME_CHECK_CONSUMER) timestamp=11157 ms, used_size=7718912 bytes (18.8%)
(RDMA_READ_CONSUME_CHECK_CONSUMER) timestamp=11157 ms, used_size=7716864 bytes (18.8%)
(RDMA_READ_CONSUME_CHECK_CONSUMER) timestamp=11157 ms, used_size=7714816 bytes (18.8%)
(RDMA_READ_CONSUME_CHECK_CONSUMER) timestamp=11157 ms, used_size=7712768 bytes (18.8%)
(RDMA_READ_CONSUME_CHECK_CONSUMER) timestamp=11157 ms, used_size=7710720 bytes (18.8%)
(RDMA_READ_CONSUME_CHECK_CONSUMER) timestamp=11157 ms, used_size=7708672 bytes (18.8%)
(RDMA_READ_CONSUME_CHECK_CONSUMER) timestamp=11157 ms, used_size=7706624 bytes (18.8%)
(RDMA_READ_CONSUME_CHECK_CONSUMER) timestamp=11157 ms, used_size=7704576 bytes (18.8%)
(RDMA_READ_CONSUME_CHECK_CONSUMER) timestamp=11157 ms, used_size=7702528 bytes (18.8%)
(RDMA_READ_CONSUME_CHECK_CONSUMER) timestamp=11157 ms, used_size=7700480 bytes (18.8%)
(RDMA_READ_CONSUME_CHECK_CONSUMER) timestamp=11157 ms, used_size=7698432 bytes (18.8%)
(RDMA_READ_CONSUME_CHECK_CONSUMER) timestamp=11157 ms, used_size=7696384 bytes (18.8%)
(RDMA_READ_CONSUME_CHECK_CONSUMER) timestamp=11157 ms, used_size=7694336 bytes (18.8%)
(RDMA_READ_CONSUME_CHECK_CONSUMER) timestamp=11157 ms, used_size=7692288 bytes (18.8%)
(RDMA_READ_CONSUME_CHECK_CONSUMER) timestamp=11157 ms, used_size=7690240 bytes (18.8%)
(RDMA_READ_CONSUME_CHECK_CONSUMER) timestamp=11157 ms, used_size=7688192 bytes (18.8%)
(RDMA_READ_CONSUME_CHECK_CONSUMER) timestamp=11157 ms, used_size=7686144 bytes (18.8%)
(RDMA_READ_CONSUME_CHECK_CONSUMER) timestamp=11157 ms, used_size=7684096 bytes (18.8%)
(RDMA_READ_CONSUME_CHECK_CONSUMER) timestamp=11157 ms, used_size=7682048 bytes (18.8%)
(RDMA_READ_CONSUME_CHECK_CONSUMER) timestamp=11157 ms, used_size=7680000 bytes (18.8%)
(RDMA_READ_CONSUME_CHECK_CONSUMER) timestamp=11157 ms, used_size=7677952 bytes (18.7%)
(RDMA_READ_CONSUME_CHECK_CONSUMER) timestamp=11157 ms, used_size=7675904 bytes (18.7%)
(RDMA_READ_CONSUME_CHECK_CONSUMER) timestamp=11157 ms, used_size=7673856 bytes (18.7%)
(RDMA_READ_CONSUME_CHECK_CONSUMER) timestamp=11157 ms, used_size=7671808 bytes (18.7%)
(RDMA_READ_CONSUME_CHECK_CONSUMER) timestamp=11157 ms, used_size=7669760 bytes (18.7%)
(RDMA_READ_CONSUME_CHECK_CONSUMER) timestamp=11157 ms, used_size=7667712 bytes (18.7%)
(RDMA_READ_CONSUME_CHECK_CONSUMER) timestamp=11157 ms, used_size=7665664 bytes (18.7%)
(RDMA_READ_CONSUME_CHECK_CONSUMER) timestamp=11157 ms, used_size=7663616 bytes (18.7%)
(RDMA_READ_CONSUME_CHECK_CONSUMER) timestamp=11157 ms, used_size=7661568 bytes (18.7%)
(RDMA_READ_CONSUME_CHECK_CONSUMER) timestamp=11157 ms, used_size=7659520 bytes (18.7%)
(RDMA_READ_CONSUME_CHECK_CONSUMER) timestamp=11157 ms, used_size=7657472 bytes (18.7%)
(RDMA_READ_CONSUME_CHECK_CONSUMER) timestamp=11157 ms, used_size=7655424 bytes (18.7%)
(RDMA_READ_CONSUME_CHECK_CONSUMER) timestamp=11157 ms, used_size=7653376 bytes (18.7%)
(RDMA_READ_CONSUME_CHECK_CONSUMER) timestamp=11157 ms, used_size=7651328 bytes (18.7%)
(RDMA_READ_CONSUME_CHECK_CONSUMER) timestamp=11157 ms, used_size=7649280 bytes (18.7%)
(RDMA_READ_CONSUME_CHECK_CONSUMER) timestamp=11157 ms, used_size=7647232 bytes (18.7%)
(RDMA_READ_CONSUME_CHECK_CONSUMER) timestamp=11157 ms, used_size=7645184 bytes (18.7%)
(RDMA_READ_CONSUME_CHECK_CONSUMER) timestamp=11157 ms, used_size=7643136 bytes (18.7%)
(RDMA_READ_CONSUME_CHECK_CONSUMER) timestamp=11157 ms, used_size=7641088 bytes (18.7%)
(RDMA_READ_CONSUME_CHECK_CONSUMER) timestamp=11157 ms, used_size=7639040 bytes (18.6%)
(RDMA_READ_CONSUME_CHECK_CONSUMER) timestamp=11157 ms, used_size=7636992 bytes (18.6%)
(RDMA_READ_CONSUME_CHECK_CONSUMER) timestamp=11157 ms, used_size=7634944 bytes (18.6%)
(RDMA_READ_CONSUME_CHECK_CONSUMER) timestamp=11157 ms, used_size=7632896 bytes (18.6%)
(RDMA_READ_CONSUME_CHECK_CONSUMER) timestamp=11157 ms, used_size=7630848 bytes (18.6%)
(RDMA_READ_CONSUME_CHECK_CONSUMER) timestamp=11157 ms, used_size=7628800 bytes (18.6%)
(RDMA_READ_CONSUME_CHECK_CONSUMER) timestamp=11157 ms, used_size=7626752 bytes (18.6%)
(RDMA_READ_CONSUME_CHECK_CONSUMER) timestamp=11157 ms, used_size=7624704 bytes (18.6%)
(RDMA_READ_CONSUME_CHECK_CONSUMER) timestamp=11157 ms, used_size=7622656 bytes (18.6%)
(RDMA_READ_CONSUME_CHECK_CONSUMER) timestamp=11157 ms, used_size=7620608 bytes (18.6%)
(RDMA_READ_CONSUME_CHECK_CONSUMER) timestamp=11157 ms, used_size=7618560 bytes (18.6%)
(RDMA_READ_CONSUME_CHECK_CONSUMER) timestamp=11157 ms, used_size=7616512 bytes (18.6%)
(RDMA_READ_CONSUME_CHECK_CONSUMER) timestamp=11157 ms, used_size=7614464 bytes (18.6%)
(RDMA_READ_CONSUME_CHECK_CONSUMER) timestamp=11157 ms, used_size=7612416 bytes (18.6%)
(RDMA_READ_CONSUME_CHECK_CONSUMER) timestamp=11157 ms, used_size=7610368 bytes (18.6%)
(RDMA_READ_CONSUME_CHECK_CONSUMER) timestamp=11157 ms, used_size=7608320 bytes (18.6%)
(RDMA_READ_CONSUME_CHECK_CONSUMER) timestamp=11157 ms, used_size=7606272 bytes (18.6%)
(RDMA_READ_CONSUME_CHECK_CONSUMER) timestamp=11157 ms, used_size=7604224 bytes (18.6%)
(RDMA_READ_CONSUME_CHECK_CONSUMER) timestamp=11157 ms, used_size=7602176 bytes (18.6%)
(RDMA_READ_CONSUME_CHECK_CONSUMER) timestamp=11157 ms, used_size=7600128 bytes (18.6%)
(RDMA_READ_CONSUME_CHECK_CONSUMER) timestamp=11157 ms, used_size=7598080 bytes (18.6%)
(RDMA_READ_CONSUME_CHECK_CONSUMER) timestamp=11157 ms, used_size=7596032 bytes (18.5%)
(RDMA_READ_CONSUME_CHECK_CONSUMER) timestamp=11157 ms, used_size=7593984 bytes (18.5%)
(RDMA_READ_CONSUME_CHECK_CONSUMER) timestamp=11157 ms, used_size=7591936 bytes (18.5%)
(RDMA_READ_CONSUME_CHECK_CONSUMER) timestamp=11157 ms, used_size=7589888 bytes (18.5%)
(RDMA_READ_CONSUME_CHECK_CONSUMER) timestamp=11157 ms, used_size=7587840 bytes (18.5%)
(RDMA_READ_CONSUME_CHECK_CONSUMER) timestamp=11157 ms, used_size=7585792 bytes (18.5%)
(RDMA_READ_CONSUME_CHECK_CONSUMER) timestamp=11157 ms, used_size=7583744 bytes (18.5%)
(RDMA_READ_CONSUME_CHECK_CONSUMER) timestamp=11157 ms, used_size=7581696 bytes (18.5%)
(RDMA_READ_CONSUME_CHECK_CONSUMER) timestamp=11157 ms, used_size=7579648 bytes (18.5%)
(RDMA_READ_CONSUME_CHECK_CONSUMER) timestamp=11157 ms, used_size=7577600 bytes (18.5%)
(RDMA_READ_CONSUME_CHECK_CONSUMER) timestamp=11157 ms, used_size=7575552 bytes (18.5%)
(RDMA_READ_CONSUME_CHECK_CONSUMER) timestamp=11157 ms, used_size=7573504 bytes (18.5%)
(RDMA_READ_CONSUME_CHECK_CONSUMER) timestamp=11157 ms, used_size=7571456 bytes (18.5%)
(RDMA_READ_CONSUME_CHECK_CONSUMER) timestamp=11157 ms, used_size=7569408 bytes (18.5%)
(RDMA_READ_CONSUME_CHECK_CONSUMER) timestamp=11157 ms, used_size=7567360 bytes (18.5%)
(RDMA_READ_CONSUME_CHECK_CONSUMER) timestamp=11157 ms, used_size=7565312 bytes (18.5%)
(RDMA_READ_CONSUME_CHECK_CONSUMER) timestamp=11157 ms, used_size=7563264 bytes (18.5%)
(RDMA_READ_CONSUME_CHECK_CONSUMER) timestamp=11157 ms, used_size=7561216 bytes (18.5%)
(RDMA_READ_CONSUME_CHECK_CONSUMER) timestamp=11157 ms, used_size=7559168 bytes (18.5%)
(RDMA_READ_CONSUME_CHECK_CONSUMER) timestamp=11157 ms, used_size=7557120 bytes (18.4%)
(RDMA_READ_CONSUME_CHECK_CONSUMER) timestamp=11157 ms, used_size=7555072 bytes (18.4%)
(RDMA_READ_CONSUME_CHECK_CONSUMER) timestamp=11157 ms, used_size=7553024 bytes (18.4%)
(RDMA_READ_CONSUME_CHECK_CONSUMER) timestamp=11157 ms, used_size=7550976 bytes (18.4%)
(RDMA_READ_CONSUME_CHECK_CONSUMER) timestamp=11157 ms, used_size=7548928 bytes (18.4%)
(RDMA_READ_CONSUME_CHECK_CONSUMER) timestamp=11157 ms, used_size=7546880 bytes (18.4%)
(RDMA_READ_CONSUME_CHECK_CONSUMER) timestamp=11157 ms, used_size=7544832 bytes (18.4%)
(RDMA_READ_CONSUME_CHECK_CONSUMER) timestamp=11157 ms, used_size=7542784 bytes (18.4%)
(RDMA_READ_CONSUME_CHECK_CONSUMER) timestamp=11157 ms, used_size=7540736 bytes (18.4%)
(RDMA_READ_CONSUME_CHECK_CONSUMER) timestamp=11157 ms, used_size=7538688 bytes (18.4%)
(RDMA_READ_CONSUME_CHECK_CONSUMER) timestamp=11157 ms, used_size=7536640 bytes (18.4%)
(RDMA_READ_CONSUME_CHECK_CONSUMER) timestamp=11157 ms, used_size=7534592 bytes (18.4%)
(RDMA_READ_CONSUME_CHECK_CONSUMER) timestamp=11157 ms, used_size=7532544 bytes (18.4%)
(RDMA_READ_CONSUME_CHECK_CONSUMER) timestamp=11157 ms, used_size=7530496 bytes (18.4%)
(RDMA_READ_CONSUME_CHECK_CONSUMER) timestamp=11157 ms, used_size=7528448 bytes (18.4%)
(RDMA_READ_CONSUME_CHECK_CONSUMER) timestamp=11157 ms, used_size=7526400 bytes (18.4%)
(RDMA_READ_CONSUME_CHECK_CONSUMER) timestamp=11157 ms, used_size=7524352 bytes (18.4%)
(RDMA_READ_CONSUME_CHECK_CONSUMER) timestamp=11157 ms, used_size=7522304 bytes (18.4%)
(RDMA_READ_CONSUME_CHECK_CONSUMER) timestamp=11157 ms, used_size=7520256 bytes (18.4%)
(RDMA_READ_CONSUME_CHECK_CONSUMER) timestamp=11157 ms, used_size=7518208 bytes (18.4%)
(RDMA_READ_CONSUME_CHECK_CONSUMER) timestamp=11157 ms, used_size=7516160 bytes (18.4%)
(RDMA_READ_CONSUME_CHECK_CONSUMER) timestamp=11157 ms, used_size=7514112 bytes (18.3%)
(RDMA_READ_CONSUME_CHECK_CONSUMER) timestamp=11157 ms, used_size=7512064 bytes (18.3%)
(RDMA_READ_CONSUME_CHECK_CONSUMER) timestamp=11157 ms, used_size=7510016 bytes (18.3%)
(RDMA_READ_CONSUME_CHECK_CONSUMER) timestamp=11157 ms, used_size=7507968 bytes (18.3%)
(RDMA_READ_CONSUME_CHECK_CONSUMER) timestamp=11157 ms, used_size=7505920 bytes (18.3%)
(RDMA_READ_CONSUME_CHECK_CONSUMER) timestamp=11157 ms, used_size=7503872 bytes (18.3%)
(RDMA_READ_CONSUME_CHECK_CONSUMER) timestamp=11157 ms, used_size=7501824 bytes (18.3%)
(RDMA_READ_CONSUME_CHECK_CONSUMER) timestamp=11157 ms, used_size=7499776 bytes (18.3%)
(RDMA_READ_CONSUME_CHECK_CONSUMER) timestamp=11157 ms, used_size=7497728 bytes (18.3%)
(RDMA_READ_CONSUME_CHECK_CONSUMER) timestamp=11157 ms, used_size=7495680 bytes (18.3%)
(RDMA_READ_CONSUME_CHECK_CONSUMER) timestamp=11157 ms, used_size=7493632 bytes (18.3%)
(RDMA_READ_CONSUME_CHECK_CONSUMER) timestamp=11157 ms, used_size=7491584 bytes (18.3%)
(RDMA_READ_CONSUME_CHECK_CONSUMER) timestamp=11157 ms, used_size=7489536 bytes (18.3%)
(RDMA_READ_CONSUME_CHECK_CONSUMER) timestamp=11157 ms, used_size=7487488 bytes (18.3%)
(RDMA_READ_CONSUME_CHECK_CONSUMER) timestamp=11157 ms, used_size=7485440 bytes (18.3%)
(RDMA_READ_CONSUME_CHECK_CONSUMER) timestamp=11157 ms, used_size=7483392 bytes (18.3%)
(RDMA_READ_CONSUME_CHECK_CONSUMER) timestamp=11157 ms, used_size=7481344 bytes (18.3%)
(RDMA_READ_CONSUME_CHECK_CONSUMER) timestamp=11157 ms, used_size=7479296 bytes (18.3%)
(RDMA_READ_CONSUME_CHECK_CONSUMER) timestamp=11157 ms, used_size=7477248 bytes (18.3%)
(RDMA_READ_CONSUME_CHECK_CONSUMER) timestamp=11157 ms, used_size=7475200 bytes (18.2%)
(RDMA_READ_CONSUME_CHECK_CONSUMER) timestamp=11157 ms, used_size=7473152 bytes (18.2%)
(RDMA_READ_CONSUME_CHECK_CONSUMER) timestamp=11157 ms, used_size=7471104 bytes (18.2%)
(RDMA_READ_CONSUME_CHECK_CONSUMER) timestamp=11157 ms, used_size=7469056 bytes (18.2%)
(RDMA_READ_CONSUME_CHECK_CONSUMER) timestamp=11157 ms, used_size=7467008 bytes (18.2%)
(RDMA_READ_CONSUME_CHECK_CONSUMER) timestamp=11157 ms, used_size=7464960 bytes (18.2%)
(RDMA_READ_CONSUME_CHECK_CONSUMER) timestamp=11157 ms, used_size=7462912 bytes (18.2%)
(RDMA_READ_CONSUME_CHECK_CONSUMER) timestamp=11157 ms, used_size=7460864 bytes (18.2%)
(RDMA_READ_CONSUME_CHECK_CONSUMER) timestamp=11157 ms, used_size=7458816 bytes (18.2%)
(RDMA_READ_CONSUME_CHECK_CONSUMER) timestamp=11157 ms, used_size=7456768 bytes (18.2%)
(RDMA_READ_CONSUME_CHECK_CONSUMER) timestamp=11157 ms, used_size=7454720 bytes (18.2%)
(RDMA_READ_CONSUME_CHECK_CONSUMER) timestamp=11157 ms, used_size=7452672 bytes (18.2%)
(RDMA_READ_CONSUME_CHECK_CONSUMER) timestamp=11158 ms, used_size=7450624 bytes (18.2%)
(RDMA_READ_CONSUME_CHECK_CONSUMER) timestamp=11158 ms, used_size=7448576 bytes (18.2%)
(RDMA_READ_CONSUME_CHECK_CONSUMER) timestamp=11158 ms, used_size=7446528 bytes (18.2%)
(RDMA_READ_CONSUME_CHECK_CONSUMER) timestamp=11158 ms, used_size=7444480 bytes (18.2%)
(RDMA_READ_CONSUME_CHECK_CONSUMER) timestamp=11158 ms, used_size=7442432 bytes (18.2%)
(RDMA_READ_CONSUME_CHECK_CONSUMER) timestamp=11158 ms, used_size=7440384 bytes (18.2%)
(RDMA_READ_CONSUME_CHECK_CONSUMER) timestamp=11158 ms, used_size=7438336 bytes (18.2%)
(RDMA_READ_CONSUME_CHECK_CONSUMER) timestamp=11158 ms, used_size=7436288 bytes (18.2%)
(RDMA_READ_CONSUME_CHECK_CONSUMER) timestamp=11158 ms, used_size=7434240 bytes (18.1%)
(RDMA_READ_CONSUME_CHECK_CONSUMER) timestamp=11158 ms, used_size=7432192 bytes (18.1%)
(RDMA_READ_CONSUME_CHECK_CONSUMER) timestamp=11158 ms, used_size=7430144 bytes (18.1%)
(RDMA_READ_CONSUME_CHECK_CONSUMER) timestamp=11158 ms, used_size=7428096 bytes (18.1%)
(RDMA_READ_CONSUME_CHECK_CONSUMER) timestamp=11158 ms, used_size=7426048 bytes (18.1%)
(RDMA_READ_CONSUME_CHECK_CONSUMER) timestamp=11158 ms, used_size=7424000 bytes (18.1%)
(RDMA_READ_CONSUME_CHECK_CONSUMER) timestamp=11158 ms, used_size=7421952 bytes (18.1%)
(RDMA_READ_CONSUME_CHECK_CONSUMER) timestamp=11158 ms, used_size=7419904 bytes (18.1%)
(RDMA_READ_CONSUME_CHECK_CONSUMER) timestamp=11158 ms, used_size=7417856 bytes (18.1%)
(RDMA_READ_CONSUME_CHECK_CONSUMER) timestamp=11158 ms, used_size=7415808 bytes (18.1%)
(RDMA_READ_CONSUME_CHECK_CONSUMER) timestamp=11158 ms, used_size=7413760 bytes (18.1%)
(RDMA_READ_CONSUME_CHECK_CONSUMER) timestamp=11158 ms, used_size=7411712 bytes (18.1%)
(RDMA_READ_CONSUME_CHECK_CONSUMER) timestamp=11158 ms, used_size=7409664 bytes (18.1%)
(RDMA_READ_CONSUME_CHECK_CONSUMER) timestamp=11158 ms, used_size=7407616 bytes (18.1%)
(RDMA_READ_CONSUME_CHECK_CONSUMER) timestamp=11158 ms, used_size=7405568 bytes (18.1%)
(RDMA_READ_CONSUME_CHECK_CONSUMER) timestamp=11158 ms, used_size=7403520 bytes (18.1%)
(RDMA_READ_CONSUME_CHECK_CONSUMER) timestamp=11158 ms, used_size=7401472 bytes (18.1%)
(RDMA_READ_CONSUME_CHECK_CONSUMER) timestamp=11158 ms, used_size=7399424 bytes (18.1%)
(RDMA_READ_CONSUME_CHECK_CONSUMER) timestamp=11158 ms, used_size=7397376 bytes (18.1%)
(RDMA_READ_CONSUME_CHECK_CONSUMER) timestamp=11158 ms, used_size=7395328 bytes (18.1%)
(RDMA_READ_CONSUME_CHECK_CONSUMER) timestamp=11158 ms, used_size=7393280 bytes (18.1%)
(RDMA_READ_CONSUME_CHECK_CONSUMER) timestamp=11158 ms, used_size=7391232 bytes (18.0%)
(RDMA_READ_CONSUME_CHECK_CONSUMER) timestamp=11158 ms, used_size=7389184 bytes (18.0%)
(RDMA_READ_CONSUME_CHECK_CONSUMER) timestamp=11158 ms, used_size=7387136 bytes (18.0%)
(RDMA_READ_CONSUME_CHECK_CONSUMER) timestamp=11158 ms, used_size=7385088 bytes (18.0%)
(RDMA_READ_CONSUME_CHECK_CONSUMER) timestamp=11158 ms, used_size=7383040 bytes (18.0%)
(RDMA_READ_CONSUME_CHECK_CONSUMER) timestamp=11158 ms, used_size=7380992 bytes (18.0%)
(RDMA_READ_CONSUME_CHECK_CONSUMER) timestamp=11158 ms, used_size=7378944 bytes (18.0%)
(RDMA_READ_CONSUME_CHECK_CONSUMER) timestamp=11158 ms, used_size=7376896 bytes (18.0%)
(RDMA_READ_CONSUME_CHECK_CONSUMER) timestamp=11158 ms, used_size=7374848 bytes (18.0%)
(RDMA_READ_CONSUME_CHECK_CONSUMER) timestamp=11158 ms, used_size=7372800 bytes (18.0%)
(RDMA_READ_CONSUME_CHECK_CONSUMER) timestamp=11158 ms, used_size=7370752 bytes (18.0%)
(RDMA_READ_CONSUME_CHECK_CONSUMER) timestamp=11158 ms, used_size=7368704 bytes (18.0%)
(RDMA_READ_CONSUME_CHECK_CONSUMER) timestamp=11158 ms, used_size=7366656 bytes (18.0%)
(RDMA_READ_CONSUME_CHECK_CONSUMER) timestamp=11158 ms, used_size=7364608 bytes (18.0%)
(RDMA_READ_CONSUME_CHECK_CONSUMER) timestamp=11158 ms, used_size=7362560 bytes (18.0%)
(RDMA_READ_CONSUME_CHECK_CONSUMER) timestamp=11158 ms, used_size=7360512 bytes (18.0%)
(RDMA_READ_CONSUME_CHECK_CONSUMER) timestamp=11158 ms, used_size=7358464 bytes (18.0%)
(RDMA_READ_CONSUME_CHECK_CONSUMER) timestamp=11158 ms, used_size=7356416 bytes (18.0%)
(RDMA_READ_CONSUME_CHECK_CONSUMER) timestamp=11158 ms, used_size=7354368 bytes (18.0%)
(RDMA_READ_CONSUME_CHECK_CONSUMER) timestamp=11158 ms, used_size=7352320 bytes (17.9%)
(RDMA_READ_CONSUME_CHECK_CONSUMER) timestamp=11158 ms, used_size=7350272 bytes (17.9%)
(RDMA_READ_CONSUME_CHECK_CONSUMER) timestamp=11158 ms, used_size=7348224 bytes (17.9%)
(RDMA_READ_CONSUME_CHECK_CONSUMER) timestamp=11158 ms, used_size=7346176 bytes (17.9%)
(RDMA_READ_CONSUME_CHECK_CONSUMER) timestamp=11158 ms, used_size=7344128 bytes (17.9%)
(RDMA_READ_CONSUME_CHECK_CONSUMER) timestamp=11158 ms, used_size=7342080 bytes (17.9%)
(RDMA_READ_CONSUME_CHECK_CONSUMER) timestamp=11158 ms, used_size=7340032 bytes (17.9%)
(RDMA_READ_CONSUME_CHECK_CONSUMER) timestamp=11158 ms, used_size=7337984 bytes (17.9%)
(RDMA_READ_CONSUME_CHECK_CONSUMER) timestamp=11158 ms, used_size=7335936 bytes (17.9%)
(RDMA_READ_CONSUME_CHECK_CONSUMER) timestamp=11158 ms, used_size=7333888 bytes (17.9%)
(RDMA_READ_CONSUME_CHECK_CONSUMER) timestamp=11158 ms, used_size=7331840 bytes (17.9%)
(RDMA_READ_CONSUME_CHECK_CONSUMER) timestamp=11158 ms, used_size=7329792 bytes (17.9%)
(RDMA_READ_CONSUME_CHECK_CONSUMER) timestamp=11158 ms, used_size=7327744 bytes (17.9%)
(RDMA_READ_CONSUME_CHECK_CONSUMER) timestamp=11158 ms, used_size=7325696 bytes (17.9%)
(RDMA_READ_CONSUME_CHECK_CONSUMER) timestamp=11158 ms, used_size=7323648 bytes (17.9%)
(RDMA_READ_CONSUME_CHECK_CONSUMER) timestamp=11158 ms, used_size=7321600 bytes (17.9%)
(RDMA_READ_CONSUME_CHECK_CONSUMER) timestamp=11158 ms, used_size=7319552 bytes (17.9%)
(RDMA_READ_CONSUME_CHECK_CONSUMER) timestamp=11158 ms, used_size=7317504 bytes (17.9%)
(RDMA_READ_CONSUME_CHECK_CONSUMER) timestamp=11158 ms, used_size=7315456 bytes (17.9%)
(RDMA_READ_CONSUME_CHECK_CONSUMER) timestamp=11158 ms, used_size=7313408 bytes (17.9%)
(RDMA_READ_CONSUME_CHECK_CONSUMER) timestamp=11158 ms, used_size=7311360 bytes (17.9%)
(RDMA_READ_CONSUME_CHECK_CONSUMER) timestamp=11158 ms, used_size=7309312 bytes (17.8%)
(RDMA_READ_CONSUME_CHECK_CONSUMER) timestamp=11158 ms, used_size=7307264 bytes (17.8%)
(RDMA_READ_CONSUME_CHECK_CONSUMER) timestamp=11158 ms, used_size=7305216 bytes (17.8%)
(RDMA_READ_CONSUME_CHECK_CONSUMER) timestamp=11158 ms, used_size=7303168 bytes (17.8%)
(RDMA_READ_CONSUME_CHECK_CONSUMER) timestamp=11158 ms, used_size=7301120 bytes (17.8%)
(RDMA_READ_CONSUME_CHECK_CONSUMER) timestamp=11158 ms, used_size=7299072 bytes (17.8%)
(RDMA_READ_CONSUME_CHECK_CONSUMER) timestamp=11158 ms, used_size=7297024 bytes (17.8%)
(RDMA_READ_CONSUME_CHECK_CONSUMER) timestamp=11158 ms, used_size=7294976 bytes (17.8%)
(RDMA_READ_CONSUME_CHECK_CONSUMER) timestamp=11158 ms, used_size=7292928 bytes (17.8%)
(RDMA_READ_CONSUME_CHECK_CONSUMER) timestamp=11158 ms, used_size=7290880 bytes (17.8%)
(RDMA_READ_CONSUME_CHECK_CONSUMER) timestamp=11158 ms, used_size=7288832 bytes (17.8%)
(RDMA_READ_CONSUME_CHECK_CONSUMER) timestamp=11158 ms, used_size=7286784 bytes (17.8%)
(RDMA_READ_CONSUME_CHECK_CONSUMER) timestamp=11158 ms, used_size=7284736 bytes (17.8%)
(RDMA_READ_CONSUME_CHECK_CONSUMER) timestamp=11158 ms, used_size=7282688 bytes (17.8%)
(RDMA_READ_CONSUME_CHECK_CONSUMER) timestamp=11158 ms, used_size=7280640 bytes (17.8%)
(RDMA_READ_CONSUME_CHECK_CONSUMER) timestamp=11158 ms, used_size=7278592 bytes (17.8%)
(RDMA_READ_CONSUME_CHECK_CONSUMER) timestamp=11158 ms, used_size=7276544 bytes (17.8%)
(RDMA_READ_CONSUME_CHECK_CONSUMER) timestamp=11158 ms, used_size=7274496 bytes (17.8%)
(RDMA_READ_CONSUME_CHECK_CONSUMER) timestamp=11158 ms, used_size=7272448 bytes (17.8%)
(RDMA_READ_CONSUME_CHECK_CONSUMER) timestamp=11158 ms, used_size=7270400 bytes (17.8%)
(RDMA_READ_CONSUME_CHECK_CONSUMER) timestamp=11158 ms, used_size=7268352 bytes (17.7%)
(RDMA_READ_CONSUME_CHECK_CONSUMER) timestamp=11158 ms, used_size=7266304 bytes (17.7%)
(RDMA_READ_CONSUME_CHECK_CONSUMER) timestamp=11158 ms, used_size=7264256 bytes (17.7%)
(RDMA_READ_CONSUME_CHECK_CONSUMER) timestamp=11158 ms, used_size=7262208 bytes (17.7%)
(RDMA_READ_CONSUME_CHECK_CONSUMER) timestamp=11158 ms, used_size=7260160 bytes (17.7%)
(RDMA_READ_CONSUME_CHECK_CONSUMER) timestamp=11158 ms, used_size=7258112 bytes (17.7%)
(RDMA_READ_CONSUME_CHECK_CONSUMER) timestamp=11158 ms, used_size=7256064 bytes (17.7%)
(RDMA_READ_CONSUME_CHECK_CONSUMER) timestamp=11158 ms, used_size=7254016 bytes (17.7%)
(RDMA_READ_CONSUME_CHECK_CONSUMER) timestamp=11158 ms, used_size=7251968 bytes (17.7%)
(RDMA_READ_CONSUME_CHECK_CONSUMER) timestamp=11158 ms, used_size=7249920 bytes (17.7%)
(RDMA_READ_CONSUME_CHECK_CONSUMER) timestamp=11158 ms, used_size=7247872 bytes (17.7%)
(RDMA_READ_CONSUME_CHECK_CONSUMER) timestamp=11158 ms, used_size=7245824 bytes (17.7%)
(RDMA_READ_CONSUME_CHECK_CONSUMER) timestamp=11158 ms, used_size=7243776 bytes (17.7%)
(RDMA_READ_CONSUME_CHECK_CONSUMER) timestamp=11158 ms, used_size=7241728 bytes (17.7%)
(RDMA_READ_CONSUME_CHECK_CONSUMER) timestamp=11158 ms, used_size=7239680 bytes (17.7%)
(RDMA_READ_CONSUME_CHECK_CONSUMER) timestamp=11158 ms, used_size=7237632 bytes (17.7%)
(RDMA_READ_CONSUME_CHECK_CONSUMER) timestamp=11158 ms, used_size=7235584 bytes (17.7%)
(RDMA_READ_CONSUME_CHECK_CONSUMER) timestamp=11158 ms, used_size=7233536 bytes (17.7%)
(RDMA_READ_CONSUME_CHECK_CONSUMER) timestamp=11158 ms, used_size=7231488 bytes (17.7%)
(RDMA_READ_CONSUME_CHECK_CONSUMER) timestamp=11158 ms, used_size=7229440 bytes (17.6%)
(RDMA_READ_CONSUME_CHECK_CONSUMER) timestamp=11158 ms, used_size=7227392 bytes (17.6%)
(RDMA_READ_CONSUME_CHECK_CONSUMER) timestamp=11158 ms, used_size=7225344 bytes (17.6%)
(RDMA_READ_CONSUME_CHECK_CONSUMER) timestamp=11158 ms, used_size=7223296 bytes (17.6%)
(RDMA_READ_CONSUME_CHECK_CONSUMER) timestamp=11158 ms, used_size=7221248 bytes (17.6%)
(RDMA_READ_CONSUME_CHECK_CONSUMER) timestamp=11158 ms, used_size=7219200 bytes (17.6%)
(RDMA_READ_CONSUME_CHECK_CONSUMER) timestamp=11158 ms, used_size=7217152 bytes (17.6%)
(RDMA_READ_CONSUME_CHECK_CONSUMER) timestamp=11158 ms, used_size=7215104 bytes (17.6%)
(RDMA_READ_CONSUME_CHECK_CONSUMER) timestamp=11158 ms, used_size=7213056 bytes (17.6%)
(RDMA_READ_CONSUME_CHECK_CONSUMER) timestamp=11158 ms, used_size=7211008 bytes (17.6%)
(RDMA_READ_CONSUME_CHECK_CONSUMER) timestamp=11158 ms, used_size=7208960 bytes (17.6%)
(RDMA_READ_CONSUME_CHECK_CONSUMER) timestamp=11158 ms, used_size=7206912 bytes (17.6%)
(RDMA_READ_CONSUME_CHECK_CONSUMER) timestamp=11158 ms, used_size=7204864 bytes (17.6%)
(RDMA_READ_CONSUME_CHECK_CONSUMER) timestamp=11158 ms, used_size=7202816 bytes (17.6%)
(RDMA_READ_CONSUME_CHECK_CONSUMER) timestamp=11158 ms, used_size=7200768 bytes (17.6%)
(RDMA_READ_CONSUME_CHECK_CONSUMER) timestamp=11158 ms, used_size=7198720 bytes (17.6%)
(RDMA_READ_CONSUME_CHECK_CONSUMER) timestamp=11158 ms, used_size=7196672 bytes (17.6%)
(RDMA_READ_CONSUME_CHECK_CONSUMER) timestamp=11158 ms, used_size=7194624 bytes (17.6%)
(RDMA_READ_CONSUME_CHECK_CONSUMER) timestamp=11158 ms, used_size=7192576 bytes (17.6%)
(RDMA_READ_CONSUME_CHECK_CONSUMER) timestamp=11158 ms, used_size=7190528 bytes (17.6%)
(RDMA_READ_CONSUME_CHECK_CONSUMER) timestamp=11158 ms, used_size=7188480 bytes (17.6%)
(RDMA_READ_CONSUME_CHECK_CONSUMER) timestamp=11158 ms, used_size=7186432 bytes (17.5%)
(RDMA_READ_CONSUME_CHECK_CONSUMER) timestamp=11158 ms, used_size=7184384 bytes (17.5%)
(RDMA_READ_CONSUME_CHECK_CONSUMER) timestamp=11158 ms, used_size=7182336 bytes (17.5%)
(RDMA_READ_CONSUME_CHECK_CONSUMER) timestamp=11158 ms, used_size=7180288 bytes (17.5%)
(RDMA_READ_CONSUME_CHECK_CONSUMER) timestamp=11158 ms, used_size=7178240 bytes (17.5%)
(RDMA_READ_CONSUME_CHECK_CONSUMER) timestamp=11158 ms, used_size=7176192 bytes (17.5%)
(RDMA_READ_CONSUME_CHECK_CONSUMER) timestamp=11158 ms, used_size=7174144 bytes (17.5%)
(RDMA_READ_CONSUME_CHECK_CONSUMER) timestamp=11158 ms, used_size=7172096 bytes (17.5%)
(RDMA_READ_CONSUME_CHECK_CONSUMER) timestamp=11158 ms, used_size=7170048 bytes (17.5%)
(RDMA_READ_CONSUME_CHECK_CONSUMER) timestamp=11158 ms, used_size=7168000 bytes (17.5%)
(RDMA_READ_CONSUME_CHECK_CONSUMER) timestamp=11158 ms, used_size=7165952 bytes (17.5%)
(RDMA_READ_CONSUME_CHECK_CONSUMER) timestamp=11158 ms, used_size=7163904 bytes (17.5%)
(RDMA_READ_CONSUME_CHECK_CONSUMER) timestamp=11158 ms, used_size=7161856 bytes (17.5%)
(RDMA_READ_CONSUME_CHECK_CONSUMER) timestamp=11158 ms, used_size=7159808 bytes (17.5%)
(RDMA_READ_CONSUME_CHECK_CONSUMER) timestamp=11158 ms, used_size=7157760 bytes (17.5%)
(RDMA_READ_CONSUME_CHECK_CONSUMER) timestamp=11158 ms, used_size=7155712 bytes (17.5%)
(RDMA_READ_CONSUME_CHECK_CONSUMER) timestamp=11158 ms, used_size=7153664 bytes (17.5%)
(RDMA_READ_CONSUME_CHECK_CONSUMER) timestamp=11158 ms, used_size=7151616 bytes (17.5%)
(RDMA_READ_CONSUME_CHECK_CONSUMER) timestamp=11158 ms, used_size=7149568 bytes (17.5%)
(RDMA_READ_CONSUME_CHECK_CONSUMER) timestamp=11158 ms, used_size=7147520 bytes (17.4%)
(RDMA_READ_CONSUME_CHECK_CONSUMER) timestamp=11158 ms, used_size=7145472 bytes (17.4%)
(RDMA_READ_CONSUME_CHECK_CONSUMER) timestamp=11158 ms, used_size=7143424 bytes (17.4%)
(RDMA_READ_CONSUME_CHECK_CONSUMER) timestamp=11158 ms, used_size=7141376 bytes (17.4%)
(RDMA_READ_CONSUME_CHECK_CONSUMER) timestamp=11158 ms, used_size=7139328 bytes (17.4%)
(RDMA_READ_CONSUME_CHECK_CONSUMER) timestamp=11158 ms, used_size=7137280 bytes (17.4%)
(RDMA_READ_CONSUME_CHECK_CONSUMER) timestamp=11158 ms, used_size=7135232 bytes (17.4%)
(RDMA_READ_CONSUME_CHECK_CONSUMER) timestamp=11158 ms, used_size=7133184 bytes (17.4%)
(RDMA_READ_CONSUME_CHECK_CONSUMER) timestamp=11158 ms, used_size=7131136 bytes (17.4%)
(RDMA_READ_CONSUME_CHECK_CONSUMER) timestamp=11158 ms, used_size=7129088 bytes (17.4%)
(RDMA_READ_CONSUME_CHECK_CONSUMER) timestamp=11158 ms, used_size=7127040 bytes (17.4%)
(RDMA_READ_CONSUME_CHECK_CONSUMER) timestamp=11158 ms, used_size=7124992 bytes (17.4%)
(RDMA_READ_CONSUME_CHECK_CONSUMER) timestamp=11158 ms, used_size=7122944 bytes (17.4%)
(RDMA_READ_CONSUME_CHECK_CONSUMER) timestamp=11158 ms, used_size=7120896 bytes (17.4%)
(RDMA_READ_CONSUME_CHECK_CONSUMER) timestamp=11158 ms, used_size=7118848 bytes (17.4%)
(RDMA_READ_CONSUME_CHECK_CONSUMER) timestamp=11158 ms, used_size=7116800 bytes (17.4%)
(RDMA_READ_CONSUME_CHECK_CONSUMER) timestamp=11158 ms, used_size=7114752 bytes (17.4%)
(RDMA_READ_CONSUME_CHECK_CONSUMER) timestamp=11158 ms, used_size=7112704 bytes (17.4%)
(RDMA_READ_CONSUME_CHECK_CONSUMER) timestamp=11158 ms, used_size=7110656 bytes (17.4%)
(RDMA_READ_CONSUME_CHECK_CONSUMER) timestamp=11158 ms, used_size=7108608 bytes (17.4%)
(RDMA_READ_CONSUME_CHECK_CONSUMER) timestamp=11158 ms, used_size=7106560 bytes (17.4%)
(RDMA_READ_CONSUME_CHECK_CONSUMER) timestamp=11159 ms, used_size=7104512 bytes (17.3%)
(RDMA_READ_CONSUME_CHECK_CONSUMER) timestamp=11159 ms, used_size=7102464 bytes (17.3%)
(RDMA_READ_CONSUME_CHECK_CONSUMER) timestamp=11159 ms, used_size=7100416 bytes (17.3%)
(RDMA_READ_CONSUME_CHECK_CONSUMER) timestamp=11159 ms, used_size=7098368 bytes (17.3%)
(RDMA_READ_CONSUME_CHECK_CONSUMER) timestamp=11159 ms, used_size=7096320 bytes (17.3%)
(RDMA_READ_CONSUME_CHECK_CONSUMER) timestamp=11159 ms, used_size=7094272 bytes (17.3%)
(RDMA_READ_CONSUME_CHECK_CONSUMER) timestamp=11159 ms, used_size=7092224 bytes (17.3%)
(RDMA_READ_CONSUME_CHECK_CONSUMER) timestamp=11159 ms, used_size=7090176 bytes (17.3%)
(RDMA_READ_CONSUME_CHECK_CONSUMER) timestamp=11159 ms, used_size=7088128 bytes (17.3%)
(RDMA_READ_CONSUME_CHECK_CONSUMER) timestamp=11159 ms, used_size=7086080 bytes (17.3%)
(RDMA_READ_CONSUME_CHECK_CONSUMER) timestamp=11159 ms, used_size=7084032 bytes (17.3%)
(RDMA_READ_CONSUME_CHECK_CONSUMER) timestamp=11159 ms, used_size=7081984 bytes (17.3%)
(RDMA_READ_CONSUME_CHECK_CONSUMER) timestamp=11159 ms, used_size=7079936 bytes (17.3%)
(RDMA_READ_CONSUME_CHECK_CONSUMER) timestamp=11159 ms, used_size=7077888 bytes (17.3%)
(RDMA_READ_CONSUME_CHECK_CONSUMER) timestamp=11159 ms, used_size=7075840 bytes (17.3%)
(RDMA_READ_CONSUME_CHECK_CONSUMER) timestamp=11159 ms, used_size=7073792 bytes (17.3%)
(RDMA_READ_CONSUME_CHECK_CONSUMER) timestamp=11159 ms, used_size=7071744 bytes (17.3%)
(RDMA_READ_CONSUME_CHECK_CONSUMER) timestamp=11159 ms, used_size=7069696 bytes (17.3%)
(RDMA_READ_CONSUME_CHECK_CONSUMER) timestamp=11159 ms, used_size=7067648 bytes (17.3%)
(RDMA_READ_CONSUME_CHECK_CONSUMER) timestamp=11159 ms, used_size=7065600 bytes (17.2%)
(RDMA_READ_CONSUME_CHECK_CONSUMER) timestamp=11159 ms, used_size=7063552 bytes (17.2%)
(RDMA_READ_CONSUME_CHECK_CONSUMER) timestamp=11159 ms, used_size=7061504 bytes (17.2%)
(RDMA_READ_CONSUME_CHECK_CONSUMER) timestamp=11159 ms, used_size=7059456 bytes (17.2%)
(RDMA_READ_CONSUME_CHECK_CONSUMER) timestamp=11159 ms, used_size=7057408 bytes (17.2%)
(RDMA_READ_CONSUME_CHECK_CONSUMER) timestamp=11159 ms, used_size=7055360 bytes (17.2%)
(RDMA_READ_CONSUME_CHECK_CONSUMER) timestamp=11159 ms, used_size=7053312 bytes (17.2%)
(RDMA_READ_CONSUME_CHECK_CONSUMER) timestamp=11159 ms, used_size=7051264 bytes (17.2%)
(RDMA_READ_CONSUME_CHECK_CONSUMER) timestamp=11159 ms, used_size=7049216 bytes (17.2%)
(RDMA_READ_CONSUME_CHECK_CONSUMER) timestamp=11159 ms, used_size=7047168 bytes (17.2%)
(RDMA_READ_CONSUME_CHECK_CONSUMER) timestamp=11159 ms, used_size=7045120 bytes (17.2%)
(RDMA_READ_CONSUME_CHECK_CONSUMER) timestamp=11159 ms, used_size=7043072 bytes (17.2%)
(RDMA_READ_CONSUME_CHECK_CONSUMER) timestamp=11159 ms, used_size=7041024 bytes (17.2%)
(RDMA_READ_CONSUME_CHECK_CONSUMER) timestamp=11159 ms, used_size=7038976 bytes (17.2%)
(RDMA_READ_CONSUME_CHECK_CONSUMER) timestamp=11159 ms, used_size=7036928 bytes (17.2%)
(RDMA_READ_CONSUME_CHECK_CONSUMER) timestamp=11159 ms, used_size=7034880 bytes (17.2%)
(RDMA_READ_CONSUME_CHECK_CONSUMER) timestamp=11159 ms, used_size=7032832 bytes (17.2%)
(RDMA_READ_CONSUME_CHECK_CONSUMER) timestamp=11159 ms, used_size=7030784 bytes (17.2%)
(RDMA_READ_CONSUME_CHECK_CONSUMER) timestamp=11159 ms, used_size=7028736 bytes (17.2%)
(RDMA_READ_CONSUME_CHECK_CONSUMER) timestamp=11159 ms, used_size=7026688 bytes (17.2%)
(RDMA_READ_CONSUME_CHECK_CONSUMER) timestamp=11159 ms, used_size=7024640 bytes (17.1%)
(RDMA_READ_CONSUME_CHECK_CONSUMER) timestamp=11159 ms, used_size=7022592 bytes (17.1%)
(RDMA_READ_CONSUME_CHECK_CONSUMER) timestamp=11159 ms, used_size=7020544 bytes (17.1%)
(RDMA_READ_CONSUME_CHECK_CONSUMER) timestamp=11159 ms, used_size=7018496 bytes (17.1%)
(RDMA_READ_CONSUME_CHECK_CONSUMER) timestamp=11159 ms, used_size=7016448 bytes (17.1%)
(RDMA_READ_CONSUME_CHECK_CONSUMER) timestamp=11159 ms, used_size=7014400 bytes (17.1%)
(RDMA_READ_CONSUME_CHECK_CONSUMER) timestamp=11159 ms, used_size=7012352 bytes (17.1%)
(RDMA_READ_CONSUME_CHECK_CONSUMER) timestamp=11159 ms, used_size=7010304 bytes (17.1%)
(RDMA_READ_CONSUME_CHECK_CONSUMER) timestamp=11159 ms, used_size=7008256 bytes (17.1%)
(RDMA_READ_CONSUME_CHECK_CONSUMER) timestamp=11159 ms, used_size=7006208 bytes (17.1%)
(RDMA_READ_CONSUME_CHECK_CONSUMER) timestamp=11159 ms, used_size=7004160 bytes (17.1%)
(RDMA_READ_CONSUME_CHECK_CONSUMER) timestamp=11159 ms, used_size=7002112 bytes (17.1%)
(RDMA_READ_CONSUME_CHECK_CONSUMER) timestamp=11159 ms, used_size=7000064 bytes (17.1%)
(RDMA_READ_CONSUME_CHECK_CONSUMER) timestamp=11159 ms, used_size=6998016 bytes (17.1%)
(RDMA_READ_CONSUME_CHECK_CONSUMER) timestamp=11159 ms, used_size=6995968 bytes (17.1%)
(RDMA_READ_CONSUME_CHECK_CONSUMER) timestamp=11159 ms, used_size=6993920 bytes (17.1%)
(RDMA_READ_CONSUME_CHECK_CONSUMER) timestamp=11159 ms, used_size=6991872 bytes (17.1%)
(RDMA_READ_CONSUME_CHECK_CONSUMER) timestamp=11159 ms, used_size=6989824 bytes (17.1%)
(RDMA_READ_CONSUME_CHECK_CONSUMER) timestamp=11159 ms, used_size=6987776 bytes (17.1%)
(RDMA_READ_CONSUME_CHECK_CONSUMER) timestamp=11159 ms, used_size=6985728 bytes (17.1%)
(RDMA_READ_CONSUME_CHECK_CONSUMER) timestamp=11159 ms, used_size=6983680 bytes (17.1%)
(RDMA_READ_CONSUME_CHECK_CONSUMER) timestamp=11159 ms, used_size=6981632 bytes (17.0%)
(RDMA_READ_CONSUME_CHECK_CONSUMER) timestamp=11159 ms, used_size=6979584 bytes (17.0%)
(RDMA_READ_CONSUME_CHECK_CONSUMER) timestamp=11159 ms, used_size=6977536 bytes (17.0%)
(RDMA_READ_CONSUME_CHECK_CONSUMER) timestamp=11159 ms, used_size=6975488 bytes (17.0%)
(RDMA_READ_CONSUME_CHECK_CONSUMER) timestamp=11159 ms, used_size=6973440 bytes (17.0%)
(RDMA_READ_CONSUME_CHECK_CONSUMER) timestamp=11159 ms, used_size=6971392 bytes (17.0%)
(RDMA_READ_CONSUME_CHECK_CONSUMER) timestamp=11159 ms, used_size=6969344 bytes (17.0%)
(RDMA_READ_CONSUME_CHECK_CONSUMER) timestamp=11159 ms, used_size=6967296 bytes (17.0%)
(RDMA_READ_CONSUME_CHECK_CONSUMER) timestamp=11159 ms, used_size=6965248 bytes (17.0%)
(RDMA_READ_CONSUME_CHECK_CONSUMER) timestamp=11159 ms, used_size=6963200 bytes (17.0%)
(RDMA_READ_CONSUME_CHECK_CONSUMER) timestamp=11159 ms, used_size=6961152 bytes (17.0%)
(RDMA_READ_CONSUME_CHECK_CONSUMER) timestamp=11159 ms, used_size=6959104 bytes (17.0%)
(RDMA_READ_CONSUME_CHECK_CONSUMER) timestamp=11159 ms, used_size=6957056 bytes (17.0%)
(RDMA_READ_CONSUME_CHECK_CONSUMER) timestamp=11159 ms, used_size=6955008 bytes (17.0%)
(RDMA_READ_CONSUME_CHECK_CONSUMER) timestamp=11159 ms, used_size=6952960 bytes (17.0%)
(RDMA_READ_CONSUME_CHECK_CONSUMER) timestamp=11159 ms, used_size=6950912 bytes (17.0%)
(RDMA_READ_CONSUME_CHECK_CONSUMER) timestamp=11159 ms, used_size=6948864 bytes (17.0%)
(RDMA_READ_CONSUME_CHECK_CONSUMER) timestamp=11159 ms, used_size=6946816 bytes (17.0%)
(RDMA_READ_CONSUME_CHECK_CONSUMER) timestamp=11159 ms, used_size=6944768 bytes (17.0%)
(RDMA_READ_CONSUME_CHECK_CONSUMER) timestamp=11159 ms, used_size=6942720 bytes (16.9%)
(RDMA_READ_CONSUME_CHECK_CONSUMER) timestamp=11159 ms, used_size=6940672 bytes (16.9%)
(RDMA_READ_CONSUME_CHECK_CONSUMER) timestamp=11159 ms, used_size=6938624 bytes (16.9%)
(RDMA_READ_CONSUME_CHECK_CONSUMER) timestamp=11159 ms, used_size=6936576 bytes (16.9%)
(RDMA_READ_CONSUME_CHECK_CONSUMER) timestamp=11159 ms, used_size=6934528 bytes (16.9%)
(RDMA_READ_CONSUME_CHECK_CONSUMER) timestamp=11159 ms, used_size=6932480 bytes (16.9%)
(RDMA_READ_CONSUME_CHECK_CONSUMER) timestamp=11159 ms, used_size=6930432 bytes (16.9%)
(RDMA_READ_CONSUME_CHECK_CONSUMER) timestamp=11159 ms, used_size=6928384 bytes (16.9%)
(RDMA_READ_CONSUME_CHECK_CONSUMER) timestamp=11159 ms, used_size=6926336 bytes (16.9%)
(RDMA_READ_CONSUME_CHECK_CONSUMER) timestamp=11159 ms, used_size=6924288 bytes (16.9%)
(RDMA_READ_CONSUME_CHECK_CONSUMER) timestamp=11159 ms, used_size=6922240 bytes (16.9%)
(RDMA_READ_CONSUME_CHECK_CONSUMER) timestamp=11159 ms, used_size=6920192 bytes (16.9%)
(RDMA_READ_CONSUME_CHECK_CONSUMER) timestamp=11159 ms, used_size=6918144 bytes (16.9%)
(RDMA_READ_CONSUME_CHECK_CONSUMER) timestamp=11159 ms, used_size=6916096 bytes (16.9%)
(RDMA_READ_CONSUME_CHECK_CONSUMER) timestamp=11159 ms, used_size=6914048 bytes (16.9%)
(RDMA_READ_CONSUME_CHECK_CONSUMER) timestamp=11159 ms, used_size=6912000 bytes (16.9%)
(RDMA_READ_CONSUME_CHECK_CONSUMER) timestamp=11159 ms, used_size=6909952 bytes (16.9%)
(RDMA_READ_CONSUME_CHECK_CONSUMER) timestamp=11159 ms, used_size=6907904 bytes (16.9%)
(RDMA_READ_CONSUME_CHECK_CONSUMER) timestamp=11159 ms, used_size=6905856 bytes (16.9%)
(RDMA_READ_CONSUME_CHECK_CONSUMER) timestamp=11159 ms, used_size=6903808 bytes (16.9%)
(RDMA_READ_CONSUME_CHECK_CONSUMER) timestamp=11159 ms, used_size=6901760 bytes (16.9%)
(RDMA_READ_CONSUME_CHECK_CONSUMER) timestamp=11159 ms, used_size=6899712 bytes (16.8%)
(RDMA_READ_CONSUME_CHECK_CONSUMER) timestamp=11159 ms, used_size=6897664 bytes (16.8%)
(RDMA_READ_CONSUME_CHECK_CONSUMER) timestamp=11159 ms, used_size=6895616 bytes (16.8%)
(RDMA_READ_CONSUME_CHECK_CONSUMER) timestamp=11159 ms, used_size=6893568 bytes (16.8%)
(RDMA_READ_CONSUME_CHECK_CONSUMER) timestamp=11159 ms, used_size=6891520 bytes (16.8%)
(RDMA_READ_CONSUME_CHECK_CONSUMER) timestamp=11159 ms, used_size=6889472 bytes (16.8%)
(RDMA_READ_CONSUME_CHECK_CONSUMER) timestamp=11159 ms, used_size=6887424 bytes (16.8%)
(RDMA_READ_CONSUME_CHECK_CONSUMER) timestamp=11159 ms, used_size=6885376 bytes (16.8%)
(RDMA_READ_CONSUME_CHECK_CONSUMER) timestamp=11159 ms, used_size=6883328 bytes (16.8%)
(RDMA_READ_CONSUME_CHECK_CONSUMER) timestamp=11159 ms, used_size=6881280 bytes (16.8%)
(RDMA_READ_CONSUME_CHECK_CONSUMER) timestamp=11159 ms, used_size=6879232 bytes (16.8%)
(RDMA_READ_CONSUME_CHECK_CONSUMER) timestamp=11159 ms, used_size=6877184 bytes (16.8%)
(RDMA_READ_CONSUME_CHECK_CONSUMER) timestamp=11159 ms, used_size=6875136 bytes (16.8%)
(RDMA_READ_CONSUME_CHECK_CONSUMER) timestamp=11159 ms, used_size=6873088 bytes (16.8%)
(RDMA_READ_CONSUME_CHECK_CONSUMER) timestamp=11159 ms, used_size=6871040 bytes (16.8%)
(RDMA_READ_CONSUME_CHECK_CONSUMER) timestamp=11159 ms, used_size=6868992 bytes (16.8%)
(RDMA_READ_CONSUME_CHECK_CONSUMER) timestamp=11159 ms, used_size=6866944 bytes (16.8%)
(RDMA_READ_CONSUME_CHECK_CONSUMER) timestamp=11159 ms, used_size=6864896 bytes (16.8%)
(RDMA_READ_CONSUME_CHECK_CONSUMER) timestamp=11159 ms, used_size=6862848 bytes (16.8%)
(RDMA_READ_CONSUME_CHECK_CONSUMER) timestamp=11159 ms, used_size=6860800 bytes (16.8%)
(RDMA_READ_CONSUME_CHECK_CONSUMER) timestamp=11159 ms, used_size=6858752 bytes (16.7%)
(RDMA_READ_CONSUME_CHECK_CONSUMER) timestamp=11159 ms, used_size=6856704 bytes (16.7%)
(RDMA_READ_CONSUME_CHECK_CONSUMER) timestamp=11159 ms, used_size=6854656 bytes (16.7%)
(RDMA_READ_CONSUME_CHECK_CONSUMER) timestamp=11159 ms, used_size=6852608 bytes (16.7%)
(RDMA_READ_CONSUME_CHECK_CONSUMER) timestamp=11159 ms, used_size=6850560 bytes (16.7%)
(RDMA_READ_CONSUME_CHECK_CONSUMER) timestamp=11159 ms, used_size=6848512 bytes (16.7%)
(RDMA_READ_CONSUME_CHECK_CONSUMER) timestamp=11159 ms, used_size=6846464 bytes (16.7%)
(RDMA_READ_CONSUME_CHECK_CONSUMER) timestamp=11159 ms, used_size=6844416 bytes (16.7%)
(RDMA_READ_CONSUME_CHECK_CONSUMER) timestamp=11159 ms, used_size=6842368 bytes (16.7%)
(RDMA_READ_CONSUME_CHECK_CONSUMER) timestamp=11159 ms, used_size=6840320 bytes (16.7%)
(RDMA_READ_CONSUME_CHECK_CONSUMER) timestamp=11159 ms, used_size=6838272 bytes (16.7%)
(RDMA_READ_CONSUME_CHECK_CONSUMER) timestamp=11159 ms, used_size=6836224 bytes (16.7%)
(RDMA_READ_CONSUME_CHECK_CONSUMER) timestamp=11159 ms, used_size=6834176 bytes (16.7%)
(RDMA_READ_CONSUME_CHECK_CONSUMER) timestamp=11159 ms, used_size=6832128 bytes (16.7%)
(RDMA_READ_CONSUME_CHECK_CONSUMER) timestamp=11159 ms, used_size=6830080 bytes (16.7%)
(RDMA_READ_CONSUME_CHECK_CONSUMER) timestamp=11159 ms, used_size=6828032 bytes (16.7%)
(RDMA_READ_CONSUME_CHECK_CONSUMER) timestamp=11159 ms, used_size=6825984 bytes (16.7%)
(RDMA_READ_CONSUME_CHECK_CONSUMER) timestamp=11159 ms, used_size=6823936 bytes (16.7%)
(RDMA_READ_CONSUME_CHECK_CONSUMER) timestamp=11159 ms, used_size=6821888 bytes (16.7%)
(RDMA_READ_CONSUME_CHECK_CONSUMER) timestamp=11159 ms, used_size=6819840 bytes (16.6%)
(RDMA_READ_CONSUME_CHECK_CONSUMER) timestamp=11159 ms, used_size=6817792 bytes (16.6%)
(RDMA_READ_CONSUME_CHECK_CONSUMER) timestamp=11159 ms, used_size=6815744 bytes (16.6%)
(RDMA_READ_CONSUME_CHECK_CONSUMER) timestamp=11159 ms, used_size=6813696 bytes (16.6%)
(RDMA_READ_CONSUME_CHECK_CONSUMER) timestamp=11159 ms, used_size=6811648 bytes (16.6%)
(RDMA_READ_CONSUME_CHECK_CONSUMER) timestamp=11159 ms, used_size=6809600 bytes (16.6%)
(RDMA_READ_CONSUME_CHECK_CONSUMER) timestamp=11159 ms, used_size=6807552 bytes (16.6%)
(RDMA_READ_CONSUME_CHECK_CONSUMER) timestamp=11159 ms, used_size=6805504 bytes (16.6%)
(RDMA_READ_CONSUME_CHECK_CONSUMER) timestamp=11159 ms, used_size=6803456 bytes (16.6%)
(RDMA_READ_CONSUME_CHECK_CONSUMER) timestamp=11159 ms, used_size=6801408 bytes (16.6%)
(RDMA_READ_CONSUME_CHECK_CONSUMER) timestamp=11159 ms, used_size=6799360 bytes (16.6%)
(RDMA_READ_CONSUME_CHECK_CONSUMER) timestamp=11159 ms, used_size=6797312 bytes (16.6%)
(RDMA_READ_CONSUME_CHECK_CONSUMER) timestamp=11159 ms, used_size=6795264 bytes (16.6%)
(RDMA_READ_CONSUME_CHECK_CONSUMER) timestamp=11159 ms, used_size=6793216 bytes (16.6%)
(RDMA_READ_CONSUME_CHECK_CONSUMER) timestamp=11159 ms, used_size=6791168 bytes (16.6%)
(RDMA_READ_CONSUME_CHECK_CONSUMER) timestamp=11159 ms, used_size=6789120 bytes (16.6%)
(RDMA_READ_CONSUME_CHECK_CONSUMER) timestamp=11159 ms, used_size=6787072 bytes (16.6%)
(RDMA_READ_CONSUME_CHECK_CONSUMER) timestamp=11159 ms, used_size=6785024 bytes (16.6%)
(RDMA_READ_CONSUME_CHECK_CONSUMER) timestamp=11159 ms, used_size=6782976 bytes (16.6%)
(RDMA_READ_CONSUME_CHECK_CONSUMER) timestamp=11159 ms, used_size=6780928 bytes (16.6%)
(RDMA_READ_CONSUME_CHECK_CONSUMER) timestamp=11159 ms, used_size=6778880 bytes (16.6%)
(RDMA_READ_CONSUME_CHECK_CONSUMER) timestamp=11159 ms, used_size=6776832 bytes (16.5%)
(RDMA_READ_CONSUME_CHECK_CONSUMER) timestamp=11159 ms, used_size=6774784 bytes (16.5%)
(RDMA_READ_CONSUME_CHECK_CONSUMER) timestamp=11159 ms, used_size=6772736 bytes (16.5%)
(RDMA_READ_CONSUME_CHECK_CONSUMER) timestamp=11159 ms, used_size=6770688 bytes (16.5%)
(RDMA_READ_CONSUME_CHECK_CONSUMER) timestamp=11159 ms, used_size=6768640 bytes (16.5%)
(RDMA_READ_CONSUME_CHECK_CONSUMER) timestamp=11159 ms, used_size=6766592 bytes (16.5%)
(RDMA_READ_CONSUME_CHECK_CONSUMER) timestamp=11159 ms, used_size=6764544 bytes (16.5%)
(RDMA_READ_CONSUME_CHECK_CONSUMER) timestamp=11159 ms, used_size=6762496 bytes (16.5%)
(RDMA_READ_CONSUME_CHECK_CONSUMER) timestamp=11159 ms, used_size=6760448 bytes (16.5%)
(RDMA_READ_CONSUME_CHECK_CONSUMER) timestamp=11159 ms, used_size=6758400 bytes (16.5%)
(RDMA_READ_CONSUME_CHECK_CONSUMER) timestamp=11159 ms, used_size=6756352 bytes (16.5%)
(RDMA_READ_CONSUME_CHECK_CONSUMER) timestamp=11159 ms, used_size=6754304 bytes (16.5%)
(RDMA_READ_CONSUME_CHECK_CONSUMER) timestamp=11160 ms, used_size=6752256 bytes (16.5%)
(RDMA_READ_CONSUME_CHECK_CONSUMER) timestamp=11160 ms, used_size=6750208 bytes (16.5%)
(RDMA_READ_CONSUME_CHECK_CONSUMER) timestamp=11160 ms, used_size=6748160 bytes (16.5%)
(RDMA_READ_CONSUME_CHECK_CONSUMER) timestamp=11160 ms, used_size=6746112 bytes (16.5%)
(RDMA_READ_CONSUME_CHECK_CONSUMER) timestamp=11160 ms, used_size=6744064 bytes (16.5%)
(RDMA_READ_CONSUME_CHECK_CONSUMER) timestamp=11160 ms, used_size=6742016 bytes (16.5%)
(RDMA_READ_CONSUME_CHECK_CONSUMER) timestamp=11160 ms, used_size=6739968 bytes (16.5%)
(RDMA_READ_CONSUME_CHECK_CONSUMER) timestamp=11160 ms, used_size=6737920 bytes (16.4%)
(RDMA_READ_CONSUME_CHECK_CONSUMER) timestamp=11160 ms, used_size=6735872 bytes (16.4%)
(RDMA_READ_CONSUME_CHECK_CONSUMER) timestamp=11160 ms, used_size=6733824 bytes (16.4%)
(RDMA_READ_CONSUME_CHECK_CONSUMER) timestamp=11160 ms, used_size=6731776 bytes (16.4%)
(RDMA_READ_CONSUME_CHECK_CONSUMER) timestamp=11160 ms, used_size=6729728 bytes (16.4%)
(RDMA_READ_CONSUME_CHECK_CONSUMER) timestamp=11160 ms, used_size=6727680 bytes (16.4%)
(RDMA_READ_CONSUME_CHECK_CONSUMER) timestamp=11160 ms, used_size=6725632 bytes (16.4%)
(RDMA_READ_CONSUME_CHECK_CONSUMER) timestamp=11160 ms, used_size=6723584 bytes (16.4%)
(RDMA_READ_CONSUME_CHECK_CONSUMER) timestamp=11160 ms, used_size=6721536 bytes (16.4%)
(RDMA_READ_CONSUME_CHECK_CONSUMER) timestamp=11160 ms, used_size=6719488 bytes (16.4%)
(RDMA_READ_CONSUME_CHECK_CONSUMER) timestamp=11160 ms, used_size=6717440 bytes (16.4%)
(RDMA_READ_CONSUME_CHECK_CONSUMER) timestamp=11160 ms, used_size=6715392 bytes (16.4%)
(RDMA_READ_CONSUME_CHECK_CONSUMER) timestamp=11160 ms, used_size=6713344 bytes (16.4%)
(RDMA_READ_CONSUME_CHECK_CONSUMER) timestamp=11160 ms, used_size=6711296 bytes (16.4%)
(RDMA_READ_CONSUME_CHECK_CONSUMER) timestamp=11160 ms, used_size=6709248 bytes (16.4%)
(RDMA_READ_CONSUME_CHECK_CONSUMER) timestamp=11160 ms, used_size=6707200 bytes (16.4%)
(RDMA_READ_CONSUME_CHECK_CONSUMER) timestamp=11160 ms, used_size=6705152 bytes (16.4%)
(RDMA_READ_CONSUME_CHECK_CONSUMER) timestamp=11160 ms, used_size=6703104 bytes (16.4%)
(RDMA_READ_CONSUME_CHECK_CONSUMER) timestamp=11160 ms, used_size=6701056 bytes (16.4%)
(RDMA_READ_CONSUME_CHECK_CONSUMER) timestamp=11160 ms, used_size=6699008 bytes (16.4%)
(RDMA_READ_CONSUME_CHECK_CONSUMER) timestamp=11160 ms, used_size=6696960 bytes (16.4%)
(RDMA_READ_CONSUME_CHECK_CONSUMER) timestamp=11160 ms, used_size=6694912 bytes (16.3%)
(RDMA_READ_CONSUME_CHECK_CONSUMER) timestamp=11160 ms, used_size=6692864 bytes (16.3%)
(RDMA_READ_CONSUME_CHECK_CONSUMER) timestamp=11160 ms, used_size=6690816 bytes (16.3%)
(RDMA_READ_CONSUME_CHECK_CONSUMER) timestamp=11160 ms, used_size=6688768 bytes (16.3%)
(RDMA_READ_CONSUME_CHECK_CONSUMER) timestamp=11160 ms, used_size=6686720 bytes (16.3%)
(RDMA_READ_CONSUME_CHECK_CONSUMER) timestamp=11160 ms, used_size=6684672 bytes (16.3%)
(RDMA_READ_CONSUME_CHECK_CONSUMER) timestamp=11160 ms, used_size=6682624 bytes (16.3%)
(RDMA_READ_CONSUME_CHECK_CONSUMER) timestamp=11160 ms, used_size=6680576 bytes (16.3%)
(RDMA_READ_CONSUME_CHECK_CONSUMER) timestamp=11160 ms, used_size=6678528 bytes (16.3%)
(RDMA_READ_CONSUME_CHECK_CONSUMER) timestamp=11160 ms, used_size=6676480 bytes (16.3%)
(RDMA_READ_CONSUME_CHECK_CONSUMER) timestamp=11160 ms, used_size=6674432 bytes (16.3%)
(RDMA_READ_CONSUME_CHECK_CONSUMER) timestamp=11160 ms, used_size=6672384 bytes (16.3%)
(RDMA_READ_CONSUME_CHECK_CONSUMER) timestamp=11160 ms, used_size=6670336 bytes (16.3%)
(RDMA_READ_CONSUME_CHECK_CONSUMER) timestamp=11160 ms, used_size=6668288 bytes (16.3%)
(RDMA_READ_CONSUME_CHECK_CONSUMER) timestamp=11160 ms, used_size=6666240 bytes (16.3%)
(RDMA_READ_CONSUME_CHECK_CONSUMER) timestamp=11160 ms, used_size=6664192 bytes (16.3%)
(RDMA_READ_CONSUME_CHECK_CONSUMER) timestamp=11160 ms, used_size=6662144 bytes (16.3%)
(RDMA_READ_CONSUME_CHECK_CONSUMER) timestamp=11160 ms, used_size=6660096 bytes (16.3%)
(RDMA_READ_CONSUME_CHECK_CONSUMER) timestamp=11160 ms, used_size=6658048 bytes (16.3%)
(RDMA_READ_CONSUME_CHECK_CONSUMER) timestamp=11160 ms, used_size=6656000 bytes (16.2%)
(RDMA_READ_CONSUME_CHECK_CONSUMER) timestamp=11160 ms, used_size=6653952 bytes (16.2%)
(RDMA_READ_CONSUME_CHECK_CONSUMER) timestamp=11160 ms, used_size=6651904 bytes (16.2%)
(RDMA_READ_CONSUME_CHECK_CONSUMER) timestamp=11160 ms, used_size=6649856 bytes (16.2%)
(RDMA_READ_CONSUME_CHECK_CONSUMER) timestamp=11160 ms, used_size=6647808 bytes (16.2%)
(RDMA_READ_CONSUME_CHECK_CONSUMER) timestamp=11160 ms, used_size=6645760 bytes (16.2%)
(RDMA_READ_CONSUME_CHECK_CONSUMER) timestamp=11160 ms, used_size=6643712 bytes (16.2%)
(RDMA_READ_CONSUME_CHECK_CONSUMER) timestamp=11160 ms, used_size=6641664 bytes (16.2%)
(RDMA_READ_CONSUME_CHECK_CONSUMER) timestamp=11160 ms, used_size=6639616 bytes (16.2%)
(RDMA_READ_CONSUME_CHECK_CONSUMER) timestamp=11160 ms, used_size=6637568 bytes (16.2%)
(RDMA_READ_CONSUME_CHECK_CONSUMER) timestamp=11160 ms, used_size=6635520 bytes (16.2%)
(RDMA_READ_CONSUME_CHECK_CONSUMER) timestamp=11160 ms, used_size=6633472 bytes (16.2%)
(RDMA_READ_CONSUME_CHECK_CONSUMER) timestamp=11160 ms, used_size=6631424 bytes (16.2%)
(RDMA_READ_CONSUME_CHECK_CONSUMER) timestamp=11160 ms, used_size=6629376 bytes (16.2%)
(RDMA_READ_CONSUME_CHECK_CONSUMER) timestamp=11160 ms, used_size=6627328 bytes (16.2%)
(RDMA_READ_CONSUME_CHECK_CONSUMER) timestamp=11160 ms, used_size=6625280 bytes (16.2%)
(RDMA_READ_CONSUME_CHECK_CONSUMER) timestamp=11160 ms, used_size=6623232 bytes (16.2%)
(RDMA_READ_CONSUME_CHECK_CONSUMER) timestamp=11160 ms, used_size=6621184 bytes (16.2%)
(RDMA_READ_CONSUME_CHECK_CONSUMER) timestamp=11160 ms, used_size=6619136 bytes (16.2%)
(RDMA_READ_CONSUME_CHECK_CONSUMER) timestamp=11160 ms, used_size=6617088 bytes (16.2%)
(RDMA_READ_CONSUME_CHECK_CONSUMER) timestamp=11160 ms, used_size=6615040 bytes (16.1%)
(RDMA_READ_CONSUME_CHECK_CONSUMER) timestamp=11160 ms, used_size=6612992 bytes (16.1%)
(RDMA_READ_CONSUME_CHECK_CONSUMER) timestamp=11160 ms, used_size=6610944 bytes (16.1%)
(RDMA_READ_CONSUME_CHECK_CONSUMER) timestamp=11160 ms, used_size=6608896 bytes (16.1%)
(RDMA_READ_CONSUME_CHECK_CONSUMER) timestamp=11160 ms, used_size=6606848 bytes (16.1%)
(RDMA_READ_CONSUME_CHECK_CONSUMER) timestamp=11160 ms, used_size=6604800 bytes (16.1%)
(RDMA_READ_CONSUME_CHECK_CONSUMER) timestamp=11160 ms, used_size=6602752 bytes (16.1%)
(RDMA_READ_CONSUME_CHECK_CONSUMER) timestamp=11160 ms, used_size=6600704 bytes (16.1%)
(RDMA_READ_CONSUME_CHECK_CONSUMER) timestamp=11160 ms, used_size=6598656 bytes (16.1%)
(RDMA_READ_CONSUME_CHECK_CONSUMER) timestamp=11160 ms, used_size=6596608 bytes (16.1%)
(RDMA_READ_CONSUME_CHECK_CONSUMER) timestamp=11160 ms, used_size=6594560 bytes (16.1%)
(RDMA_READ_CONSUME_CHECK_CONSUMER) timestamp=11160 ms, used_size=6592512 bytes (16.1%)
(RDMA_READ_CONSUME_CHECK_CONSUMER) timestamp=11160 ms, used_size=6590464 bytes (16.1%)
(RDMA_READ_CONSUME_CHECK_CONSUMER) timestamp=11160 ms, used_size=6588416 bytes (16.1%)
(RDMA_READ_CONSUME_CHECK_CONSUMER) timestamp=11160 ms, used_size=6586368 bytes (16.1%)
(RDMA_READ_CONSUME_CHECK_CONSUMER) timestamp=11160 ms, used_size=6584320 bytes (16.1%)
(RDMA_READ_CONSUME_CHECK_CONSUMER) timestamp=11160 ms, used_size=6582272 bytes (16.1%)
(RDMA_READ_CONSUME_CHECK_CONSUMER) timestamp=11160 ms, used_size=6580224 bytes (16.1%)
(RDMA_READ_CONSUME_CHECK_CONSUMER) timestamp=11160 ms, used_size=6578176 bytes (16.1%)
(RDMA_READ_CONSUME_CHECK_CONSUMER) timestamp=11160 ms, used_size=6576128 bytes (16.1%)
(RDMA_READ_CONSUME_CHECK_CONSUMER) timestamp=11160 ms, used_size=6574080 bytes (16.1%)
(RDMA_READ_CONSUME_CHECK_CONSUMER) timestamp=11160 ms, used_size=6572032 bytes (16.0%)
(RDMA_READ_CONSUME_CHECK_CONSUMER) timestamp=11160 ms, used_size=6569984 bytes (16.0%)
(RDMA_READ_CONSUME_CHECK_CONSUMER) timestamp=11160 ms, used_size=6567936 bytes (16.0%)
(RDMA_READ_CONSUME_CHECK_CONSUMER) timestamp=11160 ms, used_size=6565888 bytes (16.0%)
(RDMA_READ_CONSUME_CHECK_CONSUMER) timestamp=11160 ms, used_size=6563840 bytes (16.0%)
(RDMA_READ_CONSUME_CHECK_CONSUMER) timestamp=11160 ms, used_size=6561792 bytes (16.0%)
(RDMA_READ_CONSUME_CHECK_CONSUMER) timestamp=11160 ms, used_size=6559744 bytes (16.0%)
(RDMA_READ_CONSUME_CHECK_CONSUMER) timestamp=11160 ms, used_size=6557696 bytes (16.0%)
(RDMA_READ_CONSUME_CHECK_CONSUMER) timestamp=11160 ms, used_size=6555648 bytes (16.0%)
(RDMA_READ_CONSUME_CHECK_CONSUMER) timestamp=11160 ms, used_size=6553600 bytes (16.0%)
(RDMA_READ_CONSUME_CHECK_CONSUMER) timestamp=11160 ms, used_size=6551552 bytes (16.0%)
(RDMA_READ_CONSUME_CHECK_CONSUMER) timestamp=11160 ms, used_size=6549504 bytes (16.0%)
(RDMA_READ_CONSUME_CHECK_CONSUMER) timestamp=11160 ms, used_size=6547456 bytes (16.0%)
(RDMA_READ_CONSUME_CHECK_CONSUMER) timestamp=11160 ms, used_size=6545408 bytes (16.0%)
(RDMA_READ_CONSUME_CHECK_CONSUMER) timestamp=11160 ms, used_size=6543360 bytes (16.0%)
(RDMA_READ_CONSUME_CHECK_CONSUMER) timestamp=11160 ms, used_size=6541312 bytes (16.0%)
(RDMA_READ_CONSUME_CHECK_CONSUMER) timestamp=11160 ms, used_size=6539264 bytes (16.0%)
(RDMA_READ_CONSUME_CHECK_CONSUMER) timestamp=11160 ms, used_size=6537216 bytes (16.0%)
(RDMA_READ_CONSUME_CHECK_CONSUMER) timestamp=11160 ms, used_size=6535168 bytes (16.0%)
(RDMA_READ_CONSUME_CHECK_CONSUMER) timestamp=11160 ms, used_size=6533120 bytes (15.9%)
(RDMA_READ_CONSUME_CHECK_CONSUMER) timestamp=11160 ms, used_size=6531072 bytes (15.9%)
(RDMA_READ_CONSUME_CHECK_CONSUMER) timestamp=11160 ms, used_size=6529024 bytes (15.9%)
(RDMA_READ_CONSUME_CHECK_CONSUMER) timestamp=11160 ms, used_size=6526976 bytes (15.9%)
(RDMA_READ_CONSUME_CHECK_CONSUMER) timestamp=11160 ms, used_size=6524928 bytes (15.9%)
(RDMA_READ_CONSUME_CHECK_CONSUMER) timestamp=11160 ms, used_size=6522880 bytes (15.9%)
(RDMA_READ_CONSUME_CHECK_CONSUMER) timestamp=11160 ms, used_size=6520832 bytes (15.9%)
(RDMA_READ_CONSUME_CHECK_CONSUMER) timestamp=11160 ms, used_size=6518784 bytes (15.9%)
(RDMA_READ_CONSUME_CHECK_CONSUMER) timestamp=11160 ms, used_size=6516736 bytes (15.9%)
(RDMA_READ_CONSUME_CHECK_CONSUMER) timestamp=11160 ms, used_size=6514688 bytes (15.9%)
(RDMA_READ_CONSUME_CHECK_CONSUMER) timestamp=11160 ms, used_size=6512640 bytes (15.9%)
(RDMA_READ_CONSUME_CHECK_CONSUMER) timestamp=11160 ms, used_size=6510592 bytes (15.9%)
(RDMA_READ_CONSUME_CHECK_CONSUMER) timestamp=11160 ms, used_size=6508544 bytes (15.9%)
(RDMA_READ_CONSUME_CHECK_CONSUMER) timestamp=11160 ms, used_size=6506496 bytes (15.9%)
(RDMA_READ_CONSUME_CHECK_CONSUMER) timestamp=11160 ms, used_size=6504448 bytes (15.9%)
(RDMA_READ_CONSUME_CHECK_CONSUMER) timestamp=11160 ms, used_size=6502400 bytes (15.9%)
(RDMA_READ_CONSUME_CHECK_CONSUMER) timestamp=11160 ms, used_size=6500352 bytes (15.9%)
(RDMA_READ_CONSUME_CHECK_CONSUMER) timestamp=11160 ms, used_size=6498304 bytes (15.9%)
(RDMA_READ_CONSUME_CHECK_CONSUMER) timestamp=11160 ms, used_size=6496256 bytes (15.9%)
(RDMA_READ_CONSUME_CHECK_CONSUMER) timestamp=11160 ms, used_size=6494208 bytes (15.9%)
(RDMA_READ_CONSUME_CHECK_CONSUMER) timestamp=11160 ms, used_size=6492160 bytes (15.8%)
(RDMA_READ_CONSUME_CHECK_CONSUMER) timestamp=11160 ms, used_size=6490112 bytes (15.8%)
(RDMA_READ_CONSUME_CHECK_CONSUMER) timestamp=11160 ms, used_size=6488064 bytes (15.8%)
(RDMA_READ_CONSUME_CHECK_CONSUMER) timestamp=11160 ms, used_size=6486016 bytes (15.8%)
(RDMA_READ_CONSUME_CHECK_CONSUMER) timestamp=11160 ms, used_size=6483968 bytes (15.8%)
(RDMA_READ_CONSUME_CHECK_CONSUMER) timestamp=11160 ms, used_size=6481920 bytes (15.8%)
(RDMA_READ_CONSUME_CHECK_CONSUMER) timestamp=11160 ms, used_size=6479872 bytes (15.8%)
(RDMA_READ_CONSUME_CHECK_CONSUMER) timestamp=11160 ms, used_size=6477824 bytes (15.8%)
(RDMA_READ_CONSUME_CHECK_CONSUMER) timestamp=11160 ms, used_size=6475776 bytes (15.8%)
(RDMA_READ_CONSUME_CHECK_CONSUMER) timestamp=11160 ms, used_size=6473728 bytes (15.8%)
(RDMA_READ_CONSUME_CHECK_CONSUMER) timestamp=11160 ms, used_size=6471680 bytes (15.8%)
(RDMA_READ_CONSUME_CHECK_CONSUMER) timestamp=11160 ms, used_size=6469632 bytes (15.8%)
(RDMA_READ_CONSUME_CHECK_CONSUMER) timestamp=11160 ms, used_size=6467584 bytes (15.8%)
(RDMA_READ_CONSUME_CHECK_CONSUMER) timestamp=11160 ms, used_size=6465536 bytes (15.8%)
(RDMA_READ_CONSUME_CHECK_CONSUMER) timestamp=11160 ms, used_size=6463488 bytes (15.8%)
(RDMA_READ_CONSUME_CHECK_CONSUMER) timestamp=11160 ms, used_size=6461440 bytes (15.8%)
(RDMA_READ_CONSUME_CHECK_CONSUMER) timestamp=11160 ms, used_size=6459392 bytes (15.8%)
(RDMA_READ_CONSUME_CHECK_CONSUMER) timestamp=11160 ms, used_size=6457344 bytes (15.8%)
(RDMA_READ_CONSUME_CHECK_CONSUMER) timestamp=11160 ms, used_size=6455296 bytes (15.8%)
(RDMA_READ_CONSUME_CHECK_CONSUMER) timestamp=11160 ms, used_size=6453248 bytes (15.8%)
(RDMA_READ_CONSUME_CHECK_CONSUMER) timestamp=11160 ms, used_size=6451200 bytes (15.8%)
(RDMA_READ_CONSUME_CHECK_CONSUMER) timestamp=11160 ms, used_size=6449152 bytes (15.7%)
(RDMA_READ_CONSUME_CHECK_CONSUMER) timestamp=11160 ms, used_size=6447104 bytes (15.7%)
(RDMA_READ_CONSUME_CHECK_CONSUMER) timestamp=11160 ms, used_size=6445056 bytes (15.7%)
(RDMA_READ_CONSUME_CHECK_CONSUMER) timestamp=11160 ms, used_size=6443008 bytes (15.7%)
(RDMA_READ_CONSUME_CHECK_CONSUMER) timestamp=11160 ms, used_size=6440960 bytes (15.7%)
(RDMA_READ_CONSUME_CHECK_CONSUMER) timestamp=11160 ms, used_size=6438912 bytes (15.7%)
(RDMA_READ_CONSUME_CHECK_CONSUMER) timestamp=11160 ms, used_size=6436864 bytes (15.7%)
(RDMA_READ_CONSUME_CHECK_CONSUMER) timestamp=11160 ms, used_size=6434816 bytes (15.7%)
(RDMA_READ_CONSUME_CHECK_CONSUMER) timestamp=11160 ms, used_size=6432768 bytes (15.7%)
(RDMA_READ_CONSUME_CHECK_CONSUMER) timestamp=11160 ms, used_size=6430720 bytes (15.7%)
(RDMA_READ_CONSUME_CHECK_CONSUMER) timestamp=11160 ms, used_size=6428672 bytes (15.7%)
(RDMA_READ_CONSUME_CHECK_CONSUMER) timestamp=11160 ms, used_size=6426624 bytes (15.7%)
(RDMA_READ_CONSUME_CHECK_CONSUMER) timestamp=11160 ms, used_size=6424576 bytes (15.7%)
(RDMA_READ_CONSUME_CHECK_CONSUMER) timestamp=11160 ms, used_size=6422528 bytes (15.7%)
(RDMA_READ_CONSUME_CHECK_CONSUMER) timestamp=11160 ms, used_size=6420480 bytes (15.7%)
(RDMA_READ_CONSUME_CHECK_CONSUMER) timestamp=11160 ms, used_size=6418432 bytes (15.7%)
(RDMA_READ_CONSUME_CHECK_CONSUMER) timestamp=11160 ms, used_size=6416384 bytes (15.7%)
(RDMA_READ_CONSUME_CHECK_CONSUMER) timestamp=11160 ms, used_size=6414336 bytes (15.7%)
(RDMA_READ_CONSUME_CHECK_CONSUMER) timestamp=11160 ms, used_size=6412288 bytes (15.7%)
(RDMA_READ_CONSUME_CHECK_CONSUMER) timestamp=11160 ms, used_size=6410240 bytes (15.7%)
(RDMA_READ_CONSUME_CHECK_CONSUMER) timestamp=11160 ms, used_size=6408192 bytes (15.6%)
(RDMA_READ_CONSUME_CHECK_CONSUMER) timestamp=11160 ms, used_size=6406144 bytes (15.6%)
(RDMA_READ_CONSUME_CHECK_CONSUMER) timestamp=11160 ms, used_size=6404096 bytes (15.6%)
(RDMA_READ_CONSUME_CHECK_CONSUMER) timestamp=11160 ms, used_size=6402048 bytes (15.6%)
(RDMA_READ_CONSUME_CHECK_CONSUMER) timestamp=11160 ms, used_size=6400000 bytes (15.6%)
(RDMA_READ_CONSUME_CHECK_CONSUMER) timestamp=11160 ms, used_size=6397952 bytes (15.6%)
(RDMA_READ_CONSUME_CHECK_CONSUMER) timestamp=11160 ms, used_size=6395904 bytes (15.6%)
(RDMA_READ_CONSUME_CHECK_CONSUMER) timestamp=11161 ms, used_size=6393856 bytes (15.6%)
(RDMA_READ_CONSUME_CHECK_CONSUMER) timestamp=11161 ms, used_size=6391808 bytes (15.6%)
(RDMA_READ_CONSUME_CHECK_CONSUMER) timestamp=11161 ms, used_size=6389760 bytes (15.6%)
(RDMA_READ_CONSUME_CHECK_CONSUMER) timestamp=11161 ms, used_size=6387712 bytes (15.6%)
(RDMA_READ_CONSUME_CHECK_CONSUMER) timestamp=11161 ms, used_size=6385664 bytes (15.6%)
(RDMA_READ_CONSUME_CHECK_CONSUMER) timestamp=11161 ms, used_size=6383616 bytes (15.6%)
(RDMA_READ_CONSUME_CHECK_CONSUMER) timestamp=11161 ms, used_size=6381568 bytes (15.6%)
(RDMA_READ_CONSUME_CHECK_CONSUMER) timestamp=11161 ms, used_size=6379520 bytes (15.6%)
(RDMA_READ_CONSUME_CHECK_CONSUMER) timestamp=11161 ms, used_size=6377472 bytes (15.6%)
(RDMA_READ_CONSUME_CHECK_CONSUMER) timestamp=11161 ms, used_size=6375424 bytes (15.6%)
(RDMA_READ_CONSUME_CHECK_CONSUMER) timestamp=11161 ms, used_size=6373376 bytes (15.6%)
(RDMA_READ_CONSUME_CHECK_CONSUMER) timestamp=11161 ms, used_size=6371328 bytes (15.6%)
(RDMA_READ_CONSUME_CHECK_CONSUMER) timestamp=11161 ms, used_size=6369280 bytes (15.6%)
(RDMA_READ_CONSUME_CHECK_CONSUMER) timestamp=11161 ms, used_size=6367232 bytes (15.5%)
(RDMA_READ_CONSUME_CHECK_CONSUMER) timestamp=11161 ms, used_size=6365184 bytes (15.5%)
(RDMA_READ_CONSUME_CHECK_CONSUMER) timestamp=11161 ms, used_size=6363136 bytes (15.5%)
(RDMA_READ_CONSUME_CHECK_CONSUMER) timestamp=11161 ms, used_size=6361088 bytes (15.5%)
(RDMA_READ_CONSUME_CHECK_CONSUMER) timestamp=11161 ms, used_size=6359040 bytes (15.5%)
(RDMA_READ_CONSUME_CHECK_CONSUMER) timestamp=11161 ms, used_size=6356992 bytes (15.5%)
(RDMA_READ_CONSUME_CHECK_CONSUMER) timestamp=11161 ms, used_size=6354944 bytes (15.5%)
(RDMA_READ_CONSUME_CHECK_CONSUMER) timestamp=11161 ms, used_size=6352896 bytes (15.5%)
(RDMA_READ_CONSUME_CHECK_CONSUMER) timestamp=11161 ms, used_size=6350848 bytes (15.5%)
(RDMA_READ_CONSUME_CHECK_CONSUMER) timestamp=11161 ms, used_size=6348800 bytes (15.5%)
(RDMA_READ_CONSUME_CHECK_CONSUMER) timestamp=11161 ms, used_size=6346752 bytes (15.5%)
(RDMA_READ_CONSUME_CHECK_CONSUMER) timestamp=11161 ms, used_size=6344704 bytes (15.5%)
(RDMA_READ_CONSUME_CHECK_CONSUMER) timestamp=11161 ms, used_size=6342656 bytes (15.5%)
(RDMA_READ_CONSUME_CHECK_CONSUMER) timestamp=11161 ms, used_size=6340608 bytes (15.5%)
(RDMA_READ_CONSUME_CHECK_CONSUMER) timestamp=11161 ms, used_size=6338560 bytes (15.5%)
(RDMA_READ_CONSUME_CHECK_CONSUMER) timestamp=11161 ms, used_size=6336512 bytes (15.5%)
(RDMA_READ_CONSUME_CHECK_CONSUMER) timestamp=11161 ms, used_size=6334464 bytes (15.5%)
(RDMA_READ_CONSUME_CHECK_CONSUMER) timestamp=11161 ms, used_size=6332416 bytes (15.5%)
(RDMA_READ_CONSUME_CHECK_CONSUMER) timestamp=11161 ms, used_size=6330368 bytes (15.5%)
(RDMA_READ_CONSUME_CHECK_CONSUMER) timestamp=11161 ms, used_size=6328320 bytes (15.4%)
(RDMA_READ_CONSUME_CHECK_CONSUMER) timestamp=11161 ms, used_size=6326272 bytes (15.4%)
(RDMA_READ_CONSUME_CHECK_CONSUMER) timestamp=11161 ms, used_size=6324224 bytes (15.4%)
(RDMA_READ_CONSUME_CHECK_CONSUMER) timestamp=11161 ms, used_size=6322176 bytes (15.4%)
(RDMA_READ_CONSUME_CHECK_CONSUMER) timestamp=11161 ms, used_size=6320128 bytes (15.4%)
(RDMA_READ_CONSUME_CHECK_CONSUMER) timestamp=11161 ms, used_size=6318080 bytes (15.4%)
(RDMA_READ_CONSUME_CHECK_CONSUMER) timestamp=11161 ms, used_size=6316032 bytes (15.4%)
(RDMA_READ_CONSUME_CHECK_CONSUMER) timestamp=11161 ms, used_size=6313984 bytes (15.4%)
(RDMA_READ_CONSUME_CHECK_CONSUMER) timestamp=11161 ms, used_size=6311936 bytes (15.4%)
(RDMA_READ_CONSUME_CHECK_CONSUMER) timestamp=11161 ms, used_size=6309888 bytes (15.4%)
(RDMA_READ_CONSUME_CHECK_CONSUMER) timestamp=11161 ms, used_size=6307840 bytes (15.4%)
(RDMA_READ_CONSUME_CHECK_CONSUMER) timestamp=11161 ms, used_size=6305792 bytes (15.4%)
(RDMA_READ_CONSUME_CHECK_CONSUMER) timestamp=11161 ms, used_size=6303744 bytes (15.4%)
(RDMA_READ_CONSUME_CHECK_CONSUMER) timestamp=11161 ms, used_size=6301696 bytes (15.4%)
(RDMA_READ_CONSUME_CHECK_CONSUMER) timestamp=11161 ms, used_size=6299648 bytes (15.4%)
(RDMA_READ_CONSUME_CHECK_CONSUMER) timestamp=11161 ms, used_size=6297600 bytes (15.4%)
(RDMA_READ_CONSUME_CHECK_CONSUMER) timestamp=11161 ms, used_size=6295552 bytes (15.4%)
(RDMA_READ_CONSUME_CHECK_CONSUMER) timestamp=11161 ms, used_size=6293504 bytes (15.4%)
(RDMA_READ_CONSUME_CHECK_CONSUMER) timestamp=11161 ms, used_size=6291456 bytes (15.4%)
(RDMA_READ_CONSUME_CHECK_CONSUMER) timestamp=11161 ms, used_size=6289408 bytes (15.4%)
(RDMA_READ_CONSUME_CHECK_CONSUMER) timestamp=11161 ms, used_size=6287360 bytes (15.3%)
(RDMA_READ_CONSUME_CHECK_CONSUMER) timestamp=11161 ms, used_size=6285312 bytes (15.3%)
(RDMA_READ_CONSUME_CHECK_CONSUMER) timestamp=11161 ms, used_size=6283264 bytes (15.3%)
(RDMA_READ_CONSUME_CHECK_CONSUMER) timestamp=11161 ms, used_size=6281216 bytes (15.3%)
(RDMA_READ_CONSUME_CHECK_CONSUMER) timestamp=11161 ms, used_size=6279168 bytes (15.3%)
(RDMA_READ_CONSUME_CHECK_CONSUMER) timestamp=11161 ms, used_size=6277120 bytes (15.3%)
(RDMA_READ_CONSUME_CHECK_CONSUMER) timestamp=11161 ms, used_size=6275072 bytes (15.3%)
(RDMA_READ_CONSUME_CHECK_CONSUMER) timestamp=11161 ms, used_size=6273024 bytes (15.3%)
(RDMA_READ_CONSUME_CHECK_CONSUMER) timestamp=11161 ms, used_size=6270976 bytes (15.3%)
(RDMA_READ_CONSUME_CHECK_CONSUMER) timestamp=11161 ms, used_size=6268928 bytes (15.3%)
(RDMA_READ_CONSUME_CHECK_CONSUMER) timestamp=11161 ms, used_size=6266880 bytes (15.3%)
(RDMA_READ_CONSUME_CHECK_CONSUMER) timestamp=11161 ms, used_size=6264832 bytes (15.3%)
(RDMA_READ_CONSUME_CHECK_CONSUMER) timestamp=11161 ms, used_size=6262784 bytes (15.3%)
(RDMA_READ_CONSUME_CHECK_CONSUMER) timestamp=11161 ms, used_size=6260736 bytes (15.3%)
(RDMA_READ_CONSUME_CHECK_CONSUMER) timestamp=11161 ms, used_size=6258688 bytes (15.3%)
(RDMA_READ_CONSUME_CHECK_CONSUMER) timestamp=11161 ms, used_size=6256640 bytes (15.3%)
(RDMA_READ_CONSUME_CHECK_CONSUMER) timestamp=11161 ms, used_size=6254592 bytes (15.3%)
(RDMA_READ_CONSUME_CHECK_CONSUMER) timestamp=11161 ms, used_size=6252544 bytes (15.3%)
(RDMA_READ_CONSUME_CHECK_CONSUMER) timestamp=11161 ms, used_size=6250496 bytes (15.3%)
(RDMA_READ_CONSUME_CHECK_CONSUMER) timestamp=11161 ms, used_size=6248448 bytes (15.3%)
(RDMA_READ_CONSUME_CHECK_CONSUMER) timestamp=11161 ms, used_size=6246400 bytes (15.2%)
(RDMA_READ_CONSUME_CHECK_CONSUMER) timestamp=11161 ms, used_size=6244352 bytes (15.2%)
(RDMA_READ_CONSUME_CHECK_CONSUMER) timestamp=11161 ms, used_size=6242304 bytes (15.2%)
(RDMA_READ_CONSUME_CHECK_CONSUMER) timestamp=11161 ms, used_size=6240256 bytes (15.2%)
(RDMA_READ_CONSUME_CHECK_CONSUMER) timestamp=11161 ms, used_size=6238208 bytes (15.2%)
(RDMA_READ_CONSUME_CHECK_CONSUMER) timestamp=11161 ms, used_size=6236160 bytes (15.2%)
(RDMA_READ_CONSUME_CHECK_CONSUMER) timestamp=11161 ms, used_size=6234112 bytes (15.2%)
(RDMA_READ_CONSUME_CHECK_CONSUMER) timestamp=11161 ms, used_size=6232064 bytes (15.2%)
(RDMA_READ_CONSUME_CHECK_CONSUMER) timestamp=11161 ms, used_size=6230016 bytes (15.2%)
(RDMA_READ_CONSUME_CHECK_CONSUMER) timestamp=11161 ms, used_size=6227968 bytes (15.2%)
(RDMA_READ_CONSUME_CHECK_CONSUMER) timestamp=11161 ms, used_size=6225920 bytes (15.2%)
(RDMA_READ_CONSUME_CHECK_CONSUMER) timestamp=11161 ms, used_size=6223872 bytes (15.2%)
(RDMA_READ_CONSUME_CHECK_CONSUMER) timestamp=11161 ms, used_size=6221824 bytes (15.2%)
(RDMA_READ_CONSUME_CHECK_CONSUMER) timestamp=11161 ms, used_size=6219776 bytes (15.2%)
(RDMA_READ_CONSUME_CHECK_CONSUMER) timestamp=11161 ms, used_size=6217728 bytes (15.2%)
(RDMA_READ_CONSUME_CHECK_CONSUMER) timestamp=11161 ms, used_size=6215680 bytes (15.2%)
(RDMA_READ_CONSUME_CHECK_CONSUMER) timestamp=11161 ms, used_size=6213632 bytes (15.2%)
(RDMA_READ_CONSUME_CHECK_CONSUMER) timestamp=11161 ms, used_size=6211584 bytes (15.2%)
(RDMA_READ_CONSUME_CHECK_CONSUMER) timestamp=11161 ms, used_size=6209536 bytes (15.2%)
(RDMA_READ_CONSUME_CHECK_CONSUMER) timestamp=11161 ms, used_size=6207488 bytes (15.2%)
(RDMA_READ_CONSUME_CHECK_CONSUMER) timestamp=11161 ms, used_size=6205440 bytes (15.2%)
(RDMA_READ_CONSUME_CHECK_CONSUMER) timestamp=11161 ms, used_size=6203392 bytes (15.1%)
(RDMA_READ_CONSUME_CHECK_CONSUMER) timestamp=11161 ms, used_size=6201344 bytes (15.1%)
(RDMA_READ_CONSUME_CHECK_CONSUMER) timestamp=11161 ms, used_size=6199296 bytes (15.1%)
(RDMA_READ_CONSUME_CHECK_CONSUMER) timestamp=11161 ms, used_size=6197248 bytes (15.1%)
(RDMA_READ_CONSUME_CHECK_CONSUMER) timestamp=11161 ms, used_size=6195200 bytes (15.1%)
(RDMA_READ_CONSUME_CHECK_CONSUMER) timestamp=11161 ms, used_size=6193152 bytes (15.1%)
(RDMA_READ_CONSUME_CHECK_CONSUMER) timestamp=11161 ms, used_size=6191104 bytes (15.1%)
(RDMA_READ_CONSUME_CHECK_CONSUMER) timestamp=11161 ms, used_size=6189056 bytes (15.1%)
(RDMA_READ_CONSUME_CHECK_CONSUMER) timestamp=11161 ms, used_size=6187008 bytes (15.1%)
(RDMA_READ_CONSUME_CHECK_CONSUMER) timestamp=11161 ms, used_size=6184960 bytes (15.1%)
(RDMA_READ_CONSUME_CHECK_CONSUMER) timestamp=11161 ms, used_size=6182912 bytes (15.1%)
(RDMA_READ_CONSUME_CHECK_CONSUMER) timestamp=11161 ms, used_size=6180864 bytes (15.1%)
(RDMA_READ_CONSUME_CHECK_CONSUMER) timestamp=11161 ms, used_size=6178816 bytes (15.1%)
(RDMA_READ_CONSUME_CHECK_CONSUMER) timestamp=11161 ms, used_size=6176768 bytes (15.1%)
(RDMA_READ_CONSUME_CHECK_CONSUMER) timestamp=11161 ms, used_size=6174720 bytes (15.1%)
(RDMA_READ_CONSUME_CHECK_CONSUMER) timestamp=11161 ms, used_size=6172672 bytes (15.1%)
(RDMA_READ_CONSUME_CHECK_CONSUMER) timestamp=11161 ms, used_size=6170624 bytes (15.1%)
(RDMA_READ_CONSUME_CHECK_CONSUMER) timestamp=11161 ms, used_size=6168576 bytes (15.1%)
(RDMA_READ_CONSUME_CHECK_CONSUMER) timestamp=11161 ms, used_size=6166528 bytes (15.1%)
(RDMA_READ_CONSUME_CHECK_CONSUMER) timestamp=11161 ms, used_size=6164480 bytes (15.1%)
(RDMA_READ_CONSUME_CHECK_CONSUMER) timestamp=11161 ms, used_size=6162432 bytes (15.0%)
(RDMA_READ_CONSUME_CHECK_CONSUMER) timestamp=11161 ms, used_size=6160384 bytes (15.0%)
(RDMA_READ_CONSUME_CHECK_CONSUMER) timestamp=11161 ms, used_size=6158336 bytes (15.0%)
(RDMA_READ_CONSUME_CHECK_CONSUMER) timestamp=11161 ms, used_size=6156288 bytes (15.0%)
(RDMA_READ_CONSUME_CHECK_CONSUMER) timestamp=11161 ms, used_size=6154240 bytes (15.0%)
(RDMA_READ_CONSUME_CHECK_CONSUMER) timestamp=11161 ms, used_size=6152192 bytes (15.0%)
(RDMA_READ_CONSUME_CHECK_CONSUMER) timestamp=11161 ms, used_size=6150144 bytes (15.0%)
(RDMA_READ_CONSUME_CHECK_CONSUMER) timestamp=11161 ms, used_size=6148096 bytes (15.0%)
(RDMA_READ_CONSUME_CHECK_CONSUMER) timestamp=11161 ms, used_size=6146048 bytes (15.0%)
(RDMA_READ_CONSUME_CHECK_CONSUMER) timestamp=11161 ms, used_size=6144000 bytes (15.0%)
(RDMA_READ_CONSUME_CHECK_CONSUMER) timestamp=11161 ms, used_size=6141952 bytes (15.0%)
(RDMA_READ_CONSUME_CHECK_CONSUMER) timestamp=11161 ms, used_size=6139904 bytes (15.0%)
(RDMA_READ_CONSUME_CHECK_CONSUMER) timestamp=11161 ms, used_size=6137856 bytes (15.0%)
(RDMA_READ_CONSUME_CHECK_CONSUMER) timestamp=11161 ms, used_size=6135808 bytes (15.0%)
(RDMA_READ_CONSUME_CHECK_CONSUMER) timestamp=11161 ms, used_size=6133760 bytes (15.0%)
(RDMA_READ_CONSUME_CHECK_CONSUMER) timestamp=11161 ms, used_size=6131712 bytes (15.0%)
(RDMA_READ_CONSUME_CHECK_CONSUMER) timestamp=11161 ms, used_size=6129664 bytes (15.0%)
(RDMA_READ_CONSUME_CHECK_CONSUMER) timestamp=11161 ms, used_size=6127616 bytes (15.0%)
(RDMA_READ_CONSUME_CHECK_CONSUMER) timestamp=11161 ms, used_size=6125568 bytes (15.0%)
(RDMA_READ_CONSUME_CHECK_CONSUMER) timestamp=11161 ms, used_size=6123520 bytes (14.9%)
(RDMA_READ_CONSUME_CHECK_CONSUMER) timestamp=11161 ms, used_size=6121472 bytes (14.9%)
(RDMA_READ_CONSUME_CHECK_CONSUMER) timestamp=11161 ms, used_size=6119424 bytes (14.9%)
(RDMA_READ_CONSUME_CHECK_CONSUMER) timestamp=11161 ms, used_size=6117376 bytes (14.9%)
(RDMA_READ_CONSUME_CHECK_CONSUMER) timestamp=11161 ms, used_size=6115328 bytes (14.9%)
(RDMA_READ_CONSUME_CHECK_CONSUMER) timestamp=11161 ms, used_size=6113280 bytes (14.9%)
(RDMA_READ_CONSUME_CHECK_CONSUMER) timestamp=11161 ms, used_size=6111232 bytes (14.9%)
(RDMA_READ_CONSUME_CHECK_CONSUMER) timestamp=11161 ms, used_size=6109184 bytes (14.9%)
(RDMA_READ_CONSUME_CHECK_CONSUMER) timestamp=11161 ms, used_size=6107136 bytes (14.9%)
(RDMA_READ_CONSUME_CHECK_CONSUMER) timestamp=11161 ms, used_size=6105088 bytes (14.9%)
(RDMA_READ_CONSUME_CHECK_CONSUMER) timestamp=11161 ms, used_size=6103040 bytes (14.9%)
(RDMA_READ_CONSUME_CHECK_CONSUMER) timestamp=11161 ms, used_size=6100992 bytes (14.9%)
(RDMA_READ_CONSUME_CHECK_CONSUMER) timestamp=11161 ms, used_size=6098944 bytes (14.9%)
(RDMA_READ_CONSUME_CHECK_CONSUMER) timestamp=11161 ms, used_size=6096896 bytes (14.9%)
(RDMA_READ_CONSUME_CHECK_CONSUMER) timestamp=11161 ms, used_size=6094848 bytes (14.9%)
(RDMA_READ_CONSUME_CHECK_CONSUMER) timestamp=11161 ms, used_size=6092800 bytes (14.9%)
(RDMA_READ_CONSUME_CHECK_CONSUMER) timestamp=11161 ms, used_size=6090752 bytes (14.9%)
(RDMA_READ_CONSUME_CHECK_CONSUMER) timestamp=11161 ms, used_size=6088704 bytes (14.9%)
(RDMA_READ_CONSUME_CHECK_CONSUMER) timestamp=11161 ms, used_size=6086656 bytes (14.9%)
(RDMA_READ_CONSUME_CHECK_CONSUMER) timestamp=11161 ms, used_size=6084608 bytes (14.9%)
(RDMA_READ_CONSUME_CHECK_CONSUMER) timestamp=11161 ms, used_size=6082560 bytes (14.8%)
(RDMA_READ_CONSUME_CHECK_CONSUMER) timestamp=11161 ms, used_size=6080512 bytes (14.8%)
(RDMA_READ_CONSUME_CHECK_CONSUMER) timestamp=11161 ms, used_size=6078464 bytes (14.8%)
(RDMA_READ_CONSUME_CHECK_CONSUMER) timestamp=11161 ms, used_size=6076416 bytes (14.8%)
(RDMA_READ_CONSUME_CHECK_CONSUMER) timestamp=11161 ms, used_size=6074368 bytes (14.8%)
(RDMA_READ_CONSUME_CHECK_CONSUMER) timestamp=11161 ms, used_size=6072320 bytes (14.8%)
(RDMA_READ_CONSUME_CHECK_CONSUMER) timestamp=11161 ms, used_size=6070272 bytes (14.8%)
(RDMA_READ_CONSUME_CHECK_CONSUMER) timestamp=11161 ms, used_size=6068224 bytes (14.8%)
(RDMA_READ_CONSUME_CHECK_CONSUMER) timestamp=11161 ms, used_size=6066176 bytes (14.8%)
(RDMA_READ_CONSUME_CHECK_CONSUMER) timestamp=11161 ms, used_size=6064128 bytes (14.8%)
(RDMA_READ_CONSUME_CHECK_CONSUMER) timestamp=11161 ms, used_size=6062080 bytes (14.8%)
(RDMA_READ_CONSUME_CHECK_CONSUMER) timestamp=11161 ms, used_size=6060032 bytes (14.8%)
(RDMA_READ_CONSUME_CHECK_CONSUMER) timestamp=11161 ms, used_size=6057984 bytes (14.8%)
(RDMA_READ_CONSUME_CHECK_CONSUMER) timestamp=11161 ms, used_size=6055936 bytes (14.8%)
(RDMA_READ_CONSUME_CHECK_CONSUMER) timestamp=11161 ms, used_size=6053888 bytes (14.8%)
(RDMA_READ_CONSUME_CHECK_CONSUMER) timestamp=11161 ms, used_size=6051840 bytes (14.8%)
(RDMA_READ_CONSUME_CHECK_CONSUMER) timestamp=11161 ms, used_size=6049792 bytes (14.8%)
(RDMA_READ_CONSUME_CHECK_CONSUMER) timestamp=11161 ms, used_size=6047744 bytes (14.8%)
(RDMA_READ_CONSUME_CHECK_CONSUMER) timestamp=11161 ms, used_size=6045696 bytes (14.8%)
(RDMA_READ_CONSUME_CHECK_CONSUMER) timestamp=11162 ms, used_size=6043648 bytes (14.8%)
(RDMA_READ_CONSUME_CHECK_CONSUMER) timestamp=11162 ms, used_size=6041600 bytes (14.8%)
(RDMA_READ_CONSUME_CHECK_CONSUMER) timestamp=11162 ms, used_size=6039552 bytes (14.7%)
(RDMA_READ_CONSUME_CHECK_CONSUMER) timestamp=11162 ms, used_size=6037504 bytes (14.7%)
(RDMA_READ_CONSUME_CHECK_CONSUMER) timestamp=11162 ms, used_size=6035456 bytes (14.7%)
(RDMA_READ_CONSUME_CHECK_CONSUMER) timestamp=11162 ms, used_size=6033408 bytes (14.7%)
(RDMA_READ_CONSUME_CHECK_CONSUMER) timestamp=11162 ms, used_size=6031360 bytes (14.7%)
(RDMA_READ_CONSUME_CHECK_CONSUMER) timestamp=11162 ms, used_size=6029312 bytes (14.7%)
(RDMA_READ_CONSUME_CHECK_CONSUMER) timestamp=11162 ms, used_size=6027264 bytes (14.7%)
(RDMA_READ_CONSUME_CHECK_CONSUMER) timestamp=11162 ms, used_size=6025216 bytes (14.7%)
(RDMA_READ_CONSUME_CHECK_CONSUMER) timestamp=11162 ms, used_size=6023168 bytes (14.7%)
(RDMA_READ_CONSUME_CHECK_CONSUMER) timestamp=11162 ms, used_size=6021120 bytes (14.7%)
(RDMA_READ_CONSUME_CHECK_CONSUMER) timestamp=11162 ms, used_size=6019072 bytes (14.7%)
(RDMA_READ_CONSUME_CHECK_CONSUMER) timestamp=11162 ms, used_size=6017024 bytes (14.7%)
(RDMA_READ_CONSUME_CHECK_CONSUMER) timestamp=11162 ms, used_size=6014976 bytes (14.7%)
(RDMA_READ_CONSUME_CHECK_CONSUMER) timestamp=11162 ms, used_size=6012928 bytes (14.7%)
(RDMA_READ_CONSUME_CHECK_CONSUMER) timestamp=11162 ms, used_size=6010880 bytes (14.7%)
(RDMA_READ_CONSUME_CHECK_CONSUMER) timestamp=11162 ms, used_size=6008832 bytes (14.7%)
(RDMA_READ_CONSUME_CHECK_CONSUMER) timestamp=11162 ms, used_size=6006784 bytes (14.7%)
(RDMA_READ_CONSUME_CHECK_CONSUMER) timestamp=11162 ms, used_size=6004736 bytes (14.7%)
(RDMA_READ_CONSUME_CHECK_CONSUMER) timestamp=11162 ms, used_size=6002688 bytes (14.7%)
(RDMA_READ_CONSUME_CHECK_CONSUMER) timestamp=11162 ms, used_size=6000640 bytes (14.7%)
(RDMA_READ_CONSUME_CHECK_CONSUMER) timestamp=11162 ms, used_size=5998592 bytes (14.6%)
(RDMA_READ_CONSUME_CHECK_CONSUMER) timestamp=11162 ms, used_size=5996544 bytes (14.6%)
(RDMA_READ_CONSUME_CHECK_CONSUMER) timestamp=11162 ms, used_size=5994496 bytes (14.6%)
(RDMA_READ_CONSUME_CHECK_CONSUMER) timestamp=11162 ms, used_size=5992448 bytes (14.6%)
(RDMA_READ_CONSUME_CHECK_CONSUMER) timestamp=11162 ms, used_size=5990400 bytes (14.6%)
(RDMA_READ_CONSUME_CHECK_CONSUMER) timestamp=11162 ms, used_size=5988352 bytes (14.6%)
(RDMA_READ_CONSUME_CHECK_CONSUMER) timestamp=11162 ms, used_size=5986304 bytes (14.6%)
(RDMA_READ_CONSUME_CHECK_CONSUMER) timestamp=11162 ms, used_size=5984256 bytes (14.6%)
(RDMA_READ_CONSUME_CHECK_CONSUMER) timestamp=11162 ms, used_size=5982208 bytes (14.6%)
(RDMA_READ_CONSUME_CHECK_CONSUMER) timestamp=11162 ms, used_size=5980160 bytes (14.6%)
(RDMA_READ_CONSUME_CHECK_CONSUMER) timestamp=11162 ms, used_size=5978112 bytes (14.6%)
(RDMA_READ_CONSUME_CHECK_CONSUMER) timestamp=11162 ms, used_size=5976064 bytes (14.6%)
(RDMA_READ_CONSUME_CHECK_CONSUMER) timestamp=11162 ms, used_size=5974016 bytes (14.6%)
(RDMA_READ_CONSUME_CHECK_CONSUMER) timestamp=11162 ms, used_size=5971968 bytes (14.6%)
(RDMA_READ_CONSUME_CHECK_CONSUMER) timestamp=11162 ms, used_size=5969920 bytes (14.6%)
(RDMA_READ_CONSUME_CHECK_CONSUMER) timestamp=11162 ms, used_size=5967872 bytes (14.6%)
(RDMA_READ_CONSUME_CHECK_CONSUMER) timestamp=11162 ms, used_size=5965824 bytes (14.6%)
(RDMA_READ_CONSUME_CHECK_CONSUMER) timestamp=11162 ms, used_size=5963776 bytes (14.6%)
(RDMA_READ_CONSUME_CHECK_CONSUMER) timestamp=11162 ms, used_size=5961728 bytes (14.6%)
(RDMA_READ_CONSUME_CHECK_CONSUMER) timestamp=11162 ms, used_size=5959680 bytes (14.6%)
(RDMA_READ_CONSUME_CHECK_CONSUMER) timestamp=11162 ms, used_size=5957632 bytes (14.5%)
(RDMA_READ_CONSUME_CHECK_CONSUMER) timestamp=11162 ms, used_size=5955584 bytes (14.5%)
(RDMA_READ_CONSUME_CHECK_CONSUMER) timestamp=11162 ms, used_size=5953536 bytes (14.5%)
(RDMA_READ_CONSUME_CHECK_CONSUMER) timestamp=11162 ms, used_size=5951488 bytes (14.5%)
(RDMA_READ_CONSUME_CHECK_CONSUMER) timestamp=11162 ms, used_size=5949440 bytes (14.5%)
(RDMA_READ_CONSUME_CHECK_CONSUMER) timestamp=11162 ms, used_size=5947392 bytes (14.5%)
(RDMA_READ_CONSUME_CHECK_CONSUMER) timestamp=11162 ms, used_size=5945344 bytes (14.5%)
(RDMA_READ_CONSUME_CHECK_CONSUMER) timestamp=11162 ms, used_size=5943296 bytes (14.5%)
(RDMA_READ_CONSUME_CHECK_CONSUMER) timestamp=11162 ms, used_size=5941248 bytes (14.5%)
(RDMA_READ_CONSUME_CHECK_CONSUMER) timestamp=11162 ms, used_size=5939200 bytes (14.5%)
(RDMA_READ_CONSUME_CHECK_CONSUMER) timestamp=11162 ms, used_size=5937152 bytes (14.5%)
(RDMA_READ_CONSUME_CHECK_CONSUMER) timestamp=11162 ms, used_size=5935104 bytes (14.5%)
(RDMA_READ_CONSUME_CHECK_CONSUMER) timestamp=11162 ms, used_size=5933056 bytes (14.5%)
(RDMA_READ_CONSUME_CHECK_CONSUMER) timestamp=11162 ms, used_size=5931008 bytes (14.5%)
(RDMA_READ_CONSUME_CHECK_CONSUMER) timestamp=11162 ms, used_size=5928960 bytes (14.5%)
(RDMA_READ_CONSUME_CHECK_CONSUMER) timestamp=11162 ms, used_size=5926912 bytes (14.5%)
(RDMA_READ_CONSUME_CHECK_CONSUMER) timestamp=11162 ms, used_size=5924864 bytes (14.5%)
(RDMA_READ_CONSUME_CHECK_CONSUMER) timestamp=11162 ms, used_size=5922816 bytes (14.5%)
(RDMA_READ_CONSUME_CHECK_CONSUMER) timestamp=11162 ms, used_size=5920768 bytes (14.5%)
(RDMA_READ_CONSUME_CHECK_CONSUMER) timestamp=11162 ms, used_size=5918720 bytes (14.4%)
(RDMA_READ_CONSUME_CHECK_CONSUMER) timestamp=11162 ms, used_size=5916672 bytes (14.4%)
(RDMA_READ_CONSUME_CHECK_CONSUMER) timestamp=11162 ms, used_size=5914624 bytes (14.4%)
(RDMA_READ_CONSUME_CHECK_CONSUMER) timestamp=11162 ms, used_size=5912576 bytes (14.4%)
(RDMA_READ_CONSUME_CHECK_CONSUMER) timestamp=11162 ms, used_size=5910528 bytes (14.4%)
(RDMA_READ_CONSUME_CHECK_CONSUMER) timestamp=11162 ms, used_size=5908480 bytes (14.4%)
(RDMA_READ_CONSUME_CHECK_CONSUMER) timestamp=11162 ms, used_size=5906432 bytes (14.4%)
(RDMA_READ_CONSUME_CHECK_CONSUMER) timestamp=11162 ms, used_size=5904384 bytes (14.4%)
(RDMA_READ_CONSUME_CHECK_CONSUMER) timestamp=11162 ms, used_size=5902336 bytes (14.4%)
(RDMA_READ_CONSUME_CHECK_CONSUMER) timestamp=11162 ms, used_size=5900288 bytes (14.4%)
(RDMA_READ_CONSUME_CHECK_CONSUMER) timestamp=11162 ms, used_size=5898240 bytes (14.4%)
(RDMA_READ_CONSUME_CHECK_CONSUMER) timestamp=11162 ms, used_size=5896192 bytes (14.4%)
(RDMA_READ_CONSUME_CHECK_CONSUMER) timestamp=11162 ms, used_size=5894144 bytes (14.4%)
(RDMA_READ_CONSUME_CHECK_CONSUMER) timestamp=11162 ms, used_size=5892096 bytes (14.4%)
(RDMA_READ_CONSUME_CHECK_CONSUMER) timestamp=11162 ms, used_size=5890048 bytes (14.4%)
(RDMA_READ_CONSUME_CHECK_CONSUMER) timestamp=11162 ms, used_size=5888000 bytes (14.4%)
(RDMA_READ_CONSUME_CHECK_CONSUMER) timestamp=11162 ms, used_size=5885952 bytes (14.4%)
(RDMA_READ_CONSUME_CHECK_CONSUMER) timestamp=11162 ms, used_size=5883904 bytes (14.4%)
(RDMA_READ_CONSUME_CHECK_CONSUMER) timestamp=11162 ms, used_size=5881856 bytes (14.4%)
(RDMA_READ_CONSUME_CHECK_CONSUMER) timestamp=11162 ms, used_size=5879808 bytes (14.4%)
(RDMA_READ_CONSUME_CHECK_CONSUMER) timestamp=11162 ms, used_size=5877760 bytes (14.3%)
(RDMA_READ_CONSUME_CHECK_CONSUMER) timestamp=11162 ms, used_size=5875712 bytes (14.3%)
(RDMA_READ_CONSUME_CHECK_CONSUMER) timestamp=11162 ms, used_size=5873664 bytes (14.3%)
(RDMA_READ_CONSUME_CHECK_CONSUMER) timestamp=11162 ms, used_size=5871616 bytes (14.3%)
(RDMA_READ_CONSUME_CHECK_CONSUMER) timestamp=11162 ms, used_size=5869568 bytes (14.3%)
(RDMA_READ_CONSUME_CHECK_CONSUMER) timestamp=11162 ms, used_size=5867520 bytes (14.3%)
(RDMA_READ_CONSUME_CHECK_CONSUMER) timestamp=11162 ms, used_size=5865472 bytes (14.3%)
(RDMA_READ_CONSUME_CHECK_CONSUMER) timestamp=11162 ms, used_size=5863424 bytes (14.3%)
(RDMA_READ_CONSUME_CHECK_CONSUMER) timestamp=11162 ms, used_size=5861376 bytes (14.3%)
(RDMA_READ_CONSUME_CHECK_CONSUMER) timestamp=11162 ms, used_size=5859328 bytes (14.3%)
(RDMA_READ_CONSUME_CHECK_CONSUMER) timestamp=11162 ms, used_size=5857280 bytes (14.3%)
(RDMA_READ_CONSUME_CHECK_CONSUMER) timestamp=11162 ms, used_size=5855232 bytes (14.3%)
(RDMA_READ_CONSUME_CHECK_CONSUMER) timestamp=11162 ms, used_size=5853184 bytes (14.3%)
(RDMA_READ_CONSUME_CHECK_CONSUMER) timestamp=11162 ms, used_size=5851136 bytes (14.3%)
(RDMA_READ_CONSUME_CHECK_CONSUMER) timestamp=11162 ms, used_size=5849088 bytes (14.3%)
(RDMA_READ_CONSUME_CHECK_CONSUMER) timestamp=11162 ms, used_size=5847040 bytes (14.3%)
(RDMA_READ_CONSUME_CHECK_CONSUMER) timestamp=11162 ms, used_size=5844992 bytes (14.3%)
(RDMA_READ_CONSUME_CHECK_CONSUMER) timestamp=11162 ms, used_size=5842944 bytes (14.3%)
(RDMA_READ_CONSUME_CHECK_CONSUMER) timestamp=11162 ms, used_size=5840896 bytes (14.3%)
(RDMA_READ_CONSUME_CHECK_CONSUMER) timestamp=11162 ms, used_size=5838848 bytes (14.3%)
(RDMA_READ_CONSUME_CHECK_CONSUMER) timestamp=11162 ms, used_size=5836800 bytes (14.2%)
(RDMA_READ_CONSUME_CHECK_CONSUMER) timestamp=11162 ms, used_size=5834752 bytes (14.2%)
(RDMA_READ_CONSUME_CHECK_CONSUMER) timestamp=11162 ms, used_size=5832704 bytes (14.2%)
(RDMA_READ_CONSUME_CHECK_CONSUMER) timestamp=11162 ms, used_size=5830656 bytes (14.2%)
(RDMA_READ_CONSUME_CHECK_CONSUMER) timestamp=11162 ms, used_size=5828608 bytes (14.2%)
(RDMA_READ_CONSUME_CHECK_CONSUMER) timestamp=11162 ms, used_size=5826560 bytes (14.2%)
(RDMA_READ_CONSUME_CHECK_CONSUMER) timestamp=11162 ms, used_size=5824512 bytes (14.2%)
(RDMA_READ_CONSUME_CHECK_CONSUMER) timestamp=11162 ms, used_size=5822464 bytes (14.2%)
(RDMA_READ_CONSUME_CHECK_CONSUMER) timestamp=11162 ms, used_size=5820416 bytes (14.2%)
(RDMA_READ_CONSUME_CHECK_CONSUMER) timestamp=11162 ms, used_size=5818368 bytes (14.2%)
(RDMA_READ_CONSUME_CHECK_CONSUMER) timestamp=11162 ms, used_size=5816320 bytes (14.2%)
(RDMA_READ_CONSUME_CHECK_CONSUMER) timestamp=11162 ms, used_size=5814272 bytes (14.2%)
(RDMA_READ_CONSUME_CHECK_CONSUMER) timestamp=11162 ms, used_size=5812224 bytes (14.2%)
(RDMA_READ_CONSUME_CHECK_CONSUMER) timestamp=11162 ms, used_size=5810176 bytes (14.2%)
(RDMA_READ_CONSUME_CHECK_CONSUMER) timestamp=11162 ms, used_size=5808128 bytes (14.2%)
(RDMA_READ_CONSUME_CHECK_CONSUMER) timestamp=11162 ms, used_size=5806080 bytes (14.2%)
(RDMA_READ_CONSUME_CHECK_CONSUMER) timestamp=11162 ms, used_size=5804032 bytes (14.2%)
(RDMA_READ_CONSUME_CHECK_CONSUMER) timestamp=11162 ms, used_size=5801984 bytes (14.2%)
(RDMA_READ_CONSUME_CHECK_CONSUMER) timestamp=11162 ms, used_size=5799936 bytes (14.2%)
(RDMA_READ_CONSUME_CHECK_CONSUMER) timestamp=11162 ms, used_size=5797888 bytes (14.2%)
(RDMA_READ_CONSUME_CHECK_CONSUMER) timestamp=11162 ms, used_size=5795840 bytes (14.2%)
(RDMA_READ_CONSUME_CHECK_CONSUMER) timestamp=11162 ms, used_size=5793792 bytes (14.1%)
(RDMA_READ_CONSUME_CHECK_CONSUMER) timestamp=11162 ms, used_size=5791744 bytes (14.1%)
(RDMA_READ_CONSUME_CHECK_CONSUMER) timestamp=11162 ms, used_size=5789696 bytes (14.1%)
(RDMA_READ_CONSUME_CHECK_CONSUMER) timestamp=11162 ms, used_size=5787648 bytes (14.1%)
(RDMA_READ_CONSUME_CHECK_CONSUMER) timestamp=11162 ms, used_size=5785600 bytes (14.1%)
(RDMA_READ_CONSUME_CHECK_CONSUMER) timestamp=11162 ms, used_size=5783552 bytes (14.1%)
(RDMA_READ_CONSUME_CHECK_CONSUMER) timestamp=11162 ms, used_size=5781504 bytes (14.1%)
(RDMA_READ_CONSUME_CHECK_CONSUMER) timestamp=11162 ms, used_size=5779456 bytes (14.1%)
(RDMA_READ_CONSUME_CHECK_CONSUMER) timestamp=11162 ms, used_size=5777408 bytes (14.1%)
(RDMA_READ_CONSUME_CHECK_CONSUMER) timestamp=11162 ms, used_size=5775360 bytes (14.1%)
(RDMA_READ_CONSUME_CHECK_CONSUMER) timestamp=11162 ms, used_size=5773312 bytes (14.1%)
(RDMA_READ_CONSUME_CHECK_CONSUMER) timestamp=11162 ms, used_size=5771264 bytes (14.1%)
(RDMA_READ_CONSUME_CHECK_CONSUMER) timestamp=11162 ms, used_size=5769216 bytes (14.1%)
(RDMA_READ_CONSUME_CHECK_CONSUMER) timestamp=11162 ms, used_size=5767168 bytes (14.1%)
(RDMA_READ_CONSUME_CHECK_CONSUMER) timestamp=11162 ms, used_size=5765120 bytes (14.1%)
(RDMA_READ_CONSUME_CHECK_CONSUMER) timestamp=11162 ms, used_size=5763072 bytes (14.1%)
(RDMA_READ_CONSUME_CHECK_CONSUMER) timestamp=11162 ms, used_size=5761024 bytes (14.1%)
(RDMA_READ_CONSUME_CHECK_CONSUMER) timestamp=11162 ms, used_size=5758976 bytes (14.1%)
(RDMA_READ_CONSUME_CHECK_CONSUMER) timestamp=11162 ms, used_size=5756928 bytes (14.1%)
(RDMA_READ_CONSUME_CHECK_CONSUMER) timestamp=11162 ms, used_size=5754880 bytes (14.1%)
(RDMA_READ_CONSUME_CHECK_CONSUMER) timestamp=11162 ms, used_size=5752832 bytes (14.0%)
(RDMA_READ_CONSUME_CHECK_CONSUMER) timestamp=11162 ms, used_size=5750784 bytes (14.0%)
(RDMA_READ_CONSUME_CHECK_CONSUMER) timestamp=11162 ms, used_size=5748736 bytes (14.0%)
(RDMA_READ_CONSUME_CHECK_CONSUMER) timestamp=11162 ms, used_size=5746688 bytes (14.0%)
(RDMA_READ_CONSUME_CHECK_CONSUMER) timestamp=11162 ms, used_size=5744640 bytes (14.0%)
(RDMA_READ_CONSUME_CHECK_CONSUMER) timestamp=11162 ms, used_size=5742592 bytes (14.0%)
(RDMA_READ_CONSUME_CHECK_CONSUMER) timestamp=11162 ms, used_size=5740544 bytes (14.0%)
(RDMA_READ_CONSUME_CHECK_CONSUMER) timestamp=11162 ms, used_size=5738496 bytes (14.0%)
(RDMA_READ_CONSUME_CHECK_CONSUMER) timestamp=11162 ms, used_size=5736448 bytes (14.0%)
(RDMA_READ_CONSUME_CHECK_CONSUMER) timestamp=11162 ms, used_size=5734400 bytes (14.0%)
(RDMA_READ_CONSUME_CHECK_CONSUMER) timestamp=11162 ms, used_size=5732352 bytes (14.0%)
(RDMA_READ_CONSUME_CHECK_CONSUMER) timestamp=11162 ms, used_size=5730304 bytes (14.0%)
(RDMA_READ_CONSUME_CHECK_CONSUMER) timestamp=11162 ms, used_size=5728256 bytes (14.0%)
(RDMA_READ_CONSUME_CHECK_CONSUMER) timestamp=11162 ms, used_size=5726208 bytes (14.0%)
(RDMA_READ_CONSUME_CHECK_CONSUMER) timestamp=11162 ms, used_size=5724160 bytes (14.0%)
(RDMA_READ_CONSUME_CHECK_CONSUMER) timestamp=11162 ms, used_size=5722112 bytes (14.0%)
(RDMA_READ_CONSUME_CHECK_CONSUMER) timestamp=11162 ms, used_size=5720064 bytes (14.0%)
(RDMA_READ_CONSUME_CHECK_CONSUMER) timestamp=11162 ms, used_size=5718016 bytes (14.0%)
(RDMA_READ_CONSUME_CHECK_CONSUMER) timestamp=11162 ms, used_size=5715968 bytes (14.0%)
(RDMA_READ_CONSUME_CHECK_CONSUMER) timestamp=11162 ms, used_size=5713920 bytes (13.9%)
(RDMA_READ_CONSUME_CHECK_CONSUMER) timestamp=11162 ms, used_size=5711872 bytes (13.9%)
(RDMA_READ_CONSUME_CHECK_CONSUMER) timestamp=11162 ms, used_size=5709824 bytes (13.9%)
(RDMA_READ_CONSUME_CHECK_CONSUMER) timestamp=11162 ms, used_size=5707776 bytes (13.9%)
(RDMA_READ_CONSUME_CHECK_CONSUMER) timestamp=11162 ms, used_size=5705728 bytes (13.9%)
(RDMA_READ_CONSUME_CHECK_CONSUMER) timestamp=11162 ms, used_size=5703680 bytes (13.9%)
(RDMA_READ_CONSUME_CHECK_CONSUMER) timestamp=11162 ms, used_size=5701632 bytes (13.9%)
(RDMA_READ_CONSUME_CHECK_CONSUMER) timestamp=11162 ms, used_size=5699584 bytes (13.9%)
(RDMA_READ_CONSUME_CHECK_CONSUMER) timestamp=11162 ms, used_size=5697536 bytes (13.9%)
(RDMA_READ_CONSUME_CHECK_CONSUMER) timestamp=11163 ms, used_size=5695488 bytes (13.9%)
(RDMA_READ_CONSUME_CHECK_CONSUMER) timestamp=11163 ms, used_size=5693440 bytes (13.9%)
(RDMA_READ_CONSUME_CHECK_CONSUMER) timestamp=11163 ms, used_size=5691392 bytes (13.9%)
(RDMA_READ_CONSUME_CHECK_CONSUMER) timestamp=11163 ms, used_size=5689344 bytes (13.9%)
(RDMA_READ_CONSUME_CHECK_CONSUMER) timestamp=11163 ms, used_size=5687296 bytes (13.9%)
(RDMA_READ_CONSUME_CHECK_CONSUMER) timestamp=11163 ms, used_size=5685248 bytes (13.9%)
(RDMA_READ_CONSUME_CHECK_CONSUMER) timestamp=11163 ms, used_size=5683200 bytes (13.9%)
(RDMA_READ_CONSUME_CHECK_CONSUMER) timestamp=11163 ms, used_size=5681152 bytes (13.9%)
(RDMA_READ_CONSUME_CHECK_CONSUMER) timestamp=11163 ms, used_size=5679104 bytes (13.9%)
(RDMA_READ_CONSUME_CHECK_CONSUMER) timestamp=11163 ms, used_size=5677056 bytes (13.9%)
(RDMA_READ_CONSUME_CHECK_CONSUMER) timestamp=11163 ms, used_size=5675008 bytes (13.9%)
(RDMA_READ_CONSUME_CHECK_CONSUMER) timestamp=11163 ms, used_size=5672960 bytes (13.8%)
(RDMA_READ_CONSUME_CHECK_CONSUMER) timestamp=11163 ms, used_size=5670912 bytes (13.8%)
(RDMA_READ_CONSUME_CHECK_CONSUMER) timestamp=11163 ms, used_size=5668864 bytes (13.8%)
(RDMA_READ_CONSUME_CHECK_CONSUMER) timestamp=11163 ms, used_size=5666816 bytes (13.8%)
(RDMA_READ_CONSUME_CHECK_CONSUMER) timestamp=11163 ms, used_size=5664768 bytes (13.8%)
(RDMA_READ_CONSUME_CHECK_CONSUMER) timestamp=11163 ms, used_size=5662720 bytes (13.8%)
(RDMA_READ_CONSUME_CHECK_CONSUMER) timestamp=11163 ms, used_size=5660672 bytes (13.8%)
(RDMA_READ_CONSUME_CHECK_CONSUMER) timestamp=11163 ms, used_size=5658624 bytes (13.8%)
(RDMA_READ_CONSUME_CHECK_CONSUMER) timestamp=11163 ms, used_size=5656576 bytes (13.8%)
(RDMA_READ_CONSUME_CHECK_CONSUMER) timestamp=11163 ms, used_size=5654528 bytes (13.8%)
(RDMA_READ_CONSUME_CHECK_CONSUMER) timestamp=11163 ms, used_size=5652480 bytes (13.8%)
(RDMA_READ_CONSUME_CHECK_CONSUMER) timestamp=11163 ms, used_size=5650432 bytes (13.8%)
(RDMA_READ_CONSUME_CHECK_CONSUMER) timestamp=11163 ms, used_size=5648384 bytes (13.8%)
(RDMA_READ_CONSUME_CHECK_CONSUMER) timestamp=11163 ms, used_size=5646336 bytes (13.8%)
(RDMA_READ_CONSUME_CHECK_CONSUMER) timestamp=11163 ms, used_size=5644288 bytes (13.8%)
(RDMA_READ_CONSUME_CHECK_CONSUMER) timestamp=11163 ms, used_size=5642240 bytes (13.8%)
(RDMA_READ_CONSUME_CHECK_CONSUMER) timestamp=11163 ms, used_size=5640192 bytes (13.8%)
(RDMA_READ_CONSUME_CHECK_CONSUMER) timestamp=11163 ms, used_size=5638144 bytes (13.8%)
(RDMA_READ_CONSUME_CHECK_CONSUMER) timestamp=11163 ms, used_size=5636096 bytes (13.8%)
(RDMA_READ_CONSUME_CHECK_CONSUMER) timestamp=11163 ms, used_size=5634048 bytes (13.8%)
(RDMA_READ_CONSUME_CHECK_CONSUMER) timestamp=11163 ms, used_size=5632000 bytes (13.8%)
(RDMA_READ_CONSUME_CHECK_CONSUMER) timestamp=11163 ms, used_size=5629952 bytes (13.7%)
(RDMA_READ_CONSUME_CHECK_CONSUMER) timestamp=11163 ms, used_size=5627904 bytes (13.7%)
(RDMA_READ_CONSUME_CHECK_CONSUMER) timestamp=11163 ms, used_size=5625856 bytes (13.7%)
(RDMA_READ_CONSUME_CHECK_CONSUMER) timestamp=11163 ms, used_size=5623808 bytes (13.7%)
(RDMA_READ_CONSUME_CHECK_CONSUMER) timestamp=11163 ms, used_size=5621760 bytes (13.7%)
(RDMA_READ_CONSUME_CHECK_CONSUMER) timestamp=11163 ms, used_size=5619712 bytes (13.7%)
(RDMA_READ_CONSUME_CHECK_CONSUMER) timestamp=11163 ms, used_size=5617664 bytes (13.7%)
(RDMA_READ_CONSUME_CHECK_CONSUMER) timestamp=11163 ms, used_size=5615616 bytes (13.7%)
(RDMA_READ_CONSUME_CHECK_CONSUMER) timestamp=11163 ms, used_size=5613568 bytes (13.7%)
(RDMA_READ_CONSUME_CHECK_CONSUMER) timestamp=11163 ms, used_size=5611520 bytes (13.7%)
(RDMA_READ_CONSUME_CHECK_CONSUMER) timestamp=11163 ms, used_size=5609472 bytes (13.7%)
(RDMA_READ_CONSUME_CHECK_CONSUMER) timestamp=11163 ms, used_size=5607424 bytes (13.7%)
(RDMA_READ_CONSUME_CHECK_CONSUMER) timestamp=11163 ms, used_size=5605376 bytes (13.7%)
(RDMA_READ_CONSUME_CHECK_CONSUMER) timestamp=11163 ms, used_size=5603328 bytes (13.7%)
(RDMA_READ_CONSUME_CHECK_CONSUMER) timestamp=11163 ms, used_size=5601280 bytes (13.7%)
(RDMA_READ_CONSUME_CHECK_CONSUMER) timestamp=11163 ms, used_size=5599232 bytes (13.7%)
(RDMA_READ_CONSUME_CHECK_CONSUMER) timestamp=11163 ms, used_size=5597184 bytes (13.7%)
(RDMA_READ_CONSUME_CHECK_CONSUMER) timestamp=11163 ms, used_size=5595136 bytes (13.7%)
(RDMA_READ_CONSUME_CHECK_CONSUMER) timestamp=11163 ms, used_size=5593088 bytes (13.7%)
(RDMA_READ_CONSUME_CHECK_CONSUMER) timestamp=11163 ms, used_size=5591040 bytes (13.7%)
(RDMA_READ_CONSUME_CHECK_CONSUMER) timestamp=11163 ms, used_size=5588992 bytes (13.6%)
(RDMA_READ_CONSUME_CHECK_CONSUMER) timestamp=11163 ms, used_size=5586944 bytes (13.6%)
(RDMA_READ_CONSUME_CHECK_CONSUMER) timestamp=11163 ms, used_size=5584896 bytes (13.6%)
(RDMA_READ_CONSUME_CHECK_CONSUMER) timestamp=11163 ms, used_size=5582848 bytes (13.6%)
(RDMA_READ_CONSUME_CHECK_CONSUMER) timestamp=11163 ms, used_size=5580800 bytes (13.6%)
(RDMA_READ_CONSUME_CHECK_CONSUMER) timestamp=11163 ms, used_size=5578752 bytes (13.6%)
(RDMA_READ_CONSUME_CHECK_CONSUMER) timestamp=11163 ms, used_size=5576704 bytes (13.6%)
(RDMA_READ_CONSUME_CHECK_CONSUMER) timestamp=11163 ms, used_size=5574656 bytes (13.6%)
(RDMA_READ_CONSUME_CHECK_CONSUMER) timestamp=11163 ms, used_size=5572608 bytes (13.6%)
(RDMA_READ_CONSUME_CHECK_CONSUMER) timestamp=11163 ms, used_size=5570560 bytes (13.6%)
(RDMA_READ_CONSUME_CHECK_CONSUMER) timestamp=11163 ms, used_size=5568512 bytes (13.6%)
(RDMA_READ_CONSUME_CHECK_CONSUMER) timestamp=11163 ms, used_size=5566464 bytes (13.6%)
(RDMA_READ_CONSUME_CHECK_CONSUMER) timestamp=11163 ms, used_size=5564416 bytes (13.6%)
(RDMA_READ_CONSUME_CHECK_CONSUMER) timestamp=11163 ms, used_size=5562368 bytes (13.6%)
(RDMA_READ_CONSUME_CHECK_CONSUMER) timestamp=11163 ms, used_size=5560320 bytes (13.6%)
(RDMA_READ_CONSUME_CHECK_CONSUMER) timestamp=11163 ms, used_size=5558272 bytes (13.6%)
(RDMA_READ_CONSUME_CHECK_CONSUMER) timestamp=11163 ms, used_size=5556224 bytes (13.6%)
(RDMA_READ_CONSUME_CHECK_CONSUMER) timestamp=11163 ms, used_size=5554176 bytes (13.6%)
(RDMA_READ_CONSUME_CHECK_CONSUMER) timestamp=11163 ms, used_size=5552128 bytes (13.6%)
(RDMA_READ_CONSUME_CHECK_CONSUMER) timestamp=11163 ms, used_size=5550080 bytes (13.6%)
(RDMA_READ_CONSUME_CHECK_CONSUMER) timestamp=11163 ms, used_size=5548032 bytes (13.5%)
(RDMA_READ_CONSUME_CHECK_CONSUMER) timestamp=11163 ms, used_size=5545984 bytes (13.5%)
(RDMA_READ_CONSUME_CHECK_CONSUMER) timestamp=11163 ms, used_size=5543936 bytes (13.5%)
(RDMA_READ_CONSUME_CHECK_CONSUMER) timestamp=11163 ms, used_size=5541888 bytes (13.5%)
(RDMA_READ_CONSUME_CHECK_CONSUMER) timestamp=11163 ms, used_size=5539840 bytes (13.5%)
(RDMA_READ_CONSUME_CHECK_CONSUMER) timestamp=11163 ms, used_size=5537792 bytes (13.5%)
(RDMA_READ_CONSUME_CHECK_CONSUMER) timestamp=11163 ms, used_size=5535744 bytes (13.5%)
(RDMA_READ_CONSUME_CHECK_CONSUMER) timestamp=11163 ms, used_size=5533696 bytes (13.5%)
(RDMA_READ_CONSUME_CHECK_CONSUMER) timestamp=11163 ms, used_size=5531648 bytes (13.5%)
(RDMA_READ_CONSUME_CHECK_CONSUMER) timestamp=11163 ms, used_size=5529600 bytes (13.5%)
(RDMA_READ_CONSUME_CHECK_CONSUMER) timestamp=11163 ms, used_size=5527552 bytes (13.5%)
(RDMA_READ_CONSUME_CHECK_CONSUMER) timestamp=11163 ms, used_size=5525504 bytes (13.5%)
(RDMA_READ_CONSUME_CHECK_CONSUMER) timestamp=11163 ms, used_size=5523456 bytes (13.5%)
(RDMA_READ_CONSUME_CHECK_CONSUMER) timestamp=11163 ms, used_size=5521408 bytes (13.5%)
(RDMA_READ_CONSUME_CHECK_CONSUMER) timestamp=11163 ms, used_size=5519360 bytes (13.5%)
(RDMA_READ_CONSUME_CHECK_CONSUMER) timestamp=11163 ms, used_size=5517312 bytes (13.5%)
(RDMA_READ_CONSUME_CHECK_CONSUMER) timestamp=11163 ms, used_size=5515264 bytes (13.5%)
(RDMA_READ_CONSUME_CHECK_CONSUMER) timestamp=11163 ms, used_size=5513216 bytes (13.5%)
(RDMA_READ_CONSUME_CHECK_CONSUMER) timestamp=11163 ms, used_size=5511168 bytes (13.5%)
(RDMA_READ_CONSUME_CHECK_CONSUMER) timestamp=11163 ms, used_size=5509120 bytes (13.4%)
(RDMA_READ_CONSUME_CHECK_CONSUMER) timestamp=11163 ms, used_size=5507072 bytes (13.4%)
(RDMA_READ_CONSUME_CHECK_CONSUMER) timestamp=11163 ms, used_size=5505024 bytes (13.4%)
(RDMA_READ_CONSUME_CHECK_CONSUMER) timestamp=11163 ms, used_size=5502976 bytes (13.4%)
(RDMA_READ_CONSUME_CHECK_CONSUMER) timestamp=11163 ms, used_size=5500928 bytes (13.4%)
(RDMA_READ_CONSUME_CHECK_CONSUMER) timestamp=11163 ms, used_size=5498880 bytes (13.4%)
(RDMA_READ_CONSUME_CHECK_CONSUMER) timestamp=11163 ms, used_size=5496832 bytes (13.4%)
(RDMA_READ_CONSUME_CHECK_CONSUMER) timestamp=11163 ms, used_size=5494784 bytes (13.4%)
(RDMA_READ_CONSUME_CHECK_CONSUMER) timestamp=11163 ms, used_size=5492736 bytes (13.4%)
(RDMA_READ_CONSUME_CHECK_CONSUMER) timestamp=11163 ms, used_size=5490688 bytes (13.4%)
(RDMA_READ_CONSUME_CHECK_CONSUMER) timestamp=11163 ms, used_size=5488640 bytes (13.4%)
(RDMA_READ_CONSUME_CHECK_CONSUMER) timestamp=11163 ms, used_size=5486592 bytes (13.4%)
(RDMA_READ_CONSUME_CHECK_CONSUMER) timestamp=11163 ms, used_size=5484544 bytes (13.4%)
(RDMA_READ_CONSUME_CHECK_CONSUMER) timestamp=11163 ms, used_size=5482496 bytes (13.4%)
(RDMA_READ_CONSUME_CHECK_CONSUMER) timestamp=11163 ms, used_size=5480448 bytes (13.4%)
(RDMA_READ_CONSUME_CHECK_CONSUMER) timestamp=11163 ms, used_size=5478400 bytes (13.4%)
(RDMA_READ_CONSUME_CHECK_CONSUMER) timestamp=11163 ms, used_size=5476352 bytes (13.4%)
(RDMA_READ_CONSUME_CHECK_CONSUMER) timestamp=11163 ms, used_size=5474304 bytes (13.4%)
(RDMA_READ_CONSUME_CHECK_CONSUMER) timestamp=11163 ms, used_size=5472256 bytes (13.4%)
(RDMA_READ_CONSUME_CHECK_CONSUMER) timestamp=11163 ms, used_size=5470208 bytes (13.4%)
(RDMA_READ_CONSUME_CHECK_CONSUMER) timestamp=11163 ms, used_size=5468160 bytes (13.3%)
(RDMA_READ_CONSUME_CHECK_CONSUMER) timestamp=11163 ms, used_size=5466112 bytes (13.3%)
(RDMA_READ_CONSUME_CHECK_CONSUMER) timestamp=11163 ms, used_size=5464064 bytes (13.3%)
(RDMA_READ_CONSUME_CHECK_CONSUMER) timestamp=11163 ms, used_size=5462016 bytes (13.3%)
(RDMA_READ_CONSUME_CHECK_CONSUMER) timestamp=11163 ms, used_size=5459968 bytes (13.3%)
(RDMA_READ_CONSUME_CHECK_CONSUMER) timestamp=11163 ms, used_size=5457920 bytes (13.3%)
(RDMA_READ_CONSUME_CHECK_CONSUMER) timestamp=11163 ms, used_size=5455872 bytes (13.3%)
(RDMA_READ_CONSUME_CHECK_CONSUMER) timestamp=11163 ms, used_size=5453824 bytes (13.3%)
(RDMA_READ_CONSUME_CHECK_CONSUMER) timestamp=11163 ms, used_size=5451776 bytes (13.3%)
(RDMA_READ_CONSUME_CHECK_CONSUMER) timestamp=11163 ms, used_size=5449728 bytes (13.3%)
(RDMA_READ_CONSUME_CHECK_CONSUMER) timestamp=11163 ms, used_size=5447680 bytes (13.3%)
(RDMA_READ_CONSUME_CHECK_CONSUMER) timestamp=11163 ms, used_size=5445632 bytes (13.3%)
(RDMA_READ_CONSUME_CHECK_CONSUMER) timestamp=11163 ms, used_size=5443584 bytes (13.3%)
(RDMA_READ_CONSUME_CHECK_CONSUMER) timestamp=11163 ms, used_size=5441536 bytes (13.3%)
(RDMA_READ_CONSUME_CHECK_CONSUMER) timestamp=11163 ms, used_size=5439488 bytes (13.3%)
(RDMA_READ_CONSUME_CHECK_CONSUMER) timestamp=11163 ms, used_size=5437440 bytes (13.3%)
(RDMA_READ_CONSUME_CHECK_CONSUMER) timestamp=11163 ms, used_size=5435392 bytes (13.3%)
(RDMA_READ_CONSUME_CHECK_CONSUMER) timestamp=11163 ms, used_size=5433344 bytes (13.3%)
(RDMA_READ_CONSUME_CHECK_CONSUMER) timestamp=11163 ms, used_size=5431296 bytes (13.3%)
(RDMA_READ_CONSUME_CHECK_CONSUMER) timestamp=11163 ms, used_size=5429248 bytes (13.3%)
(RDMA_READ_CONSUME_CHECK_CONSUMER) timestamp=11163 ms, used_size=5427200 bytes (13.2%)
(RDMA_READ_CONSUME_CHECK_CONSUMER) timestamp=11163 ms, used_size=5425152 bytes (13.2%)
(RDMA_READ_CONSUME_CHECK_CONSUMER) timestamp=11163 ms, used_size=5423104 bytes (13.2%)
(RDMA_READ_CONSUME_CHECK_CONSUMER) timestamp=11163 ms, used_size=5421056 bytes (13.2%)
(RDMA_READ_CONSUME_CHECK_CONSUMER) timestamp=11163 ms, used_size=5419008 bytes (13.2%)
(RDMA_READ_CONSUME_CHECK_CONSUMER) timestamp=11163 ms, used_size=5416960 bytes (13.2%)
(RDMA_READ_CONSUME_CHECK_CONSUMER) timestamp=11163 ms, used_size=5414912 bytes (13.2%)
(RDMA_READ_CONSUME_CHECK_CONSUMER) timestamp=11163 ms, used_size=5412864 bytes (13.2%)
(RDMA_READ_CONSUME_CHECK_CONSUMER) timestamp=11163 ms, used_size=5410816 bytes (13.2%)
(RDMA_READ_CONSUME_CHECK_CONSUMER) timestamp=11163 ms, used_size=5408768 bytes (13.2%)
(RDMA_READ_CONSUME_CHECK_CONSUMER) timestamp=11163 ms, used_size=5406720 bytes (13.2%)
(RDMA_READ_CONSUME_CHECK_CONSUMER) timestamp=11163 ms, used_size=5404672 bytes (13.2%)
(RDMA_READ_CONSUME_CHECK_CONSUMER) timestamp=11163 ms, used_size=5402624 bytes (13.2%)
(RDMA_READ_CONSUME_CHECK_CONSUMER) timestamp=11163 ms, used_size=5400576 bytes (13.2%)
(RDMA_READ_CONSUME_CHECK_CONSUMER) timestamp=11163 ms, used_size=5398528 bytes (13.2%)
(RDMA_READ_CONSUME_CHECK_CONSUMER) timestamp=11163 ms, used_size=5396480 bytes (13.2%)
(RDMA_READ_CONSUME_CHECK_CONSUMER) timestamp=11163 ms, used_size=5394432 bytes (13.2%)
(RDMA_READ_CONSUME_CHECK_CONSUMER) timestamp=11163 ms, used_size=5392384 bytes (13.2%)
(RDMA_READ_CONSUME_CHECK_CONSUMER) timestamp=11163 ms, used_size=5390336 bytes (13.2%)
(RDMA_READ_CONSUME_CHECK_CONSUMER) timestamp=11163 ms, used_size=5388288 bytes (13.2%)
(RDMA_READ_CONSUME_CHECK_CONSUMER) timestamp=11163 ms, used_size=5386240 bytes (13.2%)
(RDMA_READ_CONSUME_CHECK_CONSUMER) timestamp=11163 ms, used_size=5384192 bytes (13.1%)
(RDMA_READ_CONSUME_CHECK_CONSUMER) timestamp=11163 ms, used_size=5382144 bytes (13.1%)
(RDMA_READ_CONSUME_CHECK_CONSUMER) timestamp=11163 ms, used_size=5380096 bytes (13.1%)
(RDMA_READ_CONSUME_CHECK_CONSUMER) timestamp=11163 ms, used_size=5378048 bytes (13.1%)
(RDMA_READ_CONSUME_CHECK_CONSUMER) timestamp=11163 ms, used_size=5376000 bytes (13.1%)
(RDMA_READ_CONSUME_CHECK_CONSUMER) timestamp=11163 ms, used_size=5373952 bytes (13.1%)
(RDMA_READ_CONSUME_CHECK_CONSUMER) timestamp=11163 ms, used_size=5371904 bytes (13.1%)
(RDMA_READ_CONSUME_CHECK_CONSUMER) timestamp=11163 ms, used_size=5369856 bytes (13.1%)
(RDMA_READ_CONSUME_CHECK_CONSUMER) timestamp=11163 ms, used_size=5367808 bytes (13.1%)
(RDMA_READ_CONSUME_CHECK_CONSUMER) timestamp=11163 ms, used_size=5365760 bytes (13.1%)
(RDMA_READ_CONSUME_CHECK_CONSUMER) timestamp=11163 ms, used_size=5363712 bytes (13.1%)
(RDMA_READ_CONSUME_CHECK_CONSUMER) timestamp=11163 ms, used_size=5361664 bytes (13.1%)
(RDMA_READ_CONSUME_CHECK_CONSUMER) timestamp=11163 ms, used_size=5359616 bytes (13.1%)
(RDMA_READ_CONSUME_CHECK_CONSUMER) timestamp=11163 ms, used_size=5357568 bytes (13.1%)
(RDMA_READ_CONSUME_CHECK_CONSUMER) timestamp=11163 ms, used_size=5355520 bytes (13.1%)
(RDMA_READ_CONSUME_CHECK_CONSUMER) timestamp=11163 ms, used_size=5353472 bytes (13.1%)
(RDMA_READ_CONSUME_CHECK_CONSUMER) timestamp=11163 ms, used_size=5351424 bytes (13.1%)
(RDMA_READ_CONSUME_CHECK_CONSUMER) timestamp=11163 ms, used_size=5349376 bytes (13.1%)
(RDMA_READ_CONSUME_CHECK_CONSUMER) timestamp=11163 ms, used_size=5347328 bytes (13.1%)
(RDMA_READ_CONSUME_CHECK_CONSUMER) timestamp=11163 ms, used_size=5345280 bytes (13.1%)
(RDMA_READ_CONSUME_CHECK_CONSUMER) timestamp=11163 ms, used_size=5343232 bytes (13.0%)
(RDMA_READ_CONSUME_CHECK_CONSUMER) timestamp=11163 ms, used_size=5341184 bytes (13.0%)
(RDMA_READ_CONSUME_CHECK_CONSUMER) timestamp=11163 ms, used_size=5339136 bytes (13.0%)
(RDMA_READ_CONSUME_CHECK_CONSUMER) timestamp=11164 ms, used_size=5337088 bytes (13.0%)
(RDMA_READ_CONSUME_CHECK_CONSUMER) timestamp=11164 ms, used_size=5335040 bytes (13.0%)
(RDMA_READ_CONSUME_CHECK_CONSUMER) timestamp=11164 ms, used_size=5332992 bytes (13.0%)
(RDMA_READ_CONSUME_CHECK_CONSUMER) timestamp=11164 ms, used_size=5330944 bytes (13.0%)
(RDMA_READ_CONSUME_CHECK_CONSUMER) timestamp=11164 ms, used_size=5328896 bytes (13.0%)
(RDMA_READ_CONSUME_CHECK_CONSUMER) timestamp=11164 ms, used_size=5326848 bytes (13.0%)
(RDMA_READ_CONSUME_CHECK_CONSUMER) timestamp=11164 ms, used_size=5324800 bytes (13.0%)
(RDMA_READ_CONSUME_CHECK_CONSUMER) timestamp=11164 ms, used_size=5322752 bytes (13.0%)
(RDMA_READ_CONSUME_CHECK_CONSUMER) timestamp=11164 ms, used_size=5320704 bytes (13.0%)
(RDMA_READ_CONSUME_CHECK_CONSUMER) timestamp=11164 ms, used_size=5318656 bytes (13.0%)
(RDMA_READ_CONSUME_CHECK_CONSUMER) timestamp=11164 ms, used_size=5316608 bytes (13.0%)
(RDMA_READ_CONSUME_CHECK_CONSUMER) timestamp=11164 ms, used_size=5314560 bytes (13.0%)
(RDMA_READ_CONSUME_CHECK_CONSUMER) timestamp=11164 ms, used_size=5312512 bytes (13.0%)
(RDMA_READ_CONSUME_CHECK_CONSUMER) timestamp=11164 ms, used_size=5310464 bytes (13.0%)
(RDMA_READ_CONSUME_CHECK_CONSUMER) timestamp=11164 ms, used_size=5308416 bytes (13.0%)
(RDMA_READ_CONSUME_CHECK_CONSUMER) timestamp=11164 ms, used_size=5306368 bytes (13.0%)
(RDMA_READ_CONSUME_CHECK_CONSUMER) timestamp=11164 ms, used_size=5304320 bytes (12.9%)
(RDMA_READ_CONSUME_CHECK_CONSUMER) timestamp=11164 ms, used_size=5302272 bytes (12.9%)
(RDMA_READ_CONSUME_CHECK_CONSUMER) timestamp=11164 ms, used_size=5300224 bytes (12.9%)
(RDMA_READ_CONSUME_CHECK_CONSUMER) timestamp=11164 ms, used_size=5298176 bytes (12.9%)
(RDMA_READ_CONSUME_CHECK_CONSUMER) timestamp=11164 ms, used_size=5296128 bytes (12.9%)
(RDMA_READ_CONSUME_CHECK_CONSUMER) timestamp=11164 ms, used_size=5294080 bytes (12.9%)
(RDMA_READ_CONSUME_CHECK_CONSUMER) timestamp=11164 ms, used_size=5292032 bytes (12.9%)
(RDMA_READ_CONSUME_CHECK_CONSUMER) timestamp=11164 ms, used_size=5289984 bytes (12.9%)
(RDMA_READ_CONSUME_CHECK_CONSUMER) timestamp=11164 ms, used_size=5287936 bytes (12.9%)
(RDMA_READ_CONSUME_CHECK_CONSUMER) timestamp=11164 ms, used_size=5285888 bytes (12.9%)
(RDMA_READ_CONSUME_CHECK_CONSUMER) timestamp=11164 ms, used_size=5283840 bytes (12.9%)
(RDMA_READ_CONSUME_CHECK_CONSUMER) timestamp=11164 ms, used_size=5281792 bytes (12.9%)
(RDMA_READ_CONSUME_CHECK_CONSUMER) timestamp=11164 ms, used_size=5279744 bytes (12.9%)
(RDMA_READ_CONSUME_CHECK_CONSUMER) timestamp=11164 ms, used_size=5277696 bytes (12.9%)
(RDMA_READ_CONSUME_CHECK_CONSUMER) timestamp=11164 ms, used_size=5275648 bytes (12.9%)
(RDMA_READ_CONSUME_CHECK_CONSUMER) timestamp=11164 ms, used_size=5273600 bytes (12.9%)
(RDMA_READ_CONSUME_CHECK_CONSUMER) timestamp=11164 ms, used_size=5271552 bytes (12.9%)
(RDMA_READ_CONSUME_CHECK_CONSUMER) timestamp=11164 ms, used_size=5269504 bytes (12.9%)
(RDMA_READ_CONSUME_CHECK_CONSUMER) timestamp=11164 ms, used_size=5267456 bytes (12.9%)
(RDMA_READ_CONSUME_CHECK_CONSUMER) timestamp=11164 ms, used_size=5265408 bytes (12.9%)
(RDMA_READ_CONSUME_CHECK_CONSUMER) timestamp=11164 ms, used_size=5263360 bytes (12.8%)
(RDMA_READ_CONSUME_CHECK_CONSUMER) timestamp=11164 ms, used_size=5261312 bytes (12.8%)
(RDMA_READ_CONSUME_CHECK_CONSUMER) timestamp=11164 ms, used_size=5259264 bytes (12.8%)
(RDMA_READ_CONSUME_CHECK_CONSUMER) timestamp=11164 ms, used_size=5257216 bytes (12.8%)
(RDMA_READ_CONSUME_CHECK_CONSUMER) timestamp=11164 ms, used_size=5255168 bytes (12.8%)
(RDMA_READ_CONSUME_CHECK_CONSUMER) timestamp=11164 ms, used_size=5253120 bytes (12.8%)
(RDMA_READ_CONSUME_CHECK_CONSUMER) timestamp=11164 ms, used_size=5251072 bytes (12.8%)
(RDMA_READ_CONSUME_CHECK_CONSUMER) timestamp=11164 ms, used_size=5249024 bytes (12.8%)
(RDMA_READ_CONSUME_CHECK_CONSUMER) timestamp=11164 ms, used_size=5246976 bytes (12.8%)
(RDMA_READ_CONSUME_CHECK_CONSUMER) timestamp=11164 ms, used_size=5244928 bytes (12.8%)
(RDMA_READ_CONSUME_CHECK_CONSUMER) timestamp=11164 ms, used_size=5242880 bytes (12.8%)
(RDMA_READ_CONSUME_CHECK_CONSUMER) timestamp=11164 ms, used_size=5240832 bytes (12.8%)
(RDMA_READ_CONSUME_CHECK_CONSUMER) timestamp=11164 ms, used_size=5238784 bytes (12.8%)
(RDMA_READ_CONSUME_CHECK_CONSUMER) timestamp=11164 ms, used_size=5236736 bytes (12.8%)
(RDMA_READ_CONSUME_CHECK_CONSUMER) timestamp=11164 ms, used_size=5234688 bytes (12.8%)
(RDMA_READ_CONSUME_CHECK_CONSUMER) timestamp=11164 ms, used_size=5232640 bytes (12.8%)
(RDMA_READ_CONSUME_CHECK_CONSUMER) timestamp=11164 ms, used_size=5230592 bytes (12.8%)
(RDMA_READ_CONSUME_CHECK_CONSUMER) timestamp=11164 ms, used_size=5228544 bytes (12.8%)
(RDMA_READ_CONSUME_CHECK_CONSUMER) timestamp=11164 ms, used_size=5226496 bytes (12.8%)
(RDMA_READ_CONSUME_CHECK_CONSUMER) timestamp=11164 ms, used_size=5224448 bytes (12.8%)
(RDMA_READ_CONSUME_CHECK_CONSUMER) timestamp=11164 ms, used_size=5222400 bytes (12.8%)
(RDMA_READ_CONSUME_CHECK_CONSUMER) timestamp=11164 ms, used_size=5220352 bytes (12.7%)
(RDMA_READ_CONSUME_CHECK_CONSUMER) timestamp=11164 ms, used_size=5218304 bytes (12.7%)
(RDMA_READ_CONSUME_CHECK_CONSUMER) timestamp=11164 ms, used_size=5216256 bytes (12.7%)
(RDMA_READ_CONSUME_CHECK_CONSUMER) timestamp=11164 ms, used_size=5214208 bytes (12.7%)
(RDMA_READ_CONSUME_CHECK_CONSUMER) timestamp=11164 ms, used_size=5212160 bytes (12.7%)
(RDMA_READ_CONSUME_CHECK_CONSUMER) timestamp=11164 ms, used_size=5210112 bytes (12.7%)
(RDMA_READ_CONSUME_CHECK_CONSUMER) timestamp=11164 ms, used_size=5208064 bytes (12.7%)
(RDMA_READ_CONSUME_CHECK_CONSUMER) timestamp=11164 ms, used_size=5206016 bytes (12.7%)
(RDMA_READ_CONSUME_CHECK_CONSUMER) timestamp=11164 ms, used_size=5203968 bytes (12.7%)
(RDMA_READ_CONSUME_CHECK_CONSUMER) timestamp=11164 ms, used_size=5201920 bytes (12.7%)
(RDMA_READ_CONSUME_CHECK_CONSUMER) timestamp=11164 ms, used_size=5199872 bytes (12.7%)
(RDMA_READ_CONSUME_CHECK_CONSUMER) timestamp=11164 ms, used_size=5197824 bytes (12.7%)
(RDMA_READ_CONSUME_CHECK_CONSUMER) timestamp=11164 ms, used_size=5195776 bytes (12.7%)
(RDMA_READ_CONSUME_CHECK_CONSUMER) timestamp=11164 ms, used_size=5193728 bytes (12.7%)
(RDMA_READ_CONSUME_CHECK_CONSUMER) timestamp=11164 ms, used_size=5191680 bytes (12.7%)
(RDMA_READ_CONSUME_CHECK_CONSUMER) timestamp=11164 ms, used_size=5189632 bytes (12.7%)
(RDMA_READ_CONSUME_CHECK_CONSUMER) timestamp=11164 ms, used_size=5187584 bytes (12.7%)
(RDMA_READ_CONSUME_CHECK_CONSUMER) timestamp=11164 ms, used_size=5185536 bytes (12.7%)
(RDMA_READ_CONSUME_CHECK_CONSUMER) timestamp=11164 ms, used_size=5183488 bytes (12.7%)
(RDMA_READ_CONSUME_CHECK_CONSUMER) timestamp=11164 ms, used_size=5181440 bytes (12.7%)
(RDMA_READ_CONSUME_CHECK_CONSUMER) timestamp=11164 ms, used_size=5179392 bytes (12.6%)
(RDMA_READ_CONSUME_CHECK_CONSUMER) timestamp=11164 ms, used_size=5177344 bytes (12.6%)
(RDMA_READ_CONSUME_CHECK_CONSUMER) timestamp=11164 ms, used_size=5175296 bytes (12.6%)
(RDMA_READ_CONSUME_CHECK_CONSUMER) timestamp=11164 ms, used_size=5173248 bytes (12.6%)
(RDMA_READ_CONSUME_CHECK_CONSUMER) timestamp=11164 ms, used_size=5171200 bytes (12.6%)
(RDMA_READ_CONSUME_CHECK_CONSUMER) timestamp=11164 ms, used_size=5169152 bytes (12.6%)
(RDMA_READ_CONSUME_CHECK_CONSUMER) timestamp=11164 ms, used_size=5167104 bytes (12.6%)
(RDMA_READ_CONSUME_CHECK_CONSUMER) timestamp=11164 ms, used_size=5165056 bytes (12.6%)
(RDMA_READ_CONSUME_CHECK_CONSUMER) timestamp=11164 ms, used_size=5163008 bytes (12.6%)
(RDMA_READ_CONSUME_CHECK_CONSUMER) timestamp=11164 ms, used_size=5160960 bytes (12.6%)
(RDMA_READ_CONSUME_CHECK_CONSUMER) timestamp=11164 ms, used_size=5158912 bytes (12.6%)
(RDMA_READ_CONSUME_CHECK_CONSUMER) timestamp=11164 ms, used_size=5156864 bytes (12.6%)
(RDMA_READ_CONSUME_CHECK_CONSUMER) timestamp=11164 ms, used_size=5154816 bytes (12.6%)
(RDMA_READ_CONSUME_CHECK_CONSUMER) timestamp=11164 ms, used_size=5152768 bytes (12.6%)
(RDMA_READ_CONSUME_CHECK_CONSUMER) timestamp=11164 ms, used_size=5150720 bytes (12.6%)
(RDMA_READ_CONSUME_CHECK_CONSUMER) timestamp=11164 ms, used_size=5148672 bytes (12.6%)
(RDMA_READ_CONSUME_CHECK_CONSUMER) timestamp=11164 ms, used_size=5146624 bytes (12.6%)
(RDMA_READ_CONSUME_CHECK_CONSUMER) timestamp=11164 ms, used_size=5144576 bytes (12.6%)
(RDMA_READ_CONSUME_CHECK_CONSUMER) timestamp=11164 ms, used_size=5142528 bytes (12.6%)
(RDMA_READ_CONSUME_CHECK_CONSUMER) timestamp=11164 ms, used_size=5140480 bytes (12.6%)
(RDMA_READ_CONSUME_CHECK_CONSUMER) timestamp=11164 ms, used_size=5138432 bytes (12.5%)
(RDMA_READ_CONSUME_CHECK_CONSUMER) timestamp=11164 ms, used_size=5136384 bytes (12.5%)
(RDMA_READ_CONSUME_CHECK_CONSUMER) timestamp=11164 ms, used_size=5134336 bytes (12.5%)
(RDMA_READ_CONSUME_CHECK_CONSUMER) timestamp=11164 ms, used_size=5132288 bytes (12.5%)
(RDMA_READ_CONSUME_CHECK_CONSUMER) timestamp=11164 ms, used_size=5130240 bytes (12.5%)
(RDMA_READ_CONSUME_CHECK_CONSUMER) timestamp=11164 ms, used_size=5128192 bytes (12.5%)
(RDMA_READ_CONSUME_CHECK_CONSUMER) timestamp=11164 ms, used_size=5126144 bytes (12.5%)
(RDMA_READ_CONSUME_CHECK_CONSUMER) timestamp=11164 ms, used_size=5124096 bytes (12.5%)
(RDMA_READ_CONSUME_CHECK_CONSUMER) timestamp=11164 ms, used_size=5122048 bytes (12.5%)
(RDMA_READ_CONSUME_CHECK_CONSUMER) timestamp=11164 ms, used_size=5120000 bytes (12.5%)
(RDMA_READ_CONSUME_CHECK_CONSUMER) timestamp=11164 ms, used_size=5117952 bytes (12.5%)
(RDMA_READ_CONSUME_CHECK_CONSUMER) timestamp=11164 ms, used_size=5115904 bytes (12.5%)
(RDMA_READ_CONSUME_CHECK_CONSUMER) timestamp=11164 ms, used_size=5113856 bytes (12.5%)
(RDMA_READ_CONSUME_CHECK_CONSUMER) timestamp=11164 ms, used_size=5111808 bytes (12.5%)
(RDMA_READ_CONSUME_CHECK_CONSUMER) timestamp=11164 ms, used_size=5109760 bytes (12.5%)
(RDMA_READ_CONSUME_CHECK_CONSUMER) timestamp=11164 ms, used_size=5107712 bytes (12.5%)
(RDMA_READ_CONSUME_CHECK_CONSUMER) timestamp=11164 ms, used_size=5105664 bytes (12.5%)
(RDMA_READ_CONSUME_CHECK_CONSUMER) timestamp=11164 ms, used_size=5103616 bytes (12.5%)
(RDMA_READ_CONSUME_CHECK_CONSUMER) timestamp=11164 ms, used_size=5101568 bytes (12.5%)
(RDMA_READ_CONSUME_CHECK_CONSUMER) timestamp=11164 ms, used_size=5099520 bytes (12.4%)
(RDMA_READ_CONSUME_CHECK_CONSUMER) timestamp=11164 ms, used_size=5097472 bytes (12.4%)
(RDMA_READ_CONSUME_CHECK_CONSUMER) timestamp=11164 ms, used_size=5095424 bytes (12.4%)
(RDMA_READ_CONSUME_CHECK_CONSUMER) timestamp=11164 ms, used_size=5093376 bytes (12.4%)
(RDMA_READ_CONSUME_CHECK_CONSUMER) timestamp=11164 ms, used_size=5091328 bytes (12.4%)
(RDMA_READ_CONSUME_CHECK_CONSUMER) timestamp=11164 ms, used_size=5089280 bytes (12.4%)
(RDMA_READ_CONSUME_CHECK_CONSUMER) timestamp=11164 ms, used_size=5087232 bytes (12.4%)
(RDMA_READ_CONSUME_CHECK_CONSUMER) timestamp=11164 ms, used_size=5085184 bytes (12.4%)
(RDMA_READ_CONSUME_CHECK_CONSUMER) timestamp=11164 ms, used_size=5083136 bytes (12.4%)
(RDMA_READ_CONSUME_CHECK_CONSUMER) timestamp=11164 ms, used_size=5081088 bytes (12.4%)
(RDMA_READ_CONSUME_CHECK_CONSUMER) timestamp=11164 ms, used_size=5079040 bytes (12.4%)
(RDMA_READ_CONSUME_CHECK_CONSUMER) timestamp=11164 ms, used_size=5076992 bytes (12.4%)
(RDMA_READ_CONSUME_CHECK_CONSUMER) timestamp=11164 ms, used_size=5074944 bytes (12.4%)
(RDMA_READ_CONSUME_CHECK_CONSUMER) timestamp=11164 ms, used_size=5072896 bytes (12.4%)
(RDMA_READ_CONSUME_CHECK_CONSUMER) timestamp=11164 ms, used_size=5070848 bytes (12.4%)
(RDMA_READ_CONSUME_CHECK_CONSUMER) timestamp=11164 ms, used_size=5068800 bytes (12.4%)
(RDMA_READ_CONSUME_CHECK_CONSUMER) timestamp=11164 ms, used_size=5066752 bytes (12.4%)
(RDMA_READ_CONSUME_CHECK_CONSUMER) timestamp=11164 ms, used_size=5064704 bytes (12.4%)
(RDMA_READ_CONSUME_CHECK_CONSUMER) timestamp=11164 ms, used_size=5062656 bytes (12.4%)
(RDMA_READ_CONSUME_CHECK_CONSUMER) timestamp=11164 ms, used_size=5060608 bytes (12.4%)
(RDMA_READ_CONSUME_CHECK_CONSUMER) timestamp=11164 ms, used_size=5058560 bytes (12.3%)
(RDMA_READ_CONSUME_CHECK_CONSUMER) timestamp=11164 ms, used_size=5056512 bytes (12.3%)
(RDMA_READ_CONSUME_CHECK_CONSUMER) timestamp=11164 ms, used_size=5054464 bytes (12.3%)
(RDMA_READ_CONSUME_CHECK_CONSUMER) timestamp=11164 ms, used_size=5052416 bytes (12.3%)
(RDMA_READ_CONSUME_CHECK_CONSUMER) timestamp=11164 ms, used_size=5050368 bytes (12.3%)
(RDMA_READ_CONSUME_CHECK_CONSUMER) timestamp=11164 ms, used_size=5048320 bytes (12.3%)
(RDMA_READ_CONSUME_CHECK_CONSUMER) timestamp=11164 ms, used_size=5046272 bytes (12.3%)
(RDMA_READ_CONSUME_CHECK_CONSUMER) timestamp=11164 ms, used_size=5044224 bytes (12.3%)
(RDMA_READ_CONSUME_CHECK_CONSUMER) timestamp=11164 ms, used_size=5042176 bytes (12.3%)
(RDMA_READ_CONSUME_CHECK_CONSUMER) timestamp=11164 ms, used_size=5040128 bytes (12.3%)
(RDMA_READ_CONSUME_CHECK_CONSUMER) timestamp=11164 ms, used_size=5038080 bytes (12.3%)
(RDMA_READ_CONSUME_CHECK_CONSUMER) timestamp=11164 ms, used_size=5036032 bytes (12.3%)
(RDMA_READ_CONSUME_CHECK_CONSUMER) timestamp=11164 ms, used_size=5033984 bytes (12.3%)
(RDMA_READ_CONSUME_CHECK_CONSUMER) timestamp=11164 ms, used_size=5031936 bytes (12.3%)
(RDMA_READ_CONSUME_CHECK_CONSUMER) timestamp=11164 ms, used_size=5029888 bytes (12.3%)
(RDMA_READ_CONSUME_CHECK_CONSUMER) timestamp=11164 ms, used_size=5027840 bytes (12.3%)
(RDMA_READ_CONSUME_CHECK_CONSUMER) timestamp=11164 ms, used_size=5025792 bytes (12.3%)
(RDMA_READ_CONSUME_CHECK_CONSUMER) timestamp=11164 ms, used_size=5023744 bytes (12.3%)
(RDMA_READ_CONSUME_CHECK_CONSUMER) timestamp=11164 ms, used_size=5021696 bytes (12.3%)
(RDMA_READ_CONSUME_CHECK_CONSUMER) timestamp=11164 ms, used_size=5019648 bytes (12.3%)
(RDMA_READ_CONSUME_CHECK_CONSUMER) timestamp=11164 ms, used_size=5017600 bytes (12.2%)
(RDMA_READ_CONSUME_CHECK_CONSUMER) timestamp=11164 ms, used_size=5015552 bytes (12.2%)
(RDMA_READ_CONSUME_CHECK_CONSUMER) timestamp=11164 ms, used_size=5013504 bytes (12.2%)
(RDMA_READ_CONSUME_CHECK_CONSUMER) timestamp=11164 ms, used_size=5011456 bytes (12.2%)
(RDMA_READ_CONSUME_CHECK_CONSUMER) timestamp=11164 ms, used_size=5009408 bytes (12.2%)
(RDMA_READ_CONSUME_CHECK_CONSUMER) timestamp=11164 ms, used_size=5007360 bytes (12.2%)
(RDMA_READ_CONSUME_CHECK_CONSUMER) timestamp=11164 ms, used_size=5005312 bytes (12.2%)
(RDMA_READ_CONSUME_CHECK_CONSUMER) timestamp=11164 ms, used_size=5003264 bytes (12.2%)
(RDMA_READ_CONSUME_CHECK_CONSUMER) timestamp=11164 ms, used_size=5001216 bytes (12.2%)
(RDMA_READ_CONSUME_CHECK_CONSUMER) timestamp=11164 ms, used_size=4999168 bytes (12.2%)
(RDMA_READ_CONSUME_CHECK_CONSUMER) timestamp=11164 ms, used_size=4997120 bytes (12.2%)
(RDMA_READ_CONSUME_CHECK_CONSUMER) timestamp=11164 ms, used_size=4995072 bytes (12.2%)
(RDMA_READ_CONSUME_CHECK_CONSUMER) timestamp=11164 ms, used_size=4993024 bytes (12.2%)
(RDMA_READ_CONSUME_CHECK_CONSUMER) timestamp=11164 ms, used_size=4990976 bytes (12.2%)
(RDMA_READ_CONSUME_CHECK_CONSUMER) timestamp=11164 ms, used_size=4988928 bytes (12.2%)
(RDMA_READ_CONSUME_CHECK_CONSUMER) timestamp=11165 ms, used_size=4986880 bytes (12.2%)
(RDMA_READ_CONSUME_CHECK_CONSUMER) timestamp=11165 ms, used_size=4984832 bytes (12.2%)
(RDMA_READ_CONSUME_CHECK_CONSUMER) timestamp=11165 ms, used_size=4982784 bytes (12.2%)
(RDMA_READ_CONSUME_CHECK_CONSUMER) timestamp=11165 ms, used_size=4980736 bytes (12.2%)
(RDMA_READ_CONSUME_CHECK_CONSUMER) timestamp=11165 ms, used_size=4978688 bytes (12.2%)
(RDMA_READ_CONSUME_CHECK_CONSUMER) timestamp=11165 ms, used_size=4976640 bytes (12.2%)
(RDMA_READ_CONSUME_CHECK_CONSUMER) timestamp=11165 ms, used_size=4974592 bytes (12.1%)
(RDMA_READ_CONSUME_CHECK_CONSUMER) timestamp=11165 ms, used_size=4972544 bytes (12.1%)
(RDMA_READ_CONSUME_CHECK_CONSUMER) timestamp=11165 ms, used_size=4970496 bytes (12.1%)
(RDMA_READ_CONSUME_CHECK_CONSUMER) timestamp=11165 ms, used_size=4968448 bytes (12.1%)
(RDMA_READ_CONSUME_CHECK_CONSUMER) timestamp=11165 ms, used_size=4966400 bytes (12.1%)
(RDMA_READ_CONSUME_CHECK_CONSUMER) timestamp=11165 ms, used_size=4964352 bytes (12.1%)
(RDMA_READ_CONSUME_CHECK_CONSUMER) timestamp=11165 ms, used_size=4962304 bytes (12.1%)
(RDMA_READ_CONSUME_CHECK_CONSUMER) timestamp=11165 ms, used_size=4960256 bytes (12.1%)
(RDMA_READ_CONSUME_CHECK_CONSUMER) timestamp=11165 ms, used_size=4958208 bytes (12.1%)
(RDMA_READ_CONSUME_CHECK_CONSUMER) timestamp=11165 ms, used_size=4956160 bytes (12.1%)
(RDMA_READ_CONSUME_CHECK_CONSUMER) timestamp=11165 ms, used_size=4954112 bytes (12.1%)
(RDMA_READ_CONSUME_CHECK_CONSUMER) timestamp=11165 ms, used_size=4952064 bytes (12.1%)
(RDMA_READ_CONSUME_CHECK_CONSUMER) timestamp=11165 ms, used_size=4950016 bytes (12.1%)
(RDMA_READ_CONSUME_CHECK_CONSUMER) timestamp=11165 ms, used_size=4947968 bytes (12.1%)
(RDMA_READ_CONSUME_CHECK_CONSUMER) timestamp=11165 ms, used_size=4945920 bytes (12.1%)
(RDMA_READ_CONSUME_CHECK_CONSUMER) timestamp=11165 ms, used_size=4943872 bytes (12.1%)
(RDMA_READ_CONSUME_CHECK_CONSUMER) timestamp=11165 ms, used_size=4941824 bytes (12.1%)
(RDMA_READ_CONSUME_CHECK_CONSUMER) timestamp=11165 ms, used_size=4939776 bytes (12.1%)
(RDMA_READ_CONSUME_CHECK_CONSUMER) timestamp=11165 ms, used_size=4937728 bytes (12.1%)
(RDMA_READ_CONSUME_CHECK_CONSUMER) timestamp=11165 ms, used_size=4935680 bytes (12.1%)
(RDMA_READ_CONSUME_CHECK_CONSUMER) timestamp=11165 ms, used_size=4933632 bytes (12.0%)
(RDMA_READ_CONSUME_CHECK_CONSUMER) timestamp=11165 ms, used_size=4931584 bytes (12.0%)
(RDMA_READ_CONSUME_CHECK_CONSUMER) timestamp=11165 ms, used_size=4929536 bytes (12.0%)
(RDMA_READ_CONSUME_CHECK_CONSUMER) timestamp=11165 ms, used_size=4927488 bytes (12.0%)
(RDMA_READ_CONSUME_CHECK_CONSUMER) timestamp=11165 ms, used_size=4925440 bytes (12.0%)
(RDMA_READ_CONSUME_CHECK_CONSUMER) timestamp=11165 ms, used_size=4923392 bytes (12.0%)
(RDMA_READ_CONSUME_CHECK_CONSUMER) timestamp=11165 ms, used_size=4921344 bytes (12.0%)
(RDMA_READ_CONSUME_CHECK_CONSUMER) timestamp=11165 ms, used_size=4919296 bytes (12.0%)
(RDMA_READ_CONSUME_CHECK_CONSUMER) timestamp=11165 ms, used_size=4917248 bytes (12.0%)
(RDMA_READ_CONSUME_CHECK_CONSUMER) timestamp=11165 ms, used_size=4915200 bytes (12.0%)
(RDMA_READ_CONSUME_CHECK_CONSUMER) timestamp=11165 ms, used_size=4913152 bytes (12.0%)
(RDMA_READ_CONSUME_CHECK_CONSUMER) timestamp=11165 ms, used_size=4911104 bytes (12.0%)
(RDMA_READ_CONSUME_CHECK_CONSUMER) timestamp=11165 ms, used_size=4909056 bytes (12.0%)
(RDMA_READ_CONSUME_CHECK_CONSUMER) timestamp=11165 ms, used_size=4907008 bytes (12.0%)
(RDMA_READ_CONSUME_CHECK_CONSUMER) timestamp=11165 ms, used_size=4904960 bytes (12.0%)
(RDMA_READ_CONSUME_CHECK_CONSUMER) timestamp=11165 ms, used_size=4902912 bytes (12.0%)
(RDMA_READ_CONSUME_CHECK_CONSUMER) timestamp=11165 ms, used_size=4900864 bytes (12.0%)
(RDMA_READ_CONSUME_CHECK_CONSUMER) timestamp=11165 ms, used_size=4898816 bytes (12.0%)
(RDMA_READ_CONSUME_CHECK_CONSUMER) timestamp=11165 ms, used_size=4896768 bytes (12.0%)
(RDMA_READ_CONSUME_CHECK_CONSUMER) timestamp=11165 ms, used_size=4894720 bytes (11.9%)
(RDMA_READ_CONSUME_CHECK_CONSUMER) timestamp=11165 ms, used_size=4892672 bytes (11.9%)
(RDMA_READ_CONSUME_CHECK_CONSUMER) timestamp=11165 ms, used_size=4890624 bytes (11.9%)
(RDMA_READ_CONSUME_CHECK_CONSUMER) timestamp=11165 ms, used_size=4888576 bytes (11.9%)
(RDMA_READ_CONSUME_CHECK_CONSUMER) timestamp=11165 ms, used_size=4886528 bytes (11.9%)
(RDMA_READ_CONSUME_CHECK_CONSUMER) timestamp=11165 ms, used_size=4884480 bytes (11.9%)
(RDMA_READ_CONSUME_CHECK_CONSUMER) timestamp=11165 ms, used_size=4882432 bytes (11.9%)
(RDMA_READ_CONSUME_CHECK_CONSUMER) timestamp=11165 ms, used_size=4880384 bytes (11.9%)
(RDMA_READ_CONSUME_CHECK_CONSUMER) timestamp=11165 ms, used_size=4878336 bytes (11.9%)
(RDMA_READ_CONSUME_CHECK_CONSUMER) timestamp=11165 ms, used_size=4876288 bytes (11.9%)
(RDMA_READ_CONSUME_CHECK_CONSUMER) timestamp=11165 ms, used_size=4874240 bytes (11.9%)
(RDMA_READ_CONSUME_CHECK_CONSUMER) timestamp=11165 ms, used_size=4872192 bytes (11.9%)
(RDMA_READ_CONSUME_CHECK_CONSUMER) timestamp=11165 ms, used_size=4870144 bytes (11.9%)
(RDMA_READ_CONSUME_CHECK_CONSUMER) timestamp=11165 ms, used_size=4868096 bytes (11.9%)
(RDMA_READ_CONSUME_CHECK_CONSUMER) timestamp=11165 ms, used_size=4866048 bytes (11.9%)
(RDMA_READ_CONSUME_CHECK_CONSUMER) timestamp=11165 ms, used_size=4864000 bytes (11.9%)
(RDMA_READ_CONSUME_CHECK_CONSUMER) timestamp=11165 ms, used_size=4861952 bytes (11.9%)
(RDMA_READ_CONSUME_CHECK_CONSUMER) timestamp=11165 ms, used_size=4859904 bytes (11.9%)
(RDMA_READ_CONSUME_CHECK_CONSUMER) timestamp=11165 ms, used_size=4857856 bytes (11.9%)
(RDMA_READ_CONSUME_CHECK_CONSUMER) timestamp=11165 ms, used_size=4855808 bytes (11.9%)
(RDMA_READ_CONSUME_CHECK_CONSUMER) timestamp=11165 ms, used_size=4853760 bytes (11.8%)
(RDMA_READ_CONSUME_CHECK_CONSUMER) timestamp=11165 ms, used_size=4851712 bytes (11.8%)
(RDMA_READ_CONSUME_CHECK_CONSUMER) timestamp=11165 ms, used_size=4849664 bytes (11.8%)
(RDMA_READ_CONSUME_CHECK_CONSUMER) timestamp=11165 ms, used_size=4847616 bytes (11.8%)
(RDMA_READ_CONSUME_CHECK_CONSUMER) timestamp=11165 ms, used_size=4845568 bytes (11.8%)
(RDMA_READ_CONSUME_CHECK_CONSUMER) timestamp=11165 ms, used_size=4843520 bytes (11.8%)
(RDMA_READ_CONSUME_CHECK_CONSUMER) timestamp=11165 ms, used_size=4841472 bytes (11.8%)
(RDMA_READ_CONSUME_CHECK_CONSUMER) timestamp=11165 ms, used_size=4839424 bytes (11.8%)
(RDMA_READ_CONSUME_CHECK_CONSUMER) timestamp=11165 ms, used_size=4837376 bytes (11.8%)
(RDMA_READ_CONSUME_CHECK_CONSUMER) timestamp=11165 ms, used_size=4835328 bytes (11.8%)
(RDMA_READ_CONSUME_CHECK_CONSUMER) timestamp=11165 ms, used_size=4833280 bytes (11.8%)
(RDMA_READ_CONSUME_CHECK_CONSUMER) timestamp=11165 ms, used_size=4831232 bytes (11.8%)
(RDMA_READ_CONSUME_CHECK_CONSUMER) timestamp=11165 ms, used_size=4829184 bytes (11.8%)
(RDMA_READ_CONSUME_CHECK_CONSUMER) timestamp=11165 ms, used_size=4827136 bytes (11.8%)
(RDMA_READ_CONSUME_CHECK_CONSUMER) timestamp=11165 ms, used_size=4825088 bytes (11.8%)
(RDMA_READ_CONSUME_CHECK_CONSUMER) timestamp=11165 ms, used_size=4823040 bytes (11.8%)
(RDMA_READ_CONSUME_CHECK_CONSUMER) timestamp=11165 ms, used_size=4820992 bytes (11.8%)
(RDMA_READ_CONSUME_CHECK_CONSUMER) timestamp=11165 ms, used_size=4818944 bytes (11.8%)
(RDMA_READ_CONSUME_CHECK_CONSUMER) timestamp=11165 ms, used_size=4816896 bytes (11.8%)
(RDMA_READ_CONSUME_CHECK_CONSUMER) timestamp=11165 ms, used_size=4814848 bytes (11.8%)
(RDMA_READ_CONSUME_CHECK_CONSUMER) timestamp=11165 ms, used_size=4812800 bytes (11.8%)
(RDMA_READ_CONSUME_CHECK_CONSUMER) timestamp=11165 ms, used_size=4810752 bytes (11.7%)
(RDMA_READ_CONSUME_CHECK_CONSUMER) timestamp=11165 ms, used_size=4808704 bytes (11.7%)
(RDMA_READ_CONSUME_CHECK_CONSUMER) timestamp=11165 ms, used_size=4806656 bytes (11.7%)
(RDMA_READ_CONSUME_CHECK_CONSUMER) timestamp=11165 ms, used_size=4804608 bytes (11.7%)
(RDMA_READ_CONSUME_CHECK_CONSUMER) timestamp=11165 ms, used_size=4802560 bytes (11.7%)
(RDMA_READ_CONSUME_CHECK_CONSUMER) timestamp=11165 ms, used_size=4800512 bytes (11.7%)
(RDMA_READ_CONSUME_CHECK_CONSUMER) timestamp=11165 ms, used_size=4798464 bytes (11.7%)
(RDMA_READ_CONSUME_CHECK_CONSUMER) timestamp=11165 ms, used_size=4796416 bytes (11.7%)
(RDMA_READ_CONSUME_CHECK_CONSUMER) timestamp=11165 ms, used_size=4794368 bytes (11.7%)
(RDMA_READ_CONSUME_CHECK_CONSUMER) timestamp=11165 ms, used_size=4792320 bytes (11.7%)
(RDMA_READ_CONSUME_CHECK_CONSUMER) timestamp=11165 ms, used_size=4790272 bytes (11.7%)
(RDMA_READ_CONSUME_CHECK_CONSUMER) timestamp=11165 ms, used_size=4788224 bytes (11.7%)
(RDMA_READ_CONSUME_CHECK_CONSUMER) timestamp=11165 ms, used_size=4786176 bytes (11.7%)
(RDMA_READ_CONSUME_CHECK_CONSUMER) timestamp=11165 ms, used_size=4784128 bytes (11.7%)
(RDMA_READ_CONSUME_CHECK_CONSUMER) timestamp=11165 ms, used_size=4782080 bytes (11.7%)
(RDMA_READ_CONSUME_CHECK_CONSUMER) timestamp=11165 ms, used_size=4780032 bytes (11.7%)
(RDMA_READ_CONSUME_CHECK_CONSUMER) timestamp=11165 ms, used_size=4777984 bytes (11.7%)
(RDMA_READ_CONSUME_CHECK_CONSUMER) timestamp=11165 ms, used_size=4775936 bytes (11.7%)
(RDMA_READ_CONSUME_CHECK_CONSUMER) timestamp=11165 ms, used_size=4773888 bytes (11.7%)
(RDMA_READ_CONSUME_CHECK_CONSUMER) timestamp=11165 ms, used_size=4771840 bytes (11.7%)
(RDMA_READ_CONSUME_CHECK_CONSUMER) timestamp=11165 ms, used_size=4769792 bytes (11.6%)
(RDMA_READ_CONSUME_CHECK_CONSUMER) timestamp=11165 ms, used_size=4767744 bytes (11.6%)
(RDMA_READ_CONSUME_CHECK_CONSUMER) timestamp=11165 ms, used_size=4765696 bytes (11.6%)
(RDMA_READ_CONSUME_CHECK_CONSUMER) timestamp=11165 ms, used_size=4763648 bytes (11.6%)
(RDMA_READ_CONSUME_CHECK_CONSUMER) timestamp=11165 ms, used_size=4761600 bytes (11.6%)
(RDMA_READ_CONSUME_CHECK_CONSUMER) timestamp=11165 ms, used_size=4759552 bytes (11.6%)
(RDMA_READ_CONSUME_CHECK_CONSUMER) timestamp=11165 ms, used_size=4757504 bytes (11.6%)
(RDMA_READ_CONSUME_CHECK_CONSUMER) timestamp=11165 ms, used_size=4755456 bytes (11.6%)
(RDMA_READ_CONSUME_CHECK_CONSUMER) timestamp=11165 ms, used_size=4753408 bytes (11.6%)
(RDMA_READ_CONSUME_CHECK_CONSUMER) timestamp=11165 ms, used_size=4751360 bytes (11.6%)
(RDMA_READ_CONSUME_CHECK_CONSUMER) timestamp=11165 ms, used_size=4749312 bytes (11.6%)
(RDMA_READ_CONSUME_CHECK_CONSUMER) timestamp=11165 ms, used_size=4747264 bytes (11.6%)
(RDMA_READ_CONSUME_CHECK_CONSUMER) timestamp=11165 ms, used_size=4745216 bytes (11.6%)
(RDMA_READ_CONSUME_CHECK_CONSUMER) timestamp=11165 ms, used_size=4743168 bytes (11.6%)
(RDMA_READ_CONSUME_CHECK_CONSUMER) timestamp=11165 ms, used_size=4741120 bytes (11.6%)
(RDMA_READ_CONSUME_CHECK_CONSUMER) timestamp=11165 ms, used_size=4739072 bytes (11.6%)
(RDMA_READ_CONSUME_CHECK_CONSUMER) timestamp=11165 ms, used_size=4737024 bytes (11.6%)
(RDMA_READ_CONSUME_CHECK_CONSUMER) timestamp=11165 ms, used_size=4734976 bytes (11.6%)
(RDMA_READ_CONSUME_CHECK_CONSUMER) timestamp=11165 ms, used_size=4732928 bytes (11.6%)
(RDMA_READ_CONSUME_CHECK_CONSUMER) timestamp=11165 ms, used_size=4730880 bytes (11.6%)
(RDMA_READ_CONSUME_CHECK_CONSUMER) timestamp=11165 ms, used_size=4728832 bytes (11.5%)
(RDMA_READ_CONSUME_CHECK_CONSUMER) timestamp=11165 ms, used_size=4726784 bytes (11.5%)
(RDMA_READ_CONSUME_CHECK_CONSUMER) timestamp=11165 ms, used_size=4724736 bytes (11.5%)
(RDMA_READ_CONSUME_CHECK_CONSUMER) timestamp=11165 ms, used_size=4722688 bytes (11.5%)
(RDMA_READ_CONSUME_CHECK_CONSUMER) timestamp=11165 ms, used_size=4720640 bytes (11.5%)
(RDMA_READ_CONSUME_CHECK_CONSUMER) timestamp=11165 ms, used_size=4718592 bytes (11.5%)
(RDMA_READ_CONSUME_CHECK_CONSUMER) timestamp=11165 ms, used_size=4716544 bytes (11.5%)
(RDMA_READ_CONSUME_CHECK_CONSUMER) timestamp=11165 ms, used_size=4714496 bytes (11.5%)
(RDMA_READ_CONSUME_CHECK_CONSUMER) timestamp=11165 ms, used_size=4712448 bytes (11.5%)
(RDMA_READ_CONSUME_CHECK_CONSUMER) timestamp=11165 ms, used_size=4710400 bytes (11.5%)
(RDMA_READ_CONSUME_CHECK_CONSUMER) timestamp=11165 ms, used_size=4708352 bytes (11.5%)
(RDMA_READ_CONSUME_CHECK_CONSUMER) timestamp=11165 ms, used_size=4706304 bytes (11.5%)
(RDMA_READ_CONSUME_CHECK_CONSUMER) timestamp=11165 ms, used_size=4704256 bytes (11.5%)
(RDMA_READ_CONSUME_CHECK_CONSUMER) timestamp=11165 ms, used_size=4702208 bytes (11.5%)
(RDMA_READ_CONSUME_CHECK_CONSUMER) timestamp=11165 ms, used_size=4700160 bytes (11.5%)
(RDMA_READ_CONSUME_CHECK_CONSUMER) timestamp=11165 ms, used_size=4698112 bytes (11.5%)
(RDMA_READ_CONSUME_CHECK_CONSUMER) timestamp=11165 ms, used_size=4696064 bytes (11.5%)
(RDMA_READ_CONSUME_CHECK_CONSUMER) timestamp=11165 ms, used_size=4694016 bytes (11.5%)
(RDMA_READ_CONSUME_CHECK_CONSUMER) timestamp=11165 ms, used_size=4691968 bytes (11.5%)
(RDMA_READ_CONSUME_CHECK_CONSUMER) timestamp=11165 ms, used_size=4689920 bytes (11.4%)
(RDMA_READ_CONSUME_CHECK_CONSUMER) timestamp=11165 ms, used_size=4687872 bytes (11.4%)
(RDMA_READ_CONSUME_CHECK_CONSUMER) timestamp=11165 ms, used_size=4685824 bytes (11.4%)
(RDMA_READ_CONSUME_CHECK_CONSUMER) timestamp=11165 ms, used_size=4683776 bytes (11.4%)
(RDMA_READ_CONSUME_CHECK_CONSUMER) timestamp=11165 ms, used_size=4681728 bytes (11.4%)
(RDMA_READ_CONSUME_CHECK_CONSUMER) timestamp=11165 ms, used_size=4679680 bytes (11.4%)
(RDMA_READ_CONSUME_CHECK_CONSUMER) timestamp=11165 ms, used_size=4677632 bytes (11.4%)
(RDMA_READ_CONSUME_CHECK_CONSUMER) timestamp=11165 ms, used_size=4675584 bytes (11.4%)
(RDMA_READ_CONSUME_CHECK_CONSUMER) timestamp=11165 ms, used_size=4673536 bytes (11.4%)
(RDMA_READ_CONSUME_CHECK_CONSUMER) timestamp=11165 ms, used_size=4671488 bytes (11.4%)
(RDMA_READ_CONSUME_CHECK_CONSUMER) timestamp=11165 ms, used_size=4669440 bytes (11.4%)
(RDMA_READ_CONSUME_CHECK_CONSUMER) timestamp=11165 ms, used_size=4667392 bytes (11.4%)
(RDMA_READ_CONSUME_CHECK_CONSUMER) timestamp=11165 ms, used_size=4665344 bytes (11.4%)
(RDMA_READ_CONSUME_CHECK_CONSUMER) timestamp=11165 ms, used_size=4663296 bytes (11.4%)
(RDMA_READ_CONSUME_CHECK_CONSUMER) timestamp=11165 ms, used_size=4661248 bytes (11.4%)
(RDMA_READ_CONSUME_CHECK_CONSUMER) timestamp=11165 ms, used_size=4659200 bytes (11.4%)
(RDMA_READ_CONSUME_CHECK_CONSUMER) timestamp=11165 ms, used_size=4657152 bytes (11.4%)
(RDMA_READ_CONSUME_CHECK_CONSUMER) timestamp=11165 ms, used_size=4655104 bytes (11.4%)
(RDMA_READ_CONSUME_CHECK_CONSUMER) timestamp=11165 ms, used_size=4653056 bytes (11.4%)
(RDMA_READ_CONSUME_CHECK_CONSUMER) timestamp=11165 ms, used_size=4651008 bytes (11.4%)
(RDMA_READ_CONSUME_CHECK_CONSUMER) timestamp=11165 ms, used_size=4648960 bytes (11.3%)
(RDMA_READ_CONSUME_CHECK_CONSUMER) timestamp=11165 ms, used_size=4646912 bytes (11.3%)
(RDMA_READ_CONSUME_CHECK_CONSUMER) timestamp=11165 ms, used_size=4644864 bytes (11.3%)
(RDMA_READ_CONSUME_CHECK_CONSUMER) timestamp=11166 ms, used_size=4642816 bytes (11.3%)
(RDMA_READ_CONSUME_CHECK_CONSUMER) timestamp=11166 ms, used_size=4640768 bytes (11.3%)
(RDMA_READ_CONSUME_CHECK_CONSUMER) timestamp=11166 ms, used_size=4638720 bytes (11.3%)
(RDMA_READ_CONSUME_CHECK_CONSUMER) timestamp=11166 ms, used_size=4636672 bytes (11.3%)
(RDMA_READ_CONSUME_CHECK_CONSUMER) timestamp=11166 ms, used_size=4634624 bytes (11.3%)
(RDMA_READ_CONSUME_CHECK_CONSUMER) timestamp=11166 ms, used_size=4632576 bytes (11.3%)
(RDMA_READ_CONSUME_CHECK_CONSUMER) timestamp=11166 ms, used_size=4630528 bytes (11.3%)
(RDMA_READ_CONSUME_CHECK_CONSUMER) timestamp=11166 ms, used_size=4628480 bytes (11.3%)
(RDMA_READ_CONSUME_CHECK_CONSUMER) timestamp=11166 ms, used_size=4626432 bytes (11.3%)
(RDMA_READ_CONSUME_CHECK_CONSUMER) timestamp=11166 ms, used_size=4624384 bytes (11.3%)
(RDMA_READ_CONSUME_CHECK_CONSUMER) timestamp=11166 ms, used_size=4622336 bytes (11.3%)
(RDMA_READ_CONSUME_CHECK_CONSUMER) timestamp=11166 ms, used_size=4620288 bytes (11.3%)
(RDMA_READ_CONSUME_CHECK_CONSUMER) timestamp=11166 ms, used_size=4618240 bytes (11.3%)
(RDMA_READ_CONSUME_CHECK_CONSUMER) timestamp=11166 ms, used_size=4616192 bytes (11.3%)
(RDMA_READ_CONSUME_CHECK_CONSUMER) timestamp=11166 ms, used_size=4614144 bytes (11.3%)
(RDMA_READ_CONSUME_CHECK_CONSUMER) timestamp=11166 ms, used_size=4612096 bytes (11.3%)
(RDMA_READ_CONSUME_CHECK_CONSUMER) timestamp=11166 ms, used_size=4610048 bytes (11.3%)
(RDMA_READ_CONSUME_CHECK_CONSUMER) timestamp=11166 ms, used_size=4608000 bytes (11.2%)
(RDMA_READ_CONSUME_CHECK_CONSUMER) timestamp=11166 ms, used_size=4605952 bytes (11.2%)
(RDMA_READ_CONSUME_CHECK_CONSUMER) timestamp=11166 ms, used_size=4603904 bytes (11.2%)
(RDMA_READ_CONSUME_CHECK_CONSUMER) timestamp=11166 ms, used_size=4601856 bytes (11.2%)
(RDMA_READ_CONSUME_CHECK_CONSUMER) timestamp=11166 ms, used_size=4599808 bytes (11.2%)
(RDMA_READ_CONSUME_CHECK_CONSUMER) timestamp=11166 ms, used_size=4597760 bytes (11.2%)
(RDMA_READ_CONSUME_CHECK_CONSUMER) timestamp=11166 ms, used_size=4595712 bytes (11.2%)
(RDMA_READ_CONSUME_CHECK_CONSUMER) timestamp=11166 ms, used_size=4593664 bytes (11.2%)
(RDMA_READ_CONSUME_CHECK_CONSUMER) timestamp=11166 ms, used_size=4591616 bytes (11.2%)
(RDMA_READ_CONSUME_CHECK_CONSUMER) timestamp=11166 ms, used_size=4589568 bytes (11.2%)
(RDMA_READ_CONSUME_CHECK_CONSUMER) timestamp=11166 ms, used_size=4587520 bytes (11.2%)
(RDMA_READ_CONSUME_CHECK_CONSUMER) timestamp=11166 ms, used_size=4585472 bytes (11.2%)
(RDMA_READ_CONSUME_CHECK_CONSUMER) timestamp=11166 ms, used_size=4583424 bytes (11.2%)
(RDMA_READ_CONSUME_CHECK_CONSUMER) timestamp=11166 ms, used_size=4581376 bytes (11.2%)
(RDMA_READ_CONSUME_CHECK_CONSUMER) timestamp=11166 ms, used_size=4579328 bytes (11.2%)
(RDMA_READ_CONSUME_CHECK_CONSUMER) timestamp=11166 ms, used_size=4577280 bytes (11.2%)
(RDMA_READ_CONSUME_CHECK_CONSUMER) timestamp=11166 ms, used_size=4575232 bytes (11.2%)
(RDMA_READ_CONSUME_CHECK_CONSUMER) timestamp=11166 ms, used_size=4573184 bytes (11.2%)
(RDMA_READ_CONSUME_CHECK_CONSUMER) timestamp=11166 ms, used_size=4571136 bytes (11.2%)
(RDMA_READ_CONSUME_CHECK_CONSUMER) timestamp=11166 ms, used_size=4569088 bytes (11.2%)
(RDMA_READ_CONSUME_CHECK_CONSUMER) timestamp=11166 ms, used_size=4567040 bytes (11.2%)
(RDMA_READ_CONSUME_CHECK_CONSUMER) timestamp=11166 ms, used_size=4564992 bytes (11.1%)
(RDMA_READ_CONSUME_CHECK_CONSUMER) timestamp=11166 ms, used_size=4562944 bytes (11.1%)
(RDMA_READ_CONSUME_CHECK_CONSUMER) timestamp=11166 ms, used_size=4560896 bytes (11.1%)
(RDMA_READ_CONSUME_CHECK_CONSUMER) timestamp=11166 ms, used_size=4558848 bytes (11.1%)
(RDMA_READ_CONSUME_CHECK_CONSUMER) timestamp=11166 ms, used_size=4556800 bytes (11.1%)
(RDMA_READ_CONSUME_CHECK_CONSUMER) timestamp=11166 ms, used_size=4554752 bytes (11.1%)
(RDMA_READ_CONSUME_CHECK_CONSUMER) timestamp=11166 ms, used_size=4552704 bytes (11.1%)
(RDMA_READ_CONSUME_CHECK_CONSUMER) timestamp=11166 ms, used_size=4550656 bytes (11.1%)
(RDMA_READ_CONSUME_CHECK_CONSUMER) timestamp=11166 ms, used_size=4548608 bytes (11.1%)
(RDMA_READ_CONSUME_CHECK_CONSUMER) timestamp=11166 ms, used_size=4546560 bytes (11.1%)
(RDMA_READ_CONSUME_CHECK_CONSUMER) timestamp=11166 ms, used_size=4544512 bytes (11.1%)
(RDMA_READ_CONSUME_CHECK_CONSUMER) timestamp=11166 ms, used_size=4542464 bytes (11.1%)
(RDMA_READ_CONSUME_CHECK_CONSUMER) timestamp=11166 ms, used_size=4540416 bytes (11.1%)
(RDMA_READ_CONSUME_CHECK_CONSUMER) timestamp=11166 ms, used_size=4538368 bytes (11.1%)
(RDMA_READ_CONSUME_CHECK_CONSUMER) timestamp=11166 ms, used_size=4536320 bytes (11.1%)
(RDMA_READ_CONSUME_CHECK_CONSUMER) timestamp=11166 ms, used_size=4534272 bytes (11.1%)
(RDMA_READ_CONSUME_CHECK_CONSUMER) timestamp=11166 ms, used_size=4532224 bytes (11.1%)
(RDMA_READ_CONSUME_CHECK_CONSUMER) timestamp=11166 ms, used_size=4530176 bytes (11.1%)
(RDMA_READ_CONSUME_CHECK_CONSUMER) timestamp=11166 ms, used_size=4528128 bytes (11.1%)
(RDMA_READ_CONSUME_CHECK_CONSUMER) timestamp=11166 ms, used_size=4526080 bytes (11.1%)
(RDMA_READ_CONSUME_CHECK_CONSUMER) timestamp=11166 ms, used_size=4524032 bytes (11.0%)
(RDMA_READ_CONSUME_CHECK_CONSUMER) timestamp=11166 ms, used_size=4521984 bytes (11.0%)
(RDMA_READ_CONSUME_CHECK_CONSUMER) timestamp=11166 ms, used_size=4519936 bytes (11.0%)
(RDMA_READ_CONSUME_CHECK_CONSUMER) timestamp=11166 ms, used_size=4517888 bytes (11.0%)
(RDMA_READ_CONSUME_CHECK_CONSUMER) timestamp=11166 ms, used_size=4515840 bytes (11.0%)
(RDMA_READ_CONSUME_CHECK_CONSUMER) timestamp=11166 ms, used_size=4513792 bytes (11.0%)
(RDMA_READ_CONSUME_CHECK_CONSUMER) timestamp=11166 ms, used_size=4511744 bytes (11.0%)
(RDMA_READ_CONSUME_CHECK_CONSUMER) timestamp=11166 ms, used_size=4509696 bytes (11.0%)
(RDMA_READ_CONSUME_CHECK_CONSUMER) timestamp=11166 ms, used_size=4507648 bytes (11.0%)
(RDMA_READ_CONSUME_CHECK_CONSUMER) timestamp=11166 ms, used_size=4505600 bytes (11.0%)
(RDMA_READ_CONSUME_CHECK_CONSUMER) timestamp=11166 ms, used_size=4503552 bytes (11.0%)
(RDMA_READ_CONSUME_CHECK_CONSUMER) timestamp=11166 ms, used_size=4501504 bytes (11.0%)
(RDMA_READ_CONSUME_CHECK_CONSUMER) timestamp=11166 ms, used_size=4499456 bytes (11.0%)
(RDMA_READ_CONSUME_CHECK_CONSUMER) timestamp=11166 ms, used_size=4497408 bytes (11.0%)
(RDMA_READ_CONSUME_CHECK_CONSUMER) timestamp=11166 ms, used_size=4495360 bytes (11.0%)
(RDMA_READ_CONSUME_CHECK_CONSUMER) timestamp=11166 ms, used_size=4493312 bytes (11.0%)
(RDMA_READ_CONSUME_CHECK_CONSUMER) timestamp=11166 ms, used_size=4491264 bytes (11.0%)
(RDMA_READ_CONSUME_CHECK_CONSUMER) timestamp=11166 ms, used_size=4489216 bytes (11.0%)
(RDMA_READ_CONSUME_CHECK_CONSUMER) timestamp=11166 ms, used_size=4487168 bytes (11.0%)
(RDMA_READ_CONSUME_CHECK_CONSUMER) timestamp=11166 ms, used_size=4485120 bytes (10.9%)
(RDMA_READ_CONSUME_CHECK_CONSUMER) timestamp=11166 ms, used_size=4483072 bytes (10.9%)
(RDMA_READ_CONSUME_CHECK_CONSUMER) timestamp=11166 ms, used_size=4481024 bytes (10.9%)
(RDMA_READ_CONSUME_CHECK_CONSUMER) timestamp=11166 ms, used_size=4478976 bytes (10.9%)
(RDMA_READ_CONSUME_CHECK_CONSUMER) timestamp=11166 ms, used_size=4476928 bytes (10.9%)
(RDMA_READ_CONSUME_CHECK_CONSUMER) timestamp=11166 ms, used_size=4474880 bytes (10.9%)
(RDMA_READ_CONSUME_CHECK_CONSUMER) timestamp=11166 ms, used_size=4472832 bytes (10.9%)
(RDMA_READ_CONSUME_CHECK_CONSUMER) timestamp=11166 ms, used_size=4470784 bytes (10.9%)
(RDMA_READ_CONSUME_CHECK_CONSUMER) timestamp=11166 ms, used_size=4468736 bytes (10.9%)
(RDMA_READ_CONSUME_CHECK_CONSUMER) timestamp=11166 ms, used_size=4466688 bytes (10.9%)
(RDMA_READ_CONSUME_CHECK_CONSUMER) timestamp=11166 ms, used_size=4464640 bytes (10.9%)
(RDMA_READ_CONSUME_CHECK_CONSUMER) timestamp=11166 ms, used_size=4462592 bytes (10.9%)
(RDMA_READ_CONSUME_CHECK_CONSUMER) timestamp=11166 ms, used_size=4460544 bytes (10.9%)
(RDMA_READ_CONSUME_CHECK_CONSUMER) timestamp=11166 ms, used_size=4458496 bytes (10.9%)
(RDMA_READ_CONSUME_CHECK_CONSUMER) timestamp=11166 ms, used_size=4456448 bytes (10.9%)
(RDMA_READ_CONSUME_CHECK_CONSUMER) timestamp=11166 ms, used_size=4454400 bytes (10.9%)
(RDMA_READ_CONSUME_CHECK_CONSUMER) timestamp=11166 ms, used_size=4452352 bytes (10.9%)
(RDMA_READ_CONSUME_CHECK_CONSUMER) timestamp=11166 ms, used_size=4450304 bytes (10.9%)
(RDMA_READ_CONSUME_CHECK_CONSUMER) timestamp=11166 ms, used_size=4448256 bytes (10.9%)
(RDMA_READ_CONSUME_CHECK_CONSUMER) timestamp=11166 ms, used_size=4446208 bytes (10.9%)
(RDMA_READ_CONSUME_CHECK_CONSUMER) timestamp=11166 ms, used_size=4444160 bytes (10.8%)
(RDMA_READ_CONSUME_CHECK_CONSUMER) timestamp=11166 ms, used_size=4442112 bytes (10.8%)
(RDMA_READ_CONSUME_CHECK_CONSUMER) timestamp=11166 ms, used_size=4440064 bytes (10.8%)
(RDMA_READ_CONSUME_CHECK_CONSUMER) timestamp=11166 ms, used_size=4438016 bytes (10.8%)
(RDMA_READ_CONSUME_CHECK_CONSUMER) timestamp=11166 ms, used_size=4435968 bytes (10.8%)
(RDMA_READ_CONSUME_CHECK_CONSUMER) timestamp=11166 ms, used_size=4433920 bytes (10.8%)
(RDMA_READ_CONSUME_CHECK_CONSUMER) timestamp=11166 ms, used_size=4431872 bytes (10.8%)
(RDMA_READ_CONSUME_CHECK_CONSUMER) timestamp=11166 ms, used_size=4429824 bytes (10.8%)
(RDMA_READ_CONSUME_CHECK_CONSUMER) timestamp=11166 ms, used_size=4427776 bytes (10.8%)
(RDMA_READ_CONSUME_CHECK_CONSUMER) timestamp=11166 ms, used_size=4425728 bytes (10.8%)
(RDMA_READ_CONSUME_CHECK_CONSUMER) timestamp=11166 ms, used_size=4423680 bytes (10.8%)
(RDMA_READ_CONSUME_CHECK_CONSUMER) timestamp=11166 ms, used_size=4421632 bytes (10.8%)
(RDMA_READ_CONSUME_CHECK_CONSUMER) timestamp=11166 ms, used_size=4419584 bytes (10.8%)
(RDMA_READ_CONSUME_CHECK_CONSUMER) timestamp=11166 ms, used_size=4417536 bytes (10.8%)
(RDMA_READ_CONSUME_CHECK_CONSUMER) timestamp=11166 ms, used_size=4415488 bytes (10.8%)
(RDMA_READ_CONSUME_CHECK_CONSUMER) timestamp=11166 ms, used_size=4413440 bytes (10.8%)
(RDMA_READ_CONSUME_CHECK_CONSUMER) timestamp=11166 ms, used_size=4411392 bytes (10.8%)
(RDMA_READ_CONSUME_CHECK_CONSUMER) timestamp=11166 ms, used_size=4409344 bytes (10.8%)
(RDMA_READ_CONSUME_CHECK_CONSUMER) timestamp=11166 ms, used_size=4407296 bytes (10.8%)
(RDMA_READ_CONSUME_CHECK_CONSUMER) timestamp=11166 ms, used_size=4405248 bytes (10.8%)
(RDMA_READ_CONSUME_CHECK_CONSUMER) timestamp=11166 ms, used_size=4403200 bytes (10.8%)
(RDMA_READ_CONSUME_CHECK_CONSUMER) timestamp=11166 ms, used_size=4401152 bytes (10.7%)
(RDMA_READ_CONSUME_CHECK_CONSUMER) timestamp=11166 ms, used_size=4399104 bytes (10.7%)
(RDMA_READ_CONSUME_CHECK_CONSUMER) timestamp=11166 ms, used_size=4397056 bytes (10.7%)
(RDMA_READ_CONSUME_CHECK_CONSUMER) timestamp=11166 ms, used_size=4395008 bytes (10.7%)
(RDMA_READ_CONSUME_CHECK_CONSUMER) timestamp=11166 ms, used_size=4392960 bytes (10.7%)
(RDMA_READ_CONSUME_CHECK_CONSUMER) timestamp=11166 ms, used_size=4390912 bytes (10.7%)
(RDMA_READ_CONSUME_CHECK_CONSUMER) timestamp=11166 ms, used_size=4388864 bytes (10.7%)
(RDMA_READ_CONSUME_CHECK_CONSUMER) timestamp=11166 ms, used_size=4386816 bytes (10.7%)
(RDMA_READ_CONSUME_CHECK_CONSUMER) timestamp=11166 ms, used_size=4384768 bytes (10.7%)
(RDMA_READ_CONSUME_CHECK_CONSUMER) timestamp=11166 ms, used_size=4382720 bytes (10.7%)
(RDMA_READ_CONSUME_CHECK_CONSUMER) timestamp=11166 ms, used_size=4380672 bytes (10.7%)
(RDMA_READ_CONSUME_CHECK_CONSUMER) timestamp=11166 ms, used_size=4378624 bytes (10.7%)
(RDMA_READ_CONSUME_CHECK_CONSUMER) timestamp=11166 ms, used_size=4376576 bytes (10.7%)
(RDMA_READ_CONSUME_CHECK_CONSUMER) timestamp=11166 ms, used_size=4374528 bytes (10.7%)
(RDMA_READ_CONSUME_CHECK_CONSUMER) timestamp=11166 ms, used_size=4372480 bytes (10.7%)
(RDMA_READ_CONSUME_CHECK_CONSUMER) timestamp=11166 ms, used_size=4370432 bytes (10.7%)
(RDMA_READ_CONSUME_CHECK_CONSUMER) timestamp=11166 ms, used_size=4368384 bytes (10.7%)
(RDMA_READ_CONSUME_CHECK_CONSUMER) timestamp=11166 ms, used_size=4366336 bytes (10.7%)
(RDMA_READ_CONSUME_CHECK_CONSUMER) timestamp=11166 ms, used_size=4364288 bytes (10.7%)
(RDMA_READ_CONSUME_CHECK_CONSUMER) timestamp=11166 ms, used_size=4362240 bytes (10.7%)
(RDMA_READ_CONSUME_CHECK_CONSUMER) timestamp=11166 ms, used_size=4360192 bytes (10.6%)
(RDMA_READ_CONSUME_CHECK_CONSUMER) timestamp=11166 ms, used_size=4358144 bytes (10.6%)
(RDMA_READ_CONSUME_CHECK_CONSUMER) timestamp=11166 ms, used_size=4356096 bytes (10.6%)
(RDMA_READ_CONSUME_CHECK_CONSUMER) timestamp=11166 ms, used_size=4354048 bytes (10.6%)
(RDMA_READ_CONSUME_CHECK_CONSUMER) timestamp=11166 ms, used_size=4352000 bytes (10.6%)
(RDMA_READ_CONSUME_CHECK_CONSUMER) timestamp=11166 ms, used_size=4349952 bytes (10.6%)
(RDMA_READ_CONSUME_CHECK_CONSUMER) timestamp=11166 ms, used_size=4347904 bytes (10.6%)
(RDMA_READ_CONSUME_CHECK_CONSUMER) timestamp=11166 ms, used_size=4345856 bytes (10.6%)
(RDMA_READ_CONSUME_CHECK_CONSUMER) timestamp=11166 ms, used_size=4343808 bytes (10.6%)
(RDMA_READ_CONSUME_CHECK_CONSUMER) timestamp=11166 ms, used_size=4341760 bytes (10.6%)
(RDMA_READ_CONSUME_CHECK_CONSUMER) timestamp=11166 ms, used_size=4339712 bytes (10.6%)
(RDMA_READ_CONSUME_CHECK_CONSUMER) timestamp=11166 ms, used_size=4337664 bytes (10.6%)
(RDMA_READ_CONSUME_CHECK_CONSUMER) timestamp=11166 ms, used_size=4335616 bytes (10.6%)
(RDMA_READ_CONSUME_CHECK_CONSUMER) timestamp=11166 ms, used_size=4333568 bytes (10.6%)
(RDMA_READ_CONSUME_CHECK_CONSUMER) timestamp=11166 ms, used_size=4331520 bytes (10.6%)
(RDMA_READ_CONSUME_CHECK_CONSUMER) timestamp=11166 ms, used_size=4329472 bytes (10.6%)
(RDMA_READ_CONSUME_CHECK_CONSUMER) timestamp=11166 ms, used_size=4327424 bytes (10.6%)
(RDMA_READ_CONSUME_CHECK_CONSUMER) timestamp=11166 ms, used_size=4325376 bytes (10.6%)
(RDMA_READ_CONSUME_CHECK_CONSUMER) timestamp=11166 ms, used_size=4323328 bytes (10.6%)
(RDMA_READ_CONSUME_CHECK_CONSUMER) timestamp=11166 ms, used_size=4321280 bytes (10.6%)
(RDMA_READ_CONSUME_CHECK_CONSUMER) timestamp=11166 ms, used_size=4319232 bytes (10.5%)
(RDMA_READ_CONSUME_CHECK_CONSUMER) timestamp=11166 ms, used_size=4317184 bytes (10.5%)
(RDMA_READ_CONSUME_CHECK_CONSUMER) timestamp=11166 ms, used_size=4315136 bytes (10.5%)
(RDMA_READ_CONSUME_CHECK_CONSUMER) timestamp=11166 ms, used_size=4313088 bytes (10.5%)
(RDMA_READ_CONSUME_CHECK_CONSUMER) timestamp=11166 ms, used_size=4311040 bytes (10.5%)
(RDMA_READ_CONSUME_CHECK_CONSUMER) timestamp=11166 ms, used_size=4308992 bytes (10.5%)
(RDMA_READ_CONSUME_CHECK_CONSUMER) timestamp=11166 ms, used_size=4306944 bytes (10.5%)
(RDMA_READ_CONSUME_CHECK_CONSUMER) timestamp=11166 ms, used_size=4304896 bytes (10.5%)
(RDMA_READ_CONSUME_CHECK_CONSUMER) timestamp=11166 ms, used_size=4302848 bytes (10.5%)
(RDMA_READ_CONSUME_CHECK_CONSUMER) timestamp=11166 ms, used_size=4300800 bytes (10.5%)
(RDMA_READ_CONSUME_CHECK_CONSUMER) timestamp=11166 ms, used_size=4298752 bytes (10.5%)
(RDMA_READ_CONSUME_CHECK_CONSUMER) timestamp=11166 ms, used_size=4296704 bytes (10.5%)
(RDMA_READ_CONSUME_CHECK_CONSUMER) timestamp=11167 ms, used_size=4294656 bytes (10.5%)
(RDMA_READ_CONSUME_CHECK_CONSUMER) timestamp=11167 ms, used_size=4292608 bytes (10.5%)
(RDMA_READ_CONSUME_CHECK_CONSUMER) timestamp=11167 ms, used_size=4290560 bytes (10.5%)
(RDMA_READ_CONSUME_CHECK_CONSUMER) timestamp=11167 ms, used_size=4288512 bytes (10.5%)
(RDMA_READ_CONSUME_CHECK_CONSUMER) timestamp=11167 ms, used_size=4286464 bytes (10.5%)
(RDMA_READ_CONSUME_CHECK_CONSUMER) timestamp=11167 ms, used_size=4284416 bytes (10.5%)
(RDMA_READ_CONSUME_CHECK_CONSUMER) timestamp=11167 ms, used_size=4282368 bytes (10.5%)
(RDMA_READ_CONSUME_CHECK_CONSUMER) timestamp=11167 ms, used_size=4280320 bytes (10.4%)
(RDMA_READ_CONSUME_CHECK_CONSUMER) timestamp=11167 ms, used_size=4278272 bytes (10.4%)
(RDMA_READ_CONSUME_CHECK_CONSUMER) timestamp=11167 ms, used_size=4276224 bytes (10.4%)
(RDMA_READ_CONSUME_CHECK_CONSUMER) timestamp=11167 ms, used_size=4274176 bytes (10.4%)
(RDMA_READ_CONSUME_CHECK_CONSUMER) timestamp=11167 ms, used_size=4272128 bytes (10.4%)
(RDMA_READ_CONSUME_CHECK_CONSUMER) timestamp=11167 ms, used_size=4270080 bytes (10.4%)
(RDMA_READ_CONSUME_CHECK_CONSUMER) timestamp=11167 ms, used_size=4268032 bytes (10.4%)
(RDMA_READ_CONSUME_CHECK_CONSUMER) timestamp=11167 ms, used_size=4265984 bytes (10.4%)
(RDMA_READ_CONSUME_CHECK_CONSUMER) timestamp=11167 ms, used_size=4263936 bytes (10.4%)
(RDMA_READ_CONSUME_CHECK_CONSUMER) timestamp=11167 ms, used_size=4261888 bytes (10.4%)
(RDMA_READ_CONSUME_CHECK_CONSUMER) timestamp=11167 ms, used_size=4259840 bytes (10.4%)
(RDMA_READ_CONSUME_CHECK_CONSUMER) timestamp=11167 ms, used_size=4257792 bytes (10.4%)
(RDMA_READ_CONSUME_CHECK_CONSUMER) timestamp=11167 ms, used_size=4255744 bytes (10.4%)
(RDMA_READ_CONSUME_CHECK_CONSUMER) timestamp=11167 ms, used_size=4253696 bytes (10.4%)
(RDMA_READ_CONSUME_CHECK_CONSUMER) timestamp=11167 ms, used_size=4251648 bytes (10.4%)
(RDMA_READ_CONSUME_CHECK_CONSUMER) timestamp=11167 ms, used_size=4249600 bytes (10.4%)
(RDMA_READ_CONSUME_CHECK_CONSUMER) timestamp=11167 ms, used_size=4247552 bytes (10.4%)
(RDMA_READ_CONSUME_CHECK_CONSUMER) timestamp=11167 ms, used_size=4245504 bytes (10.4%)
(RDMA_READ_CONSUME_CHECK_CONSUMER) timestamp=11167 ms, used_size=4243456 bytes (10.4%)
(RDMA_READ_CONSUME_CHECK_CONSUMER) timestamp=11167 ms, used_size=4241408 bytes (10.4%)
(RDMA_READ_CONSUME_CHECK_CONSUMER) timestamp=11167 ms, used_size=4239360 bytes (10.3%)
(RDMA_READ_CONSUME_CHECK_CONSUMER) timestamp=11167 ms, used_size=4237312 bytes (10.3%)
(RDMA_READ_CONSUME_CHECK_CONSUMER) timestamp=11167 ms, used_size=4235264 bytes (10.3%)
(RDMA_READ_CONSUME_CHECK_CONSUMER) timestamp=11167 ms, used_size=4233216 bytes (10.3%)
(RDMA_READ_CONSUME_CHECK_CONSUMER) timestamp=11167 ms, used_size=4231168 bytes (10.3%)
(RDMA_READ_CONSUME_CHECK_CONSUMER) timestamp=11167 ms, used_size=4229120 bytes (10.3%)
(RDMA_READ_CONSUME_CHECK_CONSUMER) timestamp=11167 ms, used_size=4227072 bytes (10.3%)
(RDMA_READ_CONSUME_CHECK_CONSUMER) timestamp=11167 ms, used_size=4225024 bytes (10.3%)
(RDMA_READ_CONSUME_CHECK_CONSUMER) timestamp=11167 ms, used_size=4222976 bytes (10.3%)
(RDMA_READ_CONSUME_CHECK_CONSUMER) timestamp=11167 ms, used_size=4220928 bytes (10.3%)
(RDMA_READ_CONSUME_CHECK_CONSUMER) timestamp=11167 ms, used_size=4218880 bytes (10.3%)
(RDMA_READ_CONSUME_CHECK_CONSUMER) timestamp=11167 ms, used_size=4216832 bytes (10.3%)
(RDMA_READ_CONSUME_CHECK_CONSUMER) timestamp=11167 ms, used_size=4214784 bytes (10.3%)
(RDMA_READ_CONSUME_CHECK_CONSUMER) timestamp=11167 ms, used_size=4212736 bytes (10.3%)
(RDMA_READ_CONSUME_CHECK_CONSUMER) timestamp=11167 ms, used_size=4210688 bytes (10.3%)
(RDMA_READ_CONSUME_CHECK_CONSUMER) timestamp=11167 ms, used_size=4208640 bytes (10.3%)
(RDMA_READ_CONSUME_CHECK_CONSUMER) timestamp=11167 ms, used_size=4206592 bytes (10.3%)
(RDMA_READ_CONSUME_CHECK_CONSUMER) timestamp=11167 ms, used_size=4204544 bytes (10.3%)
(RDMA_READ_CONSUME_CHECK_CONSUMER) timestamp=11167 ms, used_size=4202496 bytes (10.3%)
(RDMA_READ_CONSUME_CHECK_CONSUMER) timestamp=11167 ms, used_size=4200448 bytes (10.3%)
(RDMA_READ_CONSUME_CHECK_CONSUMER) timestamp=11167 ms, used_size=4198400 bytes (10.2%)
(RDMA_READ_CONSUME_CHECK_CONSUMER) timestamp=11167 ms, used_size=4196352 bytes (10.2%)
(RDMA_READ_CONSUME_CHECK_CONSUMER) timestamp=11167 ms, used_size=4194304 bytes (10.2%)
(RDMA_READ_CONSUME_CHECK_CONSUMER) timestamp=11167 ms, used_size=4192256 bytes (10.2%)
(RDMA_READ_CONSUME_CHECK_CONSUMER) timestamp=11167 ms, used_size=4190208 bytes (10.2%)
(RDMA_READ_CONSUME_CHECK_CONSUMER) timestamp=11167 ms, used_size=4188160 bytes (10.2%)
(RDMA_READ_CONSUME_CHECK_CONSUMER) timestamp=11167 ms, used_size=4186112 bytes (10.2%)
(RDMA_READ_CONSUME_CHECK_CONSUMER) timestamp=11167 ms, used_size=4184064 bytes (10.2%)
(RDMA_READ_CONSUME_CHECK_CONSUMER) timestamp=11167 ms, used_size=4182016 bytes (10.2%)
(RDMA_READ_CONSUME_CHECK_CONSUMER) timestamp=11167 ms, used_size=4179968 bytes (10.2%)
(RDMA_READ_CONSUME_CHECK_CONSUMER) timestamp=11167 ms, used_size=4177920 bytes (10.2%)
(RDMA_READ_CONSUME_CHECK_CONSUMER) timestamp=11167 ms, used_size=4175872 bytes (10.2%)
(RDMA_READ_CONSUME_CHECK_CONSUMER) timestamp=11167 ms, used_size=4173824 bytes (10.2%)
(RDMA_READ_CONSUME_CHECK_CONSUMER) timestamp=11167 ms, used_size=4171776 bytes (10.2%)
(RDMA_READ_CONSUME_CHECK_CONSUMER) timestamp=11167 ms, used_size=4169728 bytes (10.2%)
(RDMA_READ_CONSUME_CHECK_CONSUMER) timestamp=11167 ms, used_size=4167680 bytes (10.2%)
(RDMA_READ_CONSUME_CHECK_CONSUMER) timestamp=11167 ms, used_size=4165632 bytes (10.2%)
(RDMA_READ_CONSUME_CHECK_CONSUMER) timestamp=11167 ms, used_size=4163584 bytes (10.2%)
(RDMA_READ_CONSUME_CHECK_CONSUMER) timestamp=11167 ms, used_size=4161536 bytes (10.2%)
(RDMA_READ_CONSUME_CHECK_CONSUMER) timestamp=11167 ms, used_size=4159488 bytes (10.2%)
(RDMA_READ_CONSUME_CHECK_CONSUMER) timestamp=11167 ms, used_size=4157440 bytes (10.2%)
(RDMA_READ_CONSUME_CHECK_CONSUMER) timestamp=11167 ms, used_size=4155392 bytes (10.1%)
(RDMA_READ_CONSUME_CHECK_CONSUMER) timestamp=11167 ms, used_size=4153344 bytes (10.1%)
(RDMA_READ_CONSUME_CHECK_CONSUMER) timestamp=11167 ms, used_size=4151296 bytes (10.1%)
(RDMA_READ_CONSUME_CHECK_CONSUMER) timestamp=11167 ms, used_size=4149248 bytes (10.1%)
(RDMA_READ_CONSUME_CHECK_CONSUMER) timestamp=11167 ms, used_size=4147200 bytes (10.1%)
(RDMA_READ_CONSUME_CHECK_CONSUMER) timestamp=11167 ms, used_size=4145152 bytes (10.1%)
(RDMA_READ_CONSUME_CHECK_CONSUMER) timestamp=11167 ms, used_size=4143104 bytes (10.1%)
(RDMA_READ_CONSUME_CHECK_CONSUMER) timestamp=11167 ms, used_size=4141056 bytes (10.1%)
(RDMA_READ_CONSUME_CHECK_CONSUMER) timestamp=11167 ms, used_size=4139008 bytes (10.1%)
(RDMA_READ_CONSUME_CHECK_CONSUMER) timestamp=11167 ms, used_size=4136960 bytes (10.1%)
(RDMA_READ_CONSUME_CHECK_CONSUMER) timestamp=11167 ms, used_size=4134912 bytes (10.1%)
(RDMA_READ_CONSUME_CHECK_CONSUMER) timestamp=11167 ms, used_size=4132864 bytes (10.1%)
(RDMA_READ_CONSUME_CHECK_CONSUMER) timestamp=11167 ms, used_size=4130816 bytes (10.1%)
(RDMA_READ_CONSUME_CHECK_CONSUMER) timestamp=11167 ms, used_size=4128768 bytes (10.1%)
(RDMA_READ_CONSUME_CHECK_CONSUMER) timestamp=11167 ms, used_size=4126720 bytes (10.1%)
(RDMA_READ_CONSUME_CHECK_CONSUMER) timestamp=11167 ms, used_size=4124672 bytes (10.1%)
(RDMA_READ_CONSUME_CHECK_CONSUMER) timestamp=11167 ms, used_size=4122624 bytes (10.1%)
(RDMA_READ_CONSUME_CHECK_CONSUMER) timestamp=11167 ms, used_size=4120576 bytes (10.1%)
(RDMA_READ_CONSUME_CHECK_CONSUMER) timestamp=11167 ms, used_size=4118528 bytes (10.1%)
(RDMA_READ_CONSUME_CHECK_CONSUMER) timestamp=11167 ms, used_size=4116480 bytes (10.1%)
(RDMA_READ_CONSUME_CHECK_CONSUMER) timestamp=11167 ms, used_size=4114432 bytes (10.0%)
(RDMA_READ_CONSUME_CHECK_CONSUMER) timestamp=11167 ms, used_size=4112384 bytes (10.0%)
(RDMA_READ_CONSUME_CHECK_CONSUMER) timestamp=11167 ms, used_size=4110336 bytes (10.0%)
(RDMA_READ_CONSUME_CHECK_CONSUMER) timestamp=11167 ms, used_size=4108288 bytes (10.0%)
(RDMA_READ_CONSUME_CHECK_CONSUMER) timestamp=11167 ms, used_size=4106240 bytes (10.0%)
(RDMA_READ_CONSUME_CHECK_CONSUMER) timestamp=11167 ms, used_size=4104192 bytes (10.0%)
(RDMA_READ_CONSUME_CHECK_CONSUMER) timestamp=11167 ms, used_size=4102144 bytes (10.0%)
(RDMA_READ_CONSUME_CHECK_CONSUMER) timestamp=11167 ms, used_size=4100096 bytes (10.0%)
(RDMA_READ_CONSUME_CHECK_CONSUMER) timestamp=11167 ms, used_size=4098048 bytes (10.0%)
(RDMA_READ_CONSUME_CHECK_CONSUMER) timestamp=11167 ms, used_size=4096000 bytes (10.0%)
(RDMA_READ_CONSUME_CHECK_CONSUMER) timestamp=11167 ms, used_size=4093952 bytes (10.0%)
(RDMA_READ_CONSUME_CHECK_CONSUMER) timestamp=11167 ms, used_size=4091904 bytes (10.0%)
(RDMA_READ_CONSUME_CHECK_CONSUMER) timestamp=11167 ms, used_size=4089856 bytes (10.0%)
(RDMA_READ_CONSUME_CHECK_CONSUMER) timestamp=11167 ms, used_size=4087808 bytes (10.0%)
(RDMA_READ_CONSUME_CHECK_CONSUMER) timestamp=11167 ms, used_size=4085760 bytes (10.0%)
(RDMA_READ_CONSUME_CHECK_CONSUMER) timestamp=11167 ms, used_size=4083712 bytes (10.0%)
(RDMA_READ_CONSUME_CHECK_CONSUMER) timestamp=11167 ms, used_size=4081664 bytes (10.0%)
(RDMA_READ_CONSUME_CHECK_CONSUMER) timestamp=11167 ms, used_size=4079616 bytes (10.0%)
(RDMA_READ_CONSUME_CHECK_CONSUMER) timestamp=11167 ms, used_size=4077568 bytes (10.0%)
(RDMA_READ_CONSUME_CHECK_CONSUMER) timestamp=11167 ms, used_size=4075520 bytes (9.9%)
(RDMA_READ_CONSUME_CHECK_CONSUMER) timestamp=11167 ms, used_size=4073472 bytes (9.9%)
(RDMA_READ_CONSUME_CHECK_CONSUMER) timestamp=11167 ms, used_size=4071424 bytes (9.9%)
(RDMA_READ_CONSUME_CHECK_CONSUMER) timestamp=11167 ms, used_size=4069376 bytes (9.9%)
(RDMA_READ_CONSUME_CHECK_CONSUMER) timestamp=11167 ms, used_size=4067328 bytes (9.9%)
(RDMA_READ_CONSUME_CHECK_CONSUMER) timestamp=11167 ms, used_size=4065280 bytes (9.9%)
(RDMA_READ_CONSUME_CHECK_CONSUMER) timestamp=11167 ms, used_size=4063232 bytes (9.9%)
(RDMA_READ_CONSUME_CHECK_CONSUMER) timestamp=11167 ms, used_size=4061184 bytes (9.9%)
(RDMA_READ_CONSUME_CHECK_CONSUMER) timestamp=11167 ms, used_size=4059136 bytes (9.9%)
(RDMA_READ_CONSUME_CHECK_CONSUMER) timestamp=11167 ms, used_size=4057088 bytes (9.9%)
(RDMA_READ_CONSUME_CHECK_CONSUMER) timestamp=11167 ms, used_size=4055040 bytes (9.9%)
(RDMA_READ_CONSUME_CHECK_CONSUMER) timestamp=11167 ms, used_size=4052992 bytes (9.9%)
(RDMA_READ_CONSUME_CHECK_CONSUMER) timestamp=11167 ms, used_size=4050944 bytes (9.9%)
(RDMA_READ_CONSUME_CHECK_CONSUMER) timestamp=11167 ms, used_size=4048896 bytes (9.9%)
(RDMA_READ_CONSUME_CHECK_CONSUMER) timestamp=11167 ms, used_size=4046848 bytes (9.9%)
(RDMA_READ_CONSUME_CHECK_CONSUMER) timestamp=11167 ms, used_size=4044800 bytes (9.9%)
(RDMA_READ_CONSUME_CHECK_CONSUMER) timestamp=11167 ms, used_size=4042752 bytes (9.9%)
(RDMA_READ_CONSUME_CHECK_CONSUMER) timestamp=11167 ms, used_size=4040704 bytes (9.9%)
(RDMA_READ_CONSUME_CHECK_CONSUMER) timestamp=11167 ms, used_size=4038656 bytes (9.9%)
(RDMA_READ_CONSUME_CHECK_CONSUMER) timestamp=11167 ms, used_size=4036608 bytes (9.9%)
(RDMA_READ_CONSUME_CHECK_CONSUMER) timestamp=11167 ms, used_size=4034560 bytes (9.8%)
(RDMA_READ_CONSUME_CHECK_CONSUMER) timestamp=11167 ms, used_size=4032512 bytes (9.8%)
(RDMA_READ_CONSUME_CHECK_CONSUMER) timestamp=11167 ms, used_size=4030464 bytes (9.8%)
(RDMA_READ_CONSUME_CHECK_CONSUMER) timestamp=11167 ms, used_size=4028416 bytes (9.8%)
(RDMA_READ_CONSUME_CHECK_CONSUMER) timestamp=11167 ms, used_size=4026368 bytes (9.8%)
(RDMA_READ_CONSUME_CHECK_CONSUMER) timestamp=11167 ms, used_size=4024320 bytes (9.8%)
(RDMA_READ_CONSUME_CHECK_CONSUMER) timestamp=11167 ms, used_size=4022272 bytes (9.8%)
(RDMA_READ_CONSUME_CHECK_CONSUMER) timestamp=11167 ms, used_size=4020224 bytes (9.8%)
(RDMA_READ_CONSUME_CHECK_CONSUMER) timestamp=11167 ms, used_size=4018176 bytes (9.8%)
(RDMA_READ_CONSUME_CHECK_CONSUMER) timestamp=11167 ms, used_size=4016128 bytes (9.8%)
(RDMA_READ_CONSUME_CHECK_CONSUMER) timestamp=11167 ms, used_size=4014080 bytes (9.8%)
(RDMA_READ_CONSUME_CHECK_CONSUMER) timestamp=11167 ms, used_size=4012032 bytes (9.8%)
(RDMA_READ_CONSUME_CHECK_CONSUMER) timestamp=11167 ms, used_size=4009984 bytes (9.8%)
(RDMA_READ_CONSUME_CHECK_CONSUMER) timestamp=11167 ms, used_size=4007936 bytes (9.8%)
(RDMA_READ_CONSUME_CHECK_CONSUMER) timestamp=11167 ms, used_size=4005888 bytes (9.8%)
(RDMA_READ_CONSUME_CHECK_CONSUMER) timestamp=11167 ms, used_size=4003840 bytes (9.8%)
(RDMA_READ_CONSUME_CHECK_CONSUMER) timestamp=11167 ms, used_size=4001792 bytes (9.8%)
(RDMA_READ_CONSUME_CHECK_CONSUMER) timestamp=11167 ms, used_size=3999744 bytes (9.8%)
(RDMA_READ_CONSUME_CHECK_CONSUMER) timestamp=11167 ms, used_size=3997696 bytes (9.8%)
(RDMA_READ_CONSUME_CHECK_CONSUMER) timestamp=11167 ms, used_size=3995648 bytes (9.8%)
(RDMA_READ_CONSUME_CHECK_CONSUMER) timestamp=11167 ms, used_size=3993600 bytes (9.8%)
(RDMA_READ_CONSUME_CHECK_CONSUMER) timestamp=11167 ms, used_size=3991552 bytes (9.7%)
(RDMA_READ_CONSUME_CHECK_CONSUMER) timestamp=11167 ms, used_size=3989504 bytes (9.7%)
(RDMA_READ_CONSUME_CHECK_CONSUMER) timestamp=11167 ms, used_size=3987456 bytes (9.7%)
(RDMA_READ_CONSUME_CHECK_CONSUMER) timestamp=11167 ms, used_size=3985408 bytes (9.7%)
(RDMA_READ_CONSUME_CHECK_CONSUMER) timestamp=11167 ms, used_size=3983360 bytes (9.7%)
(RDMA_READ_CONSUME_CHECK_CONSUMER) timestamp=11167 ms, used_size=3981312 bytes (9.7%)
(RDMA_READ_CONSUME_CHECK_CONSUMER) timestamp=11167 ms, used_size=3979264 bytes (9.7%)
(RDMA_READ_CONSUME_CHECK_CONSUMER) timestamp=11167 ms, used_size=3977216 bytes (9.7%)
(RDMA_READ_CONSUME_CHECK_CONSUMER) timestamp=11167 ms, used_size=3975168 bytes (9.7%)
(RDMA_READ_CONSUME_CHECK_CONSUMER) timestamp=11167 ms, used_size=3973120 bytes (9.7%)
(RDMA_READ_CONSUME_CHECK_CONSUMER) timestamp=11167 ms, used_size=3971072 bytes (9.7%)
(RDMA_READ_CONSUME_CHECK_CONSUMER) timestamp=11167 ms, used_size=3969024 bytes (9.7%)
(RDMA_READ_CONSUME_CHECK_CONSUMER) timestamp=11167 ms, used_size=3966976 bytes (9.7%)
(RDMA_READ_CONSUME_CHECK_CONSUMER) timestamp=11167 ms, used_size=3964928 bytes (9.7%)
(RDMA_READ_CONSUME_CHECK_CONSUMER) timestamp=11167 ms, used_size=3962880 bytes (9.7%)
(RDMA_READ_CONSUME_CHECK_CONSUMER) timestamp=11167 ms, used_size=3960832 bytes (9.7%)
(RDMA_READ_CONSUME_CHECK_CONSUMER) timestamp=11167 ms, used_size=3958784 bytes (9.7%)
(RDMA_READ_CONSUME_CHECK_CONSUMER) timestamp=11167 ms, used_size=3956736 bytes (9.7%)
(RDMA_READ_CONSUME_CHECK_CONSUMER) timestamp=11167 ms, used_size=3954688 bytes (9.7%)
(RDMA_READ_CONSUME_CHECK_CONSUMER) timestamp=11167 ms, used_size=3952640 bytes (9.7%)
(RDMA_READ_CONSUME_CHECK_CONSUMER) timestamp=11167 ms, used_size=3950592 bytes (9.6%)
(RDMA_READ_CONSUME_CHECK_CONSUMER) timestamp=11167 ms, used_size=3948544 bytes (9.6%)
(RDMA_READ_CONSUME_CHECK_CONSUMER) timestamp=11167 ms, used_size=3946496 bytes (9.6%)
(RDMA_READ_CONSUME_CHECK_CONSUMER) timestamp=11167 ms, used_size=3944448 bytes (9.6%)
(RDMA_READ_CONSUME_CHECK_CONSUMER) timestamp=11168 ms, used_size=3942400 bytes (9.6%)
(RDMA_READ_CONSUME_CHECK_CONSUMER) timestamp=11168 ms, used_size=3940352 bytes (9.6%)
(RDMA_READ_CONSUME_CHECK_CONSUMER) timestamp=11168 ms, used_size=3938304 bytes (9.6%)
(RDMA_READ_CONSUME_CHECK_CONSUMER) timestamp=11168 ms, used_size=3936256 bytes (9.6%)
(RDMA_READ_CONSUME_CHECK_CONSUMER) timestamp=11168 ms, used_size=3934208 bytes (9.6%)
(RDMA_READ_CONSUME_CHECK_CONSUMER) timestamp=11168 ms, used_size=3932160 bytes (9.6%)
(RDMA_READ_CONSUME_CHECK_CONSUMER) timestamp=11168 ms, used_size=3930112 bytes (9.6%)
(RDMA_READ_CONSUME_CHECK_CONSUMER) timestamp=11168 ms, used_size=3928064 bytes (9.6%)
(RDMA_READ_CONSUME_CHECK_CONSUMER) timestamp=11168 ms, used_size=3926016 bytes (9.6%)
(RDMA_READ_CONSUME_CHECK_CONSUMER) timestamp=11168 ms, used_size=3923968 bytes (9.6%)
(RDMA_READ_CONSUME_CHECK_CONSUMER) timestamp=11168 ms, used_size=3921920 bytes (9.6%)
(RDMA_READ_CONSUME_CHECK_CONSUMER) timestamp=11168 ms, used_size=3919872 bytes (9.6%)
(RDMA_READ_CONSUME_CHECK_CONSUMER) timestamp=11168 ms, used_size=3917824 bytes (9.6%)
(RDMA_READ_CONSUME_CHECK_CONSUMER) timestamp=11168 ms, used_size=3915776 bytes (9.6%)
(RDMA_READ_CONSUME_CHECK_CONSUMER) timestamp=11168 ms, used_size=3913728 bytes (9.6%)
(RDMA_READ_CONSUME_CHECK_CONSUMER) timestamp=11168 ms, used_size=3911680 bytes (9.6%)
(RDMA_READ_CONSUME_CHECK_CONSUMER) timestamp=11168 ms, used_size=3909632 bytes (9.5%)
(RDMA_READ_CONSUME_CHECK_CONSUMER) timestamp=11168 ms, used_size=3907584 bytes (9.5%)
(RDMA_READ_CONSUME_CHECK_CONSUMER) timestamp=11168 ms, used_size=3905536 bytes (9.5%)
(RDMA_READ_CONSUME_CHECK_CONSUMER) timestamp=11168 ms, used_size=3903488 bytes (9.5%)
(RDMA_READ_CONSUME_CHECK_CONSUMER) timestamp=11168 ms, used_size=3901440 bytes (9.5%)
(RDMA_READ_CONSUME_CHECK_CONSUMER) timestamp=11168 ms, used_size=3899392 bytes (9.5%)
(RDMA_READ_CONSUME_CHECK_CONSUMER) timestamp=11168 ms, used_size=3897344 bytes (9.5%)
(RDMA_READ_CONSUME_CHECK_CONSUMER) timestamp=11168 ms, used_size=3895296 bytes (9.5%)
(RDMA_READ_CONSUME_CHECK_CONSUMER) timestamp=11168 ms, used_size=3893248 bytes (9.5%)
(RDMA_READ_CONSUME_CHECK_CONSUMER) timestamp=11168 ms, used_size=3891200 bytes (9.5%)
(RDMA_READ_CONSUME_CHECK_CONSUMER) timestamp=11168 ms, used_size=3889152 bytes (9.5%)
(RDMA_READ_CONSUME_CHECK_CONSUMER) timestamp=11168 ms, used_size=3887104 bytes (9.5%)
(RDMA_READ_CONSUME_CHECK_CONSUMER) timestamp=11168 ms, used_size=3885056 bytes (9.5%)
(RDMA_READ_CONSUME_CHECK_CONSUMER) timestamp=11168 ms, used_size=3883008 bytes (9.5%)
(RDMA_READ_CONSUME_CHECK_CONSUMER) timestamp=11168 ms, used_size=3880960 bytes (9.5%)
(RDMA_READ_CONSUME_CHECK_CONSUMER) timestamp=11168 ms, used_size=3878912 bytes (9.5%)
(RDMA_READ_CONSUME_CHECK_CONSUMER) timestamp=11168 ms, used_size=3876864 bytes (9.5%)
(RDMA_READ_CONSUME_CHECK_CONSUMER) timestamp=11168 ms, used_size=3874816 bytes (9.5%)
(RDMA_READ_CONSUME_CHECK_CONSUMER) timestamp=11168 ms, used_size=3872768 bytes (9.5%)
(RDMA_READ_CONSUME_CHECK_CONSUMER) timestamp=11168 ms, used_size=3870720 bytes (9.4%)
(RDMA_READ_CONSUME_CHECK_CONSUMER) timestamp=11168 ms, used_size=3868672 bytes (9.4%)
(RDMA_READ_CONSUME_CHECK_CONSUMER) timestamp=11168 ms, used_size=3866624 bytes (9.4%)
(RDMA_READ_CONSUME_CHECK_CONSUMER) timestamp=11168 ms, used_size=3864576 bytes (9.4%)
(RDMA_READ_CONSUME_CHECK_CONSUMER) timestamp=11168 ms, used_size=3862528 bytes (9.4%)
(RDMA_READ_CONSUME_CHECK_CONSUMER) timestamp=11168 ms, used_size=3860480 bytes (9.4%)
(RDMA_READ_CONSUME_CHECK_CONSUMER) timestamp=11168 ms, used_size=3858432 bytes (9.4%)
(RDMA_READ_CONSUME_CHECK_CONSUMER) timestamp=11168 ms, used_size=3856384 bytes (9.4%)
(RDMA_READ_CONSUME_CHECK_CONSUMER) timestamp=11168 ms, used_size=3854336 bytes (9.4%)
(RDMA_READ_CONSUME_CHECK_CONSUMER) timestamp=11168 ms, used_size=3852288 bytes (9.4%)
(RDMA_READ_CONSUME_CHECK_CONSUMER) timestamp=11168 ms, used_size=3850240 bytes (9.4%)
(RDMA_READ_CONSUME_CHECK_CONSUMER) timestamp=11168 ms, used_size=3848192 bytes (9.4%)
(RDMA_READ_CONSUME_CHECK_CONSUMER) timestamp=11168 ms, used_size=3846144 bytes (9.4%)
(RDMA_READ_CONSUME_CHECK_CONSUMER) timestamp=11168 ms, used_size=3844096 bytes (9.4%)
(RDMA_READ_CONSUME_CHECK_CONSUMER) timestamp=11168 ms, used_size=3842048 bytes (9.4%)
(RDMA_READ_CONSUME_CHECK_CONSUMER) timestamp=11168 ms, used_size=3840000 bytes (9.4%)
(RDMA_READ_CONSUME_CHECK_CONSUMER) timestamp=11168 ms, used_size=3837952 bytes (9.4%)
(RDMA_READ_CONSUME_CHECK_CONSUMER) timestamp=11168 ms, used_size=3835904 bytes (9.4%)
(RDMA_READ_CONSUME_CHECK_CONSUMER) timestamp=11168 ms, used_size=3833856 bytes (9.4%)
(RDMA_READ_CONSUME_CHECK_CONSUMER) timestamp=11168 ms, used_size=3831808 bytes (9.4%)
(RDMA_READ_CONSUME_CHECK_CONSUMER) timestamp=11168 ms, used_size=3829760 bytes (9.3%)
(RDMA_READ_CONSUME_CHECK_CONSUMER) timestamp=11168 ms, used_size=3827712 bytes (9.3%)
(RDMA_READ_CONSUME_CHECK_CONSUMER) timestamp=11168 ms, used_size=3825664 bytes (9.3%)
(RDMA_READ_CONSUME_CHECK_CONSUMER) timestamp=11168 ms, used_size=3823616 bytes (9.3%)
(RDMA_READ_CONSUME_CHECK_CONSUMER) timestamp=11168 ms, used_size=3821568 bytes (9.3%)
(RDMA_READ_CONSUME_CHECK_CONSUMER) timestamp=11168 ms, used_size=3819520 bytes (9.3%)
(RDMA_READ_CONSUME_CHECK_CONSUMER) timestamp=11168 ms, used_size=3817472 bytes (9.3%)
(RDMA_READ_CONSUME_CHECK_CONSUMER) timestamp=11168 ms, used_size=3815424 bytes (9.3%)
(RDMA_READ_CONSUME_CHECK_CONSUMER) timestamp=11168 ms, used_size=3813376 bytes (9.3%)
(RDMA_READ_CONSUME_CHECK_CONSUMER) timestamp=11168 ms, used_size=3811328 bytes (9.3%)
(RDMA_READ_CONSUME_CHECK_CONSUMER) timestamp=11168 ms, used_size=3809280 bytes (9.3%)
(RDMA_READ_CONSUME_CHECK_CONSUMER) timestamp=11168 ms, used_size=3807232 bytes (9.3%)
(RDMA_READ_CONSUME_CHECK_CONSUMER) timestamp=11168 ms, used_size=3805184 bytes (9.3%)
(RDMA_READ_CONSUME_CHECK_CONSUMER) timestamp=11168 ms, used_size=3803136 bytes (9.3%)
(RDMA_READ_CONSUME_CHECK_CONSUMER) timestamp=11168 ms, used_size=3801088 bytes (9.3%)
(RDMA_READ_CONSUME_CHECK_CONSUMER) timestamp=11168 ms, used_size=3799040 bytes (9.3%)
(RDMA_READ_CONSUME_CHECK_CONSUMER) timestamp=11168 ms, used_size=3796992 bytes (9.3%)
(RDMA_READ_CONSUME_CHECK_CONSUMER) timestamp=11168 ms, used_size=3794944 bytes (9.3%)
(RDMA_READ_CONSUME_CHECK_CONSUMER) timestamp=11168 ms, used_size=3792896 bytes (9.3%)
(RDMA_READ_CONSUME_CHECK_CONSUMER) timestamp=11168 ms, used_size=3790848 bytes (9.3%)
(RDMA_READ_CONSUME_CHECK_CONSUMER) timestamp=11168 ms, used_size=3788800 bytes (9.2%)
(RDMA_READ_CONSUME_CHECK_CONSUMER) timestamp=11168 ms, used_size=3786752 bytes (9.2%)
(RDMA_READ_CONSUME_CHECK_CONSUMER) timestamp=11168 ms, used_size=3784704 bytes (9.2%)
(RDMA_READ_CONSUME_CHECK_CONSUMER) timestamp=11168 ms, used_size=3782656 bytes (9.2%)
(RDMA_READ_CONSUME_CHECK_CONSUMER) timestamp=11168 ms, used_size=3780608 bytes (9.2%)
(RDMA_READ_CONSUME_CHECK_CONSUMER) timestamp=11168 ms, used_size=3778560 bytes (9.2%)
(RDMA_READ_CONSUME_CHECK_CONSUMER) timestamp=11168 ms, used_size=3776512 bytes (9.2%)
(RDMA_READ_CONSUME_CHECK_CONSUMER) timestamp=11168 ms, used_size=3774464 bytes (9.2%)
(RDMA_READ_CONSUME_CHECK_CONSUMER) timestamp=11168 ms, used_size=3772416 bytes (9.2%)
(RDMA_READ_CONSUME_CHECK_CONSUMER) timestamp=11168 ms, used_size=3770368 bytes (9.2%)
(RDMA_READ_CONSUME_CHECK_CONSUMER) timestamp=11168 ms, used_size=3768320 bytes (9.2%)
(RDMA_READ_CONSUME_CHECK_CONSUMER) timestamp=11168 ms, used_size=3766272 bytes (9.2%)
(RDMA_READ_CONSUME_CHECK_CONSUMER) timestamp=11168 ms, used_size=3764224 bytes (9.2%)
(RDMA_READ_CONSUME_CHECK_CONSUMER) timestamp=11168 ms, used_size=3762176 bytes (9.2%)
(RDMA_READ_CONSUME_CHECK_CONSUMER) timestamp=11168 ms, used_size=3760128 bytes (9.2%)
(RDMA_READ_CONSUME_CHECK_CONSUMER) timestamp=11168 ms, used_size=3758080 bytes (9.2%)
(RDMA_READ_CONSUME_CHECK_CONSUMER) timestamp=11168 ms, used_size=3756032 bytes (9.2%)
(RDMA_READ_CONSUME_CHECK_CONSUMER) timestamp=11168 ms, used_size=3753984 bytes (9.2%)
(RDMA_READ_CONSUME_CHECK_CONSUMER) timestamp=11168 ms, used_size=3751936 bytes (9.2%)
(RDMA_READ_CONSUME_CHECK_CONSUMER) timestamp=11168 ms, used_size=3749888 bytes (9.2%)
(RDMA_READ_CONSUME_CHECK_CONSUMER) timestamp=11168 ms, used_size=3747840 bytes (9.2%)
(RDMA_READ_CONSUME_CHECK_CONSUMER) timestamp=11168 ms, used_size=3745792 bytes (9.1%)
(RDMA_READ_CONSUME_CHECK_CONSUMER) timestamp=11168 ms, used_size=3743744 bytes (9.1%)
(RDMA_READ_CONSUME_CHECK_CONSUMER) timestamp=11168 ms, used_size=3741696 bytes (9.1%)
(RDMA_READ_CONSUME_CHECK_CONSUMER) timestamp=11168 ms, used_size=3739648 bytes (9.1%)
(RDMA_READ_CONSUME_CHECK_CONSUMER) timestamp=11168 ms, used_size=3737600 bytes (9.1%)
(RDMA_READ_CONSUME_CHECK_CONSUMER) timestamp=11168 ms, used_size=3735552 bytes (9.1%)
(RDMA_READ_CONSUME_CHECK_CONSUMER) timestamp=11168 ms, used_size=3733504 bytes (9.1%)
(RDMA_READ_CONSUME_CHECK_CONSUMER) timestamp=11168 ms, used_size=3731456 bytes (9.1%)
(RDMA_READ_CONSUME_CHECK_CONSUMER) timestamp=11168 ms, used_size=3729408 bytes (9.1%)
(RDMA_READ_CONSUME_CHECK_CONSUMER) timestamp=11168 ms, used_size=3727360 bytes (9.1%)
(RDMA_READ_CONSUME_CHECK_CONSUMER) timestamp=11168 ms, used_size=3725312 bytes (9.1%)
(RDMA_READ_CONSUME_CHECK_CONSUMER) timestamp=11168 ms, used_size=3723264 bytes (9.1%)
(RDMA_READ_CONSUME_CHECK_CONSUMER) timestamp=11168 ms, used_size=3721216 bytes (9.1%)
(RDMA_READ_CONSUME_CHECK_CONSUMER) timestamp=11168 ms, used_size=3719168 bytes (9.1%)
(RDMA_READ_CONSUME_CHECK_CONSUMER) timestamp=11168 ms, used_size=3717120 bytes (9.1%)
(RDMA_READ_CONSUME_CHECK_CONSUMER) timestamp=11168 ms, used_size=3715072 bytes (9.1%)
(RDMA_READ_CONSUME_CHECK_CONSUMER) timestamp=11168 ms, used_size=3713024 bytes (9.1%)
(RDMA_READ_CONSUME_CHECK_CONSUMER) timestamp=11168 ms, used_size=3710976 bytes (9.1%)
(RDMA_READ_CONSUME_CHECK_CONSUMER) timestamp=11168 ms, used_size=3708928 bytes (9.1%)
(RDMA_READ_CONSUME_CHECK_CONSUMER) timestamp=11168 ms, used_size=3706880 bytes (9.1%)
(RDMA_READ_CONSUME_CHECK_CONSUMER) timestamp=11168 ms, used_size=3704832 bytes (9.0%)
(RDMA_READ_CONSUME_CHECK_CONSUMER) timestamp=11168 ms, used_size=3702784 bytes (9.0%)
(RDMA_READ_CONSUME_CHECK_CONSUMER) timestamp=11168 ms, used_size=3700736 bytes (9.0%)
(RDMA_READ_CONSUME_CHECK_CONSUMER) timestamp=11168 ms, used_size=3698688 bytes (9.0%)
(RDMA_READ_CONSUME_CHECK_CONSUMER) timestamp=11168 ms, used_size=3696640 bytes (9.0%)
(RDMA_READ_CONSUME_CHECK_CONSUMER) timestamp=11168 ms, used_size=3694592 bytes (9.0%)
(RDMA_READ_CONSUME_CHECK_CONSUMER) timestamp=11168 ms, used_size=3692544 bytes (9.0%)
(RDMA_READ_CONSUME_CHECK_CONSUMER) timestamp=11168 ms, used_size=3690496 bytes (9.0%)
(RDMA_READ_CONSUME_CHECK_CONSUMER) timestamp=11168 ms, used_size=3688448 bytes (9.0%)
(RDMA_READ_CONSUME_CHECK_CONSUMER) timestamp=11168 ms, used_size=3686400 bytes (9.0%)
(RDMA_READ_CONSUME_CHECK_CONSUMER) timestamp=11168 ms, used_size=3684352 bytes (9.0%)
(RDMA_READ_CONSUME_CHECK_CONSUMER) timestamp=11168 ms, used_size=3682304 bytes (9.0%)
(RDMA_READ_CONSUME_CHECK_CONSUMER) timestamp=11168 ms, used_size=3680256 bytes (9.0%)
(RDMA_READ_CONSUME_CHECK_CONSUMER) timestamp=11168 ms, used_size=3678208 bytes (9.0%)
(RDMA_READ_CONSUME_CHECK_CONSUMER) timestamp=11168 ms, used_size=3676160 bytes (9.0%)
(RDMA_READ_CONSUME_CHECK_CONSUMER) timestamp=11168 ms, used_size=3674112 bytes (9.0%)
(RDMA_READ_CONSUME_CHECK_CONSUMER) timestamp=11168 ms, used_size=3672064 bytes (9.0%)
(RDMA_READ_CONSUME_CHECK_CONSUMER) timestamp=11168 ms, used_size=3670016 bytes (9.0%)
(RDMA_READ_CONSUME_CHECK_CONSUMER) timestamp=11168 ms, used_size=3667968 bytes (9.0%)
(RDMA_READ_CONSUME_CHECK_CONSUMER) timestamp=11168 ms, used_size=3665920 bytes (8.9%)
(RDMA_READ_CONSUME_CHECK_CONSUMER) timestamp=11168 ms, used_size=3663872 bytes (8.9%)
(RDMA_READ_CONSUME_CHECK_CONSUMER) timestamp=11168 ms, used_size=3661824 bytes (8.9%)
(RDMA_READ_CONSUME_CHECK_CONSUMER) timestamp=11168 ms, used_size=3659776 bytes (8.9%)
(RDMA_READ_CONSUME_CHECK_CONSUMER) timestamp=11168 ms, used_size=3657728 bytes (8.9%)
(RDMA_READ_CONSUME_CHECK_CONSUMER) timestamp=11168 ms, used_size=3655680 bytes (8.9%)
(RDMA_READ_CONSUME_CHECK_CONSUMER) timestamp=11168 ms, used_size=3653632 bytes (8.9%)
(RDMA_READ_CONSUME_CHECK_CONSUMER) timestamp=11168 ms, used_size=3651584 bytes (8.9%)
(RDMA_READ_CONSUME_CHECK_CONSUMER) timestamp=11168 ms, used_size=3649536 bytes (8.9%)
(RDMA_READ_CONSUME_CHECK_CONSUMER) timestamp=11168 ms, used_size=3647488 bytes (8.9%)
(RDMA_READ_CONSUME_CHECK_CONSUMER) timestamp=11168 ms, used_size=3645440 bytes (8.9%)
(RDMA_READ_CONSUME_CHECK_CONSUMER) timestamp=11168 ms, used_size=3643392 bytes (8.9%)
(RDMA_READ_CONSUME_CHECK_CONSUMER) timestamp=11168 ms, used_size=3641344 bytes (8.9%)
(RDMA_READ_CONSUME_CHECK_CONSUMER) timestamp=11168 ms, used_size=3639296 bytes (8.9%)
(RDMA_READ_CONSUME_CHECK_CONSUMER) timestamp=11168 ms, used_size=3637248 bytes (8.9%)
(RDMA_READ_CONSUME_CHECK_CONSUMER) timestamp=11168 ms, used_size=3635200 bytes (8.9%)
(RDMA_READ_CONSUME_CHECK_CONSUMER) timestamp=11168 ms, used_size=3633152 bytes (8.9%)
(RDMA_READ_CONSUME_CHECK_CONSUMER) timestamp=11168 ms, used_size=3631104 bytes (8.9%)
(RDMA_READ_CONSUME_CHECK_CONSUMER) timestamp=11168 ms, used_size=3629056 bytes (8.9%)
(RDMA_READ_CONSUME_CHECK_CONSUMER) timestamp=11168 ms, used_size=3627008 bytes (8.9%)
(RDMA_READ_CONSUME_CHECK_CONSUMER) timestamp=11168 ms, used_size=3624960 bytes (8.8%)
(RDMA_READ_CONSUME_CHECK_CONSUMER) timestamp=11168 ms, used_size=3622912 bytes (8.8%)
(RDMA_READ_CONSUME_CHECK_CONSUMER) timestamp=11168 ms, used_size=3620864 bytes (8.8%)
(RDMA_READ_CONSUME_CHECK_CONSUMER) timestamp=11168 ms, used_size=3618816 bytes (8.8%)
(RDMA_READ_CONSUME_CHECK_CONSUMER) timestamp=11168 ms, used_size=3616768 bytes (8.8%)
(RDMA_READ_CONSUME_CHECK_CONSUMER) timestamp=11168 ms, used_size=3614720 bytes (8.8%)
(RDMA_READ_CONSUME_CHECK_CONSUMER) timestamp=11168 ms, used_size=3612672 bytes (8.8%)
(RDMA_READ_CONSUME_CHECK_CONSUMER) timestamp=11168 ms, used_size=3610624 bytes (8.8%)
(RDMA_READ_CONSUME_CHECK_CONSUMER) timestamp=11168 ms, used_size=3608576 bytes (8.8%)
(RDMA_READ_CONSUME_CHECK_CONSUMER) timestamp=11168 ms, used_size=3606528 bytes (8.8%)
(RDMA_READ_CONSUME_CHECK_CONSUMER) timestamp=11168 ms, used_size=3604480 bytes (8.8%)
(RDMA_READ_CONSUME_CHECK_CONSUMER) timestamp=11168 ms, used_size=3602432 bytes (8.8%)
(RDMA_READ_CONSUME_CHECK_CONSUMER) timestamp=11168 ms, used_size=3600384 bytes (8.8%)
(RDMA_READ_CONSUME_CHECK_CONSUMER) timestamp=11168 ms, used_size=3598336 bytes (8.8%)
(RDMA_READ_CONSUME_CHECK_CONSUMER) timestamp=11168 ms, used_size=3596288 bytes (8.8%)
(RDMA_READ_CONSUME_CHECK_CONSUMER) timestamp=11168 ms, used_size=3594240 bytes (8.8%)
(RDMA_READ_CONSUME_CHECK_CONSUMER) timestamp=11169 ms, used_size=3592192 bytes (8.8%)
(RDMA_READ_CONSUME_CHECK_CONSUMER) timestamp=11169 ms, used_size=3590144 bytes (8.8%)
(RDMA_READ_CONSUME_CHECK_CONSUMER) timestamp=11169 ms, used_size=3588096 bytes (8.8%)
(RDMA_READ_CONSUME_CHECK_CONSUMER) timestamp=11169 ms, used_size=3586048 bytes (8.8%)
(RDMA_READ_CONSUME_CHECK_CONSUMER) timestamp=11169 ms, used_size=3584000 bytes (8.8%)
(RDMA_READ_CONSUME_CHECK_CONSUMER) timestamp=11169 ms, used_size=3581952 bytes (8.7%)
(RDMA_READ_CONSUME_CHECK_CONSUMER) timestamp=11169 ms, used_size=3579904 bytes (8.7%)
(RDMA_READ_CONSUME_CHECK_CONSUMER) timestamp=11169 ms, used_size=3577856 bytes (8.7%)
(RDMA_READ_CONSUME_CHECK_CONSUMER) timestamp=11169 ms, used_size=3575808 bytes (8.7%)
(RDMA_READ_CONSUME_CHECK_CONSUMER) timestamp=11169 ms, used_size=3573760 bytes (8.7%)
(RDMA_READ_CONSUME_CHECK_CONSUMER) timestamp=11169 ms, used_size=3571712 bytes (8.7%)
(RDMA_READ_CONSUME_CHECK_CONSUMER) timestamp=11169 ms, used_size=3569664 bytes (8.7%)
(RDMA_READ_CONSUME_CHECK_CONSUMER) timestamp=11169 ms, used_size=3567616 bytes (8.7%)
(RDMA_READ_CONSUME_CHECK_CONSUMER) timestamp=11169 ms, used_size=3565568 bytes (8.7%)
(RDMA_READ_CONSUME_CHECK_CONSUMER) timestamp=11169 ms, used_size=3563520 bytes (8.7%)
(RDMA_READ_CONSUME_CHECK_CONSUMER) timestamp=11169 ms, used_size=3561472 bytes (8.7%)
(RDMA_READ_CONSUME_CHECK_CONSUMER) timestamp=11169 ms, used_size=3559424 bytes (8.7%)
(RDMA_READ_CONSUME_CHECK_CONSUMER) timestamp=11169 ms, used_size=3557376 bytes (8.7%)
(RDMA_READ_CONSUME_CHECK_CONSUMER) timestamp=11169 ms, used_size=3555328 bytes (8.7%)
(RDMA_READ_CONSUME_CHECK_CONSUMER) timestamp=11169 ms, used_size=3553280 bytes (8.7%)
(RDMA_READ_CONSUME_CHECK_CONSUMER) timestamp=11169 ms, used_size=3551232 bytes (8.7%)
(RDMA_READ_CONSUME_CHECK_CONSUMER) timestamp=11169 ms, used_size=3549184 bytes (8.7%)
(RDMA_READ_CONSUME_CHECK_CONSUMER) timestamp=11169 ms, used_size=3547136 bytes (8.7%)
(RDMA_READ_CONSUME_CHECK_CONSUMER) timestamp=11169 ms, used_size=3545088 bytes (8.7%)
(RDMA_READ_CONSUME_CHECK_CONSUMER) timestamp=11169 ms, used_size=3543040 bytes (8.7%)
(RDMA_READ_CONSUME_CHECK_CONSUMER) timestamp=11169 ms, used_size=3540992 bytes (8.6%)
(RDMA_READ_CONSUME_CHECK_CONSUMER) timestamp=11169 ms, used_size=3538944 bytes (8.6%)
(RDMA_READ_CONSUME_CHECK_CONSUMER) timestamp=11169 ms, used_size=3536896 bytes (8.6%)
(RDMA_READ_CONSUME_CHECK_CONSUMER) timestamp=11169 ms, used_size=3534848 bytes (8.6%)
(RDMA_READ_CONSUME_CHECK_CONSUMER) timestamp=11169 ms, used_size=3532800 bytes (8.6%)
(RDMA_READ_CONSUME_CHECK_CONSUMER) timestamp=11169 ms, used_size=3530752 bytes (8.6%)
(RDMA_READ_CONSUME_CHECK_CONSUMER) timestamp=11169 ms, used_size=3528704 bytes (8.6%)
(RDMA_READ_CONSUME_CHECK_CONSUMER) timestamp=11169 ms, used_size=3526656 bytes (8.6%)
(RDMA_READ_CONSUME_CHECK_CONSUMER) timestamp=11169 ms, used_size=3524608 bytes (8.6%)
(RDMA_READ_CONSUME_CHECK_CONSUMER) timestamp=11169 ms, used_size=3522560 bytes (8.6%)
(RDMA_READ_CONSUME_CHECK_CONSUMER) timestamp=11169 ms, used_size=3520512 bytes (8.6%)
(RDMA_READ_CONSUME_CHECK_CONSUMER) timestamp=11169 ms, used_size=3518464 bytes (8.6%)
(RDMA_READ_CONSUME_CHECK_CONSUMER) timestamp=11169 ms, used_size=3516416 bytes (8.6%)
(RDMA_READ_CONSUME_CHECK_CONSUMER) timestamp=11169 ms, used_size=3514368 bytes (8.6%)
(RDMA_READ_CONSUME_CHECK_CONSUMER) timestamp=11169 ms, used_size=3512320 bytes (8.6%)
(RDMA_READ_CONSUME_CHECK_CONSUMER) timestamp=11169 ms, used_size=3510272 bytes (8.6%)
(RDMA_READ_CONSUME_CHECK_CONSUMER) timestamp=11169 ms, used_size=3508224 bytes (8.6%)
(RDMA_READ_CONSUME_CHECK_CONSUMER) timestamp=11169 ms, used_size=3506176 bytes (8.6%)
(RDMA_READ_CONSUME_CHECK_CONSUMER) timestamp=11169 ms, used_size=3504128 bytes (8.6%)
(RDMA_READ_CONSUME_CHECK_CONSUMER) timestamp=11169 ms, used_size=3502080 bytes (8.6%)
(RDMA_READ_CONSUME_CHECK_CONSUMER) timestamp=11169 ms, used_size=3500032 bytes (8.5%)
(RDMA_READ_CONSUME_CHECK_CONSUMER) timestamp=11169 ms, used_size=3497984 bytes (8.5%)
(RDMA_READ_CONSUME_CHECK_CONSUMER) timestamp=11169 ms, used_size=3495936 bytes (8.5%)
(RDMA_READ_CONSUME_CHECK_CONSUMER) timestamp=11169 ms, used_size=3493888 bytes (8.5%)
(RDMA_READ_CONSUME_CHECK_CONSUMER) timestamp=11169 ms, used_size=3491840 bytes (8.5%)
(RDMA_READ_CONSUME_CHECK_CONSUMER) timestamp=11169 ms, used_size=3489792 bytes (8.5%)
(RDMA_READ_CONSUME_CHECK_CONSUMER) timestamp=11169 ms, used_size=3487744 bytes (8.5%)
(RDMA_READ_CONSUME_CHECK_CONSUMER) timestamp=11169 ms, used_size=3485696 bytes (8.5%)
(RDMA_READ_CONSUME_CHECK_CONSUMER) timestamp=11169 ms, used_size=3483648 bytes (8.5%)
(RDMA_READ_CONSUME_CHECK_CONSUMER) timestamp=11169 ms, used_size=3481600 bytes (8.5%)
(RDMA_READ_CONSUME_CHECK_CONSUMER) timestamp=11169 ms, used_size=3479552 bytes (8.5%)
(RDMA_READ_CONSUME_CHECK_CONSUMER) timestamp=11169 ms, used_size=3477504 bytes (8.5%)
(RDMA_READ_CONSUME_CHECK_CONSUMER) timestamp=11169 ms, used_size=3475456 bytes (8.5%)
(RDMA_READ_CONSUME_CHECK_CONSUMER) timestamp=11169 ms, used_size=3473408 bytes (8.5%)
(RDMA_READ_CONSUME_CHECK_CONSUMER) timestamp=11169 ms, used_size=3471360 bytes (8.5%)
(RDMA_READ_CONSUME_CHECK_CONSUMER) timestamp=11169 ms, used_size=3469312 bytes (8.5%)
(RDMA_READ_CONSUME_CHECK_CONSUMER) timestamp=11169 ms, used_size=3467264 bytes (8.5%)
(RDMA_READ_CONSUME_CHECK_CONSUMER) timestamp=11169 ms, used_size=3465216 bytes (8.5%)
(RDMA_READ_CONSUME_CHECK_CONSUMER) timestamp=11169 ms, used_size=3463168 bytes (8.5%)
(RDMA_READ_CONSUME_CHECK_CONSUMER) timestamp=11169 ms, used_size=3461120 bytes (8.4%)
(RDMA_READ_CONSUME_CHECK_CONSUMER) timestamp=11169 ms, used_size=3459072 bytes (8.4%)
(RDMA_READ_CONSUME_CHECK_CONSUMER) timestamp=11169 ms, used_size=3457024 bytes (8.4%)
(RDMA_READ_CONSUME_CHECK_CONSUMER) timestamp=11169 ms, used_size=3454976 bytes (8.4%)
(RDMA_READ_CONSUME_CHECK_CONSUMER) timestamp=11169 ms, used_size=3452928 bytes (8.4%)
(RDMA_READ_CONSUME_CHECK_CONSUMER) timestamp=11169 ms, used_size=3450880 bytes (8.4%)
(RDMA_READ_CONSUME_CHECK_CONSUMER) timestamp=11169 ms, used_size=3448832 bytes (8.4%)
(RDMA_READ_CONSUME_CHECK_CONSUMER) timestamp=11169 ms, used_size=3446784 bytes (8.4%)
(RDMA_READ_CONSUME_CHECK_CONSUMER) timestamp=11169 ms, used_size=3444736 bytes (8.4%)
(RDMA_READ_CONSUME_CHECK_CONSUMER) timestamp=11169 ms, used_size=3442688 bytes (8.4%)
(RDMA_READ_CONSUME_CHECK_CONSUMER) timestamp=11169 ms, used_size=3440640 bytes (8.4%)
(RDMA_READ_CONSUME_CHECK_CONSUMER) timestamp=11169 ms, used_size=3438592 bytes (8.4%)
(RDMA_READ_CONSUME_CHECK_CONSUMER) timestamp=11169 ms, used_size=3436544 bytes (8.4%)
(RDMA_READ_CONSUME_CHECK_CONSUMER) timestamp=11169 ms, used_size=3434496 bytes (8.4%)
(RDMA_READ_CONSUME_CHECK_CONSUMER) timestamp=11169 ms, used_size=3432448 bytes (8.4%)
(RDMA_READ_CONSUME_CHECK_CONSUMER) timestamp=11169 ms, used_size=3430400 bytes (8.4%)
(RDMA_READ_CONSUME_CHECK_CONSUMER) timestamp=11169 ms, used_size=3428352 bytes (8.4%)
(RDMA_READ_CONSUME_CHECK_CONSUMER) timestamp=11169 ms, used_size=3426304 bytes (8.4%)
(RDMA_READ_CONSUME_CHECK_CONSUMER) timestamp=11169 ms, used_size=3424256 bytes (8.4%)
(RDMA_READ_CONSUME_CHECK_CONSUMER) timestamp=11169 ms, used_size=3422208 bytes (8.4%)
(RDMA_READ_CONSUME_CHECK_CONSUMER) timestamp=11169 ms, used_size=3420160 bytes (8.3%)
(RDMA_READ_CONSUME_CHECK_CONSUMER) timestamp=11169 ms, used_size=3418112 bytes (8.3%)
(RDMA_READ_CONSUME_CHECK_CONSUMER) timestamp=11169 ms, used_size=3416064 bytes (8.3%)
(RDMA_READ_CONSUME_CHECK_CONSUMER) timestamp=11169 ms, used_size=3414016 bytes (8.3%)
(RDMA_READ_CONSUME_CHECK_CONSUMER) timestamp=11169 ms, used_size=3411968 bytes (8.3%)
(RDMA_READ_CONSUME_CHECK_CONSUMER) timestamp=11169 ms, used_size=3409920 bytes (8.3%)
(RDMA_READ_CONSUME_CHECK_CONSUMER) timestamp=11169 ms, used_size=3407872 bytes (8.3%)
(RDMA_READ_CONSUME_CHECK_CONSUMER) timestamp=11169 ms, used_size=3405824 bytes (8.3%)
(RDMA_READ_CONSUME_CHECK_CONSUMER) timestamp=11169 ms, used_size=3403776 bytes (8.3%)
(RDMA_READ_CONSUME_CHECK_CONSUMER) timestamp=11169 ms, used_size=3401728 bytes (8.3%)
(RDMA_READ_CONSUME_CHECK_CONSUMER) timestamp=11169 ms, used_size=3399680 bytes (8.3%)
(RDMA_READ_CONSUME_CHECK_CONSUMER) timestamp=11169 ms, used_size=3397632 bytes (8.3%)
(RDMA_READ_CONSUME_CHECK_CONSUMER) timestamp=11169 ms, used_size=3395584 bytes (8.3%)
(RDMA_READ_CONSUME_CHECK_CONSUMER) timestamp=11169 ms, used_size=3393536 bytes (8.3%)
(RDMA_READ_CONSUME_CHECK_CONSUMER) timestamp=11169 ms, used_size=3391488 bytes (8.3%)
(RDMA_READ_CONSUME_CHECK_CONSUMER) timestamp=11169 ms, used_size=3389440 bytes (8.3%)
(RDMA_READ_CONSUME_CHECK_CONSUMER) timestamp=11169 ms, used_size=3387392 bytes (8.3%)
(RDMA_READ_CONSUME_CHECK_CONSUMER) timestamp=11169 ms, used_size=3385344 bytes (8.3%)
(RDMA_READ_CONSUME_CHECK_CONSUMER) timestamp=11169 ms, used_size=3383296 bytes (8.3%)
(RDMA_READ_CONSUME_CHECK_CONSUMER) timestamp=11169 ms, used_size=3381248 bytes (8.3%)
(RDMA_READ_CONSUME_CHECK_CONSUMER) timestamp=11169 ms, used_size=3379200 bytes (8.2%)
(RDMA_READ_CONSUME_CHECK_CONSUMER) timestamp=11169 ms, used_size=3377152 bytes (8.2%)
(RDMA_READ_CONSUME_CHECK_CONSUMER) timestamp=11169 ms, used_size=3375104 bytes (8.2%)
(RDMA_READ_CONSUME_CHECK_CONSUMER) timestamp=11169 ms, used_size=3373056 bytes (8.2%)
(RDMA_READ_CONSUME_CHECK_CONSUMER) timestamp=11169 ms, used_size=3371008 bytes (8.2%)
(RDMA_READ_CONSUME_CHECK_CONSUMER) timestamp=11169 ms, used_size=3368960 bytes (8.2%)
(RDMA_READ_CONSUME_CHECK_CONSUMER) timestamp=11169 ms, used_size=3366912 bytes (8.2%)
(RDMA_READ_CONSUME_CHECK_CONSUMER) timestamp=11169 ms, used_size=3364864 bytes (8.2%)
(RDMA_READ_CONSUME_CHECK_CONSUMER) timestamp=11169 ms, used_size=3362816 bytes (8.2%)
(RDMA_READ_CONSUME_CHECK_CONSUMER) timestamp=11169 ms, used_size=3360768 bytes (8.2%)
(RDMA_READ_CONSUME_CHECK_CONSUMER) timestamp=11169 ms, used_size=3358720 bytes (8.2%)
(RDMA_READ_CONSUME_CHECK_CONSUMER) timestamp=11169 ms, used_size=3356672 bytes (8.2%)
(RDMA_READ_CONSUME_CHECK_CONSUMER) timestamp=11169 ms, used_size=3354624 bytes (8.2%)
(RDMA_READ_CONSUME_CHECK_CONSUMER) timestamp=11169 ms, used_size=3352576 bytes (8.2%)
(RDMA_READ_CONSUME_CHECK_CONSUMER) timestamp=11169 ms, used_size=3350528 bytes (8.2%)
(RDMA_READ_CONSUME_CHECK_CONSUMER) timestamp=11169 ms, used_size=3348480 bytes (8.2%)
(RDMA_READ_CONSUME_CHECK_CONSUMER) timestamp=11169 ms, used_size=3346432 bytes (8.2%)
(RDMA_READ_CONSUME_CHECK_CONSUMER) timestamp=11169 ms, used_size=3344384 bytes (8.2%)
(RDMA_READ_CONSUME_CHECK_CONSUMER) timestamp=11169 ms, used_size=3342336 bytes (8.2%)
(RDMA_READ_CONSUME_CHECK_CONSUMER) timestamp=11169 ms, used_size=3340288 bytes (8.2%)
(RDMA_READ_CONSUME_CHECK_CONSUMER) timestamp=11169 ms, used_size=3338240 bytes (8.2%)
(RDMA_READ_CONSUME_CHECK_CONSUMER) timestamp=11169 ms, used_size=3336192 bytes (8.1%)
(RDMA_READ_CONSUME_CHECK_CONSUMER) timestamp=11169 ms, used_size=3334144 bytes (8.1%)
(RDMA_READ_CONSUME_CHECK_CONSUMER) timestamp=11169 ms, used_size=3332096 bytes (8.1%)
(RDMA_READ_CONSUME_CHECK_CONSUMER) timestamp=11169 ms, used_size=3330048 bytes (8.1%)
(RDMA_READ_CONSUME_CHECK_CONSUMER) timestamp=11169 ms, used_size=3328000 bytes (8.1%)
(RDMA_READ_CONSUME_CHECK_CONSUMER) timestamp=11169 ms, used_size=3325952 bytes (8.1%)
(RDMA_READ_CONSUME_CHECK_CONSUMER) timestamp=11169 ms, used_size=3323904 bytes (8.1%)
(RDMA_READ_CONSUME_CHECK_CONSUMER) timestamp=11169 ms, used_size=3321856 bytes (8.1%)
(RDMA_READ_CONSUME_CHECK_CONSUMER) timestamp=11169 ms, used_size=3319808 bytes (8.1%)
(RDMA_READ_CONSUME_CHECK_CONSUMER) timestamp=11169 ms, used_size=3317760 bytes (8.1%)
(RDMA_READ_CONSUME_CHECK_CONSUMER) timestamp=11169 ms, used_size=3315712 bytes (8.1%)
(RDMA_READ_CONSUME_CHECK_CONSUMER) timestamp=11169 ms, used_size=3313664 bytes (8.1%)
(RDMA_READ_CONSUME_CHECK_CONSUMER) timestamp=11169 ms, used_size=3311616 bytes (8.1%)
(RDMA_READ_CONSUME_CHECK_CONSUMER) timestamp=11169 ms, used_size=3309568 bytes (8.1%)
(RDMA_READ_CONSUME_CHECK_CONSUMER) timestamp=11169 ms, used_size=3307520 bytes (8.1%)
(RDMA_READ_CONSUME_CHECK_CONSUMER) timestamp=11169 ms, used_size=3305472 bytes (8.1%)
(RDMA_READ_CONSUME_CHECK_CONSUMER) timestamp=11169 ms, used_size=3303424 bytes (8.1%)
(RDMA_READ_CONSUME_CHECK_CONSUMER) timestamp=11169 ms, used_size=3301376 bytes (8.1%)
(RDMA_READ_CONSUME_CHECK_CONSUMER) timestamp=11169 ms, used_size=3299328 bytes (8.1%)
(RDMA_READ_CONSUME_CHECK_CONSUMER) timestamp=11169 ms, used_size=3297280 bytes (8.1%)
(RDMA_READ_CONSUME_CHECK_CONSUMER) timestamp=11169 ms, used_size=3295232 bytes (8.0%)
(RDMA_READ_CONSUME_CHECK_CONSUMER) timestamp=11169 ms, used_size=3293184 bytes (8.0%)
(RDMA_READ_CONSUME_CHECK_CONSUMER) timestamp=11169 ms, used_size=3291136 bytes (8.0%)
(RDMA_READ_CONSUME_CHECK_CONSUMER) timestamp=11169 ms, used_size=3289088 bytes (8.0%)
(RDMA_READ_CONSUME_CHECK_CONSUMER) timestamp=11169 ms, used_size=3287040 bytes (8.0%)
(RDMA_READ_CONSUME_CHECK_CONSUMER) timestamp=11169 ms, used_size=3284992 bytes (8.0%)
(RDMA_READ_CONSUME_CHECK_CONSUMER) timestamp=11169 ms, used_size=3282944 bytes (8.0%)
(RDMA_READ_CONSUME_CHECK_CONSUMER) timestamp=11169 ms, used_size=3280896 bytes (8.0%)
(RDMA_READ_CONSUME_CHECK_CONSUMER) timestamp=11169 ms, used_size=3278848 bytes (8.0%)
(RDMA_READ_CONSUME_CHECK_CONSUMER) timestamp=11169 ms, used_size=3276800 bytes (8.0%)
(RDMA_READ_CONSUME_CHECK_CONSUMER) timestamp=11169 ms, used_size=3274752 bytes (8.0%)
(RDMA_READ_CONSUME_CHECK_CONSUMER) timestamp=11169 ms, used_size=3272704 bytes (8.0%)
(RDMA_READ_CONSUME_CHECK_CONSUMER) timestamp=11169 ms, used_size=3270656 bytes (8.0%)
(RDMA_READ_CONSUME_CHECK_CONSUMER) timestamp=11169 ms, used_size=3268608 bytes (8.0%)
(RDMA_READ_CONSUME_CHECK_CONSUMER) timestamp=11169 ms, used_size=3266560 bytes (8.0%)
(RDMA_READ_CONSUME_CHECK_CONSUMER) timestamp=11169 ms, used_size=3264512 bytes (8.0%)
(RDMA_READ_CONSUME_CHECK_CONSUMER) timestamp=11169 ms, used_size=3262464 bytes (8.0%)
(RDMA_READ_CONSUME_CHECK_CONSUMER) timestamp=11169 ms, used_size=3260416 bytes (8.0%)
(RDMA_READ_CONSUME_CHECK_CONSUMER) timestamp=11169 ms, used_size=3258368 bytes (8.0%)
(RDMA_READ_CONSUME_CHECK_CONSUMER) timestamp=11169 ms, used_size=3256320 bytes (8.0%)
(RDMA_READ_CONSUME_CHECK_CONSUMER) timestamp=11169 ms, used_size=3254272 bytes (7.9%)
(RDMA_READ_CONSUME_CHECK_CONSUMER) timestamp=11169 ms, used_size=3252224 bytes (7.9%)
(RDMA_READ_CONSUME_CHECK_CONSUMER) timestamp=11169 ms, used_size=3250176 bytes (7.9%)
(RDMA_READ_CONSUME_CHECK_CONSUMER) timestamp=11169 ms, used_size=3248128 bytes (7.9%)
(RDMA_READ_CONSUME_CHECK_CONSUMER) timestamp=11169 ms, used_size=3246080 bytes (7.9%)
(RDMA_READ_CONSUME_CHECK_CONSUMER) timestamp=11169 ms, used_size=3244032 bytes (7.9%)
(RDMA_READ_CONSUME_CHECK_CONSUMER) timestamp=11169 ms, used_size=3241984 bytes (7.9%)
(RDMA_READ_CONSUME_CHECK_CONSUMER) timestamp=11169 ms, used_size=3239936 bytes (7.9%)
(RDMA_READ_CONSUME_CHECK_CONSUMER) timestamp=11169 ms, used_size=3237888 bytes (7.9%)
(RDMA_READ_CONSUME_CHECK_CONSUMER) timestamp=11170 ms, used_size=3235840 bytes (7.9%)
(RDMA_READ_CONSUME_CHECK_CONSUMER) timestamp=11170 ms, used_size=3233792 bytes (7.9%)
(RDMA_READ_CONSUME_CHECK_CONSUMER) timestamp=11170 ms, used_size=3231744 bytes (7.9%)
(RDMA_READ_CONSUME_CHECK_CONSUMER) timestamp=11170 ms, used_size=3229696 bytes (7.9%)
(RDMA_READ_CONSUME_CHECK_CONSUMER) timestamp=11170 ms, used_size=3227648 bytes (7.9%)
(RDMA_READ_CONSUME_CHECK_CONSUMER) timestamp=11170 ms, used_size=3225600 bytes (7.9%)
(RDMA_READ_CONSUME_CHECK_CONSUMER) timestamp=11170 ms, used_size=3223552 bytes (7.9%)
(RDMA_READ_CONSUME_CHECK_CONSUMER) timestamp=11170 ms, used_size=3221504 bytes (7.9%)
(RDMA_READ_CONSUME_CHECK_CONSUMER) timestamp=11170 ms, used_size=3219456 bytes (7.9%)
(RDMA_READ_CONSUME_CHECK_CONSUMER) timestamp=11170 ms, used_size=3217408 bytes (7.9%)
(RDMA_READ_CONSUME_CHECK_CONSUMER) timestamp=11170 ms, used_size=3215360 bytes (7.8%)
(RDMA_READ_CONSUME_CHECK_CONSUMER) timestamp=11170 ms, used_size=3213312 bytes (7.8%)
(RDMA_READ_CONSUME_CHECK_CONSUMER) timestamp=11170 ms, used_size=3211264 bytes (7.8%)
(RDMA_READ_CONSUME_CHECK_CONSUMER) timestamp=11170 ms, used_size=3209216 bytes (7.8%)
(RDMA_READ_CONSUME_CHECK_CONSUMER) timestamp=11170 ms, used_size=3207168 bytes (7.8%)
(RDMA_READ_CONSUME_CHECK_CONSUMER) timestamp=11170 ms, used_size=3205120 bytes (7.8%)
(RDMA_READ_CONSUME_CHECK_CONSUMER) timestamp=11170 ms, used_size=3203072 bytes (7.8%)
(RDMA_READ_CONSUME_CHECK_CONSUMER) timestamp=11170 ms, used_size=3201024 bytes (7.8%)
(RDMA_READ_CONSUME_CHECK_CONSUMER) timestamp=11170 ms, used_size=3198976 bytes (7.8%)
(RDMA_READ_CONSUME_CHECK_CONSUMER) timestamp=11170 ms, used_size=3196928 bytes (7.8%)
(RDMA_READ_CONSUME_CHECK_CONSUMER) timestamp=11170 ms, used_size=3194880 bytes (7.8%)
(RDMA_READ_CONSUME_CHECK_CONSUMER) timestamp=11170 ms, used_size=3192832 bytes (7.8%)
(RDMA_READ_CONSUME_CHECK_CONSUMER) timestamp=11170 ms, used_size=3190784 bytes (7.8%)
(RDMA_READ_CONSUME_CHECK_CONSUMER) timestamp=11170 ms, used_size=3188736 bytes (7.8%)
(RDMA_READ_CONSUME_CHECK_CONSUMER) timestamp=11170 ms, used_size=3186688 bytes (7.8%)
(RDMA_READ_CONSUME_CHECK_CONSUMER) timestamp=11170 ms, used_size=3184640 bytes (7.8%)
(RDMA_READ_CONSUME_CHECK_CONSUMER) timestamp=11170 ms, used_size=3182592 bytes (7.8%)
(RDMA_READ_CONSUME_CHECK_CONSUMER) timestamp=11170 ms, used_size=3180544 bytes (7.8%)
(RDMA_READ_CONSUME_CHECK_CONSUMER) timestamp=11170 ms, used_size=3178496 bytes (7.8%)
(RDMA_READ_CONSUME_CHECK_CONSUMER) timestamp=11170 ms, used_size=3176448 bytes (7.8%)
(RDMA_READ_CONSUME_CHECK_CONSUMER) timestamp=11170 ms, used_size=3174400 bytes (7.8%)
(RDMA_READ_CONSUME_CHECK_CONSUMER) timestamp=11170 ms, used_size=3172352 bytes (7.7%)
(RDMA_READ_CONSUME_CHECK_CONSUMER) timestamp=11170 ms, used_size=3170304 bytes (7.7%)
(RDMA_READ_CONSUME_CHECK_CONSUMER) timestamp=11170 ms, used_size=3168256 bytes (7.7%)
(RDMA_READ_CONSUME_CHECK_CONSUMER) timestamp=11170 ms, used_size=3166208 bytes (7.7%)
(RDMA_READ_CONSUME_CHECK_CONSUMER) timestamp=11170 ms, used_size=3164160 bytes (7.7%)
(RDMA_READ_CONSUME_CHECK_CONSUMER) timestamp=11170 ms, used_size=3162112 bytes (7.7%)
(RDMA_READ_CONSUME_CHECK_CONSUMER) timestamp=11170 ms, used_size=3160064 bytes (7.7%)
(RDMA_READ_CONSUME_CHECK_CONSUMER) timestamp=11170 ms, used_size=3158016 bytes (7.7%)
(RDMA_READ_CONSUME_CHECK_CONSUMER) timestamp=11170 ms, used_size=3155968 bytes (7.7%)
(RDMA_READ_CONSUME_CHECK_CONSUMER) timestamp=11170 ms, used_size=3153920 bytes (7.7%)
(RDMA_READ_CONSUME_CHECK_CONSUMER) timestamp=11170 ms, used_size=3151872 bytes (7.7%)
(RDMA_READ_CONSUME_CHECK_CONSUMER) timestamp=11170 ms, used_size=3149824 bytes (7.7%)
(RDMA_READ_CONSUME_CHECK_CONSUMER) timestamp=11170 ms, used_size=3147776 bytes (7.7%)
(RDMA_READ_CONSUME_CHECK_CONSUMER) timestamp=11170 ms, used_size=3145728 bytes (7.7%)
(RDMA_READ_CONSUME_CHECK_CONSUMER) timestamp=11170 ms, used_size=3143680 bytes (7.7%)
(RDMA_READ_CONSUME_CHECK_CONSUMER) timestamp=11170 ms, used_size=3141632 bytes (7.7%)
(RDMA_READ_CONSUME_CHECK_CONSUMER) timestamp=11170 ms, used_size=3139584 bytes (7.7%)
(RDMA_READ_CONSUME_CHECK_CONSUMER) timestamp=11170 ms, used_size=3137536 bytes (7.7%)
(RDMA_READ_CONSUME_CHECK_CONSUMER) timestamp=11170 ms, used_size=3135488 bytes (7.7%)
(RDMA_READ_CONSUME_CHECK_CONSUMER) timestamp=11170 ms, used_size=3133440 bytes (7.7%)
(RDMA_READ_CONSUME_CHECK_CONSUMER) timestamp=11170 ms, used_size=3131392 bytes (7.6%)
(RDMA_READ_CONSUME_CHECK_CONSUMER) timestamp=11170 ms, used_size=3129344 bytes (7.6%)
(RDMA_READ_CONSUME_CHECK_CONSUMER) timestamp=11170 ms, used_size=3127296 bytes (7.6%)
(RDMA_READ_CONSUME_CHECK_CONSUMER) timestamp=11170 ms, used_size=3125248 bytes (7.6%)
(RDMA_READ_CONSUME_CHECK_CONSUMER) timestamp=11170 ms, used_size=3123200 bytes (7.6%)
(RDMA_READ_CONSUME_CHECK_CONSUMER) timestamp=11170 ms, used_size=3121152 bytes (7.6%)
(RDMA_READ_CONSUME_CHECK_CONSUMER) timestamp=11170 ms, used_size=3119104 bytes (7.6%)
(RDMA_READ_CONSUME_CHECK_CONSUMER) timestamp=11170 ms, used_size=3117056 bytes (7.6%)
(RDMA_READ_CONSUME_CHECK_CONSUMER) timestamp=11170 ms, used_size=3115008 bytes (7.6%)
(RDMA_READ_CONSUME_CHECK_CONSUMER) timestamp=11170 ms, used_size=3112960 bytes (7.6%)
(RDMA_READ_CONSUME_CHECK_CONSUMER) timestamp=11170 ms, used_size=3110912 bytes (7.6%)
(RDMA_READ_CONSUME_CHECK_CONSUMER) timestamp=11170 ms, used_size=3108864 bytes (7.6%)
(RDMA_READ_CONSUME_CHECK_CONSUMER) timestamp=11170 ms, used_size=3106816 bytes (7.6%)
(RDMA_READ_CONSUME_CHECK_CONSUMER) timestamp=11170 ms, used_size=3104768 bytes (7.6%)
(RDMA_READ_CONSUME_CHECK_CONSUMER) timestamp=11170 ms, used_size=3102720 bytes (7.6%)
(RDMA_READ_CONSUME_CHECK_CONSUMER) timestamp=11170 ms, used_size=3100672 bytes (7.6%)
(RDMA_READ_CONSUME_CHECK_CONSUMER) timestamp=11170 ms, used_size=3098624 bytes (7.6%)
(RDMA_READ_CONSUME_CHECK_CONSUMER) timestamp=11170 ms, used_size=3096576 bytes (7.6%)
(RDMA_READ_CONSUME_CHECK_CONSUMER) timestamp=11170 ms, used_size=3094528 bytes (7.6%)
(RDMA_READ_CONSUME_CHECK_CONSUMER) timestamp=11170 ms, used_size=3092480 bytes (7.5%)
(RDMA_READ_CONSUME_CHECK_CONSUMER) timestamp=11170 ms, used_size=3090432 bytes (7.5%)
(RDMA_READ_CONSUME_CHECK_CONSUMER) timestamp=11170 ms, used_size=3088384 bytes (7.5%)
(RDMA_READ_CONSUME_CHECK_CONSUMER) timestamp=11170 ms, used_size=3086336 bytes (7.5%)
(RDMA_READ_CONSUME_CHECK_CONSUMER) timestamp=11170 ms, used_size=3084288 bytes (7.5%)
(RDMA_READ_CONSUME_CHECK_CONSUMER) timestamp=11170 ms, used_size=3082240 bytes (7.5%)
(RDMA_READ_CONSUME_CHECK_CONSUMER) timestamp=11170 ms, used_size=3080192 bytes (7.5%)
(RDMA_READ_CONSUME_CHECK_CONSUMER) timestamp=11170 ms, used_size=3078144 bytes (7.5%)
(RDMA_READ_CONSUME_CHECK_CONSUMER) timestamp=11170 ms, used_size=3076096 bytes (7.5%)
(RDMA_READ_CONSUME_CHECK_CONSUMER) timestamp=11170 ms, used_size=3074048 bytes (7.5%)
(RDMA_READ_CONSUME_CHECK_CONSUMER) timestamp=11170 ms, used_size=3072000 bytes (7.5%)
(RDMA_READ_CONSUME_CHECK_CONSUMER) timestamp=11170 ms, used_size=3069952 bytes (7.5%)
(RDMA_READ_CONSUME_CHECK_CONSUMER) timestamp=11170 ms, used_size=3067904 bytes (7.5%)
(RDMA_READ_CONSUME_CHECK_CONSUMER) timestamp=11170 ms, used_size=3065856 bytes (7.5%)
(RDMA_READ_CONSUME_CHECK_CONSUMER) timestamp=11170 ms, used_size=3063808 bytes (7.5%)
(RDMA_READ_CONSUME_CHECK_CONSUMER) timestamp=11170 ms, used_size=3061760 bytes (7.5%)
(RDMA_READ_CONSUME_CHECK_CONSUMER) timestamp=11170 ms, used_size=3059712 bytes (7.5%)
(RDMA_READ_CONSUME_CHECK_CONSUMER) timestamp=11170 ms, used_size=3057664 bytes (7.5%)
(RDMA_READ_CONSUME_CHECK_CONSUMER) timestamp=11170 ms, used_size=3055616 bytes (7.5%)
(RDMA_READ_CONSUME_CHECK_CONSUMER) timestamp=11170 ms, used_size=3053568 bytes (7.5%)
(RDMA_READ_CONSUME_CHECK_CONSUMER) timestamp=11170 ms, used_size=3051520 bytes (7.5%)
(RDMA_READ_CONSUME_CHECK_CONSUMER) timestamp=11170 ms, used_size=3049472 bytes (7.4%)
(RDMA_READ_CONSUME_CHECK_CONSUMER) timestamp=11170 ms, used_size=3047424 bytes (7.4%)
(RDMA_READ_CONSUME_CHECK_CONSUMER) timestamp=11170 ms, used_size=3045376 bytes (7.4%)
(RDMA_READ_CONSUME_CHECK_CONSUMER) timestamp=11170 ms, used_size=3043328 bytes (7.4%)
(RDMA_READ_CONSUME_CHECK_CONSUMER) timestamp=11170 ms, used_size=3041280 bytes (7.4%)
(RDMA_READ_CONSUME_CHECK_CONSUMER) timestamp=11170 ms, used_size=3039232 bytes (7.4%)
(RDMA_READ_CONSUME_CHECK_CONSUMER) timestamp=11170 ms, used_size=3037184 bytes (7.4%)
(RDMA_READ_CONSUME_CHECK_CONSUMER) timestamp=11170 ms, used_size=3035136 bytes (7.4%)
(RDMA_READ_CONSUME_CHECK_CONSUMER) timestamp=11170 ms, used_size=3033088 bytes (7.4%)
(RDMA_READ_CONSUME_CHECK_CONSUMER) timestamp=11170 ms, used_size=3031040 bytes (7.4%)
(RDMA_READ_CONSUME_CHECK_CONSUMER) timestamp=11170 ms, used_size=3028992 bytes (7.4%)
(RDMA_READ_CONSUME_CHECK_CONSUMER) timestamp=11170 ms, used_size=3026944 bytes (7.4%)
(RDMA_READ_CONSUME_CHECK_CONSUMER) timestamp=11170 ms, used_size=3024896 bytes (7.4%)
(RDMA_READ_CONSUME_CHECK_CONSUMER) timestamp=11170 ms, used_size=3022848 bytes (7.4%)
(RDMA_READ_CONSUME_CHECK_CONSUMER) timestamp=11170 ms, used_size=3020800 bytes (7.4%)
(RDMA_READ_CONSUME_CHECK_CONSUMER) timestamp=11170 ms, used_size=3018752 bytes (7.4%)
(RDMA_READ_CONSUME_CHECK_CONSUMER) timestamp=11170 ms, used_size=3016704 bytes (7.4%)
(RDMA_READ_CONSUME_CHECK_CONSUMER) timestamp=11170 ms, used_size=3014656 bytes (7.4%)
(RDMA_READ_CONSUME_CHECK_CONSUMER) timestamp=11170 ms, used_size=3012608 bytes (7.4%)
(RDMA_READ_CONSUME_CHECK_CONSUMER) timestamp=11170 ms, used_size=3010560 bytes (7.3%)
(RDMA_READ_CONSUME_CHECK_CONSUMER) timestamp=11170 ms, used_size=3008512 bytes (7.3%)
(RDMA_READ_CONSUME_CHECK_CONSUMER) timestamp=11170 ms, used_size=3006464 bytes (7.3%)
(RDMA_READ_CONSUME_CHECK_CONSUMER) timestamp=11170 ms, used_size=3004416 bytes (7.3%)
(RDMA_READ_CONSUME_CHECK_CONSUMER) timestamp=11170 ms, used_size=3002368 bytes (7.3%)
(RDMA_READ_CONSUME_CHECK_CONSUMER) timestamp=11170 ms, used_size=3000320 bytes (7.3%)
(RDMA_READ_CONSUME_CHECK_CONSUMER) timestamp=11170 ms, used_size=2998272 bytes (7.3%)
(RDMA_READ_CONSUME_CHECK_CONSUMER) timestamp=11170 ms, used_size=2996224 bytes (7.3%)
(RDMA_READ_CONSUME_CHECK_CONSUMER) timestamp=11170 ms, used_size=2994176 bytes (7.3%)
(RDMA_READ_CONSUME_CHECK_CONSUMER) timestamp=11170 ms, used_size=2992128 bytes (7.3%)
(RDMA_READ_CONSUME_CHECK_CONSUMER) timestamp=11170 ms, used_size=2990080 bytes (7.3%)
(RDMA_READ_CONSUME_CHECK_CONSUMER) timestamp=11170 ms, used_size=2988032 bytes (7.3%)
(RDMA_READ_CONSUME_CHECK_CONSUMER) timestamp=11170 ms, used_size=2985984 bytes (7.3%)
(RDMA_READ_CONSUME_CHECK_CONSUMER) timestamp=11170 ms, used_size=2983936 bytes (7.3%)
(RDMA_READ_CONSUME_CHECK_CONSUMER) timestamp=11170 ms, used_size=2981888 bytes (7.3%)
(RDMA_READ_CONSUME_CHECK_CONSUMER) timestamp=11170 ms, used_size=2979840 bytes (7.3%)
(RDMA_READ_CONSUME_CHECK_CONSUMER) timestamp=11170 ms, used_size=2977792 bytes (7.3%)
(RDMA_READ_CONSUME_CHECK_CONSUMER) timestamp=11170 ms, used_size=2975744 bytes (7.3%)
(RDMA_READ_CONSUME_CHECK_CONSUMER) timestamp=11170 ms, used_size=2973696 bytes (7.3%)
(RDMA_READ_CONSUME_CHECK_CONSUMER) timestamp=11170 ms, used_size=2971648 bytes (7.3%)
(RDMA_READ_CONSUME_CHECK_CONSUMER) timestamp=11170 ms, used_size=2969600 bytes (7.2%)
(RDMA_READ_CONSUME_CHECK_CONSUMER) timestamp=11170 ms, used_size=2967552 bytes (7.2%)
(RDMA_READ_CONSUME_CHECK_CONSUMER) timestamp=11170 ms, used_size=2965504 bytes (7.2%)
(RDMA_READ_CONSUME_CHECK_CONSUMER) timestamp=11170 ms, used_size=2963456 bytes (7.2%)
(RDMA_READ_CONSUME_CHECK_CONSUMER) timestamp=11170 ms, used_size=2961408 bytes (7.2%)
(RDMA_READ_CONSUME_CHECK_CONSUMER) timestamp=11170 ms, used_size=2959360 bytes (7.2%)
(RDMA_READ_CONSUME_CHECK_CONSUMER) timestamp=11170 ms, used_size=2957312 bytes (7.2%)
(RDMA_READ_CONSUME_CHECK_CONSUMER) timestamp=11170 ms, used_size=2955264 bytes (7.2%)
(RDMA_READ_CONSUME_CHECK_CONSUMER) timestamp=11170 ms, used_size=2953216 bytes (7.2%)
(RDMA_READ_CONSUME_CHECK_CONSUMER) timestamp=11170 ms, used_size=2951168 bytes (7.2%)
(RDMA_READ_CONSUME_CHECK_CONSUMER) timestamp=11170 ms, used_size=2949120 bytes (7.2%)
(RDMA_READ_CONSUME_CHECK_CONSUMER) timestamp=11170 ms, used_size=2947072 bytes (7.2%)
(RDMA_READ_CONSUME_CHECK_CONSUMER) timestamp=11170 ms, used_size=2945024 bytes (7.2%)
(RDMA_READ_CONSUME_CHECK_CONSUMER) timestamp=11170 ms, used_size=2942976 bytes (7.2%)
(RDMA_READ_CONSUME_CHECK_CONSUMER) timestamp=11170 ms, used_size=2940928 bytes (7.2%)
(RDMA_READ_CONSUME_CHECK_CONSUMER) timestamp=11170 ms, used_size=2938880 bytes (7.2%)
(RDMA_READ_CONSUME_CHECK_CONSUMER) timestamp=11170 ms, used_size=2936832 bytes (7.2%)
(RDMA_READ_CONSUME_CHECK_CONSUMER) timestamp=11170 ms, used_size=2934784 bytes (7.2%)
(RDMA_READ_CONSUME_CHECK_CONSUMER) timestamp=11170 ms, used_size=2932736 bytes (7.2%)
(RDMA_READ_CONSUME_CHECK_CONSUMER) timestamp=11170 ms, used_size=2930688 bytes (7.2%)
(RDMA_READ_CONSUME_CHECK_CONSUMER) timestamp=11170 ms, used_size=2928640 bytes (7.2%)
(RDMA_READ_CONSUME_CHECK_CONSUMER) timestamp=11170 ms, used_size=2926592 bytes (7.1%)
(RDMA_READ_CONSUME_CHECK_CONSUMER) timestamp=11170 ms, used_size=2924544 bytes (7.1%)
(RDMA_READ_CONSUME_CHECK_CONSUMER) timestamp=11170 ms, used_size=2922496 bytes (7.1%)
(RDMA_READ_CONSUME_CHECK_CONSUMER) timestamp=11170 ms, used_size=2920448 bytes (7.1%)
(RDMA_READ_CONSUME_CHECK_CONSUMER) timestamp=11170 ms, used_size=2918400 bytes (7.1%)
(RDMA_READ_CONSUME_CHECK_CONSUMER) timestamp=11170 ms, used_size=2916352 bytes (7.1%)
(RDMA_READ_CONSUME_CHECK_CONSUMER) timestamp=11170 ms, used_size=2914304 bytes (7.1%)
(RDMA_READ_CONSUME_CHECK_CONSUMER) timestamp=11170 ms, used_size=2912256 bytes (7.1%)
(RDMA_READ_CONSUME_CHECK_CONSUMER) timestamp=11170 ms, used_size=2910208 bytes (7.1%)
(RDMA_READ_CONSUME_CHECK_CONSUMER) timestamp=11170 ms, used_size=2908160 bytes (7.1%)
(RDMA_READ_CONSUME_CHECK_CONSUMER) timestamp=11170 ms, used_size=2906112 bytes (7.1%)
(RDMA_READ_CONSUME_CHECK_CONSUMER) timestamp=11170 ms, used_size=2904064 bytes (7.1%)
(RDMA_READ_CONSUME_CHECK_CONSUMER) timestamp=11170 ms, used_size=2902016 bytes (7.1%)
(RDMA_READ_CONSUME_CHECK_CONSUMER) timestamp=11170 ms, used_size=2899968 bytes (7.1%)
(RDMA_READ_CONSUME_CHECK_CONSUMER) timestamp=11170 ms, used_size=2897920 bytes (7.1%)
(RDMA_READ_CONSUME_CHECK_CONSUMER) timestamp=11170 ms, used_size=2895872 bytes (7.1%)
(RDMA_READ_CONSUME_CHECK_CONSUMER) timestamp=11170 ms, used_size=2893824 bytes (7.1%)
(RDMA_READ_CONSUME_CHECK_CONSUMER) timestamp=11170 ms, used_size=2891776 bytes (7.1%)
(RDMA_READ_CONSUME_CHECK_CONSUMER) timestamp=11170 ms, used_size=2889728 bytes (7.1%)
(RDMA_READ_CONSUME_CHECK_CONSUMER) timestamp=11170 ms, used_size=2887680 bytes (7.0%)
(RDMA_READ_CONSUME_CHECK_CONSUMER) timestamp=11170 ms, used_size=2885632 bytes (7.0%)
(RDMA_READ_CONSUME_CHECK_CONSUMER) timestamp=11170 ms, used_size=2883584 bytes (7.0%)
(RDMA_READ_CONSUME_CHECK_CONSUMER) timestamp=11170 ms, used_size=2881536 bytes (7.0%)
(RDMA_READ_CONSUME_CHECK_CONSUMER) timestamp=11170 ms, used_size=2879488 bytes (7.0%)
(RDMA_READ_CONSUME_CHECK_CONSUMER) timestamp=11170 ms, used_size=2877440 bytes (7.0%)
(RDMA_READ_CONSUME_CHECK_CONSUMER) timestamp=11170 ms, used_size=2875392 bytes (7.0%)
(RDMA_READ_CONSUME_CHECK_CONSUMER) timestamp=11171 ms, used_size=2873344 bytes (7.0%)
(RDMA_READ_CONSUME_CHECK_CONSUMER) timestamp=11171 ms, used_size=2871296 bytes (7.0%)
(RDMA_READ_CONSUME_CHECK_CONSUMER) timestamp=11171 ms, used_size=2869248 bytes (7.0%)
(RDMA_READ_CONSUME_CHECK_CONSUMER) timestamp=11171 ms, used_size=2867200 bytes (7.0%)
(RDMA_READ_CONSUME_CHECK_CONSUMER) timestamp=11171 ms, used_size=2865152 bytes (7.0%)
(RDMA_READ_CONSUME_CHECK_CONSUMER) timestamp=11171 ms, used_size=2863104 bytes (7.0%)
(RDMA_READ_CONSUME_CHECK_CONSUMER) timestamp=11171 ms, used_size=2861056 bytes (7.0%)
(RDMA_READ_CONSUME_CHECK_CONSUMER) timestamp=11171 ms, used_size=2859008 bytes (7.0%)
(RDMA_READ_CONSUME_CHECK_CONSUMER) timestamp=11171 ms, used_size=2856960 bytes (7.0%)
(RDMA_READ_CONSUME_CHECK_CONSUMER) timestamp=11171 ms, used_size=2854912 bytes (7.0%)
(RDMA_READ_CONSUME_CHECK_CONSUMER) timestamp=11171 ms, used_size=2852864 bytes (7.0%)
(RDMA_READ_CONSUME_CHECK_CONSUMER) timestamp=11171 ms, used_size=2850816 bytes (7.0%)
(RDMA_READ_CONSUME_CHECK_CONSUMER) timestamp=11171 ms, used_size=2848768 bytes (7.0%)
(RDMA_READ_CONSUME_CHECK_CONSUMER) timestamp=11171 ms, used_size=2846720 bytes (7.0%)
(RDMA_READ_CONSUME_CHECK_CONSUMER) timestamp=11171 ms, used_size=2844672 bytes (6.9%)
(RDMA_READ_CONSUME_CHECK_CONSUMER) timestamp=11171 ms, used_size=2842624 bytes (6.9%)
(RDMA_READ_CONSUME_CHECK_CONSUMER) timestamp=11171 ms, used_size=2840576 bytes (6.9%)
(RDMA_READ_CONSUME_CHECK_CONSUMER) timestamp=11171 ms, used_size=2838528 bytes (6.9%)
(RDMA_READ_CONSUME_CHECK_CONSUMER) timestamp=11171 ms, used_size=2836480 bytes (6.9%)
(RDMA_READ_CONSUME_CHECK_CONSUMER) timestamp=11171 ms, used_size=2834432 bytes (6.9%)
(RDMA_READ_CONSUME_CHECK_CONSUMER) timestamp=11171 ms, used_size=2832384 bytes (6.9%)
(RDMA_READ_CONSUME_CHECK_CONSUMER) timestamp=11171 ms, used_size=2830336 bytes (6.9%)
(RDMA_READ_CONSUME_CHECK_CONSUMER) timestamp=11171 ms, used_size=2828288 bytes (6.9%)
(RDMA_READ_CONSUME_CHECK_CONSUMER) timestamp=11171 ms, used_size=2826240 bytes (6.9%)
(RDMA_READ_CONSUME_CHECK_CONSUMER) timestamp=11171 ms, used_size=2824192 bytes (6.9%)
(RDMA_READ_CONSUME_CHECK_CONSUMER) timestamp=11171 ms, used_size=2822144 bytes (6.9%)
(RDMA_READ_CONSUME_CHECK_CONSUMER) timestamp=11171 ms, used_size=2820096 bytes (6.9%)
(RDMA_READ_CONSUME_CHECK_CONSUMER) timestamp=11171 ms, used_size=2818048 bytes (6.9%)
(RDMA_READ_CONSUME_CHECK_CONSUMER) timestamp=11171 ms, used_size=2816000 bytes (6.9%)
(RDMA_READ_CONSUME_CHECK_CONSUMER) timestamp=11171 ms, used_size=2813952 bytes (6.9%)
(RDMA_READ_CONSUME_CHECK_CONSUMER) timestamp=11171 ms, used_size=2811904 bytes (6.9%)
(RDMA_READ_CONSUME_CHECK_CONSUMER) timestamp=11171 ms, used_size=2809856 bytes (6.9%)
(RDMA_READ_CONSUME_CHECK_CONSUMER) timestamp=11171 ms, used_size=2807808 bytes (6.9%)
(RDMA_READ_CONSUME_CHECK_CONSUMER) timestamp=11171 ms, used_size=2805760 bytes (6.8%)
(RDMA_READ_CONSUME_CHECK_CONSUMER) timestamp=11171 ms, used_size=2803712 bytes (6.8%)
(RDMA_READ_CONSUME_CHECK_CONSUMER) timestamp=11171 ms, used_size=2801664 bytes (6.8%)
(RDMA_READ_CONSUME_CHECK_CONSUMER) timestamp=11171 ms, used_size=2799616 bytes (6.8%)
(RDMA_READ_CONSUME_CHECK_CONSUMER) timestamp=11171 ms, used_size=2797568 bytes (6.8%)
(RDMA_READ_CONSUME_CHECK_CONSUMER) timestamp=11171 ms, used_size=2795520 bytes (6.8%)
(RDMA_READ_CONSUME_CHECK_CONSUMER) timestamp=11171 ms, used_size=2793472 bytes (6.8%)
(RDMA_READ_CONSUME_CHECK_CONSUMER) timestamp=11171 ms, used_size=2791424 bytes (6.8%)
(RDMA_READ_CONSUME_CHECK_CONSUMER) timestamp=11171 ms, used_size=2789376 bytes (6.8%)
(RDMA_READ_CONSUME_CHECK_CONSUMER) timestamp=11171 ms, used_size=2787328 bytes (6.8%)
(RDMA_READ_CONSUME_CHECK_CONSUMER) timestamp=11171 ms, used_size=2785280 bytes (6.8%)
(RDMA_READ_CONSUME_CHECK_CONSUMER) timestamp=11171 ms, used_size=2783232 bytes (6.8%)
(RDMA_READ_CONSUME_CHECK_CONSUMER) timestamp=11171 ms, used_size=2781184 bytes (6.8%)
(RDMA_READ_CONSUME_CHECK_CONSUMER) timestamp=11171 ms, used_size=2779136 bytes (6.8%)
(RDMA_READ_CONSUME_CHECK_CONSUMER) timestamp=11171 ms, used_size=2777088 bytes (6.8%)
(RDMA_READ_CONSUME_CHECK_CONSUMER) timestamp=11171 ms, used_size=2775040 bytes (6.8%)
(RDMA_READ_CONSUME_CHECK_CONSUMER) timestamp=11171 ms, used_size=2772992 bytes (6.8%)
(RDMA_READ_CONSUME_CHECK_CONSUMER) timestamp=11171 ms, used_size=2770944 bytes (6.8%)
(RDMA_READ_CONSUME_CHECK_CONSUMER) timestamp=11171 ms, used_size=2768896 bytes (6.8%)
(RDMA_READ_CONSUME_CHECK_CONSUMER) timestamp=11171 ms, used_size=2766848 bytes (6.8%)
(RDMA_READ_CONSUME_CHECK_CONSUMER) timestamp=11171 ms, used_size=2764800 bytes (6.8%)
(RDMA_READ_CONSUME_CHECK_CONSUMER) timestamp=11171 ms, used_size=2762752 bytes (6.7%)
(RDMA_READ_CONSUME_CHECK_CONSUMER) timestamp=11171 ms, used_size=2760704 bytes (6.7%)
(RDMA_READ_CONSUME_CHECK_CONSUMER) timestamp=11171 ms, used_size=2758656 bytes (6.7%)
(RDMA_READ_CONSUME_CHECK_CONSUMER) timestamp=11171 ms, used_size=2756608 bytes (6.7%)
(RDMA_READ_CONSUME_CHECK_CONSUMER) timestamp=11171 ms, used_size=2754560 bytes (6.7%)
(RDMA_READ_CONSUME_CHECK_CONSUMER) timestamp=11171 ms, used_size=2752512 bytes (6.7%)
(RDMA_READ_CONSUME_CHECK_CONSUMER) timestamp=11171 ms, used_size=2750464 bytes (6.7%)
(RDMA_READ_CONSUME_CHECK_CONSUMER) timestamp=11171 ms, used_size=2748416 bytes (6.7%)
(RDMA_READ_CONSUME_CHECK_CONSUMER) timestamp=11171 ms, used_size=2746368 bytes (6.7%)
(RDMA_READ_CONSUME_CHECK_CONSUMER) timestamp=11171 ms, used_size=2744320 bytes (6.7%)
(RDMA_READ_CONSUME_CHECK_CONSUMER) timestamp=11171 ms, used_size=2742272 bytes (6.7%)
(RDMA_READ_CONSUME_CHECK_CONSUMER) timestamp=11171 ms, used_size=2740224 bytes (6.7%)
(RDMA_READ_CONSUME_CHECK_CONSUMER) timestamp=11171 ms, used_size=2738176 bytes (6.7%)
(RDMA_READ_CONSUME_CHECK_CONSUMER) timestamp=11171 ms, used_size=2736128 bytes (6.7%)
(RDMA_READ_CONSUME_CHECK_CONSUMER) timestamp=11171 ms, used_size=2734080 bytes (6.7%)
(RDMA_READ_CONSUME_CHECK_CONSUMER) timestamp=11171 ms, used_size=2732032 bytes (6.7%)
(RDMA_READ_CONSUME_CHECK_CONSUMER) timestamp=11171 ms, used_size=2729984 bytes (6.7%)
(RDMA_READ_CONSUME_CHECK_CONSUMER) timestamp=11171 ms, used_size=2727936 bytes (6.7%)
(RDMA_READ_CONSUME_CHECK_CONSUMER) timestamp=11171 ms, used_size=2725888 bytes (6.7%)
(RDMA_READ_CONSUME_CHECK_CONSUMER) timestamp=11171 ms, used_size=2723840 bytes (6.7%)
(RDMA_READ_CONSUME_CHECK_CONSUMER) timestamp=11171 ms, used_size=2721792 bytes (6.6%)
(RDMA_READ_CONSUME_CHECK_CONSUMER) timestamp=11171 ms, used_size=2719744 bytes (6.6%)
(RDMA_READ_CONSUME_CHECK_CONSUMER) timestamp=11171 ms, used_size=2717696 bytes (6.6%)
(RDMA_READ_CONSUME_CHECK_CONSUMER) timestamp=11171 ms, used_size=2715648 bytes (6.6%)
(RDMA_READ_CONSUME_CHECK_CONSUMER) timestamp=11171 ms, used_size=2713600 bytes (6.6%)
(RDMA_READ_CONSUME_CHECK_CONSUMER) timestamp=11171 ms, used_size=2711552 bytes (6.6%)
(RDMA_READ_CONSUME_CHECK_CONSUMER) timestamp=11171 ms, used_size=2709504 bytes (6.6%)
(RDMA_READ_CONSUME_CHECK_CONSUMER) timestamp=11171 ms, used_size=2707456 bytes (6.6%)
(RDMA_READ_CONSUME_CHECK_CONSUMER) timestamp=11171 ms, used_size=2705408 bytes (6.6%)
(RDMA_READ_CONSUME_CHECK_CONSUMER) timestamp=11171 ms, used_size=2703360 bytes (6.6%)
(RDMA_READ_CONSUME_CHECK_CONSUMER) timestamp=11171 ms, used_size=2701312 bytes (6.6%)
(RDMA_READ_CONSUME_CHECK_CONSUMER) timestamp=11171 ms, used_size=2699264 bytes (6.6%)
(RDMA_READ_CONSUME_CHECK_CONSUMER) timestamp=11171 ms, used_size=2697216 bytes (6.6%)
(RDMA_READ_CONSUME_CHECK_CONSUMER) timestamp=11171 ms, used_size=2695168 bytes (6.6%)
(RDMA_READ_CONSUME_CHECK_CONSUMER) timestamp=11171 ms, used_size=2693120 bytes (6.6%)
(RDMA_READ_CONSUME_CHECK_CONSUMER) timestamp=11171 ms, used_size=2691072 bytes (6.6%)
(RDMA_READ_CONSUME_CHECK_CONSUMER) timestamp=11171 ms, used_size=2689024 bytes (6.6%)
(RDMA_READ_CONSUME_CHECK_CONSUMER) timestamp=11171 ms, used_size=2686976 bytes (6.6%)
(RDMA_READ_CONSUME_CHECK_CONSUMER) timestamp=11171 ms, used_size=2684928 bytes (6.6%)
(RDMA_READ_CONSUME_CHECK_CONSUMER) timestamp=11171 ms, used_size=2682880 bytes (6.5%)
(RDMA_READ_CONSUME_CHECK_CONSUMER) timestamp=11171 ms, used_size=2680832 bytes (6.5%)
(RDMA_READ_CONSUME_CHECK_CONSUMER) timestamp=11171 ms, used_size=2678784 bytes (6.5%)
(RDMA_READ_CONSUME_CHECK_CONSUMER) timestamp=11171 ms, used_size=2676736 bytes (6.5%)
(RDMA_READ_CONSUME_CHECK_CONSUMER) timestamp=11171 ms, used_size=2674688 bytes (6.5%)
(RDMA_READ_CONSUME_CHECK_CONSUMER) timestamp=11171 ms, used_size=2672640 bytes (6.5%)
(RDMA_READ_CONSUME_CHECK_CONSUMER) timestamp=11171 ms, used_size=2670592 bytes (6.5%)
(RDMA_READ_CONSUME_CHECK_CONSUMER) timestamp=11171 ms, used_size=2668544 bytes (6.5%)
(RDMA_READ_CONSUME_CHECK_CONSUMER) timestamp=11171 ms, used_size=2666496 bytes (6.5%)
(RDMA_READ_CONSUME_CHECK_CONSUMER) timestamp=11171 ms, used_size=2664448 bytes (6.5%)
(RDMA_READ_CONSUME_CHECK_CONSUMER) timestamp=11171 ms, used_size=2662400 bytes (6.5%)
(RDMA_READ_CONSUME_CHECK_CONSUMER) timestamp=11171 ms, used_size=2660352 bytes (6.5%)
(RDMA_READ_CONSUME_CHECK_CONSUMER) timestamp=11171 ms, used_size=2658304 bytes (6.5%)
(RDMA_READ_CONSUME_CHECK_CONSUMER) timestamp=11171 ms, used_size=2656256 bytes (6.5%)
(RDMA_READ_CONSUME_CHECK_CONSUMER) timestamp=11171 ms, used_size=2654208 bytes (6.5%)
(RDMA_READ_CONSUME_CHECK_CONSUMER) timestamp=11171 ms, used_size=2652160 bytes (6.5%)
(RDMA_READ_CONSUME_CHECK_CONSUMER) timestamp=11171 ms, used_size=2650112 bytes (6.5%)
(RDMA_READ_CONSUME_CHECK_CONSUMER) timestamp=11171 ms, used_size=2648064 bytes (6.5%)
(RDMA_READ_CONSUME_CHECK_CONSUMER) timestamp=11171 ms, used_size=2646016 bytes (6.5%)
(RDMA_READ_CONSUME_CHECK_CONSUMER) timestamp=11171 ms, used_size=2643968 bytes (6.5%)
(RDMA_READ_CONSUME_CHECK_CONSUMER) timestamp=11171 ms, used_size=2641920 bytes (6.5%)
(RDMA_READ_CONSUME_CHECK_CONSUMER) timestamp=11171 ms, used_size=2639872 bytes (6.4%)
(RDMA_READ_CONSUME_CHECK_CONSUMER) timestamp=11171 ms, used_size=2637824 bytes (6.4%)
(RDMA_READ_CONSUME_CHECK_CONSUMER) timestamp=11171 ms, used_size=2635776 bytes (6.4%)
(RDMA_READ_CONSUME_CHECK_CONSUMER) timestamp=11171 ms, used_size=2633728 bytes (6.4%)
(RDMA_READ_CONSUME_CHECK_CONSUMER) timestamp=11171 ms, used_size=2631680 bytes (6.4%)
(RDMA_READ_CONSUME_CHECK_CONSUMER) timestamp=11171 ms, used_size=2629632 bytes (6.4%)
(RDMA_READ_CONSUME_CHECK_CONSUMER) timestamp=11171 ms, used_size=2627584 bytes (6.4%)
(RDMA_READ_CONSUME_CHECK_CONSUMER) timestamp=11171 ms, used_size=2625536 bytes (6.4%)
(RDMA_READ_CONSUME_CHECK_CONSUMER) timestamp=11171 ms, used_size=2623488 bytes (6.4%)
(RDMA_READ_CONSUME_CHECK_CONSUMER) timestamp=11171 ms, used_size=2621440 bytes (6.4%)
(RDMA_READ_CONSUME_CHECK_CONSUMER) timestamp=11171 ms, used_size=2619392 bytes (6.4%)
(RDMA_READ_CONSUME_CHECK_CONSUMER) timestamp=11171 ms, used_size=2617344 bytes (6.4%)
(RDMA_READ_CONSUME_CHECK_CONSUMER) timestamp=11171 ms, used_size=2615296 bytes (6.4%)
(RDMA_READ_CONSUME_CHECK_CONSUMER) timestamp=11171 ms, used_size=2613248 bytes (6.4%)
(RDMA_READ_CONSUME_CHECK_CONSUMER) timestamp=11171 ms, used_size=2611200 bytes (6.4%)
(RDMA_READ_CONSUME_CHECK_CONSUMER) timestamp=11171 ms, used_size=2609152 bytes (6.4%)
(RDMA_READ_CONSUME_CHECK_CONSUMER) timestamp=11171 ms, used_size=2607104 bytes (6.4%)
(RDMA_READ_CONSUME_CHECK_CONSUMER) timestamp=11171 ms, used_size=2605056 bytes (6.4%)
(RDMA_READ_CONSUME_CHECK_CONSUMER) timestamp=11171 ms, used_size=2603008 bytes (6.4%)
(RDMA_READ_CONSUME_CHECK_CONSUMER) timestamp=11171 ms, used_size=2600960 bytes (6.3%)
(RDMA_READ_CONSUME_CHECK_CONSUMER) timestamp=11171 ms, used_size=2598912 bytes (6.3%)
(RDMA_READ_CONSUME_CHECK_CONSUMER) timestamp=11171 ms, used_size=2596864 bytes (6.3%)
(RDMA_READ_CONSUME_CHECK_CONSUMER) timestamp=11171 ms, used_size=2594816 bytes (6.3%)
(RDMA_READ_CONSUME_CHECK_CONSUMER) timestamp=11171 ms, used_size=2592768 bytes (6.3%)
(RDMA_READ_CONSUME_CHECK_CONSUMER) timestamp=11171 ms, used_size=2590720 bytes (6.3%)
(RDMA_READ_CONSUME_CHECK_CONSUMER) timestamp=11171 ms, used_size=2588672 bytes (6.3%)
(RDMA_READ_CONSUME_CHECK_CONSUMER) timestamp=11171 ms, used_size=2586624 bytes (6.3%)
(RDMA_READ_CONSUME_CHECK_CONSUMER) timestamp=11171 ms, used_size=2584576 bytes (6.3%)
(RDMA_READ_CONSUME_CHECK_CONSUMER) timestamp=11171 ms, used_size=2582528 bytes (6.3%)
(RDMA_READ_CONSUME_CHECK_CONSUMER) timestamp=11171 ms, used_size=2580480 bytes (6.3%)
(RDMA_READ_CONSUME_CHECK_CONSUMER) timestamp=11171 ms, used_size=2578432 bytes (6.3%)
(RDMA_READ_CONSUME_CHECK_CONSUMER) timestamp=11171 ms, used_size=2576384 bytes (6.3%)
(RDMA_READ_CONSUME_CHECK_CONSUMER) timestamp=11171 ms, used_size=2574336 bytes (6.3%)
(RDMA_READ_CONSUME_CHECK_CONSUMER) timestamp=11171 ms, used_size=2572288 bytes (6.3%)
(RDMA_READ_CONSUME_CHECK_CONSUMER) timestamp=11171 ms, used_size=2570240 bytes (6.3%)
(RDMA_READ_CONSUME_CHECK_CONSUMER) timestamp=11171 ms, used_size=2568192 bytes (6.3%)
(RDMA_READ_CONSUME_CHECK_CONSUMER) timestamp=11171 ms, used_size=2566144 bytes (6.3%)
(RDMA_READ_CONSUME_CHECK_CONSUMER) timestamp=11171 ms, used_size=2564096 bytes (6.3%)
(RDMA_READ_CONSUME_CHECK_CONSUMER) timestamp=11171 ms, used_size=2562048 bytes (6.3%)
(RDMA_READ_CONSUME_CHECK_CONSUMER) timestamp=11171 ms, used_size=2560000 bytes (6.2%)
(RDMA_READ_CONSUME_CHECK_CONSUMER) timestamp=11171 ms, used_size=2557952 bytes (6.2%)
(RDMA_READ_CONSUME_CHECK_CONSUMER) timestamp=11171 ms, used_size=2555904 bytes (6.2%)
(RDMA_READ_CONSUME_CHECK_CONSUMER) timestamp=11171 ms, used_size=2553856 bytes (6.2%)
(RDMA_READ_CONSUME_CHECK_CONSUMER) timestamp=11171 ms, used_size=2551808 bytes (6.2%)
(RDMA_READ_CONSUME_CHECK_CONSUMER) timestamp=11171 ms, used_size=2549760 bytes (6.2%)
(RDMA_READ_CONSUME_CHECK_CONSUMER) timestamp=11171 ms, used_size=2547712 bytes (6.2%)
(RDMA_READ_CONSUME_CHECK_CONSUMER) timestamp=11171 ms, used_size=2545664 bytes (6.2%)
(RDMA_READ_CONSUME_CHECK_CONSUMER) timestamp=11171 ms, used_size=2543616 bytes (6.2%)
(RDMA_READ_CONSUME_CHECK_CONSUMER) timestamp=11171 ms, used_size=2541568 bytes (6.2%)
(RDMA_READ_CONSUME_CHECK_CONSUMER) timestamp=11171 ms, used_size=2539520 bytes (6.2%)
(RDMA_READ_CONSUME_CHECK_CONSUMER) timestamp=11171 ms, used_size=2537472 bytes (6.2%)
(RDMA_READ_CONSUME_CHECK_CONSUMER) timestamp=11171 ms, used_size=2535424 bytes (6.2%)
(RDMA_READ_CONSUME_CHECK_CONSUMER) timestamp=11171 ms, used_size=2533376 bytes (6.2%)
(RDMA_READ_CONSUME_CHECK_CONSUMER) timestamp=11171 ms, used_size=2531328 bytes (6.2%)
(RDMA_READ_CONSUME_CHECK_CONSUMER) timestamp=11171 ms, used_size=2529280 bytes (6.2%)
(RDMA_READ_CONSUME_CHECK_CONSUMER) timestamp=11171 ms, used_size=2527232 bytes (6.2%)
(RDMA_READ_CONSUME_CHECK_CONSUMER) timestamp=11171 ms, used_size=2525184 bytes (6.2%)
(RDMA_READ_CONSUME_CHECK_CONSUMER) timestamp=11171 ms, used_size=2523136 bytes (6.2%)
(RDMA_READ_CONSUME_CHECK_CONSUMER) timestamp=11171 ms, used_size=2521088 bytes (6.2%)
(RDMA_READ_CONSUME_CHECK_CONSUMER) timestamp=11171 ms, used_size=2519040 bytes (6.2%)
(RDMA_READ_CONSUME_CHECK_CONSUMER) timestamp=11172 ms, used_size=2516992 bytes (6.1%)
(RDMA_READ_CONSUME_CHECK_CONSUMER) timestamp=11172 ms, used_size=2514944 bytes (6.1%)
(RDMA_READ_CONSUME_CHECK_CONSUMER) timestamp=11172 ms, used_size=2512896 bytes (6.1%)
(RDMA_READ_CONSUME_CHECK_CONSUMER) timestamp=11172 ms, used_size=2510848 bytes (6.1%)
(RDMA_READ_CONSUME_CHECK_CONSUMER) timestamp=11172 ms, used_size=2508800 bytes (6.1%)
(RDMA_READ_CONSUME_CHECK_CONSUMER) timestamp=11172 ms, used_size=2506752 bytes (6.1%)
(RDMA_READ_CONSUME_CHECK_CONSUMER) timestamp=11172 ms, used_size=2504704 bytes (6.1%)
(RDMA_READ_CONSUME_CHECK_CONSUMER) timestamp=11172 ms, used_size=2502656 bytes (6.1%)
(RDMA_READ_CONSUME_CHECK_CONSUMER) timestamp=11172 ms, used_size=2500608 bytes (6.1%)
(RDMA_READ_CONSUME_CHECK_CONSUMER) timestamp=11172 ms, used_size=2498560 bytes (6.1%)
(RDMA_READ_CONSUME_CHECK_CONSUMER) timestamp=11172 ms, used_size=2496512 bytes (6.1%)
(RDMA_READ_CONSUME_CHECK_CONSUMER) timestamp=11172 ms, used_size=2494464 bytes (6.1%)
(RDMA_READ_CONSUME_CHECK_CONSUMER) timestamp=11172 ms, used_size=2492416 bytes (6.1%)
(RDMA_READ_CONSUME_CHECK_CONSUMER) timestamp=11172 ms, used_size=2490368 bytes (6.1%)
(RDMA_READ_CONSUME_CHECK_CONSUMER) timestamp=11172 ms, used_size=2488320 bytes (6.1%)
(RDMA_READ_CONSUME_CHECK_CONSUMER) timestamp=11172 ms, used_size=2486272 bytes (6.1%)
(RDMA_READ_CONSUME_CHECK_CONSUMER) timestamp=11172 ms, used_size=2484224 bytes (6.1%)
(RDMA_READ_CONSUME_CHECK_CONSUMER) timestamp=11172 ms, used_size=2482176 bytes (6.1%)
(RDMA_READ_CONSUME_CHECK_CONSUMER) timestamp=11172 ms, used_size=2480128 bytes (6.1%)
(RDMA_READ_CONSUME_CHECK_CONSUMER) timestamp=11172 ms, used_size=2478080 bytes (6.0%)
(RDMA_READ_CONSUME_CHECK_CONSUMER) timestamp=11172 ms, used_size=2476032 bytes (6.0%)
(RDMA_READ_CONSUME_CHECK_CONSUMER) timestamp=11172 ms, used_size=2473984 bytes (6.0%)
(RDMA_READ_CONSUME_CHECK_CONSUMER) timestamp=11172 ms, used_size=2471936 bytes (6.0%)
(RDMA_READ_CONSUME_CHECK_CONSUMER) timestamp=11172 ms, used_size=2469888 bytes (6.0%)
(RDMA_READ_CONSUME_CHECK_CONSUMER) timestamp=11172 ms, used_size=2467840 bytes (6.0%)
(RDMA_READ_CONSUME_CHECK_CONSUMER) timestamp=11172 ms, used_size=2465792 bytes (6.0%)
(RDMA_READ_CONSUME_CHECK_CONSUMER) timestamp=11172 ms, used_size=2463744 bytes (6.0%)
(RDMA_READ_CONSUME_CHECK_CONSUMER) timestamp=11172 ms, used_size=2461696 bytes (6.0%)
(RDMA_READ_CONSUME_CHECK_CONSUMER) timestamp=11172 ms, used_size=2459648 bytes (6.0%)
(RDMA_READ_CONSUME_CHECK_CONSUMER) timestamp=11172 ms, used_size=2457600 bytes (6.0%)
(RDMA_READ_CONSUME_CHECK_CONSUMER) timestamp=11172 ms, used_size=2455552 bytes (6.0%)
(RDMA_READ_CONSUME_CHECK_CONSUMER) timestamp=11172 ms, used_size=2453504 bytes (6.0%)
(RDMA_READ_CONSUME_CHECK_CONSUMER) timestamp=11172 ms, used_size=2451456 bytes (6.0%)
(RDMA_READ_CONSUME_CHECK_CONSUMER) timestamp=11172 ms, used_size=2449408 bytes (6.0%)
(RDMA_READ_CONSUME_CHECK_CONSUMER) timestamp=11172 ms, used_size=2447360 bytes (6.0%)
(RDMA_READ_CONSUME_CHECK_CONSUMER) timestamp=11172 ms, used_size=2445312 bytes (6.0%)
(RDMA_READ_CONSUME_CHECK_CONSUMER) timestamp=11172 ms, used_size=2443264 bytes (6.0%)
(RDMA_READ_CONSUME_CHECK_CONSUMER) timestamp=11172 ms, used_size=2441216 bytes (6.0%)
(RDMA_READ_CONSUME_CHECK_CONSUMER) timestamp=11172 ms, used_size=2439168 bytes (6.0%)
(RDMA_READ_CONSUME_CHECK_CONSUMER) timestamp=11172 ms, used_size=2437120 bytes (6.0%)
(RDMA_READ_CONSUME_CHECK_CONSUMER) timestamp=11172 ms, used_size=2435072 bytes (5.9%)
(RDMA_READ_CONSUME_CHECK_CONSUMER) timestamp=11172 ms, used_size=2433024 bytes (5.9%)
(RDMA_READ_CONSUME_CHECK_CONSUMER) timestamp=11172 ms, used_size=2430976 bytes (5.9%)
(RDMA_READ_CONSUME_CHECK_CONSUMER) timestamp=11172 ms, used_size=2428928 bytes (5.9%)
(RDMA_READ_CONSUME_CHECK_CONSUMER) timestamp=11172 ms, used_size=2426880 bytes (5.9%)
(RDMA_READ_CONSUME_CHECK_CONSUMER) timestamp=11172 ms, used_size=2424832 bytes (5.9%)
(RDMA_READ_CONSUME_CHECK_CONSUMER) timestamp=11172 ms, used_size=2422784 bytes (5.9%)
(RDMA_READ_CONSUME_CHECK_CONSUMER) timestamp=11172 ms, used_size=2420736 bytes (5.9%)
(RDMA_READ_CONSUME_CHECK_CONSUMER) timestamp=11172 ms, used_size=2418688 bytes (5.9%)
(RDMA_READ_CONSUME_CHECK_CONSUMER) timestamp=11172 ms, used_size=2416640 bytes (5.9%)
(RDMA_READ_CONSUME_CHECK_CONSUMER) timestamp=11172 ms, used_size=2414592 bytes (5.9%)
(RDMA_READ_CONSUME_CHECK_CONSUMER) timestamp=11172 ms, used_size=2412544 bytes (5.9%)
(RDMA_READ_CONSUME_CHECK_CONSUMER) timestamp=11172 ms, used_size=2410496 bytes (5.9%)
(RDMA_READ_CONSUME_CHECK_CONSUMER) timestamp=11172 ms, used_size=2408448 bytes (5.9%)
(RDMA_READ_CONSUME_CHECK_CONSUMER) timestamp=11172 ms, used_size=2406400 bytes (5.9%)
(RDMA_READ_CONSUME_CHECK_CONSUMER) timestamp=11172 ms, used_size=2404352 bytes (5.9%)
(RDMA_READ_CONSUME_CHECK_CONSUMER) timestamp=11172 ms, used_size=2402304 bytes (5.9%)
(RDMA_READ_CONSUME_CHECK_CONSUMER) timestamp=11172 ms, used_size=2400256 bytes (5.9%)
(RDMA_READ_CONSUME_CHECK_CONSUMER) timestamp=11172 ms, used_size=2398208 bytes (5.9%)
(RDMA_READ_CONSUME_CHECK_CONSUMER) timestamp=11172 ms, used_size=2396160 bytes (5.8%)
(RDMA_READ_CONSUME_CHECK_CONSUMER) timestamp=11172 ms, used_size=2394112 bytes (5.8%)
(RDMA_READ_CONSUME_CHECK_CONSUMER) timestamp=11172 ms, used_size=2392064 bytes (5.8%)
(RDMA_READ_CONSUME_CHECK_CONSUMER) timestamp=11172 ms, used_size=2390016 bytes (5.8%)
(RDMA_READ_CONSUME_CHECK_CONSUMER) timestamp=11172 ms, used_size=2387968 bytes (5.8%)
(RDMA_READ_CONSUME_CHECK_CONSUMER) timestamp=11172 ms, used_size=2385920 bytes (5.8%)
(RDMA_READ_CONSUME_CHECK_CONSUMER) timestamp=11172 ms, used_size=2383872 bytes (5.8%)
(RDMA_READ_CONSUME_CHECK_CONSUMER) timestamp=11172 ms, used_size=2381824 bytes (5.8%)
(RDMA_READ_CONSUME_CHECK_CONSUMER) timestamp=11172 ms, used_size=2379776 bytes (5.8%)
(RDMA_READ_CONSUME_CHECK_CONSUMER) timestamp=11172 ms, used_size=2377728 bytes (5.8%)
(RDMA_READ_CONSUME_CHECK_CONSUMER) timestamp=11172 ms, used_size=2375680 bytes (5.8%)
(RDMA_READ_CONSUME_CHECK_CONSUMER) timestamp=11172 ms, used_size=2373632 bytes (5.8%)
(RDMA_READ_CONSUME_CHECK_CONSUMER) timestamp=11172 ms, used_size=2371584 bytes (5.8%)
(RDMA_READ_CONSUME_CHECK_CONSUMER) timestamp=11172 ms, used_size=2369536 bytes (5.8%)
(RDMA_READ_CONSUME_CHECK_CONSUMER) timestamp=11172 ms, used_size=2367488 bytes (5.8%)
(RDMA_READ_CONSUME_CHECK_CONSUMER) timestamp=11172 ms, used_size=2365440 bytes (5.8%)
(RDMA_READ_CONSUME_CHECK_CONSUMER) timestamp=11172 ms, used_size=2363392 bytes (5.8%)
(RDMA_READ_CONSUME_CHECK_CONSUMER) timestamp=11172 ms, used_size=2361344 bytes (5.8%)
(RDMA_READ_CONSUME_CHECK_CONSUMER) timestamp=11172 ms, used_size=2359296 bytes (5.8%)
(RDMA_READ_CONSUME_CHECK_CONSUMER) timestamp=11172 ms, used_size=2357248 bytes (5.8%)
(RDMA_READ_CONSUME_CHECK_CONSUMER) timestamp=11172 ms, used_size=2355200 bytes (5.8%)
(RDMA_READ_CONSUME_CHECK_CONSUMER) timestamp=11172 ms, used_size=2353152 bytes (5.7%)
(RDMA_READ_CONSUME_CHECK_CONSUMER) timestamp=11172 ms, used_size=2351104 bytes (5.7%)
(RDMA_READ_CONSUME_CHECK_CONSUMER) timestamp=11172 ms, used_size=2349056 bytes (5.7%)
(RDMA_READ_CONSUME_CHECK_CONSUMER) timestamp=11172 ms, used_size=2347008 bytes (5.7%)
(RDMA_READ_CONSUME_CHECK_CONSUMER) timestamp=11172 ms, used_size=2344960 bytes (5.7%)
(RDMA_READ_CONSUME_CHECK_CONSUMER) timestamp=11172 ms, used_size=2342912 bytes (5.7%)
(RDMA_READ_CONSUME_CHECK_CONSUMER) timestamp=11172 ms, used_size=2340864 bytes (5.7%)
(RDMA_READ_CONSUME_CHECK_CONSUMER) timestamp=11172 ms, used_size=2338816 bytes (5.7%)
(RDMA_READ_CONSUME_CHECK_CONSUMER) timestamp=11172 ms, used_size=2336768 bytes (5.7%)
(RDMA_READ_CONSUME_CHECK_CONSUMER) timestamp=11172 ms, used_size=2334720 bytes (5.7%)
(RDMA_READ_CONSUME_CHECK_CONSUMER) timestamp=11172 ms, used_size=2332672 bytes (5.7%)
(RDMA_READ_CONSUME_CHECK_CONSUMER) timestamp=11172 ms, used_size=2330624 bytes (5.7%)
(RDMA_READ_CONSUME_CHECK_CONSUMER) timestamp=11172 ms, used_size=2328576 bytes (5.7%)
(RDMA_READ_CONSUME_CHECK_CONSUMER) timestamp=11172 ms, used_size=2326528 bytes (5.7%)
(RDMA_READ_CONSUME_CHECK_CONSUMER) timestamp=11172 ms, used_size=2324480 bytes (5.7%)
(RDMA_READ_CONSUME_CHECK_CONSUMER) timestamp=11172 ms, used_size=2322432 bytes (5.7%)
(RDMA_READ_CONSUME_CHECK_CONSUMER) timestamp=11172 ms, used_size=2320384 bytes (5.7%)
(RDMA_READ_CONSUME_CHECK_CONSUMER) timestamp=11172 ms, used_size=2318336 bytes (5.7%)
(RDMA_READ_CONSUME_CHECK_CONSUMER) timestamp=11172 ms, used_size=2316288 bytes (5.7%)
(RDMA_READ_CONSUME_CHECK_CONSUMER) timestamp=11172 ms, used_size=2314240 bytes (5.7%)
(RDMA_READ_CONSUME_CHECK_CONSUMER) timestamp=11172 ms, used_size=2312192 bytes (5.6%)
(RDMA_READ_CONSUME_CHECK_CONSUMER) timestamp=11172 ms, used_size=2310144 bytes (5.6%)
(RDMA_READ_CONSUME_CHECK_CONSUMER) timestamp=11172 ms, used_size=2308096 bytes (5.6%)
(RDMA_READ_CONSUME_CHECK_CONSUMER) timestamp=11172 ms, used_size=2306048 bytes (5.6%)
(RDMA_READ_CONSUME_CHECK_CONSUMER) timestamp=11172 ms, used_size=2304000 bytes (5.6%)
(RDMA_READ_CONSUME_CHECK_CONSUMER) timestamp=11172 ms, used_size=2301952 bytes (5.6%)
(RDMA_READ_CONSUME_CHECK_CONSUMER) timestamp=11172 ms, used_size=2299904 bytes (5.6%)
(RDMA_READ_CONSUME_CHECK_CONSUMER) timestamp=11172 ms, used_size=2297856 bytes (5.6%)
(RDMA_READ_CONSUME_CHECK_CONSUMER) timestamp=11172 ms, used_size=2295808 bytes (5.6%)
(RDMA_READ_CONSUME_CHECK_CONSUMER) timestamp=11172 ms, used_size=2293760 bytes (5.6%)
(RDMA_READ_CONSUME_CHECK_CONSUMER) timestamp=11172 ms, used_size=2291712 bytes (5.6%)
(RDMA_READ_CONSUME_CHECK_CONSUMER) timestamp=11172 ms, used_size=2289664 bytes (5.6%)
(RDMA_READ_CONSUME_CHECK_CONSUMER) timestamp=11172 ms, used_size=2287616 bytes (5.6%)
(RDMA_READ_CONSUME_CHECK_CONSUMER) timestamp=11172 ms, used_size=2285568 bytes (5.6%)
(RDMA_READ_CONSUME_CHECK_CONSUMER) timestamp=11172 ms, used_size=2283520 bytes (5.6%)
(RDMA_READ_CONSUME_CHECK_CONSUMER) timestamp=11172 ms, used_size=2281472 bytes (5.6%)
(RDMA_READ_CONSUME_CHECK_CONSUMER) timestamp=11172 ms, used_size=2279424 bytes (5.6%)
(RDMA_READ_CONSUME_CHECK_CONSUMER) timestamp=11172 ms, used_size=2277376 bytes (5.6%)
(RDMA_READ_CONSUME_CHECK_CONSUMER) timestamp=11172 ms, used_size=2275328 bytes (5.6%)
(RDMA_READ_CONSUME_CHECK_CONSUMER) timestamp=11172 ms, used_size=2273280 bytes (5.5%)
(RDMA_READ_CONSUME_CHECK_CONSUMER) timestamp=11172 ms, used_size=2271232 bytes (5.5%)
(RDMA_READ_CONSUME_CHECK_CONSUMER) timestamp=11172 ms, used_size=2269184 bytes (5.5%)
(RDMA_READ_CONSUME_CHECK_CONSUMER) timestamp=11172 ms, used_size=2267136 bytes (5.5%)
(RDMA_READ_CONSUME_CHECK_CONSUMER) timestamp=11172 ms, used_size=2265088 bytes (5.5%)
(RDMA_READ_CONSUME_CHECK_CONSUMER) timestamp=11172 ms, used_size=2263040 bytes (5.5%)
(RDMA_READ_CONSUME_CHECK_CONSUMER) timestamp=11172 ms, used_size=2260992 bytes (5.5%)
(RDMA_READ_CONSUME_CHECK_CONSUMER) timestamp=11172 ms, used_size=2258944 bytes (5.5%)
(RDMA_READ_CONSUME_CHECK_CONSUMER) timestamp=11172 ms, used_size=2256896 bytes (5.5%)
(RDMA_READ_CONSUME_CHECK_CONSUMER) timestamp=11172 ms, used_size=2254848 bytes (5.5%)
(RDMA_READ_CONSUME_CHECK_CONSUMER) timestamp=11172 ms, used_size=2252800 bytes (5.5%)
(RDMA_READ_CONSUME_CHECK_CONSUMER) timestamp=11172 ms, used_size=2250752 bytes (5.5%)
(RDMA_READ_CONSUME_CHECK_CONSUMER) timestamp=11172 ms, used_size=2248704 bytes (5.5%)
(RDMA_READ_CONSUME_CHECK_CONSUMER) timestamp=11172 ms, used_size=2246656 bytes (5.5%)
(RDMA_READ_CONSUME_CHECK_CONSUMER) timestamp=11172 ms, used_size=2244608 bytes (5.5%)
(RDMA_READ_CONSUME_CHECK_CONSUMER) timestamp=11172 ms, used_size=2242560 bytes (5.5%)
(RDMA_READ_CONSUME_CHECK_CONSUMER) timestamp=11172 ms, used_size=2240512 bytes (5.5%)
(RDMA_READ_CONSUME_CHECK_CONSUMER) timestamp=11172 ms, used_size=2238464 bytes (5.5%)
(RDMA_READ_CONSUME_CHECK_CONSUMER) timestamp=11172 ms, used_size=2236416 bytes (5.5%)
(RDMA_READ_CONSUME_CHECK_CONSUMER) timestamp=11172 ms, used_size=2234368 bytes (5.5%)
(RDMA_READ_CONSUME_CHECK_CONSUMER) timestamp=11172 ms, used_size=2232320 bytes (5.5%)
(RDMA_READ_CONSUME_CHECK_CONSUMER) timestamp=11172 ms, used_size=2230272 bytes (5.4%)
(RDMA_READ_CONSUME_CHECK_CONSUMER) timestamp=11172 ms, used_size=2228224 bytes (5.4%)
(RDMA_READ_CONSUME_CHECK_CONSUMER) timestamp=11172 ms, used_size=2226176 bytes (5.4%)
(RDMA_READ_CONSUME_CHECK_CONSUMER) timestamp=11172 ms, used_size=2224128 bytes (5.4%)
(RDMA_READ_CONSUME_CHECK_CONSUMER) timestamp=11172 ms, used_size=2222080 bytes (5.4%)
(RDMA_READ_CONSUME_CHECK_CONSUMER) timestamp=11172 ms, used_size=2220032 bytes (5.4%)
(RDMA_READ_CONSUME_CHECK_CONSUMER) timestamp=11172 ms, used_size=2217984 bytes (5.4%)
(RDMA_READ_CONSUME_CHECK_CONSUMER) timestamp=11172 ms, used_size=2215936 bytes (5.4%)
(RDMA_READ_CONSUME_CHECK_CONSUMER) timestamp=11172 ms, used_size=2213888 bytes (5.4%)
(RDMA_READ_CONSUME_CHECK_CONSUMER) timestamp=11172 ms, used_size=2211840 bytes (5.4%)
(RDMA_READ_CONSUME_CHECK_CONSUMER) timestamp=11172 ms, used_size=2209792 bytes (5.4%)
(RDMA_READ_CONSUME_CHECK_CONSUMER) timestamp=11172 ms, used_size=2207744 bytes (5.4%)
(RDMA_READ_CONSUME_CHECK_CONSUMER) timestamp=11172 ms, used_size=2205696 bytes (5.4%)
(RDMA_READ_CONSUME_CHECK_CONSUMER) timestamp=11172 ms, used_size=2203648 bytes (5.4%)
(RDMA_READ_CONSUME_CHECK_CONSUMER) timestamp=11172 ms, used_size=2201600 bytes (5.4%)
(RDMA_READ_CONSUME_CHECK_CONSUMER) timestamp=11172 ms, used_size=2199552 bytes (5.4%)
(RDMA_READ_CONSUME_CHECK_CONSUMER) timestamp=11172 ms, used_size=2197504 bytes (5.4%)
(RDMA_READ_CONSUME_CHECK_CONSUMER) timestamp=11172 ms, used_size=2195456 bytes (5.4%)
(RDMA_READ_CONSUME_CHECK_CONSUMER) timestamp=11172 ms, used_size=2193408 bytes (5.4%)
(RDMA_READ_CONSUME_CHECK_CONSUMER) timestamp=11172 ms, used_size=2191360 bytes (5.3%)
(RDMA_READ_CONSUME_CHECK_CONSUMER) timestamp=11172 ms, used_size=2189312 bytes (5.3%)
(RDMA_READ_CONSUME_CHECK_CONSUMER) timestamp=11172 ms, used_size=2187264 bytes (5.3%)
(RDMA_READ_CONSUME_CHECK_CONSUMER) timestamp=11172 ms, used_size=2185216 bytes (5.3%)
(RDMA_READ_CONSUME_CHECK_CONSUMER) timestamp=11172 ms, used_size=2183168 bytes (5.3%)
(RDMA_READ_CONSUME_CHECK_CONSUMER) timestamp=11172 ms, used_size=2181120 bytes (5.3%)
(RDMA_READ_CONSUME_CHECK_CONSUMER) timestamp=11172 ms, used_size=2179072 bytes (5.3%)
(RDMA_READ_CONSUME_CHECK_CONSUMER) timestamp=11172 ms, used_size=2177024 bytes (5.3%)
(RDMA_READ_CONSUME_CHECK_CONSUMER) timestamp=11172 ms, used_size=2174976 bytes (5.3%)
(RDMA_READ_CONSUME_CHECK_CONSUMER) timestamp=11172 ms, used_size=2172928 bytes (5.3%)
(RDMA_READ_CONSUME_CHECK_CONSUMER) timestamp=11172 ms, used_size=2170880 bytes (5.3%)
(RDMA_READ_CONSUME_CHECK_CONSUMER) timestamp=11172 ms, used_size=2168832 bytes (5.3%)
(RDMA_READ_CONSUME_CHECK_CONSUMER) timestamp=11172 ms, used_size=2166784 bytes (5.3%)
(RDMA_READ_CONSUME_CHECK_CONSUMER) timestamp=11172 ms, used_size=2164736 bytes (5.3%)
(RDMA_READ_CONSUME_CHECK_CONSUMER) timestamp=11173 ms, used_size=2162688 bytes (5.3%)
(RDMA_READ_CONSUME_CHECK_CONSUMER) timestamp=11173 ms, used_size=2160640 bytes (5.3%)
(RDMA_READ_CONSUME_CHECK_CONSUMER) timestamp=11173 ms, used_size=2158592 bytes (5.3%)
(RDMA_READ_CONSUME_CHECK_CONSUMER) timestamp=11173 ms, used_size=2156544 bytes (5.3%)
(RDMA_READ_CONSUME_CHECK_CONSUMER) timestamp=11173 ms, used_size=2154496 bytes (5.3%)
(RDMA_READ_CONSUME_CHECK_CONSUMER) timestamp=11173 ms, used_size=2152448 bytes (5.3%)
(RDMA_READ_CONSUME_CHECK_CONSUMER) timestamp=11173 ms, used_size=2150400 bytes (5.2%)
(RDMA_READ_CONSUME_CHECK_CONSUMER) timestamp=11173 ms, used_size=2148352 bytes (5.2%)
(RDMA_READ_CONSUME_CHECK_CONSUMER) timestamp=11173 ms, used_size=2146304 bytes (5.2%)
(RDMA_READ_CONSUME_CHECK_CONSUMER) timestamp=11173 ms, used_size=2144256 bytes (5.2%)
(RDMA_READ_CONSUME_CHECK_CONSUMER) timestamp=11173 ms, used_size=2142208 bytes (5.2%)
(RDMA_READ_CONSUME_CHECK_CONSUMER) timestamp=11173 ms, used_size=2140160 bytes (5.2%)
(RDMA_READ_CONSUME_CHECK_CONSUMER) timestamp=11173 ms, used_size=2138112 bytes (5.2%)
(RDMA_READ_CONSUME_CHECK_CONSUMER) timestamp=11173 ms, used_size=2136064 bytes (5.2%)
(RDMA_READ_CONSUME_CHECK_CONSUMER) timestamp=11173 ms, used_size=2134016 bytes (5.2%)
(RDMA_READ_CONSUME_CHECK_CONSUMER) timestamp=11173 ms, used_size=2131968 bytes (5.2%)
(RDMA_READ_CONSUME_CHECK_CONSUMER) timestamp=11173 ms, used_size=2129920 bytes (5.2%)
(RDMA_READ_CONSUME_CHECK_CONSUMER) timestamp=11173 ms, used_size=2127872 bytes (5.2%)
(RDMA_READ_CONSUME_CHECK_CONSUMER) timestamp=11173 ms, used_size=2125824 bytes (5.2%)
(RDMA_READ_CONSUME_CHECK_CONSUMER) timestamp=11173 ms, used_size=2123776 bytes (5.2%)
(RDMA_READ_CONSUME_CHECK_CONSUMER) timestamp=11173 ms, used_size=2121728 bytes (5.2%)
(RDMA_READ_CONSUME_CHECK_CONSUMER) timestamp=11173 ms, used_size=2119680 bytes (5.2%)
(RDMA_READ_CONSUME_CHECK_CONSUMER) timestamp=11173 ms, used_size=2117632 bytes (5.2%)
(RDMA_READ_CONSUME_CHECK_CONSUMER) timestamp=11173 ms, used_size=2115584 bytes (5.2%)
(RDMA_READ_CONSUME_CHECK_CONSUMER) timestamp=11173 ms, used_size=2113536 bytes (5.2%)
(RDMA_READ_CONSUME_CHECK_CONSUMER) timestamp=11173 ms, used_size=2111488 bytes (5.2%)
(RDMA_READ_CONSUME_CHECK_CONSUMER) timestamp=11173 ms, used_size=2109440 bytes (5.2%)
(RDMA_READ_CONSUME_CHECK_CONSUMER) timestamp=11173 ms, used_size=2107392 bytes (5.1%)
(RDMA_READ_CONSUME_CHECK_CONSUMER) timestamp=11173 ms, used_size=2105344 bytes (5.1%)
(RDMA_READ_CONSUME_CHECK_CONSUMER) timestamp=11173 ms, used_size=2103296 bytes (5.1%)
(RDMA_READ_CONSUME_CHECK_CONSUMER) timestamp=11173 ms, used_size=2101248 bytes (5.1%)
(RDMA_READ_CONSUME_CHECK_CONSUMER) timestamp=11173 ms, used_size=2099200 bytes (5.1%)
(RDMA_READ_CONSUME_CHECK_CONSUMER) timestamp=11173 ms, used_size=2097152 bytes (5.1%)
(RDMA_READ_CONSUME_CHECK_CONSUMER) timestamp=11173 ms, used_size=2095104 bytes (5.1%)
(RDMA_READ_CONSUME_CHECK_CONSUMER) timestamp=11173 ms, used_size=2093056 bytes (5.1%)
(RDMA_READ_CONSUME_CHECK_CONSUMER) timestamp=11173 ms, used_size=2091008 bytes (5.1%)
(RDMA_READ_CONSUME_CHECK_CONSUMER) timestamp=11173 ms, used_size=2088960 bytes (5.1%)
(RDMA_READ_CONSUME_CHECK_CONSUMER) timestamp=11173 ms, used_size=2086912 bytes (5.1%)
(RDMA_READ_CONSUME_CHECK_CONSUMER) timestamp=11173 ms, used_size=2084864 bytes (5.1%)
(RDMA_READ_CONSUME_CHECK_CONSUMER) timestamp=11173 ms, used_size=2082816 bytes (5.1%)
(RDMA_READ_CONSUME_CHECK_CONSUMER) timestamp=11173 ms, used_size=2080768 bytes (5.1%)
(RDMA_READ_CONSUME_CHECK_CONSUMER) timestamp=11173 ms, used_size=2078720 bytes (5.1%)
(RDMA_READ_CONSUME_CHECK_CONSUMER) timestamp=11173 ms, used_size=2076672 bytes (5.1%)
(RDMA_READ_CONSUME_CHECK_CONSUMER) timestamp=11173 ms, used_size=2074624 bytes (5.1%)
(RDMA_READ_CONSUME_CHECK_CONSUMER) timestamp=11173 ms, used_size=2072576 bytes (5.1%)
(RDMA_READ_CONSUME_CHECK_CONSUMER) timestamp=11173 ms, used_size=2070528 bytes (5.1%)
(RDMA_READ_CONSUME_CHECK_CONSUMER) timestamp=11173 ms, used_size=2068480 bytes (5.0%)
(RDMA_READ_CONSUME_CHECK_CONSUMER) timestamp=11173 ms, used_size=2066432 bytes (5.0%)
(RDMA_READ_CONSUME_CHECK_CONSUMER) timestamp=11173 ms, used_size=2064384 bytes (5.0%)
(RDMA_READ_CONSUME_CHECK_CONSUMER) timestamp=11173 ms, used_size=2062336 bytes (5.0%)
(RDMA_READ_CONSUME_CHECK_CONSUMER) timestamp=11173 ms, used_size=2060288 bytes (5.0%)
(RDMA_READ_CONSUME_CHECK_CONSUMER) timestamp=11173 ms, used_size=2058240 bytes (5.0%)
(RDMA_READ_CONSUME_CHECK_CONSUMER) timestamp=11173 ms, used_size=2056192 bytes (5.0%)
(RDMA_READ_CONSUME_CHECK_CONSUMER) timestamp=11173 ms, used_size=2054144 bytes (5.0%)
(RDMA_READ_CONSUME_CHECK_CONSUMER) timestamp=11173 ms, used_size=2052096 bytes (5.0%)
(RDMA_READ_CONSUME_CHECK_CONSUMER) timestamp=11173 ms, used_size=2050048 bytes (5.0%)
(RDMA_READ_CONSUME_CHECK_CONSUMER) timestamp=11173 ms, used_size=2048000 bytes (5.0%)
(RDMA_READ_CONSUME_CHECK_CONSUMER) timestamp=11173 ms, used_size=2045952 bytes (5.0%)
(RDMA_READ_CONSUME_CHECK_CONSUMER) timestamp=11173 ms, used_size=2043904 bytes (5.0%)
(RDMA_READ_CONSUME_CHECK_CONSUMER) timestamp=11173 ms, used_size=2041856 bytes (5.0%)
(RDMA_READ_CONSUME_CHECK_CONSUMER) timestamp=11173 ms, used_size=2039808 bytes (5.0%)
(RDMA_READ_CONSUME_CHECK_CONSUMER) timestamp=11173 ms, used_size=2037760 bytes (5.0%)
(RDMA_READ_CONSUME_CHECK_CONSUMER) timestamp=11173 ms, used_size=2035712 bytes (5.0%)
(RDMA_READ_CONSUME_CHECK_CONSUMER) timestamp=11173 ms, used_size=2033664 bytes (5.0%)
(RDMA_READ_CONSUME_CHECK_CONSUMER) timestamp=11173 ms, used_size=2031616 bytes (5.0%)
(RDMA_READ_CONSUME_CHECK_CONSUMER) timestamp=11173 ms, used_size=2029568 bytes (5.0%)
(RDMA_READ_CONSUME_CHECK_CONSUMER) timestamp=11173 ms, used_size=2027520 bytes (5.0%)
(RDMA_READ_CONSUME_CHECK_CONSUMER) timestamp=11173 ms, used_size=2025472 bytes (4.9%)
(RDMA_READ_CONSUME_CHECK_CONSUMER) timestamp=11173 ms, used_size=2023424 bytes (4.9%)
(RDMA_READ_CONSUME_CHECK_CONSUMER) timestamp=11173 ms, used_size=2021376 bytes (4.9%)
(RDMA_READ_CONSUME_CHECK_CONSUMER) timestamp=11173 ms, used_size=2019328 bytes (4.9%)
(RDMA_READ_CONSUME_CHECK_CONSUMER) timestamp=11173 ms, used_size=2017280 bytes (4.9%)
(RDMA_READ_CONSUME_CHECK_CONSUMER) timestamp=11173 ms, used_size=2015232 bytes (4.9%)
(RDMA_READ_CONSUME_CHECK_CONSUMER) timestamp=11173 ms, used_size=2013184 bytes (4.9%)
(RDMA_READ_CONSUME_CHECK_CONSUMER) timestamp=11173 ms, used_size=2011136 bytes (4.9%)
(RDMA_READ_CONSUME_CHECK_CONSUMER) timestamp=11173 ms, used_size=2009088 bytes (4.9%)
(RDMA_READ_CONSUME_CHECK_CONSUMER) timestamp=11173 ms, used_size=2007040 bytes (4.9%)
(RDMA_READ_CONSUME_CHECK_CONSUMER) timestamp=11173 ms, used_size=2004992 bytes (4.9%)
(RDMA_READ_CONSUME_CHECK_CONSUMER) timestamp=11173 ms, used_size=2002944 bytes (4.9%)
(RDMA_READ_CONSUME_CHECK_CONSUMER) timestamp=11173 ms, used_size=2000896 bytes (4.9%)
(RDMA_READ_CONSUME_CHECK_CONSUMER) timestamp=11173 ms, used_size=1998848 bytes (4.9%)
(RDMA_READ_CONSUME_CHECK_CONSUMER) timestamp=11173 ms, used_size=1996800 bytes (4.9%)
(RDMA_READ_CONSUME_CHECK_CONSUMER) timestamp=11173 ms, used_size=1994752 bytes (4.9%)
(RDMA_READ_CONSUME_CHECK_CONSUMER) timestamp=11173 ms, used_size=1992704 bytes (4.9%)
(RDMA_READ_CONSUME_CHECK_CONSUMER) timestamp=11173 ms, used_size=1990656 bytes (4.9%)
(RDMA_READ_CONSUME_CHECK_CONSUMER) timestamp=11173 ms, used_size=1988608 bytes (4.9%)
(RDMA_READ_CONSUME_CHECK_CONSUMER) timestamp=11173 ms, used_size=1986560 bytes (4.8%)
(RDMA_READ_CONSUME_CHECK_CONSUMER) timestamp=11173 ms, used_size=1984512 bytes (4.8%)
(RDMA_READ_CONSUME_CHECK_CONSUMER) timestamp=11173 ms, used_size=1982464 bytes (4.8%)
(RDMA_READ_CONSUME_CHECK_CONSUMER) timestamp=11173 ms, used_size=1980416 bytes (4.8%)
(RDMA_READ_CONSUME_CHECK_CONSUMER) timestamp=11173 ms, used_size=1978368 bytes (4.8%)
(RDMA_READ_CONSUME_CHECK_CONSUMER) timestamp=11173 ms, used_size=1976320 bytes (4.8%)
(RDMA_READ_CONSUME_CHECK_CONSUMER) timestamp=11173 ms, used_size=1974272 bytes (4.8%)
(RDMA_READ_CONSUME_CHECK_CONSUMER) timestamp=11173 ms, used_size=1972224 bytes (4.8%)
(RDMA_READ_CONSUME_CHECK_CONSUMER) timestamp=11173 ms, used_size=1970176 bytes (4.8%)
(RDMA_READ_CONSUME_CHECK_CONSUMER) timestamp=11173 ms, used_size=1968128 bytes (4.8%)
(RDMA_READ_CONSUME_CHECK_CONSUMER) timestamp=11173 ms, used_size=1966080 bytes (4.8%)
(RDMA_READ_CONSUME_CHECK_CONSUMER) timestamp=11173 ms, used_size=1964032 bytes (4.8%)
(RDMA_READ_CONSUME_CHECK_CONSUMER) timestamp=11173 ms, used_size=1961984 bytes (4.8%)
(RDMA_READ_CONSUME_CHECK_CONSUMER) timestamp=11173 ms, used_size=1959936 bytes (4.8%)
(RDMA_READ_CONSUME_CHECK_CONSUMER) timestamp=11173 ms, used_size=1957888 bytes (4.8%)
(RDMA_READ_CONSUME_CHECK_CONSUMER) timestamp=11173 ms, used_size=1955840 bytes (4.8%)
(RDMA_READ_CONSUME_CHECK_CONSUMER) timestamp=11173 ms, used_size=1953792 bytes (4.8%)
(RDMA_READ_CONSUME_CHECK_CONSUMER) timestamp=11173 ms, used_size=1951744 bytes (4.8%)
(RDMA_READ_CONSUME_CHECK_CONSUMER) timestamp=11173 ms, used_size=1949696 bytes (4.8%)
(RDMA_READ_CONSUME_CHECK_CONSUMER) timestamp=11173 ms, used_size=1947648 bytes (4.8%)
(RDMA_READ_CONSUME_CHECK_CONSUMER) timestamp=11173 ms, used_size=1945600 bytes (4.8%)
(RDMA_READ_CONSUME_CHECK_CONSUMER) timestamp=11173 ms, used_size=1943552 bytes (4.7%)
(RDMA_READ_CONSUME_CHECK_CONSUMER) timestamp=11173 ms, used_size=1941504 bytes (4.7%)
(RDMA_READ_CONSUME_CHECK_CONSUMER) timestamp=11173 ms, used_size=1939456 bytes (4.7%)
(RDMA_READ_CONSUME_CHECK_CONSUMER) timestamp=11173 ms, used_size=1937408 bytes (4.7%)
(RDMA_READ_CONSUME_CHECK_CONSUMER) timestamp=11173 ms, used_size=1935360 bytes (4.7%)
(RDMA_READ_CONSUME_CHECK_CONSUMER) timestamp=11173 ms, used_size=1933312 bytes (4.7%)
(RDMA_READ_CONSUME_CHECK_CONSUMER) timestamp=11173 ms, used_size=1931264 bytes (4.7%)
(RDMA_READ_CONSUME_CHECK_CONSUMER) timestamp=11173 ms, used_size=1929216 bytes (4.7%)
(RDMA_READ_CONSUME_CHECK_CONSUMER) timestamp=11173 ms, used_size=1927168 bytes (4.7%)
(RDMA_READ_CONSUME_CHECK_CONSUMER) timestamp=11173 ms, used_size=1925120 bytes (4.7%)
(RDMA_READ_CONSUME_CHECK_CONSUMER) timestamp=11173 ms, used_size=1923072 bytes (4.7%)
(RDMA_READ_CONSUME_CHECK_CONSUMER) timestamp=11173 ms, used_size=1921024 bytes (4.7%)
(RDMA_READ_CONSUME_CHECK_CONSUMER) timestamp=11173 ms, used_size=1918976 bytes (4.7%)
(RDMA_READ_CONSUME_CHECK_CONSUMER) timestamp=11173 ms, used_size=1916928 bytes (4.7%)
(RDMA_READ_CONSUME_CHECK_CONSUMER) timestamp=11173 ms, used_size=1914880 bytes (4.7%)
(RDMA_READ_CONSUME_CHECK_CONSUMER) timestamp=11173 ms, used_size=1912832 bytes (4.7%)
(RDMA_READ_CONSUME_CHECK_CONSUMER) timestamp=11173 ms, used_size=1910784 bytes (4.7%)
(RDMA_READ_CONSUME_CHECK_CONSUMER) timestamp=11173 ms, used_size=1908736 bytes (4.7%)
(RDMA_READ_CONSUME_CHECK_CONSUMER) timestamp=11173 ms, used_size=1906688 bytes (4.7%)
(RDMA_READ_CONSUME_CHECK_CONSUMER) timestamp=11173 ms, used_size=1904640 bytes (4.7%)
(RDMA_READ_CONSUME_CHECK_CONSUMER) timestamp=11173 ms, used_size=1902592 bytes (4.6%)
(RDMA_READ_CONSUME_CHECK_CONSUMER) timestamp=11173 ms, used_size=1900544 bytes (4.6%)
(RDMA_READ_CONSUME_CHECK_CONSUMER) timestamp=11173 ms, used_size=1898496 bytes (4.6%)
(RDMA_READ_CONSUME_CHECK_CONSUMER) timestamp=11173 ms, used_size=1896448 bytes (4.6%)
(RDMA_READ_CONSUME_CHECK_CONSUMER) timestamp=11173 ms, used_size=1894400 bytes (4.6%)
(RDMA_READ_CONSUME_CHECK_CONSUMER) timestamp=11173 ms, used_size=1892352 bytes (4.6%)
(RDMA_READ_CONSUME_CHECK_CONSUMER) timestamp=11173 ms, used_size=1890304 bytes (4.6%)
(RDMA_READ_CONSUME_CHECK_CONSUMER) timestamp=11173 ms, used_size=1888256 bytes (4.6%)
(RDMA_READ_CONSUME_CHECK_CONSUMER) timestamp=11173 ms, used_size=1886208 bytes (4.6%)
(RDMA_READ_CONSUME_CHECK_CONSUMER) timestamp=11173 ms, used_size=1884160 bytes (4.6%)
(RDMA_READ_CONSUME_CHECK_CONSUMER) timestamp=11173 ms, used_size=1882112 bytes (4.6%)
(RDMA_READ_CONSUME_CHECK_CONSUMER) timestamp=11173 ms, used_size=1880064 bytes (4.6%)
(RDMA_READ_CONSUME_CHECK_CONSUMER) timestamp=11173 ms, used_size=1878016 bytes (4.6%)
(RDMA_READ_CONSUME_CHECK_CONSUMER) timestamp=11173 ms, used_size=1875968 bytes (4.6%)
(RDMA_READ_CONSUME_CHECK_CONSUMER) timestamp=11173 ms, used_size=1873920 bytes (4.6%)
(RDMA_READ_CONSUME_CHECK_CONSUMER) timestamp=11173 ms, used_size=1871872 bytes (4.6%)
(RDMA_READ_CONSUME_CHECK_CONSUMER) timestamp=11173 ms, used_size=1869824 bytes (4.6%)
(RDMA_READ_CONSUME_CHECK_CONSUMER) timestamp=11173 ms, used_size=1867776 bytes (4.6%)
(RDMA_READ_CONSUME_CHECK_CONSUMER) timestamp=11173 ms, used_size=1865728 bytes (4.6%)
(RDMA_READ_CONSUME_CHECK_CONSUMER) timestamp=11173 ms, used_size=1863680 bytes (4.5%)
(RDMA_READ_CONSUME_CHECK_CONSUMER) timestamp=11173 ms, used_size=1861632 bytes (4.5%)
(RDMA_READ_CONSUME_CHECK_CONSUMER) timestamp=11173 ms, used_size=1859584 bytes (4.5%)
(RDMA_READ_CONSUME_CHECK_CONSUMER) timestamp=11173 ms, used_size=1857536 bytes (4.5%)
(RDMA_READ_CONSUME_CHECK_CONSUMER) timestamp=11173 ms, used_size=1855488 bytes (4.5%)
(RDMA_READ_CONSUME_CHECK_CONSUMER) timestamp=11173 ms, used_size=1853440 bytes (4.5%)
(RDMA_READ_CONSUME_CHECK_CONSUMER) timestamp=11173 ms, used_size=1851392 bytes (4.5%)
(RDMA_READ_CONSUME_CHECK_CONSUMER) timestamp=11173 ms, used_size=1849344 bytes (4.5%)
(RDMA_READ_CONSUME_CHECK_CONSUMER) timestamp=11173 ms, used_size=1847296 bytes (4.5%)
(RDMA_READ_CONSUME_CHECK_CONSUMER) timestamp=11173 ms, used_size=1845248 bytes (4.5%)
(RDMA_READ_CONSUME_CHECK_CONSUMER) timestamp=11173 ms, used_size=1843200 bytes (4.5%)
(RDMA_READ_CONSUME_CHECK_CONSUMER) timestamp=11173 ms, used_size=1841152 bytes (4.5%)
(RDMA_READ_CONSUME_CHECK_CONSUMER) timestamp=11173 ms, used_size=1839104 bytes (4.5%)
(RDMA_READ_CONSUME_CHECK_CONSUMER) timestamp=11173 ms, used_size=1837056 bytes (4.5%)
(RDMA_READ_CONSUME_CHECK_CONSUMER) timestamp=11173 ms, used_size=1835008 bytes (4.5%)
(RDMA_READ_CONSUME_CHECK_CONSUMER) timestamp=11173 ms, used_size=1832960 bytes (4.5%)
(RDMA_READ_CONSUME_CHECK_CONSUMER) timestamp=11173 ms, used_size=1830912 bytes (4.5%)
(RDMA_READ_CONSUME_CHECK_CONSUMER) timestamp=11173 ms, used_size=1828864 bytes (4.5%)
(RDMA_READ_CONSUME_CHECK_CONSUMER) timestamp=11173 ms, used_size=1826816 bytes (4.5%)
(RDMA_READ_CONSUME_CHECK_CONSUMER) timestamp=11173 ms, used_size=1824768 bytes (4.5%)
(RDMA_READ_CONSUME_CHECK_CONSUMER) timestamp=11173 ms, used_size=1822720 bytes (4.5%)
(RDMA_READ_CONSUME_CHECK_CONSUMER) timestamp=11173 ms, used_size=1820672 bytes (4.4%)
(RDMA_READ_CONSUME_CHECK_CONSUMER) timestamp=11173 ms, used_size=1818624 bytes (4.4%)
(RDMA_READ_CONSUME_CHECK_CONSUMER) timestamp=11173 ms, used_size=1816576 bytes (4.4%)
(RDMA_READ_CONSUME_CHECK_CONSUMER) timestamp=11173 ms, used_size=1814528 bytes (4.4%)
(RDMA_READ_CONSUME_CHECK_CONSUMER) timestamp=11174 ms, used_size=1812480 bytes (4.4%)
(RDMA_READ_CONSUME_CHECK_CONSUMER) timestamp=11174 ms, used_size=1810432 bytes (4.4%)
(RDMA_READ_CONSUME_CHECK_CONSUMER) timestamp=11174 ms, used_size=1808384 bytes (4.4%)
(RDMA_READ_CONSUME_CHECK_CONSUMER) timestamp=11174 ms, used_size=1806336 bytes (4.4%)
(RDMA_READ_CONSUME_CHECK_CONSUMER) timestamp=11174 ms, used_size=1804288 bytes (4.4%)
(RDMA_READ_CONSUME_CHECK_CONSUMER) timestamp=11174 ms, used_size=1802240 bytes (4.4%)
(RDMA_READ_CONSUME_CHECK_CONSUMER) timestamp=11174 ms, used_size=1800192 bytes (4.4%)
(RDMA_READ_CONSUME_CHECK_CONSUMER) timestamp=11174 ms, used_size=1798144 bytes (4.4%)
(RDMA_READ_CONSUME_CHECK_CONSUMER) timestamp=11174 ms, used_size=1796096 bytes (4.4%)
(RDMA_READ_CONSUME_CHECK_CONSUMER) timestamp=11174 ms, used_size=1794048 bytes (4.4%)
(RDMA_READ_CONSUME_CHECK_CONSUMER) timestamp=11174 ms, used_size=1792000 bytes (4.4%)
(RDMA_READ_CONSUME_CHECK_CONSUMER) timestamp=11174 ms, used_size=1789952 bytes (4.4%)
(RDMA_READ_CONSUME_CHECK_CONSUMER) timestamp=11174 ms, used_size=1787904 bytes (4.4%)
(RDMA_READ_CONSUME_CHECK_CONSUMER) timestamp=11174 ms, used_size=1785856 bytes (4.4%)
(RDMA_READ_CONSUME_CHECK_CONSUMER) timestamp=11174 ms, used_size=1783808 bytes (4.4%)
(RDMA_READ_CONSUME_CHECK_CONSUMER) timestamp=11174 ms, used_size=1781760 bytes (4.3%)
(RDMA_READ_CONSUME_CHECK_CONSUMER) timestamp=11174 ms, used_size=1779712 bytes (4.3%)
(RDMA_READ_CONSUME_CHECK_CONSUMER) timestamp=11174 ms, used_size=1777664 bytes (4.3%)
(RDMA_READ_CONSUME_CHECK_CONSUMER) timestamp=11174 ms, used_size=1775616 bytes (4.3%)
(RDMA_READ_CONSUME_CHECK_CONSUMER) timestamp=11174 ms, used_size=1773568 bytes (4.3%)
(RDMA_READ_CONSUME_CHECK_CONSUMER) timestamp=11174 ms, used_size=1771520 bytes (4.3%)
(RDMA_READ_CONSUME_CHECK_CONSUMER) timestamp=11174 ms, used_size=1769472 bytes (4.3%)
(RDMA_READ_CONSUME_CHECK_CONSUMER) timestamp=11174 ms, used_size=1767424 bytes (4.3%)
(RDMA_READ_CONSUME_CHECK_CONSUMER) timestamp=11174 ms, used_size=1765376 bytes (4.3%)
(RDMA_READ_CONSUME_CHECK_CONSUMER) timestamp=11174 ms, used_size=1763328 bytes (4.3%)
(RDMA_READ_CONSUME_CHECK_CONSUMER) timestamp=11174 ms, used_size=1761280 bytes (4.3%)
(RDMA_READ_CONSUME_CHECK_CONSUMER) timestamp=11174 ms, used_size=1759232 bytes (4.3%)
(RDMA_READ_CONSUME_CHECK_CONSUMER) timestamp=11174 ms, used_size=1757184 bytes (4.3%)
(RDMA_READ_CONSUME_CHECK_CONSUMER) timestamp=11174 ms, used_size=1755136 bytes (4.3%)
(RDMA_READ_CONSUME_CHECK_CONSUMER) timestamp=11174 ms, used_size=1753088 bytes (4.3%)
(RDMA_READ_CONSUME_CHECK_CONSUMER) timestamp=11174 ms, used_size=1751040 bytes (4.3%)
(RDMA_READ_CONSUME_CHECK_CONSUMER) timestamp=11174 ms, used_size=1748992 bytes (4.3%)
(RDMA_READ_CONSUME_CHECK_CONSUMER) timestamp=11174 ms, used_size=1746944 bytes (4.3%)
(RDMA_READ_CONSUME_CHECK_CONSUMER) timestamp=11174 ms, used_size=1744896 bytes (4.3%)
(RDMA_READ_CONSUME_CHECK_CONSUMER) timestamp=11174 ms, used_size=1742848 bytes (4.3%)
(RDMA_READ_CONSUME_CHECK_CONSUMER) timestamp=11174 ms, used_size=1740800 bytes (4.2%)
(RDMA_READ_CONSUME_CHECK_CONSUMER) timestamp=11174 ms, used_size=1738752 bytes (4.2%)
(RDMA_READ_CONSUME_CHECK_CONSUMER) timestamp=11174 ms, used_size=1736704 bytes (4.2%)
(RDMA_READ_CONSUME_CHECK_CONSUMER) timestamp=11174 ms, used_size=1734656 bytes (4.2%)
(RDMA_READ_CONSUME_CHECK_CONSUMER) timestamp=11174 ms, used_size=1732608 bytes (4.2%)
(RDMA_READ_CONSUME_CHECK_CONSUMER) timestamp=11174 ms, used_size=1730560 bytes (4.2%)
(RDMA_READ_CONSUME_CHECK_CONSUMER) timestamp=11174 ms, used_size=1728512 bytes (4.2%)
(RDMA_READ_CONSUME_CHECK_CONSUMER) timestamp=11174 ms, used_size=1726464 bytes (4.2%)
(RDMA_READ_CONSUME_CHECK_CONSUMER) timestamp=11174 ms, used_size=1724416 bytes (4.2%)
(RDMA_READ_CONSUME_CHECK_CONSUMER) timestamp=11174 ms, used_size=1722368 bytes (4.2%)
(RDMA_READ_CONSUME_CHECK_CONSUMER) timestamp=11174 ms, used_size=1720320 bytes (4.2%)
(RDMA_READ_CONSUME_CHECK_CONSUMER) timestamp=11174 ms, used_size=1718272 bytes (4.2%)
(RDMA_READ_CONSUME_CHECK_CONSUMER) timestamp=11174 ms, used_size=1716224 bytes (4.2%)
(RDMA_READ_CONSUME_CHECK_CONSUMER) timestamp=11174 ms, used_size=1714176 bytes (4.2%)
(RDMA_READ_CONSUME_CHECK_CONSUMER) timestamp=11174 ms, used_size=1712128 bytes (4.2%)
(RDMA_READ_CONSUME_CHECK_CONSUMER) timestamp=11174 ms, used_size=1710080 bytes (4.2%)
(RDMA_READ_CONSUME_CHECK_CONSUMER) timestamp=11174 ms, used_size=1708032 bytes (4.2%)
(RDMA_READ_CONSUME_CHECK_CONSUMER) timestamp=11174 ms, used_size=1705984 bytes (4.2%)
(RDMA_READ_CONSUME_CHECK_CONSUMER) timestamp=11174 ms, used_size=1703936 bytes (4.2%)
(RDMA_READ_CONSUME_CHECK_CONSUMER) timestamp=11174 ms, used_size=1701888 bytes (4.2%)
(RDMA_READ_CONSUME_CHECK_CONSUMER) timestamp=11174 ms, used_size=1699840 bytes (4.2%)
(RDMA_READ_CONSUME_CHECK_CONSUMER) timestamp=11174 ms, used_size=1697792 bytes (4.1%)
(RDMA_READ_CONSUME_CHECK_CONSUMER) timestamp=11174 ms, used_size=1695744 bytes (4.1%)
(RDMA_READ_CONSUME_CHECK_CONSUMER) timestamp=11174 ms, used_size=1693696 bytes (4.1%)
(RDMA_READ_CONSUME_CHECK_CONSUMER) timestamp=11174 ms, used_size=1691648 bytes (4.1%)
(RDMA_READ_CONSUME_CHECK_CONSUMER) timestamp=11174 ms, used_size=1689600 bytes (4.1%)
(RDMA_READ_CONSUME_CHECK_CONSUMER) timestamp=11174 ms, used_size=1687552 bytes (4.1%)
(RDMA_READ_CONSUME_CHECK_CONSUMER) timestamp=11174 ms, used_size=1685504 bytes (4.1%)
(RDMA_READ_CONSUME_CHECK_CONSUMER) timestamp=11174 ms, used_size=1683456 bytes (4.1%)
(RDMA_READ_CONSUME_CHECK_CONSUMER) timestamp=11174 ms, used_size=1681408 bytes (4.1%)
(RDMA_READ_CONSUME_CHECK_CONSUMER) timestamp=11174 ms, used_size=1679360 bytes (4.1%)
(RDMA_READ_CONSUME_CHECK_CONSUMER) timestamp=11174 ms, used_size=1677312 bytes (4.1%)
(RDMA_READ_CONSUME_CHECK_CONSUMER) timestamp=11174 ms, used_size=1675264 bytes (4.1%)
(RDMA_READ_CONSUME_CHECK_CONSUMER) timestamp=11174 ms, used_size=1673216 bytes (4.1%)
(RDMA_READ_CONSUME_CHECK_CONSUMER) timestamp=11174 ms, used_size=1671168 bytes (4.1%)
(RDMA_READ_CONSUME_CHECK_CONSUMER) timestamp=11174 ms, used_size=1669120 bytes (4.1%)
(RDMA_READ_CONSUME_CHECK_CONSUMER) timestamp=11174 ms, used_size=1667072 bytes (4.1%)
(RDMA_READ_CONSUME_CHECK_CONSUMER) timestamp=11174 ms, used_size=1665024 bytes (4.1%)
(RDMA_READ_CONSUME_CHECK_CONSUMER) timestamp=11174 ms, used_size=1662976 bytes (4.1%)
(RDMA_READ_CONSUME_CHECK_CONSUMER) timestamp=11174 ms, used_size=1660928 bytes (4.1%)
(RDMA_READ_CONSUME_CHECK_CONSUMER) timestamp=11174 ms, used_size=1658880 bytes (4.0%)
(RDMA_READ_CONSUME_CHECK_CONSUMER) timestamp=11174 ms, used_size=1656832 bytes (4.0%)
(RDMA_READ_CONSUME_CHECK_CONSUMER) timestamp=11174 ms, used_size=1654784 bytes (4.0%)
(RDMA_READ_CONSUME_CHECK_CONSUMER) timestamp=11174 ms, used_size=1652736 bytes (4.0%)
(RDMA_READ_CONSUME_CHECK_CONSUMER) timestamp=11174 ms, used_size=1650688 bytes (4.0%)
(RDMA_READ_CONSUME_CHECK_CONSUMER) timestamp=11174 ms, used_size=1648640 bytes (4.0%)
(RDMA_READ_CONSUME_CHECK_CONSUMER) timestamp=11174 ms, used_size=1646592 bytes (4.0%)
(RDMA_READ_CONSUME_CHECK_CONSUMER) timestamp=11174 ms, used_size=1644544 bytes (4.0%)
(RDMA_READ_CONSUME_CHECK_CONSUMER) timestamp=11174 ms, used_size=1642496 bytes (4.0%)
(RDMA_READ_CONSUME_CHECK_CONSUMER) timestamp=11174 ms, used_size=1640448 bytes (4.0%)
(RDMA_READ_CONSUME_CHECK_CONSUMER) timestamp=11174 ms, used_size=1638400 bytes (4.0%)
(RDMA_READ_CONSUME_CHECK_CONSUMER) timestamp=11174 ms, used_size=1636352 bytes (4.0%)
(RDMA_READ_CONSUME_CHECK_CONSUMER) timestamp=11174 ms, used_size=1634304 bytes (4.0%)
(RDMA_READ_CONSUME_CHECK_CONSUMER) timestamp=11174 ms, used_size=1632256 bytes (4.0%)
(RDMA_READ_CONSUME_CHECK_CONSUMER) timestamp=11174 ms, used_size=1630208 bytes (4.0%)
(RDMA_READ_CONSUME_CHECK_CONSUMER) timestamp=11174 ms, used_size=1628160 bytes (4.0%)
(RDMA_READ_CONSUME_CHECK_CONSUMER) timestamp=11174 ms, used_size=1626112 bytes (4.0%)
(RDMA_READ_CONSUME_CHECK_CONSUMER) timestamp=11174 ms, used_size=1624064 bytes (4.0%)
(RDMA_READ_CONSUME_CHECK_CONSUMER) timestamp=11174 ms, used_size=1622016 bytes (4.0%)
(RDMA_READ_CONSUME_CHECK_CONSUMER) timestamp=11174 ms, used_size=1619968 bytes (4.0%)
(RDMA_READ_CONSUME_CHECK_CONSUMER) timestamp=11174 ms, used_size=1617920 bytes (4.0%)
(RDMA_READ_CONSUME_CHECK_CONSUMER) timestamp=11174 ms, used_size=1615872 bytes (3.9%)
(RDMA_READ_CONSUME_CHECK_CONSUMER) timestamp=11174 ms, used_size=1613824 bytes (3.9%)
(RDMA_READ_CONSUME_CHECK_CONSUMER) timestamp=11174 ms, used_size=1611776 bytes (3.9%)
(RDMA_READ_CONSUME_CHECK_CONSUMER) timestamp=11174 ms, used_size=1609728 bytes (3.9%)
(RDMA_READ_CONSUME_CHECK_CONSUMER) timestamp=11174 ms, used_size=1607680 bytes (3.9%)
(RDMA_READ_CONSUME_CHECK_CONSUMER) timestamp=11174 ms, used_size=1605632 bytes (3.9%)
(RDMA_READ_CONSUME_CHECK_CONSUMER) timestamp=11174 ms, used_size=1603584 bytes (3.9%)
(RDMA_READ_CONSUME_CHECK_CONSUMER) timestamp=11174 ms, used_size=1601536 bytes (3.9%)
(RDMA_READ_CONSUME_CHECK_CONSUMER) timestamp=11174 ms, used_size=1599488 bytes (3.9%)
(RDMA_READ_CONSUME_CHECK_CONSUMER) timestamp=11174 ms, used_size=1597440 bytes (3.9%)
(RDMA_READ_CONSUME_CHECK_CONSUMER) timestamp=11174 ms, used_size=1595392 bytes (3.9%)
(RDMA_READ_CONSUME_CHECK_CONSUMER) timestamp=11174 ms, used_size=1593344 bytes (3.9%)
(RDMA_READ_CONSUME_CHECK_CONSUMER) timestamp=11174 ms, used_size=1591296 bytes (3.9%)
(RDMA_READ_CONSUME_CHECK_CONSUMER) timestamp=11174 ms, used_size=1589248 bytes (3.9%)
(RDMA_READ_CONSUME_CHECK_CONSUMER) timestamp=11174 ms, used_size=1587200 bytes (3.9%)
(RDMA_READ_CONSUME_CHECK_CONSUMER) timestamp=11174 ms, used_size=1585152 bytes (3.9%)
(RDMA_READ_CONSUME_CHECK_CONSUMER) timestamp=11174 ms, used_size=1583104 bytes (3.9%)
(RDMA_READ_CONSUME_CHECK_CONSUMER) timestamp=11174 ms, used_size=1581056 bytes (3.9%)
(RDMA_READ_CONSUME_CHECK_CONSUMER) timestamp=11174 ms, used_size=1579008 bytes (3.9%)
(RDMA_READ_CONSUME_CHECK_CONSUMER) timestamp=11174 ms, used_size=1576960 bytes (3.9%)
(RDMA_READ_CONSUME_CHECK_CONSUMER) timestamp=11174 ms, used_size=1574912 bytes (3.8%)
(RDMA_READ_CONSUME_CHECK_CONSUMER) timestamp=11174 ms, used_size=1572864 bytes (3.8%)
(RDMA_READ_CONSUME_CHECK_CONSUMER) timestamp=11174 ms, used_size=1570816 bytes (3.8%)
(RDMA_READ_CONSUME_CHECK_CONSUMER) timestamp=11174 ms, used_size=1568768 bytes (3.8%)
(RDMA_READ_CONSUME_CHECK_CONSUMER) timestamp=11174 ms, used_size=1566720 bytes (3.8%)
(RDMA_READ_CONSUME_CHECK_CONSUMER) timestamp=11174 ms, used_size=1564672 bytes (3.8%)
(RDMA_READ_CONSUME_CHECK_CONSUMER) timestamp=11174 ms, used_size=1562624 bytes (3.8%)
(RDMA_READ_CONSUME_CHECK_CONSUMER) timestamp=11174 ms, used_size=1560576 bytes (3.8%)
(RDMA_READ_CONSUME_CHECK_CONSUMER) timestamp=11174 ms, used_size=1558528 bytes (3.8%)
(RDMA_READ_CONSUME_CHECK_CONSUMER) timestamp=11174 ms, used_size=1556480 bytes (3.8%)
(RDMA_READ_CONSUME_CHECK_CONSUMER) timestamp=11174 ms, used_size=1554432 bytes (3.8%)
(RDMA_READ_CONSUME_CHECK_CONSUMER) timestamp=11174 ms, used_size=1552384 bytes (3.8%)
(RDMA_READ_CONSUME_CHECK_CONSUMER) timestamp=11174 ms, used_size=1550336 bytes (3.8%)
(RDMA_READ_CONSUME_CHECK_CONSUMER) timestamp=11174 ms, used_size=1548288 bytes (3.8%)
(RDMA_READ_CONSUME_CHECK_CONSUMER) timestamp=11174 ms, used_size=1546240 bytes (3.8%)
(RDMA_READ_CONSUME_CHECK_CONSUMER) timestamp=11174 ms, used_size=1544192 bytes (3.8%)
(RDMA_READ_CONSUME_CHECK_CONSUMER) timestamp=11174 ms, used_size=1542144 bytes (3.8%)
(RDMA_READ_CONSUME_CHECK_CONSUMER) timestamp=11174 ms, used_size=1540096 bytes (3.8%)
(RDMA_READ_CONSUME_CHECK_CONSUMER) timestamp=11174 ms, used_size=1538048 bytes (3.8%)
(RDMA_READ_CONSUME_CHECK_CONSUMER) timestamp=11174 ms, used_size=1536000 bytes (3.8%)
(RDMA_READ_CONSUME_CHECK_CONSUMER) timestamp=11174 ms, used_size=1533952 bytes (3.7%)
(RDMA_READ_CONSUME_CHECK_CONSUMER) timestamp=11174 ms, used_size=1531904 bytes (3.7%)
(RDMA_READ_CONSUME_CHECK_CONSUMER) timestamp=11174 ms, used_size=1529856 bytes (3.7%)
(RDMA_READ_CONSUME_CHECK_CONSUMER) timestamp=11174 ms, used_size=1527808 bytes (3.7%)
(RDMA_READ_CONSUME_CHECK_CONSUMER) timestamp=11174 ms, used_size=1525760 bytes (3.7%)
(RDMA_READ_CONSUME_CHECK_CONSUMER) timestamp=11174 ms, used_size=1523712 bytes (3.7%)
(RDMA_READ_CONSUME_CHECK_CONSUMER) timestamp=11174 ms, used_size=1521664 bytes (3.7%)
(RDMA_READ_CONSUME_CHECK_CONSUMER) timestamp=11174 ms, used_size=1519616 bytes (3.7%)
(RDMA_READ_CONSUME_CHECK_CONSUMER) timestamp=11174 ms, used_size=1517568 bytes (3.7%)
(RDMA_READ_CONSUME_CHECK_CONSUMER) timestamp=11174 ms, used_size=1515520 bytes (3.7%)
(RDMA_READ_CONSUME_CHECK_CONSUMER) timestamp=11174 ms, used_size=1513472 bytes (3.7%)
(RDMA_READ_CONSUME_CHECK_CONSUMER) timestamp=11174 ms, used_size=1511424 bytes (3.7%)
(RDMA_READ_CONSUME_CHECK_CONSUMER) timestamp=11174 ms, used_size=1509376 bytes (3.7%)
(RDMA_READ_CONSUME_CHECK_CONSUMER) timestamp=11174 ms, used_size=1507328 bytes (3.7%)
(RDMA_READ_CONSUME_CHECK_CONSUMER) timestamp=11174 ms, used_size=1505280 bytes (3.7%)
(RDMA_READ_CONSUME_CHECK_CONSUMER) timestamp=11174 ms, used_size=1503232 bytes (3.7%)
(RDMA_READ_CONSUME_CHECK_CONSUMER) timestamp=11174 ms, used_size=1501184 bytes (3.7%)
(RDMA_READ_CONSUME_CHECK_CONSUMER) timestamp=11174 ms, used_size=1499136 bytes (3.7%)
(RDMA_READ_CONSUME_CHECK_CONSUMER) timestamp=11174 ms, used_size=1497088 bytes (3.7%)
(RDMA_READ_CONSUME_CHECK_CONSUMER) timestamp=11174 ms, used_size=1495040 bytes (3.6%)
(RDMA_READ_CONSUME_CHECK_CONSUMER) timestamp=11174 ms, used_size=1492992 bytes (3.6%)
(RDMA_READ_CONSUME_CHECK_CONSUMER) timestamp=11174 ms, used_size=1490944 bytes (3.6%)
(RDMA_READ_CONSUME_CHECK_CONSUMER) timestamp=11174 ms, used_size=1488896 bytes (3.6%)
(RDMA_READ_CONSUME_CHECK_CONSUMER) timestamp=11174 ms, used_size=1486848 bytes (3.6%)
(RDMA_READ_CONSUME_CHECK_CONSUMER) timestamp=11174 ms, used_size=1484800 bytes (3.6%)
(RDMA_READ_CONSUME_CHECK_CONSUMER) timestamp=11174 ms, used_size=1482752 bytes (3.6%)
(RDMA_READ_CONSUME_CHECK_CONSUMER) timestamp=11174 ms, used_size=1480704 bytes (3.6%)
(RDMA_READ_CONSUME_CHECK_CONSUMER) timestamp=11174 ms, used_size=1478656 bytes (3.6%)
(RDMA_READ_CONSUME_CHECK_CONSUMER) timestamp=11174 ms, used_size=1476608 bytes (3.6%)
(RDMA_READ_CONSUME_CHECK_CONSUMER) timestamp=11174 ms, used_size=1474560 bytes (3.6%)
(RDMA_READ_CONSUME_CHECK_CONSUMER) timestamp=11174 ms, used_size=1472512 bytes (3.6%)
(RDMA_READ_CONSUME_CHECK_CONSUMER) timestamp=11174 ms, used_size=1470464 bytes (3.6%)
(RDMA_READ_CONSUME_CHECK_CONSUMER) timestamp=11174 ms, used_size=1468416 bytes (3.6%)
(RDMA_READ_CONSUME_CHECK_CONSUMER) timestamp=11174 ms, used_size=1466368 bytes (3.6%)
(RDMA_READ_CONSUME_CHECK_CONSUMER) timestamp=11174 ms, used_size=1464320 bytes (3.6%)
(RDMA_READ_CONSUME_CHECK_CONSUMER) timestamp=11174 ms, used_size=1462272 bytes (3.6%)
(RDMA_READ_CONSUME_CHECK_CONSUMER) timestamp=11174 ms, used_size=1460224 bytes (3.6%)
(RDMA_READ_CONSUME_CHECK_CONSUMER) timestamp=11175 ms, used_size=1458176 bytes (3.6%)
(RDMA_READ_CONSUME_CHECK_CONSUMER) timestamp=11175 ms, used_size=1456128 bytes (3.6%)
(RDMA_READ_CONSUME_CHECK_CONSUMER) timestamp=11175 ms, used_size=1454080 bytes (3.5%)
(RDMA_READ_CONSUME_CHECK_CONSUMER) timestamp=11175 ms, used_size=1452032 bytes (3.5%)
(RDMA_READ_CONSUME_CHECK_CONSUMER) timestamp=11175 ms, used_size=1449984 bytes (3.5%)
(RDMA_READ_CONSUME_CHECK_CONSUMER) timestamp=11175 ms, used_size=1447936 bytes (3.5%)
(RDMA_READ_CONSUME_CHECK_CONSUMER) timestamp=11175 ms, used_size=1445888 bytes (3.5%)
(RDMA_READ_CONSUME_CHECK_CONSUMER) timestamp=11175 ms, used_size=1443840 bytes (3.5%)
(RDMA_READ_CONSUME_CHECK_CONSUMER) timestamp=11175 ms, used_size=1441792 bytes (3.5%)
(RDMA_READ_CONSUME_CHECK_CONSUMER) timestamp=11175 ms, used_size=1439744 bytes (3.5%)
(RDMA_READ_CONSUME_CHECK_CONSUMER) timestamp=11175 ms, used_size=1437696 bytes (3.5%)
(RDMA_READ_CONSUME_CHECK_CONSUMER) timestamp=11175 ms, used_size=1435648 bytes (3.5%)
(RDMA_READ_CONSUME_CHECK_CONSUMER) timestamp=11175 ms, used_size=1433600 bytes (3.5%)
(RDMA_READ_CONSUME_CHECK_CONSUMER) timestamp=11175 ms, used_size=1431552 bytes (3.5%)
(RDMA_READ_CONSUME_CHECK_CONSUMER) timestamp=11175 ms, used_size=1429504 bytes (3.5%)
(RDMA_READ_CONSUME_CHECK_CONSUMER) timestamp=11175 ms, used_size=1427456 bytes (3.5%)
(RDMA_READ_CONSUME_CHECK_CONSUMER) timestamp=11175 ms, used_size=1425408 bytes (3.5%)
(RDMA_READ_CONSUME_CHECK_CONSUMER) timestamp=11175 ms, used_size=1423360 bytes (3.5%)
(RDMA_READ_CONSUME_CHECK_CONSUMER) timestamp=11175 ms, used_size=1421312 bytes (3.5%)
(RDMA_READ_CONSUME_CHECK_CONSUMER) timestamp=11175 ms, used_size=1419264 bytes (3.5%)
(RDMA_READ_CONSUME_CHECK_CONSUMER) timestamp=11175 ms, used_size=1417216 bytes (3.5%)
(RDMA_READ_CONSUME_CHECK_CONSUMER) timestamp=11175 ms, used_size=1415168 bytes (3.5%)
(RDMA_READ_CONSUME_CHECK_CONSUMER) timestamp=11175 ms, used_size=1413120 bytes (3.5%)
(RDMA_READ_CONSUME_CHECK_CONSUMER) timestamp=11175 ms, used_size=1411072 bytes (3.4%)
(RDMA_READ_CONSUME_CHECK_CONSUMER) timestamp=11175 ms, used_size=1409024 bytes (3.4%)
(RDMA_READ_CONSUME_CHECK_CONSUMER) timestamp=11175 ms, used_size=1406976 bytes (3.4%)
(RDMA_READ_CONSUME_CHECK_CONSUMER) timestamp=11175 ms, used_size=1404928 bytes (3.4%)
(RDMA_READ_CONSUME_CHECK_CONSUMER) timestamp=11175 ms, used_size=1402880 bytes (3.4%)
(RDMA_READ_CONSUME_CHECK_CONSUMER) timestamp=11175 ms, used_size=1400832 bytes (3.4%)
(RDMA_READ_CONSUME_CHECK_CONSUMER) timestamp=11175 ms, used_size=1398784 bytes (3.4%)
(RDMA_READ_CONSUME_CHECK_CONSUMER) timestamp=11175 ms, used_size=1396736 bytes (3.4%)
(RDMA_READ_CONSUME_CHECK_CONSUMER) timestamp=11175 ms, used_size=1394688 bytes (3.4%)
(RDMA_READ_CONSUME_CHECK_CONSUMER) timestamp=11175 ms, used_size=1392640 bytes (3.4%)
(RDMA_READ_CONSUME_CHECK_CONSUMER) timestamp=11175 ms, used_size=1390592 bytes (3.4%)
(RDMA_READ_CONSUME_CHECK_CONSUMER) timestamp=11175 ms, used_size=1388544 bytes (3.4%)
(RDMA_READ_CONSUME_CHECK_CONSUMER) timestamp=11175 ms, used_size=1386496 bytes (3.4%)
(RDMA_READ_CONSUME_CHECK_CONSUMER) timestamp=11175 ms, used_size=1384448 bytes (3.4%)
(RDMA_READ_CONSUME_CHECK_CONSUMER) timestamp=11175 ms, used_size=1382400 bytes (3.4%)
(RDMA_READ_CONSUME_CHECK_CONSUMER) timestamp=11175 ms, used_size=1380352 bytes (3.4%)
(RDMA_READ_CONSUME_CHECK_CONSUMER) timestamp=11175 ms, used_size=1378304 bytes (3.4%)
(RDMA_READ_CONSUME_CHECK_CONSUMER) timestamp=11175 ms, used_size=1376256 bytes (3.4%)
(RDMA_READ_CONSUME_CHECK_CONSUMER) timestamp=11175 ms, used_size=1374208 bytes (3.4%)
(RDMA_READ_CONSUME_CHECK_CONSUMER) timestamp=11175 ms, used_size=1372160 bytes (3.4%)
(RDMA_READ_CONSUME_CHECK_CONSUMER) timestamp=11175 ms, used_size=1370112 bytes (3.3%)
(RDMA_READ_CONSUME_CHECK_CONSUMER) timestamp=11175 ms, used_size=1368064 bytes (3.3%)
(RDMA_READ_CONSUME_CHECK_CONSUMER) timestamp=11175 ms, used_size=1366016 bytes (3.3%)
(RDMA_READ_CONSUME_CHECK_CONSUMER) timestamp=11175 ms, used_size=1363968 bytes (3.3%)
(RDMA_READ_CONSUME_CHECK_CONSUMER) timestamp=11175 ms, used_size=1361920 bytes (3.3%)
(RDMA_READ_CONSUME_CHECK_CONSUMER) timestamp=11175 ms, used_size=1359872 bytes (3.3%)
(RDMA_READ_CONSUME_CHECK_CONSUMER) timestamp=11175 ms, used_size=1357824 bytes (3.3%)
(RDMA_READ_CONSUME_CHECK_CONSUMER) timestamp=11175 ms, used_size=1355776 bytes (3.3%)
(RDMA_READ_CONSUME_CHECK_CONSUMER) timestamp=11175 ms, used_size=1353728 bytes (3.3%)
(RDMA_READ_CONSUME_CHECK_CONSUMER) timestamp=11175 ms, used_size=1351680 bytes (3.3%)
(RDMA_READ_CONSUME_CHECK_CONSUMER) timestamp=11175 ms, used_size=1349632 bytes (3.3%)
(RDMA_READ_CONSUME_CHECK_CONSUMER) timestamp=11175 ms, used_size=1347584 bytes (3.3%)
(RDMA_READ_CONSUME_CHECK_CONSUMER) timestamp=11175 ms, used_size=1345536 bytes (3.3%)
(RDMA_READ_CONSUME_CHECK_CONSUMER) timestamp=11175 ms, used_size=1343488 bytes (3.3%)
(RDMA_READ_CONSUME_CHECK_CONSUMER) timestamp=11175 ms, used_size=1341440 bytes (3.3%)
(RDMA_READ_CONSUME_CHECK_CONSUMER) timestamp=11175 ms, used_size=1339392 bytes (3.3%)
(RDMA_READ_CONSUME_CHECK_CONSUMER) timestamp=11175 ms, used_size=1337344 bytes (3.3%)
(RDMA_READ_CONSUME_CHECK_CONSUMER) timestamp=11175 ms, used_size=1335296 bytes (3.3%)
(RDMA_READ_CONSUME_CHECK_CONSUMER) timestamp=11175 ms, used_size=1333248 bytes (3.3%)
(RDMA_READ_CONSUME_CHECK_CONSUMER) timestamp=11175 ms, used_size=1331200 bytes (3.2%)
(RDMA_READ_CONSUME_CHECK_CONSUMER) timestamp=11175 ms, used_size=1329152 bytes (3.2%)
(RDMA_READ_CONSUME_CHECK_CONSUMER) timestamp=11175 ms, used_size=1327104 bytes (3.2%)
(RDMA_READ_CONSUME_CHECK_CONSUMER) timestamp=11175 ms, used_size=1325056 bytes (3.2%)
(RDMA_READ_CONSUME_CHECK_CONSUMER) timestamp=11175 ms, used_size=1323008 bytes (3.2%)
(RDMA_READ_CONSUME_CHECK_CONSUMER) timestamp=11175 ms, used_size=1320960 bytes (3.2%)
(RDMA_READ_CONSUME_CHECK_CONSUMER) timestamp=11175 ms, used_size=1318912 bytes (3.2%)
(RDMA_READ_CONSUME_CHECK_CONSUMER) timestamp=11175 ms, used_size=1316864 bytes (3.2%)
(RDMA_READ_CONSUME_CHECK_CONSUMER) timestamp=11175 ms, used_size=1314816 bytes (3.2%)
(RDMA_READ_CONSUME_CHECK_CONSUMER) timestamp=11175 ms, used_size=1312768 bytes (3.2%)
(RDMA_READ_CONSUME_CHECK_CONSUMER) timestamp=11175 ms, used_size=1310720 bytes (3.2%)
(RDMA_READ_CONSUME_CHECK_CONSUMER) timestamp=11175 ms, used_size=1308672 bytes (3.2%)
(RDMA_READ_CONSUME_CHECK_CONSUMER) timestamp=11175 ms, used_size=1306624 bytes (3.2%)
(RDMA_READ_CONSUME_CHECK_CONSUMER) timestamp=11175 ms, used_size=1304576 bytes (3.2%)
(RDMA_READ_CONSUME_CHECK_CONSUMER) timestamp=11175 ms, used_size=1302528 bytes (3.2%)
(RDMA_READ_CONSUME_CHECK_CONSUMER) timestamp=11175 ms, used_size=1300480 bytes (3.2%)
(RDMA_READ_CONSUME_CHECK_CONSUMER) timestamp=11175 ms, used_size=1298432 bytes (3.2%)
(RDMA_READ_CONSUME_CHECK_CONSUMER) timestamp=11175 ms, used_size=1296384 bytes (3.2%)
(RDMA_READ_CONSUME_CHECK_CONSUMER) timestamp=11175 ms, used_size=1294336 bytes (3.2%)
(RDMA_READ_CONSUME_CHECK_CONSUMER) timestamp=11175 ms, used_size=1292288 bytes (3.2%)
(RDMA_READ_CONSUME_CHECK_CONSUMER) timestamp=11175 ms, used_size=1290240 bytes (3.1%)
(RDMA_READ_CONSUME_CHECK_CONSUMER) timestamp=11175 ms, used_size=1288192 bytes (3.1%)
(RDMA_READ_CONSUME_CHECK_CONSUMER) timestamp=11175 ms, used_size=1286144 bytes (3.1%)
(RDMA_READ_CONSUME_CHECK_CONSUMER) timestamp=11175 ms, used_size=1284096 bytes (3.1%)
(RDMA_READ_CONSUME_CHECK_CONSUMER) timestamp=11175 ms, used_size=1282048 bytes (3.1%)
(RDMA_READ_CONSUME_CHECK_CONSUMER) timestamp=11175 ms, used_size=1280000 bytes (3.1%)
(RDMA_READ_CONSUME_CHECK_CONSUMER) timestamp=11175 ms, used_size=1277952 bytes (3.1%)
(RDMA_READ_CONSUME_CHECK_CONSUMER) timestamp=11175 ms, used_size=1275904 bytes (3.1%)
(RDMA_READ_CONSUME_CHECK_CONSUMER) timestamp=11175 ms, used_size=1273856 bytes (3.1%)
(RDMA_READ_CONSUME_CHECK_CONSUMER) timestamp=11175 ms, used_size=1271808 bytes (3.1%)
(RDMA_READ_CONSUME_CHECK_CONSUMER) timestamp=11175 ms, used_size=1269760 bytes (3.1%)
(RDMA_READ_CONSUME_CHECK_CONSUMER) timestamp=11175 ms, used_size=1267712 bytes (3.1%)
(RDMA_READ_CONSUME_CHECK_CONSUMER) timestamp=11175 ms, used_size=1265664 bytes (3.1%)
(RDMA_READ_CONSUME_CHECK_CONSUMER) timestamp=11175 ms, used_size=1263616 bytes (3.1%)
(RDMA_READ_CONSUME_CHECK_CONSUMER) timestamp=11175 ms, used_size=1261568 bytes (3.1%)
(RDMA_READ_CONSUME_CHECK_CONSUMER) timestamp=11175 ms, used_size=1259520 bytes (3.1%)
(RDMA_READ_CONSUME_CHECK_CONSUMER) timestamp=11175 ms, used_size=1257472 bytes (3.1%)
(RDMA_READ_CONSUME_CHECK_CONSUMER) timestamp=11175 ms, used_size=1255424 bytes (3.1%)
(RDMA_READ_CONSUME_CHECK_CONSUMER) timestamp=11175 ms, used_size=1253376 bytes (3.1%)
(RDMA_READ_CONSUME_CHECK_CONSUMER) timestamp=11175 ms, used_size=1251328 bytes (3.1%)
(RDMA_READ_CONSUME_CHECK_CONSUMER) timestamp=11175 ms, used_size=1249280 bytes (3.0%)
(RDMA_READ_CONSUME_CHECK_CONSUMER) timestamp=11175 ms, used_size=1247232 bytes (3.0%)
(RDMA_READ_CONSUME_CHECK_CONSUMER) timestamp=11175 ms, used_size=1245184 bytes (3.0%)
(RDMA_READ_CONSUME_CHECK_CONSUMER) timestamp=11175 ms, used_size=1243136 bytes (3.0%)
(RDMA_READ_CONSUME_CHECK_CONSUMER) timestamp=11175 ms, used_size=1241088 bytes (3.0%)
(RDMA_READ_CONSUME_CHECK_CONSUMER) timestamp=11175 ms, used_size=1239040 bytes (3.0%)
(RDMA_READ_CONSUME_CHECK_CONSUMER) timestamp=11175 ms, used_size=1236992 bytes (3.0%)
(RDMA_READ_CONSUME_CHECK_CONSUMER) timestamp=11175 ms, used_size=1234944 bytes (3.0%)
(RDMA_READ_CONSUME_CHECK_CONSUMER) timestamp=11175 ms, used_size=1232896 bytes (3.0%)
(RDMA_READ_CONSUME_CHECK_CONSUMER) timestamp=11175 ms, used_size=1230848 bytes (3.0%)
(RDMA_READ_CONSUME_CHECK_CONSUMER) timestamp=11175 ms, used_size=1228800 bytes (3.0%)
(RDMA_READ_CONSUME_CHECK_CONSUMER) timestamp=11175 ms, used_size=1226752 bytes (3.0%)
(RDMA_READ_CONSUME_CHECK_CONSUMER) timestamp=11175 ms, used_size=1224704 bytes (3.0%)
(RDMA_READ_CONSUME_CHECK_CONSUMER) timestamp=11175 ms, used_size=1222656 bytes (3.0%)
(RDMA_READ_CONSUME_CHECK_CONSUMER) timestamp=11175 ms, used_size=1220608 bytes (3.0%)
(RDMA_READ_CONSUME_CHECK_CONSUMER) timestamp=11175 ms, used_size=1218560 bytes (3.0%)
(RDMA_READ_CONSUME_CHECK_CONSUMER) timestamp=11175 ms, used_size=1216512 bytes (3.0%)
(RDMA_READ_CONSUME_CHECK_CONSUMER) timestamp=11175 ms, used_size=1214464 bytes (3.0%)
(RDMA_READ_CONSUME_CHECK_CONSUMER) timestamp=11175 ms, used_size=1212416 bytes (3.0%)
(RDMA_READ_CONSUME_CHECK_CONSUMER) timestamp=11175 ms, used_size=1210368 bytes (3.0%)
(RDMA_READ_CONSUME_CHECK_CONSUMER) timestamp=11175 ms, used_size=1208320 bytes (3.0%)
(RDMA_READ_CONSUME_CHECK_CONSUMER) timestamp=11175 ms, used_size=1206272 bytes (2.9%)
(RDMA_READ_CONSUME_CHECK_CONSUMER) timestamp=11175 ms, used_size=1204224 bytes (2.9%)
(RDMA_READ_CONSUME_CHECK_CONSUMER) timestamp=11175 ms, used_size=1202176 bytes (2.9%)
(RDMA_READ_CONSUME_CHECK_CONSUMER) timestamp=11175 ms, used_size=1200128 bytes (2.9%)
(RDMA_READ_CONSUME_CHECK_CONSUMER) timestamp=11175 ms, used_size=1198080 bytes (2.9%)
(RDMA_READ_CONSUME_CHECK_CONSUMER) timestamp=11175 ms, used_size=1196032 bytes (2.9%)
(RDMA_READ_CONSUME_CHECK_CONSUMER) timestamp=11175 ms, used_size=1193984 bytes (2.9%)
(RDMA_READ_CONSUME_CHECK_CONSUMER) timestamp=11175 ms, used_size=1191936 bytes (2.9%)
(RDMA_READ_CONSUME_CHECK_CONSUMER) timestamp=11175 ms, used_size=1189888 bytes (2.9%)
(RDMA_READ_CONSUME_CHECK_CONSUMER) timestamp=11175 ms, used_size=1187840 bytes (2.9%)
(RDMA_READ_CONSUME_CHECK_CONSUMER) timestamp=11175 ms, used_size=1185792 bytes (2.9%)
(RDMA_READ_CONSUME_CHECK_CONSUMER) timestamp=11175 ms, used_size=1183744 bytes (2.9%)
(RDMA_READ_CONSUME_CHECK_CONSUMER) timestamp=11175 ms, used_size=1181696 bytes (2.9%)
(RDMA_READ_CONSUME_CHECK_CONSUMER) timestamp=11175 ms, used_size=1179648 bytes (2.9%)
(RDMA_READ_CONSUME_CHECK_CONSUMER) timestamp=11175 ms, used_size=1177600 bytes (2.9%)
(RDMA_READ_CONSUME_CHECK_CONSUMER) timestamp=11175 ms, used_size=1175552 bytes (2.9%)
(RDMA_READ_CONSUME_CHECK_CONSUMER) timestamp=11175 ms, used_size=1173504 bytes (2.9%)
(RDMA_READ_CONSUME_CHECK_CONSUMER) timestamp=11175 ms, used_size=1171456 bytes (2.9%)
(RDMA_READ_CONSUME_CHECK_CONSUMER) timestamp=11175 ms, used_size=1169408 bytes (2.9%)
(RDMA_READ_CONSUME_CHECK_CONSUMER) timestamp=11175 ms, used_size=1167360 bytes (2.9%)
(RDMA_READ_CONSUME_CHECK_CONSUMER) timestamp=11175 ms, used_size=1165312 bytes (2.8%)
(RDMA_READ_CONSUME_CHECK_CONSUMER) timestamp=11175 ms, used_size=1163264 bytes (2.8%)
(RDMA_READ_CONSUME_CHECK_CONSUMER) timestamp=11175 ms, used_size=1161216 bytes (2.8%)
(RDMA_READ_CONSUME_CHECK_CONSUMER) timestamp=11175 ms, used_size=1159168 bytes (2.8%)
(RDMA_READ_CONSUME_CHECK_CONSUMER) timestamp=11175 ms, used_size=1157120 bytes (2.8%)
(RDMA_READ_CONSUME_CHECK_CONSUMER) timestamp=11175 ms, used_size=1155072 bytes (2.8%)
(RDMA_READ_CONSUME_CHECK_CONSUMER) timestamp=11175 ms, used_size=1153024 bytes (2.8%)
(RDMA_READ_CONSUME_CHECK_CONSUMER) timestamp=11175 ms, used_size=1150976 bytes (2.8%)
(RDMA_READ_CONSUME_CHECK_CONSUMER) timestamp=11175 ms, used_size=1148928 bytes (2.8%)
(RDMA_READ_CONSUME_CHECK_CONSUMER) timestamp=11175 ms, used_size=1146880 bytes (2.8%)
(RDMA_READ_CONSUME_CHECK_CONSUMER) timestamp=11175 ms, used_size=1144832 bytes (2.8%)
(RDMA_READ_CONSUME_CHECK_CONSUMER) timestamp=11175 ms, used_size=1142784 bytes (2.8%)
(RDMA_READ_CONSUME_CHECK_CONSUMER) timestamp=11175 ms, used_size=1140736 bytes (2.8%)
(RDMA_READ_CONSUME_CHECK_CONSUMER) timestamp=11175 ms, used_size=1138688 bytes (2.8%)
(RDMA_READ_CONSUME_CHECK_CONSUMER) timestamp=11175 ms, used_size=1136640 bytes (2.8%)
(RDMA_READ_CONSUME_CHECK_CONSUMER) timestamp=11175 ms, used_size=1134592 bytes (2.8%)
(RDMA_READ_CONSUME_CHECK_CONSUMER) timestamp=11175 ms, used_size=1132544 bytes (2.8%)
(RDMA_READ_CONSUME_CHECK_CONSUMER) timestamp=11175 ms, used_size=1130496 bytes (2.8%)
(RDMA_READ_CONSUME_CHECK_CONSUMER) timestamp=11175 ms, used_size=1128448 bytes (2.8%)
(RDMA_READ_CONSUME_CHECK_CONSUMER) timestamp=11175 ms, used_size=1126400 bytes (2.8%)
(RDMA_READ_CONSUME_CHECK_CONSUMER) timestamp=11175 ms, used_size=1124352 bytes (2.7%)
(RDMA_READ_CONSUME_CHECK_CONSUMER) timestamp=11175 ms, used_size=1122304 bytes (2.7%)
(RDMA_READ_CONSUME_CHECK_CONSUMER) timestamp=11175 ms, used_size=1120256 bytes (2.7%)
(RDMA_READ_CONSUME_CHECK_CONSUMER) timestamp=11175 ms, used_size=1118208 bytes (2.7%)
(RDMA_READ_CONSUME_CHECK_CONSUMER) timestamp=11176 ms, used_size=1116160 bytes (2.7%)
(RDMA_READ_CONSUME_CHECK_CONSUMER) timestamp=11176 ms, used_size=1114112 bytes (2.7%)
(RDMA_READ_CONSUME_CHECK_CONSUMER) timestamp=11176 ms, used_size=1112064 bytes (2.7%)
(RDMA_READ_CONSUME_CHECK_CONSUMER) timestamp=11176 ms, used_size=1110016 bytes (2.7%)
(RDMA_READ_CONSUME_CHECK_CONSUMER) timestamp=11176 ms, used_size=1107968 bytes (2.7%)
(RDMA_READ_CONSUME_CHECK_CONSUMER) timestamp=11176 ms, used_size=1105920 bytes (2.7%)
(RDMA_READ_CONSUME_CHECK_CONSUMER) timestamp=11176 ms, used_size=1103872 bytes (2.7%)
(RDMA_READ_CONSUME_CHECK_CONSUMER) timestamp=11176 ms, used_size=1101824 bytes (2.7%)
(RDMA_READ_CONSUME_CHECK_CONSUMER) timestamp=11176 ms, used_size=1099776 bytes (2.7%)
(RDMA_READ_CONSUME_CHECK_CONSUMER) timestamp=11176 ms, used_size=1097728 bytes (2.7%)
(RDMA_READ_CONSUME_CHECK_CONSUMER) timestamp=11176 ms, used_size=1095680 bytes (2.7%)
(RDMA_READ_CONSUME_CHECK_CONSUMER) timestamp=11176 ms, used_size=1093632 bytes (2.7%)
(RDMA_READ_CONSUME_CHECK_CONSUMER) timestamp=11176 ms, used_size=1091584 bytes (2.7%)
(RDMA_READ_CONSUME_CHECK_CONSUMER) timestamp=11176 ms, used_size=1089536 bytes (2.7%)
(RDMA_READ_CONSUME_CHECK_CONSUMER) timestamp=11176 ms, used_size=1087488 bytes (2.7%)
(RDMA_READ_CONSUME_CHECK_CONSUMER) timestamp=11176 ms, used_size=1085440 bytes (2.6%)
(RDMA_READ_CONSUME_CHECK_CONSUMER) timestamp=11176 ms, used_size=1083392 bytes (2.6%)
(RDMA_READ_CONSUME_CHECK_CONSUMER) timestamp=11176 ms, used_size=1081344 bytes (2.6%)
(RDMA_READ_CONSUME_CHECK_CONSUMER) timestamp=11176 ms, used_size=1079296 bytes (2.6%)
(RDMA_READ_CONSUME_CHECK_CONSUMER) timestamp=11176 ms, used_size=1077248 bytes (2.6%)
(RDMA_READ_CONSUME_CHECK_CONSUMER) timestamp=11176 ms, used_size=1075200 bytes (2.6%)
(RDMA_READ_CONSUME_CHECK_CONSUMER) timestamp=11176 ms, used_size=1073152 bytes (2.6%)
(RDMA_READ_CONSUME_CHECK_CONSUMER) timestamp=11176 ms, used_size=1071104 bytes (2.6%)
(RDMA_READ_CONSUME_CHECK_CONSUMER) timestamp=11176 ms, used_size=1069056 bytes (2.6%)
(RDMA_READ_CONSUME_CHECK_CONSUMER) timestamp=11176 ms, used_size=1067008 bytes (2.6%)
(RDMA_READ_CONSUME_CHECK_CONSUMER) timestamp=11176 ms, used_size=1064960 bytes (2.6%)
(RDMA_READ_CONSUME_CHECK_CONSUMER) timestamp=11176 ms, used_size=1062912 bytes (2.6%)
(RDMA_READ_CONSUME_CHECK_CONSUMER) timestamp=11176 ms, used_size=1060864 bytes (2.6%)
(RDMA_READ_CONSUME_CHECK_CONSUMER) timestamp=11176 ms, used_size=1058816 bytes (2.6%)
(RDMA_READ_CONSUME_CHECK_CONSUMER) timestamp=11176 ms, used_size=1056768 bytes (2.6%)
(RDMA_READ_CONSUME_CHECK_CONSUMER) timestamp=11176 ms, used_size=1054720 bytes (2.6%)
(RDMA_READ_CONSUME_CHECK_CONSUMER) timestamp=11176 ms, used_size=1052672 bytes (2.6%)
(RDMA_READ_CONSUME_CHECK_CONSUMER) timestamp=11176 ms, used_size=1050624 bytes (2.6%)
(RDMA_READ_CONSUME_CHECK_CONSUMER) timestamp=11176 ms, used_size=1048576 bytes (2.6%)
(RDMA_READ_CONSUME_CHECK_CONSUMER) timestamp=11176 ms, used_size=1046528 bytes (2.6%)
(RDMA_READ_CONSUME_CHECK_CONSUMER) timestamp=11176 ms, used_size=1044480 bytes (2.5%)
(RDMA_READ_CONSUME_CHECK_CONSUMER) timestamp=11176 ms, used_size=1042432 bytes (2.5%)
(RDMA_READ_CONSUME_CHECK_CONSUMER) timestamp=11176 ms, used_size=1040384 bytes (2.5%)
(RDMA_READ_CONSUME_CHECK_CONSUMER) timestamp=11176 ms, used_size=1038336 bytes (2.5%)
(RDMA_READ_CONSUME_CHECK_CONSUMER) timestamp=11176 ms, used_size=1036288 bytes (2.5%)
(RDMA_READ_CONSUME_CHECK_CONSUMER) timestamp=11176 ms, used_size=1034240 bytes (2.5%)
(RDMA_READ_CONSUME_CHECK_CONSUMER) timestamp=11176 ms, used_size=1032192 bytes (2.5%)
(RDMA_READ_CONSUME_CHECK_CONSUMER) timestamp=11176 ms, used_size=1030144 bytes (2.5%)
(RDMA_READ_CONSUME_CHECK_CONSUMER) timestamp=11176 ms, used_size=1028096 bytes (2.5%)
(RDMA_READ_CONSUME_CHECK_CONSUMER) timestamp=11176 ms, used_size=1026048 bytes (2.5%)
(RDMA_READ_CONSUME_CHECK_CONSUMER) timestamp=11176 ms, used_size=1024000 bytes (2.5%)
(RDMA_READ_CONSUME_CHECK_CONSUMER) timestamp=11176 ms, used_size=1021952 bytes (2.5%)
(RDMA_READ_CONSUME_CHECK_CONSUMER) timestamp=11176 ms, used_size=1019904 bytes (2.5%)
(RDMA_READ_CONSUME_CHECK_CONSUMER) timestamp=11176 ms, used_size=1017856 bytes (2.5%)
(RDMA_READ_CONSUME_CHECK_CONSUMER) timestamp=11176 ms, used_size=1015808 bytes (2.5%)
(RDMA_READ_CONSUME_CHECK_CONSUMER) timestamp=11176 ms, used_size=1013760 bytes (2.5%)
(RDMA_READ_CONSUME_CHECK_CONSUMER) timestamp=11176 ms, used_size=1011712 bytes (2.5%)
(RDMA_READ_CONSUME_CHECK_CONSUMER) timestamp=11176 ms, used_size=1009664 bytes (2.5%)
(RDMA_READ_CONSUME_CHECK_CONSUMER) timestamp=11176 ms, used_size=1007616 bytes (2.5%)
(RDMA_READ_CONSUME_CHECK_CONSUMER) timestamp=11176 ms, used_size=1005568 bytes (2.5%)
(RDMA_READ_CONSUME_CHECK_CONSUMER) timestamp=11176 ms, used_size=1003520 bytes (2.5%)
(RDMA_READ_CONSUME_CHECK_CONSUMER) timestamp=11176 ms, used_size=1001472 bytes (2.4%)
(RDMA_READ_CONSUME_CHECK_CONSUMER) timestamp=11176 ms, used_size=999424 bytes (2.4%)
(RDMA_READ_CONSUME_CHECK_CONSUMER) timestamp=11176 ms, used_size=997376 bytes (2.4%)
(RDMA_READ_CONSUME_CHECK_CONSUMER) timestamp=11176 ms, used_size=995328 bytes (2.4%)
(RDMA_READ_CONSUME_CHECK_CONSUMER) timestamp=11176 ms, used_size=993280 bytes (2.4%)
(RDMA_READ_CONSUME_CHECK_CONSUMER) timestamp=11176 ms, used_size=991232 bytes (2.4%)
(RDMA_READ_CONSUME_CHECK_CONSUMER) timestamp=11176 ms, used_size=989184 bytes (2.4%)
(RDMA_READ_CONSUME_CHECK_CONSUMER) timestamp=11176 ms, used_size=987136 bytes (2.4%)
(RDMA_READ_CONSUME_CHECK_CONSUMER) timestamp=11176 ms, used_size=985088 bytes (2.4%)
(RDMA_READ_CONSUME_CHECK_CONSUMER) timestamp=11176 ms, used_size=983040 bytes (2.4%)
(RDMA_READ_CONSUME_CHECK_CONSUMER) timestamp=11176 ms, used_size=980992 bytes (2.4%)
(RDMA_READ_CONSUME_CHECK_CONSUMER) timestamp=11176 ms, used_size=978944 bytes (2.4%)
(RDMA_READ_CONSUME_CHECK_CONSUMER) timestamp=11176 ms, used_size=976896 bytes (2.4%)
(RDMA_READ_CONSUME_CHECK_CONSUMER) timestamp=11176 ms, used_size=974848 bytes (2.4%)
(RDMA_READ_CONSUME_CHECK_CONSUMER) timestamp=11176 ms, used_size=972800 bytes (2.4%)
(RDMA_READ_CONSUME_CHECK_CONSUMER) timestamp=11176 ms, used_size=970752 bytes (2.4%)
(RDMA_READ_CONSUME_CHECK_CONSUMER) timestamp=11176 ms, used_size=968704 bytes (2.4%)
(RDMA_READ_CONSUME_CHECK_CONSUMER) timestamp=11176 ms, used_size=966656 bytes (2.4%)
(RDMA_READ_CONSUME_CHECK_CONSUMER) timestamp=11176 ms, used_size=964608 bytes (2.4%)
(RDMA_READ_CONSUME_CHECK_CONSUMER) timestamp=11176 ms, used_size=962560 bytes (2.4%)
(RDMA_READ_CONSUME_CHECK_CONSUMER) timestamp=11176 ms, used_size=960512 bytes (2.3%)
(RDMA_READ_CONSUME_CHECK_CONSUMER) timestamp=11176 ms, used_size=958464 bytes (2.3%)
(RDMA_READ_CONSUME_CHECK_CONSUMER) timestamp=11176 ms, used_size=956416 bytes (2.3%)
(RDMA_READ_CONSUME_CHECK_CONSUMER) timestamp=11176 ms, used_size=954368 bytes (2.3%)
(RDMA_READ_CONSUME_CHECK_CONSUMER) timestamp=11176 ms, used_size=952320 bytes (2.3%)
(RDMA_READ_CONSUME_CHECK_CONSUMER) timestamp=11176 ms, used_size=950272 bytes (2.3%)
(RDMA_READ_CONSUME_CHECK_CONSUMER) timestamp=11176 ms, used_size=948224 bytes (2.3%)
(RDMA_READ_CONSUME_CHECK_CONSUMER) timestamp=11176 ms, used_size=946176 bytes (2.3%)
(RDMA_READ_CONSUME_CHECK_CONSUMER) timestamp=11176 ms, used_size=944128 bytes (2.3%)
(RDMA_READ_CONSUME_CHECK_CONSUMER) timestamp=11176 ms, used_size=942080 bytes (2.3%)
(RDMA_READ_CONSUME_CHECK_CONSUMER) timestamp=11176 ms, used_size=940032 bytes (2.3%)
(RDMA_READ_CONSUME_CHECK_CONSUMER) timestamp=11176 ms, used_size=937984 bytes (2.3%)
(RDMA_READ_CONSUME_CHECK_CONSUMER) timestamp=11176 ms, used_size=935936 bytes (2.3%)
(RDMA_READ_CONSUME_CHECK_CONSUMER) timestamp=11176 ms, used_size=933888 bytes (2.3%)
(RDMA_READ_CONSUME_CHECK_CONSUMER) timestamp=11176 ms, used_size=931840 bytes (2.3%)
(RDMA_READ_CONSUME_CHECK_CONSUMER) timestamp=11176 ms, used_size=929792 bytes (2.3%)
(RDMA_READ_CONSUME_CHECK_CONSUMER) timestamp=11176 ms, used_size=927744 bytes (2.3%)
(RDMA_READ_CONSUME_CHECK_CONSUMER) timestamp=11176 ms, used_size=925696 bytes (2.3%)
(RDMA_READ_CONSUME_CHECK_CONSUMER) timestamp=11176 ms, used_size=923648 bytes (2.3%)
(RDMA_READ_CONSUME_CHECK_CONSUMER) timestamp=11176 ms, used_size=921600 bytes (2.2%)
(RDMA_READ_CONSUME_CHECK_CONSUMER) timestamp=11176 ms, used_size=919552 bytes (2.2%)
(RDMA_READ_CONSUME_CHECK_CONSUMER) timestamp=11176 ms, used_size=917504 bytes (2.2%)
(RDMA_READ_CONSUME_CHECK_CONSUMER) timestamp=11176 ms, used_size=915456 bytes (2.2%)
(RDMA_READ_CONSUME_CHECK_CONSUMER) timestamp=11176 ms, used_size=913408 bytes (2.2%)
(RDMA_READ_CONSUME_CHECK_CONSUMER) timestamp=11176 ms, used_size=911360 bytes (2.2%)
(RDMA_READ_CONSUME_CHECK_CONSUMER) timestamp=11176 ms, used_size=909312 bytes (2.2%)
(RDMA_READ_CONSUME_CHECK_CONSUMER) timestamp=11176 ms, used_size=907264 bytes (2.2%)
(RDMA_READ_CONSUME_CHECK_CONSUMER) timestamp=11176 ms, used_size=905216 bytes (2.2%)
(RDMA_READ_CONSUME_CHECK_CONSUMER) timestamp=11176 ms, used_size=903168 bytes (2.2%)
(RDMA_READ_CONSUME_CHECK_CONSUMER) timestamp=11176 ms, used_size=901120 bytes (2.2%)
(RDMA_READ_CONSUME_CHECK_CONSUMER) timestamp=11176 ms, used_size=899072 bytes (2.2%)
(RDMA_READ_CONSUME_CHECK_CONSUMER) timestamp=11176 ms, used_size=897024 bytes (2.2%)
(RDMA_READ_CONSUME_CHECK_CONSUMER) timestamp=11176 ms, used_size=894976 bytes (2.2%)
(RDMA_READ_CONSUME_CHECK_CONSUMER) timestamp=11176 ms, used_size=892928 bytes (2.2%)
(RDMA_READ_CONSUME_CHECK_CONSUMER) timestamp=11176 ms, used_size=890880 bytes (2.2%)
(RDMA_READ_CONSUME_CHECK_CONSUMER) timestamp=11176 ms, used_size=888832 bytes (2.2%)
(RDMA_READ_CONSUME_CHECK_CONSUMER) timestamp=11176 ms, used_size=886784 bytes (2.2%)
(RDMA_READ_CONSUME_CHECK_CONSUMER) timestamp=11176 ms, used_size=884736 bytes (2.2%)
(RDMA_READ_CONSUME_CHECK_CONSUMER) timestamp=11176 ms, used_size=882688 bytes (2.2%)
(RDMA_READ_CONSUME_CHECK_CONSUMER) timestamp=11176 ms, used_size=880640 bytes (2.1%)
(RDMA_READ_CONSUME_CHECK_CONSUMER) timestamp=11176 ms, used_size=878592 bytes (2.1%)
(RDMA_READ_CONSUME_CHECK_CONSUMER) timestamp=11176 ms, used_size=876544 bytes (2.1%)
(RDMA_READ_CONSUME_CHECK_CONSUMER) timestamp=11176 ms, used_size=874496 bytes (2.1%)
(RDMA_READ_CONSUME_CHECK_CONSUMER) timestamp=11176 ms, used_size=872448 bytes (2.1%)
(RDMA_READ_CONSUME_CHECK_CONSUMER) timestamp=11176 ms, used_size=870400 bytes (2.1%)
(RDMA_READ_CONSUME_CHECK_CONSUMER) timestamp=11176 ms, used_size=868352 bytes (2.1%)
(RDMA_READ_CONSUME_CHECK_CONSUMER) timestamp=11176 ms, used_size=866304 bytes (2.1%)
(RDMA_READ_CONSUME_CHECK_CONSUMER) timestamp=11176 ms, used_size=864256 bytes (2.1%)
(RDMA_READ_CONSUME_CHECK_CONSUMER) timestamp=11176 ms, used_size=862208 bytes (2.1%)
(RDMA_READ_CONSUME_CHECK_CONSUMER) timestamp=11176 ms, used_size=860160 bytes (2.1%)
(RDMA_READ_CONSUME_CHECK_CONSUMER) timestamp=11176 ms, used_size=858112 bytes (2.1%)
(RDMA_READ_CONSUME_CHECK_CONSUMER) timestamp=11176 ms, used_size=856064 bytes (2.1%)
(RDMA_READ_CONSUME_CHECK_CONSUMER) timestamp=11176 ms, used_size=854016 bytes (2.1%)
(RDMA_READ_CONSUME_CHECK_CONSUMER) timestamp=11176 ms, used_size=851968 bytes (2.1%)
(RDMA_READ_CONSUME_CHECK_CONSUMER) timestamp=11176 ms, used_size=849920 bytes (2.1%)
(RDMA_READ_CONSUME_CHECK_CONSUMER) timestamp=11176 ms, used_size=847872 bytes (2.1%)
(RDMA_READ_CONSUME_CHECK_CONSUMER) timestamp=11176 ms, used_size=845824 bytes (2.1%)
(RDMA_READ_CONSUME_CHECK_CONSUMER) timestamp=11176 ms, used_size=843776 bytes (2.1%)
(RDMA_READ_CONSUME_CHECK_CONSUMER) timestamp=11176 ms, used_size=841728 bytes (2.1%)
(RDMA_READ_CONSUME_CHECK_CONSUMER) timestamp=11176 ms, used_size=839680 bytes (2.0%)
(RDMA_READ_CONSUME_CHECK_CONSUMER) timestamp=11176 ms, used_size=837632 bytes (2.0%)
(RDMA_READ_CONSUME_CHECK_CONSUMER) timestamp=11176 ms, used_size=835584 bytes (2.0%)
(RDMA_READ_CONSUME_CHECK_CONSUMER) timestamp=11176 ms, used_size=833536 bytes (2.0%)
(RDMA_READ_CONSUME_CHECK_CONSUMER) timestamp=11176 ms, used_size=831488 bytes (2.0%)
(RDMA_READ_CONSUME_CHECK_CONSUMER) timestamp=11176 ms, used_size=829440 bytes (2.0%)
(RDMA_READ_CONSUME_CHECK_CONSUMER) timestamp=11176 ms, used_size=827392 bytes (2.0%)
(RDMA_READ_CONSUME_CHECK_CONSUMER) timestamp=11176 ms, used_size=825344 bytes (2.0%)
(RDMA_READ_CONSUME_CHECK_CONSUMER) timestamp=11176 ms, used_size=823296 bytes (2.0%)
(RDMA_READ_CONSUME_CHECK_CONSUMER) timestamp=11176 ms, used_size=821248 bytes (2.0%)
(RDMA_READ_CONSUME_CHECK_CONSUMER) timestamp=11176 ms, used_size=819200 bytes (2.0%)
(RDMA_READ_CONSUME_CHECK_CONSUMER) timestamp=11176 ms, used_size=817152 bytes (2.0%)
(RDMA_READ_CONSUME_CHECK_CONSUMER) timestamp=11176 ms, used_size=815104 bytes (2.0%)
(RDMA_READ_CONSUME_CHECK_CONSUMER) timestamp=11176 ms, used_size=813056 bytes (2.0%)
(RDMA_READ_CONSUME_CHECK_CONSUMER) timestamp=11176 ms, used_size=811008 bytes (2.0%)
(RDMA_READ_CONSUME_CHECK_CONSUMER) timestamp=11176 ms, used_size=808960 bytes (2.0%)
(RDMA_READ_CONSUME_CHECK_CONSUMER) timestamp=11176 ms, used_size=806912 bytes (2.0%)
(RDMA_READ_CONSUME_CHECK_CONSUMER) timestamp=11176 ms, used_size=804864 bytes (2.0%)
(RDMA_READ_CONSUME_CHECK_CONSUMER) timestamp=11176 ms, used_size=802816 bytes (2.0%)
(RDMA_READ_CONSUME_CHECK_CONSUMER) timestamp=11176 ms, used_size=800768 bytes (2.0%)
(RDMA_READ_CONSUME_CHECK_CONSUMER) timestamp=11176 ms, used_size=798720 bytes (1.9%)
(RDMA_READ_CONSUME_CHECK_CONSUMER) timestamp=11176 ms, used_size=796672 bytes (1.9%)
(RDMA_READ_CONSUME_CHECK_CONSUMER) timestamp=11176 ms, used_size=794624 bytes (1.9%)
(RDMA_READ_CONSUME_CHECK_CONSUMER) timestamp=11176 ms, used_size=792576 bytes (1.9%)
(RDMA_READ_CONSUME_CHECK_CONSUMER) timestamp=11176 ms, used_size=790528 bytes (1.9%)
(RDMA_READ_CONSUME_CHECK_CONSUMER) timestamp=11176 ms, used_size=788480 bytes (1.9%)
(RDMA_READ_CONSUME_CHECK_CONSUMER) timestamp=11176 ms, used_size=786432 bytes (1.9%)
(RDMA_READ_CONSUME_CHECK_CONSUMER) timestamp=11176 ms, used_size=784384 bytes (1.9%)
(RDMA_READ_CONSUME_CHECK_CONSUMER) timestamp=11176 ms, used_size=782336 bytes (1.9%)
(RDMA_READ_CONSUME_CHECK_CONSUMER) timestamp=11176 ms, used_size=780288 bytes (1.9%)
(RDMA_READ_CONSUME_CHECK_CONSUMER) timestamp=11176 ms, used_size=778240 bytes (1.9%)
(RDMA_READ_CONSUME_CHECK_CONSUMER) timestamp=11176 ms, used_size=776192 bytes (1.9%)
(RDMA_READ_CONSUME_CHECK_CONSUMER) timestamp=11177 ms, used_size=774144 bytes (1.9%)
(RDMA_READ_CONSUME_CHECK_CONSUMER) timestamp=11177 ms, used_size=772096 bytes (1.9%)
(RDMA_READ_CONSUME_CHECK_CONSUMER) timestamp=11177 ms, used_size=770048 bytes (1.9%)
(RDMA_READ_CONSUME_CHECK_CONSUMER) timestamp=11177 ms, used_size=768000 bytes (1.9%)
(RDMA_READ_CONSUME_CHECK_CONSUMER) timestamp=11177 ms, used_size=765952 bytes (1.9%)
(RDMA_READ_CONSUME_CHECK_CONSUMER) timestamp=11177 ms, used_size=763904 bytes (1.9%)
(RDMA_READ_CONSUME_CHECK_CONSUMER) timestamp=11177 ms, used_size=761856 bytes (1.9%)
(RDMA_READ_CONSUME_CHECK_CONSUMER) timestamp=11177 ms, used_size=759808 bytes (1.9%)
(RDMA_READ_CONSUME_CHECK_CONSUMER) timestamp=11177 ms, used_size=757760 bytes (1.9%)
(RDMA_READ_CONSUME_CHECK_CONSUMER) timestamp=11177 ms, used_size=755712 bytes (1.8%)
(RDMA_READ_CONSUME_CHECK_CONSUMER) timestamp=11177 ms, used_size=753664 bytes (1.8%)
(RDMA_READ_CONSUME_CHECK_CONSUMER) timestamp=11177 ms, used_size=751616 bytes (1.8%)
(RDMA_READ_CONSUME_CHECK_CONSUMER) timestamp=11177 ms, used_size=749568 bytes (1.8%)
(RDMA_READ_CONSUME_CHECK_CONSUMER) timestamp=11177 ms, used_size=747520 bytes (1.8%)
(RDMA_READ_CONSUME_CHECK_CONSUMER) timestamp=11177 ms, used_size=745472 bytes (1.8%)
(RDMA_READ_CONSUME_CHECK_CONSUMER) timestamp=11177 ms, used_size=743424 bytes (1.8%)
(RDMA_READ_CONSUME_CHECK_CONSUMER) timestamp=11177 ms, used_size=741376 bytes (1.8%)
(RDMA_READ_CONSUME_CHECK_CONSUMER) timestamp=11177 ms, used_size=739328 bytes (1.8%)
(RDMA_READ_CONSUME_CHECK_CONSUMER) timestamp=11177 ms, used_size=737280 bytes (1.8%)
(RDMA_READ_CONSUME_CHECK_CONSUMER) timestamp=11177 ms, used_size=735232 bytes (1.8%)
(RDMA_READ_CONSUME_CHECK_CONSUMER) timestamp=11177 ms, used_size=733184 bytes (1.8%)
(RDMA_READ_CONSUME_CHECK_CONSUMER) timestamp=11177 ms, used_size=731136 bytes (1.8%)
(RDMA_READ_CONSUME_CHECK_CONSUMER) timestamp=11177 ms, used_size=729088 bytes (1.8%)
(RDMA_READ_CONSUME_CHECK_CONSUMER) timestamp=11177 ms, used_size=727040 bytes (1.8%)
(RDMA_READ_CONSUME_CHECK_CONSUMER) timestamp=11177 ms, used_size=724992 bytes (1.8%)
(RDMA_READ_CONSUME_CHECK_CONSUMER) timestamp=11177 ms, used_size=722944 bytes (1.8%)
(RDMA_READ_CONSUME_CHECK_CONSUMER) timestamp=11177 ms, used_size=720896 bytes (1.8%)
(RDMA_READ_CONSUME_CHECK_CONSUMER) timestamp=11177 ms, used_size=718848 bytes (1.8%)
(RDMA_READ_CONSUME_CHECK_CONSUMER) timestamp=11177 ms, used_size=716800 bytes (1.8%)
(RDMA_READ_CONSUME_CHECK_CONSUMER) timestamp=11177 ms, used_size=714752 bytes (1.7%)
(RDMA_READ_CONSUME_CHECK_CONSUMER) timestamp=11177 ms, used_size=712704 bytes (1.7%)
(RDMA_READ_CONSUME_CHECK_CONSUMER) timestamp=11177 ms, used_size=710656 bytes (1.7%)
(RDMA_READ_CONSUME_CHECK_CONSUMER) timestamp=11177 ms, used_size=708608 bytes (1.7%)
(RDMA_READ_CONSUME_CHECK_CONSUMER) timestamp=11177 ms, used_size=706560 bytes (1.7%)
(RDMA_READ_CONSUME_CHECK_CONSUMER) timestamp=11177 ms, used_size=704512 bytes (1.7%)
(RDMA_READ_CONSUME_CHECK_CONSUMER) timestamp=11177 ms, used_size=702464 bytes (1.7%)
(RDMA_READ_CONSUME_CHECK_CONSUMER) timestamp=11177 ms, used_size=700416 bytes (1.7%)
(RDMA_READ_CONSUME_CHECK_CONSUMER) timestamp=11177 ms, used_size=698368 bytes (1.7%)
(RDMA_READ_CONSUME_CHECK_CONSUMER) timestamp=11177 ms, used_size=696320 bytes (1.7%)
(RDMA_READ_CONSUME_CHECK_CONSUMER) timestamp=11177 ms, used_size=694272 bytes (1.7%)
(RDMA_READ_CONSUME_CHECK_CONSUMER) timestamp=11177 ms, used_size=692224 bytes (1.7%)
(RDMA_READ_CONSUME_CHECK_CONSUMER) timestamp=11177 ms, used_size=690176 bytes (1.7%)
(RDMA_READ_CONSUME_CHECK_CONSUMER) timestamp=11177 ms, used_size=688128 bytes (1.7%)
(RDMA_READ_CONSUME_CHECK_CONSUMER) timestamp=11177 ms, used_size=686080 bytes (1.7%)
(RDMA_READ_CONSUME_CHECK_CONSUMER) timestamp=11177 ms, used_size=684032 bytes (1.7%)
(RDMA_READ_CONSUME_CHECK_CONSUMER) timestamp=11177 ms, used_size=681984 bytes (1.7%)
(RDMA_READ_CONSUME_CHECK_CONSUMER) timestamp=11177 ms, used_size=679936 bytes (1.7%)
(RDMA_READ_CONSUME_CHECK_CONSUMER) timestamp=11177 ms, used_size=677888 bytes (1.7%)
(RDMA_READ_CONSUME_CHECK_CONSUMER) timestamp=11177 ms, used_size=675840 bytes (1.6%)
(RDMA_READ_CONSUME_CHECK_CONSUMER) timestamp=11177 ms, used_size=673792 bytes (1.6%)
(RDMA_READ_CONSUME_CHECK_CONSUMER) timestamp=11177 ms, used_size=671744 bytes (1.6%)
(RDMA_READ_CONSUME_CHECK_CONSUMER) timestamp=11177 ms, used_size=669696 bytes (1.6%)
(RDMA_READ_CONSUME_CHECK_CONSUMER) timestamp=11177 ms, used_size=667648 bytes (1.6%)
(RDMA_READ_CONSUME_CHECK_CONSUMER) timestamp=11177 ms, used_size=665600 bytes (1.6%)
(RDMA_READ_CONSUME_CHECK_CONSUMER) timestamp=11177 ms, used_size=663552 bytes (1.6%)
(RDMA_READ_CONSUME_CHECK_CONSUMER) timestamp=11177 ms, used_size=661504 bytes (1.6%)
(RDMA_READ_CONSUME_CHECK_CONSUMER) timestamp=11177 ms, used_size=659456 bytes (1.6%)
(RDMA_READ_CONSUME_CHECK_CONSUMER) timestamp=11177 ms, used_size=657408 bytes (1.6%)
(RDMA_READ_CONSUME_CHECK_CONSUMER) timestamp=11177 ms, used_size=655360 bytes (1.6%)
(RDMA_READ_CONSUME_CHECK_CONSUMER) timestamp=11177 ms, used_size=653312 bytes (1.6%)
(RDMA_READ_CONSUME_CHECK_CONSUMER) timestamp=11177 ms, used_size=651264 bytes (1.6%)
(RDMA_READ_CONSUME_CHECK_CONSUMER) timestamp=11177 ms, used_size=649216 bytes (1.6%)
(RDMA_READ_CONSUME_CHECK_CONSUMER) timestamp=11177 ms, used_size=647168 bytes (1.6%)
(RDMA_READ_CONSUME_CHECK_CONSUMER) timestamp=11177 ms, used_size=645120 bytes (1.6%)
(RDMA_READ_CONSUME_CHECK_CONSUMER) timestamp=11177 ms, used_size=643072 bytes (1.6%)
(RDMA_READ_CONSUME_CHECK_CONSUMER) timestamp=11177 ms, used_size=641024 bytes (1.6%)
(RDMA_READ_CONSUME_CHECK_CONSUMER) timestamp=11177 ms, used_size=638976 bytes (1.6%)
(RDMA_READ_CONSUME_CHECK_CONSUMER) timestamp=11177 ms, used_size=636928 bytes (1.6%)
(RDMA_READ_CONSUME_CHECK_CONSUMER) timestamp=11177 ms, used_size=634880 bytes (1.6%)
(RDMA_READ_CONSUME_CHECK_CONSUMER) timestamp=11177 ms, used_size=632832 bytes (1.5%)
(RDMA_READ_CONSUME_CHECK_CONSUMER) timestamp=11177 ms, used_size=630784 bytes (1.5%)
(RDMA_READ_CONSUME_CHECK_CONSUMER) timestamp=11177 ms, used_size=628736 bytes (1.5%)
(RDMA_READ_CONSUME_CHECK_CONSUMER) timestamp=11177 ms, used_size=626688 bytes (1.5%)
(RDMA_READ_CONSUME_CHECK_CONSUMER) timestamp=11177 ms, used_size=624640 bytes (1.5%)
(RDMA_READ_CONSUME_CHECK_CONSUMER) timestamp=11177 ms, used_size=622592 bytes (1.5%)
(RDMA_READ_CONSUME_CHECK_CONSUMER) timestamp=11177 ms, used_size=620544 bytes (1.5%)
(RDMA_READ_CONSUME_CHECK_CONSUMER) timestamp=11177 ms, used_size=618496 bytes (1.5%)
(RDMA_READ_CONSUME_CHECK_CONSUMER) timestamp=11177 ms, used_size=616448 bytes (1.5%)
(RDMA_READ_CONSUME_CHECK_CONSUMER) timestamp=11177 ms, used_size=614400 bytes (1.5%)
(RDMA_READ_CONSUME_CHECK_CONSUMER) timestamp=11177 ms, used_size=612352 bytes (1.5%)
(RDMA_READ_CONSUME_CHECK_CONSUMER) timestamp=11177 ms, used_size=610304 bytes (1.5%)
(RDMA_READ_CONSUME_CHECK_CONSUMER) timestamp=11177 ms, used_size=608256 bytes (1.5%)
(RDMA_READ_CONSUME_CHECK_CONSUMER) timestamp=11177 ms, used_size=606208 bytes (1.5%)
(RDMA_READ_CONSUME_CHECK_CONSUMER) timestamp=11177 ms, used_size=604160 bytes (1.5%)
(RDMA_READ_CONSUME_CHECK_CONSUMER) timestamp=11177 ms, used_size=602112 bytes (1.5%)
(RDMA_READ_CONSUME_CHECK_CONSUMER) timestamp=11177 ms, used_size=600064 bytes (1.5%)
(RDMA_READ_CONSUME_CHECK_CONSUMER) timestamp=11177 ms, used_size=598016 bytes (1.5%)
(RDMA_READ_CONSUME_CHECK_CONSUMER) timestamp=11177 ms, used_size=595968 bytes (1.5%)
(RDMA_READ_CONSUME_CHECK_CONSUMER) timestamp=11177 ms, used_size=593920 bytes (1.4%)
(RDMA_READ_CONSUME_CHECK_CONSUMER) timestamp=11177 ms, used_size=591872 bytes (1.4%)
(RDMA_READ_CONSUME_CHECK_CONSUMER) timestamp=11177 ms, used_size=589824 bytes (1.4%)
(RDMA_READ_CONSUME_CHECK_CONSUMER) timestamp=11177 ms, used_size=587776 bytes (1.4%)
(RDMA_READ_CONSUME_CHECK_CONSUMER) timestamp=11177 ms, used_size=585728 bytes (1.4%)
(RDMA_READ_CONSUME_CHECK_CONSUMER) timestamp=11177 ms, used_size=583680 bytes (1.4%)
(RDMA_READ_CONSUME_CHECK_CONSUMER) timestamp=11177 ms, used_size=581632 bytes (1.4%)
(RDMA_READ_CONSUME_CHECK_CONSUMER) timestamp=11177 ms, used_size=579584 bytes (1.4%)
(RDMA_READ_CONSUME_CHECK_CONSUMER) timestamp=11177 ms, used_size=577536 bytes (1.4%)
(RDMA_READ_CONSUME_CHECK_CONSUMER) timestamp=11177 ms, used_size=575488 bytes (1.4%)
(RDMA_READ_CONSUME_CHECK_CONSUMER) timestamp=11177 ms, used_size=573440 bytes (1.4%)
(RDMA_READ_CONSUME_CHECK_CONSUMER) timestamp=11177 ms, used_size=571392 bytes (1.4%)
(RDMA_READ_CONSUME_CHECK_CONSUMER) timestamp=11177 ms, used_size=569344 bytes (1.4%)
(RDMA_READ_CONSUME_CHECK_CONSUMER) timestamp=11177 ms, used_size=567296 bytes (1.4%)
(RDMA_READ_CONSUME_CHECK_CONSUMER) timestamp=11177 ms, used_size=565248 bytes (1.4%)
(RDMA_READ_CONSUME_CHECK_CONSUMER) timestamp=11177 ms, used_size=563200 bytes (1.4%)
(RDMA_READ_CONSUME_CHECK_CONSUMER) timestamp=11177 ms, used_size=561152 bytes (1.4%)
(RDMA_READ_CONSUME_CHECK_CONSUMER) timestamp=11177 ms, used_size=559104 bytes (1.4%)
(RDMA_READ_CONSUME_CHECK_CONSUMER) timestamp=11177 ms, used_size=557056 bytes (1.4%)
(RDMA_READ_CONSUME_CHECK_CONSUMER) timestamp=11177 ms, used_size=555008 bytes (1.4%)
(RDMA_READ_CONSUME_CHECK_CONSUMER) timestamp=11177 ms, used_size=552960 bytes (1.4%)
(RDMA_READ_CONSUME_CHECK_CONSUMER) timestamp=11177 ms, used_size=550912 bytes (1.3%)
(RDMA_READ_CONSUME_CHECK_CONSUMER) timestamp=11177 ms, used_size=548864 bytes (1.3%)
(RDMA_READ_CONSUME_CHECK_CONSUMER) timestamp=11177 ms, used_size=546816 bytes (1.3%)
(RDMA_READ_CONSUME_CHECK_CONSUMER) timestamp=11177 ms, used_size=544768 bytes (1.3%)
(RDMA_READ_CONSUME_CHECK_CONSUMER) timestamp=11177 ms, used_size=542720 bytes (1.3%)
(RDMA_READ_CONSUME_CHECK_CONSUMER) timestamp=11177 ms, used_size=540672 bytes (1.3%)
(RDMA_READ_CONSUME_CHECK_CONSUMER) timestamp=11177 ms, used_size=538624 bytes (1.3%)
(RDMA_READ_CONSUME_CHECK_CONSUMER) timestamp=11177 ms, used_size=536576 bytes (1.3%)
(RDMA_READ_CONSUME_CHECK_CONSUMER) timestamp=11177 ms, used_size=534528 bytes (1.3%)
(RDMA_READ_CONSUME_CHECK_CONSUMER) timestamp=11177 ms, used_size=532480 bytes (1.3%)
(RDMA_READ_CONSUME_CHECK_CONSUMER) timestamp=11177 ms, used_size=530432 bytes (1.3%)
(RDMA_READ_CONSUME_CHECK_CONSUMER) timestamp=11177 ms, used_size=528384 bytes (1.3%)
(RDMA_READ_CONSUME_CHECK_CONSUMER) timestamp=11177 ms, used_size=526336 bytes (1.3%)
(RDMA_READ_CONSUME_CHECK_CONSUMER) timestamp=11177 ms, used_size=524288 bytes (1.3%)
(RDMA_READ_CONSUME_CHECK_CONSUMER) timestamp=11177 ms, used_size=522240 bytes (1.3%)
(RDMA_READ_CONSUME_CHECK_CONSUMER) timestamp=11177 ms, used_size=520192 bytes (1.3%)
(RDMA_READ_CONSUME_CHECK_CONSUMER) timestamp=11177 ms, used_size=518144 bytes (1.3%)
(RDMA_READ_CONSUME_CHECK_CONSUMER) timestamp=11177 ms, used_size=516096 bytes (1.3%)
(RDMA_READ_CONSUME_CHECK_CONSUMER) timestamp=11177 ms, used_size=514048 bytes (1.3%)
(RDMA_READ_CONSUME_CHECK_CONSUMER) timestamp=11177 ms, used_size=512000 bytes (1.2%)
(RDMA_READ_CONSUME_CHECK_CONSUMER) timestamp=11177 ms, used_size=509952 bytes (1.2%)
(RDMA_READ_CONSUME_CHECK_CONSUMER) timestamp=11177 ms, used_size=507904 bytes (1.2%)
(RDMA_READ_CONSUME_CHECK_CONSUMER) timestamp=11177 ms, used_size=505856 bytes (1.2%)
(RDMA_READ_CONSUME_CHECK_CONSUMER) timestamp=11177 ms, used_size=503808 bytes (1.2%)
(RDMA_READ_CONSUME_CHECK_CONSUMER) timestamp=11177 ms, used_size=501760 bytes (1.2%)
(RDMA_READ_CONSUME_CHECK_CONSUMER) timestamp=11177 ms, used_size=499712 bytes (1.2%)
(RDMA_READ_CONSUME_CHECK_CONSUMER) timestamp=11177 ms, used_size=497664 bytes (1.2%)
(RDMA_READ_CONSUME_CHECK_CONSUMER) timestamp=11177 ms, used_size=495616 bytes (1.2%)
(RDMA_READ_CONSUME_CHECK_CONSUMER) timestamp=11177 ms, used_size=493568 bytes (1.2%)
(RDMA_READ_CONSUME_CHECK_CONSUMER) timestamp=11177 ms, used_size=491520 bytes (1.2%)
(RDMA_READ_CONSUME_CHECK_CONSUMER) timestamp=11177 ms, used_size=489472 bytes (1.2%)
(RDMA_READ_CONSUME_CHECK_CONSUMER) timestamp=11177 ms, used_size=487424 bytes (1.2%)
(RDMA_READ_CONSUME_CHECK_CONSUMER) timestamp=11177 ms, used_size=485376 bytes (1.2%)
(RDMA_READ_CONSUME_CHECK_CONSUMER) timestamp=11177 ms, used_size=483328 bytes (1.2%)
(RDMA_READ_CONSUME_CHECK_CONSUMER) timestamp=11177 ms, used_size=481280 bytes (1.2%)
(RDMA_READ_CONSUME_CHECK_CONSUMER) timestamp=11177 ms, used_size=479232 bytes (1.2%)
(RDMA_READ_CONSUME_CHECK_CONSUMER) timestamp=11177 ms, used_size=477184 bytes (1.2%)
(RDMA_READ_CONSUME_CHECK_CONSUMER) timestamp=11177 ms, used_size=475136 bytes (1.2%)
(RDMA_READ_CONSUME_CHECK_CONSUMER) timestamp=11177 ms, used_size=473088 bytes (1.2%)
(RDMA_READ_CONSUME_CHECK_CONSUMER) timestamp=11177 ms, used_size=471040 bytes (1.1%)
(RDMA_READ_CONSUME_CHECK_CONSUMER) timestamp=11177 ms, used_size=468992 bytes (1.1%)
(RDMA_READ_CONSUME_CHECK_CONSUMER) timestamp=11177 ms, used_size=466944 bytes (1.1%)
(RDMA_READ_CONSUME_CHECK_CONSUMER) timestamp=11177 ms, used_size=464896 bytes (1.1%)
(RDMA_READ_CONSUME_CHECK_CONSUMER) timestamp=11177 ms, used_size=462848 bytes (1.1%)
(RDMA_READ_CONSUME_CHECK_CONSUMER) timestamp=11177 ms, used_size=460800 bytes (1.1%)
(RDMA_READ_CONSUME_CHECK_CONSUMER) timestamp=11177 ms, used_size=458752 bytes (1.1%)
(RDMA_READ_CONSUME_CHECK_CONSUMER) timestamp=11177 ms, used_size=456704 bytes (1.1%)
(RDMA_READ_CONSUME_CHECK_CONSUMER) timestamp=11177 ms, used_size=454656 bytes (1.1%)
(RDMA_READ_CONSUME_CHECK_CONSUMER) timestamp=11177 ms, used_size=452608 bytes (1.1%)
(RDMA_READ_CONSUME_CHECK_CONSUMER) timestamp=11177 ms, used_size=450560 bytes (1.1%)
(RDMA_READ_CONSUME_CHECK_CONSUMER) timestamp=11177 ms, used_size=448512 bytes (1.1%)
(RDMA_READ_CONSUME_CHECK_CONSUMER) timestamp=11177 ms, used_size=446464 bytes (1.1%)
(RDMA_READ_CONSUME_CHECK_CONSUMER) timestamp=11177 ms, used_size=444416 bytes (1.1%)
(RDMA_READ_CONSUME_CHECK_CONSUMER) timestamp=11177 ms, used_size=442368 bytes (1.1%)
(RDMA_READ_CONSUME_CHECK_CONSUMER) timestamp=11177 ms, used_size=440320 bytes (1.1%)
(RDMA_READ_CONSUME_CHECK_CONSUMER) timestamp=11177 ms, used_size=438272 bytes (1.1%)
(RDMA_READ_CONSUME_CHECK_CONSUMER) timestamp=11177 ms, used_size=436224 bytes (1.1%)
(RDMA_READ_CONSUME_CHECK_CONSUMER) timestamp=11177 ms, used_size=434176 bytes (1.1%)
(RDMA_READ_CONSUME_CHECK_CONSUMER) timestamp=11177 ms, used_size=432128 bytes (1.1%)
(RDMA_READ_CONSUME_CHECK_CONSUMER) timestamp=11177 ms, used_size=430080 bytes (1.1%)
(RDMA_READ_CONSUME_CHECK_CONSUMER) timestamp=11178 ms, used_size=428032 bytes (1.0%)
(RDMA_READ_CONSUME_CHECK_CONSUMER) timestamp=11178 ms, used_size=425984 bytes (1.0%)
(RDMA_READ_CONSUME_CHECK_CONSUMER) timestamp=11178 ms, used_size=423936 bytes (1.0%)
(RDMA_READ_CONSUME_CHECK_CONSUMER) timestamp=11178 ms, used_size=421888 bytes (1.0%)
(RDMA_READ_CONSUME_CHECK_CONSUMER) timestamp=11178 ms, used_size=419840 bytes (1.0%)
(RDMA_READ_CONSUME_CHECK_CONSUMER) timestamp=11178 ms, used_size=417792 bytes (1.0%)
(RDMA_READ_CONSUME_CHECK_CONSUMER) timestamp=11178 ms, used_size=415744 bytes (1.0%)
(RDMA_READ_CONSUME_CHECK_CONSUMER) timestamp=11178 ms, used_size=413696 bytes (1.0%)
(RDMA_READ_CONSUME_CHECK_CONSUMER) timestamp=11178 ms, used_size=411648 bytes (1.0%)
(RDMA_READ_CONSUME_CHECK_CONSUMER) timestamp=11178 ms, used_size=409600 bytes (1.0%)
(RDMA_READ_CONSUME_CHECK_CONSUMER) timestamp=11178 ms, used_size=407552 bytes (1.0%)
(RDMA_READ_CONSUME_CHECK_CONSUMER) timestamp=11178 ms, used_size=405504 bytes (1.0%)
(RDMA_READ_CONSUME_CHECK_CONSUMER) timestamp=11178 ms, used_size=403456 bytes (1.0%)
(RDMA_READ_CONSUME_CHECK_CONSUMER) timestamp=11178 ms, used_size=401408 bytes (1.0%)
(RDMA_READ_CONSUME_CHECK_CONSUMER) timestamp=11178 ms, used_size=399360 bytes (1.0%)
(RDMA_READ_CONSUME_CHECK_CONSUMER) timestamp=11178 ms, used_size=397312 bytes (1.0%)
(RDMA_READ_CONSUME_CHECK_CONSUMER) timestamp=11178 ms, used_size=395264 bytes (1.0%)
(RDMA_READ_CONSUME_CHECK_CONSUMER) timestamp=11178 ms, used_size=393216 bytes (1.0%)
(RDMA_READ_CONSUME_CHECK_CONSUMER) timestamp=11178 ms, used_size=391168 bytes (1.0%)
(RDMA_READ_CONSUME_CHECK_CONSUMER) timestamp=11178 ms, used_size=389120 bytes (0.9%)
(RDMA_READ_CONSUME_CHECK_CONSUMER) timestamp=11178 ms, used_size=387072 bytes (0.9%)
(RDMA_READ_CONSUME_CHECK_CONSUMER) timestamp=11178 ms, used_size=385024 bytes (0.9%)
(RDMA_READ_CONSUME_CHECK_CONSUMER) timestamp=11178 ms, used_size=382976 bytes (0.9%)
(RDMA_READ_CONSUME_CHECK_CONSUMER) timestamp=11178 ms, used_size=380928 bytes (0.9%)
(RDMA_READ_CONSUME_CHECK_CONSUMER) timestamp=11178 ms, used_size=378880 bytes (0.9%)
(RDMA_READ_CONSUME_CHECK_CONSUMER) timestamp=11178 ms, used_size=376832 bytes (0.9%)
(RDMA_READ_CONSUME_CHECK_CONSUMER) timestamp=11178 ms, used_size=374784 bytes (0.9%)
(RDMA_READ_CONSUME_CHECK_CONSUMER) timestamp=11178 ms, used_size=372736 bytes (0.9%)
(RDMA_READ_CONSUME_CHECK_CONSUMER) timestamp=11178 ms, used_size=370688 bytes (0.9%)
(RDMA_READ_CONSUME_CHECK_CONSUMER) timestamp=11178 ms, used_size=368640 bytes (0.9%)
(RDMA_READ_CONSUME_CHECK_CONSUMER) timestamp=11178 ms, used_size=366592 bytes (0.9%)
(RDMA_READ_CONSUME_CHECK_CONSUMER) timestamp=11178 ms, used_size=364544 bytes (0.9%)
(RDMA_READ_CONSUME_CHECK_CONSUMER) timestamp=11178 ms, used_size=362496 bytes (0.9%)
(RDMA_READ_CONSUME_CHECK_CONSUMER) timestamp=11178 ms, used_size=360448 bytes (0.9%)
(RDMA_READ_CONSUME_CHECK_CONSUMER) timestamp=11178 ms, used_size=358400 bytes (0.9%)
(RDMA_READ_CONSUME_CHECK_CONSUMER) timestamp=11178 ms, used_size=356352 bytes (0.9%)
(RDMA_READ_CONSUME_CHECK_CONSUMER) timestamp=11178 ms, used_size=354304 bytes (0.9%)
(RDMA_READ_CONSUME_CHECK_CONSUMER) timestamp=11178 ms, used_size=352256 bytes (0.9%)
(RDMA_READ_CONSUME_CHECK_CONSUMER) timestamp=11178 ms, used_size=350208 bytes (0.9%)
(RDMA_READ_CONSUME_CHECK_CONSUMER) timestamp=11178 ms, used_size=348160 bytes (0.8%)
(RDMA_READ_CONSUME_CHECK_CONSUMER) timestamp=11178 ms, used_size=346112 bytes (0.8%)
(RDMA_READ_CONSUME_CHECK_CONSUMER) timestamp=11178 ms, used_size=344064 bytes (0.8%)
(RDMA_READ_CONSUME_CHECK_CONSUMER) timestamp=11178 ms, used_size=342016 bytes (0.8%)
(RDMA_READ_CONSUME_CHECK_CONSUMER) timestamp=11178 ms, used_size=339968 bytes (0.8%)
(RDMA_READ_CONSUME_CHECK_CONSUMER) timestamp=11178 ms, used_size=337920 bytes (0.8%)
(RDMA_READ_CONSUME_CHECK_CONSUMER) timestamp=11178 ms, used_size=335872 bytes (0.8%)
(RDMA_READ_CONSUME_CHECK_CONSUMER) timestamp=11178 ms, used_size=333824 bytes (0.8%)
(RDMA_READ_CONSUME_CHECK_CONSUMER) timestamp=11178 ms, used_size=331776 bytes (0.8%)
(RDMA_READ_CONSUME_CHECK_CONSUMER) timestamp=11178 ms, used_size=329728 bytes (0.8%)
(RDMA_READ_CONSUME_CHECK_CONSUMER) timestamp=11178 ms, used_size=327680 bytes (0.8%)
(RDMA_READ_CONSUME_CHECK_CONSUMER) timestamp=11178 ms, used_size=325632 bytes (0.8%)
(RDMA_READ_CONSUME_CHECK_CONSUMER) timestamp=11178 ms, used_size=323584 bytes (0.8%)
(RDMA_READ_CONSUME_CHECK_CONSUMER) timestamp=11178 ms, used_size=321536 bytes (0.8%)
(RDMA_READ_CONSUME_CHECK_CONSUMER) timestamp=11178 ms, used_size=319488 bytes (0.8%)
(RDMA_READ_CONSUME_CHECK_CONSUMER) timestamp=11178 ms, used_size=317440 bytes (0.8%)
(RDMA_READ_CONSUME_CHECK_CONSUMER) timestamp=11178 ms, used_size=315392 bytes (0.8%)
(RDMA_READ_CONSUME_CHECK_CONSUMER) timestamp=11178 ms, used_size=313344 bytes (0.8%)
(RDMA_READ_CONSUME_CHECK_CONSUMER) timestamp=11178 ms, used_size=311296 bytes (0.8%)
(RDMA_READ_CONSUME_CHECK_CONSUMER) timestamp=11178 ms, used_size=309248 bytes (0.8%)
(RDMA_READ_CONSUME_CHECK_CONSUMER) timestamp=11178 ms, used_size=307200 bytes (0.8%)
(RDMA_READ_CONSUME_CHECK_CONSUMER) timestamp=11178 ms, used_size=305152 bytes (0.7%)
(RDMA_READ_CONSUME_CHECK_CONSUMER) timestamp=11178 ms, used_size=303104 bytes (0.7%)
(RDMA_READ_CONSUME_CHECK_CONSUMER) timestamp=11178 ms, used_size=301056 bytes (0.7%)
(RDMA_READ_CONSUME_CHECK_CONSUMER) timestamp=11178 ms, used_size=299008 bytes (0.7%)
(RDMA_READ_CONSUME_CHECK_CONSUMER) timestamp=11178 ms, used_size=296960 bytes (0.7%)
(RDMA_READ_CONSUME_CHECK_CONSUMER) timestamp=11178 ms, used_size=294912 bytes (0.7%)
(RDMA_READ_CONSUME_CHECK_CONSUMER) timestamp=11178 ms, used_size=292864 bytes (0.7%)
(RDMA_READ_CONSUME_CHECK_CONSUMER) timestamp=11178 ms, used_size=290816 bytes (0.7%)
(RDMA_READ_CONSUME_CHECK_CONSUMER) timestamp=11178 ms, used_size=288768 bytes (0.7%)
(RDMA_READ_CONSUME_CHECK_CONSUMER) timestamp=11178 ms, used_size=286720 bytes (0.7%)
(RDMA_READ_CONSUME_CHECK_CONSUMER) timestamp=11178 ms, used_size=284672 bytes (0.7%)
(RDMA_READ_CONSUME_CHECK_CONSUMER) timestamp=11178 ms, used_size=282624 bytes (0.7%)
(RDMA_READ_CONSUME_CHECK_CONSUMER) timestamp=11178 ms, used_size=280576 bytes (0.7%)
(RDMA_READ_CONSUME_CHECK_CONSUMER) timestamp=11178 ms, used_size=278528 bytes (0.7%)
(RDMA_READ_CONSUME_CHECK_CONSUMER) timestamp=11178 ms, used_size=276480 bytes (0.7%)
(RDMA_READ_CONSUME_CHECK_CONSUMER) timestamp=11178 ms, used_size=274432 bytes (0.7%)
(RDMA_READ_CONSUME_CHECK_CONSUMER) timestamp=11178 ms, used_size=272384 bytes (0.7%)
(RDMA_READ_CONSUME_CHECK_CONSUMER) timestamp=11178 ms, used_size=270336 bytes (0.7%)
(RDMA_READ_CONSUME_CHECK_CONSUMER) timestamp=11178 ms, used_size=268288 bytes (0.7%)
(RDMA_READ_CONSUME_CHECK_CONSUMER) timestamp=11178 ms, used_size=266240 bytes (0.7%)
(RDMA_READ_CONSUME_CHECK_CONSUMER) timestamp=11178 ms, used_size=264192 bytes (0.6%)
(RDMA_READ_CONSUME_CHECK_CONSUMER) timestamp=11178 ms, used_size=262144 bytes (0.6%)
(RDMA_READ_CONSUME_CHECK_CONSUMER) timestamp=11178 ms, used_size=260096 bytes (0.6%)
(RDMA_READ_CONSUME_CHECK_CONSUMER) timestamp=11178 ms, used_size=258048 bytes (0.6%)
(RDMA_READ_CONSUME_CHECK_CONSUMER) timestamp=11178 ms, used_size=256000 bytes (0.6%)
(RDMA_READ_CONSUME_CHECK_CONSUMER) timestamp=11178 ms, used_size=253952 bytes (0.6%)
(RDMA_READ_CONSUME_CHECK_CONSUMER) timestamp=11178 ms, used_size=251904 bytes (0.6%)
(RDMA_READ_CONSUME_CHECK_CONSUMER) timestamp=11178 ms, used_size=249856 bytes (0.6%)
(RDMA_READ_CONSUME_CHECK_CONSUMER) timestamp=11178 ms, used_size=247808 bytes (0.6%)
(RDMA_READ_CONSUME_CHECK_CONSUMER) timestamp=11178 ms, used_size=245760 bytes (0.6%)
(RDMA_READ_CONSUME_CHECK_CONSUMER) timestamp=11178 ms, used_size=243712 bytes (0.6%)
(RDMA_READ_CONSUME_CHECK_CONSUMER) timestamp=11178 ms, used_size=241664 bytes (0.6%)
(RDMA_READ_CONSUME_CHECK_CONSUMER) timestamp=11178 ms, used_size=239616 bytes (0.6%)
(RDMA_READ_CONSUME_CHECK_CONSUMER) timestamp=11178 ms, used_size=237568 bytes (0.6%)
(RDMA_READ_CONSUME_CHECK_CONSUMER) timestamp=11178 ms, used_size=235520 bytes (0.6%)
(RDMA_READ_CONSUME_CHECK_CONSUMER) timestamp=11178 ms, used_size=233472 bytes (0.6%)
(RDMA_READ_CONSUME_CHECK_CONSUMER) timestamp=11178 ms, used_size=231424 bytes (0.6%)
(RDMA_READ_CONSUME_CHECK_CONSUMER) timestamp=11178 ms, used_size=229376 bytes (0.6%)
(RDMA_READ_CONSUME_CHECK_CONSUMER) timestamp=11178 ms, used_size=227328 bytes (0.6%)
(RDMA_READ_CONSUME_CHECK_CONSUMER) timestamp=11178 ms, used_size=225280 bytes (0.6%)
(RDMA_READ_CONSUME_CHECK_CONSUMER) timestamp=11178 ms, used_size=223232 bytes (0.5%)
(RDMA_READ_CONSUME_CHECK_CONSUMER) timestamp=11178 ms, used_size=221184 bytes (0.5%)
(RDMA_READ_CONSUME_CHECK_CONSUMER) timestamp=11178 ms, used_size=219136 bytes (0.5%)
(RDMA_READ_CONSUME_CHECK_CONSUMER) timestamp=11178 ms, used_size=217088 bytes (0.5%)
(RDMA_READ_CONSUME_CHECK_CONSUMER) timestamp=11178 ms, used_size=215040 bytes (0.5%)
(RDMA_READ_CONSUME_CHECK_CONSUMER) timestamp=11178 ms, used_size=212992 bytes (0.5%)
(RDMA_READ_CONSUME_CHECK_CONSUMER) timestamp=11178 ms, used_size=210944 bytes (0.5%)
(RDMA_READ_CONSUME_CHECK_CONSUMER) timestamp=11178 ms, used_size=208896 bytes (0.5%)
(RDMA_READ_CONSUME_CHECK_CONSUMER) timestamp=11178 ms, used_size=206848 bytes (0.5%)
(RDMA_READ_CONSUME_CHECK_CONSUMER) timestamp=11178 ms, used_size=204800 bytes (0.5%)
(RDMA_READ_CONSUME_CHECK_CONSUMER) timestamp=11178 ms, used_size=202752 bytes (0.5%)
(RDMA_READ_CONSUME_CHECK_CONSUMER) timestamp=11178 ms, used_size=200704 bytes (0.5%)
(RDMA_READ_CONSUME_CHECK_CONSUMER) timestamp=11178 ms, used_size=198656 bytes (0.5%)
(RDMA_READ_CONSUME_CHECK_CONSUMER) timestamp=11178 ms, used_size=196608 bytes (0.5%)
(RDMA_READ_CONSUME_CHECK_CONSUMER) timestamp=11178 ms, used_size=194560 bytes (0.5%)
(RDMA_READ_CONSUME_CHECK_CONSUMER) timestamp=11178 ms, used_size=192512 bytes (0.5%)
(RDMA_READ_CONSUME_CHECK_CONSUMER) timestamp=11178 ms, used_size=190464 bytes (0.5%)
(RDMA_READ_CONSUME_CHECK_CONSUMER) timestamp=11178 ms, used_size=188416 bytes (0.5%)
(RDMA_READ_CONSUME_CHECK_CONSUMER) timestamp=11178 ms, used_size=186368 bytes (0.5%)
(RDMA_READ_CONSUME_CHECK_CONSUMER) timestamp=11178 ms, used_size=184320 bytes (0.5%)
(RDMA_READ_CONSUME_CHECK_CONSUMER) timestamp=11178 ms, used_size=182272 bytes (0.4%)
(RDMA_READ_CONSUME_CHECK_CONSUMER) timestamp=11178 ms, used_size=180224 bytes (0.4%)
(RDMA_READ_CONSUME_CHECK_CONSUMER) timestamp=11178 ms, used_size=178176 bytes (0.4%)
(RDMA_READ_CONSUME_CHECK_CONSUMER) timestamp=11178 ms, used_size=176128 bytes (0.4%)
(RDMA_READ_CONSUME_CHECK_CONSUMER) timestamp=11178 ms, used_size=174080 bytes (0.4%)
(RDMA_READ_CONSUME_CHECK_CONSUMER) timestamp=11178 ms, used_size=172032 bytes (0.4%)
(RDMA_READ_CONSUME_CHECK_CONSUMER) timestamp=11178 ms, used_size=169984 bytes (0.4%)
(RDMA_READ_CONSUME_CHECK_CONSUMER) timestamp=11178 ms, used_size=167936 bytes (0.4%)
(RDMA_READ_CONSUME_CHECK_CONSUMER) timestamp=11178 ms, used_size=165888 bytes (0.4%)
(RDMA_READ_CONSUME_CHECK_CONSUMER) timestamp=11178 ms, used_size=163840 bytes (0.4%)
(RDMA_READ_CONSUME_CHECK_CONSUMER) timestamp=11178 ms, used_size=161792 bytes (0.4%)
(RDMA_READ_CONSUME_CHECK_CONSUMER) timestamp=11178 ms, used_size=159744 bytes (0.4%)
(RDMA_READ_CONSUME_CHECK_CONSUMER) timestamp=11178 ms, used_size=157696 bytes (0.4%)
(RDMA_READ_CONSUME_CHECK_CONSUMER) timestamp=11178 ms, used_size=155648 bytes (0.4%)
(RDMA_READ_CONSUME_CHECK_CONSUMER) timestamp=11178 ms, used_size=153600 bytes (0.4%)
(RDMA_READ_CONSUME_CHECK_CONSUMER) timestamp=11178 ms, used_size=151552 bytes (0.4%)
(RDMA_READ_CONSUME_CHECK_CONSUMER) timestamp=11178 ms, used_size=149504 bytes (0.4%)
(RDMA_READ_CONSUME_CHECK_CONSUMER) timestamp=11178 ms, used_size=147456 bytes (0.4%)
(RDMA_READ_CONSUME_CHECK_CONSUMER) timestamp=11178 ms, used_size=145408 bytes (0.4%)
(RDMA_READ_CONSUME_CHECK_CONSUMER) timestamp=11178 ms, used_size=143360 bytes (0.3%)
(RDMA_READ_CONSUME_CHECK_CONSUMER) timestamp=11178 ms, used_size=141312 bytes (0.3%)
(RDMA_READ_CONSUME_CHECK_CONSUMER) timestamp=11178 ms, used_size=139264 bytes (0.3%)
(RDMA_READ_CONSUME_CHECK_CONSUMER) timestamp=11178 ms, used_size=137216 bytes (0.3%)
(RDMA_READ_CONSUME_CHECK_CONSUMER) timestamp=11178 ms, used_size=135168 bytes (0.3%)
(RDMA_READ_CONSUME_CHECK_CONSUMER) timestamp=11178 ms, used_size=133120 bytes (0.3%)
(RDMA_READ_CONSUME_CHECK_CONSUMER) timestamp=11178 ms, used_size=131072 bytes (0.3%)
(RDMA_READ_CONSUME_CHECK_CONSUMER) timestamp=11178 ms, used_size=129024 bytes (0.3%)
(RDMA_READ_CONSUME_CHECK_CONSUMER) timestamp=11178 ms, used_size=126976 bytes (0.3%)
(RDMA_READ_CONSUME_CHECK_CONSUMER) timestamp=11178 ms, used_size=124928 bytes (0.3%)
(RDMA_READ_CONSUME_CHECK_CONSUMER) timestamp=11178 ms, used_size=122880 bytes (0.3%)
(RDMA_READ_CONSUME_CHECK_CONSUMER) timestamp=11178 ms, used_size=120832 bytes (0.3%)
(RDMA_READ_CONSUME_CHECK_CONSUMER) timestamp=11178 ms, used_size=118784 bytes (0.3%)
(RDMA_READ_CONSUME_CHECK_CONSUMER) timestamp=11178 ms, used_size=116736 bytes (0.3%)
(RDMA_READ_CONSUME_CHECK_CONSUMER) timestamp=11178 ms, used_size=114688 bytes (0.3%)
(RDMA_READ_CONSUME_CHECK_CONSUMER) timestamp=11178 ms, used_size=112640 bytes (0.3%)
(RDMA_READ_CONSUME_CHECK_CONSUMER) timestamp=11178 ms, used_size=110592 bytes (0.3%)
(RDMA_READ_CONSUME_CHECK_CONSUMER) timestamp=11178 ms, used_size=108544 bytes (0.3%)
(RDMA_READ_CONSUME_CHECK_CONSUMER) timestamp=11178 ms, used_size=106496 bytes (0.3%)
(RDMA_READ_CONSUME_CHECK_CONSUMER) timestamp=11178 ms, used_size=104448 bytes (0.3%)
(RDMA_READ_CONSUME_CHECK_CONSUMER) timestamp=11178 ms, used_size=102400 bytes (0.2%)
(RDMA_READ_CONSUME_CHECK_CONSUMER) timestamp=11178 ms, used_size=100352 bytes (0.2%)
(RDMA_READ_CONSUME_CHECK_CONSUMER) timestamp=11178 ms, used_size=98304 bytes (0.2%)
(RDMA_READ_CONSUME_CHECK_CONSUMER) timestamp=11178 ms, used_size=96256 bytes (0.2%)
(RDMA_READ_CONSUME_CHECK_CONSUMER) timestamp=11178 ms, used_size=94208 bytes (0.2%)
(RDMA_READ_CONSUME_CHECK_CONSUMER) timestamp=11178 ms, used_size=92160 bytes (0.2%)
(RDMA_READ_CONSUME_CHECK_CONSUMER) timestamp=11178 ms, used_size=90112 bytes (0.2%)
(RDMA_READ_CONSUME_CHECK_CONSUMER) timestamp=11178 ms, used_size=88064 bytes (0.2%)
(RDMA_READ_CONSUME_CHECK_CONSUMER) timestamp=11179 ms, used_size=86016 bytes (0.2%)
(RDMA_READ_CONSUME_CHECK_CONSUMER) timestamp=11179 ms, used_size=83968 bytes (0.2%)
(RDMA_READ_CONSUME_CHECK_CONSUMER) timestamp=11179 ms, used_size=81920 bytes (0.2%)
(RDMA_READ_CONSUME_CHECK_CONSUMER) timestamp=11179 ms, used_size=79872 bytes (0.2%)
(RDMA_READ_CONSUME_CHECK_CONSUMER) timestamp=11179 ms, used_size=77824 bytes (0.2%)
(RDMA_READ_CONSUME_CHECK_CONSUMER) timestamp=11179 ms, used_size=75776 bytes (0.2%)
(RDMA_READ_CONSUME_CHECK_CONSUMER) timestamp=11179 ms, used_size=73728 bytes (0.2%)
(RDMA_READ_CONSUME_CHECK_CONSUMER) timestamp=11179 ms, used_size=71680 bytes (0.2%)
(RDMA_READ_CONSUME_CHECK_CONSUMER) timestamp=11179 ms, used_size=69632 bytes (0.2%)
(RDMA_READ_CONSUME_CHECK_CONSUMER) timestamp=11179 ms, used_size=67584 bytes (0.2%)
(RDMA_READ_CONSUME_CHECK_CONSUMER) timestamp=11179 ms, used_size=65536 bytes (0.2%)
(RDMA_READ_CONSUME_CHECK_CONSUMER) timestamp=11179 ms, used_size=63488 bytes (0.2%)
(RDMA_READ_CONSUME_CHECK_CONSUMER) timestamp=11179 ms, used_size=61440 bytes (0.1%)
(RDMA_READ_CONSUME_CHECK_CONSUMER) timestamp=11179 ms, used_size=59392 bytes (0.1%)
(RDMA_READ_CONSUME_CHECK_CONSUMER) timestamp=11179 ms, used_size=57344 bytes (0.1%)
(RDMA_READ_CONSUME_CHECK_CONSUMER) timestamp=11179 ms, used_size=55296 bytes (0.1%)
(RDMA_READ_CONSUME_CHECK_CONSUMER) timestamp=11179 ms, used_size=53248 bytes (0.1%)
(RDMA_READ_CONSUME_CHECK_CONSUMER) timestamp=11179 ms, used_size=51200 bytes (0.1%)
(RDMA_READ_CONSUME_CHECK_CONSUMER) timestamp=11179 ms, used_size=49152 bytes (0.1%)
(RDMA_READ_CONSUME_CHECK_CONSUMER) timestamp=11179 ms, used_size=47104 bytes (0.1%)
(RDMA_READ_CONSUME_CHECK_CONSUMER) timestamp=11179 ms, used_size=45056 bytes (0.1%)
(RDMA_READ_CONSUME_CHECK_CONSUMER) timestamp=11179 ms, used_size=43008 bytes (0.1%)
(RDMA_READ_CONSUME_CHECK_CONSUMER) timestamp=11179 ms, used_size=40960 bytes (0.1%)
(RDMA_READ_CONSUME_CHECK_CONSUMER) timestamp=11179 ms, used_size=38912 bytes (0.1%)
(RDMA_READ_CONSUME_CHECK_CONSUMER) timestamp=11179 ms, used_size=36864 bytes (0.1%)
(RDMA_READ_CONSUME_CHECK_CONSUMER) timestamp=11179 ms, used_size=34816 bytes (0.1%)
(RDMA_READ_CONSUME_CHECK_CONSUMER) timestamp=11179 ms, used_size=32768 bytes (0.1%)
(RDMA_READ_CONSUME_CHECK_CONSUMER) timestamp=11179 ms, used_size=30720 bytes (0.1%)
(RDMA_READ_CONSUME_CHECK_CONSUMER) timestamp=11179 ms, used_size=28672 bytes (0.1%)
(RDMA_READ_CONSUME_CHECK_CONSUMER) timestamp=11179 ms, used_size=26624 bytes (0.1%)
(RDMA_READ_CONSUME_CHECK_CONSUMER) timestamp=11179 ms, used_size=24576 bytes (0.1%)
(RDMA_READ_CONSUME_CHECK_CONSUMER) timestamp=11179 ms, used_size=22528 bytes (0.1%)
(RDMA_READ_CONSUME_CHECK_CONSUMER) timestamp=11179 ms, used_size=20480 bytes (0.1%)
(RDMA_READ_CONSUME_CHECK_CONSUMER) timestamp=11179 ms, used_size=18432 bytes (0.0%)
(RDMA_READ_CONSUME_CHECK_CONSUMER) timestamp=11179 ms, used_size=16384 bytes (0.0%)
(RDMA_READ_CONSUME_CHECK_CONSUMER) timestamp=11179 ms, used_size=14336 bytes (0.0%)
(RDMA_READ_CONSUME_CHECK_CONSUMER) timestamp=11179 ms, used_size=12288 bytes (0.0%)
(RDMA_READ_CONSUME_CHECK_CONSUMER) timestamp=11179 ms, used_size=10240 bytes (0.0%)
(RDMA_READ_CONSUME_CHECK_CONSUMER) timestamp=11179 ms, used_size=8192 bytes (0.0%)
(RDMA_READ_CONSUME_CHECK_CONSUMER) timestamp=11179 ms, used_size=6144 bytes (0.0%)
(RDMA_READ_CONSUME_CHECK_CONSUMER) timestamp=11179 ms, used_size=4096 bytes (0.0%)
(RDMA_READ_CONSUME_CHECK_CONSUMER) timestamp=11179 ms, used_size=2048 bytes (0.0%)
(RDMA_READ_CONSUME_CHECK_CONSUMER) timestamp=11179 ms, used_size=0 bytes (0.0%)
(RDMA_READ_CONSUME_CHECK) Cycle 8, Batch 1: CRC32 OK (0xbeaa30f3), 8192 messages verified
(RDMA_READ_CONSUME_CHECK_CONSUMER) timestamp=11179 ms, used_size=16775168 bytes (41.0%)
(RDMA_READ_CONSUME_CHECK_CONSUMER) timestamp=12008 ms, used_size=16773120 bytes (41.0%)
(RDMA_READ_CONSUME_CHECK_CONSUMER) timestamp=12009 ms, used_size=16771072 bytes (40.9%)
(RDMA_READ_CONSUME_CHECK_CONSUMER) timestamp=12009 ms, used_size=16769024 bytes (40.9%)
(RDMA_READ_CONSUME_CHECK_CONSUMER) timestamp=12009 ms, used_size=16766976 bytes (40.9%)
(RDMA_READ_CONSUME_CHECK_CONSUMER) timestamp=12009 ms, used_size=16764928 bytes (40.9%)
(RDMA_READ_CONSUME_CHECK_CONSUMER) timestamp=12009 ms, used_size=16762880 bytes (40.9%)
(RDMA_READ_CONSUME_CHECK_CONSUMER) timestamp=12009 ms, used_size=16760832 bytes (40.9%)
(RDMA_READ_CONSUME_CHECK_CONSUMER) timestamp=12009 ms, used_size=16758784 bytes (40.9%)
(RDMA_READ_CONSUME_CHECK_CONSUMER) timestamp=12009 ms, used_size=16756736 bytes (40.9%)
(RDMA_READ_CONSUME_CHECK_CONSUMER) timestamp=12009 ms, used_size=16754688 bytes (40.9%)
(RDMA_READ_CONSUME_CHECK_CONSUMER) timestamp=12009 ms, used_size=16752640 bytes (40.9%)
(RDMA_READ_CONSUME_CHECK_CONSUMER) timestamp=12009 ms, used_size=16750592 bytes (40.9%)
(RDMA_READ_CONSUME_CHECK_CONSUMER) timestamp=12009 ms, used_size=16748544 bytes (40.9%)
(RDMA_READ_CONSUME_CHECK_CONSUMER) timestamp=12009 ms, used_size=16746496 bytes (40.9%)
(RDMA_READ_CONSUME_CHECK_CONSUMER) timestamp=12009 ms, used_size=16744448 bytes (40.9%)
(RDMA_READ_CONSUME_CHECK_CONSUMER) timestamp=12009 ms, used_size=16742400 bytes (40.9%)
(RDMA_READ_CONSUME_CHECK_CONSUMER) timestamp=12009 ms, used_size=16740352 bytes (40.9%)
(RDMA_READ_CONSUME_CHECK_CONSUMER) timestamp=12009 ms, used_size=16738304 bytes (40.9%)
(RDMA_READ_CONSUME_CHECK_CONSUMER) timestamp=12009 ms, used_size=16736256 bytes (40.9%)
(RDMA_READ_CONSUME_CHECK_CONSUMER) timestamp=12009 ms, used_size=16734208 bytes (40.9%)
(RDMA_READ_CONSUME_CHECK_CONSUMER) timestamp=12009 ms, used_size=16732160 bytes (40.9%)
(RDMA_READ_CONSUME_CHECK_CONSUMER) timestamp=12009 ms, used_size=16730112 bytes (40.8%)
(RDMA_READ_CONSUME_CHECK_CONSUMER) timestamp=12009 ms, used_size=16728064 bytes (40.8%)
(RDMA_READ_CONSUME_CHECK_CONSUMER) timestamp=12009 ms, used_size=16726016 bytes (40.8%)
(RDMA_READ_CONSUME_CHECK_CONSUMER) timestamp=12009 ms, used_size=16723968 bytes (40.8%)
(RDMA_READ_CONSUME_CHECK_CONSUMER) timestamp=12009 ms, used_size=16721920 bytes (40.8%)
(RDMA_READ_CONSUME_CHECK_CONSUMER) timestamp=12009 ms, used_size=16719872 bytes (40.8%)
(RDMA_READ_CONSUME_CHECK_CONSUMER) timestamp=12009 ms, used_size=16717824 bytes (40.8%)
(RDMA_READ_CONSUME_CHECK_CONSUMER) timestamp=12009 ms, used_size=16715776 bytes (40.8%)
(RDMA_READ_CONSUME_CHECK_CONSUMER) timestamp=12009 ms, used_size=16713728 bytes (40.8%)
(RDMA_READ_CONSUME_CHECK_CONSUMER) timestamp=12009 ms, used_size=16711680 bytes (40.8%)
(RDMA_READ_CONSUME_CHECK_CONSUMER) timestamp=12009 ms, used_size=16709632 bytes (40.8%)
(RDMA_READ_CONSUME_CHECK_CONSUMER) timestamp=12009 ms, used_size=16707584 bytes (40.8%)
(RDMA_READ_CONSUME_CHECK_CONSUMER) timestamp=12009 ms, used_size=16705536 bytes (40.8%)
(RDMA_READ_CONSUME_CHECK_CONSUMER) timestamp=12009 ms, used_size=16703488 bytes (40.8%)
(RDMA_READ_CONSUME_CHECK_CONSUMER) timestamp=12009 ms, used_size=16701440 bytes (40.8%)
(RDMA_READ_CONSUME_CHECK_CONSUMER) timestamp=12009 ms, used_size=16699392 bytes (40.8%)
(RDMA_READ_CONSUME_CHECK_CONSUMER) timestamp=12009 ms, used_size=16697344 bytes (40.8%)
(RDMA_READ_CONSUME_CHECK_CONSUMER) timestamp=12009 ms, used_size=16695296 bytes (40.8%)
(RDMA_READ_CONSUME_CHECK_CONSUMER) timestamp=12009 ms, used_size=16693248 bytes (40.8%)
(RDMA_READ_CONSUME_CHECK_CONSUMER) timestamp=12009 ms, used_size=16691200 bytes (40.8%)
(RDMA_READ_CONSUME_CHECK_CONSUMER) timestamp=12009 ms, used_size=16689152 bytes (40.7%)
(RDMA_READ_CONSUME_CHECK_CONSUMER) timestamp=12009 ms, used_size=16687104 bytes (40.7%)
(RDMA_READ_CONSUME_CHECK_CONSUMER) timestamp=12009 ms, used_size=16685056 bytes (40.7%)
(RDMA_READ_CONSUME_CHECK_CONSUMER) timestamp=12009 ms, used_size=16683008 bytes (40.7%)
(RDMA_READ_CONSUME_CHECK_CONSUMER) timestamp=12009 ms, used_size=16680960 bytes (40.7%)
(RDMA_READ_CONSUME_CHECK_CONSUMER) timestamp=12009 ms, used_size=16678912 bytes (40.7%)
(RDMA_READ_CONSUME_CHECK_CONSUMER) timestamp=12009 ms, used_size=16676864 bytes (40.7%)
(RDMA_READ_CONSUME_CHECK_CONSUMER) timestamp=12009 ms, used_size=16674816 bytes (40.7%)
(RDMA_READ_CONSUME_CHECK_CONSUMER) timestamp=12009 ms, used_size=16672768 bytes (40.7%)
(RDMA_READ_CONSUME_CHECK_CONSUMER) timestamp=12009 ms, used_size=16670720 bytes (40.7%)
(RDMA_READ_CONSUME_CHECK_CONSUMER) timestamp=12009 ms, used_size=16668672 bytes (40.7%)
(RDMA_READ_CONSUME_CHECK_CONSUMER) timestamp=12009 ms, used_size=16666624 bytes (40.7%)
(RDMA_READ_CONSUME_CHECK_CONSUMER) timestamp=12009 ms, used_size=16664576 bytes (40.7%)
(RDMA_READ_CONSUME_CHECK_CONSUMER) timestamp=12009 ms, used_size=16662528 bytes (40.7%)
(RDMA_READ_CONSUME_CHECK_CONSUMER) timestamp=12009 ms, used_size=16660480 bytes (40.7%)
(RDMA_READ_CONSUME_CHECK_CONSUMER) timestamp=12009 ms, used_size=16658432 bytes (40.7%)
(RDMA_READ_CONSUME_CHECK_CONSUMER) timestamp=12009 ms, used_size=16656384 bytes (40.7%)
(RDMA_READ_CONSUME_CHECK_CONSUMER) timestamp=12009 ms, used_size=16654336 bytes (40.7%)
(RDMA_READ_CONSUME_CHECK_CONSUMER) timestamp=12009 ms, used_size=16652288 bytes (40.7%)
(RDMA_READ_CONSUME_CHECK_CONSUMER) timestamp=12009 ms, used_size=16650240 bytes (40.6%)
(RDMA_READ_CONSUME_CHECK_CONSUMER) timestamp=12009 ms, used_size=16648192 bytes (40.6%)
(RDMA_READ_CONSUME_CHECK_CONSUMER) timestamp=12009 ms, used_size=16646144 bytes (40.6%)
(RDMA_READ_CONSUME_CHECK_CONSUMER) timestamp=12009 ms, used_size=16644096 bytes (40.6%)
(RDMA_READ_CONSUME_CHECK_CONSUMER) timestamp=12009 ms, used_size=16642048 bytes (40.6%)
(RDMA_READ_CONSUME_CHECK_CONSUMER) timestamp=12009 ms, used_size=16640000 bytes (40.6%)
(RDMA_READ_CONSUME_CHECK_CONSUMER) timestamp=12009 ms, used_size=16637952 bytes (40.6%)
(RDMA_READ_CONSUME_CHECK_CONSUMER) timestamp=12009 ms, used_size=16635904 bytes (40.6%)
(RDMA_READ_CONSUME_CHECK_CONSUMER) timestamp=12009 ms, used_size=16633856 bytes (40.6%)
(RDMA_READ_CONSUME_CHECK_CONSUMER) timestamp=12009 ms, used_size=16631808 bytes (40.6%)
(RDMA_READ_CONSUME_CHECK_CONSUMER) timestamp=12009 ms, used_size=16629760 bytes (40.6%)
(RDMA_READ_CONSUME_CHECK_CONSUMER) timestamp=12009 ms, used_size=16627712 bytes (40.6%)
(RDMA_READ_CONSUME_CHECK_CONSUMER) timestamp=12009 ms, used_size=16625664 bytes (40.6%)
(RDMA_READ_CONSUME_CHECK_CONSUMER) timestamp=12009 ms, used_size=16623616 bytes (40.6%)
(RDMA_READ_CONSUME_CHECK_CONSUMER) timestamp=12009 ms, used_size=16621568 bytes (40.6%)
(RDMA_READ_CONSUME_CHECK_CONSUMER) timestamp=12009 ms, used_size=16619520 bytes (40.6%)
(RDMA_READ_CONSUME_CHECK_CONSUMER) timestamp=12009 ms, used_size=16617472 bytes (40.6%)
(RDMA_READ_CONSUME_CHECK_CONSUMER) timestamp=12009 ms, used_size=16615424 bytes (40.6%)
(RDMA_READ_CONSUME_CHECK_CONSUMER) timestamp=12009 ms, used_size=16613376 bytes (40.6%)
(RDMA_READ_CONSUME_CHECK_CONSUMER) timestamp=12009 ms, used_size=16611328 bytes (40.6%)
(RDMA_READ_CONSUME_CHECK_CONSUMER) timestamp=12009 ms, used_size=16609280 bytes (40.5%)
(RDMA_READ_CONSUME_CHECK_CONSUMER) timestamp=12009 ms, used_size=16607232 bytes (40.5%)
(RDMA_READ_CONSUME_CHECK_CONSUMER) timestamp=12009 ms, used_size=16605184 bytes (40.5%)
(RDMA_READ_CONSUME_CHECK_CONSUMER) timestamp=12009 ms, used_size=16603136 bytes (40.5%)
(RDMA_READ_CONSUME_CHECK_CONSUMER) timestamp=12009 ms, used_size=16601088 bytes (40.5%)
(RDMA_READ_CONSUME_CHECK_CONSUMER) timestamp=12009 ms, used_size=16599040 bytes (40.5%)
(RDMA_READ_CONSUME_CHECK_CONSUMER) timestamp=12009 ms, used_size=16596992 bytes (40.5%)
(RDMA_READ_CONSUME_CHECK_CONSUMER) timestamp=12009 ms, used_size=16594944 bytes (40.5%)
(RDMA_READ_CONSUME_CHECK_CONSUMER) timestamp=12009 ms, used_size=16592896 bytes (40.5%)
(RDMA_READ_CONSUME_CHECK_CONSUMER) timestamp=12009 ms, used_size=16590848 bytes (40.5%)
(RDMA_READ_CONSUME_CHECK_CONSUMER) timestamp=12009 ms, used_size=16588800 bytes (40.5%)
(RDMA_READ_CONSUME_CHECK_CONSUMER) timestamp=12009 ms, used_size=16586752 bytes (40.5%)
(RDMA_READ_CONSUME_CHECK_CONSUMER) timestamp=12009 ms, used_size=16584704 bytes (40.5%)
(RDMA_READ_CONSUME_CHECK_CONSUMER) timestamp=12009 ms, used_size=16582656 bytes (40.5%)
(RDMA_READ_CONSUME_CHECK_CONSUMER) timestamp=12009 ms, used_size=16580608 bytes (40.5%)
(RDMA_READ_CONSUME_CHECK_CONSUMER) timestamp=12009 ms, used_size=16578560 bytes (40.5%)
(RDMA_READ_CONSUME_CHECK_CONSUMER) timestamp=12009 ms, used_size=16576512 bytes (40.5%)
(RDMA_READ_CONSUME_CHECK_CONSUMER) timestamp=12009 ms, used_size=16574464 bytes (40.5%)
(RDMA_READ_CONSUME_CHECK_CONSUMER) timestamp=12009 ms, used_size=16572416 bytes (40.5%)
(RDMA_READ_CONSUME_CHECK_CONSUMER) timestamp=12009 ms, used_size=16570368 bytes (40.5%)
(RDMA_READ_CONSUME_CHECK_CONSUMER) timestamp=12009 ms, used_size=16568320 bytes (40.5%)
(RDMA_READ_CONSUME_CHECK_CONSUMER) timestamp=12009 ms, used_size=16566272 bytes (40.4%)
(RDMA_READ_CONSUME_CHECK_CONSUMER) timestamp=12009 ms, used_size=16564224 bytes (40.4%)
(RDMA_READ_CONSUME_CHECK_CONSUMER) timestamp=12009 ms, used_size=16562176 bytes (40.4%)
(RDMA_READ_CONSUME_CHECK_CONSUMER) timestamp=12009 ms, used_size=16560128 bytes (40.4%)
(RDMA_READ_CONSUME_CHECK_CONSUMER) timestamp=12009 ms, used_size=16558080 bytes (40.4%)
(RDMA_READ_CONSUME_CHECK_CONSUMER) timestamp=12009 ms, used_size=16556032 bytes (40.4%)
(RDMA_READ_CONSUME_CHECK_CONSUMER) timestamp=12009 ms, used_size=16553984 bytes (40.4%)
(RDMA_READ_CONSUME_CHECK_CONSUMER) timestamp=12009 ms, used_size=16551936 bytes (40.4%)
(RDMA_READ_CONSUME_CHECK_CONSUMER) timestamp=12009 ms, used_size=16549888 bytes (40.4%)
(RDMA_READ_CONSUME_CHECK_CONSUMER) timestamp=12009 ms, used_size=16547840 bytes (40.4%)
(RDMA_READ_CONSUME_CHECK_CONSUMER) timestamp=12009 ms, used_size=16545792 bytes (40.4%)
(RDMA_READ_CONSUME_CHECK_CONSUMER) timestamp=12009 ms, used_size=16543744 bytes (40.4%)
(RDMA_READ_CONSUME_CHECK_CONSUMER) timestamp=12009 ms, used_size=16541696 bytes (40.4%)
(RDMA_READ_CONSUME_CHECK_CONSUMER) timestamp=12009 ms, used_size=16539648 bytes (40.4%)
(RDMA_READ_CONSUME_CHECK_CONSUMER) timestamp=12009 ms, used_size=16537600 bytes (40.4%)
(RDMA_READ_CONSUME_CHECK_CONSUMER) timestamp=12009 ms, used_size=16535552 bytes (40.4%)
(RDMA_READ_CONSUME_CHECK_CONSUMER) timestamp=12009 ms, used_size=16533504 bytes (40.4%)
(RDMA_READ_CONSUME_CHECK_CONSUMER) timestamp=12009 ms, used_size=16531456 bytes (40.4%)
(RDMA_READ_CONSUME_CHECK_CONSUMER) timestamp=12009 ms, used_size=16529408 bytes (40.4%)
(RDMA_READ_CONSUME_CHECK_CONSUMER) timestamp=12009 ms, used_size=16527360 bytes (40.4%)
(RDMA_READ_CONSUME_CHECK_CONSUMER) timestamp=12009 ms, used_size=16525312 bytes (40.3%)
(RDMA_READ_CONSUME_CHECK_CONSUMER) timestamp=12009 ms, used_size=16523264 bytes (40.3%)
(RDMA_READ_CONSUME_CHECK_CONSUMER) timestamp=12009 ms, used_size=16521216 bytes (40.3%)
(RDMA_READ_CONSUME_CHECK_CONSUMER) timestamp=12009 ms, used_size=16519168 bytes (40.3%)
(RDMA_READ_CONSUME_CHECK_CONSUMER) timestamp=12009 ms, used_size=16517120 bytes (40.3%)
(RDMA_READ_CONSUME_CHECK_CONSUMER) timestamp=12009 ms, used_size=16515072 bytes (40.3%)
(RDMA_READ_CONSUME_CHECK_CONSUMER) timestamp=12009 ms, used_size=16513024 bytes (40.3%)
(RDMA_READ_CONSUME_CHECK_CONSUMER) timestamp=12009 ms, used_size=16510976 bytes (40.3%)
(RDMA_READ_CONSUME_CHECK_CONSUMER) timestamp=12009 ms, used_size=16508928 bytes (40.3%)
(RDMA_READ_CONSUME_CHECK_CONSUMER) timestamp=12009 ms, used_size=16506880 bytes (40.3%)
(RDMA_READ_CONSUME_CHECK_CONSUMER) timestamp=12009 ms, used_size=16504832 bytes (40.3%)
(RDMA_READ_CONSUME_CHECK_CONSUMER) timestamp=12009 ms, used_size=16502784 bytes (40.3%)
(RDMA_READ_CONSUME_CHECK_CONSUMER) timestamp=12009 ms, used_size=16500736 bytes (40.3%)
(RDMA_READ_CONSUME_CHECK_CONSUMER) timestamp=12009 ms, used_size=16498688 bytes (40.3%)
(RDMA_READ_CONSUME_CHECK_CONSUMER) timestamp=12009 ms, used_size=16496640 bytes (40.3%)
(RDMA_READ_CONSUME_CHECK_CONSUMER) timestamp=12009 ms, used_size=16494592 bytes (40.3%)
(RDMA_READ_CONSUME_CHECK_CONSUMER) timestamp=12009 ms, used_size=16492544 bytes (40.3%)
(RDMA_READ_CONSUME_CHECK_CONSUMER) timestamp=12009 ms, used_size=16490496 bytes (40.3%)
(RDMA_READ_CONSUME_CHECK_CONSUMER) timestamp=12009 ms, used_size=16488448 bytes (40.3%)
(RDMA_READ_CONSUME_CHECK_CONSUMER) timestamp=12009 ms, used_size=16486400 bytes (40.2%)
(RDMA_READ_CONSUME_CHECK_CONSUMER) timestamp=12009 ms, used_size=16484352 bytes (40.2%)
(RDMA_READ_CONSUME_CHECK_CONSUMER) timestamp=12009 ms, used_size=16482304 bytes (40.2%)
(RDMA_READ_CONSUME_CHECK_CONSUMER) timestamp=12009 ms, used_size=16480256 bytes (40.2%)
(RDMA_READ_CONSUME_CHECK_CONSUMER) timestamp=12009 ms, used_size=16478208 bytes (40.2%)
(RDMA_READ_CONSUME_CHECK_CONSUMER) timestamp=12009 ms, used_size=16476160 bytes (40.2%)
(RDMA_READ_CONSUME_CHECK_CONSUMER) timestamp=12009 ms, used_size=16474112 bytes (40.2%)
(RDMA_READ_CONSUME_CHECK_CONSUMER) timestamp=12009 ms, used_size=16472064 bytes (40.2%)
(RDMA_READ_CONSUME_CHECK_CONSUMER) timestamp=12009 ms, used_size=16470016 bytes (40.2%)
(RDMA_READ_CONSUME_CHECK_CONSUMER) timestamp=12009 ms, used_size=16467968 bytes (40.2%)
(RDMA_READ_CONSUME_CHECK_CONSUMER) timestamp=12009 ms, used_size=16465920 bytes (40.2%)
(RDMA_READ_CONSUME_CHECK_CONSUMER) timestamp=12009 ms, used_size=16463872 bytes (40.2%)
(RDMA_READ_CONSUME_CHECK_CONSUMER) timestamp=12009 ms, used_size=16461824 bytes (40.2%)
(RDMA_READ_CONSUME_CHECK_CONSUMER) timestamp=12010 ms, used_size=16459776 bytes (40.2%)
(RDMA_READ_CONSUME_CHECK_CONSUMER) timestamp=12010 ms, used_size=16457728 bytes (40.2%)
(RDMA_READ_CONSUME_CHECK_CONSUMER) timestamp=12010 ms, used_size=16455680 bytes (40.2%)
(RDMA_READ_CONSUME_CHECK_CONSUMER) timestamp=12010 ms, used_size=16453632 bytes (40.2%)
(RDMA_READ_CONSUME_CHECK_CONSUMER) timestamp=12010 ms, used_size=16451584 bytes (40.2%)
(RDMA_READ_CONSUME_CHECK_CONSUMER) timestamp=12010 ms, used_size=16449536 bytes (40.2%)
(RDMA_READ_CONSUME_CHECK_CONSUMER) timestamp=12010 ms, used_size=16447488 bytes (40.2%)
(RDMA_READ_CONSUME_CHECK_CONSUMER) timestamp=12010 ms, used_size=16445440 bytes (40.1%)
(RDMA_READ_CONSUME_CHECK_CONSUMER) timestamp=12010 ms, used_size=16443392 bytes (40.1%)
(RDMA_READ_CONSUME_CHECK_CONSUMER) timestamp=12010 ms, used_size=16441344 bytes (40.1%)
(RDMA_READ_CONSUME_CHECK_CONSUMER) timestamp=12010 ms, used_size=16439296 bytes (40.1%)
(RDMA_READ_CONSUME_CHECK_CONSUMER) timestamp=12010 ms, used_size=16437248 bytes (40.1%)
(RDMA_READ_CONSUME_CHECK_CONSUMER) timestamp=12010 ms, used_size=16435200 bytes (40.1%)
(RDMA_READ_CONSUME_CHECK_CONSUMER) timestamp=12010 ms, used_size=16433152 bytes (40.1%)
(RDMA_READ_CONSUME_CHECK_CONSUMER) timestamp=12010 ms, used_size=16431104 bytes (40.1%)
(RDMA_READ_CONSUME_CHECK_CONSUMER) timestamp=12010 ms, used_size=16429056 bytes (40.1%)
(RDMA_READ_CONSUME_CHECK_CONSUMER) timestamp=12010 ms, used_size=16427008 bytes (40.1%)
(RDMA_READ_CONSUME_CHECK_CONSUMER) timestamp=12010 ms, used_size=16424960 bytes (40.1%)
(RDMA_READ_CONSUME_CHECK_CONSUMER) timestamp=12010 ms, used_size=16422912 bytes (40.1%)
(RDMA_READ_CONSUME_CHECK_CONSUMER) timestamp=12010 ms, used_size=16420864 bytes (40.1%)
(RDMA_READ_CONSUME_CHECK_CONSUMER) timestamp=12010 ms, used_size=16418816 bytes (40.1%)
(RDMA_READ_CONSUME_CHECK_CONSUMER) timestamp=12010 ms, used_size=16416768 bytes (40.1%)
(RDMA_READ_CONSUME_CHECK_CONSUMER) timestamp=12010 ms, used_size=16414720 bytes (40.1%)
(RDMA_READ_CONSUME_CHECK_CONSUMER) timestamp=12010 ms, used_size=16412672 bytes (40.1%)
(RDMA_READ_CONSUME_CHECK_CONSUMER) timestamp=12010 ms, used_size=16410624 bytes (40.1%)
(RDMA_READ_CONSUME_CHECK_CONSUMER) timestamp=12010 ms, used_size=16408576 bytes (40.1%)
(RDMA_READ_CONSUME_CHECK_CONSUMER) timestamp=12010 ms, used_size=16406528 bytes (40.1%)
(RDMA_READ_CONSUME_CHECK_CONSUMER) timestamp=12010 ms, used_size=16404480 bytes (40.0%)
(RDMA_READ_CONSUME_CHECK_CONSUMER) timestamp=12010 ms, used_size=16402432 bytes (40.0%)
(RDMA_READ_CONSUME_CHECK_CONSUMER) timestamp=12010 ms, used_size=16400384 bytes (40.0%)
(RDMA_READ_CONSUME_CHECK_CONSUMER) timestamp=12010 ms, used_size=16398336 bytes (40.0%)
(RDMA_READ_CONSUME_CHECK_CONSUMER) timestamp=12010 ms, used_size=16396288 bytes (40.0%)
(RDMA_READ_CONSUME_CHECK_CONSUMER) timestamp=12010 ms, used_size=16394240 bytes (40.0%)
(RDMA_READ_CONSUME_CHECK_CONSUMER) timestamp=12010 ms, used_size=16392192 bytes (40.0%)
(RDMA_READ_CONSUME_CHECK_CONSUMER) timestamp=12010 ms, used_size=16390144 bytes (40.0%)
(RDMA_READ_CONSUME_CHECK_CONSUMER) timestamp=12010 ms, used_size=16388096 bytes (40.0%)
(RDMA_READ_CONSUME_CHECK_CONSUMER) timestamp=12010 ms, used_size=16386048 bytes (40.0%)
(RDMA_READ_CONSUME_CHECK_CONSUMER) timestamp=12010 ms, used_size=16384000 bytes (40.0%)
(RDMA_READ_CONSUME_CHECK_CONSUMER) timestamp=12010 ms, used_size=16381952 bytes (40.0%)
(RDMA_READ_CONSUME_CHECK_CONSUMER) timestamp=12010 ms, used_size=16379904 bytes (40.0%)
(RDMA_READ_CONSUME_CHECK_CONSUMER) timestamp=12010 ms, used_size=16377856 bytes (40.0%)
(RDMA_READ_CONSUME_CHECK_CONSUMER) timestamp=12010 ms, used_size=16375808 bytes (40.0%)
(RDMA_READ_CONSUME_CHECK_CONSUMER) timestamp=12010 ms, used_size=16373760 bytes (40.0%)
(RDMA_READ_CONSUME_CHECK_CONSUMER) timestamp=12010 ms, used_size=16371712 bytes (40.0%)
(RDMA_READ_CONSUME_CHECK_CONSUMER) timestamp=12010 ms, used_size=16369664 bytes (40.0%)
(RDMA_READ_CONSUME_CHECK_CONSUMER) timestamp=12010 ms, used_size=16367616 bytes (40.0%)
(RDMA_READ_CONSUME_CHECK_CONSUMER) timestamp=12010 ms, used_size=16365568 bytes (40.0%)
(RDMA_READ_CONSUME_CHECK_CONSUMER) timestamp=12010 ms, used_size=16363520 bytes (40.0%)
(RDMA_READ_CONSUME_CHECK_CONSUMER) timestamp=12010 ms, used_size=16361472 bytes (39.9%)
(RDMA_READ_CONSUME_CHECK_CONSUMER) timestamp=12010 ms, used_size=16359424 bytes (39.9%)
(RDMA_READ_CONSUME_CHECK_CONSUMER) timestamp=12010 ms, used_size=16357376 bytes (39.9%)
(RDMA_READ_CONSUME_CHECK_CONSUMER) timestamp=12010 ms, used_size=16355328 bytes (39.9%)
(RDMA_READ_CONSUME_CHECK_CONSUMER) timestamp=12010 ms, used_size=16353280 bytes (39.9%)
(RDMA_READ_CONSUME_CHECK_CONSUMER) timestamp=12010 ms, used_size=16351232 bytes (39.9%)
(RDMA_READ_CONSUME_CHECK_CONSUMER) timestamp=12010 ms, used_size=16349184 bytes (39.9%)
(RDMA_READ_CONSUME_CHECK_CONSUMER) timestamp=12010 ms, used_size=16347136 bytes (39.9%)
(RDMA_READ_CONSUME_CHECK_CONSUMER) timestamp=12010 ms, used_size=16345088 bytes (39.9%)
(RDMA_READ_CONSUME_CHECK_CONSUMER) timestamp=12010 ms, used_size=16343040 bytes (39.9%)
(RDMA_READ_CONSUME_CHECK_CONSUMER) timestamp=12010 ms, used_size=16340992 bytes (39.9%)
(RDMA_READ_CONSUME_CHECK_CONSUMER) timestamp=12010 ms, used_size=16338944 bytes (39.9%)
(RDMA_READ_CONSUME_CHECK_CONSUMER) timestamp=12010 ms, used_size=16336896 bytes (39.9%)
(RDMA_READ_CONSUME_CHECK_CONSUMER) timestamp=12010 ms, used_size=16334848 bytes (39.9%)
(RDMA_READ_CONSUME_CHECK_CONSUMER) timestamp=12010 ms, used_size=16332800 bytes (39.9%)
(RDMA_READ_CONSUME_CHECK_CONSUMER) timestamp=12010 ms, used_size=16330752 bytes (39.9%)
(RDMA_READ_CONSUME_CHECK_CONSUMER) timestamp=12010 ms, used_size=16328704 bytes (39.9%)
(RDMA_READ_CONSUME_CHECK_CONSUMER) timestamp=12010 ms, used_size=16326656 bytes (39.9%)
(RDMA_READ_CONSUME_CHECK_CONSUMER) timestamp=12010 ms, used_size=16324608 bytes (39.9%)
(RDMA_READ_CONSUME_CHECK_CONSUMER) timestamp=12010 ms, used_size=16322560 bytes (39.9%)
(RDMA_READ_CONSUME_CHECK_CONSUMER) timestamp=12010 ms, used_size=16320512 bytes (39.8%)
(RDMA_READ_CONSUME_CHECK_CONSUMER) timestamp=12010 ms, used_size=16318464 bytes (39.8%)
(RDMA_READ_CONSUME_CHECK_CONSUMER) timestamp=12010 ms, used_size=16316416 bytes (39.8%)
(RDMA_READ_CONSUME_CHECK_CONSUMER) timestamp=12010 ms, used_size=16314368 bytes (39.8%)
(RDMA_READ_CONSUME_CHECK_CONSUMER) timestamp=12010 ms, used_size=16312320 bytes (39.8%)
(RDMA_READ_CONSUME_CHECK_CONSUMER) timestamp=12010 ms, used_size=16310272 bytes (39.8%)
(RDMA_READ_CONSUME_CHECK_CONSUMER) timestamp=12010 ms, used_size=16308224 bytes (39.8%)
(RDMA_READ_CONSUME_CHECK_CONSUMER) timestamp=12010 ms, used_size=16306176 bytes (39.8%)
(RDMA_READ_CONSUME_CHECK_CONSUMER) timestamp=12010 ms, used_size=16304128 bytes (39.8%)
(RDMA_READ_CONSUME_CHECK_CONSUMER) timestamp=12010 ms, used_size=16302080 bytes (39.8%)
(RDMA_READ_CONSUME_CHECK_CONSUMER) timestamp=12010 ms, used_size=16300032 bytes (39.8%)
(RDMA_READ_CONSUME_CHECK_CONSUMER) timestamp=12010 ms, used_size=16297984 bytes (39.8%)
(RDMA_READ_CONSUME_CHECK_CONSUMER) timestamp=12010 ms, used_size=16295936 bytes (39.8%)
(RDMA_READ_CONSUME_CHECK_CONSUMER) timestamp=12010 ms, used_size=16293888 bytes (39.8%)
(RDMA_READ_CONSUME_CHECK_CONSUMER) timestamp=12010 ms, used_size=16291840 bytes (39.8%)
(RDMA_READ_CONSUME_CHECK_CONSUMER) timestamp=12010 ms, used_size=16289792 bytes (39.8%)
(RDMA_READ_CONSUME_CHECK_CONSUMER) timestamp=12010 ms, used_size=16287744 bytes (39.8%)
(RDMA_READ_CONSUME_CHECK_CONSUMER) timestamp=12010 ms, used_size=16285696 bytes (39.8%)
(RDMA_READ_CONSUME_CHECK_CONSUMER) timestamp=12010 ms, used_size=16283648 bytes (39.8%)
(RDMA_READ_CONSUME_CHECK_CONSUMER) timestamp=12010 ms, used_size=16281600 bytes (39.8%)
(RDMA_READ_CONSUME_CHECK_CONSUMER) timestamp=12010 ms, used_size=16279552 bytes (39.7%)
(RDMA_READ_CONSUME_CHECK_CONSUMER) timestamp=12010 ms, used_size=16277504 bytes (39.7%)
(RDMA_READ_CONSUME_CHECK_CONSUMER) timestamp=12010 ms, used_size=16275456 bytes (39.7%)
(RDMA_READ_CONSUME_CHECK_CONSUMER) timestamp=12010 ms, used_size=16273408 bytes (39.7%)
(RDMA_READ_CONSUME_CHECK_CONSUMER) timestamp=12010 ms, used_size=16271360 bytes (39.7%)
(RDMA_READ_CONSUME_CHECK_CONSUMER) timestamp=12010 ms, used_size=16269312 bytes (39.7%)
(RDMA_READ_CONSUME_CHECK_CONSUMER) timestamp=12010 ms, used_size=16267264 bytes (39.7%)
(RDMA_READ_CONSUME_CHECK_CONSUMER) timestamp=12010 ms, used_size=16265216 bytes (39.7%)
(RDMA_READ_CONSUME_CHECK_CONSUMER) timestamp=12010 ms, used_size=16263168 bytes (39.7%)
(RDMA_READ_CONSUME_CHECK_CONSUMER) timestamp=12010 ms, used_size=16261120 bytes (39.7%)
(RDMA_READ_CONSUME_CHECK_CONSUMER) timestamp=12010 ms, used_size=16259072 bytes (39.7%)
(RDMA_READ_CONSUME_CHECK_CONSUMER) timestamp=12010 ms, used_size=16257024 bytes (39.7%)
(RDMA_READ_CONSUME_CHECK_CONSUMER) timestamp=12010 ms, used_size=16254976 bytes (39.7%)
(RDMA_READ_CONSUME_CHECK_CONSUMER) timestamp=12010 ms, used_size=16252928 bytes (39.7%)
(RDMA_READ_CONSUME_CHECK_CONSUMER) timestamp=12010 ms, used_size=16250880 bytes (39.7%)
(RDMA_READ_CONSUME_CHECK_CONSUMER) timestamp=12010 ms, used_size=16248832 bytes (39.7%)
(RDMA_READ_CONSUME_CHECK_CONSUMER) timestamp=12010 ms, used_size=16246784 bytes (39.7%)
(RDMA_READ_CONSUME_CHECK_CONSUMER) timestamp=12010 ms, used_size=16244736 bytes (39.7%)
(RDMA_READ_CONSUME_CHECK_CONSUMER) timestamp=12010 ms, used_size=16242688 bytes (39.7%)
(RDMA_READ_CONSUME_CHECK_CONSUMER) timestamp=12010 ms, used_size=16240640 bytes (39.6%)
(RDMA_READ_CONSUME_CHECK_CONSUMER) timestamp=12010 ms, used_size=16238592 bytes (39.6%)
(RDMA_READ_CONSUME_CHECK_CONSUMER) timestamp=12010 ms, used_size=16236544 bytes (39.6%)
(RDMA_READ_CONSUME_CHECK_CONSUMER) timestamp=12010 ms, used_size=16234496 bytes (39.6%)
(RDMA_READ_CONSUME_CHECK_CONSUMER) timestamp=12010 ms, used_size=16232448 bytes (39.6%)
(RDMA_READ_CONSUME_CHECK_CONSUMER) timestamp=12010 ms, used_size=16230400 bytes (39.6%)
(RDMA_READ_CONSUME_CHECK_CONSUMER) timestamp=12010 ms, used_size=16228352 bytes (39.6%)
(RDMA_READ_CONSUME_CHECK_CONSUMER) timestamp=12010 ms, used_size=16226304 bytes (39.6%)
(RDMA_READ_CONSUME_CHECK_CONSUMER) timestamp=12010 ms, used_size=16224256 bytes (39.6%)
(RDMA_READ_CONSUME_CHECK_CONSUMER) timestamp=12010 ms, used_size=16222208 bytes (39.6%)
(RDMA_READ_CONSUME_CHECK_CONSUMER) timestamp=12010 ms, used_size=16220160 bytes (39.6%)
(RDMA_READ_CONSUME_CHECK_CONSUMER) timestamp=12010 ms, used_size=16218112 bytes (39.6%)
(RDMA_READ_CONSUME_CHECK_CONSUMER) timestamp=12010 ms, used_size=16216064 bytes (39.6%)
(RDMA_READ_CONSUME_CHECK_CONSUMER) timestamp=12010 ms, used_size=16214016 bytes (39.6%)
(RDMA_READ_CONSUME_CHECK_CONSUMER) timestamp=12010 ms, used_size=16211968 bytes (39.6%)
(RDMA_READ_CONSUME_CHECK_CONSUMER) timestamp=12010 ms, used_size=16209920 bytes (39.6%)
(RDMA_READ_CONSUME_CHECK_CONSUMER) timestamp=12010 ms, used_size=16207872 bytes (39.6%)
(RDMA_READ_CONSUME_CHECK_CONSUMER) timestamp=12010 ms, used_size=16205824 bytes (39.6%)
(RDMA_READ_CONSUME_CHECK_CONSUMER) timestamp=12010 ms, used_size=16203776 bytes (39.6%)
(RDMA_READ_CONSUME_CHECK_CONSUMER) timestamp=12010 ms, used_size=16201728 bytes (39.6%)
(RDMA_READ_CONSUME_CHECK_CONSUMER) timestamp=12010 ms, used_size=16199680 bytes (39.5%)
(RDMA_READ_CONSUME_CHECK_CONSUMER) timestamp=12010 ms, used_size=16197632 bytes (39.5%)
(RDMA_READ_CONSUME_CHECK_CONSUMER) timestamp=12010 ms, used_size=16195584 bytes (39.5%)
(RDMA_READ_CONSUME_CHECK_CONSUMER) timestamp=12010 ms, used_size=16193536 bytes (39.5%)
(RDMA_READ_CONSUME_CHECK_CONSUMER) timestamp=12010 ms, used_size=16191488 bytes (39.5%)
(RDMA_READ_CONSUME_CHECK_CONSUMER) timestamp=12010 ms, used_size=16189440 bytes (39.5%)
(RDMA_READ_CONSUME_CHECK_CONSUMER) timestamp=12010 ms, used_size=16187392 bytes (39.5%)
(RDMA_READ_CONSUME_CHECK_CONSUMER) timestamp=12010 ms, used_size=16185344 bytes (39.5%)
(RDMA_READ_CONSUME_CHECK_CONSUMER) timestamp=12010 ms, used_size=16183296 bytes (39.5%)
(RDMA_READ_CONSUME_CHECK_CONSUMER) timestamp=12010 ms, used_size=16181248 bytes (39.5%)
(RDMA_READ_CONSUME_CHECK_CONSUMER) timestamp=12010 ms, used_size=16179200 bytes (39.5%)
(RDMA_READ_CONSUME_CHECK_CONSUMER) timestamp=12010 ms, used_size=16177152 bytes (39.5%)
(RDMA_READ_CONSUME_CHECK_CONSUMER) timestamp=12010 ms, used_size=16175104 bytes (39.5%)
(RDMA_READ_CONSUME_CHECK_CONSUMER) timestamp=12010 ms, used_size=16173056 bytes (39.5%)
(RDMA_READ_CONSUME_CHECK_CONSUMER) timestamp=12010 ms, used_size=16171008 bytes (39.5%)
(RDMA_READ_CONSUME_CHECK_CONSUMER) timestamp=12010 ms, used_size=16168960 bytes (39.5%)
(RDMA_READ_CONSUME_CHECK_CONSUMER) timestamp=12010 ms, used_size=16166912 bytes (39.5%)
(RDMA_READ_CONSUME_CHECK_CONSUMER) timestamp=12010 ms, used_size=16164864 bytes (39.5%)
(RDMA_READ_CONSUME_CHECK_CONSUMER) timestamp=12010 ms, used_size=16162816 bytes (39.5%)
(RDMA_READ_CONSUME_CHECK_CONSUMER) timestamp=12010 ms, used_size=16160768 bytes (39.5%)
(RDMA_READ_CONSUME_CHECK_CONSUMER) timestamp=12010 ms, used_size=16158720 bytes (39.5%)
(RDMA_READ_CONSUME_CHECK_CONSUMER) timestamp=12010 ms, used_size=16156672 bytes (39.4%)
(RDMA_READ_CONSUME_CHECK_CONSUMER) timestamp=12010 ms, used_size=16154624 bytes (39.4%)
(RDMA_READ_CONSUME_CHECK_CONSUMER) timestamp=12010 ms, used_size=16152576 bytes (39.4%)
(RDMA_READ_CONSUME_CHECK_CONSUMER) timestamp=12010 ms, used_size=16150528 bytes (39.4%)
(RDMA_READ_CONSUME_CHECK_CONSUMER) timestamp=12010 ms, used_size=16148480 bytes (39.4%)
(RDMA_READ_CONSUME_CHECK_CONSUMER) timestamp=12010 ms, used_size=16146432 bytes (39.4%)
(RDMA_READ_CONSUME_CHECK_CONSUMER) timestamp=12010 ms, used_size=16144384 bytes (39.4%)
(RDMA_READ_CONSUME_CHECK_CONSUMER) timestamp=12010 ms, used_size=16142336 bytes (39.4%)
(RDMA_READ_CONSUME_CHECK_CONSUMER) timestamp=12010 ms, used_size=16140288 bytes (39.4%)
(RDMA_READ_CONSUME_CHECK_CONSUMER) timestamp=12010 ms, used_size=16138240 bytes (39.4%)
(RDMA_READ_CONSUME_CHECK_CONSUMER) timestamp=12010 ms, used_size=16136192 bytes (39.4%)
(RDMA_READ_CONSUME_CHECK_CONSUMER) timestamp=12010 ms, used_size=16134144 bytes (39.4%)
(RDMA_READ_CONSUME_CHECK_CONSUMER) timestamp=12010 ms, used_size=16132096 bytes (39.4%)
(RDMA_READ_CONSUME_CHECK_CONSUMER) timestamp=12010 ms, used_size=16130048 bytes (39.4%)
(RDMA_READ_CONSUME_CHECK_CONSUMER) timestamp=12010 ms, used_size=16128000 bytes (39.4%)
(RDMA_READ_CONSUME_CHECK_CONSUMER) timestamp=12010 ms, used_size=16125952 bytes (39.4%)
(RDMA_READ_CONSUME_CHECK_CONSUMER) timestamp=12010 ms, used_size=16123904 bytes (39.4%)
(RDMA_READ_CONSUME_CHECK_CONSUMER) timestamp=12010 ms, used_size=16121856 bytes (39.4%)
(RDMA_READ_CONSUME_CHECK_CONSUMER) timestamp=12010 ms, used_size=16119808 bytes (39.4%)
(RDMA_READ_CONSUME_CHECK_CONSUMER) timestamp=12011 ms, used_size=16117760 bytes (39.4%)
(RDMA_READ_CONSUME_CHECK_CONSUMER) timestamp=12011 ms, used_size=16115712 bytes (39.3%)
(RDMA_READ_CONSUME_CHECK_CONSUMER) timestamp=12011 ms, used_size=16113664 bytes (39.3%)
(RDMA_READ_CONSUME_CHECK_CONSUMER) timestamp=12011 ms, used_size=16111616 bytes (39.3%)
(RDMA_READ_CONSUME_CHECK_CONSUMER) timestamp=12011 ms, used_size=16109568 bytes (39.3%)
(RDMA_READ_CONSUME_CHECK_CONSUMER) timestamp=12011 ms, used_size=16107520 bytes (39.3%)
(RDMA_READ_CONSUME_CHECK_CONSUMER) timestamp=12011 ms, used_size=16105472 bytes (39.3%)
(RDMA_READ_CONSUME_CHECK_CONSUMER) timestamp=12011 ms, used_size=16103424 bytes (39.3%)
(RDMA_READ_CONSUME_CHECK_CONSUMER) timestamp=12011 ms, used_size=16101376 bytes (39.3%)
(RDMA_READ_CONSUME_CHECK_CONSUMER) timestamp=12011 ms, used_size=16099328 bytes (39.3%)
(RDMA_READ_CONSUME_CHECK_CONSUMER) timestamp=12011 ms, used_size=16097280 bytes (39.3%)
(RDMA_READ_CONSUME_CHECK_CONSUMER) timestamp=12011 ms, used_size=16095232 bytes (39.3%)
(RDMA_READ_CONSUME_CHECK_CONSUMER) timestamp=12011 ms, used_size=16093184 bytes (39.3%)
(RDMA_READ_CONSUME_CHECK_CONSUMER) timestamp=12011 ms, used_size=16091136 bytes (39.3%)
(RDMA_READ_CONSUME_CHECK_CONSUMER) timestamp=12011 ms, used_size=16089088 bytes (39.3%)
(RDMA_READ_CONSUME_CHECK_CONSUMER) timestamp=12011 ms, used_size=16087040 bytes (39.3%)
(RDMA_READ_CONSUME_CHECK_CONSUMER) timestamp=12011 ms, used_size=16084992 bytes (39.3%)
(RDMA_READ_CONSUME_CHECK_CONSUMER) timestamp=12011 ms, used_size=16082944 bytes (39.3%)
(RDMA_READ_CONSUME_CHECK_CONSUMER) timestamp=12011 ms, used_size=16080896 bytes (39.3%)
(RDMA_READ_CONSUME_CHECK_CONSUMER) timestamp=12011 ms, used_size=16078848 bytes (39.3%)
(RDMA_READ_CONSUME_CHECK_CONSUMER) timestamp=12011 ms, used_size=16076800 bytes (39.2%)
(RDMA_READ_CONSUME_CHECK_CONSUMER) timestamp=12011 ms, used_size=16074752 bytes (39.2%)
(RDMA_READ_CONSUME_CHECK_CONSUMER) timestamp=12011 ms, used_size=16072704 bytes (39.2%)
(RDMA_READ_CONSUME_CHECK_CONSUMER) timestamp=12011 ms, used_size=16070656 bytes (39.2%)
(RDMA_READ_CONSUME_CHECK_CONSUMER) timestamp=12011 ms, used_size=16068608 bytes (39.2%)
(RDMA_READ_CONSUME_CHECK_CONSUMER) timestamp=12011 ms, used_size=16066560 bytes (39.2%)
(RDMA_READ_CONSUME_CHECK_CONSUMER) timestamp=12011 ms, used_size=16064512 bytes (39.2%)
(RDMA_READ_CONSUME_CHECK_CONSUMER) timestamp=12011 ms, used_size=16062464 bytes (39.2%)
(RDMA_READ_CONSUME_CHECK_CONSUMER) timestamp=12011 ms, used_size=16060416 bytes (39.2%)
(RDMA_READ_CONSUME_CHECK_CONSUMER) timestamp=12011 ms, used_size=16058368 bytes (39.2%)
(RDMA_READ_CONSUME_CHECK_CONSUMER) timestamp=12011 ms, used_size=16056320 bytes (39.2%)
(RDMA_READ_CONSUME_CHECK_CONSUMER) timestamp=12011 ms, used_size=16054272 bytes (39.2%)
(RDMA_READ_CONSUME_CHECK_CONSUMER) timestamp=12011 ms, used_size=16052224 bytes (39.2%)
(RDMA_READ_CONSUME_CHECK_CONSUMER) timestamp=12011 ms, used_size=16050176 bytes (39.2%)
(RDMA_READ_CONSUME_CHECK_CONSUMER) timestamp=12011 ms, used_size=16048128 bytes (39.2%)
(RDMA_READ_CONSUME_CHECK_CONSUMER) timestamp=12011 ms, used_size=16046080 bytes (39.2%)
(RDMA_READ_CONSUME_CHECK_CONSUMER) timestamp=12011 ms, used_size=16044032 bytes (39.2%)
(RDMA_READ_CONSUME_CHECK_CONSUMER) timestamp=12011 ms, used_size=16041984 bytes (39.2%)
(RDMA_READ_CONSUME_CHECK_CONSUMER) timestamp=12011 ms, used_size=16039936 bytes (39.2%)
(RDMA_READ_CONSUME_CHECK_CONSUMER) timestamp=12011 ms, used_size=16037888 bytes (39.2%)
(RDMA_READ_CONSUME_CHECK_CONSUMER) timestamp=12011 ms, used_size=16035840 bytes (39.1%)
(RDMA_READ_CONSUME_CHECK_CONSUMER) timestamp=12011 ms, used_size=16033792 bytes (39.1%)
(RDMA_READ_CONSUME_CHECK_CONSUMER) timestamp=12011 ms, used_size=16031744 bytes (39.1%)
(RDMA_READ_CONSUME_CHECK_CONSUMER) timestamp=12011 ms, used_size=16029696 bytes (39.1%)
(RDMA_READ_CONSUME_CHECK_CONSUMER) timestamp=12011 ms, used_size=16027648 bytes (39.1%)
(RDMA_READ_CONSUME_CHECK_CONSUMER) timestamp=12011 ms, used_size=16025600 bytes (39.1%)
(RDMA_READ_CONSUME_CHECK_CONSUMER) timestamp=12011 ms, used_size=16023552 bytes (39.1%)
(RDMA_READ_CONSUME_CHECK_CONSUMER) timestamp=12011 ms, used_size=16021504 bytes (39.1%)
(RDMA_READ_CONSUME_CHECK_CONSUMER) timestamp=12011 ms, used_size=16019456 bytes (39.1%)
(RDMA_READ_CONSUME_CHECK_CONSUMER) timestamp=12011 ms, used_size=16017408 bytes (39.1%)
(RDMA_READ_CONSUME_CHECK_CONSUMER) timestamp=12011 ms, used_size=16015360 bytes (39.1%)
(RDMA_READ_CONSUME_CHECK_CONSUMER) timestamp=12011 ms, used_size=16013312 bytes (39.1%)
(RDMA_READ_CONSUME_CHECK_CONSUMER) timestamp=12011 ms, used_size=16011264 bytes (39.1%)
(RDMA_READ_CONSUME_CHECK_CONSUMER) timestamp=12011 ms, used_size=16009216 bytes (39.1%)
(RDMA_READ_CONSUME_CHECK_CONSUMER) timestamp=12011 ms, used_size=16007168 bytes (39.1%)
(RDMA_READ_CONSUME_CHECK_CONSUMER) timestamp=12011 ms, used_size=16005120 bytes (39.1%)
(RDMA_READ_CONSUME_CHECK_CONSUMER) timestamp=12011 ms, used_size=16003072 bytes (39.1%)
(RDMA_READ_CONSUME_CHECK_CONSUMER) timestamp=12011 ms, used_size=16001024 bytes (39.1%)
(RDMA_READ_CONSUME_CHECK_CONSUMER) timestamp=12011 ms, used_size=15998976 bytes (39.1%)
(RDMA_READ_CONSUME_CHECK_CONSUMER) timestamp=12011 ms, used_size=15996928 bytes (39.1%)
(RDMA_READ_CONSUME_CHECK_CONSUMER) timestamp=12011 ms, used_size=15994880 bytes (39.0%)
(RDMA_READ_CONSUME_CHECK_CONSUMER) timestamp=12011 ms, used_size=15992832 bytes (39.0%)
(RDMA_READ_CONSUME_CHECK_CONSUMER) timestamp=12011 ms, used_size=15990784 bytes (39.0%)
(RDMA_READ_CONSUME_CHECK_CONSUMER) timestamp=12011 ms, used_size=15988736 bytes (39.0%)
(RDMA_READ_CONSUME_CHECK_CONSUMER) timestamp=12011 ms, used_size=15986688 bytes (39.0%)
(RDMA_READ_CONSUME_CHECK_CONSUMER) timestamp=12011 ms, used_size=15984640 bytes (39.0%)
(RDMA_READ_CONSUME_CHECK_CONSUMER) timestamp=12011 ms, used_size=15982592 bytes (39.0%)
(RDMA_READ_CONSUME_CHECK_CONSUMER) timestamp=12011 ms, used_size=15980544 bytes (39.0%)
(RDMA_READ_CONSUME_CHECK_CONSUMER) timestamp=12011 ms, used_size=15978496 bytes (39.0%)
(RDMA_READ_CONSUME_CHECK_CONSUMER) timestamp=12011 ms, used_size=15976448 bytes (39.0%)
(RDMA_READ_CONSUME_CHECK_CONSUMER) timestamp=12011 ms, used_size=15974400 bytes (39.0%)
(RDMA_READ_CONSUME_CHECK_CONSUMER) timestamp=12011 ms, used_size=15972352 bytes (39.0%)
(RDMA_READ_CONSUME_CHECK_CONSUMER) timestamp=12011 ms, used_size=15970304 bytes (39.0%)
(RDMA_READ_CONSUME_CHECK_CONSUMER) timestamp=12011 ms, used_size=15968256 bytes (39.0%)
(RDMA_READ_CONSUME_CHECK_CONSUMER) timestamp=12011 ms, used_size=15966208 bytes (39.0%)
(RDMA_READ_CONSUME_CHECK_CONSUMER) timestamp=12011 ms, used_size=15964160 bytes (39.0%)
(RDMA_READ_CONSUME_CHECK_CONSUMER) timestamp=12011 ms, used_size=15962112 bytes (39.0%)
(RDMA_READ_CONSUME_CHECK_CONSUMER) timestamp=12011 ms, used_size=15960064 bytes (39.0%)
(RDMA_READ_CONSUME_CHECK_CONSUMER) timestamp=12011 ms, used_size=15958016 bytes (39.0%)
(RDMA_READ_CONSUME_CHECK_CONSUMER) timestamp=12011 ms, used_size=15955968 bytes (39.0%)
(RDMA_READ_CONSUME_CHECK_CONSUMER) timestamp=12011 ms, used_size=15953920 bytes (39.0%)
(RDMA_READ_CONSUME_CHECK_CONSUMER) timestamp=12011 ms, used_size=15951872 bytes (38.9%)
(RDMA_READ_CONSUME_CHECK_CONSUMER) timestamp=12011 ms, used_size=15949824 bytes (38.9%)
(RDMA_READ_CONSUME_CHECK_CONSUMER) timestamp=12011 ms, used_size=15947776 bytes (38.9%)
(RDMA_READ_CONSUME_CHECK_CONSUMER) timestamp=12011 ms, used_size=15945728 bytes (38.9%)
(RDMA_READ_CONSUME_CHECK_CONSUMER) timestamp=12011 ms, used_size=15943680 bytes (38.9%)
(RDMA_READ_CONSUME_CHECK_CONSUMER) timestamp=12011 ms, used_size=15941632 bytes (38.9%)
(RDMA_READ_CONSUME_CHECK_CONSUMER) timestamp=12011 ms, used_size=15939584 bytes (38.9%)
(RDMA_READ_CONSUME_CHECK_CONSUMER) timestamp=12011 ms, used_size=15937536 bytes (38.9%)
(RDMA_READ_CONSUME_CHECK_CONSUMER) timestamp=12011 ms, used_size=15935488 bytes (38.9%)
(RDMA_READ_CONSUME_CHECK_CONSUMER) timestamp=12011 ms, used_size=15933440 bytes (38.9%)
(RDMA_READ_CONSUME_CHECK_CONSUMER) timestamp=12011 ms, used_size=15931392 bytes (38.9%)
(RDMA_READ_CONSUME_CHECK_CONSUMER) timestamp=12011 ms, used_size=15929344 bytes (38.9%)
(RDMA_READ_CONSUME_CHECK_CONSUMER) timestamp=12011 ms, used_size=15927296 bytes (38.9%)
(RDMA_READ_CONSUME_CHECK_CONSUMER) timestamp=12011 ms, used_size=15925248 bytes (38.9%)
(RDMA_READ_CONSUME_CHECK_CONSUMER) timestamp=12011 ms, used_size=15923200 bytes (38.9%)
(RDMA_READ_CONSUME_CHECK_CONSUMER) timestamp=12011 ms, used_size=15921152 bytes (38.9%)
(RDMA_READ_CONSUME_CHECK_CONSUMER) timestamp=12011 ms, used_size=15919104 bytes (38.9%)
(RDMA_READ_CONSUME_CHECK_CONSUMER) timestamp=12011 ms, used_size=15917056 bytes (38.9%)
(RDMA_READ_CONSUME_CHECK_CONSUMER) timestamp=12011 ms, used_size=15915008 bytes (38.9%)
(RDMA_READ_CONSUME_CHECK_CONSUMER) timestamp=12011 ms, used_size=15912960 bytes (38.9%)
(RDMA_READ_CONSUME_CHECK_CONSUMER) timestamp=12011 ms, used_size=15910912 bytes (38.8%)
(RDMA_READ_CONSUME_CHECK_CONSUMER) timestamp=12011 ms, used_size=15908864 bytes (38.8%)
(RDMA_READ_CONSUME_CHECK_CONSUMER) timestamp=12011 ms, used_size=15906816 bytes (38.8%)
(RDMA_READ_CONSUME_CHECK_CONSUMER) timestamp=12011 ms, used_size=15904768 bytes (38.8%)
(RDMA_READ_CONSUME_CHECK_CONSUMER) timestamp=12011 ms, used_size=15902720 bytes (38.8%)
(RDMA_READ_CONSUME_CHECK_CONSUMER) timestamp=12011 ms, used_size=15900672 bytes (38.8%)
(RDMA_READ_CONSUME_CHECK_CONSUMER) timestamp=12011 ms, used_size=15898624 bytes (38.8%)
(RDMA_READ_CONSUME_CHECK_CONSUMER) timestamp=12011 ms, used_size=15896576 bytes (38.8%)
(RDMA_READ_CONSUME_CHECK_CONSUMER) timestamp=12011 ms, used_size=15894528 bytes (38.8%)
(RDMA_READ_CONSUME_CHECK_CONSUMER) timestamp=12011 ms, used_size=15892480 bytes (38.8%)
(RDMA_READ_CONSUME_CHECK_CONSUMER) timestamp=12011 ms, used_size=15890432 bytes (38.8%)
(RDMA_READ_CONSUME_CHECK_CONSUMER) timestamp=12011 ms, used_size=15888384 bytes (38.8%)
(RDMA_READ_CONSUME_CHECK_CONSUMER) timestamp=12011 ms, used_size=15886336 bytes (38.8%)
(RDMA_READ_CONSUME_CHECK_CONSUMER) timestamp=12011 ms, used_size=15884288 bytes (38.8%)
(RDMA_READ_CONSUME_CHECK_CONSUMER) timestamp=12011 ms, used_size=15882240 bytes (38.8%)
(RDMA_READ_CONSUME_CHECK_CONSUMER) timestamp=12011 ms, used_size=15880192 bytes (38.8%)
(RDMA_READ_CONSUME_CHECK_CONSUMER) timestamp=12011 ms, used_size=15878144 bytes (38.8%)
(RDMA_READ_CONSUME_CHECK_CONSUMER) timestamp=12011 ms, used_size=15876096 bytes (38.8%)
(RDMA_READ_CONSUME_CHECK_CONSUMER) timestamp=12011 ms, used_size=15874048 bytes (38.8%)
(RDMA_READ_CONSUME_CHECK_CONSUMER) timestamp=12011 ms, used_size=15872000 bytes (38.8%)
(RDMA_READ_CONSUME_CHECK_CONSUMER) timestamp=12011 ms, used_size=15869952 bytes (38.7%)
(RDMA_READ_CONSUME_CHECK_CONSUMER) timestamp=12011 ms, used_size=15867904 bytes (38.7%)
(RDMA_READ_CONSUME_CHECK_CONSUMER) timestamp=12011 ms, used_size=15865856 bytes (38.7%)
(RDMA_READ_CONSUME_CHECK_CONSUMER) timestamp=12011 ms, used_size=15863808 bytes (38.7%)
(RDMA_READ_CONSUME_CHECK_CONSUMER) timestamp=12011 ms, used_size=15861760 bytes (38.7%)
(RDMA_READ_CONSUME_CHECK_CONSUMER) timestamp=12011 ms, used_size=15859712 bytes (38.7%)
(RDMA_READ_CONSUME_CHECK_CONSUMER) timestamp=12011 ms, used_size=15857664 bytes (38.7%)
(RDMA_READ_CONSUME_CHECK_CONSUMER) timestamp=12011 ms, used_size=15855616 bytes (38.7%)
(RDMA_READ_CONSUME_CHECK_CONSUMER) timestamp=12011 ms, used_size=15853568 bytes (38.7%)
(RDMA_READ_CONSUME_CHECK_CONSUMER) timestamp=12011 ms, used_size=15851520 bytes (38.7%)
(RDMA_READ_CONSUME_CHECK_CONSUMER) timestamp=12011 ms, used_size=15849472 bytes (38.7%)
(RDMA_READ_CONSUME_CHECK_CONSUMER) timestamp=12011 ms, used_size=15847424 bytes (38.7%)
(RDMA_READ_CONSUME_CHECK_CONSUMER) timestamp=12011 ms, used_size=15845376 bytes (38.7%)
(RDMA_READ_CONSUME_CHECK_CONSUMER) timestamp=12011 ms, used_size=15843328 bytes (38.7%)
(RDMA_READ_CONSUME_CHECK_CONSUMER) timestamp=12011 ms, used_size=15841280 bytes (38.7%)
(RDMA_READ_CONSUME_CHECK_CONSUMER) timestamp=12011 ms, used_size=15839232 bytes (38.7%)
(RDMA_READ_CONSUME_CHECK_CONSUMER) timestamp=12011 ms, used_size=15837184 bytes (38.7%)
(RDMA_READ_CONSUME_CHECK_CONSUMER) timestamp=12011 ms, used_size=15835136 bytes (38.7%)
(RDMA_READ_CONSUME_CHECK_CONSUMER) timestamp=12011 ms, used_size=15833088 bytes (38.7%)
(RDMA_READ_CONSUME_CHECK_CONSUMER) timestamp=12011 ms, used_size=15831040 bytes (38.6%)
(RDMA_READ_CONSUME_CHECK_CONSUMER) timestamp=12011 ms, used_size=15828992 bytes (38.6%)
(RDMA_READ_CONSUME_CHECK_CONSUMER) timestamp=12011 ms, used_size=15826944 bytes (38.6%)
(RDMA_READ_CONSUME_CHECK_CONSUMER) timestamp=12011 ms, used_size=15824896 bytes (38.6%)
(RDMA_READ_CONSUME_CHECK_CONSUMER) timestamp=12011 ms, used_size=15822848 bytes (38.6%)
(RDMA_READ_CONSUME_CHECK_CONSUMER) timestamp=12011 ms, used_size=15820800 bytes (38.6%)
(RDMA_READ_CONSUME_CHECK_CONSUMER) timestamp=12011 ms, used_size=15818752 bytes (38.6%)
(RDMA_READ_CONSUME_CHECK_CONSUMER) timestamp=12011 ms, used_size=15816704 bytes (38.6%)
(RDMA_READ_CONSUME_CHECK_CONSUMER) timestamp=12011 ms, used_size=15814656 bytes (38.6%)
(RDMA_READ_CONSUME_CHECK_CONSUMER) timestamp=12011 ms, used_size=15812608 bytes (38.6%)
(RDMA_READ_CONSUME_CHECK_CONSUMER) timestamp=12011 ms, used_size=15810560 bytes (38.6%)
(RDMA_READ_CONSUME_CHECK_CONSUMER) timestamp=12011 ms, used_size=15808512 bytes (38.6%)
(RDMA_READ_CONSUME_CHECK_CONSUMER) timestamp=12011 ms, used_size=15806464 bytes (38.6%)
(RDMA_READ_CONSUME_CHECK_CONSUMER) timestamp=12011 ms, used_size=15804416 bytes (38.6%)
(RDMA_READ_CONSUME_CHECK_CONSUMER) timestamp=12011 ms, used_size=15802368 bytes (38.6%)
(RDMA_READ_CONSUME_CHECK_CONSUMER) timestamp=12011 ms, used_size=15800320 bytes (38.6%)
(RDMA_READ_CONSUME_CHECK_CONSUMER) timestamp=12011 ms, used_size=15798272 bytes (38.6%)
(RDMA_READ_CONSUME_CHECK_CONSUMER) timestamp=12011 ms, used_size=15796224 bytes (38.6%)
(RDMA_READ_CONSUME_CHECK_CONSUMER) timestamp=12011 ms, used_size=15794176 bytes (38.6%)
(RDMA_READ_CONSUME_CHECK_CONSUMER) timestamp=12011 ms, used_size=15792128 bytes (38.6%)
(RDMA_READ_CONSUME_CHECK_CONSUMER) timestamp=12011 ms, used_size=15790080 bytes (38.5%)
(RDMA_READ_CONSUME_CHECK_CONSUMER) timestamp=12011 ms, used_size=15788032 bytes (38.5%)
(RDMA_READ_CONSUME_CHECK_CONSUMER) timestamp=12011 ms, used_size=15785984 bytes (38.5%)
(RDMA_READ_CONSUME_CHECK_CONSUMER) timestamp=12011 ms, used_size=15783936 bytes (38.5%)
(RDMA_READ_CONSUME_CHECK_CONSUMER) timestamp=12011 ms, used_size=15781888 bytes (38.5%)
(RDMA_READ_CONSUME_CHECK_CONSUMER) timestamp=12011 ms, used_size=15779840 bytes (38.5%)
(RDMA_READ_CONSUME_CHECK_CONSUMER) timestamp=12011 ms, used_size=15777792 bytes (38.5%)
(RDMA_READ_CONSUME_CHECK_CONSUMER) timestamp=12011 ms, used_size=15775744 bytes (38.5%)
(RDMA_READ_CONSUME_CHECK_CONSUMER) timestamp=12011 ms, used_size=15773696 bytes (38.5%)
(RDMA_READ_CONSUME_CHECK_CONSUMER) timestamp=12011 ms, used_size=15771648 bytes (38.5%)
(RDMA_READ_CONSUME_CHECK_CONSUMER) timestamp=12011 ms, used_size=15769600 bytes (38.5%)
(RDMA_READ_CONSUME_CHECK_CONSUMER) timestamp=12012 ms, used_size=15767552 bytes (38.5%)
(RDMA_READ_CONSUME_CHECK_CONSUMER) timestamp=12012 ms, used_size=15765504 bytes (38.5%)
(RDMA_READ_CONSUME_CHECK_CONSUMER) timestamp=12012 ms, used_size=15763456 bytes (38.5%)
(RDMA_READ_CONSUME_CHECK_CONSUMER) timestamp=12012 ms, used_size=15761408 bytes (38.5%)
(RDMA_READ_CONSUME_CHECK_CONSUMER) timestamp=12012 ms, used_size=15759360 bytes (38.5%)
(RDMA_READ_CONSUME_CHECK_CONSUMER) timestamp=12012 ms, used_size=15757312 bytes (38.5%)
(RDMA_READ_CONSUME_CHECK_CONSUMER) timestamp=12012 ms, used_size=15755264 bytes (38.5%)
(RDMA_READ_CONSUME_CHECK_CONSUMER) timestamp=12012 ms, used_size=15753216 bytes (38.5%)
(RDMA_READ_CONSUME_CHECK_CONSUMER) timestamp=12012 ms, used_size=15751168 bytes (38.5%)
(RDMA_READ_CONSUME_CHECK_CONSUMER) timestamp=12012 ms, used_size=15749120 bytes (38.5%)
(RDMA_READ_CONSUME_CHECK_CONSUMER) timestamp=12012 ms, used_size=15747072 bytes (38.4%)
(RDMA_READ_CONSUME_CHECK_CONSUMER) timestamp=12012 ms, used_size=15745024 bytes (38.4%)
(RDMA_READ_CONSUME_CHECK_CONSUMER) timestamp=12012 ms, used_size=15742976 bytes (38.4%)
(RDMA_READ_CONSUME_CHECK_CONSUMER) timestamp=12012 ms, used_size=15740928 bytes (38.4%)
(RDMA_READ_CONSUME_CHECK_CONSUMER) timestamp=12012 ms, used_size=15738880 bytes (38.4%)
(RDMA_READ_CONSUME_CHECK_CONSUMER) timestamp=12012 ms, used_size=15736832 bytes (38.4%)
(RDMA_READ_CONSUME_CHECK_CONSUMER) timestamp=12012 ms, used_size=15734784 bytes (38.4%)
(RDMA_READ_CONSUME_CHECK_CONSUMER) timestamp=12012 ms, used_size=15732736 bytes (38.4%)
(RDMA_READ_CONSUME_CHECK_CONSUMER) timestamp=12012 ms, used_size=15730688 bytes (38.4%)
(RDMA_READ_CONSUME_CHECK_CONSUMER) timestamp=12012 ms, used_size=15728640 bytes (38.4%)
(RDMA_READ_CONSUME_CHECK_CONSUMER) timestamp=12012 ms, used_size=15726592 bytes (38.4%)
(RDMA_READ_CONSUME_CHECK_CONSUMER) timestamp=12012 ms, used_size=15724544 bytes (38.4%)
(RDMA_READ_CONSUME_CHECK_CONSUMER) timestamp=12012 ms, used_size=15722496 bytes (38.4%)
(RDMA_READ_CONSUME_CHECK_CONSUMER) timestamp=12012 ms, used_size=15720448 bytes (38.4%)
(RDMA_READ_CONSUME_CHECK_CONSUMER) timestamp=12012 ms, used_size=15718400 bytes (38.4%)
(RDMA_READ_CONSUME_CHECK_CONSUMER) timestamp=12012 ms, used_size=15716352 bytes (38.4%)
(RDMA_READ_CONSUME_CHECK_CONSUMER) timestamp=12012 ms, used_size=15714304 bytes (38.4%)
(RDMA_READ_CONSUME_CHECK_CONSUMER) timestamp=12012 ms, used_size=15712256 bytes (38.4%)
(RDMA_READ_CONSUME_CHECK_CONSUMER) timestamp=12012 ms, used_size=15710208 bytes (38.4%)
(RDMA_READ_CONSUME_CHECK_CONSUMER) timestamp=12012 ms, used_size=15708160 bytes (38.4%)
(RDMA_READ_CONSUME_CHECK_CONSUMER) timestamp=12012 ms, used_size=15706112 bytes (38.3%)
(RDMA_READ_CONSUME_CHECK_CONSUMER) timestamp=12012 ms, used_size=15704064 bytes (38.3%)
(RDMA_READ_CONSUME_CHECK_CONSUMER) timestamp=12012 ms, used_size=15702016 bytes (38.3%)
(RDMA_READ_CONSUME_CHECK_CONSUMER) timestamp=12012 ms, used_size=15699968 bytes (38.3%)
(RDMA_READ_CONSUME_CHECK_CONSUMER) timestamp=12012 ms, used_size=15697920 bytes (38.3%)
(RDMA_READ_CONSUME_CHECK_CONSUMER) timestamp=12012 ms, used_size=15695872 bytes (38.3%)
(RDMA_READ_CONSUME_CHECK_CONSUMER) timestamp=12012 ms, used_size=15693824 bytes (38.3%)
(RDMA_READ_CONSUME_CHECK_CONSUMER) timestamp=12012 ms, used_size=15691776 bytes (38.3%)
(RDMA_READ_CONSUME_CHECK_CONSUMER) timestamp=12012 ms, used_size=15689728 bytes (38.3%)
(RDMA_READ_CONSUME_CHECK_CONSUMER) timestamp=12012 ms, used_size=15687680 bytes (38.3%)
(RDMA_READ_CONSUME_CHECK_CONSUMER) timestamp=12012 ms, used_size=15685632 bytes (38.3%)
(RDMA_READ_CONSUME_CHECK_CONSUMER) timestamp=12012 ms, used_size=15683584 bytes (38.3%)
(RDMA_READ_CONSUME_CHECK_CONSUMER) timestamp=12012 ms, used_size=15681536 bytes (38.3%)
(RDMA_READ_CONSUME_CHECK_CONSUMER) timestamp=12012 ms, used_size=15679488 bytes (38.3%)
(RDMA_READ_CONSUME_CHECK_CONSUMER) timestamp=12012 ms, used_size=15677440 bytes (38.3%)
(RDMA_READ_CONSUME_CHECK_CONSUMER) timestamp=12012 ms, used_size=15675392 bytes (38.3%)
(RDMA_READ_CONSUME_CHECK_CONSUMER) timestamp=12012 ms, used_size=15673344 bytes (38.3%)
(RDMA_READ_CONSUME_CHECK_CONSUMER) timestamp=12012 ms, used_size=15671296 bytes (38.3%)
(RDMA_READ_CONSUME_CHECK_CONSUMER) timestamp=12012 ms, used_size=15669248 bytes (38.3%)
(RDMA_READ_CONSUME_CHECK_CONSUMER) timestamp=12012 ms, used_size=15667200 bytes (38.2%)
(RDMA_READ_CONSUME_CHECK_CONSUMER) timestamp=12012 ms, used_size=15665152 bytes (38.2%)
(RDMA_READ_CONSUME_CHECK_CONSUMER) timestamp=12012 ms, used_size=15663104 bytes (38.2%)
(RDMA_READ_CONSUME_CHECK_CONSUMER) timestamp=12012 ms, used_size=15661056 bytes (38.2%)
(RDMA_READ_CONSUME_CHECK_CONSUMER) timestamp=12012 ms, used_size=15659008 bytes (38.2%)
(RDMA_READ_CONSUME_CHECK_CONSUMER) timestamp=12012 ms, used_size=15656960 bytes (38.2%)
(RDMA_READ_CONSUME_CHECK_CONSUMER) timestamp=12012 ms, used_size=15654912 bytes (38.2%)
(RDMA_READ_CONSUME_CHECK_CONSUMER) timestamp=12012 ms, used_size=15652864 bytes (38.2%)
(RDMA_READ_CONSUME_CHECK_CONSUMER) timestamp=12012 ms, used_size=15650816 bytes (38.2%)
(RDMA_READ_CONSUME_CHECK_CONSUMER) timestamp=12012 ms, used_size=15648768 bytes (38.2%)
(RDMA_READ_CONSUME_CHECK_CONSUMER) timestamp=12012 ms, used_size=15646720 bytes (38.2%)
(RDMA_READ_CONSUME_CHECK_CONSUMER) timestamp=12012 ms, used_size=15644672 bytes (38.2%)
(RDMA_READ_CONSUME_CHECK_CONSUMER) timestamp=12012 ms, used_size=15642624 bytes (38.2%)
(RDMA_READ_CONSUME_CHECK_CONSUMER) timestamp=12012 ms, used_size=15640576 bytes (38.2%)
(RDMA_READ_CONSUME_CHECK_CONSUMER) timestamp=12012 ms, used_size=15638528 bytes (38.2%)
(RDMA_READ_CONSUME_CHECK_CONSUMER) timestamp=12012 ms, used_size=15636480 bytes (38.2%)
(RDMA_READ_CONSUME_CHECK_CONSUMER) timestamp=12012 ms, used_size=15634432 bytes (38.2%)
(RDMA_READ_CONSUME_CHECK_CONSUMER) timestamp=12012 ms, used_size=15632384 bytes (38.2%)
(RDMA_READ_CONSUME_CHECK_CONSUMER) timestamp=12012 ms, used_size=15630336 bytes (38.2%)
(RDMA_READ_CONSUME_CHECK_CONSUMER) timestamp=12012 ms, used_size=15628288 bytes (38.2%)
(RDMA_READ_CONSUME_CHECK_CONSUMER) timestamp=12012 ms, used_size=15626240 bytes (38.1%)
(RDMA_READ_CONSUME_CHECK_CONSUMER) timestamp=12012 ms, used_size=15624192 bytes (38.1%)
(RDMA_READ_CONSUME_CHECK_CONSUMER) timestamp=12012 ms, used_size=15622144 bytes (38.1%)
(RDMA_READ_CONSUME_CHECK_CONSUMER) timestamp=12012 ms, used_size=15620096 bytes (38.1%)
(RDMA_READ_CONSUME_CHECK_CONSUMER) timestamp=12012 ms, used_size=15618048 bytes (38.1%)
(RDMA_READ_CONSUME_CHECK_CONSUMER) timestamp=12012 ms, used_size=15616000 bytes (38.1%)
(RDMA_READ_CONSUME_CHECK_CONSUMER) timestamp=12012 ms, used_size=15613952 bytes (38.1%)
(RDMA_READ_CONSUME_CHECK_CONSUMER) timestamp=12012 ms, used_size=15611904 bytes (38.1%)
(RDMA_READ_CONSUME_CHECK_CONSUMER) timestamp=12012 ms, used_size=15609856 bytes (38.1%)
(RDMA_READ_CONSUME_CHECK_CONSUMER) timestamp=12012 ms, used_size=15607808 bytes (38.1%)
(RDMA_READ_CONSUME_CHECK_CONSUMER) timestamp=12012 ms, used_size=15605760 bytes (38.1%)
(RDMA_READ_CONSUME_CHECK_CONSUMER) timestamp=12012 ms, used_size=15603712 bytes (38.1%)
(RDMA_READ_CONSUME_CHECK_CONSUMER) timestamp=12012 ms, used_size=15601664 bytes (38.1%)
(RDMA_READ_CONSUME_CHECK_CONSUMER) timestamp=12012 ms, used_size=15599616 bytes (38.1%)
(RDMA_READ_CONSUME_CHECK_CONSUMER) timestamp=12012 ms, used_size=15597568 bytes (38.1%)
(RDMA_READ_CONSUME_CHECK_CONSUMER) timestamp=12012 ms, used_size=15595520 bytes (38.1%)
(RDMA_READ_CONSUME_CHECK_CONSUMER) timestamp=12012 ms, used_size=15593472 bytes (38.1%)
(RDMA_READ_CONSUME_CHECK_CONSUMER) timestamp=12012 ms, used_size=15591424 bytes (38.1%)
(RDMA_READ_CONSUME_CHECK_CONSUMER) timestamp=12012 ms, used_size=15589376 bytes (38.1%)
(RDMA_READ_CONSUME_CHECK_CONSUMER) timestamp=12012 ms, used_size=15587328 bytes (38.1%)
(RDMA_READ_CONSUME_CHECK_CONSUMER) timestamp=12012 ms, used_size=15585280 bytes (38.0%)
(RDMA_READ_CONSUME_CHECK_CONSUMER) timestamp=12012 ms, used_size=15583232 bytes (38.0%)
(RDMA_READ_CONSUME_CHECK_CONSUMER) timestamp=12012 ms, used_size=15581184 bytes (38.0%)
(RDMA_READ_CONSUME_CHECK_CONSUMER) timestamp=12012 ms, used_size=15579136 bytes (38.0%)
(RDMA_READ_CONSUME_CHECK_CONSUMER) timestamp=12012 ms, used_size=15577088 bytes (38.0%)
(RDMA_READ_CONSUME_CHECK_CONSUMER) timestamp=12012 ms, used_size=15575040 bytes (38.0%)
(RDMA_READ_CONSUME_CHECK_CONSUMER) timestamp=12012 ms, used_size=15572992 bytes (38.0%)
(RDMA_READ_CONSUME_CHECK_CONSUMER) timestamp=12012 ms, used_size=15570944 bytes (38.0%)
(RDMA_READ_CONSUME_CHECK_CONSUMER) timestamp=12012 ms, used_size=15568896 bytes (38.0%)
(RDMA_READ_CONSUME_CHECK_CONSUMER) timestamp=12012 ms, used_size=15566848 bytes (38.0%)
(RDMA_READ_CONSUME_CHECK_CONSUMER) timestamp=12012 ms, used_size=15564800 bytes (38.0%)
(RDMA_READ_CONSUME_CHECK_CONSUMER) timestamp=12012 ms, used_size=15562752 bytes (38.0%)
(RDMA_READ_CONSUME_CHECK_CONSUMER) timestamp=12012 ms, used_size=15560704 bytes (38.0%)
(RDMA_READ_CONSUME_CHECK_CONSUMER) timestamp=12012 ms, used_size=15558656 bytes (38.0%)
(RDMA_READ_CONSUME_CHECK_CONSUMER) timestamp=12012 ms, used_size=15556608 bytes (38.0%)
(RDMA_READ_CONSUME_CHECK_CONSUMER) timestamp=12012 ms, used_size=15554560 bytes (38.0%)
(RDMA_READ_CONSUME_CHECK_CONSUMER) timestamp=12012 ms, used_size=15552512 bytes (38.0%)
(RDMA_READ_CONSUME_CHECK_CONSUMER) timestamp=12012 ms, used_size=15550464 bytes (38.0%)
(RDMA_READ_CONSUME_CHECK_CONSUMER) timestamp=12012 ms, used_size=15548416 bytes (38.0%)
(RDMA_READ_CONSUME_CHECK_CONSUMER) timestamp=12012 ms, used_size=15546368 bytes (38.0%)
(RDMA_READ_CONSUME_CHECK_CONSUMER) timestamp=12012 ms, used_size=15544320 bytes (38.0%)
(RDMA_READ_CONSUME_CHECK_CONSUMER) timestamp=12012 ms, used_size=15542272 bytes (37.9%)
(RDMA_READ_CONSUME_CHECK_CONSUMER) timestamp=12012 ms, used_size=15540224 bytes (37.9%)
(RDMA_READ_CONSUME_CHECK_CONSUMER) timestamp=12012 ms, used_size=15538176 bytes (37.9%)
(RDMA_READ_CONSUME_CHECK_CONSUMER) timestamp=12012 ms, used_size=15536128 bytes (37.9%)
(RDMA_READ_CONSUME_CHECK_CONSUMER) timestamp=12012 ms, used_size=15534080 bytes (37.9%)
(RDMA_READ_CONSUME_CHECK_CONSUMER) timestamp=12012 ms, used_size=15532032 bytes (37.9%)
(RDMA_READ_CONSUME_CHECK_CONSUMER) timestamp=12012 ms, used_size=15529984 bytes (37.9%)
(RDMA_READ_CONSUME_CHECK_CONSUMER) timestamp=12012 ms, used_size=15527936 bytes (37.9%)
(RDMA_READ_CONSUME_CHECK_CONSUMER) timestamp=12012 ms, used_size=15525888 bytes (37.9%)
(RDMA_READ_CONSUME_CHECK_CONSUMER) timestamp=12012 ms, used_size=15523840 bytes (37.9%)
(RDMA_READ_CONSUME_CHECK_CONSUMER) timestamp=12012 ms, used_size=15521792 bytes (37.9%)
(RDMA_READ_CONSUME_CHECK_CONSUMER) timestamp=12012 ms, used_size=15519744 bytes (37.9%)
(RDMA_READ_CONSUME_CHECK_CONSUMER) timestamp=12012 ms, used_size=15517696 bytes (37.9%)
(RDMA_READ_CONSUME_CHECK_CONSUMER) timestamp=12012 ms, used_size=15515648 bytes (37.9%)
(RDMA_READ_CONSUME_CHECK_CONSUMER) timestamp=12012 ms, used_size=15513600 bytes (37.9%)
(RDMA_READ_CONSUME_CHECK_CONSUMER) timestamp=12012 ms, used_size=15511552 bytes (37.9%)
(RDMA_READ_CONSUME_CHECK_CONSUMER) timestamp=12012 ms, used_size=15509504 bytes (37.9%)
(RDMA_READ_CONSUME_CHECK_CONSUMER) timestamp=12012 ms, used_size=15507456 bytes (37.9%)
(RDMA_READ_CONSUME_CHECK_CONSUMER) timestamp=12012 ms, used_size=15505408 bytes (37.9%)
(RDMA_READ_CONSUME_CHECK_CONSUMER) timestamp=12012 ms, used_size=15503360 bytes (37.9%)
(RDMA_READ_CONSUME_CHECK_CONSUMER) timestamp=12012 ms, used_size=15501312 bytes (37.8%)
(RDMA_READ_CONSUME_CHECK_CONSUMER) timestamp=12012 ms, used_size=15499264 bytes (37.8%)
(RDMA_READ_CONSUME_CHECK_CONSUMER) timestamp=12012 ms, used_size=15497216 bytes (37.8%)
(RDMA_READ_CONSUME_CHECK_CONSUMER) timestamp=12012 ms, used_size=15495168 bytes (37.8%)
(RDMA_READ_CONSUME_CHECK_CONSUMER) timestamp=12012 ms, used_size=15493120 bytes (37.8%)
(RDMA_READ_CONSUME_CHECK_CONSUMER) timestamp=12012 ms, used_size=15491072 bytes (37.8%)
(RDMA_READ_CONSUME_CHECK_CONSUMER) timestamp=12012 ms, used_size=15489024 bytes (37.8%)
(RDMA_READ_CONSUME_CHECK_CONSUMER) timestamp=12012 ms, used_size=15486976 bytes (37.8%)
(RDMA_READ_CONSUME_CHECK_CONSUMER) timestamp=12012 ms, used_size=15484928 bytes (37.8%)
(RDMA_READ_CONSUME_CHECK_CONSUMER) timestamp=12012 ms, used_size=15482880 bytes (37.8%)
(RDMA_READ_CONSUME_CHECK_CONSUMER) timestamp=12012 ms, used_size=15480832 bytes (37.8%)
(RDMA_READ_CONSUME_CHECK_CONSUMER) timestamp=12012 ms, used_size=15478784 bytes (37.8%)
(RDMA_READ_CONSUME_CHECK_CONSUMER) timestamp=12012 ms, used_size=15476736 bytes (37.8%)
(RDMA_READ_CONSUME_CHECK_CONSUMER) timestamp=12012 ms, used_size=15474688 bytes (37.8%)
(RDMA_READ_CONSUME_CHECK_CONSUMER) timestamp=12012 ms, used_size=15472640 bytes (37.8%)
(RDMA_READ_CONSUME_CHECK_CONSUMER) timestamp=12012 ms, used_size=15470592 bytes (37.8%)
(RDMA_READ_CONSUME_CHECK_CONSUMER) timestamp=12012 ms, used_size=15468544 bytes (37.8%)
(RDMA_READ_CONSUME_CHECK_CONSUMER) timestamp=12012 ms, used_size=15466496 bytes (37.8%)
(RDMA_READ_CONSUME_CHECK_CONSUMER) timestamp=12012 ms, used_size=15464448 bytes (37.8%)
(RDMA_READ_CONSUME_CHECK_CONSUMER) timestamp=12012 ms, used_size=15462400 bytes (37.8%)
(RDMA_READ_CONSUME_CHECK_CONSUMER) timestamp=12012 ms, used_size=15460352 bytes (37.7%)
(RDMA_READ_CONSUME_CHECK_CONSUMER) timestamp=12012 ms, used_size=15458304 bytes (37.7%)
(RDMA_READ_CONSUME_CHECK_CONSUMER) timestamp=12012 ms, used_size=15456256 bytes (37.7%)
(RDMA_READ_CONSUME_CHECK_CONSUMER) timestamp=12012 ms, used_size=15454208 bytes (37.7%)
(RDMA_READ_CONSUME_CHECK_CONSUMER) timestamp=12012 ms, used_size=15452160 bytes (37.7%)
(RDMA_READ_CONSUME_CHECK_CONSUMER) timestamp=12012 ms, used_size=15450112 bytes (37.7%)
(RDMA_READ_CONSUME_CHECK_CONSUMER) timestamp=12012 ms, used_size=15448064 bytes (37.7%)
(RDMA_READ_CONSUME_CHECK_CONSUMER) timestamp=12012 ms, used_size=15446016 bytes (37.7%)
(RDMA_READ_CONSUME_CHECK_CONSUMER) timestamp=12012 ms, used_size=15443968 bytes (37.7%)
(RDMA_READ_CONSUME_CHECK_CONSUMER) timestamp=12012 ms, used_size=15441920 bytes (37.7%)
(RDMA_READ_CONSUME_CHECK_CONSUMER) timestamp=12012 ms, used_size=15439872 bytes (37.7%)
(RDMA_READ_CONSUME_CHECK_CONSUMER) timestamp=12012 ms, used_size=15437824 bytes (37.7%)
(RDMA_READ_CONSUME_CHECK_CONSUMER) timestamp=12012 ms, used_size=15435776 bytes (37.7%)
(RDMA_READ_CONSUME_CHECK_CONSUMER) timestamp=12012 ms, used_size=15433728 bytes (37.7%)
(RDMA_READ_CONSUME_CHECK_CONSUMER) timestamp=12012 ms, used_size=15431680 bytes (37.7%)
(RDMA_READ_CONSUME_CHECK_CONSUMER) timestamp=12012 ms, used_size=15429632 bytes (37.7%)
(RDMA_READ_CONSUME_CHECK_CONSUMER) timestamp=12012 ms, used_size=15427584 bytes (37.7%)
(RDMA_READ_CONSUME_CHECK_CONSUMER) timestamp=12012 ms, used_size=15425536 bytes (37.7%)
(RDMA_READ_CONSUME_CHECK_CONSUMER) timestamp=12012 ms, used_size=15423488 bytes (37.7%)
(RDMA_READ_CONSUME_CHECK_CONSUMER) timestamp=12013 ms, used_size=15421440 bytes (37.6%)
(RDMA_READ_CONSUME_CHECK_CONSUMER) timestamp=12013 ms, used_size=15419392 bytes (37.6%)
(RDMA_READ_CONSUME_CHECK_CONSUMER) timestamp=12013 ms, used_size=15417344 bytes (37.6%)
(RDMA_READ_CONSUME_CHECK_CONSUMER) timestamp=12013 ms, used_size=15415296 bytes (37.6%)
(RDMA_READ_CONSUME_CHECK_CONSUMER) timestamp=12013 ms, used_size=15413248 bytes (37.6%)
(RDMA_READ_CONSUME_CHECK_CONSUMER) timestamp=12013 ms, used_size=15411200 bytes (37.6%)
(RDMA_READ_CONSUME_CHECK_CONSUMER) timestamp=12013 ms, used_size=15409152 bytes (37.6%)
(RDMA_READ_CONSUME_CHECK_CONSUMER) timestamp=12013 ms, used_size=15407104 bytes (37.6%)
(RDMA_READ_CONSUME_CHECK_CONSUMER) timestamp=12013 ms, used_size=15405056 bytes (37.6%)
(RDMA_READ_CONSUME_CHECK_CONSUMER) timestamp=12013 ms, used_size=15403008 bytes (37.6%)
(RDMA_READ_CONSUME_CHECK_CONSUMER) timestamp=12013 ms, used_size=15400960 bytes (37.6%)
(RDMA_READ_CONSUME_CHECK_CONSUMER) timestamp=12013 ms, used_size=15398912 bytes (37.6%)
(RDMA_READ_CONSUME_CHECK_CONSUMER) timestamp=12013 ms, used_size=15396864 bytes (37.6%)
(RDMA_READ_CONSUME_CHECK_CONSUMER) timestamp=12013 ms, used_size=15394816 bytes (37.6%)
(RDMA_READ_CONSUME_CHECK_CONSUMER) timestamp=12013 ms, used_size=15392768 bytes (37.6%)
(RDMA_READ_CONSUME_CHECK_CONSUMER) timestamp=12013 ms, used_size=15390720 bytes (37.6%)
(RDMA_READ_CONSUME_CHECK_CONSUMER) timestamp=12013 ms, used_size=15388672 bytes (37.6%)
(RDMA_READ_CONSUME_CHECK_CONSUMER) timestamp=12013 ms, used_size=15386624 bytes (37.6%)
(RDMA_READ_CONSUME_CHECK_CONSUMER) timestamp=12013 ms, used_size=15384576 bytes (37.6%)
(RDMA_READ_CONSUME_CHECK_CONSUMER) timestamp=12013 ms, used_size=15382528 bytes (37.6%)
(RDMA_READ_CONSUME_CHECK_CONSUMER) timestamp=12013 ms, used_size=15380480 bytes (37.5%)
(RDMA_READ_CONSUME_CHECK_CONSUMER) timestamp=12013 ms, used_size=15378432 bytes (37.5%)
(RDMA_READ_CONSUME_CHECK_CONSUMER) timestamp=12013 ms, used_size=15376384 bytes (37.5%)
(RDMA_READ_CONSUME_CHECK_CONSUMER) timestamp=12013 ms, used_size=15374336 bytes (37.5%)
(RDMA_READ_CONSUME_CHECK_CONSUMER) timestamp=12013 ms, used_size=15372288 bytes (37.5%)
(RDMA_READ_CONSUME_CHECK_CONSUMER) timestamp=12013 ms, used_size=15370240 bytes (37.5%)
(RDMA_READ_CONSUME_CHECK_CONSUMER) timestamp=12013 ms, used_size=15368192 bytes (37.5%)
(RDMA_READ_CONSUME_CHECK_CONSUMER) timestamp=12013 ms, used_size=15366144 bytes (37.5%)
(RDMA_READ_CONSUME_CHECK_CONSUMER) timestamp=12013 ms, used_size=15364096 bytes (37.5%)
(RDMA_READ_CONSUME_CHECK_CONSUMER) timestamp=12013 ms, used_size=15362048 bytes (37.5%)
(RDMA_READ_CONSUME_CHECK_CONSUMER) timestamp=12013 ms, used_size=15360000 bytes (37.5%)
(RDMA_READ_CONSUME_CHECK_CONSUMER) timestamp=12013 ms, used_size=15357952 bytes (37.5%)
(RDMA_READ_CONSUME_CHECK_CONSUMER) timestamp=12013 ms, used_size=15355904 bytes (37.5%)
(RDMA_READ_CONSUME_CHECK_CONSUMER) timestamp=12013 ms, used_size=15353856 bytes (37.5%)
(RDMA_READ_CONSUME_CHECK_CONSUMER) timestamp=12013 ms, used_size=15351808 bytes (37.5%)
(RDMA_READ_CONSUME_CHECK_CONSUMER) timestamp=12013 ms, used_size=15349760 bytes (37.5%)
(RDMA_READ_CONSUME_CHECK_CONSUMER) timestamp=12013 ms, used_size=15347712 bytes (37.5%)
(RDMA_READ_CONSUME_CHECK_CONSUMER) timestamp=12013 ms, used_size=15345664 bytes (37.5%)
(RDMA_READ_CONSUME_CHECK_CONSUMER) timestamp=12013 ms, used_size=15343616 bytes (37.5%)
(RDMA_READ_CONSUME_CHECK_CONSUMER) timestamp=12013 ms, used_size=15341568 bytes (37.5%)
(RDMA_READ_CONSUME_CHECK_CONSUMER) timestamp=12013 ms, used_size=15339520 bytes (37.5%)
(RDMA_READ_CONSUME_CHECK_CONSUMER) timestamp=12013 ms, used_size=15337472 bytes (37.4%)
(RDMA_READ_CONSUME_CHECK_CONSUMER) timestamp=12013 ms, used_size=15335424 bytes (37.4%)
(RDMA_READ_CONSUME_CHECK_CONSUMER) timestamp=12013 ms, used_size=15333376 bytes (37.4%)
(RDMA_READ_CONSUME_CHECK_CONSUMER) timestamp=12013 ms, used_size=15331328 bytes (37.4%)
(RDMA_READ_CONSUME_CHECK_CONSUMER) timestamp=12013 ms, used_size=15329280 bytes (37.4%)
(RDMA_READ_CONSUME_CHECK_CONSUMER) timestamp=12013 ms, used_size=15327232 bytes (37.4%)
(RDMA_READ_CONSUME_CHECK_CONSUMER) timestamp=12013 ms, used_size=15325184 bytes (37.4%)
(RDMA_READ_CONSUME_CHECK_CONSUMER) timestamp=12013 ms, used_size=15323136 bytes (37.4%)
(RDMA_READ_CONSUME_CHECK_CONSUMER) timestamp=12013 ms, used_size=15321088 bytes (37.4%)
(RDMA_READ_CONSUME_CHECK_CONSUMER) timestamp=12013 ms, used_size=15319040 bytes (37.4%)
(RDMA_READ_CONSUME_CHECK_CONSUMER) timestamp=12013 ms, used_size=15316992 bytes (37.4%)
(RDMA_READ_CONSUME_CHECK_CONSUMER) timestamp=12013 ms, used_size=15314944 bytes (37.4%)
(RDMA_READ_CONSUME_CHECK_CONSUMER) timestamp=12013 ms, used_size=15312896 bytes (37.4%)
(RDMA_READ_CONSUME_CHECK_CONSUMER) timestamp=12013 ms, used_size=15310848 bytes (37.4%)
(RDMA_READ_CONSUME_CHECK_CONSUMER) timestamp=12013 ms, used_size=15308800 bytes (37.4%)
(RDMA_READ_CONSUME_CHECK_CONSUMER) timestamp=12013 ms, used_size=15306752 bytes (37.4%)
(RDMA_READ_CONSUME_CHECK_CONSUMER) timestamp=12013 ms, used_size=15304704 bytes (37.4%)
(RDMA_READ_CONSUME_CHECK_CONSUMER) timestamp=12013 ms, used_size=15302656 bytes (37.4%)
(RDMA_READ_CONSUME_CHECK_CONSUMER) timestamp=12013 ms, used_size=15300608 bytes (37.4%)
(RDMA_READ_CONSUME_CHECK_CONSUMER) timestamp=12013 ms, used_size=15298560 bytes (37.4%)
(RDMA_READ_CONSUME_CHECK_CONSUMER) timestamp=12013 ms, used_size=15296512 bytes (37.3%)
(RDMA_READ_CONSUME_CHECK_CONSUMER) timestamp=12013 ms, used_size=15294464 bytes (37.3%)
(RDMA_READ_CONSUME_CHECK_CONSUMER) timestamp=12013 ms, used_size=15292416 bytes (37.3%)
(RDMA_READ_CONSUME_CHECK_CONSUMER) timestamp=12013 ms, used_size=15290368 bytes (37.3%)
(RDMA_READ_CONSUME_CHECK_CONSUMER) timestamp=12013 ms, used_size=15288320 bytes (37.3%)
(RDMA_READ_CONSUME_CHECK_CONSUMER) timestamp=12013 ms, used_size=15286272 bytes (37.3%)
(RDMA_READ_CONSUME_CHECK_CONSUMER) timestamp=12013 ms, used_size=15284224 bytes (37.3%)
(RDMA_READ_CONSUME_CHECK_CONSUMER) timestamp=12013 ms, used_size=15282176 bytes (37.3%)
(RDMA_READ_CONSUME_CHECK_CONSUMER) timestamp=12013 ms, used_size=15280128 bytes (37.3%)
(RDMA_READ_CONSUME_CHECK_CONSUMER) timestamp=12013 ms, used_size=15278080 bytes (37.3%)
(RDMA_READ_CONSUME_CHECK_CONSUMER) timestamp=12013 ms, used_size=15276032 bytes (37.3%)
(RDMA_READ_CONSUME_CHECK_CONSUMER) timestamp=12013 ms, used_size=15273984 bytes (37.3%)
(RDMA_READ_CONSUME_CHECK_CONSUMER) timestamp=12013 ms, used_size=15271936 bytes (37.3%)
(RDMA_READ_CONSUME_CHECK_CONSUMER) timestamp=12013 ms, used_size=15269888 bytes (37.3%)
(RDMA_READ_CONSUME_CHECK_CONSUMER) timestamp=12013 ms, used_size=15267840 bytes (37.3%)
(RDMA_READ_CONSUME_CHECK_CONSUMER) timestamp=12013 ms, used_size=15265792 bytes (37.3%)
(RDMA_READ_CONSUME_CHECK_CONSUMER) timestamp=12013 ms, used_size=15263744 bytes (37.3%)
(RDMA_READ_CONSUME_CHECK_CONSUMER) timestamp=12013 ms, used_size=15261696 bytes (37.3%)
(RDMA_READ_CONSUME_CHECK_CONSUMER) timestamp=12013 ms, used_size=15259648 bytes (37.3%)
(RDMA_READ_CONSUME_CHECK_CONSUMER) timestamp=12013 ms, used_size=15257600 bytes (37.2%)
(RDMA_READ_CONSUME_CHECK_CONSUMER) timestamp=12013 ms, used_size=15255552 bytes (37.2%)
(RDMA_READ_CONSUME_CHECK_CONSUMER) timestamp=12013 ms, used_size=15253504 bytes (37.2%)
(RDMA_READ_CONSUME_CHECK_CONSUMER) timestamp=12013 ms, used_size=15251456 bytes (37.2%)
(RDMA_READ_CONSUME_CHECK_CONSUMER) timestamp=12013 ms, used_size=15249408 bytes (37.2%)
(RDMA_READ_CONSUME_CHECK_CONSUMER) timestamp=12013 ms, used_size=15247360 bytes (37.2%)
(RDMA_READ_CONSUME_CHECK_CONSUMER) timestamp=12013 ms, used_size=15245312 bytes (37.2%)
(RDMA_READ_CONSUME_CHECK_CONSUMER) timestamp=12013 ms, used_size=15243264 bytes (37.2%)
(RDMA_READ_CONSUME_CHECK_CONSUMER) timestamp=12013 ms, used_size=15241216 bytes (37.2%)
(RDMA_READ_CONSUME_CHECK_CONSUMER) timestamp=12013 ms, used_size=15239168 bytes (37.2%)
(RDMA_READ_CONSUME_CHECK_CONSUMER) timestamp=12013 ms, used_size=15237120 bytes (37.2%)
(RDMA_READ_CONSUME_CHECK_CONSUMER) timestamp=12013 ms, used_size=15235072 bytes (37.2%)
(RDMA_READ_CONSUME_CHECK_CONSUMER) timestamp=12013 ms, used_size=15233024 bytes (37.2%)
(RDMA_READ_CONSUME_CHECK_CONSUMER) timestamp=12013 ms, used_size=15230976 bytes (37.2%)
(RDMA_READ_CONSUME_CHECK_CONSUMER) timestamp=12013 ms, used_size=15228928 bytes (37.2%)
(RDMA_READ_CONSUME_CHECK_CONSUMER) timestamp=12013 ms, used_size=15226880 bytes (37.2%)
(RDMA_READ_CONSUME_CHECK_CONSUMER) timestamp=12013 ms, used_size=15224832 bytes (37.2%)
(RDMA_READ_CONSUME_CHECK_CONSUMER) timestamp=12013 ms, used_size=15222784 bytes (37.2%)
(RDMA_READ_CONSUME_CHECK_CONSUMER) timestamp=12013 ms, used_size=15220736 bytes (37.2%)
(RDMA_READ_CONSUME_CHECK_CONSUMER) timestamp=12013 ms, used_size=15218688 bytes (37.2%)
(RDMA_READ_CONSUME_CHECK_CONSUMER) timestamp=12013 ms, used_size=15216640 bytes (37.1%)
(RDMA_READ_CONSUME_CHECK_CONSUMER) timestamp=12013 ms, used_size=15214592 bytes (37.1%)
(RDMA_READ_CONSUME_CHECK_CONSUMER) timestamp=12013 ms, used_size=15212544 bytes (37.1%)
(RDMA_READ_CONSUME_CHECK_CONSUMER) timestamp=12013 ms, used_size=15210496 bytes (37.1%)
(RDMA_READ_CONSUME_CHECK_CONSUMER) timestamp=12013 ms, used_size=15208448 bytes (37.1%)
(RDMA_READ_CONSUME_CHECK_CONSUMER) timestamp=12013 ms, used_size=15206400 bytes (37.1%)
(RDMA_READ_CONSUME_CHECK_CONSUMER) timestamp=12013 ms, used_size=15204352 bytes (37.1%)
(RDMA_READ_CONSUME_CHECK_CONSUMER) timestamp=12013 ms, used_size=15202304 bytes (37.1%)
(RDMA_READ_CONSUME_CHECK_CONSUMER) timestamp=12013 ms, used_size=15200256 bytes (37.1%)
(RDMA_READ_CONSUME_CHECK_CONSUMER) timestamp=12013 ms, used_size=15198208 bytes (37.1%)
(RDMA_READ_CONSUME_CHECK_CONSUMER) timestamp=12013 ms, used_size=15196160 bytes (37.1%)
(RDMA_READ_CONSUME_CHECK_CONSUMER) timestamp=12013 ms, used_size=15194112 bytes (37.1%)
(RDMA_READ_CONSUME_CHECK_CONSUMER) timestamp=12013 ms, used_size=15192064 bytes (37.1%)
(RDMA_READ_CONSUME_CHECK_CONSUMER) timestamp=12013 ms, used_size=15190016 bytes (37.1%)
(RDMA_READ_CONSUME_CHECK_CONSUMER) timestamp=12013 ms, used_size=15187968 bytes (37.1%)
(RDMA_READ_CONSUME_CHECK_CONSUMER) timestamp=12013 ms, used_size=15185920 bytes (37.1%)
(RDMA_READ_CONSUME_CHECK_CONSUMER) timestamp=12013 ms, used_size=15183872 bytes (37.1%)
(RDMA_READ_CONSUME_CHECK_CONSUMER) timestamp=12013 ms, used_size=15181824 bytes (37.1%)
(RDMA_READ_CONSUME_CHECK_CONSUMER) timestamp=12013 ms, used_size=15179776 bytes (37.1%)
(RDMA_READ_CONSUME_CHECK_CONSUMER) timestamp=12013 ms, used_size=15177728 bytes (37.1%)
(RDMA_READ_CONSUME_CHECK_CONSUMER) timestamp=12013 ms, used_size=15175680 bytes (37.0%)
(RDMA_READ_CONSUME_CHECK_CONSUMER) timestamp=12013 ms, used_size=15173632 bytes (37.0%)
(RDMA_READ_CONSUME_CHECK_CONSUMER) timestamp=12013 ms, used_size=15171584 bytes (37.0%)
(RDMA_READ_CONSUME_CHECK_CONSUMER) timestamp=12013 ms, used_size=15169536 bytes (37.0%)
(RDMA_READ_CONSUME_CHECK_CONSUMER) timestamp=12013 ms, used_size=15167488 bytes (37.0%)
(RDMA_READ_CONSUME_CHECK_CONSUMER) timestamp=12013 ms, used_size=15165440 bytes (37.0%)
(RDMA_READ_CONSUME_CHECK_CONSUMER) timestamp=12013 ms, used_size=15163392 bytes (37.0%)
(RDMA_READ_CONSUME_CHECK_CONSUMER) timestamp=12013 ms, used_size=15161344 bytes (37.0%)
(RDMA_READ_CONSUME_CHECK_CONSUMER) timestamp=12013 ms, used_size=15159296 bytes (37.0%)
(RDMA_READ_CONSUME_CHECK_CONSUMER) timestamp=12013 ms, used_size=15157248 bytes (37.0%)
(RDMA_READ_CONSUME_CHECK_CONSUMER) timestamp=12013 ms, used_size=15155200 bytes (37.0%)
(RDMA_READ_CONSUME_CHECK_CONSUMER) timestamp=12013 ms, used_size=15153152 bytes (37.0%)
(RDMA_READ_CONSUME_CHECK_CONSUMER) timestamp=12013 ms, used_size=15151104 bytes (37.0%)
(RDMA_READ_CONSUME_CHECK_CONSUMER) timestamp=12013 ms, used_size=15149056 bytes (37.0%)
(RDMA_READ_CONSUME_CHECK_CONSUMER) timestamp=12013 ms, used_size=15147008 bytes (37.0%)
(RDMA_READ_CONSUME_CHECK_CONSUMER) timestamp=12013 ms, used_size=15144960 bytes (37.0%)
(RDMA_READ_CONSUME_CHECK_CONSUMER) timestamp=12013 ms, used_size=15142912 bytes (37.0%)
(RDMA_READ_CONSUME_CHECK_CONSUMER) timestamp=12013 ms, used_size=15140864 bytes (37.0%)
(RDMA_READ_CONSUME_CHECK_CONSUMER) timestamp=12013 ms, used_size=15138816 bytes (37.0%)
(RDMA_READ_CONSUME_CHECK_CONSUMER) timestamp=12013 ms, used_size=15136768 bytes (37.0%)
(RDMA_READ_CONSUME_CHECK_CONSUMER) timestamp=12013 ms, used_size=15134720 bytes (37.0%)
(RDMA_READ_CONSUME_CHECK_CONSUMER) timestamp=12013 ms, used_size=15132672 bytes (36.9%)
(RDMA_READ_CONSUME_CHECK_CONSUMER) timestamp=12013 ms, used_size=15130624 bytes (36.9%)
(RDMA_READ_CONSUME_CHECK_CONSUMER) timestamp=12013 ms, used_size=15128576 bytes (36.9%)
(RDMA_READ_CONSUME_CHECK_CONSUMER) timestamp=12013 ms, used_size=15126528 bytes (36.9%)
(RDMA_READ_CONSUME_CHECK_CONSUMER) timestamp=12013 ms, used_size=15124480 bytes (36.9%)
(RDMA_READ_CONSUME_CHECK_CONSUMER) timestamp=12013 ms, used_size=15122432 bytes (36.9%)
(RDMA_READ_CONSUME_CHECK_CONSUMER) timestamp=12013 ms, used_size=15120384 bytes (36.9%)
(RDMA_READ_CONSUME_CHECK_CONSUMER) timestamp=12013 ms, used_size=15118336 bytes (36.9%)
(RDMA_READ_CONSUME_CHECK_CONSUMER) timestamp=12013 ms, used_size=15116288 bytes (36.9%)
(RDMA_READ_CONSUME_CHECK_CONSUMER) timestamp=12013 ms, used_size=15114240 bytes (36.9%)
(RDMA_READ_CONSUME_CHECK_CONSUMER) timestamp=12013 ms, used_size=15112192 bytes (36.9%)
(RDMA_READ_CONSUME_CHECK_CONSUMER) timestamp=12013 ms, used_size=15110144 bytes (36.9%)
(RDMA_READ_CONSUME_CHECK_CONSUMER) timestamp=12013 ms, used_size=15108096 bytes (36.9%)
(RDMA_READ_CONSUME_CHECK_CONSUMER) timestamp=12013 ms, used_size=15106048 bytes (36.9%)
(RDMA_READ_CONSUME_CHECK_CONSUMER) timestamp=12013 ms, used_size=15104000 bytes (36.9%)
(RDMA_READ_CONSUME_CHECK_CONSUMER) timestamp=12013 ms, used_size=15101952 bytes (36.9%)
(RDMA_READ_CONSUME_CHECK_CONSUMER) timestamp=12013 ms, used_size=15099904 bytes (36.9%)
(RDMA_READ_CONSUME_CHECK_CONSUMER) timestamp=12013 ms, used_size=15097856 bytes (36.9%)
(RDMA_READ_CONSUME_CHECK_CONSUMER) timestamp=12013 ms, used_size=15095808 bytes (36.9%)
(RDMA_READ_CONSUME_CHECK_CONSUMER) timestamp=12013 ms, used_size=15093760 bytes (36.9%)
(RDMA_READ_CONSUME_CHECK_CONSUMER) timestamp=12013 ms, used_size=15091712 bytes (36.8%)
(RDMA_READ_CONSUME_CHECK_CONSUMER) timestamp=12013 ms, used_size=15089664 bytes (36.8%)
(RDMA_READ_CONSUME_CHECK_CONSUMER) timestamp=12013 ms, used_size=15087616 bytes (36.8%)
(RDMA_READ_CONSUME_CHECK_CONSUMER) timestamp=12013 ms, used_size=15085568 bytes (36.8%)
(RDMA_READ_CONSUME_CHECK_CONSUMER) timestamp=12013 ms, used_size=15083520 bytes (36.8%)
(RDMA_READ_CONSUME_CHECK_CONSUMER) timestamp=12013 ms, used_size=15081472 bytes (36.8%)
(RDMA_READ_CONSUME_CHECK_CONSUMER) timestamp=12013 ms, used_size=15079424 bytes (36.8%)
(RDMA_READ_CONSUME_CHECK_CONSUMER) timestamp=12013 ms, used_size=15077376 bytes (36.8%)
(RDMA_READ_CONSUME_CHECK_CONSUMER) timestamp=12013 ms, used_size=15075328 bytes (36.8%)
(RDMA_READ_CONSUME_CHECK_CONSUMER) timestamp=12013 ms, used_size=15073280 bytes (36.8%)
(RDMA_READ_CONSUME_CHECK_CONSUMER) timestamp=12013 ms, used_size=15071232 bytes (36.8%)
(RDMA_READ_CONSUME_CHECK_CONSUMER) timestamp=12014 ms, used_size=15069184 bytes (36.8%)
(RDMA_READ_CONSUME_CHECK_CONSUMER) timestamp=12014 ms, used_size=15067136 bytes (36.8%)
(RDMA_READ_CONSUME_CHECK_CONSUMER) timestamp=12014 ms, used_size=15065088 bytes (36.8%)
(RDMA_READ_CONSUME_CHECK_CONSUMER) timestamp=12014 ms, used_size=15063040 bytes (36.8%)
(RDMA_READ_CONSUME_CHECK_CONSUMER) timestamp=12014 ms, used_size=15060992 bytes (36.8%)
(RDMA_READ_CONSUME_CHECK_CONSUMER) timestamp=12014 ms, used_size=15058944 bytes (36.8%)
(RDMA_READ_CONSUME_CHECK_CONSUMER) timestamp=12014 ms, used_size=15056896 bytes (36.8%)
(RDMA_READ_CONSUME_CHECK_CONSUMER) timestamp=12014 ms, used_size=15054848 bytes (36.8%)
(RDMA_READ_CONSUME_CHECK_CONSUMER) timestamp=12014 ms, used_size=15052800 bytes (36.8%)
(RDMA_READ_CONSUME_CHECK_CONSUMER) timestamp=12014 ms, used_size=15050752 bytes (36.7%)
(RDMA_READ_CONSUME_CHECK_CONSUMER) timestamp=12014 ms, used_size=15048704 bytes (36.7%)
(RDMA_READ_CONSUME_CHECK_CONSUMER) timestamp=12014 ms, used_size=15046656 bytes (36.7%)
(RDMA_READ_CONSUME_CHECK_CONSUMER) timestamp=12014 ms, used_size=15044608 bytes (36.7%)
(RDMA_READ_CONSUME_CHECK_CONSUMER) timestamp=12014 ms, used_size=15042560 bytes (36.7%)
(RDMA_READ_CONSUME_CHECK_CONSUMER) timestamp=12014 ms, used_size=15040512 bytes (36.7%)
(RDMA_READ_CONSUME_CHECK_CONSUMER) timestamp=12014 ms, used_size=15038464 bytes (36.7%)
(RDMA_READ_CONSUME_CHECK_CONSUMER) timestamp=12014 ms, used_size=15036416 bytes (36.7%)
(RDMA_READ_CONSUME_CHECK_CONSUMER) timestamp=12014 ms, used_size=15034368 bytes (36.7%)
(RDMA_READ_CONSUME_CHECK_CONSUMER) timestamp=12014 ms, used_size=15032320 bytes (36.7%)
(RDMA_READ_CONSUME_CHECK_CONSUMER) timestamp=12014 ms, used_size=15030272 bytes (36.7%)
(RDMA_READ_CONSUME_CHECK_CONSUMER) timestamp=12014 ms, used_size=15028224 bytes (36.7%)
(RDMA_READ_CONSUME_CHECK_CONSUMER) timestamp=12014 ms, used_size=15026176 bytes (36.7%)
(RDMA_READ_CONSUME_CHECK_CONSUMER) timestamp=12014 ms, used_size=15024128 bytes (36.7%)
(RDMA_READ_CONSUME_CHECK_CONSUMER) timestamp=12014 ms, used_size=15022080 bytes (36.7%)
(RDMA_READ_CONSUME_CHECK_CONSUMER) timestamp=12014 ms, used_size=15020032 bytes (36.7%)
(RDMA_READ_CONSUME_CHECK_CONSUMER) timestamp=12014 ms, used_size=15017984 bytes (36.7%)
(RDMA_READ_CONSUME_CHECK_CONSUMER) timestamp=12014 ms, used_size=15015936 bytes (36.7%)
(RDMA_READ_CONSUME_CHECK_CONSUMER) timestamp=12014 ms, used_size=15013888 bytes (36.7%)
(RDMA_READ_CONSUME_CHECK_CONSUMER) timestamp=12014 ms, used_size=15011840 bytes (36.6%)
(RDMA_READ_CONSUME_CHECK_CONSUMER) timestamp=12014 ms, used_size=15009792 bytes (36.6%)
(RDMA_READ_CONSUME_CHECK_CONSUMER) timestamp=12014 ms, used_size=15007744 bytes (36.6%)
(RDMA_READ_CONSUME_CHECK_CONSUMER) timestamp=12014 ms, used_size=15005696 bytes (36.6%)
(RDMA_READ_CONSUME_CHECK_CONSUMER) timestamp=12014 ms, used_size=15003648 bytes (36.6%)
(RDMA_READ_CONSUME_CHECK_CONSUMER) timestamp=12014 ms, used_size=15001600 bytes (36.6%)
(RDMA_READ_CONSUME_CHECK_CONSUMER) timestamp=12014 ms, used_size=14999552 bytes (36.6%)
(RDMA_READ_CONSUME_CHECK_CONSUMER) timestamp=12014 ms, used_size=14997504 bytes (36.6%)
(RDMA_READ_CONSUME_CHECK_CONSUMER) timestamp=12014 ms, used_size=14995456 bytes (36.6%)
(RDMA_READ_CONSUME_CHECK_CONSUMER) timestamp=12014 ms, used_size=14993408 bytes (36.6%)
(RDMA_READ_CONSUME_CHECK_CONSUMER) timestamp=12014 ms, used_size=14991360 bytes (36.6%)
(RDMA_READ_CONSUME_CHECK_CONSUMER) timestamp=12014 ms, used_size=14989312 bytes (36.6%)
(RDMA_READ_CONSUME_CHECK_CONSUMER) timestamp=12014 ms, used_size=14987264 bytes (36.6%)
(RDMA_READ_CONSUME_CHECK_CONSUMER) timestamp=12014 ms, used_size=14985216 bytes (36.6%)
(RDMA_READ_CONSUME_CHECK_CONSUMER) timestamp=12014 ms, used_size=14983168 bytes (36.6%)
(RDMA_READ_CONSUME_CHECK_CONSUMER) timestamp=12014 ms, used_size=14981120 bytes (36.6%)
(RDMA_READ_CONSUME_CHECK_CONSUMER) timestamp=12014 ms, used_size=14979072 bytes (36.6%)
(RDMA_READ_CONSUME_CHECK_CONSUMER) timestamp=12014 ms, used_size=14977024 bytes (36.6%)
(RDMA_READ_CONSUME_CHECK_CONSUMER) timestamp=12014 ms, used_size=14974976 bytes (36.6%)
(RDMA_READ_CONSUME_CHECK_CONSUMER) timestamp=12014 ms, used_size=14972928 bytes (36.6%)
(RDMA_READ_CONSUME_CHECK_CONSUMER) timestamp=12014 ms, used_size=14970880 bytes (36.5%)
(RDMA_READ_CONSUME_CHECK_CONSUMER) timestamp=12014 ms, used_size=14968832 bytes (36.5%)
(RDMA_READ_CONSUME_CHECK_CONSUMER) timestamp=12014 ms, used_size=14966784 bytes (36.5%)
(RDMA_READ_CONSUME_CHECK_CONSUMER) timestamp=12014 ms, used_size=14964736 bytes (36.5%)
(RDMA_READ_CONSUME_CHECK_CONSUMER) timestamp=12014 ms, used_size=14962688 bytes (36.5%)
(RDMA_READ_CONSUME_CHECK_CONSUMER) timestamp=12014 ms, used_size=14960640 bytes (36.5%)
(RDMA_READ_CONSUME_CHECK_CONSUMER) timestamp=12014 ms, used_size=14958592 bytes (36.5%)
(RDMA_READ_CONSUME_CHECK_CONSUMER) timestamp=12014 ms, used_size=14956544 bytes (36.5%)
(RDMA_READ_CONSUME_CHECK_CONSUMER) timestamp=12014 ms, used_size=14954496 bytes (36.5%)
(RDMA_READ_CONSUME_CHECK_CONSUMER) timestamp=12014 ms, used_size=14952448 bytes (36.5%)
(RDMA_READ_CONSUME_CHECK_CONSUMER) timestamp=12014 ms, used_size=14950400 bytes (36.5%)
(RDMA_READ_CONSUME_CHECK_CONSUMER) timestamp=12014 ms, used_size=14948352 bytes (36.5%)
(RDMA_READ_CONSUME_CHECK_CONSUMER) timestamp=12014 ms, used_size=14946304 bytes (36.5%)
(RDMA_READ_CONSUME_CHECK_CONSUMER) timestamp=12014 ms, used_size=14944256 bytes (36.5%)
(RDMA_READ_CONSUME_CHECK_CONSUMER) timestamp=12014 ms, used_size=14942208 bytes (36.5%)
(RDMA_READ_CONSUME_CHECK_CONSUMER) timestamp=12014 ms, used_size=14940160 bytes (36.5%)
(RDMA_READ_CONSUME_CHECK_CONSUMER) timestamp=12014 ms, used_size=14938112 bytes (36.5%)
(RDMA_READ_CONSUME_CHECK_CONSUMER) timestamp=12014 ms, used_size=14936064 bytes (36.5%)
(RDMA_READ_CONSUME_CHECK_CONSUMER) timestamp=12014 ms, used_size=14934016 bytes (36.5%)
(RDMA_READ_CONSUME_CHECK_CONSUMER) timestamp=12014 ms, used_size=14931968 bytes (36.5%)
(RDMA_READ_CONSUME_CHECK_CONSUMER) timestamp=12014 ms, used_size=14929920 bytes (36.5%)
(RDMA_READ_CONSUME_CHECK_CONSUMER) timestamp=12014 ms, used_size=14927872 bytes (36.4%)
(RDMA_READ_CONSUME_CHECK_CONSUMER) timestamp=12014 ms, used_size=14925824 bytes (36.4%)
(RDMA_READ_CONSUME_CHECK_CONSUMER) timestamp=12014 ms, used_size=14923776 bytes (36.4%)
(RDMA_READ_CONSUME_CHECK_CONSUMER) timestamp=12014 ms, used_size=14921728 bytes (36.4%)
(RDMA_READ_CONSUME_CHECK_CONSUMER) timestamp=12014 ms, used_size=14919680 bytes (36.4%)
(RDMA_READ_CONSUME_CHECK_CONSUMER) timestamp=12014 ms, used_size=14917632 bytes (36.4%)
(RDMA_READ_CONSUME_CHECK_CONSUMER) timestamp=12014 ms, used_size=14915584 bytes (36.4%)
(RDMA_READ_CONSUME_CHECK_CONSUMER) timestamp=12014 ms, used_size=14913536 bytes (36.4%)
(RDMA_READ_CONSUME_CHECK_CONSUMER) timestamp=12014 ms, used_size=14911488 bytes (36.4%)
(RDMA_READ_CONSUME_CHECK_CONSUMER) timestamp=12014 ms, used_size=14909440 bytes (36.4%)
(RDMA_READ_CONSUME_CHECK_CONSUMER) timestamp=12014 ms, used_size=14907392 bytes (36.4%)
(RDMA_READ_CONSUME_CHECK_CONSUMER) timestamp=12014 ms, used_size=14905344 bytes (36.4%)
(RDMA_READ_CONSUME_CHECK_CONSUMER) timestamp=12014 ms, used_size=14903296 bytes (36.4%)
(RDMA_READ_CONSUME_CHECK_CONSUMER) timestamp=12014 ms, used_size=14901248 bytes (36.4%)
(RDMA_READ_CONSUME_CHECK_CONSUMER) timestamp=12014 ms, used_size=14899200 bytes (36.4%)
(RDMA_READ_CONSUME_CHECK_CONSUMER) timestamp=12014 ms, used_size=14897152 bytes (36.4%)
(RDMA_READ_CONSUME_CHECK_CONSUMER) timestamp=12014 ms, used_size=14895104 bytes (36.4%)
(RDMA_READ_CONSUME_CHECK_CONSUMER) timestamp=12014 ms, used_size=14893056 bytes (36.4%)
(RDMA_READ_CONSUME_CHECK_CONSUMER) timestamp=12014 ms, used_size=14891008 bytes (36.4%)
(RDMA_READ_CONSUME_CHECK_CONSUMER) timestamp=12014 ms, used_size=14888960 bytes (36.4%)
(RDMA_READ_CONSUME_CHECK_CONSUMER) timestamp=12014 ms, used_size=14886912 bytes (36.3%)
(RDMA_READ_CONSUME_CHECK_CONSUMER) timestamp=12014 ms, used_size=14884864 bytes (36.3%)
(RDMA_READ_CONSUME_CHECK_CONSUMER) timestamp=12014 ms, used_size=14882816 bytes (36.3%)
(RDMA_READ_CONSUME_CHECK_CONSUMER) timestamp=12014 ms, used_size=14880768 bytes (36.3%)
(RDMA_READ_CONSUME_CHECK_CONSUMER) timestamp=12014 ms, used_size=14878720 bytes (36.3%)
(RDMA_READ_CONSUME_CHECK_CONSUMER) timestamp=12014 ms, used_size=14876672 bytes (36.3%)
(RDMA_READ_CONSUME_CHECK_CONSUMER) timestamp=12014 ms, used_size=14874624 bytes (36.3%)
(RDMA_READ_CONSUME_CHECK_CONSUMER) timestamp=12014 ms, used_size=14872576 bytes (36.3%)
(RDMA_READ_CONSUME_CHECK_CONSUMER) timestamp=12014 ms, used_size=14870528 bytes (36.3%)
(RDMA_READ_CONSUME_CHECK_CONSUMER) timestamp=12014 ms, used_size=14868480 bytes (36.3%)
(RDMA_READ_CONSUME_CHECK_CONSUMER) timestamp=12014 ms, used_size=14866432 bytes (36.3%)
(RDMA_READ_CONSUME_CHECK_CONSUMER) timestamp=12014 ms, used_size=14864384 bytes (36.3%)
(RDMA_READ_CONSUME_CHECK_CONSUMER) timestamp=12014 ms, used_size=14862336 bytes (36.3%)
(RDMA_READ_CONSUME_CHECK_CONSUMER) timestamp=12014 ms, used_size=14860288 bytes (36.3%)
(RDMA_READ_CONSUME_CHECK_CONSUMER) timestamp=12014 ms, used_size=14858240 bytes (36.3%)
(RDMA_READ_CONSUME_CHECK_CONSUMER) timestamp=12014 ms, used_size=14856192 bytes (36.3%)
(RDMA_READ_CONSUME_CHECK_CONSUMER) timestamp=12014 ms, used_size=14854144 bytes (36.3%)
(RDMA_READ_CONSUME_CHECK_CONSUMER) timestamp=12014 ms, used_size=14852096 bytes (36.3%)
(RDMA_READ_CONSUME_CHECK_CONSUMER) timestamp=12014 ms, used_size=14850048 bytes (36.3%)
(RDMA_READ_CONSUME_CHECK_CONSUMER) timestamp=12014 ms, used_size=14848000 bytes (36.2%)
(RDMA_READ_CONSUME_CHECK_CONSUMER) timestamp=12014 ms, used_size=14845952 bytes (36.2%)
(RDMA_READ_CONSUME_CHECK_CONSUMER) timestamp=12014 ms, used_size=14843904 bytes (36.2%)
(RDMA_READ_CONSUME_CHECK_CONSUMER) timestamp=12014 ms, used_size=14841856 bytes (36.2%)
(RDMA_READ_CONSUME_CHECK_CONSUMER) timestamp=12014 ms, used_size=14839808 bytes (36.2%)
(RDMA_READ_CONSUME_CHECK_CONSUMER) timestamp=12014 ms, used_size=14837760 bytes (36.2%)
(RDMA_READ_CONSUME_CHECK_CONSUMER) timestamp=12014 ms, used_size=14835712 bytes (36.2%)
(RDMA_READ_CONSUME_CHECK_CONSUMER) timestamp=12014 ms, used_size=14833664 bytes (36.2%)
(RDMA_READ_CONSUME_CHECK_CONSUMER) timestamp=12014 ms, used_size=14831616 bytes (36.2%)
(RDMA_READ_CONSUME_CHECK_CONSUMER) timestamp=12014 ms, used_size=14829568 bytes (36.2%)
(RDMA_READ_CONSUME_CHECK_CONSUMER) timestamp=12014 ms, used_size=14827520 bytes (36.2%)
(RDMA_READ_CONSUME_CHECK_CONSUMER) timestamp=12014 ms, used_size=14825472 bytes (36.2%)
(RDMA_READ_CONSUME_CHECK_CONSUMER) timestamp=12014 ms, used_size=14823424 bytes (36.2%)
(RDMA_READ_CONSUME_CHECK_CONSUMER) timestamp=12014 ms, used_size=14821376 bytes (36.2%)
(RDMA_READ_CONSUME_CHECK_CONSUMER) timestamp=12014 ms, used_size=14819328 bytes (36.2%)
(RDMA_READ_CONSUME_CHECK_CONSUMER) timestamp=12014 ms, used_size=14817280 bytes (36.2%)
(RDMA_READ_CONSUME_CHECK_CONSUMER) timestamp=12014 ms, used_size=14815232 bytes (36.2%)
(RDMA_READ_CONSUME_CHECK_CONSUMER) timestamp=12014 ms, used_size=14813184 bytes (36.2%)
(RDMA_READ_CONSUME_CHECK_CONSUMER) timestamp=12014 ms, used_size=14811136 bytes (36.2%)
(RDMA_READ_CONSUME_CHECK_CONSUMER) timestamp=12014 ms, used_size=14809088 bytes (36.2%)
(RDMA_READ_CONSUME_CHECK_CONSUMER) timestamp=12014 ms, used_size=14807040 bytes (36.1%)
(RDMA_READ_CONSUME_CHECK_CONSUMER) timestamp=12014 ms, used_size=14804992 bytes (36.1%)
(RDMA_READ_CONSUME_CHECK_CONSUMER) timestamp=12014 ms, used_size=14802944 bytes (36.1%)
(RDMA_READ_CONSUME_CHECK_CONSUMER) timestamp=12014 ms, used_size=14800896 bytes (36.1%)
(RDMA_READ_CONSUME_CHECK_CONSUMER) timestamp=12014 ms, used_size=14798848 bytes (36.1%)
(RDMA_READ_CONSUME_CHECK_CONSUMER) timestamp=12014 ms, used_size=14796800 bytes (36.1%)
(RDMA_READ_CONSUME_CHECK_CONSUMER) timestamp=12014 ms, used_size=14794752 bytes (36.1%)
(RDMA_READ_CONSUME_CHECK_CONSUMER) timestamp=12014 ms, used_size=14792704 bytes (36.1%)
(RDMA_READ_CONSUME_CHECK_CONSUMER) timestamp=12014 ms, used_size=14790656 bytes (36.1%)
(RDMA_READ_CONSUME_CHECK_CONSUMER) timestamp=12014 ms, used_size=14788608 bytes (36.1%)
(RDMA_READ_CONSUME_CHECK_CONSUMER) timestamp=12014 ms, used_size=14786560 bytes (36.1%)
(RDMA_READ_CONSUME_CHECK_CONSUMER) timestamp=12014 ms, used_size=14784512 bytes (36.1%)
(RDMA_READ_CONSUME_CHECK_CONSUMER) timestamp=12014 ms, used_size=14782464 bytes (36.1%)
(RDMA_READ_CONSUME_CHECK_CONSUMER) timestamp=12014 ms, used_size=14780416 bytes (36.1%)
(RDMA_READ_CONSUME_CHECK_CONSUMER) timestamp=12014 ms, used_size=14778368 bytes (36.1%)
(RDMA_READ_CONSUME_CHECK_CONSUMER) timestamp=12014 ms, used_size=14776320 bytes (36.1%)
(RDMA_READ_CONSUME_CHECK_CONSUMER) timestamp=12014 ms, used_size=14774272 bytes (36.1%)
(RDMA_READ_CONSUME_CHECK_CONSUMER) timestamp=12014 ms, used_size=14772224 bytes (36.1%)
(RDMA_READ_CONSUME_CHECK_CONSUMER) timestamp=12014 ms, used_size=14770176 bytes (36.1%)
(RDMA_READ_CONSUME_CHECK_CONSUMER) timestamp=12014 ms, used_size=14768128 bytes (36.1%)
(RDMA_READ_CONSUME_CHECK_CONSUMER) timestamp=12014 ms, used_size=14766080 bytes (36.0%)
(RDMA_READ_CONSUME_CHECK_CONSUMER) timestamp=12014 ms, used_size=14764032 bytes (36.0%)
(RDMA_READ_CONSUME_CHECK_CONSUMER) timestamp=12014 ms, used_size=14761984 bytes (36.0%)
(RDMA_READ_CONSUME_CHECK_CONSUMER) timestamp=12014 ms, used_size=14759936 bytes (36.0%)
(RDMA_READ_CONSUME_CHECK_CONSUMER) timestamp=12014 ms, used_size=14757888 bytes (36.0%)
(RDMA_READ_CONSUME_CHECK_CONSUMER) timestamp=12014 ms, used_size=14755840 bytes (36.0%)
(RDMA_READ_CONSUME_CHECK_CONSUMER) timestamp=12014 ms, used_size=14753792 bytes (36.0%)
(RDMA_READ_CONSUME_CHECK_CONSUMER) timestamp=12014 ms, used_size=14751744 bytes (36.0%)
(RDMA_READ_CONSUME_CHECK_CONSUMER) timestamp=12014 ms, used_size=14749696 bytes (36.0%)
(RDMA_READ_CONSUME_CHECK_CONSUMER) timestamp=12014 ms, used_size=14747648 bytes (36.0%)
(RDMA_READ_CONSUME_CHECK_CONSUMER) timestamp=12014 ms, used_size=14745600 bytes (36.0%)
(RDMA_READ_CONSUME_CHECK_CONSUMER) timestamp=12014 ms, used_size=14743552 bytes (36.0%)
(RDMA_READ_CONSUME_CHECK_CONSUMER) timestamp=12014 ms, used_size=14741504 bytes (36.0%)
(RDMA_READ_CONSUME_CHECK_CONSUMER) timestamp=12014 ms, used_size=14739456 bytes (36.0%)
(RDMA_READ_CONSUME_CHECK_CONSUMER) timestamp=12014 ms, used_size=14737408 bytes (36.0%)
(RDMA_READ_CONSUME_CHECK_CONSUMER) timestamp=12014 ms, used_size=14735360 bytes (36.0%)
(RDMA_READ_CONSUME_CHECK_CONSUMER) timestamp=12014 ms, used_size=14733312 bytes (36.0%)
(RDMA_READ_CONSUME_CHECK_CONSUMER) timestamp=12014 ms, used_size=14731264 bytes (36.0%)
(RDMA_READ_CONSUME_CHECK_CONSUMER) timestamp=12014 ms, used_size=14729216 bytes (36.0%)
(RDMA_READ_CONSUME_CHECK_CONSUMER) timestamp=12014 ms, used_size=14727168 bytes (36.0%)
(RDMA_READ_CONSUME_CHECK_CONSUMER) timestamp=12014 ms, used_size=14725120 bytes (36.0%)
(RDMA_READ_CONSUME_CHECK_CONSUMER) timestamp=12015 ms, used_size=14723072 bytes (35.9%)
(RDMA_READ_CONSUME_CHECK_CONSUMER) timestamp=12015 ms, used_size=14721024 bytes (35.9%)
(RDMA_READ_CONSUME_CHECK_CONSUMER) timestamp=12015 ms, used_size=14718976 bytes (35.9%)
(RDMA_READ_CONSUME_CHECK_CONSUMER) timestamp=12015 ms, used_size=14716928 bytes (35.9%)
(RDMA_READ_CONSUME_CHECK_CONSUMER) timestamp=12015 ms, used_size=14714880 bytes (35.9%)
(RDMA_READ_CONSUME_CHECK_CONSUMER) timestamp=12015 ms, used_size=14712832 bytes (35.9%)
(RDMA_READ_CONSUME_CHECK_CONSUMER) timestamp=12015 ms, used_size=14710784 bytes (35.9%)
(RDMA_READ_CONSUME_CHECK_CONSUMER) timestamp=12015 ms, used_size=14708736 bytes (35.9%)
(RDMA_READ_CONSUME_CHECK_CONSUMER) timestamp=12015 ms, used_size=14706688 bytes (35.9%)
(RDMA_READ_CONSUME_CHECK_CONSUMER) timestamp=12015 ms, used_size=14704640 bytes (35.9%)
(RDMA_READ_CONSUME_CHECK_CONSUMER) timestamp=12015 ms, used_size=14702592 bytes (35.9%)
(RDMA_READ_CONSUME_CHECK_CONSUMER) timestamp=12015 ms, used_size=14700544 bytes (35.9%)
(RDMA_READ_CONSUME_CHECK_CONSUMER) timestamp=12015 ms, used_size=14698496 bytes (35.9%)
(RDMA_READ_CONSUME_CHECK_CONSUMER) timestamp=12015 ms, used_size=14696448 bytes (35.9%)
(RDMA_READ_CONSUME_CHECK_CONSUMER) timestamp=12015 ms, used_size=14694400 bytes (35.9%)
(RDMA_READ_CONSUME_CHECK_CONSUMER) timestamp=12015 ms, used_size=14692352 bytes (35.9%)
(RDMA_READ_CONSUME_CHECK_CONSUMER) timestamp=12015 ms, used_size=14690304 bytes (35.9%)
(RDMA_READ_CONSUME_CHECK_CONSUMER) timestamp=12015 ms, used_size=14688256 bytes (35.9%)
(RDMA_READ_CONSUME_CHECK_CONSUMER) timestamp=12015 ms, used_size=14686208 bytes (35.9%)
(RDMA_READ_CONSUME_CHECK_CONSUMER) timestamp=12015 ms, used_size=14684160 bytes (35.9%)
(RDMA_READ_CONSUME_CHECK_CONSUMER) timestamp=12015 ms, used_size=14682112 bytes (35.8%)
(RDMA_READ_CONSUME_CHECK_CONSUMER) timestamp=12015 ms, used_size=14680064 bytes (35.8%)
(RDMA_READ_CONSUME_CHECK_CONSUMER) timestamp=12015 ms, used_size=14678016 bytes (35.8%)
(RDMA_READ_CONSUME_CHECK_CONSUMER) timestamp=12015 ms, used_size=14675968 bytes (35.8%)
(RDMA_READ_CONSUME_CHECK_CONSUMER) timestamp=12015 ms, used_size=14673920 bytes (35.8%)
(RDMA_READ_CONSUME_CHECK_CONSUMER) timestamp=12015 ms, used_size=14671872 bytes (35.8%)
(RDMA_READ_CONSUME_CHECK_CONSUMER) timestamp=12015 ms, used_size=14669824 bytes (35.8%)
(RDMA_READ_CONSUME_CHECK_CONSUMER) timestamp=12015 ms, used_size=14667776 bytes (35.8%)
(RDMA_READ_CONSUME_CHECK_CONSUMER) timestamp=12015 ms, used_size=14665728 bytes (35.8%)
(RDMA_READ_CONSUME_CHECK_CONSUMER) timestamp=12015 ms, used_size=14663680 bytes (35.8%)
(RDMA_READ_CONSUME_CHECK_CONSUMER) timestamp=12015 ms, used_size=14661632 bytes (35.8%)
(RDMA_READ_CONSUME_CHECK_CONSUMER) timestamp=12015 ms, used_size=14659584 bytes (35.8%)
(RDMA_READ_CONSUME_CHECK_CONSUMER) timestamp=12015 ms, used_size=14657536 bytes (35.8%)
(RDMA_READ_CONSUME_CHECK_CONSUMER) timestamp=12015 ms, used_size=14655488 bytes (35.8%)
(RDMA_READ_CONSUME_CHECK_CONSUMER) timestamp=12015 ms, used_size=14653440 bytes (35.8%)
(RDMA_READ_CONSUME_CHECK_CONSUMER) timestamp=12015 ms, used_size=14651392 bytes (35.8%)
(RDMA_READ_CONSUME_CHECK_CONSUMER) timestamp=12015 ms, used_size=14649344 bytes (35.8%)
(RDMA_READ_CONSUME_CHECK_CONSUMER) timestamp=12015 ms, used_size=14647296 bytes (35.8%)
(RDMA_READ_CONSUME_CHECK_CONSUMER) timestamp=12015 ms, used_size=14645248 bytes (35.8%)
(RDMA_READ_CONSUME_CHECK_CONSUMER) timestamp=12015 ms, used_size=14643200 bytes (35.8%)
(RDMA_READ_CONSUME_CHECK_CONSUMER) timestamp=12015 ms, used_size=14641152 bytes (35.7%)
(RDMA_READ_CONSUME_CHECK_CONSUMER) timestamp=12015 ms, used_size=14639104 bytes (35.7%)
(RDMA_READ_CONSUME_CHECK_CONSUMER) timestamp=12015 ms, used_size=14637056 bytes (35.7%)
(RDMA_READ_CONSUME_CHECK_CONSUMER) timestamp=12015 ms, used_size=14635008 bytes (35.7%)
(RDMA_READ_CONSUME_CHECK_CONSUMER) timestamp=12015 ms, used_size=14632960 bytes (35.7%)
(RDMA_READ_CONSUME_CHECK_CONSUMER) timestamp=12015 ms, used_size=14630912 bytes (35.7%)
(RDMA_READ_CONSUME_CHECK_CONSUMER) timestamp=12015 ms, used_size=14628864 bytes (35.7%)
(RDMA_READ_CONSUME_CHECK_CONSUMER) timestamp=12015 ms, used_size=14626816 bytes (35.7%)
(RDMA_READ_CONSUME_CHECK_CONSUMER) timestamp=12015 ms, used_size=14624768 bytes (35.7%)
(RDMA_READ_CONSUME_CHECK_CONSUMER) timestamp=12015 ms, used_size=14622720 bytes (35.7%)
(RDMA_READ_CONSUME_CHECK_CONSUMER) timestamp=12015 ms, used_size=14620672 bytes (35.7%)
(RDMA_READ_CONSUME_CHECK_CONSUMER) timestamp=12015 ms, used_size=14618624 bytes (35.7%)
(RDMA_READ_CONSUME_CHECK_CONSUMER) timestamp=12015 ms, used_size=14616576 bytes (35.7%)
(RDMA_READ_CONSUME_CHECK_CONSUMER) timestamp=12015 ms, used_size=14614528 bytes (35.7%)
(RDMA_READ_CONSUME_CHECK_CONSUMER) timestamp=12015 ms, used_size=14612480 bytes (35.7%)
(RDMA_READ_CONSUME_CHECK_CONSUMER) timestamp=12015 ms, used_size=14610432 bytes (35.7%)
(RDMA_READ_CONSUME_CHECK_CONSUMER) timestamp=12015 ms, used_size=14608384 bytes (35.7%)
(RDMA_READ_CONSUME_CHECK_CONSUMER) timestamp=12015 ms, used_size=14606336 bytes (35.7%)
(RDMA_READ_CONSUME_CHECK_CONSUMER) timestamp=12015 ms, used_size=14604288 bytes (35.7%)
(RDMA_READ_CONSUME_CHECK_CONSUMER) timestamp=12015 ms, used_size=14602240 bytes (35.6%)
(RDMA_READ_CONSUME_CHECK_CONSUMER) timestamp=12015 ms, used_size=14600192 bytes (35.6%)
(RDMA_READ_CONSUME_CHECK_CONSUMER) timestamp=12015 ms, used_size=14598144 bytes (35.6%)
(RDMA_READ_CONSUME_CHECK_CONSUMER) timestamp=12015 ms, used_size=14596096 bytes (35.6%)
(RDMA_READ_CONSUME_CHECK_CONSUMER) timestamp=12015 ms, used_size=14594048 bytes (35.6%)
(RDMA_READ_CONSUME_CHECK_CONSUMER) timestamp=12015 ms, used_size=14592000 bytes (35.6%)
(RDMA_READ_CONSUME_CHECK_CONSUMER) timestamp=12015 ms, used_size=14589952 bytes (35.6%)
(RDMA_READ_CONSUME_CHECK_CONSUMER) timestamp=12015 ms, used_size=14587904 bytes (35.6%)
(RDMA_READ_CONSUME_CHECK_CONSUMER) timestamp=12015 ms, used_size=14585856 bytes (35.6%)
(RDMA_READ_CONSUME_CHECK_CONSUMER) timestamp=12015 ms, used_size=14583808 bytes (35.6%)
(RDMA_READ_CONSUME_CHECK_CONSUMER) timestamp=12015 ms, used_size=14581760 bytes (35.6%)
(RDMA_READ_CONSUME_CHECK_CONSUMER) timestamp=12015 ms, used_size=14579712 bytes (35.6%)
(RDMA_READ_CONSUME_CHECK_CONSUMER) timestamp=12015 ms, used_size=14577664 bytes (35.6%)
(RDMA_READ_CONSUME_CHECK_CONSUMER) timestamp=12015 ms, used_size=14575616 bytes (35.6%)
(RDMA_READ_CONSUME_CHECK_CONSUMER) timestamp=12015 ms, used_size=14573568 bytes (35.6%)
(RDMA_READ_CONSUME_CHECK_CONSUMER) timestamp=12015 ms, used_size=14571520 bytes (35.6%)
(RDMA_READ_CONSUME_CHECK_CONSUMER) timestamp=12015 ms, used_size=14569472 bytes (35.6%)
(RDMA_READ_CONSUME_CHECK_CONSUMER) timestamp=12015 ms, used_size=14567424 bytes (35.6%)
(RDMA_READ_CONSUME_CHECK_CONSUMER) timestamp=12015 ms, used_size=14565376 bytes (35.6%)
(RDMA_READ_CONSUME_CHECK_CONSUMER) timestamp=12015 ms, used_size=14563328 bytes (35.6%)
(RDMA_READ_CONSUME_CHECK_CONSUMER) timestamp=12015 ms, used_size=14561280 bytes (35.5%)
(RDMA_READ_CONSUME_CHECK_CONSUMER) timestamp=12015 ms, used_size=14559232 bytes (35.5%)
(RDMA_READ_CONSUME_CHECK_CONSUMER) timestamp=12015 ms, used_size=14557184 bytes (35.5%)
(RDMA_READ_CONSUME_CHECK_CONSUMER) timestamp=12015 ms, used_size=14555136 bytes (35.5%)
(RDMA_READ_CONSUME_CHECK_CONSUMER) timestamp=12015 ms, used_size=14553088 bytes (35.5%)
(RDMA_READ_CONSUME_CHECK_CONSUMER) timestamp=12015 ms, used_size=14551040 bytes (35.5%)
(RDMA_READ_CONSUME_CHECK_CONSUMER) timestamp=12015 ms, used_size=14548992 bytes (35.5%)
(RDMA_READ_CONSUME_CHECK_CONSUMER) timestamp=12015 ms, used_size=14546944 bytes (35.5%)
(RDMA_READ_CONSUME_CHECK_CONSUMER) timestamp=12015 ms, used_size=14544896 bytes (35.5%)
(RDMA_READ_CONSUME_CHECK_CONSUMER) timestamp=12015 ms, used_size=14542848 bytes (35.5%)
(RDMA_READ_CONSUME_CHECK_CONSUMER) timestamp=12015 ms, used_size=14540800 bytes (35.5%)
(RDMA_READ_CONSUME_CHECK_CONSUMER) timestamp=12015 ms, used_size=14538752 bytes (35.5%)
(RDMA_READ_CONSUME_CHECK_CONSUMER) timestamp=12015 ms, used_size=14536704 bytes (35.5%)
(RDMA_READ_CONSUME_CHECK_CONSUMER) timestamp=12015 ms, used_size=14534656 bytes (35.5%)
(RDMA_READ_CONSUME_CHECK_CONSUMER) timestamp=12015 ms, used_size=14532608 bytes (35.5%)
(RDMA_READ_CONSUME_CHECK_CONSUMER) timestamp=12015 ms, used_size=14530560 bytes (35.5%)
(RDMA_READ_CONSUME_CHECK_CONSUMER) timestamp=12015 ms, used_size=14528512 bytes (35.5%)
(RDMA_READ_CONSUME_CHECK_CONSUMER) timestamp=12015 ms, used_size=14526464 bytes (35.5%)
(RDMA_READ_CONSUME_CHECK_CONSUMER) timestamp=12015 ms, used_size=14524416 bytes (35.5%)
(RDMA_READ_CONSUME_CHECK_CONSUMER) timestamp=12015 ms, used_size=14522368 bytes (35.5%)
(RDMA_READ_CONSUME_CHECK_CONSUMER) timestamp=12015 ms, used_size=14520320 bytes (35.5%)
(RDMA_READ_CONSUME_CHECK_CONSUMER) timestamp=12015 ms, used_size=14518272 bytes (35.4%)
(RDMA_READ_CONSUME_CHECK_CONSUMER) timestamp=12015 ms, used_size=14516224 bytes (35.4%)
(RDMA_READ_CONSUME_CHECK_CONSUMER) timestamp=12015 ms, used_size=14514176 bytes (35.4%)
(RDMA_READ_CONSUME_CHECK_CONSUMER) timestamp=12015 ms, used_size=14512128 bytes (35.4%)
(RDMA_READ_CONSUME_CHECK_CONSUMER) timestamp=12015 ms, used_size=14510080 bytes (35.4%)
(RDMA_READ_CONSUME_CHECK_CONSUMER) timestamp=12015 ms, used_size=14508032 bytes (35.4%)
(RDMA_READ_CONSUME_CHECK_CONSUMER) timestamp=12015 ms, used_size=14505984 bytes (35.4%)
(RDMA_READ_CONSUME_CHECK_CONSUMER) timestamp=12015 ms, used_size=14503936 bytes (35.4%)
(RDMA_READ_CONSUME_CHECK_CONSUMER) timestamp=12015 ms, used_size=14501888 bytes (35.4%)
(RDMA_READ_CONSUME_CHECK_CONSUMER) timestamp=12015 ms, used_size=14499840 bytes (35.4%)
(RDMA_READ_CONSUME_CHECK_CONSUMER) timestamp=12015 ms, used_size=14497792 bytes (35.4%)
(RDMA_READ_CONSUME_CHECK_CONSUMER) timestamp=12015 ms, used_size=14495744 bytes (35.4%)
(RDMA_READ_CONSUME_CHECK_CONSUMER) timestamp=12015 ms, used_size=14493696 bytes (35.4%)
(RDMA_READ_CONSUME_CHECK_CONSUMER) timestamp=12015 ms, used_size=14491648 bytes (35.4%)
(RDMA_READ_CONSUME_CHECK_CONSUMER) timestamp=12015 ms, used_size=14489600 bytes (35.4%)
(RDMA_READ_CONSUME_CHECK_CONSUMER) timestamp=12015 ms, used_size=14487552 bytes (35.4%)
(RDMA_READ_CONSUME_CHECK_CONSUMER) timestamp=12015 ms, used_size=14485504 bytes (35.4%)
(RDMA_READ_CONSUME_CHECK_CONSUMER) timestamp=12015 ms, used_size=14483456 bytes (35.4%)
(RDMA_READ_CONSUME_CHECK_CONSUMER) timestamp=12015 ms, used_size=14481408 bytes (35.4%)
(RDMA_READ_CONSUME_CHECK_CONSUMER) timestamp=12015 ms, used_size=14479360 bytes (35.4%)
(RDMA_READ_CONSUME_CHECK_CONSUMER) timestamp=12015 ms, used_size=14477312 bytes (35.3%)
(RDMA_READ_CONSUME_CHECK_CONSUMER) timestamp=12015 ms, used_size=14475264 bytes (35.3%)
(RDMA_READ_CONSUME_CHECK_CONSUMER) timestamp=12015 ms, used_size=14473216 bytes (35.3%)
(RDMA_READ_CONSUME_CHECK_CONSUMER) timestamp=12015 ms, used_size=14471168 bytes (35.3%)
(RDMA_READ_CONSUME_CHECK_CONSUMER) timestamp=12015 ms, used_size=14469120 bytes (35.3%)
(RDMA_READ_CONSUME_CHECK_CONSUMER) timestamp=12015 ms, used_size=14467072 bytes (35.3%)
(RDMA_READ_CONSUME_CHECK_CONSUMER) timestamp=12015 ms, used_size=14465024 bytes (35.3%)
(RDMA_READ_CONSUME_CHECK_CONSUMER) timestamp=12015 ms, used_size=14462976 bytes (35.3%)
(RDMA_READ_CONSUME_CHECK_CONSUMER) timestamp=12015 ms, used_size=14460928 bytes (35.3%)
(RDMA_READ_CONSUME_CHECK_CONSUMER) timestamp=12015 ms, used_size=14458880 bytes (35.3%)
(RDMA_READ_CONSUME_CHECK_CONSUMER) timestamp=12015 ms, used_size=14456832 bytes (35.3%)
(RDMA_READ_CONSUME_CHECK_CONSUMER) timestamp=12015 ms, used_size=14454784 bytes (35.3%)
(RDMA_READ_CONSUME_CHECK_CONSUMER) timestamp=12015 ms, used_size=14452736 bytes (35.3%)
(RDMA_READ_CONSUME_CHECK_CONSUMER) timestamp=12015 ms, used_size=14450688 bytes (35.3%)
(RDMA_READ_CONSUME_CHECK_CONSUMER) timestamp=12015 ms, used_size=14448640 bytes (35.3%)
(RDMA_READ_CONSUME_CHECK_CONSUMER) timestamp=12015 ms, used_size=14446592 bytes (35.3%)
(RDMA_READ_CONSUME_CHECK_CONSUMER) timestamp=12015 ms, used_size=14444544 bytes (35.3%)
(RDMA_READ_CONSUME_CHECK_CONSUMER) timestamp=12015 ms, used_size=14442496 bytes (35.3%)
(RDMA_READ_CONSUME_CHECK_CONSUMER) timestamp=12015 ms, used_size=14440448 bytes (35.3%)
(RDMA_READ_CONSUME_CHECK_CONSUMER) timestamp=12015 ms, used_size=14438400 bytes (35.2%)
(RDMA_READ_CONSUME_CHECK_CONSUMER) timestamp=12015 ms, used_size=14436352 bytes (35.2%)
(RDMA_READ_CONSUME_CHECK_CONSUMER) timestamp=12015 ms, used_size=14434304 bytes (35.2%)
(RDMA_READ_CONSUME_CHECK_CONSUMER) timestamp=12015 ms, used_size=14432256 bytes (35.2%)
(RDMA_READ_CONSUME_CHECK_CONSUMER) timestamp=12015 ms, used_size=14430208 bytes (35.2%)
(RDMA_READ_CONSUME_CHECK_CONSUMER) timestamp=12015 ms, used_size=14428160 bytes (35.2%)
(RDMA_READ_CONSUME_CHECK_CONSUMER) timestamp=12015 ms, used_size=14426112 bytes (35.2%)
(RDMA_READ_CONSUME_CHECK_CONSUMER) timestamp=12015 ms, used_size=14424064 bytes (35.2%)
(RDMA_READ_CONSUME_CHECK_CONSUMER) timestamp=12015 ms, used_size=14422016 bytes (35.2%)
(RDMA_READ_CONSUME_CHECK_CONSUMER) timestamp=12015 ms, used_size=14419968 bytes (35.2%)
(RDMA_READ_CONSUME_CHECK_CONSUMER) timestamp=12015 ms, used_size=14417920 bytes (35.2%)
(RDMA_READ_CONSUME_CHECK_CONSUMER) timestamp=12015 ms, used_size=14415872 bytes (35.2%)
(RDMA_READ_CONSUME_CHECK_CONSUMER) timestamp=12015 ms, used_size=14413824 bytes (35.2%)
(RDMA_READ_CONSUME_CHECK_CONSUMER) timestamp=12015 ms, used_size=14411776 bytes (35.2%)
(RDMA_READ_CONSUME_CHECK_CONSUMER) timestamp=12015 ms, used_size=14409728 bytes (35.2%)
(RDMA_READ_CONSUME_CHECK_CONSUMER) timestamp=12015 ms, used_size=14407680 bytes (35.2%)
(RDMA_READ_CONSUME_CHECK_CONSUMER) timestamp=12015 ms, used_size=14405632 bytes (35.2%)
(RDMA_READ_CONSUME_CHECK_CONSUMER) timestamp=12015 ms, used_size=14403584 bytes (35.2%)
(RDMA_READ_CONSUME_CHECK_CONSUMER) timestamp=12015 ms, used_size=14401536 bytes (35.2%)
(RDMA_READ_CONSUME_CHECK_CONSUMER) timestamp=12015 ms, used_size=14399488 bytes (35.2%)
(RDMA_READ_CONSUME_CHECK_CONSUMER) timestamp=12015 ms, used_size=14397440 bytes (35.1%)
(RDMA_READ_CONSUME_CHECK_CONSUMER) timestamp=12015 ms, used_size=14395392 bytes (35.1%)
(RDMA_READ_CONSUME_CHECK_CONSUMER) timestamp=12015 ms, used_size=14393344 bytes (35.1%)
(RDMA_READ_CONSUME_CHECK_CONSUMER) timestamp=12015 ms, used_size=14391296 bytes (35.1%)
(RDMA_READ_CONSUME_CHECK_CONSUMER) timestamp=12015 ms, used_size=14389248 bytes (35.1%)
(RDMA_READ_CONSUME_CHECK_CONSUMER) timestamp=12015 ms, used_size=14387200 bytes (35.1%)
(RDMA_READ_CONSUME_CHECK_CONSUMER) timestamp=12015 ms, used_size=14385152 bytes (35.1%)
(RDMA_READ_CONSUME_CHECK_CONSUMER) timestamp=12015 ms, used_size=14383104 bytes (35.1%)
(RDMA_READ_CONSUME_CHECK_CONSUMER) timestamp=12015 ms, used_size=14381056 bytes (35.1%)
(RDMA_READ_CONSUME_CHECK_CONSUMER) timestamp=12015 ms, used_size=14379008 bytes (35.1%)
(RDMA_READ_CONSUME_CHECK_CONSUMER) timestamp=12015 ms, used_size=14376960 bytes (35.1%)
(RDMA_READ_CONSUME_CHECK_CONSUMER) timestamp=12015 ms, used_size=14374912 bytes (35.1%)
(RDMA_READ_CONSUME_CHECK_CONSUMER) timestamp=12016 ms, used_size=14372864 bytes (35.1%)
(RDMA_READ_CONSUME_CHECK_CONSUMER) timestamp=12016 ms, used_size=14370816 bytes (35.1%)
(RDMA_READ_CONSUME_CHECK_CONSUMER) timestamp=12016 ms, used_size=14368768 bytes (35.1%)
(RDMA_READ_CONSUME_CHECK_CONSUMER) timestamp=12016 ms, used_size=14366720 bytes (35.1%)
(RDMA_READ_CONSUME_CHECK_CONSUMER) timestamp=12016 ms, used_size=14364672 bytes (35.1%)
(RDMA_READ_CONSUME_CHECK_CONSUMER) timestamp=12016 ms, used_size=14362624 bytes (35.1%)
(RDMA_READ_CONSUME_CHECK_CONSUMER) timestamp=12016 ms, used_size=14360576 bytes (35.1%)
(RDMA_READ_CONSUME_CHECK_CONSUMER) timestamp=12016 ms, used_size=14358528 bytes (35.1%)
(RDMA_READ_CONSUME_CHECK_CONSUMER) timestamp=12016 ms, used_size=14356480 bytes (35.0%)
(RDMA_READ_CONSUME_CHECK_CONSUMER) timestamp=12016 ms, used_size=14354432 bytes (35.0%)
(RDMA_READ_CONSUME_CHECK_CONSUMER) timestamp=12016 ms, used_size=14352384 bytes (35.0%)
(RDMA_READ_CONSUME_CHECK_CONSUMER) timestamp=12016 ms, used_size=14350336 bytes (35.0%)
(RDMA_READ_CONSUME_CHECK_CONSUMER) timestamp=12016 ms, used_size=14348288 bytes (35.0%)
(RDMA_READ_CONSUME_CHECK_CONSUMER) timestamp=12016 ms, used_size=14346240 bytes (35.0%)
(RDMA_READ_CONSUME_CHECK_CONSUMER) timestamp=12016 ms, used_size=14344192 bytes (35.0%)
(RDMA_READ_CONSUME_CHECK_CONSUMER) timestamp=12016 ms, used_size=14342144 bytes (35.0%)
(RDMA_READ_CONSUME_CHECK_CONSUMER) timestamp=12016 ms, used_size=14340096 bytes (35.0%)
(RDMA_READ_CONSUME_CHECK_CONSUMER) timestamp=12016 ms, used_size=14338048 bytes (35.0%)
(RDMA_READ_CONSUME_CHECK_CONSUMER) timestamp=12016 ms, used_size=14336000 bytes (35.0%)
(RDMA_READ_CONSUME_CHECK_CONSUMER) timestamp=12016 ms, used_size=14333952 bytes (35.0%)
(RDMA_READ_CONSUME_CHECK_CONSUMER) timestamp=12016 ms, used_size=14331904 bytes (35.0%)
(RDMA_READ_CONSUME_CHECK_CONSUMER) timestamp=12016 ms, used_size=14329856 bytes (35.0%)
(RDMA_READ_CONSUME_CHECK_CONSUMER) timestamp=12016 ms, used_size=14327808 bytes (35.0%)
(RDMA_READ_CONSUME_CHECK_CONSUMER) timestamp=12016 ms, used_size=14325760 bytes (35.0%)
(RDMA_READ_CONSUME_CHECK_CONSUMER) timestamp=12016 ms, used_size=14323712 bytes (35.0%)
(RDMA_READ_CONSUME_CHECK_CONSUMER) timestamp=12016 ms, used_size=14321664 bytes (35.0%)
(RDMA_READ_CONSUME_CHECK_CONSUMER) timestamp=12016 ms, used_size=14319616 bytes (35.0%)
(RDMA_READ_CONSUME_CHECK_CONSUMER) timestamp=12016 ms, used_size=14317568 bytes (35.0%)
(RDMA_READ_CONSUME_CHECK_CONSUMER) timestamp=12016 ms, used_size=14315520 bytes (35.0%)
(RDMA_READ_CONSUME_CHECK_CONSUMER) timestamp=12016 ms, used_size=14313472 bytes (34.9%)
(RDMA_READ_CONSUME_CHECK_CONSUMER) timestamp=12016 ms, used_size=14311424 bytes (34.9%)
(RDMA_READ_CONSUME_CHECK_CONSUMER) timestamp=12016 ms, used_size=14309376 bytes (34.9%)
(RDMA_READ_CONSUME_CHECK_CONSUMER) timestamp=12016 ms, used_size=14307328 bytes (34.9%)
(RDMA_READ_CONSUME_CHECK_CONSUMER) timestamp=12016 ms, used_size=14305280 bytes (34.9%)
(RDMA_READ_CONSUME_CHECK_CONSUMER) timestamp=12016 ms, used_size=14303232 bytes (34.9%)
(RDMA_READ_CONSUME_CHECK_CONSUMER) timestamp=12016 ms, used_size=14301184 bytes (34.9%)
(RDMA_READ_CONSUME_CHECK_CONSUMER) timestamp=12016 ms, used_size=14299136 bytes (34.9%)
(RDMA_READ_CONSUME_CHECK_CONSUMER) timestamp=12016 ms, used_size=14297088 bytes (34.9%)
(RDMA_READ_CONSUME_CHECK_CONSUMER) timestamp=12016 ms, used_size=14295040 bytes (34.9%)
(RDMA_READ_CONSUME_CHECK_CONSUMER) timestamp=12016 ms, used_size=14292992 bytes (34.9%)
(RDMA_READ_CONSUME_CHECK_CONSUMER) timestamp=12016 ms, used_size=14290944 bytes (34.9%)
(RDMA_READ_CONSUME_CHECK_CONSUMER) timestamp=12016 ms, used_size=14288896 bytes (34.9%)
(RDMA_READ_CONSUME_CHECK_CONSUMER) timestamp=12016 ms, used_size=14286848 bytes (34.9%)
(RDMA_READ_CONSUME_CHECK_CONSUMER) timestamp=12016 ms, used_size=14284800 bytes (34.9%)
(RDMA_READ_CONSUME_CHECK_CONSUMER) timestamp=12016 ms, used_size=14282752 bytes (34.9%)
(RDMA_READ_CONSUME_CHECK_CONSUMER) timestamp=12016 ms, used_size=14280704 bytes (34.9%)
(RDMA_READ_CONSUME_CHECK_CONSUMER) timestamp=12016 ms, used_size=14278656 bytes (34.9%)
(RDMA_READ_CONSUME_CHECK_CONSUMER) timestamp=12016 ms, used_size=14276608 bytes (34.9%)
(RDMA_READ_CONSUME_CHECK_CONSUMER) timestamp=12016 ms, used_size=14274560 bytes (34.9%)
(RDMA_READ_CONSUME_CHECK_CONSUMER) timestamp=12016 ms, used_size=14272512 bytes (34.8%)
(RDMA_READ_CONSUME_CHECK_CONSUMER) timestamp=12016 ms, used_size=14270464 bytes (34.8%)
(RDMA_READ_CONSUME_CHECK_CONSUMER) timestamp=12016 ms, used_size=14268416 bytes (34.8%)
(RDMA_READ_CONSUME_CHECK_CONSUMER) timestamp=12016 ms, used_size=14266368 bytes (34.8%)
(RDMA_READ_CONSUME_CHECK_CONSUMER) timestamp=12016 ms, used_size=14264320 bytes (34.8%)
(RDMA_READ_CONSUME_CHECK_CONSUMER) timestamp=12016 ms, used_size=14262272 bytes (34.8%)
(RDMA_READ_CONSUME_CHECK_CONSUMER) timestamp=12016 ms, used_size=14260224 bytes (34.8%)
(RDMA_READ_CONSUME_CHECK_CONSUMER) timestamp=12016 ms, used_size=14258176 bytes (34.8%)
(RDMA_READ_CONSUME_CHECK_CONSUMER) timestamp=12016 ms, used_size=14256128 bytes (34.8%)
(RDMA_READ_CONSUME_CHECK_CONSUMER) timestamp=12016 ms, used_size=14254080 bytes (34.8%)
(RDMA_READ_CONSUME_CHECK_CONSUMER) timestamp=12016 ms, used_size=14252032 bytes (34.8%)
(RDMA_READ_CONSUME_CHECK_CONSUMER) timestamp=12016 ms, used_size=14249984 bytes (34.8%)
(RDMA_READ_CONSUME_CHECK_CONSUMER) timestamp=12016 ms, used_size=14247936 bytes (34.8%)
(RDMA_READ_CONSUME_CHECK_CONSUMER) timestamp=12016 ms, used_size=14245888 bytes (34.8%)
(RDMA_READ_CONSUME_CHECK_CONSUMER) timestamp=12016 ms, used_size=14243840 bytes (34.8%)
(RDMA_READ_CONSUME_CHECK_CONSUMER) timestamp=12016 ms, used_size=14241792 bytes (34.8%)
(RDMA_READ_CONSUME_CHECK_CONSUMER) timestamp=12016 ms, used_size=14239744 bytes (34.8%)
(RDMA_READ_CONSUME_CHECK_CONSUMER) timestamp=12016 ms, used_size=14237696 bytes (34.8%)
(RDMA_READ_CONSUME_CHECK_CONSUMER) timestamp=12016 ms, used_size=14235648 bytes (34.8%)
(RDMA_READ_CONSUME_CHECK_CONSUMER) timestamp=12016 ms, used_size=14233600 bytes (34.8%)
(RDMA_READ_CONSUME_CHECK_CONSUMER) timestamp=12016 ms, used_size=14231552 bytes (34.7%)
(RDMA_READ_CONSUME_CHECK_CONSUMER) timestamp=12016 ms, used_size=14229504 bytes (34.7%)
(RDMA_READ_CONSUME_CHECK_CONSUMER) timestamp=12016 ms, used_size=14227456 bytes (34.7%)
(RDMA_READ_CONSUME_CHECK_CONSUMER) timestamp=12016 ms, used_size=14225408 bytes (34.7%)
(RDMA_READ_CONSUME_CHECK_CONSUMER) timestamp=12016 ms, used_size=14223360 bytes (34.7%)
(RDMA_READ_CONSUME_CHECK_CONSUMER) timestamp=12016 ms, used_size=14221312 bytes (34.7%)
(RDMA_READ_CONSUME_CHECK_CONSUMER) timestamp=12016 ms, used_size=14219264 bytes (34.7%)
(RDMA_READ_CONSUME_CHECK_CONSUMER) timestamp=12016 ms, used_size=14217216 bytes (34.7%)
(RDMA_READ_CONSUME_CHECK_CONSUMER) timestamp=12016 ms, used_size=14215168 bytes (34.7%)
(RDMA_READ_CONSUME_CHECK_CONSUMER) timestamp=12016 ms, used_size=14213120 bytes (34.7%)
(RDMA_READ_CONSUME_CHECK_CONSUMER) timestamp=12016 ms, used_size=14211072 bytes (34.7%)
(RDMA_READ_CONSUME_CHECK_CONSUMER) timestamp=12016 ms, used_size=14209024 bytes (34.7%)
(RDMA_READ_CONSUME_CHECK_CONSUMER) timestamp=12016 ms, used_size=14206976 bytes (34.7%)
(RDMA_READ_CONSUME_CHECK_CONSUMER) timestamp=12016 ms, used_size=14204928 bytes (34.7%)
(RDMA_READ_CONSUME_CHECK_CONSUMER) timestamp=12016 ms, used_size=14202880 bytes (34.7%)
(RDMA_READ_CONSUME_CHECK_CONSUMER) timestamp=12016 ms, used_size=14200832 bytes (34.7%)
(RDMA_READ_CONSUME_CHECK_CONSUMER) timestamp=12016 ms, used_size=14198784 bytes (34.7%)
(RDMA_READ_CONSUME_CHECK_CONSUMER) timestamp=12016 ms, used_size=14196736 bytes (34.7%)
(RDMA_READ_CONSUME_CHECK_CONSUMER) timestamp=12016 ms, used_size=14194688 bytes (34.7%)
(RDMA_READ_CONSUME_CHECK_CONSUMER) timestamp=12016 ms, used_size=14192640 bytes (34.6%)
(RDMA_READ_CONSUME_CHECK_CONSUMER) timestamp=12016 ms, used_size=14190592 bytes (34.6%)
(RDMA_READ_CONSUME_CHECK_CONSUMER) timestamp=12016 ms, used_size=14188544 bytes (34.6%)
(RDMA_READ_CONSUME_CHECK_CONSUMER) timestamp=12016 ms, used_size=14186496 bytes (34.6%)
(RDMA_READ_CONSUME_CHECK_CONSUMER) timestamp=12016 ms, used_size=14184448 bytes (34.6%)
(RDMA_READ_CONSUME_CHECK_CONSUMER) timestamp=12016 ms, used_size=14182400 bytes (34.6%)
(RDMA_READ_CONSUME_CHECK_CONSUMER) timestamp=12016 ms, used_size=14180352 bytes (34.6%)
(RDMA_READ_CONSUME_CHECK_CONSUMER) timestamp=12016 ms, used_size=14178304 bytes (34.6%)
(RDMA_READ_CONSUME_CHECK_CONSUMER) timestamp=12016 ms, used_size=14176256 bytes (34.6%)
(RDMA_READ_CONSUME_CHECK_CONSUMER) timestamp=12016 ms, used_size=14174208 bytes (34.6%)
(RDMA_READ_CONSUME_CHECK_CONSUMER) timestamp=12016 ms, used_size=14172160 bytes (34.6%)
(RDMA_READ_CONSUME_CHECK_CONSUMER) timestamp=12016 ms, used_size=14170112 bytes (34.6%)
(RDMA_READ_CONSUME_CHECK_CONSUMER) timestamp=12016 ms, used_size=14168064 bytes (34.6%)
(RDMA_READ_CONSUME_CHECK_CONSUMER) timestamp=12016 ms, used_size=14166016 bytes (34.6%)
(RDMA_READ_CONSUME_CHECK_CONSUMER) timestamp=12016 ms, used_size=14163968 bytes (34.6%)
(RDMA_READ_CONSUME_CHECK_CONSUMER) timestamp=12016 ms, used_size=14161920 bytes (34.6%)
(RDMA_READ_CONSUME_CHECK_CONSUMER) timestamp=12016 ms, used_size=14159872 bytes (34.6%)
(RDMA_READ_CONSUME_CHECK_CONSUMER) timestamp=12016 ms, used_size=14157824 bytes (34.6%)
(RDMA_READ_CONSUME_CHECK_CONSUMER) timestamp=12016 ms, used_size=14155776 bytes (34.6%)
(RDMA_READ_CONSUME_CHECK_CONSUMER) timestamp=12016 ms, used_size=14153728 bytes (34.6%)
(RDMA_READ_CONSUME_CHECK_CONSUMER) timestamp=12016 ms, used_size=14151680 bytes (34.5%)
(RDMA_READ_CONSUME_CHECK_CONSUMER) timestamp=12016 ms, used_size=14149632 bytes (34.5%)
(RDMA_READ_CONSUME_CHECK_CONSUMER) timestamp=12016 ms, used_size=14147584 bytes (34.5%)
(RDMA_READ_CONSUME_CHECK_CONSUMER) timestamp=12016 ms, used_size=14145536 bytes (34.5%)
(RDMA_READ_CONSUME_CHECK_CONSUMER) timestamp=12016 ms, used_size=14143488 bytes (34.5%)
(RDMA_READ_CONSUME_CHECK_CONSUMER) timestamp=12016 ms, used_size=14141440 bytes (34.5%)
(RDMA_READ_CONSUME_CHECK_CONSUMER) timestamp=12016 ms, used_size=14139392 bytes (34.5%)
(RDMA_READ_CONSUME_CHECK_CONSUMER) timestamp=12016 ms, used_size=14137344 bytes (34.5%)
(RDMA_READ_CONSUME_CHECK_CONSUMER) timestamp=12016 ms, used_size=14135296 bytes (34.5%)
(RDMA_READ_CONSUME_CHECK_CONSUMER) timestamp=12016 ms, used_size=14133248 bytes (34.5%)
(RDMA_READ_CONSUME_CHECK_CONSUMER) timestamp=12016 ms, used_size=14131200 bytes (34.5%)
(RDMA_READ_CONSUME_CHECK_CONSUMER) timestamp=12016 ms, used_size=14129152 bytes (34.5%)
(RDMA_READ_CONSUME_CHECK_CONSUMER) timestamp=12016 ms, used_size=14127104 bytes (34.5%)
(RDMA_READ_CONSUME_CHECK_CONSUMER) timestamp=12016 ms, used_size=14125056 bytes (34.5%)
(RDMA_READ_CONSUME_CHECK_CONSUMER) timestamp=12016 ms, used_size=14123008 bytes (34.5%)
(RDMA_READ_CONSUME_CHECK_CONSUMER) timestamp=12016 ms, used_size=14120960 bytes (34.5%)
(RDMA_READ_CONSUME_CHECK_CONSUMER) timestamp=12016 ms, used_size=14118912 bytes (34.5%)
(RDMA_READ_CONSUME_CHECK_CONSUMER) timestamp=12016 ms, used_size=14116864 bytes (34.5%)
(RDMA_READ_CONSUME_CHECK_CONSUMER) timestamp=12016 ms, used_size=14114816 bytes (34.5%)
(RDMA_READ_CONSUME_CHECK_CONSUMER) timestamp=12016 ms, used_size=14112768 bytes (34.5%)
(RDMA_READ_CONSUME_CHECK_CONSUMER) timestamp=12016 ms, used_size=14110720 bytes (34.5%)
(RDMA_READ_CONSUME_CHECK_CONSUMER) timestamp=12016 ms, used_size=14108672 bytes (34.4%)
(RDMA_READ_CONSUME_CHECK_CONSUMER) timestamp=12016 ms, used_size=14106624 bytes (34.4%)
(RDMA_READ_CONSUME_CHECK_CONSUMER) timestamp=12016 ms, used_size=14104576 bytes (34.4%)
(RDMA_READ_CONSUME_CHECK_CONSUMER) timestamp=12016 ms, used_size=14102528 bytes (34.4%)
(RDMA_READ_CONSUME_CHECK_CONSUMER) timestamp=12016 ms, used_size=14100480 bytes (34.4%)
(RDMA_READ_CONSUME_CHECK_CONSUMER) timestamp=12016 ms, used_size=14098432 bytes (34.4%)
(RDMA_READ_CONSUME_CHECK_CONSUMER) timestamp=12016 ms, used_size=14096384 bytes (34.4%)
(RDMA_READ_CONSUME_CHECK_CONSUMER) timestamp=12016 ms, used_size=14094336 bytes (34.4%)
(RDMA_READ_CONSUME_CHECK_CONSUMER) timestamp=12016 ms, used_size=14092288 bytes (34.4%)
(RDMA_READ_CONSUME_CHECK_CONSUMER) timestamp=12016 ms, used_size=14090240 bytes (34.4%)
(RDMA_READ_CONSUME_CHECK_CONSUMER) timestamp=12016 ms, used_size=14088192 bytes (34.4%)
(RDMA_READ_CONSUME_CHECK_CONSUMER) timestamp=12016 ms, used_size=14086144 bytes (34.4%)
(RDMA_READ_CONSUME_CHECK_CONSUMER) timestamp=12016 ms, used_size=14084096 bytes (34.4%)
(RDMA_READ_CONSUME_CHECK_CONSUMER) timestamp=12016 ms, used_size=14082048 bytes (34.4%)
(RDMA_READ_CONSUME_CHECK_CONSUMER) timestamp=12016 ms, used_size=14080000 bytes (34.4%)
(RDMA_READ_CONSUME_CHECK_CONSUMER) timestamp=12016 ms, used_size=14077952 bytes (34.4%)
(RDMA_READ_CONSUME_CHECK_CONSUMER) timestamp=12016 ms, used_size=14075904 bytes (34.4%)
(RDMA_READ_CONSUME_CHECK_CONSUMER) timestamp=12016 ms, used_size=14073856 bytes (34.4%)
(RDMA_READ_CONSUME_CHECK_CONSUMER) timestamp=12016 ms, used_size=14071808 bytes (34.4%)
(RDMA_READ_CONSUME_CHECK_CONSUMER) timestamp=12016 ms, used_size=14069760 bytes (34.4%)
(RDMA_READ_CONSUME_CHECK_CONSUMER) timestamp=12016 ms, used_size=14067712 bytes (34.3%)
(RDMA_READ_CONSUME_CHECK_CONSUMER) timestamp=12016 ms, used_size=14065664 bytes (34.3%)
(RDMA_READ_CONSUME_CHECK_CONSUMER) timestamp=12016 ms, used_size=14063616 bytes (34.3%)
(RDMA_READ_CONSUME_CHECK_CONSUMER) timestamp=12016 ms, used_size=14061568 bytes (34.3%)
(RDMA_READ_CONSUME_CHECK_CONSUMER) timestamp=12016 ms, used_size=14059520 bytes (34.3%)
(RDMA_READ_CONSUME_CHECK_CONSUMER) timestamp=12016 ms, used_size=14057472 bytes (34.3%)
(RDMA_READ_CONSUME_CHECK_CONSUMER) timestamp=12016 ms, used_size=14055424 bytes (34.3%)
(RDMA_READ_CONSUME_CHECK_CONSUMER) timestamp=12016 ms, used_size=14053376 bytes (34.3%)
(RDMA_READ_CONSUME_CHECK_CONSUMER) timestamp=12016 ms, used_size=14051328 bytes (34.3%)
(RDMA_READ_CONSUME_CHECK_CONSUMER) timestamp=12016 ms, used_size=14049280 bytes (34.3%)
(RDMA_READ_CONSUME_CHECK_CONSUMER) timestamp=12016 ms, used_size=14047232 bytes (34.3%)
(RDMA_READ_CONSUME_CHECK_CONSUMER) timestamp=12016 ms, used_size=14045184 bytes (34.3%)
(RDMA_READ_CONSUME_CHECK_CONSUMER) timestamp=12016 ms, used_size=14043136 bytes (34.3%)
(RDMA_READ_CONSUME_CHECK_CONSUMER) timestamp=12016 ms, used_size=14041088 bytes (34.3%)
(RDMA_READ_CONSUME_CHECK_CONSUMER) timestamp=12016 ms, used_size=14039040 bytes (34.3%)
(RDMA_READ_CONSUME_CHECK_CONSUMER) timestamp=12016 ms, used_size=14036992 bytes (34.3%)
(RDMA_READ_CONSUME_CHECK_CONSUMER) timestamp=12016 ms, used_size=14034944 bytes (34.3%)
(RDMA_READ_CONSUME_CHECK_CONSUMER) timestamp=12016 ms, used_size=14032896 bytes (34.3%)
(RDMA_READ_CONSUME_CHECK_CONSUMER) timestamp=12016 ms, used_size=14030848 bytes (34.3%)
(RDMA_READ_CONSUME_CHECK_CONSUMER) timestamp=12016 ms, used_size=14028800 bytes (34.2%)
(RDMA_READ_CONSUME_CHECK_CONSUMER) timestamp=12016 ms, used_size=14026752 bytes (34.2%)
(RDMA_READ_CONSUME_CHECK_CONSUMER) timestamp=12017 ms, used_size=14024704 bytes (34.2%)
(RDMA_READ_CONSUME_CHECK_CONSUMER) timestamp=12017 ms, used_size=14022656 bytes (34.2%)
(RDMA_READ_CONSUME_CHECK_CONSUMER) timestamp=12017 ms, used_size=14020608 bytes (34.2%)
(RDMA_READ_CONSUME_CHECK_CONSUMER) timestamp=12017 ms, used_size=14018560 bytes (34.2%)
(RDMA_READ_CONSUME_CHECK_CONSUMER) timestamp=12017 ms, used_size=14016512 bytes (34.2%)
(RDMA_READ_CONSUME_CHECK_CONSUMER) timestamp=12017 ms, used_size=14014464 bytes (34.2%)
(RDMA_READ_CONSUME_CHECK_CONSUMER) timestamp=12017 ms, used_size=14012416 bytes (34.2%)
(RDMA_READ_CONSUME_CHECK_CONSUMER) timestamp=12017 ms, used_size=14010368 bytes (34.2%)
(RDMA_READ_CONSUME_CHECK_CONSUMER) timestamp=12017 ms, used_size=14008320 bytes (34.2%)
(RDMA_READ_CONSUME_CHECK_CONSUMER) timestamp=12017 ms, used_size=14006272 bytes (34.2%)
(RDMA_READ_CONSUME_CHECK_CONSUMER) timestamp=12017 ms, used_size=14004224 bytes (34.2%)
(RDMA_READ_CONSUME_CHECK_CONSUMER) timestamp=12017 ms, used_size=14002176 bytes (34.2%)
(RDMA_READ_CONSUME_CHECK_CONSUMER) timestamp=12017 ms, used_size=14000128 bytes (34.2%)
(RDMA_READ_CONSUME_CHECK_CONSUMER) timestamp=12017 ms, used_size=13998080 bytes (34.2%)
(RDMA_READ_CONSUME_CHECK_CONSUMER) timestamp=12017 ms, used_size=13996032 bytes (34.2%)
(RDMA_READ_CONSUME_CHECK_CONSUMER) timestamp=12017 ms, used_size=13993984 bytes (34.2%)
(RDMA_READ_CONSUME_CHECK_CONSUMER) timestamp=12017 ms, used_size=13991936 bytes (34.2%)
(RDMA_READ_CONSUME_CHECK_CONSUMER) timestamp=12017 ms, used_size=13989888 bytes (34.2%)
(RDMA_READ_CONSUME_CHECK_CONSUMER) timestamp=12017 ms, used_size=13987840 bytes (34.1%)
(RDMA_READ_CONSUME_CHECK_CONSUMER) timestamp=12017 ms, used_size=13985792 bytes (34.1%)
(RDMA_READ_CONSUME_CHECK_CONSUMER) timestamp=12017 ms, used_size=13983744 bytes (34.1%)
(RDMA_READ_CONSUME_CHECK_CONSUMER) timestamp=12017 ms, used_size=13981696 bytes (34.1%)
(RDMA_READ_CONSUME_CHECK_CONSUMER) timestamp=12017 ms, used_size=13979648 bytes (34.1%)
(RDMA_READ_CONSUME_CHECK_CONSUMER) timestamp=12017 ms, used_size=13977600 bytes (34.1%)
(RDMA_READ_CONSUME_CHECK_CONSUMER) timestamp=12017 ms, used_size=13975552 bytes (34.1%)
(RDMA_READ_CONSUME_CHECK_CONSUMER) timestamp=12017 ms, used_size=13973504 bytes (34.1%)
(RDMA_READ_CONSUME_CHECK_CONSUMER) timestamp=12017 ms, used_size=13971456 bytes (34.1%)
(RDMA_READ_CONSUME_CHECK_CONSUMER) timestamp=12017 ms, used_size=13969408 bytes (34.1%)
(RDMA_READ_CONSUME_CHECK_CONSUMER) timestamp=12017 ms, used_size=13967360 bytes (34.1%)
(RDMA_READ_CONSUME_CHECK_CONSUMER) timestamp=12017 ms, used_size=13965312 bytes (34.1%)
(RDMA_READ_CONSUME_CHECK_CONSUMER) timestamp=12017 ms, used_size=13963264 bytes (34.1%)
(RDMA_READ_CONSUME_CHECK_CONSUMER) timestamp=12017 ms, used_size=13961216 bytes (34.1%)
(RDMA_READ_CONSUME_CHECK_CONSUMER) timestamp=12017 ms, used_size=13959168 bytes (34.1%)
(RDMA_READ_CONSUME_CHECK_CONSUMER) timestamp=12017 ms, used_size=13957120 bytes (34.1%)
(RDMA_READ_CONSUME_CHECK_CONSUMER) timestamp=12017 ms, used_size=13955072 bytes (34.1%)
(RDMA_READ_CONSUME_CHECK_CONSUMER) timestamp=12017 ms, used_size=13953024 bytes (34.1%)
(RDMA_READ_CONSUME_CHECK_CONSUMER) timestamp=12017 ms, used_size=13950976 bytes (34.1%)
(RDMA_READ_CONSUME_CHECK_CONSUMER) timestamp=12017 ms, used_size=13948928 bytes (34.1%)
(RDMA_READ_CONSUME_CHECK_CONSUMER) timestamp=12017 ms, used_size=13946880 bytes (34.0%)
(RDMA_READ_CONSUME_CHECK_CONSUMER) timestamp=12017 ms, used_size=13944832 bytes (34.0%)
(RDMA_READ_CONSUME_CHECK_CONSUMER) timestamp=12017 ms, used_size=13942784 bytes (34.0%)
(RDMA_READ_CONSUME_CHECK_CONSUMER) timestamp=12017 ms, used_size=13940736 bytes (34.0%)
(RDMA_READ_CONSUME_CHECK_CONSUMER) timestamp=12017 ms, used_size=13938688 bytes (34.0%)
(RDMA_READ_CONSUME_CHECK_CONSUMER) timestamp=12017 ms, used_size=13936640 bytes (34.0%)
(RDMA_READ_CONSUME_CHECK_CONSUMER) timestamp=12017 ms, used_size=13934592 bytes (34.0%)
(RDMA_READ_CONSUME_CHECK_CONSUMER) timestamp=12017 ms, used_size=13932544 bytes (34.0%)
(RDMA_READ_CONSUME_CHECK_CONSUMER) timestamp=12017 ms, used_size=13930496 bytes (34.0%)
(RDMA_READ_CONSUME_CHECK_CONSUMER) timestamp=12017 ms, used_size=13928448 bytes (34.0%)
(RDMA_READ_CONSUME_CHECK_CONSUMER) timestamp=12017 ms, used_size=13926400 bytes (34.0%)
(RDMA_READ_CONSUME_CHECK_CONSUMER) timestamp=12017 ms, used_size=13924352 bytes (34.0%)
(RDMA_READ_CONSUME_CHECK_CONSUMER) timestamp=12017 ms, used_size=13922304 bytes (34.0%)
(RDMA_READ_CONSUME_CHECK_CONSUMER) timestamp=12017 ms, used_size=13920256 bytes (34.0%)
(RDMA_READ_CONSUME_CHECK_CONSUMER) timestamp=12017 ms, used_size=13918208 bytes (34.0%)
(RDMA_READ_CONSUME_CHECK_CONSUMER) timestamp=12017 ms, used_size=13916160 bytes (34.0%)
(RDMA_READ_CONSUME_CHECK_CONSUMER) timestamp=12017 ms, used_size=13914112 bytes (34.0%)
(RDMA_READ_CONSUME_CHECK_CONSUMER) timestamp=12017 ms, used_size=13912064 bytes (34.0%)
(RDMA_READ_CONSUME_CHECK_CONSUMER) timestamp=12017 ms, used_size=13910016 bytes (34.0%)
(RDMA_READ_CONSUME_CHECK_CONSUMER) timestamp=12017 ms, used_size=13907968 bytes (34.0%)
(RDMA_READ_CONSUME_CHECK_CONSUMER) timestamp=12017 ms, used_size=13905920 bytes (34.0%)
(RDMA_READ_CONSUME_CHECK_CONSUMER) timestamp=12017 ms, used_size=13903872 bytes (33.9%)
(RDMA_READ_CONSUME_CHECK_CONSUMER) timestamp=12017 ms, used_size=13901824 bytes (33.9%)
(RDMA_READ_CONSUME_CHECK_CONSUMER) timestamp=12017 ms, used_size=13899776 bytes (33.9%)
(RDMA_READ_CONSUME_CHECK_CONSUMER) timestamp=12017 ms, used_size=13897728 bytes (33.9%)
(RDMA_READ_CONSUME_CHECK_CONSUMER) timestamp=12017 ms, used_size=13895680 bytes (33.9%)
(RDMA_READ_CONSUME_CHECK_CONSUMER) timestamp=12017 ms, used_size=13893632 bytes (33.9%)
(RDMA_READ_CONSUME_CHECK_CONSUMER) timestamp=12017 ms, used_size=13891584 bytes (33.9%)
(RDMA_READ_CONSUME_CHECK_CONSUMER) timestamp=12017 ms, used_size=13889536 bytes (33.9%)
(RDMA_READ_CONSUME_CHECK_CONSUMER) timestamp=12017 ms, used_size=13887488 bytes (33.9%)
(RDMA_READ_CONSUME_CHECK_CONSUMER) timestamp=12017 ms, used_size=13885440 bytes (33.9%)
(RDMA_READ_CONSUME_CHECK_CONSUMER) timestamp=12017 ms, used_size=13883392 bytes (33.9%)
(RDMA_READ_CONSUME_CHECK_CONSUMER) timestamp=12017 ms, used_size=13881344 bytes (33.9%)
(RDMA_READ_CONSUME_CHECK_CONSUMER) timestamp=12017 ms, used_size=13879296 bytes (33.9%)
(RDMA_READ_CONSUME_CHECK_CONSUMER) timestamp=12017 ms, used_size=13877248 bytes (33.9%)
(RDMA_READ_CONSUME_CHECK_CONSUMER) timestamp=12017 ms, used_size=13875200 bytes (33.9%)
(RDMA_READ_CONSUME_CHECK_CONSUMER) timestamp=12017 ms, used_size=13873152 bytes (33.9%)
(RDMA_READ_CONSUME_CHECK_CONSUMER) timestamp=12017 ms, used_size=13871104 bytes (33.9%)
(RDMA_READ_CONSUME_CHECK_CONSUMER) timestamp=12017 ms, used_size=13869056 bytes (33.9%)
(RDMA_READ_CONSUME_CHECK_CONSUMER) timestamp=12017 ms, used_size=13867008 bytes (33.9%)
(RDMA_READ_CONSUME_CHECK_CONSUMER) timestamp=12017 ms, used_size=13864960 bytes (33.9%)
(RDMA_READ_CONSUME_CHECK_CONSUMER) timestamp=12017 ms, used_size=13862912 bytes (33.8%)
(RDMA_READ_CONSUME_CHECK_CONSUMER) timestamp=12017 ms, used_size=13860864 bytes (33.8%)
(RDMA_READ_CONSUME_CHECK_CONSUMER) timestamp=12017 ms, used_size=13858816 bytes (33.8%)
(RDMA_READ_CONSUME_CHECK_CONSUMER) timestamp=12017 ms, used_size=13856768 bytes (33.8%)
(RDMA_READ_CONSUME_CHECK_CONSUMER) timestamp=12017 ms, used_size=13854720 bytes (33.8%)
(RDMA_READ_CONSUME_CHECK_CONSUMER) timestamp=12017 ms, used_size=13852672 bytes (33.8%)
(RDMA_READ_CONSUME_CHECK_CONSUMER) timestamp=12017 ms, used_size=13850624 bytes (33.8%)
(RDMA_READ_CONSUME_CHECK_CONSUMER) timestamp=12017 ms, used_size=13848576 bytes (33.8%)
(RDMA_READ_CONSUME_CHECK_CONSUMER) timestamp=12017 ms, used_size=13846528 bytes (33.8%)
(RDMA_READ_CONSUME_CHECK_CONSUMER) timestamp=12017 ms, used_size=13844480 bytes (33.8%)
(RDMA_READ_CONSUME_CHECK_CONSUMER) timestamp=12017 ms, used_size=13842432 bytes (33.8%)
(RDMA_READ_CONSUME_CHECK_CONSUMER) timestamp=12017 ms, used_size=13840384 bytes (33.8%)
(RDMA_READ_CONSUME_CHECK_CONSUMER) timestamp=12017 ms, used_size=13838336 bytes (33.8%)
(RDMA_READ_CONSUME_CHECK_CONSUMER) timestamp=12017 ms, used_size=13836288 bytes (33.8%)
(RDMA_READ_CONSUME_CHECK_CONSUMER) timestamp=12017 ms, used_size=13834240 bytes (33.8%)
(RDMA_READ_CONSUME_CHECK_CONSUMER) timestamp=12017 ms, used_size=13832192 bytes (33.8%)
(RDMA_READ_CONSUME_CHECK_CONSUMER) timestamp=12017 ms, used_size=13830144 bytes (33.8%)
(RDMA_READ_CONSUME_CHECK_CONSUMER) timestamp=12017 ms, used_size=13828096 bytes (33.8%)
(RDMA_READ_CONSUME_CHECK_CONSUMER) timestamp=12017 ms, used_size=13826048 bytes (33.8%)
(RDMA_READ_CONSUME_CHECK_CONSUMER) timestamp=12017 ms, used_size=13824000 bytes (33.8%)
(RDMA_READ_CONSUME_CHECK_CONSUMER) timestamp=12017 ms, used_size=13821952 bytes (33.7%)
(RDMA_READ_CONSUME_CHECK_CONSUMER) timestamp=12017 ms, used_size=13819904 bytes (33.7%)
(RDMA_READ_CONSUME_CHECK_CONSUMER) timestamp=12017 ms, used_size=13817856 bytes (33.7%)
(RDMA_READ_CONSUME_CHECK_CONSUMER) timestamp=12017 ms, used_size=13815808 bytes (33.7%)
(RDMA_READ_CONSUME_CHECK_CONSUMER) timestamp=12017 ms, used_size=13813760 bytes (33.7%)
(RDMA_READ_CONSUME_CHECK_CONSUMER) timestamp=12017 ms, used_size=13811712 bytes (33.7%)
(RDMA_READ_CONSUME_CHECK_CONSUMER) timestamp=12017 ms, used_size=13809664 bytes (33.7%)
(RDMA_READ_CONSUME_CHECK_CONSUMER) timestamp=12017 ms, used_size=13807616 bytes (33.7%)
(RDMA_READ_CONSUME_CHECK_CONSUMER) timestamp=12017 ms, used_size=13805568 bytes (33.7%)
(RDMA_READ_CONSUME_CHECK_CONSUMER) timestamp=12017 ms, used_size=13803520 bytes (33.7%)
(RDMA_READ_CONSUME_CHECK_CONSUMER) timestamp=12017 ms, used_size=13801472 bytes (33.7%)
(RDMA_READ_CONSUME_CHECK_CONSUMER) timestamp=12017 ms, used_size=13799424 bytes (33.7%)
(RDMA_READ_CONSUME_CHECK_CONSUMER) timestamp=12017 ms, used_size=13797376 bytes (33.7%)
(RDMA_READ_CONSUME_CHECK_CONSUMER) timestamp=12017 ms, used_size=13795328 bytes (33.7%)
(RDMA_READ_CONSUME_CHECK_CONSUMER) timestamp=12017 ms, used_size=13793280 bytes (33.7%)
(RDMA_READ_CONSUME_CHECK_CONSUMER) timestamp=12017 ms, used_size=13791232 bytes (33.7%)
(RDMA_READ_CONSUME_CHECK_CONSUMER) timestamp=12017 ms, used_size=13789184 bytes (33.7%)
(RDMA_READ_CONSUME_CHECK_CONSUMER) timestamp=12017 ms, used_size=13787136 bytes (33.7%)
(RDMA_READ_CONSUME_CHECK_CONSUMER) timestamp=12017 ms, used_size=13785088 bytes (33.7%)
(RDMA_READ_CONSUME_CHECK_CONSUMER) timestamp=12017 ms, used_size=13783040 bytes (33.6%)
(RDMA_READ_CONSUME_CHECK_CONSUMER) timestamp=12017 ms, used_size=13780992 bytes (33.6%)
(RDMA_READ_CONSUME_CHECK_CONSUMER) timestamp=12017 ms, used_size=13778944 bytes (33.6%)
(RDMA_READ_CONSUME_CHECK_CONSUMER) timestamp=12017 ms, used_size=13776896 bytes (33.6%)
(RDMA_READ_CONSUME_CHECK_CONSUMER) timestamp=12017 ms, used_size=13774848 bytes (33.6%)
(RDMA_READ_CONSUME_CHECK_CONSUMER) timestamp=12017 ms, used_size=13772800 bytes (33.6%)
(RDMA_READ_CONSUME_CHECK_CONSUMER) timestamp=12017 ms, used_size=13770752 bytes (33.6%)
(RDMA_READ_CONSUME_CHECK_CONSUMER) timestamp=12017 ms, used_size=13768704 bytes (33.6%)
(RDMA_READ_CONSUME_CHECK_CONSUMER) timestamp=12017 ms, used_size=13766656 bytes (33.6%)
(RDMA_READ_CONSUME_CHECK_CONSUMER) timestamp=12017 ms, used_size=13764608 bytes (33.6%)
(RDMA_READ_CONSUME_CHECK_CONSUMER) timestamp=12017 ms, used_size=13762560 bytes (33.6%)
(RDMA_READ_CONSUME_CHECK_CONSUMER) timestamp=12017 ms, used_size=13760512 bytes (33.6%)
(RDMA_READ_CONSUME_CHECK_CONSUMER) timestamp=12017 ms, used_size=13758464 bytes (33.6%)
(RDMA_READ_CONSUME_CHECK_CONSUMER) timestamp=12017 ms, used_size=13756416 bytes (33.6%)
(RDMA_READ_CONSUME_CHECK_CONSUMER) timestamp=12017 ms, used_size=13754368 bytes (33.6%)
(RDMA_READ_CONSUME_CHECK_CONSUMER) timestamp=12017 ms, used_size=13752320 bytes (33.6%)
(RDMA_READ_CONSUME_CHECK_CONSUMER) timestamp=12017 ms, used_size=13750272 bytes (33.6%)
(RDMA_READ_CONSUME_CHECK_CONSUMER) timestamp=12017 ms, used_size=13748224 bytes (33.6%)
(RDMA_READ_CONSUME_CHECK_CONSUMER) timestamp=12017 ms, used_size=13746176 bytes (33.6%)
(RDMA_READ_CONSUME_CHECK_CONSUMER) timestamp=12017 ms, used_size=13744128 bytes (33.6%)
(RDMA_READ_CONSUME_CHECK_CONSUMER) timestamp=12017 ms, used_size=13742080 bytes (33.5%)
(RDMA_READ_CONSUME_CHECK_CONSUMER) timestamp=12017 ms, used_size=13740032 bytes (33.5%)
(RDMA_READ_CONSUME_CHECK_CONSUMER) timestamp=12017 ms, used_size=13737984 bytes (33.5%)
(RDMA_READ_CONSUME_CHECK_CONSUMER) timestamp=12017 ms, used_size=13735936 bytes (33.5%)
(RDMA_READ_CONSUME_CHECK_CONSUMER) timestamp=12017 ms, used_size=13733888 bytes (33.5%)
(RDMA_READ_CONSUME_CHECK_CONSUMER) timestamp=12017 ms, used_size=13731840 bytes (33.5%)
(RDMA_READ_CONSUME_CHECK_CONSUMER) timestamp=12017 ms, used_size=13729792 bytes (33.5%)
(RDMA_READ_CONSUME_CHECK_CONSUMER) timestamp=12017 ms, used_size=13727744 bytes (33.5%)
(RDMA_READ_CONSUME_CHECK_CONSUMER) timestamp=12017 ms, used_size=13725696 bytes (33.5%)
(RDMA_READ_CONSUME_CHECK_CONSUMER) timestamp=12017 ms, used_size=13723648 bytes (33.5%)
(RDMA_READ_CONSUME_CHECK_CONSUMER) timestamp=12017 ms, used_size=13721600 bytes (33.5%)
(RDMA_READ_CONSUME_CHECK_CONSUMER) timestamp=12017 ms, used_size=13719552 bytes (33.5%)
(RDMA_READ_CONSUME_CHECK_CONSUMER) timestamp=12017 ms, used_size=13717504 bytes (33.5%)
(RDMA_READ_CONSUME_CHECK_CONSUMER) timestamp=12017 ms, used_size=13715456 bytes (33.5%)
(RDMA_READ_CONSUME_CHECK_CONSUMER) timestamp=12017 ms, used_size=13713408 bytes (33.5%)
(RDMA_READ_CONSUME_CHECK_CONSUMER) timestamp=12017 ms, used_size=13711360 bytes (33.5%)
(RDMA_READ_CONSUME_CHECK_CONSUMER) timestamp=12017 ms, used_size=13709312 bytes (33.5%)
(RDMA_READ_CONSUME_CHECK_CONSUMER) timestamp=12017 ms, used_size=13707264 bytes (33.5%)
(RDMA_READ_CONSUME_CHECK_CONSUMER) timestamp=12017 ms, used_size=13705216 bytes (33.5%)
(RDMA_READ_CONSUME_CHECK_CONSUMER) timestamp=12017 ms, used_size=13703168 bytes (33.5%)
(RDMA_READ_CONSUME_CHECK_CONSUMER) timestamp=12017 ms, used_size=13701120 bytes (33.5%)
(RDMA_READ_CONSUME_CHECK_CONSUMER) timestamp=12017 ms, used_size=13699072 bytes (33.4%)
(RDMA_READ_CONSUME_CHECK_CONSUMER) timestamp=12017 ms, used_size=13697024 bytes (33.4%)
(RDMA_READ_CONSUME_CHECK_CONSUMER) timestamp=12017 ms, used_size=13694976 bytes (33.4%)
(RDMA_READ_CONSUME_CHECK_CONSUMER) timestamp=12017 ms, used_size=13692928 bytes (33.4%)
(RDMA_READ_CONSUME_CHECK_CONSUMER) timestamp=12017 ms, used_size=13690880 bytes (33.4%)
(RDMA_READ_CONSUME_CHECK_CONSUMER) timestamp=12017 ms, used_size=13688832 bytes (33.4%)
(RDMA_READ_CONSUME_CHECK_CONSUMER) timestamp=12017 ms, used_size=13686784 bytes (33.4%)
(RDMA_READ_CONSUME_CHECK_CONSUMER) timestamp=12017 ms, used_size=13684736 bytes (33.4%)
(RDMA_READ_CONSUME_CHECK_CONSUMER) timestamp=12017 ms, used_size=13682688 bytes (33.4%)
(RDMA_READ_CONSUME_CHECK_CONSUMER) timestamp=12017 ms, used_size=13680640 bytes (33.4%)
(RDMA_READ_CONSUME_CHECK_CONSUMER) timestamp=12017 ms, used_size=13678592 bytes (33.4%)
(RDMA_READ_CONSUME_CHECK_CONSUMER) timestamp=12018 ms, used_size=13676544 bytes (33.4%)
(RDMA_READ_CONSUME_CHECK_CONSUMER) timestamp=12018 ms, used_size=13674496 bytes (33.4%)
(RDMA_READ_CONSUME_CHECK_CONSUMER) timestamp=12018 ms, used_size=13672448 bytes (33.4%)
(RDMA_READ_CONSUME_CHECK_CONSUMER) timestamp=12018 ms, used_size=13670400 bytes (33.4%)
(RDMA_READ_CONSUME_CHECK_CONSUMER) timestamp=12018 ms, used_size=13668352 bytes (33.4%)
(RDMA_READ_CONSUME_CHECK_CONSUMER) timestamp=12018 ms, used_size=13666304 bytes (33.4%)
(RDMA_READ_CONSUME_CHECK_CONSUMER) timestamp=12018 ms, used_size=13664256 bytes (33.4%)
(RDMA_READ_CONSUME_CHECK_CONSUMER) timestamp=12018 ms, used_size=13662208 bytes (33.4%)
(RDMA_READ_CONSUME_CHECK_CONSUMER) timestamp=12018 ms, used_size=13660160 bytes (33.4%)
(RDMA_READ_CONSUME_CHECK_CONSUMER) timestamp=12018 ms, used_size=13658112 bytes (33.3%)
(RDMA_READ_CONSUME_CHECK_CONSUMER) timestamp=12018 ms, used_size=13656064 bytes (33.3%)
(RDMA_READ_CONSUME_CHECK_CONSUMER) timestamp=12018 ms, used_size=13654016 bytes (33.3%)
(RDMA_READ_CONSUME_CHECK_CONSUMER) timestamp=12018 ms, used_size=13651968 bytes (33.3%)
(RDMA_READ_CONSUME_CHECK_CONSUMER) timestamp=12018 ms, used_size=13649920 bytes (33.3%)
(RDMA_READ_CONSUME_CHECK_CONSUMER) timestamp=12018 ms, used_size=13647872 bytes (33.3%)
(RDMA_READ_CONSUME_CHECK_CONSUMER) timestamp=12018 ms, used_size=13645824 bytes (33.3%)
(RDMA_READ_CONSUME_CHECK_CONSUMER) timestamp=12018 ms, used_size=13643776 bytes (33.3%)
(RDMA_READ_CONSUME_CHECK_CONSUMER) timestamp=12018 ms, used_size=13641728 bytes (33.3%)
(RDMA_READ_CONSUME_CHECK_CONSUMER) timestamp=12018 ms, used_size=13639680 bytes (33.3%)
(RDMA_READ_CONSUME_CHECK_CONSUMER) timestamp=12018 ms, used_size=13637632 bytes (33.3%)
(RDMA_READ_CONSUME_CHECK_CONSUMER) timestamp=12018 ms, used_size=13635584 bytes (33.3%)
(RDMA_READ_CONSUME_CHECK_CONSUMER) timestamp=12018 ms, used_size=13633536 bytes (33.3%)
(RDMA_READ_CONSUME_CHECK_CONSUMER) timestamp=12018 ms, used_size=13631488 bytes (33.3%)
(RDMA_READ_CONSUME_CHECK_CONSUMER) timestamp=12018 ms, used_size=13629440 bytes (33.3%)
(RDMA_READ_CONSUME_CHECK_CONSUMER) timestamp=12018 ms, used_size=13627392 bytes (33.3%)
(RDMA_READ_CONSUME_CHECK_CONSUMER) timestamp=12018 ms, used_size=13625344 bytes (33.3%)
(RDMA_READ_CONSUME_CHECK_CONSUMER) timestamp=12018 ms, used_size=13623296 bytes (33.3%)
(RDMA_READ_CONSUME_CHECK_CONSUMER) timestamp=12018 ms, used_size=13621248 bytes (33.3%)
(RDMA_READ_CONSUME_CHECK_CONSUMER) timestamp=12018 ms, used_size=13619200 bytes (33.2%)
(RDMA_READ_CONSUME_CHECK_CONSUMER) timestamp=12018 ms, used_size=13617152 bytes (33.2%)
(RDMA_READ_CONSUME_CHECK_CONSUMER) timestamp=12018 ms, used_size=13615104 bytes (33.2%)
(RDMA_READ_CONSUME_CHECK_CONSUMER) timestamp=12018 ms, used_size=13613056 bytes (33.2%)
(RDMA_READ_CONSUME_CHECK_CONSUMER) timestamp=12018 ms, used_size=13611008 bytes (33.2%)
(RDMA_READ_CONSUME_CHECK_CONSUMER) timestamp=12018 ms, used_size=13608960 bytes (33.2%)
(RDMA_READ_CONSUME_CHECK_CONSUMER) timestamp=12018 ms, used_size=13606912 bytes (33.2%)
(RDMA_READ_CONSUME_CHECK_CONSUMER) timestamp=12018 ms, used_size=13604864 bytes (33.2%)
(RDMA_READ_CONSUME_CHECK_CONSUMER) timestamp=12018 ms, used_size=13602816 bytes (33.2%)
(RDMA_READ_CONSUME_CHECK_CONSUMER) timestamp=12018 ms, used_size=13600768 bytes (33.2%)
(RDMA_READ_CONSUME_CHECK_CONSUMER) timestamp=12018 ms, used_size=13598720 bytes (33.2%)
(RDMA_READ_CONSUME_CHECK_CONSUMER) timestamp=12018 ms, used_size=13596672 bytes (33.2%)
(RDMA_READ_CONSUME_CHECK_CONSUMER) timestamp=12018 ms, used_size=13594624 bytes (33.2%)
(RDMA_READ_CONSUME_CHECK_CONSUMER) timestamp=12018 ms, used_size=13592576 bytes (33.2%)
(RDMA_READ_CONSUME_CHECK_CONSUMER) timestamp=12018 ms, used_size=13590528 bytes (33.2%)
(RDMA_READ_CONSUME_CHECK_CONSUMER) timestamp=12018 ms, used_size=13588480 bytes (33.2%)
(RDMA_READ_CONSUME_CHECK_CONSUMER) timestamp=12018 ms, used_size=13586432 bytes (33.2%)
(RDMA_READ_CONSUME_CHECK_CONSUMER) timestamp=12018 ms, used_size=13584384 bytes (33.2%)
(RDMA_READ_CONSUME_CHECK_CONSUMER) timestamp=12018 ms, used_size=13582336 bytes (33.2%)
(RDMA_READ_CONSUME_CHECK_CONSUMER) timestamp=12018 ms, used_size=13580288 bytes (33.2%)
(RDMA_READ_CONSUME_CHECK_CONSUMER) timestamp=12018 ms, used_size=13578240 bytes (33.1%)
(RDMA_READ_CONSUME_CHECK_CONSUMER) timestamp=12018 ms, used_size=13576192 bytes (33.1%)
(RDMA_READ_CONSUME_CHECK_CONSUMER) timestamp=12018 ms, used_size=13574144 bytes (33.1%)
(RDMA_READ_CONSUME_CHECK_CONSUMER) timestamp=12018 ms, used_size=13572096 bytes (33.1%)
(RDMA_READ_CONSUME_CHECK_CONSUMER) timestamp=12018 ms, used_size=13570048 bytes (33.1%)
(RDMA_READ_CONSUME_CHECK_CONSUMER) timestamp=12018 ms, used_size=13568000 bytes (33.1%)
(RDMA_READ_CONSUME_CHECK_CONSUMER) timestamp=12018 ms, used_size=13565952 bytes (33.1%)
(RDMA_READ_CONSUME_CHECK_CONSUMER) timestamp=12018 ms, used_size=13563904 bytes (33.1%)
(RDMA_READ_CONSUME_CHECK_CONSUMER) timestamp=12018 ms, used_size=13561856 bytes (33.1%)
(RDMA_READ_CONSUME_CHECK_CONSUMER) timestamp=12018 ms, used_size=13559808 bytes (33.1%)
(RDMA_READ_CONSUME_CHECK_CONSUMER) timestamp=12018 ms, used_size=13557760 bytes (33.1%)
(RDMA_READ_CONSUME_CHECK_CONSUMER) timestamp=12018 ms, used_size=13555712 bytes (33.1%)
(RDMA_READ_CONSUME_CHECK_CONSUMER) timestamp=12018 ms, used_size=13553664 bytes (33.1%)
(RDMA_READ_CONSUME_CHECK_CONSUMER) timestamp=12018 ms, used_size=13551616 bytes (33.1%)
(RDMA_READ_CONSUME_CHECK_CONSUMER) timestamp=12018 ms, used_size=13549568 bytes (33.1%)
(RDMA_READ_CONSUME_CHECK_CONSUMER) timestamp=12018 ms, used_size=13547520 bytes (33.1%)
(RDMA_READ_CONSUME_CHECK_CONSUMER) timestamp=12018 ms, used_size=13545472 bytes (33.1%)
(RDMA_READ_CONSUME_CHECK_CONSUMER) timestamp=12018 ms, used_size=13543424 bytes (33.1%)
(RDMA_READ_CONSUME_CHECK_CONSUMER) timestamp=12018 ms, used_size=13541376 bytes (33.1%)
(RDMA_READ_CONSUME_CHECK_CONSUMER) timestamp=12018 ms, used_size=13539328 bytes (33.1%)
(RDMA_READ_CONSUME_CHECK_CONSUMER) timestamp=12018 ms, used_size=13537280 bytes (33.0%)
(RDMA_READ_CONSUME_CHECK_CONSUMER) timestamp=12018 ms, used_size=13535232 bytes (33.0%)
(RDMA_READ_CONSUME_CHECK_CONSUMER) timestamp=12018 ms, used_size=13533184 bytes (33.0%)
(RDMA_READ_CONSUME_CHECK_CONSUMER) timestamp=12018 ms, used_size=13531136 bytes (33.0%)
(RDMA_READ_CONSUME_CHECK_CONSUMER) timestamp=12018 ms, used_size=13529088 bytes (33.0%)
(RDMA_READ_CONSUME_CHECK_CONSUMER) timestamp=12018 ms, used_size=13527040 bytes (33.0%)
(RDMA_READ_CONSUME_CHECK_CONSUMER) timestamp=12018 ms, used_size=13524992 bytes (33.0%)
(RDMA_READ_CONSUME_CHECK_CONSUMER) timestamp=12018 ms, used_size=13522944 bytes (33.0%)
(RDMA_READ_CONSUME_CHECK_CONSUMER) timestamp=12018 ms, used_size=13520896 bytes (33.0%)
(RDMA_READ_CONSUME_CHECK_CONSUMER) timestamp=12018 ms, used_size=13518848 bytes (33.0%)
(RDMA_READ_CONSUME_CHECK_CONSUMER) timestamp=12018 ms, used_size=13516800 bytes (33.0%)
(RDMA_READ_CONSUME_CHECK_CONSUMER) timestamp=12018 ms, used_size=13514752 bytes (33.0%)
(RDMA_READ_CONSUME_CHECK_CONSUMER) timestamp=12018 ms, used_size=13512704 bytes (33.0%)
(RDMA_READ_CONSUME_CHECK_CONSUMER) timestamp=12018 ms, used_size=13510656 bytes (33.0%)
(RDMA_READ_CONSUME_CHECK_CONSUMER) timestamp=12018 ms, used_size=13508608 bytes (33.0%)
(RDMA_READ_CONSUME_CHECK_CONSUMER) timestamp=12018 ms, used_size=13506560 bytes (33.0%)
(RDMA_READ_CONSUME_CHECK_CONSUMER) timestamp=12018 ms, used_size=13504512 bytes (33.0%)
(RDMA_READ_CONSUME_CHECK_CONSUMER) timestamp=12018 ms, used_size=13502464 bytes (33.0%)
(RDMA_READ_CONSUME_CHECK_CONSUMER) timestamp=12018 ms, used_size=13500416 bytes (33.0%)
(RDMA_READ_CONSUME_CHECK_CONSUMER) timestamp=12018 ms, used_size=13498368 bytes (33.0%)
(RDMA_READ_CONSUME_CHECK_CONSUMER) timestamp=12018 ms, used_size=13496320 bytes (33.0%)
(RDMA_READ_CONSUME_CHECK_CONSUMER) timestamp=12018 ms, used_size=13494272 bytes (32.9%)
(RDMA_READ_CONSUME_CHECK_CONSUMER) timestamp=12018 ms, used_size=13492224 bytes (32.9%)
(RDMA_READ_CONSUME_CHECK_CONSUMER) timestamp=12018 ms, used_size=13490176 bytes (32.9%)
(RDMA_READ_CONSUME_CHECK_CONSUMER) timestamp=12018 ms, used_size=13488128 bytes (32.9%)
(RDMA_READ_CONSUME_CHECK_CONSUMER) timestamp=12018 ms, used_size=13486080 bytes (32.9%)
(RDMA_READ_CONSUME_CHECK_CONSUMER) timestamp=12018 ms, used_size=13484032 bytes (32.9%)
(RDMA_READ_CONSUME_CHECK_CONSUMER) timestamp=12018 ms, used_size=13481984 bytes (32.9%)
(RDMA_READ_CONSUME_CHECK_CONSUMER) timestamp=12018 ms, used_size=13479936 bytes (32.9%)
(RDMA_READ_CONSUME_CHECK_CONSUMER) timestamp=12018 ms, used_size=13477888 bytes (32.9%)
(RDMA_READ_CONSUME_CHECK_CONSUMER) timestamp=12018 ms, used_size=13475840 bytes (32.9%)
(RDMA_READ_CONSUME_CHECK_CONSUMER) timestamp=12018 ms, used_size=13473792 bytes (32.9%)
(RDMA_READ_CONSUME_CHECK_CONSUMER) timestamp=12018 ms, used_size=13471744 bytes (32.9%)
(RDMA_READ_CONSUME_CHECK_CONSUMER) timestamp=12018 ms, used_size=13469696 bytes (32.9%)
(RDMA_READ_CONSUME_CHECK_CONSUMER) timestamp=12018 ms, used_size=13467648 bytes (32.9%)
(RDMA_READ_CONSUME_CHECK_CONSUMER) timestamp=12018 ms, used_size=13465600 bytes (32.9%)
(RDMA_READ_CONSUME_CHECK_CONSUMER) timestamp=12018 ms, used_size=13463552 bytes (32.9%)
(RDMA_READ_CONSUME_CHECK_CONSUMER) timestamp=12018 ms, used_size=13461504 bytes (32.9%)
(RDMA_READ_CONSUME_CHECK_CONSUMER) timestamp=12018 ms, used_size=13459456 bytes (32.9%)
(RDMA_READ_CONSUME_CHECK_CONSUMER) timestamp=12018 ms, used_size=13457408 bytes (32.9%)
(RDMA_READ_CONSUME_CHECK_CONSUMER) timestamp=12018 ms, used_size=13455360 bytes (32.9%)
(RDMA_READ_CONSUME_CHECK_CONSUMER) timestamp=12018 ms, used_size=13453312 bytes (32.8%)
(RDMA_READ_CONSUME_CHECK_CONSUMER) timestamp=12018 ms, used_size=13451264 bytes (32.8%)
(RDMA_READ_CONSUME_CHECK_CONSUMER) timestamp=12018 ms, used_size=13449216 bytes (32.8%)
(RDMA_READ_CONSUME_CHECK_CONSUMER) timestamp=12018 ms, used_size=13447168 bytes (32.8%)
(RDMA_READ_CONSUME_CHECK_CONSUMER) timestamp=12018 ms, used_size=13445120 bytes (32.8%)
(RDMA_READ_CONSUME_CHECK_CONSUMER) timestamp=12018 ms, used_size=13443072 bytes (32.8%)
(RDMA_READ_CONSUME_CHECK_CONSUMER) timestamp=12018 ms, used_size=13441024 bytes (32.8%)
(RDMA_READ_CONSUME_CHECK_CONSUMER) timestamp=12018 ms, used_size=13438976 bytes (32.8%)
(RDMA_READ_CONSUME_CHECK_CONSUMER) timestamp=12018 ms, used_size=13436928 bytes (32.8%)
(RDMA_READ_CONSUME_CHECK_CONSUMER) timestamp=12018 ms, used_size=13434880 bytes (32.8%)
(RDMA_READ_CONSUME_CHECK_CONSUMER) timestamp=12018 ms, used_size=13432832 bytes (32.8%)
(RDMA_READ_CONSUME_CHECK_CONSUMER) timestamp=12018 ms, used_size=13430784 bytes (32.8%)
(RDMA_READ_CONSUME_CHECK_CONSUMER) timestamp=12018 ms, used_size=13428736 bytes (32.8%)
(RDMA_READ_CONSUME_CHECK_CONSUMER) timestamp=12018 ms, used_size=13426688 bytes (32.8%)
(RDMA_READ_CONSUME_CHECK_CONSUMER) timestamp=12018 ms, used_size=13424640 bytes (32.8%)
(RDMA_READ_CONSUME_CHECK_CONSUMER) timestamp=12018 ms, used_size=13422592 bytes (32.8%)
(RDMA_READ_CONSUME_CHECK_CONSUMER) timestamp=12018 ms, used_size=13420544 bytes (32.8%)
(RDMA_READ_CONSUME_CHECK_CONSUMER) timestamp=12018 ms, used_size=13418496 bytes (32.8%)
(RDMA_READ_CONSUME_CHECK_CONSUMER) timestamp=12018 ms, used_size=13416448 bytes (32.8%)
(RDMA_READ_CONSUME_CHECK_CONSUMER) timestamp=12018 ms, used_size=13414400 bytes (32.8%)
(RDMA_READ_CONSUME_CHECK_CONSUMER) timestamp=12018 ms, used_size=13412352 bytes (32.7%)
(RDMA_READ_CONSUME_CHECK_CONSUMER) timestamp=12018 ms, used_size=13410304 bytes (32.7%)
(RDMA_READ_CONSUME_CHECK_CONSUMER) timestamp=12018 ms, used_size=13408256 bytes (32.7%)
(RDMA_READ_CONSUME_CHECK_CONSUMER) timestamp=12018 ms, used_size=13406208 bytes (32.7%)
(RDMA_READ_CONSUME_CHECK_CONSUMER) timestamp=12018 ms, used_size=13404160 bytes (32.7%)
(RDMA_READ_CONSUME_CHECK_CONSUMER) timestamp=12018 ms, used_size=13402112 bytes (32.7%)
(RDMA_READ_CONSUME_CHECK_CONSUMER) timestamp=12018 ms, used_size=13400064 bytes (32.7%)
(RDMA_READ_CONSUME_CHECK_CONSUMER) timestamp=12018 ms, used_size=13398016 bytes (32.7%)
(RDMA_READ_CONSUME_CHECK_CONSUMER) timestamp=12018 ms, used_size=13395968 bytes (32.7%)
(RDMA_READ_CONSUME_CHECK_CONSUMER) timestamp=12018 ms, used_size=13393920 bytes (32.7%)
(RDMA_READ_CONSUME_CHECK_CONSUMER) timestamp=12018 ms, used_size=13391872 bytes (32.7%)
(RDMA_READ_CONSUME_CHECK_CONSUMER) timestamp=12018 ms, used_size=13389824 bytes (32.7%)
(RDMA_READ_CONSUME_CHECK_CONSUMER) timestamp=12018 ms, used_size=13387776 bytes (32.7%)
(RDMA_READ_CONSUME_CHECK_CONSUMER) timestamp=12018 ms, used_size=13385728 bytes (32.7%)
(RDMA_READ_CONSUME_CHECK_CONSUMER) timestamp=12018 ms, used_size=13383680 bytes (32.7%)
(RDMA_READ_CONSUME_CHECK_CONSUMER) timestamp=12018 ms, used_size=13381632 bytes (32.7%)
(RDMA_READ_CONSUME_CHECK_CONSUMER) timestamp=12018 ms, used_size=13379584 bytes (32.7%)
(RDMA_READ_CONSUME_CHECK_CONSUMER) timestamp=12018 ms, used_size=13377536 bytes (32.7%)
(RDMA_READ_CONSUME_CHECK_CONSUMER) timestamp=12018 ms, used_size=13375488 bytes (32.7%)
(RDMA_READ_CONSUME_CHECK_CONSUMER) timestamp=12018 ms, used_size=13373440 bytes (32.6%)
(RDMA_READ_CONSUME_CHECK_CONSUMER) timestamp=12018 ms, used_size=13371392 bytes (32.6%)
(RDMA_READ_CONSUME_CHECK_CONSUMER) timestamp=12018 ms, used_size=13369344 bytes (32.6%)
(RDMA_READ_CONSUME_CHECK_CONSUMER) timestamp=12018 ms, used_size=13367296 bytes (32.6%)
(RDMA_READ_CONSUME_CHECK_CONSUMER) timestamp=12018 ms, used_size=13365248 bytes (32.6%)
(RDMA_READ_CONSUME_CHECK_CONSUMER) timestamp=12018 ms, used_size=13363200 bytes (32.6%)
(RDMA_READ_CONSUME_CHECK_CONSUMER) timestamp=12018 ms, used_size=13361152 bytes (32.6%)
(RDMA_READ_CONSUME_CHECK_CONSUMER) timestamp=12018 ms, used_size=13359104 bytes (32.6%)
(RDMA_READ_CONSUME_CHECK_CONSUMER) timestamp=12018 ms, used_size=13357056 bytes (32.6%)
(RDMA_READ_CONSUME_CHECK_CONSUMER) timestamp=12018 ms, used_size=13355008 bytes (32.6%)
(RDMA_READ_CONSUME_CHECK_CONSUMER) timestamp=12018 ms, used_size=13352960 bytes (32.6%)
(RDMA_READ_CONSUME_CHECK_CONSUMER) timestamp=12018 ms, used_size=13350912 bytes (32.6%)
(RDMA_READ_CONSUME_CHECK_CONSUMER) timestamp=12018 ms, used_size=13348864 bytes (32.6%)
(RDMA_READ_CONSUME_CHECK_CONSUMER) timestamp=12018 ms, used_size=13346816 bytes (32.6%)
(RDMA_READ_CONSUME_CHECK_CONSUMER) timestamp=12018 ms, used_size=13344768 bytes (32.6%)
(RDMA_READ_CONSUME_CHECK_CONSUMER) timestamp=12018 ms, used_size=13342720 bytes (32.6%)
(RDMA_READ_CONSUME_CHECK_CONSUMER) timestamp=12018 ms, used_size=13340672 bytes (32.6%)
(RDMA_READ_CONSUME_CHECK_CONSUMER) timestamp=12018 ms, used_size=13338624 bytes (32.6%)
(RDMA_READ_CONSUME_CHECK_CONSUMER) timestamp=12018 ms, used_size=13336576 bytes (32.6%)
(RDMA_READ_CONSUME_CHECK_CONSUMER) timestamp=12018 ms, used_size=13334528 bytes (32.6%)
(RDMA_READ_CONSUME_CHECK_CONSUMER) timestamp=12019 ms, used_size=13332480 bytes (32.5%)
(RDMA_READ_CONSUME_CHECK_CONSUMER) timestamp=12019 ms, used_size=13330432 bytes (32.5%)
(RDMA_READ_CONSUME_CHECK_CONSUMER) timestamp=12019 ms, used_size=13328384 bytes (32.5%)
(RDMA_READ_CONSUME_CHECK_CONSUMER) timestamp=12019 ms, used_size=13326336 bytes (32.5%)
(RDMA_READ_CONSUME_CHECK_CONSUMER) timestamp=12019 ms, used_size=13324288 bytes (32.5%)
(RDMA_READ_CONSUME_CHECK_CONSUMER) timestamp=12019 ms, used_size=13322240 bytes (32.5%)
(RDMA_READ_CONSUME_CHECK_CONSUMER) timestamp=12019 ms, used_size=13320192 bytes (32.5%)
(RDMA_READ_CONSUME_CHECK_CONSUMER) timestamp=12019 ms, used_size=13318144 bytes (32.5%)
(RDMA_READ_CONSUME_CHECK_CONSUMER) timestamp=12019 ms, used_size=13316096 bytes (32.5%)
(RDMA_READ_CONSUME_CHECK_CONSUMER) timestamp=12019 ms, used_size=13314048 bytes (32.5%)
(RDMA_READ_CONSUME_CHECK_CONSUMER) timestamp=12019 ms, used_size=13312000 bytes (32.5%)
(RDMA_READ_CONSUME_CHECK_CONSUMER) timestamp=12019 ms, used_size=13309952 bytes (32.5%)
(RDMA_READ_CONSUME_CHECK_CONSUMER) timestamp=12019 ms, used_size=13307904 bytes (32.5%)
(RDMA_READ_CONSUME_CHECK_CONSUMER) timestamp=12019 ms, used_size=13305856 bytes (32.5%)
(RDMA_READ_CONSUME_CHECK_CONSUMER) timestamp=12019 ms, used_size=13303808 bytes (32.5%)
(RDMA_READ_CONSUME_CHECK_CONSUMER) timestamp=12019 ms, used_size=13301760 bytes (32.5%)
(RDMA_READ_CONSUME_CHECK_CONSUMER) timestamp=12019 ms, used_size=13299712 bytes (32.5%)
(RDMA_READ_CONSUME_CHECK_CONSUMER) timestamp=12019 ms, used_size=13297664 bytes (32.5%)
(RDMA_READ_CONSUME_CHECK_CONSUMER) timestamp=12019 ms, used_size=13295616 bytes (32.5%)
(RDMA_READ_CONSUME_CHECK_CONSUMER) timestamp=12019 ms, used_size=13293568 bytes (32.5%)
(RDMA_READ_CONSUME_CHECK_CONSUMER) timestamp=12019 ms, used_size=13291520 bytes (32.5%)
(RDMA_READ_CONSUME_CHECK_CONSUMER) timestamp=12019 ms, used_size=13289472 bytes (32.4%)
(RDMA_READ_CONSUME_CHECK_CONSUMER) timestamp=12019 ms, used_size=13287424 bytes (32.4%)
(RDMA_READ_CONSUME_CHECK_CONSUMER) timestamp=12019 ms, used_size=13285376 bytes (32.4%)
(RDMA_READ_CONSUME_CHECK_CONSUMER) timestamp=12019 ms, used_size=13283328 bytes (32.4%)
(RDMA_READ_CONSUME_CHECK_CONSUMER) timestamp=12019 ms, used_size=13281280 bytes (32.4%)
(RDMA_READ_CONSUME_CHECK_CONSUMER) timestamp=12019 ms, used_size=13279232 bytes (32.4%)
(RDMA_READ_CONSUME_CHECK_CONSUMER) timestamp=12019 ms, used_size=13277184 bytes (32.4%)
(RDMA_READ_CONSUME_CHECK_CONSUMER) timestamp=12019 ms, used_size=13275136 bytes (32.4%)
(RDMA_READ_CONSUME_CHECK_CONSUMER) timestamp=12019 ms, used_size=13273088 bytes (32.4%)
(RDMA_READ_CONSUME_CHECK_CONSUMER) timestamp=12019 ms, used_size=13271040 bytes (32.4%)
(RDMA_READ_CONSUME_CHECK_CONSUMER) timestamp=12019 ms, used_size=13268992 bytes (32.4%)
(RDMA_READ_CONSUME_CHECK_CONSUMER) timestamp=12019 ms, used_size=13266944 bytes (32.4%)
(RDMA_READ_CONSUME_CHECK_CONSUMER) timestamp=12019 ms, used_size=13264896 bytes (32.4%)
(RDMA_READ_CONSUME_CHECK_CONSUMER) timestamp=12019 ms, used_size=13262848 bytes (32.4%)
(RDMA_READ_CONSUME_CHECK_CONSUMER) timestamp=12019 ms, used_size=13260800 bytes (32.4%)
(RDMA_READ_CONSUME_CHECK_CONSUMER) timestamp=12019 ms, used_size=13258752 bytes (32.4%)
(RDMA_READ_CONSUME_CHECK_CONSUMER) timestamp=12019 ms, used_size=13256704 bytes (32.4%)
(RDMA_READ_CONSUME_CHECK_CONSUMER) timestamp=12019 ms, used_size=13254656 bytes (32.4%)
(RDMA_READ_CONSUME_CHECK_CONSUMER) timestamp=12019 ms, used_size=13252608 bytes (32.4%)
(RDMA_READ_CONSUME_CHECK_CONSUMER) timestamp=12019 ms, used_size=13250560 bytes (32.4%)
(RDMA_READ_CONSUME_CHECK_CONSUMER) timestamp=12019 ms, used_size=13248512 bytes (32.3%)
(RDMA_READ_CONSUME_CHECK_CONSUMER) timestamp=12019 ms, used_size=13246464 bytes (32.3%)
(RDMA_READ_CONSUME_CHECK_CONSUMER) timestamp=12019 ms, used_size=13244416 bytes (32.3%)
(RDMA_READ_CONSUME_CHECK_CONSUMER) timestamp=12019 ms, used_size=13242368 bytes (32.3%)
(RDMA_READ_CONSUME_CHECK_CONSUMER) timestamp=12019 ms, used_size=13240320 bytes (32.3%)
(RDMA_READ_CONSUME_CHECK_CONSUMER) timestamp=12019 ms, used_size=13238272 bytes (32.3%)
(RDMA_READ_CONSUME_CHECK_CONSUMER) timestamp=12019 ms, used_size=13236224 bytes (32.3%)
(RDMA_READ_CONSUME_CHECK_CONSUMER) timestamp=12019 ms, used_size=13234176 bytes (32.3%)
(RDMA_READ_CONSUME_CHECK_CONSUMER) timestamp=12019 ms, used_size=13232128 bytes (32.3%)
(RDMA_READ_CONSUME_CHECK_CONSUMER) timestamp=12019 ms, used_size=13230080 bytes (32.3%)
(RDMA_READ_CONSUME_CHECK_CONSUMER) timestamp=12019 ms, used_size=13228032 bytes (32.3%)
(RDMA_READ_CONSUME_CHECK_CONSUMER) timestamp=12019 ms, used_size=13225984 bytes (32.3%)
(RDMA_READ_CONSUME_CHECK_CONSUMER) timestamp=12019 ms, used_size=13223936 bytes (32.3%)
(RDMA_READ_CONSUME_CHECK_CONSUMER) timestamp=12019 ms, used_size=13221888 bytes (32.3%)
(RDMA_READ_CONSUME_CHECK_CONSUMER) timestamp=12019 ms, used_size=13219840 bytes (32.3%)
(RDMA_READ_CONSUME_CHECK_CONSUMER) timestamp=12019 ms, used_size=13217792 bytes (32.3%)
(RDMA_READ_CONSUME_CHECK_CONSUMER) timestamp=12019 ms, used_size=13215744 bytes (32.3%)
(RDMA_READ_CONSUME_CHECK_CONSUMER) timestamp=12019 ms, used_size=13213696 bytes (32.3%)
(RDMA_READ_CONSUME_CHECK_CONSUMER) timestamp=12019 ms, used_size=13211648 bytes (32.3%)
(RDMA_READ_CONSUME_CHECK_CONSUMER) timestamp=12019 ms, used_size=13209600 bytes (32.2%)
(RDMA_READ_CONSUME_CHECK_CONSUMER) timestamp=12019 ms, used_size=13207552 bytes (32.2%)
(RDMA_READ_CONSUME_CHECK_CONSUMER) timestamp=12019 ms, used_size=13205504 bytes (32.2%)
(RDMA_READ_CONSUME_CHECK_CONSUMER) timestamp=12019 ms, used_size=13203456 bytes (32.2%)
(RDMA_READ_CONSUME_CHECK_CONSUMER) timestamp=12019 ms, used_size=13201408 bytes (32.2%)
(RDMA_READ_CONSUME_CHECK_CONSUMER) timestamp=12019 ms, used_size=13199360 bytes (32.2%)
(RDMA_READ_CONSUME_CHECK_CONSUMER) timestamp=12019 ms, used_size=13197312 bytes (32.2%)
(RDMA_READ_CONSUME_CHECK_CONSUMER) timestamp=12019 ms, used_size=13195264 bytes (32.2%)
(RDMA_READ_CONSUME_CHECK_CONSUMER) timestamp=12019 ms, used_size=13193216 bytes (32.2%)
(RDMA_READ_CONSUME_CHECK_CONSUMER) timestamp=12019 ms, used_size=13191168 bytes (32.2%)
(RDMA_READ_CONSUME_CHECK_CONSUMER) timestamp=12019 ms, used_size=13189120 bytes (32.2%)
(RDMA_READ_CONSUME_CHECK_CONSUMER) timestamp=12019 ms, used_size=13187072 bytes (32.2%)
(RDMA_READ_CONSUME_CHECK_CONSUMER) timestamp=12019 ms, used_size=13185024 bytes (32.2%)
(RDMA_READ_CONSUME_CHECK_CONSUMER) timestamp=12019 ms, used_size=13182976 bytes (32.2%)
(RDMA_READ_CONSUME_CHECK_CONSUMER) timestamp=12019 ms, used_size=13180928 bytes (32.2%)
(RDMA_READ_CONSUME_CHECK_CONSUMER) timestamp=12019 ms, used_size=13178880 bytes (32.2%)
(RDMA_READ_CONSUME_CHECK_CONSUMER) timestamp=12019 ms, used_size=13176832 bytes (32.2%)
(RDMA_READ_CONSUME_CHECK_CONSUMER) timestamp=12019 ms, used_size=13174784 bytes (32.2%)
(RDMA_READ_CONSUME_CHECK_CONSUMER) timestamp=12019 ms, used_size=13172736 bytes (32.2%)
(RDMA_READ_CONSUME_CHECK_CONSUMER) timestamp=12019 ms, used_size=13170688 bytes (32.2%)
(RDMA_READ_CONSUME_CHECK_CONSUMER) timestamp=12019 ms, used_size=13168640 bytes (32.1%)
(RDMA_READ_CONSUME_CHECK_CONSUMER) timestamp=12019 ms, used_size=13166592 bytes (32.1%)
(RDMA_READ_CONSUME_CHECK_CONSUMER) timestamp=12019 ms, used_size=13164544 bytes (32.1%)
(RDMA_READ_CONSUME_CHECK_CONSUMER) timestamp=12019 ms, used_size=13162496 bytes (32.1%)
(RDMA_READ_CONSUME_CHECK_CONSUMER) timestamp=12019 ms, used_size=13160448 bytes (32.1%)
(RDMA_READ_CONSUME_CHECK_CONSUMER) timestamp=12019 ms, used_size=13158400 bytes (32.1%)
(RDMA_READ_CONSUME_CHECK_CONSUMER) timestamp=12019 ms, used_size=13156352 bytes (32.1%)
(RDMA_READ_CONSUME_CHECK_CONSUMER) timestamp=12019 ms, used_size=13154304 bytes (32.1%)
(RDMA_READ_CONSUME_CHECK_CONSUMER) timestamp=12019 ms, used_size=13152256 bytes (32.1%)
(RDMA_READ_CONSUME_CHECK_CONSUMER) timestamp=12019 ms, used_size=13150208 bytes (32.1%)
(RDMA_READ_CONSUME_CHECK_CONSUMER) timestamp=12019 ms, used_size=13148160 bytes (32.1%)
(RDMA_READ_CONSUME_CHECK_CONSUMER) timestamp=12019 ms, used_size=13146112 bytes (32.1%)
(RDMA_READ_CONSUME_CHECK_CONSUMER) timestamp=12019 ms, used_size=13144064 bytes (32.1%)
(RDMA_READ_CONSUME_CHECK_CONSUMER) timestamp=12019 ms, used_size=13142016 bytes (32.1%)
(RDMA_READ_CONSUME_CHECK_CONSUMER) timestamp=12019 ms, used_size=13139968 bytes (32.1%)
(RDMA_READ_CONSUME_CHECK_CONSUMER) timestamp=12019 ms, used_size=13137920 bytes (32.1%)
(RDMA_READ_CONSUME_CHECK_CONSUMER) timestamp=12019 ms, used_size=13135872 bytes (32.1%)
(RDMA_READ_CONSUME_CHECK_CONSUMER) timestamp=12019 ms, used_size=13133824 bytes (32.1%)
(RDMA_READ_CONSUME_CHECK_CONSUMER) timestamp=12019 ms, used_size=13131776 bytes (32.1%)
(RDMA_READ_CONSUME_CHECK_CONSUMER) timestamp=12019 ms, used_size=13129728 bytes (32.1%)
(RDMA_READ_CONSUME_CHECK_CONSUMER) timestamp=12019 ms, used_size=13127680 bytes (32.0%)
(RDMA_READ_CONSUME_CHECK_CONSUMER) timestamp=12019 ms, used_size=13125632 bytes (32.0%)
(RDMA_READ_CONSUME_CHECK_CONSUMER) timestamp=12019 ms, used_size=13123584 bytes (32.0%)
(RDMA_READ_CONSUME_CHECK_CONSUMER) timestamp=12019 ms, used_size=13121536 bytes (32.0%)
(RDMA_READ_CONSUME_CHECK_CONSUMER) timestamp=12019 ms, used_size=13119488 bytes (32.0%)
(RDMA_READ_CONSUME_CHECK_CONSUMER) timestamp=12019 ms, used_size=13117440 bytes (32.0%)
(RDMA_READ_CONSUME_CHECK_CONSUMER) timestamp=12019 ms, used_size=13115392 bytes (32.0%)
(RDMA_READ_CONSUME_CHECK_CONSUMER) timestamp=12019 ms, used_size=13113344 bytes (32.0%)
(RDMA_READ_CONSUME_CHECK_CONSUMER) timestamp=12019 ms, used_size=13111296 bytes (32.0%)
(RDMA_READ_CONSUME_CHECK_CONSUMER) timestamp=12019 ms, used_size=13109248 bytes (32.0%)
(RDMA_READ_CONSUME_CHECK_CONSUMER) timestamp=12019 ms, used_size=13107200 bytes (32.0%)
(RDMA_READ_CONSUME_CHECK_CONSUMER) timestamp=12019 ms, used_size=13105152 bytes (32.0%)
(RDMA_READ_CONSUME_CHECK_CONSUMER) timestamp=12019 ms, used_size=13103104 bytes (32.0%)
(RDMA_READ_CONSUME_CHECK_CONSUMER) timestamp=12019 ms, used_size=13101056 bytes (32.0%)
(RDMA_READ_CONSUME_CHECK_CONSUMER) timestamp=12019 ms, used_size=13099008 bytes (32.0%)
(RDMA_READ_CONSUME_CHECK_CONSUMER) timestamp=12019 ms, used_size=13096960 bytes (32.0%)
(RDMA_READ_CONSUME_CHECK_CONSUMER) timestamp=12019 ms, used_size=13094912 bytes (32.0%)
(RDMA_READ_CONSUME_CHECK_CONSUMER) timestamp=12019 ms, used_size=13092864 bytes (32.0%)
(RDMA_READ_CONSUME_CHECK_CONSUMER) timestamp=12019 ms, used_size=13090816 bytes (32.0%)
(RDMA_READ_CONSUME_CHECK_CONSUMER) timestamp=12019 ms, used_size=13088768 bytes (32.0%)
(RDMA_READ_CONSUME_CHECK_CONSUMER) timestamp=12019 ms, used_size=13086720 bytes (31.9%)
(RDMA_READ_CONSUME_CHECK_CONSUMER) timestamp=12019 ms, used_size=13084672 bytes (31.9%)
(RDMA_READ_CONSUME_CHECK_CONSUMER) timestamp=12019 ms, used_size=13082624 bytes (31.9%)
(RDMA_READ_CONSUME_CHECK_CONSUMER) timestamp=12019 ms, used_size=13080576 bytes (31.9%)
(RDMA_READ_CONSUME_CHECK_CONSUMER) timestamp=12019 ms, used_size=13078528 bytes (31.9%)
(RDMA_READ_CONSUME_CHECK_CONSUMER) timestamp=12019 ms, used_size=13076480 bytes (31.9%)
(RDMA_READ_CONSUME_CHECK_CONSUMER) timestamp=12019 ms, used_size=13074432 bytes (31.9%)
(RDMA_READ_CONSUME_CHECK_CONSUMER) timestamp=12019 ms, used_size=13072384 bytes (31.9%)
(RDMA_READ_CONSUME_CHECK_CONSUMER) timestamp=12019 ms, used_size=13070336 bytes (31.9%)
(RDMA_READ_CONSUME_CHECK_CONSUMER) timestamp=12019 ms, used_size=13068288 bytes (31.9%)
(RDMA_READ_CONSUME_CHECK_CONSUMER) timestamp=12019 ms, used_size=13066240 bytes (31.9%)
(RDMA_READ_CONSUME_CHECK_CONSUMER) timestamp=12019 ms, used_size=13064192 bytes (31.9%)
(RDMA_READ_CONSUME_CHECK_CONSUMER) timestamp=12019 ms, used_size=13062144 bytes (31.9%)
(RDMA_READ_CONSUME_CHECK_CONSUMER) timestamp=12019 ms, used_size=13060096 bytes (31.9%)
(RDMA_READ_CONSUME_CHECK_CONSUMER) timestamp=12019 ms, used_size=13058048 bytes (31.9%)
(RDMA_READ_CONSUME_CHECK_CONSUMER) timestamp=12019 ms, used_size=13056000 bytes (31.9%)
(RDMA_READ_CONSUME_CHECK_CONSUMER) timestamp=12019 ms, used_size=13053952 bytes (31.9%)
(RDMA_READ_CONSUME_CHECK_CONSUMER) timestamp=12019 ms, used_size=13051904 bytes (31.9%)
(RDMA_READ_CONSUME_CHECK_CONSUMER) timestamp=12019 ms, used_size=13049856 bytes (31.9%)
(RDMA_READ_CONSUME_CHECK_CONSUMER) timestamp=12019 ms, used_size=13047808 bytes (31.9%)
(RDMA_READ_CONSUME_CHECK_CONSUMER) timestamp=12019 ms, used_size=13045760 bytes (31.9%)
(RDMA_READ_CONSUME_CHECK_CONSUMER) timestamp=12019 ms, used_size=13043712 bytes (31.8%)
(RDMA_READ_CONSUME_CHECK_CONSUMER) timestamp=12019 ms, used_size=13041664 bytes (31.8%)
(RDMA_READ_CONSUME_CHECK_CONSUMER) timestamp=12019 ms, used_size=13039616 bytes (31.8%)
(RDMA_READ_CONSUME_CHECK_CONSUMER) timestamp=12019 ms, used_size=13037568 bytes (31.8%)
(RDMA_READ_CONSUME_CHECK_CONSUMER) timestamp=12019 ms, used_size=13035520 bytes (31.8%)
(RDMA_READ_CONSUME_CHECK_CONSUMER) timestamp=12019 ms, used_size=13033472 bytes (31.8%)
(RDMA_READ_CONSUME_CHECK_CONSUMER) timestamp=12019 ms, used_size=13031424 bytes (31.8%)
(RDMA_READ_CONSUME_CHECK_CONSUMER) timestamp=12019 ms, used_size=13029376 bytes (31.8%)
(RDMA_READ_CONSUME_CHECK_CONSUMER) timestamp=12019 ms, used_size=13027328 bytes (31.8%)
(RDMA_READ_CONSUME_CHECK_CONSUMER) timestamp=12019 ms, used_size=13025280 bytes (31.8%)
(RDMA_READ_CONSUME_CHECK_CONSUMER) timestamp=12019 ms, used_size=13023232 bytes (31.8%)
(RDMA_READ_CONSUME_CHECK_CONSUMER) timestamp=12019 ms, used_size=13021184 bytes (31.8%)
(RDMA_READ_CONSUME_CHECK_CONSUMER) timestamp=12019 ms, used_size=13019136 bytes (31.8%)
(RDMA_READ_CONSUME_CHECK_CONSUMER) timestamp=12019 ms, used_size=13017088 bytes (31.8%)
(RDMA_READ_CONSUME_CHECK_CONSUMER) timestamp=12019 ms, used_size=13015040 bytes (31.8%)
(RDMA_READ_CONSUME_CHECK_CONSUMER) timestamp=12019 ms, used_size=13012992 bytes (31.8%)
(RDMA_READ_CONSUME_CHECK_CONSUMER) timestamp=12019 ms, used_size=13010944 bytes (31.8%)
(RDMA_READ_CONSUME_CHECK_CONSUMER) timestamp=12019 ms, used_size=13008896 bytes (31.8%)
(RDMA_READ_CONSUME_CHECK_CONSUMER) timestamp=12019 ms, used_size=13006848 bytes (31.8%)
(RDMA_READ_CONSUME_CHECK_CONSUMER) timestamp=12019 ms, used_size=13004800 bytes (31.8%)
(RDMA_READ_CONSUME_CHECK_CONSUMER) timestamp=12019 ms, used_size=13002752 bytes (31.7%)
(RDMA_READ_CONSUME_CHECK_CONSUMER) timestamp=12019 ms, used_size=13000704 bytes (31.7%)
(RDMA_READ_CONSUME_CHECK_CONSUMER) timestamp=12019 ms, used_size=12998656 bytes (31.7%)
(RDMA_READ_CONSUME_CHECK_CONSUMER) timestamp=12019 ms, used_size=12996608 bytes (31.7%)
(RDMA_READ_CONSUME_CHECK_CONSUMER) timestamp=12019 ms, used_size=12994560 bytes (31.7%)
(RDMA_READ_CONSUME_CHECK_CONSUMER) timestamp=12019 ms, used_size=12992512 bytes (31.7%)
(RDMA_READ_CONSUME_CHECK_CONSUMER) timestamp=12019 ms, used_size=12990464 bytes (31.7%)
(RDMA_READ_CONSUME_CHECK_CONSUMER) timestamp=12020 ms, used_size=12988416 bytes (31.7%)
(RDMA_READ_CONSUME_CHECK_CONSUMER) timestamp=12020 ms, used_size=12986368 bytes (31.7%)
(RDMA_READ_CONSUME_CHECK_CONSUMER) timestamp=12020 ms, used_size=12984320 bytes (31.7%)
(RDMA_READ_CONSUME_CHECK_CONSUMER) timestamp=12020 ms, used_size=12982272 bytes (31.7%)
(RDMA_READ_CONSUME_CHECK_CONSUMER) timestamp=12020 ms, used_size=12980224 bytes (31.7%)
(RDMA_READ_CONSUME_CHECK_CONSUMER) timestamp=12020 ms, used_size=12978176 bytes (31.7%)
(RDMA_READ_CONSUME_CHECK_CONSUMER) timestamp=12020 ms, used_size=12976128 bytes (31.7%)
(RDMA_READ_CONSUME_CHECK_CONSUMER) timestamp=12020 ms, used_size=12974080 bytes (31.7%)
(RDMA_READ_CONSUME_CHECK_CONSUMER) timestamp=12020 ms, used_size=12972032 bytes (31.7%)
(RDMA_READ_CONSUME_CHECK_CONSUMER) timestamp=12020 ms, used_size=12969984 bytes (31.7%)
(RDMA_READ_CONSUME_CHECK_CONSUMER) timestamp=12020 ms, used_size=12967936 bytes (31.7%)
(RDMA_READ_CONSUME_CHECK_CONSUMER) timestamp=12020 ms, used_size=12965888 bytes (31.7%)
(RDMA_READ_CONSUME_CHECK_CONSUMER) timestamp=12020 ms, used_size=12963840 bytes (31.6%)
(RDMA_READ_CONSUME_CHECK_CONSUMER) timestamp=12020 ms, used_size=12961792 bytes (31.6%)
(RDMA_READ_CONSUME_CHECK_CONSUMER) timestamp=12020 ms, used_size=12959744 bytes (31.6%)
(RDMA_READ_CONSUME_CHECK_CONSUMER) timestamp=12020 ms, used_size=12957696 bytes (31.6%)
(RDMA_READ_CONSUME_CHECK_CONSUMER) timestamp=12020 ms, used_size=12955648 bytes (31.6%)
(RDMA_READ_CONSUME_CHECK_CONSUMER) timestamp=12020 ms, used_size=12953600 bytes (31.6%)
(RDMA_READ_CONSUME_CHECK_CONSUMER) timestamp=12020 ms, used_size=12951552 bytes (31.6%)
(RDMA_READ_CONSUME_CHECK_CONSUMER) timestamp=12020 ms, used_size=12949504 bytes (31.6%)
(RDMA_READ_CONSUME_CHECK_CONSUMER) timestamp=12020 ms, used_size=12947456 bytes (31.6%)
(RDMA_READ_CONSUME_CHECK_CONSUMER) timestamp=12020 ms, used_size=12945408 bytes (31.6%)
(RDMA_READ_CONSUME_CHECK_CONSUMER) timestamp=12020 ms, used_size=12943360 bytes (31.6%)
(RDMA_READ_CONSUME_CHECK_CONSUMER) timestamp=12020 ms, used_size=12941312 bytes (31.6%)
(RDMA_READ_CONSUME_CHECK_CONSUMER) timestamp=12020 ms, used_size=12939264 bytes (31.6%)
(RDMA_READ_CONSUME_CHECK_CONSUMER) timestamp=12020 ms, used_size=12937216 bytes (31.6%)
(RDMA_READ_CONSUME_CHECK_CONSUMER) timestamp=12020 ms, used_size=12935168 bytes (31.6%)
(RDMA_READ_CONSUME_CHECK_CONSUMER) timestamp=12020 ms, used_size=12933120 bytes (31.6%)
(RDMA_READ_CONSUME_CHECK_CONSUMER) timestamp=12020 ms, used_size=12931072 bytes (31.6%)
(RDMA_READ_CONSUME_CHECK_CONSUMER) timestamp=12020 ms, used_size=12929024 bytes (31.6%)
(RDMA_READ_CONSUME_CHECK_CONSUMER) timestamp=12020 ms, used_size=12926976 bytes (31.6%)
(RDMA_READ_CONSUME_CHECK_CONSUMER) timestamp=12020 ms, used_size=12924928 bytes (31.6%)
(RDMA_READ_CONSUME_CHECK_CONSUMER) timestamp=12020 ms, used_size=12922880 bytes (31.6%)
(RDMA_READ_CONSUME_CHECK_CONSUMER) timestamp=12020 ms, used_size=12920832 bytes (31.5%)
(RDMA_READ_CONSUME_CHECK_CONSUMER) timestamp=12020 ms, used_size=12918784 bytes (31.5%)
(RDMA_READ_CONSUME_CHECK_CONSUMER) timestamp=12020 ms, used_size=12916736 bytes (31.5%)
(RDMA_READ_CONSUME_CHECK_CONSUMER) timestamp=12020 ms, used_size=12914688 bytes (31.5%)
(RDMA_READ_CONSUME_CHECK_CONSUMER) timestamp=12020 ms, used_size=12912640 bytes (31.5%)
(RDMA_READ_CONSUME_CHECK_CONSUMER) timestamp=12020 ms, used_size=12910592 bytes (31.5%)
(RDMA_READ_CONSUME_CHECK_CONSUMER) timestamp=12020 ms, used_size=12908544 bytes (31.5%)
(RDMA_READ_CONSUME_CHECK_CONSUMER) timestamp=12020 ms, used_size=12906496 bytes (31.5%)
(RDMA_READ_CONSUME_CHECK_CONSUMER) timestamp=12020 ms, used_size=12904448 bytes (31.5%)
(RDMA_READ_CONSUME_CHECK_CONSUMER) timestamp=12020 ms, used_size=12902400 bytes (31.5%)
(RDMA_READ_CONSUME_CHECK_CONSUMER) timestamp=12020 ms, used_size=12900352 bytes (31.5%)
(RDMA_READ_CONSUME_CHECK_CONSUMER) timestamp=12020 ms, used_size=12898304 bytes (31.5%)
(RDMA_READ_CONSUME_CHECK_CONSUMER) timestamp=12020 ms, used_size=12896256 bytes (31.5%)
(RDMA_READ_CONSUME_CHECK_CONSUMER) timestamp=12020 ms, used_size=12894208 bytes (31.5%)
(RDMA_READ_CONSUME_CHECK_CONSUMER) timestamp=12020 ms, used_size=12892160 bytes (31.5%)
(RDMA_READ_CONSUME_CHECK_CONSUMER) timestamp=12020 ms, used_size=12890112 bytes (31.5%)
(RDMA_READ_CONSUME_CHECK_CONSUMER) timestamp=12020 ms, used_size=12888064 bytes (31.5%)
(RDMA_READ_CONSUME_CHECK_CONSUMER) timestamp=12020 ms, used_size=12886016 bytes (31.5%)
(RDMA_READ_CONSUME_CHECK_CONSUMER) timestamp=12020 ms, used_size=12883968 bytes (31.5%)
(RDMA_READ_CONSUME_CHECK_CONSUMER) timestamp=12020 ms, used_size=12881920 bytes (31.4%)
(RDMA_READ_CONSUME_CHECK_CONSUMER) timestamp=12020 ms, used_size=12879872 bytes (31.4%)
(RDMA_READ_CONSUME_CHECK_CONSUMER) timestamp=12020 ms, used_size=12877824 bytes (31.4%)
(RDMA_READ_CONSUME_CHECK_CONSUMER) timestamp=12020 ms, used_size=12875776 bytes (31.4%)
(RDMA_READ_CONSUME_CHECK_CONSUMER) timestamp=12020 ms, used_size=12873728 bytes (31.4%)
(RDMA_READ_CONSUME_CHECK_CONSUMER) timestamp=12020 ms, used_size=12871680 bytes (31.4%)
(RDMA_READ_CONSUME_CHECK_CONSUMER) timestamp=12020 ms, used_size=12869632 bytes (31.4%)
(RDMA_READ_CONSUME_CHECK_CONSUMER) timestamp=12020 ms, used_size=12867584 bytes (31.4%)
(RDMA_READ_CONSUME_CHECK_CONSUMER) timestamp=12020 ms, used_size=12865536 bytes (31.4%)
(RDMA_READ_CONSUME_CHECK_CONSUMER) timestamp=12020 ms, used_size=12863488 bytes (31.4%)
(RDMA_READ_CONSUME_CHECK_CONSUMER) timestamp=12020 ms, used_size=12861440 bytes (31.4%)
(RDMA_READ_CONSUME_CHECK_CONSUMER) timestamp=12020 ms, used_size=12859392 bytes (31.4%)
(RDMA_READ_CONSUME_CHECK_CONSUMER) timestamp=12020 ms, used_size=12857344 bytes (31.4%)
(RDMA_READ_CONSUME_CHECK_CONSUMER) timestamp=12020 ms, used_size=12855296 bytes (31.4%)
(RDMA_READ_CONSUME_CHECK_CONSUMER) timestamp=12020 ms, used_size=12853248 bytes (31.4%)
(RDMA_READ_CONSUME_CHECK_CONSUMER) timestamp=12020 ms, used_size=12851200 bytes (31.4%)
(RDMA_READ_CONSUME_CHECK_CONSUMER) timestamp=12020 ms, used_size=12849152 bytes (31.4%)
(RDMA_READ_CONSUME_CHECK_CONSUMER) timestamp=12020 ms, used_size=12847104 bytes (31.4%)
(RDMA_READ_CONSUME_CHECK_CONSUMER) timestamp=12020 ms, used_size=12845056 bytes (31.4%)
(RDMA_READ_CONSUME_CHECK_CONSUMER) timestamp=12020 ms, used_size=12843008 bytes (31.4%)
(RDMA_READ_CONSUME_CHECK_CONSUMER) timestamp=12020 ms, used_size=12840960 bytes (31.4%)
(RDMA_READ_CONSUME_CHECK_CONSUMER) timestamp=12020 ms, used_size=12838912 bytes (31.3%)
(RDMA_READ_CONSUME_CHECK_CONSUMER) timestamp=12020 ms, used_size=12836864 bytes (31.3%)
(RDMA_READ_CONSUME_CHECK_CONSUMER) timestamp=12020 ms, used_size=12834816 bytes (31.3%)
(RDMA_READ_CONSUME_CHECK_CONSUMER) timestamp=12020 ms, used_size=12832768 bytes (31.3%)
(RDMA_READ_CONSUME_CHECK_CONSUMER) timestamp=12020 ms, used_size=12830720 bytes (31.3%)
(RDMA_READ_CONSUME_CHECK_CONSUMER) timestamp=12020 ms, used_size=12828672 bytes (31.3%)
(RDMA_READ_CONSUME_CHECK_CONSUMER) timestamp=12020 ms, used_size=12826624 bytes (31.3%)
(RDMA_READ_CONSUME_CHECK_CONSUMER) timestamp=12020 ms, used_size=12824576 bytes (31.3%)
(RDMA_READ_CONSUME_CHECK_CONSUMER) timestamp=12020 ms, used_size=12822528 bytes (31.3%)
(RDMA_READ_CONSUME_CHECK_CONSUMER) timestamp=12020 ms, used_size=12820480 bytes (31.3%)
(RDMA_READ_CONSUME_CHECK_CONSUMER) timestamp=12020 ms, used_size=12818432 bytes (31.3%)
(RDMA_READ_CONSUME_CHECK_CONSUMER) timestamp=12020 ms, used_size=12816384 bytes (31.3%)
(RDMA_READ_CONSUME_CHECK_CONSUMER) timestamp=12020 ms, used_size=12814336 bytes (31.3%)
(RDMA_READ_CONSUME_CHECK_CONSUMER) timestamp=12020 ms, used_size=12812288 bytes (31.3%)
(RDMA_READ_CONSUME_CHECK_CONSUMER) timestamp=12020 ms, used_size=12810240 bytes (31.3%)
(RDMA_READ_CONSUME_CHECK_CONSUMER) timestamp=12020 ms, used_size=12808192 bytes (31.3%)
(RDMA_READ_CONSUME_CHECK_CONSUMER) timestamp=12020 ms, used_size=12806144 bytes (31.3%)
(RDMA_READ_CONSUME_CHECK_CONSUMER) timestamp=12020 ms, used_size=12804096 bytes (31.3%)
(RDMA_READ_CONSUME_CHECK_CONSUMER) timestamp=12020 ms, used_size=12802048 bytes (31.3%)
(RDMA_READ_CONSUME_CHECK_CONSUMER) timestamp=12020 ms, used_size=12800000 bytes (31.2%)
(RDMA_READ_CONSUME_CHECK_CONSUMER) timestamp=12020 ms, used_size=12797952 bytes (31.2%)
(RDMA_READ_CONSUME_CHECK_CONSUMER) timestamp=12020 ms, used_size=12795904 bytes (31.2%)
(RDMA_READ_CONSUME_CHECK_CONSUMER) timestamp=12020 ms, used_size=12793856 bytes (31.2%)
(RDMA_READ_CONSUME_CHECK_CONSUMER) timestamp=12020 ms, used_size=12791808 bytes (31.2%)
(RDMA_READ_CONSUME_CHECK_CONSUMER) timestamp=12020 ms, used_size=12789760 bytes (31.2%)
(RDMA_READ_CONSUME_CHECK_CONSUMER) timestamp=12020 ms, used_size=12787712 bytes (31.2%)
(RDMA_READ_CONSUME_CHECK_CONSUMER) timestamp=12020 ms, used_size=12785664 bytes (31.2%)
(RDMA_READ_CONSUME_CHECK_CONSUMER) timestamp=12020 ms, used_size=12783616 bytes (31.2%)
(RDMA_READ_CONSUME_CHECK_CONSUMER) timestamp=12020 ms, used_size=12781568 bytes (31.2%)
(RDMA_READ_CONSUME_CHECK_CONSUMER) timestamp=12020 ms, used_size=12779520 bytes (31.2%)
(RDMA_READ_CONSUME_CHECK_CONSUMER) timestamp=12020 ms, used_size=12777472 bytes (31.2%)
(RDMA_READ_CONSUME_CHECK_CONSUMER) timestamp=12020 ms, used_size=12775424 bytes (31.2%)
(RDMA_READ_CONSUME_CHECK_CONSUMER) timestamp=12020 ms, used_size=12773376 bytes (31.2%)
(RDMA_READ_CONSUME_CHECK_CONSUMER) timestamp=12020 ms, used_size=12771328 bytes (31.2%)
(RDMA_READ_CONSUME_CHECK_CONSUMER) timestamp=12020 ms, used_size=12769280 bytes (31.2%)
(RDMA_READ_CONSUME_CHECK_CONSUMER) timestamp=12020 ms, used_size=12767232 bytes (31.2%)
(RDMA_READ_CONSUME_CHECK_CONSUMER) timestamp=12020 ms, used_size=12765184 bytes (31.2%)
(RDMA_READ_CONSUME_CHECK_CONSUMER) timestamp=12020 ms, used_size=12763136 bytes (31.2%)
(RDMA_READ_CONSUME_CHECK_CONSUMER) timestamp=12020 ms, used_size=12761088 bytes (31.2%)
(RDMA_READ_CONSUME_CHECK_CONSUMER) timestamp=12020 ms, used_size=12759040 bytes (31.1%)
(RDMA_READ_CONSUME_CHECK_CONSUMER) timestamp=12020 ms, used_size=12756992 bytes (31.1%)
(RDMA_READ_CONSUME_CHECK_CONSUMER) timestamp=12020 ms, used_size=12754944 bytes (31.1%)
(RDMA_READ_CONSUME_CHECK_CONSUMER) timestamp=12020 ms, used_size=12752896 bytes (31.1%)
(RDMA_READ_CONSUME_CHECK_CONSUMER) timestamp=12020 ms, used_size=12750848 bytes (31.1%)
(RDMA_READ_CONSUME_CHECK_CONSUMER) timestamp=12020 ms, used_size=12748800 bytes (31.1%)
(RDMA_READ_CONSUME_CHECK_CONSUMER) timestamp=12020 ms, used_size=12746752 bytes (31.1%)
(RDMA_READ_CONSUME_CHECK_CONSUMER) timestamp=12020 ms, used_size=12744704 bytes (31.1%)
(RDMA_READ_CONSUME_CHECK_CONSUMER) timestamp=12020 ms, used_size=12742656 bytes (31.1%)
(RDMA_READ_CONSUME_CHECK_CONSUMER) timestamp=12020 ms, used_size=12740608 bytes (31.1%)
(RDMA_READ_CONSUME_CHECK_CONSUMER) timestamp=12020 ms, used_size=12738560 bytes (31.1%)
(RDMA_READ_CONSUME_CHECK_CONSUMER) timestamp=12020 ms, used_size=12736512 bytes (31.1%)
(RDMA_READ_CONSUME_CHECK_CONSUMER) timestamp=12020 ms, used_size=12734464 bytes (31.1%)
(RDMA_READ_CONSUME_CHECK_CONSUMER) timestamp=12020 ms, used_size=12732416 bytes (31.1%)
(RDMA_READ_CONSUME_CHECK_CONSUMER) timestamp=12020 ms, used_size=12730368 bytes (31.1%)
(RDMA_READ_CONSUME_CHECK_CONSUMER) timestamp=12020 ms, used_size=12728320 bytes (31.1%)
(RDMA_READ_CONSUME_CHECK_CONSUMER) timestamp=12020 ms, used_size=12726272 bytes (31.1%)
(RDMA_READ_CONSUME_CHECK_CONSUMER) timestamp=12020 ms, used_size=12724224 bytes (31.1%)
(RDMA_READ_CONSUME_CHECK_CONSUMER) timestamp=12020 ms, used_size=12722176 bytes (31.1%)
(RDMA_READ_CONSUME_CHECK_CONSUMER) timestamp=12020 ms, used_size=12720128 bytes (31.1%)
(RDMA_READ_CONSUME_CHECK_CONSUMER) timestamp=12020 ms, used_size=12718080 bytes (31.1%)
(RDMA_READ_CONSUME_CHECK_CONSUMER) timestamp=12020 ms, used_size=12716032 bytes (31.0%)
(RDMA_READ_CONSUME_CHECK_CONSUMER) timestamp=12020 ms, used_size=12713984 bytes (31.0%)
(RDMA_READ_CONSUME_CHECK_CONSUMER) timestamp=12020 ms, used_size=12711936 bytes (31.0%)
(RDMA_READ_CONSUME_CHECK_CONSUMER) timestamp=12020 ms, used_size=12709888 bytes (31.0%)
(RDMA_READ_CONSUME_CHECK_CONSUMER) timestamp=12020 ms, used_size=12707840 bytes (31.0%)
(RDMA_READ_CONSUME_CHECK_CONSUMER) timestamp=12020 ms, used_size=12705792 bytes (31.0%)
(RDMA_READ_CONSUME_CHECK_CONSUMER) timestamp=12020 ms, used_size=12703744 bytes (31.0%)
(RDMA_READ_CONSUME_CHECK_CONSUMER) timestamp=12020 ms, used_size=12701696 bytes (31.0%)
(RDMA_READ_CONSUME_CHECK_CONSUMER) timestamp=12020 ms, used_size=12699648 bytes (31.0%)
(RDMA_READ_CONSUME_CHECK_CONSUMER) timestamp=12020 ms, used_size=12697600 bytes (31.0%)
(RDMA_READ_CONSUME_CHECK_CONSUMER) timestamp=12020 ms, used_size=12695552 bytes (31.0%)
(RDMA_READ_CONSUME_CHECK_CONSUMER) timestamp=12020 ms, used_size=12693504 bytes (31.0%)
(RDMA_READ_CONSUME_CHECK_CONSUMER) timestamp=12020 ms, used_size=12691456 bytes (31.0%)
(RDMA_READ_CONSUME_CHECK_CONSUMER) timestamp=12020 ms, used_size=12689408 bytes (31.0%)
(RDMA_READ_CONSUME_CHECK_CONSUMER) timestamp=12020 ms, used_size=12687360 bytes (31.0%)
(RDMA_READ_CONSUME_CHECK_CONSUMER) timestamp=12020 ms, used_size=12685312 bytes (31.0%)
(RDMA_READ_CONSUME_CHECK_CONSUMER) timestamp=12020 ms, used_size=12683264 bytes (31.0%)
(RDMA_READ_CONSUME_CHECK_CONSUMER) timestamp=12020 ms, used_size=12681216 bytes (31.0%)
(RDMA_READ_CONSUME_CHECK_CONSUMER) timestamp=12020 ms, used_size=12679168 bytes (31.0%)
(RDMA_READ_CONSUME_CHECK_CONSUMER) timestamp=12020 ms, used_size=12677120 bytes (30.9%)
(RDMA_READ_CONSUME_CHECK_CONSUMER) timestamp=12020 ms, used_size=12675072 bytes (30.9%)
(RDMA_READ_CONSUME_CHECK_CONSUMER) timestamp=12020 ms, used_size=12673024 bytes (30.9%)
(RDMA_READ_CONSUME_CHECK_CONSUMER) timestamp=12020 ms, used_size=12670976 bytes (30.9%)
(RDMA_READ_CONSUME_CHECK_CONSUMER) timestamp=12020 ms, used_size=12668928 bytes (30.9%)
(RDMA_READ_CONSUME_CHECK_CONSUMER) timestamp=12020 ms, used_size=12666880 bytes (30.9%)
(RDMA_READ_CONSUME_CHECK_CONSUMER) timestamp=12020 ms, used_size=12664832 bytes (30.9%)
(RDMA_READ_CONSUME_CHECK_CONSUMER) timestamp=12020 ms, used_size=12662784 bytes (30.9%)
(RDMA_READ_CONSUME_CHECK_CONSUMER) timestamp=12020 ms, used_size=12660736 bytes (30.9%)
(RDMA_READ_CONSUME_CHECK_CONSUMER) timestamp=12020 ms, used_size=12658688 bytes (30.9%)
(RDMA_READ_CONSUME_CHECK_CONSUMER) timestamp=12020 ms, used_size=12656640 bytes (30.9%)
(RDMA_READ_CONSUME_CHECK_CONSUMER) timestamp=12020 ms, used_size=12654592 bytes (30.9%)
(RDMA_READ_CONSUME_CHECK_CONSUMER) timestamp=12020 ms, used_size=12652544 bytes (30.9%)
(RDMA_READ_CONSUME_CHECK_CONSUMER) timestamp=12020 ms, used_size=12650496 bytes (30.9%)
(RDMA_READ_CONSUME_CHECK_CONSUMER) timestamp=12020 ms, used_size=12648448 bytes (30.9%)
(RDMA_READ_CONSUME_CHECK_CONSUMER) timestamp=12020 ms, used_size=12646400 bytes (30.9%)
(RDMA_READ_CONSUME_CHECK_CONSUMER) timestamp=12020 ms, used_size=12644352 bytes (30.9%)
(RDMA_READ_CONSUME_CHECK_CONSUMER) timestamp=12020 ms, used_size=12642304 bytes (30.9%)
(RDMA_READ_CONSUME_CHECK_CONSUMER) timestamp=12021 ms, used_size=12640256 bytes (30.9%)
(RDMA_READ_CONSUME_CHECK_CONSUMER) timestamp=12021 ms, used_size=12638208 bytes (30.9%)
(RDMA_READ_CONSUME_CHECK_CONSUMER) timestamp=12021 ms, used_size=12636160 bytes (30.9%)
(RDMA_READ_CONSUME_CHECK_CONSUMER) timestamp=12021 ms, used_size=12634112 bytes (30.8%)
(RDMA_READ_CONSUME_CHECK_CONSUMER) timestamp=12021 ms, used_size=12632064 bytes (30.8%)
(RDMA_READ_CONSUME_CHECK_CONSUMER) timestamp=12021 ms, used_size=12630016 bytes (30.8%)
(RDMA_READ_CONSUME_CHECK_CONSUMER) timestamp=12021 ms, used_size=12627968 bytes (30.8%)
(RDMA_READ_CONSUME_CHECK_CONSUMER) timestamp=12021 ms, used_size=12625920 bytes (30.8%)
(RDMA_READ_CONSUME_CHECK_CONSUMER) timestamp=12021 ms, used_size=12623872 bytes (30.8%)
(RDMA_READ_CONSUME_CHECK_CONSUMER) timestamp=12021 ms, used_size=12621824 bytes (30.8%)
(RDMA_READ_CONSUME_CHECK_CONSUMER) timestamp=12021 ms, used_size=12619776 bytes (30.8%)
(RDMA_READ_CONSUME_CHECK_CONSUMER) timestamp=12021 ms, used_size=12617728 bytes (30.8%)
(RDMA_READ_CONSUME_CHECK_CONSUMER) timestamp=12021 ms, used_size=12615680 bytes (30.8%)
(RDMA_READ_CONSUME_CHECK_CONSUMER) timestamp=12021 ms, used_size=12613632 bytes (30.8%)
(RDMA_READ_CONSUME_CHECK_CONSUMER) timestamp=12021 ms, used_size=12611584 bytes (30.8%)
(RDMA_READ_CONSUME_CHECK_CONSUMER) timestamp=12021 ms, used_size=12609536 bytes (30.8%)
(RDMA_READ_CONSUME_CHECK_CONSUMER) timestamp=12021 ms, used_size=12607488 bytes (30.8%)
(RDMA_READ_CONSUME_CHECK_CONSUMER) timestamp=12021 ms, used_size=12605440 bytes (30.8%)
(RDMA_READ_CONSUME_CHECK_CONSUMER) timestamp=12021 ms, used_size=12603392 bytes (30.8%)
(RDMA_READ_CONSUME_CHECK_CONSUMER) timestamp=12021 ms, used_size=12601344 bytes (30.8%)
(RDMA_READ_CONSUME_CHECK_CONSUMER) timestamp=12021 ms, used_size=12599296 bytes (30.8%)
(RDMA_READ_CONSUME_CHECK_CONSUMER) timestamp=12021 ms, used_size=12597248 bytes (30.8%)
(RDMA_READ_CONSUME_CHECK_CONSUMER) timestamp=12021 ms, used_size=12595200 bytes (30.8%)
(RDMA_READ_CONSUME_CHECK_CONSUMER) timestamp=12021 ms, used_size=12593152 bytes (30.7%)
(RDMA_READ_CONSUME_CHECK_CONSUMER) timestamp=12021 ms, used_size=12591104 bytes (30.7%)
(RDMA_READ_CONSUME_CHECK_CONSUMER) timestamp=12021 ms, used_size=12589056 bytes (30.7%)
(RDMA_READ_CONSUME_CHECK_CONSUMER) timestamp=12021 ms, used_size=12587008 bytes (30.7%)
(RDMA_READ_CONSUME_CHECK_CONSUMER) timestamp=12021 ms, used_size=12584960 bytes (30.7%)
(RDMA_READ_CONSUME_CHECK_CONSUMER) timestamp=12021 ms, used_size=12582912 bytes (30.7%)
(RDMA_READ_CONSUME_CHECK_CONSUMER) timestamp=12021 ms, used_size=12580864 bytes (30.7%)
(RDMA_READ_CONSUME_CHECK_CONSUMER) timestamp=12021 ms, used_size=12578816 bytes (30.7%)
(RDMA_READ_CONSUME_CHECK_CONSUMER) timestamp=12021 ms, used_size=12576768 bytes (30.7%)
(RDMA_READ_CONSUME_CHECK_CONSUMER) timestamp=12021 ms, used_size=12574720 bytes (30.7%)
(RDMA_READ_CONSUME_CHECK_CONSUMER) timestamp=12021 ms, used_size=12572672 bytes (30.7%)
(RDMA_READ_CONSUME_CHECK_CONSUMER) timestamp=12021 ms, used_size=12570624 bytes (30.7%)
(RDMA_READ_CONSUME_CHECK_CONSUMER) timestamp=12021 ms, used_size=12568576 bytes (30.7%)
(RDMA_READ_CONSUME_CHECK_CONSUMER) timestamp=12021 ms, used_size=12566528 bytes (30.7%)
(RDMA_READ_CONSUME_CHECK_CONSUMER) timestamp=12021 ms, used_size=12564480 bytes (30.7%)
(RDMA_READ_CONSUME_CHECK_CONSUMER) timestamp=12021 ms, used_size=12562432 bytes (30.7%)
(RDMA_READ_CONSUME_CHECK_CONSUMER) timestamp=12021 ms, used_size=12560384 bytes (30.7%)
(RDMA_READ_CONSUME_CHECK_CONSUMER) timestamp=12021 ms, used_size=12558336 bytes (30.7%)
(RDMA_READ_CONSUME_CHECK_CONSUMER) timestamp=12021 ms, used_size=12556288 bytes (30.7%)
(RDMA_READ_CONSUME_CHECK_CONSUMER) timestamp=12021 ms, used_size=12554240 bytes (30.6%)
(RDMA_READ_CONSUME_CHECK_CONSUMER) timestamp=12021 ms, used_size=12552192 bytes (30.6%)
(RDMA_READ_CONSUME_CHECK_CONSUMER) timestamp=12021 ms, used_size=12550144 bytes (30.6%)
(RDMA_READ_CONSUME_CHECK_CONSUMER) timestamp=12021 ms, used_size=12548096 bytes (30.6%)
(RDMA_READ_CONSUME_CHECK_CONSUMER) timestamp=12021 ms, used_size=12546048 bytes (30.6%)
(RDMA_READ_CONSUME_CHECK_CONSUMER) timestamp=12021 ms, used_size=12544000 bytes (30.6%)
(RDMA_READ_CONSUME_CHECK_CONSUMER) timestamp=12021 ms, used_size=12541952 bytes (30.6%)
(RDMA_READ_CONSUME_CHECK_CONSUMER) timestamp=12021 ms, used_size=12539904 bytes (30.6%)
(RDMA_READ_CONSUME_CHECK_CONSUMER) timestamp=12021 ms, used_size=12537856 bytes (30.6%)
(RDMA_READ_CONSUME_CHECK_CONSUMER) timestamp=12021 ms, used_size=12535808 bytes (30.6%)
(RDMA_READ_CONSUME_CHECK_CONSUMER) timestamp=12021 ms, used_size=12533760 bytes (30.6%)
(RDMA_READ_CONSUME_CHECK_CONSUMER) timestamp=12021 ms, used_size=12531712 bytes (30.6%)
(RDMA_READ_CONSUME_CHECK_CONSUMER) timestamp=12021 ms, used_size=12529664 bytes (30.6%)
(RDMA_READ_CONSUME_CHECK_CONSUMER) timestamp=12021 ms, used_size=12527616 bytes (30.6%)
(RDMA_READ_CONSUME_CHECK_CONSUMER) timestamp=12021 ms, used_size=12525568 bytes (30.6%)
(RDMA_READ_CONSUME_CHECK_CONSUMER) timestamp=12021 ms, used_size=12523520 bytes (30.6%)
(RDMA_READ_CONSUME_CHECK_CONSUMER) timestamp=12021 ms, used_size=12521472 bytes (30.6%)
(RDMA_READ_CONSUME_CHECK_CONSUMER) timestamp=12021 ms, used_size=12519424 bytes (30.6%)
(RDMA_READ_CONSUME_CHECK_CONSUMER) timestamp=12021 ms, used_size=12517376 bytes (30.6%)
(RDMA_READ_CONSUME_CHECK_CONSUMER) timestamp=12021 ms, used_size=12515328 bytes (30.6%)
(RDMA_READ_CONSUME_CHECK_CONSUMER) timestamp=12021 ms, used_size=12513280 bytes (30.6%)
(RDMA_READ_CONSUME_CHECK_CONSUMER) timestamp=12021 ms, used_size=12511232 bytes (30.5%)
(RDMA_READ_CONSUME_CHECK_CONSUMER) timestamp=12021 ms, used_size=12509184 bytes (30.5%)
(RDMA_READ_CONSUME_CHECK_CONSUMER) timestamp=12021 ms, used_size=12507136 bytes (30.5%)
(RDMA_READ_CONSUME_CHECK_CONSUMER) timestamp=12021 ms, used_size=12505088 bytes (30.5%)
(RDMA_READ_CONSUME_CHECK_CONSUMER) timestamp=12021 ms, used_size=12503040 bytes (30.5%)
(RDMA_READ_CONSUME_CHECK_CONSUMER) timestamp=12021 ms, used_size=12500992 bytes (30.5%)
(RDMA_READ_CONSUME_CHECK_CONSUMER) timestamp=12021 ms, used_size=12498944 bytes (30.5%)
(RDMA_READ_CONSUME_CHECK_CONSUMER) timestamp=12021 ms, used_size=12496896 bytes (30.5%)
(RDMA_READ_CONSUME_CHECK_CONSUMER) timestamp=12021 ms, used_size=12494848 bytes (30.5%)
(RDMA_READ_CONSUME_CHECK_CONSUMER) timestamp=12021 ms, used_size=12492800 bytes (30.5%)
(RDMA_READ_CONSUME_CHECK_CONSUMER) timestamp=12021 ms, used_size=12490752 bytes (30.5%)
(RDMA_READ_CONSUME_CHECK_CONSUMER) timestamp=12021 ms, used_size=12488704 bytes (30.5%)
(RDMA_READ_CONSUME_CHECK_CONSUMER) timestamp=12021 ms, used_size=12486656 bytes (30.5%)
(RDMA_READ_CONSUME_CHECK_CONSUMER) timestamp=12021 ms, used_size=12484608 bytes (30.5%)
(RDMA_READ_CONSUME_CHECK_CONSUMER) timestamp=12021 ms, used_size=12482560 bytes (30.5%)
(RDMA_READ_CONSUME_CHECK_CONSUMER) timestamp=12021 ms, used_size=12480512 bytes (30.5%)
(RDMA_READ_CONSUME_CHECK_CONSUMER) timestamp=12021 ms, used_size=12478464 bytes (30.5%)
(RDMA_READ_CONSUME_CHECK_CONSUMER) timestamp=12021 ms, used_size=12476416 bytes (30.5%)
(RDMA_READ_CONSUME_CHECK_CONSUMER) timestamp=12021 ms, used_size=12474368 bytes (30.5%)
(RDMA_READ_CONSUME_CHECK_CONSUMER) timestamp=12021 ms, used_size=12472320 bytes (30.4%)
(RDMA_READ_CONSUME_CHECK_CONSUMER) timestamp=12021 ms, used_size=12470272 bytes (30.4%)
(RDMA_READ_CONSUME_CHECK_CONSUMER) timestamp=12021 ms, used_size=12468224 bytes (30.4%)
(RDMA_READ_CONSUME_CHECK_CONSUMER) timestamp=12021 ms, used_size=12466176 bytes (30.4%)
(RDMA_READ_CONSUME_CHECK_CONSUMER) timestamp=12021 ms, used_size=12464128 bytes (30.4%)
(RDMA_READ_CONSUME_CHECK_CONSUMER) timestamp=12021 ms, used_size=12462080 bytes (30.4%)
(RDMA_READ_CONSUME_CHECK_CONSUMER) timestamp=12021 ms, used_size=12460032 bytes (30.4%)
(RDMA_READ_CONSUME_CHECK_CONSUMER) timestamp=12021 ms, used_size=12457984 bytes (30.4%)
(RDMA_READ_CONSUME_CHECK_CONSUMER) timestamp=12021 ms, used_size=12455936 bytes (30.4%)
(RDMA_READ_CONSUME_CHECK_CONSUMER) timestamp=12021 ms, used_size=12453888 bytes (30.4%)
(RDMA_READ_CONSUME_CHECK_CONSUMER) timestamp=12021 ms, used_size=12451840 bytes (30.4%)
(RDMA_READ_CONSUME_CHECK_CONSUMER) timestamp=12021 ms, used_size=12449792 bytes (30.4%)
(RDMA_READ_CONSUME_CHECK_CONSUMER) timestamp=12021 ms, used_size=12447744 bytes (30.4%)
(RDMA_READ_CONSUME_CHECK_CONSUMER) timestamp=12021 ms, used_size=12445696 bytes (30.4%)
(RDMA_READ_CONSUME_CHECK_CONSUMER) timestamp=12021 ms, used_size=12443648 bytes (30.4%)
(RDMA_READ_CONSUME_CHECK_CONSUMER) timestamp=12021 ms, used_size=12441600 bytes (30.4%)
(RDMA_READ_CONSUME_CHECK_CONSUMER) timestamp=12021 ms, used_size=12439552 bytes (30.4%)
(RDMA_READ_CONSUME_CHECK_CONSUMER) timestamp=12021 ms, used_size=12437504 bytes (30.4%)
(RDMA_READ_CONSUME_CHECK_CONSUMER) timestamp=12021 ms, used_size=12435456 bytes (30.4%)
(RDMA_READ_CONSUME_CHECK_CONSUMER) timestamp=12021 ms, used_size=12433408 bytes (30.4%)
(RDMA_READ_CONSUME_CHECK_CONSUMER) timestamp=12021 ms, used_size=12431360 bytes (30.4%)
(RDMA_READ_CONSUME_CHECK_CONSUMER) timestamp=12021 ms, used_size=12429312 bytes (30.3%)
(RDMA_READ_CONSUME_CHECK_CONSUMER) timestamp=12021 ms, used_size=12427264 bytes (30.3%)
(RDMA_READ_CONSUME_CHECK_CONSUMER) timestamp=12021 ms, used_size=12425216 bytes (30.3%)
(RDMA_READ_CONSUME_CHECK_CONSUMER) timestamp=12021 ms, used_size=12423168 bytes (30.3%)
(RDMA_READ_CONSUME_CHECK_CONSUMER) timestamp=12021 ms, used_size=12421120 bytes (30.3%)
(RDMA_READ_CONSUME_CHECK_CONSUMER) timestamp=12021 ms, used_size=12419072 bytes (30.3%)
(RDMA_READ_CONSUME_CHECK_CONSUMER) timestamp=12021 ms, used_size=12417024 bytes (30.3%)
(RDMA_READ_CONSUME_CHECK_CONSUMER) timestamp=12021 ms, used_size=12414976 bytes (30.3%)
(RDMA_READ_CONSUME_CHECK_CONSUMER) timestamp=12021 ms, used_size=12412928 bytes (30.3%)
(RDMA_READ_CONSUME_CHECK_CONSUMER) timestamp=12021 ms, used_size=12410880 bytes (30.3%)
(RDMA_READ_CONSUME_CHECK_CONSUMER) timestamp=12021 ms, used_size=12408832 bytes (30.3%)
(RDMA_READ_CONSUME_CHECK_CONSUMER) timestamp=12021 ms, used_size=12406784 bytes (30.3%)
(RDMA_READ_CONSUME_CHECK_CONSUMER) timestamp=12021 ms, used_size=12404736 bytes (30.3%)
(RDMA_READ_CONSUME_CHECK_CONSUMER) timestamp=12021 ms, used_size=12402688 bytes (30.3%)
(RDMA_READ_CONSUME_CHECK_CONSUMER) timestamp=12021 ms, used_size=12400640 bytes (30.3%)
(RDMA_READ_CONSUME_CHECK_CONSUMER) timestamp=12021 ms, used_size=12398592 bytes (30.3%)
(RDMA_READ_CONSUME_CHECK_CONSUMER) timestamp=12021 ms, used_size=12396544 bytes (30.3%)
(RDMA_READ_CONSUME_CHECK_CONSUMER) timestamp=12021 ms, used_size=12394496 bytes (30.3%)
(RDMA_READ_CONSUME_CHECK_CONSUMER) timestamp=12021 ms, used_size=12392448 bytes (30.3%)
(RDMA_READ_CONSUME_CHECK_CONSUMER) timestamp=12021 ms, used_size=12390400 bytes (30.2%)
(RDMA_READ_CONSUME_CHECK_CONSUMER) timestamp=12021 ms, used_size=12388352 bytes (30.2%)
(RDMA_READ_CONSUME_CHECK_CONSUMER) timestamp=12021 ms, used_size=12386304 bytes (30.2%)
(RDMA_READ_CONSUME_CHECK_CONSUMER) timestamp=12021 ms, used_size=12384256 bytes (30.2%)
(RDMA_READ_CONSUME_CHECK_CONSUMER) timestamp=12021 ms, used_size=12382208 bytes (30.2%)
(RDMA_READ_CONSUME_CHECK_CONSUMER) timestamp=12021 ms, used_size=12380160 bytes (30.2%)
(RDMA_READ_CONSUME_CHECK_CONSUMER) timestamp=12021 ms, used_size=12378112 bytes (30.2%)
(RDMA_READ_CONSUME_CHECK_CONSUMER) timestamp=12021 ms, used_size=12376064 bytes (30.2%)
(RDMA_READ_CONSUME_CHECK_CONSUMER) timestamp=12021 ms, used_size=12374016 bytes (30.2%)
(RDMA_READ_CONSUME_CHECK_CONSUMER) timestamp=12021 ms, used_size=12371968 bytes (30.2%)
(RDMA_READ_CONSUME_CHECK_CONSUMER) timestamp=12021 ms, used_size=12369920 bytes (30.2%)
(RDMA_READ_CONSUME_CHECK_CONSUMER) timestamp=12021 ms, used_size=12367872 bytes (30.2%)
(RDMA_READ_CONSUME_CHECK_CONSUMER) timestamp=12021 ms, used_size=12365824 bytes (30.2%)
(RDMA_READ_CONSUME_CHECK_CONSUMER) timestamp=12021 ms, used_size=12363776 bytes (30.2%)
(RDMA_READ_CONSUME_CHECK_CONSUMER) timestamp=12021 ms, used_size=12361728 bytes (30.2%)
(RDMA_READ_CONSUME_CHECK_CONSUMER) timestamp=12021 ms, used_size=12359680 bytes (30.2%)
(RDMA_READ_CONSUME_CHECK_CONSUMER) timestamp=12021 ms, used_size=12357632 bytes (30.2%)
(RDMA_READ_CONSUME_CHECK_CONSUMER) timestamp=12021 ms, used_size=12355584 bytes (30.2%)
(RDMA_READ_CONSUME_CHECK_CONSUMER) timestamp=12021 ms, used_size=12353536 bytes (30.2%)
(RDMA_READ_CONSUME_CHECK_CONSUMER) timestamp=12021 ms, used_size=12351488 bytes (30.2%)
(RDMA_READ_CONSUME_CHECK_CONSUMER) timestamp=12021 ms, used_size=12349440 bytes (30.1%)
(RDMA_READ_CONSUME_CHECK_CONSUMER) timestamp=12021 ms, used_size=12347392 bytes (30.1%)
(RDMA_READ_CONSUME_CHECK_CONSUMER) timestamp=12021 ms, used_size=12345344 bytes (30.1%)
(RDMA_READ_CONSUME_CHECK_CONSUMER) timestamp=12021 ms, used_size=12343296 bytes (30.1%)
(RDMA_READ_CONSUME_CHECK_CONSUMER) timestamp=12021 ms, used_size=12341248 bytes (30.1%)
(RDMA_READ_CONSUME_CHECK_CONSUMER) timestamp=12021 ms, used_size=12339200 bytes (30.1%)
(RDMA_READ_CONSUME_CHECK_CONSUMER) timestamp=12021 ms, used_size=12337152 bytes (30.1%)
(RDMA_READ_CONSUME_CHECK_CONSUMER) timestamp=12021 ms, used_size=12335104 bytes (30.1%)
(RDMA_READ_CONSUME_CHECK_CONSUMER) timestamp=12021 ms, used_size=12333056 bytes (30.1%)
(RDMA_READ_CONSUME_CHECK_CONSUMER) timestamp=12021 ms, used_size=12331008 bytes (30.1%)
(RDMA_READ_CONSUME_CHECK_CONSUMER) timestamp=12021 ms, used_size=12328960 bytes (30.1%)
(RDMA_READ_CONSUME_CHECK_CONSUMER) timestamp=12021 ms, used_size=12326912 bytes (30.1%)
(RDMA_READ_CONSUME_CHECK_CONSUMER) timestamp=12021 ms, used_size=12324864 bytes (30.1%)
(RDMA_READ_CONSUME_CHECK_CONSUMER) timestamp=12021 ms, used_size=12322816 bytes (30.1%)
(RDMA_READ_CONSUME_CHECK_CONSUMER) timestamp=12021 ms, used_size=12320768 bytes (30.1%)
(RDMA_READ_CONSUME_CHECK_CONSUMER) timestamp=12021 ms, used_size=12318720 bytes (30.1%)
(RDMA_READ_CONSUME_CHECK_CONSUMER) timestamp=12021 ms, used_size=12316672 bytes (30.1%)
(RDMA_READ_CONSUME_CHECK_CONSUMER) timestamp=12021 ms, used_size=12314624 bytes (30.1%)
(RDMA_READ_CONSUME_CHECK_CONSUMER) timestamp=12021 ms, used_size=12312576 bytes (30.1%)
(RDMA_READ_CONSUME_CHECK_CONSUMER) timestamp=12021 ms, used_size=12310528 bytes (30.1%)
(RDMA_READ_CONSUME_CHECK_CONSUMER) timestamp=12021 ms, used_size=12308480 bytes (30.1%)
(RDMA_READ_CONSUME_CHECK_CONSUMER) timestamp=12021 ms, used_size=12306432 bytes (30.0%)
(RDMA_READ_CONSUME_CHECK_CONSUMER) timestamp=12021 ms, used_size=12304384 bytes (30.0%)
(RDMA_READ_CONSUME_CHECK_CONSUMER) timestamp=12021 ms, used_size=12302336 bytes (30.0%)
(RDMA_READ_CONSUME_CHECK_CONSUMER) timestamp=12021 ms, used_size=12300288 bytes (30.0%)
(RDMA_READ_CONSUME_CHECK_CONSUMER) timestamp=12021 ms, used_size=12298240 bytes (30.0%)
(RDMA_READ_CONSUME_CHECK_CONSUMER) timestamp=12021 ms, used_size=12296192 bytes (30.0%)
(RDMA_READ_CONSUME_CHECK_CONSUMER) timestamp=12021 ms, used_size=12294144 bytes (30.0%)
(RDMA_READ_CONSUME_CHECK_CONSUMER) timestamp=12021 ms, used_size=12292096 bytes (30.0%)
(RDMA_READ_CONSUME_CHECK_CONSUMER) timestamp=12021 ms, used_size=12290048 bytes (30.0%)
(RDMA_READ_CONSUME_CHECK_CONSUMER) timestamp=12022 ms, used_size=12288000 bytes (30.0%)
(RDMA_READ_CONSUME_CHECK_CONSUMER) timestamp=12022 ms, used_size=12285952 bytes (30.0%)
(RDMA_READ_CONSUME_CHECK_CONSUMER) timestamp=12022 ms, used_size=12283904 bytes (30.0%)
(RDMA_READ_CONSUME_CHECK_CONSUMER) timestamp=12022 ms, used_size=12281856 bytes (30.0%)
(RDMA_READ_CONSUME_CHECK_CONSUMER) timestamp=12022 ms, used_size=12279808 bytes (30.0%)
(RDMA_READ_CONSUME_CHECK_CONSUMER) timestamp=12022 ms, used_size=12277760 bytes (30.0%)
(RDMA_READ_CONSUME_CHECK_CONSUMER) timestamp=12022 ms, used_size=12275712 bytes (30.0%)
(RDMA_READ_CONSUME_CHECK_CONSUMER) timestamp=12022 ms, used_size=12273664 bytes (30.0%)
(RDMA_READ_CONSUME_CHECK_CONSUMER) timestamp=12022 ms, used_size=12271616 bytes (30.0%)
(RDMA_READ_CONSUME_CHECK_CONSUMER) timestamp=12022 ms, used_size=12269568 bytes (30.0%)
(RDMA_READ_CONSUME_CHECK_CONSUMER) timestamp=12022 ms, used_size=12267520 bytes (29.9%)
(RDMA_READ_CONSUME_CHECK_CONSUMER) timestamp=12022 ms, used_size=12265472 bytes (29.9%)
(RDMA_READ_CONSUME_CHECK_CONSUMER) timestamp=12022 ms, used_size=12263424 bytes (29.9%)
(RDMA_READ_CONSUME_CHECK_CONSUMER) timestamp=12022 ms, used_size=12261376 bytes (29.9%)
(RDMA_READ_CONSUME_CHECK_CONSUMER) timestamp=12022 ms, used_size=12259328 bytes (29.9%)
(RDMA_READ_CONSUME_CHECK_CONSUMER) timestamp=12022 ms, used_size=12257280 bytes (29.9%)
(RDMA_READ_CONSUME_CHECK_CONSUMER) timestamp=12022 ms, used_size=12255232 bytes (29.9%)
(RDMA_READ_CONSUME_CHECK_CONSUMER) timestamp=12022 ms, used_size=12253184 bytes (29.9%)
(RDMA_READ_CONSUME_CHECK_CONSUMER) timestamp=12022 ms, used_size=12251136 bytes (29.9%)
(RDMA_READ_CONSUME_CHECK_CONSUMER) timestamp=12022 ms, used_size=12249088 bytes (29.9%)
(RDMA_READ_CONSUME_CHECK_CONSUMER) timestamp=12022 ms, used_size=12247040 bytes (29.9%)
(RDMA_READ_CONSUME_CHECK_CONSUMER) timestamp=12022 ms, used_size=12244992 bytes (29.9%)
(RDMA_READ_CONSUME_CHECK_CONSUMER) timestamp=12022 ms, used_size=12242944 bytes (29.9%)
(RDMA_READ_CONSUME_CHECK_CONSUMER) timestamp=12022 ms, used_size=12240896 bytes (29.9%)
(RDMA_READ_CONSUME_CHECK_CONSUMER) timestamp=12022 ms, used_size=12238848 bytes (29.9%)
(RDMA_READ_CONSUME_CHECK_CONSUMER) timestamp=12022 ms, used_size=12236800 bytes (29.9%)
(RDMA_READ_CONSUME_CHECK_CONSUMER) timestamp=12022 ms, used_size=12234752 bytes (29.9%)
(RDMA_READ_CONSUME_CHECK_CONSUMER) timestamp=12022 ms, used_size=12232704 bytes (29.9%)
(RDMA_READ_CONSUME_CHECK_CONSUMER) timestamp=12022 ms, used_size=12230656 bytes (29.9%)
(RDMA_READ_CONSUME_CHECK_CONSUMER) timestamp=12022 ms, used_size=12228608 bytes (29.9%)
(RDMA_READ_CONSUME_CHECK_CONSUMER) timestamp=12022 ms, used_size=12226560 bytes (29.9%)
(RDMA_READ_CONSUME_CHECK_CONSUMER) timestamp=12022 ms, used_size=12224512 bytes (29.8%)
(RDMA_READ_CONSUME_CHECK_CONSUMER) timestamp=12022 ms, used_size=12222464 bytes (29.8%)
(RDMA_READ_CONSUME_CHECK_CONSUMER) timestamp=12022 ms, used_size=12220416 bytes (29.8%)
(RDMA_READ_CONSUME_CHECK_CONSUMER) timestamp=12022 ms, used_size=12218368 bytes (29.8%)
(RDMA_READ_CONSUME_CHECK_CONSUMER) timestamp=12022 ms, used_size=12216320 bytes (29.8%)
(RDMA_READ_CONSUME_CHECK_CONSUMER) timestamp=12022 ms, used_size=12214272 bytes (29.8%)
(RDMA_READ_CONSUME_CHECK_CONSUMER) timestamp=12022 ms, used_size=12212224 bytes (29.8%)
(RDMA_READ_CONSUME_CHECK_CONSUMER) timestamp=12022 ms, used_size=12210176 bytes (29.8%)
(RDMA_READ_CONSUME_CHECK_CONSUMER) timestamp=12022 ms, used_size=12208128 bytes (29.8%)
(RDMA_READ_CONSUME_CHECK_CONSUMER) timestamp=12022 ms, used_size=12206080 bytes (29.8%)
(RDMA_READ_CONSUME_CHECK_CONSUMER) timestamp=12022 ms, used_size=12204032 bytes (29.8%)
(RDMA_READ_CONSUME_CHECK_CONSUMER) timestamp=12022 ms, used_size=12201984 bytes (29.8%)
(RDMA_READ_CONSUME_CHECK_CONSUMER) timestamp=12022 ms, used_size=12199936 bytes (29.8%)
(RDMA_READ_CONSUME_CHECK_CONSUMER) timestamp=12022 ms, used_size=12197888 bytes (29.8%)
(RDMA_READ_CONSUME_CHECK_CONSUMER) timestamp=12022 ms, used_size=12195840 bytes (29.8%)
(RDMA_READ_CONSUME_CHECK_CONSUMER) timestamp=12022 ms, used_size=12193792 bytes (29.8%)
(RDMA_READ_CONSUME_CHECK_CONSUMER) timestamp=12022 ms, used_size=12191744 bytes (29.8%)
(RDMA_READ_CONSUME_CHECK_CONSUMER) timestamp=12022 ms, used_size=12189696 bytes (29.8%)
(RDMA_READ_CONSUME_CHECK_CONSUMER) timestamp=12022 ms, used_size=12187648 bytes (29.8%)
(RDMA_READ_CONSUME_CHECK_CONSUMER) timestamp=12022 ms, used_size=12185600 bytes (29.8%)
(RDMA_READ_CONSUME_CHECK_CONSUMER) timestamp=12022 ms, used_size=12183552 bytes (29.7%)
(RDMA_READ_CONSUME_CHECK_CONSUMER) timestamp=12022 ms, used_size=12181504 bytes (29.7%)
(RDMA_READ_CONSUME_CHECK_CONSUMER) timestamp=12022 ms, used_size=12179456 bytes (29.7%)
(RDMA_READ_CONSUME_CHECK_CONSUMER) timestamp=12022 ms, used_size=12177408 bytes (29.7%)
(RDMA_READ_CONSUME_CHECK_CONSUMER) timestamp=12022 ms, used_size=12175360 bytes (29.7%)
(RDMA_READ_CONSUME_CHECK_CONSUMER) timestamp=12022 ms, used_size=12173312 bytes (29.7%)
(RDMA_READ_CONSUME_CHECK_CONSUMER) timestamp=12022 ms, used_size=12171264 bytes (29.7%)
(RDMA_READ_CONSUME_CHECK_CONSUMER) timestamp=12022 ms, used_size=12169216 bytes (29.7%)
(RDMA_READ_CONSUME_CHECK_CONSUMER) timestamp=12022 ms, used_size=12167168 bytes (29.7%)
(RDMA_READ_CONSUME_CHECK_CONSUMER) timestamp=12022 ms, used_size=12165120 bytes (29.7%)
(RDMA_READ_CONSUME_CHECK_CONSUMER) timestamp=12022 ms, used_size=12163072 bytes (29.7%)
(RDMA_READ_CONSUME_CHECK_CONSUMER) timestamp=12022 ms, used_size=12161024 bytes (29.7%)
(RDMA_READ_CONSUME_CHECK_CONSUMER) timestamp=12022 ms, used_size=12158976 bytes (29.7%)
(RDMA_READ_CONSUME_CHECK_CONSUMER) timestamp=12022 ms, used_size=12156928 bytes (29.7%)
(RDMA_READ_CONSUME_CHECK_CONSUMER) timestamp=12022 ms, used_size=12154880 bytes (29.7%)
(RDMA_READ_CONSUME_CHECK_CONSUMER) timestamp=12022 ms, used_size=12152832 bytes (29.7%)
(RDMA_READ_CONSUME_CHECK_CONSUMER) timestamp=12022 ms, used_size=12150784 bytes (29.7%)
(RDMA_READ_CONSUME_CHECK_CONSUMER) timestamp=12022 ms, used_size=12148736 bytes (29.7%)
(RDMA_READ_CONSUME_CHECK_CONSUMER) timestamp=12022 ms, used_size=12146688 bytes (29.7%)
(RDMA_READ_CONSUME_CHECK_CONSUMER) timestamp=12022 ms, used_size=12144640 bytes (29.6%)
(RDMA_READ_CONSUME_CHECK_CONSUMER) timestamp=12022 ms, used_size=12142592 bytes (29.6%)
(RDMA_READ_CONSUME_CHECK_CONSUMER) timestamp=12022 ms, used_size=12140544 bytes (29.6%)
(RDMA_READ_CONSUME_CHECK_CONSUMER) timestamp=12022 ms, used_size=12138496 bytes (29.6%)
(RDMA_READ_CONSUME_CHECK_CONSUMER) timestamp=12022 ms, used_size=12136448 bytes (29.6%)
(RDMA_READ_CONSUME_CHECK_CONSUMER) timestamp=12022 ms, used_size=12134400 bytes (29.6%)
(RDMA_READ_CONSUME_CHECK_CONSUMER) timestamp=12022 ms, used_size=12132352 bytes (29.6%)
(RDMA_READ_CONSUME_CHECK_CONSUMER) timestamp=12022 ms, used_size=12130304 bytes (29.6%)
(RDMA_READ_CONSUME_CHECK_CONSUMER) timestamp=12022 ms, used_size=12128256 bytes (29.6%)
(RDMA_READ_CONSUME_CHECK_CONSUMER) timestamp=12022 ms, used_size=12126208 bytes (29.6%)
(RDMA_READ_CONSUME_CHECK_CONSUMER) timestamp=12022 ms, used_size=12124160 bytes (29.6%)
(RDMA_READ_CONSUME_CHECK_CONSUMER) timestamp=12022 ms, used_size=12122112 bytes (29.6%)
(RDMA_READ_CONSUME_CHECK_CONSUMER) timestamp=12022 ms, used_size=12120064 bytes (29.6%)
(RDMA_READ_CONSUME_CHECK_CONSUMER) timestamp=12022 ms, used_size=12118016 bytes (29.6%)
(RDMA_READ_CONSUME_CHECK_CONSUMER) timestamp=12022 ms, used_size=12115968 bytes (29.6%)
(RDMA_READ_CONSUME_CHECK_CONSUMER) timestamp=12022 ms, used_size=12113920 bytes (29.6%)
(RDMA_READ_CONSUME_CHECK_CONSUMER) timestamp=12022 ms, used_size=12111872 bytes (29.6%)
(RDMA_READ_CONSUME_CHECK_CONSUMER) timestamp=12022 ms, used_size=12109824 bytes (29.6%)
(RDMA_READ_CONSUME_CHECK_CONSUMER) timestamp=12022 ms, used_size=12107776 bytes (29.6%)
(RDMA_READ_CONSUME_CHECK_CONSUMER) timestamp=12022 ms, used_size=12105728 bytes (29.6%)
(RDMA_READ_CONSUME_CHECK_CONSUMER) timestamp=12022 ms, used_size=12103680 bytes (29.6%)
(RDMA_READ_CONSUME_CHECK_CONSUMER) timestamp=12022 ms, used_size=12101632 bytes (29.5%)
(RDMA_READ_CONSUME_CHECK_CONSUMER) timestamp=12022 ms, used_size=12099584 bytes (29.5%)
(RDMA_READ_CONSUME_CHECK_CONSUMER) timestamp=12022 ms, used_size=12097536 bytes (29.5%)
(RDMA_READ_CONSUME_CHECK_CONSUMER) timestamp=12022 ms, used_size=12095488 bytes (29.5%)
(RDMA_READ_CONSUME_CHECK_CONSUMER) timestamp=12022 ms, used_size=12093440 bytes (29.5%)
(RDMA_READ_CONSUME_CHECK_CONSUMER) timestamp=12022 ms, used_size=12091392 bytes (29.5%)
(RDMA_READ_CONSUME_CHECK_CONSUMER) timestamp=12022 ms, used_size=12089344 bytes (29.5%)
(RDMA_READ_CONSUME_CHECK_CONSUMER) timestamp=12022 ms, used_size=12087296 bytes (29.5%)
(RDMA_READ_CONSUME_CHECK_CONSUMER) timestamp=12022 ms, used_size=12085248 bytes (29.5%)
(RDMA_READ_CONSUME_CHECK_CONSUMER) timestamp=12022 ms, used_size=12083200 bytes (29.5%)
(RDMA_READ_CONSUME_CHECK_CONSUMER) timestamp=12022 ms, used_size=12081152 bytes (29.5%)
(RDMA_READ_CONSUME_CHECK_CONSUMER) timestamp=12022 ms, used_size=12079104 bytes (29.5%)
(RDMA_READ_CONSUME_CHECK_CONSUMER) timestamp=12022 ms, used_size=12077056 bytes (29.5%)
(RDMA_READ_CONSUME_CHECK_CONSUMER) timestamp=12022 ms, used_size=12075008 bytes (29.5%)
(RDMA_READ_CONSUME_CHECK_CONSUMER) timestamp=12022 ms, used_size=12072960 bytes (29.5%)
(RDMA_READ_CONSUME_CHECK_CONSUMER) timestamp=12022 ms, used_size=12070912 bytes (29.5%)
(RDMA_READ_CONSUME_CHECK_CONSUMER) timestamp=12022 ms, used_size=12068864 bytes (29.5%)
(RDMA_READ_CONSUME_CHECK_CONSUMER) timestamp=12022 ms, used_size=12066816 bytes (29.5%)
(RDMA_READ_CONSUME_CHECK_CONSUMER) timestamp=12022 ms, used_size=12064768 bytes (29.5%)
(RDMA_READ_CONSUME_CHECK_CONSUMER) timestamp=12022 ms, used_size=12062720 bytes (29.4%)
(RDMA_READ_CONSUME_CHECK_CONSUMER) timestamp=12022 ms, used_size=12060672 bytes (29.4%)
(RDMA_READ_CONSUME_CHECK_CONSUMER) timestamp=12022 ms, used_size=12058624 bytes (29.4%)
(RDMA_READ_CONSUME_CHECK_CONSUMER) timestamp=12022 ms, used_size=12056576 bytes (29.4%)
(RDMA_READ_CONSUME_CHECK_CONSUMER) timestamp=12022 ms, used_size=12054528 bytes (29.4%)
(RDMA_READ_CONSUME_CHECK_CONSUMER) timestamp=12022 ms, used_size=12052480 bytes (29.4%)
(RDMA_READ_CONSUME_CHECK_CONSUMER) timestamp=12022 ms, used_size=12050432 bytes (29.4%)
(RDMA_READ_CONSUME_CHECK_CONSUMER) timestamp=12022 ms, used_size=12048384 bytes (29.4%)
(RDMA_READ_CONSUME_CHECK_CONSUMER) timestamp=12022 ms, used_size=12046336 bytes (29.4%)
(RDMA_READ_CONSUME_CHECK_CONSUMER) timestamp=12022 ms, used_size=12044288 bytes (29.4%)
(RDMA_READ_CONSUME_CHECK_CONSUMER) timestamp=12022 ms, used_size=12042240 bytes (29.4%)
(RDMA_READ_CONSUME_CHECK_CONSUMER) timestamp=12022 ms, used_size=12040192 bytes (29.4%)
(RDMA_READ_CONSUME_CHECK_CONSUMER) timestamp=12022 ms, used_size=12038144 bytes (29.4%)
(RDMA_READ_CONSUME_CHECK_CONSUMER) timestamp=12022 ms, used_size=12036096 bytes (29.4%)
(RDMA_READ_CONSUME_CHECK_CONSUMER) timestamp=12022 ms, used_size=12034048 bytes (29.4%)
(RDMA_READ_CONSUME_CHECK_CONSUMER) timestamp=12022 ms, used_size=12032000 bytes (29.4%)
(RDMA_READ_CONSUME_CHECK_CONSUMER) timestamp=12022 ms, used_size=12029952 bytes (29.4%)
(RDMA_READ_CONSUME_CHECK_CONSUMER) timestamp=12022 ms, used_size=12027904 bytes (29.4%)
(RDMA_READ_CONSUME_CHECK_CONSUMER) timestamp=12022 ms, used_size=12025856 bytes (29.4%)
(RDMA_READ_CONSUME_CHECK_CONSUMER) timestamp=12022 ms, used_size=12023808 bytes (29.4%)
(RDMA_READ_CONSUME_CHECK_CONSUMER) timestamp=12022 ms, used_size=12021760 bytes (29.4%)
(RDMA_READ_CONSUME_CHECK_CONSUMER) timestamp=12022 ms, used_size=12019712 bytes (29.3%)
(RDMA_READ_CONSUME_CHECK_CONSUMER) timestamp=12022 ms, used_size=12017664 bytes (29.3%)
(RDMA_READ_CONSUME_CHECK_CONSUMER) timestamp=12022 ms, used_size=12015616 bytes (29.3%)
(RDMA_READ_CONSUME_CHECK_CONSUMER) timestamp=12022 ms, used_size=12013568 bytes (29.3%)
(RDMA_READ_CONSUME_CHECK_CONSUMER) timestamp=12022 ms, used_size=12011520 bytes (29.3%)
(RDMA_READ_CONSUME_CHECK_CONSUMER) timestamp=12022 ms, used_size=12009472 bytes (29.3%)
(RDMA_READ_CONSUME_CHECK_CONSUMER) timestamp=12022 ms, used_size=12007424 bytes (29.3%)
(RDMA_READ_CONSUME_CHECK_CONSUMER) timestamp=12022 ms, used_size=12005376 bytes (29.3%)
(RDMA_READ_CONSUME_CHECK_CONSUMER) timestamp=12022 ms, used_size=12003328 bytes (29.3%)
(RDMA_READ_CONSUME_CHECK_CONSUMER) timestamp=12022 ms, used_size=12001280 bytes (29.3%)
(RDMA_READ_CONSUME_CHECK_CONSUMER) timestamp=12022 ms, used_size=11999232 bytes (29.3%)
(RDMA_READ_CONSUME_CHECK_CONSUMER) timestamp=12022 ms, used_size=11997184 bytes (29.3%)
(RDMA_READ_CONSUME_CHECK_CONSUMER) timestamp=12022 ms, used_size=11995136 bytes (29.3%)
(RDMA_READ_CONSUME_CHECK_CONSUMER) timestamp=12022 ms, used_size=11993088 bytes (29.3%)
(RDMA_READ_CONSUME_CHECK_CONSUMER) timestamp=12022 ms, used_size=11991040 bytes (29.3%)
(RDMA_READ_CONSUME_CHECK_CONSUMER) timestamp=12022 ms, used_size=11988992 bytes (29.3%)
(RDMA_READ_CONSUME_CHECK_CONSUMER) timestamp=12022 ms, used_size=11986944 bytes (29.3%)
(RDMA_READ_CONSUME_CHECK_CONSUMER) timestamp=12022 ms, used_size=11984896 bytes (29.3%)
(RDMA_READ_CONSUME_CHECK_CONSUMER) timestamp=12022 ms, used_size=11982848 bytes (29.3%)
(RDMA_READ_CONSUME_CHECK_CONSUMER) timestamp=12022 ms, used_size=11980800 bytes (29.2%)
(RDMA_READ_CONSUME_CHECK_CONSUMER) timestamp=12022 ms, used_size=11978752 bytes (29.2%)
(RDMA_READ_CONSUME_CHECK_CONSUMER) timestamp=12022 ms, used_size=11976704 bytes (29.2%)
(RDMA_READ_CONSUME_CHECK_CONSUMER) timestamp=12022 ms, used_size=11974656 bytes (29.2%)
(RDMA_READ_CONSUME_CHECK_CONSUMER) timestamp=12022 ms, used_size=11972608 bytes (29.2%)
(RDMA_READ_CONSUME_CHECK_CONSUMER) timestamp=12022 ms, used_size=11970560 bytes (29.2%)
(RDMA_READ_CONSUME_CHECK_CONSUMER) timestamp=12022 ms, used_size=11968512 bytes (29.2%)
(RDMA_READ_CONSUME_CHECK_CONSUMER) timestamp=12022 ms, used_size=11966464 bytes (29.2%)
(RDMA_READ_CONSUME_CHECK_CONSUMER) timestamp=12022 ms, used_size=11964416 bytes (29.2%)
(RDMA_READ_CONSUME_CHECK_CONSUMER) timestamp=12022 ms, used_size=11962368 bytes (29.2%)
(RDMA_READ_CONSUME_CHECK_CONSUMER) timestamp=12022 ms, used_size=11960320 bytes (29.2%)
(RDMA_READ_CONSUME_CHECK_CONSUMER) timestamp=12022 ms, used_size=11958272 bytes (29.2%)
(RDMA_READ_CONSUME_CHECK_CONSUMER) timestamp=12022 ms, used_size=11956224 bytes (29.2%)
(RDMA_READ_CONSUME_CHECK_CONSUMER) timestamp=12022 ms, used_size=11954176 bytes (29.2%)
(RDMA_READ_CONSUME_CHECK_CONSUMER) timestamp=12022 ms, used_size=11952128 bytes (29.2%)
(RDMA_READ_CONSUME_CHECK_CONSUMER) timestamp=12022 ms, used_size=11950080 bytes (29.2%)
(RDMA_READ_CONSUME_CHECK_CONSUMER) timestamp=12022 ms, used_size=11948032 bytes (29.2%)
(RDMA_READ_CONSUME_CHECK_CONSUMER) timestamp=12022 ms, used_size=11945984 bytes (29.2%)
(RDMA_READ_CONSUME_CHECK_CONSUMER) timestamp=12022 ms, used_size=11943936 bytes (29.2%)
(RDMA_READ_CONSUME_CHECK_CONSUMER) timestamp=12022 ms, used_size=11941888 bytes (29.2%)
(RDMA_READ_CONSUME_CHECK_CONSUMER) timestamp=12022 ms, used_size=11939840 bytes (29.1%)
(RDMA_READ_CONSUME_CHECK_CONSUMER) timestamp=12022 ms, used_size=11937792 bytes (29.1%)
(RDMA_READ_CONSUME_CHECK_CONSUMER) timestamp=12023 ms, used_size=11935744 bytes (29.1%)
(RDMA_READ_CONSUME_CHECK_CONSUMER) timestamp=12023 ms, used_size=11933696 bytes (29.1%)
(RDMA_READ_CONSUME_CHECK_CONSUMER) timestamp=12023 ms, used_size=11931648 bytes (29.1%)
(RDMA_READ_CONSUME_CHECK_CONSUMER) timestamp=12023 ms, used_size=11929600 bytes (29.1%)
(RDMA_READ_CONSUME_CHECK_CONSUMER) timestamp=12023 ms, used_size=11927552 bytes (29.1%)
(RDMA_READ_CONSUME_CHECK_CONSUMER) timestamp=12023 ms, used_size=11925504 bytes (29.1%)
(RDMA_READ_CONSUME_CHECK_CONSUMER) timestamp=12023 ms, used_size=11923456 bytes (29.1%)
(RDMA_READ_CONSUME_CHECK_CONSUMER) timestamp=12023 ms, used_size=11921408 bytes (29.1%)
(RDMA_READ_CONSUME_CHECK_CONSUMER) timestamp=12023 ms, used_size=11919360 bytes (29.1%)
(RDMA_READ_CONSUME_CHECK_CONSUMER) timestamp=12023 ms, used_size=11917312 bytes (29.1%)
(RDMA_READ_CONSUME_CHECK_CONSUMER) timestamp=12023 ms, used_size=11915264 bytes (29.1%)
(RDMA_READ_CONSUME_CHECK_CONSUMER) timestamp=12023 ms, used_size=11913216 bytes (29.1%)
(RDMA_READ_CONSUME_CHECK_CONSUMER) timestamp=12023 ms, used_size=11911168 bytes (29.1%)
(RDMA_READ_CONSUME_CHECK_CONSUMER) timestamp=12023 ms, used_size=11909120 bytes (29.1%)
(RDMA_READ_CONSUME_CHECK_CONSUMER) timestamp=12023 ms, used_size=11907072 bytes (29.1%)
(RDMA_READ_CONSUME_CHECK_CONSUMER) timestamp=12023 ms, used_size=11905024 bytes (29.1%)
(RDMA_READ_CONSUME_CHECK_CONSUMER) timestamp=12023 ms, used_size=11902976 bytes (29.1%)
(RDMA_READ_CONSUME_CHECK_CONSUMER) timestamp=12023 ms, used_size=11900928 bytes (29.1%)
(RDMA_READ_CONSUME_CHECK_CONSUMER) timestamp=12023 ms, used_size=11898880 bytes (29.1%)
(RDMA_READ_CONSUME_CHECK_CONSUMER) timestamp=12023 ms, used_size=11896832 bytes (29.0%)
(RDMA_READ_CONSUME_CHECK_CONSUMER) timestamp=12023 ms, used_size=11894784 bytes (29.0%)
(RDMA_READ_CONSUME_CHECK_CONSUMER) timestamp=12023 ms, used_size=11892736 bytes (29.0%)
(RDMA_READ_CONSUME_CHECK_CONSUMER) timestamp=12023 ms, used_size=11890688 bytes (29.0%)
(RDMA_READ_CONSUME_CHECK_CONSUMER) timestamp=12023 ms, used_size=11888640 bytes (29.0%)
(RDMA_READ_CONSUME_CHECK_CONSUMER) timestamp=12023 ms, used_size=11886592 bytes (29.0%)
(RDMA_READ_CONSUME_CHECK_CONSUMER) timestamp=12023 ms, used_size=11884544 bytes (29.0%)
(RDMA_READ_CONSUME_CHECK_CONSUMER) timestamp=12023 ms, used_size=11882496 bytes (29.0%)
(RDMA_READ_CONSUME_CHECK_CONSUMER) timestamp=12023 ms, used_size=11880448 bytes (29.0%)
(RDMA_READ_CONSUME_CHECK_CONSUMER) timestamp=12023 ms, used_size=11878400 bytes (29.0%)
(RDMA_READ_CONSUME_CHECK_CONSUMER) timestamp=12023 ms, used_size=11876352 bytes (29.0%)
(RDMA_READ_CONSUME_CHECK_CONSUMER) timestamp=12023 ms, used_size=11874304 bytes (29.0%)
(RDMA_READ_CONSUME_CHECK_CONSUMER) timestamp=12023 ms, used_size=11872256 bytes (29.0%)
(RDMA_READ_CONSUME_CHECK_CONSUMER) timestamp=12023 ms, used_size=11870208 bytes (29.0%)
(RDMA_READ_CONSUME_CHECK_CONSUMER) timestamp=12023 ms, used_size=11868160 bytes (29.0%)
(RDMA_READ_CONSUME_CHECK_CONSUMER) timestamp=12023 ms, used_size=11866112 bytes (29.0%)
(RDMA_READ_CONSUME_CHECK_CONSUMER) timestamp=12023 ms, used_size=11864064 bytes (29.0%)
(RDMA_READ_CONSUME_CHECK_CONSUMER) timestamp=12023 ms, used_size=11862016 bytes (29.0%)
(RDMA_READ_CONSUME_CHECK_CONSUMER) timestamp=12023 ms, used_size=11859968 bytes (29.0%)
(RDMA_READ_CONSUME_CHECK_CONSUMER) timestamp=12023 ms, used_size=11857920 bytes (28.9%)
(RDMA_READ_CONSUME_CHECK_CONSUMER) timestamp=12023 ms, used_size=11855872 bytes (28.9%)
(RDMA_READ_CONSUME_CHECK_CONSUMER) timestamp=12023 ms, used_size=11853824 bytes (28.9%)
(RDMA_READ_CONSUME_CHECK_CONSUMER) timestamp=12023 ms, used_size=11851776 bytes (28.9%)
(RDMA_READ_CONSUME_CHECK_CONSUMER) timestamp=12023 ms, used_size=11849728 bytes (28.9%)
(RDMA_READ_CONSUME_CHECK_CONSUMER) timestamp=12023 ms, used_size=11847680 bytes (28.9%)
(RDMA_READ_CONSUME_CHECK_CONSUMER) timestamp=12023 ms, used_size=11845632 bytes (28.9%)
(RDMA_READ_CONSUME_CHECK_CONSUMER) timestamp=12023 ms, used_size=11843584 bytes (28.9%)
(RDMA_READ_CONSUME_CHECK_CONSUMER) timestamp=12023 ms, used_size=11841536 bytes (28.9%)
(RDMA_READ_CONSUME_CHECK_CONSUMER) timestamp=12023 ms, used_size=11839488 bytes (28.9%)
(RDMA_READ_CONSUME_CHECK_CONSUMER) timestamp=12023 ms, used_size=11837440 bytes (28.9%)
(RDMA_READ_CONSUME_CHECK_CONSUMER) timestamp=12023 ms, used_size=11835392 bytes (28.9%)
(RDMA_READ_CONSUME_CHECK_CONSUMER) timestamp=12023 ms, used_size=11833344 bytes (28.9%)
(RDMA_READ_CONSUME_CHECK_CONSUMER) timestamp=12023 ms, used_size=11831296 bytes (28.9%)
(RDMA_READ_CONSUME_CHECK_CONSUMER) timestamp=12023 ms, used_size=11829248 bytes (28.9%)
(RDMA_READ_CONSUME_CHECK_CONSUMER) timestamp=12023 ms, used_size=11827200 bytes (28.9%)
(RDMA_READ_CONSUME_CHECK_CONSUMER) timestamp=12023 ms, used_size=11825152 bytes (28.9%)
(RDMA_READ_CONSUME_CHECK_CONSUMER) timestamp=12023 ms, used_size=11823104 bytes (28.9%)
(RDMA_READ_CONSUME_CHECK_CONSUMER) timestamp=12023 ms, used_size=11821056 bytes (28.9%)
(RDMA_READ_CONSUME_CHECK_CONSUMER) timestamp=12023 ms, used_size=11819008 bytes (28.9%)
(RDMA_READ_CONSUME_CHECK_CONSUMER) timestamp=12023 ms, used_size=11816960 bytes (28.9%)
(RDMA_READ_CONSUME_CHECK_CONSUMER) timestamp=12023 ms, used_size=11814912 bytes (28.8%)
(RDMA_READ_CONSUME_CHECK_CONSUMER) timestamp=12023 ms, used_size=11812864 bytes (28.8%)
(RDMA_READ_CONSUME_CHECK_CONSUMER) timestamp=12023 ms, used_size=11810816 bytes (28.8%)
(RDMA_READ_CONSUME_CHECK_CONSUMER) timestamp=12023 ms, used_size=11808768 bytes (28.8%)
(RDMA_READ_CONSUME_CHECK_CONSUMER) timestamp=12023 ms, used_size=11806720 bytes (28.8%)
(RDMA_READ_CONSUME_CHECK_CONSUMER) timestamp=12023 ms, used_size=11804672 bytes (28.8%)
(RDMA_READ_CONSUME_CHECK_CONSUMER) timestamp=12023 ms, used_size=11802624 bytes (28.8%)
(RDMA_READ_CONSUME_CHECK_CONSUMER) timestamp=12023 ms, used_size=11800576 bytes (28.8%)
(RDMA_READ_CONSUME_CHECK_CONSUMER) timestamp=12023 ms, used_size=11798528 bytes (28.8%)
(RDMA_READ_CONSUME_CHECK_CONSUMER) timestamp=12023 ms, used_size=11796480 bytes (28.8%)
(RDMA_READ_CONSUME_CHECK_CONSUMER) timestamp=12023 ms, used_size=11794432 bytes (28.8%)
(RDMA_READ_CONSUME_CHECK_CONSUMER) timestamp=12023 ms, used_size=11792384 bytes (28.8%)
(RDMA_READ_CONSUME_CHECK_CONSUMER) timestamp=12023 ms, used_size=11790336 bytes (28.8%)
(RDMA_READ_CONSUME_CHECK_CONSUMER) timestamp=12023 ms, used_size=11788288 bytes (28.8%)
(RDMA_READ_CONSUME_CHECK_CONSUMER) timestamp=12023 ms, used_size=11786240 bytes (28.8%)
(RDMA_READ_CONSUME_CHECK_CONSUMER) timestamp=12023 ms, used_size=11784192 bytes (28.8%)
(RDMA_READ_CONSUME_CHECK_CONSUMER) timestamp=12023 ms, used_size=11782144 bytes (28.8%)
(RDMA_READ_CONSUME_CHECK_CONSUMER) timestamp=12023 ms, used_size=11780096 bytes (28.8%)
(RDMA_READ_CONSUME_CHECK_CONSUMER) timestamp=12023 ms, used_size=11778048 bytes (28.8%)
(RDMA_READ_CONSUME_CHECK_CONSUMER) timestamp=12023 ms, used_size=11776000 bytes (28.8%)
(RDMA_READ_CONSUME_CHECK_CONSUMER) timestamp=12023 ms, used_size=11773952 bytes (28.7%)
(RDMA_READ_CONSUME_CHECK_CONSUMER) timestamp=12023 ms, used_size=11771904 bytes (28.7%)
(RDMA_READ_CONSUME_CHECK_CONSUMER) timestamp=12023 ms, used_size=11769856 bytes (28.7%)
(RDMA_READ_CONSUME_CHECK_CONSUMER) timestamp=12023 ms, used_size=11767808 bytes (28.7%)
(RDMA_READ_CONSUME_CHECK_CONSUMER) timestamp=12023 ms, used_size=11765760 bytes (28.7%)
(RDMA_READ_CONSUME_CHECK_CONSUMER) timestamp=12023 ms, used_size=11763712 bytes (28.7%)
(RDMA_READ_CONSUME_CHECK_CONSUMER) timestamp=12023 ms, used_size=11761664 bytes (28.7%)
(RDMA_READ_CONSUME_CHECK_CONSUMER) timestamp=12023 ms, used_size=11759616 bytes (28.7%)
(RDMA_READ_CONSUME_CHECK_CONSUMER) timestamp=12023 ms, used_size=11757568 bytes (28.7%)
(RDMA_READ_CONSUME_CHECK_CONSUMER) timestamp=12023 ms, used_size=11755520 bytes (28.7%)
(RDMA_READ_CONSUME_CHECK_CONSUMER) timestamp=12023 ms, used_size=11753472 bytes (28.7%)
(RDMA_READ_CONSUME_CHECK_CONSUMER) timestamp=12023 ms, used_size=11751424 bytes (28.7%)
(RDMA_READ_CONSUME_CHECK_CONSUMER) timestamp=12023 ms, used_size=11749376 bytes (28.7%)
(RDMA_READ_CONSUME_CHECK_CONSUMER) timestamp=12023 ms, used_size=11747328 bytes (28.7%)
(RDMA_READ_CONSUME_CHECK_CONSUMER) timestamp=12023 ms, used_size=11745280 bytes (28.7%)
(RDMA_READ_CONSUME_CHECK_CONSUMER) timestamp=12023 ms, used_size=11743232 bytes (28.7%)
(RDMA_READ_CONSUME_CHECK_CONSUMER) timestamp=12023 ms, used_size=11741184 bytes (28.7%)
(RDMA_READ_CONSUME_CHECK_CONSUMER) timestamp=12023 ms, used_size=11739136 bytes (28.7%)
(RDMA_READ_CONSUME_CHECK_CONSUMER) timestamp=12023 ms, used_size=11737088 bytes (28.7%)
(RDMA_READ_CONSUME_CHECK_CONSUMER) timestamp=12023 ms, used_size=11735040 bytes (28.6%)
(RDMA_READ_CONSUME_CHECK_CONSUMER) timestamp=12023 ms, used_size=11732992 bytes (28.6%)
(RDMA_READ_CONSUME_CHECK_CONSUMER) timestamp=12023 ms, used_size=11730944 bytes (28.6%)
(RDMA_READ_CONSUME_CHECK_CONSUMER) timestamp=12023 ms, used_size=11728896 bytes (28.6%)
(RDMA_READ_CONSUME_CHECK_CONSUMER) timestamp=12023 ms, used_size=11726848 bytes (28.6%)
(RDMA_READ_CONSUME_CHECK_CONSUMER) timestamp=12023 ms, used_size=11724800 bytes (28.6%)
(RDMA_READ_CONSUME_CHECK_CONSUMER) timestamp=12023 ms, used_size=11722752 bytes (28.6%)
(RDMA_READ_CONSUME_CHECK_CONSUMER) timestamp=12023 ms, used_size=11720704 bytes (28.6%)
(RDMA_READ_CONSUME_CHECK_CONSUMER) timestamp=12023 ms, used_size=11718656 bytes (28.6%)
(RDMA_READ_CONSUME_CHECK_CONSUMER) timestamp=12023 ms, used_size=11716608 bytes (28.6%)
(RDMA_READ_CONSUME_CHECK_CONSUMER) timestamp=12023 ms, used_size=11714560 bytes (28.6%)
(RDMA_READ_CONSUME_CHECK_CONSUMER) timestamp=12023 ms, used_size=11712512 bytes (28.6%)
(RDMA_READ_CONSUME_CHECK_CONSUMER) timestamp=12023 ms, used_size=11710464 bytes (28.6%)
(RDMA_READ_CONSUME_CHECK_CONSUMER) timestamp=12023 ms, used_size=11708416 bytes (28.6%)
(RDMA_READ_CONSUME_CHECK_CONSUMER) timestamp=12023 ms, used_size=11706368 bytes (28.6%)
(RDMA_READ_CONSUME_CHECK_CONSUMER) timestamp=12023 ms, used_size=11704320 bytes (28.6%)
(RDMA_READ_CONSUME_CHECK_CONSUMER) timestamp=12023 ms, used_size=11702272 bytes (28.6%)
(RDMA_READ_CONSUME_CHECK_CONSUMER) timestamp=12023 ms, used_size=11700224 bytes (28.6%)
(RDMA_READ_CONSUME_CHECK_CONSUMER) timestamp=12023 ms, used_size=11698176 bytes (28.6%)
(RDMA_READ_CONSUME_CHECK_CONSUMER) timestamp=12023 ms, used_size=11696128 bytes (28.6%)
(RDMA_READ_CONSUME_CHECK_CONSUMER) timestamp=12023 ms, used_size=11694080 bytes (28.6%)
(RDMA_READ_CONSUME_CHECK_CONSUMER) timestamp=12023 ms, used_size=11692032 bytes (28.5%)
(RDMA_READ_CONSUME_CHECK_CONSUMER) timestamp=12023 ms, used_size=11689984 bytes (28.5%)
(RDMA_READ_CONSUME_CHECK_CONSUMER) timestamp=12023 ms, used_size=11687936 bytes (28.5%)
(RDMA_READ_CONSUME_CHECK_CONSUMER) timestamp=12023 ms, used_size=11685888 bytes (28.5%)
(RDMA_READ_CONSUME_CHECK_CONSUMER) timestamp=12023 ms, used_size=11683840 bytes (28.5%)
(RDMA_READ_CONSUME_CHECK_CONSUMER) timestamp=12023 ms, used_size=11681792 bytes (28.5%)
(RDMA_READ_CONSUME_CHECK_CONSUMER) timestamp=12023 ms, used_size=11679744 bytes (28.5%)
(RDMA_READ_CONSUME_CHECK_CONSUMER) timestamp=12023 ms, used_size=11677696 bytes (28.5%)
(RDMA_READ_CONSUME_CHECK_CONSUMER) timestamp=12023 ms, used_size=11675648 bytes (28.5%)
(RDMA_READ_CONSUME_CHECK_CONSUMER) timestamp=12023 ms, used_size=11673600 bytes (28.5%)
(RDMA_READ_CONSUME_CHECK_CONSUMER) timestamp=12023 ms, used_size=11671552 bytes (28.5%)
(RDMA_READ_CONSUME_CHECK_CONSUMER) timestamp=12023 ms, used_size=11669504 bytes (28.5%)
(RDMA_READ_CONSUME_CHECK_CONSUMER) timestamp=12023 ms, used_size=11667456 bytes (28.5%)
(RDMA_READ_CONSUME_CHECK_CONSUMER) timestamp=12023 ms, used_size=11665408 bytes (28.5%)
(RDMA_READ_CONSUME_CHECK_CONSUMER) timestamp=12023 ms, used_size=11663360 bytes (28.5%)
(RDMA_READ_CONSUME_CHECK_CONSUMER) timestamp=12023 ms, used_size=11661312 bytes (28.5%)
(RDMA_READ_CONSUME_CHECK_CONSUMER) timestamp=12023 ms, used_size=11659264 bytes (28.5%)
(RDMA_READ_CONSUME_CHECK_CONSUMER) timestamp=12023 ms, used_size=11657216 bytes (28.5%)
(RDMA_READ_CONSUME_CHECK_CONSUMER) timestamp=12023 ms, used_size=11655168 bytes (28.5%)
(RDMA_READ_CONSUME_CHECK_CONSUMER) timestamp=12023 ms, used_size=11653120 bytes (28.4%)
(RDMA_READ_CONSUME_CHECK_CONSUMER) timestamp=12023 ms, used_size=11651072 bytes (28.4%)
(RDMA_READ_CONSUME_CHECK_CONSUMER) timestamp=12023 ms, used_size=11649024 bytes (28.4%)
(RDMA_READ_CONSUME_CHECK_CONSUMER) timestamp=12023 ms, used_size=11646976 bytes (28.4%)
(RDMA_READ_CONSUME_CHECK_CONSUMER) timestamp=12023 ms, used_size=11644928 bytes (28.4%)
(RDMA_READ_CONSUME_CHECK_CONSUMER) timestamp=12023 ms, used_size=11642880 bytes (28.4%)
(RDMA_READ_CONSUME_CHECK_CONSUMER) timestamp=12023 ms, used_size=11640832 bytes (28.4%)
(RDMA_READ_CONSUME_CHECK_CONSUMER) timestamp=12023 ms, used_size=11638784 bytes (28.4%)
(RDMA_READ_CONSUME_CHECK_CONSUMER) timestamp=12023 ms, used_size=11636736 bytes (28.4%)
(RDMA_READ_CONSUME_CHECK_CONSUMER) timestamp=12023 ms, used_size=11634688 bytes (28.4%)
(RDMA_READ_CONSUME_CHECK_CONSUMER) timestamp=12023 ms, used_size=11632640 bytes (28.4%)
(RDMA_READ_CONSUME_CHECK_CONSUMER) timestamp=12023 ms, used_size=11630592 bytes (28.4%)
(RDMA_READ_CONSUME_CHECK_CONSUMER) timestamp=12023 ms, used_size=11628544 bytes (28.4%)
(RDMA_READ_CONSUME_CHECK_CONSUMER) timestamp=12023 ms, used_size=11626496 bytes (28.4%)
(RDMA_READ_CONSUME_CHECK_CONSUMER) timestamp=12023 ms, used_size=11624448 bytes (28.4%)
(RDMA_READ_CONSUME_CHECK_CONSUMER) timestamp=12023 ms, used_size=11622400 bytes (28.4%)
(RDMA_READ_CONSUME_CHECK_CONSUMER) timestamp=12023 ms, used_size=11620352 bytes (28.4%)
(RDMA_READ_CONSUME_CHECK_CONSUMER) timestamp=12023 ms, used_size=11618304 bytes (28.4%)
(RDMA_READ_CONSUME_CHECK_CONSUMER) timestamp=12023 ms, used_size=11616256 bytes (28.4%)
(RDMA_READ_CONSUME_CHECK_CONSUMER) timestamp=12023 ms, used_size=11614208 bytes (28.4%)
(RDMA_READ_CONSUME_CHECK_CONSUMER) timestamp=12023 ms, used_size=11612160 bytes (28.4%)
(RDMA_READ_CONSUME_CHECK_CONSUMER) timestamp=12023 ms, used_size=11610112 bytes (28.3%)
(RDMA_READ_CONSUME_CHECK_CONSUMER) timestamp=12023 ms, used_size=11608064 bytes (28.3%)
(RDMA_READ_CONSUME_CHECK_CONSUMER) timestamp=12023 ms, used_size=11606016 bytes (28.3%)
(RDMA_READ_CONSUME_CHECK_CONSUMER) timestamp=12023 ms, used_size=11603968 bytes (28.3%)
(RDMA_READ_CONSUME_CHECK_CONSUMER) timestamp=12023 ms, used_size=11601920 bytes (28.3%)
(RDMA_READ_CONSUME_CHECK_CONSUMER) timestamp=12023 ms, used_size=11599872 bytes (28.3%)
(RDMA_READ_CONSUME_CHECK_CONSUMER) timestamp=12023 ms, used_size=11597824 bytes (28.3%)
(RDMA_READ_CONSUME_CHECK_CONSUMER) timestamp=12023 ms, used_size=11595776 bytes (28.3%)
(RDMA_READ_CONSUME_CHECK_CONSUMER) timestamp=12023 ms, used_size=11593728 bytes (28.3%)
(RDMA_READ_CONSUME_CHECK_CONSUMER) timestamp=12023 ms, used_size=11591680 bytes (28.3%)
(RDMA_READ_CONSUME_CHECK_CONSUMER) timestamp=12023 ms, used_size=11589632 bytes (28.3%)
(RDMA_READ_CONSUME_CHECK_CONSUMER) timestamp=12023 ms, used_size=11587584 bytes (28.3%)
(RDMA_READ_CONSUME_CHECK_CONSUMER) timestamp=12023 ms, used_size=11585536 bytes (28.3%)
(RDMA_READ_CONSUME_CHECK_CONSUMER) timestamp=12023 ms, used_size=11583488 bytes (28.3%)
(RDMA_READ_CONSUME_CHECK_CONSUMER) timestamp=12023 ms, used_size=11581440 bytes (28.3%)
(RDMA_READ_CONSUME_CHECK_CONSUMER) timestamp=12024 ms, used_size=11579392 bytes (28.3%)
(RDMA_READ_CONSUME_CHECK_CONSUMER) timestamp=12024 ms, used_size=11577344 bytes (28.3%)
(RDMA_READ_CONSUME_CHECK_CONSUMER) timestamp=12024 ms, used_size=11575296 bytes (28.3%)
(RDMA_READ_CONSUME_CHECK_CONSUMER) timestamp=12024 ms, used_size=11573248 bytes (28.3%)
(RDMA_READ_CONSUME_CHECK_CONSUMER) timestamp=12024 ms, used_size=11571200 bytes (28.2%)
(RDMA_READ_CONSUME_CHECK_CONSUMER) timestamp=12024 ms, used_size=11569152 bytes (28.2%)
(RDMA_READ_CONSUME_CHECK_CONSUMER) timestamp=12024 ms, used_size=11567104 bytes (28.2%)
(RDMA_READ_CONSUME_CHECK_CONSUMER) timestamp=12024 ms, used_size=11565056 bytes (28.2%)
(RDMA_READ_CONSUME_CHECK_CONSUMER) timestamp=12024 ms, used_size=11563008 bytes (28.2%)
(RDMA_READ_CONSUME_CHECK_CONSUMER) timestamp=12024 ms, used_size=11560960 bytes (28.2%)
(RDMA_READ_CONSUME_CHECK_CONSUMER) timestamp=12024 ms, used_size=11558912 bytes (28.2%)
(RDMA_READ_CONSUME_CHECK_CONSUMER) timestamp=12024 ms, used_size=11556864 bytes (28.2%)
(RDMA_READ_CONSUME_CHECK_CONSUMER) timestamp=12024 ms, used_size=11554816 bytes (28.2%)
(RDMA_READ_CONSUME_CHECK_CONSUMER) timestamp=12024 ms, used_size=11552768 bytes (28.2%)
(RDMA_READ_CONSUME_CHECK_CONSUMER) timestamp=12024 ms, used_size=11550720 bytes (28.2%)
(RDMA_READ_CONSUME_CHECK_CONSUMER) timestamp=12024 ms, used_size=11548672 bytes (28.2%)
(RDMA_READ_CONSUME_CHECK_CONSUMER) timestamp=12024 ms, used_size=11546624 bytes (28.2%)
(RDMA_READ_CONSUME_CHECK_CONSUMER) timestamp=12024 ms, used_size=11544576 bytes (28.2%)
(RDMA_READ_CONSUME_CHECK_CONSUMER) timestamp=12024 ms, used_size=11542528 bytes (28.2%)
(RDMA_READ_CONSUME_CHECK_CONSUMER) timestamp=12024 ms, used_size=11540480 bytes (28.2%)
(RDMA_READ_CONSUME_CHECK_CONSUMER) timestamp=12024 ms, used_size=11538432 bytes (28.2%)
(RDMA_READ_CONSUME_CHECK_CONSUMER) timestamp=12024 ms, used_size=11536384 bytes (28.2%)
(RDMA_READ_CONSUME_CHECK_CONSUMER) timestamp=12024 ms, used_size=11534336 bytes (28.2%)
(RDMA_READ_CONSUME_CHECK_CONSUMER) timestamp=12024 ms, used_size=11532288 bytes (28.2%)
(RDMA_READ_CONSUME_CHECK_CONSUMER) timestamp=12024 ms, used_size=11530240 bytes (28.1%)
(RDMA_READ_CONSUME_CHECK_CONSUMER) timestamp=12024 ms, used_size=11528192 bytes (28.1%)
(RDMA_READ_CONSUME_CHECK_CONSUMER) timestamp=12024 ms, used_size=11526144 bytes (28.1%)
(RDMA_READ_CONSUME_CHECK_CONSUMER) timestamp=12024 ms, used_size=11524096 bytes (28.1%)
(RDMA_READ_CONSUME_CHECK_CONSUMER) timestamp=12024 ms, used_size=11522048 bytes (28.1%)
(RDMA_READ_CONSUME_CHECK_CONSUMER) timestamp=12024 ms, used_size=11520000 bytes (28.1%)
(RDMA_READ_CONSUME_CHECK_CONSUMER) timestamp=12024 ms, used_size=11517952 bytes (28.1%)
(RDMA_READ_CONSUME_CHECK_CONSUMER) timestamp=12024 ms, used_size=11515904 bytes (28.1%)
(RDMA_READ_CONSUME_CHECK_CONSUMER) timestamp=12024 ms, used_size=11513856 bytes (28.1%)
(RDMA_READ_CONSUME_CHECK_CONSUMER) timestamp=12024 ms, used_size=11511808 bytes (28.1%)
(RDMA_READ_CONSUME_CHECK_CONSUMER) timestamp=12024 ms, used_size=11509760 bytes (28.1%)
(RDMA_READ_CONSUME_CHECK_CONSUMER) timestamp=12024 ms, used_size=11507712 bytes (28.1%)
(RDMA_READ_CONSUME_CHECK_CONSUMER) timestamp=12024 ms, used_size=11505664 bytes (28.1%)
(RDMA_READ_CONSUME_CHECK_CONSUMER) timestamp=12024 ms, used_size=11503616 bytes (28.1%)
(RDMA_READ_CONSUME_CHECK_CONSUMER) timestamp=12024 ms, used_size=11501568 bytes (28.1%)
(RDMA_READ_CONSUME_CHECK_CONSUMER) timestamp=12024 ms, used_size=11499520 bytes (28.1%)
(RDMA_READ_CONSUME_CHECK_CONSUMER) timestamp=12024 ms, used_size=11497472 bytes (28.1%)
(RDMA_READ_CONSUME_CHECK_CONSUMER) timestamp=12024 ms, used_size=11495424 bytes (28.1%)
(RDMA_READ_CONSUME_CHECK_CONSUMER) timestamp=12024 ms, used_size=11493376 bytes (28.1%)
(RDMA_READ_CONSUME_CHECK_CONSUMER) timestamp=12024 ms, used_size=11491328 bytes (28.1%)
(RDMA_READ_CONSUME_CHECK_CONSUMER) timestamp=12024 ms, used_size=11489280 bytes (28.1%)
(RDMA_READ_CONSUME_CHECK_CONSUMER) timestamp=12024 ms, used_size=11487232 bytes (28.0%)
(RDMA_READ_CONSUME_CHECK_CONSUMER) timestamp=12024 ms, used_size=11485184 bytes (28.0%)
(RDMA_READ_CONSUME_CHECK_CONSUMER) timestamp=12024 ms, used_size=11483136 bytes (28.0%)
(RDMA_READ_CONSUME_CHECK_CONSUMER) timestamp=12024 ms, used_size=11481088 bytes (28.0%)
(RDMA_READ_CONSUME_CHECK_CONSUMER) timestamp=12024 ms, used_size=11479040 bytes (28.0%)
(RDMA_READ_CONSUME_CHECK_CONSUMER) timestamp=12024 ms, used_size=11476992 bytes (28.0%)
(RDMA_READ_CONSUME_CHECK_CONSUMER) timestamp=12024 ms, used_size=11474944 bytes (28.0%)
(RDMA_READ_CONSUME_CHECK_CONSUMER) timestamp=12024 ms, used_size=11472896 bytes (28.0%)
(RDMA_READ_CONSUME_CHECK_CONSUMER) timestamp=12024 ms, used_size=11470848 bytes (28.0%)
(RDMA_READ_CONSUME_CHECK_CONSUMER) timestamp=12024 ms, used_size=11468800 bytes (28.0%)
(RDMA_READ_CONSUME_CHECK_CONSUMER) timestamp=12024 ms, used_size=11466752 bytes (28.0%)
(RDMA_READ_CONSUME_CHECK_CONSUMER) timestamp=12024 ms, used_size=11464704 bytes (28.0%)
(RDMA_READ_CONSUME_CHECK_CONSUMER) timestamp=12024 ms, used_size=11462656 bytes (28.0%)
(RDMA_READ_CONSUME_CHECK_CONSUMER) timestamp=12024 ms, used_size=11460608 bytes (28.0%)
(RDMA_READ_CONSUME_CHECK_CONSUMER) timestamp=12024 ms, used_size=11458560 bytes (28.0%)
(RDMA_READ_CONSUME_CHECK_CONSUMER) timestamp=12024 ms, used_size=11456512 bytes (28.0%)
(RDMA_READ_CONSUME_CHECK_CONSUMER) timestamp=12024 ms, used_size=11454464 bytes (28.0%)
(RDMA_READ_CONSUME_CHECK_CONSUMER) timestamp=12024 ms, used_size=11452416 bytes (28.0%)
(RDMA_READ_CONSUME_CHECK_CONSUMER) timestamp=12024 ms, used_size=11450368 bytes (28.0%)
(RDMA_READ_CONSUME_CHECK_CONSUMER) timestamp=12024 ms, used_size=11448320 bytes (27.9%)
(RDMA_READ_CONSUME_CHECK_CONSUMER) timestamp=12024 ms, used_size=11446272 bytes (27.9%)
(RDMA_READ_CONSUME_CHECK_CONSUMER) timestamp=12024 ms, used_size=11444224 bytes (27.9%)
(RDMA_READ_CONSUME_CHECK_CONSUMER) timestamp=12024 ms, used_size=11442176 bytes (27.9%)
(RDMA_READ_CONSUME_CHECK_CONSUMER) timestamp=12024 ms, used_size=11440128 bytes (27.9%)
(RDMA_READ_CONSUME_CHECK_CONSUMER) timestamp=12024 ms, used_size=11438080 bytes (27.9%)
(RDMA_READ_CONSUME_CHECK_CONSUMER) timestamp=12024 ms, used_size=11436032 bytes (27.9%)
(RDMA_READ_CONSUME_CHECK_CONSUMER) timestamp=12024 ms, used_size=11433984 bytes (27.9%)
(RDMA_READ_CONSUME_CHECK_CONSUMER) timestamp=12024 ms, used_size=11431936 bytes (27.9%)
(RDMA_READ_CONSUME_CHECK_CONSUMER) timestamp=12024 ms, used_size=11429888 bytes (27.9%)
(RDMA_READ_CONSUME_CHECK_CONSUMER) timestamp=12024 ms, used_size=11427840 bytes (27.9%)
(RDMA_READ_CONSUME_CHECK_CONSUMER) timestamp=12024 ms, used_size=11425792 bytes (27.9%)
(RDMA_READ_CONSUME_CHECK_CONSUMER) timestamp=12024 ms, used_size=11423744 bytes (27.9%)
(RDMA_READ_CONSUME_CHECK_CONSUMER) timestamp=12024 ms, used_size=11421696 bytes (27.9%)
(RDMA_READ_CONSUME_CHECK_CONSUMER) timestamp=12024 ms, used_size=11419648 bytes (27.9%)
(RDMA_READ_CONSUME_CHECK_CONSUMER) timestamp=12024 ms, used_size=11417600 bytes (27.9%)
(RDMA_READ_CONSUME_CHECK_CONSUMER) timestamp=12024 ms, used_size=11415552 bytes (27.9%)
(RDMA_READ_CONSUME_CHECK_CONSUMER) timestamp=12024 ms, used_size=11413504 bytes (27.9%)
(RDMA_READ_CONSUME_CHECK_CONSUMER) timestamp=12024 ms, used_size=11411456 bytes (27.9%)
(RDMA_READ_CONSUME_CHECK_CONSUMER) timestamp=12024 ms, used_size=11409408 bytes (27.9%)
(RDMA_READ_CONSUME_CHECK_CONSUMER) timestamp=12024 ms, used_size=11407360 bytes (27.9%)
(RDMA_READ_CONSUME_CHECK_CONSUMER) timestamp=12024 ms, used_size=11405312 bytes (27.8%)
(RDMA_READ_CONSUME_CHECK_CONSUMER) timestamp=12024 ms, used_size=11403264 bytes (27.8%)
(RDMA_READ_CONSUME_CHECK_CONSUMER) timestamp=12024 ms, used_size=11401216 bytes (27.8%)
(RDMA_READ_CONSUME_CHECK_CONSUMER) timestamp=12024 ms, used_size=11399168 bytes (27.8%)
(RDMA_READ_CONSUME_CHECK_CONSUMER) timestamp=12024 ms, used_size=11397120 bytes (27.8%)
(RDMA_READ_CONSUME_CHECK_CONSUMER) timestamp=12024 ms, used_size=11395072 bytes (27.8%)
(RDMA_READ_CONSUME_CHECK_CONSUMER) timestamp=12024 ms, used_size=11393024 bytes (27.8%)
(RDMA_READ_CONSUME_CHECK_CONSUMER) timestamp=12024 ms, used_size=11390976 bytes (27.8%)
(RDMA_READ_CONSUME_CHECK_CONSUMER) timestamp=12024 ms, used_size=11388928 bytes (27.8%)
(RDMA_READ_CONSUME_CHECK_CONSUMER) timestamp=12024 ms, used_size=11386880 bytes (27.8%)
(RDMA_READ_CONSUME_CHECK_CONSUMER) timestamp=12024 ms, used_size=11384832 bytes (27.8%)
(RDMA_READ_CONSUME_CHECK_CONSUMER) timestamp=12024 ms, used_size=11382784 bytes (27.8%)
(RDMA_READ_CONSUME_CHECK_CONSUMER) timestamp=12024 ms, used_size=11380736 bytes (27.8%)
(RDMA_READ_CONSUME_CHECK_CONSUMER) timestamp=12024 ms, used_size=11378688 bytes (27.8%)
(RDMA_READ_CONSUME_CHECK_CONSUMER) timestamp=12024 ms, used_size=11376640 bytes (27.8%)
(RDMA_READ_CONSUME_CHECK_CONSUMER) timestamp=12024 ms, used_size=11374592 bytes (27.8%)
(RDMA_READ_CONSUME_CHECK_CONSUMER) timestamp=12024 ms, used_size=11372544 bytes (27.8%)
(RDMA_READ_CONSUME_CHECK_CONSUMER) timestamp=12024 ms, used_size=11370496 bytes (27.8%)
(RDMA_READ_CONSUME_CHECK_CONSUMER) timestamp=12024 ms, used_size=11368448 bytes (27.8%)
(RDMA_READ_CONSUME_CHECK_CONSUMER) timestamp=12024 ms, used_size=11366400 bytes (27.8%)
(RDMA_READ_CONSUME_CHECK_CONSUMER) timestamp=12024 ms, used_size=11364352 bytes (27.7%)
(RDMA_READ_CONSUME_CHECK_CONSUMER) timestamp=12024 ms, used_size=11362304 bytes (27.7%)
(RDMA_READ_CONSUME_CHECK_CONSUMER) timestamp=12024 ms, used_size=11360256 bytes (27.7%)
(RDMA_READ_CONSUME_CHECK_CONSUMER) timestamp=12024 ms, used_size=11358208 bytes (27.7%)
(RDMA_READ_CONSUME_CHECK_CONSUMER) timestamp=12024 ms, used_size=11356160 bytes (27.7%)
(RDMA_READ_CONSUME_CHECK_CONSUMER) timestamp=12024 ms, used_size=11354112 bytes (27.7%)
(RDMA_READ_CONSUME_CHECK_CONSUMER) timestamp=12024 ms, used_size=11352064 bytes (27.7%)
(RDMA_READ_CONSUME_CHECK_CONSUMER) timestamp=12024 ms, used_size=11350016 bytes (27.7%)
(RDMA_READ_CONSUME_CHECK_CONSUMER) timestamp=12024 ms, used_size=11347968 bytes (27.7%)
(RDMA_READ_CONSUME_CHECK_CONSUMER) timestamp=12024 ms, used_size=11345920 bytes (27.7%)
(RDMA_READ_CONSUME_CHECK_CONSUMER) timestamp=12024 ms, used_size=11343872 bytes (27.7%)
(RDMA_READ_CONSUME_CHECK_CONSUMER) timestamp=12024 ms, used_size=11341824 bytes (27.7%)
(RDMA_READ_CONSUME_CHECK_CONSUMER) timestamp=12024 ms, used_size=11339776 bytes (27.7%)
(RDMA_READ_CONSUME_CHECK_CONSUMER) timestamp=12024 ms, used_size=11337728 bytes (27.7%)
(RDMA_READ_CONSUME_CHECK_CONSUMER) timestamp=12024 ms, used_size=11335680 bytes (27.7%)
(RDMA_READ_CONSUME_CHECK_CONSUMER) timestamp=12024 ms, used_size=11333632 bytes (27.7%)
(RDMA_READ_CONSUME_CHECK_CONSUMER) timestamp=12024 ms, used_size=11331584 bytes (27.7%)
(RDMA_READ_CONSUME_CHECK_CONSUMER) timestamp=12024 ms, used_size=11329536 bytes (27.7%)
(RDMA_READ_CONSUME_CHECK_CONSUMER) timestamp=12024 ms, used_size=11327488 bytes (27.7%)
(RDMA_READ_CONSUME_CHECK_CONSUMER) timestamp=12024 ms, used_size=11325440 bytes (27.6%)
(RDMA_READ_CONSUME_CHECK_CONSUMER) timestamp=12024 ms, used_size=11323392 bytes (27.6%)
(RDMA_READ_CONSUME_CHECK_CONSUMER) timestamp=12024 ms, used_size=11321344 bytes (27.6%)
(RDMA_READ_CONSUME_CHECK_CONSUMER) timestamp=12024 ms, used_size=11319296 bytes (27.6%)
(RDMA_READ_CONSUME_CHECK_CONSUMER) timestamp=12024 ms, used_size=11317248 bytes (27.6%)
(RDMA_READ_CONSUME_CHECK_CONSUMER) timestamp=12024 ms, used_size=11315200 bytes (27.6%)
(RDMA_READ_CONSUME_CHECK_CONSUMER) timestamp=12024 ms, used_size=11313152 bytes (27.6%)
(RDMA_READ_CONSUME_CHECK_CONSUMER) timestamp=12024 ms, used_size=11311104 bytes (27.6%)
(RDMA_READ_CONSUME_CHECK_CONSUMER) timestamp=12024 ms, used_size=11309056 bytes (27.6%)
(RDMA_READ_CONSUME_CHECK_CONSUMER) timestamp=12024 ms, used_size=11307008 bytes (27.6%)
(RDMA_READ_CONSUME_CHECK_CONSUMER) timestamp=12024 ms, used_size=11304960 bytes (27.6%)
(RDMA_READ_CONSUME_CHECK_CONSUMER) timestamp=12024 ms, used_size=11302912 bytes (27.6%)
(RDMA_READ_CONSUME_CHECK_CONSUMER) timestamp=12024 ms, used_size=11300864 bytes (27.6%)
(RDMA_READ_CONSUME_CHECK_CONSUMER) timestamp=12024 ms, used_size=11298816 bytes (27.6%)
(RDMA_READ_CONSUME_CHECK_CONSUMER) timestamp=12024 ms, used_size=11296768 bytes (27.6%)
(RDMA_READ_CONSUME_CHECK_CONSUMER) timestamp=12024 ms, used_size=11294720 bytes (27.6%)
(RDMA_READ_CONSUME_CHECK_CONSUMER) timestamp=12024 ms, used_size=11292672 bytes (27.6%)
(RDMA_READ_CONSUME_CHECK_CONSUMER) timestamp=12024 ms, used_size=11290624 bytes (27.6%)
(RDMA_READ_CONSUME_CHECK_CONSUMER) timestamp=12024 ms, used_size=11288576 bytes (27.6%)
(RDMA_READ_CONSUME_CHECK_CONSUMER) timestamp=12024 ms, used_size=11286528 bytes (27.6%)
(RDMA_READ_CONSUME_CHECK_CONSUMER) timestamp=12024 ms, used_size=11284480 bytes (27.6%)
(RDMA_READ_CONSUME_CHECK_CONSUMER) timestamp=12024 ms, used_size=11282432 bytes (27.5%)
(RDMA_READ_CONSUME_CHECK_CONSUMER) timestamp=12024 ms, used_size=11280384 bytes (27.5%)
(RDMA_READ_CONSUME_CHECK_CONSUMER) timestamp=12024 ms, used_size=11278336 bytes (27.5%)
(RDMA_READ_CONSUME_CHECK_CONSUMER) timestamp=12024 ms, used_size=11276288 bytes (27.5%)
(RDMA_READ_CONSUME_CHECK_CONSUMER) timestamp=12024 ms, used_size=11274240 bytes (27.5%)
(RDMA_READ_CONSUME_CHECK_CONSUMER) timestamp=12024 ms, used_size=11272192 bytes (27.5%)
(RDMA_READ_CONSUME_CHECK_CONSUMER) timestamp=12024 ms, used_size=11270144 bytes (27.5%)
(RDMA_READ_CONSUME_CHECK_CONSUMER) timestamp=12024 ms, used_size=11268096 bytes (27.5%)
(RDMA_READ_CONSUME_CHECK_CONSUMER) timestamp=12024 ms, used_size=11266048 bytes (27.5%)
(RDMA_READ_CONSUME_CHECK_CONSUMER) timestamp=12024 ms, used_size=11264000 bytes (27.5%)
(RDMA_READ_CONSUME_CHECK_CONSUMER) timestamp=12024 ms, used_size=11261952 bytes (27.5%)
(RDMA_READ_CONSUME_CHECK_CONSUMER) timestamp=12024 ms, used_size=11259904 bytes (27.5%)
(RDMA_READ_CONSUME_CHECK_CONSUMER) timestamp=12024 ms, used_size=11257856 bytes (27.5%)
(RDMA_READ_CONSUME_CHECK_CONSUMER) timestamp=12024 ms, used_size=11255808 bytes (27.5%)
(RDMA_READ_CONSUME_CHECK_CONSUMER) timestamp=12024 ms, used_size=11253760 bytes (27.5%)
(RDMA_READ_CONSUME_CHECK_CONSUMER) timestamp=12024 ms, used_size=11251712 bytes (27.5%)
(RDMA_READ_CONSUME_CHECK_CONSUMER) timestamp=12024 ms, used_size=11249664 bytes (27.5%)
(RDMA_READ_CONSUME_CHECK_CONSUMER) timestamp=12024 ms, used_size=11247616 bytes (27.5%)
(RDMA_READ_CONSUME_CHECK_CONSUMER) timestamp=12024 ms, used_size=11245568 bytes (27.5%)
(RDMA_READ_CONSUME_CHECK_CONSUMER) timestamp=12024 ms, used_size=11243520 bytes (27.4%)
(RDMA_READ_CONSUME_CHECK_CONSUMER) timestamp=12024 ms, used_size=11241472 bytes (27.4%)
(RDMA_READ_CONSUME_CHECK_CONSUMER) timestamp=12024 ms, used_size=11239424 bytes (27.4%)
(RDMA_READ_CONSUME_CHECK_CONSUMER) timestamp=12024 ms, used_size=11237376 bytes (27.4%)
(RDMA_READ_CONSUME_CHECK_CONSUMER) timestamp=12024 ms, used_size=11235328 bytes (27.4%)
(RDMA_READ_CONSUME_CHECK_CONSUMER) timestamp=12025 ms, used_size=11233280 bytes (27.4%)
(RDMA_READ_CONSUME_CHECK_CONSUMER) timestamp=12025 ms, used_size=11231232 bytes (27.4%)
(RDMA_READ_CONSUME_CHECK_CONSUMER) timestamp=12025 ms, used_size=11229184 bytes (27.4%)
(RDMA_READ_CONSUME_CHECK_CONSUMER) timestamp=12025 ms, used_size=11227136 bytes (27.4%)
(RDMA_READ_CONSUME_CHECK_CONSUMER) timestamp=12025 ms, used_size=11225088 bytes (27.4%)
(RDMA_READ_CONSUME_CHECK_CONSUMER) timestamp=12025 ms, used_size=11223040 bytes (27.4%)
(RDMA_READ_CONSUME_CHECK_CONSUMER) timestamp=12025 ms, used_size=11220992 bytes (27.4%)
(RDMA_READ_CONSUME_CHECK_CONSUMER) timestamp=12025 ms, used_size=11218944 bytes (27.4%)
(RDMA_READ_CONSUME_CHECK_CONSUMER) timestamp=12025 ms, used_size=11216896 bytes (27.4%)
(RDMA_READ_CONSUME_CHECK_CONSUMER) timestamp=12025 ms, used_size=11214848 bytes (27.4%)
(RDMA_READ_CONSUME_CHECK_CONSUMER) timestamp=12025 ms, used_size=11212800 bytes (27.4%)
(RDMA_READ_CONSUME_CHECK_CONSUMER) timestamp=12025 ms, used_size=11210752 bytes (27.4%)
(RDMA_READ_CONSUME_CHECK_CONSUMER) timestamp=12025 ms, used_size=11208704 bytes (27.4%)
(RDMA_READ_CONSUME_CHECK_CONSUMER) timestamp=12025 ms, used_size=11206656 bytes (27.4%)
(RDMA_READ_CONSUME_CHECK_CONSUMER) timestamp=12025 ms, used_size=11204608 bytes (27.4%)
(RDMA_READ_CONSUME_CHECK_CONSUMER) timestamp=12025 ms, used_size=11202560 bytes (27.4%)
(RDMA_READ_CONSUME_CHECK_CONSUMER) timestamp=12025 ms, used_size=11200512 bytes (27.3%)
(RDMA_READ_CONSUME_CHECK_CONSUMER) timestamp=12025 ms, used_size=11198464 bytes (27.3%)
(RDMA_READ_CONSUME_CHECK_CONSUMER) timestamp=12025 ms, used_size=11196416 bytes (27.3%)
(RDMA_READ_CONSUME_CHECK_CONSUMER) timestamp=12025 ms, used_size=11194368 bytes (27.3%)
(RDMA_READ_CONSUME_CHECK_CONSUMER) timestamp=12025 ms, used_size=11192320 bytes (27.3%)
(RDMA_READ_CONSUME_CHECK_CONSUMER) timestamp=12025 ms, used_size=11190272 bytes (27.3%)
(RDMA_READ_CONSUME_CHECK_CONSUMER) timestamp=12025 ms, used_size=11188224 bytes (27.3%)
(RDMA_READ_CONSUME_CHECK_CONSUMER) timestamp=12025 ms, used_size=11186176 bytes (27.3%)
(RDMA_READ_CONSUME_CHECK_CONSUMER) timestamp=12025 ms, used_size=11184128 bytes (27.3%)
(RDMA_READ_CONSUME_CHECK_CONSUMER) timestamp=12025 ms, used_size=11182080 bytes (27.3%)
(RDMA_READ_CONSUME_CHECK_CONSUMER) timestamp=12025 ms, used_size=11180032 bytes (27.3%)
(RDMA_READ_CONSUME_CHECK_CONSUMER) timestamp=12025 ms, used_size=11177984 bytes (27.3%)
(RDMA_READ_CONSUME_CHECK_CONSUMER) timestamp=12025 ms, used_size=11175936 bytes (27.3%)
(RDMA_READ_CONSUME_CHECK_CONSUMER) timestamp=12025 ms, used_size=11173888 bytes (27.3%)
(RDMA_READ_CONSUME_CHECK_CONSUMER) timestamp=12025 ms, used_size=11171840 bytes (27.3%)
(RDMA_READ_CONSUME_CHECK_CONSUMER) timestamp=12025 ms, used_size=11169792 bytes (27.3%)
(RDMA_READ_CONSUME_CHECK_CONSUMER) timestamp=12025 ms, used_size=11167744 bytes (27.3%)
(RDMA_READ_CONSUME_CHECK_CONSUMER) timestamp=12025 ms, used_size=11165696 bytes (27.3%)
(RDMA_READ_CONSUME_CHECK_CONSUMER) timestamp=12025 ms, used_size=11163648 bytes (27.3%)
(RDMA_READ_CONSUME_CHECK_CONSUMER) timestamp=12025 ms, used_size=11161600 bytes (27.2%)
(RDMA_READ_CONSUME_CHECK_CONSUMER) timestamp=12025 ms, used_size=11159552 bytes (27.2%)
(RDMA_READ_CONSUME_CHECK_CONSUMER) timestamp=12025 ms, used_size=11157504 bytes (27.2%)
(RDMA_READ_CONSUME_CHECK_CONSUMER) timestamp=12025 ms, used_size=11155456 bytes (27.2%)
(RDMA_READ_CONSUME_CHECK_CONSUMER) timestamp=12025 ms, used_size=11153408 bytes (27.2%)
(RDMA_READ_CONSUME_CHECK_CONSUMER) timestamp=12025 ms, used_size=11151360 bytes (27.2%)
(RDMA_READ_CONSUME_CHECK_CONSUMER) timestamp=12025 ms, used_size=11149312 bytes (27.2%)
(RDMA_READ_CONSUME_CHECK_CONSUMER) timestamp=12025 ms, used_size=11147264 bytes (27.2%)
(RDMA_READ_CONSUME_CHECK_CONSUMER) timestamp=12025 ms, used_size=11145216 bytes (27.2%)
(RDMA_READ_CONSUME_CHECK_CONSUMER) timestamp=12025 ms, used_size=11143168 bytes (27.2%)
(RDMA_READ_CONSUME_CHECK_CONSUMER) timestamp=12025 ms, used_size=11141120 bytes (27.2%)
(RDMA_READ_CONSUME_CHECK_CONSUMER) timestamp=12025 ms, used_size=11139072 bytes (27.2%)
(RDMA_READ_CONSUME_CHECK_CONSUMER) timestamp=12025 ms, used_size=11137024 bytes (27.2%)
(RDMA_READ_CONSUME_CHECK_CONSUMER) timestamp=12025 ms, used_size=11134976 bytes (27.2%)
(RDMA_READ_CONSUME_CHECK_CONSUMER) timestamp=12025 ms, used_size=11132928 bytes (27.2%)
(RDMA_READ_CONSUME_CHECK_CONSUMER) timestamp=12025 ms, used_size=11130880 bytes (27.2%)
(RDMA_READ_CONSUME_CHECK_CONSUMER) timestamp=12025 ms, used_size=11128832 bytes (27.2%)
(RDMA_READ_CONSUME_CHECK_CONSUMER) timestamp=12025 ms, used_size=11126784 bytes (27.2%)
(RDMA_READ_CONSUME_CHECK_CONSUMER) timestamp=12025 ms, used_size=11124736 bytes (27.2%)
(RDMA_READ_CONSUME_CHECK_CONSUMER) timestamp=12025 ms, used_size=11122688 bytes (27.2%)
(RDMA_READ_CONSUME_CHECK_CONSUMER) timestamp=12025 ms, used_size=11120640 bytes (27.1%)
(RDMA_READ_CONSUME_CHECK_CONSUMER) timestamp=12025 ms, used_size=11118592 bytes (27.1%)
(RDMA_READ_CONSUME_CHECK_CONSUMER) timestamp=12025 ms, used_size=11116544 bytes (27.1%)
(RDMA_READ_CONSUME_CHECK_CONSUMER) timestamp=12025 ms, used_size=11114496 bytes (27.1%)
(RDMA_READ_CONSUME_CHECK_CONSUMER) timestamp=12025 ms, used_size=11112448 bytes (27.1%)
(RDMA_READ_CONSUME_CHECK_CONSUMER) timestamp=12025 ms, used_size=11110400 bytes (27.1%)
(RDMA_READ_CONSUME_CHECK_CONSUMER) timestamp=12025 ms, used_size=11108352 bytes (27.1%)
(RDMA_READ_CONSUME_CHECK_CONSUMER) timestamp=12025 ms, used_size=11106304 bytes (27.1%)
(RDMA_READ_CONSUME_CHECK_CONSUMER) timestamp=12025 ms, used_size=11104256 bytes (27.1%)
(RDMA_READ_CONSUME_CHECK_CONSUMER) timestamp=12025 ms, used_size=11102208 bytes (27.1%)
(RDMA_READ_CONSUME_CHECK_CONSUMER) timestamp=12025 ms, used_size=11100160 bytes (27.1%)
(RDMA_READ_CONSUME_CHECK_CONSUMER) timestamp=12025 ms, used_size=11098112 bytes (27.1%)
(RDMA_READ_CONSUME_CHECK_CONSUMER) timestamp=12025 ms, used_size=11096064 bytes (27.1%)
(RDMA_READ_CONSUME_CHECK_CONSUMER) timestamp=12025 ms, used_size=11094016 bytes (27.1%)
(RDMA_READ_CONSUME_CHECK_CONSUMER) timestamp=12025 ms, used_size=11091968 bytes (27.1%)
(RDMA_READ_CONSUME_CHECK_CONSUMER) timestamp=12025 ms, used_size=11089920 bytes (27.1%)
(RDMA_READ_CONSUME_CHECK_CONSUMER) timestamp=12025 ms, used_size=11087872 bytes (27.1%)
(RDMA_READ_CONSUME_CHECK_CONSUMER) timestamp=12025 ms, used_size=11085824 bytes (27.1%)
(RDMA_READ_CONSUME_CHECK_CONSUMER) timestamp=12025 ms, used_size=11083776 bytes (27.1%)
(RDMA_READ_CONSUME_CHECK_CONSUMER) timestamp=12025 ms, used_size=11081728 bytes (27.1%)
(RDMA_READ_CONSUME_CHECK_CONSUMER) timestamp=12025 ms, used_size=11079680 bytes (27.1%)
(RDMA_READ_CONSUME_CHECK_CONSUMER) timestamp=12025 ms, used_size=11077632 bytes (27.0%)
(RDMA_READ_CONSUME_CHECK_CONSUMER) timestamp=12025 ms, used_size=11075584 bytes (27.0%)
(RDMA_READ_CONSUME_CHECK_CONSUMER) timestamp=12025 ms, used_size=11073536 bytes (27.0%)
(RDMA_READ_CONSUME_CHECK_CONSUMER) timestamp=12025 ms, used_size=11071488 bytes (27.0%)
(RDMA_READ_CONSUME_CHECK_CONSUMER) timestamp=12025 ms, used_size=11069440 bytes (27.0%)
(RDMA_READ_CONSUME_CHECK_CONSUMER) timestamp=12025 ms, used_size=11067392 bytes (27.0%)
(RDMA_READ_CONSUME_CHECK_CONSUMER) timestamp=12025 ms, used_size=11065344 bytes (27.0%)
(RDMA_READ_CONSUME_CHECK_CONSUMER) timestamp=12025 ms, used_size=11063296 bytes (27.0%)
(RDMA_READ_CONSUME_CHECK_CONSUMER) timestamp=12025 ms, used_size=11061248 bytes (27.0%)
(RDMA_READ_CONSUME_CHECK_CONSUMER) timestamp=12025 ms, used_size=11059200 bytes (27.0%)
(RDMA_READ_CONSUME_CHECK_CONSUMER) timestamp=12025 ms, used_size=11057152 bytes (27.0%)
(RDMA_READ_CONSUME_CHECK_CONSUMER) timestamp=12025 ms, used_size=11055104 bytes (27.0%)
(RDMA_READ_CONSUME_CHECK_CONSUMER) timestamp=12025 ms, used_size=11053056 bytes (27.0%)
(RDMA_READ_CONSUME_CHECK_CONSUMER) timestamp=12025 ms, used_size=11051008 bytes (27.0%)
(RDMA_READ_CONSUME_CHECK_CONSUMER) timestamp=12025 ms, used_size=11048960 bytes (27.0%)
(RDMA_READ_CONSUME_CHECK_CONSUMER) timestamp=12025 ms, used_size=11046912 bytes (27.0%)
(RDMA_READ_CONSUME_CHECK_CONSUMER) timestamp=12025 ms, used_size=11044864 bytes (27.0%)
(RDMA_READ_CONSUME_CHECK_CONSUMER) timestamp=12025 ms, used_size=11042816 bytes (27.0%)
(RDMA_READ_CONSUME_CHECK_CONSUMER) timestamp=12025 ms, used_size=11040768 bytes (27.0%)
(RDMA_READ_CONSUME_CHECK_CONSUMER) timestamp=12025 ms, used_size=11038720 bytes (26.9%)
(RDMA_READ_CONSUME_CHECK_CONSUMER) timestamp=12025 ms, used_size=11036672 bytes (26.9%)
(RDMA_READ_CONSUME_CHECK_CONSUMER) timestamp=12025 ms, used_size=11034624 bytes (26.9%)
(RDMA_READ_CONSUME_CHECK_CONSUMER) timestamp=12025 ms, used_size=11032576 bytes (26.9%)
(RDMA_READ_CONSUME_CHECK_CONSUMER) timestamp=12025 ms, used_size=11030528 bytes (26.9%)
(RDMA_READ_CONSUME_CHECK_CONSUMER) timestamp=12025 ms, used_size=11028480 bytes (26.9%)
(RDMA_READ_CONSUME_CHECK_CONSUMER) timestamp=12025 ms, used_size=11026432 bytes (26.9%)
(RDMA_READ_CONSUME_CHECK_CONSUMER) timestamp=12025 ms, used_size=11024384 bytes (26.9%)
(RDMA_READ_CONSUME_CHECK_CONSUMER) timestamp=12025 ms, used_size=11022336 bytes (26.9%)
(RDMA_READ_CONSUME_CHECK_CONSUMER) timestamp=12025 ms, used_size=11020288 bytes (26.9%)
(RDMA_READ_CONSUME_CHECK_CONSUMER) timestamp=12025 ms, used_size=11018240 bytes (26.9%)
(RDMA_READ_CONSUME_CHECK_CONSUMER) timestamp=12025 ms, used_size=11016192 bytes (26.9%)
(RDMA_READ_CONSUME_CHECK_CONSUMER) timestamp=12025 ms, used_size=11014144 bytes (26.9%)
(RDMA_READ_CONSUME_CHECK_CONSUMER) timestamp=12025 ms, used_size=11012096 bytes (26.9%)
(RDMA_READ_CONSUME_CHECK_CONSUMER) timestamp=12025 ms, used_size=11010048 bytes (26.9%)
(RDMA_READ_CONSUME_CHECK_CONSUMER) timestamp=12025 ms, used_size=11008000 bytes (26.9%)
(RDMA_READ_CONSUME_CHECK_CONSUMER) timestamp=12025 ms, used_size=11005952 bytes (26.9%)
(RDMA_READ_CONSUME_CHECK_CONSUMER) timestamp=12025 ms, used_size=11003904 bytes (26.9%)
(RDMA_READ_CONSUME_CHECK_CONSUMER) timestamp=12025 ms, used_size=11001856 bytes (26.9%)
(RDMA_READ_CONSUME_CHECK_CONSUMER) timestamp=12025 ms, used_size=10999808 bytes (26.9%)
(RDMA_READ_CONSUME_CHECK_CONSUMER) timestamp=12025 ms, used_size=10997760 bytes (26.9%)
(RDMA_READ_CONSUME_CHECK_CONSUMER) timestamp=12025 ms, used_size=10995712 bytes (26.8%)
(RDMA_READ_CONSUME_CHECK_CONSUMER) timestamp=12025 ms, used_size=10993664 bytes (26.8%)
(RDMA_READ_CONSUME_CHECK_CONSUMER) timestamp=12025 ms, used_size=10991616 bytes (26.8%)
(RDMA_READ_CONSUME_CHECK_CONSUMER) timestamp=12025 ms, used_size=10989568 bytes (26.8%)
(RDMA_READ_CONSUME_CHECK_CONSUMER) timestamp=12025 ms, used_size=10987520 bytes (26.8%)
(RDMA_READ_CONSUME_CHECK_CONSUMER) timestamp=12025 ms, used_size=10985472 bytes (26.8%)
(RDMA_READ_CONSUME_CHECK_CONSUMER) timestamp=12025 ms, used_size=10983424 bytes (26.8%)
(RDMA_READ_CONSUME_CHECK_CONSUMER) timestamp=12025 ms, used_size=10981376 bytes (26.8%)
(RDMA_READ_CONSUME_CHECK_CONSUMER) timestamp=12025 ms, used_size=10979328 bytes (26.8%)
(RDMA_READ_CONSUME_CHECK_CONSUMER) timestamp=12025 ms, used_size=10977280 bytes (26.8%)
(RDMA_READ_CONSUME_CHECK_CONSUMER) timestamp=12025 ms, used_size=10975232 bytes (26.8%)
(RDMA_READ_CONSUME_CHECK_CONSUMER) timestamp=12025 ms, used_size=10973184 bytes (26.8%)
(RDMA_READ_CONSUME_CHECK_CONSUMER) timestamp=12025 ms, used_size=10971136 bytes (26.8%)
(RDMA_READ_CONSUME_CHECK_CONSUMER) timestamp=12025 ms, used_size=10969088 bytes (26.8%)
(RDMA_READ_CONSUME_CHECK_CONSUMER) timestamp=12025 ms, used_size=10967040 bytes (26.8%)
(RDMA_READ_CONSUME_CHECK_CONSUMER) timestamp=12025 ms, used_size=10964992 bytes (26.8%)
(RDMA_READ_CONSUME_CHECK_CONSUMER) timestamp=12025 ms, used_size=10962944 bytes (26.8%)
(RDMA_READ_CONSUME_CHECK_CONSUMER) timestamp=12025 ms, used_size=10960896 bytes (26.8%)
(RDMA_READ_CONSUME_CHECK_CONSUMER) timestamp=12025 ms, used_size=10958848 bytes (26.8%)
(RDMA_READ_CONSUME_CHECK_CONSUMER) timestamp=12025 ms, used_size=10956800 bytes (26.8%)
(RDMA_READ_CONSUME_CHECK_CONSUMER) timestamp=12025 ms, used_size=10954752 bytes (26.7%)
(RDMA_READ_CONSUME_CHECK_CONSUMER) timestamp=12025 ms, used_size=10952704 bytes (26.7%)
(RDMA_READ_CONSUME_CHECK_CONSUMER) timestamp=12025 ms, used_size=10950656 bytes (26.7%)
(RDMA_READ_CONSUME_CHECK_CONSUMER) timestamp=12025 ms, used_size=10948608 bytes (26.7%)
(RDMA_READ_CONSUME_CHECK_CONSUMER) timestamp=12025 ms, used_size=10946560 bytes (26.7%)
(RDMA_READ_CONSUME_CHECK_CONSUMER) timestamp=12025 ms, used_size=10944512 bytes (26.7%)
(RDMA_READ_CONSUME_CHECK_CONSUMER) timestamp=12025 ms, used_size=10942464 bytes (26.7%)
(RDMA_READ_CONSUME_CHECK_CONSUMER) timestamp=12025 ms, used_size=10940416 bytes (26.7%)
(RDMA_READ_CONSUME_CHECK_CONSUMER) timestamp=12025 ms, used_size=10938368 bytes (26.7%)
(RDMA_READ_CONSUME_CHECK_CONSUMER) timestamp=12025 ms, used_size=10936320 bytes (26.7%)
(RDMA_READ_CONSUME_CHECK_CONSUMER) timestamp=12025 ms, used_size=10934272 bytes (26.7%)
(RDMA_READ_CONSUME_CHECK_CONSUMER) timestamp=12025 ms, used_size=10932224 bytes (26.7%)
(RDMA_READ_CONSUME_CHECK_CONSUMER) timestamp=12025 ms, used_size=10930176 bytes (26.7%)
(RDMA_READ_CONSUME_CHECK_CONSUMER) timestamp=12025 ms, used_size=10928128 bytes (26.7%)
(RDMA_READ_CONSUME_CHECK_CONSUMER) timestamp=12025 ms, used_size=10926080 bytes (26.7%)
(RDMA_READ_CONSUME_CHECK_CONSUMER) timestamp=12025 ms, used_size=10924032 bytes (26.7%)
(RDMA_READ_CONSUME_CHECK_CONSUMER) timestamp=12025 ms, used_size=10921984 bytes (26.7%)
(RDMA_READ_CONSUME_CHECK_CONSUMER) timestamp=12025 ms, used_size=10919936 bytes (26.7%)
(RDMA_READ_CONSUME_CHECK_CONSUMER) timestamp=12025 ms, used_size=10917888 bytes (26.7%)
(RDMA_READ_CONSUME_CHECK_CONSUMER) timestamp=12025 ms, used_size=10915840 bytes (26.6%)
(RDMA_READ_CONSUME_CHECK_CONSUMER) timestamp=12025 ms, used_size=10913792 bytes (26.6%)
(RDMA_READ_CONSUME_CHECK_CONSUMER) timestamp=12025 ms, used_size=10911744 bytes (26.6%)
(RDMA_READ_CONSUME_CHECK_CONSUMER) timestamp=12025 ms, used_size=10909696 bytes (26.6%)
(RDMA_READ_CONSUME_CHECK_CONSUMER) timestamp=12025 ms, used_size=10907648 bytes (26.6%)
(RDMA_READ_CONSUME_CHECK_CONSUMER) timestamp=12025 ms, used_size=10905600 bytes (26.6%)
(RDMA_READ_CONSUME_CHECK_CONSUMER) timestamp=12025 ms, used_size=10903552 bytes (26.6%)
(RDMA_READ_CONSUME_CHECK_CONSUMER) timestamp=12025 ms, used_size=10901504 bytes (26.6%)
(RDMA_READ_CONSUME_CHECK_CONSUMER) timestamp=12025 ms, used_size=10899456 bytes (26.6%)
(RDMA_READ_CONSUME_CHECK_CONSUMER) timestamp=12025 ms, used_size=10897408 bytes (26.6%)
(RDMA_READ_CONSUME_CHECK_CONSUMER) timestamp=12025 ms, used_size=10895360 bytes (26.6%)
(RDMA_READ_CONSUME_CHECK_CONSUMER) timestamp=12025 ms, used_size=10893312 bytes (26.6%)
(RDMA_READ_CONSUME_CHECK_CONSUMER) timestamp=12025 ms, used_size=10891264 bytes (26.6%)
(RDMA_READ_CONSUME_CHECK_CONSUMER) timestamp=12025 ms, used_size=10889216 bytes (26.6%)
(RDMA_READ_CONSUME_CHECK_CONSUMER) timestamp=12025 ms, used_size=10887168 bytes (26.6%)
(RDMA_READ_CONSUME_CHECK_CONSUMER) timestamp=12025 ms, used_size=10885120 bytes (26.6%)
(RDMA_READ_CONSUME_CHECK_CONSUMER) timestamp=12026 ms, used_size=10883072 bytes (26.6%)
(RDMA_READ_CONSUME_CHECK_CONSUMER) timestamp=12026 ms, used_size=10881024 bytes (26.6%)
(RDMA_READ_CONSUME_CHECK_CONSUMER) timestamp=12026 ms, used_size=10878976 bytes (26.6%)
(RDMA_READ_CONSUME_CHECK_CONSUMER) timestamp=12026 ms, used_size=10876928 bytes (26.6%)
(RDMA_READ_CONSUME_CHECK_CONSUMER) timestamp=12026 ms, used_size=10874880 bytes (26.6%)
(RDMA_READ_CONSUME_CHECK_CONSUMER) timestamp=12026 ms, used_size=10872832 bytes (26.5%)
(RDMA_READ_CONSUME_CHECK_CONSUMER) timestamp=12026 ms, used_size=10870784 bytes (26.5%)
(RDMA_READ_CONSUME_CHECK_CONSUMER) timestamp=12026 ms, used_size=10868736 bytes (26.5%)
(RDMA_READ_CONSUME_CHECK_CONSUMER) timestamp=12026 ms, used_size=10866688 bytes (26.5%)
(RDMA_READ_CONSUME_CHECK_CONSUMER) timestamp=12026 ms, used_size=10864640 bytes (26.5%)
(RDMA_READ_CONSUME_CHECK_CONSUMER) timestamp=12026 ms, used_size=10862592 bytes (26.5%)
(RDMA_READ_CONSUME_CHECK_CONSUMER) timestamp=12026 ms, used_size=10860544 bytes (26.5%)
(RDMA_READ_CONSUME_CHECK_CONSUMER) timestamp=12026 ms, used_size=10858496 bytes (26.5%)
(RDMA_READ_CONSUME_CHECK_CONSUMER) timestamp=12026 ms, used_size=10856448 bytes (26.5%)
(RDMA_READ_CONSUME_CHECK_CONSUMER) timestamp=12026 ms, used_size=10854400 bytes (26.5%)
(RDMA_READ_CONSUME_CHECK_CONSUMER) timestamp=12026 ms, used_size=10852352 bytes (26.5%)
(RDMA_READ_CONSUME_CHECK_CONSUMER) timestamp=12026 ms, used_size=10850304 bytes (26.5%)
(RDMA_READ_CONSUME_CHECK_CONSUMER) timestamp=12026 ms, used_size=10848256 bytes (26.5%)
(RDMA_READ_CONSUME_CHECK_CONSUMER) timestamp=12026 ms, used_size=10846208 bytes (26.5%)
(RDMA_READ_CONSUME_CHECK_CONSUMER) timestamp=12026 ms, used_size=10844160 bytes (26.5%)
(RDMA_READ_CONSUME_CHECK_CONSUMER) timestamp=12026 ms, used_size=10842112 bytes (26.5%)
(RDMA_READ_CONSUME_CHECK_CONSUMER) timestamp=12026 ms, used_size=10840064 bytes (26.5%)
(RDMA_READ_CONSUME_CHECK_CONSUMER) timestamp=12026 ms, used_size=10838016 bytes (26.5%)
(RDMA_READ_CONSUME_CHECK_CONSUMER) timestamp=12026 ms, used_size=10835968 bytes (26.5%)
(RDMA_READ_CONSUME_CHECK_CONSUMER) timestamp=12026 ms, used_size=10833920 bytes (26.4%)
(RDMA_READ_CONSUME_CHECK_CONSUMER) timestamp=12026 ms, used_size=10831872 bytes (26.4%)
(RDMA_READ_CONSUME_CHECK_CONSUMER) timestamp=12026 ms, used_size=10829824 bytes (26.4%)
(RDMA_READ_CONSUME_CHECK_CONSUMER) timestamp=12026 ms, used_size=10827776 bytes (26.4%)
(RDMA_READ_CONSUME_CHECK_CONSUMER) timestamp=12026 ms, used_size=10825728 bytes (26.4%)
(RDMA_READ_CONSUME_CHECK_CONSUMER) timestamp=12026 ms, used_size=10823680 bytes (26.4%)
(RDMA_READ_CONSUME_CHECK_CONSUMER) timestamp=12026 ms, used_size=10821632 bytes (26.4%)
(RDMA_READ_CONSUME_CHECK_CONSUMER) timestamp=12026 ms, used_size=10819584 bytes (26.4%)
(RDMA_READ_CONSUME_CHECK_CONSUMER) timestamp=12026 ms, used_size=10817536 bytes (26.4%)
(RDMA_READ_CONSUME_CHECK_CONSUMER) timestamp=12026 ms, used_size=10815488 bytes (26.4%)
(RDMA_READ_CONSUME_CHECK_CONSUMER) timestamp=12026 ms, used_size=10813440 bytes (26.4%)
(RDMA_READ_CONSUME_CHECK_CONSUMER) timestamp=12026 ms, used_size=10811392 bytes (26.4%)
(RDMA_READ_CONSUME_CHECK_CONSUMER) timestamp=12026 ms, used_size=10809344 bytes (26.4%)
(RDMA_READ_CONSUME_CHECK_CONSUMER) timestamp=12026 ms, used_size=10807296 bytes (26.4%)
(RDMA_READ_CONSUME_CHECK_CONSUMER) timestamp=12026 ms, used_size=10805248 bytes (26.4%)
(RDMA_READ_CONSUME_CHECK_CONSUMER) timestamp=12026 ms, used_size=10803200 bytes (26.4%)
(RDMA_READ_CONSUME_CHECK_CONSUMER) timestamp=12026 ms, used_size=10801152 bytes (26.4%)
(RDMA_READ_CONSUME_CHECK_CONSUMER) timestamp=12026 ms, used_size=10799104 bytes (26.4%)
(RDMA_READ_CONSUME_CHECK_CONSUMER) timestamp=12026 ms, used_size=10797056 bytes (26.4%)
(RDMA_READ_CONSUME_CHECK_CONSUMER) timestamp=12026 ms, used_size=10795008 bytes (26.4%)
(RDMA_READ_CONSUME_CHECK_CONSUMER) timestamp=12026 ms, used_size=10792960 bytes (26.4%)
(RDMA_READ_CONSUME_CHECK_CONSUMER) timestamp=12026 ms, used_size=10790912 bytes (26.3%)
(RDMA_READ_CONSUME_CHECK_CONSUMER) timestamp=12026 ms, used_size=10788864 bytes (26.3%)
(RDMA_READ_CONSUME_CHECK_CONSUMER) timestamp=12026 ms, used_size=10786816 bytes (26.3%)
(RDMA_READ_CONSUME_CHECK_CONSUMER) timestamp=12026 ms, used_size=10784768 bytes (26.3%)
(RDMA_READ_CONSUME_CHECK_CONSUMER) timestamp=12026 ms, used_size=10782720 bytes (26.3%)
(RDMA_READ_CONSUME_CHECK_CONSUMER) timestamp=12026 ms, used_size=10780672 bytes (26.3%)
(RDMA_READ_CONSUME_CHECK_CONSUMER) timestamp=12026 ms, used_size=10778624 bytes (26.3%)
(RDMA_READ_CONSUME_CHECK_CONSUMER) timestamp=12026 ms, used_size=10776576 bytes (26.3%)
(RDMA_READ_CONSUME_CHECK_CONSUMER) timestamp=12026 ms, used_size=10774528 bytes (26.3%)
(RDMA_READ_CONSUME_CHECK_CONSUMER) timestamp=12026 ms, used_size=10772480 bytes (26.3%)
(RDMA_READ_CONSUME_CHECK_CONSUMER) timestamp=12026 ms, used_size=10770432 bytes (26.3%)
(RDMA_READ_CONSUME_CHECK_CONSUMER) timestamp=12026 ms, used_size=10768384 bytes (26.3%)
(RDMA_READ_CONSUME_CHECK_CONSUMER) timestamp=12026 ms, used_size=10766336 bytes (26.3%)
(RDMA_READ_CONSUME_CHECK_CONSUMER) timestamp=12026 ms, used_size=10764288 bytes (26.3%)
(RDMA_READ_CONSUME_CHECK_CONSUMER) timestamp=12026 ms, used_size=10762240 bytes (26.3%)
(RDMA_READ_CONSUME_CHECK_CONSUMER) timestamp=12026 ms, used_size=10760192 bytes (26.3%)
(RDMA_READ_CONSUME_CHECK_CONSUMER) timestamp=12026 ms, used_size=10758144 bytes (26.3%)
(RDMA_READ_CONSUME_CHECK_CONSUMER) timestamp=12026 ms, used_size=10756096 bytes (26.3%)
(RDMA_READ_CONSUME_CHECK_CONSUMER) timestamp=12026 ms, used_size=10754048 bytes (26.3%)
(RDMA_READ_CONSUME_CHECK_CONSUMER) timestamp=12026 ms, used_size=10752000 bytes (26.2%)
(RDMA_READ_CONSUME_CHECK_CONSUMER) timestamp=12026 ms, used_size=10749952 bytes (26.2%)
(RDMA_READ_CONSUME_CHECK_CONSUMER) timestamp=12026 ms, used_size=10747904 bytes (26.2%)
(RDMA_READ_CONSUME_CHECK_CONSUMER) timestamp=12026 ms, used_size=10745856 bytes (26.2%)
(RDMA_READ_CONSUME_CHECK_CONSUMER) timestamp=12026 ms, used_size=10743808 bytes (26.2%)
(RDMA_READ_CONSUME_CHECK_CONSUMER) timestamp=12026 ms, used_size=10741760 bytes (26.2%)
(RDMA_READ_CONSUME_CHECK_CONSUMER) timestamp=12026 ms, used_size=10739712 bytes (26.2%)
(RDMA_READ_CONSUME_CHECK_CONSUMER) timestamp=12026 ms, used_size=10737664 bytes (26.2%)
(RDMA_READ_CONSUME_CHECK_CONSUMER) timestamp=12026 ms, used_size=10735616 bytes (26.2%)
(RDMA_READ_CONSUME_CHECK_CONSUMER) timestamp=12026 ms, used_size=10733568 bytes (26.2%)
(RDMA_READ_CONSUME_CHECK_CONSUMER) timestamp=12026 ms, used_size=10731520 bytes (26.2%)
(RDMA_READ_CONSUME_CHECK_CONSUMER) timestamp=12026 ms, used_size=10729472 bytes (26.2%)
(RDMA_READ_CONSUME_CHECK_CONSUMER) timestamp=12026 ms, used_size=10727424 bytes (26.2%)
(RDMA_READ_CONSUME_CHECK_CONSUMER) timestamp=12026 ms, used_size=10725376 bytes (26.2%)
(RDMA_READ_CONSUME_CHECK_CONSUMER) timestamp=12026 ms, used_size=10723328 bytes (26.2%)
(RDMA_READ_CONSUME_CHECK_CONSUMER) timestamp=12026 ms, used_size=10721280 bytes (26.2%)
(RDMA_READ_CONSUME_CHECK_CONSUMER) timestamp=12026 ms, used_size=10719232 bytes (26.2%)
(RDMA_READ_CONSUME_CHECK_CONSUMER) timestamp=12026 ms, used_size=10717184 bytes (26.2%)
(RDMA_READ_CONSUME_CHECK_CONSUMER) timestamp=12026 ms, used_size=10715136 bytes (26.2%)
(RDMA_READ_CONSUME_CHECK_CONSUMER) timestamp=12026 ms, used_size=10713088 bytes (26.2%)
(RDMA_READ_CONSUME_CHECK_CONSUMER) timestamp=12026 ms, used_size=10711040 bytes (26.1%)
(RDMA_READ_CONSUME_CHECK_CONSUMER) timestamp=12026 ms, used_size=10708992 bytes (26.1%)
(RDMA_READ_CONSUME_CHECK_CONSUMER) timestamp=12026 ms, used_size=10706944 bytes (26.1%)
(RDMA_READ_CONSUME_CHECK_CONSUMER) timestamp=12026 ms, used_size=10704896 bytes (26.1%)
(RDMA_READ_CONSUME_CHECK_CONSUMER) timestamp=12026 ms, used_size=10702848 bytes (26.1%)
(RDMA_READ_CONSUME_CHECK_CONSUMER) timestamp=12026 ms, used_size=10700800 bytes (26.1%)
(RDMA_READ_CONSUME_CHECK_CONSUMER) timestamp=12026 ms, used_size=10698752 bytes (26.1%)
(RDMA_READ_CONSUME_CHECK_CONSUMER) timestamp=12026 ms, used_size=10696704 bytes (26.1%)
(RDMA_READ_CONSUME_CHECK_CONSUMER) timestamp=12026 ms, used_size=10694656 bytes (26.1%)
(RDMA_READ_CONSUME_CHECK_CONSUMER) timestamp=12026 ms, used_size=10692608 bytes (26.1%)
(RDMA_READ_CONSUME_CHECK_CONSUMER) timestamp=12026 ms, used_size=10690560 bytes (26.1%)
(RDMA_READ_CONSUME_CHECK_CONSUMER) timestamp=12026 ms, used_size=10688512 bytes (26.1%)
(RDMA_READ_CONSUME_CHECK_CONSUMER) timestamp=12026 ms, used_size=10686464 bytes (26.1%)
(RDMA_READ_CONSUME_CHECK_CONSUMER) timestamp=12026 ms, used_size=10684416 bytes (26.1%)
(RDMA_READ_CONSUME_CHECK_CONSUMER) timestamp=12026 ms, used_size=10682368 bytes (26.1%)
(RDMA_READ_CONSUME_CHECK_CONSUMER) timestamp=12026 ms, used_size=10680320 bytes (26.1%)
(RDMA_READ_CONSUME_CHECK_CONSUMER) timestamp=12026 ms, used_size=10678272 bytes (26.1%)
(RDMA_READ_CONSUME_CHECK_CONSUMER) timestamp=12026 ms, used_size=10676224 bytes (26.1%)
(RDMA_READ_CONSUME_CHECK_CONSUMER) timestamp=12026 ms, used_size=10674176 bytes (26.1%)
(RDMA_READ_CONSUME_CHECK_CONSUMER) timestamp=12026 ms, used_size=10672128 bytes (26.1%)
(RDMA_READ_CONSUME_CHECK_CONSUMER) timestamp=12026 ms, used_size=10670080 bytes (26.1%)
(RDMA_READ_CONSUME_CHECK_CONSUMER) timestamp=12026 ms, used_size=10668032 bytes (26.0%)
(RDMA_READ_CONSUME_CHECK_CONSUMER) timestamp=12026 ms, used_size=10665984 bytes (26.0%)
(RDMA_READ_CONSUME_CHECK_CONSUMER) timestamp=12026 ms, used_size=10663936 bytes (26.0%)
(RDMA_READ_CONSUME_CHECK_CONSUMER) timestamp=12026 ms, used_size=10661888 bytes (26.0%)
(RDMA_READ_CONSUME_CHECK_CONSUMER) timestamp=12026 ms, used_size=10659840 bytes (26.0%)
(RDMA_READ_CONSUME_CHECK_CONSUMER) timestamp=12026 ms, used_size=10657792 bytes (26.0%)
(RDMA_READ_CONSUME_CHECK_CONSUMER) timestamp=12026 ms, used_size=10655744 bytes (26.0%)
(RDMA_READ_CONSUME_CHECK_CONSUMER) timestamp=12026 ms, used_size=10653696 bytes (26.0%)
(RDMA_READ_CONSUME_CHECK_CONSUMER) timestamp=12026 ms, used_size=10651648 bytes (26.0%)
(RDMA_READ_CONSUME_CHECK_CONSUMER) timestamp=12026 ms, used_size=10649600 bytes (26.0%)
(RDMA_READ_CONSUME_CHECK_CONSUMER) timestamp=12026 ms, used_size=10647552 bytes (26.0%)
(RDMA_READ_CONSUME_CHECK_CONSUMER) timestamp=12026 ms, used_size=10645504 bytes (26.0%)
(RDMA_READ_CONSUME_CHECK_CONSUMER) timestamp=12026 ms, used_size=10643456 bytes (26.0%)
(RDMA_READ_CONSUME_CHECK_CONSUMER) timestamp=12026 ms, used_size=10641408 bytes (26.0%)
(RDMA_READ_CONSUME_CHECK_CONSUMER) timestamp=12026 ms, used_size=10639360 bytes (26.0%)
(RDMA_READ_CONSUME_CHECK_CONSUMER) timestamp=12026 ms, used_size=10637312 bytes (26.0%)
(RDMA_READ_CONSUME_CHECK_CONSUMER) timestamp=12026 ms, used_size=10635264 bytes (26.0%)
(RDMA_READ_CONSUME_CHECK_CONSUMER) timestamp=12026 ms, used_size=10633216 bytes (26.0%)
(RDMA_READ_CONSUME_CHECK_CONSUMER) timestamp=12026 ms, used_size=10631168 bytes (26.0%)
(RDMA_READ_CONSUME_CHECK_CONSUMER) timestamp=12026 ms, used_size=10629120 bytes (25.9%)
(RDMA_READ_CONSUME_CHECK_CONSUMER) timestamp=12026 ms, used_size=10627072 bytes (25.9%)
(RDMA_READ_CONSUME_CHECK_CONSUMER) timestamp=12026 ms, used_size=10625024 bytes (25.9%)
(RDMA_READ_CONSUME_CHECK_CONSUMER) timestamp=12026 ms, used_size=10622976 bytes (25.9%)
(RDMA_READ_CONSUME_CHECK_CONSUMER) timestamp=12026 ms, used_size=10620928 bytes (25.9%)
(RDMA_READ_CONSUME_CHECK_CONSUMER) timestamp=12026 ms, used_size=10618880 bytes (25.9%)
(RDMA_READ_CONSUME_CHECK_CONSUMER) timestamp=12026 ms, used_size=10616832 bytes (25.9%)
(RDMA_READ_CONSUME_CHECK_CONSUMER) timestamp=12026 ms, used_size=10614784 bytes (25.9%)
(RDMA_READ_CONSUME_CHECK_CONSUMER) timestamp=12026 ms, used_size=10612736 bytes (25.9%)
(RDMA_READ_CONSUME_CHECK_CONSUMER) timestamp=12026 ms, used_size=10610688 bytes (25.9%)
(RDMA_READ_CONSUME_CHECK_CONSUMER) timestamp=12026 ms, used_size=10608640 bytes (25.9%)
(RDMA_READ_CONSUME_CHECK_CONSUMER) timestamp=12026 ms, used_size=10606592 bytes (25.9%)
(RDMA_READ_CONSUME_CHECK_CONSUMER) timestamp=12026 ms, used_size=10604544 bytes (25.9%)
(RDMA_READ_CONSUME_CHECK_CONSUMER) timestamp=12026 ms, used_size=10602496 bytes (25.9%)
(RDMA_READ_CONSUME_CHECK_CONSUMER) timestamp=12026 ms, used_size=10600448 bytes (25.9%)
(RDMA_READ_CONSUME_CHECK_CONSUMER) timestamp=12026 ms, used_size=10598400 bytes (25.9%)
(RDMA_READ_CONSUME_CHECK_CONSUMER) timestamp=12026 ms, used_size=10596352 bytes (25.9%)
(RDMA_READ_CONSUME_CHECK_CONSUMER) timestamp=12026 ms, used_size=10594304 bytes (25.9%)
(RDMA_READ_CONSUME_CHECK_CONSUMER) timestamp=12026 ms, used_size=10592256 bytes (25.9%)
(RDMA_READ_CONSUME_CHECK_CONSUMER) timestamp=12026 ms, used_size=10590208 bytes (25.9%)
(RDMA_READ_CONSUME_CHECK_CONSUMER) timestamp=12026 ms, used_size=10588160 bytes (25.9%)
(RDMA_READ_CONSUME_CHECK_CONSUMER) timestamp=12026 ms, used_size=10586112 bytes (25.8%)
(RDMA_READ_CONSUME_CHECK_CONSUMER) timestamp=12026 ms, used_size=10584064 bytes (25.8%)
(RDMA_READ_CONSUME_CHECK_CONSUMER) timestamp=12026 ms, used_size=10582016 bytes (25.8%)
(RDMA_READ_CONSUME_CHECK_CONSUMER) timestamp=12026 ms, used_size=10579968 bytes (25.8%)
(RDMA_READ_CONSUME_CHECK_CONSUMER) timestamp=12026 ms, used_size=10577920 bytes (25.8%)
(RDMA_READ_CONSUME_CHECK_CONSUMER) timestamp=12026 ms, used_size=10575872 bytes (25.8%)
(RDMA_READ_CONSUME_CHECK_CONSUMER) timestamp=12026 ms, used_size=10573824 bytes (25.8%)
(RDMA_READ_CONSUME_CHECK_CONSUMER) timestamp=12026 ms, used_size=10571776 bytes (25.8%)
(RDMA_READ_CONSUME_CHECK_CONSUMER) timestamp=12026 ms, used_size=10569728 bytes (25.8%)
(RDMA_READ_CONSUME_CHECK_CONSUMER) timestamp=12026 ms, used_size=10567680 bytes (25.8%)
(RDMA_READ_CONSUME_CHECK_CONSUMER) timestamp=12026 ms, used_size=10565632 bytes (25.8%)
(RDMA_READ_CONSUME_CHECK_CONSUMER) timestamp=12026 ms, used_size=10563584 bytes (25.8%)
(RDMA_READ_CONSUME_CHECK_CONSUMER) timestamp=12026 ms, used_size=10561536 bytes (25.8%)
(RDMA_READ_CONSUME_CHECK_CONSUMER) timestamp=12026 ms, used_size=10559488 bytes (25.8%)
(RDMA_READ_CONSUME_CHECK_CONSUMER) timestamp=12026 ms, used_size=10557440 bytes (25.8%)
(RDMA_READ_CONSUME_CHECK_CONSUMER) timestamp=12026 ms, used_size=10555392 bytes (25.8%)
(RDMA_READ_CONSUME_CHECK_CONSUMER) timestamp=12026 ms, used_size=10553344 bytes (25.8%)
(RDMA_READ_CONSUME_CHECK_CONSUMER) timestamp=12026 ms, used_size=10551296 bytes (25.8%)
(RDMA_READ_CONSUME_CHECK_CONSUMER) timestamp=12026 ms, used_size=10549248 bytes (25.8%)
(RDMA_READ_CONSUME_CHECK_CONSUMER) timestamp=12026 ms, used_size=10547200 bytes (25.8%)
(RDMA_READ_CONSUME_CHECK_CONSUMER) timestamp=12026 ms, used_size=10545152 bytes (25.7%)
(RDMA_READ_CONSUME_CHECK_CONSUMER) timestamp=12026 ms, used_size=10543104 bytes (25.7%)
(RDMA_READ_CONSUME_CHECK_CONSUMER) timestamp=12026 ms, used_size=10541056 bytes (25.7%)
(RDMA_READ_CONSUME_CHECK_CONSUMER) timestamp=12026 ms, used_size=10539008 bytes (25.7%)
(RDMA_READ_CONSUME_CHECK_CONSUMER) timestamp=12026 ms, used_size=10536960 bytes (25.7%)
(RDMA_READ_CONSUME_CHECK_CONSUMER) timestamp=12026 ms, used_size=10534912 bytes (25.7%)
(RDMA_READ_CONSUME_CHECK_CONSUMER) timestamp=12026 ms, used_size=10532864 bytes (25.7%)
(RDMA_READ_CONSUME_CHECK_CONSUMER) timestamp=12027 ms, used_size=10530816 bytes (25.7%)
(RDMA_READ_CONSUME_CHECK_CONSUMER) timestamp=12027 ms, used_size=10528768 bytes (25.7%)
(RDMA_READ_CONSUME_CHECK_CONSUMER) timestamp=12027 ms, used_size=10526720 bytes (25.7%)
(RDMA_READ_CONSUME_CHECK_CONSUMER) timestamp=12027 ms, used_size=10524672 bytes (25.7%)
(RDMA_READ_CONSUME_CHECK_CONSUMER) timestamp=12027 ms, used_size=10522624 bytes (25.7%)
(RDMA_READ_CONSUME_CHECK_CONSUMER) timestamp=12027 ms, used_size=10520576 bytes (25.7%)
(RDMA_READ_CONSUME_CHECK_CONSUMER) timestamp=12027 ms, used_size=10518528 bytes (25.7%)
(RDMA_READ_CONSUME_CHECK_CONSUMER) timestamp=12027 ms, used_size=10516480 bytes (25.7%)
(RDMA_READ_CONSUME_CHECK_CONSUMER) timestamp=12027 ms, used_size=10514432 bytes (25.7%)
(RDMA_READ_CONSUME_CHECK_CONSUMER) timestamp=12027 ms, used_size=10512384 bytes (25.7%)
(RDMA_READ_CONSUME_CHECK_CONSUMER) timestamp=12027 ms, used_size=10510336 bytes (25.7%)
(RDMA_READ_CONSUME_CHECK_CONSUMER) timestamp=12027 ms, used_size=10508288 bytes (25.7%)
(RDMA_READ_CONSUME_CHECK_CONSUMER) timestamp=12027 ms, used_size=10506240 bytes (25.6%)
(RDMA_READ_CONSUME_CHECK_CONSUMER) timestamp=12027 ms, used_size=10504192 bytes (25.6%)
(RDMA_READ_CONSUME_CHECK_CONSUMER) timestamp=12027 ms, used_size=10502144 bytes (25.6%)
(RDMA_READ_CONSUME_CHECK_CONSUMER) timestamp=12027 ms, used_size=10500096 bytes (25.6%)
(RDMA_READ_CONSUME_CHECK_CONSUMER) timestamp=12027 ms, used_size=10498048 bytes (25.6%)
(RDMA_READ_CONSUME_CHECK_CONSUMER) timestamp=12027 ms, used_size=10496000 bytes (25.6%)
(RDMA_READ_CONSUME_CHECK_CONSUMER) timestamp=12027 ms, used_size=10493952 bytes (25.6%)
(RDMA_READ_CONSUME_CHECK_CONSUMER) timestamp=12027 ms, used_size=10491904 bytes (25.6%)
(RDMA_READ_CONSUME_CHECK_CONSUMER) timestamp=12027 ms, used_size=10489856 bytes (25.6%)
(RDMA_READ_CONSUME_CHECK_CONSUMER) timestamp=12027 ms, used_size=10487808 bytes (25.6%)
(RDMA_READ_CONSUME_CHECK_CONSUMER) timestamp=12027 ms, used_size=10485760 bytes (25.6%)
(RDMA_READ_CONSUME_CHECK_CONSUMER) timestamp=12027 ms, used_size=10483712 bytes (25.6%)
(RDMA_READ_CONSUME_CHECK_CONSUMER) timestamp=12027 ms, used_size=10481664 bytes (25.6%)
(RDMA_READ_CONSUME_CHECK_CONSUMER) timestamp=12027 ms, used_size=10479616 bytes (25.6%)
(RDMA_READ_CONSUME_CHECK_CONSUMER) timestamp=12027 ms, used_size=10477568 bytes (25.6%)
(RDMA_READ_CONSUME_CHECK_CONSUMER) timestamp=12027 ms, used_size=10475520 bytes (25.6%)
(RDMA_READ_CONSUME_CHECK_CONSUMER) timestamp=12027 ms, used_size=10473472 bytes (25.6%)
(RDMA_READ_CONSUME_CHECK_CONSUMER) timestamp=12027 ms, used_size=10471424 bytes (25.6%)
(RDMA_READ_CONSUME_CHECK_CONSUMER) timestamp=12027 ms, used_size=10469376 bytes (25.6%)
(RDMA_READ_CONSUME_CHECK_CONSUMER) timestamp=12027 ms, used_size=10467328 bytes (25.6%)
(RDMA_READ_CONSUME_CHECK_CONSUMER) timestamp=12027 ms, used_size=10465280 bytes (25.6%)
(RDMA_READ_CONSUME_CHECK_CONSUMER) timestamp=12027 ms, used_size=10463232 bytes (25.5%)
(RDMA_READ_CONSUME_CHECK_CONSUMER) timestamp=12027 ms, used_size=10461184 bytes (25.5%)
(RDMA_READ_CONSUME_CHECK_CONSUMER) timestamp=12027 ms, used_size=10459136 bytes (25.5%)
(RDMA_READ_CONSUME_CHECK_CONSUMER) timestamp=12027 ms, used_size=10457088 bytes (25.5%)
(RDMA_READ_CONSUME_CHECK_CONSUMER) timestamp=12027 ms, used_size=10455040 bytes (25.5%)
(RDMA_READ_CONSUME_CHECK_CONSUMER) timestamp=12027 ms, used_size=10452992 bytes (25.5%)
(RDMA_READ_CONSUME_CHECK_CONSUMER) timestamp=12027 ms, used_size=10450944 bytes (25.5%)
(RDMA_READ_CONSUME_CHECK_CONSUMER) timestamp=12027 ms, used_size=10448896 bytes (25.5%)
(RDMA_READ_CONSUME_CHECK_CONSUMER) timestamp=12027 ms, used_size=10446848 bytes (25.5%)
(RDMA_READ_CONSUME_CHECK_CONSUMER) timestamp=12027 ms, used_size=10444800 bytes (25.5%)
(RDMA_READ_CONSUME_CHECK_CONSUMER) timestamp=12027 ms, used_size=10442752 bytes (25.5%)
(RDMA_READ_CONSUME_CHECK_CONSUMER) timestamp=12027 ms, used_size=10440704 bytes (25.5%)
(RDMA_READ_CONSUME_CHECK_CONSUMER) timestamp=12027 ms, used_size=10438656 bytes (25.5%)
(RDMA_READ_CONSUME_CHECK_CONSUMER) timestamp=12027 ms, used_size=10436608 bytes (25.5%)
(RDMA_READ_CONSUME_CHECK_CONSUMER) timestamp=12027 ms, used_size=10434560 bytes (25.5%)
(RDMA_READ_CONSUME_CHECK_CONSUMER) timestamp=12027 ms, used_size=10432512 bytes (25.5%)
(RDMA_READ_CONSUME_CHECK_CONSUMER) timestamp=12027 ms, used_size=10430464 bytes (25.5%)
(RDMA_READ_CONSUME_CHECK_CONSUMER) timestamp=12027 ms, used_size=10428416 bytes (25.5%)
(RDMA_READ_CONSUME_CHECK_CONSUMER) timestamp=12027 ms, used_size=10426368 bytes (25.5%)
(RDMA_READ_CONSUME_CHECK_CONSUMER) timestamp=12027 ms, used_size=10424320 bytes (25.4%)
(RDMA_READ_CONSUME_CHECK_CONSUMER) timestamp=12027 ms, used_size=10422272 bytes (25.4%)
(RDMA_READ_CONSUME_CHECK_CONSUMER) timestamp=12027 ms, used_size=10420224 bytes (25.4%)
(RDMA_READ_CONSUME_CHECK_CONSUMER) timestamp=12027 ms, used_size=10418176 bytes (25.4%)
(RDMA_READ_CONSUME_CHECK_CONSUMER) timestamp=12027 ms, used_size=10416128 bytes (25.4%)
(RDMA_READ_CONSUME_CHECK_CONSUMER) timestamp=12027 ms, used_size=10414080 bytes (25.4%)
(RDMA_READ_CONSUME_CHECK_CONSUMER) timestamp=12027 ms, used_size=10412032 bytes (25.4%)
(RDMA_READ_CONSUME_CHECK_CONSUMER) timestamp=12027 ms, used_size=10409984 bytes (25.4%)
(RDMA_READ_CONSUME_CHECK_CONSUMER) timestamp=12027 ms, used_size=10407936 bytes (25.4%)
(RDMA_READ_CONSUME_CHECK_CONSUMER) timestamp=12027 ms, used_size=10405888 bytes (25.4%)
(RDMA_READ_CONSUME_CHECK_CONSUMER) timestamp=12027 ms, used_size=10403840 bytes (25.4%)
(RDMA_READ_CONSUME_CHECK_CONSUMER) timestamp=12027 ms, used_size=10401792 bytes (25.4%)
(RDMA_READ_CONSUME_CHECK_CONSUMER) timestamp=12027 ms, used_size=10399744 bytes (25.4%)
(RDMA_READ_CONSUME_CHECK_CONSUMER) timestamp=12027 ms, used_size=10397696 bytes (25.4%)
(RDMA_READ_CONSUME_CHECK_CONSUMER) timestamp=12027 ms, used_size=10395648 bytes (25.4%)
(RDMA_READ_CONSUME_CHECK_CONSUMER) timestamp=12027 ms, used_size=10393600 bytes (25.4%)
(RDMA_READ_CONSUME_CHECK_CONSUMER) timestamp=12027 ms, used_size=10391552 bytes (25.4%)
(RDMA_READ_CONSUME_CHECK_CONSUMER) timestamp=12027 ms, used_size=10389504 bytes (25.4%)
(RDMA_READ_CONSUME_CHECK_CONSUMER) timestamp=12027 ms, used_size=10387456 bytes (25.4%)
(RDMA_READ_CONSUME_CHECK_CONSUMER) timestamp=12027 ms, used_size=10385408 bytes (25.4%)
(RDMA_READ_CONSUME_CHECK_CONSUMER) timestamp=12027 ms, used_size=10383360 bytes (25.4%)
(RDMA_READ_CONSUME_CHECK_CONSUMER) timestamp=12027 ms, used_size=10381312 bytes (25.3%)
(RDMA_READ_CONSUME_CHECK_CONSUMER) timestamp=12027 ms, used_size=10379264 bytes (25.3%)
(RDMA_READ_CONSUME_CHECK_CONSUMER) timestamp=12027 ms, used_size=10377216 bytes (25.3%)
(RDMA_READ_CONSUME_CHECK_CONSUMER) timestamp=12027 ms, used_size=10375168 bytes (25.3%)
(RDMA_READ_CONSUME_CHECK_CONSUMER) timestamp=12027 ms, used_size=10373120 bytes (25.3%)
(RDMA_READ_CONSUME_CHECK_CONSUMER) timestamp=12027 ms, used_size=10371072 bytes (25.3%)
(RDMA_READ_CONSUME_CHECK_CONSUMER) timestamp=12027 ms, used_size=10369024 bytes (25.3%)
(RDMA_READ_CONSUME_CHECK_CONSUMER) timestamp=12027 ms, used_size=10366976 bytes (25.3%)
(RDMA_READ_CONSUME_CHECK_CONSUMER) timestamp=12027 ms, used_size=10364928 bytes (25.3%)
(RDMA_READ_CONSUME_CHECK_CONSUMER) timestamp=12027 ms, used_size=10362880 bytes (25.3%)
(RDMA_READ_CONSUME_CHECK_CONSUMER) timestamp=12027 ms, used_size=10360832 bytes (25.3%)
(RDMA_READ_CONSUME_CHECK_CONSUMER) timestamp=12027 ms, used_size=10358784 bytes (25.3%)
(RDMA_READ_CONSUME_CHECK_CONSUMER) timestamp=12027 ms, used_size=10356736 bytes (25.3%)
(RDMA_READ_CONSUME_CHECK_CONSUMER) timestamp=12027 ms, used_size=10354688 bytes (25.3%)
(RDMA_READ_CONSUME_CHECK_CONSUMER) timestamp=12027 ms, used_size=10352640 bytes (25.3%)
(RDMA_READ_CONSUME_CHECK_CONSUMER) timestamp=12027 ms, used_size=10350592 bytes (25.3%)
(RDMA_READ_CONSUME_CHECK_CONSUMER) timestamp=12027 ms, used_size=10348544 bytes (25.3%)
(RDMA_READ_CONSUME_CHECK_CONSUMER) timestamp=12027 ms, used_size=10346496 bytes (25.3%)
(RDMA_READ_CONSUME_CHECK_CONSUMER) timestamp=12027 ms, used_size=10344448 bytes (25.3%)
(RDMA_READ_CONSUME_CHECK_CONSUMER) timestamp=12027 ms, used_size=10342400 bytes (25.2%)
(RDMA_READ_CONSUME_CHECK_CONSUMER) timestamp=12027 ms, used_size=10340352 bytes (25.2%)
(RDMA_READ_CONSUME_CHECK_CONSUMER) timestamp=12027 ms, used_size=10338304 bytes (25.2%)
(RDMA_READ_CONSUME_CHECK_CONSUMER) timestamp=12027 ms, used_size=10336256 bytes (25.2%)
(RDMA_READ_CONSUME_CHECK_CONSUMER) timestamp=12027 ms, used_size=10334208 bytes (25.2%)
(RDMA_READ_CONSUME_CHECK_CONSUMER) timestamp=12027 ms, used_size=10332160 bytes (25.2%)
(RDMA_READ_CONSUME_CHECK_CONSUMER) timestamp=12027 ms, used_size=10330112 bytes (25.2%)
(RDMA_READ_CONSUME_CHECK_CONSUMER) timestamp=12027 ms, used_size=10328064 bytes (25.2%)
(RDMA_READ_CONSUME_CHECK_CONSUMER) timestamp=12027 ms, used_size=10326016 bytes (25.2%)
(RDMA_READ_CONSUME_CHECK_CONSUMER) timestamp=12027 ms, used_size=10323968 bytes (25.2%)
(RDMA_READ_CONSUME_CHECK_CONSUMER) timestamp=12027 ms, used_size=10321920 bytes (25.2%)
(RDMA_READ_CONSUME_CHECK_CONSUMER) timestamp=12027 ms, used_size=10319872 bytes (25.2%)
(RDMA_READ_CONSUME_CHECK_CONSUMER) timestamp=12027 ms, used_size=10317824 bytes (25.2%)
(RDMA_READ_CONSUME_CHECK_CONSUMER) timestamp=12027 ms, used_size=10315776 bytes (25.2%)
(RDMA_READ_CONSUME_CHECK_CONSUMER) timestamp=12027 ms, used_size=10313728 bytes (25.2%)
(RDMA_READ_CONSUME_CHECK_CONSUMER) timestamp=12027 ms, used_size=10311680 bytes (25.2%)
(RDMA_READ_CONSUME_CHECK_CONSUMER) timestamp=12027 ms, used_size=10309632 bytes (25.2%)
(RDMA_READ_CONSUME_CHECK_CONSUMER) timestamp=12027 ms, used_size=10307584 bytes (25.2%)
(RDMA_READ_CONSUME_CHECK_CONSUMER) timestamp=12027 ms, used_size=10305536 bytes (25.2%)
(RDMA_READ_CONSUME_CHECK_CONSUMER) timestamp=12027 ms, used_size=10303488 bytes (25.2%)
(RDMA_READ_CONSUME_CHECK_CONSUMER) timestamp=12027 ms, used_size=10301440 bytes (25.1%)
(RDMA_READ_CONSUME_CHECK_CONSUMER) timestamp=12027 ms, used_size=10299392 bytes (25.1%)
(RDMA_READ_CONSUME_CHECK_CONSUMER) timestamp=12027 ms, used_size=10297344 bytes (25.1%)
(RDMA_READ_CONSUME_CHECK_CONSUMER) timestamp=12027 ms, used_size=10295296 bytes (25.1%)
(RDMA_READ_CONSUME_CHECK_CONSUMER) timestamp=12027 ms, used_size=10293248 bytes (25.1%)
(RDMA_READ_CONSUME_CHECK_CONSUMER) timestamp=12027 ms, used_size=10291200 bytes (25.1%)
(RDMA_READ_CONSUME_CHECK_CONSUMER) timestamp=12027 ms, used_size=10289152 bytes (25.1%)
(RDMA_READ_CONSUME_CHECK_CONSUMER) timestamp=12027 ms, used_size=10287104 bytes (25.1%)
(RDMA_READ_CONSUME_CHECK_CONSUMER) timestamp=12027 ms, used_size=10285056 bytes (25.1%)
(RDMA_READ_CONSUME_CHECK_CONSUMER) timestamp=12027 ms, used_size=10283008 bytes (25.1%)
(RDMA_READ_CONSUME_CHECK_CONSUMER) timestamp=12027 ms, used_size=10280960 bytes (25.1%)
(RDMA_READ_CONSUME_CHECK_CONSUMER) timestamp=12027 ms, used_size=10278912 bytes (25.1%)
(RDMA_READ_CONSUME_CHECK_CONSUMER) timestamp=12027 ms, used_size=10276864 bytes (25.1%)
(RDMA_READ_CONSUME_CHECK_CONSUMER) timestamp=12027 ms, used_size=10274816 bytes (25.1%)
(RDMA_READ_CONSUME_CHECK_CONSUMER) timestamp=12027 ms, used_size=10272768 bytes (25.1%)
(RDMA_READ_CONSUME_CHECK_CONSUMER) timestamp=12027 ms, used_size=10270720 bytes (25.1%)
(RDMA_READ_CONSUME_CHECK_CONSUMER) timestamp=12027 ms, used_size=10268672 bytes (25.1%)
(RDMA_READ_CONSUME_CHECK_CONSUMER) timestamp=12027 ms, used_size=10266624 bytes (25.1%)
(RDMA_READ_CONSUME_CHECK_CONSUMER) timestamp=12027 ms, used_size=10264576 bytes (25.1%)
(RDMA_READ_CONSUME_CHECK_CONSUMER) timestamp=12027 ms, used_size=10262528 bytes (25.1%)
(RDMA_READ_CONSUME_CHECK_CONSUMER) timestamp=12027 ms, used_size=10260480 bytes (25.1%)
(RDMA_READ_CONSUME_CHECK_CONSUMER) timestamp=12027 ms, used_size=10258432 bytes (25.0%)
(RDMA_READ_CONSUME_CHECK_CONSUMER) timestamp=12027 ms, used_size=10256384 bytes (25.0%)
(RDMA_READ_CONSUME_CHECK_CONSUMER) timestamp=12027 ms, used_size=10254336 bytes (25.0%)
(RDMA_READ_CONSUME_CHECK_CONSUMER) timestamp=12027 ms, used_size=10252288 bytes (25.0%)
(RDMA_READ_CONSUME_CHECK_CONSUMER) timestamp=12027 ms, used_size=10250240 bytes (25.0%)
(RDMA_READ_CONSUME_CHECK_CONSUMER) timestamp=12027 ms, used_size=10248192 bytes (25.0%)
(RDMA_READ_CONSUME_CHECK_CONSUMER) timestamp=12027 ms, used_size=10246144 bytes (25.0%)
(RDMA_READ_CONSUME_CHECK_CONSUMER) timestamp=12027 ms, used_size=10244096 bytes (25.0%)
(RDMA_READ_CONSUME_CHECK_CONSUMER) timestamp=12027 ms, used_size=10242048 bytes (25.0%)
(RDMA_READ_CONSUME_CHECK_CONSUMER) timestamp=12027 ms, used_size=10240000 bytes (25.0%)
(RDMA_READ_CONSUME_CHECK_CONSUMER) timestamp=12027 ms, used_size=10237952 bytes (25.0%)
(RDMA_READ_CONSUME_CHECK_CONSUMER) timestamp=12027 ms, used_size=10235904 bytes (25.0%)
(RDMA_READ_CONSUME_CHECK_CONSUMER) timestamp=12027 ms, used_size=10233856 bytes (25.0%)
(RDMA_READ_CONSUME_CHECK_CONSUMER) timestamp=12027 ms, used_size=10231808 bytes (25.0%)
(RDMA_READ_CONSUME_CHECK_CONSUMER) timestamp=12027 ms, used_size=10229760 bytes (25.0%)
(RDMA_READ_CONSUME_CHECK_CONSUMER) timestamp=12027 ms, used_size=10227712 bytes (25.0%)
(RDMA_READ_CONSUME_CHECK_CONSUMER) timestamp=12027 ms, used_size=10225664 bytes (25.0%)
(RDMA_READ_CONSUME_CHECK_CONSUMER) timestamp=12027 ms, used_size=10223616 bytes (25.0%)
(RDMA_READ_CONSUME_CHECK_CONSUMER) timestamp=12027 ms, used_size=10221568 bytes (25.0%)
(RDMA_READ_CONSUME_CHECK_CONSUMER) timestamp=12027 ms, used_size=10219520 bytes (24.9%)
(RDMA_READ_CONSUME_CHECK_CONSUMER) timestamp=12027 ms, used_size=10217472 bytes (24.9%)
(RDMA_READ_CONSUME_CHECK_CONSUMER) timestamp=12027 ms, used_size=10215424 bytes (24.9%)
(RDMA_READ_CONSUME_CHECK_CONSUMER) timestamp=12027 ms, used_size=10213376 bytes (24.9%)
(RDMA_READ_CONSUME_CHECK_CONSUMER) timestamp=12027 ms, used_size=10211328 bytes (24.9%)
(RDMA_READ_CONSUME_CHECK_CONSUMER) timestamp=12027 ms, used_size=10209280 bytes (24.9%)
(RDMA_READ_CONSUME_CHECK_CONSUMER) timestamp=12027 ms, used_size=10207232 bytes (24.9%)
(RDMA_READ_CONSUME_CHECK_CONSUMER) timestamp=12027 ms, used_size=10205184 bytes (24.9%)
(RDMA_READ_CONSUME_CHECK_CONSUMER) timestamp=12027 ms, used_size=10203136 bytes (24.9%)
(RDMA_READ_CONSUME_CHECK_CONSUMER) timestamp=12027 ms, used_size=10201088 bytes (24.9%)
(RDMA_READ_CONSUME_CHECK_CONSUMER) timestamp=12027 ms, used_size=10199040 bytes (24.9%)
(RDMA_READ_CONSUME_CHECK_CONSUMER) timestamp=12027 ms, used_size=10196992 bytes (24.9%)
(RDMA_READ_CONSUME_CHECK_CONSUMER) timestamp=12027 ms, used_size=10194944 bytes (24.9%)
(RDMA_READ_CONSUME_CHECK_CONSUMER) timestamp=12027 ms, used_size=10192896 bytes (24.9%)
(RDMA_READ_CONSUME_CHECK_CONSUMER) timestamp=12027 ms, used_size=10190848 bytes (24.9%)
(RDMA_READ_CONSUME_CHECK_CONSUMER) timestamp=12027 ms, used_size=10188800 bytes (24.9%)
(RDMA_READ_CONSUME_CHECK_CONSUMER) timestamp=12027 ms, used_size=10186752 bytes (24.9%)
(RDMA_READ_CONSUME_CHECK_CONSUMER) timestamp=12027 ms, used_size=10184704 bytes (24.9%)
(RDMA_READ_CONSUME_CHECK_CONSUMER) timestamp=12027 ms, used_size=10182656 bytes (24.9%)
(RDMA_READ_CONSUME_CHECK_CONSUMER) timestamp=12027 ms, used_size=10180608 bytes (24.9%)
(RDMA_READ_CONSUME_CHECK_CONSUMER) timestamp=12027 ms, used_size=10178560 bytes (24.9%)
(RDMA_READ_CONSUME_CHECK_CONSUMER) timestamp=12027 ms, used_size=10176512 bytes (24.8%)
(RDMA_READ_CONSUME_CHECK_CONSUMER) timestamp=12028 ms, used_size=10174464 bytes (24.8%)
(RDMA_READ_CONSUME_CHECK_CONSUMER) timestamp=12028 ms, used_size=10172416 bytes (24.8%)
(RDMA_READ_CONSUME_CHECK_CONSUMER) timestamp=12028 ms, used_size=10170368 bytes (24.8%)
(RDMA_READ_CONSUME_CHECK_CONSUMER) timestamp=12028 ms, used_size=10168320 bytes (24.8%)
(RDMA_READ_CONSUME_CHECK_CONSUMER) timestamp=12028 ms, used_size=10166272 bytes (24.8%)
(RDMA_READ_CONSUME_CHECK_CONSUMER) timestamp=12028 ms, used_size=10164224 bytes (24.8%)
(RDMA_READ_CONSUME_CHECK_CONSUMER) timestamp=12028 ms, used_size=10162176 bytes (24.8%)
(RDMA_READ_CONSUME_CHECK_CONSUMER) timestamp=12028 ms, used_size=10160128 bytes (24.8%)
(RDMA_READ_CONSUME_CHECK_CONSUMER) timestamp=12028 ms, used_size=10158080 bytes (24.8%)
(RDMA_READ_CONSUME_CHECK_CONSUMER) timestamp=12028 ms, used_size=10156032 bytes (24.8%)
(RDMA_READ_CONSUME_CHECK_CONSUMER) timestamp=12028 ms, used_size=10153984 bytes (24.8%)
(RDMA_READ_CONSUME_CHECK_CONSUMER) timestamp=12028 ms, used_size=10151936 bytes (24.8%)
(RDMA_READ_CONSUME_CHECK_CONSUMER) timestamp=12028 ms, used_size=10149888 bytes (24.8%)
(RDMA_READ_CONSUME_CHECK_CONSUMER) timestamp=12028 ms, used_size=10147840 bytes (24.8%)
(RDMA_READ_CONSUME_CHECK_CONSUMER) timestamp=12028 ms, used_size=10145792 bytes (24.8%)
(RDMA_READ_CONSUME_CHECK_CONSUMER) timestamp=12028 ms, used_size=10143744 bytes (24.8%)
(RDMA_READ_CONSUME_CHECK_CONSUMER) timestamp=12028 ms, used_size=10141696 bytes (24.8%)
(RDMA_READ_CONSUME_CHECK_CONSUMER) timestamp=12028 ms, used_size=10139648 bytes (24.8%)
(RDMA_READ_CONSUME_CHECK_CONSUMER) timestamp=12028 ms, used_size=10137600 bytes (24.8%)
(RDMA_READ_CONSUME_CHECK_CONSUMER) timestamp=12028 ms, used_size=10135552 bytes (24.7%)
(RDMA_READ_CONSUME_CHECK_CONSUMER) timestamp=12028 ms, used_size=10133504 bytes (24.7%)
(RDMA_READ_CONSUME_CHECK_CONSUMER) timestamp=12028 ms, used_size=10131456 bytes (24.7%)
(RDMA_READ_CONSUME_CHECK_CONSUMER) timestamp=12028 ms, used_size=10129408 bytes (24.7%)
(RDMA_READ_CONSUME_CHECK_CONSUMER) timestamp=12028 ms, used_size=10127360 bytes (24.7%)
(RDMA_READ_CONSUME_CHECK_CONSUMER) timestamp=12028 ms, used_size=10125312 bytes (24.7%)
(RDMA_READ_CONSUME_CHECK_CONSUMER) timestamp=12028 ms, used_size=10123264 bytes (24.7%)
(RDMA_READ_CONSUME_CHECK_CONSUMER) timestamp=12028 ms, used_size=10121216 bytes (24.7%)
(RDMA_READ_CONSUME_CHECK_CONSUMER) timestamp=12028 ms, used_size=10119168 bytes (24.7%)
(RDMA_READ_CONSUME_CHECK_CONSUMER) timestamp=12028 ms, used_size=10117120 bytes (24.7%)
(RDMA_READ_CONSUME_CHECK_CONSUMER) timestamp=12028 ms, used_size=10115072 bytes (24.7%)
(RDMA_READ_CONSUME_CHECK_CONSUMER) timestamp=12028 ms, used_size=10113024 bytes (24.7%)
(RDMA_READ_CONSUME_CHECK_CONSUMER) timestamp=12028 ms, used_size=10110976 bytes (24.7%)
(RDMA_READ_CONSUME_CHECK_CONSUMER) timestamp=12028 ms, used_size=10108928 bytes (24.7%)
(RDMA_READ_CONSUME_CHECK_CONSUMER) timestamp=12028 ms, used_size=10106880 bytes (24.7%)
(RDMA_READ_CONSUME_CHECK_CONSUMER) timestamp=12028 ms, used_size=10104832 bytes (24.7%)
(RDMA_READ_CONSUME_CHECK_CONSUMER) timestamp=12028 ms, used_size=10102784 bytes (24.7%)
(RDMA_READ_CONSUME_CHECK_CONSUMER) timestamp=12028 ms, used_size=10100736 bytes (24.7%)
(RDMA_READ_CONSUME_CHECK_CONSUMER) timestamp=12028 ms, used_size=10098688 bytes (24.7%)
(RDMA_READ_CONSUME_CHECK_CONSUMER) timestamp=12028 ms, used_size=10096640 bytes (24.6%)
(RDMA_READ_CONSUME_CHECK_CONSUMER) timestamp=12028 ms, used_size=10094592 bytes (24.6%)
(RDMA_READ_CONSUME_CHECK_CONSUMER) timestamp=12028 ms, used_size=10092544 bytes (24.6%)
(RDMA_READ_CONSUME_CHECK_CONSUMER) timestamp=12028 ms, used_size=10090496 bytes (24.6%)
(RDMA_READ_CONSUME_CHECK_CONSUMER) timestamp=12028 ms, used_size=10088448 bytes (24.6%)
(RDMA_READ_CONSUME_CHECK_CONSUMER) timestamp=12028 ms, used_size=10086400 bytes (24.6%)
(RDMA_READ_CONSUME_CHECK_CONSUMER) timestamp=12028 ms, used_size=10084352 bytes (24.6%)
(RDMA_READ_CONSUME_CHECK_CONSUMER) timestamp=12028 ms, used_size=10082304 bytes (24.6%)
(RDMA_READ_CONSUME_CHECK_CONSUMER) timestamp=12028 ms, used_size=10080256 bytes (24.6%)
(RDMA_READ_CONSUME_CHECK_CONSUMER) timestamp=12028 ms, used_size=10078208 bytes (24.6%)
(RDMA_READ_CONSUME_CHECK_CONSUMER) timestamp=12028 ms, used_size=10076160 bytes (24.6%)
(RDMA_READ_CONSUME_CHECK_CONSUMER) timestamp=12028 ms, used_size=10074112 bytes (24.6%)
(RDMA_READ_CONSUME_CHECK_CONSUMER) timestamp=12028 ms, used_size=10072064 bytes (24.6%)
(RDMA_READ_CONSUME_CHECK_CONSUMER) timestamp=12028 ms, used_size=10070016 bytes (24.6%)
(RDMA_READ_CONSUME_CHECK_CONSUMER) timestamp=12028 ms, used_size=10067968 bytes (24.6%)
(RDMA_READ_CONSUME_CHECK_CONSUMER) timestamp=12028 ms, used_size=10065920 bytes (24.6%)
(RDMA_READ_CONSUME_CHECK_CONSUMER) timestamp=12028 ms, used_size=10063872 bytes (24.6%)
(RDMA_READ_CONSUME_CHECK_CONSUMER) timestamp=12028 ms, used_size=10061824 bytes (24.6%)
(RDMA_READ_CONSUME_CHECK_CONSUMER) timestamp=12028 ms, used_size=10059776 bytes (24.6%)
(RDMA_READ_CONSUME_CHECK_CONSUMER) timestamp=12028 ms, used_size=10057728 bytes (24.6%)
(RDMA_READ_CONSUME_CHECK_CONSUMER) timestamp=12028 ms, used_size=10055680 bytes (24.6%)
(RDMA_READ_CONSUME_CHECK_CONSUMER) timestamp=12028 ms, used_size=10053632 bytes (24.5%)
(RDMA_READ_CONSUME_CHECK_CONSUMER) timestamp=12028 ms, used_size=10051584 bytes (24.5%)
(RDMA_READ_CONSUME_CHECK_CONSUMER) timestamp=12028 ms, used_size=10049536 bytes (24.5%)
(RDMA_READ_CONSUME_CHECK_CONSUMER) timestamp=12028 ms, used_size=10047488 bytes (24.5%)
(RDMA_READ_CONSUME_CHECK_CONSUMER) timestamp=12028 ms, used_size=10045440 bytes (24.5%)
(RDMA_READ_CONSUME_CHECK_CONSUMER) timestamp=12028 ms, used_size=10043392 bytes (24.5%)
(RDMA_READ_CONSUME_CHECK_CONSUMER) timestamp=12028 ms, used_size=10041344 bytes (24.5%)
(RDMA_READ_CONSUME_CHECK_CONSUMER) timestamp=12028 ms, used_size=10039296 bytes (24.5%)
(RDMA_READ_CONSUME_CHECK_CONSUMER) timestamp=12028 ms, used_size=10037248 bytes (24.5%)
(RDMA_READ_CONSUME_CHECK_CONSUMER) timestamp=12028 ms, used_size=10035200 bytes (24.5%)
(RDMA_READ_CONSUME_CHECK_CONSUMER) timestamp=12028 ms, used_size=10033152 bytes (24.5%)
(RDMA_READ_CONSUME_CHECK_CONSUMER) timestamp=12028 ms, used_size=10031104 bytes (24.5%)
(RDMA_READ_CONSUME_CHECK_CONSUMER) timestamp=12028 ms, used_size=10029056 bytes (24.5%)
(RDMA_READ_CONSUME_CHECK_CONSUMER) timestamp=12028 ms, used_size=10027008 bytes (24.5%)
(RDMA_READ_CONSUME_CHECK_CONSUMER) timestamp=12028 ms, used_size=10024960 bytes (24.5%)
(RDMA_READ_CONSUME_CHECK_CONSUMER) timestamp=12028 ms, used_size=10022912 bytes (24.5%)
(RDMA_READ_CONSUME_CHECK_CONSUMER) timestamp=12028 ms, used_size=10020864 bytes (24.5%)
(RDMA_READ_CONSUME_CHECK_CONSUMER) timestamp=12028 ms, used_size=10018816 bytes (24.5%)
(RDMA_READ_CONSUME_CHECK_CONSUMER) timestamp=12028 ms, used_size=10016768 bytes (24.5%)
(RDMA_READ_CONSUME_CHECK_CONSUMER) timestamp=12028 ms, used_size=10014720 bytes (24.4%)
(RDMA_READ_CONSUME_CHECK_CONSUMER) timestamp=12028 ms, used_size=10012672 bytes (24.4%)
(RDMA_READ_CONSUME_CHECK_CONSUMER) timestamp=12028 ms, used_size=10010624 bytes (24.4%)
(RDMA_READ_CONSUME_CHECK_CONSUMER) timestamp=12028 ms, used_size=10008576 bytes (24.4%)
(RDMA_READ_CONSUME_CHECK_CONSUMER) timestamp=12028 ms, used_size=10006528 bytes (24.4%)
(RDMA_READ_CONSUME_CHECK_CONSUMER) timestamp=12028 ms, used_size=10004480 bytes (24.4%)
(RDMA_READ_CONSUME_CHECK_CONSUMER) timestamp=12028 ms, used_size=10002432 bytes (24.4%)
(RDMA_READ_CONSUME_CHECK_CONSUMER) timestamp=12028 ms, used_size=10000384 bytes (24.4%)
(RDMA_READ_CONSUME_CHECK_CONSUMER) timestamp=12028 ms, used_size=9998336 bytes (24.4%)
(RDMA_READ_CONSUME_CHECK_CONSUMER) timestamp=12028 ms, used_size=9996288 bytes (24.4%)
(RDMA_READ_CONSUME_CHECK_CONSUMER) timestamp=12028 ms, used_size=9994240 bytes (24.4%)
(RDMA_READ_CONSUME_CHECK_CONSUMER) timestamp=12028 ms, used_size=9992192 bytes (24.4%)
(RDMA_READ_CONSUME_CHECK_CONSUMER) timestamp=12028 ms, used_size=9990144 bytes (24.4%)
(RDMA_READ_CONSUME_CHECK_CONSUMER) timestamp=12028 ms, used_size=9988096 bytes (24.4%)
(RDMA_READ_CONSUME_CHECK_CONSUMER) timestamp=12028 ms, used_size=9986048 bytes (24.4%)
(RDMA_READ_CONSUME_CHECK_CONSUMER) timestamp=12028 ms, used_size=9984000 bytes (24.4%)
(RDMA_READ_CONSUME_CHECK_CONSUMER) timestamp=12028 ms, used_size=9981952 bytes (24.4%)
(RDMA_READ_CONSUME_CHECK_CONSUMER) timestamp=12028 ms, used_size=9979904 bytes (24.4%)
(RDMA_READ_CONSUME_CHECK_CONSUMER) timestamp=12028 ms, used_size=9977856 bytes (24.4%)
(RDMA_READ_CONSUME_CHECK_CONSUMER) timestamp=12028 ms, used_size=9975808 bytes (24.4%)
(RDMA_READ_CONSUME_CHECK_CONSUMER) timestamp=12028 ms, used_size=9973760 bytes (24.4%)
(RDMA_READ_CONSUME_CHECK_CONSUMER) timestamp=12028 ms, used_size=9971712 bytes (24.3%)
(RDMA_READ_CONSUME_CHECK_CONSUMER) timestamp=12028 ms, used_size=9969664 bytes (24.3%)
(RDMA_READ_CONSUME_CHECK_CONSUMER) timestamp=12028 ms, used_size=9967616 bytes (24.3%)
(RDMA_READ_CONSUME_CHECK_CONSUMER) timestamp=12028 ms, used_size=9965568 bytes (24.3%)
(RDMA_READ_CONSUME_CHECK_CONSUMER) timestamp=12028 ms, used_size=9963520 bytes (24.3%)
(RDMA_READ_CONSUME_CHECK_CONSUMER) timestamp=12028 ms, used_size=9961472 bytes (24.3%)
(RDMA_READ_CONSUME_CHECK_CONSUMER) timestamp=12028 ms, used_size=9959424 bytes (24.3%)
(RDMA_READ_CONSUME_CHECK_CONSUMER) timestamp=12028 ms, used_size=9957376 bytes (24.3%)
(RDMA_READ_CONSUME_CHECK_CONSUMER) timestamp=12028 ms, used_size=9955328 bytes (24.3%)
(RDMA_READ_CONSUME_CHECK_CONSUMER) timestamp=12028 ms, used_size=9953280 bytes (24.3%)
(RDMA_READ_CONSUME_CHECK_CONSUMER) timestamp=12028 ms, used_size=9951232 bytes (24.3%)
(RDMA_READ_CONSUME_CHECK_CONSUMER) timestamp=12028 ms, used_size=9949184 bytes (24.3%)
(RDMA_READ_CONSUME_CHECK_CONSUMER) timestamp=12028 ms, used_size=9947136 bytes (24.3%)
(RDMA_READ_CONSUME_CHECK_CONSUMER) timestamp=12028 ms, used_size=9945088 bytes (24.3%)
(RDMA_READ_CONSUME_CHECK_CONSUMER) timestamp=12028 ms, used_size=9943040 bytes (24.3%)
(RDMA_READ_CONSUME_CHECK_CONSUMER) timestamp=12028 ms, used_size=9940992 bytes (24.3%)
(RDMA_READ_CONSUME_CHECK_CONSUMER) timestamp=12028 ms, used_size=9938944 bytes (24.3%)
(RDMA_READ_CONSUME_CHECK_CONSUMER) timestamp=12028 ms, used_size=9936896 bytes (24.3%)
(RDMA_READ_CONSUME_CHECK_CONSUMER) timestamp=12028 ms, used_size=9934848 bytes (24.3%)
(RDMA_READ_CONSUME_CHECK_CONSUMER) timestamp=12028 ms, used_size=9932800 bytes (24.2%)
(RDMA_READ_CONSUME_CHECK_CONSUMER) timestamp=12028 ms, used_size=9930752 bytes (24.2%)
(RDMA_READ_CONSUME_CHECK_CONSUMER) timestamp=12028 ms, used_size=9928704 bytes (24.2%)
(RDMA_READ_CONSUME_CHECK_CONSUMER) timestamp=12028 ms, used_size=9926656 bytes (24.2%)
(RDMA_READ_CONSUME_CHECK_CONSUMER) timestamp=12028 ms, used_size=9924608 bytes (24.2%)
(RDMA_READ_CONSUME_CHECK_CONSUMER) timestamp=12028 ms, used_size=9922560 bytes (24.2%)
(RDMA_READ_CONSUME_CHECK_CONSUMER) timestamp=12028 ms, used_size=9920512 bytes (24.2%)
(RDMA_READ_CONSUME_CHECK_CONSUMER) timestamp=12028 ms, used_size=9918464 bytes (24.2%)
(RDMA_READ_CONSUME_CHECK_CONSUMER) timestamp=12028 ms, used_size=9916416 bytes (24.2%)
(RDMA_READ_CONSUME_CHECK_CONSUMER) timestamp=12028 ms, used_size=9914368 bytes (24.2%)
(RDMA_READ_CONSUME_CHECK_CONSUMER) timestamp=12028 ms, used_size=9912320 bytes (24.2%)
(RDMA_READ_CONSUME_CHECK_CONSUMER) timestamp=12028 ms, used_size=9910272 bytes (24.2%)
(RDMA_READ_CONSUME_CHECK_CONSUMER) timestamp=12028 ms, used_size=9908224 bytes (24.2%)
(RDMA_READ_CONSUME_CHECK_CONSUMER) timestamp=12028 ms, used_size=9906176 bytes (24.2%)
(RDMA_READ_CONSUME_CHECK_CONSUMER) timestamp=12028 ms, used_size=9904128 bytes (24.2%)
(RDMA_READ_CONSUME_CHECK_CONSUMER) timestamp=12028 ms, used_size=9902080 bytes (24.2%)
(RDMA_READ_CONSUME_CHECK_CONSUMER) timestamp=12028 ms, used_size=9900032 bytes (24.2%)
(RDMA_READ_CONSUME_CHECK_CONSUMER) timestamp=12028 ms, used_size=9897984 bytes (24.2%)
(RDMA_READ_CONSUME_CHECK_CONSUMER) timestamp=12028 ms, used_size=9895936 bytes (24.2%)
(RDMA_READ_CONSUME_CHECK_CONSUMER) timestamp=12028 ms, used_size=9893888 bytes (24.2%)
(RDMA_READ_CONSUME_CHECK_CONSUMER) timestamp=12028 ms, used_size=9891840 bytes (24.1%)
(RDMA_READ_CONSUME_CHECK_CONSUMER) timestamp=12028 ms, used_size=9889792 bytes (24.1%)
(RDMA_READ_CONSUME_CHECK_CONSUMER) timestamp=12028 ms, used_size=9887744 bytes (24.1%)
(RDMA_READ_CONSUME_CHECK_CONSUMER) timestamp=12028 ms, used_size=9885696 bytes (24.1%)
(RDMA_READ_CONSUME_CHECK_CONSUMER) timestamp=12028 ms, used_size=9883648 bytes (24.1%)
(RDMA_READ_CONSUME_CHECK_CONSUMER) timestamp=12028 ms, used_size=9881600 bytes (24.1%)
(RDMA_READ_CONSUME_CHECK_CONSUMER) timestamp=12028 ms, used_size=9879552 bytes (24.1%)
(RDMA_READ_CONSUME_CHECK_CONSUMER) timestamp=12028 ms, used_size=9877504 bytes (24.1%)
(RDMA_READ_CONSUME_CHECK_CONSUMER) timestamp=12028 ms, used_size=9875456 bytes (24.1%)
(RDMA_READ_CONSUME_CHECK_CONSUMER) timestamp=12028 ms, used_size=9873408 bytes (24.1%)
(RDMA_READ_CONSUME_CHECK_CONSUMER) timestamp=12028 ms, used_size=9871360 bytes (24.1%)
(RDMA_READ_CONSUME_CHECK_CONSUMER) timestamp=12028 ms, used_size=9869312 bytes (24.1%)
(RDMA_READ_CONSUME_CHECK_CONSUMER) timestamp=12028 ms, used_size=9867264 bytes (24.1%)
(RDMA_READ_CONSUME_CHECK_CONSUMER) timestamp=12028 ms, used_size=9865216 bytes (24.1%)
(RDMA_READ_CONSUME_CHECK_CONSUMER) timestamp=12028 ms, used_size=9863168 bytes (24.1%)
(RDMA_READ_CONSUME_CHECK_CONSUMER) timestamp=12028 ms, used_size=9861120 bytes (24.1%)
(RDMA_READ_CONSUME_CHECK_CONSUMER) timestamp=12028 ms, used_size=9859072 bytes (24.1%)
(RDMA_READ_CONSUME_CHECK_CONSUMER) timestamp=12028 ms, used_size=9857024 bytes (24.1%)
(RDMA_READ_CONSUME_CHECK_CONSUMER) timestamp=12028 ms, used_size=9854976 bytes (24.1%)
(RDMA_READ_CONSUME_CHECK_CONSUMER) timestamp=12028 ms, used_size=9852928 bytes (24.1%)
(RDMA_READ_CONSUME_CHECK_CONSUMER) timestamp=12028 ms, used_size=9850880 bytes (24.1%)
(RDMA_READ_CONSUME_CHECK_CONSUMER) timestamp=12028 ms, used_size=9848832 bytes (24.0%)
(RDMA_READ_CONSUME_CHECK_CONSUMER) timestamp=12028 ms, used_size=9846784 bytes (24.0%)
(RDMA_READ_CONSUME_CHECK_CONSUMER) timestamp=12028 ms, used_size=9844736 bytes (24.0%)
(RDMA_READ_CONSUME_CHECK_CONSUMER) timestamp=12028 ms, used_size=9842688 bytes (24.0%)
(RDMA_READ_CONSUME_CHECK_CONSUMER) timestamp=12028 ms, used_size=9840640 bytes (24.0%)
(RDMA_READ_CONSUME_CHECK_CONSUMER) timestamp=12028 ms, used_size=9838592 bytes (24.0%)
(RDMA_READ_CONSUME_CHECK_CONSUMER) timestamp=12028 ms, used_size=9836544 bytes (24.0%)
(RDMA_READ_CONSUME_CHECK_CONSUMER) timestamp=12028 ms, used_size=9834496 bytes (24.0%)
(RDMA_READ_CONSUME_CHECK_CONSUMER) timestamp=12029 ms, used_size=9832448 bytes (24.0%)
(RDMA_READ_CONSUME_CHECK_CONSUMER) timestamp=12029 ms, used_size=9830400 bytes (24.0%)
(RDMA_READ_CONSUME_CHECK_CONSUMER) timestamp=12029 ms, used_size=9828352 bytes (24.0%)
(RDMA_READ_CONSUME_CHECK_CONSUMER) timestamp=12029 ms, used_size=9826304 bytes (24.0%)
(RDMA_READ_CONSUME_CHECK_CONSUMER) timestamp=12029 ms, used_size=9824256 bytes (24.0%)
(RDMA_READ_CONSUME_CHECK_CONSUMER) timestamp=12029 ms, used_size=9822208 bytes (24.0%)
(RDMA_READ_CONSUME_CHECK_CONSUMER) timestamp=12029 ms, used_size=9820160 bytes (24.0%)
(RDMA_READ_CONSUME_CHECK_CONSUMER) timestamp=12029 ms, used_size=9818112 bytes (24.0%)
(RDMA_READ_CONSUME_CHECK_CONSUMER) timestamp=12029 ms, used_size=9816064 bytes (24.0%)
(RDMA_READ_CONSUME_CHECK_CONSUMER) timestamp=12029 ms, used_size=9814016 bytes (24.0%)
(RDMA_READ_CONSUME_CHECK_CONSUMER) timestamp=12029 ms, used_size=9811968 bytes (24.0%)
(RDMA_READ_CONSUME_CHECK_CONSUMER) timestamp=12029 ms, used_size=9809920 bytes (23.9%)
(RDMA_READ_CONSUME_CHECK_CONSUMER) timestamp=12029 ms, used_size=9807872 bytes (23.9%)
(RDMA_READ_CONSUME_CHECK_CONSUMER) timestamp=12029 ms, used_size=9805824 bytes (23.9%)
(RDMA_READ_CONSUME_CHECK_CONSUMER) timestamp=12029 ms, used_size=9803776 bytes (23.9%)
(RDMA_READ_CONSUME_CHECK_CONSUMER) timestamp=12029 ms, used_size=9801728 bytes (23.9%)
(RDMA_READ_CONSUME_CHECK_CONSUMER) timestamp=12029 ms, used_size=9799680 bytes (23.9%)
(RDMA_READ_CONSUME_CHECK_CONSUMER) timestamp=12029 ms, used_size=9797632 bytes (23.9%)
(RDMA_READ_CONSUME_CHECK_CONSUMER) timestamp=12029 ms, used_size=9795584 bytes (23.9%)
(RDMA_READ_CONSUME_CHECK_CONSUMER) timestamp=12029 ms, used_size=9793536 bytes (23.9%)
(RDMA_READ_CONSUME_CHECK_CONSUMER) timestamp=12029 ms, used_size=9791488 bytes (23.9%)
(RDMA_READ_CONSUME_CHECK_CONSUMER) timestamp=12029 ms, used_size=9789440 bytes (23.9%)
(RDMA_READ_CONSUME_CHECK_CONSUMER) timestamp=12029 ms, used_size=9787392 bytes (23.9%)
(RDMA_READ_CONSUME_CHECK_CONSUMER) timestamp=12029 ms, used_size=9785344 bytes (23.9%)
(RDMA_READ_CONSUME_CHECK_CONSUMER) timestamp=12029 ms, used_size=9783296 bytes (23.9%)
(RDMA_READ_CONSUME_CHECK_CONSUMER) timestamp=12029 ms, used_size=9781248 bytes (23.9%)
(RDMA_READ_CONSUME_CHECK_CONSUMER) timestamp=12029 ms, used_size=9779200 bytes (23.9%)
(RDMA_READ_CONSUME_CHECK_CONSUMER) timestamp=12029 ms, used_size=9777152 bytes (23.9%)
(RDMA_READ_CONSUME_CHECK_CONSUMER) timestamp=12029 ms, used_size=9775104 bytes (23.9%)
(RDMA_READ_CONSUME_CHECK_CONSUMER) timestamp=12029 ms, used_size=9773056 bytes (23.9%)
(RDMA_READ_CONSUME_CHECK_CONSUMER) timestamp=12029 ms, used_size=9771008 bytes (23.9%)
(RDMA_READ_CONSUME_CHECK_CONSUMER) timestamp=12029 ms, used_size=9768960 bytes (23.9%)
(RDMA_READ_CONSUME_CHECK_CONSUMER) timestamp=12029 ms, used_size=9766912 bytes (23.8%)
(RDMA_READ_CONSUME_CHECK_CONSUMER) timestamp=12029 ms, used_size=9764864 bytes (23.8%)
(RDMA_READ_CONSUME_CHECK_CONSUMER) timestamp=12029 ms, used_size=9762816 bytes (23.8%)
(RDMA_READ_CONSUME_CHECK_CONSUMER) timestamp=12029 ms, used_size=9760768 bytes (23.8%)
(RDMA_READ_CONSUME_CHECK_CONSUMER) timestamp=12029 ms, used_size=9758720 bytes (23.8%)
(RDMA_READ_CONSUME_CHECK_CONSUMER) timestamp=12029 ms, used_size=9756672 bytes (23.8%)
(RDMA_READ_CONSUME_CHECK_CONSUMER) timestamp=12029 ms, used_size=9754624 bytes (23.8%)
(RDMA_READ_CONSUME_CHECK_CONSUMER) timestamp=12029 ms, used_size=9752576 bytes (23.8%)
(RDMA_READ_CONSUME_CHECK_CONSUMER) timestamp=12029 ms, used_size=9750528 bytes (23.8%)
(RDMA_READ_CONSUME_CHECK_CONSUMER) timestamp=12029 ms, used_size=9748480 bytes (23.8%)
(RDMA_READ_CONSUME_CHECK_CONSUMER) timestamp=12029 ms, used_size=9746432 bytes (23.8%)
(RDMA_READ_CONSUME_CHECK_CONSUMER) timestamp=12029 ms, used_size=9744384 bytes (23.8%)
(RDMA_READ_CONSUME_CHECK_CONSUMER) timestamp=12029 ms, used_size=9742336 bytes (23.8%)
(RDMA_READ_CONSUME_CHECK_CONSUMER) timestamp=12029 ms, used_size=9740288 bytes (23.8%)
(RDMA_READ_CONSUME_CHECK_CONSUMER) timestamp=12029 ms, used_size=9738240 bytes (23.8%)
(RDMA_READ_CONSUME_CHECK_CONSUMER) timestamp=12029 ms, used_size=9736192 bytes (23.8%)
(RDMA_READ_CONSUME_CHECK_CONSUMER) timestamp=12029 ms, used_size=9734144 bytes (23.8%)
(RDMA_READ_CONSUME_CHECK_CONSUMER) timestamp=12029 ms, used_size=9732096 bytes (23.8%)
(RDMA_READ_CONSUME_CHECK_CONSUMER) timestamp=12029 ms, used_size=9730048 bytes (23.8%)
(RDMA_READ_CONSUME_CHECK_CONSUMER) timestamp=12029 ms, used_size=9728000 bytes (23.8%)
(RDMA_READ_CONSUME_CHECK_CONSUMER) timestamp=12029 ms, used_size=9725952 bytes (23.7%)
(RDMA_READ_CONSUME_CHECK_CONSUMER) timestamp=12029 ms, used_size=9723904 bytes (23.7%)
(RDMA_READ_CONSUME_CHECK_CONSUMER) timestamp=12029 ms, used_size=9721856 bytes (23.7%)
(RDMA_READ_CONSUME_CHECK_CONSUMER) timestamp=12029 ms, used_size=9719808 bytes (23.7%)
(RDMA_READ_CONSUME_CHECK_CONSUMER) timestamp=12029 ms, used_size=9717760 bytes (23.7%)
(RDMA_READ_CONSUME_CHECK_CONSUMER) timestamp=12029 ms, used_size=9715712 bytes (23.7%)
(RDMA_READ_CONSUME_CHECK_CONSUMER) timestamp=12029 ms, used_size=9713664 bytes (23.7%)
(RDMA_READ_CONSUME_CHECK_CONSUMER) timestamp=12029 ms, used_size=9711616 bytes (23.7%)
(RDMA_READ_CONSUME_CHECK_CONSUMER) timestamp=12029 ms, used_size=9709568 bytes (23.7%)
(RDMA_READ_CONSUME_CHECK_CONSUMER) timestamp=12029 ms, used_size=9707520 bytes (23.7%)
(RDMA_READ_CONSUME_CHECK_CONSUMER) timestamp=12029 ms, used_size=9705472 bytes (23.7%)
(RDMA_READ_CONSUME_CHECK_CONSUMER) timestamp=12029 ms, used_size=9703424 bytes (23.7%)
(RDMA_READ_CONSUME_CHECK_CONSUMER) timestamp=12029 ms, used_size=9701376 bytes (23.7%)
(RDMA_READ_CONSUME_CHECK_CONSUMER) timestamp=12029 ms, used_size=9699328 bytes (23.7%)
(RDMA_READ_CONSUME_CHECK_CONSUMER) timestamp=12029 ms, used_size=9697280 bytes (23.7%)
(RDMA_READ_CONSUME_CHECK_CONSUMER) timestamp=12029 ms, used_size=9695232 bytes (23.7%)
(RDMA_READ_CONSUME_CHECK_CONSUMER) timestamp=12029 ms, used_size=9693184 bytes (23.7%)
(RDMA_READ_CONSUME_CHECK_CONSUMER) timestamp=12029 ms, used_size=9691136 bytes (23.7%)
(RDMA_READ_CONSUME_CHECK_CONSUMER) timestamp=12029 ms, used_size=9689088 bytes (23.7%)
(RDMA_READ_CONSUME_CHECK_CONSUMER) timestamp=12029 ms, used_size=9687040 bytes (23.6%)
(RDMA_READ_CONSUME_CHECK_CONSUMER) timestamp=12029 ms, used_size=9684992 bytes (23.6%)
(RDMA_READ_CONSUME_CHECK_CONSUMER) timestamp=12029 ms, used_size=9682944 bytes (23.6%)
(RDMA_READ_CONSUME_CHECK_CONSUMER) timestamp=12029 ms, used_size=9680896 bytes (23.6%)
(RDMA_READ_CONSUME_CHECK_CONSUMER) timestamp=12029 ms, used_size=9678848 bytes (23.6%)
(RDMA_READ_CONSUME_CHECK_CONSUMER) timestamp=12029 ms, used_size=9676800 bytes (23.6%)
(RDMA_READ_CONSUME_CHECK_CONSUMER) timestamp=12029 ms, used_size=9674752 bytes (23.6%)
(RDMA_READ_CONSUME_CHECK_CONSUMER) timestamp=12029 ms, used_size=9672704 bytes (23.6%)
(RDMA_READ_CONSUME_CHECK_CONSUMER) timestamp=12029 ms, used_size=9670656 bytes (23.6%)
(RDMA_READ_CONSUME_CHECK_CONSUMER) timestamp=12029 ms, used_size=9668608 bytes (23.6%)
(RDMA_READ_CONSUME_CHECK_CONSUMER) timestamp=12029 ms, used_size=9666560 bytes (23.6%)
(RDMA_READ_CONSUME_CHECK_CONSUMER) timestamp=12029 ms, used_size=9664512 bytes (23.6%)
(RDMA_READ_CONSUME_CHECK_CONSUMER) timestamp=12029 ms, used_size=9662464 bytes (23.6%)
(RDMA_READ_CONSUME_CHECK_CONSUMER) timestamp=12029 ms, used_size=9660416 bytes (23.6%)
(RDMA_READ_CONSUME_CHECK_CONSUMER) timestamp=12029 ms, used_size=9658368 bytes (23.6%)
(RDMA_READ_CONSUME_CHECK_CONSUMER) timestamp=12029 ms, used_size=9656320 bytes (23.6%)
(RDMA_READ_CONSUME_CHECK_CONSUMER) timestamp=12029 ms, used_size=9654272 bytes (23.6%)
(RDMA_READ_CONSUME_CHECK_CONSUMER) timestamp=12029 ms, used_size=9652224 bytes (23.6%)
(RDMA_READ_CONSUME_CHECK_CONSUMER) timestamp=12029 ms, used_size=9650176 bytes (23.6%)
(RDMA_READ_CONSUME_CHECK_CONSUMER) timestamp=12029 ms, used_size=9648128 bytes (23.6%)
(RDMA_READ_CONSUME_CHECK_CONSUMER) timestamp=12029 ms, used_size=9646080 bytes (23.6%)
(RDMA_READ_CONSUME_CHECK_CONSUMER) timestamp=12029 ms, used_size=9644032 bytes (23.5%)
(RDMA_READ_CONSUME_CHECK_CONSUMER) timestamp=12029 ms, used_size=9641984 bytes (23.5%)
(RDMA_READ_CONSUME_CHECK_CONSUMER) timestamp=12029 ms, used_size=9639936 bytes (23.5%)
(RDMA_READ_CONSUME_CHECK_CONSUMER) timestamp=12029 ms, used_size=9637888 bytes (23.5%)
(RDMA_READ_CONSUME_CHECK_CONSUMER) timestamp=12029 ms, used_size=9635840 bytes (23.5%)
(RDMA_READ_CONSUME_CHECK_CONSUMER) timestamp=12029 ms, used_size=9633792 bytes (23.5%)
(RDMA_READ_CONSUME_CHECK_CONSUMER) timestamp=12029 ms, used_size=9631744 bytes (23.5%)
(RDMA_READ_CONSUME_CHECK_CONSUMER) timestamp=12029 ms, used_size=9629696 bytes (23.5%)
(RDMA_READ_CONSUME_CHECK_CONSUMER) timestamp=12029 ms, used_size=9627648 bytes (23.5%)
(RDMA_READ_CONSUME_CHECK_CONSUMER) timestamp=12029 ms, used_size=9625600 bytes (23.5%)
(RDMA_READ_CONSUME_CHECK_CONSUMER) timestamp=12029 ms, used_size=9623552 bytes (23.5%)
(RDMA_READ_CONSUME_CHECK_CONSUMER) timestamp=12029 ms, used_size=9621504 bytes (23.5%)
(RDMA_READ_CONSUME_CHECK_CONSUMER) timestamp=12029 ms, used_size=9619456 bytes (23.5%)
(RDMA_READ_CONSUME_CHECK_CONSUMER) timestamp=12029 ms, used_size=9617408 bytes (23.5%)
(RDMA_READ_CONSUME_CHECK_CONSUMER) timestamp=12029 ms, used_size=9615360 bytes (23.5%)
(RDMA_READ_CONSUME_CHECK_CONSUMER) timestamp=12029 ms, used_size=9613312 bytes (23.5%)
(RDMA_READ_CONSUME_CHECK_CONSUMER) timestamp=12029 ms, used_size=9611264 bytes (23.5%)
(RDMA_READ_CONSUME_CHECK_CONSUMER) timestamp=12029 ms, used_size=9609216 bytes (23.5%)
(RDMA_READ_CONSUME_CHECK_CONSUMER) timestamp=12029 ms, used_size=9607168 bytes (23.5%)
(RDMA_READ_CONSUME_CHECK_CONSUMER) timestamp=12029 ms, used_size=9605120 bytes (23.4%)
(RDMA_READ_CONSUME_CHECK_CONSUMER) timestamp=12029 ms, used_size=9603072 bytes (23.4%)
(RDMA_READ_CONSUME_CHECK_CONSUMER) timestamp=12029 ms, used_size=9601024 bytes (23.4%)
(RDMA_READ_CONSUME_CHECK_CONSUMER) timestamp=12029 ms, used_size=9598976 bytes (23.4%)
(RDMA_READ_CONSUME_CHECK_CONSUMER) timestamp=12029 ms, used_size=9596928 bytes (23.4%)
(RDMA_READ_CONSUME_CHECK_CONSUMER) timestamp=12029 ms, used_size=9594880 bytes (23.4%)
(RDMA_READ_CONSUME_CHECK_CONSUMER) timestamp=12029 ms, used_size=9592832 bytes (23.4%)
(RDMA_READ_CONSUME_CHECK_CONSUMER) timestamp=12029 ms, used_size=9590784 bytes (23.4%)
(RDMA_READ_CONSUME_CHECK_CONSUMER) timestamp=12029 ms, used_size=9588736 bytes (23.4%)
(RDMA_READ_CONSUME_CHECK_CONSUMER) timestamp=12029 ms, used_size=9586688 bytes (23.4%)
(RDMA_READ_CONSUME_CHECK_CONSUMER) timestamp=12029 ms, used_size=9584640 bytes (23.4%)
(RDMA_READ_CONSUME_CHECK_CONSUMER) timestamp=12029 ms, used_size=9582592 bytes (23.4%)
(RDMA_READ_CONSUME_CHECK_CONSUMER) timestamp=12029 ms, used_size=9580544 bytes (23.4%)
(RDMA_READ_CONSUME_CHECK_CONSUMER) timestamp=12029 ms, used_size=9578496 bytes (23.4%)
(RDMA_READ_CONSUME_CHECK_CONSUMER) timestamp=12029 ms, used_size=9576448 bytes (23.4%)
(RDMA_READ_CONSUME_CHECK_CONSUMER) timestamp=12029 ms, used_size=9574400 bytes (23.4%)
(RDMA_READ_CONSUME_CHECK_CONSUMER) timestamp=12029 ms, used_size=9572352 bytes (23.4%)
(RDMA_READ_CONSUME_CHECK_CONSUMER) timestamp=12029 ms, used_size=9570304 bytes (23.4%)
(RDMA_READ_CONSUME_CHECK_CONSUMER) timestamp=12029 ms, used_size=9568256 bytes (23.4%)
(RDMA_READ_CONSUME_CHECK_CONSUMER) timestamp=12029 ms, used_size=9566208 bytes (23.4%)
(RDMA_READ_CONSUME_CHECK_CONSUMER) timestamp=12029 ms, used_size=9564160 bytes (23.4%)
(RDMA_READ_CONSUME_CHECK_CONSUMER) timestamp=12029 ms, used_size=9562112 bytes (23.3%)
(RDMA_READ_CONSUME_CHECK_CONSUMER) timestamp=12029 ms, used_size=9560064 bytes (23.3%)
(RDMA_READ_CONSUME_CHECK_CONSUMER) timestamp=12029 ms, used_size=9558016 bytes (23.3%)
(RDMA_READ_CONSUME_CHECK_CONSUMER) timestamp=12029 ms, used_size=9555968 bytes (23.3%)
(RDMA_READ_CONSUME_CHECK_CONSUMER) timestamp=12029 ms, used_size=9553920 bytes (23.3%)
(RDMA_READ_CONSUME_CHECK_CONSUMER) timestamp=12029 ms, used_size=9551872 bytes (23.3%)
(RDMA_READ_CONSUME_CHECK_CONSUMER) timestamp=12029 ms, used_size=9549824 bytes (23.3%)
(RDMA_READ_CONSUME_CHECK_CONSUMER) timestamp=12029 ms, used_size=9547776 bytes (23.3%)
(RDMA_READ_CONSUME_CHECK_CONSUMER) timestamp=12029 ms, used_size=9545728 bytes (23.3%)
(RDMA_READ_CONSUME_CHECK_CONSUMER) timestamp=12029 ms, used_size=9543680 bytes (23.3%)
(RDMA_READ_CONSUME_CHECK_CONSUMER) timestamp=12029 ms, used_size=9541632 bytes (23.3%)
(RDMA_READ_CONSUME_CHECK_CONSUMER) timestamp=12029 ms, used_size=9539584 bytes (23.3%)
(RDMA_READ_CONSUME_CHECK_CONSUMER) timestamp=12029 ms, used_size=9537536 bytes (23.3%)
(RDMA_READ_CONSUME_CHECK_CONSUMER) timestamp=12029 ms, used_size=9535488 bytes (23.3%)
(RDMA_READ_CONSUME_CHECK_CONSUMER) timestamp=12029 ms, used_size=9533440 bytes (23.3%)
(RDMA_READ_CONSUME_CHECK_CONSUMER) timestamp=12029 ms, used_size=9531392 bytes (23.3%)
(RDMA_READ_CONSUME_CHECK_CONSUMER) timestamp=12029 ms, used_size=9529344 bytes (23.3%)
(RDMA_READ_CONSUME_CHECK_CONSUMER) timestamp=12029 ms, used_size=9527296 bytes (23.3%)
(RDMA_READ_CONSUME_CHECK_CONSUMER) timestamp=12029 ms, used_size=9525248 bytes (23.3%)
(RDMA_READ_CONSUME_CHECK_CONSUMER) timestamp=12029 ms, used_size=9523200 bytes (23.2%)
(RDMA_READ_CONSUME_CHECK_CONSUMER) timestamp=12029 ms, used_size=9521152 bytes (23.2%)
(RDMA_READ_CONSUME_CHECK_CONSUMER) timestamp=12029 ms, used_size=9519104 bytes (23.2%)
(RDMA_READ_CONSUME_CHECK_CONSUMER) timestamp=12029 ms, used_size=9517056 bytes (23.2%)
(RDMA_READ_CONSUME_CHECK_CONSUMER) timestamp=12029 ms, used_size=9515008 bytes (23.2%)
(RDMA_READ_CONSUME_CHECK_CONSUMER) timestamp=12029 ms, used_size=9512960 bytes (23.2%)
(RDMA_READ_CONSUME_CHECK_CONSUMER) timestamp=12029 ms, used_size=9510912 bytes (23.2%)
(RDMA_READ_CONSUME_CHECK_CONSUMER) timestamp=12029 ms, used_size=9508864 bytes (23.2%)
(RDMA_READ_CONSUME_CHECK_CONSUMER) timestamp=12029 ms, used_size=9506816 bytes (23.2%)
(RDMA_READ_CONSUME_CHECK_CONSUMER) timestamp=12029 ms, used_size=9504768 bytes (23.2%)
(RDMA_READ_CONSUME_CHECK_CONSUMER) timestamp=12029 ms, used_size=9502720 bytes (23.2%)
(RDMA_READ_CONSUME_CHECK_CONSUMER) timestamp=12029 ms, used_size=9500672 bytes (23.2%)
(RDMA_READ_CONSUME_CHECK_CONSUMER) timestamp=12029 ms, used_size=9498624 bytes (23.2%)
(RDMA_READ_CONSUME_CHECK_CONSUMER) timestamp=12029 ms, used_size=9496576 bytes (23.2%)
(RDMA_READ_CONSUME_CHECK_CONSUMER) timestamp=12029 ms, used_size=9494528 bytes (23.2%)
(RDMA_READ_CONSUME_CHECK_CONSUMER) timestamp=12029 ms, used_size=9492480 bytes (23.2%)
(RDMA_READ_CONSUME_CHECK_CONSUMER) timestamp=12029 ms, used_size=9490432 bytes (23.2%)
(RDMA_READ_CONSUME_CHECK_CONSUMER) timestamp=12030 ms, used_size=9488384 bytes (23.2%)
(RDMA_READ_CONSUME_CHECK_CONSUMER) timestamp=12030 ms, used_size=9486336 bytes (23.2%)
(RDMA_READ_CONSUME_CHECK_CONSUMER) timestamp=12030 ms, used_size=9484288 bytes (23.2%)
(RDMA_READ_CONSUME_CHECK_CONSUMER) timestamp=12030 ms, used_size=9482240 bytes (23.1%)
(RDMA_READ_CONSUME_CHECK_CONSUMER) timestamp=12030 ms, used_size=9480192 bytes (23.1%)
(RDMA_READ_CONSUME_CHECK_CONSUMER) timestamp=12030 ms, used_size=9478144 bytes (23.1%)
(RDMA_READ_CONSUME_CHECK_CONSUMER) timestamp=12030 ms, used_size=9476096 bytes (23.1%)
(RDMA_READ_CONSUME_CHECK_CONSUMER) timestamp=12030 ms, used_size=9474048 bytes (23.1%)
(RDMA_READ_CONSUME_CHECK_CONSUMER) timestamp=12030 ms, used_size=9472000 bytes (23.1%)
(RDMA_READ_CONSUME_CHECK_CONSUMER) timestamp=12030 ms, used_size=9469952 bytes (23.1%)
(RDMA_READ_CONSUME_CHECK_CONSUMER) timestamp=12030 ms, used_size=9467904 bytes (23.1%)
(RDMA_READ_CONSUME_CHECK_CONSUMER) timestamp=12030 ms, used_size=9465856 bytes (23.1%)
(RDMA_READ_CONSUME_CHECK_CONSUMER) timestamp=12030 ms, used_size=9463808 bytes (23.1%)
(RDMA_READ_CONSUME_CHECK_CONSUMER) timestamp=12030 ms, used_size=9461760 bytes (23.1%)
(RDMA_READ_CONSUME_CHECK_CONSUMER) timestamp=12030 ms, used_size=9459712 bytes (23.1%)
(RDMA_READ_CONSUME_CHECK_CONSUMER) timestamp=12030 ms, used_size=9457664 bytes (23.1%)
(RDMA_READ_CONSUME_CHECK_CONSUMER) timestamp=12030 ms, used_size=9455616 bytes (23.1%)
(RDMA_READ_CONSUME_CHECK_CONSUMER) timestamp=12030 ms, used_size=9453568 bytes (23.1%)
(RDMA_READ_CONSUME_CHECK_CONSUMER) timestamp=12030 ms, used_size=9451520 bytes (23.1%)
(RDMA_READ_CONSUME_CHECK_CONSUMER) timestamp=12030 ms, used_size=9449472 bytes (23.1%)
(RDMA_READ_CONSUME_CHECK_CONSUMER) timestamp=12030 ms, used_size=9447424 bytes (23.1%)
(RDMA_READ_CONSUME_CHECK_CONSUMER) timestamp=12030 ms, used_size=9445376 bytes (23.1%)
(RDMA_READ_CONSUME_CHECK_CONSUMER) timestamp=12030 ms, used_size=9443328 bytes (23.1%)
(RDMA_READ_CONSUME_CHECK_CONSUMER) timestamp=12030 ms, used_size=9441280 bytes (23.1%)
(RDMA_READ_CONSUME_CHECK_CONSUMER) timestamp=12030 ms, used_size=9439232 bytes (23.0%)
(RDMA_READ_CONSUME_CHECK_CONSUMER) timestamp=12030 ms, used_size=9437184 bytes (23.0%)
(RDMA_READ_CONSUME_CHECK_CONSUMER) timestamp=12030 ms, used_size=9435136 bytes (23.0%)
(RDMA_READ_CONSUME_CHECK_CONSUMER) timestamp=12030 ms, used_size=9433088 bytes (23.0%)
(RDMA_READ_CONSUME_CHECK_CONSUMER) timestamp=12030 ms, used_size=9431040 bytes (23.0%)
(RDMA_READ_CONSUME_CHECK_CONSUMER) timestamp=12030 ms, used_size=9428992 bytes (23.0%)
(RDMA_READ_CONSUME_CHECK_CONSUMER) timestamp=12030 ms, used_size=9426944 bytes (23.0%)
(RDMA_READ_CONSUME_CHECK_CONSUMER) timestamp=12030 ms, used_size=9424896 bytes (23.0%)
(RDMA_READ_CONSUME_CHECK_CONSUMER) timestamp=12030 ms, used_size=9422848 bytes (23.0%)
(RDMA_READ_CONSUME_CHECK_CONSUMER) timestamp=12030 ms, used_size=9420800 bytes (23.0%)
(RDMA_READ_CONSUME_CHECK_CONSUMER) timestamp=12030 ms, used_size=9418752 bytes (23.0%)
(RDMA_READ_CONSUME_CHECK_CONSUMER) timestamp=12030 ms, used_size=9416704 bytes (23.0%)
(RDMA_READ_CONSUME_CHECK_CONSUMER) timestamp=12030 ms, used_size=9414656 bytes (23.0%)
(RDMA_READ_CONSUME_CHECK_CONSUMER) timestamp=12030 ms, used_size=9412608 bytes (23.0%)
(RDMA_READ_CONSUME_CHECK_CONSUMER) timestamp=12030 ms, used_size=9410560 bytes (23.0%)
(RDMA_READ_CONSUME_CHECK_CONSUMER) timestamp=12030 ms, used_size=9408512 bytes (23.0%)
(RDMA_READ_CONSUME_CHECK_CONSUMER) timestamp=12030 ms, used_size=9406464 bytes (23.0%)
(RDMA_READ_CONSUME_CHECK_CONSUMER) timestamp=12030 ms, used_size=9404416 bytes (23.0%)
(RDMA_READ_CONSUME_CHECK_CONSUMER) timestamp=12030 ms, used_size=9402368 bytes (23.0%)
(RDMA_READ_CONSUME_CHECK_CONSUMER) timestamp=12030 ms, used_size=9400320 bytes (22.9%)
(RDMA_READ_CONSUME_CHECK_CONSUMER) timestamp=12030 ms, used_size=9398272 bytes (22.9%)
(RDMA_READ_CONSUME_CHECK_CONSUMER) timestamp=12030 ms, used_size=9396224 bytes (22.9%)
(RDMA_READ_CONSUME_CHECK_CONSUMER) timestamp=12030 ms, used_size=9394176 bytes (22.9%)
(RDMA_READ_CONSUME_CHECK_CONSUMER) timestamp=12030 ms, used_size=9392128 bytes (22.9%)
(RDMA_READ_CONSUME_CHECK_CONSUMER) timestamp=12030 ms, used_size=9390080 bytes (22.9%)
(RDMA_READ_CONSUME_CHECK_CONSUMER) timestamp=12030 ms, used_size=9388032 bytes (22.9%)
(RDMA_READ_CONSUME_CHECK_CONSUMER) timestamp=12030 ms, used_size=9385984 bytes (22.9%)
(RDMA_READ_CONSUME_CHECK_CONSUMER) timestamp=12030 ms, used_size=9383936 bytes (22.9%)
(RDMA_READ_CONSUME_CHECK_CONSUMER) timestamp=12030 ms, used_size=9381888 bytes (22.9%)
(RDMA_READ_CONSUME_CHECK_CONSUMER) timestamp=12030 ms, used_size=9379840 bytes (22.9%)
(RDMA_READ_CONSUME_CHECK_CONSUMER) timestamp=12030 ms, used_size=9377792 bytes (22.9%)
(RDMA_READ_CONSUME_CHECK_CONSUMER) timestamp=12030 ms, used_size=9375744 bytes (22.9%)
(RDMA_READ_CONSUME_CHECK_CONSUMER) timestamp=12030 ms, used_size=9373696 bytes (22.9%)
(RDMA_READ_CONSUME_CHECK_CONSUMER) timestamp=12030 ms, used_size=9371648 bytes (22.9%)
(RDMA_READ_CONSUME_CHECK_CONSUMER) timestamp=12030 ms, used_size=9369600 bytes (22.9%)
(RDMA_READ_CONSUME_CHECK_CONSUMER) timestamp=12030 ms, used_size=9367552 bytes (22.9%)
(RDMA_READ_CONSUME_CHECK_CONSUMER) timestamp=12030 ms, used_size=9365504 bytes (22.9%)
(RDMA_READ_CONSUME_CHECK_CONSUMER) timestamp=12030 ms, used_size=9363456 bytes (22.9%)
(RDMA_READ_CONSUME_CHECK_CONSUMER) timestamp=12030 ms, used_size=9361408 bytes (22.9%)
(RDMA_READ_CONSUME_CHECK_CONSUMER) timestamp=12030 ms, used_size=9359360 bytes (22.9%)
(RDMA_READ_CONSUME_CHECK_CONSUMER) timestamp=12030 ms, used_size=9357312 bytes (22.8%)
(RDMA_READ_CONSUME_CHECK_CONSUMER) timestamp=12030 ms, used_size=9355264 bytes (22.8%)
(RDMA_READ_CONSUME_CHECK_CONSUMER) timestamp=12030 ms, used_size=9353216 bytes (22.8%)
(RDMA_READ_CONSUME_CHECK_CONSUMER) timestamp=12030 ms, used_size=9351168 bytes (22.8%)
(RDMA_READ_CONSUME_CHECK_CONSUMER) timestamp=12030 ms, used_size=9349120 bytes (22.8%)
(RDMA_READ_CONSUME_CHECK_CONSUMER) timestamp=12030 ms, used_size=9347072 bytes (22.8%)
(RDMA_READ_CONSUME_CHECK_CONSUMER) timestamp=12030 ms, used_size=9345024 bytes (22.8%)
(RDMA_READ_CONSUME_CHECK_CONSUMER) timestamp=12030 ms, used_size=9342976 bytes (22.8%)
(RDMA_READ_CONSUME_CHECK_CONSUMER) timestamp=12030 ms, used_size=9340928 bytes (22.8%)
(RDMA_READ_CONSUME_CHECK_CONSUMER) timestamp=12030 ms, used_size=9338880 bytes (22.8%)
(RDMA_READ_CONSUME_CHECK_CONSUMER) timestamp=12030 ms, used_size=9336832 bytes (22.8%)
(RDMA_READ_CONSUME_CHECK_CONSUMER) timestamp=12030 ms, used_size=9334784 bytes (22.8%)
(RDMA_READ_CONSUME_CHECK_CONSUMER) timestamp=12030 ms, used_size=9332736 bytes (22.8%)
(RDMA_READ_CONSUME_CHECK_CONSUMER) timestamp=12030 ms, used_size=9330688 bytes (22.8%)
(RDMA_READ_CONSUME_CHECK_CONSUMER) timestamp=12030 ms, used_size=9328640 bytes (22.8%)
(RDMA_READ_CONSUME_CHECK_CONSUMER) timestamp=12030 ms, used_size=9326592 bytes (22.8%)
(RDMA_READ_CONSUME_CHECK_CONSUMER) timestamp=12030 ms, used_size=9324544 bytes (22.8%)
(RDMA_READ_CONSUME_CHECK_CONSUMER) timestamp=12030 ms, used_size=9322496 bytes (22.8%)
(RDMA_READ_CONSUME_CHECK_CONSUMER) timestamp=12030 ms, used_size=9320448 bytes (22.8%)
(RDMA_READ_CONSUME_CHECK_CONSUMER) timestamp=12030 ms, used_size=9318400 bytes (22.8%)
(RDMA_READ_CONSUME_CHECK_CONSUMER) timestamp=12030 ms, used_size=9316352 bytes (22.7%)
(RDMA_READ_CONSUME_CHECK_CONSUMER) timestamp=12030 ms, used_size=9314304 bytes (22.7%)
(RDMA_READ_CONSUME_CHECK_CONSUMER) timestamp=12030 ms, used_size=9312256 bytes (22.7%)
(RDMA_READ_CONSUME_CHECK_CONSUMER) timestamp=12030 ms, used_size=9310208 bytes (22.7%)
(RDMA_READ_CONSUME_CHECK_CONSUMER) timestamp=12030 ms, used_size=9308160 bytes (22.7%)
(RDMA_READ_CONSUME_CHECK_CONSUMER) timestamp=12030 ms, used_size=9306112 bytes (22.7%)
(RDMA_READ_CONSUME_CHECK_CONSUMER) timestamp=12030 ms, used_size=9304064 bytes (22.7%)
(RDMA_READ_CONSUME_CHECK_CONSUMER) timestamp=12030 ms, used_size=9302016 bytes (22.7%)
(RDMA_READ_CONSUME_CHECK_CONSUMER) timestamp=12030 ms, used_size=9299968 bytes (22.7%)
(RDMA_READ_CONSUME_CHECK_CONSUMER) timestamp=12030 ms, used_size=9297920 bytes (22.7%)
(RDMA_READ_CONSUME_CHECK_CONSUMER) timestamp=12030 ms, used_size=9295872 bytes (22.7%)
(RDMA_READ_CONSUME_CHECK_CONSUMER) timestamp=12030 ms, used_size=9293824 bytes (22.7%)
(RDMA_READ_CONSUME_CHECK_CONSUMER) timestamp=12030 ms, used_size=9291776 bytes (22.7%)
(RDMA_READ_CONSUME_CHECK_CONSUMER) timestamp=12030 ms, used_size=9289728 bytes (22.7%)
(RDMA_READ_CONSUME_CHECK_CONSUMER) timestamp=12030 ms, used_size=9287680 bytes (22.7%)
(RDMA_READ_CONSUME_CHECK_CONSUMER) timestamp=12030 ms, used_size=9285632 bytes (22.7%)
(RDMA_READ_CONSUME_CHECK_CONSUMER) timestamp=12030 ms, used_size=9283584 bytes (22.7%)
(RDMA_READ_CONSUME_CHECK_CONSUMER) timestamp=12030 ms, used_size=9281536 bytes (22.7%)
(RDMA_READ_CONSUME_CHECK_CONSUMER) timestamp=12030 ms, used_size=9279488 bytes (22.7%)
(RDMA_READ_CONSUME_CHECK_CONSUMER) timestamp=12030 ms, used_size=9277440 bytes (22.6%)
(RDMA_READ_CONSUME_CHECK_CONSUMER) timestamp=12030 ms, used_size=9275392 bytes (22.6%)
(RDMA_READ_CONSUME_CHECK_CONSUMER) timestamp=12030 ms, used_size=9273344 bytes (22.6%)
(RDMA_READ_CONSUME_CHECK_CONSUMER) timestamp=12030 ms, used_size=9271296 bytes (22.6%)
(RDMA_READ_CONSUME_CHECK_CONSUMER) timestamp=12030 ms, used_size=9269248 bytes (22.6%)
(RDMA_READ_CONSUME_CHECK_CONSUMER) timestamp=12030 ms, used_size=9267200 bytes (22.6%)
(RDMA_READ_CONSUME_CHECK_CONSUMER) timestamp=12030 ms, used_size=9265152 bytes (22.6%)
(RDMA_READ_CONSUME_CHECK_CONSUMER) timestamp=12030 ms, used_size=9263104 bytes (22.6%)
(RDMA_READ_CONSUME_CHECK_CONSUMER) timestamp=12030 ms, used_size=9261056 bytes (22.6%)
(RDMA_READ_CONSUME_CHECK_CONSUMER) timestamp=12030 ms, used_size=9259008 bytes (22.6%)
(RDMA_READ_CONSUME_CHECK_CONSUMER) timestamp=12030 ms, used_size=9256960 bytes (22.6%)
(RDMA_READ_CONSUME_CHECK_CONSUMER) timestamp=12030 ms, used_size=9254912 bytes (22.6%)
(RDMA_READ_CONSUME_CHECK_CONSUMER) timestamp=12030 ms, used_size=9252864 bytes (22.6%)
(RDMA_READ_CONSUME_CHECK_CONSUMER) timestamp=12030 ms, used_size=9250816 bytes (22.6%)
(RDMA_READ_CONSUME_CHECK_CONSUMER) timestamp=12030 ms, used_size=9248768 bytes (22.6%)
(RDMA_READ_CONSUME_CHECK_CONSUMER) timestamp=12030 ms, used_size=9246720 bytes (22.6%)
(RDMA_READ_CONSUME_CHECK_CONSUMER) timestamp=12030 ms, used_size=9244672 bytes (22.6%)
(RDMA_READ_CONSUME_CHECK_CONSUMER) timestamp=12030 ms, used_size=9242624 bytes (22.6%)
(RDMA_READ_CONSUME_CHECK_CONSUMER) timestamp=12030 ms, used_size=9240576 bytes (22.6%)
(RDMA_READ_CONSUME_CHECK_CONSUMER) timestamp=12030 ms, used_size=9238528 bytes (22.6%)
(RDMA_READ_CONSUME_CHECK_CONSUMER) timestamp=12030 ms, used_size=9236480 bytes (22.6%)
(RDMA_READ_CONSUME_CHECK_CONSUMER) timestamp=12030 ms, used_size=9234432 bytes (22.5%)
(RDMA_READ_CONSUME_CHECK_CONSUMER) timestamp=12030 ms, used_size=9232384 bytes (22.5%)
(RDMA_READ_CONSUME_CHECK_CONSUMER) timestamp=12030 ms, used_size=9230336 bytes (22.5%)
(RDMA_READ_CONSUME_CHECK_CONSUMER) timestamp=12030 ms, used_size=9228288 bytes (22.5%)
(RDMA_READ_CONSUME_CHECK_CONSUMER) timestamp=12030 ms, used_size=9226240 bytes (22.5%)
(RDMA_READ_CONSUME_CHECK_CONSUMER) timestamp=12030 ms, used_size=9224192 bytes (22.5%)
(RDMA_READ_CONSUME_CHECK_CONSUMER) timestamp=12030 ms, used_size=9222144 bytes (22.5%)
(RDMA_READ_CONSUME_CHECK_CONSUMER) timestamp=12030 ms, used_size=9220096 bytes (22.5%)
(RDMA_READ_CONSUME_CHECK_CONSUMER) timestamp=12030 ms, used_size=9218048 bytes (22.5%)
(RDMA_READ_CONSUME_CHECK_CONSUMER) timestamp=12030 ms, used_size=9216000 bytes (22.5%)
(RDMA_READ_CONSUME_CHECK_CONSUMER) timestamp=12030 ms, used_size=9213952 bytes (22.5%)
(RDMA_READ_CONSUME_CHECK_CONSUMER) timestamp=12030 ms, used_size=9211904 bytes (22.5%)
(RDMA_READ_CONSUME_CHECK_CONSUMER) timestamp=12030 ms, used_size=9209856 bytes (22.5%)
(RDMA_READ_CONSUME_CHECK_CONSUMER) timestamp=12030 ms, used_size=9207808 bytes (22.5%)
(RDMA_READ_CONSUME_CHECK_CONSUMER) timestamp=12030 ms, used_size=9205760 bytes (22.5%)
(RDMA_READ_CONSUME_CHECK_CONSUMER) timestamp=12030 ms, used_size=9203712 bytes (22.5%)
(RDMA_READ_CONSUME_CHECK_CONSUMER) timestamp=12030 ms, used_size=9201664 bytes (22.5%)
(RDMA_READ_CONSUME_CHECK_CONSUMER) timestamp=12030 ms, used_size=9199616 bytes (22.5%)
(RDMA_READ_CONSUME_CHECK_CONSUMER) timestamp=12030 ms, used_size=9197568 bytes (22.5%)
(RDMA_READ_CONSUME_CHECK_CONSUMER) timestamp=12030 ms, used_size=9195520 bytes (22.4%)
(RDMA_READ_CONSUME_CHECK_CONSUMER) timestamp=12030 ms, used_size=9193472 bytes (22.4%)
(RDMA_READ_CONSUME_CHECK_CONSUMER) timestamp=12030 ms, used_size=9191424 bytes (22.4%)
(RDMA_READ_CONSUME_CHECK_CONSUMER) timestamp=12030 ms, used_size=9189376 bytes (22.4%)
(RDMA_READ_CONSUME_CHECK_CONSUMER) timestamp=12030 ms, used_size=9187328 bytes (22.4%)
(RDMA_READ_CONSUME_CHECK_CONSUMER) timestamp=12030 ms, used_size=9185280 bytes (22.4%)
(RDMA_READ_CONSUME_CHECK_CONSUMER) timestamp=12030 ms, used_size=9183232 bytes (22.4%)
(RDMA_READ_CONSUME_CHECK_CONSUMER) timestamp=12030 ms, used_size=9181184 bytes (22.4%)
(RDMA_READ_CONSUME_CHECK_CONSUMER) timestamp=12030 ms, used_size=9179136 bytes (22.4%)
(RDMA_READ_CONSUME_CHECK_CONSUMER) timestamp=12030 ms, used_size=9177088 bytes (22.4%)
(RDMA_READ_CONSUME_CHECK_CONSUMER) timestamp=12030 ms, used_size=9175040 bytes (22.4%)
(RDMA_READ_CONSUME_CHECK_CONSUMER) timestamp=12030 ms, used_size=9172992 bytes (22.4%)
(RDMA_READ_CONSUME_CHECK_CONSUMER) timestamp=12030 ms, used_size=9170944 bytes (22.4%)
(RDMA_READ_CONSUME_CHECK_CONSUMER) timestamp=12030 ms, used_size=9168896 bytes (22.4%)
(RDMA_READ_CONSUME_CHECK_CONSUMER) timestamp=12030 ms, used_size=9166848 bytes (22.4%)
(RDMA_READ_CONSUME_CHECK_CONSUMER) timestamp=12030 ms, used_size=9164800 bytes (22.4%)
(RDMA_READ_CONSUME_CHECK_CONSUMER) timestamp=12030 ms, used_size=9162752 bytes (22.4%)
(RDMA_READ_CONSUME_CHECK_CONSUMER) timestamp=12030 ms, used_size=9160704 bytes (22.4%)
(RDMA_READ_CONSUME_CHECK_CONSUMER) timestamp=12030 ms, used_size=9158656 bytes (22.4%)
(RDMA_READ_CONSUME_CHECK_CONSUMER) timestamp=12030 ms, used_size=9156608 bytes (22.4%)
(RDMA_READ_CONSUME_CHECK_CONSUMER) timestamp=12030 ms, used_size=9154560 bytes (22.4%)
(RDMA_READ_CONSUME_CHECK_CONSUMER) timestamp=12030 ms, used_size=9152512 bytes (22.3%)
(RDMA_READ_CONSUME_CHECK_CONSUMER) timestamp=12030 ms, used_size=9150464 bytes (22.3%)
(RDMA_READ_CONSUME_CHECK_CONSUMER) timestamp=12030 ms, used_size=9148416 bytes (22.3%)
(RDMA_READ_CONSUME_CHECK_CONSUMER) timestamp=12030 ms, used_size=9146368 bytes (22.3%)
(RDMA_READ_CONSUME_CHECK_CONSUMER) timestamp=12030 ms, used_size=9144320 bytes (22.3%)
(RDMA_READ_CONSUME_CHECK_CONSUMER) timestamp=12030 ms, used_size=9142272 bytes (22.3%)
(RDMA_READ_CONSUME_CHECK_CONSUMER) timestamp=12031 ms, used_size=9140224 bytes (22.3%)
(RDMA_READ_CONSUME_CHECK_CONSUMER) timestamp=12031 ms, used_size=9138176 bytes (22.3%)
(RDMA_READ_CONSUME_CHECK_CONSUMER) timestamp=12031 ms, used_size=9136128 bytes (22.3%)
(RDMA_READ_CONSUME_CHECK_CONSUMER) timestamp=12031 ms, used_size=9134080 bytes (22.3%)
(RDMA_READ_CONSUME_CHECK_CONSUMER) timestamp=12031 ms, used_size=9132032 bytes (22.3%)
(RDMA_READ_CONSUME_CHECK_CONSUMER) timestamp=12031 ms, used_size=9129984 bytes (22.3%)
(RDMA_READ_CONSUME_CHECK_CONSUMER) timestamp=12031 ms, used_size=9127936 bytes (22.3%)
(RDMA_READ_CONSUME_CHECK_CONSUMER) timestamp=12031 ms, used_size=9125888 bytes (22.3%)
(RDMA_READ_CONSUME_CHECK_CONSUMER) timestamp=12031 ms, used_size=9123840 bytes (22.3%)
(RDMA_READ_CONSUME_CHECK_CONSUMER) timestamp=12031 ms, used_size=9121792 bytes (22.3%)
(RDMA_READ_CONSUME_CHECK_CONSUMER) timestamp=12031 ms, used_size=9119744 bytes (22.3%)
(RDMA_READ_CONSUME_CHECK_CONSUMER) timestamp=12031 ms, used_size=9117696 bytes (22.3%)
(RDMA_READ_CONSUME_CHECK_CONSUMER) timestamp=12031 ms, used_size=9115648 bytes (22.3%)
(RDMA_READ_CONSUME_CHECK_CONSUMER) timestamp=12031 ms, used_size=9113600 bytes (22.2%)
(RDMA_READ_CONSUME_CHECK_CONSUMER) timestamp=12031 ms, used_size=9111552 bytes (22.2%)
(RDMA_READ_CONSUME_CHECK_CONSUMER) timestamp=12031 ms, used_size=9109504 bytes (22.2%)
(RDMA_READ_CONSUME_CHECK_CONSUMER) timestamp=12031 ms, used_size=9107456 bytes (22.2%)
(RDMA_READ_CONSUME_CHECK_CONSUMER) timestamp=12031 ms, used_size=9105408 bytes (22.2%)
(RDMA_READ_CONSUME_CHECK_CONSUMER) timestamp=12031 ms, used_size=9103360 bytes (22.2%)
(RDMA_READ_CONSUME_CHECK_CONSUMER) timestamp=12031 ms, used_size=9101312 bytes (22.2%)
(RDMA_READ_CONSUME_CHECK_CONSUMER) timestamp=12031 ms, used_size=9099264 bytes (22.2%)
(RDMA_READ_CONSUME_CHECK_CONSUMER) timestamp=12031 ms, used_size=9097216 bytes (22.2%)
(RDMA_READ_CONSUME_CHECK_CONSUMER) timestamp=12031 ms, used_size=9095168 bytes (22.2%)
(RDMA_READ_CONSUME_CHECK_CONSUMER) timestamp=12031 ms, used_size=9093120 bytes (22.2%)
(RDMA_READ_CONSUME_CHECK_CONSUMER) timestamp=12031 ms, used_size=9091072 bytes (22.2%)
(RDMA_READ_CONSUME_CHECK_CONSUMER) timestamp=12031 ms, used_size=9089024 bytes (22.2%)
(RDMA_READ_CONSUME_CHECK_CONSUMER) timestamp=12031 ms, used_size=9086976 bytes (22.2%)
(RDMA_READ_CONSUME_CHECK_CONSUMER) timestamp=12031 ms, used_size=9084928 bytes (22.2%)
(RDMA_READ_CONSUME_CHECK_CONSUMER) timestamp=12031 ms, used_size=9082880 bytes (22.2%)
(RDMA_READ_CONSUME_CHECK_CONSUMER) timestamp=12031 ms, used_size=9080832 bytes (22.2%)
(RDMA_READ_CONSUME_CHECK_CONSUMER) timestamp=12031 ms, used_size=9078784 bytes (22.2%)
(RDMA_READ_CONSUME_CHECK_CONSUMER) timestamp=12031 ms, used_size=9076736 bytes (22.2%)
(RDMA_READ_CONSUME_CHECK_CONSUMER) timestamp=12031 ms, used_size=9074688 bytes (22.2%)
(RDMA_READ_CONSUME_CHECK_CONSUMER) timestamp=12031 ms, used_size=9072640 bytes (22.1%)
(RDMA_READ_CONSUME_CHECK_CONSUMER) timestamp=12031 ms, used_size=9070592 bytes (22.1%)
(RDMA_READ_CONSUME_CHECK_CONSUMER) timestamp=12031 ms, used_size=9068544 bytes (22.1%)
(RDMA_READ_CONSUME_CHECK_CONSUMER) timestamp=12031 ms, used_size=9066496 bytes (22.1%)
(RDMA_READ_CONSUME_CHECK_CONSUMER) timestamp=12031 ms, used_size=9064448 bytes (22.1%)
(RDMA_READ_CONSUME_CHECK_CONSUMER) timestamp=12031 ms, used_size=9062400 bytes (22.1%)
(RDMA_READ_CONSUME_CHECK_CONSUMER) timestamp=12031 ms, used_size=9060352 bytes (22.1%)
(RDMA_READ_CONSUME_CHECK_CONSUMER) timestamp=12031 ms, used_size=9058304 bytes (22.1%)
(RDMA_READ_CONSUME_CHECK_CONSUMER) timestamp=12031 ms, used_size=9056256 bytes (22.1%)
(RDMA_READ_CONSUME_CHECK_CONSUMER) timestamp=12031 ms, used_size=9054208 bytes (22.1%)
(RDMA_READ_CONSUME_CHECK_CONSUMER) timestamp=12031 ms, used_size=9052160 bytes (22.1%)
(RDMA_READ_CONSUME_CHECK_CONSUMER) timestamp=12031 ms, used_size=9050112 bytes (22.1%)
(RDMA_READ_CONSUME_CHECK_CONSUMER) timestamp=12031 ms, used_size=9048064 bytes (22.1%)
(RDMA_READ_CONSUME_CHECK_CONSUMER) timestamp=12031 ms, used_size=9046016 bytes (22.1%)
(RDMA_READ_CONSUME_CHECK_CONSUMER) timestamp=12031 ms, used_size=9043968 bytes (22.1%)
(RDMA_READ_CONSUME_CHECK_CONSUMER) timestamp=12031 ms, used_size=9041920 bytes (22.1%)
(RDMA_READ_CONSUME_CHECK_CONSUMER) timestamp=12031 ms, used_size=9039872 bytes (22.1%)
(RDMA_READ_CONSUME_CHECK_CONSUMER) timestamp=12031 ms, used_size=9037824 bytes (22.1%)
(RDMA_READ_CONSUME_CHECK_CONSUMER) timestamp=12031 ms, used_size=9035776 bytes (22.1%)
(RDMA_READ_CONSUME_CHECK_CONSUMER) timestamp=12031 ms, used_size=9033728 bytes (22.1%)
(RDMA_READ_CONSUME_CHECK_CONSUMER) timestamp=12031 ms, used_size=9031680 bytes (22.1%)
(RDMA_READ_CONSUME_CHECK_CONSUMER) timestamp=12031 ms, used_size=9029632 bytes (22.0%)
(RDMA_READ_CONSUME_CHECK_CONSUMER) timestamp=12031 ms, used_size=9027584 bytes (22.0%)
(RDMA_READ_CONSUME_CHECK_CONSUMER) timestamp=12031 ms, used_size=9025536 bytes (22.0%)
(RDMA_READ_CONSUME_CHECK_CONSUMER) timestamp=12031 ms, used_size=9023488 bytes (22.0%)
(RDMA_READ_CONSUME_CHECK_CONSUMER) timestamp=12031 ms, used_size=9021440 bytes (22.0%)
(RDMA_READ_CONSUME_CHECK_CONSUMER) timestamp=12031 ms, used_size=9019392 bytes (22.0%)
(RDMA_READ_CONSUME_CHECK_CONSUMER) timestamp=12031 ms, used_size=9017344 bytes (22.0%)
(RDMA_READ_CONSUME_CHECK_CONSUMER) timestamp=12031 ms, used_size=9015296 bytes (22.0%)
(RDMA_READ_CONSUME_CHECK_CONSUMER) timestamp=12031 ms, used_size=9013248 bytes (22.0%)
(RDMA_READ_CONSUME_CHECK_CONSUMER) timestamp=12031 ms, used_size=9011200 bytes (22.0%)
(RDMA_READ_CONSUME_CHECK_CONSUMER) timestamp=12031 ms, used_size=9009152 bytes (22.0%)
(RDMA_READ_CONSUME_CHECK_CONSUMER) timestamp=12031 ms, used_size=9007104 bytes (22.0%)
(RDMA_READ_CONSUME_CHECK_CONSUMER) timestamp=12031 ms, used_size=9005056 bytes (22.0%)
(RDMA_READ_CONSUME_CHECK_CONSUMER) timestamp=12031 ms, used_size=9003008 bytes (22.0%)
(RDMA_READ_CONSUME_CHECK_CONSUMER) timestamp=12031 ms, used_size=9000960 bytes (22.0%)
(RDMA_READ_CONSUME_CHECK_CONSUMER) timestamp=12031 ms, used_size=8998912 bytes (22.0%)
(RDMA_READ_CONSUME_CHECK_CONSUMER) timestamp=12031 ms, used_size=8996864 bytes (22.0%)
(RDMA_READ_CONSUME_CHECK_CONSUMER) timestamp=12031 ms, used_size=8994816 bytes (22.0%)
(RDMA_READ_CONSUME_CHECK_CONSUMER) timestamp=12031 ms, used_size=8992768 bytes (22.0%)
(RDMA_READ_CONSUME_CHECK_CONSUMER) timestamp=12031 ms, used_size=8990720 bytes (21.9%)
(RDMA_READ_CONSUME_CHECK_CONSUMER) timestamp=12031 ms, used_size=8988672 bytes (21.9%)
(RDMA_READ_CONSUME_CHECK_CONSUMER) timestamp=12031 ms, used_size=8986624 bytes (21.9%)
(RDMA_READ_CONSUME_CHECK_CONSUMER) timestamp=12031 ms, used_size=8984576 bytes (21.9%)
(RDMA_READ_CONSUME_CHECK_CONSUMER) timestamp=12031 ms, used_size=8982528 bytes (21.9%)
(RDMA_READ_CONSUME_CHECK_CONSUMER) timestamp=12031 ms, used_size=8980480 bytes (21.9%)
(RDMA_READ_CONSUME_CHECK_CONSUMER) timestamp=12031 ms, used_size=8978432 bytes (21.9%)
(RDMA_READ_CONSUME_CHECK_CONSUMER) timestamp=12031 ms, used_size=8976384 bytes (21.9%)
(RDMA_READ_CONSUME_CHECK_CONSUMER) timestamp=12031 ms, used_size=8974336 bytes (21.9%)
(RDMA_READ_CONSUME_CHECK_CONSUMER) timestamp=12031 ms, used_size=8972288 bytes (21.9%)
(RDMA_READ_CONSUME_CHECK_CONSUMER) timestamp=12031 ms, used_size=8970240 bytes (21.9%)
(RDMA_READ_CONSUME_CHECK_CONSUMER) timestamp=12031 ms, used_size=8968192 bytes (21.9%)
(RDMA_READ_CONSUME_CHECK_CONSUMER) timestamp=12031 ms, used_size=8966144 bytes (21.9%)
(RDMA_READ_CONSUME_CHECK_CONSUMER) timestamp=12031 ms, used_size=8964096 bytes (21.9%)
(RDMA_READ_CONSUME_CHECK_CONSUMER) timestamp=12031 ms, used_size=8962048 bytes (21.9%)
(RDMA_READ_CONSUME_CHECK_CONSUMER) timestamp=12031 ms, used_size=8960000 bytes (21.9%)
(RDMA_READ_CONSUME_CHECK_CONSUMER) timestamp=12031 ms, used_size=8957952 bytes (21.9%)
(RDMA_READ_CONSUME_CHECK_CONSUMER) timestamp=12031 ms, used_size=8955904 bytes (21.9%)
(RDMA_READ_CONSUME_CHECK_CONSUMER) timestamp=12031 ms, used_size=8953856 bytes (21.9%)
(RDMA_READ_CONSUME_CHECK_CONSUMER) timestamp=12031 ms, used_size=8951808 bytes (21.9%)
(RDMA_READ_CONSUME_CHECK_CONSUMER) timestamp=12031 ms, used_size=8949760 bytes (21.9%)
(RDMA_READ_CONSUME_CHECK_CONSUMER) timestamp=12031 ms, used_size=8947712 bytes (21.8%)
(RDMA_READ_CONSUME_CHECK_CONSUMER) timestamp=12031 ms, used_size=8945664 bytes (21.8%)
(RDMA_READ_CONSUME_CHECK_CONSUMER) timestamp=12031 ms, used_size=8943616 bytes (21.8%)
(RDMA_READ_CONSUME_CHECK_CONSUMER) timestamp=12031 ms, used_size=8941568 bytes (21.8%)
(RDMA_READ_CONSUME_CHECK_CONSUMER) timestamp=12031 ms, used_size=8939520 bytes (21.8%)
(RDMA_READ_CONSUME_CHECK_CONSUMER) timestamp=12031 ms, used_size=8937472 bytes (21.8%)
(RDMA_READ_CONSUME_CHECK_CONSUMER) timestamp=12031 ms, used_size=8935424 bytes (21.8%)
(RDMA_READ_CONSUME_CHECK_CONSUMER) timestamp=12031 ms, used_size=8933376 bytes (21.8%)
(RDMA_READ_CONSUME_CHECK_CONSUMER) timestamp=12031 ms, used_size=8931328 bytes (21.8%)
(RDMA_READ_CONSUME_CHECK_CONSUMER) timestamp=12031 ms, used_size=8929280 bytes (21.8%)
(RDMA_READ_CONSUME_CHECK_CONSUMER) timestamp=12031 ms, used_size=8927232 bytes (21.8%)
(RDMA_READ_CONSUME_CHECK_CONSUMER) timestamp=12031 ms, used_size=8925184 bytes (21.8%)
(RDMA_READ_CONSUME_CHECK_CONSUMER) timestamp=12031 ms, used_size=8923136 bytes (21.8%)
(RDMA_READ_CONSUME_CHECK_CONSUMER) timestamp=12031 ms, used_size=8921088 bytes (21.8%)
(RDMA_READ_CONSUME_CHECK_CONSUMER) timestamp=12031 ms, used_size=8919040 bytes (21.8%)
(RDMA_READ_CONSUME_CHECK_CONSUMER) timestamp=12031 ms, used_size=8916992 bytes (21.8%)
(RDMA_READ_CONSUME_CHECK_CONSUMER) timestamp=12031 ms, used_size=8914944 bytes (21.8%)
(RDMA_READ_CONSUME_CHECK_CONSUMER) timestamp=12031 ms, used_size=8912896 bytes (21.8%)
(RDMA_READ_CONSUME_CHECK_CONSUMER) timestamp=12031 ms, used_size=8910848 bytes (21.8%)
(RDMA_READ_CONSUME_CHECK_CONSUMER) timestamp=12031 ms, used_size=8908800 bytes (21.8%)
(RDMA_READ_CONSUME_CHECK_CONSUMER) timestamp=12031 ms, used_size=8906752 bytes (21.7%)
(RDMA_READ_CONSUME_CHECK_CONSUMER) timestamp=12031 ms, used_size=8904704 bytes (21.7%)
(RDMA_READ_CONSUME_CHECK_CONSUMER) timestamp=12031 ms, used_size=8902656 bytes (21.7%)
(RDMA_READ_CONSUME_CHECK_CONSUMER) timestamp=12031 ms, used_size=8900608 bytes (21.7%)
(RDMA_READ_CONSUME_CHECK_CONSUMER) timestamp=12031 ms, used_size=8898560 bytes (21.7%)
(RDMA_READ_CONSUME_CHECK_CONSUMER) timestamp=12031 ms, used_size=8896512 bytes (21.7%)
(RDMA_READ_CONSUME_CHECK_CONSUMER) timestamp=12031 ms, used_size=8894464 bytes (21.7%)
(RDMA_READ_CONSUME_CHECK_CONSUMER) timestamp=12031 ms, used_size=8892416 bytes (21.7%)
(RDMA_READ_CONSUME_CHECK_CONSUMER) timestamp=12031 ms, used_size=8890368 bytes (21.7%)
(RDMA_READ_CONSUME_CHECK_CONSUMER) timestamp=12031 ms, used_size=8888320 bytes (21.7%)
(RDMA_READ_CONSUME_CHECK_CONSUMER) timestamp=12031 ms, used_size=8886272 bytes (21.7%)
(RDMA_READ_CONSUME_CHECK_CONSUMER) timestamp=12031 ms, used_size=8884224 bytes (21.7%)
(RDMA_READ_CONSUME_CHECK_CONSUMER) timestamp=12031 ms, used_size=8882176 bytes (21.7%)
(RDMA_READ_CONSUME_CHECK_CONSUMER) timestamp=12031 ms, used_size=8880128 bytes (21.7%)
(RDMA_READ_CONSUME_CHECK_CONSUMER) timestamp=12031 ms, used_size=8878080 bytes (21.7%)
(RDMA_READ_CONSUME_CHECK_CONSUMER) timestamp=12031 ms, used_size=8876032 bytes (21.7%)
(RDMA_READ_CONSUME_CHECK_CONSUMER) timestamp=12031 ms, used_size=8873984 bytes (21.7%)
(RDMA_READ_CONSUME_CHECK_CONSUMER) timestamp=12031 ms, used_size=8871936 bytes (21.7%)
(RDMA_READ_CONSUME_CHECK_CONSUMER) timestamp=12031 ms, used_size=8869888 bytes (21.7%)
(RDMA_READ_CONSUME_CHECK_CONSUMER) timestamp=12031 ms, used_size=8867840 bytes (21.6%)
(RDMA_READ_CONSUME_CHECK_CONSUMER) timestamp=12031 ms, used_size=8865792 bytes (21.6%)
(RDMA_READ_CONSUME_CHECK_CONSUMER) timestamp=12031 ms, used_size=8863744 bytes (21.6%)
(RDMA_READ_CONSUME_CHECK_CONSUMER) timestamp=12031 ms, used_size=8861696 bytes (21.6%)
(RDMA_READ_CONSUME_CHECK_CONSUMER) timestamp=12031 ms, used_size=8859648 bytes (21.6%)
(RDMA_READ_CONSUME_CHECK_CONSUMER) timestamp=12031 ms, used_size=8857600 bytes (21.6%)
(RDMA_READ_CONSUME_CHECK_CONSUMER) timestamp=12031 ms, used_size=8855552 bytes (21.6%)
(RDMA_READ_CONSUME_CHECK_CONSUMER) timestamp=12031 ms, used_size=8853504 bytes (21.6%)
(RDMA_READ_CONSUME_CHECK_CONSUMER) timestamp=12031 ms, used_size=8851456 bytes (21.6%)
(RDMA_READ_CONSUME_CHECK_CONSUMER) timestamp=12031 ms, used_size=8849408 bytes (21.6%)
(RDMA_READ_CONSUME_CHECK_CONSUMER) timestamp=12031 ms, used_size=8847360 bytes (21.6%)
(RDMA_READ_CONSUME_CHECK_CONSUMER) timestamp=12031 ms, used_size=8845312 bytes (21.6%)
(RDMA_READ_CONSUME_CHECK_CONSUMER) timestamp=12031 ms, used_size=8843264 bytes (21.6%)
(RDMA_READ_CONSUME_CHECK_CONSUMER) timestamp=12031 ms, used_size=8841216 bytes (21.6%)
(RDMA_READ_CONSUME_CHECK_CONSUMER) timestamp=12031 ms, used_size=8839168 bytes (21.6%)
(RDMA_READ_CONSUME_CHECK_CONSUMER) timestamp=12031 ms, used_size=8837120 bytes (21.6%)
(RDMA_READ_CONSUME_CHECK_CONSUMER) timestamp=12031 ms, used_size=8835072 bytes (21.6%)
(RDMA_READ_CONSUME_CHECK_CONSUMER) timestamp=12031 ms, used_size=8833024 bytes (21.6%)
(RDMA_READ_CONSUME_CHECK_CONSUMER) timestamp=12031 ms, used_size=8830976 bytes (21.6%)
(RDMA_READ_CONSUME_CHECK_CONSUMER) timestamp=12031 ms, used_size=8828928 bytes (21.6%)
(RDMA_READ_CONSUME_CHECK_CONSUMER) timestamp=12031 ms, used_size=8826880 bytes (21.6%)
(RDMA_READ_CONSUME_CHECK_CONSUMER) timestamp=12031 ms, used_size=8824832 bytes (21.5%)
(RDMA_READ_CONSUME_CHECK_CONSUMER) timestamp=12031 ms, used_size=8822784 bytes (21.5%)
(RDMA_READ_CONSUME_CHECK_CONSUMER) timestamp=12031 ms, used_size=8820736 bytes (21.5%)
(RDMA_READ_CONSUME_CHECK_CONSUMER) timestamp=12031 ms, used_size=8818688 bytes (21.5%)
(RDMA_READ_CONSUME_CHECK_CONSUMER) timestamp=12031 ms, used_size=8816640 bytes (21.5%)
(RDMA_READ_CONSUME_CHECK_CONSUMER) timestamp=12031 ms, used_size=8814592 bytes (21.5%)
(RDMA_READ_CONSUME_CHECK_CONSUMER) timestamp=12031 ms, used_size=8812544 bytes (21.5%)
(RDMA_READ_CONSUME_CHECK_CONSUMER) timestamp=12031 ms, used_size=8810496 bytes (21.5%)
(RDMA_READ_CONSUME_CHECK_CONSUMER) timestamp=12031 ms, used_size=8808448 bytes (21.5%)
(RDMA_READ_CONSUME_CHECK_CONSUMER) timestamp=12031 ms, used_size=8806400 bytes (21.5%)
(RDMA_READ_CONSUME_CHECK_CONSUMER) timestamp=12031 ms, used_size=8804352 bytes (21.5%)
(RDMA_READ_CONSUME_CHECK_CONSUMER) timestamp=12031 ms, used_size=8802304 bytes (21.5%)
(RDMA_READ_CONSUME_CHECK_CONSUMER) timestamp=12031 ms, used_size=8800256 bytes (21.5%)
(RDMA_READ_CONSUME_CHECK_CONSUMER) timestamp=12031 ms, used_size=8798208 bytes (21.5%)
(RDMA_READ_CONSUME_CHECK_CONSUMER) timestamp=12031 ms, used_size=8796160 bytes (21.5%)
(RDMA_READ_CONSUME_CHECK_CONSUMER) timestamp=12031 ms, used_size=8794112 bytes (21.5%)
(RDMA_READ_CONSUME_CHECK_CONSUMER) timestamp=12031 ms, used_size=8792064 bytes (21.5%)
(RDMA_READ_CONSUME_CHECK_CONSUMER) timestamp=12032 ms, used_size=8790016 bytes (21.5%)
(RDMA_READ_CONSUME_CHECK_CONSUMER) timestamp=12032 ms, used_size=8787968 bytes (21.5%)
(RDMA_READ_CONSUME_CHECK_CONSUMER) timestamp=12032 ms, used_size=8785920 bytes (21.4%)
(RDMA_READ_CONSUME_CHECK_CONSUMER) timestamp=12032 ms, used_size=8783872 bytes (21.4%)
(RDMA_READ_CONSUME_CHECK_CONSUMER) timestamp=12032 ms, used_size=8781824 bytes (21.4%)
(RDMA_READ_CONSUME_CHECK_CONSUMER) timestamp=12032 ms, used_size=8779776 bytes (21.4%)
(RDMA_READ_CONSUME_CHECK_CONSUMER) timestamp=12032 ms, used_size=8777728 bytes (21.4%)
(RDMA_READ_CONSUME_CHECK_CONSUMER) timestamp=12032 ms, used_size=8775680 bytes (21.4%)
(RDMA_READ_CONSUME_CHECK_CONSUMER) timestamp=12032 ms, used_size=8773632 bytes (21.4%)
(RDMA_READ_CONSUME_CHECK_CONSUMER) timestamp=12032 ms, used_size=8771584 bytes (21.4%)
(RDMA_READ_CONSUME_CHECK_CONSUMER) timestamp=12032 ms, used_size=8769536 bytes (21.4%)
(RDMA_READ_CONSUME_CHECK_CONSUMER) timestamp=12032 ms, used_size=8767488 bytes (21.4%)
(RDMA_READ_CONSUME_CHECK_CONSUMER) timestamp=12032 ms, used_size=8765440 bytes (21.4%)
(RDMA_READ_CONSUME_CHECK_CONSUMER) timestamp=12032 ms, used_size=8763392 bytes (21.4%)
(RDMA_READ_CONSUME_CHECK_CONSUMER) timestamp=12032 ms, used_size=8761344 bytes (21.4%)
(RDMA_READ_CONSUME_CHECK_CONSUMER) timestamp=12032 ms, used_size=8759296 bytes (21.4%)
(RDMA_READ_CONSUME_CHECK_CONSUMER) timestamp=12032 ms, used_size=8757248 bytes (21.4%)
(RDMA_READ_CONSUME_CHECK_CONSUMER) timestamp=12032 ms, used_size=8755200 bytes (21.4%)
(RDMA_READ_CONSUME_CHECK_CONSUMER) timestamp=12032 ms, used_size=8753152 bytes (21.4%)
(RDMA_READ_CONSUME_CHECK_CONSUMER) timestamp=12032 ms, used_size=8751104 bytes (21.4%)
(RDMA_READ_CONSUME_CHECK_CONSUMER) timestamp=12032 ms, used_size=8749056 bytes (21.4%)
(RDMA_READ_CONSUME_CHECK_CONSUMER) timestamp=12032 ms, used_size=8747008 bytes (21.4%)
(RDMA_READ_CONSUME_CHECK_CONSUMER) timestamp=12032 ms, used_size=8744960 bytes (21.4%)
(RDMA_READ_CONSUME_CHECK_CONSUMER) timestamp=12032 ms, used_size=8742912 bytes (21.3%)
(RDMA_READ_CONSUME_CHECK_CONSUMER) timestamp=12032 ms, used_size=8740864 bytes (21.3%)
(RDMA_READ_CONSUME_CHECK_CONSUMER) timestamp=12032 ms, used_size=8738816 bytes (21.3%)
(RDMA_READ_CONSUME_CHECK_CONSUMER) timestamp=12032 ms, used_size=8736768 bytes (21.3%)
(RDMA_READ_CONSUME_CHECK_CONSUMER) timestamp=12032 ms, used_size=8734720 bytes (21.3%)
(RDMA_READ_CONSUME_CHECK_CONSUMER) timestamp=12032 ms, used_size=8732672 bytes (21.3%)
(RDMA_READ_CONSUME_CHECK_CONSUMER) timestamp=12032 ms, used_size=8730624 bytes (21.3%)
(RDMA_READ_CONSUME_CHECK_CONSUMER) timestamp=12032 ms, used_size=8728576 bytes (21.3%)
(RDMA_READ_CONSUME_CHECK_CONSUMER) timestamp=12032 ms, used_size=8726528 bytes (21.3%)
(RDMA_READ_CONSUME_CHECK_CONSUMER) timestamp=12032 ms, used_size=8724480 bytes (21.3%)
(RDMA_READ_CONSUME_CHECK_CONSUMER) timestamp=12032 ms, used_size=8722432 bytes (21.3%)
(RDMA_READ_CONSUME_CHECK_CONSUMER) timestamp=12032 ms, used_size=8720384 bytes (21.3%)
(RDMA_READ_CONSUME_CHECK_CONSUMER) timestamp=12032 ms, used_size=8718336 bytes (21.3%)
(RDMA_READ_CONSUME_CHECK_CONSUMER) timestamp=12032 ms, used_size=8716288 bytes (21.3%)
(RDMA_READ_CONSUME_CHECK_CONSUMER) timestamp=12032 ms, used_size=8714240 bytes (21.3%)
(RDMA_READ_CONSUME_CHECK_CONSUMER) timestamp=12032 ms, used_size=8712192 bytes (21.3%)
(RDMA_READ_CONSUME_CHECK_CONSUMER) timestamp=12032 ms, used_size=8710144 bytes (21.3%)
(RDMA_READ_CONSUME_CHECK_CONSUMER) timestamp=12032 ms, used_size=8708096 bytes (21.3%)
(RDMA_READ_CONSUME_CHECK_CONSUMER) timestamp=12032 ms, used_size=8706048 bytes (21.3%)
(RDMA_READ_CONSUME_CHECK_CONSUMER) timestamp=12032 ms, used_size=8704000 bytes (21.2%)
(RDMA_READ_CONSUME_CHECK_CONSUMER) timestamp=12032 ms, used_size=8701952 bytes (21.2%)
(RDMA_READ_CONSUME_CHECK_CONSUMER) timestamp=12032 ms, used_size=8699904 bytes (21.2%)
(RDMA_READ_CONSUME_CHECK_CONSUMER) timestamp=12032 ms, used_size=8697856 bytes (21.2%)
(RDMA_READ_CONSUME_CHECK_CONSUMER) timestamp=12032 ms, used_size=8695808 bytes (21.2%)
(RDMA_READ_CONSUME_CHECK_CONSUMER) timestamp=12032 ms, used_size=8693760 bytes (21.2%)
(RDMA_READ_CONSUME_CHECK_CONSUMER) timestamp=12032 ms, used_size=8691712 bytes (21.2%)
(RDMA_READ_CONSUME_CHECK_CONSUMER) timestamp=12032 ms, used_size=8689664 bytes (21.2%)
(RDMA_READ_CONSUME_CHECK_CONSUMER) timestamp=12032 ms, used_size=8687616 bytes (21.2%)
(RDMA_READ_CONSUME_CHECK_CONSUMER) timestamp=12032 ms, used_size=8685568 bytes (21.2%)
(RDMA_READ_CONSUME_CHECK_CONSUMER) timestamp=12032 ms, used_size=8683520 bytes (21.2%)
(RDMA_READ_CONSUME_CHECK_CONSUMER) timestamp=12032 ms, used_size=8681472 bytes (21.2%)
(RDMA_READ_CONSUME_CHECK_CONSUMER) timestamp=12032 ms, used_size=8679424 bytes (21.2%)
(RDMA_READ_CONSUME_CHECK_CONSUMER) timestamp=12032 ms, used_size=8677376 bytes (21.2%)
(RDMA_READ_CONSUME_CHECK_CONSUMER) timestamp=12032 ms, used_size=8675328 bytes (21.2%)
(RDMA_READ_CONSUME_CHECK_CONSUMER) timestamp=12032 ms, used_size=8673280 bytes (21.2%)
(RDMA_READ_CONSUME_CHECK_CONSUMER) timestamp=12032 ms, used_size=8671232 bytes (21.2%)
(RDMA_READ_CONSUME_CHECK_CONSUMER) timestamp=12032 ms, used_size=8669184 bytes (21.2%)
(RDMA_READ_CONSUME_CHECK_CONSUMER) timestamp=12032 ms, used_size=8667136 bytes (21.2%)
(RDMA_READ_CONSUME_CHECK_CONSUMER) timestamp=12032 ms, used_size=8665088 bytes (21.2%)
(RDMA_READ_CONSUME_CHECK_CONSUMER) timestamp=12032 ms, used_size=8663040 bytes (21.1%)
(RDMA_READ_CONSUME_CHECK_CONSUMER) timestamp=12032 ms, used_size=8660992 bytes (21.1%)
(RDMA_READ_CONSUME_CHECK_CONSUMER) timestamp=12032 ms, used_size=8658944 bytes (21.1%)
(RDMA_READ_CONSUME_CHECK_CONSUMER) timestamp=12032 ms, used_size=8656896 bytes (21.1%)
(RDMA_READ_CONSUME_CHECK_CONSUMER) timestamp=12032 ms, used_size=8654848 bytes (21.1%)
(RDMA_READ_CONSUME_CHECK_CONSUMER) timestamp=12032 ms, used_size=8652800 bytes (21.1%)
(RDMA_READ_CONSUME_CHECK_CONSUMER) timestamp=12032 ms, used_size=8650752 bytes (21.1%)
(RDMA_READ_CONSUME_CHECK_CONSUMER) timestamp=12032 ms, used_size=8648704 bytes (21.1%)
(RDMA_READ_CONSUME_CHECK_CONSUMER) timestamp=12032 ms, used_size=8646656 bytes (21.1%)
(RDMA_READ_CONSUME_CHECK_CONSUMER) timestamp=12032 ms, used_size=8644608 bytes (21.1%)
(RDMA_READ_CONSUME_CHECK_CONSUMER) timestamp=12032 ms, used_size=8642560 bytes (21.1%)
(RDMA_READ_CONSUME_CHECK_CONSUMER) timestamp=12032 ms, used_size=8640512 bytes (21.1%)
(RDMA_READ_CONSUME_CHECK_CONSUMER) timestamp=12032 ms, used_size=8638464 bytes (21.1%)
(RDMA_READ_CONSUME_CHECK_CONSUMER) timestamp=12032 ms, used_size=8636416 bytes (21.1%)
(RDMA_READ_CONSUME_CHECK_CONSUMER) timestamp=12032 ms, used_size=8634368 bytes (21.1%)
(RDMA_READ_CONSUME_CHECK_CONSUMER) timestamp=12032 ms, used_size=8632320 bytes (21.1%)
(RDMA_READ_CONSUME_CHECK_CONSUMER) timestamp=12032 ms, used_size=8630272 bytes (21.1%)
(RDMA_READ_CONSUME_CHECK_CONSUMER) timestamp=12032 ms, used_size=8628224 bytes (21.1%)
(RDMA_READ_CONSUME_CHECK_CONSUMER) timestamp=12032 ms, used_size=8626176 bytes (21.1%)
(RDMA_READ_CONSUME_CHECK_CONSUMER) timestamp=12032 ms, used_size=8624128 bytes (21.1%)
(RDMA_READ_CONSUME_CHECK_CONSUMER) timestamp=12032 ms, used_size=8622080 bytes (21.1%)
(RDMA_READ_CONSUME_CHECK_CONSUMER) timestamp=12032 ms, used_size=8620032 bytes (21.0%)
(RDMA_READ_CONSUME_CHECK_CONSUMER) timestamp=12032 ms, used_size=8617984 bytes (21.0%)
(RDMA_READ_CONSUME_CHECK_CONSUMER) timestamp=12032 ms, used_size=8615936 bytes (21.0%)
(RDMA_READ_CONSUME_CHECK_CONSUMER) timestamp=12032 ms, used_size=8613888 bytes (21.0%)
(RDMA_READ_CONSUME_CHECK_CONSUMER) timestamp=12032 ms, used_size=8611840 bytes (21.0%)
(RDMA_READ_CONSUME_CHECK_CONSUMER) timestamp=12032 ms, used_size=8609792 bytes (21.0%)
(RDMA_READ_CONSUME_CHECK_CONSUMER) timestamp=12032 ms, used_size=8607744 bytes (21.0%)
(RDMA_READ_CONSUME_CHECK_CONSUMER) timestamp=12032 ms, used_size=8605696 bytes (21.0%)
(RDMA_READ_CONSUME_CHECK_CONSUMER) timestamp=12032 ms, used_size=8603648 bytes (21.0%)
(RDMA_READ_CONSUME_CHECK_CONSUMER) timestamp=12032 ms, used_size=8601600 bytes (21.0%)
(RDMA_READ_CONSUME_CHECK_CONSUMER) timestamp=12032 ms, used_size=8599552 bytes (21.0%)
(RDMA_READ_CONSUME_CHECK_CONSUMER) timestamp=12032 ms, used_size=8597504 bytes (21.0%)
(RDMA_READ_CONSUME_CHECK_CONSUMER) timestamp=12032 ms, used_size=8595456 bytes (21.0%)
(RDMA_READ_CONSUME_CHECK_CONSUMER) timestamp=12032 ms, used_size=8593408 bytes (21.0%)
(RDMA_READ_CONSUME_CHECK_CONSUMER) timestamp=12032 ms, used_size=8591360 bytes (21.0%)
(RDMA_READ_CONSUME_CHECK_CONSUMER) timestamp=12032 ms, used_size=8589312 bytes (21.0%)
(RDMA_READ_CONSUME_CHECK_CONSUMER) timestamp=12032 ms, used_size=8587264 bytes (21.0%)
(RDMA_READ_CONSUME_CHECK_CONSUMER) timestamp=12032 ms, used_size=8585216 bytes (21.0%)
(RDMA_READ_CONSUME_CHECK_CONSUMER) timestamp=12032 ms, used_size=8583168 bytes (21.0%)
(RDMA_READ_CONSUME_CHECK_CONSUMER) timestamp=12032 ms, used_size=8581120 bytes (20.9%)
(RDMA_READ_CONSUME_CHECK_CONSUMER) timestamp=12032 ms, used_size=8579072 bytes (20.9%)
(RDMA_READ_CONSUME_CHECK_CONSUMER) timestamp=12032 ms, used_size=8577024 bytes (20.9%)
(RDMA_READ_CONSUME_CHECK_CONSUMER) timestamp=12032 ms, used_size=8574976 bytes (20.9%)
(RDMA_READ_CONSUME_CHECK_CONSUMER) timestamp=12032 ms, used_size=8572928 bytes (20.9%)
(RDMA_READ_CONSUME_CHECK_CONSUMER) timestamp=12032 ms, used_size=8570880 bytes (20.9%)
(RDMA_READ_CONSUME_CHECK_CONSUMER) timestamp=12032 ms, used_size=8568832 bytes (20.9%)
(RDMA_READ_CONSUME_CHECK_CONSUMER) timestamp=12032 ms, used_size=8566784 bytes (20.9%)
(RDMA_READ_CONSUME_CHECK_CONSUMER) timestamp=12032 ms, used_size=8564736 bytes (20.9%)
(RDMA_READ_CONSUME_CHECK_CONSUMER) timestamp=12032 ms, used_size=8562688 bytes (20.9%)
(RDMA_READ_CONSUME_CHECK_CONSUMER) timestamp=12032 ms, used_size=8560640 bytes (20.9%)
(RDMA_READ_CONSUME_CHECK_CONSUMER) timestamp=12032 ms, used_size=8558592 bytes (20.9%)
(RDMA_READ_CONSUME_CHECK_CONSUMER) timestamp=12032 ms, used_size=8556544 bytes (20.9%)
(RDMA_READ_CONSUME_CHECK_CONSUMER) timestamp=12032 ms, used_size=8554496 bytes (20.9%)
(RDMA_READ_CONSUME_CHECK_CONSUMER) timestamp=12032 ms, used_size=8552448 bytes (20.9%)
(RDMA_READ_CONSUME_CHECK_CONSUMER) timestamp=12032 ms, used_size=8550400 bytes (20.9%)
(RDMA_READ_CONSUME_CHECK_CONSUMER) timestamp=12032 ms, used_size=8548352 bytes (20.9%)
(RDMA_READ_CONSUME_CHECK_CONSUMER) timestamp=12032 ms, used_size=8546304 bytes (20.9%)
(RDMA_READ_CONSUME_CHECK_CONSUMER) timestamp=12032 ms, used_size=8544256 bytes (20.9%)
(RDMA_READ_CONSUME_CHECK_CONSUMER) timestamp=12032 ms, used_size=8542208 bytes (20.9%)
(RDMA_READ_CONSUME_CHECK_CONSUMER) timestamp=12032 ms, used_size=8540160 bytes (20.9%)
(RDMA_READ_CONSUME_CHECK_CONSUMER) timestamp=12032 ms, used_size=8538112 bytes (20.8%)
(RDMA_READ_CONSUME_CHECK_CONSUMER) timestamp=12032 ms, used_size=8536064 bytes (20.8%)
(RDMA_READ_CONSUME_CHECK_CONSUMER) timestamp=12032 ms, used_size=8534016 bytes (20.8%)
(RDMA_READ_CONSUME_CHECK_CONSUMER) timestamp=12032 ms, used_size=8531968 bytes (20.8%)
(RDMA_READ_CONSUME_CHECK_CONSUMER) timestamp=12032 ms, used_size=8529920 bytes (20.8%)
(RDMA_READ_CONSUME_CHECK_CONSUMER) timestamp=12032 ms, used_size=8527872 bytes (20.8%)
(RDMA_READ_CONSUME_CHECK_CONSUMER) timestamp=12032 ms, used_size=8525824 bytes (20.8%)
(RDMA_READ_CONSUME_CHECK_CONSUMER) timestamp=12032 ms, used_size=8523776 bytes (20.8%)
(RDMA_READ_CONSUME_CHECK_CONSUMER) timestamp=12032 ms, used_size=8521728 bytes (20.8%)
(RDMA_READ_CONSUME_CHECK_CONSUMER) timestamp=12032 ms, used_size=8519680 bytes (20.8%)
(RDMA_READ_CONSUME_CHECK_CONSUMER) timestamp=12032 ms, used_size=8517632 bytes (20.8%)
(RDMA_READ_CONSUME_CHECK_CONSUMER) timestamp=12032 ms, used_size=8515584 bytes (20.8%)
(RDMA_READ_CONSUME_CHECK_CONSUMER) timestamp=12032 ms, used_size=8513536 bytes (20.8%)
(RDMA_READ_CONSUME_CHECK_CONSUMER) timestamp=12032 ms, used_size=8511488 bytes (20.8%)
(RDMA_READ_CONSUME_CHECK_CONSUMER) timestamp=12032 ms, used_size=8509440 bytes (20.8%)
(RDMA_READ_CONSUME_CHECK_CONSUMER) timestamp=12032 ms, used_size=8507392 bytes (20.8%)
(RDMA_READ_CONSUME_CHECK_CONSUMER) timestamp=12032 ms, used_size=8505344 bytes (20.8%)
(RDMA_READ_CONSUME_CHECK_CONSUMER) timestamp=12032 ms, used_size=8503296 bytes (20.8%)
(RDMA_READ_CONSUME_CHECK_CONSUMER) timestamp=12032 ms, used_size=8501248 bytes (20.8%)
(RDMA_READ_CONSUME_CHECK_CONSUMER) timestamp=12032 ms, used_size=8499200 bytes (20.8%)
(RDMA_READ_CONSUME_CHECK_CONSUMER) timestamp=12032 ms, used_size=8497152 bytes (20.7%)
(RDMA_READ_CONSUME_CHECK_CONSUMER) timestamp=12032 ms, used_size=8495104 bytes (20.7%)
(RDMA_READ_CONSUME_CHECK_CONSUMER) timestamp=12032 ms, used_size=8493056 bytes (20.7%)
(RDMA_READ_CONSUME_CHECK_CONSUMER) timestamp=12032 ms, used_size=8491008 bytes (20.7%)
(RDMA_READ_CONSUME_CHECK_CONSUMER) timestamp=12032 ms, used_size=8488960 bytes (20.7%)
(RDMA_READ_CONSUME_CHECK_CONSUMER) timestamp=12032 ms, used_size=8486912 bytes (20.7%)
(RDMA_READ_CONSUME_CHECK_CONSUMER) timestamp=12032 ms, used_size=8484864 bytes (20.7%)
(RDMA_READ_CONSUME_CHECK_CONSUMER) timestamp=12032 ms, used_size=8482816 bytes (20.7%)
(RDMA_READ_CONSUME_CHECK_CONSUMER) timestamp=12032 ms, used_size=8480768 bytes (20.7%)
(RDMA_READ_CONSUME_CHECK_CONSUMER) timestamp=12032 ms, used_size=8478720 bytes (20.7%)
(RDMA_READ_CONSUME_CHECK_CONSUMER) timestamp=12032 ms, used_size=8476672 bytes (20.7%)
(RDMA_READ_CONSUME_CHECK_CONSUMER) timestamp=12032 ms, used_size=8474624 bytes (20.7%)
(RDMA_READ_CONSUME_CHECK_CONSUMER) timestamp=12032 ms, used_size=8472576 bytes (20.7%)
(RDMA_READ_CONSUME_CHECK_CONSUMER) timestamp=12032 ms, used_size=8470528 bytes (20.7%)
(RDMA_READ_CONSUME_CHECK_CONSUMER) timestamp=12032 ms, used_size=8468480 bytes (20.7%)
(RDMA_READ_CONSUME_CHECK_CONSUMER) timestamp=12032 ms, used_size=8466432 bytes (20.7%)
(RDMA_READ_CONSUME_CHECK_CONSUMER) timestamp=12032 ms, used_size=8464384 bytes (20.7%)
(RDMA_READ_CONSUME_CHECK_CONSUMER) timestamp=12032 ms, used_size=8462336 bytes (20.7%)
(RDMA_READ_CONSUME_CHECK_CONSUMER) timestamp=12032 ms, used_size=8460288 bytes (20.7%)
(RDMA_READ_CONSUME_CHECK_CONSUMER) timestamp=12032 ms, used_size=8458240 bytes (20.6%)
(RDMA_READ_CONSUME_CHECK_CONSUMER) timestamp=12032 ms, used_size=8456192 bytes (20.6%)
(RDMA_READ_CONSUME_CHECK_CONSUMER) timestamp=12032 ms, used_size=8454144 bytes (20.6%)
(RDMA_READ_CONSUME_CHECK_CONSUMER) timestamp=12032 ms, used_size=8452096 bytes (20.6%)
(RDMA_READ_CONSUME_CHECK_CONSUMER) timestamp=12032 ms, used_size=8450048 bytes (20.6%)
(RDMA_READ_CONSUME_CHECK_CONSUMER) timestamp=12032 ms, used_size=8448000 bytes (20.6%)
(RDMA_READ_CONSUME_CHECK_CONSUMER) timestamp=12032 ms, used_size=8445952 bytes (20.6%)
(RDMA_READ_CONSUME_CHECK_CONSUMER) timestamp=12033 ms, used_size=8443904 bytes (20.6%)
(RDMA_READ_CONSUME_CHECK_CONSUMER) timestamp=12033 ms, used_size=8441856 bytes (20.6%)
(RDMA_READ_CONSUME_CHECK_CONSUMER) timestamp=12033 ms, used_size=8439808 bytes (20.6%)
(RDMA_READ_CONSUME_CHECK_CONSUMER) timestamp=12033 ms, used_size=8437760 bytes (20.6%)
(RDMA_READ_CONSUME_CHECK_CONSUMER) timestamp=12033 ms, used_size=8435712 bytes (20.6%)
(RDMA_READ_CONSUME_CHECK_CONSUMER) timestamp=12033 ms, used_size=8433664 bytes (20.6%)
(RDMA_READ_CONSUME_CHECK_CONSUMER) timestamp=12033 ms, used_size=8431616 bytes (20.6%)
(RDMA_READ_CONSUME_CHECK_CONSUMER) timestamp=12033 ms, used_size=8429568 bytes (20.6%)
(RDMA_READ_CONSUME_CHECK_CONSUMER) timestamp=12033 ms, used_size=8427520 bytes (20.6%)
(RDMA_READ_CONSUME_CHECK_CONSUMER) timestamp=12033 ms, used_size=8425472 bytes (20.6%)
(RDMA_READ_CONSUME_CHECK_CONSUMER) timestamp=12033 ms, used_size=8423424 bytes (20.6%)
(RDMA_READ_CONSUME_CHECK_CONSUMER) timestamp=12033 ms, used_size=8421376 bytes (20.6%)
(RDMA_READ_CONSUME_CHECK_CONSUMER) timestamp=12033 ms, used_size=8419328 bytes (20.6%)
(RDMA_READ_CONSUME_CHECK_CONSUMER) timestamp=12033 ms, used_size=8417280 bytes (20.6%)
(RDMA_READ_CONSUME_CHECK_CONSUMER) timestamp=12033 ms, used_size=8415232 bytes (20.5%)
(RDMA_READ_CONSUME_CHECK_CONSUMER) timestamp=12033 ms, used_size=8413184 bytes (20.5%)
(RDMA_READ_CONSUME_CHECK_CONSUMER) timestamp=12033 ms, used_size=8411136 bytes (20.5%)
(RDMA_READ_CONSUME_CHECK_CONSUMER) timestamp=12033 ms, used_size=8409088 bytes (20.5%)
(RDMA_READ_CONSUME_CHECK_CONSUMER) timestamp=12033 ms, used_size=8407040 bytes (20.5%)
(RDMA_READ_CONSUME_CHECK_CONSUMER) timestamp=12033 ms, used_size=8404992 bytes (20.5%)
(RDMA_READ_CONSUME_CHECK_CONSUMER) timestamp=12033 ms, used_size=8402944 bytes (20.5%)
(RDMA_READ_CONSUME_CHECK_CONSUMER) timestamp=12033 ms, used_size=8400896 bytes (20.5%)
(RDMA_READ_CONSUME_CHECK_CONSUMER) timestamp=12033 ms, used_size=8398848 bytes (20.5%)
(RDMA_READ_CONSUME_CHECK_CONSUMER) timestamp=12033 ms, used_size=8396800 bytes (20.5%)
(RDMA_READ_CONSUME_CHECK_CONSUMER) timestamp=12033 ms, used_size=8394752 bytes (20.5%)
(RDMA_READ_CONSUME_CHECK_CONSUMER) timestamp=12033 ms, used_size=8392704 bytes (20.5%)
(RDMA_READ_CONSUME_CHECK_CONSUMER) timestamp=12033 ms, used_size=8390656 bytes (20.5%)
(RDMA_READ_CONSUME_CHECK_CONSUMER) timestamp=12033 ms, used_size=8388608 bytes (20.5%)
(RDMA_READ_CONSUME_CHECK_CONSUMER) timestamp=12033 ms, used_size=8386560 bytes (20.5%)
(RDMA_READ_CONSUME_CHECK_CONSUMER) timestamp=12033 ms, used_size=8384512 bytes (20.5%)
(RDMA_READ_CONSUME_CHECK_CONSUMER) timestamp=12033 ms, used_size=8382464 bytes (20.5%)
(RDMA_READ_CONSUME_CHECK_CONSUMER) timestamp=12033 ms, used_size=8380416 bytes (20.5%)
(RDMA_READ_CONSUME_CHECK_CONSUMER) timestamp=12033 ms, used_size=8378368 bytes (20.5%)
(RDMA_READ_CONSUME_CHECK_CONSUMER) timestamp=12033 ms, used_size=8376320 bytes (20.4%)
(RDMA_READ_CONSUME_CHECK_CONSUMER) timestamp=12033 ms, used_size=8374272 bytes (20.4%)
(RDMA_READ_CONSUME_CHECK_CONSUMER) timestamp=12033 ms, used_size=8372224 bytes (20.4%)
(RDMA_READ_CONSUME_CHECK_CONSUMER) timestamp=12033 ms, used_size=8370176 bytes (20.4%)
(RDMA_READ_CONSUME_CHECK_CONSUMER) timestamp=12033 ms, used_size=8368128 bytes (20.4%)
(RDMA_READ_CONSUME_CHECK_CONSUMER) timestamp=12033 ms, used_size=8366080 bytes (20.4%)
(RDMA_READ_CONSUME_CHECK_CONSUMER) timestamp=12033 ms, used_size=8364032 bytes (20.4%)
(RDMA_READ_CONSUME_CHECK_CONSUMER) timestamp=12033 ms, used_size=8361984 bytes (20.4%)
(RDMA_READ_CONSUME_CHECK_CONSUMER) timestamp=12033 ms, used_size=8359936 bytes (20.4%)
(RDMA_READ_CONSUME_CHECK_CONSUMER) timestamp=12033 ms, used_size=8357888 bytes (20.4%)
(RDMA_READ_CONSUME_CHECK_CONSUMER) timestamp=12033 ms, used_size=8355840 bytes (20.4%)
(RDMA_READ_CONSUME_CHECK_CONSUMER) timestamp=12033 ms, used_size=8353792 bytes (20.4%)
(RDMA_READ_CONSUME_CHECK_CONSUMER) timestamp=12033 ms, used_size=8351744 bytes (20.4%)
(RDMA_READ_CONSUME_CHECK_CONSUMER) timestamp=12033 ms, used_size=8349696 bytes (20.4%)
(RDMA_READ_CONSUME_CHECK_CONSUMER) timestamp=12033 ms, used_size=8347648 bytes (20.4%)
(RDMA_READ_CONSUME_CHECK_CONSUMER) timestamp=12033 ms, used_size=8345600 bytes (20.4%)
(RDMA_READ_CONSUME_CHECK_CONSUMER) timestamp=12033 ms, used_size=8343552 bytes (20.4%)
(RDMA_READ_CONSUME_CHECK_CONSUMER) timestamp=12033 ms, used_size=8341504 bytes (20.4%)
(RDMA_READ_CONSUME_CHECK_CONSUMER) timestamp=12033 ms, used_size=8339456 bytes (20.4%)
(RDMA_READ_CONSUME_CHECK_CONSUMER) timestamp=12033 ms, used_size=8337408 bytes (20.4%)
(RDMA_READ_CONSUME_CHECK_CONSUMER) timestamp=12033 ms, used_size=8335360 bytes (20.4%)
(RDMA_READ_CONSUME_CHECK_CONSUMER) timestamp=12033 ms, used_size=8333312 bytes (20.3%)
(RDMA_READ_CONSUME_CHECK_CONSUMER) timestamp=12033 ms, used_size=8331264 bytes (20.3%)
(RDMA_READ_CONSUME_CHECK_CONSUMER) timestamp=12033 ms, used_size=8329216 bytes (20.3%)
(RDMA_READ_CONSUME_CHECK_CONSUMER) timestamp=12033 ms, used_size=8327168 bytes (20.3%)
(RDMA_READ_CONSUME_CHECK_CONSUMER) timestamp=12033 ms, used_size=8325120 bytes (20.3%)
(RDMA_READ_CONSUME_CHECK_CONSUMER) timestamp=12033 ms, used_size=8323072 bytes (20.3%)
(RDMA_READ_CONSUME_CHECK_CONSUMER) timestamp=12033 ms, used_size=8321024 bytes (20.3%)
(RDMA_READ_CONSUME_CHECK_CONSUMER) timestamp=12033 ms, used_size=8318976 bytes (20.3%)
(RDMA_READ_CONSUME_CHECK_CONSUMER) timestamp=12033 ms, used_size=8316928 bytes (20.3%)
(RDMA_READ_CONSUME_CHECK_CONSUMER) timestamp=12033 ms, used_size=8314880 bytes (20.3%)
(RDMA_READ_CONSUME_CHECK_CONSUMER) timestamp=12033 ms, used_size=8312832 bytes (20.3%)
(RDMA_READ_CONSUME_CHECK_CONSUMER) timestamp=12033 ms, used_size=8310784 bytes (20.3%)
(RDMA_READ_CONSUME_CHECK_CONSUMER) timestamp=12033 ms, used_size=8308736 bytes (20.3%)
(RDMA_READ_CONSUME_CHECK_CONSUMER) timestamp=12033 ms, used_size=8306688 bytes (20.3%)
(RDMA_READ_CONSUME_CHECK_CONSUMER) timestamp=12033 ms, used_size=8304640 bytes (20.3%)
(RDMA_READ_CONSUME_CHECK_CONSUMER) timestamp=12033 ms, used_size=8302592 bytes (20.3%)
(RDMA_READ_CONSUME_CHECK_CONSUMER) timestamp=12033 ms, used_size=8300544 bytes (20.3%)
(RDMA_READ_CONSUME_CHECK_CONSUMER) timestamp=12033 ms, used_size=8298496 bytes (20.3%)
(RDMA_READ_CONSUME_CHECK_CONSUMER) timestamp=12033 ms, used_size=8296448 bytes (20.3%)
(RDMA_READ_CONSUME_CHECK_CONSUMER) timestamp=12033 ms, used_size=8294400 bytes (20.2%)
(RDMA_READ_CONSUME_CHECK_CONSUMER) timestamp=12033 ms, used_size=8292352 bytes (20.2%)
(RDMA_READ_CONSUME_CHECK_CONSUMER) timestamp=12033 ms, used_size=8290304 bytes (20.2%)
(RDMA_READ_CONSUME_CHECK_CONSUMER) timestamp=12033 ms, used_size=8288256 bytes (20.2%)
(RDMA_READ_CONSUME_CHECK_CONSUMER) timestamp=12033 ms, used_size=8286208 bytes (20.2%)
(RDMA_READ_CONSUME_CHECK_CONSUMER) timestamp=12033 ms, used_size=8284160 bytes (20.2%)
(RDMA_READ_CONSUME_CHECK_CONSUMER) timestamp=12033 ms, used_size=8282112 bytes (20.2%)
(RDMA_READ_CONSUME_CHECK_CONSUMER) timestamp=12033 ms, used_size=8280064 bytes (20.2%)
(RDMA_READ_CONSUME_CHECK_CONSUMER) timestamp=12033 ms, used_size=8278016 bytes (20.2%)
(RDMA_READ_CONSUME_CHECK_CONSUMER) timestamp=12033 ms, used_size=8275968 bytes (20.2%)
(RDMA_READ_CONSUME_CHECK_CONSUMER) timestamp=12033 ms, used_size=8273920 bytes (20.2%)
(RDMA_READ_CONSUME_CHECK_CONSUMER) timestamp=12033 ms, used_size=8271872 bytes (20.2%)
(RDMA_READ_CONSUME_CHECK_CONSUMER) timestamp=12033 ms, used_size=8269824 bytes (20.2%)
(RDMA_READ_CONSUME_CHECK_CONSUMER) timestamp=12033 ms, used_size=8267776 bytes (20.2%)
(RDMA_READ_CONSUME_CHECK_CONSUMER) timestamp=12033 ms, used_size=8265728 bytes (20.2%)
(RDMA_READ_CONSUME_CHECK_CONSUMER) timestamp=12033 ms, used_size=8263680 bytes (20.2%)
(RDMA_READ_CONSUME_CHECK_CONSUMER) timestamp=12033 ms, used_size=8261632 bytes (20.2%)
(RDMA_READ_CONSUME_CHECK_CONSUMER) timestamp=12033 ms, used_size=8259584 bytes (20.2%)
(RDMA_READ_CONSUME_CHECK_CONSUMER) timestamp=12033 ms, used_size=8257536 bytes (20.2%)
(RDMA_READ_CONSUME_CHECK_CONSUMER) timestamp=12033 ms, used_size=8255488 bytes (20.2%)
(RDMA_READ_CONSUME_CHECK_CONSUMER) timestamp=12033 ms, used_size=8253440 bytes (20.1%)
(RDMA_READ_CONSUME_CHECK_CONSUMER) timestamp=12033 ms, used_size=8251392 bytes (20.1%)
(RDMA_READ_CONSUME_CHECK_CONSUMER) timestamp=12033 ms, used_size=8249344 bytes (20.1%)
(RDMA_READ_CONSUME_CHECK_CONSUMER) timestamp=12033 ms, used_size=8247296 bytes (20.1%)
(RDMA_READ_CONSUME_CHECK_CONSUMER) timestamp=12033 ms, used_size=8245248 bytes (20.1%)
(RDMA_READ_CONSUME_CHECK_CONSUMER) timestamp=12033 ms, used_size=8243200 bytes (20.1%)
(RDMA_READ_CONSUME_CHECK_CONSUMER) timestamp=12033 ms, used_size=8241152 bytes (20.1%)
(RDMA_READ_CONSUME_CHECK_CONSUMER) timestamp=12033 ms, used_size=8239104 bytes (20.1%)
(RDMA_READ_CONSUME_CHECK_CONSUMER) timestamp=12033 ms, used_size=8237056 bytes (20.1%)
(RDMA_READ_CONSUME_CHECK_CONSUMER) timestamp=12033 ms, used_size=8235008 bytes (20.1%)
(RDMA_READ_CONSUME_CHECK_CONSUMER) timestamp=12033 ms, used_size=8232960 bytes (20.1%)
(RDMA_READ_CONSUME_CHECK_CONSUMER) timestamp=12033 ms, used_size=8230912 bytes (20.1%)
(RDMA_READ_CONSUME_CHECK_CONSUMER) timestamp=12033 ms, used_size=8228864 bytes (20.1%)
(RDMA_READ_CONSUME_CHECK_CONSUMER) timestamp=12033 ms, used_size=8226816 bytes (20.1%)
(RDMA_READ_CONSUME_CHECK_CONSUMER) timestamp=12033 ms, used_size=8224768 bytes (20.1%)
(RDMA_READ_CONSUME_CHECK_CONSUMER) timestamp=12033 ms, used_size=8222720 bytes (20.1%)
(RDMA_READ_CONSUME_CHECK_CONSUMER) timestamp=12033 ms, used_size=8220672 bytes (20.1%)
(RDMA_READ_CONSUME_CHECK_CONSUMER) timestamp=12033 ms, used_size=8218624 bytes (20.1%)
(RDMA_READ_CONSUME_CHECK_CONSUMER) timestamp=12033 ms, used_size=8216576 bytes (20.1%)
(RDMA_READ_CONSUME_CHECK_CONSUMER) timestamp=12033 ms, used_size=8214528 bytes (20.1%)
(RDMA_READ_CONSUME_CHECK_CONSUMER) timestamp=12033 ms, used_size=8212480 bytes (20.1%)
(RDMA_READ_CONSUME_CHECK_CONSUMER) timestamp=12033 ms, used_size=8210432 bytes (20.0%)
(RDMA_READ_CONSUME_CHECK_CONSUMER) timestamp=12033 ms, used_size=8208384 bytes (20.0%)
(RDMA_READ_CONSUME_CHECK_CONSUMER) timestamp=12033 ms, used_size=8206336 bytes (20.0%)
(RDMA_READ_CONSUME_CHECK_CONSUMER) timestamp=12033 ms, used_size=8204288 bytes (20.0%)
(RDMA_READ_CONSUME_CHECK_CONSUMER) timestamp=12033 ms, used_size=8202240 bytes (20.0%)
(RDMA_READ_CONSUME_CHECK_CONSUMER) timestamp=12033 ms, used_size=8200192 bytes (20.0%)
(RDMA_READ_CONSUME_CHECK_CONSUMER) timestamp=12033 ms, used_size=8198144 bytes (20.0%)
(RDMA_READ_CONSUME_CHECK_CONSUMER) timestamp=12033 ms, used_size=8196096 bytes (20.0%)
(RDMA_READ_CONSUME_CHECK_CONSUMER) timestamp=12033 ms, used_size=8194048 bytes (20.0%)
(RDMA_READ_CONSUME_CHECK_CONSUMER) timestamp=12033 ms, used_size=8192000 bytes (20.0%)
(RDMA_READ_CONSUME_CHECK_CONSUMER) timestamp=12033 ms, used_size=8189952 bytes (20.0%)
(RDMA_READ_CONSUME_CHECK_CONSUMER) timestamp=12033 ms, used_size=8187904 bytes (20.0%)
(RDMA_READ_CONSUME_CHECK_CONSUMER) timestamp=12033 ms, used_size=8185856 bytes (20.0%)
(RDMA_READ_CONSUME_CHECK_CONSUMER) timestamp=12033 ms, used_size=8183808 bytes (20.0%)
(RDMA_READ_CONSUME_CHECK_CONSUMER) timestamp=12033 ms, used_size=8181760 bytes (20.0%)
(RDMA_READ_CONSUME_CHECK_CONSUMER) timestamp=12033 ms, used_size=8179712 bytes (20.0%)
(RDMA_READ_CONSUME_CHECK_CONSUMER) timestamp=12033 ms, used_size=8177664 bytes (20.0%)
(RDMA_READ_CONSUME_CHECK_CONSUMER) timestamp=12033 ms, used_size=8175616 bytes (20.0%)
(RDMA_READ_CONSUME_CHECK_CONSUMER) timestamp=12033 ms, used_size=8173568 bytes (20.0%)
(RDMA_READ_CONSUME_CHECK_CONSUMER) timestamp=12033 ms, used_size=8171520 bytes (19.9%)
(RDMA_READ_CONSUME_CHECK_CONSUMER) timestamp=12033 ms, used_size=8169472 bytes (19.9%)
(RDMA_READ_CONSUME_CHECK_CONSUMER) timestamp=12033 ms, used_size=8167424 bytes (19.9%)
(RDMA_READ_CONSUME_CHECK_CONSUMER) timestamp=12033 ms, used_size=8165376 bytes (19.9%)
(RDMA_READ_CONSUME_CHECK_CONSUMER) timestamp=12033 ms, used_size=8163328 bytes (19.9%)
(RDMA_READ_CONSUME_CHECK_CONSUMER) timestamp=12033 ms, used_size=8161280 bytes (19.9%)
(RDMA_READ_CONSUME_CHECK_CONSUMER) timestamp=12033 ms, used_size=8159232 bytes (19.9%)
(RDMA_READ_CONSUME_CHECK_CONSUMER) timestamp=12033 ms, used_size=8157184 bytes (19.9%)
(RDMA_READ_CONSUME_CHECK_CONSUMER) timestamp=12033 ms, used_size=8155136 bytes (19.9%)
(RDMA_READ_CONSUME_CHECK_CONSUMER) timestamp=12033 ms, used_size=8153088 bytes (19.9%)
(RDMA_READ_CONSUME_CHECK_CONSUMER) timestamp=12033 ms, used_size=8151040 bytes (19.9%)
(RDMA_READ_CONSUME_CHECK_CONSUMER) timestamp=12033 ms, used_size=8148992 bytes (19.9%)
(RDMA_READ_CONSUME_CHECK_CONSUMER) timestamp=12033 ms, used_size=8146944 bytes (19.9%)
(RDMA_READ_CONSUME_CHECK_CONSUMER) timestamp=12033 ms, used_size=8144896 bytes (19.9%)
(RDMA_READ_CONSUME_CHECK_CONSUMER) timestamp=12033 ms, used_size=8142848 bytes (19.9%)
(RDMA_READ_CONSUME_CHECK_CONSUMER) timestamp=12033 ms, used_size=8140800 bytes (19.9%)
(RDMA_READ_CONSUME_CHECK_CONSUMER) timestamp=12033 ms, used_size=8138752 bytes (19.9%)
(RDMA_READ_CONSUME_CHECK_CONSUMER) timestamp=12033 ms, used_size=8136704 bytes (19.9%)
(RDMA_READ_CONSUME_CHECK_CONSUMER) timestamp=12033 ms, used_size=8134656 bytes (19.9%)
(RDMA_READ_CONSUME_CHECK_CONSUMER) timestamp=12033 ms, used_size=8132608 bytes (19.9%)
(RDMA_READ_CONSUME_CHECK_CONSUMER) timestamp=12033 ms, used_size=8130560 bytes (19.9%)
(RDMA_READ_CONSUME_CHECK_CONSUMER) timestamp=12033 ms, used_size=8128512 bytes (19.8%)
(RDMA_READ_CONSUME_CHECK_CONSUMER) timestamp=12033 ms, used_size=8126464 bytes (19.8%)
(RDMA_READ_CONSUME_CHECK_CONSUMER) timestamp=12033 ms, used_size=8124416 bytes (19.8%)
(RDMA_READ_CONSUME_CHECK_CONSUMER) timestamp=12033 ms, used_size=8122368 bytes (19.8%)
(RDMA_READ_CONSUME_CHECK_CONSUMER) timestamp=12033 ms, used_size=8120320 bytes (19.8%)
(RDMA_READ_CONSUME_CHECK_CONSUMER) timestamp=12033 ms, used_size=8118272 bytes (19.8%)
(RDMA_READ_CONSUME_CHECK_CONSUMER) timestamp=12033 ms, used_size=8116224 bytes (19.8%)
(RDMA_READ_CONSUME_CHECK_CONSUMER) timestamp=12033 ms, used_size=8114176 bytes (19.8%)
(RDMA_READ_CONSUME_CHECK_CONSUMER) timestamp=12033 ms, used_size=8112128 bytes (19.8%)
(RDMA_READ_CONSUME_CHECK_CONSUMER) timestamp=12033 ms, used_size=8110080 bytes (19.8%)
(RDMA_READ_CONSUME_CHECK_CONSUMER) timestamp=12033 ms, used_size=8108032 bytes (19.8%)
(RDMA_READ_CONSUME_CHECK_CONSUMER) timestamp=12033 ms, used_size=8105984 bytes (19.8%)
(RDMA_READ_CONSUME_CHECK_CONSUMER) timestamp=12033 ms, used_size=8103936 bytes (19.8%)
(RDMA_READ_CONSUME_CHECK_CONSUMER) timestamp=12034 ms, used_size=8101888 bytes (19.8%)
(RDMA_READ_CONSUME_CHECK_CONSUMER) timestamp=12034 ms, used_size=8099840 bytes (19.8%)
(RDMA_READ_CONSUME_CHECK_CONSUMER) timestamp=12034 ms, used_size=8097792 bytes (19.8%)
(RDMA_READ_CONSUME_CHECK_CONSUMER) timestamp=12034 ms, used_size=8095744 bytes (19.8%)
(RDMA_READ_CONSUME_CHECK_CONSUMER) timestamp=12034 ms, used_size=8093696 bytes (19.8%)
(RDMA_READ_CONSUME_CHECK_CONSUMER) timestamp=12034 ms, used_size=8091648 bytes (19.8%)
(RDMA_READ_CONSUME_CHECK_CONSUMER) timestamp=12034 ms, used_size=8089600 bytes (19.8%)
(RDMA_READ_CONSUME_CHECK_CONSUMER) timestamp=12034 ms, used_size=8087552 bytes (19.7%)
(RDMA_READ_CONSUME_CHECK_CONSUMER) timestamp=12034 ms, used_size=8085504 bytes (19.7%)
(RDMA_READ_CONSUME_CHECK_CONSUMER) timestamp=12034 ms, used_size=8083456 bytes (19.7%)
(RDMA_READ_CONSUME_CHECK_CONSUMER) timestamp=12034 ms, used_size=8081408 bytes (19.7%)
(RDMA_READ_CONSUME_CHECK_CONSUMER) timestamp=12034 ms, used_size=8079360 bytes (19.7%)
(RDMA_READ_CONSUME_CHECK_CONSUMER) timestamp=12034 ms, used_size=8077312 bytes (19.7%)
(RDMA_READ_CONSUME_CHECK_CONSUMER) timestamp=12034 ms, used_size=8075264 bytes (19.7%)
(RDMA_READ_CONSUME_CHECK_CONSUMER) timestamp=12034 ms, used_size=8073216 bytes (19.7%)
(RDMA_READ_CONSUME_CHECK_CONSUMER) timestamp=12034 ms, used_size=8071168 bytes (19.7%)
(RDMA_READ_CONSUME_CHECK_CONSUMER) timestamp=12034 ms, used_size=8069120 bytes (19.7%)
(RDMA_READ_CONSUME_CHECK_CONSUMER) timestamp=12034 ms, used_size=8067072 bytes (19.7%)
(RDMA_READ_CONSUME_CHECK_CONSUMER) timestamp=12034 ms, used_size=8065024 bytes (19.7%)
(RDMA_READ_CONSUME_CHECK_CONSUMER) timestamp=12034 ms, used_size=8062976 bytes (19.7%)
(RDMA_READ_CONSUME_CHECK_CONSUMER) timestamp=12034 ms, used_size=8060928 bytes (19.7%)
(RDMA_READ_CONSUME_CHECK_CONSUMER) timestamp=12034 ms, used_size=8058880 bytes (19.7%)
(RDMA_READ_CONSUME_CHECK_CONSUMER) timestamp=12034 ms, used_size=8056832 bytes (19.7%)
(RDMA_READ_CONSUME_CHECK_CONSUMER) timestamp=12034 ms, used_size=8054784 bytes (19.7%)
(RDMA_READ_CONSUME_CHECK_CONSUMER) timestamp=12034 ms, used_size=8052736 bytes (19.7%)
(RDMA_READ_CONSUME_CHECK_CONSUMER) timestamp=12034 ms, used_size=8050688 bytes (19.7%)
(RDMA_READ_CONSUME_CHECK_CONSUMER) timestamp=12034 ms, used_size=8048640 bytes (19.6%)
(RDMA_READ_CONSUME_CHECK_CONSUMER) timestamp=12034 ms, used_size=8046592 bytes (19.6%)
(RDMA_READ_CONSUME_CHECK_CONSUMER) timestamp=12034 ms, used_size=8044544 bytes (19.6%)
(RDMA_READ_CONSUME_CHECK_CONSUMER) timestamp=12034 ms, used_size=8042496 bytes (19.6%)
(RDMA_READ_CONSUME_CHECK_CONSUMER) timestamp=12034 ms, used_size=8040448 bytes (19.6%)
(RDMA_READ_CONSUME_CHECK_CONSUMER) timestamp=12034 ms, used_size=8038400 bytes (19.6%)
(RDMA_READ_CONSUME_CHECK_CONSUMER) timestamp=12034 ms, used_size=8036352 bytes (19.6%)
(RDMA_READ_CONSUME_CHECK_CONSUMER) timestamp=12034 ms, used_size=8034304 bytes (19.6%)
(RDMA_READ_CONSUME_CHECK_CONSUMER) timestamp=12034 ms, used_size=8032256 bytes (19.6%)
(RDMA_READ_CONSUME_CHECK_CONSUMER) timestamp=12034 ms, used_size=8030208 bytes (19.6%)
(RDMA_READ_CONSUME_CHECK_CONSUMER) timestamp=12034 ms, used_size=8028160 bytes (19.6%)
(RDMA_READ_CONSUME_CHECK_CONSUMER) timestamp=12034 ms, used_size=8026112 bytes (19.6%)
(RDMA_READ_CONSUME_CHECK_CONSUMER) timestamp=12034 ms, used_size=8024064 bytes (19.6%)
(RDMA_READ_CONSUME_CHECK_CONSUMER) timestamp=12034 ms, used_size=8022016 bytes (19.6%)
(RDMA_READ_CONSUME_CHECK_CONSUMER) timestamp=12034 ms, used_size=8019968 bytes (19.6%)
(RDMA_READ_CONSUME_CHECK_CONSUMER) timestamp=12034 ms, used_size=8017920 bytes (19.6%)
(RDMA_READ_CONSUME_CHECK_CONSUMER) timestamp=12034 ms, used_size=8015872 bytes (19.6%)
(RDMA_READ_CONSUME_CHECK_CONSUMER) timestamp=12034 ms, used_size=8013824 bytes (19.6%)
(RDMA_READ_CONSUME_CHECK_CONSUMER) timestamp=12034 ms, used_size=8011776 bytes (19.6%)
(RDMA_READ_CONSUME_CHECK_CONSUMER) timestamp=12034 ms, used_size=8009728 bytes (19.6%)
(RDMA_READ_CONSUME_CHECK_CONSUMER) timestamp=12034 ms, used_size=8007680 bytes (19.6%)
(RDMA_READ_CONSUME_CHECK_CONSUMER) timestamp=12034 ms, used_size=8005632 bytes (19.5%)
(RDMA_READ_CONSUME_CHECK_CONSUMER) timestamp=12034 ms, used_size=8003584 bytes (19.5%)
(RDMA_READ_CONSUME_CHECK_CONSUMER) timestamp=12034 ms, used_size=8001536 bytes (19.5%)
(RDMA_READ_CONSUME_CHECK_CONSUMER) timestamp=12034 ms, used_size=7999488 bytes (19.5%)
(RDMA_READ_CONSUME_CHECK_CONSUMER) timestamp=12034 ms, used_size=7997440 bytes (19.5%)
(RDMA_READ_CONSUME_CHECK_CONSUMER) timestamp=12034 ms, used_size=7995392 bytes (19.5%)
(RDMA_READ_CONSUME_CHECK_CONSUMER) timestamp=12034 ms, used_size=7993344 bytes (19.5%)
(RDMA_READ_CONSUME_CHECK_CONSUMER) timestamp=12034 ms, used_size=7991296 bytes (19.5%)
(RDMA_READ_CONSUME_CHECK_CONSUMER) timestamp=12034 ms, used_size=7989248 bytes (19.5%)
(RDMA_READ_CONSUME_CHECK_CONSUMER) timestamp=12034 ms, used_size=7987200 bytes (19.5%)
(RDMA_READ_CONSUME_CHECK_CONSUMER) timestamp=12034 ms, used_size=7985152 bytes (19.5%)
(RDMA_READ_CONSUME_CHECK_CONSUMER) timestamp=12034 ms, used_size=7983104 bytes (19.5%)
(RDMA_READ_CONSUME_CHECK_CONSUMER) timestamp=12034 ms, used_size=7981056 bytes (19.5%)
(RDMA_READ_CONSUME_CHECK_CONSUMER) timestamp=12034 ms, used_size=7979008 bytes (19.5%)
(RDMA_READ_CONSUME_CHECK_CONSUMER) timestamp=12034 ms, used_size=7976960 bytes (19.5%)
(RDMA_READ_CONSUME_CHECK_CONSUMER) timestamp=12034 ms, used_size=7974912 bytes (19.5%)
(RDMA_READ_CONSUME_CHECK_CONSUMER) timestamp=12034 ms, used_size=7972864 bytes (19.5%)
(RDMA_READ_CONSUME_CHECK_CONSUMER) timestamp=12034 ms, used_size=7970816 bytes (19.5%)
(RDMA_READ_CONSUME_CHECK_CONSUMER) timestamp=12034 ms, used_size=7968768 bytes (19.5%)
(RDMA_READ_CONSUME_CHECK_CONSUMER) timestamp=12034 ms, used_size=7966720 bytes (19.4%)
(RDMA_READ_CONSUME_CHECK_CONSUMER) timestamp=12034 ms, used_size=7964672 bytes (19.4%)
(RDMA_READ_CONSUME_CHECK_CONSUMER) timestamp=12034 ms, used_size=7962624 bytes (19.4%)
(RDMA_READ_CONSUME_CHECK_CONSUMER) timestamp=12034 ms, used_size=7960576 bytes (19.4%)
(RDMA_READ_CONSUME_CHECK_CONSUMER) timestamp=12034 ms, used_size=7958528 bytes (19.4%)
(RDMA_READ_CONSUME_CHECK_CONSUMER) timestamp=12034 ms, used_size=7956480 bytes (19.4%)
(RDMA_READ_CONSUME_CHECK_CONSUMER) timestamp=12034 ms, used_size=7954432 bytes (19.4%)
(RDMA_READ_CONSUME_CHECK_CONSUMER) timestamp=12034 ms, used_size=7952384 bytes (19.4%)
(RDMA_READ_CONSUME_CHECK_CONSUMER) timestamp=12034 ms, used_size=7950336 bytes (19.4%)
(RDMA_READ_CONSUME_CHECK_CONSUMER) timestamp=12034 ms, used_size=7948288 bytes (19.4%)
(RDMA_READ_CONSUME_CHECK_CONSUMER) timestamp=12034 ms, used_size=7946240 bytes (19.4%)
(RDMA_READ_CONSUME_CHECK_CONSUMER) timestamp=12034 ms, used_size=7944192 bytes (19.4%)
(RDMA_READ_CONSUME_CHECK_CONSUMER) timestamp=12034 ms, used_size=7942144 bytes (19.4%)
(RDMA_READ_CONSUME_CHECK_CONSUMER) timestamp=12034 ms, used_size=7940096 bytes (19.4%)
(RDMA_READ_CONSUME_CHECK_CONSUMER) timestamp=12034 ms, used_size=7938048 bytes (19.4%)
(RDMA_READ_CONSUME_CHECK_CONSUMER) timestamp=12034 ms, used_size=7936000 bytes (19.4%)
(RDMA_READ_CONSUME_CHECK_CONSUMER) timestamp=12034 ms, used_size=7933952 bytes (19.4%)
(RDMA_READ_CONSUME_CHECK_CONSUMER) timestamp=12034 ms, used_size=7931904 bytes (19.4%)
(RDMA_READ_CONSUME_CHECK_CONSUMER) timestamp=12034 ms, used_size=7929856 bytes (19.4%)
(RDMA_READ_CONSUME_CHECK_CONSUMER) timestamp=12034 ms, used_size=7927808 bytes (19.4%)
(RDMA_READ_CONSUME_CHECK_CONSUMER) timestamp=12034 ms, used_size=7925760 bytes (19.4%)
(RDMA_READ_CONSUME_CHECK_CONSUMER) timestamp=12034 ms, used_size=7923712 bytes (19.3%)
(RDMA_READ_CONSUME_CHECK_CONSUMER) timestamp=12034 ms, used_size=7921664 bytes (19.3%)
(RDMA_READ_CONSUME_CHECK_CONSUMER) timestamp=12034 ms, used_size=7919616 bytes (19.3%)
(RDMA_READ_CONSUME_CHECK_CONSUMER) timestamp=12034 ms, used_size=7917568 bytes (19.3%)
(RDMA_READ_CONSUME_CHECK_CONSUMER) timestamp=12034 ms, used_size=7915520 bytes (19.3%)
(RDMA_READ_CONSUME_CHECK_CONSUMER) timestamp=12034 ms, used_size=7913472 bytes (19.3%)
(RDMA_READ_CONSUME_CHECK_CONSUMER) timestamp=12034 ms, used_size=7911424 bytes (19.3%)
(RDMA_READ_CONSUME_CHECK_CONSUMER) timestamp=12034 ms, used_size=7909376 bytes (19.3%)
(RDMA_READ_CONSUME_CHECK_CONSUMER) timestamp=12034 ms, used_size=7907328 bytes (19.3%)
(RDMA_READ_CONSUME_CHECK_CONSUMER) timestamp=12034 ms, used_size=7905280 bytes (19.3%)
(RDMA_READ_CONSUME_CHECK_CONSUMER) timestamp=12034 ms, used_size=7903232 bytes (19.3%)
(RDMA_READ_CONSUME_CHECK_CONSUMER) timestamp=12034 ms, used_size=7901184 bytes (19.3%)
(RDMA_READ_CONSUME_CHECK_CONSUMER) timestamp=12034 ms, used_size=7899136 bytes (19.3%)
(RDMA_READ_CONSUME_CHECK_CONSUMER) timestamp=12034 ms, used_size=7897088 bytes (19.3%)
(RDMA_READ_CONSUME_CHECK_CONSUMER) timestamp=12034 ms, used_size=7895040 bytes (19.3%)
(RDMA_READ_CONSUME_CHECK_CONSUMER) timestamp=12034 ms, used_size=7892992 bytes (19.3%)
(RDMA_READ_CONSUME_CHECK_CONSUMER) timestamp=12034 ms, used_size=7890944 bytes (19.3%)
(RDMA_READ_CONSUME_CHECK_CONSUMER) timestamp=12034 ms, used_size=7888896 bytes (19.3%)
(RDMA_READ_CONSUME_CHECK_CONSUMER) timestamp=12034 ms, used_size=7886848 bytes (19.3%)
(RDMA_READ_CONSUME_CHECK_CONSUMER) timestamp=12034 ms, used_size=7884800 bytes (19.2%)
(RDMA_READ_CONSUME_CHECK_CONSUMER) timestamp=12034 ms, used_size=7882752 bytes (19.2%)
(RDMA_READ_CONSUME_CHECK_CONSUMER) timestamp=12034 ms, used_size=7880704 bytes (19.2%)
(RDMA_READ_CONSUME_CHECK_CONSUMER) timestamp=12034 ms, used_size=7878656 bytes (19.2%)
(RDMA_READ_CONSUME_CHECK_CONSUMER) timestamp=12034 ms, used_size=7876608 bytes (19.2%)
(RDMA_READ_CONSUME_CHECK_CONSUMER) timestamp=12034 ms, used_size=7874560 bytes (19.2%)
(RDMA_READ_CONSUME_CHECK_CONSUMER) timestamp=12034 ms, used_size=7872512 bytes (19.2%)
(RDMA_READ_CONSUME_CHECK_CONSUMER) timestamp=12034 ms, used_size=7870464 bytes (19.2%)
(RDMA_READ_CONSUME_CHECK_CONSUMER) timestamp=12034 ms, used_size=7868416 bytes (19.2%)
(RDMA_READ_CONSUME_CHECK_CONSUMER) timestamp=12034 ms, used_size=7866368 bytes (19.2%)
(RDMA_READ_CONSUME_CHECK_CONSUMER) timestamp=12034 ms, used_size=7864320 bytes (19.2%)
(RDMA_READ_CONSUME_CHECK_CONSUMER) timestamp=12034 ms, used_size=7862272 bytes (19.2%)
(RDMA_READ_CONSUME_CHECK_CONSUMER) timestamp=12034 ms, used_size=7860224 bytes (19.2%)
(RDMA_READ_CONSUME_CHECK_CONSUMER) timestamp=12034 ms, used_size=7858176 bytes (19.2%)
(RDMA_READ_CONSUME_CHECK_CONSUMER) timestamp=12034 ms, used_size=7856128 bytes (19.2%)
(RDMA_READ_CONSUME_CHECK_CONSUMER) timestamp=12034 ms, used_size=7854080 bytes (19.2%)
(RDMA_READ_CONSUME_CHECK_CONSUMER) timestamp=12034 ms, used_size=7852032 bytes (19.2%)
(RDMA_READ_CONSUME_CHECK_CONSUMER) timestamp=12034 ms, used_size=7849984 bytes (19.2%)
(RDMA_READ_CONSUME_CHECK_CONSUMER) timestamp=12034 ms, used_size=7847936 bytes (19.2%)
(RDMA_READ_CONSUME_CHECK_CONSUMER) timestamp=12034 ms, used_size=7845888 bytes (19.2%)
(RDMA_READ_CONSUME_CHECK_CONSUMER) timestamp=12034 ms, used_size=7843840 bytes (19.1%)
(RDMA_READ_CONSUME_CHECK_CONSUMER) timestamp=12034 ms, used_size=7841792 bytes (19.1%)
(RDMA_READ_CONSUME_CHECK_CONSUMER) timestamp=12034 ms, used_size=7839744 bytes (19.1%)
(RDMA_READ_CONSUME_CHECK_CONSUMER) timestamp=12034 ms, used_size=7837696 bytes (19.1%)
(RDMA_READ_CONSUME_CHECK_CONSUMER) timestamp=12034 ms, used_size=7835648 bytes (19.1%)
(RDMA_READ_CONSUME_CHECK_CONSUMER) timestamp=12034 ms, used_size=7833600 bytes (19.1%)
(RDMA_READ_CONSUME_CHECK_CONSUMER) timestamp=12034 ms, used_size=7831552 bytes (19.1%)
(RDMA_READ_CONSUME_CHECK_CONSUMER) timestamp=12034 ms, used_size=7829504 bytes (19.1%)
(RDMA_READ_CONSUME_CHECK_CONSUMER) timestamp=12034 ms, used_size=7827456 bytes (19.1%)
(RDMA_READ_CONSUME_CHECK_CONSUMER) timestamp=12034 ms, used_size=7825408 bytes (19.1%)
(RDMA_READ_CONSUME_CHECK_CONSUMER) timestamp=12034 ms, used_size=7823360 bytes (19.1%)
(RDMA_READ_CONSUME_CHECK_CONSUMER) timestamp=12034 ms, used_size=7821312 bytes (19.1%)
(RDMA_READ_CONSUME_CHECK_CONSUMER) timestamp=12034 ms, used_size=7819264 bytes (19.1%)
(RDMA_READ_CONSUME_CHECK_CONSUMER) timestamp=12034 ms, used_size=7817216 bytes (19.1%)
(RDMA_READ_CONSUME_CHECK_CONSUMER) timestamp=12034 ms, used_size=7815168 bytes (19.1%)
(RDMA_READ_CONSUME_CHECK_CONSUMER) timestamp=12034 ms, used_size=7813120 bytes (19.1%)
(RDMA_READ_CONSUME_CHECK_CONSUMER) timestamp=12034 ms, used_size=7811072 bytes (19.1%)
(RDMA_READ_CONSUME_CHECK_CONSUMER) timestamp=12034 ms, used_size=7809024 bytes (19.1%)
(RDMA_READ_CONSUME_CHECK_CONSUMER) timestamp=12034 ms, used_size=7806976 bytes (19.1%)
(RDMA_READ_CONSUME_CHECK_CONSUMER) timestamp=12034 ms, used_size=7804928 bytes (19.1%)
(RDMA_READ_CONSUME_CHECK_CONSUMER) timestamp=12034 ms, used_size=7802880 bytes (19.1%)
(RDMA_READ_CONSUME_CHECK_CONSUMER) timestamp=12034 ms, used_size=7800832 bytes (19.0%)
(RDMA_READ_CONSUME_CHECK_CONSUMER) timestamp=12034 ms, used_size=7798784 bytes (19.0%)
(RDMA_READ_CONSUME_CHECK_CONSUMER) timestamp=12034 ms, used_size=7796736 bytes (19.0%)
(RDMA_READ_CONSUME_CHECK_CONSUMER) timestamp=12034 ms, used_size=7794688 bytes (19.0%)
(RDMA_READ_CONSUME_CHECK_CONSUMER) timestamp=12034 ms, used_size=7792640 bytes (19.0%)
(RDMA_READ_CONSUME_CHECK_CONSUMER) timestamp=12034 ms, used_size=7790592 bytes (19.0%)
(RDMA_READ_CONSUME_CHECK_CONSUMER) timestamp=12034 ms, used_size=7788544 bytes (19.0%)
(RDMA_READ_CONSUME_CHECK_CONSUMER) timestamp=12034 ms, used_size=7786496 bytes (19.0%)
(RDMA_READ_CONSUME_CHECK_CONSUMER) timestamp=12034 ms, used_size=7784448 bytes (19.0%)
(RDMA_READ_CONSUME_CHECK_CONSUMER) timestamp=12034 ms, used_size=7782400 bytes (19.0%)
(RDMA_READ_CONSUME_CHECK_CONSUMER) timestamp=12034 ms, used_size=7780352 bytes (19.0%)
(RDMA_READ_CONSUME_CHECK_CONSUMER) timestamp=12034 ms, used_size=7778304 bytes (19.0%)
(RDMA_READ_CONSUME_CHECK_CONSUMER) timestamp=12034 ms, used_size=7776256 bytes (19.0%)
(RDMA_READ_CONSUME_CHECK_CONSUMER) timestamp=12034 ms, used_size=7774208 bytes (19.0%)
(RDMA_READ_CONSUME_CHECK_CONSUMER) timestamp=12034 ms, used_size=7772160 bytes (19.0%)
(RDMA_READ_CONSUME_CHECK_CONSUMER) timestamp=12034 ms, used_size=7770112 bytes (19.0%)
(RDMA_READ_CONSUME_CHECK_CONSUMER) timestamp=12034 ms, used_size=7768064 bytes (19.0%)
(RDMA_READ_CONSUME_CHECK_CONSUMER) timestamp=12034 ms, used_size=7766016 bytes (19.0%)
(RDMA_READ_CONSUME_CHECK_CONSUMER) timestamp=12034 ms, used_size=7763968 bytes (19.0%)
(RDMA_READ_CONSUME_CHECK_CONSUMER) timestamp=12034 ms, used_size=7761920 bytes (18.9%)
(RDMA_READ_CONSUME_CHECK_CONSUMER) timestamp=12034 ms, used_size=7759872 bytes (18.9%)
(RDMA_READ_CONSUME_CHECK_CONSUMER) timestamp=12035 ms, used_size=7757824 bytes (18.9%)
(RDMA_READ_CONSUME_CHECK_CONSUMER) timestamp=12035 ms, used_size=7755776 bytes (18.9%)
(RDMA_READ_CONSUME_CHECK_CONSUMER) timestamp=12035 ms, used_size=7753728 bytes (18.9%)
(RDMA_READ_CONSUME_CHECK_CONSUMER) timestamp=12035 ms, used_size=7751680 bytes (18.9%)
(RDMA_READ_CONSUME_CHECK_CONSUMER) timestamp=12035 ms, used_size=7749632 bytes (18.9%)
(RDMA_READ_CONSUME_CHECK_CONSUMER) timestamp=12035 ms, used_size=7747584 bytes (18.9%)
(RDMA_READ_CONSUME_CHECK_CONSUMER) timestamp=12035 ms, used_size=7745536 bytes (18.9%)
(RDMA_READ_CONSUME_CHECK_CONSUMER) timestamp=12035 ms, used_size=7743488 bytes (18.9%)
(RDMA_READ_CONSUME_CHECK_CONSUMER) timestamp=12035 ms, used_size=7741440 bytes (18.9%)
(RDMA_READ_CONSUME_CHECK_CONSUMER) timestamp=12035 ms, used_size=7739392 bytes (18.9%)
(RDMA_READ_CONSUME_CHECK_CONSUMER) timestamp=12035 ms, used_size=7737344 bytes (18.9%)
(RDMA_READ_CONSUME_CHECK_CONSUMER) timestamp=12035 ms, used_size=7735296 bytes (18.9%)
(RDMA_READ_CONSUME_CHECK_CONSUMER) timestamp=12035 ms, used_size=7733248 bytes (18.9%)
(RDMA_READ_CONSUME_CHECK_CONSUMER) timestamp=12035 ms, used_size=7731200 bytes (18.9%)
(RDMA_READ_CONSUME_CHECK_CONSUMER) timestamp=12035 ms, used_size=7729152 bytes (18.9%)
(RDMA_READ_CONSUME_CHECK_CONSUMER) timestamp=12035 ms, used_size=7727104 bytes (18.9%)
(RDMA_READ_CONSUME_CHECK_CONSUMER) timestamp=12035 ms, used_size=7725056 bytes (18.9%)
(RDMA_READ_CONSUME_CHECK_CONSUMER) timestamp=12035 ms, used_size=7723008 bytes (18.9%)
(RDMA_READ_CONSUME_CHECK_CONSUMER) timestamp=12035 ms, used_size=7720960 bytes (18.9%)
(RDMA_READ_CONSUME_CHECK_CONSUMER) timestamp=12035 ms, used_size=7718912 bytes (18.8%)
(RDMA_READ_CONSUME_CHECK_CONSUMER) timestamp=12035 ms, used_size=7716864 bytes (18.8%)
(RDMA_READ_CONSUME_CHECK_CONSUMER) timestamp=12035 ms, used_size=7714816 bytes (18.8%)
(RDMA_READ_CONSUME_CHECK_CONSUMER) timestamp=12035 ms, used_size=7712768 bytes (18.8%)
(RDMA_READ_CONSUME_CHECK_CONSUMER) timestamp=12035 ms, used_size=7710720 bytes (18.8%)
(RDMA_READ_CONSUME_CHECK_CONSUMER) timestamp=12035 ms, used_size=7708672 bytes (18.8%)
(RDMA_READ_CONSUME_CHECK_CONSUMER) timestamp=12035 ms, used_size=7706624 bytes (18.8%)
(RDMA_READ_CONSUME_CHECK_CONSUMER) timestamp=12035 ms, used_size=7704576 bytes (18.8%)
(RDMA_READ_CONSUME_CHECK_CONSUMER) timestamp=12035 ms, used_size=7702528 bytes (18.8%)
(RDMA_READ_CONSUME_CHECK_CONSUMER) timestamp=12035 ms, used_size=7700480 bytes (18.8%)
(RDMA_READ_CONSUME_CHECK_CONSUMER) timestamp=12035 ms, used_size=7698432 bytes (18.8%)
(RDMA_READ_CONSUME_CHECK_CONSUMER) timestamp=12035 ms, used_size=7696384 bytes (18.8%)
(RDMA_READ_CONSUME_CHECK_CONSUMER) timestamp=12035 ms, used_size=7694336 bytes (18.8%)
(RDMA_READ_CONSUME_CHECK_CONSUMER) timestamp=12035 ms, used_size=7692288 bytes (18.8%)
(RDMA_READ_CONSUME_CHECK_CONSUMER) timestamp=12035 ms, used_size=7690240 bytes (18.8%)
(RDMA_READ_CONSUME_CHECK_CONSUMER) timestamp=12035 ms, used_size=7688192 bytes (18.8%)
(RDMA_READ_CONSUME_CHECK_CONSUMER) timestamp=12035 ms, used_size=7686144 bytes (18.8%)
(RDMA_READ_CONSUME_CHECK_CONSUMER) timestamp=12035 ms, used_size=7684096 bytes (18.8%)
(RDMA_READ_CONSUME_CHECK_CONSUMER) timestamp=12035 ms, used_size=7682048 bytes (18.8%)
(RDMA_READ_CONSUME_CHECK_CONSUMER) timestamp=12035 ms, used_size=7680000 bytes (18.8%)
(RDMA_READ_CONSUME_CHECK_CONSUMER) timestamp=12035 ms, used_size=7677952 bytes (18.7%)
(RDMA_READ_CONSUME_CHECK_CONSUMER) timestamp=12035 ms, used_size=7675904 bytes (18.7%)
(RDMA_READ_CONSUME_CHECK_CONSUMER) timestamp=12035 ms, used_size=7673856 bytes (18.7%)
(RDMA_READ_CONSUME_CHECK_CONSUMER) timestamp=12035 ms, used_size=7671808 bytes (18.7%)
(RDMA_READ_CONSUME_CHECK_CONSUMER) timestamp=12035 ms, used_size=7669760 bytes (18.7%)
(RDMA_READ_CONSUME_CHECK_CONSUMER) timestamp=12035 ms, used_size=7667712 bytes (18.7%)
(RDMA_READ_CONSUME_CHECK_CONSUMER) timestamp=12035 ms, used_size=7665664 bytes (18.7%)
(RDMA_READ_CONSUME_CHECK_CONSUMER) timestamp=12035 ms, used_size=7663616 bytes (18.7%)
(RDMA_READ_CONSUME_CHECK_CONSUMER) timestamp=12035 ms, used_size=7661568 bytes (18.7%)
(RDMA_READ_CONSUME_CHECK_CONSUMER) timestamp=12035 ms, used_size=7659520 bytes (18.7%)
(RDMA_READ_CONSUME_CHECK_CONSUMER) timestamp=12035 ms, used_size=7657472 bytes (18.7%)
(RDMA_READ_CONSUME_CHECK_CONSUMER) timestamp=12035 ms, used_size=7655424 bytes (18.7%)
(RDMA_READ_CONSUME_CHECK_CONSUMER) timestamp=12035 ms, used_size=7653376 bytes (18.7%)
(RDMA_READ_CONSUME_CHECK_CONSUMER) timestamp=12035 ms, used_size=7651328 bytes (18.7%)
(RDMA_READ_CONSUME_CHECK_CONSUMER) timestamp=12035 ms, used_size=7649280 bytes (18.7%)
(RDMA_READ_CONSUME_CHECK_CONSUMER) timestamp=12035 ms, used_size=7647232 bytes (18.7%)
(RDMA_READ_CONSUME_CHECK_CONSUMER) timestamp=12035 ms, used_size=7645184 bytes (18.7%)
(RDMA_READ_CONSUME_CHECK_CONSUMER) timestamp=12035 ms, used_size=7643136 bytes (18.7%)
(RDMA_READ_CONSUME_CHECK_CONSUMER) timestamp=12035 ms, used_size=7641088 bytes (18.7%)
(RDMA_READ_CONSUME_CHECK_CONSUMER) timestamp=12035 ms, used_size=7639040 bytes (18.6%)
(RDMA_READ_CONSUME_CHECK_CONSUMER) timestamp=12035 ms, used_size=7636992 bytes (18.6%)
(RDMA_READ_CONSUME_CHECK_CONSUMER) timestamp=12035 ms, used_size=7634944 bytes (18.6%)
(RDMA_READ_CONSUME_CHECK_CONSUMER) timestamp=12035 ms, used_size=7632896 bytes (18.6%)
(RDMA_READ_CONSUME_CHECK_CONSUMER) timestamp=12035 ms, used_size=7630848 bytes (18.6%)
(RDMA_READ_CONSUME_CHECK_CONSUMER) timestamp=12035 ms, used_size=7628800 bytes (18.6%)
(RDMA_READ_CONSUME_CHECK_CONSUMER) timestamp=12035 ms, used_size=7626752 bytes (18.6%)
(RDMA_READ_CONSUME_CHECK_CONSUMER) timestamp=12035 ms, used_size=7624704 bytes (18.6%)
(RDMA_READ_CONSUME_CHECK_CONSUMER) timestamp=12035 ms, used_size=7622656 bytes (18.6%)
(RDMA_READ_CONSUME_CHECK_CONSUMER) timestamp=12035 ms, used_size=7620608 bytes (18.6%)
(RDMA_READ_CONSUME_CHECK_CONSUMER) timestamp=12035 ms, used_size=7618560 bytes (18.6%)
(RDMA_READ_CONSUME_CHECK_CONSUMER) timestamp=12035 ms, used_size=7616512 bytes (18.6%)
(RDMA_READ_CONSUME_CHECK_CONSUMER) timestamp=12035 ms, used_size=7614464 bytes (18.6%)
(RDMA_READ_CONSUME_CHECK_CONSUMER) timestamp=12035 ms, used_size=7612416 bytes (18.6%)
(RDMA_READ_CONSUME_CHECK_CONSUMER) timestamp=12035 ms, used_size=7610368 bytes (18.6%)
(RDMA_READ_CONSUME_CHECK_CONSUMER) timestamp=12035 ms, used_size=7608320 bytes (18.6%)
(RDMA_READ_CONSUME_CHECK_CONSUMER) timestamp=12035 ms, used_size=7606272 bytes (18.6%)
(RDMA_READ_CONSUME_CHECK_CONSUMER) timestamp=12035 ms, used_size=7604224 bytes (18.6%)
(RDMA_READ_CONSUME_CHECK_CONSUMER) timestamp=12035 ms, used_size=7602176 bytes (18.6%)
(RDMA_READ_CONSUME_CHECK_CONSUMER) timestamp=12035 ms, used_size=7600128 bytes (18.6%)
(RDMA_READ_CONSUME_CHECK_CONSUMER) timestamp=12035 ms, used_size=7598080 bytes (18.6%)
(RDMA_READ_CONSUME_CHECK_CONSUMER) timestamp=12035 ms, used_size=7596032 bytes (18.5%)
(RDMA_READ_CONSUME_CHECK_CONSUMER) timestamp=12035 ms, used_size=7593984 bytes (18.5%)
(RDMA_READ_CONSUME_CHECK_CONSUMER) timestamp=12035 ms, used_size=7591936 bytes (18.5%)
(RDMA_READ_CONSUME_CHECK_CONSUMER) timestamp=12035 ms, used_size=7589888 bytes (18.5%)
(RDMA_READ_CONSUME_CHECK_CONSUMER) timestamp=12035 ms, used_size=7587840 bytes (18.5%)
(RDMA_READ_CONSUME_CHECK_CONSUMER) timestamp=12035 ms, used_size=7585792 bytes (18.5%)
(RDMA_READ_CONSUME_CHECK_CONSUMER) timestamp=12035 ms, used_size=7583744 bytes (18.5%)
(RDMA_READ_CONSUME_CHECK_CONSUMER) timestamp=12035 ms, used_size=7581696 bytes (18.5%)
(RDMA_READ_CONSUME_CHECK_CONSUMER) timestamp=12035 ms, used_size=7579648 bytes (18.5%)
(RDMA_READ_CONSUME_CHECK_CONSUMER) timestamp=12035 ms, used_size=7577600 bytes (18.5%)
(RDMA_READ_CONSUME_CHECK_CONSUMER) timestamp=12035 ms, used_size=7575552 bytes (18.5%)
(RDMA_READ_CONSUME_CHECK_CONSUMER) timestamp=12035 ms, used_size=7573504 bytes (18.5%)
(RDMA_READ_CONSUME_CHECK_CONSUMER) timestamp=12035 ms, used_size=7571456 bytes (18.5%)
(RDMA_READ_CONSUME_CHECK_CONSUMER) timestamp=12035 ms, used_size=7569408 bytes (18.5%)
(RDMA_READ_CONSUME_CHECK_CONSUMER) timestamp=12035 ms, used_size=7567360 bytes (18.5%)
(RDMA_READ_CONSUME_CHECK_CONSUMER) timestamp=12035 ms, used_size=7565312 bytes (18.5%)
(RDMA_READ_CONSUME_CHECK_CONSUMER) timestamp=12035 ms, used_size=7563264 bytes (18.5%)
(RDMA_READ_CONSUME_CHECK_CONSUMER) timestamp=12035 ms, used_size=7561216 bytes (18.5%)
(RDMA_READ_CONSUME_CHECK_CONSUMER) timestamp=12035 ms, used_size=7559168 bytes (18.5%)
(RDMA_READ_CONSUME_CHECK_CONSUMER) timestamp=12035 ms, used_size=7557120 bytes (18.4%)
(RDMA_READ_CONSUME_CHECK_CONSUMER) timestamp=12035 ms, used_size=7555072 bytes (18.4%)
(RDMA_READ_CONSUME_CHECK_CONSUMER) timestamp=12035 ms, used_size=7553024 bytes (18.4%)
(RDMA_READ_CONSUME_CHECK_CONSUMER) timestamp=12035 ms, used_size=7550976 bytes (18.4%)
(RDMA_READ_CONSUME_CHECK_CONSUMER) timestamp=12035 ms, used_size=7548928 bytes (18.4%)
(RDMA_READ_CONSUME_CHECK_CONSUMER) timestamp=12035 ms, used_size=7546880 bytes (18.4%)
(RDMA_READ_CONSUME_CHECK_CONSUMER) timestamp=12035 ms, used_size=7544832 bytes (18.4%)
(RDMA_READ_CONSUME_CHECK_CONSUMER) timestamp=12035 ms, used_size=7542784 bytes (18.4%)
(RDMA_READ_CONSUME_CHECK_CONSUMER) timestamp=12035 ms, used_size=7540736 bytes (18.4%)
(RDMA_READ_CONSUME_CHECK_CONSUMER) timestamp=12035 ms, used_size=7538688 bytes (18.4%)
(RDMA_READ_CONSUME_CHECK_CONSUMER) timestamp=12035 ms, used_size=7536640 bytes (18.4%)
(RDMA_READ_CONSUME_CHECK_CONSUMER) timestamp=12035 ms, used_size=7534592 bytes (18.4%)
(RDMA_READ_CONSUME_CHECK_CONSUMER) timestamp=12035 ms, used_size=7532544 bytes (18.4%)
(RDMA_READ_CONSUME_CHECK_CONSUMER) timestamp=12035 ms, used_size=7530496 bytes (18.4%)
(RDMA_READ_CONSUME_CHECK_CONSUMER) timestamp=12035 ms, used_size=7528448 bytes (18.4%)
(RDMA_READ_CONSUME_CHECK_CONSUMER) timestamp=12035 ms, used_size=7526400 bytes (18.4%)
(RDMA_READ_CONSUME_CHECK_CONSUMER) timestamp=12035 ms, used_size=7524352 bytes (18.4%)
(RDMA_READ_CONSUME_CHECK_CONSUMER) timestamp=12035 ms, used_size=7522304 bytes (18.4%)
(RDMA_READ_CONSUME_CHECK_CONSUMER) timestamp=12035 ms, used_size=7520256 bytes (18.4%)
(RDMA_READ_CONSUME_CHECK_CONSUMER) timestamp=12035 ms, used_size=7518208 bytes (18.4%)
(RDMA_READ_CONSUME_CHECK_CONSUMER) timestamp=12035 ms, used_size=7516160 bytes (18.4%)
(RDMA_READ_CONSUME_CHECK_CONSUMER) timestamp=12035 ms, used_size=7514112 bytes (18.3%)
(RDMA_READ_CONSUME_CHECK_CONSUMER) timestamp=12035 ms, used_size=7512064 bytes (18.3%)
(RDMA_READ_CONSUME_CHECK_CONSUMER) timestamp=12035 ms, used_size=7510016 bytes (18.3%)
(RDMA_READ_CONSUME_CHECK_CONSUMER) timestamp=12035 ms, used_size=7507968 bytes (18.3%)
(RDMA_READ_CONSUME_CHECK_CONSUMER) timestamp=12035 ms, used_size=7505920 bytes (18.3%)
(RDMA_READ_CONSUME_CHECK_CONSUMER) timestamp=12035 ms, used_size=7503872 bytes (18.3%)
(RDMA_READ_CONSUME_CHECK_CONSUMER) timestamp=12035 ms, used_size=7501824 bytes (18.3%)
(RDMA_READ_CONSUME_CHECK_CONSUMER) timestamp=12035 ms, used_size=7499776 bytes (18.3%)
(RDMA_READ_CONSUME_CHECK_CONSUMER) timestamp=12035 ms, used_size=7497728 bytes (18.3%)
(RDMA_READ_CONSUME_CHECK_CONSUMER) timestamp=12035 ms, used_size=7495680 bytes (18.3%)
(RDMA_READ_CONSUME_CHECK_CONSUMER) timestamp=12035 ms, used_size=7493632 bytes (18.3%)
(RDMA_READ_CONSUME_CHECK_CONSUMER) timestamp=12035 ms, used_size=7491584 bytes (18.3%)
(RDMA_READ_CONSUME_CHECK_CONSUMER) timestamp=12035 ms, used_size=7489536 bytes (18.3%)
(RDMA_READ_CONSUME_CHECK_CONSUMER) timestamp=12035 ms, used_size=7487488 bytes (18.3%)
(RDMA_READ_CONSUME_CHECK_CONSUMER) timestamp=12035 ms, used_size=7485440 bytes (18.3%)
(RDMA_READ_CONSUME_CHECK_CONSUMER) timestamp=12035 ms, used_size=7483392 bytes (18.3%)
(RDMA_READ_CONSUME_CHECK_CONSUMER) timestamp=12035 ms, used_size=7481344 bytes (18.3%)
(RDMA_READ_CONSUME_CHECK_CONSUMER) timestamp=12035 ms, used_size=7479296 bytes (18.3%)
(RDMA_READ_CONSUME_CHECK_CONSUMER) timestamp=12035 ms, used_size=7477248 bytes (18.3%)
(RDMA_READ_CONSUME_CHECK_CONSUMER) timestamp=12035 ms, used_size=7475200 bytes (18.2%)
(RDMA_READ_CONSUME_CHECK_CONSUMER) timestamp=12035 ms, used_size=7473152 bytes (18.2%)
(RDMA_READ_CONSUME_CHECK_CONSUMER) timestamp=12035 ms, used_size=7471104 bytes (18.2%)
(RDMA_READ_CONSUME_CHECK_CONSUMER) timestamp=12035 ms, used_size=7469056 bytes (18.2%)
(RDMA_READ_CONSUME_CHECK_CONSUMER) timestamp=12035 ms, used_size=7467008 bytes (18.2%)
(RDMA_READ_CONSUME_CHECK_CONSUMER) timestamp=12035 ms, used_size=7464960 bytes (18.2%)
(RDMA_READ_CONSUME_CHECK_CONSUMER) timestamp=12035 ms, used_size=7462912 bytes (18.2%)
(RDMA_READ_CONSUME_CHECK_CONSUMER) timestamp=12035 ms, used_size=7460864 bytes (18.2%)
(RDMA_READ_CONSUME_CHECK_CONSUMER) timestamp=12035 ms, used_size=7458816 bytes (18.2%)
(RDMA_READ_CONSUME_CHECK_CONSUMER) timestamp=12035 ms, used_size=7456768 bytes (18.2%)
(RDMA_READ_CONSUME_CHECK_CONSUMER) timestamp=12035 ms, used_size=7454720 bytes (18.2%)
(RDMA_READ_CONSUME_CHECK_CONSUMER) timestamp=12035 ms, used_size=7452672 bytes (18.2%)
(RDMA_READ_CONSUME_CHECK_CONSUMER) timestamp=12035 ms, used_size=7450624 bytes (18.2%)
(RDMA_READ_CONSUME_CHECK_CONSUMER) timestamp=12035 ms, used_size=7448576 bytes (18.2%)
(RDMA_READ_CONSUME_CHECK_CONSUMER) timestamp=12035 ms, used_size=7446528 bytes (18.2%)
(RDMA_READ_CONSUME_CHECK_CONSUMER) timestamp=12035 ms, used_size=7444480 bytes (18.2%)
(RDMA_READ_CONSUME_CHECK_CONSUMER) timestamp=12035 ms, used_size=7442432 bytes (18.2%)
(RDMA_READ_CONSUME_CHECK_CONSUMER) timestamp=12035 ms, used_size=7440384 bytes (18.2%)
(RDMA_READ_CONSUME_CHECK_CONSUMER) timestamp=12035 ms, used_size=7438336 bytes (18.2%)
(RDMA_READ_CONSUME_CHECK_CONSUMER) timestamp=12035 ms, used_size=7436288 bytes (18.2%)
(RDMA_READ_CONSUME_CHECK_CONSUMER) timestamp=12035 ms, used_size=7434240 bytes (18.1%)
(RDMA_READ_CONSUME_CHECK_CONSUMER) timestamp=12035 ms, used_size=7432192 bytes (18.1%)
(RDMA_READ_CONSUME_CHECK_CONSUMER) timestamp=12035 ms, used_size=7430144 bytes (18.1%)
(RDMA_READ_CONSUME_CHECK_CONSUMER) timestamp=12035 ms, used_size=7428096 bytes (18.1%)
(RDMA_READ_CONSUME_CHECK_CONSUMER) timestamp=12035 ms, used_size=7426048 bytes (18.1%)
(RDMA_READ_CONSUME_CHECK_CONSUMER) timestamp=12035 ms, used_size=7424000 bytes (18.1%)
(RDMA_READ_CONSUME_CHECK_CONSUMER) timestamp=12035 ms, used_size=7421952 bytes (18.1%)
(RDMA_READ_CONSUME_CHECK_CONSUMER) timestamp=12035 ms, used_size=7419904 bytes (18.1%)
(RDMA_READ_CONSUME_CHECK_CONSUMER) timestamp=12035 ms, used_size=7417856 bytes (18.1%)
(RDMA_READ_CONSUME_CHECK_CONSUMER) timestamp=12035 ms, used_size=7415808 bytes (18.1%)
(RDMA_READ_CONSUME_CHECK_CONSUMER) timestamp=12035 ms, used_size=7413760 bytes (18.1%)
(RDMA_READ_CONSUME_CHECK_CONSUMER) timestamp=12035 ms, used_size=7411712 bytes (18.1%)
(RDMA_READ_CONSUME_CHECK_CONSUMER) timestamp=12035 ms, used_size=7409664 bytes (18.1%)
(RDMA_READ_CONSUME_CHECK_CONSUMER) timestamp=12035 ms, used_size=7407616 bytes (18.1%)
(RDMA_READ_CONSUME_CHECK_CONSUMER) timestamp=12035 ms, used_size=7405568 bytes (18.1%)
(RDMA_READ_CONSUME_CHECK_CONSUMER) timestamp=12035 ms, used_size=7403520 bytes (18.1%)
(RDMA_READ_CONSUME_CHECK_CONSUMER) timestamp=12036 ms, used_size=7401472 bytes (18.1%)
(RDMA_READ_CONSUME_CHECK_CONSUMER) timestamp=12036 ms, used_size=7399424 bytes (18.1%)
(RDMA_READ_CONSUME_CHECK_CONSUMER) timestamp=12036 ms, used_size=7397376 bytes (18.1%)
(RDMA_READ_CONSUME_CHECK_CONSUMER) timestamp=12036 ms, used_size=7395328 bytes (18.1%)
(RDMA_READ_CONSUME_CHECK_CONSUMER) timestamp=12036 ms, used_size=7393280 bytes (18.1%)
(RDMA_READ_CONSUME_CHECK_CONSUMER) timestamp=12036 ms, used_size=7391232 bytes (18.0%)
(RDMA_READ_CONSUME_CHECK_CONSUMER) timestamp=12036 ms, used_size=7389184 bytes (18.0%)
(RDMA_READ_CONSUME_CHECK_CONSUMER) timestamp=12036 ms, used_size=7387136 bytes (18.0%)
(RDMA_READ_CONSUME_CHECK_CONSUMER) timestamp=12036 ms, used_size=7385088 bytes (18.0%)
(RDMA_READ_CONSUME_CHECK_CONSUMER) timestamp=12036 ms, used_size=7383040 bytes (18.0%)
(RDMA_READ_CONSUME_CHECK_CONSUMER) timestamp=12036 ms, used_size=7380992 bytes (18.0%)
(RDMA_READ_CONSUME_CHECK_CONSUMER) timestamp=12036 ms, used_size=7378944 bytes (18.0%)
(RDMA_READ_CONSUME_CHECK_CONSUMER) timestamp=12036 ms, used_size=7376896 bytes (18.0%)
(RDMA_READ_CONSUME_CHECK_CONSUMER) timestamp=12036 ms, used_size=7374848 bytes (18.0%)
(RDMA_READ_CONSUME_CHECK_CONSUMER) timestamp=12036 ms, used_size=7372800 bytes (18.0%)
(RDMA_READ_CONSUME_CHECK_CONSUMER) timestamp=12036 ms, used_size=7370752 bytes (18.0%)
(RDMA_READ_CONSUME_CHECK_CONSUMER) timestamp=12036 ms, used_size=7368704 bytes (18.0%)
(RDMA_READ_CONSUME_CHECK_CONSUMER) timestamp=12036 ms, used_size=7366656 bytes (18.0%)
(RDMA_READ_CONSUME_CHECK_CONSUMER) timestamp=12036 ms, used_size=7364608 bytes (18.0%)
(RDMA_READ_CONSUME_CHECK_CONSUMER) timestamp=12036 ms, used_size=7362560 bytes (18.0%)
(RDMA_READ_CONSUME_CHECK_CONSUMER) timestamp=12036 ms, used_size=7360512 bytes (18.0%)
(RDMA_READ_CONSUME_CHECK_CONSUMER) timestamp=12036 ms, used_size=7358464 bytes (18.0%)
(RDMA_READ_CONSUME_CHECK_CONSUMER) timestamp=12036 ms, used_size=7356416 bytes (18.0%)
(RDMA_READ_CONSUME_CHECK_CONSUMER) timestamp=12036 ms, used_size=7354368 bytes (18.0%)
(RDMA_READ_CONSUME_CHECK_CONSUMER) timestamp=12036 ms, used_size=7352320 bytes (17.9%)
(RDMA_READ_CONSUME_CHECK_CONSUMER) timestamp=12036 ms, used_size=7350272 bytes (17.9%)
(RDMA_READ_CONSUME_CHECK_CONSUMER) timestamp=12036 ms, used_size=7348224 bytes (17.9%)
(RDMA_READ_CONSUME_CHECK_CONSUMER) timestamp=12036 ms, used_size=7346176 bytes (17.9%)
(RDMA_READ_CONSUME_CHECK_CONSUMER) timestamp=12036 ms, used_size=7344128 bytes (17.9%)
(RDMA_READ_CONSUME_CHECK_CONSUMER) timestamp=12036 ms, used_size=7342080 bytes (17.9%)
(RDMA_READ_CONSUME_CHECK_CONSUMER) timestamp=12036 ms, used_size=7340032 bytes (17.9%)
(RDMA_READ_CONSUME_CHECK_CONSUMER) timestamp=12036 ms, used_size=7337984 bytes (17.9%)
(RDMA_READ_CONSUME_CHECK_CONSUMER) timestamp=12036 ms, used_size=7335936 bytes (17.9%)
(RDMA_READ_CONSUME_CHECK_CONSUMER) timestamp=12036 ms, used_size=7333888 bytes (17.9%)
(RDMA_READ_CONSUME_CHECK_CONSUMER) timestamp=12036 ms, used_size=7331840 bytes (17.9%)
(RDMA_READ_CONSUME_CHECK_CONSUMER) timestamp=12036 ms, used_size=7329792 bytes (17.9%)
(RDMA_READ_CONSUME_CHECK_CONSUMER) timestamp=12036 ms, used_size=7327744 bytes (17.9%)
(RDMA_READ_CONSUME_CHECK_CONSUMER) timestamp=12036 ms, used_size=7325696 bytes (17.9%)
(RDMA_READ_CONSUME_CHECK_CONSUMER) timestamp=12036 ms, used_size=7323648 bytes (17.9%)
(RDMA_READ_CONSUME_CHECK_CONSUMER) timestamp=12036 ms, used_size=7321600 bytes (17.9%)
(RDMA_READ_CONSUME_CHECK_CONSUMER) timestamp=12036 ms, used_size=7319552 bytes (17.9%)
(RDMA_READ_CONSUME_CHECK_CONSUMER) timestamp=12036 ms, used_size=7317504 bytes (17.9%)
(RDMA_READ_CONSUME_CHECK_CONSUMER) timestamp=12036 ms, used_size=7315456 bytes (17.9%)
(RDMA_READ_CONSUME_CHECK_CONSUMER) timestamp=12036 ms, used_size=7313408 bytes (17.9%)
(RDMA_READ_CONSUME_CHECK_CONSUMER) timestamp=12036 ms, used_size=7311360 bytes (17.9%)
(RDMA_READ_CONSUME_CHECK_CONSUMER) timestamp=12036 ms, used_size=7309312 bytes (17.8%)
(RDMA_READ_CONSUME_CHECK_CONSUMER) timestamp=12036 ms, used_size=7307264 bytes (17.8%)
(RDMA_READ_CONSUME_CHECK_CONSUMER) timestamp=12036 ms, used_size=7305216 bytes (17.8%)
(RDMA_READ_CONSUME_CHECK_CONSUMER) timestamp=12036 ms, used_size=7303168 bytes (17.8%)
(RDMA_READ_CONSUME_CHECK_CONSUMER) timestamp=12036 ms, used_size=7301120 bytes (17.8%)
(RDMA_READ_CONSUME_CHECK_CONSUMER) timestamp=12036 ms, used_size=7299072 bytes (17.8%)
(RDMA_READ_CONSUME_CHECK_CONSUMER) timestamp=12036 ms, used_size=7297024 bytes (17.8%)
(RDMA_READ_CONSUME_CHECK_CONSUMER) timestamp=12036 ms, used_size=7294976 bytes (17.8%)
(RDMA_READ_CONSUME_CHECK_CONSUMER) timestamp=12036 ms, used_size=7292928 bytes (17.8%)
(RDMA_READ_CONSUME_CHECK_CONSUMER) timestamp=12036 ms, used_size=7290880 bytes (17.8%)
(RDMA_READ_CONSUME_CHECK_CONSUMER) timestamp=12036 ms, used_size=7288832 bytes (17.8%)
(RDMA_READ_CONSUME_CHECK_CONSUMER) timestamp=12036 ms, used_size=7286784 bytes (17.8%)
(RDMA_READ_CONSUME_CHECK_CONSUMER) timestamp=12036 ms, used_size=7284736 bytes (17.8%)
(RDMA_READ_CONSUME_CHECK_CONSUMER) timestamp=12036 ms, used_size=7282688 bytes (17.8%)
(RDMA_READ_CONSUME_CHECK_CONSUMER) timestamp=12036 ms, used_size=7280640 bytes (17.8%)
(RDMA_READ_CONSUME_CHECK_CONSUMER) timestamp=12036 ms, used_size=7278592 bytes (17.8%)
(RDMA_READ_CONSUME_CHECK_CONSUMER) timestamp=12036 ms, used_size=7276544 bytes (17.8%)
(RDMA_READ_CONSUME_CHECK_CONSUMER) timestamp=12036 ms, used_size=7274496 bytes (17.8%)
(RDMA_READ_CONSUME_CHECK_CONSUMER) timestamp=12036 ms, used_size=7272448 bytes (17.8%)
(RDMA_READ_CONSUME_CHECK_CONSUMER) timestamp=12036 ms, used_size=7270400 bytes (17.8%)
(RDMA_READ_CONSUME_CHECK_CONSUMER) timestamp=12036 ms, used_size=7268352 bytes (17.7%)
(RDMA_READ_CONSUME_CHECK_CONSUMER) timestamp=12036 ms, used_size=7266304 bytes (17.7%)
(RDMA_READ_CONSUME_CHECK_CONSUMER) timestamp=12036 ms, used_size=7264256 bytes (17.7%)
(RDMA_READ_CONSUME_CHECK_CONSUMER) timestamp=12036 ms, used_size=7262208 bytes (17.7%)
(RDMA_READ_CONSUME_CHECK_CONSUMER) timestamp=12036 ms, used_size=7260160 bytes (17.7%)
(RDMA_READ_CONSUME_CHECK_CONSUMER) timestamp=12036 ms, used_size=7258112 bytes (17.7%)
(RDMA_READ_CONSUME_CHECK_CONSUMER) timestamp=12036 ms, used_size=7256064 bytes (17.7%)
(RDMA_READ_CONSUME_CHECK_CONSUMER) timestamp=12036 ms, used_size=7254016 bytes (17.7%)
(RDMA_READ_CONSUME_CHECK_CONSUMER) timestamp=12036 ms, used_size=7251968 bytes (17.7%)
(RDMA_READ_CONSUME_CHECK_CONSUMER) timestamp=12036 ms, used_size=7249920 bytes (17.7%)
(RDMA_READ_CONSUME_CHECK_CONSUMER) timestamp=12036 ms, used_size=7247872 bytes (17.7%)
(RDMA_READ_CONSUME_CHECK_CONSUMER) timestamp=12036 ms, used_size=7245824 bytes (17.7%)
(RDMA_READ_CONSUME_CHECK_CONSUMER) timestamp=12036 ms, used_size=7243776 bytes (17.7%)
(RDMA_READ_CONSUME_CHECK_CONSUMER) timestamp=12036 ms, used_size=7241728 bytes (17.7%)
(RDMA_READ_CONSUME_CHECK_CONSUMER) timestamp=12036 ms, used_size=7239680 bytes (17.7%)
(RDMA_READ_CONSUME_CHECK_CONSUMER) timestamp=12036 ms, used_size=7237632 bytes (17.7%)
(RDMA_READ_CONSUME_CHECK_CONSUMER) timestamp=12036 ms, used_size=7235584 bytes (17.7%)
(RDMA_READ_CONSUME_CHECK_CONSUMER) timestamp=12036 ms, used_size=7233536 bytes (17.7%)
(RDMA_READ_CONSUME_CHECK_CONSUMER) timestamp=12036 ms, used_size=7231488 bytes (17.7%)
(RDMA_READ_CONSUME_CHECK_CONSUMER) timestamp=12036 ms, used_size=7229440 bytes (17.6%)
(RDMA_READ_CONSUME_CHECK_CONSUMER) timestamp=12036 ms, used_size=7227392 bytes (17.6%)
(RDMA_READ_CONSUME_CHECK_CONSUMER) timestamp=12036 ms, used_size=7225344 bytes (17.6%)
(RDMA_READ_CONSUME_CHECK_CONSUMER) timestamp=12036 ms, used_size=7223296 bytes (17.6%)
(RDMA_READ_CONSUME_CHECK_CONSUMER) timestamp=12036 ms, used_size=7221248 bytes (17.6%)
(RDMA_READ_CONSUME_CHECK_CONSUMER) timestamp=12036 ms, used_size=7219200 bytes (17.6%)
(RDMA_READ_CONSUME_CHECK_CONSUMER) timestamp=12036 ms, used_size=7217152 bytes (17.6%)
(RDMA_READ_CONSUME_CHECK_CONSUMER) timestamp=12036 ms, used_size=7215104 bytes (17.6%)
(RDMA_READ_CONSUME_CHECK_CONSUMER) timestamp=12036 ms, used_size=7213056 bytes (17.6%)
(RDMA_READ_CONSUME_CHECK_CONSUMER) timestamp=12036 ms, used_size=7211008 bytes (17.6%)
(RDMA_READ_CONSUME_CHECK_CONSUMER) timestamp=12036 ms, used_size=7208960 bytes (17.6%)
(RDMA_READ_CONSUME_CHECK_CONSUMER) timestamp=12036 ms, used_size=7206912 bytes (17.6%)
(RDMA_READ_CONSUME_CHECK_CONSUMER) timestamp=12036 ms, used_size=7204864 bytes (17.6%)
(RDMA_READ_CONSUME_CHECK_CONSUMER) timestamp=12036 ms, used_size=7202816 bytes (17.6%)
(RDMA_READ_CONSUME_CHECK_CONSUMER) timestamp=12036 ms, used_size=7200768 bytes (17.6%)
(RDMA_READ_CONSUME_CHECK_CONSUMER) timestamp=12036 ms, used_size=7198720 bytes (17.6%)
(RDMA_READ_CONSUME_CHECK_CONSUMER) timestamp=12036 ms, used_size=7196672 bytes (17.6%)
(RDMA_READ_CONSUME_CHECK_CONSUMER) timestamp=12036 ms, used_size=7194624 bytes (17.6%)
(RDMA_READ_CONSUME_CHECK_CONSUMER) timestamp=12036 ms, used_size=7192576 bytes (17.6%)
(RDMA_READ_CONSUME_CHECK_CONSUMER) timestamp=12036 ms, used_size=7190528 bytes (17.6%)
(RDMA_READ_CONSUME_CHECK_CONSUMER) timestamp=12036 ms, used_size=7188480 bytes (17.6%)
(RDMA_READ_CONSUME_CHECK_CONSUMER) timestamp=12036 ms, used_size=7186432 bytes (17.5%)
(RDMA_READ_CONSUME_CHECK_CONSUMER) timestamp=12036 ms, used_size=7184384 bytes (17.5%)
(RDMA_READ_CONSUME_CHECK_CONSUMER) timestamp=12036 ms, used_size=7182336 bytes (17.5%)
(RDMA_READ_CONSUME_CHECK_CONSUMER) timestamp=12036 ms, used_size=7180288 bytes (17.5%)
(RDMA_READ_CONSUME_CHECK_CONSUMER) timestamp=12036 ms, used_size=7178240 bytes (17.5%)
(RDMA_READ_CONSUME_CHECK_CONSUMER) timestamp=12036 ms, used_size=7176192 bytes (17.5%)
(RDMA_READ_CONSUME_CHECK_CONSUMER) timestamp=12036 ms, used_size=7174144 bytes (17.5%)
(RDMA_READ_CONSUME_CHECK_CONSUMER) timestamp=12036 ms, used_size=7172096 bytes (17.5%)
(RDMA_READ_CONSUME_CHECK_CONSUMER) timestamp=12036 ms, used_size=7170048 bytes (17.5%)
(RDMA_READ_CONSUME_CHECK_CONSUMER) timestamp=12036 ms, used_size=7168000 bytes (17.5%)
(RDMA_READ_CONSUME_CHECK_CONSUMER) timestamp=12036 ms, used_size=7165952 bytes (17.5%)
(RDMA_READ_CONSUME_CHECK_CONSUMER) timestamp=12036 ms, used_size=7163904 bytes (17.5%)
(RDMA_READ_CONSUME_CHECK_CONSUMER) timestamp=12036 ms, used_size=7161856 bytes (17.5%)
(RDMA_READ_CONSUME_CHECK_CONSUMER) timestamp=12036 ms, used_size=7159808 bytes (17.5%)
(RDMA_READ_CONSUME_CHECK_CONSUMER) timestamp=12036 ms, used_size=7157760 bytes (17.5%)
(RDMA_READ_CONSUME_CHECK_CONSUMER) timestamp=12036 ms, used_size=7155712 bytes (17.5%)
(RDMA_READ_CONSUME_CHECK_CONSUMER) timestamp=12036 ms, used_size=7153664 bytes (17.5%)
(RDMA_READ_CONSUME_CHECK_CONSUMER) timestamp=12036 ms, used_size=7151616 bytes (17.5%)
(RDMA_READ_CONSUME_CHECK_CONSUMER) timestamp=12036 ms, used_size=7149568 bytes (17.5%)
(RDMA_READ_CONSUME_CHECK_CONSUMER) timestamp=12036 ms, used_size=7147520 bytes (17.4%)
(RDMA_READ_CONSUME_CHECK_CONSUMER) timestamp=12036 ms, used_size=7145472 bytes (17.4%)
(RDMA_READ_CONSUME_CHECK_CONSUMER) timestamp=12036 ms, used_size=7143424 bytes (17.4%)
(RDMA_READ_CONSUME_CHECK_CONSUMER) timestamp=12036 ms, used_size=7141376 bytes (17.4%)
(RDMA_READ_CONSUME_CHECK_CONSUMER) timestamp=12036 ms, used_size=7139328 bytes (17.4%)
(RDMA_READ_CONSUME_CHECK_CONSUMER) timestamp=12036 ms, used_size=7137280 bytes (17.4%)
(RDMA_READ_CONSUME_CHECK_CONSUMER) timestamp=12036 ms, used_size=7135232 bytes (17.4%)
(RDMA_READ_CONSUME_CHECK_CONSUMER) timestamp=12036 ms, used_size=7133184 bytes (17.4%)
(RDMA_READ_CONSUME_CHECK_CONSUMER) timestamp=12036 ms, used_size=7131136 bytes (17.4%)
(RDMA_READ_CONSUME_CHECK_CONSUMER) timestamp=12036 ms, used_size=7129088 bytes (17.4%)
(RDMA_READ_CONSUME_CHECK_CONSUMER) timestamp=12036 ms, used_size=7127040 bytes (17.4%)
(RDMA_READ_CONSUME_CHECK_CONSUMER) timestamp=12036 ms, used_size=7124992 bytes (17.4%)
(RDMA_READ_CONSUME_CHECK_CONSUMER) timestamp=12036 ms, used_size=7122944 bytes (17.4%)
(RDMA_READ_CONSUME_CHECK_CONSUMER) timestamp=12036 ms, used_size=7120896 bytes (17.4%)
(RDMA_READ_CONSUME_CHECK_CONSUMER) timestamp=12036 ms, used_size=7118848 bytes (17.4%)
(RDMA_READ_CONSUME_CHECK_CONSUMER) timestamp=12036 ms, used_size=7116800 bytes (17.4%)
(RDMA_READ_CONSUME_CHECK_CONSUMER) timestamp=12036 ms, used_size=7114752 bytes (17.4%)
(RDMA_READ_CONSUME_CHECK_CONSUMER) timestamp=12036 ms, used_size=7112704 bytes (17.4%)
(RDMA_READ_CONSUME_CHECK_CONSUMER) timestamp=12036 ms, used_size=7110656 bytes (17.4%)
(RDMA_READ_CONSUME_CHECK_CONSUMER) timestamp=12036 ms, used_size=7108608 bytes (17.4%)
(RDMA_READ_CONSUME_CHECK_CONSUMER) timestamp=12036 ms, used_size=7106560 bytes (17.4%)
(RDMA_READ_CONSUME_CHECK_CONSUMER) timestamp=12036 ms, used_size=7104512 bytes (17.3%)
(RDMA_READ_CONSUME_CHECK_CONSUMER) timestamp=12036 ms, used_size=7102464 bytes (17.3%)
(RDMA_READ_CONSUME_CHECK_CONSUMER) timestamp=12036 ms, used_size=7100416 bytes (17.3%)
(RDMA_READ_CONSUME_CHECK_CONSUMER) timestamp=12036 ms, used_size=7098368 bytes (17.3%)
(RDMA_READ_CONSUME_CHECK_CONSUMER) timestamp=12036 ms, used_size=7096320 bytes (17.3%)
(RDMA_READ_CONSUME_CHECK_CONSUMER) timestamp=12036 ms, used_size=7094272 bytes (17.3%)
(RDMA_READ_CONSUME_CHECK_CONSUMER) timestamp=12036 ms, used_size=7092224 bytes (17.3%)
(RDMA_READ_CONSUME_CHECK_CONSUMER) timestamp=12036 ms, used_size=7090176 bytes (17.3%)
(RDMA_READ_CONSUME_CHECK_CONSUMER) timestamp=12036 ms, used_size=7088128 bytes (17.3%)
(RDMA_READ_CONSUME_CHECK_CONSUMER) timestamp=12036 ms, used_size=7086080 bytes (17.3%)
(RDMA_READ_CONSUME_CHECK_CONSUMER) timestamp=12036 ms, used_size=7084032 bytes (17.3%)
(RDMA_READ_CONSUME_CHECK_CONSUMER) timestamp=12036 ms, used_size=7081984 bytes (17.3%)
(RDMA_READ_CONSUME_CHECK_CONSUMER) timestamp=12036 ms, used_size=7079936 bytes (17.3%)
(RDMA_READ_CONSUME_CHECK_CONSUMER) timestamp=12036 ms, used_size=7077888 bytes (17.3%)
(RDMA_READ_CONSUME_CHECK_CONSUMER) timestamp=12036 ms, used_size=7075840 bytes (17.3%)
(RDMA_READ_CONSUME_CHECK_CONSUMER) timestamp=12036 ms, used_size=7073792 bytes (17.3%)
(RDMA_READ_CONSUME_CHECK_CONSUMER) timestamp=12036 ms, used_size=7071744 bytes (17.3%)
(RDMA_READ_CONSUME_CHECK_CONSUMER) timestamp=12036 ms, used_size=7069696 bytes (17.3%)
(RDMA_READ_CONSUME_CHECK_CONSUMER) timestamp=12036 ms, used_size=7067648 bytes (17.3%)
(RDMA_READ_CONSUME_CHECK_CONSUMER) timestamp=12036 ms, used_size=7065600 bytes (17.2%)
(RDMA_READ_CONSUME_CHECK_CONSUMER) timestamp=12036 ms, used_size=7063552 bytes (17.2%)
(RDMA_READ_CONSUME_CHECK_CONSUMER) timestamp=12036 ms, used_size=7061504 bytes (17.2%)
(RDMA_READ_CONSUME_CHECK_CONSUMER) timestamp=12036 ms, used_size=7059456 bytes (17.2%)
(RDMA_READ_CONSUME_CHECK_CONSUMER) timestamp=12036 ms, used_size=7057408 bytes (17.2%)
(RDMA_READ_CONSUME_CHECK_CONSUMER) timestamp=12036 ms, used_size=7055360 bytes (17.2%)
(RDMA_READ_CONSUME_CHECK_CONSUMER) timestamp=12037 ms, used_size=7053312 bytes (17.2%)
(RDMA_READ_CONSUME_CHECK_CONSUMER) timestamp=12037 ms, used_size=7051264 bytes (17.2%)
(RDMA_READ_CONSUME_CHECK_CONSUMER) timestamp=12037 ms, used_size=7049216 bytes (17.2%)
(RDMA_READ_CONSUME_CHECK_CONSUMER) timestamp=12037 ms, used_size=7047168 bytes (17.2%)
(RDMA_READ_CONSUME_CHECK_CONSUMER) timestamp=12037 ms, used_size=7045120 bytes (17.2%)
(RDMA_READ_CONSUME_CHECK_CONSUMER) timestamp=12037 ms, used_size=7043072 bytes (17.2%)
(RDMA_READ_CONSUME_CHECK_CONSUMER) timestamp=12037 ms, used_size=7041024 bytes (17.2%)
(RDMA_READ_CONSUME_CHECK_CONSUMER) timestamp=12037 ms, used_size=7038976 bytes (17.2%)
(RDMA_READ_CONSUME_CHECK_CONSUMER) timestamp=12037 ms, used_size=7036928 bytes (17.2%)
(RDMA_READ_CONSUME_CHECK_CONSUMER) timestamp=12037 ms, used_size=7034880 bytes (17.2%)
(RDMA_READ_CONSUME_CHECK_CONSUMER) timestamp=12037 ms, used_size=7032832 bytes (17.2%)
(RDMA_READ_CONSUME_CHECK_CONSUMER) timestamp=12037 ms, used_size=7030784 bytes (17.2%)
(RDMA_READ_CONSUME_CHECK_CONSUMER) timestamp=12037 ms, used_size=7028736 bytes (17.2%)
(RDMA_READ_CONSUME_CHECK_CONSUMER) timestamp=12037 ms, used_size=7026688 bytes (17.2%)
(RDMA_READ_CONSUME_CHECK_CONSUMER) timestamp=12037 ms, used_size=7024640 bytes (17.1%)
(RDMA_READ_CONSUME_CHECK_CONSUMER) timestamp=12037 ms, used_size=7022592 bytes (17.1%)
(RDMA_READ_CONSUME_CHECK_CONSUMER) timestamp=12037 ms, used_size=7020544 bytes (17.1%)
(RDMA_READ_CONSUME_CHECK_CONSUMER) timestamp=12037 ms, used_size=7018496 bytes (17.1%)
(RDMA_READ_CONSUME_CHECK_CONSUMER) timestamp=12037 ms, used_size=7016448 bytes (17.1%)
(RDMA_READ_CONSUME_CHECK_CONSUMER) timestamp=12037 ms, used_size=7014400 bytes (17.1%)
(RDMA_READ_CONSUME_CHECK_CONSUMER) timestamp=12037 ms, used_size=7012352 bytes (17.1%)
(RDMA_READ_CONSUME_CHECK_CONSUMER) timestamp=12037 ms, used_size=7010304 bytes (17.1%)
(RDMA_READ_CONSUME_CHECK_CONSUMER) timestamp=12037 ms, used_size=7008256 bytes (17.1%)
(RDMA_READ_CONSUME_CHECK_CONSUMER) timestamp=12037 ms, used_size=7006208 bytes (17.1%)
(RDMA_READ_CONSUME_CHECK_CONSUMER) timestamp=12037 ms, used_size=7004160 bytes (17.1%)
(RDMA_READ_CONSUME_CHECK_CONSUMER) timestamp=12037 ms, used_size=7002112 bytes (17.1%)
(RDMA_READ_CONSUME_CHECK_CONSUMER) timestamp=12037 ms, used_size=7000064 bytes (17.1%)
(RDMA_READ_CONSUME_CHECK_CONSUMER) timestamp=12037 ms, used_size=6998016 bytes (17.1%)
(RDMA_READ_CONSUME_CHECK_CONSUMER) timestamp=12037 ms, used_size=6995968 bytes (17.1%)
(RDMA_READ_CONSUME_CHECK_CONSUMER) timestamp=12037 ms, used_size=6993920 bytes (17.1%)
(RDMA_READ_CONSUME_CHECK_CONSUMER) timestamp=12037 ms, used_size=6991872 bytes (17.1%)
(RDMA_READ_CONSUME_CHECK_CONSUMER) timestamp=12037 ms, used_size=6989824 bytes (17.1%)
(RDMA_READ_CONSUME_CHECK_CONSUMER) timestamp=12037 ms, used_size=6987776 bytes (17.1%)
(RDMA_READ_CONSUME_CHECK_CONSUMER) timestamp=12037 ms, used_size=6985728 bytes (17.1%)
(RDMA_READ_CONSUME_CHECK_CONSUMER) timestamp=12037 ms, used_size=6983680 bytes (17.1%)
(RDMA_READ_CONSUME_CHECK_CONSUMER) timestamp=12037 ms, used_size=6981632 bytes (17.0%)
(RDMA_READ_CONSUME_CHECK_CONSUMER) timestamp=12037 ms, used_size=6979584 bytes (17.0%)
(RDMA_READ_CONSUME_CHECK_CONSUMER) timestamp=12037 ms, used_size=6977536 bytes (17.0%)
(RDMA_READ_CONSUME_CHECK_CONSUMER) timestamp=12037 ms, used_size=6975488 bytes (17.0%)
(RDMA_READ_CONSUME_CHECK_CONSUMER) timestamp=12037 ms, used_size=6973440 bytes (17.0%)
(RDMA_READ_CONSUME_CHECK_CONSUMER) timestamp=12037 ms, used_size=6971392 bytes (17.0%)
(RDMA_READ_CONSUME_CHECK_CONSUMER) timestamp=12037 ms, used_size=6969344 bytes (17.0%)
(RDMA_READ_CONSUME_CHECK_CONSUMER) timestamp=12037 ms, used_size=6967296 bytes (17.0%)
(RDMA_READ_CONSUME_CHECK_CONSUMER) timestamp=12037 ms, used_size=6965248 bytes (17.0%)
(RDMA_READ_CONSUME_CHECK_CONSUMER) timestamp=12037 ms, used_size=6963200 bytes (17.0%)
(RDMA_READ_CONSUME_CHECK_CONSUMER) timestamp=12037 ms, used_size=6961152 bytes (17.0%)
(RDMA_READ_CONSUME_CHECK_CONSUMER) timestamp=12037 ms, used_size=6959104 bytes (17.0%)
(RDMA_READ_CONSUME_CHECK_CONSUMER) timestamp=12037 ms, used_size=6957056 bytes (17.0%)
(RDMA_READ_CONSUME_CHECK_CONSUMER) timestamp=12037 ms, used_size=6955008 bytes (17.0%)
(RDMA_READ_CONSUME_CHECK_CONSUMER) timestamp=12037 ms, used_size=6952960 bytes (17.0%)
(RDMA_READ_CONSUME_CHECK_CONSUMER) timestamp=12037 ms, used_size=6950912 bytes (17.0%)
(RDMA_READ_CONSUME_CHECK_CONSUMER) timestamp=12037 ms, used_size=6948864 bytes (17.0%)
(RDMA_READ_CONSUME_CHECK_CONSUMER) timestamp=12037 ms, used_size=6946816 bytes (17.0%)
(RDMA_READ_CONSUME_CHECK_CONSUMER) timestamp=12037 ms, used_size=6944768 bytes (17.0%)
(RDMA_READ_CONSUME_CHECK_CONSUMER) timestamp=12037 ms, used_size=6942720 bytes (16.9%)
(RDMA_READ_CONSUME_CHECK_CONSUMER) timestamp=12037 ms, used_size=6940672 bytes (16.9%)
(RDMA_READ_CONSUME_CHECK_CONSUMER) timestamp=12037 ms, used_size=6938624 bytes (16.9%)
(RDMA_READ_CONSUME_CHECK_CONSUMER) timestamp=12037 ms, used_size=6936576 bytes (16.9%)
(RDMA_READ_CONSUME_CHECK_CONSUMER) timestamp=12037 ms, used_size=6934528 bytes (16.9%)
(RDMA_READ_CONSUME_CHECK_CONSUMER) timestamp=12037 ms, used_size=6932480 bytes (16.9%)
(RDMA_READ_CONSUME_CHECK_CONSUMER) timestamp=12037 ms, used_size=6930432 bytes (16.9%)
(RDMA_READ_CONSUME_CHECK_CONSUMER) timestamp=12037 ms, used_size=6928384 bytes (16.9%)
(RDMA_READ_CONSUME_CHECK_CONSUMER) timestamp=12037 ms, used_size=6926336 bytes (16.9%)
(RDMA_READ_CONSUME_CHECK_CONSUMER) timestamp=12037 ms, used_size=6924288 bytes (16.9%)
(RDMA_READ_CONSUME_CHECK_CONSUMER) timestamp=12037 ms, used_size=6922240 bytes (16.9%)
(RDMA_READ_CONSUME_CHECK_CONSUMER) timestamp=12037 ms, used_size=6920192 bytes (16.9%)
(RDMA_READ_CONSUME_CHECK_CONSUMER) timestamp=12037 ms, used_size=6918144 bytes (16.9%)
(RDMA_READ_CONSUME_CHECK_CONSUMER) timestamp=12037 ms, used_size=6916096 bytes (16.9%)
(RDMA_READ_CONSUME_CHECK_CONSUMER) timestamp=12037 ms, used_size=6914048 bytes (16.9%)
(RDMA_READ_CONSUME_CHECK_CONSUMER) timestamp=12037 ms, used_size=6912000 bytes (16.9%)
(RDMA_READ_CONSUME_CHECK_CONSUMER) timestamp=12037 ms, used_size=6909952 bytes (16.9%)
(RDMA_READ_CONSUME_CHECK_CONSUMER) timestamp=12037 ms, used_size=6907904 bytes (16.9%)
(RDMA_READ_CONSUME_CHECK_CONSUMER) timestamp=12037 ms, used_size=6905856 bytes (16.9%)
(RDMA_READ_CONSUME_CHECK_CONSUMER) timestamp=12037 ms, used_size=6903808 bytes (16.9%)
(RDMA_READ_CONSUME_CHECK_CONSUMER) timestamp=12037 ms, used_size=6901760 bytes (16.9%)
(RDMA_READ_CONSUME_CHECK_CONSUMER) timestamp=12037 ms, used_size=6899712 bytes (16.8%)
(RDMA_READ_CONSUME_CHECK_CONSUMER) timestamp=12037 ms, used_size=6897664 bytes (16.8%)
(RDMA_READ_CONSUME_CHECK_CONSUMER) timestamp=12037 ms, used_size=6895616 bytes (16.8%)
(RDMA_READ_CONSUME_CHECK_CONSUMER) timestamp=12037 ms, used_size=6893568 bytes (16.8%)
(RDMA_READ_CONSUME_CHECK_CONSUMER) timestamp=12037 ms, used_size=6891520 bytes (16.8%)
(RDMA_READ_CONSUME_CHECK_CONSUMER) timestamp=12037 ms, used_size=6889472 bytes (16.8%)
(RDMA_READ_CONSUME_CHECK_CONSUMER) timestamp=12037 ms, used_size=6887424 bytes (16.8%)
(RDMA_READ_CONSUME_CHECK_CONSUMER) timestamp=12037 ms, used_size=6885376 bytes (16.8%)
(RDMA_READ_CONSUME_CHECK_CONSUMER) timestamp=12037 ms, used_size=6883328 bytes (16.8%)
(RDMA_READ_CONSUME_CHECK_CONSUMER) timestamp=12037 ms, used_size=6881280 bytes (16.8%)
(RDMA_READ_CONSUME_CHECK_CONSUMER) timestamp=12037 ms, used_size=6879232 bytes (16.8%)
(RDMA_READ_CONSUME_CHECK_CONSUMER) timestamp=12037 ms, used_size=6877184 bytes (16.8%)
(RDMA_READ_CONSUME_CHECK_CONSUMER) timestamp=12037 ms, used_size=6875136 bytes (16.8%)
(RDMA_READ_CONSUME_CHECK_CONSUMER) timestamp=12037 ms, used_size=6873088 bytes (16.8%)
(RDMA_READ_CONSUME_CHECK_CONSUMER) timestamp=12037 ms, used_size=6871040 bytes (16.8%)
(RDMA_READ_CONSUME_CHECK_CONSUMER) timestamp=12037 ms, used_size=6868992 bytes (16.8%)
(RDMA_READ_CONSUME_CHECK_CONSUMER) timestamp=12037 ms, used_size=6866944 bytes (16.8%)
(RDMA_READ_CONSUME_CHECK_CONSUMER) timestamp=12037 ms, used_size=6864896 bytes (16.8%)
(RDMA_READ_CONSUME_CHECK_CONSUMER) timestamp=12037 ms, used_size=6862848 bytes (16.8%)
(RDMA_READ_CONSUME_CHECK_CONSUMER) timestamp=12037 ms, used_size=6860800 bytes (16.8%)
(RDMA_READ_CONSUME_CHECK_CONSUMER) timestamp=12037 ms, used_size=6858752 bytes (16.7%)
(RDMA_READ_CONSUME_CHECK_CONSUMER) timestamp=12037 ms, used_size=6856704 bytes (16.7%)
(RDMA_READ_CONSUME_CHECK_CONSUMER) timestamp=12037 ms, used_size=6854656 bytes (16.7%)
(RDMA_READ_CONSUME_CHECK_CONSUMER) timestamp=12037 ms, used_size=6852608 bytes (16.7%)
(RDMA_READ_CONSUME_CHECK_CONSUMER) timestamp=12037 ms, used_size=6850560 bytes (16.7%)
(RDMA_READ_CONSUME_CHECK_CONSUMER) timestamp=12037 ms, used_size=6848512 bytes (16.7%)
(RDMA_READ_CONSUME_CHECK_CONSUMER) timestamp=12037 ms, used_size=6846464 bytes (16.7%)
(RDMA_READ_CONSUME_CHECK_CONSUMER) timestamp=12037 ms, used_size=6844416 bytes (16.7%)
(RDMA_READ_CONSUME_CHECK_CONSUMER) timestamp=12037 ms, used_size=6842368 bytes (16.7%)
(RDMA_READ_CONSUME_CHECK_CONSUMER) timestamp=12037 ms, used_size=6840320 bytes (16.7%)
(RDMA_READ_CONSUME_CHECK_CONSUMER) timestamp=12037 ms, used_size=6838272 bytes (16.7%)
(RDMA_READ_CONSUME_CHECK_CONSUMER) timestamp=12037 ms, used_size=6836224 bytes (16.7%)
(RDMA_READ_CONSUME_CHECK_CONSUMER) timestamp=12037 ms, used_size=6834176 bytes (16.7%)
(RDMA_READ_CONSUME_CHECK_CONSUMER) timestamp=12037 ms, used_size=6832128 bytes (16.7%)
(RDMA_READ_CONSUME_CHECK_CONSUMER) timestamp=12037 ms, used_size=6830080 bytes (16.7%)
(RDMA_READ_CONSUME_CHECK_CONSUMER) timestamp=12037 ms, used_size=6828032 bytes (16.7%)
(RDMA_READ_CONSUME_CHECK_CONSUMER) timestamp=12037 ms, used_size=6825984 bytes (16.7%)
(RDMA_READ_CONSUME_CHECK_CONSUMER) timestamp=12037 ms, used_size=6823936 bytes (16.7%)
(RDMA_READ_CONSUME_CHECK_CONSUMER) timestamp=12037 ms, used_size=6821888 bytes (16.7%)
(RDMA_READ_CONSUME_CHECK_CONSUMER) timestamp=12037 ms, used_size=6819840 bytes (16.6%)
(RDMA_READ_CONSUME_CHECK_CONSUMER) timestamp=12037 ms, used_size=6817792 bytes (16.6%)
(RDMA_READ_CONSUME_CHECK_CONSUMER) timestamp=12037 ms, used_size=6815744 bytes (16.6%)
(RDMA_READ_CONSUME_CHECK_CONSUMER) timestamp=12037 ms, used_size=6813696 bytes (16.6%)
(RDMA_READ_CONSUME_CHECK_CONSUMER) timestamp=12037 ms, used_size=6811648 bytes (16.6%)
(RDMA_READ_CONSUME_CHECK_CONSUMER) timestamp=12037 ms, used_size=6809600 bytes (16.6%)
(RDMA_READ_CONSUME_CHECK_CONSUMER) timestamp=12037 ms, used_size=6807552 bytes (16.6%)
(RDMA_READ_CONSUME_CHECK_CONSUMER) timestamp=12037 ms, used_size=6805504 bytes (16.6%)
(RDMA_READ_CONSUME_CHECK_CONSUMER) timestamp=12037 ms, used_size=6803456 bytes (16.6%)
(RDMA_READ_CONSUME_CHECK_CONSUMER) timestamp=12037 ms, used_size=6801408 bytes (16.6%)
(RDMA_READ_CONSUME_CHECK_CONSUMER) timestamp=12037 ms, used_size=6799360 bytes (16.6%)
(RDMA_READ_CONSUME_CHECK_CONSUMER) timestamp=12037 ms, used_size=6797312 bytes (16.6%)
(RDMA_READ_CONSUME_CHECK_CONSUMER) timestamp=12037 ms, used_size=6795264 bytes (16.6%)
(RDMA_READ_CONSUME_CHECK_CONSUMER) timestamp=12037 ms, used_size=6793216 bytes (16.6%)
(RDMA_READ_CONSUME_CHECK_CONSUMER) timestamp=12037 ms, used_size=6791168 bytes (16.6%)
(RDMA_READ_CONSUME_CHECK_CONSUMER) timestamp=12037 ms, used_size=6789120 bytes (16.6%)
(RDMA_READ_CONSUME_CHECK_CONSUMER) timestamp=12037 ms, used_size=6787072 bytes (16.6%)
(RDMA_READ_CONSUME_CHECK_CONSUMER) timestamp=12037 ms, used_size=6785024 bytes (16.6%)
(RDMA_READ_CONSUME_CHECK_CONSUMER) timestamp=12037 ms, used_size=6782976 bytes (16.6%)
(RDMA_READ_CONSUME_CHECK_CONSUMER) timestamp=12037 ms, used_size=6780928 bytes (16.6%)
(RDMA_READ_CONSUME_CHECK_CONSUMER) timestamp=12037 ms, used_size=6778880 bytes (16.6%)
(RDMA_READ_CONSUME_CHECK_CONSUMER) timestamp=12037 ms, used_size=6776832 bytes (16.5%)
(RDMA_READ_CONSUME_CHECK_CONSUMER) timestamp=12037 ms, used_size=6774784 bytes (16.5%)
(RDMA_READ_CONSUME_CHECK_CONSUMER) timestamp=12037 ms, used_size=6772736 bytes (16.5%)
(RDMA_READ_CONSUME_CHECK_CONSUMER) timestamp=12037 ms, used_size=6770688 bytes (16.5%)
(RDMA_READ_CONSUME_CHECK_CONSUMER) timestamp=12037 ms, used_size=6768640 bytes (16.5%)
(RDMA_READ_CONSUME_CHECK_CONSUMER) timestamp=12037 ms, used_size=6766592 bytes (16.5%)
(RDMA_READ_CONSUME_CHECK_CONSUMER) timestamp=12037 ms, used_size=6764544 bytes (16.5%)
(RDMA_READ_CONSUME_CHECK_CONSUMER) timestamp=12037 ms, used_size=6762496 bytes (16.5%)
(RDMA_READ_CONSUME_CHECK_CONSUMER) timestamp=12037 ms, used_size=6760448 bytes (16.5%)
(RDMA_READ_CONSUME_CHECK_CONSUMER) timestamp=12037 ms, used_size=6758400 bytes (16.5%)
(RDMA_READ_CONSUME_CHECK_CONSUMER) timestamp=12037 ms, used_size=6756352 bytes (16.5%)
(RDMA_READ_CONSUME_CHECK_CONSUMER) timestamp=12037 ms, used_size=6754304 bytes (16.5%)
(RDMA_READ_CONSUME_CHECK_CONSUMER) timestamp=12037 ms, used_size=6752256 bytes (16.5%)
(RDMA_READ_CONSUME_CHECK_CONSUMER) timestamp=12037 ms, used_size=6750208 bytes (16.5%)
(RDMA_READ_CONSUME_CHECK_CONSUMER) timestamp=12037 ms, used_size=6748160 bytes (16.5%)
(RDMA_READ_CONSUME_CHECK_CONSUMER) timestamp=12037 ms, used_size=6746112 bytes (16.5%)
(RDMA_READ_CONSUME_CHECK_CONSUMER) timestamp=12037 ms, used_size=6744064 bytes (16.5%)
(RDMA_READ_CONSUME_CHECK_CONSUMER) timestamp=12037 ms, used_size=6742016 bytes (16.5%)
(RDMA_READ_CONSUME_CHECK_CONSUMER) timestamp=12037 ms, used_size=6739968 bytes (16.5%)
(RDMA_READ_CONSUME_CHECK_CONSUMER) timestamp=12037 ms, used_size=6737920 bytes (16.4%)
(RDMA_READ_CONSUME_CHECK_CONSUMER) timestamp=12037 ms, used_size=6735872 bytes (16.4%)
(RDMA_READ_CONSUME_CHECK_CONSUMER) timestamp=12037 ms, used_size=6733824 bytes (16.4%)
(RDMA_READ_CONSUME_CHECK_CONSUMER) timestamp=12037 ms, used_size=6731776 bytes (16.4%)
(RDMA_READ_CONSUME_CHECK_CONSUMER) timestamp=12037 ms, used_size=6729728 bytes (16.4%)
(RDMA_READ_CONSUME_CHECK_CONSUMER) timestamp=12037 ms, used_size=6727680 bytes (16.4%)
(RDMA_READ_CONSUME_CHECK_CONSUMER) timestamp=12037 ms, used_size=6725632 bytes (16.4%)
(RDMA_READ_CONSUME_CHECK_CONSUMER) timestamp=12037 ms, used_size=6723584 bytes (16.4%)
(RDMA_READ_CONSUME_CHECK_CONSUMER) timestamp=12037 ms, used_size=6721536 bytes (16.4%)
(RDMA_READ_CONSUME_CHECK_CONSUMER) timestamp=12037 ms, used_size=6719488 bytes (16.4%)
(RDMA_READ_CONSUME_CHECK_CONSUMER) timestamp=12037 ms, used_size=6717440 bytes (16.4%)
(RDMA_READ_CONSUME_CHECK_CONSUMER) timestamp=12037 ms, used_size=6715392 bytes (16.4%)
(RDMA_READ_CONSUME_CHECK_CONSUMER) timestamp=12037 ms, used_size=6713344 bytes (16.4%)
(RDMA_READ_CONSUME_CHECK_CONSUMER) timestamp=12037 ms, used_size=6711296 bytes (16.4%)
(RDMA_READ_CONSUME_CHECK_CONSUMER) timestamp=12037 ms, used_size=6709248 bytes (16.4%)
(RDMA_READ_CONSUME_CHECK_CONSUMER) timestamp=12037 ms, used_size=6707200 bytes (16.4%)
(RDMA_READ_CONSUME_CHECK_CONSUMER) timestamp=12038 ms, used_size=6705152 bytes (16.4%)
(RDMA_READ_CONSUME_CHECK_CONSUMER) timestamp=12038 ms, used_size=6703104 bytes (16.4%)
(RDMA_READ_CONSUME_CHECK_CONSUMER) timestamp=12038 ms, used_size=6701056 bytes (16.4%)
(RDMA_READ_CONSUME_CHECK_CONSUMER) timestamp=12038 ms, used_size=6699008 bytes (16.4%)
(RDMA_READ_CONSUME_CHECK_CONSUMER) timestamp=12038 ms, used_size=6696960 bytes (16.4%)
(RDMA_READ_CONSUME_CHECK_CONSUMER) timestamp=12038 ms, used_size=6694912 bytes (16.3%)
(RDMA_READ_CONSUME_CHECK_CONSUMER) timestamp=12038 ms, used_size=6692864 bytes (16.3%)
(RDMA_READ_CONSUME_CHECK_CONSUMER) timestamp=12038 ms, used_size=6690816 bytes (16.3%)
(RDMA_READ_CONSUME_CHECK_CONSUMER) timestamp=12038 ms, used_size=6688768 bytes (16.3%)
(RDMA_READ_CONSUME_CHECK_CONSUMER) timestamp=12038 ms, used_size=6686720 bytes (16.3%)
(RDMA_READ_CONSUME_CHECK_CONSUMER) timestamp=12038 ms, used_size=6684672 bytes (16.3%)
(RDMA_READ_CONSUME_CHECK_CONSUMER) timestamp=12038 ms, used_size=6682624 bytes (16.3%)
(RDMA_READ_CONSUME_CHECK_CONSUMER) timestamp=12038 ms, used_size=6680576 bytes (16.3%)
(RDMA_READ_CONSUME_CHECK_CONSUMER) timestamp=12038 ms, used_size=6678528 bytes (16.3%)
(RDMA_READ_CONSUME_CHECK_CONSUMER) timestamp=12038 ms, used_size=6676480 bytes (16.3%)
(RDMA_READ_CONSUME_CHECK_CONSUMER) timestamp=12038 ms, used_size=6674432 bytes (16.3%)
(RDMA_READ_CONSUME_CHECK_CONSUMER) timestamp=12038 ms, used_size=6672384 bytes (16.3%)
(RDMA_READ_CONSUME_CHECK_CONSUMER) timestamp=12038 ms, used_size=6670336 bytes (16.3%)
(RDMA_READ_CONSUME_CHECK_CONSUMER) timestamp=12038 ms, used_size=6668288 bytes (16.3%)
(RDMA_READ_CONSUME_CHECK_CONSUMER) timestamp=12038 ms, used_size=6666240 bytes (16.3%)
(RDMA_READ_CONSUME_CHECK_CONSUMER) timestamp=12038 ms, used_size=6664192 bytes (16.3%)
(RDMA_READ_CONSUME_CHECK_CONSUMER) timestamp=12038 ms, used_size=6662144 bytes (16.3%)
(RDMA_READ_CONSUME_CHECK_CONSUMER) timestamp=12038 ms, used_size=6660096 bytes (16.3%)
(RDMA_READ_CONSUME_CHECK_CONSUMER) timestamp=12038 ms, used_size=6658048 bytes (16.3%)
(RDMA_READ_CONSUME_CHECK_CONSUMER) timestamp=12038 ms, used_size=6656000 bytes (16.2%)
(RDMA_READ_CONSUME_CHECK_CONSUMER) timestamp=12038 ms, used_size=6653952 bytes (16.2%)
(RDMA_READ_CONSUME_CHECK_CONSUMER) timestamp=12038 ms, used_size=6651904 bytes (16.2%)
(RDMA_READ_CONSUME_CHECK_CONSUMER) timestamp=12038 ms, used_size=6649856 bytes (16.2%)
(RDMA_READ_CONSUME_CHECK_CONSUMER) timestamp=12038 ms, used_size=6647808 bytes (16.2%)
(RDMA_READ_CONSUME_CHECK_CONSUMER) timestamp=12038 ms, used_size=6645760 bytes (16.2%)
(RDMA_READ_CONSUME_CHECK_CONSUMER) timestamp=12038 ms, used_size=6643712 bytes (16.2%)
(RDMA_READ_CONSUME_CHECK_CONSUMER) timestamp=12038 ms, used_size=6641664 bytes (16.2%)
(RDMA_READ_CONSUME_CHECK_CONSUMER) timestamp=12038 ms, used_size=6639616 bytes (16.2%)
(RDMA_READ_CONSUME_CHECK_CONSUMER) timestamp=12038 ms, used_size=6637568 bytes (16.2%)
(RDMA_READ_CONSUME_CHECK_CONSUMER) timestamp=12038 ms, used_size=6635520 bytes (16.2%)
(RDMA_READ_CONSUME_CHECK_CONSUMER) timestamp=12038 ms, used_size=6633472 bytes (16.2%)
(RDMA_READ_CONSUME_CHECK_CONSUMER) timestamp=12038 ms, used_size=6631424 bytes (16.2%)
(RDMA_READ_CONSUME_CHECK_CONSUMER) timestamp=12038 ms, used_size=6629376 bytes (16.2%)
(RDMA_READ_CONSUME_CHECK_CONSUMER) timestamp=12038 ms, used_size=6627328 bytes (16.2%)
(RDMA_READ_CONSUME_CHECK_CONSUMER) timestamp=12038 ms, used_size=6625280 bytes (16.2%)
(RDMA_READ_CONSUME_CHECK_CONSUMER) timestamp=12038 ms, used_size=6623232 bytes (16.2%)
(RDMA_READ_CONSUME_CHECK_CONSUMER) timestamp=12038 ms, used_size=6621184 bytes (16.2%)
(RDMA_READ_CONSUME_CHECK_CONSUMER) timestamp=12038 ms, used_size=6619136 bytes (16.2%)
(RDMA_READ_CONSUME_CHECK_CONSUMER) timestamp=12038 ms, used_size=6617088 bytes (16.2%)
(RDMA_READ_CONSUME_CHECK_CONSUMER) timestamp=12038 ms, used_size=6615040 bytes (16.1%)
(RDMA_READ_CONSUME_CHECK_CONSUMER) timestamp=12038 ms, used_size=6612992 bytes (16.1%)
(RDMA_READ_CONSUME_CHECK_CONSUMER) timestamp=12038 ms, used_size=6610944 bytes (16.1%)
(RDMA_READ_CONSUME_CHECK_CONSUMER) timestamp=12038 ms, used_size=6608896 bytes (16.1%)
(RDMA_READ_CONSUME_CHECK_CONSUMER) timestamp=12038 ms, used_size=6606848 bytes (16.1%)
(RDMA_READ_CONSUME_CHECK_CONSUMER) timestamp=12038 ms, used_size=6604800 bytes (16.1%)
(RDMA_READ_CONSUME_CHECK_CONSUMER) timestamp=12038 ms, used_size=6602752 bytes (16.1%)
(RDMA_READ_CONSUME_CHECK_CONSUMER) timestamp=12038 ms, used_size=6600704 bytes (16.1%)
(RDMA_READ_CONSUME_CHECK_CONSUMER) timestamp=12038 ms, used_size=6598656 bytes (16.1%)
(RDMA_READ_CONSUME_CHECK_CONSUMER) timestamp=12038 ms, used_size=6596608 bytes (16.1%)
(RDMA_READ_CONSUME_CHECK_CONSUMER) timestamp=12038 ms, used_size=6594560 bytes (16.1%)
(RDMA_READ_CONSUME_CHECK_CONSUMER) timestamp=12038 ms, used_size=6592512 bytes (16.1%)
(RDMA_READ_CONSUME_CHECK_CONSUMER) timestamp=12038 ms, used_size=6590464 bytes (16.1%)
(RDMA_READ_CONSUME_CHECK_CONSUMER) timestamp=12038 ms, used_size=6588416 bytes (16.1%)
(RDMA_READ_CONSUME_CHECK_CONSUMER) timestamp=12038 ms, used_size=6586368 bytes (16.1%)
(RDMA_READ_CONSUME_CHECK_CONSUMER) timestamp=12038 ms, used_size=6584320 bytes (16.1%)
(RDMA_READ_CONSUME_CHECK_CONSUMER) timestamp=12038 ms, used_size=6582272 bytes (16.1%)
(RDMA_READ_CONSUME_CHECK_CONSUMER) timestamp=12038 ms, used_size=6580224 bytes (16.1%)
(RDMA_READ_CONSUME_CHECK_CONSUMER) timestamp=12038 ms, used_size=6578176 bytes (16.1%)
(RDMA_READ_CONSUME_CHECK_CONSUMER) timestamp=12038 ms, used_size=6576128 bytes (16.1%)
(RDMA_READ_CONSUME_CHECK_CONSUMER) timestamp=12038 ms, used_size=6574080 bytes (16.1%)
(RDMA_READ_CONSUME_CHECK_CONSUMER) timestamp=12038 ms, used_size=6572032 bytes (16.0%)
(RDMA_READ_CONSUME_CHECK_CONSUMER) timestamp=12038 ms, used_size=6569984 bytes (16.0%)
(RDMA_READ_CONSUME_CHECK_CONSUMER) timestamp=12038 ms, used_size=6567936 bytes (16.0%)
(RDMA_READ_CONSUME_CHECK_CONSUMER) timestamp=12038 ms, used_size=6565888 bytes (16.0%)
(RDMA_READ_CONSUME_CHECK_CONSUMER) timestamp=12038 ms, used_size=6563840 bytes (16.0%)
(RDMA_READ_CONSUME_CHECK_CONSUMER) timestamp=12038 ms, used_size=6561792 bytes (16.0%)
(RDMA_READ_CONSUME_CHECK_CONSUMER) timestamp=12038 ms, used_size=6559744 bytes (16.0%)
(RDMA_READ_CONSUME_CHECK_CONSUMER) timestamp=12038 ms, used_size=6557696 bytes (16.0%)
(RDMA_READ_CONSUME_CHECK_CONSUMER) timestamp=12038 ms, used_size=6555648 bytes (16.0%)
(RDMA_READ_CONSUME_CHECK_CONSUMER) timestamp=12038 ms, used_size=6553600 bytes (16.0%)
(RDMA_READ_CONSUME_CHECK_CONSUMER) timestamp=12038 ms, used_size=6551552 bytes (16.0%)
(RDMA_READ_CONSUME_CHECK_CONSUMER) timestamp=12038 ms, used_size=6549504 bytes (16.0%)
(RDMA_READ_CONSUME_CHECK_CONSUMER) timestamp=12038 ms, used_size=6547456 bytes (16.0%)
(RDMA_READ_CONSUME_CHECK_CONSUMER) timestamp=12038 ms, used_size=6545408 bytes (16.0%)
(RDMA_READ_CONSUME_CHECK_CONSUMER) timestamp=12038 ms, used_size=6543360 bytes (16.0%)
(RDMA_READ_CONSUME_CHECK_CONSUMER) timestamp=12038 ms, used_size=6541312 bytes (16.0%)
(RDMA_READ_CONSUME_CHECK_CONSUMER) timestamp=12038 ms, used_size=6539264 bytes (16.0%)
(RDMA_READ_CONSUME_CHECK_CONSUMER) timestamp=12038 ms, used_size=6537216 bytes (16.0%)
(RDMA_READ_CONSUME_CHECK_CONSUMER) timestamp=12038 ms, used_size=6535168 bytes (16.0%)
(RDMA_READ_CONSUME_CHECK_CONSUMER) timestamp=12038 ms, used_size=6533120 bytes (15.9%)
(RDMA_READ_CONSUME_CHECK_CONSUMER) timestamp=12038 ms, used_size=6531072 bytes (15.9%)
(RDMA_READ_CONSUME_CHECK_CONSUMER) timestamp=12038 ms, used_size=6529024 bytes (15.9%)
(RDMA_READ_CONSUME_CHECK_CONSUMER) timestamp=12038 ms, used_size=6526976 bytes (15.9%)
(RDMA_READ_CONSUME_CHECK_CONSUMER) timestamp=12038 ms, used_size=6524928 bytes (15.9%)
(RDMA_READ_CONSUME_CHECK_CONSUMER) timestamp=12038 ms, used_size=6522880 bytes (15.9%)
(RDMA_READ_CONSUME_CHECK_CONSUMER) timestamp=12038 ms, used_size=6520832 bytes (15.9%)
(RDMA_READ_CONSUME_CHECK_CONSUMER) timestamp=12038 ms, used_size=6518784 bytes (15.9%)
(RDMA_READ_CONSUME_CHECK_CONSUMER) timestamp=12038 ms, used_size=6516736 bytes (15.9%)
(RDMA_READ_CONSUME_CHECK_CONSUMER) timestamp=12038 ms, used_size=6514688 bytes (15.9%)
(RDMA_READ_CONSUME_CHECK_CONSUMER) timestamp=12038 ms, used_size=6512640 bytes (15.9%)
(RDMA_READ_CONSUME_CHECK_CONSUMER) timestamp=12038 ms, used_size=6510592 bytes (15.9%)
(RDMA_READ_CONSUME_CHECK_CONSUMER) timestamp=12038 ms, used_size=6508544 bytes (15.9%)
(RDMA_READ_CONSUME_CHECK_CONSUMER) timestamp=12038 ms, used_size=6506496 bytes (15.9%)
(RDMA_READ_CONSUME_CHECK_CONSUMER) timestamp=12038 ms, used_size=6504448 bytes (15.9%)
(RDMA_READ_CONSUME_CHECK_CONSUMER) timestamp=12038 ms, used_size=6502400 bytes (15.9%)
(RDMA_READ_CONSUME_CHECK_CONSUMER) timestamp=12038 ms, used_size=6500352 bytes (15.9%)
(RDMA_READ_CONSUME_CHECK_CONSUMER) timestamp=12038 ms, used_size=6498304 bytes (15.9%)
(RDMA_READ_CONSUME_CHECK_CONSUMER) timestamp=12038 ms, used_size=6496256 bytes (15.9%)
(RDMA_READ_CONSUME_CHECK_CONSUMER) timestamp=12038 ms, used_size=6494208 bytes (15.9%)
(RDMA_READ_CONSUME_CHECK_CONSUMER) timestamp=12038 ms, used_size=6492160 bytes (15.8%)
(RDMA_READ_CONSUME_CHECK_CONSUMER) timestamp=12038 ms, used_size=6490112 bytes (15.8%)
(RDMA_READ_CONSUME_CHECK_CONSUMER) timestamp=12038 ms, used_size=6488064 bytes (15.8%)
(RDMA_READ_CONSUME_CHECK_CONSUMER) timestamp=12038 ms, used_size=6486016 bytes (15.8%)
(RDMA_READ_CONSUME_CHECK_CONSUMER) timestamp=12038 ms, used_size=6483968 bytes (15.8%)
(RDMA_READ_CONSUME_CHECK_CONSUMER) timestamp=12038 ms, used_size=6481920 bytes (15.8%)
(RDMA_READ_CONSUME_CHECK_CONSUMER) timestamp=12038 ms, used_size=6479872 bytes (15.8%)
(RDMA_READ_CONSUME_CHECK_CONSUMER) timestamp=12038 ms, used_size=6477824 bytes (15.8%)
(RDMA_READ_CONSUME_CHECK_CONSUMER) timestamp=12038 ms, used_size=6475776 bytes (15.8%)
(RDMA_READ_CONSUME_CHECK_CONSUMER) timestamp=12038 ms, used_size=6473728 bytes (15.8%)
(RDMA_READ_CONSUME_CHECK_CONSUMER) timestamp=12038 ms, used_size=6471680 bytes (15.8%)
(RDMA_READ_CONSUME_CHECK_CONSUMER) timestamp=12038 ms, used_size=6469632 bytes (15.8%)
(RDMA_READ_CONSUME_CHECK_CONSUMER) timestamp=12038 ms, used_size=6467584 bytes (15.8%)
(RDMA_READ_CONSUME_CHECK_CONSUMER) timestamp=12038 ms, used_size=6465536 bytes (15.8%)
(RDMA_READ_CONSUME_CHECK_CONSUMER) timestamp=12038 ms, used_size=6463488 bytes (15.8%)
(RDMA_READ_CONSUME_CHECK_CONSUMER) timestamp=12038 ms, used_size=6461440 bytes (15.8%)
(RDMA_READ_CONSUME_CHECK_CONSUMER) timestamp=12038 ms, used_size=6459392 bytes (15.8%)
(RDMA_READ_CONSUME_CHECK_CONSUMER) timestamp=12038 ms, used_size=6457344 bytes (15.8%)
(RDMA_READ_CONSUME_CHECK_CONSUMER) timestamp=12038 ms, used_size=6455296 bytes (15.8%)
(RDMA_READ_CONSUME_CHECK_CONSUMER) timestamp=12038 ms, used_size=6453248 bytes (15.8%)
(RDMA_READ_CONSUME_CHECK_CONSUMER) timestamp=12038 ms, used_size=6451200 bytes (15.8%)
(RDMA_READ_CONSUME_CHECK_CONSUMER) timestamp=12038 ms, used_size=6449152 bytes (15.7%)
(RDMA_READ_CONSUME_CHECK_CONSUMER) timestamp=12038 ms, used_size=6447104 bytes (15.7%)
(RDMA_READ_CONSUME_CHECK_CONSUMER) timestamp=12038 ms, used_size=6445056 bytes (15.7%)
(RDMA_READ_CONSUME_CHECK_CONSUMER) timestamp=12038 ms, used_size=6443008 bytes (15.7%)
(RDMA_READ_CONSUME_CHECK_CONSUMER) timestamp=12038 ms, used_size=6440960 bytes (15.7%)
(RDMA_READ_CONSUME_CHECK_CONSUMER) timestamp=12038 ms, used_size=6438912 bytes (15.7%)
(RDMA_READ_CONSUME_CHECK_CONSUMER) timestamp=12038 ms, used_size=6436864 bytes (15.7%)
(RDMA_READ_CONSUME_CHECK_CONSUMER) timestamp=12038 ms, used_size=6434816 bytes (15.7%)
(RDMA_READ_CONSUME_CHECK_CONSUMER) timestamp=12038 ms, used_size=6432768 bytes (15.7%)
(RDMA_READ_CONSUME_CHECK_CONSUMER) timestamp=12038 ms, used_size=6430720 bytes (15.7%)
(RDMA_READ_CONSUME_CHECK_CONSUMER) timestamp=12038 ms, used_size=6428672 bytes (15.7%)
(RDMA_READ_CONSUME_CHECK_CONSUMER) timestamp=12038 ms, used_size=6426624 bytes (15.7%)
(RDMA_READ_CONSUME_CHECK_CONSUMER) timestamp=12038 ms, used_size=6424576 bytes (15.7%)
(RDMA_READ_CONSUME_CHECK_CONSUMER) timestamp=12038 ms, used_size=6422528 bytes (15.7%)
(RDMA_READ_CONSUME_CHECK_CONSUMER) timestamp=12038 ms, used_size=6420480 bytes (15.7%)
(RDMA_READ_CONSUME_CHECK_CONSUMER) timestamp=12038 ms, used_size=6418432 bytes (15.7%)
(RDMA_READ_CONSUME_CHECK_CONSUMER) timestamp=12038 ms, used_size=6416384 bytes (15.7%)
(RDMA_READ_CONSUME_CHECK_CONSUMER) timestamp=12038 ms, used_size=6414336 bytes (15.7%)
(RDMA_READ_CONSUME_CHECK_CONSUMER) timestamp=12038 ms, used_size=6412288 bytes (15.7%)
(RDMA_READ_CONSUME_CHECK_CONSUMER) timestamp=12038 ms, used_size=6410240 bytes (15.7%)
(RDMA_READ_CONSUME_CHECK_CONSUMER) timestamp=12038 ms, used_size=6408192 bytes (15.6%)
(RDMA_READ_CONSUME_CHECK_CONSUMER) timestamp=12038 ms, used_size=6406144 bytes (15.6%)
(RDMA_READ_CONSUME_CHECK_CONSUMER) timestamp=12038 ms, used_size=6404096 bytes (15.6%)
(RDMA_READ_CONSUME_CHECK_CONSUMER) timestamp=12038 ms, used_size=6402048 bytes (15.6%)
(RDMA_READ_CONSUME_CHECK_CONSUMER) timestamp=12038 ms, used_size=6400000 bytes (15.6%)
(RDMA_READ_CONSUME_CHECK_CONSUMER) timestamp=12038 ms, used_size=6397952 bytes (15.6%)
(RDMA_READ_CONSUME_CHECK_CONSUMER) timestamp=12038 ms, used_size=6395904 bytes (15.6%)
(RDMA_READ_CONSUME_CHECK_CONSUMER) timestamp=12038 ms, used_size=6393856 bytes (15.6%)
(RDMA_READ_CONSUME_CHECK_CONSUMER) timestamp=12038 ms, used_size=6391808 bytes (15.6%)
(RDMA_READ_CONSUME_CHECK_CONSUMER) timestamp=12038 ms, used_size=6389760 bytes (15.6%)
(RDMA_READ_CONSUME_CHECK_CONSUMER) timestamp=12038 ms, used_size=6387712 bytes (15.6%)
(RDMA_READ_CONSUME_CHECK_CONSUMER) timestamp=12038 ms, used_size=6385664 bytes (15.6%)
(RDMA_READ_CONSUME_CHECK_CONSUMER) timestamp=12038 ms, used_size=6383616 bytes (15.6%)
(RDMA_READ_CONSUME_CHECK_CONSUMER) timestamp=12038 ms, used_size=6381568 bytes (15.6%)
(RDMA_READ_CONSUME_CHECK_CONSUMER) timestamp=12038 ms, used_size=6379520 bytes (15.6%)
(RDMA_READ_CONSUME_CHECK_CONSUMER) timestamp=12038 ms, used_size=6377472 bytes (15.6%)
(RDMA_READ_CONSUME_CHECK_CONSUMER) timestamp=12038 ms, used_size=6375424 bytes (15.6%)
(RDMA_READ_CONSUME_CHECK_CONSUMER) timestamp=12038 ms, used_size=6373376 bytes (15.6%)
(RDMA_READ_CONSUME_CHECK_CONSUMER) timestamp=12038 ms, used_size=6371328 bytes (15.6%)
(RDMA_READ_CONSUME_CHECK_CONSUMER) timestamp=12038 ms, used_size=6369280 bytes (15.6%)
(RDMA_READ_CONSUME_CHECK_CONSUMER) timestamp=12038 ms, used_size=6367232 bytes (15.5%)
(RDMA_READ_CONSUME_CHECK_CONSUMER) timestamp=12038 ms, used_size=6365184 bytes (15.5%)
(RDMA_READ_CONSUME_CHECK_CONSUMER) timestamp=12038 ms, used_size=6363136 bytes (15.5%)
(RDMA_READ_CONSUME_CHECK_CONSUMER) timestamp=12038 ms, used_size=6361088 bytes (15.5%)
(RDMA_READ_CONSUME_CHECK_CONSUMER) timestamp=12038 ms, used_size=6359040 bytes (15.5%)
(RDMA_READ_CONSUME_CHECK_CONSUMER) timestamp=12038 ms, used_size=6356992 bytes (15.5%)
(RDMA_READ_CONSUME_CHECK_CONSUMER) timestamp=12039 ms, used_size=6354944 bytes (15.5%)
(RDMA_READ_CONSUME_CHECK_CONSUMER) timestamp=12039 ms, used_size=6352896 bytes (15.5%)
(RDMA_READ_CONSUME_CHECK_CONSUMER) timestamp=12039 ms, used_size=6350848 bytes (15.5%)
(RDMA_READ_CONSUME_CHECK_CONSUMER) timestamp=12039 ms, used_size=6348800 bytes (15.5%)
(RDMA_READ_CONSUME_CHECK_CONSUMER) timestamp=12039 ms, used_size=6346752 bytes (15.5%)
(RDMA_READ_CONSUME_CHECK_CONSUMER) timestamp=12039 ms, used_size=6344704 bytes (15.5%)
(RDMA_READ_CONSUME_CHECK_CONSUMER) timestamp=12039 ms, used_size=6342656 bytes (15.5%)
(RDMA_READ_CONSUME_CHECK_CONSUMER) timestamp=12039 ms, used_size=6340608 bytes (15.5%)
(RDMA_READ_CONSUME_CHECK_CONSUMER) timestamp=12039 ms, used_size=6338560 bytes (15.5%)
(RDMA_READ_CONSUME_CHECK_CONSUMER) timestamp=12039 ms, used_size=6336512 bytes (15.5%)
(RDMA_READ_CONSUME_CHECK_CONSUMER) timestamp=12039 ms, used_size=6334464 bytes (15.5%)
(RDMA_READ_CONSUME_CHECK_CONSUMER) timestamp=12039 ms, used_size=6332416 bytes (15.5%)
(RDMA_READ_CONSUME_CHECK_CONSUMER) timestamp=12039 ms, used_size=6330368 bytes (15.5%)
(RDMA_READ_CONSUME_CHECK_CONSUMER) timestamp=12039 ms, used_size=6328320 bytes (15.4%)
(RDMA_READ_CONSUME_CHECK_CONSUMER) timestamp=12039 ms, used_size=6326272 bytes (15.4%)
(RDMA_READ_CONSUME_CHECK_CONSUMER) timestamp=12039 ms, used_size=6324224 bytes (15.4%)
(RDMA_READ_CONSUME_CHECK_CONSUMER) timestamp=12039 ms, used_size=6322176 bytes (15.4%)
(RDMA_READ_CONSUME_CHECK_CONSUMER) timestamp=12039 ms, used_size=6320128 bytes (15.4%)
(RDMA_READ_CONSUME_CHECK_CONSUMER) timestamp=12039 ms, used_size=6318080 bytes (15.4%)
(RDMA_READ_CONSUME_CHECK_CONSUMER) timestamp=12039 ms, used_size=6316032 bytes (15.4%)
(RDMA_READ_CONSUME_CHECK_CONSUMER) timestamp=12039 ms, used_size=6313984 bytes (15.4%)
(RDMA_READ_CONSUME_CHECK_CONSUMER) timestamp=12039 ms, used_size=6311936 bytes (15.4%)
(RDMA_READ_CONSUME_CHECK_CONSUMER) timestamp=12039 ms, used_size=6309888 bytes (15.4%)
(RDMA_READ_CONSUME_CHECK_CONSUMER) timestamp=12039 ms, used_size=6307840 bytes (15.4%)
(RDMA_READ_CONSUME_CHECK_CONSUMER) timestamp=12039 ms, used_size=6305792 bytes (15.4%)
(RDMA_READ_CONSUME_CHECK_CONSUMER) timestamp=12039 ms, used_size=6303744 bytes (15.4%)
(RDMA_READ_CONSUME_CHECK_CONSUMER) timestamp=12039 ms, used_size=6301696 bytes (15.4%)
(RDMA_READ_CONSUME_CHECK_CONSUMER) timestamp=12039 ms, used_size=6299648 bytes (15.4%)
(RDMA_READ_CONSUME_CHECK_CONSUMER) timestamp=12039 ms, used_size=6297600 bytes (15.4%)
(RDMA_READ_CONSUME_CHECK_CONSUMER) timestamp=12039 ms, used_size=6295552 bytes (15.4%)
(RDMA_READ_CONSUME_CHECK_CONSUMER) timestamp=12039 ms, used_size=6293504 bytes (15.4%)
(RDMA_READ_CONSUME_CHECK_CONSUMER) timestamp=12039 ms, used_size=6291456 bytes (15.4%)
(RDMA_READ_CONSUME_CHECK_CONSUMER) timestamp=12039 ms, used_size=6289408 bytes (15.4%)
(RDMA_READ_CONSUME_CHECK_CONSUMER) timestamp=12039 ms, used_size=6287360 bytes (15.3%)
(RDMA_READ_CONSUME_CHECK_CONSUMER) timestamp=12039 ms, used_size=6285312 bytes (15.3%)
(RDMA_READ_CONSUME_CHECK_CONSUMER) timestamp=12039 ms, used_size=6283264 bytes (15.3%)
(RDMA_READ_CONSUME_CHECK_CONSUMER) timestamp=12039 ms, used_size=6281216 bytes (15.3%)
(RDMA_READ_CONSUME_CHECK_CONSUMER) timestamp=12039 ms, used_size=6279168 bytes (15.3%)
(RDMA_READ_CONSUME_CHECK_CONSUMER) timestamp=12039 ms, used_size=6277120 bytes (15.3%)
(RDMA_READ_CONSUME_CHECK_CONSUMER) timestamp=12039 ms, used_size=6275072 bytes (15.3%)
(RDMA_READ_CONSUME_CHECK_CONSUMER) timestamp=12039 ms, used_size=6273024 bytes (15.3%)
(RDMA_READ_CONSUME_CHECK_CONSUMER) timestamp=12039 ms, used_size=6270976 bytes (15.3%)
(RDMA_READ_CONSUME_CHECK_CONSUMER) timestamp=12039 ms, used_size=6268928 bytes (15.3%)
(RDMA_READ_CONSUME_CHECK_CONSUMER) timestamp=12039 ms, used_size=6266880 bytes (15.3%)
(RDMA_READ_CONSUME_CHECK_CONSUMER) timestamp=12039 ms, used_size=6264832 bytes (15.3%)
(RDMA_READ_CONSUME_CHECK_CONSUMER) timestamp=12039 ms, used_size=6262784 bytes (15.3%)
(RDMA_READ_CONSUME_CHECK_CONSUMER) timestamp=12039 ms, used_size=6260736 bytes (15.3%)
(RDMA_READ_CONSUME_CHECK_CONSUMER) timestamp=12039 ms, used_size=6258688 bytes (15.3%)
(RDMA_READ_CONSUME_CHECK_CONSUMER) timestamp=12039 ms, used_size=6256640 bytes (15.3%)
(RDMA_READ_CONSUME_CHECK_CONSUMER) timestamp=12039 ms, used_size=6254592 bytes (15.3%)
(RDMA_READ_CONSUME_CHECK_CONSUMER) timestamp=12039 ms, used_size=6252544 bytes (15.3%)
(RDMA_READ_CONSUME_CHECK_CONSUMER) timestamp=12039 ms, used_size=6250496 bytes (15.3%)
(RDMA_READ_CONSUME_CHECK_CONSUMER) timestamp=12039 ms, used_size=6248448 bytes (15.3%)
(RDMA_READ_CONSUME_CHECK_CONSUMER) timestamp=12039 ms, used_size=6246400 bytes (15.2%)
(RDMA_READ_CONSUME_CHECK_CONSUMER) timestamp=12039 ms, used_size=6244352 bytes (15.2%)
(RDMA_READ_CONSUME_CHECK_CONSUMER) timestamp=12039 ms, used_size=6242304 bytes (15.2%)
(RDMA_READ_CONSUME_CHECK_CONSUMER) timestamp=12039 ms, used_size=6240256 bytes (15.2%)
(RDMA_READ_CONSUME_CHECK_CONSUMER) timestamp=12039 ms, used_size=6238208 bytes (15.2%)
(RDMA_READ_CONSUME_CHECK_CONSUMER) timestamp=12039 ms, used_size=6236160 bytes (15.2%)
(RDMA_READ_CONSUME_CHECK_CONSUMER) timestamp=12039 ms, used_size=6234112 bytes (15.2%)
(RDMA_READ_CONSUME_CHECK_CONSUMER) timestamp=12039 ms, used_size=6232064 bytes (15.2%)
(RDMA_READ_CONSUME_CHECK_CONSUMER) timestamp=12039 ms, used_size=6230016 bytes (15.2%)
(RDMA_READ_CONSUME_CHECK_CONSUMER) timestamp=12039 ms, used_size=6227968 bytes (15.2%)
(RDMA_READ_CONSUME_CHECK_CONSUMER) timestamp=12039 ms, used_size=6225920 bytes (15.2%)
(RDMA_READ_CONSUME_CHECK_CONSUMER) timestamp=12039 ms, used_size=6223872 bytes (15.2%)
(RDMA_READ_CONSUME_CHECK_CONSUMER) timestamp=12039 ms, used_size=6221824 bytes (15.2%)
(RDMA_READ_CONSUME_CHECK_CONSUMER) timestamp=12039 ms, used_size=6219776 bytes (15.2%)
(RDMA_READ_CONSUME_CHECK_CONSUMER) timestamp=12039 ms, used_size=6217728 bytes (15.2%)
(RDMA_READ_CONSUME_CHECK_CONSUMER) timestamp=12039 ms, used_size=6215680 bytes (15.2%)
(RDMA_READ_CONSUME_CHECK_CONSUMER) timestamp=12039 ms, used_size=6213632 bytes (15.2%)
(RDMA_READ_CONSUME_CHECK_CONSUMER) timestamp=12039 ms, used_size=6211584 bytes (15.2%)
(RDMA_READ_CONSUME_CHECK_CONSUMER) timestamp=12039 ms, used_size=6209536 bytes (15.2%)
(RDMA_READ_CONSUME_CHECK_CONSUMER) timestamp=12039 ms, used_size=6207488 bytes (15.2%)
(RDMA_READ_CONSUME_CHECK_CONSUMER) timestamp=12039 ms, used_size=6205440 bytes (15.2%)
(RDMA_READ_CONSUME_CHECK_CONSUMER) timestamp=12039 ms, used_size=6203392 bytes (15.1%)
(RDMA_READ_CONSUME_CHECK_CONSUMER) timestamp=12039 ms, used_size=6201344 bytes (15.1%)
(RDMA_READ_CONSUME_CHECK_CONSUMER) timestamp=12039 ms, used_size=6199296 bytes (15.1%)
(RDMA_READ_CONSUME_CHECK_CONSUMER) timestamp=12039 ms, used_size=6197248 bytes (15.1%)
(RDMA_READ_CONSUME_CHECK_CONSUMER) timestamp=12039 ms, used_size=6195200 bytes (15.1%)
(RDMA_READ_CONSUME_CHECK_CONSUMER) timestamp=12039 ms, used_size=6193152 bytes (15.1%)
(RDMA_READ_CONSUME_CHECK_CONSUMER) timestamp=12039 ms, used_size=6191104 bytes (15.1%)
(RDMA_READ_CONSUME_CHECK_CONSUMER) timestamp=12039 ms, used_size=6189056 bytes (15.1%)
(RDMA_READ_CONSUME_CHECK_CONSUMER) timestamp=12039 ms, used_size=6187008 bytes (15.1%)
(RDMA_READ_CONSUME_CHECK_CONSUMER) timestamp=12039 ms, used_size=6184960 bytes (15.1%)
(RDMA_READ_CONSUME_CHECK_CONSUMER) timestamp=12039 ms, used_size=6182912 bytes (15.1%)
(RDMA_READ_CONSUME_CHECK_CONSUMER) timestamp=12039 ms, used_size=6180864 bytes (15.1%)
(RDMA_READ_CONSUME_CHECK_CONSUMER) timestamp=12039 ms, used_size=6178816 bytes (15.1%)
(RDMA_READ_CONSUME_CHECK_CONSUMER) timestamp=12039 ms, used_size=6176768 bytes (15.1%)
(RDMA_READ_CONSUME_CHECK_CONSUMER) timestamp=12039 ms, used_size=6174720 bytes (15.1%)
(RDMA_READ_CONSUME_CHECK_CONSUMER) timestamp=12039 ms, used_size=6172672 bytes (15.1%)
(RDMA_READ_CONSUME_CHECK_CONSUMER) timestamp=12039 ms, used_size=6170624 bytes (15.1%)
(RDMA_READ_CONSUME_CHECK_CONSUMER) timestamp=12039 ms, used_size=6168576 bytes (15.1%)
(RDMA_READ_CONSUME_CHECK_CONSUMER) timestamp=12039 ms, used_size=6166528 bytes (15.1%)
(RDMA_READ_CONSUME_CHECK_CONSUMER) timestamp=12039 ms, used_size=6164480 bytes (15.1%)
(RDMA_READ_CONSUME_CHECK_CONSUMER) timestamp=12039 ms, used_size=6162432 bytes (15.0%)
(RDMA_READ_CONSUME_CHECK_CONSUMER) timestamp=12039 ms, used_size=6160384 bytes (15.0%)
(RDMA_READ_CONSUME_CHECK_CONSUMER) timestamp=12039 ms, used_size=6158336 bytes (15.0%)
(RDMA_READ_CONSUME_CHECK_CONSUMER) timestamp=12039 ms, used_size=6156288 bytes (15.0%)
(RDMA_READ_CONSUME_CHECK_CONSUMER) timestamp=12039 ms, used_size=6154240 bytes (15.0%)
(RDMA_READ_CONSUME_CHECK_CONSUMER) timestamp=12039 ms, used_size=6152192 bytes (15.0%)
(RDMA_READ_CONSUME_CHECK_CONSUMER) timestamp=12039 ms, used_size=6150144 bytes (15.0%)
(RDMA_READ_CONSUME_CHECK_CONSUMER) timestamp=12039 ms, used_size=6148096 bytes (15.0%)
(RDMA_READ_CONSUME_CHECK_CONSUMER) timestamp=12039 ms, used_size=6146048 bytes (15.0%)
(RDMA_READ_CONSUME_CHECK_CONSUMER) timestamp=12039 ms, used_size=6144000 bytes (15.0%)
(RDMA_READ_CONSUME_CHECK_CONSUMER) timestamp=12039 ms, used_size=6141952 bytes (15.0%)
(RDMA_READ_CONSUME_CHECK_CONSUMER) timestamp=12039 ms, used_size=6139904 bytes (15.0%)
(RDMA_READ_CONSUME_CHECK_CONSUMER) timestamp=12039 ms, used_size=6137856 bytes (15.0%)
(RDMA_READ_CONSUME_CHECK_CONSUMER) timestamp=12039 ms, used_size=6135808 bytes (15.0%)
(RDMA_READ_CONSUME_CHECK_CONSUMER) timestamp=12039 ms, used_size=6133760 bytes (15.0%)
(RDMA_READ_CONSUME_CHECK_CONSUMER) timestamp=12039 ms, used_size=6131712 bytes (15.0%)
(RDMA_READ_CONSUME_CHECK_CONSUMER) timestamp=12039 ms, used_size=6129664 bytes (15.0%)
(RDMA_READ_CONSUME_CHECK_CONSUMER) timestamp=12039 ms, used_size=6127616 bytes (15.0%)
(RDMA_READ_CONSUME_CHECK_CONSUMER) timestamp=12039 ms, used_size=6125568 bytes (15.0%)
(RDMA_READ_CONSUME_CHECK_CONSUMER) timestamp=12039 ms, used_size=6123520 bytes (14.9%)
(RDMA_READ_CONSUME_CHECK_CONSUMER) timestamp=12039 ms, used_size=6121472 bytes (14.9%)
(RDMA_READ_CONSUME_CHECK_CONSUMER) timestamp=12039 ms, used_size=6119424 bytes (14.9%)
(RDMA_READ_CONSUME_CHECK_CONSUMER) timestamp=12039 ms, used_size=6117376 bytes (14.9%)
(RDMA_READ_CONSUME_CHECK_CONSUMER) timestamp=12039 ms, used_size=6115328 bytes (14.9%)
(RDMA_READ_CONSUME_CHECK_CONSUMER) timestamp=12039 ms, used_size=6113280 bytes (14.9%)
(RDMA_READ_CONSUME_CHECK_CONSUMER) timestamp=12039 ms, used_size=6111232 bytes (14.9%)
(RDMA_READ_CONSUME_CHECK_CONSUMER) timestamp=12039 ms, used_size=6109184 bytes (14.9%)
(RDMA_READ_CONSUME_CHECK_CONSUMER) timestamp=12039 ms, used_size=6107136 bytes (14.9%)
(RDMA_READ_CONSUME_CHECK_CONSUMER) timestamp=12039 ms, used_size=6105088 bytes (14.9%)
(RDMA_READ_CONSUME_CHECK_CONSUMER) timestamp=12039 ms, used_size=6103040 bytes (14.9%)
(RDMA_READ_CONSUME_CHECK_CONSUMER) timestamp=12039 ms, used_size=6100992 bytes (14.9%)
(RDMA_READ_CONSUME_CHECK_CONSUMER) timestamp=12039 ms, used_size=6098944 bytes (14.9%)
(RDMA_READ_CONSUME_CHECK_CONSUMER) timestamp=12039 ms, used_size=6096896 bytes (14.9%)
(RDMA_READ_CONSUME_CHECK_CONSUMER) timestamp=12039 ms, used_size=6094848 bytes (14.9%)
(RDMA_READ_CONSUME_CHECK_CONSUMER) timestamp=12039 ms, used_size=6092800 bytes (14.9%)
(RDMA_READ_CONSUME_CHECK_CONSUMER) timestamp=12039 ms, used_size=6090752 bytes (14.9%)
(RDMA_READ_CONSUME_CHECK_CONSUMER) timestamp=12039 ms, used_size=6088704 bytes (14.9%)
(RDMA_READ_CONSUME_CHECK_CONSUMER) timestamp=12039 ms, used_size=6086656 bytes (14.9%)
(RDMA_READ_CONSUME_CHECK_CONSUMER) timestamp=12039 ms, used_size=6084608 bytes (14.9%)
(RDMA_READ_CONSUME_CHECK_CONSUMER) timestamp=12039 ms, used_size=6082560 bytes (14.8%)
(RDMA_READ_CONSUME_CHECK_CONSUMER) timestamp=12039 ms, used_size=6080512 bytes (14.8%)
(RDMA_READ_CONSUME_CHECK_CONSUMER) timestamp=12039 ms, used_size=6078464 bytes (14.8%)
(RDMA_READ_CONSUME_CHECK_CONSUMER) timestamp=12039 ms, used_size=6076416 bytes (14.8%)
(RDMA_READ_CONSUME_CHECK_CONSUMER) timestamp=12039 ms, used_size=6074368 bytes (14.8%)
(RDMA_READ_CONSUME_CHECK_CONSUMER) timestamp=12039 ms, used_size=6072320 bytes (14.8%)
(RDMA_READ_CONSUME_CHECK_CONSUMER) timestamp=12039 ms, used_size=6070272 bytes (14.8%)
(RDMA_READ_CONSUME_CHECK_CONSUMER) timestamp=12039 ms, used_size=6068224 bytes (14.8%)
(RDMA_READ_CONSUME_CHECK_CONSUMER) timestamp=12039 ms, used_size=6066176 bytes (14.8%)
(RDMA_READ_CONSUME_CHECK_CONSUMER) timestamp=12039 ms, used_size=6064128 bytes (14.8%)
(RDMA_READ_CONSUME_CHECK_CONSUMER) timestamp=12039 ms, used_size=6062080 bytes (14.8%)
(RDMA_READ_CONSUME_CHECK_CONSUMER) timestamp=12039 ms, used_size=6060032 bytes (14.8%)
(RDMA_READ_CONSUME_CHECK_CONSUMER) timestamp=12039 ms, used_size=6057984 bytes (14.8%)
(RDMA_READ_CONSUME_CHECK_CONSUMER) timestamp=12039 ms, used_size=6055936 bytes (14.8%)
(RDMA_READ_CONSUME_CHECK_CONSUMER) timestamp=12039 ms, used_size=6053888 bytes (14.8%)
(RDMA_READ_CONSUME_CHECK_CONSUMER) timestamp=12039 ms, used_size=6051840 bytes (14.8%)
(RDMA_READ_CONSUME_CHECK_CONSUMER) timestamp=12039 ms, used_size=6049792 bytes (14.8%)
(RDMA_READ_CONSUME_CHECK_CONSUMER) timestamp=12039 ms, used_size=6047744 bytes (14.8%)
(RDMA_READ_CONSUME_CHECK_CONSUMER) timestamp=12039 ms, used_size=6045696 bytes (14.8%)
(RDMA_READ_CONSUME_CHECK_CONSUMER) timestamp=12039 ms, used_size=6043648 bytes (14.8%)
(RDMA_READ_CONSUME_CHECK_CONSUMER) timestamp=12039 ms, used_size=6041600 bytes (14.8%)
(RDMA_READ_CONSUME_CHECK_CONSUMER) timestamp=12039 ms, used_size=6039552 bytes (14.7%)
(RDMA_READ_CONSUME_CHECK_CONSUMER) timestamp=12039 ms, used_size=6037504 bytes (14.7%)
(RDMA_READ_CONSUME_CHECK_CONSUMER) timestamp=12039 ms, used_size=6035456 bytes (14.7%)
(RDMA_READ_CONSUME_CHECK_CONSUMER) timestamp=12039 ms, used_size=6033408 bytes (14.7%)
(RDMA_READ_CONSUME_CHECK_CONSUMER) timestamp=12039 ms, used_size=6031360 bytes (14.7%)
(RDMA_READ_CONSUME_CHECK_CONSUMER) timestamp=12039 ms, used_size=6029312 bytes (14.7%)
(RDMA_READ_CONSUME_CHECK_CONSUMER) timestamp=12039 ms, used_size=6027264 bytes (14.7%)
(RDMA_READ_CONSUME_CHECK_CONSUMER) timestamp=12039 ms, used_size=6025216 bytes (14.7%)
(RDMA_READ_CONSUME_CHECK_CONSUMER) timestamp=12039 ms, used_size=6023168 bytes (14.7%)
(RDMA_READ_CONSUME_CHECK_CONSUMER) timestamp=12039 ms, used_size=6021120 bytes (14.7%)
(RDMA_READ_CONSUME_CHECK_CONSUMER) timestamp=12039 ms, used_size=6019072 bytes (14.7%)
(RDMA_READ_CONSUME_CHECK_CONSUMER) timestamp=12039 ms, used_size=6017024 bytes (14.7%)
(RDMA_READ_CONSUME_CHECK_CONSUMER) timestamp=12039 ms, used_size=6014976 bytes (14.7%)
(RDMA_READ_CONSUME_CHECK_CONSUMER) timestamp=12039 ms, used_size=6012928 bytes (14.7%)
(RDMA_READ_CONSUME_CHECK_CONSUMER) timestamp=12039 ms, used_size=6010880 bytes (14.7%)
(RDMA_READ_CONSUME_CHECK_CONSUMER) timestamp=12039 ms, used_size=6008832 bytes (14.7%)
(RDMA_READ_CONSUME_CHECK_CONSUMER) timestamp=12040 ms, used_size=6006784 bytes (14.7%)
(RDMA_READ_CONSUME_CHECK_CONSUMER) timestamp=12040 ms, used_size=6004736 bytes (14.7%)
(RDMA_READ_CONSUME_CHECK_CONSUMER) timestamp=12040 ms, used_size=6002688 bytes (14.7%)
(RDMA_READ_CONSUME_CHECK_CONSUMER) timestamp=12040 ms, used_size=6000640 bytes (14.7%)
(RDMA_READ_CONSUME_CHECK_CONSUMER) timestamp=12040 ms, used_size=5998592 bytes (14.6%)
(RDMA_READ_CONSUME_CHECK_CONSUMER) timestamp=12040 ms, used_size=5996544 bytes (14.6%)
(RDMA_READ_CONSUME_CHECK_CONSUMER) timestamp=12040 ms, used_size=5994496 bytes (14.6%)
(RDMA_READ_CONSUME_CHECK_CONSUMER) timestamp=12040 ms, used_size=5992448 bytes (14.6%)
(RDMA_READ_CONSUME_CHECK_CONSUMER) timestamp=12040 ms, used_size=5990400 bytes (14.6%)
(RDMA_READ_CONSUME_CHECK_CONSUMER) timestamp=12040 ms, used_size=5988352 bytes (14.6%)
(RDMA_READ_CONSUME_CHECK_CONSUMER) timestamp=12040 ms, used_size=5986304 bytes (14.6%)
(RDMA_READ_CONSUME_CHECK_CONSUMER) timestamp=12040 ms, used_size=5984256 bytes (14.6%)
(RDMA_READ_CONSUME_CHECK_CONSUMER) timestamp=12040 ms, used_size=5982208 bytes (14.6%)
(RDMA_READ_CONSUME_CHECK_CONSUMER) timestamp=12040 ms, used_size=5980160 bytes (14.6%)
(RDMA_READ_CONSUME_CHECK_CONSUMER) timestamp=12040 ms, used_size=5978112 bytes (14.6%)
(RDMA_READ_CONSUME_CHECK_CONSUMER) timestamp=12040 ms, used_size=5976064 bytes (14.6%)
(RDMA_READ_CONSUME_CHECK_CONSUMER) timestamp=12040 ms, used_size=5974016 bytes (14.6%)
(RDMA_READ_CONSUME_CHECK_CONSUMER) timestamp=12040 ms, used_size=5971968 bytes (14.6%)
(RDMA_READ_CONSUME_CHECK_CONSUMER) timestamp=12040 ms, used_size=5969920 bytes (14.6%)
(RDMA_READ_CONSUME_CHECK_CONSUMER) timestamp=12040 ms, used_size=5967872 bytes (14.6%)
(RDMA_READ_CONSUME_CHECK_CONSUMER) timestamp=12040 ms, used_size=5965824 bytes (14.6%)
(RDMA_READ_CONSUME_CHECK_CONSUMER) timestamp=12040 ms, used_size=5963776 bytes (14.6%)
(RDMA_READ_CONSUME_CHECK_CONSUMER) timestamp=12040 ms, used_size=5961728 bytes (14.6%)
(RDMA_READ_CONSUME_CHECK_CONSUMER) timestamp=12040 ms, used_size=5959680 bytes (14.6%)
(RDMA_READ_CONSUME_CHECK_CONSUMER) timestamp=12040 ms, used_size=5957632 bytes (14.5%)
(RDMA_READ_CONSUME_CHECK_CONSUMER) timestamp=12040 ms, used_size=5955584 bytes (14.5%)
(RDMA_READ_CONSUME_CHECK_CONSUMER) timestamp=12040 ms, used_size=5953536 bytes (14.5%)
(RDMA_READ_CONSUME_CHECK_CONSUMER) timestamp=12040 ms, used_size=5951488 bytes (14.5%)
(RDMA_READ_CONSUME_CHECK_CONSUMER) timestamp=12040 ms, used_size=5949440 bytes (14.5%)
(RDMA_READ_CONSUME_CHECK_CONSUMER) timestamp=12040 ms, used_size=5947392 bytes (14.5%)
(RDMA_READ_CONSUME_CHECK_CONSUMER) timestamp=12040 ms, used_size=5945344 bytes (14.5%)
(RDMA_READ_CONSUME_CHECK_CONSUMER) timestamp=12040 ms, used_size=5943296 bytes (14.5%)
(RDMA_READ_CONSUME_CHECK_CONSUMER) timestamp=12040 ms, used_size=5941248 bytes (14.5%)
(RDMA_READ_CONSUME_CHECK_CONSUMER) timestamp=12040 ms, used_size=5939200 bytes (14.5%)
(RDMA_READ_CONSUME_CHECK_CONSUMER) timestamp=12040 ms, used_size=5937152 bytes (14.5%)
(RDMA_READ_CONSUME_CHECK_CONSUMER) timestamp=12040 ms, used_size=5935104 bytes (14.5%)
(RDMA_READ_CONSUME_CHECK_CONSUMER) timestamp=12040 ms, used_size=5933056 bytes (14.5%)
(RDMA_READ_CONSUME_CHECK_CONSUMER) timestamp=12040 ms, used_size=5931008 bytes (14.5%)
(RDMA_READ_CONSUME_CHECK_CONSUMER) timestamp=12040 ms, used_size=5928960 bytes (14.5%)
(RDMA_READ_CONSUME_CHECK_CONSUMER) timestamp=12040 ms, used_size=5926912 bytes (14.5%)
(RDMA_READ_CONSUME_CHECK_CONSUMER) timestamp=12040 ms, used_size=5924864 bytes (14.5%)
(RDMA_READ_CONSUME_CHECK_CONSUMER) timestamp=12040 ms, used_size=5922816 bytes (14.5%)
(RDMA_READ_CONSUME_CHECK_CONSUMER) timestamp=12040 ms, used_size=5920768 bytes (14.5%)
(RDMA_READ_CONSUME_CHECK_CONSUMER) timestamp=12040 ms, used_size=5918720 bytes (14.4%)
(RDMA_READ_CONSUME_CHECK_CONSUMER) timestamp=12040 ms, used_size=5916672 bytes (14.4%)
(RDMA_READ_CONSUME_CHECK_CONSUMER) timestamp=12040 ms, used_size=5914624 bytes (14.4%)
(RDMA_READ_CONSUME_CHECK_CONSUMER) timestamp=12040 ms, used_size=5912576 bytes (14.4%)
(RDMA_READ_CONSUME_CHECK_CONSUMER) timestamp=12040 ms, used_size=5910528 bytes (14.4%)
(RDMA_READ_CONSUME_CHECK_CONSUMER) timestamp=12040 ms, used_size=5908480 bytes (14.4%)
(RDMA_READ_CONSUME_CHECK_CONSUMER) timestamp=12040 ms, used_size=5906432 bytes (14.4%)
(RDMA_READ_CONSUME_CHECK_CONSUMER) timestamp=12040 ms, used_size=5904384 bytes (14.4%)
(RDMA_READ_CONSUME_CHECK_CONSUMER) timestamp=12040 ms, used_size=5902336 bytes (14.4%)
(RDMA_READ_CONSUME_CHECK_CONSUMER) timestamp=12040 ms, used_size=5900288 bytes (14.4%)
(RDMA_READ_CONSUME_CHECK_CONSUMER) timestamp=12040 ms, used_size=5898240 bytes (14.4%)
(RDMA_READ_CONSUME_CHECK_CONSUMER) timestamp=12040 ms, used_size=5896192 bytes (14.4%)
(RDMA_READ_CONSUME_CHECK_CONSUMER) timestamp=12040 ms, used_size=5894144 bytes (14.4%)
(RDMA_READ_CONSUME_CHECK_CONSUMER) timestamp=12040 ms, used_size=5892096 bytes (14.4%)
(RDMA_READ_CONSUME_CHECK_CONSUMER) timestamp=12040 ms, used_size=5890048 bytes (14.4%)
(RDMA_READ_CONSUME_CHECK_CONSUMER) timestamp=12040 ms, used_size=5888000 bytes (14.4%)
(RDMA_READ_CONSUME_CHECK_CONSUMER) timestamp=12040 ms, used_size=5885952 bytes (14.4%)
(RDMA_READ_CONSUME_CHECK_CONSUMER) timestamp=12040 ms, used_size=5883904 bytes (14.4%)
(RDMA_READ_CONSUME_CHECK_CONSUMER) timestamp=12040 ms, used_size=5881856 bytes (14.4%)
(RDMA_READ_CONSUME_CHECK_CONSUMER) timestamp=12040 ms, used_size=5879808 bytes (14.4%)
(RDMA_READ_CONSUME_CHECK_CONSUMER) timestamp=12040 ms, used_size=5877760 bytes (14.3%)
(RDMA_READ_CONSUME_CHECK_CONSUMER) timestamp=12040 ms, used_size=5875712 bytes (14.3%)
(RDMA_READ_CONSUME_CHECK_CONSUMER) timestamp=12040 ms, used_size=5873664 bytes (14.3%)
(RDMA_READ_CONSUME_CHECK_CONSUMER) timestamp=12040 ms, used_size=5871616 bytes (14.3%)
(RDMA_READ_CONSUME_CHECK_CONSUMER) timestamp=12040 ms, used_size=5869568 bytes (14.3%)
(RDMA_READ_CONSUME_CHECK_CONSUMER) timestamp=12040 ms, used_size=5867520 bytes (14.3%)
(RDMA_READ_CONSUME_CHECK_CONSUMER) timestamp=12040 ms, used_size=5865472 bytes (14.3%)
(RDMA_READ_CONSUME_CHECK_CONSUMER) timestamp=12040 ms, used_size=5863424 bytes (14.3%)
(RDMA_READ_CONSUME_CHECK_CONSUMER) timestamp=12040 ms, used_size=5861376 bytes (14.3%)
(RDMA_READ_CONSUME_CHECK_CONSUMER) timestamp=12040 ms, used_size=5859328 bytes (14.3%)
(RDMA_READ_CONSUME_CHECK_CONSUMER) timestamp=12040 ms, used_size=5857280 bytes (14.3%)
(RDMA_READ_CONSUME_CHECK_CONSUMER) timestamp=12040 ms, used_size=5855232 bytes (14.3%)
(RDMA_READ_CONSUME_CHECK_CONSUMER) timestamp=12040 ms, used_size=5853184 bytes (14.3%)
(RDMA_READ_CONSUME_CHECK_CONSUMER) timestamp=12040 ms, used_size=5851136 bytes (14.3%)
(RDMA_READ_CONSUME_CHECK_CONSUMER) timestamp=12040 ms, used_size=5849088 bytes (14.3%)
(RDMA_READ_CONSUME_CHECK_CONSUMER) timestamp=12040 ms, used_size=5847040 bytes (14.3%)
(RDMA_READ_CONSUME_CHECK_CONSUMER) timestamp=12040 ms, used_size=5844992 bytes (14.3%)
(RDMA_READ_CONSUME_CHECK_CONSUMER) timestamp=12040 ms, used_size=5842944 bytes (14.3%)
(RDMA_READ_CONSUME_CHECK_CONSUMER) timestamp=12040 ms, used_size=5840896 bytes (14.3%)
(RDMA_READ_CONSUME_CHECK_CONSUMER) timestamp=12040 ms, used_size=5838848 bytes (14.3%)
(RDMA_READ_CONSUME_CHECK_CONSUMER) timestamp=12040 ms, used_size=5836800 bytes (14.2%)
(RDMA_READ_CONSUME_CHECK_CONSUMER) timestamp=12040 ms, used_size=5834752 bytes (14.2%)
(RDMA_READ_CONSUME_CHECK_CONSUMER) timestamp=12040 ms, used_size=5832704 bytes (14.2%)
(RDMA_READ_CONSUME_CHECK_CONSUMER) timestamp=12040 ms, used_size=5830656 bytes (14.2%)
(RDMA_READ_CONSUME_CHECK_CONSUMER) timestamp=12040 ms, used_size=5828608 bytes (14.2%)
(RDMA_READ_CONSUME_CHECK_CONSUMER) timestamp=12040 ms, used_size=5826560 bytes (14.2%)
(RDMA_READ_CONSUME_CHECK_CONSUMER) timestamp=12040 ms, used_size=5824512 bytes (14.2%)
(RDMA_READ_CONSUME_CHECK_CONSUMER) timestamp=12040 ms, used_size=5822464 bytes (14.2%)
(RDMA_READ_CONSUME_CHECK_CONSUMER) timestamp=12040 ms, used_size=5820416 bytes (14.2%)
(RDMA_READ_CONSUME_CHECK_CONSUMER) timestamp=12040 ms, used_size=5818368 bytes (14.2%)
(RDMA_READ_CONSUME_CHECK_CONSUMER) timestamp=12040 ms, used_size=5816320 bytes (14.2%)
(RDMA_READ_CONSUME_CHECK_CONSUMER) timestamp=12040 ms, used_size=5814272 bytes (14.2%)
(RDMA_READ_CONSUME_CHECK_CONSUMER) timestamp=12040 ms, used_size=5812224 bytes (14.2%)
(RDMA_READ_CONSUME_CHECK_CONSUMER) timestamp=12040 ms, used_size=5810176 bytes (14.2%)
(RDMA_READ_CONSUME_CHECK_CONSUMER) timestamp=12040 ms, used_size=5808128 bytes (14.2%)
(RDMA_READ_CONSUME_CHECK_CONSUMER) timestamp=12040 ms, used_size=5806080 bytes (14.2%)
(RDMA_READ_CONSUME_CHECK_CONSUMER) timestamp=12040 ms, used_size=5804032 bytes (14.2%)
(RDMA_READ_CONSUME_CHECK_CONSUMER) timestamp=12040 ms, used_size=5801984 bytes (14.2%)
(RDMA_READ_CONSUME_CHECK_CONSUMER) timestamp=12040 ms, used_size=5799936 bytes (14.2%)
(RDMA_READ_CONSUME_CHECK_CONSUMER) timestamp=12040 ms, used_size=5797888 bytes (14.2%)
(RDMA_READ_CONSUME_CHECK_CONSUMER) timestamp=12040 ms, used_size=5795840 bytes (14.2%)
(RDMA_READ_CONSUME_CHECK_CONSUMER) timestamp=12040 ms, used_size=5793792 bytes (14.1%)
(RDMA_READ_CONSUME_CHECK_CONSUMER) timestamp=12040 ms, used_size=5791744 bytes (14.1%)
(RDMA_READ_CONSUME_CHECK_CONSUMER) timestamp=12040 ms, used_size=5789696 bytes (14.1%)
(RDMA_READ_CONSUME_CHECK_CONSUMER) timestamp=12040 ms, used_size=5787648 bytes (14.1%)
(RDMA_READ_CONSUME_CHECK_CONSUMER) timestamp=12040 ms, used_size=5785600 bytes (14.1%)
(RDMA_READ_CONSUME_CHECK_CONSUMER) timestamp=12040 ms, used_size=5783552 bytes (14.1%)
(RDMA_READ_CONSUME_CHECK_CONSUMER) timestamp=12040 ms, used_size=5781504 bytes (14.1%)
(RDMA_READ_CONSUME_CHECK_CONSUMER) timestamp=12040 ms, used_size=5779456 bytes (14.1%)
(RDMA_READ_CONSUME_CHECK_CONSUMER) timestamp=12040 ms, used_size=5777408 bytes (14.1%)
(RDMA_READ_CONSUME_CHECK_CONSUMER) timestamp=12040 ms, used_size=5775360 bytes (14.1%)
(RDMA_READ_CONSUME_CHECK_CONSUMER) timestamp=12040 ms, used_size=5773312 bytes (14.1%)
(RDMA_READ_CONSUME_CHECK_CONSUMER) timestamp=12040 ms, used_size=5771264 bytes (14.1%)
(RDMA_READ_CONSUME_CHECK_CONSUMER) timestamp=12040 ms, used_size=5769216 bytes (14.1%)
(RDMA_READ_CONSUME_CHECK_CONSUMER) timestamp=12040 ms, used_size=5767168 bytes (14.1%)
(RDMA_READ_CONSUME_CHECK_CONSUMER) timestamp=12040 ms, used_size=5765120 bytes (14.1%)
(RDMA_READ_CONSUME_CHECK_CONSUMER) timestamp=12040 ms, used_size=5763072 bytes (14.1%)
(RDMA_READ_CONSUME_CHECK_CONSUMER) timestamp=12040 ms, used_size=5761024 bytes (14.1%)
(RDMA_READ_CONSUME_CHECK_CONSUMER) timestamp=12040 ms, used_size=5758976 bytes (14.1%)
(RDMA_READ_CONSUME_CHECK_CONSUMER) timestamp=12040 ms, used_size=5756928 bytes (14.1%)
(RDMA_READ_CONSUME_CHECK_CONSUMER) timestamp=12040 ms, used_size=5754880 bytes (14.1%)
(RDMA_READ_CONSUME_CHECK_CONSUMER) timestamp=12040 ms, used_size=5752832 bytes (14.0%)
(RDMA_READ_CONSUME_CHECK_CONSUMER) timestamp=12040 ms, used_size=5750784 bytes (14.0%)
(RDMA_READ_CONSUME_CHECK_CONSUMER) timestamp=12040 ms, used_size=5748736 bytes (14.0%)
(RDMA_READ_CONSUME_CHECK_CONSUMER) timestamp=12040 ms, used_size=5746688 bytes (14.0%)
(RDMA_READ_CONSUME_CHECK_CONSUMER) timestamp=12040 ms, used_size=5744640 bytes (14.0%)
(RDMA_READ_CONSUME_CHECK_CONSUMER) timestamp=12040 ms, used_size=5742592 bytes (14.0%)
(RDMA_READ_CONSUME_CHECK_CONSUMER) timestamp=12040 ms, used_size=5740544 bytes (14.0%)
(RDMA_READ_CONSUME_CHECK_CONSUMER) timestamp=12040 ms, used_size=5738496 bytes (14.0%)
(RDMA_READ_CONSUME_CHECK_CONSUMER) timestamp=12040 ms, used_size=5736448 bytes (14.0%)
(RDMA_READ_CONSUME_CHECK_CONSUMER) timestamp=12040 ms, used_size=5734400 bytes (14.0%)
(RDMA_READ_CONSUME_CHECK_CONSUMER) timestamp=12040 ms, used_size=5732352 bytes (14.0%)
(RDMA_READ_CONSUME_CHECK_CONSUMER) timestamp=12040 ms, used_size=5730304 bytes (14.0%)
(RDMA_READ_CONSUME_CHECK_CONSUMER) timestamp=12040 ms, used_size=5728256 bytes (14.0%)
(RDMA_READ_CONSUME_CHECK_CONSUMER) timestamp=12040 ms, used_size=5726208 bytes (14.0%)
(RDMA_READ_CONSUME_CHECK_CONSUMER) timestamp=12040 ms, used_size=5724160 bytes (14.0%)
(RDMA_READ_CONSUME_CHECK_CONSUMER) timestamp=12040 ms, used_size=5722112 bytes (14.0%)
(RDMA_READ_CONSUME_CHECK_CONSUMER) timestamp=12040 ms, used_size=5720064 bytes (14.0%)
(RDMA_READ_CONSUME_CHECK_CONSUMER) timestamp=12040 ms, used_size=5718016 bytes (14.0%)
(RDMA_READ_CONSUME_CHECK_CONSUMER) timestamp=12040 ms, used_size=5715968 bytes (14.0%)
(RDMA_READ_CONSUME_CHECK_CONSUMER) timestamp=12040 ms, used_size=5713920 bytes (13.9%)
(RDMA_READ_CONSUME_CHECK_CONSUMER) timestamp=12040 ms, used_size=5711872 bytes (13.9%)
(RDMA_READ_CONSUME_CHECK_CONSUMER) timestamp=12040 ms, used_size=5709824 bytes (13.9%)
(RDMA_READ_CONSUME_CHECK_CONSUMER) timestamp=12040 ms, used_size=5707776 bytes (13.9%)
(RDMA_READ_CONSUME_CHECK_CONSUMER) timestamp=12040 ms, used_size=5705728 bytes (13.9%)
(RDMA_READ_CONSUME_CHECK_CONSUMER) timestamp=12040 ms, used_size=5703680 bytes (13.9%)
(RDMA_READ_CONSUME_CHECK_CONSUMER) timestamp=12040 ms, used_size=5701632 bytes (13.9%)
(RDMA_READ_CONSUME_CHECK_CONSUMER) timestamp=12040 ms, used_size=5699584 bytes (13.9%)
(RDMA_READ_CONSUME_CHECK_CONSUMER) timestamp=12040 ms, used_size=5697536 bytes (13.9%)
(RDMA_READ_CONSUME_CHECK_CONSUMER) timestamp=12040 ms, used_size=5695488 bytes (13.9%)
(RDMA_READ_CONSUME_CHECK_CONSUMER) timestamp=12040 ms, used_size=5693440 bytes (13.9%)
(RDMA_READ_CONSUME_CHECK_CONSUMER) timestamp=12040 ms, used_size=5691392 bytes (13.9%)
(RDMA_READ_CONSUME_CHECK_CONSUMER) timestamp=12040 ms, used_size=5689344 bytes (13.9%)
(RDMA_READ_CONSUME_CHECK_CONSUMER) timestamp=12040 ms, used_size=5687296 bytes (13.9%)
(RDMA_READ_CONSUME_CHECK_CONSUMER) timestamp=12040 ms, used_size=5685248 bytes (13.9%)
(RDMA_READ_CONSUME_CHECK_CONSUMER) timestamp=12040 ms, used_size=5683200 bytes (13.9%)
(RDMA_READ_CONSUME_CHECK_CONSUMER) timestamp=12040 ms, used_size=5681152 bytes (13.9%)
(RDMA_READ_CONSUME_CHECK_CONSUMER) timestamp=12040 ms, used_size=5679104 bytes (13.9%)
(RDMA_READ_CONSUME_CHECK_CONSUMER) timestamp=12040 ms, used_size=5677056 bytes (13.9%)
(RDMA_READ_CONSUME_CHECK_CONSUMER) timestamp=12040 ms, used_size=5675008 bytes (13.9%)
(RDMA_READ_CONSUME_CHECK_CONSUMER) timestamp=12040 ms, used_size=5672960 bytes (13.8%)
(RDMA_READ_CONSUME_CHECK_CONSUMER) timestamp=12040 ms, used_size=5670912 bytes (13.8%)
(RDMA_READ_CONSUME_CHECK_CONSUMER) timestamp=12040 ms, used_size=5668864 bytes (13.8%)
(RDMA_READ_CONSUME_CHECK_CONSUMER) timestamp=12040 ms, used_size=5666816 bytes (13.8%)
(RDMA_READ_CONSUME_CHECK_CONSUMER) timestamp=12040 ms, used_size=5664768 bytes (13.8%)
(RDMA_READ_CONSUME_CHECK_CONSUMER) timestamp=12040 ms, used_size=5662720 bytes (13.8%)
(RDMA_READ_CONSUME_CHECK_CONSUMER) timestamp=12040 ms, used_size=5660672 bytes (13.8%)
(RDMA_READ_CONSUME_CHECK_CONSUMER) timestamp=12040 ms, used_size=5658624 bytes (13.8%)
(RDMA_READ_CONSUME_CHECK_CONSUMER) timestamp=12040 ms, used_size=5656576 bytes (13.8%)
(RDMA_READ_CONSUME_CHECK_CONSUMER) timestamp=12040 ms, used_size=5654528 bytes (13.8%)
(RDMA_READ_CONSUME_CHECK_CONSUMER) timestamp=12040 ms, used_size=5652480 bytes (13.8%)
(RDMA_READ_CONSUME_CHECK_CONSUMER) timestamp=12041 ms, used_size=5650432 bytes (13.8%)
(RDMA_READ_CONSUME_CHECK_CONSUMER) timestamp=12041 ms, used_size=5648384 bytes (13.8%)
(RDMA_READ_CONSUME_CHECK_CONSUMER) timestamp=12041 ms, used_size=5646336 bytes (13.8%)
(RDMA_READ_CONSUME_CHECK_CONSUMER) timestamp=12041 ms, used_size=5644288 bytes (13.8%)
(RDMA_READ_CONSUME_CHECK_CONSUMER) timestamp=12041 ms, used_size=5642240 bytes (13.8%)
(RDMA_READ_CONSUME_CHECK_CONSUMER) timestamp=12041 ms, used_size=5640192 bytes (13.8%)
(RDMA_READ_CONSUME_CHECK_CONSUMER) timestamp=12041 ms, used_size=5638144 bytes (13.8%)
(RDMA_READ_CONSUME_CHECK_CONSUMER) timestamp=12041 ms, used_size=5636096 bytes (13.8%)
(RDMA_READ_CONSUME_CHECK_CONSUMER) timestamp=12041 ms, used_size=5634048 bytes (13.8%)
(RDMA_READ_CONSUME_CHECK_CONSUMER) timestamp=12041 ms, used_size=5632000 bytes (13.8%)
(RDMA_READ_CONSUME_CHECK_CONSUMER) timestamp=12041 ms, used_size=5629952 bytes (13.7%)
(RDMA_READ_CONSUME_CHECK_CONSUMER) timestamp=12041 ms, used_size=5627904 bytes (13.7%)
(RDMA_READ_CONSUME_CHECK_CONSUMER) timestamp=12041 ms, used_size=5625856 bytes (13.7%)
(RDMA_READ_CONSUME_CHECK_CONSUMER) timestamp=12041 ms, used_size=5623808 bytes (13.7%)
(RDMA_READ_CONSUME_CHECK_CONSUMER) timestamp=12041 ms, used_size=5621760 bytes (13.7%)
(RDMA_READ_CONSUME_CHECK_CONSUMER) timestamp=12041 ms, used_size=5619712 bytes (13.7%)
(RDMA_READ_CONSUME_CHECK_CONSUMER) timestamp=12041 ms, used_size=5617664 bytes (13.7%)
(RDMA_READ_CONSUME_CHECK_CONSUMER) timestamp=12041 ms, used_size=5615616 bytes (13.7%)
(RDMA_READ_CONSUME_CHECK_CONSUMER) timestamp=12041 ms, used_size=5613568 bytes (13.7%)
(RDMA_READ_CONSUME_CHECK_CONSUMER) timestamp=12041 ms, used_size=5611520 bytes (13.7%)
(RDMA_READ_CONSUME_CHECK_CONSUMER) timestamp=12041 ms, used_size=5609472 bytes (13.7%)
(RDMA_READ_CONSUME_CHECK_CONSUMER) timestamp=12041 ms, used_size=5607424 bytes (13.7%)
(RDMA_READ_CONSUME_CHECK_CONSUMER) timestamp=12041 ms, used_size=5605376 bytes (13.7%)
(RDMA_READ_CONSUME_CHECK_CONSUMER) timestamp=12041 ms, used_size=5603328 bytes (13.7%)
(RDMA_READ_CONSUME_CHECK_CONSUMER) timestamp=12041 ms, used_size=5601280 bytes (13.7%)
(RDMA_READ_CONSUME_CHECK_CONSUMER) timestamp=12041 ms, used_size=5599232 bytes (13.7%)
(RDMA_READ_CONSUME_CHECK_CONSUMER) timestamp=12041 ms, used_size=5597184 bytes (13.7%)
(RDMA_READ_CONSUME_CHECK_CONSUMER) timestamp=12041 ms, used_size=5595136 bytes (13.7%)
(RDMA_READ_CONSUME_CHECK_CONSUMER) timestamp=12041 ms, used_size=5593088 bytes (13.7%)
(RDMA_READ_CONSUME_CHECK_CONSUMER) timestamp=12041 ms, used_size=5591040 bytes (13.7%)
(RDMA_READ_CONSUME_CHECK_CONSUMER) timestamp=12041 ms, used_size=5588992 bytes (13.6%)
(RDMA_READ_CONSUME_CHECK_CONSUMER) timestamp=12041 ms, used_size=5586944 bytes (13.6%)
(RDMA_READ_CONSUME_CHECK_CONSUMER) timestamp=12041 ms, used_size=5584896 bytes (13.6%)
(RDMA_READ_CONSUME_CHECK_CONSUMER) timestamp=12041 ms, used_size=5582848 bytes (13.6%)
(RDMA_READ_CONSUME_CHECK_CONSUMER) timestamp=12041 ms, used_size=5580800 bytes (13.6%)
(RDMA_READ_CONSUME_CHECK_CONSUMER) timestamp=12041 ms, used_size=5578752 bytes (13.6%)
(RDMA_READ_CONSUME_CHECK_CONSUMER) timestamp=12041 ms, used_size=5576704 bytes (13.6%)
(RDMA_READ_CONSUME_CHECK_CONSUMER) timestamp=12041 ms, used_size=5574656 bytes (13.6%)
(RDMA_READ_CONSUME_CHECK_CONSUMER) timestamp=12041 ms, used_size=5572608 bytes (13.6%)
(RDMA_READ_CONSUME_CHECK_CONSUMER) timestamp=12041 ms, used_size=5570560 bytes (13.6%)
(RDMA_READ_CONSUME_CHECK_CONSUMER) timestamp=12041 ms, used_size=5568512 bytes (13.6%)
(RDMA_READ_CONSUME_CHECK_CONSUMER) timestamp=12041 ms, used_size=5566464 bytes (13.6%)
(RDMA_READ_CONSUME_CHECK_CONSUMER) timestamp=12041 ms, used_size=5564416 bytes (13.6%)
(RDMA_READ_CONSUME_CHECK_CONSUMER) timestamp=12041 ms, used_size=5562368 bytes (13.6%)
(RDMA_READ_CONSUME_CHECK_CONSUMER) timestamp=12041 ms, used_size=5560320 bytes (13.6%)
(RDMA_READ_CONSUME_CHECK_CONSUMER) timestamp=12041 ms, used_size=5558272 bytes (13.6%)
(RDMA_READ_CONSUME_CHECK_CONSUMER) timestamp=12041 ms, used_size=5556224 bytes (13.6%)
(RDMA_READ_CONSUME_CHECK_CONSUMER) timestamp=12041 ms, used_size=5554176 bytes (13.6%)
(RDMA_READ_CONSUME_CHECK_CONSUMER) timestamp=12041 ms, used_size=5552128 bytes (13.6%)
(RDMA_READ_CONSUME_CHECK_CONSUMER) timestamp=12041 ms, used_size=5550080 bytes (13.6%)
(RDMA_READ_CONSUME_CHECK_CONSUMER) timestamp=12041 ms, used_size=5548032 bytes (13.5%)
(RDMA_READ_CONSUME_CHECK_CONSUMER) timestamp=12041 ms, used_size=5545984 bytes (13.5%)
(RDMA_READ_CONSUME_CHECK_CONSUMER) timestamp=12041 ms, used_size=5543936 bytes (13.5%)
(RDMA_READ_CONSUME_CHECK_CONSUMER) timestamp=12041 ms, used_size=5541888 bytes (13.5%)
(RDMA_READ_CONSUME_CHECK_CONSUMER) timestamp=12041 ms, used_size=5539840 bytes (13.5%)
(RDMA_READ_CONSUME_CHECK_CONSUMER) timestamp=12041 ms, used_size=5537792 bytes (13.5%)
(RDMA_READ_CONSUME_CHECK_CONSUMER) timestamp=12041 ms, used_size=5535744 bytes (13.5%)
(RDMA_READ_CONSUME_CHECK_CONSUMER) timestamp=12041 ms, used_size=5533696 bytes (13.5%)
(RDMA_READ_CONSUME_CHECK_CONSUMER) timestamp=12041 ms, used_size=5531648 bytes (13.5%)
(RDMA_READ_CONSUME_CHECK_CONSUMER) timestamp=12041 ms, used_size=5529600 bytes (13.5%)
(RDMA_READ_CONSUME_CHECK_CONSUMER) timestamp=12041 ms, used_size=5527552 bytes (13.5%)
(RDMA_READ_CONSUME_CHECK_CONSUMER) timestamp=12041 ms, used_size=5525504 bytes (13.5%)
(RDMA_READ_CONSUME_CHECK_CONSUMER) timestamp=12041 ms, used_size=5523456 bytes (13.5%)
(RDMA_READ_CONSUME_CHECK_CONSUMER) timestamp=12041 ms, used_size=5521408 bytes (13.5%)
(RDMA_READ_CONSUME_CHECK_CONSUMER) timestamp=12041 ms, used_size=5519360 bytes (13.5%)
(RDMA_READ_CONSUME_CHECK_CONSUMER) timestamp=12041 ms, used_size=5517312 bytes (13.5%)
(RDMA_READ_CONSUME_CHECK_CONSUMER) timestamp=12041 ms, used_size=5515264 bytes (13.5%)
(RDMA_READ_CONSUME_CHECK_CONSUMER) timestamp=12041 ms, used_size=5513216 bytes (13.5%)
(RDMA_READ_CONSUME_CHECK_CONSUMER) timestamp=12041 ms, used_size=5511168 bytes (13.5%)
(RDMA_READ_CONSUME_CHECK_CONSUMER) timestamp=12041 ms, used_size=5509120 bytes (13.4%)
(RDMA_READ_CONSUME_CHECK_CONSUMER) timestamp=12041 ms, used_size=5507072 bytes (13.4%)
(RDMA_READ_CONSUME_CHECK_CONSUMER) timestamp=12041 ms, used_size=5505024 bytes (13.4%)
(RDMA_READ_CONSUME_CHECK_CONSUMER) timestamp=12041 ms, used_size=5502976 bytes (13.4%)
(RDMA_READ_CONSUME_CHECK_CONSUMER) timestamp=12041 ms, used_size=5500928 bytes (13.4%)
(RDMA_READ_CONSUME_CHECK_CONSUMER) timestamp=12041 ms, used_size=5498880 bytes (13.4%)
(RDMA_READ_CONSUME_CHECK_CONSUMER) timestamp=12041 ms, used_size=5496832 bytes (13.4%)
(RDMA_READ_CONSUME_CHECK_CONSUMER) timestamp=12041 ms, used_size=5494784 bytes (13.4%)
(RDMA_READ_CONSUME_CHECK_CONSUMER) timestamp=12041 ms, used_size=5492736 bytes (13.4%)
(RDMA_READ_CONSUME_CHECK_CONSUMER) timestamp=12041 ms, used_size=5490688 bytes (13.4%)
(RDMA_READ_CONSUME_CHECK_CONSUMER) timestamp=12041 ms, used_size=5488640 bytes (13.4%)
(RDMA_READ_CONSUME_CHECK_CONSUMER) timestamp=12041 ms, used_size=5486592 bytes (13.4%)
(RDMA_READ_CONSUME_CHECK_CONSUMER) timestamp=12041 ms, used_size=5484544 bytes (13.4%)
(RDMA_READ_CONSUME_CHECK_CONSUMER) timestamp=12041 ms, used_size=5482496 bytes (13.4%)
(RDMA_READ_CONSUME_CHECK_CONSUMER) timestamp=12041 ms, used_size=5480448 bytes (13.4%)
(RDMA_READ_CONSUME_CHECK_CONSUMER) timestamp=12041 ms, used_size=5478400 bytes (13.4%)
(RDMA_READ_CONSUME_CHECK_CONSUMER) timestamp=12041 ms, used_size=5476352 bytes (13.4%)
(RDMA_READ_CONSUME_CHECK_CONSUMER) timestamp=12041 ms, used_size=5474304 bytes (13.4%)
(RDMA_READ_CONSUME_CHECK_CONSUMER) timestamp=12041 ms, used_size=5472256 bytes (13.4%)
(RDMA_READ_CONSUME_CHECK_CONSUMER) timestamp=12041 ms, used_size=5470208 bytes (13.4%)
(RDMA_READ_CONSUME_CHECK_CONSUMER) timestamp=12041 ms, used_size=5468160 bytes (13.3%)
(RDMA_READ_CONSUME_CHECK_CONSUMER) timestamp=12041 ms, used_size=5466112 bytes (13.3%)
(RDMA_READ_CONSUME_CHECK_CONSUMER) timestamp=12041 ms, used_size=5464064 bytes (13.3%)
(RDMA_READ_CONSUME_CHECK_CONSUMER) timestamp=12041 ms, used_size=5462016 bytes (13.3%)
(RDMA_READ_CONSUME_CHECK_CONSUMER) timestamp=12041 ms, used_size=5459968 bytes (13.3%)
(RDMA_READ_CONSUME_CHECK_CONSUMER) timestamp=12041 ms, used_size=5457920 bytes (13.3%)
(RDMA_READ_CONSUME_CHECK_CONSUMER) timestamp=12041 ms, used_size=5455872 bytes (13.3%)
(RDMA_READ_CONSUME_CHECK_CONSUMER) timestamp=12041 ms, used_size=5453824 bytes (13.3%)
(RDMA_READ_CONSUME_CHECK_CONSUMER) timestamp=12041 ms, used_size=5451776 bytes (13.3%)
(RDMA_READ_CONSUME_CHECK_CONSUMER) timestamp=12041 ms, used_size=5449728 bytes (13.3%)
(RDMA_READ_CONSUME_CHECK_CONSUMER) timestamp=12041 ms, used_size=5447680 bytes (13.3%)
(RDMA_READ_CONSUME_CHECK_CONSUMER) timestamp=12041 ms, used_size=5445632 bytes (13.3%)
(RDMA_READ_CONSUME_CHECK_CONSUMER) timestamp=12041 ms, used_size=5443584 bytes (13.3%)
(RDMA_READ_CONSUME_CHECK_CONSUMER) timestamp=12041 ms, used_size=5441536 bytes (13.3%)
(RDMA_READ_CONSUME_CHECK_CONSUMER) timestamp=12041 ms, used_size=5439488 bytes (13.3%)
(RDMA_READ_CONSUME_CHECK_CONSUMER) timestamp=12041 ms, used_size=5437440 bytes (13.3%)
(RDMA_READ_CONSUME_CHECK_CONSUMER) timestamp=12041 ms, used_size=5435392 bytes (13.3%)
(RDMA_READ_CONSUME_CHECK_CONSUMER) timestamp=12041 ms, used_size=5433344 bytes (13.3%)
(RDMA_READ_CONSUME_CHECK_CONSUMER) timestamp=12041 ms, used_size=5431296 bytes (13.3%)
(RDMA_READ_CONSUME_CHECK_CONSUMER) timestamp=12041 ms, used_size=5429248 bytes (13.3%)
(RDMA_READ_CONSUME_CHECK_CONSUMER) timestamp=12041 ms, used_size=5427200 bytes (13.2%)
(RDMA_READ_CONSUME_CHECK_CONSUMER) timestamp=12041 ms, used_size=5425152 bytes (13.2%)
(RDMA_READ_CONSUME_CHECK_CONSUMER) timestamp=12041 ms, used_size=5423104 bytes (13.2%)
(RDMA_READ_CONSUME_CHECK_CONSUMER) timestamp=12041 ms, used_size=5421056 bytes (13.2%)
(RDMA_READ_CONSUME_CHECK_CONSUMER) timestamp=12041 ms, used_size=5419008 bytes (13.2%)
(RDMA_READ_CONSUME_CHECK_CONSUMER) timestamp=12041 ms, used_size=5416960 bytes (13.2%)
(RDMA_READ_CONSUME_CHECK_CONSUMER) timestamp=12041 ms, used_size=5414912 bytes (13.2%)
(RDMA_READ_CONSUME_CHECK_CONSUMER) timestamp=12041 ms, used_size=5412864 bytes (13.2%)
(RDMA_READ_CONSUME_CHECK_CONSUMER) timestamp=12041 ms, used_size=5410816 bytes (13.2%)
(RDMA_READ_CONSUME_CHECK_CONSUMER) timestamp=12041 ms, used_size=5408768 bytes (13.2%)
(RDMA_READ_CONSUME_CHECK_CONSUMER) timestamp=12041 ms, used_size=5406720 bytes (13.2%)
(RDMA_READ_CONSUME_CHECK_CONSUMER) timestamp=12041 ms, used_size=5404672 bytes (13.2%)
(RDMA_READ_CONSUME_CHECK_CONSUMER) timestamp=12041 ms, used_size=5402624 bytes (13.2%)
(RDMA_READ_CONSUME_CHECK_CONSUMER) timestamp=12041 ms, used_size=5400576 bytes (13.2%)
(RDMA_READ_CONSUME_CHECK_CONSUMER) timestamp=12041 ms, used_size=5398528 bytes (13.2%)
(RDMA_READ_CONSUME_CHECK_CONSUMER) timestamp=12041 ms, used_size=5396480 bytes (13.2%)
(RDMA_READ_CONSUME_CHECK_CONSUMER) timestamp=12041 ms, used_size=5394432 bytes (13.2%)
(RDMA_READ_CONSUME_CHECK_CONSUMER) timestamp=12041 ms, used_size=5392384 bytes (13.2%)
(RDMA_READ_CONSUME_CHECK_CONSUMER) timestamp=12041 ms, used_size=5390336 bytes (13.2%)
(RDMA_READ_CONSUME_CHECK_CONSUMER) timestamp=12041 ms, used_size=5388288 bytes (13.2%)
(RDMA_READ_CONSUME_CHECK_CONSUMER) timestamp=12041 ms, used_size=5386240 bytes (13.2%)
(RDMA_READ_CONSUME_CHECK_CONSUMER) timestamp=12041 ms, used_size=5384192 bytes (13.1%)
(RDMA_READ_CONSUME_CHECK_CONSUMER) timestamp=12041 ms, used_size=5382144 bytes (13.1%)
(RDMA_READ_CONSUME_CHECK_CONSUMER) timestamp=12041 ms, used_size=5380096 bytes (13.1%)
(RDMA_READ_CONSUME_CHECK_CONSUMER) timestamp=12041 ms, used_size=5378048 bytes (13.1%)
(RDMA_READ_CONSUME_CHECK_CONSUMER) timestamp=12041 ms, used_size=5376000 bytes (13.1%)
(RDMA_READ_CONSUME_CHECK_CONSUMER) timestamp=12041 ms, used_size=5373952 bytes (13.1%)
(RDMA_READ_CONSUME_CHECK_CONSUMER) timestamp=12041 ms, used_size=5371904 bytes (13.1%)
(RDMA_READ_CONSUME_CHECK_CONSUMER) timestamp=12041 ms, used_size=5369856 bytes (13.1%)
(RDMA_READ_CONSUME_CHECK_CONSUMER) timestamp=12041 ms, used_size=5367808 bytes (13.1%)
(RDMA_READ_CONSUME_CHECK_CONSUMER) timestamp=12041 ms, used_size=5365760 bytes (13.1%)
(RDMA_READ_CONSUME_CHECK_CONSUMER) timestamp=12041 ms, used_size=5363712 bytes (13.1%)
(RDMA_READ_CONSUME_CHECK_CONSUMER) timestamp=12041 ms, used_size=5361664 bytes (13.1%)
(RDMA_READ_CONSUME_CHECK_CONSUMER) timestamp=12041 ms, used_size=5359616 bytes (13.1%)
(RDMA_READ_CONSUME_CHECK_CONSUMER) timestamp=12041 ms, used_size=5357568 bytes (13.1%)
(RDMA_READ_CONSUME_CHECK_CONSUMER) timestamp=12041 ms, used_size=5355520 bytes (13.1%)
(RDMA_READ_CONSUME_CHECK_CONSUMER) timestamp=12041 ms, used_size=5353472 bytes (13.1%)
(RDMA_READ_CONSUME_CHECK_CONSUMER) timestamp=12041 ms, used_size=5351424 bytes (13.1%)
(RDMA_READ_CONSUME_CHECK_CONSUMER) timestamp=12041 ms, used_size=5349376 bytes (13.1%)
(RDMA_READ_CONSUME_CHECK_CONSUMER) timestamp=12041 ms, used_size=5347328 bytes (13.1%)
(RDMA_READ_CONSUME_CHECK_CONSUMER) timestamp=12041 ms, used_size=5345280 bytes (13.1%)
(RDMA_READ_CONSUME_CHECK_CONSUMER) timestamp=12041 ms, used_size=5343232 bytes (13.0%)
(RDMA_READ_CONSUME_CHECK_CONSUMER) timestamp=12041 ms, used_size=5341184 bytes (13.0%)
(RDMA_READ_CONSUME_CHECK_CONSUMER) timestamp=12041 ms, used_size=5339136 bytes (13.0%)
(RDMA_READ_CONSUME_CHECK_CONSUMER) timestamp=12041 ms, used_size=5337088 bytes (13.0%)
(RDMA_READ_CONSUME_CHECK_CONSUMER) timestamp=12041 ms, used_size=5335040 bytes (13.0%)
(RDMA_READ_CONSUME_CHECK_CONSUMER) timestamp=12041 ms, used_size=5332992 bytes (13.0%)
(RDMA_READ_CONSUME_CHECK_CONSUMER) timestamp=12041 ms, used_size=5330944 bytes (13.0%)
(RDMA_READ_CONSUME_CHECK_CONSUMER) timestamp=12041 ms, used_size=5328896 bytes (13.0%)
(RDMA_READ_CONSUME_CHECK_CONSUMER) timestamp=12041 ms, used_size=5326848 bytes (13.0%)
(RDMA_READ_CONSUME_CHECK_CONSUMER) timestamp=12041 ms, used_size=5324800 bytes (13.0%)
(RDMA_READ_CONSUME_CHECK_CONSUMER) timestamp=12041 ms, used_size=5322752 bytes (13.0%)
(RDMA_READ_CONSUME_CHECK_CONSUMER) timestamp=12041 ms, used_size=5320704 bytes (13.0%)
(RDMA_READ_CONSUME_CHECK_CONSUMER) timestamp=12041 ms, used_size=5318656 bytes (13.0%)
(RDMA_READ_CONSUME_CHECK_CONSUMER) timestamp=12041 ms, used_size=5316608 bytes (13.0%)
(RDMA_READ_CONSUME_CHECK_CONSUMER) timestamp=12041 ms, used_size=5314560 bytes (13.0%)
(RDMA_READ_CONSUME_CHECK_CONSUMER) timestamp=12041 ms, used_size=5312512 bytes (13.0%)
(RDMA_READ_CONSUME_CHECK_CONSUMER) timestamp=12041 ms, used_size=5310464 bytes (13.0%)
(RDMA_READ_CONSUME_CHECK_CONSUMER) timestamp=12041 ms, used_size=5308416 bytes (13.0%)
(RDMA_READ_CONSUME_CHECK_CONSUMER) timestamp=12041 ms, used_size=5306368 bytes (13.0%)
(RDMA_READ_CONSUME_CHECK_CONSUMER) timestamp=12041 ms, used_size=5304320 bytes (12.9%)
(RDMA_READ_CONSUME_CHECK_CONSUMER) timestamp=12042 ms, used_size=5302272 bytes (12.9%)
(RDMA_READ_CONSUME_CHECK_CONSUMER) timestamp=12042 ms, used_size=5300224 bytes (12.9%)
(RDMA_READ_CONSUME_CHECK_CONSUMER) timestamp=12042 ms, used_size=5298176 bytes (12.9%)
(RDMA_READ_CONSUME_CHECK_CONSUMER) timestamp=12042 ms, used_size=5296128 bytes (12.9%)
(RDMA_READ_CONSUME_CHECK_CONSUMER) timestamp=12042 ms, used_size=5294080 bytes (12.9%)
(RDMA_READ_CONSUME_CHECK_CONSUMER) timestamp=12042 ms, used_size=5292032 bytes (12.9%)
(RDMA_READ_CONSUME_CHECK_CONSUMER) timestamp=12042 ms, used_size=5289984 bytes (12.9%)
(RDMA_READ_CONSUME_CHECK_CONSUMER) timestamp=12042 ms, used_size=5287936 bytes (12.9%)
(RDMA_READ_CONSUME_CHECK_CONSUMER) timestamp=12042 ms, used_size=5285888 bytes (12.9%)
(RDMA_READ_CONSUME_CHECK_CONSUMER) timestamp=12042 ms, used_size=5283840 bytes (12.9%)
(RDMA_READ_CONSUME_CHECK_CONSUMER) timestamp=12042 ms, used_size=5281792 bytes (12.9%)
(RDMA_READ_CONSUME_CHECK_CONSUMER) timestamp=12042 ms, used_size=5279744 bytes (12.9%)
(RDMA_READ_CONSUME_CHECK_CONSUMER) timestamp=12042 ms, used_size=5277696 bytes (12.9%)
(RDMA_READ_CONSUME_CHECK_CONSUMER) timestamp=12042 ms, used_size=5275648 bytes (12.9%)
(RDMA_READ_CONSUME_CHECK_CONSUMER) timestamp=12042 ms, used_size=5273600 bytes (12.9%)
(RDMA_READ_CONSUME_CHECK_CONSUMER) timestamp=12042 ms, used_size=5271552 bytes (12.9%)
(RDMA_READ_CONSUME_CHECK_CONSUMER) timestamp=12042 ms, used_size=5269504 bytes (12.9%)
(RDMA_READ_CONSUME_CHECK_CONSUMER) timestamp=12042 ms, used_size=5267456 bytes (12.9%)
(RDMA_READ_CONSUME_CHECK_CONSUMER) timestamp=12042 ms, used_size=5265408 bytes (12.9%)
(RDMA_READ_CONSUME_CHECK_CONSUMER) timestamp=12042 ms, used_size=5263360 bytes (12.8%)
(RDMA_READ_CONSUME_CHECK_CONSUMER) timestamp=12042 ms, used_size=5261312 bytes (12.8%)
(RDMA_READ_CONSUME_CHECK_CONSUMER) timestamp=12042 ms, used_size=5259264 bytes (12.8%)
(RDMA_READ_CONSUME_CHECK_CONSUMER) timestamp=12042 ms, used_size=5257216 bytes (12.8%)
(RDMA_READ_CONSUME_CHECK_CONSUMER) timestamp=12042 ms, used_size=5255168 bytes (12.8%)
(RDMA_READ_CONSUME_CHECK_CONSUMER) timestamp=12042 ms, used_size=5253120 bytes (12.8%)
(RDMA_READ_CONSUME_CHECK_CONSUMER) timestamp=12042 ms, used_size=5251072 bytes (12.8%)
(RDMA_READ_CONSUME_CHECK_CONSUMER) timestamp=12042 ms, used_size=5249024 bytes (12.8%)
(RDMA_READ_CONSUME_CHECK_CONSUMER) timestamp=12042 ms, used_size=5246976 bytes (12.8%)
(RDMA_READ_CONSUME_CHECK_CONSUMER) timestamp=12042 ms, used_size=5244928 bytes (12.8%)
(RDMA_READ_CONSUME_CHECK_CONSUMER) timestamp=12042 ms, used_size=5242880 bytes (12.8%)
(RDMA_READ_CONSUME_CHECK_CONSUMER) timestamp=12042 ms, used_size=5240832 bytes (12.8%)
(RDMA_READ_CONSUME_CHECK_CONSUMER) timestamp=12042 ms, used_size=5238784 bytes (12.8%)
(RDMA_READ_CONSUME_CHECK_CONSUMER) timestamp=12042 ms, used_size=5236736 bytes (12.8%)
(RDMA_READ_CONSUME_CHECK_CONSUMER) timestamp=12042 ms, used_size=5234688 bytes (12.8%)
(RDMA_READ_CONSUME_CHECK_CONSUMER) timestamp=12042 ms, used_size=5232640 bytes (12.8%)
(RDMA_READ_CONSUME_CHECK_CONSUMER) timestamp=12042 ms, used_size=5230592 bytes (12.8%)
(RDMA_READ_CONSUME_CHECK_CONSUMER) timestamp=12042 ms, used_size=5228544 bytes (12.8%)
(RDMA_READ_CONSUME_CHECK_CONSUMER) timestamp=12042 ms, used_size=5226496 bytes (12.8%)
(RDMA_READ_CONSUME_CHECK_CONSUMER) timestamp=12042 ms, used_size=5224448 bytes (12.8%)
(RDMA_READ_CONSUME_CHECK_CONSUMER) timestamp=12042 ms, used_size=5222400 bytes (12.8%)
(RDMA_READ_CONSUME_CHECK_CONSUMER) timestamp=12042 ms, used_size=5220352 bytes (12.7%)
(RDMA_READ_CONSUME_CHECK_CONSUMER) timestamp=12042 ms, used_size=5218304 bytes (12.7%)
(RDMA_READ_CONSUME_CHECK_CONSUMER) timestamp=12042 ms, used_size=5216256 bytes (12.7%)
(RDMA_READ_CONSUME_CHECK_CONSUMER) timestamp=12042 ms, used_size=5214208 bytes (12.7%)
(RDMA_READ_CONSUME_CHECK_CONSUMER) timestamp=12042 ms, used_size=5212160 bytes (12.7%)
(RDMA_READ_CONSUME_CHECK_CONSUMER) timestamp=12042 ms, used_size=5210112 bytes (12.7%)
(RDMA_READ_CONSUME_CHECK_CONSUMER) timestamp=12042 ms, used_size=5208064 bytes (12.7%)
(RDMA_READ_CONSUME_CHECK_CONSUMER) timestamp=12042 ms, used_size=5206016 bytes (12.7%)
(RDMA_READ_CONSUME_CHECK_CONSUMER) timestamp=12042 ms, used_size=5203968 bytes (12.7%)
(RDMA_READ_CONSUME_CHECK_CONSUMER) timestamp=12042 ms, used_size=5201920 bytes (12.7%)
(RDMA_READ_CONSUME_CHECK_CONSUMER) timestamp=12042 ms, used_size=5199872 bytes (12.7%)
(RDMA_READ_CONSUME_CHECK_CONSUMER) timestamp=12042 ms, used_size=5197824 bytes (12.7%)
(RDMA_READ_CONSUME_CHECK_CONSUMER) timestamp=12042 ms, used_size=5195776 bytes (12.7%)
(RDMA_READ_CONSUME_CHECK_CONSUMER) timestamp=12042 ms, used_size=5193728 bytes (12.7%)
(RDMA_READ_CONSUME_CHECK_CONSUMER) timestamp=12042 ms, used_size=5191680 bytes (12.7%)
(RDMA_READ_CONSUME_CHECK_CONSUMER) timestamp=12042 ms, used_size=5189632 bytes (12.7%)
(RDMA_READ_CONSUME_CHECK_CONSUMER) timestamp=12042 ms, used_size=5187584 bytes (12.7%)
(RDMA_READ_CONSUME_CHECK_CONSUMER) timestamp=12042 ms, used_size=5185536 bytes (12.7%)
(RDMA_READ_CONSUME_CHECK_CONSUMER) timestamp=12042 ms, used_size=5183488 bytes (12.7%)
(RDMA_READ_CONSUME_CHECK_CONSUMER) timestamp=12042 ms, used_size=5181440 bytes (12.7%)
(RDMA_READ_CONSUME_CHECK_CONSUMER) timestamp=12042 ms, used_size=5179392 bytes (12.6%)
(RDMA_READ_CONSUME_CHECK_CONSUMER) timestamp=12042 ms, used_size=5177344 bytes (12.6%)
(RDMA_READ_CONSUME_CHECK_CONSUMER) timestamp=12042 ms, used_size=5175296 bytes (12.6%)
(RDMA_READ_CONSUME_CHECK_CONSUMER) timestamp=12042 ms, used_size=5173248 bytes (12.6%)
(RDMA_READ_CONSUME_CHECK_CONSUMER) timestamp=12042 ms, used_size=5171200 bytes (12.6%)
(RDMA_READ_CONSUME_CHECK_CONSUMER) timestamp=12042 ms, used_size=5169152 bytes (12.6%)
(RDMA_READ_CONSUME_CHECK_CONSUMER) timestamp=12042 ms, used_size=5167104 bytes (12.6%)
(RDMA_READ_CONSUME_CHECK_CONSUMER) timestamp=12042 ms, used_size=5165056 bytes (12.6%)
(RDMA_READ_CONSUME_CHECK_CONSUMER) timestamp=12042 ms, used_size=5163008 bytes (12.6%)
(RDMA_READ_CONSUME_CHECK_CONSUMER) timestamp=12042 ms, used_size=5160960 bytes (12.6%)
(RDMA_READ_CONSUME_CHECK_CONSUMER) timestamp=12042 ms, used_size=5158912 bytes (12.6%)
(RDMA_READ_CONSUME_CHECK_CONSUMER) timestamp=12042 ms, used_size=5156864 bytes (12.6%)
(RDMA_READ_CONSUME_CHECK_CONSUMER) timestamp=12042 ms, used_size=5154816 bytes (12.6%)
(RDMA_READ_CONSUME_CHECK_CONSUMER) timestamp=12042 ms, used_size=5152768 bytes (12.6%)
(RDMA_READ_CONSUME_CHECK_CONSUMER) timestamp=12042 ms, used_size=5150720 bytes (12.6%)
(RDMA_READ_CONSUME_CHECK_CONSUMER) timestamp=12042 ms, used_size=5148672 bytes (12.6%)
(RDMA_READ_CONSUME_CHECK_CONSUMER) timestamp=12042 ms, used_size=5146624 bytes (12.6%)
(RDMA_READ_CONSUME_CHECK_CONSUMER) timestamp=12042 ms, used_size=5144576 bytes (12.6%)
(RDMA_READ_CONSUME_CHECK_CONSUMER) timestamp=12042 ms, used_size=5142528 bytes (12.6%)
(RDMA_READ_CONSUME_CHECK_CONSUMER) timestamp=12042 ms, used_size=5140480 bytes (12.6%)
(RDMA_READ_CONSUME_CHECK_CONSUMER) timestamp=12042 ms, used_size=5138432 bytes (12.5%)
(RDMA_READ_CONSUME_CHECK_CONSUMER) timestamp=12042 ms, used_size=5136384 bytes (12.5%)
(RDMA_READ_CONSUME_CHECK_CONSUMER) timestamp=12042 ms, used_size=5134336 bytes (12.5%)
(RDMA_READ_CONSUME_CHECK_CONSUMER) timestamp=12042 ms, used_size=5132288 bytes (12.5%)
(RDMA_READ_CONSUME_CHECK_CONSUMER) timestamp=12042 ms, used_size=5130240 bytes (12.5%)
(RDMA_READ_CONSUME_CHECK_CONSUMER) timestamp=12042 ms, used_size=5128192 bytes (12.5%)
(RDMA_READ_CONSUME_CHECK_CONSUMER) timestamp=12042 ms, used_size=5126144 bytes (12.5%)
(RDMA_READ_CONSUME_CHECK_CONSUMER) timestamp=12042 ms, used_size=5124096 bytes (12.5%)
(RDMA_READ_CONSUME_CHECK_CONSUMER) timestamp=12042 ms, used_size=5122048 bytes (12.5%)
(RDMA_READ_CONSUME_CHECK_CONSUMER) timestamp=12042 ms, used_size=5120000 bytes (12.5%)
(RDMA_READ_CONSUME_CHECK_CONSUMER) timestamp=12042 ms, used_size=5117952 bytes (12.5%)
(RDMA_READ_CONSUME_CHECK_CONSUMER) timestamp=12042 ms, used_size=5115904 bytes (12.5%)
(RDMA_READ_CONSUME_CHECK_CONSUMER) timestamp=12042 ms, used_size=5113856 bytes (12.5%)
(RDMA_READ_CONSUME_CHECK_CONSUMER) timestamp=12042 ms, used_size=5111808 bytes (12.5%)
(RDMA_READ_CONSUME_CHECK_CONSUMER) timestamp=12042 ms, used_size=5109760 bytes (12.5%)
(RDMA_READ_CONSUME_CHECK_CONSUMER) timestamp=12042 ms, used_size=5107712 bytes (12.5%)
(RDMA_READ_CONSUME_CHECK_CONSUMER) timestamp=12042 ms, used_size=5105664 bytes (12.5%)
(RDMA_READ_CONSUME_CHECK_CONSUMER) timestamp=12042 ms, used_size=5103616 bytes (12.5%)
(RDMA_READ_CONSUME_CHECK_CONSUMER) timestamp=12042 ms, used_size=5101568 bytes (12.5%)
(RDMA_READ_CONSUME_CHECK_CONSUMER) timestamp=12042 ms, used_size=5099520 bytes (12.4%)
(RDMA_READ_CONSUME_CHECK_CONSUMER) timestamp=12042 ms, used_size=5097472 bytes (12.4%)
(RDMA_READ_CONSUME_CHECK_CONSUMER) timestamp=12042 ms, used_size=5095424 bytes (12.4%)
(RDMA_READ_CONSUME_CHECK_CONSUMER) timestamp=12042 ms, used_size=5093376 bytes (12.4%)
(RDMA_READ_CONSUME_CHECK_CONSUMER) timestamp=12042 ms, used_size=5091328 bytes (12.4%)
(RDMA_READ_CONSUME_CHECK_CONSUMER) timestamp=12042 ms, used_size=5089280 bytes (12.4%)
(RDMA_READ_CONSUME_CHECK_CONSUMER) timestamp=12042 ms, used_size=5087232 bytes (12.4%)
(RDMA_READ_CONSUME_CHECK_CONSUMER) timestamp=12042 ms, used_size=5085184 bytes (12.4%)
(RDMA_READ_CONSUME_CHECK_CONSUMER) timestamp=12042 ms, used_size=5083136 bytes (12.4%)
(RDMA_READ_CONSUME_CHECK_CONSUMER) timestamp=12042 ms, used_size=5081088 bytes (12.4%)
(RDMA_READ_CONSUME_CHECK_CONSUMER) timestamp=12042 ms, used_size=5079040 bytes (12.4%)
(RDMA_READ_CONSUME_CHECK_CONSUMER) timestamp=12042 ms, used_size=5076992 bytes (12.4%)
(RDMA_READ_CONSUME_CHECK_CONSUMER) timestamp=12042 ms, used_size=5074944 bytes (12.4%)
(RDMA_READ_CONSUME_CHECK_CONSUMER) timestamp=12042 ms, used_size=5072896 bytes (12.4%)
(RDMA_READ_CONSUME_CHECK_CONSUMER) timestamp=12042 ms, used_size=5070848 bytes (12.4%)
(RDMA_READ_CONSUME_CHECK_CONSUMER) timestamp=12042 ms, used_size=5068800 bytes (12.4%)
(RDMA_READ_CONSUME_CHECK_CONSUMER) timestamp=12042 ms, used_size=5066752 bytes (12.4%)
(RDMA_READ_CONSUME_CHECK_CONSUMER) timestamp=12042 ms, used_size=5064704 bytes (12.4%)
(RDMA_READ_CONSUME_CHECK_CONSUMER) timestamp=12042 ms, used_size=5062656 bytes (12.4%)
(RDMA_READ_CONSUME_CHECK_CONSUMER) timestamp=12042 ms, used_size=5060608 bytes (12.4%)
(RDMA_READ_CONSUME_CHECK_CONSUMER) timestamp=12042 ms, used_size=5058560 bytes (12.3%)
(RDMA_READ_CONSUME_CHECK_CONSUMER) timestamp=12042 ms, used_size=5056512 bytes (12.3%)
(RDMA_READ_CONSUME_CHECK_CONSUMER) timestamp=12042 ms, used_size=5054464 bytes (12.3%)
(RDMA_READ_CONSUME_CHECK_CONSUMER) timestamp=12042 ms, used_size=5052416 bytes (12.3%)
(RDMA_READ_CONSUME_CHECK_CONSUMER) timestamp=12042 ms, used_size=5050368 bytes (12.3%)
(RDMA_READ_CONSUME_CHECK_CONSUMER) timestamp=12042 ms, used_size=5048320 bytes (12.3%)
(RDMA_READ_CONSUME_CHECK_CONSUMER) timestamp=12042 ms, used_size=5046272 bytes (12.3%)
(RDMA_READ_CONSUME_CHECK_CONSUMER) timestamp=12042 ms, used_size=5044224 bytes (12.3%)
(RDMA_READ_CONSUME_CHECK_CONSUMER) timestamp=12042 ms, used_size=5042176 bytes (12.3%)
(RDMA_READ_CONSUME_CHECK_CONSUMER) timestamp=12042 ms, used_size=5040128 bytes (12.3%)
(RDMA_READ_CONSUME_CHECK_CONSUMER) timestamp=12042 ms, used_size=5038080 bytes (12.3%)
(RDMA_READ_CONSUME_CHECK_CONSUMER) timestamp=12042 ms, used_size=5036032 bytes (12.3%)
(RDMA_READ_CONSUME_CHECK_CONSUMER) timestamp=12042 ms, used_size=5033984 bytes (12.3%)
(RDMA_READ_CONSUME_CHECK_CONSUMER) timestamp=12042 ms, used_size=5031936 bytes (12.3%)
(RDMA_READ_CONSUME_CHECK_CONSUMER) timestamp=12042 ms, used_size=5029888 bytes (12.3%)
(RDMA_READ_CONSUME_CHECK_CONSUMER) timestamp=12042 ms, used_size=5027840 bytes (12.3%)
(RDMA_READ_CONSUME_CHECK_CONSUMER) timestamp=12042 ms, used_size=5025792 bytes (12.3%)
(RDMA_READ_CONSUME_CHECK_CONSUMER) timestamp=12042 ms, used_size=5023744 bytes (12.3%)
(RDMA_READ_CONSUME_CHECK_CONSUMER) timestamp=12042 ms, used_size=5021696 bytes (12.3%)
(RDMA_READ_CONSUME_CHECK_CONSUMER) timestamp=12042 ms, used_size=5019648 bytes (12.3%)
(RDMA_READ_CONSUME_CHECK_CONSUMER) timestamp=12042 ms, used_size=5017600 bytes (12.2%)
(RDMA_READ_CONSUME_CHECK_CONSUMER) timestamp=12042 ms, used_size=5015552 bytes (12.2%)
(RDMA_READ_CONSUME_CHECK_CONSUMER) timestamp=12042 ms, used_size=5013504 bytes (12.2%)
(RDMA_READ_CONSUME_CHECK_CONSUMER) timestamp=12042 ms, used_size=5011456 bytes (12.2%)
(RDMA_READ_CONSUME_CHECK_CONSUMER) timestamp=12042 ms, used_size=5009408 bytes (12.2%)
(RDMA_READ_CONSUME_CHECK_CONSUMER) timestamp=12042 ms, used_size=5007360 bytes (12.2%)
(RDMA_READ_CONSUME_CHECK_CONSUMER) timestamp=12042 ms, used_size=5005312 bytes (12.2%)
(RDMA_READ_CONSUME_CHECK_CONSUMER) timestamp=12042 ms, used_size=5003264 bytes (12.2%)
(RDMA_READ_CONSUME_CHECK_CONSUMER) timestamp=12042 ms, used_size=5001216 bytes (12.2%)
(RDMA_READ_CONSUME_CHECK_CONSUMER) timestamp=12042 ms, used_size=4999168 bytes (12.2%)
(RDMA_READ_CONSUME_CHECK_CONSUMER) timestamp=12042 ms, used_size=4997120 bytes (12.2%)
(RDMA_READ_CONSUME_CHECK_CONSUMER) timestamp=12042 ms, used_size=4995072 bytes (12.2%)
(RDMA_READ_CONSUME_CHECK_CONSUMER) timestamp=12042 ms, used_size=4993024 bytes (12.2%)
(RDMA_READ_CONSUME_CHECK_CONSUMER) timestamp=12042 ms, used_size=4990976 bytes (12.2%)
(RDMA_READ_CONSUME_CHECK_CONSUMER) timestamp=12042 ms, used_size=4988928 bytes (12.2%)
(RDMA_READ_CONSUME_CHECK_CONSUMER) timestamp=12042 ms, used_size=4986880 bytes (12.2%)
(RDMA_READ_CONSUME_CHECK_CONSUMER) timestamp=12042 ms, used_size=4984832 bytes (12.2%)
(RDMA_READ_CONSUME_CHECK_CONSUMER) timestamp=12042 ms, used_size=4982784 bytes (12.2%)
(RDMA_READ_CONSUME_CHECK_CONSUMER) timestamp=12042 ms, used_size=4980736 bytes (12.2%)
(RDMA_READ_CONSUME_CHECK_CONSUMER) timestamp=12042 ms, used_size=4978688 bytes (12.2%)
(RDMA_READ_CONSUME_CHECK_CONSUMER) timestamp=12042 ms, used_size=4976640 bytes (12.2%)
(RDMA_READ_CONSUME_CHECK_CONSUMER) timestamp=12042 ms, used_size=4974592 bytes (12.1%)
(RDMA_READ_CONSUME_CHECK_CONSUMER) timestamp=12042 ms, used_size=4972544 bytes (12.1%)
(RDMA_READ_CONSUME_CHECK_CONSUMER) timestamp=12042 ms, used_size=4970496 bytes (12.1%)
(RDMA_READ_CONSUME_CHECK_CONSUMER) timestamp=12042 ms, used_size=4968448 bytes (12.1%)
(RDMA_READ_CONSUME_CHECK_CONSUMER) timestamp=12042 ms, used_size=4966400 bytes (12.1%)
(RDMA_READ_CONSUME_CHECK_CONSUMER) timestamp=12042 ms, used_size=4964352 bytes (12.1%)
(RDMA_READ_CONSUME_CHECK_CONSUMER) timestamp=12042 ms, used_size=4962304 bytes (12.1%)
(RDMA_READ_CONSUME_CHECK_CONSUMER) timestamp=12042 ms, used_size=4960256 bytes (12.1%)
(RDMA_READ_CONSUME_CHECK_CONSUMER) timestamp=12042 ms, used_size=4958208 bytes (12.1%)
(RDMA_READ_CONSUME_CHECK_CONSUMER) timestamp=12042 ms, used_size=4956160 bytes (12.1%)
(RDMA_READ_CONSUME_CHECK_CONSUMER) timestamp=12042 ms, used_size=4954112 bytes (12.1%)
(RDMA_READ_CONSUME_CHECK_CONSUMER) timestamp=12042 ms, used_size=4952064 bytes (12.1%)
(RDMA_READ_CONSUME_CHECK_CONSUMER) timestamp=12042 ms, used_size=4950016 bytes (12.1%)
(RDMA_READ_CONSUME_CHECK_CONSUMER) timestamp=12043 ms, used_size=4947968 bytes (12.1%)
(RDMA_READ_CONSUME_CHECK_CONSUMER) timestamp=12043 ms, used_size=4945920 bytes (12.1%)
(RDMA_READ_CONSUME_CHECK_CONSUMER) timestamp=12043 ms, used_size=4943872 bytes (12.1%)
(RDMA_READ_CONSUME_CHECK_CONSUMER) timestamp=12043 ms, used_size=4941824 bytes (12.1%)
(RDMA_READ_CONSUME_CHECK_CONSUMER) timestamp=12043 ms, used_size=4939776 bytes (12.1%)
(RDMA_READ_CONSUME_CHECK_CONSUMER) timestamp=12043 ms, used_size=4937728 bytes (12.1%)
(RDMA_READ_CONSUME_CHECK_CONSUMER) timestamp=12043 ms, used_size=4935680 bytes (12.1%)
(RDMA_READ_CONSUME_CHECK_CONSUMER) timestamp=12043 ms, used_size=4933632 bytes (12.0%)
(RDMA_READ_CONSUME_CHECK_CONSUMER) timestamp=12043 ms, used_size=4931584 bytes (12.0%)
(RDMA_READ_CONSUME_CHECK_CONSUMER) timestamp=12043 ms, used_size=4929536 bytes (12.0%)
(RDMA_READ_CONSUME_CHECK_CONSUMER) timestamp=12043 ms, used_size=4927488 bytes (12.0%)
(RDMA_READ_CONSUME_CHECK_CONSUMER) timestamp=12043 ms, used_size=4925440 bytes (12.0%)
(RDMA_READ_CONSUME_CHECK_CONSUMER) timestamp=12043 ms, used_size=4923392 bytes (12.0%)
(RDMA_READ_CONSUME_CHECK_CONSUMER) timestamp=12043 ms, used_size=4921344 bytes (12.0%)
(RDMA_READ_CONSUME_CHECK_CONSUMER) timestamp=12043 ms, used_size=4919296 bytes (12.0%)
(RDMA_READ_CONSUME_CHECK_CONSUMER) timestamp=12043 ms, used_size=4917248 bytes (12.0%)
(RDMA_READ_CONSUME_CHECK_CONSUMER) timestamp=12043 ms, used_size=4915200 bytes (12.0%)
(RDMA_READ_CONSUME_CHECK_CONSUMER) timestamp=12043 ms, used_size=4913152 bytes (12.0%)
(RDMA_READ_CONSUME_CHECK_CONSUMER) timestamp=12043 ms, used_size=4911104 bytes (12.0%)
(RDMA_READ_CONSUME_CHECK_CONSUMER) timestamp=12043 ms, used_size=4909056 bytes (12.0%)
(RDMA_READ_CONSUME_CHECK_CONSUMER) timestamp=12043 ms, used_size=4907008 bytes (12.0%)
(RDMA_READ_CONSUME_CHECK_CONSUMER) timestamp=12043 ms, used_size=4904960 bytes (12.0%)
(RDMA_READ_CONSUME_CHECK_CONSUMER) timestamp=12043 ms, used_size=4902912 bytes (12.0%)
(RDMA_READ_CONSUME_CHECK_CONSUMER) timestamp=12043 ms, used_size=4900864 bytes (12.0%)
(RDMA_READ_CONSUME_CHECK_CONSUMER) timestamp=12043 ms, used_size=4898816 bytes (12.0%)
(RDMA_READ_CONSUME_CHECK_CONSUMER) timestamp=12043 ms, used_size=4896768 bytes (12.0%)
(RDMA_READ_CONSUME_CHECK_CONSUMER) timestamp=12043 ms, used_size=4894720 bytes (11.9%)
(RDMA_READ_CONSUME_CHECK_CONSUMER) timestamp=12043 ms, used_size=4892672 bytes (11.9%)
(RDMA_READ_CONSUME_CHECK_CONSUMER) timestamp=12043 ms, used_size=4890624 bytes (11.9%)
(RDMA_READ_CONSUME_CHECK_CONSUMER) timestamp=12043 ms, used_size=4888576 bytes (11.9%)
(RDMA_READ_CONSUME_CHECK_CONSUMER) timestamp=12043 ms, used_size=4886528 bytes (11.9%)
(RDMA_READ_CONSUME_CHECK_CONSUMER) timestamp=12043 ms, used_size=4884480 bytes (11.9%)
(RDMA_READ_CONSUME_CHECK_CONSUMER) timestamp=12043 ms, used_size=4882432 bytes (11.9%)
(RDMA_READ_CONSUME_CHECK_CONSUMER) timestamp=12043 ms, used_size=4880384 bytes (11.9%)
(RDMA_READ_CONSUME_CHECK_CONSUMER) timestamp=12043 ms, used_size=4878336 bytes (11.9%)
(RDMA_READ_CONSUME_CHECK_CONSUMER) timestamp=12043 ms, used_size=4876288 bytes (11.9%)
(RDMA_READ_CONSUME_CHECK_CONSUMER) timestamp=12043 ms, used_size=4874240 bytes (11.9%)
(RDMA_READ_CONSUME_CHECK_CONSUMER) timestamp=12043 ms, used_size=4872192 bytes (11.9%)
(RDMA_READ_CONSUME_CHECK_CONSUMER) timestamp=12043 ms, used_size=4870144 bytes (11.9%)
(RDMA_READ_CONSUME_CHECK_CONSUMER) timestamp=12043 ms, used_size=4868096 bytes (11.9%)
(RDMA_READ_CONSUME_CHECK_CONSUMER) timestamp=12043 ms, used_size=4866048 bytes (11.9%)
(RDMA_READ_CONSUME_CHECK_CONSUMER) timestamp=12043 ms, used_size=4864000 bytes (11.9%)
(RDMA_READ_CONSUME_CHECK_CONSUMER) timestamp=12043 ms, used_size=4861952 bytes (11.9%)
(RDMA_READ_CONSUME_CHECK_CONSUMER) timestamp=12043 ms, used_size=4859904 bytes (11.9%)
(RDMA_READ_CONSUME_CHECK_CONSUMER) timestamp=12043 ms, used_size=4857856 bytes (11.9%)
(RDMA_READ_CONSUME_CHECK_CONSUMER) timestamp=12043 ms, used_size=4855808 bytes (11.9%)
(RDMA_READ_CONSUME_CHECK_CONSUMER) timestamp=12043 ms, used_size=4853760 bytes (11.8%)
(RDMA_READ_CONSUME_CHECK_CONSUMER) timestamp=12043 ms, used_size=4851712 bytes (11.8%)
(RDMA_READ_CONSUME_CHECK_CONSUMER) timestamp=12043 ms, used_size=4849664 bytes (11.8%)
(RDMA_READ_CONSUME_CHECK_CONSUMER) timestamp=12043 ms, used_size=4847616 bytes (11.8%)
(RDMA_READ_CONSUME_CHECK_CONSUMER) timestamp=12043 ms, used_size=4845568 bytes (11.8%)
(RDMA_READ_CONSUME_CHECK_CONSUMER) timestamp=12043 ms, used_size=4843520 bytes (11.8%)
(RDMA_READ_CONSUME_CHECK_CONSUMER) timestamp=12043 ms, used_size=4841472 bytes (11.8%)
(RDMA_READ_CONSUME_CHECK_CONSUMER) timestamp=12043 ms, used_size=4839424 bytes (11.8%)
(RDMA_READ_CONSUME_CHECK_CONSUMER) timestamp=12043 ms, used_size=4837376 bytes (11.8%)
(RDMA_READ_CONSUME_CHECK_CONSUMER) timestamp=12043 ms, used_size=4835328 bytes (11.8%)
(RDMA_READ_CONSUME_CHECK_CONSUMER) timestamp=12043 ms, used_size=4833280 bytes (11.8%)
(RDMA_READ_CONSUME_CHECK_CONSUMER) timestamp=12043 ms, used_size=4831232 bytes (11.8%)
(RDMA_READ_CONSUME_CHECK_CONSUMER) timestamp=12043 ms, used_size=4829184 bytes (11.8%)
(RDMA_READ_CONSUME_CHECK_CONSUMER) timestamp=12043 ms, used_size=4827136 bytes (11.8%)
(RDMA_READ_CONSUME_CHECK_CONSUMER) timestamp=12043 ms, used_size=4825088 bytes (11.8%)
(RDMA_READ_CONSUME_CHECK_CONSUMER) timestamp=12043 ms, used_size=4823040 bytes (11.8%)
(RDMA_READ_CONSUME_CHECK_CONSUMER) timestamp=12043 ms, used_size=4820992 bytes (11.8%)
(RDMA_READ_CONSUME_CHECK_CONSUMER) timestamp=12043 ms, used_size=4818944 bytes (11.8%)
(RDMA_READ_CONSUME_CHECK_CONSUMER) timestamp=12043 ms, used_size=4816896 bytes (11.8%)
(RDMA_READ_CONSUME_CHECK_CONSUMER) timestamp=12043 ms, used_size=4814848 bytes (11.8%)
(RDMA_READ_CONSUME_CHECK_CONSUMER) timestamp=12043 ms, used_size=4812800 bytes (11.8%)
(RDMA_READ_CONSUME_CHECK_CONSUMER) timestamp=12043 ms, used_size=4810752 bytes (11.7%)
(RDMA_READ_CONSUME_CHECK_CONSUMER) timestamp=12043 ms, used_size=4808704 bytes (11.7%)
(RDMA_READ_CONSUME_CHECK_CONSUMER) timestamp=12043 ms, used_size=4806656 bytes (11.7%)
(RDMA_READ_CONSUME_CHECK_CONSUMER) timestamp=12043 ms, used_size=4804608 bytes (11.7%)
(RDMA_READ_CONSUME_CHECK_CONSUMER) timestamp=12043 ms, used_size=4802560 bytes (11.7%)
(RDMA_READ_CONSUME_CHECK_CONSUMER) timestamp=12043 ms, used_size=4800512 bytes (11.7%)
(RDMA_READ_CONSUME_CHECK_CONSUMER) timestamp=12043 ms, used_size=4798464 bytes (11.7%)
(RDMA_READ_CONSUME_CHECK_CONSUMER) timestamp=12043 ms, used_size=4796416 bytes (11.7%)
(RDMA_READ_CONSUME_CHECK_CONSUMER) timestamp=12043 ms, used_size=4794368 bytes (11.7%)
(RDMA_READ_CONSUME_CHECK_CONSUMER) timestamp=12043 ms, used_size=4792320 bytes (11.7%)
(RDMA_READ_CONSUME_CHECK_CONSUMER) timestamp=12043 ms, used_size=4790272 bytes (11.7%)
(RDMA_READ_CONSUME_CHECK_CONSUMER) timestamp=12043 ms, used_size=4788224 bytes (11.7%)
(RDMA_READ_CONSUME_CHECK_CONSUMER) timestamp=12043 ms, used_size=4786176 bytes (11.7%)
(RDMA_READ_CONSUME_CHECK_CONSUMER) timestamp=12043 ms, used_size=4784128 bytes (11.7%)
(RDMA_READ_CONSUME_CHECK_CONSUMER) timestamp=12043 ms, used_size=4782080 bytes (11.7%)
(RDMA_READ_CONSUME_CHECK_CONSUMER) timestamp=12043 ms, used_size=4780032 bytes (11.7%)
(RDMA_READ_CONSUME_CHECK_CONSUMER) timestamp=12043 ms, used_size=4777984 bytes (11.7%)
(RDMA_READ_CONSUME_CHECK_CONSUMER) timestamp=12043 ms, used_size=4775936 bytes (11.7%)
(RDMA_READ_CONSUME_CHECK_CONSUMER) timestamp=12043 ms, used_size=4773888 bytes (11.7%)
(RDMA_READ_CONSUME_CHECK_CONSUMER) timestamp=12043 ms, used_size=4771840 bytes (11.7%)
(RDMA_READ_CONSUME_CHECK_CONSUMER) timestamp=12043 ms, used_size=4769792 bytes (11.6%)
(RDMA_READ_CONSUME_CHECK_CONSUMER) timestamp=12043 ms, used_size=4767744 bytes (11.6%)
(RDMA_READ_CONSUME_CHECK_CONSUMER) timestamp=12043 ms, used_size=4765696 bytes (11.6%)
(RDMA_READ_CONSUME_CHECK_CONSUMER) timestamp=12043 ms, used_size=4763648 bytes (11.6%)
(RDMA_READ_CONSUME_CHECK_CONSUMER) timestamp=12043 ms, used_size=4761600 bytes (11.6%)
(RDMA_READ_CONSUME_CHECK_CONSUMER) timestamp=12043 ms, used_size=4759552 bytes (11.6%)
(RDMA_READ_CONSUME_CHECK_CONSUMER) timestamp=12043 ms, used_size=4757504 bytes (11.6%)
(RDMA_READ_CONSUME_CHECK_CONSUMER) timestamp=12043 ms, used_size=4755456 bytes (11.6%)
(RDMA_READ_CONSUME_CHECK_CONSUMER) timestamp=12043 ms, used_size=4753408 bytes (11.6%)
(RDMA_READ_CONSUME_CHECK_CONSUMER) timestamp=12043 ms, used_size=4751360 bytes (11.6%)
(RDMA_READ_CONSUME_CHECK_CONSUMER) timestamp=12043 ms, used_size=4749312 bytes (11.6%)
(RDMA_READ_CONSUME_CHECK_CONSUMER) timestamp=12043 ms, used_size=4747264 bytes (11.6%)
(RDMA_READ_CONSUME_CHECK_CONSUMER) timestamp=12043 ms, used_size=4745216 bytes (11.6%)
(RDMA_READ_CONSUME_CHECK_CONSUMER) timestamp=12043 ms, used_size=4743168 bytes (11.6%)
(RDMA_READ_CONSUME_CHECK_CONSUMER) timestamp=12043 ms, used_size=4741120 bytes (11.6%)
(RDMA_READ_CONSUME_CHECK_CONSUMER) timestamp=12043 ms, used_size=4739072 bytes (11.6%)
(RDMA_READ_CONSUME_CHECK_CONSUMER) timestamp=12043 ms, used_size=4737024 bytes (11.6%)
(RDMA_READ_CONSUME_CHECK_CONSUMER) timestamp=12043 ms, used_size=4734976 bytes (11.6%)
(RDMA_READ_CONSUME_CHECK_CONSUMER) timestamp=12043 ms, used_size=4732928 bytes (11.6%)
(RDMA_READ_CONSUME_CHECK_CONSUMER) timestamp=12043 ms, used_size=4730880 bytes (11.6%)
(RDMA_READ_CONSUME_CHECK_CONSUMER) timestamp=12043 ms, used_size=4728832 bytes (11.5%)
(RDMA_READ_CONSUME_CHECK_CONSUMER) timestamp=12043 ms, used_size=4726784 bytes (11.5%)
(RDMA_READ_CONSUME_CHECK_CONSUMER) timestamp=12043 ms, used_size=4724736 bytes (11.5%)
(RDMA_READ_CONSUME_CHECK_CONSUMER) timestamp=12043 ms, used_size=4722688 bytes (11.5%)
(RDMA_READ_CONSUME_CHECK_CONSUMER) timestamp=12043 ms, used_size=4720640 bytes (11.5%)
(RDMA_READ_CONSUME_CHECK_CONSUMER) timestamp=12043 ms, used_size=4718592 bytes (11.5%)
(RDMA_READ_CONSUME_CHECK_CONSUMER) timestamp=12043 ms, used_size=4716544 bytes (11.5%)
(RDMA_READ_CONSUME_CHECK_CONSUMER) timestamp=12043 ms, used_size=4714496 bytes (11.5%)
(RDMA_READ_CONSUME_CHECK_CONSUMER) timestamp=12043 ms, used_size=4712448 bytes (11.5%)
(RDMA_READ_CONSUME_CHECK_CONSUMER) timestamp=12043 ms, used_size=4710400 bytes (11.5%)
(RDMA_READ_CONSUME_CHECK_CONSUMER) timestamp=12043 ms, used_size=4708352 bytes (11.5%)
(RDMA_READ_CONSUME_CHECK_CONSUMER) timestamp=12043 ms, used_size=4706304 bytes (11.5%)
(RDMA_READ_CONSUME_CHECK_CONSUMER) timestamp=12043 ms, used_size=4704256 bytes (11.5%)
(RDMA_READ_CONSUME_CHECK_CONSUMER) timestamp=12043 ms, used_size=4702208 bytes (11.5%)
(RDMA_READ_CONSUME_CHECK_CONSUMER) timestamp=12043 ms, used_size=4700160 bytes (11.5%)
(RDMA_READ_CONSUME_CHECK_CONSUMER) timestamp=12043 ms, used_size=4698112 bytes (11.5%)
(RDMA_READ_CONSUME_CHECK_CONSUMER) timestamp=12043 ms, used_size=4696064 bytes (11.5%)
(RDMA_READ_CONSUME_CHECK_CONSUMER) timestamp=12043 ms, used_size=4694016 bytes (11.5%)
(RDMA_READ_CONSUME_CHECK_CONSUMER) timestamp=12043 ms, used_size=4691968 bytes (11.5%)
(RDMA_READ_CONSUME_CHECK_CONSUMER) timestamp=12043 ms, used_size=4689920 bytes (11.4%)
(RDMA_READ_CONSUME_CHECK_CONSUMER) timestamp=12043 ms, used_size=4687872 bytes (11.4%)
(RDMA_READ_CONSUME_CHECK_CONSUMER) timestamp=12043 ms, used_size=4685824 bytes (11.4%)
(RDMA_READ_CONSUME_CHECK_CONSUMER) timestamp=12043 ms, used_size=4683776 bytes (11.4%)
(RDMA_READ_CONSUME_CHECK_CONSUMER) timestamp=12043 ms, used_size=4681728 bytes (11.4%)
(RDMA_READ_CONSUME_CHECK_CONSUMER) timestamp=12043 ms, used_size=4679680 bytes (11.4%)
(RDMA_READ_CONSUME_CHECK_CONSUMER) timestamp=12043 ms, used_size=4677632 bytes (11.4%)
(RDMA_READ_CONSUME_CHECK_CONSUMER) timestamp=12043 ms, used_size=4675584 bytes (11.4%)
(RDMA_READ_CONSUME_CHECK_CONSUMER) timestamp=12043 ms, used_size=4673536 bytes (11.4%)
(RDMA_READ_CONSUME_CHECK_CONSUMER) timestamp=12043 ms, used_size=4671488 bytes (11.4%)
(RDMA_READ_CONSUME_CHECK_CONSUMER) timestamp=12043 ms, used_size=4669440 bytes (11.4%)
(RDMA_READ_CONSUME_CHECK_CONSUMER) timestamp=12043 ms, used_size=4667392 bytes (11.4%)
(RDMA_READ_CONSUME_CHECK_CONSUMER) timestamp=12043 ms, used_size=4665344 bytes (11.4%)
(RDMA_READ_CONSUME_CHECK_CONSUMER) timestamp=12043 ms, used_size=4663296 bytes (11.4%)
(RDMA_READ_CONSUME_CHECK_CONSUMER) timestamp=12043 ms, used_size=4661248 bytes (11.4%)
(RDMA_READ_CONSUME_CHECK_CONSUMER) timestamp=12043 ms, used_size=4659200 bytes (11.4%)
(RDMA_READ_CONSUME_CHECK_CONSUMER) timestamp=12043 ms, used_size=4657152 bytes (11.4%)
(RDMA_READ_CONSUME_CHECK_CONSUMER) timestamp=12043 ms, used_size=4655104 bytes (11.4%)
(RDMA_READ_CONSUME_CHECK_CONSUMER) timestamp=12043 ms, used_size=4653056 bytes (11.4%)
(RDMA_READ_CONSUME_CHECK_CONSUMER) timestamp=12043 ms, used_size=4651008 bytes (11.4%)
(RDMA_READ_CONSUME_CHECK_CONSUMER) timestamp=12043 ms, used_size=4648960 bytes (11.3%)
(RDMA_READ_CONSUME_CHECK_CONSUMER) timestamp=12043 ms, used_size=4646912 bytes (11.3%)
(RDMA_READ_CONSUME_CHECK_CONSUMER) timestamp=12043 ms, used_size=4644864 bytes (11.3%)
(RDMA_READ_CONSUME_CHECK_CONSUMER) timestamp=12043 ms, used_size=4642816 bytes (11.3%)
(RDMA_READ_CONSUME_CHECK_CONSUMER) timestamp=12043 ms, used_size=4640768 bytes (11.3%)
(RDMA_READ_CONSUME_CHECK_CONSUMER) timestamp=12043 ms, used_size=4638720 bytes (11.3%)
(RDMA_READ_CONSUME_CHECK_CONSUMER) timestamp=12043 ms, used_size=4636672 bytes (11.3%)
(RDMA_READ_CONSUME_CHECK_CONSUMER) timestamp=12043 ms, used_size=4634624 bytes (11.3%)
(RDMA_READ_CONSUME_CHECK_CONSUMER) timestamp=12043 ms, used_size=4632576 bytes (11.3%)
(RDMA_READ_CONSUME_CHECK_CONSUMER) timestamp=12043 ms, used_size=4630528 bytes (11.3%)
(RDMA_READ_CONSUME_CHECK_CONSUMER) timestamp=12043 ms, used_size=4628480 bytes (11.3%)
(RDMA_READ_CONSUME_CHECK_CONSUMER) timestamp=12043 ms, used_size=4626432 bytes (11.3%)
(RDMA_READ_CONSUME_CHECK_CONSUMER) timestamp=12043 ms, used_size=4624384 bytes (11.3%)
(RDMA_READ_CONSUME_CHECK_CONSUMER) timestamp=12043 ms, used_size=4622336 bytes (11.3%)
(RDMA_READ_CONSUME_CHECK_CONSUMER) timestamp=12043 ms, used_size=4620288 bytes (11.3%)
(RDMA_READ_CONSUME_CHECK_CONSUMER) timestamp=12043 ms, used_size=4618240 bytes (11.3%)
(RDMA_READ_CONSUME_CHECK_CONSUMER) timestamp=12043 ms, used_size=4616192 bytes (11.3%)
(RDMA_READ_CONSUME_CHECK_CONSUMER) timestamp=12043 ms, used_size=4614144 bytes (11.3%)
(RDMA_READ_CONSUME_CHECK_CONSUMER) timestamp=12043 ms, used_size=4612096 bytes (11.3%)
(RDMA_READ_CONSUME_CHECK_CONSUMER) timestamp=12043 ms, used_size=4610048 bytes (11.3%)
(RDMA_READ_CONSUME_CHECK_CONSUMER) timestamp=12043 ms, used_size=4608000 bytes (11.2%)
(RDMA_READ_CONSUME_CHECK_CONSUMER) timestamp=12043 ms, used_size=4605952 bytes (11.2%)
(RDMA_READ_CONSUME_CHECK_CONSUMER) timestamp=12043 ms, used_size=4603904 bytes (11.2%)
(RDMA_READ_CONSUME_CHECK_CONSUMER) timestamp=12043 ms, used_size=4601856 bytes (11.2%)
(RDMA_READ_CONSUME_CHECK_CONSUMER) timestamp=12043 ms, used_size=4599808 bytes (11.2%)
(RDMA_READ_CONSUME_CHECK_CONSUMER) timestamp=12043 ms, used_size=4597760 bytes (11.2%)
(RDMA_READ_CONSUME_CHECK_CONSUMER) timestamp=12044 ms, used_size=4595712 bytes (11.2%)
(RDMA_READ_CONSUME_CHECK_CONSUMER) timestamp=12044 ms, used_size=4593664 bytes (11.2%)
(RDMA_READ_CONSUME_CHECK_CONSUMER) timestamp=12044 ms, used_size=4591616 bytes (11.2%)
(RDMA_READ_CONSUME_CHECK_CONSUMER) timestamp=12044 ms, used_size=4589568 bytes (11.2%)
(RDMA_READ_CONSUME_CHECK_CONSUMER) timestamp=12044 ms, used_size=4587520 bytes (11.2%)
(RDMA_READ_CONSUME_CHECK_CONSUMER) timestamp=12044 ms, used_size=4585472 bytes (11.2%)
(RDMA_READ_CONSUME_CHECK_CONSUMER) timestamp=12044 ms, used_size=4583424 bytes (11.2%)
(RDMA_READ_CONSUME_CHECK_CONSUMER) timestamp=12044 ms, used_size=4581376 bytes (11.2%)
(RDMA_READ_CONSUME_CHECK_CONSUMER) timestamp=12044 ms, used_size=4579328 bytes (11.2%)
(RDMA_READ_CONSUME_CHECK_CONSUMER) timestamp=12044 ms, used_size=4577280 bytes (11.2%)
(RDMA_READ_CONSUME_CHECK_CONSUMER) timestamp=12044 ms, used_size=4575232 bytes (11.2%)
(RDMA_READ_CONSUME_CHECK_CONSUMER) timestamp=12044 ms, used_size=4573184 bytes (11.2%)
(RDMA_READ_CONSUME_CHECK_CONSUMER) timestamp=12044 ms, used_size=4571136 bytes (11.2%)
(RDMA_READ_CONSUME_CHECK_CONSUMER) timestamp=12044 ms, used_size=4569088 bytes (11.2%)
(RDMA_READ_CONSUME_CHECK_CONSUMER) timestamp=12044 ms, used_size=4567040 bytes (11.2%)
(RDMA_READ_CONSUME_CHECK_CONSUMER) timestamp=12044 ms, used_size=4564992 bytes (11.1%)
(RDMA_READ_CONSUME_CHECK_CONSUMER) timestamp=12044 ms, used_size=4562944 bytes (11.1%)
(RDMA_READ_CONSUME_CHECK_CONSUMER) timestamp=12044 ms, used_size=4560896 bytes (11.1%)
(RDMA_READ_CONSUME_CHECK_CONSUMER) timestamp=12044 ms, used_size=4558848 bytes (11.1%)
(RDMA_READ_CONSUME_CHECK_CONSUMER) timestamp=12044 ms, used_size=4556800 bytes (11.1%)
(RDMA_READ_CONSUME_CHECK_CONSUMER) timestamp=12044 ms, used_size=4554752 bytes (11.1%)
(RDMA_READ_CONSUME_CHECK_CONSUMER) timestamp=12044 ms, used_size=4552704 bytes (11.1%)
(RDMA_READ_CONSUME_CHECK_CONSUMER) timestamp=12044 ms, used_size=4550656 bytes (11.1%)
(RDMA_READ_CONSUME_CHECK_CONSUMER) timestamp=12044 ms, used_size=4548608 bytes (11.1%)
(RDMA_READ_CONSUME_CHECK_CONSUMER) timestamp=12044 ms, used_size=4546560 bytes (11.1%)
(RDMA_READ_CONSUME_CHECK_CONSUMER) timestamp=12044 ms, used_size=4544512 bytes (11.1%)
(RDMA_READ_CONSUME_CHECK_CONSUMER) timestamp=12044 ms, used_size=4542464 bytes (11.1%)
(RDMA_READ_CONSUME_CHECK_CONSUMER) timestamp=12044 ms, used_size=4540416 bytes (11.1%)
(RDMA_READ_CONSUME_CHECK_CONSUMER) timestamp=12044 ms, used_size=4538368 bytes (11.1%)
(RDMA_READ_CONSUME_CHECK_CONSUMER) timestamp=12044 ms, used_size=4536320 bytes (11.1%)
(RDMA_READ_CONSUME_CHECK_CONSUMER) timestamp=12044 ms, used_size=4534272 bytes (11.1%)
(RDMA_READ_CONSUME_CHECK_CONSUMER) timestamp=12044 ms, used_size=4532224 bytes (11.1%)
(RDMA_READ_CONSUME_CHECK_CONSUMER) timestamp=12044 ms, used_size=4530176 bytes (11.1%)
(RDMA_READ_CONSUME_CHECK_CONSUMER) timestamp=12044 ms, used_size=4528128 bytes (11.1%)
(RDMA_READ_CONSUME_CHECK_CONSUMER) timestamp=12044 ms, used_size=4526080 bytes (11.1%)
(RDMA_READ_CONSUME_CHECK_CONSUMER) timestamp=12044 ms, used_size=4524032 bytes (11.0%)
(RDMA_READ_CONSUME_CHECK_CONSUMER) timestamp=12044 ms, used_size=4521984 bytes (11.0%)
(RDMA_READ_CONSUME_CHECK_CONSUMER) timestamp=12044 ms, used_size=4519936 bytes (11.0%)
(RDMA_READ_CONSUME_CHECK_CONSUMER) timestamp=12044 ms, used_size=4517888 bytes (11.0%)
(RDMA_READ_CONSUME_CHECK_CONSUMER) timestamp=12044 ms, used_size=4515840 bytes (11.0%)
(RDMA_READ_CONSUME_CHECK_CONSUMER) timestamp=12044 ms, used_size=4513792 bytes (11.0%)
(RDMA_READ_CONSUME_CHECK_CONSUMER) timestamp=12044 ms, used_size=4511744 bytes (11.0%)
(RDMA_READ_CONSUME_CHECK_CONSUMER) timestamp=12044 ms, used_size=4509696 bytes (11.0%)
(RDMA_READ_CONSUME_CHECK_CONSUMER) timestamp=12044 ms, used_size=4507648 bytes (11.0%)
(RDMA_READ_CONSUME_CHECK_CONSUMER) timestamp=12044 ms, used_size=4505600 bytes (11.0%)
(RDMA_READ_CONSUME_CHECK_CONSUMER) timestamp=12044 ms, used_size=4503552 bytes (11.0%)
(RDMA_READ_CONSUME_CHECK_CONSUMER) timestamp=12044 ms, used_size=4501504 bytes (11.0%)
(RDMA_READ_CONSUME_CHECK_CONSUMER) timestamp=12044 ms, used_size=4499456 bytes (11.0%)
(RDMA_READ_CONSUME_CHECK_CONSUMER) timestamp=12044 ms, used_size=4497408 bytes (11.0%)
(RDMA_READ_CONSUME_CHECK_CONSUMER) timestamp=12044 ms, used_size=4495360 bytes (11.0%)
(RDMA_READ_CONSUME_CHECK_CONSUMER) timestamp=12044 ms, used_size=4493312 bytes (11.0%)
(RDMA_READ_CONSUME_CHECK_CONSUMER) timestamp=12044 ms, used_size=4491264 bytes (11.0%)
(RDMA_READ_CONSUME_CHECK_CONSUMER) timestamp=12044 ms, used_size=4489216 bytes (11.0%)
(RDMA_READ_CONSUME_CHECK_CONSUMER) timestamp=12044 ms, used_size=4487168 bytes (11.0%)
(RDMA_READ_CONSUME_CHECK_CONSUMER) timestamp=12044 ms, used_size=4485120 bytes (10.9%)
(RDMA_READ_CONSUME_CHECK_CONSUMER) timestamp=12044 ms, used_size=4483072 bytes (10.9%)
(RDMA_READ_CONSUME_CHECK_CONSUMER) timestamp=12044 ms, used_size=4481024 bytes (10.9%)
(RDMA_READ_CONSUME_CHECK_CONSUMER) timestamp=12044 ms, used_size=4478976 bytes (10.9%)
(RDMA_READ_CONSUME_CHECK_CONSUMER) timestamp=12044 ms, used_size=4476928 bytes (10.9%)
(RDMA_READ_CONSUME_CHECK_CONSUMER) timestamp=12044 ms, used_size=4474880 bytes (10.9%)
(RDMA_READ_CONSUME_CHECK_CONSUMER) timestamp=12044 ms, used_size=4472832 bytes (10.9%)
(RDMA_READ_CONSUME_CHECK_CONSUMER) timestamp=12044 ms, used_size=4470784 bytes (10.9%)
(RDMA_READ_CONSUME_CHECK_CONSUMER) timestamp=12044 ms, used_size=4468736 bytes (10.9%)
(RDMA_READ_CONSUME_CHECK_CONSUMER) timestamp=12044 ms, used_size=4466688 bytes (10.9%)
(RDMA_READ_CONSUME_CHECK_CONSUMER) timestamp=12044 ms, used_size=4464640 bytes (10.9%)
(RDMA_READ_CONSUME_CHECK_CONSUMER) timestamp=12044 ms, used_size=4462592 bytes (10.9%)
(RDMA_READ_CONSUME_CHECK_CONSUMER) timestamp=12044 ms, used_size=4460544 bytes (10.9%)
(RDMA_READ_CONSUME_CHECK_CONSUMER) timestamp=12044 ms, used_size=4458496 bytes (10.9%)
(RDMA_READ_CONSUME_CHECK_CONSUMER) timestamp=12044 ms, used_size=4456448 bytes (10.9%)
(RDMA_READ_CONSUME_CHECK_CONSUMER) timestamp=12044 ms, used_size=4454400 bytes (10.9%)
(RDMA_READ_CONSUME_CHECK_CONSUMER) timestamp=12044 ms, used_size=4452352 bytes (10.9%)
(RDMA_READ_CONSUME_CHECK_CONSUMER) timestamp=12044 ms, used_size=4450304 bytes (10.9%)
(RDMA_READ_CONSUME_CHECK_CONSUMER) timestamp=12044 ms, used_size=4448256 bytes (10.9%)
(RDMA_READ_CONSUME_CHECK_CONSUMER) timestamp=12044 ms, used_size=4446208 bytes (10.9%)
(RDMA_READ_CONSUME_CHECK_CONSUMER) timestamp=12044 ms, used_size=4444160 bytes (10.8%)
(RDMA_READ_CONSUME_CHECK_CONSUMER) timestamp=12044 ms, used_size=4442112 bytes (10.8%)
(RDMA_READ_CONSUME_CHECK_CONSUMER) timestamp=12044 ms, used_size=4440064 bytes (10.8%)
(RDMA_READ_CONSUME_CHECK_CONSUMER) timestamp=12044 ms, used_size=4438016 bytes (10.8%)
(RDMA_READ_CONSUME_CHECK_CONSUMER) timestamp=12044 ms, used_size=4435968 bytes (10.8%)
(RDMA_READ_CONSUME_CHECK_CONSUMER) timestamp=12044 ms, used_size=4433920 bytes (10.8%)
(RDMA_READ_CONSUME_CHECK_CONSUMER) timestamp=12044 ms, used_size=4431872 bytes (10.8%)
(RDMA_READ_CONSUME_CHECK_CONSUMER) timestamp=12044 ms, used_size=4429824 bytes (10.8%)
(RDMA_READ_CONSUME_CHECK_CONSUMER) timestamp=12044 ms, used_size=4427776 bytes (10.8%)
(RDMA_READ_CONSUME_CHECK_CONSUMER) timestamp=12044 ms, used_size=4425728 bytes (10.8%)
(RDMA_READ_CONSUME_CHECK_CONSUMER) timestamp=12044 ms, used_size=4423680 bytes (10.8%)
(RDMA_READ_CONSUME_CHECK_CONSUMER) timestamp=12044 ms, used_size=4421632 bytes (10.8%)
(RDMA_READ_CONSUME_CHECK_CONSUMER) timestamp=12044 ms, used_size=4419584 bytes (10.8%)
(RDMA_READ_CONSUME_CHECK_CONSUMER) timestamp=12044 ms, used_size=4417536 bytes (10.8%)
(RDMA_READ_CONSUME_CHECK_CONSUMER) timestamp=12044 ms, used_size=4415488 bytes (10.8%)
(RDMA_READ_CONSUME_CHECK_CONSUMER) timestamp=12044 ms, used_size=4413440 bytes (10.8%)
(RDMA_READ_CONSUME_CHECK_CONSUMER) timestamp=12044 ms, used_size=4411392 bytes (10.8%)
(RDMA_READ_CONSUME_CHECK_CONSUMER) timestamp=12044 ms, used_size=4409344 bytes (10.8%)
(RDMA_READ_CONSUME_CHECK_CONSUMER) timestamp=12044 ms, used_size=4407296 bytes (10.8%)
(RDMA_READ_CONSUME_CHECK_CONSUMER) timestamp=12044 ms, used_size=4405248 bytes (10.8%)
(RDMA_READ_CONSUME_CHECK_CONSUMER) timestamp=12044 ms, used_size=4403200 bytes (10.8%)
(RDMA_READ_CONSUME_CHECK_CONSUMER) timestamp=12044 ms, used_size=4401152 bytes (10.7%)
(RDMA_READ_CONSUME_CHECK_CONSUMER) timestamp=12044 ms, used_size=4399104 bytes (10.7%)
(RDMA_READ_CONSUME_CHECK_CONSUMER) timestamp=12044 ms, used_size=4397056 bytes (10.7%)
(RDMA_READ_CONSUME_CHECK_CONSUMER) timestamp=12044 ms, used_size=4395008 bytes (10.7%)
(RDMA_READ_CONSUME_CHECK_CONSUMER) timestamp=12044 ms, used_size=4392960 bytes (10.7%)
(RDMA_READ_CONSUME_CHECK_CONSUMER) timestamp=12044 ms, used_size=4390912 bytes (10.7%)
(RDMA_READ_CONSUME_CHECK_CONSUMER) timestamp=12044 ms, used_size=4388864 bytes (10.7%)
(RDMA_READ_CONSUME_CHECK_CONSUMER) timestamp=12044 ms, used_size=4386816 bytes (10.7%)
(RDMA_READ_CONSUME_CHECK_CONSUMER) timestamp=12044 ms, used_size=4384768 bytes (10.7%)
(RDMA_READ_CONSUME_CHECK_CONSUMER) timestamp=12044 ms, used_size=4382720 bytes (10.7%)
(RDMA_READ_CONSUME_CHECK_CONSUMER) timestamp=12044 ms, used_size=4380672 bytes (10.7%)
(RDMA_READ_CONSUME_CHECK_CONSUMER) timestamp=12044 ms, used_size=4378624 bytes (10.7%)
(RDMA_READ_CONSUME_CHECK_CONSUMER) timestamp=12044 ms, used_size=4376576 bytes (10.7%)
(RDMA_READ_CONSUME_CHECK_CONSUMER) timestamp=12044 ms, used_size=4374528 bytes (10.7%)
(RDMA_READ_CONSUME_CHECK_CONSUMER) timestamp=12044 ms, used_size=4372480 bytes (10.7%)
(RDMA_READ_CONSUME_CHECK_CONSUMER) timestamp=12044 ms, used_size=4370432 bytes (10.7%)
(RDMA_READ_CONSUME_CHECK_CONSUMER) timestamp=12044 ms, used_size=4368384 bytes (10.7%)
(RDMA_READ_CONSUME_CHECK_CONSUMER) timestamp=12044 ms, used_size=4366336 bytes (10.7%)
(RDMA_READ_CONSUME_CHECK_CONSUMER) timestamp=12044 ms, used_size=4364288 bytes (10.7%)
(RDMA_READ_CONSUME_CHECK_CONSUMER) timestamp=12044 ms, used_size=4362240 bytes (10.7%)
(RDMA_READ_CONSUME_CHECK_CONSUMER) timestamp=12044 ms, used_size=4360192 bytes (10.6%)
(RDMA_READ_CONSUME_CHECK_CONSUMER) timestamp=12044 ms, used_size=4358144 bytes (10.6%)
(RDMA_READ_CONSUME_CHECK_CONSUMER) timestamp=12044 ms, used_size=4356096 bytes (10.6%)
(RDMA_READ_CONSUME_CHECK_CONSUMER) timestamp=12044 ms, used_size=4354048 bytes (10.6%)
(RDMA_READ_CONSUME_CHECK_CONSUMER) timestamp=12044 ms, used_size=4352000 bytes (10.6%)
(RDMA_READ_CONSUME_CHECK_CONSUMER) timestamp=12044 ms, used_size=4349952 bytes (10.6%)
(RDMA_READ_CONSUME_CHECK_CONSUMER) timestamp=12044 ms, used_size=4347904 bytes (10.6%)
(RDMA_READ_CONSUME_CHECK_CONSUMER) timestamp=12044 ms, used_size=4345856 bytes (10.6%)
(RDMA_READ_CONSUME_CHECK_CONSUMER) timestamp=12044 ms, used_size=4343808 bytes (10.6%)
(RDMA_READ_CONSUME_CHECK_CONSUMER) timestamp=12044 ms, used_size=4341760 bytes (10.6%)
(RDMA_READ_CONSUME_CHECK_CONSUMER) timestamp=12044 ms, used_size=4339712 bytes (10.6%)
(RDMA_READ_CONSUME_CHECK_CONSUMER) timestamp=12044 ms, used_size=4337664 bytes (10.6%)
(RDMA_READ_CONSUME_CHECK_CONSUMER) timestamp=12044 ms, used_size=4335616 bytes (10.6%)
(RDMA_READ_CONSUME_CHECK_CONSUMER) timestamp=12044 ms, used_size=4333568 bytes (10.6%)
(RDMA_READ_CONSUME_CHECK_CONSUMER) timestamp=12044 ms, used_size=4331520 bytes (10.6%)
(RDMA_READ_CONSUME_CHECK_CONSUMER) timestamp=12044 ms, used_size=4329472 bytes (10.6%)
(RDMA_READ_CONSUME_CHECK_CONSUMER) timestamp=12044 ms, used_size=4327424 bytes (10.6%)
(RDMA_READ_CONSUME_CHECK_CONSUMER) timestamp=12044 ms, used_size=4325376 bytes (10.6%)
(RDMA_READ_CONSUME_CHECK_CONSUMER) timestamp=12044 ms, used_size=4323328 bytes (10.6%)
(RDMA_READ_CONSUME_CHECK_CONSUMER) timestamp=12044 ms, used_size=4321280 bytes (10.6%)
(RDMA_READ_CONSUME_CHECK_CONSUMER) timestamp=12044 ms, used_size=4319232 bytes (10.5%)
(RDMA_READ_CONSUME_CHECK_CONSUMER) timestamp=12044 ms, used_size=4317184 bytes (10.5%)
(RDMA_READ_CONSUME_CHECK_CONSUMER) timestamp=12044 ms, used_size=4315136 bytes (10.5%)
(RDMA_READ_CONSUME_CHECK_CONSUMER) timestamp=12044 ms, used_size=4313088 bytes (10.5%)
(RDMA_READ_CONSUME_CHECK_CONSUMER) timestamp=12044 ms, used_size=4311040 bytes (10.5%)
(RDMA_READ_CONSUME_CHECK_CONSUMER) timestamp=12044 ms, used_size=4308992 bytes (10.5%)
(RDMA_READ_CONSUME_CHECK_CONSUMER) timestamp=12044 ms, used_size=4306944 bytes (10.5%)
(RDMA_READ_CONSUME_CHECK_CONSUMER) timestamp=12044 ms, used_size=4304896 bytes (10.5%)
(RDMA_READ_CONSUME_CHECK_CONSUMER) timestamp=12044 ms, used_size=4302848 bytes (10.5%)
(RDMA_READ_CONSUME_CHECK_CONSUMER) timestamp=12044 ms, used_size=4300800 bytes (10.5%)
(RDMA_READ_CONSUME_CHECK_CONSUMER) timestamp=12044 ms, used_size=4298752 bytes (10.5%)
(RDMA_READ_CONSUME_CHECK_CONSUMER) timestamp=12044 ms, used_size=4296704 bytes (10.5%)
(RDMA_READ_CONSUME_CHECK_CONSUMER) timestamp=12044 ms, used_size=4294656 bytes (10.5%)
(RDMA_READ_CONSUME_CHECK_CONSUMER) timestamp=12044 ms, used_size=4292608 bytes (10.5%)
(RDMA_READ_CONSUME_CHECK_CONSUMER) timestamp=12044 ms, used_size=4290560 bytes (10.5%)
(RDMA_READ_CONSUME_CHECK_CONSUMER) timestamp=12044 ms, used_size=4288512 bytes (10.5%)
(RDMA_READ_CONSUME_CHECK_CONSUMER) timestamp=12044 ms, used_size=4286464 bytes (10.5%)
(RDMA_READ_CONSUME_CHECK_CONSUMER) timestamp=12044 ms, used_size=4284416 bytes (10.5%)
(RDMA_READ_CONSUME_CHECK_CONSUMER) timestamp=12044 ms, used_size=4282368 bytes (10.5%)
(RDMA_READ_CONSUME_CHECK_CONSUMER) timestamp=12044 ms, used_size=4280320 bytes (10.4%)
(RDMA_READ_CONSUME_CHECK_CONSUMER) timestamp=12044 ms, used_size=4278272 bytes (10.4%)
(RDMA_READ_CONSUME_CHECK_CONSUMER) timestamp=12044 ms, used_size=4276224 bytes (10.4%)
(RDMA_READ_CONSUME_CHECK_CONSUMER) timestamp=12044 ms, used_size=4274176 bytes (10.4%)
(RDMA_READ_CONSUME_CHECK_CONSUMER) timestamp=12044 ms, used_size=4272128 bytes (10.4%)
(RDMA_READ_CONSUME_CHECK_CONSUMER) timestamp=12044 ms, used_size=4270080 bytes (10.4%)
(RDMA_READ_CONSUME_CHECK_CONSUMER) timestamp=12044 ms, used_size=4268032 bytes (10.4%)
(RDMA_READ_CONSUME_CHECK_CONSUMER) timestamp=12044 ms, used_size=4265984 bytes (10.4%)
(RDMA_READ_CONSUME_CHECK_CONSUMER) timestamp=12044 ms, used_size=4263936 bytes (10.4%)
(RDMA_READ_CONSUME_CHECK_CONSUMER) timestamp=12044 ms, used_size=4261888 bytes (10.4%)
(RDMA_READ_CONSUME_CHECK_CONSUMER) timestamp=12044 ms, used_size=4259840 bytes (10.4%)
(RDMA_READ_CONSUME_CHECK_CONSUMER) timestamp=12044 ms, used_size=4257792 bytes (10.4%)
(RDMA_READ_CONSUME_CHECK_CONSUMER) timestamp=12044 ms, used_size=4255744 bytes (10.4%)
(RDMA_READ_CONSUME_CHECK_CONSUMER) timestamp=12044 ms, used_size=4253696 bytes (10.4%)
(RDMA_READ_CONSUME_CHECK_CONSUMER) timestamp=12044 ms, used_size=4251648 bytes (10.4%)
(RDMA_READ_CONSUME_CHECK_CONSUMER) timestamp=12045 ms, used_size=4249600 bytes (10.4%)
(RDMA_READ_CONSUME_CHECK_CONSUMER) timestamp=12045 ms, used_size=4247552 bytes (10.4%)
(RDMA_READ_CONSUME_CHECK_CONSUMER) timestamp=12045 ms, used_size=4245504 bytes (10.4%)
(RDMA_READ_CONSUME_CHECK_CONSUMER) timestamp=12045 ms, used_size=4243456 bytes (10.4%)
(RDMA_READ_CONSUME_CHECK_CONSUMER) timestamp=12045 ms, used_size=4241408 bytes (10.4%)
(RDMA_READ_CONSUME_CHECK_CONSUMER) timestamp=12045 ms, used_size=4239360 bytes (10.3%)
(RDMA_READ_CONSUME_CHECK_CONSUMER) timestamp=12045 ms, used_size=4237312 bytes (10.3%)
(RDMA_READ_CONSUME_CHECK_CONSUMER) timestamp=12045 ms, used_size=4235264 bytes (10.3%)
(RDMA_READ_CONSUME_CHECK_CONSUMER) timestamp=12045 ms, used_size=4233216 bytes (10.3%)
(RDMA_READ_CONSUME_CHECK_CONSUMER) timestamp=12045 ms, used_size=4231168 bytes (10.3%)
(RDMA_READ_CONSUME_CHECK_CONSUMER) timestamp=12045 ms, used_size=4229120 bytes (10.3%)
(RDMA_READ_CONSUME_CHECK_CONSUMER) timestamp=12045 ms, used_size=4227072 bytes (10.3%)
(RDMA_READ_CONSUME_CHECK_CONSUMER) timestamp=12045 ms, used_size=4225024 bytes (10.3%)
(RDMA_READ_CONSUME_CHECK_CONSUMER) timestamp=12045 ms, used_size=4222976 bytes (10.3%)
(RDMA_READ_CONSUME_CHECK_CONSUMER) timestamp=12045 ms, used_size=4220928 bytes (10.3%)
(RDMA_READ_CONSUME_CHECK_CONSUMER) timestamp=12045 ms, used_size=4218880 bytes (10.3%)
(RDMA_READ_CONSUME_CHECK_CONSUMER) timestamp=12045 ms, used_size=4216832 bytes (10.3%)
(RDMA_READ_CONSUME_CHECK_CONSUMER) timestamp=12045 ms, used_size=4214784 bytes (10.3%)
(RDMA_READ_CONSUME_CHECK_CONSUMER) timestamp=12045 ms, used_size=4212736 bytes (10.3%)
(RDMA_READ_CONSUME_CHECK_CONSUMER) timestamp=12045 ms, used_size=4210688 bytes (10.3%)
(RDMA_READ_CONSUME_CHECK_CONSUMER) timestamp=12045 ms, used_size=4208640 bytes (10.3%)
(RDMA_READ_CONSUME_CHECK_CONSUMER) timestamp=12045 ms, used_size=4206592 bytes (10.3%)
(RDMA_READ_CONSUME_CHECK_CONSUMER) timestamp=12045 ms, used_size=4204544 bytes (10.3%)
(RDMA_READ_CONSUME_CHECK_CONSUMER) timestamp=12045 ms, used_size=4202496 bytes (10.3%)
(RDMA_READ_CONSUME_CHECK_CONSUMER) timestamp=12045 ms, used_size=4200448 bytes (10.3%)
(RDMA_READ_CONSUME_CHECK_CONSUMER) timestamp=12045 ms, used_size=4198400 bytes (10.2%)
(RDMA_READ_CONSUME_CHECK_CONSUMER) timestamp=12045 ms, used_size=4196352 bytes (10.2%)
(RDMA_READ_CONSUME_CHECK_CONSUMER) timestamp=12045 ms, used_size=4194304 bytes (10.2%)
(RDMA_READ_CONSUME_CHECK_CONSUMER) timestamp=12045 ms, used_size=4192256 bytes (10.2%)
(RDMA_READ_CONSUME_CHECK_CONSUMER) timestamp=12045 ms, used_size=4190208 bytes (10.2%)
(RDMA_READ_CONSUME_CHECK_CONSUMER) timestamp=12045 ms, used_size=4188160 bytes (10.2%)
(RDMA_READ_CONSUME_CHECK_CONSUMER) timestamp=12045 ms, used_size=4186112 bytes (10.2%)
(RDMA_READ_CONSUME_CHECK_CONSUMER) timestamp=12045 ms, used_size=4184064 bytes (10.2%)
(RDMA_READ_CONSUME_CHECK_CONSUMER) timestamp=12045 ms, used_size=4182016 bytes (10.2%)
(RDMA_READ_CONSUME_CHECK_CONSUMER) timestamp=12045 ms, used_size=4179968 bytes (10.2%)
(RDMA_READ_CONSUME_CHECK_CONSUMER) timestamp=12045 ms, used_size=4177920 bytes (10.2%)
(RDMA_READ_CONSUME_CHECK_CONSUMER) timestamp=12045 ms, used_size=4175872 bytes (10.2%)
(RDMA_READ_CONSUME_CHECK_CONSUMER) timestamp=12045 ms, used_size=4173824 bytes (10.2%)
(RDMA_READ_CONSUME_CHECK_CONSUMER) timestamp=12045 ms, used_size=4171776 bytes (10.2%)
(RDMA_READ_CONSUME_CHECK_CONSUMER) timestamp=12045 ms, used_size=4169728 bytes (10.2%)
(RDMA_READ_CONSUME_CHECK_CONSUMER) timestamp=12045 ms, used_size=4167680 bytes (10.2%)
(RDMA_READ_CONSUME_CHECK_CONSUMER) timestamp=12045 ms, used_size=4165632 bytes (10.2%)
(RDMA_READ_CONSUME_CHECK_CONSUMER) timestamp=12045 ms, used_size=4163584 bytes (10.2%)
(RDMA_READ_CONSUME_CHECK_CONSUMER) timestamp=12045 ms, used_size=4161536 bytes (10.2%)
(RDMA_READ_CONSUME_CHECK_CONSUMER) timestamp=12045 ms, used_size=4159488 bytes (10.2%)
(RDMA_READ_CONSUME_CHECK_CONSUMER) timestamp=12045 ms, used_size=4157440 bytes (10.2%)
(RDMA_READ_CONSUME_CHECK_CONSUMER) timestamp=12045 ms, used_size=4155392 bytes (10.1%)
(RDMA_READ_CONSUME_CHECK_CONSUMER) timestamp=12045 ms, used_size=4153344 bytes (10.1%)
(RDMA_READ_CONSUME_CHECK_CONSUMER) timestamp=12045 ms, used_size=4151296 bytes (10.1%)
(RDMA_READ_CONSUME_CHECK_CONSUMER) timestamp=12045 ms, used_size=4149248 bytes (10.1%)
(RDMA_READ_CONSUME_CHECK_CONSUMER) timestamp=12045 ms, used_size=4147200 bytes (10.1%)
(RDMA_READ_CONSUME_CHECK_CONSUMER) timestamp=12045 ms, used_size=4145152 bytes (10.1%)
(RDMA_READ_CONSUME_CHECK_CONSUMER) timestamp=12045 ms, used_size=4143104 bytes (10.1%)
(RDMA_READ_CONSUME_CHECK_CONSUMER) timestamp=12045 ms, used_size=4141056 bytes (10.1%)
(RDMA_READ_CONSUME_CHECK_CONSUMER) timestamp=12045 ms, used_size=4139008 bytes (10.1%)
(RDMA_READ_CONSUME_CHECK_CONSUMER) timestamp=12045 ms, used_size=4136960 bytes (10.1%)
(RDMA_READ_CONSUME_CHECK_CONSUMER) timestamp=12045 ms, used_size=4134912 bytes (10.1%)
(RDMA_READ_CONSUME_CHECK_CONSUMER) timestamp=12045 ms, used_size=4132864 bytes (10.1%)
(RDMA_READ_CONSUME_CHECK_CONSUMER) timestamp=12045 ms, used_size=4130816 bytes (10.1%)
(RDMA_READ_CONSUME_CHECK_CONSUMER) timestamp=12045 ms, used_size=4128768 bytes (10.1%)
(RDMA_READ_CONSUME_CHECK_CONSUMER) timestamp=12045 ms, used_size=4126720 bytes (10.1%)
(RDMA_READ_CONSUME_CHECK_CONSUMER) timestamp=12045 ms, used_size=4124672 bytes (10.1%)
(RDMA_READ_CONSUME_CHECK_CONSUMER) timestamp=12045 ms, used_size=4122624 bytes (10.1%)
(RDMA_READ_CONSUME_CHECK_CONSUMER) timestamp=12045 ms, used_size=4120576 bytes (10.1%)
(RDMA_READ_CONSUME_CHECK_CONSUMER) timestamp=12045 ms, used_size=4118528 bytes (10.1%)
(RDMA_READ_CONSUME_CHECK_CONSUMER) timestamp=12045 ms, used_size=4116480 bytes (10.1%)
(RDMA_READ_CONSUME_CHECK_CONSUMER) timestamp=12045 ms, used_size=4114432 bytes (10.0%)
(RDMA_READ_CONSUME_CHECK_CONSUMER) timestamp=12045 ms, used_size=4112384 bytes (10.0%)
(RDMA_READ_CONSUME_CHECK_CONSUMER) timestamp=12045 ms, used_size=4110336 bytes (10.0%)
(RDMA_READ_CONSUME_CHECK_CONSUMER) timestamp=12045 ms, used_size=4108288 bytes (10.0%)
(RDMA_READ_CONSUME_CHECK_CONSUMER) timestamp=12045 ms, used_size=4106240 bytes (10.0%)
(RDMA_READ_CONSUME_CHECK_CONSUMER) timestamp=12045 ms, used_size=4104192 bytes (10.0%)
(RDMA_READ_CONSUME_CHECK_CONSUMER) timestamp=12045 ms, used_size=4102144 bytes (10.0%)
(RDMA_READ_CONSUME_CHECK_CONSUMER) timestamp=12045 ms, used_size=4100096 bytes (10.0%)
(RDMA_READ_CONSUME_CHECK_CONSUMER) timestamp=12045 ms, used_size=4098048 bytes (10.0%)
(RDMA_READ_CONSUME_CHECK_CONSUMER) timestamp=12045 ms, used_size=4096000 bytes (10.0%)
(RDMA_READ_CONSUME_CHECK_CONSUMER) timestamp=12045 ms, used_size=4093952 bytes (10.0%)
(RDMA_READ_CONSUME_CHECK_CONSUMER) timestamp=12045 ms, used_size=4091904 bytes (10.0%)
(RDMA_READ_CONSUME_CHECK_CONSUMER) timestamp=12045 ms, used_size=4089856 bytes (10.0%)
(RDMA_READ_CONSUME_CHECK_CONSUMER) timestamp=12045 ms, used_size=4087808 bytes (10.0%)
(RDMA_READ_CONSUME_CHECK_CONSUMER) timestamp=12045 ms, used_size=4085760 bytes (10.0%)
(RDMA_READ_CONSUME_CHECK_CONSUMER) timestamp=12045 ms, used_size=4083712 bytes (10.0%)
(RDMA_READ_CONSUME_CHECK_CONSUMER) timestamp=12045 ms, used_size=4081664 bytes (10.0%)
(RDMA_READ_CONSUME_CHECK_CONSUMER) timestamp=12045 ms, used_size=4079616 bytes (10.0%)
(RDMA_READ_CONSUME_CHECK_CONSUMER) timestamp=12045 ms, used_size=4077568 bytes (10.0%)
(RDMA_READ_CONSUME_CHECK_CONSUMER) timestamp=12045 ms, used_size=4075520 bytes (9.9%)
(RDMA_READ_CONSUME_CHECK_CONSUMER) timestamp=12045 ms, used_size=4073472 bytes (9.9%)
(RDMA_READ_CONSUME_CHECK_CONSUMER) timestamp=12045 ms, used_size=4071424 bytes (9.9%)
(RDMA_READ_CONSUME_CHECK_CONSUMER) timestamp=12045 ms, used_size=4069376 bytes (9.9%)
(RDMA_READ_CONSUME_CHECK_CONSUMER) timestamp=12045 ms, used_size=4067328 bytes (9.9%)
(RDMA_READ_CONSUME_CHECK_CONSUMER) timestamp=12045 ms, used_size=4065280 bytes (9.9%)
(RDMA_READ_CONSUME_CHECK_CONSUMER) timestamp=12045 ms, used_size=4063232 bytes (9.9%)
(RDMA_READ_CONSUME_CHECK_CONSUMER) timestamp=12045 ms, used_size=4061184 bytes (9.9%)
(RDMA_READ_CONSUME_CHECK_CONSUMER) timestamp=12045 ms, used_size=4059136 bytes (9.9%)
(RDMA_READ_CONSUME_CHECK_CONSUMER) timestamp=12045 ms, used_size=4057088 bytes (9.9%)
(RDMA_READ_CONSUME_CHECK_CONSUMER) timestamp=12045 ms, used_size=4055040 bytes (9.9%)
(RDMA_READ_CONSUME_CHECK_CONSUMER) timestamp=12045 ms, used_size=4052992 bytes (9.9%)
(RDMA_READ_CONSUME_CHECK_CONSUMER) timestamp=12045 ms, used_size=4050944 bytes (9.9%)
(RDMA_READ_CONSUME_CHECK_CONSUMER) timestamp=12045 ms, used_size=4048896 bytes (9.9%)
(RDMA_READ_CONSUME_CHECK_CONSUMER) timestamp=12045 ms, used_size=4046848 bytes (9.9%)
(RDMA_READ_CONSUME_CHECK_CONSUMER) timestamp=12045 ms, used_size=4044800 bytes (9.9%)
(RDMA_READ_CONSUME_CHECK_CONSUMER) timestamp=12045 ms, used_size=4042752 bytes (9.9%)
(RDMA_READ_CONSUME_CHECK_CONSUMER) timestamp=12045 ms, used_size=4040704 bytes (9.9%)
(RDMA_READ_CONSUME_CHECK_CONSUMER) timestamp=12045 ms, used_size=4038656 bytes (9.9%)
(RDMA_READ_CONSUME_CHECK_CONSUMER) timestamp=12045 ms, used_size=4036608 bytes (9.9%)
(RDMA_READ_CONSUME_CHECK_CONSUMER) timestamp=12045 ms, used_size=4034560 bytes (9.8%)
(RDMA_READ_CONSUME_CHECK_CONSUMER) timestamp=12045 ms, used_size=4032512 bytes (9.8%)
(RDMA_READ_CONSUME_CHECK_CONSUMER) timestamp=12045 ms, used_size=4030464 bytes (9.8%)
(RDMA_READ_CONSUME_CHECK_CONSUMER) timestamp=12045 ms, used_size=4028416 bytes (9.8%)
(RDMA_READ_CONSUME_CHECK_CONSUMER) timestamp=12045 ms, used_size=4026368 bytes (9.8%)
(RDMA_READ_CONSUME_CHECK_CONSUMER) timestamp=12045 ms, used_size=4024320 bytes (9.8%)
(RDMA_READ_CONSUME_CHECK_CONSUMER) timestamp=12045 ms, used_size=4022272 bytes (9.8%)
(RDMA_READ_CONSUME_CHECK_CONSUMER) timestamp=12045 ms, used_size=4020224 bytes (9.8%)
(RDMA_READ_CONSUME_CHECK_CONSUMER) timestamp=12045 ms, used_size=4018176 bytes (9.8%)
(RDMA_READ_CONSUME_CHECK_CONSUMER) timestamp=12045 ms, used_size=4016128 bytes (9.8%)
(RDMA_READ_CONSUME_CHECK_CONSUMER) timestamp=12045 ms, used_size=4014080 bytes (9.8%)
(RDMA_READ_CONSUME_CHECK_CONSUMER) timestamp=12045 ms, used_size=4012032 bytes (9.8%)
(RDMA_READ_CONSUME_CHECK_CONSUMER) timestamp=12045 ms, used_size=4009984 bytes (9.8%)
(RDMA_READ_CONSUME_CHECK_CONSUMER) timestamp=12045 ms, used_size=4007936 bytes (9.8%)
(RDMA_READ_CONSUME_CHECK_CONSUMER) timestamp=12045 ms, used_size=4005888 bytes (9.8%)
(RDMA_READ_CONSUME_CHECK_CONSUMER) timestamp=12045 ms, used_size=4003840 bytes (9.8%)
(RDMA_READ_CONSUME_CHECK_CONSUMER) timestamp=12045 ms, used_size=4001792 bytes (9.8%)
(RDMA_READ_CONSUME_CHECK_CONSUMER) timestamp=12045 ms, used_size=3999744 bytes (9.8%)
(RDMA_READ_CONSUME_CHECK_CONSUMER) timestamp=12045 ms, used_size=3997696 bytes (9.8%)
(RDMA_READ_CONSUME_CHECK_CONSUMER) timestamp=12045 ms, used_size=3995648 bytes (9.8%)
(RDMA_READ_CONSUME_CHECK_CONSUMER) timestamp=12045 ms, used_size=3993600 bytes (9.8%)
(RDMA_READ_CONSUME_CHECK_CONSUMER) timestamp=12045 ms, used_size=3991552 bytes (9.7%)
(RDMA_READ_CONSUME_CHECK_CONSUMER) timestamp=12045 ms, used_size=3989504 bytes (9.7%)
(RDMA_READ_CONSUME_CHECK_CONSUMER) timestamp=12045 ms, used_size=3987456 bytes (9.7%)
(RDMA_READ_CONSUME_CHECK_CONSUMER) timestamp=12045 ms, used_size=3985408 bytes (9.7%)
(RDMA_READ_CONSUME_CHECK_CONSUMER) timestamp=12045 ms, used_size=3983360 bytes (9.7%)
(RDMA_READ_CONSUME_CHECK_CONSUMER) timestamp=12045 ms, used_size=3981312 bytes (9.7%)
(RDMA_READ_CONSUME_CHECK_CONSUMER) timestamp=12045 ms, used_size=3979264 bytes (9.7%)
(RDMA_READ_CONSUME_CHECK_CONSUMER) timestamp=12045 ms, used_size=3977216 bytes (9.7%)
(RDMA_READ_CONSUME_CHECK_CONSUMER) timestamp=12045 ms, used_size=3975168 bytes (9.7%)
(RDMA_READ_CONSUME_CHECK_CONSUMER) timestamp=12045 ms, used_size=3973120 bytes (9.7%)
(RDMA_READ_CONSUME_CHECK_CONSUMER) timestamp=12045 ms, used_size=3971072 bytes (9.7%)
(RDMA_READ_CONSUME_CHECK_CONSUMER) timestamp=12045 ms, used_size=3969024 bytes (9.7%)
(RDMA_READ_CONSUME_CHECK_CONSUMER) timestamp=12045 ms, used_size=3966976 bytes (9.7%)
(RDMA_READ_CONSUME_CHECK_CONSUMER) timestamp=12045 ms, used_size=3964928 bytes (9.7%)
(RDMA_READ_CONSUME_CHECK_CONSUMER) timestamp=12045 ms, used_size=3962880 bytes (9.7%)
(RDMA_READ_CONSUME_CHECK_CONSUMER) timestamp=12045 ms, used_size=3960832 bytes (9.7%)
(RDMA_READ_CONSUME_CHECK_CONSUMER) timestamp=12045 ms, used_size=3958784 bytes (9.7%)
(RDMA_READ_CONSUME_CHECK_CONSUMER) timestamp=12045 ms, used_size=3956736 bytes (9.7%)
(RDMA_READ_CONSUME_CHECK_CONSUMER) timestamp=12045 ms, used_size=3954688 bytes (9.7%)
(RDMA_READ_CONSUME_CHECK_CONSUMER) timestamp=12045 ms, used_size=3952640 bytes (9.7%)
(RDMA_READ_CONSUME_CHECK_CONSUMER) timestamp=12045 ms, used_size=3950592 bytes (9.6%)
(RDMA_READ_CONSUME_CHECK_CONSUMER) timestamp=12045 ms, used_size=3948544 bytes (9.6%)
(RDMA_READ_CONSUME_CHECK_CONSUMER) timestamp=12045 ms, used_size=3946496 bytes (9.6%)
(RDMA_READ_CONSUME_CHECK_CONSUMER) timestamp=12045 ms, used_size=3944448 bytes (9.6%)
(RDMA_READ_CONSUME_CHECK_CONSUMER) timestamp=12045 ms, used_size=3942400 bytes (9.6%)
(RDMA_READ_CONSUME_CHECK_CONSUMER) timestamp=12045 ms, used_size=3940352 bytes (9.6%)
(RDMA_READ_CONSUME_CHECK_CONSUMER) timestamp=12045 ms, used_size=3938304 bytes (9.6%)
(RDMA_READ_CONSUME_CHECK_CONSUMER) timestamp=12045 ms, used_size=3936256 bytes (9.6%)
(RDMA_READ_CONSUME_CHECK_CONSUMER) timestamp=12045 ms, used_size=3934208 bytes (9.6%)
(RDMA_READ_CONSUME_CHECK_CONSUMER) timestamp=12045 ms, used_size=3932160 bytes (9.6%)
(RDMA_READ_CONSUME_CHECK_CONSUMER) timestamp=12045 ms, used_size=3930112 bytes (9.6%)
(RDMA_READ_CONSUME_CHECK_CONSUMER) timestamp=12045 ms, used_size=3928064 bytes (9.6%)
(RDMA_READ_CONSUME_CHECK_CONSUMER) timestamp=12045 ms, used_size=3926016 bytes (9.6%)
(RDMA_READ_CONSUME_CHECK_CONSUMER) timestamp=12045 ms, used_size=3923968 bytes (9.6%)
(RDMA_READ_CONSUME_CHECK_CONSUMER) timestamp=12045 ms, used_size=3921920 bytes (9.6%)
(RDMA_READ_CONSUME_CHECK_CONSUMER) timestamp=12045 ms, used_size=3919872 bytes (9.6%)
(RDMA_READ_CONSUME_CHECK_CONSUMER) timestamp=12045 ms, used_size=3917824 bytes (9.6%)
(RDMA_READ_CONSUME_CHECK_CONSUMER) timestamp=12045 ms, used_size=3915776 bytes (9.6%)
(RDMA_READ_CONSUME_CHECK_CONSUMER) timestamp=12045 ms, used_size=3913728 bytes (9.6%)
(RDMA_READ_CONSUME_CHECK_CONSUMER) timestamp=12045 ms, used_size=3911680 bytes (9.6%)
(RDMA_READ_CONSUME_CHECK_CONSUMER) timestamp=12045 ms, used_size=3909632 bytes (9.5%)
(RDMA_READ_CONSUME_CHECK_CONSUMER) timestamp=12045 ms, used_size=3907584 bytes (9.5%)
(RDMA_READ_CONSUME_CHECK_CONSUMER) timestamp=12046 ms, used_size=3905536 bytes (9.5%)
(RDMA_READ_CONSUME_CHECK_CONSUMER) timestamp=12046 ms, used_size=3903488 bytes (9.5%)
(RDMA_READ_CONSUME_CHECK_CONSUMER) timestamp=12046 ms, used_size=3901440 bytes (9.5%)
(RDMA_READ_CONSUME_CHECK_CONSUMER) timestamp=12046 ms, used_size=3899392 bytes (9.5%)
(RDMA_READ_CONSUME_CHECK_CONSUMER) timestamp=12046 ms, used_size=3897344 bytes (9.5%)
(RDMA_READ_CONSUME_CHECK_CONSUMER) timestamp=12046 ms, used_size=3895296 bytes (9.5%)
(RDMA_READ_CONSUME_CHECK_CONSUMER) timestamp=12046 ms, used_size=3893248 bytes (9.5%)
(RDMA_READ_CONSUME_CHECK_CONSUMER) timestamp=12046 ms, used_size=3891200 bytes (9.5%)
(RDMA_READ_CONSUME_CHECK_CONSUMER) timestamp=12046 ms, used_size=3889152 bytes (9.5%)
(RDMA_READ_CONSUME_CHECK_CONSUMER) timestamp=12046 ms, used_size=3887104 bytes (9.5%)
(RDMA_READ_CONSUME_CHECK_CONSUMER) timestamp=12046 ms, used_size=3885056 bytes (9.5%)
(RDMA_READ_CONSUME_CHECK_CONSUMER) timestamp=12046 ms, used_size=3883008 bytes (9.5%)
(RDMA_READ_CONSUME_CHECK_CONSUMER) timestamp=12046 ms, used_size=3880960 bytes (9.5%)
(RDMA_READ_CONSUME_CHECK_CONSUMER) timestamp=12046 ms, used_size=3878912 bytes (9.5%)
(RDMA_READ_CONSUME_CHECK_CONSUMER) timestamp=12046 ms, used_size=3876864 bytes (9.5%)
(RDMA_READ_CONSUME_CHECK_CONSUMER) timestamp=12046 ms, used_size=3874816 bytes (9.5%)
(RDMA_READ_CONSUME_CHECK_CONSUMER) timestamp=12046 ms, used_size=3872768 bytes (9.5%)
(RDMA_READ_CONSUME_CHECK_CONSUMER) timestamp=12046 ms, used_size=3870720 bytes (9.4%)
(RDMA_READ_CONSUME_CHECK_CONSUMER) timestamp=12046 ms, used_size=3868672 bytes (9.4%)
(RDMA_READ_CONSUME_CHECK_CONSUMER) timestamp=12046 ms, used_size=3866624 bytes (9.4%)
(RDMA_READ_CONSUME_CHECK_CONSUMER) timestamp=12046 ms, used_size=3864576 bytes (9.4%)
(RDMA_READ_CONSUME_CHECK_CONSUMER) timestamp=12046 ms, used_size=3862528 bytes (9.4%)
(RDMA_READ_CONSUME_CHECK_CONSUMER) timestamp=12046 ms, used_size=3860480 bytes (9.4%)
(RDMA_READ_CONSUME_CHECK_CONSUMER) timestamp=12046 ms, used_size=3858432 bytes (9.4%)
(RDMA_READ_CONSUME_CHECK_CONSUMER) timestamp=12046 ms, used_size=3856384 bytes (9.4%)
(RDMA_READ_CONSUME_CHECK_CONSUMER) timestamp=12046 ms, used_size=3854336 bytes (9.4%)
(RDMA_READ_CONSUME_CHECK_CONSUMER) timestamp=12046 ms, used_size=3852288 bytes (9.4%)
(RDMA_READ_CONSUME_CHECK_CONSUMER) timestamp=12046 ms, used_size=3850240 bytes (9.4%)
(RDMA_READ_CONSUME_CHECK_CONSUMER) timestamp=12046 ms, used_size=3848192 bytes (9.4%)
(RDMA_READ_CONSUME_CHECK_CONSUMER) timestamp=12046 ms, used_size=3846144 bytes (9.4%)
(RDMA_READ_CONSUME_CHECK_CONSUMER) timestamp=12046 ms, used_size=3844096 bytes (9.4%)
(RDMA_READ_CONSUME_CHECK_CONSUMER) timestamp=12046 ms, used_size=3842048 bytes (9.4%)
(RDMA_READ_CONSUME_CHECK_CONSUMER) timestamp=12046 ms, used_size=3840000 bytes (9.4%)
(RDMA_READ_CONSUME_CHECK_CONSUMER) timestamp=12046 ms, used_size=3837952 bytes (9.4%)
(RDMA_READ_CONSUME_CHECK_CONSUMER) timestamp=12046 ms, used_size=3835904 bytes (9.4%)
(RDMA_READ_CONSUME_CHECK_CONSUMER) timestamp=12046 ms, used_size=3833856 bytes (9.4%)
(RDMA_READ_CONSUME_CHECK_CONSUMER) timestamp=12046 ms, used_size=3831808 bytes (9.4%)
(RDMA_READ_CONSUME_CHECK_CONSUMER) timestamp=12046 ms, used_size=3829760 bytes (9.3%)
(RDMA_READ_CONSUME_CHECK_CONSUMER) timestamp=12046 ms, used_size=3827712 bytes (9.3%)
(RDMA_READ_CONSUME_CHECK_CONSUMER) timestamp=12046 ms, used_size=3825664 bytes (9.3%)
(RDMA_READ_CONSUME_CHECK_CONSUMER) timestamp=12046 ms, used_size=3823616 bytes (9.3%)
(RDMA_READ_CONSUME_CHECK_CONSUMER) timestamp=12046 ms, used_size=3821568 bytes (9.3%)
(RDMA_READ_CONSUME_CHECK_CONSUMER) timestamp=12046 ms, used_size=3819520 bytes (9.3%)
(RDMA_READ_CONSUME_CHECK_CONSUMER) timestamp=12046 ms, used_size=3817472 bytes (9.3%)
(RDMA_READ_CONSUME_CHECK_CONSUMER) timestamp=12046 ms, used_size=3815424 bytes (9.3%)
(RDMA_READ_CONSUME_CHECK_CONSUMER) timestamp=12046 ms, used_size=3813376 bytes (9.3%)
(RDMA_READ_CONSUME_CHECK_CONSUMER) timestamp=12046 ms, used_size=3811328 bytes (9.3%)
(RDMA_READ_CONSUME_CHECK_CONSUMER) timestamp=12046 ms, used_size=3809280 bytes (9.3%)
(RDMA_READ_CONSUME_CHECK_CONSUMER) timestamp=12046 ms, used_size=3807232 bytes (9.3%)
(RDMA_READ_CONSUME_CHECK_CONSUMER) timestamp=12046 ms, used_size=3805184 bytes (9.3%)
(RDMA_READ_CONSUME_CHECK_CONSUMER) timestamp=12046 ms, used_size=3803136 bytes (9.3%)
(RDMA_READ_CONSUME_CHECK_CONSUMER) timestamp=12046 ms, used_size=3801088 bytes (9.3%)
(RDMA_READ_CONSUME_CHECK_CONSUMER) timestamp=12046 ms, used_size=3799040 bytes (9.3%)
(RDMA_READ_CONSUME_CHECK_CONSUMER) timestamp=12046 ms, used_size=3796992 bytes (9.3%)
(RDMA_READ_CONSUME_CHECK_CONSUMER) timestamp=12046 ms, used_size=3794944 bytes (9.3%)
(RDMA_READ_CONSUME_CHECK_CONSUMER) timestamp=12046 ms, used_size=3792896 bytes (9.3%)
(RDMA_READ_CONSUME_CHECK_CONSUMER) timestamp=12046 ms, used_size=3790848 bytes (9.3%)
(RDMA_READ_CONSUME_CHECK_CONSUMER) timestamp=12046 ms, used_size=3788800 bytes (9.2%)
(RDMA_READ_CONSUME_CHECK_CONSUMER) timestamp=12046 ms, used_size=3786752 bytes (9.2%)
(RDMA_READ_CONSUME_CHECK_CONSUMER) timestamp=12046 ms, used_size=3784704 bytes (9.2%)
(RDMA_READ_CONSUME_CHECK_CONSUMER) timestamp=12046 ms, used_size=3782656 bytes (9.2%)
(RDMA_READ_CONSUME_CHECK_CONSUMER) timestamp=12046 ms, used_size=3780608 bytes (9.2%)
(RDMA_READ_CONSUME_CHECK_CONSUMER) timestamp=12046 ms, used_size=3778560 bytes (9.2%)
(RDMA_READ_CONSUME_CHECK_CONSUMER) timestamp=12046 ms, used_size=3776512 bytes (9.2%)
(RDMA_READ_CONSUME_CHECK_CONSUMER) timestamp=12046 ms, used_size=3774464 bytes (9.2%)
(RDMA_READ_CONSUME_CHECK_CONSUMER) timestamp=12046 ms, used_size=3772416 bytes (9.2%)
(RDMA_READ_CONSUME_CHECK_CONSUMER) timestamp=12046 ms, used_size=3770368 bytes (9.2%)
(RDMA_READ_CONSUME_CHECK_CONSUMER) timestamp=12046 ms, used_size=3768320 bytes (9.2%)
(RDMA_READ_CONSUME_CHECK_CONSUMER) timestamp=12046 ms, used_size=3766272 bytes (9.2%)
(RDMA_READ_CONSUME_CHECK_CONSUMER) timestamp=12046 ms, used_size=3764224 bytes (9.2%)
(RDMA_READ_CONSUME_CHECK_CONSUMER) timestamp=12046 ms, used_size=3762176 bytes (9.2%)
(RDMA_READ_CONSUME_CHECK_CONSUMER) timestamp=12046 ms, used_size=3760128 bytes (9.2%)
(RDMA_READ_CONSUME_CHECK_CONSUMER) timestamp=12046 ms, used_size=3758080 bytes (9.2%)
(RDMA_READ_CONSUME_CHECK_CONSUMER) timestamp=12046 ms, used_size=3756032 bytes (9.2%)
(RDMA_READ_CONSUME_CHECK_CONSUMER) timestamp=12046 ms, used_size=3753984 bytes (9.2%)
(RDMA_READ_CONSUME_CHECK_CONSUMER) timestamp=12046 ms, used_size=3751936 bytes (9.2%)
(RDMA_READ_CONSUME_CHECK_CONSUMER) timestamp=12046 ms, used_size=3749888 bytes (9.2%)
(RDMA_READ_CONSUME_CHECK_CONSUMER) timestamp=12046 ms, used_size=3747840 bytes (9.2%)
(RDMA_READ_CONSUME_CHECK_CONSUMER) timestamp=12046 ms, used_size=3745792 bytes (9.1%)
(RDMA_READ_CONSUME_CHECK_CONSUMER) timestamp=12046 ms, used_size=3743744 bytes (9.1%)
(RDMA_READ_CONSUME_CHECK_CONSUMER) timestamp=12046 ms, used_size=3741696 bytes (9.1%)
(RDMA_READ_CONSUME_CHECK_CONSUMER) timestamp=12046 ms, used_size=3739648 bytes (9.1%)
(RDMA_READ_CONSUME_CHECK_CONSUMER) timestamp=12046 ms, used_size=3737600 bytes (9.1%)
(RDMA_READ_CONSUME_CHECK_CONSUMER) timestamp=12046 ms, used_size=3735552 bytes (9.1%)
(RDMA_READ_CONSUME_CHECK_CONSUMER) timestamp=12046 ms, used_size=3733504 bytes (9.1%)
(RDMA_READ_CONSUME_CHECK_CONSUMER) timestamp=12046 ms, used_size=3731456 bytes (9.1%)
(RDMA_READ_CONSUME_CHECK_CONSUMER) timestamp=12046 ms, used_size=3729408 bytes (9.1%)
(RDMA_READ_CONSUME_CHECK_CONSUMER) timestamp=12046 ms, used_size=3727360 bytes (9.1%)
(RDMA_READ_CONSUME_CHECK_CONSUMER) timestamp=12046 ms, used_size=3725312 bytes (9.1%)
(RDMA_READ_CONSUME_CHECK_CONSUMER) timestamp=12046 ms, used_size=3723264 bytes (9.1%)
(RDMA_READ_CONSUME_CHECK_CONSUMER) timestamp=12046 ms, used_size=3721216 bytes (9.1%)
(RDMA_READ_CONSUME_CHECK_CONSUMER) timestamp=12046 ms, used_size=3719168 bytes (9.1%)
(RDMA_READ_CONSUME_CHECK_CONSUMER) timestamp=12046 ms, used_size=3717120 bytes (9.1%)
(RDMA_READ_CONSUME_CHECK_CONSUMER) timestamp=12046 ms, used_size=3715072 bytes (9.1%)
(RDMA_READ_CONSUME_CHECK_CONSUMER) timestamp=12046 ms, used_size=3713024 bytes (9.1%)
(RDMA_READ_CONSUME_CHECK_CONSUMER) timestamp=12046 ms, used_size=3710976 bytes (9.1%)
(RDMA_READ_CONSUME_CHECK_CONSUMER) timestamp=12046 ms, used_size=3708928 bytes (9.1%)
(RDMA_READ_CONSUME_CHECK_CONSUMER) timestamp=12046 ms, used_size=3706880 bytes (9.1%)
(RDMA_READ_CONSUME_CHECK_CONSUMER) timestamp=12046 ms, used_size=3704832 bytes (9.0%)
(RDMA_READ_CONSUME_CHECK_CONSUMER) timestamp=12046 ms, used_size=3702784 bytes (9.0%)
(RDMA_READ_CONSUME_CHECK_CONSUMER) timestamp=12046 ms, used_size=3700736 bytes (9.0%)
(RDMA_READ_CONSUME_CHECK_CONSUMER) timestamp=12046 ms, used_size=3698688 bytes (9.0%)
(RDMA_READ_CONSUME_CHECK_CONSUMER) timestamp=12046 ms, used_size=3696640 bytes (9.0%)
(RDMA_READ_CONSUME_CHECK_CONSUMER) timestamp=12046 ms, used_size=3694592 bytes (9.0%)
(RDMA_READ_CONSUME_CHECK_CONSUMER) timestamp=12046 ms, used_size=3692544 bytes (9.0%)
(RDMA_READ_CONSUME_CHECK_CONSUMER) timestamp=12046 ms, used_size=3690496 bytes (9.0%)
(RDMA_READ_CONSUME_CHECK_CONSUMER) timestamp=12046 ms, used_size=3688448 bytes (9.0%)
(RDMA_READ_CONSUME_CHECK_CONSUMER) timestamp=12046 ms, used_size=3686400 bytes (9.0%)
(RDMA_READ_CONSUME_CHECK_CONSUMER) timestamp=12046 ms, used_size=3684352 bytes (9.0%)
(RDMA_READ_CONSUME_CHECK_CONSUMER) timestamp=12046 ms, used_size=3682304 bytes (9.0%)
(RDMA_READ_CONSUME_CHECK_CONSUMER) timestamp=12046 ms, used_size=3680256 bytes (9.0%)
(RDMA_READ_CONSUME_CHECK_CONSUMER) timestamp=12046 ms, used_size=3678208 bytes (9.0%)
(RDMA_READ_CONSUME_CHECK_CONSUMER) timestamp=12046 ms, used_size=3676160 bytes (9.0%)
(RDMA_READ_CONSUME_CHECK_CONSUMER) timestamp=12046 ms, used_size=3674112 bytes (9.0%)
(RDMA_READ_CONSUME_CHECK_CONSUMER) timestamp=12046 ms, used_size=3672064 bytes (9.0%)
(RDMA_READ_CONSUME_CHECK_CONSUMER) timestamp=12046 ms, used_size=3670016 bytes (9.0%)
(RDMA_READ_CONSUME_CHECK_CONSUMER) timestamp=12046 ms, used_size=3667968 bytes (9.0%)
(RDMA_READ_CONSUME_CHECK_CONSUMER) timestamp=12046 ms, used_size=3665920 bytes (8.9%)
(RDMA_READ_CONSUME_CHECK_CONSUMER) timestamp=12046 ms, used_size=3663872 bytes (8.9%)
(RDMA_READ_CONSUME_CHECK_CONSUMER) timestamp=12046 ms, used_size=3661824 bytes (8.9%)
(RDMA_READ_CONSUME_CHECK_CONSUMER) timestamp=12046 ms, used_size=3659776 bytes (8.9%)
(RDMA_READ_CONSUME_CHECK_CONSUMER) timestamp=12046 ms, used_size=3657728 bytes (8.9%)
(RDMA_READ_CONSUME_CHECK_CONSUMER) timestamp=12046 ms, used_size=3655680 bytes (8.9%)
(RDMA_READ_CONSUME_CHECK_CONSUMER) timestamp=12046 ms, used_size=3653632 bytes (8.9%)
(RDMA_READ_CONSUME_CHECK_CONSUMER) timestamp=12046 ms, used_size=3651584 bytes (8.9%)
(RDMA_READ_CONSUME_CHECK_CONSUMER) timestamp=12046 ms, used_size=3649536 bytes (8.9%)
(RDMA_READ_CONSUME_CHECK_CONSUMER) timestamp=12046 ms, used_size=3647488 bytes (8.9%)
(RDMA_READ_CONSUME_CHECK_CONSUMER) timestamp=12046 ms, used_size=3645440 bytes (8.9%)
(RDMA_READ_CONSUME_CHECK_CONSUMER) timestamp=12046 ms, used_size=3643392 bytes (8.9%)
(RDMA_READ_CONSUME_CHECK_CONSUMER) timestamp=12046 ms, used_size=3641344 bytes (8.9%)
(RDMA_READ_CONSUME_CHECK_CONSUMER) timestamp=12046 ms, used_size=3639296 bytes (8.9%)
(RDMA_READ_CONSUME_CHECK_CONSUMER) timestamp=12046 ms, used_size=3637248 bytes (8.9%)
(RDMA_READ_CONSUME_CHECK_CONSUMER) timestamp=12046 ms, used_size=3635200 bytes (8.9%)
(RDMA_READ_CONSUME_CHECK_CONSUMER) timestamp=12046 ms, used_size=3633152 bytes (8.9%)
(RDMA_READ_CONSUME_CHECK_CONSUMER) timestamp=12046 ms, used_size=3631104 bytes (8.9%)
(RDMA_READ_CONSUME_CHECK_CONSUMER) timestamp=12046 ms, used_size=3629056 bytes (8.9%)
(RDMA_READ_CONSUME_CHECK_CONSUMER) timestamp=12046 ms, used_size=3627008 bytes (8.9%)
(RDMA_READ_CONSUME_CHECK_CONSUMER) timestamp=12046 ms, used_size=3624960 bytes (8.8%)
(RDMA_READ_CONSUME_CHECK_CONSUMER) timestamp=12046 ms, used_size=3622912 bytes (8.8%)
(RDMA_READ_CONSUME_CHECK_CONSUMER) timestamp=12046 ms, used_size=3620864 bytes (8.8%)
(RDMA_READ_CONSUME_CHECK_CONSUMER) timestamp=12046 ms, used_size=3618816 bytes (8.8%)
(RDMA_READ_CONSUME_CHECK_CONSUMER) timestamp=12046 ms, used_size=3616768 bytes (8.8%)
(RDMA_READ_CONSUME_CHECK_CONSUMER) timestamp=12046 ms, used_size=3614720 bytes (8.8%)
(RDMA_READ_CONSUME_CHECK_CONSUMER) timestamp=12046 ms, used_size=3612672 bytes (8.8%)
(RDMA_READ_CONSUME_CHECK_CONSUMER) timestamp=12046 ms, used_size=3610624 bytes (8.8%)
(RDMA_READ_CONSUME_CHECK_CONSUMER) timestamp=12046 ms, used_size=3608576 bytes (8.8%)
(RDMA_READ_CONSUME_CHECK_CONSUMER) timestamp=12046 ms, used_size=3606528 bytes (8.8%)
(RDMA_READ_CONSUME_CHECK_CONSUMER) timestamp=12046 ms, used_size=3604480 bytes (8.8%)
(RDMA_READ_CONSUME_CHECK_CONSUMER) timestamp=12046 ms, used_size=3602432 bytes (8.8%)
(RDMA_READ_CONSUME_CHECK_CONSUMER) timestamp=12046 ms, used_size=3600384 bytes (8.8%)
(RDMA_READ_CONSUME_CHECK_CONSUMER) timestamp=12046 ms, used_size=3598336 bytes (8.8%)
(RDMA_READ_CONSUME_CHECK_CONSUMER) timestamp=12046 ms, used_size=3596288 bytes (8.8%)
(RDMA_READ_CONSUME_CHECK_CONSUMER) timestamp=12046 ms, used_size=3594240 bytes (8.8%)
(RDMA_READ_CONSUME_CHECK_CONSUMER) timestamp=12046 ms, used_size=3592192 bytes (8.8%)
(RDMA_READ_CONSUME_CHECK_CONSUMER) timestamp=12046 ms, used_size=3590144 bytes (8.8%)
(RDMA_READ_CONSUME_CHECK_CONSUMER) timestamp=12046 ms, used_size=3588096 bytes (8.8%)
(RDMA_READ_CONSUME_CHECK_CONSUMER) timestamp=12046 ms, used_size=3586048 bytes (8.8%)
(RDMA_READ_CONSUME_CHECK_CONSUMER) timestamp=12046 ms, used_size=3584000 bytes (8.8%)
(RDMA_READ_CONSUME_CHECK_CONSUMER) timestamp=12046 ms, used_size=3581952 bytes (8.7%)
(RDMA_READ_CONSUME_CHECK_CONSUMER) timestamp=12046 ms, used_size=3579904 bytes (8.7%)
(RDMA_READ_CONSUME_CHECK_CONSUMER) timestamp=12046 ms, used_size=3577856 bytes (8.7%)
(RDMA_READ_CONSUME_CHECK_CONSUMER) timestamp=12046 ms, used_size=3575808 bytes (8.7%)
(RDMA_READ_CONSUME_CHECK_CONSUMER) timestamp=12046 ms, used_size=3573760 bytes (8.7%)
(RDMA_READ_CONSUME_CHECK_CONSUMER) timestamp=12046 ms, used_size=3571712 bytes (8.7%)
(RDMA_READ_CONSUME_CHECK_CONSUMER) timestamp=12046 ms, used_size=3569664 bytes (8.7%)
(RDMA_READ_CONSUME_CHECK_CONSUMER) timestamp=12046 ms, used_size=3567616 bytes (8.7%)
(RDMA_READ_CONSUME_CHECK_CONSUMER) timestamp=12046 ms, used_size=3565568 bytes (8.7%)
(RDMA_READ_CONSUME_CHECK_CONSUMER) timestamp=12046 ms, used_size=3563520 bytes (8.7%)
(RDMA_READ_CONSUME_CHECK_CONSUMER) timestamp=12046 ms, used_size=3561472 bytes (8.7%)
(RDMA_READ_CONSUME_CHECK_CONSUMER) timestamp=12046 ms, used_size=3559424 bytes (8.7%)
(RDMA_READ_CONSUME_CHECK_CONSUMER) timestamp=12047 ms, used_size=3557376 bytes (8.7%)
(RDMA_READ_CONSUME_CHECK_CONSUMER) timestamp=12047 ms, used_size=3555328 bytes (8.7%)
(RDMA_READ_CONSUME_CHECK_CONSUMER) timestamp=12047 ms, used_size=3553280 bytes (8.7%)
(RDMA_READ_CONSUME_CHECK_CONSUMER) timestamp=12047 ms, used_size=3551232 bytes (8.7%)
(RDMA_READ_CONSUME_CHECK_CONSUMER) timestamp=12047 ms, used_size=3549184 bytes (8.7%)
(RDMA_READ_CONSUME_CHECK_CONSUMER) timestamp=12047 ms, used_size=3547136 bytes (8.7%)
(RDMA_READ_CONSUME_CHECK_CONSUMER) timestamp=12047 ms, used_size=3545088 bytes (8.7%)
(RDMA_READ_CONSUME_CHECK_CONSUMER) timestamp=12047 ms, used_size=3543040 bytes (8.7%)
(RDMA_READ_CONSUME_CHECK_CONSUMER) timestamp=12047 ms, used_size=3540992 bytes (8.6%)
(RDMA_READ_CONSUME_CHECK_CONSUMER) timestamp=12047 ms, used_size=3538944 bytes (8.6%)
(RDMA_READ_CONSUME_CHECK_CONSUMER) timestamp=12047 ms, used_size=3536896 bytes (8.6%)
(RDMA_READ_CONSUME_CHECK_CONSUMER) timestamp=12047 ms, used_size=3534848 bytes (8.6%)
(RDMA_READ_CONSUME_CHECK_CONSUMER) timestamp=12047 ms, used_size=3532800 bytes (8.6%)
(RDMA_READ_CONSUME_CHECK_CONSUMER) timestamp=12047 ms, used_size=3530752 bytes (8.6%)
(RDMA_READ_CONSUME_CHECK_CONSUMER) timestamp=12047 ms, used_size=3528704 bytes (8.6%)
(RDMA_READ_CONSUME_CHECK_CONSUMER) timestamp=12047 ms, used_size=3526656 bytes (8.6%)
(RDMA_READ_CONSUME_CHECK_CONSUMER) timestamp=12047 ms, used_size=3524608 bytes (8.6%)
(RDMA_READ_CONSUME_CHECK_CONSUMER) timestamp=12047 ms, used_size=3522560 bytes (8.6%)
(RDMA_READ_CONSUME_CHECK_CONSUMER) timestamp=12047 ms, used_size=3520512 bytes (8.6%)
(RDMA_READ_CONSUME_CHECK_CONSUMER) timestamp=12047 ms, used_size=3518464 bytes (8.6%)
(RDMA_READ_CONSUME_CHECK_CONSUMER) timestamp=12047 ms, used_size=3516416 bytes (8.6%)
(RDMA_READ_CONSUME_CHECK_CONSUMER) timestamp=12047 ms, used_size=3514368 bytes (8.6%)
(RDMA_READ_CONSUME_CHECK_CONSUMER) timestamp=12047 ms, used_size=3512320 bytes (8.6%)
(RDMA_READ_CONSUME_CHECK_CONSUMER) timestamp=12047 ms, used_size=3510272 bytes (8.6%)
(RDMA_READ_CONSUME_CHECK_CONSUMER) timestamp=12047 ms, used_size=3508224 bytes (8.6%)
(RDMA_READ_CONSUME_CHECK_CONSUMER) timestamp=12047 ms, used_size=3506176 bytes (8.6%)
(RDMA_READ_CONSUME_CHECK_CONSUMER) timestamp=12047 ms, used_size=3504128 bytes (8.6%)
(RDMA_READ_CONSUME_CHECK_CONSUMER) timestamp=12047 ms, used_size=3502080 bytes (8.6%)
(RDMA_READ_CONSUME_CHECK_CONSUMER) timestamp=12047 ms, used_size=3500032 bytes (8.5%)
(RDMA_READ_CONSUME_CHECK_CONSUMER) timestamp=12047 ms, used_size=3497984 bytes (8.5%)
(RDMA_READ_CONSUME_CHECK_CONSUMER) timestamp=12047 ms, used_size=3495936 bytes (8.5%)
(RDMA_READ_CONSUME_CHECK_CONSUMER) timestamp=12047 ms, used_size=3493888 bytes (8.5%)
(RDMA_READ_CONSUME_CHECK_CONSUMER) timestamp=12047 ms, used_size=3491840 bytes (8.5%)
(RDMA_READ_CONSUME_CHECK_CONSUMER) timestamp=12047 ms, used_size=3489792 bytes (8.5%)
(RDMA_READ_CONSUME_CHECK_CONSUMER) timestamp=12047 ms, used_size=3487744 bytes (8.5%)
(RDMA_READ_CONSUME_CHECK_CONSUMER) timestamp=12047 ms, used_size=3485696 bytes (8.5%)
(RDMA_READ_CONSUME_CHECK_CONSUMER) timestamp=12047 ms, used_size=3483648 bytes (8.5%)
(RDMA_READ_CONSUME_CHECK_CONSUMER) timestamp=12047 ms, used_size=3481600 bytes (8.5%)
(RDMA_READ_CONSUME_CHECK_CONSUMER) timestamp=12047 ms, used_size=3479552 bytes (8.5%)
(RDMA_READ_CONSUME_CHECK_CONSUMER) timestamp=12047 ms, used_size=3477504 bytes (8.5%)
(RDMA_READ_CONSUME_CHECK_CONSUMER) timestamp=12047 ms, used_size=3475456 bytes (8.5%)
(RDMA_READ_CONSUME_CHECK_CONSUMER) timestamp=12047 ms, used_size=3473408 bytes (8.5%)
(RDMA_READ_CONSUME_CHECK_CONSUMER) timestamp=12047 ms, used_size=3471360 bytes (8.5%)
(RDMA_READ_CONSUME_CHECK_CONSUMER) timestamp=12047 ms, used_size=3469312 bytes (8.5%)
(RDMA_READ_CONSUME_CHECK_CONSUMER) timestamp=12047 ms, used_size=3467264 bytes (8.5%)
(RDMA_READ_CONSUME_CHECK_CONSUMER) timestamp=12047 ms, used_size=3465216 bytes (8.5%)
(RDMA_READ_CONSUME_CHECK_CONSUMER) timestamp=12047 ms, used_size=3463168 bytes (8.5%)
(RDMA_READ_CONSUME_CHECK_CONSUMER) timestamp=12047 ms, used_size=3461120 bytes (8.4%)
(RDMA_READ_CONSUME_CHECK_CONSUMER) timestamp=12047 ms, used_size=3459072 bytes (8.4%)
(RDMA_READ_CONSUME_CHECK_CONSUMER) timestamp=12047 ms, used_size=3457024 bytes (8.4%)
(RDMA_READ_CONSUME_CHECK_CONSUMER) timestamp=12047 ms, used_size=3454976 bytes (8.4%)
(RDMA_READ_CONSUME_CHECK_CONSUMER) timestamp=12047 ms, used_size=3452928 bytes (8.4%)
(RDMA_READ_CONSUME_CHECK_CONSUMER) timestamp=12047 ms, used_size=3450880 bytes (8.4%)
(RDMA_READ_CONSUME_CHECK_CONSUMER) timestamp=12047 ms, used_size=3448832 bytes (8.4%)
(RDMA_READ_CONSUME_CHECK_CONSUMER) timestamp=12047 ms, used_size=3446784 bytes (8.4%)
(RDMA_READ_CONSUME_CHECK_CONSUMER) timestamp=12047 ms, used_size=3444736 bytes (8.4%)
(RDMA_READ_CONSUME_CHECK_CONSUMER) timestamp=12047 ms, used_size=3442688 bytes (8.4%)
(RDMA_READ_CONSUME_CHECK_CONSUMER) timestamp=12047 ms, used_size=3440640 bytes (8.4%)
(RDMA_READ_CONSUME_CHECK_CONSUMER) timestamp=12047 ms, used_size=3438592 bytes (8.4%)
(RDMA_READ_CONSUME_CHECK_CONSUMER) timestamp=12047 ms, used_size=3436544 bytes (8.4%)
(RDMA_READ_CONSUME_CHECK_CONSUMER) timestamp=12047 ms, used_size=3434496 bytes (8.4%)
(RDMA_READ_CONSUME_CHECK_CONSUMER) timestamp=12047 ms, used_size=3432448 bytes (8.4%)
(RDMA_READ_CONSUME_CHECK_CONSUMER) timestamp=12047 ms, used_size=3430400 bytes (8.4%)
(RDMA_READ_CONSUME_CHECK_CONSUMER) timestamp=12047 ms, used_size=3428352 bytes (8.4%)
(RDMA_READ_CONSUME_CHECK_CONSUMER) timestamp=12047 ms, used_size=3426304 bytes (8.4%)
(RDMA_READ_CONSUME_CHECK_CONSUMER) timestamp=12047 ms, used_size=3424256 bytes (8.4%)
(RDMA_READ_CONSUME_CHECK_CONSUMER) timestamp=12047 ms, used_size=3422208 bytes (8.4%)
(RDMA_READ_CONSUME_CHECK_CONSUMER) timestamp=12047 ms, used_size=3420160 bytes (8.3%)
(RDMA_READ_CONSUME_CHECK_CONSUMER) timestamp=12047 ms, used_size=3418112 bytes (8.3%)
(RDMA_READ_CONSUME_CHECK_CONSUMER) timestamp=12047 ms, used_size=3416064 bytes (8.3%)
(RDMA_READ_CONSUME_CHECK_CONSUMER) timestamp=12047 ms, used_size=3414016 bytes (8.3%)
(RDMA_READ_CONSUME_CHECK_CONSUMER) timestamp=12047 ms, used_size=3411968 bytes (8.3%)
(RDMA_READ_CONSUME_CHECK_CONSUMER) timestamp=12047 ms, used_size=3409920 bytes (8.3%)
(RDMA_READ_CONSUME_CHECK_CONSUMER) timestamp=12047 ms, used_size=3407872 bytes (8.3%)
(RDMA_READ_CONSUME_CHECK_CONSUMER) timestamp=12047 ms, used_size=3405824 bytes (8.3%)
(RDMA_READ_CONSUME_CHECK_CONSUMER) timestamp=12047 ms, used_size=3403776 bytes (8.3%)
(RDMA_READ_CONSUME_CHECK_CONSUMER) timestamp=12047 ms, used_size=3401728 bytes (8.3%)
(RDMA_READ_CONSUME_CHECK_CONSUMER) timestamp=12047 ms, used_size=3399680 bytes (8.3%)
(RDMA_READ_CONSUME_CHECK_CONSUMER) timestamp=12047 ms, used_size=3397632 bytes (8.3%)
(RDMA_READ_CONSUME_CHECK_CONSUMER) timestamp=12047 ms, used_size=3395584 bytes (8.3%)
(RDMA_READ_CONSUME_CHECK_CONSUMER) timestamp=12047 ms, used_size=3393536 bytes (8.3%)
(RDMA_READ_CONSUME_CHECK_CONSUMER) timestamp=12047 ms, used_size=3391488 bytes (8.3%)
(RDMA_READ_CONSUME_CHECK_CONSUMER) timestamp=12047 ms, used_size=3389440 bytes (8.3%)
(RDMA_READ_CONSUME_CHECK_CONSUMER) timestamp=12047 ms, used_size=3387392 bytes (8.3%)
(RDMA_READ_CONSUME_CHECK_CONSUMER) timestamp=12047 ms, used_size=3385344 bytes (8.3%)
(RDMA_READ_CONSUME_CHECK_CONSUMER) timestamp=12047 ms, used_size=3383296 bytes (8.3%)
(RDMA_READ_CONSUME_CHECK_CONSUMER) timestamp=12047 ms, used_size=3381248 bytes (8.3%)
(RDMA_READ_CONSUME_CHECK_CONSUMER) timestamp=12047 ms, used_size=3379200 bytes (8.2%)
(RDMA_READ_CONSUME_CHECK_CONSUMER) timestamp=12047 ms, used_size=3377152 bytes (8.2%)
(RDMA_READ_CONSUME_CHECK_CONSUMER) timestamp=12047 ms, used_size=3375104 bytes (8.2%)
(RDMA_READ_CONSUME_CHECK_CONSUMER) timestamp=12047 ms, used_size=3373056 bytes (8.2%)
(RDMA_READ_CONSUME_CHECK_CONSUMER) timestamp=12047 ms, used_size=3371008 bytes (8.2%)
(RDMA_READ_CONSUME_CHECK_CONSUMER) timestamp=12047 ms, used_size=3368960 bytes (8.2%)
(RDMA_READ_CONSUME_CHECK_CONSUMER) timestamp=12047 ms, used_size=3366912 bytes (8.2%)
(RDMA_READ_CONSUME_CHECK_CONSUMER) timestamp=12047 ms, used_size=3364864 bytes (8.2%)
(RDMA_READ_CONSUME_CHECK_CONSUMER) timestamp=12047 ms, used_size=3362816 bytes (8.2%)
(RDMA_READ_CONSUME_CHECK_CONSUMER) timestamp=12047 ms, used_size=3360768 bytes (8.2%)
(RDMA_READ_CONSUME_CHECK_CONSUMER) timestamp=12047 ms, used_size=3358720 bytes (8.2%)
(RDMA_READ_CONSUME_CHECK_CONSUMER) timestamp=12047 ms, used_size=3356672 bytes (8.2%)
(RDMA_READ_CONSUME_CHECK_CONSUMER) timestamp=12047 ms, used_size=3354624 bytes (8.2%)
(RDMA_READ_CONSUME_CHECK_CONSUMER) timestamp=12047 ms, used_size=3352576 bytes (8.2%)
(RDMA_READ_CONSUME_CHECK_CONSUMER) timestamp=12047 ms, used_size=3350528 bytes (8.2%)
(RDMA_READ_CONSUME_CHECK_CONSUMER) timestamp=12047 ms, used_size=3348480 bytes (8.2%)
(RDMA_READ_CONSUME_CHECK_CONSUMER) timestamp=12047 ms, used_size=3346432 bytes (8.2%)
(RDMA_READ_CONSUME_CHECK_CONSUMER) timestamp=12047 ms, used_size=3344384 bytes (8.2%)
(RDMA_READ_CONSUME_CHECK_CONSUMER) timestamp=12047 ms, used_size=3342336 bytes (8.2%)
(RDMA_READ_CONSUME_CHECK_CONSUMER) timestamp=12047 ms, used_size=3340288 bytes (8.2%)
(RDMA_READ_CONSUME_CHECK_CONSUMER) timestamp=12047 ms, used_size=3338240 bytes (8.2%)
(RDMA_READ_CONSUME_CHECK_CONSUMER) timestamp=12047 ms, used_size=3336192 bytes (8.1%)
(RDMA_READ_CONSUME_CHECK_CONSUMER) timestamp=12047 ms, used_size=3334144 bytes (8.1%)
(RDMA_READ_CONSUME_CHECK_CONSUMER) timestamp=12047 ms, used_size=3332096 bytes (8.1%)
(RDMA_READ_CONSUME_CHECK_CONSUMER) timestamp=12047 ms, used_size=3330048 bytes (8.1%)
(RDMA_READ_CONSUME_CHECK_CONSUMER) timestamp=12047 ms, used_size=3328000 bytes (8.1%)
(RDMA_READ_CONSUME_CHECK_CONSUMER) timestamp=12047 ms, used_size=3325952 bytes (8.1%)
(RDMA_READ_CONSUME_CHECK_CONSUMER) timestamp=12047 ms, used_size=3323904 bytes (8.1%)
(RDMA_READ_CONSUME_CHECK_CONSUMER) timestamp=12047 ms, used_size=3321856 bytes (8.1%)
(RDMA_READ_CONSUME_CHECK_CONSUMER) timestamp=12047 ms, used_size=3319808 bytes (8.1%)
(RDMA_READ_CONSUME_CHECK_CONSUMER) timestamp=12047 ms, used_size=3317760 bytes (8.1%)
(RDMA_READ_CONSUME_CHECK_CONSUMER) timestamp=12047 ms, used_size=3315712 bytes (8.1%)
(RDMA_READ_CONSUME_CHECK_CONSUMER) timestamp=12047 ms, used_size=3313664 bytes (8.1%)
(RDMA_READ_CONSUME_CHECK_CONSUMER) timestamp=12047 ms, used_size=3311616 bytes (8.1%)
(RDMA_READ_CONSUME_CHECK_CONSUMER) timestamp=12047 ms, used_size=3309568 bytes (8.1%)
(RDMA_READ_CONSUME_CHECK_CONSUMER) timestamp=12047 ms, used_size=3307520 bytes (8.1%)
(RDMA_READ_CONSUME_CHECK_CONSUMER) timestamp=12047 ms, used_size=3305472 bytes (8.1%)
(RDMA_READ_CONSUME_CHECK_CONSUMER) timestamp=12047 ms, used_size=3303424 bytes (8.1%)
(RDMA_READ_CONSUME_CHECK_CONSUMER) timestamp=12047 ms, used_size=3301376 bytes (8.1%)
(RDMA_READ_CONSUME_CHECK_CONSUMER) timestamp=12047 ms, used_size=3299328 bytes (8.1%)
(RDMA_READ_CONSUME_CHECK_CONSUMER) timestamp=12047 ms, used_size=3297280 bytes (8.1%)
(RDMA_READ_CONSUME_CHECK_CONSUMER) timestamp=12047 ms, used_size=3295232 bytes (8.0%)
(RDMA_READ_CONSUME_CHECK_CONSUMER) timestamp=12047 ms, used_size=3293184 bytes (8.0%)
(RDMA_READ_CONSUME_CHECK_CONSUMER) timestamp=12047 ms, used_size=3291136 bytes (8.0%)
(RDMA_READ_CONSUME_CHECK_CONSUMER) timestamp=12047 ms, used_size=3289088 bytes (8.0%)
(RDMA_READ_CONSUME_CHECK_CONSUMER) timestamp=12047 ms, used_size=3287040 bytes (8.0%)
(RDMA_READ_CONSUME_CHECK_CONSUMER) timestamp=12047 ms, used_size=3284992 bytes (8.0%)
(RDMA_READ_CONSUME_CHECK_CONSUMER) timestamp=12047 ms, used_size=3282944 bytes (8.0%)
(RDMA_READ_CONSUME_CHECK_CONSUMER) timestamp=12047 ms, used_size=3280896 bytes (8.0%)
(RDMA_READ_CONSUME_CHECK_CONSUMER) timestamp=12047 ms, used_size=3278848 bytes (8.0%)
(RDMA_READ_CONSUME_CHECK_CONSUMER) timestamp=12047 ms, used_size=3276800 bytes (8.0%)
(RDMA_READ_CONSUME_CHECK_CONSUMER) timestamp=12047 ms, used_size=3274752 bytes (8.0%)
(RDMA_READ_CONSUME_CHECK_CONSUMER) timestamp=12047 ms, used_size=3272704 bytes (8.0%)
(RDMA_READ_CONSUME_CHECK_CONSUMER) timestamp=12047 ms, used_size=3270656 bytes (8.0%)
(RDMA_READ_CONSUME_CHECK_CONSUMER) timestamp=12047 ms, used_size=3268608 bytes (8.0%)
(RDMA_READ_CONSUME_CHECK_CONSUMER) timestamp=12047 ms, used_size=3266560 bytes (8.0%)
(RDMA_READ_CONSUME_CHECK_CONSUMER) timestamp=12047 ms, used_size=3264512 bytes (8.0%)
(RDMA_READ_CONSUME_CHECK_CONSUMER) timestamp=12047 ms, used_size=3262464 bytes (8.0%)
(RDMA_READ_CONSUME_CHECK_CONSUMER) timestamp=12047 ms, used_size=3260416 bytes (8.0%)
(RDMA_READ_CONSUME_CHECK_CONSUMER) timestamp=12047 ms, used_size=3258368 bytes (8.0%)
(RDMA_READ_CONSUME_CHECK_CONSUMER) timestamp=12047 ms, used_size=3256320 bytes (8.0%)
(RDMA_READ_CONSUME_CHECK_CONSUMER) timestamp=12047 ms, used_size=3254272 bytes (7.9%)
(RDMA_READ_CONSUME_CHECK_CONSUMER) timestamp=12047 ms, used_size=3252224 bytes (7.9%)
(RDMA_READ_CONSUME_CHECK_CONSUMER) timestamp=12047 ms, used_size=3250176 bytes (7.9%)
(RDMA_READ_CONSUME_CHECK_CONSUMER) timestamp=12047 ms, used_size=3248128 bytes (7.9%)
(RDMA_READ_CONSUME_CHECK_CONSUMER) timestamp=12047 ms, used_size=3246080 bytes (7.9%)
(RDMA_READ_CONSUME_CHECK_CONSUMER) timestamp=12047 ms, used_size=3244032 bytes (7.9%)
(RDMA_READ_CONSUME_CHECK_CONSUMER) timestamp=12047 ms, used_size=3241984 bytes (7.9%)
(RDMA_READ_CONSUME_CHECK_CONSUMER) timestamp=12047 ms, used_size=3239936 bytes (7.9%)
(RDMA_READ_CONSUME_CHECK_CONSUMER) timestamp=12047 ms, used_size=3237888 bytes (7.9%)
(RDMA_READ_CONSUME_CHECK_CONSUMER) timestamp=12047 ms, used_size=3235840 bytes (7.9%)
(RDMA_READ_CONSUME_CHECK_CONSUMER) timestamp=12047 ms, used_size=3233792 bytes (7.9%)
(RDMA_READ_CONSUME_CHECK_CONSUMER) timestamp=12047 ms, used_size=3231744 bytes (7.9%)
(RDMA_READ_CONSUME_CHECK_CONSUMER) timestamp=12047 ms, used_size=3229696 bytes (7.9%)
(RDMA_READ_CONSUME_CHECK_CONSUMER) timestamp=12047 ms, used_size=3227648 bytes (7.9%)
(RDMA_READ_CONSUME_CHECK_CONSUMER) timestamp=12047 ms, used_size=3225600 bytes (7.9%)
(RDMA_READ_CONSUME_CHECK_CONSUMER) timestamp=12047 ms, used_size=3223552 bytes (7.9%)
(RDMA_READ_CONSUME_CHECK_CONSUMER) timestamp=12047 ms, used_size=3221504 bytes (7.9%)
(RDMA_READ_CONSUME_CHECK_CONSUMER) timestamp=12047 ms, used_size=3219456 bytes (7.9%)
(RDMA_READ_CONSUME_CHECK_CONSUMER) timestamp=12047 ms, used_size=3217408 bytes (7.9%)
(RDMA_READ_CONSUME_CHECK_CONSUMER) timestamp=12047 ms, used_size=3215360 bytes (7.8%)
(RDMA_READ_CONSUME_CHECK_CONSUMER) timestamp=12047 ms, used_size=3213312 bytes (7.8%)
(RDMA_READ_CONSUME_CHECK_CONSUMER) timestamp=12047 ms, used_size=3211264 bytes (7.8%)
(RDMA_READ_CONSUME_CHECK_CONSUMER) timestamp=12047 ms, used_size=3209216 bytes (7.8%)
(RDMA_READ_CONSUME_CHECK_CONSUMER) timestamp=12048 ms, used_size=3207168 bytes (7.8%)
(RDMA_READ_CONSUME_CHECK_CONSUMER) timestamp=12048 ms, used_size=3205120 bytes (7.8%)
(RDMA_READ_CONSUME_CHECK_CONSUMER) timestamp=12048 ms, used_size=3203072 bytes (7.8%)
(RDMA_READ_CONSUME_CHECK_CONSUMER) timestamp=12048 ms, used_size=3201024 bytes (7.8%)
(RDMA_READ_CONSUME_CHECK_CONSUMER) timestamp=12048 ms, used_size=3198976 bytes (7.8%)
(RDMA_READ_CONSUME_CHECK_CONSUMER) timestamp=12048 ms, used_size=3196928 bytes (7.8%)
(RDMA_READ_CONSUME_CHECK_CONSUMER) timestamp=12048 ms, used_size=3194880 bytes (7.8%)
(RDMA_READ_CONSUME_CHECK_CONSUMER) timestamp=12048 ms, used_size=3192832 bytes (7.8%)
(RDMA_READ_CONSUME_CHECK_CONSUMER) timestamp=12048 ms, used_size=3190784 bytes (7.8%)
(RDMA_READ_CONSUME_CHECK_CONSUMER) timestamp=12048 ms, used_size=3188736 bytes (7.8%)
(RDMA_READ_CONSUME_CHECK_CONSUMER) timestamp=12048 ms, used_size=3186688 bytes (7.8%)
(RDMA_READ_CONSUME_CHECK_CONSUMER) timestamp=12048 ms, used_size=3184640 bytes (7.8%)
(RDMA_READ_CONSUME_CHECK_CONSUMER) timestamp=12048 ms, used_size=3182592 bytes (7.8%)
(RDMA_READ_CONSUME_CHECK_CONSUMER) timestamp=12048 ms, used_size=3180544 bytes (7.8%)
(RDMA_READ_CONSUME_CHECK_CONSUMER) timestamp=12048 ms, used_size=3178496 bytes (7.8%)
(RDMA_READ_CONSUME_CHECK_CONSUMER) timestamp=12048 ms, used_size=3176448 bytes (7.8%)
(RDMA_READ_CONSUME_CHECK_CONSUMER) timestamp=12048 ms, used_size=3174400 bytes (7.8%)
(RDMA_READ_CONSUME_CHECK_CONSUMER) timestamp=12048 ms, used_size=3172352 bytes (7.7%)
(RDMA_READ_CONSUME_CHECK_CONSUMER) timestamp=12048 ms, used_size=3170304 bytes (7.7%)
(RDMA_READ_CONSUME_CHECK_CONSUMER) timestamp=12048 ms, used_size=3168256 bytes (7.7%)
(RDMA_READ_CONSUME_CHECK_CONSUMER) timestamp=12048 ms, used_size=3166208 bytes (7.7%)
(RDMA_READ_CONSUME_CHECK_CONSUMER) timestamp=12048 ms, used_size=3164160 bytes (7.7%)
(RDMA_READ_CONSUME_CHECK_CONSUMER) timestamp=12048 ms, used_size=3162112 bytes (7.7%)
(RDMA_READ_CONSUME_CHECK_CONSUMER) timestamp=12048 ms, used_size=3160064 bytes (7.7%)
(RDMA_READ_CONSUME_CHECK_CONSUMER) timestamp=12048 ms, used_size=3158016 bytes (7.7%)
(RDMA_READ_CONSUME_CHECK_CONSUMER) timestamp=12048 ms, used_size=3155968 bytes (7.7%)
(RDMA_READ_CONSUME_CHECK_CONSUMER) timestamp=12048 ms, used_size=3153920 bytes (7.7%)
(RDMA_READ_CONSUME_CHECK_CONSUMER) timestamp=12048 ms, used_size=3151872 bytes (7.7%)
(RDMA_READ_CONSUME_CHECK_CONSUMER) timestamp=12048 ms, used_size=3149824 bytes (7.7%)
(RDMA_READ_CONSUME_CHECK_CONSUMER) timestamp=12048 ms, used_size=3147776 bytes (7.7%)
(RDMA_READ_CONSUME_CHECK_CONSUMER) timestamp=12048 ms, used_size=3145728 bytes (7.7%)
(RDMA_READ_CONSUME_CHECK_CONSUMER) timestamp=12048 ms, used_size=3143680 bytes (7.7%)
(RDMA_READ_CONSUME_CHECK_CONSUMER) timestamp=12048 ms, used_size=3141632 bytes (7.7%)
(RDMA_READ_CONSUME_CHECK_CONSUMER) timestamp=12048 ms, used_size=3139584 bytes (7.7%)
(RDMA_READ_CONSUME_CHECK_CONSUMER) timestamp=12048 ms, used_size=3137536 bytes (7.7%)
(RDMA_READ_CONSUME_CHECK_CONSUMER) timestamp=12048 ms, used_size=3135488 bytes (7.7%)
(RDMA_READ_CONSUME_CHECK_CONSUMER) timestamp=12048 ms, used_size=3133440 bytes (7.7%)
(RDMA_READ_CONSUME_CHECK_CONSUMER) timestamp=12048 ms, used_size=3131392 bytes (7.6%)
(RDMA_READ_CONSUME_CHECK_CONSUMER) timestamp=12048 ms, used_size=3129344 bytes (7.6%)
(RDMA_READ_CONSUME_CHECK_CONSUMER) timestamp=12048 ms, used_size=3127296 bytes (7.6%)
(RDMA_READ_CONSUME_CHECK_CONSUMER) timestamp=12048 ms, used_size=3125248 bytes (7.6%)
(RDMA_READ_CONSUME_CHECK_CONSUMER) timestamp=12048 ms, used_size=3123200 bytes (7.6%)
(RDMA_READ_CONSUME_CHECK_CONSUMER) timestamp=12048 ms, used_size=3121152 bytes (7.6%)
(RDMA_READ_CONSUME_CHECK_CONSUMER) timestamp=12048 ms, used_size=3119104 bytes (7.6%)
(RDMA_READ_CONSUME_CHECK_CONSUMER) timestamp=12048 ms, used_size=3117056 bytes (7.6%)
(RDMA_READ_CONSUME_CHECK_CONSUMER) timestamp=12048 ms, used_size=3115008 bytes (7.6%)
(RDMA_READ_CONSUME_CHECK_CONSUMER) timestamp=12048 ms, used_size=3112960 bytes (7.6%)
(RDMA_READ_CONSUME_CHECK_CONSUMER) timestamp=12048 ms, used_size=3110912 bytes (7.6%)
(RDMA_READ_CONSUME_CHECK_CONSUMER) timestamp=12048 ms, used_size=3108864 bytes (7.6%)
(RDMA_READ_CONSUME_CHECK_CONSUMER) timestamp=12048 ms, used_size=3106816 bytes (7.6%)
(RDMA_READ_CONSUME_CHECK_CONSUMER) timestamp=12048 ms, used_size=3104768 bytes (7.6%)
(RDMA_READ_CONSUME_CHECK_CONSUMER) timestamp=12048 ms, used_size=3102720 bytes (7.6%)
(RDMA_READ_CONSUME_CHECK_CONSUMER) timestamp=12048 ms, used_size=3100672 bytes (7.6%)
(RDMA_READ_CONSUME_CHECK_CONSUMER) timestamp=12048 ms, used_size=3098624 bytes (7.6%)
(RDMA_READ_CONSUME_CHECK_CONSUMER) timestamp=12048 ms, used_size=3096576 bytes (7.6%)
(RDMA_READ_CONSUME_CHECK_CONSUMER) timestamp=12048 ms, used_size=3094528 bytes (7.6%)
(RDMA_READ_CONSUME_CHECK_CONSUMER) timestamp=12048 ms, used_size=3092480 bytes (7.5%)
(RDMA_READ_CONSUME_CHECK_CONSUMER) timestamp=12048 ms, used_size=3090432 bytes (7.5%)
(RDMA_READ_CONSUME_CHECK_CONSUMER) timestamp=12048 ms, used_size=3088384 bytes (7.5%)
(RDMA_READ_CONSUME_CHECK_CONSUMER) timestamp=12048 ms, used_size=3086336 bytes (7.5%)
(RDMA_READ_CONSUME_CHECK_CONSUMER) timestamp=12048 ms, used_size=3084288 bytes (7.5%)
(RDMA_READ_CONSUME_CHECK_CONSUMER) timestamp=12048 ms, used_size=3082240 bytes (7.5%)
(RDMA_READ_CONSUME_CHECK_CONSUMER) timestamp=12048 ms, used_size=3080192 bytes (7.5%)
(RDMA_READ_CONSUME_CHECK_CONSUMER) timestamp=12048 ms, used_size=3078144 bytes (7.5%)
(RDMA_READ_CONSUME_CHECK_CONSUMER) timestamp=12048 ms, used_size=3076096 bytes (7.5%)
(RDMA_READ_CONSUME_CHECK_CONSUMER) timestamp=12048 ms, used_size=3074048 bytes (7.5%)
(RDMA_READ_CONSUME_CHECK_CONSUMER) timestamp=12048 ms, used_size=3072000 bytes (7.5%)
(RDMA_READ_CONSUME_CHECK_CONSUMER) timestamp=12048 ms, used_size=3069952 bytes (7.5%)
(RDMA_READ_CONSUME_CHECK_CONSUMER) timestamp=12048 ms, used_size=3067904 bytes (7.5%)
(RDMA_READ_CONSUME_CHECK_CONSUMER) timestamp=12048 ms, used_size=3065856 bytes (7.5%)
(RDMA_READ_CONSUME_CHECK_CONSUMER) timestamp=12048 ms, used_size=3063808 bytes (7.5%)
(RDMA_READ_CONSUME_CHECK_CONSUMER) timestamp=12048 ms, used_size=3061760 bytes (7.5%)
(RDMA_READ_CONSUME_CHECK_CONSUMER) timestamp=12048 ms, used_size=3059712 bytes (7.5%)
(RDMA_READ_CONSUME_CHECK_CONSUMER) timestamp=12048 ms, used_size=3057664 bytes (7.5%)
(RDMA_READ_CONSUME_CHECK_CONSUMER) timestamp=12048 ms, used_size=3055616 bytes (7.5%)
(RDMA_READ_CONSUME_CHECK_CONSUMER) timestamp=12048 ms, used_size=3053568 bytes (7.5%)
(RDMA_READ_CONSUME_CHECK_CONSUMER) timestamp=12048 ms, used_size=3051520 bytes (7.5%)
(RDMA_READ_CONSUME_CHECK_CONSUMER) timestamp=12048 ms, used_size=3049472 bytes (7.4%)
(RDMA_READ_CONSUME_CHECK_CONSUMER) timestamp=12048 ms, used_size=3047424 bytes (7.4%)
(RDMA_READ_CONSUME_CHECK_CONSUMER) timestamp=12048 ms, used_size=3045376 bytes (7.4%)
(RDMA_READ_CONSUME_CHECK_CONSUMER) timestamp=12048 ms, used_size=3043328 bytes (7.4%)
(RDMA_READ_CONSUME_CHECK_CONSUMER) timestamp=12048 ms, used_size=3041280 bytes (7.4%)
(RDMA_READ_CONSUME_CHECK_CONSUMER) timestamp=12048 ms, used_size=3039232 bytes (7.4%)
(RDMA_READ_CONSUME_CHECK_CONSUMER) timestamp=12048 ms, used_size=3037184 bytes (7.4%)
(RDMA_READ_CONSUME_CHECK_CONSUMER) timestamp=12048 ms, used_size=3035136 bytes (7.4%)
(RDMA_READ_CONSUME_CHECK_CONSUMER) timestamp=12048 ms, used_size=3033088 bytes (7.4%)
(RDMA_READ_CONSUME_CHECK_CONSUMER) timestamp=12048 ms, used_size=3031040 bytes (7.4%)
(RDMA_READ_CONSUME_CHECK_CONSUMER) timestamp=12048 ms, used_size=3028992 bytes (7.4%)
(RDMA_READ_CONSUME_CHECK_CONSUMER) timestamp=12048 ms, used_size=3026944 bytes (7.4%)
(RDMA_READ_CONSUME_CHECK_CONSUMER) timestamp=12048 ms, used_size=3024896 bytes (7.4%)
(RDMA_READ_CONSUME_CHECK_CONSUMER) timestamp=12048 ms, used_size=3022848 bytes (7.4%)
(RDMA_READ_CONSUME_CHECK_CONSUMER) timestamp=12048 ms, used_size=3020800 bytes (7.4%)
(RDMA_READ_CONSUME_CHECK_CONSUMER) timestamp=12048 ms, used_size=3018752 bytes (7.4%)
(RDMA_READ_CONSUME_CHECK_CONSUMER) timestamp=12048 ms, used_size=3016704 bytes (7.4%)
(RDMA_READ_CONSUME_CHECK_CONSUMER) timestamp=12048 ms, used_size=3014656 bytes (7.4%)
(RDMA_READ_CONSUME_CHECK_CONSUMER) timestamp=12048 ms, used_size=3012608 bytes (7.4%)
(RDMA_READ_CONSUME_CHECK_CONSUMER) timestamp=12048 ms, used_size=3010560 bytes (7.3%)
(RDMA_READ_CONSUME_CHECK_CONSUMER) timestamp=12048 ms, used_size=3008512 bytes (7.3%)
(RDMA_READ_CONSUME_CHECK_CONSUMER) timestamp=12048 ms, used_size=3006464 bytes (7.3%)
(RDMA_READ_CONSUME_CHECK_CONSUMER) timestamp=12048 ms, used_size=3004416 bytes (7.3%)
(RDMA_READ_CONSUME_CHECK_CONSUMER) timestamp=12048 ms, used_size=3002368 bytes (7.3%)
(RDMA_READ_CONSUME_CHECK_CONSUMER) timestamp=12048 ms, used_size=3000320 bytes (7.3%)
(RDMA_READ_CONSUME_CHECK_CONSUMER) timestamp=12048 ms, used_size=2998272 bytes (7.3%)
(RDMA_READ_CONSUME_CHECK_CONSUMER) timestamp=12048 ms, used_size=2996224 bytes (7.3%)
(RDMA_READ_CONSUME_CHECK_CONSUMER) timestamp=12048 ms, used_size=2994176 bytes (7.3%)
(RDMA_READ_CONSUME_CHECK_CONSUMER) timestamp=12048 ms, used_size=2992128 bytes (7.3%)
(RDMA_READ_CONSUME_CHECK_CONSUMER) timestamp=12048 ms, used_size=2990080 bytes (7.3%)
(RDMA_READ_CONSUME_CHECK_CONSUMER) timestamp=12048 ms, used_size=2988032 bytes (7.3%)
(RDMA_READ_CONSUME_CHECK_CONSUMER) timestamp=12048 ms, used_size=2985984 bytes (7.3%)
(RDMA_READ_CONSUME_CHECK_CONSUMER) timestamp=12048 ms, used_size=2983936 bytes (7.3%)
(RDMA_READ_CONSUME_CHECK_CONSUMER) timestamp=12048 ms, used_size=2981888 bytes (7.3%)
(RDMA_READ_CONSUME_CHECK_CONSUMER) timestamp=12048 ms, used_size=2979840 bytes (7.3%)
(RDMA_READ_CONSUME_CHECK_CONSUMER) timestamp=12048 ms, used_size=2977792 bytes (7.3%)
(RDMA_READ_CONSUME_CHECK_CONSUMER) timestamp=12048 ms, used_size=2975744 bytes (7.3%)
(RDMA_READ_CONSUME_CHECK_CONSUMER) timestamp=12048 ms, used_size=2973696 bytes (7.3%)
(RDMA_READ_CONSUME_CHECK_CONSUMER) timestamp=12048 ms, used_size=2971648 bytes (7.3%)
(RDMA_READ_CONSUME_CHECK_CONSUMER) timestamp=12048 ms, used_size=2969600 bytes (7.2%)
(RDMA_READ_CONSUME_CHECK_CONSUMER) timestamp=12048 ms, used_size=2967552 bytes (7.2%)
(RDMA_READ_CONSUME_CHECK_CONSUMER) timestamp=12048 ms, used_size=2965504 bytes (7.2%)
(RDMA_READ_CONSUME_CHECK_CONSUMER) timestamp=12048 ms, used_size=2963456 bytes (7.2%)
(RDMA_READ_CONSUME_CHECK_CONSUMER) timestamp=12048 ms, used_size=2961408 bytes (7.2%)
(RDMA_READ_CONSUME_CHECK_CONSUMER) timestamp=12048 ms, used_size=2959360 bytes (7.2%)
(RDMA_READ_CONSUME_CHECK_CONSUMER) timestamp=12048 ms, used_size=2957312 bytes (7.2%)
(RDMA_READ_CONSUME_CHECK_CONSUMER) timestamp=12048 ms, used_size=2955264 bytes (7.2%)
(RDMA_READ_CONSUME_CHECK_CONSUMER) timestamp=12048 ms, used_size=2953216 bytes (7.2%)
(RDMA_READ_CONSUME_CHECK_CONSUMER) timestamp=12048 ms, used_size=2951168 bytes (7.2%)
(RDMA_READ_CONSUME_CHECK_CONSUMER) timestamp=12048 ms, used_size=2949120 bytes (7.2%)
(RDMA_READ_CONSUME_CHECK_CONSUMER) timestamp=12048 ms, used_size=2947072 bytes (7.2%)
(RDMA_READ_CONSUME_CHECK_CONSUMER) timestamp=12048 ms, used_size=2945024 bytes (7.2%)
(RDMA_READ_CONSUME_CHECK_CONSUMER) timestamp=12048 ms, used_size=2942976 bytes (7.2%)
(RDMA_READ_CONSUME_CHECK_CONSUMER) timestamp=12048 ms, used_size=2940928 bytes (7.2%)
(RDMA_READ_CONSUME_CHECK_CONSUMER) timestamp=12048 ms, used_size=2938880 bytes (7.2%)
(RDMA_READ_CONSUME_CHECK_CONSUMER) timestamp=12048 ms, used_size=2936832 bytes (7.2%)
(RDMA_READ_CONSUME_CHECK_CONSUMER) timestamp=12048 ms, used_size=2934784 bytes (7.2%)
(RDMA_READ_CONSUME_CHECK_CONSUMER) timestamp=12048 ms, used_size=2932736 bytes (7.2%)
(RDMA_READ_CONSUME_CHECK_CONSUMER) timestamp=12048 ms, used_size=2930688 bytes (7.2%)
(RDMA_READ_CONSUME_CHECK_CONSUMER) timestamp=12048 ms, used_size=2928640 bytes (7.2%)
(RDMA_READ_CONSUME_CHECK_CONSUMER) timestamp=12048 ms, used_size=2926592 bytes (7.1%)
(RDMA_READ_CONSUME_CHECK_CONSUMER) timestamp=12048 ms, used_size=2924544 bytes (7.1%)
(RDMA_READ_CONSUME_CHECK_CONSUMER) timestamp=12048 ms, used_size=2922496 bytes (7.1%)
(RDMA_READ_CONSUME_CHECK_CONSUMER) timestamp=12048 ms, used_size=2920448 bytes (7.1%)
(RDMA_READ_CONSUME_CHECK_CONSUMER) timestamp=12048 ms, used_size=2918400 bytes (7.1%)
(RDMA_READ_CONSUME_CHECK_CONSUMER) timestamp=12048 ms, used_size=2916352 bytes (7.1%)
(RDMA_READ_CONSUME_CHECK_CONSUMER) timestamp=12048 ms, used_size=2914304 bytes (7.1%)
(RDMA_READ_CONSUME_CHECK_CONSUMER) timestamp=12048 ms, used_size=2912256 bytes (7.1%)
(RDMA_READ_CONSUME_CHECK_CONSUMER) timestamp=12048 ms, used_size=2910208 bytes (7.1%)
(RDMA_READ_CONSUME_CHECK_CONSUMER) timestamp=12048 ms, used_size=2908160 bytes (7.1%)
(RDMA_READ_CONSUME_CHECK_CONSUMER) timestamp=12048 ms, used_size=2906112 bytes (7.1%)
(RDMA_READ_CONSUME_CHECK_CONSUMER) timestamp=12048 ms, used_size=2904064 bytes (7.1%)
(RDMA_READ_CONSUME_CHECK_CONSUMER) timestamp=12048 ms, used_size=2902016 bytes (7.1%)
(RDMA_READ_CONSUME_CHECK_CONSUMER) timestamp=12048 ms, used_size=2899968 bytes (7.1%)
(RDMA_READ_CONSUME_CHECK_CONSUMER) timestamp=12048 ms, used_size=2897920 bytes (7.1%)
(RDMA_READ_CONSUME_CHECK_CONSUMER) timestamp=12048 ms, used_size=2895872 bytes (7.1%)
(RDMA_READ_CONSUME_CHECK_CONSUMER) timestamp=12048 ms, used_size=2893824 bytes (7.1%)
(RDMA_READ_CONSUME_CHECK_CONSUMER) timestamp=12048 ms, used_size=2891776 bytes (7.1%)
(RDMA_READ_CONSUME_CHECK_CONSUMER) timestamp=12048 ms, used_size=2889728 bytes (7.1%)
(RDMA_READ_CONSUME_CHECK_CONSUMER) timestamp=12048 ms, used_size=2887680 bytes (7.0%)
(RDMA_READ_CONSUME_CHECK_CONSUMER) timestamp=12048 ms, used_size=2885632 bytes (7.0%)
(RDMA_READ_CONSUME_CHECK_CONSUMER) timestamp=12048 ms, used_size=2883584 bytes (7.0%)
(RDMA_READ_CONSUME_CHECK_CONSUMER) timestamp=12048 ms, used_size=2881536 bytes (7.0%)
(RDMA_READ_CONSUME_CHECK_CONSUMER) timestamp=12048 ms, used_size=2879488 bytes (7.0%)
(RDMA_READ_CONSUME_CHECK_CONSUMER) timestamp=12048 ms, used_size=2877440 bytes (7.0%)
(RDMA_READ_CONSUME_CHECK_CONSUMER) timestamp=12048 ms, used_size=2875392 bytes (7.0%)
(RDMA_READ_CONSUME_CHECK_CONSUMER) timestamp=12048 ms, used_size=2873344 bytes (7.0%)
(RDMA_READ_CONSUME_CHECK_CONSUMER) timestamp=12048 ms, used_size=2871296 bytes (7.0%)
(RDMA_READ_CONSUME_CHECK_CONSUMER) timestamp=12048 ms, used_size=2869248 bytes (7.0%)
(RDMA_READ_CONSUME_CHECK_CONSUMER) timestamp=12048 ms, used_size=2867200 bytes (7.0%)
(RDMA_READ_CONSUME_CHECK_CONSUMER) timestamp=12048 ms, used_size=2865152 bytes (7.0%)
(RDMA_READ_CONSUME_CHECK_CONSUMER) timestamp=12049 ms, used_size=2863104 bytes (7.0%)
(RDMA_READ_CONSUME_CHECK_CONSUMER) timestamp=12049 ms, used_size=2861056 bytes (7.0%)
(RDMA_READ_CONSUME_CHECK_CONSUMER) timestamp=12049 ms, used_size=2859008 bytes (7.0%)
(RDMA_READ_CONSUME_CHECK_CONSUMER) timestamp=12049 ms, used_size=2856960 bytes (7.0%)
(RDMA_READ_CONSUME_CHECK_CONSUMER) timestamp=12049 ms, used_size=2854912 bytes (7.0%)
(RDMA_READ_CONSUME_CHECK_CONSUMER) timestamp=12049 ms, used_size=2852864 bytes (7.0%)
(RDMA_READ_CONSUME_CHECK_CONSUMER) timestamp=12049 ms, used_size=2850816 bytes (7.0%)
(RDMA_READ_CONSUME_CHECK_CONSUMER) timestamp=12049 ms, used_size=2848768 bytes (7.0%)
(RDMA_READ_CONSUME_CHECK_CONSUMER) timestamp=12049 ms, used_size=2846720 bytes (7.0%)
(RDMA_READ_CONSUME_CHECK_CONSUMER) timestamp=12049 ms, used_size=2844672 bytes (6.9%)
(RDMA_READ_CONSUME_CHECK_CONSUMER) timestamp=12049 ms, used_size=2842624 bytes (6.9%)
(RDMA_READ_CONSUME_CHECK_CONSUMER) timestamp=12049 ms, used_size=2840576 bytes (6.9%)
(RDMA_READ_CONSUME_CHECK_CONSUMER) timestamp=12049 ms, used_size=2838528 bytes (6.9%)
(RDMA_READ_CONSUME_CHECK_CONSUMER) timestamp=12049 ms, used_size=2836480 bytes (6.9%)
(RDMA_READ_CONSUME_CHECK_CONSUMER) timestamp=12049 ms, used_size=2834432 bytes (6.9%)
(RDMA_READ_CONSUME_CHECK_CONSUMER) timestamp=12049 ms, used_size=2832384 bytes (6.9%)
(RDMA_READ_CONSUME_CHECK_CONSUMER) timestamp=12049 ms, used_size=2830336 bytes (6.9%)
(RDMA_READ_CONSUME_CHECK_CONSUMER) timestamp=12049 ms, used_size=2828288 bytes (6.9%)
(RDMA_READ_CONSUME_CHECK_CONSUMER) timestamp=12049 ms, used_size=2826240 bytes (6.9%)
(RDMA_READ_CONSUME_CHECK_CONSUMER) timestamp=12049 ms, used_size=2824192 bytes (6.9%)
(RDMA_READ_CONSUME_CHECK_CONSUMER) timestamp=12049 ms, used_size=2822144 bytes (6.9%)
(RDMA_READ_CONSUME_CHECK_CONSUMER) timestamp=12049 ms, used_size=2820096 bytes (6.9%)
(RDMA_READ_CONSUME_CHECK_CONSUMER) timestamp=12049 ms, used_size=2818048 bytes (6.9%)
(RDMA_READ_CONSUME_CHECK_CONSUMER) timestamp=12049 ms, used_size=2816000 bytes (6.9%)
(RDMA_READ_CONSUME_CHECK_CONSUMER) timestamp=12049 ms, used_size=2813952 bytes (6.9%)
(RDMA_READ_CONSUME_CHECK_CONSUMER) timestamp=12049 ms, used_size=2811904 bytes (6.9%)
(RDMA_READ_CONSUME_CHECK_CONSUMER) timestamp=12049 ms, used_size=2809856 bytes (6.9%)
(RDMA_READ_CONSUME_CHECK_CONSUMER) timestamp=12049 ms, used_size=2807808 bytes (6.9%)
(RDMA_READ_CONSUME_CHECK_CONSUMER) timestamp=12049 ms, used_size=2805760 bytes (6.8%)
(RDMA_READ_CONSUME_CHECK_CONSUMER) timestamp=12049 ms, used_size=2803712 bytes (6.8%)
(RDMA_READ_CONSUME_CHECK_CONSUMER) timestamp=12049 ms, used_size=2801664 bytes (6.8%)
(RDMA_READ_CONSUME_CHECK_CONSUMER) timestamp=12049 ms, used_size=2799616 bytes (6.8%)
(RDMA_READ_CONSUME_CHECK_CONSUMER) timestamp=12049 ms, used_size=2797568 bytes (6.8%)
(RDMA_READ_CONSUME_CHECK_CONSUMER) timestamp=12049 ms, used_size=2795520 bytes (6.8%)
(RDMA_READ_CONSUME_CHECK_CONSUMER) timestamp=12049 ms, used_size=2793472 bytes (6.8%)
(RDMA_READ_CONSUME_CHECK_CONSUMER) timestamp=12049 ms, used_size=2791424 bytes (6.8%)
(RDMA_READ_CONSUME_CHECK_CONSUMER) timestamp=12049 ms, used_size=2789376 bytes (6.8%)
(RDMA_READ_CONSUME_CHECK_CONSUMER) timestamp=12049 ms, used_size=2787328 bytes (6.8%)
(RDMA_READ_CONSUME_CHECK_CONSUMER) timestamp=12049 ms, used_size=2785280 bytes (6.8%)
(RDMA_READ_CONSUME_CHECK_CONSUMER) timestamp=12049 ms, used_size=2783232 bytes (6.8%)
(RDMA_READ_CONSUME_CHECK_CONSUMER) timestamp=12049 ms, used_size=2781184 bytes (6.8%)
(RDMA_READ_CONSUME_CHECK_CONSUMER) timestamp=12049 ms, used_size=2779136 bytes (6.8%)
(RDMA_READ_CONSUME_CHECK_CONSUMER) timestamp=12049 ms, used_size=2777088 bytes (6.8%)
(RDMA_READ_CONSUME_CHECK_CONSUMER) timestamp=12049 ms, used_size=2775040 bytes (6.8%)
(RDMA_READ_CONSUME_CHECK_CONSUMER) timestamp=12049 ms, used_size=2772992 bytes (6.8%)
(RDMA_READ_CONSUME_CHECK_CONSUMER) timestamp=12049 ms, used_size=2770944 bytes (6.8%)
(RDMA_READ_CONSUME_CHECK_CONSUMER) timestamp=12049 ms, used_size=2768896 bytes (6.8%)
(RDMA_READ_CONSUME_CHECK_CONSUMER) timestamp=12049 ms, used_size=2766848 bytes (6.8%)
(RDMA_READ_CONSUME_CHECK_CONSUMER) timestamp=12049 ms, used_size=2764800 bytes (6.8%)
(RDMA_READ_CONSUME_CHECK_CONSUMER) timestamp=12049 ms, used_size=2762752 bytes (6.7%)
(RDMA_READ_CONSUME_CHECK_CONSUMER) timestamp=12049 ms, used_size=2760704 bytes (6.7%)
(RDMA_READ_CONSUME_CHECK_CONSUMER) timestamp=12049 ms, used_size=2758656 bytes (6.7%)
(RDMA_READ_CONSUME_CHECK_CONSUMER) timestamp=12049 ms, used_size=2756608 bytes (6.7%)
(RDMA_READ_CONSUME_CHECK_CONSUMER) timestamp=12049 ms, used_size=2754560 bytes (6.7%)
(RDMA_READ_CONSUME_CHECK_CONSUMER) timestamp=12049 ms, used_size=2752512 bytes (6.7%)
(RDMA_READ_CONSUME_CHECK_CONSUMER) timestamp=12049 ms, used_size=2750464 bytes (6.7%)
(RDMA_READ_CONSUME_CHECK_CONSUMER) timestamp=12049 ms, used_size=2748416 bytes (6.7%)
(RDMA_READ_CONSUME_CHECK_CONSUMER) timestamp=12049 ms, used_size=2746368 bytes (6.7%)
(RDMA_READ_CONSUME_CHECK_CONSUMER) timestamp=12049 ms, used_size=2744320 bytes (6.7%)
(RDMA_READ_CONSUME_CHECK_CONSUMER) timestamp=12049 ms, used_size=2742272 bytes (6.7%)
(RDMA_READ_CONSUME_CHECK_CONSUMER) timestamp=12049 ms, used_size=2740224 bytes (6.7%)
(RDMA_READ_CONSUME_CHECK_CONSUMER) timestamp=12049 ms, used_size=2738176 bytes (6.7%)
(RDMA_READ_CONSUME_CHECK_CONSUMER) timestamp=12049 ms, used_size=2736128 bytes (6.7%)
(RDMA_READ_CONSUME_CHECK_CONSUMER) timestamp=12049 ms, used_size=2734080 bytes (6.7%)
(RDMA_READ_CONSUME_CHECK_CONSUMER) timestamp=12049 ms, used_size=2732032 bytes (6.7%)
(RDMA_READ_CONSUME_CHECK_CONSUMER) timestamp=12049 ms, used_size=2729984 bytes (6.7%)
(RDMA_READ_CONSUME_CHECK_CONSUMER) timestamp=12049 ms, used_size=2727936 bytes (6.7%)
(RDMA_READ_CONSUME_CHECK_CONSUMER) timestamp=12049 ms, used_size=2725888 bytes (6.7%)
(RDMA_READ_CONSUME_CHECK_CONSUMER) timestamp=12049 ms, used_size=2723840 bytes (6.7%)
(RDMA_READ_CONSUME_CHECK_CONSUMER) timestamp=12049 ms, used_size=2721792 bytes (6.6%)
(RDMA_READ_CONSUME_CHECK_CONSUMER) timestamp=12049 ms, used_size=2719744 bytes (6.6%)
(RDMA_READ_CONSUME_CHECK_CONSUMER) timestamp=12049 ms, used_size=2717696 bytes (6.6%)
(RDMA_READ_CONSUME_CHECK_CONSUMER) timestamp=12049 ms, used_size=2715648 bytes (6.6%)
(RDMA_READ_CONSUME_CHECK_CONSUMER) timestamp=12049 ms, used_size=2713600 bytes (6.6%)
(RDMA_READ_CONSUME_CHECK_CONSUMER) timestamp=12049 ms, used_size=2711552 bytes (6.6%)
(RDMA_READ_CONSUME_CHECK_CONSUMER) timestamp=12049 ms, used_size=2709504 bytes (6.6%)
(RDMA_READ_CONSUME_CHECK_CONSUMER) timestamp=12049 ms, used_size=2707456 bytes (6.6%)
(RDMA_READ_CONSUME_CHECK_CONSUMER) timestamp=12049 ms, used_size=2705408 bytes (6.6%)
(RDMA_READ_CONSUME_CHECK_CONSUMER) timestamp=12049 ms, used_size=2703360 bytes (6.6%)
(RDMA_READ_CONSUME_CHECK_CONSUMER) timestamp=12049 ms, used_size=2701312 bytes (6.6%)
(RDMA_READ_CONSUME_CHECK_CONSUMER) timestamp=12049 ms, used_size=2699264 bytes (6.6%)
(RDMA_READ_CONSUME_CHECK_CONSUMER) timestamp=12049 ms, used_size=2697216 bytes (6.6%)
(RDMA_READ_CONSUME_CHECK_CONSUMER) timestamp=12049 ms, used_size=2695168 bytes (6.6%)
(RDMA_READ_CONSUME_CHECK_CONSUMER) timestamp=12049 ms, used_size=2693120 bytes (6.6%)
(RDMA_READ_CONSUME_CHECK_CONSUMER) timestamp=12049 ms, used_size=2691072 bytes (6.6%)
(RDMA_READ_CONSUME_CHECK_CONSUMER) timestamp=12049 ms, used_size=2689024 bytes (6.6%)
(RDMA_READ_CONSUME_CHECK_CONSUMER) timestamp=12049 ms, used_size=2686976 bytes (6.6%)
(RDMA_READ_CONSUME_CHECK_CONSUMER) timestamp=12049 ms, used_size=2684928 bytes (6.6%)
(RDMA_READ_CONSUME_CHECK_CONSUMER) timestamp=12049 ms, used_size=2682880 bytes (6.5%)
(RDMA_READ_CONSUME_CHECK_CONSUMER) timestamp=12049 ms, used_size=2680832 bytes (6.5%)
(RDMA_READ_CONSUME_CHECK_CONSUMER) timestamp=12049 ms, used_size=2678784 bytes (6.5%)
(RDMA_READ_CONSUME_CHECK_CONSUMER) timestamp=12049 ms, used_size=2676736 bytes (6.5%)
(RDMA_READ_CONSUME_CHECK_CONSUMER) timestamp=12049 ms, used_size=2674688 bytes (6.5%)
(RDMA_READ_CONSUME_CHECK_CONSUMER) timestamp=12049 ms, used_size=2672640 bytes (6.5%)
(RDMA_READ_CONSUME_CHECK_CONSUMER) timestamp=12049 ms, used_size=2670592 bytes (6.5%)
(RDMA_READ_CONSUME_CHECK_CONSUMER) timestamp=12049 ms, used_size=2668544 bytes (6.5%)
(RDMA_READ_CONSUME_CHECK_CONSUMER) timestamp=12049 ms, used_size=2666496 bytes (6.5%)
(RDMA_READ_CONSUME_CHECK_CONSUMER) timestamp=12049 ms, used_size=2664448 bytes (6.5%)
(RDMA_READ_CONSUME_CHECK_CONSUMER) timestamp=12049 ms, used_size=2662400 bytes (6.5%)
(RDMA_READ_CONSUME_CHECK_CONSUMER) timestamp=12049 ms, used_size=2660352 bytes (6.5%)
(RDMA_READ_CONSUME_CHECK_CONSUMER) timestamp=12049 ms, used_size=2658304 bytes (6.5%)
(RDMA_READ_CONSUME_CHECK_CONSUMER) timestamp=12049 ms, used_size=2656256 bytes (6.5%)
(RDMA_READ_CONSUME_CHECK_CONSUMER) timestamp=12049 ms, used_size=2654208 bytes (6.5%)
(RDMA_READ_CONSUME_CHECK_CONSUMER) timestamp=12049 ms, used_size=2652160 bytes (6.5%)
(RDMA_READ_CONSUME_CHECK_CONSUMER) timestamp=12049 ms, used_size=2650112 bytes (6.5%)
(RDMA_READ_CONSUME_CHECK_CONSUMER) timestamp=12049 ms, used_size=2648064 bytes (6.5%)
(RDMA_READ_CONSUME_CHECK_CONSUMER) timestamp=12049 ms, used_size=2646016 bytes (6.5%)
(RDMA_READ_CONSUME_CHECK_CONSUMER) timestamp=12049 ms, used_size=2643968 bytes (6.5%)
(RDMA_READ_CONSUME_CHECK_CONSUMER) timestamp=12049 ms, used_size=2641920 bytes (6.5%)
(RDMA_READ_CONSUME_CHECK_CONSUMER) timestamp=12049 ms, used_size=2639872 bytes (6.4%)
(RDMA_READ_CONSUME_CHECK_CONSUMER) timestamp=12049 ms, used_size=2637824 bytes (6.4%)
(RDMA_READ_CONSUME_CHECK_CONSUMER) timestamp=12049 ms, used_size=2635776 bytes (6.4%)
(RDMA_READ_CONSUME_CHECK_CONSUMER) timestamp=12049 ms, used_size=2633728 bytes (6.4%)
(RDMA_READ_CONSUME_CHECK_CONSUMER) timestamp=12049 ms, used_size=2631680 bytes (6.4%)
(RDMA_READ_CONSUME_CHECK_CONSUMER) timestamp=12049 ms, used_size=2629632 bytes (6.4%)
(RDMA_READ_CONSUME_CHECK_CONSUMER) timestamp=12049 ms, used_size=2627584 bytes (6.4%)
(RDMA_READ_CONSUME_CHECK_CONSUMER) timestamp=12049 ms, used_size=2625536 bytes (6.4%)
(RDMA_READ_CONSUME_CHECK_CONSUMER) timestamp=12049 ms, used_size=2623488 bytes (6.4%)
(RDMA_READ_CONSUME_CHECK_CONSUMER) timestamp=12049 ms, used_size=2621440 bytes (6.4%)
(RDMA_READ_CONSUME_CHECK_CONSUMER) timestamp=12049 ms, used_size=2619392 bytes (6.4%)
(RDMA_READ_CONSUME_CHECK_CONSUMER) timestamp=12049 ms, used_size=2617344 bytes (6.4%)
(RDMA_READ_CONSUME_CHECK_CONSUMER) timestamp=12049 ms, used_size=2615296 bytes (6.4%)
(RDMA_READ_CONSUME_CHECK_CONSUMER) timestamp=12049 ms, used_size=2613248 bytes (6.4%)
(RDMA_READ_CONSUME_CHECK_CONSUMER) timestamp=12049 ms, used_size=2611200 bytes (6.4%)
(RDMA_READ_CONSUME_CHECK_CONSUMER) timestamp=12049 ms, used_size=2609152 bytes (6.4%)
(RDMA_READ_CONSUME_CHECK_CONSUMER) timestamp=12049 ms, used_size=2607104 bytes (6.4%)
(RDMA_READ_CONSUME_CHECK_CONSUMER) timestamp=12049 ms, used_size=2605056 bytes (6.4%)
(RDMA_READ_CONSUME_CHECK_CONSUMER) timestamp=12049 ms, used_size=2603008 bytes (6.4%)
(RDMA_READ_CONSUME_CHECK_CONSUMER) timestamp=12049 ms, used_size=2600960 bytes (6.3%)
(RDMA_READ_CONSUME_CHECK_CONSUMER) timestamp=12049 ms, used_size=2598912 bytes (6.3%)
(RDMA_READ_CONSUME_CHECK_CONSUMER) timestamp=12049 ms, used_size=2596864 bytes (6.3%)
(RDMA_READ_CONSUME_CHECK_CONSUMER) timestamp=12049 ms, used_size=2594816 bytes (6.3%)
(RDMA_READ_CONSUME_CHECK_CONSUMER) timestamp=12049 ms, used_size=2592768 bytes (6.3%)
(RDMA_READ_CONSUME_CHECK_CONSUMER) timestamp=12049 ms, used_size=2590720 bytes (6.3%)
(RDMA_READ_CONSUME_CHECK_CONSUMER) timestamp=12049 ms, used_size=2588672 bytes (6.3%)
(RDMA_READ_CONSUME_CHECK_CONSUMER) timestamp=12049 ms, used_size=2586624 bytes (6.3%)
(RDMA_READ_CONSUME_CHECK_CONSUMER) timestamp=12049 ms, used_size=2584576 bytes (6.3%)
(RDMA_READ_CONSUME_CHECK_CONSUMER) timestamp=12049 ms, used_size=2582528 bytes (6.3%)
(RDMA_READ_CONSUME_CHECK_CONSUMER) timestamp=12049 ms, used_size=2580480 bytes (6.3%)
(RDMA_READ_CONSUME_CHECK_CONSUMER) timestamp=12049 ms, used_size=2578432 bytes (6.3%)
(RDMA_READ_CONSUME_CHECK_CONSUMER) timestamp=12049 ms, used_size=2576384 bytes (6.3%)
(RDMA_READ_CONSUME_CHECK_CONSUMER) timestamp=12049 ms, used_size=2574336 bytes (6.3%)
(RDMA_READ_CONSUME_CHECK_CONSUMER) timestamp=12049 ms, used_size=2572288 bytes (6.3%)
(RDMA_READ_CONSUME_CHECK_CONSUMER) timestamp=12049 ms, used_size=2570240 bytes (6.3%)
(RDMA_READ_CONSUME_CHECK_CONSUMER) timestamp=12049 ms, used_size=2568192 bytes (6.3%)
(RDMA_READ_CONSUME_CHECK_CONSUMER) timestamp=12049 ms, used_size=2566144 bytes (6.3%)
(RDMA_READ_CONSUME_CHECK_CONSUMER) timestamp=12049 ms, used_size=2564096 bytes (6.3%)
(RDMA_READ_CONSUME_CHECK_CONSUMER) timestamp=12049 ms, used_size=2562048 bytes (6.3%)
(RDMA_READ_CONSUME_CHECK_CONSUMER) timestamp=12049 ms, used_size=2560000 bytes (6.2%)
(RDMA_READ_CONSUME_CHECK_CONSUMER) timestamp=12049 ms, used_size=2557952 bytes (6.2%)
(RDMA_READ_CONSUME_CHECK_CONSUMER) timestamp=12049 ms, used_size=2555904 bytes (6.2%)
(RDMA_READ_CONSUME_CHECK_CONSUMER) timestamp=12049 ms, used_size=2553856 bytes (6.2%)
(RDMA_READ_CONSUME_CHECK_CONSUMER) timestamp=12049 ms, used_size=2551808 bytes (6.2%)
(RDMA_READ_CONSUME_CHECK_CONSUMER) timestamp=12049 ms, used_size=2549760 bytes (6.2%)
(RDMA_READ_CONSUME_CHECK_CONSUMER) timestamp=12049 ms, used_size=2547712 bytes (6.2%)
(RDMA_READ_CONSUME_CHECK_CONSUMER) timestamp=12049 ms, used_size=2545664 bytes (6.2%)
(RDMA_READ_CONSUME_CHECK_CONSUMER) timestamp=12049 ms, used_size=2543616 bytes (6.2%)
(RDMA_READ_CONSUME_CHECK_CONSUMER) timestamp=12049 ms, used_size=2541568 bytes (6.2%)
(RDMA_READ_CONSUME_CHECK_CONSUMER) timestamp=12049 ms, used_size=2539520 bytes (6.2%)
(RDMA_READ_CONSUME_CHECK_CONSUMER) timestamp=12049 ms, used_size=2537472 bytes (6.2%)
(RDMA_READ_CONSUME_CHECK_CONSUMER) timestamp=12049 ms, used_size=2535424 bytes (6.2%)
(RDMA_READ_CONSUME_CHECK_CONSUMER) timestamp=12049 ms, used_size=2533376 bytes (6.2%)
(RDMA_READ_CONSUME_CHECK_CONSUMER) timestamp=12049 ms, used_size=2531328 bytes (6.2%)
(RDMA_READ_CONSUME_CHECK_CONSUMER) timestamp=12049 ms, used_size=2529280 bytes (6.2%)
(RDMA_READ_CONSUME_CHECK_CONSUMER) timestamp=12049 ms, used_size=2527232 bytes (6.2%)
(RDMA_READ_CONSUME_CHECK_CONSUMER) timestamp=12049 ms, used_size=2525184 bytes (6.2%)
(RDMA_READ_CONSUME_CHECK_CONSUMER) timestamp=12049 ms, used_size=2523136 bytes (6.2%)
(RDMA_READ_CONSUME_CHECK_CONSUMER) timestamp=12049 ms, used_size=2521088 bytes (6.2%)
(RDMA_READ_CONSUME_CHECK_CONSUMER) timestamp=12049 ms, used_size=2519040 bytes (6.2%)
(RDMA_READ_CONSUME_CHECK_CONSUMER) timestamp=12049 ms, used_size=2516992 bytes (6.1%)
(RDMA_READ_CONSUME_CHECK_CONSUMER) timestamp=12049 ms, used_size=2514944 bytes (6.1%)
(RDMA_READ_CONSUME_CHECK_CONSUMER) timestamp=12050 ms, used_size=2512896 bytes (6.1%)
(RDMA_READ_CONSUME_CHECK_CONSUMER) timestamp=12050 ms, used_size=2510848 bytes (6.1%)
(RDMA_READ_CONSUME_CHECK_CONSUMER) timestamp=12050 ms, used_size=2508800 bytes (6.1%)
(RDMA_READ_CONSUME_CHECK_CONSUMER) timestamp=12050 ms, used_size=2506752 bytes (6.1%)
(RDMA_READ_CONSUME_CHECK_CONSUMER) timestamp=12050 ms, used_size=2504704 bytes (6.1%)
(RDMA_READ_CONSUME_CHECK_CONSUMER) timestamp=12050 ms, used_size=2502656 bytes (6.1%)
(RDMA_READ_CONSUME_CHECK_CONSUMER) timestamp=12050 ms, used_size=2500608 bytes (6.1%)
(RDMA_READ_CONSUME_CHECK_CONSUMER) timestamp=12050 ms, used_size=2498560 bytes (6.1%)
(RDMA_READ_CONSUME_CHECK_CONSUMER) timestamp=12050 ms, used_size=2496512 bytes (6.1%)
(RDMA_READ_CONSUME_CHECK_CONSUMER) timestamp=12050 ms, used_size=2494464 bytes (6.1%)
(RDMA_READ_CONSUME_CHECK_CONSUMER) timestamp=12050 ms, used_size=2492416 bytes (6.1%)
(RDMA_READ_CONSUME_CHECK_CONSUMER) timestamp=12050 ms, used_size=2490368 bytes (6.1%)
(RDMA_READ_CONSUME_CHECK_CONSUMER) timestamp=12050 ms, used_size=2488320 bytes (6.1%)
(RDMA_READ_CONSUME_CHECK_CONSUMER) timestamp=12050 ms, used_size=2486272 bytes (6.1%)
(RDMA_READ_CONSUME_CHECK_CONSUMER) timestamp=12050 ms, used_size=2484224 bytes (6.1%)
(RDMA_READ_CONSUME_CHECK_CONSUMER) timestamp=12050 ms, used_size=2482176 bytes (6.1%)
(RDMA_READ_CONSUME_CHECK_CONSUMER) timestamp=12050 ms, used_size=2480128 bytes (6.1%)
(RDMA_READ_CONSUME_CHECK_CONSUMER) timestamp=12050 ms, used_size=2478080 bytes (6.0%)
(RDMA_READ_CONSUME_CHECK_CONSUMER) timestamp=12050 ms, used_size=2476032 bytes (6.0%)
(RDMA_READ_CONSUME_CHECK_CONSUMER) timestamp=12050 ms, used_size=2473984 bytes (6.0%)
(RDMA_READ_CONSUME_CHECK_CONSUMER) timestamp=12050 ms, used_size=2471936 bytes (6.0%)
(RDMA_READ_CONSUME_CHECK_CONSUMER) timestamp=12050 ms, used_size=2469888 bytes (6.0%)
(RDMA_READ_CONSUME_CHECK_CONSUMER) timestamp=12050 ms, used_size=2467840 bytes (6.0%)
(RDMA_READ_CONSUME_CHECK_CONSUMER) timestamp=12050 ms, used_size=2465792 bytes (6.0%)
(RDMA_READ_CONSUME_CHECK_CONSUMER) timestamp=12050 ms, used_size=2463744 bytes (6.0%)
(RDMA_READ_CONSUME_CHECK_CONSUMER) timestamp=12050 ms, used_size=2461696 bytes (6.0%)
(RDMA_READ_CONSUME_CHECK_CONSUMER) timestamp=12050 ms, used_size=2459648 bytes (6.0%)
(RDMA_READ_CONSUME_CHECK_CONSUMER) timestamp=12050 ms, used_size=2457600 bytes (6.0%)
(RDMA_READ_CONSUME_CHECK_CONSUMER) timestamp=12050 ms, used_size=2455552 bytes (6.0%)
(RDMA_READ_CONSUME_CHECK_CONSUMER) timestamp=12050 ms, used_size=2453504 bytes (6.0%)
(RDMA_READ_CONSUME_CHECK_CONSUMER) timestamp=12050 ms, used_size=2451456 bytes (6.0%)
(RDMA_READ_CONSUME_CHECK_CONSUMER) timestamp=12050 ms, used_size=2449408 bytes (6.0%)
(RDMA_READ_CONSUME_CHECK_CONSUMER) timestamp=12050 ms, used_size=2447360 bytes (6.0%)
(RDMA_READ_CONSUME_CHECK_CONSUMER) timestamp=12050 ms, used_size=2445312 bytes (6.0%)
(RDMA_READ_CONSUME_CHECK_CONSUMER) timestamp=12050 ms, used_size=2443264 bytes (6.0%)
(RDMA_READ_CONSUME_CHECK_CONSUMER) timestamp=12050 ms, used_size=2441216 bytes (6.0%)
(RDMA_READ_CONSUME_CHECK_CONSUMER) timestamp=12050 ms, used_size=2439168 bytes (6.0%)
(RDMA_READ_CONSUME_CHECK_CONSUMER) timestamp=12050 ms, used_size=2437120 bytes (6.0%)
(RDMA_READ_CONSUME_CHECK_CONSUMER) timestamp=12050 ms, used_size=2435072 bytes (5.9%)
(RDMA_READ_CONSUME_CHECK_CONSUMER) timestamp=12050 ms, used_size=2433024 bytes (5.9%)
(RDMA_READ_CONSUME_CHECK_CONSUMER) timestamp=12050 ms, used_size=2430976 bytes (5.9%)
(RDMA_READ_CONSUME_CHECK_CONSUMER) timestamp=12050 ms, used_size=2428928 bytes (5.9%)
(RDMA_READ_CONSUME_CHECK_CONSUMER) timestamp=12050 ms, used_size=2426880 bytes (5.9%)
(RDMA_READ_CONSUME_CHECK_CONSUMER) timestamp=12050 ms, used_size=2424832 bytes (5.9%)
(RDMA_READ_CONSUME_CHECK_CONSUMER) timestamp=12050 ms, used_size=2422784 bytes (5.9%)
(RDMA_READ_CONSUME_CHECK_CONSUMER) timestamp=12050 ms, used_size=2420736 bytes (5.9%)
(RDMA_READ_CONSUME_CHECK_CONSUMER) timestamp=12050 ms, used_size=2418688 bytes (5.9%)
(RDMA_READ_CONSUME_CHECK_CONSUMER) timestamp=12050 ms, used_size=2416640 bytes (5.9%)
(RDMA_READ_CONSUME_CHECK_CONSUMER) timestamp=12050 ms, used_size=2414592 bytes (5.9%)
(RDMA_READ_CONSUME_CHECK_CONSUMER) timestamp=12050 ms, used_size=2412544 bytes (5.9%)
(RDMA_READ_CONSUME_CHECK_CONSUMER) timestamp=12050 ms, used_size=2410496 bytes (5.9%)
(RDMA_READ_CONSUME_CHECK_CONSUMER) timestamp=12050 ms, used_size=2408448 bytes (5.9%)
(RDMA_READ_CONSUME_CHECK_CONSUMER) timestamp=12050 ms, used_size=2406400 bytes (5.9%)
(RDMA_READ_CONSUME_CHECK_CONSUMER) timestamp=12050 ms, used_size=2404352 bytes (5.9%)
(RDMA_READ_CONSUME_CHECK_CONSUMER) timestamp=12050 ms, used_size=2402304 bytes (5.9%)
(RDMA_READ_CONSUME_CHECK_CONSUMER) timestamp=12050 ms, used_size=2400256 bytes (5.9%)
(RDMA_READ_CONSUME_CHECK_CONSUMER) timestamp=12050 ms, used_size=2398208 bytes (5.9%)
(RDMA_READ_CONSUME_CHECK_CONSUMER) timestamp=12050 ms, used_size=2396160 bytes (5.8%)
(RDMA_READ_CONSUME_CHECK_CONSUMER) timestamp=12050 ms, used_size=2394112 bytes (5.8%)
(RDMA_READ_CONSUME_CHECK_CONSUMER) timestamp=12050 ms, used_size=2392064 bytes (5.8%)
(RDMA_READ_CONSUME_CHECK_CONSUMER) timestamp=12050 ms, used_size=2390016 bytes (5.8%)
(RDMA_READ_CONSUME_CHECK_CONSUMER) timestamp=12050 ms, used_size=2387968 bytes (5.8%)
(RDMA_READ_CONSUME_CHECK_CONSUMER) timestamp=12050 ms, used_size=2385920 bytes (5.8%)
(RDMA_READ_CONSUME_CHECK_CONSUMER) timestamp=12050 ms, used_size=2383872 bytes (5.8%)
(RDMA_READ_CONSUME_CHECK_CONSUMER) timestamp=12050 ms, used_size=2381824 bytes (5.8%)
(RDMA_READ_CONSUME_CHECK_CONSUMER) timestamp=12050 ms, used_size=2379776 bytes (5.8%)
(RDMA_READ_CONSUME_CHECK_CONSUMER) timestamp=12050 ms, used_size=2377728 bytes (5.8%)
(RDMA_READ_CONSUME_CHECK_CONSUMER) timestamp=12050 ms, used_size=2375680 bytes (5.8%)
(RDMA_READ_CONSUME_CHECK_CONSUMER) timestamp=12050 ms, used_size=2373632 bytes (5.8%)
(RDMA_READ_CONSUME_CHECK_CONSUMER) timestamp=12050 ms, used_size=2371584 bytes (5.8%)
(RDMA_READ_CONSUME_CHECK_CONSUMER) timestamp=12050 ms, used_size=2369536 bytes (5.8%)
(RDMA_READ_CONSUME_CHECK_CONSUMER) timestamp=12050 ms, used_size=2367488 bytes (5.8%)
(RDMA_READ_CONSUME_CHECK_CONSUMER) timestamp=12050 ms, used_size=2365440 bytes (5.8%)
(RDMA_READ_CONSUME_CHECK_CONSUMER) timestamp=12050 ms, used_size=2363392 bytes (5.8%)
(RDMA_READ_CONSUME_CHECK_CONSUMER) timestamp=12050 ms, used_size=2361344 bytes (5.8%)
(RDMA_READ_CONSUME_CHECK_CONSUMER) timestamp=12050 ms, used_size=2359296 bytes (5.8%)
(RDMA_READ_CONSUME_CHECK_CONSUMER) timestamp=12050 ms, used_size=2357248 bytes (5.8%)
(RDMA_READ_CONSUME_CHECK_CONSUMER) timestamp=12050 ms, used_size=2355200 bytes (5.8%)
(RDMA_READ_CONSUME_CHECK_CONSUMER) timestamp=12050 ms, used_size=2353152 bytes (5.7%)
(RDMA_READ_CONSUME_CHECK_CONSUMER) timestamp=12050 ms, used_size=2351104 bytes (5.7%)
(RDMA_READ_CONSUME_CHECK_CONSUMER) timestamp=12050 ms, used_size=2349056 bytes (5.7%)
(RDMA_READ_CONSUME_CHECK_CONSUMER) timestamp=12050 ms, used_size=2347008 bytes (5.7%)
(RDMA_READ_CONSUME_CHECK_CONSUMER) timestamp=12050 ms, used_size=2344960 bytes (5.7%)
(RDMA_READ_CONSUME_CHECK_CONSUMER) timestamp=12050 ms, used_size=2342912 bytes (5.7%)
(RDMA_READ_CONSUME_CHECK_CONSUMER) timestamp=12050 ms, used_size=2340864 bytes (5.7%)
(RDMA_READ_CONSUME_CHECK_CONSUMER) timestamp=12050 ms, used_size=2338816 bytes (5.7%)
(RDMA_READ_CONSUME_CHECK_CONSUMER) timestamp=12050 ms, used_size=2336768 bytes (5.7%)
(RDMA_READ_CONSUME_CHECK_CONSUMER) timestamp=12050 ms, used_size=2334720 bytes (5.7%)
(RDMA_READ_CONSUME_CHECK_CONSUMER) timestamp=12050 ms, used_size=2332672 bytes (5.7%)
(RDMA_READ_CONSUME_CHECK_CONSUMER) timestamp=12050 ms, used_size=2330624 bytes (5.7%)
(RDMA_READ_CONSUME_CHECK_CONSUMER) timestamp=12050 ms, used_size=2328576 bytes (5.7%)
(RDMA_READ_CONSUME_CHECK_CONSUMER) timestamp=12050 ms, used_size=2326528 bytes (5.7%)
(RDMA_READ_CONSUME_CHECK_CONSUMER) timestamp=12050 ms, used_size=2324480 bytes (5.7%)
(RDMA_READ_CONSUME_CHECK_CONSUMER) timestamp=12050 ms, used_size=2322432 bytes (5.7%)
(RDMA_READ_CONSUME_CHECK_CONSUMER) timestamp=12050 ms, used_size=2320384 bytes (5.7%)
(RDMA_READ_CONSUME_CHECK_CONSUMER) timestamp=12050 ms, used_size=2318336 bytes (5.7%)
(RDMA_READ_CONSUME_CHECK_CONSUMER) timestamp=12050 ms, used_size=2316288 bytes (5.7%)
(RDMA_READ_CONSUME_CHECK_CONSUMER) timestamp=12050 ms, used_size=2314240 bytes (5.7%)
(RDMA_READ_CONSUME_CHECK_CONSUMER) timestamp=12050 ms, used_size=2312192 bytes (5.6%)
(RDMA_READ_CONSUME_CHECK_CONSUMER) timestamp=12050 ms, used_size=2310144 bytes (5.6%)
(RDMA_READ_CONSUME_CHECK_CONSUMER) timestamp=12050 ms, used_size=2308096 bytes (5.6%)
(RDMA_READ_CONSUME_CHECK_CONSUMER) timestamp=12050 ms, used_size=2306048 bytes (5.6%)
(RDMA_READ_CONSUME_CHECK_CONSUMER) timestamp=12050 ms, used_size=2304000 bytes (5.6%)
(RDMA_READ_CONSUME_CHECK_CONSUMER) timestamp=12050 ms, used_size=2301952 bytes (5.6%)
(RDMA_READ_CONSUME_CHECK_CONSUMER) timestamp=12050 ms, used_size=2299904 bytes (5.6%)
(RDMA_READ_CONSUME_CHECK_CONSUMER) timestamp=12050 ms, used_size=2297856 bytes (5.6%)
(RDMA_READ_CONSUME_CHECK_CONSUMER) timestamp=12050 ms, used_size=2295808 bytes (5.6%)
(RDMA_READ_CONSUME_CHECK_CONSUMER) timestamp=12050 ms, used_size=2293760 bytes (5.6%)
(RDMA_READ_CONSUME_CHECK_CONSUMER) timestamp=12050 ms, used_size=2291712 bytes (5.6%)
(RDMA_READ_CONSUME_CHECK_CONSUMER) timestamp=12050 ms, used_size=2289664 bytes (5.6%)
(RDMA_READ_CONSUME_CHECK_CONSUMER) timestamp=12050 ms, used_size=2287616 bytes (5.6%)
(RDMA_READ_CONSUME_CHECK_CONSUMER) timestamp=12050 ms, used_size=2285568 bytes (5.6%)
(RDMA_READ_CONSUME_CHECK_CONSUMER) timestamp=12050 ms, used_size=2283520 bytes (5.6%)
(RDMA_READ_CONSUME_CHECK_CONSUMER) timestamp=12050 ms, used_size=2281472 bytes (5.6%)
(RDMA_READ_CONSUME_CHECK_CONSUMER) timestamp=12050 ms, used_size=2279424 bytes (5.6%)
(RDMA_READ_CONSUME_CHECK_CONSUMER) timestamp=12050 ms, used_size=2277376 bytes (5.6%)
(RDMA_READ_CONSUME_CHECK_CONSUMER) timestamp=12050 ms, used_size=2275328 bytes (5.6%)
(RDMA_READ_CONSUME_CHECK_CONSUMER) timestamp=12050 ms, used_size=2273280 bytes (5.5%)
(RDMA_READ_CONSUME_CHECK_CONSUMER) timestamp=12050 ms, used_size=2271232 bytes (5.5%)
(RDMA_READ_CONSUME_CHECK_CONSUMER) timestamp=12050 ms, used_size=2269184 bytes (5.5%)
(RDMA_READ_CONSUME_CHECK_CONSUMER) timestamp=12050 ms, used_size=2267136 bytes (5.5%)
(RDMA_READ_CONSUME_CHECK_CONSUMER) timestamp=12050 ms, used_size=2265088 bytes (5.5%)
(RDMA_READ_CONSUME_CHECK_CONSUMER) timestamp=12050 ms, used_size=2263040 bytes (5.5%)
(RDMA_READ_CONSUME_CHECK_CONSUMER) timestamp=12050 ms, used_size=2260992 bytes (5.5%)
(RDMA_READ_CONSUME_CHECK_CONSUMER) timestamp=12050 ms, used_size=2258944 bytes (5.5%)
(RDMA_READ_CONSUME_CHECK_CONSUMER) timestamp=12050 ms, used_size=2256896 bytes (5.5%)
(RDMA_READ_CONSUME_CHECK_CONSUMER) timestamp=12050 ms, used_size=2254848 bytes (5.5%)
(RDMA_READ_CONSUME_CHECK_CONSUMER) timestamp=12050 ms, used_size=2252800 bytes (5.5%)
(RDMA_READ_CONSUME_CHECK_CONSUMER) timestamp=12050 ms, used_size=2250752 bytes (5.5%)
(RDMA_READ_CONSUME_CHECK_CONSUMER) timestamp=12050 ms, used_size=2248704 bytes (5.5%)
(RDMA_READ_CONSUME_CHECK_CONSUMER) timestamp=12050 ms, used_size=2246656 bytes (5.5%)
(RDMA_READ_CONSUME_CHECK_CONSUMER) timestamp=12050 ms, used_size=2244608 bytes (5.5%)
(RDMA_READ_CONSUME_CHECK_CONSUMER) timestamp=12050 ms, used_size=2242560 bytes (5.5%)
(RDMA_READ_CONSUME_CHECK_CONSUMER) timestamp=12050 ms, used_size=2240512 bytes (5.5%)
(RDMA_READ_CONSUME_CHECK_CONSUMER) timestamp=12050 ms, used_size=2238464 bytes (5.5%)
(RDMA_READ_CONSUME_CHECK_CONSUMER) timestamp=12050 ms, used_size=2236416 bytes (5.5%)
(RDMA_READ_CONSUME_CHECK_CONSUMER) timestamp=12050 ms, used_size=2234368 bytes (5.5%)
(RDMA_READ_CONSUME_CHECK_CONSUMER) timestamp=12050 ms, used_size=2232320 bytes (5.5%)
(RDMA_READ_CONSUME_CHECK_CONSUMER) timestamp=12050 ms, used_size=2230272 bytes (5.4%)
(RDMA_READ_CONSUME_CHECK_CONSUMER) timestamp=12050 ms, used_size=2228224 bytes (5.4%)
(RDMA_READ_CONSUME_CHECK_CONSUMER) timestamp=12050 ms, used_size=2226176 bytes (5.4%)
(RDMA_READ_CONSUME_CHECK_CONSUMER) timestamp=12050 ms, used_size=2224128 bytes (5.4%)
(RDMA_READ_CONSUME_CHECK_CONSUMER) timestamp=12050 ms, used_size=2222080 bytes (5.4%)
(RDMA_READ_CONSUME_CHECK_CONSUMER) timestamp=12050 ms, used_size=2220032 bytes (5.4%)
(RDMA_READ_CONSUME_CHECK_CONSUMER) timestamp=12050 ms, used_size=2217984 bytes (5.4%)
(RDMA_READ_CONSUME_CHECK_CONSUMER) timestamp=12050 ms, used_size=2215936 bytes (5.4%)
(RDMA_READ_CONSUME_CHECK_CONSUMER) timestamp=12050 ms, used_size=2213888 bytes (5.4%)
(RDMA_READ_CONSUME_CHECK_CONSUMER) timestamp=12050 ms, used_size=2211840 bytes (5.4%)
(RDMA_READ_CONSUME_CHECK_CONSUMER) timestamp=12050 ms, used_size=2209792 bytes (5.4%)
(RDMA_READ_CONSUME_CHECK_CONSUMER) timestamp=12050 ms, used_size=2207744 bytes (5.4%)
(RDMA_READ_CONSUME_CHECK_CONSUMER) timestamp=12050 ms, used_size=2205696 bytes (5.4%)
(RDMA_READ_CONSUME_CHECK_CONSUMER) timestamp=12050 ms, used_size=2203648 bytes (5.4%)
(RDMA_READ_CONSUME_CHECK_CONSUMER) timestamp=12050 ms, used_size=2201600 bytes (5.4%)
(RDMA_READ_CONSUME_CHECK_CONSUMER) timestamp=12050 ms, used_size=2199552 bytes (5.4%)
(RDMA_READ_CONSUME_CHECK_CONSUMER) timestamp=12050 ms, used_size=2197504 bytes (5.4%)
(RDMA_READ_CONSUME_CHECK_CONSUMER) timestamp=12050 ms, used_size=2195456 bytes (5.4%)
(RDMA_READ_CONSUME_CHECK_CONSUMER) timestamp=12050 ms, used_size=2193408 bytes (5.4%)
(RDMA_READ_CONSUME_CHECK_CONSUMER) timestamp=12050 ms, used_size=2191360 bytes (5.3%)
(RDMA_READ_CONSUME_CHECK_CONSUMER) timestamp=12050 ms, used_size=2189312 bytes (5.3%)
(RDMA_READ_CONSUME_CHECK_CONSUMER) timestamp=12050 ms, used_size=2187264 bytes (5.3%)
(RDMA_READ_CONSUME_CHECK_CONSUMER) timestamp=12050 ms, used_size=2185216 bytes (5.3%)
(RDMA_READ_CONSUME_CHECK_CONSUMER) timestamp=12050 ms, used_size=2183168 bytes (5.3%)
(RDMA_READ_CONSUME_CHECK_CONSUMER) timestamp=12050 ms, used_size=2181120 bytes (5.3%)
(RDMA_READ_CONSUME_CHECK_CONSUMER) timestamp=12050 ms, used_size=2179072 bytes (5.3%)
(RDMA_READ_CONSUME_CHECK_CONSUMER) timestamp=12050 ms, used_size=2177024 bytes (5.3%)
(RDMA_READ_CONSUME_CHECK_CONSUMER) timestamp=12050 ms, used_size=2174976 bytes (5.3%)
(RDMA_READ_CONSUME_CHECK_CONSUMER) timestamp=12050 ms, used_size=2172928 bytes (5.3%)
(RDMA_READ_CONSUME_CHECK_CONSUMER) timestamp=12050 ms, used_size=2170880 bytes (5.3%)
(RDMA_READ_CONSUME_CHECK_CONSUMER) timestamp=12050 ms, used_size=2168832 bytes (5.3%)
(RDMA_READ_CONSUME_CHECK_CONSUMER) timestamp=12050 ms, used_size=2166784 bytes (5.3%)
(RDMA_READ_CONSUME_CHECK_CONSUMER) timestamp=12050 ms, used_size=2164736 bytes (5.3%)
(RDMA_READ_CONSUME_CHECK_CONSUMER) timestamp=12050 ms, used_size=2162688 bytes (5.3%)
(RDMA_READ_CONSUME_CHECK_CONSUMER) timestamp=12050 ms, used_size=2160640 bytes (5.3%)
(RDMA_READ_CONSUME_CHECK_CONSUMER) timestamp=12050 ms, used_size=2158592 bytes (5.3%)
(RDMA_READ_CONSUME_CHECK_CONSUMER) timestamp=12050 ms, used_size=2156544 bytes (5.3%)
(RDMA_READ_CONSUME_CHECK_CONSUMER) timestamp=12051 ms, used_size=2154496 bytes (5.3%)
(RDMA_READ_CONSUME_CHECK_CONSUMER) timestamp=12051 ms, used_size=2152448 bytes (5.3%)
(RDMA_READ_CONSUME_CHECK_CONSUMER) timestamp=12051 ms, used_size=2150400 bytes (5.2%)
(RDMA_READ_CONSUME_CHECK_CONSUMER) timestamp=12051 ms, used_size=2148352 bytes (5.2%)
(RDMA_READ_CONSUME_CHECK_CONSUMER) timestamp=12051 ms, used_size=2146304 bytes (5.2%)
(RDMA_READ_CONSUME_CHECK_CONSUMER) timestamp=12051 ms, used_size=2144256 bytes (5.2%)
(RDMA_READ_CONSUME_CHECK_CONSUMER) timestamp=12051 ms, used_size=2142208 bytes (5.2%)
(RDMA_READ_CONSUME_CHECK_CONSUMER) timestamp=12051 ms, used_size=2140160 bytes (5.2%)
(RDMA_READ_CONSUME_CHECK_CONSUMER) timestamp=12051 ms, used_size=2138112 bytes (5.2%)
(RDMA_READ_CONSUME_CHECK_CONSUMER) timestamp=12051 ms, used_size=2136064 bytes (5.2%)
(RDMA_READ_CONSUME_CHECK_CONSUMER) timestamp=12051 ms, used_size=2134016 bytes (5.2%)
(RDMA_READ_CONSUME_CHECK_CONSUMER) timestamp=12051 ms, used_size=2131968 bytes (5.2%)
(RDMA_READ_CONSUME_CHECK_CONSUMER) timestamp=12051 ms, used_size=2129920 bytes (5.2%)
(RDMA_READ_CONSUME_CHECK_CONSUMER) timestamp=12051 ms, used_size=2127872 bytes (5.2%)
(RDMA_READ_CONSUME_CHECK_CONSUMER) timestamp=12051 ms, used_size=2125824 bytes (5.2%)
(RDMA_READ_CONSUME_CHECK_CONSUMER) timestamp=12051 ms, used_size=2123776 bytes (5.2%)
(RDMA_READ_CONSUME_CHECK_CONSUMER) timestamp=12051 ms, used_size=2121728 bytes (5.2%)
(RDMA_READ_CONSUME_CHECK_CONSUMER) timestamp=12051 ms, used_size=2119680 bytes (5.2%)
(RDMA_READ_CONSUME_CHECK_CONSUMER) timestamp=12051 ms, used_size=2117632 bytes (5.2%)
(RDMA_READ_CONSUME_CHECK_CONSUMER) timestamp=12051 ms, used_size=2115584 bytes (5.2%)
(RDMA_READ_CONSUME_CHECK_CONSUMER) timestamp=12051 ms, used_size=2113536 bytes (5.2%)
(RDMA_READ_CONSUME_CHECK_CONSUMER) timestamp=12051 ms, used_size=2111488 bytes (5.2%)
(RDMA_READ_CONSUME_CHECK_CONSUMER) timestamp=12051 ms, used_size=2109440 bytes (5.2%)
(RDMA_READ_CONSUME_CHECK_CONSUMER) timestamp=12051 ms, used_size=2107392 bytes (5.1%)
(RDMA_READ_CONSUME_CHECK_CONSUMER) timestamp=12051 ms, used_size=2105344 bytes (5.1%)
(RDMA_READ_CONSUME_CHECK_CONSUMER) timestamp=12051 ms, used_size=2103296 bytes (5.1%)
(RDMA_READ_CONSUME_CHECK_CONSUMER) timestamp=12051 ms, used_size=2101248 bytes (5.1%)
(RDMA_READ_CONSUME_CHECK_CONSUMER) timestamp=12051 ms, used_size=2099200 bytes (5.1%)
(RDMA_READ_CONSUME_CHECK_CONSUMER) timestamp=12051 ms, used_size=2097152 bytes (5.1%)
(RDMA_READ_CONSUME_CHECK_CONSUMER) timestamp=12051 ms, used_size=2095104 bytes (5.1%)
(RDMA_READ_CONSUME_CHECK_CONSUMER) timestamp=12051 ms, used_size=2093056 bytes (5.1%)
(RDMA_READ_CONSUME_CHECK_CONSUMER) timestamp=12051 ms, used_size=2091008 bytes (5.1%)
(RDMA_READ_CONSUME_CHECK_CONSUMER) timestamp=12051 ms, used_size=2088960 bytes (5.1%)
(RDMA_READ_CONSUME_CHECK_CONSUMER) timestamp=12051 ms, used_size=2086912 bytes (5.1%)
(RDMA_READ_CONSUME_CHECK_CONSUMER) timestamp=12051 ms, used_size=2084864 bytes (5.1%)
(RDMA_READ_CONSUME_CHECK_CONSUMER) timestamp=12051 ms, used_size=2082816 bytes (5.1%)
(RDMA_READ_CONSUME_CHECK_CONSUMER) timestamp=12051 ms, used_size=2080768 bytes (5.1%)
(RDMA_READ_CONSUME_CHECK_CONSUMER) timestamp=12051 ms, used_size=2078720 bytes (5.1%)
(RDMA_READ_CONSUME_CHECK_CONSUMER) timestamp=12051 ms, used_size=2076672 bytes (5.1%)
(RDMA_READ_CONSUME_CHECK_CONSUMER) timestamp=12051 ms, used_size=2074624 bytes (5.1%)
(RDMA_READ_CONSUME_CHECK_CONSUMER) timestamp=12051 ms, used_size=2072576 bytes (5.1%)
(RDMA_READ_CONSUME_CHECK_CONSUMER) timestamp=12051 ms, used_size=2070528 bytes (5.1%)
(RDMA_READ_CONSUME_CHECK_CONSUMER) timestamp=12051 ms, used_size=2068480 bytes (5.0%)
(RDMA_READ_CONSUME_CHECK_CONSUMER) timestamp=12051 ms, used_size=2066432 bytes (5.0%)
(RDMA_READ_CONSUME_CHECK_CONSUMER) timestamp=12051 ms, used_size=2064384 bytes (5.0%)
(RDMA_READ_CONSUME_CHECK_CONSUMER) timestamp=12051 ms, used_size=2062336 bytes (5.0%)
(RDMA_READ_CONSUME_CHECK_CONSUMER) timestamp=12051 ms, used_size=2060288 bytes (5.0%)
(RDMA_READ_CONSUME_CHECK_CONSUMER) timestamp=12051 ms, used_size=2058240 bytes (5.0%)
(RDMA_READ_CONSUME_CHECK_CONSUMER) timestamp=12051 ms, used_size=2056192 bytes (5.0%)
(RDMA_READ_CONSUME_CHECK_CONSUMER) timestamp=12051 ms, used_size=2054144 bytes (5.0%)
(RDMA_READ_CONSUME_CHECK_CONSUMER) timestamp=12051 ms, used_size=2052096 bytes (5.0%)
(RDMA_READ_CONSUME_CHECK_CONSUMER) timestamp=12051 ms, used_size=2050048 bytes (5.0%)
(RDMA_READ_CONSUME_CHECK_CONSUMER) timestamp=12051 ms, used_size=2048000 bytes (5.0%)
(RDMA_READ_CONSUME_CHECK_CONSUMER) timestamp=12051 ms, used_size=2045952 bytes (5.0%)
(RDMA_READ_CONSUME_CHECK_CONSUMER) timestamp=12051 ms, used_size=2043904 bytes (5.0%)
(RDMA_READ_CONSUME_CHECK_CONSUMER) timestamp=12051 ms, used_size=2041856 bytes (5.0%)
(RDMA_READ_CONSUME_CHECK_CONSUMER) timestamp=12051 ms, used_size=2039808 bytes (5.0%)
(RDMA_READ_CONSUME_CHECK_CONSUMER) timestamp=12051 ms, used_size=2037760 bytes (5.0%)
(RDMA_READ_CONSUME_CHECK_CONSUMER) timestamp=12051 ms, used_size=2035712 bytes (5.0%)
(RDMA_READ_CONSUME_CHECK_CONSUMER) timestamp=12051 ms, used_size=2033664 bytes (5.0%)
(RDMA_READ_CONSUME_CHECK_CONSUMER) timestamp=12051 ms, used_size=2031616 bytes (5.0%)
(RDMA_READ_CONSUME_CHECK_CONSUMER) timestamp=12051 ms, used_size=2029568 bytes (5.0%)
(RDMA_READ_CONSUME_CHECK_CONSUMER) timestamp=12051 ms, used_size=2027520 bytes (5.0%)
(RDMA_READ_CONSUME_CHECK_CONSUMER) timestamp=12051 ms, used_size=2025472 bytes (4.9%)
(RDMA_READ_CONSUME_CHECK_CONSUMER) timestamp=12051 ms, used_size=2023424 bytes (4.9%)
(RDMA_READ_CONSUME_CHECK_CONSUMER) timestamp=12051 ms, used_size=2021376 bytes (4.9%)
(RDMA_READ_CONSUME_CHECK_CONSUMER) timestamp=12051 ms, used_size=2019328 bytes (4.9%)
(RDMA_READ_CONSUME_CHECK_CONSUMER) timestamp=12051 ms, used_size=2017280 bytes (4.9%)
(RDMA_READ_CONSUME_CHECK_CONSUMER) timestamp=12051 ms, used_size=2015232 bytes (4.9%)
(RDMA_READ_CONSUME_CHECK_CONSUMER) timestamp=12051 ms, used_size=2013184 bytes (4.9%)
(RDMA_READ_CONSUME_CHECK_CONSUMER) timestamp=12051 ms, used_size=2011136 bytes (4.9%)
(RDMA_READ_CONSUME_CHECK_CONSUMER) timestamp=12051 ms, used_size=2009088 bytes (4.9%)
(RDMA_READ_CONSUME_CHECK_CONSUMER) timestamp=12051 ms, used_size=2007040 bytes (4.9%)
(RDMA_READ_CONSUME_CHECK_CONSUMER) timestamp=12051 ms, used_size=2004992 bytes (4.9%)
(RDMA_READ_CONSUME_CHECK_CONSUMER) timestamp=12051 ms, used_size=2002944 bytes (4.9%)
(RDMA_READ_CONSUME_CHECK_CONSUMER) timestamp=12051 ms, used_size=2000896 bytes (4.9%)
(RDMA_READ_CONSUME_CHECK_CONSUMER) timestamp=12051 ms, used_size=1998848 bytes (4.9%)
(RDMA_READ_CONSUME_CHECK_CONSUMER) timestamp=12051 ms, used_size=1996800 bytes (4.9%)
(RDMA_READ_CONSUME_CHECK_CONSUMER) timestamp=12051 ms, used_size=1994752 bytes (4.9%)
(RDMA_READ_CONSUME_CHECK_CONSUMER) timestamp=12051 ms, used_size=1992704 bytes (4.9%)
(RDMA_READ_CONSUME_CHECK_CONSUMER) timestamp=12051 ms, used_size=1990656 bytes (4.9%)
(RDMA_READ_CONSUME_CHECK_CONSUMER) timestamp=12051 ms, used_size=1988608 bytes (4.9%)
(RDMA_READ_CONSUME_CHECK_CONSUMER) timestamp=12051 ms, used_size=1986560 bytes (4.8%)
(RDMA_READ_CONSUME_CHECK_CONSUMER) timestamp=12051 ms, used_size=1984512 bytes (4.8%)
(RDMA_READ_CONSUME_CHECK_CONSUMER) timestamp=12051 ms, used_size=1982464 bytes (4.8%)
(RDMA_READ_CONSUME_CHECK_CONSUMER) timestamp=12051 ms, used_size=1980416 bytes (4.8%)
(RDMA_READ_CONSUME_CHECK_CONSUMER) timestamp=12051 ms, used_size=1978368 bytes (4.8%)
(RDMA_READ_CONSUME_CHECK_CONSUMER) timestamp=12051 ms, used_size=1976320 bytes (4.8%)
(RDMA_READ_CONSUME_CHECK_CONSUMER) timestamp=12051 ms, used_size=1974272 bytes (4.8%)
(RDMA_READ_CONSUME_CHECK_CONSUMER) timestamp=12051 ms, used_size=1972224 bytes (4.8%)
(RDMA_READ_CONSUME_CHECK_CONSUMER) timestamp=12051 ms, used_size=1970176 bytes (4.8%)
(RDMA_READ_CONSUME_CHECK_CONSUMER) timestamp=12051 ms, used_size=1968128 bytes (4.8%)
(RDMA_READ_CONSUME_CHECK_CONSUMER) timestamp=12051 ms, used_size=1966080 bytes (4.8%)
(RDMA_READ_CONSUME_CHECK_CONSUMER) timestamp=12051 ms, used_size=1964032 bytes (4.8%)
(RDMA_READ_CONSUME_CHECK_CONSUMER) timestamp=12051 ms, used_size=1961984 bytes (4.8%)
(RDMA_READ_CONSUME_CHECK_CONSUMER) timestamp=12051 ms, used_size=1959936 bytes (4.8%)
(RDMA_READ_CONSUME_CHECK_CONSUMER) timestamp=12051 ms, used_size=1957888 bytes (4.8%)
(RDMA_READ_CONSUME_CHECK_CONSUMER) timestamp=12051 ms, used_size=1955840 bytes (4.8%)
(RDMA_READ_CONSUME_CHECK_CONSUMER) timestamp=12051 ms, used_size=1953792 bytes (4.8%)
(RDMA_READ_CONSUME_CHECK_CONSUMER) timestamp=12051 ms, used_size=1951744 bytes (4.8%)
(RDMA_READ_CONSUME_CHECK_CONSUMER) timestamp=12051 ms, used_size=1949696 bytes (4.8%)
(RDMA_READ_CONSUME_CHECK_CONSUMER) timestamp=12051 ms, used_size=1947648 bytes (4.8%)
(RDMA_READ_CONSUME_CHECK_CONSUMER) timestamp=12051 ms, used_size=1945600 bytes (4.8%)
(RDMA_READ_CONSUME_CHECK_CONSUMER) timestamp=12051 ms, used_size=1943552 bytes (4.7%)
(RDMA_READ_CONSUME_CHECK_CONSUMER) timestamp=12051 ms, used_size=1941504 bytes (4.7%)
(RDMA_READ_CONSUME_CHECK_CONSUMER) timestamp=12051 ms, used_size=1939456 bytes (4.7%)
(RDMA_READ_CONSUME_CHECK_CONSUMER) timestamp=12051 ms, used_size=1937408 bytes (4.7%)
(RDMA_READ_CONSUME_CHECK_CONSUMER) timestamp=12051 ms, used_size=1935360 bytes (4.7%)
(RDMA_READ_CONSUME_CHECK_CONSUMER) timestamp=12051 ms, used_size=1933312 bytes (4.7%)
(RDMA_READ_CONSUME_CHECK_CONSUMER) timestamp=12051 ms, used_size=1931264 bytes (4.7%)
(RDMA_READ_CONSUME_CHECK_CONSUMER) timestamp=12051 ms, used_size=1929216 bytes (4.7%)
(RDMA_READ_CONSUME_CHECK_CONSUMER) timestamp=12051 ms, used_size=1927168 bytes (4.7%)
(RDMA_READ_CONSUME_CHECK_CONSUMER) timestamp=12051 ms, used_size=1925120 bytes (4.7%)
(RDMA_READ_CONSUME_CHECK_CONSUMER) timestamp=12051 ms, used_size=1923072 bytes (4.7%)
(RDMA_READ_CONSUME_CHECK_CONSUMER) timestamp=12051 ms, used_size=1921024 bytes (4.7%)
(RDMA_READ_CONSUME_CHECK_CONSUMER) timestamp=12051 ms, used_size=1918976 bytes (4.7%)
(RDMA_READ_CONSUME_CHECK_CONSUMER) timestamp=12051 ms, used_size=1916928 bytes (4.7%)
(RDMA_READ_CONSUME_CHECK_CONSUMER) timestamp=12051 ms, used_size=1914880 bytes (4.7%)
(RDMA_READ_CONSUME_CHECK_CONSUMER) timestamp=12051 ms, used_size=1912832 bytes (4.7%)
(RDMA_READ_CONSUME_CHECK_CONSUMER) timestamp=12051 ms, used_size=1910784 bytes (4.7%)
(RDMA_READ_CONSUME_CHECK_CONSUMER) timestamp=12051 ms, used_size=1908736 bytes (4.7%)
(RDMA_READ_CONSUME_CHECK_CONSUMER) timestamp=12051 ms, used_size=1906688 bytes (4.7%)
(RDMA_READ_CONSUME_CHECK_CONSUMER) timestamp=12051 ms, used_size=1904640 bytes (4.7%)
(RDMA_READ_CONSUME_CHECK_CONSUMER) timestamp=12051 ms, used_size=1902592 bytes (4.6%)
(RDMA_READ_CONSUME_CHECK_CONSUMER) timestamp=12051 ms, used_size=1900544 bytes (4.6%)
(RDMA_READ_CONSUME_CHECK_CONSUMER) timestamp=12051 ms, used_size=1898496 bytes (4.6%)
(RDMA_READ_CONSUME_CHECK_CONSUMER) timestamp=12051 ms, used_size=1896448 bytes (4.6%)
(RDMA_READ_CONSUME_CHECK_CONSUMER) timestamp=12051 ms, used_size=1894400 bytes (4.6%)
(RDMA_READ_CONSUME_CHECK_CONSUMER) timestamp=12051 ms, used_size=1892352 bytes (4.6%)
(RDMA_READ_CONSUME_CHECK_CONSUMER) timestamp=12051 ms, used_size=1890304 bytes (4.6%)
(RDMA_READ_CONSUME_CHECK_CONSUMER) timestamp=12051 ms, used_size=1888256 bytes (4.6%)
(RDMA_READ_CONSUME_CHECK_CONSUMER) timestamp=12051 ms, used_size=1886208 bytes (4.6%)
(RDMA_READ_CONSUME_CHECK_CONSUMER) timestamp=12051 ms, used_size=1884160 bytes (4.6%)
(RDMA_READ_CONSUME_CHECK_CONSUMER) timestamp=12051 ms, used_size=1882112 bytes (4.6%)
(RDMA_READ_CONSUME_CHECK_CONSUMER) timestamp=12051 ms, used_size=1880064 bytes (4.6%)
(RDMA_READ_CONSUME_CHECK_CONSUMER) timestamp=12051 ms, used_size=1878016 bytes (4.6%)
(RDMA_READ_CONSUME_CHECK_CONSUMER) timestamp=12051 ms, used_size=1875968 bytes (4.6%)
(RDMA_READ_CONSUME_CHECK_CONSUMER) timestamp=12051 ms, used_size=1873920 bytes (4.6%)
(RDMA_READ_CONSUME_CHECK_CONSUMER) timestamp=12051 ms, used_size=1871872 bytes (4.6%)
(RDMA_READ_CONSUME_CHECK_CONSUMER) timestamp=12051 ms, used_size=1869824 bytes (4.6%)
(RDMA_READ_CONSUME_CHECK_CONSUMER) timestamp=12051 ms, used_size=1867776 bytes (4.6%)
(RDMA_READ_CONSUME_CHECK_CONSUMER) timestamp=12051 ms, used_size=1865728 bytes (4.6%)
(RDMA_READ_CONSUME_CHECK_CONSUMER) timestamp=12051 ms, used_size=1863680 bytes (4.5%)
(RDMA_READ_CONSUME_CHECK_CONSUMER) timestamp=12051 ms, used_size=1861632 bytes (4.5%)
(RDMA_READ_CONSUME_CHECK_CONSUMER) timestamp=12051 ms, used_size=1859584 bytes (4.5%)
(RDMA_READ_CONSUME_CHECK_CONSUMER) timestamp=12051 ms, used_size=1857536 bytes (4.5%)
(RDMA_READ_CONSUME_CHECK_CONSUMER) timestamp=12051 ms, used_size=1855488 bytes (4.5%)
(RDMA_READ_CONSUME_CHECK_CONSUMER) timestamp=12051 ms, used_size=1853440 bytes (4.5%)
(RDMA_READ_CONSUME_CHECK_CONSUMER) timestamp=12051 ms, used_size=1851392 bytes (4.5%)
(RDMA_READ_CONSUME_CHECK_CONSUMER) timestamp=12051 ms, used_size=1849344 bytes (4.5%)
(RDMA_READ_CONSUME_CHECK_CONSUMER) timestamp=12051 ms, used_size=1847296 bytes (4.5%)
(RDMA_READ_CONSUME_CHECK_CONSUMER) timestamp=12051 ms, used_size=1845248 bytes (4.5%)
(RDMA_READ_CONSUME_CHECK_CONSUMER) timestamp=12051 ms, used_size=1843200 bytes (4.5%)
(RDMA_READ_CONSUME_CHECK_CONSUMER) timestamp=12051 ms, used_size=1841152 bytes (4.5%)
(RDMA_READ_CONSUME_CHECK_CONSUMER) timestamp=12051 ms, used_size=1839104 bytes (4.5%)
(RDMA_READ_CONSUME_CHECK_CONSUMER) timestamp=12051 ms, used_size=1837056 bytes (4.5%)
(RDMA_READ_CONSUME_CHECK_CONSUMER) timestamp=12051 ms, used_size=1835008 bytes (4.5%)
(RDMA_READ_CONSUME_CHECK_CONSUMER) timestamp=12051 ms, used_size=1832960 bytes (4.5%)
(RDMA_READ_CONSUME_CHECK_CONSUMER) timestamp=12051 ms, used_size=1830912 bytes (4.5%)
(RDMA_READ_CONSUME_CHECK_CONSUMER) timestamp=12051 ms, used_size=1828864 bytes (4.5%)
(RDMA_READ_CONSUME_CHECK_CONSUMER) timestamp=12051 ms, used_size=1826816 bytes (4.5%)
(RDMA_READ_CONSUME_CHECK_CONSUMER) timestamp=12051 ms, used_size=1824768 bytes (4.5%)
(RDMA_READ_CONSUME_CHECK_CONSUMER) timestamp=12051 ms, used_size=1822720 bytes (4.5%)
(RDMA_READ_CONSUME_CHECK_CONSUMER) timestamp=12051 ms, used_size=1820672 bytes (4.4%)
(RDMA_READ_CONSUME_CHECK_CONSUMER) timestamp=12051 ms, used_size=1818624 bytes (4.4%)
(RDMA_READ_CONSUME_CHECK_CONSUMER) timestamp=12051 ms, used_size=1816576 bytes (4.4%)
(RDMA_READ_CONSUME_CHECK_CONSUMER) timestamp=12051 ms, used_size=1814528 bytes (4.4%)
(RDMA_READ_CONSUME_CHECK_CONSUMER) timestamp=12051 ms, used_size=1812480 bytes (4.4%)
(RDMA_READ_CONSUME_CHECK_CONSUMER) timestamp=12051 ms, used_size=1810432 bytes (4.4%)
(RDMA_READ_CONSUME_CHECK_CONSUMER) timestamp=12051 ms, used_size=1808384 bytes (4.4%)
(RDMA_READ_CONSUME_CHECK_CONSUMER) timestamp=12051 ms, used_size=1806336 bytes (4.4%)
(RDMA_READ_CONSUME_CHECK_CONSUMER) timestamp=12051 ms, used_size=1804288 bytes (4.4%)
(RDMA_READ_CONSUME_CHECK_CONSUMER) timestamp=12052 ms, used_size=1802240 bytes (4.4%)
(RDMA_READ_CONSUME_CHECK_CONSUMER) timestamp=12052 ms, used_size=1800192 bytes (4.4%)
(RDMA_READ_CONSUME_CHECK_CONSUMER) timestamp=12052 ms, used_size=1798144 bytes (4.4%)
(RDMA_READ_CONSUME_CHECK_CONSUMER) timestamp=12052 ms, used_size=1796096 bytes (4.4%)
(RDMA_READ_CONSUME_CHECK_CONSUMER) timestamp=12052 ms, used_size=1794048 bytes (4.4%)
(RDMA_READ_CONSUME_CHECK_CONSUMER) timestamp=12052 ms, used_size=1792000 bytes (4.4%)
(RDMA_READ_CONSUME_CHECK_CONSUMER) timestamp=12052 ms, used_size=1789952 bytes (4.4%)
(RDMA_READ_CONSUME_CHECK_CONSUMER) timestamp=12052 ms, used_size=1787904 bytes (4.4%)
(RDMA_READ_CONSUME_CHECK_CONSUMER) timestamp=12052 ms, used_size=1785856 bytes (4.4%)
(RDMA_READ_CONSUME_CHECK_CONSUMER) timestamp=12052 ms, used_size=1783808 bytes (4.4%)
(RDMA_READ_CONSUME_CHECK_CONSUMER) timestamp=12052 ms, used_size=1781760 bytes (4.3%)
(RDMA_READ_CONSUME_CHECK_CONSUMER) timestamp=12052 ms, used_size=1779712 bytes (4.3%)
(RDMA_READ_CONSUME_CHECK_CONSUMER) timestamp=12052 ms, used_size=1777664 bytes (4.3%)
(RDMA_READ_CONSUME_CHECK_CONSUMER) timestamp=12052 ms, used_size=1775616 bytes (4.3%)
(RDMA_READ_CONSUME_CHECK_CONSUMER) timestamp=12052 ms, used_size=1773568 bytes (4.3%)
(RDMA_READ_CONSUME_CHECK_CONSUMER) timestamp=12052 ms, used_size=1771520 bytes (4.3%)
(RDMA_READ_CONSUME_CHECK_CONSUMER) timestamp=12052 ms, used_size=1769472 bytes (4.3%)
(RDMA_READ_CONSUME_CHECK_CONSUMER) timestamp=12052 ms, used_size=1767424 bytes (4.3%)
(RDMA_READ_CONSUME_CHECK_CONSUMER) timestamp=12052 ms, used_size=1765376 bytes (4.3%)
(RDMA_READ_CONSUME_CHECK_CONSUMER) timestamp=12052 ms, used_size=1763328 bytes (4.3%)
(RDMA_READ_CONSUME_CHECK_CONSUMER) timestamp=12052 ms, used_size=1761280 bytes (4.3%)
(RDMA_READ_CONSUME_CHECK_CONSUMER) timestamp=12052 ms, used_size=1759232 bytes (4.3%)
(RDMA_READ_CONSUME_CHECK_CONSUMER) timestamp=12052 ms, used_size=1757184 bytes (4.3%)
(RDMA_READ_CONSUME_CHECK_CONSUMER) timestamp=12052 ms, used_size=1755136 bytes (4.3%)
(RDMA_READ_CONSUME_CHECK_CONSUMER) timestamp=12052 ms, used_size=1753088 bytes (4.3%)
(RDMA_READ_CONSUME_CHECK_CONSUMER) timestamp=12052 ms, used_size=1751040 bytes (4.3%)
(RDMA_READ_CONSUME_CHECK_CONSUMER) timestamp=12052 ms, used_size=1748992 bytes (4.3%)
(RDMA_READ_CONSUME_CHECK_CONSUMER) timestamp=12052 ms, used_size=1746944 bytes (4.3%)
(RDMA_READ_CONSUME_CHECK_CONSUMER) timestamp=12052 ms, used_size=1744896 bytes (4.3%)
(RDMA_READ_CONSUME_CHECK_CONSUMER) timestamp=12052 ms, used_size=1742848 bytes (4.3%)
(RDMA_READ_CONSUME_CHECK_CONSUMER) timestamp=12052 ms, used_size=1740800 bytes (4.2%)
(RDMA_READ_CONSUME_CHECK_CONSUMER) timestamp=12052 ms, used_size=1738752 bytes (4.2%)
(RDMA_READ_CONSUME_CHECK_CONSUMER) timestamp=12052 ms, used_size=1736704 bytes (4.2%)
(RDMA_READ_CONSUME_CHECK_CONSUMER) timestamp=12052 ms, used_size=1734656 bytes (4.2%)
(RDMA_READ_CONSUME_CHECK_CONSUMER) timestamp=12052 ms, used_size=1732608 bytes (4.2%)
(RDMA_READ_CONSUME_CHECK_CONSUMER) timestamp=12052 ms, used_size=1730560 bytes (4.2%)
(RDMA_READ_CONSUME_CHECK_CONSUMER) timestamp=12052 ms, used_size=1728512 bytes (4.2%)
(RDMA_READ_CONSUME_CHECK_CONSUMER) timestamp=12052 ms, used_size=1726464 bytes (4.2%)
(RDMA_READ_CONSUME_CHECK_CONSUMER) timestamp=12052 ms, used_size=1724416 bytes (4.2%)
(RDMA_READ_CONSUME_CHECK_CONSUMER) timestamp=12052 ms, used_size=1722368 bytes (4.2%)
(RDMA_READ_CONSUME_CHECK_CONSUMER) timestamp=12052 ms, used_size=1720320 bytes (4.2%)
(RDMA_READ_CONSUME_CHECK_CONSUMER) timestamp=12052 ms, used_size=1718272 bytes (4.2%)
(RDMA_READ_CONSUME_CHECK_CONSUMER) timestamp=12052 ms, used_size=1716224 bytes (4.2%)
(RDMA_READ_CONSUME_CHECK_CONSUMER) timestamp=12052 ms, used_size=1714176 bytes (4.2%)
(RDMA_READ_CONSUME_CHECK_CONSUMER) timestamp=12052 ms, used_size=1712128 bytes (4.2%)
(RDMA_READ_CONSUME_CHECK_CONSUMER) timestamp=12052 ms, used_size=1710080 bytes (4.2%)
(RDMA_READ_CONSUME_CHECK_CONSUMER) timestamp=12052 ms, used_size=1708032 bytes (4.2%)
(RDMA_READ_CONSUME_CHECK_CONSUMER) timestamp=12052 ms, used_size=1705984 bytes (4.2%)
(RDMA_READ_CONSUME_CHECK_CONSUMER) timestamp=12052 ms, used_size=1703936 bytes (4.2%)
(RDMA_READ_CONSUME_CHECK_CONSUMER) timestamp=12052 ms, used_size=1701888 bytes (4.2%)
(RDMA_READ_CONSUME_CHECK_CONSUMER) timestamp=12052 ms, used_size=1699840 bytes (4.2%)
(RDMA_READ_CONSUME_CHECK_CONSUMER) timestamp=12052 ms, used_size=1697792 bytes (4.1%)
(RDMA_READ_CONSUME_CHECK_CONSUMER) timestamp=12052 ms, used_size=1695744 bytes (4.1%)
(RDMA_READ_CONSUME_CHECK_CONSUMER) timestamp=12052 ms, used_size=1693696 bytes (4.1%)
(RDMA_READ_CONSUME_CHECK_CONSUMER) timestamp=12052 ms, used_size=1691648 bytes (4.1%)
(RDMA_READ_CONSUME_CHECK_CONSUMER) timestamp=12052 ms, used_size=1689600 bytes (4.1%)
(RDMA_READ_CONSUME_CHECK_CONSUMER) timestamp=12052 ms, used_size=1687552 bytes (4.1%)
(RDMA_READ_CONSUME_CHECK_CONSUMER) timestamp=12052 ms, used_size=1685504 bytes (4.1%)
(RDMA_READ_CONSUME_CHECK_CONSUMER) timestamp=12052 ms, used_size=1683456 bytes (4.1%)
(RDMA_READ_CONSUME_CHECK_CONSUMER) timestamp=12052 ms, used_size=1681408 bytes (4.1%)
(RDMA_READ_CONSUME_CHECK_CONSUMER) timestamp=12052 ms, used_size=1679360 bytes (4.1%)
(RDMA_READ_CONSUME_CHECK_CONSUMER) timestamp=12052 ms, used_size=1677312 bytes (4.1%)
(RDMA_READ_CONSUME_CHECK_CONSUMER) timestamp=12052 ms, used_size=1675264 bytes (4.1%)
(RDMA_READ_CONSUME_CHECK_CONSUMER) timestamp=12052 ms, used_size=1673216 bytes (4.1%)
(RDMA_READ_CONSUME_CHECK_CONSUMER) timestamp=12052 ms, used_size=1671168 bytes (4.1%)
(RDMA_READ_CONSUME_CHECK_CONSUMER) timestamp=12052 ms, used_size=1669120 bytes (4.1%)
(RDMA_READ_CONSUME_CHECK_CONSUMER) timestamp=12052 ms, used_size=1667072 bytes (4.1%)
(RDMA_READ_CONSUME_CHECK_CONSUMER) timestamp=12052 ms, used_size=1665024 bytes (4.1%)
(RDMA_READ_CONSUME_CHECK_CONSUMER) timestamp=12052 ms, used_size=1662976 bytes (4.1%)
(RDMA_READ_CONSUME_CHECK_CONSUMER) timestamp=12052 ms, used_size=1660928 bytes (4.1%)
(RDMA_READ_CONSUME_CHECK_CONSUMER) timestamp=12052 ms, used_size=1658880 bytes (4.0%)
(RDMA_READ_CONSUME_CHECK_CONSUMER) timestamp=12052 ms, used_size=1656832 bytes (4.0%)
(RDMA_READ_CONSUME_CHECK_CONSUMER) timestamp=12052 ms, used_size=1654784 bytes (4.0%)
(RDMA_READ_CONSUME_CHECK_CONSUMER) timestamp=12052 ms, used_size=1652736 bytes (4.0%)
(RDMA_READ_CONSUME_CHECK_CONSUMER) timestamp=12052 ms, used_size=1650688 bytes (4.0%)
(RDMA_READ_CONSUME_CHECK_CONSUMER) timestamp=12052 ms, used_size=1648640 bytes (4.0%)
(RDMA_READ_CONSUME_CHECK_CONSUMER) timestamp=12052 ms, used_size=1646592 bytes (4.0%)
(RDMA_READ_CONSUME_CHECK_CONSUMER) timestamp=12052 ms, used_size=1644544 bytes (4.0%)
(RDMA_READ_CONSUME_CHECK_CONSUMER) timestamp=12052 ms, used_size=1642496 bytes (4.0%)
(RDMA_READ_CONSUME_CHECK_CONSUMER) timestamp=12052 ms, used_size=1640448 bytes (4.0%)
(RDMA_READ_CONSUME_CHECK_CONSUMER) timestamp=12052 ms, used_size=1638400 bytes (4.0%)
(RDMA_READ_CONSUME_CHECK_CONSUMER) timestamp=12052 ms, used_size=1636352 bytes (4.0%)
(RDMA_READ_CONSUME_CHECK_CONSUMER) timestamp=12052 ms, used_size=1634304 bytes (4.0%)
(RDMA_READ_CONSUME_CHECK_CONSUMER) timestamp=12052 ms, used_size=1632256 bytes (4.0%)
(RDMA_READ_CONSUME_CHECK_CONSUMER) timestamp=12052 ms, used_size=1630208 bytes (4.0%)
(RDMA_READ_CONSUME_CHECK_CONSUMER) timestamp=12052 ms, used_size=1628160 bytes (4.0%)
(RDMA_READ_CONSUME_CHECK_CONSUMER) timestamp=12052 ms, used_size=1626112 bytes (4.0%)
(RDMA_READ_CONSUME_CHECK_CONSUMER) timestamp=12052 ms, used_size=1624064 bytes (4.0%)
(RDMA_READ_CONSUME_CHECK_CONSUMER) timestamp=12052 ms, used_size=1622016 bytes (4.0%)
(RDMA_READ_CONSUME_CHECK_CONSUMER) timestamp=12052 ms, used_size=1619968 bytes (4.0%)
(RDMA_READ_CONSUME_CHECK_CONSUMER) timestamp=12052 ms, used_size=1617920 bytes (4.0%)
(RDMA_READ_CONSUME_CHECK_CONSUMER) timestamp=12052 ms, used_size=1615872 bytes (3.9%)
(RDMA_READ_CONSUME_CHECK_CONSUMER) timestamp=12052 ms, used_size=1613824 bytes (3.9%)
(RDMA_READ_CONSUME_CHECK_CONSUMER) timestamp=12052 ms, used_size=1611776 bytes (3.9%)
(RDMA_READ_CONSUME_CHECK_CONSUMER) timestamp=12052 ms, used_size=1609728 bytes (3.9%)
(RDMA_READ_CONSUME_CHECK_CONSUMER) timestamp=12052 ms, used_size=1607680 bytes (3.9%)
(RDMA_READ_CONSUME_CHECK_CONSUMER) timestamp=12052 ms, used_size=1605632 bytes (3.9%)
(RDMA_READ_CONSUME_CHECK_CONSUMER) timestamp=12052 ms, used_size=1603584 bytes (3.9%)
(RDMA_READ_CONSUME_CHECK_CONSUMER) timestamp=12052 ms, used_size=1601536 bytes (3.9%)
(RDMA_READ_CONSUME_CHECK_CONSUMER) timestamp=12052 ms, used_size=1599488 bytes (3.9%)
(RDMA_READ_CONSUME_CHECK_CONSUMER) timestamp=12052 ms, used_size=1597440 bytes (3.9%)
(RDMA_READ_CONSUME_CHECK_CONSUMER) timestamp=12052 ms, used_size=1595392 bytes (3.9%)
(RDMA_READ_CONSUME_CHECK_CONSUMER) timestamp=12052 ms, used_size=1593344 bytes (3.9%)
(RDMA_READ_CONSUME_CHECK_CONSUMER) timestamp=12052 ms, used_size=1591296 bytes (3.9%)
(RDMA_READ_CONSUME_CHECK_CONSUMER) timestamp=12052 ms, used_size=1589248 bytes (3.9%)
(RDMA_READ_CONSUME_CHECK_CONSUMER) timestamp=12052 ms, used_size=1587200 bytes (3.9%)
(RDMA_READ_CONSUME_CHECK_CONSUMER) timestamp=12052 ms, used_size=1585152 bytes (3.9%)
(RDMA_READ_CONSUME_CHECK_CONSUMER) timestamp=12052 ms, used_size=1583104 bytes (3.9%)
(RDMA_READ_CONSUME_CHECK_CONSUMER) timestamp=12052 ms, used_size=1581056 bytes (3.9%)
(RDMA_READ_CONSUME_CHECK_CONSUMER) timestamp=12052 ms, used_size=1579008 bytes (3.9%)
(RDMA_READ_CONSUME_CHECK_CONSUMER) timestamp=12052 ms, used_size=1576960 bytes (3.9%)
(RDMA_READ_CONSUME_CHECK_CONSUMER) timestamp=12052 ms, used_size=1574912 bytes (3.8%)
(RDMA_READ_CONSUME_CHECK_CONSUMER) timestamp=12052 ms, used_size=1572864 bytes (3.8%)
(RDMA_READ_CONSUME_CHECK_CONSUMER) timestamp=12052 ms, used_size=1570816 bytes (3.8%)
(RDMA_READ_CONSUME_CHECK_CONSUMER) timestamp=12052 ms, used_size=1568768 bytes (3.8%)
(RDMA_READ_CONSUME_CHECK_CONSUMER) timestamp=12052 ms, used_size=1566720 bytes (3.8%)
(RDMA_READ_CONSUME_CHECK_CONSUMER) timestamp=12052 ms, used_size=1564672 bytes (3.8%)
(RDMA_READ_CONSUME_CHECK_CONSUMER) timestamp=12052 ms, used_size=1562624 bytes (3.8%)
(RDMA_READ_CONSUME_CHECK_CONSUMER) timestamp=12052 ms, used_size=1560576 bytes (3.8%)
(RDMA_READ_CONSUME_CHECK_CONSUMER) timestamp=12052 ms, used_size=1558528 bytes (3.8%)
(RDMA_READ_CONSUME_CHECK_CONSUMER) timestamp=12052 ms, used_size=1556480 bytes (3.8%)
(RDMA_READ_CONSUME_CHECK_CONSUMER) timestamp=12052 ms, used_size=1554432 bytes (3.8%)
(RDMA_READ_CONSUME_CHECK_CONSUMER) timestamp=12052 ms, used_size=1552384 bytes (3.8%)
(RDMA_READ_CONSUME_CHECK_CONSUMER) timestamp=12052 ms, used_size=1550336 bytes (3.8%)
(RDMA_READ_CONSUME_CHECK_CONSUMER) timestamp=12052 ms, used_size=1548288 bytes (3.8%)
(RDMA_READ_CONSUME_CHECK_CONSUMER) timestamp=12052 ms, used_size=1546240 bytes (3.8%)
(RDMA_READ_CONSUME_CHECK_CONSUMER) timestamp=12052 ms, used_size=1544192 bytes (3.8%)
(RDMA_READ_CONSUME_CHECK_CONSUMER) timestamp=12052 ms, used_size=1542144 bytes (3.8%)
(RDMA_READ_CONSUME_CHECK_CONSUMER) timestamp=12052 ms, used_size=1540096 bytes (3.8%)
(RDMA_READ_CONSUME_CHECK_CONSUMER) timestamp=12052 ms, used_size=1538048 bytes (3.8%)
(RDMA_READ_CONSUME_CHECK_CONSUMER) timestamp=12052 ms, used_size=1536000 bytes (3.8%)
(RDMA_READ_CONSUME_CHECK_CONSUMER) timestamp=12052 ms, used_size=1533952 bytes (3.7%)
(RDMA_READ_CONSUME_CHECK_CONSUMER) timestamp=12052 ms, used_size=1531904 bytes (3.7%)
(RDMA_READ_CONSUME_CHECK_CONSUMER) timestamp=12052 ms, used_size=1529856 bytes (3.7%)
(RDMA_READ_CONSUME_CHECK_CONSUMER) timestamp=12052 ms, used_size=1527808 bytes (3.7%)
(RDMA_READ_CONSUME_CHECK_CONSUMER) timestamp=12052 ms, used_size=1525760 bytes (3.7%)
(RDMA_READ_CONSUME_CHECK_CONSUMER) timestamp=12052 ms, used_size=1523712 bytes (3.7%)
(RDMA_READ_CONSUME_CHECK_CONSUMER) timestamp=12052 ms, used_size=1521664 bytes (3.7%)
(RDMA_READ_CONSUME_CHECK_CONSUMER) timestamp=12052 ms, used_size=1519616 bytes (3.7%)
(RDMA_READ_CONSUME_CHECK_CONSUMER) timestamp=12052 ms, used_size=1517568 bytes (3.7%)
(RDMA_READ_CONSUME_CHECK_CONSUMER) timestamp=12052 ms, used_size=1515520 bytes (3.7%)
(RDMA_READ_CONSUME_CHECK_CONSUMER) timestamp=12052 ms, used_size=1513472 bytes (3.7%)
(RDMA_READ_CONSUME_CHECK_CONSUMER) timestamp=12052 ms, used_size=1511424 bytes (3.7%)
(RDMA_READ_CONSUME_CHECK_CONSUMER) timestamp=12052 ms, used_size=1509376 bytes (3.7%)
(RDMA_READ_CONSUME_CHECK_CONSUMER) timestamp=12052 ms, used_size=1507328 bytes (3.7%)
(RDMA_READ_CONSUME_CHECK_CONSUMER) timestamp=12052 ms, used_size=1505280 bytes (3.7%)
(RDMA_READ_CONSUME_CHECK_CONSUMER) timestamp=12052 ms, used_size=1503232 bytes (3.7%)
(RDMA_READ_CONSUME_CHECK_CONSUMER) timestamp=12052 ms, used_size=1501184 bytes (3.7%)
(RDMA_READ_CONSUME_CHECK_CONSUMER) timestamp=12052 ms, used_size=1499136 bytes (3.7%)
(RDMA_READ_CONSUME_CHECK_CONSUMER) timestamp=12052 ms, used_size=1497088 bytes (3.7%)
(RDMA_READ_CONSUME_CHECK_CONSUMER) timestamp=12052 ms, used_size=1495040 bytes (3.6%)
(RDMA_READ_CONSUME_CHECK_CONSUMER) timestamp=12052 ms, used_size=1492992 bytes (3.6%)
(RDMA_READ_CONSUME_CHECK_CONSUMER) timestamp=12052 ms, used_size=1490944 bytes (3.6%)
(RDMA_READ_CONSUME_CHECK_CONSUMER) timestamp=12052 ms, used_size=1488896 bytes (3.6%)
(RDMA_READ_CONSUME_CHECK_CONSUMER) timestamp=12052 ms, used_size=1486848 bytes (3.6%)
(RDMA_READ_CONSUME_CHECK_CONSUMER) timestamp=12052 ms, used_size=1484800 bytes (3.6%)
(RDMA_READ_CONSUME_CHECK_CONSUMER) timestamp=12052 ms, used_size=1482752 bytes (3.6%)
(RDMA_READ_CONSUME_CHECK_CONSUMER) timestamp=12052 ms, used_size=1480704 bytes (3.6%)
(RDMA_READ_CONSUME_CHECK_CONSUMER) timestamp=12052 ms, used_size=1478656 bytes (3.6%)
(RDMA_READ_CONSUME_CHECK_CONSUMER) timestamp=12052 ms, used_size=1476608 bytes (3.6%)
(RDMA_READ_CONSUME_CHECK_CONSUMER) timestamp=12052 ms, used_size=1474560 bytes (3.6%)
(RDMA_READ_CONSUME_CHECK_CONSUMER) timestamp=12052 ms, used_size=1472512 bytes (3.6%)
(RDMA_READ_CONSUME_CHECK_CONSUMER) timestamp=12052 ms, used_size=1470464 bytes (3.6%)
(RDMA_READ_CONSUME_CHECK_CONSUMER) timestamp=12052 ms, used_size=1468416 bytes (3.6%)
(RDMA_READ_CONSUME_CHECK_CONSUMER) timestamp=12052 ms, used_size=1466368 bytes (3.6%)
(RDMA_READ_CONSUME_CHECK_CONSUMER) timestamp=12052 ms, used_size=1464320 bytes (3.6%)
(RDMA_READ_CONSUME_CHECK_CONSUMER) timestamp=12052 ms, used_size=1462272 bytes (3.6%)
(RDMA_READ_CONSUME_CHECK_CONSUMER) timestamp=12052 ms, used_size=1460224 bytes (3.6%)
(RDMA_READ_CONSUME_CHECK_CONSUMER) timestamp=12052 ms, used_size=1458176 bytes (3.6%)
(RDMA_READ_CONSUME_CHECK_CONSUMER) timestamp=12052 ms, used_size=1456128 bytes (3.6%)
(RDMA_READ_CONSUME_CHECK_CONSUMER) timestamp=12052 ms, used_size=1454080 bytes (3.5%)
(RDMA_READ_CONSUME_CHECK_CONSUMER) timestamp=12052 ms, used_size=1452032 bytes (3.5%)
(RDMA_READ_CONSUME_CHECK_CONSUMER) timestamp=12053 ms, used_size=1449984 bytes (3.5%)
(RDMA_READ_CONSUME_CHECK_CONSUMER) timestamp=12053 ms, used_size=1447936 bytes (3.5%)
(RDMA_READ_CONSUME_CHECK_CONSUMER) timestamp=12053 ms, used_size=1445888 bytes (3.5%)
(RDMA_READ_CONSUME_CHECK_CONSUMER) timestamp=12053 ms, used_size=1443840 bytes (3.5%)
(RDMA_READ_CONSUME_CHECK_CONSUMER) timestamp=12053 ms, used_size=1441792 bytes (3.5%)
(RDMA_READ_CONSUME_CHECK_CONSUMER) timestamp=12053 ms, used_size=1439744 bytes (3.5%)
(RDMA_READ_CONSUME_CHECK_CONSUMER) timestamp=12053 ms, used_size=1437696 bytes (3.5%)
(RDMA_READ_CONSUME_CHECK_CONSUMER) timestamp=12053 ms, used_size=1435648 bytes (3.5%)
(RDMA_READ_CONSUME_CHECK_CONSUMER) timestamp=12053 ms, used_size=1433600 bytes (3.5%)
(RDMA_READ_CONSUME_CHECK_CONSUMER) timestamp=12053 ms, used_size=1431552 bytes (3.5%)
(RDMA_READ_CONSUME_CHECK_CONSUMER) timestamp=12053 ms, used_size=1429504 bytes (3.5%)
(RDMA_READ_CONSUME_CHECK_CONSUMER) timestamp=12053 ms, used_size=1427456 bytes (3.5%)
(RDMA_READ_CONSUME_CHECK_CONSUMER) timestamp=12053 ms, used_size=1425408 bytes (3.5%)
(RDMA_READ_CONSUME_CHECK_CONSUMER) timestamp=12053 ms, used_size=1423360 bytes (3.5%)
(RDMA_READ_CONSUME_CHECK_CONSUMER) timestamp=12053 ms, used_size=1421312 bytes (3.5%)
(RDMA_READ_CONSUME_CHECK_CONSUMER) timestamp=12053 ms, used_size=1419264 bytes (3.5%)
(RDMA_READ_CONSUME_CHECK_CONSUMER) timestamp=12053 ms, used_size=1417216 bytes (3.5%)
(RDMA_READ_CONSUME_CHECK_CONSUMER) timestamp=12053 ms, used_size=1415168 bytes (3.5%)
(RDMA_READ_CONSUME_CHECK_CONSUMER) timestamp=12053 ms, used_size=1413120 bytes (3.5%)
(RDMA_READ_CONSUME_CHECK_CONSUMER) timestamp=12053 ms, used_size=1411072 bytes (3.4%)
(RDMA_READ_CONSUME_CHECK_CONSUMER) timestamp=12053 ms, used_size=1409024 bytes (3.4%)
(RDMA_READ_CONSUME_CHECK_CONSUMER) timestamp=12053 ms, used_size=1406976 bytes (3.4%)
(RDMA_READ_CONSUME_CHECK_CONSUMER) timestamp=12053 ms, used_size=1404928 bytes (3.4%)
(RDMA_READ_CONSUME_CHECK_CONSUMER) timestamp=12053 ms, used_size=1402880 bytes (3.4%)
(RDMA_READ_CONSUME_CHECK_CONSUMER) timestamp=12053 ms, used_size=1400832 bytes (3.4%)
(RDMA_READ_CONSUME_CHECK_CONSUMER) timestamp=12053 ms, used_size=1398784 bytes (3.4%)
(RDMA_READ_CONSUME_CHECK_CONSUMER) timestamp=12053 ms, used_size=1396736 bytes (3.4%)
(RDMA_READ_CONSUME_CHECK_CONSUMER) timestamp=12053 ms, used_size=1394688 bytes (3.4%)
(RDMA_READ_CONSUME_CHECK_CONSUMER) timestamp=12053 ms, used_size=1392640 bytes (3.4%)
(RDMA_READ_CONSUME_CHECK_CONSUMER) timestamp=12053 ms, used_size=1390592 bytes (3.4%)
(RDMA_READ_CONSUME_CHECK_CONSUMER) timestamp=12053 ms, used_size=1388544 bytes (3.4%)
(RDMA_READ_CONSUME_CHECK_CONSUMER) timestamp=12053 ms, used_size=1386496 bytes (3.4%)
(RDMA_READ_CONSUME_CHECK_CONSUMER) timestamp=12053 ms, used_size=1384448 bytes (3.4%)
(RDMA_READ_CONSUME_CHECK_CONSUMER) timestamp=12053 ms, used_size=1382400 bytes (3.4%)
(RDMA_READ_CONSUME_CHECK_CONSUMER) timestamp=12053 ms, used_size=1380352 bytes (3.4%)
(RDMA_READ_CONSUME_CHECK_CONSUMER) timestamp=12053 ms, used_size=1378304 bytes (3.4%)
(RDMA_READ_CONSUME_CHECK_CONSUMER) timestamp=12053 ms, used_size=1376256 bytes (3.4%)
(RDMA_READ_CONSUME_CHECK_CONSUMER) timestamp=12053 ms, used_size=1374208 bytes (3.4%)
(RDMA_READ_CONSUME_CHECK_CONSUMER) timestamp=12053 ms, used_size=1372160 bytes (3.4%)
(RDMA_READ_CONSUME_CHECK_CONSUMER) timestamp=12053 ms, used_size=1370112 bytes (3.3%)
(RDMA_READ_CONSUME_CHECK_CONSUMER) timestamp=12053 ms, used_size=1368064 bytes (3.3%)
(RDMA_READ_CONSUME_CHECK_CONSUMER) timestamp=12053 ms, used_size=1366016 bytes (3.3%)
(RDMA_READ_CONSUME_CHECK_CONSUMER) timestamp=12053 ms, used_size=1363968 bytes (3.3%)
(RDMA_READ_CONSUME_CHECK_CONSUMER) timestamp=12053 ms, used_size=1361920 bytes (3.3%)
(RDMA_READ_CONSUME_CHECK_CONSUMER) timestamp=12053 ms, used_size=1359872 bytes (3.3%)
(RDMA_READ_CONSUME_CHECK_CONSUMER) timestamp=12053 ms, used_size=1357824 bytes (3.3%)
(RDMA_READ_CONSUME_CHECK_CONSUMER) timestamp=12053 ms, used_size=1355776 bytes (3.3%)
(RDMA_READ_CONSUME_CHECK_CONSUMER) timestamp=12053 ms, used_size=1353728 bytes (3.3%)
(RDMA_READ_CONSUME_CHECK_CONSUMER) timestamp=12053 ms, used_size=1351680 bytes (3.3%)
(RDMA_READ_CONSUME_CHECK_CONSUMER) timestamp=12053 ms, used_size=1349632 bytes (3.3%)
(RDMA_READ_CONSUME_CHECK_CONSUMER) timestamp=12053 ms, used_size=1347584 bytes (3.3%)
(RDMA_READ_CONSUME_CHECK_CONSUMER) timestamp=12053 ms, used_size=1345536 bytes (3.3%)
(RDMA_READ_CONSUME_CHECK_CONSUMER) timestamp=12053 ms, used_size=1343488 bytes (3.3%)
(RDMA_READ_CONSUME_CHECK_CONSUMER) timestamp=12053 ms, used_size=1341440 bytes (3.3%)
(RDMA_READ_CONSUME_CHECK_CONSUMER) timestamp=12053 ms, used_size=1339392 bytes (3.3%)
(RDMA_READ_CONSUME_CHECK_CONSUMER) timestamp=12053 ms, used_size=1337344 bytes (3.3%)
(RDMA_READ_CONSUME_CHECK_CONSUMER) timestamp=12053 ms, used_size=1335296 bytes (3.3%)
(RDMA_READ_CONSUME_CHECK_CONSUMER) timestamp=12053 ms, used_size=1333248 bytes (3.3%)
(RDMA_READ_CONSUME_CHECK_CONSUMER) timestamp=12053 ms, used_size=1331200 bytes (3.2%)
(RDMA_READ_CONSUME_CHECK_CONSUMER) timestamp=12053 ms, used_size=1329152 bytes (3.2%)
(RDMA_READ_CONSUME_CHECK_CONSUMER) timestamp=12053 ms, used_size=1327104 bytes (3.2%)
(RDMA_READ_CONSUME_CHECK_CONSUMER) timestamp=12053 ms, used_size=1325056 bytes (3.2%)
(RDMA_READ_CONSUME_CHECK_CONSUMER) timestamp=12053 ms, used_size=1323008 bytes (3.2%)
(RDMA_READ_CONSUME_CHECK_CONSUMER) timestamp=12053 ms, used_size=1320960 bytes (3.2%)
(RDMA_READ_CONSUME_CHECK_CONSUMER) timestamp=12053 ms, used_size=1318912 bytes (3.2%)
(RDMA_READ_CONSUME_CHECK_CONSUMER) timestamp=12053 ms, used_size=1316864 bytes (3.2%)
(RDMA_READ_CONSUME_CHECK_CONSUMER) timestamp=12053 ms, used_size=1314816 bytes (3.2%)
(RDMA_READ_CONSUME_CHECK_CONSUMER) timestamp=12053 ms, used_size=1312768 bytes (3.2%)
(RDMA_READ_CONSUME_CHECK_CONSUMER) timestamp=12053 ms, used_size=1310720 bytes (3.2%)
(RDMA_READ_CONSUME_CHECK_CONSUMER) timestamp=12053 ms, used_size=1308672 bytes (3.2%)
(RDMA_READ_CONSUME_CHECK_CONSUMER) timestamp=12053 ms, used_size=1306624 bytes (3.2%)
(RDMA_READ_CONSUME_CHECK_CONSUMER) timestamp=12053 ms, used_size=1304576 bytes (3.2%)
(RDMA_READ_CONSUME_CHECK_CONSUMER) timestamp=12053 ms, used_size=1302528 bytes (3.2%)
(RDMA_READ_CONSUME_CHECK_CONSUMER) timestamp=12053 ms, used_size=1300480 bytes (3.2%)
(RDMA_READ_CONSUME_CHECK_CONSUMER) timestamp=12053 ms, used_size=1298432 bytes (3.2%)
(RDMA_READ_CONSUME_CHECK_CONSUMER) timestamp=12053 ms, used_size=1296384 bytes (3.2%)
(RDMA_READ_CONSUME_CHECK_CONSUMER) timestamp=12053 ms, used_size=1294336 bytes (3.2%)
(RDMA_READ_CONSUME_CHECK_CONSUMER) timestamp=12053 ms, used_size=1292288 bytes (3.2%)
(RDMA_READ_CONSUME_CHECK_CONSUMER) timestamp=12053 ms, used_size=1290240 bytes (3.1%)
(RDMA_READ_CONSUME_CHECK_CONSUMER) timestamp=12053 ms, used_size=1288192 bytes (3.1%)
(RDMA_READ_CONSUME_CHECK_CONSUMER) timestamp=12053 ms, used_size=1286144 bytes (3.1%)
(RDMA_READ_CONSUME_CHECK_CONSUMER) timestamp=12053 ms, used_size=1284096 bytes (3.1%)
(RDMA_READ_CONSUME_CHECK_CONSUMER) timestamp=12053 ms, used_size=1282048 bytes (3.1%)
(RDMA_READ_CONSUME_CHECK_CONSUMER) timestamp=12053 ms, used_size=1280000 bytes (3.1%)
(RDMA_READ_CONSUME_CHECK_CONSUMER) timestamp=12053 ms, used_size=1277952 bytes (3.1%)
(RDMA_READ_CONSUME_CHECK_CONSUMER) timestamp=12053 ms, used_size=1275904 bytes (3.1%)
(RDMA_READ_CONSUME_CHECK_CONSUMER) timestamp=12053 ms, used_size=1273856 bytes (3.1%)
(RDMA_READ_CONSUME_CHECK_CONSUMER) timestamp=12053 ms, used_size=1271808 bytes (3.1%)
(RDMA_READ_CONSUME_CHECK_CONSUMER) timestamp=12053 ms, used_size=1269760 bytes (3.1%)
(RDMA_READ_CONSUME_CHECK_CONSUMER) timestamp=12053 ms, used_size=1267712 bytes (3.1%)
(RDMA_READ_CONSUME_CHECK_CONSUMER) timestamp=12053 ms, used_size=1265664 bytes (3.1%)
(RDMA_READ_CONSUME_CHECK_CONSUMER) timestamp=12053 ms, used_size=1263616 bytes (3.1%)
(RDMA_READ_CONSUME_CHECK_CONSUMER) timestamp=12053 ms, used_size=1261568 bytes (3.1%)
(RDMA_READ_CONSUME_CHECK_CONSUMER) timestamp=12053 ms, used_size=1259520 bytes (3.1%)
(RDMA_READ_CONSUME_CHECK_CONSUMER) timestamp=12053 ms, used_size=1257472 bytes (3.1%)
(RDMA_READ_CONSUME_CHECK_CONSUMER) timestamp=12053 ms, used_size=1255424 bytes (3.1%)
(RDMA_READ_CONSUME_CHECK_CONSUMER) timestamp=12053 ms, used_size=1253376 bytes (3.1%)
(RDMA_READ_CONSUME_CHECK_CONSUMER) timestamp=12053 ms, used_size=1251328 bytes (3.1%)
(RDMA_READ_CONSUME_CHECK_CONSUMER) timestamp=12053 ms, used_size=1249280 bytes (3.0%)
(RDMA_READ_CONSUME_CHECK_CONSUMER) timestamp=12053 ms, used_size=1247232 bytes (3.0%)
(RDMA_READ_CONSUME_CHECK_CONSUMER) timestamp=12053 ms, used_size=1245184 bytes (3.0%)
(RDMA_READ_CONSUME_CHECK_CONSUMER) timestamp=12053 ms, used_size=1243136 bytes (3.0%)
(RDMA_READ_CONSUME_CHECK_CONSUMER) timestamp=12053 ms, used_size=1241088 bytes (3.0%)
(RDMA_READ_CONSUME_CHECK_CONSUMER) timestamp=12053 ms, used_size=1239040 bytes (3.0%)
(RDMA_READ_CONSUME_CHECK_CONSUMER) timestamp=12053 ms, used_size=1236992 bytes (3.0%)
(RDMA_READ_CONSUME_CHECK_CONSUMER) timestamp=12053 ms, used_size=1234944 bytes (3.0%)
(RDMA_READ_CONSUME_CHECK_CONSUMER) timestamp=12053 ms, used_size=1232896 bytes (3.0%)
(RDMA_READ_CONSUME_CHECK_CONSUMER) timestamp=12053 ms, used_size=1230848 bytes (3.0%)
(RDMA_READ_CONSUME_CHECK_CONSUMER) timestamp=12053 ms, used_size=1228800 bytes (3.0%)
(RDMA_READ_CONSUME_CHECK_CONSUMER) timestamp=12053 ms, used_size=1226752 bytes (3.0%)
(RDMA_READ_CONSUME_CHECK_CONSUMER) timestamp=12053 ms, used_size=1224704 bytes (3.0%)
(RDMA_READ_CONSUME_CHECK_CONSUMER) timestamp=12053 ms, used_size=1222656 bytes (3.0%)
(RDMA_READ_CONSUME_CHECK_CONSUMER) timestamp=12053 ms, used_size=1220608 bytes (3.0%)
(RDMA_READ_CONSUME_CHECK_CONSUMER) timestamp=12053 ms, used_size=1218560 bytes (3.0%)
(RDMA_READ_CONSUME_CHECK_CONSUMER) timestamp=12053 ms, used_size=1216512 bytes (3.0%)
(RDMA_READ_CONSUME_CHECK_CONSUMER) timestamp=12053 ms, used_size=1214464 bytes (3.0%)
(RDMA_READ_CONSUME_CHECK_CONSUMER) timestamp=12053 ms, used_size=1212416 bytes (3.0%)
(RDMA_READ_CONSUME_CHECK_CONSUMER) timestamp=12053 ms, used_size=1210368 bytes (3.0%)
(RDMA_READ_CONSUME_CHECK_CONSUMER) timestamp=12053 ms, used_size=1208320 bytes (3.0%)
(RDMA_READ_CONSUME_CHECK_CONSUMER) timestamp=12053 ms, used_size=1206272 bytes (2.9%)
(RDMA_READ_CONSUME_CHECK_CONSUMER) timestamp=12053 ms, used_size=1204224 bytes (2.9%)
(RDMA_READ_CONSUME_CHECK_CONSUMER) timestamp=12053 ms, used_size=1202176 bytes (2.9%)
(RDMA_READ_CONSUME_CHECK_CONSUMER) timestamp=12053 ms, used_size=1200128 bytes (2.9%)
(RDMA_READ_CONSUME_CHECK_CONSUMER) timestamp=12053 ms, used_size=1198080 bytes (2.9%)
(RDMA_READ_CONSUME_CHECK_CONSUMER) timestamp=12053 ms, used_size=1196032 bytes (2.9%)
(RDMA_READ_CONSUME_CHECK_CONSUMER) timestamp=12053 ms, used_size=1193984 bytes (2.9%)
(RDMA_READ_CONSUME_CHECK_CONSUMER) timestamp=12053 ms, used_size=1191936 bytes (2.9%)
(RDMA_READ_CONSUME_CHECK_CONSUMER) timestamp=12053 ms, used_size=1189888 bytes (2.9%)
(RDMA_READ_CONSUME_CHECK_CONSUMER) timestamp=12053 ms, used_size=1187840 bytes (2.9%)
(RDMA_READ_CONSUME_CHECK_CONSUMER) timestamp=12053 ms, used_size=1185792 bytes (2.9%)
(RDMA_READ_CONSUME_CHECK_CONSUMER) timestamp=12053 ms, used_size=1183744 bytes (2.9%)
(RDMA_READ_CONSUME_CHECK_CONSUMER) timestamp=12053 ms, used_size=1181696 bytes (2.9%)
(RDMA_READ_CONSUME_CHECK_CONSUMER) timestamp=12053 ms, used_size=1179648 bytes (2.9%)
(RDMA_READ_CONSUME_CHECK_CONSUMER) timestamp=12053 ms, used_size=1177600 bytes (2.9%)
(RDMA_READ_CONSUME_CHECK_CONSUMER) timestamp=12053 ms, used_size=1175552 bytes (2.9%)
(RDMA_READ_CONSUME_CHECK_CONSUMER) timestamp=12053 ms, used_size=1173504 bytes (2.9%)
(RDMA_READ_CONSUME_CHECK_CONSUMER) timestamp=12053 ms, used_size=1171456 bytes (2.9%)
(RDMA_READ_CONSUME_CHECK_CONSUMER) timestamp=12053 ms, used_size=1169408 bytes (2.9%)
(RDMA_READ_CONSUME_CHECK_CONSUMER) timestamp=12053 ms, used_size=1167360 bytes (2.9%)
(RDMA_READ_CONSUME_CHECK_CONSUMER) timestamp=12053 ms, used_size=1165312 bytes (2.8%)
(RDMA_READ_CONSUME_CHECK_CONSUMER) timestamp=12053 ms, used_size=1163264 bytes (2.8%)
(RDMA_READ_CONSUME_CHECK_CONSUMER) timestamp=12053 ms, used_size=1161216 bytes (2.8%)
(RDMA_READ_CONSUME_CHECK_CONSUMER) timestamp=12053 ms, used_size=1159168 bytes (2.8%)
(RDMA_READ_CONSUME_CHECK_CONSUMER) timestamp=12053 ms, used_size=1157120 bytes (2.8%)
(RDMA_READ_CONSUME_CHECK_CONSUMER) timestamp=12053 ms, used_size=1155072 bytes (2.8%)
(RDMA_READ_CONSUME_CHECK_CONSUMER) timestamp=12053 ms, used_size=1153024 bytes (2.8%)
(RDMA_READ_CONSUME_CHECK_CONSUMER) timestamp=12053 ms, used_size=1150976 bytes (2.8%)
(RDMA_READ_CONSUME_CHECK_CONSUMER) timestamp=12053 ms, used_size=1148928 bytes (2.8%)
(RDMA_READ_CONSUME_CHECK_CONSUMER) timestamp=12053 ms, used_size=1146880 bytes (2.8%)
(RDMA_READ_CONSUME_CHECK_CONSUMER) timestamp=12053 ms, used_size=1144832 bytes (2.8%)
(RDMA_READ_CONSUME_CHECK_CONSUMER) timestamp=12053 ms, used_size=1142784 bytes (2.8%)
(RDMA_READ_CONSUME_CHECK_CONSUMER) timestamp=12053 ms, used_size=1140736 bytes (2.8%)
(RDMA_READ_CONSUME_CHECK_CONSUMER) timestamp=12053 ms, used_size=1138688 bytes (2.8%)
(RDMA_READ_CONSUME_CHECK_CONSUMER) timestamp=12053 ms, used_size=1136640 bytes (2.8%)
(RDMA_READ_CONSUME_CHECK_CONSUMER) timestamp=12053 ms, used_size=1134592 bytes (2.8%)
(RDMA_READ_CONSUME_CHECK_CONSUMER) timestamp=12053 ms, used_size=1132544 bytes (2.8%)
(RDMA_READ_CONSUME_CHECK_CONSUMER) timestamp=12053 ms, used_size=1130496 bytes (2.8%)
(RDMA_READ_CONSUME_CHECK_CONSUMER) timestamp=12053 ms, used_size=1128448 bytes (2.8%)
(RDMA_READ_CONSUME_CHECK_CONSUMER) timestamp=12053 ms, used_size=1126400 bytes (2.8%)
(RDMA_READ_CONSUME_CHECK_CONSUMER) timestamp=12053 ms, used_size=1124352 bytes (2.7%)
(RDMA_READ_CONSUME_CHECK_CONSUMER) timestamp=12053 ms, used_size=1122304 bytes (2.7%)
(RDMA_READ_CONSUME_CHECK_CONSUMER) timestamp=12053 ms, used_size=1120256 bytes (2.7%)
(RDMA_READ_CONSUME_CHECK_CONSUMER) timestamp=12053 ms, used_size=1118208 bytes (2.7%)
(RDMA_READ_CONSUME_CHECK_CONSUMER) timestamp=12053 ms, used_size=1116160 bytes (2.7%)
(RDMA_READ_CONSUME_CHECK_CONSUMER) timestamp=12053 ms, used_size=1114112 bytes (2.7%)
(RDMA_READ_CONSUME_CHECK_CONSUMER) timestamp=12053 ms, used_size=1112064 bytes (2.7%)
(RDMA_READ_CONSUME_CHECK_CONSUMER) timestamp=12053 ms, used_size=1110016 bytes (2.7%)
(RDMA_READ_CONSUME_CHECK_CONSUMER) timestamp=12053 ms, used_size=1107968 bytes (2.7%)
(RDMA_READ_CONSUME_CHECK_CONSUMER) timestamp=12053 ms, used_size=1105920 bytes (2.7%)
(RDMA_READ_CONSUME_CHECK_CONSUMER) timestamp=12053 ms, used_size=1103872 bytes (2.7%)
(RDMA_READ_CONSUME_CHECK_CONSUMER) timestamp=12053 ms, used_size=1101824 bytes (2.7%)
(RDMA_READ_CONSUME_CHECK_CONSUMER) timestamp=12053 ms, used_size=1099776 bytes (2.7%)
(RDMA_READ_CONSUME_CHECK_CONSUMER) timestamp=12053 ms, used_size=1097728 bytes (2.7%)
(RDMA_READ_CONSUME_CHECK_CONSUMER) timestamp=12053 ms, used_size=1095680 bytes (2.7%)
(RDMA_READ_CONSUME_CHECK_CONSUMER) timestamp=12053 ms, used_size=1093632 bytes (2.7%)
(RDMA_READ_CONSUME_CHECK_CONSUMER) timestamp=12053 ms, used_size=1091584 bytes (2.7%)
(RDMA_READ_CONSUME_CHECK_CONSUMER) timestamp=12053 ms, used_size=1089536 bytes (2.7%)
(RDMA_READ_CONSUME_CHECK_CONSUMER) timestamp=12054 ms, used_size=1087488 bytes (2.7%)
(RDMA_READ_CONSUME_CHECK_CONSUMER) timestamp=12054 ms, used_size=1085440 bytes (2.6%)
(RDMA_READ_CONSUME_CHECK_CONSUMER) timestamp=12054 ms, used_size=1083392 bytes (2.6%)
(RDMA_READ_CONSUME_CHECK_CONSUMER) timestamp=12054 ms, used_size=1081344 bytes (2.6%)
(RDMA_READ_CONSUME_CHECK_CONSUMER) timestamp=12054 ms, used_size=1079296 bytes (2.6%)
(RDMA_READ_CONSUME_CHECK_CONSUMER) timestamp=12054 ms, used_size=1077248 bytes (2.6%)
(RDMA_READ_CONSUME_CHECK_CONSUMER) timestamp=12054 ms, used_size=1075200 bytes (2.6%)
(RDMA_READ_CONSUME_CHECK_CONSUMER) timestamp=12054 ms, used_size=1073152 bytes (2.6%)
(RDMA_READ_CONSUME_CHECK_CONSUMER) timestamp=12054 ms, used_size=1071104 bytes (2.6%)
(RDMA_READ_CONSUME_CHECK_CONSUMER) timestamp=12054 ms, used_size=1069056 bytes (2.6%)
(RDMA_READ_CONSUME_CHECK_CONSUMER) timestamp=12054 ms, used_size=1067008 bytes (2.6%)
(RDMA_READ_CONSUME_CHECK_CONSUMER) timestamp=12054 ms, used_size=1064960 bytes (2.6%)
(RDMA_READ_CONSUME_CHECK_CONSUMER) timestamp=12054 ms, used_size=1062912 bytes (2.6%)
(RDMA_READ_CONSUME_CHECK_CONSUMER) timestamp=12054 ms, used_size=1060864 bytes (2.6%)
(RDMA_READ_CONSUME_CHECK_CONSUMER) timestamp=12054 ms, used_size=1058816 bytes (2.6%)
(RDMA_READ_CONSUME_CHECK_CONSUMER) timestamp=12054 ms, used_size=1056768 bytes (2.6%)
(RDMA_READ_CONSUME_CHECK_CONSUMER) timestamp=12054 ms, used_size=1054720 bytes (2.6%)
(RDMA_READ_CONSUME_CHECK_CONSUMER) timestamp=12054 ms, used_size=1052672 bytes (2.6%)
(RDMA_READ_CONSUME_CHECK_CONSUMER) timestamp=12054 ms, used_size=1050624 bytes (2.6%)
(RDMA_READ_CONSUME_CHECK_CONSUMER) timestamp=12054 ms, used_size=1048576 bytes (2.6%)
(RDMA_READ_CONSUME_CHECK_CONSUMER) timestamp=12054 ms, used_size=1046528 bytes (2.6%)
(RDMA_READ_CONSUME_CHECK_CONSUMER) timestamp=12054 ms, used_size=1044480 bytes (2.5%)
(RDMA_READ_CONSUME_CHECK_CONSUMER) timestamp=12054 ms, used_size=1042432 bytes (2.5%)
(RDMA_READ_CONSUME_CHECK_CONSUMER) timestamp=12054 ms, used_size=1040384 bytes (2.5%)
(RDMA_READ_CONSUME_CHECK_CONSUMER) timestamp=12054 ms, used_size=1038336 bytes (2.5%)
(RDMA_READ_CONSUME_CHECK_CONSUMER) timestamp=12054 ms, used_size=1036288 bytes (2.5%)
(RDMA_READ_CONSUME_CHECK_CONSUMER) timestamp=12054 ms, used_size=1034240 bytes (2.5%)
(RDMA_READ_CONSUME_CHECK_CONSUMER) timestamp=12054 ms, used_size=1032192 bytes (2.5%)
(RDMA_READ_CONSUME_CHECK_CONSUMER) timestamp=12054 ms, used_size=1030144 bytes (2.5%)
(RDMA_READ_CONSUME_CHECK_CONSUMER) timestamp=12054 ms, used_size=1028096 bytes (2.5%)
(RDMA_READ_CONSUME_CHECK_CONSUMER) timestamp=12054 ms, used_size=1026048 bytes (2.5%)
(RDMA_READ_CONSUME_CHECK_CONSUMER) timestamp=12054 ms, used_size=1024000 bytes (2.5%)
(RDMA_READ_CONSUME_CHECK_CONSUMER) timestamp=12054 ms, used_size=1021952 bytes (2.5%)
(RDMA_READ_CONSUME_CHECK_CONSUMER) timestamp=12054 ms, used_size=1019904 bytes (2.5%)
(RDMA_READ_CONSUME_CHECK_CONSUMER) timestamp=12054 ms, used_size=1017856 bytes (2.5%)
(RDMA_READ_CONSUME_CHECK_CONSUMER) timestamp=12054 ms, used_size=1015808 bytes (2.5%)
(RDMA_READ_CONSUME_CHECK_CONSUMER) timestamp=12054 ms, used_size=1013760 bytes (2.5%)
(RDMA_READ_CONSUME_CHECK_CONSUMER) timestamp=12054 ms, used_size=1011712 bytes (2.5%)
(RDMA_READ_CONSUME_CHECK_CONSUMER) timestamp=12054 ms, used_size=1009664 bytes (2.5%)
(RDMA_READ_CONSUME_CHECK_CONSUMER) timestamp=12054 ms, used_size=1007616 bytes (2.5%)
(RDMA_READ_CONSUME_CHECK_CONSUMER) timestamp=12054 ms, used_size=1005568 bytes (2.5%)
(RDMA_READ_CONSUME_CHECK_CONSUMER) timestamp=12054 ms, used_size=1003520 bytes (2.5%)
(RDMA_READ_CONSUME_CHECK_CONSUMER) timestamp=12054 ms, used_size=1001472 bytes (2.4%)
(RDMA_READ_CONSUME_CHECK_CONSUMER) timestamp=12054 ms, used_size=999424 bytes (2.4%)
(RDMA_READ_CONSUME_CHECK_CONSUMER) timestamp=12054 ms, used_size=997376 bytes (2.4%)
(RDMA_READ_CONSUME_CHECK_CONSUMER) timestamp=12054 ms, used_size=995328 bytes (2.4%)
(RDMA_READ_CONSUME_CHECK_CONSUMER) timestamp=12054 ms, used_size=993280 bytes (2.4%)
(RDMA_READ_CONSUME_CHECK_CONSUMER) timestamp=12054 ms, used_size=991232 bytes (2.4%)
(RDMA_READ_CONSUME_CHECK_CONSUMER) timestamp=12054 ms, used_size=989184 bytes (2.4%)
(RDMA_READ_CONSUME_CHECK_CONSUMER) timestamp=12054 ms, used_size=987136 bytes (2.4%)
(RDMA_READ_CONSUME_CHECK_CONSUMER) timestamp=12054 ms, used_size=985088 bytes (2.4%)
(RDMA_READ_CONSUME_CHECK_CONSUMER) timestamp=12054 ms, used_size=983040 bytes (2.4%)
(RDMA_READ_CONSUME_CHECK_CONSUMER) timestamp=12054 ms, used_size=980992 bytes (2.4%)
(RDMA_READ_CONSUME_CHECK_CONSUMER) timestamp=12054 ms, used_size=978944 bytes (2.4%)
(RDMA_READ_CONSUME_CHECK_CONSUMER) timestamp=12054 ms, used_size=976896 bytes (2.4%)
(RDMA_READ_CONSUME_CHECK_CONSUMER) timestamp=12054 ms, used_size=974848 bytes (2.4%)
(RDMA_READ_CONSUME_CHECK_CONSUMER) timestamp=12054 ms, used_size=972800 bytes (2.4%)
(RDMA_READ_CONSUME_CHECK_CONSUMER) timestamp=12054 ms, used_size=970752 bytes (2.4%)
(RDMA_READ_CONSUME_CHECK_CONSUMER) timestamp=12054 ms, used_size=968704 bytes (2.4%)
(RDMA_READ_CONSUME_CHECK_CONSUMER) timestamp=12054 ms, used_size=966656 bytes (2.4%)
(RDMA_READ_CONSUME_CHECK_CONSUMER) timestamp=12054 ms, used_size=964608 bytes (2.4%)
(RDMA_READ_CONSUME_CHECK_CONSUMER) timestamp=12054 ms, used_size=962560 bytes (2.4%)
(RDMA_READ_CONSUME_CHECK_CONSUMER) timestamp=12054 ms, used_size=960512 bytes (2.3%)
(RDMA_READ_CONSUME_CHECK_CONSUMER) timestamp=12054 ms, used_size=958464 bytes (2.3%)
(RDMA_READ_CONSUME_CHECK_CONSUMER) timestamp=12054 ms, used_size=956416 bytes (2.3%)
(RDMA_READ_CONSUME_CHECK_CONSUMER) timestamp=12054 ms, used_size=954368 bytes (2.3%)
(RDMA_READ_CONSUME_CHECK_CONSUMER) timestamp=12054 ms, used_size=952320 bytes (2.3%)
(RDMA_READ_CONSUME_CHECK_CONSUMER) timestamp=12054 ms, used_size=950272 bytes (2.3%)
(RDMA_READ_CONSUME_CHECK_CONSUMER) timestamp=12054 ms, used_size=948224 bytes (2.3%)
(RDMA_READ_CONSUME_CHECK_CONSUMER) timestamp=12054 ms, used_size=946176 bytes (2.3%)
(RDMA_READ_CONSUME_CHECK_CONSUMER) timestamp=12054 ms, used_size=944128 bytes (2.3%)
(RDMA_READ_CONSUME_CHECK_CONSUMER) timestamp=12054 ms, used_size=942080 bytes (2.3%)
(RDMA_READ_CONSUME_CHECK_CONSUMER) timestamp=12054 ms, used_size=940032 bytes (2.3%)
(RDMA_READ_CONSUME_CHECK_CONSUMER) timestamp=12054 ms, used_size=937984 bytes (2.3%)
(RDMA_READ_CONSUME_CHECK_CONSUMER) timestamp=12054 ms, used_size=935936 bytes (2.3%)
(RDMA_READ_CONSUME_CHECK_CONSUMER) timestamp=12054 ms, used_size=933888 bytes (2.3%)
(RDMA_READ_CONSUME_CHECK_CONSUMER) timestamp=12054 ms, used_size=931840 bytes (2.3%)
(RDMA_READ_CONSUME_CHECK_CONSUMER) timestamp=12054 ms, used_size=929792 bytes (2.3%)
(RDMA_READ_CONSUME_CHECK_CONSUMER) timestamp=12054 ms, used_size=927744 bytes (2.3%)
(RDMA_READ_CONSUME_CHECK_CONSUMER) timestamp=12054 ms, used_size=925696 bytes (2.3%)
(RDMA_READ_CONSUME_CHECK_CONSUMER) timestamp=12054 ms, used_size=923648 bytes (2.3%)
(RDMA_READ_CONSUME_CHECK_CONSUMER) timestamp=12054 ms, used_size=921600 bytes (2.2%)
(RDMA_READ_CONSUME_CHECK_CONSUMER) timestamp=12054 ms, used_size=919552 bytes (2.2%)
(RDMA_READ_CONSUME_CHECK_CONSUMER) timestamp=12054 ms, used_size=917504 bytes (2.2%)
(RDMA_READ_CONSUME_CHECK_CONSUMER) timestamp=12054 ms, used_size=915456 bytes (2.2%)
(RDMA_READ_CONSUME_CHECK_CONSUMER) timestamp=12054 ms, used_size=913408 bytes (2.2%)
(RDMA_READ_CONSUME_CHECK_CONSUMER) timestamp=12054 ms, used_size=911360 bytes (2.2%)
(RDMA_READ_CONSUME_CHECK_CONSUMER) timestamp=12054 ms, used_size=909312 bytes (2.2%)
(RDMA_READ_CONSUME_CHECK_CONSUMER) timestamp=12054 ms, used_size=907264 bytes (2.2%)
(RDMA_READ_CONSUME_CHECK_CONSUMER) timestamp=12054 ms, used_size=905216 bytes (2.2%)
(RDMA_READ_CONSUME_CHECK_CONSUMER) timestamp=12054 ms, used_size=903168 bytes (2.2%)
(RDMA_READ_CONSUME_CHECK_CONSUMER) timestamp=12054 ms, used_size=901120 bytes (2.2%)
(RDMA_READ_CONSUME_CHECK_CONSUMER) timestamp=12054 ms, used_size=899072 bytes (2.2%)
(RDMA_READ_CONSUME_CHECK_CONSUMER) timestamp=12054 ms, used_size=897024 bytes (2.2%)
(RDMA_READ_CONSUME_CHECK_CONSUMER) timestamp=12054 ms, used_size=894976 bytes (2.2%)
(RDMA_READ_CONSUME_CHECK_CONSUMER) timestamp=12054 ms, used_size=892928 bytes (2.2%)
(RDMA_READ_CONSUME_CHECK_CONSUMER) timestamp=12054 ms, used_size=890880 bytes (2.2%)
(RDMA_READ_CONSUME_CHECK_CONSUMER) timestamp=12054 ms, used_size=888832 bytes (2.2%)
(RDMA_READ_CONSUME_CHECK_CONSUMER) timestamp=12054 ms, used_size=886784 bytes (2.2%)
(RDMA_READ_CONSUME_CHECK_CONSUMER) timestamp=12054 ms, used_size=884736 bytes (2.2%)
(RDMA_READ_CONSUME_CHECK_CONSUMER) timestamp=12054 ms, used_size=882688 bytes (2.2%)
(RDMA_READ_CONSUME_CHECK_CONSUMER) timestamp=12054 ms, used_size=880640 bytes (2.1%)
(RDMA_READ_CONSUME_CHECK_CONSUMER) timestamp=12054 ms, used_size=878592 bytes (2.1%)
(RDMA_READ_CONSUME_CHECK_CONSUMER) timestamp=12054 ms, used_size=876544 bytes (2.1%)
(RDMA_READ_CONSUME_CHECK_CONSUMER) timestamp=12054 ms, used_size=874496 bytes (2.1%)
(RDMA_READ_CONSUME_CHECK_CONSUMER) timestamp=12054 ms, used_size=872448 bytes (2.1%)
(RDMA_READ_CONSUME_CHECK_CONSUMER) timestamp=12054 ms, used_size=870400 bytes (2.1%)
(RDMA_READ_CONSUME_CHECK_CONSUMER) timestamp=12054 ms, used_size=868352 bytes (2.1%)
(RDMA_READ_CONSUME_CHECK_CONSUMER) timestamp=12054 ms, used_size=866304 bytes (2.1%)
(RDMA_READ_CONSUME_CHECK_CONSUMER) timestamp=12054 ms, used_size=864256 bytes (2.1%)
(RDMA_READ_CONSUME_CHECK_CONSUMER) timestamp=12054 ms, used_size=862208 bytes (2.1%)
(RDMA_READ_CONSUME_CHECK_CONSUMER) timestamp=12054 ms, used_size=860160 bytes (2.1%)
(RDMA_READ_CONSUME_CHECK_CONSUMER) timestamp=12054 ms, used_size=858112 bytes (2.1%)
(RDMA_READ_CONSUME_CHECK_CONSUMER) timestamp=12054 ms, used_size=856064 bytes (2.1%)
(RDMA_READ_CONSUME_CHECK_CONSUMER) timestamp=12054 ms, used_size=854016 bytes (2.1%)
(RDMA_READ_CONSUME_CHECK_CONSUMER) timestamp=12054 ms, used_size=851968 bytes (2.1%)
(RDMA_READ_CONSUME_CHECK_CONSUMER) timestamp=12054 ms, used_size=849920 bytes (2.1%)
(RDMA_READ_CONSUME_CHECK_CONSUMER) timestamp=12054 ms, used_size=847872 bytes (2.1%)
(RDMA_READ_CONSUME_CHECK_CONSUMER) timestamp=12054 ms, used_size=845824 bytes (2.1%)
(RDMA_READ_CONSUME_CHECK_CONSUMER) timestamp=12054 ms, used_size=843776 bytes (2.1%)
(RDMA_READ_CONSUME_CHECK_CONSUMER) timestamp=12054 ms, used_size=841728 bytes (2.1%)
(RDMA_READ_CONSUME_CHECK_CONSUMER) timestamp=12054 ms, used_size=839680 bytes (2.0%)
(RDMA_READ_CONSUME_CHECK_CONSUMER) timestamp=12054 ms, used_size=837632 bytes (2.0%)
(RDMA_READ_CONSUME_CHECK_CONSUMER) timestamp=12054 ms, used_size=835584 bytes (2.0%)
(RDMA_READ_CONSUME_CHECK_CONSUMER) timestamp=12054 ms, used_size=833536 bytes (2.0%)
(RDMA_READ_CONSUME_CHECK_CONSUMER) timestamp=12054 ms, used_size=831488 bytes (2.0%)
(RDMA_READ_CONSUME_CHECK_CONSUMER) timestamp=12054 ms, used_size=829440 bytes (2.0%)
(RDMA_READ_CONSUME_CHECK_CONSUMER) timestamp=12054 ms, used_size=827392 bytes (2.0%)
(RDMA_READ_CONSUME_CHECK_CONSUMER) timestamp=12054 ms, used_size=825344 bytes (2.0%)
(RDMA_READ_CONSUME_CHECK_CONSUMER) timestamp=12054 ms, used_size=823296 bytes (2.0%)
(RDMA_READ_CONSUME_CHECK_CONSUMER) timestamp=12054 ms, used_size=821248 bytes (2.0%)
(RDMA_READ_CONSUME_CHECK_CONSUMER) timestamp=12054 ms, used_size=819200 bytes (2.0%)
(RDMA_READ_CONSUME_CHECK_CONSUMER) timestamp=12054 ms, used_size=817152 bytes (2.0%)
(RDMA_READ_CONSUME_CHECK_CONSUMER) timestamp=12054 ms, used_size=815104 bytes (2.0%)
(RDMA_READ_CONSUME_CHECK_CONSUMER) timestamp=12054 ms, used_size=813056 bytes (2.0%)
(RDMA_READ_CONSUME_CHECK_CONSUMER) timestamp=12054 ms, used_size=811008 bytes (2.0%)
(RDMA_READ_CONSUME_CHECK_CONSUMER) timestamp=12054 ms, used_size=808960 bytes (2.0%)
(RDMA_READ_CONSUME_CHECK_CONSUMER) timestamp=12054 ms, used_size=806912 bytes (2.0%)
(RDMA_READ_CONSUME_CHECK_CONSUMER) timestamp=12054 ms, used_size=804864 bytes (2.0%)
(RDMA_READ_CONSUME_CHECK_CONSUMER) timestamp=12054 ms, used_size=802816 bytes (2.0%)
(RDMA_READ_CONSUME_CHECK_CONSUMER) timestamp=12054 ms, used_size=800768 bytes (2.0%)
(RDMA_READ_CONSUME_CHECK_CONSUMER) timestamp=12054 ms, used_size=798720 bytes (1.9%)
(RDMA_READ_CONSUME_CHECK_CONSUMER) timestamp=12054 ms, used_size=796672 bytes (1.9%)
(RDMA_READ_CONSUME_CHECK_CONSUMER) timestamp=12054 ms, used_size=794624 bytes (1.9%)
(RDMA_READ_CONSUME_CHECK_CONSUMER) timestamp=12054 ms, used_size=792576 bytes (1.9%)
(RDMA_READ_CONSUME_CHECK_CONSUMER) timestamp=12054 ms, used_size=790528 bytes (1.9%)
(RDMA_READ_CONSUME_CHECK_CONSUMER) timestamp=12054 ms, used_size=788480 bytes (1.9%)
(RDMA_READ_CONSUME_CHECK_CONSUMER) timestamp=12054 ms, used_size=786432 bytes (1.9%)
(RDMA_READ_CONSUME_CHECK_CONSUMER) timestamp=12054 ms, used_size=784384 bytes (1.9%)
(RDMA_READ_CONSUME_CHECK_CONSUMER) timestamp=12054 ms, used_size=782336 bytes (1.9%)
(RDMA_READ_CONSUME_CHECK_CONSUMER) timestamp=12054 ms, used_size=780288 bytes (1.9%)
(RDMA_READ_CONSUME_CHECK_CONSUMER) timestamp=12054 ms, used_size=778240 bytes (1.9%)
(RDMA_READ_CONSUME_CHECK_CONSUMER) timestamp=12054 ms, used_size=776192 bytes (1.9%)
(RDMA_READ_CONSUME_CHECK_CONSUMER) timestamp=12054 ms, used_size=774144 bytes (1.9%)
(RDMA_READ_CONSUME_CHECK_CONSUMER) timestamp=12054 ms, used_size=772096 bytes (1.9%)
(RDMA_READ_CONSUME_CHECK_CONSUMER) timestamp=12054 ms, used_size=770048 bytes (1.9%)
(RDMA_READ_CONSUME_CHECK_CONSUMER) timestamp=12054 ms, used_size=768000 bytes (1.9%)
(RDMA_READ_CONSUME_CHECK_CONSUMER) timestamp=12054 ms, used_size=765952 bytes (1.9%)
(RDMA_READ_CONSUME_CHECK_CONSUMER) timestamp=12054 ms, used_size=763904 bytes (1.9%)
(RDMA_READ_CONSUME_CHECK_CONSUMER) timestamp=12054 ms, used_size=761856 bytes (1.9%)
(RDMA_READ_CONSUME_CHECK_CONSUMER) timestamp=12054 ms, used_size=759808 bytes (1.9%)
(RDMA_READ_CONSUME_CHECK_CONSUMER) timestamp=12054 ms, used_size=757760 bytes (1.9%)
(RDMA_READ_CONSUME_CHECK_CONSUMER) timestamp=12054 ms, used_size=755712 bytes (1.8%)
(RDMA_READ_CONSUME_CHECK_CONSUMER) timestamp=12054 ms, used_size=753664 bytes (1.8%)
(RDMA_READ_CONSUME_CHECK_CONSUMER) timestamp=12054 ms, used_size=751616 bytes (1.8%)
(RDMA_READ_CONSUME_CHECK_CONSUMER) timestamp=12054 ms, used_size=749568 bytes (1.8%)
(RDMA_READ_CONSUME_CHECK_CONSUMER) timestamp=12054 ms, used_size=747520 bytes (1.8%)
(RDMA_READ_CONSUME_CHECK_CONSUMER) timestamp=12054 ms, used_size=745472 bytes (1.8%)
(RDMA_READ_CONSUME_CHECK_CONSUMER) timestamp=12054 ms, used_size=743424 bytes (1.8%)
(RDMA_READ_CONSUME_CHECK_CONSUMER) timestamp=12054 ms, used_size=741376 bytes (1.8%)
(RDMA_READ_CONSUME_CHECK_CONSUMER) timestamp=12054 ms, used_size=739328 bytes (1.8%)
(RDMA_READ_CONSUME_CHECK_CONSUMER) timestamp=12055 ms, used_size=737280 bytes (1.8%)
(RDMA_READ_CONSUME_CHECK_CONSUMER) timestamp=12055 ms, used_size=735232 bytes (1.8%)
(RDMA_READ_CONSUME_CHECK_CONSUMER) timestamp=12055 ms, used_size=733184 bytes (1.8%)
(RDMA_READ_CONSUME_CHECK_CONSUMER) timestamp=12055 ms, used_size=731136 bytes (1.8%)
(RDMA_READ_CONSUME_CHECK_CONSUMER) timestamp=12055 ms, used_size=729088 bytes (1.8%)
(RDMA_READ_CONSUME_CHECK_CONSUMER) timestamp=12055 ms, used_size=727040 bytes (1.8%)
(RDMA_READ_CONSUME_CHECK_CONSUMER) timestamp=12055 ms, used_size=724992 bytes (1.8%)
(RDMA_READ_CONSUME_CHECK_CONSUMER) timestamp=12055 ms, used_size=722944 bytes (1.8%)
(RDMA_READ_CONSUME_CHECK_CONSUMER) timestamp=12055 ms, used_size=720896 bytes (1.8%)
(RDMA_READ_CONSUME_CHECK_CONSUMER) timestamp=12055 ms, used_size=718848 bytes (1.8%)
(RDMA_READ_CONSUME_CHECK_CONSUMER) timestamp=12055 ms, used_size=716800 bytes (1.8%)
(RDMA_READ_CONSUME_CHECK_CONSUMER) timestamp=12055 ms, used_size=714752 bytes (1.7%)
(RDMA_READ_CONSUME_CHECK_CONSUMER) timestamp=12055 ms, used_size=712704 bytes (1.7%)
(RDMA_READ_CONSUME_CHECK_CONSUMER) timestamp=12055 ms, used_size=710656 bytes (1.7%)
(RDMA_READ_CONSUME_CHECK_CONSUMER) timestamp=12055 ms, used_size=708608 bytes (1.7%)
(RDMA_READ_CONSUME_CHECK_CONSUMER) timestamp=12055 ms, used_size=706560 bytes (1.7%)
(RDMA_READ_CONSUME_CHECK_CONSUMER) timestamp=12055 ms, used_size=704512 bytes (1.7%)
(RDMA_READ_CONSUME_CHECK_CONSUMER) timestamp=12055 ms, used_size=702464 bytes (1.7%)
(RDMA_READ_CONSUME_CHECK_CONSUMER) timestamp=12055 ms, used_size=700416 bytes (1.7%)
(RDMA_READ_CONSUME_CHECK_CONSUMER) timestamp=12055 ms, used_size=698368 bytes (1.7%)
(RDMA_READ_CONSUME_CHECK_CONSUMER) timestamp=12055 ms, used_size=696320 bytes (1.7%)
(RDMA_READ_CONSUME_CHECK_CONSUMER) timestamp=12055 ms, used_size=694272 bytes (1.7%)
(RDMA_READ_CONSUME_CHECK_CONSUMER) timestamp=12055 ms, used_size=692224 bytes (1.7%)
(RDMA_READ_CONSUME_CHECK_CONSUMER) timestamp=12055 ms, used_size=690176 bytes (1.7%)
(RDMA_READ_CONSUME_CHECK_CONSUMER) timestamp=12055 ms, used_size=688128 bytes (1.7%)
(RDMA_READ_CONSUME_CHECK_CONSUMER) timestamp=12055 ms, used_size=686080 bytes (1.7%)
(RDMA_READ_CONSUME_CHECK_CONSUMER) timestamp=12055 ms, used_size=684032 bytes (1.7%)
(RDMA_READ_CONSUME_CHECK_CONSUMER) timestamp=12055 ms, used_size=681984 bytes (1.7%)
(RDMA_READ_CONSUME_CHECK_CONSUMER) timestamp=12055 ms, used_size=679936 bytes (1.7%)
(RDMA_READ_CONSUME_CHECK_CONSUMER) timestamp=12055 ms, used_size=677888 bytes (1.7%)
(RDMA_READ_CONSUME_CHECK_CONSUMER) timestamp=12055 ms, used_size=675840 bytes (1.6%)
(RDMA_READ_CONSUME_CHECK_CONSUMER) timestamp=12055 ms, used_size=673792 bytes (1.6%)
(RDMA_READ_CONSUME_CHECK_CONSUMER) timestamp=12055 ms, used_size=671744 bytes (1.6%)
(RDMA_READ_CONSUME_CHECK_CONSUMER) timestamp=12055 ms, used_size=669696 bytes (1.6%)
(RDMA_READ_CONSUME_CHECK_CONSUMER) timestamp=12055 ms, used_size=667648 bytes (1.6%)
(RDMA_READ_CONSUME_CHECK_CONSUMER) timestamp=12055 ms, used_size=665600 bytes (1.6%)
(RDMA_READ_CONSUME_CHECK_CONSUMER) timestamp=12055 ms, used_size=663552 bytes (1.6%)
(RDMA_READ_CONSUME_CHECK_CONSUMER) timestamp=12055 ms, used_size=661504 bytes (1.6%)
(RDMA_READ_CONSUME_CHECK_CONSUMER) timestamp=12055 ms, used_size=659456 bytes (1.6%)
(RDMA_READ_CONSUME_CHECK_CONSUMER) timestamp=12055 ms, used_size=657408 bytes (1.6%)
(RDMA_READ_CONSUME_CHECK_CONSUMER) timestamp=12055 ms, used_size=655360 bytes (1.6%)
(RDMA_READ_CONSUME_CHECK_CONSUMER) timestamp=12055 ms, used_size=653312 bytes (1.6%)
(RDMA_READ_CONSUME_CHECK_CONSUMER) timestamp=12055 ms, used_size=651264 bytes (1.6%)
(RDMA_READ_CONSUME_CHECK_CONSUMER) timestamp=12055 ms, used_size=649216 bytes (1.6%)
(RDMA_READ_CONSUME_CHECK_CONSUMER) timestamp=12055 ms, used_size=647168 bytes (1.6%)
(RDMA_READ_CONSUME_CHECK_CONSUMER) timestamp=12055 ms, used_size=645120 bytes (1.6%)
(RDMA_READ_CONSUME_CHECK_CONSUMER) timestamp=12055 ms, used_size=643072 bytes (1.6%)
(RDMA_READ_CONSUME_CHECK_CONSUMER) timestamp=12055 ms, used_size=641024 bytes (1.6%)
(RDMA_READ_CONSUME_CHECK_CONSUMER) timestamp=12055 ms, used_size=638976 bytes (1.6%)
(RDMA_READ_CONSUME_CHECK_CONSUMER) timestamp=12055 ms, used_size=636928 bytes (1.6%)
(RDMA_READ_CONSUME_CHECK_CONSUMER) timestamp=12055 ms, used_size=634880 bytes (1.6%)
(RDMA_READ_CONSUME_CHECK_CONSUMER) timestamp=12055 ms, used_size=632832 bytes (1.5%)
(RDMA_READ_CONSUME_CHECK_CONSUMER) timestamp=12055 ms, used_size=630784 bytes (1.5%)
(RDMA_READ_CONSUME_CHECK_CONSUMER) timestamp=12055 ms, used_size=628736 bytes (1.5%)
(RDMA_READ_CONSUME_CHECK_CONSUMER) timestamp=12055 ms, used_size=626688 bytes (1.5%)
(RDMA_READ_CONSUME_CHECK_CONSUMER) timestamp=12055 ms, used_size=624640 bytes (1.5%)
(RDMA_READ_CONSUME_CHECK_CONSUMER) timestamp=12055 ms, used_size=622592 bytes (1.5%)
(RDMA_READ_CONSUME_CHECK_CONSUMER) timestamp=12055 ms, used_size=620544 bytes (1.5%)
(RDMA_READ_CONSUME_CHECK_CONSUMER) timestamp=12055 ms, used_size=618496 bytes (1.5%)
(RDMA_READ_CONSUME_CHECK_CONSUMER) timestamp=12055 ms, used_size=616448 bytes (1.5%)
(RDMA_READ_CONSUME_CHECK_CONSUMER) timestamp=12055 ms, used_size=614400 bytes (1.5%)
(RDMA_READ_CONSUME_CHECK_CONSUMER) timestamp=12055 ms, used_size=612352 bytes (1.5%)
(RDMA_READ_CONSUME_CHECK_CONSUMER) timestamp=12055 ms, used_size=610304 bytes (1.5%)
(RDMA_READ_CONSUME_CHECK_CONSUMER) timestamp=12055 ms, used_size=608256 bytes (1.5%)
(RDMA_READ_CONSUME_CHECK_CONSUMER) timestamp=12055 ms, used_size=606208 bytes (1.5%)
(RDMA_READ_CONSUME_CHECK_CONSUMER) timestamp=12055 ms, used_size=604160 bytes (1.5%)
(RDMA_READ_CONSUME_CHECK_CONSUMER) timestamp=12055 ms, used_size=602112 bytes (1.5%)
(RDMA_READ_CONSUME_CHECK_CONSUMER) timestamp=12055 ms, used_size=600064 bytes (1.5%)
(RDMA_READ_CONSUME_CHECK_CONSUMER) timestamp=12055 ms, used_size=598016 bytes (1.5%)
(RDMA_READ_CONSUME_CHECK_CONSUMER) timestamp=12055 ms, used_size=595968 bytes (1.5%)
(RDMA_READ_CONSUME_CHECK_CONSUMER) timestamp=12055 ms, used_size=593920 bytes (1.4%)
(RDMA_READ_CONSUME_CHECK_CONSUMER) timestamp=12055 ms, used_size=591872 bytes (1.4%)
(RDMA_READ_CONSUME_CHECK_CONSUMER) timestamp=12055 ms, used_size=589824 bytes (1.4%)
(RDMA_READ_CONSUME_CHECK_CONSUMER) timestamp=12055 ms, used_size=587776 bytes (1.4%)
(RDMA_READ_CONSUME_CHECK_CONSUMER) timestamp=12055 ms, used_size=585728 bytes (1.4%)
(RDMA_READ_CONSUME_CHECK_CONSUMER) timestamp=12055 ms, used_size=583680 bytes (1.4%)
(RDMA_READ_CONSUME_CHECK_CONSUMER) timestamp=12055 ms, used_size=581632 bytes (1.4%)
(RDMA_READ_CONSUME_CHECK_CONSUMER) timestamp=12055 ms, used_size=579584 bytes (1.4%)
(RDMA_READ_CONSUME_CHECK_CONSUMER) timestamp=12055 ms, used_size=577536 bytes (1.4%)
(RDMA_READ_CONSUME_CHECK_CONSUMER) timestamp=12055 ms, used_size=575488 bytes (1.4%)
(RDMA_READ_CONSUME_CHECK_CONSUMER) timestamp=12055 ms, used_size=573440 bytes (1.4%)
(RDMA_READ_CONSUME_CHECK_CONSUMER) timestamp=12055 ms, used_size=571392 bytes (1.4%)
(RDMA_READ_CONSUME_CHECK_CONSUMER) timestamp=12055 ms, used_size=569344 bytes (1.4%)
(RDMA_READ_CONSUME_CHECK_CONSUMER) timestamp=12055 ms, used_size=567296 bytes (1.4%)
(RDMA_READ_CONSUME_CHECK_CONSUMER) timestamp=12055 ms, used_size=565248 bytes (1.4%)
(RDMA_READ_CONSUME_CHECK_CONSUMER) timestamp=12055 ms, used_size=563200 bytes (1.4%)
(RDMA_READ_CONSUME_CHECK_CONSUMER) timestamp=12055 ms, used_size=561152 bytes (1.4%)
(RDMA_READ_CONSUME_CHECK_CONSUMER) timestamp=12055 ms, used_size=559104 bytes (1.4%)
(RDMA_READ_CONSUME_CHECK_CONSUMER) timestamp=12055 ms, used_size=557056 bytes (1.4%)
(RDMA_READ_CONSUME_CHECK_CONSUMER) timestamp=12055 ms, used_size=555008 bytes (1.4%)
(RDMA_READ_CONSUME_CHECK_CONSUMER) timestamp=12055 ms, used_size=552960 bytes (1.4%)
(RDMA_READ_CONSUME_CHECK_CONSUMER) timestamp=12055 ms, used_size=550912 bytes (1.3%)
(RDMA_READ_CONSUME_CHECK_CONSUMER) timestamp=12055 ms, used_size=548864 bytes (1.3%)
(RDMA_READ_CONSUME_CHECK_CONSUMER) timestamp=12055 ms, used_size=546816 bytes (1.3%)
(RDMA_READ_CONSUME_CHECK_CONSUMER) timestamp=12055 ms, used_size=544768 bytes (1.3%)
(RDMA_READ_CONSUME_CHECK_CONSUMER) timestamp=12055 ms, used_size=542720 bytes (1.3%)
(RDMA_READ_CONSUME_CHECK_CONSUMER) timestamp=12055 ms, used_size=540672 bytes (1.3%)
(RDMA_READ_CONSUME_CHECK_CONSUMER) timestamp=12055 ms, used_size=538624 bytes (1.3%)
(RDMA_READ_CONSUME_CHECK_CONSUMER) timestamp=12055 ms, used_size=536576 bytes (1.3%)
(RDMA_READ_CONSUME_CHECK_CONSUMER) timestamp=12055 ms, used_size=534528 bytes (1.3%)
(RDMA_READ_CONSUME_CHECK_CONSUMER) timestamp=12055 ms, used_size=532480 bytes (1.3%)
(RDMA_READ_CONSUME_CHECK_CONSUMER) timestamp=12055 ms, used_size=530432 bytes (1.3%)
(RDMA_READ_CONSUME_CHECK_CONSUMER) timestamp=12055 ms, used_size=528384 bytes (1.3%)
(RDMA_READ_CONSUME_CHECK_CONSUMER) timestamp=12055 ms, used_size=526336 bytes (1.3%)
(RDMA_READ_CONSUME_CHECK_CONSUMER) timestamp=12055 ms, used_size=524288 bytes (1.3%)
(RDMA_READ_CONSUME_CHECK_CONSUMER) timestamp=12055 ms, used_size=522240 bytes (1.3%)
(RDMA_READ_CONSUME_CHECK_CONSUMER) timestamp=12055 ms, used_size=520192 bytes (1.3%)
(RDMA_READ_CONSUME_CHECK_CONSUMER) timestamp=12055 ms, used_size=518144 bytes (1.3%)
(RDMA_READ_CONSUME_CHECK_CONSUMER) timestamp=12055 ms, used_size=516096 bytes (1.3%)
(RDMA_READ_CONSUME_CHECK_CONSUMER) timestamp=12055 ms, used_size=514048 bytes (1.3%)
(RDMA_READ_CONSUME_CHECK_CONSUMER) timestamp=12055 ms, used_size=512000 bytes (1.2%)
(RDMA_READ_CONSUME_CHECK_CONSUMER) timestamp=12055 ms, used_size=509952 bytes (1.2%)
(RDMA_READ_CONSUME_CHECK_CONSUMER) timestamp=12055 ms, used_size=507904 bytes (1.2%)
(RDMA_READ_CONSUME_CHECK_CONSUMER) timestamp=12055 ms, used_size=505856 bytes (1.2%)
(RDMA_READ_CONSUME_CHECK_CONSUMER) timestamp=12055 ms, used_size=503808 bytes (1.2%)
(RDMA_READ_CONSUME_CHECK_CONSUMER) timestamp=12055 ms, used_size=501760 bytes (1.2%)
(RDMA_READ_CONSUME_CHECK_CONSUMER) timestamp=12055 ms, used_size=499712 bytes (1.2%)
(RDMA_READ_CONSUME_CHECK_CONSUMER) timestamp=12055 ms, used_size=497664 bytes (1.2%)
(RDMA_READ_CONSUME_CHECK_CONSUMER) timestamp=12055 ms, used_size=495616 bytes (1.2%)
(RDMA_READ_CONSUME_CHECK_CONSUMER) timestamp=12055 ms, used_size=493568 bytes (1.2%)
(RDMA_READ_CONSUME_CHECK_CONSUMER) timestamp=12055 ms, used_size=491520 bytes (1.2%)
(RDMA_READ_CONSUME_CHECK_CONSUMER) timestamp=12055 ms, used_size=489472 bytes (1.2%)
(RDMA_READ_CONSUME_CHECK_CONSUMER) timestamp=12055 ms, used_size=487424 bytes (1.2%)
(RDMA_READ_CONSUME_CHECK_CONSUMER) timestamp=12055 ms, used_size=485376 bytes (1.2%)
(RDMA_READ_CONSUME_CHECK_CONSUMER) timestamp=12055 ms, used_size=483328 bytes (1.2%)
(RDMA_READ_CONSUME_CHECK_CONSUMER) timestamp=12055 ms, used_size=481280 bytes (1.2%)
(RDMA_READ_CONSUME_CHECK_CONSUMER) timestamp=12055 ms, used_size=479232 bytes (1.2%)
(RDMA_READ_CONSUME_CHECK_CONSUMER) timestamp=12055 ms, used_size=477184 bytes (1.2%)
(RDMA_READ_CONSUME_CHECK_CONSUMER) timestamp=12055 ms, used_size=475136 bytes (1.2%)
(RDMA_READ_CONSUME_CHECK_CONSUMER) timestamp=12055 ms, used_size=473088 bytes (1.2%)
(RDMA_READ_CONSUME_CHECK_CONSUMER) timestamp=12055 ms, used_size=471040 bytes (1.1%)
(RDMA_READ_CONSUME_CHECK_CONSUMER) timestamp=12055 ms, used_size=468992 bytes (1.1%)
(RDMA_READ_CONSUME_CHECK_CONSUMER) timestamp=12055 ms, used_size=466944 bytes (1.1%)
(RDMA_READ_CONSUME_CHECK_CONSUMER) timestamp=12055 ms, used_size=464896 bytes (1.1%)
(RDMA_READ_CONSUME_CHECK_CONSUMER) timestamp=12055 ms, used_size=462848 bytes (1.1%)
(RDMA_READ_CONSUME_CHECK_CONSUMER) timestamp=12055 ms, used_size=460800 bytes (1.1%)
(RDMA_READ_CONSUME_CHECK_CONSUMER) timestamp=12055 ms, used_size=458752 bytes (1.1%)
(RDMA_READ_CONSUME_CHECK_CONSUMER) timestamp=12055 ms, used_size=456704 bytes (1.1%)
(RDMA_READ_CONSUME_CHECK_CONSUMER) timestamp=12055 ms, used_size=454656 bytes (1.1%)
(RDMA_READ_CONSUME_CHECK_CONSUMER) timestamp=12055 ms, used_size=452608 bytes (1.1%)
(RDMA_READ_CONSUME_CHECK_CONSUMER) timestamp=12055 ms, used_size=450560 bytes (1.1%)
(RDMA_READ_CONSUME_CHECK_CONSUMER) timestamp=12055 ms, used_size=448512 bytes (1.1%)
(RDMA_READ_CONSUME_CHECK_CONSUMER) timestamp=12055 ms, used_size=446464 bytes (1.1%)
(RDMA_READ_CONSUME_CHECK_CONSUMER) timestamp=12055 ms, used_size=444416 bytes (1.1%)
(RDMA_READ_CONSUME_CHECK_CONSUMER) timestamp=12055 ms, used_size=442368 bytes (1.1%)
(RDMA_READ_CONSUME_CHECK_CONSUMER) timestamp=12055 ms, used_size=440320 bytes (1.1%)
(RDMA_READ_CONSUME_CHECK_CONSUMER) timestamp=12055 ms, used_size=438272 bytes (1.1%)
(RDMA_READ_CONSUME_CHECK_CONSUMER) timestamp=12055 ms, used_size=436224 bytes (1.1%)
(RDMA_READ_CONSUME_CHECK_CONSUMER) timestamp=12055 ms, used_size=434176 bytes (1.1%)
(RDMA_READ_CONSUME_CHECK_CONSUMER) timestamp=12055 ms, used_size=432128 bytes (1.1%)
(RDMA_READ_CONSUME_CHECK_CONSUMER) timestamp=12055 ms, used_size=430080 bytes (1.1%)
(RDMA_READ_CONSUME_CHECK_CONSUMER) timestamp=12055 ms, used_size=428032 bytes (1.0%)
(RDMA_READ_CONSUME_CHECK_CONSUMER) timestamp=12055 ms, used_size=425984 bytes (1.0%)
(RDMA_READ_CONSUME_CHECK_CONSUMER) timestamp=12055 ms, used_size=423936 bytes (1.0%)
(RDMA_READ_CONSUME_CHECK_CONSUMER) timestamp=12055 ms, used_size=421888 bytes (1.0%)
(RDMA_READ_CONSUME_CHECK_CONSUMER) timestamp=12055 ms, used_size=419840 bytes (1.0%)
(RDMA_READ_CONSUME_CHECK_CONSUMER) timestamp=12055 ms, used_size=417792 bytes (1.0%)
(RDMA_READ_CONSUME_CHECK_CONSUMER) timestamp=12055 ms, used_size=415744 bytes (1.0%)
(RDMA_READ_CONSUME_CHECK_CONSUMER) timestamp=12055 ms, used_size=413696 bytes (1.0%)
(RDMA_READ_CONSUME_CHECK_CONSUMER) timestamp=12055 ms, used_size=411648 bytes (1.0%)
(RDMA_READ_CONSUME_CHECK_CONSUMER) timestamp=12055 ms, used_size=409600 bytes (1.0%)
(RDMA_READ_CONSUME_CHECK_CONSUMER) timestamp=12055 ms, used_size=407552 bytes (1.0%)
(RDMA_READ_CONSUME_CHECK_CONSUMER) timestamp=12055 ms, used_size=405504 bytes (1.0%)
(RDMA_READ_CONSUME_CHECK_CONSUMER) timestamp=12055 ms, used_size=403456 bytes (1.0%)
(RDMA_READ_CONSUME_CHECK_CONSUMER) timestamp=12055 ms, used_size=401408 bytes (1.0%)
(RDMA_READ_CONSUME_CHECK_CONSUMER) timestamp=12055 ms, used_size=399360 bytes (1.0%)
(RDMA_READ_CONSUME_CHECK_CONSUMER) timestamp=12055 ms, used_size=397312 bytes (1.0%)
(RDMA_READ_CONSUME_CHECK_CONSUMER) timestamp=12055 ms, used_size=395264 bytes (1.0%)
(RDMA_READ_CONSUME_CHECK_CONSUMER) timestamp=12055 ms, used_size=393216 bytes (1.0%)
(RDMA_READ_CONSUME_CHECK_CONSUMER) timestamp=12055 ms, used_size=391168 bytes (1.0%)
(RDMA_READ_CONSUME_CHECK_CONSUMER) timestamp=12055 ms, used_size=389120 bytes (0.9%)
(RDMA_READ_CONSUME_CHECK_CONSUMER) timestamp=12056 ms, used_size=387072 bytes (0.9%)
(RDMA_READ_CONSUME_CHECK_CONSUMER) timestamp=12056 ms, used_size=385024 bytes (0.9%)
(RDMA_READ_CONSUME_CHECK_CONSUMER) timestamp=12056 ms, used_size=382976 bytes (0.9%)
(RDMA_READ_CONSUME_CHECK_CONSUMER) timestamp=12056 ms, used_size=380928 bytes (0.9%)
(RDMA_READ_CONSUME_CHECK_CONSUMER) timestamp=12056 ms, used_size=378880 bytes (0.9%)
(RDMA_READ_CONSUME_CHECK_CONSUMER) timestamp=12056 ms, used_size=376832 bytes (0.9%)
(RDMA_READ_CONSUME_CHECK_CONSUMER) timestamp=12056 ms, used_size=374784 bytes (0.9%)
(RDMA_READ_CONSUME_CHECK_CONSUMER) timestamp=12056 ms, used_size=372736 bytes (0.9%)
(RDMA_READ_CONSUME_CHECK_CONSUMER) timestamp=12056 ms, used_size=370688 bytes (0.9%)
(RDMA_READ_CONSUME_CHECK_CONSUMER) timestamp=12056 ms, used_size=368640 bytes (0.9%)
(RDMA_READ_CONSUME_CHECK_CONSUMER) timestamp=12056 ms, used_size=366592 bytes (0.9%)
(RDMA_READ_CONSUME_CHECK_CONSUMER) timestamp=12056 ms, used_size=364544 bytes (0.9%)
(RDMA_READ_CONSUME_CHECK_CONSUMER) timestamp=12056 ms, used_size=362496 bytes (0.9%)
(RDMA_READ_CONSUME_CHECK_CONSUMER) timestamp=12056 ms, used_size=360448 bytes (0.9%)
(RDMA_READ_CONSUME_CHECK_CONSUMER) timestamp=12056 ms, used_size=358400 bytes (0.9%)
(RDMA_READ_CONSUME_CHECK_CONSUMER) timestamp=12056 ms, used_size=356352 bytes (0.9%)
(RDMA_READ_CONSUME_CHECK_CONSUMER) timestamp=12056 ms, used_size=354304 bytes (0.9%)
(RDMA_READ_CONSUME_CHECK_CONSUMER) timestamp=12056 ms, used_size=352256 bytes (0.9%)
(RDMA_READ_CONSUME_CHECK_CONSUMER) timestamp=12056 ms, used_size=350208 bytes (0.9%)
(RDMA_READ_CONSUME_CHECK_CONSUMER) timestamp=12056 ms, used_size=348160 bytes (0.8%)
(RDMA_READ_CONSUME_CHECK_CONSUMER) timestamp=12056 ms, used_size=346112 bytes (0.8%)
(RDMA_READ_CONSUME_CHECK_CONSUMER) timestamp=12056 ms, used_size=344064 bytes (0.8%)
(RDMA_READ_CONSUME_CHECK_CONSUMER) timestamp=12056 ms, used_size=342016 bytes (0.8%)
(RDMA_READ_CONSUME_CHECK_CONSUMER) timestamp=12056 ms, used_size=339968 bytes (0.8%)
(RDMA_READ_CONSUME_CHECK_CONSUMER) timestamp=12056 ms, used_size=337920 bytes (0.8%)
(RDMA_READ_CONSUME_CHECK_CONSUMER) timestamp=12056 ms, used_size=335872 bytes (0.8%)
(RDMA_READ_CONSUME_CHECK_CONSUMER) timestamp=12056 ms, used_size=333824 bytes (0.8%)
(RDMA_READ_CONSUME_CHECK_CONSUMER) timestamp=12056 ms, used_size=331776 bytes (0.8%)
(RDMA_READ_CONSUME_CHECK_CONSUMER) timestamp=12056 ms, used_size=329728 bytes (0.8%)
(RDMA_READ_CONSUME_CHECK_CONSUMER) timestamp=12056 ms, used_size=327680 bytes (0.8%)
(RDMA_READ_CONSUME_CHECK_CONSUMER) timestamp=12056 ms, used_size=325632 bytes (0.8%)
(RDMA_READ_CONSUME_CHECK_CONSUMER) timestamp=12056 ms, used_size=323584 bytes (0.8%)
(RDMA_READ_CONSUME_CHECK_CONSUMER) timestamp=12056 ms, used_size=321536 bytes (0.8%)
(RDMA_READ_CONSUME_CHECK_CONSUMER) timestamp=12056 ms, used_size=319488 bytes (0.8%)
(RDMA_READ_CONSUME_CHECK_CONSUMER) timestamp=12056 ms, used_size=317440 bytes (0.8%)
(RDMA_READ_CONSUME_CHECK_CONSUMER) timestamp=12056 ms, used_size=315392 bytes (0.8%)
(RDMA_READ_CONSUME_CHECK_CONSUMER) timestamp=12056 ms, used_size=313344 bytes (0.8%)
(RDMA_READ_CONSUME_CHECK_CONSUMER) timestamp=12056 ms, used_size=311296 bytes (0.8%)
(RDMA_READ_CONSUME_CHECK_CONSUMER) timestamp=12056 ms, used_size=309248 bytes (0.8%)
(RDMA_READ_CONSUME_CHECK_CONSUMER) timestamp=12056 ms, used_size=307200 bytes (0.8%)
(RDMA_READ_CONSUME_CHECK_CONSUMER) timestamp=12056 ms, used_size=305152 bytes (0.7%)
(RDMA_READ_CONSUME_CHECK_CONSUMER) timestamp=12056 ms, used_size=303104 bytes (0.7%)
(RDMA_READ_CONSUME_CHECK_CONSUMER) timestamp=12056 ms, used_size=301056 bytes (0.7%)
(RDMA_READ_CONSUME_CHECK_CONSUMER) timestamp=12056 ms, used_size=299008 bytes (0.7%)
(RDMA_READ_CONSUME_CHECK_CONSUMER) timestamp=12056 ms, used_size=296960 bytes (0.7%)
(RDMA_READ_CONSUME_CHECK_CONSUMER) timestamp=12056 ms, used_size=294912 bytes (0.7%)
(RDMA_READ_CONSUME_CHECK_CONSUMER) timestamp=12056 ms, used_size=292864 bytes (0.7%)
(RDMA_READ_CONSUME_CHECK_CONSUMER) timestamp=12056 ms, used_size=290816 bytes (0.7%)
(RDMA_READ_CONSUME_CHECK_CONSUMER) timestamp=12056 ms, used_size=288768 bytes (0.7%)
(RDMA_READ_CONSUME_CHECK_CONSUMER) timestamp=12056 ms, used_size=286720 bytes (0.7%)
(RDMA_READ_CONSUME_CHECK_CONSUMER) timestamp=12056 ms, used_size=284672 bytes (0.7%)
(RDMA_READ_CONSUME_CHECK_CONSUMER) timestamp=12056 ms, used_size=282624 bytes (0.7%)
(RDMA_READ_CONSUME_CHECK_CONSUMER) timestamp=12056 ms, used_size=280576 bytes (0.7%)
(RDMA_READ_CONSUME_CHECK_CONSUMER) timestamp=12056 ms, used_size=278528 bytes (0.7%)
(RDMA_READ_CONSUME_CHECK_CONSUMER) timestamp=12056 ms, used_size=276480 bytes (0.7%)
(RDMA_READ_CONSUME_CHECK_CONSUMER) timestamp=12056 ms, used_size=274432 bytes (0.7%)
(RDMA_READ_CONSUME_CHECK_CONSUMER) timestamp=12056 ms, used_size=272384 bytes (0.7%)
(RDMA_READ_CONSUME_CHECK_CONSUMER) timestamp=12056 ms, used_size=270336 bytes (0.7%)
(RDMA_READ_CONSUME_CHECK_CONSUMER) timestamp=12056 ms, used_size=268288 bytes (0.7%)
(RDMA_READ_CONSUME_CHECK_CONSUMER) timestamp=12056 ms, used_size=266240 bytes (0.7%)
(RDMA_READ_CONSUME_CHECK_CONSUMER) timestamp=12056 ms, used_size=264192 bytes (0.6%)
(RDMA_READ_CONSUME_CHECK_CONSUMER) timestamp=12056 ms, used_size=262144 bytes (0.6%)
(RDMA_READ_CONSUME_CHECK_CONSUMER) timestamp=12056 ms, used_size=260096 bytes (0.6%)
(RDMA_READ_CONSUME_CHECK_CONSUMER) timestamp=12056 ms, used_size=258048 bytes (0.6%)
(RDMA_READ_CONSUME_CHECK_CONSUMER) timestamp=12056 ms, used_size=256000 bytes (0.6%)
(RDMA_READ_CONSUME_CHECK_CONSUMER) timestamp=12056 ms, used_size=253952 bytes (0.6%)
(RDMA_READ_CONSUME_CHECK_CONSUMER) timestamp=12056 ms, used_size=251904 bytes (0.6%)
(RDMA_READ_CONSUME_CHECK_CONSUMER) timestamp=12056 ms, used_size=249856 bytes (0.6%)
(RDMA_READ_CONSUME_CHECK_CONSUMER) timestamp=12056 ms, used_size=247808 bytes (0.6%)
(RDMA_READ_CONSUME_CHECK_CONSUMER) timestamp=12056 ms, used_size=245760 bytes (0.6%)
(RDMA_READ_CONSUME_CHECK_CONSUMER) timestamp=12056 ms, used_size=243712 bytes (0.6%)
(RDMA_READ_CONSUME_CHECK_CONSUMER) timestamp=12056 ms, used_size=241664 bytes (0.6%)
(RDMA_READ_CONSUME_CHECK_CONSUMER) timestamp=12056 ms, used_size=239616 bytes (0.6%)
(RDMA_READ_CONSUME_CHECK_CONSUMER) timestamp=12056 ms, used_size=237568 bytes (0.6%)
(RDMA_READ_CONSUME_CHECK_CONSUMER) timestamp=12056 ms, used_size=235520 bytes (0.6%)
(RDMA_READ_CONSUME_CHECK_CONSUMER) timestamp=12056 ms, used_size=233472 bytes (0.6%)
(RDMA_READ_CONSUME_CHECK_CONSUMER) timestamp=12056 ms, used_size=231424 bytes (0.6%)
(RDMA_READ_CONSUME_CHECK_CONSUMER) timestamp=12056 ms, used_size=229376 bytes (0.6%)
(RDMA_READ_CONSUME_CHECK_CONSUMER) timestamp=12056 ms, used_size=227328 bytes (0.6%)
(RDMA_READ_CONSUME_CHECK_CONSUMER) timestamp=12056 ms, used_size=225280 bytes (0.6%)
(RDMA_READ_CONSUME_CHECK_CONSUMER) timestamp=12056 ms, used_size=223232 bytes (0.5%)
(RDMA_READ_CONSUME_CHECK_CONSUMER) timestamp=12056 ms, used_size=221184 bytes (0.5%)
(RDMA_READ_CONSUME_CHECK_CONSUMER) timestamp=12056 ms, used_size=219136 bytes (0.5%)
(RDMA_READ_CONSUME_CHECK_CONSUMER) timestamp=12056 ms, used_size=217088 bytes (0.5%)
(RDMA_READ_CONSUME_CHECK_CONSUMER) timestamp=12056 ms, used_size=215040 bytes (0.5%)
(RDMA_READ_CONSUME_CHECK_CONSUMER) timestamp=12056 ms, used_size=212992 bytes (0.5%)
(RDMA_READ_CONSUME_CHECK_CONSUMER) timestamp=12056 ms, used_size=210944 bytes (0.5%)
(RDMA_READ_CONSUME_CHECK_CONSUMER) timestamp=12056 ms, used_size=208896 bytes (0.5%)
(RDMA_READ_CONSUME_CHECK_CONSUMER) timestamp=12056 ms, used_size=206848 bytes (0.5%)
(RDMA_READ_CONSUME_CHECK_CONSUMER) timestamp=12056 ms, used_size=204800 bytes (0.5%)
(RDMA_READ_CONSUME_CHECK_CONSUMER) timestamp=12056 ms, used_size=202752 bytes (0.5%)
(RDMA_READ_CONSUME_CHECK_CONSUMER) timestamp=12056 ms, used_size=200704 bytes (0.5%)
(RDMA_READ_CONSUME_CHECK_CONSUMER) timestamp=12056 ms, used_size=198656 bytes (0.5%)
(RDMA_READ_CONSUME_CHECK_CONSUMER) timestamp=12056 ms, used_size=196608 bytes (0.5%)
(RDMA_READ_CONSUME_CHECK_CONSUMER) timestamp=12056 ms, used_size=194560 bytes (0.5%)
(RDMA_READ_CONSUME_CHECK_CONSUMER) timestamp=12056 ms, used_size=192512 bytes (0.5%)
(RDMA_READ_CONSUME_CHECK_CONSUMER) timestamp=12056 ms, used_size=190464 bytes (0.5%)
(RDMA_READ_CONSUME_CHECK_CONSUMER) timestamp=12056 ms, used_size=188416 bytes (0.5%)
(RDMA_READ_CONSUME_CHECK_CONSUMER) timestamp=12056 ms, used_size=186368 bytes (0.5%)
(RDMA_READ_CONSUME_CHECK_CONSUMER) timestamp=12056 ms, used_size=184320 bytes (0.5%)
(RDMA_READ_CONSUME_CHECK_CONSUMER) timestamp=12056 ms, used_size=182272 bytes (0.4%)
(RDMA_READ_CONSUME_CHECK_CONSUMER) timestamp=12056 ms, used_size=180224 bytes (0.4%)
(RDMA_READ_CONSUME_CHECK_CONSUMER) timestamp=12056 ms, used_size=178176 bytes (0.4%)
(RDMA_READ_CONSUME_CHECK_CONSUMER) timestamp=12056 ms, used_size=176128 bytes (0.4%)
(RDMA_READ_CONSUME_CHECK_CONSUMER) timestamp=12056 ms, used_size=174080 bytes (0.4%)
(RDMA_READ_CONSUME_CHECK_CONSUMER) timestamp=12056 ms, used_size=172032 bytes (0.4%)
(RDMA_READ_CONSUME_CHECK_CONSUMER) timestamp=12056 ms, used_size=169984 bytes (0.4%)
(RDMA_READ_CONSUME_CHECK_CONSUMER) timestamp=12056 ms, used_size=167936 bytes (0.4%)
(RDMA_READ_CONSUME_CHECK_CONSUMER) timestamp=12056 ms, used_size=165888 bytes (0.4%)
(RDMA_READ_CONSUME_CHECK_CONSUMER) timestamp=12056 ms, used_size=163840 bytes (0.4%)
(RDMA_READ_CONSUME_CHECK_CONSUMER) timestamp=12056 ms, used_size=161792 bytes (0.4%)
(RDMA_READ_CONSUME_CHECK_CONSUMER) timestamp=12056 ms, used_size=159744 bytes (0.4%)
(RDMA_READ_CONSUME_CHECK_CONSUMER) timestamp=12056 ms, used_size=157696 bytes (0.4%)
(RDMA_READ_CONSUME_CHECK_CONSUMER) timestamp=12056 ms, used_size=155648 bytes (0.4%)
(RDMA_READ_CONSUME_CHECK_CONSUMER) timestamp=12056 ms, used_size=153600 bytes (0.4%)
(RDMA_READ_CONSUME_CHECK_CONSUMER) timestamp=12056 ms, used_size=151552 bytes (0.4%)
(RDMA_READ_CONSUME_CHECK_CONSUMER) timestamp=12056 ms, used_size=149504 bytes (0.4%)
(RDMA_READ_CONSUME_CHECK_CONSUMER) timestamp=12056 ms, used_size=147456 bytes (0.4%)
(RDMA_READ_CONSUME_CHECK_CONSUMER) timestamp=12056 ms, used_size=145408 bytes (0.4%)
(RDMA_READ_CONSUME_CHECK_CONSUMER) timestamp=12056 ms, used_size=143360 bytes (0.3%)
(RDMA_READ_CONSUME_CHECK_CONSUMER) timestamp=12056 ms, used_size=141312 bytes (0.3%)
(RDMA_READ_CONSUME_CHECK_CONSUMER) timestamp=12056 ms, used_size=139264 bytes (0.3%)
(RDMA_READ_CONSUME_CHECK_CONSUMER) timestamp=12056 ms, used_size=137216 bytes (0.3%)
(RDMA_READ_CONSUME_CHECK_CONSUMER) timestamp=12056 ms, used_size=135168 bytes (0.3%)
(RDMA_READ_CONSUME_CHECK_CONSUMER) timestamp=12056 ms, used_size=133120 bytes (0.3%)
(RDMA_READ_CONSUME_CHECK_CONSUMER) timestamp=12056 ms, used_size=131072 bytes (0.3%)
(RDMA_READ_CONSUME_CHECK_CONSUMER) timestamp=12056 ms, used_size=129024 bytes (0.3%)
(RDMA_READ_CONSUME_CHECK_CONSUMER) timestamp=12056 ms, used_size=126976 bytes (0.3%)
(RDMA_READ_CONSUME_CHECK_CONSUMER) timestamp=12056 ms, used_size=124928 bytes (0.3%)
(RDMA_READ_CONSUME_CHECK_CONSUMER) timestamp=12056 ms, used_size=122880 bytes (0.3%)
(RDMA_READ_CONSUME_CHECK_CONSUMER) timestamp=12056 ms, used_size=120832 bytes (0.3%)
(RDMA_READ_CONSUME_CHECK_CONSUMER) timestamp=12056 ms, used_size=118784 bytes (0.3%)
(RDMA_READ_CONSUME_CHECK_CONSUMER) timestamp=12056 ms, used_size=116736 bytes (0.3%)
(RDMA_READ_CONSUME_CHECK_CONSUMER) timestamp=12056 ms, used_size=114688 bytes (0.3%)
(RDMA_READ_CONSUME_CHECK_CONSUMER) timestamp=12056 ms, used_size=112640 bytes (0.3%)
(RDMA_READ_CONSUME_CHECK_CONSUMER) timestamp=12056 ms, used_size=110592 bytes (0.3%)
(RDMA_READ_CONSUME_CHECK_CONSUMER) timestamp=12056 ms, used_size=108544 bytes (0.3%)
(RDMA_READ_CONSUME_CHECK_CONSUMER) timestamp=12056 ms, used_size=106496 bytes (0.3%)
(RDMA_READ_CONSUME_CHECK_CONSUMER) timestamp=12056 ms, used_size=104448 bytes (0.3%)
(RDMA_READ_CONSUME_CHECK_CONSUMER) timestamp=12056 ms, used_size=102400 bytes (0.2%)
(RDMA_READ_CONSUME_CHECK_CONSUMER) timestamp=12056 ms, used_size=100352 bytes (0.2%)
(RDMA_READ_CONSUME_CHECK_CONSUMER) timestamp=12056 ms, used_size=98304 bytes (0.2%)
(RDMA_READ_CONSUME_CHECK_CONSUMER) timestamp=12056 ms, used_size=96256 bytes (0.2%)
(RDMA_READ_CONSUME_CHECK_CONSUMER) timestamp=12056 ms, used_size=94208 bytes (0.2%)
(RDMA_READ_CONSUME_CHECK_CONSUMER) timestamp=12056 ms, used_size=92160 bytes (0.2%)
(RDMA_READ_CONSUME_CHECK_CONSUMER) timestamp=12056 ms, used_size=90112 bytes (0.2%)
(RDMA_READ_CONSUME_CHECK_CONSUMER) timestamp=12056 ms, used_size=88064 bytes (0.2%)
(RDMA_READ_CONSUME_CHECK_CONSUMER) timestamp=12056 ms, used_size=86016 bytes (0.2%)
(RDMA_READ_CONSUME_CHECK_CONSUMER) timestamp=12056 ms, used_size=83968 bytes (0.2%)
(RDMA_READ_CONSUME_CHECK_CONSUMER) timestamp=12056 ms, used_size=81920 bytes (0.2%)
(RDMA_READ_CONSUME_CHECK_CONSUMER) timestamp=12056 ms, used_size=79872 bytes (0.2%)
(RDMA_READ_CONSUME_CHECK_CONSUMER) timestamp=12056 ms, used_size=77824 bytes (0.2%)
(RDMA_READ_CONSUME_CHECK_CONSUMER) timestamp=12056 ms, used_size=75776 bytes (0.2%)
(RDMA_READ_CONSUME_CHECK_CONSUMER) timestamp=12056 ms, used_size=73728 bytes (0.2%)
(RDMA_READ_CONSUME_CHECK_CONSUMER) timestamp=12056 ms, used_size=71680 bytes (0.2%)
(RDMA_READ_CONSUME_CHECK_CONSUMER) timestamp=12056 ms, used_size=69632 bytes (0.2%)
(RDMA_READ_CONSUME_CHECK_CONSUMER) timestamp=12056 ms, used_size=67584 bytes (0.2%)
(RDMA_READ_CONSUME_CHECK_CONSUMER) timestamp=12056 ms, used_size=65536 bytes (0.2%)
(RDMA_READ_CONSUME_CHECK_CONSUMER) timestamp=12056 ms, used_size=63488 bytes (0.2%)
(RDMA_READ_CONSUME_CHECK_CONSUMER) timestamp=12056 ms, used_size=61440 bytes (0.1%)
(RDMA_READ_CONSUME_CHECK_CONSUMER) timestamp=12056 ms, used_size=59392 bytes (0.1%)
(RDMA_READ_CONSUME_CHECK_CONSUMER) timestamp=12056 ms, used_size=57344 bytes (0.1%)
(RDMA_READ_CONSUME_CHECK_CONSUMER) timestamp=12056 ms, used_size=55296 bytes (0.1%)
(RDMA_READ_CONSUME_CHECK_CONSUMER) timestamp=12056 ms, used_size=53248 bytes (0.1%)
(RDMA_READ_CONSUME_CHECK_CONSUMER) timestamp=12056 ms, used_size=51200 bytes (0.1%)
(RDMA_READ_CONSUME_CHECK_CONSUMER) timestamp=12056 ms, used_size=49152 bytes (0.1%)
(RDMA_READ_CONSUME_CHECK_CONSUMER) timestamp=12056 ms, used_size=47104 bytes (0.1%)
(RDMA_READ_CONSUME_CHECK_CONSUMER) timestamp=12056 ms, used_size=45056 bytes (0.1%)
(RDMA_READ_CONSUME_CHECK_CONSUMER) timestamp=12056 ms, used_size=43008 bytes (0.1%)
(RDMA_READ_CONSUME_CHECK_CONSUMER) timestamp=12056 ms, used_size=40960 bytes (0.1%)
(RDMA_READ_CONSUME_CHECK_CONSUMER) timestamp=12056 ms, used_size=38912 bytes (0.1%)
(RDMA_READ_CONSUME_CHECK_CONSUMER) timestamp=12057 ms, used_size=36864 bytes (0.1%)
(RDMA_READ_CONSUME_CHECK_CONSUMER) timestamp=12057 ms, used_size=34816 bytes (0.1%)
(RDMA_READ_CONSUME_CHECK_CONSUMER) timestamp=12057 ms, used_size=32768 bytes (0.1%)
(RDMA_READ_CONSUME_CHECK_CONSUMER) timestamp=12057 ms, used_size=30720 bytes (0.1%)
(RDMA_READ_CONSUME_CHECK_CONSUMER) timestamp=12057 ms, used_size=28672 bytes (0.1%)
(RDMA_READ_CONSUME_CHECK_CONSUMER) timestamp=12057 ms, used_size=26624 bytes (0.1%)
(RDMA_READ_CONSUME_CHECK_CONSUMER) timestamp=12057 ms, used_size=24576 bytes (0.1%)
(RDMA_READ_CONSUME_CHECK_CONSUMER) timestamp=12057 ms, used_size=22528 bytes (0.1%)
(RDMA_READ_CONSUME_CHECK_CONSUMER) timestamp=12057 ms, used_size=20480 bytes (0.1%)
(RDMA_READ_CONSUME_CHECK_CONSUMER) timestamp=12057 ms, used_size=18432 bytes (0.0%)
(RDMA_READ_CONSUME_CHECK_CONSUMER) timestamp=12057 ms, used_size=16384 bytes (0.0%)
(RDMA_READ_CONSUME_CHECK_CONSUMER) timestamp=12057 ms, used_size=14336 bytes (0.0%)
(RDMA_READ_CONSUME_CHECK_CONSUMER) timestamp=12057 ms, used_size=12288 bytes (0.0%)
(RDMA_READ_CONSUME_CHECK_CONSUMER) timestamp=12057 ms, used_size=10240 bytes (0.0%)
(RDMA_READ_CONSUME_CHECK_CONSUMER) timestamp=12057 ms, used_size=8192 bytes (0.0%)
(RDMA_READ_CONSUME_CHECK_CONSUMER) timestamp=12057 ms, used_size=6144 bytes (0.0%)
(RDMA_READ_CONSUME_CHECK_CONSUMER) timestamp=12057 ms, used_size=4096 bytes (0.0%)
(RDMA_READ_CONSUME_CHECK_CONSUMER) timestamp=12057 ms, used_size=2048 bytes (0.0%)
(RDMA_READ_CONSUME_CHECK_CONSUMER) timestamp=12057 ms, used_size=0 bytes (0.0%)
(RDMA_READ_CONSUME_CHECK) Cycle 8, Batch 2: CRC32 OK (0xcee97786), 3616 messages verified
t1:0:10087739314:120390546:40960000
(RDMA_READ_CONSUME_CHECK) Cycle 8 completed
(RDMA_READ_CONSUME_CHECK) Starting cycle 9
(RDMA_READ_CONSUME_CHECK_CONSUMER) timestamp=12057 ms, used_size=7403520 bytes (18.1%)
(RDMA_READ_CONSUME_CHECK_CONSUMER) timestamp=12100 ms, used_size=7401472 bytes (18.1%)
(RDMA_READ_CONSUME_CHECK_CONSUMER) timestamp=12100 ms, used_size=7399424 bytes (18.1%)
(RDMA_READ_CONSUME_CHECK_CONSUMER) timestamp=12100 ms, used_size=7397376 bytes (18.1%)
(RDMA_READ_CONSUME_CHECK_CONSUMER) timestamp=12100 ms, used_size=7395328 bytes (18.1%)
(RDMA_READ_CONSUME_CHECK_CONSUMER) timestamp=12100 ms, used_size=7393280 bytes (18.1%)
(RDMA_READ_CONSUME_CHECK_CONSUMER) timestamp=12100 ms, used_size=7391232 bytes (18.0%)
(RDMA_READ_CONSUME_CHECK_CONSUMER) timestamp=12100 ms, used_size=7389184 bytes (18.0%)
(RDMA_READ_CONSUME_CHECK_CONSUMER) timestamp=12100 ms, used_size=7387136 bytes (18.0%)
(RDMA_READ_CONSUME_CHECK_CONSUMER) timestamp=12100 ms, used_size=7385088 bytes (18.0%)
(RDMA_READ_CONSUME_CHECK_CONSUMER) timestamp=12100 ms, used_size=7383040 bytes (18.0%)
(RDMA_READ_CONSUME_CHECK_CONSUMER) timestamp=12100 ms, used_size=7380992 bytes (18.0%)
(RDMA_READ_CONSUME_CHECK_CONSUMER) timestamp=12100 ms, used_size=7378944 bytes (18.0%)
(RDMA_READ_CONSUME_CHECK_CONSUMER) timestamp=12100 ms, used_size=7376896 bytes (18.0%)
(RDMA_READ_CONSUME_CHECK_CONSUMER) timestamp=12100 ms, used_size=7374848 bytes (18.0%)
(RDMA_READ_CONSUME_CHECK_CONSUMER) timestamp=12100 ms, used_size=7372800 bytes (18.0%)
(RDMA_READ_CONSUME_CHECK_CONSUMER) timestamp=12100 ms, used_size=7370752 bytes (18.0%)
(RDMA_READ_CONSUME_CHECK_CONSUMER) timestamp=12100 ms, used_size=7368704 bytes (18.0%)
(RDMA_READ_CONSUME_CHECK_CONSUMER) timestamp=12100 ms, used_size=7366656 bytes (18.0%)
(RDMA_READ_CONSUME_CHECK_CONSUMER) timestamp=12100 ms, used_size=7364608 bytes (18.0%)
(RDMA_READ_CONSUME_CHECK_CONSUMER) timestamp=12100 ms, used_size=7362560 bytes (18.0%)
(RDMA_READ_CONSUME_CHECK_CONSUMER) timestamp=12100 ms, used_size=7360512 bytes (18.0%)
(RDMA_READ_CONSUME_CHECK_CONSUMER) timestamp=12100 ms, used_size=7358464 bytes (18.0%)
(RDMA_READ_CONSUME_CHECK_CONSUMER) timestamp=12100 ms, used_size=7356416 bytes (18.0%)
(RDMA_READ_CONSUME_CHECK_CONSUMER) timestamp=12100 ms, used_size=7354368 bytes (18.0%)
(RDMA_READ_CONSUME_CHECK_CONSUMER) timestamp=12100 ms, used_size=7352320 bytes (17.9%)
(RDMA_READ_CONSUME_CHECK_CONSUMER) timestamp=12100 ms, used_size=7350272 bytes (17.9%)
(RDMA_READ_CONSUME_CHECK_CONSUMER) timestamp=12100 ms, used_size=7348224 bytes (17.9%)
(RDMA_READ_CONSUME_CHECK_CONSUMER) timestamp=12100 ms, used_size=7346176 bytes (17.9%)
(RDMA_READ_CONSUME_CHECK_CONSUMER) timestamp=12100 ms, used_size=7344128 bytes (17.9%)
(RDMA_READ_CONSUME_CHECK_CONSUMER) timestamp=12100 ms, used_size=7342080 bytes (17.9%)
(RDMA_READ_CONSUME_CHECK_CONSUMER) timestamp=12100 ms, used_size=7340032 bytes (17.9%)
(RDMA_READ_CONSUME_CHECK_CONSUMER) timestamp=12100 ms, used_size=7337984 bytes (17.9%)
(RDMA_READ_CONSUME_CHECK_CONSUMER) timestamp=12100 ms, used_size=7335936 bytes (17.9%)
(RDMA_READ_CONSUME_CHECK_CONSUMER) timestamp=12100 ms, used_size=7333888 bytes (17.9%)
(RDMA_READ_CONSUME_CHECK_CONSUMER) timestamp=12100 ms, used_size=7331840 bytes (17.9%)
(RDMA_READ_CONSUME_CHECK_CONSUMER) timestamp=12100 ms, used_size=7329792 bytes (17.9%)
(RDMA_READ_CONSUME_CHECK_CONSUMER) timestamp=12100 ms, used_size=7327744 bytes (17.9%)
(RDMA_READ_CONSUME_CHECK_CONSUMER) timestamp=12100 ms, used_size=7325696 bytes (17.9%)
(RDMA_READ_CONSUME_CHECK_CONSUMER) timestamp=12100 ms, used_size=7323648 bytes (17.9%)
(RDMA_READ_CONSUME_CHECK_CONSUMER) timestamp=12100 ms, used_size=7321600 bytes (17.9%)
(RDMA_READ_CONSUME_CHECK_CONSUMER) timestamp=12100 ms, used_size=7319552 bytes (17.9%)
(RDMA_READ_CONSUME_CHECK_CONSUMER) timestamp=12100 ms, used_size=7317504 bytes (17.9%)
(RDMA_READ_CONSUME_CHECK_CONSUMER) timestamp=12100 ms, used_size=7315456 bytes (17.9%)
(RDMA_READ_CONSUME_CHECK_CONSUMER) timestamp=12100 ms, used_size=7313408 bytes (17.9%)
(RDMA_READ_CONSUME_CHECK_CONSUMER) timestamp=12100 ms, used_size=7311360 bytes (17.9%)
(RDMA_READ_CONSUME_CHECK_CONSUMER) timestamp=12100 ms, used_size=7309312 bytes (17.8%)
(RDMA_READ_CONSUME_CHECK_CONSUMER) timestamp=12100 ms, used_size=7307264 bytes (17.8%)
(RDMA_READ_CONSUME_CHECK_CONSUMER) timestamp=12100 ms, used_size=7305216 bytes (17.8%)
(RDMA_READ_CONSUME_CHECK_CONSUMER) timestamp=12100 ms, used_size=7303168 bytes (17.8%)
(RDMA_READ_CONSUME_CHECK_CONSUMER) timestamp=12100 ms, used_size=7301120 bytes (17.8%)
(RDMA_READ_CONSUME_CHECK_CONSUMER) timestamp=12100 ms, used_size=7299072 bytes (17.8%)
(RDMA_READ_CONSUME_CHECK_CONSUMER) timestamp=12100 ms, used_size=7297024 bytes (17.8%)
(RDMA_READ_CONSUME_CHECK_CONSUMER) timestamp=12100 ms, used_size=7294976 bytes (17.8%)
(RDMA_READ_CONSUME_CHECK_CONSUMER) timestamp=12100 ms, used_size=7292928 bytes (17.8%)
(RDMA_READ_CONSUME_CHECK_CONSUMER) timestamp=12100 ms, used_size=7290880 bytes (17.8%)
(RDMA_READ_CONSUME_CHECK_CONSUMER) timestamp=12100 ms, used_size=7288832 bytes (17.8%)
(RDMA_READ_CONSUME_CHECK_CONSUMER) timestamp=12100 ms, used_size=7286784 bytes (17.8%)
(RDMA_READ_CONSUME_CHECK_CONSUMER) timestamp=12100 ms, used_size=7284736 bytes (17.8%)
(RDMA_READ_CONSUME_CHECK_CONSUMER) timestamp=12100 ms, used_size=7282688 bytes (17.8%)
(RDMA_READ_CONSUME_CHECK_CONSUMER) timestamp=12100 ms, used_size=7280640 bytes (17.8%)
(RDMA_READ_CONSUME_CHECK_CONSUMER) timestamp=12100 ms, used_size=7278592 bytes (17.8%)
(RDMA_READ_CONSUME_CHECK_CONSUMER) timestamp=12100 ms, used_size=7276544 bytes (17.8%)
(RDMA_READ_CONSUME_CHECK_CONSUMER) timestamp=12100 ms, used_size=7274496 bytes (17.8%)
(RDMA_READ_CONSUME_CHECK_CONSUMER) timestamp=12100 ms, used_size=7272448 bytes (17.8%)
(RDMA_READ_CONSUME_CHECK_CONSUMER) timestamp=12100 ms, used_size=7270400 bytes (17.8%)
(RDMA_READ_CONSUME_CHECK_CONSUMER) timestamp=12100 ms, used_size=7268352 bytes (17.7%)
(RDMA_READ_CONSUME_CHECK_CONSUMER) timestamp=12100 ms, used_size=7266304 bytes (17.7%)
(RDMA_READ_CONSUME_CHECK_CONSUMER) timestamp=12100 ms, used_size=7264256 bytes (17.7%)
(RDMA_READ_CONSUME_CHECK_CONSUMER) timestamp=12100 ms, used_size=7262208 bytes (17.7%)
(RDMA_READ_CONSUME_CHECK_CONSUMER) timestamp=12100 ms, used_size=7260160 bytes (17.7%)
(RDMA_READ_CONSUME_CHECK_CONSUMER) timestamp=12100 ms, used_size=7258112 bytes (17.7%)
(RDMA_READ_CONSUME_CHECK_CONSUMER) timestamp=12100 ms, used_size=7256064 bytes (17.7%)
(RDMA_READ_CONSUME_CHECK_CONSUMER) timestamp=12100 ms, used_size=7254016 bytes (17.7%)
(RDMA_READ_CONSUME_CHECK_CONSUMER) timestamp=12100 ms, used_size=7251968 bytes (17.7%)
(RDMA_READ_CONSUME_CHECK_CONSUMER) timestamp=12100 ms, used_size=7249920 bytes (17.7%)
(RDMA_READ_CONSUME_CHECK_CONSUMER) timestamp=12100 ms, used_size=7247872 bytes (17.7%)
(RDMA_READ_CONSUME_CHECK_CONSUMER) timestamp=12100 ms, used_size=7245824 bytes (17.7%)
(RDMA_READ_CONSUME_CHECK_CONSUMER) timestamp=12100 ms, used_size=7243776 bytes (17.7%)
(RDMA_READ_CONSUME_CHECK_CONSUMER) timestamp=12100 ms, used_size=7241728 bytes (17.7%)
(RDMA_READ_CONSUME_CHECK_CONSUMER) timestamp=12100 ms, used_size=7239680 bytes (17.7%)
(RDMA_READ_CONSUME_CHECK_CONSUMER) timestamp=12100 ms, used_size=7237632 bytes (17.7%)
(RDMA_READ_CONSUME_CHECK_CONSUMER) timestamp=12100 ms, used_size=7235584 bytes (17.7%)
(RDMA_READ_CONSUME_CHECK_CONSUMER) timestamp=12100 ms, used_size=7233536 bytes (17.7%)
(RDMA_READ_CONSUME_CHECK_CONSUMER) timestamp=12100 ms, used_size=7231488 bytes (17.7%)
(RDMA_READ_CONSUME_CHECK_CONSUMER) timestamp=12100 ms, used_size=7229440 bytes (17.6%)
(RDMA_READ_CONSUME_CHECK_CONSUMER) timestamp=12100 ms, used_size=7227392 bytes (17.6%)
(RDMA_READ_CONSUME_CHECK_CONSUMER) timestamp=12100 ms, used_size=7225344 bytes (17.6%)
(RDMA_READ_CONSUME_CHECK_CONSUMER) timestamp=12100 ms, used_size=7223296 bytes (17.6%)
(RDMA_READ_CONSUME_CHECK_CONSUMER) timestamp=12100 ms, used_size=7221248 bytes (17.6%)
(RDMA_READ_CONSUME_CHECK_CONSUMER) timestamp=12100 ms, used_size=7219200 bytes (17.6%)
(RDMA_READ_CONSUME_CHECK_CONSUMER) timestamp=12100 ms, used_size=7217152 bytes (17.6%)
(RDMA_READ_CONSUME_CHECK_CONSUMER) timestamp=12100 ms, used_size=7215104 bytes (17.6%)
(RDMA_READ_CONSUME_CHECK_CONSUMER) timestamp=12100 ms, used_size=7213056 bytes (17.6%)
(RDMA_READ_CONSUME_CHECK_CONSUMER) timestamp=12100 ms, used_size=7211008 bytes (17.6%)
(RDMA_READ_CONSUME_CHECK_CONSUMER) timestamp=12100 ms, used_size=7208960 bytes (17.6%)
(RDMA_READ_CONSUME_CHECK_CONSUMER) timestamp=12100 ms, used_size=7206912 bytes (17.6%)
(RDMA_READ_CONSUME_CHECK_CONSUMER) timestamp=12100 ms, used_size=7204864 bytes (17.6%)
(RDMA_READ_CONSUME_CHECK_CONSUMER) timestamp=12100 ms, used_size=7202816 bytes (17.6%)
(RDMA_READ_CONSUME_CHECK_CONSUMER) timestamp=12100 ms, used_size=7200768 bytes (17.6%)
(RDMA_READ_CONSUME_CHECK_CONSUMER) timestamp=12100 ms, used_size=7198720 bytes (17.6%)
(RDMA_READ_CONSUME_CHECK_CONSUMER) timestamp=12100 ms, used_size=7196672 bytes (17.6%)
(RDMA_READ_CONSUME_CHECK_CONSUMER) timestamp=12100 ms, used_size=7194624 bytes (17.6%)
(RDMA_READ_CONSUME_CHECK_CONSUMER) timestamp=12100 ms, used_size=7192576 bytes (17.6%)
(RDMA_READ_CONSUME_CHECK_CONSUMER) timestamp=12100 ms, used_size=7190528 bytes (17.6%)
(RDMA_READ_CONSUME_CHECK_CONSUMER) timestamp=12100 ms, used_size=7188480 bytes (17.6%)
(RDMA_READ_CONSUME_CHECK_CONSUMER) timestamp=12100 ms, used_size=7186432 bytes (17.5%)
(RDMA_READ_CONSUME_CHECK_CONSUMER) timestamp=12100 ms, used_size=7184384 bytes (17.5%)
(RDMA_READ_CONSUME_CHECK_CONSUMER) timestamp=12100 ms, used_size=7182336 bytes (17.5%)
(RDMA_READ_CONSUME_CHECK_CONSUMER) timestamp=12100 ms, used_size=7180288 bytes (17.5%)
(RDMA_READ_CONSUME_CHECK_CONSUMER) timestamp=12100 ms, used_size=7178240 bytes (17.5%)
(RDMA_READ_CONSUME_CHECK_CONSUMER) timestamp=12100 ms, used_size=7176192 bytes (17.5%)
(RDMA_READ_CONSUME_CHECK_CONSUMER) timestamp=12100 ms, used_size=7174144 bytes (17.5%)
(RDMA_READ_CONSUME_CHECK_CONSUMER) timestamp=12100 ms, used_size=7172096 bytes (17.5%)
(RDMA_READ_CONSUME_CHECK_CONSUMER) timestamp=12100 ms, used_size=7170048 bytes (17.5%)
(RDMA_READ_CONSUME_CHECK_CONSUMER) timestamp=12100 ms, used_size=7168000 bytes (17.5%)
(RDMA_READ_CONSUME_CHECK_CONSUMER) timestamp=12100 ms, used_size=7165952 bytes (17.5%)
(RDMA_READ_CONSUME_CHECK_CONSUMER) timestamp=12100 ms, used_size=7163904 bytes (17.5%)
(RDMA_READ_CONSUME_CHECK_CONSUMER) timestamp=12100 ms, used_size=7161856 bytes (17.5%)
(RDMA_READ_CONSUME_CHECK_CONSUMER) timestamp=12100 ms, used_size=7159808 bytes (17.5%)
(RDMA_READ_CONSUME_CHECK_CONSUMER) timestamp=12100 ms, used_size=7157760 bytes (17.5%)
(RDMA_READ_CONSUME_CHECK_CONSUMER) timestamp=12100 ms, used_size=7155712 bytes (17.5%)
(RDMA_READ_CONSUME_CHECK_CONSUMER) timestamp=12100 ms, used_size=7153664 bytes (17.5%)
(RDMA_READ_CONSUME_CHECK_CONSUMER) timestamp=12100 ms, used_size=7151616 bytes (17.5%)
(RDMA_READ_CONSUME_CHECK_CONSUMER) timestamp=12100 ms, used_size=7149568 bytes (17.5%)
(RDMA_READ_CONSUME_CHECK_CONSUMER) timestamp=12100 ms, used_size=7147520 bytes (17.4%)
(RDMA_READ_CONSUME_CHECK_CONSUMER) timestamp=12101 ms, used_size=7145472 bytes (17.4%)
(RDMA_READ_CONSUME_CHECK_CONSUMER) timestamp=12101 ms, used_size=7143424 bytes (17.4%)
(RDMA_READ_CONSUME_CHECK_CONSUMER) timestamp=12101 ms, used_size=7141376 bytes (17.4%)
(RDMA_READ_CONSUME_CHECK_CONSUMER) timestamp=12101 ms, used_size=7139328 bytes (17.4%)
(RDMA_READ_CONSUME_CHECK_CONSUMER) timestamp=12101 ms, used_size=7137280 bytes (17.4%)
(RDMA_READ_CONSUME_CHECK_CONSUMER) timestamp=12101 ms, used_size=7135232 bytes (17.4%)
(RDMA_READ_CONSUME_CHECK_CONSUMER) timestamp=12101 ms, used_size=7133184 bytes (17.4%)
(RDMA_READ_CONSUME_CHECK_CONSUMER) timestamp=12101 ms, used_size=7131136 bytes (17.4%)
(RDMA_READ_CONSUME_CHECK_CONSUMER) timestamp=12101 ms, used_size=7129088 bytes (17.4%)
(RDMA_READ_CONSUME_CHECK_CONSUMER) timestamp=12101 ms, used_size=7127040 bytes (17.4%)
(RDMA_READ_CONSUME_CHECK_CONSUMER) timestamp=12101 ms, used_size=7124992 bytes (17.4%)
(RDMA_READ_CONSUME_CHECK_CONSUMER) timestamp=12101 ms, used_size=7122944 bytes (17.4%)
(RDMA_READ_CONSUME_CHECK_CONSUMER) timestamp=12101 ms, used_size=7120896 bytes (17.4%)
(RDMA_READ_CONSUME_CHECK_CONSUMER) timestamp=12101 ms, used_size=7118848 bytes (17.4%)
(RDMA_READ_CONSUME_CHECK_CONSUMER) timestamp=12101 ms, used_size=7116800 bytes (17.4%)
(RDMA_READ_CONSUME_CHECK_CONSUMER) timestamp=12101 ms, used_size=7114752 bytes (17.4%)
(RDMA_READ_CONSUME_CHECK_CONSUMER) timestamp=12101 ms, used_size=7112704 bytes (17.4%)
(RDMA_READ_CONSUME_CHECK_CONSUMER) timestamp=12101 ms, used_size=7110656 bytes (17.4%)
(RDMA_READ_CONSUME_CHECK_CONSUMER) timestamp=12101 ms, used_size=7108608 bytes (17.4%)
(RDMA_READ_CONSUME_CHECK_CONSUMER) timestamp=12101 ms, used_size=7106560 bytes (17.4%)
(RDMA_READ_CONSUME_CHECK_CONSUMER) timestamp=12101 ms, used_size=7104512 bytes (17.3%)
(RDMA_READ_CONSUME_CHECK_CONSUMER) timestamp=12101 ms, used_size=7102464 bytes (17.3%)
(RDMA_READ_CONSUME_CHECK_CONSUMER) timestamp=12101 ms, used_size=7100416 bytes (17.3%)
(RDMA_READ_CONSUME_CHECK_CONSUMER) timestamp=12101 ms, used_size=7098368 bytes (17.3%)
(RDMA_READ_CONSUME_CHECK_CONSUMER) timestamp=12101 ms, used_size=7096320 bytes (17.3%)
(RDMA_READ_CONSUME_CHECK_CONSUMER) timestamp=12101 ms, used_size=7094272 bytes (17.3%)
(RDMA_READ_CONSUME_CHECK_CONSUMER) timestamp=12101 ms, used_size=7092224 bytes (17.3%)
(RDMA_READ_CONSUME_CHECK_CONSUMER) timestamp=12101 ms, used_size=7090176 bytes (17.3%)
(RDMA_READ_CONSUME_CHECK_CONSUMER) timestamp=12101 ms, used_size=7088128 bytes (17.3%)
(RDMA_READ_CONSUME_CHECK_CONSUMER) timestamp=12101 ms, used_size=7086080 bytes (17.3%)
(RDMA_READ_CONSUME_CHECK_CONSUMER) timestamp=12101 ms, used_size=7084032 bytes (17.3%)
(RDMA_READ_CONSUME_CHECK_CONSUMER) timestamp=12101 ms, used_size=7081984 bytes (17.3%)
(RDMA_READ_CONSUME_CHECK_CONSUMER) timestamp=12101 ms, used_size=7079936 bytes (17.3%)
(RDMA_READ_CONSUME_CHECK_CONSUMER) timestamp=12101 ms, used_size=7077888 bytes (17.3%)
(RDMA_READ_CONSUME_CHECK_CONSUMER) timestamp=12101 ms, used_size=7075840 bytes (17.3%)
(RDMA_READ_CONSUME_CHECK_CONSUMER) timestamp=12101 ms, used_size=7073792 bytes (17.3%)
(RDMA_READ_CONSUME_CHECK_CONSUMER) timestamp=12101 ms, used_size=7071744 bytes (17.3%)
(RDMA_READ_CONSUME_CHECK_CONSUMER) timestamp=12101 ms, used_size=7069696 bytes (17.3%)
(RDMA_READ_CONSUME_CHECK_CONSUMER) timestamp=12101 ms, used_size=7067648 bytes (17.3%)
(RDMA_READ_CONSUME_CHECK_CONSUMER) timestamp=12101 ms, used_size=7065600 bytes (17.2%)
(RDMA_READ_CONSUME_CHECK_CONSUMER) timestamp=12101 ms, used_size=7063552 bytes (17.2%)
(RDMA_READ_CONSUME_CHECK_CONSUMER) timestamp=12101 ms, used_size=7061504 bytes (17.2%)
(RDMA_READ_CONSUME_CHECK_CONSUMER) timestamp=12101 ms, used_size=7059456 bytes (17.2%)
(RDMA_READ_CONSUME_CHECK_CONSUMER) timestamp=12101 ms, used_size=7057408 bytes (17.2%)
(RDMA_READ_CONSUME_CHECK_CONSUMER) timestamp=12101 ms, used_size=7055360 bytes (17.2%)
(RDMA_READ_CONSUME_CHECK_CONSUMER) timestamp=12101 ms, used_size=7053312 bytes (17.2%)
(RDMA_READ_CONSUME_CHECK_CONSUMER) timestamp=12101 ms, used_size=7051264 bytes (17.2%)
(RDMA_READ_CONSUME_CHECK_CONSUMER) timestamp=12101 ms, used_size=7049216 bytes (17.2%)
(RDMA_READ_CONSUME_CHECK_CONSUMER) timestamp=12101 ms, used_size=7047168 bytes (17.2%)
(RDMA_READ_CONSUME_CHECK_CONSUMER) timestamp=12101 ms, used_size=7045120 bytes (17.2%)
(RDMA_READ_CONSUME_CHECK_CONSUMER) timestamp=12101 ms, used_size=7043072 bytes (17.2%)
(RDMA_READ_CONSUME_CHECK_CONSUMER) timestamp=12101 ms, used_size=7041024 bytes (17.2%)
(RDMA_READ_CONSUME_CHECK_CONSUMER) timestamp=12101 ms, used_size=7038976 bytes (17.2%)
(RDMA_READ_CONSUME_CHECK_CONSUMER) timestamp=12101 ms, used_size=7036928 bytes (17.2%)
(RDMA_READ_CONSUME_CHECK_CONSUMER) timestamp=12101 ms, used_size=7034880 bytes (17.2%)
(RDMA_READ_CONSUME_CHECK_CONSUMER) timestamp=12101 ms, used_size=7032832 bytes (17.2%)
(RDMA_READ_CONSUME_CHECK_CONSUMER) timestamp=12101 ms, used_size=7030784 bytes (17.2%)
(RDMA_READ_CONSUME_CHECK_CONSUMER) timestamp=12101 ms, used_size=7028736 bytes (17.2%)
(RDMA_READ_CONSUME_CHECK_CONSUMER) timestamp=12101 ms, used_size=7026688 bytes (17.2%)
(RDMA_READ_CONSUME_CHECK_CONSUMER) timestamp=12101 ms, used_size=7024640 bytes (17.1%)
(RDMA_READ_CONSUME_CHECK_CONSUMER) timestamp=12101 ms, used_size=7022592 bytes (17.1%)
(RDMA_READ_CONSUME_CHECK_CONSUMER) timestamp=12101 ms, used_size=7020544 bytes (17.1%)
(RDMA_READ_CONSUME_CHECK_CONSUMER) timestamp=12101 ms, used_size=7018496 bytes (17.1%)
(RDMA_READ_CONSUME_CHECK_CONSUMER) timestamp=12101 ms, used_size=7016448 bytes (17.1%)
(RDMA_READ_CONSUME_CHECK_CONSUMER) timestamp=12101 ms, used_size=7014400 bytes (17.1%)
(RDMA_READ_CONSUME_CHECK_CONSUMER) timestamp=12101 ms, used_size=7012352 bytes (17.1%)
(RDMA_READ_CONSUME_CHECK_CONSUMER) timestamp=12101 ms, used_size=7010304 bytes (17.1%)
(RDMA_READ_CONSUME_CHECK_CONSUMER) timestamp=12101 ms, used_size=7008256 bytes (17.1%)
(RDMA_READ_CONSUME_CHECK_CONSUMER) timestamp=12101 ms, used_size=7006208 bytes (17.1%)
(RDMA_READ_CONSUME_CHECK_CONSUMER) timestamp=12101 ms, used_size=7004160 bytes (17.1%)
(RDMA_READ_CONSUME_CHECK_CONSUMER) timestamp=12101 ms, used_size=7002112 bytes (17.1%)
(RDMA_READ_CONSUME_CHECK_CONSUMER) timestamp=12101 ms, used_size=7000064 bytes (17.1%)
(RDMA_READ_CONSUME_CHECK_CONSUMER) timestamp=12101 ms, used_size=6998016 bytes (17.1%)
(RDMA_READ_CONSUME_CHECK_CONSUMER) timestamp=12101 ms, used_size=6995968 bytes (17.1%)
(RDMA_READ_CONSUME_CHECK_CONSUMER) timestamp=12101 ms, used_size=6993920 bytes (17.1%)
(RDMA_READ_CONSUME_CHECK_CONSUMER) timestamp=12101 ms, used_size=6991872 bytes (17.1%)
(RDMA_READ_CONSUME_CHECK_CONSUMER) timestamp=12101 ms, used_size=6989824 bytes (17.1%)
(RDMA_READ_CONSUME_CHECK_CONSUMER) timestamp=12101 ms, used_size=6987776 bytes (17.1%)
(RDMA_READ_CONSUME_CHECK_CONSUMER) timestamp=12101 ms, used_size=6985728 bytes (17.1%)
(RDMA_READ_CONSUME_CHECK_CONSUMER) timestamp=12101 ms, used_size=6983680 bytes (17.1%)
(RDMA_READ_CONSUME_CHECK_CONSUMER) timestamp=12101 ms, used_size=6981632 bytes (17.0%)
(RDMA_READ_CONSUME_CHECK_CONSUMER) timestamp=12101 ms, used_size=6979584 bytes (17.0%)
(RDMA_READ_CONSUME_CHECK_CONSUMER) timestamp=12101 ms, used_size=6977536 bytes (17.0%)
(RDMA_READ_CONSUME_CHECK_CONSUMER) timestamp=12101 ms, used_size=6975488 bytes (17.0%)
(RDMA_READ_CONSUME_CHECK_CONSUMER) timestamp=12101 ms, used_size=6973440 bytes (17.0%)
(RDMA_READ_CONSUME_CHECK_CONSUMER) timestamp=12101 ms, used_size=6971392 bytes (17.0%)
(RDMA_READ_CONSUME_CHECK_CONSUMER) timestamp=12101 ms, used_size=6969344 bytes (17.0%)
(RDMA_READ_CONSUME_CHECK_CONSUMER) timestamp=12101 ms, used_size=6967296 bytes (17.0%)
(RDMA_READ_CONSUME_CHECK_CONSUMER) timestamp=12101 ms, used_size=6965248 bytes (17.0%)
(RDMA_READ_CONSUME_CHECK_CONSUMER) timestamp=12101 ms, used_size=6963200 bytes (17.0%)
(RDMA_READ_CONSUME_CHECK_CONSUMER) timestamp=12101 ms, used_size=6961152 bytes (17.0%)
(RDMA_READ_CONSUME_CHECK_CONSUMER) timestamp=12101 ms, used_size=6959104 bytes (17.0%)
(RDMA_READ_CONSUME_CHECK_CONSUMER) timestamp=12101 ms, used_size=6957056 bytes (17.0%)
(RDMA_READ_CONSUME_CHECK_CONSUMER) timestamp=12101 ms, used_size=6955008 bytes (17.0%)
(RDMA_READ_CONSUME_CHECK_CONSUMER) timestamp=12101 ms, used_size=6952960 bytes (17.0%)
(RDMA_READ_CONSUME_CHECK_CONSUMER) timestamp=12101 ms, used_size=6950912 bytes (17.0%)
(RDMA_READ_CONSUME_CHECK_CONSUMER) timestamp=12101 ms, used_size=6948864 bytes (17.0%)
(RDMA_READ_CONSUME_CHECK_CONSUMER) timestamp=12101 ms, used_size=6946816 bytes (17.0%)
(RDMA_READ_CONSUME_CHECK_CONSUMER) timestamp=12101 ms, used_size=6944768 bytes (17.0%)
(RDMA_READ_CONSUME_CHECK_CONSUMER) timestamp=12101 ms, used_size=6942720 bytes (16.9%)
(RDMA_READ_CONSUME_CHECK_CONSUMER) timestamp=12101 ms, used_size=6940672 bytes (16.9%)
(RDMA_READ_CONSUME_CHECK_CONSUMER) timestamp=12101 ms, used_size=6938624 bytes (16.9%)
(RDMA_READ_CONSUME_CHECK_CONSUMER) timestamp=12101 ms, used_size=6936576 bytes (16.9%)
(RDMA_READ_CONSUME_CHECK_CONSUMER) timestamp=12101 ms, used_size=6934528 bytes (16.9%)
(RDMA_READ_CONSUME_CHECK_CONSUMER) timestamp=12101 ms, used_size=6932480 bytes (16.9%)
(RDMA_READ_CONSUME_CHECK_CONSUMER) timestamp=12101 ms, used_size=6930432 bytes (16.9%)
(RDMA_READ_CONSUME_CHECK_CONSUMER) timestamp=12101 ms, used_size=6928384 bytes (16.9%)
(RDMA_READ_CONSUME_CHECK_CONSUMER) timestamp=12101 ms, used_size=6926336 bytes (16.9%)
(RDMA_READ_CONSUME_CHECK_CONSUMER) timestamp=12101 ms, used_size=6924288 bytes (16.9%)
(RDMA_READ_CONSUME_CHECK_CONSUMER) timestamp=12101 ms, used_size=6922240 bytes (16.9%)
(RDMA_READ_CONSUME_CHECK_CONSUMER) timestamp=12101 ms, used_size=6920192 bytes (16.9%)
(RDMA_READ_CONSUME_CHECK_CONSUMER) timestamp=12101 ms, used_size=6918144 bytes (16.9%)
(RDMA_READ_CONSUME_CHECK_CONSUMER) timestamp=12101 ms, used_size=6916096 bytes (16.9%)
(RDMA_READ_CONSUME_CHECK_CONSUMER) timestamp=12101 ms, used_size=6914048 bytes (16.9%)
(RDMA_READ_CONSUME_CHECK_CONSUMER) timestamp=12101 ms, used_size=6912000 bytes (16.9%)
(RDMA_READ_CONSUME_CHECK_CONSUMER) timestamp=12101 ms, used_size=6909952 bytes (16.9%)
(RDMA_READ_CONSUME_CHECK_CONSUMER) timestamp=12101 ms, used_size=6907904 bytes (16.9%)
(RDMA_READ_CONSUME_CHECK_CONSUMER) timestamp=12101 ms, used_size=6905856 bytes (16.9%)
(RDMA_READ_CONSUME_CHECK_CONSUMER) timestamp=12101 ms, used_size=6903808 bytes (16.9%)
(RDMA_READ_CONSUME_CHECK_CONSUMER) timestamp=12101 ms, used_size=6901760 bytes (16.9%)
(RDMA_READ_CONSUME_CHECK_CONSUMER) timestamp=12101 ms, used_size=6899712 bytes (16.8%)
(RDMA_READ_CONSUME_CHECK_CONSUMER) timestamp=12101 ms, used_size=6897664 bytes (16.8%)
(RDMA_READ_CONSUME_CHECK_CONSUMER) timestamp=12101 ms, used_size=6895616 bytes (16.8%)
(RDMA_READ_CONSUME_CHECK_CONSUMER) timestamp=12101 ms, used_size=6893568 bytes (16.8%)
(RDMA_READ_CONSUME_CHECK_CONSUMER) timestamp=12101 ms, used_size=6891520 bytes (16.8%)
(RDMA_READ_CONSUME_CHECK_CONSUMER) timestamp=12101 ms, used_size=6889472 bytes (16.8%)
(RDMA_READ_CONSUME_CHECK_CONSUMER) timestamp=12101 ms, used_size=6887424 bytes (16.8%)
(RDMA_READ_CONSUME_CHECK_CONSUMER) timestamp=12101 ms, used_size=6885376 bytes (16.8%)
(RDMA_READ_CONSUME_CHECK_CONSUMER) timestamp=12101 ms, used_size=6883328 bytes (16.8%)
(RDMA_READ_CONSUME_CHECK_CONSUMER) timestamp=12101 ms, used_size=6881280 bytes (16.8%)
(RDMA_READ_CONSUME_CHECK_CONSUMER) timestamp=12101 ms, used_size=6879232 bytes (16.8%)
(RDMA_READ_CONSUME_CHECK_CONSUMER) timestamp=12101 ms, used_size=6877184 bytes (16.8%)
(RDMA_READ_CONSUME_CHECK_CONSUMER) timestamp=12101 ms, used_size=6875136 bytes (16.8%)
(RDMA_READ_CONSUME_CHECK_CONSUMER) timestamp=12101 ms, used_size=6873088 bytes (16.8%)
(RDMA_READ_CONSUME_CHECK_CONSUMER) timestamp=12101 ms, used_size=6871040 bytes (16.8%)
(RDMA_READ_CONSUME_CHECK_CONSUMER) timestamp=12101 ms, used_size=6868992 bytes (16.8%)
(RDMA_READ_CONSUME_CHECK_CONSUMER) timestamp=12101 ms, used_size=6866944 bytes (16.8%)
(RDMA_READ_CONSUME_CHECK_CONSUMER) timestamp=12101 ms, used_size=6864896 bytes (16.8%)
(RDMA_READ_CONSUME_CHECK_CONSUMER) timestamp=12101 ms, used_size=6862848 bytes (16.8%)
(RDMA_READ_CONSUME_CHECK_CONSUMER) timestamp=12101 ms, used_size=6860800 bytes (16.8%)
(RDMA_READ_CONSUME_CHECK_CONSUMER) timestamp=12101 ms, used_size=6858752 bytes (16.7%)
(RDMA_READ_CONSUME_CHECK_CONSUMER) timestamp=12101 ms, used_size=6856704 bytes (16.7%)
(RDMA_READ_CONSUME_CHECK_CONSUMER) timestamp=12101 ms, used_size=6854656 bytes (16.7%)
(RDMA_READ_CONSUME_CHECK_CONSUMER) timestamp=12101 ms, used_size=6852608 bytes (16.7%)
(RDMA_READ_CONSUME_CHECK_CONSUMER) timestamp=12101 ms, used_size=6850560 bytes (16.7%)
(RDMA_READ_CONSUME_CHECK_CONSUMER) timestamp=12101 ms, used_size=6848512 bytes (16.7%)
(RDMA_READ_CONSUME_CHECK_CONSUMER) timestamp=12101 ms, used_size=6846464 bytes (16.7%)
(RDMA_READ_CONSUME_CHECK_CONSUMER) timestamp=12101 ms, used_size=6844416 bytes (16.7%)
(RDMA_READ_CONSUME_CHECK_CONSUMER) timestamp=12101 ms, used_size=6842368 bytes (16.7%)
(RDMA_READ_CONSUME_CHECK_CONSUMER) timestamp=12101 ms, used_size=6840320 bytes (16.7%)
(RDMA_READ_CONSUME_CHECK_CONSUMER) timestamp=12101 ms, used_size=6838272 bytes (16.7%)
(RDMA_READ_CONSUME_CHECK_CONSUMER) timestamp=12101 ms, used_size=6836224 bytes (16.7%)
(RDMA_READ_CONSUME_CHECK_CONSUMER) timestamp=12101 ms, used_size=6834176 bytes (16.7%)
(RDMA_READ_CONSUME_CHECK_CONSUMER) timestamp=12101 ms, used_size=6832128 bytes (16.7%)
(RDMA_READ_CONSUME_CHECK_CONSUMER) timestamp=12101 ms, used_size=6830080 bytes (16.7%)
(RDMA_READ_CONSUME_CHECK_CONSUMER) timestamp=12101 ms, used_size=6828032 bytes (16.7%)
(RDMA_READ_CONSUME_CHECK_CONSUMER) timestamp=12101 ms, used_size=6825984 bytes (16.7%)
(RDMA_READ_CONSUME_CHECK_CONSUMER) timestamp=12101 ms, used_size=6823936 bytes (16.7%)
(RDMA_READ_CONSUME_CHECK_CONSUMER) timestamp=12101 ms, used_size=6821888 bytes (16.7%)
(RDMA_READ_CONSUME_CHECK_CONSUMER) timestamp=12101 ms, used_size=6819840 bytes (16.6%)
(RDMA_READ_CONSUME_CHECK_CONSUMER) timestamp=12101 ms, used_size=6817792 bytes (16.6%)
(RDMA_READ_CONSUME_CHECK_CONSUMER) timestamp=12101 ms, used_size=6815744 bytes (16.6%)
(RDMA_READ_CONSUME_CHECK_CONSUMER) timestamp=12101 ms, used_size=6813696 bytes (16.6%)
(RDMA_READ_CONSUME_CHECK_CONSUMER) timestamp=12101 ms, used_size=6811648 bytes (16.6%)
(RDMA_READ_CONSUME_CHECK_CONSUMER) timestamp=12101 ms, used_size=6809600 bytes (16.6%)
(RDMA_READ_CONSUME_CHECK_CONSUMER) timestamp=12101 ms, used_size=6807552 bytes (16.6%)
(RDMA_READ_CONSUME_CHECK_CONSUMER) timestamp=12101 ms, used_size=6805504 bytes (16.6%)
(RDMA_READ_CONSUME_CHECK_CONSUMER) timestamp=12101 ms, used_size=6803456 bytes (16.6%)
(RDMA_READ_CONSUME_CHECK_CONSUMER) timestamp=12101 ms, used_size=6801408 bytes (16.6%)
(RDMA_READ_CONSUME_CHECK_CONSUMER) timestamp=12101 ms, used_size=6799360 bytes (16.6%)
(RDMA_READ_CONSUME_CHECK_CONSUMER) timestamp=12101 ms, used_size=6797312 bytes (16.6%)
(RDMA_READ_CONSUME_CHECK_CONSUMER) timestamp=12101 ms, used_size=6795264 bytes (16.6%)
(RDMA_READ_CONSUME_CHECK_CONSUMER) timestamp=12101 ms, used_size=6793216 bytes (16.6%)
(RDMA_READ_CONSUME_CHECK_CONSUMER) timestamp=12102 ms, used_size=6791168 bytes (16.6%)
(RDMA_READ_CONSUME_CHECK_CONSUMER) timestamp=12102 ms, used_size=6789120 bytes (16.6%)
(RDMA_READ_CONSUME_CHECK_CONSUMER) timestamp=12102 ms, used_size=6787072 bytes (16.6%)
(RDMA_READ_CONSUME_CHECK_CONSUMER) timestamp=12102 ms, used_size=6785024 bytes (16.6%)
(RDMA_READ_CONSUME_CHECK_CONSUMER) timestamp=12102 ms, used_size=6782976 bytes (16.6%)
(RDMA_READ_CONSUME_CHECK_CONSUMER) timestamp=12102 ms, used_size=6780928 bytes (16.6%)
(RDMA_READ_CONSUME_CHECK_CONSUMER) timestamp=12102 ms, used_size=6778880 bytes (16.6%)
(RDMA_READ_CONSUME_CHECK_CONSUMER) timestamp=12102 ms, used_size=6776832 bytes (16.5%)
(RDMA_READ_CONSUME_CHECK_CONSUMER) timestamp=12102 ms, used_size=6774784 bytes (16.5%)
(RDMA_READ_CONSUME_CHECK_CONSUMER) timestamp=12102 ms, used_size=6772736 bytes (16.5%)
(RDMA_READ_CONSUME_CHECK_CONSUMER) timestamp=12102 ms, used_size=6770688 bytes (16.5%)
(RDMA_READ_CONSUME_CHECK_CONSUMER) timestamp=12102 ms, used_size=6768640 bytes (16.5%)
(RDMA_READ_CONSUME_CHECK_CONSUMER) timestamp=12102 ms, used_size=6766592 bytes (16.5%)
(RDMA_READ_CONSUME_CHECK_CONSUMER) timestamp=12102 ms, used_size=6764544 bytes (16.5%)
(RDMA_READ_CONSUME_CHECK_CONSUMER) timestamp=12102 ms, used_size=6762496 bytes (16.5%)
(RDMA_READ_CONSUME_CHECK_CONSUMER) timestamp=12102 ms, used_size=6760448 bytes (16.5%)
(RDMA_READ_CONSUME_CHECK_CONSUMER) timestamp=12102 ms, used_size=6758400 bytes (16.5%)
(RDMA_READ_CONSUME_CHECK_CONSUMER) timestamp=12102 ms, used_size=6756352 bytes (16.5%)
(RDMA_READ_CONSUME_CHECK_CONSUMER) timestamp=12102 ms, used_size=6754304 bytes (16.5%)
(RDMA_READ_CONSUME_CHECK_CONSUMER) timestamp=12102 ms, used_size=6752256 bytes (16.5%)
(RDMA_READ_CONSUME_CHECK_CONSUMER) timestamp=12102 ms, used_size=6750208 bytes (16.5%)
(RDMA_READ_CONSUME_CHECK_CONSUMER) timestamp=12102 ms, used_size=6748160 bytes (16.5%)
(RDMA_READ_CONSUME_CHECK_CONSUMER) timestamp=12102 ms, used_size=6746112 bytes (16.5%)
(RDMA_READ_CONSUME_CHECK_CONSUMER) timestamp=12102 ms, used_size=6744064 bytes (16.5%)
(RDMA_READ_CONSUME_CHECK_CONSUMER) timestamp=12102 ms, used_size=6742016 bytes (16.5%)
(RDMA_READ_CONSUME_CHECK_CONSUMER) timestamp=12102 ms, used_size=6739968 bytes (16.5%)
(RDMA_READ_CONSUME_CHECK_CONSUMER) timestamp=12102 ms, used_size=6737920 bytes (16.4%)
(RDMA_READ_CONSUME_CHECK_CONSUMER) timestamp=12102 ms, used_size=6735872 bytes (16.4%)
(RDMA_READ_CONSUME_CHECK_CONSUMER) timestamp=12102 ms, used_size=6733824 bytes (16.4%)
(RDMA_READ_CONSUME_CHECK_CONSUMER) timestamp=12102 ms, used_size=6731776 bytes (16.4%)
(RDMA_READ_CONSUME_CHECK_CONSUMER) timestamp=12102 ms, used_size=6729728 bytes (16.4%)
(RDMA_READ_CONSUME_CHECK_CONSUMER) timestamp=12102 ms, used_size=6727680 bytes (16.4%)
(RDMA_READ_CONSUME_CHECK_CONSUMER) timestamp=12102 ms, used_size=6725632 bytes (16.4%)
(RDMA_READ_CONSUME_CHECK_CONSUMER) timestamp=12102 ms, used_size=6723584 bytes (16.4%)
(RDMA_READ_CONSUME_CHECK_CONSUMER) timestamp=12102 ms, used_size=6721536 bytes (16.4%)
(RDMA_READ_CONSUME_CHECK_CONSUMER) timestamp=12102 ms, used_size=6719488 bytes (16.4%)
(RDMA_READ_CONSUME_CHECK_CONSUMER) timestamp=12102 ms, used_size=6717440 bytes (16.4%)
(RDMA_READ_CONSUME_CHECK_CONSUMER) timestamp=12102 ms, used_size=6715392 bytes (16.4%)
(RDMA_READ_CONSUME_CHECK_CONSUMER) timestamp=12102 ms, used_size=6713344 bytes (16.4%)
(RDMA_READ_CONSUME_CHECK_CONSUMER) timestamp=12102 ms, used_size=6711296 bytes (16.4%)
(RDMA_READ_CONSUME_CHECK_CONSUMER) timestamp=12102 ms, used_size=6709248 bytes (16.4%)
(RDMA_READ_CONSUME_CHECK_CONSUMER) timestamp=12102 ms, used_size=6707200 bytes (16.4%)
(RDMA_READ_CONSUME_CHECK_CONSUMER) timestamp=12102 ms, used_size=6705152 bytes (16.4%)
(RDMA_READ_CONSUME_CHECK_CONSUMER) timestamp=12102 ms, used_size=6703104 bytes (16.4%)
(RDMA_READ_CONSUME_CHECK_CONSUMER) timestamp=12102 ms, used_size=6701056 bytes (16.4%)
(RDMA_READ_CONSUME_CHECK_CONSUMER) timestamp=12102 ms, used_size=6699008 bytes (16.4%)
(RDMA_READ_CONSUME_CHECK_CONSUMER) timestamp=12102 ms, used_size=6696960 bytes (16.4%)
(RDMA_READ_CONSUME_CHECK_CONSUMER) timestamp=12102 ms, used_size=6694912 bytes (16.3%)
(RDMA_READ_CONSUME_CHECK_CONSUMER) timestamp=12102 ms, used_size=6692864 bytes (16.3%)
(RDMA_READ_CONSUME_CHECK_CONSUMER) timestamp=12102 ms, used_size=6690816 bytes (16.3%)
(RDMA_READ_CONSUME_CHECK_CONSUMER) timestamp=12102 ms, used_size=6688768 bytes (16.3%)
(RDMA_READ_CONSUME_CHECK_CONSUMER) timestamp=12102 ms, used_size=6686720 bytes (16.3%)
(RDMA_READ_CONSUME_CHECK_CONSUMER) timestamp=12102 ms, used_size=6684672 bytes (16.3%)
(RDMA_READ_CONSUME_CHECK_CONSUMER) timestamp=12102 ms, used_size=6682624 bytes (16.3%)
(RDMA_READ_CONSUME_CHECK_CONSUMER) timestamp=12102 ms, used_size=6680576 bytes (16.3%)
(RDMA_READ_CONSUME_CHECK_CONSUMER) timestamp=12102 ms, used_size=6678528 bytes (16.3%)
(RDMA_READ_CONSUME_CHECK_CONSUMER) timestamp=12102 ms, used_size=6676480 bytes (16.3%)
(RDMA_READ_CONSUME_CHECK_CONSUMER) timestamp=12102 ms, used_size=6674432 bytes (16.3%)
(RDMA_READ_CONSUME_CHECK_CONSUMER) timestamp=12102 ms, used_size=6672384 bytes (16.3%)
(RDMA_READ_CONSUME_CHECK_CONSUMER) timestamp=12102 ms, used_size=6670336 bytes (16.3%)
(RDMA_READ_CONSUME_CHECK_CONSUMER) timestamp=12102 ms, used_size=6668288 bytes (16.3%)
(RDMA_READ_CONSUME_CHECK_CONSUMER) timestamp=12102 ms, used_size=6666240 bytes (16.3%)
(RDMA_READ_CONSUME_CHECK_CONSUMER) timestamp=12102 ms, used_size=6664192 bytes (16.3%)
(RDMA_READ_CONSUME_CHECK_CONSUMER) timestamp=12102 ms, used_size=6662144 bytes (16.3%)
(RDMA_READ_CONSUME_CHECK_CONSUMER) timestamp=12102 ms, used_size=6660096 bytes (16.3%)
(RDMA_READ_CONSUME_CHECK_CONSUMER) timestamp=12102 ms, used_size=6658048 bytes (16.3%)
(RDMA_READ_CONSUME_CHECK_CONSUMER) timestamp=12102 ms, used_size=6656000 bytes (16.2%)
(RDMA_READ_CONSUME_CHECK_CONSUMER) timestamp=12102 ms, used_size=6653952 bytes (16.2%)
(RDMA_READ_CONSUME_CHECK_CONSUMER) timestamp=12102 ms, used_size=6651904 bytes (16.2%)
(RDMA_READ_CONSUME_CHECK_CONSUMER) timestamp=12102 ms, used_size=6649856 bytes (16.2%)
(RDMA_READ_CONSUME_CHECK_CONSUMER) timestamp=12102 ms, used_size=6647808 bytes (16.2%)
(RDMA_READ_CONSUME_CHECK_CONSUMER) timestamp=12102 ms, used_size=6645760 bytes (16.2%)
(RDMA_READ_CONSUME_CHECK_CONSUMER) timestamp=12102 ms, used_size=6643712 bytes (16.2%)
(RDMA_READ_CONSUME_CHECK_CONSUMER) timestamp=12102 ms, used_size=6641664 bytes (16.2%)
(RDMA_READ_CONSUME_CHECK_CONSUMER) timestamp=12102 ms, used_size=6639616 bytes (16.2%)
(RDMA_READ_CONSUME_CHECK_CONSUMER) timestamp=12102 ms, used_size=6637568 bytes (16.2%)
(RDMA_READ_CONSUME_CHECK_CONSUMER) timestamp=12102 ms, used_size=6635520 bytes (16.2%)
(RDMA_READ_CONSUME_CHECK_CONSUMER) timestamp=12102 ms, used_size=6633472 bytes (16.2%)
(RDMA_READ_CONSUME_CHECK_CONSUMER) timestamp=12102 ms, used_size=6631424 bytes (16.2%)
(RDMA_READ_CONSUME_CHECK_CONSUMER) timestamp=12102 ms, used_size=6629376 bytes (16.2%)
(RDMA_READ_CONSUME_CHECK_CONSUMER) timestamp=12102 ms, used_size=6627328 bytes (16.2%)
(RDMA_READ_CONSUME_CHECK_CONSUMER) timestamp=12102 ms, used_size=6625280 bytes (16.2%)
(RDMA_READ_CONSUME_CHECK_CONSUMER) timestamp=12102 ms, used_size=6623232 bytes (16.2%)
(RDMA_READ_CONSUME_CHECK_CONSUMER) timestamp=12102 ms, used_size=6621184 bytes (16.2%)
(RDMA_READ_CONSUME_CHECK_CONSUMER) timestamp=12102 ms, used_size=6619136 bytes (16.2%)
(RDMA_READ_CONSUME_CHECK_CONSUMER) timestamp=12102 ms, used_size=6617088 bytes (16.2%)
(RDMA_READ_CONSUME_CHECK_CONSUMER) timestamp=12102 ms, used_size=6615040 bytes (16.1%)
(RDMA_READ_CONSUME_CHECK_CONSUMER) timestamp=12102 ms, used_size=6612992 bytes (16.1%)
(RDMA_READ_CONSUME_CHECK_CONSUMER) timestamp=12102 ms, used_size=6610944 bytes (16.1%)
(RDMA_READ_CONSUME_CHECK_CONSUMER) timestamp=12102 ms, used_size=6608896 bytes (16.1%)
(RDMA_READ_CONSUME_CHECK_CONSUMER) timestamp=12102 ms, used_size=6606848 bytes (16.1%)
(RDMA_READ_CONSUME_CHECK_CONSUMER) timestamp=12102 ms, used_size=6604800 bytes (16.1%)
(RDMA_READ_CONSUME_CHECK_CONSUMER) timestamp=12102 ms, used_size=6602752 bytes (16.1%)
(RDMA_READ_CONSUME_CHECK_CONSUMER) timestamp=12102 ms, used_size=6600704 bytes (16.1%)
(RDMA_READ_CONSUME_CHECK_CONSUMER) timestamp=12102 ms, used_size=6598656 bytes (16.1%)
(RDMA_READ_CONSUME_CHECK_CONSUMER) timestamp=12102 ms, used_size=6596608 bytes (16.1%)
(RDMA_READ_CONSUME_CHECK_CONSUMER) timestamp=12102 ms, used_size=6594560 bytes (16.1%)
(RDMA_READ_CONSUME_CHECK_CONSUMER) timestamp=12102 ms, used_size=6592512 bytes (16.1%)
(RDMA_READ_CONSUME_CHECK_CONSUMER) timestamp=12102 ms, used_size=6590464 bytes (16.1%)
(RDMA_READ_CONSUME_CHECK_CONSUMER) timestamp=12102 ms, used_size=6588416 bytes (16.1%)
(RDMA_READ_CONSUME_CHECK_CONSUMER) timestamp=12102 ms, used_size=6586368 bytes (16.1%)
(RDMA_READ_CONSUME_CHECK_CONSUMER) timestamp=12102 ms, used_size=6584320 bytes (16.1%)
(RDMA_READ_CONSUME_CHECK_CONSUMER) timestamp=12102 ms, used_size=6582272 bytes (16.1%)
(RDMA_READ_CONSUME_CHECK_CONSUMER) timestamp=12102 ms, used_size=6580224 bytes (16.1%)
(RDMA_READ_CONSUME_CHECK_CONSUMER) timestamp=12102 ms, used_size=6578176 bytes (16.1%)
(RDMA_READ_CONSUME_CHECK_CONSUMER) timestamp=12102 ms, used_size=6576128 bytes (16.1%)
(RDMA_READ_CONSUME_CHECK_CONSUMER) timestamp=12102 ms, used_size=6574080 bytes (16.1%)
(RDMA_READ_CONSUME_CHECK_CONSUMER) timestamp=12102 ms, used_size=6572032 bytes (16.0%)
(RDMA_READ_CONSUME_CHECK_CONSUMER) timestamp=12102 ms, used_size=6569984 bytes (16.0%)
(RDMA_READ_CONSUME_CHECK_CONSUMER) timestamp=12102 ms, used_size=6567936 bytes (16.0%)
(RDMA_READ_CONSUME_CHECK_CONSUMER) timestamp=12102 ms, used_size=6565888 bytes (16.0%)
(RDMA_READ_CONSUME_CHECK_CONSUMER) timestamp=12102 ms, used_size=6563840 bytes (16.0%)
(RDMA_READ_CONSUME_CHECK_CONSUMER) timestamp=12102 ms, used_size=6561792 bytes (16.0%)
(RDMA_READ_CONSUME_CHECK_CONSUMER) timestamp=12102 ms, used_size=6559744 bytes (16.0%)
(RDMA_READ_CONSUME_CHECK_CONSUMER) timestamp=12102 ms, used_size=6557696 bytes (16.0%)
(RDMA_READ_CONSUME_CHECK_CONSUMER) timestamp=12102 ms, used_size=6555648 bytes (16.0%)
(RDMA_READ_CONSUME_CHECK_CONSUMER) timestamp=12102 ms, used_size=6553600 bytes (16.0%)
(RDMA_READ_CONSUME_CHECK_CONSUMER) timestamp=12102 ms, used_size=6551552 bytes (16.0%)
(RDMA_READ_CONSUME_CHECK_CONSUMER) timestamp=12102 ms, used_size=6549504 bytes (16.0%)
(RDMA_READ_CONSUME_CHECK_CONSUMER) timestamp=12102 ms, used_size=6547456 bytes (16.0%)
(RDMA_READ_CONSUME_CHECK_CONSUMER) timestamp=12102 ms, used_size=6545408 bytes (16.0%)
(RDMA_READ_CONSUME_CHECK_CONSUMER) timestamp=12102 ms, used_size=6543360 bytes (16.0%)
(RDMA_READ_CONSUME_CHECK_CONSUMER) timestamp=12102 ms, used_size=6541312 bytes (16.0%)
(RDMA_READ_CONSUME_CHECK_CONSUMER) timestamp=12102 ms, used_size=6539264 bytes (16.0%)
(RDMA_READ_CONSUME_CHECK_CONSUMER) timestamp=12102 ms, used_size=6537216 bytes (16.0%)
(RDMA_READ_CONSUME_CHECK_CONSUMER) timestamp=12102 ms, used_size=6535168 bytes (16.0%)
(RDMA_READ_CONSUME_CHECK_CONSUMER) timestamp=12102 ms, used_size=6533120 bytes (15.9%)
(RDMA_READ_CONSUME_CHECK_CONSUMER) timestamp=12102 ms, used_size=6531072 bytes (15.9%)
(RDMA_READ_CONSUME_CHECK_CONSUMER) timestamp=12102 ms, used_size=6529024 bytes (15.9%)
(RDMA_READ_CONSUME_CHECK_CONSUMER) timestamp=12102 ms, used_size=6526976 bytes (15.9%)
(RDMA_READ_CONSUME_CHECK_CONSUMER) timestamp=12102 ms, used_size=6524928 bytes (15.9%)
(RDMA_READ_CONSUME_CHECK_CONSUMER) timestamp=12102 ms, used_size=6522880 bytes (15.9%)
(RDMA_READ_CONSUME_CHECK_CONSUMER) timestamp=12102 ms, used_size=6520832 bytes (15.9%)
(RDMA_READ_CONSUME_CHECK_CONSUMER) timestamp=12102 ms, used_size=6518784 bytes (15.9%)
(RDMA_READ_CONSUME_CHECK_CONSUMER) timestamp=12102 ms, used_size=6516736 bytes (15.9%)
(RDMA_READ_CONSUME_CHECK_CONSUMER) timestamp=12102 ms, used_size=6514688 bytes (15.9%)
(RDMA_READ_CONSUME_CHECK_CONSUMER) timestamp=12102 ms, used_size=6512640 bytes (15.9%)
(RDMA_READ_CONSUME_CHECK_CONSUMER) timestamp=12102 ms, used_size=6510592 bytes (15.9%)
(RDMA_READ_CONSUME_CHECK_CONSUMER) timestamp=12102 ms, used_size=6508544 bytes (15.9%)
(RDMA_READ_CONSUME_CHECK_CONSUMER) timestamp=12102 ms, used_size=6506496 bytes (15.9%)
(RDMA_READ_CONSUME_CHECK_CONSUMER) timestamp=12102 ms, used_size=6504448 bytes (15.9%)
(RDMA_READ_CONSUME_CHECK_CONSUMER) timestamp=12102 ms, used_size=6502400 bytes (15.9%)
(RDMA_READ_CONSUME_CHECK_CONSUMER) timestamp=12102 ms, used_size=6500352 bytes (15.9%)
(RDMA_READ_CONSUME_CHECK_CONSUMER) timestamp=12102 ms, used_size=6498304 bytes (15.9%)
(RDMA_READ_CONSUME_CHECK_CONSUMER) timestamp=12102 ms, used_size=6496256 bytes (15.9%)
(RDMA_READ_CONSUME_CHECK_CONSUMER) timestamp=12102 ms, used_size=6494208 bytes (15.9%)
(RDMA_READ_CONSUME_CHECK_CONSUMER) timestamp=12102 ms, used_size=6492160 bytes (15.8%)
(RDMA_READ_CONSUME_CHECK_CONSUMER) timestamp=12102 ms, used_size=6490112 bytes (15.8%)
(RDMA_READ_CONSUME_CHECK_CONSUMER) timestamp=12102 ms, used_size=6488064 bytes (15.8%)
(RDMA_READ_CONSUME_CHECK_CONSUMER) timestamp=12102 ms, used_size=6486016 bytes (15.8%)
(RDMA_READ_CONSUME_CHECK_CONSUMER) timestamp=12102 ms, used_size=6483968 bytes (15.8%)
(RDMA_READ_CONSUME_CHECK_CONSUMER) timestamp=12102 ms, used_size=6481920 bytes (15.8%)
(RDMA_READ_CONSUME_CHECK_CONSUMER) timestamp=12102 ms, used_size=6479872 bytes (15.8%)
(RDMA_READ_CONSUME_CHECK_CONSUMER) timestamp=12102 ms, used_size=6477824 bytes (15.8%)
(RDMA_READ_CONSUME_CHECK_CONSUMER) timestamp=12102 ms, used_size=6475776 bytes (15.8%)
(RDMA_READ_CONSUME_CHECK_CONSUMER) timestamp=12102 ms, used_size=6473728 bytes (15.8%)
(RDMA_READ_CONSUME_CHECK_CONSUMER) timestamp=12102 ms, used_size=6471680 bytes (15.8%)
(RDMA_READ_CONSUME_CHECK_CONSUMER) timestamp=12102 ms, used_size=6469632 bytes (15.8%)
(RDMA_READ_CONSUME_CHECK_CONSUMER) timestamp=12102 ms, used_size=6467584 bytes (15.8%)
(RDMA_READ_CONSUME_CHECK_CONSUMER) timestamp=12102 ms, used_size=6465536 bytes (15.8%)
(RDMA_READ_CONSUME_CHECK_CONSUMER) timestamp=12102 ms, used_size=6463488 bytes (15.8%)
(RDMA_READ_CONSUME_CHECK_CONSUMER) timestamp=12102 ms, used_size=6461440 bytes (15.8%)
(RDMA_READ_CONSUME_CHECK_CONSUMER) timestamp=12102 ms, used_size=6459392 bytes (15.8%)
(RDMA_READ_CONSUME_CHECK_CONSUMER) timestamp=12102 ms, used_size=6457344 bytes (15.8%)
(RDMA_READ_CONSUME_CHECK_CONSUMER) timestamp=12102 ms, used_size=6455296 bytes (15.8%)
(RDMA_READ_CONSUME_CHECK_CONSUMER) timestamp=12102 ms, used_size=6453248 bytes (15.8%)
(RDMA_READ_CONSUME_CHECK_CONSUMER) timestamp=12102 ms, used_size=6451200 bytes (15.8%)
(RDMA_READ_CONSUME_CHECK_CONSUMER) timestamp=12102 ms, used_size=6449152 bytes (15.7%)
(RDMA_READ_CONSUME_CHECK_CONSUMER) timestamp=12102 ms, used_size=6447104 bytes (15.7%)
(RDMA_READ_CONSUME_CHECK_CONSUMER) timestamp=12102 ms, used_size=6445056 bytes (15.7%)
(RDMA_READ_CONSUME_CHECK_CONSUMER) timestamp=12103 ms, used_size=6443008 bytes (15.7%)
(RDMA_READ_CONSUME_CHECK_CONSUMER) timestamp=12103 ms, used_size=6440960 bytes (15.7%)
(RDMA_READ_CONSUME_CHECK_CONSUMER) timestamp=12103 ms, used_size=6438912 bytes (15.7%)
(RDMA_READ_CONSUME_CHECK_CONSUMER) timestamp=12103 ms, used_size=6436864 bytes (15.7%)
(RDMA_READ_CONSUME_CHECK_CONSUMER) timestamp=12103 ms, used_size=6434816 bytes (15.7%)
(RDMA_READ_CONSUME_CHECK_CONSUMER) timestamp=12103 ms, used_size=6432768 bytes (15.7%)
(RDMA_READ_CONSUME_CHECK_CONSUMER) timestamp=12103 ms, used_size=6430720 bytes (15.7%)
(RDMA_READ_CONSUME_CHECK_CONSUMER) timestamp=12103 ms, used_size=6428672 bytes (15.7%)
(RDMA_READ_CONSUME_CHECK_CONSUMER) timestamp=12103 ms, used_size=6426624 bytes (15.7%)
(RDMA_READ_CONSUME_CHECK_CONSUMER) timestamp=12103 ms, used_size=6424576 bytes (15.7%)
(RDMA_READ_CONSUME_CHECK_CONSUMER) timestamp=12103 ms, used_size=6422528 bytes (15.7%)
(RDMA_READ_CONSUME_CHECK_CONSUMER) timestamp=12103 ms, used_size=6420480 bytes (15.7%)
(RDMA_READ_CONSUME_CHECK_CONSUMER) timestamp=12103 ms, used_size=6418432 bytes (15.7%)
(RDMA_READ_CONSUME_CHECK_CONSUMER) timestamp=12103 ms, used_size=6416384 bytes (15.7%)
(RDMA_READ_CONSUME_CHECK_CONSUMER) timestamp=12103 ms, used_size=6414336 bytes (15.7%)
(RDMA_READ_CONSUME_CHECK_CONSUMER) timestamp=12103 ms, used_size=6412288 bytes (15.7%)
(RDMA_READ_CONSUME_CHECK_CONSUMER) timestamp=12103 ms, used_size=6410240 bytes (15.7%)
(RDMA_READ_CONSUME_CHECK_CONSUMER) timestamp=12103 ms, used_size=6408192 bytes (15.6%)
(RDMA_READ_CONSUME_CHECK_CONSUMER) timestamp=12103 ms, used_size=6406144 bytes (15.6%)
(RDMA_READ_CONSUME_CHECK_CONSUMER) timestamp=12103 ms, used_size=6404096 bytes (15.6%)
(RDMA_READ_CONSUME_CHECK_CONSUMER) timestamp=12103 ms, used_size=6402048 bytes (15.6%)
(RDMA_READ_CONSUME_CHECK_CONSUMER) timestamp=12103 ms, used_size=6400000 bytes (15.6%)
(RDMA_READ_CONSUME_CHECK_CONSUMER) timestamp=12103 ms, used_size=6397952 bytes (15.6%)
(RDMA_READ_CONSUME_CHECK_CONSUMER) timestamp=12103 ms, used_size=6395904 bytes (15.6%)
(RDMA_READ_CONSUME_CHECK_CONSUMER) timestamp=12103 ms, used_size=6393856 bytes (15.6%)
(RDMA_READ_CONSUME_CHECK_CONSUMER) timestamp=12103 ms, used_size=6391808 bytes (15.6%)
(RDMA_READ_CONSUME_CHECK_CONSUMER) timestamp=12103 ms, used_size=6389760 bytes (15.6%)
(RDMA_READ_CONSUME_CHECK_CONSUMER) timestamp=12103 ms, used_size=6387712 bytes (15.6%)
(RDMA_READ_CONSUME_CHECK_CONSUMER) timestamp=12103 ms, used_size=6385664 bytes (15.6%)
(RDMA_READ_CONSUME_CHECK_CONSUMER) timestamp=12103 ms, used_size=6383616 bytes (15.6%)
(RDMA_READ_CONSUME_CHECK_CONSUMER) timestamp=12103 ms, used_size=6381568 bytes (15.6%)
(RDMA_READ_CONSUME_CHECK_CONSUMER) timestamp=12103 ms, used_size=6379520 bytes (15.6%)
(RDMA_READ_CONSUME_CHECK_CONSUMER) timestamp=12103 ms, used_size=6377472 bytes (15.6%)
(RDMA_READ_CONSUME_CHECK_CONSUMER) timestamp=12103 ms, used_size=6375424 bytes (15.6%)
(RDMA_READ_CONSUME_CHECK_CONSUMER) timestamp=12103 ms, used_size=6373376 bytes (15.6%)
(RDMA_READ_CONSUME_CHECK_CONSUMER) timestamp=12103 ms, used_size=6371328 bytes (15.6%)
(RDMA_READ_CONSUME_CHECK_CONSUMER) timestamp=12103 ms, used_size=6369280 bytes (15.6%)
(RDMA_READ_CONSUME_CHECK_CONSUMER) timestamp=12103 ms, used_size=6367232 bytes (15.5%)
(RDMA_READ_CONSUME_CHECK_CONSUMER) timestamp=12103 ms, used_size=6365184 bytes (15.5%)
(RDMA_READ_CONSUME_CHECK_CONSUMER) timestamp=12103 ms, used_size=6363136 bytes (15.5%)
(RDMA_READ_CONSUME_CHECK_CONSUMER) timestamp=12103 ms, used_size=6361088 bytes (15.5%)
(RDMA_READ_CONSUME_CHECK_CONSUMER) timestamp=12103 ms, used_size=6359040 bytes (15.5%)
(RDMA_READ_CONSUME_CHECK_CONSUMER) timestamp=12103 ms, used_size=6356992 bytes (15.5%)
(RDMA_READ_CONSUME_CHECK_CONSUMER) timestamp=12103 ms, used_size=6354944 bytes (15.5%)
(RDMA_READ_CONSUME_CHECK_CONSUMER) timestamp=12103 ms, used_size=6352896 bytes (15.5%)
(RDMA_READ_CONSUME_CHECK_CONSUMER) timestamp=12103 ms, used_size=6350848 bytes (15.5%)
(RDMA_READ_CONSUME_CHECK_CONSUMER) timestamp=12103 ms, used_size=6348800 bytes (15.5%)
(RDMA_READ_CONSUME_CHECK_CONSUMER) timestamp=12103 ms, used_size=6346752 bytes (15.5%)
(RDMA_READ_CONSUME_CHECK_CONSUMER) timestamp=12103 ms, used_size=6344704 bytes (15.5%)
(RDMA_READ_CONSUME_CHECK_CONSUMER) timestamp=12103 ms, used_size=6342656 bytes (15.5%)
(RDMA_READ_CONSUME_CHECK_CONSUMER) timestamp=12103 ms, used_size=6340608 bytes (15.5%)
(RDMA_READ_CONSUME_CHECK_CONSUMER) timestamp=12103 ms, used_size=6338560 bytes (15.5%)
(RDMA_READ_CONSUME_CHECK_CONSUMER) timestamp=12103 ms, used_size=6336512 bytes (15.5%)
(RDMA_READ_CONSUME_CHECK_CONSUMER) timestamp=12103 ms, used_size=6334464 bytes (15.5%)
(RDMA_READ_CONSUME_CHECK_CONSUMER) timestamp=12103 ms, used_size=6332416 bytes (15.5%)
(RDMA_READ_CONSUME_CHECK_CONSUMER) timestamp=12103 ms, used_size=6330368 bytes (15.5%)
(RDMA_READ_CONSUME_CHECK_CONSUMER) timestamp=12103 ms, used_size=6328320 bytes (15.4%)
(RDMA_READ_CONSUME_CHECK_CONSUMER) timestamp=12103 ms, used_size=6326272 bytes (15.4%)
(RDMA_READ_CONSUME_CHECK_CONSUMER) timestamp=12103 ms, used_size=6324224 bytes (15.4%)
(RDMA_READ_CONSUME_CHECK_CONSUMER) timestamp=12103 ms, used_size=6322176 bytes (15.4%)
(RDMA_READ_CONSUME_CHECK_CONSUMER) timestamp=12103 ms, used_size=6320128 bytes (15.4%)
(RDMA_READ_CONSUME_CHECK_CONSUMER) timestamp=12103 ms, used_size=6318080 bytes (15.4%)
(RDMA_READ_CONSUME_CHECK_CONSUMER) timestamp=12103 ms, used_size=6316032 bytes (15.4%)
(RDMA_READ_CONSUME_CHECK_CONSUMER) timestamp=12103 ms, used_size=6313984 bytes (15.4%)
(RDMA_READ_CONSUME_CHECK_CONSUMER) timestamp=12103 ms, used_size=6311936 bytes (15.4%)
(RDMA_READ_CONSUME_CHECK_CONSUMER) timestamp=12103 ms, used_size=6309888 bytes (15.4%)
(RDMA_READ_CONSUME_CHECK_CONSUMER) timestamp=12103 ms, used_size=6307840 bytes (15.4%)
(RDMA_READ_CONSUME_CHECK_CONSUMER) timestamp=12103 ms, used_size=6305792 bytes (15.4%)
(RDMA_READ_CONSUME_CHECK_CONSUMER) timestamp=12103 ms, used_size=6303744 bytes (15.4%)
(RDMA_READ_CONSUME_CHECK_CONSUMER) timestamp=12103 ms, used_size=6301696 bytes (15.4%)
(RDMA_READ_CONSUME_CHECK_CONSUMER) timestamp=12103 ms, used_size=6299648 bytes (15.4%)
(RDMA_READ_CONSUME_CHECK_CONSUMER) timestamp=12103 ms, used_size=6297600 bytes (15.4%)
(RDMA_READ_CONSUME_CHECK_CONSUMER) timestamp=12103 ms, used_size=6295552 bytes (15.4%)
(RDMA_READ_CONSUME_CHECK_CONSUMER) timestamp=12103 ms, used_size=6293504 bytes (15.4%)
(RDMA_READ_CONSUME_CHECK_CONSUMER) timestamp=12103 ms, used_size=6291456 bytes (15.4%)
(RDMA_READ_CONSUME_CHECK_CONSUMER) timestamp=12103 ms, used_size=6289408 bytes (15.4%)
(RDMA_READ_CONSUME_CHECK_CONSUMER) timestamp=12103 ms, used_size=6287360 bytes (15.3%)
(RDMA_READ_CONSUME_CHECK_CONSUMER) timestamp=12103 ms, used_size=6285312 bytes (15.3%)
(RDMA_READ_CONSUME_CHECK_CONSUMER) timestamp=12103 ms, used_size=6283264 bytes (15.3%)
(RDMA_READ_CONSUME_CHECK_CONSUMER) timestamp=12103 ms, used_size=6281216 bytes (15.3%)
(RDMA_READ_CONSUME_CHECK_CONSUMER) timestamp=12103 ms, used_size=6279168 bytes (15.3%)
(RDMA_READ_CONSUME_CHECK_CONSUMER) timestamp=12103 ms, used_size=6277120 bytes (15.3%)
(RDMA_READ_CONSUME_CHECK_CONSUMER) timestamp=12103 ms, used_size=6275072 bytes (15.3%)
(RDMA_READ_CONSUME_CHECK_CONSUMER) timestamp=12103 ms, used_size=6273024 bytes (15.3%)
(RDMA_READ_CONSUME_CHECK_CONSUMER) timestamp=12103 ms, used_size=6270976 bytes (15.3%)
(RDMA_READ_CONSUME_CHECK_CONSUMER) timestamp=12103 ms, used_size=6268928 bytes (15.3%)
(RDMA_READ_CONSUME_CHECK_CONSUMER) timestamp=12103 ms, used_size=6266880 bytes (15.3%)
(RDMA_READ_CONSUME_CHECK_CONSUMER) timestamp=12103 ms, used_size=6264832 bytes (15.3%)
(RDMA_READ_CONSUME_CHECK_CONSUMER) timestamp=12103 ms, used_size=6262784 bytes (15.3%)
(RDMA_READ_CONSUME_CHECK_CONSUMER) timestamp=12103 ms, used_size=6260736 bytes (15.3%)
(RDMA_READ_CONSUME_CHECK_CONSUMER) timestamp=12103 ms, used_size=6258688 bytes (15.3%)
(RDMA_READ_CONSUME_CHECK_CONSUMER) timestamp=12103 ms, used_size=6256640 bytes (15.3%)
(RDMA_READ_CONSUME_CHECK_CONSUMER) timestamp=12103 ms, used_size=6254592 bytes (15.3%)
(RDMA_READ_CONSUME_CHECK_CONSUMER) timestamp=12103 ms, used_size=6252544 bytes (15.3%)
(RDMA_READ_CONSUME_CHECK_CONSUMER) timestamp=12103 ms, used_size=6250496 bytes (15.3%)
(RDMA_READ_CONSUME_CHECK_CONSUMER) timestamp=12103 ms, used_size=6248448 bytes (15.3%)
(RDMA_READ_CONSUME_CHECK_CONSUMER) timestamp=12103 ms, used_size=6246400 bytes (15.2%)
(RDMA_READ_CONSUME_CHECK_CONSUMER) timestamp=12103 ms, used_size=6244352 bytes (15.2%)
(RDMA_READ_CONSUME_CHECK_CONSUMER) timestamp=12103 ms, used_size=6242304 bytes (15.2%)
(RDMA_READ_CONSUME_CHECK_CONSUMER) timestamp=12103 ms, used_size=6240256 bytes (15.2%)
(RDMA_READ_CONSUME_CHECK_CONSUMER) timestamp=12103 ms, used_size=6238208 bytes (15.2%)
(RDMA_READ_CONSUME_CHECK_CONSUMER) timestamp=12103 ms, used_size=6236160 bytes (15.2%)
(RDMA_READ_CONSUME_CHECK_CONSUMER) timestamp=12103 ms, used_size=6234112 bytes (15.2%)
(RDMA_READ_CONSUME_CHECK_CONSUMER) timestamp=12103 ms, used_size=6232064 bytes (15.2%)
(RDMA_READ_CONSUME_CHECK_CONSUMER) timestamp=12103 ms, used_size=6230016 bytes (15.2%)
(RDMA_READ_CONSUME_CHECK_CONSUMER) timestamp=12103 ms, used_size=6227968 bytes (15.2%)
(RDMA_READ_CONSUME_CHECK_CONSUMER) timestamp=12103 ms, used_size=6225920 bytes (15.2%)
(RDMA_READ_CONSUME_CHECK_CONSUMER) timestamp=12103 ms, used_size=6223872 bytes (15.2%)
(RDMA_READ_CONSUME_CHECK_CONSUMER) timestamp=12103 ms, used_size=6221824 bytes (15.2%)
(RDMA_READ_CONSUME_CHECK_CONSUMER) timestamp=12103 ms, used_size=6219776 bytes (15.2%)
(RDMA_READ_CONSUME_CHECK_CONSUMER) timestamp=12103 ms, used_size=6217728 bytes (15.2%)
(RDMA_READ_CONSUME_CHECK_CONSUMER) timestamp=12103 ms, used_size=6215680 bytes (15.2%)
(RDMA_READ_CONSUME_CHECK_CONSUMER) timestamp=12103 ms, used_size=6213632 bytes (15.2%)
(RDMA_READ_CONSUME_CHECK_CONSUMER) timestamp=12103 ms, used_size=6211584 bytes (15.2%)
(RDMA_READ_CONSUME_CHECK_CONSUMER) timestamp=12103 ms, used_size=6209536 bytes (15.2%)
(RDMA_READ_CONSUME_CHECK_CONSUMER) timestamp=12103 ms, used_size=6207488 bytes (15.2%)
(RDMA_READ_CONSUME_CHECK_CONSUMER) timestamp=12103 ms, used_size=6205440 bytes (15.2%)
(RDMA_READ_CONSUME_CHECK_CONSUMER) timestamp=12103 ms, used_size=6203392 bytes (15.1%)
(RDMA_READ_CONSUME_CHECK_CONSUMER) timestamp=12103 ms, used_size=6201344 bytes (15.1%)
(RDMA_READ_CONSUME_CHECK_CONSUMER) timestamp=12103 ms, used_size=6199296 bytes (15.1%)
(RDMA_READ_CONSUME_CHECK_CONSUMER) timestamp=12103 ms, used_size=6197248 bytes (15.1%)
(RDMA_READ_CONSUME_CHECK_CONSUMER) timestamp=12103 ms, used_size=6195200 bytes (15.1%)
(RDMA_READ_CONSUME_CHECK_CONSUMER) timestamp=12103 ms, used_size=6193152 bytes (15.1%)
(RDMA_READ_CONSUME_CHECK_CONSUMER) timestamp=12103 ms, used_size=6191104 bytes (15.1%)
(RDMA_READ_CONSUME_CHECK_CONSUMER) timestamp=12103 ms, used_size=6189056 bytes (15.1%)
(RDMA_READ_CONSUME_CHECK_CONSUMER) timestamp=12103 ms, used_size=6187008 bytes (15.1%)
(RDMA_READ_CONSUME_CHECK_CONSUMER) timestamp=12103 ms, used_size=6184960 bytes (15.1%)
(RDMA_READ_CONSUME_CHECK_CONSUMER) timestamp=12103 ms, used_size=6182912 bytes (15.1%)
(RDMA_READ_CONSUME_CHECK_CONSUMER) timestamp=12103 ms, used_size=6180864 bytes (15.1%)
(RDMA_READ_CONSUME_CHECK_CONSUMER) timestamp=12103 ms, used_size=6178816 bytes (15.1%)
(RDMA_READ_CONSUME_CHECK_CONSUMER) timestamp=12103 ms, used_size=6176768 bytes (15.1%)
(RDMA_READ_CONSUME_CHECK_CONSUMER) timestamp=12103 ms, used_size=6174720 bytes (15.1%)
(RDMA_READ_CONSUME_CHECK_CONSUMER) timestamp=12103 ms, used_size=6172672 bytes (15.1%)
(RDMA_READ_CONSUME_CHECK_CONSUMER) timestamp=12103 ms, used_size=6170624 bytes (15.1%)
(RDMA_READ_CONSUME_CHECK_CONSUMER) timestamp=12103 ms, used_size=6168576 bytes (15.1%)
(RDMA_READ_CONSUME_CHECK_CONSUMER) timestamp=12103 ms, used_size=6166528 bytes (15.1%)
(RDMA_READ_CONSUME_CHECK_CONSUMER) timestamp=12103 ms, used_size=6164480 bytes (15.1%)
(RDMA_READ_CONSUME_CHECK_CONSUMER) timestamp=12103 ms, used_size=6162432 bytes (15.0%)
(RDMA_READ_CONSUME_CHECK_CONSUMER) timestamp=12103 ms, used_size=6160384 bytes (15.0%)
(RDMA_READ_CONSUME_CHECK_CONSUMER) timestamp=12103 ms, used_size=6158336 bytes (15.0%)
(RDMA_READ_CONSUME_CHECK_CONSUMER) timestamp=12103 ms, used_size=6156288 bytes (15.0%)
(RDMA_READ_CONSUME_CHECK_CONSUMER) timestamp=12103 ms, used_size=6154240 bytes (15.0%)
(RDMA_READ_CONSUME_CHECK_CONSUMER) timestamp=12103 ms, used_size=6152192 bytes (15.0%)
(RDMA_READ_CONSUME_CHECK_CONSUMER) timestamp=12103 ms, used_size=6150144 bytes (15.0%)
(RDMA_READ_CONSUME_CHECK_CONSUMER) timestamp=12103 ms, used_size=6148096 bytes (15.0%)
(RDMA_READ_CONSUME_CHECK_CONSUMER) timestamp=12103 ms, used_size=6146048 bytes (15.0%)
(RDMA_READ_CONSUME_CHECK_CONSUMER) timestamp=12103 ms, used_size=6144000 bytes (15.0%)
(RDMA_READ_CONSUME_CHECK_CONSUMER) timestamp=12103 ms, used_size=6141952 bytes (15.0%)
(RDMA_READ_CONSUME_CHECK_CONSUMER) timestamp=12103 ms, used_size=6139904 bytes (15.0%)
(RDMA_READ_CONSUME_CHECK_CONSUMER) timestamp=12103 ms, used_size=6137856 bytes (15.0%)
(RDMA_READ_CONSUME_CHECK_CONSUMER) timestamp=12103 ms, used_size=6135808 bytes (15.0%)
(RDMA_READ_CONSUME_CHECK_CONSUMER) timestamp=12103 ms, used_size=6133760 bytes (15.0%)
(RDMA_READ_CONSUME_CHECK_CONSUMER) timestamp=12103 ms, used_size=6131712 bytes (15.0%)
(RDMA_READ_CONSUME_CHECK_CONSUMER) timestamp=12103 ms, used_size=6129664 bytes (15.0%)
(RDMA_READ_CONSUME_CHECK_CONSUMER) timestamp=12103 ms, used_size=6127616 bytes (15.0%)
(RDMA_READ_CONSUME_CHECK_CONSUMER) timestamp=12103 ms, used_size=6125568 bytes (15.0%)
(RDMA_READ_CONSUME_CHECK_CONSUMER) timestamp=12103 ms, used_size=6123520 bytes (14.9%)
(RDMA_READ_CONSUME_CHECK_CONSUMER) timestamp=12103 ms, used_size=6121472 bytes (14.9%)
(RDMA_READ_CONSUME_CHECK_CONSUMER) timestamp=12103 ms, used_size=6119424 bytes (14.9%)
(RDMA_READ_CONSUME_CHECK_CONSUMER) timestamp=12103 ms, used_size=6117376 bytes (14.9%)
(RDMA_READ_CONSUME_CHECK_CONSUMER) timestamp=12103 ms, used_size=6115328 bytes (14.9%)
(RDMA_READ_CONSUME_CHECK_CONSUMER) timestamp=12103 ms, used_size=6113280 bytes (14.9%)
(RDMA_READ_CONSUME_CHECK_CONSUMER) timestamp=12103 ms, used_size=6111232 bytes (14.9%)
(RDMA_READ_CONSUME_CHECK_CONSUMER) timestamp=12103 ms, used_size=6109184 bytes (14.9%)
(RDMA_READ_CONSUME_CHECK_CONSUMER) timestamp=12103 ms, used_size=6107136 bytes (14.9%)
(RDMA_READ_CONSUME_CHECK_CONSUMER) timestamp=12103 ms, used_size=6105088 bytes (14.9%)
(RDMA_READ_CONSUME_CHECK_CONSUMER) timestamp=12103 ms, used_size=6103040 bytes (14.9%)
(RDMA_READ_CONSUME_CHECK_CONSUMER) timestamp=12103 ms, used_size=6100992 bytes (14.9%)
(RDMA_READ_CONSUME_CHECK_CONSUMER) timestamp=12103 ms, used_size=6098944 bytes (14.9%)
(RDMA_READ_CONSUME_CHECK_CONSUMER) timestamp=12104 ms, used_size=6096896 bytes (14.9%)
(RDMA_READ_CONSUME_CHECK_CONSUMER) timestamp=12104 ms, used_size=6094848 bytes (14.9%)
(RDMA_READ_CONSUME_CHECK_CONSUMER) timestamp=12104 ms, used_size=6092800 bytes (14.9%)
(RDMA_READ_CONSUME_CHECK_CONSUMER) timestamp=12104 ms, used_size=6090752 bytes (14.9%)
(RDMA_READ_CONSUME_CHECK_CONSUMER) timestamp=12104 ms, used_size=6088704 bytes (14.9%)
(RDMA_READ_CONSUME_CHECK_CONSUMER) timestamp=12104 ms, used_size=6086656 bytes (14.9%)
(RDMA_READ_CONSUME_CHECK_CONSUMER) timestamp=12104 ms, used_size=6084608 bytes (14.9%)
(RDMA_READ_CONSUME_CHECK_CONSUMER) timestamp=12104 ms, used_size=6082560 bytes (14.8%)
(RDMA_READ_CONSUME_CHECK_CONSUMER) timestamp=12104 ms, used_size=6080512 bytes (14.8%)
(RDMA_READ_CONSUME_CHECK_CONSUMER) timestamp=12104 ms, used_size=6078464 bytes (14.8%)
(RDMA_READ_CONSUME_CHECK_CONSUMER) timestamp=12104 ms, used_size=6076416 bytes (14.8%)
(RDMA_READ_CONSUME_CHECK_CONSUMER) timestamp=12104 ms, used_size=6074368 bytes (14.8%)
(RDMA_READ_CONSUME_CHECK_CONSUMER) timestamp=12104 ms, used_size=6072320 bytes (14.8%)
(RDMA_READ_CONSUME_CHECK_CONSUMER) timestamp=12104 ms, used_size=6070272 bytes (14.8%)
(RDMA_READ_CONSUME_CHECK_CONSUMER) timestamp=12104 ms, used_size=6068224 bytes (14.8%)
(RDMA_READ_CONSUME_CHECK_CONSUMER) timestamp=12104 ms, used_size=6066176 bytes (14.8%)
(RDMA_READ_CONSUME_CHECK_CONSUMER) timestamp=12104 ms, used_size=6064128 bytes (14.8%)
(RDMA_READ_CONSUME_CHECK_CONSUMER) timestamp=12104 ms, used_size=6062080 bytes (14.8%)
(RDMA_READ_CONSUME_CHECK_CONSUMER) timestamp=12104 ms, used_size=6060032 bytes (14.8%)
(RDMA_READ_CONSUME_CHECK_CONSUMER) timestamp=12104 ms, used_size=6057984 bytes (14.8%)
(RDMA_READ_CONSUME_CHECK_CONSUMER) timestamp=12104 ms, used_size=6055936 bytes (14.8%)
(RDMA_READ_CONSUME_CHECK_CONSUMER) timestamp=12104 ms, used_size=6053888 bytes (14.8%)
(RDMA_READ_CONSUME_CHECK_CONSUMER) timestamp=12104 ms, used_size=6051840 bytes (14.8%)
(RDMA_READ_CONSUME_CHECK_CONSUMER) timestamp=12104 ms, used_size=6049792 bytes (14.8%)
(RDMA_READ_CONSUME_CHECK_CONSUMER) timestamp=12104 ms, used_size=6047744 bytes (14.8%)
(RDMA_READ_CONSUME_CHECK_CONSUMER) timestamp=12104 ms, used_size=6045696 bytes (14.8%)
(RDMA_READ_CONSUME_CHECK_CONSUMER) timestamp=12104 ms, used_size=6043648 bytes (14.8%)
(RDMA_READ_CONSUME_CHECK_CONSUMER) timestamp=12104 ms, used_size=6041600 bytes (14.8%)
(RDMA_READ_CONSUME_CHECK_CONSUMER) timestamp=12104 ms, used_size=6039552 bytes (14.7%)
(RDMA_READ_CONSUME_CHECK_CONSUMER) timestamp=12104 ms, used_size=6037504 bytes (14.7%)
(RDMA_READ_CONSUME_CHECK_CONSUMER) timestamp=12104 ms, used_size=6035456 bytes (14.7%)
(RDMA_READ_CONSUME_CHECK_CONSUMER) timestamp=12104 ms, used_size=6033408 bytes (14.7%)
(RDMA_READ_CONSUME_CHECK_CONSUMER) timestamp=12104 ms, used_size=6031360 bytes (14.7%)
(RDMA_READ_CONSUME_CHECK_CONSUMER) timestamp=12104 ms, used_size=6029312 bytes (14.7%)
(RDMA_READ_CONSUME_CHECK_CONSUMER) timestamp=12104 ms, used_size=6027264 bytes (14.7%)
(RDMA_READ_CONSUME_CHECK_CONSUMER) timestamp=12104 ms, used_size=6025216 bytes (14.7%)
(RDMA_READ_CONSUME_CHECK_CONSUMER) timestamp=12104 ms, used_size=6023168 bytes (14.7%)
(RDMA_READ_CONSUME_CHECK_CONSUMER) timestamp=12104 ms, used_size=6021120 bytes (14.7%)
(RDMA_READ_CONSUME_CHECK_CONSUMER) timestamp=12104 ms, used_size=6019072 bytes (14.7%)
(RDMA_READ_CONSUME_CHECK_CONSUMER) timestamp=12104 ms, used_size=6017024 bytes (14.7%)
(RDMA_READ_CONSUME_CHECK_CONSUMER) timestamp=12104 ms, used_size=6014976 bytes (14.7%)
(RDMA_READ_CONSUME_CHECK_CONSUMER) timestamp=12104 ms, used_size=6012928 bytes (14.7%)
(RDMA_READ_CONSUME_CHECK_CONSUMER) timestamp=12104 ms, used_size=6010880 bytes (14.7%)
(RDMA_READ_CONSUME_CHECK_CONSUMER) timestamp=12104 ms, used_size=6008832 bytes (14.7%)
(RDMA_READ_CONSUME_CHECK_CONSUMER) timestamp=12104 ms, used_size=6006784 bytes (14.7%)
(RDMA_READ_CONSUME_CHECK_CONSUMER) timestamp=12104 ms, used_size=6004736 bytes (14.7%)
(RDMA_READ_CONSUME_CHECK_CONSUMER) timestamp=12104 ms, used_size=6002688 bytes (14.7%)
(RDMA_READ_CONSUME_CHECK_CONSUMER) timestamp=12104 ms, used_size=6000640 bytes (14.7%)
(RDMA_READ_CONSUME_CHECK_CONSUMER) timestamp=12104 ms, used_size=5998592 bytes (14.6%)
(RDMA_READ_CONSUME_CHECK_CONSUMER) timestamp=12104 ms, used_size=5996544 bytes (14.6%)
(RDMA_READ_CONSUME_CHECK_CONSUMER) timestamp=12104 ms, used_size=5994496 bytes (14.6%)
(RDMA_READ_CONSUME_CHECK_CONSUMER) timestamp=12104 ms, used_size=5992448 bytes (14.6%)
(RDMA_READ_CONSUME_CHECK_CONSUMER) timestamp=12104 ms, used_size=5990400 bytes (14.6%)
(RDMA_READ_CONSUME_CHECK_CONSUMER) timestamp=12104 ms, used_size=5988352 bytes (14.6%)
(RDMA_READ_CONSUME_CHECK_CONSUMER) timestamp=12104 ms, used_size=5986304 bytes (14.6%)
(RDMA_READ_CONSUME_CHECK_CONSUMER) timestamp=12104 ms, used_size=5984256 bytes (14.6%)
(RDMA_READ_CONSUME_CHECK_CONSUMER) timestamp=12104 ms, used_size=5982208 bytes (14.6%)
(RDMA_READ_CONSUME_CHECK_CONSUMER) timestamp=12104 ms, used_size=5980160 bytes (14.6%)
(RDMA_READ_CONSUME_CHECK_CONSUMER) timestamp=12104 ms, used_size=5978112 bytes (14.6%)
(RDMA_READ_CONSUME_CHECK_CONSUMER) timestamp=12104 ms, used_size=5976064 bytes (14.6%)
(RDMA_READ_CONSUME_CHECK_CONSUMER) timestamp=12104 ms, used_size=5974016 bytes (14.6%)
(RDMA_READ_CONSUME_CHECK_CONSUMER) timestamp=12104 ms, used_size=5971968 bytes (14.6%)
(RDMA_READ_CONSUME_CHECK_CONSUMER) timestamp=12104 ms, used_size=5969920 bytes (14.6%)
(RDMA_READ_CONSUME_CHECK_CONSUMER) timestamp=12104 ms, used_size=5967872 bytes (14.6%)
(RDMA_READ_CONSUME_CHECK_CONSUMER) timestamp=12104 ms, used_size=5965824 bytes (14.6%)
(RDMA_READ_CONSUME_CHECK_CONSUMER) timestamp=12104 ms, used_size=5963776 bytes (14.6%)
(RDMA_READ_CONSUME_CHECK_CONSUMER) timestamp=12104 ms, used_size=5961728 bytes (14.6%)
(RDMA_READ_CONSUME_CHECK_CONSUMER) timestamp=12104 ms, used_size=5959680 bytes (14.6%)
(RDMA_READ_CONSUME_CHECK_CONSUMER) timestamp=12104 ms, used_size=5957632 bytes (14.5%)
(RDMA_READ_CONSUME_CHECK_CONSUMER) timestamp=12104 ms, used_size=5955584 bytes (14.5%)
(RDMA_READ_CONSUME_CHECK_CONSUMER) timestamp=12104 ms, used_size=5953536 bytes (14.5%)
(RDMA_READ_CONSUME_CHECK_CONSUMER) timestamp=12104 ms, used_size=5951488 bytes (14.5%)
(RDMA_READ_CONSUME_CHECK_CONSUMER) timestamp=12104 ms, used_size=5949440 bytes (14.5%)
(RDMA_READ_CONSUME_CHECK_CONSUMER) timestamp=12104 ms, used_size=5947392 bytes (14.5%)
(RDMA_READ_CONSUME_CHECK_CONSUMER) timestamp=12104 ms, used_size=5945344 bytes (14.5%)
(RDMA_READ_CONSUME_CHECK_CONSUMER) timestamp=12104 ms, used_size=5943296 bytes (14.5%)
(RDMA_READ_CONSUME_CHECK_CONSUMER) timestamp=12104 ms, used_size=5941248 bytes (14.5%)
(RDMA_READ_CONSUME_CHECK_CONSUMER) timestamp=12104 ms, used_size=5939200 bytes (14.5%)
(RDMA_READ_CONSUME_CHECK_CONSUMER) timestamp=12104 ms, used_size=5937152 bytes (14.5%)
(RDMA_READ_CONSUME_CHECK_CONSUMER) timestamp=12104 ms, used_size=5935104 bytes (14.5%)
(RDMA_READ_CONSUME_CHECK_CONSUMER) timestamp=12104 ms, used_size=5933056 bytes (14.5%)
(RDMA_READ_CONSUME_CHECK_CONSUMER) timestamp=12104 ms, used_size=5931008 bytes (14.5%)
(RDMA_READ_CONSUME_CHECK_CONSUMER) timestamp=12104 ms, used_size=5928960 bytes (14.5%)
(RDMA_READ_CONSUME_CHECK_CONSUMER) timestamp=12104 ms, used_size=5926912 bytes (14.5%)
(RDMA_READ_CONSUME_CHECK_CONSUMER) timestamp=12104 ms, used_size=5924864 bytes (14.5%)
(RDMA_READ_CONSUME_CHECK_CONSUMER) timestamp=12104 ms, used_size=5922816 bytes (14.5%)
(RDMA_READ_CONSUME_CHECK_CONSUMER) timestamp=12104 ms, used_size=5920768 bytes (14.5%)
(RDMA_READ_CONSUME_CHECK_CONSUMER) timestamp=12104 ms, used_size=5918720 bytes (14.4%)
(RDMA_READ_CONSUME_CHECK_CONSUMER) timestamp=12104 ms, used_size=5916672 bytes (14.4%)
(RDMA_READ_CONSUME_CHECK_CONSUMER) timestamp=12104 ms, used_size=5914624 bytes (14.4%)
(RDMA_READ_CONSUME_CHECK_CONSUMER) timestamp=12104 ms, used_size=5912576 bytes (14.4%)
(RDMA_READ_CONSUME_CHECK_CONSUMER) timestamp=12104 ms, used_size=5910528 bytes (14.4%)
(RDMA_READ_CONSUME_CHECK_CONSUMER) timestamp=12104 ms, used_size=5908480 bytes (14.4%)
(RDMA_READ_CONSUME_CHECK_CONSUMER) timestamp=12104 ms, used_size=5906432 bytes (14.4%)
(RDMA_READ_CONSUME_CHECK_CONSUMER) timestamp=12104 ms, used_size=5904384 bytes (14.4%)
(RDMA_READ_CONSUME_CHECK_CONSUMER) timestamp=12104 ms, used_size=5902336 bytes (14.4%)
(RDMA_READ_CONSUME_CHECK_CONSUMER) timestamp=12104 ms, used_size=5900288 bytes (14.4%)
(RDMA_READ_CONSUME_CHECK_CONSUMER) timestamp=12104 ms, used_size=5898240 bytes (14.4%)
(RDMA_READ_CONSUME_CHECK_CONSUMER) timestamp=12104 ms, used_size=5896192 bytes (14.4%)
(RDMA_READ_CONSUME_CHECK_CONSUMER) timestamp=12104 ms, used_size=5894144 bytes (14.4%)
(RDMA_READ_CONSUME_CHECK_CONSUMER) timestamp=12104 ms, used_size=5892096 bytes (14.4%)
(RDMA_READ_CONSUME_CHECK_CONSUMER) timestamp=12104 ms, used_size=5890048 bytes (14.4%)
(RDMA_READ_CONSUME_CHECK_CONSUMER) timestamp=12104 ms, used_size=5888000 bytes (14.4%)
(RDMA_READ_CONSUME_CHECK_CONSUMER) timestamp=12104 ms, used_size=5885952 bytes (14.4%)
(RDMA_READ_CONSUME_CHECK_CONSUMER) timestamp=12104 ms, used_size=5883904 bytes (14.4%)
(RDMA_READ_CONSUME_CHECK_CONSUMER) timestamp=12104 ms, used_size=5881856 bytes (14.4%)
(RDMA_READ_CONSUME_CHECK_CONSUMER) timestamp=12104 ms, used_size=5879808 bytes (14.4%)
(RDMA_READ_CONSUME_CHECK_CONSUMER) timestamp=12104 ms, used_size=5877760 bytes (14.3%)
(RDMA_READ_CONSUME_CHECK_CONSUMER) timestamp=12104 ms, used_size=5875712 bytes (14.3%)
(RDMA_READ_CONSUME_CHECK_CONSUMER) timestamp=12104 ms, used_size=5873664 bytes (14.3%)
(RDMA_READ_CONSUME_CHECK_CONSUMER) timestamp=12104 ms, used_size=5871616 bytes (14.3%)
(RDMA_READ_CONSUME_CHECK_CONSUMER) timestamp=12104 ms, used_size=5869568 bytes (14.3%)
(RDMA_READ_CONSUME_CHECK_CONSUMER) timestamp=12104 ms, used_size=5867520 bytes (14.3%)
(RDMA_READ_CONSUME_CHECK_CONSUMER) timestamp=12104 ms, used_size=5865472 bytes (14.3%)
(RDMA_READ_CONSUME_CHECK_CONSUMER) timestamp=12104 ms, used_size=5863424 bytes (14.3%)
(RDMA_READ_CONSUME_CHECK_CONSUMER) timestamp=12104 ms, used_size=5861376 bytes (14.3%)
(RDMA_READ_CONSUME_CHECK_CONSUMER) timestamp=12104 ms, used_size=5859328 bytes (14.3%)
(RDMA_READ_CONSUME_CHECK_CONSUMER) timestamp=12104 ms, used_size=5857280 bytes (14.3%)
(RDMA_READ_CONSUME_CHECK_CONSUMER) timestamp=12104 ms, used_size=5855232 bytes (14.3%)
(RDMA_READ_CONSUME_CHECK_CONSUMER) timestamp=12104 ms, used_size=5853184 bytes (14.3%)
(RDMA_READ_CONSUME_CHECK_CONSUMER) timestamp=12104 ms, used_size=5851136 bytes (14.3%)
(RDMA_READ_CONSUME_CHECK_CONSUMER) timestamp=12104 ms, used_size=5849088 bytes (14.3%)
(RDMA_READ_CONSUME_CHECK_CONSUMER) timestamp=12104 ms, used_size=5847040 bytes (14.3%)
(RDMA_READ_CONSUME_CHECK_CONSUMER) timestamp=12104 ms, used_size=5844992 bytes (14.3%)
(RDMA_READ_CONSUME_CHECK_CONSUMER) timestamp=12104 ms, used_size=5842944 bytes (14.3%)
(RDMA_READ_CONSUME_CHECK_CONSUMER) timestamp=12104 ms, used_size=5840896 bytes (14.3%)
(RDMA_READ_CONSUME_CHECK_CONSUMER) timestamp=12104 ms, used_size=5838848 bytes (14.3%)
(RDMA_READ_CONSUME_CHECK_CONSUMER) timestamp=12104 ms, used_size=5836800 bytes (14.2%)
(RDMA_READ_CONSUME_CHECK_CONSUMER) timestamp=12104 ms, used_size=5834752 bytes (14.2%)
(RDMA_READ_CONSUME_CHECK_CONSUMER) timestamp=12104 ms, used_size=5832704 bytes (14.2%)
(RDMA_READ_CONSUME_CHECK_CONSUMER) timestamp=12104 ms, used_size=5830656 bytes (14.2%)
(RDMA_READ_CONSUME_CHECK_CONSUMER) timestamp=12104 ms, used_size=5828608 bytes (14.2%)
(RDMA_READ_CONSUME_CHECK_CONSUMER) timestamp=12104 ms, used_size=5826560 bytes (14.2%)
(RDMA_READ_CONSUME_CHECK_CONSUMER) timestamp=12104 ms, used_size=5824512 bytes (14.2%)
(RDMA_READ_CONSUME_CHECK_CONSUMER) timestamp=12104 ms, used_size=5822464 bytes (14.2%)
(RDMA_READ_CONSUME_CHECK_CONSUMER) timestamp=12104 ms, used_size=5820416 bytes (14.2%)
(RDMA_READ_CONSUME_CHECK_CONSUMER) timestamp=12104 ms, used_size=5818368 bytes (14.2%)
(RDMA_READ_CONSUME_CHECK_CONSUMER) timestamp=12104 ms, used_size=5816320 bytes (14.2%)
(RDMA_READ_CONSUME_CHECK_CONSUMER) timestamp=12104 ms, used_size=5814272 bytes (14.2%)
(RDMA_READ_CONSUME_CHECK_CONSUMER) timestamp=12104 ms, used_size=5812224 bytes (14.2%)
(RDMA_READ_CONSUME_CHECK_CONSUMER) timestamp=12104 ms, used_size=5810176 bytes (14.2%)
(RDMA_READ_CONSUME_CHECK_CONSUMER) timestamp=12104 ms, used_size=5808128 bytes (14.2%)
(RDMA_READ_CONSUME_CHECK_CONSUMER) timestamp=12104 ms, used_size=5806080 bytes (14.2%)
(RDMA_READ_CONSUME_CHECK_CONSUMER) timestamp=12104 ms, used_size=5804032 bytes (14.2%)
(RDMA_READ_CONSUME_CHECK_CONSUMER) timestamp=12104 ms, used_size=5801984 bytes (14.2%)
(RDMA_READ_CONSUME_CHECK_CONSUMER) timestamp=12104 ms, used_size=5799936 bytes (14.2%)
(RDMA_READ_CONSUME_CHECK_CONSUMER) timestamp=12104 ms, used_size=5797888 bytes (14.2%)
(RDMA_READ_CONSUME_CHECK_CONSUMER) timestamp=12104 ms, used_size=5795840 bytes (14.2%)
(RDMA_READ_CONSUME_CHECK_CONSUMER) timestamp=12104 ms, used_size=5793792 bytes (14.1%)
(RDMA_READ_CONSUME_CHECK_CONSUMER) timestamp=12104 ms, used_size=5791744 bytes (14.1%)
(RDMA_READ_CONSUME_CHECK_CONSUMER) timestamp=12104 ms, used_size=5789696 bytes (14.1%)
(RDMA_READ_CONSUME_CHECK_CONSUMER) timestamp=12104 ms, used_size=5787648 bytes (14.1%)
(RDMA_READ_CONSUME_CHECK_CONSUMER) timestamp=12104 ms, used_size=5785600 bytes (14.1%)
(RDMA_READ_CONSUME_CHECK_CONSUMER) timestamp=12104 ms, used_size=5783552 bytes (14.1%)
(RDMA_READ_CONSUME_CHECK_CONSUMER) timestamp=12104 ms, used_size=5781504 bytes (14.1%)
(RDMA_READ_CONSUME_CHECK_CONSUMER) timestamp=12104 ms, used_size=5779456 bytes (14.1%)
(RDMA_READ_CONSUME_CHECK_CONSUMER) timestamp=12104 ms, used_size=5777408 bytes (14.1%)
(RDMA_READ_CONSUME_CHECK_CONSUMER) timestamp=12104 ms, used_size=5775360 bytes (14.1%)
(RDMA_READ_CONSUME_CHECK_CONSUMER) timestamp=12104 ms, used_size=5773312 bytes (14.1%)
(RDMA_READ_CONSUME_CHECK_CONSUMER) timestamp=12104 ms, used_size=5771264 bytes (14.1%)
(RDMA_READ_CONSUME_CHECK_CONSUMER) timestamp=12104 ms, used_size=5769216 bytes (14.1%)
(RDMA_READ_CONSUME_CHECK_CONSUMER) timestamp=12104 ms, used_size=5767168 bytes (14.1%)
(RDMA_READ_CONSUME_CHECK_CONSUMER) timestamp=12104 ms, used_size=5765120 bytes (14.1%)
(RDMA_READ_CONSUME_CHECK_CONSUMER) timestamp=12104 ms, used_size=5763072 bytes (14.1%)
(RDMA_READ_CONSUME_CHECK_CONSUMER) timestamp=12104 ms, used_size=5761024 bytes (14.1%)
(RDMA_READ_CONSUME_CHECK_CONSUMER) timestamp=12104 ms, used_size=5758976 bytes (14.1%)
(RDMA_READ_CONSUME_CHECK_CONSUMER) timestamp=12104 ms, used_size=5756928 bytes (14.1%)
(RDMA_READ_CONSUME_CHECK_CONSUMER) timestamp=12104 ms, used_size=5754880 bytes (14.1%)
(RDMA_READ_CONSUME_CHECK_CONSUMER) timestamp=12104 ms, used_size=5752832 bytes (14.0%)
(RDMA_READ_CONSUME_CHECK_CONSUMER) timestamp=12105 ms, used_size=5750784 bytes (14.0%)
(RDMA_READ_CONSUME_CHECK_CONSUMER) timestamp=12105 ms, used_size=5748736 bytes (14.0%)
(RDMA_READ_CONSUME_CHECK_CONSUMER) timestamp=12105 ms, used_size=5746688 bytes (14.0%)
(RDMA_READ_CONSUME_CHECK_CONSUMER) timestamp=12105 ms, used_size=5744640 bytes (14.0%)
(RDMA_READ_CONSUME_CHECK_CONSUMER) timestamp=12105 ms, used_size=5742592 bytes (14.0%)
(RDMA_READ_CONSUME_CHECK_CONSUMER) timestamp=12105 ms, used_size=5740544 bytes (14.0%)
(RDMA_READ_CONSUME_CHECK_CONSUMER) timestamp=12105 ms, used_size=5738496 bytes (14.0%)
(RDMA_READ_CONSUME_CHECK_CONSUMER) timestamp=12105 ms, used_size=5736448 bytes (14.0%)
(RDMA_READ_CONSUME_CHECK_CONSUMER) timestamp=12105 ms, used_size=5734400 bytes (14.0%)
(RDMA_READ_CONSUME_CHECK_CONSUMER) timestamp=12105 ms, used_size=5732352 bytes (14.0%)
(RDMA_READ_CONSUME_CHECK_CONSUMER) timestamp=12105 ms, used_size=5730304 bytes (14.0%)
(RDMA_READ_CONSUME_CHECK_CONSUMER) timestamp=12105 ms, used_size=5728256 bytes (14.0%)
(RDMA_READ_CONSUME_CHECK_CONSUMER) timestamp=12105 ms, used_size=5726208 bytes (14.0%)
(RDMA_READ_CONSUME_CHECK_CONSUMER) timestamp=12105 ms, used_size=5724160 bytes (14.0%)
(RDMA_READ_CONSUME_CHECK_CONSUMER) timestamp=12105 ms, used_size=5722112 bytes (14.0%)
(RDMA_READ_CONSUME_CHECK_CONSUMER) timestamp=12105 ms, used_size=5720064 bytes (14.0%)
(RDMA_READ_CONSUME_CHECK_CONSUMER) timestamp=12105 ms, used_size=5718016 bytes (14.0%)
(RDMA_READ_CONSUME_CHECK_CONSUMER) timestamp=12105 ms, used_size=5715968 bytes (14.0%)
(RDMA_READ_CONSUME_CHECK_CONSUMER) timestamp=12105 ms, used_size=5713920 bytes (13.9%)
(RDMA_READ_CONSUME_CHECK_CONSUMER) timestamp=12105 ms, used_size=5711872 bytes (13.9%)
(RDMA_READ_CONSUME_CHECK_CONSUMER) timestamp=12105 ms, used_size=5709824 bytes (13.9%)
(RDMA_READ_CONSUME_CHECK_CONSUMER) timestamp=12105 ms, used_size=5707776 bytes (13.9%)
(RDMA_READ_CONSUME_CHECK_CONSUMER) timestamp=12105 ms, used_size=5705728 bytes (13.9%)
(RDMA_READ_CONSUME_CHECK_CONSUMER) timestamp=12105 ms, used_size=5703680 bytes (13.9%)
(RDMA_READ_CONSUME_CHECK_CONSUMER) timestamp=12105 ms, used_size=5701632 bytes (13.9%)
(RDMA_READ_CONSUME_CHECK_CONSUMER) timestamp=12105 ms, used_size=5699584 bytes (13.9%)
(RDMA_READ_CONSUME_CHECK_CONSUMER) timestamp=12105 ms, used_size=5697536 bytes (13.9%)
(RDMA_READ_CONSUME_CHECK_CONSUMER) timestamp=12105 ms, used_size=5695488 bytes (13.9%)
(RDMA_READ_CONSUME_CHECK_CONSUMER) timestamp=12105 ms, used_size=5693440 bytes (13.9%)
(RDMA_READ_CONSUME_CHECK_CONSUMER) timestamp=12105 ms, used_size=5691392 bytes (13.9%)
(RDMA_READ_CONSUME_CHECK_CONSUMER) timestamp=12105 ms, used_size=5689344 bytes (13.9%)
(RDMA_READ_CONSUME_CHECK_CONSUMER) timestamp=12105 ms, used_size=5687296 bytes (13.9%)
(RDMA_READ_CONSUME_CHECK_CONSUMER) timestamp=12105 ms, used_size=5685248 bytes (13.9%)
(RDMA_READ_CONSUME_CHECK_CONSUMER) timestamp=12105 ms, used_size=5683200 bytes (13.9%)
(RDMA_READ_CONSUME_CHECK_CONSUMER) timestamp=12105 ms, used_size=5681152 bytes (13.9%)
(RDMA_READ_CONSUME_CHECK_CONSUMER) timestamp=12105 ms, used_size=5679104 bytes (13.9%)
(RDMA_READ_CONSUME_CHECK_CONSUMER) timestamp=12105 ms, used_size=5677056 bytes (13.9%)
(RDMA_READ_CONSUME_CHECK_CONSUMER) timestamp=12105 ms, used_size=5675008 bytes (13.9%)
(RDMA_READ_CONSUME_CHECK_CONSUMER) timestamp=12105 ms, used_size=5672960 bytes (13.8%)
(RDMA_READ_CONSUME_CHECK_CONSUMER) timestamp=12105 ms, used_size=5670912 bytes (13.8%)
(RDMA_READ_CONSUME_CHECK_CONSUMER) timestamp=12105 ms, used_size=5668864 bytes (13.8%)
(RDMA_READ_CONSUME_CHECK_CONSUMER) timestamp=12105 ms, used_size=5666816 bytes (13.8%)
(RDMA_READ_CONSUME_CHECK_CONSUMER) timestamp=12105 ms, used_size=5664768 bytes (13.8%)
(RDMA_READ_CONSUME_CHECK_CONSUMER) timestamp=12105 ms, used_size=5662720 bytes (13.8%)
(RDMA_READ_CONSUME_CHECK_CONSUMER) timestamp=12105 ms, used_size=5660672 bytes (13.8%)
(RDMA_READ_CONSUME_CHECK_CONSUMER) timestamp=12105 ms, used_size=5658624 bytes (13.8%)
(RDMA_READ_CONSUME_CHECK_CONSUMER) timestamp=12105 ms, used_size=5656576 bytes (13.8%)
(RDMA_READ_CONSUME_CHECK_CONSUMER) timestamp=12105 ms, used_size=5654528 bytes (13.8%)
(RDMA_READ_CONSUME_CHECK_CONSUMER) timestamp=12105 ms, used_size=5652480 bytes (13.8%)
(RDMA_READ_CONSUME_CHECK_CONSUMER) timestamp=12105 ms, used_size=5650432 bytes (13.8%)
(RDMA_READ_CONSUME_CHECK_CONSUMER) timestamp=12105 ms, used_size=5648384 bytes (13.8%)
(RDMA_READ_CONSUME_CHECK_CONSUMER) timestamp=12105 ms, used_size=5646336 bytes (13.8%)
(RDMA_READ_CONSUME_CHECK_CONSUMER) timestamp=12105 ms, used_size=5644288 bytes (13.8%)
(RDMA_READ_CONSUME_CHECK_CONSUMER) timestamp=12105 ms, used_size=5642240 bytes (13.8%)
(RDMA_READ_CONSUME_CHECK_CONSUMER) timestamp=12105 ms, used_size=5640192 bytes (13.8%)
(RDMA_READ_CONSUME_CHECK_CONSUMER) timestamp=12105 ms, used_size=5638144 bytes (13.8%)
(RDMA_READ_CONSUME_CHECK_CONSUMER) timestamp=12105 ms, used_size=5636096 bytes (13.8%)
(RDMA_READ_CONSUME_CHECK_CONSUMER) timestamp=12105 ms, used_size=5634048 bytes (13.8%)
(RDMA_READ_CONSUME_CHECK_CONSUMER) timestamp=12105 ms, used_size=5632000 bytes (13.8%)
(RDMA_READ_CONSUME_CHECK_CONSUMER) timestamp=12105 ms, used_size=5629952 bytes (13.7%)
(RDMA_READ_CONSUME_CHECK_CONSUMER) timestamp=12105 ms, used_size=5627904 bytes (13.7%)
(RDMA_READ_CONSUME_CHECK_CONSUMER) timestamp=12105 ms, used_size=5625856 bytes (13.7%)
(RDMA_READ_CONSUME_CHECK_CONSUMER) timestamp=12105 ms, used_size=5623808 bytes (13.7%)
(RDMA_READ_CONSUME_CHECK_CONSUMER) timestamp=12105 ms, used_size=5621760 bytes (13.7%)
(RDMA_READ_CONSUME_CHECK_CONSUMER) timestamp=12105 ms, used_size=5619712 bytes (13.7%)
(RDMA_READ_CONSUME_CHECK_CONSUMER) timestamp=12105 ms, used_size=5617664 bytes (13.7%)
(RDMA_READ_CONSUME_CHECK_CONSUMER) timestamp=12105 ms, used_size=5615616 bytes (13.7%)
(RDMA_READ_CONSUME_CHECK_CONSUMER) timestamp=12105 ms, used_size=5613568 bytes (13.7%)
(RDMA_READ_CONSUME_CHECK_CONSUMER) timestamp=12105 ms, used_size=5611520 bytes (13.7%)
(RDMA_READ_CONSUME_CHECK_CONSUMER) timestamp=12105 ms, used_size=5609472 bytes (13.7%)
(RDMA_READ_CONSUME_CHECK_CONSUMER) timestamp=12105 ms, used_size=5607424 bytes (13.7%)
(RDMA_READ_CONSUME_CHECK_CONSUMER) timestamp=12105 ms, used_size=5605376 bytes (13.7%)
(RDMA_READ_CONSUME_CHECK_CONSUMER) timestamp=12105 ms, used_size=5603328 bytes (13.7%)
(RDMA_READ_CONSUME_CHECK_CONSUMER) timestamp=12105 ms, used_size=5601280 bytes (13.7%)
(RDMA_READ_CONSUME_CHECK_CONSUMER) timestamp=12105 ms, used_size=5599232 bytes (13.7%)
(RDMA_READ_CONSUME_CHECK_CONSUMER) timestamp=12105 ms, used_size=5597184 bytes (13.7%)
(RDMA_READ_CONSUME_CHECK_CONSUMER) timestamp=12105 ms, used_size=5595136 bytes (13.7%)
(RDMA_READ_CONSUME_CHECK_CONSUMER) timestamp=12105 ms, used_size=5593088 bytes (13.7%)
(RDMA_READ_CONSUME_CHECK_CONSUMER) timestamp=12105 ms, used_size=5591040 bytes (13.7%)
(RDMA_READ_CONSUME_CHECK_CONSUMER) timestamp=12105 ms, used_size=5588992 bytes (13.6%)
(RDMA_READ_CONSUME_CHECK_CONSUMER) timestamp=12105 ms, used_size=5586944 bytes (13.6%)
(RDMA_READ_CONSUME_CHECK_CONSUMER) timestamp=12105 ms, used_size=5584896 bytes (13.6%)
(RDMA_READ_CONSUME_CHECK_CONSUMER) timestamp=12105 ms, used_size=5582848 bytes (13.6%)
(RDMA_READ_CONSUME_CHECK_CONSUMER) timestamp=12105 ms, used_size=5580800 bytes (13.6%)
(RDMA_READ_CONSUME_CHECK_CONSUMER) timestamp=12105 ms, used_size=5578752 bytes (13.6%)
(RDMA_READ_CONSUME_CHECK_CONSUMER) timestamp=12105 ms, used_size=5576704 bytes (13.6%)
(RDMA_READ_CONSUME_CHECK_CONSUMER) timestamp=12105 ms, used_size=5574656 bytes (13.6%)
(RDMA_READ_CONSUME_CHECK_CONSUMER) timestamp=12105 ms, used_size=5572608 bytes (13.6%)
(RDMA_READ_CONSUME_CHECK_CONSUMER) timestamp=12105 ms, used_size=5570560 bytes (13.6%)
(RDMA_READ_CONSUME_CHECK_CONSUMER) timestamp=12105 ms, used_size=5568512 bytes (13.6%)
(RDMA_READ_CONSUME_CHECK_CONSUMER) timestamp=12105 ms, used_size=5566464 bytes (13.6%)
(RDMA_READ_CONSUME_CHECK_CONSUMER) timestamp=12105 ms, used_size=5564416 bytes (13.6%)
(RDMA_READ_CONSUME_CHECK_CONSUMER) timestamp=12105 ms, used_size=5562368 bytes (13.6%)
(RDMA_READ_CONSUME_CHECK_CONSUMER) timestamp=12105 ms, used_size=5560320 bytes (13.6%)
(RDMA_READ_CONSUME_CHECK_CONSUMER) timestamp=12105 ms, used_size=5558272 bytes (13.6%)
(RDMA_READ_CONSUME_CHECK_CONSUMER) timestamp=12105 ms, used_size=5556224 bytes (13.6%)
(RDMA_READ_CONSUME_CHECK_CONSUMER) timestamp=12105 ms, used_size=5554176 bytes (13.6%)
(RDMA_READ_CONSUME_CHECK_CONSUMER) timestamp=12105 ms, used_size=5552128 bytes (13.6%)
(RDMA_READ_CONSUME_CHECK_CONSUMER) timestamp=12105 ms, used_size=5550080 bytes (13.6%)
(RDMA_READ_CONSUME_CHECK_CONSUMER) timestamp=12105 ms, used_size=5548032 bytes (13.5%)
(RDMA_READ_CONSUME_CHECK_CONSUMER) timestamp=12105 ms, used_size=5545984 bytes (13.5%)
(RDMA_READ_CONSUME_CHECK_CONSUMER) timestamp=12105 ms, used_size=5543936 bytes (13.5%)
(RDMA_READ_CONSUME_CHECK_CONSUMER) timestamp=12105 ms, used_size=5541888 bytes (13.5%)
(RDMA_READ_CONSUME_CHECK_CONSUMER) timestamp=12105 ms, used_size=5539840 bytes (13.5%)
(RDMA_READ_CONSUME_CHECK_CONSUMER) timestamp=12105 ms, used_size=5537792 bytes (13.5%)
(RDMA_READ_CONSUME_CHECK_CONSUMER) timestamp=12105 ms, used_size=5535744 bytes (13.5%)
(RDMA_READ_CONSUME_CHECK_CONSUMER) timestamp=12105 ms, used_size=5533696 bytes (13.5%)
(RDMA_READ_CONSUME_CHECK_CONSUMER) timestamp=12105 ms, used_size=5531648 bytes (13.5%)
(RDMA_READ_CONSUME_CHECK_CONSUMER) timestamp=12105 ms, used_size=5529600 bytes (13.5%)
(RDMA_READ_CONSUME_CHECK_CONSUMER) timestamp=12105 ms, used_size=5527552 bytes (13.5%)
(RDMA_READ_CONSUME_CHECK_CONSUMER) timestamp=12105 ms, used_size=5525504 bytes (13.5%)
(RDMA_READ_CONSUME_CHECK_CONSUMER) timestamp=12105 ms, used_size=5523456 bytes (13.5%)
(RDMA_READ_CONSUME_CHECK_CONSUMER) timestamp=12105 ms, used_size=5521408 bytes (13.5%)
(RDMA_READ_CONSUME_CHECK_CONSUMER) timestamp=12105 ms, used_size=5519360 bytes (13.5%)
(RDMA_READ_CONSUME_CHECK_CONSUMER) timestamp=12105 ms, used_size=5517312 bytes (13.5%)
(RDMA_READ_CONSUME_CHECK_CONSUMER) timestamp=12105 ms, used_size=5515264 bytes (13.5%)
(RDMA_READ_CONSUME_CHECK_CONSUMER) timestamp=12105 ms, used_size=5513216 bytes (13.5%)
(RDMA_READ_CONSUME_CHECK_CONSUMER) timestamp=12105 ms, used_size=5511168 bytes (13.5%)
(RDMA_READ_CONSUME_CHECK_CONSUMER) timestamp=12105 ms, used_size=5509120 bytes (13.4%)
(RDMA_READ_CONSUME_CHECK_CONSUMER) timestamp=12105 ms, used_size=5507072 bytes (13.4%)
(RDMA_READ_CONSUME_CHECK_CONSUMER) timestamp=12105 ms, used_size=5505024 bytes (13.4%)
(RDMA_READ_CONSUME_CHECK_CONSUMER) timestamp=12105 ms, used_size=5502976 bytes (13.4%)
(RDMA_READ_CONSUME_CHECK_CONSUMER) timestamp=12105 ms, used_size=5500928 bytes (13.4%)
(RDMA_READ_CONSUME_CHECK_CONSUMER) timestamp=12105 ms, used_size=5498880 bytes (13.4%)
(RDMA_READ_CONSUME_CHECK_CONSUMER) timestamp=12105 ms, used_size=5496832 bytes (13.4%)
(RDMA_READ_CONSUME_CHECK_CONSUMER) timestamp=12105 ms, used_size=5494784 bytes (13.4%)
(RDMA_READ_CONSUME_CHECK_CONSUMER) timestamp=12105 ms, used_size=5492736 bytes (13.4%)
(RDMA_READ_CONSUME_CHECK_CONSUMER) timestamp=12105 ms, used_size=5490688 bytes (13.4%)
(RDMA_READ_CONSUME_CHECK_CONSUMER) timestamp=12105 ms, used_size=5488640 bytes (13.4%)
(RDMA_READ_CONSUME_CHECK_CONSUMER) timestamp=12105 ms, used_size=5486592 bytes (13.4%)
(RDMA_READ_CONSUME_CHECK_CONSUMER) timestamp=12105 ms, used_size=5484544 bytes (13.4%)
(RDMA_READ_CONSUME_CHECK_CONSUMER) timestamp=12105 ms, used_size=5482496 bytes (13.4%)
(RDMA_READ_CONSUME_CHECK_CONSUMER) timestamp=12105 ms, used_size=5480448 bytes (13.4%)
(RDMA_READ_CONSUME_CHECK_CONSUMER) timestamp=12105 ms, used_size=5478400 bytes (13.4%)
(RDMA_READ_CONSUME_CHECK_CONSUMER) timestamp=12105 ms, used_size=5476352 bytes (13.4%)
(RDMA_READ_CONSUME_CHECK_CONSUMER) timestamp=12105 ms, used_size=5474304 bytes (13.4%)
(RDMA_READ_CONSUME_CHECK_CONSUMER) timestamp=12105 ms, used_size=5472256 bytes (13.4%)
(RDMA_READ_CONSUME_CHECK_CONSUMER) timestamp=12105 ms, used_size=5470208 bytes (13.4%)
(RDMA_READ_CONSUME_CHECK_CONSUMER) timestamp=12105 ms, used_size=5468160 bytes (13.3%)
(RDMA_READ_CONSUME_CHECK_CONSUMER) timestamp=12105 ms, used_size=5466112 bytes (13.3%)
(RDMA_READ_CONSUME_CHECK_CONSUMER) timestamp=12105 ms, used_size=5464064 bytes (13.3%)
(RDMA_READ_CONSUME_CHECK_CONSUMER) timestamp=12105 ms, used_size=5462016 bytes (13.3%)
(RDMA_READ_CONSUME_CHECK_CONSUMER) timestamp=12105 ms, used_size=5459968 bytes (13.3%)
(RDMA_READ_CONSUME_CHECK_CONSUMER) timestamp=12105 ms, used_size=5457920 bytes (13.3%)
(RDMA_READ_CONSUME_CHECK_CONSUMER) timestamp=12105 ms, used_size=5455872 bytes (13.3%)
(RDMA_READ_CONSUME_CHECK_CONSUMER) timestamp=12105 ms, used_size=5453824 bytes (13.3%)
(RDMA_READ_CONSUME_CHECK_CONSUMER) timestamp=12105 ms, used_size=5451776 bytes (13.3%)
(RDMA_READ_CONSUME_CHECK_CONSUMER) timestamp=12105 ms, used_size=5449728 bytes (13.3%)
(RDMA_READ_CONSUME_CHECK_CONSUMER) timestamp=12105 ms, used_size=5447680 bytes (13.3%)
(RDMA_READ_CONSUME_CHECK_CONSUMER) timestamp=12105 ms, used_size=5445632 bytes (13.3%)
(RDMA_READ_CONSUME_CHECK_CONSUMER) timestamp=12105 ms, used_size=5443584 bytes (13.3%)
(RDMA_READ_CONSUME_CHECK_CONSUMER) timestamp=12105 ms, used_size=5441536 bytes (13.3%)
(RDMA_READ_CONSUME_CHECK_CONSUMER) timestamp=12105 ms, used_size=5439488 bytes (13.3%)
(RDMA_READ_CONSUME_CHECK_CONSUMER) timestamp=12105 ms, used_size=5437440 bytes (13.3%)
(RDMA_READ_CONSUME_CHECK_CONSUMER) timestamp=12105 ms, used_size=5435392 bytes (13.3%)
(RDMA_READ_CONSUME_CHECK_CONSUMER) timestamp=12105 ms, used_size=5433344 bytes (13.3%)
(RDMA_READ_CONSUME_CHECK_CONSUMER) timestamp=12105 ms, used_size=5431296 bytes (13.3%)
(RDMA_READ_CONSUME_CHECK_CONSUMER) timestamp=12105 ms, used_size=5429248 bytes (13.3%)
(RDMA_READ_CONSUME_CHECK_CONSUMER) timestamp=12105 ms, used_size=5427200 bytes (13.2%)
(RDMA_READ_CONSUME_CHECK_CONSUMER) timestamp=12105 ms, used_size=5425152 bytes (13.2%)
(RDMA_READ_CONSUME_CHECK_CONSUMER) timestamp=12105 ms, used_size=5423104 bytes (13.2%)
(RDMA_READ_CONSUME_CHECK_CONSUMER) timestamp=12105 ms, used_size=5421056 bytes (13.2%)
(RDMA_READ_CONSUME_CHECK_CONSUMER) timestamp=12105 ms, used_size=5419008 bytes (13.2%)
(RDMA_READ_CONSUME_CHECK_CONSUMER) timestamp=12105 ms, used_size=5416960 bytes (13.2%)
(RDMA_READ_CONSUME_CHECK_CONSUMER) timestamp=12105 ms, used_size=5414912 bytes (13.2%)
(RDMA_READ_CONSUME_CHECK_CONSUMER) timestamp=12105 ms, used_size=5412864 bytes (13.2%)
(RDMA_READ_CONSUME_CHECK_CONSUMER) timestamp=12105 ms, used_size=5410816 bytes (13.2%)
(RDMA_READ_CONSUME_CHECK_CONSUMER) timestamp=12105 ms, used_size=5408768 bytes (13.2%)
(RDMA_READ_CONSUME_CHECK_CONSUMER) timestamp=12105 ms, used_size=5406720 bytes (13.2%)
(RDMA_READ_CONSUME_CHECK_CONSUMER) timestamp=12105 ms, used_size=5404672 bytes (13.2%)
(RDMA_READ_CONSUME_CHECK_CONSUMER) timestamp=12105 ms, used_size=5402624 bytes (13.2%)
(RDMA_READ_CONSUME_CHECK_CONSUMER) timestamp=12105 ms, used_size=5400576 bytes (13.2%)
(RDMA_READ_CONSUME_CHECK_CONSUMER) timestamp=12106 ms, used_size=5398528 bytes (13.2%)
(RDMA_READ_CONSUME_CHECK_CONSUMER) timestamp=12106 ms, used_size=5396480 bytes (13.2%)
(RDMA_READ_CONSUME_CHECK_CONSUMER) timestamp=12106 ms, used_size=5394432 bytes (13.2%)
(RDMA_READ_CONSUME_CHECK_CONSUMER) timestamp=12106 ms, used_size=5392384 bytes (13.2%)
(RDMA_READ_CONSUME_CHECK_CONSUMER) timestamp=12106 ms, used_size=5390336 bytes (13.2%)
(RDMA_READ_CONSUME_CHECK_CONSUMER) timestamp=12106 ms, used_size=5388288 bytes (13.2%)
(RDMA_READ_CONSUME_CHECK_CONSUMER) timestamp=12106 ms, used_size=5386240 bytes (13.2%)
(RDMA_READ_CONSUME_CHECK_CONSUMER) timestamp=12106 ms, used_size=5384192 bytes (13.1%)
(RDMA_READ_CONSUME_CHECK_CONSUMER) timestamp=12106 ms, used_size=5382144 bytes (13.1%)
(RDMA_READ_CONSUME_CHECK_CONSUMER) timestamp=12106 ms, used_size=5380096 bytes (13.1%)
(RDMA_READ_CONSUME_CHECK_CONSUMER) timestamp=12106 ms, used_size=5378048 bytes (13.1%)
(RDMA_READ_CONSUME_CHECK_CONSUMER) timestamp=12106 ms, used_size=5376000 bytes (13.1%)
(RDMA_READ_CONSUME_CHECK_CONSUMER) timestamp=12106 ms, used_size=5373952 bytes (13.1%)
(RDMA_READ_CONSUME_CHECK_CONSUMER) timestamp=12106 ms, used_size=5371904 bytes (13.1%)
(RDMA_READ_CONSUME_CHECK_CONSUMER) timestamp=12106 ms, used_size=5369856 bytes (13.1%)
(RDMA_READ_CONSUME_CHECK_CONSUMER) timestamp=12106 ms, used_size=5367808 bytes (13.1%)
(RDMA_READ_CONSUME_CHECK_CONSUMER) timestamp=12106 ms, used_size=5365760 bytes (13.1%)
(RDMA_READ_CONSUME_CHECK_CONSUMER) timestamp=12106 ms, used_size=5363712 bytes (13.1%)
(RDMA_READ_CONSUME_CHECK_CONSUMER) timestamp=12106 ms, used_size=5361664 bytes (13.1%)
(RDMA_READ_CONSUME_CHECK_CONSUMER) timestamp=12106 ms, used_size=5359616 bytes (13.1%)
(RDMA_READ_CONSUME_CHECK_CONSUMER) timestamp=12106 ms, used_size=5357568 bytes (13.1%)
(RDMA_READ_CONSUME_CHECK_CONSUMER) timestamp=12106 ms, used_size=5355520 bytes (13.1%)
(RDMA_READ_CONSUME_CHECK_CONSUMER) timestamp=12106 ms, used_size=5353472 bytes (13.1%)
(RDMA_READ_CONSUME_CHECK_CONSUMER) timestamp=12106 ms, used_size=5351424 bytes (13.1%)
(RDMA_READ_CONSUME_CHECK_CONSUMER) timestamp=12106 ms, used_size=5349376 bytes (13.1%)
(RDMA_READ_CONSUME_CHECK_CONSUMER) timestamp=12106 ms, used_size=5347328 bytes (13.1%)
(RDMA_READ_CONSUME_CHECK_CONSUMER) timestamp=12106 ms, used_size=5345280 bytes (13.1%)
(RDMA_READ_CONSUME_CHECK_CONSUMER) timestamp=12106 ms, used_size=5343232 bytes (13.0%)
(RDMA_READ_CONSUME_CHECK_CONSUMER) timestamp=12106 ms, used_size=5341184 bytes (13.0%)
(RDMA_READ_CONSUME_CHECK_CONSUMER) timestamp=12106 ms, used_size=5339136 bytes (13.0%)
(RDMA_READ_CONSUME_CHECK_CONSUMER) timestamp=12106 ms, used_size=5337088 bytes (13.0%)
(RDMA_READ_CONSUME_CHECK_CONSUMER) timestamp=12106 ms, used_size=5335040 bytes (13.0%)
(RDMA_READ_CONSUME_CHECK_CONSUMER) timestamp=12106 ms, used_size=5332992 bytes (13.0%)
(RDMA_READ_CONSUME_CHECK_CONSUMER) timestamp=12106 ms, used_size=5330944 bytes (13.0%)
(RDMA_READ_CONSUME_CHECK_CONSUMER) timestamp=12106 ms, used_size=5328896 bytes (13.0%)
(RDMA_READ_CONSUME_CHECK_CONSUMER) timestamp=12106 ms, used_size=5326848 bytes (13.0%)
(RDMA_READ_CONSUME_CHECK_CONSUMER) timestamp=12106 ms, used_size=5324800 bytes (13.0%)
(RDMA_READ_CONSUME_CHECK_CONSUMER) timestamp=12106 ms, used_size=5322752 bytes (13.0%)
(RDMA_READ_CONSUME_CHECK_CONSUMER) timestamp=12106 ms, used_size=5320704 bytes (13.0%)
(RDMA_READ_CONSUME_CHECK_CONSUMER) timestamp=12106 ms, used_size=5318656 bytes (13.0%)
(RDMA_READ_CONSUME_CHECK_CONSUMER) timestamp=12106 ms, used_size=5316608 bytes (13.0%)
(RDMA_READ_CONSUME_CHECK_CONSUMER) timestamp=12106 ms, used_size=5314560 bytes (13.0%)
(RDMA_READ_CONSUME_CHECK_CONSUMER) timestamp=12106 ms, used_size=5312512 bytes (13.0%)
(RDMA_READ_CONSUME_CHECK_CONSUMER) timestamp=12106 ms, used_size=5310464 bytes (13.0%)
(RDMA_READ_CONSUME_CHECK_CONSUMER) timestamp=12106 ms, used_size=5308416 bytes (13.0%)
(RDMA_READ_CONSUME_CHECK_CONSUMER) timestamp=12106 ms, used_size=5306368 bytes (13.0%)
(RDMA_READ_CONSUME_CHECK_CONSUMER) timestamp=12106 ms, used_size=5304320 bytes (12.9%)
(RDMA_READ_CONSUME_CHECK_CONSUMER) timestamp=12106 ms, used_size=5302272 bytes (12.9%)
(RDMA_READ_CONSUME_CHECK_CONSUMER) timestamp=12106 ms, used_size=5300224 bytes (12.9%)
(RDMA_READ_CONSUME_CHECK_CONSUMER) timestamp=12106 ms, used_size=5298176 bytes (12.9%)
(RDMA_READ_CONSUME_CHECK_CONSUMER) timestamp=12106 ms, used_size=5296128 bytes (12.9%)
(RDMA_READ_CONSUME_CHECK_CONSUMER) timestamp=12106 ms, used_size=5294080 bytes (12.9%)
(RDMA_READ_CONSUME_CHECK_CONSUMER) timestamp=12106 ms, used_size=5292032 bytes (12.9%)
(RDMA_READ_CONSUME_CHECK_CONSUMER) timestamp=12106 ms, used_size=5289984 bytes (12.9%)
(RDMA_READ_CONSUME_CHECK_CONSUMER) timestamp=12106 ms, used_size=5287936 bytes (12.9%)
(RDMA_READ_CONSUME_CHECK_CONSUMER) timestamp=12106 ms, used_size=5285888 bytes (12.9%)
(RDMA_READ_CONSUME_CHECK_CONSUMER) timestamp=12106 ms, used_size=5283840 bytes (12.9%)
(RDMA_READ_CONSUME_CHECK_CONSUMER) timestamp=12106 ms, used_size=5281792 bytes (12.9%)
(RDMA_READ_CONSUME_CHECK_CONSUMER) timestamp=12106 ms, used_size=5279744 bytes (12.9%)
(RDMA_READ_CONSUME_CHECK_CONSUMER) timestamp=12106 ms, used_size=5277696 bytes (12.9%)
(RDMA_READ_CONSUME_CHECK_CONSUMER) timestamp=12106 ms, used_size=5275648 bytes (12.9%)
(RDMA_READ_CONSUME_CHECK_CONSUMER) timestamp=12106 ms, used_size=5273600 bytes (12.9%)
(RDMA_READ_CONSUME_CHECK_CONSUMER) timestamp=12106 ms, used_size=5271552 bytes (12.9%)
(RDMA_READ_CONSUME_CHECK_CONSUMER) timestamp=12106 ms, used_size=5269504 bytes (12.9%)
(RDMA_READ_CONSUME_CHECK_CONSUMER) timestamp=12106 ms, used_size=5267456 bytes (12.9%)
(RDMA_READ_CONSUME_CHECK_CONSUMER) timestamp=12106 ms, used_size=5265408 bytes (12.9%)
(RDMA_READ_CONSUME_CHECK_CONSUMER) timestamp=12106 ms, used_size=5263360 bytes (12.8%)
(RDMA_READ_CONSUME_CHECK_CONSUMER) timestamp=12106 ms, used_size=5261312 bytes (12.8%)
(RDMA_READ_CONSUME_CHECK_CONSUMER) timestamp=12106 ms, used_size=5259264 bytes (12.8%)
(RDMA_READ_CONSUME_CHECK_CONSUMER) timestamp=12106 ms, used_size=5257216 bytes (12.8%)
(RDMA_READ_CONSUME_CHECK_CONSUMER) timestamp=12106 ms, used_size=5255168 bytes (12.8%)
(RDMA_READ_CONSUME_CHECK_CONSUMER) timestamp=12106 ms, used_size=5253120 bytes (12.8%)
(RDMA_READ_CONSUME_CHECK_CONSUMER) timestamp=12106 ms, used_size=5251072 bytes (12.8%)
(RDMA_READ_CONSUME_CHECK_CONSUMER) timestamp=12106 ms, used_size=5249024 bytes (12.8%)
(RDMA_READ_CONSUME_CHECK_CONSUMER) timestamp=12106 ms, used_size=5246976 bytes (12.8%)
(RDMA_READ_CONSUME_CHECK_CONSUMER) timestamp=12106 ms, used_size=5244928 bytes (12.8%)
(RDMA_READ_CONSUME_CHECK_CONSUMER) timestamp=12106 ms, used_size=5242880 bytes (12.8%)
(RDMA_READ_CONSUME_CHECK_CONSUMER) timestamp=12106 ms, used_size=5240832 bytes (12.8%)
(RDMA_READ_CONSUME_CHECK_CONSUMER) timestamp=12106 ms, used_size=5238784 bytes (12.8%)
(RDMA_READ_CONSUME_CHECK_CONSUMER) timestamp=12106 ms, used_size=5236736 bytes (12.8%)
(RDMA_READ_CONSUME_CHECK_CONSUMER) timestamp=12106 ms, used_size=5234688 bytes (12.8%)
(RDMA_READ_CONSUME_CHECK_CONSUMER) timestamp=12106 ms, used_size=5232640 bytes (12.8%)
(RDMA_READ_CONSUME_CHECK_CONSUMER) timestamp=12106 ms, used_size=5230592 bytes (12.8%)
(RDMA_READ_CONSUME_CHECK_CONSUMER) timestamp=12106 ms, used_size=5228544 bytes (12.8%)
(RDMA_READ_CONSUME_CHECK_CONSUMER) timestamp=12106 ms, used_size=5226496 bytes (12.8%)
(RDMA_READ_CONSUME_CHECK_CONSUMER) timestamp=12106 ms, used_size=5224448 bytes (12.8%)
(RDMA_READ_CONSUME_CHECK_CONSUMER) timestamp=12106 ms, used_size=5222400 bytes (12.8%)
(RDMA_READ_CONSUME_CHECK_CONSUMER) timestamp=12106 ms, used_size=5220352 bytes (12.7%)
(RDMA_READ_CONSUME_CHECK_CONSUMER) timestamp=12106 ms, used_size=5218304 bytes (12.7%)
(RDMA_READ_CONSUME_CHECK_CONSUMER) timestamp=12106 ms, used_size=5216256 bytes (12.7%)
(RDMA_READ_CONSUME_CHECK_CONSUMER) timestamp=12106 ms, used_size=5214208 bytes (12.7%)
(RDMA_READ_CONSUME_CHECK_CONSUMER) timestamp=12106 ms, used_size=5212160 bytes (12.7%)
(RDMA_READ_CONSUME_CHECK_CONSUMER) timestamp=12106 ms, used_size=5210112 bytes (12.7%)
(RDMA_READ_CONSUME_CHECK_CONSUMER) timestamp=12106 ms, used_size=5208064 bytes (12.7%)
(RDMA_READ_CONSUME_CHECK_CONSUMER) timestamp=12106 ms, used_size=5206016 bytes (12.7%)
(RDMA_READ_CONSUME_CHECK_CONSUMER) timestamp=12106 ms, used_size=5203968 bytes (12.7%)
(RDMA_READ_CONSUME_CHECK_CONSUMER) timestamp=12106 ms, used_size=5201920 bytes (12.7%)
(RDMA_READ_CONSUME_CHECK_CONSUMER) timestamp=12106 ms, used_size=5199872 bytes (12.7%)
(RDMA_READ_CONSUME_CHECK_CONSUMER) timestamp=12106 ms, used_size=5197824 bytes (12.7%)
(RDMA_READ_CONSUME_CHECK_CONSUMER) timestamp=12106 ms, used_size=5195776 bytes (12.7%)
(RDMA_READ_CONSUME_CHECK_CONSUMER) timestamp=12106 ms, used_size=5193728 bytes (12.7%)
(RDMA_READ_CONSUME_CHECK_CONSUMER) timestamp=12106 ms, used_size=5191680 bytes (12.7%)
(RDMA_READ_CONSUME_CHECK_CONSUMER) timestamp=12106 ms, used_size=5189632 bytes (12.7%)
(RDMA_READ_CONSUME_CHECK_CONSUMER) timestamp=12106 ms, used_size=5187584 bytes (12.7%)
(RDMA_READ_CONSUME_CHECK_CONSUMER) timestamp=12106 ms, used_size=5185536 bytes (12.7%)
(RDMA_READ_CONSUME_CHECK_CONSUMER) timestamp=12106 ms, used_size=5183488 bytes (12.7%)
(RDMA_READ_CONSUME_CHECK_CONSUMER) timestamp=12106 ms, used_size=5181440 bytes (12.7%)
(RDMA_READ_CONSUME_CHECK_CONSUMER) timestamp=12106 ms, used_size=5179392 bytes (12.6%)
(RDMA_READ_CONSUME_CHECK_CONSUMER) timestamp=12106 ms, used_size=5177344 bytes (12.6%)
(RDMA_READ_CONSUME_CHECK_CONSUMER) timestamp=12106 ms, used_size=5175296 bytes (12.6%)
(RDMA_READ_CONSUME_CHECK_CONSUMER) timestamp=12106 ms, used_size=5173248 bytes (12.6%)
(RDMA_READ_CONSUME_CHECK_CONSUMER) timestamp=12106 ms, used_size=5171200 bytes (12.6%)
(RDMA_READ_CONSUME_CHECK_CONSUMER) timestamp=12106 ms, used_size=5169152 bytes (12.6%)
(RDMA_READ_CONSUME_CHECK_CONSUMER) timestamp=12106 ms, used_size=5167104 bytes (12.6%)
(RDMA_READ_CONSUME_CHECK_CONSUMER) timestamp=12106 ms, used_size=5165056 bytes (12.6%)
(RDMA_READ_CONSUME_CHECK_CONSUMER) timestamp=12106 ms, used_size=5163008 bytes (12.6%)
(RDMA_READ_CONSUME_CHECK_CONSUMER) timestamp=12106 ms, used_size=5160960 bytes (12.6%)
(RDMA_READ_CONSUME_CHECK_CONSUMER) timestamp=12106 ms, used_size=5158912 bytes (12.6%)
(RDMA_READ_CONSUME_CHECK_CONSUMER) timestamp=12106 ms, used_size=5156864 bytes (12.6%)
(RDMA_READ_CONSUME_CHECK_CONSUMER) timestamp=12106 ms, used_size=5154816 bytes (12.6%)
(RDMA_READ_CONSUME_CHECK_CONSUMER) timestamp=12106 ms, used_size=5152768 bytes (12.6%)
(RDMA_READ_CONSUME_CHECK_CONSUMER) timestamp=12106 ms, used_size=5150720 bytes (12.6%)
(RDMA_READ_CONSUME_CHECK_CONSUMER) timestamp=12106 ms, used_size=5148672 bytes (12.6%)
(RDMA_READ_CONSUME_CHECK_CONSUMER) timestamp=12106 ms, used_size=5146624 bytes (12.6%)
(RDMA_READ_CONSUME_CHECK_CONSUMER) timestamp=12106 ms, used_size=5144576 bytes (12.6%)
(RDMA_READ_CONSUME_CHECK_CONSUMER) timestamp=12106 ms, used_size=5142528 bytes (12.6%)
(RDMA_READ_CONSUME_CHECK_CONSUMER) timestamp=12106 ms, used_size=5140480 bytes (12.6%)
(RDMA_READ_CONSUME_CHECK_CONSUMER) timestamp=12106 ms, used_size=5138432 bytes (12.5%)
(RDMA_READ_CONSUME_CHECK_CONSUMER) timestamp=12106 ms, used_size=5136384 bytes (12.5%)
(RDMA_READ_CONSUME_CHECK_CONSUMER) timestamp=12106 ms, used_size=5134336 bytes (12.5%)
(RDMA_READ_CONSUME_CHECK_CONSUMER) timestamp=12106 ms, used_size=5132288 bytes (12.5%)
(RDMA_READ_CONSUME_CHECK_CONSUMER) timestamp=12106 ms, used_size=5130240 bytes (12.5%)
(RDMA_READ_CONSUME_CHECK_CONSUMER) timestamp=12106 ms, used_size=5128192 bytes (12.5%)
(RDMA_READ_CONSUME_CHECK_CONSUMER) timestamp=12106 ms, used_size=5126144 bytes (12.5%)
(RDMA_READ_CONSUME_CHECK_CONSUMER) timestamp=12106 ms, used_size=5124096 bytes (12.5%)
(RDMA_READ_CONSUME_CHECK_CONSUMER) timestamp=12106 ms, used_size=5122048 bytes (12.5%)
(RDMA_READ_CONSUME_CHECK_CONSUMER) timestamp=12106 ms, used_size=5120000 bytes (12.5%)
(RDMA_READ_CONSUME_CHECK_CONSUMER) timestamp=12106 ms, used_size=5117952 bytes (12.5%)
(RDMA_READ_CONSUME_CHECK_CONSUMER) timestamp=12106 ms, used_size=5115904 bytes (12.5%)
(RDMA_READ_CONSUME_CHECK_CONSUMER) timestamp=12106 ms, used_size=5113856 bytes (12.5%)
(RDMA_READ_CONSUME_CHECK_CONSUMER) timestamp=12106 ms, used_size=5111808 bytes (12.5%)
(RDMA_READ_CONSUME_CHECK_CONSUMER) timestamp=12106 ms, used_size=5109760 bytes (12.5%)
(RDMA_READ_CONSUME_CHECK_CONSUMER) timestamp=12106 ms, used_size=5107712 bytes (12.5%)
(RDMA_READ_CONSUME_CHECK_CONSUMER) timestamp=12106 ms, used_size=5105664 bytes (12.5%)
(RDMA_READ_CONSUME_CHECK_CONSUMER) timestamp=12106 ms, used_size=5103616 bytes (12.5%)
(RDMA_READ_CONSUME_CHECK_CONSUMER) timestamp=12106 ms, used_size=5101568 bytes (12.5%)
(RDMA_READ_CONSUME_CHECK_CONSUMER) timestamp=12106 ms, used_size=5099520 bytes (12.4%)
(RDMA_READ_CONSUME_CHECK_CONSUMER) timestamp=12106 ms, used_size=5097472 bytes (12.4%)
(RDMA_READ_CONSUME_CHECK_CONSUMER) timestamp=12106 ms, used_size=5095424 bytes (12.4%)
(RDMA_READ_CONSUME_CHECK_CONSUMER) timestamp=12106 ms, used_size=5093376 bytes (12.4%)
(RDMA_READ_CONSUME_CHECK_CONSUMER) timestamp=12106 ms, used_size=5091328 bytes (12.4%)
(RDMA_READ_CONSUME_CHECK_CONSUMER) timestamp=12106 ms, used_size=5089280 bytes (12.4%)
(RDMA_READ_CONSUME_CHECK_CONSUMER) timestamp=12106 ms, used_size=5087232 bytes (12.4%)
(RDMA_READ_CONSUME_CHECK_CONSUMER) timestamp=12106 ms, used_size=5085184 bytes (12.4%)
(RDMA_READ_CONSUME_CHECK_CONSUMER) timestamp=12106 ms, used_size=5083136 bytes (12.4%)
(RDMA_READ_CONSUME_CHECK_CONSUMER) timestamp=12106 ms, used_size=5081088 bytes (12.4%)
(RDMA_READ_CONSUME_CHECK_CONSUMER) timestamp=12106 ms, used_size=5079040 bytes (12.4%)
(RDMA_READ_CONSUME_CHECK_CONSUMER) timestamp=12106 ms, used_size=5076992 bytes (12.4%)
(RDMA_READ_CONSUME_CHECK_CONSUMER) timestamp=12106 ms, used_size=5074944 bytes (12.4%)
(RDMA_READ_CONSUME_CHECK_CONSUMER) timestamp=12106 ms, used_size=5072896 bytes (12.4%)
(RDMA_READ_CONSUME_CHECK_CONSUMER) timestamp=12106 ms, used_size=5070848 bytes (12.4%)
(RDMA_READ_CONSUME_CHECK_CONSUMER) timestamp=12106 ms, used_size=5068800 bytes (12.4%)
(RDMA_READ_CONSUME_CHECK_CONSUMER) timestamp=12106 ms, used_size=5066752 bytes (12.4%)
(RDMA_READ_CONSUME_CHECK_CONSUMER) timestamp=12106 ms, used_size=5064704 bytes (12.4%)
(RDMA_READ_CONSUME_CHECK_CONSUMER) timestamp=12106 ms, used_size=5062656 bytes (12.4%)
(RDMA_READ_CONSUME_CHECK_CONSUMER) timestamp=12106 ms, used_size=5060608 bytes (12.4%)
(RDMA_READ_CONSUME_CHECK_CONSUMER) timestamp=12106 ms, used_size=5058560 bytes (12.3%)
(RDMA_READ_CONSUME_CHECK_CONSUMER) timestamp=12107 ms, used_size=5056512 bytes (12.3%)
(RDMA_READ_CONSUME_CHECK_CONSUMER) timestamp=12107 ms, used_size=5054464 bytes (12.3%)
(RDMA_READ_CONSUME_CHECK_CONSUMER) timestamp=12107 ms, used_size=5052416 bytes (12.3%)
(RDMA_READ_CONSUME_CHECK_CONSUMER) timestamp=12107 ms, used_size=5050368 bytes (12.3%)
(RDMA_READ_CONSUME_CHECK_CONSUMER) timestamp=12107 ms, used_size=5048320 bytes (12.3%)
(RDMA_READ_CONSUME_CHECK_CONSUMER) timestamp=12107 ms, used_size=5046272 bytes (12.3%)
(RDMA_READ_CONSUME_CHECK_CONSUMER) timestamp=12107 ms, used_size=5044224 bytes (12.3%)
(RDMA_READ_CONSUME_CHECK_CONSUMER) timestamp=12107 ms, used_size=5042176 bytes (12.3%)
(RDMA_READ_CONSUME_CHECK_CONSUMER) timestamp=12107 ms, used_size=5040128 bytes (12.3%)
(RDMA_READ_CONSUME_CHECK_CONSUMER) timestamp=12107 ms, used_size=5038080 bytes (12.3%)
(RDMA_READ_CONSUME_CHECK_CONSUMER) timestamp=12107 ms, used_size=5036032 bytes (12.3%)
(RDMA_READ_CONSUME_CHECK_CONSUMER) timestamp=12107 ms, used_size=5033984 bytes (12.3%)
(RDMA_READ_CONSUME_CHECK_CONSUMER) timestamp=12107 ms, used_size=5031936 bytes (12.3%)
(RDMA_READ_CONSUME_CHECK_CONSUMER) timestamp=12107 ms, used_size=5029888 bytes (12.3%)
(RDMA_READ_CONSUME_CHECK_CONSUMER) timestamp=12107 ms, used_size=5027840 bytes (12.3%)
(RDMA_READ_CONSUME_CHECK_CONSUMER) timestamp=12107 ms, used_size=5025792 bytes (12.3%)
(RDMA_READ_CONSUME_CHECK_CONSUMER) timestamp=12107 ms, used_size=5023744 bytes (12.3%)
(RDMA_READ_CONSUME_CHECK_CONSUMER) timestamp=12107 ms, used_size=5021696 bytes (12.3%)
(RDMA_READ_CONSUME_CHECK_CONSUMER) timestamp=12107 ms, used_size=5019648 bytes (12.3%)
(RDMA_READ_CONSUME_CHECK_CONSUMER) timestamp=12107 ms, used_size=5017600 bytes (12.2%)
(RDMA_READ_CONSUME_CHECK_CONSUMER) timestamp=12107 ms, used_size=5015552 bytes (12.2%)
(RDMA_READ_CONSUME_CHECK_CONSUMER) timestamp=12107 ms, used_size=5013504 bytes (12.2%)
(RDMA_READ_CONSUME_CHECK_CONSUMER) timestamp=12107 ms, used_size=5011456 bytes (12.2%)
(RDMA_READ_CONSUME_CHECK_CONSUMER) timestamp=12107 ms, used_size=5009408 bytes (12.2%)
(RDMA_READ_CONSUME_CHECK_CONSUMER) timestamp=12107 ms, used_size=5007360 bytes (12.2%)
(RDMA_READ_CONSUME_CHECK_CONSUMER) timestamp=12107 ms, used_size=5005312 bytes (12.2%)
(RDMA_READ_CONSUME_CHECK_CONSUMER) timestamp=12107 ms, used_size=5003264 bytes (12.2%)
(RDMA_READ_CONSUME_CHECK_CONSUMER) timestamp=12107 ms, used_size=5001216 bytes (12.2%)
(RDMA_READ_CONSUME_CHECK_CONSUMER) timestamp=12107 ms, used_size=4999168 bytes (12.2%)
(RDMA_READ_CONSUME_CHECK_CONSUMER) timestamp=12107 ms, used_size=4997120 bytes (12.2%)
(RDMA_READ_CONSUME_CHECK_CONSUMER) timestamp=12107 ms, used_size=4995072 bytes (12.2%)
(RDMA_READ_CONSUME_CHECK_CONSUMER) timestamp=12107 ms, used_size=4993024 bytes (12.2%)
(RDMA_READ_CONSUME_CHECK_CONSUMER) timestamp=12107 ms, used_size=4990976 bytes (12.2%)
(RDMA_READ_CONSUME_CHECK_CONSUMER) timestamp=12107 ms, used_size=4988928 bytes (12.2%)
(RDMA_READ_CONSUME_CHECK_CONSUMER) timestamp=12107 ms, used_size=4986880 bytes (12.2%)
(RDMA_READ_CONSUME_CHECK_CONSUMER) timestamp=12107 ms, used_size=4984832 bytes (12.2%)
(RDMA_READ_CONSUME_CHECK_CONSUMER) timestamp=12107 ms, used_size=4982784 bytes (12.2%)
(RDMA_READ_CONSUME_CHECK_CONSUMER) timestamp=12107 ms, used_size=4980736 bytes (12.2%)
(RDMA_READ_CONSUME_CHECK_CONSUMER) timestamp=12107 ms, used_size=4978688 bytes (12.2%)
(RDMA_READ_CONSUME_CHECK_CONSUMER) timestamp=12107 ms, used_size=4976640 bytes (12.2%)
(RDMA_READ_CONSUME_CHECK_CONSUMER) timestamp=12107 ms, used_size=4974592 bytes (12.1%)
(RDMA_READ_CONSUME_CHECK_CONSUMER) timestamp=12107 ms, used_size=4972544 bytes (12.1%)
(RDMA_READ_CONSUME_CHECK_CONSUMER) timestamp=12107 ms, used_size=4970496 bytes (12.1%)
(RDMA_READ_CONSUME_CHECK_CONSUMER) timestamp=12107 ms, used_size=4968448 bytes (12.1%)
(RDMA_READ_CONSUME_CHECK_CONSUMER) timestamp=12107 ms, used_size=4966400 bytes (12.1%)
(RDMA_READ_CONSUME_CHECK_CONSUMER) timestamp=12107 ms, used_size=4964352 bytes (12.1%)
(RDMA_READ_CONSUME_CHECK_CONSUMER) timestamp=12107 ms, used_size=4962304 bytes (12.1%)
(RDMA_READ_CONSUME_CHECK_CONSUMER) timestamp=12107 ms, used_size=4960256 bytes (12.1%)
(RDMA_READ_CONSUME_CHECK_CONSUMER) timestamp=12107 ms, used_size=4958208 bytes (12.1%)
(RDMA_READ_CONSUME_CHECK_CONSUMER) timestamp=12107 ms, used_size=4956160 bytes (12.1%)
(RDMA_READ_CONSUME_CHECK_CONSUMER) timestamp=12107 ms, used_size=4954112 bytes (12.1%)
(RDMA_READ_CONSUME_CHECK_CONSUMER) timestamp=12107 ms, used_size=4952064 bytes (12.1%)
(RDMA_READ_CONSUME_CHECK_CONSUMER) timestamp=12107 ms, used_size=4950016 bytes (12.1%)
(RDMA_READ_CONSUME_CHECK_CONSUMER) timestamp=12107 ms, used_size=4947968 bytes (12.1%)
(RDMA_READ_CONSUME_CHECK_CONSUMER) timestamp=12107 ms, used_size=4945920 bytes (12.1%)
(RDMA_READ_CONSUME_CHECK_CONSUMER) timestamp=12107 ms, used_size=4943872 bytes (12.1%)
(RDMA_READ_CONSUME_CHECK_CONSUMER) timestamp=12107 ms, used_size=4941824 bytes (12.1%)
(RDMA_READ_CONSUME_CHECK_CONSUMER) timestamp=12107 ms, used_size=4939776 bytes (12.1%)
(RDMA_READ_CONSUME_CHECK_CONSUMER) timestamp=12107 ms, used_size=4937728 bytes (12.1%)
(RDMA_READ_CONSUME_CHECK_CONSUMER) timestamp=12107 ms, used_size=4935680 bytes (12.1%)
(RDMA_READ_CONSUME_CHECK_CONSUMER) timestamp=12107 ms, used_size=4933632 bytes (12.0%)
(RDMA_READ_CONSUME_CHECK_CONSUMER) timestamp=12107 ms, used_size=4931584 bytes (12.0%)
(RDMA_READ_CONSUME_CHECK_CONSUMER) timestamp=12107 ms, used_size=4929536 bytes (12.0%)
(RDMA_READ_CONSUME_CHECK_CONSUMER) timestamp=12107 ms, used_size=4927488 bytes (12.0%)
(RDMA_READ_CONSUME_CHECK_CONSUMER) timestamp=12107 ms, used_size=4925440 bytes (12.0%)
(RDMA_READ_CONSUME_CHECK_CONSUMER) timestamp=12107 ms, used_size=4923392 bytes (12.0%)
(RDMA_READ_CONSUME_CHECK_CONSUMER) timestamp=12107 ms, used_size=4921344 bytes (12.0%)
(RDMA_READ_CONSUME_CHECK_CONSUMER) timestamp=12107 ms, used_size=4919296 bytes (12.0%)
(RDMA_READ_CONSUME_CHECK_CONSUMER) timestamp=12107 ms, used_size=4917248 bytes (12.0%)
(RDMA_READ_CONSUME_CHECK_CONSUMER) timestamp=12107 ms, used_size=4915200 bytes (12.0%)
(RDMA_READ_CONSUME_CHECK_CONSUMER) timestamp=12107 ms, used_size=4913152 bytes (12.0%)
(RDMA_READ_CONSUME_CHECK_CONSUMER) timestamp=12107 ms, used_size=4911104 bytes (12.0%)
(RDMA_READ_CONSUME_CHECK_CONSUMER) timestamp=12107 ms, used_size=4909056 bytes (12.0%)
(RDMA_READ_CONSUME_CHECK_CONSUMER) timestamp=12107 ms, used_size=4907008 bytes (12.0%)
(RDMA_READ_CONSUME_CHECK_CONSUMER) timestamp=12107 ms, used_size=4904960 bytes (12.0%)
(RDMA_READ_CONSUME_CHECK_CONSUMER) timestamp=12107 ms, used_size=4902912 bytes (12.0%)
(RDMA_READ_CONSUME_CHECK_CONSUMER) timestamp=12107 ms, used_size=4900864 bytes (12.0%)
(RDMA_READ_CONSUME_CHECK_CONSUMER) timestamp=12107 ms, used_size=4898816 bytes (12.0%)
(RDMA_READ_CONSUME_CHECK_CONSUMER) timestamp=12107 ms, used_size=4896768 bytes (12.0%)
(RDMA_READ_CONSUME_CHECK_CONSUMER) timestamp=12107 ms, used_size=4894720 bytes (11.9%)
(RDMA_READ_CONSUME_CHECK_CONSUMER) timestamp=12107 ms, used_size=4892672 bytes (11.9%)
(RDMA_READ_CONSUME_CHECK_CONSUMER) timestamp=12107 ms, used_size=4890624 bytes (11.9%)
(RDMA_READ_CONSUME_CHECK_CONSUMER) timestamp=12107 ms, used_size=4888576 bytes (11.9%)
(RDMA_READ_CONSUME_CHECK_CONSUMER) timestamp=12107 ms, used_size=4886528 bytes (11.9%)
(RDMA_READ_CONSUME_CHECK_CONSUMER) timestamp=12107 ms, used_size=4884480 bytes (11.9%)
(RDMA_READ_CONSUME_CHECK_CONSUMER) timestamp=12107 ms, used_size=4882432 bytes (11.9%)
(RDMA_READ_CONSUME_CHECK_CONSUMER) timestamp=12107 ms, used_size=4880384 bytes (11.9%)
(RDMA_READ_CONSUME_CHECK_CONSUMER) timestamp=12107 ms, used_size=4878336 bytes (11.9%)
(RDMA_READ_CONSUME_CHECK_CONSUMER) timestamp=12107 ms, used_size=4876288 bytes (11.9%)
(RDMA_READ_CONSUME_CHECK_CONSUMER) timestamp=12107 ms, used_size=4874240 bytes (11.9%)
(RDMA_READ_CONSUME_CHECK_CONSUMER) timestamp=12107 ms, used_size=4872192 bytes (11.9%)
(RDMA_READ_CONSUME_CHECK_CONSUMER) timestamp=12107 ms, used_size=4870144 bytes (11.9%)
(RDMA_READ_CONSUME_CHECK_CONSUMER) timestamp=12107 ms, used_size=4868096 bytes (11.9%)
(RDMA_READ_CONSUME_CHECK_CONSUMER) timestamp=12107 ms, used_size=4866048 bytes (11.9%)
(RDMA_READ_CONSUME_CHECK_CONSUMER) timestamp=12107 ms, used_size=4864000 bytes (11.9%)
(RDMA_READ_CONSUME_CHECK_CONSUMER) timestamp=12107 ms, used_size=4861952 bytes (11.9%)
(RDMA_READ_CONSUME_CHECK_CONSUMER) timestamp=12107 ms, used_size=4859904 bytes (11.9%)
(RDMA_READ_CONSUME_CHECK_CONSUMER) timestamp=12107 ms, used_size=4857856 bytes (11.9%)
(RDMA_READ_CONSUME_CHECK_CONSUMER) timestamp=12107 ms, used_size=4855808 bytes (11.9%)
(RDMA_READ_CONSUME_CHECK_CONSUMER) timestamp=12107 ms, used_size=4853760 bytes (11.8%)
(RDMA_READ_CONSUME_CHECK_CONSUMER) timestamp=12107 ms, used_size=4851712 bytes (11.8%)
(RDMA_READ_CONSUME_CHECK_CONSUMER) timestamp=12107 ms, used_size=4849664 bytes (11.8%)
(RDMA_READ_CONSUME_CHECK_CONSUMER) timestamp=12107 ms, used_size=4847616 bytes (11.8%)
(RDMA_READ_CONSUME_CHECK_CONSUMER) timestamp=12107 ms, used_size=4845568 bytes (11.8%)
(RDMA_READ_CONSUME_CHECK_CONSUMER) timestamp=12107 ms, used_size=4843520 bytes (11.8%)
(RDMA_READ_CONSUME_CHECK_CONSUMER) timestamp=12107 ms, used_size=4841472 bytes (11.8%)
(RDMA_READ_CONSUME_CHECK_CONSUMER) timestamp=12107 ms, used_size=4839424 bytes (11.8%)
(RDMA_READ_CONSUME_CHECK_CONSUMER) timestamp=12107 ms, used_size=4837376 bytes (11.8%)
(RDMA_READ_CONSUME_CHECK_CONSUMER) timestamp=12107 ms, used_size=4835328 bytes (11.8%)
(RDMA_READ_CONSUME_CHECK_CONSUMER) timestamp=12107 ms, used_size=4833280 bytes (11.8%)
(RDMA_READ_CONSUME_CHECK_CONSUMER) timestamp=12107 ms, used_size=4831232 bytes (11.8%)
(RDMA_READ_CONSUME_CHECK_CONSUMER) timestamp=12107 ms, used_size=4829184 bytes (11.8%)
(RDMA_READ_CONSUME_CHECK_CONSUMER) timestamp=12107 ms, used_size=4827136 bytes (11.8%)
(RDMA_READ_CONSUME_CHECK_CONSUMER) timestamp=12107 ms, used_size=4825088 bytes (11.8%)
(RDMA_READ_CONSUME_CHECK_CONSUMER) timestamp=12107 ms, used_size=4823040 bytes (11.8%)
(RDMA_READ_CONSUME_CHECK_CONSUMER) timestamp=12107 ms, used_size=4820992 bytes (11.8%)
(RDMA_READ_CONSUME_CHECK_CONSUMER) timestamp=12107 ms, used_size=4818944 bytes (11.8%)
(RDMA_READ_CONSUME_CHECK_CONSUMER) timestamp=12107 ms, used_size=4816896 bytes (11.8%)
(RDMA_READ_CONSUME_CHECK_CONSUMER) timestamp=12107 ms, used_size=4814848 bytes (11.8%)
(RDMA_READ_CONSUME_CHECK_CONSUMER) timestamp=12107 ms, used_size=4812800 bytes (11.8%)
(RDMA_READ_CONSUME_CHECK_CONSUMER) timestamp=12107 ms, used_size=4810752 bytes (11.7%)
(RDMA_READ_CONSUME_CHECK_CONSUMER) timestamp=12107 ms, used_size=4808704 bytes (11.7%)
(RDMA_READ_CONSUME_CHECK_CONSUMER) timestamp=12107 ms, used_size=4806656 bytes (11.7%)
(RDMA_READ_CONSUME_CHECK_CONSUMER) timestamp=12107 ms, used_size=4804608 bytes (11.7%)
(RDMA_READ_CONSUME_CHECK_CONSUMER) timestamp=12107 ms, used_size=4802560 bytes (11.7%)
(RDMA_READ_CONSUME_CHECK_CONSUMER) timestamp=12107 ms, used_size=4800512 bytes (11.7%)
(RDMA_READ_CONSUME_CHECK_CONSUMER) timestamp=12107 ms, used_size=4798464 bytes (11.7%)
(RDMA_READ_CONSUME_CHECK_CONSUMER) timestamp=12107 ms, used_size=4796416 bytes (11.7%)
(RDMA_READ_CONSUME_CHECK_CONSUMER) timestamp=12107 ms, used_size=4794368 bytes (11.7%)
(RDMA_READ_CONSUME_CHECK_CONSUMER) timestamp=12107 ms, used_size=4792320 bytes (11.7%)
(RDMA_READ_CONSUME_CHECK_CONSUMER) timestamp=12107 ms, used_size=4790272 bytes (11.7%)
(RDMA_READ_CONSUME_CHECK_CONSUMER) timestamp=12107 ms, used_size=4788224 bytes (11.7%)
(RDMA_READ_CONSUME_CHECK_CONSUMER) timestamp=12107 ms, used_size=4786176 bytes (11.7%)
(RDMA_READ_CONSUME_CHECK_CONSUMER) timestamp=12107 ms, used_size=4784128 bytes (11.7%)
(RDMA_READ_CONSUME_CHECK_CONSUMER) timestamp=12107 ms, used_size=4782080 bytes (11.7%)
(RDMA_READ_CONSUME_CHECK_CONSUMER) timestamp=12107 ms, used_size=4780032 bytes (11.7%)
(RDMA_READ_CONSUME_CHECK_CONSUMER) timestamp=12107 ms, used_size=4777984 bytes (11.7%)
(RDMA_READ_CONSUME_CHECK_CONSUMER) timestamp=12107 ms, used_size=4775936 bytes (11.7%)
(RDMA_READ_CONSUME_CHECK_CONSUMER) timestamp=12107 ms, used_size=4773888 bytes (11.7%)
(RDMA_READ_CONSUME_CHECK_CONSUMER) timestamp=12107 ms, used_size=4771840 bytes (11.7%)
(RDMA_READ_CONSUME_CHECK_CONSUMER) timestamp=12107 ms, used_size=4769792 bytes (11.6%)
(RDMA_READ_CONSUME_CHECK_CONSUMER) timestamp=12107 ms, used_size=4767744 bytes (11.6%)
(RDMA_READ_CONSUME_CHECK_CONSUMER) timestamp=12107 ms, used_size=4765696 bytes (11.6%)
(RDMA_READ_CONSUME_CHECK_CONSUMER) timestamp=12107 ms, used_size=4763648 bytes (11.6%)
(RDMA_READ_CONSUME_CHECK_CONSUMER) timestamp=12107 ms, used_size=4761600 bytes (11.6%)
(RDMA_READ_CONSUME_CHECK_CONSUMER) timestamp=12107 ms, used_size=4759552 bytes (11.6%)
(RDMA_READ_CONSUME_CHECK_CONSUMER) timestamp=12107 ms, used_size=4757504 bytes (11.6%)
(RDMA_READ_CONSUME_CHECK_CONSUMER) timestamp=12107 ms, used_size=4755456 bytes (11.6%)
(RDMA_READ_CONSUME_CHECK_CONSUMER) timestamp=12107 ms, used_size=4753408 bytes (11.6%)
(RDMA_READ_CONSUME_CHECK_CONSUMER) timestamp=12107 ms, used_size=4751360 bytes (11.6%)
(RDMA_READ_CONSUME_CHECK_CONSUMER) timestamp=12107 ms, used_size=4749312 bytes (11.6%)
(RDMA_READ_CONSUME_CHECK_CONSUMER) timestamp=12107 ms, used_size=4747264 bytes (11.6%)
(RDMA_READ_CONSUME_CHECK_CONSUMER) timestamp=12107 ms, used_size=4745216 bytes (11.6%)
(RDMA_READ_CONSUME_CHECK_CONSUMER) timestamp=12107 ms, used_size=4743168 bytes (11.6%)
(RDMA_READ_CONSUME_CHECK_CONSUMER) timestamp=12107 ms, used_size=4741120 bytes (11.6%)
(RDMA_READ_CONSUME_CHECK_CONSUMER) timestamp=12107 ms, used_size=4739072 bytes (11.6%)
(RDMA_READ_CONSUME_CHECK_CONSUMER) timestamp=12107 ms, used_size=4737024 bytes (11.6%)
(RDMA_READ_CONSUME_CHECK_CONSUMER) timestamp=12107 ms, used_size=4734976 bytes (11.6%)
(RDMA_READ_CONSUME_CHECK_CONSUMER) timestamp=12107 ms, used_size=4732928 bytes (11.6%)
(RDMA_READ_CONSUME_CHECK_CONSUMER) timestamp=12107 ms, used_size=4730880 bytes (11.6%)
(RDMA_READ_CONSUME_CHECK_CONSUMER) timestamp=12107 ms, used_size=4728832 bytes (11.5%)
(RDMA_READ_CONSUME_CHECK_CONSUMER) timestamp=12107 ms, used_size=4726784 bytes (11.5%)
(RDMA_READ_CONSUME_CHECK_CONSUMER) timestamp=12107 ms, used_size=4724736 bytes (11.5%)
(RDMA_READ_CONSUME_CHECK_CONSUMER) timestamp=12107 ms, used_size=4722688 bytes (11.5%)
(RDMA_READ_CONSUME_CHECK_CONSUMER) timestamp=12107 ms, used_size=4720640 bytes (11.5%)
(RDMA_READ_CONSUME_CHECK_CONSUMER) timestamp=12107 ms, used_size=4718592 bytes (11.5%)
(RDMA_READ_CONSUME_CHECK_CONSUMER) timestamp=12107 ms, used_size=4716544 bytes (11.5%)
(RDMA_READ_CONSUME_CHECK_CONSUMER) timestamp=12107 ms, used_size=4714496 bytes (11.5%)
(RDMA_READ_CONSUME_CHECK_CONSUMER) timestamp=12107 ms, used_size=4712448 bytes (11.5%)
(RDMA_READ_CONSUME_CHECK_CONSUMER) timestamp=12107 ms, used_size=4710400 bytes (11.5%)
(RDMA_READ_CONSUME_CHECK_CONSUMER) timestamp=12107 ms, used_size=4708352 bytes (11.5%)
(RDMA_READ_CONSUME_CHECK_CONSUMER) timestamp=12107 ms, used_size=4706304 bytes (11.5%)
(RDMA_READ_CONSUME_CHECK_CONSUMER) timestamp=12107 ms, used_size=4704256 bytes (11.5%)
(RDMA_READ_CONSUME_CHECK_CONSUMER) timestamp=12107 ms, used_size=4702208 bytes (11.5%)
(RDMA_READ_CONSUME_CHECK_CONSUMER) timestamp=12107 ms, used_size=4700160 bytes (11.5%)
(RDMA_READ_CONSUME_CHECK_CONSUMER) timestamp=12108 ms, used_size=4698112 bytes (11.5%)
(RDMA_READ_CONSUME_CHECK_CONSUMER) timestamp=12108 ms, used_size=4696064 bytes (11.5%)
(RDMA_READ_CONSUME_CHECK_CONSUMER) timestamp=12108 ms, used_size=4694016 bytes (11.5%)
(RDMA_READ_CONSUME_CHECK_CONSUMER) timestamp=12108 ms, used_size=4691968 bytes (11.5%)
(RDMA_READ_CONSUME_CHECK_CONSUMER) timestamp=12108 ms, used_size=4689920 bytes (11.4%)
(RDMA_READ_CONSUME_CHECK_CONSUMER) timestamp=12108 ms, used_size=4687872 bytes (11.4%)
(RDMA_READ_CONSUME_CHECK_CONSUMER) timestamp=12108 ms, used_size=4685824 bytes (11.4%)
(RDMA_READ_CONSUME_CHECK_CONSUMER) timestamp=12108 ms, used_size=4683776 bytes (11.4%)
(RDMA_READ_CONSUME_CHECK_CONSUMER) timestamp=12108 ms, used_size=4681728 bytes (11.4%)
(RDMA_READ_CONSUME_CHECK_CONSUMER) timestamp=12108 ms, used_size=4679680 bytes (11.4%)
(RDMA_READ_CONSUME_CHECK_CONSUMER) timestamp=12108 ms, used_size=4677632 bytes (11.4%)
(RDMA_READ_CONSUME_CHECK_CONSUMER) timestamp=12108 ms, used_size=4675584 bytes (11.4%)
(RDMA_READ_CONSUME_CHECK_CONSUMER) timestamp=12108 ms, used_size=4673536 bytes (11.4%)
(RDMA_READ_CONSUME_CHECK_CONSUMER) timestamp=12108 ms, used_size=4671488 bytes (11.4%)
(RDMA_READ_CONSUME_CHECK_CONSUMER) timestamp=12108 ms, used_size=4669440 bytes (11.4%)
(RDMA_READ_CONSUME_CHECK_CONSUMER) timestamp=12108 ms, used_size=4667392 bytes (11.4%)
(RDMA_READ_CONSUME_CHECK_CONSUMER) timestamp=12108 ms, used_size=4665344 bytes (11.4%)
(RDMA_READ_CONSUME_CHECK_CONSUMER) timestamp=12108 ms, used_size=4663296 bytes (11.4%)
(RDMA_READ_CONSUME_CHECK_CONSUMER) timestamp=12108 ms, used_size=4661248 bytes (11.4%)
(RDMA_READ_CONSUME_CHECK_CONSUMER) timestamp=12108 ms, used_size=4659200 bytes (11.4%)
(RDMA_READ_CONSUME_CHECK_CONSUMER) timestamp=12108 ms, used_size=4657152 bytes (11.4%)
(RDMA_READ_CONSUME_CHECK_CONSUMER) timestamp=12108 ms, used_size=4655104 bytes (11.4%)
(RDMA_READ_CONSUME_CHECK_CONSUMER) timestamp=12108 ms, used_size=4653056 bytes (11.4%)
(RDMA_READ_CONSUME_CHECK_CONSUMER) timestamp=12108 ms, used_size=4651008 bytes (11.4%)
(RDMA_READ_CONSUME_CHECK_CONSUMER) timestamp=12108 ms, used_size=4648960 bytes (11.3%)
(RDMA_READ_CONSUME_CHECK_CONSUMER) timestamp=12108 ms, used_size=4646912 bytes (11.3%)
(RDMA_READ_CONSUME_CHECK_CONSUMER) timestamp=12108 ms, used_size=4644864 bytes (11.3%)
(RDMA_READ_CONSUME_CHECK_CONSUMER) timestamp=12108 ms, used_size=4642816 bytes (11.3%)
(RDMA_READ_CONSUME_CHECK_CONSUMER) timestamp=12108 ms, used_size=4640768 bytes (11.3%)
(RDMA_READ_CONSUME_CHECK_CONSUMER) timestamp=12108 ms, used_size=4638720 bytes (11.3%)
(RDMA_READ_CONSUME_CHECK_CONSUMER) timestamp=12108 ms, used_size=4636672 bytes (11.3%)
(RDMA_READ_CONSUME_CHECK_CONSUMER) timestamp=12108 ms, used_size=4634624 bytes (11.3%)
(RDMA_READ_CONSUME_CHECK_CONSUMER) timestamp=12108 ms, used_size=4632576 bytes (11.3%)
(RDMA_READ_CONSUME_CHECK_CONSUMER) timestamp=12108 ms, used_size=4630528 bytes (11.3%)
(RDMA_READ_CONSUME_CHECK_CONSUMER) timestamp=12108 ms, used_size=4628480 bytes (11.3%)
(RDMA_READ_CONSUME_CHECK_CONSUMER) timestamp=12108 ms, used_size=4626432 bytes (11.3%)
(RDMA_READ_CONSUME_CHECK_CONSUMER) timestamp=12108 ms, used_size=4624384 bytes (11.3%)
(RDMA_READ_CONSUME_CHECK_CONSUMER) timestamp=12108 ms, used_size=4622336 bytes (11.3%)
(RDMA_READ_CONSUME_CHECK_CONSUMER) timestamp=12108 ms, used_size=4620288 bytes (11.3%)
(RDMA_READ_CONSUME_CHECK_CONSUMER) timestamp=12108 ms, used_size=4618240 bytes (11.3%)
(RDMA_READ_CONSUME_CHECK_CONSUMER) timestamp=12108 ms, used_size=4616192 bytes (11.3%)
(RDMA_READ_CONSUME_CHECK_CONSUMER) timestamp=12108 ms, used_size=4614144 bytes (11.3%)
(RDMA_READ_CONSUME_CHECK_CONSUMER) timestamp=12108 ms, used_size=4612096 bytes (11.3%)
(RDMA_READ_CONSUME_CHECK_CONSUMER) timestamp=12108 ms, used_size=4610048 bytes (11.3%)
(RDMA_READ_CONSUME_CHECK_CONSUMER) timestamp=12108 ms, used_size=4608000 bytes (11.2%)
(RDMA_READ_CONSUME_CHECK_CONSUMER) timestamp=12108 ms, used_size=4605952 bytes (11.2%)
(RDMA_READ_CONSUME_CHECK_CONSUMER) timestamp=12108 ms, used_size=4603904 bytes (11.2%)
(RDMA_READ_CONSUME_CHECK_CONSUMER) timestamp=12108 ms, used_size=4601856 bytes (11.2%)
(RDMA_READ_CONSUME_CHECK_CONSUMER) timestamp=12108 ms, used_size=4599808 bytes (11.2%)
(RDMA_READ_CONSUME_CHECK_CONSUMER) timestamp=12108 ms, used_size=4597760 bytes (11.2%)
(RDMA_READ_CONSUME_CHECK_CONSUMER) timestamp=12108 ms, used_size=4595712 bytes (11.2%)
(RDMA_READ_CONSUME_CHECK_CONSUMER) timestamp=12108 ms, used_size=4593664 bytes (11.2%)
(RDMA_READ_CONSUME_CHECK_CONSUMER) timestamp=12108 ms, used_size=4591616 bytes (11.2%)
(RDMA_READ_CONSUME_CHECK_CONSUMER) timestamp=12108 ms, used_size=4589568 bytes (11.2%)
(RDMA_READ_CONSUME_CHECK_CONSUMER) timestamp=12108 ms, used_size=4587520 bytes (11.2%)
(RDMA_READ_CONSUME_CHECK_CONSUMER) timestamp=12108 ms, used_size=4585472 bytes (11.2%)
(RDMA_READ_CONSUME_CHECK_CONSUMER) timestamp=12108 ms, used_size=4583424 bytes (11.2%)
(RDMA_READ_CONSUME_CHECK_CONSUMER) timestamp=12108 ms, used_size=4581376 bytes (11.2%)
(RDMA_READ_CONSUME_CHECK_CONSUMER) timestamp=12108 ms, used_size=4579328 bytes (11.2%)
(RDMA_READ_CONSUME_CHECK_CONSUMER) timestamp=12108 ms, used_size=4577280 bytes (11.2%)
(RDMA_READ_CONSUME_CHECK_CONSUMER) timestamp=12108 ms, used_size=4575232 bytes (11.2%)
(RDMA_READ_CONSUME_CHECK_CONSUMER) timestamp=12108 ms, used_size=4573184 bytes (11.2%)
(RDMA_READ_CONSUME_CHECK_CONSUMER) timestamp=12108 ms, used_size=4571136 bytes (11.2%)
(RDMA_READ_CONSUME_CHECK_CONSUMER) timestamp=12108 ms, used_size=4569088 bytes (11.2%)
(RDMA_READ_CONSUME_CHECK_CONSUMER) timestamp=12108 ms, used_size=4567040 bytes (11.2%)
(RDMA_READ_CONSUME_CHECK_CONSUMER) timestamp=12108 ms, used_size=4564992 bytes (11.1%)
(RDMA_READ_CONSUME_CHECK_CONSUMER) timestamp=12108 ms, used_size=4562944 bytes (11.1%)
(RDMA_READ_CONSUME_CHECK_CONSUMER) timestamp=12108 ms, used_size=4560896 bytes (11.1%)
(RDMA_READ_CONSUME_CHECK_CONSUMER) timestamp=12108 ms, used_size=4558848 bytes (11.1%)
(RDMA_READ_CONSUME_CHECK_CONSUMER) timestamp=12108 ms, used_size=4556800 bytes (11.1%)
(RDMA_READ_CONSUME_CHECK_CONSUMER) timestamp=12108 ms, used_size=4554752 bytes (11.1%)
(RDMA_READ_CONSUME_CHECK_CONSUMER) timestamp=12108 ms, used_size=4552704 bytes (11.1%)
(RDMA_READ_CONSUME_CHECK_CONSUMER) timestamp=12108 ms, used_size=4550656 bytes (11.1%)
(RDMA_READ_CONSUME_CHECK_CONSUMER) timestamp=12108 ms, used_size=4548608 bytes (11.1%)
(RDMA_READ_CONSUME_CHECK_CONSUMER) timestamp=12108 ms, used_size=4546560 bytes (11.1%)
(RDMA_READ_CONSUME_CHECK_CONSUMER) timestamp=12108 ms, used_size=4544512 bytes (11.1%)
(RDMA_READ_CONSUME_CHECK_CONSUMER) timestamp=12108 ms, used_size=4542464 bytes (11.1%)
(RDMA_READ_CONSUME_CHECK_CONSUMER) timestamp=12108 ms, used_size=4540416 bytes (11.1%)
(RDMA_READ_CONSUME_CHECK_CONSUMER) timestamp=12108 ms, used_size=4538368 bytes (11.1%)
(RDMA_READ_CONSUME_CHECK_CONSUMER) timestamp=12108 ms, used_size=4536320 bytes (11.1%)
(RDMA_READ_CONSUME_CHECK_CONSUMER) timestamp=12108 ms, used_size=4534272 bytes (11.1%)
(RDMA_READ_CONSUME_CHECK_CONSUMER) timestamp=12108 ms, used_size=4532224 bytes (11.1%)
(RDMA_READ_CONSUME_CHECK_CONSUMER) timestamp=12108 ms, used_size=4530176 bytes (11.1%)
(RDMA_READ_CONSUME_CHECK_CONSUMER) timestamp=12108 ms, used_size=4528128 bytes (11.1%)
(RDMA_READ_CONSUME_CHECK_CONSUMER) timestamp=12108 ms, used_size=4526080 bytes (11.1%)
(RDMA_READ_CONSUME_CHECK_CONSUMER) timestamp=12108 ms, used_size=4524032 bytes (11.0%)
(RDMA_READ_CONSUME_CHECK_CONSUMER) timestamp=12108 ms, used_size=4521984 bytes (11.0%)
(RDMA_READ_CONSUME_CHECK_CONSUMER) timestamp=12108 ms, used_size=4519936 bytes (11.0%)
(RDMA_READ_CONSUME_CHECK_CONSUMER) timestamp=12108 ms, used_size=4517888 bytes (11.0%)
(RDMA_READ_CONSUME_CHECK_CONSUMER) timestamp=12108 ms, used_size=4515840 bytes (11.0%)
(RDMA_READ_CONSUME_CHECK_CONSUMER) timestamp=12108 ms, used_size=4513792 bytes (11.0%)
(RDMA_READ_CONSUME_CHECK_CONSUMER) timestamp=12108 ms, used_size=4511744 bytes (11.0%)
(RDMA_READ_CONSUME_CHECK_CONSUMER) timestamp=12108 ms, used_size=4509696 bytes (11.0%)
(RDMA_READ_CONSUME_CHECK_CONSUMER) timestamp=12108 ms, used_size=4507648 bytes (11.0%)
(RDMA_READ_CONSUME_CHECK_CONSUMER) timestamp=12108 ms, used_size=4505600 bytes (11.0%)
(RDMA_READ_CONSUME_CHECK_CONSUMER) timestamp=12108 ms, used_size=4503552 bytes (11.0%)
(RDMA_READ_CONSUME_CHECK_CONSUMER) timestamp=12108 ms, used_size=4501504 bytes (11.0%)
(RDMA_READ_CONSUME_CHECK_CONSUMER) timestamp=12108 ms, used_size=4499456 bytes (11.0%)
(RDMA_READ_CONSUME_CHECK_CONSUMER) timestamp=12108 ms, used_size=4497408 bytes (11.0%)
(RDMA_READ_CONSUME_CHECK_CONSUMER) timestamp=12108 ms, used_size=4495360 bytes (11.0%)
(RDMA_READ_CONSUME_CHECK_CONSUMER) timestamp=12108 ms, used_size=4493312 bytes (11.0%)
(RDMA_READ_CONSUME_CHECK_CONSUMER) timestamp=12108 ms, used_size=4491264 bytes (11.0%)
(RDMA_READ_CONSUME_CHECK_CONSUMER) timestamp=12108 ms, used_size=4489216 bytes (11.0%)
(RDMA_READ_CONSUME_CHECK_CONSUMER) timestamp=12108 ms, used_size=4487168 bytes (11.0%)
(RDMA_READ_CONSUME_CHECK_CONSUMER) timestamp=12108 ms, used_size=4485120 bytes (10.9%)
(RDMA_READ_CONSUME_CHECK_CONSUMER) timestamp=12108 ms, used_size=4483072 bytes (10.9%)
(RDMA_READ_CONSUME_CHECK_CONSUMER) timestamp=12108 ms, used_size=4481024 bytes (10.9%)
(RDMA_READ_CONSUME_CHECK_CONSUMER) timestamp=12108 ms, used_size=4478976 bytes (10.9%)
(RDMA_READ_CONSUME_CHECK_CONSUMER) timestamp=12108 ms, used_size=4476928 bytes (10.9%)
(RDMA_READ_CONSUME_CHECK_CONSUMER) timestamp=12108 ms, used_size=4474880 bytes (10.9%)
(RDMA_READ_CONSUME_CHECK_CONSUMER) timestamp=12108 ms, used_size=4472832 bytes (10.9%)
(RDMA_READ_CONSUME_CHECK_CONSUMER) timestamp=12108 ms, used_size=4470784 bytes (10.9%)
(RDMA_READ_CONSUME_CHECK_CONSUMER) timestamp=12108 ms, used_size=4468736 bytes (10.9%)
(RDMA_READ_CONSUME_CHECK_CONSUMER) timestamp=12108 ms, used_size=4466688 bytes (10.9%)
(RDMA_READ_CONSUME_CHECK_CONSUMER) timestamp=12108 ms, used_size=4464640 bytes (10.9%)
(RDMA_READ_CONSUME_CHECK_CONSUMER) timestamp=12108 ms, used_size=4462592 bytes (10.9%)
(RDMA_READ_CONSUME_CHECK_CONSUMER) timestamp=12108 ms, used_size=4460544 bytes (10.9%)
(RDMA_READ_CONSUME_CHECK_CONSUMER) timestamp=12108 ms, used_size=4458496 bytes (10.9%)
(RDMA_READ_CONSUME_CHECK_CONSUMER) timestamp=12108 ms, used_size=4456448 bytes (10.9%)
(RDMA_READ_CONSUME_CHECK_CONSUMER) timestamp=12108 ms, used_size=4454400 bytes (10.9%)
(RDMA_READ_CONSUME_CHECK_CONSUMER) timestamp=12108 ms, used_size=4452352 bytes (10.9%)
(RDMA_READ_CONSUME_CHECK_CONSUMER) timestamp=12108 ms, used_size=4450304 bytes (10.9%)
(RDMA_READ_CONSUME_CHECK_CONSUMER) timestamp=12108 ms, used_size=4448256 bytes (10.9%)
(RDMA_READ_CONSUME_CHECK_CONSUMER) timestamp=12108 ms, used_size=4446208 bytes (10.9%)
(RDMA_READ_CONSUME_CHECK_CONSUMER) timestamp=12108 ms, used_size=4444160 bytes (10.8%)
(RDMA_READ_CONSUME_CHECK_CONSUMER) timestamp=12108 ms, used_size=4442112 bytes (10.8%)
(RDMA_READ_CONSUME_CHECK_CONSUMER) timestamp=12108 ms, used_size=4440064 bytes (10.8%)
(RDMA_READ_CONSUME_CHECK_CONSUMER) timestamp=12108 ms, used_size=4438016 bytes (10.8%)
(RDMA_READ_CONSUME_CHECK_CONSUMER) timestamp=12108 ms, used_size=4435968 bytes (10.8%)
(RDMA_READ_CONSUME_CHECK_CONSUMER) timestamp=12108 ms, used_size=4433920 bytes (10.8%)
(RDMA_READ_CONSUME_CHECK_CONSUMER) timestamp=12108 ms, used_size=4431872 bytes (10.8%)
(RDMA_READ_CONSUME_CHECK_CONSUMER) timestamp=12108 ms, used_size=4429824 bytes (10.8%)
(RDMA_READ_CONSUME_CHECK_CONSUMER) timestamp=12108 ms, used_size=4427776 bytes (10.8%)
(RDMA_READ_CONSUME_CHECK_CONSUMER) timestamp=12108 ms, used_size=4425728 bytes (10.8%)
(RDMA_READ_CONSUME_CHECK_CONSUMER) timestamp=12108 ms, used_size=4423680 bytes (10.8%)
(RDMA_READ_CONSUME_CHECK_CONSUMER) timestamp=12108 ms, used_size=4421632 bytes (10.8%)
(RDMA_READ_CONSUME_CHECK_CONSUMER) timestamp=12108 ms, used_size=4419584 bytes (10.8%)
(RDMA_READ_CONSUME_CHECK_CONSUMER) timestamp=12108 ms, used_size=4417536 bytes (10.8%)
(RDMA_READ_CONSUME_CHECK_CONSUMER) timestamp=12108 ms, used_size=4415488 bytes (10.8%)
(RDMA_READ_CONSUME_CHECK_CONSUMER) timestamp=12108 ms, used_size=4413440 bytes (10.8%)
(RDMA_READ_CONSUME_CHECK_CONSUMER) timestamp=12108 ms, used_size=4411392 bytes (10.8%)
(RDMA_READ_CONSUME_CHECK_CONSUMER) timestamp=12108 ms, used_size=4409344 bytes (10.8%)
(RDMA_READ_CONSUME_CHECK_CONSUMER) timestamp=12108 ms, used_size=4407296 bytes (10.8%)
(RDMA_READ_CONSUME_CHECK_CONSUMER) timestamp=12108 ms, used_size=4405248 bytes (10.8%)
(RDMA_READ_CONSUME_CHECK_CONSUMER) timestamp=12108 ms, used_size=4403200 bytes (10.8%)
(RDMA_READ_CONSUME_CHECK_CONSUMER) timestamp=12108 ms, used_size=4401152 bytes (10.7%)
(RDMA_READ_CONSUME_CHECK_CONSUMER) timestamp=12108 ms, used_size=4399104 bytes (10.7%)
(RDMA_READ_CONSUME_CHECK_CONSUMER) timestamp=12108 ms, used_size=4397056 bytes (10.7%)
(RDMA_READ_CONSUME_CHECK_CONSUMER) timestamp=12108 ms, used_size=4395008 bytes (10.7%)
(RDMA_READ_CONSUME_CHECK_CONSUMER) timestamp=12108 ms, used_size=4392960 bytes (10.7%)
(RDMA_READ_CONSUME_CHECK_CONSUMER) timestamp=12108 ms, used_size=4390912 bytes (10.7%)
(RDMA_READ_CONSUME_CHECK_CONSUMER) timestamp=12108 ms, used_size=4388864 bytes (10.7%)
(RDMA_READ_CONSUME_CHECK_CONSUMER) timestamp=12108 ms, used_size=4386816 bytes (10.7%)
(RDMA_READ_CONSUME_CHECK_CONSUMER) timestamp=12108 ms, used_size=4384768 bytes (10.7%)
(RDMA_READ_CONSUME_CHECK_CONSUMER) timestamp=12108 ms, used_size=4382720 bytes (10.7%)
(RDMA_READ_CONSUME_CHECK_CONSUMER) timestamp=12108 ms, used_size=4380672 bytes (10.7%)
(RDMA_READ_CONSUME_CHECK_CONSUMER) timestamp=12108 ms, used_size=4378624 bytes (10.7%)
(RDMA_READ_CONSUME_CHECK_CONSUMER) timestamp=12108 ms, used_size=4376576 bytes (10.7%)
(RDMA_READ_CONSUME_CHECK_CONSUMER) timestamp=12108 ms, used_size=4374528 bytes (10.7%)
(RDMA_READ_CONSUME_CHECK_CONSUMER) timestamp=12108 ms, used_size=4372480 bytes (10.7%)
(RDMA_READ_CONSUME_CHECK_CONSUMER) timestamp=12108 ms, used_size=4370432 bytes (10.7%)
(RDMA_READ_CONSUME_CHECK_CONSUMER) timestamp=12108 ms, used_size=4368384 bytes (10.7%)
(RDMA_READ_CONSUME_CHECK_CONSUMER) timestamp=12108 ms, used_size=4366336 bytes (10.7%)
(RDMA_READ_CONSUME_CHECK_CONSUMER) timestamp=12108 ms, used_size=4364288 bytes (10.7%)
(RDMA_READ_CONSUME_CHECK_CONSUMER) timestamp=12108 ms, used_size=4362240 bytes (10.7%)
(RDMA_READ_CONSUME_CHECK_CONSUMER) timestamp=12108 ms, used_size=4360192 bytes (10.6%)
(RDMA_READ_CONSUME_CHECK_CONSUMER) timestamp=12108 ms, used_size=4358144 bytes (10.6%)
(RDMA_READ_CONSUME_CHECK_CONSUMER) timestamp=12109 ms, used_size=4356096 bytes (10.6%)
(RDMA_READ_CONSUME_CHECK_CONSUMER) timestamp=12109 ms, used_size=4354048 bytes (10.6%)
(RDMA_READ_CONSUME_CHECK_CONSUMER) timestamp=12109 ms, used_size=4352000 bytes (10.6%)
(RDMA_READ_CONSUME_CHECK_CONSUMER) timestamp=12109 ms, used_size=4349952 bytes (10.6%)
(RDMA_READ_CONSUME_CHECK_CONSUMER) timestamp=12109 ms, used_size=4347904 bytes (10.6%)
(RDMA_READ_CONSUME_CHECK_CONSUMER) timestamp=12109 ms, used_size=4345856 bytes (10.6%)
(RDMA_READ_CONSUME_CHECK_CONSUMER) timestamp=12109 ms, used_size=4343808 bytes (10.6%)
(RDMA_READ_CONSUME_CHECK_CONSUMER) timestamp=12109 ms, used_size=4341760 bytes (10.6%)
(RDMA_READ_CONSUME_CHECK_CONSUMER) timestamp=12109 ms, used_size=4339712 bytes (10.6%)
(RDMA_READ_CONSUME_CHECK_CONSUMER) timestamp=12109 ms, used_size=4337664 bytes (10.6%)
(RDMA_READ_CONSUME_CHECK_CONSUMER) timestamp=12109 ms, used_size=4335616 bytes (10.6%)
(RDMA_READ_CONSUME_CHECK_CONSUMER) timestamp=12109 ms, used_size=4333568 bytes (10.6%)
(RDMA_READ_CONSUME_CHECK_CONSUMER) timestamp=12109 ms, used_size=4331520 bytes (10.6%)
(RDMA_READ_CONSUME_CHECK_CONSUMER) timestamp=12109 ms, used_size=4329472 bytes (10.6%)
(RDMA_READ_CONSUME_CHECK_CONSUMER) timestamp=12109 ms, used_size=4327424 bytes (10.6%)
(RDMA_READ_CONSUME_CHECK_CONSUMER) timestamp=12109 ms, used_size=4325376 bytes (10.6%)
(RDMA_READ_CONSUME_CHECK_CONSUMER) timestamp=12109 ms, used_size=4323328 bytes (10.6%)
(RDMA_READ_CONSUME_CHECK_CONSUMER) timestamp=12109 ms, used_size=4321280 bytes (10.6%)
(RDMA_READ_CONSUME_CHECK_CONSUMER) timestamp=12109 ms, used_size=4319232 bytes (10.5%)
(RDMA_READ_CONSUME_CHECK_CONSUMER) timestamp=12109 ms, used_size=4317184 bytes (10.5%)
(RDMA_READ_CONSUME_CHECK_CONSUMER) timestamp=12109 ms, used_size=4315136 bytes (10.5%)
(RDMA_READ_CONSUME_CHECK_CONSUMER) timestamp=12109 ms, used_size=4313088 bytes (10.5%)
(RDMA_READ_CONSUME_CHECK_CONSUMER) timestamp=12109 ms, used_size=4311040 bytes (10.5%)
(RDMA_READ_CONSUME_CHECK_CONSUMER) timestamp=12109 ms, used_size=4308992 bytes (10.5%)
(RDMA_READ_CONSUME_CHECK_CONSUMER) timestamp=12109 ms, used_size=4306944 bytes (10.5%)
(RDMA_READ_CONSUME_CHECK_CONSUMER) timestamp=12109 ms, used_size=4304896 bytes (10.5%)
(RDMA_READ_CONSUME_CHECK_CONSUMER) timestamp=12109 ms, used_size=4302848 bytes (10.5%)
(RDMA_READ_CONSUME_CHECK_CONSUMER) timestamp=12109 ms, used_size=4300800 bytes (10.5%)
(RDMA_READ_CONSUME_CHECK_CONSUMER) timestamp=12109 ms, used_size=4298752 bytes (10.5%)
(RDMA_READ_CONSUME_CHECK_CONSUMER) timestamp=12109 ms, used_size=4296704 bytes (10.5%)
(RDMA_READ_CONSUME_CHECK_CONSUMER) timestamp=12109 ms, used_size=4294656 bytes (10.5%)
(RDMA_READ_CONSUME_CHECK_CONSUMER) timestamp=12109 ms, used_size=4292608 bytes (10.5%)
(RDMA_READ_CONSUME_CHECK_CONSUMER) timestamp=12109 ms, used_size=4290560 bytes (10.5%)
(RDMA_READ_CONSUME_CHECK_CONSUMER) timestamp=12109 ms, used_size=4288512 bytes (10.5%)
(RDMA_READ_CONSUME_CHECK_CONSUMER) timestamp=12109 ms, used_size=4286464 bytes (10.5%)
(RDMA_READ_CONSUME_CHECK_CONSUMER) timestamp=12109 ms, used_size=4284416 bytes (10.5%)
(RDMA_READ_CONSUME_CHECK_CONSUMER) timestamp=12109 ms, used_size=4282368 bytes (10.5%)
(RDMA_READ_CONSUME_CHECK_CONSUMER) timestamp=12109 ms, used_size=4280320 bytes (10.4%)
(RDMA_READ_CONSUME_CHECK_CONSUMER) timestamp=12109 ms, used_size=4278272 bytes (10.4%)
(RDMA_READ_CONSUME_CHECK_CONSUMER) timestamp=12109 ms, used_size=4276224 bytes (10.4%)
(RDMA_READ_CONSUME_CHECK_CONSUMER) timestamp=12109 ms, used_size=4274176 bytes (10.4%)
(RDMA_READ_CONSUME_CHECK_CONSUMER) timestamp=12109 ms, used_size=4272128 bytes (10.4%)
(RDMA_READ_CONSUME_CHECK_CONSUMER) timestamp=12109 ms, used_size=4270080 bytes (10.4%)
(RDMA_READ_CONSUME_CHECK_CONSUMER) timestamp=12109 ms, used_size=4268032 bytes (10.4%)
(RDMA_READ_CONSUME_CHECK_CONSUMER) timestamp=12109 ms, used_size=4265984 bytes (10.4%)
(RDMA_READ_CONSUME_CHECK_CONSUMER) timestamp=12109 ms, used_size=4263936 bytes (10.4%)
(RDMA_READ_CONSUME_CHECK_CONSUMER) timestamp=12109 ms, used_size=4261888 bytes (10.4%)
(RDMA_READ_CONSUME_CHECK_CONSUMER) timestamp=12109 ms, used_size=4259840 bytes (10.4%)
(RDMA_READ_CONSUME_CHECK_CONSUMER) timestamp=12109 ms, used_size=4257792 bytes (10.4%)
(RDMA_READ_CONSUME_CHECK_CONSUMER) timestamp=12109 ms, used_size=4255744 bytes (10.4%)
(RDMA_READ_CONSUME_CHECK_CONSUMER) timestamp=12109 ms, used_size=4253696 bytes (10.4%)
(RDMA_READ_CONSUME_CHECK_CONSUMER) timestamp=12109 ms, used_size=4251648 bytes (10.4%)
(RDMA_READ_CONSUME_CHECK_CONSUMER) timestamp=12109 ms, used_size=4249600 bytes (10.4%)
(RDMA_READ_CONSUME_CHECK_CONSUMER) timestamp=12109 ms, used_size=4247552 bytes (10.4%)
(RDMA_READ_CONSUME_CHECK_CONSUMER) timestamp=12109 ms, used_size=4245504 bytes (10.4%)
(RDMA_READ_CONSUME_CHECK_CONSUMER) timestamp=12109 ms, used_size=4243456 bytes (10.4%)
(RDMA_READ_CONSUME_CHECK_CONSUMER) timestamp=12109 ms, used_size=4241408 bytes (10.4%)
(RDMA_READ_CONSUME_CHECK_CONSUMER) timestamp=12109 ms, used_size=4239360 bytes (10.3%)
(RDMA_READ_CONSUME_CHECK_CONSUMER) timestamp=12109 ms, used_size=4237312 bytes (10.3%)
(RDMA_READ_CONSUME_CHECK_CONSUMER) timestamp=12109 ms, used_size=4235264 bytes (10.3%)
(RDMA_READ_CONSUME_CHECK_CONSUMER) timestamp=12109 ms, used_size=4233216 bytes (10.3%)
(RDMA_READ_CONSUME_CHECK_CONSUMER) timestamp=12109 ms, used_size=4231168 bytes (10.3%)
(RDMA_READ_CONSUME_CHECK_CONSUMER) timestamp=12109 ms, used_size=4229120 bytes (10.3%)
(RDMA_READ_CONSUME_CHECK_CONSUMER) timestamp=12109 ms, used_size=4227072 bytes (10.3%)
(RDMA_READ_CONSUME_CHECK_CONSUMER) timestamp=12109 ms, used_size=4225024 bytes (10.3%)
(RDMA_READ_CONSUME_CHECK_CONSUMER) timestamp=12109 ms, used_size=4222976 bytes (10.3%)
(RDMA_READ_CONSUME_CHECK_CONSUMER) timestamp=12109 ms, used_size=4220928 bytes (10.3%)
(RDMA_READ_CONSUME_CHECK_CONSUMER) timestamp=12109 ms, used_size=4218880 bytes (10.3%)
(RDMA_READ_CONSUME_CHECK_CONSUMER) timestamp=12109 ms, used_size=4216832 bytes (10.3%)
(RDMA_READ_CONSUME_CHECK_CONSUMER) timestamp=12109 ms, used_size=4214784 bytes (10.3%)
(RDMA_READ_CONSUME_CHECK_CONSUMER) timestamp=12109 ms, used_size=4212736 bytes (10.3%)
(RDMA_READ_CONSUME_CHECK_CONSUMER) timestamp=12109 ms, used_size=4210688 bytes (10.3%)
(RDMA_READ_CONSUME_CHECK_CONSUMER) timestamp=12109 ms, used_size=4208640 bytes (10.3%)
(RDMA_READ_CONSUME_CHECK_CONSUMER) timestamp=12109 ms, used_size=4206592 bytes (10.3%)
(RDMA_READ_CONSUME_CHECK_CONSUMER) timestamp=12109 ms, used_size=4204544 bytes (10.3%)
(RDMA_READ_CONSUME_CHECK_CONSUMER) timestamp=12109 ms, used_size=4202496 bytes (10.3%)
(RDMA_READ_CONSUME_CHECK_CONSUMER) timestamp=12109 ms, used_size=4200448 bytes (10.3%)
(RDMA_READ_CONSUME_CHECK_CONSUMER) timestamp=12109 ms, used_size=4198400 bytes (10.2%)
(RDMA_READ_CONSUME_CHECK_CONSUMER) timestamp=12109 ms, used_size=4196352 bytes (10.2%)
(RDMA_READ_CONSUME_CHECK_CONSUMER) timestamp=12109 ms, used_size=4194304 bytes (10.2%)
(RDMA_READ_CONSUME_CHECK_CONSUMER) timestamp=12109 ms, used_size=4192256 bytes (10.2%)
(RDMA_READ_CONSUME_CHECK_CONSUMER) timestamp=12109 ms, used_size=4190208 bytes (10.2%)
(RDMA_READ_CONSUME_CHECK_CONSUMER) timestamp=12109 ms, used_size=4188160 bytes (10.2%)
(RDMA_READ_CONSUME_CHECK_CONSUMER) timestamp=12109 ms, used_size=4186112 bytes (10.2%)
(RDMA_READ_CONSUME_CHECK_CONSUMER) timestamp=12109 ms, used_size=4184064 bytes (10.2%)
(RDMA_READ_CONSUME_CHECK_CONSUMER) timestamp=12109 ms, used_size=4182016 bytes (10.2%)
(RDMA_READ_CONSUME_CHECK_CONSUMER) timestamp=12109 ms, used_size=4179968 bytes (10.2%)
(RDMA_READ_CONSUME_CHECK_CONSUMER) timestamp=12109 ms, used_size=4177920 bytes (10.2%)
(RDMA_READ_CONSUME_CHECK_CONSUMER) timestamp=12109 ms, used_size=4175872 bytes (10.2%)
(RDMA_READ_CONSUME_CHECK_CONSUMER) timestamp=12109 ms, used_size=4173824 bytes (10.2%)
(RDMA_READ_CONSUME_CHECK_CONSUMER) timestamp=12109 ms, used_size=4171776 bytes (10.2%)
(RDMA_READ_CONSUME_CHECK_CONSUMER) timestamp=12109 ms, used_size=4169728 bytes (10.2%)
(RDMA_READ_CONSUME_CHECK_CONSUMER) timestamp=12109 ms, used_size=4167680 bytes (10.2%)
(RDMA_READ_CONSUME_CHECK_CONSUMER) timestamp=12109 ms, used_size=4165632 bytes (10.2%)
(RDMA_READ_CONSUME_CHECK_CONSUMER) timestamp=12109 ms, used_size=4163584 bytes (10.2%)
(RDMA_READ_CONSUME_CHECK_CONSUMER) timestamp=12109 ms, used_size=4161536 bytes (10.2%)
(RDMA_READ_CONSUME_CHECK_CONSUMER) timestamp=12109 ms, used_size=4159488 bytes (10.2%)
(RDMA_READ_CONSUME_CHECK_CONSUMER) timestamp=12109 ms, used_size=4157440 bytes (10.2%)
(RDMA_READ_CONSUME_CHECK_CONSUMER) timestamp=12109 ms, used_size=4155392 bytes (10.1%)
(RDMA_READ_CONSUME_CHECK_CONSUMER) timestamp=12109 ms, used_size=4153344 bytes (10.1%)
(RDMA_READ_CONSUME_CHECK_CONSUMER) timestamp=12109 ms, used_size=4151296 bytes (10.1%)
(RDMA_READ_CONSUME_CHECK_CONSUMER) timestamp=12109 ms, used_size=4149248 bytes (10.1%)
(RDMA_READ_CONSUME_CHECK_CONSUMER) timestamp=12109 ms, used_size=4147200 bytes (10.1%)
(RDMA_READ_CONSUME_CHECK_CONSUMER) timestamp=12109 ms, used_size=4145152 bytes (10.1%)
(RDMA_READ_CONSUME_CHECK_CONSUMER) timestamp=12109 ms, used_size=4143104 bytes (10.1%)
(RDMA_READ_CONSUME_CHECK_CONSUMER) timestamp=12109 ms, used_size=4141056 bytes (10.1%)
(RDMA_READ_CONSUME_CHECK_CONSUMER) timestamp=12109 ms, used_size=4139008 bytes (10.1%)
(RDMA_READ_CONSUME_CHECK_CONSUMER) timestamp=12109 ms, used_size=4136960 bytes (10.1%)
(RDMA_READ_CONSUME_CHECK_CONSUMER) timestamp=12109 ms, used_size=4134912 bytes (10.1%)
(RDMA_READ_CONSUME_CHECK_CONSUMER) timestamp=12109 ms, used_size=4132864 bytes (10.1%)
(RDMA_READ_CONSUME_CHECK_CONSUMER) timestamp=12109 ms, used_size=4130816 bytes (10.1%)
(RDMA_READ_CONSUME_CHECK_CONSUMER) timestamp=12109 ms, used_size=4128768 bytes (10.1%)
(RDMA_READ_CONSUME_CHECK_CONSUMER) timestamp=12109 ms, used_size=4126720 bytes (10.1%)
(RDMA_READ_CONSUME_CHECK_CONSUMER) timestamp=12109 ms, used_size=4124672 bytes (10.1%)
(RDMA_READ_CONSUME_CHECK_CONSUMER) timestamp=12109 ms, used_size=4122624 bytes (10.1%)
(RDMA_READ_CONSUME_CHECK_CONSUMER) timestamp=12109 ms, used_size=4120576 bytes (10.1%)
(RDMA_READ_CONSUME_CHECK_CONSUMER) timestamp=12109 ms, used_size=4118528 bytes (10.1%)
(RDMA_READ_CONSUME_CHECK_CONSUMER) timestamp=12109 ms, used_size=4116480 bytes (10.1%)
(RDMA_READ_CONSUME_CHECK_CONSUMER) timestamp=12109 ms, used_size=4114432 bytes (10.0%)
(RDMA_READ_CONSUME_CHECK_CONSUMER) timestamp=12109 ms, used_size=4112384 bytes (10.0%)
(RDMA_READ_CONSUME_CHECK_CONSUMER) timestamp=12109 ms, used_size=4110336 bytes (10.0%)
(RDMA_READ_CONSUME_CHECK_CONSUMER) timestamp=12109 ms, used_size=4108288 bytes (10.0%)
(RDMA_READ_CONSUME_CHECK_CONSUMER) timestamp=12109 ms, used_size=4106240 bytes (10.0%)
(RDMA_READ_CONSUME_CHECK_CONSUMER) timestamp=12109 ms, used_size=4104192 bytes (10.0%)
(RDMA_READ_CONSUME_CHECK_CONSUMER) timestamp=12109 ms, used_size=4102144 bytes (10.0%)
(RDMA_READ_CONSUME_CHECK_CONSUMER) timestamp=12109 ms, used_size=4100096 bytes (10.0%)
(RDMA_READ_CONSUME_CHECK_CONSUMER) timestamp=12109 ms, used_size=4098048 bytes (10.0%)
(RDMA_READ_CONSUME_CHECK_CONSUMER) timestamp=12109 ms, used_size=4096000 bytes (10.0%)
(RDMA_READ_CONSUME_CHECK_CONSUMER) timestamp=12109 ms, used_size=4093952 bytes (10.0%)
(RDMA_READ_CONSUME_CHECK_CONSUMER) timestamp=12109 ms, used_size=4091904 bytes (10.0%)
(RDMA_READ_CONSUME_CHECK_CONSUMER) timestamp=12109 ms, used_size=4089856 bytes (10.0%)
(RDMA_READ_CONSUME_CHECK_CONSUMER) timestamp=12109 ms, used_size=4087808 bytes (10.0%)
(RDMA_READ_CONSUME_CHECK_CONSUMER) timestamp=12109 ms, used_size=4085760 bytes (10.0%)
(RDMA_READ_CONSUME_CHECK_CONSUMER) timestamp=12109 ms, used_size=4083712 bytes (10.0%)
(RDMA_READ_CONSUME_CHECK_CONSUMER) timestamp=12109 ms, used_size=4081664 bytes (10.0%)
(RDMA_READ_CONSUME_CHECK_CONSUMER) timestamp=12109 ms, used_size=4079616 bytes (10.0%)
(RDMA_READ_CONSUME_CHECK_CONSUMER) timestamp=12109 ms, used_size=4077568 bytes (10.0%)
(RDMA_READ_CONSUME_CHECK_CONSUMER) timestamp=12109 ms, used_size=4075520 bytes (9.9%)
(RDMA_READ_CONSUME_CHECK_CONSUMER) timestamp=12109 ms, used_size=4073472 bytes (9.9%)
(RDMA_READ_CONSUME_CHECK_CONSUMER) timestamp=12109 ms, used_size=4071424 bytes (9.9%)
(RDMA_READ_CONSUME_CHECK_CONSUMER) timestamp=12109 ms, used_size=4069376 bytes (9.9%)
(RDMA_READ_CONSUME_CHECK_CONSUMER) timestamp=12109 ms, used_size=4067328 bytes (9.9%)
(RDMA_READ_CONSUME_CHECK_CONSUMER) timestamp=12109 ms, used_size=4065280 bytes (9.9%)
(RDMA_READ_CONSUME_CHECK_CONSUMER) timestamp=12109 ms, used_size=4063232 bytes (9.9%)
(RDMA_READ_CONSUME_CHECK_CONSUMER) timestamp=12109 ms, used_size=4061184 bytes (9.9%)
(RDMA_READ_CONSUME_CHECK_CONSUMER) timestamp=12109 ms, used_size=4059136 bytes (9.9%)
(RDMA_READ_CONSUME_CHECK_CONSUMER) timestamp=12109 ms, used_size=4057088 bytes (9.9%)
(RDMA_READ_CONSUME_CHECK_CONSUMER) timestamp=12109 ms, used_size=4055040 bytes (9.9%)
(RDMA_READ_CONSUME_CHECK_CONSUMER) timestamp=12109 ms, used_size=4052992 bytes (9.9%)
(RDMA_READ_CONSUME_CHECK_CONSUMER) timestamp=12109 ms, used_size=4050944 bytes (9.9%)
(RDMA_READ_CONSUME_CHECK_CONSUMER) timestamp=12109 ms, used_size=4048896 bytes (9.9%)
(RDMA_READ_CONSUME_CHECK_CONSUMER) timestamp=12109 ms, used_size=4046848 bytes (9.9%)
(RDMA_READ_CONSUME_CHECK_CONSUMER) timestamp=12109 ms, used_size=4044800 bytes (9.9%)
(RDMA_READ_CONSUME_CHECK_CONSUMER) timestamp=12109 ms, used_size=4042752 bytes (9.9%)
(RDMA_READ_CONSUME_CHECK_CONSUMER) timestamp=12109 ms, used_size=4040704 bytes (9.9%)
(RDMA_READ_CONSUME_CHECK_CONSUMER) timestamp=12109 ms, used_size=4038656 bytes (9.9%)
(RDMA_READ_CONSUME_CHECK_CONSUMER) timestamp=12109 ms, used_size=4036608 bytes (9.9%)
(RDMA_READ_CONSUME_CHECK_CONSUMER) timestamp=12109 ms, used_size=4034560 bytes (9.8%)
(RDMA_READ_CONSUME_CHECK_CONSUMER) timestamp=12109 ms, used_size=4032512 bytes (9.8%)
(RDMA_READ_CONSUME_CHECK_CONSUMER) timestamp=12109 ms, used_size=4030464 bytes (9.8%)
(RDMA_READ_CONSUME_CHECK_CONSUMER) timestamp=12109 ms, used_size=4028416 bytes (9.8%)
(RDMA_READ_CONSUME_CHECK_CONSUMER) timestamp=12109 ms, used_size=4026368 bytes (9.8%)
(RDMA_READ_CONSUME_CHECK_CONSUMER) timestamp=12109 ms, used_size=4024320 bytes (9.8%)
(RDMA_READ_CONSUME_CHECK_CONSUMER) timestamp=12109 ms, used_size=4022272 bytes (9.8%)
(RDMA_READ_CONSUME_CHECK_CONSUMER) timestamp=12109 ms, used_size=4020224 bytes (9.8%)
(RDMA_READ_CONSUME_CHECK_CONSUMER) timestamp=12109 ms, used_size=4018176 bytes (9.8%)
(RDMA_READ_CONSUME_CHECK_CONSUMER) timestamp=12109 ms, used_size=4016128 bytes (9.8%)
(RDMA_READ_CONSUME_CHECK_CONSUMER) timestamp=12109 ms, used_size=4014080 bytes (9.8%)
(RDMA_READ_CONSUME_CHECK_CONSUMER) timestamp=12109 ms, used_size=4012032 bytes (9.8%)
(RDMA_READ_CONSUME_CHECK_CONSUMER) timestamp=12109 ms, used_size=4009984 bytes (9.8%)
(RDMA_READ_CONSUME_CHECK_CONSUMER) timestamp=12109 ms, used_size=4007936 bytes (9.8%)
(RDMA_READ_CONSUME_CHECK_CONSUMER) timestamp=12109 ms, used_size=4005888 bytes (9.8%)
(RDMA_READ_CONSUME_CHECK_CONSUMER) timestamp=12109 ms, used_size=4003840 bytes (9.8%)
(RDMA_READ_CONSUME_CHECK_CONSUMER) timestamp=12110 ms, used_size=4001792 bytes (9.8%)
(RDMA_READ_CONSUME_CHECK_CONSUMER) timestamp=12110 ms, used_size=3999744 bytes (9.8%)
(RDMA_READ_CONSUME_CHECK_CONSUMER) timestamp=12110 ms, used_size=3997696 bytes (9.8%)
(RDMA_READ_CONSUME_CHECK_CONSUMER) timestamp=12110 ms, used_size=3995648 bytes (9.8%)
(RDMA_READ_CONSUME_CHECK_CONSUMER) timestamp=12110 ms, used_size=3993600 bytes (9.8%)
(RDMA_READ_CONSUME_CHECK_CONSUMER) timestamp=12110 ms, used_size=3991552 bytes (9.7%)
(RDMA_READ_CONSUME_CHECK_CONSUMER) timestamp=12110 ms, used_size=3989504 bytes (9.7%)
(RDMA_READ_CONSUME_CHECK_CONSUMER) timestamp=12110 ms, used_size=3987456 bytes (9.7%)
(RDMA_READ_CONSUME_CHECK_CONSUMER) timestamp=12110 ms, used_size=3985408 bytes (9.7%)
(RDMA_READ_CONSUME_CHECK_CONSUMER) timestamp=12110 ms, used_size=3983360 bytes (9.7%)
(RDMA_READ_CONSUME_CHECK_CONSUMER) timestamp=12110 ms, used_size=3981312 bytes (9.7%)
(RDMA_READ_CONSUME_CHECK_CONSUMER) timestamp=12110 ms, used_size=3979264 bytes (9.7%)
(RDMA_READ_CONSUME_CHECK_CONSUMER) timestamp=12110 ms, used_size=3977216 bytes (9.7%)
(RDMA_READ_CONSUME_CHECK_CONSUMER) timestamp=12110 ms, used_size=3975168 bytes (9.7%)
(RDMA_READ_CONSUME_CHECK_CONSUMER) timestamp=12110 ms, used_size=3973120 bytes (9.7%)
(RDMA_READ_CONSUME_CHECK_CONSUMER) timestamp=12110 ms, used_size=3971072 bytes (9.7%)
(RDMA_READ_CONSUME_CHECK_CONSUMER) timestamp=12110 ms, used_size=3969024 bytes (9.7%)
(RDMA_READ_CONSUME_CHECK_CONSUMER) timestamp=12110 ms, used_size=3966976 bytes (9.7%)
(RDMA_READ_CONSUME_CHECK_CONSUMER) timestamp=12110 ms, used_size=3964928 bytes (9.7%)
(RDMA_READ_CONSUME_CHECK_CONSUMER) timestamp=12110 ms, used_size=3962880 bytes (9.7%)
(RDMA_READ_CONSUME_CHECK_CONSUMER) timestamp=12110 ms, used_size=3960832 bytes (9.7%)
(RDMA_READ_CONSUME_CHECK_CONSUMER) timestamp=12110 ms, used_size=3958784 bytes (9.7%)
(RDMA_READ_CONSUME_CHECK_CONSUMER) timestamp=12110 ms, used_size=3956736 bytes (9.7%)
(RDMA_READ_CONSUME_CHECK_CONSUMER) timestamp=12110 ms, used_size=3954688 bytes (9.7%)
(RDMA_READ_CONSUME_CHECK_CONSUMER) timestamp=12110 ms, used_size=3952640 bytes (9.7%)
(RDMA_READ_CONSUME_CHECK_CONSUMER) timestamp=12110 ms, used_size=3950592 bytes (9.6%)
(RDMA_READ_CONSUME_CHECK_CONSUMER) timestamp=12110 ms, used_size=3948544 bytes (9.6%)
(RDMA_READ_CONSUME_CHECK_CONSUMER) timestamp=12110 ms, used_size=3946496 bytes (9.6%)
(RDMA_READ_CONSUME_CHECK_CONSUMER) timestamp=12110 ms, used_size=3944448 bytes (9.6%)
(RDMA_READ_CONSUME_CHECK_CONSUMER) timestamp=12110 ms, used_size=3942400 bytes (9.6%)
(RDMA_READ_CONSUME_CHECK_CONSUMER) timestamp=12110 ms, used_size=3940352 bytes (9.6%)
(RDMA_READ_CONSUME_CHECK_CONSUMER) timestamp=12110 ms, used_size=3938304 bytes (9.6%)
(RDMA_READ_CONSUME_CHECK_CONSUMER) timestamp=12110 ms, used_size=3936256 bytes (9.6%)
(RDMA_READ_CONSUME_CHECK_CONSUMER) timestamp=12110 ms, used_size=3934208 bytes (9.6%)
(RDMA_READ_CONSUME_CHECK_CONSUMER) timestamp=12110 ms, used_size=3932160 bytes (9.6%)
(RDMA_READ_CONSUME_CHECK_CONSUMER) timestamp=12110 ms, used_size=3930112 bytes (9.6%)
(RDMA_READ_CONSUME_CHECK_CONSUMER) timestamp=12110 ms, used_size=3928064 bytes (9.6%)
(RDMA_READ_CONSUME_CHECK_CONSUMER) timestamp=12110 ms, used_size=3926016 bytes (9.6%)
(RDMA_READ_CONSUME_CHECK_CONSUMER) timestamp=12110 ms, used_size=3923968 bytes (9.6%)
(RDMA_READ_CONSUME_CHECK_CONSUMER) timestamp=12110 ms, used_size=3921920 bytes (9.6%)
(RDMA_READ_CONSUME_CHECK_CONSUMER) timestamp=12110 ms, used_size=3919872 bytes (9.6%)
(RDMA_READ_CONSUME_CHECK_CONSUMER) timestamp=12110 ms, used_size=3917824 bytes (9.6%)
(RDMA_READ_CONSUME_CHECK_CONSUMER) timestamp=12110 ms, used_size=3915776 bytes (9.6%)
(RDMA_READ_CONSUME_CHECK_CONSUMER) timestamp=12110 ms, used_size=3913728 bytes (9.6%)
(RDMA_READ_CONSUME_CHECK_CONSUMER) timestamp=12110 ms, used_size=3911680 bytes (9.6%)
(RDMA_READ_CONSUME_CHECK_CONSUMER) timestamp=12110 ms, used_size=3909632 bytes (9.5%)
(RDMA_READ_CONSUME_CHECK_CONSUMER) timestamp=12110 ms, used_size=3907584 bytes (9.5%)
(RDMA_READ_CONSUME_CHECK_CONSUMER) timestamp=12110 ms, used_size=3905536 bytes (9.5%)
(RDMA_READ_CONSUME_CHECK_CONSUMER) timestamp=12110 ms, used_size=3903488 bytes (9.5%)
(RDMA_READ_CONSUME_CHECK_CONSUMER) timestamp=12110 ms, used_size=3901440 bytes (9.5%)
(RDMA_READ_CONSUME_CHECK_CONSUMER) timestamp=12110 ms, used_size=3899392 bytes (9.5%)
(RDMA_READ_CONSUME_CHECK_CONSUMER) timestamp=12110 ms, used_size=3897344 bytes (9.5%)
(RDMA_READ_CONSUME_CHECK_CONSUMER) timestamp=12110 ms, used_size=3895296 bytes (9.5%)
(RDMA_READ_CONSUME_CHECK_CONSUMER) timestamp=12110 ms, used_size=3893248 bytes (9.5%)
(RDMA_READ_CONSUME_CHECK_CONSUMER) timestamp=12110 ms, used_size=3891200 bytes (9.5%)
(RDMA_READ_CONSUME_CHECK_CONSUMER) timestamp=12110 ms, used_size=3889152 bytes (9.5%)
(RDMA_READ_CONSUME_CHECK_CONSUMER) timestamp=12110 ms, used_size=3887104 bytes (9.5%)
(RDMA_READ_CONSUME_CHECK_CONSUMER) timestamp=12110 ms, used_size=3885056 bytes (9.5%)
(RDMA_READ_CONSUME_CHECK_CONSUMER) timestamp=12110 ms, used_size=3883008 bytes (9.5%)
(RDMA_READ_CONSUME_CHECK_CONSUMER) timestamp=12110 ms, used_size=3880960 bytes (9.5%)
(RDMA_READ_CONSUME_CHECK_CONSUMER) timestamp=12110 ms, used_size=3878912 bytes (9.5%)
(RDMA_READ_CONSUME_CHECK_CONSUMER) timestamp=12110 ms, used_size=3876864 bytes (9.5%)
(RDMA_READ_CONSUME_CHECK_CONSUMER) timestamp=12110 ms, used_size=3874816 bytes (9.5%)
(RDMA_READ_CONSUME_CHECK_CONSUMER) timestamp=12110 ms, used_size=3872768 bytes (9.5%)
(RDMA_READ_CONSUME_CHECK_CONSUMER) timestamp=12110 ms, used_size=3870720 bytes (9.4%)
(RDMA_READ_CONSUME_CHECK_CONSUMER) timestamp=12110 ms, used_size=3868672 bytes (9.4%)
(RDMA_READ_CONSUME_CHECK_CONSUMER) timestamp=12110 ms, used_size=3866624 bytes (9.4%)
(RDMA_READ_CONSUME_CHECK_CONSUMER) timestamp=12110 ms, used_size=3864576 bytes (9.4%)
(RDMA_READ_CONSUME_CHECK_CONSUMER) timestamp=12110 ms, used_size=3862528 bytes (9.4%)
(RDMA_READ_CONSUME_CHECK_CONSUMER) timestamp=12110 ms, used_size=3860480 bytes (9.4%)
(RDMA_READ_CONSUME_CHECK_CONSUMER) timestamp=12110 ms, used_size=3858432 bytes (9.4%)
(RDMA_READ_CONSUME_CHECK_CONSUMER) timestamp=12110 ms, used_size=3856384 bytes (9.4%)
(RDMA_READ_CONSUME_CHECK_CONSUMER) timestamp=12110 ms, used_size=3854336 bytes (9.4%)
(RDMA_READ_CONSUME_CHECK_CONSUMER) timestamp=12110 ms, used_size=3852288 bytes (9.4%)
(RDMA_READ_CONSUME_CHECK_CONSUMER) timestamp=12110 ms, used_size=3850240 bytes (9.4%)
(RDMA_READ_CONSUME_CHECK_CONSUMER) timestamp=12110 ms, used_size=3848192 bytes (9.4%)
(RDMA_READ_CONSUME_CHECK_CONSUMER) timestamp=12110 ms, used_size=3846144 bytes (9.4%)
(RDMA_READ_CONSUME_CHECK_CONSUMER) timestamp=12110 ms, used_size=3844096 bytes (9.4%)
(RDMA_READ_CONSUME_CHECK_CONSUMER) timestamp=12110 ms, used_size=3842048 bytes (9.4%)
(RDMA_READ_CONSUME_CHECK_CONSUMER) timestamp=12110 ms, used_size=3840000 bytes (9.4%)
(RDMA_READ_CONSUME_CHECK_CONSUMER) timestamp=12110 ms, used_size=3837952 bytes (9.4%)
(RDMA_READ_CONSUME_CHECK_CONSUMER) timestamp=12110 ms, used_size=3835904 bytes (9.4%)
(RDMA_READ_CONSUME_CHECK_CONSUMER) timestamp=12110 ms, used_size=3833856 bytes (9.4%)
(RDMA_READ_CONSUME_CHECK_CONSUMER) timestamp=12110 ms, used_size=3831808 bytes (9.4%)
(RDMA_READ_CONSUME_CHECK_CONSUMER) timestamp=12110 ms, used_size=3829760 bytes (9.3%)
(RDMA_READ_CONSUME_CHECK_CONSUMER) timestamp=12110 ms, used_size=3827712 bytes (9.3%)
(RDMA_READ_CONSUME_CHECK_CONSUMER) timestamp=12110 ms, used_size=3825664 bytes (9.3%)
(RDMA_READ_CONSUME_CHECK_CONSUMER) timestamp=12110 ms, used_size=3823616 bytes (9.3%)
(RDMA_READ_CONSUME_CHECK_CONSUMER) timestamp=12110 ms, used_size=3821568 bytes (9.3%)
(RDMA_READ_CONSUME_CHECK_CONSUMER) timestamp=12110 ms, used_size=3819520 bytes (9.3%)
(RDMA_READ_CONSUME_CHECK_CONSUMER) timestamp=12110 ms, used_size=3817472 bytes (9.3%)
(RDMA_READ_CONSUME_CHECK_CONSUMER) timestamp=12110 ms, used_size=3815424 bytes (9.3%)
(RDMA_READ_CONSUME_CHECK_CONSUMER) timestamp=12110 ms, used_size=3813376 bytes (9.3%)
(RDMA_READ_CONSUME_CHECK_CONSUMER) timestamp=12110 ms, used_size=3811328 bytes (9.3%)
(RDMA_READ_CONSUME_CHECK_CONSUMER) timestamp=12110 ms, used_size=3809280 bytes (9.3%)
(RDMA_READ_CONSUME_CHECK_CONSUMER) timestamp=12110 ms, used_size=3807232 bytes (9.3%)
(RDMA_READ_CONSUME_CHECK_CONSUMER) timestamp=12110 ms, used_size=3805184 bytes (9.3%)
(RDMA_READ_CONSUME_CHECK_CONSUMER) timestamp=12110 ms, used_size=3803136 bytes (9.3%)
(RDMA_READ_CONSUME_CHECK_CONSUMER) timestamp=12110 ms, used_size=3801088 bytes (9.3%)
(RDMA_READ_CONSUME_CHECK_CONSUMER) timestamp=12110 ms, used_size=3799040 bytes (9.3%)
(RDMA_READ_CONSUME_CHECK_CONSUMER) timestamp=12110 ms, used_size=3796992 bytes (9.3%)
(RDMA_READ_CONSUME_CHECK_CONSUMER) timestamp=12110 ms, used_size=3794944 bytes (9.3%)
(RDMA_READ_CONSUME_CHECK_CONSUMER) timestamp=12110 ms, used_size=3792896 bytes (9.3%)
(RDMA_READ_CONSUME_CHECK_CONSUMER) timestamp=12110 ms, used_size=3790848 bytes (9.3%)
(RDMA_READ_CONSUME_CHECK_CONSUMER) timestamp=12110 ms, used_size=3788800 bytes (9.2%)
(RDMA_READ_CONSUME_CHECK_CONSUMER) timestamp=12110 ms, used_size=3786752 bytes (9.2%)
(RDMA_READ_CONSUME_CHECK_CONSUMER) timestamp=12110 ms, used_size=3784704 bytes (9.2%)
(RDMA_READ_CONSUME_CHECK_CONSUMER) timestamp=12110 ms, used_size=3782656 bytes (9.2%)
(RDMA_READ_CONSUME_CHECK_CONSUMER) timestamp=12110 ms, used_size=3780608 bytes (9.2%)
(RDMA_READ_CONSUME_CHECK_CONSUMER) timestamp=12110 ms, used_size=3778560 bytes (9.2%)
(RDMA_READ_CONSUME_CHECK_CONSUMER) timestamp=12110 ms, used_size=3776512 bytes (9.2%)
(RDMA_READ_CONSUME_CHECK_CONSUMER) timestamp=12110 ms, used_size=3774464 bytes (9.2%)
(RDMA_READ_CONSUME_CHECK_CONSUMER) timestamp=12110 ms, used_size=3772416 bytes (9.2%)
(RDMA_READ_CONSUME_CHECK_CONSUMER) timestamp=12110 ms, used_size=3770368 bytes (9.2%)
(RDMA_READ_CONSUME_CHECK_CONSUMER) timestamp=12110 ms, used_size=3768320 bytes (9.2%)
(RDMA_READ_CONSUME_CHECK_CONSUMER) timestamp=12110 ms, used_size=3766272 bytes (9.2%)
(RDMA_READ_CONSUME_CHECK_CONSUMER) timestamp=12110 ms, used_size=3764224 bytes (9.2%)
(RDMA_READ_CONSUME_CHECK_CONSUMER) timestamp=12110 ms, used_size=3762176 bytes (9.2%)
(RDMA_READ_CONSUME_CHECK_CONSUMER) timestamp=12110 ms, used_size=3760128 bytes (9.2%)
(RDMA_READ_CONSUME_CHECK_CONSUMER) timestamp=12110 ms, used_size=3758080 bytes (9.2%)
(RDMA_READ_CONSUME_CHECK_CONSUMER) timestamp=12110 ms, used_size=3756032 bytes (9.2%)
(RDMA_READ_CONSUME_CHECK_CONSUMER) timestamp=12110 ms, used_size=3753984 bytes (9.2%)
(RDMA_READ_CONSUME_CHECK_CONSUMER) timestamp=12110 ms, used_size=3751936 bytes (9.2%)
(RDMA_READ_CONSUME_CHECK_CONSUMER) timestamp=12110 ms, used_size=3749888 bytes (9.2%)
(RDMA_READ_CONSUME_CHECK_CONSUMER) timestamp=12110 ms, used_size=3747840 bytes (9.2%)
(RDMA_READ_CONSUME_CHECK_CONSUMER) timestamp=12110 ms, used_size=3745792 bytes (9.1%)
(RDMA_READ_CONSUME_CHECK_CONSUMER) timestamp=12110 ms, used_size=3743744 bytes (9.1%)
(RDMA_READ_CONSUME_CHECK_CONSUMER) timestamp=12110 ms, used_size=3741696 bytes (9.1%)
(RDMA_READ_CONSUME_CHECK_CONSUMER) timestamp=12110 ms, used_size=3739648 bytes (9.1%)
(RDMA_READ_CONSUME_CHECK_CONSUMER) timestamp=12110 ms, used_size=3737600 bytes (9.1%)
(RDMA_READ_CONSUME_CHECK_CONSUMER) timestamp=12110 ms, used_size=3735552 bytes (9.1%)
(RDMA_READ_CONSUME_CHECK_CONSUMER) timestamp=12110 ms, used_size=3733504 bytes (9.1%)
(RDMA_READ_CONSUME_CHECK_CONSUMER) timestamp=12110 ms, used_size=3731456 bytes (9.1%)
(RDMA_READ_CONSUME_CHECK_CONSUMER) timestamp=12110 ms, used_size=3729408 bytes (9.1%)
(RDMA_READ_CONSUME_CHECK_CONSUMER) timestamp=12110 ms, used_size=3727360 bytes (9.1%)
(RDMA_READ_CONSUME_CHECK_CONSUMER) timestamp=12110 ms, used_size=3725312 bytes (9.1%)
(RDMA_READ_CONSUME_CHECK_CONSUMER) timestamp=12110 ms, used_size=3723264 bytes (9.1%)
(RDMA_READ_CONSUME_CHECK_CONSUMER) timestamp=12110 ms, used_size=3721216 bytes (9.1%)
(RDMA_READ_CONSUME_CHECK_CONSUMER) timestamp=12110 ms, used_size=3719168 bytes (9.1%)
(RDMA_READ_CONSUME_CHECK_CONSUMER) timestamp=12110 ms, used_size=3717120 bytes (9.1%)
(RDMA_READ_CONSUME_CHECK_CONSUMER) timestamp=12110 ms, used_size=3715072 bytes (9.1%)
(RDMA_READ_CONSUME_CHECK_CONSUMER) timestamp=12110 ms, used_size=3713024 bytes (9.1%)
(RDMA_READ_CONSUME_CHECK_CONSUMER) timestamp=12110 ms, used_size=3710976 bytes (9.1%)
(RDMA_READ_CONSUME_CHECK_CONSUMER) timestamp=12110 ms, used_size=3708928 bytes (9.1%)
(RDMA_READ_CONSUME_CHECK_CONSUMER) timestamp=12110 ms, used_size=3706880 bytes (9.1%)
(RDMA_READ_CONSUME_CHECK_CONSUMER) timestamp=12110 ms, used_size=3704832 bytes (9.0%)
(RDMA_READ_CONSUME_CHECK_CONSUMER) timestamp=12110 ms, used_size=3702784 bytes (9.0%)
(RDMA_READ_CONSUME_CHECK_CONSUMER) timestamp=12110 ms, used_size=3700736 bytes (9.0%)
(RDMA_READ_CONSUME_CHECK_CONSUMER) timestamp=12110 ms, used_size=3698688 bytes (9.0%)
(RDMA_READ_CONSUME_CHECK_CONSUMER) timestamp=12110 ms, used_size=3696640 bytes (9.0%)
(RDMA_READ_CONSUME_CHECK_CONSUMER) timestamp=12110 ms, used_size=3694592 bytes (9.0%)
(RDMA_READ_CONSUME_CHECK_CONSUMER) timestamp=12110 ms, used_size=3692544 bytes (9.0%)
(RDMA_READ_CONSUME_CHECK_CONSUMER) timestamp=12110 ms, used_size=3690496 bytes (9.0%)
(RDMA_READ_CONSUME_CHECK_CONSUMER) timestamp=12110 ms, used_size=3688448 bytes (9.0%)
(RDMA_READ_CONSUME_CHECK_CONSUMER) timestamp=12110 ms, used_size=3686400 bytes (9.0%)
(RDMA_READ_CONSUME_CHECK_CONSUMER) timestamp=12110 ms, used_size=3684352 bytes (9.0%)
(RDMA_READ_CONSUME_CHECK_CONSUMER) timestamp=12110 ms, used_size=3682304 bytes (9.0%)
(RDMA_READ_CONSUME_CHECK_CONSUMER) timestamp=12110 ms, used_size=3680256 bytes (9.0%)
(RDMA_READ_CONSUME_CHECK_CONSUMER) timestamp=12110 ms, used_size=3678208 bytes (9.0%)
(RDMA_READ_CONSUME_CHECK_CONSUMER) timestamp=12110 ms, used_size=3676160 bytes (9.0%)
(RDMA_READ_CONSUME_CHECK_CONSUMER) timestamp=12110 ms, used_size=3674112 bytes (9.0%)
(RDMA_READ_CONSUME_CHECK_CONSUMER) timestamp=12110 ms, used_size=3672064 bytes (9.0%)
(RDMA_READ_CONSUME_CHECK_CONSUMER) timestamp=12110 ms, used_size=3670016 bytes (9.0%)
(RDMA_READ_CONSUME_CHECK_CONSUMER) timestamp=12110 ms, used_size=3667968 bytes (9.0%)
(RDMA_READ_CONSUME_CHECK_CONSUMER) timestamp=12110 ms, used_size=3665920 bytes (8.9%)
(RDMA_READ_CONSUME_CHECK_CONSUMER) timestamp=12110 ms, used_size=3663872 bytes (8.9%)
(RDMA_READ_CONSUME_CHECK_CONSUMER) timestamp=12110 ms, used_size=3661824 bytes (8.9%)
(RDMA_READ_CONSUME_CHECK_CONSUMER) timestamp=12110 ms, used_size=3659776 bytes (8.9%)
(RDMA_READ_CONSUME_CHECK_CONSUMER) timestamp=12110 ms, used_size=3657728 bytes (8.9%)
(RDMA_READ_CONSUME_CHECK_CONSUMER) timestamp=12110 ms, used_size=3655680 bytes (8.9%)
(RDMA_READ_CONSUME_CHECK_CONSUMER) timestamp=12110 ms, used_size=3653632 bytes (8.9%)
(RDMA_READ_CONSUME_CHECK_CONSUMER) timestamp=12110 ms, used_size=3651584 bytes (8.9%)
(RDMA_READ_CONSUME_CHECK_CONSUMER) timestamp=12110 ms, used_size=3649536 bytes (8.9%)
(RDMA_READ_CONSUME_CHECK_CONSUMER) timestamp=12111 ms, used_size=3647488 bytes (8.9%)
(RDMA_READ_CONSUME_CHECK_CONSUMER) timestamp=12111 ms, used_size=3645440 bytes (8.9%)
(RDMA_READ_CONSUME_CHECK_CONSUMER) timestamp=12111 ms, used_size=3643392 bytes (8.9%)
(RDMA_READ_CONSUME_CHECK_CONSUMER) timestamp=12111 ms, used_size=3641344 bytes (8.9%)
(RDMA_READ_CONSUME_CHECK_CONSUMER) timestamp=12111 ms, used_size=3639296 bytes (8.9%)
(RDMA_READ_CONSUME_CHECK_CONSUMER) timestamp=12111 ms, used_size=3637248 bytes (8.9%)
(RDMA_READ_CONSUME_CHECK_CONSUMER) timestamp=12111 ms, used_size=3635200 bytes (8.9%)
(RDMA_READ_CONSUME_CHECK_CONSUMER) timestamp=12111 ms, used_size=3633152 bytes (8.9%)
(RDMA_READ_CONSUME_CHECK_CONSUMER) timestamp=12111 ms, used_size=3631104 bytes (8.9%)
(RDMA_READ_CONSUME_CHECK_CONSUMER) timestamp=12111 ms, used_size=3629056 bytes (8.9%)
(RDMA_READ_CONSUME_CHECK_CONSUMER) timestamp=12111 ms, used_size=3627008 bytes (8.9%)
(RDMA_READ_CONSUME_CHECK_CONSUMER) timestamp=12111 ms, used_size=3624960 bytes (8.8%)
(RDMA_READ_CONSUME_CHECK_CONSUMER) timestamp=12111 ms, used_size=3622912 bytes (8.8%)
(RDMA_READ_CONSUME_CHECK_CONSUMER) timestamp=12111 ms, used_size=3620864 bytes (8.8%)
(RDMA_READ_CONSUME_CHECK_CONSUMER) timestamp=12111 ms, used_size=3618816 bytes (8.8%)
(RDMA_READ_CONSUME_CHECK_CONSUMER) timestamp=12111 ms, used_size=3616768 bytes (8.8%)
(RDMA_READ_CONSUME_CHECK_CONSUMER) timestamp=12111 ms, used_size=3614720 bytes (8.8%)
(RDMA_READ_CONSUME_CHECK_CONSUMER) timestamp=12111 ms, used_size=3612672 bytes (8.8%)
(RDMA_READ_CONSUME_CHECK_CONSUMER) timestamp=12111 ms, used_size=3610624 bytes (8.8%)
(RDMA_READ_CONSUME_CHECK_CONSUMER) timestamp=12111 ms, used_size=3608576 bytes (8.8%)
(RDMA_READ_CONSUME_CHECK_CONSUMER) timestamp=12111 ms, used_size=3606528 bytes (8.8%)
(RDMA_READ_CONSUME_CHECK_CONSUMER) timestamp=12111 ms, used_size=3604480 bytes (8.8%)
(RDMA_READ_CONSUME_CHECK_CONSUMER) timestamp=12111 ms, used_size=3602432 bytes (8.8%)
(RDMA_READ_CONSUME_CHECK_CONSUMER) timestamp=12111 ms, used_size=3600384 bytes (8.8%)
(RDMA_READ_CONSUME_CHECK_CONSUMER) timestamp=12111 ms, used_size=3598336 bytes (8.8%)
(RDMA_READ_CONSUME_CHECK_CONSUMER) timestamp=12111 ms, used_size=3596288 bytes (8.8%)
(RDMA_READ_CONSUME_CHECK_CONSUMER) timestamp=12111 ms, used_size=3594240 bytes (8.8%)
(RDMA_READ_CONSUME_CHECK_CONSUMER) timestamp=12111 ms, used_size=3592192 bytes (8.8%)
(RDMA_READ_CONSUME_CHECK_CONSUMER) timestamp=12111 ms, used_size=3590144 bytes (8.8%)
(RDMA_READ_CONSUME_CHECK_CONSUMER) timestamp=12111 ms, used_size=3588096 bytes (8.8%)
(RDMA_READ_CONSUME_CHECK_CONSUMER) timestamp=12111 ms, used_size=3586048 bytes (8.8%)
(RDMA_READ_CONSUME_CHECK_CONSUMER) timestamp=12111 ms, used_size=3584000 bytes (8.8%)
(RDMA_READ_CONSUME_CHECK_CONSUMER) timestamp=12111 ms, used_size=3581952 bytes (8.7%)
(RDMA_READ_CONSUME_CHECK_CONSUMER) timestamp=12111 ms, used_size=3579904 bytes (8.7%)
(RDMA_READ_CONSUME_CHECK_CONSUMER) timestamp=12111 ms, used_size=3577856 bytes (8.7%)
(RDMA_READ_CONSUME_CHECK_CONSUMER) timestamp=12111 ms, used_size=3575808 bytes (8.7%)
(RDMA_READ_CONSUME_CHECK_CONSUMER) timestamp=12111 ms, used_size=3573760 bytes (8.7%)
(RDMA_READ_CONSUME_CHECK_CONSUMER) timestamp=12111 ms, used_size=3571712 bytes (8.7%)
(RDMA_READ_CONSUME_CHECK_CONSUMER) timestamp=12111 ms, used_size=3569664 bytes (8.7%)
(RDMA_READ_CONSUME_CHECK_CONSUMER) timestamp=12111 ms, used_size=3567616 bytes (8.7%)
(RDMA_READ_CONSUME_CHECK_CONSUMER) timestamp=12111 ms, used_size=3565568 bytes (8.7%)
(RDMA_READ_CONSUME_CHECK_CONSUMER) timestamp=12111 ms, used_size=3563520 bytes (8.7%)
(RDMA_READ_CONSUME_CHECK_CONSUMER) timestamp=12111 ms, used_size=3561472 bytes (8.7%)
(RDMA_READ_CONSUME_CHECK_CONSUMER) timestamp=12111 ms, used_size=3559424 bytes (8.7%)
(RDMA_READ_CONSUME_CHECK_CONSUMER) timestamp=12111 ms, used_size=3557376 bytes (8.7%)
(RDMA_READ_CONSUME_CHECK_CONSUMER) timestamp=12111 ms, used_size=3555328 bytes (8.7%)
(RDMA_READ_CONSUME_CHECK_CONSUMER) timestamp=12111 ms, used_size=3553280 bytes (8.7%)
(RDMA_READ_CONSUME_CHECK_CONSUMER) timestamp=12111 ms, used_size=3551232 bytes (8.7%)
(RDMA_READ_CONSUME_CHECK_CONSUMER) timestamp=12111 ms, used_size=3549184 bytes (8.7%)
(RDMA_READ_CONSUME_CHECK_CONSUMER) timestamp=12111 ms, used_size=3547136 bytes (8.7%)
(RDMA_READ_CONSUME_CHECK_CONSUMER) timestamp=12111 ms, used_size=3545088 bytes (8.7%)
(RDMA_READ_CONSUME_CHECK_CONSUMER) timestamp=12111 ms, used_size=3543040 bytes (8.7%)
(RDMA_READ_CONSUME_CHECK_CONSUMER) timestamp=12111 ms, used_size=3540992 bytes (8.6%)
(RDMA_READ_CONSUME_CHECK_CONSUMER) timestamp=12111 ms, used_size=3538944 bytes (8.6%)
(RDMA_READ_CONSUME_CHECK_CONSUMER) timestamp=12111 ms, used_size=3536896 bytes (8.6%)
(RDMA_READ_CONSUME_CHECK_CONSUMER) timestamp=12111 ms, used_size=3534848 bytes (8.6%)
(RDMA_READ_CONSUME_CHECK_CONSUMER) timestamp=12111 ms, used_size=3532800 bytes (8.6%)
(RDMA_READ_CONSUME_CHECK_CONSUMER) timestamp=12111 ms, used_size=3530752 bytes (8.6%)
(RDMA_READ_CONSUME_CHECK_CONSUMER) timestamp=12111 ms, used_size=3528704 bytes (8.6%)
(RDMA_READ_CONSUME_CHECK_CONSUMER) timestamp=12111 ms, used_size=3526656 bytes (8.6%)
(RDMA_READ_CONSUME_CHECK_CONSUMER) timestamp=12111 ms, used_size=3524608 bytes (8.6%)
(RDMA_READ_CONSUME_CHECK_CONSUMER) timestamp=12111 ms, used_size=3522560 bytes (8.6%)
(RDMA_READ_CONSUME_CHECK_CONSUMER) timestamp=12111 ms, used_size=3520512 bytes (8.6%)
(RDMA_READ_CONSUME_CHECK_CONSUMER) timestamp=12111 ms, used_size=3518464 bytes (8.6%)
(RDMA_READ_CONSUME_CHECK_CONSUMER) timestamp=12111 ms, used_size=3516416 bytes (8.6%)
(RDMA_READ_CONSUME_CHECK_CONSUMER) timestamp=12111 ms, used_size=3514368 bytes (8.6%)
(RDMA_READ_CONSUME_CHECK_CONSUMER) timestamp=12111 ms, used_size=3512320 bytes (8.6%)
(RDMA_READ_CONSUME_CHECK_CONSUMER) timestamp=12111 ms, used_size=3510272 bytes (8.6%)
(RDMA_READ_CONSUME_CHECK_CONSUMER) timestamp=12111 ms, used_size=3508224 bytes (8.6%)
(RDMA_READ_CONSUME_CHECK_CONSUMER) timestamp=12111 ms, used_size=3506176 bytes (8.6%)
(RDMA_READ_CONSUME_CHECK_CONSUMER) timestamp=12111 ms, used_size=3504128 bytes (8.6%)
(RDMA_READ_CONSUME_CHECK_CONSUMER) timestamp=12111 ms, used_size=3502080 bytes (8.6%)
(RDMA_READ_CONSUME_CHECK_CONSUMER) timestamp=12111 ms, used_size=3500032 bytes (8.5%)
(RDMA_READ_CONSUME_CHECK_CONSUMER) timestamp=12111 ms, used_size=3497984 bytes (8.5%)
(RDMA_READ_CONSUME_CHECK_CONSUMER) timestamp=12111 ms, used_size=3495936 bytes (8.5%)
(RDMA_READ_CONSUME_CHECK_CONSUMER) timestamp=12111 ms, used_size=3493888 bytes (8.5%)
(RDMA_READ_CONSUME_CHECK_CONSUMER) timestamp=12111 ms, used_size=3491840 bytes (8.5%)
(RDMA_READ_CONSUME_CHECK_CONSUMER) timestamp=12111 ms, used_size=3489792 bytes (8.5%)
(RDMA_READ_CONSUME_CHECK_CONSUMER) timestamp=12111 ms, used_size=3487744 bytes (8.5%)
(RDMA_READ_CONSUME_CHECK_CONSUMER) timestamp=12111 ms, used_size=3485696 bytes (8.5%)
(RDMA_READ_CONSUME_CHECK_CONSUMER) timestamp=12111 ms, used_size=3483648 bytes (8.5%)
(RDMA_READ_CONSUME_CHECK_CONSUMER) timestamp=12111 ms, used_size=3481600 bytes (8.5%)
(RDMA_READ_CONSUME_CHECK_CONSUMER) timestamp=12111 ms, used_size=3479552 bytes (8.5%)
(RDMA_READ_CONSUME_CHECK_CONSUMER) timestamp=12111 ms, used_size=3477504 bytes (8.5%)
(RDMA_READ_CONSUME_CHECK_CONSUMER) timestamp=12111 ms, used_size=3475456 bytes (8.5%)
(RDMA_READ_CONSUME_CHECK_CONSUMER) timestamp=12111 ms, used_size=3473408 bytes (8.5%)
(RDMA_READ_CONSUME_CHECK_CONSUMER) timestamp=12111 ms, used_size=3471360 bytes (8.5%)
(RDMA_READ_CONSUME_CHECK_CONSUMER) timestamp=12111 ms, used_size=3469312 bytes (8.5%)
(RDMA_READ_CONSUME_CHECK_CONSUMER) timestamp=12111 ms, used_size=3467264 bytes (8.5%)
(RDMA_READ_CONSUME_CHECK_CONSUMER) timestamp=12111 ms, used_size=3465216 bytes (8.5%)
(RDMA_READ_CONSUME_CHECK_CONSUMER) timestamp=12111 ms, used_size=3463168 bytes (8.5%)
(RDMA_READ_CONSUME_CHECK_CONSUMER) timestamp=12111 ms, used_size=3461120 bytes (8.4%)
(RDMA_READ_CONSUME_CHECK_CONSUMER) timestamp=12111 ms, used_size=3459072 bytes (8.4%)
(RDMA_READ_CONSUME_CHECK_CONSUMER) timestamp=12111 ms, used_size=3457024 bytes (8.4%)
(RDMA_READ_CONSUME_CHECK_CONSUMER) timestamp=12111 ms, used_size=3454976 bytes (8.4%)
(RDMA_READ_CONSUME_CHECK_CONSUMER) timestamp=12111 ms, used_size=3452928 bytes (8.4%)
(RDMA_READ_CONSUME_CHECK_CONSUMER) timestamp=12111 ms, used_size=3450880 bytes (8.4%)
(RDMA_READ_CONSUME_CHECK_CONSUMER) timestamp=12111 ms, used_size=3448832 bytes (8.4%)
(RDMA_READ_CONSUME_CHECK_CONSUMER) timestamp=12111 ms, used_size=3446784 bytes (8.4%)
(RDMA_READ_CONSUME_CHECK_CONSUMER) timestamp=12111 ms, used_size=3444736 bytes (8.4%)
(RDMA_READ_CONSUME_CHECK_CONSUMER) timestamp=12111 ms, used_size=3442688 bytes (8.4%)
(RDMA_READ_CONSUME_CHECK_CONSUMER) timestamp=12111 ms, used_size=3440640 bytes (8.4%)
(RDMA_READ_CONSUME_CHECK_CONSUMER) timestamp=12111 ms, used_size=3438592 bytes (8.4%)
(RDMA_READ_CONSUME_CHECK_CONSUMER) timestamp=12111 ms, used_size=3436544 bytes (8.4%)
(RDMA_READ_CONSUME_CHECK_CONSUMER) timestamp=12111 ms, used_size=3434496 bytes (8.4%)
(RDMA_READ_CONSUME_CHECK_CONSUMER) timestamp=12111 ms, used_size=3432448 bytes (8.4%)
(RDMA_READ_CONSUME_CHECK_CONSUMER) timestamp=12111 ms, used_size=3430400 bytes (8.4%)
(RDMA_READ_CONSUME_CHECK_CONSUMER) timestamp=12111 ms, used_size=3428352 bytes (8.4%)
(RDMA_READ_CONSUME_CHECK_CONSUMER) timestamp=12111 ms, used_size=3426304 bytes (8.4%)
(RDMA_READ_CONSUME_CHECK_CONSUMER) timestamp=12111 ms, used_size=3424256 bytes (8.4%)
(RDMA_READ_CONSUME_CHECK_CONSUMER) timestamp=12111 ms, used_size=3422208 bytes (8.4%)
(RDMA_READ_CONSUME_CHECK_CONSUMER) timestamp=12111 ms, used_size=3420160 bytes (8.3%)
(RDMA_READ_CONSUME_CHECK_CONSUMER) timestamp=12111 ms, used_size=3418112 bytes (8.3%)
(RDMA_READ_CONSUME_CHECK_CONSUMER) timestamp=12111 ms, used_size=3416064 bytes (8.3%)
(RDMA_READ_CONSUME_CHECK_CONSUMER) timestamp=12111 ms, used_size=3414016 bytes (8.3%)
(RDMA_READ_CONSUME_CHECK_CONSUMER) timestamp=12111 ms, used_size=3411968 bytes (8.3%)
(RDMA_READ_CONSUME_CHECK_CONSUMER) timestamp=12111 ms, used_size=3409920 bytes (8.3%)
(RDMA_READ_CONSUME_CHECK_CONSUMER) timestamp=12111 ms, used_size=3407872 bytes (8.3%)
(RDMA_READ_CONSUME_CHECK_CONSUMER) timestamp=12111 ms, used_size=3405824 bytes (8.3%)
(RDMA_READ_CONSUME_CHECK_CONSUMER) timestamp=12111 ms, used_size=3403776 bytes (8.3%)
(RDMA_READ_CONSUME_CHECK_CONSUMER) timestamp=12111 ms, used_size=3401728 bytes (8.3%)
(RDMA_READ_CONSUME_CHECK_CONSUMER) timestamp=12111 ms, used_size=3399680 bytes (8.3%)
(RDMA_READ_CONSUME_CHECK_CONSUMER) timestamp=12111 ms, used_size=3397632 bytes (8.3%)
(RDMA_READ_CONSUME_CHECK_CONSUMER) timestamp=12111 ms, used_size=3395584 bytes (8.3%)
(RDMA_READ_CONSUME_CHECK_CONSUMER) timestamp=12111 ms, used_size=3393536 bytes (8.3%)
(RDMA_READ_CONSUME_CHECK_CONSUMER) timestamp=12111 ms, used_size=3391488 bytes (8.3%)
(RDMA_READ_CONSUME_CHECK_CONSUMER) timestamp=12111 ms, used_size=3389440 bytes (8.3%)
(RDMA_READ_CONSUME_CHECK_CONSUMER) timestamp=12111 ms, used_size=3387392 bytes (8.3%)
(RDMA_READ_CONSUME_CHECK_CONSUMER) timestamp=12111 ms, used_size=3385344 bytes (8.3%)
(RDMA_READ_CONSUME_CHECK_CONSUMER) timestamp=12111 ms, used_size=3383296 bytes (8.3%)
(RDMA_READ_CONSUME_CHECK_CONSUMER) timestamp=12111 ms, used_size=3381248 bytes (8.3%)
(RDMA_READ_CONSUME_CHECK_CONSUMER) timestamp=12111 ms, used_size=3379200 bytes (8.2%)
(RDMA_READ_CONSUME_CHECK_CONSUMER) timestamp=12111 ms, used_size=3377152 bytes (8.2%)
(RDMA_READ_CONSUME_CHECK_CONSUMER) timestamp=12111 ms, used_size=3375104 bytes (8.2%)
(RDMA_READ_CONSUME_CHECK_CONSUMER) timestamp=12111 ms, used_size=3373056 bytes (8.2%)
(RDMA_READ_CONSUME_CHECK_CONSUMER) timestamp=12111 ms, used_size=3371008 bytes (8.2%)
(RDMA_READ_CONSUME_CHECK_CONSUMER) timestamp=12111 ms, used_size=3368960 bytes (8.2%)
(RDMA_READ_CONSUME_CHECK_CONSUMER) timestamp=12111 ms, used_size=3366912 bytes (8.2%)
(RDMA_READ_CONSUME_CHECK_CONSUMER) timestamp=12111 ms, used_size=3364864 bytes (8.2%)
(RDMA_READ_CONSUME_CHECK_CONSUMER) timestamp=12111 ms, used_size=3362816 bytes (8.2%)
(RDMA_READ_CONSUME_CHECK_CONSUMER) timestamp=12111 ms, used_size=3360768 bytes (8.2%)
(RDMA_READ_CONSUME_CHECK_CONSUMER) timestamp=12111 ms, used_size=3358720 bytes (8.2%)
(RDMA_READ_CONSUME_CHECK_CONSUMER) timestamp=12111 ms, used_size=3356672 bytes (8.2%)
(RDMA_READ_CONSUME_CHECK_CONSUMER) timestamp=12111 ms, used_size=3354624 bytes (8.2%)
(RDMA_READ_CONSUME_CHECK_CONSUMER) timestamp=12111 ms, used_size=3352576 bytes (8.2%)
(RDMA_READ_CONSUME_CHECK_CONSUMER) timestamp=12111 ms, used_size=3350528 bytes (8.2%)
(RDMA_READ_CONSUME_CHECK_CONSUMER) timestamp=12111 ms, used_size=3348480 bytes (8.2%)
(RDMA_READ_CONSUME_CHECK_CONSUMER) timestamp=12111 ms, used_size=3346432 bytes (8.2%)
(RDMA_READ_CONSUME_CHECK_CONSUMER) timestamp=12111 ms, used_size=3344384 bytes (8.2%)
(RDMA_READ_CONSUME_CHECK_CONSUMER) timestamp=12111 ms, used_size=3342336 bytes (8.2%)
(RDMA_READ_CONSUME_CHECK_CONSUMER) timestamp=12111 ms, used_size=3340288 bytes (8.2%)
(RDMA_READ_CONSUME_CHECK_CONSUMER) timestamp=12111 ms, used_size=3338240 bytes (8.2%)
(RDMA_READ_CONSUME_CHECK_CONSUMER) timestamp=12111 ms, used_size=3336192 bytes (8.1%)
(RDMA_READ_CONSUME_CHECK_CONSUMER) timestamp=12111 ms, used_size=3334144 bytes (8.1%)
(RDMA_READ_CONSUME_CHECK_CONSUMER) timestamp=12111 ms, used_size=3332096 bytes (8.1%)
(RDMA_READ_CONSUME_CHECK_CONSUMER) timestamp=12111 ms, used_size=3330048 bytes (8.1%)
(RDMA_READ_CONSUME_CHECK_CONSUMER) timestamp=12111 ms, used_size=3328000 bytes (8.1%)
(RDMA_READ_CONSUME_CHECK_CONSUMER) timestamp=12111 ms, used_size=3325952 bytes (8.1%)
(RDMA_READ_CONSUME_CHECK_CONSUMER) timestamp=12111 ms, used_size=3323904 bytes (8.1%)
(RDMA_READ_CONSUME_CHECK_CONSUMER) timestamp=12111 ms, used_size=3321856 bytes (8.1%)
(RDMA_READ_CONSUME_CHECK_CONSUMER) timestamp=12111 ms, used_size=3319808 bytes (8.1%)
(RDMA_READ_CONSUME_CHECK_CONSUMER) timestamp=12111 ms, used_size=3317760 bytes (8.1%)
(RDMA_READ_CONSUME_CHECK_CONSUMER) timestamp=12111 ms, used_size=3315712 bytes (8.1%)
(RDMA_READ_CONSUME_CHECK_CONSUMER) timestamp=12111 ms, used_size=3313664 bytes (8.1%)
(RDMA_READ_CONSUME_CHECK_CONSUMER) timestamp=12111 ms, used_size=3311616 bytes (8.1%)
(RDMA_READ_CONSUME_CHECK_CONSUMER) timestamp=12111 ms, used_size=3309568 bytes (8.1%)
(RDMA_READ_CONSUME_CHECK_CONSUMER) timestamp=12111 ms, used_size=3307520 bytes (8.1%)
(RDMA_READ_CONSUME_CHECK_CONSUMER) timestamp=12111 ms, used_size=3305472 bytes (8.1%)
(RDMA_READ_CONSUME_CHECK_CONSUMER) timestamp=12111 ms, used_size=3303424 bytes (8.1%)
(RDMA_READ_CONSUME_CHECK_CONSUMER) timestamp=12111 ms, used_size=3301376 bytes (8.1%)
(RDMA_READ_CONSUME_CHECK_CONSUMER) timestamp=12111 ms, used_size=3299328 bytes (8.1%)
(RDMA_READ_CONSUME_CHECK_CONSUMER) timestamp=12111 ms, used_size=3297280 bytes (8.1%)
(RDMA_READ_CONSUME_CHECK_CONSUMER) timestamp=12111 ms, used_size=3295232 bytes (8.0%)
(RDMA_READ_CONSUME_CHECK_CONSUMER) timestamp=12112 ms, used_size=3293184 bytes (8.0%)
(RDMA_READ_CONSUME_CHECK_CONSUMER) timestamp=12112 ms, used_size=3291136 bytes (8.0%)
(RDMA_READ_CONSUME_CHECK_CONSUMER) timestamp=12112 ms, used_size=3289088 bytes (8.0%)
(RDMA_READ_CONSUME_CHECK_CONSUMER) timestamp=12112 ms, used_size=3287040 bytes (8.0%)
(RDMA_READ_CONSUME_CHECK_CONSUMER) timestamp=12112 ms, used_size=3284992 bytes (8.0%)
(RDMA_READ_CONSUME_CHECK_CONSUMER) timestamp=12112 ms, used_size=3282944 bytes (8.0%)
(RDMA_READ_CONSUME_CHECK_CONSUMER) timestamp=12112 ms, used_size=3280896 bytes (8.0%)
(RDMA_READ_CONSUME_CHECK_CONSUMER) timestamp=12112 ms, used_size=3278848 bytes (8.0%)
(RDMA_READ_CONSUME_CHECK_CONSUMER) timestamp=12112 ms, used_size=3276800 bytes (8.0%)
(RDMA_READ_CONSUME_CHECK_CONSUMER) timestamp=12112 ms, used_size=3274752 bytes (8.0%)
(RDMA_READ_CONSUME_CHECK_CONSUMER) timestamp=12112 ms, used_size=3272704 bytes (8.0%)
(RDMA_READ_CONSUME_CHECK_CONSUMER) timestamp=12112 ms, used_size=3270656 bytes (8.0%)
(RDMA_READ_CONSUME_CHECK_CONSUMER) timestamp=12112 ms, used_size=3268608 bytes (8.0%)
(RDMA_READ_CONSUME_CHECK_CONSUMER) timestamp=12112 ms, used_size=3266560 bytes (8.0%)
(RDMA_READ_CONSUME_CHECK_CONSUMER) timestamp=12112 ms, used_size=3264512 bytes (8.0%)
(RDMA_READ_CONSUME_CHECK_CONSUMER) timestamp=12112 ms, used_size=3262464 bytes (8.0%)
(RDMA_READ_CONSUME_CHECK_CONSUMER) timestamp=12112 ms, used_size=3260416 bytes (8.0%)
(RDMA_READ_CONSUME_CHECK_CONSUMER) timestamp=12112 ms, used_size=3258368 bytes (8.0%)
(RDMA_READ_CONSUME_CHECK_CONSUMER) timestamp=12112 ms, used_size=3256320 bytes (8.0%)
(RDMA_READ_CONSUME_CHECK_CONSUMER) timestamp=12112 ms, used_size=3254272 bytes (7.9%)
(RDMA_READ_CONSUME_CHECK_CONSUMER) timestamp=12112 ms, used_size=3252224 bytes (7.9%)
(RDMA_READ_CONSUME_CHECK_CONSUMER) timestamp=12112 ms, used_size=3250176 bytes (7.9%)
(RDMA_READ_CONSUME_CHECK_CONSUMER) timestamp=12112 ms, used_size=3248128 bytes (7.9%)
(RDMA_READ_CONSUME_CHECK_CONSUMER) timestamp=12112 ms, used_size=3246080 bytes (7.9%)
(RDMA_READ_CONSUME_CHECK_CONSUMER) timestamp=12112 ms, used_size=3244032 bytes (7.9%)
(RDMA_READ_CONSUME_CHECK_CONSUMER) timestamp=12112 ms, used_size=3241984 bytes (7.9%)
(RDMA_READ_CONSUME_CHECK_CONSUMER) timestamp=12112 ms, used_size=3239936 bytes (7.9%)
(RDMA_READ_CONSUME_CHECK_CONSUMER) timestamp=12112 ms, used_size=3237888 bytes (7.9%)
(RDMA_READ_CONSUME_CHECK_CONSUMER) timestamp=12112 ms, used_size=3235840 bytes (7.9%)
(RDMA_READ_CONSUME_CHECK_CONSUMER) timestamp=12112 ms, used_size=3233792 bytes (7.9%)
(RDMA_READ_CONSUME_CHECK_CONSUMER) timestamp=12112 ms, used_size=3231744 bytes (7.9%)
(RDMA_READ_CONSUME_CHECK_CONSUMER) timestamp=12112 ms, used_size=3229696 bytes (7.9%)
(RDMA_READ_CONSUME_CHECK_CONSUMER) timestamp=12112 ms, used_size=3227648 bytes (7.9%)
(RDMA_READ_CONSUME_CHECK_CONSUMER) timestamp=12112 ms, used_size=3225600 bytes (7.9%)
(RDMA_READ_CONSUME_CHECK_CONSUMER) timestamp=12112 ms, used_size=3223552 bytes (7.9%)
(RDMA_READ_CONSUME_CHECK_CONSUMER) timestamp=12112 ms, used_size=3221504 bytes (7.9%)
(RDMA_READ_CONSUME_CHECK_CONSUMER) timestamp=12112 ms, used_size=3219456 bytes (7.9%)
(RDMA_READ_CONSUME_CHECK_CONSUMER) timestamp=12112 ms, used_size=3217408 bytes (7.9%)
(RDMA_READ_CONSUME_CHECK_CONSUMER) timestamp=12112 ms, used_size=3215360 bytes (7.8%)
(RDMA_READ_CONSUME_CHECK_CONSUMER) timestamp=12112 ms, used_size=3213312 bytes (7.8%)
(RDMA_READ_CONSUME_CHECK_CONSUMER) timestamp=12112 ms, used_size=3211264 bytes (7.8%)
(RDMA_READ_CONSUME_CHECK_CONSUMER) timestamp=12112 ms, used_size=3209216 bytes (7.8%)
(RDMA_READ_CONSUME_CHECK_CONSUMER) timestamp=12112 ms, used_size=3207168 bytes (7.8%)
(RDMA_READ_CONSUME_CHECK_CONSUMER) timestamp=12112 ms, used_size=3205120 bytes (7.8%)
(RDMA_READ_CONSUME_CHECK_CONSUMER) timestamp=12112 ms, used_size=3203072 bytes (7.8%)
(RDMA_READ_CONSUME_CHECK_CONSUMER) timestamp=12112 ms, used_size=3201024 bytes (7.8%)
(RDMA_READ_CONSUME_CHECK_CONSUMER) timestamp=12112 ms, used_size=3198976 bytes (7.8%)
(RDMA_READ_CONSUME_CHECK_CONSUMER) timestamp=12112 ms, used_size=3196928 bytes (7.8%)
(RDMA_READ_CONSUME_CHECK_CONSUMER) timestamp=12112 ms, used_size=3194880 bytes (7.8%)
(RDMA_READ_CONSUME_CHECK_CONSUMER) timestamp=12112 ms, used_size=3192832 bytes (7.8%)
(RDMA_READ_CONSUME_CHECK_CONSUMER) timestamp=12112 ms, used_size=3190784 bytes (7.8%)
(RDMA_READ_CONSUME_CHECK_CONSUMER) timestamp=12112 ms, used_size=3188736 bytes (7.8%)
(RDMA_READ_CONSUME_CHECK_CONSUMER) timestamp=12112 ms, used_size=3186688 bytes (7.8%)
(RDMA_READ_CONSUME_CHECK_CONSUMER) timestamp=12112 ms, used_size=3184640 bytes (7.8%)
(RDMA_READ_CONSUME_CHECK_CONSUMER) timestamp=12112 ms, used_size=3182592 bytes (7.8%)
(RDMA_READ_CONSUME_CHECK_CONSUMER) timestamp=12112 ms, used_size=3180544 bytes (7.8%)
(RDMA_READ_CONSUME_CHECK_CONSUMER) timestamp=12112 ms, used_size=3178496 bytes (7.8%)
(RDMA_READ_CONSUME_CHECK_CONSUMER) timestamp=12112 ms, used_size=3176448 bytes (7.8%)
(RDMA_READ_CONSUME_CHECK_CONSUMER) timestamp=12112 ms, used_size=3174400 bytes (7.8%)
(RDMA_READ_CONSUME_CHECK_CONSUMER) timestamp=12112 ms, used_size=3172352 bytes (7.7%)
(RDMA_READ_CONSUME_CHECK_CONSUMER) timestamp=12112 ms, used_size=3170304 bytes (7.7%)
(RDMA_READ_CONSUME_CHECK_CONSUMER) timestamp=12112 ms, used_size=3168256 bytes (7.7%)
(RDMA_READ_CONSUME_CHECK_CONSUMER) timestamp=12112 ms, used_size=3166208 bytes (7.7%)
(RDMA_READ_CONSUME_CHECK_CONSUMER) timestamp=12112 ms, used_size=3164160 bytes (7.7%)
(RDMA_READ_CONSUME_CHECK_CONSUMER) timestamp=12112 ms, used_size=3162112 bytes (7.7%)
(RDMA_READ_CONSUME_CHECK_CONSUMER) timestamp=12112 ms, used_size=3160064 bytes (7.7%)
(RDMA_READ_CONSUME_CHECK_CONSUMER) timestamp=12112 ms, used_size=3158016 bytes (7.7%)
(RDMA_READ_CONSUME_CHECK_CONSUMER) timestamp=12112 ms, used_size=3155968 bytes (7.7%)
(RDMA_READ_CONSUME_CHECK_CONSUMER) timestamp=12112 ms, used_size=3153920 bytes (7.7%)
(RDMA_READ_CONSUME_CHECK_CONSUMER) timestamp=12112 ms, used_size=3151872 bytes (7.7%)
(RDMA_READ_CONSUME_CHECK_CONSUMER) timestamp=12112 ms, used_size=3149824 bytes (7.7%)
(RDMA_READ_CONSUME_CHECK_CONSUMER) timestamp=12112 ms, used_size=3147776 bytes (7.7%)
(RDMA_READ_CONSUME_CHECK_CONSUMER) timestamp=12112 ms, used_size=3145728 bytes (7.7%)
(RDMA_READ_CONSUME_CHECK_CONSUMER) timestamp=12112 ms, used_size=3143680 bytes (7.7%)
(RDMA_READ_CONSUME_CHECK_CONSUMER) timestamp=12112 ms, used_size=3141632 bytes (7.7%)
(RDMA_READ_CONSUME_CHECK_CONSUMER) timestamp=12112 ms, used_size=3139584 bytes (7.7%)
(RDMA_READ_CONSUME_CHECK_CONSUMER) timestamp=12112 ms, used_size=3137536 bytes (7.7%)
(RDMA_READ_CONSUME_CHECK_CONSUMER) timestamp=12112 ms, used_size=3135488 bytes (7.7%)
(RDMA_READ_CONSUME_CHECK_CONSUMER) timestamp=12112 ms, used_size=3133440 bytes (7.7%)
(RDMA_READ_CONSUME_CHECK_CONSUMER) timestamp=12112 ms, used_size=3131392 bytes (7.6%)
(RDMA_READ_CONSUME_CHECK_CONSUMER) timestamp=12112 ms, used_size=3129344 bytes (7.6%)
(RDMA_READ_CONSUME_CHECK_CONSUMER) timestamp=12112 ms, used_size=3127296 bytes (7.6%)
(RDMA_READ_CONSUME_CHECK_CONSUMER) timestamp=12112 ms, used_size=3125248 bytes (7.6%)
(RDMA_READ_CONSUME_CHECK_CONSUMER) timestamp=12112 ms, used_size=3123200 bytes (7.6%)
(RDMA_READ_CONSUME_CHECK_CONSUMER) timestamp=12112 ms, used_size=3121152 bytes (7.6%)
(RDMA_READ_CONSUME_CHECK_CONSUMER) timestamp=12112 ms, used_size=3119104 bytes (7.6%)
(RDMA_READ_CONSUME_CHECK_CONSUMER) timestamp=12112 ms, used_size=3117056 bytes (7.6%)
(RDMA_READ_CONSUME_CHECK_CONSUMER) timestamp=12112 ms, used_size=3115008 bytes (7.6%)
(RDMA_READ_CONSUME_CHECK_CONSUMER) timestamp=12112 ms, used_size=3112960 bytes (7.6%)
(RDMA_READ_CONSUME_CHECK_CONSUMER) timestamp=12112 ms, used_size=3110912 bytes (7.6%)
(RDMA_READ_CONSUME_CHECK_CONSUMER) timestamp=12112 ms, used_size=3108864 bytes (7.6%)
(RDMA_READ_CONSUME_CHECK_CONSUMER) timestamp=12112 ms, used_size=3106816 bytes (7.6%)
(RDMA_READ_CONSUME_CHECK_CONSUMER) timestamp=12112 ms, used_size=3104768 bytes (7.6%)
(RDMA_READ_CONSUME_CHECK_CONSUMER) timestamp=12112 ms, used_size=3102720 bytes (7.6%)
(RDMA_READ_CONSUME_CHECK_CONSUMER) timestamp=12112 ms, used_size=3100672 bytes (7.6%)
(RDMA_READ_CONSUME_CHECK_CONSUMER) timestamp=12112 ms, used_size=3098624 bytes (7.6%)
(RDMA_READ_CONSUME_CHECK_CONSUMER) timestamp=12112 ms, used_size=3096576 bytes (7.6%)
(RDMA_READ_CONSUME_CHECK_CONSUMER) timestamp=12112 ms, used_size=3094528 bytes (7.6%)
(RDMA_READ_CONSUME_CHECK_CONSUMER) timestamp=12112 ms, used_size=3092480 bytes (7.5%)
(RDMA_READ_CONSUME_CHECK_CONSUMER) timestamp=12112 ms, used_size=3090432 bytes (7.5%)
(RDMA_READ_CONSUME_CHECK_CONSUMER) timestamp=12112 ms, used_size=3088384 bytes (7.5%)
(RDMA_READ_CONSUME_CHECK_CONSUMER) timestamp=12112 ms, used_size=3086336 bytes (7.5%)
(RDMA_READ_CONSUME_CHECK_CONSUMER) timestamp=12112 ms, used_size=3084288 bytes (7.5%)
(RDMA_READ_CONSUME_CHECK_CONSUMER) timestamp=12112 ms, used_size=3082240 bytes (7.5%)
(RDMA_READ_CONSUME_CHECK_CONSUMER) timestamp=12112 ms, used_size=3080192 bytes (7.5%)
(RDMA_READ_CONSUME_CHECK_CONSUMER) timestamp=12112 ms, used_size=3078144 bytes (7.5%)
(RDMA_READ_CONSUME_CHECK_CONSUMER) timestamp=12112 ms, used_size=3076096 bytes (7.5%)
(RDMA_READ_CONSUME_CHECK_CONSUMER) timestamp=12112 ms, used_size=3074048 bytes (7.5%)
(RDMA_READ_CONSUME_CHECK_CONSUMER) timestamp=12112 ms, used_size=3072000 bytes (7.5%)
(RDMA_READ_CONSUME_CHECK_CONSUMER) timestamp=12112 ms, used_size=3069952 bytes (7.5%)
(RDMA_READ_CONSUME_CHECK_CONSUMER) timestamp=12112 ms, used_size=3067904 bytes (7.5%)
(RDMA_READ_CONSUME_CHECK_CONSUMER) timestamp=12112 ms, used_size=3065856 bytes (7.5%)
(RDMA_READ_CONSUME_CHECK_CONSUMER) timestamp=12112 ms, used_size=3063808 bytes (7.5%)
(RDMA_READ_CONSUME_CHECK_CONSUMER) timestamp=12112 ms, used_size=3061760 bytes (7.5%)
(RDMA_READ_CONSUME_CHECK_CONSUMER) timestamp=12112 ms, used_size=3059712 bytes (7.5%)
(RDMA_READ_CONSUME_CHECK_CONSUMER) timestamp=12112 ms, used_size=3057664 bytes (7.5%)
(RDMA_READ_CONSUME_CHECK_CONSUMER) timestamp=12112 ms, used_size=3055616 bytes (7.5%)
(RDMA_READ_CONSUME_CHECK_CONSUMER) timestamp=12112 ms, used_size=3053568 bytes (7.5%)
(RDMA_READ_CONSUME_CHECK_CONSUMER) timestamp=12112 ms, used_size=3051520 bytes (7.5%)
(RDMA_READ_CONSUME_CHECK_CONSUMER) timestamp=12112 ms, used_size=3049472 bytes (7.4%)
(RDMA_READ_CONSUME_CHECK_CONSUMER) timestamp=12112 ms, used_size=3047424 bytes (7.4%)
(RDMA_READ_CONSUME_CHECK_CONSUMER) timestamp=12112 ms, used_size=3045376 bytes (7.4%)
(RDMA_READ_CONSUME_CHECK_CONSUMER) timestamp=12112 ms, used_size=3043328 bytes (7.4%)
(RDMA_READ_CONSUME_CHECK_CONSUMER) timestamp=12112 ms, used_size=3041280 bytes (7.4%)
(RDMA_READ_CONSUME_CHECK_CONSUMER) timestamp=12112 ms, used_size=3039232 bytes (7.4%)
(RDMA_READ_CONSUME_CHECK_CONSUMER) timestamp=12112 ms, used_size=3037184 bytes (7.4%)
(RDMA_READ_CONSUME_CHECK_CONSUMER) timestamp=12112 ms, used_size=3035136 bytes (7.4%)
(RDMA_READ_CONSUME_CHECK_CONSUMER) timestamp=12112 ms, used_size=3033088 bytes (7.4%)
(RDMA_READ_CONSUME_CHECK_CONSUMER) timestamp=12112 ms, used_size=3031040 bytes (7.4%)
(RDMA_READ_CONSUME_CHECK_CONSUMER) timestamp=12112 ms, used_size=3028992 bytes (7.4%)
(RDMA_READ_CONSUME_CHECK_CONSUMER) timestamp=12112 ms, used_size=3026944 bytes (7.4%)
(RDMA_READ_CONSUME_CHECK_CONSUMER) timestamp=12112 ms, used_size=3024896 bytes (7.4%)
(RDMA_READ_CONSUME_CHECK_CONSUMER) timestamp=12112 ms, used_size=3022848 bytes (7.4%)
(RDMA_READ_CONSUME_CHECK_CONSUMER) timestamp=12112 ms, used_size=3020800 bytes (7.4%)
(RDMA_READ_CONSUME_CHECK_CONSUMER) timestamp=12112 ms, used_size=3018752 bytes (7.4%)
(RDMA_READ_CONSUME_CHECK_CONSUMER) timestamp=12112 ms, used_size=3016704 bytes (7.4%)
(RDMA_READ_CONSUME_CHECK_CONSUMER) timestamp=12112 ms, used_size=3014656 bytes (7.4%)
(RDMA_READ_CONSUME_CHECK_CONSUMER) timestamp=12112 ms, used_size=3012608 bytes (7.4%)
(RDMA_READ_CONSUME_CHECK_CONSUMER) timestamp=12112 ms, used_size=3010560 bytes (7.3%)
(RDMA_READ_CONSUME_CHECK_CONSUMER) timestamp=12112 ms, used_size=3008512 bytes (7.3%)
(RDMA_READ_CONSUME_CHECK_CONSUMER) timestamp=12112 ms, used_size=3006464 bytes (7.3%)
(RDMA_READ_CONSUME_CHECK_CONSUMER) timestamp=12112 ms, used_size=3004416 bytes (7.3%)
(RDMA_READ_CONSUME_CHECK_CONSUMER) timestamp=12112 ms, used_size=3002368 bytes (7.3%)
(RDMA_READ_CONSUME_CHECK_CONSUMER) timestamp=12112 ms, used_size=3000320 bytes (7.3%)
(RDMA_READ_CONSUME_CHECK_CONSUMER) timestamp=12112 ms, used_size=2998272 bytes (7.3%)
(RDMA_READ_CONSUME_CHECK_CONSUMER) timestamp=12112 ms, used_size=2996224 bytes (7.3%)
(RDMA_READ_CONSUME_CHECK_CONSUMER) timestamp=12112 ms, used_size=2994176 bytes (7.3%)
(RDMA_READ_CONSUME_CHECK_CONSUMER) timestamp=12112 ms, used_size=2992128 bytes (7.3%)
(RDMA_READ_CONSUME_CHECK_CONSUMER) timestamp=12112 ms, used_size=2990080 bytes (7.3%)
(RDMA_READ_CONSUME_CHECK_CONSUMER) timestamp=12112 ms, used_size=2988032 bytes (7.3%)
(RDMA_READ_CONSUME_CHECK_CONSUMER) timestamp=12112 ms, used_size=2985984 bytes (7.3%)
(RDMA_READ_CONSUME_CHECK_CONSUMER) timestamp=12112 ms, used_size=2983936 bytes (7.3%)
(RDMA_READ_CONSUME_CHECK_CONSUMER) timestamp=12112 ms, used_size=2981888 bytes (7.3%)
(RDMA_READ_CONSUME_CHECK_CONSUMER) timestamp=12112 ms, used_size=2979840 bytes (7.3%)
(RDMA_READ_CONSUME_CHECK_CONSUMER) timestamp=12112 ms, used_size=2977792 bytes (7.3%)
(RDMA_READ_CONSUME_CHECK_CONSUMER) timestamp=12112 ms, used_size=2975744 bytes (7.3%)
(RDMA_READ_CONSUME_CHECK_CONSUMER) timestamp=12112 ms, used_size=2973696 bytes (7.3%)
(RDMA_READ_CONSUME_CHECK_CONSUMER) timestamp=12112 ms, used_size=2971648 bytes (7.3%)
(RDMA_READ_CONSUME_CHECK_CONSUMER) timestamp=12112 ms, used_size=2969600 bytes (7.2%)
(RDMA_READ_CONSUME_CHECK_CONSUMER) timestamp=12112 ms, used_size=2967552 bytes (7.2%)
(RDMA_READ_CONSUME_CHECK_CONSUMER) timestamp=12112 ms, used_size=2965504 bytes (7.2%)
(RDMA_READ_CONSUME_CHECK_CONSUMER) timestamp=12112 ms, used_size=2963456 bytes (7.2%)
(RDMA_READ_CONSUME_CHECK_CONSUMER) timestamp=12112 ms, used_size=2961408 bytes (7.2%)
(RDMA_READ_CONSUME_CHECK_CONSUMER) timestamp=12112 ms, used_size=2959360 bytes (7.2%)
(RDMA_READ_CONSUME_CHECK_CONSUMER) timestamp=12112 ms, used_size=2957312 bytes (7.2%)
(RDMA_READ_CONSUME_CHECK_CONSUMER) timestamp=12112 ms, used_size=2955264 bytes (7.2%)
(RDMA_READ_CONSUME_CHECK_CONSUMER) timestamp=12112 ms, used_size=2953216 bytes (7.2%)
(RDMA_READ_CONSUME_CHECK_CONSUMER) timestamp=12112 ms, used_size=2951168 bytes (7.2%)
(RDMA_READ_CONSUME_CHECK_CONSUMER) timestamp=12113 ms, used_size=2949120 bytes (7.2%)
(RDMA_READ_CONSUME_CHECK_CONSUMER) timestamp=12113 ms, used_size=2947072 bytes (7.2%)
(RDMA_READ_CONSUME_CHECK_CONSUMER) timestamp=12113 ms, used_size=2945024 bytes (7.2%)
(RDMA_READ_CONSUME_CHECK_CONSUMER) timestamp=12113 ms, used_size=2942976 bytes (7.2%)
(RDMA_READ_CONSUME_CHECK_CONSUMER) timestamp=12113 ms, used_size=2940928 bytes (7.2%)
(RDMA_READ_CONSUME_CHECK_CONSUMER) timestamp=12113 ms, used_size=2938880 bytes (7.2%)
(RDMA_READ_CONSUME_CHECK_CONSUMER) timestamp=12113 ms, used_size=2936832 bytes (7.2%)
(RDMA_READ_CONSUME_CHECK_CONSUMER) timestamp=12113 ms, used_size=2934784 bytes (7.2%)
(RDMA_READ_CONSUME_CHECK_CONSUMER) timestamp=12113 ms, used_size=2932736 bytes (7.2%)
(RDMA_READ_CONSUME_CHECK_CONSUMER) timestamp=12113 ms, used_size=2930688 bytes (7.2%)
(RDMA_READ_CONSUME_CHECK_CONSUMER) timestamp=12113 ms, used_size=2928640 bytes (7.2%)
(RDMA_READ_CONSUME_CHECK_CONSUMER) timestamp=12113 ms, used_size=2926592 bytes (7.1%)
(RDMA_READ_CONSUME_CHECK_CONSUMER) timestamp=12113 ms, used_size=2924544 bytes (7.1%)
(RDMA_READ_CONSUME_CHECK_CONSUMER) timestamp=12113 ms, used_size=2922496 bytes (7.1%)
(RDMA_READ_CONSUME_CHECK_CONSUMER) timestamp=12113 ms, used_size=2920448 bytes (7.1%)
(RDMA_READ_CONSUME_CHECK_CONSUMER) timestamp=12113 ms, used_size=2918400 bytes (7.1%)
(RDMA_READ_CONSUME_CHECK_CONSUMER) timestamp=12113 ms, used_size=2916352 bytes (7.1%)
(RDMA_READ_CONSUME_CHECK_CONSUMER) timestamp=12113 ms, used_size=2914304 bytes (7.1%)
(RDMA_READ_CONSUME_CHECK_CONSUMER) timestamp=12113 ms, used_size=2912256 bytes (7.1%)
(RDMA_READ_CONSUME_CHECK_CONSUMER) timestamp=12113 ms, used_size=2910208 bytes (7.1%)
(RDMA_READ_CONSUME_CHECK_CONSUMER) timestamp=12113 ms, used_size=2908160 bytes (7.1%)
(RDMA_READ_CONSUME_CHECK_CONSUMER) timestamp=12113 ms, used_size=2906112 bytes (7.1%)
(RDMA_READ_CONSUME_CHECK_CONSUMER) timestamp=12113 ms, used_size=2904064 bytes (7.1%)
(RDMA_READ_CONSUME_CHECK_CONSUMER) timestamp=12113 ms, used_size=2902016 bytes (7.1%)
(RDMA_READ_CONSUME_CHECK_CONSUMER) timestamp=12113 ms, used_size=2899968 bytes (7.1%)
(RDMA_READ_CONSUME_CHECK_CONSUMER) timestamp=12113 ms, used_size=2897920 bytes (7.1%)
(RDMA_READ_CONSUME_CHECK_CONSUMER) timestamp=12113 ms, used_size=2895872 bytes (7.1%)
(RDMA_READ_CONSUME_CHECK_CONSUMER) timestamp=12113 ms, used_size=2893824 bytes (7.1%)
(RDMA_READ_CONSUME_CHECK_CONSUMER) timestamp=12113 ms, used_size=2891776 bytes (7.1%)
(RDMA_READ_CONSUME_CHECK_CONSUMER) timestamp=12113 ms, used_size=2889728 bytes (7.1%)
(RDMA_READ_CONSUME_CHECK_CONSUMER) timestamp=12113 ms, used_size=2887680 bytes (7.0%)
(RDMA_READ_CONSUME_CHECK_CONSUMER) timestamp=12113 ms, used_size=2885632 bytes (7.0%)
(RDMA_READ_CONSUME_CHECK_CONSUMER) timestamp=12113 ms, used_size=2883584 bytes (7.0%)
(RDMA_READ_CONSUME_CHECK_CONSUMER) timestamp=12113 ms, used_size=2881536 bytes (7.0%)
(RDMA_READ_CONSUME_CHECK_CONSUMER) timestamp=12113 ms, used_size=2879488 bytes (7.0%)
(RDMA_READ_CONSUME_CHECK_CONSUMER) timestamp=12113 ms, used_size=2877440 bytes (7.0%)
(RDMA_READ_CONSUME_CHECK_CONSUMER) timestamp=12113 ms, used_size=2875392 bytes (7.0%)
(RDMA_READ_CONSUME_CHECK_CONSUMER) timestamp=12113 ms, used_size=2873344 bytes (7.0%)
(RDMA_READ_CONSUME_CHECK_CONSUMER) timestamp=12113 ms, used_size=2871296 bytes (7.0%)
(RDMA_READ_CONSUME_CHECK_CONSUMER) timestamp=12113 ms, used_size=2869248 bytes (7.0%)
(RDMA_READ_CONSUME_CHECK_CONSUMER) timestamp=12113 ms, used_size=2867200 bytes (7.0%)
(RDMA_READ_CONSUME_CHECK_CONSUMER) timestamp=12113 ms, used_size=2865152 bytes (7.0%)
(RDMA_READ_CONSUME_CHECK_CONSUMER) timestamp=12113 ms, used_size=2863104 bytes (7.0%)
(RDMA_READ_CONSUME_CHECK_CONSUMER) timestamp=12113 ms, used_size=2861056 bytes (7.0%)
(RDMA_READ_CONSUME_CHECK_CONSUMER) timestamp=12113 ms, used_size=2859008 bytes (7.0%)
(RDMA_READ_CONSUME_CHECK_CONSUMER) timestamp=12113 ms, used_size=2856960 bytes (7.0%)
(RDMA_READ_CONSUME_CHECK_CONSUMER) timestamp=12113 ms, used_size=2854912 bytes (7.0%)
(RDMA_READ_CONSUME_CHECK_CONSUMER) timestamp=12113 ms, used_size=2852864 bytes (7.0%)
(RDMA_READ_CONSUME_CHECK_CONSUMER) timestamp=12113 ms, used_size=2850816 bytes (7.0%)
(RDMA_READ_CONSUME_CHECK_CONSUMER) timestamp=12113 ms, used_size=2848768 bytes (7.0%)
(RDMA_READ_CONSUME_CHECK_CONSUMER) timestamp=12113 ms, used_size=2846720 bytes (7.0%)
(RDMA_READ_CONSUME_CHECK_CONSUMER) timestamp=12113 ms, used_size=2844672 bytes (6.9%)
(RDMA_READ_CONSUME_CHECK_CONSUMER) timestamp=12113 ms, used_size=2842624 bytes (6.9%)
(RDMA_READ_CONSUME_CHECK_CONSUMER) timestamp=12113 ms, used_size=2840576 bytes (6.9%)
(RDMA_READ_CONSUME_CHECK_CONSUMER) timestamp=12113 ms, used_size=2838528 bytes (6.9%)
(RDMA_READ_CONSUME_CHECK_CONSUMER) timestamp=12113 ms, used_size=2836480 bytes (6.9%)
(RDMA_READ_CONSUME_CHECK_CONSUMER) timestamp=12113 ms, used_size=2834432 bytes (6.9%)
(RDMA_READ_CONSUME_CHECK_CONSUMER) timestamp=12113 ms, used_size=2832384 bytes (6.9%)
(RDMA_READ_CONSUME_CHECK_CONSUMER) timestamp=12113 ms, used_size=2830336 bytes (6.9%)
(RDMA_READ_CONSUME_CHECK_CONSUMER) timestamp=12113 ms, used_size=2828288 bytes (6.9%)
(RDMA_READ_CONSUME_CHECK_CONSUMER) timestamp=12113 ms, used_size=2826240 bytes (6.9%)
(RDMA_READ_CONSUME_CHECK_CONSUMER) timestamp=12113 ms, used_size=2824192 bytes (6.9%)
(RDMA_READ_CONSUME_CHECK_CONSUMER) timestamp=12113 ms, used_size=2822144 bytes (6.9%)
(RDMA_READ_CONSUME_CHECK_CONSUMER) timestamp=12113 ms, used_size=2820096 bytes (6.9%)
(RDMA_READ_CONSUME_CHECK_CONSUMER) timestamp=12113 ms, used_size=2818048 bytes (6.9%)
(RDMA_READ_CONSUME_CHECK_CONSUMER) timestamp=12113 ms, used_size=2816000 bytes (6.9%)
(RDMA_READ_CONSUME_CHECK_CONSUMER) timestamp=12113 ms, used_size=2813952 bytes (6.9%)
(RDMA_READ_CONSUME_CHECK_CONSUMER) timestamp=12113 ms, used_size=2811904 bytes (6.9%)
(RDMA_READ_CONSUME_CHECK_CONSUMER) timestamp=12113 ms, used_size=2809856 bytes (6.9%)
(RDMA_READ_CONSUME_CHECK_CONSUMER) timestamp=12113 ms, used_size=2807808 bytes (6.9%)
(RDMA_READ_CONSUME_CHECK_CONSUMER) timestamp=12113 ms, used_size=2805760 bytes (6.8%)
(RDMA_READ_CONSUME_CHECK_CONSUMER) timestamp=12113 ms, used_size=2803712 bytes (6.8%)
(RDMA_READ_CONSUME_CHECK_CONSUMER) timestamp=12113 ms, used_size=2801664 bytes (6.8%)
(RDMA_READ_CONSUME_CHECK_CONSUMER) timestamp=12113 ms, used_size=2799616 bytes (6.8%)
(RDMA_READ_CONSUME_CHECK_CONSUMER) timestamp=12113 ms, used_size=2797568 bytes (6.8%)
(RDMA_READ_CONSUME_CHECK_CONSUMER) timestamp=12113 ms, used_size=2795520 bytes (6.8%)
(RDMA_READ_CONSUME_CHECK_CONSUMER) timestamp=12113 ms, used_size=2793472 bytes (6.8%)
(RDMA_READ_CONSUME_CHECK_CONSUMER) timestamp=12113 ms, used_size=2791424 bytes (6.8%)
(RDMA_READ_CONSUME_CHECK_CONSUMER) timestamp=12113 ms, used_size=2789376 bytes (6.8%)
(RDMA_READ_CONSUME_CHECK_CONSUMER) timestamp=12113 ms, used_size=2787328 bytes (6.8%)
(RDMA_READ_CONSUME_CHECK_CONSUMER) timestamp=12113 ms, used_size=2785280 bytes (6.8%)
(RDMA_READ_CONSUME_CHECK_CONSUMER) timestamp=12113 ms, used_size=2783232 bytes (6.8%)
(RDMA_READ_CONSUME_CHECK_CONSUMER) timestamp=12113 ms, used_size=2781184 bytes (6.8%)
(RDMA_READ_CONSUME_CHECK_CONSUMER) timestamp=12113 ms, used_size=2779136 bytes (6.8%)
(RDMA_READ_CONSUME_CHECK_CONSUMER) timestamp=12113 ms, used_size=2777088 bytes (6.8%)
(RDMA_READ_CONSUME_CHECK_CONSUMER) timestamp=12113 ms, used_size=2775040 bytes (6.8%)
(RDMA_READ_CONSUME_CHECK_CONSUMER) timestamp=12113 ms, used_size=2772992 bytes (6.8%)
(RDMA_READ_CONSUME_CHECK_CONSUMER) timestamp=12113 ms, used_size=2770944 bytes (6.8%)
(RDMA_READ_CONSUME_CHECK_CONSUMER) timestamp=12113 ms, used_size=2768896 bytes (6.8%)
(RDMA_READ_CONSUME_CHECK_CONSUMER) timestamp=12113 ms, used_size=2766848 bytes (6.8%)
(RDMA_READ_CONSUME_CHECK_CONSUMER) timestamp=12113 ms, used_size=2764800 bytes (6.8%)
(RDMA_READ_CONSUME_CHECK_CONSUMER) timestamp=12113 ms, used_size=2762752 bytes (6.7%)
(RDMA_READ_CONSUME_CHECK_CONSUMER) timestamp=12113 ms, used_size=2760704 bytes (6.7%)
(RDMA_READ_CONSUME_CHECK_CONSUMER) timestamp=12113 ms, used_size=2758656 bytes (6.7%)
(RDMA_READ_CONSUME_CHECK_CONSUMER) timestamp=12113 ms, used_size=2756608 bytes (6.7%)
(RDMA_READ_CONSUME_CHECK_CONSUMER) timestamp=12113 ms, used_size=2754560 bytes (6.7%)
(RDMA_READ_CONSUME_CHECK_CONSUMER) timestamp=12113 ms, used_size=2752512 bytes (6.7%)
(RDMA_READ_CONSUME_CHECK_CONSUMER) timestamp=12113 ms, used_size=2750464 bytes (6.7%)
(RDMA_READ_CONSUME_CHECK_CONSUMER) timestamp=12113 ms, used_size=2748416 bytes (6.7%)
(RDMA_READ_CONSUME_CHECK_CONSUMER) timestamp=12113 ms, used_size=2746368 bytes (6.7%)
(RDMA_READ_CONSUME_CHECK_CONSUMER) timestamp=12113 ms, used_size=2744320 bytes (6.7%)
(RDMA_READ_CONSUME_CHECK_CONSUMER) timestamp=12113 ms, used_size=2742272 bytes (6.7%)
(RDMA_READ_CONSUME_CHECK_CONSUMER) timestamp=12113 ms, used_size=2740224 bytes (6.7%)
(RDMA_READ_CONSUME_CHECK_CONSUMER) timestamp=12113 ms, used_size=2738176 bytes (6.7%)
(RDMA_READ_CONSUME_CHECK_CONSUMER) timestamp=12113 ms, used_size=2736128 bytes (6.7%)
(RDMA_READ_CONSUME_CHECK_CONSUMER) timestamp=12113 ms, used_size=2734080 bytes (6.7%)
(RDMA_READ_CONSUME_CHECK_CONSUMER) timestamp=12113 ms, used_size=2732032 bytes (6.7%)
(RDMA_READ_CONSUME_CHECK_CONSUMER) timestamp=12113 ms, used_size=2729984 bytes (6.7%)
(RDMA_READ_CONSUME_CHECK_CONSUMER) timestamp=12113 ms, used_size=2727936 bytes (6.7%)
(RDMA_READ_CONSUME_CHECK_CONSUMER) timestamp=12113 ms, used_size=2725888 bytes (6.7%)
(RDMA_READ_CONSUME_CHECK_CONSUMER) timestamp=12113 ms, used_size=2723840 bytes (6.7%)
(RDMA_READ_CONSUME_CHECK_CONSUMER) timestamp=12113 ms, used_size=2721792 bytes (6.6%)
(RDMA_READ_CONSUME_CHECK_CONSUMER) timestamp=12113 ms, used_size=2719744 bytes (6.6%)
(RDMA_READ_CONSUME_CHECK_CONSUMER) timestamp=12113 ms, used_size=2717696 bytes (6.6%)
(RDMA_READ_CONSUME_CHECK_CONSUMER) timestamp=12113 ms, used_size=2715648 bytes (6.6%)
(RDMA_READ_CONSUME_CHECK_CONSUMER) timestamp=12113 ms, used_size=2713600 bytes (6.6%)
(RDMA_READ_CONSUME_CHECK_CONSUMER) timestamp=12113 ms, used_size=2711552 bytes (6.6%)
(RDMA_READ_CONSUME_CHECK_CONSUMER) timestamp=12113 ms, used_size=2709504 bytes (6.6%)
(RDMA_READ_CONSUME_CHECK_CONSUMER) timestamp=12113 ms, used_size=2707456 bytes (6.6%)
(RDMA_READ_CONSUME_CHECK_CONSUMER) timestamp=12113 ms, used_size=2705408 bytes (6.6%)
(RDMA_READ_CONSUME_CHECK_CONSUMER) timestamp=12113 ms, used_size=2703360 bytes (6.6%)
(RDMA_READ_CONSUME_CHECK_CONSUMER) timestamp=12113 ms, used_size=2701312 bytes (6.6%)
(RDMA_READ_CONSUME_CHECK_CONSUMER) timestamp=12113 ms, used_size=2699264 bytes (6.6%)
(RDMA_READ_CONSUME_CHECK_CONSUMER) timestamp=12113 ms, used_size=2697216 bytes (6.6%)
(RDMA_READ_CONSUME_CHECK_CONSUMER) timestamp=12113 ms, used_size=2695168 bytes (6.6%)
(RDMA_READ_CONSUME_CHECK_CONSUMER) timestamp=12113 ms, used_size=2693120 bytes (6.6%)
(RDMA_READ_CONSUME_CHECK_CONSUMER) timestamp=12113 ms, used_size=2691072 bytes (6.6%)
(RDMA_READ_CONSUME_CHECK_CONSUMER) timestamp=12113 ms, used_size=2689024 bytes (6.6%)
(RDMA_READ_CONSUME_CHECK_CONSUMER) timestamp=12113 ms, used_size=2686976 bytes (6.6%)
(RDMA_READ_CONSUME_CHECK_CONSUMER) timestamp=12113 ms, used_size=2684928 bytes (6.6%)
(RDMA_READ_CONSUME_CHECK_CONSUMER) timestamp=12113 ms, used_size=2682880 bytes (6.5%)
(RDMA_READ_CONSUME_CHECK_CONSUMER) timestamp=12113 ms, used_size=2680832 bytes (6.5%)
(RDMA_READ_CONSUME_CHECK_CONSUMER) timestamp=12113 ms, used_size=2678784 bytes (6.5%)
(RDMA_READ_CONSUME_CHECK_CONSUMER) timestamp=12113 ms, used_size=2676736 bytes (6.5%)
(RDMA_READ_CONSUME_CHECK_CONSUMER) timestamp=12113 ms, used_size=2674688 bytes (6.5%)
(RDMA_READ_CONSUME_CHECK_CONSUMER) timestamp=12113 ms, used_size=2672640 bytes (6.5%)
(RDMA_READ_CONSUME_CHECK_CONSUMER) timestamp=12113 ms, used_size=2670592 bytes (6.5%)
(RDMA_READ_CONSUME_CHECK_CONSUMER) timestamp=12113 ms, used_size=2668544 bytes (6.5%)
(RDMA_READ_CONSUME_CHECK_CONSUMER) timestamp=12113 ms, used_size=2666496 bytes (6.5%)
(RDMA_READ_CONSUME_CHECK_CONSUMER) timestamp=12113 ms, used_size=2664448 bytes (6.5%)
(RDMA_READ_CONSUME_CHECK_CONSUMER) timestamp=12113 ms, used_size=2662400 bytes (6.5%)
(RDMA_READ_CONSUME_CHECK_CONSUMER) timestamp=12113 ms, used_size=2660352 bytes (6.5%)
(RDMA_READ_CONSUME_CHECK_CONSUMER) timestamp=12113 ms, used_size=2658304 bytes (6.5%)
(RDMA_READ_CONSUME_CHECK_CONSUMER) timestamp=12113 ms, used_size=2656256 bytes (6.5%)
(RDMA_READ_CONSUME_CHECK_CONSUMER) timestamp=12113 ms, used_size=2654208 bytes (6.5%)
(RDMA_READ_CONSUME_CHECK_CONSUMER) timestamp=12113 ms, used_size=2652160 bytes (6.5%)
(RDMA_READ_CONSUME_CHECK_CONSUMER) timestamp=12113 ms, used_size=2650112 bytes (6.5%)
(RDMA_READ_CONSUME_CHECK_CONSUMER) timestamp=12113 ms, used_size=2648064 bytes (6.5%)
(RDMA_READ_CONSUME_CHECK_CONSUMER) timestamp=12113 ms, used_size=2646016 bytes (6.5%)
(RDMA_READ_CONSUME_CHECK_CONSUMER) timestamp=12113 ms, used_size=2643968 bytes (6.5%)
(RDMA_READ_CONSUME_CHECK_CONSUMER) timestamp=12113 ms, used_size=2641920 bytes (6.5%)
(RDMA_READ_CONSUME_CHECK_CONSUMER) timestamp=12113 ms, used_size=2639872 bytes (6.4%)
(RDMA_READ_CONSUME_CHECK_CONSUMER) timestamp=12113 ms, used_size=2637824 bytes (6.4%)
(RDMA_READ_CONSUME_CHECK_CONSUMER) timestamp=12113 ms, used_size=2635776 bytes (6.4%)
(RDMA_READ_CONSUME_CHECK_CONSUMER) timestamp=12113 ms, used_size=2633728 bytes (6.4%)
(RDMA_READ_CONSUME_CHECK_CONSUMER) timestamp=12113 ms, used_size=2631680 bytes (6.4%)
(RDMA_READ_CONSUME_CHECK_CONSUMER) timestamp=12113 ms, used_size=2629632 bytes (6.4%)
(RDMA_READ_CONSUME_CHECK_CONSUMER) timestamp=12113 ms, used_size=2627584 bytes (6.4%)
(RDMA_READ_CONSUME_CHECK_CONSUMER) timestamp=12113 ms, used_size=2625536 bytes (6.4%)
(RDMA_READ_CONSUME_CHECK_CONSUMER) timestamp=12113 ms, used_size=2623488 bytes (6.4%)
(RDMA_READ_CONSUME_CHECK_CONSUMER) timestamp=12113 ms, used_size=2621440 bytes (6.4%)
(RDMA_READ_CONSUME_CHECK_CONSUMER) timestamp=12113 ms, used_size=2619392 bytes (6.4%)
(RDMA_READ_CONSUME_CHECK_CONSUMER) timestamp=12113 ms, used_size=2617344 bytes (6.4%)
(RDMA_READ_CONSUME_CHECK_CONSUMER) timestamp=12113 ms, used_size=2615296 bytes (6.4%)
(RDMA_READ_CONSUME_CHECK_CONSUMER) timestamp=12113 ms, used_size=2613248 bytes (6.4%)
(RDMA_READ_CONSUME_CHECK_CONSUMER) timestamp=12113 ms, used_size=2611200 bytes (6.4%)
(RDMA_READ_CONSUME_CHECK_CONSUMER) timestamp=12113 ms, used_size=2609152 bytes (6.4%)
(RDMA_READ_CONSUME_CHECK_CONSUMER) timestamp=12113 ms, used_size=2607104 bytes (6.4%)
(RDMA_READ_CONSUME_CHECK_CONSUMER) timestamp=12113 ms, used_size=2605056 bytes (6.4%)
(RDMA_READ_CONSUME_CHECK_CONSUMER) timestamp=12113 ms, used_size=2603008 bytes (6.4%)
(RDMA_READ_CONSUME_CHECK_CONSUMER) timestamp=12113 ms, used_size=2600960 bytes (6.3%)
(RDMA_READ_CONSUME_CHECK_CONSUMER) timestamp=12113 ms, used_size=2598912 bytes (6.3%)
(RDMA_READ_CONSUME_CHECK_CONSUMER) timestamp=12113 ms, used_size=2596864 bytes (6.3%)
(RDMA_READ_CONSUME_CHECK_CONSUMER) timestamp=12114 ms, used_size=2594816 bytes (6.3%)
(RDMA_READ_CONSUME_CHECK_CONSUMER) timestamp=12114 ms, used_size=2592768 bytes (6.3%)
(RDMA_READ_CONSUME_CHECK_CONSUMER) timestamp=12114 ms, used_size=2590720 bytes (6.3%)
(RDMA_READ_CONSUME_CHECK_CONSUMER) timestamp=12114 ms, used_size=2588672 bytes (6.3%)
(RDMA_READ_CONSUME_CHECK_CONSUMER) timestamp=12114 ms, used_size=2586624 bytes (6.3%)
(RDMA_READ_CONSUME_CHECK_CONSUMER) timestamp=12114 ms, used_size=2584576 bytes (6.3%)
(RDMA_READ_CONSUME_CHECK_CONSUMER) timestamp=12114 ms, used_size=2582528 bytes (6.3%)
(RDMA_READ_CONSUME_CHECK_CONSUMER) timestamp=12114 ms, used_size=2580480 bytes (6.3%)
(RDMA_READ_CONSUME_CHECK_CONSUMER) timestamp=12114 ms, used_size=2578432 bytes (6.3%)
(RDMA_READ_CONSUME_CHECK_CONSUMER) timestamp=12114 ms, used_size=2576384 bytes (6.3%)
(RDMA_READ_CONSUME_CHECK_CONSUMER) timestamp=12114 ms, used_size=2574336 bytes (6.3%)
(RDMA_READ_CONSUME_CHECK_CONSUMER) timestamp=12114 ms, used_size=2572288 bytes (6.3%)
(RDMA_READ_CONSUME_CHECK_CONSUMER) timestamp=12114 ms, used_size=2570240 bytes (6.3%)
(RDMA_READ_CONSUME_CHECK_CONSUMER) timestamp=12114 ms, used_size=2568192 bytes (6.3%)
(RDMA_READ_CONSUME_CHECK_CONSUMER) timestamp=12114 ms, used_size=2566144 bytes (6.3%)
(RDMA_READ_CONSUME_CHECK_CONSUMER) timestamp=12114 ms, used_size=2564096 bytes (6.3%)
(RDMA_READ_CONSUME_CHECK_CONSUMER) timestamp=12114 ms, used_size=2562048 bytes (6.3%)
(RDMA_READ_CONSUME_CHECK_CONSUMER) timestamp=12114 ms, used_size=2560000 bytes (6.2%)
(RDMA_READ_CONSUME_CHECK_CONSUMER) timestamp=12114 ms, used_size=2557952 bytes (6.2%)
(RDMA_READ_CONSUME_CHECK_CONSUMER) timestamp=12114 ms, used_size=2555904 bytes (6.2%)
(RDMA_READ_CONSUME_CHECK_CONSUMER) timestamp=12114 ms, used_size=2553856 bytes (6.2%)
(RDMA_READ_CONSUME_CHECK_CONSUMER) timestamp=12114 ms, used_size=2551808 bytes (6.2%)
(RDMA_READ_CONSUME_CHECK_CONSUMER) timestamp=12114 ms, used_size=2549760 bytes (6.2%)
(RDMA_READ_CONSUME_CHECK_CONSUMER) timestamp=12114 ms, used_size=2547712 bytes (6.2%)
(RDMA_READ_CONSUME_CHECK_CONSUMER) timestamp=12114 ms, used_size=2545664 bytes (6.2%)
(RDMA_READ_CONSUME_CHECK_CONSUMER) timestamp=12114 ms, used_size=2543616 bytes (6.2%)
(RDMA_READ_CONSUME_CHECK_CONSUMER) timestamp=12114 ms, used_size=2541568 bytes (6.2%)
(RDMA_READ_CONSUME_CHECK_CONSUMER) timestamp=12114 ms, used_size=2539520 bytes (6.2%)
(RDMA_READ_CONSUME_CHECK_CONSUMER) timestamp=12114 ms, used_size=2537472 bytes (6.2%)
(RDMA_READ_CONSUME_CHECK_CONSUMER) timestamp=12114 ms, used_size=2535424 bytes (6.2%)
(RDMA_READ_CONSUME_CHECK_CONSUMER) timestamp=12114 ms, used_size=2533376 bytes (6.2%)
(RDMA_READ_CONSUME_CHECK_CONSUMER) timestamp=12114 ms, used_size=2531328 bytes (6.2%)
(RDMA_READ_CONSUME_CHECK_CONSUMER) timestamp=12114 ms, used_size=2529280 bytes (6.2%)
(RDMA_READ_CONSUME_CHECK_CONSUMER) timestamp=12114 ms, used_size=2527232 bytes (6.2%)
(RDMA_READ_CONSUME_CHECK_CONSUMER) timestamp=12114 ms, used_size=2525184 bytes (6.2%)
(RDMA_READ_CONSUME_CHECK_CONSUMER) timestamp=12114 ms, used_size=2523136 bytes (6.2%)
(RDMA_READ_CONSUME_CHECK_CONSUMER) timestamp=12114 ms, used_size=2521088 bytes (6.2%)
(RDMA_READ_CONSUME_CHECK_CONSUMER) timestamp=12114 ms, used_size=2519040 bytes (6.2%)
(RDMA_READ_CONSUME_CHECK_CONSUMER) timestamp=12114 ms, used_size=2516992 bytes (6.1%)
(RDMA_READ_CONSUME_CHECK_CONSUMER) timestamp=12114 ms, used_size=2514944 bytes (6.1%)
(RDMA_READ_CONSUME_CHECK_CONSUMER) timestamp=12114 ms, used_size=2512896 bytes (6.1%)
(RDMA_READ_CONSUME_CHECK_CONSUMER) timestamp=12114 ms, used_size=2510848 bytes (6.1%)
(RDMA_READ_CONSUME_CHECK_CONSUMER) timestamp=12114 ms, used_size=2508800 bytes (6.1%)
(RDMA_READ_CONSUME_CHECK_CONSUMER) timestamp=12114 ms, used_size=2506752 bytes (6.1%)
(RDMA_READ_CONSUME_CHECK_CONSUMER) timestamp=12114 ms, used_size=2504704 bytes (6.1%)
(RDMA_READ_CONSUME_CHECK_CONSUMER) timestamp=12114 ms, used_size=2502656 bytes (6.1%)
(RDMA_READ_CONSUME_CHECK_CONSUMER) timestamp=12114 ms, used_size=2500608 bytes (6.1%)
(RDMA_READ_CONSUME_CHECK_CONSUMER) timestamp=12114 ms, used_size=2498560 bytes (6.1%)
(RDMA_READ_CONSUME_CHECK_CONSUMER) timestamp=12114 ms, used_size=2496512 bytes (6.1%)
(RDMA_READ_CONSUME_CHECK_CONSUMER) timestamp=12114 ms, used_size=2494464 bytes (6.1%)
(RDMA_READ_CONSUME_CHECK_CONSUMER) timestamp=12114 ms, used_size=2492416 bytes (6.1%)
(RDMA_READ_CONSUME_CHECK_CONSUMER) timestamp=12114 ms, used_size=2490368 bytes (6.1%)
(RDMA_READ_CONSUME_CHECK_CONSUMER) timestamp=12114 ms, used_size=2488320 bytes (6.1%)
(RDMA_READ_CONSUME_CHECK_CONSUMER) timestamp=12114 ms, used_size=2486272 bytes (6.1%)
(RDMA_READ_CONSUME_CHECK_CONSUMER) timestamp=12114 ms, used_size=2484224 bytes (6.1%)
(RDMA_READ_CONSUME_CHECK_CONSUMER) timestamp=12114 ms, used_size=2482176 bytes (6.1%)
(RDMA_READ_CONSUME_CHECK_CONSUMER) timestamp=12114 ms, used_size=2480128 bytes (6.1%)
(RDMA_READ_CONSUME_CHECK_CONSUMER) timestamp=12114 ms, used_size=2478080 bytes (6.0%)
(RDMA_READ_CONSUME_CHECK_CONSUMER) timestamp=12114 ms, used_size=2476032 bytes (6.0%)
(RDMA_READ_CONSUME_CHECK_CONSUMER) timestamp=12114 ms, used_size=2473984 bytes (6.0%)
(RDMA_READ_CONSUME_CHECK_CONSUMER) timestamp=12114 ms, used_size=2471936 bytes (6.0%)
(RDMA_READ_CONSUME_CHECK_CONSUMER) timestamp=12114 ms, used_size=2469888 bytes (6.0%)
(RDMA_READ_CONSUME_CHECK_CONSUMER) timestamp=12114 ms, used_size=2467840 bytes (6.0%)
(RDMA_READ_CONSUME_CHECK_CONSUMER) timestamp=12114 ms, used_size=2465792 bytes (6.0%)
(RDMA_READ_CONSUME_CHECK_CONSUMER) timestamp=12114 ms, used_size=2463744 bytes (6.0%)
(RDMA_READ_CONSUME_CHECK_CONSUMER) timestamp=12114 ms, used_size=2461696 bytes (6.0%)
(RDMA_READ_CONSUME_CHECK_CONSUMER) timestamp=12114 ms, used_size=2459648 bytes (6.0%)
(RDMA_READ_CONSUME_CHECK_CONSUMER) timestamp=12114 ms, used_size=2457600 bytes (6.0%)
(RDMA_READ_CONSUME_CHECK_CONSUMER) timestamp=12114 ms, used_size=2455552 bytes (6.0%)
(RDMA_READ_CONSUME_CHECK_CONSUMER) timestamp=12114 ms, used_size=2453504 bytes (6.0%)
(RDMA_READ_CONSUME_CHECK_CONSUMER) timestamp=12114 ms, used_size=2451456 bytes (6.0%)
(RDMA_READ_CONSUME_CHECK_CONSUMER) timestamp=12114 ms, used_size=2449408 bytes (6.0%)
(RDMA_READ_CONSUME_CHECK_CONSUMER) timestamp=12114 ms, used_size=2447360 bytes (6.0%)
(RDMA_READ_CONSUME_CHECK_CONSUMER) timestamp=12114 ms, used_size=2445312 bytes (6.0%)
(RDMA_READ_CONSUME_CHECK_CONSUMER) timestamp=12114 ms, used_size=2443264 bytes (6.0%)
(RDMA_READ_CONSUME_CHECK_CONSUMER) timestamp=12114 ms, used_size=2441216 bytes (6.0%)
(RDMA_READ_CONSUME_CHECK_CONSUMER) timestamp=12114 ms, used_size=2439168 bytes (6.0%)
(RDMA_READ_CONSUME_CHECK_CONSUMER) timestamp=12114 ms, used_size=2437120 bytes (6.0%)
(RDMA_READ_CONSUME_CHECK_CONSUMER) timestamp=12114 ms, used_size=2435072 bytes (5.9%)
(RDMA_READ_CONSUME_CHECK_CONSUMER) timestamp=12114 ms, used_size=2433024 bytes (5.9%)
(RDMA_READ_CONSUME_CHECK_CONSUMER) timestamp=12114 ms, used_size=2430976 bytes (5.9%)
(RDMA_READ_CONSUME_CHECK_CONSUMER) timestamp=12114 ms, used_size=2428928 bytes (5.9%)
(RDMA_READ_CONSUME_CHECK_CONSUMER) timestamp=12114 ms, used_size=2426880 bytes (5.9%)
(RDMA_READ_CONSUME_CHECK_CONSUMER) timestamp=12114 ms, used_size=2424832 bytes (5.9%)
(RDMA_READ_CONSUME_CHECK_CONSUMER) timestamp=12114 ms, used_size=2422784 bytes (5.9%)
(RDMA_READ_CONSUME_CHECK_CONSUMER) timestamp=12114 ms, used_size=2420736 bytes (5.9%)
(RDMA_READ_CONSUME_CHECK_CONSUMER) timestamp=12114 ms, used_size=2418688 bytes (5.9%)
(RDMA_READ_CONSUME_CHECK_CONSUMER) timestamp=12114 ms, used_size=2416640 bytes (5.9%)
(RDMA_READ_CONSUME_CHECK_CONSUMER) timestamp=12114 ms, used_size=2414592 bytes (5.9%)
(RDMA_READ_CONSUME_CHECK_CONSUMER) timestamp=12114 ms, used_size=2412544 bytes (5.9%)
(RDMA_READ_CONSUME_CHECK_CONSUMER) timestamp=12114 ms, used_size=2410496 bytes (5.9%)
(RDMA_READ_CONSUME_CHECK_CONSUMER) timestamp=12114 ms, used_size=2408448 bytes (5.9%)
(RDMA_READ_CONSUME_CHECK_CONSUMER) timestamp=12114 ms, used_size=2406400 bytes (5.9%)
(RDMA_READ_CONSUME_CHECK_CONSUMER) timestamp=12114 ms, used_size=2404352 bytes (5.9%)
(RDMA_READ_CONSUME_CHECK_CONSUMER) timestamp=12114 ms, used_size=2402304 bytes (5.9%)
(RDMA_READ_CONSUME_CHECK_CONSUMER) timestamp=12114 ms, used_size=2400256 bytes (5.9%)
(RDMA_READ_CONSUME_CHECK_CONSUMER) timestamp=12114 ms, used_size=2398208 bytes (5.9%)
(RDMA_READ_CONSUME_CHECK_CONSUMER) timestamp=12114 ms, used_size=2396160 bytes (5.8%)
(RDMA_READ_CONSUME_CHECK_CONSUMER) timestamp=12114 ms, used_size=2394112 bytes (5.8%)
(RDMA_READ_CONSUME_CHECK_CONSUMER) timestamp=12114 ms, used_size=2392064 bytes (5.8%)
(RDMA_READ_CONSUME_CHECK_CONSUMER) timestamp=12114 ms, used_size=2390016 bytes (5.8%)
(RDMA_READ_CONSUME_CHECK_CONSUMER) timestamp=12114 ms, used_size=2387968 bytes (5.8%)
(RDMA_READ_CONSUME_CHECK_CONSUMER) timestamp=12114 ms, used_size=2385920 bytes (5.8%)
(RDMA_READ_CONSUME_CHECK_CONSUMER) timestamp=12114 ms, used_size=2383872 bytes (5.8%)
(RDMA_READ_CONSUME_CHECK_CONSUMER) timestamp=12114 ms, used_size=2381824 bytes (5.8%)
(RDMA_READ_CONSUME_CHECK_CONSUMER) timestamp=12114 ms, used_size=2379776 bytes (5.8%)
(RDMA_READ_CONSUME_CHECK_CONSUMER) timestamp=12114 ms, used_size=2377728 bytes (5.8%)
(RDMA_READ_CONSUME_CHECK_CONSUMER) timestamp=12114 ms, used_size=2375680 bytes (5.8%)
(RDMA_READ_CONSUME_CHECK_CONSUMER) timestamp=12114 ms, used_size=2373632 bytes (5.8%)
(RDMA_READ_CONSUME_CHECK_CONSUMER) timestamp=12114 ms, used_size=2371584 bytes (5.8%)
(RDMA_READ_CONSUME_CHECK_CONSUMER) timestamp=12114 ms, used_size=2369536 bytes (5.8%)
(RDMA_READ_CONSUME_CHECK_CONSUMER) timestamp=12114 ms, used_size=2367488 bytes (5.8%)
(RDMA_READ_CONSUME_CHECK_CONSUMER) timestamp=12114 ms, used_size=2365440 bytes (5.8%)
(RDMA_READ_CONSUME_CHECK_CONSUMER) timestamp=12114 ms, used_size=2363392 bytes (5.8%)
(RDMA_READ_CONSUME_CHECK_CONSUMER) timestamp=12114 ms, used_size=2361344 bytes (5.8%)
(RDMA_READ_CONSUME_CHECK_CONSUMER) timestamp=12114 ms, used_size=2359296 bytes (5.8%)
(RDMA_READ_CONSUME_CHECK_CONSUMER) timestamp=12114 ms, used_size=2357248 bytes (5.8%)
(RDMA_READ_CONSUME_CHECK_CONSUMER) timestamp=12114 ms, used_size=2355200 bytes (5.8%)
(RDMA_READ_CONSUME_CHECK_CONSUMER) timestamp=12114 ms, used_size=2353152 bytes (5.7%)
(RDMA_READ_CONSUME_CHECK_CONSUMER) timestamp=12114 ms, used_size=2351104 bytes (5.7%)
(RDMA_READ_CONSUME_CHECK_CONSUMER) timestamp=12114 ms, used_size=2349056 bytes (5.7%)
(RDMA_READ_CONSUME_CHECK_CONSUMER) timestamp=12114 ms, used_size=2347008 bytes (5.7%)
(RDMA_READ_CONSUME_CHECK_CONSUMER) timestamp=12114 ms, used_size=2344960 bytes (5.7%)
(RDMA_READ_CONSUME_CHECK_CONSUMER) timestamp=12114 ms, used_size=2342912 bytes (5.7%)
(RDMA_READ_CONSUME_CHECK_CONSUMER) timestamp=12114 ms, used_size=2340864 bytes (5.7%)
(RDMA_READ_CONSUME_CHECK_CONSUMER) timestamp=12114 ms, used_size=2338816 bytes (5.7%)
(RDMA_READ_CONSUME_CHECK_CONSUMER) timestamp=12114 ms, used_size=2336768 bytes (5.7%)
(RDMA_READ_CONSUME_CHECK_CONSUMER) timestamp=12114 ms, used_size=2334720 bytes (5.7%)
(RDMA_READ_CONSUME_CHECK_CONSUMER) timestamp=12114 ms, used_size=2332672 bytes (5.7%)
(RDMA_READ_CONSUME_CHECK_CONSUMER) timestamp=12114 ms, used_size=2330624 bytes (5.7%)
(RDMA_READ_CONSUME_CHECK_CONSUMER) timestamp=12114 ms, used_size=2328576 bytes (5.7%)
(RDMA_READ_CONSUME_CHECK_CONSUMER) timestamp=12114 ms, used_size=2326528 bytes (5.7%)
(RDMA_READ_CONSUME_CHECK_CONSUMER) timestamp=12114 ms, used_size=2324480 bytes (5.7%)
(RDMA_READ_CONSUME_CHECK_CONSUMER) timestamp=12114 ms, used_size=2322432 bytes (5.7%)
(RDMA_READ_CONSUME_CHECK_CONSUMER) timestamp=12114 ms, used_size=2320384 bytes (5.7%)
(RDMA_READ_CONSUME_CHECK_CONSUMER) timestamp=12114 ms, used_size=2318336 bytes (5.7%)
(RDMA_READ_CONSUME_CHECK_CONSUMER) timestamp=12114 ms, used_size=2316288 bytes (5.7%)
(RDMA_READ_CONSUME_CHECK_CONSUMER) timestamp=12114 ms, used_size=2314240 bytes (5.7%)
(RDMA_READ_CONSUME_CHECK_CONSUMER) timestamp=12114 ms, used_size=2312192 bytes (5.6%)
(RDMA_READ_CONSUME_CHECK_CONSUMER) timestamp=12114 ms, used_size=2310144 bytes (5.6%)
(RDMA_READ_CONSUME_CHECK_CONSUMER) timestamp=12114 ms, used_size=2308096 bytes (5.6%)
(RDMA_READ_CONSUME_CHECK_CONSUMER) timestamp=12114 ms, used_size=2306048 bytes (5.6%)
(RDMA_READ_CONSUME_CHECK_CONSUMER) timestamp=12114 ms, used_size=2304000 bytes (5.6%)
(RDMA_READ_CONSUME_CHECK_CONSUMER) timestamp=12114 ms, used_size=2301952 bytes (5.6%)
(RDMA_READ_CONSUME_CHECK_CONSUMER) timestamp=12114 ms, used_size=2299904 bytes (5.6%)
(RDMA_READ_CONSUME_CHECK_CONSUMER) timestamp=12114 ms, used_size=2297856 bytes (5.6%)
(RDMA_READ_CONSUME_CHECK_CONSUMER) timestamp=12114 ms, used_size=2295808 bytes (5.6%)
(RDMA_READ_CONSUME_CHECK_CONSUMER) timestamp=12114 ms, used_size=2293760 bytes (5.6%)
(RDMA_READ_CONSUME_CHECK_CONSUMER) timestamp=12114 ms, used_size=2291712 bytes (5.6%)
(RDMA_READ_CONSUME_CHECK_CONSUMER) timestamp=12114 ms, used_size=2289664 bytes (5.6%)
(RDMA_READ_CONSUME_CHECK_CONSUMER) timestamp=12114 ms, used_size=2287616 bytes (5.6%)
(RDMA_READ_CONSUME_CHECK_CONSUMER) timestamp=12114 ms, used_size=2285568 bytes (5.6%)
(RDMA_READ_CONSUME_CHECK_CONSUMER) timestamp=12114 ms, used_size=2283520 bytes (5.6%)
(RDMA_READ_CONSUME_CHECK_CONSUMER) timestamp=12114 ms, used_size=2281472 bytes (5.6%)
(RDMA_READ_CONSUME_CHECK_CONSUMER) timestamp=12114 ms, used_size=2279424 bytes (5.6%)
(RDMA_READ_CONSUME_CHECK_CONSUMER) timestamp=12114 ms, used_size=2277376 bytes (5.6%)
(RDMA_READ_CONSUME_CHECK_CONSUMER) timestamp=12114 ms, used_size=2275328 bytes (5.6%)
(RDMA_READ_CONSUME_CHECK_CONSUMER) timestamp=12114 ms, used_size=2273280 bytes (5.5%)
(RDMA_READ_CONSUME_CHECK_CONSUMER) timestamp=12114 ms, used_size=2271232 bytes (5.5%)
(RDMA_READ_CONSUME_CHECK_CONSUMER) timestamp=12114 ms, used_size=2269184 bytes (5.5%)
(RDMA_READ_CONSUME_CHECK_CONSUMER) timestamp=12114 ms, used_size=2267136 bytes (5.5%)
(RDMA_READ_CONSUME_CHECK_CONSUMER) timestamp=12114 ms, used_size=2265088 bytes (5.5%)
(RDMA_READ_CONSUME_CHECK_CONSUMER) timestamp=12114 ms, used_size=2263040 bytes (5.5%)
(RDMA_READ_CONSUME_CHECK_CONSUMER) timestamp=12114 ms, used_size=2260992 bytes (5.5%)
(RDMA_READ_CONSUME_CHECK_CONSUMER) timestamp=12114 ms, used_size=2258944 bytes (5.5%)
(RDMA_READ_CONSUME_CHECK_CONSUMER) timestamp=12114 ms, used_size=2256896 bytes (5.5%)
(RDMA_READ_CONSUME_CHECK_CONSUMER) timestamp=12114 ms, used_size=2254848 bytes (5.5%)
(RDMA_READ_CONSUME_CHECK_CONSUMER) timestamp=12114 ms, used_size=2252800 bytes (5.5%)
(RDMA_READ_CONSUME_CHECK_CONSUMER) timestamp=12114 ms, used_size=2250752 bytes (5.5%)
(RDMA_READ_CONSUME_CHECK_CONSUMER) timestamp=12114 ms, used_size=2248704 bytes (5.5%)
(RDMA_READ_CONSUME_CHECK_CONSUMER) timestamp=12114 ms, used_size=2246656 bytes (5.5%)
(RDMA_READ_CONSUME_CHECK_CONSUMER) timestamp=12114 ms, used_size=2244608 bytes (5.5%)
(RDMA_READ_CONSUME_CHECK_CONSUMER) timestamp=12114 ms, used_size=2242560 bytes (5.5%)
(RDMA_READ_CONSUME_CHECK_CONSUMER) timestamp=12115 ms, used_size=2240512 bytes (5.5%)
(RDMA_READ_CONSUME_CHECK_CONSUMER) timestamp=12115 ms, used_size=2238464 bytes (5.5%)
(RDMA_READ_CONSUME_CHECK_CONSUMER) timestamp=12115 ms, used_size=2236416 bytes (5.5%)
(RDMA_READ_CONSUME_CHECK_CONSUMER) timestamp=12115 ms, used_size=2234368 bytes (5.5%)
(RDMA_READ_CONSUME_CHECK_CONSUMER) timestamp=12115 ms, used_size=2232320 bytes (5.5%)
(RDMA_READ_CONSUME_CHECK_CONSUMER) timestamp=12115 ms, used_size=2230272 bytes (5.4%)
(RDMA_READ_CONSUME_CHECK_CONSUMER) timestamp=12115 ms, used_size=2228224 bytes (5.4%)
(RDMA_READ_CONSUME_CHECK_CONSUMER) timestamp=12115 ms, used_size=2226176 bytes (5.4%)
(RDMA_READ_CONSUME_CHECK_CONSUMER) timestamp=12115 ms, used_size=2224128 bytes (5.4%)
(RDMA_READ_CONSUME_CHECK_CONSUMER) timestamp=12115 ms, used_size=2222080 bytes (5.4%)
(RDMA_READ_CONSUME_CHECK_CONSUMER) timestamp=12115 ms, used_size=2220032 bytes (5.4%)
(RDMA_READ_CONSUME_CHECK_CONSUMER) timestamp=12115 ms, used_size=2217984 bytes (5.4%)
(RDMA_READ_CONSUME_CHECK_CONSUMER) timestamp=12115 ms, used_size=2215936 bytes (5.4%)
(RDMA_READ_CONSUME_CHECK_CONSUMER) timestamp=12115 ms, used_size=2213888 bytes (5.4%)
(RDMA_READ_CONSUME_CHECK_CONSUMER) timestamp=12115 ms, used_size=2211840 bytes (5.4%)
(RDMA_READ_CONSUME_CHECK_CONSUMER) timestamp=12115 ms, used_size=2209792 bytes (5.4%)
(RDMA_READ_CONSUME_CHECK_CONSUMER) timestamp=12115 ms, used_size=2207744 bytes (5.4%)
(RDMA_READ_CONSUME_CHECK_CONSUMER) timestamp=12115 ms, used_size=2205696 bytes (5.4%)
(RDMA_READ_CONSUME_CHECK_CONSUMER) timestamp=12115 ms, used_size=2203648 bytes (5.4%)
(RDMA_READ_CONSUME_CHECK_CONSUMER) timestamp=12115 ms, used_size=2201600 bytes (5.4%)
(RDMA_READ_CONSUME_CHECK_CONSUMER) timestamp=12115 ms, used_size=2199552 bytes (5.4%)
(RDMA_READ_CONSUME_CHECK_CONSUMER) timestamp=12115 ms, used_size=2197504 bytes (5.4%)
(RDMA_READ_CONSUME_CHECK_CONSUMER) timestamp=12115 ms, used_size=2195456 bytes (5.4%)
(RDMA_READ_CONSUME_CHECK_CONSUMER) timestamp=12115 ms, used_size=2193408 bytes (5.4%)
(RDMA_READ_CONSUME_CHECK_CONSUMER) timestamp=12115 ms, used_size=2191360 bytes (5.3%)
(RDMA_READ_CONSUME_CHECK_CONSUMER) timestamp=12115 ms, used_size=2189312 bytes (5.3%)
(RDMA_READ_CONSUME_CHECK_CONSUMER) timestamp=12115 ms, used_size=2187264 bytes (5.3%)
(RDMA_READ_CONSUME_CHECK_CONSUMER) timestamp=12115 ms, used_size=2185216 bytes (5.3%)
(RDMA_READ_CONSUME_CHECK_CONSUMER) timestamp=12115 ms, used_size=2183168 bytes (5.3%)
(RDMA_READ_CONSUME_CHECK_CONSUMER) timestamp=12115 ms, used_size=2181120 bytes (5.3%)
(RDMA_READ_CONSUME_CHECK_CONSUMER) timestamp=12115 ms, used_size=2179072 bytes (5.3%)
(RDMA_READ_CONSUME_CHECK_CONSUMER) timestamp=12115 ms, used_size=2177024 bytes (5.3%)
(RDMA_READ_CONSUME_CHECK_CONSUMER) timestamp=12115 ms, used_size=2174976 bytes (5.3%)
(RDMA_READ_CONSUME_CHECK_CONSUMER) timestamp=12115 ms, used_size=2172928 bytes (5.3%)
(RDMA_READ_CONSUME_CHECK_CONSUMER) timestamp=12115 ms, used_size=2170880 bytes (5.3%)
(RDMA_READ_CONSUME_CHECK_CONSUMER) timestamp=12115 ms, used_size=2168832 bytes (5.3%)
(RDMA_READ_CONSUME_CHECK_CONSUMER) timestamp=12115 ms, used_size=2166784 bytes (5.3%)
(RDMA_READ_CONSUME_CHECK_CONSUMER) timestamp=12115 ms, used_size=2164736 bytes (5.3%)
(RDMA_READ_CONSUME_CHECK_CONSUMER) timestamp=12115 ms, used_size=2162688 bytes (5.3%)
(RDMA_READ_CONSUME_CHECK_CONSUMER) timestamp=12115 ms, used_size=2160640 bytes (5.3%)
(RDMA_READ_CONSUME_CHECK_CONSUMER) timestamp=12115 ms, used_size=2158592 bytes (5.3%)
(RDMA_READ_CONSUME_CHECK_CONSUMER) timestamp=12115 ms, used_size=2156544 bytes (5.3%)
(RDMA_READ_CONSUME_CHECK_CONSUMER) timestamp=12115 ms, used_size=2154496 bytes (5.3%)
(RDMA_READ_CONSUME_CHECK_CONSUMER) timestamp=12115 ms, used_size=2152448 bytes (5.3%)
(RDMA_READ_CONSUME_CHECK_CONSUMER) timestamp=12115 ms, used_size=2150400 bytes (5.2%)
(RDMA_READ_CONSUME_CHECK_CONSUMER) timestamp=12115 ms, used_size=2148352 bytes (5.2%)
(RDMA_READ_CONSUME_CHECK_CONSUMER) timestamp=12115 ms, used_size=2146304 bytes (5.2%)
(RDMA_READ_CONSUME_CHECK_CONSUMER) timestamp=12115 ms, used_size=2144256 bytes (5.2%)
(RDMA_READ_CONSUME_CHECK_CONSUMER) timestamp=12115 ms, used_size=2142208 bytes (5.2%)
(RDMA_READ_CONSUME_CHECK_CONSUMER) timestamp=12115 ms, used_size=2140160 bytes (5.2%)
(RDMA_READ_CONSUME_CHECK_CONSUMER) timestamp=12115 ms, used_size=2138112 bytes (5.2%)
(RDMA_READ_CONSUME_CHECK_CONSUMER) timestamp=12115 ms, used_size=2136064 bytes (5.2%)
(RDMA_READ_CONSUME_CHECK_CONSUMER) timestamp=12115 ms, used_size=2134016 bytes (5.2%)
(RDMA_READ_CONSUME_CHECK_CONSUMER) timestamp=12115 ms, used_size=2131968 bytes (5.2%)
(RDMA_READ_CONSUME_CHECK_CONSUMER) timestamp=12115 ms, used_size=2129920 bytes (5.2%)
(RDMA_READ_CONSUME_CHECK_CONSUMER) timestamp=12115 ms, used_size=2127872 bytes (5.2%)
(RDMA_READ_CONSUME_CHECK_CONSUMER) timestamp=12115 ms, used_size=2125824 bytes (5.2%)
(RDMA_READ_CONSUME_CHECK_CONSUMER) timestamp=12115 ms, used_size=2123776 bytes (5.2%)
(RDMA_READ_CONSUME_CHECK_CONSUMER) timestamp=12115 ms, used_size=2121728 bytes (5.2%)
(RDMA_READ_CONSUME_CHECK_CONSUMER) timestamp=12115 ms, used_size=2119680 bytes (5.2%)
(RDMA_READ_CONSUME_CHECK_CONSUMER) timestamp=12115 ms, used_size=2117632 bytes (5.2%)
(RDMA_READ_CONSUME_CHECK_CONSUMER) timestamp=12115 ms, used_size=2115584 bytes (5.2%)
(RDMA_READ_CONSUME_CHECK_CONSUMER) timestamp=12115 ms, used_size=2113536 bytes (5.2%)
(RDMA_READ_CONSUME_CHECK_CONSUMER) timestamp=12115 ms, used_size=2111488 bytes (5.2%)
(RDMA_READ_CONSUME_CHECK_CONSUMER) timestamp=12115 ms, used_size=2109440 bytes (5.2%)
(RDMA_READ_CONSUME_CHECK_CONSUMER) timestamp=12115 ms, used_size=2107392 bytes (5.1%)
(RDMA_READ_CONSUME_CHECK_CONSUMER) timestamp=12115 ms, used_size=2105344 bytes (5.1%)
(RDMA_READ_CONSUME_CHECK_CONSUMER) timestamp=12115 ms, used_size=2103296 bytes (5.1%)
(RDMA_READ_CONSUME_CHECK_CONSUMER) timestamp=12115 ms, used_size=2101248 bytes (5.1%)
(RDMA_READ_CONSUME_CHECK_CONSUMER) timestamp=12115 ms, used_size=2099200 bytes (5.1%)
(RDMA_READ_CONSUME_CHECK_CONSUMER) timestamp=12115 ms, used_size=2097152 bytes (5.1%)
(RDMA_READ_CONSUME_CHECK_CONSUMER) timestamp=12115 ms, used_size=2095104 bytes (5.1%)
(RDMA_READ_CONSUME_CHECK_CONSUMER) timestamp=12115 ms, used_size=2093056 bytes (5.1%)
(RDMA_READ_CONSUME_CHECK_CONSUMER) timestamp=12115 ms, used_size=2091008 bytes (5.1%)
(RDMA_READ_CONSUME_CHECK_CONSUMER) timestamp=12115 ms, used_size=2088960 bytes (5.1%)
(RDMA_READ_CONSUME_CHECK_CONSUMER) timestamp=12115 ms, used_size=2086912 bytes (5.1%)
(RDMA_READ_CONSUME_CHECK_CONSUMER) timestamp=12115 ms, used_size=2084864 bytes (5.1%)
(RDMA_READ_CONSUME_CHECK_CONSUMER) timestamp=12115 ms, used_size=2082816 bytes (5.1%)
(RDMA_READ_CONSUME_CHECK_CONSUMER) timestamp=12115 ms, used_size=2080768 bytes (5.1%)
(RDMA_READ_CONSUME_CHECK_CONSUMER) timestamp=12115 ms, used_size=2078720 bytes (5.1%)
(RDMA_READ_CONSUME_CHECK_CONSUMER) timestamp=12115 ms, used_size=2076672 bytes (5.1%)
(RDMA_READ_CONSUME_CHECK_CONSUMER) timestamp=12115 ms, used_size=2074624 bytes (5.1%)
(RDMA_READ_CONSUME_CHECK_CONSUMER) timestamp=12115 ms, used_size=2072576 bytes (5.1%)
(RDMA_READ_CONSUME_CHECK_CONSUMER) timestamp=12115 ms, used_size=2070528 bytes (5.1%)
(RDMA_READ_CONSUME_CHECK_CONSUMER) timestamp=12115 ms, used_size=2068480 bytes (5.0%)
(RDMA_READ_CONSUME_CHECK_CONSUMER) timestamp=12115 ms, used_size=2066432 bytes (5.0%)
(RDMA_READ_CONSUME_CHECK_CONSUMER) timestamp=12115 ms, used_size=2064384 bytes (5.0%)
(RDMA_READ_CONSUME_CHECK_CONSUMER) timestamp=12115 ms, used_size=2062336 bytes (5.0%)
(RDMA_READ_CONSUME_CHECK_CONSUMER) timestamp=12115 ms, used_size=2060288 bytes (5.0%)
(RDMA_READ_CONSUME_CHECK_CONSUMER) timestamp=12115 ms, used_size=2058240 bytes (5.0%)
(RDMA_READ_CONSUME_CHECK_CONSUMER) timestamp=12115 ms, used_size=2056192 bytes (5.0%)
(RDMA_READ_CONSUME_CHECK_CONSUMER) timestamp=12115 ms, used_size=2054144 bytes (5.0%)
(RDMA_READ_CONSUME_CHECK_CONSUMER) timestamp=12115 ms, used_size=2052096 bytes (5.0%)
(RDMA_READ_CONSUME_CHECK_CONSUMER) timestamp=12115 ms, used_size=2050048 bytes (5.0%)
(RDMA_READ_CONSUME_CHECK_CONSUMER) timestamp=12115 ms, used_size=2048000 bytes (5.0%)
(RDMA_READ_CONSUME_CHECK_CONSUMER) timestamp=12115 ms, used_size=2045952 bytes (5.0%)
(RDMA_READ_CONSUME_CHECK_CONSUMER) timestamp=12115 ms, used_size=2043904 bytes (5.0%)
(RDMA_READ_CONSUME_CHECK_CONSUMER) timestamp=12115 ms, used_size=2041856 bytes (5.0%)
(RDMA_READ_CONSUME_CHECK_CONSUMER) timestamp=12115 ms, used_size=2039808 bytes (5.0%)
(RDMA_READ_CONSUME_CHECK_CONSUMER) timestamp=12115 ms, used_size=2037760 bytes (5.0%)
(RDMA_READ_CONSUME_CHECK_CONSUMER) timestamp=12115 ms, used_size=2035712 bytes (5.0%)
(RDMA_READ_CONSUME_CHECK_CONSUMER) timestamp=12115 ms, used_size=2033664 bytes (5.0%)
(RDMA_READ_CONSUME_CHECK_CONSUMER) timestamp=12115 ms, used_size=2031616 bytes (5.0%)
(RDMA_READ_CONSUME_CHECK_CONSUMER) timestamp=12115 ms, used_size=2029568 bytes (5.0%)
(RDMA_READ_CONSUME_CHECK_CONSUMER) timestamp=12115 ms, used_size=2027520 bytes (5.0%)
(RDMA_READ_CONSUME_CHECK_CONSUMER) timestamp=12115 ms, used_size=2025472 bytes (4.9%)
(RDMA_READ_CONSUME_CHECK_CONSUMER) timestamp=12115 ms, used_size=2023424 bytes (4.9%)
(RDMA_READ_CONSUME_CHECK_CONSUMER) timestamp=12115 ms, used_size=2021376 bytes (4.9%)
(RDMA_READ_CONSUME_CHECK_CONSUMER) timestamp=12115 ms, used_size=2019328 bytes (4.9%)
(RDMA_READ_CONSUME_CHECK_CONSUMER) timestamp=12115 ms, used_size=2017280 bytes (4.9%)
(RDMA_READ_CONSUME_CHECK_CONSUMER) timestamp=12115 ms, used_size=2015232 bytes (4.9%)
(RDMA_READ_CONSUME_CHECK_CONSUMER) timestamp=12115 ms, used_size=2013184 bytes (4.9%)
(RDMA_READ_CONSUME_CHECK_CONSUMER) timestamp=12115 ms, used_size=2011136 bytes (4.9%)
(RDMA_READ_CONSUME_CHECK_CONSUMER) timestamp=12115 ms, used_size=2009088 bytes (4.9%)
(RDMA_READ_CONSUME_CHECK_CONSUMER) timestamp=12115 ms, used_size=2007040 bytes (4.9%)
(RDMA_READ_CONSUME_CHECK_CONSUMER) timestamp=12115 ms, used_size=2004992 bytes (4.9%)
(RDMA_READ_CONSUME_CHECK_CONSUMER) timestamp=12115 ms, used_size=2002944 bytes (4.9%)
(RDMA_READ_CONSUME_CHECK_CONSUMER) timestamp=12115 ms, used_size=2000896 bytes (4.9%)
(RDMA_READ_CONSUME_CHECK_CONSUMER) timestamp=12115 ms, used_size=1998848 bytes (4.9%)
(RDMA_READ_CONSUME_CHECK_CONSUMER) timestamp=12115 ms, used_size=1996800 bytes (4.9%)
(RDMA_READ_CONSUME_CHECK_CONSUMER) timestamp=12115 ms, used_size=1994752 bytes (4.9%)
(RDMA_READ_CONSUME_CHECK_CONSUMER) timestamp=12115 ms, used_size=1992704 bytes (4.9%)
(RDMA_READ_CONSUME_CHECK_CONSUMER) timestamp=12115 ms, used_size=1990656 bytes (4.9%)
(RDMA_READ_CONSUME_CHECK_CONSUMER) timestamp=12115 ms, used_size=1988608 bytes (4.9%)
(RDMA_READ_CONSUME_CHECK_CONSUMER) timestamp=12115 ms, used_size=1986560 bytes (4.8%)
(RDMA_READ_CONSUME_CHECK_CONSUMER) timestamp=12115 ms, used_size=1984512 bytes (4.8%)
(RDMA_READ_CONSUME_CHECK_CONSUMER) timestamp=12115 ms, used_size=1982464 bytes (4.8%)
(RDMA_READ_CONSUME_CHECK_CONSUMER) timestamp=12115 ms, used_size=1980416 bytes (4.8%)
(RDMA_READ_CONSUME_CHECK_CONSUMER) timestamp=12115 ms, used_size=1978368 bytes (4.8%)
(RDMA_READ_CONSUME_CHECK_CONSUMER) timestamp=12115 ms, used_size=1976320 bytes (4.8%)
(RDMA_READ_CONSUME_CHECK_CONSUMER) timestamp=12115 ms, used_size=1974272 bytes (4.8%)
(RDMA_READ_CONSUME_CHECK_CONSUMER) timestamp=12115 ms, used_size=1972224 bytes (4.8%)
(RDMA_READ_CONSUME_CHECK_CONSUMER) timestamp=12115 ms, used_size=1970176 bytes (4.8%)
(RDMA_READ_CONSUME_CHECK_CONSUMER) timestamp=12115 ms, used_size=1968128 bytes (4.8%)
(RDMA_READ_CONSUME_CHECK_CONSUMER) timestamp=12115 ms, used_size=1966080 bytes (4.8%)
(RDMA_READ_CONSUME_CHECK_CONSUMER) timestamp=12115 ms, used_size=1964032 bytes (4.8%)
(RDMA_READ_CONSUME_CHECK_CONSUMER) timestamp=12115 ms, used_size=1961984 bytes (4.8%)
(RDMA_READ_CONSUME_CHECK_CONSUMER) timestamp=12115 ms, used_size=1959936 bytes (4.8%)
(RDMA_READ_CONSUME_CHECK_CONSUMER) timestamp=12115 ms, used_size=1957888 bytes (4.8%)
(RDMA_READ_CONSUME_CHECK_CONSUMER) timestamp=12115 ms, used_size=1955840 bytes (4.8%)
(RDMA_READ_CONSUME_CHECK_CONSUMER) timestamp=12115 ms, used_size=1953792 bytes (4.8%)
(RDMA_READ_CONSUME_CHECK_CONSUMER) timestamp=12115 ms, used_size=1951744 bytes (4.8%)
(RDMA_READ_CONSUME_CHECK_CONSUMER) timestamp=12115 ms, used_size=1949696 bytes (4.8%)
(RDMA_READ_CONSUME_CHECK_CONSUMER) timestamp=12115 ms, used_size=1947648 bytes (4.8%)
(RDMA_READ_CONSUME_CHECK_CONSUMER) timestamp=12115 ms, used_size=1945600 bytes (4.8%)
(RDMA_READ_CONSUME_CHECK_CONSUMER) timestamp=12115 ms, used_size=1943552 bytes (4.7%)
(RDMA_READ_CONSUME_CHECK_CONSUMER) timestamp=12115 ms, used_size=1941504 bytes (4.7%)
(RDMA_READ_CONSUME_CHECK_CONSUMER) timestamp=12115 ms, used_size=1939456 bytes (4.7%)
(RDMA_READ_CONSUME_CHECK_CONSUMER) timestamp=12115 ms, used_size=1937408 bytes (4.7%)
(RDMA_READ_CONSUME_CHECK_CONSUMER) timestamp=12115 ms, used_size=1935360 bytes (4.7%)
(RDMA_READ_CONSUME_CHECK_CONSUMER) timestamp=12115 ms, used_size=1933312 bytes (4.7%)
(RDMA_READ_CONSUME_CHECK_CONSUMER) timestamp=12115 ms, used_size=1931264 bytes (4.7%)
(RDMA_READ_CONSUME_CHECK_CONSUMER) timestamp=12115 ms, used_size=1929216 bytes (4.7%)
(RDMA_READ_CONSUME_CHECK_CONSUMER) timestamp=12115 ms, used_size=1927168 bytes (4.7%)
(RDMA_READ_CONSUME_CHECK_CONSUMER) timestamp=12115 ms, used_size=1925120 bytes (4.7%)
(RDMA_READ_CONSUME_CHECK_CONSUMER) timestamp=12115 ms, used_size=1923072 bytes (4.7%)
(RDMA_READ_CONSUME_CHECK_CONSUMER) timestamp=12115 ms, used_size=1921024 bytes (4.7%)
(RDMA_READ_CONSUME_CHECK_CONSUMER) timestamp=12115 ms, used_size=1918976 bytes (4.7%)
(RDMA_READ_CONSUME_CHECK_CONSUMER) timestamp=12115 ms, used_size=1916928 bytes (4.7%)
(RDMA_READ_CONSUME_CHECK_CONSUMER) timestamp=12115 ms, used_size=1914880 bytes (4.7%)
(RDMA_READ_CONSUME_CHECK_CONSUMER) timestamp=12115 ms, used_size=1912832 bytes (4.7%)
(RDMA_READ_CONSUME_CHECK_CONSUMER) timestamp=12115 ms, used_size=1910784 bytes (4.7%)
(RDMA_READ_CONSUME_CHECK_CONSUMER) timestamp=12115 ms, used_size=1908736 bytes (4.7%)
(RDMA_READ_CONSUME_CHECK_CONSUMER) timestamp=12115 ms, used_size=1906688 bytes (4.7%)
(RDMA_READ_CONSUME_CHECK_CONSUMER) timestamp=12115 ms, used_size=1904640 bytes (4.7%)
(RDMA_READ_CONSUME_CHECK_CONSUMER) timestamp=12115 ms, used_size=1902592 bytes (4.6%)
(RDMA_READ_CONSUME_CHECK_CONSUMER) timestamp=12115 ms, used_size=1900544 bytes (4.6%)
(RDMA_READ_CONSUME_CHECK_CONSUMER) timestamp=12115 ms, used_size=1898496 bytes (4.6%)
(RDMA_READ_CONSUME_CHECK_CONSUMER) timestamp=12115 ms, used_size=1896448 bytes (4.6%)
(RDMA_READ_CONSUME_CHECK_CONSUMER) timestamp=12115 ms, used_size=1894400 bytes (4.6%)
(RDMA_READ_CONSUME_CHECK_CONSUMER) timestamp=12115 ms, used_size=1892352 bytes (4.6%)
(RDMA_READ_CONSUME_CHECK_CONSUMER) timestamp=12115 ms, used_size=1890304 bytes (4.6%)
(RDMA_READ_CONSUME_CHECK_CONSUMER) timestamp=12115 ms, used_size=1888256 bytes (4.6%)
(RDMA_READ_CONSUME_CHECK_CONSUMER) timestamp=12115 ms, used_size=1886208 bytes (4.6%)
(RDMA_READ_CONSUME_CHECK_CONSUMER) timestamp=12116 ms, used_size=1884160 bytes (4.6%)
(RDMA_READ_CONSUME_CHECK_CONSUMER) timestamp=12116 ms, used_size=1882112 bytes (4.6%)
(RDMA_READ_CONSUME_CHECK_CONSUMER) timestamp=12116 ms, used_size=1880064 bytes (4.6%)
(RDMA_READ_CONSUME_CHECK_CONSUMER) timestamp=12116 ms, used_size=1878016 bytes (4.6%)
(RDMA_READ_CONSUME_CHECK_CONSUMER) timestamp=12116 ms, used_size=1875968 bytes (4.6%)
(RDMA_READ_CONSUME_CHECK_CONSUMER) timestamp=12116 ms, used_size=1873920 bytes (4.6%)
(RDMA_READ_CONSUME_CHECK_CONSUMER) timestamp=12116 ms, used_size=1871872 bytes (4.6%)
(RDMA_READ_CONSUME_CHECK_CONSUMER) timestamp=12116 ms, used_size=1869824 bytes (4.6%)
(RDMA_READ_CONSUME_CHECK_CONSUMER) timestamp=12116 ms, used_size=1867776 bytes (4.6%)
(RDMA_READ_CONSUME_CHECK_CONSUMER) timestamp=12116 ms, used_size=1865728 bytes (4.6%)
(RDMA_READ_CONSUME_CHECK_CONSUMER) timestamp=12116 ms, used_size=1863680 bytes (4.5%)
(RDMA_READ_CONSUME_CHECK_CONSUMER) timestamp=12116 ms, used_size=1861632 bytes (4.5%)
(RDMA_READ_CONSUME_CHECK_CONSUMER) timestamp=12116 ms, used_size=1859584 bytes (4.5%)
(RDMA_READ_CONSUME_CHECK_CONSUMER) timestamp=12116 ms, used_size=1857536 bytes (4.5%)
(RDMA_READ_CONSUME_CHECK_CONSUMER) timestamp=12116 ms, used_size=1855488 bytes (4.5%)
(RDMA_READ_CONSUME_CHECK_CONSUMER) timestamp=12116 ms, used_size=1853440 bytes (4.5%)
(RDMA_READ_CONSUME_CHECK_CONSUMER) timestamp=12116 ms, used_size=1851392 bytes (4.5%)
(RDMA_READ_CONSUME_CHECK_CONSUMER) timestamp=12116 ms, used_size=1849344 bytes (4.5%)
(RDMA_READ_CONSUME_CHECK_CONSUMER) timestamp=12116 ms, used_size=1847296 bytes (4.5%)
(RDMA_READ_CONSUME_CHECK_CONSUMER) timestamp=12116 ms, used_size=1845248 bytes (4.5%)
(RDMA_READ_CONSUME_CHECK_CONSUMER) timestamp=12116 ms, used_size=1843200 bytes (4.5%)
(RDMA_READ_CONSUME_CHECK_CONSUMER) timestamp=12116 ms, used_size=1841152 bytes (4.5%)
(RDMA_READ_CONSUME_CHECK_CONSUMER) timestamp=12116 ms, used_size=1839104 bytes (4.5%)
(RDMA_READ_CONSUME_CHECK_CONSUMER) timestamp=12116 ms, used_size=1837056 bytes (4.5%)
(RDMA_READ_CONSUME_CHECK_CONSUMER) timestamp=12116 ms, used_size=1835008 bytes (4.5%)
(RDMA_READ_CONSUME_CHECK_CONSUMER) timestamp=12116 ms, used_size=1832960 bytes (4.5%)
(RDMA_READ_CONSUME_CHECK_CONSUMER) timestamp=12116 ms, used_size=1830912 bytes (4.5%)
(RDMA_READ_CONSUME_CHECK_CONSUMER) timestamp=12116 ms, used_size=1828864 bytes (4.5%)
(RDMA_READ_CONSUME_CHECK_CONSUMER) timestamp=12116 ms, used_size=1826816 bytes (4.5%)
(RDMA_READ_CONSUME_CHECK_CONSUMER) timestamp=12116 ms, used_size=1824768 bytes (4.5%)
(RDMA_READ_CONSUME_CHECK_CONSUMER) timestamp=12116 ms, used_size=1822720 bytes (4.5%)
(RDMA_READ_CONSUME_CHECK_CONSUMER) timestamp=12116 ms, used_size=1820672 bytes (4.4%)
(RDMA_READ_CONSUME_CHECK_CONSUMER) timestamp=12116 ms, used_size=1818624 bytes (4.4%)
(RDMA_READ_CONSUME_CHECK_CONSUMER) timestamp=12116 ms, used_size=1816576 bytes (4.4%)
(RDMA_READ_CONSUME_CHECK_CONSUMER) timestamp=12116 ms, used_size=1814528 bytes (4.4%)
(RDMA_READ_CONSUME_CHECK_CONSUMER) timestamp=12116 ms, used_size=1812480 bytes (4.4%)
(RDMA_READ_CONSUME_CHECK_CONSUMER) timestamp=12116 ms, used_size=1810432 bytes (4.4%)
(RDMA_READ_CONSUME_CHECK_CONSUMER) timestamp=12116 ms, used_size=1808384 bytes (4.4%)
(RDMA_READ_CONSUME_CHECK_CONSUMER) timestamp=12116 ms, used_size=1806336 bytes (4.4%)
(RDMA_READ_CONSUME_CHECK_CONSUMER) timestamp=12116 ms, used_size=1804288 bytes (4.4%)
(RDMA_READ_CONSUME_CHECK_CONSUMER) timestamp=12116 ms, used_size=1802240 bytes (4.4%)
(RDMA_READ_CONSUME_CHECK_CONSUMER) timestamp=12116 ms, used_size=1800192 bytes (4.4%)
(RDMA_READ_CONSUME_CHECK_CONSUMER) timestamp=12116 ms, used_size=1798144 bytes (4.4%)
(RDMA_READ_CONSUME_CHECK_CONSUMER) timestamp=12116 ms, used_size=1796096 bytes (4.4%)
(RDMA_READ_CONSUME_CHECK_CONSUMER) timestamp=12116 ms, used_size=1794048 bytes (4.4%)
(RDMA_READ_CONSUME_CHECK_CONSUMER) timestamp=12116 ms, used_size=1792000 bytes (4.4%)
(RDMA_READ_CONSUME_CHECK_CONSUMER) timestamp=12116 ms, used_size=1789952 bytes (4.4%)
(RDMA_READ_CONSUME_CHECK_CONSUMER) timestamp=12116 ms, used_size=1787904 bytes (4.4%)
(RDMA_READ_CONSUME_CHECK_CONSUMER) timestamp=12116 ms, used_size=1785856 bytes (4.4%)
(RDMA_READ_CONSUME_CHECK_CONSUMER) timestamp=12116 ms, used_size=1783808 bytes (4.4%)
(RDMA_READ_CONSUME_CHECK_CONSUMER) timestamp=12116 ms, used_size=1781760 bytes (4.3%)
(RDMA_READ_CONSUME_CHECK_CONSUMER) timestamp=12116 ms, used_size=1779712 bytes (4.3%)
(RDMA_READ_CONSUME_CHECK_CONSUMER) timestamp=12116 ms, used_size=1777664 bytes (4.3%)
(RDMA_READ_CONSUME_CHECK_CONSUMER) timestamp=12116 ms, used_size=1775616 bytes (4.3%)
(RDMA_READ_CONSUME_CHECK_CONSUMER) timestamp=12116 ms, used_size=1773568 bytes (4.3%)
(RDMA_READ_CONSUME_CHECK_CONSUMER) timestamp=12116 ms, used_size=1771520 bytes (4.3%)
(RDMA_READ_CONSUME_CHECK_CONSUMER) timestamp=12116 ms, used_size=1769472 bytes (4.3%)
(RDMA_READ_CONSUME_CHECK_CONSUMER) timestamp=12116 ms, used_size=1767424 bytes (4.3%)
(RDMA_READ_CONSUME_CHECK_CONSUMER) timestamp=12116 ms, used_size=1765376 bytes (4.3%)
(RDMA_READ_CONSUME_CHECK_CONSUMER) timestamp=12116 ms, used_size=1763328 bytes (4.3%)
(RDMA_READ_CONSUME_CHECK_CONSUMER) timestamp=12116 ms, used_size=1761280 bytes (4.3%)
(RDMA_READ_CONSUME_CHECK_CONSUMER) timestamp=12116 ms, used_size=1759232 bytes (4.3%)
(RDMA_READ_CONSUME_CHECK_CONSUMER) timestamp=12116 ms, used_size=1757184 bytes (4.3%)
(RDMA_READ_CONSUME_CHECK_CONSUMER) timestamp=12116 ms, used_size=1755136 bytes (4.3%)
(RDMA_READ_CONSUME_CHECK_CONSUMER) timestamp=12116 ms, used_size=1753088 bytes (4.3%)
(RDMA_READ_CONSUME_CHECK_CONSUMER) timestamp=12116 ms, used_size=1751040 bytes (4.3%)
(RDMA_READ_CONSUME_CHECK_CONSUMER) timestamp=12116 ms, used_size=1748992 bytes (4.3%)
(RDMA_READ_CONSUME_CHECK_CONSUMER) timestamp=12116 ms, used_size=1746944 bytes (4.3%)
(RDMA_READ_CONSUME_CHECK_CONSUMER) timestamp=12116 ms, used_size=1744896 bytes (4.3%)
(RDMA_READ_CONSUME_CHECK_CONSUMER) timestamp=12116 ms, used_size=1742848 bytes (4.3%)
(RDMA_READ_CONSUME_CHECK_CONSUMER) timestamp=12116 ms, used_size=1740800 bytes (4.2%)
(RDMA_READ_CONSUME_CHECK_CONSUMER) timestamp=12116 ms, used_size=1738752 bytes (4.2%)
(RDMA_READ_CONSUME_CHECK_CONSUMER) timestamp=12116 ms, used_size=1736704 bytes (4.2%)
(RDMA_READ_CONSUME_CHECK_CONSUMER) timestamp=12116 ms, used_size=1734656 bytes (4.2%)
(RDMA_READ_CONSUME_CHECK_CONSUMER) timestamp=12116 ms, used_size=1732608 bytes (4.2%)
(RDMA_READ_CONSUME_CHECK_CONSUMER) timestamp=12116 ms, used_size=1730560 bytes (4.2%)
(RDMA_READ_CONSUME_CHECK_CONSUMER) timestamp=12116 ms, used_size=1728512 bytes (4.2%)
(RDMA_READ_CONSUME_CHECK_CONSUMER) timestamp=12116 ms, used_size=1726464 bytes (4.2%)
(RDMA_READ_CONSUME_CHECK_CONSUMER) timestamp=12116 ms, used_size=1724416 bytes (4.2%)
(RDMA_READ_CONSUME_CHECK_CONSUMER) timestamp=12116 ms, used_size=1722368 bytes (4.2%)
(RDMA_READ_CONSUME_CHECK_CONSUMER) timestamp=12116 ms, used_size=1720320 bytes (4.2%)
(RDMA_READ_CONSUME_CHECK_CONSUMER) timestamp=12116 ms, used_size=1718272 bytes (4.2%)
(RDMA_READ_CONSUME_CHECK_CONSUMER) timestamp=12116 ms, used_size=1716224 bytes (4.2%)
(RDMA_READ_CONSUME_CHECK_CONSUMER) timestamp=12116 ms, used_size=1714176 bytes (4.2%)
(RDMA_READ_CONSUME_CHECK_CONSUMER) timestamp=12116 ms, used_size=1712128 bytes (4.2%)
(RDMA_READ_CONSUME_CHECK_CONSUMER) timestamp=12116 ms, used_size=1710080 bytes (4.2%)
(RDMA_READ_CONSUME_CHECK_CONSUMER) timestamp=12116 ms, used_size=1708032 bytes (4.2%)
(RDMA_READ_CONSUME_CHECK_CONSUMER) timestamp=12116 ms, used_size=1705984 bytes (4.2%)
(RDMA_READ_CONSUME_CHECK_CONSUMER) timestamp=12116 ms, used_size=1703936 bytes (4.2%)
(RDMA_READ_CONSUME_CHECK_CONSUMER) timestamp=12116 ms, used_size=1701888 bytes (4.2%)
(RDMA_READ_CONSUME_CHECK_CONSUMER) timestamp=12116 ms, used_size=1699840 bytes (4.2%)
(RDMA_READ_CONSUME_CHECK_CONSUMER) timestamp=12116 ms, used_size=1697792 bytes (4.1%)
(RDMA_READ_CONSUME_CHECK_CONSUMER) timestamp=12116 ms, used_size=1695744 bytes (4.1%)
(RDMA_READ_CONSUME_CHECK_CONSUMER) timestamp=12116 ms, used_size=1693696 bytes (4.1%)
(RDMA_READ_CONSUME_CHECK_CONSUMER) timestamp=12116 ms, used_size=1691648 bytes (4.1%)
(RDMA_READ_CONSUME_CHECK_CONSUMER) timestamp=12116 ms, used_size=1689600 bytes (4.1%)
(RDMA_READ_CONSUME_CHECK_CONSUMER) timestamp=12116 ms, used_size=1687552 bytes (4.1%)
(RDMA_READ_CONSUME_CHECK_CONSUMER) timestamp=12116 ms, used_size=1685504 bytes (4.1%)
(RDMA_READ_CONSUME_CHECK_CONSUMER) timestamp=12116 ms, used_size=1683456 bytes (4.1%)
(RDMA_READ_CONSUME_CHECK_CONSUMER) timestamp=12116 ms, used_size=1681408 bytes (4.1%)
(RDMA_READ_CONSUME_CHECK_CONSUMER) timestamp=12116 ms, used_size=1679360 bytes (4.1%)
(RDMA_READ_CONSUME_CHECK_CONSUMER) timestamp=12116 ms, used_size=1677312 bytes (4.1%)
(RDMA_READ_CONSUME_CHECK_CONSUMER) timestamp=12116 ms, used_size=1675264 bytes (4.1%)
(RDMA_READ_CONSUME_CHECK_CONSUMER) timestamp=12116 ms, used_size=1673216 bytes (4.1%)
(RDMA_READ_CONSUME_CHECK_CONSUMER) timestamp=12116 ms, used_size=1671168 bytes (4.1%)
(RDMA_READ_CONSUME_CHECK_CONSUMER) timestamp=12116 ms, used_size=1669120 bytes (4.1%)
(RDMA_READ_CONSUME_CHECK_CONSUMER) timestamp=12116 ms, used_size=1667072 bytes (4.1%)
(RDMA_READ_CONSUME_CHECK_CONSUMER) timestamp=12116 ms, used_size=1665024 bytes (4.1%)
(RDMA_READ_CONSUME_CHECK_CONSUMER) timestamp=12116 ms, used_size=1662976 bytes (4.1%)
(RDMA_READ_CONSUME_CHECK_CONSUMER) timestamp=12116 ms, used_size=1660928 bytes (4.1%)
(RDMA_READ_CONSUME_CHECK_CONSUMER) timestamp=12116 ms, used_size=1658880 bytes (4.0%)
(RDMA_READ_CONSUME_CHECK_CONSUMER) timestamp=12116 ms, used_size=1656832 bytes (4.0%)
(RDMA_READ_CONSUME_CHECK_CONSUMER) timestamp=12116 ms, used_size=1654784 bytes (4.0%)
(RDMA_READ_CONSUME_CHECK_CONSUMER) timestamp=12116 ms, used_size=1652736 bytes (4.0%)
(RDMA_READ_CONSUME_CHECK_CONSUMER) timestamp=12116 ms, used_size=1650688 bytes (4.0%)
(RDMA_READ_CONSUME_CHECK_CONSUMER) timestamp=12116 ms, used_size=1648640 bytes (4.0%)
(RDMA_READ_CONSUME_CHECK_CONSUMER) timestamp=12116 ms, used_size=1646592 bytes (4.0%)
(RDMA_READ_CONSUME_CHECK_CONSUMER) timestamp=12116 ms, used_size=1644544 bytes (4.0%)
(RDMA_READ_CONSUME_CHECK_CONSUMER) timestamp=12116 ms, used_size=1642496 bytes (4.0%)
(RDMA_READ_CONSUME_CHECK_CONSUMER) timestamp=12116 ms, used_size=1640448 bytes (4.0%)
(RDMA_READ_CONSUME_CHECK_CONSUMER) timestamp=12116 ms, used_size=1638400 bytes (4.0%)
(RDMA_READ_CONSUME_CHECK_CONSUMER) timestamp=12116 ms, used_size=1636352 bytes (4.0%)
(RDMA_READ_CONSUME_CHECK_CONSUMER) timestamp=12116 ms, used_size=1634304 bytes (4.0%)
(RDMA_READ_CONSUME_CHECK_CONSUMER) timestamp=12116 ms, used_size=1632256 bytes (4.0%)
(RDMA_READ_CONSUME_CHECK_CONSUMER) timestamp=12116 ms, used_size=1630208 bytes (4.0%)
(RDMA_READ_CONSUME_CHECK_CONSUMER) timestamp=12116 ms, used_size=1628160 bytes (4.0%)
(RDMA_READ_CONSUME_CHECK_CONSUMER) timestamp=12116 ms, used_size=1626112 bytes (4.0%)
(RDMA_READ_CONSUME_CHECK_CONSUMER) timestamp=12116 ms, used_size=1624064 bytes (4.0%)
(RDMA_READ_CONSUME_CHECK_CONSUMER) timestamp=12116 ms, used_size=1622016 bytes (4.0%)
(RDMA_READ_CONSUME_CHECK_CONSUMER) timestamp=12116 ms, used_size=1619968 bytes (4.0%)
(RDMA_READ_CONSUME_CHECK_CONSUMER) timestamp=12116 ms, used_size=1617920 bytes (4.0%)
(RDMA_READ_CONSUME_CHECK_CONSUMER) timestamp=12116 ms, used_size=1615872 bytes (3.9%)
(RDMA_READ_CONSUME_CHECK_CONSUMER) timestamp=12116 ms, used_size=1613824 bytes (3.9%)
(RDMA_READ_CONSUME_CHECK_CONSUMER) timestamp=12116 ms, used_size=1611776 bytes (3.9%)
(RDMA_READ_CONSUME_CHECK_CONSUMER) timestamp=12116 ms, used_size=1609728 bytes (3.9%)
(RDMA_READ_CONSUME_CHECK_CONSUMER) timestamp=12116 ms, used_size=1607680 bytes (3.9%)
(RDMA_READ_CONSUME_CHECK_CONSUMER) timestamp=12116 ms, used_size=1605632 bytes (3.9%)
(RDMA_READ_CONSUME_CHECK_CONSUMER) timestamp=12116 ms, used_size=1603584 bytes (3.9%)
(RDMA_READ_CONSUME_CHECK_CONSUMER) timestamp=12116 ms, used_size=1601536 bytes (3.9%)
(RDMA_READ_CONSUME_CHECK_CONSUMER) timestamp=12116 ms, used_size=1599488 bytes (3.9%)
(RDMA_READ_CONSUME_CHECK_CONSUMER) timestamp=12116 ms, used_size=1597440 bytes (3.9%)
(RDMA_READ_CONSUME_CHECK_CONSUMER) timestamp=12116 ms, used_size=1595392 bytes (3.9%)
(RDMA_READ_CONSUME_CHECK_CONSUMER) timestamp=12116 ms, used_size=1593344 bytes (3.9%)
(RDMA_READ_CONSUME_CHECK_CONSUMER) timestamp=12116 ms, used_size=1591296 bytes (3.9%)
(RDMA_READ_CONSUME_CHECK_CONSUMER) timestamp=12116 ms, used_size=1589248 bytes (3.9%)
(RDMA_READ_CONSUME_CHECK_CONSUMER) timestamp=12116 ms, used_size=1587200 bytes (3.9%)
(RDMA_READ_CONSUME_CHECK_CONSUMER) timestamp=12116 ms, used_size=1585152 bytes (3.9%)
(RDMA_READ_CONSUME_CHECK_CONSUMER) timestamp=12116 ms, used_size=1583104 bytes (3.9%)
(RDMA_READ_CONSUME_CHECK_CONSUMER) timestamp=12116 ms, used_size=1581056 bytes (3.9%)
(RDMA_READ_CONSUME_CHECK_CONSUMER) timestamp=12116 ms, used_size=1579008 bytes (3.9%)
(RDMA_READ_CONSUME_CHECK_CONSUMER) timestamp=12116 ms, used_size=1576960 bytes (3.9%)
(RDMA_READ_CONSUME_CHECK_CONSUMER) timestamp=12116 ms, used_size=1574912 bytes (3.8%)
(RDMA_READ_CONSUME_CHECK_CONSUMER) timestamp=12116 ms, used_size=1572864 bytes (3.8%)
(RDMA_READ_CONSUME_CHECK_CONSUMER) timestamp=12116 ms, used_size=1570816 bytes (3.8%)
(RDMA_READ_CONSUME_CHECK_CONSUMER) timestamp=12116 ms, used_size=1568768 bytes (3.8%)
(RDMA_READ_CONSUME_CHECK_CONSUMER) timestamp=12116 ms, used_size=1566720 bytes (3.8%)
(RDMA_READ_CONSUME_CHECK_CONSUMER) timestamp=12116 ms, used_size=1564672 bytes (3.8%)
(RDMA_READ_CONSUME_CHECK_CONSUMER) timestamp=12116 ms, used_size=1562624 bytes (3.8%)
(RDMA_READ_CONSUME_CHECK_CONSUMER) timestamp=12116 ms, used_size=1560576 bytes (3.8%)
(RDMA_READ_CONSUME_CHECK_CONSUMER) timestamp=12116 ms, used_size=1558528 bytes (3.8%)
(RDMA_READ_CONSUME_CHECK_CONSUMER) timestamp=12116 ms, used_size=1556480 bytes (3.8%)
(RDMA_READ_CONSUME_CHECK_CONSUMER) timestamp=12116 ms, used_size=1554432 bytes (3.8%)
(RDMA_READ_CONSUME_CHECK_CONSUMER) timestamp=12116 ms, used_size=1552384 bytes (3.8%)
(RDMA_READ_CONSUME_CHECK_CONSUMER) timestamp=12116 ms, used_size=1550336 bytes (3.8%)
(RDMA_READ_CONSUME_CHECK_CONSUMER) timestamp=12116 ms, used_size=1548288 bytes (3.8%)
(RDMA_READ_CONSUME_CHECK_CONSUMER) timestamp=12116 ms, used_size=1546240 bytes (3.8%)
(RDMA_READ_CONSUME_CHECK_CONSUMER) timestamp=12116 ms, used_size=1544192 bytes (3.8%)
(RDMA_READ_CONSUME_CHECK_CONSUMER) timestamp=12116 ms, used_size=1542144 bytes (3.8%)
(RDMA_READ_CONSUME_CHECK_CONSUMER) timestamp=12116 ms, used_size=1540096 bytes (3.8%)
(RDMA_READ_CONSUME_CHECK_CONSUMER) timestamp=12116 ms, used_size=1538048 bytes (3.8%)
(RDMA_READ_CONSUME_CHECK_CONSUMER) timestamp=12116 ms, used_size=1536000 bytes (3.8%)
(RDMA_READ_CONSUME_CHECK_CONSUMER) timestamp=12116 ms, used_size=1533952 bytes (3.7%)
(RDMA_READ_CONSUME_CHECK_CONSUMER) timestamp=12116 ms, used_size=1531904 bytes (3.7%)
(RDMA_READ_CONSUME_CHECK_CONSUMER) timestamp=12116 ms, used_size=1529856 bytes (3.7%)
(RDMA_READ_CONSUME_CHECK_CONSUMER) timestamp=12117 ms, used_size=1527808 bytes (3.7%)
(RDMA_READ_CONSUME_CHECK_CONSUMER) timestamp=12117 ms, used_size=1525760 bytes (3.7%)
(RDMA_READ_CONSUME_CHECK_CONSUMER) timestamp=12117 ms, used_size=1523712 bytes (3.7%)
(RDMA_READ_CONSUME_CHECK_CONSUMER) timestamp=12117 ms, used_size=1521664 bytes (3.7%)
(RDMA_READ_CONSUME_CHECK_CONSUMER) timestamp=12117 ms, used_size=1519616 bytes (3.7%)
(RDMA_READ_CONSUME_CHECK_CONSUMER) timestamp=12117 ms, used_size=1517568 bytes (3.7%)
(RDMA_READ_CONSUME_CHECK_CONSUMER) timestamp=12117 ms, used_size=1515520 bytes (3.7%)
(RDMA_READ_CONSUME_CHECK_CONSUMER) timestamp=12117 ms, used_size=1513472 bytes (3.7%)
(RDMA_READ_CONSUME_CHECK_CONSUMER) timestamp=12117 ms, used_size=1511424 bytes (3.7%)
(RDMA_READ_CONSUME_CHECK_CONSUMER) timestamp=12117 ms, used_size=1509376 bytes (3.7%)
(RDMA_READ_CONSUME_CHECK_CONSUMER) timestamp=12117 ms, used_size=1507328 bytes (3.7%)
(RDMA_READ_CONSUME_CHECK_CONSUMER) timestamp=12117 ms, used_size=1505280 bytes (3.7%)
(RDMA_READ_CONSUME_CHECK_CONSUMER) timestamp=12117 ms, used_size=1503232 bytes (3.7%)
(RDMA_READ_CONSUME_CHECK_CONSUMER) timestamp=12117 ms, used_size=1501184 bytes (3.7%)
(RDMA_READ_CONSUME_CHECK_CONSUMER) timestamp=12117 ms, used_size=1499136 bytes (3.7%)
(RDMA_READ_CONSUME_CHECK_CONSUMER) timestamp=12117 ms, used_size=1497088 bytes (3.7%)
(RDMA_READ_CONSUME_CHECK_CONSUMER) timestamp=12117 ms, used_size=1495040 bytes (3.6%)
(RDMA_READ_CONSUME_CHECK_CONSUMER) timestamp=12117 ms, used_size=1492992 bytes (3.6%)
(RDMA_READ_CONSUME_CHECK_CONSUMER) timestamp=12117 ms, used_size=1490944 bytes (3.6%)
(RDMA_READ_CONSUME_CHECK_CONSUMER) timestamp=12117 ms, used_size=1488896 bytes (3.6%)
(RDMA_READ_CONSUME_CHECK_CONSUMER) timestamp=12117 ms, used_size=1486848 bytes (3.6%)
(RDMA_READ_CONSUME_CHECK_CONSUMER) timestamp=12117 ms, used_size=1484800 bytes (3.6%)
(RDMA_READ_CONSUME_CHECK_CONSUMER) timestamp=12117 ms, used_size=1482752 bytes (3.6%)
(RDMA_READ_CONSUME_CHECK_CONSUMER) timestamp=12117 ms, used_size=1480704 bytes (3.6%)
(RDMA_READ_CONSUME_CHECK_CONSUMER) timestamp=12117 ms, used_size=1478656 bytes (3.6%)
(RDMA_READ_CONSUME_CHECK_CONSUMER) timestamp=12117 ms, used_size=1476608 bytes (3.6%)
(RDMA_READ_CONSUME_CHECK_CONSUMER) timestamp=12117 ms, used_size=1474560 bytes (3.6%)
(RDMA_READ_CONSUME_CHECK_CONSUMER) timestamp=12117 ms, used_size=1472512 bytes (3.6%)
(RDMA_READ_CONSUME_CHECK_CONSUMER) timestamp=12117 ms, used_size=1470464 bytes (3.6%)
(RDMA_READ_CONSUME_CHECK_CONSUMER) timestamp=12117 ms, used_size=1468416 bytes (3.6%)
(RDMA_READ_CONSUME_CHECK_CONSUMER) timestamp=12117 ms, used_size=1466368 bytes (3.6%)
(RDMA_READ_CONSUME_CHECK_CONSUMER) timestamp=12117 ms, used_size=1464320 bytes (3.6%)
(RDMA_READ_CONSUME_CHECK_CONSUMER) timestamp=12117 ms, used_size=1462272 bytes (3.6%)
(RDMA_READ_CONSUME_CHECK_CONSUMER) timestamp=12117 ms, used_size=1460224 bytes (3.6%)
(RDMA_READ_CONSUME_CHECK_CONSUMER) timestamp=12117 ms, used_size=1458176 bytes (3.6%)
(RDMA_READ_CONSUME_CHECK_CONSUMER) timestamp=12117 ms, used_size=1456128 bytes (3.6%)
(RDMA_READ_CONSUME_CHECK_CONSUMER) timestamp=12117 ms, used_size=1454080 bytes (3.5%)
(RDMA_READ_CONSUME_CHECK_CONSUMER) timestamp=12117 ms, used_size=1452032 bytes (3.5%)
(RDMA_READ_CONSUME_CHECK_CONSUMER) timestamp=12117 ms, used_size=1449984 bytes (3.5%)
(RDMA_READ_CONSUME_CHECK_CONSUMER) timestamp=12117 ms, used_size=1447936 bytes (3.5%)
(RDMA_READ_CONSUME_CHECK_CONSUMER) timestamp=12117 ms, used_size=1445888 bytes (3.5%)
(RDMA_READ_CONSUME_CHECK_CONSUMER) timestamp=12117 ms, used_size=1443840 bytes (3.5%)
(RDMA_READ_CONSUME_CHECK_CONSUMER) timestamp=12117 ms, used_size=1441792 bytes (3.5%)
(RDMA_READ_CONSUME_CHECK_CONSUMER) timestamp=12117 ms, used_size=1439744 bytes (3.5%)
(RDMA_READ_CONSUME_CHECK_CONSUMER) timestamp=12117 ms, used_size=1437696 bytes (3.5%)
(RDMA_READ_CONSUME_CHECK_CONSUMER) timestamp=12117 ms, used_size=1435648 bytes (3.5%)
(RDMA_READ_CONSUME_CHECK_CONSUMER) timestamp=12117 ms, used_size=1433600 bytes (3.5%)
(RDMA_READ_CONSUME_CHECK_CONSUMER) timestamp=12117 ms, used_size=1431552 bytes (3.5%)
(RDMA_READ_CONSUME_CHECK_CONSUMER) timestamp=12117 ms, used_size=1429504 bytes (3.5%)
(RDMA_READ_CONSUME_CHECK_CONSUMER) timestamp=12117 ms, used_size=1427456 bytes (3.5%)
(RDMA_READ_CONSUME_CHECK_CONSUMER) timestamp=12117 ms, used_size=1425408 bytes (3.5%)
(RDMA_READ_CONSUME_CHECK_CONSUMER) timestamp=12117 ms, used_size=1423360 bytes (3.5%)
(RDMA_READ_CONSUME_CHECK_CONSUMER) timestamp=12117 ms, used_size=1421312 bytes (3.5%)
(RDMA_READ_CONSUME_CHECK_CONSUMER) timestamp=12117 ms, used_size=1419264 bytes (3.5%)
(RDMA_READ_CONSUME_CHECK_CONSUMER) timestamp=12117 ms, used_size=1417216 bytes (3.5%)
(RDMA_READ_CONSUME_CHECK_CONSUMER) timestamp=12117 ms, used_size=1415168 bytes (3.5%)
(RDMA_READ_CONSUME_CHECK_CONSUMER) timestamp=12117 ms, used_size=1413120 bytes (3.5%)
(RDMA_READ_CONSUME_CHECK_CONSUMER) timestamp=12117 ms, used_size=1411072 bytes (3.4%)
(RDMA_READ_CONSUME_CHECK_CONSUMER) timestamp=12117 ms, used_size=1409024 bytes (3.4%)
(RDMA_READ_CONSUME_CHECK_CONSUMER) timestamp=12117 ms, used_size=1406976 bytes (3.4%)
(RDMA_READ_CONSUME_CHECK_CONSUMER) timestamp=12117 ms, used_size=1404928 bytes (3.4%)
(RDMA_READ_CONSUME_CHECK_CONSUMER) timestamp=12117 ms, used_size=1402880 bytes (3.4%)
(RDMA_READ_CONSUME_CHECK_CONSUMER) timestamp=12117 ms, used_size=1400832 bytes (3.4%)
(RDMA_READ_CONSUME_CHECK_CONSUMER) timestamp=12117 ms, used_size=1398784 bytes (3.4%)
(RDMA_READ_CONSUME_CHECK_CONSUMER) timestamp=12117 ms, used_size=1396736 bytes (3.4%)
(RDMA_READ_CONSUME_CHECK_CONSUMER) timestamp=12117 ms, used_size=1394688 bytes (3.4%)
(RDMA_READ_CONSUME_CHECK_CONSUMER) timestamp=12117 ms, used_size=1392640 bytes (3.4%)
(RDMA_READ_CONSUME_CHECK_CONSUMER) timestamp=12117 ms, used_size=1390592 bytes (3.4%)
(RDMA_READ_CONSUME_CHECK_CONSUMER) timestamp=12117 ms, used_size=1388544 bytes (3.4%)
(RDMA_READ_CONSUME_CHECK_CONSUMER) timestamp=12117 ms, used_size=1386496 bytes (3.4%)
(RDMA_READ_CONSUME_CHECK_CONSUMER) timestamp=12117 ms, used_size=1384448 bytes (3.4%)
(RDMA_READ_CONSUME_CHECK_CONSUMER) timestamp=12117 ms, used_size=1382400 bytes (3.4%)
(RDMA_READ_CONSUME_CHECK_CONSUMER) timestamp=12117 ms, used_size=1380352 bytes (3.4%)
(RDMA_READ_CONSUME_CHECK_CONSUMER) timestamp=12117 ms, used_size=1378304 bytes (3.4%)
(RDMA_READ_CONSUME_CHECK_CONSUMER) timestamp=12117 ms, used_size=1376256 bytes (3.4%)
(RDMA_READ_CONSUME_CHECK_CONSUMER) timestamp=12117 ms, used_size=1374208 bytes (3.4%)
(RDMA_READ_CONSUME_CHECK_CONSUMER) timestamp=12117 ms, used_size=1372160 bytes (3.4%)
(RDMA_READ_CONSUME_CHECK_CONSUMER) timestamp=12117 ms, used_size=1370112 bytes (3.3%)
(RDMA_READ_CONSUME_CHECK_CONSUMER) timestamp=12117 ms, used_size=1368064 bytes (3.3%)
(RDMA_READ_CONSUME_CHECK_CONSUMER) timestamp=12117 ms, used_size=1366016 bytes (3.3%)
(RDMA_READ_CONSUME_CHECK_CONSUMER) timestamp=12117 ms, used_size=1363968 bytes (3.3%)
(RDMA_READ_CONSUME_CHECK_CONSUMER) timestamp=12117 ms, used_size=1361920 bytes (3.3%)
(RDMA_READ_CONSUME_CHECK_CONSUMER) timestamp=12117 ms, used_size=1359872 bytes (3.3%)
(RDMA_READ_CONSUME_CHECK_CONSUMER) timestamp=12117 ms, used_size=1357824 bytes (3.3%)
(RDMA_READ_CONSUME_CHECK_CONSUMER) timestamp=12117 ms, used_size=1355776 bytes (3.3%)
(RDMA_READ_CONSUME_CHECK_CONSUMER) timestamp=12117 ms, used_size=1353728 bytes (3.3%)
(RDMA_READ_CONSUME_CHECK_CONSUMER) timestamp=12117 ms, used_size=1351680 bytes (3.3%)
(RDMA_READ_CONSUME_CHECK_CONSUMER) timestamp=12117 ms, used_size=1349632 bytes (3.3%)
(RDMA_READ_CONSUME_CHECK_CONSUMER) timestamp=12117 ms, used_size=1347584 bytes (3.3%)
(RDMA_READ_CONSUME_CHECK_CONSUMER) timestamp=12117 ms, used_size=1345536 bytes (3.3%)
(RDMA_READ_CONSUME_CHECK_CONSUMER) timestamp=12117 ms, used_size=1343488 bytes (3.3%)
(RDMA_READ_CONSUME_CHECK_CONSUMER) timestamp=12117 ms, used_size=1341440 bytes (3.3%)
(RDMA_READ_CONSUME_CHECK_CONSUMER) timestamp=12117 ms, used_size=1339392 bytes (3.3%)
(RDMA_READ_CONSUME_CHECK_CONSUMER) timestamp=12117 ms, used_size=1337344 bytes (3.3%)
(RDMA_READ_CONSUME_CHECK_CONSUMER) timestamp=12117 ms, used_size=1335296 bytes (3.3%)
(RDMA_READ_CONSUME_CHECK_CONSUMER) timestamp=12117 ms, used_size=1333248 bytes (3.3%)
(RDMA_READ_CONSUME_CHECK_CONSUMER) timestamp=12117 ms, used_size=1331200 bytes (3.2%)
(RDMA_READ_CONSUME_CHECK_CONSUMER) timestamp=12117 ms, used_size=1329152 bytes (3.2%)
(RDMA_READ_CONSUME_CHECK_CONSUMER) timestamp=12117 ms, used_size=1327104 bytes (3.2%)
(RDMA_READ_CONSUME_CHECK_CONSUMER) timestamp=12117 ms, used_size=1325056 bytes (3.2%)
(RDMA_READ_CONSUME_CHECK_CONSUMER) timestamp=12117 ms, used_size=1323008 bytes (3.2%)
(RDMA_READ_CONSUME_CHECK_CONSUMER) timestamp=12117 ms, used_size=1320960 bytes (3.2%)
(RDMA_READ_CONSUME_CHECK_CONSUMER) timestamp=12117 ms, used_size=1318912 bytes (3.2%)
(RDMA_READ_CONSUME_CHECK_CONSUMER) timestamp=12117 ms, used_size=1316864 bytes (3.2%)
(RDMA_READ_CONSUME_CHECK_CONSUMER) timestamp=12117 ms, used_size=1314816 bytes (3.2%)
(RDMA_READ_CONSUME_CHECK_CONSUMER) timestamp=12117 ms, used_size=1312768 bytes (3.2%)
(RDMA_READ_CONSUME_CHECK_CONSUMER) timestamp=12117 ms, used_size=1310720 bytes (3.2%)
(RDMA_READ_CONSUME_CHECK_CONSUMER) timestamp=12117 ms, used_size=1308672 bytes (3.2%)
(RDMA_READ_CONSUME_CHECK_CONSUMER) timestamp=12117 ms, used_size=1306624 bytes (3.2%)
(RDMA_READ_CONSUME_CHECK_CONSUMER) timestamp=12117 ms, used_size=1304576 bytes (3.2%)
(RDMA_READ_CONSUME_CHECK_CONSUMER) timestamp=12117 ms, used_size=1302528 bytes (3.2%)
(RDMA_READ_CONSUME_CHECK_CONSUMER) timestamp=12117 ms, used_size=1300480 bytes (3.2%)
(RDMA_READ_CONSUME_CHECK_CONSUMER) timestamp=12117 ms, used_size=1298432 bytes (3.2%)
(RDMA_READ_CONSUME_CHECK_CONSUMER) timestamp=12117 ms, used_size=1296384 bytes (3.2%)
(RDMA_READ_CONSUME_CHECK_CONSUMER) timestamp=12117 ms, used_size=1294336 bytes (3.2%)
(RDMA_READ_CONSUME_CHECK_CONSUMER) timestamp=12117 ms, used_size=1292288 bytes (3.2%)
(RDMA_READ_CONSUME_CHECK_CONSUMER) timestamp=12117 ms, used_size=1290240 bytes (3.1%)
(RDMA_READ_CONSUME_CHECK_CONSUMER) timestamp=12117 ms, used_size=1288192 bytes (3.1%)
(RDMA_READ_CONSUME_CHECK_CONSUMER) timestamp=12117 ms, used_size=1286144 bytes (3.1%)
(RDMA_READ_CONSUME_CHECK_CONSUMER) timestamp=12117 ms, used_size=1284096 bytes (3.1%)
(RDMA_READ_CONSUME_CHECK_CONSUMER) timestamp=12117 ms, used_size=1282048 bytes (3.1%)
(RDMA_READ_CONSUME_CHECK_CONSUMER) timestamp=12117 ms, used_size=1280000 bytes (3.1%)
(RDMA_READ_CONSUME_CHECK_CONSUMER) timestamp=12117 ms, used_size=1277952 bytes (3.1%)
(RDMA_READ_CONSUME_CHECK_CONSUMER) timestamp=12117 ms, used_size=1275904 bytes (3.1%)
(RDMA_READ_CONSUME_CHECK_CONSUMER) timestamp=12117 ms, used_size=1273856 bytes (3.1%)
(RDMA_READ_CONSUME_CHECK_CONSUMER) timestamp=12117 ms, used_size=1271808 bytes (3.1%)
(RDMA_READ_CONSUME_CHECK_CONSUMER) timestamp=12117 ms, used_size=1269760 bytes (3.1%)
(RDMA_READ_CONSUME_CHECK_CONSUMER) timestamp=12117 ms, used_size=1267712 bytes (3.1%)
(RDMA_READ_CONSUME_CHECK_CONSUMER) timestamp=12117 ms, used_size=1265664 bytes (3.1%)
(RDMA_READ_CONSUME_CHECK_CONSUMER) timestamp=12117 ms, used_size=1263616 bytes (3.1%)
(RDMA_READ_CONSUME_CHECK_CONSUMER) timestamp=12117 ms, used_size=1261568 bytes (3.1%)
(RDMA_READ_CONSUME_CHECK_CONSUMER) timestamp=12117 ms, used_size=1259520 bytes (3.1%)
(RDMA_READ_CONSUME_CHECK_CONSUMER) timestamp=12117 ms, used_size=1257472 bytes (3.1%)
(RDMA_READ_CONSUME_CHECK_CONSUMER) timestamp=12117 ms, used_size=1255424 bytes (3.1%)
(RDMA_READ_CONSUME_CHECK_CONSUMER) timestamp=12117 ms, used_size=1253376 bytes (3.1%)
(RDMA_READ_CONSUME_CHECK_CONSUMER) timestamp=12117 ms, used_size=1251328 bytes (3.1%)
(RDMA_READ_CONSUME_CHECK_CONSUMER) timestamp=12117 ms, used_size=1249280 bytes (3.0%)
(RDMA_READ_CONSUME_CHECK_CONSUMER) timestamp=12117 ms, used_size=1247232 bytes (3.0%)
(RDMA_READ_CONSUME_CHECK_CONSUMER) timestamp=12117 ms, used_size=1245184 bytes (3.0%)
(RDMA_READ_CONSUME_CHECK_CONSUMER) timestamp=12117 ms, used_size=1243136 bytes (3.0%)
(RDMA_READ_CONSUME_CHECK_CONSUMER) timestamp=12117 ms, used_size=1241088 bytes (3.0%)
(RDMA_READ_CONSUME_CHECK_CONSUMER) timestamp=12117 ms, used_size=1239040 bytes (3.0%)
(RDMA_READ_CONSUME_CHECK_CONSUMER) timestamp=12117 ms, used_size=1236992 bytes (3.0%)
(RDMA_READ_CONSUME_CHECK_CONSUMER) timestamp=12117 ms, used_size=1234944 bytes (3.0%)
(RDMA_READ_CONSUME_CHECK_CONSUMER) timestamp=12117 ms, used_size=1232896 bytes (3.0%)
(RDMA_READ_CONSUME_CHECK_CONSUMER) timestamp=12117 ms, used_size=1230848 bytes (3.0%)
(RDMA_READ_CONSUME_CHECK_CONSUMER) timestamp=12117 ms, used_size=1228800 bytes (3.0%)
(RDMA_READ_CONSUME_CHECK_CONSUMER) timestamp=12117 ms, used_size=1226752 bytes (3.0%)
(RDMA_READ_CONSUME_CHECK_CONSUMER) timestamp=12117 ms, used_size=1224704 bytes (3.0%)
(RDMA_READ_CONSUME_CHECK_CONSUMER) timestamp=12117 ms, used_size=1222656 bytes (3.0%)
(RDMA_READ_CONSUME_CHECK_CONSUMER) timestamp=12117 ms, used_size=1220608 bytes (3.0%)
(RDMA_READ_CONSUME_CHECK_CONSUMER) timestamp=12117 ms, used_size=1218560 bytes (3.0%)
(RDMA_READ_CONSUME_CHECK_CONSUMER) timestamp=12117 ms, used_size=1216512 bytes (3.0%)
(RDMA_READ_CONSUME_CHECK_CONSUMER) timestamp=12117 ms, used_size=1214464 bytes (3.0%)
(RDMA_READ_CONSUME_CHECK_CONSUMER) timestamp=12117 ms, used_size=1212416 bytes (3.0%)
(RDMA_READ_CONSUME_CHECK_CONSUMER) timestamp=12117 ms, used_size=1210368 bytes (3.0%)
(RDMA_READ_CONSUME_CHECK_CONSUMER) timestamp=12117 ms, used_size=1208320 bytes (3.0%)
(RDMA_READ_CONSUME_CHECK_CONSUMER) timestamp=12117 ms, used_size=1206272 bytes (2.9%)
(RDMA_READ_CONSUME_CHECK_CONSUMER) timestamp=12117 ms, used_size=1204224 bytes (2.9%)
(RDMA_READ_CONSUME_CHECK_CONSUMER) timestamp=12117 ms, used_size=1202176 bytes (2.9%)
(RDMA_READ_CONSUME_CHECK_CONSUMER) timestamp=12117 ms, used_size=1200128 bytes (2.9%)
(RDMA_READ_CONSUME_CHECK_CONSUMER) timestamp=12117 ms, used_size=1198080 bytes (2.9%)
(RDMA_READ_CONSUME_CHECK_CONSUMER) timestamp=12117 ms, used_size=1196032 bytes (2.9%)
(RDMA_READ_CONSUME_CHECK_CONSUMER) timestamp=12117 ms, used_size=1193984 bytes (2.9%)
(RDMA_READ_CONSUME_CHECK_CONSUMER) timestamp=12117 ms, used_size=1191936 bytes (2.9%)
(RDMA_READ_CONSUME_CHECK_CONSUMER) timestamp=12117 ms, used_size=1189888 bytes (2.9%)
(RDMA_READ_CONSUME_CHECK_CONSUMER) timestamp=12117 ms, used_size=1187840 bytes (2.9%)
(RDMA_READ_CONSUME_CHECK_CONSUMER) timestamp=12117 ms, used_size=1185792 bytes (2.9%)
(RDMA_READ_CONSUME_CHECK_CONSUMER) timestamp=12117 ms, used_size=1183744 bytes (2.9%)
(RDMA_READ_CONSUME_CHECK_CONSUMER) timestamp=12117 ms, used_size=1181696 bytes (2.9%)
(RDMA_READ_CONSUME_CHECK_CONSUMER) timestamp=12117 ms, used_size=1179648 bytes (2.9%)
(RDMA_READ_CONSUME_CHECK_CONSUMER) timestamp=12118 ms, used_size=1177600 bytes (2.9%)
(RDMA_READ_CONSUME_CHECK_CONSUMER) timestamp=12118 ms, used_size=1175552 bytes (2.9%)
(RDMA_READ_CONSUME_CHECK_CONSUMER) timestamp=12118 ms, used_size=1173504 bytes (2.9%)
(RDMA_READ_CONSUME_CHECK_CONSUMER) timestamp=12118 ms, used_size=1171456 bytes (2.9%)
(RDMA_READ_CONSUME_CHECK_CONSUMER) timestamp=12118 ms, used_size=1169408 bytes (2.9%)
(RDMA_READ_CONSUME_CHECK_CONSUMER) timestamp=12118 ms, used_size=1167360 bytes (2.9%)
(RDMA_READ_CONSUME_CHECK_CONSUMER) timestamp=12118 ms, used_size=1165312 bytes (2.8%)
(RDMA_READ_CONSUME_CHECK_CONSUMER) timestamp=12118 ms, used_size=1163264 bytes (2.8%)
(RDMA_READ_CONSUME_CHECK_CONSUMER) timestamp=12118 ms, used_size=1161216 bytes (2.8%)
(RDMA_READ_CONSUME_CHECK_CONSUMER) timestamp=12118 ms, used_size=1159168 bytes (2.8%)
(RDMA_READ_CONSUME_CHECK_CONSUMER) timestamp=12118 ms, used_size=1157120 bytes (2.8%)
(RDMA_READ_CONSUME_CHECK_CONSUMER) timestamp=12118 ms, used_size=1155072 bytes (2.8%)
(RDMA_READ_CONSUME_CHECK_CONSUMER) timestamp=12118 ms, used_size=1153024 bytes (2.8%)
(RDMA_READ_CONSUME_CHECK_CONSUMER) timestamp=12118 ms, used_size=1150976 bytes (2.8%)
(RDMA_READ_CONSUME_CHECK_CONSUMER) timestamp=12118 ms, used_size=1148928 bytes (2.8%)
(RDMA_READ_CONSUME_CHECK_CONSUMER) timestamp=12118 ms, used_size=1146880 bytes (2.8%)
(RDMA_READ_CONSUME_CHECK_CONSUMER) timestamp=12118 ms, used_size=1144832 bytes (2.8%)
(RDMA_READ_CONSUME_CHECK_CONSUMER) timestamp=12118 ms, used_size=1142784 bytes (2.8%)
(RDMA_READ_CONSUME_CHECK_CONSUMER) timestamp=12118 ms, used_size=1140736 bytes (2.8%)
(RDMA_READ_CONSUME_CHECK_CONSUMER) timestamp=12118 ms, used_size=1138688 bytes (2.8%)
(RDMA_READ_CONSUME_CHECK_CONSUMER) timestamp=12118 ms, used_size=1136640 bytes (2.8%)
(RDMA_READ_CONSUME_CHECK_CONSUMER) timestamp=12118 ms, used_size=1134592 bytes (2.8%)
(RDMA_READ_CONSUME_CHECK_CONSUMER) timestamp=12118 ms, used_size=1132544 bytes (2.8%)
(RDMA_READ_CONSUME_CHECK_CONSUMER) timestamp=12118 ms, used_size=1130496 bytes (2.8%)
(RDMA_READ_CONSUME_CHECK_CONSUMER) timestamp=12118 ms, used_size=1128448 bytes (2.8%)
(RDMA_READ_CONSUME_CHECK_CONSUMER) timestamp=12118 ms, used_size=1126400 bytes (2.8%)
(RDMA_READ_CONSUME_CHECK_CONSUMER) timestamp=12118 ms, used_size=1124352 bytes (2.7%)
(RDMA_READ_CONSUME_CHECK_CONSUMER) timestamp=12118 ms, used_size=1122304 bytes (2.7%)
(RDMA_READ_CONSUME_CHECK_CONSUMER) timestamp=12118 ms, used_size=1120256 bytes (2.7%)
(RDMA_READ_CONSUME_CHECK_CONSUMER) timestamp=12118 ms, used_size=1118208 bytes (2.7%)
(RDMA_READ_CONSUME_CHECK_CONSUMER) timestamp=12118 ms, used_size=1116160 bytes (2.7%)
(RDMA_READ_CONSUME_CHECK_CONSUMER) timestamp=12118 ms, used_size=1114112 bytes (2.7%)
(RDMA_READ_CONSUME_CHECK_CONSUMER) timestamp=12118 ms, used_size=1112064 bytes (2.7%)
(RDMA_READ_CONSUME_CHECK_CONSUMER) timestamp=12118 ms, used_size=1110016 bytes (2.7%)
(RDMA_READ_CONSUME_CHECK_CONSUMER) timestamp=12118 ms, used_size=1107968 bytes (2.7%)
(RDMA_READ_CONSUME_CHECK_CONSUMER) timestamp=12118 ms, used_size=1105920 bytes (2.7%)
(RDMA_READ_CONSUME_CHECK_CONSUMER) timestamp=12118 ms, used_size=1103872 bytes (2.7%)
(RDMA_READ_CONSUME_CHECK_CONSUMER) timestamp=12118 ms, used_size=1101824 bytes (2.7%)
(RDMA_READ_CONSUME_CHECK_CONSUMER) timestamp=12118 ms, used_size=1099776 bytes (2.7%)
(RDMA_READ_CONSUME_CHECK_CONSUMER) timestamp=12118 ms, used_size=1097728 bytes (2.7%)
(RDMA_READ_CONSUME_CHECK_CONSUMER) timestamp=12118 ms, used_size=1095680 bytes (2.7%)
(RDMA_READ_CONSUME_CHECK_CONSUMER) timestamp=12118 ms, used_size=1093632 bytes (2.7%)
(RDMA_READ_CONSUME_CHECK_CONSUMER) timestamp=12118 ms, used_size=1091584 bytes (2.7%)
(RDMA_READ_CONSUME_CHECK_CONSUMER) timestamp=12118 ms, used_size=1089536 bytes (2.7%)
(RDMA_READ_CONSUME_CHECK_CONSUMER) timestamp=12118 ms, used_size=1087488 bytes (2.7%)
(RDMA_READ_CONSUME_CHECK_CONSUMER) timestamp=12118 ms, used_size=1085440 bytes (2.6%)
(RDMA_READ_CONSUME_CHECK_CONSUMER) timestamp=12118 ms, used_size=1083392 bytes (2.6%)
(RDMA_READ_CONSUME_CHECK_CONSUMER) timestamp=12118 ms, used_size=1081344 bytes (2.6%)
(RDMA_READ_CONSUME_CHECK_CONSUMER) timestamp=12118 ms, used_size=1079296 bytes (2.6%)
(RDMA_READ_CONSUME_CHECK_CONSUMER) timestamp=12118 ms, used_size=1077248 bytes (2.6%)
(RDMA_READ_CONSUME_CHECK_CONSUMER) timestamp=12118 ms, used_size=1075200 bytes (2.6%)
(RDMA_READ_CONSUME_CHECK_CONSUMER) timestamp=12118 ms, used_size=1073152 bytes (2.6%)
(RDMA_READ_CONSUME_CHECK_CONSUMER) timestamp=12118 ms, used_size=1071104 bytes (2.6%)
(RDMA_READ_CONSUME_CHECK_CONSUMER) timestamp=12118 ms, used_size=1069056 bytes (2.6%)
(RDMA_READ_CONSUME_CHECK_CONSUMER) timestamp=12118 ms, used_size=1067008 bytes (2.6%)
(RDMA_READ_CONSUME_CHECK_CONSUMER) timestamp=12118 ms, used_size=1064960 bytes (2.6%)
(RDMA_READ_CONSUME_CHECK_CONSUMER) timestamp=12118 ms, used_size=1062912 bytes (2.6%)
(RDMA_READ_CONSUME_CHECK_CONSUMER) timestamp=12118 ms, used_size=1060864 bytes (2.6%)
(RDMA_READ_CONSUME_CHECK_CONSUMER) timestamp=12118 ms, used_size=1058816 bytes (2.6%)
(RDMA_READ_CONSUME_CHECK_CONSUMER) timestamp=12118 ms, used_size=1056768 bytes (2.6%)
(RDMA_READ_CONSUME_CHECK_CONSUMER) timestamp=12118 ms, used_size=1054720 bytes (2.6%)
(RDMA_READ_CONSUME_CHECK_CONSUMER) timestamp=12118 ms, used_size=1052672 bytes (2.6%)
(RDMA_READ_CONSUME_CHECK_CONSUMER) timestamp=12118 ms, used_size=1050624 bytes (2.6%)
(RDMA_READ_CONSUME_CHECK_CONSUMER) timestamp=12118 ms, used_size=1048576 bytes (2.6%)
(RDMA_READ_CONSUME_CHECK_CONSUMER) timestamp=12118 ms, used_size=1046528 bytes (2.6%)
(RDMA_READ_CONSUME_CHECK_CONSUMER) timestamp=12118 ms, used_size=1044480 bytes (2.5%)
(RDMA_READ_CONSUME_CHECK_CONSUMER) timestamp=12118 ms, used_size=1042432 bytes (2.5%)
(RDMA_READ_CONSUME_CHECK_CONSUMER) timestamp=12118 ms, used_size=1040384 bytes (2.5%)
(RDMA_READ_CONSUME_CHECK_CONSUMER) timestamp=12118 ms, used_size=1038336 bytes (2.5%)
(RDMA_READ_CONSUME_CHECK_CONSUMER) timestamp=12118 ms, used_size=1036288 bytes (2.5%)
(RDMA_READ_CONSUME_CHECK_CONSUMER) timestamp=12118 ms, used_size=1034240 bytes (2.5%)
(RDMA_READ_CONSUME_CHECK_CONSUMER) timestamp=12118 ms, used_size=1032192 bytes (2.5%)
(RDMA_READ_CONSUME_CHECK_CONSUMER) timestamp=12118 ms, used_size=1030144 bytes (2.5%)
(RDMA_READ_CONSUME_CHECK_CONSUMER) timestamp=12118 ms, used_size=1028096 bytes (2.5%)
(RDMA_READ_CONSUME_CHECK_CONSUMER) timestamp=12118 ms, used_size=1026048 bytes (2.5%)
(RDMA_READ_CONSUME_CHECK_CONSUMER) timestamp=12118 ms, used_size=1024000 bytes (2.5%)
(RDMA_READ_CONSUME_CHECK_CONSUMER) timestamp=12118 ms, used_size=1021952 bytes (2.5%)
(RDMA_READ_CONSUME_CHECK_CONSUMER) timestamp=12118 ms, used_size=1019904 bytes (2.5%)
(RDMA_READ_CONSUME_CHECK_CONSUMER) timestamp=12118 ms, used_size=1017856 bytes (2.5%)
(RDMA_READ_CONSUME_CHECK_CONSUMER) timestamp=12118 ms, used_size=1015808 bytes (2.5%)
(RDMA_READ_CONSUME_CHECK_CONSUMER) timestamp=12118 ms, used_size=1013760 bytes (2.5%)
(RDMA_READ_CONSUME_CHECK_CONSUMER) timestamp=12118 ms, used_size=1011712 bytes (2.5%)
(RDMA_READ_CONSUME_CHECK_CONSUMER) timestamp=12118 ms, used_size=1009664 bytes (2.5%)
(RDMA_READ_CONSUME_CHECK_CONSUMER) timestamp=12118 ms, used_size=1007616 bytes (2.5%)
(RDMA_READ_CONSUME_CHECK_CONSUMER) timestamp=12118 ms, used_size=1005568 bytes (2.5%)
(RDMA_READ_CONSUME_CHECK_CONSUMER) timestamp=12118 ms, used_size=1003520 bytes (2.5%)
(RDMA_READ_CONSUME_CHECK_CONSUMER) timestamp=12118 ms, used_size=1001472 bytes (2.4%)
(RDMA_READ_CONSUME_CHECK_CONSUMER) timestamp=12118 ms, used_size=999424 bytes (2.4%)
(RDMA_READ_CONSUME_CHECK_CONSUMER) timestamp=12118 ms, used_size=997376 bytes (2.4%)
(RDMA_READ_CONSUME_CHECK_CONSUMER) timestamp=12118 ms, used_size=995328 bytes (2.4%)
(RDMA_READ_CONSUME_CHECK_CONSUMER) timestamp=12118 ms, used_size=993280 bytes (2.4%)
(RDMA_READ_CONSUME_CHECK_CONSUMER) timestamp=12118 ms, used_size=991232 bytes (2.4%)
(RDMA_READ_CONSUME_CHECK_CONSUMER) timestamp=12118 ms, used_size=989184 bytes (2.4%)
(RDMA_READ_CONSUME_CHECK_CONSUMER) timestamp=12118 ms, used_size=987136 bytes (2.4%)
(RDMA_READ_CONSUME_CHECK_CONSUMER) timestamp=12118 ms, used_size=985088 bytes (2.4%)
(RDMA_READ_CONSUME_CHECK_CONSUMER) timestamp=12118 ms, used_size=983040 bytes (2.4%)
(RDMA_READ_CONSUME_CHECK_CONSUMER) timestamp=12118 ms, used_size=980992 bytes (2.4%)
(RDMA_READ_CONSUME_CHECK_CONSUMER) timestamp=12118 ms, used_size=978944 bytes (2.4%)
(RDMA_READ_CONSUME_CHECK_CONSUMER) timestamp=12118 ms, used_size=976896 bytes (2.4%)
(RDMA_READ_CONSUME_CHECK_CONSUMER) timestamp=12118 ms, used_size=974848 bytes (2.4%)
(RDMA_READ_CONSUME_CHECK_CONSUMER) timestamp=12118 ms, used_size=972800 bytes (2.4%)
(RDMA_READ_CONSUME_CHECK_CONSUMER) timestamp=12118 ms, used_size=970752 bytes (2.4%)
(RDMA_READ_CONSUME_CHECK_CONSUMER) timestamp=12118 ms, used_size=968704 bytes (2.4%)
(RDMA_READ_CONSUME_CHECK_CONSUMER) timestamp=12118 ms, used_size=966656 bytes (2.4%)
(RDMA_READ_CONSUME_CHECK_CONSUMER) timestamp=12118 ms, used_size=964608 bytes (2.4%)
(RDMA_READ_CONSUME_CHECK_CONSUMER) timestamp=12118 ms, used_size=962560 bytes (2.4%)
(RDMA_READ_CONSUME_CHECK_CONSUMER) timestamp=12118 ms, used_size=960512 bytes (2.3%)
(RDMA_READ_CONSUME_CHECK_CONSUMER) timestamp=12118 ms, used_size=958464 bytes (2.3%)
(RDMA_READ_CONSUME_CHECK_CONSUMER) timestamp=12118 ms, used_size=956416 bytes (2.3%)
(RDMA_READ_CONSUME_CHECK_CONSUMER) timestamp=12118 ms, used_size=954368 bytes (2.3%)
(RDMA_READ_CONSUME_CHECK_CONSUMER) timestamp=12118 ms, used_size=952320 bytes (2.3%)
(RDMA_READ_CONSUME_CHECK_CONSUMER) timestamp=12118 ms, used_size=950272 bytes (2.3%)
(RDMA_READ_CONSUME_CHECK_CONSUMER) timestamp=12118 ms, used_size=948224 bytes (2.3%)
(RDMA_READ_CONSUME_CHECK_CONSUMER) timestamp=12118 ms, used_size=946176 bytes (2.3%)
(RDMA_READ_CONSUME_CHECK_CONSUMER) timestamp=12118 ms, used_size=944128 bytes (2.3%)
(RDMA_READ_CONSUME_CHECK_CONSUMER) timestamp=12118 ms, used_size=942080 bytes (2.3%)
(RDMA_READ_CONSUME_CHECK_CONSUMER) timestamp=12118 ms, used_size=940032 bytes (2.3%)
(RDMA_READ_CONSUME_CHECK_CONSUMER) timestamp=12118 ms, used_size=937984 bytes (2.3%)
(RDMA_READ_CONSUME_CHECK_CONSUMER) timestamp=12118 ms, used_size=935936 bytes (2.3%)
(RDMA_READ_CONSUME_CHECK_CONSUMER) timestamp=12118 ms, used_size=933888 bytes (2.3%)
(RDMA_READ_CONSUME_CHECK_CONSUMER) timestamp=12118 ms, used_size=931840 bytes (2.3%)
(RDMA_READ_CONSUME_CHECK_CONSUMER) timestamp=12118 ms, used_size=929792 bytes (2.3%)
(RDMA_READ_CONSUME_CHECK_CONSUMER) timestamp=12118 ms, used_size=927744 bytes (2.3%)
(RDMA_READ_CONSUME_CHECK_CONSUMER) timestamp=12118 ms, used_size=925696 bytes (2.3%)
(RDMA_READ_CONSUME_CHECK_CONSUMER) timestamp=12118 ms, used_size=923648 bytes (2.3%)
(RDMA_READ_CONSUME_CHECK_CONSUMER) timestamp=12118 ms, used_size=921600 bytes (2.2%)
(RDMA_READ_CONSUME_CHECK_CONSUMER) timestamp=12118 ms, used_size=919552 bytes (2.2%)
(RDMA_READ_CONSUME_CHECK_CONSUMER) timestamp=12118 ms, used_size=917504 bytes (2.2%)
(RDMA_READ_CONSUME_CHECK_CONSUMER) timestamp=12118 ms, used_size=915456 bytes (2.2%)
(RDMA_READ_CONSUME_CHECK_CONSUMER) timestamp=12118 ms, used_size=913408 bytes (2.2%)
(RDMA_READ_CONSUME_CHECK_CONSUMER) timestamp=12118 ms, used_size=911360 bytes (2.2%)
(RDMA_READ_CONSUME_CHECK_CONSUMER) timestamp=12118 ms, used_size=909312 bytes (2.2%)
(RDMA_READ_CONSUME_CHECK_CONSUMER) timestamp=12118 ms, used_size=907264 bytes (2.2%)
(RDMA_READ_CONSUME_CHECK_CONSUMER) timestamp=12118 ms, used_size=905216 bytes (2.2%)
(RDMA_READ_CONSUME_CHECK_CONSUMER) timestamp=12118 ms, used_size=903168 bytes (2.2%)
(RDMA_READ_CONSUME_CHECK_CONSUMER) timestamp=12118 ms, used_size=901120 bytes (2.2%)
(RDMA_READ_CONSUME_CHECK_CONSUMER) timestamp=12118 ms, used_size=899072 bytes (2.2%)
(RDMA_READ_CONSUME_CHECK_CONSUMER) timestamp=12118 ms, used_size=897024 bytes (2.2%)
(RDMA_READ_CONSUME_CHECK_CONSUMER) timestamp=12118 ms, used_size=894976 bytes (2.2%)
(RDMA_READ_CONSUME_CHECK_CONSUMER) timestamp=12118 ms, used_size=892928 bytes (2.2%)
(RDMA_READ_CONSUME_CHECK_CONSUMER) timestamp=12118 ms, used_size=890880 bytes (2.2%)
(RDMA_READ_CONSUME_CHECK_CONSUMER) timestamp=12118 ms, used_size=888832 bytes (2.2%)
(RDMA_READ_CONSUME_CHECK_CONSUMER) timestamp=12118 ms, used_size=886784 bytes (2.2%)
(RDMA_READ_CONSUME_CHECK_CONSUMER) timestamp=12118 ms, used_size=884736 bytes (2.2%)
(RDMA_READ_CONSUME_CHECK_CONSUMER) timestamp=12118 ms, used_size=882688 bytes (2.2%)
(RDMA_READ_CONSUME_CHECK_CONSUMER) timestamp=12118 ms, used_size=880640 bytes (2.1%)
(RDMA_READ_CONSUME_CHECK_CONSUMER) timestamp=12118 ms, used_size=878592 bytes (2.1%)
(RDMA_READ_CONSUME_CHECK_CONSUMER) timestamp=12118 ms, used_size=876544 bytes (2.1%)
(RDMA_READ_CONSUME_CHECK_CONSUMER) timestamp=12118 ms, used_size=874496 bytes (2.1%)
(RDMA_READ_CONSUME_CHECK_CONSUMER) timestamp=12118 ms, used_size=872448 bytes (2.1%)
(RDMA_READ_CONSUME_CHECK_CONSUMER) timestamp=12118 ms, used_size=870400 bytes (2.1%)
(RDMA_READ_CONSUME_CHECK_CONSUMER) timestamp=12118 ms, used_size=868352 bytes (2.1%)
(RDMA_READ_CONSUME_CHECK_CONSUMER) timestamp=12118 ms, used_size=866304 bytes (2.1%)
(RDMA_READ_CONSUME_CHECK_CONSUMER) timestamp=12118 ms, used_size=864256 bytes (2.1%)
(RDMA_READ_CONSUME_CHECK_CONSUMER) timestamp=12118 ms, used_size=862208 bytes (2.1%)
(RDMA_READ_CONSUME_CHECK_CONSUMER) timestamp=12118 ms, used_size=860160 bytes (2.1%)
(RDMA_READ_CONSUME_CHECK_CONSUMER) timestamp=12118 ms, used_size=858112 bytes (2.1%)
(RDMA_READ_CONSUME_CHECK_CONSUMER) timestamp=12118 ms, used_size=856064 bytes (2.1%)
(RDMA_READ_CONSUME_CHECK_CONSUMER) timestamp=12118 ms, used_size=854016 bytes (2.1%)
(RDMA_READ_CONSUME_CHECK_CONSUMER) timestamp=12118 ms, used_size=851968 bytes (2.1%)
(RDMA_READ_CONSUME_CHECK_CONSUMER) timestamp=12118 ms, used_size=849920 bytes (2.1%)
(RDMA_READ_CONSUME_CHECK_CONSUMER) timestamp=12118 ms, used_size=847872 bytes (2.1%)
(RDMA_READ_CONSUME_CHECK_CONSUMER) timestamp=12118 ms, used_size=845824 bytes (2.1%)
(RDMA_READ_CONSUME_CHECK_CONSUMER) timestamp=12118 ms, used_size=843776 bytes (2.1%)
(RDMA_READ_CONSUME_CHECK_CONSUMER) timestamp=12118 ms, used_size=841728 bytes (2.1%)
(RDMA_READ_CONSUME_CHECK_CONSUMER) timestamp=12118 ms, used_size=839680 bytes (2.0%)
(RDMA_READ_CONSUME_CHECK_CONSUMER) timestamp=12118 ms, used_size=837632 bytes (2.0%)
(RDMA_READ_CONSUME_CHECK_CONSUMER) timestamp=12118 ms, used_size=835584 bytes (2.0%)
(RDMA_READ_CONSUME_CHECK_CONSUMER) timestamp=12118 ms, used_size=833536 bytes (2.0%)
(RDMA_READ_CONSUME_CHECK_CONSUMER) timestamp=12118 ms, used_size=831488 bytes (2.0%)
(RDMA_READ_CONSUME_CHECK_CONSUMER) timestamp=12118 ms, used_size=829440 bytes (2.0%)
(RDMA_READ_CONSUME_CHECK_CONSUMER) timestamp=12118 ms, used_size=827392 bytes (2.0%)
(RDMA_READ_CONSUME_CHECK_CONSUMER) timestamp=12118 ms, used_size=825344 bytes (2.0%)
(RDMA_READ_CONSUME_CHECK_CONSUMER) timestamp=12118 ms, used_size=823296 bytes (2.0%)
(RDMA_READ_CONSUME_CHECK_CONSUMER) timestamp=12118 ms, used_size=821248 bytes (2.0%)
(RDMA_READ_CONSUME_CHECK_CONSUMER) timestamp=12119 ms, used_size=819200 bytes (2.0%)
(RDMA_READ_CONSUME_CHECK_CONSUMER) timestamp=12119 ms, used_size=817152 bytes (2.0%)
(RDMA_READ_CONSUME_CHECK_CONSUMER) timestamp=12119 ms, used_size=815104 bytes (2.0%)
(RDMA_READ_CONSUME_CHECK_CONSUMER) timestamp=12119 ms, used_size=813056 bytes (2.0%)
(RDMA_READ_CONSUME_CHECK_CONSUMER) timestamp=12119 ms, used_size=811008 bytes (2.0%)
(RDMA_READ_CONSUME_CHECK_CONSUMER) timestamp=12119 ms, used_size=808960 bytes (2.0%)
(RDMA_READ_CONSUME_CHECK_CONSUMER) timestamp=12119 ms, used_size=806912 bytes (2.0%)
(RDMA_READ_CONSUME_CHECK_CONSUMER) timestamp=12119 ms, used_size=804864 bytes (2.0%)
(RDMA_READ_CONSUME_CHECK_CONSUMER) timestamp=12119 ms, used_size=802816 bytes (2.0%)
(RDMA_READ_CONSUME_CHECK_CONSUMER) timestamp=12119 ms, used_size=800768 bytes (2.0%)
(RDMA_READ_CONSUME_CHECK_CONSUMER) timestamp=12119 ms, used_size=798720 bytes (1.9%)
(RDMA_READ_CONSUME_CHECK_CONSUMER) timestamp=12119 ms, used_size=796672 bytes (1.9%)
(RDMA_READ_CONSUME_CHECK_CONSUMER) timestamp=12119 ms, used_size=794624 bytes (1.9%)
(RDMA_READ_CONSUME_CHECK_CONSUMER) timestamp=12119 ms, used_size=792576 bytes (1.9%)
(RDMA_READ_CONSUME_CHECK_CONSUMER) timestamp=12119 ms, used_size=790528 bytes (1.9%)
(RDMA_READ_CONSUME_CHECK_CONSUMER) timestamp=12119 ms, used_size=788480 bytes (1.9%)
(RDMA_READ_CONSUME_CHECK_CONSUMER) timestamp=12119 ms, used_size=786432 bytes (1.9%)
(RDMA_READ_CONSUME_CHECK_CONSUMER) timestamp=12119 ms, used_size=784384 bytes (1.9%)
(RDMA_READ_CONSUME_CHECK_CONSUMER) timestamp=12119 ms, used_size=782336 bytes (1.9%)
(RDMA_READ_CONSUME_CHECK_CONSUMER) timestamp=12119 ms, used_size=780288 bytes (1.9%)
(RDMA_READ_CONSUME_CHECK_CONSUMER) timestamp=12119 ms, used_size=778240 bytes (1.9%)
(RDMA_READ_CONSUME_CHECK_CONSUMER) timestamp=12119 ms, used_size=776192 bytes (1.9%)
(RDMA_READ_CONSUME_CHECK_CONSUMER) timestamp=12119 ms, used_size=774144 bytes (1.9%)
(RDMA_READ_CONSUME_CHECK_CONSUMER) timestamp=12119 ms, used_size=772096 bytes (1.9%)
(RDMA_READ_CONSUME_CHECK_CONSUMER) timestamp=12119 ms, used_size=770048 bytes (1.9%)
(RDMA_READ_CONSUME_CHECK_CONSUMER) timestamp=12119 ms, used_size=768000 bytes (1.9%)
(RDMA_READ_CONSUME_CHECK_CONSUMER) timestamp=12119 ms, used_size=765952 bytes (1.9%)
(RDMA_READ_CONSUME_CHECK_CONSUMER) timestamp=12119 ms, used_size=763904 bytes (1.9%)
(RDMA_READ_CONSUME_CHECK_CONSUMER) timestamp=12119 ms, used_size=761856 bytes (1.9%)
(RDMA_READ_CONSUME_CHECK_CONSUMER) timestamp=12119 ms, used_size=759808 bytes (1.9%)
(RDMA_READ_CONSUME_CHECK_CONSUMER) timestamp=12119 ms, used_size=757760 bytes (1.9%)
(RDMA_READ_CONSUME_CHECK_CONSUMER) timestamp=12119 ms, used_size=755712 bytes (1.8%)
(RDMA_READ_CONSUME_CHECK_CONSUMER) timestamp=12119 ms, used_size=753664 bytes (1.8%)
(RDMA_READ_CONSUME_CHECK_CONSUMER) timestamp=12119 ms, used_size=751616 bytes (1.8%)
(RDMA_READ_CONSUME_CHECK_CONSUMER) timestamp=12119 ms, used_size=749568 bytes (1.8%)
(RDMA_READ_CONSUME_CHECK_CONSUMER) timestamp=12119 ms, used_size=747520 bytes (1.8%)
(RDMA_READ_CONSUME_CHECK_CONSUMER) timestamp=12119 ms, used_size=745472 bytes (1.8%)
(RDMA_READ_CONSUME_CHECK_CONSUMER) timestamp=12119 ms, used_size=743424 bytes (1.8%)
(RDMA_READ_CONSUME_CHECK_CONSUMER) timestamp=12119 ms, used_size=741376 bytes (1.8%)
(RDMA_READ_CONSUME_CHECK_CONSUMER) timestamp=12119 ms, used_size=739328 bytes (1.8%)
(RDMA_READ_CONSUME_CHECK_CONSUMER) timestamp=12119 ms, used_size=737280 bytes (1.8%)
(RDMA_READ_CONSUME_CHECK_CONSUMER) timestamp=12119 ms, used_size=735232 bytes (1.8%)
(RDMA_READ_CONSUME_CHECK_CONSUMER) timestamp=12119 ms, used_size=733184 bytes (1.8%)
(RDMA_READ_CONSUME_CHECK_CONSUMER) timestamp=12119 ms, used_size=731136 bytes (1.8%)
(RDMA_READ_CONSUME_CHECK_CONSUMER) timestamp=12119 ms, used_size=729088 bytes (1.8%)
(RDMA_READ_CONSUME_CHECK_CONSUMER) timestamp=12119 ms, used_size=727040 bytes (1.8%)
(RDMA_READ_CONSUME_CHECK_CONSUMER) timestamp=12119 ms, used_size=724992 bytes (1.8%)
(RDMA_READ_CONSUME_CHECK_CONSUMER) timestamp=12119 ms, used_size=722944 bytes (1.8%)
(RDMA_READ_CONSUME_CHECK_CONSUMER) timestamp=12119 ms, used_size=720896 bytes (1.8%)
(RDMA_READ_CONSUME_CHECK_CONSUMER) timestamp=12119 ms, used_size=718848 bytes (1.8%)
(RDMA_READ_CONSUME_CHECK_CONSUMER) timestamp=12119 ms, used_size=716800 bytes (1.8%)
(RDMA_READ_CONSUME_CHECK_CONSUMER) timestamp=12119 ms, used_size=714752 bytes (1.7%)
(RDMA_READ_CONSUME_CHECK_CONSUMER) timestamp=12119 ms, used_size=712704 bytes (1.7%)
(RDMA_READ_CONSUME_CHECK_CONSUMER) timestamp=12119 ms, used_size=710656 bytes (1.7%)
(RDMA_READ_CONSUME_CHECK_CONSUMER) timestamp=12119 ms, used_size=708608 bytes (1.7%)
(RDMA_READ_CONSUME_CHECK_CONSUMER) timestamp=12119 ms, used_size=706560 bytes (1.7%)
(RDMA_READ_CONSUME_CHECK_CONSUMER) timestamp=12119 ms, used_size=704512 bytes (1.7%)
(RDMA_READ_CONSUME_CHECK_CONSUMER) timestamp=12119 ms, used_size=702464 bytes (1.7%)
(RDMA_READ_CONSUME_CHECK_CONSUMER) timestamp=12119 ms, used_size=700416 bytes (1.7%)
(RDMA_READ_CONSUME_CHECK_CONSUMER) timestamp=12119 ms, used_size=698368 bytes (1.7%)
(RDMA_READ_CONSUME_CHECK_CONSUMER) timestamp=12119 ms, used_size=696320 bytes (1.7%)
(RDMA_READ_CONSUME_CHECK_CONSUMER) timestamp=12119 ms, used_size=694272 bytes (1.7%)
(RDMA_READ_CONSUME_CHECK_CONSUMER) timestamp=12119 ms, used_size=692224 bytes (1.7%)
(RDMA_READ_CONSUME_CHECK_CONSUMER) timestamp=12119 ms, used_size=690176 bytes (1.7%)
(RDMA_READ_CONSUME_CHECK_CONSUMER) timestamp=12119 ms, used_size=688128 bytes (1.7%)
(RDMA_READ_CONSUME_CHECK_CONSUMER) timestamp=12119 ms, used_size=686080 bytes (1.7%)
(RDMA_READ_CONSUME_CHECK_CONSUMER) timestamp=12119 ms, used_size=684032 bytes (1.7%)
(RDMA_READ_CONSUME_CHECK_CONSUMER) timestamp=12119 ms, used_size=681984 bytes (1.7%)
(RDMA_READ_CONSUME_CHECK_CONSUMER) timestamp=12119 ms, used_size=679936 bytes (1.7%)
(RDMA_READ_CONSUME_CHECK_CONSUMER) timestamp=12119 ms, used_size=677888 bytes (1.7%)
(RDMA_READ_CONSUME_CHECK_CONSUMER) timestamp=12119 ms, used_size=675840 bytes (1.6%)
(RDMA_READ_CONSUME_CHECK_CONSUMER) timestamp=12119 ms, used_size=673792 bytes (1.6%)
(RDMA_READ_CONSUME_CHECK_CONSUMER) timestamp=12119 ms, used_size=671744 bytes (1.6%)
(RDMA_READ_CONSUME_CHECK_CONSUMER) timestamp=12119 ms, used_size=669696 bytes (1.6%)
(RDMA_READ_CONSUME_CHECK_CONSUMER) timestamp=12119 ms, used_size=667648 bytes (1.6%)
(RDMA_READ_CONSUME_CHECK_CONSUMER) timestamp=12119 ms, used_size=665600 bytes (1.6%)
(RDMA_READ_CONSUME_CHECK_CONSUMER) timestamp=12119 ms, used_size=663552 bytes (1.6%)
(RDMA_READ_CONSUME_CHECK_CONSUMER) timestamp=12119 ms, used_size=661504 bytes (1.6%)
(RDMA_READ_CONSUME_CHECK_CONSUMER) timestamp=12119 ms, used_size=659456 bytes (1.6%)
(RDMA_READ_CONSUME_CHECK_CONSUMER) timestamp=12119 ms, used_size=657408 bytes (1.6%)
(RDMA_READ_CONSUME_CHECK_CONSUMER) timestamp=12119 ms, used_size=655360 bytes (1.6%)
(RDMA_READ_CONSUME_CHECK_CONSUMER) timestamp=12119 ms, used_size=653312 bytes (1.6%)
(RDMA_READ_CONSUME_CHECK_CONSUMER) timestamp=12119 ms, used_size=651264 bytes (1.6%)
(RDMA_READ_CONSUME_CHECK_CONSUMER) timestamp=12119 ms, used_size=649216 bytes (1.6%)
(RDMA_READ_CONSUME_CHECK_CONSUMER) timestamp=12119 ms, used_size=647168 bytes (1.6%)
(RDMA_READ_CONSUME_CHECK_CONSUMER) timestamp=12119 ms, used_size=645120 bytes (1.6%)
(RDMA_READ_CONSUME_CHECK_CONSUMER) timestamp=12119 ms, used_size=643072 bytes (1.6%)
(RDMA_READ_CONSUME_CHECK_CONSUMER) timestamp=12119 ms, used_size=641024 bytes (1.6%)
(RDMA_READ_CONSUME_CHECK_CONSUMER) timestamp=12119 ms, used_size=638976 bytes (1.6%)
(RDMA_READ_CONSUME_CHECK_CONSUMER) timestamp=12119 ms, used_size=636928 bytes (1.6%)
(RDMA_READ_CONSUME_CHECK_CONSUMER) timestamp=12119 ms, used_size=634880 bytes (1.6%)
(RDMA_READ_CONSUME_CHECK_CONSUMER) timestamp=12119 ms, used_size=632832 bytes (1.5%)
(RDMA_READ_CONSUME_CHECK_CONSUMER) timestamp=12119 ms, used_size=630784 bytes (1.5%)
(RDMA_READ_CONSUME_CHECK_CONSUMER) timestamp=12119 ms, used_size=628736 bytes (1.5%)
(RDMA_READ_CONSUME_CHECK_CONSUMER) timestamp=12119 ms, used_size=626688 bytes (1.5%)
(RDMA_READ_CONSUME_CHECK_CONSUMER) timestamp=12119 ms, used_size=624640 bytes (1.5%)
(RDMA_READ_CONSUME_CHECK_CONSUMER) timestamp=12119 ms, used_size=622592 bytes (1.5%)
(RDMA_READ_CONSUME_CHECK_CONSUMER) timestamp=12119 ms, used_size=620544 bytes (1.5%)
(RDMA_READ_CONSUME_CHECK_CONSUMER) timestamp=12119 ms, used_size=618496 bytes (1.5%)
(RDMA_READ_CONSUME_CHECK_CONSUMER) timestamp=12119 ms, used_size=616448 bytes (1.5%)
(RDMA_READ_CONSUME_CHECK_CONSUMER) timestamp=12119 ms, used_size=614400 bytes (1.5%)
(RDMA_READ_CONSUME_CHECK_CONSUMER) timestamp=12119 ms, used_size=612352 bytes (1.5%)
(RDMA_READ_CONSUME_CHECK_CONSUMER) timestamp=12119 ms, used_size=610304 bytes (1.5%)
(RDMA_READ_CONSUME_CHECK_CONSUMER) timestamp=12119 ms, used_size=608256 bytes (1.5%)
(RDMA_READ_CONSUME_CHECK_CONSUMER) timestamp=12119 ms, used_size=606208 bytes (1.5%)
(RDMA_READ_CONSUME_CHECK_CONSUMER) timestamp=12119 ms, used_size=604160 bytes (1.5%)
(RDMA_READ_CONSUME_CHECK_CONSUMER) timestamp=12119 ms, used_size=602112 bytes (1.5%)
(RDMA_READ_CONSUME_CHECK_CONSUMER) timestamp=12119 ms, used_size=600064 bytes (1.5%)
(RDMA_READ_CONSUME_CHECK_CONSUMER) timestamp=12119 ms, used_size=598016 bytes (1.5%)
(RDMA_READ_CONSUME_CHECK_CONSUMER) timestamp=12119 ms, used_size=595968 bytes (1.5%)
(RDMA_READ_CONSUME_CHECK_CONSUMER) timestamp=12119 ms, used_size=593920 bytes (1.4%)
(RDMA_READ_CONSUME_CHECK_CONSUMER) timestamp=12119 ms, used_size=591872 bytes (1.4%)
(RDMA_READ_CONSUME_CHECK_CONSUMER) timestamp=12119 ms, used_size=589824 bytes (1.4%)
(RDMA_READ_CONSUME_CHECK_CONSUMER) timestamp=12119 ms, used_size=587776 bytes (1.4%)
(RDMA_READ_CONSUME_CHECK_CONSUMER) timestamp=12119 ms, used_size=585728 bytes (1.4%)
(RDMA_READ_CONSUME_CHECK_CONSUMER) timestamp=12119 ms, used_size=583680 bytes (1.4%)
(RDMA_READ_CONSUME_CHECK_CONSUMER) timestamp=12119 ms, used_size=581632 bytes (1.4%)
(RDMA_READ_CONSUME_CHECK_CONSUMER) timestamp=12119 ms, used_size=579584 bytes (1.4%)
(RDMA_READ_CONSUME_CHECK_CONSUMER) timestamp=12119 ms, used_size=577536 bytes (1.4%)
(RDMA_READ_CONSUME_CHECK_CONSUMER) timestamp=12119 ms, used_size=575488 bytes (1.4%)
(RDMA_READ_CONSUME_CHECK_CONSUMER) timestamp=12119 ms, used_size=573440 bytes (1.4%)
(RDMA_READ_CONSUME_CHECK_CONSUMER) timestamp=12119 ms, used_size=571392 bytes (1.4%)
(RDMA_READ_CONSUME_CHECK_CONSUMER) timestamp=12119 ms, used_size=569344 bytes (1.4%)
(RDMA_READ_CONSUME_CHECK_CONSUMER) timestamp=12119 ms, used_size=567296 bytes (1.4%)
(RDMA_READ_CONSUME_CHECK_CONSUMER) timestamp=12119 ms, used_size=565248 bytes (1.4%)
(RDMA_READ_CONSUME_CHECK_CONSUMER) timestamp=12119 ms, used_size=563200 bytes (1.4%)
(RDMA_READ_CONSUME_CHECK_CONSUMER) timestamp=12119 ms, used_size=561152 bytes (1.4%)
(RDMA_READ_CONSUME_CHECK_CONSUMER) timestamp=12119 ms, used_size=559104 bytes (1.4%)
(RDMA_READ_CONSUME_CHECK_CONSUMER) timestamp=12119 ms, used_size=557056 bytes (1.4%)
(RDMA_READ_CONSUME_CHECK_CONSUMER) timestamp=12119 ms, used_size=555008 bytes (1.4%)
(RDMA_READ_CONSUME_CHECK_CONSUMER) timestamp=12119 ms, used_size=552960 bytes (1.4%)
(RDMA_READ_CONSUME_CHECK_CONSUMER) timestamp=12119 ms, used_size=550912 bytes (1.3%)
(RDMA_READ_CONSUME_CHECK_CONSUMER) timestamp=12119 ms, used_size=548864 bytes (1.3%)
(RDMA_READ_CONSUME_CHECK_CONSUMER) timestamp=12119 ms, used_size=546816 bytes (1.3%)
(RDMA_READ_CONSUME_CHECK_CONSUMER) timestamp=12119 ms, used_size=544768 bytes (1.3%)
(RDMA_READ_CONSUME_CHECK_CONSUMER) timestamp=12119 ms, used_size=542720 bytes (1.3%)
(RDMA_READ_CONSUME_CHECK_CONSUMER) timestamp=12119 ms, used_size=540672 bytes (1.3%)
(RDMA_READ_CONSUME_CHECK_CONSUMER) timestamp=12119 ms, used_size=538624 bytes (1.3%)
(RDMA_READ_CONSUME_CHECK_CONSUMER) timestamp=12119 ms, used_size=536576 bytes (1.3%)
(RDMA_READ_CONSUME_CHECK_CONSUMER) timestamp=12119 ms, used_size=534528 bytes (1.3%)
(RDMA_READ_CONSUME_CHECK_CONSUMER) timestamp=12119 ms, used_size=532480 bytes (1.3%)
(RDMA_READ_CONSUME_CHECK_CONSUMER) timestamp=12119 ms, used_size=530432 bytes (1.3%)
(RDMA_READ_CONSUME_CHECK_CONSUMER) timestamp=12119 ms, used_size=528384 bytes (1.3%)
(RDMA_READ_CONSUME_CHECK_CONSUMER) timestamp=12119 ms, used_size=526336 bytes (1.3%)
(RDMA_READ_CONSUME_CHECK_CONSUMER) timestamp=12119 ms, used_size=524288 bytes (1.3%)
(RDMA_READ_CONSUME_CHECK_CONSUMER) timestamp=12119 ms, used_size=522240 bytes (1.3%)
(RDMA_READ_CONSUME_CHECK_CONSUMER) timestamp=12119 ms, used_size=520192 bytes (1.3%)
(RDMA_READ_CONSUME_CHECK_CONSUMER) timestamp=12119 ms, used_size=518144 bytes (1.3%)
(RDMA_READ_CONSUME_CHECK_CONSUMER) timestamp=12119 ms, used_size=516096 bytes (1.3%)
(RDMA_READ_CONSUME_CHECK_CONSUMER) timestamp=12119 ms, used_size=514048 bytes (1.3%)
(RDMA_READ_CONSUME_CHECK_CONSUMER) timestamp=12119 ms, used_size=512000 bytes (1.2%)
(RDMA_READ_CONSUME_CHECK_CONSUMER) timestamp=12119 ms, used_size=509952 bytes (1.2%)
(RDMA_READ_CONSUME_CHECK_CONSUMER) timestamp=12119 ms, used_size=507904 bytes (1.2%)
(RDMA_READ_CONSUME_CHECK_CONSUMER) timestamp=12119 ms, used_size=505856 bytes (1.2%)
(RDMA_READ_CONSUME_CHECK_CONSUMER) timestamp=12119 ms, used_size=503808 bytes (1.2%)
(RDMA_READ_CONSUME_CHECK_CONSUMER) timestamp=12119 ms, used_size=501760 bytes (1.2%)
(RDMA_READ_CONSUME_CHECK_CONSUMER) timestamp=12119 ms, used_size=499712 bytes (1.2%)
(RDMA_READ_CONSUME_CHECK_CONSUMER) timestamp=12119 ms, used_size=497664 bytes (1.2%)
(RDMA_READ_CONSUME_CHECK_CONSUMER) timestamp=12119 ms, used_size=495616 bytes (1.2%)
(RDMA_READ_CONSUME_CHECK_CONSUMER) timestamp=12119 ms, used_size=493568 bytes (1.2%)
(RDMA_READ_CONSUME_CHECK_CONSUMER) timestamp=12119 ms, used_size=491520 bytes (1.2%)
(RDMA_READ_CONSUME_CHECK_CONSUMER) timestamp=12119 ms, used_size=489472 bytes (1.2%)
(RDMA_READ_CONSUME_CHECK_CONSUMER) timestamp=12119 ms, used_size=487424 bytes (1.2%)
(RDMA_READ_CONSUME_CHECK_CONSUMER) timestamp=12119 ms, used_size=485376 bytes (1.2%)
(RDMA_READ_CONSUME_CHECK_CONSUMER) timestamp=12119 ms, used_size=483328 bytes (1.2%)
(RDMA_READ_CONSUME_CHECK_CONSUMER) timestamp=12119 ms, used_size=481280 bytes (1.2%)
(RDMA_READ_CONSUME_CHECK_CONSUMER) timestamp=12119 ms, used_size=479232 bytes (1.2%)
(RDMA_READ_CONSUME_CHECK_CONSUMER) timestamp=12119 ms, used_size=477184 bytes (1.2%)
(RDMA_READ_CONSUME_CHECK_CONSUMER) timestamp=12119 ms, used_size=475136 bytes (1.2%)
(RDMA_READ_CONSUME_CHECK_CONSUMER) timestamp=12120 ms, used_size=473088 bytes (1.2%)
(RDMA_READ_CONSUME_CHECK_CONSUMER) timestamp=12120 ms, used_size=471040 bytes (1.1%)
(RDMA_READ_CONSUME_CHECK_CONSUMER) timestamp=12120 ms, used_size=468992 bytes (1.1%)
(RDMA_READ_CONSUME_CHECK_CONSUMER) timestamp=12120 ms, used_size=466944 bytes (1.1%)
(RDMA_READ_CONSUME_CHECK_CONSUMER) timestamp=12120 ms, used_size=464896 bytes (1.1%)
(RDMA_READ_CONSUME_CHECK_CONSUMER) timestamp=12120 ms, used_size=462848 bytes (1.1%)
(RDMA_READ_CONSUME_CHECK_CONSUMER) timestamp=12120 ms, used_size=460800 bytes (1.1%)
(RDMA_READ_CONSUME_CHECK_CONSUMER) timestamp=12120 ms, used_size=458752 bytes (1.1%)
(RDMA_READ_CONSUME_CHECK_CONSUMER) timestamp=12120 ms, used_size=456704 bytes (1.1%)
(RDMA_READ_CONSUME_CHECK_CONSUMER) timestamp=12120 ms, used_size=454656 bytes (1.1%)
(RDMA_READ_CONSUME_CHECK_CONSUMER) timestamp=12120 ms, used_size=452608 bytes (1.1%)
(RDMA_READ_CONSUME_CHECK_CONSUMER) timestamp=12120 ms, used_size=450560 bytes (1.1%)
(RDMA_READ_CONSUME_CHECK_CONSUMER) timestamp=12120 ms, used_size=448512 bytes (1.1%)
(RDMA_READ_CONSUME_CHECK_CONSUMER) timestamp=12120 ms, used_size=446464 bytes (1.1%)
(RDMA_READ_CONSUME_CHECK_CONSUMER) timestamp=12120 ms, used_size=444416 bytes (1.1%)
(RDMA_READ_CONSUME_CHECK_CONSUMER) timestamp=12120 ms, used_size=442368 bytes (1.1%)
(RDMA_READ_CONSUME_CHECK_CONSUMER) timestamp=12120 ms, used_size=440320 bytes (1.1%)
(RDMA_READ_CONSUME_CHECK_CONSUMER) timestamp=12120 ms, used_size=438272 bytes (1.1%)
(RDMA_READ_CONSUME_CHECK_CONSUMER) timestamp=12120 ms, used_size=436224 bytes (1.1%)
(RDMA_READ_CONSUME_CHECK_CONSUMER) timestamp=12120 ms, used_size=434176 bytes (1.1%)
(RDMA_READ_CONSUME_CHECK_CONSUMER) timestamp=12120 ms, used_size=432128 bytes (1.1%)
(RDMA_READ_CONSUME_CHECK_CONSUMER) timestamp=12120 ms, used_size=430080 bytes (1.1%)
(RDMA_READ_CONSUME_CHECK_CONSUMER) timestamp=12120 ms, used_size=428032 bytes (1.0%)
(RDMA_READ_CONSUME_CHECK_CONSUMER) timestamp=12120 ms, used_size=425984 bytes (1.0%)
(RDMA_READ_CONSUME_CHECK_CONSUMER) timestamp=12120 ms, used_size=423936 bytes (1.0%)
(RDMA_READ_CONSUME_CHECK_CONSUMER) timestamp=12120 ms, used_size=421888 bytes (1.0%)
(RDMA_READ_CONSUME_CHECK_CONSUMER) timestamp=12120 ms, used_size=419840 bytes (1.0%)
(RDMA_READ_CONSUME_CHECK_CONSUMER) timestamp=12120 ms, used_size=417792 bytes (1.0%)
(RDMA_READ_CONSUME_CHECK_CONSUMER) timestamp=12120 ms, used_size=415744 bytes (1.0%)
(RDMA_READ_CONSUME_CHECK_CONSUMER) timestamp=12120 ms, used_size=413696 bytes (1.0%)
(RDMA_READ_CONSUME_CHECK_CONSUMER) timestamp=12120 ms, used_size=411648 bytes (1.0%)
(RDMA_READ_CONSUME_CHECK_CONSUMER) timestamp=12120 ms, used_size=409600 bytes (1.0%)
(RDMA_READ_CONSUME_CHECK_CONSUMER) timestamp=12120 ms, used_size=407552 bytes (1.0%)
(RDMA_READ_CONSUME_CHECK_CONSUMER) timestamp=12120 ms, used_size=405504 bytes (1.0%)
(RDMA_READ_CONSUME_CHECK_CONSUMER) timestamp=12120 ms, used_size=403456 bytes (1.0%)
(RDMA_READ_CONSUME_CHECK_CONSUMER) timestamp=12120 ms, used_size=401408 bytes (1.0%)
(RDMA_READ_CONSUME_CHECK_CONSUMER) timestamp=12120 ms, used_size=399360 bytes (1.0%)
(RDMA_READ_CONSUME_CHECK_CONSUMER) timestamp=12120 ms, used_size=397312 bytes (1.0%)
(RDMA_READ_CONSUME_CHECK_CONSUMER) timestamp=12120 ms, used_size=395264 bytes (1.0%)
(RDMA_READ_CONSUME_CHECK_CONSUMER) timestamp=12120 ms, used_size=393216 bytes (1.0%)
(RDMA_READ_CONSUME_CHECK_CONSUMER) timestamp=12120 ms, used_size=391168 bytes (1.0%)
(RDMA_READ_CONSUME_CHECK_CONSUMER) timestamp=12120 ms, used_size=389120 bytes (0.9%)
(RDMA_READ_CONSUME_CHECK_CONSUMER) timestamp=12120 ms, used_size=387072 bytes (0.9%)
(RDMA_READ_CONSUME_CHECK_CONSUMER) timestamp=12120 ms, used_size=385024 bytes (0.9%)
(RDMA_READ_CONSUME_CHECK_CONSUMER) timestamp=12120 ms, used_size=382976 bytes (0.9%)
(RDMA_READ_CONSUME_CHECK_CONSUMER) timestamp=12120 ms, used_size=380928 bytes (0.9%)
(RDMA_READ_CONSUME_CHECK_CONSUMER) timestamp=12120 ms, used_size=378880 bytes (0.9%)
(RDMA_READ_CONSUME_CHECK_CONSUMER) timestamp=12120 ms, used_size=376832 bytes (0.9%)
(RDMA_READ_CONSUME_CHECK_CONSUMER) timestamp=12120 ms, used_size=374784 bytes (0.9%)
(RDMA_READ_CONSUME_CHECK_CONSUMER) timestamp=12120 ms, used_size=372736 bytes (0.9%)
(RDMA_READ_CONSUME_CHECK_CONSUMER) timestamp=12120 ms, used_size=370688 bytes (0.9%)
(RDMA_READ_CONSUME_CHECK_CONSUMER) timestamp=12120 ms, used_size=368640 bytes (0.9%)
(RDMA_READ_CONSUME_CHECK_CONSUMER) timestamp=12120 ms, used_size=366592 bytes (0.9%)
(RDMA_READ_CONSUME_CHECK_CONSUMER) timestamp=12120 ms, used_size=364544 bytes (0.9%)
(RDMA_READ_CONSUME_CHECK_CONSUMER) timestamp=12120 ms, used_size=362496 bytes (0.9%)
(RDMA_READ_CONSUME_CHECK_CONSUMER) timestamp=12120 ms, used_size=360448 bytes (0.9%)
(RDMA_READ_CONSUME_CHECK_CONSUMER) timestamp=12120 ms, used_size=358400 bytes (0.9%)
(RDMA_READ_CONSUME_CHECK_CONSUMER) timestamp=12120 ms, used_size=356352 bytes (0.9%)
(RDMA_READ_CONSUME_CHECK_CONSUMER) timestamp=12120 ms, used_size=354304 bytes (0.9%)
(RDMA_READ_CONSUME_CHECK_CONSUMER) timestamp=12120 ms, used_size=352256 bytes (0.9%)
(RDMA_READ_CONSUME_CHECK_CONSUMER) timestamp=12120 ms, used_size=350208 bytes (0.9%)
(RDMA_READ_CONSUME_CHECK_CONSUMER) timestamp=12120 ms, used_size=348160 bytes (0.8%)
(RDMA_READ_CONSUME_CHECK_CONSUMER) timestamp=12120 ms, used_size=346112 bytes (0.8%)
(RDMA_READ_CONSUME_CHECK_CONSUMER) timestamp=12120 ms, used_size=344064 bytes (0.8%)
(RDMA_READ_CONSUME_CHECK_CONSUMER) timestamp=12120 ms, used_size=342016 bytes (0.8%)
(RDMA_READ_CONSUME_CHECK_CONSUMER) timestamp=12120 ms, used_size=339968 bytes (0.8%)
(RDMA_READ_CONSUME_CHECK_CONSUMER) timestamp=12120 ms, used_size=337920 bytes (0.8%)
(RDMA_READ_CONSUME_CHECK_CONSUMER) timestamp=12120 ms, used_size=335872 bytes (0.8%)
(RDMA_READ_CONSUME_CHECK_CONSUMER) timestamp=12120 ms, used_size=333824 bytes (0.8%)
(RDMA_READ_CONSUME_CHECK_CONSUMER) timestamp=12120 ms, used_size=331776 bytes (0.8%)
(RDMA_READ_CONSUME_CHECK_CONSUMER) timestamp=12120 ms, used_size=329728 bytes (0.8%)
(RDMA_READ_CONSUME_CHECK_CONSUMER) timestamp=12120 ms, used_size=327680 bytes (0.8%)
(RDMA_READ_CONSUME_CHECK_CONSUMER) timestamp=12120 ms, used_size=325632 bytes (0.8%)
(RDMA_READ_CONSUME_CHECK_CONSUMER) timestamp=12120 ms, used_size=323584 bytes (0.8%)
(RDMA_READ_CONSUME_CHECK_CONSUMER) timestamp=12120 ms, used_size=321536 bytes (0.8%)
(RDMA_READ_CONSUME_CHECK_CONSUMER) timestamp=12120 ms, used_size=319488 bytes (0.8%)
(RDMA_READ_CONSUME_CHECK_CONSUMER) timestamp=12120 ms, used_size=317440 bytes (0.8%)
(RDMA_READ_CONSUME_CHECK_CONSUMER) timestamp=12120 ms, used_size=315392 bytes (0.8%)
(RDMA_READ_CONSUME_CHECK_CONSUMER) timestamp=12120 ms, used_size=313344 bytes (0.8%)
(RDMA_READ_CONSUME_CHECK_CONSUMER) timestamp=12120 ms, used_size=311296 bytes (0.8%)
(RDMA_READ_CONSUME_CHECK_CONSUMER) timestamp=12120 ms, used_size=309248 bytes (0.8%)
(RDMA_READ_CONSUME_CHECK_CONSUMER) timestamp=12120 ms, used_size=307200 bytes (0.8%)
(RDMA_READ_CONSUME_CHECK_CONSUMER) timestamp=12120 ms, used_size=305152 bytes (0.7%)
(RDMA_READ_CONSUME_CHECK_CONSUMER) timestamp=12120 ms, used_size=303104 bytes (0.7%)
(RDMA_READ_CONSUME_CHECK_CONSUMER) timestamp=12120 ms, used_size=301056 bytes (0.7%)
(RDMA_READ_CONSUME_CHECK_CONSUMER) timestamp=12120 ms, used_size=299008 bytes (0.7%)
(RDMA_READ_CONSUME_CHECK_CONSUMER) timestamp=12120 ms, used_size=296960 bytes (0.7%)
(RDMA_READ_CONSUME_CHECK_CONSUMER) timestamp=12120 ms, used_size=294912 bytes (0.7%)
(RDMA_READ_CONSUME_CHECK_CONSUMER) timestamp=12120 ms, used_size=292864 bytes (0.7%)
(RDMA_READ_CONSUME_CHECK_CONSUMER) timestamp=12120 ms, used_size=290816 bytes (0.7%)
(RDMA_READ_CONSUME_CHECK_CONSUMER) timestamp=12120 ms, used_size=288768 bytes (0.7%)
(RDMA_READ_CONSUME_CHECK_CONSUMER) timestamp=12120 ms, used_size=286720 bytes (0.7%)
(RDMA_READ_CONSUME_CHECK_CONSUMER) timestamp=12120 ms, used_size=284672 bytes (0.7%)
(RDMA_READ_CONSUME_CHECK_CONSUMER) timestamp=12120 ms, used_size=282624 bytes (0.7%)
(RDMA_READ_CONSUME_CHECK_CONSUMER) timestamp=12120 ms, used_size=280576 bytes (0.7%)
(RDMA_READ_CONSUME_CHECK_CONSUMER) timestamp=12120 ms, used_size=278528 bytes (0.7%)
(RDMA_READ_CONSUME_CHECK_CONSUMER) timestamp=12120 ms, used_size=276480 bytes (0.7%)
(RDMA_READ_CONSUME_CHECK_CONSUMER) timestamp=12120 ms, used_size=274432 bytes (0.7%)
(RDMA_READ_CONSUME_CHECK_CONSUMER) timestamp=12120 ms, used_size=272384 bytes (0.7%)
(RDMA_READ_CONSUME_CHECK_CONSUMER) timestamp=12120 ms, used_size=270336 bytes (0.7%)
(RDMA_READ_CONSUME_CHECK_CONSUMER) timestamp=12120 ms, used_size=268288 bytes (0.7%)
(RDMA_READ_CONSUME_CHECK_CONSUMER) timestamp=12120 ms, used_size=266240 bytes (0.7%)
(RDMA_READ_CONSUME_CHECK_CONSUMER) timestamp=12120 ms, used_size=264192 bytes (0.6%)
(RDMA_READ_CONSUME_CHECK_CONSUMER) timestamp=12120 ms, used_size=262144 bytes (0.6%)
(RDMA_READ_CONSUME_CHECK_CONSUMER) timestamp=12120 ms, used_size=260096 bytes (0.6%)
(RDMA_READ_CONSUME_CHECK_CONSUMER) timestamp=12120 ms, used_size=258048 bytes (0.6%)
(RDMA_READ_CONSUME_CHECK_CONSUMER) timestamp=12120 ms, used_size=256000 bytes (0.6%)
(RDMA_READ_CONSUME_CHECK_CONSUMER) timestamp=12120 ms, used_size=253952 bytes (0.6%)
(RDMA_READ_CONSUME_CHECK_CONSUMER) timestamp=12120 ms, used_size=251904 bytes (0.6%)
(RDMA_READ_CONSUME_CHECK_CONSUMER) timestamp=12120 ms, used_size=249856 bytes (0.6%)
(RDMA_READ_CONSUME_CHECK_CONSUMER) timestamp=12120 ms, used_size=247808 bytes (0.6%)
(RDMA_READ_CONSUME_CHECK_CONSUMER) timestamp=12120 ms, used_size=245760 bytes (0.6%)
(RDMA_READ_CONSUME_CHECK_CONSUMER) timestamp=12120 ms, used_size=243712 bytes (0.6%)
(RDMA_READ_CONSUME_CHECK_CONSUMER) timestamp=12120 ms, used_size=241664 bytes (0.6%)
(RDMA_READ_CONSUME_CHECK_CONSUMER) timestamp=12120 ms, used_size=239616 bytes (0.6%)
(RDMA_READ_CONSUME_CHECK_CONSUMER) timestamp=12120 ms, used_size=237568 bytes (0.6%)
(RDMA_READ_CONSUME_CHECK_CONSUMER) timestamp=12120 ms, used_size=235520 bytes (0.6%)
(RDMA_READ_CONSUME_CHECK_CONSUMER) timestamp=12120 ms, used_size=233472 bytes (0.6%)
(RDMA_READ_CONSUME_CHECK_CONSUMER) timestamp=12120 ms, used_size=231424 bytes (0.6%)
(RDMA_READ_CONSUME_CHECK_CONSUMER) timestamp=12120 ms, used_size=229376 bytes (0.6%)
(RDMA_READ_CONSUME_CHECK_CONSUMER) timestamp=12120 ms, used_size=227328 bytes (0.6%)
(RDMA_READ_CONSUME_CHECK_CONSUMER) timestamp=12120 ms, used_size=225280 bytes (0.6%)
(RDMA_READ_CONSUME_CHECK_CONSUMER) timestamp=12120 ms, used_size=223232 bytes (0.5%)
(RDMA_READ_CONSUME_CHECK_CONSUMER) timestamp=12120 ms, used_size=221184 bytes (0.5%)
(RDMA_READ_CONSUME_CHECK_CONSUMER) timestamp=12120 ms, used_size=219136 bytes (0.5%)
(RDMA_READ_CONSUME_CHECK_CONSUMER) timestamp=12120 ms, used_size=217088 bytes (0.5%)
(RDMA_READ_CONSUME_CHECK_CONSUMER) timestamp=12120 ms, used_size=215040 bytes (0.5%)
(RDMA_READ_CONSUME_CHECK_CONSUMER) timestamp=12120 ms, used_size=212992 bytes (0.5%)
(RDMA_READ_CONSUME_CHECK_CONSUMER) timestamp=12120 ms, used_size=210944 bytes (0.5%)
(RDMA_READ_CONSUME_CHECK_CONSUMER) timestamp=12120 ms, used_size=208896 bytes (0.5%)
(RDMA_READ_CONSUME_CHECK_CONSUMER) timestamp=12120 ms, used_size=206848 bytes (0.5%)
(RDMA_READ_CONSUME_CHECK_CONSUMER) timestamp=12120 ms, used_size=204800 bytes (0.5%)
(RDMA_READ_CONSUME_CHECK_CONSUMER) timestamp=12120 ms, used_size=202752 bytes (0.5%)
(RDMA_READ_CONSUME_CHECK_CONSUMER) timestamp=12120 ms, used_size=200704 bytes (0.5%)
(RDMA_READ_CONSUME_CHECK_CONSUMER) timestamp=12120 ms, used_size=198656 bytes (0.5%)
(RDMA_READ_CONSUME_CHECK_CONSUMER) timestamp=12120 ms, used_size=196608 bytes (0.5%)
(RDMA_READ_CONSUME_CHECK_CONSUMER) timestamp=12120 ms, used_size=194560 bytes (0.5%)
(RDMA_READ_CONSUME_CHECK_CONSUMER) timestamp=12120 ms, used_size=192512 bytes (0.5%)
(RDMA_READ_CONSUME_CHECK_CONSUMER) timestamp=12120 ms, used_size=190464 bytes (0.5%)
(RDMA_READ_CONSUME_CHECK_CONSUMER) timestamp=12120 ms, used_size=188416 bytes (0.5%)
(RDMA_READ_CONSUME_CHECK_CONSUMER) timestamp=12120 ms, used_size=186368 bytes (0.5%)
(RDMA_READ_CONSUME_CHECK_CONSUMER) timestamp=12120 ms, used_size=184320 bytes (0.5%)
(RDMA_READ_CONSUME_CHECK_CONSUMER) timestamp=12120 ms, used_size=182272 bytes (0.4%)
(RDMA_READ_CONSUME_CHECK_CONSUMER) timestamp=12120 ms, used_size=180224 bytes (0.4%)
(RDMA_READ_CONSUME_CHECK_CONSUMER) timestamp=12120 ms, used_size=178176 bytes (0.4%)
(RDMA_READ_CONSUME_CHECK_CONSUMER) timestamp=12120 ms, used_size=176128 bytes (0.4%)
(RDMA_READ_CONSUME_CHECK_CONSUMER) timestamp=12120 ms, used_size=174080 bytes (0.4%)
(RDMA_READ_CONSUME_CHECK_CONSUMER) timestamp=12120 ms, used_size=172032 bytes (0.4%)
(RDMA_READ_CONSUME_CHECK_CONSUMER) timestamp=12120 ms, used_size=169984 bytes (0.4%)
(RDMA_READ_CONSUME_CHECK_CONSUMER) timestamp=12120 ms, used_size=167936 bytes (0.4%)
(RDMA_READ_CONSUME_CHECK_CONSUMER) timestamp=12120 ms, used_size=165888 bytes (0.4%)
(RDMA_READ_CONSUME_CHECK_CONSUMER) timestamp=12120 ms, used_size=163840 bytes (0.4%)
(RDMA_READ_CONSUME_CHECK_CONSUMER) timestamp=12120 ms, used_size=161792 bytes (0.4%)
(RDMA_READ_CONSUME_CHECK_CONSUMER) timestamp=12120 ms, used_size=159744 bytes (0.4%)
(RDMA_READ_CONSUME_CHECK_CONSUMER) timestamp=12120 ms, used_size=157696 bytes (0.4%)
(RDMA_READ_CONSUME_CHECK_CONSUMER) timestamp=12120 ms, used_size=155648 bytes (0.4%)
(RDMA_READ_CONSUME_CHECK_CONSUMER) timestamp=12120 ms, used_size=153600 bytes (0.4%)
(RDMA_READ_CONSUME_CHECK_CONSUMER) timestamp=12120 ms, used_size=151552 bytes (0.4%)
(RDMA_READ_CONSUME_CHECK_CONSUMER) timestamp=12120 ms, used_size=149504 bytes (0.4%)
(RDMA_READ_CONSUME_CHECK_CONSUMER) timestamp=12120 ms, used_size=147456 bytes (0.4%)
(RDMA_READ_CONSUME_CHECK_CONSUMER) timestamp=12120 ms, used_size=145408 bytes (0.4%)
(RDMA_READ_CONSUME_CHECK_CONSUMER) timestamp=12120 ms, used_size=143360 bytes (0.3%)
(RDMA_READ_CONSUME_CHECK_CONSUMER) timestamp=12120 ms, used_size=141312 bytes (0.3%)
(RDMA_READ_CONSUME_CHECK_CONSUMER) timestamp=12120 ms, used_size=139264 bytes (0.3%)
(RDMA_READ_CONSUME_CHECK_CONSUMER) timestamp=12120 ms, used_size=137216 bytes (0.3%)
(RDMA_READ_CONSUME_CHECK_CONSUMER) timestamp=12120 ms, used_size=135168 bytes (0.3%)
(RDMA_READ_CONSUME_CHECK_CONSUMER) timestamp=12120 ms, used_size=133120 bytes (0.3%)
(RDMA_READ_CONSUME_CHECK_CONSUMER) timestamp=12120 ms, used_size=131072 bytes (0.3%)
(RDMA_READ_CONSUME_CHECK_CONSUMER) timestamp=12120 ms, used_size=129024 bytes (0.3%)
(RDMA_READ_CONSUME_CHECK_CONSUMER) timestamp=12120 ms, used_size=126976 bytes (0.3%)
(RDMA_READ_CONSUME_CHECK_CONSUMER) timestamp=12121 ms, used_size=124928 bytes (0.3%)
(RDMA_READ_CONSUME_CHECK_CONSUMER) timestamp=12121 ms, used_size=122880 bytes (0.3%)
(RDMA_READ_CONSUME_CHECK_CONSUMER) timestamp=12121 ms, used_size=120832 bytes (0.3%)
(RDMA_READ_CONSUME_CHECK_CONSUMER) timestamp=12121 ms, used_size=118784 bytes (0.3%)
(RDMA_READ_CONSUME_CHECK_CONSUMER) timestamp=12121 ms, used_size=116736 bytes (0.3%)
(RDMA_READ_CONSUME_CHECK_CONSUMER) timestamp=12121 ms, used_size=114688 bytes (0.3%)
(RDMA_READ_CONSUME_CHECK_CONSUMER) timestamp=12121 ms, used_size=112640 bytes (0.3%)
(RDMA_READ_CONSUME_CHECK_CONSUMER) timestamp=12121 ms, used_size=110592 bytes (0.3%)
(RDMA_READ_CONSUME_CHECK_CONSUMER) timestamp=12121 ms, used_size=108544 bytes (0.3%)
(RDMA_READ_CONSUME_CHECK_CONSUMER) timestamp=12121 ms, used_size=106496 bytes (0.3%)
(RDMA_READ_CONSUME_CHECK_CONSUMER) timestamp=12121 ms, used_size=104448 bytes (0.3%)
(RDMA_READ_CONSUME_CHECK_CONSUMER) timestamp=12121 ms, used_size=102400 bytes (0.2%)
(RDMA_READ_CONSUME_CHECK_CONSUMER) timestamp=12121 ms, used_size=100352 bytes (0.2%)
(RDMA_READ_CONSUME_CHECK_CONSUMER) timestamp=12121 ms, used_size=98304 bytes (0.2%)
(RDMA_READ_CONSUME_CHECK_CONSUMER) timestamp=12121 ms, used_size=96256 bytes (0.2%)
(RDMA_READ_CONSUME_CHECK_CONSUMER) timestamp=12121 ms, used_size=94208 bytes (0.2%)
(RDMA_READ_CONSUME_CHECK_CONSUMER) timestamp=12121 ms, used_size=92160 bytes (0.2%)
(RDMA_READ_CONSUME_CHECK_CONSUMER) timestamp=12121 ms, used_size=90112 bytes (0.2%)
(RDMA_READ_CONSUME_CHECK_CONSUMER) timestamp=12121 ms, used_size=88064 bytes (0.2%)
(RDMA_READ_CONSUME_CHECK_CONSUMER) timestamp=12121 ms, used_size=86016 bytes (0.2%)
(RDMA_READ_CONSUME_CHECK_CONSUMER) timestamp=12121 ms, used_size=83968 bytes (0.2%)
(RDMA_READ_CONSUME_CHECK_CONSUMER) timestamp=12121 ms, used_size=81920 bytes (0.2%)
(RDMA_READ_CONSUME_CHECK_CONSUMER) timestamp=12121 ms, used_size=79872 bytes (0.2%)
(RDMA_READ_CONSUME_CHECK_CONSUMER) timestamp=12121 ms, used_size=77824 bytes (0.2%)
(RDMA_READ_CONSUME_CHECK_CONSUMER) timestamp=12121 ms, used_size=75776 bytes (0.2%)
(RDMA_READ_CONSUME_CHECK_CONSUMER) timestamp=12121 ms, used_size=73728 bytes (0.2%)
(RDMA_READ_CONSUME_CHECK_CONSUMER) timestamp=12121 ms, used_size=71680 bytes (0.2%)
(RDMA_READ_CONSUME_CHECK_CONSUMER) timestamp=12121 ms, used_size=69632 bytes (0.2%)
(RDMA_READ_CONSUME_CHECK_CONSUMER) timestamp=12121 ms, used_size=67584 bytes (0.2%)
(RDMA_READ_CONSUME_CHECK_CONSUMER) timestamp=12121 ms, used_size=65536 bytes (0.2%)
(RDMA_READ_CONSUME_CHECK_CONSUMER) timestamp=12121 ms, used_size=63488 bytes (0.2%)
(RDMA_READ_CONSUME_CHECK_CONSUMER) timestamp=12121 ms, used_size=61440 bytes (0.1%)
(RDMA_READ_CONSUME_CHECK_CONSUMER) timestamp=12121 ms, used_size=59392 bytes (0.1%)
(RDMA_READ_CONSUME_CHECK_CONSUMER) timestamp=12121 ms, used_size=57344 bytes (0.1%)
(RDMA_READ_CONSUME_CHECK_CONSUMER) timestamp=12121 ms, used_size=55296 bytes (0.1%)
(RDMA_READ_CONSUME_CHECK_CONSUMER) timestamp=12121 ms, used_size=53248 bytes (0.1%)
(RDMA_READ_CONSUME_CHECK_CONSUMER) timestamp=12121 ms, used_size=51200 bytes (0.1%)
(RDMA_READ_CONSUME_CHECK_CONSUMER) timestamp=12121 ms, used_size=49152 bytes (0.1%)
(RDMA_READ_CONSUME_CHECK_CONSUMER) timestamp=12121 ms, used_size=47104 bytes (0.1%)
(RDMA_READ_CONSUME_CHECK_CONSUMER) timestamp=12121 ms, used_size=45056 bytes (0.1%)
(RDMA_READ_CONSUME_CHECK_CONSUMER) timestamp=12121 ms, used_size=43008 bytes (0.1%)
(RDMA_READ_CONSUME_CHECK_CONSUMER) timestamp=12121 ms, used_size=40960 bytes (0.1%)
(RDMA_READ_CONSUME_CHECK_CONSUMER) timestamp=12121 ms, used_size=38912 bytes (0.1%)
(RDMA_READ_CONSUME_CHECK_CONSUMER) timestamp=12121 ms, used_size=36864 bytes (0.1%)
(RDMA_READ_CONSUME_CHECK_CONSUMER) timestamp=12121 ms, used_size=34816 bytes (0.1%)
(RDMA_READ_CONSUME_CHECK_CONSUMER) timestamp=12121 ms, used_size=32768 bytes (0.1%)
(RDMA_READ_CONSUME_CHECK_CONSUMER) timestamp=12121 ms, used_size=30720 bytes (0.1%)
(RDMA_READ_CONSUME_CHECK_CONSUMER) timestamp=12121 ms, used_size=28672 bytes (0.1%)
(RDMA_READ_CONSUME_CHECK_CONSUMER) timestamp=12121 ms, used_size=26624 bytes (0.1%)
(RDMA_READ_CONSUME_CHECK_CONSUMER) timestamp=12121 ms, used_size=24576 bytes (0.1%)
(RDMA_READ_CONSUME_CHECK_CONSUMER) timestamp=12121 ms, used_size=22528 bytes (0.1%)
(RDMA_READ_CONSUME_CHECK_CONSUMER) timestamp=12121 ms, used_size=20480 bytes (0.1%)
(RDMA_READ_CONSUME_CHECK_CONSUMER) timestamp=12121 ms, used_size=18432 bytes (0.0%)
(RDMA_READ_CONSUME_CHECK_CONSUMER) timestamp=12121 ms, used_size=16384 bytes (0.0%)
(RDMA_READ_CONSUME_CHECK_CONSUMER) timestamp=12121 ms, used_size=14336 bytes (0.0%)
(RDMA_READ_CONSUME_CHECK_CONSUMER) timestamp=12121 ms, used_size=12288 bytes (0.0%)
(RDMA_READ_CONSUME_CHECK_CONSUMER) timestamp=12121 ms, used_size=10240 bytes (0.0%)
(RDMA_READ_CONSUME_CHECK_CONSUMER) timestamp=12121 ms, used_size=8192 bytes (0.0%)
(RDMA_READ_CONSUME_CHECK_CONSUMER) timestamp=12121 ms, used_size=6144 bytes (0.0%)
(RDMA_READ_CONSUME_CHECK_CONSUMER) timestamp=12121 ms, used_size=4096 bytes (0.0%)
(RDMA_READ_CONSUME_CHECK_CONSUMER) timestamp=12121 ms, used_size=2048 bytes (0.0%)
(RDMA_READ_CONSUME_CHECK_CONSUMER) timestamp=12121 ms, used_size=0 bytes (0.0%)
(RDMA_READ_CONSUME_CHECK) Cycle 9, Batch 0: CRC32 OK (0xbeaa30f3), 8192 messages verified
(RDMA_READ_CONSUME_CHECK_CONSUMER) timestamp=12121 ms, used_size=16775168 bytes (41.0%)
(RDMA_READ_CONSUME_CHECK_CONSUMER) timestamp=13067 ms, used_size=16773120 bytes (41.0%)
(RDMA_READ_CONSUME_CHECK_CONSUMER) timestamp=13067 ms, used_size=16771072 bytes (40.9%)
(RDMA_READ_CONSUME_CHECK_CONSUMER) timestamp=13067 ms, used_size=16769024 bytes (40.9%)
(RDMA_READ_CONSUME_CHECK_CONSUMER) timestamp=13067 ms, used_size=16766976 bytes (40.9%)
(RDMA_READ_CONSUME_CHECK_CONSUMER) timestamp=13067 ms, used_size=16764928 bytes (40.9%)
(RDMA_READ_CONSUME_CHECK_CONSUMER) timestamp=13067 ms, used_size=16762880 bytes (40.9%)
(RDMA_READ_CONSUME_CHECK_CONSUMER) timestamp=13067 ms, used_size=16760832 bytes (40.9%)
(RDMA_READ_CONSUME_CHECK_CONSUMER) timestamp=13067 ms, used_size=16758784 bytes (40.9%)
(RDMA_READ_CONSUME_CHECK_CONSUMER) timestamp=13067 ms, used_size=16756736 bytes (40.9%)
(RDMA_READ_CONSUME_CHECK_CONSUMER) timestamp=13067 ms, used_size=16754688 bytes (40.9%)
(RDMA_READ_CONSUME_CHECK_CONSUMER) timestamp=13067 ms, used_size=16752640 bytes (40.9%)
(RDMA_READ_CONSUME_CHECK_CONSUMER) timestamp=13067 ms, used_size=16750592 bytes (40.9%)
(RDMA_READ_CONSUME_CHECK_CONSUMER) timestamp=13067 ms, used_size=16748544 bytes (40.9%)
(RDMA_READ_CONSUME_CHECK_CONSUMER) timestamp=13067 ms, used_size=16746496 bytes (40.9%)
(RDMA_READ_CONSUME_CHECK_CONSUMER) timestamp=13067 ms, used_size=16744448 bytes (40.9%)
(RDMA_READ_CONSUME_CHECK_CONSUMER) timestamp=13067 ms, used_size=16742400 bytes (40.9%)
(RDMA_READ_CONSUME_CHECK_CONSUMER) timestamp=13067 ms, used_size=16740352 bytes (40.9%)
(RDMA_READ_CONSUME_CHECK_CONSUMER) timestamp=13067 ms, used_size=16738304 bytes (40.9%)
(RDMA_READ_CONSUME_CHECK_CONSUMER) timestamp=13067 ms, used_size=16736256 bytes (40.9%)
(RDMA_READ_CONSUME_CHECK_CONSUMER) timestamp=13067 ms, used_size=16734208 bytes (40.9%)
(RDMA_READ_CONSUME_CHECK_CONSUMER) timestamp=13067 ms, used_size=16732160 bytes (40.9%)
(RDMA_READ_CONSUME_CHECK_CONSUMER) timestamp=13067 ms, used_size=16730112 bytes (40.8%)
(RDMA_READ_CONSUME_CHECK_CONSUMER) timestamp=13067 ms, used_size=16728064 bytes (40.8%)
(RDMA_READ_CONSUME_CHECK_CONSUMER) timestamp=13067 ms, used_size=16726016 bytes (40.8%)
(RDMA_READ_CONSUME_CHECK_CONSUMER) timestamp=13067 ms, used_size=16723968 bytes (40.8%)
(RDMA_READ_CONSUME_CHECK_CONSUMER) timestamp=13067 ms, used_size=16721920 bytes (40.8%)
(RDMA_READ_CONSUME_CHECK_CONSUMER) timestamp=13067 ms, used_size=16719872 bytes (40.8%)
(RDMA_READ_CONSUME_CHECK_CONSUMER) timestamp=13067 ms, used_size=16717824 bytes (40.8%)
(RDMA_READ_CONSUME_CHECK_CONSUMER) timestamp=13067 ms, used_size=16715776 bytes (40.8%)
(RDMA_READ_CONSUME_CHECK_CONSUMER) timestamp=13067 ms, used_size=16713728 bytes (40.8%)
(RDMA_READ_CONSUME_CHECK_CONSUMER) timestamp=13067 ms, used_size=16711680 bytes (40.8%)
(RDMA_READ_CONSUME_CHECK_CONSUMER) timestamp=13067 ms, used_size=16709632 bytes (40.8%)
(RDMA_READ_CONSUME_CHECK_CONSUMER) timestamp=13067 ms, used_size=16707584 bytes (40.8%)
(RDMA_READ_CONSUME_CHECK_CONSUMER) timestamp=13067 ms, used_size=16705536 bytes (40.8%)
(RDMA_READ_CONSUME_CHECK_CONSUMER) timestamp=13067 ms, used_size=16703488 bytes (40.8%)
(RDMA_READ_CONSUME_CHECK_CONSUMER) timestamp=13067 ms, used_size=16701440 bytes (40.8%)
(RDMA_READ_CONSUME_CHECK_CONSUMER) timestamp=13067 ms, used_size=16699392 bytes (40.8%)
(RDMA_READ_CONSUME_CHECK_CONSUMER) timestamp=13067 ms, used_size=16697344 bytes (40.8%)
(RDMA_READ_CONSUME_CHECK_CONSUMER) timestamp=13067 ms, used_size=16695296 bytes (40.8%)
(RDMA_READ_CONSUME_CHECK_CONSUMER) timestamp=13067 ms, used_size=16693248 bytes (40.8%)
(RDMA_READ_CONSUME_CHECK_CONSUMER) timestamp=13067 ms, used_size=16691200 bytes (40.8%)
(RDMA_READ_CONSUME_CHECK_CONSUMER) timestamp=13067 ms, used_size=16689152 bytes (40.7%)
(RDMA_READ_CONSUME_CHECK_CONSUMER) timestamp=13067 ms, used_size=16687104 bytes (40.7%)
(RDMA_READ_CONSUME_CHECK_CONSUMER) timestamp=13067 ms, used_size=16685056 bytes (40.7%)
(RDMA_READ_CONSUME_CHECK_CONSUMER) timestamp=13067 ms, used_size=16683008 bytes (40.7%)
(RDMA_READ_CONSUME_CHECK_CONSUMER) timestamp=13067 ms, used_size=16680960 bytes (40.7%)
(RDMA_READ_CONSUME_CHECK_CONSUMER) timestamp=13067 ms, used_size=16678912 bytes (40.7%)
(RDMA_READ_CONSUME_CHECK_CONSUMER) timestamp=13067 ms, used_size=16676864 bytes (40.7%)
(RDMA_READ_CONSUME_CHECK_CONSUMER) timestamp=13067 ms, used_size=16674816 bytes (40.7%)
(RDMA_READ_CONSUME_CHECK_CONSUMER) timestamp=13067 ms, used_size=16672768 bytes (40.7%)
(RDMA_READ_CONSUME_CHECK_CONSUMER) timestamp=13067 ms, used_size=16670720 bytes (40.7%)
(RDMA_READ_CONSUME_CHECK_CONSUMER) timestamp=13067 ms, used_size=16668672 bytes (40.7%)
(RDMA_READ_CONSUME_CHECK_CONSUMER) timestamp=13067 ms, used_size=16666624 bytes (40.7%)
(RDMA_READ_CONSUME_CHECK_CONSUMER) timestamp=13067 ms, used_size=16664576 bytes (40.7%)
(RDMA_READ_CONSUME_CHECK_CONSUMER) timestamp=13067 ms, used_size=16662528 bytes (40.7%)
(RDMA_READ_CONSUME_CHECK_CONSUMER) timestamp=13067 ms, used_size=16660480 bytes (40.7%)
(RDMA_READ_CONSUME_CHECK_CONSUMER) timestamp=13067 ms, used_size=16658432 bytes (40.7%)
(RDMA_READ_CONSUME_CHECK_CONSUMER) timestamp=13067 ms, used_size=16656384 bytes (40.7%)
(RDMA_READ_CONSUME_CHECK_CONSUMER) timestamp=13067 ms, used_size=16654336 bytes (40.7%)
(RDMA_READ_CONSUME_CHECK_CONSUMER) timestamp=13067 ms, used_size=16652288 bytes (40.7%)
(RDMA_READ_CONSUME_CHECK_CONSUMER) timestamp=13067 ms, used_size=16650240 bytes (40.6%)
(RDMA_READ_CONSUME_CHECK_CONSUMER) timestamp=13067 ms, used_size=16648192 bytes (40.6%)
(RDMA_READ_CONSUME_CHECK_CONSUMER) timestamp=13067 ms, used_size=16646144 bytes (40.6%)
(RDMA_READ_CONSUME_CHECK_CONSUMER) timestamp=13067 ms, used_size=16644096 bytes (40.6%)
(RDMA_READ_CONSUME_CHECK_CONSUMER) timestamp=13067 ms, used_size=16642048 bytes (40.6%)
(RDMA_READ_CONSUME_CHECK_CONSUMER) timestamp=13067 ms, used_size=16640000 bytes (40.6%)
(RDMA_READ_CONSUME_CHECK_CONSUMER) timestamp=13067 ms, used_size=16637952 bytes (40.6%)
(RDMA_READ_CONSUME_CHECK_CONSUMER) timestamp=13067 ms, used_size=16635904 bytes (40.6%)
(RDMA_READ_CONSUME_CHECK_CONSUMER) timestamp=13067 ms, used_size=16633856 bytes (40.6%)
(RDMA_READ_CONSUME_CHECK_CONSUMER) timestamp=13067 ms, used_size=16631808 bytes (40.6%)
(RDMA_READ_CONSUME_CHECK_CONSUMER) timestamp=13067 ms, used_size=16629760 bytes (40.6%)
(RDMA_READ_CONSUME_CHECK_CONSUMER) timestamp=13067 ms, used_size=16627712 bytes (40.6%)
(RDMA_READ_CONSUME_CHECK_CONSUMER) timestamp=13067 ms, used_size=16625664 bytes (40.6%)
(RDMA_READ_CONSUME_CHECK_CONSUMER) timestamp=13067 ms, used_size=16623616 bytes (40.6%)
(RDMA_READ_CONSUME_CHECK_CONSUMER) timestamp=13067 ms, used_size=16621568 bytes (40.6%)
(RDMA_READ_CONSUME_CHECK_CONSUMER) timestamp=13067 ms, used_size=16619520 bytes (40.6%)
(RDMA_READ_CONSUME_CHECK_CONSUMER) timestamp=13067 ms, used_size=16617472 bytes (40.6%)
(RDMA_READ_CONSUME_CHECK_CONSUMER) timestamp=13067 ms, used_size=16615424 bytes (40.6%)
(RDMA_READ_CONSUME_CHECK_CONSUMER) timestamp=13067 ms, used_size=16613376 bytes (40.6%)
(RDMA_READ_CONSUME_CHECK_CONSUMER) timestamp=13067 ms, used_size=16611328 bytes (40.6%)
(RDMA_READ_CONSUME_CHECK_CONSUMER) timestamp=13067 ms, used_size=16609280 bytes (40.5%)
(RDMA_READ_CONSUME_CHECK_CONSUMER) timestamp=13067 ms, used_size=16607232 bytes (40.5%)
(RDMA_READ_CONSUME_CHECK_CONSUMER) timestamp=13067 ms, used_size=16605184 bytes (40.5%)
(RDMA_READ_CONSUME_CHECK_CONSUMER) timestamp=13067 ms, used_size=16603136 bytes (40.5%)
(RDMA_READ_CONSUME_CHECK_CONSUMER) timestamp=13067 ms, used_size=16601088 bytes (40.5%)
(RDMA_READ_CONSUME_CHECK_CONSUMER) timestamp=13067 ms, used_size=16599040 bytes (40.5%)
(RDMA_READ_CONSUME_CHECK_CONSUMER) timestamp=13067 ms, used_size=16596992 bytes (40.5%)
(RDMA_READ_CONSUME_CHECK_CONSUMER) timestamp=13067 ms, used_size=16594944 bytes (40.5%)
(RDMA_READ_CONSUME_CHECK_CONSUMER) timestamp=13067 ms, used_size=16592896 bytes (40.5%)
(RDMA_READ_CONSUME_CHECK_CONSUMER) timestamp=13067 ms, used_size=16590848 bytes (40.5%)
(RDMA_READ_CONSUME_CHECK_CONSUMER) timestamp=13067 ms, used_size=16588800 bytes (40.5%)
(RDMA_READ_CONSUME_CHECK_CONSUMER) timestamp=13067 ms, used_size=16586752 bytes (40.5%)
(RDMA_READ_CONSUME_CHECK_CONSUMER) timestamp=13067 ms, used_size=16584704 bytes (40.5%)
(RDMA_READ_CONSUME_CHECK_CONSUMER) timestamp=13067 ms, used_size=16582656 bytes (40.5%)
(RDMA_READ_CONSUME_CHECK_CONSUMER) timestamp=13067 ms, used_size=16580608 bytes (40.5%)
(RDMA_READ_CONSUME_CHECK_CONSUMER) timestamp=13067 ms, used_size=16578560 bytes (40.5%)
(RDMA_READ_CONSUME_CHECK_CONSUMER) timestamp=13067 ms, used_size=16576512 bytes (40.5%)
(RDMA_READ_CONSUME_CHECK_CONSUMER) timestamp=13067 ms, used_size=16574464 bytes (40.5%)
(RDMA_READ_CONSUME_CHECK_CONSUMER) timestamp=13067 ms, used_size=16572416 bytes (40.5%)
(RDMA_READ_CONSUME_CHECK_CONSUMER) timestamp=13067 ms, used_size=16570368 bytes (40.5%)
(RDMA_READ_CONSUME_CHECK_CONSUMER) timestamp=13067 ms, used_size=16568320 bytes (40.5%)
(RDMA_READ_CONSUME_CHECK_CONSUMER) timestamp=13067 ms, used_size=16566272 bytes (40.4%)
(RDMA_READ_CONSUME_CHECK_CONSUMER) timestamp=13067 ms, used_size=16564224 bytes (40.4%)
(RDMA_READ_CONSUME_CHECK_CONSUMER) timestamp=13067 ms, used_size=16562176 bytes (40.4%)
(RDMA_READ_CONSUME_CHECK_CONSUMER) timestamp=13067 ms, used_size=16560128 bytes (40.4%)
(RDMA_READ_CONSUME_CHECK_CONSUMER) timestamp=13067 ms, used_size=16558080 bytes (40.4%)
(RDMA_READ_CONSUME_CHECK_CONSUMER) timestamp=13067 ms, used_size=16556032 bytes (40.4%)
(RDMA_READ_CONSUME_CHECK_CONSUMER) timestamp=13067 ms, used_size=16553984 bytes (40.4%)
(RDMA_READ_CONSUME_CHECK_CONSUMER) timestamp=13068 ms, used_size=16551936 bytes (40.4%)
(RDMA_READ_CONSUME_CHECK_CONSUMER) timestamp=13068 ms, used_size=16549888 bytes (40.4%)
(RDMA_READ_CONSUME_CHECK_CONSUMER) timestamp=13068 ms, used_size=16547840 bytes (40.4%)
(RDMA_READ_CONSUME_CHECK_CONSUMER) timestamp=13068 ms, used_size=16545792 bytes (40.4%)
(RDMA_READ_CONSUME_CHECK_CONSUMER) timestamp=13068 ms, used_size=16543744 bytes (40.4%)
(RDMA_READ_CONSUME_CHECK_CONSUMER) timestamp=13068 ms, used_size=16541696 bytes (40.4%)
(RDMA_READ_CONSUME_CHECK_CONSUMER) timestamp=13068 ms, used_size=16539648 bytes (40.4%)
(RDMA_READ_CONSUME_CHECK_CONSUMER) timestamp=13068 ms, used_size=16537600 bytes (40.4%)
(RDMA_READ_CONSUME_CHECK_CONSUMER) timestamp=13068 ms, used_size=16535552 bytes (40.4%)
(RDMA_READ_CONSUME_CHECK_CONSUMER) timestamp=13068 ms, used_size=16533504 bytes (40.4%)
(RDMA_READ_CONSUME_CHECK_CONSUMER) timestamp=13068 ms, used_size=16531456 bytes (40.4%)
(RDMA_READ_CONSUME_CHECK_CONSUMER) timestamp=13068 ms, used_size=16529408 bytes (40.4%)
(RDMA_READ_CONSUME_CHECK_CONSUMER) timestamp=13068 ms, used_size=16527360 bytes (40.4%)
(RDMA_READ_CONSUME_CHECK_CONSUMER) timestamp=13068 ms, used_size=16525312 bytes (40.3%)
(RDMA_READ_CONSUME_CHECK_CONSUMER) timestamp=13068 ms, used_size=16523264 bytes (40.3%)
(RDMA_READ_CONSUME_CHECK_CONSUMER) timestamp=13068 ms, used_size=16521216 bytes (40.3%)
(RDMA_READ_CONSUME_CHECK_CONSUMER) timestamp=13068 ms, used_size=16519168 bytes (40.3%)
(RDMA_READ_CONSUME_CHECK_CONSUMER) timestamp=13068 ms, used_size=16517120 bytes (40.3%)
(RDMA_READ_CONSUME_CHECK_CONSUMER) timestamp=13068 ms, used_size=16515072 bytes (40.3%)
(RDMA_READ_CONSUME_CHECK_CONSUMER) timestamp=13068 ms, used_size=16513024 bytes (40.3%)
(RDMA_READ_CONSUME_CHECK_CONSUMER) timestamp=13068 ms, used_size=16510976 bytes (40.3%)
(RDMA_READ_CONSUME_CHECK_CONSUMER) timestamp=13068 ms, used_size=16508928 bytes (40.3%)
(RDMA_READ_CONSUME_CHECK_CONSUMER) timestamp=13068 ms, used_size=16506880 bytes (40.3%)
(RDMA_READ_CONSUME_CHECK_CONSUMER) timestamp=13068 ms, used_size=16504832 bytes (40.3%)
(RDMA_READ_CONSUME_CHECK_CONSUMER) timestamp=13068 ms, used_size=16502784 bytes (40.3%)
(RDMA_READ_CONSUME_CHECK_CONSUMER) timestamp=13068 ms, used_size=16500736 bytes (40.3%)
(RDMA_READ_CONSUME_CHECK_CONSUMER) timestamp=13068 ms, used_size=16498688 bytes (40.3%)
(RDMA_READ_CONSUME_CHECK_CONSUMER) timestamp=13068 ms, used_size=16496640 bytes (40.3%)
(RDMA_READ_CONSUME_CHECK_CONSUMER) timestamp=13068 ms, used_size=16494592 bytes (40.3%)
(RDMA_READ_CONSUME_CHECK_CONSUMER) timestamp=13068 ms, used_size=16492544 bytes (40.3%)
(RDMA_READ_CONSUME_CHECK_CONSUMER) timestamp=13068 ms, used_size=16490496 bytes (40.3%)
(RDMA_READ_CONSUME_CHECK_CONSUMER) timestamp=13068 ms, used_size=16488448 bytes (40.3%)
(RDMA_READ_CONSUME_CHECK_CONSUMER) timestamp=13068 ms, used_size=16486400 bytes (40.2%)
(RDMA_READ_CONSUME_CHECK_CONSUMER) timestamp=13068 ms, used_size=16484352 bytes (40.2%)
(RDMA_READ_CONSUME_CHECK_CONSUMER) timestamp=13068 ms, used_size=16482304 bytes (40.2%)
(RDMA_READ_CONSUME_CHECK_CONSUMER) timestamp=13068 ms, used_size=16480256 bytes (40.2%)
(RDMA_READ_CONSUME_CHECK_CONSUMER) timestamp=13068 ms, used_size=16478208 bytes (40.2%)
(RDMA_READ_CONSUME_CHECK_CONSUMER) timestamp=13068 ms, used_size=16476160 bytes (40.2%)
(RDMA_READ_CONSUME_CHECK_CONSUMER) timestamp=13068 ms, used_size=16474112 bytes (40.2%)
(RDMA_READ_CONSUME_CHECK_CONSUMER) timestamp=13068 ms, used_size=16472064 bytes (40.2%)
(RDMA_READ_CONSUME_CHECK_CONSUMER) timestamp=13068 ms, used_size=16470016 bytes (40.2%)
(RDMA_READ_CONSUME_CHECK_CONSUMER) timestamp=13068 ms, used_size=16467968 bytes (40.2%)
(RDMA_READ_CONSUME_CHECK_CONSUMER) timestamp=13068 ms, used_size=16465920 bytes (40.2%)
(RDMA_READ_CONSUME_CHECK_CONSUMER) timestamp=13068 ms, used_size=16463872 bytes (40.2%)
(RDMA_READ_CONSUME_CHECK_CONSUMER) timestamp=13068 ms, used_size=16461824 bytes (40.2%)
(RDMA_READ_CONSUME_CHECK_CONSUMER) timestamp=13068 ms, used_size=16459776 bytes (40.2%)
(RDMA_READ_CONSUME_CHECK_CONSUMER) timestamp=13068 ms, used_size=16457728 bytes (40.2%)
(RDMA_READ_CONSUME_CHECK_CONSUMER) timestamp=13068 ms, used_size=16455680 bytes (40.2%)
(RDMA_READ_CONSUME_CHECK_CONSUMER) timestamp=13068 ms, used_size=16453632 bytes (40.2%)
(RDMA_READ_CONSUME_CHECK_CONSUMER) timestamp=13068 ms, used_size=16451584 bytes (40.2%)
(RDMA_READ_CONSUME_CHECK_CONSUMER) timestamp=13068 ms, used_size=16449536 bytes (40.2%)
(RDMA_READ_CONSUME_CHECK_CONSUMER) timestamp=13068 ms, used_size=16447488 bytes (40.2%)
(RDMA_READ_CONSUME_CHECK_CONSUMER) timestamp=13068 ms, used_size=16445440 bytes (40.1%)
(RDMA_READ_CONSUME_CHECK_CONSUMER) timestamp=13068 ms, used_size=16443392 bytes (40.1%)
(RDMA_READ_CONSUME_CHECK_CONSUMER) timestamp=13068 ms, used_size=16441344 bytes (40.1%)
(RDMA_READ_CONSUME_CHECK_CONSUMER) timestamp=13068 ms, used_size=16439296 bytes (40.1%)
(RDMA_READ_CONSUME_CHECK_CONSUMER) timestamp=13068 ms, used_size=16437248 bytes (40.1%)
(RDMA_READ_CONSUME_CHECK_CONSUMER) timestamp=13068 ms, used_size=16435200 bytes (40.1%)
(RDMA_READ_CONSUME_CHECK_CONSUMER) timestamp=13068 ms, used_size=16433152 bytes (40.1%)
(RDMA_READ_CONSUME_CHECK_CONSUMER) timestamp=13068 ms, used_size=16431104 bytes (40.1%)
(RDMA_READ_CONSUME_CHECK_CONSUMER) timestamp=13068 ms, used_size=16429056 bytes (40.1%)
(RDMA_READ_CONSUME_CHECK_CONSUMER) timestamp=13068 ms, used_size=16427008 bytes (40.1%)
(RDMA_READ_CONSUME_CHECK_CONSUMER) timestamp=13068 ms, used_size=16424960 bytes (40.1%)
(RDMA_READ_CONSUME_CHECK_CONSUMER) timestamp=13068 ms, used_size=16422912 bytes (40.1%)
(RDMA_READ_CONSUME_CHECK_CONSUMER) timestamp=13068 ms, used_size=16420864 bytes (40.1%)
(RDMA_READ_CONSUME_CHECK_CONSUMER) timestamp=13068 ms, used_size=16418816 bytes (40.1%)
(RDMA_READ_CONSUME_CHECK_CONSUMER) timestamp=13068 ms, used_size=16416768 bytes (40.1%)
(RDMA_READ_CONSUME_CHECK_CONSUMER) timestamp=13068 ms, used_size=16414720 bytes (40.1%)
(RDMA_READ_CONSUME_CHECK_CONSUMER) timestamp=13068 ms, used_size=16412672 bytes (40.1%)
(RDMA_READ_CONSUME_CHECK_CONSUMER) timestamp=13068 ms, used_size=16410624 bytes (40.1%)
(RDMA_READ_CONSUME_CHECK_CONSUMER) timestamp=13068 ms, used_size=16408576 bytes (40.1%)
(RDMA_READ_CONSUME_CHECK_CONSUMER) timestamp=13068 ms, used_size=16406528 bytes (40.1%)
(RDMA_READ_CONSUME_CHECK_CONSUMER) timestamp=13068 ms, used_size=16404480 bytes (40.0%)
(RDMA_READ_CONSUME_CHECK_CONSUMER) timestamp=13068 ms, used_size=16402432 bytes (40.0%)
(RDMA_READ_CONSUME_CHECK_CONSUMER) timestamp=13068 ms, used_size=16400384 bytes (40.0%)
(RDMA_READ_CONSUME_CHECK_CONSUMER) timestamp=13068 ms, used_size=16398336 bytes (40.0%)
(RDMA_READ_CONSUME_CHECK_CONSUMER) timestamp=13068 ms, used_size=16396288 bytes (40.0%)
(RDMA_READ_CONSUME_CHECK_CONSUMER) timestamp=13068 ms, used_size=16394240 bytes (40.0%)
(RDMA_READ_CONSUME_CHECK_CONSUMER) timestamp=13068 ms, used_size=16392192 bytes (40.0%)
(RDMA_READ_CONSUME_CHECK_CONSUMER) timestamp=13068 ms, used_size=16390144 bytes (40.0%)
(RDMA_READ_CONSUME_CHECK_CONSUMER) timestamp=13068 ms, used_size=16388096 bytes (40.0%)
(RDMA_READ_CONSUME_CHECK_CONSUMER) timestamp=13068 ms, used_size=16386048 bytes (40.0%)
(RDMA_READ_CONSUME_CHECK_CONSUMER) timestamp=13068 ms, used_size=16384000 bytes (40.0%)
(RDMA_READ_CONSUME_CHECK_CONSUMER) timestamp=13068 ms, used_size=16381952 bytes (40.0%)
(RDMA_READ_CONSUME_CHECK_CONSUMER) timestamp=13068 ms, used_size=16379904 bytes (40.0%)
(RDMA_READ_CONSUME_CHECK_CONSUMER) timestamp=13068 ms, used_size=16377856 bytes (40.0%)
(RDMA_READ_CONSUME_CHECK_CONSUMER) timestamp=13068 ms, used_size=16375808 bytes (40.0%)
(RDMA_READ_CONSUME_CHECK_CONSUMER) timestamp=13068 ms, used_size=16373760 bytes (40.0%)
(RDMA_READ_CONSUME_CHECK_CONSUMER) timestamp=13068 ms, used_size=16371712 bytes (40.0%)
(RDMA_READ_CONSUME_CHECK_CONSUMER) timestamp=13068 ms, used_size=16369664 bytes (40.0%)
(RDMA_READ_CONSUME_CHECK_CONSUMER) timestamp=13068 ms, used_size=16367616 bytes (40.0%)
(RDMA_READ_CONSUME_CHECK_CONSUMER) timestamp=13068 ms, used_size=16365568 bytes (40.0%)
(RDMA_READ_CONSUME_CHECK_CONSUMER) timestamp=13068 ms, used_size=16363520 bytes (40.0%)
(RDMA_READ_CONSUME_CHECK_CONSUMER) timestamp=13068 ms, used_size=16361472 bytes (39.9%)
(RDMA_READ_CONSUME_CHECK_CONSUMER) timestamp=13068 ms, used_size=16359424 bytes (39.9%)
(RDMA_READ_CONSUME_CHECK_CONSUMER) timestamp=13068 ms, used_size=16357376 bytes (39.9%)
(RDMA_READ_CONSUME_CHECK_CONSUMER) timestamp=13068 ms, used_size=16355328 bytes (39.9%)
(RDMA_READ_CONSUME_CHECK_CONSUMER) timestamp=13068 ms, used_size=16353280 bytes (39.9%)
(RDMA_READ_CONSUME_CHECK_CONSUMER) timestamp=13068 ms, used_size=16351232 bytes (39.9%)
(RDMA_READ_CONSUME_CHECK_CONSUMER) timestamp=13068 ms, used_size=16349184 bytes (39.9%)
(RDMA_READ_CONSUME_CHECK_CONSUMER) timestamp=13068 ms, used_size=16347136 bytes (39.9%)
(RDMA_READ_CONSUME_CHECK_CONSUMER) timestamp=13068 ms, used_size=16345088 bytes (39.9%)
(RDMA_READ_CONSUME_CHECK_CONSUMER) timestamp=13068 ms, used_size=16343040 bytes (39.9%)
(RDMA_READ_CONSUME_CHECK_CONSUMER) timestamp=13068 ms, used_size=16340992 bytes (39.9%)
(RDMA_READ_CONSUME_CHECK_CONSUMER) timestamp=13068 ms, used_size=16338944 bytes (39.9%)
(RDMA_READ_CONSUME_CHECK_CONSUMER) timestamp=13068 ms, used_size=16336896 bytes (39.9%)
(RDMA_READ_CONSUME_CHECK_CONSUMER) timestamp=13068 ms, used_size=16334848 bytes (39.9%)
(RDMA_READ_CONSUME_CHECK_CONSUMER) timestamp=13068 ms, used_size=16332800 bytes (39.9%)
(RDMA_READ_CONSUME_CHECK_CONSUMER) timestamp=13068 ms, used_size=16330752 bytes (39.9%)
(RDMA_READ_CONSUME_CHECK_CONSUMER) timestamp=13068 ms, used_size=16328704 bytes (39.9%)
(RDMA_READ_CONSUME_CHECK_CONSUMER) timestamp=13068 ms, used_size=16326656 bytes (39.9%)
(RDMA_READ_CONSUME_CHECK_CONSUMER) timestamp=13068 ms, used_size=16324608 bytes (39.9%)
(RDMA_READ_CONSUME_CHECK_CONSUMER) timestamp=13068 ms, used_size=16322560 bytes (39.9%)
(RDMA_READ_CONSUME_CHECK_CONSUMER) timestamp=13068 ms, used_size=16320512 bytes (39.8%)
(RDMA_READ_CONSUME_CHECK_CONSUMER) timestamp=13068 ms, used_size=16318464 bytes (39.8%)
(RDMA_READ_CONSUME_CHECK_CONSUMER) timestamp=13068 ms, used_size=16316416 bytes (39.8%)
(RDMA_READ_CONSUME_CHECK_CONSUMER) timestamp=13068 ms, used_size=16314368 bytes (39.8%)
(RDMA_READ_CONSUME_CHECK_CONSUMER) timestamp=13068 ms, used_size=16312320 bytes (39.8%)
(RDMA_READ_CONSUME_CHECK_CONSUMER) timestamp=13068 ms, used_size=16310272 bytes (39.8%)
(RDMA_READ_CONSUME_CHECK_CONSUMER) timestamp=13068 ms, used_size=16308224 bytes (39.8%)
(RDMA_READ_CONSUME_CHECK_CONSUMER) timestamp=13068 ms, used_size=16306176 bytes (39.8%)
(RDMA_READ_CONSUME_CHECK_CONSUMER) timestamp=13068 ms, used_size=16304128 bytes (39.8%)
(RDMA_READ_CONSUME_CHECK_CONSUMER) timestamp=13068 ms, used_size=16302080 bytes (39.8%)
(RDMA_READ_CONSUME_CHECK_CONSUMER) timestamp=13068 ms, used_size=16300032 bytes (39.8%)
(RDMA_READ_CONSUME_CHECK_CONSUMER) timestamp=13068 ms, used_size=16297984 bytes (39.8%)
(RDMA_READ_CONSUME_CHECK_CONSUMER) timestamp=13068 ms, used_size=16295936 bytes (39.8%)
(RDMA_READ_CONSUME_CHECK_CONSUMER) timestamp=13068 ms, used_size=16293888 bytes (39.8%)
(RDMA_READ_CONSUME_CHECK_CONSUMER) timestamp=13068 ms, used_size=16291840 bytes (39.8%)
(RDMA_READ_CONSUME_CHECK_CONSUMER) timestamp=13068 ms, used_size=16289792 bytes (39.8%)
(RDMA_READ_CONSUME_CHECK_CONSUMER) timestamp=13068 ms, used_size=16287744 bytes (39.8%)
(RDMA_READ_CONSUME_CHECK_CONSUMER) timestamp=13068 ms, used_size=16285696 bytes (39.8%)
(RDMA_READ_CONSUME_CHECK_CONSUMER) timestamp=13068 ms, used_size=16283648 bytes (39.8%)
(RDMA_READ_CONSUME_CHECK_CONSUMER) timestamp=13068 ms, used_size=16281600 bytes (39.8%)
(RDMA_READ_CONSUME_CHECK_CONSUMER) timestamp=13068 ms, used_size=16279552 bytes (39.7%)
(RDMA_READ_CONSUME_CHECK_CONSUMER) timestamp=13068 ms, used_size=16277504 bytes (39.7%)
(RDMA_READ_CONSUME_CHECK_CONSUMER) timestamp=13068 ms, used_size=16275456 bytes (39.7%)
(RDMA_READ_CONSUME_CHECK_CONSUMER) timestamp=13068 ms, used_size=16273408 bytes (39.7%)
(RDMA_READ_CONSUME_CHECK_CONSUMER) timestamp=13068 ms, used_size=16271360 bytes (39.7%)
(RDMA_READ_CONSUME_CHECK_CONSUMER) timestamp=13068 ms, used_size=16269312 bytes (39.7%)
(RDMA_READ_CONSUME_CHECK_CONSUMER) timestamp=13068 ms, used_size=16267264 bytes (39.7%)
(RDMA_READ_CONSUME_CHECK_CONSUMER) timestamp=13068 ms, used_size=16265216 bytes (39.7%)
(RDMA_READ_CONSUME_CHECK_CONSUMER) timestamp=13068 ms, used_size=16263168 bytes (39.7%)
(RDMA_READ_CONSUME_CHECK_CONSUMER) timestamp=13068 ms, used_size=16261120 bytes (39.7%)
(RDMA_READ_CONSUME_CHECK_CONSUMER) timestamp=13068 ms, used_size=16259072 bytes (39.7%)
(RDMA_READ_CONSUME_CHECK_CONSUMER) timestamp=13068 ms, used_size=16257024 bytes (39.7%)
(RDMA_READ_CONSUME_CHECK_CONSUMER) timestamp=13068 ms, used_size=16254976 bytes (39.7%)
(RDMA_READ_CONSUME_CHECK_CONSUMER) timestamp=13068 ms, used_size=16252928 bytes (39.7%)
(RDMA_READ_CONSUME_CHECK_CONSUMER) timestamp=13068 ms, used_size=16250880 bytes (39.7%)
(RDMA_READ_CONSUME_CHECK_CONSUMER) timestamp=13068 ms, used_size=16248832 bytes (39.7%)
(RDMA_READ_CONSUME_CHECK_CONSUMER) timestamp=13068 ms, used_size=16246784 bytes (39.7%)
(RDMA_READ_CONSUME_CHECK_CONSUMER) timestamp=13068 ms, used_size=16244736 bytes (39.7%)
(RDMA_READ_CONSUME_CHECK_CONSUMER) timestamp=13068 ms, used_size=16242688 bytes (39.7%)
(RDMA_READ_CONSUME_CHECK_CONSUMER) timestamp=13068 ms, used_size=16240640 bytes (39.6%)
(RDMA_READ_CONSUME_CHECK_CONSUMER) timestamp=13068 ms, used_size=16238592 bytes (39.6%)
(RDMA_READ_CONSUME_CHECK_CONSUMER) timestamp=13068 ms, used_size=16236544 bytes (39.6%)
(RDMA_READ_CONSUME_CHECK_CONSUMER) timestamp=13068 ms, used_size=16234496 bytes (39.6%)
(RDMA_READ_CONSUME_CHECK_CONSUMER) timestamp=13068 ms, used_size=16232448 bytes (39.6%)
(RDMA_READ_CONSUME_CHECK_CONSUMER) timestamp=13068 ms, used_size=16230400 bytes (39.6%)
(RDMA_READ_CONSUME_CHECK_CONSUMER) timestamp=13068 ms, used_size=16228352 bytes (39.6%)
(RDMA_READ_CONSUME_CHECK_CONSUMER) timestamp=13068 ms, used_size=16226304 bytes (39.6%)
(RDMA_READ_CONSUME_CHECK_CONSUMER) timestamp=13068 ms, used_size=16224256 bytes (39.6%)
(RDMA_READ_CONSUME_CHECK_CONSUMER) timestamp=13068 ms, used_size=16222208 bytes (39.6%)
(RDMA_READ_CONSUME_CHECK_CONSUMER) timestamp=13068 ms, used_size=16220160 bytes (39.6%)
(RDMA_READ_CONSUME_CHECK_CONSUMER) timestamp=13068 ms, used_size=16218112 bytes (39.6%)
(RDMA_READ_CONSUME_CHECK_CONSUMER) timestamp=13068 ms, used_size=16216064 bytes (39.6%)
(RDMA_READ_CONSUME_CHECK_CONSUMER) timestamp=13068 ms, used_size=16214016 bytes (39.6%)
(RDMA_READ_CONSUME_CHECK_CONSUMER) timestamp=13068 ms, used_size=16211968 bytes (39.6%)
(RDMA_READ_CONSUME_CHECK_CONSUMER) timestamp=13068 ms, used_size=16209920 bytes (39.6%)
(RDMA_READ_CONSUME_CHECK_CONSUMER) timestamp=13068 ms, used_size=16207872 bytes (39.6%)
(RDMA_READ_CONSUME_CHECK_CONSUMER) timestamp=13068 ms, used_size=16205824 bytes (39.6%)
(RDMA_READ_CONSUME_CHECK_CONSUMER) timestamp=13069 ms, used_size=16203776 bytes (39.6%)
(RDMA_READ_CONSUME_CHECK_CONSUMER) timestamp=13069 ms, used_size=16201728 bytes (39.6%)
(RDMA_READ_CONSUME_CHECK_CONSUMER) timestamp=13069 ms, used_size=16199680 bytes (39.5%)
(RDMA_READ_CONSUME_CHECK_CONSUMER) timestamp=13069 ms, used_size=16197632 bytes (39.5%)
(RDMA_READ_CONSUME_CHECK_CONSUMER) timestamp=13069 ms, used_size=16195584 bytes (39.5%)
(RDMA_READ_CONSUME_CHECK_CONSUMER) timestamp=13069 ms, used_size=16193536 bytes (39.5%)
(RDMA_READ_CONSUME_CHECK_CONSUMER) timestamp=13069 ms, used_size=16191488 bytes (39.5%)
(RDMA_READ_CONSUME_CHECK_CONSUMER) timestamp=13069 ms, used_size=16189440 bytes (39.5%)
(RDMA_READ_CONSUME_CHECK_CONSUMER) timestamp=13069 ms, used_size=16187392 bytes (39.5%)
(RDMA_READ_CONSUME_CHECK_CONSUMER) timestamp=13069 ms, used_size=16185344 bytes (39.5%)
(RDMA_READ_CONSUME_CHECK_CONSUMER) timestamp=13069 ms, used_size=16183296 bytes (39.5%)
(RDMA_READ_CONSUME_CHECK_CONSUMER) timestamp=13069 ms, used_size=16181248 bytes (39.5%)
(RDMA_READ_CONSUME_CHECK_CONSUMER) timestamp=13069 ms, used_size=16179200 bytes (39.5%)
(RDMA_READ_CONSUME_CHECK_CONSUMER) timestamp=13069 ms, used_size=16177152 bytes (39.5%)
(RDMA_READ_CONSUME_CHECK_CONSUMER) timestamp=13069 ms, used_size=16175104 bytes (39.5%)
(RDMA_READ_CONSUME_CHECK_CONSUMER) timestamp=13069 ms, used_size=16173056 bytes (39.5%)
(RDMA_READ_CONSUME_CHECK_CONSUMER) timestamp=13069 ms, used_size=16171008 bytes (39.5%)
(RDMA_READ_CONSUME_CHECK_CONSUMER) timestamp=13069 ms, used_size=16168960 bytes (39.5%)
(RDMA_READ_CONSUME_CHECK_CONSUMER) timestamp=13069 ms, used_size=16166912 bytes (39.5%)
(RDMA_READ_CONSUME_CHECK_CONSUMER) timestamp=13069 ms, used_size=16164864 bytes (39.5%)
(RDMA_READ_CONSUME_CHECK_CONSUMER) timestamp=13069 ms, used_size=16162816 bytes (39.5%)
(RDMA_READ_CONSUME_CHECK_CONSUMER) timestamp=13069 ms, used_size=16160768 bytes (39.5%)
(RDMA_READ_CONSUME_CHECK_CONSUMER) timestamp=13069 ms, used_size=16158720 bytes (39.5%)
(RDMA_READ_CONSUME_CHECK_CONSUMER) timestamp=13069 ms, used_size=16156672 bytes (39.4%)
(RDMA_READ_CONSUME_CHECK_CONSUMER) timestamp=13069 ms, used_size=16154624 bytes (39.4%)
(RDMA_READ_CONSUME_CHECK_CONSUMER) timestamp=13069 ms, used_size=16152576 bytes (39.4%)
(RDMA_READ_CONSUME_CHECK_CONSUMER) timestamp=13069 ms, used_size=16150528 bytes (39.4%)
(RDMA_READ_CONSUME_CHECK_CONSUMER) timestamp=13069 ms, used_size=16148480 bytes (39.4%)
(RDMA_READ_CONSUME_CHECK_CONSUMER) timestamp=13069 ms, used_size=16146432 bytes (39.4%)
(RDMA_READ_CONSUME_CHECK_CONSUMER) timestamp=13069 ms, used_size=16144384 bytes (39.4%)
(RDMA_READ_CONSUME_CHECK_CONSUMER) timestamp=13069 ms, used_size=16142336 bytes (39.4%)
(RDMA_READ_CONSUME_CHECK_CONSUMER) timestamp=13069 ms, used_size=16140288 bytes (39.4%)
(RDMA_READ_CONSUME_CHECK_CONSUMER) timestamp=13069 ms, used_size=16138240 bytes (39.4%)
(RDMA_READ_CONSUME_CHECK_CONSUMER) timestamp=13069 ms, used_size=16136192 bytes (39.4%)
(RDMA_READ_CONSUME_CHECK_CONSUMER) timestamp=13069 ms, used_size=16134144 bytes (39.4%)
(RDMA_READ_CONSUME_CHECK_CONSUMER) timestamp=13069 ms, used_size=16132096 bytes (39.4%)
(RDMA_READ_CONSUME_CHECK_CONSUMER) timestamp=13069 ms, used_size=16130048 bytes (39.4%)
(RDMA_READ_CONSUME_CHECK_CONSUMER) timestamp=13069 ms, used_size=16128000 bytes (39.4%)
(RDMA_READ_CONSUME_CHECK_CONSUMER) timestamp=13069 ms, used_size=16125952 bytes (39.4%)
(RDMA_READ_CONSUME_CHECK_CONSUMER) timestamp=13069 ms, used_size=16123904 bytes (39.4%)
(RDMA_READ_CONSUME_CHECK_CONSUMER) timestamp=13069 ms, used_size=16121856 bytes (39.4%)
(RDMA_READ_CONSUME_CHECK_CONSUMER) timestamp=13069 ms, used_size=16119808 bytes (39.4%)
(RDMA_READ_CONSUME_CHECK_CONSUMER) timestamp=13069 ms, used_size=16117760 bytes (39.4%)
(RDMA_READ_CONSUME_CHECK_CONSUMER) timestamp=13069 ms, used_size=16115712 bytes (39.3%)
(RDMA_READ_CONSUME_CHECK_CONSUMER) timestamp=13069 ms, used_size=16113664 bytes (39.3%)
(RDMA_READ_CONSUME_CHECK_CONSUMER) timestamp=13069 ms, used_size=16111616 bytes (39.3%)
(RDMA_READ_CONSUME_CHECK_CONSUMER) timestamp=13069 ms, used_size=16109568 bytes (39.3%)
(RDMA_READ_CONSUME_CHECK_CONSUMER) timestamp=13069 ms, used_size=16107520 bytes (39.3%)
(RDMA_READ_CONSUME_CHECK_CONSUMER) timestamp=13069 ms, used_size=16105472 bytes (39.3%)
(RDMA_READ_CONSUME_CHECK_CONSUMER) timestamp=13069 ms, used_size=16103424 bytes (39.3%)
(RDMA_READ_CONSUME_CHECK_CONSUMER) timestamp=13069 ms, used_size=16101376 bytes (39.3%)
(RDMA_READ_CONSUME_CHECK_CONSUMER) timestamp=13069 ms, used_size=16099328 bytes (39.3%)
(RDMA_READ_CONSUME_CHECK_CONSUMER) timestamp=13069 ms, used_size=16097280 bytes (39.3%)
(RDMA_READ_CONSUME_CHECK_CONSUMER) timestamp=13069 ms, used_size=16095232 bytes (39.3%)
(RDMA_READ_CONSUME_CHECK_CONSUMER) timestamp=13069 ms, used_size=16093184 bytes (39.3%)
(RDMA_READ_CONSUME_CHECK_CONSUMER) timestamp=13069 ms, used_size=16091136 bytes (39.3%)
(RDMA_READ_CONSUME_CHECK_CONSUMER) timestamp=13069 ms, used_size=16089088 bytes (39.3%)
(RDMA_READ_CONSUME_CHECK_CONSUMER) timestamp=13069 ms, used_size=16087040 bytes (39.3%)
(RDMA_READ_CONSUME_CHECK_CONSUMER) timestamp=13069 ms, used_size=16084992 bytes (39.3%)
(RDMA_READ_CONSUME_CHECK_CONSUMER) timestamp=13069 ms, used_size=16082944 bytes (39.3%)
(RDMA_READ_CONSUME_CHECK_CONSUMER) timestamp=13069 ms, used_size=16080896 bytes (39.3%)
(RDMA_READ_CONSUME_CHECK_CONSUMER) timestamp=13069 ms, used_size=16078848 bytes (39.3%)
(RDMA_READ_CONSUME_CHECK_CONSUMER) timestamp=13069 ms, used_size=16076800 bytes (39.2%)
(RDMA_READ_CONSUME_CHECK_CONSUMER) timestamp=13069 ms, used_size=16074752 bytes (39.2%)
(RDMA_READ_CONSUME_CHECK_CONSUMER) timestamp=13069 ms, used_size=16072704 bytes (39.2%)
(RDMA_READ_CONSUME_CHECK_CONSUMER) timestamp=13069 ms, used_size=16070656 bytes (39.2%)
(RDMA_READ_CONSUME_CHECK_CONSUMER) timestamp=13069 ms, used_size=16068608 bytes (39.2%)
(RDMA_READ_CONSUME_CHECK_CONSUMER) timestamp=13069 ms, used_size=16066560 bytes (39.2%)
(RDMA_READ_CONSUME_CHECK_CONSUMER) timestamp=13069 ms, used_size=16064512 bytes (39.2%)
(RDMA_READ_CONSUME_CHECK_CONSUMER) timestamp=13069 ms, used_size=16062464 bytes (39.2%)
(RDMA_READ_CONSUME_CHECK_CONSUMER) timestamp=13069 ms, used_size=16060416 bytes (39.2%)
(RDMA_READ_CONSUME_CHECK_CONSUMER) timestamp=13069 ms, used_size=16058368 bytes (39.2%)
(RDMA_READ_CONSUME_CHECK_CONSUMER) timestamp=13069 ms, used_size=16056320 bytes (39.2%)
(RDMA_READ_CONSUME_CHECK_CONSUMER) timestamp=13069 ms, used_size=16054272 bytes (39.2%)
(RDMA_READ_CONSUME_CHECK_CONSUMER) timestamp=13069 ms, used_size=16052224 bytes (39.2%)
(RDMA_READ_CONSUME_CHECK_CONSUMER) timestamp=13069 ms, used_size=16050176 bytes (39.2%)
(RDMA_READ_CONSUME_CHECK_CONSUMER) timestamp=13069 ms, used_size=16048128 bytes (39.2%)
(RDMA_READ_CONSUME_CHECK_CONSUMER) timestamp=13069 ms, used_size=16046080 bytes (39.2%)
(RDMA_READ_CONSUME_CHECK_CONSUMER) timestamp=13069 ms, used_size=16044032 bytes (39.2%)
(RDMA_READ_CONSUME_CHECK_CONSUMER) timestamp=13069 ms, used_size=16041984 bytes (39.2%)
(RDMA_READ_CONSUME_CHECK_CONSUMER) timestamp=13069 ms, used_size=16039936 bytes (39.2%)
(RDMA_READ_CONSUME_CHECK_CONSUMER) timestamp=13069 ms, used_size=16037888 bytes (39.2%)
(RDMA_READ_CONSUME_CHECK_CONSUMER) timestamp=13069 ms, used_size=16035840 bytes (39.1%)
(RDMA_READ_CONSUME_CHECK_CONSUMER) timestamp=13069 ms, used_size=16033792 bytes (39.1%)
(RDMA_READ_CONSUME_CHECK_CONSUMER) timestamp=13069 ms, used_size=16031744 bytes (39.1%)
(RDMA_READ_CONSUME_CHECK_CONSUMER) timestamp=13069 ms, used_size=16029696 bytes (39.1%)
(RDMA_READ_CONSUME_CHECK_CONSUMER) timestamp=13069 ms, used_size=16027648 bytes (39.1%)
(RDMA_READ_CONSUME_CHECK_CONSUMER) timestamp=13069 ms, used_size=16025600 bytes (39.1%)
(RDMA_READ_CONSUME_CHECK_CONSUMER) timestamp=13069 ms, used_size=16023552 bytes (39.1%)
(RDMA_READ_CONSUME_CHECK_CONSUMER) timestamp=13069 ms, used_size=16021504 bytes (39.1%)
(RDMA_READ_CONSUME_CHECK_CONSUMER) timestamp=13069 ms, used_size=16019456 bytes (39.1%)
(RDMA_READ_CONSUME_CHECK_CONSUMER) timestamp=13069 ms, used_size=16017408 bytes (39.1%)
(RDMA_READ_CONSUME_CHECK_CONSUMER) timestamp=13069 ms, used_size=16015360 bytes (39.1%)
(RDMA_READ_CONSUME_CHECK_CONSUMER) timestamp=13069 ms, used_size=16013312 bytes (39.1%)
(RDMA_READ_CONSUME_CHECK_CONSUMER) timestamp=13069 ms, used_size=16011264 bytes (39.1%)
(RDMA_READ_CONSUME_CHECK_CONSUMER) timestamp=13069 ms, used_size=16009216 bytes (39.1%)
(RDMA_READ_CONSUME_CHECK_CONSUMER) timestamp=13069 ms, used_size=16007168 bytes (39.1%)
(RDMA_READ_CONSUME_CHECK_CONSUMER) timestamp=13069 ms, used_size=16005120 bytes (39.1%)
(RDMA_READ_CONSUME_CHECK_CONSUMER) timestamp=13069 ms, used_size=16003072 bytes (39.1%)
(RDMA_READ_CONSUME_CHECK_CONSUMER) timestamp=13069 ms, used_size=16001024 bytes (39.1%)
(RDMA_READ_CONSUME_CHECK_CONSUMER) timestamp=13069 ms, used_size=15998976 bytes (39.1%)
(RDMA_READ_CONSUME_CHECK_CONSUMER) timestamp=13069 ms, used_size=15996928 bytes (39.1%)
(RDMA_READ_CONSUME_CHECK_CONSUMER) timestamp=13069 ms, used_size=15994880 bytes (39.0%)
(RDMA_READ_CONSUME_CHECK_CONSUMER) timestamp=13069 ms, used_size=15992832 bytes (39.0%)
(RDMA_READ_CONSUME_CHECK_CONSUMER) timestamp=13069 ms, used_size=15990784 bytes (39.0%)
(RDMA_READ_CONSUME_CHECK_CONSUMER) timestamp=13069 ms, used_size=15988736 bytes (39.0%)
(RDMA_READ_CONSUME_CHECK_CONSUMER) timestamp=13069 ms, used_size=15986688 bytes (39.0%)
(RDMA_READ_CONSUME_CHECK_CONSUMER) timestamp=13069 ms, used_size=15984640 bytes (39.0%)
(RDMA_READ_CONSUME_CHECK_CONSUMER) timestamp=13069 ms, used_size=15982592 bytes (39.0%)
(RDMA_READ_CONSUME_CHECK_CONSUMER) timestamp=13069 ms, used_size=15980544 bytes (39.0%)
(RDMA_READ_CONSUME_CHECK_CONSUMER) timestamp=13069 ms, used_size=15978496 bytes (39.0%)
(RDMA_READ_CONSUME_CHECK_CONSUMER) timestamp=13069 ms, used_size=15976448 bytes (39.0%)
(RDMA_READ_CONSUME_CHECK_CONSUMER) timestamp=13069 ms, used_size=15974400 bytes (39.0%)
(RDMA_READ_CONSUME_CHECK_CONSUMER) timestamp=13069 ms, used_size=15972352 bytes (39.0%)
(RDMA_READ_CONSUME_CHECK_CONSUMER) timestamp=13069 ms, used_size=15970304 bytes (39.0%)
(RDMA_READ_CONSUME_CHECK_CONSUMER) timestamp=13069 ms, used_size=15968256 bytes (39.0%)
(RDMA_READ_CONSUME_CHECK_CONSUMER) timestamp=13069 ms, used_size=15966208 bytes (39.0%)
(RDMA_READ_CONSUME_CHECK_CONSUMER) timestamp=13069 ms, used_size=15964160 bytes (39.0%)
(RDMA_READ_CONSUME_CHECK_CONSUMER) timestamp=13069 ms, used_size=15962112 bytes (39.0%)
(RDMA_READ_CONSUME_CHECK_CONSUMER) timestamp=13069 ms, used_size=15960064 bytes (39.0%)
(RDMA_READ_CONSUME_CHECK_CONSUMER) timestamp=13069 ms, used_size=15958016 bytes (39.0%)
(RDMA_READ_CONSUME_CHECK_CONSUMER) timestamp=13069 ms, used_size=15955968 bytes (39.0%)
(RDMA_READ_CONSUME_CHECK_CONSUMER) timestamp=13069 ms, used_size=15953920 bytes (39.0%)
(RDMA_READ_CONSUME_CHECK_CONSUMER) timestamp=13069 ms, used_size=15951872 bytes (38.9%)
(RDMA_READ_CONSUME_CHECK_CONSUMER) timestamp=13069 ms, used_size=15949824 bytes (38.9%)
(RDMA_READ_CONSUME_CHECK_CONSUMER) timestamp=13069 ms, used_size=15947776 bytes (38.9%)
(RDMA_READ_CONSUME_CHECK_CONSUMER) timestamp=13069 ms, used_size=15945728 bytes (38.9%)
(RDMA_READ_CONSUME_CHECK_CONSUMER) timestamp=13069 ms, used_size=15943680 bytes (38.9%)
(RDMA_READ_CONSUME_CHECK_CONSUMER) timestamp=13069 ms, used_size=15941632 bytes (38.9%)
(RDMA_READ_CONSUME_CHECK_CONSUMER) timestamp=13069 ms, used_size=15939584 bytes (38.9%)
(RDMA_READ_CONSUME_CHECK_CONSUMER) timestamp=13069 ms, used_size=15937536 bytes (38.9%)
(RDMA_READ_CONSUME_CHECK_CONSUMER) timestamp=13069 ms, used_size=15935488 bytes (38.9%)
(RDMA_READ_CONSUME_CHECK_CONSUMER) timestamp=13069 ms, used_size=15933440 bytes (38.9%)
(RDMA_READ_CONSUME_CHECK_CONSUMER) timestamp=13069 ms, used_size=15931392 bytes (38.9%)
(RDMA_READ_CONSUME_CHECK_CONSUMER) timestamp=13069 ms, used_size=15929344 bytes (38.9%)
(RDMA_READ_CONSUME_CHECK_CONSUMER) timestamp=13069 ms, used_size=15927296 bytes (38.9%)
(RDMA_READ_CONSUME_CHECK_CONSUMER) timestamp=13069 ms, used_size=15925248 bytes (38.9%)
(RDMA_READ_CONSUME_CHECK_CONSUMER) timestamp=13069 ms, used_size=15923200 bytes (38.9%)
(RDMA_READ_CONSUME_CHECK_CONSUMER) timestamp=13069 ms, used_size=15921152 bytes (38.9%)
(RDMA_READ_CONSUME_CHECK_CONSUMER) timestamp=13069 ms, used_size=15919104 bytes (38.9%)
(RDMA_READ_CONSUME_CHECK_CONSUMER) timestamp=13069 ms, used_size=15917056 bytes (38.9%)
(RDMA_READ_CONSUME_CHECK_CONSUMER) timestamp=13069 ms, used_size=15915008 bytes (38.9%)
(RDMA_READ_CONSUME_CHECK_CONSUMER) timestamp=13069 ms, used_size=15912960 bytes (38.9%)
(RDMA_READ_CONSUME_CHECK_CONSUMER) timestamp=13069 ms, used_size=15910912 bytes (38.8%)
(RDMA_READ_CONSUME_CHECK_CONSUMER) timestamp=13069 ms, used_size=15908864 bytes (38.8%)
(RDMA_READ_CONSUME_CHECK_CONSUMER) timestamp=13069 ms, used_size=15906816 bytes (38.8%)
(RDMA_READ_CONSUME_CHECK_CONSUMER) timestamp=13069 ms, used_size=15904768 bytes (38.8%)
(RDMA_READ_CONSUME_CHECK_CONSUMER) timestamp=13069 ms, used_size=15902720 bytes (38.8%)
(RDMA_READ_CONSUME_CHECK_CONSUMER) timestamp=13069 ms, used_size=15900672 bytes (38.8%)
(RDMA_READ_CONSUME_CHECK_CONSUMER) timestamp=13069 ms, used_size=15898624 bytes (38.8%)
(RDMA_READ_CONSUME_CHECK_CONSUMER) timestamp=13069 ms, used_size=15896576 bytes (38.8%)
(RDMA_READ_CONSUME_CHECK_CONSUMER) timestamp=13069 ms, used_size=15894528 bytes (38.8%)
(RDMA_READ_CONSUME_CHECK_CONSUMER) timestamp=13069 ms, used_size=15892480 bytes (38.8%)
(RDMA_READ_CONSUME_CHECK_CONSUMER) timestamp=13069 ms, used_size=15890432 bytes (38.8%)
(RDMA_READ_CONSUME_CHECK_CONSUMER) timestamp=13069 ms, used_size=15888384 bytes (38.8%)
(RDMA_READ_CONSUME_CHECK_CONSUMER) timestamp=13069 ms, used_size=15886336 bytes (38.8%)
(RDMA_READ_CONSUME_CHECK_CONSUMER) timestamp=13069 ms, used_size=15884288 bytes (38.8%)
(RDMA_READ_CONSUME_CHECK_CONSUMER) timestamp=13069 ms, used_size=15882240 bytes (38.8%)
(RDMA_READ_CONSUME_CHECK_CONSUMER) timestamp=13069 ms, used_size=15880192 bytes (38.8%)
(RDMA_READ_CONSUME_CHECK_CONSUMER) timestamp=13069 ms, used_size=15878144 bytes (38.8%)
(RDMA_READ_CONSUME_CHECK_CONSUMER) timestamp=13069 ms, used_size=15876096 bytes (38.8%)
(RDMA_READ_CONSUME_CHECK_CONSUMER) timestamp=13069 ms, used_size=15874048 bytes (38.8%)
(RDMA_READ_CONSUME_CHECK_CONSUMER) timestamp=13069 ms, used_size=15872000 bytes (38.8%)
(RDMA_READ_CONSUME_CHECK_CONSUMER) timestamp=13069 ms, used_size=15869952 bytes (38.7%)
(RDMA_READ_CONSUME_CHECK_CONSUMER) timestamp=13069 ms, used_size=15867904 bytes (38.7%)
(RDMA_READ_CONSUME_CHECK_CONSUMER) timestamp=13069 ms, used_size=15865856 bytes (38.7%)
(RDMA_READ_CONSUME_CHECK_CONSUMER) timestamp=13069 ms, used_size=15863808 bytes (38.7%)
(RDMA_READ_CONSUME_CHECK_CONSUMER) timestamp=13069 ms, used_size=15861760 bytes (38.7%)
(RDMA_READ_CONSUME_CHECK_CONSUMER) timestamp=13069 ms, used_size=15859712 bytes (38.7%)
(RDMA_READ_CONSUME_CHECK_CONSUMER) timestamp=13070 ms, used_size=15857664 bytes (38.7%)
(RDMA_READ_CONSUME_CHECK_CONSUMER) timestamp=13070 ms, used_size=15855616 bytes (38.7%)
(RDMA_READ_CONSUME_CHECK_CONSUMER) timestamp=13070 ms, used_size=15853568 bytes (38.7%)
(RDMA_READ_CONSUME_CHECK_CONSUMER) timestamp=13070 ms, used_size=15851520 bytes (38.7%)
(RDMA_READ_CONSUME_CHECK_CONSUMER) timestamp=13070 ms, used_size=15849472 bytes (38.7%)
(RDMA_READ_CONSUME_CHECK_CONSUMER) timestamp=13070 ms, used_size=15847424 bytes (38.7%)
(RDMA_READ_CONSUME_CHECK_CONSUMER) timestamp=13070 ms, used_size=15845376 bytes (38.7%)
(RDMA_READ_CONSUME_CHECK_CONSUMER) timestamp=13070 ms, used_size=15843328 bytes (38.7%)
(RDMA_READ_CONSUME_CHECK_CONSUMER) timestamp=13070 ms, used_size=15841280 bytes (38.7%)
(RDMA_READ_CONSUME_CHECK_CONSUMER) timestamp=13070 ms, used_size=15839232 bytes (38.7%)
(RDMA_READ_CONSUME_CHECK_CONSUMER) timestamp=13070 ms, used_size=15837184 bytes (38.7%)
(RDMA_READ_CONSUME_CHECK_CONSUMER) timestamp=13070 ms, used_size=15835136 bytes (38.7%)
(RDMA_READ_CONSUME_CHECK_CONSUMER) timestamp=13070 ms, used_size=15833088 bytes (38.7%)
(RDMA_READ_CONSUME_CHECK_CONSUMER) timestamp=13070 ms, used_size=15831040 bytes (38.6%)
(RDMA_READ_CONSUME_CHECK_CONSUMER) timestamp=13070 ms, used_size=15828992 bytes (38.6%)
(RDMA_READ_CONSUME_CHECK_CONSUMER) timestamp=13070 ms, used_size=15826944 bytes (38.6%)
(RDMA_READ_CONSUME_CHECK_CONSUMER) timestamp=13070 ms, used_size=15824896 bytes (38.6%)
(RDMA_READ_CONSUME_CHECK_CONSUMER) timestamp=13070 ms, used_size=15822848 bytes (38.6%)
(RDMA_READ_CONSUME_CHECK_CONSUMER) timestamp=13070 ms, used_size=15820800 bytes (38.6%)
(RDMA_READ_CONSUME_CHECK_CONSUMER) timestamp=13070 ms, used_size=15818752 bytes (38.6%)
(RDMA_READ_CONSUME_CHECK_CONSUMER) timestamp=13070 ms, used_size=15816704 bytes (38.6%)
(RDMA_READ_CONSUME_CHECK_CONSUMER) timestamp=13070 ms, used_size=15814656 bytes (38.6%)
(RDMA_READ_CONSUME_CHECK_CONSUMER) timestamp=13070 ms, used_size=15812608 bytes (38.6%)
(RDMA_READ_CONSUME_CHECK_CONSUMER) timestamp=13070 ms, used_size=15810560 bytes (38.6%)
(RDMA_READ_CONSUME_CHECK_CONSUMER) timestamp=13070 ms, used_size=15808512 bytes (38.6%)
(RDMA_READ_CONSUME_CHECK_CONSUMER) timestamp=13070 ms, used_size=15806464 bytes (38.6%)
(RDMA_READ_CONSUME_CHECK_CONSUMER) timestamp=13070 ms, used_size=15804416 bytes (38.6%)
(RDMA_READ_CONSUME_CHECK_CONSUMER) timestamp=13070 ms, used_size=15802368 bytes (38.6%)
(RDMA_READ_CONSUME_CHECK_CONSUMER) timestamp=13070 ms, used_size=15800320 bytes (38.6%)
(RDMA_READ_CONSUME_CHECK_CONSUMER) timestamp=13070 ms, used_size=15798272 bytes (38.6%)
(RDMA_READ_CONSUME_CHECK_CONSUMER) timestamp=13070 ms, used_size=15796224 bytes (38.6%)
(RDMA_READ_CONSUME_CHECK_CONSUMER) timestamp=13070 ms, used_size=15794176 bytes (38.6%)
(RDMA_READ_CONSUME_CHECK_CONSUMER) timestamp=13070 ms, used_size=15792128 bytes (38.6%)
(RDMA_READ_CONSUME_CHECK_CONSUMER) timestamp=13070 ms, used_size=15790080 bytes (38.5%)
(RDMA_READ_CONSUME_CHECK_CONSUMER) timestamp=13070 ms, used_size=15788032 bytes (38.5%)
(RDMA_READ_CONSUME_CHECK_CONSUMER) timestamp=13070 ms, used_size=15785984 bytes (38.5%)
(RDMA_READ_CONSUME_CHECK_CONSUMER) timestamp=13070 ms, used_size=15783936 bytes (38.5%)
(RDMA_READ_CONSUME_CHECK_CONSUMER) timestamp=13070 ms, used_size=15781888 bytes (38.5%)
(RDMA_READ_CONSUME_CHECK_CONSUMER) timestamp=13070 ms, used_size=15779840 bytes (38.5%)
(RDMA_READ_CONSUME_CHECK_CONSUMER) timestamp=13070 ms, used_size=15777792 bytes (38.5%)
(RDMA_READ_CONSUME_CHECK_CONSUMER) timestamp=13070 ms, used_size=15775744 bytes (38.5%)
(RDMA_READ_CONSUME_CHECK_CONSUMER) timestamp=13070 ms, used_size=15773696 bytes (38.5%)
(RDMA_READ_CONSUME_CHECK_CONSUMER) timestamp=13070 ms, used_size=15771648 bytes (38.5%)
(RDMA_READ_CONSUME_CHECK_CONSUMER) timestamp=13070 ms, used_size=15769600 bytes (38.5%)
(RDMA_READ_CONSUME_CHECK_CONSUMER) timestamp=13070 ms, used_size=15767552 bytes (38.5%)
(RDMA_READ_CONSUME_CHECK_CONSUMER) timestamp=13070 ms, used_size=15765504 bytes (38.5%)
(RDMA_READ_CONSUME_CHECK_CONSUMER) timestamp=13070 ms, used_size=15763456 bytes (38.5%)
(RDMA_READ_CONSUME_CHECK_CONSUMER) timestamp=13070 ms, used_size=15761408 bytes (38.5%)
(RDMA_READ_CONSUME_CHECK_CONSUMER) timestamp=13070 ms, used_size=15759360 bytes (38.5%)
(RDMA_READ_CONSUME_CHECK_CONSUMER) timestamp=13070 ms, used_size=15757312 bytes (38.5%)
(RDMA_READ_CONSUME_CHECK_CONSUMER) timestamp=13070 ms, used_size=15755264 bytes (38.5%)
(RDMA_READ_CONSUME_CHECK_CONSUMER) timestamp=13070 ms, used_size=15753216 bytes (38.5%)
(RDMA_READ_CONSUME_CHECK_CONSUMER) timestamp=13070 ms, used_size=15751168 bytes (38.5%)
(RDMA_READ_CONSUME_CHECK_CONSUMER) timestamp=13070 ms, used_size=15749120 bytes (38.5%)
(RDMA_READ_CONSUME_CHECK_CONSUMER) timestamp=13070 ms, used_size=15747072 bytes (38.4%)
(RDMA_READ_CONSUME_CHECK_CONSUMER) timestamp=13070 ms, used_size=15745024 bytes (38.4%)
(RDMA_READ_CONSUME_CHECK_CONSUMER) timestamp=13070 ms, used_size=15742976 bytes (38.4%)
(RDMA_READ_CONSUME_CHECK_CONSUMER) timestamp=13070 ms, used_size=15740928 bytes (38.4%)
(RDMA_READ_CONSUME_CHECK_CONSUMER) timestamp=13070 ms, used_size=15738880 bytes (38.4%)
(RDMA_READ_CONSUME_CHECK_CONSUMER) timestamp=13070 ms, used_size=15736832 bytes (38.4%)
(RDMA_READ_CONSUME_CHECK_CONSUMER) timestamp=13070 ms, used_size=15734784 bytes (38.4%)
(RDMA_READ_CONSUME_CHECK_CONSUMER) timestamp=13070 ms, used_size=15732736 bytes (38.4%)
(RDMA_READ_CONSUME_CHECK_CONSUMER) timestamp=13070 ms, used_size=15730688 bytes (38.4%)
(RDMA_READ_CONSUME_CHECK_CONSUMER) timestamp=13070 ms, used_size=15728640 bytes (38.4%)
(RDMA_READ_CONSUME_CHECK_CONSUMER) timestamp=13070 ms, used_size=15726592 bytes (38.4%)
(RDMA_READ_CONSUME_CHECK_CONSUMER) timestamp=13070 ms, used_size=15724544 bytes (38.4%)
(RDMA_READ_CONSUME_CHECK_CONSUMER) timestamp=13070 ms, used_size=15722496 bytes (38.4%)
(RDMA_READ_CONSUME_CHECK_CONSUMER) timestamp=13070 ms, used_size=15720448 bytes (38.4%)
(RDMA_READ_CONSUME_CHECK_CONSUMER) timestamp=13070 ms, used_size=15718400 bytes (38.4%)
(RDMA_READ_CONSUME_CHECK_CONSUMER) timestamp=13070 ms, used_size=15716352 bytes (38.4%)
(RDMA_READ_CONSUME_CHECK_CONSUMER) timestamp=13070 ms, used_size=15714304 bytes (38.4%)
(RDMA_READ_CONSUME_CHECK_CONSUMER) timestamp=13070 ms, used_size=15712256 bytes (38.4%)
(RDMA_READ_CONSUME_CHECK_CONSUMER) timestamp=13070 ms, used_size=15710208 bytes (38.4%)
(RDMA_READ_CONSUME_CHECK_CONSUMER) timestamp=13070 ms, used_size=15708160 bytes (38.4%)
(RDMA_READ_CONSUME_CHECK_CONSUMER) timestamp=13070 ms, used_size=15706112 bytes (38.3%)
(RDMA_READ_CONSUME_CHECK_CONSUMER) timestamp=13070 ms, used_size=15704064 bytes (38.3%)
(RDMA_READ_CONSUME_CHECK_CONSUMER) timestamp=13070 ms, used_size=15702016 bytes (38.3%)
(RDMA_READ_CONSUME_CHECK_CONSUMER) timestamp=13070 ms, used_size=15699968 bytes (38.3%)
(RDMA_READ_CONSUME_CHECK_CONSUMER) timestamp=13070 ms, used_size=15697920 bytes (38.3%)
(RDMA_READ_CONSUME_CHECK_CONSUMER) timestamp=13070 ms, used_size=15695872 bytes (38.3%)
(RDMA_READ_CONSUME_CHECK_CONSUMER) timestamp=13070 ms, used_size=15693824 bytes (38.3%)
(RDMA_READ_CONSUME_CHECK_CONSUMER) timestamp=13070 ms, used_size=15691776 bytes (38.3%)
(RDMA_READ_CONSUME_CHECK_CONSUMER) timestamp=13070 ms, used_size=15689728 bytes (38.3%)
(RDMA_READ_CONSUME_CHECK_CONSUMER) timestamp=13070 ms, used_size=15687680 bytes (38.3%)
(RDMA_READ_CONSUME_CHECK_CONSUMER) timestamp=13070 ms, used_size=15685632 bytes (38.3%)
(RDMA_READ_CONSUME_CHECK_CONSUMER) timestamp=13070 ms, used_size=15683584 bytes (38.3%)
(RDMA_READ_CONSUME_CHECK_CONSUMER) timestamp=13070 ms, used_size=15681536 bytes (38.3%)
(RDMA_READ_CONSUME_CHECK_CONSUMER) timestamp=13070 ms, used_size=15679488 bytes (38.3%)
(RDMA_READ_CONSUME_CHECK_CONSUMER) timestamp=13070 ms, used_size=15677440 bytes (38.3%)
(RDMA_READ_CONSUME_CHECK_CONSUMER) timestamp=13070 ms, used_size=15675392 bytes (38.3%)
(RDMA_READ_CONSUME_CHECK_CONSUMER) timestamp=13070 ms, used_size=15673344 bytes (38.3%)
(RDMA_READ_CONSUME_CHECK_CONSUMER) timestamp=13070 ms, used_size=15671296 bytes (38.3%)
(RDMA_READ_CONSUME_CHECK_CONSUMER) timestamp=13070 ms, used_size=15669248 bytes (38.3%)
(RDMA_READ_CONSUME_CHECK_CONSUMER) timestamp=13070 ms, used_size=15667200 bytes (38.2%)
(RDMA_READ_CONSUME_CHECK_CONSUMER) timestamp=13070 ms, used_size=15665152 bytes (38.2%)
(RDMA_READ_CONSUME_CHECK_CONSUMER) timestamp=13070 ms, used_size=15663104 bytes (38.2%)
(RDMA_READ_CONSUME_CHECK_CONSUMER) timestamp=13070 ms, used_size=15661056 bytes (38.2%)
(RDMA_READ_CONSUME_CHECK_CONSUMER) timestamp=13070 ms, used_size=15659008 bytes (38.2%)
(RDMA_READ_CONSUME_CHECK_CONSUMER) timestamp=13070 ms, used_size=15656960 bytes (38.2%)
(RDMA_READ_CONSUME_CHECK_CONSUMER) timestamp=13070 ms, used_size=15654912 bytes (38.2%)
(RDMA_READ_CONSUME_CHECK_CONSUMER) timestamp=13070 ms, used_size=15652864 bytes (38.2%)
(RDMA_READ_CONSUME_CHECK_CONSUMER) timestamp=13070 ms, used_size=15650816 bytes (38.2%)
(RDMA_READ_CONSUME_CHECK_CONSUMER) timestamp=13070 ms, used_size=15648768 bytes (38.2%)
(RDMA_READ_CONSUME_CHECK_CONSUMER) timestamp=13070 ms, used_size=15646720 bytes (38.2%)
(RDMA_READ_CONSUME_CHECK_CONSUMER) timestamp=13070 ms, used_size=15644672 bytes (38.2%)
(RDMA_READ_CONSUME_CHECK_CONSUMER) timestamp=13070 ms, used_size=15642624 bytes (38.2%)
(RDMA_READ_CONSUME_CHECK_CONSUMER) timestamp=13070 ms, used_size=15640576 bytes (38.2%)
(RDMA_READ_CONSUME_CHECK_CONSUMER) timestamp=13070 ms, used_size=15638528 bytes (38.2%)
(RDMA_READ_CONSUME_CHECK_CONSUMER) timestamp=13070 ms, used_size=15636480 bytes (38.2%)
(RDMA_READ_CONSUME_CHECK_CONSUMER) timestamp=13070 ms, used_size=15634432 bytes (38.2%)
(RDMA_READ_CONSUME_CHECK_CONSUMER) timestamp=13070 ms, used_size=15632384 bytes (38.2%)
(RDMA_READ_CONSUME_CHECK_CONSUMER) timestamp=13070 ms, used_size=15630336 bytes (38.2%)
(RDMA_READ_CONSUME_CHECK_CONSUMER) timestamp=13070 ms, used_size=15628288 bytes (38.2%)
(RDMA_READ_CONSUME_CHECK_CONSUMER) timestamp=13070 ms, used_size=15626240 bytes (38.1%)
(RDMA_READ_CONSUME_CHECK_CONSUMER) timestamp=13070 ms, used_size=15624192 bytes (38.1%)
(RDMA_READ_CONSUME_CHECK_CONSUMER) timestamp=13070 ms, used_size=15622144 bytes (38.1%)
(RDMA_READ_CONSUME_CHECK_CONSUMER) timestamp=13070 ms, used_size=15620096 bytes (38.1%)
(RDMA_READ_CONSUME_CHECK_CONSUMER) timestamp=13070 ms, used_size=15618048 bytes (38.1%)
(RDMA_READ_CONSUME_CHECK_CONSUMER) timestamp=13070 ms, used_size=15616000 bytes (38.1%)
(RDMA_READ_CONSUME_CHECK_CONSUMER) timestamp=13070 ms, used_size=15613952 bytes (38.1%)
(RDMA_READ_CONSUME_CHECK_CONSUMER) timestamp=13070 ms, used_size=15611904 bytes (38.1%)
(RDMA_READ_CONSUME_CHECK_CONSUMER) timestamp=13070 ms, used_size=15609856 bytes (38.1%)
(RDMA_READ_CONSUME_CHECK_CONSUMER) timestamp=13070 ms, used_size=15607808 bytes (38.1%)
(RDMA_READ_CONSUME_CHECK_CONSUMER) timestamp=13070 ms, used_size=15605760 bytes (38.1%)
(RDMA_READ_CONSUME_CHECK_CONSUMER) timestamp=13070 ms, used_size=15603712 bytes (38.1%)
(RDMA_READ_CONSUME_CHECK_CONSUMER) timestamp=13070 ms, used_size=15601664 bytes (38.1%)
(RDMA_READ_CONSUME_CHECK_CONSUMER) timestamp=13070 ms, used_size=15599616 bytes (38.1%)
(RDMA_READ_CONSUME_CHECK_CONSUMER) timestamp=13070 ms, used_size=15597568 bytes (38.1%)
(RDMA_READ_CONSUME_CHECK_CONSUMER) timestamp=13070 ms, used_size=15595520 bytes (38.1%)
(RDMA_READ_CONSUME_CHECK_CONSUMER) timestamp=13070 ms, used_size=15593472 bytes (38.1%)
(RDMA_READ_CONSUME_CHECK_CONSUMER) timestamp=13070 ms, used_size=15591424 bytes (38.1%)
(RDMA_READ_CONSUME_CHECK_CONSUMER) timestamp=13070 ms, used_size=15589376 bytes (38.1%)
(RDMA_READ_CONSUME_CHECK_CONSUMER) timestamp=13070 ms, used_size=15587328 bytes (38.1%)
(RDMA_READ_CONSUME_CHECK_CONSUMER) timestamp=13070 ms, used_size=15585280 bytes (38.0%)
(RDMA_READ_CONSUME_CHECK_CONSUMER) timestamp=13070 ms, used_size=15583232 bytes (38.0%)
(RDMA_READ_CONSUME_CHECK_CONSUMER) timestamp=13070 ms, used_size=15581184 bytes (38.0%)
(RDMA_READ_CONSUME_CHECK_CONSUMER) timestamp=13070 ms, used_size=15579136 bytes (38.0%)
(RDMA_READ_CONSUME_CHECK_CONSUMER) timestamp=13070 ms, used_size=15577088 bytes (38.0%)
(RDMA_READ_CONSUME_CHECK_CONSUMER) timestamp=13070 ms, used_size=15575040 bytes (38.0%)
(RDMA_READ_CONSUME_CHECK_CONSUMER) timestamp=13070 ms, used_size=15572992 bytes (38.0%)
(RDMA_READ_CONSUME_CHECK_CONSUMER) timestamp=13070 ms, used_size=15570944 bytes (38.0%)
(RDMA_READ_CONSUME_CHECK_CONSUMER) timestamp=13070 ms, used_size=15568896 bytes (38.0%)
(RDMA_READ_CONSUME_CHECK_CONSUMER) timestamp=13070 ms, used_size=15566848 bytes (38.0%)
(RDMA_READ_CONSUME_CHECK_CONSUMER) timestamp=13070 ms, used_size=15564800 bytes (38.0%)
(RDMA_READ_CONSUME_CHECK_CONSUMER) timestamp=13070 ms, used_size=15562752 bytes (38.0%)
(RDMA_READ_CONSUME_CHECK_CONSUMER) timestamp=13070 ms, used_size=15560704 bytes (38.0%)
(RDMA_READ_CONSUME_CHECK_CONSUMER) timestamp=13070 ms, used_size=15558656 bytes (38.0%)
(RDMA_READ_CONSUME_CHECK_CONSUMER) timestamp=13070 ms, used_size=15556608 bytes (38.0%)
(RDMA_READ_CONSUME_CHECK_CONSUMER) timestamp=13070 ms, used_size=15554560 bytes (38.0%)
(RDMA_READ_CONSUME_CHECK_CONSUMER) timestamp=13070 ms, used_size=15552512 bytes (38.0%)
(RDMA_READ_CONSUME_CHECK_CONSUMER) timestamp=13070 ms, used_size=15550464 bytes (38.0%)
(RDMA_READ_CONSUME_CHECK_CONSUMER) timestamp=13070 ms, used_size=15548416 bytes (38.0%)
(RDMA_READ_CONSUME_CHECK_CONSUMER) timestamp=13070 ms, used_size=15546368 bytes (38.0%)
(RDMA_READ_CONSUME_CHECK_CONSUMER) timestamp=13070 ms, used_size=15544320 bytes (38.0%)
(RDMA_READ_CONSUME_CHECK_CONSUMER) timestamp=13070 ms, used_size=15542272 bytes (37.9%)
(RDMA_READ_CONSUME_CHECK_CONSUMER) timestamp=13070 ms, used_size=15540224 bytes (37.9%)
(RDMA_READ_CONSUME_CHECK_CONSUMER) timestamp=13070 ms, used_size=15538176 bytes (37.9%)
(RDMA_READ_CONSUME_CHECK_CONSUMER) timestamp=13070 ms, used_size=15536128 bytes (37.9%)
(RDMA_READ_CONSUME_CHECK_CONSUMER) timestamp=13070 ms, used_size=15534080 bytes (37.9%)
(RDMA_READ_CONSUME_CHECK_CONSUMER) timestamp=13070 ms, used_size=15532032 bytes (37.9%)
(RDMA_READ_CONSUME_CHECK_CONSUMER) timestamp=13070 ms, used_size=15529984 bytes (37.9%)
(RDMA_READ_CONSUME_CHECK_CONSUMER) timestamp=13070 ms, used_size=15527936 bytes (37.9%)
(RDMA_READ_CONSUME_CHECK_CONSUMER) timestamp=13070 ms, used_size=15525888 bytes (37.9%)
(RDMA_READ_CONSUME_CHECK_CONSUMER) timestamp=13070 ms, used_size=15523840 bytes (37.9%)
(RDMA_READ_CONSUME_CHECK_CONSUMER) timestamp=13070 ms, used_size=15521792 bytes (37.9%)
(RDMA_READ_CONSUME_CHECK_CONSUMER) timestamp=13071 ms, used_size=15519744 bytes (37.9%)
(RDMA_READ_CONSUME_CHECK_CONSUMER) timestamp=13071 ms, used_size=15517696 bytes (37.9%)
(RDMA_READ_CONSUME_CHECK_CONSUMER) timestamp=13071 ms, used_size=15515648 bytes (37.9%)
(RDMA_READ_CONSUME_CHECK_CONSUMER) timestamp=13071 ms, used_size=15513600 bytes (37.9%)
(RDMA_READ_CONSUME_CHECK_CONSUMER) timestamp=13071 ms, used_size=15511552 bytes (37.9%)
(RDMA_READ_CONSUME_CHECK_CONSUMER) timestamp=13071 ms, used_size=15509504 bytes (37.9%)
(RDMA_READ_CONSUME_CHECK_CONSUMER) timestamp=13071 ms, used_size=15507456 bytes (37.9%)
(RDMA_READ_CONSUME_CHECK_CONSUMER) timestamp=13071 ms, used_size=15505408 bytes (37.9%)
(RDMA_READ_CONSUME_CHECK_CONSUMER) timestamp=13071 ms, used_size=15503360 bytes (37.9%)
(RDMA_READ_CONSUME_CHECK_CONSUMER) timestamp=13071 ms, used_size=15501312 bytes (37.8%)
(RDMA_READ_CONSUME_CHECK_CONSUMER) timestamp=13071 ms, used_size=15499264 bytes (37.8%)
(RDMA_READ_CONSUME_CHECK_CONSUMER) timestamp=13071 ms, used_size=15497216 bytes (37.8%)
(RDMA_READ_CONSUME_CHECK_CONSUMER) timestamp=13071 ms, used_size=15495168 bytes (37.8%)
(RDMA_READ_CONSUME_CHECK_CONSUMER) timestamp=13071 ms, used_size=15493120 bytes (37.8%)
(RDMA_READ_CONSUME_CHECK_CONSUMER) timestamp=13071 ms, used_size=15491072 bytes (37.8%)
(RDMA_READ_CONSUME_CHECK_CONSUMER) timestamp=13071 ms, used_size=15489024 bytes (37.8%)
(RDMA_READ_CONSUME_CHECK_CONSUMER) timestamp=13071 ms, used_size=15486976 bytes (37.8%)
(RDMA_READ_CONSUME_CHECK_CONSUMER) timestamp=13071 ms, used_size=15484928 bytes (37.8%)
(RDMA_READ_CONSUME_CHECK_CONSUMER) timestamp=13071 ms, used_size=15482880 bytes (37.8%)
(RDMA_READ_CONSUME_CHECK_CONSUMER) timestamp=13071 ms, used_size=15480832 bytes (37.8%)
(RDMA_READ_CONSUME_CHECK_CONSUMER) timestamp=13071 ms, used_size=15478784 bytes (37.8%)
(RDMA_READ_CONSUME_CHECK_CONSUMER) timestamp=13071 ms, used_size=15476736 bytes (37.8%)
(RDMA_READ_CONSUME_CHECK_CONSUMER) timestamp=13071 ms, used_size=15474688 bytes (37.8%)
(RDMA_READ_CONSUME_CHECK_CONSUMER) timestamp=13071 ms, used_size=15472640 bytes (37.8%)
(RDMA_READ_CONSUME_CHECK_CONSUMER) timestamp=13071 ms, used_size=15470592 bytes (37.8%)
(RDMA_READ_CONSUME_CHECK_CONSUMER) timestamp=13071 ms, used_size=15468544 bytes (37.8%)
(RDMA_READ_CONSUME_CHECK_CONSUMER) timestamp=13071 ms, used_size=15466496 bytes (37.8%)
(RDMA_READ_CONSUME_CHECK_CONSUMER) timestamp=13071 ms, used_size=15464448 bytes (37.8%)
(RDMA_READ_CONSUME_CHECK_CONSUMER) timestamp=13071 ms, used_size=15462400 bytes (37.8%)
(RDMA_READ_CONSUME_CHECK_CONSUMER) timestamp=13071 ms, used_size=15460352 bytes (37.7%)
(RDMA_READ_CONSUME_CHECK_CONSUMER) timestamp=13071 ms, used_size=15458304 bytes (37.7%)
(RDMA_READ_CONSUME_CHECK_CONSUMER) timestamp=13071 ms, used_size=15456256 bytes (37.7%)
(RDMA_READ_CONSUME_CHECK_CONSUMER) timestamp=13071 ms, used_size=15454208 bytes (37.7%)
(RDMA_READ_CONSUME_CHECK_CONSUMER) timestamp=13071 ms, used_size=15452160 bytes (37.7%)
(RDMA_READ_CONSUME_CHECK_CONSUMER) timestamp=13071 ms, used_size=15450112 bytes (37.7%)
(RDMA_READ_CONSUME_CHECK_CONSUMER) timestamp=13071 ms, used_size=15448064 bytes (37.7%)
(RDMA_READ_CONSUME_CHECK_CONSUMER) timestamp=13071 ms, used_size=15446016 bytes (37.7%)
(RDMA_READ_CONSUME_CHECK_CONSUMER) timestamp=13071 ms, used_size=15443968 bytes (37.7%)
(RDMA_READ_CONSUME_CHECK_CONSUMER) timestamp=13071 ms, used_size=15441920 bytes (37.7%)
(RDMA_READ_CONSUME_CHECK_CONSUMER) timestamp=13071 ms, used_size=15439872 bytes (37.7%)
(RDMA_READ_CONSUME_CHECK_CONSUMER) timestamp=13071 ms, used_size=15437824 bytes (37.7%)
(RDMA_READ_CONSUME_CHECK_CONSUMER) timestamp=13071 ms, used_size=15435776 bytes (37.7%)
(RDMA_READ_CONSUME_CHECK_CONSUMER) timestamp=13071 ms, used_size=15433728 bytes (37.7%)
(RDMA_READ_CONSUME_CHECK_CONSUMER) timestamp=13071 ms, used_size=15431680 bytes (37.7%)
(RDMA_READ_CONSUME_CHECK_CONSUMER) timestamp=13071 ms, used_size=15429632 bytes (37.7%)
(RDMA_READ_CONSUME_CHECK_CONSUMER) timestamp=13071 ms, used_size=15427584 bytes (37.7%)
(RDMA_READ_CONSUME_CHECK_CONSUMER) timestamp=13071 ms, used_size=15425536 bytes (37.7%)
(RDMA_READ_CONSUME_CHECK_CONSUMER) timestamp=13071 ms, used_size=15423488 bytes (37.7%)
(RDMA_READ_CONSUME_CHECK_CONSUMER) timestamp=13071 ms, used_size=15421440 bytes (37.6%)
(RDMA_READ_CONSUME_CHECK_CONSUMER) timestamp=13071 ms, used_size=15419392 bytes (37.6%)
(RDMA_READ_CONSUME_CHECK_CONSUMER) timestamp=13071 ms, used_size=15417344 bytes (37.6%)
(RDMA_READ_CONSUME_CHECK_CONSUMER) timestamp=13071 ms, used_size=15415296 bytes (37.6%)
(RDMA_READ_CONSUME_CHECK_CONSUMER) timestamp=13071 ms, used_size=15413248 bytes (37.6%)
(RDMA_READ_CONSUME_CHECK_CONSUMER) timestamp=13071 ms, used_size=15411200 bytes (37.6%)
(RDMA_READ_CONSUME_CHECK_CONSUMER) timestamp=13071 ms, used_size=15409152 bytes (37.6%)
(RDMA_READ_CONSUME_CHECK_CONSUMER) timestamp=13071 ms, used_size=15407104 bytes (37.6%)
(RDMA_READ_CONSUME_CHECK_CONSUMER) timestamp=13071 ms, used_size=15405056 bytes (37.6%)
(RDMA_READ_CONSUME_CHECK_CONSUMER) timestamp=13071 ms, used_size=15403008 bytes (37.6%)
(RDMA_READ_CONSUME_CHECK_CONSUMER) timestamp=13071 ms, used_size=15400960 bytes (37.6%)
(RDMA_READ_CONSUME_CHECK_CONSUMER) timestamp=13071 ms, used_size=15398912 bytes (37.6%)
(RDMA_READ_CONSUME_CHECK_CONSUMER) timestamp=13071 ms, used_size=15396864 bytes (37.6%)
(RDMA_READ_CONSUME_CHECK_CONSUMER) timestamp=13071 ms, used_size=15394816 bytes (37.6%)
(RDMA_READ_CONSUME_CHECK_CONSUMER) timestamp=13071 ms, used_size=15392768 bytes (37.6%)
(RDMA_READ_CONSUME_CHECK_CONSUMER) timestamp=13071 ms, used_size=15390720 bytes (37.6%)
(RDMA_READ_CONSUME_CHECK_CONSUMER) timestamp=13071 ms, used_size=15388672 bytes (37.6%)
(RDMA_READ_CONSUME_CHECK_CONSUMER) timestamp=13071 ms, used_size=15386624 bytes (37.6%)
(RDMA_READ_CONSUME_CHECK_CONSUMER) timestamp=13071 ms, used_size=15384576 bytes (37.6%)
(RDMA_READ_CONSUME_CHECK_CONSUMER) timestamp=13071 ms, used_size=15382528 bytes (37.6%)
(RDMA_READ_CONSUME_CHECK_CONSUMER) timestamp=13071 ms, used_size=15380480 bytes (37.5%)
(RDMA_READ_CONSUME_CHECK_CONSUMER) timestamp=13071 ms, used_size=15378432 bytes (37.5%)
(RDMA_READ_CONSUME_CHECK_CONSUMER) timestamp=13071 ms, used_size=15376384 bytes (37.5%)
(RDMA_READ_CONSUME_CHECK_CONSUMER) timestamp=13071 ms, used_size=15374336 bytes (37.5%)
(RDMA_READ_CONSUME_CHECK_CONSUMER) timestamp=13071 ms, used_size=15372288 bytes (37.5%)
(RDMA_READ_CONSUME_CHECK_CONSUMER) timestamp=13071 ms, used_size=15370240 bytes (37.5%)
(RDMA_READ_CONSUME_CHECK_CONSUMER) timestamp=13071 ms, used_size=15368192 bytes (37.5%)
(RDMA_READ_CONSUME_CHECK_CONSUMER) timestamp=13071 ms, used_size=15366144 bytes (37.5%)
(RDMA_READ_CONSUME_CHECK_CONSUMER) timestamp=13071 ms, used_size=15364096 bytes (37.5%)
(RDMA_READ_CONSUME_CHECK_CONSUMER) timestamp=13071 ms, used_size=15362048 bytes (37.5%)
(RDMA_READ_CONSUME_CHECK_CONSUMER) timestamp=13071 ms, used_size=15360000 bytes (37.5%)
(RDMA_READ_CONSUME_CHECK_CONSUMER) timestamp=13071 ms, used_size=15357952 bytes (37.5%)
(RDMA_READ_CONSUME_CHECK_CONSUMER) timestamp=13071 ms, used_size=15355904 bytes (37.5%)
(RDMA_READ_CONSUME_CHECK_CONSUMER) timestamp=13071 ms, used_size=15353856 bytes (37.5%)
(RDMA_READ_CONSUME_CHECK_CONSUMER) timestamp=13071 ms, used_size=15351808 bytes (37.5%)
(RDMA_READ_CONSUME_CHECK_CONSUMER) timestamp=13071 ms, used_size=15349760 bytes (37.5%)
(RDMA_READ_CONSUME_CHECK_CONSUMER) timestamp=13071 ms, used_size=15347712 bytes (37.5%)
(RDMA_READ_CONSUME_CHECK_CONSUMER) timestamp=13071 ms, used_size=15345664 bytes (37.5%)
(RDMA_READ_CONSUME_CHECK_CONSUMER) timestamp=13071 ms, used_size=15343616 bytes (37.5%)
(RDMA_READ_CONSUME_CHECK_CONSUMER) timestamp=13071 ms, used_size=15341568 bytes (37.5%)
(RDMA_READ_CONSUME_CHECK_CONSUMER) timestamp=13071 ms, used_size=15339520 bytes (37.5%)
(RDMA_READ_CONSUME_CHECK_CONSUMER) timestamp=13071 ms, used_size=15337472 bytes (37.4%)
(RDMA_READ_CONSUME_CHECK_CONSUMER) timestamp=13071 ms, used_size=15335424 bytes (37.4%)
(RDMA_READ_CONSUME_CHECK_CONSUMER) timestamp=13071 ms, used_size=15333376 bytes (37.4%)
(RDMA_READ_CONSUME_CHECK_CONSUMER) timestamp=13071 ms, used_size=15331328 bytes (37.4%)
(RDMA_READ_CONSUME_CHECK_CONSUMER) timestamp=13071 ms, used_size=15329280 bytes (37.4%)
(RDMA_READ_CONSUME_CHECK_CONSUMER) timestamp=13071 ms, used_size=15327232 bytes (37.4%)
(RDMA_READ_CONSUME_CHECK_CONSUMER) timestamp=13071 ms, used_size=15325184 bytes (37.4%)
(RDMA_READ_CONSUME_CHECK_CONSUMER) timestamp=13071 ms, used_size=15323136 bytes (37.4%)
(RDMA_READ_CONSUME_CHECK_CONSUMER) timestamp=13071 ms, used_size=15321088 bytes (37.4%)
(RDMA_READ_CONSUME_CHECK_CONSUMER) timestamp=13071 ms, used_size=15319040 bytes (37.4%)
(RDMA_READ_CONSUME_CHECK_CONSUMER) timestamp=13071 ms, used_size=15316992 bytes (37.4%)
(RDMA_READ_CONSUME_CHECK_CONSUMER) timestamp=13071 ms, used_size=15314944 bytes (37.4%)
(RDMA_READ_CONSUME_CHECK_CONSUMER) timestamp=13071 ms, used_size=15312896 bytes (37.4%)
(RDMA_READ_CONSUME_CHECK_CONSUMER) timestamp=13071 ms, used_size=15310848 bytes (37.4%)
(RDMA_READ_CONSUME_CHECK_CONSUMER) timestamp=13071 ms, used_size=15308800 bytes (37.4%)
(RDMA_READ_CONSUME_CHECK_CONSUMER) timestamp=13071 ms, used_size=15306752 bytes (37.4%)
(RDMA_READ_CONSUME_CHECK_CONSUMER) timestamp=13071 ms, used_size=15304704 bytes (37.4%)
(RDMA_READ_CONSUME_CHECK_CONSUMER) timestamp=13071 ms, used_size=15302656 bytes (37.4%)
(RDMA_READ_CONSUME_CHECK_CONSUMER) timestamp=13071 ms, used_size=15300608 bytes (37.4%)
(RDMA_READ_CONSUME_CHECK_CONSUMER) timestamp=13071 ms, used_size=15298560 bytes (37.4%)
(RDMA_READ_CONSUME_CHECK_CONSUMER) timestamp=13071 ms, used_size=15296512 bytes (37.3%)
(RDMA_READ_CONSUME_CHECK_CONSUMER) timestamp=13071 ms, used_size=15294464 bytes (37.3%)
(RDMA_READ_CONSUME_CHECK_CONSUMER) timestamp=13071 ms, used_size=15292416 bytes (37.3%)
(RDMA_READ_CONSUME_CHECK_CONSUMER) timestamp=13071 ms, used_size=15290368 bytes (37.3%)
(RDMA_READ_CONSUME_CHECK_CONSUMER) timestamp=13071 ms, used_size=15288320 bytes (37.3%)
(RDMA_READ_CONSUME_CHECK_CONSUMER) timestamp=13071 ms, used_size=15286272 bytes (37.3%)
(RDMA_READ_CONSUME_CHECK_CONSUMER) timestamp=13071 ms, used_size=15284224 bytes (37.3%)
(RDMA_READ_CONSUME_CHECK_CONSUMER) timestamp=13071 ms, used_size=15282176 bytes (37.3%)
(RDMA_READ_CONSUME_CHECK_CONSUMER) timestamp=13071 ms, used_size=15280128 bytes (37.3%)
(RDMA_READ_CONSUME_CHECK_CONSUMER) timestamp=13071 ms, used_size=15278080 bytes (37.3%)
(RDMA_READ_CONSUME_CHECK_CONSUMER) timestamp=13071 ms, used_size=15276032 bytes (37.3%)
(RDMA_READ_CONSUME_CHECK_CONSUMER) timestamp=13071 ms, used_size=15273984 bytes (37.3%)
(RDMA_READ_CONSUME_CHECK_CONSUMER) timestamp=13071 ms, used_size=15271936 bytes (37.3%)
(RDMA_READ_CONSUME_CHECK_CONSUMER) timestamp=13071 ms, used_size=15269888 bytes (37.3%)
(RDMA_READ_CONSUME_CHECK_CONSUMER) timestamp=13071 ms, used_size=15267840 bytes (37.3%)
(RDMA_READ_CONSUME_CHECK_CONSUMER) timestamp=13071 ms, used_size=15265792 bytes (37.3%)
(RDMA_READ_CONSUME_CHECK_CONSUMER) timestamp=13071 ms, used_size=15263744 bytes (37.3%)
(RDMA_READ_CONSUME_CHECK_CONSUMER) timestamp=13071 ms, used_size=15261696 bytes (37.3%)
(RDMA_READ_CONSUME_CHECK_CONSUMER) timestamp=13071 ms, used_size=15259648 bytes (37.3%)
(RDMA_READ_CONSUME_CHECK_CONSUMER) timestamp=13071 ms, used_size=15257600 bytes (37.2%)
(RDMA_READ_CONSUME_CHECK_CONSUMER) timestamp=13071 ms, used_size=15255552 bytes (37.2%)
(RDMA_READ_CONSUME_CHECK_CONSUMER) timestamp=13071 ms, used_size=15253504 bytes (37.2%)
(RDMA_READ_CONSUME_CHECK_CONSUMER) timestamp=13071 ms, used_size=15251456 bytes (37.2%)
(RDMA_READ_CONSUME_CHECK_CONSUMER) timestamp=13071 ms, used_size=15249408 bytes (37.2%)
(RDMA_READ_CONSUME_CHECK_CONSUMER) timestamp=13071 ms, used_size=15247360 bytes (37.2%)
(RDMA_READ_CONSUME_CHECK_CONSUMER) timestamp=13071 ms, used_size=15245312 bytes (37.2%)
(RDMA_READ_CONSUME_CHECK_CONSUMER) timestamp=13071 ms, used_size=15243264 bytes (37.2%)
(RDMA_READ_CONSUME_CHECK_CONSUMER) timestamp=13071 ms, used_size=15241216 bytes (37.2%)
(RDMA_READ_CONSUME_CHECK_CONSUMER) timestamp=13071 ms, used_size=15239168 bytes (37.2%)
(RDMA_READ_CONSUME_CHECK_CONSUMER) timestamp=13071 ms, used_size=15237120 bytes (37.2%)
(RDMA_READ_CONSUME_CHECK_CONSUMER) timestamp=13071 ms, used_size=15235072 bytes (37.2%)
(RDMA_READ_CONSUME_CHECK_CONSUMER) timestamp=13071 ms, used_size=15233024 bytes (37.2%)
(RDMA_READ_CONSUME_CHECK_CONSUMER) timestamp=13071 ms, used_size=15230976 bytes (37.2%)
(RDMA_READ_CONSUME_CHECK_CONSUMER) timestamp=13071 ms, used_size=15228928 bytes (37.2%)
(RDMA_READ_CONSUME_CHECK_CONSUMER) timestamp=13071 ms, used_size=15226880 bytes (37.2%)
(RDMA_READ_CONSUME_CHECK_CONSUMER) timestamp=13071 ms, used_size=15224832 bytes (37.2%)
(RDMA_READ_CONSUME_CHECK_CONSUMER) timestamp=13071 ms, used_size=15222784 bytes (37.2%)
(RDMA_READ_CONSUME_CHECK_CONSUMER) timestamp=13071 ms, used_size=15220736 bytes (37.2%)
(RDMA_READ_CONSUME_CHECK_CONSUMER) timestamp=13071 ms, used_size=15218688 bytes (37.2%)
(RDMA_READ_CONSUME_CHECK_CONSUMER) timestamp=13071 ms, used_size=15216640 bytes (37.1%)
(RDMA_READ_CONSUME_CHECK_CONSUMER) timestamp=13071 ms, used_size=15214592 bytes (37.1%)
(RDMA_READ_CONSUME_CHECK_CONSUMER) timestamp=13071 ms, used_size=15212544 bytes (37.1%)
(RDMA_READ_CONSUME_CHECK_CONSUMER) timestamp=13071 ms, used_size=15210496 bytes (37.1%)
(RDMA_READ_CONSUME_CHECK_CONSUMER) timestamp=13071 ms, used_size=15208448 bytes (37.1%)
(RDMA_READ_CONSUME_CHECK_CONSUMER) timestamp=13071 ms, used_size=15206400 bytes (37.1%)
(RDMA_READ_CONSUME_CHECK_CONSUMER) timestamp=13071 ms, used_size=15204352 bytes (37.1%)
(RDMA_READ_CONSUME_CHECK_CONSUMER) timestamp=13071 ms, used_size=15202304 bytes (37.1%)
(RDMA_READ_CONSUME_CHECK_CONSUMER) timestamp=13071 ms, used_size=15200256 bytes (37.1%)
(RDMA_READ_CONSUME_CHECK_CONSUMER) timestamp=13071 ms, used_size=15198208 bytes (37.1%)
(RDMA_READ_CONSUME_CHECK_CONSUMER) timestamp=13071 ms, used_size=15196160 bytes (37.1%)
(RDMA_READ_CONSUME_CHECK_CONSUMER) timestamp=13071 ms, used_size=15194112 bytes (37.1%)
(RDMA_READ_CONSUME_CHECK_CONSUMER) timestamp=13071 ms, used_size=15192064 bytes (37.1%)
(RDMA_READ_CONSUME_CHECK_CONSUMER) timestamp=13071 ms, used_size=15190016 bytes (37.1%)
(RDMA_READ_CONSUME_CHECK_CONSUMER) timestamp=13071 ms, used_size=15187968 bytes (37.1%)
(RDMA_READ_CONSUME_CHECK_CONSUMER) timestamp=13071 ms, used_size=15185920 bytes (37.1%)
(RDMA_READ_CONSUME_CHECK_CONSUMER) timestamp=13071 ms, used_size=15183872 bytes (37.1%)
(RDMA_READ_CONSUME_CHECK_CONSUMER) timestamp=13071 ms, used_size=15181824 bytes (37.1%)
(RDMA_READ_CONSUME_CHECK_CONSUMER) timestamp=13071 ms, used_size=15179776 bytes (37.1%)
(RDMA_READ_CONSUME_CHECK_CONSUMER) timestamp=13071 ms, used_size=15177728 bytes (37.1%)
(RDMA_READ_CONSUME_CHECK_CONSUMER) timestamp=13071 ms, used_size=15175680 bytes (37.0%)
(RDMA_READ_CONSUME_CHECK_CONSUMER) timestamp=13072 ms, used_size=15173632 bytes (37.0%)
(RDMA_READ_CONSUME_CHECK_CONSUMER) timestamp=13072 ms, used_size=15171584 bytes (37.0%)
(RDMA_READ_CONSUME_CHECK_CONSUMER) timestamp=13072 ms, used_size=15169536 bytes (37.0%)
(RDMA_READ_CONSUME_CHECK_CONSUMER) timestamp=13072 ms, used_size=15167488 bytes (37.0%)
(RDMA_READ_CONSUME_CHECK_CONSUMER) timestamp=13072 ms, used_size=15165440 bytes (37.0%)
(RDMA_READ_CONSUME_CHECK_CONSUMER) timestamp=13072 ms, used_size=15163392 bytes (37.0%)
(RDMA_READ_CONSUME_CHECK_CONSUMER) timestamp=13072 ms, used_size=15161344 bytes (37.0%)
(RDMA_READ_CONSUME_CHECK_CONSUMER) timestamp=13072 ms, used_size=15159296 bytes (37.0%)
(RDMA_READ_CONSUME_CHECK_CONSUMER) timestamp=13072 ms, used_size=15157248 bytes (37.0%)
(RDMA_READ_CONSUME_CHECK_CONSUMER) timestamp=13072 ms, used_size=15155200 bytes (37.0%)
(RDMA_READ_CONSUME_CHECK_CONSUMER) timestamp=13072 ms, used_size=15153152 bytes (37.0%)
(RDMA_READ_CONSUME_CHECK_CONSUMER) timestamp=13072 ms, used_size=15151104 bytes (37.0%)
(RDMA_READ_CONSUME_CHECK_CONSUMER) timestamp=13072 ms, used_size=15149056 bytes (37.0%)
(RDMA_READ_CONSUME_CHECK_CONSUMER) timestamp=13072 ms, used_size=15147008 bytes (37.0%)
(RDMA_READ_CONSUME_CHECK_CONSUMER) timestamp=13072 ms, used_size=15144960 bytes (37.0%)
(RDMA_READ_CONSUME_CHECK_CONSUMER) timestamp=13072 ms, used_size=15142912 bytes (37.0%)
(RDMA_READ_CONSUME_CHECK_CONSUMER) timestamp=13072 ms, used_size=15140864 bytes (37.0%)
(RDMA_READ_CONSUME_CHECK_CONSUMER) timestamp=13072 ms, used_size=15138816 bytes (37.0%)
(RDMA_READ_CONSUME_CHECK_CONSUMER) timestamp=13072 ms, used_size=15136768 bytes (37.0%)
(RDMA_READ_CONSUME_CHECK_CONSUMER) timestamp=13072 ms, used_size=15134720 bytes (37.0%)
(RDMA_READ_CONSUME_CHECK_CONSUMER) timestamp=13072 ms, used_size=15132672 bytes (36.9%)
(RDMA_READ_CONSUME_CHECK_CONSUMER) timestamp=13072 ms, used_size=15130624 bytes (36.9%)
(RDMA_READ_CONSUME_CHECK_CONSUMER) timestamp=13072 ms, used_size=15128576 bytes (36.9%)
(RDMA_READ_CONSUME_CHECK_CONSUMER) timestamp=13072 ms, used_size=15126528 bytes (36.9%)
(RDMA_READ_CONSUME_CHECK_CONSUMER) timestamp=13072 ms, used_size=15124480 bytes (36.9%)
(RDMA_READ_CONSUME_CHECK_CONSUMER) timestamp=13072 ms, used_size=15122432 bytes (36.9%)
(RDMA_READ_CONSUME_CHECK_CONSUMER) timestamp=13072 ms, used_size=15120384 bytes (36.9%)
(RDMA_READ_CONSUME_CHECK_CONSUMER) timestamp=13072 ms, used_size=15118336 bytes (36.9%)
(RDMA_READ_CONSUME_CHECK_CONSUMER) timestamp=13072 ms, used_size=15116288 bytes (36.9%)
(RDMA_READ_CONSUME_CHECK_CONSUMER) timestamp=13072 ms, used_size=15114240 bytes (36.9%)
(RDMA_READ_CONSUME_CHECK_CONSUMER) timestamp=13072 ms, used_size=15112192 bytes (36.9%)
(RDMA_READ_CONSUME_CHECK_CONSUMER) timestamp=13072 ms, used_size=15110144 bytes (36.9%)
(RDMA_READ_CONSUME_CHECK_CONSUMER) timestamp=13072 ms, used_size=15108096 bytes (36.9%)
(RDMA_READ_CONSUME_CHECK_CONSUMER) timestamp=13072 ms, used_size=15106048 bytes (36.9%)
(RDMA_READ_CONSUME_CHECK_CONSUMER) timestamp=13072 ms, used_size=15104000 bytes (36.9%)
(RDMA_READ_CONSUME_CHECK_CONSUMER) timestamp=13072 ms, used_size=15101952 bytes (36.9%)
(RDMA_READ_CONSUME_CHECK_CONSUMER) timestamp=13072 ms, used_size=15099904 bytes (36.9%)
(RDMA_READ_CONSUME_CHECK_CONSUMER) timestamp=13072 ms, used_size=15097856 bytes (36.9%)
(RDMA_READ_CONSUME_CHECK_CONSUMER) timestamp=13072 ms, used_size=15095808 bytes (36.9%)
(RDMA_READ_CONSUME_CHECK_CONSUMER) timestamp=13072 ms, used_size=15093760 bytes (36.9%)
(RDMA_READ_CONSUME_CHECK_CONSUMER) timestamp=13072 ms, used_size=15091712 bytes (36.8%)
(RDMA_READ_CONSUME_CHECK_CONSUMER) timestamp=13072 ms, used_size=15089664 bytes (36.8%)
(RDMA_READ_CONSUME_CHECK_CONSUMER) timestamp=13072 ms, used_size=15087616 bytes (36.8%)
(RDMA_READ_CONSUME_CHECK_CONSUMER) timestamp=13072 ms, used_size=15085568 bytes (36.8%)
(RDMA_READ_CONSUME_CHECK_CONSUMER) timestamp=13072 ms, used_size=15083520 bytes (36.8%)
(RDMA_READ_CONSUME_CHECK_CONSUMER) timestamp=13072 ms, used_size=15081472 bytes (36.8%)
(RDMA_READ_CONSUME_CHECK_CONSUMER) timestamp=13072 ms, used_size=15079424 bytes (36.8%)
(RDMA_READ_CONSUME_CHECK_CONSUMER) timestamp=13072 ms, used_size=15077376 bytes (36.8%)
(RDMA_READ_CONSUME_CHECK_CONSUMER) timestamp=13072 ms, used_size=15075328 bytes (36.8%)
(RDMA_READ_CONSUME_CHECK_CONSUMER) timestamp=13072 ms, used_size=15073280 bytes (36.8%)
(RDMA_READ_CONSUME_CHECK_CONSUMER) timestamp=13072 ms, used_size=15071232 bytes (36.8%)
(RDMA_READ_CONSUME_CHECK_CONSUMER) timestamp=13072 ms, used_size=15069184 bytes (36.8%)
(RDMA_READ_CONSUME_CHECK_CONSUMER) timestamp=13072 ms, used_size=15067136 bytes (36.8%)
(RDMA_READ_CONSUME_CHECK_CONSUMER) timestamp=13072 ms, used_size=15065088 bytes (36.8%)
(RDMA_READ_CONSUME_CHECK_CONSUMER) timestamp=13072 ms, used_size=15063040 bytes (36.8%)
(RDMA_READ_CONSUME_CHECK_CONSUMER) timestamp=13072 ms, used_size=15060992 bytes (36.8%)
(RDMA_READ_CONSUME_CHECK_CONSUMER) timestamp=13072 ms, used_size=15058944 bytes (36.8%)
(RDMA_READ_CONSUME_CHECK_CONSUMER) timestamp=13072 ms, used_size=15056896 bytes (36.8%)
(RDMA_READ_CONSUME_CHECK_CONSUMER) timestamp=13072 ms, used_size=15054848 bytes (36.8%)
(RDMA_READ_CONSUME_CHECK_CONSUMER) timestamp=13072 ms, used_size=15052800 bytes (36.8%)
(RDMA_READ_CONSUME_CHECK_CONSUMER) timestamp=13072 ms, used_size=15050752 bytes (36.7%)
(RDMA_READ_CONSUME_CHECK_CONSUMER) timestamp=13072 ms, used_size=15048704 bytes (36.7%)
(RDMA_READ_CONSUME_CHECK_CONSUMER) timestamp=13072 ms, used_size=15046656 bytes (36.7%)
(RDMA_READ_CONSUME_CHECK_CONSUMER) timestamp=13072 ms, used_size=15044608 bytes (36.7%)
(RDMA_READ_CONSUME_CHECK_CONSUMER) timestamp=13072 ms, used_size=15042560 bytes (36.7%)
(RDMA_READ_CONSUME_CHECK_CONSUMER) timestamp=13072 ms, used_size=15040512 bytes (36.7%)
(RDMA_READ_CONSUME_CHECK_CONSUMER) timestamp=13072 ms, used_size=15038464 bytes (36.7%)
(RDMA_READ_CONSUME_CHECK_CONSUMER) timestamp=13072 ms, used_size=15036416 bytes (36.7%)
(RDMA_READ_CONSUME_CHECK_CONSUMER) timestamp=13072 ms, used_size=15034368 bytes (36.7%)
(RDMA_READ_CONSUME_CHECK_CONSUMER) timestamp=13072 ms, used_size=15032320 bytes (36.7%)
(RDMA_READ_CONSUME_CHECK_CONSUMER) timestamp=13072 ms, used_size=15030272 bytes (36.7%)
(RDMA_READ_CONSUME_CHECK_CONSUMER) timestamp=13072 ms, used_size=15028224 bytes (36.7%)
(RDMA_READ_CONSUME_CHECK_CONSUMER) timestamp=13072 ms, used_size=15026176 bytes (36.7%)
(RDMA_READ_CONSUME_CHECK_CONSUMER) timestamp=13072 ms, used_size=15024128 bytes (36.7%)
(RDMA_READ_CONSUME_CHECK_CONSUMER) timestamp=13072 ms, used_size=15022080 bytes (36.7%)
(RDMA_READ_CONSUME_CHECK_CONSUMER) timestamp=13072 ms, used_size=15020032 bytes (36.7%)
(RDMA_READ_CONSUME_CHECK_CONSUMER) timestamp=13072 ms, used_size=15017984 bytes (36.7%)
(RDMA_READ_CONSUME_CHECK_CONSUMER) timestamp=13072 ms, used_size=15015936 bytes (36.7%)
(RDMA_READ_CONSUME_CHECK_CONSUMER) timestamp=13072 ms, used_size=15013888 bytes (36.7%)
(RDMA_READ_CONSUME_CHECK_CONSUMER) timestamp=13072 ms, used_size=15011840 bytes (36.6%)
(RDMA_READ_CONSUME_CHECK_CONSUMER) timestamp=13072 ms, used_size=15009792 bytes (36.6%)
(RDMA_READ_CONSUME_CHECK_CONSUMER) timestamp=13072 ms, used_size=15007744 bytes (36.6%)
(RDMA_READ_CONSUME_CHECK_CONSUMER) timestamp=13072 ms, used_size=15005696 bytes (36.6%)
(RDMA_READ_CONSUME_CHECK_CONSUMER) timestamp=13072 ms, used_size=15003648 bytes (36.6%)
(RDMA_READ_CONSUME_CHECK_CONSUMER) timestamp=13072 ms, used_size=15001600 bytes (36.6%)
(RDMA_READ_CONSUME_CHECK_CONSUMER) timestamp=13072 ms, used_size=14999552 bytes (36.6%)
(RDMA_READ_CONSUME_CHECK_CONSUMER) timestamp=13072 ms, used_size=14997504 bytes (36.6%)
(RDMA_READ_CONSUME_CHECK_CONSUMER) timestamp=13072 ms, used_size=14995456 bytes (36.6%)
(RDMA_READ_CONSUME_CHECK_CONSUMER) timestamp=13072 ms, used_size=14993408 bytes (36.6%)
(RDMA_READ_CONSUME_CHECK_CONSUMER) timestamp=13072 ms, used_size=14991360 bytes (36.6%)
(RDMA_READ_CONSUME_CHECK_CONSUMER) timestamp=13072 ms, used_size=14989312 bytes (36.6%)
(RDMA_READ_CONSUME_CHECK_CONSUMER) timestamp=13072 ms, used_size=14987264 bytes (36.6%)
(RDMA_READ_CONSUME_CHECK_CONSUMER) timestamp=13072 ms, used_size=14985216 bytes (36.6%)
(RDMA_READ_CONSUME_CHECK_CONSUMER) timestamp=13072 ms, used_size=14983168 bytes (36.6%)
(RDMA_READ_CONSUME_CHECK_CONSUMER) timestamp=13072 ms, used_size=14981120 bytes (36.6%)
(RDMA_READ_CONSUME_CHECK_CONSUMER) timestamp=13072 ms, used_size=14979072 bytes (36.6%)
(RDMA_READ_CONSUME_CHECK_CONSUMER) timestamp=13072 ms, used_size=14977024 bytes (36.6%)
(RDMA_READ_CONSUME_CHECK_CONSUMER) timestamp=13072 ms, used_size=14974976 bytes (36.6%)
(RDMA_READ_CONSUME_CHECK_CONSUMER) timestamp=13072 ms, used_size=14972928 bytes (36.6%)
(RDMA_READ_CONSUME_CHECK_CONSUMER) timestamp=13072 ms, used_size=14970880 bytes (36.5%)
(RDMA_READ_CONSUME_CHECK_CONSUMER) timestamp=13072 ms, used_size=14968832 bytes (36.5%)
(RDMA_READ_CONSUME_CHECK_CONSUMER) timestamp=13072 ms, used_size=14966784 bytes (36.5%)
(RDMA_READ_CONSUME_CHECK_CONSUMER) timestamp=13072 ms, used_size=14964736 bytes (36.5%)
(RDMA_READ_CONSUME_CHECK_CONSUMER) timestamp=13072 ms, used_size=14962688 bytes (36.5%)
(RDMA_READ_CONSUME_CHECK_CONSUMER) timestamp=13072 ms, used_size=14960640 bytes (36.5%)
(RDMA_READ_CONSUME_CHECK_CONSUMER) timestamp=13072 ms, used_size=14958592 bytes (36.5%)
(RDMA_READ_CONSUME_CHECK_CONSUMER) timestamp=13072 ms, used_size=14956544 bytes (36.5%)
(RDMA_READ_CONSUME_CHECK_CONSUMER) timestamp=13072 ms, used_size=14954496 bytes (36.5%)
(RDMA_READ_CONSUME_CHECK_CONSUMER) timestamp=13072 ms, used_size=14952448 bytes (36.5%)
(RDMA_READ_CONSUME_CHECK_CONSUMER) timestamp=13072 ms, used_size=14950400 bytes (36.5%)
(RDMA_READ_CONSUME_CHECK_CONSUMER) timestamp=13072 ms, used_size=14948352 bytes (36.5%)
(RDMA_READ_CONSUME_CHECK_CONSUMER) timestamp=13072 ms, used_size=14946304 bytes (36.5%)
(RDMA_READ_CONSUME_CHECK_CONSUMER) timestamp=13072 ms, used_size=14944256 bytes (36.5%)
(RDMA_READ_CONSUME_CHECK_CONSUMER) timestamp=13072 ms, used_size=14942208 bytes (36.5%)
(RDMA_READ_CONSUME_CHECK_CONSUMER) timestamp=13072 ms, used_size=14940160 bytes (36.5%)
(RDMA_READ_CONSUME_CHECK_CONSUMER) timestamp=13072 ms, used_size=14938112 bytes (36.5%)
(RDMA_READ_CONSUME_CHECK_CONSUMER) timestamp=13072 ms, used_size=14936064 bytes (36.5%)
(RDMA_READ_CONSUME_CHECK_CONSUMER) timestamp=13072 ms, used_size=14934016 bytes (36.5%)
(RDMA_READ_CONSUME_CHECK_CONSUMER) timestamp=13072 ms, used_size=14931968 bytes (36.5%)
(RDMA_READ_CONSUME_CHECK_CONSUMER) timestamp=13072 ms, used_size=14929920 bytes (36.5%)
(RDMA_READ_CONSUME_CHECK_CONSUMER) timestamp=13072 ms, used_size=14927872 bytes (36.4%)
(RDMA_READ_CONSUME_CHECK_CONSUMER) timestamp=13072 ms, used_size=14925824 bytes (36.4%)
(RDMA_READ_CONSUME_CHECK_CONSUMER) timestamp=13072 ms, used_size=14923776 bytes (36.4%)
(RDMA_READ_CONSUME_CHECK_CONSUMER) timestamp=13072 ms, used_size=14921728 bytes (36.4%)
(RDMA_READ_CONSUME_CHECK_CONSUMER) timestamp=13072 ms, used_size=14919680 bytes (36.4%)
(RDMA_READ_CONSUME_CHECK_CONSUMER) timestamp=13072 ms, used_size=14917632 bytes (36.4%)
(RDMA_READ_CONSUME_CHECK_CONSUMER) timestamp=13072 ms, used_size=14915584 bytes (36.4%)
(RDMA_READ_CONSUME_CHECK_CONSUMER) timestamp=13072 ms, used_size=14913536 bytes (36.4%)
(RDMA_READ_CONSUME_CHECK_CONSUMER) timestamp=13072 ms, used_size=14911488 bytes (36.4%)
(RDMA_READ_CONSUME_CHECK_CONSUMER) timestamp=13072 ms, used_size=14909440 bytes (36.4%)
(RDMA_READ_CONSUME_CHECK_CONSUMER) timestamp=13072 ms, used_size=14907392 bytes (36.4%)
(RDMA_READ_CONSUME_CHECK_CONSUMER) timestamp=13072 ms, used_size=14905344 bytes (36.4%)
(RDMA_READ_CONSUME_CHECK_CONSUMER) timestamp=13072 ms, used_size=14903296 bytes (36.4%)
(RDMA_READ_CONSUME_CHECK_CONSUMER) timestamp=13072 ms, used_size=14901248 bytes (36.4%)
(RDMA_READ_CONSUME_CHECK_CONSUMER) timestamp=13072 ms, used_size=14899200 bytes (36.4%)
(RDMA_READ_CONSUME_CHECK_CONSUMER) timestamp=13072 ms, used_size=14897152 bytes (36.4%)
(RDMA_READ_CONSUME_CHECK_CONSUMER) timestamp=13072 ms, used_size=14895104 bytes (36.4%)
(RDMA_READ_CONSUME_CHECK_CONSUMER) timestamp=13072 ms, used_size=14893056 bytes (36.4%)
(RDMA_READ_CONSUME_CHECK_CONSUMER) timestamp=13072 ms, used_size=14891008 bytes (36.4%)
(RDMA_READ_CONSUME_CHECK_CONSUMER) timestamp=13072 ms, used_size=14888960 bytes (36.4%)
(RDMA_READ_CONSUME_CHECK_CONSUMER) timestamp=13072 ms, used_size=14886912 bytes (36.3%)
(RDMA_READ_CONSUME_CHECK_CONSUMER) timestamp=13072 ms, used_size=14884864 bytes (36.3%)
(RDMA_READ_CONSUME_CHECK_CONSUMER) timestamp=13072 ms, used_size=14882816 bytes (36.3%)
(RDMA_READ_CONSUME_CHECK_CONSUMER) timestamp=13072 ms, used_size=14880768 bytes (36.3%)
(RDMA_READ_CONSUME_CHECK_CONSUMER) timestamp=13072 ms, used_size=14878720 bytes (36.3%)
(RDMA_READ_CONSUME_CHECK_CONSUMER) timestamp=13072 ms, used_size=14876672 bytes (36.3%)
(RDMA_READ_CONSUME_CHECK_CONSUMER) timestamp=13072 ms, used_size=14874624 bytes (36.3%)
(RDMA_READ_CONSUME_CHECK_CONSUMER) timestamp=13072 ms, used_size=14872576 bytes (36.3%)
(RDMA_READ_CONSUME_CHECK_CONSUMER) timestamp=13072 ms, used_size=14870528 bytes (36.3%)
(RDMA_READ_CONSUME_CHECK_CONSUMER) timestamp=13072 ms, used_size=14868480 bytes (36.3%)
(RDMA_READ_CONSUME_CHECK_CONSUMER) timestamp=13072 ms, used_size=14866432 bytes (36.3%)
(RDMA_READ_CONSUME_CHECK_CONSUMER) timestamp=13072 ms, used_size=14864384 bytes (36.3%)
(RDMA_READ_CONSUME_CHECK_CONSUMER) timestamp=13072 ms, used_size=14862336 bytes (36.3%)
(RDMA_READ_CONSUME_CHECK_CONSUMER) timestamp=13072 ms, used_size=14860288 bytes (36.3%)
(RDMA_READ_CONSUME_CHECK_CONSUMER) timestamp=13072 ms, used_size=14858240 bytes (36.3%)
(RDMA_READ_CONSUME_CHECK_CONSUMER) timestamp=13072 ms, used_size=14856192 bytes (36.3%)
(RDMA_READ_CONSUME_CHECK_CONSUMER) timestamp=13072 ms, used_size=14854144 bytes (36.3%)
(RDMA_READ_CONSUME_CHECK_CONSUMER) timestamp=13072 ms, used_size=14852096 bytes (36.3%)
(RDMA_READ_CONSUME_CHECK_CONSUMER) timestamp=13072 ms, used_size=14850048 bytes (36.3%)
(RDMA_READ_CONSUME_CHECK_CONSUMER) timestamp=13072 ms, used_size=14848000 bytes (36.2%)
(RDMA_READ_CONSUME_CHECK_CONSUMER) timestamp=13072 ms, used_size=14845952 bytes (36.2%)
(RDMA_READ_CONSUME_CHECK_CONSUMER) timestamp=13072 ms, used_size=14843904 bytes (36.2%)
(RDMA_READ_CONSUME_CHECK_CONSUMER) timestamp=13072 ms, used_size=14841856 bytes (36.2%)
(RDMA_READ_CONSUME_CHECK_CONSUMER) timestamp=13072 ms, used_size=14839808 bytes (36.2%)
(RDMA_READ_CONSUME_CHECK_CONSUMER) timestamp=13072 ms, used_size=14837760 bytes (36.2%)
(RDMA_READ_CONSUME_CHECK_CONSUMER) timestamp=13072 ms, used_size=14835712 bytes (36.2%)
(RDMA_READ_CONSUME_CHECK_CONSUMER) timestamp=13072 ms, used_size=14833664 bytes (36.2%)
(RDMA_READ_CONSUME_CHECK_CONSUMER) timestamp=13072 ms, used_size=14831616 bytes (36.2%)
(RDMA_READ_CONSUME_CHECK_CONSUMER) timestamp=13072 ms, used_size=14829568 bytes (36.2%)
(RDMA_READ_CONSUME_CHECK_CONSUMER) timestamp=13072 ms, used_size=14827520 bytes (36.2%)
(RDMA_READ_CONSUME_CHECK_CONSUMER) timestamp=13072 ms, used_size=14825472 bytes (36.2%)
(RDMA_READ_CONSUME_CHECK_CONSUMER) timestamp=13072 ms, used_size=14823424 bytes (36.2%)
(RDMA_READ_CONSUME_CHECK_CONSUMER) timestamp=13073 ms, used_size=14821376 bytes (36.2%)
(RDMA_READ_CONSUME_CHECK_CONSUMER) timestamp=13073 ms, used_size=14819328 bytes (36.2%)
(RDMA_READ_CONSUME_CHECK_CONSUMER) timestamp=13073 ms, used_size=14817280 bytes (36.2%)
(RDMA_READ_CONSUME_CHECK_CONSUMER) timestamp=13073 ms, used_size=14815232 bytes (36.2%)
(RDMA_READ_CONSUME_CHECK_CONSUMER) timestamp=13073 ms, used_size=14813184 bytes (36.2%)
(RDMA_READ_CONSUME_CHECK_CONSUMER) timestamp=13073 ms, used_size=14811136 bytes (36.2%)
(RDMA_READ_CONSUME_CHECK_CONSUMER) timestamp=13073 ms, used_size=14809088 bytes (36.2%)
(RDMA_READ_CONSUME_CHECK_CONSUMER) timestamp=13073 ms, used_size=14807040 bytes (36.1%)
(RDMA_READ_CONSUME_CHECK_CONSUMER) timestamp=13073 ms, used_size=14804992 bytes (36.1%)
(RDMA_READ_CONSUME_CHECK_CONSUMER) timestamp=13073 ms, used_size=14802944 bytes (36.1%)
(RDMA_READ_CONSUME_CHECK_CONSUMER) timestamp=13073 ms, used_size=14800896 bytes (36.1%)
(RDMA_READ_CONSUME_CHECK_CONSUMER) timestamp=13073 ms, used_size=14798848 bytes (36.1%)
(RDMA_READ_CONSUME_CHECK_CONSUMER) timestamp=13073 ms, used_size=14796800 bytes (36.1%)
(RDMA_READ_CONSUME_CHECK_CONSUMER) timestamp=13073 ms, used_size=14794752 bytes (36.1%)
(RDMA_READ_CONSUME_CHECK_CONSUMER) timestamp=13073 ms, used_size=14792704 bytes (36.1%)
(RDMA_READ_CONSUME_CHECK_CONSUMER) timestamp=13073 ms, used_size=14790656 bytes (36.1%)
(RDMA_READ_CONSUME_CHECK_CONSUMER) timestamp=13073 ms, used_size=14788608 bytes (36.1%)
(RDMA_READ_CONSUME_CHECK_CONSUMER) timestamp=13073 ms, used_size=14786560 bytes (36.1%)
(RDMA_READ_CONSUME_CHECK_CONSUMER) timestamp=13073 ms, used_size=14784512 bytes (36.1%)
(RDMA_READ_CONSUME_CHECK_CONSUMER) timestamp=13073 ms, used_size=14782464 bytes (36.1%)
(RDMA_READ_CONSUME_CHECK_CONSUMER) timestamp=13073 ms, used_size=14780416 bytes (36.1%)
(RDMA_READ_CONSUME_CHECK_CONSUMER) timestamp=13073 ms, used_size=14778368 bytes (36.1%)
(RDMA_READ_CONSUME_CHECK_CONSUMER) timestamp=13073 ms, used_size=14776320 bytes (36.1%)
(RDMA_READ_CONSUME_CHECK_CONSUMER) timestamp=13073 ms, used_size=14774272 bytes (36.1%)
(RDMA_READ_CONSUME_CHECK_CONSUMER) timestamp=13073 ms, used_size=14772224 bytes (36.1%)
(RDMA_READ_CONSUME_CHECK_CONSUMER) timestamp=13073 ms, used_size=14770176 bytes (36.1%)
(RDMA_READ_CONSUME_CHECK_CONSUMER) timestamp=13073 ms, used_size=14768128 bytes (36.1%)
(RDMA_READ_CONSUME_CHECK_CONSUMER) timestamp=13073 ms, used_size=14766080 bytes (36.0%)
(RDMA_READ_CONSUME_CHECK_CONSUMER) timestamp=13073 ms, used_size=14764032 bytes (36.0%)
(RDMA_READ_CONSUME_CHECK_CONSUMER) timestamp=13073 ms, used_size=14761984 bytes (36.0%)
(RDMA_READ_CONSUME_CHECK_CONSUMER) timestamp=13073 ms, used_size=14759936 bytes (36.0%)
(RDMA_READ_CONSUME_CHECK_CONSUMER) timestamp=13073 ms, used_size=14757888 bytes (36.0%)
(RDMA_READ_CONSUME_CHECK_CONSUMER) timestamp=13073 ms, used_size=14755840 bytes (36.0%)
(RDMA_READ_CONSUME_CHECK_CONSUMER) timestamp=13073 ms, used_size=14753792 bytes (36.0%)
(RDMA_READ_CONSUME_CHECK_CONSUMER) timestamp=13073 ms, used_size=14751744 bytes (36.0%)
(RDMA_READ_CONSUME_CHECK_CONSUMER) timestamp=13073 ms, used_size=14749696 bytes (36.0%)
(RDMA_READ_CONSUME_CHECK_CONSUMER) timestamp=13073 ms, used_size=14747648 bytes (36.0%)
(RDMA_READ_CONSUME_CHECK_CONSUMER) timestamp=13073 ms, used_size=14745600 bytes (36.0%)
(RDMA_READ_CONSUME_CHECK_CONSUMER) timestamp=13073 ms, used_size=14743552 bytes (36.0%)
(RDMA_READ_CONSUME_CHECK_CONSUMER) timestamp=13073 ms, used_size=14741504 bytes (36.0%)
(RDMA_READ_CONSUME_CHECK_CONSUMER) timestamp=13073 ms, used_size=14739456 bytes (36.0%)
(RDMA_READ_CONSUME_CHECK_CONSUMER) timestamp=13073 ms, used_size=14737408 bytes (36.0%)
(RDMA_READ_CONSUME_CHECK_CONSUMER) timestamp=13073 ms, used_size=14735360 bytes (36.0%)
(RDMA_READ_CONSUME_CHECK_CONSUMER) timestamp=13073 ms, used_size=14733312 bytes (36.0%)
(RDMA_READ_CONSUME_CHECK_CONSUMER) timestamp=13073 ms, used_size=14731264 bytes (36.0%)
(RDMA_READ_CONSUME_CHECK_CONSUMER) timestamp=13073 ms, used_size=14729216 bytes (36.0%)
(RDMA_READ_CONSUME_CHECK_CONSUMER) timestamp=13073 ms, used_size=14727168 bytes (36.0%)
(RDMA_READ_CONSUME_CHECK_CONSUMER) timestamp=13073 ms, used_size=14725120 bytes (36.0%)
(RDMA_READ_CONSUME_CHECK_CONSUMER) timestamp=13073 ms, used_size=14723072 bytes (35.9%)
(RDMA_READ_CONSUME_CHECK_CONSUMER) timestamp=13073 ms, used_size=14721024 bytes (35.9%)
(RDMA_READ_CONSUME_CHECK_CONSUMER) timestamp=13073 ms, used_size=14718976 bytes (35.9%)
(RDMA_READ_CONSUME_CHECK_CONSUMER) timestamp=13073 ms, used_size=14716928 bytes (35.9%)
(RDMA_READ_CONSUME_CHECK_CONSUMER) timestamp=13073 ms, used_size=14714880 bytes (35.9%)
(RDMA_READ_CONSUME_CHECK_CONSUMER) timestamp=13073 ms, used_size=14712832 bytes (35.9%)
(RDMA_READ_CONSUME_CHECK_CONSUMER) timestamp=13073 ms, used_size=14710784 bytes (35.9%)
(RDMA_READ_CONSUME_CHECK_CONSUMER) timestamp=13073 ms, used_size=14708736 bytes (35.9%)
(RDMA_READ_CONSUME_CHECK_CONSUMER) timestamp=13073 ms, used_size=14706688 bytes (35.9%)
(RDMA_READ_CONSUME_CHECK_CONSUMER) timestamp=13073 ms, used_size=14704640 bytes (35.9%)
(RDMA_READ_CONSUME_CHECK_CONSUMER) timestamp=13073 ms, used_size=14702592 bytes (35.9%)
(RDMA_READ_CONSUME_CHECK_CONSUMER) timestamp=13073 ms, used_size=14700544 bytes (35.9%)
(RDMA_READ_CONSUME_CHECK_CONSUMER) timestamp=13073 ms, used_size=14698496 bytes (35.9%)
(RDMA_READ_CONSUME_CHECK_CONSUMER) timestamp=13073 ms, used_size=14696448 bytes (35.9%)
(RDMA_READ_CONSUME_CHECK_CONSUMER) timestamp=13073 ms, used_size=14694400 bytes (35.9%)
(RDMA_READ_CONSUME_CHECK_CONSUMER) timestamp=13073 ms, used_size=14692352 bytes (35.9%)
(RDMA_READ_CONSUME_CHECK_CONSUMER) timestamp=13073 ms, used_size=14690304 bytes (35.9%)
(RDMA_READ_CONSUME_CHECK_CONSUMER) timestamp=13073 ms, used_size=14688256 bytes (35.9%)
(RDMA_READ_CONSUME_CHECK_CONSUMER) timestamp=13073 ms, used_size=14686208 bytes (35.9%)
(RDMA_READ_CONSUME_CHECK_CONSUMER) timestamp=13073 ms, used_size=14684160 bytes (35.9%)
(RDMA_READ_CONSUME_CHECK_CONSUMER) timestamp=13073 ms, used_size=14682112 bytes (35.8%)
(RDMA_READ_CONSUME_CHECK_CONSUMER) timestamp=13073 ms, used_size=14680064 bytes (35.8%)
(RDMA_READ_CONSUME_CHECK_CONSUMER) timestamp=13073 ms, used_size=14678016 bytes (35.8%)
(RDMA_READ_CONSUME_CHECK_CONSUMER) timestamp=13073 ms, used_size=14675968 bytes (35.8%)
(RDMA_READ_CONSUME_CHECK_CONSUMER) timestamp=13073 ms, used_size=14673920 bytes (35.8%)
(RDMA_READ_CONSUME_CHECK_CONSUMER) timestamp=13073 ms, used_size=14671872 bytes (35.8%)
(RDMA_READ_CONSUME_CHECK_CONSUMER) timestamp=13073 ms, used_size=14669824 bytes (35.8%)
(RDMA_READ_CONSUME_CHECK_CONSUMER) timestamp=13073 ms, used_size=14667776 bytes (35.8%)
(RDMA_READ_CONSUME_CHECK_CONSUMER) timestamp=13073 ms, used_size=14665728 bytes (35.8%)
(RDMA_READ_CONSUME_CHECK_CONSUMER) timestamp=13073 ms, used_size=14663680 bytes (35.8%)
(RDMA_READ_CONSUME_CHECK_CONSUMER) timestamp=13073 ms, used_size=14661632 bytes (35.8%)
(RDMA_READ_CONSUME_CHECK_CONSUMER) timestamp=13073 ms, used_size=14659584 bytes (35.8%)
(RDMA_READ_CONSUME_CHECK_CONSUMER) timestamp=13073 ms, used_size=14657536 bytes (35.8%)
(RDMA_READ_CONSUME_CHECK_CONSUMER) timestamp=13073 ms, used_size=14655488 bytes (35.8%)
(RDMA_READ_CONSUME_CHECK_CONSUMER) timestamp=13073 ms, used_size=14653440 bytes (35.8%)
(RDMA_READ_CONSUME_CHECK_CONSUMER) timestamp=13073 ms, used_size=14651392 bytes (35.8%)
(RDMA_READ_CONSUME_CHECK_CONSUMER) timestamp=13073 ms, used_size=14649344 bytes (35.8%)
(RDMA_READ_CONSUME_CHECK_CONSUMER) timestamp=13073 ms, used_size=14647296 bytes (35.8%)
(RDMA_READ_CONSUME_CHECK_CONSUMER) timestamp=13073 ms, used_size=14645248 bytes (35.8%)
(RDMA_READ_CONSUME_CHECK_CONSUMER) timestamp=13073 ms, used_size=14643200 bytes (35.8%)
(RDMA_READ_CONSUME_CHECK_CONSUMER) timestamp=13073 ms, used_size=14641152 bytes (35.7%)
(RDMA_READ_CONSUME_CHECK_CONSUMER) timestamp=13073 ms, used_size=14639104 bytes (35.7%)
(RDMA_READ_CONSUME_CHECK_CONSUMER) timestamp=13073 ms, used_size=14637056 bytes (35.7%)
(RDMA_READ_CONSUME_CHECK_CONSUMER) timestamp=13073 ms, used_size=14635008 bytes (35.7%)
(RDMA_READ_CONSUME_CHECK_CONSUMER) timestamp=13073 ms, used_size=14632960 bytes (35.7%)
(RDMA_READ_CONSUME_CHECK_CONSUMER) timestamp=13073 ms, used_size=14630912 bytes (35.7%)
(RDMA_READ_CONSUME_CHECK_CONSUMER) timestamp=13073 ms, used_size=14628864 bytes (35.7%)
(RDMA_READ_CONSUME_CHECK_CONSUMER) timestamp=13073 ms, used_size=14626816 bytes (35.7%)
(RDMA_READ_CONSUME_CHECK_CONSUMER) timestamp=13073 ms, used_size=14624768 bytes (35.7%)
(RDMA_READ_CONSUME_CHECK_CONSUMER) timestamp=13073 ms, used_size=14622720 bytes (35.7%)
(RDMA_READ_CONSUME_CHECK_CONSUMER) timestamp=13073 ms, used_size=14620672 bytes (35.7%)
(RDMA_READ_CONSUME_CHECK_CONSUMER) timestamp=13073 ms, used_size=14618624 bytes (35.7%)
(RDMA_READ_CONSUME_CHECK_CONSUMER) timestamp=13073 ms, used_size=14616576 bytes (35.7%)
(RDMA_READ_CONSUME_CHECK_CONSUMER) timestamp=13073 ms, used_size=14614528 bytes (35.7%)
(RDMA_READ_CONSUME_CHECK_CONSUMER) timestamp=13073 ms, used_size=14612480 bytes (35.7%)
(RDMA_READ_CONSUME_CHECK_CONSUMER) timestamp=13073 ms, used_size=14610432 bytes (35.7%)
(RDMA_READ_CONSUME_CHECK_CONSUMER) timestamp=13073 ms, used_size=14608384 bytes (35.7%)
(RDMA_READ_CONSUME_CHECK_CONSUMER) timestamp=13073 ms, used_size=14606336 bytes (35.7%)
(RDMA_READ_CONSUME_CHECK_CONSUMER) timestamp=13073 ms, used_size=14604288 bytes (35.7%)
(RDMA_READ_CONSUME_CHECK_CONSUMER) timestamp=13073 ms, used_size=14602240 bytes (35.6%)
(RDMA_READ_CONSUME_CHECK_CONSUMER) timestamp=13073 ms, used_size=14600192 bytes (35.6%)
(RDMA_READ_CONSUME_CHECK_CONSUMER) timestamp=13073 ms, used_size=14598144 bytes (35.6%)
(RDMA_READ_CONSUME_CHECK_CONSUMER) timestamp=13073 ms, used_size=14596096 bytes (35.6%)
(RDMA_READ_CONSUME_CHECK_CONSUMER) timestamp=13073 ms, used_size=14594048 bytes (35.6%)
(RDMA_READ_CONSUME_CHECK_CONSUMER) timestamp=13073 ms, used_size=14592000 bytes (35.6%)
(RDMA_READ_CONSUME_CHECK_CONSUMER) timestamp=13073 ms, used_size=14589952 bytes (35.6%)
(RDMA_READ_CONSUME_CHECK_CONSUMER) timestamp=13073 ms, used_size=14587904 bytes (35.6%)
(RDMA_READ_CONSUME_CHECK_CONSUMER) timestamp=13073 ms, used_size=14585856 bytes (35.6%)
(RDMA_READ_CONSUME_CHECK_CONSUMER) timestamp=13073 ms, used_size=14583808 bytes (35.6%)
(RDMA_READ_CONSUME_CHECK_CONSUMER) timestamp=13073 ms, used_size=14581760 bytes (35.6%)
(RDMA_READ_CONSUME_CHECK_CONSUMER) timestamp=13073 ms, used_size=14579712 bytes (35.6%)
(RDMA_READ_CONSUME_CHECK_CONSUMER) timestamp=13073 ms, used_size=14577664 bytes (35.6%)
(RDMA_READ_CONSUME_CHECK_CONSUMER) timestamp=13073 ms, used_size=14575616 bytes (35.6%)
(RDMA_READ_CONSUME_CHECK_CONSUMER) timestamp=13073 ms, used_size=14573568 bytes (35.6%)
(RDMA_READ_CONSUME_CHECK_CONSUMER) timestamp=13073 ms, used_size=14571520 bytes (35.6%)
(RDMA_READ_CONSUME_CHECK_CONSUMER) timestamp=13073 ms, used_size=14569472 bytes (35.6%)
(RDMA_READ_CONSUME_CHECK_CONSUMER) timestamp=13073 ms, used_size=14567424 bytes (35.6%)
(RDMA_READ_CONSUME_CHECK_CONSUMER) timestamp=13073 ms, used_size=14565376 bytes (35.6%)
(RDMA_READ_CONSUME_CHECK_CONSUMER) timestamp=13073 ms, used_size=14563328 bytes (35.6%)
(RDMA_READ_CONSUME_CHECK_CONSUMER) timestamp=13073 ms, used_size=14561280 bytes (35.5%)
(RDMA_READ_CONSUME_CHECK_CONSUMER) timestamp=13073 ms, used_size=14559232 bytes (35.5%)
(RDMA_READ_CONSUME_CHECK_CONSUMER) timestamp=13073 ms, used_size=14557184 bytes (35.5%)
(RDMA_READ_CONSUME_CHECK_CONSUMER) timestamp=13073 ms, used_size=14555136 bytes (35.5%)
(RDMA_READ_CONSUME_CHECK_CONSUMER) timestamp=13073 ms, used_size=14553088 bytes (35.5%)
(RDMA_READ_CONSUME_CHECK_CONSUMER) timestamp=13073 ms, used_size=14551040 bytes (35.5%)
(RDMA_READ_CONSUME_CHECK_CONSUMER) timestamp=13073 ms, used_size=14548992 bytes (35.5%)
(RDMA_READ_CONSUME_CHECK_CONSUMER) timestamp=13073 ms, used_size=14546944 bytes (35.5%)
(RDMA_READ_CONSUME_CHECK_CONSUMER) timestamp=13073 ms, used_size=14544896 bytes (35.5%)
(RDMA_READ_CONSUME_CHECK_CONSUMER) timestamp=13073 ms, used_size=14542848 bytes (35.5%)
(RDMA_READ_CONSUME_CHECK_CONSUMER) timestamp=13073 ms, used_size=14540800 bytes (35.5%)
(RDMA_READ_CONSUME_CHECK_CONSUMER) timestamp=13073 ms, used_size=14538752 bytes (35.5%)
(RDMA_READ_CONSUME_CHECK_CONSUMER) timestamp=13073 ms, used_size=14536704 bytes (35.5%)
(RDMA_READ_CONSUME_CHECK_CONSUMER) timestamp=13073 ms, used_size=14534656 bytes (35.5%)
(RDMA_READ_CONSUME_CHECK_CONSUMER) timestamp=13073 ms, used_size=14532608 bytes (35.5%)
(RDMA_READ_CONSUME_CHECK_CONSUMER) timestamp=13073 ms, used_size=14530560 bytes (35.5%)
(RDMA_READ_CONSUME_CHECK_CONSUMER) timestamp=13073 ms, used_size=14528512 bytes (35.5%)
(RDMA_READ_CONSUME_CHECK_CONSUMER) timestamp=13073 ms, used_size=14526464 bytes (35.5%)
(RDMA_READ_CONSUME_CHECK_CONSUMER) timestamp=13073 ms, used_size=14524416 bytes (35.5%)
(RDMA_READ_CONSUME_CHECK_CONSUMER) timestamp=13073 ms, used_size=14522368 bytes (35.5%)
(RDMA_READ_CONSUME_CHECK_CONSUMER) timestamp=13073 ms, used_size=14520320 bytes (35.5%)
(RDMA_READ_CONSUME_CHECK_CONSUMER) timestamp=13073 ms, used_size=14518272 bytes (35.4%)
(RDMA_READ_CONSUME_CHECK_CONSUMER) timestamp=13073 ms, used_size=14516224 bytes (35.4%)
(RDMA_READ_CONSUME_CHECK_CONSUMER) timestamp=13073 ms, used_size=14514176 bytes (35.4%)
(RDMA_READ_CONSUME_CHECK_CONSUMER) timestamp=13073 ms, used_size=14512128 bytes (35.4%)
(RDMA_READ_CONSUME_CHECK_CONSUMER) timestamp=13073 ms, used_size=14510080 bytes (35.4%)
(RDMA_READ_CONSUME_CHECK_CONSUMER) timestamp=13073 ms, used_size=14508032 bytes (35.4%)
(RDMA_READ_CONSUME_CHECK_CONSUMER) timestamp=13073 ms, used_size=14505984 bytes (35.4%)
(RDMA_READ_CONSUME_CHECK_CONSUMER) timestamp=13073 ms, used_size=14503936 bytes (35.4%)
(RDMA_READ_CONSUME_CHECK_CONSUMER) timestamp=13073 ms, used_size=14501888 bytes (35.4%)
(RDMA_READ_CONSUME_CHECK_CONSUMER) timestamp=13073 ms, used_size=14499840 bytes (35.4%)
(RDMA_READ_CONSUME_CHECK_CONSUMER) timestamp=13073 ms, used_size=14497792 bytes (35.4%)
(RDMA_READ_CONSUME_CHECK_CONSUMER) timestamp=13073 ms, used_size=14495744 bytes (35.4%)
(RDMA_READ_CONSUME_CHECK_CONSUMER) timestamp=13073 ms, used_size=14493696 bytes (35.4%)
(RDMA_READ_CONSUME_CHECK_CONSUMER) timestamp=13073 ms, used_size=14491648 bytes (35.4%)
(RDMA_READ_CONSUME_CHECK_CONSUMER) timestamp=13073 ms, used_size=14489600 bytes (35.4%)
(RDMA_READ_CONSUME_CHECK_CONSUMER) timestamp=13073 ms, used_size=14487552 bytes (35.4%)
(RDMA_READ_CONSUME_CHECK_CONSUMER) timestamp=13073 ms, used_size=14485504 bytes (35.4%)
(RDMA_READ_CONSUME_CHECK_CONSUMER) timestamp=13073 ms, used_size=14483456 bytes (35.4%)
(RDMA_READ_CONSUME_CHECK_CONSUMER) timestamp=13073 ms, used_size=14481408 bytes (35.4%)
(RDMA_READ_CONSUME_CHECK_CONSUMER) timestamp=13073 ms, used_size=14479360 bytes (35.4%)
(RDMA_READ_CONSUME_CHECK_CONSUMER) timestamp=13073 ms, used_size=14477312 bytes (35.3%)
(RDMA_READ_CONSUME_CHECK_CONSUMER) timestamp=13074 ms, used_size=14475264 bytes (35.3%)
(RDMA_READ_CONSUME_CHECK_CONSUMER) timestamp=13074 ms, used_size=14473216 bytes (35.3%)
(RDMA_READ_CONSUME_CHECK_CONSUMER) timestamp=13074 ms, used_size=14471168 bytes (35.3%)
(RDMA_READ_CONSUME_CHECK_CONSUMER) timestamp=13074 ms, used_size=14469120 bytes (35.3%)
(RDMA_READ_CONSUME_CHECK_CONSUMER) timestamp=13074 ms, used_size=14467072 bytes (35.3%)
(RDMA_READ_CONSUME_CHECK_CONSUMER) timestamp=13074 ms, used_size=14465024 bytes (35.3%)
(RDMA_READ_CONSUME_CHECK_CONSUMER) timestamp=13074 ms, used_size=14462976 bytes (35.3%)
(RDMA_READ_CONSUME_CHECK_CONSUMER) timestamp=13074 ms, used_size=14460928 bytes (35.3%)
(RDMA_READ_CONSUME_CHECK_CONSUMER) timestamp=13074 ms, used_size=14458880 bytes (35.3%)
(RDMA_READ_CONSUME_CHECK_CONSUMER) timestamp=13074 ms, used_size=14456832 bytes (35.3%)
(RDMA_READ_CONSUME_CHECK_CONSUMER) timestamp=13074 ms, used_size=14454784 bytes (35.3%)
(RDMA_READ_CONSUME_CHECK_CONSUMER) timestamp=13074 ms, used_size=14452736 bytes (35.3%)
(RDMA_READ_CONSUME_CHECK_CONSUMER) timestamp=13074 ms, used_size=14450688 bytes (35.3%)
(RDMA_READ_CONSUME_CHECK_CONSUMER) timestamp=13074 ms, used_size=14448640 bytes (35.3%)
(RDMA_READ_CONSUME_CHECK_CONSUMER) timestamp=13074 ms, used_size=14446592 bytes (35.3%)
(RDMA_READ_CONSUME_CHECK_CONSUMER) timestamp=13074 ms, used_size=14444544 bytes (35.3%)
(RDMA_READ_CONSUME_CHECK_CONSUMER) timestamp=13074 ms, used_size=14442496 bytes (35.3%)
(RDMA_READ_CONSUME_CHECK_CONSUMER) timestamp=13074 ms, used_size=14440448 bytes (35.3%)
(RDMA_READ_CONSUME_CHECK_CONSUMER) timestamp=13074 ms, used_size=14438400 bytes (35.2%)
(RDMA_READ_CONSUME_CHECK_CONSUMER) timestamp=13074 ms, used_size=14436352 bytes (35.2%)
(RDMA_READ_CONSUME_CHECK_CONSUMER) timestamp=13074 ms, used_size=14434304 bytes (35.2%)
(RDMA_READ_CONSUME_CHECK_CONSUMER) timestamp=13074 ms, used_size=14432256 bytes (35.2%)
(RDMA_READ_CONSUME_CHECK_CONSUMER) timestamp=13074 ms, used_size=14430208 bytes (35.2%)
(RDMA_READ_CONSUME_CHECK_CONSUMER) timestamp=13074 ms, used_size=14428160 bytes (35.2%)
(RDMA_READ_CONSUME_CHECK_CONSUMER) timestamp=13074 ms, used_size=14426112 bytes (35.2%)
(RDMA_READ_CONSUME_CHECK_CONSUMER) timestamp=13074 ms, used_size=14424064 bytes (35.2%)
(RDMA_READ_CONSUME_CHECK_CONSUMER) timestamp=13074 ms, used_size=14422016 bytes (35.2%)
(RDMA_READ_CONSUME_CHECK_CONSUMER) timestamp=13074 ms, used_size=14419968 bytes (35.2%)
(RDMA_READ_CONSUME_CHECK_CONSUMER) timestamp=13074 ms, used_size=14417920 bytes (35.2%)
(RDMA_READ_CONSUME_CHECK_CONSUMER) timestamp=13074 ms, used_size=14415872 bytes (35.2%)
(RDMA_READ_CONSUME_CHECK_CONSUMER) timestamp=13074 ms, used_size=14413824 bytes (35.2%)
(RDMA_READ_CONSUME_CHECK_CONSUMER) timestamp=13074 ms, used_size=14411776 bytes (35.2%)
(RDMA_READ_CONSUME_CHECK_CONSUMER) timestamp=13074 ms, used_size=14409728 bytes (35.2%)
(RDMA_READ_CONSUME_CHECK_CONSUMER) timestamp=13074 ms, used_size=14407680 bytes (35.2%)
(RDMA_READ_CONSUME_CHECK_CONSUMER) timestamp=13074 ms, used_size=14405632 bytes (35.2%)
(RDMA_READ_CONSUME_CHECK_CONSUMER) timestamp=13074 ms, used_size=14403584 bytes (35.2%)
(RDMA_READ_CONSUME_CHECK_CONSUMER) timestamp=13074 ms, used_size=14401536 bytes (35.2%)
(RDMA_READ_CONSUME_CHECK_CONSUMER) timestamp=13074 ms, used_size=14399488 bytes (35.2%)
(RDMA_READ_CONSUME_CHECK_CONSUMER) timestamp=13074 ms, used_size=14397440 bytes (35.1%)
(RDMA_READ_CONSUME_CHECK_CONSUMER) timestamp=13074 ms, used_size=14395392 bytes (35.1%)
(RDMA_READ_CONSUME_CHECK_CONSUMER) timestamp=13074 ms, used_size=14393344 bytes (35.1%)
(RDMA_READ_CONSUME_CHECK_CONSUMER) timestamp=13074 ms, used_size=14391296 bytes (35.1%)
(RDMA_READ_CONSUME_CHECK_CONSUMER) timestamp=13074 ms, used_size=14389248 bytes (35.1%)
(RDMA_READ_CONSUME_CHECK_CONSUMER) timestamp=13074 ms, used_size=14387200 bytes (35.1%)
(RDMA_READ_CONSUME_CHECK_CONSUMER) timestamp=13074 ms, used_size=14385152 bytes (35.1%)
(RDMA_READ_CONSUME_CHECK_CONSUMER) timestamp=13074 ms, used_size=14383104 bytes (35.1%)
(RDMA_READ_CONSUME_CHECK_CONSUMER) timestamp=13074 ms, used_size=14381056 bytes (35.1%)
(RDMA_READ_CONSUME_CHECK_CONSUMER) timestamp=13074 ms, used_size=14379008 bytes (35.1%)
(RDMA_READ_CONSUME_CHECK_CONSUMER) timestamp=13074 ms, used_size=14376960 bytes (35.1%)
(RDMA_READ_CONSUME_CHECK_CONSUMER) timestamp=13074 ms, used_size=14374912 bytes (35.1%)
(RDMA_READ_CONSUME_CHECK_CONSUMER) timestamp=13074 ms, used_size=14372864 bytes (35.1%)
(RDMA_READ_CONSUME_CHECK_CONSUMER) timestamp=13074 ms, used_size=14370816 bytes (35.1%)
(RDMA_READ_CONSUME_CHECK_CONSUMER) timestamp=13074 ms, used_size=14368768 bytes (35.1%)
(RDMA_READ_CONSUME_CHECK_CONSUMER) timestamp=13074 ms, used_size=14366720 bytes (35.1%)
(RDMA_READ_CONSUME_CHECK_CONSUMER) timestamp=13074 ms, used_size=14364672 bytes (35.1%)
(RDMA_READ_CONSUME_CHECK_CONSUMER) timestamp=13074 ms, used_size=14362624 bytes (35.1%)
(RDMA_READ_CONSUME_CHECK_CONSUMER) timestamp=13074 ms, used_size=14360576 bytes (35.1%)
(RDMA_READ_CONSUME_CHECK_CONSUMER) timestamp=13074 ms, used_size=14358528 bytes (35.1%)
(RDMA_READ_CONSUME_CHECK_CONSUMER) timestamp=13074 ms, used_size=14356480 bytes (35.0%)
(RDMA_READ_CONSUME_CHECK_CONSUMER) timestamp=13074 ms, used_size=14354432 bytes (35.0%)
(RDMA_READ_CONSUME_CHECK_CONSUMER) timestamp=13074 ms, used_size=14352384 bytes (35.0%)
(RDMA_READ_CONSUME_CHECK_CONSUMER) timestamp=13074 ms, used_size=14350336 bytes (35.0%)
(RDMA_READ_CONSUME_CHECK_CONSUMER) timestamp=13074 ms, used_size=14348288 bytes (35.0%)
(RDMA_READ_CONSUME_CHECK_CONSUMER) timestamp=13074 ms, used_size=14346240 bytes (35.0%)
(RDMA_READ_CONSUME_CHECK_CONSUMER) timestamp=13074 ms, used_size=14344192 bytes (35.0%)
(RDMA_READ_CONSUME_CHECK_CONSUMER) timestamp=13074 ms, used_size=14342144 bytes (35.0%)
(RDMA_READ_CONSUME_CHECK_CONSUMER) timestamp=13074 ms, used_size=14340096 bytes (35.0%)
(RDMA_READ_CONSUME_CHECK_CONSUMER) timestamp=13074 ms, used_size=14338048 bytes (35.0%)
(RDMA_READ_CONSUME_CHECK_CONSUMER) timestamp=13074 ms, used_size=14336000 bytes (35.0%)
(RDMA_READ_CONSUME_CHECK_CONSUMER) timestamp=13074 ms, used_size=14333952 bytes (35.0%)
(RDMA_READ_CONSUME_CHECK_CONSUMER) timestamp=13074 ms, used_size=14331904 bytes (35.0%)
(RDMA_READ_CONSUME_CHECK_CONSUMER) timestamp=13074 ms, used_size=14329856 bytes (35.0%)
(RDMA_READ_CONSUME_CHECK_CONSUMER) timestamp=13074 ms, used_size=14327808 bytes (35.0%)
(RDMA_READ_CONSUME_CHECK_CONSUMER) timestamp=13074 ms, used_size=14325760 bytes (35.0%)
(RDMA_READ_CONSUME_CHECK_CONSUMER) timestamp=13074 ms, used_size=14323712 bytes (35.0%)
(RDMA_READ_CONSUME_CHECK_CONSUMER) timestamp=13074 ms, used_size=14321664 bytes (35.0%)
(RDMA_READ_CONSUME_CHECK_CONSUMER) timestamp=13074 ms, used_size=14319616 bytes (35.0%)
(RDMA_READ_CONSUME_CHECK_CONSUMER) timestamp=13074 ms, used_size=14317568 bytes (35.0%)
(RDMA_READ_CONSUME_CHECK_CONSUMER) timestamp=13074 ms, used_size=14315520 bytes (35.0%)
(RDMA_READ_CONSUME_CHECK_CONSUMER) timestamp=13074 ms, used_size=14313472 bytes (34.9%)
(RDMA_READ_CONSUME_CHECK_CONSUMER) timestamp=13074 ms, used_size=14311424 bytes (34.9%)
(RDMA_READ_CONSUME_CHECK_CONSUMER) timestamp=13074 ms, used_size=14309376 bytes (34.9%)
(RDMA_READ_CONSUME_CHECK_CONSUMER) timestamp=13074 ms, used_size=14307328 bytes (34.9%)
(RDMA_READ_CONSUME_CHECK_CONSUMER) timestamp=13074 ms, used_size=14305280 bytes (34.9%)
(RDMA_READ_CONSUME_CHECK_CONSUMER) timestamp=13074 ms, used_size=14303232 bytes (34.9%)
(RDMA_READ_CONSUME_CHECK_CONSUMER) timestamp=13074 ms, used_size=14301184 bytes (34.9%)
(RDMA_READ_CONSUME_CHECK_CONSUMER) timestamp=13074 ms, used_size=14299136 bytes (34.9%)
(RDMA_READ_CONSUME_CHECK_CONSUMER) timestamp=13074 ms, used_size=14297088 bytes (34.9%)
(RDMA_READ_CONSUME_CHECK_CONSUMER) timestamp=13074 ms, used_size=14295040 bytes (34.9%)
(RDMA_READ_CONSUME_CHECK_CONSUMER) timestamp=13074 ms, used_size=14292992 bytes (34.9%)
(RDMA_READ_CONSUME_CHECK_CONSUMER) timestamp=13074 ms, used_size=14290944 bytes (34.9%)
(RDMA_READ_CONSUME_CHECK_CONSUMER) timestamp=13074 ms, used_size=14288896 bytes (34.9%)
(RDMA_READ_CONSUME_CHECK_CONSUMER) timestamp=13074 ms, used_size=14286848 bytes (34.9%)
(RDMA_READ_CONSUME_CHECK_CONSUMER) timestamp=13074 ms, used_size=14284800 bytes (34.9%)
(RDMA_READ_CONSUME_CHECK_CONSUMER) timestamp=13074 ms, used_size=14282752 bytes (34.9%)
(RDMA_READ_CONSUME_CHECK_CONSUMER) timestamp=13074 ms, used_size=14280704 bytes (34.9%)
(RDMA_READ_CONSUME_CHECK_CONSUMER) timestamp=13074 ms, used_size=14278656 bytes (34.9%)
(RDMA_READ_CONSUME_CHECK_CONSUMER) timestamp=13074 ms, used_size=14276608 bytes (34.9%)
(RDMA_READ_CONSUME_CHECK_CONSUMER) timestamp=13074 ms, used_size=14274560 bytes (34.9%)
(RDMA_READ_CONSUME_CHECK_CONSUMER) timestamp=13074 ms, used_size=14272512 bytes (34.8%)
(RDMA_READ_CONSUME_CHECK_CONSUMER) timestamp=13074 ms, used_size=14270464 bytes (34.8%)
(RDMA_READ_CONSUME_CHECK_CONSUMER) timestamp=13074 ms, used_size=14268416 bytes (34.8%)
(RDMA_READ_CONSUME_CHECK_CONSUMER) timestamp=13074 ms, used_size=14266368 bytes (34.8%)
(RDMA_READ_CONSUME_CHECK_CONSUMER) timestamp=13074 ms, used_size=14264320 bytes (34.8%)
(RDMA_READ_CONSUME_CHECK_CONSUMER) timestamp=13074 ms, used_size=14262272 bytes (34.8%)
(RDMA_READ_CONSUME_CHECK_CONSUMER) timestamp=13074 ms, used_size=14260224 bytes (34.8%)
(RDMA_READ_CONSUME_CHECK_CONSUMER) timestamp=13074 ms, used_size=14258176 bytes (34.8%)
(RDMA_READ_CONSUME_CHECK_CONSUMER) timestamp=13074 ms, used_size=14256128 bytes (34.8%)
(RDMA_READ_CONSUME_CHECK_CONSUMER) timestamp=13074 ms, used_size=14254080 bytes (34.8%)
(RDMA_READ_CONSUME_CHECK_CONSUMER) timestamp=13074 ms, used_size=14252032 bytes (34.8%)
(RDMA_READ_CONSUME_CHECK_CONSUMER) timestamp=13074 ms, used_size=14249984 bytes (34.8%)
(RDMA_READ_CONSUME_CHECK_CONSUMER) timestamp=13074 ms, used_size=14247936 bytes (34.8%)
(RDMA_READ_CONSUME_CHECK_CONSUMER) timestamp=13074 ms, used_size=14245888 bytes (34.8%)
(RDMA_READ_CONSUME_CHECK_CONSUMER) timestamp=13074 ms, used_size=14243840 bytes (34.8%)
(RDMA_READ_CONSUME_CHECK_CONSUMER) timestamp=13074 ms, used_size=14241792 bytes (34.8%)
(RDMA_READ_CONSUME_CHECK_CONSUMER) timestamp=13074 ms, used_size=14239744 bytes (34.8%)
(RDMA_READ_CONSUME_CHECK_CONSUMER) timestamp=13074 ms, used_size=14237696 bytes (34.8%)
(RDMA_READ_CONSUME_CHECK_CONSUMER) timestamp=13074 ms, used_size=14235648 bytes (34.8%)
(RDMA_READ_CONSUME_CHECK_CONSUMER) timestamp=13074 ms, used_size=14233600 bytes (34.8%)
(RDMA_READ_CONSUME_CHECK_CONSUMER) timestamp=13074 ms, used_size=14231552 bytes (34.7%)
(RDMA_READ_CONSUME_CHECK_CONSUMER) timestamp=13074 ms, used_size=14229504 bytes (34.7%)
(RDMA_READ_CONSUME_CHECK_CONSUMER) timestamp=13074 ms, used_size=14227456 bytes (34.7%)
(RDMA_READ_CONSUME_CHECK_CONSUMER) timestamp=13074 ms, used_size=14225408 bytes (34.7%)
(RDMA_READ_CONSUME_CHECK_CONSUMER) timestamp=13074 ms, used_size=14223360 bytes (34.7%)
(RDMA_READ_CONSUME_CHECK_CONSUMER) timestamp=13074 ms, used_size=14221312 bytes (34.7%)
(RDMA_READ_CONSUME_CHECK_CONSUMER) timestamp=13074 ms, used_size=14219264 bytes (34.7%)
(RDMA_READ_CONSUME_CHECK_CONSUMER) timestamp=13074 ms, used_size=14217216 bytes (34.7%)
(RDMA_READ_CONSUME_CHECK_CONSUMER) timestamp=13074 ms, used_size=14215168 bytes (34.7%)
(RDMA_READ_CONSUME_CHECK_CONSUMER) timestamp=13074 ms, used_size=14213120 bytes (34.7%)
(RDMA_READ_CONSUME_CHECK_CONSUMER) timestamp=13074 ms, used_size=14211072 bytes (34.7%)
(RDMA_READ_CONSUME_CHECK_CONSUMER) timestamp=13074 ms, used_size=14209024 bytes (34.7%)
(RDMA_READ_CONSUME_CHECK_CONSUMER) timestamp=13074 ms, used_size=14206976 bytes (34.7%)
(RDMA_READ_CONSUME_CHECK_CONSUMER) timestamp=13074 ms, used_size=14204928 bytes (34.7%)
(RDMA_READ_CONSUME_CHECK_CONSUMER) timestamp=13074 ms, used_size=14202880 bytes (34.7%)
(RDMA_READ_CONSUME_CHECK_CONSUMER) timestamp=13074 ms, used_size=14200832 bytes (34.7%)
(RDMA_READ_CONSUME_CHECK_CONSUMER) timestamp=13074 ms, used_size=14198784 bytes (34.7%)
(RDMA_READ_CONSUME_CHECK_CONSUMER) timestamp=13074 ms, used_size=14196736 bytes (34.7%)
(RDMA_READ_CONSUME_CHECK_CONSUMER) timestamp=13074 ms, used_size=14194688 bytes (34.7%)
(RDMA_READ_CONSUME_CHECK_CONSUMER) timestamp=13074 ms, used_size=14192640 bytes (34.6%)
(RDMA_READ_CONSUME_CHECK_CONSUMER) timestamp=13074 ms, used_size=14190592 bytes (34.6%)
(RDMA_READ_CONSUME_CHECK_CONSUMER) timestamp=13074 ms, used_size=14188544 bytes (34.6%)
(RDMA_READ_CONSUME_CHECK_CONSUMER) timestamp=13074 ms, used_size=14186496 bytes (34.6%)
(RDMA_READ_CONSUME_CHECK_CONSUMER) timestamp=13074 ms, used_size=14184448 bytes (34.6%)
(RDMA_READ_CONSUME_CHECK_CONSUMER) timestamp=13074 ms, used_size=14182400 bytes (34.6%)
(RDMA_READ_CONSUME_CHECK_CONSUMER) timestamp=13074 ms, used_size=14180352 bytes (34.6%)
(RDMA_READ_CONSUME_CHECK_CONSUMER) timestamp=13074 ms, used_size=14178304 bytes (34.6%)
(RDMA_READ_CONSUME_CHECK_CONSUMER) timestamp=13074 ms, used_size=14176256 bytes (34.6%)
(RDMA_READ_CONSUME_CHECK_CONSUMER) timestamp=13074 ms, used_size=14174208 bytes (34.6%)
(RDMA_READ_CONSUME_CHECK_CONSUMER) timestamp=13074 ms, used_size=14172160 bytes (34.6%)
(RDMA_READ_CONSUME_CHECK_CONSUMER) timestamp=13074 ms, used_size=14170112 bytes (34.6%)
(RDMA_READ_CONSUME_CHECK_CONSUMER) timestamp=13074 ms, used_size=14168064 bytes (34.6%)
(RDMA_READ_CONSUME_CHECK_CONSUMER) timestamp=13074 ms, used_size=14166016 bytes (34.6%)
(RDMA_READ_CONSUME_CHECK_CONSUMER) timestamp=13074 ms, used_size=14163968 bytes (34.6%)
(RDMA_READ_CONSUME_CHECK_CONSUMER) timestamp=13074 ms, used_size=14161920 bytes (34.6%)
(RDMA_READ_CONSUME_CHECK_CONSUMER) timestamp=13074 ms, used_size=14159872 bytes (34.6%)
(RDMA_READ_CONSUME_CHECK_CONSUMER) timestamp=13074 ms, used_size=14157824 bytes (34.6%)
(RDMA_READ_CONSUME_CHECK_CONSUMER) timestamp=13074 ms, used_size=14155776 bytes (34.6%)
(RDMA_READ_CONSUME_CHECK_CONSUMER) timestamp=13074 ms, used_size=14153728 bytes (34.6%)
(RDMA_READ_CONSUME_CHECK_CONSUMER) timestamp=13074 ms, used_size=14151680 bytes (34.5%)
(RDMA_READ_CONSUME_CHECK_CONSUMER) timestamp=13074 ms, used_size=14149632 bytes (34.5%)
(RDMA_READ_CONSUME_CHECK_CONSUMER) timestamp=13074 ms, used_size=14147584 bytes (34.5%)
(RDMA_READ_CONSUME_CHECK_CONSUMER) timestamp=13074 ms, used_size=14145536 bytes (34.5%)
(RDMA_READ_CONSUME_CHECK_CONSUMER) timestamp=13074 ms, used_size=14143488 bytes (34.5%)
(RDMA_READ_CONSUME_CHECK_CONSUMER) timestamp=13074 ms, used_size=14141440 bytes (34.5%)
(RDMA_READ_CONSUME_CHECK_CONSUMER) timestamp=13074 ms, used_size=14139392 bytes (34.5%)
(RDMA_READ_CONSUME_CHECK_CONSUMER) timestamp=13074 ms, used_size=14137344 bytes (34.5%)
(RDMA_READ_CONSUME_CHECK_CONSUMER) timestamp=13074 ms, used_size=14135296 bytes (34.5%)
(RDMA_READ_CONSUME_CHECK_CONSUMER) timestamp=13074 ms, used_size=14133248 bytes (34.5%)
(RDMA_READ_CONSUME_CHECK_CONSUMER) timestamp=13074 ms, used_size=14131200 bytes (34.5%)
(RDMA_READ_CONSUME_CHECK_CONSUMER) timestamp=13075 ms, used_size=14129152 bytes (34.5%)
(RDMA_READ_CONSUME_CHECK_CONSUMER) timestamp=13075 ms, used_size=14127104 bytes (34.5%)
(RDMA_READ_CONSUME_CHECK_CONSUMER) timestamp=13075 ms, used_size=14125056 bytes (34.5%)
(RDMA_READ_CONSUME_CHECK_CONSUMER) timestamp=13075 ms, used_size=14123008 bytes (34.5%)
(RDMA_READ_CONSUME_CHECK_CONSUMER) timestamp=13075 ms, used_size=14120960 bytes (34.5%)
(RDMA_READ_CONSUME_CHECK_CONSUMER) timestamp=13075 ms, used_size=14118912 bytes (34.5%)
(RDMA_READ_CONSUME_CHECK_CONSUMER) timestamp=13075 ms, used_size=14116864 bytes (34.5%)
(RDMA_READ_CONSUME_CHECK_CONSUMER) timestamp=13075 ms, used_size=14114816 bytes (34.5%)
(RDMA_READ_CONSUME_CHECK_CONSUMER) timestamp=13075 ms, used_size=14112768 bytes (34.5%)
(RDMA_READ_CONSUME_CHECK_CONSUMER) timestamp=13075 ms, used_size=14110720 bytes (34.5%)
(RDMA_READ_CONSUME_CHECK_CONSUMER) timestamp=13075 ms, used_size=14108672 bytes (34.4%)
(RDMA_READ_CONSUME_CHECK_CONSUMER) timestamp=13075 ms, used_size=14106624 bytes (34.4%)
(RDMA_READ_CONSUME_CHECK_CONSUMER) timestamp=13075 ms, used_size=14104576 bytes (34.4%)
(RDMA_READ_CONSUME_CHECK_CONSUMER) timestamp=13075 ms, used_size=14102528 bytes (34.4%)
(RDMA_READ_CONSUME_CHECK_CONSUMER) timestamp=13075 ms, used_size=14100480 bytes (34.4%)
(RDMA_READ_CONSUME_CHECK_CONSUMER) timestamp=13075 ms, used_size=14098432 bytes (34.4%)
(RDMA_READ_CONSUME_CHECK_CONSUMER) timestamp=13075 ms, used_size=14096384 bytes (34.4%)
(RDMA_READ_CONSUME_CHECK_CONSUMER) timestamp=13075 ms, used_size=14094336 bytes (34.4%)
(RDMA_READ_CONSUME_CHECK_CONSUMER) timestamp=13075 ms, used_size=14092288 bytes (34.4%)
(RDMA_READ_CONSUME_CHECK_CONSUMER) timestamp=13075 ms, used_size=14090240 bytes (34.4%)
(RDMA_READ_CONSUME_CHECK_CONSUMER) timestamp=13075 ms, used_size=14088192 bytes (34.4%)
(RDMA_READ_CONSUME_CHECK_CONSUMER) timestamp=13075 ms, used_size=14086144 bytes (34.4%)
(RDMA_READ_CONSUME_CHECK_CONSUMER) timestamp=13075 ms, used_size=14084096 bytes (34.4%)
(RDMA_READ_CONSUME_CHECK_CONSUMER) timestamp=13075 ms, used_size=14082048 bytes (34.4%)
(RDMA_READ_CONSUME_CHECK_CONSUMER) timestamp=13075 ms, used_size=14080000 bytes (34.4%)
(RDMA_READ_CONSUME_CHECK_CONSUMER) timestamp=13075 ms, used_size=14077952 bytes (34.4%)
(RDMA_READ_CONSUME_CHECK_CONSUMER) timestamp=13075 ms, used_size=14075904 bytes (34.4%)
(RDMA_READ_CONSUME_CHECK_CONSUMER) timestamp=13075 ms, used_size=14073856 bytes (34.4%)
(RDMA_READ_CONSUME_CHECK_CONSUMER) timestamp=13075 ms, used_size=14071808 bytes (34.4%)
(RDMA_READ_CONSUME_CHECK_CONSUMER) timestamp=13075 ms, used_size=14069760 bytes (34.4%)
(RDMA_READ_CONSUME_CHECK_CONSUMER) timestamp=13075 ms, used_size=14067712 bytes (34.3%)
(RDMA_READ_CONSUME_CHECK_CONSUMER) timestamp=13075 ms, used_size=14065664 bytes (34.3%)
(RDMA_READ_CONSUME_CHECK_CONSUMER) timestamp=13075 ms, used_size=14063616 bytes (34.3%)
(RDMA_READ_CONSUME_CHECK_CONSUMER) timestamp=13075 ms, used_size=14061568 bytes (34.3%)
(RDMA_READ_CONSUME_CHECK_CONSUMER) timestamp=13075 ms, used_size=14059520 bytes (34.3%)
(RDMA_READ_CONSUME_CHECK_CONSUMER) timestamp=13075 ms, used_size=14057472 bytes (34.3%)
(RDMA_READ_CONSUME_CHECK_CONSUMER) timestamp=13075 ms, used_size=14055424 bytes (34.3%)
(RDMA_READ_CONSUME_CHECK_CONSUMER) timestamp=13075 ms, used_size=14053376 bytes (34.3%)
(RDMA_READ_CONSUME_CHECK_CONSUMER) timestamp=13075 ms, used_size=14051328 bytes (34.3%)
(RDMA_READ_CONSUME_CHECK_CONSUMER) timestamp=13075 ms, used_size=14049280 bytes (34.3%)
(RDMA_READ_CONSUME_CHECK_CONSUMER) timestamp=13075 ms, used_size=14047232 bytes (34.3%)
(RDMA_READ_CONSUME_CHECK_CONSUMER) timestamp=13075 ms, used_size=14045184 bytes (34.3%)
(RDMA_READ_CONSUME_CHECK_CONSUMER) timestamp=13075 ms, used_size=14043136 bytes (34.3%)
(RDMA_READ_CONSUME_CHECK_CONSUMER) timestamp=13075 ms, used_size=14041088 bytes (34.3%)
(RDMA_READ_CONSUME_CHECK_CONSUMER) timestamp=13075 ms, used_size=14039040 bytes (34.3%)
(RDMA_READ_CONSUME_CHECK_CONSUMER) timestamp=13075 ms, used_size=14036992 bytes (34.3%)
(RDMA_READ_CONSUME_CHECK_CONSUMER) timestamp=13075 ms, used_size=14034944 bytes (34.3%)
(RDMA_READ_CONSUME_CHECK_CONSUMER) timestamp=13075 ms, used_size=14032896 bytes (34.3%)
(RDMA_READ_CONSUME_CHECK_CONSUMER) timestamp=13075 ms, used_size=14030848 bytes (34.3%)
(RDMA_READ_CONSUME_CHECK_CONSUMER) timestamp=13075 ms, used_size=14028800 bytes (34.2%)
(RDMA_READ_CONSUME_CHECK_CONSUMER) timestamp=13075 ms, used_size=14026752 bytes (34.2%)
(RDMA_READ_CONSUME_CHECK_CONSUMER) timestamp=13075 ms, used_size=14024704 bytes (34.2%)
(RDMA_READ_CONSUME_CHECK_CONSUMER) timestamp=13075 ms, used_size=14022656 bytes (34.2%)
(RDMA_READ_CONSUME_CHECK_CONSUMER) timestamp=13075 ms, used_size=14020608 bytes (34.2%)
(RDMA_READ_CONSUME_CHECK_CONSUMER) timestamp=13075 ms, used_size=14018560 bytes (34.2%)
(RDMA_READ_CONSUME_CHECK_CONSUMER) timestamp=13075 ms, used_size=14016512 bytes (34.2%)
(RDMA_READ_CONSUME_CHECK_CONSUMER) timestamp=13075 ms, used_size=14014464 bytes (34.2%)
(RDMA_READ_CONSUME_CHECK_CONSUMER) timestamp=13075 ms, used_size=14012416 bytes (34.2%)
(RDMA_READ_CONSUME_CHECK_CONSUMER) timestamp=13075 ms, used_size=14010368 bytes (34.2%)
(RDMA_READ_CONSUME_CHECK_CONSUMER) timestamp=13075 ms, used_size=14008320 bytes (34.2%)
(RDMA_READ_CONSUME_CHECK_CONSUMER) timestamp=13075 ms, used_size=14006272 bytes (34.2%)
(RDMA_READ_CONSUME_CHECK_CONSUMER) timestamp=13075 ms, used_size=14004224 bytes (34.2%)
(RDMA_READ_CONSUME_CHECK_CONSUMER) timestamp=13075 ms, used_size=14002176 bytes (34.2%)
(RDMA_READ_CONSUME_CHECK_CONSUMER) timestamp=13075 ms, used_size=14000128 bytes (34.2%)
(RDMA_READ_CONSUME_CHECK_CONSUMER) timestamp=13075 ms, used_size=13998080 bytes (34.2%)
(RDMA_READ_CONSUME_CHECK_CONSUMER) timestamp=13075 ms, used_size=13996032 bytes (34.2%)
(RDMA_READ_CONSUME_CHECK_CONSUMER) timestamp=13075 ms, used_size=13993984 bytes (34.2%)
(RDMA_READ_CONSUME_CHECK_CONSUMER) timestamp=13075 ms, used_size=13991936 bytes (34.2%)
(RDMA_READ_CONSUME_CHECK_CONSUMER) timestamp=13075 ms, used_size=13989888 bytes (34.2%)
(RDMA_READ_CONSUME_CHECK_CONSUMER) timestamp=13075 ms, used_size=13987840 bytes (34.1%)
(RDMA_READ_CONSUME_CHECK_CONSUMER) timestamp=13075 ms, used_size=13985792 bytes (34.1%)
(RDMA_READ_CONSUME_CHECK_CONSUMER) timestamp=13075 ms, used_size=13983744 bytes (34.1%)
(RDMA_READ_CONSUME_CHECK_CONSUMER) timestamp=13075 ms, used_size=13981696 bytes (34.1%)
(RDMA_READ_CONSUME_CHECK_CONSUMER) timestamp=13075 ms, used_size=13979648 bytes (34.1%)
(RDMA_READ_CONSUME_CHECK_CONSUMER) timestamp=13075 ms, used_size=13977600 bytes (34.1%)
(RDMA_READ_CONSUME_CHECK_CONSUMER) timestamp=13075 ms, used_size=13975552 bytes (34.1%)
(RDMA_READ_CONSUME_CHECK_CONSUMER) timestamp=13075 ms, used_size=13973504 bytes (34.1%)
(RDMA_READ_CONSUME_CHECK_CONSUMER) timestamp=13075 ms, used_size=13971456 bytes (34.1%)
(RDMA_READ_CONSUME_CHECK_CONSUMER) timestamp=13075 ms, used_size=13969408 bytes (34.1%)
(RDMA_READ_CONSUME_CHECK_CONSUMER) timestamp=13075 ms, used_size=13967360 bytes (34.1%)
(RDMA_READ_CONSUME_CHECK_CONSUMER) timestamp=13075 ms, used_size=13965312 bytes (34.1%)
(RDMA_READ_CONSUME_CHECK_CONSUMER) timestamp=13075 ms, used_size=13963264 bytes (34.1%)
(RDMA_READ_CONSUME_CHECK_CONSUMER) timestamp=13075 ms, used_size=13961216 bytes (34.1%)
(RDMA_READ_CONSUME_CHECK_CONSUMER) timestamp=13075 ms, used_size=13959168 bytes (34.1%)
(RDMA_READ_CONSUME_CHECK_CONSUMER) timestamp=13075 ms, used_size=13957120 bytes (34.1%)
(RDMA_READ_CONSUME_CHECK_CONSUMER) timestamp=13075 ms, used_size=13955072 bytes (34.1%)
(RDMA_READ_CONSUME_CHECK_CONSUMER) timestamp=13075 ms, used_size=13953024 bytes (34.1%)
(RDMA_READ_CONSUME_CHECK_CONSUMER) timestamp=13075 ms, used_size=13950976 bytes (34.1%)
(RDMA_READ_CONSUME_CHECK_CONSUMER) timestamp=13075 ms, used_size=13948928 bytes (34.1%)
(RDMA_READ_CONSUME_CHECK_CONSUMER) timestamp=13075 ms, used_size=13946880 bytes (34.0%)
(RDMA_READ_CONSUME_CHECK_CONSUMER) timestamp=13075 ms, used_size=13944832 bytes (34.0%)
(RDMA_READ_CONSUME_CHECK_CONSUMER) timestamp=13075 ms, used_size=13942784 bytes (34.0%)
(RDMA_READ_CONSUME_CHECK_CONSUMER) timestamp=13075 ms, used_size=13940736 bytes (34.0%)
(RDMA_READ_CONSUME_CHECK_CONSUMER) timestamp=13075 ms, used_size=13938688 bytes (34.0%)
(RDMA_READ_CONSUME_CHECK_CONSUMER) timestamp=13075 ms, used_size=13936640 bytes (34.0%)
(RDMA_READ_CONSUME_CHECK_CONSUMER) timestamp=13075 ms, used_size=13934592 bytes (34.0%)
(RDMA_READ_CONSUME_CHECK_CONSUMER) timestamp=13075 ms, used_size=13932544 bytes (34.0%)
(RDMA_READ_CONSUME_CHECK_CONSUMER) timestamp=13075 ms, used_size=13930496 bytes (34.0%)
(RDMA_READ_CONSUME_CHECK_CONSUMER) timestamp=13075 ms, used_size=13928448 bytes (34.0%)
(RDMA_READ_CONSUME_CHECK_CONSUMER) timestamp=13075 ms, used_size=13926400 bytes (34.0%)
(RDMA_READ_CONSUME_CHECK_CONSUMER) timestamp=13075 ms, used_size=13924352 bytes (34.0%)
(RDMA_READ_CONSUME_CHECK_CONSUMER) timestamp=13075 ms, used_size=13922304 bytes (34.0%)
(RDMA_READ_CONSUME_CHECK_CONSUMER) timestamp=13075 ms, used_size=13920256 bytes (34.0%)
(RDMA_READ_CONSUME_CHECK_CONSUMER) timestamp=13075 ms, used_size=13918208 bytes (34.0%)
(RDMA_READ_CONSUME_CHECK_CONSUMER) timestamp=13075 ms, used_size=13916160 bytes (34.0%)
(RDMA_READ_CONSUME_CHECK_CONSUMER) timestamp=13075 ms, used_size=13914112 bytes (34.0%)
(RDMA_READ_CONSUME_CHECK_CONSUMER) timestamp=13075 ms, used_size=13912064 bytes (34.0%)
(RDMA_READ_CONSUME_CHECK_CONSUMER) timestamp=13075 ms, used_size=13910016 bytes (34.0%)
(RDMA_READ_CONSUME_CHECK_CONSUMER) timestamp=13075 ms, used_size=13907968 bytes (34.0%)
(RDMA_READ_CONSUME_CHECK_CONSUMER) timestamp=13075 ms, used_size=13905920 bytes (34.0%)
(RDMA_READ_CONSUME_CHECK_CONSUMER) timestamp=13075 ms, used_size=13903872 bytes (33.9%)
(RDMA_READ_CONSUME_CHECK_CONSUMER) timestamp=13075 ms, used_size=13901824 bytes (33.9%)
(RDMA_READ_CONSUME_CHECK_CONSUMER) timestamp=13075 ms, used_size=13899776 bytes (33.9%)
(RDMA_READ_CONSUME_CHECK_CONSUMER) timestamp=13075 ms, used_size=13897728 bytes (33.9%)
(RDMA_READ_CONSUME_CHECK_CONSUMER) timestamp=13075 ms, used_size=13895680 bytes (33.9%)
(RDMA_READ_CONSUME_CHECK_CONSUMER) timestamp=13075 ms, used_size=13893632 bytes (33.9%)
(RDMA_READ_CONSUME_CHECK_CONSUMER) timestamp=13075 ms, used_size=13891584 bytes (33.9%)
(RDMA_READ_CONSUME_CHECK_CONSUMER) timestamp=13075 ms, used_size=13889536 bytes (33.9%)
(RDMA_READ_CONSUME_CHECK_CONSUMER) timestamp=13075 ms, used_size=13887488 bytes (33.9%)
(RDMA_READ_CONSUME_CHECK_CONSUMER) timestamp=13075 ms, used_size=13885440 bytes (33.9%)
(RDMA_READ_CONSUME_CHECK_CONSUMER) timestamp=13075 ms, used_size=13883392 bytes (33.9%)
(RDMA_READ_CONSUME_CHECK_CONSUMER) timestamp=13075 ms, used_size=13881344 bytes (33.9%)
(RDMA_READ_CONSUME_CHECK_CONSUMER) timestamp=13075 ms, used_size=13879296 bytes (33.9%)
(RDMA_READ_CONSUME_CHECK_CONSUMER) timestamp=13075 ms, used_size=13877248 bytes (33.9%)
(RDMA_READ_CONSUME_CHECK_CONSUMER) timestamp=13075 ms, used_size=13875200 bytes (33.9%)
(RDMA_READ_CONSUME_CHECK_CONSUMER) timestamp=13075 ms, used_size=13873152 bytes (33.9%)
(RDMA_READ_CONSUME_CHECK_CONSUMER) timestamp=13075 ms, used_size=13871104 bytes (33.9%)
(RDMA_READ_CONSUME_CHECK_CONSUMER) timestamp=13075 ms, used_size=13869056 bytes (33.9%)
(RDMA_READ_CONSUME_CHECK_CONSUMER) timestamp=13075 ms, used_size=13867008 bytes (33.9%)
(RDMA_READ_CONSUME_CHECK_CONSUMER) timestamp=13075 ms, used_size=13864960 bytes (33.9%)
(RDMA_READ_CONSUME_CHECK_CONSUMER) timestamp=13075 ms, used_size=13862912 bytes (33.8%)
(RDMA_READ_CONSUME_CHECK_CONSUMER) timestamp=13075 ms, used_size=13860864 bytes (33.8%)
(RDMA_READ_CONSUME_CHECK_CONSUMER) timestamp=13075 ms, used_size=13858816 bytes (33.8%)
(RDMA_READ_CONSUME_CHECK_CONSUMER) timestamp=13075 ms, used_size=13856768 bytes (33.8%)
(RDMA_READ_CONSUME_CHECK_CONSUMER) timestamp=13075 ms, used_size=13854720 bytes (33.8%)
(RDMA_READ_CONSUME_CHECK_CONSUMER) timestamp=13075 ms, used_size=13852672 bytes (33.8%)
(RDMA_READ_CONSUME_CHECK_CONSUMER) timestamp=13075 ms, used_size=13850624 bytes (33.8%)
(RDMA_READ_CONSUME_CHECK_CONSUMER) timestamp=13075 ms, used_size=13848576 bytes (33.8%)
(RDMA_READ_CONSUME_CHECK_CONSUMER) timestamp=13075 ms, used_size=13846528 bytes (33.8%)
(RDMA_READ_CONSUME_CHECK_CONSUMER) timestamp=13075 ms, used_size=13844480 bytes (33.8%)
(RDMA_READ_CONSUME_CHECK_CONSUMER) timestamp=13075 ms, used_size=13842432 bytes (33.8%)
(RDMA_READ_CONSUME_CHECK_CONSUMER) timestamp=13075 ms, used_size=13840384 bytes (33.8%)
(RDMA_READ_CONSUME_CHECK_CONSUMER) timestamp=13075 ms, used_size=13838336 bytes (33.8%)
(RDMA_READ_CONSUME_CHECK_CONSUMER) timestamp=13075 ms, used_size=13836288 bytes (33.8%)
(RDMA_READ_CONSUME_CHECK_CONSUMER) timestamp=13075 ms, used_size=13834240 bytes (33.8%)
(RDMA_READ_CONSUME_CHECK_CONSUMER) timestamp=13075 ms, used_size=13832192 bytes (33.8%)
(RDMA_READ_CONSUME_CHECK_CONSUMER) timestamp=13075 ms, used_size=13830144 bytes (33.8%)
(RDMA_READ_CONSUME_CHECK_CONSUMER) timestamp=13075 ms, used_size=13828096 bytes (33.8%)
(RDMA_READ_CONSUME_CHECK_CONSUMER) timestamp=13075 ms, used_size=13826048 bytes (33.8%)
(RDMA_READ_CONSUME_CHECK_CONSUMER) timestamp=13075 ms, used_size=13824000 bytes (33.8%)
(RDMA_READ_CONSUME_CHECK_CONSUMER) timestamp=13075 ms, used_size=13821952 bytes (33.7%)
(RDMA_READ_CONSUME_CHECK_CONSUMER) timestamp=13075 ms, used_size=13819904 bytes (33.7%)
(RDMA_READ_CONSUME_CHECK_CONSUMER) timestamp=13075 ms, used_size=13817856 bytes (33.7%)
(RDMA_READ_CONSUME_CHECK_CONSUMER) timestamp=13075 ms, used_size=13815808 bytes (33.7%)
(RDMA_READ_CONSUME_CHECK_CONSUMER) timestamp=13075 ms, used_size=13813760 bytes (33.7%)
(RDMA_READ_CONSUME_CHECK_CONSUMER) timestamp=13075 ms, used_size=13811712 bytes (33.7%)
(RDMA_READ_CONSUME_CHECK_CONSUMER) timestamp=13075 ms, used_size=13809664 bytes (33.7%)
(RDMA_READ_CONSUME_CHECK_CONSUMER) timestamp=13075 ms, used_size=13807616 bytes (33.7%)
(RDMA_READ_CONSUME_CHECK_CONSUMER) timestamp=13075 ms, used_size=13805568 bytes (33.7%)
(RDMA_READ_CONSUME_CHECK_CONSUMER) timestamp=13075 ms, used_size=13803520 bytes (33.7%)
(RDMA_READ_CONSUME_CHECK_CONSUMER) timestamp=13075 ms, used_size=13801472 bytes (33.7%)
(RDMA_READ_CONSUME_CHECK_CONSUMER) timestamp=13075 ms, used_size=13799424 bytes (33.7%)
(RDMA_READ_CONSUME_CHECK_CONSUMER) timestamp=13075 ms, used_size=13797376 bytes (33.7%)
(RDMA_READ_CONSUME_CHECK_CONSUMER) timestamp=13075 ms, used_size=13795328 bytes (33.7%)
(RDMA_READ_CONSUME_CHECK_CONSUMER) timestamp=13075 ms, used_size=13793280 bytes (33.7%)
(RDMA_READ_CONSUME_CHECK_CONSUMER) timestamp=13075 ms, used_size=13791232 bytes (33.7%)
(RDMA_READ_CONSUME_CHECK_CONSUMER) timestamp=13075 ms, used_size=13789184 bytes (33.7%)
(RDMA_READ_CONSUME_CHECK_CONSUMER) timestamp=13075 ms, used_size=13787136 bytes (33.7%)
(RDMA_READ_CONSUME_CHECK_CONSUMER) timestamp=13075 ms, used_size=13785088 bytes (33.7%)
(RDMA_READ_CONSUME_CHECK_CONSUMER) timestamp=13075 ms, used_size=13783040 bytes (33.6%)
(RDMA_READ_CONSUME_CHECK_CONSUMER) timestamp=13075 ms, used_size=13780992 bytes (33.6%)
(RDMA_READ_CONSUME_CHECK_CONSUMER) timestamp=13076 ms, used_size=13778944 bytes (33.6%)
(RDMA_READ_CONSUME_CHECK_CONSUMER) timestamp=13076 ms, used_size=13776896 bytes (33.6%)
(RDMA_READ_CONSUME_CHECK_CONSUMER) timestamp=13076 ms, used_size=13774848 bytes (33.6%)
(RDMA_READ_CONSUME_CHECK_CONSUMER) timestamp=13076 ms, used_size=13772800 bytes (33.6%)
(RDMA_READ_CONSUME_CHECK_CONSUMER) timestamp=13076 ms, used_size=13770752 bytes (33.6%)
(RDMA_READ_CONSUME_CHECK_CONSUMER) timestamp=13076 ms, used_size=13768704 bytes (33.6%)
(RDMA_READ_CONSUME_CHECK_CONSUMER) timestamp=13076 ms, used_size=13766656 bytes (33.6%)
(RDMA_READ_CONSUME_CHECK_CONSUMER) timestamp=13076 ms, used_size=13764608 bytes (33.6%)
(RDMA_READ_CONSUME_CHECK_CONSUMER) timestamp=13076 ms, used_size=13762560 bytes (33.6%)
(RDMA_READ_CONSUME_CHECK_CONSUMER) timestamp=13076 ms, used_size=13760512 bytes (33.6%)
(RDMA_READ_CONSUME_CHECK_CONSUMER) timestamp=13076 ms, used_size=13758464 bytes (33.6%)
(RDMA_READ_CONSUME_CHECK_CONSUMER) timestamp=13076 ms, used_size=13756416 bytes (33.6%)
(RDMA_READ_CONSUME_CHECK_CONSUMER) timestamp=13076 ms, used_size=13754368 bytes (33.6%)
(RDMA_READ_CONSUME_CHECK_CONSUMER) timestamp=13076 ms, used_size=13752320 bytes (33.6%)
(RDMA_READ_CONSUME_CHECK_CONSUMER) timestamp=13076 ms, used_size=13750272 bytes (33.6%)
(RDMA_READ_CONSUME_CHECK_CONSUMER) timestamp=13076 ms, used_size=13748224 bytes (33.6%)
(RDMA_READ_CONSUME_CHECK_CONSUMER) timestamp=13076 ms, used_size=13746176 bytes (33.6%)
(RDMA_READ_CONSUME_CHECK_CONSUMER) timestamp=13076 ms, used_size=13744128 bytes (33.6%)
(RDMA_READ_CONSUME_CHECK_CONSUMER) timestamp=13076 ms, used_size=13742080 bytes (33.5%)
(RDMA_READ_CONSUME_CHECK_CONSUMER) timestamp=13076 ms, used_size=13740032 bytes (33.5%)
(RDMA_READ_CONSUME_CHECK_CONSUMER) timestamp=13076 ms, used_size=13737984 bytes (33.5%)
(RDMA_READ_CONSUME_CHECK_CONSUMER) timestamp=13076 ms, used_size=13735936 bytes (33.5%)
(RDMA_READ_CONSUME_CHECK_CONSUMER) timestamp=13076 ms, used_size=13733888 bytes (33.5%)
(RDMA_READ_CONSUME_CHECK_CONSUMER) timestamp=13076 ms, used_size=13731840 bytes (33.5%)
(RDMA_READ_CONSUME_CHECK_CONSUMER) timestamp=13076 ms, used_size=13729792 bytes (33.5%)
(RDMA_READ_CONSUME_CHECK_CONSUMER) timestamp=13076 ms, used_size=13727744 bytes (33.5%)
(RDMA_READ_CONSUME_CHECK_CONSUMER) timestamp=13076 ms, used_size=13725696 bytes (33.5%)
(RDMA_READ_CONSUME_CHECK_CONSUMER) timestamp=13076 ms, used_size=13723648 bytes (33.5%)
(RDMA_READ_CONSUME_CHECK_CONSUMER) timestamp=13076 ms, used_size=13721600 bytes (33.5%)
(RDMA_READ_CONSUME_CHECK_CONSUMER) timestamp=13076 ms, used_size=13719552 bytes (33.5%)
(RDMA_READ_CONSUME_CHECK_CONSUMER) timestamp=13076 ms, used_size=13717504 bytes (33.5%)
(RDMA_READ_CONSUME_CHECK_CONSUMER) timestamp=13076 ms, used_size=13715456 bytes (33.5%)
(RDMA_READ_CONSUME_CHECK_CONSUMER) timestamp=13076 ms, used_size=13713408 bytes (33.5%)
(RDMA_READ_CONSUME_CHECK_CONSUMER) timestamp=13076 ms, used_size=13711360 bytes (33.5%)
(RDMA_READ_CONSUME_CHECK_CONSUMER) timestamp=13076 ms, used_size=13709312 bytes (33.5%)
(RDMA_READ_CONSUME_CHECK_CONSUMER) timestamp=13076 ms, used_size=13707264 bytes (33.5%)
(RDMA_READ_CONSUME_CHECK_CONSUMER) timestamp=13076 ms, used_size=13705216 bytes (33.5%)
(RDMA_READ_CONSUME_CHECK_CONSUMER) timestamp=13076 ms, used_size=13703168 bytes (33.5%)
(RDMA_READ_CONSUME_CHECK_CONSUMER) timestamp=13076 ms, used_size=13701120 bytes (33.5%)
(RDMA_READ_CONSUME_CHECK_CONSUMER) timestamp=13076 ms, used_size=13699072 bytes (33.4%)
(RDMA_READ_CONSUME_CHECK_CONSUMER) timestamp=13076 ms, used_size=13697024 bytes (33.4%)
(RDMA_READ_CONSUME_CHECK_CONSUMER) timestamp=13076 ms, used_size=13694976 bytes (33.4%)
(RDMA_READ_CONSUME_CHECK_CONSUMER) timestamp=13076 ms, used_size=13692928 bytes (33.4%)
(RDMA_READ_CONSUME_CHECK_CONSUMER) timestamp=13076 ms, used_size=13690880 bytes (33.4%)
(RDMA_READ_CONSUME_CHECK_CONSUMER) timestamp=13076 ms, used_size=13688832 bytes (33.4%)
(RDMA_READ_CONSUME_CHECK_CONSUMER) timestamp=13076 ms, used_size=13686784 bytes (33.4%)
(RDMA_READ_CONSUME_CHECK_CONSUMER) timestamp=13076 ms, used_size=13684736 bytes (33.4%)
(RDMA_READ_CONSUME_CHECK_CONSUMER) timestamp=13076 ms, used_size=13682688 bytes (33.4%)
(RDMA_READ_CONSUME_CHECK_CONSUMER) timestamp=13076 ms, used_size=13680640 bytes (33.4%)
(RDMA_READ_CONSUME_CHECK_CONSUMER) timestamp=13076 ms, used_size=13678592 bytes (33.4%)
(RDMA_READ_CONSUME_CHECK_CONSUMER) timestamp=13076 ms, used_size=13676544 bytes (33.4%)
(RDMA_READ_CONSUME_CHECK_CONSUMER) timestamp=13076 ms, used_size=13674496 bytes (33.4%)
(RDMA_READ_CONSUME_CHECK_CONSUMER) timestamp=13076 ms, used_size=13672448 bytes (33.4%)
(RDMA_READ_CONSUME_CHECK_CONSUMER) timestamp=13076 ms, used_size=13670400 bytes (33.4%)
(RDMA_READ_CONSUME_CHECK_CONSUMER) timestamp=13076 ms, used_size=13668352 bytes (33.4%)
(RDMA_READ_CONSUME_CHECK_CONSUMER) timestamp=13076 ms, used_size=13666304 bytes (33.4%)
(RDMA_READ_CONSUME_CHECK_CONSUMER) timestamp=13076 ms, used_size=13664256 bytes (33.4%)
(RDMA_READ_CONSUME_CHECK_CONSUMER) timestamp=13076 ms, used_size=13662208 bytes (33.4%)
(RDMA_READ_CONSUME_CHECK_CONSUMER) timestamp=13076 ms, used_size=13660160 bytes (33.4%)
(RDMA_READ_CONSUME_CHECK_CONSUMER) timestamp=13076 ms, used_size=13658112 bytes (33.3%)
(RDMA_READ_CONSUME_CHECK_CONSUMER) timestamp=13076 ms, used_size=13656064 bytes (33.3%)
(RDMA_READ_CONSUME_CHECK_CONSUMER) timestamp=13076 ms, used_size=13654016 bytes (33.3%)
(RDMA_READ_CONSUME_CHECK_CONSUMER) timestamp=13076 ms, used_size=13651968 bytes (33.3%)
(RDMA_READ_CONSUME_CHECK_CONSUMER) timestamp=13076 ms, used_size=13649920 bytes (33.3%)
(RDMA_READ_CONSUME_CHECK_CONSUMER) timestamp=13076 ms, used_size=13647872 bytes (33.3%)
(RDMA_READ_CONSUME_CHECK_CONSUMER) timestamp=13076 ms, used_size=13645824 bytes (33.3%)
(RDMA_READ_CONSUME_CHECK_CONSUMER) timestamp=13076 ms, used_size=13643776 bytes (33.3%)
(RDMA_READ_CONSUME_CHECK_CONSUMER) timestamp=13076 ms, used_size=13641728 bytes (33.3%)
(RDMA_READ_CONSUME_CHECK_CONSUMER) timestamp=13076 ms, used_size=13639680 bytes (33.3%)
(RDMA_READ_CONSUME_CHECK_CONSUMER) timestamp=13076 ms, used_size=13637632 bytes (33.3%)
(RDMA_READ_CONSUME_CHECK_CONSUMER) timestamp=13076 ms, used_size=13635584 bytes (33.3%)
(RDMA_READ_CONSUME_CHECK_CONSUMER) timestamp=13076 ms, used_size=13633536 bytes (33.3%)
(RDMA_READ_CONSUME_CHECK_CONSUMER) timestamp=13076 ms, used_size=13631488 bytes (33.3%)
(RDMA_READ_CONSUME_CHECK_CONSUMER) timestamp=13076 ms, used_size=13629440 bytes (33.3%)
(RDMA_READ_CONSUME_CHECK_CONSUMER) timestamp=13076 ms, used_size=13627392 bytes (33.3%)
(RDMA_READ_CONSUME_CHECK_CONSUMER) timestamp=13076 ms, used_size=13625344 bytes (33.3%)
(RDMA_READ_CONSUME_CHECK_CONSUMER) timestamp=13076 ms, used_size=13623296 bytes (33.3%)
(RDMA_READ_CONSUME_CHECK_CONSUMER) timestamp=13076 ms, used_size=13621248 bytes (33.3%)
(RDMA_READ_CONSUME_CHECK_CONSUMER) timestamp=13076 ms, used_size=13619200 bytes (33.2%)
(RDMA_READ_CONSUME_CHECK_CONSUMER) timestamp=13076 ms, used_size=13617152 bytes (33.2%)
(RDMA_READ_CONSUME_CHECK_CONSUMER) timestamp=13076 ms, used_size=13615104 bytes (33.2%)
(RDMA_READ_CONSUME_CHECK_CONSUMER) timestamp=13076 ms, used_size=13613056 bytes (33.2%)
(RDMA_READ_CONSUME_CHECK_CONSUMER) timestamp=13076 ms, used_size=13611008 bytes (33.2%)
(RDMA_READ_CONSUME_CHECK_CONSUMER) timestamp=13076 ms, used_size=13608960 bytes (33.2%)
(RDMA_READ_CONSUME_CHECK_CONSUMER) timestamp=13076 ms, used_size=13606912 bytes (33.2%)
(RDMA_READ_CONSUME_CHECK_CONSUMER) timestamp=13076 ms, used_size=13604864 bytes (33.2%)
(RDMA_READ_CONSUME_CHECK_CONSUMER) timestamp=13076 ms, used_size=13602816 bytes (33.2%)
(RDMA_READ_CONSUME_CHECK_CONSUMER) timestamp=13076 ms, used_size=13600768 bytes (33.2%)
(RDMA_READ_CONSUME_CHECK_CONSUMER) timestamp=13076 ms, used_size=13598720 bytes (33.2%)
(RDMA_READ_CONSUME_CHECK_CONSUMER) timestamp=13076 ms, used_size=13596672 bytes (33.2%)
(RDMA_READ_CONSUME_CHECK_CONSUMER) timestamp=13076 ms, used_size=13594624 bytes (33.2%)
(RDMA_READ_CONSUME_CHECK_CONSUMER) timestamp=13076 ms, used_size=13592576 bytes (33.2%)
(RDMA_READ_CONSUME_CHECK_CONSUMER) timestamp=13076 ms, used_size=13590528 bytes (33.2%)
(RDMA_READ_CONSUME_CHECK_CONSUMER) timestamp=13076 ms, used_size=13588480 bytes (33.2%)
(RDMA_READ_CONSUME_CHECK_CONSUMER) timestamp=13076 ms, used_size=13586432 bytes (33.2%)
(RDMA_READ_CONSUME_CHECK_CONSUMER) timestamp=13076 ms, used_size=13584384 bytes (33.2%)
(RDMA_READ_CONSUME_CHECK_CONSUMER) timestamp=13076 ms, used_size=13582336 bytes (33.2%)
(RDMA_READ_CONSUME_CHECK_CONSUMER) timestamp=13076 ms, used_size=13580288 bytes (33.2%)
(RDMA_READ_CONSUME_CHECK_CONSUMER) timestamp=13076 ms, used_size=13578240 bytes (33.1%)
(RDMA_READ_CONSUME_CHECK_CONSUMER) timestamp=13076 ms, used_size=13576192 bytes (33.1%)
(RDMA_READ_CONSUME_CHECK_CONSUMER) timestamp=13076 ms, used_size=13574144 bytes (33.1%)
(RDMA_READ_CONSUME_CHECK_CONSUMER) timestamp=13076 ms, used_size=13572096 bytes (33.1%)
(RDMA_READ_CONSUME_CHECK_CONSUMER) timestamp=13076 ms, used_size=13570048 bytes (33.1%)
(RDMA_READ_CONSUME_CHECK_CONSUMER) timestamp=13076 ms, used_size=13568000 bytes (33.1%)
(RDMA_READ_CONSUME_CHECK_CONSUMER) timestamp=13076 ms, used_size=13565952 bytes (33.1%)
(RDMA_READ_CONSUME_CHECK_CONSUMER) timestamp=13076 ms, used_size=13563904 bytes (33.1%)
(RDMA_READ_CONSUME_CHECK_CONSUMER) timestamp=13076 ms, used_size=13561856 bytes (33.1%)
(RDMA_READ_CONSUME_CHECK_CONSUMER) timestamp=13076 ms, used_size=13559808 bytes (33.1%)
(RDMA_READ_CONSUME_CHECK_CONSUMER) timestamp=13076 ms, used_size=13557760 bytes (33.1%)
(RDMA_READ_CONSUME_CHECK_CONSUMER) timestamp=13076 ms, used_size=13555712 bytes (33.1%)
(RDMA_READ_CONSUME_CHECK_CONSUMER) timestamp=13076 ms, used_size=13553664 bytes (33.1%)
(RDMA_READ_CONSUME_CHECK_CONSUMER) timestamp=13076 ms, used_size=13551616 bytes (33.1%)
(RDMA_READ_CONSUME_CHECK_CONSUMER) timestamp=13076 ms, used_size=13549568 bytes (33.1%)
(RDMA_READ_CONSUME_CHECK_CONSUMER) timestamp=13076 ms, used_size=13547520 bytes (33.1%)
(RDMA_READ_CONSUME_CHECK_CONSUMER) timestamp=13076 ms, used_size=13545472 bytes (33.1%)
(RDMA_READ_CONSUME_CHECK_CONSUMER) timestamp=13076 ms, used_size=13543424 bytes (33.1%)
(RDMA_READ_CONSUME_CHECK_CONSUMER) timestamp=13076 ms, used_size=13541376 bytes (33.1%)
(RDMA_READ_CONSUME_CHECK_CONSUMER) timestamp=13076 ms, used_size=13539328 bytes (33.1%)
(RDMA_READ_CONSUME_CHECK_CONSUMER) timestamp=13076 ms, used_size=13537280 bytes (33.0%)
(RDMA_READ_CONSUME_CHECK_CONSUMER) timestamp=13076 ms, used_size=13535232 bytes (33.0%)
(RDMA_READ_CONSUME_CHECK_CONSUMER) timestamp=13076 ms, used_size=13533184 bytes (33.0%)
(RDMA_READ_CONSUME_CHECK_CONSUMER) timestamp=13076 ms, used_size=13531136 bytes (33.0%)
(RDMA_READ_CONSUME_CHECK_CONSUMER) timestamp=13076 ms, used_size=13529088 bytes (33.0%)
(RDMA_READ_CONSUME_CHECK_CONSUMER) timestamp=13076 ms, used_size=13527040 bytes (33.0%)
(RDMA_READ_CONSUME_CHECK_CONSUMER) timestamp=13076 ms, used_size=13524992 bytes (33.0%)
(RDMA_READ_CONSUME_CHECK_CONSUMER) timestamp=13076 ms, used_size=13522944 bytes (33.0%)
(RDMA_READ_CONSUME_CHECK_CONSUMER) timestamp=13076 ms, used_size=13520896 bytes (33.0%)
(RDMA_READ_CONSUME_CHECK_CONSUMER) timestamp=13076 ms, used_size=13518848 bytes (33.0%)
(RDMA_READ_CONSUME_CHECK_CONSUMER) timestamp=13076 ms, used_size=13516800 bytes (33.0%)
(RDMA_READ_CONSUME_CHECK_CONSUMER) timestamp=13076 ms, used_size=13514752 bytes (33.0%)
(RDMA_READ_CONSUME_CHECK_CONSUMER) timestamp=13076 ms, used_size=13512704 bytes (33.0%)
(RDMA_READ_CONSUME_CHECK_CONSUMER) timestamp=13076 ms, used_size=13510656 bytes (33.0%)
(RDMA_READ_CONSUME_CHECK_CONSUMER) timestamp=13076 ms, used_size=13508608 bytes (33.0%)
(RDMA_READ_CONSUME_CHECK_CONSUMER) timestamp=13076 ms, used_size=13506560 bytes (33.0%)
(RDMA_READ_CONSUME_CHECK_CONSUMER) timestamp=13076 ms, used_size=13504512 bytes (33.0%)
(RDMA_READ_CONSUME_CHECK_CONSUMER) timestamp=13076 ms, used_size=13502464 bytes (33.0%)
(RDMA_READ_CONSUME_CHECK_CONSUMER) timestamp=13076 ms, used_size=13500416 bytes (33.0%)
(RDMA_READ_CONSUME_CHECK_CONSUMER) timestamp=13076 ms, used_size=13498368 bytes (33.0%)
(RDMA_READ_CONSUME_CHECK_CONSUMER) timestamp=13076 ms, used_size=13496320 bytes (33.0%)
(RDMA_READ_CONSUME_CHECK_CONSUMER) timestamp=13076 ms, used_size=13494272 bytes (32.9%)
(RDMA_READ_CONSUME_CHECK_CONSUMER) timestamp=13076 ms, used_size=13492224 bytes (32.9%)
(RDMA_READ_CONSUME_CHECK_CONSUMER) timestamp=13076 ms, used_size=13490176 bytes (32.9%)
(RDMA_READ_CONSUME_CHECK_CONSUMER) timestamp=13076 ms, used_size=13488128 bytes (32.9%)
(RDMA_READ_CONSUME_CHECK_CONSUMER) timestamp=13076 ms, used_size=13486080 bytes (32.9%)
(RDMA_READ_CONSUME_CHECK_CONSUMER) timestamp=13076 ms, used_size=13484032 bytes (32.9%)
(RDMA_READ_CONSUME_CHECK_CONSUMER) timestamp=13076 ms, used_size=13481984 bytes (32.9%)
(RDMA_READ_CONSUME_CHECK_CONSUMER) timestamp=13076 ms, used_size=13479936 bytes (32.9%)
(RDMA_READ_CONSUME_CHECK_CONSUMER) timestamp=13076 ms, used_size=13477888 bytes (32.9%)
(RDMA_READ_CONSUME_CHECK_CONSUMER) timestamp=13076 ms, used_size=13475840 bytes (32.9%)
(RDMA_READ_CONSUME_CHECK_CONSUMER) timestamp=13076 ms, used_size=13473792 bytes (32.9%)
(RDMA_READ_CONSUME_CHECK_CONSUMER) timestamp=13076 ms, used_size=13471744 bytes (32.9%)
(RDMA_READ_CONSUME_CHECK_CONSUMER) timestamp=13076 ms, used_size=13469696 bytes (32.9%)
(RDMA_READ_CONSUME_CHECK_CONSUMER) timestamp=13076 ms, used_size=13467648 bytes (32.9%)
(RDMA_READ_CONSUME_CHECK_CONSUMER) timestamp=13076 ms, used_size=13465600 bytes (32.9%)
(RDMA_READ_CONSUME_CHECK_CONSUMER) timestamp=13076 ms, used_size=13463552 bytes (32.9%)
(RDMA_READ_CONSUME_CHECK_CONSUMER) timestamp=13076 ms, used_size=13461504 bytes (32.9%)
(RDMA_READ_CONSUME_CHECK_CONSUMER) timestamp=13076 ms, used_size=13459456 bytes (32.9%)
(RDMA_READ_CONSUME_CHECK_CONSUMER) timestamp=13076 ms, used_size=13457408 bytes (32.9%)
(RDMA_READ_CONSUME_CHECK_CONSUMER) timestamp=13076 ms, used_size=13455360 bytes (32.9%)
(RDMA_READ_CONSUME_CHECK_CONSUMER) timestamp=13076 ms, used_size=13453312 bytes (32.8%)
(RDMA_READ_CONSUME_CHECK_CONSUMER) timestamp=13076 ms, used_size=13451264 bytes (32.8%)
(RDMA_READ_CONSUME_CHECK_CONSUMER) timestamp=13076 ms, used_size=13449216 bytes (32.8%)
(RDMA_READ_CONSUME_CHECK_CONSUMER) timestamp=13076 ms, used_size=13447168 bytes (32.8%)
(RDMA_READ_CONSUME_CHECK_CONSUMER) timestamp=13076 ms, used_size=13445120 bytes (32.8%)
(RDMA_READ_CONSUME_CHECK_CONSUMER) timestamp=13076 ms, used_size=13443072 bytes (32.8%)
(RDMA_READ_CONSUME_CHECK_CONSUMER) timestamp=13076 ms, used_size=13441024 bytes (32.8%)
(RDMA_READ_CONSUME_CHECK_CONSUMER) timestamp=13076 ms, used_size=13438976 bytes (32.8%)
(RDMA_READ_CONSUME_CHECK_CONSUMER) timestamp=13076 ms, used_size=13436928 bytes (32.8%)
(RDMA_READ_CONSUME_CHECK_CONSUMER) timestamp=13076 ms, used_size=13434880 bytes (32.8%)
(RDMA_READ_CONSUME_CHECK_CONSUMER) timestamp=13076 ms, used_size=13432832 bytes (32.8%)
(RDMA_READ_CONSUME_CHECK_CONSUMER) timestamp=13076 ms, used_size=13430784 bytes (32.8%)
(RDMA_READ_CONSUME_CHECK_CONSUMER) timestamp=13076 ms, used_size=13428736 bytes (32.8%)
(RDMA_READ_CONSUME_CHECK_CONSUMER) timestamp=13077 ms, used_size=13426688 bytes (32.8%)
(RDMA_READ_CONSUME_CHECK_CONSUMER) timestamp=13077 ms, used_size=13424640 bytes (32.8%)
(RDMA_READ_CONSUME_CHECK_CONSUMER) timestamp=13077 ms, used_size=13422592 bytes (32.8%)
(RDMA_READ_CONSUME_CHECK_CONSUMER) timestamp=13077 ms, used_size=13420544 bytes (32.8%)
(RDMA_READ_CONSUME_CHECK_CONSUMER) timestamp=13077 ms, used_size=13418496 bytes (32.8%)
(RDMA_READ_CONSUME_CHECK_CONSUMER) timestamp=13077 ms, used_size=13416448 bytes (32.8%)
(RDMA_READ_CONSUME_CHECK_CONSUMER) timestamp=13077 ms, used_size=13414400 bytes (32.8%)
(RDMA_READ_CONSUME_CHECK_CONSUMER) timestamp=13077 ms, used_size=13412352 bytes (32.7%)
(RDMA_READ_CONSUME_CHECK_CONSUMER) timestamp=13077 ms, used_size=13410304 bytes (32.7%)
(RDMA_READ_CONSUME_CHECK_CONSUMER) timestamp=13077 ms, used_size=13408256 bytes (32.7%)
(RDMA_READ_CONSUME_CHECK_CONSUMER) timestamp=13077 ms, used_size=13406208 bytes (32.7%)
(RDMA_READ_CONSUME_CHECK_CONSUMER) timestamp=13077 ms, used_size=13404160 bytes (32.7%)
(RDMA_READ_CONSUME_CHECK_CONSUMER) timestamp=13077 ms, used_size=13402112 bytes (32.7%)
(RDMA_READ_CONSUME_CHECK_CONSUMER) timestamp=13077 ms, used_size=13400064 bytes (32.7%)
(RDMA_READ_CONSUME_CHECK_CONSUMER) timestamp=13077 ms, used_size=13398016 bytes (32.7%)
(RDMA_READ_CONSUME_CHECK_CONSUMER) timestamp=13077 ms, used_size=13395968 bytes (32.7%)
(RDMA_READ_CONSUME_CHECK_CONSUMER) timestamp=13077 ms, used_size=13393920 bytes (32.7%)
(RDMA_READ_CONSUME_CHECK_CONSUMER) timestamp=13077 ms, used_size=13391872 bytes (32.7%)
(RDMA_READ_CONSUME_CHECK_CONSUMER) timestamp=13077 ms, used_size=13389824 bytes (32.7%)
(RDMA_READ_CONSUME_CHECK_CONSUMER) timestamp=13077 ms, used_size=13387776 bytes (32.7%)
(RDMA_READ_CONSUME_CHECK_CONSUMER) timestamp=13077 ms, used_size=13385728 bytes (32.7%)
(RDMA_READ_CONSUME_CHECK_CONSUMER) timestamp=13077 ms, used_size=13383680 bytes (32.7%)
(RDMA_READ_CONSUME_CHECK_CONSUMER) timestamp=13077 ms, used_size=13381632 bytes (32.7%)
(RDMA_READ_CONSUME_CHECK_CONSUMER) timestamp=13077 ms, used_size=13379584 bytes (32.7%)
(RDMA_READ_CONSUME_CHECK_CONSUMER) timestamp=13077 ms, used_size=13377536 bytes (32.7%)
(RDMA_READ_CONSUME_CHECK_CONSUMER) timestamp=13077 ms, used_size=13375488 bytes (32.7%)
(RDMA_READ_CONSUME_CHECK_CONSUMER) timestamp=13077 ms, used_size=13373440 bytes (32.6%)
(RDMA_READ_CONSUME_CHECK_CONSUMER) timestamp=13077 ms, used_size=13371392 bytes (32.6%)
(RDMA_READ_CONSUME_CHECK_CONSUMER) timestamp=13077 ms, used_size=13369344 bytes (32.6%)
(RDMA_READ_CONSUME_CHECK_CONSUMER) timestamp=13077 ms, used_size=13367296 bytes (32.6%)
(RDMA_READ_CONSUME_CHECK_CONSUMER) timestamp=13077 ms, used_size=13365248 bytes (32.6%)
(RDMA_READ_CONSUME_CHECK_CONSUMER) timestamp=13077 ms, used_size=13363200 bytes (32.6%)
(RDMA_READ_CONSUME_CHECK_CONSUMER) timestamp=13077 ms, used_size=13361152 bytes (32.6%)
(RDMA_READ_CONSUME_CHECK_CONSUMER) timestamp=13077 ms, used_size=13359104 bytes (32.6%)
(RDMA_READ_CONSUME_CHECK_CONSUMER) timestamp=13077 ms, used_size=13357056 bytes (32.6%)
(RDMA_READ_CONSUME_CHECK_CONSUMER) timestamp=13077 ms, used_size=13355008 bytes (32.6%)
(RDMA_READ_CONSUME_CHECK_CONSUMER) timestamp=13077 ms, used_size=13352960 bytes (32.6%)
(RDMA_READ_CONSUME_CHECK_CONSUMER) timestamp=13077 ms, used_size=13350912 bytes (32.6%)
(RDMA_READ_CONSUME_CHECK_CONSUMER) timestamp=13077 ms, used_size=13348864 bytes (32.6%)
(RDMA_READ_CONSUME_CHECK_CONSUMER) timestamp=13077 ms, used_size=13346816 bytes (32.6%)
(RDMA_READ_CONSUME_CHECK_CONSUMER) timestamp=13077 ms, used_size=13344768 bytes (32.6%)
(RDMA_READ_CONSUME_CHECK_CONSUMER) timestamp=13077 ms, used_size=13342720 bytes (32.6%)
(RDMA_READ_CONSUME_CHECK_CONSUMER) timestamp=13077 ms, used_size=13340672 bytes (32.6%)
(RDMA_READ_CONSUME_CHECK_CONSUMER) timestamp=13077 ms, used_size=13338624 bytes (32.6%)
(RDMA_READ_CONSUME_CHECK_CONSUMER) timestamp=13077 ms, used_size=13336576 bytes (32.6%)
(RDMA_READ_CONSUME_CHECK_CONSUMER) timestamp=13077 ms, used_size=13334528 bytes (32.6%)
(RDMA_READ_CONSUME_CHECK_CONSUMER) timestamp=13077 ms, used_size=13332480 bytes (32.5%)
(RDMA_READ_CONSUME_CHECK_CONSUMER) timestamp=13077 ms, used_size=13330432 bytes (32.5%)
(RDMA_READ_CONSUME_CHECK_CONSUMER) timestamp=13077 ms, used_size=13328384 bytes (32.5%)
(RDMA_READ_CONSUME_CHECK_CONSUMER) timestamp=13077 ms, used_size=13326336 bytes (32.5%)
(RDMA_READ_CONSUME_CHECK_CONSUMER) timestamp=13077 ms, used_size=13324288 bytes (32.5%)
(RDMA_READ_CONSUME_CHECK_CONSUMER) timestamp=13077 ms, used_size=13322240 bytes (32.5%)
(RDMA_READ_CONSUME_CHECK_CONSUMER) timestamp=13077 ms, used_size=13320192 bytes (32.5%)
(RDMA_READ_CONSUME_CHECK_CONSUMER) timestamp=13077 ms, used_size=13318144 bytes (32.5%)
(RDMA_READ_CONSUME_CHECK_CONSUMER) timestamp=13077 ms, used_size=13316096 bytes (32.5%)
(RDMA_READ_CONSUME_CHECK_CONSUMER) timestamp=13077 ms, used_size=13314048 bytes (32.5%)
(RDMA_READ_CONSUME_CHECK_CONSUMER) timestamp=13077 ms, used_size=13312000 bytes (32.5%)
(RDMA_READ_CONSUME_CHECK_CONSUMER) timestamp=13077 ms, used_size=13309952 bytes (32.5%)
(RDMA_READ_CONSUME_CHECK_CONSUMER) timestamp=13077 ms, used_size=13307904 bytes (32.5%)
(RDMA_READ_CONSUME_CHECK_CONSUMER) timestamp=13077 ms, used_size=13305856 bytes (32.5%)
(RDMA_READ_CONSUME_CHECK_CONSUMER) timestamp=13077 ms, used_size=13303808 bytes (32.5%)
(RDMA_READ_CONSUME_CHECK_CONSUMER) timestamp=13077 ms, used_size=13301760 bytes (32.5%)
(RDMA_READ_CONSUME_CHECK_CONSUMER) timestamp=13077 ms, used_size=13299712 bytes (32.5%)
(RDMA_READ_CONSUME_CHECK_CONSUMER) timestamp=13077 ms, used_size=13297664 bytes (32.5%)
(RDMA_READ_CONSUME_CHECK_CONSUMER) timestamp=13077 ms, used_size=13295616 bytes (32.5%)
(RDMA_READ_CONSUME_CHECK_CONSUMER) timestamp=13077 ms, used_size=13293568 bytes (32.5%)
(RDMA_READ_CONSUME_CHECK_CONSUMER) timestamp=13077 ms, used_size=13291520 bytes (32.5%)
(RDMA_READ_CONSUME_CHECK_CONSUMER) timestamp=13077 ms, used_size=13289472 bytes (32.4%)
(RDMA_READ_CONSUME_CHECK_CONSUMER) timestamp=13077 ms, used_size=13287424 bytes (32.4%)
(RDMA_READ_CONSUME_CHECK_CONSUMER) timestamp=13077 ms, used_size=13285376 bytes (32.4%)
(RDMA_READ_CONSUME_CHECK_CONSUMER) timestamp=13077 ms, used_size=13283328 bytes (32.4%)
(RDMA_READ_CONSUME_CHECK_CONSUMER) timestamp=13077 ms, used_size=13281280 bytes (32.4%)
(RDMA_READ_CONSUME_CHECK_CONSUMER) timestamp=13077 ms, used_size=13279232 bytes (32.4%)
(RDMA_READ_CONSUME_CHECK_CONSUMER) timestamp=13077 ms, used_size=13277184 bytes (32.4%)
(RDMA_READ_CONSUME_CHECK_CONSUMER) timestamp=13077 ms, used_size=13275136 bytes (32.4%)
(RDMA_READ_CONSUME_CHECK_CONSUMER) timestamp=13077 ms, used_size=13273088 bytes (32.4%)
(RDMA_READ_CONSUME_CHECK_CONSUMER) timestamp=13077 ms, used_size=13271040 bytes (32.4%)
(RDMA_READ_CONSUME_CHECK_CONSUMER) timestamp=13077 ms, used_size=13268992 bytes (32.4%)
(RDMA_READ_CONSUME_CHECK_CONSUMER) timestamp=13077 ms, used_size=13266944 bytes (32.4%)
(RDMA_READ_CONSUME_CHECK_CONSUMER) timestamp=13077 ms, used_size=13264896 bytes (32.4%)
(RDMA_READ_CONSUME_CHECK_CONSUMER) timestamp=13077 ms, used_size=13262848 bytes (32.4%)
(RDMA_READ_CONSUME_CHECK_CONSUMER) timestamp=13077 ms, used_size=13260800 bytes (32.4%)
(RDMA_READ_CONSUME_CHECK_CONSUMER) timestamp=13077 ms, used_size=13258752 bytes (32.4%)
(RDMA_READ_CONSUME_CHECK_CONSUMER) timestamp=13077 ms, used_size=13256704 bytes (32.4%)
(RDMA_READ_CONSUME_CHECK_CONSUMER) timestamp=13077 ms, used_size=13254656 bytes (32.4%)
(RDMA_READ_CONSUME_CHECK_CONSUMER) timestamp=13077 ms, used_size=13252608 bytes (32.4%)
(RDMA_READ_CONSUME_CHECK_CONSUMER) timestamp=13077 ms, used_size=13250560 bytes (32.4%)
(RDMA_READ_CONSUME_CHECK_CONSUMER) timestamp=13077 ms, used_size=13248512 bytes (32.3%)
(RDMA_READ_CONSUME_CHECK_CONSUMER) timestamp=13077 ms, used_size=13246464 bytes (32.3%)
(RDMA_READ_CONSUME_CHECK_CONSUMER) timestamp=13077 ms, used_size=13244416 bytes (32.3%)
(RDMA_READ_CONSUME_CHECK_CONSUMER) timestamp=13077 ms, used_size=13242368 bytes (32.3%)
(RDMA_READ_CONSUME_CHECK_CONSUMER) timestamp=13077 ms, used_size=13240320 bytes (32.3%)
(RDMA_READ_CONSUME_CHECK_CONSUMER) timestamp=13077 ms, used_size=13238272 bytes (32.3%)
(RDMA_READ_CONSUME_CHECK_CONSUMER) timestamp=13077 ms, used_size=13236224 bytes (32.3%)
(RDMA_READ_CONSUME_CHECK_CONSUMER) timestamp=13077 ms, used_size=13234176 bytes (32.3%)
(RDMA_READ_CONSUME_CHECK_CONSUMER) timestamp=13077 ms, used_size=13232128 bytes (32.3%)
(RDMA_READ_CONSUME_CHECK_CONSUMER) timestamp=13077 ms, used_size=13230080 bytes (32.3%)
(RDMA_READ_CONSUME_CHECK_CONSUMER) timestamp=13077 ms, used_size=13228032 bytes (32.3%)
(RDMA_READ_CONSUME_CHECK_CONSUMER) timestamp=13077 ms, used_size=13225984 bytes (32.3%)
(RDMA_READ_CONSUME_CHECK_CONSUMER) timestamp=13077 ms, used_size=13223936 bytes (32.3%)
(RDMA_READ_CONSUME_CHECK_CONSUMER) timestamp=13077 ms, used_size=13221888 bytes (32.3%)
(RDMA_READ_CONSUME_CHECK_CONSUMER) timestamp=13077 ms, used_size=13219840 bytes (32.3%)
(RDMA_READ_CONSUME_CHECK_CONSUMER) timestamp=13077 ms, used_size=13217792 bytes (32.3%)
(RDMA_READ_CONSUME_CHECK_CONSUMER) timestamp=13077 ms, used_size=13215744 bytes (32.3%)
(RDMA_READ_CONSUME_CHECK_CONSUMER) timestamp=13077 ms, used_size=13213696 bytes (32.3%)
(RDMA_READ_CONSUME_CHECK_CONSUMER) timestamp=13077 ms, used_size=13211648 bytes (32.3%)
(RDMA_READ_CONSUME_CHECK_CONSUMER) timestamp=13077 ms, used_size=13209600 bytes (32.2%)
(RDMA_READ_CONSUME_CHECK_CONSUMER) timestamp=13077 ms, used_size=13207552 bytes (32.2%)
(RDMA_READ_CONSUME_CHECK_CONSUMER) timestamp=13077 ms, used_size=13205504 bytes (32.2%)
(RDMA_READ_CONSUME_CHECK_CONSUMER) timestamp=13077 ms, used_size=13203456 bytes (32.2%)
(RDMA_READ_CONSUME_CHECK_CONSUMER) timestamp=13077 ms, used_size=13201408 bytes (32.2%)
(RDMA_READ_CONSUME_CHECK_CONSUMER) timestamp=13077 ms, used_size=13199360 bytes (32.2%)
(RDMA_READ_CONSUME_CHECK_CONSUMER) timestamp=13077 ms, used_size=13197312 bytes (32.2%)
(RDMA_READ_CONSUME_CHECK_CONSUMER) timestamp=13077 ms, used_size=13195264 bytes (32.2%)
(RDMA_READ_CONSUME_CHECK_CONSUMER) timestamp=13077 ms, used_size=13193216 bytes (32.2%)
(RDMA_READ_CONSUME_CHECK_CONSUMER) timestamp=13077 ms, used_size=13191168 bytes (32.2%)
(RDMA_READ_CONSUME_CHECK_CONSUMER) timestamp=13077 ms, used_size=13189120 bytes (32.2%)
(RDMA_READ_CONSUME_CHECK_CONSUMER) timestamp=13077 ms, used_size=13187072 bytes (32.2%)
(RDMA_READ_CONSUME_CHECK_CONSUMER) timestamp=13077 ms, used_size=13185024 bytes (32.2%)
(RDMA_READ_CONSUME_CHECK_CONSUMER) timestamp=13077 ms, used_size=13182976 bytes (32.2%)
(RDMA_READ_CONSUME_CHECK_CONSUMER) timestamp=13077 ms, used_size=13180928 bytes (32.2%)
(RDMA_READ_CONSUME_CHECK_CONSUMER) timestamp=13077 ms, used_size=13178880 bytes (32.2%)
(RDMA_READ_CONSUME_CHECK_CONSUMER) timestamp=13077 ms, used_size=13176832 bytes (32.2%)
(RDMA_READ_CONSUME_CHECK_CONSUMER) timestamp=13077 ms, used_size=13174784 bytes (32.2%)
(RDMA_READ_CONSUME_CHECK_CONSUMER) timestamp=13077 ms, used_size=13172736 bytes (32.2%)
(RDMA_READ_CONSUME_CHECK_CONSUMER) timestamp=13077 ms, used_size=13170688 bytes (32.2%)
(RDMA_READ_CONSUME_CHECK_CONSUMER) timestamp=13077 ms, used_size=13168640 bytes (32.1%)
(RDMA_READ_CONSUME_CHECK_CONSUMER) timestamp=13077 ms, used_size=13166592 bytes (32.1%)
(RDMA_READ_CONSUME_CHECK_CONSUMER) timestamp=13077 ms, used_size=13164544 bytes (32.1%)
(RDMA_READ_CONSUME_CHECK_CONSUMER) timestamp=13077 ms, used_size=13162496 bytes (32.1%)
(RDMA_READ_CONSUME_CHECK_CONSUMER) timestamp=13077 ms, used_size=13160448 bytes (32.1%)
(RDMA_READ_CONSUME_CHECK_CONSUMER) timestamp=13077 ms, used_size=13158400 bytes (32.1%)
(RDMA_READ_CONSUME_CHECK_CONSUMER) timestamp=13077 ms, used_size=13156352 bytes (32.1%)
(RDMA_READ_CONSUME_CHECK_CONSUMER) timestamp=13077 ms, used_size=13154304 bytes (32.1%)
(RDMA_READ_CONSUME_CHECK_CONSUMER) timestamp=13077 ms, used_size=13152256 bytes (32.1%)
(RDMA_READ_CONSUME_CHECK_CONSUMER) timestamp=13077 ms, used_size=13150208 bytes (32.1%)
(RDMA_READ_CONSUME_CHECK_CONSUMER) timestamp=13077 ms, used_size=13148160 bytes (32.1%)
(RDMA_READ_CONSUME_CHECK_CONSUMER) timestamp=13077 ms, used_size=13146112 bytes (32.1%)
(RDMA_READ_CONSUME_CHECK_CONSUMER) timestamp=13077 ms, used_size=13144064 bytes (32.1%)
(RDMA_READ_CONSUME_CHECK_CONSUMER) timestamp=13077 ms, used_size=13142016 bytes (32.1%)
(RDMA_READ_CONSUME_CHECK_CONSUMER) timestamp=13077 ms, used_size=13139968 bytes (32.1%)
(RDMA_READ_CONSUME_CHECK_CONSUMER) timestamp=13077 ms, used_size=13137920 bytes (32.1%)
(RDMA_READ_CONSUME_CHECK_CONSUMER) timestamp=13077 ms, used_size=13135872 bytes (32.1%)
(RDMA_READ_CONSUME_CHECK_CONSUMER) timestamp=13077 ms, used_size=13133824 bytes (32.1%)
(RDMA_READ_CONSUME_CHECK_CONSUMER) timestamp=13077 ms, used_size=13131776 bytes (32.1%)
(RDMA_READ_CONSUME_CHECK_CONSUMER) timestamp=13077 ms, used_size=13129728 bytes (32.1%)
(RDMA_READ_CONSUME_CHECK_CONSUMER) timestamp=13077 ms, used_size=13127680 bytes (32.0%)
(RDMA_READ_CONSUME_CHECK_CONSUMER) timestamp=13077 ms, used_size=13125632 bytes (32.0%)
(RDMA_READ_CONSUME_CHECK_CONSUMER) timestamp=13077 ms, used_size=13123584 bytes (32.0%)
(RDMA_READ_CONSUME_CHECK_CONSUMER) timestamp=13077 ms, used_size=13121536 bytes (32.0%)
(RDMA_READ_CONSUME_CHECK_CONSUMER) timestamp=13077 ms, used_size=13119488 bytes (32.0%)
(RDMA_READ_CONSUME_CHECK_CONSUMER) timestamp=13077 ms, used_size=13117440 bytes (32.0%)
(RDMA_READ_CONSUME_CHECK_CONSUMER) timestamp=13077 ms, used_size=13115392 bytes (32.0%)
(RDMA_READ_CONSUME_CHECK_CONSUMER) timestamp=13077 ms, used_size=13113344 bytes (32.0%)
(RDMA_READ_CONSUME_CHECK_CONSUMER) timestamp=13077 ms, used_size=13111296 bytes (32.0%)
(RDMA_READ_CONSUME_CHECK_CONSUMER) timestamp=13077 ms, used_size=13109248 bytes (32.0%)
(RDMA_READ_CONSUME_CHECK_CONSUMER) timestamp=13077 ms, used_size=13107200 bytes (32.0%)
(RDMA_READ_CONSUME_CHECK_CONSUMER) timestamp=13077 ms, used_size=13105152 bytes (32.0%)
(RDMA_READ_CONSUME_CHECK_CONSUMER) timestamp=13077 ms, used_size=13103104 bytes (32.0%)
(RDMA_READ_CONSUME_CHECK_CONSUMER) timestamp=13077 ms, used_size=13101056 bytes (32.0%)
(RDMA_READ_CONSUME_CHECK_CONSUMER) timestamp=13077 ms, used_size=13099008 bytes (32.0%)
(RDMA_READ_CONSUME_CHECK_CONSUMER) timestamp=13077 ms, used_size=13096960 bytes (32.0%)
(RDMA_READ_CONSUME_CHECK_CONSUMER) timestamp=13077 ms, used_size=13094912 bytes (32.0%)
(RDMA_READ_CONSUME_CHECK_CONSUMER) timestamp=13077 ms, used_size=13092864 bytes (32.0%)
(RDMA_READ_CONSUME_CHECK_CONSUMER) timestamp=13077 ms, used_size=13090816 bytes (32.0%)
(RDMA_READ_CONSUME_CHECK_CONSUMER) timestamp=13077 ms, used_size=13088768 bytes (32.0%)
(RDMA_READ_CONSUME_CHECK_CONSUMER) timestamp=13077 ms, used_size=13086720 bytes (31.9%)
(RDMA_READ_CONSUME_CHECK_CONSUMER) timestamp=13077 ms, used_size=13084672 bytes (31.9%)
(RDMA_READ_CONSUME_CHECK_CONSUMER) timestamp=13077 ms, used_size=13082624 bytes (31.9%)
(RDMA_READ_CONSUME_CHECK_CONSUMER) timestamp=13077 ms, used_size=13080576 bytes (31.9%)
(RDMA_READ_CONSUME_CHECK_CONSUMER) timestamp=13077 ms, used_size=13078528 bytes (31.9%)
(RDMA_READ_CONSUME_CHECK_CONSUMER) timestamp=13078 ms, used_size=13076480 bytes (31.9%)
(RDMA_READ_CONSUME_CHECK_CONSUMER) timestamp=13078 ms, used_size=13074432 bytes (31.9%)
(RDMA_READ_CONSUME_CHECK_CONSUMER) timestamp=13078 ms, used_size=13072384 bytes (31.9%)
(RDMA_READ_CONSUME_CHECK_CONSUMER) timestamp=13078 ms, used_size=13070336 bytes (31.9%)
(RDMA_READ_CONSUME_CHECK_CONSUMER) timestamp=13078 ms, used_size=13068288 bytes (31.9%)
(RDMA_READ_CONSUME_CHECK_CONSUMER) timestamp=13078 ms, used_size=13066240 bytes (31.9%)
(RDMA_READ_CONSUME_CHECK_CONSUMER) timestamp=13078 ms, used_size=13064192 bytes (31.9%)
(RDMA_READ_CONSUME_CHECK_CONSUMER) timestamp=13078 ms, used_size=13062144 bytes (31.9%)
(RDMA_READ_CONSUME_CHECK_CONSUMER) timestamp=13078 ms, used_size=13060096 bytes (31.9%)
(RDMA_READ_CONSUME_CHECK_CONSUMER) timestamp=13078 ms, used_size=13058048 bytes (31.9%)
(RDMA_READ_CONSUME_CHECK_CONSUMER) timestamp=13078 ms, used_size=13056000 bytes (31.9%)
(RDMA_READ_CONSUME_CHECK_CONSUMER) timestamp=13078 ms, used_size=13053952 bytes (31.9%)
(RDMA_READ_CONSUME_CHECK_CONSUMER) timestamp=13078 ms, used_size=13051904 bytes (31.9%)
(RDMA_READ_CONSUME_CHECK_CONSUMER) timestamp=13078 ms, used_size=13049856 bytes (31.9%)
(RDMA_READ_CONSUME_CHECK_CONSUMER) timestamp=13078 ms, used_size=13047808 bytes (31.9%)
(RDMA_READ_CONSUME_CHECK_CONSUMER) timestamp=13078 ms, used_size=13045760 bytes (31.9%)
(RDMA_READ_CONSUME_CHECK_CONSUMER) timestamp=13078 ms, used_size=13043712 bytes (31.8%)
(RDMA_READ_CONSUME_CHECK_CONSUMER) timestamp=13078 ms, used_size=13041664 bytes (31.8%)
(RDMA_READ_CONSUME_CHECK_CONSUMER) timestamp=13078 ms, used_size=13039616 bytes (31.8%)
(RDMA_READ_CONSUME_CHECK_CONSUMER) timestamp=13078 ms, used_size=13037568 bytes (31.8%)
(RDMA_READ_CONSUME_CHECK_CONSUMER) timestamp=13078 ms, used_size=13035520 bytes (31.8%)
(RDMA_READ_CONSUME_CHECK_CONSUMER) timestamp=13078 ms, used_size=13033472 bytes (31.8%)
(RDMA_READ_CONSUME_CHECK_CONSUMER) timestamp=13078 ms, used_size=13031424 bytes (31.8%)
(RDMA_READ_CONSUME_CHECK_CONSUMER) timestamp=13078 ms, used_size=13029376 bytes (31.8%)
(RDMA_READ_CONSUME_CHECK_CONSUMER) timestamp=13078 ms, used_size=13027328 bytes (31.8%)
(RDMA_READ_CONSUME_CHECK_CONSUMER) timestamp=13078 ms, used_size=13025280 bytes (31.8%)
(RDMA_READ_CONSUME_CHECK_CONSUMER) timestamp=13078 ms, used_size=13023232 bytes (31.8%)
(RDMA_READ_CONSUME_CHECK_CONSUMER) timestamp=13078 ms, used_size=13021184 bytes (31.8%)
(RDMA_READ_CONSUME_CHECK_CONSUMER) timestamp=13078 ms, used_size=13019136 bytes (31.8%)
(RDMA_READ_CONSUME_CHECK_CONSUMER) timestamp=13078 ms, used_size=13017088 bytes (31.8%)
(RDMA_READ_CONSUME_CHECK_CONSUMER) timestamp=13078 ms, used_size=13015040 bytes (31.8%)
(RDMA_READ_CONSUME_CHECK_CONSUMER) timestamp=13078 ms, used_size=13012992 bytes (31.8%)
(RDMA_READ_CONSUME_CHECK_CONSUMER) timestamp=13078 ms, used_size=13010944 bytes (31.8%)
(RDMA_READ_CONSUME_CHECK_CONSUMER) timestamp=13078 ms, used_size=13008896 bytes (31.8%)
(RDMA_READ_CONSUME_CHECK_CONSUMER) timestamp=13078 ms, used_size=13006848 bytes (31.8%)
(RDMA_READ_CONSUME_CHECK_CONSUMER) timestamp=13078 ms, used_size=13004800 bytes (31.8%)
(RDMA_READ_CONSUME_CHECK_CONSUMER) timestamp=13078 ms, used_size=13002752 bytes (31.7%)
(RDMA_READ_CONSUME_CHECK_CONSUMER) timestamp=13078 ms, used_size=13000704 bytes (31.7%)
(RDMA_READ_CONSUME_CHECK_CONSUMER) timestamp=13078 ms, used_size=12998656 bytes (31.7%)
(RDMA_READ_CONSUME_CHECK_CONSUMER) timestamp=13078 ms, used_size=12996608 bytes (31.7%)
(RDMA_READ_CONSUME_CHECK_CONSUMER) timestamp=13078 ms, used_size=12994560 bytes (31.7%)
(RDMA_READ_CONSUME_CHECK_CONSUMER) timestamp=13078 ms, used_size=12992512 bytes (31.7%)
(RDMA_READ_CONSUME_CHECK_CONSUMER) timestamp=13078 ms, used_size=12990464 bytes (31.7%)
(RDMA_READ_CONSUME_CHECK_CONSUMER) timestamp=13078 ms, used_size=12988416 bytes (31.7%)
(RDMA_READ_CONSUME_CHECK_CONSUMER) timestamp=13078 ms, used_size=12986368 bytes (31.7%)
(RDMA_READ_CONSUME_CHECK_CONSUMER) timestamp=13078 ms, used_size=12984320 bytes (31.7%)
(RDMA_READ_CONSUME_CHECK_CONSUMER) timestamp=13078 ms, used_size=12982272 bytes (31.7%)
(RDMA_READ_CONSUME_CHECK_CONSUMER) timestamp=13078 ms, used_size=12980224 bytes (31.7%)
(RDMA_READ_CONSUME_CHECK_CONSUMER) timestamp=13078 ms, used_size=12978176 bytes (31.7%)
(RDMA_READ_CONSUME_CHECK_CONSUMER) timestamp=13078 ms, used_size=12976128 bytes (31.7%)
(RDMA_READ_CONSUME_CHECK_CONSUMER) timestamp=13078 ms, used_size=12974080 bytes (31.7%)
(RDMA_READ_CONSUME_CHECK_CONSUMER) timestamp=13078 ms, used_size=12972032 bytes (31.7%)
(RDMA_READ_CONSUME_CHECK_CONSUMER) timestamp=13078 ms, used_size=12969984 bytes (31.7%)
(RDMA_READ_CONSUME_CHECK_CONSUMER) timestamp=13078 ms, used_size=12967936 bytes (31.7%)
(RDMA_READ_CONSUME_CHECK_CONSUMER) timestamp=13078 ms, used_size=12965888 bytes (31.7%)
(RDMA_READ_CONSUME_CHECK_CONSUMER) timestamp=13078 ms, used_size=12963840 bytes (31.6%)
(RDMA_READ_CONSUME_CHECK_CONSUMER) timestamp=13078 ms, used_size=12961792 bytes (31.6%)
(RDMA_READ_CONSUME_CHECK_CONSUMER) timestamp=13078 ms, used_size=12959744 bytes (31.6%)
(RDMA_READ_CONSUME_CHECK_CONSUMER) timestamp=13078 ms, used_size=12957696 bytes (31.6%)
(RDMA_READ_CONSUME_CHECK_CONSUMER) timestamp=13078 ms, used_size=12955648 bytes (31.6%)
(RDMA_READ_CONSUME_CHECK_CONSUMER) timestamp=13078 ms, used_size=12953600 bytes (31.6%)
(RDMA_READ_CONSUME_CHECK_CONSUMER) timestamp=13078 ms, used_size=12951552 bytes (31.6%)
(RDMA_READ_CONSUME_CHECK_CONSUMER) timestamp=13078 ms, used_size=12949504 bytes (31.6%)
(RDMA_READ_CONSUME_CHECK_CONSUMER) timestamp=13078 ms, used_size=12947456 bytes (31.6%)
(RDMA_READ_CONSUME_CHECK_CONSUMER) timestamp=13078 ms, used_size=12945408 bytes (31.6%)
(RDMA_READ_CONSUME_CHECK_CONSUMER) timestamp=13078 ms, used_size=12943360 bytes (31.6%)
(RDMA_READ_CONSUME_CHECK_CONSUMER) timestamp=13078 ms, used_size=12941312 bytes (31.6%)
(RDMA_READ_CONSUME_CHECK_CONSUMER) timestamp=13078 ms, used_size=12939264 bytes (31.6%)
(RDMA_READ_CONSUME_CHECK_CONSUMER) timestamp=13078 ms, used_size=12937216 bytes (31.6%)
(RDMA_READ_CONSUME_CHECK_CONSUMER) timestamp=13078 ms, used_size=12935168 bytes (31.6%)
(RDMA_READ_CONSUME_CHECK_CONSUMER) timestamp=13078 ms, used_size=12933120 bytes (31.6%)
(RDMA_READ_CONSUME_CHECK_CONSUMER) timestamp=13078 ms, used_size=12931072 bytes (31.6%)
(RDMA_READ_CONSUME_CHECK_CONSUMER) timestamp=13078 ms, used_size=12929024 bytes (31.6%)
(RDMA_READ_CONSUME_CHECK_CONSUMER) timestamp=13078 ms, used_size=12926976 bytes (31.6%)
(RDMA_READ_CONSUME_CHECK_CONSUMER) timestamp=13078 ms, used_size=12924928 bytes (31.6%)
(RDMA_READ_CONSUME_CHECK_CONSUMER) timestamp=13078 ms, used_size=12922880 bytes (31.6%)
(RDMA_READ_CONSUME_CHECK_CONSUMER) timestamp=13078 ms, used_size=12920832 bytes (31.5%)
(RDMA_READ_CONSUME_CHECK_CONSUMER) timestamp=13078 ms, used_size=12918784 bytes (31.5%)
(RDMA_READ_CONSUME_CHECK_CONSUMER) timestamp=13078 ms, used_size=12916736 bytes (31.5%)
(RDMA_READ_CONSUME_CHECK_CONSUMER) timestamp=13078 ms, used_size=12914688 bytes (31.5%)
(RDMA_READ_CONSUME_CHECK_CONSUMER) timestamp=13078 ms, used_size=12912640 bytes (31.5%)
(RDMA_READ_CONSUME_CHECK_CONSUMER) timestamp=13078 ms, used_size=12910592 bytes (31.5%)
(RDMA_READ_CONSUME_CHECK_CONSUMER) timestamp=13078 ms, used_size=12908544 bytes (31.5%)
(RDMA_READ_CONSUME_CHECK_CONSUMER) timestamp=13078 ms, used_size=12906496 bytes (31.5%)
(RDMA_READ_CONSUME_CHECK_CONSUMER) timestamp=13078 ms, used_size=12904448 bytes (31.5%)
(RDMA_READ_CONSUME_CHECK_CONSUMER) timestamp=13078 ms, used_size=12902400 bytes (31.5%)
(RDMA_READ_CONSUME_CHECK_CONSUMER) timestamp=13078 ms, used_size=12900352 bytes (31.5%)
(RDMA_READ_CONSUME_CHECK_CONSUMER) timestamp=13078 ms, used_size=12898304 bytes (31.5%)
(RDMA_READ_CONSUME_CHECK_CONSUMER) timestamp=13078 ms, used_size=12896256 bytes (31.5%)
(RDMA_READ_CONSUME_CHECK_CONSUMER) timestamp=13078 ms, used_size=12894208 bytes (31.5%)
(RDMA_READ_CONSUME_CHECK_CONSUMER) timestamp=13078 ms, used_size=12892160 bytes (31.5%)
(RDMA_READ_CONSUME_CHECK_CONSUMER) timestamp=13078 ms, used_size=12890112 bytes (31.5%)
(RDMA_READ_CONSUME_CHECK_CONSUMER) timestamp=13078 ms, used_size=12888064 bytes (31.5%)
(RDMA_READ_CONSUME_CHECK_CONSUMER) timestamp=13078 ms, used_size=12886016 bytes (31.5%)
(RDMA_READ_CONSUME_CHECK_CONSUMER) timestamp=13078 ms, used_size=12883968 bytes (31.5%)
(RDMA_READ_CONSUME_CHECK_CONSUMER) timestamp=13078 ms, used_size=12881920 bytes (31.4%)
(RDMA_READ_CONSUME_CHECK_CONSUMER) timestamp=13078 ms, used_size=12879872 bytes (31.4%)
(RDMA_READ_CONSUME_CHECK_CONSUMER) timestamp=13078 ms, used_size=12877824 bytes (31.4%)
(RDMA_READ_CONSUME_CHECK_CONSUMER) timestamp=13078 ms, used_size=12875776 bytes (31.4%)
(RDMA_READ_CONSUME_CHECK_CONSUMER) timestamp=13078 ms, used_size=12873728 bytes (31.4%)
(RDMA_READ_CONSUME_CHECK_CONSUMER) timestamp=13078 ms, used_size=12871680 bytes (31.4%)
(RDMA_READ_CONSUME_CHECK_CONSUMER) timestamp=13078 ms, used_size=12869632 bytes (31.4%)
(RDMA_READ_CONSUME_CHECK_CONSUMER) timestamp=13078 ms, used_size=12867584 bytes (31.4%)
(RDMA_READ_CONSUME_CHECK_CONSUMER) timestamp=13078 ms, used_size=12865536 bytes (31.4%)
(RDMA_READ_CONSUME_CHECK_CONSUMER) timestamp=13078 ms, used_size=12863488 bytes (31.4%)
(RDMA_READ_CONSUME_CHECK_CONSUMER) timestamp=13078 ms, used_size=12861440 bytes (31.4%)
(RDMA_READ_CONSUME_CHECK_CONSUMER) timestamp=13078 ms, used_size=12859392 bytes (31.4%)
(RDMA_READ_CONSUME_CHECK_CONSUMER) timestamp=13078 ms, used_size=12857344 bytes (31.4%)
(RDMA_READ_CONSUME_CHECK_CONSUMER) timestamp=13078 ms, used_size=12855296 bytes (31.4%)
(RDMA_READ_CONSUME_CHECK_CONSUMER) timestamp=13078 ms, used_size=12853248 bytes (31.4%)
(RDMA_READ_CONSUME_CHECK_CONSUMER) timestamp=13078 ms, used_size=12851200 bytes (31.4%)
(RDMA_READ_CONSUME_CHECK_CONSUMER) timestamp=13078 ms, used_size=12849152 bytes (31.4%)
(RDMA_READ_CONSUME_CHECK_CONSUMER) timestamp=13078 ms, used_size=12847104 bytes (31.4%)
(RDMA_READ_CONSUME_CHECK_CONSUMER) timestamp=13078 ms, used_size=12845056 bytes (31.4%)
(RDMA_READ_CONSUME_CHECK_CONSUMER) timestamp=13078 ms, used_size=12843008 bytes (31.4%)
(RDMA_READ_CONSUME_CHECK_CONSUMER) timestamp=13078 ms, used_size=12840960 bytes (31.4%)
(RDMA_READ_CONSUME_CHECK_CONSUMER) timestamp=13078 ms, used_size=12838912 bytes (31.3%)
(RDMA_READ_CONSUME_CHECK_CONSUMER) timestamp=13078 ms, used_size=12836864 bytes (31.3%)
(RDMA_READ_CONSUME_CHECK_CONSUMER) timestamp=13078 ms, used_size=12834816 bytes (31.3%)
(RDMA_READ_CONSUME_CHECK_CONSUMER) timestamp=13078 ms, used_size=12832768 bytes (31.3%)
(RDMA_READ_CONSUME_CHECK_CONSUMER) timestamp=13078 ms, used_size=12830720 bytes (31.3%)
(RDMA_READ_CONSUME_CHECK_CONSUMER) timestamp=13078 ms, used_size=12828672 bytes (31.3%)
(RDMA_READ_CONSUME_CHECK_CONSUMER) timestamp=13078 ms, used_size=12826624 bytes (31.3%)
(RDMA_READ_CONSUME_CHECK_CONSUMER) timestamp=13078 ms, used_size=12824576 bytes (31.3%)
(RDMA_READ_CONSUME_CHECK_CONSUMER) timestamp=13078 ms, used_size=12822528 bytes (31.3%)
(RDMA_READ_CONSUME_CHECK_CONSUMER) timestamp=13078 ms, used_size=12820480 bytes (31.3%)
(RDMA_READ_CONSUME_CHECK_CONSUMER) timestamp=13078 ms, used_size=12818432 bytes (31.3%)
(RDMA_READ_CONSUME_CHECK_CONSUMER) timestamp=13078 ms, used_size=12816384 bytes (31.3%)
(RDMA_READ_CONSUME_CHECK_CONSUMER) timestamp=13078 ms, used_size=12814336 bytes (31.3%)
(RDMA_READ_CONSUME_CHECK_CONSUMER) timestamp=13078 ms, used_size=12812288 bytes (31.3%)
(RDMA_READ_CONSUME_CHECK_CONSUMER) timestamp=13078 ms, used_size=12810240 bytes (31.3%)
(RDMA_READ_CONSUME_CHECK_CONSUMER) timestamp=13078 ms, used_size=12808192 bytes (31.3%)
(RDMA_READ_CONSUME_CHECK_CONSUMER) timestamp=13078 ms, used_size=12806144 bytes (31.3%)
(RDMA_READ_CONSUME_CHECK_CONSUMER) timestamp=13078 ms, used_size=12804096 bytes (31.3%)
(RDMA_READ_CONSUME_CHECK_CONSUMER) timestamp=13078 ms, used_size=12802048 bytes (31.3%)
(RDMA_READ_CONSUME_CHECK_CONSUMER) timestamp=13078 ms, used_size=12800000 bytes (31.2%)
(RDMA_READ_CONSUME_CHECK_CONSUMER) timestamp=13078 ms, used_size=12797952 bytes (31.2%)
(RDMA_READ_CONSUME_CHECK_CONSUMER) timestamp=13078 ms, used_size=12795904 bytes (31.2%)
(RDMA_READ_CONSUME_CHECK_CONSUMER) timestamp=13078 ms, used_size=12793856 bytes (31.2%)
(RDMA_READ_CONSUME_CHECK_CONSUMER) timestamp=13078 ms, used_size=12791808 bytes (31.2%)
(RDMA_READ_CONSUME_CHECK_CONSUMER) timestamp=13078 ms, used_size=12789760 bytes (31.2%)
(RDMA_READ_CONSUME_CHECK_CONSUMER) timestamp=13078 ms, used_size=12787712 bytes (31.2%)
(RDMA_READ_CONSUME_CHECK_CONSUMER) timestamp=13078 ms, used_size=12785664 bytes (31.2%)
(RDMA_READ_CONSUME_CHECK_CONSUMER) timestamp=13078 ms, used_size=12783616 bytes (31.2%)
(RDMA_READ_CONSUME_CHECK_CONSUMER) timestamp=13078 ms, used_size=12781568 bytes (31.2%)
(RDMA_READ_CONSUME_CHECK_CONSUMER) timestamp=13078 ms, used_size=12779520 bytes (31.2%)
(RDMA_READ_CONSUME_CHECK_CONSUMER) timestamp=13078 ms, used_size=12777472 bytes (31.2%)
(RDMA_READ_CONSUME_CHECK_CONSUMER) timestamp=13078 ms, used_size=12775424 bytes (31.2%)
(RDMA_READ_CONSUME_CHECK_CONSUMER) timestamp=13078 ms, used_size=12773376 bytes (31.2%)
(RDMA_READ_CONSUME_CHECK_CONSUMER) timestamp=13078 ms, used_size=12771328 bytes (31.2%)
(RDMA_READ_CONSUME_CHECK_CONSUMER) timestamp=13078 ms, used_size=12769280 bytes (31.2%)
(RDMA_READ_CONSUME_CHECK_CONSUMER) timestamp=13078 ms, used_size=12767232 bytes (31.2%)
(RDMA_READ_CONSUME_CHECK_CONSUMER) timestamp=13078 ms, used_size=12765184 bytes (31.2%)
(RDMA_READ_CONSUME_CHECK_CONSUMER) timestamp=13078 ms, used_size=12763136 bytes (31.2%)
(RDMA_READ_CONSUME_CHECK_CONSUMER) timestamp=13078 ms, used_size=12761088 bytes (31.2%)
(RDMA_READ_CONSUME_CHECK_CONSUMER) timestamp=13078 ms, used_size=12759040 bytes (31.1%)
(RDMA_READ_CONSUME_CHECK_CONSUMER) timestamp=13078 ms, used_size=12756992 bytes (31.1%)
(RDMA_READ_CONSUME_CHECK_CONSUMER) timestamp=13078 ms, used_size=12754944 bytes (31.1%)
(RDMA_READ_CONSUME_CHECK_CONSUMER) timestamp=13078 ms, used_size=12752896 bytes (31.1%)
(RDMA_READ_CONSUME_CHECK_CONSUMER) timestamp=13078 ms, used_size=12750848 bytes (31.1%)
(RDMA_READ_CONSUME_CHECK_CONSUMER) timestamp=13078 ms, used_size=12748800 bytes (31.1%)
(RDMA_READ_CONSUME_CHECK_CONSUMER) timestamp=13078 ms, used_size=12746752 bytes (31.1%)
(RDMA_READ_CONSUME_CHECK_CONSUMER) timestamp=13078 ms, used_size=12744704 bytes (31.1%)
(RDMA_READ_CONSUME_CHECK_CONSUMER) timestamp=13078 ms, used_size=12742656 bytes (31.1%)
(RDMA_READ_CONSUME_CHECK_CONSUMER) timestamp=13078 ms, used_size=12740608 bytes (31.1%)
(RDMA_READ_CONSUME_CHECK_CONSUMER) timestamp=13078 ms, used_size=12738560 bytes (31.1%)
(RDMA_READ_CONSUME_CHECK_CONSUMER) timestamp=13078 ms, used_size=12736512 bytes (31.1%)
(RDMA_READ_CONSUME_CHECK_CONSUMER) timestamp=13078 ms, used_size=12734464 bytes (31.1%)
(RDMA_READ_CONSUME_CHECK_CONSUMER) timestamp=13078 ms, used_size=12732416 bytes (31.1%)
(RDMA_READ_CONSUME_CHECK_CONSUMER) timestamp=13078 ms, used_size=12730368 bytes (31.1%)
(RDMA_READ_CONSUME_CHECK_CONSUMER) timestamp=13078 ms, used_size=12728320 bytes (31.1%)
(RDMA_READ_CONSUME_CHECK_CONSUMER) timestamp=13078 ms, used_size=12726272 bytes (31.1%)
(RDMA_READ_CONSUME_CHECK_CONSUMER) timestamp=13079 ms, used_size=12724224 bytes (31.1%)
(RDMA_READ_CONSUME_CHECK_CONSUMER) timestamp=13079 ms, used_size=12722176 bytes (31.1%)
(RDMA_READ_CONSUME_CHECK_CONSUMER) timestamp=13079 ms, used_size=12720128 bytes (31.1%)
(RDMA_READ_CONSUME_CHECK_CONSUMER) timestamp=13079 ms, used_size=12718080 bytes (31.1%)
(RDMA_READ_CONSUME_CHECK_CONSUMER) timestamp=13079 ms, used_size=12716032 bytes (31.0%)
(RDMA_READ_CONSUME_CHECK_CONSUMER) timestamp=13079 ms, used_size=12713984 bytes (31.0%)
(RDMA_READ_CONSUME_CHECK_CONSUMER) timestamp=13079 ms, used_size=12711936 bytes (31.0%)
(RDMA_READ_CONSUME_CHECK_CONSUMER) timestamp=13079 ms, used_size=12709888 bytes (31.0%)
(RDMA_READ_CONSUME_CHECK_CONSUMER) timestamp=13079 ms, used_size=12707840 bytes (31.0%)
(RDMA_READ_CONSUME_CHECK_CONSUMER) timestamp=13079 ms, used_size=12705792 bytes (31.0%)
(RDMA_READ_CONSUME_CHECK_CONSUMER) timestamp=13079 ms, used_size=12703744 bytes (31.0%)
(RDMA_READ_CONSUME_CHECK_CONSUMER) timestamp=13079 ms, used_size=12701696 bytes (31.0%)
(RDMA_READ_CONSUME_CHECK_CONSUMER) timestamp=13079 ms, used_size=12699648 bytes (31.0%)
(RDMA_READ_CONSUME_CHECK_CONSUMER) timestamp=13079 ms, used_size=12697600 bytes (31.0%)
(RDMA_READ_CONSUME_CHECK_CONSUMER) timestamp=13079 ms, used_size=12695552 bytes (31.0%)
(RDMA_READ_CONSUME_CHECK_CONSUMER) timestamp=13079 ms, used_size=12693504 bytes (31.0%)
(RDMA_READ_CONSUME_CHECK_CONSUMER) timestamp=13079 ms, used_size=12691456 bytes (31.0%)
(RDMA_READ_CONSUME_CHECK_CONSUMER) timestamp=13079 ms, used_size=12689408 bytes (31.0%)
(RDMA_READ_CONSUME_CHECK_CONSUMER) timestamp=13079 ms, used_size=12687360 bytes (31.0%)
(RDMA_READ_CONSUME_CHECK_CONSUMER) timestamp=13079 ms, used_size=12685312 bytes (31.0%)
(RDMA_READ_CONSUME_CHECK_CONSUMER) timestamp=13079 ms, used_size=12683264 bytes (31.0%)
(RDMA_READ_CONSUME_CHECK_CONSUMER) timestamp=13079 ms, used_size=12681216 bytes (31.0%)
(RDMA_READ_CONSUME_CHECK_CONSUMER) timestamp=13079 ms, used_size=12679168 bytes (31.0%)
(RDMA_READ_CONSUME_CHECK_CONSUMER) timestamp=13079 ms, used_size=12677120 bytes (30.9%)
(RDMA_READ_CONSUME_CHECK_CONSUMER) timestamp=13079 ms, used_size=12675072 bytes (30.9%)
(RDMA_READ_CONSUME_CHECK_CONSUMER) timestamp=13079 ms, used_size=12673024 bytes (30.9%)
(RDMA_READ_CONSUME_CHECK_CONSUMER) timestamp=13079 ms, used_size=12670976 bytes (30.9%)
(RDMA_READ_CONSUME_CHECK_CONSUMER) timestamp=13079 ms, used_size=12668928 bytes (30.9%)
(RDMA_READ_CONSUME_CHECK_CONSUMER) timestamp=13079 ms, used_size=12666880 bytes (30.9%)
(RDMA_READ_CONSUME_CHECK_CONSUMER) timestamp=13079 ms, used_size=12664832 bytes (30.9%)
(RDMA_READ_CONSUME_CHECK_CONSUMER) timestamp=13079 ms, used_size=12662784 bytes (30.9%)
(RDMA_READ_CONSUME_CHECK_CONSUMER) timestamp=13079 ms, used_size=12660736 bytes (30.9%)
(RDMA_READ_CONSUME_CHECK_CONSUMER) timestamp=13079 ms, used_size=12658688 bytes (30.9%)
(RDMA_READ_CONSUME_CHECK_CONSUMER) timestamp=13079 ms, used_size=12656640 bytes (30.9%)
(RDMA_READ_CONSUME_CHECK_CONSUMER) timestamp=13079 ms, used_size=12654592 bytes (30.9%)
(RDMA_READ_CONSUME_CHECK_CONSUMER) timestamp=13079 ms, used_size=12652544 bytes (30.9%)
(RDMA_READ_CONSUME_CHECK_CONSUMER) timestamp=13079 ms, used_size=12650496 bytes (30.9%)
(RDMA_READ_CONSUME_CHECK_CONSUMER) timestamp=13079 ms, used_size=12648448 bytes (30.9%)
(RDMA_READ_CONSUME_CHECK_CONSUMER) timestamp=13079 ms, used_size=12646400 bytes (30.9%)
(RDMA_READ_CONSUME_CHECK_CONSUMER) timestamp=13079 ms, used_size=12644352 bytes (30.9%)
(RDMA_READ_CONSUME_CHECK_CONSUMER) timestamp=13079 ms, used_size=12642304 bytes (30.9%)
(RDMA_READ_CONSUME_CHECK_CONSUMER) timestamp=13079 ms, used_size=12640256 bytes (30.9%)
(RDMA_READ_CONSUME_CHECK_CONSUMER) timestamp=13079 ms, used_size=12638208 bytes (30.9%)
(RDMA_READ_CONSUME_CHECK_CONSUMER) timestamp=13079 ms, used_size=12636160 bytes (30.9%)
(RDMA_READ_CONSUME_CHECK_CONSUMER) timestamp=13079 ms, used_size=12634112 bytes (30.8%)
(RDMA_READ_CONSUME_CHECK_CONSUMER) timestamp=13079 ms, used_size=12632064 bytes (30.8%)
(RDMA_READ_CONSUME_CHECK_CONSUMER) timestamp=13079 ms, used_size=12630016 bytes (30.8%)
(RDMA_READ_CONSUME_CHECK_CONSUMER) timestamp=13079 ms, used_size=12627968 bytes (30.8%)
(RDMA_READ_CONSUME_CHECK_CONSUMER) timestamp=13079 ms, used_size=12625920 bytes (30.8%)
(RDMA_READ_CONSUME_CHECK_CONSUMER) timestamp=13079 ms, used_size=12623872 bytes (30.8%)
(RDMA_READ_CONSUME_CHECK_CONSUMER) timestamp=13079 ms, used_size=12621824 bytes (30.8%)
(RDMA_READ_CONSUME_CHECK_CONSUMER) timestamp=13079 ms, used_size=12619776 bytes (30.8%)
(RDMA_READ_CONSUME_CHECK_CONSUMER) timestamp=13079 ms, used_size=12617728 bytes (30.8%)
(RDMA_READ_CONSUME_CHECK_CONSUMER) timestamp=13079 ms, used_size=12615680 bytes (30.8%)
(RDMA_READ_CONSUME_CHECK_CONSUMER) timestamp=13079 ms, used_size=12613632 bytes (30.8%)
(RDMA_READ_CONSUME_CHECK_CONSUMER) timestamp=13079 ms, used_size=12611584 bytes (30.8%)
(RDMA_READ_CONSUME_CHECK_CONSUMER) timestamp=13079 ms, used_size=12609536 bytes (30.8%)
(RDMA_READ_CONSUME_CHECK_CONSUMER) timestamp=13079 ms, used_size=12607488 bytes (30.8%)
(RDMA_READ_CONSUME_CHECK_CONSUMER) timestamp=13079 ms, used_size=12605440 bytes (30.8%)
(RDMA_READ_CONSUME_CHECK_CONSUMER) timestamp=13079 ms, used_size=12603392 bytes (30.8%)
(RDMA_READ_CONSUME_CHECK_CONSUMER) timestamp=13079 ms, used_size=12601344 bytes (30.8%)
(RDMA_READ_CONSUME_CHECK_CONSUMER) timestamp=13079 ms, used_size=12599296 bytes (30.8%)
(RDMA_READ_CONSUME_CHECK_CONSUMER) timestamp=13079 ms, used_size=12597248 bytes (30.8%)
(RDMA_READ_CONSUME_CHECK_CONSUMER) timestamp=13079 ms, used_size=12595200 bytes (30.8%)
(RDMA_READ_CONSUME_CHECK_CONSUMER) timestamp=13079 ms, used_size=12593152 bytes (30.7%)
(RDMA_READ_CONSUME_CHECK_CONSUMER) timestamp=13079 ms, used_size=12591104 bytes (30.7%)
(RDMA_READ_CONSUME_CHECK_CONSUMER) timestamp=13079 ms, used_size=12589056 bytes (30.7%)
(RDMA_READ_CONSUME_CHECK_CONSUMER) timestamp=13079 ms, used_size=12587008 bytes (30.7%)
(RDMA_READ_CONSUME_CHECK_CONSUMER) timestamp=13079 ms, used_size=12584960 bytes (30.7%)
(RDMA_READ_CONSUME_CHECK_CONSUMER) timestamp=13079 ms, used_size=12582912 bytes (30.7%)
(RDMA_READ_CONSUME_CHECK_CONSUMER) timestamp=13079 ms, used_size=12580864 bytes (30.7%)
(RDMA_READ_CONSUME_CHECK_CONSUMER) timestamp=13079 ms, used_size=12578816 bytes (30.7%)
(RDMA_READ_CONSUME_CHECK_CONSUMER) timestamp=13079 ms, used_size=12576768 bytes (30.7%)
(RDMA_READ_CONSUME_CHECK_CONSUMER) timestamp=13079 ms, used_size=12574720 bytes (30.7%)
(RDMA_READ_CONSUME_CHECK_CONSUMER) timestamp=13079 ms, used_size=12572672 bytes (30.7%)
(RDMA_READ_CONSUME_CHECK_CONSUMER) timestamp=13079 ms, used_size=12570624 bytes (30.7%)
(RDMA_READ_CONSUME_CHECK_CONSUMER) timestamp=13079 ms, used_size=12568576 bytes (30.7%)
(RDMA_READ_CONSUME_CHECK_CONSUMER) timestamp=13079 ms, used_size=12566528 bytes (30.7%)
(RDMA_READ_CONSUME_CHECK_CONSUMER) timestamp=13079 ms, used_size=12564480 bytes (30.7%)
(RDMA_READ_CONSUME_CHECK_CONSUMER) timestamp=13079 ms, used_size=12562432 bytes (30.7%)
(RDMA_READ_CONSUME_CHECK_CONSUMER) timestamp=13079 ms, used_size=12560384 bytes (30.7%)
(RDMA_READ_CONSUME_CHECK_CONSUMER) timestamp=13079 ms, used_size=12558336 bytes (30.7%)
(RDMA_READ_CONSUME_CHECK_CONSUMER) timestamp=13079 ms, used_size=12556288 bytes (30.7%)
(RDMA_READ_CONSUME_CHECK_CONSUMER) timestamp=13079 ms, used_size=12554240 bytes (30.6%)
(RDMA_READ_CONSUME_CHECK_CONSUMER) timestamp=13079 ms, used_size=12552192 bytes (30.6%)
(RDMA_READ_CONSUME_CHECK_CONSUMER) timestamp=13079 ms, used_size=12550144 bytes (30.6%)
(RDMA_READ_CONSUME_CHECK_CONSUMER) timestamp=13079 ms, used_size=12548096 bytes (30.6%)
(RDMA_READ_CONSUME_CHECK_CONSUMER) timestamp=13079 ms, used_size=12546048 bytes (30.6%)
(RDMA_READ_CONSUME_CHECK_CONSUMER) timestamp=13079 ms, used_size=12544000 bytes (30.6%)
(RDMA_READ_CONSUME_CHECK_CONSUMER) timestamp=13079 ms, used_size=12541952 bytes (30.6%)
(RDMA_READ_CONSUME_CHECK_CONSUMER) timestamp=13079 ms, used_size=12539904 bytes (30.6%)
(RDMA_READ_CONSUME_CHECK_CONSUMER) timestamp=13079 ms, used_size=12537856 bytes (30.6%)
(RDMA_READ_CONSUME_CHECK_CONSUMER) timestamp=13079 ms, used_size=12535808 bytes (30.6%)
(RDMA_READ_CONSUME_CHECK_CONSUMER) timestamp=13079 ms, used_size=12533760 bytes (30.6%)
(RDMA_READ_CONSUME_CHECK_CONSUMER) timestamp=13079 ms, used_size=12531712 bytes (30.6%)
(RDMA_READ_CONSUME_CHECK_CONSUMER) timestamp=13079 ms, used_size=12529664 bytes (30.6%)
(RDMA_READ_CONSUME_CHECK_CONSUMER) timestamp=13079 ms, used_size=12527616 bytes (30.6%)
(RDMA_READ_CONSUME_CHECK_CONSUMER) timestamp=13079 ms, used_size=12525568 bytes (30.6%)
(RDMA_READ_CONSUME_CHECK_CONSUMER) timestamp=13079 ms, used_size=12523520 bytes (30.6%)
(RDMA_READ_CONSUME_CHECK_CONSUMER) timestamp=13079 ms, used_size=12521472 bytes (30.6%)
(RDMA_READ_CONSUME_CHECK_CONSUMER) timestamp=13079 ms, used_size=12519424 bytes (30.6%)
(RDMA_READ_CONSUME_CHECK_CONSUMER) timestamp=13079 ms, used_size=12517376 bytes (30.6%)
(RDMA_READ_CONSUME_CHECK_CONSUMER) timestamp=13079 ms, used_size=12515328 bytes (30.6%)
(RDMA_READ_CONSUME_CHECK_CONSUMER) timestamp=13079 ms, used_size=12513280 bytes (30.6%)
(RDMA_READ_CONSUME_CHECK_CONSUMER) timestamp=13079 ms, used_size=12511232 bytes (30.5%)
(RDMA_READ_CONSUME_CHECK_CONSUMER) timestamp=13079 ms, used_size=12509184 bytes (30.5%)
(RDMA_READ_CONSUME_CHECK_CONSUMER) timestamp=13079 ms, used_size=12507136 bytes (30.5%)
(RDMA_READ_CONSUME_CHECK_CONSUMER) timestamp=13079 ms, used_size=12505088 bytes (30.5%)
(RDMA_READ_CONSUME_CHECK_CONSUMER) timestamp=13079 ms, used_size=12503040 bytes (30.5%)
(RDMA_READ_CONSUME_CHECK_CONSUMER) timestamp=13079 ms, used_size=12500992 bytes (30.5%)
(RDMA_READ_CONSUME_CHECK_CONSUMER) timestamp=13079 ms, used_size=12498944 bytes (30.5%)
(RDMA_READ_CONSUME_CHECK_CONSUMER) timestamp=13079 ms, used_size=12496896 bytes (30.5%)
(RDMA_READ_CONSUME_CHECK_CONSUMER) timestamp=13079 ms, used_size=12494848 bytes (30.5%)
(RDMA_READ_CONSUME_CHECK_CONSUMER) timestamp=13079 ms, used_size=12492800 bytes (30.5%)
(RDMA_READ_CONSUME_CHECK_CONSUMER) timestamp=13079 ms, used_size=12490752 bytes (30.5%)
(RDMA_READ_CONSUME_CHECK_CONSUMER) timestamp=13079 ms, used_size=12488704 bytes (30.5%)
(RDMA_READ_CONSUME_CHECK_CONSUMER) timestamp=13079 ms, used_size=12486656 bytes (30.5%)
(RDMA_READ_CONSUME_CHECK_CONSUMER) timestamp=13079 ms, used_size=12484608 bytes (30.5%)
(RDMA_READ_CONSUME_CHECK_CONSUMER) timestamp=13079 ms, used_size=12482560 bytes (30.5%)
(RDMA_READ_CONSUME_CHECK_CONSUMER) timestamp=13079 ms, used_size=12480512 bytes (30.5%)
(RDMA_READ_CONSUME_CHECK_CONSUMER) timestamp=13079 ms, used_size=12478464 bytes (30.5%)
(RDMA_READ_CONSUME_CHECK_CONSUMER) timestamp=13079 ms, used_size=12476416 bytes (30.5%)
(RDMA_READ_CONSUME_CHECK_CONSUMER) timestamp=13079 ms, used_size=12474368 bytes (30.5%)
(RDMA_READ_CONSUME_CHECK_CONSUMER) timestamp=13079 ms, used_size=12472320 bytes (30.4%)
(RDMA_READ_CONSUME_CHECK_CONSUMER) timestamp=13079 ms, used_size=12470272 bytes (30.4%)
(RDMA_READ_CONSUME_CHECK_CONSUMER) timestamp=13079 ms, used_size=12468224 bytes (30.4%)
(RDMA_READ_CONSUME_CHECK_CONSUMER) timestamp=13079 ms, used_size=12466176 bytes (30.4%)
(RDMA_READ_CONSUME_CHECK_CONSUMER) timestamp=13079 ms, used_size=12464128 bytes (30.4%)
(RDMA_READ_CONSUME_CHECK_CONSUMER) timestamp=13079 ms, used_size=12462080 bytes (30.4%)
(RDMA_READ_CONSUME_CHECK_CONSUMER) timestamp=13079 ms, used_size=12460032 bytes (30.4%)
(RDMA_READ_CONSUME_CHECK_CONSUMER) timestamp=13079 ms, used_size=12457984 bytes (30.4%)
(RDMA_READ_CONSUME_CHECK_CONSUMER) timestamp=13079 ms, used_size=12455936 bytes (30.4%)
(RDMA_READ_CONSUME_CHECK_CONSUMER) timestamp=13079 ms, used_size=12453888 bytes (30.4%)
(RDMA_READ_CONSUME_CHECK_CONSUMER) timestamp=13079 ms, used_size=12451840 bytes (30.4%)
(RDMA_READ_CONSUME_CHECK_CONSUMER) timestamp=13079 ms, used_size=12449792 bytes (30.4%)
(RDMA_READ_CONSUME_CHECK_CONSUMER) timestamp=13079 ms, used_size=12447744 bytes (30.4%)
(RDMA_READ_CONSUME_CHECK_CONSUMER) timestamp=13079 ms, used_size=12445696 bytes (30.4%)
(RDMA_READ_CONSUME_CHECK_CONSUMER) timestamp=13079 ms, used_size=12443648 bytes (30.4%)
(RDMA_READ_CONSUME_CHECK_CONSUMER) timestamp=13079 ms, used_size=12441600 bytes (30.4%)
(RDMA_READ_CONSUME_CHECK_CONSUMER) timestamp=13079 ms, used_size=12439552 bytes (30.4%)
(RDMA_READ_CONSUME_CHECK_CONSUMER) timestamp=13079 ms, used_size=12437504 bytes (30.4%)
(RDMA_READ_CONSUME_CHECK_CONSUMER) timestamp=13079 ms, used_size=12435456 bytes (30.4%)
(RDMA_READ_CONSUME_CHECK_CONSUMER) timestamp=13079 ms, used_size=12433408 bytes (30.4%)
(RDMA_READ_CONSUME_CHECK_CONSUMER) timestamp=13079 ms, used_size=12431360 bytes (30.4%)
(RDMA_READ_CONSUME_CHECK_CONSUMER) timestamp=13079 ms, used_size=12429312 bytes (30.3%)
(RDMA_READ_CONSUME_CHECK_CONSUMER) timestamp=13079 ms, used_size=12427264 bytes (30.3%)
(RDMA_READ_CONSUME_CHECK_CONSUMER) timestamp=13079 ms, used_size=12425216 bytes (30.3%)
(RDMA_READ_CONSUME_CHECK_CONSUMER) timestamp=13079 ms, used_size=12423168 bytes (30.3%)
(RDMA_READ_CONSUME_CHECK_CONSUMER) timestamp=13079 ms, used_size=12421120 bytes (30.3%)
(RDMA_READ_CONSUME_CHECK_CONSUMER) timestamp=13079 ms, used_size=12419072 bytes (30.3%)
(RDMA_READ_CONSUME_CHECK_CONSUMER) timestamp=13079 ms, used_size=12417024 bytes (30.3%)
(RDMA_READ_CONSUME_CHECK_CONSUMER) timestamp=13079 ms, used_size=12414976 bytes (30.3%)
(RDMA_READ_CONSUME_CHECK_CONSUMER) timestamp=13079 ms, used_size=12412928 bytes (30.3%)
(RDMA_READ_CONSUME_CHECK_CONSUMER) timestamp=13079 ms, used_size=12410880 bytes (30.3%)
(RDMA_READ_CONSUME_CHECK_CONSUMER) timestamp=13079 ms, used_size=12408832 bytes (30.3%)
(RDMA_READ_CONSUME_CHECK_CONSUMER) timestamp=13079 ms, used_size=12406784 bytes (30.3%)
(RDMA_READ_CONSUME_CHECK_CONSUMER) timestamp=13079 ms, used_size=12404736 bytes (30.3%)
(RDMA_READ_CONSUME_CHECK_CONSUMER) timestamp=13079 ms, used_size=12402688 bytes (30.3%)
(RDMA_READ_CONSUME_CHECK_CONSUMER) timestamp=13079 ms, used_size=12400640 bytes (30.3%)
(RDMA_READ_CONSUME_CHECK_CONSUMER) timestamp=13079 ms, used_size=12398592 bytes (30.3%)
(RDMA_READ_CONSUME_CHECK_CONSUMER) timestamp=13079 ms, used_size=12396544 bytes (30.3%)
(RDMA_READ_CONSUME_CHECK_CONSUMER) timestamp=13079 ms, used_size=12394496 bytes (30.3%)
(RDMA_READ_CONSUME_CHECK_CONSUMER) timestamp=13079 ms, used_size=12392448 bytes (30.3%)
(RDMA_READ_CONSUME_CHECK_CONSUMER) timestamp=13079 ms, used_size=12390400 bytes (30.2%)
(RDMA_READ_CONSUME_CHECK_CONSUMER) timestamp=13079 ms, used_size=12388352 bytes (30.2%)
(RDMA_READ_CONSUME_CHECK_CONSUMER) timestamp=13079 ms, used_size=12386304 bytes (30.2%)
(RDMA_READ_CONSUME_CHECK_CONSUMER) timestamp=13079 ms, used_size=12384256 bytes (30.2%)
(RDMA_READ_CONSUME_CHECK_CONSUMER) timestamp=13079 ms, used_size=12382208 bytes (30.2%)
(RDMA_READ_CONSUME_CHECK_CONSUMER) timestamp=13079 ms, used_size=12380160 bytes (30.2%)
(RDMA_READ_CONSUME_CHECK_CONSUMER) timestamp=13080 ms, used_size=12378112 bytes (30.2%)
(RDMA_READ_CONSUME_CHECK_CONSUMER) timestamp=13080 ms, used_size=12376064 bytes (30.2%)
(RDMA_READ_CONSUME_CHECK_CONSUMER) timestamp=13080 ms, used_size=12374016 bytes (30.2%)
(RDMA_READ_CONSUME_CHECK_CONSUMER) timestamp=13080 ms, used_size=12371968 bytes (30.2%)
(RDMA_READ_CONSUME_CHECK_CONSUMER) timestamp=13080 ms, used_size=12369920 bytes (30.2%)
(RDMA_READ_CONSUME_CHECK_CONSUMER) timestamp=13080 ms, used_size=12367872 bytes (30.2%)
(RDMA_READ_CONSUME_CHECK_CONSUMER) timestamp=13080 ms, used_size=12365824 bytes (30.2%)
(RDMA_READ_CONSUME_CHECK_CONSUMER) timestamp=13080 ms, used_size=12363776 bytes (30.2%)
(RDMA_READ_CONSUME_CHECK_CONSUMER) timestamp=13080 ms, used_size=12361728 bytes (30.2%)
(RDMA_READ_CONSUME_CHECK_CONSUMER) timestamp=13080 ms, used_size=12359680 bytes (30.2%)
(RDMA_READ_CONSUME_CHECK_CONSUMER) timestamp=13080 ms, used_size=12357632 bytes (30.2%)
(RDMA_READ_CONSUME_CHECK_CONSUMER) timestamp=13080 ms, used_size=12355584 bytes (30.2%)
(RDMA_READ_CONSUME_CHECK_CONSUMER) timestamp=13080 ms, used_size=12353536 bytes (30.2%)
(RDMA_READ_CONSUME_CHECK_CONSUMER) timestamp=13080 ms, used_size=12351488 bytes (30.2%)
(RDMA_READ_CONSUME_CHECK_CONSUMER) timestamp=13080 ms, used_size=12349440 bytes (30.1%)
(RDMA_READ_CONSUME_CHECK_CONSUMER) timestamp=13080 ms, used_size=12347392 bytes (30.1%)
(RDMA_READ_CONSUME_CHECK_CONSUMER) timestamp=13080 ms, used_size=12345344 bytes (30.1%)
(RDMA_READ_CONSUME_CHECK_CONSUMER) timestamp=13080 ms, used_size=12343296 bytes (30.1%)
(RDMA_READ_CONSUME_CHECK_CONSUMER) timestamp=13080 ms, used_size=12341248 bytes (30.1%)
(RDMA_READ_CONSUME_CHECK_CONSUMER) timestamp=13080 ms, used_size=12339200 bytes (30.1%)
(RDMA_READ_CONSUME_CHECK_CONSUMER) timestamp=13080 ms, used_size=12337152 bytes (30.1%)
(RDMA_READ_CONSUME_CHECK_CONSUMER) timestamp=13080 ms, used_size=12335104 bytes (30.1%)
(RDMA_READ_CONSUME_CHECK_CONSUMER) timestamp=13080 ms, used_size=12333056 bytes (30.1%)
(RDMA_READ_CONSUME_CHECK_CONSUMER) timestamp=13080 ms, used_size=12331008 bytes (30.1%)
(RDMA_READ_CONSUME_CHECK_CONSUMER) timestamp=13080 ms, used_size=12328960 bytes (30.1%)
(RDMA_READ_CONSUME_CHECK_CONSUMER) timestamp=13080 ms, used_size=12326912 bytes (30.1%)
(RDMA_READ_CONSUME_CHECK_CONSUMER) timestamp=13080 ms, used_size=12324864 bytes (30.1%)
(RDMA_READ_CONSUME_CHECK_CONSUMER) timestamp=13080 ms, used_size=12322816 bytes (30.1%)
(RDMA_READ_CONSUME_CHECK_CONSUMER) timestamp=13080 ms, used_size=12320768 bytes (30.1%)
(RDMA_READ_CONSUME_CHECK_CONSUMER) timestamp=13080 ms, used_size=12318720 bytes (30.1%)
(RDMA_READ_CONSUME_CHECK_CONSUMER) timestamp=13080 ms, used_size=12316672 bytes (30.1%)
(RDMA_READ_CONSUME_CHECK_CONSUMER) timestamp=13080 ms, used_size=12314624 bytes (30.1%)
(RDMA_READ_CONSUME_CHECK_CONSUMER) timestamp=13080 ms, used_size=12312576 bytes (30.1%)
(RDMA_READ_CONSUME_CHECK_CONSUMER) timestamp=13080 ms, used_size=12310528 bytes (30.1%)
(RDMA_READ_CONSUME_CHECK_CONSUMER) timestamp=13080 ms, used_size=12308480 bytes (30.1%)
(RDMA_READ_CONSUME_CHECK_CONSUMER) timestamp=13080 ms, used_size=12306432 bytes (30.0%)
(RDMA_READ_CONSUME_CHECK_CONSUMER) timestamp=13080 ms, used_size=12304384 bytes (30.0%)
(RDMA_READ_CONSUME_CHECK_CONSUMER) timestamp=13080 ms, used_size=12302336 bytes (30.0%)
(RDMA_READ_CONSUME_CHECK_CONSUMER) timestamp=13080 ms, used_size=12300288 bytes (30.0%)
(RDMA_READ_CONSUME_CHECK_CONSUMER) timestamp=13080 ms, used_size=12298240 bytes (30.0%)
(RDMA_READ_CONSUME_CHECK_CONSUMER) timestamp=13080 ms, used_size=12296192 bytes (30.0%)
(RDMA_READ_CONSUME_CHECK_CONSUMER) timestamp=13080 ms, used_size=12294144 bytes (30.0%)
(RDMA_READ_CONSUME_CHECK_CONSUMER) timestamp=13080 ms, used_size=12292096 bytes (30.0%)
(RDMA_READ_CONSUME_CHECK_CONSUMER) timestamp=13080 ms, used_size=12290048 bytes (30.0%)
(RDMA_READ_CONSUME_CHECK_CONSUMER) timestamp=13080 ms, used_size=12288000 bytes (30.0%)
(RDMA_READ_CONSUME_CHECK_CONSUMER) timestamp=13080 ms, used_size=12285952 bytes (30.0%)
(RDMA_READ_CONSUME_CHECK_CONSUMER) timestamp=13080 ms, used_size=12283904 bytes (30.0%)
(RDMA_READ_CONSUME_CHECK_CONSUMER) timestamp=13080 ms, used_size=12281856 bytes (30.0%)
(RDMA_READ_CONSUME_CHECK_CONSUMER) timestamp=13080 ms, used_size=12279808 bytes (30.0%)
(RDMA_READ_CONSUME_CHECK_CONSUMER) timestamp=13080 ms, used_size=12277760 bytes (30.0%)
(RDMA_READ_CONSUME_CHECK_CONSUMER) timestamp=13080 ms, used_size=12275712 bytes (30.0%)
(RDMA_READ_CONSUME_CHECK_CONSUMER) timestamp=13080 ms, used_size=12273664 bytes (30.0%)
(RDMA_READ_CONSUME_CHECK_CONSUMER) timestamp=13080 ms, used_size=12271616 bytes (30.0%)
(RDMA_READ_CONSUME_CHECK_CONSUMER) timestamp=13080 ms, used_size=12269568 bytes (30.0%)
(RDMA_READ_CONSUME_CHECK_CONSUMER) timestamp=13080 ms, used_size=12267520 bytes (29.9%)
(RDMA_READ_CONSUME_CHECK_CONSUMER) timestamp=13080 ms, used_size=12265472 bytes (29.9%)
(RDMA_READ_CONSUME_CHECK_CONSUMER) timestamp=13080 ms, used_size=12263424 bytes (29.9%)
(RDMA_READ_CONSUME_CHECK_CONSUMER) timestamp=13080 ms, used_size=12261376 bytes (29.9%)
(RDMA_READ_CONSUME_CHECK_CONSUMER) timestamp=13080 ms, used_size=12259328 bytes (29.9%)
(RDMA_READ_CONSUME_CHECK_CONSUMER) timestamp=13080 ms, used_size=12257280 bytes (29.9%)
(RDMA_READ_CONSUME_CHECK_CONSUMER) timestamp=13080 ms, used_size=12255232 bytes (29.9%)
(RDMA_READ_CONSUME_CHECK_CONSUMER) timestamp=13080 ms, used_size=12253184 bytes (29.9%)
(RDMA_READ_CONSUME_CHECK_CONSUMER) timestamp=13080 ms, used_size=12251136 bytes (29.9%)
(RDMA_READ_CONSUME_CHECK_CONSUMER) timestamp=13080 ms, used_size=12249088 bytes (29.9%)
(RDMA_READ_CONSUME_CHECK_CONSUMER) timestamp=13080 ms, used_size=12247040 bytes (29.9%)
(RDMA_READ_CONSUME_CHECK_CONSUMER) timestamp=13080 ms, used_size=12244992 bytes (29.9%)
(RDMA_READ_CONSUME_CHECK_CONSUMER) timestamp=13080 ms, used_size=12242944 bytes (29.9%)
(RDMA_READ_CONSUME_CHECK_CONSUMER) timestamp=13080 ms, used_size=12240896 bytes (29.9%)
(RDMA_READ_CONSUME_CHECK_CONSUMER) timestamp=13080 ms, used_size=12238848 bytes (29.9%)
(RDMA_READ_CONSUME_CHECK_CONSUMER) timestamp=13080 ms, used_size=12236800 bytes (29.9%)
(RDMA_READ_CONSUME_CHECK_CONSUMER) timestamp=13080 ms, used_size=12234752 bytes (29.9%)
(RDMA_READ_CONSUME_CHECK_CONSUMER) timestamp=13080 ms, used_size=12232704 bytes (29.9%)
(RDMA_READ_CONSUME_CHECK_CONSUMER) timestamp=13080 ms, used_size=12230656 bytes (29.9%)
(RDMA_READ_CONSUME_CHECK_CONSUMER) timestamp=13080 ms, used_size=12228608 bytes (29.9%)
(RDMA_READ_CONSUME_CHECK_CONSUMER) timestamp=13080 ms, used_size=12226560 bytes (29.9%)
(RDMA_READ_CONSUME_CHECK_CONSUMER) timestamp=13080 ms, used_size=12224512 bytes (29.8%)
(RDMA_READ_CONSUME_CHECK_CONSUMER) timestamp=13080 ms, used_size=12222464 bytes (29.8%)
(RDMA_READ_CONSUME_CHECK_CONSUMER) timestamp=13080 ms, used_size=12220416 bytes (29.8%)
(RDMA_READ_CONSUME_CHECK_CONSUMER) timestamp=13080 ms, used_size=12218368 bytes (29.8%)
(RDMA_READ_CONSUME_CHECK_CONSUMER) timestamp=13080 ms, used_size=12216320 bytes (29.8%)
(RDMA_READ_CONSUME_CHECK_CONSUMER) timestamp=13080 ms, used_size=12214272 bytes (29.8%)
(RDMA_READ_CONSUME_CHECK_CONSUMER) timestamp=13080 ms, used_size=12212224 bytes (29.8%)
(RDMA_READ_CONSUME_CHECK_CONSUMER) timestamp=13080 ms, used_size=12210176 bytes (29.8%)
(RDMA_READ_CONSUME_CHECK_CONSUMER) timestamp=13080 ms, used_size=12208128 bytes (29.8%)
(RDMA_READ_CONSUME_CHECK_CONSUMER) timestamp=13080 ms, used_size=12206080 bytes (29.8%)
(RDMA_READ_CONSUME_CHECK_CONSUMER) timestamp=13080 ms, used_size=12204032 bytes (29.8%)
(RDMA_READ_CONSUME_CHECK_CONSUMER) timestamp=13080 ms, used_size=12201984 bytes (29.8%)
(RDMA_READ_CONSUME_CHECK_CONSUMER) timestamp=13080 ms, used_size=12199936 bytes (29.8%)
(RDMA_READ_CONSUME_CHECK_CONSUMER) timestamp=13080 ms, used_size=12197888 bytes (29.8%)
(RDMA_READ_CONSUME_CHECK_CONSUMER) timestamp=13080 ms, used_size=12195840 bytes (29.8%)
(RDMA_READ_CONSUME_CHECK_CONSUMER) timestamp=13080 ms, used_size=12193792 bytes (29.8%)
(RDMA_READ_CONSUME_CHECK_CONSUMER) timestamp=13080 ms, used_size=12191744 bytes (29.8%)
(RDMA_READ_CONSUME_CHECK_CONSUMER) timestamp=13080 ms, used_size=12189696 bytes (29.8%)
(RDMA_READ_CONSUME_CHECK_CONSUMER) timestamp=13080 ms, used_size=12187648 bytes (29.8%)
(RDMA_READ_CONSUME_CHECK_CONSUMER) timestamp=13080 ms, used_size=12185600 bytes (29.8%)
(RDMA_READ_CONSUME_CHECK_CONSUMER) timestamp=13080 ms, used_size=12183552 bytes (29.7%)
(RDMA_READ_CONSUME_CHECK_CONSUMER) timestamp=13080 ms, used_size=12181504 bytes (29.7%)
(RDMA_READ_CONSUME_CHECK_CONSUMER) timestamp=13080 ms, used_size=12179456 bytes (29.7%)
(RDMA_READ_CONSUME_CHECK_CONSUMER) timestamp=13080 ms, used_size=12177408 bytes (29.7%)
(RDMA_READ_CONSUME_CHECK_CONSUMER) timestamp=13080 ms, used_size=12175360 bytes (29.7%)
(RDMA_READ_CONSUME_CHECK_CONSUMER) timestamp=13080 ms, used_size=12173312 bytes (29.7%)
(RDMA_READ_CONSUME_CHECK_CONSUMER) timestamp=13080 ms, used_size=12171264 bytes (29.7%)
(RDMA_READ_CONSUME_CHECK_CONSUMER) timestamp=13080 ms, used_size=12169216 bytes (29.7%)
(RDMA_READ_CONSUME_CHECK_CONSUMER) timestamp=13080 ms, used_size=12167168 bytes (29.7%)
(RDMA_READ_CONSUME_CHECK_CONSUMER) timestamp=13080 ms, used_size=12165120 bytes (29.7%)
(RDMA_READ_CONSUME_CHECK_CONSUMER) timestamp=13080 ms, used_size=12163072 bytes (29.7%)
(RDMA_READ_CONSUME_CHECK_CONSUMER) timestamp=13080 ms, used_size=12161024 bytes (29.7%)
(RDMA_READ_CONSUME_CHECK_CONSUMER) timestamp=13080 ms, used_size=12158976 bytes (29.7%)
(RDMA_READ_CONSUME_CHECK_CONSUMER) timestamp=13080 ms, used_size=12156928 bytes (29.7%)
(RDMA_READ_CONSUME_CHECK_CONSUMER) timestamp=13080 ms, used_size=12154880 bytes (29.7%)
(RDMA_READ_CONSUME_CHECK_CONSUMER) timestamp=13080 ms, used_size=12152832 bytes (29.7%)
(RDMA_READ_CONSUME_CHECK_CONSUMER) timestamp=13080 ms, used_size=12150784 bytes (29.7%)
(RDMA_READ_CONSUME_CHECK_CONSUMER) timestamp=13080 ms, used_size=12148736 bytes (29.7%)
(RDMA_READ_CONSUME_CHECK_CONSUMER) timestamp=13080 ms, used_size=12146688 bytes (29.7%)
(RDMA_READ_CONSUME_CHECK_CONSUMER) timestamp=13080 ms, used_size=12144640 bytes (29.6%)
(RDMA_READ_CONSUME_CHECK_CONSUMER) timestamp=13080 ms, used_size=12142592 bytes (29.6%)
(RDMA_READ_CONSUME_CHECK_CONSUMER) timestamp=13080 ms, used_size=12140544 bytes (29.6%)
(RDMA_READ_CONSUME_CHECK_CONSUMER) timestamp=13080 ms, used_size=12138496 bytes (29.6%)
(RDMA_READ_CONSUME_CHECK_CONSUMER) timestamp=13080 ms, used_size=12136448 bytes (29.6%)
(RDMA_READ_CONSUME_CHECK_CONSUMER) timestamp=13080 ms, used_size=12134400 bytes (29.6%)
(RDMA_READ_CONSUME_CHECK_CONSUMER) timestamp=13080 ms, used_size=12132352 bytes (29.6%)
(RDMA_READ_CONSUME_CHECK_CONSUMER) timestamp=13080 ms, used_size=12130304 bytes (29.6%)
(RDMA_READ_CONSUME_CHECK_CONSUMER) timestamp=13080 ms, used_size=12128256 bytes (29.6%)
(RDMA_READ_CONSUME_CHECK_CONSUMER) timestamp=13080 ms, used_size=12126208 bytes (29.6%)
(RDMA_READ_CONSUME_CHECK_CONSUMER) timestamp=13080 ms, used_size=12124160 bytes (29.6%)
(RDMA_READ_CONSUME_CHECK_CONSUMER) timestamp=13080 ms, used_size=12122112 bytes (29.6%)
(RDMA_READ_CONSUME_CHECK_CONSUMER) timestamp=13080 ms, used_size=12120064 bytes (29.6%)
(RDMA_READ_CONSUME_CHECK_CONSUMER) timestamp=13080 ms, used_size=12118016 bytes (29.6%)
(RDMA_READ_CONSUME_CHECK_CONSUMER) timestamp=13080 ms, used_size=12115968 bytes (29.6%)
(RDMA_READ_CONSUME_CHECK_CONSUMER) timestamp=13080 ms, used_size=12113920 bytes (29.6%)
(RDMA_READ_CONSUME_CHECK_CONSUMER) timestamp=13080 ms, used_size=12111872 bytes (29.6%)
(RDMA_READ_CONSUME_CHECK_CONSUMER) timestamp=13080 ms, used_size=12109824 bytes (29.6%)
(RDMA_READ_CONSUME_CHECK_CONSUMER) timestamp=13080 ms, used_size=12107776 bytes (29.6%)
(RDMA_READ_CONSUME_CHECK_CONSUMER) timestamp=13080 ms, used_size=12105728 bytes (29.6%)
(RDMA_READ_CONSUME_CHECK_CONSUMER) timestamp=13080 ms, used_size=12103680 bytes (29.6%)
(RDMA_READ_CONSUME_CHECK_CONSUMER) timestamp=13080 ms, used_size=12101632 bytes (29.5%)
(RDMA_READ_CONSUME_CHECK_CONSUMER) timestamp=13080 ms, used_size=12099584 bytes (29.5%)
(RDMA_READ_CONSUME_CHECK_CONSUMER) timestamp=13080 ms, used_size=12097536 bytes (29.5%)
(RDMA_READ_CONSUME_CHECK_CONSUMER) timestamp=13080 ms, used_size=12095488 bytes (29.5%)
(RDMA_READ_CONSUME_CHECK_CONSUMER) timestamp=13080 ms, used_size=12093440 bytes (29.5%)
(RDMA_READ_CONSUME_CHECK_CONSUMER) timestamp=13080 ms, used_size=12091392 bytes (29.5%)
(RDMA_READ_CONSUME_CHECK_CONSUMER) timestamp=13080 ms, used_size=12089344 bytes (29.5%)
(RDMA_READ_CONSUME_CHECK_CONSUMER) timestamp=13080 ms, used_size=12087296 bytes (29.5%)
(RDMA_READ_CONSUME_CHECK_CONSUMER) timestamp=13080 ms, used_size=12085248 bytes (29.5%)
(RDMA_READ_CONSUME_CHECK_CONSUMER) timestamp=13080 ms, used_size=12083200 bytes (29.5%)
(RDMA_READ_CONSUME_CHECK_CONSUMER) timestamp=13080 ms, used_size=12081152 bytes (29.5%)
(RDMA_READ_CONSUME_CHECK_CONSUMER) timestamp=13080 ms, used_size=12079104 bytes (29.5%)
(RDMA_READ_CONSUME_CHECK_CONSUMER) timestamp=13080 ms, used_size=12077056 bytes (29.5%)
(RDMA_READ_CONSUME_CHECK_CONSUMER) timestamp=13080 ms, used_size=12075008 bytes (29.5%)
(RDMA_READ_CONSUME_CHECK_CONSUMER) timestamp=13080 ms, used_size=12072960 bytes (29.5%)
(RDMA_READ_CONSUME_CHECK_CONSUMER) timestamp=13080 ms, used_size=12070912 bytes (29.5%)
(RDMA_READ_CONSUME_CHECK_CONSUMER) timestamp=13080 ms, used_size=12068864 bytes (29.5%)
(RDMA_READ_CONSUME_CHECK_CONSUMER) timestamp=13080 ms, used_size=12066816 bytes (29.5%)
(RDMA_READ_CONSUME_CHECK_CONSUMER) timestamp=13080 ms, used_size=12064768 bytes (29.5%)
(RDMA_READ_CONSUME_CHECK_CONSUMER) timestamp=13080 ms, used_size=12062720 bytes (29.4%)
(RDMA_READ_CONSUME_CHECK_CONSUMER) timestamp=13080 ms, used_size=12060672 bytes (29.4%)
(RDMA_READ_CONSUME_CHECK_CONSUMER) timestamp=13080 ms, used_size=12058624 bytes (29.4%)
(RDMA_READ_CONSUME_CHECK_CONSUMER) timestamp=13080 ms, used_size=12056576 bytes (29.4%)
(RDMA_READ_CONSUME_CHECK_CONSUMER) timestamp=13080 ms, used_size=12054528 bytes (29.4%)
(RDMA_READ_CONSUME_CHECK_CONSUMER) timestamp=13080 ms, used_size=12052480 bytes (29.4%)
(RDMA_READ_CONSUME_CHECK_CONSUMER) timestamp=13080 ms, used_size=12050432 bytes (29.4%)
(RDMA_READ_CONSUME_CHECK_CONSUMER) timestamp=13080 ms, used_size=12048384 bytes (29.4%)
(RDMA_READ_CONSUME_CHECK_CONSUMER) timestamp=13080 ms, used_size=12046336 bytes (29.4%)
(RDMA_READ_CONSUME_CHECK_CONSUMER) timestamp=13080 ms, used_size=12044288 bytes (29.4%)
(RDMA_READ_CONSUME_CHECK_CONSUMER) timestamp=13080 ms, used_size=12042240 bytes (29.4%)
(RDMA_READ_CONSUME_CHECK_CONSUMER) timestamp=13080 ms, used_size=12040192 bytes (29.4%)
(RDMA_READ_CONSUME_CHECK_CONSUMER) timestamp=13080 ms, used_size=12038144 bytes (29.4%)
(RDMA_READ_CONSUME_CHECK_CONSUMER) timestamp=13080 ms, used_size=12036096 bytes (29.4%)
(RDMA_READ_CONSUME_CHECK_CONSUMER) timestamp=13080 ms, used_size=12034048 bytes (29.4%)
(RDMA_READ_CONSUME_CHECK_CONSUMER) timestamp=13081 ms, used_size=12032000 bytes (29.4%)
(RDMA_READ_CONSUME_CHECK_CONSUMER) timestamp=13081 ms, used_size=12029952 bytes (29.4%)
(RDMA_READ_CONSUME_CHECK_CONSUMER) timestamp=13081 ms, used_size=12027904 bytes (29.4%)
(RDMA_READ_CONSUME_CHECK_CONSUMER) timestamp=13081 ms, used_size=12025856 bytes (29.4%)
(RDMA_READ_CONSUME_CHECK_CONSUMER) timestamp=13081 ms, used_size=12023808 bytes (29.4%)
(RDMA_READ_CONSUME_CHECK_CONSUMER) timestamp=13081 ms, used_size=12021760 bytes (29.4%)
(RDMA_READ_CONSUME_CHECK_CONSUMER) timestamp=13081 ms, used_size=12019712 bytes (29.3%)
(RDMA_READ_CONSUME_CHECK_CONSUMER) timestamp=13081 ms, used_size=12017664 bytes (29.3%)
(RDMA_READ_CONSUME_CHECK_CONSUMER) timestamp=13081 ms, used_size=12015616 bytes (29.3%)
(RDMA_READ_CONSUME_CHECK_CONSUMER) timestamp=13081 ms, used_size=12013568 bytes (29.3%)
(RDMA_READ_CONSUME_CHECK_CONSUMER) timestamp=13081 ms, used_size=12011520 bytes (29.3%)
(RDMA_READ_CONSUME_CHECK_CONSUMER) timestamp=13081 ms, used_size=12009472 bytes (29.3%)
(RDMA_READ_CONSUME_CHECK_CONSUMER) timestamp=13081 ms, used_size=12007424 bytes (29.3%)
(RDMA_READ_CONSUME_CHECK_CONSUMER) timestamp=13081 ms, used_size=12005376 bytes (29.3%)
(RDMA_READ_CONSUME_CHECK_CONSUMER) timestamp=13081 ms, used_size=12003328 bytes (29.3%)
(RDMA_READ_CONSUME_CHECK_CONSUMER) timestamp=13081 ms, used_size=12001280 bytes (29.3%)
(RDMA_READ_CONSUME_CHECK_CONSUMER) timestamp=13081 ms, used_size=11999232 bytes (29.3%)
(RDMA_READ_CONSUME_CHECK_CONSUMER) timestamp=13081 ms, used_size=11997184 bytes (29.3%)
(RDMA_READ_CONSUME_CHECK_CONSUMER) timestamp=13081 ms, used_size=11995136 bytes (29.3%)
(RDMA_READ_CONSUME_CHECK_CONSUMER) timestamp=13081 ms, used_size=11993088 bytes (29.3%)
(RDMA_READ_CONSUME_CHECK_CONSUMER) timestamp=13081 ms, used_size=11991040 bytes (29.3%)
(RDMA_READ_CONSUME_CHECK_CONSUMER) timestamp=13081 ms, used_size=11988992 bytes (29.3%)
(RDMA_READ_CONSUME_CHECK_CONSUMER) timestamp=13081 ms, used_size=11986944 bytes (29.3%)
(RDMA_READ_CONSUME_CHECK_CONSUMER) timestamp=13081 ms, used_size=11984896 bytes (29.3%)
(RDMA_READ_CONSUME_CHECK_CONSUMER) timestamp=13081 ms, used_size=11982848 bytes (29.3%)
(RDMA_READ_CONSUME_CHECK_CONSUMER) timestamp=13081 ms, used_size=11980800 bytes (29.2%)
(RDMA_READ_CONSUME_CHECK_CONSUMER) timestamp=13081 ms, used_size=11978752 bytes (29.2%)
(RDMA_READ_CONSUME_CHECK_CONSUMER) timestamp=13081 ms, used_size=11976704 bytes (29.2%)
(RDMA_READ_CONSUME_CHECK_CONSUMER) timestamp=13081 ms, used_size=11974656 bytes (29.2%)
(RDMA_READ_CONSUME_CHECK_CONSUMER) timestamp=13081 ms, used_size=11972608 bytes (29.2%)
(RDMA_READ_CONSUME_CHECK_CONSUMER) timestamp=13081 ms, used_size=11970560 bytes (29.2%)
(RDMA_READ_CONSUME_CHECK_CONSUMER) timestamp=13081 ms, used_size=11968512 bytes (29.2%)
(RDMA_READ_CONSUME_CHECK_CONSUMER) timestamp=13081 ms, used_size=11966464 bytes (29.2%)
(RDMA_READ_CONSUME_CHECK_CONSUMER) timestamp=13081 ms, used_size=11964416 bytes (29.2%)
(RDMA_READ_CONSUME_CHECK_CONSUMER) timestamp=13081 ms, used_size=11962368 bytes (29.2%)
(RDMA_READ_CONSUME_CHECK_CONSUMER) timestamp=13081 ms, used_size=11960320 bytes (29.2%)
(RDMA_READ_CONSUME_CHECK_CONSUMER) timestamp=13081 ms, used_size=11958272 bytes (29.2%)
(RDMA_READ_CONSUME_CHECK_CONSUMER) timestamp=13081 ms, used_size=11956224 bytes (29.2%)
(RDMA_READ_CONSUME_CHECK_CONSUMER) timestamp=13081 ms, used_size=11954176 bytes (29.2%)
(RDMA_READ_CONSUME_CHECK_CONSUMER) timestamp=13081 ms, used_size=11952128 bytes (29.2%)
(RDMA_READ_CONSUME_CHECK_CONSUMER) timestamp=13081 ms, used_size=11950080 bytes (29.2%)
(RDMA_READ_CONSUME_CHECK_CONSUMER) timestamp=13081 ms, used_size=11948032 bytes (29.2%)
(RDMA_READ_CONSUME_CHECK_CONSUMER) timestamp=13081 ms, used_size=11945984 bytes (29.2%)
(RDMA_READ_CONSUME_CHECK_CONSUMER) timestamp=13081 ms, used_size=11943936 bytes (29.2%)
(RDMA_READ_CONSUME_CHECK_CONSUMER) timestamp=13081 ms, used_size=11941888 bytes (29.2%)
(RDMA_READ_CONSUME_CHECK_CONSUMER) timestamp=13081 ms, used_size=11939840 bytes (29.1%)
(RDMA_READ_CONSUME_CHECK_CONSUMER) timestamp=13081 ms, used_size=11937792 bytes (29.1%)
(RDMA_READ_CONSUME_CHECK_CONSUMER) timestamp=13081 ms, used_size=11935744 bytes (29.1%)
(RDMA_READ_CONSUME_CHECK_CONSUMER) timestamp=13081 ms, used_size=11933696 bytes (29.1%)
(RDMA_READ_CONSUME_CHECK_CONSUMER) timestamp=13081 ms, used_size=11931648 bytes (29.1%)
(RDMA_READ_CONSUME_CHECK_CONSUMER) timestamp=13081 ms, used_size=11929600 bytes (29.1%)
(RDMA_READ_CONSUME_CHECK_CONSUMER) timestamp=13081 ms, used_size=11927552 bytes (29.1%)
(RDMA_READ_CONSUME_CHECK_CONSUMER) timestamp=13081 ms, used_size=11925504 bytes (29.1%)
(RDMA_READ_CONSUME_CHECK_CONSUMER) timestamp=13081 ms, used_size=11923456 bytes (29.1%)
(RDMA_READ_CONSUME_CHECK_CONSUMER) timestamp=13081 ms, used_size=11921408 bytes (29.1%)
(RDMA_READ_CONSUME_CHECK_CONSUMER) timestamp=13081 ms, used_size=11919360 bytes (29.1%)
(RDMA_READ_CONSUME_CHECK_CONSUMER) timestamp=13081 ms, used_size=11917312 bytes (29.1%)
(RDMA_READ_CONSUME_CHECK_CONSUMER) timestamp=13081 ms, used_size=11915264 bytes (29.1%)
(RDMA_READ_CONSUME_CHECK_CONSUMER) timestamp=13081 ms, used_size=11913216 bytes (29.1%)
(RDMA_READ_CONSUME_CHECK_CONSUMER) timestamp=13081 ms, used_size=11911168 bytes (29.1%)
(RDMA_READ_CONSUME_CHECK_CONSUMER) timestamp=13081 ms, used_size=11909120 bytes (29.1%)
(RDMA_READ_CONSUME_CHECK_CONSUMER) timestamp=13081 ms, used_size=11907072 bytes (29.1%)
(RDMA_READ_CONSUME_CHECK_CONSUMER) timestamp=13081 ms, used_size=11905024 bytes (29.1%)
(RDMA_READ_CONSUME_CHECK_CONSUMER) timestamp=13081 ms, used_size=11902976 bytes (29.1%)
(RDMA_READ_CONSUME_CHECK_CONSUMER) timestamp=13081 ms, used_size=11900928 bytes (29.1%)
(RDMA_READ_CONSUME_CHECK_CONSUMER) timestamp=13081 ms, used_size=11898880 bytes (29.1%)
(RDMA_READ_CONSUME_CHECK_CONSUMER) timestamp=13081 ms, used_size=11896832 bytes (29.0%)
(RDMA_READ_CONSUME_CHECK_CONSUMER) timestamp=13081 ms, used_size=11894784 bytes (29.0%)
(RDMA_READ_CONSUME_CHECK_CONSUMER) timestamp=13081 ms, used_size=11892736 bytes (29.0%)
(RDMA_READ_CONSUME_CHECK_CONSUMER) timestamp=13081 ms, used_size=11890688 bytes (29.0%)
(RDMA_READ_CONSUME_CHECK_CONSUMER) timestamp=13081 ms, used_size=11888640 bytes (29.0%)
(RDMA_READ_CONSUME_CHECK_CONSUMER) timestamp=13081 ms, used_size=11886592 bytes (29.0%)
(RDMA_READ_CONSUME_CHECK_CONSUMER) timestamp=13081 ms, used_size=11884544 bytes (29.0%)
(RDMA_READ_CONSUME_CHECK_CONSUMER) timestamp=13081 ms, used_size=11882496 bytes (29.0%)
(RDMA_READ_CONSUME_CHECK_CONSUMER) timestamp=13081 ms, used_size=11880448 bytes (29.0%)
(RDMA_READ_CONSUME_CHECK_CONSUMER) timestamp=13081 ms, used_size=11878400 bytes (29.0%)
(RDMA_READ_CONSUME_CHECK_CONSUMER) timestamp=13081 ms, used_size=11876352 bytes (29.0%)
(RDMA_READ_CONSUME_CHECK_CONSUMER) timestamp=13081 ms, used_size=11874304 bytes (29.0%)
(RDMA_READ_CONSUME_CHECK_CONSUMER) timestamp=13081 ms, used_size=11872256 bytes (29.0%)
(RDMA_READ_CONSUME_CHECK_CONSUMER) timestamp=13081 ms, used_size=11870208 bytes (29.0%)
(RDMA_READ_CONSUME_CHECK_CONSUMER) timestamp=13081 ms, used_size=11868160 bytes (29.0%)
(RDMA_READ_CONSUME_CHECK_CONSUMER) timestamp=13081 ms, used_size=11866112 bytes (29.0%)
(RDMA_READ_CONSUME_CHECK_CONSUMER) timestamp=13081 ms, used_size=11864064 bytes (29.0%)
(RDMA_READ_CONSUME_CHECK_CONSUMER) timestamp=13081 ms, used_size=11862016 bytes (29.0%)
(RDMA_READ_CONSUME_CHECK_CONSUMER) timestamp=13081 ms, used_size=11859968 bytes (29.0%)
(RDMA_READ_CONSUME_CHECK_CONSUMER) timestamp=13081 ms, used_size=11857920 bytes (28.9%)
(RDMA_READ_CONSUME_CHECK_CONSUMER) timestamp=13081 ms, used_size=11855872 bytes (28.9%)
(RDMA_READ_CONSUME_CHECK_CONSUMER) timestamp=13081 ms, used_size=11853824 bytes (28.9%)
(RDMA_READ_CONSUME_CHECK_CONSUMER) timestamp=13081 ms, used_size=11851776 bytes (28.9%)
(RDMA_READ_CONSUME_CHECK_CONSUMER) timestamp=13081 ms, used_size=11849728 bytes (28.9%)
(RDMA_READ_CONSUME_CHECK_CONSUMER) timestamp=13081 ms, used_size=11847680 bytes (28.9%)
(RDMA_READ_CONSUME_CHECK_CONSUMER) timestamp=13081 ms, used_size=11845632 bytes (28.9%)
(RDMA_READ_CONSUME_CHECK_CONSUMER) timestamp=13081 ms, used_size=11843584 bytes (28.9%)
(RDMA_READ_CONSUME_CHECK_CONSUMER) timestamp=13081 ms, used_size=11841536 bytes (28.9%)
(RDMA_READ_CONSUME_CHECK_CONSUMER) timestamp=13081 ms, used_size=11839488 bytes (28.9%)
(RDMA_READ_CONSUME_CHECK_CONSUMER) timestamp=13081 ms, used_size=11837440 bytes (28.9%)
(RDMA_READ_CONSUME_CHECK_CONSUMER) timestamp=13081 ms, used_size=11835392 bytes (28.9%)
(RDMA_READ_CONSUME_CHECK_CONSUMER) timestamp=13081 ms, used_size=11833344 bytes (28.9%)
(RDMA_READ_CONSUME_CHECK_CONSUMER) timestamp=13081 ms, used_size=11831296 bytes (28.9%)
(RDMA_READ_CONSUME_CHECK_CONSUMER) timestamp=13081 ms, used_size=11829248 bytes (28.9%)
(RDMA_READ_CONSUME_CHECK_CONSUMER) timestamp=13081 ms, used_size=11827200 bytes (28.9%)
(RDMA_READ_CONSUME_CHECK_CONSUMER) timestamp=13081 ms, used_size=11825152 bytes (28.9%)
(RDMA_READ_CONSUME_CHECK_CONSUMER) timestamp=13081 ms, used_size=11823104 bytes (28.9%)
(RDMA_READ_CONSUME_CHECK_CONSUMER) timestamp=13081 ms, used_size=11821056 bytes (28.9%)
(RDMA_READ_CONSUME_CHECK_CONSUMER) timestamp=13081 ms, used_size=11819008 bytes (28.9%)
(RDMA_READ_CONSUME_CHECK_CONSUMER) timestamp=13081 ms, used_size=11816960 bytes (28.9%)
(RDMA_READ_CONSUME_CHECK_CONSUMER) timestamp=13081 ms, used_size=11814912 bytes (28.8%)
(RDMA_READ_CONSUME_CHECK_CONSUMER) timestamp=13081 ms, used_size=11812864 bytes (28.8%)
(RDMA_READ_CONSUME_CHECK_CONSUMER) timestamp=13081 ms, used_size=11810816 bytes (28.8%)
(RDMA_READ_CONSUME_CHECK_CONSUMER) timestamp=13081 ms, used_size=11808768 bytes (28.8%)
(RDMA_READ_CONSUME_CHECK_CONSUMER) timestamp=13081 ms, used_size=11806720 bytes (28.8%)
(RDMA_READ_CONSUME_CHECK_CONSUMER) timestamp=13081 ms, used_size=11804672 bytes (28.8%)
(RDMA_READ_CONSUME_CHECK_CONSUMER) timestamp=13081 ms, used_size=11802624 bytes (28.8%)
(RDMA_READ_CONSUME_CHECK_CONSUMER) timestamp=13081 ms, used_size=11800576 bytes (28.8%)
(RDMA_READ_CONSUME_CHECK_CONSUMER) timestamp=13081 ms, used_size=11798528 bytes (28.8%)
(RDMA_READ_CONSUME_CHECK_CONSUMER) timestamp=13081 ms, used_size=11796480 bytes (28.8%)
(RDMA_READ_CONSUME_CHECK_CONSUMER) timestamp=13081 ms, used_size=11794432 bytes (28.8%)
(RDMA_READ_CONSUME_CHECK_CONSUMER) timestamp=13081 ms, used_size=11792384 bytes (28.8%)
(RDMA_READ_CONSUME_CHECK_CONSUMER) timestamp=13081 ms, used_size=11790336 bytes (28.8%)
(RDMA_READ_CONSUME_CHECK_CONSUMER) timestamp=13081 ms, used_size=11788288 bytes (28.8%)
(RDMA_READ_CONSUME_CHECK_CONSUMER) timestamp=13081 ms, used_size=11786240 bytes (28.8%)
(RDMA_READ_CONSUME_CHECK_CONSUMER) timestamp=13081 ms, used_size=11784192 bytes (28.8%)
(RDMA_READ_CONSUME_CHECK_CONSUMER) timestamp=13081 ms, used_size=11782144 bytes (28.8%)
(RDMA_READ_CONSUME_CHECK_CONSUMER) timestamp=13081 ms, used_size=11780096 bytes (28.8%)
(RDMA_READ_CONSUME_CHECK_CONSUMER) timestamp=13081 ms, used_size=11778048 bytes (28.8%)
(RDMA_READ_CONSUME_CHECK_CONSUMER) timestamp=13081 ms, used_size=11776000 bytes (28.8%)
(RDMA_READ_CONSUME_CHECK_CONSUMER) timestamp=13081 ms, used_size=11773952 bytes (28.7%)
(RDMA_READ_CONSUME_CHECK_CONSUMER) timestamp=13081 ms, used_size=11771904 bytes (28.7%)
(RDMA_READ_CONSUME_CHECK_CONSUMER) timestamp=13081 ms, used_size=11769856 bytes (28.7%)
(RDMA_READ_CONSUME_CHECK_CONSUMER) timestamp=13081 ms, used_size=11767808 bytes (28.7%)
(RDMA_READ_CONSUME_CHECK_CONSUMER) timestamp=13081 ms, used_size=11765760 bytes (28.7%)
(RDMA_READ_CONSUME_CHECK_CONSUMER) timestamp=13081 ms, used_size=11763712 bytes (28.7%)
(RDMA_READ_CONSUME_CHECK_CONSUMER) timestamp=13081 ms, used_size=11761664 bytes (28.7%)
(RDMA_READ_CONSUME_CHECK_CONSUMER) timestamp=13081 ms, used_size=11759616 bytes (28.7%)
(RDMA_READ_CONSUME_CHECK_CONSUMER) timestamp=13081 ms, used_size=11757568 bytes (28.7%)
(RDMA_READ_CONSUME_CHECK_CONSUMER) timestamp=13081 ms, used_size=11755520 bytes (28.7%)
(RDMA_READ_CONSUME_CHECK_CONSUMER) timestamp=13081 ms, used_size=11753472 bytes (28.7%)
(RDMA_READ_CONSUME_CHECK_CONSUMER) timestamp=13081 ms, used_size=11751424 bytes (28.7%)
(RDMA_READ_CONSUME_CHECK_CONSUMER) timestamp=13081 ms, used_size=11749376 bytes (28.7%)
(RDMA_READ_CONSUME_CHECK_CONSUMER) timestamp=13081 ms, used_size=11747328 bytes (28.7%)
(RDMA_READ_CONSUME_CHECK_CONSUMER) timestamp=13081 ms, used_size=11745280 bytes (28.7%)
(RDMA_READ_CONSUME_CHECK_CONSUMER) timestamp=13081 ms, used_size=11743232 bytes (28.7%)
(RDMA_READ_CONSUME_CHECK_CONSUMER) timestamp=13081 ms, used_size=11741184 bytes (28.7%)
(RDMA_READ_CONSUME_CHECK_CONSUMER) timestamp=13081 ms, used_size=11739136 bytes (28.7%)
(RDMA_READ_CONSUME_CHECK_CONSUMER) timestamp=13081 ms, used_size=11737088 bytes (28.7%)
(RDMA_READ_CONSUME_CHECK_CONSUMER) timestamp=13081 ms, used_size=11735040 bytes (28.6%)
(RDMA_READ_CONSUME_CHECK_CONSUMER) timestamp=13081 ms, used_size=11732992 bytes (28.6%)
(RDMA_READ_CONSUME_CHECK_CONSUMER) timestamp=13081 ms, used_size=11730944 bytes (28.6%)
(RDMA_READ_CONSUME_CHECK_CONSUMER) timestamp=13081 ms, used_size=11728896 bytes (28.6%)
(RDMA_READ_CONSUME_CHECK_CONSUMER) timestamp=13081 ms, used_size=11726848 bytes (28.6%)
(RDMA_READ_CONSUME_CHECK_CONSUMER) timestamp=13081 ms, used_size=11724800 bytes (28.6%)
(RDMA_READ_CONSUME_CHECK_CONSUMER) timestamp=13081 ms, used_size=11722752 bytes (28.6%)
(RDMA_READ_CONSUME_CHECK_CONSUMER) timestamp=13081 ms, used_size=11720704 bytes (28.6%)
(RDMA_READ_CONSUME_CHECK_CONSUMER) timestamp=13081 ms, used_size=11718656 bytes (28.6%)
(RDMA_READ_CONSUME_CHECK_CONSUMER) timestamp=13081 ms, used_size=11716608 bytes (28.6%)
(RDMA_READ_CONSUME_CHECK_CONSUMER) timestamp=13081 ms, used_size=11714560 bytes (28.6%)
(RDMA_READ_CONSUME_CHECK_CONSUMER) timestamp=13081 ms, used_size=11712512 bytes (28.6%)
(RDMA_READ_CONSUME_CHECK_CONSUMER) timestamp=13081 ms, used_size=11710464 bytes (28.6%)
(RDMA_READ_CONSUME_CHECK_CONSUMER) timestamp=13081 ms, used_size=11708416 bytes (28.6%)
(RDMA_READ_CONSUME_CHECK_CONSUMER) timestamp=13081 ms, used_size=11706368 bytes (28.6%)
(RDMA_READ_CONSUME_CHECK_CONSUMER) timestamp=13081 ms, used_size=11704320 bytes (28.6%)
(RDMA_READ_CONSUME_CHECK_CONSUMER) timestamp=13081 ms, used_size=11702272 bytes (28.6%)
(RDMA_READ_CONSUME_CHECK_CONSUMER) timestamp=13081 ms, used_size=11700224 bytes (28.6%)
(RDMA_READ_CONSUME_CHECK_CONSUMER) timestamp=13081 ms, used_size=11698176 bytes (28.6%)
(RDMA_READ_CONSUME_CHECK_CONSUMER) timestamp=13081 ms, used_size=11696128 bytes (28.6%)
(RDMA_READ_CONSUME_CHECK_CONSUMER) timestamp=13081 ms, used_size=11694080 bytes (28.6%)
(RDMA_READ_CONSUME_CHECK_CONSUMER) timestamp=13081 ms, used_size=11692032 bytes (28.5%)
(RDMA_READ_CONSUME_CHECK_CONSUMER) timestamp=13081 ms, used_size=11689984 bytes (28.5%)
(RDMA_READ_CONSUME_CHECK_CONSUMER) timestamp=13081 ms, used_size=11687936 bytes (28.5%)
(RDMA_READ_CONSUME_CHECK_CONSUMER) timestamp=13081 ms, used_size=11685888 bytes (28.5%)
(RDMA_READ_CONSUME_CHECK_CONSUMER) timestamp=13081 ms, used_size=11683840 bytes (28.5%)
(RDMA_READ_CONSUME_CHECK_CONSUMER) timestamp=13081 ms, used_size=11681792 bytes (28.5%)
(RDMA_READ_CONSUME_CHECK_CONSUMER) timestamp=13081 ms, used_size=11679744 bytes (28.5%)
(RDMA_READ_CONSUME_CHECK_CONSUMER) timestamp=13081 ms, used_size=11677696 bytes (28.5%)
(RDMA_READ_CONSUME_CHECK_CONSUMER) timestamp=13081 ms, used_size=11675648 bytes (28.5%)
(RDMA_READ_CONSUME_CHECK_CONSUMER) timestamp=13082 ms, used_size=11673600 bytes (28.5%)
(RDMA_READ_CONSUME_CHECK_CONSUMER) timestamp=13082 ms, used_size=11671552 bytes (28.5%)
(RDMA_READ_CONSUME_CHECK_CONSUMER) timestamp=13082 ms, used_size=11669504 bytes (28.5%)
(RDMA_READ_CONSUME_CHECK_CONSUMER) timestamp=13082 ms, used_size=11667456 bytes (28.5%)
(RDMA_READ_CONSUME_CHECK_CONSUMER) timestamp=13082 ms, used_size=11665408 bytes (28.5%)
(RDMA_READ_CONSUME_CHECK_CONSUMER) timestamp=13082 ms, used_size=11663360 bytes (28.5%)
(RDMA_READ_CONSUME_CHECK_CONSUMER) timestamp=13082 ms, used_size=11661312 bytes (28.5%)
(RDMA_READ_CONSUME_CHECK_CONSUMER) timestamp=13082 ms, used_size=11659264 bytes (28.5%)
(RDMA_READ_CONSUME_CHECK_CONSUMER) timestamp=13082 ms, used_size=11657216 bytes (28.5%)
(RDMA_READ_CONSUME_CHECK_CONSUMER) timestamp=13082 ms, used_size=11655168 bytes (28.5%)
(RDMA_READ_CONSUME_CHECK_CONSUMER) timestamp=13082 ms, used_size=11653120 bytes (28.4%)
(RDMA_READ_CONSUME_CHECK_CONSUMER) timestamp=13082 ms, used_size=11651072 bytes (28.4%)
(RDMA_READ_CONSUME_CHECK_CONSUMER) timestamp=13082 ms, used_size=11649024 bytes (28.4%)
(RDMA_READ_CONSUME_CHECK_CONSUMER) timestamp=13082 ms, used_size=11646976 bytes (28.4%)
(RDMA_READ_CONSUME_CHECK_CONSUMER) timestamp=13082 ms, used_size=11644928 bytes (28.4%)
(RDMA_READ_CONSUME_CHECK_CONSUMER) timestamp=13082 ms, used_size=11642880 bytes (28.4%)
(RDMA_READ_CONSUME_CHECK_CONSUMER) timestamp=13082 ms, used_size=11640832 bytes (28.4%)
(RDMA_READ_CONSUME_CHECK_CONSUMER) timestamp=13082 ms, used_size=11638784 bytes (28.4%)
(RDMA_READ_CONSUME_CHECK_CONSUMER) timestamp=13082 ms, used_size=11636736 bytes (28.4%)
(RDMA_READ_CONSUME_CHECK_CONSUMER) timestamp=13082 ms, used_size=11634688 bytes (28.4%)
(RDMA_READ_CONSUME_CHECK_CONSUMER) timestamp=13082 ms, used_size=11632640 bytes (28.4%)
(RDMA_READ_CONSUME_CHECK_CONSUMER) timestamp=13082 ms, used_size=11630592 bytes (28.4%)
(RDMA_READ_CONSUME_CHECK_CONSUMER) timestamp=13082 ms, used_size=11628544 bytes (28.4%)
(RDMA_READ_CONSUME_CHECK_CONSUMER) timestamp=13082 ms, used_size=11626496 bytes (28.4%)
(RDMA_READ_CONSUME_CHECK_CONSUMER) timestamp=13082 ms, used_size=11624448 bytes (28.4%)
(RDMA_READ_CONSUME_CHECK_CONSUMER) timestamp=13082 ms, used_size=11622400 bytes (28.4%)
(RDMA_READ_CONSUME_CHECK_CONSUMER) timestamp=13082 ms, used_size=11620352 bytes (28.4%)
(RDMA_READ_CONSUME_CHECK_CONSUMER) timestamp=13082 ms, used_size=11618304 bytes (28.4%)
(RDMA_READ_CONSUME_CHECK_CONSUMER) timestamp=13082 ms, used_size=11616256 bytes (28.4%)
(RDMA_READ_CONSUME_CHECK_CONSUMER) timestamp=13082 ms, used_size=11614208 bytes (28.4%)
(RDMA_READ_CONSUME_CHECK_CONSUMER) timestamp=13082 ms, used_size=11612160 bytes (28.4%)
(RDMA_READ_CONSUME_CHECK_CONSUMER) timestamp=13082 ms, used_size=11610112 bytes (28.3%)
(RDMA_READ_CONSUME_CHECK_CONSUMER) timestamp=13082 ms, used_size=11608064 bytes (28.3%)
(RDMA_READ_CONSUME_CHECK_CONSUMER) timestamp=13082 ms, used_size=11606016 bytes (28.3%)
(RDMA_READ_CONSUME_CHECK_CONSUMER) timestamp=13082 ms, used_size=11603968 bytes (28.3%)
(RDMA_READ_CONSUME_CHECK_CONSUMER) timestamp=13082 ms, used_size=11601920 bytes (28.3%)
(RDMA_READ_CONSUME_CHECK_CONSUMER) timestamp=13082 ms, used_size=11599872 bytes (28.3%)
(RDMA_READ_CONSUME_CHECK_CONSUMER) timestamp=13082 ms, used_size=11597824 bytes (28.3%)
(RDMA_READ_CONSUME_CHECK_CONSUMER) timestamp=13082 ms, used_size=11595776 bytes (28.3%)
(RDMA_READ_CONSUME_CHECK_CONSUMER) timestamp=13082 ms, used_size=11593728 bytes (28.3%)
(RDMA_READ_CONSUME_CHECK_CONSUMER) timestamp=13082 ms, used_size=11591680 bytes (28.3%)
(RDMA_READ_CONSUME_CHECK_CONSUMER) timestamp=13082 ms, used_size=11589632 bytes (28.3%)
(RDMA_READ_CONSUME_CHECK_CONSUMER) timestamp=13082 ms, used_size=11587584 bytes (28.3%)
(RDMA_READ_CONSUME_CHECK_CONSUMER) timestamp=13082 ms, used_size=11585536 bytes (28.3%)
(RDMA_READ_CONSUME_CHECK_CONSUMER) timestamp=13082 ms, used_size=11583488 bytes (28.3%)
(RDMA_READ_CONSUME_CHECK_CONSUMER) timestamp=13082 ms, used_size=11581440 bytes (28.3%)
(RDMA_READ_CONSUME_CHECK_CONSUMER) timestamp=13082 ms, used_size=11579392 bytes (28.3%)
(RDMA_READ_CONSUME_CHECK_CONSUMER) timestamp=13082 ms, used_size=11577344 bytes (28.3%)
(RDMA_READ_CONSUME_CHECK_CONSUMER) timestamp=13082 ms, used_size=11575296 bytes (28.3%)
(RDMA_READ_CONSUME_CHECK_CONSUMER) timestamp=13082 ms, used_size=11573248 bytes (28.3%)
(RDMA_READ_CONSUME_CHECK_CONSUMER) timestamp=13082 ms, used_size=11571200 bytes (28.2%)
(RDMA_READ_CONSUME_CHECK_CONSUMER) timestamp=13082 ms, used_size=11569152 bytes (28.2%)
(RDMA_READ_CONSUME_CHECK_CONSUMER) timestamp=13082 ms, used_size=11567104 bytes (28.2%)
(RDMA_READ_CONSUME_CHECK_CONSUMER) timestamp=13082 ms, used_size=11565056 bytes (28.2%)
(RDMA_READ_CONSUME_CHECK_CONSUMER) timestamp=13082 ms, used_size=11563008 bytes (28.2%)
(RDMA_READ_CONSUME_CHECK_CONSUMER) timestamp=13082 ms, used_size=11560960 bytes (28.2%)
(RDMA_READ_CONSUME_CHECK_CONSUMER) timestamp=13082 ms, used_size=11558912 bytes (28.2%)
(RDMA_READ_CONSUME_CHECK_CONSUMER) timestamp=13082 ms, used_size=11556864 bytes (28.2%)
(RDMA_READ_CONSUME_CHECK_CONSUMER) timestamp=13082 ms, used_size=11554816 bytes (28.2%)
(RDMA_READ_CONSUME_CHECK_CONSUMER) timestamp=13082 ms, used_size=11552768 bytes (28.2%)
(RDMA_READ_CONSUME_CHECK_CONSUMER) timestamp=13082 ms, used_size=11550720 bytes (28.2%)
(RDMA_READ_CONSUME_CHECK_CONSUMER) timestamp=13082 ms, used_size=11548672 bytes (28.2%)
(RDMA_READ_CONSUME_CHECK_CONSUMER) timestamp=13082 ms, used_size=11546624 bytes (28.2%)
(RDMA_READ_CONSUME_CHECK_CONSUMER) timestamp=13082 ms, used_size=11544576 bytes (28.2%)
(RDMA_READ_CONSUME_CHECK_CONSUMER) timestamp=13082 ms, used_size=11542528 bytes (28.2%)
(RDMA_READ_CONSUME_CHECK_CONSUMER) timestamp=13082 ms, used_size=11540480 bytes (28.2%)
(RDMA_READ_CONSUME_CHECK_CONSUMER) timestamp=13082 ms, used_size=11538432 bytes (28.2%)
(RDMA_READ_CONSUME_CHECK_CONSUMER) timestamp=13082 ms, used_size=11536384 bytes (28.2%)
(RDMA_READ_CONSUME_CHECK_CONSUMER) timestamp=13082 ms, used_size=11534336 bytes (28.2%)
(RDMA_READ_CONSUME_CHECK_CONSUMER) timestamp=13082 ms, used_size=11532288 bytes (28.2%)
(RDMA_READ_CONSUME_CHECK_CONSUMER) timestamp=13082 ms, used_size=11530240 bytes (28.1%)
(RDMA_READ_CONSUME_CHECK_CONSUMER) timestamp=13082 ms, used_size=11528192 bytes (28.1%)
(RDMA_READ_CONSUME_CHECK_CONSUMER) timestamp=13082 ms, used_size=11526144 bytes (28.1%)
(RDMA_READ_CONSUME_CHECK_CONSUMER) timestamp=13082 ms, used_size=11524096 bytes (28.1%)
(RDMA_READ_CONSUME_CHECK_CONSUMER) timestamp=13082 ms, used_size=11522048 bytes (28.1%)
(RDMA_READ_CONSUME_CHECK_CONSUMER) timestamp=13082 ms, used_size=11520000 bytes (28.1%)
(RDMA_READ_CONSUME_CHECK_CONSUMER) timestamp=13082 ms, used_size=11517952 bytes (28.1%)
(RDMA_READ_CONSUME_CHECK_CONSUMER) timestamp=13082 ms, used_size=11515904 bytes (28.1%)
(RDMA_READ_CONSUME_CHECK_CONSUMER) timestamp=13082 ms, used_size=11513856 bytes (28.1%)
(RDMA_READ_CONSUME_CHECK_CONSUMER) timestamp=13082 ms, used_size=11511808 bytes (28.1%)
(RDMA_READ_CONSUME_CHECK_CONSUMER) timestamp=13082 ms, used_size=11509760 bytes (28.1%)
(RDMA_READ_CONSUME_CHECK_CONSUMER) timestamp=13082 ms, used_size=11507712 bytes (28.1%)
(RDMA_READ_CONSUME_CHECK_CONSUMER) timestamp=13082 ms, used_size=11505664 bytes (28.1%)
(RDMA_READ_CONSUME_CHECK_CONSUMER) timestamp=13082 ms, used_size=11503616 bytes (28.1%)
(RDMA_READ_CONSUME_CHECK_CONSUMER) timestamp=13082 ms, used_size=11501568 bytes (28.1%)
(RDMA_READ_CONSUME_CHECK_CONSUMER) timestamp=13082 ms, used_size=11499520 bytes (28.1%)
(RDMA_READ_CONSUME_CHECK_CONSUMER) timestamp=13082 ms, used_size=11497472 bytes (28.1%)
(RDMA_READ_CONSUME_CHECK_CONSUMER) timestamp=13082 ms, used_size=11495424 bytes (28.1%)
(RDMA_READ_CONSUME_CHECK_CONSUMER) timestamp=13082 ms, used_size=11493376 bytes (28.1%)
(RDMA_READ_CONSUME_CHECK_CONSUMER) timestamp=13082 ms, used_size=11491328 bytes (28.1%)
(RDMA_READ_CONSUME_CHECK_CONSUMER) timestamp=13082 ms, used_size=11489280 bytes (28.1%)
(RDMA_READ_CONSUME_CHECK_CONSUMER) timestamp=13082 ms, used_size=11487232 bytes (28.0%)
(RDMA_READ_CONSUME_CHECK_CONSUMER) timestamp=13082 ms, used_size=11485184 bytes (28.0%)
(RDMA_READ_CONSUME_CHECK_CONSUMER) timestamp=13082 ms, used_size=11483136 bytes (28.0%)
(RDMA_READ_CONSUME_CHECK_CONSUMER) timestamp=13082 ms, used_size=11481088 bytes (28.0%)
(RDMA_READ_CONSUME_CHECK_CONSUMER) timestamp=13082 ms, used_size=11479040 bytes (28.0%)
(RDMA_READ_CONSUME_CHECK_CONSUMER) timestamp=13082 ms, used_size=11476992 bytes (28.0%)
(RDMA_READ_CONSUME_CHECK_CONSUMER) timestamp=13082 ms, used_size=11474944 bytes (28.0%)
(RDMA_READ_CONSUME_CHECK_CONSUMER) timestamp=13082 ms, used_size=11472896 bytes (28.0%)
(RDMA_READ_CONSUME_CHECK_CONSUMER) timestamp=13082 ms, used_size=11470848 bytes (28.0%)
(RDMA_READ_CONSUME_CHECK_CONSUMER) timestamp=13082 ms, used_size=11468800 bytes (28.0%)
(RDMA_READ_CONSUME_CHECK_CONSUMER) timestamp=13082 ms, used_size=11466752 bytes (28.0%)
(RDMA_READ_CONSUME_CHECK_CONSUMER) timestamp=13082 ms, used_size=11464704 bytes (28.0%)
(RDMA_READ_CONSUME_CHECK_CONSUMER) timestamp=13082 ms, used_size=11462656 bytes (28.0%)
(RDMA_READ_CONSUME_CHECK_CONSUMER) timestamp=13082 ms, used_size=11460608 bytes (28.0%)
(RDMA_READ_CONSUME_CHECK_CONSUMER) timestamp=13082 ms, used_size=11458560 bytes (28.0%)
(RDMA_READ_CONSUME_CHECK_CONSUMER) timestamp=13082 ms, used_size=11456512 bytes (28.0%)
(RDMA_READ_CONSUME_CHECK_CONSUMER) timestamp=13082 ms, used_size=11454464 bytes (28.0%)
(RDMA_READ_CONSUME_CHECK_CONSUMER) timestamp=13082 ms, used_size=11452416 bytes (28.0%)
(RDMA_READ_CONSUME_CHECK_CONSUMER) timestamp=13082 ms, used_size=11450368 bytes (28.0%)
(RDMA_READ_CONSUME_CHECK_CONSUMER) timestamp=13082 ms, used_size=11448320 bytes (27.9%)
(RDMA_READ_CONSUME_CHECK_CONSUMER) timestamp=13082 ms, used_size=11446272 bytes (27.9%)
(RDMA_READ_CONSUME_CHECK_CONSUMER) timestamp=13082 ms, used_size=11444224 bytes (27.9%)
(RDMA_READ_CONSUME_CHECK_CONSUMER) timestamp=13082 ms, used_size=11442176 bytes (27.9%)
(RDMA_READ_CONSUME_CHECK_CONSUMER) timestamp=13082 ms, used_size=11440128 bytes (27.9%)
(RDMA_READ_CONSUME_CHECK_CONSUMER) timestamp=13082 ms, used_size=11438080 bytes (27.9%)
(RDMA_READ_CONSUME_CHECK_CONSUMER) timestamp=13082 ms, used_size=11436032 bytes (27.9%)
(RDMA_READ_CONSUME_CHECK_CONSUMER) timestamp=13082 ms, used_size=11433984 bytes (27.9%)
(RDMA_READ_CONSUME_CHECK_CONSUMER) timestamp=13082 ms, used_size=11431936 bytes (27.9%)
(RDMA_READ_CONSUME_CHECK_CONSUMER) timestamp=13082 ms, used_size=11429888 bytes (27.9%)
(RDMA_READ_CONSUME_CHECK_CONSUMER) timestamp=13082 ms, used_size=11427840 bytes (27.9%)
(RDMA_READ_CONSUME_CHECK_CONSUMER) timestamp=13082 ms, used_size=11425792 bytes (27.9%)
(RDMA_READ_CONSUME_CHECK_CONSUMER) timestamp=13082 ms, used_size=11423744 bytes (27.9%)
(RDMA_READ_CONSUME_CHECK_CONSUMER) timestamp=13082 ms, used_size=11421696 bytes (27.9%)
(RDMA_READ_CONSUME_CHECK_CONSUMER) timestamp=13082 ms, used_size=11419648 bytes (27.9%)
(RDMA_READ_CONSUME_CHECK_CONSUMER) timestamp=13082 ms, used_size=11417600 bytes (27.9%)
(RDMA_READ_CONSUME_CHECK_CONSUMER) timestamp=13082 ms, used_size=11415552 bytes (27.9%)
(RDMA_READ_CONSUME_CHECK_CONSUMER) timestamp=13082 ms, used_size=11413504 bytes (27.9%)
(RDMA_READ_CONSUME_CHECK_CONSUMER) timestamp=13082 ms, used_size=11411456 bytes (27.9%)
(RDMA_READ_CONSUME_CHECK_CONSUMER) timestamp=13082 ms, used_size=11409408 bytes (27.9%)
(RDMA_READ_CONSUME_CHECK_CONSUMER) timestamp=13082 ms, used_size=11407360 bytes (27.9%)
(RDMA_READ_CONSUME_CHECK_CONSUMER) timestamp=13082 ms, used_size=11405312 bytes (27.8%)
(RDMA_READ_CONSUME_CHECK_CONSUMER) timestamp=13082 ms, used_size=11403264 bytes (27.8%)
(RDMA_READ_CONSUME_CHECK_CONSUMER) timestamp=13082 ms, used_size=11401216 bytes (27.8%)
(RDMA_READ_CONSUME_CHECK_CONSUMER) timestamp=13082 ms, used_size=11399168 bytes (27.8%)
(RDMA_READ_CONSUME_CHECK_CONSUMER) timestamp=13082 ms, used_size=11397120 bytes (27.8%)
(RDMA_READ_CONSUME_CHECK_CONSUMER) timestamp=13082 ms, used_size=11395072 bytes (27.8%)
(RDMA_READ_CONSUME_CHECK_CONSUMER) timestamp=13082 ms, used_size=11393024 bytes (27.8%)
(RDMA_READ_CONSUME_CHECK_CONSUMER) timestamp=13082 ms, used_size=11390976 bytes (27.8%)
(RDMA_READ_CONSUME_CHECK_CONSUMER) timestamp=13082 ms, used_size=11388928 bytes (27.8%)
(RDMA_READ_CONSUME_CHECK_CONSUMER) timestamp=13082 ms, used_size=11386880 bytes (27.8%)
(RDMA_READ_CONSUME_CHECK_CONSUMER) timestamp=13082 ms, used_size=11384832 bytes (27.8%)
(RDMA_READ_CONSUME_CHECK_CONSUMER) timestamp=13082 ms, used_size=11382784 bytes (27.8%)
(RDMA_READ_CONSUME_CHECK_CONSUMER) timestamp=13082 ms, used_size=11380736 bytes (27.8%)
(RDMA_READ_CONSUME_CHECK_CONSUMER) timestamp=13082 ms, used_size=11378688 bytes (27.8%)
(RDMA_READ_CONSUME_CHECK_CONSUMER) timestamp=13082 ms, used_size=11376640 bytes (27.8%)
(RDMA_READ_CONSUME_CHECK_CONSUMER) timestamp=13082 ms, used_size=11374592 bytes (27.8%)
(RDMA_READ_CONSUME_CHECK_CONSUMER) timestamp=13082 ms, used_size=11372544 bytes (27.8%)
(RDMA_READ_CONSUME_CHECK_CONSUMER) timestamp=13082 ms, used_size=11370496 bytes (27.8%)
(RDMA_READ_CONSUME_CHECK_CONSUMER) timestamp=13082 ms, used_size=11368448 bytes (27.8%)
(RDMA_READ_CONSUME_CHECK_CONSUMER) timestamp=13082 ms, used_size=11366400 bytes (27.8%)
(RDMA_READ_CONSUME_CHECK_CONSUMER) timestamp=13082 ms, used_size=11364352 bytes (27.7%)
(RDMA_READ_CONSUME_CHECK_CONSUMER) timestamp=13082 ms, used_size=11362304 bytes (27.7%)
(RDMA_READ_CONSUME_CHECK_CONSUMER) timestamp=13082 ms, used_size=11360256 bytes (27.7%)
(RDMA_READ_CONSUME_CHECK_CONSUMER) timestamp=13082 ms, used_size=11358208 bytes (27.7%)
(RDMA_READ_CONSUME_CHECK_CONSUMER) timestamp=13082 ms, used_size=11356160 bytes (27.7%)
(RDMA_READ_CONSUME_CHECK_CONSUMER) timestamp=13082 ms, used_size=11354112 bytes (27.7%)
(RDMA_READ_CONSUME_CHECK_CONSUMER) timestamp=13082 ms, used_size=11352064 bytes (27.7%)
(RDMA_READ_CONSUME_CHECK_CONSUMER) timestamp=13082 ms, used_size=11350016 bytes (27.7%)
(RDMA_READ_CONSUME_CHECK_CONSUMER) timestamp=13082 ms, used_size=11347968 bytes (27.7%)
(RDMA_READ_CONSUME_CHECK_CONSUMER) timestamp=13082 ms, used_size=11345920 bytes (27.7%)
(RDMA_READ_CONSUME_CHECK_CONSUMER) timestamp=13082 ms, used_size=11343872 bytes (27.7%)
(RDMA_READ_CONSUME_CHECK_CONSUMER) timestamp=13082 ms, used_size=11341824 bytes (27.7%)
(RDMA_READ_CONSUME_CHECK_CONSUMER) timestamp=13082 ms, used_size=11339776 bytes (27.7%)
(RDMA_READ_CONSUME_CHECK_CONSUMER) timestamp=13082 ms, used_size=11337728 bytes (27.7%)
(RDMA_READ_CONSUME_CHECK_CONSUMER) timestamp=13082 ms, used_size=11335680 bytes (27.7%)
(RDMA_READ_CONSUME_CHECK_CONSUMER) timestamp=13082 ms, used_size=11333632 bytes (27.7%)
(RDMA_READ_CONSUME_CHECK_CONSUMER) timestamp=13083 ms, used_size=11331584 bytes (27.7%)
(RDMA_READ_CONSUME_CHECK_CONSUMER) timestamp=13083 ms, used_size=11329536 bytes (27.7%)
(RDMA_READ_CONSUME_CHECK_CONSUMER) timestamp=13083 ms, used_size=11327488 bytes (27.7%)
(RDMA_READ_CONSUME_CHECK_CONSUMER) timestamp=13083 ms, used_size=11325440 bytes (27.6%)
(RDMA_READ_CONSUME_CHECK_CONSUMER) timestamp=13083 ms, used_size=11323392 bytes (27.6%)
(RDMA_READ_CONSUME_CHECK_CONSUMER) timestamp=13083 ms, used_size=11321344 bytes (27.6%)
(RDMA_READ_CONSUME_CHECK_CONSUMER) timestamp=13083 ms, used_size=11319296 bytes (27.6%)
(RDMA_READ_CONSUME_CHECK_CONSUMER) timestamp=13083 ms, used_size=11317248 bytes (27.6%)
(RDMA_READ_CONSUME_CHECK_CONSUMER) timestamp=13083 ms, used_size=11315200 bytes (27.6%)
(RDMA_READ_CONSUME_CHECK_CONSUMER) timestamp=13083 ms, used_size=11313152 bytes (27.6%)
(RDMA_READ_CONSUME_CHECK_CONSUMER) timestamp=13083 ms, used_size=11311104 bytes (27.6%)
(RDMA_READ_CONSUME_CHECK_CONSUMER) timestamp=13083 ms, used_size=11309056 bytes (27.6%)
(RDMA_READ_CONSUME_CHECK_CONSUMER) timestamp=13083 ms, used_size=11307008 bytes (27.6%)
(RDMA_READ_CONSUME_CHECK_CONSUMER) timestamp=13083 ms, used_size=11304960 bytes (27.6%)
(RDMA_READ_CONSUME_CHECK_CONSUMER) timestamp=13083 ms, used_size=11302912 bytes (27.6%)
(RDMA_READ_CONSUME_CHECK_CONSUMER) timestamp=13083 ms, used_size=11300864 bytes (27.6%)
(RDMA_READ_CONSUME_CHECK_CONSUMER) timestamp=13083 ms, used_size=11298816 bytes (27.6%)
(RDMA_READ_CONSUME_CHECK_CONSUMER) timestamp=13083 ms, used_size=11296768 bytes (27.6%)
(RDMA_READ_CONSUME_CHECK_CONSUMER) timestamp=13083 ms, used_size=11294720 bytes (27.6%)
(RDMA_READ_CONSUME_CHECK_CONSUMER) timestamp=13083 ms, used_size=11292672 bytes (27.6%)
(RDMA_READ_CONSUME_CHECK_CONSUMER) timestamp=13083 ms, used_size=11290624 bytes (27.6%)
(RDMA_READ_CONSUME_CHECK_CONSUMER) timestamp=13083 ms, used_size=11288576 bytes (27.6%)
(RDMA_READ_CONSUME_CHECK_CONSUMER) timestamp=13083 ms, used_size=11286528 bytes (27.6%)
(RDMA_READ_CONSUME_CHECK_CONSUMER) timestamp=13083 ms, used_size=11284480 bytes (27.6%)
(RDMA_READ_CONSUME_CHECK_CONSUMER) timestamp=13083 ms, used_size=11282432 bytes (27.5%)
(RDMA_READ_CONSUME_CHECK_CONSUMER) timestamp=13083 ms, used_size=11280384 bytes (27.5%)
(RDMA_READ_CONSUME_CHECK_CONSUMER) timestamp=13083 ms, used_size=11278336 bytes (27.5%)
(RDMA_READ_CONSUME_CHECK_CONSUMER) timestamp=13083 ms, used_size=11276288 bytes (27.5%)
(RDMA_READ_CONSUME_CHECK_CONSUMER) timestamp=13083 ms, used_size=11274240 bytes (27.5%)
(RDMA_READ_CONSUME_CHECK_CONSUMER) timestamp=13083 ms, used_size=11272192 bytes (27.5%)
(RDMA_READ_CONSUME_CHECK_CONSUMER) timestamp=13083 ms, used_size=11270144 bytes (27.5%)
(RDMA_READ_CONSUME_CHECK_CONSUMER) timestamp=13083 ms, used_size=11268096 bytes (27.5%)
(RDMA_READ_CONSUME_CHECK_CONSUMER) timestamp=13083 ms, used_size=11266048 bytes (27.5%)
(RDMA_READ_CONSUME_CHECK_CONSUMER) timestamp=13083 ms, used_size=11264000 bytes (27.5%)
(RDMA_READ_CONSUME_CHECK_CONSUMER) timestamp=13083 ms, used_size=11261952 bytes (27.5%)
(RDMA_READ_CONSUME_CHECK_CONSUMER) timestamp=13083 ms, used_size=11259904 bytes (27.5%)
(RDMA_READ_CONSUME_CHECK_CONSUMER) timestamp=13083 ms, used_size=11257856 bytes (27.5%)
(RDMA_READ_CONSUME_CHECK_CONSUMER) timestamp=13083 ms, used_size=11255808 bytes (27.5%)
(RDMA_READ_CONSUME_CHECK_CONSUMER) timestamp=13083 ms, used_size=11253760 bytes (27.5%)
(RDMA_READ_CONSUME_CHECK_CONSUMER) timestamp=13083 ms, used_size=11251712 bytes (27.5%)
(RDMA_READ_CONSUME_CHECK_CONSUMER) timestamp=13083 ms, used_size=11249664 bytes (27.5%)
(RDMA_READ_CONSUME_CHECK_CONSUMER) timestamp=13083 ms, used_size=11247616 bytes (27.5%)
(RDMA_READ_CONSUME_CHECK_CONSUMER) timestamp=13083 ms, used_size=11245568 bytes (27.5%)
(RDMA_READ_CONSUME_CHECK_CONSUMER) timestamp=13083 ms, used_size=11243520 bytes (27.4%)
(RDMA_READ_CONSUME_CHECK_CONSUMER) timestamp=13083 ms, used_size=11241472 bytes (27.4%)
(RDMA_READ_CONSUME_CHECK_CONSUMER) timestamp=13083 ms, used_size=11239424 bytes (27.4%)
(RDMA_READ_CONSUME_CHECK_CONSUMER) timestamp=13083 ms, used_size=11237376 bytes (27.4%)
(RDMA_READ_CONSUME_CHECK_CONSUMER) timestamp=13083 ms, used_size=11235328 bytes (27.4%)
(RDMA_READ_CONSUME_CHECK_CONSUMER) timestamp=13083 ms, used_size=11233280 bytes (27.4%)
(RDMA_READ_CONSUME_CHECK_CONSUMER) timestamp=13083 ms, used_size=11231232 bytes (27.4%)
(RDMA_READ_CONSUME_CHECK_CONSUMER) timestamp=13083 ms, used_size=11229184 bytes (27.4%)
(RDMA_READ_CONSUME_CHECK_CONSUMER) timestamp=13083 ms, used_size=11227136 bytes (27.4%)
(RDMA_READ_CONSUME_CHECK_CONSUMER) timestamp=13083 ms, used_size=11225088 bytes (27.4%)
(RDMA_READ_CONSUME_CHECK_CONSUMER) timestamp=13083 ms, used_size=11223040 bytes (27.4%)
(RDMA_READ_CONSUME_CHECK_CONSUMER) timestamp=13083 ms, used_size=11220992 bytes (27.4%)
(RDMA_READ_CONSUME_CHECK_CONSUMER) timestamp=13083 ms, used_size=11218944 bytes (27.4%)
(RDMA_READ_CONSUME_CHECK_CONSUMER) timestamp=13083 ms, used_size=11216896 bytes (27.4%)
(RDMA_READ_CONSUME_CHECK_CONSUMER) timestamp=13083 ms, used_size=11214848 bytes (27.4%)
(RDMA_READ_CONSUME_CHECK_CONSUMER) timestamp=13083 ms, used_size=11212800 bytes (27.4%)
(RDMA_READ_CONSUME_CHECK_CONSUMER) timestamp=13083 ms, used_size=11210752 bytes (27.4%)
(RDMA_READ_CONSUME_CHECK_CONSUMER) timestamp=13083 ms, used_size=11208704 bytes (27.4%)
(RDMA_READ_CONSUME_CHECK_CONSUMER) timestamp=13083 ms, used_size=11206656 bytes (27.4%)
(RDMA_READ_CONSUME_CHECK_CONSUMER) timestamp=13083 ms, used_size=11204608 bytes (27.4%)
(RDMA_READ_CONSUME_CHECK_CONSUMER) timestamp=13083 ms, used_size=11202560 bytes (27.4%)
(RDMA_READ_CONSUME_CHECK_CONSUMER) timestamp=13083 ms, used_size=11200512 bytes (27.3%)
(RDMA_READ_CONSUME_CHECK_CONSUMER) timestamp=13083 ms, used_size=11198464 bytes (27.3%)
(RDMA_READ_CONSUME_CHECK_CONSUMER) timestamp=13083 ms, used_size=11196416 bytes (27.3%)
(RDMA_READ_CONSUME_CHECK_CONSUMER) timestamp=13083 ms, used_size=11194368 bytes (27.3%)
(RDMA_READ_CONSUME_CHECK_CONSUMER) timestamp=13083 ms, used_size=11192320 bytes (27.3%)
(RDMA_READ_CONSUME_CHECK_CONSUMER) timestamp=13083 ms, used_size=11190272 bytes (27.3%)
(RDMA_READ_CONSUME_CHECK_CONSUMER) timestamp=13083 ms, used_size=11188224 bytes (27.3%)
(RDMA_READ_CONSUME_CHECK_CONSUMER) timestamp=13083 ms, used_size=11186176 bytes (27.3%)
(RDMA_READ_CONSUME_CHECK_CONSUMER) timestamp=13083 ms, used_size=11184128 bytes (27.3%)
(RDMA_READ_CONSUME_CHECK_CONSUMER) timestamp=13083 ms, used_size=11182080 bytes (27.3%)
(RDMA_READ_CONSUME_CHECK_CONSUMER) timestamp=13083 ms, used_size=11180032 bytes (27.3%)
(RDMA_READ_CONSUME_CHECK_CONSUMER) timestamp=13083 ms, used_size=11177984 bytes (27.3%)
(RDMA_READ_CONSUME_CHECK_CONSUMER) timestamp=13083 ms, used_size=11175936 bytes (27.3%)
(RDMA_READ_CONSUME_CHECK_CONSUMER) timestamp=13083 ms, used_size=11173888 bytes (27.3%)
(RDMA_READ_CONSUME_CHECK_CONSUMER) timestamp=13083 ms, used_size=11171840 bytes (27.3%)
(RDMA_READ_CONSUME_CHECK_CONSUMER) timestamp=13083 ms, used_size=11169792 bytes (27.3%)
(RDMA_READ_CONSUME_CHECK_CONSUMER) timestamp=13083 ms, used_size=11167744 bytes (27.3%)
(RDMA_READ_CONSUME_CHECK_CONSUMER) timestamp=13083 ms, used_size=11165696 bytes (27.3%)
(RDMA_READ_CONSUME_CHECK_CONSUMER) timestamp=13083 ms, used_size=11163648 bytes (27.3%)
(RDMA_READ_CONSUME_CHECK_CONSUMER) timestamp=13083 ms, used_size=11161600 bytes (27.2%)
(RDMA_READ_CONSUME_CHECK_CONSUMER) timestamp=13083 ms, used_size=11159552 bytes (27.2%)
(RDMA_READ_CONSUME_CHECK_CONSUMER) timestamp=13083 ms, used_size=11157504 bytes (27.2%)
(RDMA_READ_CONSUME_CHECK_CONSUMER) timestamp=13083 ms, used_size=11155456 bytes (27.2%)
(RDMA_READ_CONSUME_CHECK_CONSUMER) timestamp=13083 ms, used_size=11153408 bytes (27.2%)
(RDMA_READ_CONSUME_CHECK_CONSUMER) timestamp=13083 ms, used_size=11151360 bytes (27.2%)
(RDMA_READ_CONSUME_CHECK_CONSUMER) timestamp=13083 ms, used_size=11149312 bytes (27.2%)
(RDMA_READ_CONSUME_CHECK_CONSUMER) timestamp=13083 ms, used_size=11147264 bytes (27.2%)
(RDMA_READ_CONSUME_CHECK_CONSUMER) timestamp=13083 ms, used_size=11145216 bytes (27.2%)
(RDMA_READ_CONSUME_CHECK_CONSUMER) timestamp=13083 ms, used_size=11143168 bytes (27.2%)
(RDMA_READ_CONSUME_CHECK_CONSUMER) timestamp=13083 ms, used_size=11141120 bytes (27.2%)
(RDMA_READ_CONSUME_CHECK_CONSUMER) timestamp=13083 ms, used_size=11139072 bytes (27.2%)
(RDMA_READ_CONSUME_CHECK_CONSUMER) timestamp=13083 ms, used_size=11137024 bytes (27.2%)
(RDMA_READ_CONSUME_CHECK_CONSUMER) timestamp=13083 ms, used_size=11134976 bytes (27.2%)
(RDMA_READ_CONSUME_CHECK_CONSUMER) timestamp=13083 ms, used_size=11132928 bytes (27.2%)
(RDMA_READ_CONSUME_CHECK_CONSUMER) timestamp=13083 ms, used_size=11130880 bytes (27.2%)
(RDMA_READ_CONSUME_CHECK_CONSUMER) timestamp=13083 ms, used_size=11128832 bytes (27.2%)
(RDMA_READ_CONSUME_CHECK_CONSUMER) timestamp=13083 ms, used_size=11126784 bytes (27.2%)
(RDMA_READ_CONSUME_CHECK_CONSUMER) timestamp=13083 ms, used_size=11124736 bytes (27.2%)
(RDMA_READ_CONSUME_CHECK_CONSUMER) timestamp=13083 ms, used_size=11122688 bytes (27.2%)
(RDMA_READ_CONSUME_CHECK_CONSUMER) timestamp=13083 ms, used_size=11120640 bytes (27.1%)
(RDMA_READ_CONSUME_CHECK_CONSUMER) timestamp=13083 ms, used_size=11118592 bytes (27.1%)
(RDMA_READ_CONSUME_CHECK_CONSUMER) timestamp=13083 ms, used_size=11116544 bytes (27.1%)
(RDMA_READ_CONSUME_CHECK_CONSUMER) timestamp=13083 ms, used_size=11114496 bytes (27.1%)
(RDMA_READ_CONSUME_CHECK_CONSUMER) timestamp=13083 ms, used_size=11112448 bytes (27.1%)
(RDMA_READ_CONSUME_CHECK_CONSUMER) timestamp=13083 ms, used_size=11110400 bytes (27.1%)
(RDMA_READ_CONSUME_CHECK_CONSUMER) timestamp=13083 ms, used_size=11108352 bytes (27.1%)
(RDMA_READ_CONSUME_CHECK_CONSUMER) timestamp=13083 ms, used_size=11106304 bytes (27.1%)
(RDMA_READ_CONSUME_CHECK_CONSUMER) timestamp=13083 ms, used_size=11104256 bytes (27.1%)
(RDMA_READ_CONSUME_CHECK_CONSUMER) timestamp=13083 ms, used_size=11102208 bytes (27.1%)
(RDMA_READ_CONSUME_CHECK_CONSUMER) timestamp=13083 ms, used_size=11100160 bytes (27.1%)
(RDMA_READ_CONSUME_CHECK_CONSUMER) timestamp=13083 ms, used_size=11098112 bytes (27.1%)
(RDMA_READ_CONSUME_CHECK_CONSUMER) timestamp=13083 ms, used_size=11096064 bytes (27.1%)
(RDMA_READ_CONSUME_CHECK_CONSUMER) timestamp=13083 ms, used_size=11094016 bytes (27.1%)
(RDMA_READ_CONSUME_CHECK_CONSUMER) timestamp=13083 ms, used_size=11091968 bytes (27.1%)
(RDMA_READ_CONSUME_CHECK_CONSUMER) timestamp=13083 ms, used_size=11089920 bytes (27.1%)
(RDMA_READ_CONSUME_CHECK_CONSUMER) timestamp=13083 ms, used_size=11087872 bytes (27.1%)
(RDMA_READ_CONSUME_CHECK_CONSUMER) timestamp=13083 ms, used_size=11085824 bytes (27.1%)
(RDMA_READ_CONSUME_CHECK_CONSUMER) timestamp=13083 ms, used_size=11083776 bytes (27.1%)
(RDMA_READ_CONSUME_CHECK_CONSUMER) timestamp=13083 ms, used_size=11081728 bytes (27.1%)
(RDMA_READ_CONSUME_CHECK_CONSUMER) timestamp=13083 ms, used_size=11079680 bytes (27.1%)
(RDMA_READ_CONSUME_CHECK_CONSUMER) timestamp=13083 ms, used_size=11077632 bytes (27.0%)
(RDMA_READ_CONSUME_CHECK_CONSUMER) timestamp=13083 ms, used_size=11075584 bytes (27.0%)
(RDMA_READ_CONSUME_CHECK_CONSUMER) timestamp=13083 ms, used_size=11073536 bytes (27.0%)
(RDMA_READ_CONSUME_CHECK_CONSUMER) timestamp=13083 ms, used_size=11071488 bytes (27.0%)
(RDMA_READ_CONSUME_CHECK_CONSUMER) timestamp=13083 ms, used_size=11069440 bytes (27.0%)
(RDMA_READ_CONSUME_CHECK_CONSUMER) timestamp=13083 ms, used_size=11067392 bytes (27.0%)
(RDMA_READ_CONSUME_CHECK_CONSUMER) timestamp=13083 ms, used_size=11065344 bytes (27.0%)
(RDMA_READ_CONSUME_CHECK_CONSUMER) timestamp=13083 ms, used_size=11063296 bytes (27.0%)
(RDMA_READ_CONSUME_CHECK_CONSUMER) timestamp=13083 ms, used_size=11061248 bytes (27.0%)
(RDMA_READ_CONSUME_CHECK_CONSUMER) timestamp=13083 ms, used_size=11059200 bytes (27.0%)
(RDMA_READ_CONSUME_CHECK_CONSUMER) timestamp=13083 ms, used_size=11057152 bytes (27.0%)
(RDMA_READ_CONSUME_CHECK_CONSUMER) timestamp=13083 ms, used_size=11055104 bytes (27.0%)
(RDMA_READ_CONSUME_CHECK_CONSUMER) timestamp=13083 ms, used_size=11053056 bytes (27.0%)
(RDMA_READ_CONSUME_CHECK_CONSUMER) timestamp=13083 ms, used_size=11051008 bytes (27.0%)
(RDMA_READ_CONSUME_CHECK_CONSUMER) timestamp=13083 ms, used_size=11048960 bytes (27.0%)
(RDMA_READ_CONSUME_CHECK_CONSUMER) timestamp=13083 ms, used_size=11046912 bytes (27.0%)
(RDMA_READ_CONSUME_CHECK_CONSUMER) timestamp=13083 ms, used_size=11044864 bytes (27.0%)
(RDMA_READ_CONSUME_CHECK_CONSUMER) timestamp=13083 ms, used_size=11042816 bytes (27.0%)
(RDMA_READ_CONSUME_CHECK_CONSUMER) timestamp=13083 ms, used_size=11040768 bytes (27.0%)
(RDMA_READ_CONSUME_CHECK_CONSUMER) timestamp=13083 ms, used_size=11038720 bytes (26.9%)
(RDMA_READ_CONSUME_CHECK_CONSUMER) timestamp=13083 ms, used_size=11036672 bytes (26.9%)
(RDMA_READ_CONSUME_CHECK_CONSUMER) timestamp=13083 ms, used_size=11034624 bytes (26.9%)
(RDMA_READ_CONSUME_CHECK_CONSUMER) timestamp=13083 ms, used_size=11032576 bytes (26.9%)
(RDMA_READ_CONSUME_CHECK_CONSUMER) timestamp=13083 ms, used_size=11030528 bytes (26.9%)
(RDMA_READ_CONSUME_CHECK_CONSUMER) timestamp=13083 ms, used_size=11028480 bytes (26.9%)
(RDMA_READ_CONSUME_CHECK_CONSUMER) timestamp=13083 ms, used_size=11026432 bytes (26.9%)
(RDMA_READ_CONSUME_CHECK_CONSUMER) timestamp=13083 ms, used_size=11024384 bytes (26.9%)
(RDMA_READ_CONSUME_CHECK_CONSUMER) timestamp=13083 ms, used_size=11022336 bytes (26.9%)
(RDMA_READ_CONSUME_CHECK_CONSUMER) timestamp=13083 ms, used_size=11020288 bytes (26.9%)
(RDMA_READ_CONSUME_CHECK_CONSUMER) timestamp=13083 ms, used_size=11018240 bytes (26.9%)
(RDMA_READ_CONSUME_CHECK_CONSUMER) timestamp=13083 ms, used_size=11016192 bytes (26.9%)
(RDMA_READ_CONSUME_CHECK_CONSUMER) timestamp=13083 ms, used_size=11014144 bytes (26.9%)
(RDMA_READ_CONSUME_CHECK_CONSUMER) timestamp=13083 ms, used_size=11012096 bytes (26.9%)
(RDMA_READ_CONSUME_CHECK_CONSUMER) timestamp=13083 ms, used_size=11010048 bytes (26.9%)
(RDMA_READ_CONSUME_CHECK_CONSUMER) timestamp=13083 ms, used_size=11008000 bytes (26.9%)
(RDMA_READ_CONSUME_CHECK_CONSUMER) timestamp=13083 ms, used_size=11005952 bytes (26.9%)
(RDMA_READ_CONSUME_CHECK_CONSUMER) timestamp=13083 ms, used_size=11003904 bytes (26.9%)
(RDMA_READ_CONSUME_CHECK_CONSUMER) timestamp=13083 ms, used_size=11001856 bytes (26.9%)
(RDMA_READ_CONSUME_CHECK_CONSUMER) timestamp=13083 ms, used_size=10999808 bytes (26.9%)
(RDMA_READ_CONSUME_CHECK_CONSUMER) timestamp=13083 ms, used_size=10997760 bytes (26.9%)
(RDMA_READ_CONSUME_CHECK_CONSUMER) timestamp=13083 ms, used_size=10995712 bytes (26.8%)
(RDMA_READ_CONSUME_CHECK_CONSUMER) timestamp=13083 ms, used_size=10993664 bytes (26.8%)
(RDMA_READ_CONSUME_CHECK_CONSUMER) timestamp=13083 ms, used_size=10991616 bytes (26.8%)
(RDMA_READ_CONSUME_CHECK_CONSUMER) timestamp=13084 ms, used_size=10989568 bytes (26.8%)
(RDMA_READ_CONSUME_CHECK_CONSUMER) timestamp=13084 ms, used_size=10987520 bytes (26.8%)
(RDMA_READ_CONSUME_CHECK_CONSUMER) timestamp=13084 ms, used_size=10985472 bytes (26.8%)
(RDMA_READ_CONSUME_CHECK_CONSUMER) timestamp=13084 ms, used_size=10983424 bytes (26.8%)
(RDMA_READ_CONSUME_CHECK_CONSUMER) timestamp=13084 ms, used_size=10981376 bytes (26.8%)
(RDMA_READ_CONSUME_CHECK_CONSUMER) timestamp=13084 ms, used_size=10979328 bytes (26.8%)
(RDMA_READ_CONSUME_CHECK_CONSUMER) timestamp=13084 ms, used_size=10977280 bytes (26.8%)
(RDMA_READ_CONSUME_CHECK_CONSUMER) timestamp=13084 ms, used_size=10975232 bytes (26.8%)
(RDMA_READ_CONSUME_CHECK_CONSUMER) timestamp=13084 ms, used_size=10973184 bytes (26.8%)
(RDMA_READ_CONSUME_CHECK_CONSUMER) timestamp=13084 ms, used_size=10971136 bytes (26.8%)
(RDMA_READ_CONSUME_CHECK_CONSUMER) timestamp=13084 ms, used_size=10969088 bytes (26.8%)
(RDMA_READ_CONSUME_CHECK_CONSUMER) timestamp=13084 ms, used_size=10967040 bytes (26.8%)
(RDMA_READ_CONSUME_CHECK_CONSUMER) timestamp=13084 ms, used_size=10964992 bytes (26.8%)
(RDMA_READ_CONSUME_CHECK_CONSUMER) timestamp=13084 ms, used_size=10962944 bytes (26.8%)
(RDMA_READ_CONSUME_CHECK_CONSUMER) timestamp=13084 ms, used_size=10960896 bytes (26.8%)
(RDMA_READ_CONSUME_CHECK_CONSUMER) timestamp=13084 ms, used_size=10958848 bytes (26.8%)
(RDMA_READ_CONSUME_CHECK_CONSUMER) timestamp=13084 ms, used_size=10956800 bytes (26.8%)
(RDMA_READ_CONSUME_CHECK_CONSUMER) timestamp=13084 ms, used_size=10954752 bytes (26.7%)
(RDMA_READ_CONSUME_CHECK_CONSUMER) timestamp=13084 ms, used_size=10952704 bytes (26.7%)
(RDMA_READ_CONSUME_CHECK_CONSUMER) timestamp=13084 ms, used_size=10950656 bytes (26.7%)
(RDMA_READ_CONSUME_CHECK_CONSUMER) timestamp=13084 ms, used_size=10948608 bytes (26.7%)
(RDMA_READ_CONSUME_CHECK_CONSUMER) timestamp=13084 ms, used_size=10946560 bytes (26.7%)
(RDMA_READ_CONSUME_CHECK_CONSUMER) timestamp=13084 ms, used_size=10944512 bytes (26.7%)
(RDMA_READ_CONSUME_CHECK_CONSUMER) timestamp=13084 ms, used_size=10942464 bytes (26.7%)
(RDMA_READ_CONSUME_CHECK_CONSUMER) timestamp=13084 ms, used_size=10940416 bytes (26.7%)
(RDMA_READ_CONSUME_CHECK_CONSUMER) timestamp=13084 ms, used_size=10938368 bytes (26.7%)
(RDMA_READ_CONSUME_CHECK_CONSUMER) timestamp=13084 ms, used_size=10936320 bytes (26.7%)
(RDMA_READ_CONSUME_CHECK_CONSUMER) timestamp=13084 ms, used_size=10934272 bytes (26.7%)
(RDMA_READ_CONSUME_CHECK_CONSUMER) timestamp=13084 ms, used_size=10932224 bytes (26.7%)
(RDMA_READ_CONSUME_CHECK_CONSUMER) timestamp=13084 ms, used_size=10930176 bytes (26.7%)
(RDMA_READ_CONSUME_CHECK_CONSUMER) timestamp=13084 ms, used_size=10928128 bytes (26.7%)
(RDMA_READ_CONSUME_CHECK_CONSUMER) timestamp=13084 ms, used_size=10926080 bytes (26.7%)
(RDMA_READ_CONSUME_CHECK_CONSUMER) timestamp=13084 ms, used_size=10924032 bytes (26.7%)
(RDMA_READ_CONSUME_CHECK_CONSUMER) timestamp=13084 ms, used_size=10921984 bytes (26.7%)
(RDMA_READ_CONSUME_CHECK_CONSUMER) timestamp=13084 ms, used_size=10919936 bytes (26.7%)
(RDMA_READ_CONSUME_CHECK_CONSUMER) timestamp=13084 ms, used_size=10917888 bytes (26.7%)
(RDMA_READ_CONSUME_CHECK_CONSUMER) timestamp=13084 ms, used_size=10915840 bytes (26.6%)
(RDMA_READ_CONSUME_CHECK_CONSUMER) timestamp=13084 ms, used_size=10913792 bytes (26.6%)
(RDMA_READ_CONSUME_CHECK_CONSUMER) timestamp=13084 ms, used_size=10911744 bytes (26.6%)
(RDMA_READ_CONSUME_CHECK_CONSUMER) timestamp=13084 ms, used_size=10909696 bytes (26.6%)
(RDMA_READ_CONSUME_CHECK_CONSUMER) timestamp=13084 ms, used_size=10907648 bytes (26.6%)
(RDMA_READ_CONSUME_CHECK_CONSUMER) timestamp=13084 ms, used_size=10905600 bytes (26.6%)
(RDMA_READ_CONSUME_CHECK_CONSUMER) timestamp=13084 ms, used_size=10903552 bytes (26.6%)
(RDMA_READ_CONSUME_CHECK_CONSUMER) timestamp=13084 ms, used_size=10901504 bytes (26.6%)
(RDMA_READ_CONSUME_CHECK_CONSUMER) timestamp=13084 ms, used_size=10899456 bytes (26.6%)
(RDMA_READ_CONSUME_CHECK_CONSUMER) timestamp=13084 ms, used_size=10897408 bytes (26.6%)
(RDMA_READ_CONSUME_CHECK_CONSUMER) timestamp=13084 ms, used_size=10895360 bytes (26.6%)
(RDMA_READ_CONSUME_CHECK_CONSUMER) timestamp=13084 ms, used_size=10893312 bytes (26.6%)
(RDMA_READ_CONSUME_CHECK_CONSUMER) timestamp=13084 ms, used_size=10891264 bytes (26.6%)
(RDMA_READ_CONSUME_CHECK_CONSUMER) timestamp=13084 ms, used_size=10889216 bytes (26.6%)
(RDMA_READ_CONSUME_CHECK_CONSUMER) timestamp=13084 ms, used_size=10887168 bytes (26.6%)
(RDMA_READ_CONSUME_CHECK_CONSUMER) timestamp=13084 ms, used_size=10885120 bytes (26.6%)
(RDMA_READ_CONSUME_CHECK_CONSUMER) timestamp=13084 ms, used_size=10883072 bytes (26.6%)
(RDMA_READ_CONSUME_CHECK_CONSUMER) timestamp=13084 ms, used_size=10881024 bytes (26.6%)
(RDMA_READ_CONSUME_CHECK_CONSUMER) timestamp=13084 ms, used_size=10878976 bytes (26.6%)
(RDMA_READ_CONSUME_CHECK_CONSUMER) timestamp=13084 ms, used_size=10876928 bytes (26.6%)
(RDMA_READ_CONSUME_CHECK_CONSUMER) timestamp=13084 ms, used_size=10874880 bytes (26.6%)
(RDMA_READ_CONSUME_CHECK_CONSUMER) timestamp=13084 ms, used_size=10872832 bytes (26.5%)
(RDMA_READ_CONSUME_CHECK_CONSUMER) timestamp=13084 ms, used_size=10870784 bytes (26.5%)
(RDMA_READ_CONSUME_CHECK_CONSUMER) timestamp=13084 ms, used_size=10868736 bytes (26.5%)
(RDMA_READ_CONSUME_CHECK_CONSUMER) timestamp=13084 ms, used_size=10866688 bytes (26.5%)
(RDMA_READ_CONSUME_CHECK_CONSUMER) timestamp=13084 ms, used_size=10864640 bytes (26.5%)
(RDMA_READ_CONSUME_CHECK_CONSUMER) timestamp=13084 ms, used_size=10862592 bytes (26.5%)
(RDMA_READ_CONSUME_CHECK_CONSUMER) timestamp=13084 ms, used_size=10860544 bytes (26.5%)
(RDMA_READ_CONSUME_CHECK_CONSUMER) timestamp=13084 ms, used_size=10858496 bytes (26.5%)
(RDMA_READ_CONSUME_CHECK_CONSUMER) timestamp=13084 ms, used_size=10856448 bytes (26.5%)
(RDMA_READ_CONSUME_CHECK_CONSUMER) timestamp=13084 ms, used_size=10854400 bytes (26.5%)
(RDMA_READ_CONSUME_CHECK_CONSUMER) timestamp=13084 ms, used_size=10852352 bytes (26.5%)
(RDMA_READ_CONSUME_CHECK_CONSUMER) timestamp=13084 ms, used_size=10850304 bytes (26.5%)
(RDMA_READ_CONSUME_CHECK_CONSUMER) timestamp=13084 ms, used_size=10848256 bytes (26.5%)
(RDMA_READ_CONSUME_CHECK_CONSUMER) timestamp=13084 ms, used_size=10846208 bytes (26.5%)
(RDMA_READ_CONSUME_CHECK_CONSUMER) timestamp=13084 ms, used_size=10844160 bytes (26.5%)
(RDMA_READ_CONSUME_CHECK_CONSUMER) timestamp=13084 ms, used_size=10842112 bytes (26.5%)
(RDMA_READ_CONSUME_CHECK_CONSUMER) timestamp=13084 ms, used_size=10840064 bytes (26.5%)
(RDMA_READ_CONSUME_CHECK_CONSUMER) timestamp=13084 ms, used_size=10838016 bytes (26.5%)
(RDMA_READ_CONSUME_CHECK_CONSUMER) timestamp=13084 ms, used_size=10835968 bytes (26.5%)
(RDMA_READ_CONSUME_CHECK_CONSUMER) timestamp=13084 ms, used_size=10833920 bytes (26.4%)
(RDMA_READ_CONSUME_CHECK_CONSUMER) timestamp=13084 ms, used_size=10831872 bytes (26.4%)
(RDMA_READ_CONSUME_CHECK_CONSUMER) timestamp=13084 ms, used_size=10829824 bytes (26.4%)
(RDMA_READ_CONSUME_CHECK_CONSUMER) timestamp=13084 ms, used_size=10827776 bytes (26.4%)
(RDMA_READ_CONSUME_CHECK_CONSUMER) timestamp=13084 ms, used_size=10825728 bytes (26.4%)
(RDMA_READ_CONSUME_CHECK_CONSUMER) timestamp=13084 ms, used_size=10823680 bytes (26.4%)
(RDMA_READ_CONSUME_CHECK_CONSUMER) timestamp=13084 ms, used_size=10821632 bytes (26.4%)
(RDMA_READ_CONSUME_CHECK_CONSUMER) timestamp=13084 ms, used_size=10819584 bytes (26.4%)
(RDMA_READ_CONSUME_CHECK_CONSUMER) timestamp=13084 ms, used_size=10817536 bytes (26.4%)
(RDMA_READ_CONSUME_CHECK_CONSUMER) timestamp=13084 ms, used_size=10815488 bytes (26.4%)
(RDMA_READ_CONSUME_CHECK_CONSUMER) timestamp=13084 ms, used_size=10813440 bytes (26.4%)
(RDMA_READ_CONSUME_CHECK_CONSUMER) timestamp=13084 ms, used_size=10811392 bytes (26.4%)
(RDMA_READ_CONSUME_CHECK_CONSUMER) timestamp=13084 ms, used_size=10809344 bytes (26.4%)
(RDMA_READ_CONSUME_CHECK_CONSUMER) timestamp=13084 ms, used_size=10807296 bytes (26.4%)
(RDMA_READ_CONSUME_CHECK_CONSUMER) timestamp=13084 ms, used_size=10805248 bytes (26.4%)
(RDMA_READ_CONSUME_CHECK_CONSUMER) timestamp=13084 ms, used_size=10803200 bytes (26.4%)
(RDMA_READ_CONSUME_CHECK_CONSUMER) timestamp=13084 ms, used_size=10801152 bytes (26.4%)
(RDMA_READ_CONSUME_CHECK_CONSUMER) timestamp=13084 ms, used_size=10799104 bytes (26.4%)
(RDMA_READ_CONSUME_CHECK_CONSUMER) timestamp=13084 ms, used_size=10797056 bytes (26.4%)
(RDMA_READ_CONSUME_CHECK_CONSUMER) timestamp=13084 ms, used_size=10795008 bytes (26.4%)
(RDMA_READ_CONSUME_CHECK_CONSUMER) timestamp=13084 ms, used_size=10792960 bytes (26.4%)
(RDMA_READ_CONSUME_CHECK_CONSUMER) timestamp=13084 ms, used_size=10790912 bytes (26.3%)
(RDMA_READ_CONSUME_CHECK_CONSUMER) timestamp=13084 ms, used_size=10788864 bytes (26.3%)
(RDMA_READ_CONSUME_CHECK_CONSUMER) timestamp=13084 ms, used_size=10786816 bytes (26.3%)
(RDMA_READ_CONSUME_CHECK_CONSUMER) timestamp=13084 ms, used_size=10784768 bytes (26.3%)
(RDMA_READ_CONSUME_CHECK_CONSUMER) timestamp=13084 ms, used_size=10782720 bytes (26.3%)
(RDMA_READ_CONSUME_CHECK_CONSUMER) timestamp=13084 ms, used_size=10780672 bytes (26.3%)
(RDMA_READ_CONSUME_CHECK_CONSUMER) timestamp=13084 ms, used_size=10778624 bytes (26.3%)
(RDMA_READ_CONSUME_CHECK_CONSUMER) timestamp=13084 ms, used_size=10776576 bytes (26.3%)
(RDMA_READ_CONSUME_CHECK_CONSUMER) timestamp=13084 ms, used_size=10774528 bytes (26.3%)
(RDMA_READ_CONSUME_CHECK_CONSUMER) timestamp=13084 ms, used_size=10772480 bytes (26.3%)
(RDMA_READ_CONSUME_CHECK_CONSUMER) timestamp=13084 ms, used_size=10770432 bytes (26.3%)
(RDMA_READ_CONSUME_CHECK_CONSUMER) timestamp=13084 ms, used_size=10768384 bytes (26.3%)
(RDMA_READ_CONSUME_CHECK_CONSUMER) timestamp=13084 ms, used_size=10766336 bytes (26.3%)
(RDMA_READ_CONSUME_CHECK_CONSUMER) timestamp=13084 ms, used_size=10764288 bytes (26.3%)
(RDMA_READ_CONSUME_CHECK_CONSUMER) timestamp=13084 ms, used_size=10762240 bytes (26.3%)
(RDMA_READ_CONSUME_CHECK_CONSUMER) timestamp=13084 ms, used_size=10760192 bytes (26.3%)
(RDMA_READ_CONSUME_CHECK_CONSUMER) timestamp=13084 ms, used_size=10758144 bytes (26.3%)
(RDMA_READ_CONSUME_CHECK_CONSUMER) timestamp=13084 ms, used_size=10756096 bytes (26.3%)
(RDMA_READ_CONSUME_CHECK_CONSUMER) timestamp=13084 ms, used_size=10754048 bytes (26.3%)
(RDMA_READ_CONSUME_CHECK_CONSUMER) timestamp=13084 ms, used_size=10752000 bytes (26.2%)
(RDMA_READ_CONSUME_CHECK_CONSUMER) timestamp=13084 ms, used_size=10749952 bytes (26.2%)
(RDMA_READ_CONSUME_CHECK_CONSUMER) timestamp=13084 ms, used_size=10747904 bytes (26.2%)
(RDMA_READ_CONSUME_CHECK_CONSUMER) timestamp=13084 ms, used_size=10745856 bytes (26.2%)
(RDMA_READ_CONSUME_CHECK_CONSUMER) timestamp=13084 ms, used_size=10743808 bytes (26.2%)
(RDMA_READ_CONSUME_CHECK_CONSUMER) timestamp=13084 ms, used_size=10741760 bytes (26.2%)
(RDMA_READ_CONSUME_CHECK_CONSUMER) timestamp=13084 ms, used_size=10739712 bytes (26.2%)
(RDMA_READ_CONSUME_CHECK_CONSUMER) timestamp=13084 ms, used_size=10737664 bytes (26.2%)
(RDMA_READ_CONSUME_CHECK_CONSUMER) timestamp=13084 ms, used_size=10735616 bytes (26.2%)
(RDMA_READ_CONSUME_CHECK_CONSUMER) timestamp=13084 ms, used_size=10733568 bytes (26.2%)
(RDMA_READ_CONSUME_CHECK_CONSUMER) timestamp=13084 ms, used_size=10731520 bytes (26.2%)
(RDMA_READ_CONSUME_CHECK_CONSUMER) timestamp=13084 ms, used_size=10729472 bytes (26.2%)
(RDMA_READ_CONSUME_CHECK_CONSUMER) timestamp=13084 ms, used_size=10727424 bytes (26.2%)
(RDMA_READ_CONSUME_CHECK_CONSUMER) timestamp=13084 ms, used_size=10725376 bytes (26.2%)
(RDMA_READ_CONSUME_CHECK_CONSUMER) timestamp=13084 ms, used_size=10723328 bytes (26.2%)
(RDMA_READ_CONSUME_CHECK_CONSUMER) timestamp=13084 ms, used_size=10721280 bytes (26.2%)
(RDMA_READ_CONSUME_CHECK_CONSUMER) timestamp=13084 ms, used_size=10719232 bytes (26.2%)
(RDMA_READ_CONSUME_CHECK_CONSUMER) timestamp=13084 ms, used_size=10717184 bytes (26.2%)
(RDMA_READ_CONSUME_CHECK_CONSUMER) timestamp=13084 ms, used_size=10715136 bytes (26.2%)
(RDMA_READ_CONSUME_CHECK_CONSUMER) timestamp=13084 ms, used_size=10713088 bytes (26.2%)
(RDMA_READ_CONSUME_CHECK_CONSUMER) timestamp=13084 ms, used_size=10711040 bytes (26.1%)
(RDMA_READ_CONSUME_CHECK_CONSUMER) timestamp=13084 ms, used_size=10708992 bytes (26.1%)
(RDMA_READ_CONSUME_CHECK_CONSUMER) timestamp=13084 ms, used_size=10706944 bytes (26.1%)
(RDMA_READ_CONSUME_CHECK_CONSUMER) timestamp=13084 ms, used_size=10704896 bytes (26.1%)
(RDMA_READ_CONSUME_CHECK_CONSUMER) timestamp=13084 ms, used_size=10702848 bytes (26.1%)
(RDMA_READ_CONSUME_CHECK_CONSUMER) timestamp=13084 ms, used_size=10700800 bytes (26.1%)
(RDMA_READ_CONSUME_CHECK_CONSUMER) timestamp=13084 ms, used_size=10698752 bytes (26.1%)
(RDMA_READ_CONSUME_CHECK_CONSUMER) timestamp=13084 ms, used_size=10696704 bytes (26.1%)
(RDMA_READ_CONSUME_CHECK_CONSUMER) timestamp=13084 ms, used_size=10694656 bytes (26.1%)
(RDMA_READ_CONSUME_CHECK_CONSUMER) timestamp=13084 ms, used_size=10692608 bytes (26.1%)
(RDMA_READ_CONSUME_CHECK_CONSUMER) timestamp=13084 ms, used_size=10690560 bytes (26.1%)
(RDMA_READ_CONSUME_CHECK_CONSUMER) timestamp=13084 ms, used_size=10688512 bytes (26.1%)
(RDMA_READ_CONSUME_CHECK_CONSUMER) timestamp=13084 ms, used_size=10686464 bytes (26.1%)
(RDMA_READ_CONSUME_CHECK_CONSUMER) timestamp=13084 ms, used_size=10684416 bytes (26.1%)
(RDMA_READ_CONSUME_CHECK_CONSUMER) timestamp=13084 ms, used_size=10682368 bytes (26.1%)
(RDMA_READ_CONSUME_CHECK_CONSUMER) timestamp=13084 ms, used_size=10680320 bytes (26.1%)
(RDMA_READ_CONSUME_CHECK_CONSUMER) timestamp=13084 ms, used_size=10678272 bytes (26.1%)
(RDMA_READ_CONSUME_CHECK_CONSUMER) timestamp=13084 ms, used_size=10676224 bytes (26.1%)
(RDMA_READ_CONSUME_CHECK_CONSUMER) timestamp=13084 ms, used_size=10674176 bytes (26.1%)
(RDMA_READ_CONSUME_CHECK_CONSUMER) timestamp=13084 ms, used_size=10672128 bytes (26.1%)
(RDMA_READ_CONSUME_CHECK_CONSUMER) timestamp=13084 ms, used_size=10670080 bytes (26.1%)
(RDMA_READ_CONSUME_CHECK_CONSUMER) timestamp=13084 ms, used_size=10668032 bytes (26.0%)
(RDMA_READ_CONSUME_CHECK_CONSUMER) timestamp=13084 ms, used_size=10665984 bytes (26.0%)
(RDMA_READ_CONSUME_CHECK_CONSUMER) timestamp=13084 ms, used_size=10663936 bytes (26.0%)
(RDMA_READ_CONSUME_CHECK_CONSUMER) timestamp=13084 ms, used_size=10661888 bytes (26.0%)
(RDMA_READ_CONSUME_CHECK_CONSUMER) timestamp=13084 ms, used_size=10659840 bytes (26.0%)
(RDMA_READ_CONSUME_CHECK_CONSUMER) timestamp=13084 ms, used_size=10657792 bytes (26.0%)
(RDMA_READ_CONSUME_CHECK_CONSUMER) timestamp=13084 ms, used_size=10655744 bytes (26.0%)
(RDMA_READ_CONSUME_CHECK_CONSUMER) timestamp=13084 ms, used_size=10653696 bytes (26.0%)
(RDMA_READ_CONSUME_CHECK_CONSUMER) timestamp=13084 ms, used_size=10651648 bytes (26.0%)
(RDMA_READ_CONSUME_CHECK_CONSUMER) timestamp=13084 ms, used_size=10649600 bytes (26.0%)
(RDMA_READ_CONSUME_CHECK_CONSUMER) timestamp=13084 ms, used_size=10647552 bytes (26.0%)
(RDMA_READ_CONSUME_CHECK_CONSUMER) timestamp=13084 ms, used_size=10645504 bytes (26.0%)
(RDMA_READ_CONSUME_CHECK_CONSUMER) timestamp=13085 ms, used_size=10643456 bytes (26.0%)
(RDMA_READ_CONSUME_CHECK_CONSUMER) timestamp=13085 ms, used_size=10641408 bytes (26.0%)
(RDMA_READ_CONSUME_CHECK_CONSUMER) timestamp=13085 ms, used_size=10639360 bytes (26.0%)
(RDMA_READ_CONSUME_CHECK_CONSUMER) timestamp=13085 ms, used_size=10637312 bytes (26.0%)
(RDMA_READ_CONSUME_CHECK_CONSUMER) timestamp=13085 ms, used_size=10635264 bytes (26.0%)
(RDMA_READ_CONSUME_CHECK_CONSUMER) timestamp=13085 ms, used_size=10633216 bytes (26.0%)
(RDMA_READ_CONSUME_CHECK_CONSUMER) timestamp=13085 ms, used_size=10631168 bytes (26.0%)
(RDMA_READ_CONSUME_CHECK_CONSUMER) timestamp=13085 ms, used_size=10629120 bytes (25.9%)
(RDMA_READ_CONSUME_CHECK_CONSUMER) timestamp=13085 ms, used_size=10627072 bytes (25.9%)
(RDMA_READ_CONSUME_CHECK_CONSUMER) timestamp=13085 ms, used_size=10625024 bytes (25.9%)
(RDMA_READ_CONSUME_CHECK_CONSUMER) timestamp=13085 ms, used_size=10622976 bytes (25.9%)
(RDMA_READ_CONSUME_CHECK_CONSUMER) timestamp=13085 ms, used_size=10620928 bytes (25.9%)
(RDMA_READ_CONSUME_CHECK_CONSUMER) timestamp=13085 ms, used_size=10618880 bytes (25.9%)
(RDMA_READ_CONSUME_CHECK_CONSUMER) timestamp=13085 ms, used_size=10616832 bytes (25.9%)
(RDMA_READ_CONSUME_CHECK_CONSUMER) timestamp=13085 ms, used_size=10614784 bytes (25.9%)
(RDMA_READ_CONSUME_CHECK_CONSUMER) timestamp=13085 ms, used_size=10612736 bytes (25.9%)
(RDMA_READ_CONSUME_CHECK_CONSUMER) timestamp=13085 ms, used_size=10610688 bytes (25.9%)
(RDMA_READ_CONSUME_CHECK_CONSUMER) timestamp=13085 ms, used_size=10608640 bytes (25.9%)
(RDMA_READ_CONSUME_CHECK_CONSUMER) timestamp=13085 ms, used_size=10606592 bytes (25.9%)
(RDMA_READ_CONSUME_CHECK_CONSUMER) timestamp=13085 ms, used_size=10604544 bytes (25.9%)
(RDMA_READ_CONSUME_CHECK_CONSUMER) timestamp=13085 ms, used_size=10602496 bytes (25.9%)
(RDMA_READ_CONSUME_CHECK_CONSUMER) timestamp=13085 ms, used_size=10600448 bytes (25.9%)
(RDMA_READ_CONSUME_CHECK_CONSUMER) timestamp=13085 ms, used_size=10598400 bytes (25.9%)
(RDMA_READ_CONSUME_CHECK_CONSUMER) timestamp=13085 ms, used_size=10596352 bytes (25.9%)
(RDMA_READ_CONSUME_CHECK_CONSUMER) timestamp=13085 ms, used_size=10594304 bytes (25.9%)
(RDMA_READ_CONSUME_CHECK_CONSUMER) timestamp=13085 ms, used_size=10592256 bytes (25.9%)
(RDMA_READ_CONSUME_CHECK_CONSUMER) timestamp=13085 ms, used_size=10590208 bytes (25.9%)
(RDMA_READ_CONSUME_CHECK_CONSUMER) timestamp=13085 ms, used_size=10588160 bytes (25.9%)
(RDMA_READ_CONSUME_CHECK_CONSUMER) timestamp=13085 ms, used_size=10586112 bytes (25.8%)
(RDMA_READ_CONSUME_CHECK_CONSUMER) timestamp=13085 ms, used_size=10584064 bytes (25.8%)
(RDMA_READ_CONSUME_CHECK_CONSUMER) timestamp=13085 ms, used_size=10582016 bytes (25.8%)
(RDMA_READ_CONSUME_CHECK_CONSUMER) timestamp=13085 ms, used_size=10579968 bytes (25.8%)
(RDMA_READ_CONSUME_CHECK_CONSUMER) timestamp=13085 ms, used_size=10577920 bytes (25.8%)
(RDMA_READ_CONSUME_CHECK_CONSUMER) timestamp=13085 ms, used_size=10575872 bytes (25.8%)
(RDMA_READ_CONSUME_CHECK_CONSUMER) timestamp=13085 ms, used_size=10573824 bytes (25.8%)
(RDMA_READ_CONSUME_CHECK_CONSUMER) timestamp=13085 ms, used_size=10571776 bytes (25.8%)
(RDMA_READ_CONSUME_CHECK_CONSUMER) timestamp=13085 ms, used_size=10569728 bytes (25.8%)
(RDMA_READ_CONSUME_CHECK_CONSUMER) timestamp=13085 ms, used_size=10567680 bytes (25.8%)
(RDMA_READ_CONSUME_CHECK_CONSUMER) timestamp=13085 ms, used_size=10565632 bytes (25.8%)
(RDMA_READ_CONSUME_CHECK_CONSUMER) timestamp=13085 ms, used_size=10563584 bytes (25.8%)
(RDMA_READ_CONSUME_CHECK_CONSUMER) timestamp=13085 ms, used_size=10561536 bytes (25.8%)
(RDMA_READ_CONSUME_CHECK_CONSUMER) timestamp=13085 ms, used_size=10559488 bytes (25.8%)
(RDMA_READ_CONSUME_CHECK_CONSUMER) timestamp=13085 ms, used_size=10557440 bytes (25.8%)
(RDMA_READ_CONSUME_CHECK_CONSUMER) timestamp=13085 ms, used_size=10555392 bytes (25.8%)
(RDMA_READ_CONSUME_CHECK_CONSUMER) timestamp=13085 ms, used_size=10553344 bytes (25.8%)
(RDMA_READ_CONSUME_CHECK_CONSUMER) timestamp=13085 ms, used_size=10551296 bytes (25.8%)
(RDMA_READ_CONSUME_CHECK_CONSUMER) timestamp=13085 ms, used_size=10549248 bytes (25.8%)
(RDMA_READ_CONSUME_CHECK_CONSUMER) timestamp=13085 ms, used_size=10547200 bytes (25.8%)
(RDMA_READ_CONSUME_CHECK_CONSUMER) timestamp=13085 ms, used_size=10545152 bytes (25.7%)
(RDMA_READ_CONSUME_CHECK_CONSUMER) timestamp=13085 ms, used_size=10543104 bytes (25.7%)
(RDMA_READ_CONSUME_CHECK_CONSUMER) timestamp=13085 ms, used_size=10541056 bytes (25.7%)
(RDMA_READ_CONSUME_CHECK_CONSUMER) timestamp=13085 ms, used_size=10539008 bytes (25.7%)
(RDMA_READ_CONSUME_CHECK_CONSUMER) timestamp=13085 ms, used_size=10536960 bytes (25.7%)
(RDMA_READ_CONSUME_CHECK_CONSUMER) timestamp=13085 ms, used_size=10534912 bytes (25.7%)
(RDMA_READ_CONSUME_CHECK_CONSUMER) timestamp=13085 ms, used_size=10532864 bytes (25.7%)
(RDMA_READ_CONSUME_CHECK_CONSUMER) timestamp=13085 ms, used_size=10530816 bytes (25.7%)
(RDMA_READ_CONSUME_CHECK_CONSUMER) timestamp=13085 ms, used_size=10528768 bytes (25.7%)
(RDMA_READ_CONSUME_CHECK_CONSUMER) timestamp=13085 ms, used_size=10526720 bytes (25.7%)
(RDMA_READ_CONSUME_CHECK_CONSUMER) timestamp=13085 ms, used_size=10524672 bytes (25.7%)
(RDMA_READ_CONSUME_CHECK_CONSUMER) timestamp=13085 ms, used_size=10522624 bytes (25.7%)
(RDMA_READ_CONSUME_CHECK_CONSUMER) timestamp=13085 ms, used_size=10520576 bytes (25.7%)
(RDMA_READ_CONSUME_CHECK_CONSUMER) timestamp=13085 ms, used_size=10518528 bytes (25.7%)
(RDMA_READ_CONSUME_CHECK_CONSUMER) timestamp=13085 ms, used_size=10516480 bytes (25.7%)
(RDMA_READ_CONSUME_CHECK_CONSUMER) timestamp=13085 ms, used_size=10514432 bytes (25.7%)
(RDMA_READ_CONSUME_CHECK_CONSUMER) timestamp=13085 ms, used_size=10512384 bytes (25.7%)
(RDMA_READ_CONSUME_CHECK_CONSUMER) timestamp=13085 ms, used_size=10510336 bytes (25.7%)
(RDMA_READ_CONSUME_CHECK_CONSUMER) timestamp=13085 ms, used_size=10508288 bytes (25.7%)
(RDMA_READ_CONSUME_CHECK_CONSUMER) timestamp=13085 ms, used_size=10506240 bytes (25.6%)
(RDMA_READ_CONSUME_CHECK_CONSUMER) timestamp=13085 ms, used_size=10504192 bytes (25.6%)
(RDMA_READ_CONSUME_CHECK_CONSUMER) timestamp=13085 ms, used_size=10502144 bytes (25.6%)
(RDMA_READ_CONSUME_CHECK_CONSUMER) timestamp=13085 ms, used_size=10500096 bytes (25.6%)
(RDMA_READ_CONSUME_CHECK_CONSUMER) timestamp=13085 ms, used_size=10498048 bytes (25.6%)
(RDMA_READ_CONSUME_CHECK_CONSUMER) timestamp=13085 ms, used_size=10496000 bytes (25.6%)
(RDMA_READ_CONSUME_CHECK_CONSUMER) timestamp=13085 ms, used_size=10493952 bytes (25.6%)
(RDMA_READ_CONSUME_CHECK_CONSUMER) timestamp=13085 ms, used_size=10491904 bytes (25.6%)
(RDMA_READ_CONSUME_CHECK_CONSUMER) timestamp=13085 ms, used_size=10489856 bytes (25.6%)
(RDMA_READ_CONSUME_CHECK_CONSUMER) timestamp=13085 ms, used_size=10487808 bytes (25.6%)
(RDMA_READ_CONSUME_CHECK_CONSUMER) timestamp=13085 ms, used_size=10485760 bytes (25.6%)
(RDMA_READ_CONSUME_CHECK_CONSUMER) timestamp=13085 ms, used_size=10483712 bytes (25.6%)
(RDMA_READ_CONSUME_CHECK_CONSUMER) timestamp=13085 ms, used_size=10481664 bytes (25.6%)
(RDMA_READ_CONSUME_CHECK_CONSUMER) timestamp=13085 ms, used_size=10479616 bytes (25.6%)
(RDMA_READ_CONSUME_CHECK_CONSUMER) timestamp=13085 ms, used_size=10477568 bytes (25.6%)
(RDMA_READ_CONSUME_CHECK_CONSUMER) timestamp=13085 ms, used_size=10475520 bytes (25.6%)
(RDMA_READ_CONSUME_CHECK_CONSUMER) timestamp=13085 ms, used_size=10473472 bytes (25.6%)
(RDMA_READ_CONSUME_CHECK_CONSUMER) timestamp=13085 ms, used_size=10471424 bytes (25.6%)
(RDMA_READ_CONSUME_CHECK_CONSUMER) timestamp=13085 ms, used_size=10469376 bytes (25.6%)
(RDMA_READ_CONSUME_CHECK_CONSUMER) timestamp=13085 ms, used_size=10467328 bytes (25.6%)
(RDMA_READ_CONSUME_CHECK_CONSUMER) timestamp=13085 ms, used_size=10465280 bytes (25.6%)
(RDMA_READ_CONSUME_CHECK_CONSUMER) timestamp=13085 ms, used_size=10463232 bytes (25.5%)
(RDMA_READ_CONSUME_CHECK_CONSUMER) timestamp=13085 ms, used_size=10461184 bytes (25.5%)
(RDMA_READ_CONSUME_CHECK_CONSUMER) timestamp=13085 ms, used_size=10459136 bytes (25.5%)
(RDMA_READ_CONSUME_CHECK_CONSUMER) timestamp=13085 ms, used_size=10457088 bytes (25.5%)
(RDMA_READ_CONSUME_CHECK_CONSUMER) timestamp=13085 ms, used_size=10455040 bytes (25.5%)
(RDMA_READ_CONSUME_CHECK_CONSUMER) timestamp=13085 ms, used_size=10452992 bytes (25.5%)
(RDMA_READ_CONSUME_CHECK_CONSUMER) timestamp=13085 ms, used_size=10450944 bytes (25.5%)
(RDMA_READ_CONSUME_CHECK_CONSUMER) timestamp=13085 ms, used_size=10448896 bytes (25.5%)
(RDMA_READ_CONSUME_CHECK_CONSUMER) timestamp=13085 ms, used_size=10446848 bytes (25.5%)
(RDMA_READ_CONSUME_CHECK_CONSUMER) timestamp=13085 ms, used_size=10444800 bytes (25.5%)
(RDMA_READ_CONSUME_CHECK_CONSUMER) timestamp=13085 ms, used_size=10442752 bytes (25.5%)
(RDMA_READ_CONSUME_CHECK_CONSUMER) timestamp=13085 ms, used_size=10440704 bytes (25.5%)
(RDMA_READ_CONSUME_CHECK_CONSUMER) timestamp=13085 ms, used_size=10438656 bytes (25.5%)
(RDMA_READ_CONSUME_CHECK_CONSUMER) timestamp=13085 ms, used_size=10436608 bytes (25.5%)
(RDMA_READ_CONSUME_CHECK_CONSUMER) timestamp=13085 ms, used_size=10434560 bytes (25.5%)
(RDMA_READ_CONSUME_CHECK_CONSUMER) timestamp=13085 ms, used_size=10432512 bytes (25.5%)
(RDMA_READ_CONSUME_CHECK_CONSUMER) timestamp=13085 ms, used_size=10430464 bytes (25.5%)
(RDMA_READ_CONSUME_CHECK_CONSUMER) timestamp=13085 ms, used_size=10428416 bytes (25.5%)
(RDMA_READ_CONSUME_CHECK_CONSUMER) timestamp=13085 ms, used_size=10426368 bytes (25.5%)
(RDMA_READ_CONSUME_CHECK_CONSUMER) timestamp=13085 ms, used_size=10424320 bytes (25.4%)
(RDMA_READ_CONSUME_CHECK_CONSUMER) timestamp=13085 ms, used_size=10422272 bytes (25.4%)
(RDMA_READ_CONSUME_CHECK_CONSUMER) timestamp=13085 ms, used_size=10420224 bytes (25.4%)
(RDMA_READ_CONSUME_CHECK_CONSUMER) timestamp=13085 ms, used_size=10418176 bytes (25.4%)
(RDMA_READ_CONSUME_CHECK_CONSUMER) timestamp=13085 ms, used_size=10416128 bytes (25.4%)
(RDMA_READ_CONSUME_CHECK_CONSUMER) timestamp=13085 ms, used_size=10414080 bytes (25.4%)
(RDMA_READ_CONSUME_CHECK_CONSUMER) timestamp=13085 ms, used_size=10412032 bytes (25.4%)
(RDMA_READ_CONSUME_CHECK_CONSUMER) timestamp=13085 ms, used_size=10409984 bytes (25.4%)
(RDMA_READ_CONSUME_CHECK_CONSUMER) timestamp=13085 ms, used_size=10407936 bytes (25.4%)
(RDMA_READ_CONSUME_CHECK_CONSUMER) timestamp=13085 ms, used_size=10405888 bytes (25.4%)
(RDMA_READ_CONSUME_CHECK_CONSUMER) timestamp=13085 ms, used_size=10403840 bytes (25.4%)
(RDMA_READ_CONSUME_CHECK_CONSUMER) timestamp=13085 ms, used_size=10401792 bytes (25.4%)
(RDMA_READ_CONSUME_CHECK_CONSUMER) timestamp=13085 ms, used_size=10399744 bytes (25.4%)
(RDMA_READ_CONSUME_CHECK_CONSUMER) timestamp=13085 ms, used_size=10397696 bytes (25.4%)
(RDMA_READ_CONSUME_CHECK_CONSUMER) timestamp=13085 ms, used_size=10395648 bytes (25.4%)
(RDMA_READ_CONSUME_CHECK_CONSUMER) timestamp=13085 ms, used_size=10393600 bytes (25.4%)
(RDMA_READ_CONSUME_CHECK_CONSUMER) timestamp=13085 ms, used_size=10391552 bytes (25.4%)
(RDMA_READ_CONSUME_CHECK_CONSUMER) timestamp=13085 ms, used_size=10389504 bytes (25.4%)
(RDMA_READ_CONSUME_CHECK_CONSUMER) timestamp=13085 ms, used_size=10387456 bytes (25.4%)
(RDMA_READ_CONSUME_CHECK_CONSUMER) timestamp=13085 ms, used_size=10385408 bytes (25.4%)
(RDMA_READ_CONSUME_CHECK_CONSUMER) timestamp=13085 ms, used_size=10383360 bytes (25.4%)
(RDMA_READ_CONSUME_CHECK_CONSUMER) timestamp=13085 ms, used_size=10381312 bytes (25.3%)
(RDMA_READ_CONSUME_CHECK_CONSUMER) timestamp=13085 ms, used_size=10379264 bytes (25.3%)
(RDMA_READ_CONSUME_CHECK_CONSUMER) timestamp=13085 ms, used_size=10377216 bytes (25.3%)
(RDMA_READ_CONSUME_CHECK_CONSUMER) timestamp=13085 ms, used_size=10375168 bytes (25.3%)
(RDMA_READ_CONSUME_CHECK_CONSUMER) timestamp=13085 ms, used_size=10373120 bytes (25.3%)
(RDMA_READ_CONSUME_CHECK_CONSUMER) timestamp=13085 ms, used_size=10371072 bytes (25.3%)
(RDMA_READ_CONSUME_CHECK_CONSUMER) timestamp=13085 ms, used_size=10369024 bytes (25.3%)
(RDMA_READ_CONSUME_CHECK_CONSUMER) timestamp=13085 ms, used_size=10366976 bytes (25.3%)
(RDMA_READ_CONSUME_CHECK_CONSUMER) timestamp=13085 ms, used_size=10364928 bytes (25.3%)
(RDMA_READ_CONSUME_CHECK_CONSUMER) timestamp=13085 ms, used_size=10362880 bytes (25.3%)
(RDMA_READ_CONSUME_CHECK_CONSUMER) timestamp=13085 ms, used_size=10360832 bytes (25.3%)
(RDMA_READ_CONSUME_CHECK_CONSUMER) timestamp=13085 ms, used_size=10358784 bytes (25.3%)
(RDMA_READ_CONSUME_CHECK_CONSUMER) timestamp=13085 ms, used_size=10356736 bytes (25.3%)
(RDMA_READ_CONSUME_CHECK_CONSUMER) timestamp=13085 ms, used_size=10354688 bytes (25.3%)
(RDMA_READ_CONSUME_CHECK_CONSUMER) timestamp=13085 ms, used_size=10352640 bytes (25.3%)
(RDMA_READ_CONSUME_CHECK_CONSUMER) timestamp=13085 ms, used_size=10350592 bytes (25.3%)
(RDMA_READ_CONSUME_CHECK_CONSUMER) timestamp=13085 ms, used_size=10348544 bytes (25.3%)
(RDMA_READ_CONSUME_CHECK_CONSUMER) timestamp=13085 ms, used_size=10346496 bytes (25.3%)
(RDMA_READ_CONSUME_CHECK_CONSUMER) timestamp=13085 ms, used_size=10344448 bytes (25.3%)
(RDMA_READ_CONSUME_CHECK_CONSUMER) timestamp=13085 ms, used_size=10342400 bytes (25.2%)
(RDMA_READ_CONSUME_CHECK_CONSUMER) timestamp=13085 ms, used_size=10340352 bytes (25.2%)
(RDMA_READ_CONSUME_CHECK_CONSUMER) timestamp=13085 ms, used_size=10338304 bytes (25.2%)
(RDMA_READ_CONSUME_CHECK_CONSUMER) timestamp=13085 ms, used_size=10336256 bytes (25.2%)
(RDMA_READ_CONSUME_CHECK_CONSUMER) timestamp=13085 ms, used_size=10334208 bytes (25.2%)
(RDMA_READ_CONSUME_CHECK_CONSUMER) timestamp=13085 ms, used_size=10332160 bytes (25.2%)
(RDMA_READ_CONSUME_CHECK_CONSUMER) timestamp=13085 ms, used_size=10330112 bytes (25.2%)
(RDMA_READ_CONSUME_CHECK_CONSUMER) timestamp=13085 ms, used_size=10328064 bytes (25.2%)
(RDMA_READ_CONSUME_CHECK_CONSUMER) timestamp=13085 ms, used_size=10326016 bytes (25.2%)
(RDMA_READ_CONSUME_CHECK_CONSUMER) timestamp=13085 ms, used_size=10323968 bytes (25.2%)
(RDMA_READ_CONSUME_CHECK_CONSUMER) timestamp=13085 ms, used_size=10321920 bytes (25.2%)
(RDMA_READ_CONSUME_CHECK_CONSUMER) timestamp=13085 ms, used_size=10319872 bytes (25.2%)
(RDMA_READ_CONSUME_CHECK_CONSUMER) timestamp=13085 ms, used_size=10317824 bytes (25.2%)
(RDMA_READ_CONSUME_CHECK_CONSUMER) timestamp=13085 ms, used_size=10315776 bytes (25.2%)
(RDMA_READ_CONSUME_CHECK_CONSUMER) timestamp=13085 ms, used_size=10313728 bytes (25.2%)
(RDMA_READ_CONSUME_CHECK_CONSUMER) timestamp=13085 ms, used_size=10311680 bytes (25.2%)
(RDMA_READ_CONSUME_CHECK_CONSUMER) timestamp=13085 ms, used_size=10309632 bytes (25.2%)
(RDMA_READ_CONSUME_CHECK_CONSUMER) timestamp=13085 ms, used_size=10307584 bytes (25.2%)
(RDMA_READ_CONSUME_CHECK_CONSUMER) timestamp=13085 ms, used_size=10305536 bytes (25.2%)
(RDMA_READ_CONSUME_CHECK_CONSUMER) timestamp=13085 ms, used_size=10303488 bytes (25.2%)
(RDMA_READ_CONSUME_CHECK_CONSUMER) timestamp=13085 ms, used_size=10301440 bytes (25.1%)
(RDMA_READ_CONSUME_CHECK_CONSUMER) timestamp=13085 ms, used_size=10299392 bytes (25.1%)
(RDMA_READ_CONSUME_CHECK_CONSUMER) timestamp=13085 ms, used_size=10297344 bytes (25.1%)
(RDMA_READ_CONSUME_CHECK_CONSUMER) timestamp=13086 ms, used_size=10295296 bytes (25.1%)
(RDMA_READ_CONSUME_CHECK_CONSUMER) timestamp=13086 ms, used_size=10293248 bytes (25.1%)
(RDMA_READ_CONSUME_CHECK_CONSUMER) timestamp=13086 ms, used_size=10291200 bytes (25.1%)
(RDMA_READ_CONSUME_CHECK_CONSUMER) timestamp=13086 ms, used_size=10289152 bytes (25.1%)
(RDMA_READ_CONSUME_CHECK_CONSUMER) timestamp=13086 ms, used_size=10287104 bytes (25.1%)
(RDMA_READ_CONSUME_CHECK_CONSUMER) timestamp=13086 ms, used_size=10285056 bytes (25.1%)
(RDMA_READ_CONSUME_CHECK_CONSUMER) timestamp=13086 ms, used_size=10283008 bytes (25.1%)
(RDMA_READ_CONSUME_CHECK_CONSUMER) timestamp=13086 ms, used_size=10280960 bytes (25.1%)
(RDMA_READ_CONSUME_CHECK_CONSUMER) timestamp=13086 ms, used_size=10278912 bytes (25.1%)
(RDMA_READ_CONSUME_CHECK_CONSUMER) timestamp=13086 ms, used_size=10276864 bytes (25.1%)
(RDMA_READ_CONSUME_CHECK_CONSUMER) timestamp=13086 ms, used_size=10274816 bytes (25.1%)
(RDMA_READ_CONSUME_CHECK_CONSUMER) timestamp=13086 ms, used_size=10272768 bytes (25.1%)
(RDMA_READ_CONSUME_CHECK_CONSUMER) timestamp=13086 ms, used_size=10270720 bytes (25.1%)
(RDMA_READ_CONSUME_CHECK_CONSUMER) timestamp=13086 ms, used_size=10268672 bytes (25.1%)
(RDMA_READ_CONSUME_CHECK_CONSUMER) timestamp=13086 ms, used_size=10266624 bytes (25.1%)
(RDMA_READ_CONSUME_CHECK_CONSUMER) timestamp=13086 ms, used_size=10264576 bytes (25.1%)
(RDMA_READ_CONSUME_CHECK_CONSUMER) timestamp=13086 ms, used_size=10262528 bytes (25.1%)
(RDMA_READ_CONSUME_CHECK_CONSUMER) timestamp=13086 ms, used_size=10260480 bytes (25.1%)
(RDMA_READ_CONSUME_CHECK_CONSUMER) timestamp=13086 ms, used_size=10258432 bytes (25.0%)
(RDMA_READ_CONSUME_CHECK_CONSUMER) timestamp=13086 ms, used_size=10256384 bytes (25.0%)
(RDMA_READ_CONSUME_CHECK_CONSUMER) timestamp=13086 ms, used_size=10254336 bytes (25.0%)
(RDMA_READ_CONSUME_CHECK_CONSUMER) timestamp=13086 ms, used_size=10252288 bytes (25.0%)
(RDMA_READ_CONSUME_CHECK_CONSUMER) timestamp=13086 ms, used_size=10250240 bytes (25.0%)
(RDMA_READ_CONSUME_CHECK_CONSUMER) timestamp=13086 ms, used_size=10248192 bytes (25.0%)
(RDMA_READ_CONSUME_CHECK_CONSUMER) timestamp=13086 ms, used_size=10246144 bytes (25.0%)
(RDMA_READ_CONSUME_CHECK_CONSUMER) timestamp=13086 ms, used_size=10244096 bytes (25.0%)
(RDMA_READ_CONSUME_CHECK_CONSUMER) timestamp=13086 ms, used_size=10242048 bytes (25.0%)
(RDMA_READ_CONSUME_CHECK_CONSUMER) timestamp=13086 ms, used_size=10240000 bytes (25.0%)
(RDMA_READ_CONSUME_CHECK_CONSUMER) timestamp=13086 ms, used_size=10237952 bytes (25.0%)
(RDMA_READ_CONSUME_CHECK_CONSUMER) timestamp=13086 ms, used_size=10235904 bytes (25.0%)
(RDMA_READ_CONSUME_CHECK_CONSUMER) timestamp=13086 ms, used_size=10233856 bytes (25.0%)
(RDMA_READ_CONSUME_CHECK_CONSUMER) timestamp=13086 ms, used_size=10231808 bytes (25.0%)
(RDMA_READ_CONSUME_CHECK_CONSUMER) timestamp=13086 ms, used_size=10229760 bytes (25.0%)
(RDMA_READ_CONSUME_CHECK_CONSUMER) timestamp=13086 ms, used_size=10227712 bytes (25.0%)
(RDMA_READ_CONSUME_CHECK_CONSUMER) timestamp=13086 ms, used_size=10225664 bytes (25.0%)
(RDMA_READ_CONSUME_CHECK_CONSUMER) timestamp=13086 ms, used_size=10223616 bytes (25.0%)
(RDMA_READ_CONSUME_CHECK_CONSUMER) timestamp=13086 ms, used_size=10221568 bytes (25.0%)
(RDMA_READ_CONSUME_CHECK_CONSUMER) timestamp=13086 ms, used_size=10219520 bytes (24.9%)
(RDMA_READ_CONSUME_CHECK_CONSUMER) timestamp=13086 ms, used_size=10217472 bytes (24.9%)
(RDMA_READ_CONSUME_CHECK_CONSUMER) timestamp=13086 ms, used_size=10215424 bytes (24.9%)
(RDMA_READ_CONSUME_CHECK_CONSUMER) timestamp=13086 ms, used_size=10213376 bytes (24.9%)
(RDMA_READ_CONSUME_CHECK_CONSUMER) timestamp=13086 ms, used_size=10211328 bytes (24.9%)
(RDMA_READ_CONSUME_CHECK_CONSUMER) timestamp=13086 ms, used_size=10209280 bytes (24.9%)
(RDMA_READ_CONSUME_CHECK_CONSUMER) timestamp=13086 ms, used_size=10207232 bytes (24.9%)
(RDMA_READ_CONSUME_CHECK_CONSUMER) timestamp=13086 ms, used_size=10205184 bytes (24.9%)
(RDMA_READ_CONSUME_CHECK_CONSUMER) timestamp=13086 ms, used_size=10203136 bytes (24.9%)
(RDMA_READ_CONSUME_CHECK_CONSUMER) timestamp=13086 ms, used_size=10201088 bytes (24.9%)
(RDMA_READ_CONSUME_CHECK_CONSUMER) timestamp=13086 ms, used_size=10199040 bytes (24.9%)
(RDMA_READ_CONSUME_CHECK_CONSUMER) timestamp=13086 ms, used_size=10196992 bytes (24.9%)
(RDMA_READ_CONSUME_CHECK_CONSUMER) timestamp=13086 ms, used_size=10194944 bytes (24.9%)
(RDMA_READ_CONSUME_CHECK_CONSUMER) timestamp=13086 ms, used_size=10192896 bytes (24.9%)
(RDMA_READ_CONSUME_CHECK_CONSUMER) timestamp=13086 ms, used_size=10190848 bytes (24.9%)
(RDMA_READ_CONSUME_CHECK_CONSUMER) timestamp=13086 ms, used_size=10188800 bytes (24.9%)
(RDMA_READ_CONSUME_CHECK_CONSUMER) timestamp=13086 ms, used_size=10186752 bytes (24.9%)
(RDMA_READ_CONSUME_CHECK_CONSUMER) timestamp=13086 ms, used_size=10184704 bytes (24.9%)
(RDMA_READ_CONSUME_CHECK_CONSUMER) timestamp=13086 ms, used_size=10182656 bytes (24.9%)
(RDMA_READ_CONSUME_CHECK_CONSUMER) timestamp=13086 ms, used_size=10180608 bytes (24.9%)
(RDMA_READ_CONSUME_CHECK_CONSUMER) timestamp=13086 ms, used_size=10178560 bytes (24.9%)
(RDMA_READ_CONSUME_CHECK_CONSUMER) timestamp=13086 ms, used_size=10176512 bytes (24.8%)
(RDMA_READ_CONSUME_CHECK_CONSUMER) timestamp=13086 ms, used_size=10174464 bytes (24.8%)
(RDMA_READ_CONSUME_CHECK_CONSUMER) timestamp=13086 ms, used_size=10172416 bytes (24.8%)
(RDMA_READ_CONSUME_CHECK_CONSUMER) timestamp=13086 ms, used_size=10170368 bytes (24.8%)
(RDMA_READ_CONSUME_CHECK_CONSUMER) timestamp=13086 ms, used_size=10168320 bytes (24.8%)
(RDMA_READ_CONSUME_CHECK_CONSUMER) timestamp=13086 ms, used_size=10166272 bytes (24.8%)
(RDMA_READ_CONSUME_CHECK_CONSUMER) timestamp=13086 ms, used_size=10164224 bytes (24.8%)
(RDMA_READ_CONSUME_CHECK_CONSUMER) timestamp=13086 ms, used_size=10162176 bytes (24.8%)
(RDMA_READ_CONSUME_CHECK_CONSUMER) timestamp=13086 ms, used_size=10160128 bytes (24.8%)
(RDMA_READ_CONSUME_CHECK_CONSUMER) timestamp=13086 ms, used_size=10158080 bytes (24.8%)
(RDMA_READ_CONSUME_CHECK_CONSUMER) timestamp=13086 ms, used_size=10156032 bytes (24.8%)
(RDMA_READ_CONSUME_CHECK_CONSUMER) timestamp=13086 ms, used_size=10153984 bytes (24.8%)
(RDMA_READ_CONSUME_CHECK_CONSUMER) timestamp=13086 ms, used_size=10151936 bytes (24.8%)
(RDMA_READ_CONSUME_CHECK_CONSUMER) timestamp=13086 ms, used_size=10149888 bytes (24.8%)
(RDMA_READ_CONSUME_CHECK_CONSUMER) timestamp=13086 ms, used_size=10147840 bytes (24.8%)
(RDMA_READ_CONSUME_CHECK_CONSUMER) timestamp=13086 ms, used_size=10145792 bytes (24.8%)
(RDMA_READ_CONSUME_CHECK_CONSUMER) timestamp=13086 ms, used_size=10143744 bytes (24.8%)
(RDMA_READ_CONSUME_CHECK_CONSUMER) timestamp=13086 ms, used_size=10141696 bytes (24.8%)
(RDMA_READ_CONSUME_CHECK_CONSUMER) timestamp=13086 ms, used_size=10139648 bytes (24.8%)
(RDMA_READ_CONSUME_CHECK_CONSUMER) timestamp=13086 ms, used_size=10137600 bytes (24.8%)
(RDMA_READ_CONSUME_CHECK_CONSUMER) timestamp=13086 ms, used_size=10135552 bytes (24.7%)
(RDMA_READ_CONSUME_CHECK_CONSUMER) timestamp=13086 ms, used_size=10133504 bytes (24.7%)
(RDMA_READ_CONSUME_CHECK_CONSUMER) timestamp=13086 ms, used_size=10131456 bytes (24.7%)
(RDMA_READ_CONSUME_CHECK_CONSUMER) timestamp=13086 ms, used_size=10129408 bytes (24.7%)
(RDMA_READ_CONSUME_CHECK_CONSUMER) timestamp=13086 ms, used_size=10127360 bytes (24.7%)
(RDMA_READ_CONSUME_CHECK_CONSUMER) timestamp=13086 ms, used_size=10125312 bytes (24.7%)
(RDMA_READ_CONSUME_CHECK_CONSUMER) timestamp=13086 ms, used_size=10123264 bytes (24.7%)
(RDMA_READ_CONSUME_CHECK_CONSUMER) timestamp=13086 ms, used_size=10121216 bytes (24.7%)
(RDMA_READ_CONSUME_CHECK_CONSUMER) timestamp=13086 ms, used_size=10119168 bytes (24.7%)
(RDMA_READ_CONSUME_CHECK_CONSUMER) timestamp=13086 ms, used_size=10117120 bytes (24.7%)
(RDMA_READ_CONSUME_CHECK_CONSUMER) timestamp=13086 ms, used_size=10115072 bytes (24.7%)
(RDMA_READ_CONSUME_CHECK_CONSUMER) timestamp=13086 ms, used_size=10113024 bytes (24.7%)
(RDMA_READ_CONSUME_CHECK_CONSUMER) timestamp=13086 ms, used_size=10110976 bytes (24.7%)
(RDMA_READ_CONSUME_CHECK_CONSUMER) timestamp=13086 ms, used_size=10108928 bytes (24.7%)
(RDMA_READ_CONSUME_CHECK_CONSUMER) timestamp=13086 ms, used_size=10106880 bytes (24.7%)
(RDMA_READ_CONSUME_CHECK_CONSUMER) timestamp=13086 ms, used_size=10104832 bytes (24.7%)
(RDMA_READ_CONSUME_CHECK_CONSUMER) timestamp=13086 ms, used_size=10102784 bytes (24.7%)
(RDMA_READ_CONSUME_CHECK_CONSUMER) timestamp=13086 ms, used_size=10100736 bytes (24.7%)
(RDMA_READ_CONSUME_CHECK_CONSUMER) timestamp=13086 ms, used_size=10098688 bytes (24.7%)
(RDMA_READ_CONSUME_CHECK_CONSUMER) timestamp=13086 ms, used_size=10096640 bytes (24.6%)
(RDMA_READ_CONSUME_CHECK_CONSUMER) timestamp=13086 ms, used_size=10094592 bytes (24.6%)
(RDMA_READ_CONSUME_CHECK_CONSUMER) timestamp=13086 ms, used_size=10092544 bytes (24.6%)
(RDMA_READ_CONSUME_CHECK_CONSUMER) timestamp=13086 ms, used_size=10090496 bytes (24.6%)
(RDMA_READ_CONSUME_CHECK_CONSUMER) timestamp=13086 ms, used_size=10088448 bytes (24.6%)
(RDMA_READ_CONSUME_CHECK_CONSUMER) timestamp=13086 ms, used_size=10086400 bytes (24.6%)
(RDMA_READ_CONSUME_CHECK_CONSUMER) timestamp=13086 ms, used_size=10084352 bytes (24.6%)
(RDMA_READ_CONSUME_CHECK_CONSUMER) timestamp=13086 ms, used_size=10082304 bytes (24.6%)
(RDMA_READ_CONSUME_CHECK_CONSUMER) timestamp=13086 ms, used_size=10080256 bytes (24.6%)
(RDMA_READ_CONSUME_CHECK_CONSUMER) timestamp=13086 ms, used_size=10078208 bytes (24.6%)
(RDMA_READ_CONSUME_CHECK_CONSUMER) timestamp=13086 ms, used_size=10076160 bytes (24.6%)
(RDMA_READ_CONSUME_CHECK_CONSUMER) timestamp=13086 ms, used_size=10074112 bytes (24.6%)
(RDMA_READ_CONSUME_CHECK_CONSUMER) timestamp=13086 ms, used_size=10072064 bytes (24.6%)
(RDMA_READ_CONSUME_CHECK_CONSUMER) timestamp=13086 ms, used_size=10070016 bytes (24.6%)
(RDMA_READ_CONSUME_CHECK_CONSUMER) timestamp=13086 ms, used_size=10067968 bytes (24.6%)
(RDMA_READ_CONSUME_CHECK_CONSUMER) timestamp=13086 ms, used_size=10065920 bytes (24.6%)
(RDMA_READ_CONSUME_CHECK_CONSUMER) timestamp=13086 ms, used_size=10063872 bytes (24.6%)
(RDMA_READ_CONSUME_CHECK_CONSUMER) timestamp=13086 ms, used_size=10061824 bytes (24.6%)
(RDMA_READ_CONSUME_CHECK_CONSUMER) timestamp=13086 ms, used_size=10059776 bytes (24.6%)
(RDMA_READ_CONSUME_CHECK_CONSUMER) timestamp=13086 ms, used_size=10057728 bytes (24.6%)
(RDMA_READ_CONSUME_CHECK_CONSUMER) timestamp=13086 ms, used_size=10055680 bytes (24.6%)
(RDMA_READ_CONSUME_CHECK_CONSUMER) timestamp=13086 ms, used_size=10053632 bytes (24.5%)
(RDMA_READ_CONSUME_CHECK_CONSUMER) timestamp=13086 ms, used_size=10051584 bytes (24.5%)
(RDMA_READ_CONSUME_CHECK_CONSUMER) timestamp=13086 ms, used_size=10049536 bytes (24.5%)
(RDMA_READ_CONSUME_CHECK_CONSUMER) timestamp=13086 ms, used_size=10047488 bytes (24.5%)
(RDMA_READ_CONSUME_CHECK_CONSUMER) timestamp=13086 ms, used_size=10045440 bytes (24.5%)
(RDMA_READ_CONSUME_CHECK_CONSUMER) timestamp=13086 ms, used_size=10043392 bytes (24.5%)
(RDMA_READ_CONSUME_CHECK_CONSUMER) timestamp=13086 ms, used_size=10041344 bytes (24.5%)
(RDMA_READ_CONSUME_CHECK_CONSUMER) timestamp=13086 ms, used_size=10039296 bytes (24.5%)
(RDMA_READ_CONSUME_CHECK_CONSUMER) timestamp=13086 ms, used_size=10037248 bytes (24.5%)
(RDMA_READ_CONSUME_CHECK_CONSUMER) timestamp=13086 ms, used_size=10035200 bytes (24.5%)
(RDMA_READ_CONSUME_CHECK_CONSUMER) timestamp=13086 ms, used_size=10033152 bytes (24.5%)
(RDMA_READ_CONSUME_CHECK_CONSUMER) timestamp=13086 ms, used_size=10031104 bytes (24.5%)
(RDMA_READ_CONSUME_CHECK_CONSUMER) timestamp=13086 ms, used_size=10029056 bytes (24.5%)
(RDMA_READ_CONSUME_CHECK_CONSUMER) timestamp=13086 ms, used_size=10027008 bytes (24.5%)
(RDMA_READ_CONSUME_CHECK_CONSUMER) timestamp=13086 ms, used_size=10024960 bytes (24.5%)
(RDMA_READ_CONSUME_CHECK_CONSUMER) timestamp=13086 ms, used_size=10022912 bytes (24.5%)
(RDMA_READ_CONSUME_CHECK_CONSUMER) timestamp=13086 ms, used_size=10020864 bytes (24.5%)
(RDMA_READ_CONSUME_CHECK_CONSUMER) timestamp=13086 ms, used_size=10018816 bytes (24.5%)
(RDMA_READ_CONSUME_CHECK_CONSUMER) timestamp=13086 ms, used_size=10016768 bytes (24.5%)
(RDMA_READ_CONSUME_CHECK_CONSUMER) timestamp=13086 ms, used_size=10014720 bytes (24.4%)
(RDMA_READ_CONSUME_CHECK_CONSUMER) timestamp=13086 ms, used_size=10012672 bytes (24.4%)
(RDMA_READ_CONSUME_CHECK_CONSUMER) timestamp=13086 ms, used_size=10010624 bytes (24.4%)
(RDMA_READ_CONSUME_CHECK_CONSUMER) timestamp=13086 ms, used_size=10008576 bytes (24.4%)
(RDMA_READ_CONSUME_CHECK_CONSUMER) timestamp=13086 ms, used_size=10006528 bytes (24.4%)
(RDMA_READ_CONSUME_CHECK_CONSUMER) timestamp=13086 ms, used_size=10004480 bytes (24.4%)
(RDMA_READ_CONSUME_CHECK_CONSUMER) timestamp=13086 ms, used_size=10002432 bytes (24.4%)
(RDMA_READ_CONSUME_CHECK_CONSUMER) timestamp=13086 ms, used_size=10000384 bytes (24.4%)
(RDMA_READ_CONSUME_CHECK_CONSUMER) timestamp=13086 ms, used_size=9998336 bytes (24.4%)
(RDMA_READ_CONSUME_CHECK_CONSUMER) timestamp=13086 ms, used_size=9996288 bytes (24.4%)
(RDMA_READ_CONSUME_CHECK_CONSUMER) timestamp=13086 ms, used_size=9994240 bytes (24.4%)
(RDMA_READ_CONSUME_CHECK_CONSUMER) timestamp=13086 ms, used_size=9992192 bytes (24.4%)
(RDMA_READ_CONSUME_CHECK_CONSUMER) timestamp=13086 ms, used_size=9990144 bytes (24.4%)
(RDMA_READ_CONSUME_CHECK_CONSUMER) timestamp=13086 ms, used_size=9988096 bytes (24.4%)
(RDMA_READ_CONSUME_CHECK_CONSUMER) timestamp=13086 ms, used_size=9986048 bytes (24.4%)
(RDMA_READ_CONSUME_CHECK_CONSUMER) timestamp=13086 ms, used_size=9984000 bytes (24.4%)
(RDMA_READ_CONSUME_CHECK_CONSUMER) timestamp=13086 ms, used_size=9981952 bytes (24.4%)
(RDMA_READ_CONSUME_CHECK_CONSUMER) timestamp=13086 ms, used_size=9979904 bytes (24.4%)
(RDMA_READ_CONSUME_CHECK_CONSUMER) timestamp=13086 ms, used_size=9977856 bytes (24.4%)
(RDMA_READ_CONSUME_CHECK_CONSUMER) timestamp=13086 ms, used_size=9975808 bytes (24.4%)
(RDMA_READ_CONSUME_CHECK_CONSUMER) timestamp=13086 ms, used_size=9973760 bytes (24.4%)
(RDMA_READ_CONSUME_CHECK_CONSUMER) timestamp=13086 ms, used_size=9971712 bytes (24.3%)
(RDMA_READ_CONSUME_CHECK_CONSUMER) timestamp=13086 ms, used_size=9969664 bytes (24.3%)
(RDMA_READ_CONSUME_CHECK_CONSUMER) timestamp=13086 ms, used_size=9967616 bytes (24.3%)
(RDMA_READ_CONSUME_CHECK_CONSUMER) timestamp=13086 ms, used_size=9965568 bytes (24.3%)
(RDMA_READ_CONSUME_CHECK_CONSUMER) timestamp=13086 ms, used_size=9963520 bytes (24.3%)
(RDMA_READ_CONSUME_CHECK_CONSUMER) timestamp=13086 ms, used_size=9961472 bytes (24.3%)
(RDMA_READ_CONSUME_CHECK_CONSUMER) timestamp=13086 ms, used_size=9959424 bytes (24.3%)
(RDMA_READ_CONSUME_CHECK_CONSUMER) timestamp=13086 ms, used_size=9957376 bytes (24.3%)
(RDMA_READ_CONSUME_CHECK_CONSUMER) timestamp=13086 ms, used_size=9955328 bytes (24.3%)
(RDMA_READ_CONSUME_CHECK_CONSUMER) timestamp=13086 ms, used_size=9953280 bytes (24.3%)
(RDMA_READ_CONSUME_CHECK_CONSUMER) timestamp=13086 ms, used_size=9951232 bytes (24.3%)
(RDMA_READ_CONSUME_CHECK_CONSUMER) timestamp=13086 ms, used_size=9949184 bytes (24.3%)
(RDMA_READ_CONSUME_CHECK_CONSUMER) timestamp=13086 ms, used_size=9947136 bytes (24.3%)
(RDMA_READ_CONSUME_CHECK_CONSUMER) timestamp=13087 ms, used_size=9945088 bytes (24.3%)
(RDMA_READ_CONSUME_CHECK_CONSUMER) timestamp=13087 ms, used_size=9943040 bytes (24.3%)
(RDMA_READ_CONSUME_CHECK_CONSUMER) timestamp=13087 ms, used_size=9940992 bytes (24.3%)
(RDMA_READ_CONSUME_CHECK_CONSUMER) timestamp=13087 ms, used_size=9938944 bytes (24.3%)
(RDMA_READ_CONSUME_CHECK_CONSUMER) timestamp=13087 ms, used_size=9936896 bytes (24.3%)
(RDMA_READ_CONSUME_CHECK_CONSUMER) timestamp=13087 ms, used_size=9934848 bytes (24.3%)
(RDMA_READ_CONSUME_CHECK_CONSUMER) timestamp=13087 ms, used_size=9932800 bytes (24.2%)
(RDMA_READ_CONSUME_CHECK_CONSUMER) timestamp=13087 ms, used_size=9930752 bytes (24.2%)
(RDMA_READ_CONSUME_CHECK_CONSUMER) timestamp=13087 ms, used_size=9928704 bytes (24.2%)
(RDMA_READ_CONSUME_CHECK_CONSUMER) timestamp=13087 ms, used_size=9926656 bytes (24.2%)
(RDMA_READ_CONSUME_CHECK_CONSUMER) timestamp=13087 ms, used_size=9924608 bytes (24.2%)
(RDMA_READ_CONSUME_CHECK_CONSUMER) timestamp=13087 ms, used_size=9922560 bytes (24.2%)
(RDMA_READ_CONSUME_CHECK_CONSUMER) timestamp=13087 ms, used_size=9920512 bytes (24.2%)
(RDMA_READ_CONSUME_CHECK_CONSUMER) timestamp=13087 ms, used_size=9918464 bytes (24.2%)
(RDMA_READ_CONSUME_CHECK_CONSUMER) timestamp=13087 ms, used_size=9916416 bytes (24.2%)
(RDMA_READ_CONSUME_CHECK_CONSUMER) timestamp=13087 ms, used_size=9914368 bytes (24.2%)
(RDMA_READ_CONSUME_CHECK_CONSUMER) timestamp=13087 ms, used_size=9912320 bytes (24.2%)
(RDMA_READ_CONSUME_CHECK_CONSUMER) timestamp=13087 ms, used_size=9910272 bytes (24.2%)
(RDMA_READ_CONSUME_CHECK_CONSUMER) timestamp=13087 ms, used_size=9908224 bytes (24.2%)
(RDMA_READ_CONSUME_CHECK_CONSUMER) timestamp=13087 ms, used_size=9906176 bytes (24.2%)
(RDMA_READ_CONSUME_CHECK_CONSUMER) timestamp=13087 ms, used_size=9904128 bytes (24.2%)
(RDMA_READ_CONSUME_CHECK_CONSUMER) timestamp=13087 ms, used_size=9902080 bytes (24.2%)
(RDMA_READ_CONSUME_CHECK_CONSUMER) timestamp=13087 ms, used_size=9900032 bytes (24.2%)
(RDMA_READ_CONSUME_CHECK_CONSUMER) timestamp=13087 ms, used_size=9897984 bytes (24.2%)
(RDMA_READ_CONSUME_CHECK_CONSUMER) timestamp=13087 ms, used_size=9895936 bytes (24.2%)
(RDMA_READ_CONSUME_CHECK_CONSUMER) timestamp=13087 ms, used_size=9893888 bytes (24.2%)
(RDMA_READ_CONSUME_CHECK_CONSUMER) timestamp=13087 ms, used_size=9891840 bytes (24.1%)
(RDMA_READ_CONSUME_CHECK_CONSUMER) timestamp=13087 ms, used_size=9889792 bytes (24.1%)
(RDMA_READ_CONSUME_CHECK_CONSUMER) timestamp=13087 ms, used_size=9887744 bytes (24.1%)
(RDMA_READ_CONSUME_CHECK_CONSUMER) timestamp=13087 ms, used_size=9885696 bytes (24.1%)
(RDMA_READ_CONSUME_CHECK_CONSUMER) timestamp=13087 ms, used_size=9883648 bytes (24.1%)
(RDMA_READ_CONSUME_CHECK_CONSUMER) timestamp=13087 ms, used_size=9881600 bytes (24.1%)
(RDMA_READ_CONSUME_CHECK_CONSUMER) timestamp=13087 ms, used_size=9879552 bytes (24.1%)
(RDMA_READ_CONSUME_CHECK_CONSUMER) timestamp=13087 ms, used_size=9877504 bytes (24.1%)
(RDMA_READ_CONSUME_CHECK_CONSUMER) timestamp=13087 ms, used_size=9875456 bytes (24.1%)
(RDMA_READ_CONSUME_CHECK_CONSUMER) timestamp=13087 ms, used_size=9873408 bytes (24.1%)
(RDMA_READ_CONSUME_CHECK_CONSUMER) timestamp=13087 ms, used_size=9871360 bytes (24.1%)
(RDMA_READ_CONSUME_CHECK_CONSUMER) timestamp=13087 ms, used_size=9869312 bytes (24.1%)
(RDMA_READ_CONSUME_CHECK_CONSUMER) timestamp=13087 ms, used_size=9867264 bytes (24.1%)
(RDMA_READ_CONSUME_CHECK_CONSUMER) timestamp=13087 ms, used_size=9865216 bytes (24.1%)
(RDMA_READ_CONSUME_CHECK_CONSUMER) timestamp=13087 ms, used_size=9863168 bytes (24.1%)
(RDMA_READ_CONSUME_CHECK_CONSUMER) timestamp=13087 ms, used_size=9861120 bytes (24.1%)
(RDMA_READ_CONSUME_CHECK_CONSUMER) timestamp=13087 ms, used_size=9859072 bytes (24.1%)
(RDMA_READ_CONSUME_CHECK_CONSUMER) timestamp=13087 ms, used_size=9857024 bytes (24.1%)
(RDMA_READ_CONSUME_CHECK_CONSUMER) timestamp=13087 ms, used_size=9854976 bytes (24.1%)
(RDMA_READ_CONSUME_CHECK_CONSUMER) timestamp=13087 ms, used_size=9852928 bytes (24.1%)
(RDMA_READ_CONSUME_CHECK_CONSUMER) timestamp=13087 ms, used_size=9850880 bytes (24.1%)
(RDMA_READ_CONSUME_CHECK_CONSUMER) timestamp=13087 ms, used_size=9848832 bytes (24.0%)
(RDMA_READ_CONSUME_CHECK_CONSUMER) timestamp=13087 ms, used_size=9846784 bytes (24.0%)
(RDMA_READ_CONSUME_CHECK_CONSUMER) timestamp=13087 ms, used_size=9844736 bytes (24.0%)
(RDMA_READ_CONSUME_CHECK_CONSUMER) timestamp=13087 ms, used_size=9842688 bytes (24.0%)
(RDMA_READ_CONSUME_CHECK_CONSUMER) timestamp=13087 ms, used_size=9840640 bytes (24.0%)
(RDMA_READ_CONSUME_CHECK_CONSUMER) timestamp=13087 ms, used_size=9838592 bytes (24.0%)
(RDMA_READ_CONSUME_CHECK_CONSUMER) timestamp=13087 ms, used_size=9836544 bytes (24.0%)
(RDMA_READ_CONSUME_CHECK_CONSUMER) timestamp=13087 ms, used_size=9834496 bytes (24.0%)
(RDMA_READ_CONSUME_CHECK_CONSUMER) timestamp=13087 ms, used_size=9832448 bytes (24.0%)
(RDMA_READ_CONSUME_CHECK_CONSUMER) timestamp=13087 ms, used_size=9830400 bytes (24.0%)
(RDMA_READ_CONSUME_CHECK_CONSUMER) timestamp=13087 ms, used_size=9828352 bytes (24.0%)
(RDMA_READ_CONSUME_CHECK_CONSUMER) timestamp=13087 ms, used_size=9826304 bytes (24.0%)
(RDMA_READ_CONSUME_CHECK_CONSUMER) timestamp=13087 ms, used_size=9824256 bytes (24.0%)
(RDMA_READ_CONSUME_CHECK_CONSUMER) timestamp=13087 ms, used_size=9822208 bytes (24.0%)
(RDMA_READ_CONSUME_CHECK_CONSUMER) timestamp=13087 ms, used_size=9820160 bytes (24.0%)
(RDMA_READ_CONSUME_CHECK_CONSUMER) timestamp=13087 ms, used_size=9818112 bytes (24.0%)
(RDMA_READ_CONSUME_CHECK_CONSUMER) timestamp=13087 ms, used_size=9816064 bytes (24.0%)
(RDMA_READ_CONSUME_CHECK_CONSUMER) timestamp=13087 ms, used_size=9814016 bytes (24.0%)
(RDMA_READ_CONSUME_CHECK_CONSUMER) timestamp=13087 ms, used_size=9811968 bytes (24.0%)
(RDMA_READ_CONSUME_CHECK_CONSUMER) timestamp=13087 ms, used_size=9809920 bytes (23.9%)
(RDMA_READ_CONSUME_CHECK_CONSUMER) timestamp=13087 ms, used_size=9807872 bytes (23.9%)
(RDMA_READ_CONSUME_CHECK_CONSUMER) timestamp=13087 ms, used_size=9805824 bytes (23.9%)
(RDMA_READ_CONSUME_CHECK_CONSUMER) timestamp=13087 ms, used_size=9803776 bytes (23.9%)
(RDMA_READ_CONSUME_CHECK_CONSUMER) timestamp=13087 ms, used_size=9801728 bytes (23.9%)
(RDMA_READ_CONSUME_CHECK_CONSUMER) timestamp=13087 ms, used_size=9799680 bytes (23.9%)
(RDMA_READ_CONSUME_CHECK_CONSUMER) timestamp=13087 ms, used_size=9797632 bytes (23.9%)
(RDMA_READ_CONSUME_CHECK_CONSUMER) timestamp=13087 ms, used_size=9795584 bytes (23.9%)
(RDMA_READ_CONSUME_CHECK_CONSUMER) timestamp=13087 ms, used_size=9793536 bytes (23.9%)
(RDMA_READ_CONSUME_CHECK_CONSUMER) timestamp=13087 ms, used_size=9791488 bytes (23.9%)
(RDMA_READ_CONSUME_CHECK_CONSUMER) timestamp=13087 ms, used_size=9789440 bytes (23.9%)
(RDMA_READ_CONSUME_CHECK_CONSUMER) timestamp=13087 ms, used_size=9787392 bytes (23.9%)
(RDMA_READ_CONSUME_CHECK_CONSUMER) timestamp=13087 ms, used_size=9785344 bytes (23.9%)
(RDMA_READ_CONSUME_CHECK_CONSUMER) timestamp=13087 ms, used_size=9783296 bytes (23.9%)
(RDMA_READ_CONSUME_CHECK_CONSUMER) timestamp=13087 ms, used_size=9781248 bytes (23.9%)
(RDMA_READ_CONSUME_CHECK_CONSUMER) timestamp=13087 ms, used_size=9779200 bytes (23.9%)
(RDMA_READ_CONSUME_CHECK_CONSUMER) timestamp=13087 ms, used_size=9777152 bytes (23.9%)
(RDMA_READ_CONSUME_CHECK_CONSUMER) timestamp=13087 ms, used_size=9775104 bytes (23.9%)
(RDMA_READ_CONSUME_CHECK_CONSUMER) timestamp=13087 ms, used_size=9773056 bytes (23.9%)
(RDMA_READ_CONSUME_CHECK_CONSUMER) timestamp=13087 ms, used_size=9771008 bytes (23.9%)
(RDMA_READ_CONSUME_CHECK_CONSUMER) timestamp=13087 ms, used_size=9768960 bytes (23.9%)
(RDMA_READ_CONSUME_CHECK_CONSUMER) timestamp=13087 ms, used_size=9766912 bytes (23.8%)
(RDMA_READ_CONSUME_CHECK_CONSUMER) timestamp=13087 ms, used_size=9764864 bytes (23.8%)
(RDMA_READ_CONSUME_CHECK_CONSUMER) timestamp=13087 ms, used_size=9762816 bytes (23.8%)
(RDMA_READ_CONSUME_CHECK_CONSUMER) timestamp=13087 ms, used_size=9760768 bytes (23.8%)
(RDMA_READ_CONSUME_CHECK_CONSUMER) timestamp=13087 ms, used_size=9758720 bytes (23.8%)
(RDMA_READ_CONSUME_CHECK_CONSUMER) timestamp=13087 ms, used_size=9756672 bytes (23.8%)
(RDMA_READ_CONSUME_CHECK_CONSUMER) timestamp=13087 ms, used_size=9754624 bytes (23.8%)
(RDMA_READ_CONSUME_CHECK_CONSUMER) timestamp=13087 ms, used_size=9752576 bytes (23.8%)
(RDMA_READ_CONSUME_CHECK_CONSUMER) timestamp=13087 ms, used_size=9750528 bytes (23.8%)
(RDMA_READ_CONSUME_CHECK_CONSUMER) timestamp=13087 ms, used_size=9748480 bytes (23.8%)
(RDMA_READ_CONSUME_CHECK_CONSUMER) timestamp=13087 ms, used_size=9746432 bytes (23.8%)
(RDMA_READ_CONSUME_CHECK_CONSUMER) timestamp=13087 ms, used_size=9744384 bytes (23.8%)
(RDMA_READ_CONSUME_CHECK_CONSUMER) timestamp=13087 ms, used_size=9742336 bytes (23.8%)
(RDMA_READ_CONSUME_CHECK_CONSUMER) timestamp=13087 ms, used_size=9740288 bytes (23.8%)
(RDMA_READ_CONSUME_CHECK_CONSUMER) timestamp=13087 ms, used_size=9738240 bytes (23.8%)
(RDMA_READ_CONSUME_CHECK_CONSUMER) timestamp=13087 ms, used_size=9736192 bytes (23.8%)
(RDMA_READ_CONSUME_CHECK_CONSUMER) timestamp=13087 ms, used_size=9734144 bytes (23.8%)
(RDMA_READ_CONSUME_CHECK_CONSUMER) timestamp=13087 ms, used_size=9732096 bytes (23.8%)
(RDMA_READ_CONSUME_CHECK_CONSUMER) timestamp=13087 ms, used_size=9730048 bytes (23.8%)
(RDMA_READ_CONSUME_CHECK_CONSUMER) timestamp=13087 ms, used_size=9728000 bytes (23.8%)
(RDMA_READ_CONSUME_CHECK_CONSUMER) timestamp=13087 ms, used_size=9725952 bytes (23.7%)
(RDMA_READ_CONSUME_CHECK_CONSUMER) timestamp=13087 ms, used_size=9723904 bytes (23.7%)
(RDMA_READ_CONSUME_CHECK_CONSUMER) timestamp=13087 ms, used_size=9721856 bytes (23.7%)
(RDMA_READ_CONSUME_CHECK_CONSUMER) timestamp=13087 ms, used_size=9719808 bytes (23.7%)
(RDMA_READ_CONSUME_CHECK_CONSUMER) timestamp=13087 ms, used_size=9717760 bytes (23.7%)
(RDMA_READ_CONSUME_CHECK_CONSUMER) timestamp=13087 ms, used_size=9715712 bytes (23.7%)
(RDMA_READ_CONSUME_CHECK_CONSUMER) timestamp=13087 ms, used_size=9713664 bytes (23.7%)
(RDMA_READ_CONSUME_CHECK_CONSUMER) timestamp=13087 ms, used_size=9711616 bytes (23.7%)
(RDMA_READ_CONSUME_CHECK_CONSUMER) timestamp=13087 ms, used_size=9709568 bytes (23.7%)
(RDMA_READ_CONSUME_CHECK_CONSUMER) timestamp=13087 ms, used_size=9707520 bytes (23.7%)
(RDMA_READ_CONSUME_CHECK_CONSUMER) timestamp=13087 ms, used_size=9705472 bytes (23.7%)
(RDMA_READ_CONSUME_CHECK_CONSUMER) timestamp=13087 ms, used_size=9703424 bytes (23.7%)
(RDMA_READ_CONSUME_CHECK_CONSUMER) timestamp=13087 ms, used_size=9701376 bytes (23.7%)
(RDMA_READ_CONSUME_CHECK_CONSUMER) timestamp=13087 ms, used_size=9699328 bytes (23.7%)
(RDMA_READ_CONSUME_CHECK_CONSUMER) timestamp=13087 ms, used_size=9697280 bytes (23.7%)
(RDMA_READ_CONSUME_CHECK_CONSUMER) timestamp=13087 ms, used_size=9695232 bytes (23.7%)
(RDMA_READ_CONSUME_CHECK_CONSUMER) timestamp=13087 ms, used_size=9693184 bytes (23.7%)
(RDMA_READ_CONSUME_CHECK_CONSUMER) timestamp=13087 ms, used_size=9691136 bytes (23.7%)
(RDMA_READ_CONSUME_CHECK_CONSUMER) timestamp=13087 ms, used_size=9689088 bytes (23.7%)
(RDMA_READ_CONSUME_CHECK_CONSUMER) timestamp=13087 ms, used_size=9687040 bytes (23.6%)
(RDMA_READ_CONSUME_CHECK_CONSUMER) timestamp=13087 ms, used_size=9684992 bytes (23.6%)
(RDMA_READ_CONSUME_CHECK_CONSUMER) timestamp=13087 ms, used_size=9682944 bytes (23.6%)
(RDMA_READ_CONSUME_CHECK_CONSUMER) timestamp=13087 ms, used_size=9680896 bytes (23.6%)
(RDMA_READ_CONSUME_CHECK_CONSUMER) timestamp=13087 ms, used_size=9678848 bytes (23.6%)
(RDMA_READ_CONSUME_CHECK_CONSUMER) timestamp=13087 ms, used_size=9676800 bytes (23.6%)
(RDMA_READ_CONSUME_CHECK_CONSUMER) timestamp=13087 ms, used_size=9674752 bytes (23.6%)
(RDMA_READ_CONSUME_CHECK_CONSUMER) timestamp=13087 ms, used_size=9672704 bytes (23.6%)
(RDMA_READ_CONSUME_CHECK_CONSUMER) timestamp=13087 ms, used_size=9670656 bytes (23.6%)
(RDMA_READ_CONSUME_CHECK_CONSUMER) timestamp=13087 ms, used_size=9668608 bytes (23.6%)
(RDMA_READ_CONSUME_CHECK_CONSUMER) timestamp=13087 ms, used_size=9666560 bytes (23.6%)
(RDMA_READ_CONSUME_CHECK_CONSUMER) timestamp=13087 ms, used_size=9664512 bytes (23.6%)
(RDMA_READ_CONSUME_CHECK_CONSUMER) timestamp=13087 ms, used_size=9662464 bytes (23.6%)
(RDMA_READ_CONSUME_CHECK_CONSUMER) timestamp=13087 ms, used_size=9660416 bytes (23.6%)
(RDMA_READ_CONSUME_CHECK_CONSUMER) timestamp=13087 ms, used_size=9658368 bytes (23.6%)
(RDMA_READ_CONSUME_CHECK_CONSUMER) timestamp=13087 ms, used_size=9656320 bytes (23.6%)
(RDMA_READ_CONSUME_CHECK_CONSUMER) timestamp=13087 ms, used_size=9654272 bytes (23.6%)
(RDMA_READ_CONSUME_CHECK_CONSUMER) timestamp=13087 ms, used_size=9652224 bytes (23.6%)
(RDMA_READ_CONSUME_CHECK_CONSUMER) timestamp=13087 ms, used_size=9650176 bytes (23.6%)
(RDMA_READ_CONSUME_CHECK_CONSUMER) timestamp=13087 ms, used_size=9648128 bytes (23.6%)
(RDMA_READ_CONSUME_CHECK_CONSUMER) timestamp=13087 ms, used_size=9646080 bytes (23.6%)
(RDMA_READ_CONSUME_CHECK_CONSUMER) timestamp=13087 ms, used_size=9644032 bytes (23.5%)
(RDMA_READ_CONSUME_CHECK_CONSUMER) timestamp=13087 ms, used_size=9641984 bytes (23.5%)
(RDMA_READ_CONSUME_CHECK_CONSUMER) timestamp=13087 ms, used_size=9639936 bytes (23.5%)
(RDMA_READ_CONSUME_CHECK_CONSUMER) timestamp=13087 ms, used_size=9637888 bytes (23.5%)
(RDMA_READ_CONSUME_CHECK_CONSUMER) timestamp=13087 ms, used_size=9635840 bytes (23.5%)
(RDMA_READ_CONSUME_CHECK_CONSUMER) timestamp=13087 ms, used_size=9633792 bytes (23.5%)
(RDMA_READ_CONSUME_CHECK_CONSUMER) timestamp=13087 ms, used_size=9631744 bytes (23.5%)
(RDMA_READ_CONSUME_CHECK_CONSUMER) timestamp=13087 ms, used_size=9629696 bytes (23.5%)
(RDMA_READ_CONSUME_CHECK_CONSUMER) timestamp=13087 ms, used_size=9627648 bytes (23.5%)
(RDMA_READ_CONSUME_CHECK_CONSUMER) timestamp=13087 ms, used_size=9625600 bytes (23.5%)
(RDMA_READ_CONSUME_CHECK_CONSUMER) timestamp=13087 ms, used_size=9623552 bytes (23.5%)
(RDMA_READ_CONSUME_CHECK_CONSUMER) timestamp=13087 ms, used_size=9621504 bytes (23.5%)
(RDMA_READ_CONSUME_CHECK_CONSUMER) timestamp=13087 ms, used_size=9619456 bytes (23.5%)
(RDMA_READ_CONSUME_CHECK_CONSUMER) timestamp=13087 ms, used_size=9617408 bytes (23.5%)
(RDMA_READ_CONSUME_CHECK_CONSUMER) timestamp=13087 ms, used_size=9615360 bytes (23.5%)
(RDMA_READ_CONSUME_CHECK_CONSUMER) timestamp=13087 ms, used_size=9613312 bytes (23.5%)
(RDMA_READ_CONSUME_CHECK_CONSUMER) timestamp=13087 ms, used_size=9611264 bytes (23.5%)
(RDMA_READ_CONSUME_CHECK_CONSUMER) timestamp=13087 ms, used_size=9609216 bytes (23.5%)
(RDMA_READ_CONSUME_CHECK_CONSUMER) timestamp=13087 ms, used_size=9607168 bytes (23.5%)
(RDMA_READ_CONSUME_CHECK_CONSUMER) timestamp=13087 ms, used_size=9605120 bytes (23.4%)
(RDMA_READ_CONSUME_CHECK_CONSUMER) timestamp=13087 ms, used_size=9603072 bytes (23.4%)
(RDMA_READ_CONSUME_CHECK_CONSUMER) timestamp=13087 ms, used_size=9601024 bytes (23.4%)
(RDMA_READ_CONSUME_CHECK_CONSUMER) timestamp=13088 ms, used_size=9598976 bytes (23.4%)
(RDMA_READ_CONSUME_CHECK_CONSUMER) timestamp=13088 ms, used_size=9596928 bytes (23.4%)
(RDMA_READ_CONSUME_CHECK_CONSUMER) timestamp=13088 ms, used_size=9594880 bytes (23.4%)
(RDMA_READ_CONSUME_CHECK_CONSUMER) timestamp=13088 ms, used_size=9592832 bytes (23.4%)
(RDMA_READ_CONSUME_CHECK_CONSUMER) timestamp=13088 ms, used_size=9590784 bytes (23.4%)
(RDMA_READ_CONSUME_CHECK_CONSUMER) timestamp=13088 ms, used_size=9588736 bytes (23.4%)
(RDMA_READ_CONSUME_CHECK_CONSUMER) timestamp=13088 ms, used_size=9586688 bytes (23.4%)
(RDMA_READ_CONSUME_CHECK_CONSUMER) timestamp=13088 ms, used_size=9584640 bytes (23.4%)
(RDMA_READ_CONSUME_CHECK_CONSUMER) timestamp=13088 ms, used_size=9582592 bytes (23.4%)
(RDMA_READ_CONSUME_CHECK_CONSUMER) timestamp=13088 ms, used_size=9580544 bytes (23.4%)
(RDMA_READ_CONSUME_CHECK_CONSUMER) timestamp=13088 ms, used_size=9578496 bytes (23.4%)
(RDMA_READ_CONSUME_CHECK_CONSUMER) timestamp=13088 ms, used_size=9576448 bytes (23.4%)
(RDMA_READ_CONSUME_CHECK_CONSUMER) timestamp=13088 ms, used_size=9574400 bytes (23.4%)
(RDMA_READ_CONSUME_CHECK_CONSUMER) timestamp=13088 ms, used_size=9572352 bytes (23.4%)
(RDMA_READ_CONSUME_CHECK_CONSUMER) timestamp=13088 ms, used_size=9570304 bytes (23.4%)
(RDMA_READ_CONSUME_CHECK_CONSUMER) timestamp=13088 ms, used_size=9568256 bytes (23.4%)
(RDMA_READ_CONSUME_CHECK_CONSUMER) timestamp=13088 ms, used_size=9566208 bytes (23.4%)
(RDMA_READ_CONSUME_CHECK_CONSUMER) timestamp=13088 ms, used_size=9564160 bytes (23.4%)
(RDMA_READ_CONSUME_CHECK_CONSUMER) timestamp=13088 ms, used_size=9562112 bytes (23.3%)
(RDMA_READ_CONSUME_CHECK_CONSUMER) timestamp=13088 ms, used_size=9560064 bytes (23.3%)
(RDMA_READ_CONSUME_CHECK_CONSUMER) timestamp=13088 ms, used_size=9558016 bytes (23.3%)
(RDMA_READ_CONSUME_CHECK_CONSUMER) timestamp=13088 ms, used_size=9555968 bytes (23.3%)
(RDMA_READ_CONSUME_CHECK_CONSUMER) timestamp=13088 ms, used_size=9553920 bytes (23.3%)
(RDMA_READ_CONSUME_CHECK_CONSUMER) timestamp=13088 ms, used_size=9551872 bytes (23.3%)
(RDMA_READ_CONSUME_CHECK_CONSUMER) timestamp=13088 ms, used_size=9549824 bytes (23.3%)
(RDMA_READ_CONSUME_CHECK_CONSUMER) timestamp=13088 ms, used_size=9547776 bytes (23.3%)
(RDMA_READ_CONSUME_CHECK_CONSUMER) timestamp=13088 ms, used_size=9545728 bytes (23.3%)
(RDMA_READ_CONSUME_CHECK_CONSUMER) timestamp=13088 ms, used_size=9543680 bytes (23.3%)
(RDMA_READ_CONSUME_CHECK_CONSUMER) timestamp=13088 ms, used_size=9541632 bytes (23.3%)
(RDMA_READ_CONSUME_CHECK_CONSUMER) timestamp=13088 ms, used_size=9539584 bytes (23.3%)
(RDMA_READ_CONSUME_CHECK_CONSUMER) timestamp=13088 ms, used_size=9537536 bytes (23.3%)
(RDMA_READ_CONSUME_CHECK_CONSUMER) timestamp=13088 ms, used_size=9535488 bytes (23.3%)
(RDMA_READ_CONSUME_CHECK_CONSUMER) timestamp=13088 ms, used_size=9533440 bytes (23.3%)
(RDMA_READ_CONSUME_CHECK_CONSUMER) timestamp=13088 ms, used_size=9531392 bytes (23.3%)
(RDMA_READ_CONSUME_CHECK_CONSUMER) timestamp=13088 ms, used_size=9529344 bytes (23.3%)
(RDMA_READ_CONSUME_CHECK_CONSUMER) timestamp=13088 ms, used_size=9527296 bytes (23.3%)
(RDMA_READ_CONSUME_CHECK_CONSUMER) timestamp=13088 ms, used_size=9525248 bytes (23.3%)
(RDMA_READ_CONSUME_CHECK_CONSUMER) timestamp=13088 ms, used_size=9523200 bytes (23.2%)
(RDMA_READ_CONSUME_CHECK_CONSUMER) timestamp=13088 ms, used_size=9521152 bytes (23.2%)
(RDMA_READ_CONSUME_CHECK_CONSUMER) timestamp=13088 ms, used_size=9519104 bytes (23.2%)
(RDMA_READ_CONSUME_CHECK_CONSUMER) timestamp=13088 ms, used_size=9517056 bytes (23.2%)
(RDMA_READ_CONSUME_CHECK_CONSUMER) timestamp=13088 ms, used_size=9515008 bytes (23.2%)
(RDMA_READ_CONSUME_CHECK_CONSUMER) timestamp=13088 ms, used_size=9512960 bytes (23.2%)
(RDMA_READ_CONSUME_CHECK_CONSUMER) timestamp=13088 ms, used_size=9510912 bytes (23.2%)
(RDMA_READ_CONSUME_CHECK_CONSUMER) timestamp=13088 ms, used_size=9508864 bytes (23.2%)
(RDMA_READ_CONSUME_CHECK_CONSUMER) timestamp=13088 ms, used_size=9506816 bytes (23.2%)
(RDMA_READ_CONSUME_CHECK_CONSUMER) timestamp=13088 ms, used_size=9504768 bytes (23.2%)
(RDMA_READ_CONSUME_CHECK_CONSUMER) timestamp=13088 ms, used_size=9502720 bytes (23.2%)
(RDMA_READ_CONSUME_CHECK_CONSUMER) timestamp=13088 ms, used_size=9500672 bytes (23.2%)
(RDMA_READ_CONSUME_CHECK_CONSUMER) timestamp=13088 ms, used_size=9498624 bytes (23.2%)
(RDMA_READ_CONSUME_CHECK_CONSUMER) timestamp=13088 ms, used_size=9496576 bytes (23.2%)
(RDMA_READ_CONSUME_CHECK_CONSUMER) timestamp=13088 ms, used_size=9494528 bytes (23.2%)
(RDMA_READ_CONSUME_CHECK_CONSUMER) timestamp=13088 ms, used_size=9492480 bytes (23.2%)
(RDMA_READ_CONSUME_CHECK_CONSUMER) timestamp=13088 ms, used_size=9490432 bytes (23.2%)
(RDMA_READ_CONSUME_CHECK_CONSUMER) timestamp=13088 ms, used_size=9488384 bytes (23.2%)
(RDMA_READ_CONSUME_CHECK_CONSUMER) timestamp=13088 ms, used_size=9486336 bytes (23.2%)
(RDMA_READ_CONSUME_CHECK_CONSUMER) timestamp=13088 ms, used_size=9484288 bytes (23.2%)
(RDMA_READ_CONSUME_CHECK_CONSUMER) timestamp=13088 ms, used_size=9482240 bytes (23.1%)
(RDMA_READ_CONSUME_CHECK_CONSUMER) timestamp=13088 ms, used_size=9480192 bytes (23.1%)
(RDMA_READ_CONSUME_CHECK_CONSUMER) timestamp=13088 ms, used_size=9478144 bytes (23.1%)
(RDMA_READ_CONSUME_CHECK_CONSUMER) timestamp=13088 ms, used_size=9476096 bytes (23.1%)
(RDMA_READ_CONSUME_CHECK_CONSUMER) timestamp=13088 ms, used_size=9474048 bytes (23.1%)
(RDMA_READ_CONSUME_CHECK_CONSUMER) timestamp=13088 ms, used_size=9472000 bytes (23.1%)
(RDMA_READ_CONSUME_CHECK_CONSUMER) timestamp=13088 ms, used_size=9469952 bytes (23.1%)
(RDMA_READ_CONSUME_CHECK_CONSUMER) timestamp=13088 ms, used_size=9467904 bytes (23.1%)
(RDMA_READ_CONSUME_CHECK_CONSUMER) timestamp=13088 ms, used_size=9465856 bytes (23.1%)
(RDMA_READ_CONSUME_CHECK_CONSUMER) timestamp=13088 ms, used_size=9463808 bytes (23.1%)
(RDMA_READ_CONSUME_CHECK_CONSUMER) timestamp=13088 ms, used_size=9461760 bytes (23.1%)
(RDMA_READ_CONSUME_CHECK_CONSUMER) timestamp=13088 ms, used_size=9459712 bytes (23.1%)
(RDMA_READ_CONSUME_CHECK_CONSUMER) timestamp=13088 ms, used_size=9457664 bytes (23.1%)
(RDMA_READ_CONSUME_CHECK_CONSUMER) timestamp=13088 ms, used_size=9455616 bytes (23.1%)
(RDMA_READ_CONSUME_CHECK_CONSUMER) timestamp=13088 ms, used_size=9453568 bytes (23.1%)
(RDMA_READ_CONSUME_CHECK_CONSUMER) timestamp=13088 ms, used_size=9451520 bytes (23.1%)
(RDMA_READ_CONSUME_CHECK_CONSUMER) timestamp=13088 ms, used_size=9449472 bytes (23.1%)
(RDMA_READ_CONSUME_CHECK_CONSUMER) timestamp=13088 ms, used_size=9447424 bytes (23.1%)
(RDMA_READ_CONSUME_CHECK_CONSUMER) timestamp=13088 ms, used_size=9445376 bytes (23.1%)
(RDMA_READ_CONSUME_CHECK_CONSUMER) timestamp=13088 ms, used_size=9443328 bytes (23.1%)
(RDMA_READ_CONSUME_CHECK_CONSUMER) timestamp=13088 ms, used_size=9441280 bytes (23.1%)
(RDMA_READ_CONSUME_CHECK_CONSUMER) timestamp=13088 ms, used_size=9439232 bytes (23.0%)
(RDMA_READ_CONSUME_CHECK_CONSUMER) timestamp=13088 ms, used_size=9437184 bytes (23.0%)
(RDMA_READ_CONSUME_CHECK_CONSUMER) timestamp=13088 ms, used_size=9435136 bytes (23.0%)
(RDMA_READ_CONSUME_CHECK_CONSUMER) timestamp=13088 ms, used_size=9433088 bytes (23.0%)
(RDMA_READ_CONSUME_CHECK_CONSUMER) timestamp=13088 ms, used_size=9431040 bytes (23.0%)
(RDMA_READ_CONSUME_CHECK_CONSUMER) timestamp=13088 ms, used_size=9428992 bytes (23.0%)
(RDMA_READ_CONSUME_CHECK_CONSUMER) timestamp=13088 ms, used_size=9426944 bytes (23.0%)
(RDMA_READ_CONSUME_CHECK_CONSUMER) timestamp=13088 ms, used_size=9424896 bytes (23.0%)
(RDMA_READ_CONSUME_CHECK_CONSUMER) timestamp=13088 ms, used_size=9422848 bytes (23.0%)
(RDMA_READ_CONSUME_CHECK_CONSUMER) timestamp=13088 ms, used_size=9420800 bytes (23.0%)
(RDMA_READ_CONSUME_CHECK_CONSUMER) timestamp=13088 ms, used_size=9418752 bytes (23.0%)
(RDMA_READ_CONSUME_CHECK_CONSUMER) timestamp=13088 ms, used_size=9416704 bytes (23.0%)
(RDMA_READ_CONSUME_CHECK_CONSUMER) timestamp=13088 ms, used_size=9414656 bytes (23.0%)
(RDMA_READ_CONSUME_CHECK_CONSUMER) timestamp=13088 ms, used_size=9412608 bytes (23.0%)
(RDMA_READ_CONSUME_CHECK_CONSUMER) timestamp=13088 ms, used_size=9410560 bytes (23.0%)
(RDMA_READ_CONSUME_CHECK_CONSUMER) timestamp=13088 ms, used_size=9408512 bytes (23.0%)
(RDMA_READ_CONSUME_CHECK_CONSUMER) timestamp=13088 ms, used_size=9406464 bytes (23.0%)
(RDMA_READ_CONSUME_CHECK_CONSUMER) timestamp=13088 ms, used_size=9404416 bytes (23.0%)
(RDMA_READ_CONSUME_CHECK_CONSUMER) timestamp=13088 ms, used_size=9402368 bytes (23.0%)
(RDMA_READ_CONSUME_CHECK_CONSUMER) timestamp=13088 ms, used_size=9400320 bytes (22.9%)
(RDMA_READ_CONSUME_CHECK_CONSUMER) timestamp=13088 ms, used_size=9398272 bytes (22.9%)
(RDMA_READ_CONSUME_CHECK_CONSUMER) timestamp=13088 ms, used_size=9396224 bytes (22.9%)
(RDMA_READ_CONSUME_CHECK_CONSUMER) timestamp=13088 ms, used_size=9394176 bytes (22.9%)
(RDMA_READ_CONSUME_CHECK_CONSUMER) timestamp=13088 ms, used_size=9392128 bytes (22.9%)
(RDMA_READ_CONSUME_CHECK_CONSUMER) timestamp=13088 ms, used_size=9390080 bytes (22.9%)
(RDMA_READ_CONSUME_CHECK_CONSUMER) timestamp=13088 ms, used_size=9388032 bytes (22.9%)
(RDMA_READ_CONSUME_CHECK_CONSUMER) timestamp=13088 ms, used_size=9385984 bytes (22.9%)
(RDMA_READ_CONSUME_CHECK_CONSUMER) timestamp=13088 ms, used_size=9383936 bytes (22.9%)
(RDMA_READ_CONSUME_CHECK_CONSUMER) timestamp=13088 ms, used_size=9381888 bytes (22.9%)
(RDMA_READ_CONSUME_CHECK_CONSUMER) timestamp=13088 ms, used_size=9379840 bytes (22.9%)
(RDMA_READ_CONSUME_CHECK_CONSUMER) timestamp=13088 ms, used_size=9377792 bytes (22.9%)
(RDMA_READ_CONSUME_CHECK_CONSUMER) timestamp=13088 ms, used_size=9375744 bytes (22.9%)
(RDMA_READ_CONSUME_CHECK_CONSUMER) timestamp=13088 ms, used_size=9373696 bytes (22.9%)
(RDMA_READ_CONSUME_CHECK_CONSUMER) timestamp=13088 ms, used_size=9371648 bytes (22.9%)
(RDMA_READ_CONSUME_CHECK_CONSUMER) timestamp=13088 ms, used_size=9369600 bytes (22.9%)
(RDMA_READ_CONSUME_CHECK_CONSUMER) timestamp=13088 ms, used_size=9367552 bytes (22.9%)
(RDMA_READ_CONSUME_CHECK_CONSUMER) timestamp=13088 ms, used_size=9365504 bytes (22.9%)
(RDMA_READ_CONSUME_CHECK_CONSUMER) timestamp=13088 ms, used_size=9363456 bytes (22.9%)
(RDMA_READ_CONSUME_CHECK_CONSUMER) timestamp=13088 ms, used_size=9361408 bytes (22.9%)
(RDMA_READ_CONSUME_CHECK_CONSUMER) timestamp=13088 ms, used_size=9359360 bytes (22.9%)
(RDMA_READ_CONSUME_CHECK_CONSUMER) timestamp=13088 ms, used_size=9357312 bytes (22.8%)
(RDMA_READ_CONSUME_CHECK_CONSUMER) timestamp=13088 ms, used_size=9355264 bytes (22.8%)
(RDMA_READ_CONSUME_CHECK_CONSUMER) timestamp=13088 ms, used_size=9353216 bytes (22.8%)
(RDMA_READ_CONSUME_CHECK_CONSUMER) timestamp=13088 ms, used_size=9351168 bytes (22.8%)
(RDMA_READ_CONSUME_CHECK_CONSUMER) timestamp=13088 ms, used_size=9349120 bytes (22.8%)
(RDMA_READ_CONSUME_CHECK_CONSUMER) timestamp=13088 ms, used_size=9347072 bytes (22.8%)
(RDMA_READ_CONSUME_CHECK_CONSUMER) timestamp=13088 ms, used_size=9345024 bytes (22.8%)
(RDMA_READ_CONSUME_CHECK_CONSUMER) timestamp=13088 ms, used_size=9342976 bytes (22.8%)
(RDMA_READ_CONSUME_CHECK_CONSUMER) timestamp=13088 ms, used_size=9340928 bytes (22.8%)
(RDMA_READ_CONSUME_CHECK_CONSUMER) timestamp=13088 ms, used_size=9338880 bytes (22.8%)
(RDMA_READ_CONSUME_CHECK_CONSUMER) timestamp=13088 ms, used_size=9336832 bytes (22.8%)
(RDMA_READ_CONSUME_CHECK_CONSUMER) timestamp=13088 ms, used_size=9334784 bytes (22.8%)
(RDMA_READ_CONSUME_CHECK_CONSUMER) timestamp=13088 ms, used_size=9332736 bytes (22.8%)
(RDMA_READ_CONSUME_CHECK_CONSUMER) timestamp=13088 ms, used_size=9330688 bytes (22.8%)
(RDMA_READ_CONSUME_CHECK_CONSUMER) timestamp=13088 ms, used_size=9328640 bytes (22.8%)
(RDMA_READ_CONSUME_CHECK_CONSUMER) timestamp=13088 ms, used_size=9326592 bytes (22.8%)
(RDMA_READ_CONSUME_CHECK_CONSUMER) timestamp=13088 ms, used_size=9324544 bytes (22.8%)
(RDMA_READ_CONSUME_CHECK_CONSUMER) timestamp=13088 ms, used_size=9322496 bytes (22.8%)
(RDMA_READ_CONSUME_CHECK_CONSUMER) timestamp=13088 ms, used_size=9320448 bytes (22.8%)
(RDMA_READ_CONSUME_CHECK_CONSUMER) timestamp=13088 ms, used_size=9318400 bytes (22.8%)
(RDMA_READ_CONSUME_CHECK_CONSUMER) timestamp=13088 ms, used_size=9316352 bytes (22.7%)
(RDMA_READ_CONSUME_CHECK_CONSUMER) timestamp=13088 ms, used_size=9314304 bytes (22.7%)
(RDMA_READ_CONSUME_CHECK_CONSUMER) timestamp=13088 ms, used_size=9312256 bytes (22.7%)
(RDMA_READ_CONSUME_CHECK_CONSUMER) timestamp=13088 ms, used_size=9310208 bytes (22.7%)
(RDMA_READ_CONSUME_CHECK_CONSUMER) timestamp=13088 ms, used_size=9308160 bytes (22.7%)
(RDMA_READ_CONSUME_CHECK_CONSUMER) timestamp=13088 ms, used_size=9306112 bytes (22.7%)
(RDMA_READ_CONSUME_CHECK_CONSUMER) timestamp=13088 ms, used_size=9304064 bytes (22.7%)
(RDMA_READ_CONSUME_CHECK_CONSUMER) timestamp=13088 ms, used_size=9302016 bytes (22.7%)
(RDMA_READ_CONSUME_CHECK_CONSUMER) timestamp=13088 ms, used_size=9299968 bytes (22.7%)
(RDMA_READ_CONSUME_CHECK_CONSUMER) timestamp=13088 ms, used_size=9297920 bytes (22.7%)
(RDMA_READ_CONSUME_CHECK_CONSUMER) timestamp=13088 ms, used_size=9295872 bytes (22.7%)
(RDMA_READ_CONSUME_CHECK_CONSUMER) timestamp=13088 ms, used_size=9293824 bytes (22.7%)
(RDMA_READ_CONSUME_CHECK_CONSUMER) timestamp=13088 ms, used_size=9291776 bytes (22.7%)
(RDMA_READ_CONSUME_CHECK_CONSUMER) timestamp=13088 ms, used_size=9289728 bytes (22.7%)
(RDMA_READ_CONSUME_CHECK_CONSUMER) timestamp=13088 ms, used_size=9287680 bytes (22.7%)
(RDMA_READ_CONSUME_CHECK_CONSUMER) timestamp=13088 ms, used_size=9285632 bytes (22.7%)
(RDMA_READ_CONSUME_CHECK_CONSUMER) timestamp=13088 ms, used_size=9283584 bytes (22.7%)
(RDMA_READ_CONSUME_CHECK_CONSUMER) timestamp=13088 ms, used_size=9281536 bytes (22.7%)
(RDMA_READ_CONSUME_CHECK_CONSUMER) timestamp=13088 ms, used_size=9279488 bytes (22.7%)
(RDMA_READ_CONSUME_CHECK_CONSUMER) timestamp=13088 ms, used_size=9277440 bytes (22.6%)
(RDMA_READ_CONSUME_CHECK_CONSUMER) timestamp=13088 ms, used_size=9275392 bytes (22.6%)
(RDMA_READ_CONSUME_CHECK_CONSUMER) timestamp=13088 ms, used_size=9273344 bytes (22.6%)
(RDMA_READ_CONSUME_CHECK_CONSUMER) timestamp=13088 ms, used_size=9271296 bytes (22.6%)
(RDMA_READ_CONSUME_CHECK_CONSUMER) timestamp=13088 ms, used_size=9269248 bytes (22.6%)
(RDMA_READ_CONSUME_CHECK_CONSUMER) timestamp=13088 ms, used_size=9267200 bytes (22.6%)
(RDMA_READ_CONSUME_CHECK_CONSUMER) timestamp=13088 ms, used_size=9265152 bytes (22.6%)
(RDMA_READ_CONSUME_CHECK_CONSUMER) timestamp=13088 ms, used_size=9263104 bytes (22.6%)
(RDMA_READ_CONSUME_CHECK_CONSUMER) timestamp=13088 ms, used_size=9261056 bytes (22.6%)
(RDMA_READ_CONSUME_CHECK_CONSUMER) timestamp=13088 ms, used_size=9259008 bytes (22.6%)
(RDMA_READ_CONSUME_CHECK_CONSUMER) timestamp=13088 ms, used_size=9256960 bytes (22.6%)
(RDMA_READ_CONSUME_CHECK_CONSUMER) timestamp=13088 ms, used_size=9254912 bytes (22.6%)
(RDMA_READ_CONSUME_CHECK_CONSUMER) timestamp=13088 ms, used_size=9252864 bytes (22.6%)
(RDMA_READ_CONSUME_CHECK_CONSUMER) timestamp=13088 ms, used_size=9250816 bytes (22.6%)
(RDMA_READ_CONSUME_CHECK_CONSUMER) timestamp=13089 ms, used_size=9248768 bytes (22.6%)
(RDMA_READ_CONSUME_CHECK_CONSUMER) timestamp=13089 ms, used_size=9246720 bytes (22.6%)
(RDMA_READ_CONSUME_CHECK_CONSUMER) timestamp=13089 ms, used_size=9244672 bytes (22.6%)
(RDMA_READ_CONSUME_CHECK_CONSUMER) timestamp=13089 ms, used_size=9242624 bytes (22.6%)
(RDMA_READ_CONSUME_CHECK_CONSUMER) timestamp=13089 ms, used_size=9240576 bytes (22.6%)
(RDMA_READ_CONSUME_CHECK_CONSUMER) timestamp=13089 ms, used_size=9238528 bytes (22.6%)
(RDMA_READ_CONSUME_CHECK_CONSUMER) timestamp=13089 ms, used_size=9236480 bytes (22.6%)
(RDMA_READ_CONSUME_CHECK_CONSUMER) timestamp=13089 ms, used_size=9234432 bytes (22.5%)
(RDMA_READ_CONSUME_CHECK_CONSUMER) timestamp=13089 ms, used_size=9232384 bytes (22.5%)
(RDMA_READ_CONSUME_CHECK_CONSUMER) timestamp=13089 ms, used_size=9230336 bytes (22.5%)
(RDMA_READ_CONSUME_CHECK_CONSUMER) timestamp=13089 ms, used_size=9228288 bytes (22.5%)
(RDMA_READ_CONSUME_CHECK_CONSUMER) timestamp=13089 ms, used_size=9226240 bytes (22.5%)
(RDMA_READ_CONSUME_CHECK_CONSUMER) timestamp=13089 ms, used_size=9224192 bytes (22.5%)
(RDMA_READ_CONSUME_CHECK_CONSUMER) timestamp=13089 ms, used_size=9222144 bytes (22.5%)
(RDMA_READ_CONSUME_CHECK_CONSUMER) timestamp=13089 ms, used_size=9220096 bytes (22.5%)
(RDMA_READ_CONSUME_CHECK_CONSUMER) timestamp=13089 ms, used_size=9218048 bytes (22.5%)
(RDMA_READ_CONSUME_CHECK_CONSUMER) timestamp=13089 ms, used_size=9216000 bytes (22.5%)
(RDMA_READ_CONSUME_CHECK_CONSUMER) timestamp=13089 ms, used_size=9213952 bytes (22.5%)
(RDMA_READ_CONSUME_CHECK_CONSUMER) timestamp=13089 ms, used_size=9211904 bytes (22.5%)
(RDMA_READ_CONSUME_CHECK_CONSUMER) timestamp=13089 ms, used_size=9209856 bytes (22.5%)
(RDMA_READ_CONSUME_CHECK_CONSUMER) timestamp=13089 ms, used_size=9207808 bytes (22.5%)
(RDMA_READ_CONSUME_CHECK_CONSUMER) timestamp=13089 ms, used_size=9205760 bytes (22.5%)
(RDMA_READ_CONSUME_CHECK_CONSUMER) timestamp=13089 ms, used_size=9203712 bytes (22.5%)
(RDMA_READ_CONSUME_CHECK_CONSUMER) timestamp=13089 ms, used_size=9201664 bytes (22.5%)
(RDMA_READ_CONSUME_CHECK_CONSUMER) timestamp=13089 ms, used_size=9199616 bytes (22.5%)
(RDMA_READ_CONSUME_CHECK_CONSUMER) timestamp=13089 ms, used_size=9197568 bytes (22.5%)
(RDMA_READ_CONSUME_CHECK_CONSUMER) timestamp=13089 ms, used_size=9195520 bytes (22.4%)
(RDMA_READ_CONSUME_CHECK_CONSUMER) timestamp=13089 ms, used_size=9193472 bytes (22.4%)
(RDMA_READ_CONSUME_CHECK_CONSUMER) timestamp=13089 ms, used_size=9191424 bytes (22.4%)
(RDMA_READ_CONSUME_CHECK_CONSUMER) timestamp=13089 ms, used_size=9189376 bytes (22.4%)
(RDMA_READ_CONSUME_CHECK_CONSUMER) timestamp=13089 ms, used_size=9187328 bytes (22.4%)
(RDMA_READ_CONSUME_CHECK_CONSUMER) timestamp=13089 ms, used_size=9185280 bytes (22.4%)
(RDMA_READ_CONSUME_CHECK_CONSUMER) timestamp=13089 ms, used_size=9183232 bytes (22.4%)
(RDMA_READ_CONSUME_CHECK_CONSUMER) timestamp=13089 ms, used_size=9181184 bytes (22.4%)
(RDMA_READ_CONSUME_CHECK_CONSUMER) timestamp=13089 ms, used_size=9179136 bytes (22.4%)
(RDMA_READ_CONSUME_CHECK_CONSUMER) timestamp=13089 ms, used_size=9177088 bytes (22.4%)
(RDMA_READ_CONSUME_CHECK_CONSUMER) timestamp=13089 ms, used_size=9175040 bytes (22.4%)
(RDMA_READ_CONSUME_CHECK_CONSUMER) timestamp=13089 ms, used_size=9172992 bytes (22.4%)
(RDMA_READ_CONSUME_CHECK_CONSUMER) timestamp=13089 ms, used_size=9170944 bytes (22.4%)
(RDMA_READ_CONSUME_CHECK_CONSUMER) timestamp=13089 ms, used_size=9168896 bytes (22.4%)
(RDMA_READ_CONSUME_CHECK_CONSUMER) timestamp=13089 ms, used_size=9166848 bytes (22.4%)
(RDMA_READ_CONSUME_CHECK_CONSUMER) timestamp=13089 ms, used_size=9164800 bytes (22.4%)
(RDMA_READ_CONSUME_CHECK_CONSUMER) timestamp=13089 ms, used_size=9162752 bytes (22.4%)
(RDMA_READ_CONSUME_CHECK_CONSUMER) timestamp=13089 ms, used_size=9160704 bytes (22.4%)
(RDMA_READ_CONSUME_CHECK_CONSUMER) timestamp=13089 ms, used_size=9158656 bytes (22.4%)
(RDMA_READ_CONSUME_CHECK_CONSUMER) timestamp=13089 ms, used_size=9156608 bytes (22.4%)
(RDMA_READ_CONSUME_CHECK_CONSUMER) timestamp=13089 ms, used_size=9154560 bytes (22.4%)
(RDMA_READ_CONSUME_CHECK_CONSUMER) timestamp=13089 ms, used_size=9152512 bytes (22.3%)
(RDMA_READ_CONSUME_CHECK_CONSUMER) timestamp=13089 ms, used_size=9150464 bytes (22.3%)
(RDMA_READ_CONSUME_CHECK_CONSUMER) timestamp=13089 ms, used_size=9148416 bytes (22.3%)
(RDMA_READ_CONSUME_CHECK_CONSUMER) timestamp=13089 ms, used_size=9146368 bytes (22.3%)
(RDMA_READ_CONSUME_CHECK_CONSUMER) timestamp=13089 ms, used_size=9144320 bytes (22.3%)
(RDMA_READ_CONSUME_CHECK_CONSUMER) timestamp=13089 ms, used_size=9142272 bytes (22.3%)
(RDMA_READ_CONSUME_CHECK_CONSUMER) timestamp=13089 ms, used_size=9140224 bytes (22.3%)
(RDMA_READ_CONSUME_CHECK_CONSUMER) timestamp=13089 ms, used_size=9138176 bytes (22.3%)
(RDMA_READ_CONSUME_CHECK_CONSUMER) timestamp=13089 ms, used_size=9136128 bytes (22.3%)
(RDMA_READ_CONSUME_CHECK_CONSUMER) timestamp=13089 ms, used_size=9134080 bytes (22.3%)
(RDMA_READ_CONSUME_CHECK_CONSUMER) timestamp=13089 ms, used_size=9132032 bytes (22.3%)
(RDMA_READ_CONSUME_CHECK_CONSUMER) timestamp=13089 ms, used_size=9129984 bytes (22.3%)
(RDMA_READ_CONSUME_CHECK_CONSUMER) timestamp=13089 ms, used_size=9127936 bytes (22.3%)
(RDMA_READ_CONSUME_CHECK_CONSUMER) timestamp=13089 ms, used_size=9125888 bytes (22.3%)
(RDMA_READ_CONSUME_CHECK_CONSUMER) timestamp=13089 ms, used_size=9123840 bytes (22.3%)
(RDMA_READ_CONSUME_CHECK_CONSUMER) timestamp=13089 ms, used_size=9121792 bytes (22.3%)
(RDMA_READ_CONSUME_CHECK_CONSUMER) timestamp=13089 ms, used_size=9119744 bytes (22.3%)
(RDMA_READ_CONSUME_CHECK_CONSUMER) timestamp=13089 ms, used_size=9117696 bytes (22.3%)
(RDMA_READ_CONSUME_CHECK_CONSUMER) timestamp=13089 ms, used_size=9115648 bytes (22.3%)
(RDMA_READ_CONSUME_CHECK_CONSUMER) timestamp=13089 ms, used_size=9113600 bytes (22.2%)
(RDMA_READ_CONSUME_CHECK_CONSUMER) timestamp=13089 ms, used_size=9111552 bytes (22.2%)
(RDMA_READ_CONSUME_CHECK_CONSUMER) timestamp=13089 ms, used_size=9109504 bytes (22.2%)
(RDMA_READ_CONSUME_CHECK_CONSUMER) timestamp=13089 ms, used_size=9107456 bytes (22.2%)
(RDMA_READ_CONSUME_CHECK_CONSUMER) timestamp=13089 ms, used_size=9105408 bytes (22.2%)
(RDMA_READ_CONSUME_CHECK_CONSUMER) timestamp=13089 ms, used_size=9103360 bytes (22.2%)
(RDMA_READ_CONSUME_CHECK_CONSUMER) timestamp=13089 ms, used_size=9101312 bytes (22.2%)
(RDMA_READ_CONSUME_CHECK_CONSUMER) timestamp=13089 ms, used_size=9099264 bytes (22.2%)
(RDMA_READ_CONSUME_CHECK_CONSUMER) timestamp=13089 ms, used_size=9097216 bytes (22.2%)
(RDMA_READ_CONSUME_CHECK_CONSUMER) timestamp=13089 ms, used_size=9095168 bytes (22.2%)
(RDMA_READ_CONSUME_CHECK_CONSUMER) timestamp=13089 ms, used_size=9093120 bytes (22.2%)
(RDMA_READ_CONSUME_CHECK_CONSUMER) timestamp=13089 ms, used_size=9091072 bytes (22.2%)
(RDMA_READ_CONSUME_CHECK_CONSUMER) timestamp=13089 ms, used_size=9089024 bytes (22.2%)
(RDMA_READ_CONSUME_CHECK_CONSUMER) timestamp=13089 ms, used_size=9086976 bytes (22.2%)
(RDMA_READ_CONSUME_CHECK_CONSUMER) timestamp=13089 ms, used_size=9084928 bytes (22.2%)
(RDMA_READ_CONSUME_CHECK_CONSUMER) timestamp=13089 ms, used_size=9082880 bytes (22.2%)
(RDMA_READ_CONSUME_CHECK_CONSUMER) timestamp=13089 ms, used_size=9080832 bytes (22.2%)
(RDMA_READ_CONSUME_CHECK_CONSUMER) timestamp=13089 ms, used_size=9078784 bytes (22.2%)
(RDMA_READ_CONSUME_CHECK_CONSUMER) timestamp=13089 ms, used_size=9076736 bytes (22.2%)
(RDMA_READ_CONSUME_CHECK_CONSUMER) timestamp=13089 ms, used_size=9074688 bytes (22.2%)
(RDMA_READ_CONSUME_CHECK_CONSUMER) timestamp=13089 ms, used_size=9072640 bytes (22.1%)
(RDMA_READ_CONSUME_CHECK_CONSUMER) timestamp=13089 ms, used_size=9070592 bytes (22.1%)
(RDMA_READ_CONSUME_CHECK_CONSUMER) timestamp=13089 ms, used_size=9068544 bytes (22.1%)
(RDMA_READ_CONSUME_CHECK_CONSUMER) timestamp=13089 ms, used_size=9066496 bytes (22.1%)
(RDMA_READ_CONSUME_CHECK_CONSUMER) timestamp=13089 ms, used_size=9064448 bytes (22.1%)
(RDMA_READ_CONSUME_CHECK_CONSUMER) timestamp=13089 ms, used_size=9062400 bytes (22.1%)
(RDMA_READ_CONSUME_CHECK_CONSUMER) timestamp=13089 ms, used_size=9060352 bytes (22.1%)
(RDMA_READ_CONSUME_CHECK_CONSUMER) timestamp=13089 ms, used_size=9058304 bytes (22.1%)
(RDMA_READ_CONSUME_CHECK_CONSUMER) timestamp=13089 ms, used_size=9056256 bytes (22.1%)
(RDMA_READ_CONSUME_CHECK_CONSUMER) timestamp=13089 ms, used_size=9054208 bytes (22.1%)
(RDMA_READ_CONSUME_CHECK_CONSUMER) timestamp=13089 ms, used_size=9052160 bytes (22.1%)
(RDMA_READ_CONSUME_CHECK_CONSUMER) timestamp=13089 ms, used_size=9050112 bytes (22.1%)
(RDMA_READ_CONSUME_CHECK_CONSUMER) timestamp=13089 ms, used_size=9048064 bytes (22.1%)
(RDMA_READ_CONSUME_CHECK_CONSUMER) timestamp=13089 ms, used_size=9046016 bytes (22.1%)
(RDMA_READ_CONSUME_CHECK_CONSUMER) timestamp=13089 ms, used_size=9043968 bytes (22.1%)
(RDMA_READ_CONSUME_CHECK_CONSUMER) timestamp=13089 ms, used_size=9041920 bytes (22.1%)
(RDMA_READ_CONSUME_CHECK_CONSUMER) timestamp=13089 ms, used_size=9039872 bytes (22.1%)
(RDMA_READ_CONSUME_CHECK_CONSUMER) timestamp=13089 ms, used_size=9037824 bytes (22.1%)
(RDMA_READ_CONSUME_CHECK_CONSUMER) timestamp=13089 ms, used_size=9035776 bytes (22.1%)
(RDMA_READ_CONSUME_CHECK_CONSUMER) timestamp=13089 ms, used_size=9033728 bytes (22.1%)
(RDMA_READ_CONSUME_CHECK_CONSUMER) timestamp=13089 ms, used_size=9031680 bytes (22.1%)
(RDMA_READ_CONSUME_CHECK_CONSUMER) timestamp=13089 ms, used_size=9029632 bytes (22.0%)
(RDMA_READ_CONSUME_CHECK_CONSUMER) timestamp=13089 ms, used_size=9027584 bytes (22.0%)
(RDMA_READ_CONSUME_CHECK_CONSUMER) timestamp=13089 ms, used_size=9025536 bytes (22.0%)
(RDMA_READ_CONSUME_CHECK_CONSUMER) timestamp=13089 ms, used_size=9023488 bytes (22.0%)
(RDMA_READ_CONSUME_CHECK_CONSUMER) timestamp=13089 ms, used_size=9021440 bytes (22.0%)
(RDMA_READ_CONSUME_CHECK_CONSUMER) timestamp=13089 ms, used_size=9019392 bytes (22.0%)
(RDMA_READ_CONSUME_CHECK_CONSUMER) timestamp=13089 ms, used_size=9017344 bytes (22.0%)
(RDMA_READ_CONSUME_CHECK_CONSUMER) timestamp=13089 ms, used_size=9015296 bytes (22.0%)
(RDMA_READ_CONSUME_CHECK_CONSUMER) timestamp=13089 ms, used_size=9013248 bytes (22.0%)
(RDMA_READ_CONSUME_CHECK_CONSUMER) timestamp=13089 ms, used_size=9011200 bytes (22.0%)
(RDMA_READ_CONSUME_CHECK_CONSUMER) timestamp=13089 ms, used_size=9009152 bytes (22.0%)
(RDMA_READ_CONSUME_CHECK_CONSUMER) timestamp=13089 ms, used_size=9007104 bytes (22.0%)
(RDMA_READ_CONSUME_CHECK_CONSUMER) timestamp=13089 ms, used_size=9005056 bytes (22.0%)
(RDMA_READ_CONSUME_CHECK_CONSUMER) timestamp=13089 ms, used_size=9003008 bytes (22.0%)
(RDMA_READ_CONSUME_CHECK_CONSUMER) timestamp=13089 ms, used_size=9000960 bytes (22.0%)
(RDMA_READ_CONSUME_CHECK_CONSUMER) timestamp=13089 ms, used_size=8998912 bytes (22.0%)
(RDMA_READ_CONSUME_CHECK_CONSUMER) timestamp=13089 ms, used_size=8996864 bytes (22.0%)
(RDMA_READ_CONSUME_CHECK_CONSUMER) timestamp=13089 ms, used_size=8994816 bytes (22.0%)
(RDMA_READ_CONSUME_CHECK_CONSUMER) timestamp=13089 ms, used_size=8992768 bytes (22.0%)
(RDMA_READ_CONSUME_CHECK_CONSUMER) timestamp=13089 ms, used_size=8990720 bytes (21.9%)
(RDMA_READ_CONSUME_CHECK_CONSUMER) timestamp=13089 ms, used_size=8988672 bytes (21.9%)
(RDMA_READ_CONSUME_CHECK_CONSUMER) timestamp=13089 ms, used_size=8986624 bytes (21.9%)
(RDMA_READ_CONSUME_CHECK_CONSUMER) timestamp=13089 ms, used_size=8984576 bytes (21.9%)
(RDMA_READ_CONSUME_CHECK_CONSUMER) timestamp=13089 ms, used_size=8982528 bytes (21.9%)
(RDMA_READ_CONSUME_CHECK_CONSUMER) timestamp=13089 ms, used_size=8980480 bytes (21.9%)
(RDMA_READ_CONSUME_CHECK_CONSUMER) timestamp=13089 ms, used_size=8978432 bytes (21.9%)
(RDMA_READ_CONSUME_CHECK_CONSUMER) timestamp=13089 ms, used_size=8976384 bytes (21.9%)
(RDMA_READ_CONSUME_CHECK_CONSUMER) timestamp=13089 ms, used_size=8974336 bytes (21.9%)
(RDMA_READ_CONSUME_CHECK_CONSUMER) timestamp=13089 ms, used_size=8972288 bytes (21.9%)
(RDMA_READ_CONSUME_CHECK_CONSUMER) timestamp=13089 ms, used_size=8970240 bytes (21.9%)
(RDMA_READ_CONSUME_CHECK_CONSUMER) timestamp=13089 ms, used_size=8968192 bytes (21.9%)
(RDMA_READ_CONSUME_CHECK_CONSUMER) timestamp=13089 ms, used_size=8966144 bytes (21.9%)
(RDMA_READ_CONSUME_CHECK_CONSUMER) timestamp=13089 ms, used_size=8964096 bytes (21.9%)
(RDMA_READ_CONSUME_CHECK_CONSUMER) timestamp=13089 ms, used_size=8962048 bytes (21.9%)
(RDMA_READ_CONSUME_CHECK_CONSUMER) timestamp=13089 ms, used_size=8960000 bytes (21.9%)
(RDMA_READ_CONSUME_CHECK_CONSUMER) timestamp=13089 ms, used_size=8957952 bytes (21.9%)
(RDMA_READ_CONSUME_CHECK_CONSUMER) timestamp=13089 ms, used_size=8955904 bytes (21.9%)
(RDMA_READ_CONSUME_CHECK_CONSUMER) timestamp=13089 ms, used_size=8953856 bytes (21.9%)
(RDMA_READ_CONSUME_CHECK_CONSUMER) timestamp=13089 ms, used_size=8951808 bytes (21.9%)
(RDMA_READ_CONSUME_CHECK_CONSUMER) timestamp=13089 ms, used_size=8949760 bytes (21.9%)
(RDMA_READ_CONSUME_CHECK_CONSUMER) timestamp=13089 ms, used_size=8947712 bytes (21.8%)
(RDMA_READ_CONSUME_CHECK_CONSUMER) timestamp=13089 ms, used_size=8945664 bytes (21.8%)
(RDMA_READ_CONSUME_CHECK_CONSUMER) timestamp=13089 ms, used_size=8943616 bytes (21.8%)
(RDMA_READ_CONSUME_CHECK_CONSUMER) timestamp=13089 ms, used_size=8941568 bytes (21.8%)
(RDMA_READ_CONSUME_CHECK_CONSUMER) timestamp=13089 ms, used_size=8939520 bytes (21.8%)
(RDMA_READ_CONSUME_CHECK_CONSUMER) timestamp=13089 ms, used_size=8937472 bytes (21.8%)
(RDMA_READ_CONSUME_CHECK_CONSUMER) timestamp=13089 ms, used_size=8935424 bytes (21.8%)
(RDMA_READ_CONSUME_CHECK_CONSUMER) timestamp=13089 ms, used_size=8933376 bytes (21.8%)
(RDMA_READ_CONSUME_CHECK_CONSUMER) timestamp=13089 ms, used_size=8931328 bytes (21.8%)
(RDMA_READ_CONSUME_CHECK_CONSUMER) timestamp=13089 ms, used_size=8929280 bytes (21.8%)
(RDMA_READ_CONSUME_CHECK_CONSUMER) timestamp=13089 ms, used_size=8927232 bytes (21.8%)
(RDMA_READ_CONSUME_CHECK_CONSUMER) timestamp=13089 ms, used_size=8925184 bytes (21.8%)
(RDMA_READ_CONSUME_CHECK_CONSUMER) timestamp=13089 ms, used_size=8923136 bytes (21.8%)
(RDMA_READ_CONSUME_CHECK_CONSUMER) timestamp=13089 ms, used_size=8921088 bytes (21.8%)
(RDMA_READ_CONSUME_CHECK_CONSUMER) timestamp=13089 ms, used_size=8919040 bytes (21.8%)
(RDMA_READ_CONSUME_CHECK_CONSUMER) timestamp=13089 ms, used_size=8916992 bytes (21.8%)
(RDMA_READ_CONSUME_CHECK_CONSUMER) timestamp=13089 ms, used_size=8914944 bytes (21.8%)
(RDMA_READ_CONSUME_CHECK_CONSUMER) timestamp=13089 ms, used_size=8912896 bytes (21.8%)
(RDMA_READ_CONSUME_CHECK_CONSUMER) timestamp=13089 ms, used_size=8910848 bytes (21.8%)
(RDMA_READ_CONSUME_CHECK_CONSUMER) timestamp=13089 ms, used_size=8908800 bytes (21.8%)
(RDMA_READ_CONSUME_CHECK_CONSUMER) timestamp=13089 ms, used_size=8906752 bytes (21.7%)
(RDMA_READ_CONSUME_CHECK_CONSUMER) timestamp=13089 ms, used_size=8904704 bytes (21.7%)
(RDMA_READ_CONSUME_CHECK_CONSUMER) timestamp=13089 ms, used_size=8902656 bytes (21.7%)
(RDMA_READ_CONSUME_CHECK_CONSUMER) timestamp=13089 ms, used_size=8900608 bytes (21.7%)
(RDMA_READ_CONSUME_CHECK_CONSUMER) timestamp=13089 ms, used_size=8898560 bytes (21.7%)
(RDMA_READ_CONSUME_CHECK_CONSUMER) timestamp=13090 ms, used_size=8896512 bytes (21.7%)
(RDMA_READ_CONSUME_CHECK_CONSUMER) timestamp=13090 ms, used_size=8894464 bytes (21.7%)
(RDMA_READ_CONSUME_CHECK_CONSUMER) timestamp=13090 ms, used_size=8892416 bytes (21.7%)
(RDMA_READ_CONSUME_CHECK_CONSUMER) timestamp=13090 ms, used_size=8890368 bytes (21.7%)
(RDMA_READ_CONSUME_CHECK_CONSUMER) timestamp=13090 ms, used_size=8888320 bytes (21.7%)
(RDMA_READ_CONSUME_CHECK_CONSUMER) timestamp=13090 ms, used_size=8886272 bytes (21.7%)
(RDMA_READ_CONSUME_CHECK_CONSUMER) timestamp=13090 ms, used_size=8884224 bytes (21.7%)
(RDMA_READ_CONSUME_CHECK_CONSUMER) timestamp=13090 ms, used_size=8882176 bytes (21.7%)
(RDMA_READ_CONSUME_CHECK_CONSUMER) timestamp=13090 ms, used_size=8880128 bytes (21.7%)
(RDMA_READ_CONSUME_CHECK_CONSUMER) timestamp=13090 ms, used_size=8878080 bytes (21.7%)
(RDMA_READ_CONSUME_CHECK_CONSUMER) timestamp=13090 ms, used_size=8876032 bytes (21.7%)
(RDMA_READ_CONSUME_CHECK_CONSUMER) timestamp=13090 ms, used_size=8873984 bytes (21.7%)
(RDMA_READ_CONSUME_CHECK_CONSUMER) timestamp=13090 ms, used_size=8871936 bytes (21.7%)
(RDMA_READ_CONSUME_CHECK_CONSUMER) timestamp=13090 ms, used_size=8869888 bytes (21.7%)
(RDMA_READ_CONSUME_CHECK_CONSUMER) timestamp=13090 ms, used_size=8867840 bytes (21.6%)
(RDMA_READ_CONSUME_CHECK_CONSUMER) timestamp=13090 ms, used_size=8865792 bytes (21.6%)
(RDMA_READ_CONSUME_CHECK_CONSUMER) timestamp=13090 ms, used_size=8863744 bytes (21.6%)
(RDMA_READ_CONSUME_CHECK_CONSUMER) timestamp=13090 ms, used_size=8861696 bytes (21.6%)
(RDMA_READ_CONSUME_CHECK_CONSUMER) timestamp=13090 ms, used_size=8859648 bytes (21.6%)
(RDMA_READ_CONSUME_CHECK_CONSUMER) timestamp=13090 ms, used_size=8857600 bytes (21.6%)
(RDMA_READ_CONSUME_CHECK_CONSUMER) timestamp=13090 ms, used_size=8855552 bytes (21.6%)
(RDMA_READ_CONSUME_CHECK_CONSUMER) timestamp=13090 ms, used_size=8853504 bytes (21.6%)
(RDMA_READ_CONSUME_CHECK_CONSUMER) timestamp=13090 ms, used_size=8851456 bytes (21.6%)
(RDMA_READ_CONSUME_CHECK_CONSUMER) timestamp=13090 ms, used_size=8849408 bytes (21.6%)
(RDMA_READ_CONSUME_CHECK_CONSUMER) timestamp=13090 ms, used_size=8847360 bytes (21.6%)
(RDMA_READ_CONSUME_CHECK_CONSUMER) timestamp=13090 ms, used_size=8845312 bytes (21.6%)
(RDMA_READ_CONSUME_CHECK_CONSUMER) timestamp=13090 ms, used_size=8843264 bytes (21.6%)
(RDMA_READ_CONSUME_CHECK_CONSUMER) timestamp=13090 ms, used_size=8841216 bytes (21.6%)
(RDMA_READ_CONSUME_CHECK_CONSUMER) timestamp=13090 ms, used_size=8839168 bytes (21.6%)
(RDMA_READ_CONSUME_CHECK_CONSUMER) timestamp=13090 ms, used_size=8837120 bytes (21.6%)
(RDMA_READ_CONSUME_CHECK_CONSUMER) timestamp=13090 ms, used_size=8835072 bytes (21.6%)
(RDMA_READ_CONSUME_CHECK_CONSUMER) timestamp=13090 ms, used_size=8833024 bytes (21.6%)
(RDMA_READ_CONSUME_CHECK_CONSUMER) timestamp=13090 ms, used_size=8830976 bytes (21.6%)
(RDMA_READ_CONSUME_CHECK_CONSUMER) timestamp=13090 ms, used_size=8828928 bytes (21.6%)
(RDMA_READ_CONSUME_CHECK_CONSUMER) timestamp=13090 ms, used_size=8826880 bytes (21.6%)
(RDMA_READ_CONSUME_CHECK_CONSUMER) timestamp=13090 ms, used_size=8824832 bytes (21.5%)
(RDMA_READ_CONSUME_CHECK_CONSUMER) timestamp=13090 ms, used_size=8822784 bytes (21.5%)
(RDMA_READ_CONSUME_CHECK_CONSUMER) timestamp=13090 ms, used_size=8820736 bytes (21.5%)
(RDMA_READ_CONSUME_CHECK_CONSUMER) timestamp=13090 ms, used_size=8818688 bytes (21.5%)
(RDMA_READ_CONSUME_CHECK_CONSUMER) timestamp=13090 ms, used_size=8816640 bytes (21.5%)
(RDMA_READ_CONSUME_CHECK_CONSUMER) timestamp=13090 ms, used_size=8814592 bytes (21.5%)
(RDMA_READ_CONSUME_CHECK_CONSUMER) timestamp=13090 ms, used_size=8812544 bytes (21.5%)
(RDMA_READ_CONSUME_CHECK_CONSUMER) timestamp=13090 ms, used_size=8810496 bytes (21.5%)
(RDMA_READ_CONSUME_CHECK_CONSUMER) timestamp=13090 ms, used_size=8808448 bytes (21.5%)
(RDMA_READ_CONSUME_CHECK_CONSUMER) timestamp=13090 ms, used_size=8806400 bytes (21.5%)
(RDMA_READ_CONSUME_CHECK_CONSUMER) timestamp=13090 ms, used_size=8804352 bytes (21.5%)
(RDMA_READ_CONSUME_CHECK_CONSUMER) timestamp=13090 ms, used_size=8802304 bytes (21.5%)
(RDMA_READ_CONSUME_CHECK_CONSUMER) timestamp=13090 ms, used_size=8800256 bytes (21.5%)
(RDMA_READ_CONSUME_CHECK_CONSUMER) timestamp=13090 ms, used_size=8798208 bytes (21.5%)
(RDMA_READ_CONSUME_CHECK_CONSUMER) timestamp=13090 ms, used_size=8796160 bytes (21.5%)
(RDMA_READ_CONSUME_CHECK_CONSUMER) timestamp=13090 ms, used_size=8794112 bytes (21.5%)
(RDMA_READ_CONSUME_CHECK_CONSUMER) timestamp=13090 ms, used_size=8792064 bytes (21.5%)
(RDMA_READ_CONSUME_CHECK_CONSUMER) timestamp=13090 ms, used_size=8790016 bytes (21.5%)
(RDMA_READ_CONSUME_CHECK_CONSUMER) timestamp=13090 ms, used_size=8787968 bytes (21.5%)
(RDMA_READ_CONSUME_CHECK_CONSUMER) timestamp=13090 ms, used_size=8785920 bytes (21.4%)
(RDMA_READ_CONSUME_CHECK_CONSUMER) timestamp=13090 ms, used_size=8783872 bytes (21.4%)
(RDMA_READ_CONSUME_CHECK_CONSUMER) timestamp=13090 ms, used_size=8781824 bytes (21.4%)
(RDMA_READ_CONSUME_CHECK_CONSUMER) timestamp=13090 ms, used_size=8779776 bytes (21.4%)
(RDMA_READ_CONSUME_CHECK_CONSUMER) timestamp=13090 ms, used_size=8777728 bytes (21.4%)
(RDMA_READ_CONSUME_CHECK_CONSUMER) timestamp=13090 ms, used_size=8775680 bytes (21.4%)
(RDMA_READ_CONSUME_CHECK_CONSUMER) timestamp=13090 ms, used_size=8773632 bytes (21.4%)
(RDMA_READ_CONSUME_CHECK_CONSUMER) timestamp=13090 ms, used_size=8771584 bytes (21.4%)
(RDMA_READ_CONSUME_CHECK_CONSUMER) timestamp=13090 ms, used_size=8769536 bytes (21.4%)
(RDMA_READ_CONSUME_CHECK_CONSUMER) timestamp=13090 ms, used_size=8767488 bytes (21.4%)
(RDMA_READ_CONSUME_CHECK_CONSUMER) timestamp=13090 ms, used_size=8765440 bytes (21.4%)
(RDMA_READ_CONSUME_CHECK_CONSUMER) timestamp=13090 ms, used_size=8763392 bytes (21.4%)
(RDMA_READ_CONSUME_CHECK_CONSUMER) timestamp=13090 ms, used_size=8761344 bytes (21.4%)
(RDMA_READ_CONSUME_CHECK_CONSUMER) timestamp=13090 ms, used_size=8759296 bytes (21.4%)
(RDMA_READ_CONSUME_CHECK_CONSUMER) timestamp=13090 ms, used_size=8757248 bytes (21.4%)
(RDMA_READ_CONSUME_CHECK_CONSUMER) timestamp=13090 ms, used_size=8755200 bytes (21.4%)
(RDMA_READ_CONSUME_CHECK_CONSUMER) timestamp=13090 ms, used_size=8753152 bytes (21.4%)
(RDMA_READ_CONSUME_CHECK_CONSUMER) timestamp=13090 ms, used_size=8751104 bytes (21.4%)
(RDMA_READ_CONSUME_CHECK_CONSUMER) timestamp=13090 ms, used_size=8749056 bytes (21.4%)
(RDMA_READ_CONSUME_CHECK_CONSUMER) timestamp=13090 ms, used_size=8747008 bytes (21.4%)
(RDMA_READ_CONSUME_CHECK_CONSUMER) timestamp=13090 ms, used_size=8744960 bytes (21.4%)
(RDMA_READ_CONSUME_CHECK_CONSUMER) timestamp=13090 ms, used_size=8742912 bytes (21.3%)
(RDMA_READ_CONSUME_CHECK_CONSUMER) timestamp=13090 ms, used_size=8740864 bytes (21.3%)
(RDMA_READ_CONSUME_CHECK_CONSUMER) timestamp=13090 ms, used_size=8738816 bytes (21.3%)
(RDMA_READ_CONSUME_CHECK_CONSUMER) timestamp=13090 ms, used_size=8736768 bytes (21.3%)
(RDMA_READ_CONSUME_CHECK_CONSUMER) timestamp=13090 ms, used_size=8734720 bytes (21.3%)
(RDMA_READ_CONSUME_CHECK_CONSUMER) timestamp=13090 ms, used_size=8732672 bytes (21.3%)
(RDMA_READ_CONSUME_CHECK_CONSUMER) timestamp=13090 ms, used_size=8730624 bytes (21.3%)
(RDMA_READ_CONSUME_CHECK_CONSUMER) timestamp=13090 ms, used_size=8728576 bytes (21.3%)
(RDMA_READ_CONSUME_CHECK_CONSUMER) timestamp=13090 ms, used_size=8726528 bytes (21.3%)
(RDMA_READ_CONSUME_CHECK_CONSUMER) timestamp=13090 ms, used_size=8724480 bytes (21.3%)
(RDMA_READ_CONSUME_CHECK_CONSUMER) timestamp=13090 ms, used_size=8722432 bytes (21.3%)
(RDMA_READ_CONSUME_CHECK_CONSUMER) timestamp=13090 ms, used_size=8720384 bytes (21.3%)
(RDMA_READ_CONSUME_CHECK_CONSUMER) timestamp=13090 ms, used_size=8718336 bytes (21.3%)
(RDMA_READ_CONSUME_CHECK_CONSUMER) timestamp=13090 ms, used_size=8716288 bytes (21.3%)
(RDMA_READ_CONSUME_CHECK_CONSUMER) timestamp=13090 ms, used_size=8714240 bytes (21.3%)
(RDMA_READ_CONSUME_CHECK_CONSUMER) timestamp=13090 ms, used_size=8712192 bytes (21.3%)
(RDMA_READ_CONSUME_CHECK_CONSUMER) timestamp=13090 ms, used_size=8710144 bytes (21.3%)
(RDMA_READ_CONSUME_CHECK_CONSUMER) timestamp=13090 ms, used_size=8708096 bytes (21.3%)
(RDMA_READ_CONSUME_CHECK_CONSUMER) timestamp=13090 ms, used_size=8706048 bytes (21.3%)
(RDMA_READ_CONSUME_CHECK_CONSUMER) timestamp=13090 ms, used_size=8704000 bytes (21.2%)
(RDMA_READ_CONSUME_CHECK_CONSUMER) timestamp=13090 ms, used_size=8701952 bytes (21.2%)
(RDMA_READ_CONSUME_CHECK_CONSUMER) timestamp=13090 ms, used_size=8699904 bytes (21.2%)
(RDMA_READ_CONSUME_CHECK_CONSUMER) timestamp=13090 ms, used_size=8697856 bytes (21.2%)
(RDMA_READ_CONSUME_CHECK_CONSUMER) timestamp=13090 ms, used_size=8695808 bytes (21.2%)
(RDMA_READ_CONSUME_CHECK_CONSUMER) timestamp=13090 ms, used_size=8693760 bytes (21.2%)
(RDMA_READ_CONSUME_CHECK_CONSUMER) timestamp=13090 ms, used_size=8691712 bytes (21.2%)
(RDMA_READ_CONSUME_CHECK_CONSUMER) timestamp=13090 ms, used_size=8689664 bytes (21.2%)
(RDMA_READ_CONSUME_CHECK_CONSUMER) timestamp=13090 ms, used_size=8687616 bytes (21.2%)
(RDMA_READ_CONSUME_CHECK_CONSUMER) timestamp=13090 ms, used_size=8685568 bytes (21.2%)
(RDMA_READ_CONSUME_CHECK_CONSUMER) timestamp=13090 ms, used_size=8683520 bytes (21.2%)
(RDMA_READ_CONSUME_CHECK_CONSUMER) timestamp=13090 ms, used_size=8681472 bytes (21.2%)
(RDMA_READ_CONSUME_CHECK_CONSUMER) timestamp=13090 ms, used_size=8679424 bytes (21.2%)
(RDMA_READ_CONSUME_CHECK_CONSUMER) timestamp=13090 ms, used_size=8677376 bytes (21.2%)
(RDMA_READ_CONSUME_CHECK_CONSUMER) timestamp=13090 ms, used_size=8675328 bytes (21.2%)
(RDMA_READ_CONSUME_CHECK_CONSUMER) timestamp=13090 ms, used_size=8673280 bytes (21.2%)
(RDMA_READ_CONSUME_CHECK_CONSUMER) timestamp=13090 ms, used_size=8671232 bytes (21.2%)
(RDMA_READ_CONSUME_CHECK_CONSUMER) timestamp=13090 ms, used_size=8669184 bytes (21.2%)
(RDMA_READ_CONSUME_CHECK_CONSUMER) timestamp=13090 ms, used_size=8667136 bytes (21.2%)
(RDMA_READ_CONSUME_CHECK_CONSUMER) timestamp=13090 ms, used_size=8665088 bytes (21.2%)
(RDMA_READ_CONSUME_CHECK_CONSUMER) timestamp=13090 ms, used_size=8663040 bytes (21.1%)
(RDMA_READ_CONSUME_CHECK_CONSUMER) timestamp=13090 ms, used_size=8660992 bytes (21.1%)
(RDMA_READ_CONSUME_CHECK_CONSUMER) timestamp=13090 ms, used_size=8658944 bytes (21.1%)
(RDMA_READ_CONSUME_CHECK_CONSUMER) timestamp=13090 ms, used_size=8656896 bytes (21.1%)
(RDMA_READ_CONSUME_CHECK_CONSUMER) timestamp=13090 ms, used_size=8654848 bytes (21.1%)
(RDMA_READ_CONSUME_CHECK_CONSUMER) timestamp=13090 ms, used_size=8652800 bytes (21.1%)
(RDMA_READ_CONSUME_CHECK_CONSUMER) timestamp=13090 ms, used_size=8650752 bytes (21.1%)
(RDMA_READ_CONSUME_CHECK_CONSUMER) timestamp=13090 ms, used_size=8648704 bytes (21.1%)
(RDMA_READ_CONSUME_CHECK_CONSUMER) timestamp=13090 ms, used_size=8646656 bytes (21.1%)
(RDMA_READ_CONSUME_CHECK_CONSUMER) timestamp=13090 ms, used_size=8644608 bytes (21.1%)
(RDMA_READ_CONSUME_CHECK_CONSUMER) timestamp=13090 ms, used_size=8642560 bytes (21.1%)
(RDMA_READ_CONSUME_CHECK_CONSUMER) timestamp=13090 ms, used_size=8640512 bytes (21.1%)
(RDMA_READ_CONSUME_CHECK_CONSUMER) timestamp=13090 ms, used_size=8638464 bytes (21.1%)
(RDMA_READ_CONSUME_CHECK_CONSUMER) timestamp=13090 ms, used_size=8636416 bytes (21.1%)
(RDMA_READ_CONSUME_CHECK_CONSUMER) timestamp=13090 ms, used_size=8634368 bytes (21.1%)
(RDMA_READ_CONSUME_CHECK_CONSUMER) timestamp=13090 ms, used_size=8632320 bytes (21.1%)
(RDMA_READ_CONSUME_CHECK_CONSUMER) timestamp=13090 ms, used_size=8630272 bytes (21.1%)
(RDMA_READ_CONSUME_CHECK_CONSUMER) timestamp=13090 ms, used_size=8628224 bytes (21.1%)
(RDMA_READ_CONSUME_CHECK_CONSUMER) timestamp=13090 ms, used_size=8626176 bytes (21.1%)
(RDMA_READ_CONSUME_CHECK_CONSUMER) timestamp=13090 ms, used_size=8624128 bytes (21.1%)
(RDMA_READ_CONSUME_CHECK_CONSUMER) timestamp=13090 ms, used_size=8622080 bytes (21.1%)
(RDMA_READ_CONSUME_CHECK_CONSUMER) timestamp=13090 ms, used_size=8620032 bytes (21.0%)
(RDMA_READ_CONSUME_CHECK_CONSUMER) timestamp=13090 ms, used_size=8617984 bytes (21.0%)
(RDMA_READ_CONSUME_CHECK_CONSUMER) timestamp=13090 ms, used_size=8615936 bytes (21.0%)
(RDMA_READ_CONSUME_CHECK_CONSUMER) timestamp=13090 ms, used_size=8613888 bytes (21.0%)
(RDMA_READ_CONSUME_CHECK_CONSUMER) timestamp=13090 ms, used_size=8611840 bytes (21.0%)
(RDMA_READ_CONSUME_CHECK_CONSUMER) timestamp=13090 ms, used_size=8609792 bytes (21.0%)
(RDMA_READ_CONSUME_CHECK_CONSUMER) timestamp=13090 ms, used_size=8607744 bytes (21.0%)
(RDMA_READ_CONSUME_CHECK_CONSUMER) timestamp=13090 ms, used_size=8605696 bytes (21.0%)
(RDMA_READ_CONSUME_CHECK_CONSUMER) timestamp=13090 ms, used_size=8603648 bytes (21.0%)
(RDMA_READ_CONSUME_CHECK_CONSUMER) timestamp=13090 ms, used_size=8601600 bytes (21.0%)
(RDMA_READ_CONSUME_CHECK_CONSUMER) timestamp=13090 ms, used_size=8599552 bytes (21.0%)
(RDMA_READ_CONSUME_CHECK_CONSUMER) timestamp=13090 ms, used_size=8597504 bytes (21.0%)
(RDMA_READ_CONSUME_CHECK_CONSUMER) timestamp=13090 ms, used_size=8595456 bytes (21.0%)
(RDMA_READ_CONSUME_CHECK_CONSUMER) timestamp=13090 ms, used_size=8593408 bytes (21.0%)
(RDMA_READ_CONSUME_CHECK_CONSUMER) timestamp=13090 ms, used_size=8591360 bytes (21.0%)
(RDMA_READ_CONSUME_CHECK_CONSUMER) timestamp=13090 ms, used_size=8589312 bytes (21.0%)
(RDMA_READ_CONSUME_CHECK_CONSUMER) timestamp=13090 ms, used_size=8587264 bytes (21.0%)
(RDMA_READ_CONSUME_CHECK_CONSUMER) timestamp=13090 ms, used_size=8585216 bytes (21.0%)
(RDMA_READ_CONSUME_CHECK_CONSUMER) timestamp=13090 ms, used_size=8583168 bytes (21.0%)
(RDMA_READ_CONSUME_CHECK_CONSUMER) timestamp=13090 ms, used_size=8581120 bytes (20.9%)
(RDMA_READ_CONSUME_CHECK_CONSUMER) timestamp=13090 ms, used_size=8579072 bytes (20.9%)
(RDMA_READ_CONSUME_CHECK_CONSUMER) timestamp=13090 ms, used_size=8577024 bytes (20.9%)
(RDMA_READ_CONSUME_CHECK_CONSUMER) timestamp=13090 ms, used_size=8574976 bytes (20.9%)
(RDMA_READ_CONSUME_CHECK_CONSUMER) timestamp=13090 ms, used_size=8572928 bytes (20.9%)
(RDMA_READ_CONSUME_CHECK_CONSUMER) timestamp=13090 ms, used_size=8570880 bytes (20.9%)
(RDMA_READ_CONSUME_CHECK_CONSUMER) timestamp=13090 ms, used_size=8568832 bytes (20.9%)
(RDMA_READ_CONSUME_CHECK_CONSUMER) timestamp=13090 ms, used_size=8566784 bytes (20.9%)
(RDMA_READ_CONSUME_CHECK_CONSUMER) timestamp=13090 ms, used_size=8564736 bytes (20.9%)
(RDMA_READ_CONSUME_CHECK_CONSUMER) timestamp=13090 ms, used_size=8562688 bytes (20.9%)
(RDMA_READ_CONSUME_CHECK_CONSUMER) timestamp=13090 ms, used_size=8560640 bytes (20.9%)
(RDMA_READ_CONSUME_CHECK_CONSUMER) timestamp=13090 ms, used_size=8558592 bytes (20.9%)
(RDMA_READ_CONSUME_CHECK_CONSUMER) timestamp=13090 ms, used_size=8556544 bytes (20.9%)
(RDMA_READ_CONSUME_CHECK_CONSUMER) timestamp=13090 ms, used_size=8554496 bytes (20.9%)
(RDMA_READ_CONSUME_CHECK_CONSUMER) timestamp=13091 ms, used_size=8552448 bytes (20.9%)
(RDMA_READ_CONSUME_CHECK_CONSUMER) timestamp=13091 ms, used_size=8550400 bytes (20.9%)
(RDMA_READ_CONSUME_CHECK_CONSUMER) timestamp=13091 ms, used_size=8548352 bytes (20.9%)
(RDMA_READ_CONSUME_CHECK_CONSUMER) timestamp=13091 ms, used_size=8546304 bytes (20.9%)
(RDMA_READ_CONSUME_CHECK_CONSUMER) timestamp=13091 ms, used_size=8544256 bytes (20.9%)
(RDMA_READ_CONSUME_CHECK_CONSUMER) timestamp=13091 ms, used_size=8542208 bytes (20.9%)
(RDMA_READ_CONSUME_CHECK_CONSUMER) timestamp=13091 ms, used_size=8540160 bytes (20.9%)
(RDMA_READ_CONSUME_CHECK_CONSUMER) timestamp=13091 ms, used_size=8538112 bytes (20.8%)
(RDMA_READ_CONSUME_CHECK_CONSUMER) timestamp=13091 ms, used_size=8536064 bytes (20.8%)
(RDMA_READ_CONSUME_CHECK_CONSUMER) timestamp=13091 ms, used_size=8534016 bytes (20.8%)
(RDMA_READ_CONSUME_CHECK_CONSUMER) timestamp=13091 ms, used_size=8531968 bytes (20.8%)
(RDMA_READ_CONSUME_CHECK_CONSUMER) timestamp=13091 ms, used_size=8529920 bytes (20.8%)
(RDMA_READ_CONSUME_CHECK_CONSUMER) timestamp=13091 ms, used_size=8527872 bytes (20.8%)
(RDMA_READ_CONSUME_CHECK_CONSUMER) timestamp=13091 ms, used_size=8525824 bytes (20.8%)
(RDMA_READ_CONSUME_CHECK_CONSUMER) timestamp=13091 ms, used_size=8523776 bytes (20.8%)
(RDMA_READ_CONSUME_CHECK_CONSUMER) timestamp=13091 ms, used_size=8521728 bytes (20.8%)
(RDMA_READ_CONSUME_CHECK_CONSUMER) timestamp=13091 ms, used_size=8519680 bytes (20.8%)
(RDMA_READ_CONSUME_CHECK_CONSUMER) timestamp=13091 ms, used_size=8517632 bytes (20.8%)
(RDMA_READ_CONSUME_CHECK_CONSUMER) timestamp=13091 ms, used_size=8515584 bytes (20.8%)
(RDMA_READ_CONSUME_CHECK_CONSUMER) timestamp=13091 ms, used_size=8513536 bytes (20.8%)
(RDMA_READ_CONSUME_CHECK_CONSUMER) timestamp=13091 ms, used_size=8511488 bytes (20.8%)
(RDMA_READ_CONSUME_CHECK_CONSUMER) timestamp=13091 ms, used_size=8509440 bytes (20.8%)
(RDMA_READ_CONSUME_CHECK_CONSUMER) timestamp=13091 ms, used_size=8507392 bytes (20.8%)
(RDMA_READ_CONSUME_CHECK_CONSUMER) timestamp=13091 ms, used_size=8505344 bytes (20.8%)
(RDMA_READ_CONSUME_CHECK_CONSUMER) timestamp=13091 ms, used_size=8503296 bytes (20.8%)
(RDMA_READ_CONSUME_CHECK_CONSUMER) timestamp=13091 ms, used_size=8501248 bytes (20.8%)
(RDMA_READ_CONSUME_CHECK_CONSUMER) timestamp=13091 ms, used_size=8499200 bytes (20.8%)
(RDMA_READ_CONSUME_CHECK_CONSUMER) timestamp=13091 ms, used_size=8497152 bytes (20.7%)
(RDMA_READ_CONSUME_CHECK_CONSUMER) timestamp=13091 ms, used_size=8495104 bytes (20.7%)
(RDMA_READ_CONSUME_CHECK_CONSUMER) timestamp=13091 ms, used_size=8493056 bytes (20.7%)
(RDMA_READ_CONSUME_CHECK_CONSUMER) timestamp=13091 ms, used_size=8491008 bytes (20.7%)
(RDMA_READ_CONSUME_CHECK_CONSUMER) timestamp=13091 ms, used_size=8488960 bytes (20.7%)
(RDMA_READ_CONSUME_CHECK_CONSUMER) timestamp=13091 ms, used_size=8486912 bytes (20.7%)
(RDMA_READ_CONSUME_CHECK_CONSUMER) timestamp=13091 ms, used_size=8484864 bytes (20.7%)
(RDMA_READ_CONSUME_CHECK_CONSUMER) timestamp=13091 ms, used_size=8482816 bytes (20.7%)
(RDMA_READ_CONSUME_CHECK_CONSUMER) timestamp=13091 ms, used_size=8480768 bytes (20.7%)
(RDMA_READ_CONSUME_CHECK_CONSUMER) timestamp=13091 ms, used_size=8478720 bytes (20.7%)
(RDMA_READ_CONSUME_CHECK_CONSUMER) timestamp=13091 ms, used_size=8476672 bytes (20.7%)
(RDMA_READ_CONSUME_CHECK_CONSUMER) timestamp=13091 ms, used_size=8474624 bytes (20.7%)
(RDMA_READ_CONSUME_CHECK_CONSUMER) timestamp=13091 ms, used_size=8472576 bytes (20.7%)
(RDMA_READ_CONSUME_CHECK_CONSUMER) timestamp=13091 ms, used_size=8470528 bytes (20.7%)
(RDMA_READ_CONSUME_CHECK_CONSUMER) timestamp=13091 ms, used_size=8468480 bytes (20.7%)
(RDMA_READ_CONSUME_CHECK_CONSUMER) timestamp=13091 ms, used_size=8466432 bytes (20.7%)
(RDMA_READ_CONSUME_CHECK_CONSUMER) timestamp=13091 ms, used_size=8464384 bytes (20.7%)
(RDMA_READ_CONSUME_CHECK_CONSUMER) timestamp=13091 ms, used_size=8462336 bytes (20.7%)
(RDMA_READ_CONSUME_CHECK_CONSUMER) timestamp=13091 ms, used_size=8460288 bytes (20.7%)
(RDMA_READ_CONSUME_CHECK_CONSUMER) timestamp=13091 ms, used_size=8458240 bytes (20.6%)
(RDMA_READ_CONSUME_CHECK_CONSUMER) timestamp=13091 ms, used_size=8456192 bytes (20.6%)
(RDMA_READ_CONSUME_CHECK_CONSUMER) timestamp=13091 ms, used_size=8454144 bytes (20.6%)
(RDMA_READ_CONSUME_CHECK_CONSUMER) timestamp=13091 ms, used_size=8452096 bytes (20.6%)
(RDMA_READ_CONSUME_CHECK_CONSUMER) timestamp=13091 ms, used_size=8450048 bytes (20.6%)
(RDMA_READ_CONSUME_CHECK_CONSUMER) timestamp=13091 ms, used_size=8448000 bytes (20.6%)
(RDMA_READ_CONSUME_CHECK_CONSUMER) timestamp=13091 ms, used_size=8445952 bytes (20.6%)
(RDMA_READ_CONSUME_CHECK_CONSUMER) timestamp=13091 ms, used_size=8443904 bytes (20.6%)
(RDMA_READ_CONSUME_CHECK_CONSUMER) timestamp=13091 ms, used_size=8441856 bytes (20.6%)
(RDMA_READ_CONSUME_CHECK_CONSUMER) timestamp=13091 ms, used_size=8439808 bytes (20.6%)
(RDMA_READ_CONSUME_CHECK_CONSUMER) timestamp=13091 ms, used_size=8437760 bytes (20.6%)
(RDMA_READ_CONSUME_CHECK_CONSUMER) timestamp=13091 ms, used_size=8435712 bytes (20.6%)
(RDMA_READ_CONSUME_CHECK_CONSUMER) timestamp=13091 ms, used_size=8433664 bytes (20.6%)
(RDMA_READ_CONSUME_CHECK_CONSUMER) timestamp=13091 ms, used_size=8431616 bytes (20.6%)
(RDMA_READ_CONSUME_CHECK_CONSUMER) timestamp=13091 ms, used_size=8429568 bytes (20.6%)
(RDMA_READ_CONSUME_CHECK_CONSUMER) timestamp=13091 ms, used_size=8427520 bytes (20.6%)
(RDMA_READ_CONSUME_CHECK_CONSUMER) timestamp=13091 ms, used_size=8425472 bytes (20.6%)
(RDMA_READ_CONSUME_CHECK_CONSUMER) timestamp=13091 ms, used_size=8423424 bytes (20.6%)
(RDMA_READ_CONSUME_CHECK_CONSUMER) timestamp=13091 ms, used_size=8421376 bytes (20.6%)
(RDMA_READ_CONSUME_CHECK_CONSUMER) timestamp=13091 ms, used_size=8419328 bytes (20.6%)
(RDMA_READ_CONSUME_CHECK_CONSUMER) timestamp=13091 ms, used_size=8417280 bytes (20.6%)
(RDMA_READ_CONSUME_CHECK_CONSUMER) timestamp=13091 ms, used_size=8415232 bytes (20.5%)
(RDMA_READ_CONSUME_CHECK_CONSUMER) timestamp=13091 ms, used_size=8413184 bytes (20.5%)
(RDMA_READ_CONSUME_CHECK_CONSUMER) timestamp=13091 ms, used_size=8411136 bytes (20.5%)
(RDMA_READ_CONSUME_CHECK_CONSUMER) timestamp=13091 ms, used_size=8409088 bytes (20.5%)
(RDMA_READ_CONSUME_CHECK_CONSUMER) timestamp=13091 ms, used_size=8407040 bytes (20.5%)
(RDMA_READ_CONSUME_CHECK_CONSUMER) timestamp=13091 ms, used_size=8404992 bytes (20.5%)
(RDMA_READ_CONSUME_CHECK_CONSUMER) timestamp=13091 ms, used_size=8402944 bytes (20.5%)
(RDMA_READ_CONSUME_CHECK_CONSUMER) timestamp=13091 ms, used_size=8400896 bytes (20.5%)
(RDMA_READ_CONSUME_CHECK_CONSUMER) timestamp=13091 ms, used_size=8398848 bytes (20.5%)
(RDMA_READ_CONSUME_CHECK_CONSUMER) timestamp=13091 ms, used_size=8396800 bytes (20.5%)
(RDMA_READ_CONSUME_CHECK_CONSUMER) timestamp=13091 ms, used_size=8394752 bytes (20.5%)
(RDMA_READ_CONSUME_CHECK_CONSUMER) timestamp=13091 ms, used_size=8392704 bytes (20.5%)
(RDMA_READ_CONSUME_CHECK_CONSUMER) timestamp=13091 ms, used_size=8390656 bytes (20.5%)
(RDMA_READ_CONSUME_CHECK_CONSUMER) timestamp=13091 ms, used_size=8388608 bytes (20.5%)
(RDMA_READ_CONSUME_CHECK_CONSUMER) timestamp=13091 ms, used_size=8386560 bytes (20.5%)
(RDMA_READ_CONSUME_CHECK_CONSUMER) timestamp=13091 ms, used_size=8384512 bytes (20.5%)
(RDMA_READ_CONSUME_CHECK_CONSUMER) timestamp=13091 ms, used_size=8382464 bytes (20.5%)
(RDMA_READ_CONSUME_CHECK_CONSUMER) timestamp=13091 ms, used_size=8380416 bytes (20.5%)
(RDMA_READ_CONSUME_CHECK_CONSUMER) timestamp=13091 ms, used_size=8378368 bytes (20.5%)
(RDMA_READ_CONSUME_CHECK_CONSUMER) timestamp=13091 ms, used_size=8376320 bytes (20.4%)
(RDMA_READ_CONSUME_CHECK_CONSUMER) timestamp=13091 ms, used_size=8374272 bytes (20.4%)
(RDMA_READ_CONSUME_CHECK_CONSUMER) timestamp=13091 ms, used_size=8372224 bytes (20.4%)
(RDMA_READ_CONSUME_CHECK_CONSUMER) timestamp=13091 ms, used_size=8370176 bytes (20.4%)
(RDMA_READ_CONSUME_CHECK_CONSUMER) timestamp=13091 ms, used_size=8368128 bytes (20.4%)
(RDMA_READ_CONSUME_CHECK_CONSUMER) timestamp=13091 ms, used_size=8366080 bytes (20.4%)
(RDMA_READ_CONSUME_CHECK_CONSUMER) timestamp=13091 ms, used_size=8364032 bytes (20.4%)
(RDMA_READ_CONSUME_CHECK_CONSUMER) timestamp=13091 ms, used_size=8361984 bytes (20.4%)
(RDMA_READ_CONSUME_CHECK_CONSUMER) timestamp=13091 ms, used_size=8359936 bytes (20.4%)
(RDMA_READ_CONSUME_CHECK_CONSUMER) timestamp=13091 ms, used_size=8357888 bytes (20.4%)
(RDMA_READ_CONSUME_CHECK_CONSUMER) timestamp=13091 ms, used_size=8355840 bytes (20.4%)
(RDMA_READ_CONSUME_CHECK_CONSUMER) timestamp=13091 ms, used_size=8353792 bytes (20.4%)
(RDMA_READ_CONSUME_CHECK_CONSUMER) timestamp=13091 ms, used_size=8351744 bytes (20.4%)
(RDMA_READ_CONSUME_CHECK_CONSUMER) timestamp=13091 ms, used_size=8349696 bytes (20.4%)
(RDMA_READ_CONSUME_CHECK_CONSUMER) timestamp=13091 ms, used_size=8347648 bytes (20.4%)
(RDMA_READ_CONSUME_CHECK_CONSUMER) timestamp=13091 ms, used_size=8345600 bytes (20.4%)
(RDMA_READ_CONSUME_CHECK_CONSUMER) timestamp=13091 ms, used_size=8343552 bytes (20.4%)
(RDMA_READ_CONSUME_CHECK_CONSUMER) timestamp=13091 ms, used_size=8341504 bytes (20.4%)
(RDMA_READ_CONSUME_CHECK_CONSUMER) timestamp=13091 ms, used_size=8339456 bytes (20.4%)
(RDMA_READ_CONSUME_CHECK_CONSUMER) timestamp=13091 ms, used_size=8337408 bytes (20.4%)
(RDMA_READ_CONSUME_CHECK_CONSUMER) timestamp=13091 ms, used_size=8335360 bytes (20.4%)
(RDMA_READ_CONSUME_CHECK_CONSUMER) timestamp=13091 ms, used_size=8333312 bytes (20.3%)
(RDMA_READ_CONSUME_CHECK_CONSUMER) timestamp=13091 ms, used_size=8331264 bytes (20.3%)
(RDMA_READ_CONSUME_CHECK_CONSUMER) timestamp=13091 ms, used_size=8329216 bytes (20.3%)
(RDMA_READ_CONSUME_CHECK_CONSUMER) timestamp=13091 ms, used_size=8327168 bytes (20.3%)
(RDMA_READ_CONSUME_CHECK_CONSUMER) timestamp=13091 ms, used_size=8325120 bytes (20.3%)
(RDMA_READ_CONSUME_CHECK_CONSUMER) timestamp=13091 ms, used_size=8323072 bytes (20.3%)
(RDMA_READ_CONSUME_CHECK_CONSUMER) timestamp=13091 ms, used_size=8321024 bytes (20.3%)
(RDMA_READ_CONSUME_CHECK_CONSUMER) timestamp=13091 ms, used_size=8318976 bytes (20.3%)
(RDMA_READ_CONSUME_CHECK_CONSUMER) timestamp=13091 ms, used_size=8316928 bytes (20.3%)
(RDMA_READ_CONSUME_CHECK_CONSUMER) timestamp=13091 ms, used_size=8314880 bytes (20.3%)
(RDMA_READ_CONSUME_CHECK_CONSUMER) timestamp=13091 ms, used_size=8312832 bytes (20.3%)
(RDMA_READ_CONSUME_CHECK_CONSUMER) timestamp=13091 ms, used_size=8310784 bytes (20.3%)
(RDMA_READ_CONSUME_CHECK_CONSUMER) timestamp=13091 ms, used_size=8308736 bytes (20.3%)
(RDMA_READ_CONSUME_CHECK_CONSUMER) timestamp=13091 ms, used_size=8306688 bytes (20.3%)
(RDMA_READ_CONSUME_CHECK_CONSUMER) timestamp=13091 ms, used_size=8304640 bytes (20.3%)
(RDMA_READ_CONSUME_CHECK_CONSUMER) timestamp=13091 ms, used_size=8302592 bytes (20.3%)
(RDMA_READ_CONSUME_CHECK_CONSUMER) timestamp=13091 ms, used_size=8300544 bytes (20.3%)
(RDMA_READ_CONSUME_CHECK_CONSUMER) timestamp=13091 ms, used_size=8298496 bytes (20.3%)
(RDMA_READ_CONSUME_CHECK_CONSUMER) timestamp=13091 ms, used_size=8296448 bytes (20.3%)
(RDMA_READ_CONSUME_CHECK_CONSUMER) timestamp=13091 ms, used_size=8294400 bytes (20.2%)
(RDMA_READ_CONSUME_CHECK_CONSUMER) timestamp=13091 ms, used_size=8292352 bytes (20.2%)
(RDMA_READ_CONSUME_CHECK_CONSUMER) timestamp=13091 ms, used_size=8290304 bytes (20.2%)
(RDMA_READ_CONSUME_CHECK_CONSUMER) timestamp=13091 ms, used_size=8288256 bytes (20.2%)
(RDMA_READ_CONSUME_CHECK_CONSUMER) timestamp=13091 ms, used_size=8286208 bytes (20.2%)
(RDMA_READ_CONSUME_CHECK_CONSUMER) timestamp=13091 ms, used_size=8284160 bytes (20.2%)
(RDMA_READ_CONSUME_CHECK_CONSUMER) timestamp=13091 ms, used_size=8282112 bytes (20.2%)
(RDMA_READ_CONSUME_CHECK_CONSUMER) timestamp=13091 ms, used_size=8280064 bytes (20.2%)
(RDMA_READ_CONSUME_CHECK_CONSUMER) timestamp=13091 ms, used_size=8278016 bytes (20.2%)
(RDMA_READ_CONSUME_CHECK_CONSUMER) timestamp=13091 ms, used_size=8275968 bytes (20.2%)
(RDMA_READ_CONSUME_CHECK_CONSUMER) timestamp=13091 ms, used_size=8273920 bytes (20.2%)
(RDMA_READ_CONSUME_CHECK_CONSUMER) timestamp=13091 ms, used_size=8271872 bytes (20.2%)
(RDMA_READ_CONSUME_CHECK_CONSUMER) timestamp=13091 ms, used_size=8269824 bytes (20.2%)
(RDMA_READ_CONSUME_CHECK_CONSUMER) timestamp=13091 ms, used_size=8267776 bytes (20.2%)
(RDMA_READ_CONSUME_CHECK_CONSUMER) timestamp=13091 ms, used_size=8265728 bytes (20.2%)
(RDMA_READ_CONSUME_CHECK_CONSUMER) timestamp=13091 ms, used_size=8263680 bytes (20.2%)
(RDMA_READ_CONSUME_CHECK_CONSUMER) timestamp=13091 ms, used_size=8261632 bytes (20.2%)
(RDMA_READ_CONSUME_CHECK_CONSUMER) timestamp=13091 ms, used_size=8259584 bytes (20.2%)
(RDMA_READ_CONSUME_CHECK_CONSUMER) timestamp=13091 ms, used_size=8257536 bytes (20.2%)
(RDMA_READ_CONSUME_CHECK_CONSUMER) timestamp=13091 ms, used_size=8255488 bytes (20.2%)
(RDMA_READ_CONSUME_CHECK_CONSUMER) timestamp=13091 ms, used_size=8253440 bytes (20.1%)
(RDMA_READ_CONSUME_CHECK_CONSUMER) timestamp=13091 ms, used_size=8251392 bytes (20.1%)
(RDMA_READ_CONSUME_CHECK_CONSUMER) timestamp=13091 ms, used_size=8249344 bytes (20.1%)
(RDMA_READ_CONSUME_CHECK_CONSUMER) timestamp=13091 ms, used_size=8247296 bytes (20.1%)
(RDMA_READ_CONSUME_CHECK_CONSUMER) timestamp=13091 ms, used_size=8245248 bytes (20.1%)
(RDMA_READ_CONSUME_CHECK_CONSUMER) timestamp=13091 ms, used_size=8243200 bytes (20.1%)
(RDMA_READ_CONSUME_CHECK_CONSUMER) timestamp=13091 ms, used_size=8241152 bytes (20.1%)
(RDMA_READ_CONSUME_CHECK_CONSUMER) timestamp=13091 ms, used_size=8239104 bytes (20.1%)
(RDMA_READ_CONSUME_CHECK_CONSUMER) timestamp=13091 ms, used_size=8237056 bytes (20.1%)
(RDMA_READ_CONSUME_CHECK_CONSUMER) timestamp=13091 ms, used_size=8235008 bytes (20.1%)
(RDMA_READ_CONSUME_CHECK_CONSUMER) timestamp=13091 ms, used_size=8232960 bytes (20.1%)
(RDMA_READ_CONSUME_CHECK_CONSUMER) timestamp=13091 ms, used_size=8230912 bytes (20.1%)
(RDMA_READ_CONSUME_CHECK_CONSUMER) timestamp=13091 ms, used_size=8228864 bytes (20.1%)
(RDMA_READ_CONSUME_CHECK_CONSUMER) timestamp=13091 ms, used_size=8226816 bytes (20.1%)
(RDMA_READ_CONSUME_CHECK_CONSUMER) timestamp=13091 ms, used_size=8224768 bytes (20.1%)
(RDMA_READ_CONSUME_CHECK_CONSUMER) timestamp=13091 ms, used_size=8222720 bytes (20.1%)
(RDMA_READ_CONSUME_CHECK_CONSUMER) timestamp=13091 ms, used_size=8220672 bytes (20.1%)
(RDMA_READ_CONSUME_CHECK_CONSUMER) timestamp=13091 ms, used_size=8218624 bytes (20.1%)
(RDMA_READ_CONSUME_CHECK_CONSUMER) timestamp=13091 ms, used_size=8216576 bytes (20.1%)
(RDMA_READ_CONSUME_CHECK_CONSUMER) timestamp=13091 ms, used_size=8214528 bytes (20.1%)
(RDMA_READ_CONSUME_CHECK_CONSUMER) timestamp=13091 ms, used_size=8212480 bytes (20.1%)
(RDMA_READ_CONSUME_CHECK_CONSUMER) timestamp=13091 ms, used_size=8210432 bytes (20.0%)
(RDMA_READ_CONSUME_CHECK_CONSUMER) timestamp=13091 ms, used_size=8208384 bytes (20.0%)
(RDMA_READ_CONSUME_CHECK_CONSUMER) timestamp=13091 ms, used_size=8206336 bytes (20.0%)
(RDMA_READ_CONSUME_CHECK_CONSUMER) timestamp=13091 ms, used_size=8204288 bytes (20.0%)
(RDMA_READ_CONSUME_CHECK_CONSUMER) timestamp=13091 ms, used_size=8202240 bytes (20.0%)
(RDMA_READ_CONSUME_CHECK_CONSUMER) timestamp=13091 ms, used_size=8200192 bytes (20.0%)
(RDMA_READ_CONSUME_CHECK_CONSUMER) timestamp=13092 ms, used_size=8198144 bytes (20.0%)
(RDMA_READ_CONSUME_CHECK_CONSUMER) timestamp=13092 ms, used_size=8196096 bytes (20.0%)
(RDMA_READ_CONSUME_CHECK_CONSUMER) timestamp=13092 ms, used_size=8194048 bytes (20.0%)
(RDMA_READ_CONSUME_CHECK_CONSUMER) timestamp=13092 ms, used_size=8192000 bytes (20.0%)
(RDMA_READ_CONSUME_CHECK_CONSUMER) timestamp=13092 ms, used_size=8189952 bytes (20.0%)
(RDMA_READ_CONSUME_CHECK_CONSUMER) timestamp=13092 ms, used_size=8187904 bytes (20.0%)
(RDMA_READ_CONSUME_CHECK_CONSUMER) timestamp=13092 ms, used_size=8185856 bytes (20.0%)
(RDMA_READ_CONSUME_CHECK_CONSUMER) timestamp=13092 ms, used_size=8183808 bytes (20.0%)
(RDMA_READ_CONSUME_CHECK_CONSUMER) timestamp=13092 ms, used_size=8181760 bytes (20.0%)
(RDMA_READ_CONSUME_CHECK_CONSUMER) timestamp=13092 ms, used_size=8179712 bytes (20.0%)
(RDMA_READ_CONSUME_CHECK_CONSUMER) timestamp=13092 ms, used_size=8177664 bytes (20.0%)
(RDMA_READ_CONSUME_CHECK_CONSUMER) timestamp=13092 ms, used_size=8175616 bytes (20.0%)
(RDMA_READ_CONSUME_CHECK_CONSUMER) timestamp=13092 ms, used_size=8173568 bytes (20.0%)
(RDMA_READ_CONSUME_CHECK_CONSUMER) timestamp=13092 ms, used_size=8171520 bytes (19.9%)
(RDMA_READ_CONSUME_CHECK_CONSUMER) timestamp=13092 ms, used_size=8169472 bytes (19.9%)
(RDMA_READ_CONSUME_CHECK_CONSUMER) timestamp=13092 ms, used_size=8167424 bytes (19.9%)
(RDMA_READ_CONSUME_CHECK_CONSUMER) timestamp=13092 ms, used_size=8165376 bytes (19.9%)
(RDMA_READ_CONSUME_CHECK_CONSUMER) timestamp=13092 ms, used_size=8163328 bytes (19.9%)
(RDMA_READ_CONSUME_CHECK_CONSUMER) timestamp=13092 ms, used_size=8161280 bytes (19.9%)
(RDMA_READ_CONSUME_CHECK_CONSUMER) timestamp=13092 ms, used_size=8159232 bytes (19.9%)
(RDMA_READ_CONSUME_CHECK_CONSUMER) timestamp=13092 ms, used_size=8157184 bytes (19.9%)
(RDMA_READ_CONSUME_CHECK_CONSUMER) timestamp=13092 ms, used_size=8155136 bytes (19.9%)
(RDMA_READ_CONSUME_CHECK_CONSUMER) timestamp=13092 ms, used_size=8153088 bytes (19.9%)
(RDMA_READ_CONSUME_CHECK_CONSUMER) timestamp=13092 ms, used_size=8151040 bytes (19.9%)
(RDMA_READ_CONSUME_CHECK_CONSUMER) timestamp=13092 ms, used_size=8148992 bytes (19.9%)
(RDMA_READ_CONSUME_CHECK_CONSUMER) timestamp=13092 ms, used_size=8146944 bytes (19.9%)
(RDMA_READ_CONSUME_CHECK_CONSUMER) timestamp=13092 ms, used_size=8144896 bytes (19.9%)
(RDMA_READ_CONSUME_CHECK_CONSUMER) timestamp=13092 ms, used_size=8142848 bytes (19.9%)
(RDMA_READ_CONSUME_CHECK_CONSUMER) timestamp=13092 ms, used_size=8140800 bytes (19.9%)
(RDMA_READ_CONSUME_CHECK_CONSUMER) timestamp=13092 ms, used_size=8138752 bytes (19.9%)
(RDMA_READ_CONSUME_CHECK_CONSUMER) timestamp=13092 ms, used_size=8136704 bytes (19.9%)
(RDMA_READ_CONSUME_CHECK_CONSUMER) timestamp=13092 ms, used_size=8134656 bytes (19.9%)
(RDMA_READ_CONSUME_CHECK_CONSUMER) timestamp=13092 ms, used_size=8132608 bytes (19.9%)
(RDMA_READ_CONSUME_CHECK_CONSUMER) timestamp=13092 ms, used_size=8130560 bytes (19.9%)
(RDMA_READ_CONSUME_CHECK_CONSUMER) timestamp=13092 ms, used_size=8128512 bytes (19.8%)
(RDMA_READ_CONSUME_CHECK_CONSUMER) timestamp=13092 ms, used_size=8126464 bytes (19.8%)
(RDMA_READ_CONSUME_CHECK_CONSUMER) timestamp=13092 ms, used_size=8124416 bytes (19.8%)
(RDMA_READ_CONSUME_CHECK_CONSUMER) timestamp=13092 ms, used_size=8122368 bytes (19.8%)
(RDMA_READ_CONSUME_CHECK_CONSUMER) timestamp=13092 ms, used_size=8120320 bytes (19.8%)
(RDMA_READ_CONSUME_CHECK_CONSUMER) timestamp=13092 ms, used_size=8118272 bytes (19.8%)
(RDMA_READ_CONSUME_CHECK_CONSUMER) timestamp=13092 ms, used_size=8116224 bytes (19.8%)
(RDMA_READ_CONSUME_CHECK_CONSUMER) timestamp=13092 ms, used_size=8114176 bytes (19.8%)
(RDMA_READ_CONSUME_CHECK_CONSUMER) timestamp=13092 ms, used_size=8112128 bytes (19.8%)
(RDMA_READ_CONSUME_CHECK_CONSUMER) timestamp=13092 ms, used_size=8110080 bytes (19.8%)
(RDMA_READ_CONSUME_CHECK_CONSUMER) timestamp=13092 ms, used_size=8108032 bytes (19.8%)
(RDMA_READ_CONSUME_CHECK_CONSUMER) timestamp=13092 ms, used_size=8105984 bytes (19.8%)
(RDMA_READ_CONSUME_CHECK_CONSUMER) timestamp=13092 ms, used_size=8103936 bytes (19.8%)
(RDMA_READ_CONSUME_CHECK_CONSUMER) timestamp=13092 ms, used_size=8101888 bytes (19.8%)
(RDMA_READ_CONSUME_CHECK_CONSUMER) timestamp=13092 ms, used_size=8099840 bytes (19.8%)
(RDMA_READ_CONSUME_CHECK_CONSUMER) timestamp=13092 ms, used_size=8097792 bytes (19.8%)
(RDMA_READ_CONSUME_CHECK_CONSUMER) timestamp=13092 ms, used_size=8095744 bytes (19.8%)
(RDMA_READ_CONSUME_CHECK_CONSUMER) timestamp=13092 ms, used_size=8093696 bytes (19.8%)
(RDMA_READ_CONSUME_CHECK_CONSUMER) timestamp=13092 ms, used_size=8091648 bytes (19.8%)
(RDMA_READ_CONSUME_CHECK_CONSUMER) timestamp=13092 ms, used_size=8089600 bytes (19.8%)
(RDMA_READ_CONSUME_CHECK_CONSUMER) timestamp=13092 ms, used_size=8087552 bytes (19.7%)
(RDMA_READ_CONSUME_CHECK_CONSUMER) timestamp=13092 ms, used_size=8085504 bytes (19.7%)
(RDMA_READ_CONSUME_CHECK_CONSUMER) timestamp=13092 ms, used_size=8083456 bytes (19.7%)
(RDMA_READ_CONSUME_CHECK_CONSUMER) timestamp=13092 ms, used_size=8081408 bytes (19.7%)
(RDMA_READ_CONSUME_CHECK_CONSUMER) timestamp=13092 ms, used_size=8079360 bytes (19.7%)
(RDMA_READ_CONSUME_CHECK_CONSUMER) timestamp=13092 ms, used_size=8077312 bytes (19.7%)
(RDMA_READ_CONSUME_CHECK_CONSUMER) timestamp=13092 ms, used_size=8075264 bytes (19.7%)
(RDMA_READ_CONSUME_CHECK_CONSUMER) timestamp=13092 ms, used_size=8073216 bytes (19.7%)
(RDMA_READ_CONSUME_CHECK_CONSUMER) timestamp=13092 ms, used_size=8071168 bytes (19.7%)
(RDMA_READ_CONSUME_CHECK_CONSUMER) timestamp=13092 ms, used_size=8069120 bytes (19.7%)
(RDMA_READ_CONSUME_CHECK_CONSUMER) timestamp=13092 ms, used_size=8067072 bytes (19.7%)
(RDMA_READ_CONSUME_CHECK_CONSUMER) timestamp=13092 ms, used_size=8065024 bytes (19.7%)
(RDMA_READ_CONSUME_CHECK_CONSUMER) timestamp=13092 ms, used_size=8062976 bytes (19.7%)
(RDMA_READ_CONSUME_CHECK_CONSUMER) timestamp=13092 ms, used_size=8060928 bytes (19.7%)
(RDMA_READ_CONSUME_CHECK_CONSUMER) timestamp=13092 ms, used_size=8058880 bytes (19.7%)
(RDMA_READ_CONSUME_CHECK_CONSUMER) timestamp=13092 ms, used_size=8056832 bytes (19.7%)
(RDMA_READ_CONSUME_CHECK_CONSUMER) timestamp=13092 ms, used_size=8054784 bytes (19.7%)
(RDMA_READ_CONSUME_CHECK_CONSUMER) timestamp=13092 ms, used_size=8052736 bytes (19.7%)
(RDMA_READ_CONSUME_CHECK_CONSUMER) timestamp=13092 ms, used_size=8050688 bytes (19.7%)
(RDMA_READ_CONSUME_CHECK_CONSUMER) timestamp=13092 ms, used_size=8048640 bytes (19.6%)
(RDMA_READ_CONSUME_CHECK_CONSUMER) timestamp=13092 ms, used_size=8046592 bytes (19.6%)
(RDMA_READ_CONSUME_CHECK_CONSUMER) timestamp=13092 ms, used_size=8044544 bytes (19.6%)
(RDMA_READ_CONSUME_CHECK_CONSUMER) timestamp=13092 ms, used_size=8042496 bytes (19.6%)
(RDMA_READ_CONSUME_CHECK_CONSUMER) timestamp=13092 ms, used_size=8040448 bytes (19.6%)
(RDMA_READ_CONSUME_CHECK_CONSUMER) timestamp=13092 ms, used_size=8038400 bytes (19.6%)
(RDMA_READ_CONSUME_CHECK_CONSUMER) timestamp=13092 ms, used_size=8036352 bytes (19.6%)
(RDMA_READ_CONSUME_CHECK_CONSUMER) timestamp=13092 ms, used_size=8034304 bytes (19.6%)
(RDMA_READ_CONSUME_CHECK_CONSUMER) timestamp=13092 ms, used_size=8032256 bytes (19.6%)
(RDMA_READ_CONSUME_CHECK_CONSUMER) timestamp=13092 ms, used_size=8030208 bytes (19.6%)
(RDMA_READ_CONSUME_CHECK_CONSUMER) timestamp=13092 ms, used_size=8028160 bytes (19.6%)
(RDMA_READ_CONSUME_CHECK_CONSUMER) timestamp=13092 ms, used_size=8026112 bytes (19.6%)
(RDMA_READ_CONSUME_CHECK_CONSUMER) timestamp=13092 ms, used_size=8024064 bytes (19.6%)
(RDMA_READ_CONSUME_CHECK_CONSUMER) timestamp=13092 ms, used_size=8022016 bytes (19.6%)
(RDMA_READ_CONSUME_CHECK_CONSUMER) timestamp=13092 ms, used_size=8019968 bytes (19.6%)
(RDMA_READ_CONSUME_CHECK_CONSUMER) timestamp=13092 ms, used_size=8017920 bytes (19.6%)
(RDMA_READ_CONSUME_CHECK_CONSUMER) timestamp=13092 ms, used_size=8015872 bytes (19.6%)
(RDMA_READ_CONSUME_CHECK_CONSUMER) timestamp=13092 ms, used_size=8013824 bytes (19.6%)
(RDMA_READ_CONSUME_CHECK_CONSUMER) timestamp=13092 ms, used_size=8011776 bytes (19.6%)
(RDMA_READ_CONSUME_CHECK_CONSUMER) timestamp=13092 ms, used_size=8009728 bytes (19.6%)
(RDMA_READ_CONSUME_CHECK_CONSUMER) timestamp=13092 ms, used_size=8007680 bytes (19.6%)
(RDMA_READ_CONSUME_CHECK_CONSUMER) timestamp=13092 ms, used_size=8005632 bytes (19.5%)
(RDMA_READ_CONSUME_CHECK_CONSUMER) timestamp=13092 ms, used_size=8003584 bytes (19.5%)
(RDMA_READ_CONSUME_CHECK_CONSUMER) timestamp=13092 ms, used_size=8001536 bytes (19.5%)
(RDMA_READ_CONSUME_CHECK_CONSUMER) timestamp=13092 ms, used_size=7999488 bytes (19.5%)
(RDMA_READ_CONSUME_CHECK_CONSUMER) timestamp=13092 ms, used_size=7997440 bytes (19.5%)
(RDMA_READ_CONSUME_CHECK_CONSUMER) timestamp=13092 ms, used_size=7995392 bytes (19.5%)
(RDMA_READ_CONSUME_CHECK_CONSUMER) timestamp=13092 ms, used_size=7993344 bytes (19.5%)
(RDMA_READ_CONSUME_CHECK_CONSUMER) timestamp=13092 ms, used_size=7991296 bytes (19.5%)
(RDMA_READ_CONSUME_CHECK_CONSUMER) timestamp=13092 ms, used_size=7989248 bytes (19.5%)
(RDMA_READ_CONSUME_CHECK_CONSUMER) timestamp=13092 ms, used_size=7987200 bytes (19.5%)
(RDMA_READ_CONSUME_CHECK_CONSUMER) timestamp=13092 ms, used_size=7985152 bytes (19.5%)
(RDMA_READ_CONSUME_CHECK_CONSUMER) timestamp=13092 ms, used_size=7983104 bytes (19.5%)
(RDMA_READ_CONSUME_CHECK_CONSUMER) timestamp=13092 ms, used_size=7981056 bytes (19.5%)
(RDMA_READ_CONSUME_CHECK_CONSUMER) timestamp=13092 ms, used_size=7979008 bytes (19.5%)
(RDMA_READ_CONSUME_CHECK_CONSUMER) timestamp=13092 ms, used_size=7976960 bytes (19.5%)
(RDMA_READ_CONSUME_CHECK_CONSUMER) timestamp=13092 ms, used_size=7974912 bytes (19.5%)
(RDMA_READ_CONSUME_CHECK_CONSUMER) timestamp=13092 ms, used_size=7972864 bytes (19.5%)
(RDMA_READ_CONSUME_CHECK_CONSUMER) timestamp=13092 ms, used_size=7970816 bytes (19.5%)
(RDMA_READ_CONSUME_CHECK_CONSUMER) timestamp=13092 ms, used_size=7968768 bytes (19.5%)
(RDMA_READ_CONSUME_CHECK_CONSUMER) timestamp=13092 ms, used_size=7966720 bytes (19.4%)
(RDMA_READ_CONSUME_CHECK_CONSUMER) timestamp=13092 ms, used_size=7964672 bytes (19.4%)
(RDMA_READ_CONSUME_CHECK_CONSUMER) timestamp=13092 ms, used_size=7962624 bytes (19.4%)
(RDMA_READ_CONSUME_CHECK_CONSUMER) timestamp=13092 ms, used_size=7960576 bytes (19.4%)
(RDMA_READ_CONSUME_CHECK_CONSUMER) timestamp=13092 ms, used_size=7958528 bytes (19.4%)
(RDMA_READ_CONSUME_CHECK_CONSUMER) timestamp=13092 ms, used_size=7956480 bytes (19.4%)
(RDMA_READ_CONSUME_CHECK_CONSUMER) timestamp=13092 ms, used_size=7954432 bytes (19.4%)
(RDMA_READ_CONSUME_CHECK_CONSUMER) timestamp=13092 ms, used_size=7952384 bytes (19.4%)
(RDMA_READ_CONSUME_CHECK_CONSUMER) timestamp=13092 ms, used_size=7950336 bytes (19.4%)
(RDMA_READ_CONSUME_CHECK_CONSUMER) timestamp=13092 ms, used_size=7948288 bytes (19.4%)
(RDMA_READ_CONSUME_CHECK_CONSUMER) timestamp=13092 ms, used_size=7946240 bytes (19.4%)
(RDMA_READ_CONSUME_CHECK_CONSUMER) timestamp=13092 ms, used_size=7944192 bytes (19.4%)
(RDMA_READ_CONSUME_CHECK_CONSUMER) timestamp=13092 ms, used_size=7942144 bytes (19.4%)
(RDMA_READ_CONSUME_CHECK_CONSUMER) timestamp=13092 ms, used_size=7940096 bytes (19.4%)
(RDMA_READ_CONSUME_CHECK_CONSUMER) timestamp=13092 ms, used_size=7938048 bytes (19.4%)
(RDMA_READ_CONSUME_CHECK_CONSUMER) timestamp=13092 ms, used_size=7936000 bytes (19.4%)
(RDMA_READ_CONSUME_CHECK_CONSUMER) timestamp=13092 ms, used_size=7933952 bytes (19.4%)
(RDMA_READ_CONSUME_CHECK_CONSUMER) timestamp=13092 ms, used_size=7931904 bytes (19.4%)
(RDMA_READ_CONSUME_CHECK_CONSUMER) timestamp=13092 ms, used_size=7929856 bytes (19.4%)
(RDMA_READ_CONSUME_CHECK_CONSUMER) timestamp=13092 ms, used_size=7927808 bytes (19.4%)
(RDMA_READ_CONSUME_CHECK_CONSUMER) timestamp=13092 ms, used_size=7925760 bytes (19.4%)
(RDMA_READ_CONSUME_CHECK_CONSUMER) timestamp=13092 ms, used_size=7923712 bytes (19.3%)
(RDMA_READ_CONSUME_CHECK_CONSUMER) timestamp=13092 ms, used_size=7921664 bytes (19.3%)
(RDMA_READ_CONSUME_CHECK_CONSUMER) timestamp=13092 ms, used_size=7919616 bytes (19.3%)
(RDMA_READ_CONSUME_CHECK_CONSUMER) timestamp=13092 ms, used_size=7917568 bytes (19.3%)
(RDMA_READ_CONSUME_CHECK_CONSUMER) timestamp=13092 ms, used_size=7915520 bytes (19.3%)
(RDMA_READ_CONSUME_CHECK_CONSUMER) timestamp=13092 ms, used_size=7913472 bytes (19.3%)
(RDMA_READ_CONSUME_CHECK_CONSUMER) timestamp=13092 ms, used_size=7911424 bytes (19.3%)
(RDMA_READ_CONSUME_CHECK_CONSUMER) timestamp=13092 ms, used_size=7909376 bytes (19.3%)
(RDMA_READ_CONSUME_CHECK_CONSUMER) timestamp=13092 ms, used_size=7907328 bytes (19.3%)
(RDMA_READ_CONSUME_CHECK_CONSUMER) timestamp=13092 ms, used_size=7905280 bytes (19.3%)
(RDMA_READ_CONSUME_CHECK_CONSUMER) timestamp=13092 ms, used_size=7903232 bytes (19.3%)
(RDMA_READ_CONSUME_CHECK_CONSUMER) timestamp=13092 ms, used_size=7901184 bytes (19.3%)
(RDMA_READ_CONSUME_CHECK_CONSUMER) timestamp=13092 ms, used_size=7899136 bytes (19.3%)
(RDMA_READ_CONSUME_CHECK_CONSUMER) timestamp=13092 ms, used_size=7897088 bytes (19.3%)
(RDMA_READ_CONSUME_CHECK_CONSUMER) timestamp=13092 ms, used_size=7895040 bytes (19.3%)
(RDMA_READ_CONSUME_CHECK_CONSUMER) timestamp=13092 ms, used_size=7892992 bytes (19.3%)
(RDMA_READ_CONSUME_CHECK_CONSUMER) timestamp=13092 ms, used_size=7890944 bytes (19.3%)
(RDMA_READ_CONSUME_CHECK_CONSUMER) timestamp=13092 ms, used_size=7888896 bytes (19.3%)
(RDMA_READ_CONSUME_CHECK_CONSUMER) timestamp=13092 ms, used_size=7886848 bytes (19.3%)
(RDMA_READ_CONSUME_CHECK_CONSUMER) timestamp=13092 ms, used_size=7884800 bytes (19.2%)
(RDMA_READ_CONSUME_CHECK_CONSUMER) timestamp=13092 ms, used_size=7882752 bytes (19.2%)
(RDMA_READ_CONSUME_CHECK_CONSUMER) timestamp=13092 ms, used_size=7880704 bytes (19.2%)
(RDMA_READ_CONSUME_CHECK_CONSUMER) timestamp=13092 ms, used_size=7878656 bytes (19.2%)
(RDMA_READ_CONSUME_CHECK_CONSUMER) timestamp=13092 ms, used_size=7876608 bytes (19.2%)
(RDMA_READ_CONSUME_CHECK_CONSUMER) timestamp=13092 ms, used_size=7874560 bytes (19.2%)
(RDMA_READ_CONSUME_CHECK_CONSUMER) timestamp=13092 ms, used_size=7872512 bytes (19.2%)
(RDMA_READ_CONSUME_CHECK_CONSUMER) timestamp=13092 ms, used_size=7870464 bytes (19.2%)
(RDMA_READ_CONSUME_CHECK_CONSUMER) timestamp=13092 ms, used_size=7868416 bytes (19.2%)
(RDMA_READ_CONSUME_CHECK_CONSUMER) timestamp=13092 ms, used_size=7866368 bytes (19.2%)
(RDMA_READ_CONSUME_CHECK_CONSUMER) timestamp=13092 ms, used_size=7864320 bytes (19.2%)
(RDMA_READ_CONSUME_CHECK_CONSUMER) timestamp=13092 ms, used_size=7862272 bytes (19.2%)
(RDMA_READ_CONSUME_CHECK_CONSUMER) timestamp=13092 ms, used_size=7860224 bytes (19.2%)
(RDMA_READ_CONSUME_CHECK_CONSUMER) timestamp=13092 ms, used_size=7858176 bytes (19.2%)
(RDMA_READ_CONSUME_CHECK_CONSUMER) timestamp=13092 ms, used_size=7856128 bytes (19.2%)
(RDMA_READ_CONSUME_CHECK_CONSUMER) timestamp=13092 ms, used_size=7854080 bytes (19.2%)
(RDMA_READ_CONSUME_CHECK_CONSUMER) timestamp=13092 ms, used_size=7852032 bytes (19.2%)
(RDMA_READ_CONSUME_CHECK_CONSUMER) timestamp=13092 ms, used_size=7849984 bytes (19.2%)
(RDMA_READ_CONSUME_CHECK_CONSUMER) timestamp=13092 ms, used_size=7847936 bytes (19.2%)
(RDMA_READ_CONSUME_CHECK_CONSUMER) timestamp=13092 ms, used_size=7845888 bytes (19.2%)
(RDMA_READ_CONSUME_CHECK_CONSUMER) timestamp=13093 ms, used_size=7843840 bytes (19.1%)
(RDMA_READ_CONSUME_CHECK_CONSUMER) timestamp=13093 ms, used_size=7841792 bytes (19.1%)
(RDMA_READ_CONSUME_CHECK_CONSUMER) timestamp=13093 ms, used_size=7839744 bytes (19.1%)
(RDMA_READ_CONSUME_CHECK_CONSUMER) timestamp=13093 ms, used_size=7837696 bytes (19.1%)
(RDMA_READ_CONSUME_CHECK_CONSUMER) timestamp=13093 ms, used_size=7835648 bytes (19.1%)
(RDMA_READ_CONSUME_CHECK_CONSUMER) timestamp=13093 ms, used_size=7833600 bytes (19.1%)
(RDMA_READ_CONSUME_CHECK_CONSUMER) timestamp=13093 ms, used_size=7831552 bytes (19.1%)
(RDMA_READ_CONSUME_CHECK_CONSUMER) timestamp=13093 ms, used_size=7829504 bytes (19.1%)
(RDMA_READ_CONSUME_CHECK_CONSUMER) timestamp=13093 ms, used_size=7827456 bytes (19.1%)
(RDMA_READ_CONSUME_CHECK_CONSUMER) timestamp=13093 ms, used_size=7825408 bytes (19.1%)
(RDMA_READ_CONSUME_CHECK_CONSUMER) timestamp=13093 ms, used_size=7823360 bytes (19.1%)
(RDMA_READ_CONSUME_CHECK_CONSUMER) timestamp=13093 ms, used_size=7821312 bytes (19.1%)
(RDMA_READ_CONSUME_CHECK_CONSUMER) timestamp=13093 ms, used_size=7819264 bytes (19.1%)
(RDMA_READ_CONSUME_CHECK_CONSUMER) timestamp=13093 ms, used_size=7817216 bytes (19.1%)
(RDMA_READ_CONSUME_CHECK_CONSUMER) timestamp=13093 ms, used_size=7815168 bytes (19.1%)
(RDMA_READ_CONSUME_CHECK_CONSUMER) timestamp=13093 ms, used_size=7813120 bytes (19.1%)
(RDMA_READ_CONSUME_CHECK_CONSUMER) timestamp=13093 ms, used_size=7811072 bytes (19.1%)
(RDMA_READ_CONSUME_CHECK_CONSUMER) timestamp=13093 ms, used_size=7809024 bytes (19.1%)
(RDMA_READ_CONSUME_CHECK_CONSUMER) timestamp=13093 ms, used_size=7806976 bytes (19.1%)
(RDMA_READ_CONSUME_CHECK_CONSUMER) timestamp=13093 ms, used_size=7804928 bytes (19.1%)
(RDMA_READ_CONSUME_CHECK_CONSUMER) timestamp=13093 ms, used_size=7802880 bytes (19.1%)
(RDMA_READ_CONSUME_CHECK_CONSUMER) timestamp=13093 ms, used_size=7800832 bytes (19.0%)
(RDMA_READ_CONSUME_CHECK_CONSUMER) timestamp=13093 ms, used_size=7798784 bytes (19.0%)
(RDMA_READ_CONSUME_CHECK_CONSUMER) timestamp=13093 ms, used_size=7796736 bytes (19.0%)
(RDMA_READ_CONSUME_CHECK_CONSUMER) timestamp=13093 ms, used_size=7794688 bytes (19.0%)
(RDMA_READ_CONSUME_CHECK_CONSUMER) timestamp=13093 ms, used_size=7792640 bytes (19.0%)
(RDMA_READ_CONSUME_CHECK_CONSUMER) timestamp=13093 ms, used_size=7790592 bytes (19.0%)
(RDMA_READ_CONSUME_CHECK_CONSUMER) timestamp=13093 ms, used_size=7788544 bytes (19.0%)
(RDMA_READ_CONSUME_CHECK_CONSUMER) timestamp=13093 ms, used_size=7786496 bytes (19.0%)
(RDMA_READ_CONSUME_CHECK_CONSUMER) timestamp=13093 ms, used_size=7784448 bytes (19.0%)
(RDMA_READ_CONSUME_CHECK_CONSUMER) timestamp=13093 ms, used_size=7782400 bytes (19.0%)
(RDMA_READ_CONSUME_CHECK_CONSUMER) timestamp=13093 ms, used_size=7780352 bytes (19.0%)
(RDMA_READ_CONSUME_CHECK_CONSUMER) timestamp=13093 ms, used_size=7778304 bytes (19.0%)
(RDMA_READ_CONSUME_CHECK_CONSUMER) timestamp=13093 ms, used_size=7776256 bytes (19.0%)
(RDMA_READ_CONSUME_CHECK_CONSUMER) timestamp=13093 ms, used_size=7774208 bytes (19.0%)
(RDMA_READ_CONSUME_CHECK_CONSUMER) timestamp=13093 ms, used_size=7772160 bytes (19.0%)
(RDMA_READ_CONSUME_CHECK_CONSUMER) timestamp=13093 ms, used_size=7770112 bytes (19.0%)
(RDMA_READ_CONSUME_CHECK_CONSUMER) timestamp=13093 ms, used_size=7768064 bytes (19.0%)
(RDMA_READ_CONSUME_CHECK_CONSUMER) timestamp=13093 ms, used_size=7766016 bytes (19.0%)
(RDMA_READ_CONSUME_CHECK_CONSUMER) timestamp=13093 ms, used_size=7763968 bytes (19.0%)
(RDMA_READ_CONSUME_CHECK_CONSUMER) timestamp=13093 ms, used_size=7761920 bytes (18.9%)
(RDMA_READ_CONSUME_CHECK_CONSUMER) timestamp=13093 ms, used_size=7759872 bytes (18.9%)
(RDMA_READ_CONSUME_CHECK_CONSUMER) timestamp=13093 ms, used_size=7757824 bytes (18.9%)
(RDMA_READ_CONSUME_CHECK_CONSUMER) timestamp=13093 ms, used_size=7755776 bytes (18.9%)
(RDMA_READ_CONSUME_CHECK_CONSUMER) timestamp=13093 ms, used_size=7753728 bytes (18.9%)
(RDMA_READ_CONSUME_CHECK_CONSUMER) timestamp=13093 ms, used_size=7751680 bytes (18.9%)
(RDMA_READ_CONSUME_CHECK_CONSUMER) timestamp=13093 ms, used_size=7749632 bytes (18.9%)
(RDMA_READ_CONSUME_CHECK_CONSUMER) timestamp=13093 ms, used_size=7747584 bytes (18.9%)
(RDMA_READ_CONSUME_CHECK_CONSUMER) timestamp=13093 ms, used_size=7745536 bytes (18.9%)
(RDMA_READ_CONSUME_CHECK_CONSUMER) timestamp=13093 ms, used_size=7743488 bytes (18.9%)
(RDMA_READ_CONSUME_CHECK_CONSUMER) timestamp=13093 ms, used_size=7741440 bytes (18.9%)
(RDMA_READ_CONSUME_CHECK_CONSUMER) timestamp=13093 ms, used_size=7739392 bytes (18.9%)
(RDMA_READ_CONSUME_CHECK_CONSUMER) timestamp=13093 ms, used_size=7737344 bytes (18.9%)
(RDMA_READ_CONSUME_CHECK_CONSUMER) timestamp=13093 ms, used_size=7735296 bytes (18.9%)
(RDMA_READ_CONSUME_CHECK_CONSUMER) timestamp=13093 ms, used_size=7733248 bytes (18.9%)
(RDMA_READ_CONSUME_CHECK_CONSUMER) timestamp=13093 ms, used_size=7731200 bytes (18.9%)
(RDMA_READ_CONSUME_CHECK_CONSUMER) timestamp=13093 ms, used_size=7729152 bytes (18.9%)
(RDMA_READ_CONSUME_CHECK_CONSUMER) timestamp=13093 ms, used_size=7727104 bytes (18.9%)
(RDMA_READ_CONSUME_CHECK_CONSUMER) timestamp=13093 ms, used_size=7725056 bytes (18.9%)
(RDMA_READ_CONSUME_CHECK_CONSUMER) timestamp=13093 ms, used_size=7723008 bytes (18.9%)
(RDMA_READ_CONSUME_CHECK_CONSUMER) timestamp=13093 ms, used_size=7720960 bytes (18.9%)
(RDMA_READ_CONSUME_CHECK_CONSUMER) timestamp=13093 ms, used_size=7718912 bytes (18.8%)
(RDMA_READ_CONSUME_CHECK_CONSUMER) timestamp=13093 ms, used_size=7716864 bytes (18.8%)
(RDMA_READ_CONSUME_CHECK_CONSUMER) timestamp=13093 ms, used_size=7714816 bytes (18.8%)
(RDMA_READ_CONSUME_CHECK_CONSUMER) timestamp=13093 ms, used_size=7712768 bytes (18.8%)
(RDMA_READ_CONSUME_CHECK_CONSUMER) timestamp=13093 ms, used_size=7710720 bytes (18.8%)
(RDMA_READ_CONSUME_CHECK_CONSUMER) timestamp=13093 ms, used_size=7708672 bytes (18.8%)
(RDMA_READ_CONSUME_CHECK_CONSUMER) timestamp=13093 ms, used_size=7706624 bytes (18.8%)
(RDMA_READ_CONSUME_CHECK_CONSUMER) timestamp=13093 ms, used_size=7704576 bytes (18.8%)
(RDMA_READ_CONSUME_CHECK_CONSUMER) timestamp=13093 ms, used_size=7702528 bytes (18.8%)
(RDMA_READ_CONSUME_CHECK_CONSUMER) timestamp=13093 ms, used_size=7700480 bytes (18.8%)
(RDMA_READ_CONSUME_CHECK_CONSUMER) timestamp=13093 ms, used_size=7698432 bytes (18.8%)
(RDMA_READ_CONSUME_CHECK_CONSUMER) timestamp=13093 ms, used_size=7696384 bytes (18.8%)
(RDMA_READ_CONSUME_CHECK_CONSUMER) timestamp=13093 ms, used_size=7694336 bytes (18.8%)
(RDMA_READ_CONSUME_CHECK_CONSUMER) timestamp=13093 ms, used_size=7692288 bytes (18.8%)
(RDMA_READ_CONSUME_CHECK_CONSUMER) timestamp=13093 ms, used_size=7690240 bytes (18.8%)
(RDMA_READ_CONSUME_CHECK_CONSUMER) timestamp=13093 ms, used_size=7688192 bytes (18.8%)
(RDMA_READ_CONSUME_CHECK_CONSUMER) timestamp=13093 ms, used_size=7686144 bytes (18.8%)
(RDMA_READ_CONSUME_CHECK_CONSUMER) timestamp=13093 ms, used_size=7684096 bytes (18.8%)
(RDMA_READ_CONSUME_CHECK_CONSUMER) timestamp=13093 ms, used_size=7682048 bytes (18.8%)
(RDMA_READ_CONSUME_CHECK_CONSUMER) timestamp=13093 ms, used_size=7680000 bytes (18.8%)
(RDMA_READ_CONSUME_CHECK_CONSUMER) timestamp=13093 ms, used_size=7677952 bytes (18.7%)
(RDMA_READ_CONSUME_CHECK_CONSUMER) timestamp=13093 ms, used_size=7675904 bytes (18.7%)
(RDMA_READ_CONSUME_CHECK_CONSUMER) timestamp=13093 ms, used_size=7673856 bytes (18.7%)
(RDMA_READ_CONSUME_CHECK_CONSUMER) timestamp=13093 ms, used_size=7671808 bytes (18.7%)
(RDMA_READ_CONSUME_CHECK_CONSUMER) timestamp=13093 ms, used_size=7669760 bytes (18.7%)
(RDMA_READ_CONSUME_CHECK_CONSUMER) timestamp=13093 ms, used_size=7667712 bytes (18.7%)
(RDMA_READ_CONSUME_CHECK_CONSUMER) timestamp=13093 ms, used_size=7665664 bytes (18.7%)
(RDMA_READ_CONSUME_CHECK_CONSUMER) timestamp=13093 ms, used_size=7663616 bytes (18.7%)
(RDMA_READ_CONSUME_CHECK_CONSUMER) timestamp=13093 ms, used_size=7661568 bytes (18.7%)
(RDMA_READ_CONSUME_CHECK_CONSUMER) timestamp=13093 ms, used_size=7659520 bytes (18.7%)
(RDMA_READ_CONSUME_CHECK_CONSUMER) timestamp=13093 ms, used_size=7657472 bytes (18.7%)
(RDMA_READ_CONSUME_CHECK_CONSUMER) timestamp=13093 ms, used_size=7655424 bytes (18.7%)
(RDMA_READ_CONSUME_CHECK_CONSUMER) timestamp=13093 ms, used_size=7653376 bytes (18.7%)
(RDMA_READ_CONSUME_CHECK_CONSUMER) timestamp=13093 ms, used_size=7651328 bytes (18.7%)
(RDMA_READ_CONSUME_CHECK_CONSUMER) timestamp=13093 ms, used_size=7649280 bytes (18.7%)
(RDMA_READ_CONSUME_CHECK_CONSUMER) timestamp=13093 ms, used_size=7647232 bytes (18.7%)
(RDMA_READ_CONSUME_CHECK_CONSUMER) timestamp=13093 ms, used_size=7645184 bytes (18.7%)
(RDMA_READ_CONSUME_CHECK_CONSUMER) timestamp=13093 ms, used_size=7643136 bytes (18.7%)
(RDMA_READ_CONSUME_CHECK_CONSUMER) timestamp=13093 ms, used_size=7641088 bytes (18.7%)
(RDMA_READ_CONSUME_CHECK_CONSUMER) timestamp=13093 ms, used_size=7639040 bytes (18.6%)
(RDMA_READ_CONSUME_CHECK_CONSUMER) timestamp=13093 ms, used_size=7636992 bytes (18.6%)
(RDMA_READ_CONSUME_CHECK_CONSUMER) timestamp=13093 ms, used_size=7634944 bytes (18.6%)
(RDMA_READ_CONSUME_CHECK_CONSUMER) timestamp=13093 ms, used_size=7632896 bytes (18.6%)
(RDMA_READ_CONSUME_CHECK_CONSUMER) timestamp=13093 ms, used_size=7630848 bytes (18.6%)
(RDMA_READ_CONSUME_CHECK_CONSUMER) timestamp=13093 ms, used_size=7628800 bytes (18.6%)
(RDMA_READ_CONSUME_CHECK_CONSUMER) timestamp=13093 ms, used_size=7626752 bytes (18.6%)
(RDMA_READ_CONSUME_CHECK_CONSUMER) timestamp=13093 ms, used_size=7624704 bytes (18.6%)
(RDMA_READ_CONSUME_CHECK_CONSUMER) timestamp=13093 ms, used_size=7622656 bytes (18.6%)
(RDMA_READ_CONSUME_CHECK_CONSUMER) timestamp=13093 ms, used_size=7620608 bytes (18.6%)
(RDMA_READ_CONSUME_CHECK_CONSUMER) timestamp=13093 ms, used_size=7618560 bytes (18.6%)
(RDMA_READ_CONSUME_CHECK_CONSUMER) timestamp=13093 ms, used_size=7616512 bytes (18.6%)
(RDMA_READ_CONSUME_CHECK_CONSUMER) timestamp=13093 ms, used_size=7614464 bytes (18.6%)
(RDMA_READ_CONSUME_CHECK_CONSUMER) timestamp=13093 ms, used_size=7612416 bytes (18.6%)
(RDMA_READ_CONSUME_CHECK_CONSUMER) timestamp=13093 ms, used_size=7610368 bytes (18.6%)
(RDMA_READ_CONSUME_CHECK_CONSUMER) timestamp=13093 ms, used_size=7608320 bytes (18.6%)
(RDMA_READ_CONSUME_CHECK_CONSUMER) timestamp=13093 ms, used_size=7606272 bytes (18.6%)
(RDMA_READ_CONSUME_CHECK_CONSUMER) timestamp=13093 ms, used_size=7604224 bytes (18.6%)
(RDMA_READ_CONSUME_CHECK_CONSUMER) timestamp=13093 ms, used_size=7602176 bytes (18.6%)
(RDMA_READ_CONSUME_CHECK_CONSUMER) timestamp=13093 ms, used_size=7600128 bytes (18.6%)
(RDMA_READ_CONSUME_CHECK_CONSUMER) timestamp=13093 ms, used_size=7598080 bytes (18.6%)
(RDMA_READ_CONSUME_CHECK_CONSUMER) timestamp=13093 ms, used_size=7596032 bytes (18.5%)
(RDMA_READ_CONSUME_CHECK_CONSUMER) timestamp=13093 ms, used_size=7593984 bytes (18.5%)
(RDMA_READ_CONSUME_CHECK_CONSUMER) timestamp=13093 ms, used_size=7591936 bytes (18.5%)
(RDMA_READ_CONSUME_CHECK_CONSUMER) timestamp=13093 ms, used_size=7589888 bytes (18.5%)
(RDMA_READ_CONSUME_CHECK_CONSUMER) timestamp=13093 ms, used_size=7587840 bytes (18.5%)
(RDMA_READ_CONSUME_CHECK_CONSUMER) timestamp=13093 ms, used_size=7585792 bytes (18.5%)
(RDMA_READ_CONSUME_CHECK_CONSUMER) timestamp=13093 ms, used_size=7583744 bytes (18.5%)
(RDMA_READ_CONSUME_CHECK_CONSUMER) timestamp=13093 ms, used_size=7581696 bytes (18.5%)
(RDMA_READ_CONSUME_CHECK_CONSUMER) timestamp=13093 ms, used_size=7579648 bytes (18.5%)
(RDMA_READ_CONSUME_CHECK_CONSUMER) timestamp=13093 ms, used_size=7577600 bytes (18.5%)
(RDMA_READ_CONSUME_CHECK_CONSUMER) timestamp=13093 ms, used_size=7575552 bytes (18.5%)
(RDMA_READ_CONSUME_CHECK_CONSUMER) timestamp=13093 ms, used_size=7573504 bytes (18.5%)
(RDMA_READ_CONSUME_CHECK_CONSUMER) timestamp=13093 ms, used_size=7571456 bytes (18.5%)
(RDMA_READ_CONSUME_CHECK_CONSUMER) timestamp=13093 ms, used_size=7569408 bytes (18.5%)
(RDMA_READ_CONSUME_CHECK_CONSUMER) timestamp=13093 ms, used_size=7567360 bytes (18.5%)
(RDMA_READ_CONSUME_CHECK_CONSUMER) timestamp=13093 ms, used_size=7565312 bytes (18.5%)
(RDMA_READ_CONSUME_CHECK_CONSUMER) timestamp=13093 ms, used_size=7563264 bytes (18.5%)
(RDMA_READ_CONSUME_CHECK_CONSUMER) timestamp=13093 ms, used_size=7561216 bytes (18.5%)
(RDMA_READ_CONSUME_CHECK_CONSUMER) timestamp=13093 ms, used_size=7559168 bytes (18.5%)
(RDMA_READ_CONSUME_CHECK_CONSUMER) timestamp=13093 ms, used_size=7557120 bytes (18.4%)
(RDMA_READ_CONSUME_CHECK_CONSUMER) timestamp=13093 ms, used_size=7555072 bytes (18.4%)
(RDMA_READ_CONSUME_CHECK_CONSUMER) timestamp=13093 ms, used_size=7553024 bytes (18.4%)
(RDMA_READ_CONSUME_CHECK_CONSUMER) timestamp=13093 ms, used_size=7550976 bytes (18.4%)
(RDMA_READ_CONSUME_CHECK_CONSUMER) timestamp=13093 ms, used_size=7548928 bytes (18.4%)
(RDMA_READ_CONSUME_CHECK_CONSUMER) timestamp=13093 ms, used_size=7546880 bytes (18.4%)
(RDMA_READ_CONSUME_CHECK_CONSUMER) timestamp=13093 ms, used_size=7544832 bytes (18.4%)
(RDMA_READ_CONSUME_CHECK_CONSUMER) timestamp=13093 ms, used_size=7542784 bytes (18.4%)
(RDMA_READ_CONSUME_CHECK_CONSUMER) timestamp=13093 ms, used_size=7540736 bytes (18.4%)
(RDMA_READ_CONSUME_CHECK_CONSUMER) timestamp=13093 ms, used_size=7538688 bytes (18.4%)
(RDMA_READ_CONSUME_CHECK_CONSUMER) timestamp=13093 ms, used_size=7536640 bytes (18.4%)
(RDMA_READ_CONSUME_CHECK_CONSUMER) timestamp=13093 ms, used_size=7534592 bytes (18.4%)
(RDMA_READ_CONSUME_CHECK_CONSUMER) timestamp=13093 ms, used_size=7532544 bytes (18.4%)
(RDMA_READ_CONSUME_CHECK_CONSUMER) timestamp=13093 ms, used_size=7530496 bytes (18.4%)
(RDMA_READ_CONSUME_CHECK_CONSUMER) timestamp=13093 ms, used_size=7528448 bytes (18.4%)
(RDMA_READ_CONSUME_CHECK_CONSUMER) timestamp=13093 ms, used_size=7526400 bytes (18.4%)
(RDMA_READ_CONSUME_CHECK_CONSUMER) timestamp=13093 ms, used_size=7524352 bytes (18.4%)
(RDMA_READ_CONSUME_CHECK_CONSUMER) timestamp=13093 ms, used_size=7522304 bytes (18.4%)
(RDMA_READ_CONSUME_CHECK_CONSUMER) timestamp=13093 ms, used_size=7520256 bytes (18.4%)
(RDMA_READ_CONSUME_CHECK_CONSUMER) timestamp=13093 ms, used_size=7518208 bytes (18.4%)
(RDMA_READ_CONSUME_CHECK_CONSUMER) timestamp=13093 ms, used_size=7516160 bytes (18.4%)
(RDMA_READ_CONSUME_CHECK_CONSUMER) timestamp=13093 ms, used_size=7514112 bytes (18.3%)
(RDMA_READ_CONSUME_CHECK_CONSUMER) timestamp=13093 ms, used_size=7512064 bytes (18.3%)
(RDMA_READ_CONSUME_CHECK_CONSUMER) timestamp=13093 ms, used_size=7510016 bytes (18.3%)
(RDMA_READ_CONSUME_CHECK_CONSUMER) timestamp=13093 ms, used_size=7507968 bytes (18.3%)
(RDMA_READ_CONSUME_CHECK_CONSUMER) timestamp=13093 ms, used_size=7505920 bytes (18.3%)
(RDMA_READ_CONSUME_CHECK_CONSUMER) timestamp=13093 ms, used_size=7503872 bytes (18.3%)
(RDMA_READ_CONSUME_CHECK_CONSUMER) timestamp=13093 ms, used_size=7501824 bytes (18.3%)
(RDMA_READ_CONSUME_CHECK_CONSUMER) timestamp=13094 ms, used_size=7499776 bytes (18.3%)
(RDMA_READ_CONSUME_CHECK_CONSUMER) timestamp=13094 ms, used_size=7497728 bytes (18.3%)
(RDMA_READ_CONSUME_CHECK_CONSUMER) timestamp=13094 ms, used_size=7495680 bytes (18.3%)
(RDMA_READ_CONSUME_CHECK_CONSUMER) timestamp=13094 ms, used_size=7493632 bytes (18.3%)
(RDMA_READ_CONSUME_CHECK_CONSUMER) timestamp=13094 ms, used_size=7491584 bytes (18.3%)
(RDMA_READ_CONSUME_CHECK_CONSUMER) timestamp=13094 ms, used_size=7489536 bytes (18.3%)
(RDMA_READ_CONSUME_CHECK_CONSUMER) timestamp=13094 ms, used_size=7487488 bytes (18.3%)
(RDMA_READ_CONSUME_CHECK_CONSUMER) timestamp=13094 ms, used_size=7485440 bytes (18.3%)
(RDMA_READ_CONSUME_CHECK_CONSUMER) timestamp=13094 ms, used_size=7483392 bytes (18.3%)
(RDMA_READ_CONSUME_CHECK_CONSUMER) timestamp=13094 ms, used_size=7481344 bytes (18.3%)
(RDMA_READ_CONSUME_CHECK_CONSUMER) timestamp=13094 ms, used_size=7479296 bytes (18.3%)
(RDMA_READ_CONSUME_CHECK_CONSUMER) timestamp=13094 ms, used_size=7477248 bytes (18.3%)
(RDMA_READ_CONSUME_CHECK_CONSUMER) timestamp=13094 ms, used_size=7475200 bytes (18.2%)
(RDMA_READ_CONSUME_CHECK_CONSUMER) timestamp=13094 ms, used_size=7473152 bytes (18.2%)
(RDMA_READ_CONSUME_CHECK_CONSUMER) timestamp=13094 ms, used_size=7471104 bytes (18.2%)
(RDMA_READ_CONSUME_CHECK_CONSUMER) timestamp=13094 ms, used_size=7469056 bytes (18.2%)
(RDMA_READ_CONSUME_CHECK_CONSUMER) timestamp=13094 ms, used_size=7467008 bytes (18.2%)
(RDMA_READ_CONSUME_CHECK_CONSUMER) timestamp=13094 ms, used_size=7464960 bytes (18.2%)
(RDMA_READ_CONSUME_CHECK_CONSUMER) timestamp=13094 ms, used_size=7462912 bytes (18.2%)
(RDMA_READ_CONSUME_CHECK_CONSUMER) timestamp=13094 ms, used_size=7460864 bytes (18.2%)
(RDMA_READ_CONSUME_CHECK_CONSUMER) timestamp=13094 ms, used_size=7458816 bytes (18.2%)
(RDMA_READ_CONSUME_CHECK_CONSUMER) timestamp=13094 ms, used_size=7456768 bytes (18.2%)
(RDMA_READ_CONSUME_CHECK_CONSUMER) timestamp=13094 ms, used_size=7454720 bytes (18.2%)
(RDMA_READ_CONSUME_CHECK_CONSUMER) timestamp=13094 ms, used_size=7452672 bytes (18.2%)
(RDMA_READ_CONSUME_CHECK_CONSUMER) timestamp=13094 ms, used_size=7450624 bytes (18.2%)
(RDMA_READ_CONSUME_CHECK_CONSUMER) timestamp=13094 ms, used_size=7448576 bytes (18.2%)
(RDMA_READ_CONSUME_CHECK_CONSUMER) timestamp=13094 ms, used_size=7446528 bytes (18.2%)
(RDMA_READ_CONSUME_CHECK_CONSUMER) timestamp=13094 ms, used_size=7444480 bytes (18.2%)
(RDMA_READ_CONSUME_CHECK_CONSUMER) timestamp=13094 ms, used_size=7442432 bytes (18.2%)
(RDMA_READ_CONSUME_CHECK_CONSUMER) timestamp=13094 ms, used_size=7440384 bytes (18.2%)
(RDMA_READ_CONSUME_CHECK_CONSUMER) timestamp=13094 ms, used_size=7438336 bytes (18.2%)
(RDMA_READ_CONSUME_CHECK_CONSUMER) timestamp=13094 ms, used_size=7436288 bytes (18.2%)
(RDMA_READ_CONSUME_CHECK_CONSUMER) timestamp=13094 ms, used_size=7434240 bytes (18.1%)
(RDMA_READ_CONSUME_CHECK_CONSUMER) timestamp=13094 ms, used_size=7432192 bytes (18.1%)
(RDMA_READ_CONSUME_CHECK_CONSUMER) timestamp=13094 ms, used_size=7430144 bytes (18.1%)
(RDMA_READ_CONSUME_CHECK_CONSUMER) timestamp=13094 ms, used_size=7428096 bytes (18.1%)
(RDMA_READ_CONSUME_CHECK_CONSUMER) timestamp=13094 ms, used_size=7426048 bytes (18.1%)
(RDMA_READ_CONSUME_CHECK_CONSUMER) timestamp=13094 ms, used_size=7424000 bytes (18.1%)
(RDMA_READ_CONSUME_CHECK_CONSUMER) timestamp=13094 ms, used_size=7421952 bytes (18.1%)
(RDMA_READ_CONSUME_CHECK_CONSUMER) timestamp=13094 ms, used_size=7419904 bytes (18.1%)
(RDMA_READ_CONSUME_CHECK_CONSUMER) timestamp=13094 ms, used_size=7417856 bytes (18.1%)
(RDMA_READ_CONSUME_CHECK_CONSUMER) timestamp=13094 ms, used_size=7415808 bytes (18.1%)
(RDMA_READ_CONSUME_CHECK_CONSUMER) timestamp=13094 ms, used_size=7413760 bytes (18.1%)
(RDMA_READ_CONSUME_CHECK_CONSUMER) timestamp=13094 ms, used_size=7411712 bytes (18.1%)
(RDMA_READ_CONSUME_CHECK_CONSUMER) timestamp=13094 ms, used_size=7409664 bytes (18.1%)
(RDMA_READ_CONSUME_CHECK_CONSUMER) timestamp=13094 ms, used_size=7407616 bytes (18.1%)
(RDMA_READ_CONSUME_CHECK_CONSUMER) timestamp=13094 ms, used_size=7405568 bytes (18.1%)
(RDMA_READ_CONSUME_CHECK_CONSUMER) timestamp=13094 ms, used_size=7403520 bytes (18.1%)
(RDMA_READ_CONSUME_CHECK_CONSUMER) timestamp=13094 ms, used_size=7401472 bytes (18.1%)
(RDMA_READ_CONSUME_CHECK_CONSUMER) timestamp=13094 ms, used_size=7399424 bytes (18.1%)
(RDMA_READ_CONSUME_CHECK_CONSUMER) timestamp=13094 ms, used_size=7397376 bytes (18.1%)
(RDMA_READ_CONSUME_CHECK_CONSUMER) timestamp=13094 ms, used_size=7395328 bytes (18.1%)
(RDMA_READ_CONSUME_CHECK_CONSUMER) timestamp=13094 ms, used_size=7393280 bytes (18.1%)
(RDMA_READ_CONSUME_CHECK_CONSUMER) timestamp=13094 ms, used_size=7391232 bytes (18.0%)
(RDMA_READ_CONSUME_CHECK_CONSUMER) timestamp=13094 ms, used_size=7389184 bytes (18.0%)
(RDMA_READ_CONSUME_CHECK_CONSUMER) timestamp=13094 ms, used_size=7387136 bytes (18.0%)
(RDMA_READ_CONSUME_CHECK_CONSUMER) timestamp=13094 ms, used_size=7385088 bytes (18.0%)
(RDMA_READ_CONSUME_CHECK_CONSUMER) timestamp=13094 ms, used_size=7383040 bytes (18.0%)
(RDMA_READ_CONSUME_CHECK_CONSUMER) timestamp=13094 ms, used_size=7380992 bytes (18.0%)
(RDMA_READ_CONSUME_CHECK_CONSUMER) timestamp=13094 ms, used_size=7378944 bytes (18.0%)
(RDMA_READ_CONSUME_CHECK_CONSUMER) timestamp=13094 ms, used_size=7376896 bytes (18.0%)
(RDMA_READ_CONSUME_CHECK_CONSUMER) timestamp=13094 ms, used_size=7374848 bytes (18.0%)
(RDMA_READ_CONSUME_CHECK_CONSUMER) timestamp=13094 ms, used_size=7372800 bytes (18.0%)
(RDMA_READ_CONSUME_CHECK_CONSUMER) timestamp=13094 ms, used_size=7370752 bytes (18.0%)
(RDMA_READ_CONSUME_CHECK_CONSUMER) timestamp=13094 ms, used_size=7368704 bytes (18.0%)
(RDMA_READ_CONSUME_CHECK_CONSUMER) timestamp=13094 ms, used_size=7366656 bytes (18.0%)
(RDMA_READ_CONSUME_CHECK_CONSUMER) timestamp=13094 ms, used_size=7364608 bytes (18.0%)
(RDMA_READ_CONSUME_CHECK_CONSUMER) timestamp=13094 ms, used_size=7362560 bytes (18.0%)
(RDMA_READ_CONSUME_CHECK_CONSUMER) timestamp=13094 ms, used_size=7360512 bytes (18.0%)
(RDMA_READ_CONSUME_CHECK_CONSUMER) timestamp=13094 ms, used_size=7358464 bytes (18.0%)
(RDMA_READ_CONSUME_CHECK_CONSUMER) timestamp=13094 ms, used_size=7356416 bytes (18.0%)
(RDMA_READ_CONSUME_CHECK_CONSUMER) timestamp=13094 ms, used_size=7354368 bytes (18.0%)
(RDMA_READ_CONSUME_CHECK_CONSUMER) timestamp=13094 ms, used_size=7352320 bytes (17.9%)
(RDMA_READ_CONSUME_CHECK_CONSUMER) timestamp=13094 ms, used_size=7350272 bytes (17.9%)
(RDMA_READ_CONSUME_CHECK_CONSUMER) timestamp=13094 ms, used_size=7348224 bytes (17.9%)
(RDMA_READ_CONSUME_CHECK_CONSUMER) timestamp=13094 ms, used_size=7346176 bytes (17.9%)
(RDMA_READ_CONSUME_CHECK_CONSUMER) timestamp=13094 ms, used_size=7344128 bytes (17.9%)
(RDMA_READ_CONSUME_CHECK_CONSUMER) timestamp=13094 ms, used_size=7342080 bytes (17.9%)
(RDMA_READ_CONSUME_CHECK_CONSUMER) timestamp=13094 ms, used_size=7340032 bytes (17.9%)
(RDMA_READ_CONSUME_CHECK_CONSUMER) timestamp=13094 ms, used_size=7337984 bytes (17.9%)
(RDMA_READ_CONSUME_CHECK_CONSUMER) timestamp=13094 ms, used_size=7335936 bytes (17.9%)
(RDMA_READ_CONSUME_CHECK_CONSUMER) timestamp=13094 ms, used_size=7333888 bytes (17.9%)
(RDMA_READ_CONSUME_CHECK_CONSUMER) timestamp=13094 ms, used_size=7331840 bytes (17.9%)
(RDMA_READ_CONSUME_CHECK_CONSUMER) timestamp=13094 ms, used_size=7329792 bytes (17.9%)
(RDMA_READ_CONSUME_CHECK_CONSUMER) timestamp=13094 ms, used_size=7327744 bytes (17.9%)
(RDMA_READ_CONSUME_CHECK_CONSUMER) timestamp=13094 ms, used_size=7325696 bytes (17.9%)
(RDMA_READ_CONSUME_CHECK_CONSUMER) timestamp=13094 ms, used_size=7323648 bytes (17.9%)
(RDMA_READ_CONSUME_CHECK_CONSUMER) timestamp=13094 ms, used_size=7321600 bytes (17.9%)
(RDMA_READ_CONSUME_CHECK_CONSUMER) timestamp=13094 ms, used_size=7319552 bytes (17.9%)
(RDMA_READ_CONSUME_CHECK_CONSUMER) timestamp=13094 ms, used_size=7317504 bytes (17.9%)
(RDMA_READ_CONSUME_CHECK_CONSUMER) timestamp=13094 ms, used_size=7315456 bytes (17.9%)
(RDMA_READ_CONSUME_CHECK_CONSUMER) timestamp=13094 ms, used_size=7313408 bytes (17.9%)
(RDMA_READ_CONSUME_CHECK_CONSUMER) timestamp=13094 ms, used_size=7311360 bytes (17.9%)
(RDMA_READ_CONSUME_CHECK_CONSUMER) timestamp=13094 ms, used_size=7309312 bytes (17.8%)
(RDMA_READ_CONSUME_CHECK_CONSUMER) timestamp=13094 ms, used_size=7307264 bytes (17.8%)
(RDMA_READ_CONSUME_CHECK_CONSUMER) timestamp=13094 ms, used_size=7305216 bytes (17.8%)
(RDMA_READ_CONSUME_CHECK_CONSUMER) timestamp=13094 ms, used_size=7303168 bytes (17.8%)
(RDMA_READ_CONSUME_CHECK_CONSUMER) timestamp=13094 ms, used_size=7301120 bytes (17.8%)
(RDMA_READ_CONSUME_CHECK_CONSUMER) timestamp=13094 ms, used_size=7299072 bytes (17.8%)
(RDMA_READ_CONSUME_CHECK_CONSUMER) timestamp=13094 ms, used_size=7297024 bytes (17.8%)
(RDMA_READ_CONSUME_CHECK_CONSUMER) timestamp=13094 ms, used_size=7294976 bytes (17.8%)
(RDMA_READ_CONSUME_CHECK_CONSUMER) timestamp=13094 ms, used_size=7292928 bytes (17.8%)
(RDMA_READ_CONSUME_CHECK_CONSUMER) timestamp=13094 ms, used_size=7290880 bytes (17.8%)
(RDMA_READ_CONSUME_CHECK_CONSUMER) timestamp=13094 ms, used_size=7288832 bytes (17.8%)
(RDMA_READ_CONSUME_CHECK_CONSUMER) timestamp=13094 ms, used_size=7286784 bytes (17.8%)
(RDMA_READ_CONSUME_CHECK_CONSUMER) timestamp=13094 ms, used_size=7284736 bytes (17.8%)
(RDMA_READ_CONSUME_CHECK_CONSUMER) timestamp=13094 ms, used_size=7282688 bytes (17.8%)
(RDMA_READ_CONSUME_CHECK_CONSUMER) timestamp=13094 ms, used_size=7280640 bytes (17.8%)
(RDMA_READ_CONSUME_CHECK_CONSUMER) timestamp=13094 ms, used_size=7278592 bytes (17.8%)
(RDMA_READ_CONSUME_CHECK_CONSUMER) timestamp=13094 ms, used_size=7276544 bytes (17.8%)
(RDMA_READ_CONSUME_CHECK_CONSUMER) timestamp=13094 ms, used_size=7274496 bytes (17.8%)
(RDMA_READ_CONSUME_CHECK_CONSUMER) timestamp=13094 ms, used_size=7272448 bytes (17.8%)
(RDMA_READ_CONSUME_CHECK_CONSUMER) timestamp=13094 ms, used_size=7270400 bytes (17.8%)
(RDMA_READ_CONSUME_CHECK_CONSUMER) timestamp=13094 ms, used_size=7268352 bytes (17.7%)
(RDMA_READ_CONSUME_CHECK_CONSUMER) timestamp=13094 ms, used_size=7266304 bytes (17.7%)
(RDMA_READ_CONSUME_CHECK_CONSUMER) timestamp=13094 ms, used_size=7264256 bytes (17.7%)
(RDMA_READ_CONSUME_CHECK_CONSUMER) timestamp=13094 ms, used_size=7262208 bytes (17.7%)
(RDMA_READ_CONSUME_CHECK_CONSUMER) timestamp=13094 ms, used_size=7260160 bytes (17.7%)
(RDMA_READ_CONSUME_CHECK_CONSUMER) timestamp=13094 ms, used_size=7258112 bytes (17.7%)
(RDMA_READ_CONSUME_CHECK_CONSUMER) timestamp=13094 ms, used_size=7256064 bytes (17.7%)
(RDMA_READ_CONSUME_CHECK_CONSUMER) timestamp=13094 ms, used_size=7254016 bytes (17.7%)
(RDMA_READ_CONSUME_CHECK_CONSUMER) timestamp=13094 ms, used_size=7251968 bytes (17.7%)
(RDMA_READ_CONSUME_CHECK_CONSUMER) timestamp=13094 ms, used_size=7249920 bytes (17.7%)
(RDMA_READ_CONSUME_CHECK_CONSUMER) timestamp=13094 ms, used_size=7247872 bytes (17.7%)
(RDMA_READ_CONSUME_CHECK_CONSUMER) timestamp=13094 ms, used_size=7245824 bytes (17.7%)
(RDMA_READ_CONSUME_CHECK_CONSUMER) timestamp=13094 ms, used_size=7243776 bytes (17.7%)
(RDMA_READ_CONSUME_CHECK_CONSUMER) timestamp=13094 ms, used_size=7241728 bytes (17.7%)
(RDMA_READ_CONSUME_CHECK_CONSUMER) timestamp=13094 ms, used_size=7239680 bytes (17.7%)
(RDMA_READ_CONSUME_CHECK_CONSUMER) timestamp=13094 ms, used_size=7237632 bytes (17.7%)
(RDMA_READ_CONSUME_CHECK_CONSUMER) timestamp=13094 ms, used_size=7235584 bytes (17.7%)
(RDMA_READ_CONSUME_CHECK_CONSUMER) timestamp=13094 ms, used_size=7233536 bytes (17.7%)
(RDMA_READ_CONSUME_CHECK_CONSUMER) timestamp=13094 ms, used_size=7231488 bytes (17.7%)
(RDMA_READ_CONSUME_CHECK_CONSUMER) timestamp=13094 ms, used_size=7229440 bytes (17.6%)
(RDMA_READ_CONSUME_CHECK_CONSUMER) timestamp=13094 ms, used_size=7227392 bytes (17.6%)
(RDMA_READ_CONSUME_CHECK_CONSUMER) timestamp=13094 ms, used_size=7225344 bytes (17.6%)
(RDMA_READ_CONSUME_CHECK_CONSUMER) timestamp=13094 ms, used_size=7223296 bytes (17.6%)
(RDMA_READ_CONSUME_CHECK_CONSUMER) timestamp=13094 ms, used_size=7221248 bytes (17.6%)
(RDMA_READ_CONSUME_CHECK_CONSUMER) timestamp=13094 ms, used_size=7219200 bytes (17.6%)
(RDMA_READ_CONSUME_CHECK_CONSUMER) timestamp=13094 ms, used_size=7217152 bytes (17.6%)
(RDMA_READ_CONSUME_CHECK_CONSUMER) timestamp=13094 ms, used_size=7215104 bytes (17.6%)
(RDMA_READ_CONSUME_CHECK_CONSUMER) timestamp=13094 ms, used_size=7213056 bytes (17.6%)
(RDMA_READ_CONSUME_CHECK_CONSUMER) timestamp=13094 ms, used_size=7211008 bytes (17.6%)
(RDMA_READ_CONSUME_CHECK_CONSUMER) timestamp=13094 ms, used_size=7208960 bytes (17.6%)
(RDMA_READ_CONSUME_CHECK_CONSUMER) timestamp=13094 ms, used_size=7206912 bytes (17.6%)
(RDMA_READ_CONSUME_CHECK_CONSUMER) timestamp=13094 ms, used_size=7204864 bytes (17.6%)
(RDMA_READ_CONSUME_CHECK_CONSUMER) timestamp=13094 ms, used_size=7202816 bytes (17.6%)
(RDMA_READ_CONSUME_CHECK_CONSUMER) timestamp=13094 ms, used_size=7200768 bytes (17.6%)
(RDMA_READ_CONSUME_CHECK_CONSUMER) timestamp=13094 ms, used_size=7198720 bytes (17.6%)
(RDMA_READ_CONSUME_CHECK_CONSUMER) timestamp=13094 ms, used_size=7196672 bytes (17.6%)
(RDMA_READ_CONSUME_CHECK_CONSUMER) timestamp=13094 ms, used_size=7194624 bytes (17.6%)
(RDMA_READ_CONSUME_CHECK_CONSUMER) timestamp=13094 ms, used_size=7192576 bytes (17.6%)
(RDMA_READ_CONSUME_CHECK_CONSUMER) timestamp=13094 ms, used_size=7190528 bytes (17.6%)
(RDMA_READ_CONSUME_CHECK_CONSUMER) timestamp=13094 ms, used_size=7188480 bytes (17.6%)
(RDMA_READ_CONSUME_CHECK_CONSUMER) timestamp=13094 ms, used_size=7186432 bytes (17.5%)
(RDMA_READ_CONSUME_CHECK_CONSUMER) timestamp=13094 ms, used_size=7184384 bytes (17.5%)
(RDMA_READ_CONSUME_CHECK_CONSUMER) timestamp=13094 ms, used_size=7182336 bytes (17.5%)
(RDMA_READ_CONSUME_CHECK_CONSUMER) timestamp=13094 ms, used_size=7180288 bytes (17.5%)
(RDMA_READ_CONSUME_CHECK_CONSUMER) timestamp=13094 ms, used_size=7178240 bytes (17.5%)
(RDMA_READ_CONSUME_CHECK_CONSUMER) timestamp=13094 ms, used_size=7176192 bytes (17.5%)
(RDMA_READ_CONSUME_CHECK_CONSUMER) timestamp=13094 ms, used_size=7174144 bytes (17.5%)
(RDMA_READ_CONSUME_CHECK_CONSUMER) timestamp=13094 ms, used_size=7172096 bytes (17.5%)
(RDMA_READ_CONSUME_CHECK_CONSUMER) timestamp=13094 ms, used_size=7170048 bytes (17.5%)
(RDMA_READ_CONSUME_CHECK_CONSUMER) timestamp=13094 ms, used_size=7168000 bytes (17.5%)
(RDMA_READ_CONSUME_CHECK_CONSUMER) timestamp=13094 ms, used_size=7165952 bytes (17.5%)
(RDMA_READ_CONSUME_CHECK_CONSUMER) timestamp=13094 ms, used_size=7163904 bytes (17.5%)
(RDMA_READ_CONSUME_CHECK_CONSUMER) timestamp=13094 ms, used_size=7161856 bytes (17.5%)
(RDMA_READ_CONSUME_CHECK_CONSUMER) timestamp=13094 ms, used_size=7159808 bytes (17.5%)
(RDMA_READ_CONSUME_CHECK_CONSUMER) timestamp=13095 ms, used_size=7157760 bytes (17.5%)
(RDMA_READ_CONSUME_CHECK_CONSUMER) timestamp=13095 ms, used_size=7155712 bytes (17.5%)
(RDMA_READ_CONSUME_CHECK_CONSUMER) timestamp=13095 ms, used_size=7153664 bytes (17.5%)
(RDMA_READ_CONSUME_CHECK_CONSUMER) timestamp=13095 ms, used_size=7151616 bytes (17.5%)
(RDMA_READ_CONSUME_CHECK_CONSUMER) timestamp=13095 ms, used_size=7149568 bytes (17.5%)
(RDMA_READ_CONSUME_CHECK_CONSUMER) timestamp=13095 ms, used_size=7147520 bytes (17.4%)
(RDMA_READ_CONSUME_CHECK_CONSUMER) timestamp=13095 ms, used_size=7145472 bytes (17.4%)
(RDMA_READ_CONSUME_CHECK_CONSUMER) timestamp=13095 ms, used_size=7143424 bytes (17.4%)
(RDMA_READ_CONSUME_CHECK_CONSUMER) timestamp=13095 ms, used_size=7141376 bytes (17.4%)
(RDMA_READ_CONSUME_CHECK_CONSUMER) timestamp=13095 ms, used_size=7139328 bytes (17.4%)
(RDMA_READ_CONSUME_CHECK_CONSUMER) timestamp=13095 ms, used_size=7137280 bytes (17.4%)
(RDMA_READ_CONSUME_CHECK_CONSUMER) timestamp=13095 ms, used_size=7135232 bytes (17.4%)
(RDMA_READ_CONSUME_CHECK_CONSUMER) timestamp=13095 ms, used_size=7133184 bytes (17.4%)
(RDMA_READ_CONSUME_CHECK_CONSUMER) timestamp=13095 ms, used_size=7131136 bytes (17.4%)
(RDMA_READ_CONSUME_CHECK_CONSUMER) timestamp=13095 ms, used_size=7129088 bytes (17.4%)
(RDMA_READ_CONSUME_CHECK_CONSUMER) timestamp=13095 ms, used_size=7127040 bytes (17.4%)
(RDMA_READ_CONSUME_CHECK_CONSUMER) timestamp=13095 ms, used_size=7124992 bytes (17.4%)
(RDMA_READ_CONSUME_CHECK_CONSUMER) timestamp=13095 ms, used_size=7122944 bytes (17.4%)
(RDMA_READ_CONSUME_CHECK_CONSUMER) timestamp=13095 ms, used_size=7120896 bytes (17.4%)
(RDMA_READ_CONSUME_CHECK_CONSUMER) timestamp=13095 ms, used_size=7118848 bytes (17.4%)
(RDMA_READ_CONSUME_CHECK_CONSUMER) timestamp=13095 ms, used_size=7116800 bytes (17.4%)
(RDMA_READ_CONSUME_CHECK_CONSUMER) timestamp=13095 ms, used_size=7114752 bytes (17.4%)
(RDMA_READ_CONSUME_CHECK_CONSUMER) timestamp=13095 ms, used_size=7112704 bytes (17.4%)
(RDMA_READ_CONSUME_CHECK_CONSUMER) timestamp=13095 ms, used_size=7110656 bytes (17.4%)
(RDMA_READ_CONSUME_CHECK_CONSUMER) timestamp=13095 ms, used_size=7108608 bytes (17.4%)
(RDMA_READ_CONSUME_CHECK_CONSUMER) timestamp=13095 ms, used_size=7106560 bytes (17.4%)
(RDMA_READ_CONSUME_CHECK_CONSUMER) timestamp=13095 ms, used_size=7104512 bytes (17.3%)
(RDMA_READ_CONSUME_CHECK_CONSUMER) timestamp=13095 ms, used_size=7102464 bytes (17.3%)
(RDMA_READ_CONSUME_CHECK_CONSUMER) timestamp=13095 ms, used_size=7100416 bytes (17.3%)
(RDMA_READ_CONSUME_CHECK_CONSUMER) timestamp=13095 ms, used_size=7098368 bytes (17.3%)
(RDMA_READ_CONSUME_CHECK_CONSUMER) timestamp=13095 ms, used_size=7096320 bytes (17.3%)
(RDMA_READ_CONSUME_CHECK_CONSUMER) timestamp=13095 ms, used_size=7094272 bytes (17.3%)
(RDMA_READ_CONSUME_CHECK_CONSUMER) timestamp=13095 ms, used_size=7092224 bytes (17.3%)
(RDMA_READ_CONSUME_CHECK_CONSUMER) timestamp=13095 ms, used_size=7090176 bytes (17.3%)
(RDMA_READ_CONSUME_CHECK_CONSUMER) timestamp=13095 ms, used_size=7088128 bytes (17.3%)
(RDMA_READ_CONSUME_CHECK_CONSUMER) timestamp=13095 ms, used_size=7086080 bytes (17.3%)
(RDMA_READ_CONSUME_CHECK_CONSUMER) timestamp=13095 ms, used_size=7084032 bytes (17.3%)
(RDMA_READ_CONSUME_CHECK_CONSUMER) timestamp=13095 ms, used_size=7081984 bytes (17.3%)
(RDMA_READ_CONSUME_CHECK_CONSUMER) timestamp=13095 ms, used_size=7079936 bytes (17.3%)
(RDMA_READ_CONSUME_CHECK_CONSUMER) timestamp=13095 ms, used_size=7077888 bytes (17.3%)
(RDMA_READ_CONSUME_CHECK_CONSUMER) timestamp=13095 ms, used_size=7075840 bytes (17.3%)
(RDMA_READ_CONSUME_CHECK_CONSUMER) timestamp=13095 ms, used_size=7073792 bytes (17.3%)
(RDMA_READ_CONSUME_CHECK_CONSUMER) timestamp=13095 ms, used_size=7071744 bytes (17.3%)
(RDMA_READ_CONSUME_CHECK_CONSUMER) timestamp=13095 ms, used_size=7069696 bytes (17.3%)
(RDMA_READ_CONSUME_CHECK_CONSUMER) timestamp=13095 ms, used_size=7067648 bytes (17.3%)
(RDMA_READ_CONSUME_CHECK_CONSUMER) timestamp=13095 ms, used_size=7065600 bytes (17.2%)
(RDMA_READ_CONSUME_CHECK_CONSUMER) timestamp=13095 ms, used_size=7063552 bytes (17.2%)
(RDMA_READ_CONSUME_CHECK_CONSUMER) timestamp=13095 ms, used_size=7061504 bytes (17.2%)
(RDMA_READ_CONSUME_CHECK_CONSUMER) timestamp=13095 ms, used_size=7059456 bytes (17.2%)
(RDMA_READ_CONSUME_CHECK_CONSUMER) timestamp=13095 ms, used_size=7057408 bytes (17.2%)
(RDMA_READ_CONSUME_CHECK_CONSUMER) timestamp=13095 ms, used_size=7055360 bytes (17.2%)
(RDMA_READ_CONSUME_CHECK_CONSUMER) timestamp=13095 ms, used_size=7053312 bytes (17.2%)
(RDMA_READ_CONSUME_CHECK_CONSUMER) timestamp=13095 ms, used_size=7051264 bytes (17.2%)
(RDMA_READ_CONSUME_CHECK_CONSUMER) timestamp=13095 ms, used_size=7049216 bytes (17.2%)
(RDMA_READ_CONSUME_CHECK_CONSUMER) timestamp=13095 ms, used_size=7047168 bytes (17.2%)
(RDMA_READ_CONSUME_CHECK_CONSUMER) timestamp=13095 ms, used_size=7045120 bytes (17.2%)
(RDMA_READ_CONSUME_CHECK_CONSUMER) timestamp=13095 ms, used_size=7043072 bytes (17.2%)
(RDMA_READ_CONSUME_CHECK_CONSUMER) timestamp=13095 ms, used_size=7041024 bytes (17.2%)
(RDMA_READ_CONSUME_CHECK_CONSUMER) timestamp=13095 ms, used_size=7038976 bytes (17.2%)
(RDMA_READ_CONSUME_CHECK_CONSUMER) timestamp=13095 ms, used_size=7036928 bytes (17.2%)
(RDMA_READ_CONSUME_CHECK_CONSUMER) timestamp=13095 ms, used_size=7034880 bytes (17.2%)
(RDMA_READ_CONSUME_CHECK_CONSUMER) timestamp=13095 ms, used_size=7032832 bytes (17.2%)
(RDMA_READ_CONSUME_CHECK_CONSUMER) timestamp=13095 ms, used_size=7030784 bytes (17.2%)
(RDMA_READ_CONSUME_CHECK_CONSUMER) timestamp=13095 ms, used_size=7028736 bytes (17.2%)
(RDMA_READ_CONSUME_CHECK_CONSUMER) timestamp=13095 ms, used_size=7026688 bytes (17.2%)
(RDMA_READ_CONSUME_CHECK_CONSUMER) timestamp=13095 ms, used_size=7024640 bytes (17.1%)
(RDMA_READ_CONSUME_CHECK_CONSUMER) timestamp=13095 ms, used_size=7022592 bytes (17.1%)
(RDMA_READ_CONSUME_CHECK_CONSUMER) timestamp=13095 ms, used_size=7020544 bytes (17.1%)
(RDMA_READ_CONSUME_CHECK_CONSUMER) timestamp=13095 ms, used_size=7018496 bytes (17.1%)
(RDMA_READ_CONSUME_CHECK_CONSUMER) timestamp=13095 ms, used_size=7016448 bytes (17.1%)
(RDMA_READ_CONSUME_CHECK_CONSUMER) timestamp=13095 ms, used_size=7014400 bytes (17.1%)
(RDMA_READ_CONSUME_CHECK_CONSUMER) timestamp=13095 ms, used_size=7012352 bytes (17.1%)
(RDMA_READ_CONSUME_CHECK_CONSUMER) timestamp=13095 ms, used_size=7010304 bytes (17.1%)
(RDMA_READ_CONSUME_CHECK_CONSUMER) timestamp=13095 ms, used_size=7008256 bytes (17.1%)
(RDMA_READ_CONSUME_CHECK_CONSUMER) timestamp=13095 ms, used_size=7006208 bytes (17.1%)
(RDMA_READ_CONSUME_CHECK_CONSUMER) timestamp=13095 ms, used_size=7004160 bytes (17.1%)
(RDMA_READ_CONSUME_CHECK_CONSUMER) timestamp=13095 ms, used_size=7002112 bytes (17.1%)
(RDMA_READ_CONSUME_CHECK_CONSUMER) timestamp=13095 ms, used_size=7000064 bytes (17.1%)
(RDMA_READ_CONSUME_CHECK_CONSUMER) timestamp=13095 ms, used_size=6998016 bytes (17.1%)
(RDMA_READ_CONSUME_CHECK_CONSUMER) timestamp=13095 ms, used_size=6995968 bytes (17.1%)
(RDMA_READ_CONSUME_CHECK_CONSUMER) timestamp=13095 ms, used_size=6993920 bytes (17.1%)
(RDMA_READ_CONSUME_CHECK_CONSUMER) timestamp=13095 ms, used_size=6991872 bytes (17.1%)
(RDMA_READ_CONSUME_CHECK_CONSUMER) timestamp=13095 ms, used_size=6989824 bytes (17.1%)
(RDMA_READ_CONSUME_CHECK_CONSUMER) timestamp=13095 ms, used_size=6987776 bytes (17.1%)
(RDMA_READ_CONSUME_CHECK_CONSUMER) timestamp=13095 ms, used_size=6985728 bytes (17.1%)
(RDMA_READ_CONSUME_CHECK_CONSUMER) timestamp=13095 ms, used_size=6983680 bytes (17.1%)
(RDMA_READ_CONSUME_CHECK_CONSUMER) timestamp=13095 ms, used_size=6981632 bytes (17.0%)
(RDMA_READ_CONSUME_CHECK_CONSUMER) timestamp=13095 ms, used_size=6979584 bytes (17.0%)
(RDMA_READ_CONSUME_CHECK_CONSUMER) timestamp=13095 ms, used_size=6977536 bytes (17.0%)
(RDMA_READ_CONSUME_CHECK_CONSUMER) timestamp=13095 ms, used_size=6975488 bytes (17.0%)
(RDMA_READ_CONSUME_CHECK_CONSUMER) timestamp=13095 ms, used_size=6973440 bytes (17.0%)
(RDMA_READ_CONSUME_CHECK_CONSUMER) timestamp=13095 ms, used_size=6971392 bytes (17.0%)
(RDMA_READ_CONSUME_CHECK_CONSUMER) timestamp=13095 ms, used_size=6969344 bytes (17.0%)
(RDMA_READ_CONSUME_CHECK_CONSUMER) timestamp=13095 ms, used_size=6967296 bytes (17.0%)
(RDMA_READ_CONSUME_CHECK_CONSUMER) timestamp=13095 ms, used_size=6965248 bytes (17.0%)
(RDMA_READ_CONSUME_CHECK_CONSUMER) timestamp=13095 ms, used_size=6963200 bytes (17.0%)
(RDMA_READ_CONSUME_CHECK_CONSUMER) timestamp=13095 ms, used_size=6961152 bytes (17.0%)
(RDMA_READ_CONSUME_CHECK_CONSUMER) timestamp=13095 ms, used_size=6959104 bytes (17.0%)
(RDMA_READ_CONSUME_CHECK_CONSUMER) timestamp=13095 ms, used_size=6957056 bytes (17.0%)
(RDMA_READ_CONSUME_CHECK_CONSUMER) timestamp=13095 ms, used_size=6955008 bytes (17.0%)
(RDMA_READ_CONSUME_CHECK_CONSUMER) timestamp=13095 ms, used_size=6952960 bytes (17.0%)
(RDMA_READ_CONSUME_CHECK_CONSUMER) timestamp=13095 ms, used_size=6950912 bytes (17.0%)
(RDMA_READ_CONSUME_CHECK_CONSUMER) timestamp=13095 ms, used_size=6948864 bytes (17.0%)
(RDMA_READ_CONSUME_CHECK_CONSUMER) timestamp=13095 ms, used_size=6946816 bytes (17.0%)
(RDMA_READ_CONSUME_CHECK_CONSUMER) timestamp=13095 ms, used_size=6944768 bytes (17.0%)
(RDMA_READ_CONSUME_CHECK_CONSUMER) timestamp=13095 ms, used_size=6942720 bytes (16.9%)
(RDMA_READ_CONSUME_CHECK_CONSUMER) timestamp=13095 ms, used_size=6940672 bytes (16.9%)
(RDMA_READ_CONSUME_CHECK_CONSUMER) timestamp=13095 ms, used_size=6938624 bytes (16.9%)
(RDMA_READ_CONSUME_CHECK_CONSUMER) timestamp=13095 ms, used_size=6936576 bytes (16.9%)
(RDMA_READ_CONSUME_CHECK_CONSUMER) timestamp=13095 ms, used_size=6934528 bytes (16.9%)
(RDMA_READ_CONSUME_CHECK_CONSUMER) timestamp=13095 ms, used_size=6932480 bytes (16.9%)
(RDMA_READ_CONSUME_CHECK_CONSUMER) timestamp=13095 ms, used_size=6930432 bytes (16.9%)
(RDMA_READ_CONSUME_CHECK_CONSUMER) timestamp=13095 ms, used_size=6928384 bytes (16.9%)
(RDMA_READ_CONSUME_CHECK_CONSUMER) timestamp=13095 ms, used_size=6926336 bytes (16.9%)
(RDMA_READ_CONSUME_CHECK_CONSUMER) timestamp=13095 ms, used_size=6924288 bytes (16.9%)
(RDMA_READ_CONSUME_CHECK_CONSUMER) timestamp=13095 ms, used_size=6922240 bytes (16.9%)
(RDMA_READ_CONSUME_CHECK_CONSUMER) timestamp=13095 ms, used_size=6920192 bytes (16.9%)
(RDMA_READ_CONSUME_CHECK_CONSUMER) timestamp=13095 ms, used_size=6918144 bytes (16.9%)
(RDMA_READ_CONSUME_CHECK_CONSUMER) timestamp=13095 ms, used_size=6916096 bytes (16.9%)
(RDMA_READ_CONSUME_CHECK_CONSUMER) timestamp=13095 ms, used_size=6914048 bytes (16.9%)
(RDMA_READ_CONSUME_CHECK_CONSUMER) timestamp=13095 ms, used_size=6912000 bytes (16.9%)
(RDMA_READ_CONSUME_CHECK_CONSUMER) timestamp=13095 ms, used_size=6909952 bytes (16.9%)
(RDMA_READ_CONSUME_CHECK_CONSUMER) timestamp=13095 ms, used_size=6907904 bytes (16.9%)
(RDMA_READ_CONSUME_CHECK_CONSUMER) timestamp=13095 ms, used_size=6905856 bytes (16.9%)
(RDMA_READ_CONSUME_CHECK_CONSUMER) timestamp=13095 ms, used_size=6903808 bytes (16.9%)
(RDMA_READ_CONSUME_CHECK_CONSUMER) timestamp=13095 ms, used_size=6901760 bytes (16.9%)
(RDMA_READ_CONSUME_CHECK_CONSUMER) timestamp=13095 ms, used_size=6899712 bytes (16.8%)
(RDMA_READ_CONSUME_CHECK_CONSUMER) timestamp=13095 ms, used_size=6897664 bytes (16.8%)
(RDMA_READ_CONSUME_CHECK_CONSUMER) timestamp=13095 ms, used_size=6895616 bytes (16.8%)
(RDMA_READ_CONSUME_CHECK_CONSUMER) timestamp=13095 ms, used_size=6893568 bytes (16.8%)
(RDMA_READ_CONSUME_CHECK_CONSUMER) timestamp=13095 ms, used_size=6891520 bytes (16.8%)
(RDMA_READ_CONSUME_CHECK_CONSUMER) timestamp=13095 ms, used_size=6889472 bytes (16.8%)
(RDMA_READ_CONSUME_CHECK_CONSUMER) timestamp=13095 ms, used_size=6887424 bytes (16.8%)
(RDMA_READ_CONSUME_CHECK_CONSUMER) timestamp=13095 ms, used_size=6885376 bytes (16.8%)
(RDMA_READ_CONSUME_CHECK_CONSUMER) timestamp=13095 ms, used_size=6883328 bytes (16.8%)
(RDMA_READ_CONSUME_CHECK_CONSUMER) timestamp=13095 ms, used_size=6881280 bytes (16.8%)
(RDMA_READ_CONSUME_CHECK_CONSUMER) timestamp=13095 ms, used_size=6879232 bytes (16.8%)
(RDMA_READ_CONSUME_CHECK_CONSUMER) timestamp=13095 ms, used_size=6877184 bytes (16.8%)
(RDMA_READ_CONSUME_CHECK_CONSUMER) timestamp=13095 ms, used_size=6875136 bytes (16.8%)
(RDMA_READ_CONSUME_CHECK_CONSUMER) timestamp=13095 ms, used_size=6873088 bytes (16.8%)
(RDMA_READ_CONSUME_CHECK_CONSUMER) timestamp=13095 ms, used_size=6871040 bytes (16.8%)
(RDMA_READ_CONSUME_CHECK_CONSUMER) timestamp=13095 ms, used_size=6868992 bytes (16.8%)
(RDMA_READ_CONSUME_CHECK_CONSUMER) timestamp=13095 ms, used_size=6866944 bytes (16.8%)
(RDMA_READ_CONSUME_CHECK_CONSUMER) timestamp=13095 ms, used_size=6864896 bytes (16.8%)
(RDMA_READ_CONSUME_CHECK_CONSUMER) timestamp=13095 ms, used_size=6862848 bytes (16.8%)
(RDMA_READ_CONSUME_CHECK_CONSUMER) timestamp=13095 ms, used_size=6860800 bytes (16.8%)
(RDMA_READ_CONSUME_CHECK_CONSUMER) timestamp=13095 ms, used_size=6858752 bytes (16.7%)
(RDMA_READ_CONSUME_CHECK_CONSUMER) timestamp=13095 ms, used_size=6856704 bytes (16.7%)
(RDMA_READ_CONSUME_CHECK_CONSUMER) timestamp=13095 ms, used_size=6854656 bytes (16.7%)
(RDMA_READ_CONSUME_CHECK_CONSUMER) timestamp=13095 ms, used_size=6852608 bytes (16.7%)
(RDMA_READ_CONSUME_CHECK_CONSUMER) timestamp=13095 ms, used_size=6850560 bytes (16.7%)
(RDMA_READ_CONSUME_CHECK_CONSUMER) timestamp=13095 ms, used_size=6848512 bytes (16.7%)
(RDMA_READ_CONSUME_CHECK_CONSUMER) timestamp=13095 ms, used_size=6846464 bytes (16.7%)
(RDMA_READ_CONSUME_CHECK_CONSUMER) timestamp=13095 ms, used_size=6844416 bytes (16.7%)
(RDMA_READ_CONSUME_CHECK_CONSUMER) timestamp=13095 ms, used_size=6842368 bytes (16.7%)
(RDMA_READ_CONSUME_CHECK_CONSUMER) timestamp=13095 ms, used_size=6840320 bytes (16.7%)
(RDMA_READ_CONSUME_CHECK_CONSUMER) timestamp=13095 ms, used_size=6838272 bytes (16.7%)
(RDMA_READ_CONSUME_CHECK_CONSUMER) timestamp=13095 ms, used_size=6836224 bytes (16.7%)
(RDMA_READ_CONSUME_CHECK_CONSUMER) timestamp=13095 ms, used_size=6834176 bytes (16.7%)
(RDMA_READ_CONSUME_CHECK_CONSUMER) timestamp=13095 ms, used_size=6832128 bytes (16.7%)
(RDMA_READ_CONSUME_CHECK_CONSUMER) timestamp=13095 ms, used_size=6830080 bytes (16.7%)
(RDMA_READ_CONSUME_CHECK_CONSUMER) timestamp=13095 ms, used_size=6828032 bytes (16.7%)
(RDMA_READ_CONSUME_CHECK_CONSUMER) timestamp=13095 ms, used_size=6825984 bytes (16.7%)
(RDMA_READ_CONSUME_CHECK_CONSUMER) timestamp=13095 ms, used_size=6823936 bytes (16.7%)
(RDMA_READ_CONSUME_CHECK_CONSUMER) timestamp=13095 ms, used_size=6821888 bytes (16.7%)
(RDMA_READ_CONSUME_CHECK_CONSUMER) timestamp=13095 ms, used_size=6819840 bytes (16.6%)
(RDMA_READ_CONSUME_CHECK_CONSUMER) timestamp=13095 ms, used_size=6817792 bytes (16.6%)
(RDMA_READ_CONSUME_CHECK_CONSUMER) timestamp=13095 ms, used_size=6815744 bytes (16.6%)
(RDMA_READ_CONSUME_CHECK_CONSUMER) timestamp=13095 ms, used_size=6813696 bytes (16.6%)
(RDMA_READ_CONSUME_CHECK_CONSUMER) timestamp=13095 ms, used_size=6811648 bytes (16.6%)
(RDMA_READ_CONSUME_CHECK_CONSUMER) timestamp=13095 ms, used_size=6809600 bytes (16.6%)
(RDMA_READ_CONSUME_CHECK_CONSUMER) timestamp=13095 ms, used_size=6807552 bytes (16.6%)
(RDMA_READ_CONSUME_CHECK_CONSUMER) timestamp=13095 ms, used_size=6805504 bytes (16.6%)
(RDMA_READ_CONSUME_CHECK_CONSUMER) timestamp=13096 ms, used_size=6803456 bytes (16.6%)
(RDMA_READ_CONSUME_CHECK_CONSUMER) timestamp=13096 ms, used_size=6801408 bytes (16.6%)
(RDMA_READ_CONSUME_CHECK_CONSUMER) timestamp=13096 ms, used_size=6799360 bytes (16.6%)
(RDMA_READ_CONSUME_CHECK_CONSUMER) timestamp=13096 ms, used_size=6797312 bytes (16.6%)
(RDMA_READ_CONSUME_CHECK_CONSUMER) timestamp=13096 ms, used_size=6795264 bytes (16.6%)
(RDMA_READ_CONSUME_CHECK_CONSUMER) timestamp=13096 ms, used_size=6793216 bytes (16.6%)
(RDMA_READ_CONSUME_CHECK_CONSUMER) timestamp=13096 ms, used_size=6791168 bytes (16.6%)
(RDMA_READ_CONSUME_CHECK_CONSUMER) timestamp=13096 ms, used_size=6789120 bytes (16.6%)
(RDMA_READ_CONSUME_CHECK_CONSUMER) timestamp=13096 ms, used_size=6787072 bytes (16.6%)
(RDMA_READ_CONSUME_CHECK_CONSUMER) timestamp=13096 ms, used_size=6785024 bytes (16.6%)
(RDMA_READ_CONSUME_CHECK_CONSUMER) timestamp=13096 ms, used_size=6782976 bytes (16.6%)
(RDMA_READ_CONSUME_CHECK_CONSUMER) timestamp=13096 ms, used_size=6780928 bytes (16.6%)
(RDMA_READ_CONSUME_CHECK_CONSUMER) timestamp=13096 ms, used_size=6778880 bytes (16.6%)
(RDMA_READ_CONSUME_CHECK_CONSUMER) timestamp=13096 ms, used_size=6776832 bytes (16.5%)
(RDMA_READ_CONSUME_CHECK_CONSUMER) timestamp=13096 ms, used_size=6774784 bytes (16.5%)
(RDMA_READ_CONSUME_CHECK_CONSUMER) timestamp=13096 ms, used_size=6772736 bytes (16.5%)
(RDMA_READ_CONSUME_CHECK_CONSUMER) timestamp=13096 ms, used_size=6770688 bytes (16.5%)
(RDMA_READ_CONSUME_CHECK_CONSUMER) timestamp=13096 ms, used_size=6768640 bytes (16.5%)
(RDMA_READ_CONSUME_CHECK_CONSUMER) timestamp=13096 ms, used_size=6766592 bytes (16.5%)
(RDMA_READ_CONSUME_CHECK_CONSUMER) timestamp=13096 ms, used_size=6764544 bytes (16.5%)
(RDMA_READ_CONSUME_CHECK_CONSUMER) timestamp=13096 ms, used_size=6762496 bytes (16.5%)
(RDMA_READ_CONSUME_CHECK_CONSUMER) timestamp=13096 ms, used_size=6760448 bytes (16.5%)
(RDMA_READ_CONSUME_CHECK_CONSUMER) timestamp=13096 ms, used_size=6758400 bytes (16.5%)
(RDMA_READ_CONSUME_CHECK_CONSUMER) timestamp=13096 ms, used_size=6756352 bytes (16.5%)
(RDMA_READ_CONSUME_CHECK_CONSUMER) timestamp=13096 ms, used_size=6754304 bytes (16.5%)
(RDMA_READ_CONSUME_CHECK_CONSUMER) timestamp=13096 ms, used_size=6752256 bytes (16.5%)
(RDMA_READ_CONSUME_CHECK_CONSUMER) timestamp=13096 ms, used_size=6750208 bytes (16.5%)
(RDMA_READ_CONSUME_CHECK_CONSUMER) timestamp=13096 ms, used_size=6748160 bytes (16.5%)
(RDMA_READ_CONSUME_CHECK_CONSUMER) timestamp=13096 ms, used_size=6746112 bytes (16.5%)
(RDMA_READ_CONSUME_CHECK_CONSUMER) timestamp=13096 ms, used_size=6744064 bytes (16.5%)
(RDMA_READ_CONSUME_CHECK_CONSUMER) timestamp=13096 ms, used_size=6742016 bytes (16.5%)
(RDMA_READ_CONSUME_CHECK_CONSUMER) timestamp=13096 ms, used_size=6739968 bytes (16.5%)
(RDMA_READ_CONSUME_CHECK_CONSUMER) timestamp=13096 ms, used_size=6737920 bytes (16.4%)
(RDMA_READ_CONSUME_CHECK_CONSUMER) timestamp=13096 ms, used_size=6735872 bytes (16.4%)
(RDMA_READ_CONSUME_CHECK_CONSUMER) timestamp=13096 ms, used_size=6733824 bytes (16.4%)
(RDMA_READ_CONSUME_CHECK_CONSUMER) timestamp=13096 ms, used_size=6731776 bytes (16.4%)
(RDMA_READ_CONSUME_CHECK_CONSUMER) timestamp=13096 ms, used_size=6729728 bytes (16.4%)
(RDMA_READ_CONSUME_CHECK_CONSUMER) timestamp=13096 ms, used_size=6727680 bytes (16.4%)
(RDMA_READ_CONSUME_CHECK_CONSUMER) timestamp=13096 ms, used_size=6725632 bytes (16.4%)
(RDMA_READ_CONSUME_CHECK_CONSUMER) timestamp=13096 ms, used_size=6723584 bytes (16.4%)
(RDMA_READ_CONSUME_CHECK_CONSUMER) timestamp=13096 ms, used_size=6721536 bytes (16.4%)
(RDMA_READ_CONSUME_CHECK_CONSUMER) timestamp=13096 ms, used_size=6719488 bytes (16.4%)
(RDMA_READ_CONSUME_CHECK_CONSUMER) timestamp=13096 ms, used_size=6717440 bytes (16.4%)
(RDMA_READ_CONSUME_CHECK_CONSUMER) timestamp=13096 ms, used_size=6715392 bytes (16.4%)
(RDMA_READ_CONSUME_CHECK_CONSUMER) timestamp=13096 ms, used_size=6713344 bytes (16.4%)
(RDMA_READ_CONSUME_CHECK_CONSUMER) timestamp=13096 ms, used_size=6711296 bytes (16.4%)
(RDMA_READ_CONSUME_CHECK_CONSUMER) timestamp=13096 ms, used_size=6709248 bytes (16.4%)
(RDMA_READ_CONSUME_CHECK_CONSUMER) timestamp=13096 ms, used_size=6707200 bytes (16.4%)
(RDMA_READ_CONSUME_CHECK_CONSUMER) timestamp=13096 ms, used_size=6705152 bytes (16.4%)
(RDMA_READ_CONSUME_CHECK_CONSUMER) timestamp=13096 ms, used_size=6703104 bytes (16.4%)
(RDMA_READ_CONSUME_CHECK_CONSUMER) timestamp=13096 ms, used_size=6701056 bytes (16.4%)
(RDMA_READ_CONSUME_CHECK_CONSUMER) timestamp=13096 ms, used_size=6699008 bytes (16.4%)
(RDMA_READ_CONSUME_CHECK_CONSUMER) timestamp=13096 ms, used_size=6696960 bytes (16.4%)
(RDMA_READ_CONSUME_CHECK_CONSUMER) timestamp=13096 ms, used_size=6694912 bytes (16.3%)
(RDMA_READ_CONSUME_CHECK_CONSUMER) timestamp=13096 ms, used_size=6692864 bytes (16.3%)
(RDMA_READ_CONSUME_CHECK_CONSUMER) timestamp=13096 ms, used_size=6690816 bytes (16.3%)
(RDMA_READ_CONSUME_CHECK_CONSUMER) timestamp=13096 ms, used_size=6688768 bytes (16.3%)
(RDMA_READ_CONSUME_CHECK_CONSUMER) timestamp=13096 ms, used_size=6686720 bytes (16.3%)
(RDMA_READ_CONSUME_CHECK_CONSUMER) timestamp=13096 ms, used_size=6684672 bytes (16.3%)
(RDMA_READ_CONSUME_CHECK_CONSUMER) timestamp=13096 ms, used_size=6682624 bytes (16.3%)
(RDMA_READ_CONSUME_CHECK_CONSUMER) timestamp=13096 ms, used_size=6680576 bytes (16.3%)
(RDMA_READ_CONSUME_CHECK_CONSUMER) timestamp=13096 ms, used_size=6678528 bytes (16.3%)
(RDMA_READ_CONSUME_CHECK_CONSUMER) timestamp=13096 ms, used_size=6676480 bytes (16.3%)
(RDMA_READ_CONSUME_CHECK_CONSUMER) timestamp=13096 ms, used_size=6674432 bytes (16.3%)
(RDMA_READ_CONSUME_CHECK_CONSUMER) timestamp=13096 ms, used_size=6672384 bytes (16.3%)
(RDMA_READ_CONSUME_CHECK_CONSUMER) timestamp=13096 ms, used_size=6670336 bytes (16.3%)
(RDMA_READ_CONSUME_CHECK_CONSUMER) timestamp=13096 ms, used_size=6668288 bytes (16.3%)
(RDMA_READ_CONSUME_CHECK_CONSUMER) timestamp=13096 ms, used_size=6666240 bytes (16.3%)
(RDMA_READ_CONSUME_CHECK_CONSUMER) timestamp=13096 ms, used_size=6664192 bytes (16.3%)
(RDMA_READ_CONSUME_CHECK_CONSUMER) timestamp=13096 ms, used_size=6662144 bytes (16.3%)
(RDMA_READ_CONSUME_CHECK_CONSUMER) timestamp=13096 ms, used_size=6660096 bytes (16.3%)
(RDMA_READ_CONSUME_CHECK_CONSUMER) timestamp=13096 ms, used_size=6658048 bytes (16.3%)
(RDMA_READ_CONSUME_CHECK_CONSUMER) timestamp=13096 ms, used_size=6656000 bytes (16.2%)
(RDMA_READ_CONSUME_CHECK_CONSUMER) timestamp=13096 ms, used_size=6653952 bytes (16.2%)
(RDMA_READ_CONSUME_CHECK_CONSUMER) timestamp=13096 ms, used_size=6651904 bytes (16.2%)
(RDMA_READ_CONSUME_CHECK_CONSUMER) timestamp=13096 ms, used_size=6649856 bytes (16.2%)
(RDMA_READ_CONSUME_CHECK_CONSUMER) timestamp=13096 ms, used_size=6647808 bytes (16.2%)
(RDMA_READ_CONSUME_CHECK_CONSUMER) timestamp=13096 ms, used_size=6645760 bytes (16.2%)
(RDMA_READ_CONSUME_CHECK_CONSUMER) timestamp=13096 ms, used_size=6643712 bytes (16.2%)
(RDMA_READ_CONSUME_CHECK_CONSUMER) timestamp=13096 ms, used_size=6641664 bytes (16.2%)
(RDMA_READ_CONSUME_CHECK_CONSUMER) timestamp=13096 ms, used_size=6639616 bytes (16.2%)
(RDMA_READ_CONSUME_CHECK_CONSUMER) timestamp=13096 ms, used_size=6637568 bytes (16.2%)
(RDMA_READ_CONSUME_CHECK_CONSUMER) timestamp=13096 ms, used_size=6635520 bytes (16.2%)
(RDMA_READ_CONSUME_CHECK_CONSUMER) timestamp=13096 ms, used_size=6633472 bytes (16.2%)
(RDMA_READ_CONSUME_CHECK_CONSUMER) timestamp=13096 ms, used_size=6631424 bytes (16.2%)
(RDMA_READ_CONSUME_CHECK_CONSUMER) timestamp=13096 ms, used_size=6629376 bytes (16.2%)
(RDMA_READ_CONSUME_CHECK_CONSUMER) timestamp=13096 ms, used_size=6627328 bytes (16.2%)
(RDMA_READ_CONSUME_CHECK_CONSUMER) timestamp=13096 ms, used_size=6625280 bytes (16.2%)
(RDMA_READ_CONSUME_CHECK_CONSUMER) timestamp=13096 ms, used_size=6623232 bytes (16.2%)
(RDMA_READ_CONSUME_CHECK_CONSUMER) timestamp=13096 ms, used_size=6621184 bytes (16.2%)
(RDMA_READ_CONSUME_CHECK_CONSUMER) timestamp=13096 ms, used_size=6619136 bytes (16.2%)
(RDMA_READ_CONSUME_CHECK_CONSUMER) timestamp=13096 ms, used_size=6617088 bytes (16.2%)
(RDMA_READ_CONSUME_CHECK_CONSUMER) timestamp=13096 ms, used_size=6615040 bytes (16.1%)
(RDMA_READ_CONSUME_CHECK_CONSUMER) timestamp=13096 ms, used_size=6612992 bytes (16.1%)
(RDMA_READ_CONSUME_CHECK_CONSUMER) timestamp=13096 ms, used_size=6610944 bytes (16.1%)
(RDMA_READ_CONSUME_CHECK_CONSUMER) timestamp=13096 ms, used_size=6608896 bytes (16.1%)
(RDMA_READ_CONSUME_CHECK_CONSUMER) timestamp=13096 ms, used_size=6606848 bytes (16.1%)
(RDMA_READ_CONSUME_CHECK_CONSUMER) timestamp=13096 ms, used_size=6604800 bytes (16.1%)
(RDMA_READ_CONSUME_CHECK_CONSUMER) timestamp=13096 ms, used_size=6602752 bytes (16.1%)
(RDMA_READ_CONSUME_CHECK_CONSUMER) timestamp=13096 ms, used_size=6600704 bytes (16.1%)
(RDMA_READ_CONSUME_CHECK_CONSUMER) timestamp=13096 ms, used_size=6598656 bytes (16.1%)
(RDMA_READ_CONSUME_CHECK_CONSUMER) timestamp=13096 ms, used_size=6596608 bytes (16.1%)
(RDMA_READ_CONSUME_CHECK_CONSUMER) timestamp=13096 ms, used_size=6594560 bytes (16.1%)
(RDMA_READ_CONSUME_CHECK_CONSUMER) timestamp=13096 ms, used_size=6592512 bytes (16.1%)
(RDMA_READ_CONSUME_CHECK_CONSUMER) timestamp=13096 ms, used_size=6590464 bytes (16.1%)
(RDMA_READ_CONSUME_CHECK_CONSUMER) timestamp=13096 ms, used_size=6588416 bytes (16.1%)
(RDMA_READ_CONSUME_CHECK_CONSUMER) timestamp=13096 ms, used_size=6586368 bytes (16.1%)
(RDMA_READ_CONSUME_CHECK_CONSUMER) timestamp=13096 ms, used_size=6584320 bytes (16.1%)
(RDMA_READ_CONSUME_CHECK_CONSUMER) timestamp=13096 ms, used_size=6582272 bytes (16.1%)
(RDMA_READ_CONSUME_CHECK_CONSUMER) timestamp=13096 ms, used_size=6580224 bytes (16.1%)
(RDMA_READ_CONSUME_CHECK_CONSUMER) timestamp=13096 ms, used_size=6578176 bytes (16.1%)
(RDMA_READ_CONSUME_CHECK_CONSUMER) timestamp=13096 ms, used_size=6576128 bytes (16.1%)
(RDMA_READ_CONSUME_CHECK_CONSUMER) timestamp=13096 ms, used_size=6574080 bytes (16.1%)
(RDMA_READ_CONSUME_CHECK_CONSUMER) timestamp=13096 ms, used_size=6572032 bytes (16.0%)
(RDMA_READ_CONSUME_CHECK_CONSUMER) timestamp=13096 ms, used_size=6569984 bytes (16.0%)
(RDMA_READ_CONSUME_CHECK_CONSUMER) timestamp=13096 ms, used_size=6567936 bytes (16.0%)
(RDMA_READ_CONSUME_CHECK_CONSUMER) timestamp=13096 ms, used_size=6565888 bytes (16.0%)
(RDMA_READ_CONSUME_CHECK_CONSUMER) timestamp=13096 ms, used_size=6563840 bytes (16.0%)
(RDMA_READ_CONSUME_CHECK_CONSUMER) timestamp=13096 ms, used_size=6561792 bytes (16.0%)
(RDMA_READ_CONSUME_CHECK_CONSUMER) timestamp=13096 ms, used_size=6559744 bytes (16.0%)
(RDMA_READ_CONSUME_CHECK_CONSUMER) timestamp=13096 ms, used_size=6557696 bytes (16.0%)
(RDMA_READ_CONSUME_CHECK_CONSUMER) timestamp=13096 ms, used_size=6555648 bytes (16.0%)
(RDMA_READ_CONSUME_CHECK_CONSUMER) timestamp=13096 ms, used_size=6553600 bytes (16.0%)
(RDMA_READ_CONSUME_CHECK_CONSUMER) timestamp=13096 ms, used_size=6551552 bytes (16.0%)
(RDMA_READ_CONSUME_CHECK_CONSUMER) timestamp=13096 ms, used_size=6549504 bytes (16.0%)
(RDMA_READ_CONSUME_CHECK_CONSUMER) timestamp=13096 ms, used_size=6547456 bytes (16.0%)
(RDMA_READ_CONSUME_CHECK_CONSUMER) timestamp=13096 ms, used_size=6545408 bytes (16.0%)
(RDMA_READ_CONSUME_CHECK_CONSUMER) timestamp=13096 ms, used_size=6543360 bytes (16.0%)
(RDMA_READ_CONSUME_CHECK_CONSUMER) timestamp=13096 ms, used_size=6541312 bytes (16.0%)
(RDMA_READ_CONSUME_CHECK_CONSUMER) timestamp=13096 ms, used_size=6539264 bytes (16.0%)
(RDMA_READ_CONSUME_CHECK_CONSUMER) timestamp=13096 ms, used_size=6537216 bytes (16.0%)
(RDMA_READ_CONSUME_CHECK_CONSUMER) timestamp=13096 ms, used_size=6535168 bytes (16.0%)
(RDMA_READ_CONSUME_CHECK_CONSUMER) timestamp=13096 ms, used_size=6533120 bytes (15.9%)
(RDMA_READ_CONSUME_CHECK_CONSUMER) timestamp=13096 ms, used_size=6531072 bytes (15.9%)
(RDMA_READ_CONSUME_CHECK_CONSUMER) timestamp=13096 ms, used_size=6529024 bytes (15.9%)
(RDMA_READ_CONSUME_CHECK_CONSUMER) timestamp=13096 ms, used_size=6526976 bytes (15.9%)
(RDMA_READ_CONSUME_CHECK_CONSUMER) timestamp=13096 ms, used_size=6524928 bytes (15.9%)
(RDMA_READ_CONSUME_CHECK_CONSUMER) timestamp=13096 ms, used_size=6522880 bytes (15.9%)
(RDMA_READ_CONSUME_CHECK_CONSUMER) timestamp=13096 ms, used_size=6520832 bytes (15.9%)
(RDMA_READ_CONSUME_CHECK_CONSUMER) timestamp=13096 ms, used_size=6518784 bytes (15.9%)
(RDMA_READ_CONSUME_CHECK_CONSUMER) timestamp=13096 ms, used_size=6516736 bytes (15.9%)
(RDMA_READ_CONSUME_CHECK_CONSUMER) timestamp=13096 ms, used_size=6514688 bytes (15.9%)
(RDMA_READ_CONSUME_CHECK_CONSUMER) timestamp=13096 ms, used_size=6512640 bytes (15.9%)
(RDMA_READ_CONSUME_CHECK_CONSUMER) timestamp=13096 ms, used_size=6510592 bytes (15.9%)
(RDMA_READ_CONSUME_CHECK_CONSUMER) timestamp=13096 ms, used_size=6508544 bytes (15.9%)
(RDMA_READ_CONSUME_CHECK_CONSUMER) timestamp=13096 ms, used_size=6506496 bytes (15.9%)
(RDMA_READ_CONSUME_CHECK_CONSUMER) timestamp=13096 ms, used_size=6504448 bytes (15.9%)
(RDMA_READ_CONSUME_CHECK_CONSUMER) timestamp=13096 ms, used_size=6502400 bytes (15.9%)
(RDMA_READ_CONSUME_CHECK_CONSUMER) timestamp=13096 ms, used_size=6500352 bytes (15.9%)
(RDMA_READ_CONSUME_CHECK_CONSUMER) timestamp=13096 ms, used_size=6498304 bytes (15.9%)
(RDMA_READ_CONSUME_CHECK_CONSUMER) timestamp=13096 ms, used_size=6496256 bytes (15.9%)
(RDMA_READ_CONSUME_CHECK_CONSUMER) timestamp=13096 ms, used_size=6494208 bytes (15.9%)
(RDMA_READ_CONSUME_CHECK_CONSUMER) timestamp=13096 ms, used_size=6492160 bytes (15.8%)
(RDMA_READ_CONSUME_CHECK_CONSUMER) timestamp=13096 ms, used_size=6490112 bytes (15.8%)
(RDMA_READ_CONSUME_CHECK_CONSUMER) timestamp=13096 ms, used_size=6488064 bytes (15.8%)
(RDMA_READ_CONSUME_CHECK_CONSUMER) timestamp=13096 ms, used_size=6486016 bytes (15.8%)
(RDMA_READ_CONSUME_CHECK_CONSUMER) timestamp=13096 ms, used_size=6483968 bytes (15.8%)
(RDMA_READ_CONSUME_CHECK_CONSUMER) timestamp=13096 ms, used_size=6481920 bytes (15.8%)
(RDMA_READ_CONSUME_CHECK_CONSUMER) timestamp=13096 ms, used_size=6479872 bytes (15.8%)
(RDMA_READ_CONSUME_CHECK_CONSUMER) timestamp=13096 ms, used_size=6477824 bytes (15.8%)
(RDMA_READ_CONSUME_CHECK_CONSUMER) timestamp=13096 ms, used_size=6475776 bytes (15.8%)
(RDMA_READ_CONSUME_CHECK_CONSUMER) timestamp=13096 ms, used_size=6473728 bytes (15.8%)
(RDMA_READ_CONSUME_CHECK_CONSUMER) timestamp=13096 ms, used_size=6471680 bytes (15.8%)
(RDMA_READ_CONSUME_CHECK_CONSUMER) timestamp=13096 ms, used_size=6469632 bytes (15.8%)
(RDMA_READ_CONSUME_CHECK_CONSUMER) timestamp=13096 ms, used_size=6467584 bytes (15.8%)
(RDMA_READ_CONSUME_CHECK_CONSUMER) timestamp=13096 ms, used_size=6465536 bytes (15.8%)
(RDMA_READ_CONSUME_CHECK_CONSUMER) timestamp=13096 ms, used_size=6463488 bytes (15.8%)
(RDMA_READ_CONSUME_CHECK_CONSUMER) timestamp=13096 ms, used_size=6461440 bytes (15.8%)
(RDMA_READ_CONSUME_CHECK_CONSUMER) timestamp=13096 ms, used_size=6459392 bytes (15.8%)
(RDMA_READ_CONSUME_CHECK_CONSUMER) timestamp=13096 ms, used_size=6457344 bytes (15.8%)
(RDMA_READ_CONSUME_CHECK_CONSUMER) timestamp=13097 ms, used_size=6455296 bytes (15.8%)
(RDMA_READ_CONSUME_CHECK_CONSUMER) timestamp=13097 ms, used_size=6453248 bytes (15.8%)
(RDMA_READ_CONSUME_CHECK_CONSUMER) timestamp=13097 ms, used_size=6451200 bytes (15.8%)
(RDMA_READ_CONSUME_CHECK_CONSUMER) timestamp=13097 ms, used_size=6449152 bytes (15.7%)
(RDMA_READ_CONSUME_CHECK_CONSUMER) timestamp=13097 ms, used_size=6447104 bytes (15.7%)
(RDMA_READ_CONSUME_CHECK_CONSUMER) timestamp=13097 ms, used_size=6445056 bytes (15.7%)
(RDMA_READ_CONSUME_CHECK_CONSUMER) timestamp=13097 ms, used_size=6443008 bytes (15.7%)
(RDMA_READ_CONSUME_CHECK_CONSUMER) timestamp=13097 ms, used_size=6440960 bytes (15.7%)
(RDMA_READ_CONSUME_CHECK_CONSUMER) timestamp=13097 ms, used_size=6438912 bytes (15.7%)
(RDMA_READ_CONSUME_CHECK_CONSUMER) timestamp=13097 ms, used_size=6436864 bytes (15.7%)
(RDMA_READ_CONSUME_CHECK_CONSUMER) timestamp=13097 ms, used_size=6434816 bytes (15.7%)
(RDMA_READ_CONSUME_CHECK_CONSUMER) timestamp=13097 ms, used_size=6432768 bytes (15.7%)
(RDMA_READ_CONSUME_CHECK_CONSUMER) timestamp=13097 ms, used_size=6430720 bytes (15.7%)
(RDMA_READ_CONSUME_CHECK_CONSUMER) timestamp=13097 ms, used_size=6428672 bytes (15.7%)
(RDMA_READ_CONSUME_CHECK_CONSUMER) timestamp=13097 ms, used_size=6426624 bytes (15.7%)
(RDMA_READ_CONSUME_CHECK_CONSUMER) timestamp=13097 ms, used_size=6424576 bytes (15.7%)
(RDMA_READ_CONSUME_CHECK_CONSUMER) timestamp=13097 ms, used_size=6422528 bytes (15.7%)
(RDMA_READ_CONSUME_CHECK_CONSUMER) timestamp=13097 ms, used_size=6420480 bytes (15.7%)
(RDMA_READ_CONSUME_CHECK_CONSUMER) timestamp=13097 ms, used_size=6418432 bytes (15.7%)
(RDMA_READ_CONSUME_CHECK_CONSUMER) timestamp=13097 ms, used_size=6416384 bytes (15.7%)
(RDMA_READ_CONSUME_CHECK_CONSUMER) timestamp=13097 ms, used_size=6414336 bytes (15.7%)
(RDMA_READ_CONSUME_CHECK_CONSUMER) timestamp=13097 ms, used_size=6412288 bytes (15.7%)
(RDMA_READ_CONSUME_CHECK_CONSUMER) timestamp=13097 ms, used_size=6410240 bytes (15.7%)
(RDMA_READ_CONSUME_CHECK_CONSUMER) timestamp=13097 ms, used_size=6408192 bytes (15.6%)
(RDMA_READ_CONSUME_CHECK_CONSUMER) timestamp=13097 ms, used_size=6406144 bytes (15.6%)
(RDMA_READ_CONSUME_CHECK_CONSUMER) timestamp=13097 ms, used_size=6404096 bytes (15.6%)
(RDMA_READ_CONSUME_CHECK_CONSUMER) timestamp=13097 ms, used_size=6402048 bytes (15.6%)
(RDMA_READ_CONSUME_CHECK_CONSUMER) timestamp=13097 ms, used_size=6400000 bytes (15.6%)
(RDMA_READ_CONSUME_CHECK_CONSUMER) timestamp=13097 ms, used_size=6397952 bytes (15.6%)
(RDMA_READ_CONSUME_CHECK_CONSUMER) timestamp=13097 ms, used_size=6395904 bytes (15.6%)
(RDMA_READ_CONSUME_CHECK_CONSUMER) timestamp=13097 ms, used_size=6393856 bytes (15.6%)
(RDMA_READ_CONSUME_CHECK_CONSUMER) timestamp=13097 ms, used_size=6391808 bytes (15.6%)
(RDMA_READ_CONSUME_CHECK_CONSUMER) timestamp=13097 ms, used_size=6389760 bytes (15.6%)
(RDMA_READ_CONSUME_CHECK_CONSUMER) timestamp=13097 ms, used_size=6387712 bytes (15.6%)
(RDMA_READ_CONSUME_CHECK_CONSUMER) timestamp=13097 ms, used_size=6385664 bytes (15.6%)
(RDMA_READ_CONSUME_CHECK_CONSUMER) timestamp=13097 ms, used_size=6383616 bytes (15.6%)
(RDMA_READ_CONSUME_CHECK_CONSUMER) timestamp=13097 ms, used_size=6381568 bytes (15.6%)
(RDMA_READ_CONSUME_CHECK_CONSUMER) timestamp=13097 ms, used_size=6379520 bytes (15.6%)
(RDMA_READ_CONSUME_CHECK_CONSUMER) timestamp=13097 ms, used_size=6377472 bytes (15.6%)
(RDMA_READ_CONSUME_CHECK_CONSUMER) timestamp=13097 ms, used_size=6375424 bytes (15.6%)
(RDMA_READ_CONSUME_CHECK_CONSUMER) timestamp=13097 ms, used_size=6373376 bytes (15.6%)
(RDMA_READ_CONSUME_CHECK_CONSUMER) timestamp=13097 ms, used_size=6371328 bytes (15.6%)
(RDMA_READ_CONSUME_CHECK_CONSUMER) timestamp=13097 ms, used_size=6369280 bytes (15.6%)
(RDMA_READ_CONSUME_CHECK_CONSUMER) timestamp=13097 ms, used_size=6367232 bytes (15.5%)
(RDMA_READ_CONSUME_CHECK_CONSUMER) timestamp=13097 ms, used_size=6365184 bytes (15.5%)
(RDMA_READ_CONSUME_CHECK_CONSUMER) timestamp=13097 ms, used_size=6363136 bytes (15.5%)
(RDMA_READ_CONSUME_CHECK_CONSUMER) timestamp=13097 ms, used_size=6361088 bytes (15.5%)
(RDMA_READ_CONSUME_CHECK_CONSUMER) timestamp=13097 ms, used_size=6359040 bytes (15.5%)
(RDMA_READ_CONSUME_CHECK_CONSUMER) timestamp=13097 ms, used_size=6356992 bytes (15.5%)
(RDMA_READ_CONSUME_CHECK_CONSUMER) timestamp=13097 ms, used_size=6354944 bytes (15.5%)
(RDMA_READ_CONSUME_CHECK_CONSUMER) timestamp=13097 ms, used_size=6352896 bytes (15.5%)
(RDMA_READ_CONSUME_CHECK_CONSUMER) timestamp=13097 ms, used_size=6350848 bytes (15.5%)
(RDMA_READ_CONSUME_CHECK_CONSUMER) timestamp=13097 ms, used_size=6348800 bytes (15.5%)
(RDMA_READ_CONSUME_CHECK_CONSUMER) timestamp=13097 ms, used_size=6346752 bytes (15.5%)
(RDMA_READ_CONSUME_CHECK_CONSUMER) timestamp=13097 ms, used_size=6344704 bytes (15.5%)
(RDMA_READ_CONSUME_CHECK_CONSUMER) timestamp=13097 ms, used_size=6342656 bytes (15.5%)
(RDMA_READ_CONSUME_CHECK_CONSUMER) timestamp=13097 ms, used_size=6340608 bytes (15.5%)
(RDMA_READ_CONSUME_CHECK_CONSUMER) timestamp=13097 ms, used_size=6338560 bytes (15.5%)
(RDMA_READ_CONSUME_CHECK_CONSUMER) timestamp=13097 ms, used_size=6336512 bytes (15.5%)
(RDMA_READ_CONSUME_CHECK_CONSUMER) timestamp=13097 ms, used_size=6334464 bytes (15.5%)
(RDMA_READ_CONSUME_CHECK_CONSUMER) timestamp=13097 ms, used_size=6332416 bytes (15.5%)
(RDMA_READ_CONSUME_CHECK_CONSUMER) timestamp=13097 ms, used_size=6330368 bytes (15.5%)
(RDMA_READ_CONSUME_CHECK_CONSUMER) timestamp=13097 ms, used_size=6328320 bytes (15.4%)
(RDMA_READ_CONSUME_CHECK_CONSUMER) timestamp=13097 ms, used_size=6326272 bytes (15.4%)
(RDMA_READ_CONSUME_CHECK_CONSUMER) timestamp=13097 ms, used_size=6324224 bytes (15.4%)
(RDMA_READ_CONSUME_CHECK_CONSUMER) timestamp=13097 ms, used_size=6322176 bytes (15.4%)
(RDMA_READ_CONSUME_CHECK_CONSUMER) timestamp=13097 ms, used_size=6320128 bytes (15.4%)
(RDMA_READ_CONSUME_CHECK_CONSUMER) timestamp=13097 ms, used_size=6318080 bytes (15.4%)
(RDMA_READ_CONSUME_CHECK_CONSUMER) timestamp=13097 ms, used_size=6316032 bytes (15.4%)
(RDMA_READ_CONSUME_CHECK_CONSUMER) timestamp=13097 ms, used_size=6313984 bytes (15.4%)
(RDMA_READ_CONSUME_CHECK_CONSUMER) timestamp=13097 ms, used_size=6311936 bytes (15.4%)
(RDMA_READ_CONSUME_CHECK_CONSUMER) timestamp=13097 ms, used_size=6309888 bytes (15.4%)
(RDMA_READ_CONSUME_CHECK_CONSUMER) timestamp=13097 ms, used_size=6307840 bytes (15.4%)
(RDMA_READ_CONSUME_CHECK_CONSUMER) timestamp=13097 ms, used_size=6305792 bytes (15.4%)
(RDMA_READ_CONSUME_CHECK_CONSUMER) timestamp=13097 ms, used_size=6303744 bytes (15.4%)
(RDMA_READ_CONSUME_CHECK_CONSUMER) timestamp=13097 ms, used_size=6301696 bytes (15.4%)
(RDMA_READ_CONSUME_CHECK_CONSUMER) timestamp=13097 ms, used_size=6299648 bytes (15.4%)
(RDMA_READ_CONSUME_CHECK_CONSUMER) timestamp=13097 ms, used_size=6297600 bytes (15.4%)
(RDMA_READ_CONSUME_CHECK_CONSUMER) timestamp=13097 ms, used_size=6295552 bytes (15.4%)
(RDMA_READ_CONSUME_CHECK_CONSUMER) timestamp=13097 ms, used_size=6293504 bytes (15.4%)
(RDMA_READ_CONSUME_CHECK_CONSUMER) timestamp=13097 ms, used_size=6291456 bytes (15.4%)
(RDMA_READ_CONSUME_CHECK_CONSUMER) timestamp=13097 ms, used_size=6289408 bytes (15.4%)
(RDMA_READ_CONSUME_CHECK_CONSUMER) timestamp=13097 ms, used_size=6287360 bytes (15.3%)
(RDMA_READ_CONSUME_CHECK_CONSUMER) timestamp=13097 ms, used_size=6285312 bytes (15.3%)
(RDMA_READ_CONSUME_CHECK_CONSUMER) timestamp=13097 ms, used_size=6283264 bytes (15.3%)
(RDMA_READ_CONSUME_CHECK_CONSUMER) timestamp=13097 ms, used_size=6281216 bytes (15.3%)
(RDMA_READ_CONSUME_CHECK_CONSUMER) timestamp=13097 ms, used_size=6279168 bytes (15.3%)
(RDMA_READ_CONSUME_CHECK_CONSUMER) timestamp=13097 ms, used_size=6277120 bytes (15.3%)
(RDMA_READ_CONSUME_CHECK_CONSUMER) timestamp=13097 ms, used_size=6275072 bytes (15.3%)
(RDMA_READ_CONSUME_CHECK_CONSUMER) timestamp=13097 ms, used_size=6273024 bytes (15.3%)
(RDMA_READ_CONSUME_CHECK_CONSUMER) timestamp=13097 ms, used_size=6270976 bytes (15.3%)
(RDMA_READ_CONSUME_CHECK_CONSUMER) timestamp=13097 ms, used_size=6268928 bytes (15.3%)
(RDMA_READ_CONSUME_CHECK_CONSUMER) timestamp=13097 ms, used_size=6266880 bytes (15.3%)
(RDMA_READ_CONSUME_CHECK_CONSUMER) timestamp=13097 ms, used_size=6264832 bytes (15.3%)
(RDMA_READ_CONSUME_CHECK_CONSUMER) timestamp=13097 ms, used_size=6262784 bytes (15.3%)
(RDMA_READ_CONSUME_CHECK_CONSUMER) timestamp=13097 ms, used_size=6260736 bytes (15.3%)
(RDMA_READ_CONSUME_CHECK_CONSUMER) timestamp=13097 ms, used_size=6258688 bytes (15.3%)
(RDMA_READ_CONSUME_CHECK_CONSUMER) timestamp=13097 ms, used_size=6256640 bytes (15.3%)
(RDMA_READ_CONSUME_CHECK_CONSUMER) timestamp=13097 ms, used_size=6254592 bytes (15.3%)
(RDMA_READ_CONSUME_CHECK_CONSUMER) timestamp=13097 ms, used_size=6252544 bytes (15.3%)
(RDMA_READ_CONSUME_CHECK_CONSUMER) timestamp=13097 ms, used_size=6250496 bytes (15.3%)
(RDMA_READ_CONSUME_CHECK_CONSUMER) timestamp=13097 ms, used_size=6248448 bytes (15.3%)
(RDMA_READ_CONSUME_CHECK_CONSUMER) timestamp=13097 ms, used_size=6246400 bytes (15.2%)
(RDMA_READ_CONSUME_CHECK_CONSUMER) timestamp=13097 ms, used_size=6244352 bytes (15.2%)
(RDMA_READ_CONSUME_CHECK_CONSUMER) timestamp=13097 ms, used_size=6242304 bytes (15.2%)
(RDMA_READ_CONSUME_CHECK_CONSUMER) timestamp=13097 ms, used_size=6240256 bytes (15.2%)
(RDMA_READ_CONSUME_CHECK_CONSUMER) timestamp=13097 ms, used_size=6238208 bytes (15.2%)
(RDMA_READ_CONSUME_CHECK_CONSUMER) timestamp=13097 ms, used_size=6236160 bytes (15.2%)
(RDMA_READ_CONSUME_CHECK_CONSUMER) timestamp=13097 ms, used_size=6234112 bytes (15.2%)
(RDMA_READ_CONSUME_CHECK_CONSUMER) timestamp=13097 ms, used_size=6232064 bytes (15.2%)
(RDMA_READ_CONSUME_CHECK_CONSUMER) timestamp=13097 ms, used_size=6230016 bytes (15.2%)
(RDMA_READ_CONSUME_CHECK_CONSUMER) timestamp=13097 ms, used_size=6227968 bytes (15.2%)
(RDMA_READ_CONSUME_CHECK_CONSUMER) timestamp=13097 ms, used_size=6225920 bytes (15.2%)
(RDMA_READ_CONSUME_CHECK_CONSUMER) timestamp=13097 ms, used_size=6223872 bytes (15.2%)
(RDMA_READ_CONSUME_CHECK_CONSUMER) timestamp=13097 ms, used_size=6221824 bytes (15.2%)
(RDMA_READ_CONSUME_CHECK_CONSUMER) timestamp=13097 ms, used_size=6219776 bytes (15.2%)
(RDMA_READ_CONSUME_CHECK_CONSUMER) timestamp=13097 ms, used_size=6217728 bytes (15.2%)
(RDMA_READ_CONSUME_CHECK_CONSUMER) timestamp=13097 ms, used_size=6215680 bytes (15.2%)
(RDMA_READ_CONSUME_CHECK_CONSUMER) timestamp=13097 ms, used_size=6213632 bytes (15.2%)
(RDMA_READ_CONSUME_CHECK_CONSUMER) timestamp=13097 ms, used_size=6211584 bytes (15.2%)
(RDMA_READ_CONSUME_CHECK_CONSUMER) timestamp=13097 ms, used_size=6209536 bytes (15.2%)
(RDMA_READ_CONSUME_CHECK_CONSUMER) timestamp=13097 ms, used_size=6207488 bytes (15.2%)
(RDMA_READ_CONSUME_CHECK_CONSUMER) timestamp=13097 ms, used_size=6205440 bytes (15.2%)
(RDMA_READ_CONSUME_CHECK_CONSUMER) timestamp=13097 ms, used_size=6203392 bytes (15.1%)
(RDMA_READ_CONSUME_CHECK_CONSUMER) timestamp=13097 ms, used_size=6201344 bytes (15.1%)
(RDMA_READ_CONSUME_CHECK_CONSUMER) timestamp=13097 ms, used_size=6199296 bytes (15.1%)
(RDMA_READ_CONSUME_CHECK_CONSUMER) timestamp=13097 ms, used_size=6197248 bytes (15.1%)
(RDMA_READ_CONSUME_CHECK_CONSUMER) timestamp=13097 ms, used_size=6195200 bytes (15.1%)
(RDMA_READ_CONSUME_CHECK_CONSUMER) timestamp=13097 ms, used_size=6193152 bytes (15.1%)
(RDMA_READ_CONSUME_CHECK_CONSUMER) timestamp=13097 ms, used_size=6191104 bytes (15.1%)
(RDMA_READ_CONSUME_CHECK_CONSUMER) timestamp=13097 ms, used_size=6189056 bytes (15.1%)
(RDMA_READ_CONSUME_CHECK_CONSUMER) timestamp=13097 ms, used_size=6187008 bytes (15.1%)
(RDMA_READ_CONSUME_CHECK_CONSUMER) timestamp=13097 ms, used_size=6184960 bytes (15.1%)
(RDMA_READ_CONSUME_CHECK_CONSUMER) timestamp=13097 ms, used_size=6182912 bytes (15.1%)
(RDMA_READ_CONSUME_CHECK_CONSUMER) timestamp=13097 ms, used_size=6180864 bytes (15.1%)
(RDMA_READ_CONSUME_CHECK_CONSUMER) timestamp=13097 ms, used_size=6178816 bytes (15.1%)
(RDMA_READ_CONSUME_CHECK_CONSUMER) timestamp=13097 ms, used_size=6176768 bytes (15.1%)
(RDMA_READ_CONSUME_CHECK_CONSUMER) timestamp=13097 ms, used_size=6174720 bytes (15.1%)
(RDMA_READ_CONSUME_CHECK_CONSUMER) timestamp=13097 ms, used_size=6172672 bytes (15.1%)
(RDMA_READ_CONSUME_CHECK_CONSUMER) timestamp=13097 ms, used_size=6170624 bytes (15.1%)
(RDMA_READ_CONSUME_CHECK_CONSUMER) timestamp=13097 ms, used_size=6168576 bytes (15.1%)
(RDMA_READ_CONSUME_CHECK_CONSUMER) timestamp=13097 ms, used_size=6166528 bytes (15.1%)
(RDMA_READ_CONSUME_CHECK_CONSUMER) timestamp=13097 ms, used_size=6164480 bytes (15.1%)
(RDMA_READ_CONSUME_CHECK_CONSUMER) timestamp=13097 ms, used_size=6162432 bytes (15.0%)
(RDMA_READ_CONSUME_CHECK_CONSUMER) timestamp=13097 ms, used_size=6160384 bytes (15.0%)
(RDMA_READ_CONSUME_CHECK_CONSUMER) timestamp=13097 ms, used_size=6158336 bytes (15.0%)
(RDMA_READ_CONSUME_CHECK_CONSUMER) timestamp=13097 ms, used_size=6156288 bytes (15.0%)
(RDMA_READ_CONSUME_CHECK_CONSUMER) timestamp=13097 ms, used_size=6154240 bytes (15.0%)
(RDMA_READ_CONSUME_CHECK_CONSUMER) timestamp=13097 ms, used_size=6152192 bytes (15.0%)
(RDMA_READ_CONSUME_CHECK_CONSUMER) timestamp=13097 ms, used_size=6150144 bytes (15.0%)
(RDMA_READ_CONSUME_CHECK_CONSUMER) timestamp=13097 ms, used_size=6148096 bytes (15.0%)
(RDMA_READ_CONSUME_CHECK_CONSUMER) timestamp=13097 ms, used_size=6146048 bytes (15.0%)
(RDMA_READ_CONSUME_CHECK_CONSUMER) timestamp=13097 ms, used_size=6144000 bytes (15.0%)
(RDMA_READ_CONSUME_CHECK_CONSUMER) timestamp=13097 ms, used_size=6141952 bytes (15.0%)
(RDMA_READ_CONSUME_CHECK_CONSUMER) timestamp=13097 ms, used_size=6139904 bytes (15.0%)
(RDMA_READ_CONSUME_CHECK_CONSUMER) timestamp=13097 ms, used_size=6137856 bytes (15.0%)
(RDMA_READ_CONSUME_CHECK_CONSUMER) timestamp=13097 ms, used_size=6135808 bytes (15.0%)
(RDMA_READ_CONSUME_CHECK_CONSUMER) timestamp=13097 ms, used_size=6133760 bytes (15.0%)
(RDMA_READ_CONSUME_CHECK_CONSUMER) timestamp=13097 ms, used_size=6131712 bytes (15.0%)
(RDMA_READ_CONSUME_CHECK_CONSUMER) timestamp=13097 ms, used_size=6129664 bytes (15.0%)
(RDMA_READ_CONSUME_CHECK_CONSUMER) timestamp=13097 ms, used_size=6127616 bytes (15.0%)
(RDMA_READ_CONSUME_CHECK_CONSUMER) timestamp=13097 ms, used_size=6125568 bytes (15.0%)
(RDMA_READ_CONSUME_CHECK_CONSUMER) timestamp=13097 ms, used_size=6123520 bytes (14.9%)
(RDMA_READ_CONSUME_CHECK_CONSUMER) timestamp=13097 ms, used_size=6121472 bytes (14.9%)
(RDMA_READ_CONSUME_CHECK_CONSUMER) timestamp=13097 ms, used_size=6119424 bytes (14.9%)
(RDMA_READ_CONSUME_CHECK_CONSUMER) timestamp=13097 ms, used_size=6117376 bytes (14.9%)
(RDMA_READ_CONSUME_CHECK_CONSUMER) timestamp=13097 ms, used_size=6115328 bytes (14.9%)
(RDMA_READ_CONSUME_CHECK_CONSUMER) timestamp=13097 ms, used_size=6113280 bytes (14.9%)
(RDMA_READ_CONSUME_CHECK_CONSUMER) timestamp=13097 ms, used_size=6111232 bytes (14.9%)
(RDMA_READ_CONSUME_CHECK_CONSUMER) timestamp=13097 ms, used_size=6109184 bytes (14.9%)
(RDMA_READ_CONSUME_CHECK_CONSUMER) timestamp=13097 ms, used_size=6107136 bytes (14.9%)
(RDMA_READ_CONSUME_CHECK_CONSUMER) timestamp=13097 ms, used_size=6105088 bytes (14.9%)
(RDMA_READ_CONSUME_CHECK_CONSUMER) timestamp=13098 ms, used_size=6103040 bytes (14.9%)
(RDMA_READ_CONSUME_CHECK_CONSUMER) timestamp=13098 ms, used_size=6100992 bytes (14.9%)
(RDMA_READ_CONSUME_CHECK_CONSUMER) timestamp=13098 ms, used_size=6098944 bytes (14.9%)
(RDMA_READ_CONSUME_CHECK_CONSUMER) timestamp=13098 ms, used_size=6096896 bytes (14.9%)
(RDMA_READ_CONSUME_CHECK_CONSUMER) timestamp=13098 ms, used_size=6094848 bytes (14.9%)
(RDMA_READ_CONSUME_CHECK_CONSUMER) timestamp=13098 ms, used_size=6092800 bytes (14.9%)
(RDMA_READ_CONSUME_CHECK_CONSUMER) timestamp=13098 ms, used_size=6090752 bytes (14.9%)
(RDMA_READ_CONSUME_CHECK_CONSUMER) timestamp=13098 ms, used_size=6088704 bytes (14.9%)
(RDMA_READ_CONSUME_CHECK_CONSUMER) timestamp=13098 ms, used_size=6086656 bytes (14.9%)
(RDMA_READ_CONSUME_CHECK_CONSUMER) timestamp=13098 ms, used_size=6084608 bytes (14.9%)
(RDMA_READ_CONSUME_CHECK_CONSUMER) timestamp=13098 ms, used_size=6082560 bytes (14.8%)
(RDMA_READ_CONSUME_CHECK_CONSUMER) timestamp=13098 ms, used_size=6080512 bytes (14.8%)
(RDMA_READ_CONSUME_CHECK_CONSUMER) timestamp=13098 ms, used_size=6078464 bytes (14.8%)
(RDMA_READ_CONSUME_CHECK_CONSUMER) timestamp=13098 ms, used_size=6076416 bytes (14.8%)
(RDMA_READ_CONSUME_CHECK_CONSUMER) timestamp=13098 ms, used_size=6074368 bytes (14.8%)
(RDMA_READ_CONSUME_CHECK_CONSUMER) timestamp=13098 ms, used_size=6072320 bytes (14.8%)
(RDMA_READ_CONSUME_CHECK_CONSUMER) timestamp=13098 ms, used_size=6070272 bytes (14.8%)
(RDMA_READ_CONSUME_CHECK_CONSUMER) timestamp=13098 ms, used_size=6068224 bytes (14.8%)
(RDMA_READ_CONSUME_CHECK_CONSUMER) timestamp=13098 ms, used_size=6066176 bytes (14.8%)
(RDMA_READ_CONSUME_CHECK_CONSUMER) timestamp=13098 ms, used_size=6064128 bytes (14.8%)
(RDMA_READ_CONSUME_CHECK_CONSUMER) timestamp=13098 ms, used_size=6062080 bytes (14.8%)
(RDMA_READ_CONSUME_CHECK_CONSUMER) timestamp=13098 ms, used_size=6060032 bytes (14.8%)
(RDMA_READ_CONSUME_CHECK_CONSUMER) timestamp=13098 ms, used_size=6057984 bytes (14.8%)
(RDMA_READ_CONSUME_CHECK_CONSUMER) timestamp=13098 ms, used_size=6055936 bytes (14.8%)
(RDMA_READ_CONSUME_CHECK_CONSUMER) timestamp=13098 ms, used_size=6053888 bytes (14.8%)
(RDMA_READ_CONSUME_CHECK_CONSUMER) timestamp=13098 ms, used_size=6051840 bytes (14.8%)
(RDMA_READ_CONSUME_CHECK_CONSUMER) timestamp=13098 ms, used_size=6049792 bytes (14.8%)
(RDMA_READ_CONSUME_CHECK_CONSUMER) timestamp=13098 ms, used_size=6047744 bytes (14.8%)
(RDMA_READ_CONSUME_CHECK_CONSUMER) timestamp=13098 ms, used_size=6045696 bytes (14.8%)
(RDMA_READ_CONSUME_CHECK_CONSUMER) timestamp=13098 ms, used_size=6043648 bytes (14.8%)
(RDMA_READ_CONSUME_CHECK_CONSUMER) timestamp=13098 ms, used_size=6041600 bytes (14.8%)
(RDMA_READ_CONSUME_CHECK_CONSUMER) timestamp=13098 ms, used_size=6039552 bytes (14.7%)
(RDMA_READ_CONSUME_CHECK_CONSUMER) timestamp=13098 ms, used_size=6037504 bytes (14.7%)
(RDMA_READ_CONSUME_CHECK_CONSUMER) timestamp=13098 ms, used_size=6035456 bytes (14.7%)
(RDMA_READ_CONSUME_CHECK_CONSUMER) timestamp=13098 ms, used_size=6033408 bytes (14.7%)
(RDMA_READ_CONSUME_CHECK_CONSUMER) timestamp=13098 ms, used_size=6031360 bytes (14.7%)
(RDMA_READ_CONSUME_CHECK_CONSUMER) timestamp=13098 ms, used_size=6029312 bytes (14.7%)
(RDMA_READ_CONSUME_CHECK_CONSUMER) timestamp=13098 ms, used_size=6027264 bytes (14.7%)
(RDMA_READ_CONSUME_CHECK_CONSUMER) timestamp=13098 ms, used_size=6025216 bytes (14.7%)
(RDMA_READ_CONSUME_CHECK_CONSUMER) timestamp=13098 ms, used_size=6023168 bytes (14.7%)
(RDMA_READ_CONSUME_CHECK_CONSUMER) timestamp=13098 ms, used_size=6021120 bytes (14.7%)
(RDMA_READ_CONSUME_CHECK_CONSUMER) timestamp=13098 ms, used_size=6019072 bytes (14.7%)
(RDMA_READ_CONSUME_CHECK_CONSUMER) timestamp=13098 ms, used_size=6017024 bytes (14.7%)
(RDMA_READ_CONSUME_CHECK_CONSUMER) timestamp=13098 ms, used_size=6014976 bytes (14.7%)
(RDMA_READ_CONSUME_CHECK_CONSUMER) timestamp=13098 ms, used_size=6012928 bytes (14.7%)
(RDMA_READ_CONSUME_CHECK_CONSUMER) timestamp=13098 ms, used_size=6010880 bytes (14.7%)
(RDMA_READ_CONSUME_CHECK_CONSUMER) timestamp=13098 ms, used_size=6008832 bytes (14.7%)
(RDMA_READ_CONSUME_CHECK_CONSUMER) timestamp=13098 ms, used_size=6006784 bytes (14.7%)
(RDMA_READ_CONSUME_CHECK_CONSUMER) timestamp=13098 ms, used_size=6004736 bytes (14.7%)
(RDMA_READ_CONSUME_CHECK_CONSUMER) timestamp=13098 ms, used_size=6002688 bytes (14.7%)
(RDMA_READ_CONSUME_CHECK_CONSUMER) timestamp=13098 ms, used_size=6000640 bytes (14.7%)
(RDMA_READ_CONSUME_CHECK_CONSUMER) timestamp=13098 ms, used_size=5998592 bytes (14.6%)
(RDMA_READ_CONSUME_CHECK_CONSUMER) timestamp=13098 ms, used_size=5996544 bytes (14.6%)
(RDMA_READ_CONSUME_CHECK_CONSUMER) timestamp=13098 ms, used_size=5994496 bytes (14.6%)
(RDMA_READ_CONSUME_CHECK_CONSUMER) timestamp=13098 ms, used_size=5992448 bytes (14.6%)
(RDMA_READ_CONSUME_CHECK_CONSUMER) timestamp=13098 ms, used_size=5990400 bytes (14.6%)
(RDMA_READ_CONSUME_CHECK_CONSUMER) timestamp=13098 ms, used_size=5988352 bytes (14.6%)
(RDMA_READ_CONSUME_CHECK_CONSUMER) timestamp=13098 ms, used_size=5986304 bytes (14.6%)
(RDMA_READ_CONSUME_CHECK_CONSUMER) timestamp=13098 ms, used_size=5984256 bytes (14.6%)
(RDMA_READ_CONSUME_CHECK_CONSUMER) timestamp=13098 ms, used_size=5982208 bytes (14.6%)
(RDMA_READ_CONSUME_CHECK_CONSUMER) timestamp=13098 ms, used_size=5980160 bytes (14.6%)
(RDMA_READ_CONSUME_CHECK_CONSUMER) timestamp=13098 ms, used_size=5978112 bytes (14.6%)
(RDMA_READ_CONSUME_CHECK_CONSUMER) timestamp=13098 ms, used_size=5976064 bytes (14.6%)
(RDMA_READ_CONSUME_CHECK_CONSUMER) timestamp=13098 ms, used_size=5974016 bytes (14.6%)
(RDMA_READ_CONSUME_CHECK_CONSUMER) timestamp=13098 ms, used_size=5971968 bytes (14.6%)
(RDMA_READ_CONSUME_CHECK_CONSUMER) timestamp=13098 ms, used_size=5969920 bytes (14.6%)
(RDMA_READ_CONSUME_CHECK_CONSUMER) timestamp=13098 ms, used_size=5967872 bytes (14.6%)
(RDMA_READ_CONSUME_CHECK_CONSUMER) timestamp=13098 ms, used_size=5965824 bytes (14.6%)
(RDMA_READ_CONSUME_CHECK_CONSUMER) timestamp=13098 ms, used_size=5963776 bytes (14.6%)
(RDMA_READ_CONSUME_CHECK_CONSUMER) timestamp=13098 ms, used_size=5961728 bytes (14.6%)
(RDMA_READ_CONSUME_CHECK_CONSUMER) timestamp=13098 ms, used_size=5959680 bytes (14.6%)
(RDMA_READ_CONSUME_CHECK_CONSUMER) timestamp=13098 ms, used_size=5957632 bytes (14.5%)
(RDMA_READ_CONSUME_CHECK_CONSUMER) timestamp=13098 ms, used_size=5955584 bytes (14.5%)
(RDMA_READ_CONSUME_CHECK_CONSUMER) timestamp=13098 ms, used_size=5953536 bytes (14.5%)
(RDMA_READ_CONSUME_CHECK_CONSUMER) timestamp=13098 ms, used_size=5951488 bytes (14.5%)
(RDMA_READ_CONSUME_CHECK_CONSUMER) timestamp=13098 ms, used_size=5949440 bytes (14.5%)
(RDMA_READ_CONSUME_CHECK_CONSUMER) timestamp=13098 ms, used_size=5947392 bytes (14.5%)
(RDMA_READ_CONSUME_CHECK_CONSUMER) timestamp=13098 ms, used_size=5945344 bytes (14.5%)
(RDMA_READ_CONSUME_CHECK_CONSUMER) timestamp=13098 ms, used_size=5943296 bytes (14.5%)
(RDMA_READ_CONSUME_CHECK_CONSUMER) timestamp=13098 ms, used_size=5941248 bytes (14.5%)
(RDMA_READ_CONSUME_CHECK_CONSUMER) timestamp=13098 ms, used_size=5939200 bytes (14.5%)
(RDMA_READ_CONSUME_CHECK_CONSUMER) timestamp=13098 ms, used_size=5937152 bytes (14.5%)
(RDMA_READ_CONSUME_CHECK_CONSUMER) timestamp=13098 ms, used_size=5935104 bytes (14.5%)
(RDMA_READ_CONSUME_CHECK_CONSUMER) timestamp=13098 ms, used_size=5933056 bytes (14.5%)
(RDMA_READ_CONSUME_CHECK_CONSUMER) timestamp=13098 ms, used_size=5931008 bytes (14.5%)
(RDMA_READ_CONSUME_CHECK_CONSUMER) timestamp=13098 ms, used_size=5928960 bytes (14.5%)
(RDMA_READ_CONSUME_CHECK_CONSUMER) timestamp=13098 ms, used_size=5926912 bytes (14.5%)
(RDMA_READ_CONSUME_CHECK_CONSUMER) timestamp=13098 ms, used_size=5924864 bytes (14.5%)
(RDMA_READ_CONSUME_CHECK_CONSUMER) timestamp=13098 ms, used_size=5922816 bytes (14.5%)
(RDMA_READ_CONSUME_CHECK_CONSUMER) timestamp=13098 ms, used_size=5920768 bytes (14.5%)
(RDMA_READ_CONSUME_CHECK_CONSUMER) timestamp=13098 ms, used_size=5918720 bytes (14.4%)
(RDMA_READ_CONSUME_CHECK_CONSUMER) timestamp=13098 ms, used_size=5916672 bytes (14.4%)
(RDMA_READ_CONSUME_CHECK_CONSUMER) timestamp=13098 ms, used_size=5914624 bytes (14.4%)
(RDMA_READ_CONSUME_CHECK_CONSUMER) timestamp=13098 ms, used_size=5912576 bytes (14.4%)
(RDMA_READ_CONSUME_CHECK_CONSUMER) timestamp=13098 ms, used_size=5910528 bytes (14.4%)
(RDMA_READ_CONSUME_CHECK_CONSUMER) timestamp=13098 ms, used_size=5908480 bytes (14.4%)
(RDMA_READ_CONSUME_CHECK_CONSUMER) timestamp=13098 ms, used_size=5906432 bytes (14.4%)
(RDMA_READ_CONSUME_CHECK_CONSUMER) timestamp=13098 ms, used_size=5904384 bytes (14.4%)
(RDMA_READ_CONSUME_CHECK_CONSUMER) timestamp=13098 ms, used_size=5902336 bytes (14.4%)
(RDMA_READ_CONSUME_CHECK_CONSUMER) timestamp=13098 ms, used_size=5900288 bytes (14.4%)
(RDMA_READ_CONSUME_CHECK_CONSUMER) timestamp=13098 ms, used_size=5898240 bytes (14.4%)
(RDMA_READ_CONSUME_CHECK_CONSUMER) timestamp=13098 ms, used_size=5896192 bytes (14.4%)
(RDMA_READ_CONSUME_CHECK_CONSUMER) timestamp=13098 ms, used_size=5894144 bytes (14.4%)
(RDMA_READ_CONSUME_CHECK_CONSUMER) timestamp=13098 ms, used_size=5892096 bytes (14.4%)
(RDMA_READ_CONSUME_CHECK_CONSUMER) timestamp=13098 ms, used_size=5890048 bytes (14.4%)
(RDMA_READ_CONSUME_CHECK_CONSUMER) timestamp=13098 ms, used_size=5888000 bytes (14.4%)
(RDMA_READ_CONSUME_CHECK_CONSUMER) timestamp=13098 ms, used_size=5885952 bytes (14.4%)
(RDMA_READ_CONSUME_CHECK_CONSUMER) timestamp=13098 ms, used_size=5883904 bytes (14.4%)
(RDMA_READ_CONSUME_CHECK_CONSUMER) timestamp=13098 ms, used_size=5881856 bytes (14.4%)
(RDMA_READ_CONSUME_CHECK_CONSUMER) timestamp=13098 ms, used_size=5879808 bytes (14.4%)
(RDMA_READ_CONSUME_CHECK_CONSUMER) timestamp=13098 ms, used_size=5877760 bytes (14.3%)
(RDMA_READ_CONSUME_CHECK_CONSUMER) timestamp=13098 ms, used_size=5875712 bytes (14.3%)
(RDMA_READ_CONSUME_CHECK_CONSUMER) timestamp=13098 ms, used_size=5873664 bytes (14.3%)
(RDMA_READ_CONSUME_CHECK_CONSUMER) timestamp=13098 ms, used_size=5871616 bytes (14.3%)
(RDMA_READ_CONSUME_CHECK_CONSUMER) timestamp=13098 ms, used_size=5869568 bytes (14.3%)
(RDMA_READ_CONSUME_CHECK_CONSUMER) timestamp=13098 ms, used_size=5867520 bytes (14.3%)
(RDMA_READ_CONSUME_CHECK_CONSUMER) timestamp=13098 ms, used_size=5865472 bytes (14.3%)
(RDMA_READ_CONSUME_CHECK_CONSUMER) timestamp=13098 ms, used_size=5863424 bytes (14.3%)
(RDMA_READ_CONSUME_CHECK_CONSUMER) timestamp=13098 ms, used_size=5861376 bytes (14.3%)
(RDMA_READ_CONSUME_CHECK_CONSUMER) timestamp=13098 ms, used_size=5859328 bytes (14.3%)
(RDMA_READ_CONSUME_CHECK_CONSUMER) timestamp=13098 ms, used_size=5857280 bytes (14.3%)
(RDMA_READ_CONSUME_CHECK_CONSUMER) timestamp=13098 ms, used_size=5855232 bytes (14.3%)
(RDMA_READ_CONSUME_CHECK_CONSUMER) timestamp=13098 ms, used_size=5853184 bytes (14.3%)
(RDMA_READ_CONSUME_CHECK_CONSUMER) timestamp=13098 ms, used_size=5851136 bytes (14.3%)
(RDMA_READ_CONSUME_CHECK_CONSUMER) timestamp=13098 ms, used_size=5849088 bytes (14.3%)
(RDMA_READ_CONSUME_CHECK_CONSUMER) timestamp=13098 ms, used_size=5847040 bytes (14.3%)
(RDMA_READ_CONSUME_CHECK_CONSUMER) timestamp=13098 ms, used_size=5844992 bytes (14.3%)
(RDMA_READ_CONSUME_CHECK_CONSUMER) timestamp=13098 ms, used_size=5842944 bytes (14.3%)
(RDMA_READ_CONSUME_CHECK_CONSUMER) timestamp=13098 ms, used_size=5840896 bytes (14.3%)
(RDMA_READ_CONSUME_CHECK_CONSUMER) timestamp=13098 ms, used_size=5838848 bytes (14.3%)
(RDMA_READ_CONSUME_CHECK_CONSUMER) timestamp=13098 ms, used_size=5836800 bytes (14.2%)
(RDMA_READ_CONSUME_CHECK_CONSUMER) timestamp=13098 ms, used_size=5834752 bytes (14.2%)
(RDMA_READ_CONSUME_CHECK_CONSUMER) timestamp=13098 ms, used_size=5832704 bytes (14.2%)
(RDMA_READ_CONSUME_CHECK_CONSUMER) timestamp=13098 ms, used_size=5830656 bytes (14.2%)
(RDMA_READ_CONSUME_CHECK_CONSUMER) timestamp=13098 ms, used_size=5828608 bytes (14.2%)
(RDMA_READ_CONSUME_CHECK_CONSUMER) timestamp=13098 ms, used_size=5826560 bytes (14.2%)
(RDMA_READ_CONSUME_CHECK_CONSUMER) timestamp=13098 ms, used_size=5824512 bytes (14.2%)
(RDMA_READ_CONSUME_CHECK_CONSUMER) timestamp=13098 ms, used_size=5822464 bytes (14.2%)
(RDMA_READ_CONSUME_CHECK_CONSUMER) timestamp=13098 ms, used_size=5820416 bytes (14.2%)
(RDMA_READ_CONSUME_CHECK_CONSUMER) timestamp=13098 ms, used_size=5818368 bytes (14.2%)
(RDMA_READ_CONSUME_CHECK_CONSUMER) timestamp=13098 ms, used_size=5816320 bytes (14.2%)
(RDMA_READ_CONSUME_CHECK_CONSUMER) timestamp=13098 ms, used_size=5814272 bytes (14.2%)
(RDMA_READ_CONSUME_CHECK_CONSUMER) timestamp=13098 ms, used_size=5812224 bytes (14.2%)
(RDMA_READ_CONSUME_CHECK_CONSUMER) timestamp=13098 ms, used_size=5810176 bytes (14.2%)
(RDMA_READ_CONSUME_CHECK_CONSUMER) timestamp=13098 ms, used_size=5808128 bytes (14.2%)
(RDMA_READ_CONSUME_CHECK_CONSUMER) timestamp=13098 ms, used_size=5806080 bytes (14.2%)
(RDMA_READ_CONSUME_CHECK_CONSUMER) timestamp=13098 ms, used_size=5804032 bytes (14.2%)
(RDMA_READ_CONSUME_CHECK_CONSUMER) timestamp=13098 ms, used_size=5801984 bytes (14.2%)
(RDMA_READ_CONSUME_CHECK_CONSUMER) timestamp=13098 ms, used_size=5799936 bytes (14.2%)
(RDMA_READ_CONSUME_CHECK_CONSUMER) timestamp=13098 ms, used_size=5797888 bytes (14.2%)
(RDMA_READ_CONSUME_CHECK_CONSUMER) timestamp=13098 ms, used_size=5795840 bytes (14.2%)
(RDMA_READ_CONSUME_CHECK_CONSUMER) timestamp=13098 ms, used_size=5793792 bytes (14.1%)
(RDMA_READ_CONSUME_CHECK_CONSUMER) timestamp=13098 ms, used_size=5791744 bytes (14.1%)
(RDMA_READ_CONSUME_CHECK_CONSUMER) timestamp=13098 ms, used_size=5789696 bytes (14.1%)
(RDMA_READ_CONSUME_CHECK_CONSUMER) timestamp=13098 ms, used_size=5787648 bytes (14.1%)
(RDMA_READ_CONSUME_CHECK_CONSUMER) timestamp=13098 ms, used_size=5785600 bytes (14.1%)
(RDMA_READ_CONSUME_CHECK_CONSUMER) timestamp=13098 ms, used_size=5783552 bytes (14.1%)
(RDMA_READ_CONSUME_CHECK_CONSUMER) timestamp=13098 ms, used_size=5781504 bytes (14.1%)
(RDMA_READ_CONSUME_CHECK_CONSUMER) timestamp=13098 ms, used_size=5779456 bytes (14.1%)
(RDMA_READ_CONSUME_CHECK_CONSUMER) timestamp=13098 ms, used_size=5777408 bytes (14.1%)
(RDMA_READ_CONSUME_CHECK_CONSUMER) timestamp=13098 ms, used_size=5775360 bytes (14.1%)
(RDMA_READ_CONSUME_CHECK_CONSUMER) timestamp=13098 ms, used_size=5773312 bytes (14.1%)
(RDMA_READ_CONSUME_CHECK_CONSUMER) timestamp=13098 ms, used_size=5771264 bytes (14.1%)
(RDMA_READ_CONSUME_CHECK_CONSUMER) timestamp=13098 ms, used_size=5769216 bytes (14.1%)
(RDMA_READ_CONSUME_CHECK_CONSUMER) timestamp=13098 ms, used_size=5767168 bytes (14.1%)
(RDMA_READ_CONSUME_CHECK_CONSUMER) timestamp=13098 ms, used_size=5765120 bytes (14.1%)
(RDMA_READ_CONSUME_CHECK_CONSUMER) timestamp=13098 ms, used_size=5763072 bytes (14.1%)
(RDMA_READ_CONSUME_CHECK_CONSUMER) timestamp=13098 ms, used_size=5761024 bytes (14.1%)
(RDMA_READ_CONSUME_CHECK_CONSUMER) timestamp=13098 ms, used_size=5758976 bytes (14.1%)
(RDMA_READ_CONSUME_CHECK_CONSUMER) timestamp=13098 ms, used_size=5756928 bytes (14.1%)
(RDMA_READ_CONSUME_CHECK_CONSUMER) timestamp=13099 ms, used_size=5754880 bytes (14.1%)
(RDMA_READ_CONSUME_CHECK_CONSUMER) timestamp=13099 ms, used_size=5752832 bytes (14.0%)
(RDMA_READ_CONSUME_CHECK_CONSUMER) timestamp=13099 ms, used_size=5750784 bytes (14.0%)
(RDMA_READ_CONSUME_CHECK_CONSUMER) timestamp=13099 ms, used_size=5748736 bytes (14.0%)
(RDMA_READ_CONSUME_CHECK_CONSUMER) timestamp=13099 ms, used_size=5746688 bytes (14.0%)
(RDMA_READ_CONSUME_CHECK_CONSUMER) timestamp=13099 ms, used_size=5744640 bytes (14.0%)
(RDMA_READ_CONSUME_CHECK_CONSUMER) timestamp=13099 ms, used_size=5742592 bytes (14.0%)
(RDMA_READ_CONSUME_CHECK_CONSUMER) timestamp=13099 ms, used_size=5740544 bytes (14.0%)
(RDMA_READ_CONSUME_CHECK_CONSUMER) timestamp=13099 ms, used_size=5738496 bytes (14.0%)
(RDMA_READ_CONSUME_CHECK_CONSUMER) timestamp=13099 ms, used_size=5736448 bytes (14.0%)
(RDMA_READ_CONSUME_CHECK_CONSUMER) timestamp=13099 ms, used_size=5734400 bytes (14.0%)
(RDMA_READ_CONSUME_CHECK_CONSUMER) timestamp=13099 ms, used_size=5732352 bytes (14.0%)
(RDMA_READ_CONSUME_CHECK_CONSUMER) timestamp=13099 ms, used_size=5730304 bytes (14.0%)
(RDMA_READ_CONSUME_CHECK_CONSUMER) timestamp=13099 ms, used_size=5728256 bytes (14.0%)
(RDMA_READ_CONSUME_CHECK_CONSUMER) timestamp=13099 ms, used_size=5726208 bytes (14.0%)
(RDMA_READ_CONSUME_CHECK_CONSUMER) timestamp=13099 ms, used_size=5724160 bytes (14.0%)
(RDMA_READ_CONSUME_CHECK_CONSUMER) timestamp=13099 ms, used_size=5722112 bytes (14.0%)
(RDMA_READ_CONSUME_CHECK_CONSUMER) timestamp=13099 ms, used_size=5720064 bytes (14.0%)
(RDMA_READ_CONSUME_CHECK_CONSUMER) timestamp=13099 ms, used_size=5718016 bytes (14.0%)
(RDMA_READ_CONSUME_CHECK_CONSUMER) timestamp=13099 ms, used_size=5715968 bytes (14.0%)
(RDMA_READ_CONSUME_CHECK_CONSUMER) timestamp=13099 ms, used_size=5713920 bytes (13.9%)
(RDMA_READ_CONSUME_CHECK_CONSUMER) timestamp=13099 ms, used_size=5711872 bytes (13.9%)
(RDMA_READ_CONSUME_CHECK_CONSUMER) timestamp=13099 ms, used_size=5709824 bytes (13.9%)
(RDMA_READ_CONSUME_CHECK_CONSUMER) timestamp=13099 ms, used_size=5707776 bytes (13.9%)
(RDMA_READ_CONSUME_CHECK_CONSUMER) timestamp=13099 ms, used_size=5705728 bytes (13.9%)
(RDMA_READ_CONSUME_CHECK_CONSUMER) timestamp=13099 ms, used_size=5703680 bytes (13.9%)
(RDMA_READ_CONSUME_CHECK_CONSUMER) timestamp=13099 ms, used_size=5701632 bytes (13.9%)
(RDMA_READ_CONSUME_CHECK_CONSUMER) timestamp=13099 ms, used_size=5699584 bytes (13.9%)
(RDMA_READ_CONSUME_CHECK_CONSUMER) timestamp=13099 ms, used_size=5697536 bytes (13.9%)
(RDMA_READ_CONSUME_CHECK_CONSUMER) timestamp=13099 ms, used_size=5695488 bytes (13.9%)
(RDMA_READ_CONSUME_CHECK_CONSUMER) timestamp=13099 ms, used_size=5693440 bytes (13.9%)
(RDMA_READ_CONSUME_CHECK_CONSUMER) timestamp=13099 ms, used_size=5691392 bytes (13.9%)
(RDMA_READ_CONSUME_CHECK_CONSUMER) timestamp=13099 ms, used_size=5689344 bytes (13.9%)
(RDMA_READ_CONSUME_CHECK_CONSUMER) timestamp=13099 ms, used_size=5687296 bytes (13.9%)
(RDMA_READ_CONSUME_CHECK_CONSUMER) timestamp=13099 ms, used_size=5685248 bytes (13.9%)
(RDMA_READ_CONSUME_CHECK_CONSUMER) timestamp=13099 ms, used_size=5683200 bytes (13.9%)
(RDMA_READ_CONSUME_CHECK_CONSUMER) timestamp=13099 ms, used_size=5681152 bytes (13.9%)
(RDMA_READ_CONSUME_CHECK_CONSUMER) timestamp=13099 ms, used_size=5679104 bytes (13.9%)
(RDMA_READ_CONSUME_CHECK_CONSUMER) timestamp=13099 ms, used_size=5677056 bytes (13.9%)
(RDMA_READ_CONSUME_CHECK_CONSUMER) timestamp=13099 ms, used_size=5675008 bytes (13.9%)
(RDMA_READ_CONSUME_CHECK_CONSUMER) timestamp=13099 ms, used_size=5672960 bytes (13.8%)
(RDMA_READ_CONSUME_CHECK_CONSUMER) timestamp=13099 ms, used_size=5670912 bytes (13.8%)
(RDMA_READ_CONSUME_CHECK_CONSUMER) timestamp=13099 ms, used_size=5668864 bytes (13.8%)
(RDMA_READ_CONSUME_CHECK_CONSUMER) timestamp=13099 ms, used_size=5666816 bytes (13.8%)
(RDMA_READ_CONSUME_CHECK_CONSUMER) timestamp=13099 ms, used_size=5664768 bytes (13.8%)
(RDMA_READ_CONSUME_CHECK_CONSUMER) timestamp=13099 ms, used_size=5662720 bytes (13.8%)
(RDMA_READ_CONSUME_CHECK_CONSUMER) timestamp=13099 ms, used_size=5660672 bytes (13.8%)
(RDMA_READ_CONSUME_CHECK_CONSUMER) timestamp=13099 ms, used_size=5658624 bytes (13.8%)
(RDMA_READ_CONSUME_CHECK_CONSUMER) timestamp=13099 ms, used_size=5656576 bytes (13.8%)
(RDMA_READ_CONSUME_CHECK_CONSUMER) timestamp=13099 ms, used_size=5654528 bytes (13.8%)
(RDMA_READ_CONSUME_CHECK_CONSUMER) timestamp=13099 ms, used_size=5652480 bytes (13.8%)
(RDMA_READ_CONSUME_CHECK_CONSUMER) timestamp=13099 ms, used_size=5650432 bytes (13.8%)
(RDMA_READ_CONSUME_CHECK_CONSUMER) timestamp=13099 ms, used_size=5648384 bytes (13.8%)
(RDMA_READ_CONSUME_CHECK_CONSUMER) timestamp=13099 ms, used_size=5646336 bytes (13.8%)
(RDMA_READ_CONSUME_CHECK_CONSUMER) timestamp=13099 ms, used_size=5644288 bytes (13.8%)
(RDMA_READ_CONSUME_CHECK_CONSUMER) timestamp=13099 ms, used_size=5642240 bytes (13.8%)
(RDMA_READ_CONSUME_CHECK_CONSUMER) timestamp=13099 ms, used_size=5640192 bytes (13.8%)
(RDMA_READ_CONSUME_CHECK_CONSUMER) timestamp=13099 ms, used_size=5638144 bytes (13.8%)
(RDMA_READ_CONSUME_CHECK_CONSUMER) timestamp=13099 ms, used_size=5636096 bytes (13.8%)
(RDMA_READ_CONSUME_CHECK_CONSUMER) timestamp=13099 ms, used_size=5634048 bytes (13.8%)
(RDMA_READ_CONSUME_CHECK_CONSUMER) timestamp=13099 ms, used_size=5632000 bytes (13.8%)
(RDMA_READ_CONSUME_CHECK_CONSUMER) timestamp=13099 ms, used_size=5629952 bytes (13.7%)
(RDMA_READ_CONSUME_CHECK_CONSUMER) timestamp=13099 ms, used_size=5627904 bytes (13.7%)
(RDMA_READ_CONSUME_CHECK_CONSUMER) timestamp=13099 ms, used_size=5625856 bytes (13.7%)
(RDMA_READ_CONSUME_CHECK_CONSUMER) timestamp=13099 ms, used_size=5623808 bytes (13.7%)
(RDMA_READ_CONSUME_CHECK_CONSUMER) timestamp=13099 ms, used_size=5621760 bytes (13.7%)
(RDMA_READ_CONSUME_CHECK_CONSUMER) timestamp=13099 ms, used_size=5619712 bytes (13.7%)
(RDMA_READ_CONSUME_CHECK_CONSUMER) timestamp=13099 ms, used_size=5617664 bytes (13.7%)
(RDMA_READ_CONSUME_CHECK_CONSUMER) timestamp=13099 ms, used_size=5615616 bytes (13.7%)
(RDMA_READ_CONSUME_CHECK_CONSUMER) timestamp=13099 ms, used_size=5613568 bytes (13.7%)
(RDMA_READ_CONSUME_CHECK_CONSUMER) timestamp=13099 ms, used_size=5611520 bytes (13.7%)
(RDMA_READ_CONSUME_CHECK_CONSUMER) timestamp=13099 ms, used_size=5609472 bytes (13.7%)
(RDMA_READ_CONSUME_CHECK_CONSUMER) timestamp=13099 ms, used_size=5607424 bytes (13.7%)
(RDMA_READ_CONSUME_CHECK_CONSUMER) timestamp=13099 ms, used_size=5605376 bytes (13.7%)
(RDMA_READ_CONSUME_CHECK_CONSUMER) timestamp=13099 ms, used_size=5603328 bytes (13.7%)
(RDMA_READ_CONSUME_CHECK_CONSUMER) timestamp=13099 ms, used_size=5601280 bytes (13.7%)
(RDMA_READ_CONSUME_CHECK_CONSUMER) timestamp=13099 ms, used_size=5599232 bytes (13.7%)
(RDMA_READ_CONSUME_CHECK_CONSUMER) timestamp=13099 ms, used_size=5597184 bytes (13.7%)
(RDMA_READ_CONSUME_CHECK_CONSUMER) timestamp=13099 ms, used_size=5595136 bytes (13.7%)
(RDMA_READ_CONSUME_CHECK_CONSUMER) timestamp=13099 ms, used_size=5593088 bytes (13.7%)
(RDMA_READ_CONSUME_CHECK_CONSUMER) timestamp=13099 ms, used_size=5591040 bytes (13.7%)
(RDMA_READ_CONSUME_CHECK_CONSUMER) timestamp=13099 ms, used_size=5588992 bytes (13.6%)
(RDMA_READ_CONSUME_CHECK_CONSUMER) timestamp=13099 ms, used_size=5586944 bytes (13.6%)
(RDMA_READ_CONSUME_CHECK_CONSUMER) timestamp=13099 ms, used_size=5584896 bytes (13.6%)
(RDMA_READ_CONSUME_CHECK_CONSUMER) timestamp=13099 ms, used_size=5582848 bytes (13.6%)
(RDMA_READ_CONSUME_CHECK_CONSUMER) timestamp=13099 ms, used_size=5580800 bytes (13.6%)
(RDMA_READ_CONSUME_CHECK_CONSUMER) timestamp=13099 ms, used_size=5578752 bytes (13.6%)
(RDMA_READ_CONSUME_CHECK_CONSUMER) timestamp=13099 ms, used_size=5576704 bytes (13.6%)
(RDMA_READ_CONSUME_CHECK_CONSUMER) timestamp=13099 ms, used_size=5574656 bytes (13.6%)
(RDMA_READ_CONSUME_CHECK_CONSUMER) timestamp=13099 ms, used_size=5572608 bytes (13.6%)
(RDMA_READ_CONSUME_CHECK_CONSUMER) timestamp=13099 ms, used_size=5570560 bytes (13.6%)
(RDMA_READ_CONSUME_CHECK_CONSUMER) timestamp=13099 ms, used_size=5568512 bytes (13.6%)
(RDMA_READ_CONSUME_CHECK_CONSUMER) timestamp=13099 ms, used_size=5566464 bytes (13.6%)
(RDMA_READ_CONSUME_CHECK_CONSUMER) timestamp=13099 ms, used_size=5564416 bytes (13.6%)
(RDMA_READ_CONSUME_CHECK_CONSUMER) timestamp=13099 ms, used_size=5562368 bytes (13.6%)
(RDMA_READ_CONSUME_CHECK_CONSUMER) timestamp=13099 ms, used_size=5560320 bytes (13.6%)
(RDMA_READ_CONSUME_CHECK_CONSUMER) timestamp=13099 ms, used_size=5558272 bytes (13.6%)
(RDMA_READ_CONSUME_CHECK_CONSUMER) timestamp=13099 ms, used_size=5556224 bytes (13.6%)
(RDMA_READ_CONSUME_CHECK_CONSUMER) timestamp=13099 ms, used_size=5554176 bytes (13.6%)
(RDMA_READ_CONSUME_CHECK_CONSUMER) timestamp=13099 ms, used_size=5552128 bytes (13.6%)
(RDMA_READ_CONSUME_CHECK_CONSUMER) timestamp=13099 ms, used_size=5550080 bytes (13.6%)
(RDMA_READ_CONSUME_CHECK_CONSUMER) timestamp=13099 ms, used_size=5548032 bytes (13.5%)
(RDMA_READ_CONSUME_CHECK_CONSUMER) timestamp=13099 ms, used_size=5545984 bytes (13.5%)
(RDMA_READ_CONSUME_CHECK_CONSUMER) timestamp=13099 ms, used_size=5543936 bytes (13.5%)
(RDMA_READ_CONSUME_CHECK_CONSUMER) timestamp=13099 ms, used_size=5541888 bytes (13.5%)
(RDMA_READ_CONSUME_CHECK_CONSUMER) timestamp=13099 ms, used_size=5539840 bytes (13.5%)
(RDMA_READ_CONSUME_CHECK_CONSUMER) timestamp=13099 ms, used_size=5537792 bytes (13.5%)
(RDMA_READ_CONSUME_CHECK_CONSUMER) timestamp=13099 ms, used_size=5535744 bytes (13.5%)
(RDMA_READ_CONSUME_CHECK_CONSUMER) timestamp=13099 ms, used_size=5533696 bytes (13.5%)
(RDMA_READ_CONSUME_CHECK_CONSUMER) timestamp=13099 ms, used_size=5531648 bytes (13.5%)
(RDMA_READ_CONSUME_CHECK_CONSUMER) timestamp=13099 ms, used_size=5529600 bytes (13.5%)
(RDMA_READ_CONSUME_CHECK_CONSUMER) timestamp=13099 ms, used_size=5527552 bytes (13.5%)
(RDMA_READ_CONSUME_CHECK_CONSUMER) timestamp=13099 ms, used_size=5525504 bytes (13.5%)
(RDMA_READ_CONSUME_CHECK_CONSUMER) timestamp=13099 ms, used_size=5523456 bytes (13.5%)
(RDMA_READ_CONSUME_CHECK_CONSUMER) timestamp=13099 ms, used_size=5521408 bytes (13.5%)
(RDMA_READ_CONSUME_CHECK_CONSUMER) timestamp=13099 ms, used_size=5519360 bytes (13.5%)
(RDMA_READ_CONSUME_CHECK_CONSUMER) timestamp=13099 ms, used_size=5517312 bytes (13.5%)
(RDMA_READ_CONSUME_CHECK_CONSUMER) timestamp=13099 ms, used_size=5515264 bytes (13.5%)
(RDMA_READ_CONSUME_CHECK_CONSUMER) timestamp=13099 ms, used_size=5513216 bytes (13.5%)
(RDMA_READ_CONSUME_CHECK_CONSUMER) timestamp=13099 ms, used_size=5511168 bytes (13.5%)
(RDMA_READ_CONSUME_CHECK_CONSUMER) timestamp=13099 ms, used_size=5509120 bytes (13.4%)
(RDMA_READ_CONSUME_CHECK_CONSUMER) timestamp=13099 ms, used_size=5507072 bytes (13.4%)
(RDMA_READ_CONSUME_CHECK_CONSUMER) timestamp=13099 ms, used_size=5505024 bytes (13.4%)
(RDMA_READ_CONSUME_CHECK_CONSUMER) timestamp=13099 ms, used_size=5502976 bytes (13.4%)
(RDMA_READ_CONSUME_CHECK_CONSUMER) timestamp=13099 ms, used_size=5500928 bytes (13.4%)
(RDMA_READ_CONSUME_CHECK_CONSUMER) timestamp=13099 ms, used_size=5498880 bytes (13.4%)
(RDMA_READ_CONSUME_CHECK_CONSUMER) timestamp=13099 ms, used_size=5496832 bytes (13.4%)
(RDMA_READ_CONSUME_CHECK_CONSUMER) timestamp=13099 ms, used_size=5494784 bytes (13.4%)
(RDMA_READ_CONSUME_CHECK_CONSUMER) timestamp=13099 ms, used_size=5492736 bytes (13.4%)
(RDMA_READ_CONSUME_CHECK_CONSUMER) timestamp=13099 ms, used_size=5490688 bytes (13.4%)
(RDMA_READ_CONSUME_CHECK_CONSUMER) timestamp=13099 ms, used_size=5488640 bytes (13.4%)
(RDMA_READ_CONSUME_CHECK_CONSUMER) timestamp=13099 ms, used_size=5486592 bytes (13.4%)
(RDMA_READ_CONSUME_CHECK_CONSUMER) timestamp=13099 ms, used_size=5484544 bytes (13.4%)
(RDMA_READ_CONSUME_CHECK_CONSUMER) timestamp=13099 ms, used_size=5482496 bytes (13.4%)
(RDMA_READ_CONSUME_CHECK_CONSUMER) timestamp=13099 ms, used_size=5480448 bytes (13.4%)
(RDMA_READ_CONSUME_CHECK_CONSUMER) timestamp=13099 ms, used_size=5478400 bytes (13.4%)
(RDMA_READ_CONSUME_CHECK_CONSUMER) timestamp=13099 ms, used_size=5476352 bytes (13.4%)
(RDMA_READ_CONSUME_CHECK_CONSUMER) timestamp=13099 ms, used_size=5474304 bytes (13.4%)
(RDMA_READ_CONSUME_CHECK_CONSUMER) timestamp=13099 ms, used_size=5472256 bytes (13.4%)
(RDMA_READ_CONSUME_CHECK_CONSUMER) timestamp=13099 ms, used_size=5470208 bytes (13.4%)
(RDMA_READ_CONSUME_CHECK_CONSUMER) timestamp=13099 ms, used_size=5468160 bytes (13.3%)
(RDMA_READ_CONSUME_CHECK_CONSUMER) timestamp=13099 ms, used_size=5466112 bytes (13.3%)
(RDMA_READ_CONSUME_CHECK_CONSUMER) timestamp=13099 ms, used_size=5464064 bytes (13.3%)
(RDMA_READ_CONSUME_CHECK_CONSUMER) timestamp=13099 ms, used_size=5462016 bytes (13.3%)
(RDMA_READ_CONSUME_CHECK_CONSUMER) timestamp=13099 ms, used_size=5459968 bytes (13.3%)
(RDMA_READ_CONSUME_CHECK_CONSUMER) timestamp=13099 ms, used_size=5457920 bytes (13.3%)
(RDMA_READ_CONSUME_CHECK_CONSUMER) timestamp=13099 ms, used_size=5455872 bytes (13.3%)
(RDMA_READ_CONSUME_CHECK_CONSUMER) timestamp=13099 ms, used_size=5453824 bytes (13.3%)
(RDMA_READ_CONSUME_CHECK_CONSUMER) timestamp=13099 ms, used_size=5451776 bytes (13.3%)
(RDMA_READ_CONSUME_CHECK_CONSUMER) timestamp=13099 ms, used_size=5449728 bytes (13.3%)
(RDMA_READ_CONSUME_CHECK_CONSUMER) timestamp=13099 ms, used_size=5447680 bytes (13.3%)
(RDMA_READ_CONSUME_CHECK_CONSUMER) timestamp=13099 ms, used_size=5445632 bytes (13.3%)
(RDMA_READ_CONSUME_CHECK_CONSUMER) timestamp=13099 ms, used_size=5443584 bytes (13.3%)
(RDMA_READ_CONSUME_CHECK_CONSUMER) timestamp=13099 ms, used_size=5441536 bytes (13.3%)
(RDMA_READ_CONSUME_CHECK_CONSUMER) timestamp=13099 ms, used_size=5439488 bytes (13.3%)
(RDMA_READ_CONSUME_CHECK_CONSUMER) timestamp=13099 ms, used_size=5437440 bytes (13.3%)
(RDMA_READ_CONSUME_CHECK_CONSUMER) timestamp=13099 ms, used_size=5435392 bytes (13.3%)
(RDMA_READ_CONSUME_CHECK_CONSUMER) timestamp=13099 ms, used_size=5433344 bytes (13.3%)
(RDMA_READ_CONSUME_CHECK_CONSUMER) timestamp=13099 ms, used_size=5431296 bytes (13.3%)
(RDMA_READ_CONSUME_CHECK_CONSUMER) timestamp=13099 ms, used_size=5429248 bytes (13.3%)
(RDMA_READ_CONSUME_CHECK_CONSUMER) timestamp=13099 ms, used_size=5427200 bytes (13.2%)
(RDMA_READ_CONSUME_CHECK_CONSUMER) timestamp=13099 ms, used_size=5425152 bytes (13.2%)
(RDMA_READ_CONSUME_CHECK_CONSUMER) timestamp=13099 ms, used_size=5423104 bytes (13.2%)
(RDMA_READ_CONSUME_CHECK_CONSUMER) timestamp=13099 ms, used_size=5421056 bytes (13.2%)
(RDMA_READ_CONSUME_CHECK_CONSUMER) timestamp=13099 ms, used_size=5419008 bytes (13.2%)
(RDMA_READ_CONSUME_CHECK_CONSUMER) timestamp=13099 ms, used_size=5416960 bytes (13.2%)
(RDMA_READ_CONSUME_CHECK_CONSUMER) timestamp=13099 ms, used_size=5414912 bytes (13.2%)
(RDMA_READ_CONSUME_CHECK_CONSUMER) timestamp=13099 ms, used_size=5412864 bytes (13.2%)
(RDMA_READ_CONSUME_CHECK_CONSUMER) timestamp=13099 ms, used_size=5410816 bytes (13.2%)
(RDMA_READ_CONSUME_CHECK_CONSUMER) timestamp=13099 ms, used_size=5408768 bytes (13.2%)
(RDMA_READ_CONSUME_CHECK_CONSUMER) timestamp=13099 ms, used_size=5406720 bytes (13.2%)
(RDMA_READ_CONSUME_CHECK_CONSUMER) timestamp=13099 ms, used_size=5404672 bytes (13.2%)
(RDMA_READ_CONSUME_CHECK_CONSUMER) timestamp=13100 ms, used_size=5402624 bytes (13.2%)
(RDMA_READ_CONSUME_CHECK_CONSUMER) timestamp=13100 ms, used_size=5400576 bytes (13.2%)
(RDMA_READ_CONSUME_CHECK_CONSUMER) timestamp=13100 ms, used_size=5398528 bytes (13.2%)
(RDMA_READ_CONSUME_CHECK_CONSUMER) timestamp=13100 ms, used_size=5396480 bytes (13.2%)
(RDMA_READ_CONSUME_CHECK_CONSUMER) timestamp=13100 ms, used_size=5394432 bytes (13.2%)
(RDMA_READ_CONSUME_CHECK_CONSUMER) timestamp=13100 ms, used_size=5392384 bytes (13.2%)
(RDMA_READ_CONSUME_CHECK_CONSUMER) timestamp=13100 ms, used_size=5390336 bytes (13.2%)
(RDMA_READ_CONSUME_CHECK_CONSUMER) timestamp=13100 ms, used_size=5388288 bytes (13.2%)
(RDMA_READ_CONSUME_CHECK_CONSUMER) timestamp=13100 ms, used_size=5386240 bytes (13.2%)
(RDMA_READ_CONSUME_CHECK_CONSUMER) timestamp=13100 ms, used_size=5384192 bytes (13.1%)
(RDMA_READ_CONSUME_CHECK_CONSUMER) timestamp=13100 ms, used_size=5382144 bytes (13.1%)
(RDMA_READ_CONSUME_CHECK_CONSUMER) timestamp=13100 ms, used_size=5380096 bytes (13.1%)
(RDMA_READ_CONSUME_CHECK_CONSUMER) timestamp=13100 ms, used_size=5378048 bytes (13.1%)
(RDMA_READ_CONSUME_CHECK_CONSUMER) timestamp=13100 ms, used_size=5376000 bytes (13.1%)
(RDMA_READ_CONSUME_CHECK_CONSUMER) timestamp=13100 ms, used_size=5373952 bytes (13.1%)
(RDMA_READ_CONSUME_CHECK_CONSUMER) timestamp=13100 ms, used_size=5371904 bytes (13.1%)
(RDMA_READ_CONSUME_CHECK_CONSUMER) timestamp=13100 ms, used_size=5369856 bytes (13.1%)
(RDMA_READ_CONSUME_CHECK_CONSUMER) timestamp=13100 ms, used_size=5367808 bytes (13.1%)
(RDMA_READ_CONSUME_CHECK_CONSUMER) timestamp=13100 ms, used_size=5365760 bytes (13.1%)
(RDMA_READ_CONSUME_CHECK_CONSUMER) timestamp=13100 ms, used_size=5363712 bytes (13.1%)
(RDMA_READ_CONSUME_CHECK_CONSUMER) timestamp=13100 ms, used_size=5361664 bytes (13.1%)
(RDMA_READ_CONSUME_CHECK_CONSUMER) timestamp=13100 ms, used_size=5359616 bytes (13.1%)
(RDMA_READ_CONSUME_CHECK_CONSUMER) timestamp=13100 ms, used_size=5357568 bytes (13.1%)
(RDMA_READ_CONSUME_CHECK_CONSUMER) timestamp=13100 ms, used_size=5355520 bytes (13.1%)
(RDMA_READ_CONSUME_CHECK_CONSUMER) timestamp=13100 ms, used_size=5353472 bytes (13.1%)
(RDMA_READ_CONSUME_CHECK_CONSUMER) timestamp=13100 ms, used_size=5351424 bytes (13.1%)
(RDMA_READ_CONSUME_CHECK_CONSUMER) timestamp=13100 ms, used_size=5349376 bytes (13.1%)
(RDMA_READ_CONSUME_CHECK_CONSUMER) timestamp=13100 ms, used_size=5347328 bytes (13.1%)
(RDMA_READ_CONSUME_CHECK_CONSUMER) timestamp=13100 ms, used_size=5345280 bytes (13.1%)
(RDMA_READ_CONSUME_CHECK_CONSUMER) timestamp=13100 ms, used_size=5343232 bytes (13.0%)
(RDMA_READ_CONSUME_CHECK_CONSUMER) timestamp=13100 ms, used_size=5341184 bytes (13.0%)
(RDMA_READ_CONSUME_CHECK_CONSUMER) timestamp=13100 ms, used_size=5339136 bytes (13.0%)
(RDMA_READ_CONSUME_CHECK_CONSUMER) timestamp=13100 ms, used_size=5337088 bytes (13.0%)
(RDMA_READ_CONSUME_CHECK_CONSUMER) timestamp=13100 ms, used_size=5335040 bytes (13.0%)
(RDMA_READ_CONSUME_CHECK_CONSUMER) timestamp=13100 ms, used_size=5332992 bytes (13.0%)
(RDMA_READ_CONSUME_CHECK_CONSUMER) timestamp=13100 ms, used_size=5330944 bytes (13.0%)
(RDMA_READ_CONSUME_CHECK_CONSUMER) timestamp=13100 ms, used_size=5328896 bytes (13.0%)
(RDMA_READ_CONSUME_CHECK_CONSUMER) timestamp=13100 ms, used_size=5326848 bytes (13.0%)
(RDMA_READ_CONSUME_CHECK_CONSUMER) timestamp=13100 ms, used_size=5324800 bytes (13.0%)
(RDMA_READ_CONSUME_CHECK_CONSUMER) timestamp=13100 ms, used_size=5322752 bytes (13.0%)
(RDMA_READ_CONSUME_CHECK_CONSUMER) timestamp=13100 ms, used_size=5320704 bytes (13.0%)
(RDMA_READ_CONSUME_CHECK_CONSUMER) timestamp=13100 ms, used_size=5318656 bytes (13.0%)
(RDMA_READ_CONSUME_CHECK_CONSUMER) timestamp=13100 ms, used_size=5316608 bytes (13.0%)
(RDMA_READ_CONSUME_CHECK_CONSUMER) timestamp=13100 ms, used_size=5314560 bytes (13.0%)
(RDMA_READ_CONSUME_CHECK_CONSUMER) timestamp=13100 ms, used_size=5312512 bytes (13.0%)
(RDMA_READ_CONSUME_CHECK_CONSUMER) timestamp=13100 ms, used_size=5310464 bytes (13.0%)
(RDMA_READ_CONSUME_CHECK_CONSUMER) timestamp=13100 ms, used_size=5308416 bytes (13.0%)
(RDMA_READ_CONSUME_CHECK_CONSUMER) timestamp=13100 ms, used_size=5306368 bytes (13.0%)
(RDMA_READ_CONSUME_CHECK_CONSUMER) timestamp=13100 ms, used_size=5304320 bytes (12.9%)
(RDMA_READ_CONSUME_CHECK_CONSUMER) timestamp=13100 ms, used_size=5302272 bytes (12.9%)
(RDMA_READ_CONSUME_CHECK_CONSUMER) timestamp=13100 ms, used_size=5300224 bytes (12.9%)
(RDMA_READ_CONSUME_CHECK_CONSUMER) timestamp=13100 ms, used_size=5298176 bytes (12.9%)
(RDMA_READ_CONSUME_CHECK_CONSUMER) timestamp=13100 ms, used_size=5296128 bytes (12.9%)
(RDMA_READ_CONSUME_CHECK_CONSUMER) timestamp=13100 ms, used_size=5294080 bytes (12.9%)
(RDMA_READ_CONSUME_CHECK_CONSUMER) timestamp=13100 ms, used_size=5292032 bytes (12.9%)
(RDMA_READ_CONSUME_CHECK_CONSUMER) timestamp=13100 ms, used_size=5289984 bytes (12.9%)
(RDMA_READ_CONSUME_CHECK_CONSUMER) timestamp=13100 ms, used_size=5287936 bytes (12.9%)
(RDMA_READ_CONSUME_CHECK_CONSUMER) timestamp=13100 ms, used_size=5285888 bytes (12.9%)
(RDMA_READ_CONSUME_CHECK_CONSUMER) timestamp=13100 ms, used_size=5283840 bytes (12.9%)
(RDMA_READ_CONSUME_CHECK_CONSUMER) timestamp=13100 ms, used_size=5281792 bytes (12.9%)
(RDMA_READ_CONSUME_CHECK_CONSUMER) timestamp=13100 ms, used_size=5279744 bytes (12.9%)
(RDMA_READ_CONSUME_CHECK_CONSUMER) timestamp=13100 ms, used_size=5277696 bytes (12.9%)
(RDMA_READ_CONSUME_CHECK_CONSUMER) timestamp=13100 ms, used_size=5275648 bytes (12.9%)
(RDMA_READ_CONSUME_CHECK_CONSUMER) timestamp=13100 ms, used_size=5273600 bytes (12.9%)
(RDMA_READ_CONSUME_CHECK_CONSUMER) timestamp=13100 ms, used_size=5271552 bytes (12.9%)
(RDMA_READ_CONSUME_CHECK_CONSUMER) timestamp=13100 ms, used_size=5269504 bytes (12.9%)
(RDMA_READ_CONSUME_CHECK_CONSUMER) timestamp=13100 ms, used_size=5267456 bytes (12.9%)
(RDMA_READ_CONSUME_CHECK_CONSUMER) timestamp=13100 ms, used_size=5265408 bytes (12.9%)
(RDMA_READ_CONSUME_CHECK_CONSUMER) timestamp=13100 ms, used_size=5263360 bytes (12.8%)
(RDMA_READ_CONSUME_CHECK_CONSUMER) timestamp=13100 ms, used_size=5261312 bytes (12.8%)
(RDMA_READ_CONSUME_CHECK_CONSUMER) timestamp=13100 ms, used_size=5259264 bytes (12.8%)
(RDMA_READ_CONSUME_CHECK_CONSUMER) timestamp=13100 ms, used_size=5257216 bytes (12.8%)
(RDMA_READ_CONSUME_CHECK_CONSUMER) timestamp=13100 ms, used_size=5255168 bytes (12.8%)
(RDMA_READ_CONSUME_CHECK_CONSUMER) timestamp=13100 ms, used_size=5253120 bytes (12.8%)
(RDMA_READ_CONSUME_CHECK_CONSUMER) timestamp=13100 ms, used_size=5251072 bytes (12.8%)
(RDMA_READ_CONSUME_CHECK_CONSUMER) timestamp=13100 ms, used_size=5249024 bytes (12.8%)
(RDMA_READ_CONSUME_CHECK_CONSUMER) timestamp=13100 ms, used_size=5246976 bytes (12.8%)
(RDMA_READ_CONSUME_CHECK_CONSUMER) timestamp=13100 ms, used_size=5244928 bytes (12.8%)
(RDMA_READ_CONSUME_CHECK_CONSUMER) timestamp=13100 ms, used_size=5242880 bytes (12.8%)
(RDMA_READ_CONSUME_CHECK_CONSUMER) timestamp=13100 ms, used_size=5240832 bytes (12.8%)
(RDMA_READ_CONSUME_CHECK_CONSUMER) timestamp=13100 ms, used_size=5238784 bytes (12.8%)
(RDMA_READ_CONSUME_CHECK_CONSUMER) timestamp=13100 ms, used_size=5236736 bytes (12.8%)
(RDMA_READ_CONSUME_CHECK_CONSUMER) timestamp=13100 ms, used_size=5234688 bytes (12.8%)
(RDMA_READ_CONSUME_CHECK_CONSUMER) timestamp=13100 ms, used_size=5232640 bytes (12.8%)
(RDMA_READ_CONSUME_CHECK_CONSUMER) timestamp=13100 ms, used_size=5230592 bytes (12.8%)
(RDMA_READ_CONSUME_CHECK_CONSUMER) timestamp=13100 ms, used_size=5228544 bytes (12.8%)
(RDMA_READ_CONSUME_CHECK_CONSUMER) timestamp=13100 ms, used_size=5226496 bytes (12.8%)
(RDMA_READ_CONSUME_CHECK_CONSUMER) timestamp=13100 ms, used_size=5224448 bytes (12.8%)
(RDMA_READ_CONSUME_CHECK_CONSUMER) timestamp=13100 ms, used_size=5222400 bytes (12.8%)
(RDMA_READ_CONSUME_CHECK_CONSUMER) timestamp=13100 ms, used_size=5220352 bytes (12.7%)
(RDMA_READ_CONSUME_CHECK_CONSUMER) timestamp=13100 ms, used_size=5218304 bytes (12.7%)
(RDMA_READ_CONSUME_CHECK_CONSUMER) timestamp=13100 ms, used_size=5216256 bytes (12.7%)
(RDMA_READ_CONSUME_CHECK_CONSUMER) timestamp=13100 ms, used_size=5214208 bytes (12.7%)
(RDMA_READ_CONSUME_CHECK_CONSUMER) timestamp=13100 ms, used_size=5212160 bytes (12.7%)
(RDMA_READ_CONSUME_CHECK_CONSUMER) timestamp=13100 ms, used_size=5210112 bytes (12.7%)
(RDMA_READ_CONSUME_CHECK_CONSUMER) timestamp=13100 ms, used_size=5208064 bytes (12.7%)
(RDMA_READ_CONSUME_CHECK_CONSUMER) timestamp=13100 ms, used_size=5206016 bytes (12.7%)
(RDMA_READ_CONSUME_CHECK_CONSUMER) timestamp=13100 ms, used_size=5203968 bytes (12.7%)
(RDMA_READ_CONSUME_CHECK_CONSUMER) timestamp=13100 ms, used_size=5201920 bytes (12.7%)
(RDMA_READ_CONSUME_CHECK_CONSUMER) timestamp=13100 ms, used_size=5199872 bytes (12.7%)
(RDMA_READ_CONSUME_CHECK_CONSUMER) timestamp=13100 ms, used_size=5197824 bytes (12.7%)
(RDMA_READ_CONSUME_CHECK_CONSUMER) timestamp=13100 ms, used_size=5195776 bytes (12.7%)
(RDMA_READ_CONSUME_CHECK_CONSUMER) timestamp=13100 ms, used_size=5193728 bytes (12.7%)
(RDMA_READ_CONSUME_CHECK_CONSUMER) timestamp=13100 ms, used_size=5191680 bytes (12.7%)
(RDMA_READ_CONSUME_CHECK_CONSUMER) timestamp=13100 ms, used_size=5189632 bytes (12.7%)
(RDMA_READ_CONSUME_CHECK_CONSUMER) timestamp=13100 ms, used_size=5187584 bytes (12.7%)
(RDMA_READ_CONSUME_CHECK_CONSUMER) timestamp=13100 ms, used_size=5185536 bytes (12.7%)
(RDMA_READ_CONSUME_CHECK_CONSUMER) timestamp=13100 ms, used_size=5183488 bytes (12.7%)
(RDMA_READ_CONSUME_CHECK_CONSUMER) timestamp=13100 ms, used_size=5181440 bytes (12.7%)
(RDMA_READ_CONSUME_CHECK_CONSUMER) timestamp=13100 ms, used_size=5179392 bytes (12.6%)
(RDMA_READ_CONSUME_CHECK_CONSUMER) timestamp=13100 ms, used_size=5177344 bytes (12.6%)
(RDMA_READ_CONSUME_CHECK_CONSUMER) timestamp=13100 ms, used_size=5175296 bytes (12.6%)
(RDMA_READ_CONSUME_CHECK_CONSUMER) timestamp=13100 ms, used_size=5173248 bytes (12.6%)
(RDMA_READ_CONSUME_CHECK_CONSUMER) timestamp=13100 ms, used_size=5171200 bytes (12.6%)
(RDMA_READ_CONSUME_CHECK_CONSUMER) timestamp=13100 ms, used_size=5169152 bytes (12.6%)
(RDMA_READ_CONSUME_CHECK_CONSUMER) timestamp=13100 ms, used_size=5167104 bytes (12.6%)
(RDMA_READ_CONSUME_CHECK_CONSUMER) timestamp=13100 ms, used_size=5165056 bytes (12.6%)
(RDMA_READ_CONSUME_CHECK_CONSUMER) timestamp=13100 ms, used_size=5163008 bytes (12.6%)
(RDMA_READ_CONSUME_CHECK_CONSUMER) timestamp=13100 ms, used_size=5160960 bytes (12.6%)
(RDMA_READ_CONSUME_CHECK_CONSUMER) timestamp=13100 ms, used_size=5158912 bytes (12.6%)
(RDMA_READ_CONSUME_CHECK_CONSUMER) timestamp=13100 ms, used_size=5156864 bytes (12.6%)
(RDMA_READ_CONSUME_CHECK_CONSUMER) timestamp=13100 ms, used_size=5154816 bytes (12.6%)
(RDMA_READ_CONSUME_CHECK_CONSUMER) timestamp=13100 ms, used_size=5152768 bytes (12.6%)
(RDMA_READ_CONSUME_CHECK_CONSUMER) timestamp=13100 ms, used_size=5150720 bytes (12.6%)
(RDMA_READ_CONSUME_CHECK_CONSUMER) timestamp=13100 ms, used_size=5148672 bytes (12.6%)
(RDMA_READ_CONSUME_CHECK_CONSUMER) timestamp=13100 ms, used_size=5146624 bytes (12.6%)
(RDMA_READ_CONSUME_CHECK_CONSUMER) timestamp=13100 ms, used_size=5144576 bytes (12.6%)
(RDMA_READ_CONSUME_CHECK_CONSUMER) timestamp=13100 ms, used_size=5142528 bytes (12.6%)
(RDMA_READ_CONSUME_CHECK_CONSUMER) timestamp=13100 ms, used_size=5140480 bytes (12.6%)
(RDMA_READ_CONSUME_CHECK_CONSUMER) timestamp=13100 ms, used_size=5138432 bytes (12.5%)
(RDMA_READ_CONSUME_CHECK_CONSUMER) timestamp=13100 ms, used_size=5136384 bytes (12.5%)
(RDMA_READ_CONSUME_CHECK_CONSUMER) timestamp=13100 ms, used_size=5134336 bytes (12.5%)
(RDMA_READ_CONSUME_CHECK_CONSUMER) timestamp=13100 ms, used_size=5132288 bytes (12.5%)
(RDMA_READ_CONSUME_CHECK_CONSUMER) timestamp=13100 ms, used_size=5130240 bytes (12.5%)
(RDMA_READ_CONSUME_CHECK_CONSUMER) timestamp=13100 ms, used_size=5128192 bytes (12.5%)
(RDMA_READ_CONSUME_CHECK_CONSUMER) timestamp=13100 ms, used_size=5126144 bytes (12.5%)
(RDMA_READ_CONSUME_CHECK_CONSUMER) timestamp=13100 ms, used_size=5124096 bytes (12.5%)
(RDMA_READ_CONSUME_CHECK_CONSUMER) timestamp=13100 ms, used_size=5122048 bytes (12.5%)
(RDMA_READ_CONSUME_CHECK_CONSUMER) timestamp=13100 ms, used_size=5120000 bytes (12.5%)
(RDMA_READ_CONSUME_CHECK_CONSUMER) timestamp=13100 ms, used_size=5117952 bytes (12.5%)
(RDMA_READ_CONSUME_CHECK_CONSUMER) timestamp=13100 ms, used_size=5115904 bytes (12.5%)
(RDMA_READ_CONSUME_CHECK_CONSUMER) timestamp=13100 ms, used_size=5113856 bytes (12.5%)
(RDMA_READ_CONSUME_CHECK_CONSUMER) timestamp=13100 ms, used_size=5111808 bytes (12.5%)
(RDMA_READ_CONSUME_CHECK_CONSUMER) timestamp=13100 ms, used_size=5109760 bytes (12.5%)
(RDMA_READ_CONSUME_CHECK_CONSUMER) timestamp=13100 ms, used_size=5107712 bytes (12.5%)
(RDMA_READ_CONSUME_CHECK_CONSUMER) timestamp=13100 ms, used_size=5105664 bytes (12.5%)
(RDMA_READ_CONSUME_CHECK_CONSUMER) timestamp=13100 ms, used_size=5103616 bytes (12.5%)
(RDMA_READ_CONSUME_CHECK_CONSUMER) timestamp=13100 ms, used_size=5101568 bytes (12.5%)
(RDMA_READ_CONSUME_CHECK_CONSUMER) timestamp=13100 ms, used_size=5099520 bytes (12.4%)
(RDMA_READ_CONSUME_CHECK_CONSUMER) timestamp=13100 ms, used_size=5097472 bytes (12.4%)
(RDMA_READ_CONSUME_CHECK_CONSUMER) timestamp=13100 ms, used_size=5095424 bytes (12.4%)
(RDMA_READ_CONSUME_CHECK_CONSUMER) timestamp=13100 ms, used_size=5093376 bytes (12.4%)
(RDMA_READ_CONSUME_CHECK_CONSUMER) timestamp=13100 ms, used_size=5091328 bytes (12.4%)
(RDMA_READ_CONSUME_CHECK_CONSUMER) timestamp=13100 ms, used_size=5089280 bytes (12.4%)
(RDMA_READ_CONSUME_CHECK_CONSUMER) timestamp=13100 ms, used_size=5087232 bytes (12.4%)
(RDMA_READ_CONSUME_CHECK_CONSUMER) timestamp=13100 ms, used_size=5085184 bytes (12.4%)
(RDMA_READ_CONSUME_CHECK_CONSUMER) timestamp=13100 ms, used_size=5083136 bytes (12.4%)
(RDMA_READ_CONSUME_CHECK_CONSUMER) timestamp=13100 ms, used_size=5081088 bytes (12.4%)
(RDMA_READ_CONSUME_CHECK_CONSUMER) timestamp=13100 ms, used_size=5079040 bytes (12.4%)
(RDMA_READ_CONSUME_CHECK_CONSUMER) timestamp=13100 ms, used_size=5076992 bytes (12.4%)
(RDMA_READ_CONSUME_CHECK_CONSUMER) timestamp=13100 ms, used_size=5074944 bytes (12.4%)
(RDMA_READ_CONSUME_CHECK_CONSUMER) timestamp=13100 ms, used_size=5072896 bytes (12.4%)
(RDMA_READ_CONSUME_CHECK_CONSUMER) timestamp=13100 ms, used_size=5070848 bytes (12.4%)
(RDMA_READ_CONSUME_CHECK_CONSUMER) timestamp=13100 ms, used_size=5068800 bytes (12.4%)
(RDMA_READ_CONSUME_CHECK_CONSUMER) timestamp=13100 ms, used_size=5066752 bytes (12.4%)
(RDMA_READ_CONSUME_CHECK_CONSUMER) timestamp=13100 ms, used_size=5064704 bytes (12.4%)
(RDMA_READ_CONSUME_CHECK_CONSUMER) timestamp=13100 ms, used_size=5062656 bytes (12.4%)
(RDMA_READ_CONSUME_CHECK_CONSUMER) timestamp=13100 ms, used_size=5060608 bytes (12.4%)
(RDMA_READ_CONSUME_CHECK_CONSUMER) timestamp=13100 ms, used_size=5058560 bytes (12.3%)
(RDMA_READ_CONSUME_CHECK_CONSUMER) timestamp=13100 ms, used_size=5056512 bytes (12.3%)
(RDMA_READ_CONSUME_CHECK_CONSUMER) timestamp=13100 ms, used_size=5054464 bytes (12.3%)
(RDMA_READ_CONSUME_CHECK_CONSUMER) timestamp=13101 ms, used_size=5052416 bytes (12.3%)
(RDMA_READ_CONSUME_CHECK_CONSUMER) timestamp=13101 ms, used_size=5050368 bytes (12.3%)
(RDMA_READ_CONSUME_CHECK_CONSUMER) timestamp=13101 ms, used_size=5048320 bytes (12.3%)
(RDMA_READ_CONSUME_CHECK_CONSUMER) timestamp=13101 ms, used_size=5046272 bytes (12.3%)
(RDMA_READ_CONSUME_CHECK_CONSUMER) timestamp=13101 ms, used_size=5044224 bytes (12.3%)
(RDMA_READ_CONSUME_CHECK_CONSUMER) timestamp=13101 ms, used_size=5042176 bytes (12.3%)
(RDMA_READ_CONSUME_CHECK_CONSUMER) timestamp=13101 ms, used_size=5040128 bytes (12.3%)
(RDMA_READ_CONSUME_CHECK_CONSUMER) timestamp=13101 ms, used_size=5038080 bytes (12.3%)
(RDMA_READ_CONSUME_CHECK_CONSUMER) timestamp=13101 ms, used_size=5036032 bytes (12.3%)
(RDMA_READ_CONSUME_CHECK_CONSUMER) timestamp=13101 ms, used_size=5033984 bytes (12.3%)
(RDMA_READ_CONSUME_CHECK_CONSUMER) timestamp=13101 ms, used_size=5031936 bytes (12.3%)
(RDMA_READ_CONSUME_CHECK_CONSUMER) timestamp=13101 ms, used_size=5029888 bytes (12.3%)
(RDMA_READ_CONSUME_CHECK_CONSUMER) timestamp=13101 ms, used_size=5027840 bytes (12.3%)
(RDMA_READ_CONSUME_CHECK_CONSUMER) timestamp=13101 ms, used_size=5025792 bytes (12.3%)
(RDMA_READ_CONSUME_CHECK_CONSUMER) timestamp=13101 ms, used_size=5023744 bytes (12.3%)
(RDMA_READ_CONSUME_CHECK_CONSUMER) timestamp=13101 ms, used_size=5021696 bytes (12.3%)
(RDMA_READ_CONSUME_CHECK_CONSUMER) timestamp=13101 ms, used_size=5019648 bytes (12.3%)
(RDMA_READ_CONSUME_CHECK_CONSUMER) timestamp=13101 ms, used_size=5017600 bytes (12.2%)
(RDMA_READ_CONSUME_CHECK_CONSUMER) timestamp=13101 ms, used_size=5015552 bytes (12.2%)
(RDMA_READ_CONSUME_CHECK_CONSUMER) timestamp=13101 ms, used_size=5013504 bytes (12.2%)
(RDMA_READ_CONSUME_CHECK_CONSUMER) timestamp=13101 ms, used_size=5011456 bytes (12.2%)
(RDMA_READ_CONSUME_CHECK_CONSUMER) timestamp=13101 ms, used_size=5009408 bytes (12.2%)
(RDMA_READ_CONSUME_CHECK_CONSUMER) timestamp=13101 ms, used_size=5007360 bytes (12.2%)
(RDMA_READ_CONSUME_CHECK_CONSUMER) timestamp=13101 ms, used_size=5005312 bytes (12.2%)
(RDMA_READ_CONSUME_CHECK_CONSUMER) timestamp=13101 ms, used_size=5003264 bytes (12.2%)
(RDMA_READ_CONSUME_CHECK_CONSUMER) timestamp=13101 ms, used_size=5001216 bytes (12.2%)
(RDMA_READ_CONSUME_CHECK_CONSUMER) timestamp=13101 ms, used_size=4999168 bytes (12.2%)
(RDMA_READ_CONSUME_CHECK_CONSUMER) timestamp=13101 ms, used_size=4997120 bytes (12.2%)
(RDMA_READ_CONSUME_CHECK_CONSUMER) timestamp=13101 ms, used_size=4995072 bytes (12.2%)
(RDMA_READ_CONSUME_CHECK_CONSUMER) timestamp=13101 ms, used_size=4993024 bytes (12.2%)
(RDMA_READ_CONSUME_CHECK_CONSUMER) timestamp=13101 ms, used_size=4990976 bytes (12.2%)
(RDMA_READ_CONSUME_CHECK_CONSUMER) timestamp=13101 ms, used_size=4988928 bytes (12.2%)
(RDMA_READ_CONSUME_CHECK_CONSUMER) timestamp=13101 ms, used_size=4986880 bytes (12.2%)
(RDMA_READ_CONSUME_CHECK_CONSUMER) timestamp=13101 ms, used_size=4984832 bytes (12.2%)
(RDMA_READ_CONSUME_CHECK_CONSUMER) timestamp=13101 ms, used_size=4982784 bytes (12.2%)
(RDMA_READ_CONSUME_CHECK_CONSUMER) timestamp=13101 ms, used_size=4980736 bytes (12.2%)
(RDMA_READ_CONSUME_CHECK_CONSUMER) timestamp=13101 ms, used_size=4978688 bytes (12.2%)
(RDMA_READ_CONSUME_CHECK_CONSUMER) timestamp=13101 ms, used_size=4976640 bytes (12.2%)
(RDMA_READ_CONSUME_CHECK_CONSUMER) timestamp=13101 ms, used_size=4974592 bytes (12.1%)
(RDMA_READ_CONSUME_CHECK_CONSUMER) timestamp=13101 ms, used_size=4972544 bytes (12.1%)
(RDMA_READ_CONSUME_CHECK_CONSUMER) timestamp=13101 ms, used_size=4970496 bytes (12.1%)
(RDMA_READ_CONSUME_CHECK_CONSUMER) timestamp=13101 ms, used_size=4968448 bytes (12.1%)
(RDMA_READ_CONSUME_CHECK_CONSUMER) timestamp=13101 ms, used_size=4966400 bytes (12.1%)
(RDMA_READ_CONSUME_CHECK_CONSUMER) timestamp=13101 ms, used_size=4964352 bytes (12.1%)
(RDMA_READ_CONSUME_CHECK_CONSUMER) timestamp=13101 ms, used_size=4962304 bytes (12.1%)
(RDMA_READ_CONSUME_CHECK_CONSUMER) timestamp=13101 ms, used_size=4960256 bytes (12.1%)
(RDMA_READ_CONSUME_CHECK_CONSUMER) timestamp=13101 ms, used_size=4958208 bytes (12.1%)
(RDMA_READ_CONSUME_CHECK_CONSUMER) timestamp=13101 ms, used_size=4956160 bytes (12.1%)
(RDMA_READ_CONSUME_CHECK_CONSUMER) timestamp=13101 ms, used_size=4954112 bytes (12.1%)
(RDMA_READ_CONSUME_CHECK_CONSUMER) timestamp=13101 ms, used_size=4952064 bytes (12.1%)
(RDMA_READ_CONSUME_CHECK_CONSUMER) timestamp=13101 ms, used_size=4950016 bytes (12.1%)
(RDMA_READ_CONSUME_CHECK_CONSUMER) timestamp=13101 ms, used_size=4947968 bytes (12.1%)
(RDMA_READ_CONSUME_CHECK_CONSUMER) timestamp=13101 ms, used_size=4945920 bytes (12.1%)
(RDMA_READ_CONSUME_CHECK_CONSUMER) timestamp=13101 ms, used_size=4943872 bytes (12.1%)
(RDMA_READ_CONSUME_CHECK_CONSUMER) timestamp=13101 ms, used_size=4941824 bytes (12.1%)
(RDMA_READ_CONSUME_CHECK_CONSUMER) timestamp=13101 ms, used_size=4939776 bytes (12.1%)
(RDMA_READ_CONSUME_CHECK_CONSUMER) timestamp=13101 ms, used_size=4937728 bytes (12.1%)
(RDMA_READ_CONSUME_CHECK_CONSUMER) timestamp=13101 ms, used_size=4935680 bytes (12.1%)
(RDMA_READ_CONSUME_CHECK_CONSUMER) timestamp=13101 ms, used_size=4933632 bytes (12.0%)
(RDMA_READ_CONSUME_CHECK_CONSUMER) timestamp=13101 ms, used_size=4931584 bytes (12.0%)
(RDMA_READ_CONSUME_CHECK_CONSUMER) timestamp=13101 ms, used_size=4929536 bytes (12.0%)
(RDMA_READ_CONSUME_CHECK_CONSUMER) timestamp=13101 ms, used_size=4927488 bytes (12.0%)
(RDMA_READ_CONSUME_CHECK_CONSUMER) timestamp=13101 ms, used_size=4925440 bytes (12.0%)
(RDMA_READ_CONSUME_CHECK_CONSUMER) timestamp=13101 ms, used_size=4923392 bytes (12.0%)
(RDMA_READ_CONSUME_CHECK_CONSUMER) timestamp=13101 ms, used_size=4921344 bytes (12.0%)
(RDMA_READ_CONSUME_CHECK_CONSUMER) timestamp=13101 ms, used_size=4919296 bytes (12.0%)
(RDMA_READ_CONSUME_CHECK_CONSUMER) timestamp=13101 ms, used_size=4917248 bytes (12.0%)
(RDMA_READ_CONSUME_CHECK_CONSUMER) timestamp=13101 ms, used_size=4915200 bytes (12.0%)
(RDMA_READ_CONSUME_CHECK_CONSUMER) timestamp=13101 ms, used_size=4913152 bytes (12.0%)
(RDMA_READ_CONSUME_CHECK_CONSUMER) timestamp=13101 ms, used_size=4911104 bytes (12.0%)
(RDMA_READ_CONSUME_CHECK_CONSUMER) timestamp=13101 ms, used_size=4909056 bytes (12.0%)
(RDMA_READ_CONSUME_CHECK_CONSUMER) timestamp=13101 ms, used_size=4907008 bytes (12.0%)
(RDMA_READ_CONSUME_CHECK_CONSUMER) timestamp=13101 ms, used_size=4904960 bytes (12.0%)
(RDMA_READ_CONSUME_CHECK_CONSUMER) timestamp=13101 ms, used_size=4902912 bytes (12.0%)
(RDMA_READ_CONSUME_CHECK_CONSUMER) timestamp=13101 ms, used_size=4900864 bytes (12.0%)
(RDMA_READ_CONSUME_CHECK_CONSUMER) timestamp=13101 ms, used_size=4898816 bytes (12.0%)
(RDMA_READ_CONSUME_CHECK_CONSUMER) timestamp=13101 ms, used_size=4896768 bytes (12.0%)
(RDMA_READ_CONSUME_CHECK_CONSUMER) timestamp=13101 ms, used_size=4894720 bytes (11.9%)
(RDMA_READ_CONSUME_CHECK_CONSUMER) timestamp=13101 ms, used_size=4892672 bytes (11.9%)
(RDMA_READ_CONSUME_CHECK_CONSUMER) timestamp=13101 ms, used_size=4890624 bytes (11.9%)
(RDMA_READ_CONSUME_CHECK_CONSUMER) timestamp=13101 ms, used_size=4888576 bytes (11.9%)
(RDMA_READ_CONSUME_CHECK_CONSUMER) timestamp=13101 ms, used_size=4886528 bytes (11.9%)
(RDMA_READ_CONSUME_CHECK_CONSUMER) timestamp=13101 ms, used_size=4884480 bytes (11.9%)
(RDMA_READ_CONSUME_CHECK_CONSUMER) timestamp=13101 ms, used_size=4882432 bytes (11.9%)
(RDMA_READ_CONSUME_CHECK_CONSUMER) timestamp=13101 ms, used_size=4880384 bytes (11.9%)
(RDMA_READ_CONSUME_CHECK_CONSUMER) timestamp=13101 ms, used_size=4878336 bytes (11.9%)
(RDMA_READ_CONSUME_CHECK_CONSUMER) timestamp=13101 ms, used_size=4876288 bytes (11.9%)
(RDMA_READ_CONSUME_CHECK_CONSUMER) timestamp=13101 ms, used_size=4874240 bytes (11.9%)
(RDMA_READ_CONSUME_CHECK_CONSUMER) timestamp=13101 ms, used_size=4872192 bytes (11.9%)
(RDMA_READ_CONSUME_CHECK_CONSUMER) timestamp=13101 ms, used_size=4870144 bytes (11.9%)
(RDMA_READ_CONSUME_CHECK_CONSUMER) timestamp=13101 ms, used_size=4868096 bytes (11.9%)
(RDMA_READ_CONSUME_CHECK_CONSUMER) timestamp=13101 ms, used_size=4866048 bytes (11.9%)
(RDMA_READ_CONSUME_CHECK_CONSUMER) timestamp=13101 ms, used_size=4864000 bytes (11.9%)
(RDMA_READ_CONSUME_CHECK_CONSUMER) timestamp=13101 ms, used_size=4861952 bytes (11.9%)
(RDMA_READ_CONSUME_CHECK_CONSUMER) timestamp=13101 ms, used_size=4859904 bytes (11.9%)
(RDMA_READ_CONSUME_CHECK_CONSUMER) timestamp=13101 ms, used_size=4857856 bytes (11.9%)
(RDMA_READ_CONSUME_CHECK_CONSUMER) timestamp=13101 ms, used_size=4855808 bytes (11.9%)
(RDMA_READ_CONSUME_CHECK_CONSUMER) timestamp=13101 ms, used_size=4853760 bytes (11.8%)
(RDMA_READ_CONSUME_CHECK_CONSUMER) timestamp=13101 ms, used_size=4851712 bytes (11.8%)
(RDMA_READ_CONSUME_CHECK_CONSUMER) timestamp=13101 ms, used_size=4849664 bytes (11.8%)
(RDMA_READ_CONSUME_CHECK_CONSUMER) timestamp=13101 ms, used_size=4847616 bytes (11.8%)
(RDMA_READ_CONSUME_CHECK_CONSUMER) timestamp=13101 ms, used_size=4845568 bytes (11.8%)
(RDMA_READ_CONSUME_CHECK_CONSUMER) timestamp=13101 ms, used_size=4843520 bytes (11.8%)
(RDMA_READ_CONSUME_CHECK_CONSUMER) timestamp=13101 ms, used_size=4841472 bytes (11.8%)
(RDMA_READ_CONSUME_CHECK_CONSUMER) timestamp=13101 ms, used_size=4839424 bytes (11.8%)
(RDMA_READ_CONSUME_CHECK_CONSUMER) timestamp=13101 ms, used_size=4837376 bytes (11.8%)
(RDMA_READ_CONSUME_CHECK_CONSUMER) timestamp=13101 ms, used_size=4835328 bytes (11.8%)
(RDMA_READ_CONSUME_CHECK_CONSUMER) timestamp=13101 ms, used_size=4833280 bytes (11.8%)
(RDMA_READ_CONSUME_CHECK_CONSUMER) timestamp=13101 ms, used_size=4831232 bytes (11.8%)
(RDMA_READ_CONSUME_CHECK_CONSUMER) timestamp=13101 ms, used_size=4829184 bytes (11.8%)
(RDMA_READ_CONSUME_CHECK_CONSUMER) timestamp=13101 ms, used_size=4827136 bytes (11.8%)
(RDMA_READ_CONSUME_CHECK_CONSUMER) timestamp=13101 ms, used_size=4825088 bytes (11.8%)
(RDMA_READ_CONSUME_CHECK_CONSUMER) timestamp=13101 ms, used_size=4823040 bytes (11.8%)
(RDMA_READ_CONSUME_CHECK_CONSUMER) timestamp=13101 ms, used_size=4820992 bytes (11.8%)
(RDMA_READ_CONSUME_CHECK_CONSUMER) timestamp=13101 ms, used_size=4818944 bytes (11.8%)
(RDMA_READ_CONSUME_CHECK_CONSUMER) timestamp=13101 ms, used_size=4816896 bytes (11.8%)
(RDMA_READ_CONSUME_CHECK_CONSUMER) timestamp=13101 ms, used_size=4814848 bytes (11.8%)
(RDMA_READ_CONSUME_CHECK_CONSUMER) timestamp=13101 ms, used_size=4812800 bytes (11.8%)
(RDMA_READ_CONSUME_CHECK_CONSUMER) timestamp=13101 ms, used_size=4810752 bytes (11.7%)
(RDMA_READ_CONSUME_CHECK_CONSUMER) timestamp=13101 ms, used_size=4808704 bytes (11.7%)
(RDMA_READ_CONSUME_CHECK_CONSUMER) timestamp=13101 ms, used_size=4806656 bytes (11.7%)
(RDMA_READ_CONSUME_CHECK_CONSUMER) timestamp=13101 ms, used_size=4804608 bytes (11.7%)
(RDMA_READ_CONSUME_CHECK_CONSUMER) timestamp=13101 ms, used_size=4802560 bytes (11.7%)
(RDMA_READ_CONSUME_CHECK_CONSUMER) timestamp=13101 ms, used_size=4800512 bytes (11.7%)
(RDMA_READ_CONSUME_CHECK_CONSUMER) timestamp=13101 ms, used_size=4798464 bytes (11.7%)
(RDMA_READ_CONSUME_CHECK_CONSUMER) timestamp=13101 ms, used_size=4796416 bytes (11.7%)
(RDMA_READ_CONSUME_CHECK_CONSUMER) timestamp=13101 ms, used_size=4794368 bytes (11.7%)
(RDMA_READ_CONSUME_CHECK_CONSUMER) timestamp=13101 ms, used_size=4792320 bytes (11.7%)
(RDMA_READ_CONSUME_CHECK_CONSUMER) timestamp=13101 ms, used_size=4790272 bytes (11.7%)
(RDMA_READ_CONSUME_CHECK_CONSUMER) timestamp=13101 ms, used_size=4788224 bytes (11.7%)
(RDMA_READ_CONSUME_CHECK_CONSUMER) timestamp=13101 ms, used_size=4786176 bytes (11.7%)
(RDMA_READ_CONSUME_CHECK_CONSUMER) timestamp=13101 ms, used_size=4784128 bytes (11.7%)
(RDMA_READ_CONSUME_CHECK_CONSUMER) timestamp=13101 ms, used_size=4782080 bytes (11.7%)
(RDMA_READ_CONSUME_CHECK_CONSUMER) timestamp=13101 ms, used_size=4780032 bytes (11.7%)
(RDMA_READ_CONSUME_CHECK_CONSUMER) timestamp=13101 ms, used_size=4777984 bytes (11.7%)
(RDMA_READ_CONSUME_CHECK_CONSUMER) timestamp=13101 ms, used_size=4775936 bytes (11.7%)
(RDMA_READ_CONSUME_CHECK_CONSUMER) timestamp=13101 ms, used_size=4773888 bytes (11.7%)
(RDMA_READ_CONSUME_CHECK_CONSUMER) timestamp=13101 ms, used_size=4771840 bytes (11.7%)
(RDMA_READ_CONSUME_CHECK_CONSUMER) timestamp=13101 ms, used_size=4769792 bytes (11.6%)
(RDMA_READ_CONSUME_CHECK_CONSUMER) timestamp=13101 ms, used_size=4767744 bytes (11.6%)
(RDMA_READ_CONSUME_CHECK_CONSUMER) timestamp=13101 ms, used_size=4765696 bytes (11.6%)
(RDMA_READ_CONSUME_CHECK_CONSUMER) timestamp=13101 ms, used_size=4763648 bytes (11.6%)
(RDMA_READ_CONSUME_CHECK_CONSUMER) timestamp=13101 ms, used_size=4761600 bytes (11.6%)
(RDMA_READ_CONSUME_CHECK_CONSUMER) timestamp=13101 ms, used_size=4759552 bytes (11.6%)
(RDMA_READ_CONSUME_CHECK_CONSUMER) timestamp=13101 ms, used_size=4757504 bytes (11.6%)
(RDMA_READ_CONSUME_CHECK_CONSUMER) timestamp=13101 ms, used_size=4755456 bytes (11.6%)
(RDMA_READ_CONSUME_CHECK_CONSUMER) timestamp=13101 ms, used_size=4753408 bytes (11.6%)
(RDMA_READ_CONSUME_CHECK_CONSUMER) timestamp=13101 ms, used_size=4751360 bytes (11.6%)
(RDMA_READ_CONSUME_CHECK_CONSUMER) timestamp=13101 ms, used_size=4749312 bytes (11.6%)
(RDMA_READ_CONSUME_CHECK_CONSUMER) timestamp=13101 ms, used_size=4747264 bytes (11.6%)
(RDMA_READ_CONSUME_CHECK_CONSUMER) timestamp=13101 ms, used_size=4745216 bytes (11.6%)
(RDMA_READ_CONSUME_CHECK_CONSUMER) timestamp=13101 ms, used_size=4743168 bytes (11.6%)
(RDMA_READ_CONSUME_CHECK_CONSUMER) timestamp=13101 ms, used_size=4741120 bytes (11.6%)
(RDMA_READ_CONSUME_CHECK_CONSUMER) timestamp=13101 ms, used_size=4739072 bytes (11.6%)
(RDMA_READ_CONSUME_CHECK_CONSUMER) timestamp=13101 ms, used_size=4737024 bytes (11.6%)
(RDMA_READ_CONSUME_CHECK_CONSUMER) timestamp=13101 ms, used_size=4734976 bytes (11.6%)
(RDMA_READ_CONSUME_CHECK_CONSUMER) timestamp=13101 ms, used_size=4732928 bytes (11.6%)
(RDMA_READ_CONSUME_CHECK_CONSUMER) timestamp=13101 ms, used_size=4730880 bytes (11.6%)
(RDMA_READ_CONSUME_CHECK_CONSUMER) timestamp=13101 ms, used_size=4728832 bytes (11.5%)
(RDMA_READ_CONSUME_CHECK_CONSUMER) timestamp=13101 ms, used_size=4726784 bytes (11.5%)
(RDMA_READ_CONSUME_CHECK_CONSUMER) timestamp=13101 ms, used_size=4724736 bytes (11.5%)
(RDMA_READ_CONSUME_CHECK_CONSUMER) timestamp=13101 ms, used_size=4722688 bytes (11.5%)
(RDMA_READ_CONSUME_CHECK_CONSUMER) timestamp=13101 ms, used_size=4720640 bytes (11.5%)
(RDMA_READ_CONSUME_CHECK_CONSUMER) timestamp=13101 ms, used_size=4718592 bytes (11.5%)
(RDMA_READ_CONSUME_CHECK_CONSUMER) timestamp=13101 ms, used_size=4716544 bytes (11.5%)
(RDMA_READ_CONSUME_CHECK_CONSUMER) timestamp=13101 ms, used_size=4714496 bytes (11.5%)
(RDMA_READ_CONSUME_CHECK_CONSUMER) timestamp=13101 ms, used_size=4712448 bytes (11.5%)
(RDMA_READ_CONSUME_CHECK_CONSUMER) timestamp=13101 ms, used_size=4710400 bytes (11.5%)
(RDMA_READ_CONSUME_CHECK_CONSUMER) timestamp=13101 ms, used_size=4708352 bytes (11.5%)
(RDMA_READ_CONSUME_CHECK_CONSUMER) timestamp=13101 ms, used_size=4706304 bytes (11.5%)
(RDMA_READ_CONSUME_CHECK_CONSUMER) timestamp=13101 ms, used_size=4704256 bytes (11.5%)
(RDMA_READ_CONSUME_CHECK_CONSUMER) timestamp=13101 ms, used_size=4702208 bytes (11.5%)
(RDMA_READ_CONSUME_CHECK_CONSUMER) timestamp=13102 ms, used_size=4700160 bytes (11.5%)
(RDMA_READ_CONSUME_CHECK_CONSUMER) timestamp=13102 ms, used_size=4698112 bytes (11.5%)
(RDMA_READ_CONSUME_CHECK_CONSUMER) timestamp=13102 ms, used_size=4696064 bytes (11.5%)
(RDMA_READ_CONSUME_CHECK_CONSUMER) timestamp=13102 ms, used_size=4694016 bytes (11.5%)
(RDMA_READ_CONSUME_CHECK_CONSUMER) timestamp=13102 ms, used_size=4691968 bytes (11.5%)
(RDMA_READ_CONSUME_CHECK_CONSUMER) timestamp=13102 ms, used_size=4689920 bytes (11.4%)
(RDMA_READ_CONSUME_CHECK_CONSUMER) timestamp=13102 ms, used_size=4687872 bytes (11.4%)
(RDMA_READ_CONSUME_CHECK_CONSUMER) timestamp=13102 ms, used_size=4685824 bytes (11.4%)
(RDMA_READ_CONSUME_CHECK_CONSUMER) timestamp=13102 ms, used_size=4683776 bytes (11.4%)
(RDMA_READ_CONSUME_CHECK_CONSUMER) timestamp=13102 ms, used_size=4681728 bytes (11.4%)
(RDMA_READ_CONSUME_CHECK_CONSUMER) timestamp=13102 ms, used_size=4679680 bytes (11.4%)
(RDMA_READ_CONSUME_CHECK_CONSUMER) timestamp=13102 ms, used_size=4677632 bytes (11.4%)
(RDMA_READ_CONSUME_CHECK_CONSUMER) timestamp=13102 ms, used_size=4675584 bytes (11.4%)
(RDMA_READ_CONSUME_CHECK_CONSUMER) timestamp=13102 ms, used_size=4673536 bytes (11.4%)
(RDMA_READ_CONSUME_CHECK_CONSUMER) timestamp=13102 ms, used_size=4671488 bytes (11.4%)
(RDMA_READ_CONSUME_CHECK_CONSUMER) timestamp=13102 ms, used_size=4669440 bytes (11.4%)
(RDMA_READ_CONSUME_CHECK_CONSUMER) timestamp=13102 ms, used_size=4667392 bytes (11.4%)
(RDMA_READ_CONSUME_CHECK_CONSUMER) timestamp=13102 ms, used_size=4665344 bytes (11.4%)
(RDMA_READ_CONSUME_CHECK_CONSUMER) timestamp=13102 ms, used_size=4663296 bytes (11.4%)
(RDMA_READ_CONSUME_CHECK_CONSUMER) timestamp=13102 ms, used_size=4661248 bytes (11.4%)
(RDMA_READ_CONSUME_CHECK_CONSUMER) timestamp=13102 ms, used_size=4659200 bytes (11.4%)
(RDMA_READ_CONSUME_CHECK_CONSUMER) timestamp=13102 ms, used_size=4657152 bytes (11.4%)
(RDMA_READ_CONSUME_CHECK_CONSUMER) timestamp=13102 ms, used_size=4655104 bytes (11.4%)
(RDMA_READ_CONSUME_CHECK_CONSUMER) timestamp=13102 ms, used_size=4653056 bytes (11.4%)
(RDMA_READ_CONSUME_CHECK_CONSUMER) timestamp=13102 ms, used_size=4651008 bytes (11.4%)
(RDMA_READ_CONSUME_CHECK_CONSUMER) timestamp=13102 ms, used_size=4648960 bytes (11.3%)
(RDMA_READ_CONSUME_CHECK_CONSUMER) timestamp=13102 ms, used_size=4646912 bytes (11.3%)
(RDMA_READ_CONSUME_CHECK_CONSUMER) timestamp=13102 ms, used_size=4644864 bytes (11.3%)
(RDMA_READ_CONSUME_CHECK_CONSUMER) timestamp=13102 ms, used_size=4642816 bytes (11.3%)
(RDMA_READ_CONSUME_CHECK_CONSUMER) timestamp=13102 ms, used_size=4640768 bytes (11.3%)
(RDMA_READ_CONSUME_CHECK_CONSUMER) timestamp=13102 ms, used_size=4638720 bytes (11.3%)
(RDMA_READ_CONSUME_CHECK_CONSUMER) timestamp=13102 ms, used_size=4636672 bytes (11.3%)
(RDMA_READ_CONSUME_CHECK_CONSUMER) timestamp=13102 ms, used_size=4634624 bytes (11.3%)
(RDMA_READ_CONSUME_CHECK_CONSUMER) timestamp=13102 ms, used_size=4632576 bytes (11.3%)
(RDMA_READ_CONSUME_CHECK_CONSUMER) timestamp=13102 ms, used_size=4630528 bytes (11.3%)
(RDMA_READ_CONSUME_CHECK_CONSUMER) timestamp=13102 ms, used_size=4628480 bytes (11.3%)
(RDMA_READ_CONSUME_CHECK_CONSUMER) timestamp=13102 ms, used_size=4626432 bytes (11.3%)
(RDMA_READ_CONSUME_CHECK_CONSUMER) timestamp=13102 ms, used_size=4624384 bytes (11.3%)
(RDMA_READ_CONSUME_CHECK_CONSUMER) timestamp=13102 ms, used_size=4622336 bytes (11.3%)
(RDMA_READ_CONSUME_CHECK_CONSUMER) timestamp=13102 ms, used_size=4620288 bytes (11.3%)
(RDMA_READ_CONSUME_CHECK_CONSUMER) timestamp=13102 ms, used_size=4618240 bytes (11.3%)
(RDMA_READ_CONSUME_CHECK_CONSUMER) timestamp=13102 ms, used_size=4616192 bytes (11.3%)
(RDMA_READ_CONSUME_CHECK_CONSUMER) timestamp=13102 ms, used_size=4614144 bytes (11.3%)
(RDMA_READ_CONSUME_CHECK_CONSUMER) timestamp=13102 ms, used_size=4612096 bytes (11.3%)
(RDMA_READ_CONSUME_CHECK_CONSUMER) timestamp=13102 ms, used_size=4610048 bytes (11.3%)
(RDMA_READ_CONSUME_CHECK_CONSUMER) timestamp=13102 ms, used_size=4608000 bytes (11.2%)
(RDMA_READ_CONSUME_CHECK_CONSUMER) timestamp=13102 ms, used_size=4605952 bytes (11.2%)
(RDMA_READ_CONSUME_CHECK_CONSUMER) timestamp=13102 ms, used_size=4603904 bytes (11.2%)
(RDMA_READ_CONSUME_CHECK_CONSUMER) timestamp=13102 ms, used_size=4601856 bytes (11.2%)
(RDMA_READ_CONSUME_CHECK_CONSUMER) timestamp=13102 ms, used_size=4599808 bytes (11.2%)
(RDMA_READ_CONSUME_CHECK_CONSUMER) timestamp=13102 ms, used_size=4597760 bytes (11.2%)
(RDMA_READ_CONSUME_CHECK_CONSUMER) timestamp=13102 ms, used_size=4595712 bytes (11.2%)
(RDMA_READ_CONSUME_CHECK_CONSUMER) timestamp=13102 ms, used_size=4593664 bytes (11.2%)
(RDMA_READ_CONSUME_CHECK_CONSUMER) timestamp=13102 ms, used_size=4591616 bytes (11.2%)
(RDMA_READ_CONSUME_CHECK_CONSUMER) timestamp=13102 ms, used_size=4589568 bytes (11.2%)
(RDMA_READ_CONSUME_CHECK_CONSUMER) timestamp=13102 ms, used_size=4587520 bytes (11.2%)
(RDMA_READ_CONSUME_CHECK_CONSUMER) timestamp=13102 ms, used_size=4585472 bytes (11.2%)
(RDMA_READ_CONSUME_CHECK_CONSUMER) timestamp=13102 ms, used_size=4583424 bytes (11.2%)
(RDMA_READ_CONSUME_CHECK_CONSUMER) timestamp=13102 ms, used_size=4581376 bytes (11.2%)
(RDMA_READ_CONSUME_CHECK_CONSUMER) timestamp=13102 ms, used_size=4579328 bytes (11.2%)
(RDMA_READ_CONSUME_CHECK_CONSUMER) timestamp=13102 ms, used_size=4577280 bytes (11.2%)
(RDMA_READ_CONSUME_CHECK_CONSUMER) timestamp=13102 ms, used_size=4575232 bytes (11.2%)
(RDMA_READ_CONSUME_CHECK_CONSUMER) timestamp=13102 ms, used_size=4573184 bytes (11.2%)
(RDMA_READ_CONSUME_CHECK_CONSUMER) timestamp=13102 ms, used_size=4571136 bytes (11.2%)
(RDMA_READ_CONSUME_CHECK_CONSUMER) timestamp=13102 ms, used_size=4569088 bytes (11.2%)
(RDMA_READ_CONSUME_CHECK_CONSUMER) timestamp=13102 ms, used_size=4567040 bytes (11.2%)
(RDMA_READ_CONSUME_CHECK_CONSUMER) timestamp=13102 ms, used_size=4564992 bytes (11.1%)
(RDMA_READ_CONSUME_CHECK_CONSUMER) timestamp=13102 ms, used_size=4562944 bytes (11.1%)
(RDMA_READ_CONSUME_CHECK_CONSUMER) timestamp=13102 ms, used_size=4560896 bytes (11.1%)
(RDMA_READ_CONSUME_CHECK_CONSUMER) timestamp=13102 ms, used_size=4558848 bytes (11.1%)
(RDMA_READ_CONSUME_CHECK_CONSUMER) timestamp=13102 ms, used_size=4556800 bytes (11.1%)
(RDMA_READ_CONSUME_CHECK_CONSUMER) timestamp=13102 ms, used_size=4554752 bytes (11.1%)
(RDMA_READ_CONSUME_CHECK_CONSUMER) timestamp=13102 ms, used_size=4552704 bytes (11.1%)
(RDMA_READ_CONSUME_CHECK_CONSUMER) timestamp=13102 ms, used_size=4550656 bytes (11.1%)
(RDMA_READ_CONSUME_CHECK_CONSUMER) timestamp=13102 ms, used_size=4548608 bytes (11.1%)
(RDMA_READ_CONSUME_CHECK_CONSUMER) timestamp=13102 ms, used_size=4546560 bytes (11.1%)
(RDMA_READ_CONSUME_CHECK_CONSUMER) timestamp=13102 ms, used_size=4544512 bytes (11.1%)
(RDMA_READ_CONSUME_CHECK_CONSUMER) timestamp=13102 ms, used_size=4542464 bytes (11.1%)
(RDMA_READ_CONSUME_CHECK_CONSUMER) timestamp=13102 ms, used_size=4540416 bytes (11.1%)
(RDMA_READ_CONSUME_CHECK_CONSUMER) timestamp=13102 ms, used_size=4538368 bytes (11.1%)
(RDMA_READ_CONSUME_CHECK_CONSUMER) timestamp=13102 ms, used_size=4536320 bytes (11.1%)
(RDMA_READ_CONSUME_CHECK_CONSUMER) timestamp=13102 ms, used_size=4534272 bytes (11.1%)
(RDMA_READ_CONSUME_CHECK_CONSUMER) timestamp=13102 ms, used_size=4532224 bytes (11.1%)
(RDMA_READ_CONSUME_CHECK_CONSUMER) timestamp=13102 ms, used_size=4530176 bytes (11.1%)
(RDMA_READ_CONSUME_CHECK_CONSUMER) timestamp=13102 ms, used_size=4528128 bytes (11.1%)
(RDMA_READ_CONSUME_CHECK_CONSUMER) timestamp=13102 ms, used_size=4526080 bytes (11.1%)
(RDMA_READ_CONSUME_CHECK_CONSUMER) timestamp=13102 ms, used_size=4524032 bytes (11.0%)
(RDMA_READ_CONSUME_CHECK_CONSUMER) timestamp=13102 ms, used_size=4521984 bytes (11.0%)
(RDMA_READ_CONSUME_CHECK_CONSUMER) timestamp=13102 ms, used_size=4519936 bytes (11.0%)
(RDMA_READ_CONSUME_CHECK_CONSUMER) timestamp=13102 ms, used_size=4517888 bytes (11.0%)
(RDMA_READ_CONSUME_CHECK_CONSUMER) timestamp=13102 ms, used_size=4515840 bytes (11.0%)
(RDMA_READ_CONSUME_CHECK_CONSUMER) timestamp=13102 ms, used_size=4513792 bytes (11.0%)
(RDMA_READ_CONSUME_CHECK_CONSUMER) timestamp=13102 ms, used_size=4511744 bytes (11.0%)
(RDMA_READ_CONSUME_CHECK_CONSUMER) timestamp=13102 ms, used_size=4509696 bytes (11.0%)
(RDMA_READ_CONSUME_CHECK_CONSUMER) timestamp=13102 ms, used_size=4507648 bytes (11.0%)
(RDMA_READ_CONSUME_CHECK_CONSUMER) timestamp=13102 ms, used_size=4505600 bytes (11.0%)
(RDMA_READ_CONSUME_CHECK_CONSUMER) timestamp=13102 ms, used_size=4503552 bytes (11.0%)
(RDMA_READ_CONSUME_CHECK_CONSUMER) timestamp=13102 ms, used_size=4501504 bytes (11.0%)
(RDMA_READ_CONSUME_CHECK_CONSUMER) timestamp=13102 ms, used_size=4499456 bytes (11.0%)
(RDMA_READ_CONSUME_CHECK_CONSUMER) timestamp=13102 ms, used_size=4497408 bytes (11.0%)
(RDMA_READ_CONSUME_CHECK_CONSUMER) timestamp=13102 ms, used_size=4495360 bytes (11.0%)
(RDMA_READ_CONSUME_CHECK_CONSUMER) timestamp=13102 ms, used_size=4493312 bytes (11.0%)
(RDMA_READ_CONSUME_CHECK_CONSUMER) timestamp=13102 ms, used_size=4491264 bytes (11.0%)
(RDMA_READ_CONSUME_CHECK_CONSUMER) timestamp=13102 ms, used_size=4489216 bytes (11.0%)
(RDMA_READ_CONSUME_CHECK_CONSUMER) timestamp=13102 ms, used_size=4487168 bytes (11.0%)
(RDMA_READ_CONSUME_CHECK_CONSUMER) timestamp=13102 ms, used_size=4485120 bytes (10.9%)
(RDMA_READ_CONSUME_CHECK_CONSUMER) timestamp=13102 ms, used_size=4483072 bytes (10.9%)
(RDMA_READ_CONSUME_CHECK_CONSUMER) timestamp=13102 ms, used_size=4481024 bytes (10.9%)
(RDMA_READ_CONSUME_CHECK_CONSUMER) timestamp=13102 ms, used_size=4478976 bytes (10.9%)
(RDMA_READ_CONSUME_CHECK_CONSUMER) timestamp=13102 ms, used_size=4476928 bytes (10.9%)
(RDMA_READ_CONSUME_CHECK_CONSUMER) timestamp=13102 ms, used_size=4474880 bytes (10.9%)
(RDMA_READ_CONSUME_CHECK_CONSUMER) timestamp=13102 ms, used_size=4472832 bytes (10.9%)
(RDMA_READ_CONSUME_CHECK_CONSUMER) timestamp=13102 ms, used_size=4470784 bytes (10.9%)
(RDMA_READ_CONSUME_CHECK_CONSUMER) timestamp=13102 ms, used_size=4468736 bytes (10.9%)
(RDMA_READ_CONSUME_CHECK_CONSUMER) timestamp=13102 ms, used_size=4466688 bytes (10.9%)
(RDMA_READ_CONSUME_CHECK_CONSUMER) timestamp=13102 ms, used_size=4464640 bytes (10.9%)
(RDMA_READ_CONSUME_CHECK_CONSUMER) timestamp=13102 ms, used_size=4462592 bytes (10.9%)
(RDMA_READ_CONSUME_CHECK_CONSUMER) timestamp=13102 ms, used_size=4460544 bytes (10.9%)
(RDMA_READ_CONSUME_CHECK_CONSUMER) timestamp=13102 ms, used_size=4458496 bytes (10.9%)
(RDMA_READ_CONSUME_CHECK_CONSUMER) timestamp=13102 ms, used_size=4456448 bytes (10.9%)
(RDMA_READ_CONSUME_CHECK_CONSUMER) timestamp=13102 ms, used_size=4454400 bytes (10.9%)
(RDMA_READ_CONSUME_CHECK_CONSUMER) timestamp=13102 ms, used_size=4452352 bytes (10.9%)
(RDMA_READ_CONSUME_CHECK_CONSUMER) timestamp=13102 ms, used_size=4450304 bytes (10.9%)
(RDMA_READ_CONSUME_CHECK_CONSUMER) timestamp=13102 ms, used_size=4448256 bytes (10.9%)
(RDMA_READ_CONSUME_CHECK_CONSUMER) timestamp=13102 ms, used_size=4446208 bytes (10.9%)
(RDMA_READ_CONSUME_CHECK_CONSUMER) timestamp=13102 ms, used_size=4444160 bytes (10.8%)
(RDMA_READ_CONSUME_CHECK_CONSUMER) timestamp=13102 ms, used_size=4442112 bytes (10.8%)
(RDMA_READ_CONSUME_CHECK_CONSUMER) timestamp=13102 ms, used_size=4440064 bytes (10.8%)
(RDMA_READ_CONSUME_CHECK_CONSUMER) timestamp=13102 ms, used_size=4438016 bytes (10.8%)
(RDMA_READ_CONSUME_CHECK_CONSUMER) timestamp=13102 ms, used_size=4435968 bytes (10.8%)
(RDMA_READ_CONSUME_CHECK_CONSUMER) timestamp=13102 ms, used_size=4433920 bytes (10.8%)
(RDMA_READ_CONSUME_CHECK_CONSUMER) timestamp=13102 ms, used_size=4431872 bytes (10.8%)
(RDMA_READ_CONSUME_CHECK_CONSUMER) timestamp=13102 ms, used_size=4429824 bytes (10.8%)
(RDMA_READ_CONSUME_CHECK_CONSUMER) timestamp=13102 ms, used_size=4427776 bytes (10.8%)
(RDMA_READ_CONSUME_CHECK_CONSUMER) timestamp=13102 ms, used_size=4425728 bytes (10.8%)
(RDMA_READ_CONSUME_CHECK_CONSUMER) timestamp=13102 ms, used_size=4423680 bytes (10.8%)
(RDMA_READ_CONSUME_CHECK_CONSUMER) timestamp=13102 ms, used_size=4421632 bytes (10.8%)
(RDMA_READ_CONSUME_CHECK_CONSUMER) timestamp=13102 ms, used_size=4419584 bytes (10.8%)
(RDMA_READ_CONSUME_CHECK_CONSUMER) timestamp=13102 ms, used_size=4417536 bytes (10.8%)
(RDMA_READ_CONSUME_CHECK_CONSUMER) timestamp=13102 ms, used_size=4415488 bytes (10.8%)
(RDMA_READ_CONSUME_CHECK_CONSUMER) timestamp=13102 ms, used_size=4413440 bytes (10.8%)
(RDMA_READ_CONSUME_CHECK_CONSUMER) timestamp=13102 ms, used_size=4411392 bytes (10.8%)
(RDMA_READ_CONSUME_CHECK_CONSUMER) timestamp=13102 ms, used_size=4409344 bytes (10.8%)
(RDMA_READ_CONSUME_CHECK_CONSUMER) timestamp=13102 ms, used_size=4407296 bytes (10.8%)
(RDMA_READ_CONSUME_CHECK_CONSUMER) timestamp=13102 ms, used_size=4405248 bytes (10.8%)
(RDMA_READ_CONSUME_CHECK_CONSUMER) timestamp=13102 ms, used_size=4403200 bytes (10.8%)
(RDMA_READ_CONSUME_CHECK_CONSUMER) timestamp=13102 ms, used_size=4401152 bytes (10.7%)
(RDMA_READ_CONSUME_CHECK_CONSUMER) timestamp=13102 ms, used_size=4399104 bytes (10.7%)
(RDMA_READ_CONSUME_CHECK_CONSUMER) timestamp=13102 ms, used_size=4397056 bytes (10.7%)
(RDMA_READ_CONSUME_CHECK_CONSUMER) timestamp=13102 ms, used_size=4395008 bytes (10.7%)
(RDMA_READ_CONSUME_CHECK_CONSUMER) timestamp=13102 ms, used_size=4392960 bytes (10.7%)
(RDMA_READ_CONSUME_CHECK_CONSUMER) timestamp=13102 ms, used_size=4390912 bytes (10.7%)
(RDMA_READ_CONSUME_CHECK_CONSUMER) timestamp=13102 ms, used_size=4388864 bytes (10.7%)
(RDMA_READ_CONSUME_CHECK_CONSUMER) timestamp=13102 ms, used_size=4386816 bytes (10.7%)
(RDMA_READ_CONSUME_CHECK_CONSUMER) timestamp=13102 ms, used_size=4384768 bytes (10.7%)
(RDMA_READ_CONSUME_CHECK_CONSUMER) timestamp=13102 ms, used_size=4382720 bytes (10.7%)
(RDMA_READ_CONSUME_CHECK_CONSUMER) timestamp=13102 ms, used_size=4380672 bytes (10.7%)
(RDMA_READ_CONSUME_CHECK_CONSUMER) timestamp=13102 ms, used_size=4378624 bytes (10.7%)
(RDMA_READ_CONSUME_CHECK_CONSUMER) timestamp=13102 ms, used_size=4376576 bytes (10.7%)
(RDMA_READ_CONSUME_CHECK_CONSUMER) timestamp=13102 ms, used_size=4374528 bytes (10.7%)
(RDMA_READ_CONSUME_CHECK_CONSUMER) timestamp=13102 ms, used_size=4372480 bytes (10.7%)
(RDMA_READ_CONSUME_CHECK_CONSUMER) timestamp=13102 ms, used_size=4370432 bytes (10.7%)
(RDMA_READ_CONSUME_CHECK_CONSUMER) timestamp=13102 ms, used_size=4368384 bytes (10.7%)
(RDMA_READ_CONSUME_CHECK_CONSUMER) timestamp=13102 ms, used_size=4366336 bytes (10.7%)
(RDMA_READ_CONSUME_CHECK_CONSUMER) timestamp=13102 ms, used_size=4364288 bytes (10.7%)
(RDMA_READ_CONSUME_CHECK_CONSUMER) timestamp=13102 ms, used_size=4362240 bytes (10.7%)
(RDMA_READ_CONSUME_CHECK_CONSUMER) timestamp=13102 ms, used_size=4360192 bytes (10.6%)
(RDMA_READ_CONSUME_CHECK_CONSUMER) timestamp=13102 ms, used_size=4358144 bytes (10.6%)
(RDMA_READ_CONSUME_CHECK_CONSUMER) timestamp=13102 ms, used_size=4356096 bytes (10.6%)
(RDMA_READ_CONSUME_CHECK_CONSUMER) timestamp=13102 ms, used_size=4354048 bytes (10.6%)
(RDMA_READ_CONSUME_CHECK_CONSUMER) timestamp=13102 ms, used_size=4352000 bytes (10.6%)
(RDMA_READ_CONSUME_CHECK_CONSUMER) timestamp=13102 ms, used_size=4349952 bytes (10.6%)
(RDMA_READ_CONSUME_CHECK_CONSUMER) timestamp=13103 ms, used_size=4347904 bytes (10.6%)
(RDMA_READ_CONSUME_CHECK_CONSUMER) timestamp=13103 ms, used_size=4345856 bytes (10.6%)
(RDMA_READ_CONSUME_CHECK_CONSUMER) timestamp=13103 ms, used_size=4343808 bytes (10.6%)
(RDMA_READ_CONSUME_CHECK_CONSUMER) timestamp=13103 ms, used_size=4341760 bytes (10.6%)
(RDMA_READ_CONSUME_CHECK_CONSUMER) timestamp=13103 ms, used_size=4339712 bytes (10.6%)
(RDMA_READ_CONSUME_CHECK_CONSUMER) timestamp=13103 ms, used_size=4337664 bytes (10.6%)
(RDMA_READ_CONSUME_CHECK_CONSUMER) timestamp=13103 ms, used_size=4335616 bytes (10.6%)
(RDMA_READ_CONSUME_CHECK_CONSUMER) timestamp=13103 ms, used_size=4333568 bytes (10.6%)
(RDMA_READ_CONSUME_CHECK_CONSUMER) timestamp=13103 ms, used_size=4331520 bytes (10.6%)
(RDMA_READ_CONSUME_CHECK_CONSUMER) timestamp=13103 ms, used_size=4329472 bytes (10.6%)
(RDMA_READ_CONSUME_CHECK_CONSUMER) timestamp=13103 ms, used_size=4327424 bytes (10.6%)
(RDMA_READ_CONSUME_CHECK_CONSUMER) timestamp=13103 ms, used_size=4325376 bytes (10.6%)
(RDMA_READ_CONSUME_CHECK_CONSUMER) timestamp=13103 ms, used_size=4323328 bytes (10.6%)
(RDMA_READ_CONSUME_CHECK_CONSUMER) timestamp=13103 ms, used_size=4321280 bytes (10.6%)
(RDMA_READ_CONSUME_CHECK_CONSUMER) timestamp=13103 ms, used_size=4319232 bytes (10.5%)
(RDMA_READ_CONSUME_CHECK_CONSUMER) timestamp=13103 ms, used_size=4317184 bytes (10.5%)
(RDMA_READ_CONSUME_CHECK_CONSUMER) timestamp=13103 ms, used_size=4315136 bytes (10.5%)
(RDMA_READ_CONSUME_CHECK_CONSUMER) timestamp=13103 ms, used_size=4313088 bytes (10.5%)
(RDMA_READ_CONSUME_CHECK_CONSUMER) timestamp=13103 ms, used_size=4311040 bytes (10.5%)
(RDMA_READ_CONSUME_CHECK_CONSUMER) timestamp=13103 ms, used_size=4308992 bytes (10.5%)
(RDMA_READ_CONSUME_CHECK_CONSUMER) timestamp=13103 ms, used_size=4306944 bytes (10.5%)
(RDMA_READ_CONSUME_CHECK_CONSUMER) timestamp=13103 ms, used_size=4304896 bytes (10.5%)
(RDMA_READ_CONSUME_CHECK_CONSUMER) timestamp=13103 ms, used_size=4302848 bytes (10.5%)
(RDMA_READ_CONSUME_CHECK_CONSUMER) timestamp=13103 ms, used_size=4300800 bytes (10.5%)
(RDMA_READ_CONSUME_CHECK_CONSUMER) timestamp=13103 ms, used_size=4298752 bytes (10.5%)
(RDMA_READ_CONSUME_CHECK_CONSUMER) timestamp=13103 ms, used_size=4296704 bytes (10.5%)
(RDMA_READ_CONSUME_CHECK_CONSUMER) timestamp=13103 ms, used_size=4294656 bytes (10.5%)
(RDMA_READ_CONSUME_CHECK_CONSUMER) timestamp=13103 ms, used_size=4292608 bytes (10.5%)
(RDMA_READ_CONSUME_CHECK_CONSUMER) timestamp=13103 ms, used_size=4290560 bytes (10.5%)
(RDMA_READ_CONSUME_CHECK_CONSUMER) timestamp=13103 ms, used_size=4288512 bytes (10.5%)
(RDMA_READ_CONSUME_CHECK_CONSUMER) timestamp=13103 ms, used_size=4286464 bytes (10.5%)
(RDMA_READ_CONSUME_CHECK_CONSUMER) timestamp=13103 ms, used_size=4284416 bytes (10.5%)
(RDMA_READ_CONSUME_CHECK_CONSUMER) timestamp=13103 ms, used_size=4282368 bytes (10.5%)
(RDMA_READ_CONSUME_CHECK_CONSUMER) timestamp=13103 ms, used_size=4280320 bytes (10.4%)
(RDMA_READ_CONSUME_CHECK_CONSUMER) timestamp=13103 ms, used_size=4278272 bytes (10.4%)
(RDMA_READ_CONSUME_CHECK_CONSUMER) timestamp=13103 ms, used_size=4276224 bytes (10.4%)
(RDMA_READ_CONSUME_CHECK_CONSUMER) timestamp=13103 ms, used_size=4274176 bytes (10.4%)
(RDMA_READ_CONSUME_CHECK_CONSUMER) timestamp=13103 ms, used_size=4272128 bytes (10.4%)
(RDMA_READ_CONSUME_CHECK_CONSUMER) timestamp=13103 ms, used_size=4270080 bytes (10.4%)
(RDMA_READ_CONSUME_CHECK_CONSUMER) timestamp=13103 ms, used_size=4268032 bytes (10.4%)
(RDMA_READ_CONSUME_CHECK_CONSUMER) timestamp=13103 ms, used_size=4265984 bytes (10.4%)
(RDMA_READ_CONSUME_CHECK_CONSUMER) timestamp=13103 ms, used_size=4263936 bytes (10.4%)
(RDMA_READ_CONSUME_CHECK_CONSUMER) timestamp=13103 ms, used_size=4261888 bytes (10.4%)
(RDMA_READ_CONSUME_CHECK_CONSUMER) timestamp=13103 ms, used_size=4259840 bytes (10.4%)
(RDMA_READ_CONSUME_CHECK_CONSUMER) timestamp=13103 ms, used_size=4257792 bytes (10.4%)
(RDMA_READ_CONSUME_CHECK_CONSUMER) timestamp=13103 ms, used_size=4255744 bytes (10.4%)
(RDMA_READ_CONSUME_CHECK_CONSUMER) timestamp=13103 ms, used_size=4253696 bytes (10.4%)
(RDMA_READ_CONSUME_CHECK_CONSUMER) timestamp=13103 ms, used_size=4251648 bytes (10.4%)
(RDMA_READ_CONSUME_CHECK_CONSUMER) timestamp=13103 ms, used_size=4249600 bytes (10.4%)
(RDMA_READ_CONSUME_CHECK_CONSUMER) timestamp=13103 ms, used_size=4247552 bytes (10.4%)
(RDMA_READ_CONSUME_CHECK_CONSUMER) timestamp=13103 ms, used_size=4245504 bytes (10.4%)
(RDMA_READ_CONSUME_CHECK_CONSUMER) timestamp=13103 ms, used_size=4243456 bytes (10.4%)
(RDMA_READ_CONSUME_CHECK_CONSUMER) timestamp=13103 ms, used_size=4241408 bytes (10.4%)
(RDMA_READ_CONSUME_CHECK_CONSUMER) timestamp=13103 ms, used_size=4239360 bytes (10.3%)
(RDMA_READ_CONSUME_CHECK_CONSUMER) timestamp=13103 ms, used_size=4237312 bytes (10.3%)
(RDMA_READ_CONSUME_CHECK_CONSUMER) timestamp=13103 ms, used_size=4235264 bytes (10.3%)
(RDMA_READ_CONSUME_CHECK_CONSUMER) timestamp=13103 ms, used_size=4233216 bytes (10.3%)
(RDMA_READ_CONSUME_CHECK_CONSUMER) timestamp=13103 ms, used_size=4231168 bytes (10.3%)
(RDMA_READ_CONSUME_CHECK_CONSUMER) timestamp=13103 ms, used_size=4229120 bytes (10.3%)
(RDMA_READ_CONSUME_CHECK_CONSUMER) timestamp=13103 ms, used_size=4227072 bytes (10.3%)
(RDMA_READ_CONSUME_CHECK_CONSUMER) timestamp=13103 ms, used_size=4225024 bytes (10.3%)
(RDMA_READ_CONSUME_CHECK_CONSUMER) timestamp=13103 ms, used_size=4222976 bytes (10.3%)
(RDMA_READ_CONSUME_CHECK_CONSUMER) timestamp=13103 ms, used_size=4220928 bytes (10.3%)
(RDMA_READ_CONSUME_CHECK_CONSUMER) timestamp=13103 ms, used_size=4218880 bytes (10.3%)
(RDMA_READ_CONSUME_CHECK_CONSUMER) timestamp=13103 ms, used_size=4216832 bytes (10.3%)
(RDMA_READ_CONSUME_CHECK_CONSUMER) timestamp=13103 ms, used_size=4214784 bytes (10.3%)
(RDMA_READ_CONSUME_CHECK_CONSUMER) timestamp=13103 ms, used_size=4212736 bytes (10.3%)
(RDMA_READ_CONSUME_CHECK_CONSUMER) timestamp=13103 ms, used_size=4210688 bytes (10.3%)
(RDMA_READ_CONSUME_CHECK_CONSUMER) timestamp=13103 ms, used_size=4208640 bytes (10.3%)
(RDMA_READ_CONSUME_CHECK_CONSUMER) timestamp=13103 ms, used_size=4206592 bytes (10.3%)
(RDMA_READ_CONSUME_CHECK_CONSUMER) timestamp=13103 ms, used_size=4204544 bytes (10.3%)
(RDMA_READ_CONSUME_CHECK_CONSUMER) timestamp=13103 ms, used_size=4202496 bytes (10.3%)
(RDMA_READ_CONSUME_CHECK_CONSUMER) timestamp=13103 ms, used_size=4200448 bytes (10.3%)
(RDMA_READ_CONSUME_CHECK_CONSUMER) timestamp=13103 ms, used_size=4198400 bytes (10.2%)
(RDMA_READ_CONSUME_CHECK_CONSUMER) timestamp=13103 ms, used_size=4196352 bytes (10.2%)
(RDMA_READ_CONSUME_CHECK_CONSUMER) timestamp=13103 ms, used_size=4194304 bytes (10.2%)
(RDMA_READ_CONSUME_CHECK_CONSUMER) timestamp=13103 ms, used_size=4192256 bytes (10.2%)
(RDMA_READ_CONSUME_CHECK_CONSUMER) timestamp=13103 ms, used_size=4190208 bytes (10.2%)
(RDMA_READ_CONSUME_CHECK_CONSUMER) timestamp=13103 ms, used_size=4188160 bytes (10.2%)
(RDMA_READ_CONSUME_CHECK_CONSUMER) timestamp=13103 ms, used_size=4186112 bytes (10.2%)
(RDMA_READ_CONSUME_CHECK_CONSUMER) timestamp=13103 ms, used_size=4184064 bytes (10.2%)
(RDMA_READ_CONSUME_CHECK_CONSUMER) timestamp=13103 ms, used_size=4182016 bytes (10.2%)
(RDMA_READ_CONSUME_CHECK_CONSUMER) timestamp=13103 ms, used_size=4179968 bytes (10.2%)
(RDMA_READ_CONSUME_CHECK_CONSUMER) timestamp=13103 ms, used_size=4177920 bytes (10.2%)
(RDMA_READ_CONSUME_CHECK_CONSUMER) timestamp=13103 ms, used_size=4175872 bytes (10.2%)
(RDMA_READ_CONSUME_CHECK_CONSUMER) timestamp=13103 ms, used_size=4173824 bytes (10.2%)
(RDMA_READ_CONSUME_CHECK_CONSUMER) timestamp=13103 ms, used_size=4171776 bytes (10.2%)
(RDMA_READ_CONSUME_CHECK_CONSUMER) timestamp=13103 ms, used_size=4169728 bytes (10.2%)
(RDMA_READ_CONSUME_CHECK_CONSUMER) timestamp=13103 ms, used_size=4167680 bytes (10.2%)
(RDMA_READ_CONSUME_CHECK_CONSUMER) timestamp=13103 ms, used_size=4165632 bytes (10.2%)
(RDMA_READ_CONSUME_CHECK_CONSUMER) timestamp=13103 ms, used_size=4163584 bytes (10.2%)
(RDMA_READ_CONSUME_CHECK_CONSUMER) timestamp=13103 ms, used_size=4161536 bytes (10.2%)
(RDMA_READ_CONSUME_CHECK_CONSUMER) timestamp=13103 ms, used_size=4159488 bytes (10.2%)
(RDMA_READ_CONSUME_CHECK_CONSUMER) timestamp=13103 ms, used_size=4157440 bytes (10.2%)
(RDMA_READ_CONSUME_CHECK_CONSUMER) timestamp=13103 ms, used_size=4155392 bytes (10.1%)
(RDMA_READ_CONSUME_CHECK_CONSUMER) timestamp=13103 ms, used_size=4153344 bytes (10.1%)
(RDMA_READ_CONSUME_CHECK_CONSUMER) timestamp=13103 ms, used_size=4151296 bytes (10.1%)
(RDMA_READ_CONSUME_CHECK_CONSUMER) timestamp=13103 ms, used_size=4149248 bytes (10.1%)
(RDMA_READ_CONSUME_CHECK_CONSUMER) timestamp=13103 ms, used_size=4147200 bytes (10.1%)
(RDMA_READ_CONSUME_CHECK_CONSUMER) timestamp=13103 ms, used_size=4145152 bytes (10.1%)
(RDMA_READ_CONSUME_CHECK_CONSUMER) timestamp=13103 ms, used_size=4143104 bytes (10.1%)
(RDMA_READ_CONSUME_CHECK_CONSUMER) timestamp=13103 ms, used_size=4141056 bytes (10.1%)
(RDMA_READ_CONSUME_CHECK_CONSUMER) timestamp=13103 ms, used_size=4139008 bytes (10.1%)
(RDMA_READ_CONSUME_CHECK_CONSUMER) timestamp=13103 ms, used_size=4136960 bytes (10.1%)
(RDMA_READ_CONSUME_CHECK_CONSUMER) timestamp=13103 ms, used_size=4134912 bytes (10.1%)
(RDMA_READ_CONSUME_CHECK_CONSUMER) timestamp=13103 ms, used_size=4132864 bytes (10.1%)
(RDMA_READ_CONSUME_CHECK_CONSUMER) timestamp=13103 ms, used_size=4130816 bytes (10.1%)
(RDMA_READ_CONSUME_CHECK_CONSUMER) timestamp=13103 ms, used_size=4128768 bytes (10.1%)
(RDMA_READ_CONSUME_CHECK_CONSUMER) timestamp=13103 ms, used_size=4126720 bytes (10.1%)
(RDMA_READ_CONSUME_CHECK_CONSUMER) timestamp=13103 ms, used_size=4124672 bytes (10.1%)
(RDMA_READ_CONSUME_CHECK_CONSUMER) timestamp=13103 ms, used_size=4122624 bytes (10.1%)
(RDMA_READ_CONSUME_CHECK_CONSUMER) timestamp=13103 ms, used_size=4120576 bytes (10.1%)
(RDMA_READ_CONSUME_CHECK_CONSUMER) timestamp=13103 ms, used_size=4118528 bytes (10.1%)
(RDMA_READ_CONSUME_CHECK_CONSUMER) timestamp=13103 ms, used_size=4116480 bytes (10.1%)
(RDMA_READ_CONSUME_CHECK_CONSUMER) timestamp=13103 ms, used_size=4114432 bytes (10.0%)
(RDMA_READ_CONSUME_CHECK_CONSUMER) timestamp=13103 ms, used_size=4112384 bytes (10.0%)
(RDMA_READ_CONSUME_CHECK_CONSUMER) timestamp=13103 ms, used_size=4110336 bytes (10.0%)
(RDMA_READ_CONSUME_CHECK_CONSUMER) timestamp=13103 ms, used_size=4108288 bytes (10.0%)
(RDMA_READ_CONSUME_CHECK_CONSUMER) timestamp=13103 ms, used_size=4106240 bytes (10.0%)
(RDMA_READ_CONSUME_CHECK_CONSUMER) timestamp=13103 ms, used_size=4104192 bytes (10.0%)
(RDMA_READ_CONSUME_CHECK_CONSUMER) timestamp=13103 ms, used_size=4102144 bytes (10.0%)
(RDMA_READ_CONSUME_CHECK_CONSUMER) timestamp=13103 ms, used_size=4100096 bytes (10.0%)
(RDMA_READ_CONSUME_CHECK_CONSUMER) timestamp=13103 ms, used_size=4098048 bytes (10.0%)
(RDMA_READ_CONSUME_CHECK_CONSUMER) timestamp=13103 ms, used_size=4096000 bytes (10.0%)
(RDMA_READ_CONSUME_CHECK_CONSUMER) timestamp=13103 ms, used_size=4093952 bytes (10.0%)
(RDMA_READ_CONSUME_CHECK_CONSUMER) timestamp=13103 ms, used_size=4091904 bytes (10.0%)
(RDMA_READ_CONSUME_CHECK_CONSUMER) timestamp=13103 ms, used_size=4089856 bytes (10.0%)
(RDMA_READ_CONSUME_CHECK_CONSUMER) timestamp=13103 ms, used_size=4087808 bytes (10.0%)
(RDMA_READ_CONSUME_CHECK_CONSUMER) timestamp=13103 ms, used_size=4085760 bytes (10.0%)
(RDMA_READ_CONSUME_CHECK_CONSUMER) timestamp=13103 ms, used_size=4083712 bytes (10.0%)
(RDMA_READ_CONSUME_CHECK_CONSUMER) timestamp=13103 ms, used_size=4081664 bytes (10.0%)
(RDMA_READ_CONSUME_CHECK_CONSUMER) timestamp=13103 ms, used_size=4079616 bytes (10.0%)
(RDMA_READ_CONSUME_CHECK_CONSUMER) timestamp=13103 ms, used_size=4077568 bytes (10.0%)
(RDMA_READ_CONSUME_CHECK_CONSUMER) timestamp=13103 ms, used_size=4075520 bytes (9.9%)
(RDMA_READ_CONSUME_CHECK_CONSUMER) timestamp=13103 ms, used_size=4073472 bytes (9.9%)
(RDMA_READ_CONSUME_CHECK_CONSUMER) timestamp=13103 ms, used_size=4071424 bytes (9.9%)
(RDMA_READ_CONSUME_CHECK_CONSUMER) timestamp=13103 ms, used_size=4069376 bytes (9.9%)
(RDMA_READ_CONSUME_CHECK_CONSUMER) timestamp=13103 ms, used_size=4067328 bytes (9.9%)
(RDMA_READ_CONSUME_CHECK_CONSUMER) timestamp=13103 ms, used_size=4065280 bytes (9.9%)
(RDMA_READ_CONSUME_CHECK_CONSUMER) timestamp=13103 ms, used_size=4063232 bytes (9.9%)
(RDMA_READ_CONSUME_CHECK_CONSUMER) timestamp=13103 ms, used_size=4061184 bytes (9.9%)
(RDMA_READ_CONSUME_CHECK_CONSUMER) timestamp=13103 ms, used_size=4059136 bytes (9.9%)
(RDMA_READ_CONSUME_CHECK_CONSUMER) timestamp=13103 ms, used_size=4057088 bytes (9.9%)
(RDMA_READ_CONSUME_CHECK_CONSUMER) timestamp=13103 ms, used_size=4055040 bytes (9.9%)
(RDMA_READ_CONSUME_CHECK_CONSUMER) timestamp=13103 ms, used_size=4052992 bytes (9.9%)
(RDMA_READ_CONSUME_CHECK_CONSUMER) timestamp=13103 ms, used_size=4050944 bytes (9.9%)
(RDMA_READ_CONSUME_CHECK_CONSUMER) timestamp=13103 ms, used_size=4048896 bytes (9.9%)
(RDMA_READ_CONSUME_CHECK_CONSUMER) timestamp=13103 ms, used_size=4046848 bytes (9.9%)
(RDMA_READ_CONSUME_CHECK_CONSUMER) timestamp=13103 ms, used_size=4044800 bytes (9.9%)
(RDMA_READ_CONSUME_CHECK_CONSUMER) timestamp=13103 ms, used_size=4042752 bytes (9.9%)
(RDMA_READ_CONSUME_CHECK_CONSUMER) timestamp=13103 ms, used_size=4040704 bytes (9.9%)
(RDMA_READ_CONSUME_CHECK_CONSUMER) timestamp=13103 ms, used_size=4038656 bytes (9.9%)
(RDMA_READ_CONSUME_CHECK_CONSUMER) timestamp=13103 ms, used_size=4036608 bytes (9.9%)
(RDMA_READ_CONSUME_CHECK_CONSUMER) timestamp=13103 ms, used_size=4034560 bytes (9.8%)
(RDMA_READ_CONSUME_CHECK_CONSUMER) timestamp=13103 ms, used_size=4032512 bytes (9.8%)
(RDMA_READ_CONSUME_CHECK_CONSUMER) timestamp=13103 ms, used_size=4030464 bytes (9.8%)
(RDMA_READ_CONSUME_CHECK_CONSUMER) timestamp=13103 ms, used_size=4028416 bytes (9.8%)
(RDMA_READ_CONSUME_CHECK_CONSUMER) timestamp=13103 ms, used_size=4026368 bytes (9.8%)
(RDMA_READ_CONSUME_CHECK_CONSUMER) timestamp=13103 ms, used_size=4024320 bytes (9.8%)
(RDMA_READ_CONSUME_CHECK_CONSUMER) timestamp=13103 ms, used_size=4022272 bytes (9.8%)
(RDMA_READ_CONSUME_CHECK_CONSUMER) timestamp=13103 ms, used_size=4020224 bytes (9.8%)
(RDMA_READ_CONSUME_CHECK_CONSUMER) timestamp=13103 ms, used_size=4018176 bytes (9.8%)
(RDMA_READ_CONSUME_CHECK_CONSUMER) timestamp=13103 ms, used_size=4016128 bytes (9.8%)
(RDMA_READ_CONSUME_CHECK_CONSUMER) timestamp=13103 ms, used_size=4014080 bytes (9.8%)
(RDMA_READ_CONSUME_CHECK_CONSUMER) timestamp=13103 ms, used_size=4012032 bytes (9.8%)
(RDMA_READ_CONSUME_CHECK_CONSUMER) timestamp=13103 ms, used_size=4009984 bytes (9.8%)
(RDMA_READ_CONSUME_CHECK_CONSUMER) timestamp=13103 ms, used_size=4007936 bytes (9.8%)
(RDMA_READ_CONSUME_CHECK_CONSUMER) timestamp=13103 ms, used_size=4005888 bytes (9.8%)
(RDMA_READ_CONSUME_CHECK_CONSUMER) timestamp=13103 ms, used_size=4003840 bytes (9.8%)
(RDMA_READ_CONSUME_CHECK_CONSUMER) timestamp=13103 ms, used_size=4001792 bytes (9.8%)
(RDMA_READ_CONSUME_CHECK_CONSUMER) timestamp=13103 ms, used_size=3999744 bytes (9.8%)
(RDMA_READ_CONSUME_CHECK_CONSUMER) timestamp=13103 ms, used_size=3997696 bytes (9.8%)
(RDMA_READ_CONSUME_CHECK_CONSUMER) timestamp=13103 ms, used_size=3995648 bytes (9.8%)
(RDMA_READ_CONSUME_CHECK_CONSUMER) timestamp=13104 ms, used_size=3993600 bytes (9.8%)
(RDMA_READ_CONSUME_CHECK_CONSUMER) timestamp=13104 ms, used_size=3991552 bytes (9.7%)
(RDMA_READ_CONSUME_CHECK_CONSUMER) timestamp=13104 ms, used_size=3989504 bytes (9.7%)
(RDMA_READ_CONSUME_CHECK_CONSUMER) timestamp=13104 ms, used_size=3987456 bytes (9.7%)
(RDMA_READ_CONSUME_CHECK_CONSUMER) timestamp=13104 ms, used_size=3985408 bytes (9.7%)
(RDMA_READ_CONSUME_CHECK_CONSUMER) timestamp=13104 ms, used_size=3983360 bytes (9.7%)
(RDMA_READ_CONSUME_CHECK_CONSUMER) timestamp=13104 ms, used_size=3981312 bytes (9.7%)
(RDMA_READ_CONSUME_CHECK_CONSUMER) timestamp=13104 ms, used_size=3979264 bytes (9.7%)
(RDMA_READ_CONSUME_CHECK_CONSUMER) timestamp=13104 ms, used_size=3977216 bytes (9.7%)
(RDMA_READ_CONSUME_CHECK_CONSUMER) timestamp=13104 ms, used_size=3975168 bytes (9.7%)
(RDMA_READ_CONSUME_CHECK_CONSUMER) timestamp=13104 ms, used_size=3973120 bytes (9.7%)
(RDMA_READ_CONSUME_CHECK_CONSUMER) timestamp=13104 ms, used_size=3971072 bytes (9.7%)
(RDMA_READ_CONSUME_CHECK_CONSUMER) timestamp=13104 ms, used_size=3969024 bytes (9.7%)
(RDMA_READ_CONSUME_CHECK_CONSUMER) timestamp=13104 ms, used_size=3966976 bytes (9.7%)
(RDMA_READ_CONSUME_CHECK_CONSUMER) timestamp=13104 ms, used_size=3964928 bytes (9.7%)
(RDMA_READ_CONSUME_CHECK_CONSUMER) timestamp=13104 ms, used_size=3962880 bytes (9.7%)
(RDMA_READ_CONSUME_CHECK_CONSUMER) timestamp=13104 ms, used_size=3960832 bytes (9.7%)
(RDMA_READ_CONSUME_CHECK_CONSUMER) timestamp=13104 ms, used_size=3958784 bytes (9.7%)
(RDMA_READ_CONSUME_CHECK_CONSUMER) timestamp=13104 ms, used_size=3956736 bytes (9.7%)
(RDMA_READ_CONSUME_CHECK_CONSUMER) timestamp=13104 ms, used_size=3954688 bytes (9.7%)
(RDMA_READ_CONSUME_CHECK_CONSUMER) timestamp=13104 ms, used_size=3952640 bytes (9.7%)
(RDMA_READ_CONSUME_CHECK_CONSUMER) timestamp=13104 ms, used_size=3950592 bytes (9.6%)
(RDMA_READ_CONSUME_CHECK_CONSUMER) timestamp=13104 ms, used_size=3948544 bytes (9.6%)
(RDMA_READ_CONSUME_CHECK_CONSUMER) timestamp=13104 ms, used_size=3946496 bytes (9.6%)
(RDMA_READ_CONSUME_CHECK_CONSUMER) timestamp=13104 ms, used_size=3944448 bytes (9.6%)
(RDMA_READ_CONSUME_CHECK_CONSUMER) timestamp=13104 ms, used_size=3942400 bytes (9.6%)
(RDMA_READ_CONSUME_CHECK_CONSUMER) timestamp=13104 ms, used_size=3940352 bytes (9.6%)
(RDMA_READ_CONSUME_CHECK_CONSUMER) timestamp=13104 ms, used_size=3938304 bytes (9.6%)
(RDMA_READ_CONSUME_CHECK_CONSUMER) timestamp=13104 ms, used_size=3936256 bytes (9.6%)
(RDMA_READ_CONSUME_CHECK_CONSUMER) timestamp=13104 ms, used_size=3934208 bytes (9.6%)
(RDMA_READ_CONSUME_CHECK_CONSUMER) timestamp=13104 ms, used_size=3932160 bytes (9.6%)
(RDMA_READ_CONSUME_CHECK_CONSUMER) timestamp=13104 ms, used_size=3930112 bytes (9.6%)
(RDMA_READ_CONSUME_CHECK_CONSUMER) timestamp=13104 ms, used_size=3928064 bytes (9.6%)
(RDMA_READ_CONSUME_CHECK_CONSUMER) timestamp=13104 ms, used_size=3926016 bytes (9.6%)
(RDMA_READ_CONSUME_CHECK_CONSUMER) timestamp=13104 ms, used_size=3923968 bytes (9.6%)
(RDMA_READ_CONSUME_CHECK_CONSUMER) timestamp=13104 ms, used_size=3921920 bytes (9.6%)
(RDMA_READ_CONSUME_CHECK_CONSUMER) timestamp=13104 ms, used_size=3919872 bytes (9.6%)
(RDMA_READ_CONSUME_CHECK_CONSUMER) timestamp=13104 ms, used_size=3917824 bytes (9.6%)
(RDMA_READ_CONSUME_CHECK_CONSUMER) timestamp=13104 ms, used_size=3915776 bytes (9.6%)
(RDMA_READ_CONSUME_CHECK_CONSUMER) timestamp=13104 ms, used_size=3913728 bytes (9.6%)
(RDMA_READ_CONSUME_CHECK_CONSUMER) timestamp=13104 ms, used_size=3911680 bytes (9.6%)
(RDMA_READ_CONSUME_CHECK_CONSUMER) timestamp=13104 ms, used_size=3909632 bytes (9.5%)
(RDMA_READ_CONSUME_CHECK_CONSUMER) timestamp=13104 ms, used_size=3907584 bytes (9.5%)
(RDMA_READ_CONSUME_CHECK_CONSUMER) timestamp=13104 ms, used_size=3905536 bytes (9.5%)
(RDMA_READ_CONSUME_CHECK_CONSUMER) timestamp=13104 ms, used_size=3903488 bytes (9.5%)
(RDMA_READ_CONSUME_CHECK_CONSUMER) timestamp=13104 ms, used_size=3901440 bytes (9.5%)
(RDMA_READ_CONSUME_CHECK_CONSUMER) timestamp=13104 ms, used_size=3899392 bytes (9.5%)
(RDMA_READ_CONSUME_CHECK_CONSUMER) timestamp=13104 ms, used_size=3897344 bytes (9.5%)
(RDMA_READ_CONSUME_CHECK_CONSUMER) timestamp=13104 ms, used_size=3895296 bytes (9.5%)
(RDMA_READ_CONSUME_CHECK_CONSUMER) timestamp=13104 ms, used_size=3893248 bytes (9.5%)
(RDMA_READ_CONSUME_CHECK_CONSUMER) timestamp=13104 ms, used_size=3891200 bytes (9.5%)
(RDMA_READ_CONSUME_CHECK_CONSUMER) timestamp=13104 ms, used_size=3889152 bytes (9.5%)
(RDMA_READ_CONSUME_CHECK_CONSUMER) timestamp=13104 ms, used_size=3887104 bytes (9.5%)
(RDMA_READ_CONSUME_CHECK_CONSUMER) timestamp=13104 ms, used_size=3885056 bytes (9.5%)
(RDMA_READ_CONSUME_CHECK_CONSUMER) timestamp=13104 ms, used_size=3883008 bytes (9.5%)
(RDMA_READ_CONSUME_CHECK_CONSUMER) timestamp=13104 ms, used_size=3880960 bytes (9.5%)
(RDMA_READ_CONSUME_CHECK_CONSUMER) timestamp=13104 ms, used_size=3878912 bytes (9.5%)
(RDMA_READ_CONSUME_CHECK_CONSUMER) timestamp=13104 ms, used_size=3876864 bytes (9.5%)
(RDMA_READ_CONSUME_CHECK_CONSUMER) timestamp=13104 ms, used_size=3874816 bytes (9.5%)
(RDMA_READ_CONSUME_CHECK_CONSUMER) timestamp=13104 ms, used_size=3872768 bytes (9.5%)
(RDMA_READ_CONSUME_CHECK_CONSUMER) timestamp=13104 ms, used_size=3870720 bytes (9.4%)
(RDMA_READ_CONSUME_CHECK_CONSUMER) timestamp=13104 ms, used_size=3868672 bytes (9.4%)
(RDMA_READ_CONSUME_CHECK_CONSUMER) timestamp=13104 ms, used_size=3866624 bytes (9.4%)
(RDMA_READ_CONSUME_CHECK_CONSUMER) timestamp=13104 ms, used_size=3864576 bytes (9.4%)
(RDMA_READ_CONSUME_CHECK_CONSUMER) timestamp=13104 ms, used_size=3862528 bytes (9.4%)
(RDMA_READ_CONSUME_CHECK_CONSUMER) timestamp=13104 ms, used_size=3860480 bytes (9.4%)
(RDMA_READ_CONSUME_CHECK_CONSUMER) timestamp=13104 ms, used_size=3858432 bytes (9.4%)
(RDMA_READ_CONSUME_CHECK_CONSUMER) timestamp=13104 ms, used_size=3856384 bytes (9.4%)
(RDMA_READ_CONSUME_CHECK_CONSUMER) timestamp=13104 ms, used_size=3854336 bytes (9.4%)
(RDMA_READ_CONSUME_CHECK_CONSUMER) timestamp=13104 ms, used_size=3852288 bytes (9.4%)
(RDMA_READ_CONSUME_CHECK_CONSUMER) timestamp=13104 ms, used_size=3850240 bytes (9.4%)
(RDMA_READ_CONSUME_CHECK_CONSUMER) timestamp=13104 ms, used_size=3848192 bytes (9.4%)
(RDMA_READ_CONSUME_CHECK_CONSUMER) timestamp=13104 ms, used_size=3846144 bytes (9.4%)
(RDMA_READ_CONSUME_CHECK_CONSUMER) timestamp=13104 ms, used_size=3844096 bytes (9.4%)
(RDMA_READ_CONSUME_CHECK_CONSUMER) timestamp=13104 ms, used_size=3842048 bytes (9.4%)
(RDMA_READ_CONSUME_CHECK_CONSUMER) timestamp=13104 ms, used_size=3840000 bytes (9.4%)
(RDMA_READ_CONSUME_CHECK_CONSUMER) timestamp=13104 ms, used_size=3837952 bytes (9.4%)
(RDMA_READ_CONSUME_CHECK_CONSUMER) timestamp=13104 ms, used_size=3835904 bytes (9.4%)
(RDMA_READ_CONSUME_CHECK_CONSUMER) timestamp=13104 ms, used_size=3833856 bytes (9.4%)
(RDMA_READ_CONSUME_CHECK_CONSUMER) timestamp=13104 ms, used_size=3831808 bytes (9.4%)
(RDMA_READ_CONSUME_CHECK_CONSUMER) timestamp=13104 ms, used_size=3829760 bytes (9.3%)
(RDMA_READ_CONSUME_CHECK_CONSUMER) timestamp=13104 ms, used_size=3827712 bytes (9.3%)
(RDMA_READ_CONSUME_CHECK_CONSUMER) timestamp=13104 ms, used_size=3825664 bytes (9.3%)
(RDMA_READ_CONSUME_CHECK_CONSUMER) timestamp=13104 ms, used_size=3823616 bytes (9.3%)
(RDMA_READ_CONSUME_CHECK_CONSUMER) timestamp=13104 ms, used_size=3821568 bytes (9.3%)
(RDMA_READ_CONSUME_CHECK_CONSUMER) timestamp=13104 ms, used_size=3819520 bytes (9.3%)
(RDMA_READ_CONSUME_CHECK_CONSUMER) timestamp=13104 ms, used_size=3817472 bytes (9.3%)
(RDMA_READ_CONSUME_CHECK_CONSUMER) timestamp=13104 ms, used_size=3815424 bytes (9.3%)
(RDMA_READ_CONSUME_CHECK_CONSUMER) timestamp=13104 ms, used_size=3813376 bytes (9.3%)
(RDMA_READ_CONSUME_CHECK_CONSUMER) timestamp=13104 ms, used_size=3811328 bytes (9.3%)
(RDMA_READ_CONSUME_CHECK_CONSUMER) timestamp=13104 ms, used_size=3809280 bytes (9.3%)
(RDMA_READ_CONSUME_CHECK_CONSUMER) timestamp=13104 ms, used_size=3807232 bytes (9.3%)
(RDMA_READ_CONSUME_CHECK_CONSUMER) timestamp=13104 ms, used_size=3805184 bytes (9.3%)
(RDMA_READ_CONSUME_CHECK_CONSUMER) timestamp=13104 ms, used_size=3803136 bytes (9.3%)
(RDMA_READ_CONSUME_CHECK_CONSUMER) timestamp=13104 ms, used_size=3801088 bytes (9.3%)
(RDMA_READ_CONSUME_CHECK_CONSUMER) timestamp=13104 ms, used_size=3799040 bytes (9.3%)
(RDMA_READ_CONSUME_CHECK_CONSUMER) timestamp=13104 ms, used_size=3796992 bytes (9.3%)
(RDMA_READ_CONSUME_CHECK_CONSUMER) timestamp=13104 ms, used_size=3794944 bytes (9.3%)
(RDMA_READ_CONSUME_CHECK_CONSUMER) timestamp=13104 ms, used_size=3792896 bytes (9.3%)
(RDMA_READ_CONSUME_CHECK_CONSUMER) timestamp=13104 ms, used_size=3790848 bytes (9.3%)
(RDMA_READ_CONSUME_CHECK_CONSUMER) timestamp=13104 ms, used_size=3788800 bytes (9.2%)
(RDMA_READ_CONSUME_CHECK_CONSUMER) timestamp=13104 ms, used_size=3786752 bytes (9.2%)
(RDMA_READ_CONSUME_CHECK_CONSUMER) timestamp=13104 ms, used_size=3784704 bytes (9.2%)
(RDMA_READ_CONSUME_CHECK_CONSUMER) timestamp=13104 ms, used_size=3782656 bytes (9.2%)
(RDMA_READ_CONSUME_CHECK_CONSUMER) timestamp=13104 ms, used_size=3780608 bytes (9.2%)
(RDMA_READ_CONSUME_CHECK_CONSUMER) timestamp=13104 ms, used_size=3778560 bytes (9.2%)
(RDMA_READ_CONSUME_CHECK_CONSUMER) timestamp=13104 ms, used_size=3776512 bytes (9.2%)
(RDMA_READ_CONSUME_CHECK_CONSUMER) timestamp=13104 ms, used_size=3774464 bytes (9.2%)
(RDMA_READ_CONSUME_CHECK_CONSUMER) timestamp=13104 ms, used_size=3772416 bytes (9.2%)
(RDMA_READ_CONSUME_CHECK_CONSUMER) timestamp=13104 ms, used_size=3770368 bytes (9.2%)
(RDMA_READ_CONSUME_CHECK_CONSUMER) timestamp=13104 ms, used_size=3768320 bytes (9.2%)
(RDMA_READ_CONSUME_CHECK_CONSUMER) timestamp=13104 ms, used_size=3766272 bytes (9.2%)
(RDMA_READ_CONSUME_CHECK_CONSUMER) timestamp=13104 ms, used_size=3764224 bytes (9.2%)
(RDMA_READ_CONSUME_CHECK_CONSUMER) timestamp=13104 ms, used_size=3762176 bytes (9.2%)
(RDMA_READ_CONSUME_CHECK_CONSUMER) timestamp=13104 ms, used_size=3760128 bytes (9.2%)
(RDMA_READ_CONSUME_CHECK_CONSUMER) timestamp=13104 ms, used_size=3758080 bytes (9.2%)
(RDMA_READ_CONSUME_CHECK_CONSUMER) timestamp=13104 ms, used_size=3756032 bytes (9.2%)
(RDMA_READ_CONSUME_CHECK_CONSUMER) timestamp=13104 ms, used_size=3753984 bytes (9.2%)
(RDMA_READ_CONSUME_CHECK_CONSUMER) timestamp=13104 ms, used_size=3751936 bytes (9.2%)
(RDMA_READ_CONSUME_CHECK_CONSUMER) timestamp=13104 ms, used_size=3749888 bytes (9.2%)
(RDMA_READ_CONSUME_CHECK_CONSUMER) timestamp=13104 ms, used_size=3747840 bytes (9.2%)
(RDMA_READ_CONSUME_CHECK_CONSUMER) timestamp=13104 ms, used_size=3745792 bytes (9.1%)
(RDMA_READ_CONSUME_CHECK_CONSUMER) timestamp=13104 ms, used_size=3743744 bytes (9.1%)
(RDMA_READ_CONSUME_CHECK_CONSUMER) timestamp=13104 ms, used_size=3741696 bytes (9.1%)
(RDMA_READ_CONSUME_CHECK_CONSUMER) timestamp=13104 ms, used_size=3739648 bytes (9.1%)
(RDMA_READ_CONSUME_CHECK_CONSUMER) timestamp=13104 ms, used_size=3737600 bytes (9.1%)
(RDMA_READ_CONSUME_CHECK_CONSUMER) timestamp=13104 ms, used_size=3735552 bytes (9.1%)
(RDMA_READ_CONSUME_CHECK_CONSUMER) timestamp=13104 ms, used_size=3733504 bytes (9.1%)
(RDMA_READ_CONSUME_CHECK_CONSUMER) timestamp=13104 ms, used_size=3731456 bytes (9.1%)
(RDMA_READ_CONSUME_CHECK_CONSUMER) timestamp=13104 ms, used_size=3729408 bytes (9.1%)
(RDMA_READ_CONSUME_CHECK_CONSUMER) timestamp=13104 ms, used_size=3727360 bytes (9.1%)
(RDMA_READ_CONSUME_CHECK_CONSUMER) timestamp=13104 ms, used_size=3725312 bytes (9.1%)
(RDMA_READ_CONSUME_CHECK_CONSUMER) timestamp=13104 ms, used_size=3723264 bytes (9.1%)
(RDMA_READ_CONSUME_CHECK_CONSUMER) timestamp=13104 ms, used_size=3721216 bytes (9.1%)
(RDMA_READ_CONSUME_CHECK_CONSUMER) timestamp=13104 ms, used_size=3719168 bytes (9.1%)
(RDMA_READ_CONSUME_CHECK_CONSUMER) timestamp=13104 ms, used_size=3717120 bytes (9.1%)
(RDMA_READ_CONSUME_CHECK_CONSUMER) timestamp=13104 ms, used_size=3715072 bytes (9.1%)
(RDMA_READ_CONSUME_CHECK_CONSUMER) timestamp=13104 ms, used_size=3713024 bytes (9.1%)
(RDMA_READ_CONSUME_CHECK_CONSUMER) timestamp=13104 ms, used_size=3710976 bytes (9.1%)
(RDMA_READ_CONSUME_CHECK_CONSUMER) timestamp=13104 ms, used_size=3708928 bytes (9.1%)
(RDMA_READ_CONSUME_CHECK_CONSUMER) timestamp=13104 ms, used_size=3706880 bytes (9.1%)
(RDMA_READ_CONSUME_CHECK_CONSUMER) timestamp=13104 ms, used_size=3704832 bytes (9.0%)
(RDMA_READ_CONSUME_CHECK_CONSUMER) timestamp=13104 ms, used_size=3702784 bytes (9.0%)
(RDMA_READ_CONSUME_CHECK_CONSUMER) timestamp=13104 ms, used_size=3700736 bytes (9.0%)
(RDMA_READ_CONSUME_CHECK_CONSUMER) timestamp=13104 ms, used_size=3698688 bytes (9.0%)
(RDMA_READ_CONSUME_CHECK_CONSUMER) timestamp=13104 ms, used_size=3696640 bytes (9.0%)
(RDMA_READ_CONSUME_CHECK_CONSUMER) timestamp=13104 ms, used_size=3694592 bytes (9.0%)
(RDMA_READ_CONSUME_CHECK_CONSUMER) timestamp=13104 ms, used_size=3692544 bytes (9.0%)
(RDMA_READ_CONSUME_CHECK_CONSUMER) timestamp=13104 ms, used_size=3690496 bytes (9.0%)
(RDMA_READ_CONSUME_CHECK_CONSUMER) timestamp=13104 ms, used_size=3688448 bytes (9.0%)
(RDMA_READ_CONSUME_CHECK_CONSUMER) timestamp=13104 ms, used_size=3686400 bytes (9.0%)
(RDMA_READ_CONSUME_CHECK_CONSUMER) timestamp=13104 ms, used_size=3684352 bytes (9.0%)
(RDMA_READ_CONSUME_CHECK_CONSUMER) timestamp=13104 ms, used_size=3682304 bytes (9.0%)
(RDMA_READ_CONSUME_CHECK_CONSUMER) timestamp=13104 ms, used_size=3680256 bytes (9.0%)
(RDMA_READ_CONSUME_CHECK_CONSUMER) timestamp=13104 ms, used_size=3678208 bytes (9.0%)
(RDMA_READ_CONSUME_CHECK_CONSUMER) timestamp=13104 ms, used_size=3676160 bytes (9.0%)
(RDMA_READ_CONSUME_CHECK_CONSUMER) timestamp=13104 ms, used_size=3674112 bytes (9.0%)
(RDMA_READ_CONSUME_CHECK_CONSUMER) timestamp=13104 ms, used_size=3672064 bytes (9.0%)
(RDMA_READ_CONSUME_CHECK_CONSUMER) timestamp=13104 ms, used_size=3670016 bytes (9.0%)
(RDMA_READ_CONSUME_CHECK_CONSUMER) timestamp=13104 ms, used_size=3667968 bytes (9.0%)
(RDMA_READ_CONSUME_CHECK_CONSUMER) timestamp=13104 ms, used_size=3665920 bytes (8.9%)
(RDMA_READ_CONSUME_CHECK_CONSUMER) timestamp=13104 ms, used_size=3663872 bytes (8.9%)
(RDMA_READ_CONSUME_CHECK_CONSUMER) timestamp=13104 ms, used_size=3661824 bytes (8.9%)
(RDMA_READ_CONSUME_CHECK_CONSUMER) timestamp=13104 ms, used_size=3659776 bytes (8.9%)
(RDMA_READ_CONSUME_CHECK_CONSUMER) timestamp=13104 ms, used_size=3657728 bytes (8.9%)
(RDMA_READ_CONSUME_CHECK_CONSUMER) timestamp=13104 ms, used_size=3655680 bytes (8.9%)
(RDMA_READ_CONSUME_CHECK_CONSUMER) timestamp=13104 ms, used_size=3653632 bytes (8.9%)
(RDMA_READ_CONSUME_CHECK_CONSUMER) timestamp=13104 ms, used_size=3651584 bytes (8.9%)
(RDMA_READ_CONSUME_CHECK_CONSUMER) timestamp=13104 ms, used_size=3649536 bytes (8.9%)
(RDMA_READ_CONSUME_CHECK_CONSUMER) timestamp=13104 ms, used_size=3647488 bytes (8.9%)
(RDMA_READ_CONSUME_CHECK_CONSUMER) timestamp=13104 ms, used_size=3645440 bytes (8.9%)
(RDMA_READ_CONSUME_CHECK_CONSUMER) timestamp=13104 ms, used_size=3643392 bytes (8.9%)
(RDMA_READ_CONSUME_CHECK_CONSUMER) timestamp=13104 ms, used_size=3641344 bytes (8.9%)
(RDMA_READ_CONSUME_CHECK_CONSUMER) timestamp=13104 ms, used_size=3639296 bytes (8.9%)
(RDMA_READ_CONSUME_CHECK_CONSUMER) timestamp=13104 ms, used_size=3637248 bytes (8.9%)
(RDMA_READ_CONSUME_CHECK_CONSUMER) timestamp=13104 ms, used_size=3635200 bytes (8.9%)
(RDMA_READ_CONSUME_CHECK_CONSUMER) timestamp=13105 ms, used_size=3633152 bytes (8.9%)
(RDMA_READ_CONSUME_CHECK_CONSUMER) timestamp=13105 ms, used_size=3631104 bytes (8.9%)
(RDMA_READ_CONSUME_CHECK_CONSUMER) timestamp=13105 ms, used_size=3629056 bytes (8.9%)
(RDMA_READ_CONSUME_CHECK_CONSUMER) timestamp=13105 ms, used_size=3627008 bytes (8.9%)
(RDMA_READ_CONSUME_CHECK_CONSUMER) timestamp=13105 ms, used_size=3624960 bytes (8.8%)
(RDMA_READ_CONSUME_CHECK_CONSUMER) timestamp=13105 ms, used_size=3622912 bytes (8.8%)
(RDMA_READ_CONSUME_CHECK_CONSUMER) timestamp=13105 ms, used_size=3620864 bytes (8.8%)
(RDMA_READ_CONSUME_CHECK_CONSUMER) timestamp=13105 ms, used_size=3618816 bytes (8.8%)
(RDMA_READ_CONSUME_CHECK_CONSUMER) timestamp=13105 ms, used_size=3616768 bytes (8.8%)
(RDMA_READ_CONSUME_CHECK_CONSUMER) timestamp=13105 ms, used_size=3614720 bytes (8.8%)
(RDMA_READ_CONSUME_CHECK_CONSUMER) timestamp=13105 ms, used_size=3612672 bytes (8.8%)
(RDMA_READ_CONSUME_CHECK_CONSUMER) timestamp=13105 ms, used_size=3610624 bytes (8.8%)
(RDMA_READ_CONSUME_CHECK_CONSUMER) timestamp=13105 ms, used_size=3608576 bytes (8.8%)
(RDMA_READ_CONSUME_CHECK_CONSUMER) timestamp=13105 ms, used_size=3606528 bytes (8.8%)
(RDMA_READ_CONSUME_CHECK_CONSUMER) timestamp=13105 ms, used_size=3604480 bytes (8.8%)
(RDMA_READ_CONSUME_CHECK_CONSUMER) timestamp=13105 ms, used_size=3602432 bytes (8.8%)
(RDMA_READ_CONSUME_CHECK_CONSUMER) timestamp=13105 ms, used_size=3600384 bytes (8.8%)
(RDMA_READ_CONSUME_CHECK_CONSUMER) timestamp=13105 ms, used_size=3598336 bytes (8.8%)
(RDMA_READ_CONSUME_CHECK_CONSUMER) timestamp=13105 ms, used_size=3596288 bytes (8.8%)
(RDMA_READ_CONSUME_CHECK_CONSUMER) timestamp=13105 ms, used_size=3594240 bytes (8.8%)
(RDMA_READ_CONSUME_CHECK_CONSUMER) timestamp=13105 ms, used_size=3592192 bytes (8.8%)
(RDMA_READ_CONSUME_CHECK_CONSUMER) timestamp=13105 ms, used_size=3590144 bytes (8.8%)
(RDMA_READ_CONSUME_CHECK_CONSUMER) timestamp=13105 ms, used_size=3588096 bytes (8.8%)
(RDMA_READ_CONSUME_CHECK_CONSUMER) timestamp=13105 ms, used_size=3586048 bytes (8.8%)
(RDMA_READ_CONSUME_CHECK_CONSUMER) timestamp=13105 ms, used_size=3584000 bytes (8.8%)
(RDMA_READ_CONSUME_CHECK_CONSUMER) timestamp=13105 ms, used_size=3581952 bytes (8.7%)
(RDMA_READ_CONSUME_CHECK_CONSUMER) timestamp=13105 ms, used_size=3579904 bytes (8.7%)
(RDMA_READ_CONSUME_CHECK_CONSUMER) timestamp=13105 ms, used_size=3577856 bytes (8.7%)
(RDMA_READ_CONSUME_CHECK_CONSUMER) timestamp=13105 ms, used_size=3575808 bytes (8.7%)
(RDMA_READ_CONSUME_CHECK_CONSUMER) timestamp=13105 ms, used_size=3573760 bytes (8.7%)
(RDMA_READ_CONSUME_CHECK_CONSUMER) timestamp=13105 ms, used_size=3571712 bytes (8.7%)
(RDMA_READ_CONSUME_CHECK_CONSUMER) timestamp=13105 ms, used_size=3569664 bytes (8.7%)
(RDMA_READ_CONSUME_CHECK_CONSUMER) timestamp=13105 ms, used_size=3567616 bytes (8.7%)
(RDMA_READ_CONSUME_CHECK_CONSUMER) timestamp=13105 ms, used_size=3565568 bytes (8.7%)
(RDMA_READ_CONSUME_CHECK_CONSUMER) timestamp=13105 ms, used_size=3563520 bytes (8.7%)
(RDMA_READ_CONSUME_CHECK_CONSUMER) timestamp=13105 ms, used_size=3561472 bytes (8.7%)
(RDMA_READ_CONSUME_CHECK_CONSUMER) timestamp=13105 ms, used_size=3559424 bytes (8.7%)
(RDMA_READ_CONSUME_CHECK_CONSUMER) timestamp=13105 ms, used_size=3557376 bytes (8.7%)
(RDMA_READ_CONSUME_CHECK_CONSUMER) timestamp=13105 ms, used_size=3555328 bytes (8.7%)
(RDMA_READ_CONSUME_CHECK_CONSUMER) timestamp=13105 ms, used_size=3553280 bytes (8.7%)
(RDMA_READ_CONSUME_CHECK_CONSUMER) timestamp=13105 ms, used_size=3551232 bytes (8.7%)
(RDMA_READ_CONSUME_CHECK_CONSUMER) timestamp=13105 ms, used_size=3549184 bytes (8.7%)
(RDMA_READ_CONSUME_CHECK_CONSUMER) timestamp=13105 ms, used_size=3547136 bytes (8.7%)
(RDMA_READ_CONSUME_CHECK_CONSUMER) timestamp=13105 ms, used_size=3545088 bytes (8.7%)
(RDMA_READ_CONSUME_CHECK_CONSUMER) timestamp=13105 ms, used_size=3543040 bytes (8.7%)
(RDMA_READ_CONSUME_CHECK_CONSUMER) timestamp=13105 ms, used_size=3540992 bytes (8.6%)
(RDMA_READ_CONSUME_CHECK_CONSUMER) timestamp=13105 ms, used_size=3538944 bytes (8.6%)
(RDMA_READ_CONSUME_CHECK_CONSUMER) timestamp=13105 ms, used_size=3536896 bytes (8.6%)
(RDMA_READ_CONSUME_CHECK_CONSUMER) timestamp=13105 ms, used_size=3534848 bytes (8.6%)
(RDMA_READ_CONSUME_CHECK_CONSUMER) timestamp=13105 ms, used_size=3532800 bytes (8.6%)
(RDMA_READ_CONSUME_CHECK_CONSUMER) timestamp=13105 ms, used_size=3530752 bytes (8.6%)
(RDMA_READ_CONSUME_CHECK_CONSUMER) timestamp=13105 ms, used_size=3528704 bytes (8.6%)
(RDMA_READ_CONSUME_CHECK_CONSUMER) timestamp=13105 ms, used_size=3526656 bytes (8.6%)
(RDMA_READ_CONSUME_CHECK_CONSUMER) timestamp=13105 ms, used_size=3524608 bytes (8.6%)
(RDMA_READ_CONSUME_CHECK_CONSUMER) timestamp=13105 ms, used_size=3522560 bytes (8.6%)
(RDMA_READ_CONSUME_CHECK_CONSUMER) timestamp=13105 ms, used_size=3520512 bytes (8.6%)
(RDMA_READ_CONSUME_CHECK_CONSUMER) timestamp=13105 ms, used_size=3518464 bytes (8.6%)
(RDMA_READ_CONSUME_CHECK_CONSUMER) timestamp=13105 ms, used_size=3516416 bytes (8.6%)
(RDMA_READ_CONSUME_CHECK_CONSUMER) timestamp=13105 ms, used_size=3514368 bytes (8.6%)
(RDMA_READ_CONSUME_CHECK_CONSUMER) timestamp=13105 ms, used_size=3512320 bytes (8.6%)
(RDMA_READ_CONSUME_CHECK_CONSUMER) timestamp=13105 ms, used_size=3510272 bytes (8.6%)
(RDMA_READ_CONSUME_CHECK_CONSUMER) timestamp=13105 ms, used_size=3508224 bytes (8.6%)
(RDMA_READ_CONSUME_CHECK_CONSUMER) timestamp=13105 ms, used_size=3506176 bytes (8.6%)
(RDMA_READ_CONSUME_CHECK_CONSUMER) timestamp=13105 ms, used_size=3504128 bytes (8.6%)
(RDMA_READ_CONSUME_CHECK_CONSUMER) timestamp=13105 ms, used_size=3502080 bytes (8.6%)
(RDMA_READ_CONSUME_CHECK_CONSUMER) timestamp=13105 ms, used_size=3500032 bytes (8.5%)
(RDMA_READ_CONSUME_CHECK_CONSUMER) timestamp=13105 ms, used_size=3497984 bytes (8.5%)
(RDMA_READ_CONSUME_CHECK_CONSUMER) timestamp=13105 ms, used_size=3495936 bytes (8.5%)
(RDMA_READ_CONSUME_CHECK_CONSUMER) timestamp=13105 ms, used_size=3493888 bytes (8.5%)
(RDMA_READ_CONSUME_CHECK_CONSUMER) timestamp=13105 ms, used_size=3491840 bytes (8.5%)
(RDMA_READ_CONSUME_CHECK_CONSUMER) timestamp=13105 ms, used_size=3489792 bytes (8.5%)
(RDMA_READ_CONSUME_CHECK_CONSUMER) timestamp=13105 ms, used_size=3487744 bytes (8.5%)
(RDMA_READ_CONSUME_CHECK_CONSUMER) timestamp=13105 ms, used_size=3485696 bytes (8.5%)
(RDMA_READ_CONSUME_CHECK_CONSUMER) timestamp=13105 ms, used_size=3483648 bytes (8.5%)
(RDMA_READ_CONSUME_CHECK_CONSUMER) timestamp=13105 ms, used_size=3481600 bytes (8.5%)
(RDMA_READ_CONSUME_CHECK_CONSUMER) timestamp=13105 ms, used_size=3479552 bytes (8.5%)
(RDMA_READ_CONSUME_CHECK_CONSUMER) timestamp=13105 ms, used_size=3477504 bytes (8.5%)
(RDMA_READ_CONSUME_CHECK_CONSUMER) timestamp=13105 ms, used_size=3475456 bytes (8.5%)
(RDMA_READ_CONSUME_CHECK_CONSUMER) timestamp=13105 ms, used_size=3473408 bytes (8.5%)
(RDMA_READ_CONSUME_CHECK_CONSUMER) timestamp=13105 ms, used_size=3471360 bytes (8.5%)
(RDMA_READ_CONSUME_CHECK_CONSUMER) timestamp=13105 ms, used_size=3469312 bytes (8.5%)
(RDMA_READ_CONSUME_CHECK_CONSUMER) timestamp=13105 ms, used_size=3467264 bytes (8.5%)
(RDMA_READ_CONSUME_CHECK_CONSUMER) timestamp=13105 ms, used_size=3465216 bytes (8.5%)
(RDMA_READ_CONSUME_CHECK_CONSUMER) timestamp=13105 ms, used_size=3463168 bytes (8.5%)
(RDMA_READ_CONSUME_CHECK_CONSUMER) timestamp=13105 ms, used_size=3461120 bytes (8.4%)
(RDMA_READ_CONSUME_CHECK_CONSUMER) timestamp=13105 ms, used_size=3459072 bytes (8.4%)
(RDMA_READ_CONSUME_CHECK_CONSUMER) timestamp=13105 ms, used_size=3457024 bytes (8.4%)
(RDMA_READ_CONSUME_CHECK_CONSUMER) timestamp=13105 ms, used_size=3454976 bytes (8.4%)
(RDMA_READ_CONSUME_CHECK_CONSUMER) timestamp=13105 ms, used_size=3452928 bytes (8.4%)
(RDMA_READ_CONSUME_CHECK_CONSUMER) timestamp=13105 ms, used_size=3450880 bytes (8.4%)
(RDMA_READ_CONSUME_CHECK_CONSUMER) timestamp=13105 ms, used_size=3448832 bytes (8.4%)
(RDMA_READ_CONSUME_CHECK_CONSUMER) timestamp=13105 ms, used_size=3446784 bytes (8.4%)
(RDMA_READ_CONSUME_CHECK_CONSUMER) timestamp=13105 ms, used_size=3444736 bytes (8.4%)
(RDMA_READ_CONSUME_CHECK_CONSUMER) timestamp=13105 ms, used_size=3442688 bytes (8.4%)
(RDMA_READ_CONSUME_CHECK_CONSUMER) timestamp=13105 ms, used_size=3440640 bytes (8.4%)
(RDMA_READ_CONSUME_CHECK_CONSUMER) timestamp=13105 ms, used_size=3438592 bytes (8.4%)
(RDMA_READ_CONSUME_CHECK_CONSUMER) timestamp=13105 ms, used_size=3436544 bytes (8.4%)
(RDMA_READ_CONSUME_CHECK_CONSUMER) timestamp=13105 ms, used_size=3434496 bytes (8.4%)
(RDMA_READ_CONSUME_CHECK_CONSUMER) timestamp=13105 ms, used_size=3432448 bytes (8.4%)
(RDMA_READ_CONSUME_CHECK_CONSUMER) timestamp=13105 ms, used_size=3430400 bytes (8.4%)
(RDMA_READ_CONSUME_CHECK_CONSUMER) timestamp=13105 ms, used_size=3428352 bytes (8.4%)
(RDMA_READ_CONSUME_CHECK_CONSUMER) timestamp=13105 ms, used_size=3426304 bytes (8.4%)
(RDMA_READ_CONSUME_CHECK_CONSUMER) timestamp=13105 ms, used_size=3424256 bytes (8.4%)
(RDMA_READ_CONSUME_CHECK_CONSUMER) timestamp=13105 ms, used_size=3422208 bytes (8.4%)
(RDMA_READ_CONSUME_CHECK_CONSUMER) timestamp=13105 ms, used_size=3420160 bytes (8.3%)
(RDMA_READ_CONSUME_CHECK_CONSUMER) timestamp=13105 ms, used_size=3418112 bytes (8.3%)
(RDMA_READ_CONSUME_CHECK_CONSUMER) timestamp=13105 ms, used_size=3416064 bytes (8.3%)
(RDMA_READ_CONSUME_CHECK_CONSUMER) timestamp=13105 ms, used_size=3414016 bytes (8.3%)
(RDMA_READ_CONSUME_CHECK_CONSUMER) timestamp=13105 ms, used_size=3411968 bytes (8.3%)
(RDMA_READ_CONSUME_CHECK_CONSUMER) timestamp=13105 ms, used_size=3409920 bytes (8.3%)
(RDMA_READ_CONSUME_CHECK_CONSUMER) timestamp=13105 ms, used_size=3407872 bytes (8.3%)
(RDMA_READ_CONSUME_CHECK_CONSUMER) timestamp=13105 ms, used_size=3405824 bytes (8.3%)
(RDMA_READ_CONSUME_CHECK_CONSUMER) timestamp=13105 ms, used_size=3403776 bytes (8.3%)
(RDMA_READ_CONSUME_CHECK_CONSUMER) timestamp=13105 ms, used_size=3401728 bytes (8.3%)
(RDMA_READ_CONSUME_CHECK_CONSUMER) timestamp=13105 ms, used_size=3399680 bytes (8.3%)
(RDMA_READ_CONSUME_CHECK_CONSUMER) timestamp=13105 ms, used_size=3397632 bytes (8.3%)
(RDMA_READ_CONSUME_CHECK_CONSUMER) timestamp=13105 ms, used_size=3395584 bytes (8.3%)
(RDMA_READ_CONSUME_CHECK_CONSUMER) timestamp=13105 ms, used_size=3393536 bytes (8.3%)
(RDMA_READ_CONSUME_CHECK_CONSUMER) timestamp=13105 ms, used_size=3391488 bytes (8.3%)
(RDMA_READ_CONSUME_CHECK_CONSUMER) timestamp=13105 ms, used_size=3389440 bytes (8.3%)
(RDMA_READ_CONSUME_CHECK_CONSUMER) timestamp=13105 ms, used_size=3387392 bytes (8.3%)
(RDMA_READ_CONSUME_CHECK_CONSUMER) timestamp=13105 ms, used_size=3385344 bytes (8.3%)
(RDMA_READ_CONSUME_CHECK_CONSUMER) timestamp=13105 ms, used_size=3383296 bytes (8.3%)
(RDMA_READ_CONSUME_CHECK_CONSUMER) timestamp=13105 ms, used_size=3381248 bytes (8.3%)
(RDMA_READ_CONSUME_CHECK_CONSUMER) timestamp=13105 ms, used_size=3379200 bytes (8.2%)
(RDMA_READ_CONSUME_CHECK_CONSUMER) timestamp=13105 ms, used_size=3377152 bytes (8.2%)
(RDMA_READ_CONSUME_CHECK_CONSUMER) timestamp=13105 ms, used_size=3375104 bytes (8.2%)
(RDMA_READ_CONSUME_CHECK_CONSUMER) timestamp=13105 ms, used_size=3373056 bytes (8.2%)
(RDMA_READ_CONSUME_CHECK_CONSUMER) timestamp=13105 ms, used_size=3371008 bytes (8.2%)
(RDMA_READ_CONSUME_CHECK_CONSUMER) timestamp=13105 ms, used_size=3368960 bytes (8.2%)
(RDMA_READ_CONSUME_CHECK_CONSUMER) timestamp=13105 ms, used_size=3366912 bytes (8.2%)
(RDMA_READ_CONSUME_CHECK_CONSUMER) timestamp=13105 ms, used_size=3364864 bytes (8.2%)
(RDMA_READ_CONSUME_CHECK_CONSUMER) timestamp=13105 ms, used_size=3362816 bytes (8.2%)
(RDMA_READ_CONSUME_CHECK_CONSUMER) timestamp=13105 ms, used_size=3360768 bytes (8.2%)
(RDMA_READ_CONSUME_CHECK_CONSUMER) timestamp=13105 ms, used_size=3358720 bytes (8.2%)
(RDMA_READ_CONSUME_CHECK_CONSUMER) timestamp=13105 ms, used_size=3356672 bytes (8.2%)
(RDMA_READ_CONSUME_CHECK_CONSUMER) timestamp=13105 ms, used_size=3354624 bytes (8.2%)
(RDMA_READ_CONSUME_CHECK_CONSUMER) timestamp=13105 ms, used_size=3352576 bytes (8.2%)
(RDMA_READ_CONSUME_CHECK_CONSUMER) timestamp=13105 ms, used_size=3350528 bytes (8.2%)
(RDMA_READ_CONSUME_CHECK_CONSUMER) timestamp=13105 ms, used_size=3348480 bytes (8.2%)
(RDMA_READ_CONSUME_CHECK_CONSUMER) timestamp=13105 ms, used_size=3346432 bytes (8.2%)
(RDMA_READ_CONSUME_CHECK_CONSUMER) timestamp=13105 ms, used_size=3344384 bytes (8.2%)
(RDMA_READ_CONSUME_CHECK_CONSUMER) timestamp=13105 ms, used_size=3342336 bytes (8.2%)
(RDMA_READ_CONSUME_CHECK_CONSUMER) timestamp=13105 ms, used_size=3340288 bytes (8.2%)
(RDMA_READ_CONSUME_CHECK_CONSUMER) timestamp=13105 ms, used_size=3338240 bytes (8.2%)
(RDMA_READ_CONSUME_CHECK_CONSUMER) timestamp=13105 ms, used_size=3336192 bytes (8.1%)
(RDMA_READ_CONSUME_CHECK_CONSUMER) timestamp=13105 ms, used_size=3334144 bytes (8.1%)
(RDMA_READ_CONSUME_CHECK_CONSUMER) timestamp=13105 ms, used_size=3332096 bytes (8.1%)
(RDMA_READ_CONSUME_CHECK_CONSUMER) timestamp=13105 ms, used_size=3330048 bytes (8.1%)
(RDMA_READ_CONSUME_CHECK_CONSUMER) timestamp=13105 ms, used_size=3328000 bytes (8.1%)
(RDMA_READ_CONSUME_CHECK_CONSUMER) timestamp=13105 ms, used_size=3325952 bytes (8.1%)
(RDMA_READ_CONSUME_CHECK_CONSUMER) timestamp=13105 ms, used_size=3323904 bytes (8.1%)
(RDMA_READ_CONSUME_CHECK_CONSUMER) timestamp=13105 ms, used_size=3321856 bytes (8.1%)
(RDMA_READ_CONSUME_CHECK_CONSUMER) timestamp=13105 ms, used_size=3319808 bytes (8.1%)
(RDMA_READ_CONSUME_CHECK_CONSUMER) timestamp=13105 ms, used_size=3317760 bytes (8.1%)
(RDMA_READ_CONSUME_CHECK_CONSUMER) timestamp=13105 ms, used_size=3315712 bytes (8.1%)
(RDMA_READ_CONSUME_CHECK_CONSUMER) timestamp=13105 ms, used_size=3313664 bytes (8.1%)
(RDMA_READ_CONSUME_CHECK_CONSUMER) timestamp=13105 ms, used_size=3311616 bytes (8.1%)
(RDMA_READ_CONSUME_CHECK_CONSUMER) timestamp=13105 ms, used_size=3309568 bytes (8.1%)
(RDMA_READ_CONSUME_CHECK_CONSUMER) timestamp=13105 ms, used_size=3307520 bytes (8.1%)
(RDMA_READ_CONSUME_CHECK_CONSUMER) timestamp=13105 ms, used_size=3305472 bytes (8.1%)
(RDMA_READ_CONSUME_CHECK_CONSUMER) timestamp=13105 ms, used_size=3303424 bytes (8.1%)
(RDMA_READ_CONSUME_CHECK_CONSUMER) timestamp=13105 ms, used_size=3301376 bytes (8.1%)
(RDMA_READ_CONSUME_CHECK_CONSUMER) timestamp=13105 ms, used_size=3299328 bytes (8.1%)
(RDMA_READ_CONSUME_CHECK_CONSUMER) timestamp=13105 ms, used_size=3297280 bytes (8.1%)
(RDMA_READ_CONSUME_CHECK_CONSUMER) timestamp=13105 ms, used_size=3295232 bytes (8.0%)
(RDMA_READ_CONSUME_CHECK_CONSUMER) timestamp=13105 ms, used_size=3293184 bytes (8.0%)
(RDMA_READ_CONSUME_CHECK_CONSUMER) timestamp=13105 ms, used_size=3291136 bytes (8.0%)
(RDMA_READ_CONSUME_CHECK_CONSUMER) timestamp=13105 ms, used_size=3289088 bytes (8.0%)
(RDMA_READ_CONSUME_CHECK_CONSUMER) timestamp=13106 ms, used_size=3287040 bytes (8.0%)
(RDMA_READ_CONSUME_CHECK_CONSUMER) timestamp=13106 ms, used_size=3284992 bytes (8.0%)
(RDMA_READ_CONSUME_CHECK_CONSUMER) timestamp=13106 ms, used_size=3282944 bytes (8.0%)
(RDMA_READ_CONSUME_CHECK_CONSUMER) timestamp=13106 ms, used_size=3280896 bytes (8.0%)
(RDMA_READ_CONSUME_CHECK_CONSUMER) timestamp=13106 ms, used_size=3278848 bytes (8.0%)
(RDMA_READ_CONSUME_CHECK_CONSUMER) timestamp=13106 ms, used_size=3276800 bytes (8.0%)
(RDMA_READ_CONSUME_CHECK_CONSUMER) timestamp=13106 ms, used_size=3274752 bytes (8.0%)
(RDMA_READ_CONSUME_CHECK_CONSUMER) timestamp=13106 ms, used_size=3272704 bytes (8.0%)
(RDMA_READ_CONSUME_CHECK_CONSUMER) timestamp=13106 ms, used_size=3270656 bytes (8.0%)
(RDMA_READ_CONSUME_CHECK_CONSUMER) timestamp=13106 ms, used_size=3268608 bytes (8.0%)
(RDMA_READ_CONSUME_CHECK_CONSUMER) timestamp=13106 ms, used_size=3266560 bytes (8.0%)
(RDMA_READ_CONSUME_CHECK_CONSUMER) timestamp=13106 ms, used_size=3264512 bytes (8.0%)
(RDMA_READ_CONSUME_CHECK_CONSUMER) timestamp=13106 ms, used_size=3262464 bytes (8.0%)
(RDMA_READ_CONSUME_CHECK_CONSUMER) timestamp=13106 ms, used_size=3260416 bytes (8.0%)
(RDMA_READ_CONSUME_CHECK_CONSUMER) timestamp=13106 ms, used_size=3258368 bytes (8.0%)
(RDMA_READ_CONSUME_CHECK_CONSUMER) timestamp=13106 ms, used_size=3256320 bytes (8.0%)
(RDMA_READ_CONSUME_CHECK_CONSUMER) timestamp=13106 ms, used_size=3254272 bytes (7.9%)
(RDMA_READ_CONSUME_CHECK_CONSUMER) timestamp=13106 ms, used_size=3252224 bytes (7.9%)
(RDMA_READ_CONSUME_CHECK_CONSUMER) timestamp=13106 ms, used_size=3250176 bytes (7.9%)
(RDMA_READ_CONSUME_CHECK_CONSUMER) timestamp=13106 ms, used_size=3248128 bytes (7.9%)
(RDMA_READ_CONSUME_CHECK_CONSUMER) timestamp=13106 ms, used_size=3246080 bytes (7.9%)
(RDMA_READ_CONSUME_CHECK_CONSUMER) timestamp=13106 ms, used_size=3244032 bytes (7.9%)
(RDMA_READ_CONSUME_CHECK_CONSUMER) timestamp=13106 ms, used_size=3241984 bytes (7.9%)
(RDMA_READ_CONSUME_CHECK_CONSUMER) timestamp=13106 ms, used_size=3239936 bytes (7.9%)
(RDMA_READ_CONSUME_CHECK_CONSUMER) timestamp=13106 ms, used_size=3237888 bytes (7.9%)
(RDMA_READ_CONSUME_CHECK_CONSUMER) timestamp=13106 ms, used_size=3235840 bytes (7.9%)
(RDMA_READ_CONSUME_CHECK_CONSUMER) timestamp=13106 ms, used_size=3233792 bytes (7.9%)
(RDMA_READ_CONSUME_CHECK_CONSUMER) timestamp=13106 ms, used_size=3231744 bytes (7.9%)
(RDMA_READ_CONSUME_CHECK_CONSUMER) timestamp=13106 ms, used_size=3229696 bytes (7.9%)
(RDMA_READ_CONSUME_CHECK_CONSUMER) timestamp=13106 ms, used_size=3227648 bytes (7.9%)
(RDMA_READ_CONSUME_CHECK_CONSUMER) timestamp=13106 ms, used_size=3225600 bytes (7.9%)
(RDMA_READ_CONSUME_CHECK_CONSUMER) timestamp=13106 ms, used_size=3223552 bytes (7.9%)
(RDMA_READ_CONSUME_CHECK_CONSUMER) timestamp=13106 ms, used_size=3221504 bytes (7.9%)
(RDMA_READ_CONSUME_CHECK_CONSUMER) timestamp=13106 ms, used_size=3219456 bytes (7.9%)
(RDMA_READ_CONSUME_CHECK_CONSUMER) timestamp=13106 ms, used_size=3217408 bytes (7.9%)
(RDMA_READ_CONSUME_CHECK_CONSUMER) timestamp=13106 ms, used_size=3215360 bytes (7.8%)
(RDMA_READ_CONSUME_CHECK_CONSUMER) timestamp=13106 ms, used_size=3213312 bytes (7.8%)
(RDMA_READ_CONSUME_CHECK_CONSUMER) timestamp=13106 ms, used_size=3211264 bytes (7.8%)
(RDMA_READ_CONSUME_CHECK_CONSUMER) timestamp=13106 ms, used_size=3209216 bytes (7.8%)
(RDMA_READ_CONSUME_CHECK_CONSUMER) timestamp=13106 ms, used_size=3207168 bytes (7.8%)
(RDMA_READ_CONSUME_CHECK_CONSUMER) timestamp=13106 ms, used_size=3205120 bytes (7.8%)
(RDMA_READ_CONSUME_CHECK_CONSUMER) timestamp=13106 ms, used_size=3203072 bytes (7.8%)
(RDMA_READ_CONSUME_CHECK_CONSUMER) timestamp=13106 ms, used_size=3201024 bytes (7.8%)
(RDMA_READ_CONSUME_CHECK_CONSUMER) timestamp=13106 ms, used_size=3198976 bytes (7.8%)
(RDMA_READ_CONSUME_CHECK_CONSUMER) timestamp=13106 ms, used_size=3196928 bytes (7.8%)
(RDMA_READ_CONSUME_CHECK_CONSUMER) timestamp=13106 ms, used_size=3194880 bytes (7.8%)
(RDMA_READ_CONSUME_CHECK_CONSUMER) timestamp=13106 ms, used_size=3192832 bytes (7.8%)
(RDMA_READ_CONSUME_CHECK_CONSUMER) timestamp=13106 ms, used_size=3190784 bytes (7.8%)
(RDMA_READ_CONSUME_CHECK_CONSUMER) timestamp=13106 ms, used_size=3188736 bytes (7.8%)
(RDMA_READ_CONSUME_CHECK_CONSUMER) timestamp=13106 ms, used_size=3186688 bytes (7.8%)
(RDMA_READ_CONSUME_CHECK_CONSUMER) timestamp=13106 ms, used_size=3184640 bytes (7.8%)
(RDMA_READ_CONSUME_CHECK_CONSUMER) timestamp=13106 ms, used_size=3182592 bytes (7.8%)
(RDMA_READ_CONSUME_CHECK_CONSUMER) timestamp=13106 ms, used_size=3180544 bytes (7.8%)
(RDMA_READ_CONSUME_CHECK_CONSUMER) timestamp=13106 ms, used_size=3178496 bytes (7.8%)
(RDMA_READ_CONSUME_CHECK_CONSUMER) timestamp=13106 ms, used_size=3176448 bytes (7.8%)
(RDMA_READ_CONSUME_CHECK_CONSUMER) timestamp=13106 ms, used_size=3174400 bytes (7.8%)
(RDMA_READ_CONSUME_CHECK_CONSUMER) timestamp=13106 ms, used_size=3172352 bytes (7.7%)
(RDMA_READ_CONSUME_CHECK_CONSUMER) timestamp=13106 ms, used_size=3170304 bytes (7.7%)
(RDMA_READ_CONSUME_CHECK_CONSUMER) timestamp=13106 ms, used_size=3168256 bytes (7.7%)
(RDMA_READ_CONSUME_CHECK_CONSUMER) timestamp=13106 ms, used_size=3166208 bytes (7.7%)
(RDMA_READ_CONSUME_CHECK_CONSUMER) timestamp=13106 ms, used_size=3164160 bytes (7.7%)
(RDMA_READ_CONSUME_CHECK_CONSUMER) timestamp=13106 ms, used_size=3162112 bytes (7.7%)
(RDMA_READ_CONSUME_CHECK_CONSUMER) timestamp=13106 ms, used_size=3160064 bytes (7.7%)
(RDMA_READ_CONSUME_CHECK_CONSUMER) timestamp=13106 ms, used_size=3158016 bytes (7.7%)
(RDMA_READ_CONSUME_CHECK_CONSUMER) timestamp=13106 ms, used_size=3155968 bytes (7.7%)
(RDMA_READ_CONSUME_CHECK_CONSUMER) timestamp=13106 ms, used_size=3153920 bytes (7.7%)
(RDMA_READ_CONSUME_CHECK_CONSUMER) timestamp=13106 ms, used_size=3151872 bytes (7.7%)
(RDMA_READ_CONSUME_CHECK_CONSUMER) timestamp=13106 ms, used_size=3149824 bytes (7.7%)
(RDMA_READ_CONSUME_CHECK_CONSUMER) timestamp=13106 ms, used_size=3147776 bytes (7.7%)
(RDMA_READ_CONSUME_CHECK_CONSUMER) timestamp=13106 ms, used_size=3145728 bytes (7.7%)
(RDMA_READ_CONSUME_CHECK_CONSUMER) timestamp=13106 ms, used_size=3143680 bytes (7.7%)
(RDMA_READ_CONSUME_CHECK_CONSUMER) timestamp=13106 ms, used_size=3141632 bytes (7.7%)
(RDMA_READ_CONSUME_CHECK_CONSUMER) timestamp=13106 ms, used_size=3139584 bytes (7.7%)
(RDMA_READ_CONSUME_CHECK_CONSUMER) timestamp=13106 ms, used_size=3137536 bytes (7.7%)
(RDMA_READ_CONSUME_CHECK_CONSUMER) timestamp=13106 ms, used_size=3135488 bytes (7.7%)
(RDMA_READ_CONSUME_CHECK_CONSUMER) timestamp=13106 ms, used_size=3133440 bytes (7.7%)
(RDMA_READ_CONSUME_CHECK_CONSUMER) timestamp=13106 ms, used_size=3131392 bytes (7.6%)
(RDMA_READ_CONSUME_CHECK_CONSUMER) timestamp=13106 ms, used_size=3129344 bytes (7.6%)
(RDMA_READ_CONSUME_CHECK_CONSUMER) timestamp=13106 ms, used_size=3127296 bytes (7.6%)
(RDMA_READ_CONSUME_CHECK_CONSUMER) timestamp=13106 ms, used_size=3125248 bytes (7.6%)
(RDMA_READ_CONSUME_CHECK_CONSUMER) timestamp=13106 ms, used_size=3123200 bytes (7.6%)
(RDMA_READ_CONSUME_CHECK_CONSUMER) timestamp=13106 ms, used_size=3121152 bytes (7.6%)
(RDMA_READ_CONSUME_CHECK_CONSUMER) timestamp=13106 ms, used_size=3119104 bytes (7.6%)
(RDMA_READ_CONSUME_CHECK_CONSUMER) timestamp=13106 ms, used_size=3117056 bytes (7.6%)
(RDMA_READ_CONSUME_CHECK_CONSUMER) timestamp=13106 ms, used_size=3115008 bytes (7.6%)
(RDMA_READ_CONSUME_CHECK_CONSUMER) timestamp=13106 ms, used_size=3112960 bytes (7.6%)
(RDMA_READ_CONSUME_CHECK_CONSUMER) timestamp=13106 ms, used_size=3110912 bytes (7.6%)
(RDMA_READ_CONSUME_CHECK_CONSUMER) timestamp=13106 ms, used_size=3108864 bytes (7.6%)
(RDMA_READ_CONSUME_CHECK_CONSUMER) timestamp=13106 ms, used_size=3106816 bytes (7.6%)
(RDMA_READ_CONSUME_CHECK_CONSUMER) timestamp=13106 ms, used_size=3104768 bytes (7.6%)
(RDMA_READ_CONSUME_CHECK_CONSUMER) timestamp=13106 ms, used_size=3102720 bytes (7.6%)
(RDMA_READ_CONSUME_CHECK_CONSUMER) timestamp=13106 ms, used_size=3100672 bytes (7.6%)
(RDMA_READ_CONSUME_CHECK_CONSUMER) timestamp=13106 ms, used_size=3098624 bytes (7.6%)
(RDMA_READ_CONSUME_CHECK_CONSUMER) timestamp=13106 ms, used_size=3096576 bytes (7.6%)
(RDMA_READ_CONSUME_CHECK_CONSUMER) timestamp=13106 ms, used_size=3094528 bytes (7.6%)
(RDMA_READ_CONSUME_CHECK_CONSUMER) timestamp=13106 ms, used_size=3092480 bytes (7.5%)
(RDMA_READ_CONSUME_CHECK_CONSUMER) timestamp=13106 ms, used_size=3090432 bytes (7.5%)
(RDMA_READ_CONSUME_CHECK_CONSUMER) timestamp=13106 ms, used_size=3088384 bytes (7.5%)
(RDMA_READ_CONSUME_CHECK_CONSUMER) timestamp=13106 ms, used_size=3086336 bytes (7.5%)
(RDMA_READ_CONSUME_CHECK_CONSUMER) timestamp=13106 ms, used_size=3084288 bytes (7.5%)
(RDMA_READ_CONSUME_CHECK_CONSUMER) timestamp=13106 ms, used_size=3082240 bytes (7.5%)
(RDMA_READ_CONSUME_CHECK_CONSUMER) timestamp=13106 ms, used_size=3080192 bytes (7.5%)
(RDMA_READ_CONSUME_CHECK_CONSUMER) timestamp=13106 ms, used_size=3078144 bytes (7.5%)
(RDMA_READ_CONSUME_CHECK_CONSUMER) timestamp=13106 ms, used_size=3076096 bytes (7.5%)
(RDMA_READ_CONSUME_CHECK_CONSUMER) timestamp=13106 ms, used_size=3074048 bytes (7.5%)
(RDMA_READ_CONSUME_CHECK_CONSUMER) timestamp=13106 ms, used_size=3072000 bytes (7.5%)
(RDMA_READ_CONSUME_CHECK_CONSUMER) timestamp=13106 ms, used_size=3069952 bytes (7.5%)
(RDMA_READ_CONSUME_CHECK_CONSUMER) timestamp=13106 ms, used_size=3067904 bytes (7.5%)
(RDMA_READ_CONSUME_CHECK_CONSUMER) timestamp=13106 ms, used_size=3065856 bytes (7.5%)
(RDMA_READ_CONSUME_CHECK_CONSUMER) timestamp=13106 ms, used_size=3063808 bytes (7.5%)
(RDMA_READ_CONSUME_CHECK_CONSUMER) timestamp=13106 ms, used_size=3061760 bytes (7.5%)
(RDMA_READ_CONSUME_CHECK_CONSUMER) timestamp=13106 ms, used_size=3059712 bytes (7.5%)
(RDMA_READ_CONSUME_CHECK_CONSUMER) timestamp=13106 ms, used_size=3057664 bytes (7.5%)
(RDMA_READ_CONSUME_CHECK_CONSUMER) timestamp=13106 ms, used_size=3055616 bytes (7.5%)
(RDMA_READ_CONSUME_CHECK_CONSUMER) timestamp=13106 ms, used_size=3053568 bytes (7.5%)
(RDMA_READ_CONSUME_CHECK_CONSUMER) timestamp=13106 ms, used_size=3051520 bytes (7.5%)
(RDMA_READ_CONSUME_CHECK_CONSUMER) timestamp=13106 ms, used_size=3049472 bytes (7.4%)
(RDMA_READ_CONSUME_CHECK_CONSUMER) timestamp=13106 ms, used_size=3047424 bytes (7.4%)
(RDMA_READ_CONSUME_CHECK_CONSUMER) timestamp=13106 ms, used_size=3045376 bytes (7.4%)
(RDMA_READ_CONSUME_CHECK_CONSUMER) timestamp=13106 ms, used_size=3043328 bytes (7.4%)
(RDMA_READ_CONSUME_CHECK_CONSUMER) timestamp=13106 ms, used_size=3041280 bytes (7.4%)
(RDMA_READ_CONSUME_CHECK_CONSUMER) timestamp=13106 ms, used_size=3039232 bytes (7.4%)
(RDMA_READ_CONSUME_CHECK_CONSUMER) timestamp=13106 ms, used_size=3037184 bytes (7.4%)
(RDMA_READ_CONSUME_CHECK_CONSUMER) timestamp=13106 ms, used_size=3035136 bytes (7.4%)
(RDMA_READ_CONSUME_CHECK_CONSUMER) timestamp=13106 ms, used_size=3033088 bytes (7.4%)
(RDMA_READ_CONSUME_CHECK_CONSUMER) timestamp=13106 ms, used_size=3031040 bytes (7.4%)
(RDMA_READ_CONSUME_CHECK_CONSUMER) timestamp=13106 ms, used_size=3028992 bytes (7.4%)
(RDMA_READ_CONSUME_CHECK_CONSUMER) timestamp=13106 ms, used_size=3026944 bytes (7.4%)
(RDMA_READ_CONSUME_CHECK_CONSUMER) timestamp=13106 ms, used_size=3024896 bytes (7.4%)
(RDMA_READ_CONSUME_CHECK_CONSUMER) timestamp=13106 ms, used_size=3022848 bytes (7.4%)
(RDMA_READ_CONSUME_CHECK_CONSUMER) timestamp=13106 ms, used_size=3020800 bytes (7.4%)
(RDMA_READ_CONSUME_CHECK_CONSUMER) timestamp=13106 ms, used_size=3018752 bytes (7.4%)
(RDMA_READ_CONSUME_CHECK_CONSUMER) timestamp=13106 ms, used_size=3016704 bytes (7.4%)
(RDMA_READ_CONSUME_CHECK_CONSUMER) timestamp=13106 ms, used_size=3014656 bytes (7.4%)
(RDMA_READ_CONSUME_CHECK_CONSUMER) timestamp=13106 ms, used_size=3012608 bytes (7.4%)
(RDMA_READ_CONSUME_CHECK_CONSUMER) timestamp=13106 ms, used_size=3010560 bytes (7.3%)
(RDMA_READ_CONSUME_CHECK_CONSUMER) timestamp=13106 ms, used_size=3008512 bytes (7.3%)
(RDMA_READ_CONSUME_CHECK_CONSUMER) timestamp=13106 ms, used_size=3006464 bytes (7.3%)
(RDMA_READ_CONSUME_CHECK_CONSUMER) timestamp=13106 ms, used_size=3004416 bytes (7.3%)
(RDMA_READ_CONSUME_CHECK_CONSUMER) timestamp=13106 ms, used_size=3002368 bytes (7.3%)
(RDMA_READ_CONSUME_CHECK_CONSUMER) timestamp=13106 ms, used_size=3000320 bytes (7.3%)
(RDMA_READ_CONSUME_CHECK_CONSUMER) timestamp=13106 ms, used_size=2998272 bytes (7.3%)
(RDMA_READ_CONSUME_CHECK_CONSUMER) timestamp=13106 ms, used_size=2996224 bytes (7.3%)
(RDMA_READ_CONSUME_CHECK_CONSUMER) timestamp=13106 ms, used_size=2994176 bytes (7.3%)
(RDMA_READ_CONSUME_CHECK_CONSUMER) timestamp=13106 ms, used_size=2992128 bytes (7.3%)
(RDMA_READ_CONSUME_CHECK_CONSUMER) timestamp=13106 ms, used_size=2990080 bytes (7.3%)
(RDMA_READ_CONSUME_CHECK_CONSUMER) timestamp=13106 ms, used_size=2988032 bytes (7.3%)
(RDMA_READ_CONSUME_CHECK_CONSUMER) timestamp=13106 ms, used_size=2985984 bytes (7.3%)
(RDMA_READ_CONSUME_CHECK_CONSUMER) timestamp=13106 ms, used_size=2983936 bytes (7.3%)
(RDMA_READ_CONSUME_CHECK_CONSUMER) timestamp=13106 ms, used_size=2981888 bytes (7.3%)
(RDMA_READ_CONSUME_CHECK_CONSUMER) timestamp=13106 ms, used_size=2979840 bytes (7.3%)
(RDMA_READ_CONSUME_CHECK_CONSUMER) timestamp=13106 ms, used_size=2977792 bytes (7.3%)
(RDMA_READ_CONSUME_CHECK_CONSUMER) timestamp=13106 ms, used_size=2975744 bytes (7.3%)
(RDMA_READ_CONSUME_CHECK_CONSUMER) timestamp=13106 ms, used_size=2973696 bytes (7.3%)
(RDMA_READ_CONSUME_CHECK_CONSUMER) timestamp=13106 ms, used_size=2971648 bytes (7.3%)
(RDMA_READ_CONSUME_CHECK_CONSUMER) timestamp=13106 ms, used_size=2969600 bytes (7.2%)
(RDMA_READ_CONSUME_CHECK_CONSUMER) timestamp=13106 ms, used_size=2967552 bytes (7.2%)
(RDMA_READ_CONSUME_CHECK_CONSUMER) timestamp=13106 ms, used_size=2965504 bytes (7.2%)
(RDMA_READ_CONSUME_CHECK_CONSUMER) timestamp=13106 ms, used_size=2963456 bytes (7.2%)
(RDMA_READ_CONSUME_CHECK_CONSUMER) timestamp=13106 ms, used_size=2961408 bytes (7.2%)
(RDMA_READ_CONSUME_CHECK_CONSUMER) timestamp=13106 ms, used_size=2959360 bytes (7.2%)
(RDMA_READ_CONSUME_CHECK_CONSUMER) timestamp=13106 ms, used_size=2957312 bytes (7.2%)
(RDMA_READ_CONSUME_CHECK_CONSUMER) timestamp=13106 ms, used_size=2955264 bytes (7.2%)
(RDMA_READ_CONSUME_CHECK_CONSUMER) timestamp=13106 ms, used_size=2953216 bytes (7.2%)
(RDMA_READ_CONSUME_CHECK_CONSUMER) timestamp=13106 ms, used_size=2951168 bytes (7.2%)
(RDMA_READ_CONSUME_CHECK_CONSUMER) timestamp=13106 ms, used_size=2949120 bytes (7.2%)
(RDMA_READ_CONSUME_CHECK_CONSUMER) timestamp=13106 ms, used_size=2947072 bytes (7.2%)
(RDMA_READ_CONSUME_CHECK_CONSUMER) timestamp=13106 ms, used_size=2945024 bytes (7.2%)
(RDMA_READ_CONSUME_CHECK_CONSUMER) timestamp=13106 ms, used_size=2942976 bytes (7.2%)
(RDMA_READ_CONSUME_CHECK_CONSUMER) timestamp=13106 ms, used_size=2940928 bytes (7.2%)
(RDMA_READ_CONSUME_CHECK_CONSUMER) timestamp=13106 ms, used_size=2938880 bytes (7.2%)
(RDMA_READ_CONSUME_CHECK_CONSUMER) timestamp=13106 ms, used_size=2936832 bytes (7.2%)
(RDMA_READ_CONSUME_CHECK_CONSUMER) timestamp=13107 ms, used_size=2934784 bytes (7.2%)
(RDMA_READ_CONSUME_CHECK_CONSUMER) timestamp=13107 ms, used_size=2932736 bytes (7.2%)
(RDMA_READ_CONSUME_CHECK_CONSUMER) timestamp=13107 ms, used_size=2930688 bytes (7.2%)
(RDMA_READ_CONSUME_CHECK_CONSUMER) timestamp=13107 ms, used_size=2928640 bytes (7.2%)
(RDMA_READ_CONSUME_CHECK_CONSUMER) timestamp=13107 ms, used_size=2926592 bytes (7.1%)
(RDMA_READ_CONSUME_CHECK_CONSUMER) timestamp=13107 ms, used_size=2924544 bytes (7.1%)
(RDMA_READ_CONSUME_CHECK_CONSUMER) timestamp=13107 ms, used_size=2922496 bytes (7.1%)
(RDMA_READ_CONSUME_CHECK_CONSUMER) timestamp=13107 ms, used_size=2920448 bytes (7.1%)
(RDMA_READ_CONSUME_CHECK_CONSUMER) timestamp=13107 ms, used_size=2918400 bytes (7.1%)
(RDMA_READ_CONSUME_CHECK_CONSUMER) timestamp=13107 ms, used_size=2916352 bytes (7.1%)
(RDMA_READ_CONSUME_CHECK_CONSUMER) timestamp=13107 ms, used_size=2914304 bytes (7.1%)
(RDMA_READ_CONSUME_CHECK_CONSUMER) timestamp=13107 ms, used_size=2912256 bytes (7.1%)
(RDMA_READ_CONSUME_CHECK_CONSUMER) timestamp=13107 ms, used_size=2910208 bytes (7.1%)
(RDMA_READ_CONSUME_CHECK_CONSUMER) timestamp=13107 ms, used_size=2908160 bytes (7.1%)
(RDMA_READ_CONSUME_CHECK_CONSUMER) timestamp=13107 ms, used_size=2906112 bytes (7.1%)
(RDMA_READ_CONSUME_CHECK_CONSUMER) timestamp=13107 ms, used_size=2904064 bytes (7.1%)
(RDMA_READ_CONSUME_CHECK_CONSUMER) timestamp=13107 ms, used_size=2902016 bytes (7.1%)
(RDMA_READ_CONSUME_CHECK_CONSUMER) timestamp=13107 ms, used_size=2899968 bytes (7.1%)
(RDMA_READ_CONSUME_CHECK_CONSUMER) timestamp=13107 ms, used_size=2897920 bytes (7.1%)
(RDMA_READ_CONSUME_CHECK_CONSUMER) timestamp=13107 ms, used_size=2895872 bytes (7.1%)
(RDMA_READ_CONSUME_CHECK_CONSUMER) timestamp=13107 ms, used_size=2893824 bytes (7.1%)
(RDMA_READ_CONSUME_CHECK_CONSUMER) timestamp=13107 ms, used_size=2891776 bytes (7.1%)
(RDMA_READ_CONSUME_CHECK_CONSUMER) timestamp=13107 ms, used_size=2889728 bytes (7.1%)
(RDMA_READ_CONSUME_CHECK_CONSUMER) timestamp=13107 ms, used_size=2887680 bytes (7.0%)
(RDMA_READ_CONSUME_CHECK_CONSUMER) timestamp=13107 ms, used_size=2885632 bytes (7.0%)
(RDMA_READ_CONSUME_CHECK_CONSUMER) timestamp=13107 ms, used_size=2883584 bytes (7.0%)
(RDMA_READ_CONSUME_CHECK_CONSUMER) timestamp=13107 ms, used_size=2881536 bytes (7.0%)
(RDMA_READ_CONSUME_CHECK_CONSUMER) timestamp=13107 ms, used_size=2879488 bytes (7.0%)
(RDMA_READ_CONSUME_CHECK_CONSUMER) timestamp=13107 ms, used_size=2877440 bytes (7.0%)
(RDMA_READ_CONSUME_CHECK_CONSUMER) timestamp=13107 ms, used_size=2875392 bytes (7.0%)
(RDMA_READ_CONSUME_CHECK_CONSUMER) timestamp=13107 ms, used_size=2873344 bytes (7.0%)
(RDMA_READ_CONSUME_CHECK_CONSUMER) timestamp=13107 ms, used_size=2871296 bytes (7.0%)
(RDMA_READ_CONSUME_CHECK_CONSUMER) timestamp=13107 ms, used_size=2869248 bytes (7.0%)
(RDMA_READ_CONSUME_CHECK_CONSUMER) timestamp=13107 ms, used_size=2867200 bytes (7.0%)
(RDMA_READ_CONSUME_CHECK_CONSUMER) timestamp=13107 ms, used_size=2865152 bytes (7.0%)
(RDMA_READ_CONSUME_CHECK_CONSUMER) timestamp=13107 ms, used_size=2863104 bytes (7.0%)
(RDMA_READ_CONSUME_CHECK_CONSUMER) timestamp=13107 ms, used_size=2861056 bytes (7.0%)
(RDMA_READ_CONSUME_CHECK_CONSUMER) timestamp=13107 ms, used_size=2859008 bytes (7.0%)
(RDMA_READ_CONSUME_CHECK_CONSUMER) timestamp=13107 ms, used_size=2856960 bytes (7.0%)
(RDMA_READ_CONSUME_CHECK_CONSUMER) timestamp=13107 ms, used_size=2854912 bytes (7.0%)
(RDMA_READ_CONSUME_CHECK_CONSUMER) timestamp=13107 ms, used_size=2852864 bytes (7.0%)
(RDMA_READ_CONSUME_CHECK_CONSUMER) timestamp=13107 ms, used_size=2850816 bytes (7.0%)
(RDMA_READ_CONSUME_CHECK_CONSUMER) timestamp=13107 ms, used_size=2848768 bytes (7.0%)
(RDMA_READ_CONSUME_CHECK_CONSUMER) timestamp=13107 ms, used_size=2846720 bytes (7.0%)
(RDMA_READ_CONSUME_CHECK_CONSUMER) timestamp=13107 ms, used_size=2844672 bytes (6.9%)
(RDMA_READ_CONSUME_CHECK_CONSUMER) timestamp=13107 ms, used_size=2842624 bytes (6.9%)
(RDMA_READ_CONSUME_CHECK_CONSUMER) timestamp=13107 ms, used_size=2840576 bytes (6.9%)
(RDMA_READ_CONSUME_CHECK_CONSUMER) timestamp=13107 ms, used_size=2838528 bytes (6.9%)
(RDMA_READ_CONSUME_CHECK_CONSUMER) timestamp=13107 ms, used_size=2836480 bytes (6.9%)
(RDMA_READ_CONSUME_CHECK_CONSUMER) timestamp=13107 ms, used_size=2834432 bytes (6.9%)
(RDMA_READ_CONSUME_CHECK_CONSUMER) timestamp=13107 ms, used_size=2832384 bytes (6.9%)
(RDMA_READ_CONSUME_CHECK_CONSUMER) timestamp=13107 ms, used_size=2830336 bytes (6.9%)
(RDMA_READ_CONSUME_CHECK_CONSUMER) timestamp=13107 ms, used_size=2828288 bytes (6.9%)
(RDMA_READ_CONSUME_CHECK_CONSUMER) timestamp=13107 ms, used_size=2826240 bytes (6.9%)
(RDMA_READ_CONSUME_CHECK_CONSUMER) timestamp=13107 ms, used_size=2824192 bytes (6.9%)
(RDMA_READ_CONSUME_CHECK_CONSUMER) timestamp=13107 ms, used_size=2822144 bytes (6.9%)
(RDMA_READ_CONSUME_CHECK_CONSUMER) timestamp=13107 ms, used_size=2820096 bytes (6.9%)
(RDMA_READ_CONSUME_CHECK_CONSUMER) timestamp=13107 ms, used_size=2818048 bytes (6.9%)
(RDMA_READ_CONSUME_CHECK_CONSUMER) timestamp=13107 ms, used_size=2816000 bytes (6.9%)
(RDMA_READ_CONSUME_CHECK_CONSUMER) timestamp=13107 ms, used_size=2813952 bytes (6.9%)
(RDMA_READ_CONSUME_CHECK_CONSUMER) timestamp=13107 ms, used_size=2811904 bytes (6.9%)
(RDMA_READ_CONSUME_CHECK_CONSUMER) timestamp=13107 ms, used_size=2809856 bytes (6.9%)
(RDMA_READ_CONSUME_CHECK_CONSUMER) timestamp=13107 ms, used_size=2807808 bytes (6.9%)
(RDMA_READ_CONSUME_CHECK_CONSUMER) timestamp=13107 ms, used_size=2805760 bytes (6.8%)
(RDMA_READ_CONSUME_CHECK_CONSUMER) timestamp=13107 ms, used_size=2803712 bytes (6.8%)
(RDMA_READ_CONSUME_CHECK_CONSUMER) timestamp=13107 ms, used_size=2801664 bytes (6.8%)
(RDMA_READ_CONSUME_CHECK_CONSUMER) timestamp=13107 ms, used_size=2799616 bytes (6.8%)
(RDMA_READ_CONSUME_CHECK_CONSUMER) timestamp=13107 ms, used_size=2797568 bytes (6.8%)
(RDMA_READ_CONSUME_CHECK_CONSUMER) timestamp=13107 ms, used_size=2795520 bytes (6.8%)
(RDMA_READ_CONSUME_CHECK_CONSUMER) timestamp=13107 ms, used_size=2793472 bytes (6.8%)
(RDMA_READ_CONSUME_CHECK_CONSUMER) timestamp=13107 ms, used_size=2791424 bytes (6.8%)
(RDMA_READ_CONSUME_CHECK_CONSUMER) timestamp=13107 ms, used_size=2789376 bytes (6.8%)
(RDMA_READ_CONSUME_CHECK_CONSUMER) timestamp=13107 ms, used_size=2787328 bytes (6.8%)
(RDMA_READ_CONSUME_CHECK_CONSUMER) timestamp=13107 ms, used_size=2785280 bytes (6.8%)
(RDMA_READ_CONSUME_CHECK_CONSUMER) timestamp=13107 ms, used_size=2783232 bytes (6.8%)
(RDMA_READ_CONSUME_CHECK_CONSUMER) timestamp=13107 ms, used_size=2781184 bytes (6.8%)
(RDMA_READ_CONSUME_CHECK_CONSUMER) timestamp=13107 ms, used_size=2779136 bytes (6.8%)
(RDMA_READ_CONSUME_CHECK_CONSUMER) timestamp=13107 ms, used_size=2777088 bytes (6.8%)
(RDMA_READ_CONSUME_CHECK_CONSUMER) timestamp=13107 ms, used_size=2775040 bytes (6.8%)
(RDMA_READ_CONSUME_CHECK_CONSUMER) timestamp=13107 ms, used_size=2772992 bytes (6.8%)
(RDMA_READ_CONSUME_CHECK_CONSUMER) timestamp=13107 ms, used_size=2770944 bytes (6.8%)
(RDMA_READ_CONSUME_CHECK_CONSUMER) timestamp=13107 ms, used_size=2768896 bytes (6.8%)
(RDMA_READ_CONSUME_CHECK_CONSUMER) timestamp=13107 ms, used_size=2766848 bytes (6.8%)
(RDMA_READ_CONSUME_CHECK_CONSUMER) timestamp=13107 ms, used_size=2764800 bytes (6.8%)
(RDMA_READ_CONSUME_CHECK_CONSUMER) timestamp=13107 ms, used_size=2762752 bytes (6.7%)
(RDMA_READ_CONSUME_CHECK_CONSUMER) timestamp=13107 ms, used_size=2760704 bytes (6.7%)
(RDMA_READ_CONSUME_CHECK_CONSUMER) timestamp=13107 ms, used_size=2758656 bytes (6.7%)
(RDMA_READ_CONSUME_CHECK_CONSUMER) timestamp=13107 ms, used_size=2756608 bytes (6.7%)
(RDMA_READ_CONSUME_CHECK_CONSUMER) timestamp=13107 ms, used_size=2754560 bytes (6.7%)
(RDMA_READ_CONSUME_CHECK_CONSUMER) timestamp=13107 ms, used_size=2752512 bytes (6.7%)
(RDMA_READ_CONSUME_CHECK_CONSUMER) timestamp=13107 ms, used_size=2750464 bytes (6.7%)
(RDMA_READ_CONSUME_CHECK_CONSUMER) timestamp=13107 ms, used_size=2748416 bytes (6.7%)
(RDMA_READ_CONSUME_CHECK_CONSUMER) timestamp=13107 ms, used_size=2746368 bytes (6.7%)
(RDMA_READ_CONSUME_CHECK_CONSUMER) timestamp=13107 ms, used_size=2744320 bytes (6.7%)
(RDMA_READ_CONSUME_CHECK_CONSUMER) timestamp=13107 ms, used_size=2742272 bytes (6.7%)
(RDMA_READ_CONSUME_CHECK_CONSUMER) timestamp=13107 ms, used_size=2740224 bytes (6.7%)
(RDMA_READ_CONSUME_CHECK_CONSUMER) timestamp=13107 ms, used_size=2738176 bytes (6.7%)
(RDMA_READ_CONSUME_CHECK_CONSUMER) timestamp=13107 ms, used_size=2736128 bytes (6.7%)
(RDMA_READ_CONSUME_CHECK_CONSUMER) timestamp=13107 ms, used_size=2734080 bytes (6.7%)
(RDMA_READ_CONSUME_CHECK_CONSUMER) timestamp=13107 ms, used_size=2732032 bytes (6.7%)
(RDMA_READ_CONSUME_CHECK_CONSUMER) timestamp=13107 ms, used_size=2729984 bytes (6.7%)
(RDMA_READ_CONSUME_CHECK_CONSUMER) timestamp=13107 ms, used_size=2727936 bytes (6.7%)
(RDMA_READ_CONSUME_CHECK_CONSUMER) timestamp=13107 ms, used_size=2725888 bytes (6.7%)
(RDMA_READ_CONSUME_CHECK_CONSUMER) timestamp=13107 ms, used_size=2723840 bytes (6.7%)
(RDMA_READ_CONSUME_CHECK_CONSUMER) timestamp=13107 ms, used_size=2721792 bytes (6.6%)
(RDMA_READ_CONSUME_CHECK_CONSUMER) timestamp=13107 ms, used_size=2719744 bytes (6.6%)
(RDMA_READ_CONSUME_CHECK_CONSUMER) timestamp=13107 ms, used_size=2717696 bytes (6.6%)
(RDMA_READ_CONSUME_CHECK_CONSUMER) timestamp=13107 ms, used_size=2715648 bytes (6.6%)
(RDMA_READ_CONSUME_CHECK_CONSUMER) timestamp=13107 ms, used_size=2713600 bytes (6.6%)
(RDMA_READ_CONSUME_CHECK_CONSUMER) timestamp=13107 ms, used_size=2711552 bytes (6.6%)
(RDMA_READ_CONSUME_CHECK_CONSUMER) timestamp=13107 ms, used_size=2709504 bytes (6.6%)
(RDMA_READ_CONSUME_CHECK_CONSUMER) timestamp=13107 ms, used_size=2707456 bytes (6.6%)
(RDMA_READ_CONSUME_CHECK_CONSUMER) timestamp=13107 ms, used_size=2705408 bytes (6.6%)
(RDMA_READ_CONSUME_CHECK_CONSUMER) timestamp=13107 ms, used_size=2703360 bytes (6.6%)
(RDMA_READ_CONSUME_CHECK_CONSUMER) timestamp=13107 ms, used_size=2701312 bytes (6.6%)
(RDMA_READ_CONSUME_CHECK_CONSUMER) timestamp=13107 ms, used_size=2699264 bytes (6.6%)
(RDMA_READ_CONSUME_CHECK_CONSUMER) timestamp=13107 ms, used_size=2697216 bytes (6.6%)
(RDMA_READ_CONSUME_CHECK_CONSUMER) timestamp=13107 ms, used_size=2695168 bytes (6.6%)
(RDMA_READ_CONSUME_CHECK_CONSUMER) timestamp=13107 ms, used_size=2693120 bytes (6.6%)
(RDMA_READ_CONSUME_CHECK_CONSUMER) timestamp=13107 ms, used_size=2691072 bytes (6.6%)
(RDMA_READ_CONSUME_CHECK_CONSUMER) timestamp=13107 ms, used_size=2689024 bytes (6.6%)
(RDMA_READ_CONSUME_CHECK_CONSUMER) timestamp=13107 ms, used_size=2686976 bytes (6.6%)
(RDMA_READ_CONSUME_CHECK_CONSUMER) timestamp=13107 ms, used_size=2684928 bytes (6.6%)
(RDMA_READ_CONSUME_CHECK_CONSUMER) timestamp=13107 ms, used_size=2682880 bytes (6.5%)
(RDMA_READ_CONSUME_CHECK_CONSUMER) timestamp=13107 ms, used_size=2680832 bytes (6.5%)
(RDMA_READ_CONSUME_CHECK_CONSUMER) timestamp=13107 ms, used_size=2678784 bytes (6.5%)
(RDMA_READ_CONSUME_CHECK_CONSUMER) timestamp=13107 ms, used_size=2676736 bytes (6.5%)
(RDMA_READ_CONSUME_CHECK_CONSUMER) timestamp=13107 ms, used_size=2674688 bytes (6.5%)
(RDMA_READ_CONSUME_CHECK_CONSUMER) timestamp=13107 ms, used_size=2672640 bytes (6.5%)
(RDMA_READ_CONSUME_CHECK_CONSUMER) timestamp=13107 ms, used_size=2670592 bytes (6.5%)
(RDMA_READ_CONSUME_CHECK_CONSUMER) timestamp=13107 ms, used_size=2668544 bytes (6.5%)
(RDMA_READ_CONSUME_CHECK_CONSUMER) timestamp=13107 ms, used_size=2666496 bytes (6.5%)
(RDMA_READ_CONSUME_CHECK_CONSUMER) timestamp=13107 ms, used_size=2664448 bytes (6.5%)
(RDMA_READ_CONSUME_CHECK_CONSUMER) timestamp=13107 ms, used_size=2662400 bytes (6.5%)
(RDMA_READ_CONSUME_CHECK_CONSUMER) timestamp=13107 ms, used_size=2660352 bytes (6.5%)
(RDMA_READ_CONSUME_CHECK_CONSUMER) timestamp=13107 ms, used_size=2658304 bytes (6.5%)
(RDMA_READ_CONSUME_CHECK_CONSUMER) timestamp=13107 ms, used_size=2656256 bytes (6.5%)
(RDMA_READ_CONSUME_CHECK_CONSUMER) timestamp=13107 ms, used_size=2654208 bytes (6.5%)
(RDMA_READ_CONSUME_CHECK_CONSUMER) timestamp=13107 ms, used_size=2652160 bytes (6.5%)
(RDMA_READ_CONSUME_CHECK_CONSUMER) timestamp=13107 ms, used_size=2650112 bytes (6.5%)
(RDMA_READ_CONSUME_CHECK_CONSUMER) timestamp=13107 ms, used_size=2648064 bytes (6.5%)
(RDMA_READ_CONSUME_CHECK_CONSUMER) timestamp=13107 ms, used_size=2646016 bytes (6.5%)
(RDMA_READ_CONSUME_CHECK_CONSUMER) timestamp=13107 ms, used_size=2643968 bytes (6.5%)
(RDMA_READ_CONSUME_CHECK_CONSUMER) timestamp=13107 ms, used_size=2641920 bytes (6.5%)
(RDMA_READ_CONSUME_CHECK_CONSUMER) timestamp=13107 ms, used_size=2639872 bytes (6.4%)
(RDMA_READ_CONSUME_CHECK_CONSUMER) timestamp=13107 ms, used_size=2637824 bytes (6.4%)
(RDMA_READ_CONSUME_CHECK_CONSUMER) timestamp=13107 ms, used_size=2635776 bytes (6.4%)
(RDMA_READ_CONSUME_CHECK_CONSUMER) timestamp=13107 ms, used_size=2633728 bytes (6.4%)
(RDMA_READ_CONSUME_CHECK_CONSUMER) timestamp=13107 ms, used_size=2631680 bytes (6.4%)
(RDMA_READ_CONSUME_CHECK_CONSUMER) timestamp=13107 ms, used_size=2629632 bytes (6.4%)
(RDMA_READ_CONSUME_CHECK_CONSUMER) timestamp=13107 ms, used_size=2627584 bytes (6.4%)
(RDMA_READ_CONSUME_CHECK_CONSUMER) timestamp=13107 ms, used_size=2625536 bytes (6.4%)
(RDMA_READ_CONSUME_CHECK_CONSUMER) timestamp=13107 ms, used_size=2623488 bytes (6.4%)
(RDMA_READ_CONSUME_CHECK_CONSUMER) timestamp=13107 ms, used_size=2621440 bytes (6.4%)
(RDMA_READ_CONSUME_CHECK_CONSUMER) timestamp=13107 ms, used_size=2619392 bytes (6.4%)
(RDMA_READ_CONSUME_CHECK_CONSUMER) timestamp=13107 ms, used_size=2617344 bytes (6.4%)
(RDMA_READ_CONSUME_CHECK_CONSUMER) timestamp=13107 ms, used_size=2615296 bytes (6.4%)
(RDMA_READ_CONSUME_CHECK_CONSUMER) timestamp=13107 ms, used_size=2613248 bytes (6.4%)
(RDMA_READ_CONSUME_CHECK_CONSUMER) timestamp=13107 ms, used_size=2611200 bytes (6.4%)
(RDMA_READ_CONSUME_CHECK_CONSUMER) timestamp=13107 ms, used_size=2609152 bytes (6.4%)
(RDMA_READ_CONSUME_CHECK_CONSUMER) timestamp=13107 ms, used_size=2607104 bytes (6.4%)
(RDMA_READ_CONSUME_CHECK_CONSUMER) timestamp=13107 ms, used_size=2605056 bytes (6.4%)
(RDMA_READ_CONSUME_CHECK_CONSUMER) timestamp=13107 ms, used_size=2603008 bytes (6.4%)
(RDMA_READ_CONSUME_CHECK_CONSUMER) timestamp=13107 ms, used_size=2600960 bytes (6.3%)
(RDMA_READ_CONSUME_CHECK_CONSUMER) timestamp=13107 ms, used_size=2598912 bytes (6.3%)
(RDMA_READ_CONSUME_CHECK_CONSUMER) timestamp=13107 ms, used_size=2596864 bytes (6.3%)
(RDMA_READ_CONSUME_CHECK_CONSUMER) timestamp=13107 ms, used_size=2594816 bytes (6.3%)
(RDMA_READ_CONSUME_CHECK_CONSUMER) timestamp=13107 ms, used_size=2592768 bytes (6.3%)
(RDMA_READ_CONSUME_CHECK_CONSUMER) timestamp=13107 ms, used_size=2590720 bytes (6.3%)
(RDMA_READ_CONSUME_CHECK_CONSUMER) timestamp=13107 ms, used_size=2588672 bytes (6.3%)
(RDMA_READ_CONSUME_CHECK_CONSUMER) timestamp=13107 ms, used_size=2586624 bytes (6.3%)
(RDMA_READ_CONSUME_CHECK_CONSUMER) timestamp=13107 ms, used_size=2584576 bytes (6.3%)
(RDMA_READ_CONSUME_CHECK_CONSUMER) timestamp=13108 ms, used_size=2582528 bytes (6.3%)
(RDMA_READ_CONSUME_CHECK_CONSUMER) timestamp=13108 ms, used_size=2580480 bytes (6.3%)
(RDMA_READ_CONSUME_CHECK_CONSUMER) timestamp=13108 ms, used_size=2578432 bytes (6.3%)
(RDMA_READ_CONSUME_CHECK_CONSUMER) timestamp=13108 ms, used_size=2576384 bytes (6.3%)
(RDMA_READ_CONSUME_CHECK_CONSUMER) timestamp=13108 ms, used_size=2574336 bytes (6.3%)
(RDMA_READ_CONSUME_CHECK_CONSUMER) timestamp=13108 ms, used_size=2572288 bytes (6.3%)
(RDMA_READ_CONSUME_CHECK_CONSUMER) timestamp=13108 ms, used_size=2570240 bytes (6.3%)
(RDMA_READ_CONSUME_CHECK_CONSUMER) timestamp=13108 ms, used_size=2568192 bytes (6.3%)
(RDMA_READ_CONSUME_CHECK_CONSUMER) timestamp=13108 ms, used_size=2566144 bytes (6.3%)
(RDMA_READ_CONSUME_CHECK_CONSUMER) timestamp=13108 ms, used_size=2564096 bytes (6.3%)
(RDMA_READ_CONSUME_CHECK_CONSUMER) timestamp=13108 ms, used_size=2562048 bytes (6.3%)
(RDMA_READ_CONSUME_CHECK_CONSUMER) timestamp=13108 ms, used_size=2560000 bytes (6.2%)
(RDMA_READ_CONSUME_CHECK_CONSUMER) timestamp=13108 ms, used_size=2557952 bytes (6.2%)
(RDMA_READ_CONSUME_CHECK_CONSUMER) timestamp=13108 ms, used_size=2555904 bytes (6.2%)
(RDMA_READ_CONSUME_CHECK_CONSUMER) timestamp=13108 ms, used_size=2553856 bytes (6.2%)
(RDMA_READ_CONSUME_CHECK_CONSUMER) timestamp=13108 ms, used_size=2551808 bytes (6.2%)
(RDMA_READ_CONSUME_CHECK_CONSUMER) timestamp=13108 ms, used_size=2549760 bytes (6.2%)
(RDMA_READ_CONSUME_CHECK_CONSUMER) timestamp=13108 ms, used_size=2547712 bytes (6.2%)
(RDMA_READ_CONSUME_CHECK_CONSUMER) timestamp=13108 ms, used_size=2545664 bytes (6.2%)
(RDMA_READ_CONSUME_CHECK_CONSUMER) timestamp=13108 ms, used_size=2543616 bytes (6.2%)
(RDMA_READ_CONSUME_CHECK_CONSUMER) timestamp=13108 ms, used_size=2541568 bytes (6.2%)
(RDMA_READ_CONSUME_CHECK_CONSUMER) timestamp=13108 ms, used_size=2539520 bytes (6.2%)
(RDMA_READ_CONSUME_CHECK_CONSUMER) timestamp=13108 ms, used_size=2537472 bytes (6.2%)
(RDMA_READ_CONSUME_CHECK_CONSUMER) timestamp=13108 ms, used_size=2535424 bytes (6.2%)
(RDMA_READ_CONSUME_CHECK_CONSUMER) timestamp=13108 ms, used_size=2533376 bytes (6.2%)
(RDMA_READ_CONSUME_CHECK_CONSUMER) timestamp=13108 ms, used_size=2531328 bytes (6.2%)
(RDMA_READ_CONSUME_CHECK_CONSUMER) timestamp=13108 ms, used_size=2529280 bytes (6.2%)
(RDMA_READ_CONSUME_CHECK_CONSUMER) timestamp=13108 ms, used_size=2527232 bytes (6.2%)
(RDMA_READ_CONSUME_CHECK_CONSUMER) timestamp=13108 ms, used_size=2525184 bytes (6.2%)
(RDMA_READ_CONSUME_CHECK_CONSUMER) timestamp=13108 ms, used_size=2523136 bytes (6.2%)
(RDMA_READ_CONSUME_CHECK_CONSUMER) timestamp=13108 ms, used_size=2521088 bytes (6.2%)
(RDMA_READ_CONSUME_CHECK_CONSUMER) timestamp=13108 ms, used_size=2519040 bytes (6.2%)
(RDMA_READ_CONSUME_CHECK_CONSUMER) timestamp=13108 ms, used_size=2516992 bytes (6.1%)
(RDMA_READ_CONSUME_CHECK_CONSUMER) timestamp=13108 ms, used_size=2514944 bytes (6.1%)
(RDMA_READ_CONSUME_CHECK_CONSUMER) timestamp=13108 ms, used_size=2512896 bytes (6.1%)
(RDMA_READ_CONSUME_CHECK_CONSUMER) timestamp=13108 ms, used_size=2510848 bytes (6.1%)
(RDMA_READ_CONSUME_CHECK_CONSUMER) timestamp=13108 ms, used_size=2508800 bytes (6.1%)
(RDMA_READ_CONSUME_CHECK_CONSUMER) timestamp=13108 ms, used_size=2506752 bytes (6.1%)
(RDMA_READ_CONSUME_CHECK_CONSUMER) timestamp=13108 ms, used_size=2504704 bytes (6.1%)
(RDMA_READ_CONSUME_CHECK_CONSUMER) timestamp=13108 ms, used_size=2502656 bytes (6.1%)
(RDMA_READ_CONSUME_CHECK_CONSUMER) timestamp=13108 ms, used_size=2500608 bytes (6.1%)
(RDMA_READ_CONSUME_CHECK_CONSUMER) timestamp=13108 ms, used_size=2498560 bytes (6.1%)
(RDMA_READ_CONSUME_CHECK_CONSUMER) timestamp=13108 ms, used_size=2496512 bytes (6.1%)
(RDMA_READ_CONSUME_CHECK_CONSUMER) timestamp=13108 ms, used_size=2494464 bytes (6.1%)
(RDMA_READ_CONSUME_CHECK_CONSUMER) timestamp=13108 ms, used_size=2492416 bytes (6.1%)
(RDMA_READ_CONSUME_CHECK_CONSUMER) timestamp=13108 ms, used_size=2490368 bytes (6.1%)
(RDMA_READ_CONSUME_CHECK_CONSUMER) timestamp=13108 ms, used_size=2488320 bytes (6.1%)
(RDMA_READ_CONSUME_CHECK_CONSUMER) timestamp=13108 ms, used_size=2486272 bytes (6.1%)
(RDMA_READ_CONSUME_CHECK_CONSUMER) timestamp=13108 ms, used_size=2484224 bytes (6.1%)
(RDMA_READ_CONSUME_CHECK_CONSUMER) timestamp=13108 ms, used_size=2482176 bytes (6.1%)
(RDMA_READ_CONSUME_CHECK_CONSUMER) timestamp=13108 ms, used_size=2480128 bytes (6.1%)
(RDMA_READ_CONSUME_CHECK_CONSUMER) timestamp=13108 ms, used_size=2478080 bytes (6.0%)
(RDMA_READ_CONSUME_CHECK_CONSUMER) timestamp=13108 ms, used_size=2476032 bytes (6.0%)
(RDMA_READ_CONSUME_CHECK_CONSUMER) timestamp=13108 ms, used_size=2473984 bytes (6.0%)
(RDMA_READ_CONSUME_CHECK_CONSUMER) timestamp=13108 ms, used_size=2471936 bytes (6.0%)
(RDMA_READ_CONSUME_CHECK_CONSUMER) timestamp=13108 ms, used_size=2469888 bytes (6.0%)
(RDMA_READ_CONSUME_CHECK_CONSUMER) timestamp=13108 ms, used_size=2467840 bytes (6.0%)
(RDMA_READ_CONSUME_CHECK_CONSUMER) timestamp=13108 ms, used_size=2465792 bytes (6.0%)
(RDMA_READ_CONSUME_CHECK_CONSUMER) timestamp=13108 ms, used_size=2463744 bytes (6.0%)
(RDMA_READ_CONSUME_CHECK_CONSUMER) timestamp=13108 ms, used_size=2461696 bytes (6.0%)
(RDMA_READ_CONSUME_CHECK_CONSUMER) timestamp=13108 ms, used_size=2459648 bytes (6.0%)
(RDMA_READ_CONSUME_CHECK_CONSUMER) timestamp=13108 ms, used_size=2457600 bytes (6.0%)
(RDMA_READ_CONSUME_CHECK_CONSUMER) timestamp=13108 ms, used_size=2455552 bytes (6.0%)
(RDMA_READ_CONSUME_CHECK_CONSUMER) timestamp=13108 ms, used_size=2453504 bytes (6.0%)
(RDMA_READ_CONSUME_CHECK_CONSUMER) timestamp=13108 ms, used_size=2451456 bytes (6.0%)
(RDMA_READ_CONSUME_CHECK_CONSUMER) timestamp=13108 ms, used_size=2449408 bytes (6.0%)
(RDMA_READ_CONSUME_CHECK_CONSUMER) timestamp=13108 ms, used_size=2447360 bytes (6.0%)
(RDMA_READ_CONSUME_CHECK_CONSUMER) timestamp=13108 ms, used_size=2445312 bytes (6.0%)
(RDMA_READ_CONSUME_CHECK_CONSUMER) timestamp=13108 ms, used_size=2443264 bytes (6.0%)
(RDMA_READ_CONSUME_CHECK_CONSUMER) timestamp=13108 ms, used_size=2441216 bytes (6.0%)
(RDMA_READ_CONSUME_CHECK_CONSUMER) timestamp=13108 ms, used_size=2439168 bytes (6.0%)
(RDMA_READ_CONSUME_CHECK_CONSUMER) timestamp=13108 ms, used_size=2437120 bytes (6.0%)
(RDMA_READ_CONSUME_CHECK_CONSUMER) timestamp=13108 ms, used_size=2435072 bytes (5.9%)
(RDMA_READ_CONSUME_CHECK_CONSUMER) timestamp=13108 ms, used_size=2433024 bytes (5.9%)
(RDMA_READ_CONSUME_CHECK_CONSUMER) timestamp=13108 ms, used_size=2430976 bytes (5.9%)
(RDMA_READ_CONSUME_CHECK_CONSUMER) timestamp=13108 ms, used_size=2428928 bytes (5.9%)
(RDMA_READ_CONSUME_CHECK_CONSUMER) timestamp=13108 ms, used_size=2426880 bytes (5.9%)
(RDMA_READ_CONSUME_CHECK_CONSUMER) timestamp=13108 ms, used_size=2424832 bytes (5.9%)
(RDMA_READ_CONSUME_CHECK_CONSUMER) timestamp=13108 ms, used_size=2422784 bytes (5.9%)
(RDMA_READ_CONSUME_CHECK_CONSUMER) timestamp=13108 ms, used_size=2420736 bytes (5.9%)
(RDMA_READ_CONSUME_CHECK_CONSUMER) timestamp=13108 ms, used_size=2418688 bytes (5.9%)
(RDMA_READ_CONSUME_CHECK_CONSUMER) timestamp=13108 ms, used_size=2416640 bytes (5.9%)
(RDMA_READ_CONSUME_CHECK_CONSUMER) timestamp=13108 ms, used_size=2414592 bytes (5.9%)
(RDMA_READ_CONSUME_CHECK_CONSUMER) timestamp=13108 ms, used_size=2412544 bytes (5.9%)
(RDMA_READ_CONSUME_CHECK_CONSUMER) timestamp=13108 ms, used_size=2410496 bytes (5.9%)
(RDMA_READ_CONSUME_CHECK_CONSUMER) timestamp=13108 ms, used_size=2408448 bytes (5.9%)
(RDMA_READ_CONSUME_CHECK_CONSUMER) timestamp=13108 ms, used_size=2406400 bytes (5.9%)
(RDMA_READ_CONSUME_CHECK_CONSUMER) timestamp=13108 ms, used_size=2404352 bytes (5.9%)
(RDMA_READ_CONSUME_CHECK_CONSUMER) timestamp=13108 ms, used_size=2402304 bytes (5.9%)
(RDMA_READ_CONSUME_CHECK_CONSUMER) timestamp=13108 ms, used_size=2400256 bytes (5.9%)
(RDMA_READ_CONSUME_CHECK_CONSUMER) timestamp=13108 ms, used_size=2398208 bytes (5.9%)
(RDMA_READ_CONSUME_CHECK_CONSUMER) timestamp=13108 ms, used_size=2396160 bytes (5.8%)
(RDMA_READ_CONSUME_CHECK_CONSUMER) timestamp=13108 ms, used_size=2394112 bytes (5.8%)
(RDMA_READ_CONSUME_CHECK_CONSUMER) timestamp=13108 ms, used_size=2392064 bytes (5.8%)
(RDMA_READ_CONSUME_CHECK_CONSUMER) timestamp=13108 ms, used_size=2390016 bytes (5.8%)
(RDMA_READ_CONSUME_CHECK_CONSUMER) timestamp=13108 ms, used_size=2387968 bytes (5.8%)
(RDMA_READ_CONSUME_CHECK_CONSUMER) timestamp=13108 ms, used_size=2385920 bytes (5.8%)
(RDMA_READ_CONSUME_CHECK_CONSUMER) timestamp=13108 ms, used_size=2383872 bytes (5.8%)
(RDMA_READ_CONSUME_CHECK_CONSUMER) timestamp=13108 ms, used_size=2381824 bytes (5.8%)
(RDMA_READ_CONSUME_CHECK_CONSUMER) timestamp=13108 ms, used_size=2379776 bytes (5.8%)
(RDMA_READ_CONSUME_CHECK_CONSUMER) timestamp=13108 ms, used_size=2377728 bytes (5.8%)
(RDMA_READ_CONSUME_CHECK_CONSUMER) timestamp=13108 ms, used_size=2375680 bytes (5.8%)
(RDMA_READ_CONSUME_CHECK_CONSUMER) timestamp=13108 ms, used_size=2373632 bytes (5.8%)
(RDMA_READ_CONSUME_CHECK_CONSUMER) timestamp=13108 ms, used_size=2371584 bytes (5.8%)
(RDMA_READ_CONSUME_CHECK_CONSUMER) timestamp=13108 ms, used_size=2369536 bytes (5.8%)
(RDMA_READ_CONSUME_CHECK_CONSUMER) timestamp=13108 ms, used_size=2367488 bytes (5.8%)
(RDMA_READ_CONSUME_CHECK_CONSUMER) timestamp=13108 ms, used_size=2365440 bytes (5.8%)
(RDMA_READ_CONSUME_CHECK_CONSUMER) timestamp=13108 ms, used_size=2363392 bytes (5.8%)
(RDMA_READ_CONSUME_CHECK_CONSUMER) timestamp=13108 ms, used_size=2361344 bytes (5.8%)
(RDMA_READ_CONSUME_CHECK_CONSUMER) timestamp=13108 ms, used_size=2359296 bytes (5.8%)
(RDMA_READ_CONSUME_CHECK_CONSUMER) timestamp=13108 ms, used_size=2357248 bytes (5.8%)
(RDMA_READ_CONSUME_CHECK_CONSUMER) timestamp=13108 ms, used_size=2355200 bytes (5.8%)
(RDMA_READ_CONSUME_CHECK_CONSUMER) timestamp=13108 ms, used_size=2353152 bytes (5.7%)
(RDMA_READ_CONSUME_CHECK_CONSUMER) timestamp=13108 ms, used_size=2351104 bytes (5.7%)
(RDMA_READ_CONSUME_CHECK_CONSUMER) timestamp=13108 ms, used_size=2349056 bytes (5.7%)
(RDMA_READ_CONSUME_CHECK_CONSUMER) timestamp=13108 ms, used_size=2347008 bytes (5.7%)
(RDMA_READ_CONSUME_CHECK_CONSUMER) timestamp=13108 ms, used_size=2344960 bytes (5.7%)
(RDMA_READ_CONSUME_CHECK_CONSUMER) timestamp=13108 ms, used_size=2342912 bytes (5.7%)
(RDMA_READ_CONSUME_CHECK_CONSUMER) timestamp=13108 ms, used_size=2340864 bytes (5.7%)
(RDMA_READ_CONSUME_CHECK_CONSUMER) timestamp=13108 ms, used_size=2338816 bytes (5.7%)
(RDMA_READ_CONSUME_CHECK_CONSUMER) timestamp=13108 ms, used_size=2336768 bytes (5.7%)
(RDMA_READ_CONSUME_CHECK_CONSUMER) timestamp=13108 ms, used_size=2334720 bytes (5.7%)
(RDMA_READ_CONSUME_CHECK_CONSUMER) timestamp=13108 ms, used_size=2332672 bytes (5.7%)
(RDMA_READ_CONSUME_CHECK_CONSUMER) timestamp=13108 ms, used_size=2330624 bytes (5.7%)
(RDMA_READ_CONSUME_CHECK_CONSUMER) timestamp=13108 ms, used_size=2328576 bytes (5.7%)
(RDMA_READ_CONSUME_CHECK_CONSUMER) timestamp=13108 ms, used_size=2326528 bytes (5.7%)
(RDMA_READ_CONSUME_CHECK_CONSUMER) timestamp=13108 ms, used_size=2324480 bytes (5.7%)
(RDMA_READ_CONSUME_CHECK_CONSUMER) timestamp=13108 ms, used_size=2322432 bytes (5.7%)
(RDMA_READ_CONSUME_CHECK_CONSUMER) timestamp=13108 ms, used_size=2320384 bytes (5.7%)
(RDMA_READ_CONSUME_CHECK_CONSUMER) timestamp=13108 ms, used_size=2318336 bytes (5.7%)
(RDMA_READ_CONSUME_CHECK_CONSUMER) timestamp=13108 ms, used_size=2316288 bytes (5.7%)
(RDMA_READ_CONSUME_CHECK_CONSUMER) timestamp=13108 ms, used_size=2314240 bytes (5.7%)
(RDMA_READ_CONSUME_CHECK_CONSUMER) timestamp=13108 ms, used_size=2312192 bytes (5.6%)
(RDMA_READ_CONSUME_CHECK_CONSUMER) timestamp=13108 ms, used_size=2310144 bytes (5.6%)
(RDMA_READ_CONSUME_CHECK_CONSUMER) timestamp=13108 ms, used_size=2308096 bytes (5.6%)
(RDMA_READ_CONSUME_CHECK_CONSUMER) timestamp=13108 ms, used_size=2306048 bytes (5.6%)
(RDMA_READ_CONSUME_CHECK_CONSUMER) timestamp=13108 ms, used_size=2304000 bytes (5.6%)
(RDMA_READ_CONSUME_CHECK_CONSUMER) timestamp=13108 ms, used_size=2301952 bytes (5.6%)
(RDMA_READ_CONSUME_CHECK_CONSUMER) timestamp=13108 ms, used_size=2299904 bytes (5.6%)
(RDMA_READ_CONSUME_CHECK_CONSUMER) timestamp=13108 ms, used_size=2297856 bytes (5.6%)
(RDMA_READ_CONSUME_CHECK_CONSUMER) timestamp=13108 ms, used_size=2295808 bytes (5.6%)
(RDMA_READ_CONSUME_CHECK_CONSUMER) timestamp=13108 ms, used_size=2293760 bytes (5.6%)
(RDMA_READ_CONSUME_CHECK_CONSUMER) timestamp=13108 ms, used_size=2291712 bytes (5.6%)
(RDMA_READ_CONSUME_CHECK_CONSUMER) timestamp=13108 ms, used_size=2289664 bytes (5.6%)
(RDMA_READ_CONSUME_CHECK_CONSUMER) timestamp=13108 ms, used_size=2287616 bytes (5.6%)
(RDMA_READ_CONSUME_CHECK_CONSUMER) timestamp=13108 ms, used_size=2285568 bytes (5.6%)
(RDMA_READ_CONSUME_CHECK_CONSUMER) timestamp=13108 ms, used_size=2283520 bytes (5.6%)
(RDMA_READ_CONSUME_CHECK_CONSUMER) timestamp=13108 ms, used_size=2281472 bytes (5.6%)
(RDMA_READ_CONSUME_CHECK_CONSUMER) timestamp=13108 ms, used_size=2279424 bytes (5.6%)
(RDMA_READ_CONSUME_CHECK_CONSUMER) timestamp=13108 ms, used_size=2277376 bytes (5.6%)
(RDMA_READ_CONSUME_CHECK_CONSUMER) timestamp=13108 ms, used_size=2275328 bytes (5.6%)
(RDMA_READ_CONSUME_CHECK_CONSUMER) timestamp=13108 ms, used_size=2273280 bytes (5.5%)
(RDMA_READ_CONSUME_CHECK_CONSUMER) timestamp=13108 ms, used_size=2271232 bytes (5.5%)
(RDMA_READ_CONSUME_CHECK_CONSUMER) timestamp=13108 ms, used_size=2269184 bytes (5.5%)
(RDMA_READ_CONSUME_CHECK_CONSUMER) timestamp=13108 ms, used_size=2267136 bytes (5.5%)
(RDMA_READ_CONSUME_CHECK_CONSUMER) timestamp=13108 ms, used_size=2265088 bytes (5.5%)
(RDMA_READ_CONSUME_CHECK_CONSUMER) timestamp=13108 ms, used_size=2263040 bytes (5.5%)
(RDMA_READ_CONSUME_CHECK_CONSUMER) timestamp=13108 ms, used_size=2260992 bytes (5.5%)
(RDMA_READ_CONSUME_CHECK_CONSUMER) timestamp=13108 ms, used_size=2258944 bytes (5.5%)
(RDMA_READ_CONSUME_CHECK_CONSUMER) timestamp=13108 ms, used_size=2256896 bytes (5.5%)
(RDMA_READ_CONSUME_CHECK_CONSUMER) timestamp=13108 ms, used_size=2254848 bytes (5.5%)
(RDMA_READ_CONSUME_CHECK_CONSUMER) timestamp=13108 ms, used_size=2252800 bytes (5.5%)
(RDMA_READ_CONSUME_CHECK_CONSUMER) timestamp=13108 ms, used_size=2250752 bytes (5.5%)
(RDMA_READ_CONSUME_CHECK_CONSUMER) timestamp=13108 ms, used_size=2248704 bytes (5.5%)
(RDMA_READ_CONSUME_CHECK_CONSUMER) timestamp=13108 ms, used_size=2246656 bytes (5.5%)
(RDMA_READ_CONSUME_CHECK_CONSUMER) timestamp=13108 ms, used_size=2244608 bytes (5.5%)
(RDMA_READ_CONSUME_CHECK_CONSUMER) timestamp=13108 ms, used_size=2242560 bytes (5.5%)
(RDMA_READ_CONSUME_CHECK_CONSUMER) timestamp=13108 ms, used_size=2240512 bytes (5.5%)
(RDMA_READ_CONSUME_CHECK_CONSUMER) timestamp=13108 ms, used_size=2238464 bytes (5.5%)
(RDMA_READ_CONSUME_CHECK_CONSUMER) timestamp=13108 ms, used_size=2236416 bytes (5.5%)
(RDMA_READ_CONSUME_CHECK_CONSUMER) timestamp=13108 ms, used_size=2234368 bytes (5.5%)
(RDMA_READ_CONSUME_CHECK_CONSUMER) timestamp=13108 ms, used_size=2232320 bytes (5.5%)
(RDMA_READ_CONSUME_CHECK_CONSUMER) timestamp=13109 ms, used_size=2230272 bytes (5.4%)
(RDMA_READ_CONSUME_CHECK_CONSUMER) timestamp=13109 ms, used_size=2228224 bytes (5.4%)
(RDMA_READ_CONSUME_CHECK_CONSUMER) timestamp=13109 ms, used_size=2226176 bytes (5.4%)
(RDMA_READ_CONSUME_CHECK_CONSUMER) timestamp=13109 ms, used_size=2224128 bytes (5.4%)
(RDMA_READ_CONSUME_CHECK_CONSUMER) timestamp=13109 ms, used_size=2222080 bytes (5.4%)
(RDMA_READ_CONSUME_CHECK_CONSUMER) timestamp=13109 ms, used_size=2220032 bytes (5.4%)
(RDMA_READ_CONSUME_CHECK_CONSUMER) timestamp=13109 ms, used_size=2217984 bytes (5.4%)
(RDMA_READ_CONSUME_CHECK_CONSUMER) timestamp=13109 ms, used_size=2215936 bytes (5.4%)
(RDMA_READ_CONSUME_CHECK_CONSUMER) timestamp=13109 ms, used_size=2213888 bytes (5.4%)
(RDMA_READ_CONSUME_CHECK_CONSUMER) timestamp=13109 ms, used_size=2211840 bytes (5.4%)
(RDMA_READ_CONSUME_CHECK_CONSUMER) timestamp=13109 ms, used_size=2209792 bytes (5.4%)
(RDMA_READ_CONSUME_CHECK_CONSUMER) timestamp=13109 ms, used_size=2207744 bytes (5.4%)
(RDMA_READ_CONSUME_CHECK_CONSUMER) timestamp=13109 ms, used_size=2205696 bytes (5.4%)
(RDMA_READ_CONSUME_CHECK_CONSUMER) timestamp=13109 ms, used_size=2203648 bytes (5.4%)
(RDMA_READ_CONSUME_CHECK_CONSUMER) timestamp=13109 ms, used_size=2201600 bytes (5.4%)
(RDMA_READ_CONSUME_CHECK_CONSUMER) timestamp=13109 ms, used_size=2199552 bytes (5.4%)
(RDMA_READ_CONSUME_CHECK_CONSUMER) timestamp=13109 ms, used_size=2197504 bytes (5.4%)
(RDMA_READ_CONSUME_CHECK_CONSUMER) timestamp=13109 ms, used_size=2195456 bytes (5.4%)
(RDMA_READ_CONSUME_CHECK_CONSUMER) timestamp=13109 ms, used_size=2193408 bytes (5.4%)
(RDMA_READ_CONSUME_CHECK_CONSUMER) timestamp=13109 ms, used_size=2191360 bytes (5.3%)
(RDMA_READ_CONSUME_CHECK_CONSUMER) timestamp=13109 ms, used_size=2189312 bytes (5.3%)
(RDMA_READ_CONSUME_CHECK_CONSUMER) timestamp=13109 ms, used_size=2187264 bytes (5.3%)
(RDMA_READ_CONSUME_CHECK_CONSUMER) timestamp=13109 ms, used_size=2185216 bytes (5.3%)
(RDMA_READ_CONSUME_CHECK_CONSUMER) timestamp=13109 ms, used_size=2183168 bytes (5.3%)
(RDMA_READ_CONSUME_CHECK_CONSUMER) timestamp=13109 ms, used_size=2181120 bytes (5.3%)
(RDMA_READ_CONSUME_CHECK_CONSUMER) timestamp=13109 ms, used_size=2179072 bytes (5.3%)
(RDMA_READ_CONSUME_CHECK_CONSUMER) timestamp=13109 ms, used_size=2177024 bytes (5.3%)
(RDMA_READ_CONSUME_CHECK_CONSUMER) timestamp=13109 ms, used_size=2174976 bytes (5.3%)
(RDMA_READ_CONSUME_CHECK_CONSUMER) timestamp=13109 ms, used_size=2172928 bytes (5.3%)
(RDMA_READ_CONSUME_CHECK_CONSUMER) timestamp=13109 ms, used_size=2170880 bytes (5.3%)
(RDMA_READ_CONSUME_CHECK_CONSUMER) timestamp=13109 ms, used_size=2168832 bytes (5.3%)
(RDMA_READ_CONSUME_CHECK_CONSUMER) timestamp=13109 ms, used_size=2166784 bytes (5.3%)
(RDMA_READ_CONSUME_CHECK_CONSUMER) timestamp=13109 ms, used_size=2164736 bytes (5.3%)
(RDMA_READ_CONSUME_CHECK_CONSUMER) timestamp=13109 ms, used_size=2162688 bytes (5.3%)
(RDMA_READ_CONSUME_CHECK_CONSUMER) timestamp=13109 ms, used_size=2160640 bytes (5.3%)
(RDMA_READ_CONSUME_CHECK_CONSUMER) timestamp=13109 ms, used_size=2158592 bytes (5.3%)
(RDMA_READ_CONSUME_CHECK_CONSUMER) timestamp=13109 ms, used_size=2156544 bytes (5.3%)
(RDMA_READ_CONSUME_CHECK_CONSUMER) timestamp=13109 ms, used_size=2154496 bytes (5.3%)
(RDMA_READ_CONSUME_CHECK_CONSUMER) timestamp=13109 ms, used_size=2152448 bytes (5.3%)
(RDMA_READ_CONSUME_CHECK_CONSUMER) timestamp=13109 ms, used_size=2150400 bytes (5.2%)
(RDMA_READ_CONSUME_CHECK_CONSUMER) timestamp=13109 ms, used_size=2148352 bytes (5.2%)
(RDMA_READ_CONSUME_CHECK_CONSUMER) timestamp=13109 ms, used_size=2146304 bytes (5.2%)
(RDMA_READ_CONSUME_CHECK_CONSUMER) timestamp=13109 ms, used_size=2144256 bytes (5.2%)
(RDMA_READ_CONSUME_CHECK_CONSUMER) timestamp=13109 ms, used_size=2142208 bytes (5.2%)
(RDMA_READ_CONSUME_CHECK_CONSUMER) timestamp=13109 ms, used_size=2140160 bytes (5.2%)
(RDMA_READ_CONSUME_CHECK_CONSUMER) timestamp=13109 ms, used_size=2138112 bytes (5.2%)
(RDMA_READ_CONSUME_CHECK_CONSUMER) timestamp=13109 ms, used_size=2136064 bytes (5.2%)
(RDMA_READ_CONSUME_CHECK_CONSUMER) timestamp=13109 ms, used_size=2134016 bytes (5.2%)
(RDMA_READ_CONSUME_CHECK_CONSUMER) timestamp=13109 ms, used_size=2131968 bytes (5.2%)
(RDMA_READ_CONSUME_CHECK_CONSUMER) timestamp=13109 ms, used_size=2129920 bytes (5.2%)
(RDMA_READ_CONSUME_CHECK_CONSUMER) timestamp=13109 ms, used_size=2127872 bytes (5.2%)
(RDMA_READ_CONSUME_CHECK_CONSUMER) timestamp=13109 ms, used_size=2125824 bytes (5.2%)
(RDMA_READ_CONSUME_CHECK_CONSUMER) timestamp=13109 ms, used_size=2123776 bytes (5.2%)
(RDMA_READ_CONSUME_CHECK_CONSUMER) timestamp=13109 ms, used_size=2121728 bytes (5.2%)
(RDMA_READ_CONSUME_CHECK_CONSUMER) timestamp=13109 ms, used_size=2119680 bytes (5.2%)
(RDMA_READ_CONSUME_CHECK_CONSUMER) timestamp=13109 ms, used_size=2117632 bytes (5.2%)
(RDMA_READ_CONSUME_CHECK_CONSUMER) timestamp=13109 ms, used_size=2115584 bytes (5.2%)
(RDMA_READ_CONSUME_CHECK_CONSUMER) timestamp=13109 ms, used_size=2113536 bytes (5.2%)
(RDMA_READ_CONSUME_CHECK_CONSUMER) timestamp=13109 ms, used_size=2111488 bytes (5.2%)
(RDMA_READ_CONSUME_CHECK_CONSUMER) timestamp=13109 ms, used_size=2109440 bytes (5.2%)
(RDMA_READ_CONSUME_CHECK_CONSUMER) timestamp=13109 ms, used_size=2107392 bytes (5.1%)
(RDMA_READ_CONSUME_CHECK_CONSUMER) timestamp=13109 ms, used_size=2105344 bytes (5.1%)
(RDMA_READ_CONSUME_CHECK_CONSUMER) timestamp=13109 ms, used_size=2103296 bytes (5.1%)
(RDMA_READ_CONSUME_CHECK_CONSUMER) timestamp=13109 ms, used_size=2101248 bytes (5.1%)
(RDMA_READ_CONSUME_CHECK_CONSUMER) timestamp=13109 ms, used_size=2099200 bytes (5.1%)
(RDMA_READ_CONSUME_CHECK_CONSUMER) timestamp=13109 ms, used_size=2097152 bytes (5.1%)
(RDMA_READ_CONSUME_CHECK_CONSUMER) timestamp=13109 ms, used_size=2095104 bytes (5.1%)
(RDMA_READ_CONSUME_CHECK_CONSUMER) timestamp=13109 ms, used_size=2093056 bytes (5.1%)
(RDMA_READ_CONSUME_CHECK_CONSUMER) timestamp=13109 ms, used_size=2091008 bytes (5.1%)
(RDMA_READ_CONSUME_CHECK_CONSUMER) timestamp=13109 ms, used_size=2088960 bytes (5.1%)
(RDMA_READ_CONSUME_CHECK_CONSUMER) timestamp=13109 ms, used_size=2086912 bytes (5.1%)
(RDMA_READ_CONSUME_CHECK_CONSUMER) timestamp=13109 ms, used_size=2084864 bytes (5.1%)
(RDMA_READ_CONSUME_CHECK_CONSUMER) timestamp=13109 ms, used_size=2082816 bytes (5.1%)
(RDMA_READ_CONSUME_CHECK_CONSUMER) timestamp=13109 ms, used_size=2080768 bytes (5.1%)
(RDMA_READ_CONSUME_CHECK_CONSUMER) timestamp=13109 ms, used_size=2078720 bytes (5.1%)
(RDMA_READ_CONSUME_CHECK_CONSUMER) timestamp=13109 ms, used_size=2076672 bytes (5.1%)
(RDMA_READ_CONSUME_CHECK_CONSUMER) timestamp=13109 ms, used_size=2074624 bytes (5.1%)
(RDMA_READ_CONSUME_CHECK_CONSUMER) timestamp=13109 ms, used_size=2072576 bytes (5.1%)
(RDMA_READ_CONSUME_CHECK_CONSUMER) timestamp=13109 ms, used_size=2070528 bytes (5.1%)
(RDMA_READ_CONSUME_CHECK_CONSUMER) timestamp=13109 ms, used_size=2068480 bytes (5.0%)
(RDMA_READ_CONSUME_CHECK_CONSUMER) timestamp=13109 ms, used_size=2066432 bytes (5.0%)
(RDMA_READ_CONSUME_CHECK_CONSUMER) timestamp=13109 ms, used_size=2064384 bytes (5.0%)
(RDMA_READ_CONSUME_CHECK_CONSUMER) timestamp=13109 ms, used_size=2062336 bytes (5.0%)
(RDMA_READ_CONSUME_CHECK_CONSUMER) timestamp=13109 ms, used_size=2060288 bytes (5.0%)
(RDMA_READ_CONSUME_CHECK_CONSUMER) timestamp=13109 ms, used_size=2058240 bytes (5.0%)
(RDMA_READ_CONSUME_CHECK_CONSUMER) timestamp=13109 ms, used_size=2056192 bytes (5.0%)
(RDMA_READ_CONSUME_CHECK_CONSUMER) timestamp=13109 ms, used_size=2054144 bytes (5.0%)
(RDMA_READ_CONSUME_CHECK_CONSUMER) timestamp=13109 ms, used_size=2052096 bytes (5.0%)
(RDMA_READ_CONSUME_CHECK_CONSUMER) timestamp=13109 ms, used_size=2050048 bytes (5.0%)
(RDMA_READ_CONSUME_CHECK_CONSUMER) timestamp=13109 ms, used_size=2048000 bytes (5.0%)
(RDMA_READ_CONSUME_CHECK_CONSUMER) timestamp=13109 ms, used_size=2045952 bytes (5.0%)
(RDMA_READ_CONSUME_CHECK_CONSUMER) timestamp=13109 ms, used_size=2043904 bytes (5.0%)
(RDMA_READ_CONSUME_CHECK_CONSUMER) timestamp=13109 ms, used_size=2041856 bytes (5.0%)
(RDMA_READ_CONSUME_CHECK_CONSUMER) timestamp=13109 ms, used_size=2039808 bytes (5.0%)
(RDMA_READ_CONSUME_CHECK_CONSUMER) timestamp=13109 ms, used_size=2037760 bytes (5.0%)
(RDMA_READ_CONSUME_CHECK_CONSUMER) timestamp=13109 ms, used_size=2035712 bytes (5.0%)
(RDMA_READ_CONSUME_CHECK_CONSUMER) timestamp=13109 ms, used_size=2033664 bytes (5.0%)
(RDMA_READ_CONSUME_CHECK_CONSUMER) timestamp=13109 ms, used_size=2031616 bytes (5.0%)
(RDMA_READ_CONSUME_CHECK_CONSUMER) timestamp=13109 ms, used_size=2029568 bytes (5.0%)
(RDMA_READ_CONSUME_CHECK_CONSUMER) timestamp=13109 ms, used_size=2027520 bytes (5.0%)
(RDMA_READ_CONSUME_CHECK_CONSUMER) timestamp=13109 ms, used_size=2025472 bytes (4.9%)
(RDMA_READ_CONSUME_CHECK_CONSUMER) timestamp=13109 ms, used_size=2023424 bytes (4.9%)
(RDMA_READ_CONSUME_CHECK_CONSUMER) timestamp=13109 ms, used_size=2021376 bytes (4.9%)
(RDMA_READ_CONSUME_CHECK_CONSUMER) timestamp=13109 ms, used_size=2019328 bytes (4.9%)
(RDMA_READ_CONSUME_CHECK_CONSUMER) timestamp=13109 ms, used_size=2017280 bytes (4.9%)
(RDMA_READ_CONSUME_CHECK_CONSUMER) timestamp=13109 ms, used_size=2015232 bytes (4.9%)
(RDMA_READ_CONSUME_CHECK_CONSUMER) timestamp=13109 ms, used_size=2013184 bytes (4.9%)
(RDMA_READ_CONSUME_CHECK_CONSUMER) timestamp=13109 ms, used_size=2011136 bytes (4.9%)
(RDMA_READ_CONSUME_CHECK_CONSUMER) timestamp=13109 ms, used_size=2009088 bytes (4.9%)
(RDMA_READ_CONSUME_CHECK_CONSUMER) timestamp=13109 ms, used_size=2007040 bytes (4.9%)
(RDMA_READ_CONSUME_CHECK_CONSUMER) timestamp=13109 ms, used_size=2004992 bytes (4.9%)
(RDMA_READ_CONSUME_CHECK_CONSUMER) timestamp=13109 ms, used_size=2002944 bytes (4.9%)
(RDMA_READ_CONSUME_CHECK_CONSUMER) timestamp=13109 ms, used_size=2000896 bytes (4.9%)
(RDMA_READ_CONSUME_CHECK_CONSUMER) timestamp=13109 ms, used_size=1998848 bytes (4.9%)
(RDMA_READ_CONSUME_CHECK_CONSUMER) timestamp=13109 ms, used_size=1996800 bytes (4.9%)
(RDMA_READ_CONSUME_CHECK_CONSUMER) timestamp=13109 ms, used_size=1994752 bytes (4.9%)
(RDMA_READ_CONSUME_CHECK_CONSUMER) timestamp=13109 ms, used_size=1992704 bytes (4.9%)
(RDMA_READ_CONSUME_CHECK_CONSUMER) timestamp=13109 ms, used_size=1990656 bytes (4.9%)
(RDMA_READ_CONSUME_CHECK_CONSUMER) timestamp=13109 ms, used_size=1988608 bytes (4.9%)
(RDMA_READ_CONSUME_CHECK_CONSUMER) timestamp=13109 ms, used_size=1986560 bytes (4.8%)
(RDMA_READ_CONSUME_CHECK_CONSUMER) timestamp=13109 ms, used_size=1984512 bytes (4.8%)
(RDMA_READ_CONSUME_CHECK_CONSUMER) timestamp=13109 ms, used_size=1982464 bytes (4.8%)
(RDMA_READ_CONSUME_CHECK_CONSUMER) timestamp=13109 ms, used_size=1980416 bytes (4.8%)
(RDMA_READ_CONSUME_CHECK_CONSUMER) timestamp=13109 ms, used_size=1978368 bytes (4.8%)
(RDMA_READ_CONSUME_CHECK_CONSUMER) timestamp=13109 ms, used_size=1976320 bytes (4.8%)
(RDMA_READ_CONSUME_CHECK_CONSUMER) timestamp=13109 ms, used_size=1974272 bytes (4.8%)
(RDMA_READ_CONSUME_CHECK_CONSUMER) timestamp=13109 ms, used_size=1972224 bytes (4.8%)
(RDMA_READ_CONSUME_CHECK_CONSUMER) timestamp=13109 ms, used_size=1970176 bytes (4.8%)
(RDMA_READ_CONSUME_CHECK_CONSUMER) timestamp=13109 ms, used_size=1968128 bytes (4.8%)
(RDMA_READ_CONSUME_CHECK_CONSUMER) timestamp=13109 ms, used_size=1966080 bytes (4.8%)
(RDMA_READ_CONSUME_CHECK_CONSUMER) timestamp=13109 ms, used_size=1964032 bytes (4.8%)
(RDMA_READ_CONSUME_CHECK_CONSUMER) timestamp=13109 ms, used_size=1961984 bytes (4.8%)
(RDMA_READ_CONSUME_CHECK_CONSUMER) timestamp=13109 ms, used_size=1959936 bytes (4.8%)
(RDMA_READ_CONSUME_CHECK_CONSUMER) timestamp=13109 ms, used_size=1957888 bytes (4.8%)
(RDMA_READ_CONSUME_CHECK_CONSUMER) timestamp=13109 ms, used_size=1955840 bytes (4.8%)
(RDMA_READ_CONSUME_CHECK_CONSUMER) timestamp=13109 ms, used_size=1953792 bytes (4.8%)
(RDMA_READ_CONSUME_CHECK_CONSUMER) timestamp=13109 ms, used_size=1951744 bytes (4.8%)
(RDMA_READ_CONSUME_CHECK_CONSUMER) timestamp=13109 ms, used_size=1949696 bytes (4.8%)
(RDMA_READ_CONSUME_CHECK_CONSUMER) timestamp=13109 ms, used_size=1947648 bytes (4.8%)
(RDMA_READ_CONSUME_CHECK_CONSUMER) timestamp=13109 ms, used_size=1945600 bytes (4.8%)
(RDMA_READ_CONSUME_CHECK_CONSUMER) timestamp=13109 ms, used_size=1943552 bytes (4.7%)
(RDMA_READ_CONSUME_CHECK_CONSUMER) timestamp=13109 ms, used_size=1941504 bytes (4.7%)
(RDMA_READ_CONSUME_CHECK_CONSUMER) timestamp=13109 ms, used_size=1939456 bytes (4.7%)
(RDMA_READ_CONSUME_CHECK_CONSUMER) timestamp=13109 ms, used_size=1937408 bytes (4.7%)
(RDMA_READ_CONSUME_CHECK_CONSUMER) timestamp=13109 ms, used_size=1935360 bytes (4.7%)
(RDMA_READ_CONSUME_CHECK_CONSUMER) timestamp=13109 ms, used_size=1933312 bytes (4.7%)
(RDMA_READ_CONSUME_CHECK_CONSUMER) timestamp=13109 ms, used_size=1931264 bytes (4.7%)
(RDMA_READ_CONSUME_CHECK_CONSUMER) timestamp=13109 ms, used_size=1929216 bytes (4.7%)
(RDMA_READ_CONSUME_CHECK_CONSUMER) timestamp=13109 ms, used_size=1927168 bytes (4.7%)
(RDMA_READ_CONSUME_CHECK_CONSUMER) timestamp=13109 ms, used_size=1925120 bytes (4.7%)
(RDMA_READ_CONSUME_CHECK_CONSUMER) timestamp=13109 ms, used_size=1923072 bytes (4.7%)
(RDMA_READ_CONSUME_CHECK_CONSUMER) timestamp=13109 ms, used_size=1921024 bytes (4.7%)
(RDMA_READ_CONSUME_CHECK_CONSUMER) timestamp=13109 ms, used_size=1918976 bytes (4.7%)
(RDMA_READ_CONSUME_CHECK_CONSUMER) timestamp=13109 ms, used_size=1916928 bytes (4.7%)
(RDMA_READ_CONSUME_CHECK_CONSUMER) timestamp=13109 ms, used_size=1914880 bytes (4.7%)
(RDMA_READ_CONSUME_CHECK_CONSUMER) timestamp=13109 ms, used_size=1912832 bytes (4.7%)
(RDMA_READ_CONSUME_CHECK_CONSUMER) timestamp=13109 ms, used_size=1910784 bytes (4.7%)
(RDMA_READ_CONSUME_CHECK_CONSUMER) timestamp=13109 ms, used_size=1908736 bytes (4.7%)
(RDMA_READ_CONSUME_CHECK_CONSUMER) timestamp=13109 ms, used_size=1906688 bytes (4.7%)
(RDMA_READ_CONSUME_CHECK_CONSUMER) timestamp=13109 ms, used_size=1904640 bytes (4.7%)
(RDMA_READ_CONSUME_CHECK_CONSUMER) timestamp=13109 ms, used_size=1902592 bytes (4.6%)
(RDMA_READ_CONSUME_CHECK_CONSUMER) timestamp=13109 ms, used_size=1900544 bytes (4.6%)
(RDMA_READ_CONSUME_CHECK_CONSUMER) timestamp=13109 ms, used_size=1898496 bytes (4.6%)
(RDMA_READ_CONSUME_CHECK_CONSUMER) timestamp=13109 ms, used_size=1896448 bytes (4.6%)
(RDMA_READ_CONSUME_CHECK_CONSUMER) timestamp=13109 ms, used_size=1894400 bytes (4.6%)
(RDMA_READ_CONSUME_CHECK_CONSUMER) timestamp=13109 ms, used_size=1892352 bytes (4.6%)
(RDMA_READ_CONSUME_CHECK_CONSUMER) timestamp=13109 ms, used_size=1890304 bytes (4.6%)
(RDMA_READ_CONSUME_CHECK_CONSUMER) timestamp=13109 ms, used_size=1888256 bytes (4.6%)
(RDMA_READ_CONSUME_CHECK_CONSUMER) timestamp=13109 ms, used_size=1886208 bytes (4.6%)
(RDMA_READ_CONSUME_CHECK_CONSUMER) timestamp=13109 ms, used_size=1884160 bytes (4.6%)
(RDMA_READ_CONSUME_CHECK_CONSUMER) timestamp=13110 ms, used_size=1882112 bytes (4.6%)
(RDMA_READ_CONSUME_CHECK_CONSUMER) timestamp=13110 ms, used_size=1880064 bytes (4.6%)
(RDMA_READ_CONSUME_CHECK_CONSUMER) timestamp=13110 ms, used_size=1878016 bytes (4.6%)
(RDMA_READ_CONSUME_CHECK_CONSUMER) timestamp=13110 ms, used_size=1875968 bytes (4.6%)
(RDMA_READ_CONSUME_CHECK_CONSUMER) timestamp=13110 ms, used_size=1873920 bytes (4.6%)
(RDMA_READ_CONSUME_CHECK_CONSUMER) timestamp=13110 ms, used_size=1871872 bytes (4.6%)
(RDMA_READ_CONSUME_CHECK_CONSUMER) timestamp=13110 ms, used_size=1869824 bytes (4.6%)
(RDMA_READ_CONSUME_CHECK_CONSUMER) timestamp=13110 ms, used_size=1867776 bytes (4.6%)
(RDMA_READ_CONSUME_CHECK_CONSUMER) timestamp=13110 ms, used_size=1865728 bytes (4.6%)
(RDMA_READ_CONSUME_CHECK_CONSUMER) timestamp=13110 ms, used_size=1863680 bytes (4.5%)
(RDMA_READ_CONSUME_CHECK_CONSUMER) timestamp=13110 ms, used_size=1861632 bytes (4.5%)
(RDMA_READ_CONSUME_CHECK_CONSUMER) timestamp=13110 ms, used_size=1859584 bytes (4.5%)
(RDMA_READ_CONSUME_CHECK_CONSUMER) timestamp=13110 ms, used_size=1857536 bytes (4.5%)
(RDMA_READ_CONSUME_CHECK_CONSUMER) timestamp=13110 ms, used_size=1855488 bytes (4.5%)
(RDMA_READ_CONSUME_CHECK_CONSUMER) timestamp=13110 ms, used_size=1853440 bytes (4.5%)
(RDMA_READ_CONSUME_CHECK_CONSUMER) timestamp=13110 ms, used_size=1851392 bytes (4.5%)
(RDMA_READ_CONSUME_CHECK_CONSUMER) timestamp=13110 ms, used_size=1849344 bytes (4.5%)
(RDMA_READ_CONSUME_CHECK_CONSUMER) timestamp=13110 ms, used_size=1847296 bytes (4.5%)
(RDMA_READ_CONSUME_CHECK_CONSUMER) timestamp=13110 ms, used_size=1845248 bytes (4.5%)
(RDMA_READ_CONSUME_CHECK_CONSUMER) timestamp=13110 ms, used_size=1843200 bytes (4.5%)
(RDMA_READ_CONSUME_CHECK_CONSUMER) timestamp=13110 ms, used_size=1841152 bytes (4.5%)
(RDMA_READ_CONSUME_CHECK_CONSUMER) timestamp=13110 ms, used_size=1839104 bytes (4.5%)
(RDMA_READ_CONSUME_CHECK_CONSUMER) timestamp=13110 ms, used_size=1837056 bytes (4.5%)
(RDMA_READ_CONSUME_CHECK_CONSUMER) timestamp=13110 ms, used_size=1835008 bytes (4.5%)
(RDMA_READ_CONSUME_CHECK_CONSUMER) timestamp=13110 ms, used_size=1832960 bytes (4.5%)
(RDMA_READ_CONSUME_CHECK_CONSUMER) timestamp=13110 ms, used_size=1830912 bytes (4.5%)
(RDMA_READ_CONSUME_CHECK_CONSUMER) timestamp=13110 ms, used_size=1828864 bytes (4.5%)
(RDMA_READ_CONSUME_CHECK_CONSUMER) timestamp=13110 ms, used_size=1826816 bytes (4.5%)
(RDMA_READ_CONSUME_CHECK_CONSUMER) timestamp=13110 ms, used_size=1824768 bytes (4.5%)
(RDMA_READ_CONSUME_CHECK_CONSUMER) timestamp=13110 ms, used_size=1822720 bytes (4.5%)
(RDMA_READ_CONSUME_CHECK_CONSUMER) timestamp=13110 ms, used_size=1820672 bytes (4.4%)
(RDMA_READ_CONSUME_CHECK_CONSUMER) timestamp=13110 ms, used_size=1818624 bytes (4.4%)
(RDMA_READ_CONSUME_CHECK_CONSUMER) timestamp=13110 ms, used_size=1816576 bytes (4.4%)
(RDMA_READ_CONSUME_CHECK_CONSUMER) timestamp=13110 ms, used_size=1814528 bytes (4.4%)
(RDMA_READ_CONSUME_CHECK_CONSUMER) timestamp=13110 ms, used_size=1812480 bytes (4.4%)
(RDMA_READ_CONSUME_CHECK_CONSUMER) timestamp=13110 ms, used_size=1810432 bytes (4.4%)
(RDMA_READ_CONSUME_CHECK_CONSUMER) timestamp=13110 ms, used_size=1808384 bytes (4.4%)
(RDMA_READ_CONSUME_CHECK_CONSUMER) timestamp=13110 ms, used_size=1806336 bytes (4.4%)
(RDMA_READ_CONSUME_CHECK_CONSUMER) timestamp=13110 ms, used_size=1804288 bytes (4.4%)
(RDMA_READ_CONSUME_CHECK_CONSUMER) timestamp=13110 ms, used_size=1802240 bytes (4.4%)
(RDMA_READ_CONSUME_CHECK_CONSUMER) timestamp=13110 ms, used_size=1800192 bytes (4.4%)
(RDMA_READ_CONSUME_CHECK_CONSUMER) timestamp=13110 ms, used_size=1798144 bytes (4.4%)
(RDMA_READ_CONSUME_CHECK_CONSUMER) timestamp=13110 ms, used_size=1796096 bytes (4.4%)
(RDMA_READ_CONSUME_CHECK_CONSUMER) timestamp=13110 ms, used_size=1794048 bytes (4.4%)
(RDMA_READ_CONSUME_CHECK_CONSUMER) timestamp=13110 ms, used_size=1792000 bytes (4.4%)
(RDMA_READ_CONSUME_CHECK_CONSUMER) timestamp=13110 ms, used_size=1789952 bytes (4.4%)
(RDMA_READ_CONSUME_CHECK_CONSUMER) timestamp=13110 ms, used_size=1787904 bytes (4.4%)
(RDMA_READ_CONSUME_CHECK_CONSUMER) timestamp=13110 ms, used_size=1785856 bytes (4.4%)
(RDMA_READ_CONSUME_CHECK_CONSUMER) timestamp=13110 ms, used_size=1783808 bytes (4.4%)
(RDMA_READ_CONSUME_CHECK_CONSUMER) timestamp=13110 ms, used_size=1781760 bytes (4.3%)
(RDMA_READ_CONSUME_CHECK_CONSUMER) timestamp=13110 ms, used_size=1779712 bytes (4.3%)
(RDMA_READ_CONSUME_CHECK_CONSUMER) timestamp=13110 ms, used_size=1777664 bytes (4.3%)
(RDMA_READ_CONSUME_CHECK_CONSUMER) timestamp=13110 ms, used_size=1775616 bytes (4.3%)
(RDMA_READ_CONSUME_CHECK_CONSUMER) timestamp=13110 ms, used_size=1773568 bytes (4.3%)
(RDMA_READ_CONSUME_CHECK_CONSUMER) timestamp=13110 ms, used_size=1771520 bytes (4.3%)
(RDMA_READ_CONSUME_CHECK_CONSUMER) timestamp=13110 ms, used_size=1769472 bytes (4.3%)
(RDMA_READ_CONSUME_CHECK_CONSUMER) timestamp=13110 ms, used_size=1767424 bytes (4.3%)
(RDMA_READ_CONSUME_CHECK_CONSUMER) timestamp=13110 ms, used_size=1765376 bytes (4.3%)
(RDMA_READ_CONSUME_CHECK_CONSUMER) timestamp=13110 ms, used_size=1763328 bytes (4.3%)
(RDMA_READ_CONSUME_CHECK_CONSUMER) timestamp=13110 ms, used_size=1761280 bytes (4.3%)
(RDMA_READ_CONSUME_CHECK_CONSUMER) timestamp=13110 ms, used_size=1759232 bytes (4.3%)
(RDMA_READ_CONSUME_CHECK_CONSUMER) timestamp=13110 ms, used_size=1757184 bytes (4.3%)
(RDMA_READ_CONSUME_CHECK_CONSUMER) timestamp=13110 ms, used_size=1755136 bytes (4.3%)
(RDMA_READ_CONSUME_CHECK_CONSUMER) timestamp=13110 ms, used_size=1753088 bytes (4.3%)
(RDMA_READ_CONSUME_CHECK_CONSUMER) timestamp=13110 ms, used_size=1751040 bytes (4.3%)
(RDMA_READ_CONSUME_CHECK_CONSUMER) timestamp=13110 ms, used_size=1748992 bytes (4.3%)
(RDMA_READ_CONSUME_CHECK_CONSUMER) timestamp=13110 ms, used_size=1746944 bytes (4.3%)
(RDMA_READ_CONSUME_CHECK_CONSUMER) timestamp=13110 ms, used_size=1744896 bytes (4.3%)
(RDMA_READ_CONSUME_CHECK_CONSUMER) timestamp=13110 ms, used_size=1742848 bytes (4.3%)
(RDMA_READ_CONSUME_CHECK_CONSUMER) timestamp=13110 ms, used_size=1740800 bytes (4.2%)
(RDMA_READ_CONSUME_CHECK_CONSUMER) timestamp=13110 ms, used_size=1738752 bytes (4.2%)
(RDMA_READ_CONSUME_CHECK_CONSUMER) timestamp=13110 ms, used_size=1736704 bytes (4.2%)
(RDMA_READ_CONSUME_CHECK_CONSUMER) timestamp=13110 ms, used_size=1734656 bytes (4.2%)
(RDMA_READ_CONSUME_CHECK_CONSUMER) timestamp=13110 ms, used_size=1732608 bytes (4.2%)
(RDMA_READ_CONSUME_CHECK_CONSUMER) timestamp=13110 ms, used_size=1730560 bytes (4.2%)
(RDMA_READ_CONSUME_CHECK_CONSUMER) timestamp=13110 ms, used_size=1728512 bytes (4.2%)
(RDMA_READ_CONSUME_CHECK_CONSUMER) timestamp=13110 ms, used_size=1726464 bytes (4.2%)
(RDMA_READ_CONSUME_CHECK_CONSUMER) timestamp=13110 ms, used_size=1724416 bytes (4.2%)
(RDMA_READ_CONSUME_CHECK_CONSUMER) timestamp=13110 ms, used_size=1722368 bytes (4.2%)
(RDMA_READ_CONSUME_CHECK_CONSUMER) timestamp=13110 ms, used_size=1720320 bytes (4.2%)
(RDMA_READ_CONSUME_CHECK_CONSUMER) timestamp=13110 ms, used_size=1718272 bytes (4.2%)
(RDMA_READ_CONSUME_CHECK_CONSUMER) timestamp=13110 ms, used_size=1716224 bytes (4.2%)
(RDMA_READ_CONSUME_CHECK_CONSUMER) timestamp=13110 ms, used_size=1714176 bytes (4.2%)
(RDMA_READ_CONSUME_CHECK_CONSUMER) timestamp=13110 ms, used_size=1712128 bytes (4.2%)
(RDMA_READ_CONSUME_CHECK_CONSUMER) timestamp=13110 ms, used_size=1710080 bytes (4.2%)
(RDMA_READ_CONSUME_CHECK_CONSUMER) timestamp=13110 ms, used_size=1708032 bytes (4.2%)
(RDMA_READ_CONSUME_CHECK_CONSUMER) timestamp=13110 ms, used_size=1705984 bytes (4.2%)
(RDMA_READ_CONSUME_CHECK_CONSUMER) timestamp=13110 ms, used_size=1703936 bytes (4.2%)
(RDMA_READ_CONSUME_CHECK_CONSUMER) timestamp=13110 ms, used_size=1701888 bytes (4.2%)
(RDMA_READ_CONSUME_CHECK_CONSUMER) timestamp=13110 ms, used_size=1699840 bytes (4.2%)
(RDMA_READ_CONSUME_CHECK_CONSUMER) timestamp=13110 ms, used_size=1697792 bytes (4.1%)
(RDMA_READ_CONSUME_CHECK_CONSUMER) timestamp=13110 ms, used_size=1695744 bytes (4.1%)
(RDMA_READ_CONSUME_CHECK_CONSUMER) timestamp=13110 ms, used_size=1693696 bytes (4.1%)
(RDMA_READ_CONSUME_CHECK_CONSUMER) timestamp=13110 ms, used_size=1691648 bytes (4.1%)
(RDMA_READ_CONSUME_CHECK_CONSUMER) timestamp=13110 ms, used_size=1689600 bytes (4.1%)
(RDMA_READ_CONSUME_CHECK_CONSUMER) timestamp=13110 ms, used_size=1687552 bytes (4.1%)
(RDMA_READ_CONSUME_CHECK_CONSUMER) timestamp=13110 ms, used_size=1685504 bytes (4.1%)
(RDMA_READ_CONSUME_CHECK_CONSUMER) timestamp=13110 ms, used_size=1683456 bytes (4.1%)
(RDMA_READ_CONSUME_CHECK_CONSUMER) timestamp=13110 ms, used_size=1681408 bytes (4.1%)
(RDMA_READ_CONSUME_CHECK_CONSUMER) timestamp=13110 ms, used_size=1679360 bytes (4.1%)
(RDMA_READ_CONSUME_CHECK_CONSUMER) timestamp=13110 ms, used_size=1677312 bytes (4.1%)
(RDMA_READ_CONSUME_CHECK_CONSUMER) timestamp=13110 ms, used_size=1675264 bytes (4.1%)
(RDMA_READ_CONSUME_CHECK_CONSUMER) timestamp=13110 ms, used_size=1673216 bytes (4.1%)
(RDMA_READ_CONSUME_CHECK_CONSUMER) timestamp=13110 ms, used_size=1671168 bytes (4.1%)
(RDMA_READ_CONSUME_CHECK_CONSUMER) timestamp=13110 ms, used_size=1669120 bytes (4.1%)
(RDMA_READ_CONSUME_CHECK_CONSUMER) timestamp=13110 ms, used_size=1667072 bytes (4.1%)
(RDMA_READ_CONSUME_CHECK_CONSUMER) timestamp=13110 ms, used_size=1665024 bytes (4.1%)
(RDMA_READ_CONSUME_CHECK_CONSUMER) timestamp=13110 ms, used_size=1662976 bytes (4.1%)
(RDMA_READ_CONSUME_CHECK_CONSUMER) timestamp=13110 ms, used_size=1660928 bytes (4.1%)
(RDMA_READ_CONSUME_CHECK_CONSUMER) timestamp=13110 ms, used_size=1658880 bytes (4.0%)
(RDMA_READ_CONSUME_CHECK_CONSUMER) timestamp=13110 ms, used_size=1656832 bytes (4.0%)
(RDMA_READ_CONSUME_CHECK_CONSUMER) timestamp=13110 ms, used_size=1654784 bytes (4.0%)
(RDMA_READ_CONSUME_CHECK_CONSUMER) timestamp=13110 ms, used_size=1652736 bytes (4.0%)
(RDMA_READ_CONSUME_CHECK_CONSUMER) timestamp=13110 ms, used_size=1650688 bytes (4.0%)
(RDMA_READ_CONSUME_CHECK_CONSUMER) timestamp=13110 ms, used_size=1648640 bytes (4.0%)
(RDMA_READ_CONSUME_CHECK_CONSUMER) timestamp=13110 ms, used_size=1646592 bytes (4.0%)
(RDMA_READ_CONSUME_CHECK_CONSUMER) timestamp=13110 ms, used_size=1644544 bytes (4.0%)
(RDMA_READ_CONSUME_CHECK_CONSUMER) timestamp=13110 ms, used_size=1642496 bytes (4.0%)
(RDMA_READ_CONSUME_CHECK_CONSUMER) timestamp=13110 ms, used_size=1640448 bytes (4.0%)
(RDMA_READ_CONSUME_CHECK_CONSUMER) timestamp=13110 ms, used_size=1638400 bytes (4.0%)
(RDMA_READ_CONSUME_CHECK_CONSUMER) timestamp=13110 ms, used_size=1636352 bytes (4.0%)
(RDMA_READ_CONSUME_CHECK_CONSUMER) timestamp=13110 ms, used_size=1634304 bytes (4.0%)
(RDMA_READ_CONSUME_CHECK_CONSUMER) timestamp=13110 ms, used_size=1632256 bytes (4.0%)
(RDMA_READ_CONSUME_CHECK_CONSUMER) timestamp=13110 ms, used_size=1630208 bytes (4.0%)
(RDMA_READ_CONSUME_CHECK_CONSUMER) timestamp=13110 ms, used_size=1628160 bytes (4.0%)
(RDMA_READ_CONSUME_CHECK_CONSUMER) timestamp=13110 ms, used_size=1626112 bytes (4.0%)
(RDMA_READ_CONSUME_CHECK_CONSUMER) timestamp=13110 ms, used_size=1624064 bytes (4.0%)
(RDMA_READ_CONSUME_CHECK_CONSUMER) timestamp=13110 ms, used_size=1622016 bytes (4.0%)
(RDMA_READ_CONSUME_CHECK_CONSUMER) timestamp=13110 ms, used_size=1619968 bytes (4.0%)
(RDMA_READ_CONSUME_CHECK_CONSUMER) timestamp=13110 ms, used_size=1617920 bytes (4.0%)
(RDMA_READ_CONSUME_CHECK_CONSUMER) timestamp=13110 ms, used_size=1615872 bytes (3.9%)
(RDMA_READ_CONSUME_CHECK_CONSUMER) timestamp=13110 ms, used_size=1613824 bytes (3.9%)
(RDMA_READ_CONSUME_CHECK_CONSUMER) timestamp=13110 ms, used_size=1611776 bytes (3.9%)
(RDMA_READ_CONSUME_CHECK_CONSUMER) timestamp=13110 ms, used_size=1609728 bytes (3.9%)
(RDMA_READ_CONSUME_CHECK_CONSUMER) timestamp=13110 ms, used_size=1607680 bytes (3.9%)
(RDMA_READ_CONSUME_CHECK_CONSUMER) timestamp=13110 ms, used_size=1605632 bytes (3.9%)
(RDMA_READ_CONSUME_CHECK_CONSUMER) timestamp=13110 ms, used_size=1603584 bytes (3.9%)
(RDMA_READ_CONSUME_CHECK_CONSUMER) timestamp=13110 ms, used_size=1601536 bytes (3.9%)
(RDMA_READ_CONSUME_CHECK_CONSUMER) timestamp=13110 ms, used_size=1599488 bytes (3.9%)
(RDMA_READ_CONSUME_CHECK_CONSUMER) timestamp=13110 ms, used_size=1597440 bytes (3.9%)
(RDMA_READ_CONSUME_CHECK_CONSUMER) timestamp=13110 ms, used_size=1595392 bytes (3.9%)
(RDMA_READ_CONSUME_CHECK_CONSUMER) timestamp=13110 ms, used_size=1593344 bytes (3.9%)
(RDMA_READ_CONSUME_CHECK_CONSUMER) timestamp=13110 ms, used_size=1591296 bytes (3.9%)
(RDMA_READ_CONSUME_CHECK_CONSUMER) timestamp=13110 ms, used_size=1589248 bytes (3.9%)
(RDMA_READ_CONSUME_CHECK_CONSUMER) timestamp=13110 ms, used_size=1587200 bytes (3.9%)
(RDMA_READ_CONSUME_CHECK_CONSUMER) timestamp=13110 ms, used_size=1585152 bytes (3.9%)
(RDMA_READ_CONSUME_CHECK_CONSUMER) timestamp=13110 ms, used_size=1583104 bytes (3.9%)
(RDMA_READ_CONSUME_CHECK_CONSUMER) timestamp=13110 ms, used_size=1581056 bytes (3.9%)
(RDMA_READ_CONSUME_CHECK_CONSUMER) timestamp=13110 ms, used_size=1579008 bytes (3.9%)
(RDMA_READ_CONSUME_CHECK_CONSUMER) timestamp=13110 ms, used_size=1576960 bytes (3.9%)
(RDMA_READ_CONSUME_CHECK_CONSUMER) timestamp=13110 ms, used_size=1574912 bytes (3.8%)
(RDMA_READ_CONSUME_CHECK_CONSUMER) timestamp=13110 ms, used_size=1572864 bytes (3.8%)
(RDMA_READ_CONSUME_CHECK_CONSUMER) timestamp=13110 ms, used_size=1570816 bytes (3.8%)
(RDMA_READ_CONSUME_CHECK_CONSUMER) timestamp=13110 ms, used_size=1568768 bytes (3.8%)
(RDMA_READ_CONSUME_CHECK_CONSUMER) timestamp=13110 ms, used_size=1566720 bytes (3.8%)
(RDMA_READ_CONSUME_CHECK_CONSUMER) timestamp=13110 ms, used_size=1564672 bytes (3.8%)
(RDMA_READ_CONSUME_CHECK_CONSUMER) timestamp=13110 ms, used_size=1562624 bytes (3.8%)
(RDMA_READ_CONSUME_CHECK_CONSUMER) timestamp=13110 ms, used_size=1560576 bytes (3.8%)
(RDMA_READ_CONSUME_CHECK_CONSUMER) timestamp=13110 ms, used_size=1558528 bytes (3.8%)
(RDMA_READ_CONSUME_CHECK_CONSUMER) timestamp=13110 ms, used_size=1556480 bytes (3.8%)
(RDMA_READ_CONSUME_CHECK_CONSUMER) timestamp=13110 ms, used_size=1554432 bytes (3.8%)
(RDMA_READ_CONSUME_CHECK_CONSUMER) timestamp=13110 ms, used_size=1552384 bytes (3.8%)
(RDMA_READ_CONSUME_CHECK_CONSUMER) timestamp=13111 ms, used_size=1550336 bytes (3.8%)
(RDMA_READ_CONSUME_CHECK_CONSUMER) timestamp=13111 ms, used_size=1548288 bytes (3.8%)
(RDMA_READ_CONSUME_CHECK_CONSUMER) timestamp=13111 ms, used_size=1546240 bytes (3.8%)
(RDMA_READ_CONSUME_CHECK_CONSUMER) timestamp=13111 ms, used_size=1544192 bytes (3.8%)
(RDMA_READ_CONSUME_CHECK_CONSUMER) timestamp=13111 ms, used_size=1542144 bytes (3.8%)
(RDMA_READ_CONSUME_CHECK_CONSUMER) timestamp=13111 ms, used_size=1540096 bytes (3.8%)
(RDMA_READ_CONSUME_CHECK_CONSUMER) timestamp=13111 ms, used_size=1538048 bytes (3.8%)
(RDMA_READ_CONSUME_CHECK_CONSUMER) timestamp=13111 ms, used_size=1536000 bytes (3.8%)
(RDMA_READ_CONSUME_CHECK_CONSUMER) timestamp=13111 ms, used_size=1533952 bytes (3.7%)
(RDMA_READ_CONSUME_CHECK_CONSUMER) timestamp=13111 ms, used_size=1531904 bytes (3.7%)
(RDMA_READ_CONSUME_CHECK_CONSUMER) timestamp=13111 ms, used_size=1529856 bytes (3.7%)
(RDMA_READ_CONSUME_CHECK_CONSUMER) timestamp=13111 ms, used_size=1527808 bytes (3.7%)
(RDMA_READ_CONSUME_CHECK_CONSUMER) timestamp=13111 ms, used_size=1525760 bytes (3.7%)
(RDMA_READ_CONSUME_CHECK_CONSUMER) timestamp=13111 ms, used_size=1523712 bytes (3.7%)
(RDMA_READ_CONSUME_CHECK_CONSUMER) timestamp=13111 ms, used_size=1521664 bytes (3.7%)
(RDMA_READ_CONSUME_CHECK_CONSUMER) timestamp=13111 ms, used_size=1519616 bytes (3.7%)
(RDMA_READ_CONSUME_CHECK_CONSUMER) timestamp=13111 ms, used_size=1517568 bytes (3.7%)
(RDMA_READ_CONSUME_CHECK_CONSUMER) timestamp=13111 ms, used_size=1515520 bytes (3.7%)
(RDMA_READ_CONSUME_CHECK_CONSUMER) timestamp=13111 ms, used_size=1513472 bytes (3.7%)
(RDMA_READ_CONSUME_CHECK_CONSUMER) timestamp=13111 ms, used_size=1511424 bytes (3.7%)
(RDMA_READ_CONSUME_CHECK_CONSUMER) timestamp=13111 ms, used_size=1509376 bytes (3.7%)
(RDMA_READ_CONSUME_CHECK_CONSUMER) timestamp=13111 ms, used_size=1507328 bytes (3.7%)
(RDMA_READ_CONSUME_CHECK_CONSUMER) timestamp=13111 ms, used_size=1505280 bytes (3.7%)
(RDMA_READ_CONSUME_CHECK_CONSUMER) timestamp=13111 ms, used_size=1503232 bytes (3.7%)
(RDMA_READ_CONSUME_CHECK_CONSUMER) timestamp=13111 ms, used_size=1501184 bytes (3.7%)
(RDMA_READ_CONSUME_CHECK_CONSUMER) timestamp=13111 ms, used_size=1499136 bytes (3.7%)
(RDMA_READ_CONSUME_CHECK_CONSUMER) timestamp=13111 ms, used_size=1497088 bytes (3.7%)
(RDMA_READ_CONSUME_CHECK_CONSUMER) timestamp=13111 ms, used_size=1495040 bytes (3.6%)
(RDMA_READ_CONSUME_CHECK_CONSUMER) timestamp=13111 ms, used_size=1492992 bytes (3.6%)
(RDMA_READ_CONSUME_CHECK_CONSUMER) timestamp=13111 ms, used_size=1490944 bytes (3.6%)
(RDMA_READ_CONSUME_CHECK_CONSUMER) timestamp=13111 ms, used_size=1488896 bytes (3.6%)
(RDMA_READ_CONSUME_CHECK_CONSUMER) timestamp=13111 ms, used_size=1486848 bytes (3.6%)
(RDMA_READ_CONSUME_CHECK_CONSUMER) timestamp=13111 ms, used_size=1484800 bytes (3.6%)
(RDMA_READ_CONSUME_CHECK_CONSUMER) timestamp=13111 ms, used_size=1482752 bytes (3.6%)
(RDMA_READ_CONSUME_CHECK_CONSUMER) timestamp=13111 ms, used_size=1480704 bytes (3.6%)
(RDMA_READ_CONSUME_CHECK_CONSUMER) timestamp=13111 ms, used_size=1478656 bytes (3.6%)
(RDMA_READ_CONSUME_CHECK_CONSUMER) timestamp=13111 ms, used_size=1476608 bytes (3.6%)
(RDMA_READ_CONSUME_CHECK_CONSUMER) timestamp=13111 ms, used_size=1474560 bytes (3.6%)
(RDMA_READ_CONSUME_CHECK_CONSUMER) timestamp=13111 ms, used_size=1472512 bytes (3.6%)
(RDMA_READ_CONSUME_CHECK_CONSUMER) timestamp=13111 ms, used_size=1470464 bytes (3.6%)
(RDMA_READ_CONSUME_CHECK_CONSUMER) timestamp=13111 ms, used_size=1468416 bytes (3.6%)
(RDMA_READ_CONSUME_CHECK_CONSUMER) timestamp=13111 ms, used_size=1466368 bytes (3.6%)
(RDMA_READ_CONSUME_CHECK_CONSUMER) timestamp=13111 ms, used_size=1464320 bytes (3.6%)
(RDMA_READ_CONSUME_CHECK_CONSUMER) timestamp=13111 ms, used_size=1462272 bytes (3.6%)
(RDMA_READ_CONSUME_CHECK_CONSUMER) timestamp=13111 ms, used_size=1460224 bytes (3.6%)
(RDMA_READ_CONSUME_CHECK_CONSUMER) timestamp=13111 ms, used_size=1458176 bytes (3.6%)
(RDMA_READ_CONSUME_CHECK_CONSUMER) timestamp=13111 ms, used_size=1456128 bytes (3.6%)
(RDMA_READ_CONSUME_CHECK_CONSUMER) timestamp=13111 ms, used_size=1454080 bytes (3.5%)
(RDMA_READ_CONSUME_CHECK_CONSUMER) timestamp=13111 ms, used_size=1452032 bytes (3.5%)
(RDMA_READ_CONSUME_CHECK_CONSUMER) timestamp=13111 ms, used_size=1449984 bytes (3.5%)
(RDMA_READ_CONSUME_CHECK_CONSUMER) timestamp=13111 ms, used_size=1447936 bytes (3.5%)
(RDMA_READ_CONSUME_CHECK_CONSUMER) timestamp=13111 ms, used_size=1445888 bytes (3.5%)
(RDMA_READ_CONSUME_CHECK_CONSUMER) timestamp=13111 ms, used_size=1443840 bytes (3.5%)
(RDMA_READ_CONSUME_CHECK_CONSUMER) timestamp=13111 ms, used_size=1441792 bytes (3.5%)
(RDMA_READ_CONSUME_CHECK_CONSUMER) timestamp=13111 ms, used_size=1439744 bytes (3.5%)
(RDMA_READ_CONSUME_CHECK_CONSUMER) timestamp=13111 ms, used_size=1437696 bytes (3.5%)
(RDMA_READ_CONSUME_CHECK_CONSUMER) timestamp=13111 ms, used_size=1435648 bytes (3.5%)
(RDMA_READ_CONSUME_CHECK_CONSUMER) timestamp=13111 ms, used_size=1433600 bytes (3.5%)
(RDMA_READ_CONSUME_CHECK_CONSUMER) timestamp=13111 ms, used_size=1431552 bytes (3.5%)
(RDMA_READ_CONSUME_CHECK_CONSUMER) timestamp=13111 ms, used_size=1429504 bytes (3.5%)
(RDMA_READ_CONSUME_CHECK_CONSUMER) timestamp=13111 ms, used_size=1427456 bytes (3.5%)
(RDMA_READ_CONSUME_CHECK_CONSUMER) timestamp=13111 ms, used_size=1425408 bytes (3.5%)
(RDMA_READ_CONSUME_CHECK_CONSUMER) timestamp=13111 ms, used_size=1423360 bytes (3.5%)
(RDMA_READ_CONSUME_CHECK_CONSUMER) timestamp=13111 ms, used_size=1421312 bytes (3.5%)
(RDMA_READ_CONSUME_CHECK_CONSUMER) timestamp=13111 ms, used_size=1419264 bytes (3.5%)
(RDMA_READ_CONSUME_CHECK_CONSUMER) timestamp=13111 ms, used_size=1417216 bytes (3.5%)
(RDMA_READ_CONSUME_CHECK_CONSUMER) timestamp=13111 ms, used_size=1415168 bytes (3.5%)
(RDMA_READ_CONSUME_CHECK_CONSUMER) timestamp=13111 ms, used_size=1413120 bytes (3.5%)
(RDMA_READ_CONSUME_CHECK_CONSUMER) timestamp=13111 ms, used_size=1411072 bytes (3.4%)
(RDMA_READ_CONSUME_CHECK_CONSUMER) timestamp=13111 ms, used_size=1409024 bytes (3.4%)
(RDMA_READ_CONSUME_CHECK_CONSUMER) timestamp=13111 ms, used_size=1406976 bytes (3.4%)
(RDMA_READ_CONSUME_CHECK_CONSUMER) timestamp=13111 ms, used_size=1404928 bytes (3.4%)
(RDMA_READ_CONSUME_CHECK_CONSUMER) timestamp=13111 ms, used_size=1402880 bytes (3.4%)
(RDMA_READ_CONSUME_CHECK_CONSUMER) timestamp=13111 ms, used_size=1400832 bytes (3.4%)
(RDMA_READ_CONSUME_CHECK_CONSUMER) timestamp=13111 ms, used_size=1398784 bytes (3.4%)
(RDMA_READ_CONSUME_CHECK_CONSUMER) timestamp=13111 ms, used_size=1396736 bytes (3.4%)
(RDMA_READ_CONSUME_CHECK_CONSUMER) timestamp=13111 ms, used_size=1394688 bytes (3.4%)
(RDMA_READ_CONSUME_CHECK_CONSUMER) timestamp=13111 ms, used_size=1392640 bytes (3.4%)
(RDMA_READ_CONSUME_CHECK_CONSUMER) timestamp=13111 ms, used_size=1390592 bytes (3.4%)
(RDMA_READ_CONSUME_CHECK_CONSUMER) timestamp=13111 ms, used_size=1388544 bytes (3.4%)
(RDMA_READ_CONSUME_CHECK_CONSUMER) timestamp=13111 ms, used_size=1386496 bytes (3.4%)
(RDMA_READ_CONSUME_CHECK_CONSUMER) timestamp=13111 ms, used_size=1384448 bytes (3.4%)
(RDMA_READ_CONSUME_CHECK_CONSUMER) timestamp=13111 ms, used_size=1382400 bytes (3.4%)
(RDMA_READ_CONSUME_CHECK_CONSUMER) timestamp=13111 ms, used_size=1380352 bytes (3.4%)
(RDMA_READ_CONSUME_CHECK_CONSUMER) timestamp=13111 ms, used_size=1378304 bytes (3.4%)
(RDMA_READ_CONSUME_CHECK_CONSUMER) timestamp=13111 ms, used_size=1376256 bytes (3.4%)
(RDMA_READ_CONSUME_CHECK_CONSUMER) timestamp=13111 ms, used_size=1374208 bytes (3.4%)
(RDMA_READ_CONSUME_CHECK_CONSUMER) timestamp=13111 ms, used_size=1372160 bytes (3.4%)
(RDMA_READ_CONSUME_CHECK_CONSUMER) timestamp=13111 ms, used_size=1370112 bytes (3.3%)
(RDMA_READ_CONSUME_CHECK_CONSUMER) timestamp=13111 ms, used_size=1368064 bytes (3.3%)
(RDMA_READ_CONSUME_CHECK_CONSUMER) timestamp=13111 ms, used_size=1366016 bytes (3.3%)
(RDMA_READ_CONSUME_CHECK_CONSUMER) timestamp=13111 ms, used_size=1363968 bytes (3.3%)
(RDMA_READ_CONSUME_CHECK_CONSUMER) timestamp=13111 ms, used_size=1361920 bytes (3.3%)
(RDMA_READ_CONSUME_CHECK_CONSUMER) timestamp=13111 ms, used_size=1359872 bytes (3.3%)
(RDMA_READ_CONSUME_CHECK_CONSUMER) timestamp=13111 ms, used_size=1357824 bytes (3.3%)
(RDMA_READ_CONSUME_CHECK_CONSUMER) timestamp=13111 ms, used_size=1355776 bytes (3.3%)
(RDMA_READ_CONSUME_CHECK_CONSUMER) timestamp=13111 ms, used_size=1353728 bytes (3.3%)
(RDMA_READ_CONSUME_CHECK_CONSUMER) timestamp=13111 ms, used_size=1351680 bytes (3.3%)
(RDMA_READ_CONSUME_CHECK_CONSUMER) timestamp=13111 ms, used_size=1349632 bytes (3.3%)
(RDMA_READ_CONSUME_CHECK_CONSUMER) timestamp=13111 ms, used_size=1347584 bytes (3.3%)
(RDMA_READ_CONSUME_CHECK_CONSUMER) timestamp=13111 ms, used_size=1345536 bytes (3.3%)
(RDMA_READ_CONSUME_CHECK_CONSUMER) timestamp=13111 ms, used_size=1343488 bytes (3.3%)
(RDMA_READ_CONSUME_CHECK_CONSUMER) timestamp=13111 ms, used_size=1341440 bytes (3.3%)
(RDMA_READ_CONSUME_CHECK_CONSUMER) timestamp=13111 ms, used_size=1339392 bytes (3.3%)
(RDMA_READ_CONSUME_CHECK_CONSUMER) timestamp=13111 ms, used_size=1337344 bytes (3.3%)
(RDMA_READ_CONSUME_CHECK_CONSUMER) timestamp=13111 ms, used_size=1335296 bytes (3.3%)
(RDMA_READ_CONSUME_CHECK_CONSUMER) timestamp=13111 ms, used_size=1333248 bytes (3.3%)
(RDMA_READ_CONSUME_CHECK_CONSUMER) timestamp=13111 ms, used_size=1331200 bytes (3.2%)
(RDMA_READ_CONSUME_CHECK_CONSUMER) timestamp=13111 ms, used_size=1329152 bytes (3.2%)
(RDMA_READ_CONSUME_CHECK_CONSUMER) timestamp=13111 ms, used_size=1327104 bytes (3.2%)
(RDMA_READ_CONSUME_CHECK_CONSUMER) timestamp=13111 ms, used_size=1325056 bytes (3.2%)
(RDMA_READ_CONSUME_CHECK_CONSUMER) timestamp=13111 ms, used_size=1323008 bytes (3.2%)
(RDMA_READ_CONSUME_CHECK_CONSUMER) timestamp=13111 ms, used_size=1320960 bytes (3.2%)
(RDMA_READ_CONSUME_CHECK_CONSUMER) timestamp=13111 ms, used_size=1318912 bytes (3.2%)
(RDMA_READ_CONSUME_CHECK_CONSUMER) timestamp=13111 ms, used_size=1316864 bytes (3.2%)
(RDMA_READ_CONSUME_CHECK_CONSUMER) timestamp=13111 ms, used_size=1314816 bytes (3.2%)
(RDMA_READ_CONSUME_CHECK_CONSUMER) timestamp=13111 ms, used_size=1312768 bytes (3.2%)
(RDMA_READ_CONSUME_CHECK_CONSUMER) timestamp=13111 ms, used_size=1310720 bytes (3.2%)
(RDMA_READ_CONSUME_CHECK_CONSUMER) timestamp=13111 ms, used_size=1308672 bytes (3.2%)
(RDMA_READ_CONSUME_CHECK_CONSUMER) timestamp=13111 ms, used_size=1306624 bytes (3.2%)
(RDMA_READ_CONSUME_CHECK_CONSUMER) timestamp=13111 ms, used_size=1304576 bytes (3.2%)
(RDMA_READ_CONSUME_CHECK_CONSUMER) timestamp=13111 ms, used_size=1302528 bytes (3.2%)
(RDMA_READ_CONSUME_CHECK_CONSUMER) timestamp=13111 ms, used_size=1300480 bytes (3.2%)
(RDMA_READ_CONSUME_CHECK_CONSUMER) timestamp=13111 ms, used_size=1298432 bytes (3.2%)
(RDMA_READ_CONSUME_CHECK_CONSUMER) timestamp=13111 ms, used_size=1296384 bytes (3.2%)
(RDMA_READ_CONSUME_CHECK_CONSUMER) timestamp=13111 ms, used_size=1294336 bytes (3.2%)
(RDMA_READ_CONSUME_CHECK_CONSUMER) timestamp=13111 ms, used_size=1292288 bytes (3.2%)
(RDMA_READ_CONSUME_CHECK_CONSUMER) timestamp=13111 ms, used_size=1290240 bytes (3.1%)
(RDMA_READ_CONSUME_CHECK_CONSUMER) timestamp=13111 ms, used_size=1288192 bytes (3.1%)
(RDMA_READ_CONSUME_CHECK_CONSUMER) timestamp=13111 ms, used_size=1286144 bytes (3.1%)
(RDMA_READ_CONSUME_CHECK_CONSUMER) timestamp=13111 ms, used_size=1284096 bytes (3.1%)
(RDMA_READ_CONSUME_CHECK_CONSUMER) timestamp=13111 ms, used_size=1282048 bytes (3.1%)
(RDMA_READ_CONSUME_CHECK_CONSUMER) timestamp=13111 ms, used_size=1280000 bytes (3.1%)
(RDMA_READ_CONSUME_CHECK_CONSUMER) timestamp=13111 ms, used_size=1277952 bytes (3.1%)
(RDMA_READ_CONSUME_CHECK_CONSUMER) timestamp=13111 ms, used_size=1275904 bytes (3.1%)
(RDMA_READ_CONSUME_CHECK_CONSUMER) timestamp=13111 ms, used_size=1273856 bytes (3.1%)
(RDMA_READ_CONSUME_CHECK_CONSUMER) timestamp=13111 ms, used_size=1271808 bytes (3.1%)
(RDMA_READ_CONSUME_CHECK_CONSUMER) timestamp=13111 ms, used_size=1269760 bytes (3.1%)
(RDMA_READ_CONSUME_CHECK_CONSUMER) timestamp=13111 ms, used_size=1267712 bytes (3.1%)
(RDMA_READ_CONSUME_CHECK_CONSUMER) timestamp=13111 ms, used_size=1265664 bytes (3.1%)
(RDMA_READ_CONSUME_CHECK_CONSUMER) timestamp=13111 ms, used_size=1263616 bytes (3.1%)
(RDMA_READ_CONSUME_CHECK_CONSUMER) timestamp=13111 ms, used_size=1261568 bytes (3.1%)
(RDMA_READ_CONSUME_CHECK_CONSUMER) timestamp=13111 ms, used_size=1259520 bytes (3.1%)
(RDMA_READ_CONSUME_CHECK_CONSUMER) timestamp=13111 ms, used_size=1257472 bytes (3.1%)
(RDMA_READ_CONSUME_CHECK_CONSUMER) timestamp=13111 ms, used_size=1255424 bytes (3.1%)
(RDMA_READ_CONSUME_CHECK_CONSUMER) timestamp=13111 ms, used_size=1253376 bytes (3.1%)
(RDMA_READ_CONSUME_CHECK_CONSUMER) timestamp=13111 ms, used_size=1251328 bytes (3.1%)
(RDMA_READ_CONSUME_CHECK_CONSUMER) timestamp=13111 ms, used_size=1249280 bytes (3.0%)
(RDMA_READ_CONSUME_CHECK_CONSUMER) timestamp=13111 ms, used_size=1247232 bytes (3.0%)
(RDMA_READ_CONSUME_CHECK_CONSUMER) timestamp=13111 ms, used_size=1245184 bytes (3.0%)
(RDMA_READ_CONSUME_CHECK_CONSUMER) timestamp=13111 ms, used_size=1243136 bytes (3.0%)
(RDMA_READ_CONSUME_CHECK_CONSUMER) timestamp=13111 ms, used_size=1241088 bytes (3.0%)
(RDMA_READ_CONSUME_CHECK_CONSUMER) timestamp=13111 ms, used_size=1239040 bytes (3.0%)
(RDMA_READ_CONSUME_CHECK_CONSUMER) timestamp=13111 ms, used_size=1236992 bytes (3.0%)
(RDMA_READ_CONSUME_CHECK_CONSUMER) timestamp=13111 ms, used_size=1234944 bytes (3.0%)
(RDMA_READ_CONSUME_CHECK_CONSUMER) timestamp=13111 ms, used_size=1232896 bytes (3.0%)
(RDMA_READ_CONSUME_CHECK_CONSUMER) timestamp=13111 ms, used_size=1230848 bytes (3.0%)
(RDMA_READ_CONSUME_CHECK_CONSUMER) timestamp=13111 ms, used_size=1228800 bytes (3.0%)
(RDMA_READ_CONSUME_CHECK_CONSUMER) timestamp=13111 ms, used_size=1226752 bytes (3.0%)
(RDMA_READ_CONSUME_CHECK_CONSUMER) timestamp=13111 ms, used_size=1224704 bytes (3.0%)
(RDMA_READ_CONSUME_CHECK_CONSUMER) timestamp=13111 ms, used_size=1222656 bytes (3.0%)
(RDMA_READ_CONSUME_CHECK_CONSUMER) timestamp=13112 ms, used_size=1220608 bytes (3.0%)
(RDMA_READ_CONSUME_CHECK_CONSUMER) timestamp=13112 ms, used_size=1218560 bytes (3.0%)
(RDMA_READ_CONSUME_CHECK_CONSUMER) timestamp=13112 ms, used_size=1216512 bytes (3.0%)
(RDMA_READ_CONSUME_CHECK_CONSUMER) timestamp=13112 ms, used_size=1214464 bytes (3.0%)
(RDMA_READ_CONSUME_CHECK_CONSUMER) timestamp=13112 ms, used_size=1212416 bytes (3.0%)
(RDMA_READ_CONSUME_CHECK_CONSUMER) timestamp=13112 ms, used_size=1210368 bytes (3.0%)
(RDMA_READ_CONSUME_CHECK_CONSUMER) timestamp=13112 ms, used_size=1208320 bytes (3.0%)
(RDMA_READ_CONSUME_CHECK_CONSUMER) timestamp=13112 ms, used_size=1206272 bytes (2.9%)
(RDMA_READ_CONSUME_CHECK_CONSUMER) timestamp=13112 ms, used_size=1204224 bytes (2.9%)
(RDMA_READ_CONSUME_CHECK_CONSUMER) timestamp=13112 ms, used_size=1202176 bytes (2.9%)
(RDMA_READ_CONSUME_CHECK_CONSUMER) timestamp=13112 ms, used_size=1200128 bytes (2.9%)
(RDMA_READ_CONSUME_CHECK_CONSUMER) timestamp=13112 ms, used_size=1198080 bytes (2.9%)
(RDMA_READ_CONSUME_CHECK_CONSUMER) timestamp=13112 ms, used_size=1196032 bytes (2.9%)
(RDMA_READ_CONSUME_CHECK_CONSUMER) timestamp=13112 ms, used_size=1193984 bytes (2.9%)
(RDMA_READ_CONSUME_CHECK_CONSUMER) timestamp=13112 ms, used_size=1191936 bytes (2.9%)
(RDMA_READ_CONSUME_CHECK_CONSUMER) timestamp=13112 ms, used_size=1189888 bytes (2.9%)
(RDMA_READ_CONSUME_CHECK_CONSUMER) timestamp=13112 ms, used_size=1187840 bytes (2.9%)
(RDMA_READ_CONSUME_CHECK_CONSUMER) timestamp=13112 ms, used_size=1185792 bytes (2.9%)
(RDMA_READ_CONSUME_CHECK_CONSUMER) timestamp=13112 ms, used_size=1183744 bytes (2.9%)
(RDMA_READ_CONSUME_CHECK_CONSUMER) timestamp=13112 ms, used_size=1181696 bytes (2.9%)
(RDMA_READ_CONSUME_CHECK_CONSUMER) timestamp=13112 ms, used_size=1179648 bytes (2.9%)
(RDMA_READ_CONSUME_CHECK_CONSUMER) timestamp=13112 ms, used_size=1177600 bytes (2.9%)
(RDMA_READ_CONSUME_CHECK_CONSUMER) timestamp=13112 ms, used_size=1175552 bytes (2.9%)
(RDMA_READ_CONSUME_CHECK_CONSUMER) timestamp=13112 ms, used_size=1173504 bytes (2.9%)
(RDMA_READ_CONSUME_CHECK_CONSUMER) timestamp=13112 ms, used_size=1171456 bytes (2.9%)
(RDMA_READ_CONSUME_CHECK_CONSUMER) timestamp=13112 ms, used_size=1169408 bytes (2.9%)
(RDMA_READ_CONSUME_CHECK_CONSUMER) timestamp=13112 ms, used_size=1167360 bytes (2.9%)
(RDMA_READ_CONSUME_CHECK_CONSUMER) timestamp=13112 ms, used_size=1165312 bytes (2.8%)
(RDMA_READ_CONSUME_CHECK_CONSUMER) timestamp=13112 ms, used_size=1163264 bytes (2.8%)
(RDMA_READ_CONSUME_CHECK_CONSUMER) timestamp=13112 ms, used_size=1161216 bytes (2.8%)
(RDMA_READ_CONSUME_CHECK_CONSUMER) timestamp=13112 ms, used_size=1159168 bytes (2.8%)
(RDMA_READ_CONSUME_CHECK_CONSUMER) timestamp=13112 ms, used_size=1157120 bytes (2.8%)
(RDMA_READ_CONSUME_CHECK_CONSUMER) timestamp=13112 ms, used_size=1155072 bytes (2.8%)
(RDMA_READ_CONSUME_CHECK_CONSUMER) timestamp=13112 ms, used_size=1153024 bytes (2.8%)
(RDMA_READ_CONSUME_CHECK_CONSUMER) timestamp=13112 ms, used_size=1150976 bytes (2.8%)
(RDMA_READ_CONSUME_CHECK_CONSUMER) timestamp=13112 ms, used_size=1148928 bytes (2.8%)
(RDMA_READ_CONSUME_CHECK_CONSUMER) timestamp=13112 ms, used_size=1146880 bytes (2.8%)
(RDMA_READ_CONSUME_CHECK_CONSUMER) timestamp=13112 ms, used_size=1144832 bytes (2.8%)
(RDMA_READ_CONSUME_CHECK_CONSUMER) timestamp=13112 ms, used_size=1142784 bytes (2.8%)
(RDMA_READ_CONSUME_CHECK_CONSUMER) timestamp=13112 ms, used_size=1140736 bytes (2.8%)
(RDMA_READ_CONSUME_CHECK_CONSUMER) timestamp=13112 ms, used_size=1138688 bytes (2.8%)
(RDMA_READ_CONSUME_CHECK_CONSUMER) timestamp=13112 ms, used_size=1136640 bytes (2.8%)
(RDMA_READ_CONSUME_CHECK_CONSUMER) timestamp=13112 ms, used_size=1134592 bytes (2.8%)
(RDMA_READ_CONSUME_CHECK_CONSUMER) timestamp=13112 ms, used_size=1132544 bytes (2.8%)
(RDMA_READ_CONSUME_CHECK_CONSUMER) timestamp=13112 ms, used_size=1130496 bytes (2.8%)
(RDMA_READ_CONSUME_CHECK_CONSUMER) timestamp=13112 ms, used_size=1128448 bytes (2.8%)
(RDMA_READ_CONSUME_CHECK_CONSUMER) timestamp=13112 ms, used_size=1126400 bytes (2.8%)
(RDMA_READ_CONSUME_CHECK_CONSUMER) timestamp=13112 ms, used_size=1124352 bytes (2.7%)
(RDMA_READ_CONSUME_CHECK_CONSUMER) timestamp=13112 ms, used_size=1122304 bytes (2.7%)
(RDMA_READ_CONSUME_CHECK_CONSUMER) timestamp=13112 ms, used_size=1120256 bytes (2.7%)
(RDMA_READ_CONSUME_CHECK_CONSUMER) timestamp=13112 ms, used_size=1118208 bytes (2.7%)
(RDMA_READ_CONSUME_CHECK_CONSUMER) timestamp=13112 ms, used_size=1116160 bytes (2.7%)
(RDMA_READ_CONSUME_CHECK_CONSUMER) timestamp=13112 ms, used_size=1114112 bytes (2.7%)
(RDMA_READ_CONSUME_CHECK_CONSUMER) timestamp=13112 ms, used_size=1112064 bytes (2.7%)
(RDMA_READ_CONSUME_CHECK_CONSUMER) timestamp=13112 ms, used_size=1110016 bytes (2.7%)
(RDMA_READ_CONSUME_CHECK_CONSUMER) timestamp=13112 ms, used_size=1107968 bytes (2.7%)
(RDMA_READ_CONSUME_CHECK_CONSUMER) timestamp=13112 ms, used_size=1105920 bytes (2.7%)
(RDMA_READ_CONSUME_CHECK_CONSUMER) timestamp=13112 ms, used_size=1103872 bytes (2.7%)
(RDMA_READ_CONSUME_CHECK_CONSUMER) timestamp=13112 ms, used_size=1101824 bytes (2.7%)
(RDMA_READ_CONSUME_CHECK_CONSUMER) timestamp=13112 ms, used_size=1099776 bytes (2.7%)
(RDMA_READ_CONSUME_CHECK_CONSUMER) timestamp=13112 ms, used_size=1097728 bytes (2.7%)
(RDMA_READ_CONSUME_CHECK_CONSUMER) timestamp=13112 ms, used_size=1095680 bytes (2.7%)
(RDMA_READ_CONSUME_CHECK_CONSUMER) timestamp=13112 ms, used_size=1093632 bytes (2.7%)
(RDMA_READ_CONSUME_CHECK_CONSUMER) timestamp=13112 ms, used_size=1091584 bytes (2.7%)
(RDMA_READ_CONSUME_CHECK_CONSUMER) timestamp=13112 ms, used_size=1089536 bytes (2.7%)
(RDMA_READ_CONSUME_CHECK_CONSUMER) timestamp=13112 ms, used_size=1087488 bytes (2.7%)
(RDMA_READ_CONSUME_CHECK_CONSUMER) timestamp=13112 ms, used_size=1085440 bytes (2.6%)
(RDMA_READ_CONSUME_CHECK_CONSUMER) timestamp=13112 ms, used_size=1083392 bytes (2.6%)
(RDMA_READ_CONSUME_CHECK_CONSUMER) timestamp=13112 ms, used_size=1081344 bytes (2.6%)
(RDMA_READ_CONSUME_CHECK_CONSUMER) timestamp=13112 ms, used_size=1079296 bytes (2.6%)
(RDMA_READ_CONSUME_CHECK_CONSUMER) timestamp=13112 ms, used_size=1077248 bytes (2.6%)
(RDMA_READ_CONSUME_CHECK_CONSUMER) timestamp=13112 ms, used_size=1075200 bytes (2.6%)
(RDMA_READ_CONSUME_CHECK_CONSUMER) timestamp=13112 ms, used_size=1073152 bytes (2.6%)
(RDMA_READ_CONSUME_CHECK_CONSUMER) timestamp=13112 ms, used_size=1071104 bytes (2.6%)
(RDMA_READ_CONSUME_CHECK_CONSUMER) timestamp=13112 ms, used_size=1069056 bytes (2.6%)
(RDMA_READ_CONSUME_CHECK_CONSUMER) timestamp=13112 ms, used_size=1067008 bytes (2.6%)
(RDMA_READ_CONSUME_CHECK_CONSUMER) timestamp=13112 ms, used_size=1064960 bytes (2.6%)
(RDMA_READ_CONSUME_CHECK_CONSUMER) timestamp=13112 ms, used_size=1062912 bytes (2.6%)
(RDMA_READ_CONSUME_CHECK_CONSUMER) timestamp=13112 ms, used_size=1060864 bytes (2.6%)
(RDMA_READ_CONSUME_CHECK_CONSUMER) timestamp=13112 ms, used_size=1058816 bytes (2.6%)
(RDMA_READ_CONSUME_CHECK_CONSUMER) timestamp=13112 ms, used_size=1056768 bytes (2.6%)
(RDMA_READ_CONSUME_CHECK_CONSUMER) timestamp=13112 ms, used_size=1054720 bytes (2.6%)
(RDMA_READ_CONSUME_CHECK_CONSUMER) timestamp=13112 ms, used_size=1052672 bytes (2.6%)
(RDMA_READ_CONSUME_CHECK_CONSUMER) timestamp=13112 ms, used_size=1050624 bytes (2.6%)
(RDMA_READ_CONSUME_CHECK_CONSUMER) timestamp=13112 ms, used_size=1048576 bytes (2.6%)
(RDMA_READ_CONSUME_CHECK_CONSUMER) timestamp=13112 ms, used_size=1046528 bytes (2.6%)
(RDMA_READ_CONSUME_CHECK_CONSUMER) timestamp=13112 ms, used_size=1044480 bytes (2.5%)
(RDMA_READ_CONSUME_CHECK_CONSUMER) timestamp=13112 ms, used_size=1042432 bytes (2.5%)
(RDMA_READ_CONSUME_CHECK_CONSUMER) timestamp=13112 ms, used_size=1040384 bytes (2.5%)
(RDMA_READ_CONSUME_CHECK_CONSUMER) timestamp=13112 ms, used_size=1038336 bytes (2.5%)
(RDMA_READ_CONSUME_CHECK_CONSUMER) timestamp=13112 ms, used_size=1036288 bytes (2.5%)
(RDMA_READ_CONSUME_CHECK_CONSUMER) timestamp=13112 ms, used_size=1034240 bytes (2.5%)
(RDMA_READ_CONSUME_CHECK_CONSUMER) timestamp=13112 ms, used_size=1032192 bytes (2.5%)
(RDMA_READ_CONSUME_CHECK_CONSUMER) timestamp=13112 ms, used_size=1030144 bytes (2.5%)
(RDMA_READ_CONSUME_CHECK_CONSUMER) timestamp=13112 ms, used_size=1028096 bytes (2.5%)
(RDMA_READ_CONSUME_CHECK_CONSUMER) timestamp=13112 ms, used_size=1026048 bytes (2.5%)
(RDMA_READ_CONSUME_CHECK_CONSUMER) timestamp=13112 ms, used_size=1024000 bytes (2.5%)
(RDMA_READ_CONSUME_CHECK_CONSUMER) timestamp=13112 ms, used_size=1021952 bytes (2.5%)
(RDMA_READ_CONSUME_CHECK_CONSUMER) timestamp=13112 ms, used_size=1019904 bytes (2.5%)
(RDMA_READ_CONSUME_CHECK_CONSUMER) timestamp=13112 ms, used_size=1017856 bytes (2.5%)
(RDMA_READ_CONSUME_CHECK_CONSUMER) timestamp=13112 ms, used_size=1015808 bytes (2.5%)
(RDMA_READ_CONSUME_CHECK_CONSUMER) timestamp=13112 ms, used_size=1013760 bytes (2.5%)
(RDMA_READ_CONSUME_CHECK_CONSUMER) timestamp=13112 ms, used_size=1011712 bytes (2.5%)
(RDMA_READ_CONSUME_CHECK_CONSUMER) timestamp=13112 ms, used_size=1009664 bytes (2.5%)
(RDMA_READ_CONSUME_CHECK_CONSUMER) timestamp=13112 ms, used_size=1007616 bytes (2.5%)
(RDMA_READ_CONSUME_CHECK_CONSUMER) timestamp=13112 ms, used_size=1005568 bytes (2.5%)
(RDMA_READ_CONSUME_CHECK_CONSUMER) timestamp=13112 ms, used_size=1003520 bytes (2.5%)
(RDMA_READ_CONSUME_CHECK_CONSUMER) timestamp=13112 ms, used_size=1001472 bytes (2.4%)
(RDMA_READ_CONSUME_CHECK_CONSUMER) timestamp=13112 ms, used_size=999424 bytes (2.4%)
(RDMA_READ_CONSUME_CHECK_CONSUMER) timestamp=13112 ms, used_size=997376 bytes (2.4%)
(RDMA_READ_CONSUME_CHECK_CONSUMER) timestamp=13112 ms, used_size=995328 bytes (2.4%)
(RDMA_READ_CONSUME_CHECK_CONSUMER) timestamp=13112 ms, used_size=993280 bytes (2.4%)
(RDMA_READ_CONSUME_CHECK_CONSUMER) timestamp=13112 ms, used_size=991232 bytes (2.4%)
(RDMA_READ_CONSUME_CHECK_CONSUMER) timestamp=13112 ms, used_size=989184 bytes (2.4%)
(RDMA_READ_CONSUME_CHECK_CONSUMER) timestamp=13112 ms, used_size=987136 bytes (2.4%)
(RDMA_READ_CONSUME_CHECK_CONSUMER) timestamp=13112 ms, used_size=985088 bytes (2.4%)
(RDMA_READ_CONSUME_CHECK_CONSUMER) timestamp=13112 ms, used_size=983040 bytes (2.4%)
(RDMA_READ_CONSUME_CHECK_CONSUMER) timestamp=13112 ms, used_size=980992 bytes (2.4%)
(RDMA_READ_CONSUME_CHECK_CONSUMER) timestamp=13112 ms, used_size=978944 bytes (2.4%)
(RDMA_READ_CONSUME_CHECK_CONSUMER) timestamp=13112 ms, used_size=976896 bytes (2.4%)
(RDMA_READ_CONSUME_CHECK_CONSUMER) timestamp=13112 ms, used_size=974848 bytes (2.4%)
(RDMA_READ_CONSUME_CHECK_CONSUMER) timestamp=13112 ms, used_size=972800 bytes (2.4%)
(RDMA_READ_CONSUME_CHECK_CONSUMER) timestamp=13112 ms, used_size=970752 bytes (2.4%)
(RDMA_READ_CONSUME_CHECK_CONSUMER) timestamp=13112 ms, used_size=968704 bytes (2.4%)
(RDMA_READ_CONSUME_CHECK_CONSUMER) timestamp=13112 ms, used_size=966656 bytes (2.4%)
(RDMA_READ_CONSUME_CHECK_CONSUMER) timestamp=13112 ms, used_size=964608 bytes (2.4%)
(RDMA_READ_CONSUME_CHECK_CONSUMER) timestamp=13112 ms, used_size=962560 bytes (2.4%)
(RDMA_READ_CONSUME_CHECK_CONSUMER) timestamp=13112 ms, used_size=960512 bytes (2.3%)
(RDMA_READ_CONSUME_CHECK_CONSUMER) timestamp=13112 ms, used_size=958464 bytes (2.3%)
(RDMA_READ_CONSUME_CHECK_CONSUMER) timestamp=13112 ms, used_size=956416 bytes (2.3%)
(RDMA_READ_CONSUME_CHECK_CONSUMER) timestamp=13112 ms, used_size=954368 bytes (2.3%)
(RDMA_READ_CONSUME_CHECK_CONSUMER) timestamp=13112 ms, used_size=952320 bytes (2.3%)
(RDMA_READ_CONSUME_CHECK_CONSUMER) timestamp=13112 ms, used_size=950272 bytes (2.3%)
(RDMA_READ_CONSUME_CHECK_CONSUMER) timestamp=13112 ms, used_size=948224 bytes (2.3%)
(RDMA_READ_CONSUME_CHECK_CONSUMER) timestamp=13112 ms, used_size=946176 bytes (2.3%)
(RDMA_READ_CONSUME_CHECK_CONSUMER) timestamp=13112 ms, used_size=944128 bytes (2.3%)
(RDMA_READ_CONSUME_CHECK_CONSUMER) timestamp=13112 ms, used_size=942080 bytes (2.3%)
(RDMA_READ_CONSUME_CHECK_CONSUMER) timestamp=13112 ms, used_size=940032 bytes (2.3%)
(RDMA_READ_CONSUME_CHECK_CONSUMER) timestamp=13112 ms, used_size=937984 bytes (2.3%)
(RDMA_READ_CONSUME_CHECK_CONSUMER) timestamp=13112 ms, used_size=935936 bytes (2.3%)
(RDMA_READ_CONSUME_CHECK_CONSUMER) timestamp=13112 ms, used_size=933888 bytes (2.3%)
(RDMA_READ_CONSUME_CHECK_CONSUMER) timestamp=13112 ms, used_size=931840 bytes (2.3%)
(RDMA_READ_CONSUME_CHECK_CONSUMER) timestamp=13112 ms, used_size=929792 bytes (2.3%)
(RDMA_READ_CONSUME_CHECK_CONSUMER) timestamp=13112 ms, used_size=927744 bytes (2.3%)
(RDMA_READ_CONSUME_CHECK_CONSUMER) timestamp=13112 ms, used_size=925696 bytes (2.3%)
(RDMA_READ_CONSUME_CHECK_CONSUMER) timestamp=13112 ms, used_size=923648 bytes (2.3%)
(RDMA_READ_CONSUME_CHECK_CONSUMER) timestamp=13112 ms, used_size=921600 bytes (2.2%)
(RDMA_READ_CONSUME_CHECK_CONSUMER) timestamp=13112 ms, used_size=919552 bytes (2.2%)
(RDMA_READ_CONSUME_CHECK_CONSUMER) timestamp=13112 ms, used_size=917504 bytes (2.2%)
(RDMA_READ_CONSUME_CHECK_CONSUMER) timestamp=13112 ms, used_size=915456 bytes (2.2%)
(RDMA_READ_CONSUME_CHECK_CONSUMER) timestamp=13112 ms, used_size=913408 bytes (2.2%)
(RDMA_READ_CONSUME_CHECK_CONSUMER) timestamp=13112 ms, used_size=911360 bytes (2.2%)
(RDMA_READ_CONSUME_CHECK_CONSUMER) timestamp=13112 ms, used_size=909312 bytes (2.2%)
(RDMA_READ_CONSUME_CHECK_CONSUMER) timestamp=13112 ms, used_size=907264 bytes (2.2%)
(RDMA_READ_CONSUME_CHECK_CONSUMER) timestamp=13112 ms, used_size=905216 bytes (2.2%)
(RDMA_READ_CONSUME_CHECK_CONSUMER) timestamp=13112 ms, used_size=903168 bytes (2.2%)
(RDMA_READ_CONSUME_CHECK_CONSUMER) timestamp=13112 ms, used_size=901120 bytes (2.2%)
(RDMA_READ_CONSUME_CHECK_CONSUMER) timestamp=13112 ms, used_size=899072 bytes (2.2%)
(RDMA_READ_CONSUME_CHECK_CONSUMER) timestamp=13112 ms, used_size=897024 bytes (2.2%)
(RDMA_READ_CONSUME_CHECK_CONSUMER) timestamp=13112 ms, used_size=894976 bytes (2.2%)
(RDMA_READ_CONSUME_CHECK_CONSUMER) timestamp=13112 ms, used_size=892928 bytes (2.2%)
(RDMA_READ_CONSUME_CHECK_CONSUMER) timestamp=13112 ms, used_size=890880 bytes (2.2%)
(RDMA_READ_CONSUME_CHECK_CONSUMER) timestamp=13112 ms, used_size=888832 bytes (2.2%)
(RDMA_READ_CONSUME_CHECK_CONSUMER) timestamp=13112 ms, used_size=886784 bytes (2.2%)
(RDMA_READ_CONSUME_CHECK_CONSUMER) timestamp=13112 ms, used_size=884736 bytes (2.2%)
(RDMA_READ_CONSUME_CHECK_CONSUMER) timestamp=13112 ms, used_size=882688 bytes (2.2%)
(RDMA_READ_CONSUME_CHECK_CONSUMER) timestamp=13112 ms, used_size=880640 bytes (2.1%)
(RDMA_READ_CONSUME_CHECK_CONSUMER) timestamp=13112 ms, used_size=878592 bytes (2.1%)
(RDMA_READ_CONSUME_CHECK_CONSUMER) timestamp=13112 ms, used_size=876544 bytes (2.1%)
(RDMA_READ_CONSUME_CHECK_CONSUMER) timestamp=13112 ms, used_size=874496 bytes (2.1%)
(RDMA_READ_CONSUME_CHECK_CONSUMER) timestamp=13113 ms, used_size=872448 bytes (2.1%)
(RDMA_READ_CONSUME_CHECK_CONSUMER) timestamp=13113 ms, used_size=870400 bytes (2.1%)
(RDMA_READ_CONSUME_CHECK_CONSUMER) timestamp=13113 ms, used_size=868352 bytes (2.1%)
(RDMA_READ_CONSUME_CHECK_CONSUMER) timestamp=13113 ms, used_size=866304 bytes (2.1%)
(RDMA_READ_CONSUME_CHECK_CONSUMER) timestamp=13113 ms, used_size=864256 bytes (2.1%)
(RDMA_READ_CONSUME_CHECK_CONSUMER) timestamp=13113 ms, used_size=862208 bytes (2.1%)
(RDMA_READ_CONSUME_CHECK_CONSUMER) timestamp=13113 ms, used_size=860160 bytes (2.1%)
(RDMA_READ_CONSUME_CHECK_CONSUMER) timestamp=13113 ms, used_size=858112 bytes (2.1%)
(RDMA_READ_CONSUME_CHECK_CONSUMER) timestamp=13113 ms, used_size=856064 bytes (2.1%)
(RDMA_READ_CONSUME_CHECK_CONSUMER) timestamp=13113 ms, used_size=854016 bytes (2.1%)
(RDMA_READ_CONSUME_CHECK_CONSUMER) timestamp=13113 ms, used_size=851968 bytes (2.1%)
(RDMA_READ_CONSUME_CHECK_CONSUMER) timestamp=13113 ms, used_size=849920 bytes (2.1%)
(RDMA_READ_CONSUME_CHECK_CONSUMER) timestamp=13113 ms, used_size=847872 bytes (2.1%)
(RDMA_READ_CONSUME_CHECK_CONSUMER) timestamp=13113 ms, used_size=845824 bytes (2.1%)
(RDMA_READ_CONSUME_CHECK_CONSUMER) timestamp=13113 ms, used_size=843776 bytes (2.1%)
(RDMA_READ_CONSUME_CHECK_CONSUMER) timestamp=13113 ms, used_size=841728 bytes (2.1%)
(RDMA_READ_CONSUME_CHECK_CONSUMER) timestamp=13113 ms, used_size=839680 bytes (2.0%)
(RDMA_READ_CONSUME_CHECK_CONSUMER) timestamp=13113 ms, used_size=837632 bytes (2.0%)
(RDMA_READ_CONSUME_CHECK_CONSUMER) timestamp=13113 ms, used_size=835584 bytes (2.0%)
(RDMA_READ_CONSUME_CHECK_CONSUMER) timestamp=13113 ms, used_size=833536 bytes (2.0%)
(RDMA_READ_CONSUME_CHECK_CONSUMER) timestamp=13113 ms, used_size=831488 bytes (2.0%)
(RDMA_READ_CONSUME_CHECK_CONSUMER) timestamp=13113 ms, used_size=829440 bytes (2.0%)
(RDMA_READ_CONSUME_CHECK_CONSUMER) timestamp=13113 ms, used_size=827392 bytes (2.0%)
(RDMA_READ_CONSUME_CHECK_CONSUMER) timestamp=13113 ms, used_size=825344 bytes (2.0%)
(RDMA_READ_CONSUME_CHECK_CONSUMER) timestamp=13113 ms, used_size=823296 bytes (2.0%)
(RDMA_READ_CONSUME_CHECK_CONSUMER) timestamp=13113 ms, used_size=821248 bytes (2.0%)
(RDMA_READ_CONSUME_CHECK_CONSUMER) timestamp=13113 ms, used_size=819200 bytes (2.0%)
(RDMA_READ_CONSUME_CHECK_CONSUMER) timestamp=13113 ms, used_size=817152 bytes (2.0%)
(RDMA_READ_CONSUME_CHECK_CONSUMER) timestamp=13113 ms, used_size=815104 bytes (2.0%)
(RDMA_READ_CONSUME_CHECK_CONSUMER) timestamp=13113 ms, used_size=813056 bytes (2.0%)
(RDMA_READ_CONSUME_CHECK_CONSUMER) timestamp=13113 ms, used_size=811008 bytes (2.0%)
(RDMA_READ_CONSUME_CHECK_CONSUMER) timestamp=13113 ms, used_size=808960 bytes (2.0%)
(RDMA_READ_CONSUME_CHECK_CONSUMER) timestamp=13113 ms, used_size=806912 bytes (2.0%)
(RDMA_READ_CONSUME_CHECK_CONSUMER) timestamp=13113 ms, used_size=804864 bytes (2.0%)
(RDMA_READ_CONSUME_CHECK_CONSUMER) timestamp=13113 ms, used_size=802816 bytes (2.0%)
(RDMA_READ_CONSUME_CHECK_CONSUMER) timestamp=13113 ms, used_size=800768 bytes (2.0%)
(RDMA_READ_CONSUME_CHECK_CONSUMER) timestamp=13113 ms, used_size=798720 bytes (1.9%)
(RDMA_READ_CONSUME_CHECK_CONSUMER) timestamp=13113 ms, used_size=796672 bytes (1.9%)
(RDMA_READ_CONSUME_CHECK_CONSUMER) timestamp=13113 ms, used_size=794624 bytes (1.9%)
(RDMA_READ_CONSUME_CHECK_CONSUMER) timestamp=13113 ms, used_size=792576 bytes (1.9%)
(RDMA_READ_CONSUME_CHECK_CONSUMER) timestamp=13113 ms, used_size=790528 bytes (1.9%)
(RDMA_READ_CONSUME_CHECK_CONSUMER) timestamp=13113 ms, used_size=788480 bytes (1.9%)
(RDMA_READ_CONSUME_CHECK_CONSUMER) timestamp=13113 ms, used_size=786432 bytes (1.9%)
(RDMA_READ_CONSUME_CHECK_CONSUMER) timestamp=13113 ms, used_size=784384 bytes (1.9%)
(RDMA_READ_CONSUME_CHECK_CONSUMER) timestamp=13113 ms, used_size=782336 bytes (1.9%)
(RDMA_READ_CONSUME_CHECK_CONSUMER) timestamp=13113 ms, used_size=780288 bytes (1.9%)
(RDMA_READ_CONSUME_CHECK_CONSUMER) timestamp=13113 ms, used_size=778240 bytes (1.9%)
(RDMA_READ_CONSUME_CHECK_CONSUMER) timestamp=13113 ms, used_size=776192 bytes (1.9%)
(RDMA_READ_CONSUME_CHECK_CONSUMER) timestamp=13113 ms, used_size=774144 bytes (1.9%)
(RDMA_READ_CONSUME_CHECK_CONSUMER) timestamp=13113 ms, used_size=772096 bytes (1.9%)
(RDMA_READ_CONSUME_CHECK_CONSUMER) timestamp=13113 ms, used_size=770048 bytes (1.9%)
(RDMA_READ_CONSUME_CHECK_CONSUMER) timestamp=13113 ms, used_size=768000 bytes (1.9%)
(RDMA_READ_CONSUME_CHECK_CONSUMER) timestamp=13113 ms, used_size=765952 bytes (1.9%)
(RDMA_READ_CONSUME_CHECK_CONSUMER) timestamp=13113 ms, used_size=763904 bytes (1.9%)
(RDMA_READ_CONSUME_CHECK_CONSUMER) timestamp=13113 ms, used_size=761856 bytes (1.9%)
(RDMA_READ_CONSUME_CHECK_CONSUMER) timestamp=13113 ms, used_size=759808 bytes (1.9%)
(RDMA_READ_CONSUME_CHECK_CONSUMER) timestamp=13113 ms, used_size=757760 bytes (1.9%)
(RDMA_READ_CONSUME_CHECK_CONSUMER) timestamp=13113 ms, used_size=755712 bytes (1.8%)
(RDMA_READ_CONSUME_CHECK_CONSUMER) timestamp=13113 ms, used_size=753664 bytes (1.8%)
(RDMA_READ_CONSUME_CHECK_CONSUMER) timestamp=13113 ms, used_size=751616 bytes (1.8%)
(RDMA_READ_CONSUME_CHECK_CONSUMER) timestamp=13113 ms, used_size=749568 bytes (1.8%)
(RDMA_READ_CONSUME_CHECK_CONSUMER) timestamp=13113 ms, used_size=747520 bytes (1.8%)
(RDMA_READ_CONSUME_CHECK_CONSUMER) timestamp=13113 ms, used_size=745472 bytes (1.8%)
(RDMA_READ_CONSUME_CHECK_CONSUMER) timestamp=13113 ms, used_size=743424 bytes (1.8%)
(RDMA_READ_CONSUME_CHECK_CONSUMER) timestamp=13113 ms, used_size=741376 bytes (1.8%)
(RDMA_READ_CONSUME_CHECK_CONSUMER) timestamp=13113 ms, used_size=739328 bytes (1.8%)
(RDMA_READ_CONSUME_CHECK_CONSUMER) timestamp=13113 ms, used_size=737280 bytes (1.8%)
(RDMA_READ_CONSUME_CHECK_CONSUMER) timestamp=13113 ms, used_size=735232 bytes (1.8%)
(RDMA_READ_CONSUME_CHECK_CONSUMER) timestamp=13113 ms, used_size=733184 bytes (1.8%)
(RDMA_READ_CONSUME_CHECK_CONSUMER) timestamp=13113 ms, used_size=731136 bytes (1.8%)
(RDMA_READ_CONSUME_CHECK_CONSUMER) timestamp=13113 ms, used_size=729088 bytes (1.8%)
(RDMA_READ_CONSUME_CHECK_CONSUMER) timestamp=13113 ms, used_size=727040 bytes (1.8%)
(RDMA_READ_CONSUME_CHECK_CONSUMER) timestamp=13113 ms, used_size=724992 bytes (1.8%)
(RDMA_READ_CONSUME_CHECK_CONSUMER) timestamp=13113 ms, used_size=722944 bytes (1.8%)
(RDMA_READ_CONSUME_CHECK_CONSUMER) timestamp=13113 ms, used_size=720896 bytes (1.8%)
(RDMA_READ_CONSUME_CHECK_CONSUMER) timestamp=13113 ms, used_size=718848 bytes (1.8%)
(RDMA_READ_CONSUME_CHECK_CONSUMER) timestamp=13113 ms, used_size=716800 bytes (1.8%)
(RDMA_READ_CONSUME_CHECK_CONSUMER) timestamp=13113 ms, used_size=714752 bytes (1.7%)
(RDMA_READ_CONSUME_CHECK_CONSUMER) timestamp=13113 ms, used_size=712704 bytes (1.7%)
(RDMA_READ_CONSUME_CHECK_CONSUMER) timestamp=13113 ms, used_size=710656 bytes (1.7%)
(RDMA_READ_CONSUME_CHECK_CONSUMER) timestamp=13113 ms, used_size=708608 bytes (1.7%)
(RDMA_READ_CONSUME_CHECK_CONSUMER) timestamp=13113 ms, used_size=706560 bytes (1.7%)
(RDMA_READ_CONSUME_CHECK_CONSUMER) timestamp=13113 ms, used_size=704512 bytes (1.7%)
(RDMA_READ_CONSUME_CHECK_CONSUMER) timestamp=13113 ms, used_size=702464 bytes (1.7%)
(RDMA_READ_CONSUME_CHECK_CONSUMER) timestamp=13113 ms, used_size=700416 bytes (1.7%)
(RDMA_READ_CONSUME_CHECK_CONSUMER) timestamp=13113 ms, used_size=698368 bytes (1.7%)
(RDMA_READ_CONSUME_CHECK_CONSUMER) timestamp=13113 ms, used_size=696320 bytes (1.7%)
(RDMA_READ_CONSUME_CHECK_CONSUMER) timestamp=13113 ms, used_size=694272 bytes (1.7%)
(RDMA_READ_CONSUME_CHECK_CONSUMER) timestamp=13113 ms, used_size=692224 bytes (1.7%)
(RDMA_READ_CONSUME_CHECK_CONSUMER) timestamp=13113 ms, used_size=690176 bytes (1.7%)
(RDMA_READ_CONSUME_CHECK_CONSUMER) timestamp=13113 ms, used_size=688128 bytes (1.7%)
(RDMA_READ_CONSUME_CHECK_CONSUMER) timestamp=13113 ms, used_size=686080 bytes (1.7%)
(RDMA_READ_CONSUME_CHECK_CONSUMER) timestamp=13113 ms, used_size=684032 bytes (1.7%)
(RDMA_READ_CONSUME_CHECK_CONSUMER) timestamp=13113 ms, used_size=681984 bytes (1.7%)
(RDMA_READ_CONSUME_CHECK_CONSUMER) timestamp=13113 ms, used_size=679936 bytes (1.7%)
(RDMA_READ_CONSUME_CHECK_CONSUMER) timestamp=13113 ms, used_size=677888 bytes (1.7%)
(RDMA_READ_CONSUME_CHECK_CONSUMER) timestamp=13113 ms, used_size=675840 bytes (1.6%)
(RDMA_READ_CONSUME_CHECK_CONSUMER) timestamp=13113 ms, used_size=673792 bytes (1.6%)
(RDMA_READ_CONSUME_CHECK_CONSUMER) timestamp=13113 ms, used_size=671744 bytes (1.6%)
(RDMA_READ_CONSUME_CHECK_CONSUMER) timestamp=13113 ms, used_size=669696 bytes (1.6%)
(RDMA_READ_CONSUME_CHECK_CONSUMER) timestamp=13113 ms, used_size=667648 bytes (1.6%)
(RDMA_READ_CONSUME_CHECK_CONSUMER) timestamp=13113 ms, used_size=665600 bytes (1.6%)
(RDMA_READ_CONSUME_CHECK_CONSUMER) timestamp=13113 ms, used_size=663552 bytes (1.6%)
(RDMA_READ_CONSUME_CHECK_CONSUMER) timestamp=13113 ms, used_size=661504 bytes (1.6%)
(RDMA_READ_CONSUME_CHECK_CONSUMER) timestamp=13113 ms, used_size=659456 bytes (1.6%)
(RDMA_READ_CONSUME_CHECK_CONSUMER) timestamp=13113 ms, used_size=657408 bytes (1.6%)
(RDMA_READ_CONSUME_CHECK_CONSUMER) timestamp=13113 ms, used_size=655360 bytes (1.6%)
(RDMA_READ_CONSUME_CHECK_CONSUMER) timestamp=13113 ms, used_size=653312 bytes (1.6%)
(RDMA_READ_CONSUME_CHECK_CONSUMER) timestamp=13113 ms, used_size=651264 bytes (1.6%)
(RDMA_READ_CONSUME_CHECK_CONSUMER) timestamp=13113 ms, used_size=649216 bytes (1.6%)
(RDMA_READ_CONSUME_CHECK_CONSUMER) timestamp=13113 ms, used_size=647168 bytes (1.6%)
(RDMA_READ_CONSUME_CHECK_CONSUMER) timestamp=13113 ms, used_size=645120 bytes (1.6%)
(RDMA_READ_CONSUME_CHECK_CONSUMER) timestamp=13113 ms, used_size=643072 bytes (1.6%)
(RDMA_READ_CONSUME_CHECK_CONSUMER) timestamp=13113 ms, used_size=641024 bytes (1.6%)
(RDMA_READ_CONSUME_CHECK_CONSUMER) timestamp=13113 ms, used_size=638976 bytes (1.6%)
(RDMA_READ_CONSUME_CHECK_CONSUMER) timestamp=13113 ms, used_size=636928 bytes (1.6%)
(RDMA_READ_CONSUME_CHECK_CONSUMER) timestamp=13113 ms, used_size=634880 bytes (1.6%)
(RDMA_READ_CONSUME_CHECK_CONSUMER) timestamp=13113 ms, used_size=632832 bytes (1.5%)
(RDMA_READ_CONSUME_CHECK_CONSUMER) timestamp=13113 ms, used_size=630784 bytes (1.5%)
(RDMA_READ_CONSUME_CHECK_CONSUMER) timestamp=13113 ms, used_size=628736 bytes (1.5%)
(RDMA_READ_CONSUME_CHECK_CONSUMER) timestamp=13113 ms, used_size=626688 bytes (1.5%)
(RDMA_READ_CONSUME_CHECK_CONSUMER) timestamp=13113 ms, used_size=624640 bytes (1.5%)
(RDMA_READ_CONSUME_CHECK_CONSUMER) timestamp=13113 ms, used_size=622592 bytes (1.5%)
(RDMA_READ_CONSUME_CHECK_CONSUMER) timestamp=13113 ms, used_size=620544 bytes (1.5%)
(RDMA_READ_CONSUME_CHECK_CONSUMER) timestamp=13113 ms, used_size=618496 bytes (1.5%)
(RDMA_READ_CONSUME_CHECK_CONSUMER) timestamp=13113 ms, used_size=616448 bytes (1.5%)
(RDMA_READ_CONSUME_CHECK_CONSUMER) timestamp=13113 ms, used_size=614400 bytes (1.5%)
(RDMA_READ_CONSUME_CHECK_CONSUMER) timestamp=13113 ms, used_size=612352 bytes (1.5%)
(RDMA_READ_CONSUME_CHECK_CONSUMER) timestamp=13113 ms, used_size=610304 bytes (1.5%)
(RDMA_READ_CONSUME_CHECK_CONSUMER) timestamp=13113 ms, used_size=608256 bytes (1.5%)
(RDMA_READ_CONSUME_CHECK_CONSUMER) timestamp=13113 ms, used_size=606208 bytes (1.5%)
(RDMA_READ_CONSUME_CHECK_CONSUMER) timestamp=13113 ms, used_size=604160 bytes (1.5%)
(RDMA_READ_CONSUME_CHECK_CONSUMER) timestamp=13113 ms, used_size=602112 bytes (1.5%)
(RDMA_READ_CONSUME_CHECK_CONSUMER) timestamp=13113 ms, used_size=600064 bytes (1.5%)
(RDMA_READ_CONSUME_CHECK_CONSUMER) timestamp=13113 ms, used_size=598016 bytes (1.5%)
(RDMA_READ_CONSUME_CHECK_CONSUMER) timestamp=13113 ms, used_size=595968 bytes (1.5%)
(RDMA_READ_CONSUME_CHECK_CONSUMER) timestamp=13113 ms, used_size=593920 bytes (1.4%)
(RDMA_READ_CONSUME_CHECK_CONSUMER) timestamp=13113 ms, used_size=591872 bytes (1.4%)
(RDMA_READ_CONSUME_CHECK_CONSUMER) timestamp=13113 ms, used_size=589824 bytes (1.4%)
(RDMA_READ_CONSUME_CHECK_CONSUMER) timestamp=13113 ms, used_size=587776 bytes (1.4%)
(RDMA_READ_CONSUME_CHECK_CONSUMER) timestamp=13113 ms, used_size=585728 bytes (1.4%)
(RDMA_READ_CONSUME_CHECK_CONSUMER) timestamp=13113 ms, used_size=583680 bytes (1.4%)
(RDMA_READ_CONSUME_CHECK_CONSUMER) timestamp=13113 ms, used_size=581632 bytes (1.4%)
(RDMA_READ_CONSUME_CHECK_CONSUMER) timestamp=13113 ms, used_size=579584 bytes (1.4%)
(RDMA_READ_CONSUME_CHECK_CONSUMER) timestamp=13113 ms, used_size=577536 bytes (1.4%)
(RDMA_READ_CONSUME_CHECK_CONSUMER) timestamp=13113 ms, used_size=575488 bytes (1.4%)
(RDMA_READ_CONSUME_CHECK_CONSUMER) timestamp=13113 ms, used_size=573440 bytes (1.4%)
(RDMA_READ_CONSUME_CHECK_CONSUMER) timestamp=13113 ms, used_size=571392 bytes (1.4%)
(RDMA_READ_CONSUME_CHECK_CONSUMER) timestamp=13113 ms, used_size=569344 bytes (1.4%)
(RDMA_READ_CONSUME_CHECK_CONSUMER) timestamp=13113 ms, used_size=567296 bytes (1.4%)
(RDMA_READ_CONSUME_CHECK_CONSUMER) timestamp=13113 ms, used_size=565248 bytes (1.4%)
(RDMA_READ_CONSUME_CHECK_CONSUMER) timestamp=13113 ms, used_size=563200 bytes (1.4%)
(RDMA_READ_CONSUME_CHECK_CONSUMER) timestamp=13113 ms, used_size=561152 bytes (1.4%)
(RDMA_READ_CONSUME_CHECK_CONSUMER) timestamp=13113 ms, used_size=559104 bytes (1.4%)
(RDMA_READ_CONSUME_CHECK_CONSUMER) timestamp=13113 ms, used_size=557056 bytes (1.4%)
(RDMA_READ_CONSUME_CHECK_CONSUMER) timestamp=13113 ms, used_size=555008 bytes (1.4%)
(RDMA_READ_CONSUME_CHECK_CONSUMER) timestamp=13113 ms, used_size=552960 bytes (1.4%)
(RDMA_READ_CONSUME_CHECK_CONSUMER) timestamp=13113 ms, used_size=550912 bytes (1.3%)
(RDMA_READ_CONSUME_CHECK_CONSUMER) timestamp=13113 ms, used_size=548864 bytes (1.3%)
(RDMA_READ_CONSUME_CHECK_CONSUMER) timestamp=13113 ms, used_size=546816 bytes (1.3%)
(RDMA_READ_CONSUME_CHECK_CONSUMER) timestamp=13113 ms, used_size=544768 bytes (1.3%)
(RDMA_READ_CONSUME_CHECK_CONSUMER) timestamp=13113 ms, used_size=542720 bytes (1.3%)
(RDMA_READ_CONSUME_CHECK_CONSUMER) timestamp=13113 ms, used_size=540672 bytes (1.3%)
(RDMA_READ_CONSUME_CHECK_CONSUMER) timestamp=13113 ms, used_size=538624 bytes (1.3%)
(RDMA_READ_CONSUME_CHECK_CONSUMER) timestamp=13113 ms, used_size=536576 bytes (1.3%)
(RDMA_READ_CONSUME_CHECK_CONSUMER) timestamp=13113 ms, used_size=534528 bytes (1.3%)
(RDMA_READ_CONSUME_CHECK_CONSUMER) timestamp=13113 ms, used_size=532480 bytes (1.3%)
(RDMA_READ_CONSUME_CHECK_CONSUMER) timestamp=13113 ms, used_size=530432 bytes (1.3%)
(RDMA_READ_CONSUME_CHECK_CONSUMER) timestamp=13113 ms, used_size=528384 bytes (1.3%)
(RDMA_READ_CONSUME_CHECK_CONSUMER) timestamp=13113 ms, used_size=526336 bytes (1.3%)
(RDMA_READ_CONSUME_CHECK_CONSUMER) timestamp=13114 ms, used_size=524288 bytes (1.3%)
(RDMA_READ_CONSUME_CHECK_CONSUMER) timestamp=13114 ms, used_size=522240 bytes (1.3%)
(RDMA_READ_CONSUME_CHECK_CONSUMER) timestamp=13114 ms, used_size=520192 bytes (1.3%)
(RDMA_READ_CONSUME_CHECK_CONSUMER) timestamp=13114 ms, used_size=518144 bytes (1.3%)
(RDMA_READ_CONSUME_CHECK_CONSUMER) timestamp=13114 ms, used_size=516096 bytes (1.3%)
(RDMA_READ_CONSUME_CHECK_CONSUMER) timestamp=13114 ms, used_size=514048 bytes (1.3%)
(RDMA_READ_CONSUME_CHECK_CONSUMER) timestamp=13114 ms, used_size=512000 bytes (1.2%)
(RDMA_READ_CONSUME_CHECK_CONSUMER) timestamp=13114 ms, used_size=509952 bytes (1.2%)
(RDMA_READ_CONSUME_CHECK_CONSUMER) timestamp=13114 ms, used_size=507904 bytes (1.2%)
(RDMA_READ_CONSUME_CHECK_CONSUMER) timestamp=13114 ms, used_size=505856 bytes (1.2%)
(RDMA_READ_CONSUME_CHECK_CONSUMER) timestamp=13114 ms, used_size=503808 bytes (1.2%)
(RDMA_READ_CONSUME_CHECK_CONSUMER) timestamp=13114 ms, used_size=501760 bytes (1.2%)
(RDMA_READ_CONSUME_CHECK_CONSUMER) timestamp=13114 ms, used_size=499712 bytes (1.2%)
(RDMA_READ_CONSUME_CHECK_CONSUMER) timestamp=13114 ms, used_size=497664 bytes (1.2%)
(RDMA_READ_CONSUME_CHECK_CONSUMER) timestamp=13114 ms, used_size=495616 bytes (1.2%)
(RDMA_READ_CONSUME_CHECK_CONSUMER) timestamp=13114 ms, used_size=493568 bytes (1.2%)
(RDMA_READ_CONSUME_CHECK_CONSUMER) timestamp=13114 ms, used_size=491520 bytes (1.2%)
(RDMA_READ_CONSUME_CHECK_CONSUMER) timestamp=13114 ms, used_size=489472 bytes (1.2%)
(RDMA_READ_CONSUME_CHECK_CONSUMER) timestamp=13114 ms, used_size=487424 bytes (1.2%)
(RDMA_READ_CONSUME_CHECK_CONSUMER) timestamp=13114 ms, used_size=485376 bytes (1.2%)
(RDMA_READ_CONSUME_CHECK_CONSUMER) timestamp=13114 ms, used_size=483328 bytes (1.2%)
(RDMA_READ_CONSUME_CHECK_CONSUMER) timestamp=13114 ms, used_size=481280 bytes (1.2%)
(RDMA_READ_CONSUME_CHECK_CONSUMER) timestamp=13114 ms, used_size=479232 bytes (1.2%)
(RDMA_READ_CONSUME_CHECK_CONSUMER) timestamp=13114 ms, used_size=477184 bytes (1.2%)
(RDMA_READ_CONSUME_CHECK_CONSUMER) timestamp=13114 ms, used_size=475136 bytes (1.2%)
(RDMA_READ_CONSUME_CHECK_CONSUMER) timestamp=13114 ms, used_size=473088 bytes (1.2%)
(RDMA_READ_CONSUME_CHECK_CONSUMER) timestamp=13114 ms, used_size=471040 bytes (1.1%)
(RDMA_READ_CONSUME_CHECK_CONSUMER) timestamp=13114 ms, used_size=468992 bytes (1.1%)
(RDMA_READ_CONSUME_CHECK_CONSUMER) timestamp=13114 ms, used_size=466944 bytes (1.1%)
(RDMA_READ_CONSUME_CHECK_CONSUMER) timestamp=13114 ms, used_size=464896 bytes (1.1%)
(RDMA_READ_CONSUME_CHECK_CONSUMER) timestamp=13114 ms, used_size=462848 bytes (1.1%)
(RDMA_READ_CONSUME_CHECK_CONSUMER) timestamp=13114 ms, used_size=460800 bytes (1.1%)
(RDMA_READ_CONSUME_CHECK_CONSUMER) timestamp=13114 ms, used_size=458752 bytes (1.1%)
(RDMA_READ_CONSUME_CHECK_CONSUMER) timestamp=13114 ms, used_size=456704 bytes (1.1%)
(RDMA_READ_CONSUME_CHECK_CONSUMER) timestamp=13114 ms, used_size=454656 bytes (1.1%)
(RDMA_READ_CONSUME_CHECK_CONSUMER) timestamp=13114 ms, used_size=452608 bytes (1.1%)
(RDMA_READ_CONSUME_CHECK_CONSUMER) timestamp=13114 ms, used_size=450560 bytes (1.1%)
(RDMA_READ_CONSUME_CHECK_CONSUMER) timestamp=13114 ms, used_size=448512 bytes (1.1%)
(RDMA_READ_CONSUME_CHECK_CONSUMER) timestamp=13114 ms, used_size=446464 bytes (1.1%)
(RDMA_READ_CONSUME_CHECK_CONSUMER) timestamp=13114 ms, used_size=444416 bytes (1.1%)
(RDMA_READ_CONSUME_CHECK_CONSUMER) timestamp=13114 ms, used_size=442368 bytes (1.1%)
(RDMA_READ_CONSUME_CHECK_CONSUMER) timestamp=13114 ms, used_size=440320 bytes (1.1%)
(RDMA_READ_CONSUME_CHECK_CONSUMER) timestamp=13114 ms, used_size=438272 bytes (1.1%)
(RDMA_READ_CONSUME_CHECK_CONSUMER) timestamp=13114 ms, used_size=436224 bytes (1.1%)
(RDMA_READ_CONSUME_CHECK_CONSUMER) timestamp=13114 ms, used_size=434176 bytes (1.1%)
(RDMA_READ_CONSUME_CHECK_CONSUMER) timestamp=13114 ms, used_size=432128 bytes (1.1%)
(RDMA_READ_CONSUME_CHECK_CONSUMER) timestamp=13114 ms, used_size=430080 bytes (1.1%)
(RDMA_READ_CONSUME_CHECK_CONSUMER) timestamp=13114 ms, used_size=428032 bytes (1.0%)
(RDMA_READ_CONSUME_CHECK_CONSUMER) timestamp=13114 ms, used_size=425984 bytes (1.0%)
(RDMA_READ_CONSUME_CHECK_CONSUMER) timestamp=13114 ms, used_size=423936 bytes (1.0%)
(RDMA_READ_CONSUME_CHECK_CONSUMER) timestamp=13114 ms, used_size=421888 bytes (1.0%)
(RDMA_READ_CONSUME_CHECK_CONSUMER) timestamp=13114 ms, used_size=419840 bytes (1.0%)
(RDMA_READ_CONSUME_CHECK_CONSUMER) timestamp=13114 ms, used_size=417792 bytes (1.0%)
(RDMA_READ_CONSUME_CHECK_CONSUMER) timestamp=13114 ms, used_size=415744 bytes (1.0%)
(RDMA_READ_CONSUME_CHECK_CONSUMER) timestamp=13114 ms, used_size=413696 bytes (1.0%)
(RDMA_READ_CONSUME_CHECK_CONSUMER) timestamp=13114 ms, used_size=411648 bytes (1.0%)
(RDMA_READ_CONSUME_CHECK_CONSUMER) timestamp=13114 ms, used_size=409600 bytes (1.0%)
(RDMA_READ_CONSUME_CHECK_CONSUMER) timestamp=13114 ms, used_size=407552 bytes (1.0%)
(RDMA_READ_CONSUME_CHECK_CONSUMER) timestamp=13114 ms, used_size=405504 bytes (1.0%)
(RDMA_READ_CONSUME_CHECK_CONSUMER) timestamp=13114 ms, used_size=403456 bytes (1.0%)
(RDMA_READ_CONSUME_CHECK_CONSUMER) timestamp=13114 ms, used_size=401408 bytes (1.0%)
(RDMA_READ_CONSUME_CHECK_CONSUMER) timestamp=13114 ms, used_size=399360 bytes (1.0%)
(RDMA_READ_CONSUME_CHECK_CONSUMER) timestamp=13114 ms, used_size=397312 bytes (1.0%)
(RDMA_READ_CONSUME_CHECK_CONSUMER) timestamp=13114 ms, used_size=395264 bytes (1.0%)
(RDMA_READ_CONSUME_CHECK_CONSUMER) timestamp=13114 ms, used_size=393216 bytes (1.0%)
(RDMA_READ_CONSUME_CHECK_CONSUMER) timestamp=13114 ms, used_size=391168 bytes (1.0%)
(RDMA_READ_CONSUME_CHECK_CONSUMER) timestamp=13114 ms, used_size=389120 bytes (0.9%)
(RDMA_READ_CONSUME_CHECK_CONSUMER) timestamp=13114 ms, used_size=387072 bytes (0.9%)
(RDMA_READ_CONSUME_CHECK_CONSUMER) timestamp=13114 ms, used_size=385024 bytes (0.9%)
(RDMA_READ_CONSUME_CHECK_CONSUMER) timestamp=13114 ms, used_size=382976 bytes (0.9%)
(RDMA_READ_CONSUME_CHECK_CONSUMER) timestamp=13114 ms, used_size=380928 bytes (0.9%)
(RDMA_READ_CONSUME_CHECK_CONSUMER) timestamp=13114 ms, used_size=378880 bytes (0.9%)
(RDMA_READ_CONSUME_CHECK_CONSUMER) timestamp=13114 ms, used_size=376832 bytes (0.9%)
(RDMA_READ_CONSUME_CHECK_CONSUMER) timestamp=13114 ms, used_size=374784 bytes (0.9%)
(RDMA_READ_CONSUME_CHECK_CONSUMER) timestamp=13114 ms, used_size=372736 bytes (0.9%)
(RDMA_READ_CONSUME_CHECK_CONSUMER) timestamp=13114 ms, used_size=370688 bytes (0.9%)
(RDMA_READ_CONSUME_CHECK_CONSUMER) timestamp=13114 ms, used_size=368640 bytes (0.9%)
(RDMA_READ_CONSUME_CHECK_CONSUMER) timestamp=13114 ms, used_size=366592 bytes (0.9%)
(RDMA_READ_CONSUME_CHECK_CONSUMER) timestamp=13114 ms, used_size=364544 bytes (0.9%)
(RDMA_READ_CONSUME_CHECK_CONSUMER) timestamp=13114 ms, used_size=362496 bytes (0.9%)
(RDMA_READ_CONSUME_CHECK_CONSUMER) timestamp=13114 ms, used_size=360448 bytes (0.9%)
(RDMA_READ_CONSUME_CHECK_CONSUMER) timestamp=13114 ms, used_size=358400 bytes (0.9%)
(RDMA_READ_CONSUME_CHECK_CONSUMER) timestamp=13114 ms, used_size=356352 bytes (0.9%)
(RDMA_READ_CONSUME_CHECK_CONSUMER) timestamp=13114 ms, used_size=354304 bytes (0.9%)
(RDMA_READ_CONSUME_CHECK_CONSUMER) timestamp=13114 ms, used_size=352256 bytes (0.9%)
(RDMA_READ_CONSUME_CHECK_CONSUMER) timestamp=13114 ms, used_size=350208 bytes (0.9%)
(RDMA_READ_CONSUME_CHECK_CONSUMER) timestamp=13114 ms, used_size=348160 bytes (0.8%)
(RDMA_READ_CONSUME_CHECK_CONSUMER) timestamp=13114 ms, used_size=346112 bytes (0.8%)
(RDMA_READ_CONSUME_CHECK_CONSUMER) timestamp=13114 ms, used_size=344064 bytes (0.8%)
(RDMA_READ_CONSUME_CHECK_CONSUMER) timestamp=13114 ms, used_size=342016 bytes (0.8%)
(RDMA_READ_CONSUME_CHECK_CONSUMER) timestamp=13114 ms, used_size=339968 bytes (0.8%)
(RDMA_READ_CONSUME_CHECK_CONSUMER) timestamp=13114 ms, used_size=337920 bytes (0.8%)
(RDMA_READ_CONSUME_CHECK_CONSUMER) timestamp=13114 ms, used_size=335872 bytes (0.8%)
(RDMA_READ_CONSUME_CHECK_CONSUMER) timestamp=13114 ms, used_size=333824 bytes (0.8%)
(RDMA_READ_CONSUME_CHECK_CONSUMER) timestamp=13114 ms, used_size=331776 bytes (0.8%)
(RDMA_READ_CONSUME_CHECK_CONSUMER) timestamp=13114 ms, used_size=329728 bytes (0.8%)
(RDMA_READ_CONSUME_CHECK_CONSUMER) timestamp=13114 ms, used_size=327680 bytes (0.8%)
(RDMA_READ_CONSUME_CHECK_CONSUMER) timestamp=13114 ms, used_size=325632 bytes (0.8%)
(RDMA_READ_CONSUME_CHECK_CONSUMER) timestamp=13114 ms, used_size=323584 bytes (0.8%)
(RDMA_READ_CONSUME_CHECK_CONSUMER) timestamp=13114 ms, used_size=321536 bytes (0.8%)
(RDMA_READ_CONSUME_CHECK_CONSUMER) timestamp=13114 ms, used_size=319488 bytes (0.8%)
(RDMA_READ_CONSUME_CHECK_CONSUMER) timestamp=13114 ms, used_size=317440 bytes (0.8%)
(RDMA_READ_CONSUME_CHECK_CONSUMER) timestamp=13114 ms, used_size=315392 bytes (0.8%)
(RDMA_READ_CONSUME_CHECK_CONSUMER) timestamp=13114 ms, used_size=313344 bytes (0.8%)
(RDMA_READ_CONSUME_CHECK_CONSUMER) timestamp=13114 ms, used_size=311296 bytes (0.8%)
(RDMA_READ_CONSUME_CHECK_CONSUMER) timestamp=13114 ms, used_size=309248 bytes (0.8%)
(RDMA_READ_CONSUME_CHECK_CONSUMER) timestamp=13114 ms, used_size=307200 bytes (0.8%)
(RDMA_READ_CONSUME_CHECK_CONSUMER) timestamp=13114 ms, used_size=305152 bytes (0.7%)
(RDMA_READ_CONSUME_CHECK_CONSUMER) timestamp=13114 ms, used_size=303104 bytes (0.7%)
(RDMA_READ_CONSUME_CHECK_CONSUMER) timestamp=13114 ms, used_size=301056 bytes (0.7%)
(RDMA_READ_CONSUME_CHECK_CONSUMER) timestamp=13114 ms, used_size=299008 bytes (0.7%)
(RDMA_READ_CONSUME_CHECK_CONSUMER) timestamp=13114 ms, used_size=296960 bytes (0.7%)
(RDMA_READ_CONSUME_CHECK_CONSUMER) timestamp=13114 ms, used_size=294912 bytes (0.7%)
(RDMA_READ_CONSUME_CHECK_CONSUMER) timestamp=13114 ms, used_size=292864 bytes (0.7%)
(RDMA_READ_CONSUME_CHECK_CONSUMER) timestamp=13114 ms, used_size=290816 bytes (0.7%)
(RDMA_READ_CONSUME_CHECK_CONSUMER) timestamp=13114 ms, used_size=288768 bytes (0.7%)
(RDMA_READ_CONSUME_CHECK_CONSUMER) timestamp=13114 ms, used_size=286720 bytes (0.7%)
(RDMA_READ_CONSUME_CHECK_CONSUMER) timestamp=13114 ms, used_size=284672 bytes (0.7%)
(RDMA_READ_CONSUME_CHECK_CONSUMER) timestamp=13114 ms, used_size=282624 bytes (0.7%)
(RDMA_READ_CONSUME_CHECK_CONSUMER) timestamp=13114 ms, used_size=280576 bytes (0.7%)
(RDMA_READ_CONSUME_CHECK_CONSUMER) timestamp=13114 ms, used_size=278528 bytes (0.7%)
(RDMA_READ_CONSUME_CHECK_CONSUMER) timestamp=13114 ms, used_size=276480 bytes (0.7%)
(RDMA_READ_CONSUME_CHECK_CONSUMER) timestamp=13114 ms, used_size=274432 bytes (0.7%)
(RDMA_READ_CONSUME_CHECK_CONSUMER) timestamp=13114 ms, used_size=272384 bytes (0.7%)
(RDMA_READ_CONSUME_CHECK_CONSUMER) timestamp=13114 ms, used_size=270336 bytes (0.7%)
(RDMA_READ_CONSUME_CHECK_CONSUMER) timestamp=13114 ms, used_size=268288 bytes (0.7%)
(RDMA_READ_CONSUME_CHECK_CONSUMER) timestamp=13114 ms, used_size=266240 bytes (0.7%)
(RDMA_READ_CONSUME_CHECK_CONSUMER) timestamp=13114 ms, used_size=264192 bytes (0.6%)
(RDMA_READ_CONSUME_CHECK_CONSUMER) timestamp=13114 ms, used_size=262144 bytes (0.6%)
(RDMA_READ_CONSUME_CHECK_CONSUMER) timestamp=13114 ms, used_size=260096 bytes (0.6%)
(RDMA_READ_CONSUME_CHECK_CONSUMER) timestamp=13114 ms, used_size=258048 bytes (0.6%)
(RDMA_READ_CONSUME_CHECK_CONSUMER) timestamp=13114 ms, used_size=256000 bytes (0.6%)
(RDMA_READ_CONSUME_CHECK_CONSUMER) timestamp=13114 ms, used_size=253952 bytes (0.6%)
(RDMA_READ_CONSUME_CHECK_CONSUMER) timestamp=13114 ms, used_size=251904 bytes (0.6%)
(RDMA_READ_CONSUME_CHECK_CONSUMER) timestamp=13114 ms, used_size=249856 bytes (0.6%)
(RDMA_READ_CONSUME_CHECK_CONSUMER) timestamp=13114 ms, used_size=247808 bytes (0.6%)
(RDMA_READ_CONSUME_CHECK_CONSUMER) timestamp=13114 ms, used_size=245760 bytes (0.6%)
(RDMA_READ_CONSUME_CHECK_CONSUMER) timestamp=13114 ms, used_size=243712 bytes (0.6%)
(RDMA_READ_CONSUME_CHECK_CONSUMER) timestamp=13114 ms, used_size=241664 bytes (0.6%)
(RDMA_READ_CONSUME_CHECK_CONSUMER) timestamp=13114 ms, used_size=239616 bytes (0.6%)
(RDMA_READ_CONSUME_CHECK_CONSUMER) timestamp=13114 ms, used_size=237568 bytes (0.6%)
(RDMA_READ_CONSUME_CHECK_CONSUMER) timestamp=13114 ms, used_size=235520 bytes (0.6%)
(RDMA_READ_CONSUME_CHECK_CONSUMER) timestamp=13114 ms, used_size=233472 bytes (0.6%)
(RDMA_READ_CONSUME_CHECK_CONSUMER) timestamp=13114 ms, used_size=231424 bytes (0.6%)
(RDMA_READ_CONSUME_CHECK_CONSUMER) timestamp=13114 ms, used_size=229376 bytes (0.6%)
(RDMA_READ_CONSUME_CHECK_CONSUMER) timestamp=13114 ms, used_size=227328 bytes (0.6%)
(RDMA_READ_CONSUME_CHECK_CONSUMER) timestamp=13114 ms, used_size=225280 bytes (0.6%)
(RDMA_READ_CONSUME_CHECK_CONSUMER) timestamp=13114 ms, used_size=223232 bytes (0.5%)
(RDMA_READ_CONSUME_CHECK_CONSUMER) timestamp=13114 ms, used_size=221184 bytes (0.5%)
(RDMA_READ_CONSUME_CHECK_CONSUMER) timestamp=13114 ms, used_size=219136 bytes (0.5%)
(RDMA_READ_CONSUME_CHECK_CONSUMER) timestamp=13114 ms, used_size=217088 bytes (0.5%)
(RDMA_READ_CONSUME_CHECK_CONSUMER) timestamp=13114 ms, used_size=215040 bytes (0.5%)
(RDMA_READ_CONSUME_CHECK_CONSUMER) timestamp=13114 ms, used_size=212992 bytes (0.5%)
(RDMA_READ_CONSUME_CHECK_CONSUMER) timestamp=13114 ms, used_size=210944 bytes (0.5%)
(RDMA_READ_CONSUME_CHECK_CONSUMER) timestamp=13114 ms, used_size=208896 bytes (0.5%)
(RDMA_READ_CONSUME_CHECK_CONSUMER) timestamp=13114 ms, used_size=206848 bytes (0.5%)
(RDMA_READ_CONSUME_CHECK_CONSUMER) timestamp=13114 ms, used_size=204800 bytes (0.5%)
(RDMA_READ_CONSUME_CHECK_CONSUMER) timestamp=13114 ms, used_size=202752 bytes (0.5%)
(RDMA_READ_CONSUME_CHECK_CONSUMER) timestamp=13114 ms, used_size=200704 bytes (0.5%)
(RDMA_READ_CONSUME_CHECK_CONSUMER) timestamp=13114 ms, used_size=198656 bytes (0.5%)
(RDMA_READ_CONSUME_CHECK_CONSUMER) timestamp=13114 ms, used_size=196608 bytes (0.5%)
(RDMA_READ_CONSUME_CHECK_CONSUMER) timestamp=13114 ms, used_size=194560 bytes (0.5%)
(RDMA_READ_CONSUME_CHECK_CONSUMER) timestamp=13114 ms, used_size=192512 bytes (0.5%)
(RDMA_READ_CONSUME_CHECK_CONSUMER) timestamp=13114 ms, used_size=190464 bytes (0.5%)
(RDMA_READ_CONSUME_CHECK_CONSUMER) timestamp=13114 ms, used_size=188416 bytes (0.5%)
(RDMA_READ_CONSUME_CHECK_CONSUMER) timestamp=13114 ms, used_size=186368 bytes (0.5%)
(RDMA_READ_CONSUME_CHECK_CONSUMER) timestamp=13114 ms, used_size=184320 bytes (0.5%)
(RDMA_READ_CONSUME_CHECK_CONSUMER) timestamp=13114 ms, used_size=182272 bytes (0.4%)
(RDMA_READ_CONSUME_CHECK_CONSUMER) timestamp=13114 ms, used_size=180224 bytes (0.4%)
(RDMA_READ_CONSUME_CHECK_CONSUMER) timestamp=13114 ms, used_size=178176 bytes (0.4%)
(RDMA_READ_CONSUME_CHECK_CONSUMER) timestamp=13114 ms, used_size=176128 bytes (0.4%)
(RDMA_READ_CONSUME_CHECK_CONSUMER) timestamp=13114 ms, used_size=174080 bytes (0.4%)
(RDMA_READ_CONSUME_CHECK_CONSUMER) timestamp=13114 ms, used_size=172032 bytes (0.4%)
(RDMA_READ_CONSUME_CHECK_CONSUMER) timestamp=13114 ms, used_size=169984 bytes (0.4%)
(RDMA_READ_CONSUME_CHECK_CONSUMER) timestamp=13114 ms, used_size=167936 bytes (0.4%)
(RDMA_READ_CONSUME_CHECK_CONSUMER) timestamp=13114 ms, used_size=165888 bytes (0.4%)
(RDMA_READ_CONSUME_CHECK_CONSUMER) timestamp=13115 ms, used_size=163840 bytes (0.4%)
(RDMA_READ_CONSUME_CHECK_CONSUMER) timestamp=13115 ms, used_size=161792 bytes (0.4%)
(RDMA_READ_CONSUME_CHECK_CONSUMER) timestamp=13115 ms, used_size=159744 bytes (0.4%)
(RDMA_READ_CONSUME_CHECK_CONSUMER) timestamp=13115 ms, used_size=157696 bytes (0.4%)
(RDMA_READ_CONSUME_CHECK_CONSUMER) timestamp=13115 ms, used_size=155648 bytes (0.4%)
(RDMA_READ_CONSUME_CHECK_CONSUMER) timestamp=13115 ms, used_size=153600 bytes (0.4%)
(RDMA_READ_CONSUME_CHECK_CONSUMER) timestamp=13115 ms, used_size=151552 bytes (0.4%)
(RDMA_READ_CONSUME_CHECK_CONSUMER) timestamp=13115 ms, used_size=149504 bytes (0.4%)
(RDMA_READ_CONSUME_CHECK_CONSUMER) timestamp=13115 ms, used_size=147456 bytes (0.4%)
(RDMA_READ_CONSUME_CHECK_CONSUMER) timestamp=13115 ms, used_size=145408 bytes (0.4%)
(RDMA_READ_CONSUME_CHECK_CONSUMER) timestamp=13115 ms, used_size=143360 bytes (0.3%)
(RDMA_READ_CONSUME_CHECK_CONSUMER) timestamp=13115 ms, used_size=141312 bytes (0.3%)
(RDMA_READ_CONSUME_CHECK_CONSUMER) timestamp=13115 ms, used_size=139264 bytes (0.3%)
(RDMA_READ_CONSUME_CHECK_CONSUMER) timestamp=13115 ms, used_size=137216 bytes (0.3%)
(RDMA_READ_CONSUME_CHECK_CONSUMER) timestamp=13115 ms, used_size=135168 bytes (0.3%)
(RDMA_READ_CONSUME_CHECK_CONSUMER) timestamp=13115 ms, used_size=133120 bytes (0.3%)
(RDMA_READ_CONSUME_CHECK_CONSUMER) timestamp=13115 ms, used_size=131072 bytes (0.3%)
(RDMA_READ_CONSUME_CHECK_CONSUMER) timestamp=13115 ms, used_size=129024 bytes (0.3%)
(RDMA_READ_CONSUME_CHECK_CONSUMER) timestamp=13115 ms, used_size=126976 bytes (0.3%)
(RDMA_READ_CONSUME_CHECK_CONSUMER) timestamp=13115 ms, used_size=124928 bytes (0.3%)
(RDMA_READ_CONSUME_CHECK_CONSUMER) timestamp=13115 ms, used_size=122880 bytes (0.3%)
(RDMA_READ_CONSUME_CHECK_CONSUMER) timestamp=13115 ms, used_size=120832 bytes (0.3%)
(RDMA_READ_CONSUME_CHECK_CONSUMER) timestamp=13115 ms, used_size=118784 bytes (0.3%)
(RDMA_READ_CONSUME_CHECK_CONSUMER) timestamp=13115 ms, used_size=116736 bytes (0.3%)
(RDMA_READ_CONSUME_CHECK_CONSUMER) timestamp=13115 ms, used_size=114688 bytes (0.3%)
(RDMA_READ_CONSUME_CHECK_CONSUMER) timestamp=13115 ms, used_size=112640 bytes (0.3%)
(RDMA_READ_CONSUME_CHECK_CONSUMER) timestamp=13115 ms, used_size=110592 bytes (0.3%)
(RDMA_READ_CONSUME_CHECK_CONSUMER) timestamp=13115 ms, used_size=108544 bytes (0.3%)
(RDMA_READ_CONSUME_CHECK_CONSUMER) timestamp=13115 ms, used_size=106496 bytes (0.3%)
(RDMA_READ_CONSUME_CHECK_CONSUMER) timestamp=13115 ms, used_size=104448 bytes (0.3%)
(RDMA_READ_CONSUME_CHECK_CONSUMER) timestamp=13115 ms, used_size=102400 bytes (0.2%)
(RDMA_READ_CONSUME_CHECK_CONSUMER) timestamp=13115 ms, used_size=100352 bytes (0.2%)
(RDMA_READ_CONSUME_CHECK_CONSUMER) timestamp=13115 ms, used_size=98304 bytes (0.2%)
(RDMA_READ_CONSUME_CHECK_CONSUMER) timestamp=13115 ms, used_size=96256 bytes (0.2%)
(RDMA_READ_CONSUME_CHECK_CONSUMER) timestamp=13115 ms, used_size=94208 bytes (0.2%)
(RDMA_READ_CONSUME_CHECK_CONSUMER) timestamp=13115 ms, used_size=92160 bytes (0.2%)
(RDMA_READ_CONSUME_CHECK_CONSUMER) timestamp=13115 ms, used_size=90112 bytes (0.2%)
(RDMA_READ_CONSUME_CHECK_CONSUMER) timestamp=13115 ms, used_size=88064 bytes (0.2%)
(RDMA_READ_CONSUME_CHECK_CONSUMER) timestamp=13115 ms, used_size=86016 bytes (0.2%)
(RDMA_READ_CONSUME_CHECK_CONSUMER) timestamp=13115 ms, used_size=83968 bytes (0.2%)
(RDMA_READ_CONSUME_CHECK_CONSUMER) timestamp=13115 ms, used_size=81920 bytes (0.2%)
(RDMA_READ_CONSUME_CHECK_CONSUMER) timestamp=13115 ms, used_size=79872 bytes (0.2%)
(RDMA_READ_CONSUME_CHECK_CONSUMER) timestamp=13115 ms, used_size=77824 bytes (0.2%)
(RDMA_READ_CONSUME_CHECK_CONSUMER) timestamp=13115 ms, used_size=75776 bytes (0.2%)
(RDMA_READ_CONSUME_CHECK_CONSUMER) timestamp=13115 ms, used_size=73728 bytes (0.2%)
(RDMA_READ_CONSUME_CHECK_CONSUMER) timestamp=13115 ms, used_size=71680 bytes (0.2%)
(RDMA_READ_CONSUME_CHECK_CONSUMER) timestamp=13115 ms, used_size=69632 bytes (0.2%)
(RDMA_READ_CONSUME_CHECK_CONSUMER) timestamp=13115 ms, used_size=67584 bytes (0.2%)
(RDMA_READ_CONSUME_CHECK_CONSUMER) timestamp=13115 ms, used_size=65536 bytes (0.2%)
(RDMA_READ_CONSUME_CHECK_CONSUMER) timestamp=13115 ms, used_size=63488 bytes (0.2%)
(RDMA_READ_CONSUME_CHECK_CONSUMER) timestamp=13115 ms, used_size=61440 bytes (0.1%)
(RDMA_READ_CONSUME_CHECK_CONSUMER) timestamp=13115 ms, used_size=59392 bytes (0.1%)
(RDMA_READ_CONSUME_CHECK_CONSUMER) timestamp=13115 ms, used_size=57344 bytes (0.1%)
(RDMA_READ_CONSUME_CHECK_CONSUMER) timestamp=13115 ms, used_size=55296 bytes (0.1%)
(RDMA_READ_CONSUME_CHECK_CONSUMER) timestamp=13115 ms, used_size=53248 bytes (0.1%)
(RDMA_READ_CONSUME_CHECK_CONSUMER) timestamp=13115 ms, used_size=51200 bytes (0.1%)
(RDMA_READ_CONSUME_CHECK_CONSUMER) timestamp=13115 ms, used_size=49152 bytes (0.1%)
(RDMA_READ_CONSUME_CHECK_CONSUMER) timestamp=13115 ms, used_size=47104 bytes (0.1%)
(RDMA_READ_CONSUME_CHECK_CONSUMER) timestamp=13115 ms, used_size=45056 bytes (0.1%)
(RDMA_READ_CONSUME_CHECK_CONSUMER) timestamp=13115 ms, used_size=43008 bytes (0.1%)
(RDMA_READ_CONSUME_CHECK_CONSUMER) timestamp=13115 ms, used_size=40960 bytes (0.1%)
(RDMA_READ_CONSUME_CHECK_CONSUMER) timestamp=13115 ms, used_size=38